 OPOSItemDispenser

 Timestamp is 5d429e44 (Thu Aug  1 17:09:40 2019)

 Preferred load address is 0000000180000000

 Start         Length     Name                   Class
 0001:00000000 000000c0H .text$di                CODE
 0001:000000c0 0001fbe0H .text$mn                CODE
 0001:0001fca0 00000020H .text$mn$00             CODE
 0001:0001fcc0 00000400H .text$x                 CODE
 0001:000200c0 000000c0H .text$yd                CODE
 0002:00000000 00000618H .idata$5                DATA
 0002:00000618 00000010H .00cfg                  DATA
 0002:00000628 00000008H .CRT$XCA                DATA
 0002:00000630 00000008H .CRT$XCL                DATA
 0002:00000638 00000020H .CRT$XCU                DATA
 0002:00000658 00000008H .CRT$XCZ                DATA
 0002:00000660 00000008H .CRT$XIA                DATA
 0002:00000668 00000020H .CRT$XIC                DATA
 0002:00000688 00000008H .CRT$XIZ                DATA
 0002:00000690 00000008H .CRT$XLA                DATA
 0002:00000698 00000008H .CRT$XLZ                DATA
 0002:000006a0 00000008H .CRT$XPA                DATA
 0002:000006a8 00000010H .CRT$XPX                DATA
 0002:000006b8 00000008H .CRT$XPXA               DATA
 0002:000006c0 00000008H .CRT$XPZ                DATA
 0002:000006c8 00000008H .CRT$XTA                DATA
 0002:000006d0 00000010H .CRT$XTZ                DATA
 0002:000006d8 00000000H .gfids$y                DATA
 0002:000006e0 00009f58H .rdata                  DATA
 0002:0000a638 00000028H .rdata$T                DATA
 0002:0000a660 00000274H .rdata$r                DATA
 0002:0000a8d4 0000040cH .rdata$zzzdbg           DATA
 0002:0000ace0 00000008H .rtc$IAA                DATA
 0002:0000ace8 00000008H .rtc$IZZ                DATA
 0002:0000acf0 00000008H .rtc$TAA                DATA
 0002:0000acf8 00000008H .rtc$TZZ                DATA
 0002:0000ad00 00000004H .tls                    DATA
 0002:0000ad04 00000004H .tls$                   DATA
 0002:0000ad08 00000008H .tls$ZZZ                DATA
 0002:0000ad10 000015f8H .xdata                  DATA
 0002:0000c308 00000150H .xdata$x                DATA
 0002:0000c458 00000008H ATL$__a                 DATA
 0002:0000c460 00000010H ATL$__z                 DATA
 0002:0000c470 000000b0H .edata                  DATA
 0002:0000c520 00000078H .idata$2                DATA
 0002:0000c598 00000018H .idata$3                DATA
 0002:0000c5b0 00000618H .idata$4                DATA
 0002:0000cbc8 00000c24H .idata$6                DATA
 0003:00000000 00000d58H .data                   DATA
 0003:00000d58 000000c8H .data$r                 DATA
 0003:00000e20 0000140cH .bss                    DATA
 0004:00000000 00001e3cH .pdata                  DATA
 0005:00000000 00000094H _RDATA                  DATA
 0006:00000000 00000220H .rsrc$01                DATA
 0006:00000220 000038c0H .rsrc$02                DATA

  Address         Publics by Value              Rva+Base               Lib:Object

 0000:00000000       __guard_fids_count         0000000000000000     <absolute>
 0000:00000000       __guard_longjmp_count      0000000000000000     <absolute>
 0000:00000000       __hybrid_code_map          0000000000000000     <absolute>
 0000:00000000       __guard_iat_count          0000000000000000     <absolute>
 0000:00000000       __guard_longjmp_table      0000000000000000     <absolute>
 0000:00000000       __volatile_metadata        0000000000000000     <absolute>
 0000:00000000       __guard_iat_table          0000000000000000     <absolute>
 0000:00000000       __hybrid_code_map_count    0000000000000000     <absolute>
 0000:00000000       __enclave_config           0000000000000000     <absolute>
 0000:00000000       ___safe_se_handler_count   0000000000000000     <absolute>
 0000:00000000       __AbsoluteZero             0000000000000000     <absolute>
 0000:00000000       ___safe_se_handler_table   0000000000000000     <absolute>
 0000:00000000       __guard_fids_table         0000000000000000     <absolute>
 0000:00000000       __hybrid_auxiliary_iat     0000000000000000     <absolute>
 0000:00000000       __dynamic_value_reloc_table 0000000000000000     <absolute>
 0000:00000100       __guard_flags              0000000000000100     <absolute>
 0000:00000000       __ImageBase                0000000180000000     <linker-defined>
 0001:000000c0       ?DupWide@_CW@@AEAAXXZ      00000001800010c0 f   CWString.obj
 0001:000000e8       ?cw_dup@@YAXPEBDAEAHAEAPEA_W1@Z 00000001800010e8 f   CWString.obj
 0001:00000194       ?cw_memcpy@@YAHPEA_WPEBDH@Z 0000000180001194 f   CWString.obj
 0001:000001e0       ?cw_strcpy@@YAHPEA_WPEBD@Z 00000001800011e0 f   CWString.obj
 0001:000001f4       ??0CAtlComModule@ATL@@QEAA@XZ 00000001800011f4 f i OposVariant.obj
 0001:00000274       ??0CAtlWinModule@ATL@@QEAA@XZ 0000000180001274 f i OposVariant.obj
 0001:000002e0       ??0OposDispParms@@QEAA@PEAVOposVariant@@H@Z 00000001800012e0 f   OposVariant.obj
 0001:00000388       ??1OposDispParms@@QEAA@XZ  0000000180001388 f   OposVariant.obj
 0001:000003a0       ??_Estringdispid@CComTypeInfoHolder@ATL@@QEAAPEAXI@Z 00000001800013a0 f i OposVariant.obj
 0001:00000444       ?AtlWinModuleTerm@ATL@@YAJPEAU_ATL_WIN_MODULE70@1@PEAUHINSTANCE__@@@Z 0000000180001444 f i OposVariant.obj
 0001:000004f4       ?ChangeBSTR@OposVariant@@QEAAXPEAPEA_WAEAJ@Z 00000001800014f4 f   OposVariant.obj
 0001:00000554       ?ChangeLONG@OposVariant@@QEAAXPEAJAEAJ@Z 0000000180001554 f   OposVariant.obj
 0001:000005b0       ?GetLONG@OposVariant@@QEAAJXZ 00000001800015b0 f   OposVariant.obj
 0001:000005d4       ?SetBSTR@OposVariant@@QEAAXPEA_WAEAJ@Z 00000001800015d4 f   OposVariant.obj
 0001:00000614       ?SetBSTR_Copy@OposVariant@@QEAAXPEA_WAEAJ@Z 0000000180001614 f   OposVariant.obj
 0001:00000684       ?SetBSTR_InOutPtr@OposVariant@@QEAA_NPEAPEA_WAEAJ@Z 0000000180001684 f   OposVariant.obj
 0001:000006d4       ?SetDispatch_Ptr@OposVariant@@QEAAXPEAUIDispatch@@AEAJ@Z 00000001800016d4 f   OposVariant.obj
 0001:0000072c       ?SetLONG@OposVariant@@QEAAXJ@Z 000000018000172c f   OposVariant.obj
 0001:0000075c       ?SetLONG_Ptr@OposVariant@@QEAAXPEAJAEAJ@Z 000000018000175c f   OposVariant.obj
 0001:000007a8       ?SetString@OposVariant@@QEAAXPEB_WAEAJ@Z 00000001800017a8 f   OposVariant.obj
 0001:0000080c       ?SetVARIANT_BOOL@OposVariant@@QEAAXF@Z 000000018000180c f   OposVariant.obj
 0001:00000844       ?Term@CAtlComModule@ATL@@QEAAXXZ 0000000180001844 f i OposVariant.obj
 0001:000008b4       ?_AtlInitializeCriticalSectionEx@ATL@@YAHPEAU_RTL_CRITICAL_SECTION@@KK@Z 00000001800018b4 f i OposVariant.obj
 0001:000008bc       ?_AtlRaiseException@ATL@@YAXKK@Z 00000001800018bc f i OposVariant.obj
 0001:000008cc       ?AddRef@?$CComObjectCached@VCComClassFactory@ATL@@@ATL@@UEAAKXZ 00000001800018cc f i ItemDispenser.obj
 0001:000008f8       ?Release@?$CComObjectCached@VCComClassFactory@ATL@@@ATL@@UEAAKXZ 00000001800018f8 f i ItemDispenser.obj
 0001:00000938       ?QueryInterface@?$CComObjectCached@VCComClassFactory@ATL@@@ATL@@UEAAJAEBU_GUID@@PEAPEAX@Z 0000000180001938 f i ItemDispenser.obj
 0001:0000094c       ??_E?$CComObjectCached@VCComClassFactory@ATL@@@ATL@@UEAAPEAXI@Z 000000018000194c f i ItemDispenser.obj
 0001:0000094c       ??_G?$CComObjectCached@VCComClassFactory@ATL@@@ATL@@UEAAPEAXI@Z 000000018000194c f i ItemDispenser.obj
 0001:000009a4       ?AddRef@?$CComAggObject@VCOPOSItemDispenser@@@ATL@@UEAAKXZ 00000001800019a4 f i ItemDispenser.obj
 0001:000009b0       ?Release@?$CComAggObject@VCOPOSItemDispenser@@@ATL@@UEAAKXZ 00000001800019b0 f i ItemDispenser.obj
 0001:00000a04       ?QueryInterface@?$CComAggObject@VCOPOSItemDispenser@@@ATL@@UEAAJAEBU_GUID@@PEAPEAX@Z 0000000180001a04 f i ItemDispenser.obj
 0001:00000a64       ?AddRef@?$CComContainedObject@VCOPOSItemDispenser@@@ATL@@UEAAKXZ 0000000180001a64 f i ItemDispenser.obj
 0001:00000a74       ?Release@?$CComContainedObject@VCOPOSItemDispenser@@@ATL@@UEAAKXZ 0000000180001a74 f i ItemDispenser.obj
 0001:00000a84       ?QueryInterface@?$CComContainedObject@VCOPOSItemDispenser@@@ATL@@UEAAJAEBU_GUID@@PEAPEAX@Z 0000000180001a84 f i ItemDispenser.obj
 0001:00000a94       ??_E?$CComAggObject@VCOPOSItemDispenser@@@ATL@@UEAAPEAXI@Z 0000000180001a94 f i ItemDispenser.obj
 0001:00000a94       ??_G?$CComAggObject@VCOPOSItemDispenser@@@ATL@@UEAAPEAXI@Z 0000000180001a94 f i ItemDispenser.obj
 0001:00000aec       ?AddRef@?$CComObject@VCOPOSItemDispenser@@@ATL@@UEAAKXZ 0000000180001aec f i ItemDispenser.obj
 0001:00000afc       ?Release@?$CComObject@VCOPOSItemDispenser@@@ATL@@UEAAKXZ 0000000180001afc f i ItemDispenser.obj
 0001:00000b54       ?QueryInterface@?$CComObject@VCOPOSItemDispenser@@@ATL@@UEAAJAEBU_GUID@@PEAPEAX@Z 0000000180001b54 f i ItemDispenser.obj
 0001:00000b68       ?Lock@CAtlModule@ATL@@UEAAJXZ 0000000180001b68 f i ItemDispenser.obj
 0001:00000b78       ?Unlock@CAtlModule@ATL@@UEAAJXZ 0000000180001b78 f i ItemDispenser.obj
 0001:00000b84       ?GetLockCount@CAtlModule@ATL@@UEAAJXZ 0000000180001b84 f i ItemDispenser.obj
 0001:00000b88       ?GetGITPtr@CAtlModule@ATL@@UEAAJPEAPEAUIGlobalInterfaceTable@@@Z 0000000180001b88 f i ItemDispenser.obj
 0001:00000bf8       ?AddCommonRGSReplacements@?$CAtlModuleT@VCComModule@ATL@@@ATL@@UEAAJPEAUIRegistrarBase@@@Z 0000000180001bf8 f i ItemDispenser.obj
 0001:00000c10       ?UpdateRegistryFromResourceD@CComModule@ATL@@UEAAJIHPEAU_ATL_REGMAP_ENTRY@2@@Z 0000000180001c10 f i ItemDispenser.obj
 0001:00000c10       ?UpdateRegistryFromResourceD@CComModule@ATL@@UEAAJPEB_WHPEAU_ATL_REGMAP_ENTRY@2@@Z 0000000180001c10 f i ItemDispenser.obj
 0001:00000c18       ?UpdateRegistryFromResource@CComModule@ATL@@UEAAJPEB_WHPEAU_ATL_REGMAP_ENTRY@2@@Z 0000000180001c18 f i ItemDispenser.obj
 0001:00000c20       ?OnDrawAdvanced@CComControlBase@ATL@@UEAAJAEAUATL_DRAWINFO@@@Z 0000000180001c20 f i ItemDispenser.obj
 0001:00000d40       ?UpdateRegistryFromResource@CComModule@ATL@@UEAAJIHPEAU_ATL_REGMAP_ENTRY@2@@Z 0000000180001d40 f i ItemDispenser.obj
 0001:00000d48       ??_GCComModule@ATL@@UEAAPEAXI@Z 0000000180001d48 f i ItemDispenser.obj
 0001:00000d48       ??_ECComModule@ATL@@UEAAPEAXI@Z 0000000180001d48 f i ItemDispenser.obj
 0001:00000dc8       ?Next@?$CComEnumImpl@UIEnumConnections@@$1?_GUID_b196b287_bab4_101a_b69c_00aa00341d07@@3U__s_GUID@@BUtagCONNECTDATA@@V?$_Copy@UtagCONNECTDATA@@@ATL@@@ATL@@UEAAJKPEAUtagCONNECTDATA@@PEAK@Z 0000000180001dc8 f i ItemDispenser.obj
 0001:00000e9c       ?Skip@?$CComEnumImpl@UIEnumConnections@@$1?_GUID_b196b287_bab4_101a_b69c_00aa00341d07@@3U__s_GUID@@BUtagCONNECTDATA@@V?$_Copy@UtagCONNECTDATA@@@ATL@@@ATL@@UEAAJK@Z 0000000180001e9c f i ItemDispenser.obj
 0001:00000ec8       ?Reset@?$CComEnumImpl@UIEnumConnections@@$1?_GUID_b196b287_bab4_101a_b69c_00aa00341d07@@3U__s_GUID@@BUtagCONNECTDATA@@V?$_Copy@UtagCONNECTDATA@@@ATL@@@ATL@@UEAAJXZ 0000000180001ec8 f i ItemDispenser.obj
 0001:00000ec8       ?Reset@?$CComEnumImpl@UIEnumConnectionPoints@@$1?_GUID_b196b285_bab4_101a_b69c_00aa00341d07@@3U__s_GUID@@BPEAUIConnectionPoint@@V?$_CopyInterface@UIConnectionPoint@@@ATL@@@ATL@@UEAAJXZ 0000000180001ec8 f i ItemDispenser.obj
 0001:00000ed4       ?Clone@?$CComEnumImpl@UIEnumConnections@@$1?_GUID_b196b287_bab4_101a_b69c_00aa00341d07@@3U__s_GUID@@BUtagCONNECTDATA@@V?$_Copy@UtagCONNECTDATA@@@ATL@@@ATL@@UEAAJPEAPEAUIEnumConnections@@@Z 0000000180001ed4 f i ItemDispenser.obj
 0001:00001000       ?AddRef@?$CComObject@V?$CComEnum@UIEnumConnections@@$1?_GUID_b196b287_bab4_101a_b69c_00aa00341d07@@3U__s_GUID@@BUtagCONNECTDATA@@V?$_Copy@UtagCONNECTDATA@@@ATL@@VCComSingleThreadModel@6@@ATL@@@ATL@@UEAAKXZ 0000000180002000 f i ItemDispenser.obj
 0001:00001000       ?AddRef@?$CComObject@V?$CComEnum@UIEnumConnectionPoints@@$1?_GUID_b196b285_bab4_101a_b69c_00aa00341d07@@3U__s_GUID@@BPEAUIConnectionPoint@@V?$_CopyInterface@UIConnectionPoint@@@ATL@@VCComSingleThreadModel@6@@ATL@@@ATL@@UEAAKXZ 0000000180002000 f i ItemDispenser.obj
 0001:0000100c       ?Release@?$CComObject@V?$CComEnum@UIEnumConnections@@$1?_GUID_b196b287_bab4_101a_b69c_00aa00341d07@@3U__s_GUID@@BUtagCONNECTDATA@@V?$_Copy@UtagCONNECTDATA@@@ATL@@VCComSingleThreadModel@6@@ATL@@@ATL@@UEAAKXZ 000000018000200c f i ItemDispenser.obj
 0001:0000100c       ?Release@?$CComObject@V?$CComEnum@UIEnumConnectionPoints@@$1?_GUID_b196b285_bab4_101a_b69c_00aa00341d07@@3U__s_GUID@@BPEAUIConnectionPoint@@V?$_CopyInterface@UIConnectionPoint@@@ATL@@VCComSingleThreadModel@6@@ATL@@@ATL@@UEAAKXZ 000000018000200c f i ItemDispenser.obj
 0001:00001060       ?QueryInterface@?$CComObject@V?$CComEnum@UIEnumConnections@@$1?_GUID_b196b287_bab4_101a_b69c_00aa00341d07@@3U__s_GUID@@BUtagCONNECTDATA@@V?$_Copy@UtagCONNECTDATA@@@ATL@@VCComSingleThreadModel@6@@ATL@@@ATL@@UEAAJAEBU_GUID@@PEAPEAX@Z 0000000180002060 f i ItemDispenser.obj
 0001:00001074       ??_E?$CComObject@V?$CComEnum@UIEnumConnections@@$1?_GUID_b196b287_bab4_101a_b69c_00aa00341d07@@3U__s_GUID@@BUtagCONNECTDATA@@V?$_Copy@UtagCONNECTDATA@@@ATL@@VCComSingleThreadModel@6@@ATL@@@ATL@@UEAAPEAXI@Z 0000000180002074 f i ItemDispenser.obj
 0001:00001074       ??_G?$CComObject@V?$CComEnum@UIEnumConnections@@$1?_GUID_b196b287_bab4_101a_b69c_00aa00341d07@@3U__s_GUID@@BUtagCONNECTDATA@@V?$_Copy@UtagCONNECTDATA@@@ATL@@VCComSingleThreadModel@6@@ATL@@@ATL@@UEAAPEAXI@Z 0000000180002074 f i ItemDispenser.obj
 0001:000010cc       ??_E?$CComObject@VCOPOSItemDispenser@@@ATL@@W7EAAPEAXI@Z 00000001800020cc f i ItemDispenser.obj
 0001:000010d8       ??_E?$CComObject@VCOPOSItemDispenser@@@ATL@@WHA@EAAPEAXI@Z 00000001800020d8 f i ItemDispenser.obj
 0001:000010e4       ?QueryInterface@?$CComObject@VCOPOSItemDispenser@@@ATL@@WLI@EAAJAEBU_GUID@@PEAPEAX@Z 00000001800020e4 f i ItemDispenser.obj
 0001:000010f0       ?AddRef@?$CComObject@VCOPOSItemDispenser@@@ATL@@WLI@EAAKXZ 00000001800020f0 f i ItemDispenser.obj
 0001:000010fc       ?Release@?$CComObject@VCOPOSItemDispenser@@@ATL@@WLI@EAAKXZ 00000001800020fc f i ItemDispenser.obj
 0001:00001108       ?QueryInterface@?$CComObject@VCOPOSItemDispenser@@@ATL@@WMA@EAAJAEBU_GUID@@PEAPEAX@Z 0000000180002108 f i ItemDispenser.obj
 0001:00001114       ?AddRef@?$CComObject@VCOPOSItemDispenser@@@ATL@@WMA@EAAKXZ 0000000180002114 f i ItemDispenser.obj
 0001:00001120       ?Release@?$CComObject@VCOPOSItemDispenser@@@ATL@@WMA@EAAKXZ 0000000180002120 f i ItemDispenser.obj
 0001:0000112c       ?QueryInterface@?$CComObject@VCOPOSItemDispenser@@@ATL@@WMI@EAAJAEBU_GUID@@PEAPEAX@Z 000000018000212c f i ItemDispenser.obj
 0001:00001138       ?AddRef@?$CComObject@VCOPOSItemDispenser@@@ATL@@WMI@EAAKXZ 0000000180002138 f i ItemDispenser.obj
 0001:00001144       ?Release@?$CComObject@VCOPOSItemDispenser@@@ATL@@WMI@EAAKXZ 0000000180002144 f i ItemDispenser.obj
 0001:00001150       ?QueryInterface@?$CComObject@VCOPOSItemDispenser@@@ATL@@WNA@EAAJAEBU_GUID@@PEAPEAX@Z 0000000180002150 f i ItemDispenser.obj
 0001:0000115c       ?AddRef@?$CComObject@VCOPOSItemDispenser@@@ATL@@WNA@EAAKXZ 000000018000215c f i ItemDispenser.obj
 0001:00001168       ?Release@?$CComObject@VCOPOSItemDispenser@@@ATL@@WNA@EAAKXZ 0000000180002168 f i ItemDispenser.obj
 0001:00001174       ?QueryInterface@?$CComObject@VCOPOSItemDispenser@@@ATL@@WNI@EAAJAEBU_GUID@@PEAPEAX@Z 0000000180002174 f i ItemDispenser.obj
 0001:00001180       ?AddRef@?$CComObject@VCOPOSItemDispenser@@@ATL@@WNI@EAAKXZ 0000000180002180 f i ItemDispenser.obj
 0001:0000118c       ?Release@?$CComObject@VCOPOSItemDispenser@@@ATL@@WNI@EAAKXZ 000000018000218c f i ItemDispenser.obj
 0001:00001198       ?QueryInterface@?$CComObject@VCOPOSItemDispenser@@@ATL@@WOA@EAAJAEBU_GUID@@PEAPEAX@Z 0000000180002198 f i ItemDispenser.obj
 0001:000011a4       ?AddRef@?$CComObject@VCOPOSItemDispenser@@@ATL@@WOA@EAAKXZ 00000001800021a4 f i ItemDispenser.obj
 0001:000011b0       ?Release@?$CComObject@VCOPOSItemDispenser@@@ATL@@WOA@EAAKXZ 00000001800021b0 f i ItemDispenser.obj
 0001:000011bc       ?QueryInterface@?$CComObject@VCOPOSItemDispenser@@@ATL@@WOI@EAAJAEBU_GUID@@PEAPEAX@Z 00000001800021bc f i ItemDispenser.obj
 0001:000011c8       ?AddRef@?$CComObject@VCOPOSItemDispenser@@@ATL@@WOI@EAAKXZ 00000001800021c8 f i ItemDispenser.obj
 0001:000011d4       ?Release@?$CComObject@VCOPOSItemDispenser@@@ATL@@WOI@EAAKXZ 00000001800021d4 f i ItemDispenser.obj
 0001:000011e0       ?QueryInterface@?$CComObject@VCOPOSItemDispenser@@@ATL@@WPA@EAAJAEBU_GUID@@PEAPEAX@Z 00000001800021e0 f i ItemDispenser.obj
 0001:000011ec       ?AddRef@?$CComObject@VCOPOSItemDispenser@@@ATL@@WPA@EAAKXZ 00000001800021ec f i ItemDispenser.obj
 0001:000011f8       ?Release@?$CComObject@VCOPOSItemDispenser@@@ATL@@WPA@EAAKXZ 00000001800021f8 f i ItemDispenser.obj
 0001:00001204       ?QueryInterface@?$CComObject@VCOPOSItemDispenser@@@ATL@@WPI@EAAJAEBU_GUID@@PEAPEAX@Z 0000000180002204 f i ItemDispenser.obj
 0001:00001210       ?AddRef@?$CComObject@VCOPOSItemDispenser@@@ATL@@WPI@EAAKXZ 0000000180002210 f i ItemDispenser.obj
 0001:0000121c       ?Release@?$CComObject@VCOPOSItemDispenser@@@ATL@@WPI@EAAKXZ 000000018000221c f i ItemDispenser.obj
 0001:00001228       ?QueryInterface@?$CComObject@VCOPOSItemDispenser@@@ATL@@WBAA@EAAJAEBU_GUID@@PEAPEAX@Z 0000000180002228 f i ItemDispenser.obj
 0001:00001234       ?AddRef@?$CComObject@VCOPOSItemDispenser@@@ATL@@WBAA@EAAKXZ 0000000180002234 f i ItemDispenser.obj
 0001:00001240       ?Release@?$CComObject@VCOPOSItemDispenser@@@ATL@@WBAA@EAAKXZ 0000000180002240 f i ItemDispenser.obj
 0001:0000124c       ?QueryInterface@?$CComObject@VCOPOSItemDispenser@@@ATL@@WBAI@EAAJAEBU_GUID@@PEAPEAX@Z 000000018000224c f i ItemDispenser.obj
 0001:00001258       ?AddRef@?$CComObject@VCOPOSItemDispenser@@@ATL@@WBAI@EAAKXZ 0000000180002258 f i ItemDispenser.obj
 0001:00001264       ?Release@?$CComObject@VCOPOSItemDispenser@@@ATL@@WBAI@EAAKXZ 0000000180002264 f i ItemDispenser.obj
 0001:00001270       ?QueryInterface@?$CComObject@VCOPOSItemDispenser@@@ATL@@WBBA@EAAJAEBU_GUID@@PEAPEAX@Z 0000000180002270 f i ItemDispenser.obj
 0001:0000127c       ?AddRef@?$CComObject@VCOPOSItemDispenser@@@ATL@@WBBA@EAAKXZ 000000018000227c f i ItemDispenser.obj
 0001:00001288       ?Release@?$CComObject@VCOPOSItemDispenser@@@ATL@@WBBA@EAAKXZ 0000000180002288 f i ItemDispenser.obj
 0001:00001294       ?QueryInterface@?$CComObject@VCOPOSItemDispenser@@@ATL@@WBBI@EAAJAEBU_GUID@@PEAPEAX@Z 0000000180002294 f i ItemDispenser.obj
 0001:000012a0       ?AddRef@?$CComObject@VCOPOSItemDispenser@@@ATL@@WBBI@EAAKXZ 00000001800022a0 f i ItemDispenser.obj
 0001:000012ac       ?Release@?$CComObject@VCOPOSItemDispenser@@@ATL@@WBBI@EAAKXZ 00000001800022ac f i ItemDispenser.obj
 0001:000012b8       ?AddRef@?$CComObject@VCOPOSItemDispenser@@@ATL@@WBCI@EAAKXZ 00000001800022b8 f i ItemDispenser.obj
 0001:000012c4       ?Release@?$CComObject@VCOPOSItemDispenser@@@ATL@@WBCI@EAAKXZ 00000001800022c4 f i ItemDispenser.obj
 0001:000012d0       ?SOOutputCompleteDummy@COPOSItemDispenser@@MEAAJJ@Z 00000001800022d0 f i ItemDispenser.obj
 0001:000012d0       ?InitFromData@?$IOleObjectImpl@VCOPOSItemDispenser@@@ATL@@UEAAJPEAUIDataObject@@HK@Z 00000001800022d0 f i ItemDispenser.obj
 0001:000012d0       ?Freeze@?$IViewObjectExImpl@VCOPOSItemDispenser@@@ATL@@UEAAJKJPEAXPEAK@Z 00000001800022d0 f i ItemDispenser.obj
 0001:000012d0       ?SODataDummy@COPOSItemDispenser@@MEAAJJ@Z 00000001800022d0 f i ItemDispenser.obj
 0001:000012d0       ?GetMoniker@?$IOleObjectImpl@VCOPOSItemDispenser@@@ATL@@UEAAJKKPEAPEAUIMoniker@@@Z 00000001800022d0 f i ItemDispenser.obj
 0001:000012d0       ?GetDataHere@?$IDataObjectImpl@VCOPOSItemDispenser@@@ATL@@UEAAJPEAUtagFORMATETC@@PEAUtagSTGMEDIUM@@@Z 00000001800022d0 f i ItemDispenser.obj
 0001:000012d0       ?QueryInterface@CRegObject@ATL@@UEAAJAEBU_GUID@@PEAPEAX@Z 00000001800022d0 f i ItemDispenser.obj
 0001:000012d0       ?EnumFormatEtc@?$IDataObjectImpl@VCOPOSItemDispenser@@@ATL@@UEAAJKPEAPEAUIEnumFORMATETC@@@Z 00000001800022d0 f i ItemDispenser.obj
 0001:000012d0       ?SOErrorDummy@COPOSItemDispenser@@MEAAJJJJPEAJ@Z 00000001800022d0 f i ItemDispenser.obj
 0001:000012d0       ?SetData@?$IDataObjectImpl@VCOPOSItemDispenser@@@ATL@@UEAAJPEAUtagFORMATETC@@PEAUtagSTGMEDIUM@@H@Z 00000001800022d0 f i ItemDispenser.obj
 0001:000012d0       ?ContextSensitiveHelp@?$IOleInPlaceActiveObjectImpl@VCOPOSItemDispenser@@@ATL@@UEAAJH@Z 00000001800022d0 f i ItemDispenser.obj
 0001:000012d0       ?QueryGetData@?$IDataObjectImpl@VCOPOSItemDispenser@@@ATL@@UEAAJPEAUtagFORMATETC@@@Z 00000001800022d0 f i ItemDispenser.obj
 0001:000012d0       ?ReactivateAndUndo@?$IOleInPlaceObjectWindowlessImpl@VCOPOSItemDispenser@@@ATL@@UEAAJXZ 00000001800022d0 f i ItemDispenser.obj
 0001:000012d0       ?GetControlInfo@?$IOleControlImpl@VCOPOSItemDispenser@@@ATL@@UEAAJPEAUtagCONTROLINFO@@@Z 00000001800022d0 f i ItemDispenser.obj
 0001:000012d0       ?ContextSensitiveHelp@?$IOleInPlaceObjectWindowlessImpl@VCOPOSItemDispenser@@@ATL@@UEAAJH@Z 00000001800022d0 f i ItemDispenser.obj
 0001:000012d0       ?Unfreeze@?$IViewObjectExImpl@VCOPOSItemDispenser@@@ATL@@UEAAJK@Z 00000001800022d0 f i ItemDispenser.obj
 0001:000012d0       ?GetDropTarget@?$IOleInPlaceObjectWindowlessImpl@VCOPOSItemDispenser@@@ATL@@UEAAJPEAPEAUIDropTarget@@@Z 00000001800022d0 f i ItemDispenser.obj
 0001:000012d0       ?OnMnemonic@?$IOleControlImpl@VCOPOSItemDispenser@@@ATL@@UEAAJPEAUtagMSG@@@Z 00000001800022d0 f i ItemDispenser.obj
 0001:000012d0       ?GetRect@?$IViewObjectExImpl@VCOPOSItemDispenser@@@ATL@@UEAAJKPEAU_RECTL@@@Z 00000001800022d0 f i ItemDispenser.obj
 0001:000012d0       ?GetColorSet@?$IViewObjectExImpl@VCOPOSItemDispenser@@@ATL@@UEAAJKJPEAXPEAUtagDVTARGETDEVICE@@PEAUHDC__@@PEAPEAUtagLOGPALETTE@@@Z 00000001800022d0 f i ItemDispenser.obj
 0001:000012d0       ?SetColorScheme@?$IOleObjectImpl@VCOPOSItemDispenser@@@ATL@@UEAAJPEAUtagLOGPALETTE@@@Z 00000001800022d0 f i ItemDispenser.obj
 0001:000012d0       ?SetMoniker@?$IOleObjectImpl@VCOPOSItemDispenser@@@ATL@@UEAAJKPEAUIMoniker@@@Z 00000001800022d0 f i ItemDispenser.obj
 0001:000012d0       ?GetCanonicalFormatEtc@?$IDataObjectImpl@VCOPOSItemDispenser@@@ATL@@UEAAJPEAUtagFORMATETC@@0@Z 00000001800022d0 f i ItemDispenser.obj
 0001:000012d0       ?GetClipboardData@?$IOleObjectImpl@VCOPOSItemDispenser@@@ATL@@UEAAJKPEAPEAUIDataObject@@@Z 00000001800022d0 f i ItemDispenser.obj
 0001:000012d8       ?AddRef@?$CComObject@VCOPOSItemDispenser@@@ATL@@WBEA@EAAKXZ 00000001800022d8 f i ItemDispenser.obj
 0001:000012e4       ?Release@?$CComObject@VCOPOSItemDispenser@@@ATL@@WBEA@EAAKXZ 00000001800022e4 f i ItemDispenser.obj
 0001:000012f0       _get_startup_argv_mode     00000001800022f0 f i LIBCMT:argv_mode.obj
 0001:000012f0       ?AddRef@CRegObject@ATL@@UEAAKXZ 00000001800022f0 f i ItemDispenser.obj
 0001:000012f0       ?FAccessAllowed@?$IObjectSafetyImpl@VCOPOSItemDispenser@@$02@ATL@@MEAAHXZ 00000001800022f0 f i ItemDispenser.obj
 0001:000012f8       ?ResizeBorder@?$IOleInPlaceActiveObjectImpl@VCOPOSItemDispenser@@@ATL@@UEAAJPEBUtagRECT@@PEAUIOleInPlaceUIWindow@@H@Z 00000001800022f8 f i ItemDispenser.obj
 0001:000012f8       ?SaveCompleted@?$IPersistStorageImpl@VCOPOSItemDispenser@@@ATL@@UEAAJPEAUIStorage@@@Z 00000001800022f8 f i ItemDispenser.obj
 0001:000012f8       ?OnFrameWindowActivate@?$IOleInPlaceActiveObjectImpl@VCOPOSItemDispenser@@@ATL@@UEAAJH@Z 00000001800022f8 f i ItemDispenser.obj
 0001:000012f8       ?Release@CRegObject@ATL@@UEAAKXZ 00000001800022f8 f i ItemDispenser.obj
 0001:000012f8       ?IsUpToDate@?$IOleObjectImpl@VCOPOSItemDispenser@@@ATL@@UEAAJXZ 00000001800022f8 f i ItemDispenser.obj
 0001:000012f8       ?HandsOffStorage@?$IPersistStorageImpl@VCOPOSItemDispenser@@@ATL@@UEAAJXZ 00000001800022f8 f i ItemDispenser.obj
 0001:000012f8       ?SetHostNames@?$IOleObjectImpl@VCOPOSItemDispenser@@@ATL@@UEAAJPEB_W0@Z 00000001800022f8 f i ItemDispenser.obj
 0001:000012f8       ?EnableModeless@?$IOleInPlaceActiveObjectImpl@VCOPOSItemDispenser@@@ATL@@UEAAJH@Z 00000001800022f8 f i ItemDispenser.obj
 0001:000012f8       ?OnAmbientPropertyChange@?$IOleControlImpl@VCOPOSItemDispenser@@@ATL@@UEAAJJ@Z 00000001800022f8 f i ItemDispenser.obj
 0001:000012f8       ?GetCategoryMap@CComObjectRootBase@ATL@@SAPEBU_ATL_CATMAP_ENTRY@2@XZ 00000001800022f8 f i ItemDispenser.obj
 0001:000012f8       ?Update@?$IOleObjectImpl@VCOPOSItemDispenser@@@ATL@@UEAAJXZ 00000001800022f8 f i ItemDispenser.obj
 0001:000012f8       ?GetObjectDescription@?$CComCoClass@VCOPOSItemDispenser@@$1?CLSID_OPOSItemDispenser@@3U_GUID@@B@ATL@@SAPEB_WXZ 00000001800022f8 f i ItemDispenser.obj
 0001:000012fc       ?AddReplacement@CRegObject@ATL@@UEAAJPEB_W0@Z 00000001800022fc f i ItemDispenser.obj
 0001:0000132c       ?ClearReplacements@CRegObject@ATL@@UEAAJXZ 000000018000232c f i ItemDispenser.obj
 0001:00001338       ??_E?$CComContainedObject@VCOPOSItemDispenser@@@ATL@@W7EAAPEAXI@Z 0000000180002338 f i ItemDispenser.obj
 0001:00001344       ??_E?$CComContainedObject@VCOPOSItemDispenser@@@ATL@@WHA@EAAPEAXI@Z 0000000180002344 f i ItemDispenser.obj
 0001:00001350       ?QueryInterface@?$CComContainedObject@VCOPOSItemDispenser@@@ATL@@WLI@EAAJAEBU_GUID@@PEAPEAX@Z 0000000180002350 f i ItemDispenser.obj
 0001:0000135c       ?AddRef@?$CComContainedObject@VCOPOSItemDispenser@@@ATL@@WLI@EAAKXZ 000000018000235c f i ItemDispenser.obj
 0001:00001368       ?Release@?$CComContainedObject@VCOPOSItemDispenser@@@ATL@@WLI@EAAKXZ 0000000180002368 f i ItemDispenser.obj
 0001:00001374       ?QueryInterface@?$CComContainedObject@VCOPOSItemDispenser@@@ATL@@WMA@EAAJAEBU_GUID@@PEAPEAX@Z 0000000180002374 f i ItemDispenser.obj
 0001:00001380       ?AddRef@?$CComContainedObject@VCOPOSItemDispenser@@@ATL@@WMA@EAAKXZ 0000000180002380 f i ItemDispenser.obj
 0001:0000138c       ?Release@?$CComContainedObject@VCOPOSItemDispenser@@@ATL@@WMA@EAAKXZ 000000018000238c f i ItemDispenser.obj
 0001:00001398       ?QueryInterface@?$CComContainedObject@VCOPOSItemDispenser@@@ATL@@WMI@EAAJAEBU_GUID@@PEAPEAX@Z 0000000180002398 f i ItemDispenser.obj
 0001:000013a4       ?AddRef@?$CComContainedObject@VCOPOSItemDispenser@@@ATL@@WMI@EAAKXZ 00000001800023a4 f i ItemDispenser.obj
 0001:000013b0       ?Release@?$CComContainedObject@VCOPOSItemDispenser@@@ATL@@WMI@EAAKXZ 00000001800023b0 f i ItemDispenser.obj
 0001:000013bc       ?QueryInterface@?$CComContainedObject@VCOPOSItemDispenser@@@ATL@@WNA@EAAJAEBU_GUID@@PEAPEAX@Z 00000001800023bc f i ItemDispenser.obj
 0001:000013c8       ?AddRef@?$CComContainedObject@VCOPOSItemDispenser@@@ATL@@WNA@EAAKXZ 00000001800023c8 f i ItemDispenser.obj
 0001:000013d4       ?Release@?$CComContainedObject@VCOPOSItemDispenser@@@ATL@@WNA@EAAKXZ 00000001800023d4 f i ItemDispenser.obj
 0001:000013e0       ?QueryInterface@?$CComContainedObject@VCOPOSItemDispenser@@@ATL@@WNI@EAAJAEBU_GUID@@PEAPEAX@Z 00000001800023e0 f i ItemDispenser.obj
 0001:000013ec       ?AddRef@?$CComContainedObject@VCOPOSItemDispenser@@@ATL@@WNI@EAAKXZ 00000001800023ec f i ItemDispenser.obj
 0001:000013f8       ?Release@?$CComContainedObject@VCOPOSItemDispenser@@@ATL@@WNI@EAAKXZ 00000001800023f8 f i ItemDispenser.obj
 0001:00001404       ?QueryInterface@?$CComContainedObject@VCOPOSItemDispenser@@@ATL@@WOA@EAAJAEBU_GUID@@PEAPEAX@Z 0000000180002404 f i ItemDispenser.obj
 0001:00001410       ?AddRef@?$CComContainedObject@VCOPOSItemDispenser@@@ATL@@WOA@EAAKXZ 0000000180002410 f i ItemDispenser.obj
 0001:0000141c       ?Release@?$CComContainedObject@VCOPOSItemDispenser@@@ATL@@WOA@EAAKXZ 000000018000241c f i ItemDispenser.obj
 0001:00001428       ?QueryInterface@?$CComContainedObject@VCOPOSItemDispenser@@@ATL@@WOI@EAAJAEBU_GUID@@PEAPEAX@Z 0000000180002428 f i ItemDispenser.obj
 0001:00001434       ?AddRef@?$CComContainedObject@VCOPOSItemDispenser@@@ATL@@WOI@EAAKXZ 0000000180002434 f i ItemDispenser.obj
 0001:00001440       ?Release@?$CComContainedObject@VCOPOSItemDispenser@@@ATL@@WOI@EAAKXZ 0000000180002440 f i ItemDispenser.obj
 0001:0000144c       ?QueryInterface@?$CComContainedObject@VCOPOSItemDispenser@@@ATL@@WPA@EAAJAEBU_GUID@@PEAPEAX@Z 000000018000244c f i ItemDispenser.obj
 0001:00001458       ?AddRef@?$CComContainedObject@VCOPOSItemDispenser@@@ATL@@WPA@EAAKXZ 0000000180002458 f i ItemDispenser.obj
 0001:00001464       ?Release@?$CComContainedObject@VCOPOSItemDispenser@@@ATL@@WPA@EAAKXZ 0000000180002464 f i ItemDispenser.obj
 0001:00001470       ?QueryInterface@?$CComContainedObject@VCOPOSItemDispenser@@@ATL@@WPI@EAAJAEBU_GUID@@PEAPEAX@Z 0000000180002470 f i ItemDispenser.obj
 0001:0000147c       ?AddRef@?$CComContainedObject@VCOPOSItemDispenser@@@ATL@@WPI@EAAKXZ 000000018000247c f i ItemDispenser.obj
 0001:00001488       ?Release@?$CComContainedObject@VCOPOSItemDispenser@@@ATL@@WPI@EAAKXZ 0000000180002488 f i ItemDispenser.obj
 0001:00001494       ?QueryInterface@?$CComContainedObject@VCOPOSItemDispenser@@@ATL@@WBAA@EAAJAEBU_GUID@@PEAPEAX@Z 0000000180002494 f i ItemDispenser.obj
 0001:000014a0       ?AddRef@?$CComContainedObject@VCOPOSItemDispenser@@@ATL@@WBAA@EAAKXZ 00000001800024a0 f i ItemDispenser.obj
 0001:000014ac       ?Release@?$CComContainedObject@VCOPOSItemDispenser@@@ATL@@WBAA@EAAKXZ 00000001800024ac f i ItemDispenser.obj
 0001:000014b8       ??_ECRegObject@ATL@@UEAAPEAXI@Z 00000001800024b8 f i ItemDispenser.obj
 0001:000014b8       ??_GCRegObject@ATL@@UEAAPEAXI@Z 00000001800024b8 f i ItemDispenser.obj
 0001:00001538       ?QueryInterface@?$CComContainedObject@VCOPOSItemDispenser@@@ATL@@WBAI@EAAJAEBU_GUID@@PEAPEAX@Z 0000000180002538 f i ItemDispenser.obj
 0001:00001544       ?AddRef@?$CComContainedObject@VCOPOSItemDispenser@@@ATL@@WBAI@EAAKXZ 0000000180002544 f i ItemDispenser.obj
 0001:00001550       ?Release@?$CComContainedObject@VCOPOSItemDispenser@@@ATL@@WBAI@EAAKXZ 0000000180002550 f i ItemDispenser.obj
 0001:0000155c       ?QueryInterface@?$CComContainedObject@VCOPOSItemDispenser@@@ATL@@WBBA@EAAJAEBU_GUID@@PEAPEAX@Z 000000018000255c f i ItemDispenser.obj
 0001:00001568       ?AddRef@?$CComContainedObject@VCOPOSItemDispenser@@@ATL@@WBBA@EAAKXZ 0000000180002568 f i ItemDispenser.obj
 0001:00001574       ?Release@?$CComContainedObject@VCOPOSItemDispenser@@@ATL@@WBBA@EAAKXZ 0000000180002574 f i ItemDispenser.obj
 0001:00001580       ?QueryInterface@?$CComContainedObject@VCOPOSItemDispenser@@@ATL@@WBBI@EAAJAEBU_GUID@@PEAPEAX@Z 0000000180002580 f i ItemDispenser.obj
 0001:0000158c       ?AddRef@?$CComContainedObject@VCOPOSItemDispenser@@@ATL@@WBBI@EAAKXZ 000000018000258c f i ItemDispenser.obj
 0001:00001598       ?Release@?$CComContainedObject@VCOPOSItemDispenser@@@ATL@@WBBI@EAAKXZ 0000000180002598 f i ItemDispenser.obj
 0001:000015a4       ?AddRef@?$CComContainedObject@VCOPOSItemDispenser@@@ATL@@WBCI@EAAKXZ 00000001800025a4 f i ItemDispenser.obj
 0001:000015b0       ?Release@?$CComContainedObject@VCOPOSItemDispenser@@@ATL@@WBCI@EAAKXZ 00000001800025b0 f i ItemDispenser.obj
 0001:000015bc       ?AddRef@?$CComContainedObject@VCOPOSItemDispenser@@@ATL@@WBEA@EAAKXZ 00000001800025bc f i ItemDispenser.obj
 0001:000015c8       ?Release@?$CComContainedObject@VCOPOSItemDispenser@@@ATL@@WBEA@EAAKXZ 00000001800025c8 f i ItemDispenser.obj
 0001:000015d4       ?GetWindowProc@?$CWindowImplBaseT@VCWindow@ATL@@V?$CWinTraits@$0FGAAAAAA@$0A@@2@@ATL@@UEAAP6A_JPEAUHWND__@@I_K_J@ZXZ 00000001800025d4 f i ItemDispenser.obj
 0001:000015dc       ?StartWindowProc@?$CWindowImplBaseT@VCWindow@ATL@@V?$CWinTraits@$0FGAAAAAA@$0A@@2@@ATL@@SA_JPEAUHWND__@@I_K_J@Z 00000001800025dc f i ItemDispenser.obj
 0001:000016a0       ?ObjectMain@CComObjectRootBase@ATL@@SAX_N@Z 00000001800026a0 f i ItemDispenser.obj
 0001:000016a0       _guard_check_icall_nop     00000001800026a0 f i LIBCMT:guard_support.obj
 0001:000016a0       ?OnFinalMessage@?$CWindowImplBaseT@VCWindow@ATL@@V?$CWinTraits@$0FGAAAAAA@$0A@@2@@ATL@@UEAAXPEAUHWND__@@@Z 00000001800026a0 f i ItemDispenser.obj
 0001:000016a4       ?GetTypeInfoCount@?$IDispatchImpl@UIOPOSItemDispenser@@$1?IID_IOPOSItemDispenser@@3U_GUID@@B$1?LIBID_OposItemDispenser_CCO@@3U3@B$00$0A@VCComTypeInfoHolder@ATL@@@ATL@@UEAAJPEAI@Z 00000001800026a4 f i ItemDispenser.obj
 0001:000016b8       ?GetTypeInfo@?$IDispatchImpl@UIOPOSItemDispenser@@$1?IID_IOPOSItemDispenser@@3U_GUID@@B$1?LIBID_OposItemDispenser_CCO@@3U3@B$00$0A@VCComTypeInfoHolder@ATL@@@ATL@@UEAAJIKPEAPEAUITypeInfo@@@Z 00000001800026b8 f i ItemDispenser.obj
 0001:0000171c       ?GetIDsOfNames@?$IDispatchImpl@UIOPOSItemDispenser@@$1?IID_IOPOSItemDispenser@@3U_GUID@@B$1?LIBID_OposItemDispenser_CCO@@3U3@B$00$0A@VCComTypeInfoHolder@ATL@@@ATL@@UEAAJAEBU_GUID@@PEAPEA_WIKPEAJ@Z 000000018000271c f i ItemDispenser.obj
 0001:00001728       ?Invoke@?$IDispatchImpl@UIOPOSItemDispenser@@$1?IID_IOPOSItemDispenser@@3U_GUID@@B$1?LIBID_OposItemDispenser_CCO@@3U3@B$00$0A@VCComTypeInfoHolder@ATL@@@ATL@@UEAAJJAEBU_GUID@@KGPEAUtagDISPPARAMS@@PEAUtagVARIANT@@PEAUtagEXCEPINFO@@PEAI@Z 0000000180002728 f i ItemDispenser.obj
 0001:000017b8       ?CreateControlWindow@?$CComControl@VCOPOSItemDispenser@@V?$CWindowImpl@VCOPOSItemDispenser@@VCWindow@ATL@@V?$CWinTraits@$0FGAAAAAA@$0A@@3@@ATL@@@ATL@@UEAAPEAUHWND__@@PEAU3@AEAUtagRECT@@@Z 00000001800027b8 f i ItemDispenser.obj
 0001:000017f0       ?ControlQueryInterface@?$CComControl@VCOPOSItemDispenser@@V?$CWindowImpl@VCOPOSItemDispenser@@VCWindow@ATL@@V?$CWinTraits@$0FGAAAAAA@$0A@@3@@ATL@@@ATL@@UEAAJAEBU_GUID@@PEAPEAX@Z 00000001800027f0 f i ItemDispenser.obj
 0001:00001804       ?GetClassID@?$IPersistStorageImpl@VCOPOSItemDispenser@@@ATL@@UEAAJPEAU_GUID@@@Z 0000000180002804 f i ItemDispenser.obj
 0001:00001804       ?GetUserClassID@?$IOleObjectImpl@VCOPOSItemDispenser@@@ATL@@UEAAJPEAU_GUID@@@Z 0000000180002804 f i ItemDispenser.obj
 0001:00001804       ?GetClassID@?$IPersistStreamInitImpl@VCOPOSItemDispenser@@@ATL@@UEAAJPEAU_GUID@@@Z 0000000180002804 f i ItemDispenser.obj
 0001:00001820       ?IsDirty@?$IPersistStreamInitImpl@VCOPOSItemDispenser@@@ATL@@UEAAJXZ 0000000180002820 f i ItemDispenser.obj
 0001:0000183c       ?Load@?$IPersistStreamInitImpl@VCOPOSItemDispenser@@@ATL@@UEAAJPEAUIStream@@@Z 000000018000283c f i ItemDispenser.obj
 0001:0000188c       ?Save@?$IPersistStreamInitImpl@VCOPOSItemDispenser@@@ATL@@UEAAJPEAUIStream@@H@Z 000000018000288c f i ItemDispenser.obj
 0001:000018f0       ?GetSizeMax@?$IPersistStreamInitImpl@VCOPOSItemDispenser@@@ATL@@UEAAJPEAT_ULARGE_INTEGER@@@Z 00000001800028f0 f i ItemDispenser.obj
 0001:00001b1c       ?InitNew@?$IPersistStreamInitImpl@VCOPOSItemDispenser@@@ATL@@UEAAJXZ 0000000180002b1c f i ItemDispenser.obj
 0001:00001b34       ?SetClientSite@?$IOleObjectImpl@VCOPOSItemDispenser@@@ATL@@UEAAJPEAUIOleClientSite@@@Z 0000000180002b34 f i ItemDispenser.obj
 0001:00001b50       ?GetClientSite@?$IOleObjectImpl@VCOPOSItemDispenser@@@ATL@@UEAAJPEAPEAUIOleClientSite@@@Z 0000000180002b50 f i ItemDispenser.obj
 0001:00001b98       ?Close@?$IOleObjectImpl@VCOPOSItemDispenser@@@ATL@@UEAAJK@Z 0000000180002b98 f i ItemDispenser.obj
 0001:00001bb4       ?DoVerb@?$IOleObjectImpl@VCOPOSItemDispenser@@@ATL@@UEAAJJPEAUtagMSG@@PEAUIOleClientSite@@JPEAUHWND__@@PEBUtagRECT@@@Z 0000000180002bb4 f i ItemDispenser.obj
 0001:00001d58       ?EnumVerbs@?$IOleObjectImpl@VCOPOSItemDispenser@@@ATL@@UEAAJPEAPEAUIEnumOLEVERB@@@Z 0000000180002d58 f i ItemDispenser.obj
 0001:00001d74       ?GetUserType@?$IOleObjectImpl@VCOPOSItemDispenser@@@ATL@@UEAAJKPEAPEA_W@Z 0000000180002d74 f i ItemDispenser.obj
 0001:00001d84       ?SetExtent@?$IOleObjectImpl@VCOPOSItemDispenser@@@ATL@@UEAAJKPEAUtagSIZE@@@Z 0000000180002d84 f i ItemDispenser.obj
 0001:00001da0       ?GetExtent@?$IOleObjectImpl@VCOPOSItemDispenser@@@ATL@@UEAAJKPEAUtagSIZE@@@Z 0000000180002da0 f i ItemDispenser.obj
 0001:00001dd0       ?Advise@?$IOleObjectImpl@VCOPOSItemDispenser@@@ATL@@UEAAJPEAUIAdviseSink@@PEAK@Z 0000000180002dd0 f i ItemDispenser.obj
 0001:00001e2c       ?Unadvise@?$IOleObjectImpl@VCOPOSItemDispenser@@@ATL@@UEAAJK@Z 0000000180002e2c f i ItemDispenser.obj
 0001:00001e64       ?EnumAdvise@?$IOleObjectImpl@VCOPOSItemDispenser@@@ATL@@UEAAJPEAPEAUIEnumSTATDATA@@@Z 0000000180002e64 f i ItemDispenser.obj
 0001:00001eac       ?GetMiscStatus@?$IOleObjectImpl@VCOPOSItemDispenser@@@ATL@@UEAAJKPEAK@Z 0000000180002eac f i ItemDispenser.obj
 0001:00001ebc       ?GetWindow@?$IOleInPlaceActiveObjectImpl@VCOPOSItemDispenser@@@ATL@@UEAAJPEAPEAUHWND__@@@Z 0000000180002ebc f i ItemDispenser.obj
 0001:00001f10       ?TranslateAcceleratorW@?$IOleInPlaceActiveObjectImpl@VCOPOSItemDispenser@@@ATL@@UEAAJPEAUtagMSG@@@Z 0000000180002f10 f i ItemDispenser.obj
 0001:00002004       ?OnDocWindowActivate@?$IOleInPlaceActiveObjectImpl@VCOPOSItemDispenser@@@ATL@@UEAAJH@Z 0000000180003004 f i ItemDispenser.obj
 0001:00002030       ?Draw@?$IViewObjectExImpl@VCOPOSItemDispenser@@@ATL@@UEAAJKJPEAXPEAUtagDVTARGETDEVICE@@PEAUHDC__@@2PEBU_RECTL@@3P6AH_K@Z4@Z 0000000180003030 f i ItemDispenser.obj
 0001:00002094       ?SetAdvise@?$IViewObjectExImpl@VCOPOSItemDispenser@@@ATL@@UEAAJKKPEAUIAdviseSink@@@Z 0000000180003094 f i ItemDispenser.obj
 0001:000020e8       ?GetAdvise@?$IViewObjectExImpl@VCOPOSItemDispenser@@@ATL@@UEAAJPEAK0PEAPEAUIAdviseSink@@@Z 00000001800030e8 f i ItemDispenser.obj
 0001:00002124       ?GetExtent@?$IViewObjectExImpl@VCOPOSItemDispenser@@@ATL@@UEAAJKJPEAUtagDVTARGETDEVICE@@PEAUtagSIZE@@@Z 0000000180003124 f i ItemDispenser.obj
 0001:00002154       ?GetViewStatus@?$IViewObjectExImpl@VCOPOSItemDispenser@@@ATL@@UEAAJPEAK@Z 0000000180003154 f i ItemDispenser.obj
 0001:00002168       ?QueryHitPoint@?$IViewObjectExImpl@VCOPOSItemDispenser@@@ATL@@UEAAJKPEBUtagRECT@@UtagPOINT@@JPEAK@Z 0000000180003168 f i ItemDispenser.obj
 0001:000021ac       ?QueryHitRect@?$IViewObjectExImpl@VCOPOSItemDispenser@@@ATL@@UEAAJKPEBUtagRECT@@0JPEAK@Z 00000001800031ac f i ItemDispenser.obj
 0001:00002214       ?GetNaturalExtent@?$IViewObjectExImpl@VCOPOSItemDispenser@@@ATL@@UEAAJKJPEAUtagDVTARGETDEVICE@@PEAUHDC__@@PEAUtagExtentInfo@@PEAUtagSIZE@@@Z 0000000180003214 f i ItemDispenser.obj
 0001:0000225c       ?GetWindow@?$IOleInPlaceObjectWindowlessImpl@VCOPOSItemDispenser@@@ATL@@UEAAJPEAPEAUHWND__@@@Z 000000018000325c f i ItemDispenser.obj
 0001:000022b0       ?InPlaceDeactivate@?$IOleInPlaceObjectWindowlessImpl@VCOPOSItemDispenser@@@ATL@@UEAAJXZ 00000001800032b0 f i ItemDispenser.obj
 0001:000022cc       ?UIDeactivate@?$IOleInPlaceObjectWindowlessImpl@VCOPOSItemDispenser@@@ATL@@UEAAJXZ 00000001800032cc f i ItemDispenser.obj
 0001:000022e8       ?SetObjectRects@?$IOleInPlaceObjectWindowlessImpl@VCOPOSItemDispenser@@@ATL@@UEAAJPEBUtagRECT@@0@Z 00000001800032e8 f i ItemDispenser.obj
 0001:00002304       ?OnWindowMessage@?$IOleInPlaceObjectWindowlessImpl@VCOPOSItemDispenser@@@ATL@@UEAAJI_K_JPEA_J@Z 0000000180003304 f i ItemDispenser.obj
 0001:000023cc       ?EnumConnectionPoints@?$IConnectionPointContainerImpl@VCOPOSItemDispenser@@@ATL@@UEAAJPEAPEAUIEnumConnectionPoints@@@Z 00000001800033cc f i ItemDispenser.obj
 0001:000025ec       ?FindConnectionPoint@?$IConnectionPointContainerImpl@VCOPOSItemDispenser@@@ATL@@UEAAJAEBU_GUID@@PEAPEAUIConnectionPoint@@@Z 00000001800035ec f i ItemDispenser.obj
 0001:000026bc       ?IsDirty@?$IPersistStorageImpl@VCOPOSItemDispenser@@@ATL@@UEAAJXZ 00000001800036bc f i ItemDispenser.obj
 0001:00002700       ?InitNew@?$IPersistStorageImpl@VCOPOSItemDispenser@@@ATL@@UEAAJPEAUIStorage@@@Z 0000000180003700 f i ItemDispenser.obj
 0001:00002744       ?Load@?$IPersistStorageImpl@VCOPOSItemDispenser@@@ATL@@UEAAJPEAUIStorage@@@Z 0000000180003744 f i ItemDispenser.obj
 0001:000027e4       ?Save@?$IPersistStorageImpl@VCOPOSItemDispenser@@@ATL@@UEAAJPEAUIStorage@@H@Z 00000001800037e4 f i ItemDispenser.obj
 0001:00002894       ?GetPages@?$ISpecifyPropertyPagesImpl@VCOPOSItemDispenser@@@ATL@@UEAAJPEAUtagCAUUID@@@Z 0000000180003894 f i ItemDispenser.obj
 0001:000028a0       ?QuickActivate@?$IQuickActivateImpl@VCOPOSItemDispenser@@@ATL@@UEAAJPEAUtagQACONTAINER@@PEAUtagQACONTROL@@@Z 00000001800038a0 f i ItemDispenser.obj
 0001:000028bc       ?SetContentExtent@?$IQuickActivateImpl@VCOPOSItemDispenser@@@ATL@@UEAAJPEAUtagSIZE@@@Z 00000001800038bc f i ItemDispenser.obj
 0001:000028f0       ?GetContentExtent@?$IQuickActivateImpl@VCOPOSItemDispenser@@@ATL@@UEAAJPEAUtagSIZE@@@Z 00000001800038f0 f i ItemDispenser.obj
 0001:00002928       ?GetData@?$IDataObjectImpl@VCOPOSItemDispenser@@@ATL@@UEAAJPEAUtagFORMATETC@@PEAUtagSTGMEDIUM@@@Z 0000000180003928 f i ItemDispenser.obj
 0001:00002944       ?DAdvise@?$IDataObjectImpl@VCOPOSItemDispenser@@@ATL@@UEAAJPEAUtagFORMATETC@@KPEAUIAdviseSink@@PEAK@Z 0000000180003944 f i ItemDispenser.obj
 0001:000029cc       ?DUnadvise@?$IDataObjectImpl@VCOPOSItemDispenser@@@ATL@@UEAAJK@Z 00000001800039cc f i ItemDispenser.obj
 0001:000029f8       ?EnumDAdvise@?$IDataObjectImpl@VCOPOSItemDispenser@@@ATL@@UEAAJPEAPEAUIEnumSTATDATA@@@Z 00000001800039f8 f i ItemDispenser.obj
 0001:00002a34       ?GetClassInfoW@?$IProvideClassInfo2Impl@$1?CLSID_OPOSItemDispenser@@3U_GUID@@B$1?DIID__IOPOSItemDispenserEvents@@3U2@B$1?LIBID_OposItemDispenser_CCO@@3U2@B$00$0A@VCComTypeInfoHolder@ATL@@@ATL@@UEAAJPEAPEAUITypeInfo@@@Z 0000000180003a34 f i ItemDispenser.obj
 0001:00002a8c       ?GetGUID@?$IProvideClassInfo2Impl@$1?CLSID_OPOSItemDispenser@@3U_GUID@@B$1?DIID__IOPOSItemDispenserEvents@@3U2@B$1?LIBID_OposItemDispenser_CCO@@3U2@B$00$0A@VCComTypeInfoHolder@ATL@@@ATL@@UEAAJKPEAU_GUID@@@Z 0000000180003a8c f i ItemDispenser.obj
 0001:00002ac0       ?GetInterfaceSafetyOptions@?$IObjectSafetyImpl@VCOPOSItemDispenser@@$02@ATL@@UEAAJAEBU_GUID@@PEAK1@Z 0000000180003ac0 f i ItemDispenser.obj
 0001:00002b54       ?SetInterfaceSafetyOptions@?$IObjectSafetyImpl@VCOPOSItemDispenser@@$02@ATL@@UEAAJAEBU_GUID@@KK@Z 0000000180003b54 f i ItemDispenser.obj
 0001:00002bf8       ?_LocCPQueryInterface@?$IConnectionPointImpl@VCOPOSItemDispenser@@$1?DIID__IOPOSItemDispenserEvents@@3U_GUID@@BVCComDynamicUnkArray@ATL@@@ATL@@UEAAJAEBU_GUID@@PEAPEAX@Z 0000000180003bf8 f i ItemDispenser.obj
 0001:00002bf8       ?_LocCPQueryInterface@?$IConnectionPointImpl@VCOPOSItemDispenser@@$1?IID_IPropertyNotifySink@@3U_GUID@@BVCComDynamicUnkArray@ATL@@@ATL@@UEAAJAEBU_GUID@@PEAPEAX@Z 0000000180003bf8 f i ItemDispenser.obj
 0001:00002c6c       ?GetConnectionInterface@?$IConnectionPointImpl@VCOPOSItemDispenser@@$1?IID_IPropertyNotifySink@@3U_GUID@@BVCComDynamicUnkArray@ATL@@@ATL@@UEAAJPEAU_GUID@@@Z 0000000180003c6c f i ItemDispenser.obj
 0001:00002c88       ?GetConnectionPointContainer@?$IConnectionPointImpl@VCOPOSItemDispenser@@$1?IID_IPropertyNotifySink@@3U_GUID@@BVCComDynamicUnkArray@ATL@@@ATL@@UEAAJPEAPEAUIConnectionPointContainer@@@Z 0000000180003c88 f i ItemDispenser.obj
 0001:00002ca8       ?Advise@?$IConnectionPointImpl@VCOPOSItemDispenser@@$1?IID_IPropertyNotifySink@@3U_GUID@@BVCComDynamicUnkArray@ATL@@@ATL@@UEAAJPEAUIUnknown@@PEAK@Z 0000000180003ca8 f i ItemDispenser.obj
 0001:00002ca8       ?Advise@?$IConnectionPointImpl@VCOPOSItemDispenser@@$1?DIID__IOPOSItemDispenserEvents@@3U_GUID@@BVCComDynamicUnkArray@ATL@@@ATL@@UEAAJPEAUIUnknown@@PEAK@Z 0000000180003ca8 f i ItemDispenser.obj
 0001:00002d68       ?Unadvise@?$IConnectionPointImpl@VCOPOSItemDispenser@@$1?DIID__IOPOSItemDispenserEvents@@3U_GUID@@BVCComDynamicUnkArray@ATL@@@ATL@@UEAAJK@Z 0000000180003d68 f i ItemDispenser.obj
 0001:00002d68       ?Unadvise@?$IConnectionPointImpl@VCOPOSItemDispenser@@$1?IID_IPropertyNotifySink@@3U_GUID@@BVCComDynamicUnkArray@ATL@@@ATL@@UEAAJK@Z 0000000180003d68 f i ItemDispenser.obj
 0001:00002de4       ?EnumConnections@?$IConnectionPointImpl@VCOPOSItemDispenser@@$1?IID_IPropertyNotifySink@@3U_GUID@@BVCComDynamicUnkArray@ATL@@@ATL@@UEAAJPEAPEAUIEnumConnections@@@Z 0000000180003de4 f i ItemDispenser.obj
 0001:00002de4       ?EnumConnections@?$IConnectionPointImpl@VCOPOSItemDispenser@@$1?DIID__IOPOSItemDispenserEvents@@3U_GUID@@BVCComDynamicUnkArray@ATL@@@ATL@@UEAAJPEAPEAUIEnumConnections@@@Z 0000000180003de4 f i ItemDispenser.obj
 0001:00002f8c       ?GetConnectionInterface@?$IConnectionPointImpl@VCOPOSItemDispenser@@$1?DIID__IOPOSItemDispenserEvents@@3U_GUID@@BVCComDynamicUnkArray@ATL@@@ATL@@UEAAJPEAU_GUID@@@Z 0000000180003f8c f i ItemDispenser.obj
 0001:00002fa8       ?GetConnectionPointContainer@?$IConnectionPointImpl@VCOPOSItemDispenser@@$1?DIID__IOPOSItemDispenserEvents@@3U_GUID@@BVCComDynamicUnkArray@ATL@@@ATL@@UEAAJPEAPEAUIConnectionPointContainer@@@Z 0000000180003fa8 f i ItemDispenser.obj
 0001:00002fc8       ?UpdateRegistry@COPOSItemDispenser@@SAJH@Z 0000000180003fc8 f i ItemDispenser.obj
 0001:00002fe0       ?ProcessWindowMessage@COPOSItemDispenser@@UEAAHPEAUHWND__@@I_K_JAEA_JK@Z 0000000180003fe0 f i ItemDispenser.obj
 0001:00003068       ?SODirectIO@COPOSItemDispenser@@MEAAJJPEAJPEAPEA_W@Z 0000000180004068 f i ItemDispenser.obj
 0001:000030e0       ?SOStatusUpdate@COPOSItemDispenser@@MEAAJJ@Z 00000001800040e0 f i ItemDispenser.obj
 0001:00003130       ?CreateInstance@?$CComCreator@V?$CComObjectCached@VCComClassFactory@ATL@@@ATL@@@ATL@@SAJPEAXAEBU_GUID@@PEAPEAX@Z 0000000180004130 f i ItemDispenser.obj
 0001:00003238       ?CreateInstance@?$CComCreator2@V?$CComCreator@V?$CComObject@VCOPOSItemDispenser@@@ATL@@@ATL@@V?$CComCreator@V?$CComAggObject@VCOPOSItemDispenser@@@ATL@@@2@@ATL@@SAJPEAXAEBU_GUID@@PEAPEAX@Z 0000000180004238 f i ItemDispenser.obj
 0001:00003248       ?Next@?$CComEnumImpl@UIEnumConnectionPoints@@$1?_GUID_b196b285_bab4_101a_b69c_00aa00341d07@@3U__s_GUID@@BPEAUIConnectionPoint@@V?$_CopyInterface@UIConnectionPoint@@@ATL@@@ATL@@UEAAJKPEAPEAUIConnectionPoint@@PEAK@Z 0000000180004248 f i ItemDispenser.obj
 0001:00003314       ?Skip@?$CComEnumImpl@UIEnumConnectionPoints@@$1?_GUID_b196b285_bab4_101a_b69c_00aa00341d07@@3U__s_GUID@@BPEAUIConnectionPoint@@V?$_CopyInterface@UIConnectionPoint@@@ATL@@@ATL@@UEAAJK@Z 0000000180004314 f i ItemDispenser.obj
 0001:00003340       ?Clone@?$CComEnumImpl@UIEnumConnectionPoints@@$1?_GUID_b196b285_bab4_101a_b69c_00aa00341d07@@3U__s_GUID@@BPEAUIConnectionPoint@@V?$_CopyInterface@UIConnectionPoint@@@ATL@@@ATL@@UEAAJPEAPEAUIEnumConnectionPoints@@@Z 0000000180004340 f i ItemDispenser.obj
 0001:0000346c       ?QueryInterface@?$CComObject@V?$CComEnum@UIEnumConnectionPoints@@$1?_GUID_b196b285_bab4_101a_b69c_00aa00341d07@@3U__s_GUID@@BPEAUIConnectionPoint@@V?$_CopyInterface@UIConnectionPoint@@@ATL@@VCComSingleThreadModel@6@@ATL@@@ATL@@UEAAJAEBU_GUID@@PEAPEAX@Z 000000018000446c f i ItemDispenser.obj
 0001:00003480       ??_G?$CComObject@V?$CComEnum@UIEnumConnectionPoints@@$1?_GUID_b196b285_bab4_101a_b69c_00aa00341d07@@3U__s_GUID@@BPEAUIConnectionPoint@@V?$_CopyInterface@UIConnectionPoint@@@ATL@@VCComSingleThreadModel@6@@ATL@@@ATL@@UEAAPEAXI@Z 0000000180004480 f i ItemDispenser.obj
 0001:00003480       ??_E?$CComObject@V?$CComEnum@UIEnumConnectionPoints@@$1?_GUID_b196b285_bab4_101a_b69c_00aa00341d07@@3U__s_GUID@@BPEAUIConnectionPoint@@V?$_CopyInterface@UIConnectionPoint@@@ATL@@VCComSingleThreadModel@6@@ATL@@@ATL@@UEAAPEAXI@Z 0000000180004480 f i ItemDispenser.obj
 0001:000034d8       ?CreateInstance@CComClassFactory@ATL@@UEAAJPEAUIUnknown@@AEBU_GUID@@PEAPEAX@Z 00000001800044d8 f i ItemDispenser.obj
 0001:00003538       ?LockServer@CComClassFactory@ATL@@UEAAJH@Z 0000000180004538 f i ItemDispenser.obj
 0001:0000355c       ??_GCComClassFactory@ATL@@UEAAPEAXI@Z 000000018000455c f i ItemDispenser.obj
 0001:0000355c       ??_ECComClassFactory@ATL@@UEAAPEAXI@Z 000000018000455c f i ItemDispenser.obj
 0001:000035ac       ??$AtlModuleRegisterWndClassInfoT@VAtlModuleRegisterWndClassInfoParamW@ATL@@@ATL@@YAGPEAU_ATL_BASE_MODULE70@0@PEAU_ATL_WIN_MODULE70@0@PEAU_ATL_WNDCLASSINFOW@0@PEAP6A_JPEAUHWND__@@I_K_J@ZVAtlModuleRegisterWndClassInfoParamW@0@@Z 00000001800045ac f i ItemDispenser.obj
 0001:000037ac       ??0?$CComContainedObject@VCOPOSItemDispenser@@@ATL@@QEAA@PEAX@Z 00000001800047ac f i ItemDispenser.obj
 0001:000038c8       ??0?$CComObject@VCOPOSItemDispenser@@@ATL@@QEAA@PEAX@Z 00000001800048c8 f i ItemDispenser.obj
 0001:000039e0       ??0CAtlModule@ATL@@QEAA@XZ 00000001800049e0 f i ItemDispenser.obj
 0001:00003a54       ??1?$CComEnumImpl@UIEnumConnectionPoints@@$1?_GUID_b196b285_bab4_101a_b69c_00aa00341d07@@3U__s_GUID@@BPEAUIConnectionPoint@@V?$_CopyInterface@UIConnectionPoint@@@ATL@@@ATL@@UEAA@XZ 0000000180004a54 f i ItemDispenser.obj
 0001:00003ab0       ??1?$CComEnumImpl@UIEnumConnections@@$1?_GUID_b196b287_bab4_101a_b69c_00aa00341d07@@3U__s_GUID@@BUtagCONNECTDATA@@V?$_Copy@UtagCONNECTDATA@@@ATL@@@ATL@@UEAA@XZ 0000000180004ab0 f i ItemDispenser.obj
 0001:00003b0c       ??1?$CComObject@VCOPOSItemDispenser@@@ATL@@UEAA@XZ 0000000180004b0c f i ItemDispenser.obj
 0001:00003c2c       ??_E?$CComContainedObject@VCOPOSItemDispenser@@@ATL@@UEAAPEAXI@Z 0000000180004c2c f i ItemDispenser.obj
 0001:00003c2c       ??_G?$CComContainedObject@VCOPOSItemDispenser@@@ATL@@UEAAPEAXI@Z 0000000180004c2c f i ItemDispenser.obj
 0001:00003c60       ??_G?$CComObject@VCOPOSItemDispenser@@@ATL@@UEAAPEAXI@Z 0000000180004c60 f i ItemDispenser.obj
 0001:00003c60       ??_E?$CComObject@VCOPOSItemDispenser@@@ATL@@UEAAPEAXI@Z 0000000180004c60 f i ItemDispenser.obj
 0001:00003c94       ?Add@?$CSimpleArray@GV?$CSimpleArrayEqualHelper@G@ATL@@@ATL@@QEAAHAEBG@Z 0000000180004c94 f i ItemDispenser.obj
 0001:00003d48       ?Add@?$CSimpleMap@PEA_WPEA_WVCExpansionVectorEqualHelper@ATL@@@ATL@@QEAAHAEBQEA_W0@Z 0000000180004d48 f i ItemDispenser.obj
 0001:00003de8       ?Add@CComDynamicUnkArray@ATL@@QEAAKPEAUIUnknown@@@Z 0000000180004de8 f i ItemDispenser.obj
 0001:00003ed0       ?Add@CExpansionVector@ATL@@QEAAHPEB_W0@Z 0000000180004ed0 f i ItemDispenser.obj
 0001:00004060       ?AddValue@CRegParser@ATL@@IEAAJAEAVCRegKey@2@PEB_WPEA_W@Z 0000000180005060 f i ItemDispenser.obj
 0001:000044a8       ?AllocateHeap@?$CTempBuffer@_W$0EAA@VCCRTAllocator@ATL@@@ATL@@AEAAX_K@Z 00000001800054a8 f i ItemDispenser.obj
 0001:000044a8       ?AllocateHeap@?$CTempBuffer@E$0BAA@VCCRTAllocator@ATL@@@ATL@@AEAAX_K@Z 00000001800054a8 f i ItemDispenser.obj
 0001:000044a8       ?AllocateHeap@?$CTempBuffer@_W$0BAA@VCCRTAllocator@ATL@@@ATL@@AEAAX_K@Z 00000001800054a8 f i ItemDispenser.obj
 0001:000044d4       ?Append@CParseBuffer@CRegParser@ATL@@QEAAHPEB_WH@Z 00000001800054d4 f i ItemDispenser.obj
 0001:000045ec       ?AtlCallTermFunc@ATL@@YAXPEAU_ATL_MODULE70@1@@Z 00000001800055ec f i ItemDispenser.obj
 0001:00004650       ?AtlComModuleGetClassObject@ATL@@YAJPEAU_ATL_COM_MODULE70@1@AEBU_GUID@@1PEAPEAX@Z 0000000180005650 f i ItemDispenser.obj
 0001:00004790       ?AtlComModuleRegisterServer@ATL@@YAJPEAU_ATL_COM_MODULE70@1@HPEBU_GUID@@@Z 0000000180005790 f i ItemDispenser.obj
 0001:00004850       ?AtlComModuleUnregisterServer@ATL@@YAJPEAU_ATL_COM_MODULE70@1@HPEBU_GUID@@@Z 0000000180005850 f i ItemDispenser.obj
 0001:0000490c       ?AtlCreateTargetDC@ATL@@YAPEAUHDC__@@PEAU2@PEAUtagDVTARGETDEVICE@@@Z 000000018000590c f i ItemDispenser.obj
 0001:00004980       ?AtlHiMetricToPixel@ATL@@YAXPEBUtagSIZE@@PEAU2@@Z 0000000180005980 f i ItemDispenser.obj
 0001:00004a30       ?AtlHresultFromLastError@ATL@@YAJXZ 0000000180005a30 f i ItemDispenser.obj
 0001:00004a50       ?AtlHresultFromWin32@ATL@@YAJK@Z 0000000180005a50 f i ItemDispenser.obj
 0001:00004a60       ?AtlIPersistStreamInit_Load@ATL@@YAJPEAUIStream@@PEBUATL_PROPMAP_ENTRY@1@PEAXPEAUIUnknown@@@Z 0000000180005a60 f i ItemDispenser.obj
 0001:00004c98       ?AtlIPersistStreamInit_Save@ATL@@YAJPEAUIStream@@HPEBUATL_PROPMAP_ENTRY@1@PEAXPEAUIUnknown@@@Z 0000000180005c98 f i ItemDispenser.obj
 0001:00004ed0       ?AtlInternalOleLoadFromStream@ATL@@YAJPEAUIStream@@AEBU_GUID@@PEAPEAXTClassesAllowedInStream@1@K@Z 0000000180005ed0 f i ItemDispenser.obj
 0001:00005014       ?AtlInternalQueryInterface@ATL@@YAJPEAXPEBU_ATL_INTMAP_ENTRY@1@AEBU_GUID@@PEAPEAX@Z 0000000180006014 f i ItemDispenser.obj
 0001:0000511c       ?AtlLoadTypeLib@ATL@@YAJPEAUHINSTANCE__@@PEB_WPEAPEA_WPEAPEAUITypeLib@@@Z 000000018000611c f i ItemDispenser.obj
 0001:00005378       ?AtlModuleAddTermFunc@ATL@@YAJPEAU_ATL_MODULE70@1@P6AX_K@Z1@Z 0000000180006378 f i ItemDispenser.obj
 0001:0000540c       ?AtlRegisterClassCategoriesHelper@ATL@@YAJAEBU_GUID@@PEBU_ATL_CATMAP_ENTRY@1@H@Z 000000018000640c f i ItemDispenser.obj
 0001:00005874       ?AtlRegisterTypeLib@ATL@@YAJPEAUHINSTANCE__@@PEB_W@Z 0000000180006874 f i ItemDispenser.obj
 0001:00005a70       ?AtlThrowImpl@ATL@@YAXJ@Z  0000000180006a70 f i ItemDispenser.obj
 0001:00005a94       ?AtlUnRegisterTypeLib@ATL@@YAJPEAUHINSTANCE__@@PEB_W@Z 0000000180006a94 f i ItemDispenser.obj
 0001:00005b5c       ?AtlWinModuleExtractCreateWndData@ATL@@YAPEAXPEAU_ATL_WIN_MODULE70@1@@Z 0000000180006b5c f i ItemDispenser.obj
 0001:00005be8       ?Cleanup@CComTypeInfoHolder@ATL@@SAX_K@Z 0000000180006be8 f i ItemDispenser.obj
 0001:00005c28       ?ClearReplacements@CExpansionVector@ATL@@QEAAJXZ 0000000180006c28 f i ItemDispenser.obj
 0001:00005cc4       ?CreateInstance@?$CComCreator@V?$CComAggObject@VCOPOSItemDispenser@@@ATL@@@ATL@@SAJPEAXAEBU_GUID@@PEAPEAX@Z 0000000180006cc4 f i ItemDispenser.obj
 0001:00005d9c       ?CreateInstance@?$CComCreator@V?$CComObject@VCOPOSItemDispenser@@@ATL@@@ATL@@SAJPEAXAEBU_GUID@@PEAPEAX@Z 0000000180006d9c f i ItemDispenser.obj
 0001:00005e54       ?CreateInstance@?$CComObject@V?$CComEnum@UIEnumConnectionPoints@@$1?_GUID_b196b285_bab4_101a_b69c_00aa00341d07@@3U__s_GUID@@BPEAUIConnectionPoint@@V?$_CopyInterface@UIConnectionPoint@@@ATL@@VCComSingleThreadModel@6@@ATL@@@ATL@@SAJPEAPEAV12@@Z 0000000180006e54 f i ItemDispenser.obj
 0001:00005ee0       ?CreateInstance@?$CComObject@V?$CComEnum@UIEnumConnections@@$1?_GUID_b196b287_bab4_101a_b69c_00aa00341d07@@3U__s_GUID@@BUtagCONNECTDATA@@V?$_Copy@UtagCONNECTDATA@@@ATL@@VCComSingleThreadModel@6@@ATL@@@ATL@@SAJPEAPEAV12@@Z 0000000180006ee0 f i ItemDispenser.obj
 0001:00005f6c       ?DefaultReflectionHandler@?$CWindowImplRoot@VCWindow@ATL@@@ATL@@SAHPEAUHWND__@@I_K_JAEA_J@Z 0000000180006f6c f i ItemDispenser.obj
 0001:00005fd0       ?DeleteSubKey@CRegKey@ATL@@QEAAJPEB_W@Z 0000000180006fd0 f i ItemDispenser.obj
 0001:00006068       ?DoEvent@COPOSItemDispenser@@IEAAXI_K_J@Z 0000000180007068 f i ItemDispenser.obj
 0001:0000611c       ?DoVerbPrimary@?$IOleObjectImpl@VCOPOSItemDispenser@@@ATL@@QEAAJPEBUtagRECT@@PEAUHWND__@@@Z 000000018000711c f i ItemDispenser.obj
 0001:00006248       ?DoVerbProperties@CComControlBase@ATL@@QEAAJPEBUtagRECT@@PEAUHWND__@@@Z 0000000180007248 f i ItemDispenser.obj
 0001:00006470       ?FireTheEvent@?$CProxy_IOPOSEvents@VCOPOSItemDispenser@@@@IEAAXPEAVOposVariant@@IAEAJPEB_WJ@Z 0000000180007470 f i ItemDispenser.obj
 0001:0000655c       ?FireViewChange@CComControlBase@ATL@@QEAAJXZ 000000018000755c f i ItemDispenser.obj
 0001:000065c0       ?Fire_DirectIOEvent@?$CProxy_IOPOSEvents@VCOPOSItemDispenser@@@@QEAAXJPEAJPEAPEA_W@Z 00000001800075c0 f i ItemDispenser.obj
 0001:00006718       ?Fire_StatusUpdateEvent@?$CProxy_IOPOSEvents@VCOPOSItemDispenser@@@@QEAAXJ@Z 0000000180007718 f i ItemDispenser.obj
 0001:00006804       ?FreeHeap@?$CTempBuffer@_W$0BAA@VCCRTAllocator@ATL@@@ATL@@AEAAXXZ 0000000180007804 f i ItemDispenser.obj
 0001:00006804       ?FreeHeap@?$CTempBuffer@E$0BAA@VCCRTAllocator@ATL@@@ATL@@AEAAXXZ 0000000180007804 f i ItemDispenser.obj
 0001:00006804       ?FreeHeap@?$CTempBuffer@_W$0EAA@VCCRTAllocator@ATL@@@ATL@@AEAAXXZ 0000000180007804 f i ItemDispenser.obj
 0001:0000680c       ?GetAmbientLocaleID@CComControlBase@ATL@@QEAAJAEAK@Z 000000018000780c f i ItemDispenser.obj
 0001:000068cc       ?GetAmbientUserMode@CComControlBase@ATL@@QEAAJAEAH@Z 00000001800078cc f i ItemDispenser.obj
 0001:0000699c       ?GetClassObject@CComModule@ATL@@QEAAJAEBU_GUID@@0PEAPEAX@Z 000000018000799c f i ItemDispenser.obj
 0001:00006a90       ?GetConnMap@COPOSItemDispenser@@SAPEBU_ATL_CONNMAP_ENTRY@ATL@@PEAH@Z 0000000180007a90 f i ItemDispenser.obj
 0001:00006b18       ?GetIDsOfNames@CComTypeInfoHolder@ATL@@QEAAJAEBU_GUID@@PEAPEA_WIKPEAJ@Z 0000000180007b18 f i ItemDispenser.obj
 0001:00006c90       ?GetPagesHelper@?$ISpecifyPropertyPagesImpl@VCOPOSItemDispenser@@@ATL@@IEAAJPEAUtagCAUUID@@PEBUATL_PROPMAP_ENTRY@2@@Z 0000000180007c90 f i ItemDispenser.obj
 0001:00006e30       ?GetSizeMax@CComVariant@ATL@@QEBAJPEAT_ULARGE_INTEGER@@@Z 0000000180007e30 f i ItemDispenser.obj
 0001:00007064       ?GetTI@CComTypeInfoHolder@ATL@@QEAAJK@Z 0000000180008064 f i ItemDispenser.obj
 0001:000072dc       ?GetZoomInfo@CComControlBase@ATL@@QEAAXAEAUATL_DRAWINFO@@@Z 00000001800082dc f i ItemDispenser.obj
 0001:00007380       ?HKeyFromString@CRegParser@ATL@@KAPEAUHKEY__@@PEA_W@Z 0000000180008380 f i ItemDispenser.obj
 0001:000073e4       ?IDataObject_GetData@CComControlBase@ATL@@QEAAJPEAUtagFORMATETC@@PEAUtagSTGMEDIUM@@@Z 00000001800083e4 f i ItemDispenser.obj
 0001:000075d8       ?IOleInPlaceObject_InPlaceDeactivate@CComControlBase@ATL@@QEAAJXZ 00000001800085d8 f i ItemDispenser.obj
 0001:00007678       ?IOleInPlaceObject_SetObjectRects@CComControlBase@ATL@@QEAAJPEBUtagRECT@@0@Z 0000000180008678 f i ItemDispenser.obj
 0001:00007768       ?IOleInPlaceObject_UIDeactivate@CComControlBase@ATL@@QEAAJXZ 0000000180008768 f i ItemDispenser.obj
 0001:00007874       ?IOleObject_Close@CComControlBase@ATL@@QEAAJK@Z 0000000180008874 f i ItemDispenser.obj
 0001:0000798c       ?IOleObject_SetClientSite@CComControlBase@ATL@@QEAAJPEAUIOleClientSite@@@Z 000000018000898c f i ItemDispenser.obj
 0001:00007a04       ?IOleObject_SetExtent@CComControlBase@ATL@@QEAAJKPEAUtagSIZE@@@Z 0000000180008a04 f i ItemDispenser.obj
 0001:00007a9c       ?IPSI_GetIPersistStreamInit@?$IPersistStorageImpl@VCOPOSItemDispenser@@@ATL@@AEAAPEAUIPersistStreamInit@@XZ 0000000180008a9c f i ItemDispenser.obj
 0001:00007af8       ?IQuickActivate_QuickActivate@CComControlBase@ATL@@QEAAJPEAUtagQACONTAINER@@PEAUtagQACONTROL@@@Z 0000000180008af8 f i ItemDispenser.obj
 0001:00007dbc       ?IViewObject_Draw@CComControlBase@ATL@@QEAAJKJPEAXPEAUtagDVTARGETDEVICE@@PEAUHDC__@@2PEBU_RECTL@@3@Z 0000000180008dbc f i ItemDispenser.obj
 0001:00007ed0       ?InPlaceActivate@CComControlBase@ATL@@QEAAJJPEBUtagRECT@@@Z 0000000180008ed0 f i ItemDispenser.obj
 0001:00008208       ?Init@?$CComEnumImpl@UIEnumConnectionPoints@@$1?_GUID_b196b285_bab4_101a_b69c_00aa00341d07@@3U__s_GUID@@BPEAUIConnectionPoint@@V?$_CopyInterface@UIConnectionPoint@@@ATL@@@ATL@@QEAAJPEAPEAUIConnectionPoint@@0PEAUIUnknown@@W4CComEnumFlags@2@@Z 0000000180009208 f i ItemDispenser.obj
 0001:00008328       ?Init@?$CComEnumImpl@UIEnumConnections@@$1?_GUID_b196b287_bab4_101a_b69c_00aa00341d07@@3U__s_GUID@@BUtagCONNECTDATA@@V?$_Copy@UtagCONNECTDATA@@@ATL@@@ATL@@QEAAJPEAUtagCONNECTDATA@@0PEAUIUnknown@@W4CComEnumFlags@2@@Z 0000000180009328 f i ItemDispenser.obj
 0001:0000844c       ?IsEqualObject@?$CComPtrBase@UITypeInfo@@@ATL@@QEAA_NPEAUIUnknown@@@Z 000000018000944c f i ItemDispenser.obj
 0001:0000844c       ?IsEqualObject@?$CComPtrBase@UIOleClientSite@@@ATL@@QEAA_NPEAUIUnknown@@@Z 000000018000944c f i ItemDispenser.obj
 0001:000084d8       ?LoadNameCache@CComTypeInfoHolder@ATL@@QEAAJPEAUITypeInfo@@@Z 00000001800094d8 f i ItemDispenser.obj
 0001:0000865c       ?Lookup@?$CSimpleMap@PEA_WPEA_WVCExpansionVectorEqualHelper@ATL@@@ATL@@QEBAPEA_WAEBQEA_W@Z 000000018000965c f i ItemDispenser.obj
 0001:000086e8       ?NextToken@CRegParser@ATL@@IEAAJPEA_W@Z 00000001800096e8 f i ItemDispenser.obj
 0001:000088a0       ?OnKillFocus@CComControlBase@ATL@@QEAA_JI_K_JAEAH@Z 00000001800098a0 f i ItemDispenser.obj
 0001:0000893c       ?OnMouseActivate@CComControlBase@ATL@@QEAA_JI_K_JAEAH@Z 000000018000993c f i ItemDispenser.obj
 0001:000089dc       ?OnPaint@CComControlBase@ATL@@QEAA_JI_K_JAEAH@Z 00000001800099dc f i ItemDispenser.obj
 0001:00008ac8       ?OnSetFocus@CComControlBase@ATL@@QEAA_JI_K_JAEAH@Z 0000000180009ac8 f i ItemDispenser.obj
 0001:00008bc4       ?Open@CRegKey@ATL@@QEAAJPEAUHKEY__@@PEB_WK@Z 0000000180009bc4 f i ItemDispenser.obj
 0001:00008c50       ?PreProcessBuffer@CRegParser@ATL@@QEAAJPEA_WPEAPEA_W@Z 0000000180009c50 f i ItemDispenser.obj
 0001:00008fd4       ?ProcessWindowMessage@?$CComControl@VCOPOSItemDispenser@@V?$CWindowImpl@VCOPOSItemDispenser@@VCWindow@ATL@@V?$CWinTraits@$0FGAAAAAA@$0A@@3@@ATL@@@ATL@@UEAAHPEAUHWND__@@I_K_JAEA_JK@Z 0000000180009fd4 f i ItemDispenser.obj
 0001:000090b8       ?PutProperty@?$CComPtr@UIDispatch@@@ATL@@SAJPEAUIDispatch@@JPEAUtagVARIANT@@@Z 000000018000a0b8 f i ItemDispenser.obj
 0001:000091bc       ?ReadFromStream@CComBSTR@ATL@@QEAAJPEAUIStream@@@Z 000000018000a1bc f i ItemDispenser.obj
 0001:00009318       ?ReadFromStream@CComVariant@ATL@@QEAAJPEAUIStream@@GTClassesAllowedInStream@2@K@Z 000000018000a318 f i ItemDispenser.obj
 0001:00009528       ?RecurseDeleteKey@CRegKey@ATL@@QEAAJPEB_W@Z 000000018000a528 f i ItemDispenser.obj
 0001:00009634       ?RegCreateKeyExW@CAtlTransactionManager@ATL@@QEAAJPEAUHKEY__@@PEB_WKPEA_WKKQEAU_SECURITY_ATTRIBUTES@@PEAPEAU3@PEAK@Z 000000018000a634 f i ItemDispenser.obj
 0001:00009768       ?RegDeleteKeyW@CAtlTransactionManager@ATL@@QEAAJPEAUHKEY__@@PEB_W@Z 000000018000a768 f i ItemDispenser.obj
 0001:000097f4       ?RegOpenKeyExW@CAtlTransactionManager@ATL@@QEAAJPEAUHKEY__@@PEB_WKKPEAPEAU3@@Z 000000018000a7f4 f i ItemDispenser.obj
 0001:000098ac       ?RegisterBuffer@CRegParser@ATL@@QEAAJPEA_WH@Z 000000018000a8ac f i ItemDispenser.obj
 0001:00009a14       ?RegisterFromResource@CRegObject@ATL@@IEAAJPEB_W00H@Z 000000018000aa14 f i ItemDispenser.obj
 0001:00009bd0       ?RegisterServer@CComModule@ATL@@QEAAJHPEBU_GUID@@@Z 000000018000abd0 f i ItemDispenser.obj
 0001:00009c90       ?RegisterSubkeys@CRegParser@ATL@@IEAAJPEA_WPEAUHKEY__@@HH@Z 000000018000ac90 f i ItemDispenser.obj
 0001:0000a384       ?SendOnDataChange@CComControlBase@ATL@@QEAAJK@Z 000000018000b384 f i ItemDispenser.obj
 0001:0000a3f4       ?SetControlFocus@CComControlBase@ATL@@QEAAHH@Z 000000018000b3f4 f i ItemDispenser.obj
 0001:0000a4d0       ?SkipAssignment@CRegParser@ATL@@IEAAJPEA_W@Z 000000018000b4d0 f i ItemDispenser.obj
 0001:0000a574       ?Term@CComModule@ATL@@QEAAXXZ 000000018000b574 f i ItemDispenser.obj
 0001:0000a620       ?UnregisterServer@CComModule@ATL@@QEAAJHPEBU_GUID@@@Z 000000018000b620 f i ItemDispenser.obj
 0001:0000a6d0       ?UpdateRegistryFromResource@CAtlModule@ATL@@QEAAJIHPEAU_ATL_REGMAP_ENTRY@2@@Z 000000018000b6d0 f i ItemDispenser.obj
 0001:0000aa08       ?UpdateRegistryFromResource@CAtlModule@ATL@@QEAAJPEB_WHPEAU_ATL_REGMAP_ENTRY@2@@Z 000000018000ba08 f i ItemDispenser.obj
 0001:0000ad60       ?VTFromRegType@CRegParser@ATL@@KAHPEB_WAEAG@Z 000000018000bd60 f i ItemDispenser.obj
 0001:0000adfc       ?WindowProc@?$CWindowImplBaseT@VCWindow@ATL@@V?$CWinTraits@$0FGAAAAAA@$0A@@2@@ATL@@SA_JPEAUHWND__@@I_K_J@Z 000000018000bdfc f i ItemDispenser.obj
 0001:0000af68       ?WriteToStream@CComBSTR@ATL@@QEAAJPEAUIStream@@@Z 000000018000bf68 f i ItemDispenser.obj
 0001:0000afe8       ?WriteToStream@CComVariant@ATL@@QEAAJPEAUIStream@@@Z 000000018000bfe8 f i ItemDispenser.obj
 0001:0000b1fc       ?WriteToStream@CComVariant@ATL@@QEAAJPEAUIStream@@G@Z 000000018000c1fc f i ItemDispenser.obj
 0001:0000b294       ?_AtlVerifyStackAvailable@_ATL_SAFE_ALLOCA_IMPL@ATL@@YA_N_K@Z 000000018000c294 f i ItemDispenser.obj
 0001:0000b318       ?atlCreate@?$CWindowImpl@VCOPOSItemDispenser@@VCWindow@ATL@@V?$CWinTraits@$0FGAAAAAA@$0A@@3@@ATL@@QEAAPEAUHWND__@@PEAU3@V_U_RECT@2@PEB_WKKV_U_MENUorID@2@PEAX@Z 000000018000c318 f i ItemDispenser.obj
 0001:0000b3c8       ?atlCreate@?$CWindowImplBaseT@VCWindow@ATL@@V?$CWinTraits@$0FGAAAAAA@$0A@@2@@ATL@@QEAAPEAUHWND__@@PEAU3@V_U_RECT@2@PEB_WKKV_U_MENUorID@2@GPEAX@Z 000000018000c3c8 f i ItemDispenser.obj
 0001:0000b538       ?atlCreate@CRegKey@ATL@@QEAAJPEAUHKEY__@@PEB_WPEA_WKKPEAU_SECURITY_ATTRIBUTES@@PEAK@Z 000000018000c538 f i ItemDispenser.obj
 0001:0000b624       DllCanUnloadNow            000000018000c624 f   ItemDispenser.obj
 0001:0000b630       DllGetClassObject          000000018000c630 f   ItemDispenser.obj
 0001:0000b648       DllMain                    000000018000c648 f   ItemDispenser.obj
 0001:0000b6f0       DllRegisterServer          000000018000c6f0 f   ItemDispenser.obj
 0001:0000b704       DllUnregisterServer        000000018000c704 f   ItemDispenser.obj
 0001:0000b718       __local_stdio_printf_options 000000018000c718 f i ItemDispenser.obj
 0001:0000b7a8       swprintf_s                 000000018000c7a8 f i ItemDispenser.obj
 0001:0000b7fc       ??0COPOSItemDispenser@@QEAA@XZ 000000018000c7fc f   ItemDispenserImpl.obj
 0001:0000b8b8       ??1?$IConnectionPointImpl@VCOPOSItemDispenser@@$1?DIID__IOPOSItemDispenserEvents@@3U_GUID@@BVCComDynamicUnkArray@ATL@@@ATL@@QEAA@XZ 000000018000c8b8 f i ItemDispenserImpl.obj
 0001:0000b8b8       ??1?$IConnectionPointImpl@VCOPOSItemDispenser@@$1?IID_IPropertyNotifySink@@3U_GUID@@BVCComDynamicUnkArray@ATL@@@ATL@@QEAA@XZ 000000018000c8b8 f i ItemDispenserImpl.obj
 0001:0000b914       ??1CComControlBase@ATL@@UEAA@XZ 000000018000c914 f i ItemDispenserImpl.obj
 0001:0000b990       ??1COPOSItemDispenser@@UEAA@XZ 000000018000c990 f   ItemDispenserImpl.obj
 0001:0000b9f4       ?AdjustItemCount@COPOSItemDispenser@@UEAAJJJPEAJ@Z 000000018000c9f4 f   ItemDispenserImpl.obj
 0001:0000bac0       ?CheckHealth@COPOSItemDispenser@@UEAAJJPEAJ@Z 000000018000cac0 f   ItemDispenserImpl.obj
 0001:0000bb3c       ?ClaimDevice@COPOSItemDispenser@@UEAAJJPEAJ@Z 000000018000cb3c f   ItemDispenserImpl.obj
 0001:0000bbdc       ?Close@COPOSItemDispenser@@UEAAJPEAJ@Z 000000018000cbdc f   ItemDispenserImpl.obj
 0001:0000bc94       ?CompareFirmwareVersion@COPOSItemDispenser@@UEAAJPEA_WPEAJ1@Z 000000018000cc94 f   ItemDispenserImpl.obj
 0001:0000bd70       ?DirectIO@COPOSItemDispenser@@UEAAJJPEAJPEAPEA_W0@Z 000000018000cd70 f   ItemDispenserImpl.obj
 0001:0000be6c       ?DispenseItem@COPOSItemDispenser@@UEAAJPEAJJ0@Z 000000018000ce6c f   ItemDispenserImpl.obj
 0001:0000bf44       ?DoInvoke@COPOSItemDispenser@@IEAAJJPEAVOposVariant@@IHPEAJ_N@Z 000000018000cf44 f   ItemDispenserImpl.obj
 0001:0000c078       ?EventInit@COPOSItemDispenser@@IEAAJXZ 000000018000d078 f i ItemDispenserImpl.obj
 0001:0000c1c0       ?EventUninit@COPOSItemDispenser@@IEAAXXZ 000000018000d1c0 f i ItemDispenserImpl.obj
 0001:0000c224       ?EventWindowProc@COPOSItemDispenser@@IEAA_JI_K_J@Z 000000018000d224 f i ItemDispenserImpl.obj
 0001:0000c31c       ?FinalConstruct@COPOSItemDispenser@@QEAAJXZ 000000018000d31c f   ItemDispenserImpl.obj
 0001:0000c358       ?FreezeEvents@COPOSItemDispenser@@MEAAJH@Z 000000018000d358 f   ItemDispenserImpl.obj
 0001:0000c3cc       ?GetOposProp@COPOSItemDispenser@@IEAAJJPEAJJ@Z 000000018000d3cc f   ItemDispenserImpl.obj
 0001:0000c4e8       ?GetOposProp@COPOSItemDispenser@@IEAAJJPEAPEA_WJ@Z 000000018000d4e8 f   ItemDispenserImpl.obj
 0001:0000c614       ?OnDraw@COPOSItemDispenser@@MEAAJAEAUATL_DRAWINFO@@@Z 000000018000d614 f   ItemDispenserImpl.obj
 0001:0000c700       ?Open@COPOSItemDispenser@@UEAAJPEA_WPEAJ@Z 000000018000d700 f   ItemDispenserImpl.obj
 0001:0000cf88       ?ReadItemCount@COPOSItemDispenser@@UEAAJPEAJJ0@Z 000000018000df88 f   ItemDispenserImpl.obj
 0001:0000d060       ?ReleaseDevice@COPOSItemDispenser@@UEAAJPEAJ@Z 000000018000e060 f   ItemDispenserImpl.obj
 0001:0000d0cc       ?ResetStatistics@COPOSItemDispenser@@UEAAJPEA_WPEAJ@Z 000000018000e0cc f   ItemDispenserImpl.obj
 0001:0000d154       ?RetrieveStatistics@COPOSItemDispenser@@UEAAJPEAPEA_WPEAJ@Z 000000018000e154 f   ItemDispenserImpl.obj
 0001:0000d1dc       ?SOProcessID@COPOSItemDispenser@@UEAAJPEAJ@Z 000000018000e1dc f   ItemDispenserImpl.obj
 0001:0000d1f8       ?SetCOFreezeEvents@COPOSItemDispenser@@IEAAXF@Z 000000018000e1f8 f   ItemDispenserImpl.obj
 0001:0000d2dc       ?SetOposProp@COPOSItemDispenser@@IEAAJJJJ@Z 000000018000e2dc f   ItemDispenserImpl.obj
 0001:0000d43c       ?UpdateFirmware@COPOSItemDispenser@@UEAAJPEA_WPEAJ@Z 000000018000e43c f   ItemDispenserImpl.obj
 0001:0000d4c4       ?UpdateStatistics@COPOSItemDispenser@@UEAAJPEA_WPEAJ@Z 000000018000e4c4 f   ItemDispenserImpl.obj
 0001:0000d54c       ?get_BinaryConversion@COPOSItemDispenser@@UEAAJPEAJ@Z 000000018000e54c f   ItemDispenserImpl.obj
 0001:0000d560       ?get_CapCompareFirmwareVersion@COPOSItemDispenser@@UEAAJPEAF@Z 000000018000e560 f   ItemDispenserImpl.obj
 0001:0000d594       ?get_CapEmptySensor@COPOSItemDispenser@@UEAAJPEAF@Z 000000018000e594 f   ItemDispenserImpl.obj
 0001:0000d5c8       ?get_CapIndividualSlotStatus@COPOSItemDispenser@@UEAAJPEAF@Z 000000018000e5c8 f   ItemDispenserImpl.obj
 0001:0000d5fc       ?get_CapJamSensor@COPOSItemDispenser@@UEAAJPEAF@Z 000000018000e5fc f   ItemDispenserImpl.obj
 0001:0000d630       ?get_CapNearEmptySensor@COPOSItemDispenser@@UEAAJPEAF@Z 000000018000e630 f   ItemDispenserImpl.obj
 0001:0000d664       ?get_CapPowerReporting@COPOSItemDispenser@@UEAAJPEAJ@Z 000000018000e664 f   ItemDispenserImpl.obj
 0001:0000d678       ?get_CapStatisticsReporting@COPOSItemDispenser@@UEAAJPEAF@Z 000000018000e678 f   ItemDispenserImpl.obj
 0001:0000d6ac       ?get_CapUpdateFirmware@COPOSItemDispenser@@UEAAJPEAF@Z 000000018000e6ac f   ItemDispenserImpl.obj
 0001:0000d6e0       ?get_CapUpdateStatistics@COPOSItemDispenser@@UEAAJPEAF@Z 000000018000e6e0 f   ItemDispenserImpl.obj
 0001:0000d714       ?get_CheckHealthText@COPOSItemDispenser@@UEAAJPEAPEA_W@Z 000000018000e714 f   ItemDispenserImpl.obj
 0001:0000d728       ?get_Claimed@COPOSItemDispenser@@UEAAJPEAF@Z 000000018000e728 f   ItemDispenserImpl.obj
 0001:0000d75c       ?get_ControlObjectDescription@COPOSItemDispenser@@UEAAJPEAPEA_W@Z 000000018000e75c f   ItemDispenserImpl.obj
 0001:0000d7c0       ?get_ControlObjectVersion@COPOSItemDispenser@@UEAAJPEAJ@Z 000000018000e7c0 f   ItemDispenserImpl.obj
 0001:0000d7cc       ?get_DeviceDescription@COPOSItemDispenser@@UEAAJPEAPEA_W@Z 000000018000e7cc f   ItemDispenserImpl.obj
 0001:0000d7e0       ?get_DeviceEnabled@COPOSItemDispenser@@UEAAJPEAF@Z 000000018000e7e0 f   ItemDispenserImpl.obj
 0001:0000d814       ?get_DeviceName@COPOSItemDispenser@@UEAAJPEAPEA_W@Z 000000018000e814 f   ItemDispenserImpl.obj
 0001:0000d828       ?get_DispenserStatus@COPOSItemDispenser@@UEAAJPEAJ@Z 000000018000e828 f   ItemDispenserImpl.obj
 0001:0000d83c       ?get_FreezeEvents@COPOSItemDispenser@@UEAAJPEAF@Z 000000018000e83c f   ItemDispenserImpl.obj
 0001:0000d86c       ?get_MaxSlots@COPOSItemDispenser@@UEAAJPEAJ@Z 000000018000e86c f   ItemDispenserImpl.obj
 0001:0000d880       ?get_OpenResult@COPOSItemDispenser@@UEAAJPEAJ@Z 000000018000e880 f   ItemDispenserImpl.obj
 0001:0000d88c       ?get_PowerNotify@COPOSItemDispenser@@UEAAJPEAJ@Z 000000018000e88c f   ItemDispenserImpl.obj
 0001:0000d8a0       ?get_PowerState@COPOSItemDispenser@@UEAAJPEAJ@Z 000000018000e8a0 f   ItemDispenserImpl.obj
 0001:0000d8b4       ?get_ResultCode@COPOSItemDispenser@@UEAAJPEAJ@Z 000000018000e8b4 f   ItemDispenserImpl.obj
 0001:0000d8f0       ?get_ResultCodeExtended@COPOSItemDispenser@@UEAAJPEAJ@Z 000000018000e8f0 f   ItemDispenserImpl.obj
 0001:0000d904       ?get_ServiceObjectDescription@COPOSItemDispenser@@UEAAJPEAPEA_W@Z 000000018000e904 f   ItemDispenserImpl.obj
 0001:0000d918       ?get_ServiceObjectVersion@COPOSItemDispenser@@UEAAJPEAJ@Z 000000018000e918 f   ItemDispenserImpl.obj
 0001:0000d92c       ?get_State@COPOSItemDispenser@@UEAAJPEAJ@Z 000000018000e92c f   ItemDispenserImpl.obj
 0001:0000d958       ?put_BinaryConversion@COPOSItemDispenser@@UEAAJJ@Z 000000018000e958 f   ItemDispenserImpl.obj
 0001:0000d96c       ?put_DeviceEnabled@COPOSItemDispenser@@UEAAJF@Z 000000018000e96c f   ItemDispenserImpl.obj
 0001:0000d984       ?put_FreezeEvents@COPOSItemDispenser@@UEAAJF@Z 000000018000e984 f   ItemDispenserImpl.obj
 0001:0000d9d4       ?put_PowerNotify@COPOSItemDispenser@@UEAAJJ@Z 000000018000e9d4 f   ItemDispenserImpl.obj
 0001:0000d9e8       ?s_EventWindowProc@COPOSItemDispenser@@KA_JPEAUHWND__@@I_K_J@Z 000000018000e9e8 f i ItemDispenserImpl.obj
 0001:0000da64       ??_U@YAPEAX_K@Z            000000018000ea64 f   LIBCMT:new_array.obj
 0001:0000da6c       ??_V@YAXPEAX@Z             000000018000ea6c f   LIBCMT:delete_array.obj
 0001:0000da6c       ??3@YAXPEAX_K@Z            000000018000ea6c f   LIBCMT:delete_scalar_size.obj
 0001:0000da74       ??_V@YAXPEAX_K@Z           000000018000ea74 f   LIBCMT:delete_array_size.obj
 0001:0000da7c       __scrt_acquire_startup_lock 000000018000ea7c f   LIBCMT:utility.obj
 0001:0000dab8       __scrt_dllmain_after_initialize_c 000000018000eab8 f   LIBCMT:utility.obj
 0001:0000daec       __scrt_dllmain_before_initialize_c 000000018000eaec f   LIBCMT:utility.obj
 0001:0000db04       __scrt_dllmain_crt_thread_attach 000000018000eb04 f   LIBCMT:utility.obj
 0001:0000db2c       __scrt_dllmain_crt_thread_detach 000000018000eb2c f   LIBCMT:utility.obj
 0001:0000db44       __scrt_dllmain_exception_filter 000000018000eb44 f   LIBCMT:utility.obj
 0001:0000dba4       __scrt_dllmain_uninitialize_c 000000018000eba4 f   LIBCMT:utility.obj
 0001:0000dbd4       __scrt_dllmain_uninitialize_critical 000000018000ebd4 f   LIBCMT:utility.obj
 0001:0000dbe8       __scrt_initialize_crt      000000018000ebe8 f   LIBCMT:utility.obj
 0001:0000dc34       __scrt_initialize_onexit_tables 000000018000ec34 f   LIBCMT:utility.obj
 0001:0000dcc0       __scrt_is_nonwritable_in_current_image 000000018000ecc0 f   LIBCMT:utility.obj
 0001:0000dd58       __scrt_release_startup_lock 000000018000ed58 f   LIBCMT:utility.obj
 0001:0000dd7c       __scrt_uninitialize_crt    000000018000ed7c f   LIBCMT:utility.obj
 0001:0000dda8       _onexit                    000000018000eda8 f   LIBCMT:utility.obj
 0001:0000dde4       atexit                     000000018000ede4 f   LIBCMT:utility.obj
 0001:0000ddfc       ??3@YAXPEAX@Z              000000018000edfc f   LIBCMT:delete_scalar.obj
 0001:0000defc       _Init_thread_footer        000000018000eefc f   LIBCMT:thread_safe_statics.obj
 0001:0000df5c       _Init_thread_header        000000018000ef5c f   LIBCMT:thread_safe_statics.obj
 0001:0000dfc4       _Init_thread_notify        000000018000efc4 f   LIBCMT:thread_safe_statics.obj
 0001:0000e008       _Init_thread_wait          000000018000f008 f   LIBCMT:thread_safe_statics.obj
 0001:0000e06c       __raise_securityfailure    000000018000f06c f   LIBCMT:gs_report.obj
 0001:0000e0a0       __report_gsfailure         000000018000f0a0 f   LIBCMT:gs_report.obj
 0001:0000e174       __report_rangecheckfailure 000000018000f174 f   LIBCMT:gs_report.obj
 0001:0000e188       __report_securityfailure   000000018000f188 f   LIBCMT:gs_report.obj
 0001:0000e308       ??2@YAPEAX_KAEBUnothrow_t@std@@@Z 000000018000f308 f   LIBCMT:new_scalar_nothrow.obj
 0001:0000e328       ??_U@YAPEAX_KAEBUnothrow_t@std@@@Z 000000018000f328 f   LIBCMT:new_array_nothrow.obj
 0001:0000e330       __GSHandlerCheck           000000018000f330 f   LIBCMT:gshandler.obj
 0001:0000e350       __GSHandlerCheckCommon     000000018000f350 f   LIBCMT:gshandler.obj
 0001:0000e3ac       __GSHandlerCheck_SEH       000000018000f3ac f   LIBCMT:gshandlerseh.obj
 0001:0000e450       _alloca_probe              000000018000f450 f   LIBCMT:chkstk.obj
 0001:0000e450       __chkstk                   000000018000f450 f   LIBCMT:chkstk.obj
 0001:0000e4c0       __security_check_cookie    000000018000f4c0 f   LIBCMT:amdsecgs.obj
 0001:0000e804       _DllMainCRTStartup         000000018000f804 f   LIBCMT:dll_dllmain.obj
 0001:0000e844       ??2@YAPEAX_K@Z             000000018000f844 f   LIBCMT:new_scalar.obj
 0001:0000e880       __isa_available_init       000000018000f880 f   LIBCMT:cpu_disp.obj
 0001:0000e9fc       __scrt_is_ucrt_dll_in_use  000000018000f9fc f   LIBCMT:ucrt_detection.obj
 0001:0000ea08       __crt_debugger_hook        000000018000fa08 f   LIBCMT:utility_desktop.obj
 0001:0000ea10       __scrt_fastfail            000000018000fa10 f   LIBCMT:utility_desktop.obj
 0001:0000eb5c       __security_init_cookie     000000018000fb5c f   LIBCMT:gs_support.obj
 0001:0000ec08       ?__scrt_initialize_type_info@@YAXXZ 000000018000fc08 f   LIBCMT:tncleanup.obj
 0001:0000ec18       ?__scrt_uninitialize_type_info@@YAXXZ 000000018000fc18 f   LIBCMT:tncleanup.obj
 0001:0000ec24       __local_stdio_scanf_options 000000018000fc24 f i LIBCMT:default_local_stdio_options.obj
 0001:0000ec2c       __scrt_initialize_default_local_stdio_options 000000018000fc2c f   LIBCMT:default_local_stdio_options.obj
 0001:0000ec48       __scrt_get_dyn_tls_init_callback 000000018000fc48 f   LIBCMT:dyn_tls_init.obj
 0001:0000ec50       _RTC_Initialize            000000018000fc50 f   LIBCMT:initsect.obj
 0001:0000ec8c       _RTC_Terminate             000000018000fc8c f   LIBCMT:initsect.obj
 0001:0000ecc8       ??0bad_alloc@std@@QEAA@AEBV01@@Z 000000018000fcc8 f i LIBCMT:throw_bad_alloc.obj
 0001:0000ed04       ??0bad_alloc@std@@QEAA@XZ  000000018000fd04 f i LIBCMT:throw_bad_alloc.obj
 0001:0000ed24       ??0bad_array_new_length@std@@QEAA@AEBV01@@Z 000000018000fd24 f i LIBCMT:throw_bad_alloc.obj
 0001:0000ed60       ??0bad_array_new_length@std@@QEAA@XZ 000000018000fd60 f i LIBCMT:throw_bad_alloc.obj
 0001:0000ed80       ??0exception@std@@QEAA@AEBV01@@Z 000000018000fd80 f i LIBCMT:throw_bad_alloc.obj
 0001:0000edb4       ??1bad_exception@std@@UEAA@XZ 000000018000fdb4 f i libvcruntime:frame.obj
 0001:0000edb4       ??1bad_alloc@std@@UEAA@XZ  000000018000fdb4 f i LIBCMT:throw_bad_alloc.obj
 0001:0000edb4       ??1bad_array_new_length@std@@UEAA@XZ 000000018000fdb4 f i LIBCMT:throw_bad_alloc.obj
 0001:0000edc8       ??_Gexception@std@@UEAAPEAXI@Z 000000018000fdc8 f i LIBCMT:throw_bad_alloc.obj
 0001:0000edc8       ??_Gbad_array_new_length@std@@UEAAPEAXI@Z 000000018000fdc8 f i LIBCMT:throw_bad_alloc.obj
 0001:0000edc8       ??_Ebad_array_new_length@std@@UEAAPEAXI@Z 000000018000fdc8 f i LIBCMT:throw_bad_alloc.obj
 0001:0000edc8       ??_Gbad_exception@std@@UEAAPEAXI@Z 000000018000fdc8 f i libvcruntime:frame.obj
 0001:0000edc8       ??_Ebad_exception@std@@UEAAPEAXI@Z 000000018000fdc8 f i libvcruntime:frame.obj
 0001:0000edc8       ??_Ebad_alloc@std@@UEAAPEAXI@Z 000000018000fdc8 f i LIBCMT:throw_bad_alloc.obj
 0001:0000edc8       ??_Gbad_alloc@std@@UEAAPEAXI@Z 000000018000fdc8 f i LIBCMT:throw_bad_alloc.obj
 0001:0000edc8       ??_Eexception@std@@UEAAPEAXI@Z 000000018000fdc8 f i LIBCMT:throw_bad_alloc.obj
 0001:0000ee0c       ?__scrt_throw_std_bad_alloc@@YAXXZ 000000018000fe0c f   LIBCMT:throw_bad_alloc.obj
 0001:0000ee2c       ?__scrt_throw_std_bad_array_new_length@@YAXXZ 000000018000fe2c f   LIBCMT:throw_bad_alloc.obj
 0001:0000ee4c       ?what@exception@std@@UEBAPEBDXZ 000000018000fe4c f i LIBCMT:throw_bad_alloc.obj
 0001:0000ee60       ??_Etype_info@@UEAAPEAXI@Z 000000018000fe60 f i LIBCMT:std_type_info_static.obj
 0001:0000ee60       ??_Gtype_info@@UEAAPEAXI@Z 000000018000fe60 f i LIBCMT:std_type_info_static.obj
 0001:0000ee8c       ??0CAtlBaseModule@ATL@@QEAA@XZ 000000018000fe8c f   atls:atlbase.obj
 0001:0000ef34       ??1CAtlBaseModule@ATL@@QEAA@XZ 000000018000ff34 f   atls:atlbase.obj
 0001:0000f068       ?__AllocStdCallThunk_cmn@@YAPEAXXZ 0000000180010068 f   atls:atlthunk.obj
 0001:0000f1c0       AtlThunk_AllocateData      00000001800101c0 f   atls:atlthunk.obj
 0001:0000f23c       AtlThunk_DataToCode        000000018001023c f   atls:atlthunk.obj
 0001:0000f290       AtlThunk_FreeData          0000000180010290 f   atls:atlthunk.obj
 0001:0000f2f0       AtlThunk_InitData          00000001800102f0 f   atls:atlthunk.obj
 0001:0000f398       _purecall                  0000000180010398 f   libvcruntime:purevirt.obj
 0001:0000f3b4       wcsstr                     00000001800103b4 f   libvcruntime:wcsstr.obj
 0001:0000f5e0       memcmp                     00000001800105e0 f   libvcruntime:memcmp.obj
 0001:0000f6c0       memcpy_repmovs             00000001800106c0 f   libvcruntime:memcpy.obj
 0001:0000f6e0       memmove                    00000001800106e0 f   libvcruntime:memcpy.obj
 0001:0000f6e0       memcpy                     00000001800106e0 f   libvcruntime:memcpy.obj
 0001:0000fad0       memset_repmovs             0000000180010ad0 f   libvcruntime:memset.obj
 0001:0000faf0       memset                     0000000180010af0 f   libvcruntime:memset.obj
 0001:0000fc80       __vcrt_initialize          0000000180010c80 f   libvcruntime:initialization.obj
 0001:0000fca8       __vcrt_thread_attach       0000000180010ca8 f   libvcruntime:initialization.obj
 0001:0000fcbc       __vcrt_thread_detach       0000000180010cbc f   libvcruntime:initialization.obj
[...]
 0004:00001758       $pdata$__acrt_SetThreadStackGuarantee 0000000180034758     libucrt:winapi_thunks.obj
 0004:00001764       $pdata$?try_get_function@@YAPEAXW4function_id@?A0x391cf84c@@QEBDQEBW4module_id@2@2@Z 0000000180034764     libucrt:winapi_thunks.obj
 0004:00001770       $pdata$wcstol              0000000180034770     libucrt:strtox.obj
 0004:0000177c       $pdata$_mbtowc_l           000000018003477c     libucrt:mbtowc.obj
 0004:00001788       $pdata$__acrt_update_locale_info 0000000180034788     libucrt:locale_update.obj
 0004:00001794       $pdata$__acrt_update_multibyte_info 0000000180034794     libucrt:locale_update.obj
 0004:000017a0       $pdata$__acrt_fp_format    00000001800347a0     libucrt:cvt.obj
 0004:000017ac       $pdata$?fp_format_e_internal@@YAHQEAD_KH_NIQEAU_strflt@@2QEAU__crt_locale_pointers@@@Z 00000001800347ac     libucrt:cvt.obj
 0004:000017b8       $pdata$?fp_format_e@@YAHQEBNQEAD_K12H_NIQEAU__crt_locale_pointers@@@Z 00000001800347b8     libucrt:cvt.obj
 0004:000017c4       $pdata$?fp_format_a@@YAHQEBNPEAD_KQEAD2H_NIQEAU__crt_locale_pointers@@@Z 00000001800347c4     libucrt:cvt.obj
 0004:000017d0       $pdata$?fp_format_f_internal@@YAHQEAD_KHQEAU_strflt@@_NQEAU__crt_locale_pointers@@@Z 00000001800347d0     libucrt:cvt.obj
 0004:000017dc       $pdata$?fp_format_g@@YAHQEBNQEAD_K12H_NIQEAU__crt_locale_pointers@@@Z 00000001800347dc     libucrt:cvt.obj
 0004:000017e8       $pdata$_fileno             00000001800347e8     libucrt:fileno.obj
 0004:000017f4       $pdata$__acrt_initialize_stdio 00000001800347f4     libucrt:_file.obj
 0004:00001800       $pdata$__acrt_uninitialize_stdio 0000000180034800     libucrt:_file.obj
 0004:0000180c       $pdata$__acrt_uninitialize_locale 000000018003480c     libucrt:wsetlocale.obj
 0004:00001818       $pdata$??$?RV<lambda_410d79af7f07d98d83a3f525b3859a53>@@AEAV<lambda_3e16ef9562a7dcce91392c22ab16ea36>@@V<lambda_38119f0e861e05405d8a144b9b982f0a>@@@?$__crt_seh_guarded_call@X@@QEAAX$$QEAV<lambda_410d79af7f07d98d83a3f525b3859a53>@@AEAV<lambda_3e16ef9562a7dcce91392c22ab16ea36>@@$$QEAV<lambda_38119f0e861e05405d8a144b9b982f0a>@@@Z 0000000180034818     libucrt:wsetlocale.obj
 0004:00001824       $pdata$?fin$0@?0???$?RV<lambda_410d79af7f07d98d83a3f525b3859a53>@@AEAV<lambda_3e16ef9562a7dcce91392c22ab16ea36>@@V<lambda_38119f0e861e05405d8a144b9b982f0a>@@@?$__crt_seh_guarded_call@X@@QEAAX$$QEAV<lambda_410d79af7f07d98d83a3f525b3859a53>@@AEAV<lambda_3e16ef9562a7dcce91392c22ab16ea36>@@$$QEAV<lambda_38119f0e861e05405d8a144b9b982f0a>@@@Z@4HA 0000000180034824     libucrt:wsetlocale.obj
 0004:00001830       $pdata$__acrt_initialize_lowio 0000000180034830     libucrt:ioinit.obj
 0004:0000183c       $pdata$__acrt_lowio_ensure_fh_exists$fin$0 000000018003483c     libucrt:osfinfo.obj
 0004:0000183c       $pdata$__acrt_initialize_lowio$fin$0 000000018003483c     libucrt:ioinit.obj
 0004:00001848       $pdata$__acrt_uninitialize_lowio 0000000180034848     libucrt:ioinit.obj
 0004:00001854       $pdata$?initialize_inherited_file_handles_nolock@@YAXXZ 0000000180034854     libucrt:ioinit.obj
 0004:00001860       $pdata$?initialize_stdio_handles_nolock@@YAXXZ 0000000180034860     libucrt:ioinit.obj
 0004:0000186c       $pdata$__acrt_initialize_locks 000000018003486c     libucrt:locks.obj
 0004:00001878       $pdata$__acrt_uninitialize_locks 0000000180034878     libucrt:locks.obj
 0004:00001884       $pdata$__acrt_get_process_end_policy 0000000180034884     libucrt:win_policies.obj
 0004:00001890       $pdata$??$__acrt_mbs_to_wcs_cp@U__crt_win32_buffer_internal_dynamic_resizing@@@@YAHQEBDAEAV?$__crt_win32_buffer@_WU__crt_win32_buffer_internal_dynamic_resizing@@@@I@Z 0000000180034890     libucrt:argv_wildcards.obj
 0004:0000189c       $pdata$??$__acrt_wcs_to_mbs_cp@U__crt_win32_buffer_internal_dynamic_resizing@@@@YAHQEB_WAEAV?$__crt_win32_buffer@DU__crt_win32_buffer_internal_dynamic_resizing@@@@I@Z 000000018003489c     libucrt:argv_wildcards.obj
 0004:000018a8       $pdata$??$common_expand_argv_wildcards@D@@YAHQEAPEADQEAPEAPEAD@Z 00000001800348a8     libucrt:argv_wildcards.obj
 0004:000018b4       $pdata$??$copy_and_add_argument_to_buffer@D@@YAHQEBD0_KAEAV?$argument_list@D@?A0x5f5c8891@@@Z 00000001800348b4     libucrt:argv_wildcards.obj
 0004:000018c0       $pdata$??$expand_argument_wildcards@D@@YAHQEAD0AEAV?$argument_list@D@?A0x5f5c8891@@@Z 00000001800348c0     libucrt:argv_wildcards.obj
 0004:000018cc       $pdata$__acrt_GetModuleFileNameA 00000001800348cc     libucrt:getmodulefilenamea.obj
 0004:000018d8       $pdata$??$__acrt_wcs_to_mbs_cp@U__crt_win32_buffer_no_resizing@@@@YAHQEB_WAEAV?$__crt_win32_buffer@DU__crt_win32_buffer_no_resizing@@@@I@Z 00000001800348d8     libucrt:getmodulefilenamea.obj
 0004:000018e4       $pdata$__acrt_update_thread_multibyte_data 00000001800348e4     libucrt:mbctype.obj
 0004:000018f0       $pdata$__acrt_initialize_multibyte 00000001800348f0     libucrt:mbctype.obj
 0004:000018fc       $pdata$_setmbcp_nolock     00000001800348fc     libucrt:mbctype.obj
 0004:00001908       $pdata$?getSystemCP@@YAHH@Z 0000000180034908     libucrt:mbctype.obj
 0004:00001914       $pdata$?setSBCS@@YAXPEAU__crt_multibyte_data@@@Z 0000000180034914     libucrt:mbctype.obj
 0004:00001920       $pdata$?update_thread_multibyte_data_internal@@YAPEAU__crt_multibyte_data@@QEAU__acrt_ptd@@QEAPEAU1@@Z 0000000180034920     libucrt:mbctype.obj
 0004:0000192c       $pdata$?fin$0@?0??update_thread_multibyte_data_internal@@YAPEAU__crt_multibyte_data@@QEAU__acrt_ptd@@QEAPEAU1@@Z@4HA 000000018003492c     libucrt:mbctype.obj
 0004:00001938       $pdata$?setmbcp_internal@@YAHH_NQEAU__acrt_ptd@@QEAPEAU__crt_multibyte_data@@@Z 0000000180034938     libucrt:mbctype.obj
 0004:00001944       $pdata$?setSBUpLow@@YAXPEAU__crt_multibyte_data@@@Z 0000000180034944     libucrt:mbctype.obj
 0004:00001950       $pdata$??$?RV<lambda_efdfa57d1f175319df784efa44bb7b81>@@AEAV<lambda_5f0a4c1567f8adc6734073e5d1e1b35c>@@V<lambda_2e8a7d3640ea6ccb4c2413664c2db6fd>@@@?$__crt_seh_guarded_call@X@@QEAAX$$QEAV<lambda_efdfa57d1f175319df784efa44bb7b81>@@AEAV<lambda_5f0a4c1567f8adc6734073e5d1e1b35c>@@$$QEAV<lambda_2e8a7d3640ea6ccb4c2413664c2db6fd>@@@Z 0000000180034950     libucrt:mbctype.obj
 0004:0000195c       $pdata$?x_ismbbtype_l@@YAHPEAU__crt_locale_pointers@@IHH@Z 000000018003495c     libucrt:ismbbyte.obj
 0004:00001968       $pdata$__acrt_initialize_command_line 0000000180034968     libucrt:argv_data.obj
 0004:00001974       $pdata$__acrt_WideCharToMultiByte 0000000180034974     libucrt:widechartomultibyte.obj
 0004:00001980       $pdata$__dcrt_get_narrow_environment_from_os 0000000180034980     libucrt:get_environment_from_os.obj
 0004:0000198c       $pdata$__acrt_initialize_heap 000000018003498c     libucrt:heap_handle.obj
 0004:00001998       $pdata$__acrt_execute_initializers 0000000180034998     libucrt:shared_initialization.obj
 0004:000019a4       $pdata$__acrt_execute_uninitializers 00000001800349a4     libucrt:shared_initialization.obj
 0004:000019b0       $pdata$__acrt_get_sigabrt_handler 00000001800349b0     libucrt:signal.obj
 0004:000019bc       $pdata$raise               00000001800349bc     libucrt:signal.obj
 0004:000019c8       $pdata$raise$fin$0         00000001800349c8     libucrt:signal.obj
 0004:000019d4       $pdata$??$?RV<lambda_450d765d439847d4c735a33c368b5fc0>@@AEAV<lambda_44731a7d0e6d81c3e6aa82d741081786>@@V<lambda_601a2a7da3b7a96e9554ac7215c4b07c>@@@?$__crt_seh_guarded_call@P6AXH@Z@@QEAAP6AXH@Z$$QEAV<lambda_450d765d439847d4c735a33c368b5fc0>@@AEAV<lambda_44731a7d0e6d81c3e6aa82d741081786>@@$$QEAV<lambda_601a2a7da3b7a96e9554ac7215c4b07c>@@@Z 00000001800349d4     libucrt:signal.obj
 0004:000019e0       $pdata$_fflush_nolock      00000001800349e0     libucrt:fflush.obj
 0004:000019ec       $pdata$__acrt_stdio_flush_nolock 00000001800349ec     libucrt:fflush.obj
 0004:000019f8       $pdata$?common_flush_all@@YAH_N@Z 00000001800349f8     libucrt:fflush.obj
 0004:00001a04       $pdata$??$?RV<lambda_842d9ff0dc9ef11c61343bbaebe7f885>@@AEAV<lambda_c5860995281e5c4ce005b3de8f5874ee>@@V<lambda_d90129c13df834fdcbf8d2b88dafcf2d>@@@?$__crt_seh_guarded_call@X@@QEAAX$$QEAV<lambda_842d9ff0dc9ef11c61343bbaebe7f885>@@AEAV<lambda_c5860995281e5c4ce005b3de8f5874ee>@@$$QEAV<lambda_d90129c13df834fdcbf8d2b88dafcf2d>@@@Z 0000000180034a04     libucrt:fflush.obj
 0004:00001a10       $pdata$?fin$0@?0???$?RV<lambda_842d9ff0dc9ef11c61343bbaebe7f885>@@AEAV<lambda_c5860995281e5c4ce005b3de8f5874ee>@@V<lambda_d90129c13df834fdcbf8d2b88dafcf2d>@@@?$__crt_seh_guarded_call@X@@QEAAX$$QEAV<lambda_842d9ff0dc9ef11c61343bbaebe7f885>@@AEAV<lambda_c5860995281e5c4ce005b3de8f5874ee>@@$$QEAV<lambda_d90129c13df834fdcbf8d2b88dafcf2d>@@@Z@4HA 0000000180034a10     libucrt:fflush.obj
 0004:00001a1c       $pdata$??$?RV<lambda_886d6c58226a84441f68b9f2b8217b83>@@AEAV<lambda_ab61a845afdef5b7c387490eaf3616ee>@@V<lambda_f7f22ab5edc0698d5f6905b0d3f44752>@@@?$__crt_seh_guarded_call@X@@QEAAX$$QEAV<lambda_886d6c58226a84441f68b9f2b8217b83>@@AEAV<lambda_ab61a845afdef5b7c387490eaf3616ee>@@$$QEAV<lambda_f7f22ab5edc0698d5f6905b0d3f44752>@@@Z 0000000180034a1c     libucrt:fflush.obj
 0004:00001a28       $pdata$?fin$0@?0???$?RV<lambda_886d6c58226a84441f68b9f2b8217b83>@@AEAV<lambda_ab61a845afdef5b7c387490eaf3616ee>@@V<lambda_f7f22ab5edc0698d5f6905b0d3f44752>@@@?$__crt_seh_guarded_call@X@@QEAAX$$QEAV<lambda_886d6c58226a84441f68b9f2b8217b83>@@AEAV<lambda_ab61a845afdef5b7c387490eaf3616ee>@@$$QEAV<lambda_f7f22ab5edc0698d5f6905b0d3f44752>@@@Z@4HA 0000000180034a28     libucrt:fflush.obj
 0004:00001a34       $pdata$__pctype_func       0000000180034a34     libucrt:ctype.obj
 0004:00001a40       $pdata$iswctype            0000000180034a40     libucrt:iswctype.obj
 0004:00001a4c       $pdata$__acrt_release_locale_ref 0000000180034a4c     libucrt:locale_refcounting.obj
 0004:00001a58       $pdata$__acrt_free_locale  0000000180034a58     libucrt:locale_refcounting.obj
 0004:00001a64       $pdata$__acrt_locale_free_lc_time_if_unreferenced 0000000180034a64     libucrt:locale_refcounting.obj
 0004:00001a70       $pdata$__acrt_update_thread_locale_data 0000000180034a70     libucrt:locale_refcounting.obj
 0004:00001a7c       $pdata$__acrt_update_thread_locale_data$fin$0 0000000180034a7c     libucrt:locale_refcounting.obj
 0004:00001a88       $pdata$_updatetlocinfoEx_nolock 0000000180034a88     libucrt:locale_refcounting.obj
 0004:00001a94       $pdata$__acrt_DownlevelLocaleNameToLCID 0000000180034a94     libucrt:lcidtoname_downlevel.obj
 0004:00001aa0       $pdata$_isleadbyte_l       0000000180034aa0     libucrt:_wctype.obj
 0004:00001aac       $pdata$?__mbrtowc_utf8@__crt_mbstring@@YA_KPEA_WPEBD_KPEAU_Mbstatet@@@Z 0000000180034aac     libucrt:mbrtowc.obj
 0004:00001ab8       $pdata$?__mbsrtowcs_utf8@__crt_mbstring@@YA_KPEA_WPEAPEBD_KPEAU_Mbstatet@@@Z 0000000180034ab8     libucrt:mbrtowc.obj
 0004:00001ac4       $pdata$__acrt_fp_strflt_to_string 0000000180034ac4     libucrt:_fptostr.obj
 0004:00001ad0       $pdata$__acrt_fltout       0000000180034ad0     libucrt:cfout.obj
 0004:00001adc       $pdata$?divide@__crt_strtox@@YA_KAEAUbig_integer@1@AEBU21@@Z 0000000180034adc     libucrt:cfout.obj
 0004:00001ae8       $pdata$0$?divide@__crt_strtox@@YA_KAEAUbig_integer@1@AEBU21@@Z 0000000180034ae8     libucrt:cfout.obj
 0004:00001af4       $pdata$1$?divide@__crt_strtox@@YA_KAEAUbig_integer@1@AEBU21@@Z 0000000180034af4     libucrt:cfout.obj
 0004:00001b00       $pdata$_fcloseall          0000000180034b00     libucrt:closeall.obj
 0004:00001b0c       $pdata$_fcloseall$fin$0    0000000180034b0c     libucrt:closeall.obj
 0004:00001b18       $pdata$__acrt_stdio_free_buffer_nolock 0000000180034b18     libucrt:_freebuf.obj
 0004:00001b24       $pdata$_isatty             0000000180034b24     libucrt:isatty.obj
 0004:00001b30       $pdata$__acrt_locale_free_monetary 0000000180034b30     libucrt:initmon.obj
 0004:00001b3c       $pdata$__acrt_locale_free_numeric 0000000180034b3c     libucrt:initnum.obj
 0004:00001b48       $pdata$__acrt_locale_free_time 0000000180034b48     libucrt:inittime.obj
 0004:00001b54       $pdata$?free_crt_array_internal@@YAXQEAPEBX_K@Z 0000000180034b54     libucrt:inittime.obj
 0004:00001b60       $pdata$__acrt_GetStringTypeA 0000000180034b60     libucrt:getstringtypea.obj
 0004:00001b6c       $pdata$_get_osfhandle      0000000180034b6c     libucrt:osfinfo.obj
 0004:00001b78       $pdata$_free_osfhnd        0000000180034b78     libucrt:osfinfo.obj
 0004:00001b84       $pdata$__acrt_lowio_create_handle_array 0000000180034b84     libucrt:osfinfo.obj
 0004:00001b90       $pdata$__acrt_lowio_destroy_handle_array 0000000180034b90     libucrt:osfinfo.obj
 0004:00001b9c       $pdata$__acrt_lowio_ensure_fh_exists 0000000180034b9c     libucrt:osfinfo.obj
 0004:00001ba8       $pdata$qsort               0000000180034ba8     libucrt:qsort.obj
 0004:00001bb4       $pdata$4$qsort             0000000180034bb4     libucrt:qsort.obj
 0004:00001bc0       $pdata$5$qsort             0000000180034bc0     libucrt:qsort.obj
 0004:00001bcc       $pdata$strncpy_s           0000000180034bcc     libucrt:strncpy_s.obj
 0004:00001bd8       $pdata$strpbrk             0000000180034bd8     libucrt:strpbrk.obj
 0004:00001be4       $pdata$fallbackMethod      0000000180034be4     libucrt:strpbrk.obj
 0004:00001bf0       $pdata$_mbsdec_l           0000000180034bf0     libucrt:mbsdec.obj
 0004:00001bfc       $pdata$__acrt_LCMapStringA 0000000180034bfc     libucrt:lcmapstringa.obj
 0004:00001c08       $pdata$?__acrt_LCMapStringA_stat@@YAHPEAU__crt_locale_pointers@@PEB_WKPEBDHPEADHHH@Z 0000000180034c08     libucrt:lcmapstringa.obj
 0004:00001c14       $pdata$?initialize_multibyte@@YAHXZ 0000000180034c14     libucrt:multibyte_initializer.obj
 0004:00001c20       $pdata$_commit             0000000180034c20     libucrt:commit.obj
 0004:00001c2c       $pdata$??$?RV<lambda_a37b2b86f63e897a80ea819b0eb08c01>@@AEAV<lambda_38ce7e780aa69e748d6df282ebc68efe>@@V<lambda_99fb1378e971ab6e7edea83e3a7a83a2>@@@?$__crt_seh_guarded_call@H@@QEAAH$$QEAV<lambda_a37b2b86f63e897a80ea819b0eb08c01>@@AEAV<lambda_38ce7e780aa69e748d6df282ebc68efe>@@$$QEAV<lambda_99fb1378e971ab6e7edea83e3a7a83a2>@@@Z 0000000180034c2c     libucrt:commit.obj
 0004:00001c38       $pdata$?fin$0@?0???$?RV<lambda_a37b2b86f63e897a80ea819b0eb08c01>@@AEAV<lambda_38ce7e780aa69e748d6df282ebc68efe>@@V<lambda_99fb1378e971ab6e7edea83e3a7a83a2>@@@?$__crt_seh_guarded_call@H@@QEAAH$$QEAV<lambda_a37b2b86f63e897a80ea819b0eb08c01>@@AEAV<lambda_38ce7e780aa69e748d6df282ebc68efe>@@$$QEAV<lambda_99fb1378e971ab6e7edea83e3a7a83a2>@@@Z@4HA 0000000180034c38     libucrt:commit.obj
 0004:00001c38       $pdata$?fin$0@?0???$?RV<lambda_751a882b2c74d4b022dec766aa51a29a>@@AEAV<lambda_628dfdc04ba53c8bfc02c9951375f3f5>@@V<lambda_f6c7be5f7998530c34de24c7437d6b54>@@@?$__crt_seh_guarded_call@H@@QEAAH$$QEAV<lambda_751a882b2c74d4b022dec766aa51a29a>@@AEAV<lambda_628dfdc04ba53c8bfc02c9951375f3f5>@@$$QEAV<lambda_f6c7be5f7998530c34de24c7437d6b54>@@@Z@4HA 0000000180034c38     libucrt:close.obj
 0004:00001c44       $pdata$_write              0000000180034c44     libucrt:write.obj
 0004:00001c50       $pdata$_write$fin$0        0000000180034c50     libucrt:write.obj
 0004:00001c5c       $pdata$_write_nolock       0000000180034c5c     libucrt:write.obj
 0004:00001c68       $pdata$?write_double_translated_ansi_nolock@@YA?AUwrite_result@?A0x17268360@@HQEBDI@Z 0000000180034c68     libucrt:write.obj
 0004:00001c74       $pdata$?write_text_ansi_nolock@@YA?AUwrite_result@?A0x17268360@@HQEBDI@Z 0000000180034c74     libucrt:write.obj
 0004:00001c80       $pdata$?write_text_utf16le_nolock@@YA?AUwrite_result@?A0x17268360@@HQEBDI@Z 0000000180034c80     libucrt:write.obj
 0004:00001c8c       $pdata$?write_text_utf8_nolock@@YA?AUwrite_result@?A0x17268360@@HQEBDI@Z 0000000180034c8c     libucrt:write.obj
 0004:00001c98       $pdata$?__mbrtoc32_utf8@__crt_mbstring@@YA_KPEA_UPEBD_KPEAU_Mbstatet@@@Z 0000000180034c98     libucrt:mbrtoc32.obj
 0004:00001ca4       $pdata$fegetenv            0000000180034ca4     libucrt:fegetenv.obj
 0004:00001cb0       $pdata$fesetenv            0000000180034cb0     libucrt:fesetenv.obj
 0004:00001cbc       $pdata$feholdexcept        0000000180034cbc     libucrt:feholdexcept.obj
 0004:00001cd4       $pdata$??$common_lseek_nolock@_J@@YA_JH_JH@Z 0000000180034cd4     libucrt:lseek.obj
 0004:00001ce0       $pdata$fclose              0000000180034ce0     libucrt:fclose.obj
 0004:00001cec       $pdata$fclose$fin$0        0000000180034cec     libucrt:fclose.obj
 0004:00001cf8       $pdata$_fclose_nolock      0000000180034cf8     libucrt:fclose.obj
 0004:00001d04       $pdata$_putwch_nolock      0000000180034d04     libucrt:putwch.obj
 0004:00001d10       $pdata$__acrt_fenv_set_control 0000000180034d10     libucrt:_fenvutils.obj
 0004:00001d1c       $pdata$_clearfp            0000000180034d1c     libucrt:ieee.obj
 0004:00001d28       $pdata$_call_matherr       0000000180034d28     libucrt:libm_error.obj
 0004:00001d34       $pdata$_exception_enabled  0000000180034d34     libucrt:libm_error.obj
 0004:00001d40       $pdata$_handle_error       0000000180034d40     libucrt:libm_error.obj
 0004:00001d4c       $pdata$__acrt_initialize_fma3 0000000180034d4c     libucrt:fma3_available.obj
 0004:00001d58       $pdata$_log_special_common 0000000180034d58     libucrt:log_special.obj
 0004:00001d64       $pdata$_log10_special      0000000180034d64     libucrt:log_special.obj
 0004:00001d70       $pdata$_close              0000000180034d70     libucrt:close.obj
 0004:00001d7c       $pdata$_close_nolock       0000000180034d7c     libucrt:close.obj
 0004:00001d88       $pdata$??$?RV<lambda_751a882b2c74d4b022dec766aa51a29a>@@AEAV<lambda_628dfdc04ba53c8bfc02c9951375f3f5>@@V<lambda_f6c7be5f7998530c34de24c7437d6b54>@@@?$__crt_seh_guarded_call@H@@QEAAH$$QEAV<lambda_751a882b2c74d4b022dec766aa51a29a>@@AEAV<lambda_628dfdc04ba53c8bfc02c9951375f3f5>@@$$QEAV<lambda_f6c7be5f7998530c34de24c7437d6b54>@@@Z 0000000180034d88     libucrt:close.obj
 0004:00001d94       $pdata$__dcrt_lowio_ensure_console_output_initialized 0000000180034d94     libucrt:initcon.obj
 0004:00001da0       $pdata$__dcrt_write_console 0000000180034da0     libucrt:initcon.obj
 0004:00001dac       $pdata$__dcrt_terminate_console_output 0000000180034dac     libucrt:initcon.obj
 0004:00001dc4       $pdata$_set_errno_from_matherr 0000000180034dc4     libucrt:fpexcept.obj
 0004:00001dd0       $pdata$_raise_exc          0000000180034dd0     libucrt:fpexcept.obj
 0004:00001ddc       $pdata$_raise_exc_ex       0000000180034ddc     libucrt:fpexcept.obj
 0004:00001de8       $pdata$_clrfp              0000000180034de8     libucrt:fpctrl.obj
 0004:00001df4       $pdata$_ctrlfp             0000000180034df4     libucrt:fpctrl.obj
 0004:00001e00       $pdata$_ctrlfp$filt$0      0000000180034e00     libucrt:fpctrl.obj
 0004:00001e0c       $pdata$_statfp             0000000180034e0c     libucrt:fpctrl.obj
 0004:00001e18       $pdata$_set_statfp         0000000180034e18     libucrt:fpctrl.obj
 0004:00001e24       $pdata$_IsNonwritableInCurrentImage 0000000180034e24     LIBCMT:pesect.obj
 0004:00001e30       $pdata$_IsNonwritableInCurrentImage$filt$0 0000000180034e30     LIBCMT:pesect.obj
 0005:00000000       MoveSmall                  0000000180035000     libvcruntime:memcpy.obj
 0005:00000050       MsetTab                    0000000180035050     libvcruntime:memset.obj
 0006:00000220       $R000000                   0000000180036220     ItemDispenser.res
 0006:00000ba0       $R000980                   0000000180036ba0     ItemDispenser.res
 0006:00000c88       $R000A68                   0000000180036c88     ItemDispenser.res
 0006:00000ef0       $R000CD0                   0000000180036ef0     ItemDispenser.res
 0006:000013d8       $R0011B8                   00000001800373d8     ItemDispenser.res
 0006:00003920       $R003700                   0000000180039920     ItemDispenser.res
 0006:00003960       $R003740                   0000000180039960     ItemDispenser.res
