 OPOSElectronicValueRW

 Timestamp is 5b863d4d (Wed Aug 29 15:29:33 2018)

 Preferred load address is 0000000180000000

 Start         Length     Name                   Class
 0001:00000000 000000c0H .text$di                CODE
 0001:000000c0 00021b70H .text$mn                CODE
 0001:00021c30 00000020H .text$mn$00             CODE
 0001:00021c50 00000400H .text$x                 CODE
 0001:00022050 000000c0H .text$yd                CODE
 0002:00000000 00000618H .idata$5                DATA
 0002:00000618 00000010H .00cfg                  DATA
 0002:00000628 00000008H .CRT$XCA                DATA
 0002:00000630 00000008H .CRT$XCL                DATA
 0002:00000638 00000020H .CRT$XCU                DATA
 0002:00000658 00000008H .CRT$XCZ                DATA
 0002:00000660 00000008H .CRT$XIA                DATA
 0002:00000668 00000020H .CRT$XIC                DATA
 0002:00000688 00000008H .CRT$XIZ                DATA
 0002:00000690 00000008H .CRT$XLA                DATA
 0002:00000698 00000008H .CRT$XLZ                DATA
 0002:000006a0 00000008H .CRT$XPA                DATA
 0002:000006a8 00000010H .CRT$XPX                DATA
 0002:000006b8 00000008H .CRT$XPXA               DATA
 0002:000006c0 00000008H .CRT$XPZ                DATA
 0002:000006c8 00000008H .CRT$XTA                DATA
 0002:000006d0 00000010H .CRT$XTZ                DATA
 0002:000006d8 00000000H .gfids$y                DATA
 0002:000006e0 0000a950H .rdata                  DATA
 0002:0000b030 00000028H .rdata$T                DATA
 0002:0000b058 00000274H .rdata$r                DATA
 0002:0000b2cc 00000404H .rdata$zzzdbg           DATA
 0002:0000b6d0 00000008H .rtc$IAA                DATA
 0002:0000b6d8 00000008H .rtc$IZZ                DATA
 0002:0000b6e0 00000008H .rtc$TAA                DATA
 0002:0000b6e8 00000008H .rtc$TZZ                DATA
 0002:0000b6f0 00000004H .tls                    DATA
 0002:0000b6f4 00000004H .tls$                   DATA
 0002:0000b6f8 00000008H .tls$ZZZ                DATA
 0002:0000b700 00001700H .xdata                  DATA
 0002:0000ce00 00000150H .xdata$x                DATA
 0002:0000cf50 00000008H ATL$__a                 DATA
 0002:0000cf58 00000008H ATL$__z                 DATA
 0002:0000cf60 000000b4H .edata                  DATA
 0002:0000d014 00000078H .idata$2                DATA
 0002:0000d08c 00000014H .idata$3                DATA
 0002:0000d0a0 00000618H .idata$4                DATA
 0002:0000d6b8 00000c1cH .idata$6                DATA
 0003:00000000 00000da8H .data                   DATA
 0003:00000da8 000000c8H .data$r                 DATA
 0003:00000e70 000013fcH .bss                    DATA
 0004:00000000 000021a8H .pdata                  DATA
 0005:00000000 00000220H .rsrc$01                DATA
 0005:00000220 00006a00H .rsrc$02                DATA

  Address         Publics by Value              Rva+Base               Lib:Object

 0000:00000000       __guard_fids_count         0000000000000000     <absolute>
 0000:00000000       __guard_longjmp_count      0000000000000000     <absolute>
 0000:00000000       __hybrid_code_map          0000000000000000     <absolute>
 0000:00000000       __guard_iat_count          0000000000000000     <absolute>
 0000:00000000       __guard_longjmp_table      0000000000000000     <absolute>
 0000:00000000       __volatile_metadata        0000000000000000     <absolute>
 0000:00000000       __guard_iat_table          0000000000000000     <absolute>
 0000:00000000       __hybrid_code_map_count    0000000000000000     <absolute>
 0000:00000000       __enclave_config           0000000000000000     <absolute>
 0000:00000000       ___safe_se_handler_count   0000000000000000     <absolute>
 0000:00000000       ___safe_se_handler_table   0000000000000000     <absolute>
 0000:00000000       __guard_fids_table         0000000000000000     <absolute>
 0000:00000000       __hybrid_auxiliary_iat     0000000000000000     <absolute>
 0000:00000000       __dynamic_value_reloc_table 0000000000000000     <absolute>
 0000:00000100       __guard_flags              0000000000000100     <absolute>
 0000:00000000       __ImageBase                0000000180000000     <linker-defined>
 0001:000000c0       ?DupWide@_CW@@AEAAXXZ      00000001800010c0 f   CWString.obj
 0001:000000e8       ?cw_dup@@YAXPEBDAEAHAEAPEA_W1@Z 00000001800010e8 f   CWString.obj
 0001:00000194       ?cw_memcpy@@YAHPEA_WPEBDH@Z 0000000180001194 f   CWString.obj
 0001:000001e0       ?cw_strcpy@@YAHPEA_WPEBD@Z 00000001800011e0 f   CWString.obj
 0001:000001f4       ??0CAtlComModule@ATL@@QEAA@XZ 00000001800011f4 f i OposVariant.obj
 0001:0000027c       ??0CAtlWinModule@ATL@@QEAA@XZ 000000018000127c f i OposVariant.obj
 0001:000002f0       ??0OposDispParms@@QEAA@PEAVOposVariant@@H@Z 00000001800012f0 f   OposVariant.obj
 0001:00000398       ??1OposDispParms@@QEAA@XZ  0000000180001398 f   OposVariant.obj
 0001:000003b0       ??_Estringdispid@CComTypeInfoHolder@ATL@@QEAAPEAXI@Z 00000001800013b0 f i OposVariant.obj
 0001:00000454       ?AtlWinModuleTerm@ATL@@YAJPEAU_ATL_WIN_MODULE70@1@PEAUHINSTANCE__@@@Z 0000000180001454 f i OposVariant.obj
 0001:00000504       ?ChangeBSTR@OposVariant@@QEAAXPEAPEA_WAEAJ@Z 0000000180001504 f   OposVariant.obj
 0001:00000564       ?ChangeCURRENCY@OposVariant@@QEAAXPEATtagCY@@AEAJ@Z 0000000180001564 f   OposVariant.obj
 0001:000005c4       ?ChangeLONG@OposVariant@@QEAAXPEAJAEAJ@Z 00000001800015c4 f   OposVariant.obj
 0001:00000620       ?GetLONG@OposVariant@@QEAAJXZ 0000000180001620 f   OposVariant.obj
 0001:00000644       ?SetBSTR@OposVariant@@QEAAXPEA_WAEAJ@Z 0000000180001644 f   OposVariant.obj
 0001:00000684       ?SetBSTR_Copy@OposVariant@@QEAAXPEA_WAEAJ@Z 0000000180001684 f   OposVariant.obj
 0001:000006f4       ?SetBSTR_InOutPtr@OposVariant@@QEAA_NPEAPEA_WAEAJ@Z 00000001800016f4 f   OposVariant.obj
 0001:00000744       ?SetCURRENCY@OposVariant@@QEAAXTtagCY@@@Z 0000000180001744 f   OposVariant.obj
 0001:00000778       ?SetDispatch_Ptr@OposVariant@@QEAAXPEAUIDispatch@@AEAJ@Z 0000000180001778 f   OposVariant.obj
 0001:000007d0       ?SetLONG@OposVariant@@QEAAXJ@Z 00000001800017d0 f   OposVariant.obj
 0001:00000800       ?SetLONG_Ptr@OposVariant@@QEAAXPEAJAEAJ@Z 0000000180001800 f   OposVariant.obj
 0001:0000084c       ?SetString@OposVariant@@QEAAXPEB_WAEAJ@Z 000000018000184c f   OposVariant.obj
 0001:000008b0       ?SetVARIANT_BOOL@OposVariant@@QEAAXF@Z 00000001800018b0 f   OposVariant.obj
 0001:000008e8       ?Term@CAtlComModule@ATL@@QEAAXXZ 00000001800018e8 f i OposVariant.obj
 0001:00000958       ?_AtlInitializeCriticalSectionEx@ATL@@YAHPEAU_RTL_CRITICAL_SECTION@@KK@Z 0000000180001958 f i OposVariant.obj
 0001:00000960       ?_AtlRaiseException@ATL@@YAXKK@Z 0000000180001960 f i OposVariant.obj
 0001:00000970       ?_LocCPQueryInterface@?$IConnectionPointImpl@VCOPOSElectronicValueRW@@$1?DIID__IOPOSElectronicValueRWEvents@@3U_GUID@@BVCComDynamicUnkArray@ATL@@@ATL@@UEAAJAEBU_GUID@@PEAPEAX@Z 0000000180001970 f i ElectronicValueRW.obj
 0001:00000970       ?_LocCPQueryInterface@?$IConnectionPointImpl@VCOPOSElectronicValueRW@@$1?IID_IPropertyNotifySink@@3U_GUID@@BVCComDynamicUnkArray@ATL@@@ATL@@UEAAJAEBU_GUID@@PEAPEAX@Z 0000000180001970 f i ElectronicValueRW.obj
 0001:000009e4       ?GetConnectionInterface@?$IConnectionPointImpl@VCOPOSElectronicValueRW@@$1?IID_IPropertyNotifySink@@3U_GUID@@BVCComDynamicUnkArray@ATL@@@ATL@@UEAAJPEAU_GUID@@@Z 00000001800019e4 f i ElectronicValueRW.obj
 0001:00000a00       ?GetConnectionPointContainer@?$IConnectionPointImpl@VCOPOSElectronicValueRW@@$1?IID_IPropertyNotifySink@@3U_GUID@@BVCComDynamicUnkArray@ATL@@@ATL@@UEAAJPEAPEAUIConnectionPointContainer@@@Z 0000000180001a00 f i ElectronicValueRW.obj
 0001:00000a20       ?Advise@?$IConnectionPointImpl@VCOPOSElectronicValueRW@@$1?IID_IPropertyNotifySink@@3U_GUID@@BVCComDynamicUnkArray@ATL@@@ATL@@UEAAJPEAUIUnknown@@PEAK@Z 0000000180001a20 f i ElectronicValueRW.obj
 0001:00000a20       ?Advise@?$IConnectionPointImpl@VCOPOSElectronicValueRW@@$1?DIID__IOPOSElectronicValueRWEvents@@3U_GUID@@BVCComDynamicUnkArray@ATL@@@ATL@@UEAAJPEAUIUnknown@@PEAK@Z 0000000180001a20 f i ElectronicValueRW.obj
 0001:00000ae0       ?Unadvise@?$IConnectionPointImpl@VCOPOSElectronicValueRW@@$1?DIID__IOPOSElectronicValueRWEvents@@3U_GUID@@BVCComDynamicUnkArray@ATL@@@ATL@@UEAAJK@Z 0000000180001ae0 f i ElectronicValueRW.obj
 0001:00000ae0       ?Unadvise@?$IConnectionPointImpl@VCOPOSElectronicValueRW@@$1?IID_IPropertyNotifySink@@3U_GUID@@BVCComDynamicUnkArray@ATL@@@ATL@@UEAAJK@Z 0000000180001ae0 f i ElectronicValueRW.obj
 0001:00000b5c       ?EnumConnections@?$IConnectionPointImpl@VCOPOSElectronicValueRW@@$1?IID_IPropertyNotifySink@@3U_GUID@@BVCComDynamicUnkArray@ATL@@@ATL@@UEAAJPEAPEAUIEnumConnections@@@Z 0000000180001b5c f i ElectronicValueRW.obj
 0001:00000b5c       ?EnumConnections@?$IConnectionPointImpl@VCOPOSElectronicValueRW@@$1?DIID__IOPOSElectronicValueRWEvents@@3U_GUID@@BVCComDynamicUnkArray@ATL@@@ATL@@UEAAJPEAPEAUIEnumConnections@@@Z 0000000180001b5c f i ElectronicValueRW.obj
 0001:00000d04       ?HandsOffStorage@?$IPersistStorageImpl@VCOPOSElectronicValueRW@@@ATL@@UEAAJXZ 0000000180001d04 f i ElectronicValueRW.obj
 0001:00000d04       ?Release@CRegObject@ATL@@UEAAKXZ 0000000180001d04 f i ElectronicValueRW.obj
 0001:00000d04       ?OnAmbientPropertyChange@?$IOleControlImpl@VCOPOSElectronicValueRW@@@ATL@@UEAAJJ@Z 0000000180001d04 f i ElectronicValueRW.obj
 0001:00000d04       ?GetObjectDescription@?$CComCoClass@VCOPOSElectronicValueRW@@$1?CLSID_OPOSElectronicValueRW@@3U_GUID@@B@ATL@@SAPEB_WXZ 0000000180001d04 f i ElectronicValueRW.obj
 0001:00000d04       ?Update@?$IOleObjectImpl@VCOPOSElectronicValueRW@@@ATL@@UEAAJXZ 0000000180001d04 f i ElectronicValueRW.obj
 0001:00000d04       ?SaveCompleted@?$IPersistStorageImpl@VCOPOSElectronicValueRW@@@ATL@@UEAAJPEAUIStorage@@@Z 0000000180001d04 f i ElectronicValueRW.obj
 0001:00000d04       ?IsUpToDate@?$IOleObjectImpl@VCOPOSElectronicValueRW@@@ATL@@UEAAJXZ 0000000180001d04 f i ElectronicValueRW.obj
 0001:00000d04       ?SetHostNames@?$IOleObjectImpl@VCOPOSElectronicValueRW@@@ATL@@UEAAJPEB_W0@Z 0000000180001d04 f i ElectronicValueRW.obj
 0001:00000d04       ?OnFrameWindowActivate@?$IOleInPlaceActiveObjectImpl@VCOPOSElectronicValueRW@@@ATL@@UEAAJH@Z 0000000180001d04 f i ElectronicValueRW.obj
 0001:00000d04       ?GetCategoryMap@CComObjectRootBase@ATL@@SAPEBU_ATL_CATMAP_ENTRY@2@XZ 0000000180001d04 f i ElectronicValueRW.obj
 0001:00000d04       ?ResizeBorder@?$IOleInPlaceActiveObjectImpl@VCOPOSElectronicValueRW@@@ATL@@UEAAJPEBUtagRECT@@PEAUIOleInPlaceUIWindow@@H@Z 0000000180001d04 f i ElectronicValueRW.obj
 0001:00000d04       ?EnableModeless@?$IOleInPlaceActiveObjectImpl@VCOPOSElectronicValueRW@@@ATL@@UEAAJH@Z 0000000180001d04 f i ElectronicValueRW.obj
 0001:00000d08       ?GetConnectionInterface@?$IConnectionPointImpl@VCOPOSElectronicValueRW@@$1?DIID__IOPOSElectronicValueRWEvents@@3U_GUID@@BVCComDynamicUnkArray@ATL@@@ATL@@UEAAJPEAU_GUID@@@Z 0000000180001d08 f i ElectronicValueRW.obj
 0001:00000d24       ?GetConnectionPointContainer@?$IConnectionPointImpl@VCOPOSElectronicValueRW@@$1?DIID__IOPOSElectronicValueRWEvents@@3U_GUID@@BVCComDynamicUnkArray@ATL@@@ATL@@UEAAJPEAPEAUIConnectionPointContainer@@@Z 0000000180001d24 f i ElectronicValueRW.obj
 0001:00000d44       ?UpdateRegistry@COPOSElectronicValueRW@@SAJH@Z 0000000180001d44 f i ElectronicValueRW.obj
 0001:00000d5c       ?ProcessWindowMessage@COPOSElectronicValueRW@@UEAAHPEAUHWND__@@I_K_JAEA_JK@Z 0000000180001d5c f i ElectronicValueRW.obj
 0001:00000de4       ?SOData@COPOSElectronicValueRW@@MEAAJJ@Z 0000000180001de4 f i ElectronicValueRW.obj
 0001:00000e34       ?SODirectIO@COPOSElectronicValueRW@@MEAAJJPEAJPEAPEA_W@Z 0000000180001e34 f i ElectronicValueRW.obj
 0001:00000eac       ?SOError@COPOSElectronicValueRW@@MEAAJJJJPEAJ@Z 0000000180001eac f i ElectronicValueRW.obj
 0001:00000f34       ?SOOutputComplete@COPOSElectronicValueRW@@MEAAJJ@Z 0000000180001f34 f i ElectronicValueRW.obj
 0001:00000f84       ?SOStatusUpdate@COPOSElectronicValueRW@@MEAAJJ@Z 0000000180001f84 f i ElectronicValueRW.obj
 0001:00000fd4       ?SOTransition@COPOSElectronicValueRW@@MEAAJJPEAJPEAPEA_W@Z 0000000180001fd4 f i ElectronicValueRW.obj
 0001:0000104c       ?OnMnemonic@?$IOleControlImpl@VCOPOSElectronicValueRW@@@ATL@@UEAAJPEAUtagMSG@@@Z 000000018000204c f i ElectronicValueRW.obj
 0001:0000104c       ?GetCanonicalFormatEtc@?$IDataObjectImpl@VCOPOSElectronicValueRW@@@ATL@@UEAAJPEAUtagFORMATETC@@0@Z 000000018000204c f i ElectronicValueRW.obj
 0001:0000104c       ?QueryInterface@CRegObject@ATL@@UEAAJAEBU_GUID@@PEAPEAX@Z 000000018000204c f i ElectronicValueRW.obj
 0001:0000104c       ?ContextSensitiveHelp@?$IOleInPlaceActiveObjectImpl@VCOPOSElectronicValueRW@@@ATL@@UEAAJH@Z 000000018000204c f i ElectronicValueRW.obj
 0001:0000104c       ?GetColorSet@?$IViewObjectExImpl@VCOPOSElectronicValueRW@@@ATL@@UEAAJKJPEAXPEAUtagDVTARGETDEVICE@@PEAUHDC__@@PEAPEAUtagLOGPALETTE@@@Z 000000018000204c f i ElectronicValueRW.obj
 0001:0000104c       ?SetColorScheme@?$IOleObjectImpl@VCOPOSElectronicValueRW@@@ATL@@UEAAJPEAUtagLOGPALETTE@@@Z 000000018000204c f i ElectronicValueRW.obj
 0001:0000104c       ?QueryGetData@?$IDataObjectImpl@VCOPOSElectronicValueRW@@@ATL@@UEAAJPEAUtagFORMATETC@@@Z 000000018000204c f i ElectronicValueRW.obj
 0001:0000104c       ?GetRect@?$IViewObjectExImpl@VCOPOSElectronicValueRW@@@ATL@@UEAAJKPEAU_RECTL@@@Z 000000018000204c f i ElectronicValueRW.obj
 0001:0000104c       ?GetMoniker@?$IOleObjectImpl@VCOPOSElectronicValueRW@@@ATL@@UEAAJKKPEAPEAUIMoniker@@@Z 000000018000204c f i ElectronicValueRW.obj
 0001:0000104c       ?Unfreeze@?$IViewObjectExImpl@VCOPOSElectronicValueRW@@@ATL@@UEAAJK@Z 000000018000204c f i ElectronicValueRW.obj
 0001:0000104c       ?SetData@?$IDataObjectImpl@VCOPOSElectronicValueRW@@@ATL@@UEAAJPEAUtagFORMATETC@@PEAUtagSTGMEDIUM@@H@Z 000000018000204c f i ElectronicValueRW.obj
 0001:0000104c       ?ReactivateAndUndo@?$IOleInPlaceObjectWindowlessImpl@VCOPOSElectronicValueRW@@@ATL@@UEAAJXZ 000000018000204c f i ElectronicValueRW.obj
 0001:0000104c       ?InitFromData@?$IOleObjectImpl@VCOPOSElectronicValueRW@@@ATL@@UEAAJPEAUIDataObject@@HK@Z 000000018000204c f i ElectronicValueRW.obj
 0001:0000104c       ?GetClipboardData@?$IOleObjectImpl@VCOPOSElectronicValueRW@@@ATL@@UEAAJKPEAPEAUIDataObject@@@Z 000000018000204c f i ElectronicValueRW.obj
 0001:0000104c       ?GetDataHere@?$IDataObjectImpl@VCOPOSElectronicValueRW@@@ATL@@UEAAJPEAUtagFORMATETC@@PEAUtagSTGMEDIUM@@@Z 000000018000204c f i ElectronicValueRW.obj
 0001:0000104c       ?Freeze@?$IViewObjectExImpl@VCOPOSElectronicValueRW@@@ATL@@UEAAJKJPEAXPEAK@Z 000000018000204c f i ElectronicValueRW.obj
 0001:0000104c       ?ContextSensitiveHelp@?$IOleInPlaceObjectWindowlessImpl@VCOPOSElectronicValueRW@@@ATL@@UEAAJH@Z 000000018000204c f i ElectronicValueRW.obj
 0001:0000104c       ?GetControlInfo@?$IOleControlImpl@VCOPOSElectronicValueRW@@@ATL@@UEAAJPEAUtagCONTROLINFO@@@Z 000000018000204c f i ElectronicValueRW.obj
 0001:0000104c       ?GetDropTarget@?$IOleInPlaceObjectWindowlessImpl@VCOPOSElectronicValueRW@@@ATL@@UEAAJPEAPEAUIDropTarget@@@Z 000000018000204c f i ElectronicValueRW.obj
 0001:0000104c       ?EnumFormatEtc@?$IDataObjectImpl@VCOPOSElectronicValueRW@@@ATL@@UEAAJKPEAPEAUIEnumFORMATETC@@@Z 000000018000204c f i ElectronicValueRW.obj
 0001:0000104c       ?SetMoniker@?$IOleObjectImpl@VCOPOSElectronicValueRW@@@ATL@@UEAAJKPEAUIMoniker@@@Z 000000018000204c f i ElectronicValueRW.obj
 0001:00001054       ?AddRef@CRegObject@ATL@@UEAAKXZ 0000000180002054 f i ElectronicValueRW.obj
 0001:00001054       ?FAccessAllowed@?$IObjectSafetyImpl@VCOPOSElectronicValueRW@@$02@ATL@@MEAAHXZ 0000000180002054 f i ElectronicValueRW.obj
 0001:0000105c       ?AddReplacement@CRegObject@ATL@@UEAAJPEB_W0@Z 000000018000205c f i ElectronicValueRW.obj
 0001:0000108c       ?ClearReplacements@CRegObject@ATL@@UEAAJXZ 000000018000208c f i ElectronicValueRW.obj
 0001:00001098       ??_GCRegObject@ATL@@UEAAPEAXI@Z 0000000180002098 f i ElectronicValueRW.obj
 0001:00001098       ??_ECRegObject@ATL@@UEAAPEAXI@Z 0000000180002098 f i ElectronicValueRW.obj
 0001:00001118       ?CreateInstance@?$CComCreator@V?$CComObjectCached@VCComClassFactory@ATL@@@ATL@@@ATL@@SAJPEAXAEBU_GUID@@PEAPEAX@Z 0000000180002118 f i ElectronicValueRW.obj
 0001:00001218       ?CreateInstance@?$CComCreator2@V?$CComCreator@V?$CComObject@VCOPOSElectronicValueRW@@@ATL@@@ATL@@V?$CComCreator@V?$CComAggObject@VCOPOSElectronicValueRW@@@ATL@@@2@@ATL@@SAJPEAXAEBU_GUID@@PEAPEAX@Z 0000000180002218 f i ElectronicValueRW.obj
 0001:00001228       ?Next@?$CComEnumImpl@UIEnumConnectionPoints@@$1?_GUID_b196b285_bab4_101a_b69c_00aa00341d07@@3U__s_GUID@@BPEAUIConnectionPoint@@V?$_CopyInterface@UIConnectionPoint@@@ATL@@@ATL@@UEAAJKPEAPEAUIConnectionPoint@@PEAK@Z 0000000180002228 f i ElectronicValueRW.obj
 0001:000012f4       ?Skip@?$CComEnumImpl@UIEnumConnectionPoints@@$1?_GUID_b196b285_bab4_101a_b69c_00aa00341d07@@3U__s_GUID@@BPEAUIConnectionPoint@@V?$_CopyInterface@UIConnectionPoint@@@ATL@@@ATL@@UEAAJK@Z 00000001800022f4 f i ElectronicValueRW.obj
 0001:00001320       ?Reset@?$CComEnumImpl@UIEnumConnections@@$1?_GUID_b196b287_bab4_101a_b69c_00aa00341d07@@3U__s_GUID@@BUtagCONNECTDATA@@V?$_Copy@UtagCONNECTDATA@@@ATL@@@ATL@@UEAAJXZ 0000000180002320 f i ElectronicValueRW.obj
 0001:00001320       ?Reset@?$CComEnumImpl@UIEnumConnectionPoints@@$1?_GUID_b196b285_bab4_101a_b69c_00aa00341d07@@3U__s_GUID@@BPEAUIConnectionPoint@@V?$_CopyInterface@UIConnectionPoint@@@ATL@@@ATL@@UEAAJXZ 0000000180002320 f i ElectronicValueRW.obj
 0001:0000132c       ?Clone@?$CComEnumImpl@UIEnumConnectionPoints@@$1?_GUID_b196b285_bab4_101a_b69c_00aa00341d07@@3U__s_GUID@@BPEAUIConnectionPoint@@V?$_CopyInterface@UIConnectionPoint@@@ATL@@@ATL@@UEAAJPEAPEAUIEnumConnectionPoints@@@Z 000000018000232c f i ElectronicValueRW.obj
 0001:00001454       ?AddRef@?$CComObject@V?$CComEnum@UIEnumConnections@@$1?_GUID_b196b287_bab4_101a_b69c_00aa00341d07@@3U__s_GUID@@BUtagCONNECTDATA@@V?$_Copy@UtagCONNECTDATA@@@ATL@@VCComSingleThreadModel@6@@ATL@@@ATL@@UEAAKXZ 0000000180002454 f i ElectronicValueRW.obj
 0001:00001454       ?AddRef@?$CComObject@V?$CComEnum@UIEnumConnectionPoints@@$1?_GUID_b196b285_bab4_101a_b69c_00aa00341d07@@3U__s_GUID@@BPEAUIConnectionPoint@@V?$_CopyInterface@UIConnectionPoint@@@ATL@@VCComSingleThreadModel@6@@ATL@@@ATL@@UEAAKXZ 0000000180002454 f i ElectronicValueRW.obj
 0001:00001460       ?Release@?$CComObject@V?$CComEnum@UIEnumConnections@@$1?_GUID_b196b287_bab4_101a_b69c_00aa00341d07@@3U__s_GUID@@BUtagCONNECTDATA@@V?$_Copy@UtagCONNECTDATA@@@ATL@@VCComSingleThreadModel@6@@ATL@@@ATL@@UEAAKXZ 0000000180002460 f i ElectronicValueRW.obj
 0001:00001460       ?Release@?$CComObject@V?$CComEnum@UIEnumConnectionPoints@@$1?_GUID_b196b285_bab4_101a_b69c_00aa00341d07@@3U__s_GUID@@BPEAUIConnectionPoint@@V?$_CopyInterface@UIConnectionPoint@@@ATL@@VCComSingleThreadModel@6@@ATL@@@ATL@@UEAAKXZ 0000000180002460 f i ElectronicValueRW.obj
 0001:000014b4       ?QueryInterface@?$CComObject@V?$CComEnum@UIEnumConnectionPoints@@$1?_GUID_b196b285_bab4_101a_b69c_00aa00341d07@@3U__s_GUID@@BPEAUIConnectionPoint@@V?$_CopyInterface@UIConnectionPoint@@@ATL@@VCComSingleThreadModel@6@@ATL@@@ATL@@UEAAJAEBU_GUID@@PEAPEAX@Z 00000001800024b4 f i ElectronicValueRW.obj
 0001:000014c8       ??_E?$CComObject@V?$CComEnum@UIEnumConnectionPoints@@$1?_GUID_b196b285_bab4_101a_b69c_00aa00341d07@@3U__s_GUID@@BPEAUIConnectionPoint@@V?$_CopyInterface@UIConnectionPoint@@@ATL@@VCComSingleThreadModel@6@@ATL@@@ATL@@UEAAPEAXI@Z 00000001800024c8 f i ElectronicValueRW.obj
 0001:000014c8       ??_G?$CComObject@V?$CComEnum@UIEnumConnectionPoints@@$1?_GUID_b196b285_bab4_101a_b69c_00aa00341d07@@3U__s_GUID@@BPEAUIConnectionPoint@@V?$_CopyInterface@UIConnectionPoint@@@ATL@@VCComSingleThreadModel@6@@ATL@@@ATL@@UEAAPEAXI@Z 00000001800024c8 f i ElectronicValueRW.obj
 0001:00001520       ?AddRef@?$CComObjectCached@VCComClassFactory@ATL@@@ATL@@UEAAKXZ 0000000180002520 f i ElectronicValueRW.obj
 0001:0000154c       ?Release@?$CComObjectCached@VCComClassFactory@ATL@@@ATL@@UEAAKXZ 000000018000254c f i ElectronicValueRW.obj
 0001:0000158c       ?QueryInterface@?$CComObjectCached@VCComClassFactory@ATL@@@ATL@@UEAAJAEBU_GUID@@PEAPEAX@Z 000000018000258c f i ElectronicValueRW.obj
 0001:000015a0       ??_E?$CComObjectCached@VCComClassFactory@ATL@@@ATL@@UEAAPEAXI@Z 00000001800025a0 f i ElectronicValueRW.obj
 0001:000015a0       ??_G?$CComObjectCached@VCComClassFactory@ATL@@@ATL@@UEAAPEAXI@Z 00000001800025a0 f i ElectronicValueRW.obj
 0001:000015f8       ?AddRef@?$CComAggObject@VCOPOSElectronicValueRW@@@ATL@@UEAAKXZ 00000001800025f8 f i ElectronicValueRW.obj
 0001:00001604       ?Release@?$CComAggObject@VCOPOSElectronicValueRW@@@ATL@@UEAAKXZ 0000000180002604 f i ElectronicValueRW.obj
 0001:00001658       ?QueryInterface@?$CComAggObject@VCOPOSElectronicValueRW@@@ATL@@UEAAJAEBU_GUID@@PEAPEAX@Z 0000000180002658 f i ElectronicValueRW.obj
 0001:000016b8       ?AddRef@?$CComContainedObject@VCOPOSElectronicValueRW@@@ATL@@UEAAKXZ 00000001800026b8 f i ElectronicValueRW.obj
 0001:000016c8       ?Release@?$CComContainedObject@VCOPOSElectronicValueRW@@@ATL@@UEAAKXZ 00000001800026c8 f i ElectronicValueRW.obj
 0001:000016d8       ?QueryInterface@?$CComContainedObject@VCOPOSElectronicValueRW@@@ATL@@UEAAJAEBU_GUID@@PEAPEAX@Z 00000001800026d8 f i ElectronicValueRW.obj
 0001:000016e8       ??_E?$CComAggObject@VCOPOSElectronicValueRW@@@ATL@@UEAAPEAXI@Z 00000001800026e8 f i ElectronicValueRW.obj
 0001:000016e8       ??_G?$CComAggObject@VCOPOSElectronicValueRW@@@ATL@@UEAAPEAXI@Z 00000001800026e8 f i ElectronicValueRW.obj
 0001:00001740       ?AddRef@?$CComObject@VCOPOSElectronicValueRW@@@ATL@@UEAAKXZ 0000000180002740 f i ElectronicValueRW.obj
 0001:00001750       ?Release@?$CComObject@VCOPOSElectronicValueRW@@@ATL@@UEAAKXZ 0000000180002750 f i ElectronicValueRW.obj
 0001:000017a8       ?QueryInterface@?$CComObject@VCOPOSElectronicValueRW@@@ATL@@UEAAJAEBU_GUID@@PEAPEAX@Z 00000001800027a8 f i ElectronicValueRW.obj
 0001:000017bc       ?OnDrawAdvanced@CComControlBase@ATL@@UEAAJAEAUATL_DRAWINFO@@@Z 00000001800027bc f i ElectronicValueRW.obj
 0001:000018dc       ?OnFinalMessage@?$CWindowImplBaseT@VCWindow@ATL@@V?$CWinTraits@$0FGAAAAAA@$0A@@2@@ATL@@UEAAXPEAUHWND__@@@Z 00000001800028dc f i ElectronicValueRW.obj
 0001:000018dc       ?ObjectMain@CComObjectRootBase@ATL@@SAX_N@Z 00000001800028dc f i ElectronicValueRW.obj
 0001:000018e0       ?CreateInstance@CComClassFactory@ATL@@UEAAJPEAUIUnknown@@AEBU_GUID@@PEAPEAX@Z 00000001800028e0 f i ElectronicValueRW.obj
 0001:00001940       ?LockServer@CComClassFactory@ATL@@UEAAJH@Z 0000000180002940 f i ElectronicValueRW.obj
 0001:00001964       ??_ECComClassFactory@ATL@@UEAAPEAXI@Z 0000000180002964 f i ElectronicValueRW.obj
 0001:00001964       ??_GCComClassFactory@ATL@@UEAAPEAXI@Z 0000000180002964 f i ElectronicValueRW.obj
 0001:000019b4       ?Next@?$CComEnumImpl@UIEnumConnections@@$1?_GUID_b196b287_bab4_101a_b69c_00aa00341d07@@3U__s_GUID@@BUtagCONNECTDATA@@V?$_Copy@UtagCONNECTDATA@@@ATL@@@ATL@@UEAAJKPEAUtagCONNECTDATA@@PEAK@Z 00000001800029b4 f i ElectronicValueRW.obj
 0001:00001a88       ?Skip@?$CComEnumImpl@UIEnumConnections@@$1?_GUID_b196b287_bab4_101a_b69c_00aa00341d07@@3U__s_GUID@@BUtagCONNECTDATA@@V?$_Copy@UtagCONNECTDATA@@@ATL@@@ATL@@UEAAJK@Z 0000000180002a88 f i ElectronicValueRW.obj
 0001:00001ab4       ?Clone@?$CComEnumImpl@UIEnumConnections@@$1?_GUID_b196b287_bab4_101a_b69c_00aa00341d07@@3U__s_GUID@@BUtagCONNECTDATA@@V?$_Copy@UtagCONNECTDATA@@@ATL@@@ATL@@UEAAJPEAPEAUIEnumConnections@@@Z 0000000180002ab4 f i ElectronicValueRW.obj
 0001:00001bdc       ?QueryInterface@?$CComObject@V?$CComEnum@UIEnumConnections@@$1?_GUID_b196b287_bab4_101a_b69c_00aa00341d07@@3U__s_GUID@@BUtagCONNECTDATA@@V?$_Copy@UtagCONNECTDATA@@@ATL@@VCComSingleThreadModel@6@@ATL@@@ATL@@UEAAJAEBU_GUID@@PEAPEAX@Z 0000000180002bdc f i ElectronicValueRW.obj
 0001:00001bf0       ??_E?$CComObject@V?$CComEnum@UIEnumConnections@@$1?_GUID_b196b287_bab4_101a_b69c_00aa00341d07@@3U__s_GUID@@BUtagCONNECTDATA@@V?$_Copy@UtagCONNECTDATA@@@ATL@@VCComSingleThreadModel@6@@ATL@@@ATL@@UEAAPEAXI@Z 0000000180002bf0 f i ElectronicValueRW.obj
 0001:00001bf0       ??_G?$CComObject@V?$CComEnum@UIEnumConnections@@$1?_GUID_b196b287_bab4_101a_b69c_00aa00341d07@@3U__s_GUID@@BUtagCONNECTDATA@@V?$_Copy@UtagCONNECTDATA@@@ATL@@VCComSingleThreadModel@6@@ATL@@@ATL@@UEAAPEAXI@Z 0000000180002bf0 f i ElectronicValueRW.obj
 0001:00001c48       ??_E?$CComObject@VCOPOSElectronicValueRW@@@ATL@@W7EAAPEAXI@Z 0000000180002c48 f i ElectronicValueRW.obj
 0001:00001c54       ??_E?$CComObject@VCOPOSElectronicValueRW@@@ATL@@WHA@EAAPEAXI@Z 0000000180002c54 f i ElectronicValueRW.obj
 0001:00001c60       ?QueryInterface@?$CComObject@VCOPOSElectronicValueRW@@@ATL@@WLI@EAAJAEBU_GUID@@PEAPEAX@Z 0000000180002c60 f i ElectronicValueRW.obj
 0001:00001c6c       ?AddRef@?$CComObject@VCOPOSElectronicValueRW@@@ATL@@WLI@EAAKXZ 0000000180002c6c f i ElectronicValueRW.obj
 0001:00001c78       ?Release@?$CComObject@VCOPOSElectronicValueRW@@@ATL@@WLI@EAAKXZ 0000000180002c78 f i ElectronicValueRW.obj
 0001:00001c84       ?QueryInterface@?$CComObject@VCOPOSElectronicValueRW@@@ATL@@WMA@EAAJAEBU_GUID@@PEAPEAX@Z 0000000180002c84 f i ElectronicValueRW.obj
 0001:00001c90       ?AddRef@?$CComObject@VCOPOSElectronicValueRW@@@ATL@@WMA@EAAKXZ 0000000180002c90 f i ElectronicValueRW.obj
 0001:00001c9c       ?Release@?$CComObject@VCOPOSElectronicValueRW@@@ATL@@WMA@EAAKXZ 0000000180002c9c f i ElectronicValueRW.obj
 0001:00001ca8       ?QueryInterface@?$CComObject@VCOPOSElectronicValueRW@@@ATL@@WMI@EAAJAEBU_GUID@@PEAPEAX@Z 0000000180002ca8 f i ElectronicValueRW.obj
 0001:00001cb4       ?AddRef@?$CComObject@VCOPOSElectronicValueRW@@@ATL@@WMI@EAAKXZ 0000000180002cb4 f i ElectronicValueRW.obj
 0001:00001cc0       ?Release@?$CComObject@VCOPOSElectronicValueRW@@@ATL@@WMI@EAAKXZ 0000000180002cc0 f i ElectronicValueRW.obj
 0001:00001ccc       ?QueryInterface@?$CComObject@VCOPOSElectronicValueRW@@@ATL@@WNA@EAAJAEBU_GUID@@PEAPEAX@Z 0000000180002ccc f i ElectronicValueRW.obj
 0001:00001cd8       ?AddRef@?$CComObject@VCOPOSElectronicValueRW@@@ATL@@WNA@EAAKXZ 0000000180002cd8 f i ElectronicValueRW.obj
 0001:00001ce4       ?Release@?$CComObject@VCOPOSElectronicValueRW@@@ATL@@WNA@EAAKXZ 0000000180002ce4 f i ElectronicValueRW.obj
 0001:00001cf0       ?QueryInterface@?$CComObject@VCOPOSElectronicValueRW@@@ATL@@WNI@EAAJAEBU_GUID@@PEAPEAX@Z 0000000180002cf0 f i ElectronicValueRW.obj
 0001:00001cfc       ?AddRef@?$CComObject@VCOPOSElectronicValueRW@@@ATL@@WNI@EAAKXZ 0000000180002cfc f i ElectronicValueRW.obj
 0001:00001d08       ?Release@?$CComObject@VCOPOSElectronicValueRW@@@ATL@@WNI@EAAKXZ 0000000180002d08 f i ElectronicValueRW.obj
 0001:00001d14       ?QueryInterface@?$CComObject@VCOPOSElectronicValueRW@@@ATL@@WOA@EAAJAEBU_GUID@@PEAPEAX@Z 0000000180002d14 f i ElectronicValueRW.obj
 0001:00001d20       ?AddRef@?$CComObject@VCOPOSElectronicValueRW@@@ATL@@WOA@EAAKXZ 0000000180002d20 f i ElectronicValueRW.obj
 0001:00001d2c       ?Release@?$CComObject@VCOPOSElectronicValueRW@@@ATL@@WOA@EAAKXZ 0000000180002d2c f i ElectronicValueRW.obj
 0001:00001d38       ?QueryInterface@?$CComObject@VCOPOSElectronicValueRW@@@ATL@@WOI@EAAJAEBU_GUID@@PEAPEAX@Z 0000000180002d38 f i ElectronicValueRW.obj
 0001:00001d44       ?AddRef@?$CComObject@VCOPOSElectronicValueRW@@@ATL@@WOI@EAAKXZ 0000000180002d44 f i ElectronicValueRW.obj
 0001:00001d50       ?Release@?$CComObject@VCOPOSElectronicValueRW@@@ATL@@WOI@EAAKXZ 0000000180002d50 f i ElectronicValueRW.obj
 0001:00001d5c       ?QueryInterface@?$CComObject@VCOPOSElectronicValueRW@@@ATL@@WPA@EAAJAEBU_GUID@@PEAPEAX@Z 0000000180002d5c f i ElectronicValueRW.obj
 0001:00001d68       ?AddRef@?$CComObject@VCOPOSElectronicValueRW@@@ATL@@WPA@EAAKXZ 0000000180002d68 f i ElectronicValueRW.obj
 0001:00001d74       ?Release@?$CComObject@VCOPOSElectronicValueRW@@@ATL@@WPA@EAAKXZ 0000000180002d74 f i ElectronicValueRW.obj
 0001:00001d80       ?QueryInterface@?$CComObject@VCOPOSElectronicValueRW@@@ATL@@WPI@EAAJAEBU_GUID@@PEAPEAX@Z 0000000180002d80 f i ElectronicValueRW.obj
 0001:00001d8c       ?AddRef@?$CComObject@VCOPOSElectronicValueRW@@@ATL@@WPI@EAAKXZ 0000000180002d8c f i ElectronicValueRW.obj
 0001:00001d98       ?Release@?$CComObject@VCOPOSElectronicValueRW@@@ATL@@WPI@EAAKXZ 0000000180002d98 f i ElectronicValueRW.obj
 0001:00001da4       ?QueryInterface@?$CComObject@VCOPOSElectronicValueRW@@@ATL@@WBAA@EAAJAEBU_GUID@@PEAPEAX@Z 0000000180002da4 f i ElectronicValueRW.obj
 0001:00001db0       ?AddRef@?$CComObject@VCOPOSElectronicValueRW@@@ATL@@WBAA@EAAKXZ 0000000180002db0 f i ElectronicValueRW.obj
 0001:00001dbc       ?Release@?$CComObject@VCOPOSElectronicValueRW@@@ATL@@WBAA@EAAKXZ 0000000180002dbc f i ElectronicValueRW.obj
 0001:00001dc8       ?QueryInterface@?$CComObject@VCOPOSElectronicValueRW@@@ATL@@WBAI@EAAJAEBU_GUID@@PEAPEAX@Z 0000000180002dc8 f i ElectronicValueRW.obj
 0001:00001dd4       ?AddRef@?$CComObject@VCOPOSElectronicValueRW@@@ATL@@WBAI@EAAKXZ 0000000180002dd4 f i ElectronicValueRW.obj
 0001:00001de0       ?Release@?$CComObject@VCOPOSElectronicValueRW@@@ATL@@WBAI@EAAKXZ 0000000180002de0 f i ElectronicValueRW.obj
 0001:00001dec       ?QueryInterface@?$CComObject@VCOPOSElectronicValueRW@@@ATL@@WBBA@EAAJAEBU_GUID@@PEAPEAX@Z 0000000180002dec f i ElectronicValueRW.obj
 0001:00001df8       ?AddRef@?$CComObject@VCOPOSElectronicValueRW@@@ATL@@WBBA@EAAKXZ 0000000180002df8 f i ElectronicValueRW.obj
 0001:00001e04       ?Release@?$CComObject@VCOPOSElectronicValueRW@@@ATL@@WBBA@EAAKXZ 0000000180002e04 f i ElectronicValueRW.obj
 0001:00001e10       ?QueryInterface@?$CComObject@VCOPOSElectronicValueRW@@@ATL@@WBBI@EAAJAEBU_GUID@@PEAPEAX@Z 0000000180002e10 f i ElectronicValueRW.obj
 0001:00001e1c       ?AddRef@?$CComObject@VCOPOSElectronicValueRW@@@ATL@@WBBI@EAAKXZ 0000000180002e1c f i ElectronicValueRW.obj
 0001:00001e28       ?Release@?$CComObject@VCOPOSElectronicValueRW@@@ATL@@WBBI@EAAKXZ 0000000180002e28 f i ElectronicValueRW.obj
 0001:00001e34       ?AddRef@?$CComObject@VCOPOSElectronicValueRW@@@ATL@@WBCI@EAAKXZ 0000000180002e34 f i ElectronicValueRW.obj
 0001:00001e40       ?Release@?$CComObject@VCOPOSElectronicValueRW@@@ATL@@WBCI@EAAKXZ 0000000180002e40 f i ElectronicValueRW.obj
 0001:00001e4c       ?AddRef@?$CComObject@VCOPOSElectronicValueRW@@@ATL@@WBEA@EAAKXZ 0000000180002e4c f i ElectronicValueRW.obj
 0001:00001e58       ?Release@?$CComObject@VCOPOSElectronicValueRW@@@ATL@@WBEA@EAAKXZ 0000000180002e58 f i ElectronicValueRW.obj
 0001:00001e64       ??_E?$CComContainedObject@VCOPOSElectronicValueRW@@@ATL@@W7EAAPEAXI@Z 0000000180002e64 f i ElectronicValueRW.obj
 0001:00001e70       ??_E?$CComContainedObject@VCOPOSElectronicValueRW@@@ATL@@WHA@EAAPEAXI@Z 0000000180002e70 f i ElectronicValueRW.obj
 0001:00001e7c       ?QueryInterface@?$CComContainedObject@VCOPOSElectronicValueRW@@@ATL@@WLI@EAAJAEBU_GUID@@PEAPEAX@Z 0000000180002e7c f i ElectronicValueRW.obj
 0001:00001e88       ?AddRef@?$CComContainedObject@VCOPOSElectronicValueRW@@@ATL@@WLI@EAAKXZ 0000000180002e88 f i ElectronicValueRW.obj
 0001:00001e94       ?Release@?$CComContainedObject@VCOPOSElectronicValueRW@@@ATL@@WLI@EAAKXZ 0000000180002e94 f i ElectronicValueRW.obj
 0001:00001ea0       ?QueryInterface@?$CComContainedObject@VCOPOSElectronicValueRW@@@ATL@@WMA@EAAJAEBU_GUID@@PEAPEAX@Z 0000000180002ea0 f i ElectronicValueRW.obj
 0001:00001eac       ?AddRef@?$CComContainedObject@VCOPOSElectronicValueRW@@@ATL@@WMA@EAAKXZ 0000000180002eac f i ElectronicValueRW.obj
 0001:00001eb8       ?Release@?$CComContainedObject@VCOPOSElectronicValueRW@@@ATL@@WMA@EAAKXZ 0000000180002eb8 f i ElectronicValueRW.obj
 0001:00001ec4       ?QueryInterface@?$CComContainedObject@VCOPOSElectronicValueRW@@@ATL@@WMI@EAAJAEBU_GUID@@PEAPEAX@Z 0000000180002ec4 f i ElectronicValueRW.obj
 0001:00001ed0       ?AddRef@?$CComContainedObject@VCOPOSElectronicValueRW@@@ATL@@WMI@EAAKXZ 0000000180002ed0 f i ElectronicValueRW.obj
 0001:00001edc       ?Release@?$CComContainedObject@VCOPOSElectronicValueRW@@@ATL@@WMI@EAAKXZ 0000000180002edc f i ElectronicValueRW.obj
 0001:00001ee8       ?QueryInterface@?$CComContainedObject@VCOPOSElectronicValueRW@@@ATL@@WNA@EAAJAEBU_GUID@@PEAPEAX@Z 0000000180002ee8 f i ElectronicValueRW.obj
 0001:00001ef4       ?AddRef@?$CComContainedObject@VCOPOSElectronicValueRW@@@ATL@@WNA@EAAKXZ 0000000180002ef4 f i ElectronicValueRW.obj
 0001:00001f00       ?Release@?$CComContainedObject@VCOPOSElectronicValueRW@@@ATL@@WNA@EAAKXZ 0000000180002f00 f i ElectronicValueRW.obj
 0001:00001f0c       ?QueryInterface@?$CComContainedObject@VCOPOSElectronicValueRW@@@ATL@@WNI@EAAJAEBU_GUID@@PEAPEAX@Z 0000000180002f0c f i ElectronicValueRW.obj
 0001:00001f18       ?AddRef@?$CComContainedObject@VCOPOSElectronicValueRW@@@ATL@@WNI@EAAKXZ 0000000180002f18 f i ElectronicValueRW.obj
 0001:00001f24       ?Release@?$CComContainedObject@VCOPOSElectronicValueRW@@@ATL@@WNI@EAAKXZ 0000000180002f24 f i ElectronicValueRW.obj
 0001:00001f30       ?QueryInterface@?$CComContainedObject@VCOPOSElectronicValueRW@@@ATL@@WOA@EAAJAEBU_GUID@@PEAPEAX@Z 0000000180002f30 f i ElectronicValueRW.obj
 0001:00001f3c       ?AddRef@?$CComContainedObject@VCOPOSElectronicValueRW@@@ATL@@WOA@EAAKXZ 0000000180002f3c f i ElectronicValueRW.obj
 0001:00001f48       ?Release@?$CComContainedObject@VCOPOSElectronicValueRW@@@ATL@@WOA@EAAKXZ 0000000180002f48 f i ElectronicValueRW.obj
 0001:00001f54       ?QueryInterface@?$CComContainedObject@VCOPOSElectronicValueRW@@@ATL@@WOI@EAAJAEBU_GUID@@PEAPEAX@Z 0000000180002f54 f i ElectronicValueRW.obj
 0001:00001f60       ?AddRef@?$CComContainedObject@VCOPOSElectronicValueRW@@@ATL@@WOI@EAAKXZ 0000000180002f60 f i ElectronicValueRW.obj
 0001:00001f6c       ?Release@?$CComContainedObject@VCOPOSElectronicValueRW@@@ATL@@WOI@EAAKXZ 0000000180002f6c f i ElectronicValueRW.obj
 0001:00001f78       ?QueryInterface@?$CComContainedObject@VCOPOSElectronicValueRW@@@ATL@@WPA@EAAJAEBU_GUID@@PEAPEAX@Z 0000000180002f78 f i ElectronicValueRW.obj
 0001:00001f84       ?AddRef@?$CComContainedObject@VCOPOSElectronicValueRW@@@ATL@@WPA@EAAKXZ 0000000180002f84 f i ElectronicValueRW.obj
 0001:00001f90       ?Release@?$CComContainedObject@VCOPOSElectronicValueRW@@@ATL@@WPA@EAAKXZ 0000000180002f90 f i ElectronicValueRW.obj
 0001:00001f9c       ?QueryInterface@?$CComContainedObject@VCOPOSElectronicValueRW@@@ATL@@WPI@EAAJAEBU_GUID@@PEAPEAX@Z 0000000180002f9c f i ElectronicValueRW.obj
 0001:00001fa8       ?AddRef@?$CComContainedObject@VCOPOSElectronicValueRW@@@ATL@@WPI@EAAKXZ 0000000180002fa8 f i ElectronicValueRW.obj
 0001:00001fb4       ?Release@?$CComContainedObject@VCOPOSElectronicValueRW@@@ATL@@WPI@EAAKXZ 0000000180002fb4 f i ElectronicValueRW.obj
 0001:00001fc0       ?QueryInterface@?$CComContainedObject@VCOPOSElectronicValueRW@@@ATL@@WBAA@EAAJAEBU_GUID@@PEAPEAX@Z 0000000180002fc0 f i ElectronicValueRW.obj
 0001:00001fcc       ?AddRef@?$CComContainedObject@VCOPOSElectronicValueRW@@@ATL@@WBAA@EAAKXZ 0000000180002fcc f i ElectronicValueRW.obj
 0001:00001fd8       ?Release@?$CComContainedObject@VCOPOSElectronicValueRW@@@ATL@@WBAA@EAAKXZ 0000000180002fd8 f i ElectronicValueRW.obj
 0001:00001fe4       ?QueryInterface@?$CComContainedObject@VCOPOSElectronicValueRW@@@ATL@@WBAI@EAAJAEBU_GUID@@PEAPEAX@Z 0000000180002fe4 f i ElectronicValueRW.obj
 0001:00001ff0       ?AddRef@?$CComContainedObject@VCOPOSElectronicValueRW@@@ATL@@WBAI@EAAKXZ 0000000180002ff0 f i ElectronicValueRW.obj
 0001:00001ffc       ?Release@?$CComContainedObject@VCOPOSElectronicValueRW@@@ATL@@WBAI@EAAKXZ 0000000180002ffc f i ElectronicValueRW.obj
 0001:00002008       ?QueryInterface@?$CComContainedObject@VCOPOSElectronicValueRW@@@ATL@@WBBA@EAAJAEBU_GUID@@PEAPEAX@Z 0000000180003008 f i ElectronicValueRW.obj
 0001:00002014       ?AddRef@?$CComContainedObject@VCOPOSElectronicValueRW@@@ATL@@WBBA@EAAKXZ 0000000180003014 f i ElectronicValueRW.obj
 0001:00002020       ?Release@?$CComContainedObject@VCOPOSElectronicValueRW@@@ATL@@WBBA@EAAKXZ 0000000180003020 f i ElectronicValueRW.obj
 0001:0000202c       ?QueryInterface@?$CComContainedObject@VCOPOSElectronicValueRW@@@ATL@@WBBI@EAAJAEBU_GUID@@PEAPEAX@Z 000000018000302c f i ElectronicValueRW.obj
 0001:00002038       ?AddRef@?$CComContainedObject@VCOPOSElectronicValueRW@@@ATL@@WBBI@EAAKXZ 0000000180003038 f i ElectronicValueRW.obj
 0001:00002044       ?Release@?$CComContainedObject@VCOPOSElectronicValueRW@@@ATL@@WBBI@EAAKXZ 0000000180003044 f i ElectronicValueRW.obj
 0001:00002050       ?AddRef@?$CComContainedObject@VCOPOSElectronicValueRW@@@ATL@@WBCI@EAAKXZ 0000000180003050 f i ElectronicValueRW.obj
 0001:0000205c       ?Release@?$CComContainedObject@VCOPOSElectronicValueRW@@@ATL@@WBCI@EAAKXZ 000000018000305c f i ElectronicValueRW.obj
 0001:00002068       ?AddRef@?$CComContainedObject@VCOPOSElectronicValueRW@@@ATL@@WBEA@EAAKXZ 0000000180003068 f i ElectronicValueRW.obj
 0001:00002074       ?Release@?$CComContainedObject@VCOPOSElectronicValueRW@@@ATL@@WBEA@EAAKXZ 0000000180003074 f i ElectronicValueRW.obj
 0001:00002080       ?GetWindowProc@?$CWindowImplBaseT@VCWindow@ATL@@V?$CWinTraits@$0FGAAAAAA@$0A@@2@@ATL@@UEAAP6A_JPEAUHWND__@@I_K_J@ZXZ 0000000180003080 f i ElectronicValueRW.obj
 0001:00002088       ?StartWindowProc@?$CWindowImplBaseT@VCWindow@ATL@@V?$CWinTraits@$0FGAAAAAA@$0A@@2@@ATL@@SA_JPEAUHWND__@@I_K_J@Z 0000000180003088 f i ElectronicValueRW.obj
 0001:0000214c       ?Lock@CAtlModule@ATL@@UEAAJXZ 000000018000314c f i ElectronicValueRW.obj
 0001:0000215c       ?Unlock@CAtlModule@ATL@@UEAAJXZ 000000018000315c f i ElectronicValueRW.obj
 0001:00002168       ?GetLockCount@CAtlModule@ATL@@UEAAJXZ 0000000180003168 f i ElectronicValueRW.obj
 0001:0000216c       ?GetGITPtr@CAtlModule@ATL@@UEAAJPEAPEAUIGlobalInterfaceTable@@@Z 000000018000316c f i ElectronicValueRW.obj
 0001:000021dc       ?AddCommonRGSReplacements@?$CAtlModuleT@VCComModule@ATL@@@ATL@@UEAAJPEAUIRegistrarBase@@@Z 00000001800031dc f i ElectronicValueRW.obj
 0001:000021f4       ?UpdateRegistryFromResourceD@CComModule@ATL@@UEAAJIHPEAU_ATL_REGMAP_ENTRY@2@@Z 00000001800031f4 f i ElectronicValueRW.obj
 0001:000021f4       ?UpdateRegistryFromResourceD@CComModule@ATL@@UEAAJPEB_WHPEAU_ATL_REGMAP_ENTRY@2@@Z 00000001800031f4 f i ElectronicValueRW.obj
 0001:000021fc       ?UpdateRegistryFromResource@CComModule@ATL@@UEAAJPEB_WHPEAU_ATL_REGMAP_ENTRY@2@@Z 00000001800031fc f i ElectronicValueRW.obj
 0001:00002204       ?UpdateRegistryFromResource@CComModule@ATL@@UEAAJIHPEAU_ATL_REGMAP_ENTRY@2@@Z 0000000180003204 f i ElectronicValueRW.obj
 0001:0000220c       ?GetTypeInfoCount@?$IDispatchImpl@UIOPOSElectronicValueRW@@$1?IID_IOPOSElectronicValueRW@@3U_GUID@@B$1?LIBID_OposElectronicValueRW_CCO@@3U3@B$00$0A@VCComTypeInfoHolder@ATL@@@ATL@@UEAAJPEAI@Z 000000018000320c f i ElectronicValueRW.obj
 0001:00002220       ?GetTypeInfo@?$IDispatchImpl@UIOPOSElectronicValueRW@@$1?IID_IOPOSElectronicValueRW@@3U_GUID@@B$1?LIBID_OposElectronicValueRW_CCO@@3U3@B$00$0A@VCComTypeInfoHolder@ATL@@@ATL@@UEAAJIKPEAPEAUITypeInfo@@@Z 0000000180003220 f i ElectronicValueRW.obj
 0001:00002284       ??_GCComModule@ATL@@UEAAPEAXI@Z 0000000180003284 f i ElectronicValueRW.obj
 0001:00002284       ??_ECComModule@ATL@@UEAAPEAXI@Z 0000000180003284 f i ElectronicValueRW.obj
 0001:00002304       ?GetIDsOfNames@?$IDispatchImpl@UIOPOSElectronicValueRW@@$1?IID_IOPOSElectronicValueRW@@3U_GUID@@B$1?LIBID_OposElectronicValueRW_CCO@@3U3@B$00$0A@VCComTypeInfoHolder@ATL@@@ATL@@UEAAJAEBU_GUID@@PEAPEA_WIKPEAJ@Z 0000000180003304 f i ElectronicValueRW.obj
 0001:00002310       ?Invoke@?$IDispatchImpl@UIOPOSElectronicValueRW@@$1?IID_IOPOSElectronicValueRW@@3U_GUID@@B$1?LIBID_OposElectronicValueRW_CCO@@3U3@B$00$0A@VCComTypeInfoHolder@ATL@@@ATL@@UEAAJJAEBU_GUID@@KGPEAUtagDISPPARAMS@@PEAUtagVARIANT@@PEAUtagEXCEPINFO@@PEAI@Z 0000000180003310 f i ElectronicValueRW.obj
 0001:000023a0       ?CreateControlWindow@?$CComControl@VCOPOSElectronicValueRW@@V?$CWindowImpl@VCOPOSElectronicValueRW@@VCWindow@ATL@@V?$CWinTraits@$0FGAAAAAA@$0A@@3@@ATL@@@ATL@@UEAAPEAUHWND__@@PEAU3@AEAUtagRECT@@@Z 00000001800033a0 f i ElectronicValueRW.obj
 0001:000023d8       ?ControlQueryInterface@?$CComControl@VCOPOSElectronicValueRW@@V?$CWindowImpl@VCOPOSElectronicValueRW@@VCWindow@ATL@@V?$CWinTraits@$0FGAAAAAA@$0A@@3@@ATL@@@ATL@@UEAAJAEBU_GUID@@PEAPEAX@Z 00000001800033d8 f i ElectronicValueRW.obj
 0001:000023ec       ?GetUserClassID@?$IOleObjectImpl@VCOPOSElectronicValueRW@@@ATL@@UEAAJPEAU_GUID@@@Z 00000001800033ec f i ElectronicValueRW.obj
 0001:000023ec       ?GetClassID@?$IPersistStorageImpl@VCOPOSElectronicValueRW@@@ATL@@UEAAJPEAU_GUID@@@Z 00000001800033ec f i ElectronicValueRW.obj
 0001:000023ec       ?GetClassID@?$IPersistStreamInitImpl@VCOPOSElectronicValueRW@@@ATL@@UEAAJPEAU_GUID@@@Z 00000001800033ec f i ElectronicValueRW.obj
 0001:00002408       ?IsDirty@?$IPersistStreamInitImpl@VCOPOSElectronicValueRW@@@ATL@@UEAAJXZ 0000000180003408 f i ElectronicValueRW.obj
 0001:00002424       ?Load@?$IPersistStreamInitImpl@VCOPOSElectronicValueRW@@@ATL@@UEAAJPEAUIStream@@@Z 0000000180003424 f i ElectronicValueRW.obj
 0001:00002474       ?Save@?$IPersistStreamInitImpl@VCOPOSElectronicValueRW@@@ATL@@UEAAJPEAUIStream@@H@Z 0000000180003474 f i ElectronicValueRW.obj
 0001:000024d8       ?GetSizeMax@?$IPersistStreamInitImpl@VCOPOSElectronicValueRW@@@ATL@@UEAAJPEAT_ULARGE_INTEGER@@@Z 00000001800034d8 f i ElectronicValueRW.obj
 0001:00002704       ?InitNew@?$IPersistStreamInitImpl@VCOPOSElectronicValueRW@@@ATL@@UEAAJXZ 0000000180003704 f i ElectronicValueRW.obj
 0001:0000271c       ?SetClientSite@?$IOleObjectImpl@VCOPOSElectronicValueRW@@@ATL@@UEAAJPEAUIOleClientSite@@@Z 000000018000371c f i ElectronicValueRW.obj
 0001:00002738       ?GetClientSite@?$IOleObjectImpl@VCOPOSElectronicValueRW@@@ATL@@UEAAJPEAPEAUIOleClientSite@@@Z 0000000180003738 f i ElectronicValueRW.obj
 0001:00002780       ?Close@?$IOleObjectImpl@VCOPOSElectronicValueRW@@@ATL@@UEAAJK@Z 0000000180003780 f i ElectronicValueRW.obj
 0001:0000279c       ?DoVerb@?$IOleObjectImpl@VCOPOSElectronicValueRW@@@ATL@@UEAAJJPEAUtagMSG@@PEAUIOleClientSite@@JPEAUHWND__@@PEBUtagRECT@@@Z 000000018000379c f i ElectronicValueRW.obj
 0001:00002940       ?EnumVerbs@?$IOleObjectImpl@VCOPOSElectronicValueRW@@@ATL@@UEAAJPEAPEAUIEnumOLEVERB@@@Z 0000000180003940 f i ElectronicValueRW.obj
 0001:0000295c       ?GetUserType@?$IOleObjectImpl@VCOPOSElectronicValueRW@@@ATL@@UEAAJKPEAPEA_W@Z 000000018000395c f i ElectronicValueRW.obj
 0001:0000296c       ?SetExtent@?$IOleObjectImpl@VCOPOSElectronicValueRW@@@ATL@@UEAAJKPEAUtagSIZE@@@Z 000000018000396c f i ElectronicValueRW.obj
 0001:00002988       ?GetExtent@?$IOleObjectImpl@VCOPOSElectronicValueRW@@@ATL@@UEAAJKPEAUtagSIZE@@@Z 0000000180003988 f i ElectronicValueRW.obj
 0001:000029b8       ?Advise@?$IOleObjectImpl@VCOPOSElectronicValueRW@@@ATL@@UEAAJPEAUIAdviseSink@@PEAK@Z 00000001800039b8 f i ElectronicValueRW.obj
 0001:00002a14       ?Unadvise@?$IOleObjectImpl@VCOPOSElectronicValueRW@@@ATL@@UEAAJK@Z 0000000180003a14 f i ElectronicValueRW.obj
 0001:00002a4c       ?EnumAdvise@?$IOleObjectImpl@VCOPOSElectronicValueRW@@@ATL@@UEAAJPEAPEAUIEnumSTATDATA@@@Z 0000000180003a4c f i ElectronicValueRW.obj
 0001:00002a94       ?GetMiscStatus@?$IOleObjectImpl@VCOPOSElectronicValueRW@@@ATL@@UEAAJKPEAK@Z 0000000180003a94 f i ElectronicValueRW.obj
 0001:00002aa4       ?GetWindow@?$IOleInPlaceActiveObjectImpl@VCOPOSElectronicValueRW@@@ATL@@UEAAJPEAPEAUHWND__@@@Z 0000000180003aa4 f i ElectronicValueRW.obj
 0001:00002af8       ?TranslateAcceleratorW@?$IOleInPlaceActiveObjectImpl@VCOPOSElectronicValueRW@@@ATL@@UEAAJPEAUtagMSG@@@Z 0000000180003af8 f i ElectronicValueRW.obj
 0001:00002bec       ?OnDocWindowActivate@?$IOleInPlaceActiveObjectImpl@VCOPOSElectronicValueRW@@@ATL@@UEAAJH@Z 0000000180003bec f i ElectronicValueRW.obj
 0001:00002c18       ?Draw@?$IViewObjectExImpl@VCOPOSElectronicValueRW@@@ATL@@UEAAJKJPEAXPEAUtagDVTARGETDEVICE@@PEAUHDC__@@2PEBU_RECTL@@3P6AH_K@Z4@Z 0000000180003c18 f i ElectronicValueRW.obj
 0001:00002c7c       ?SetAdvise@?$IViewObjectExImpl@VCOPOSElectronicValueRW@@@ATL@@UEAAJKKPEAUIAdviseSink@@@Z 0000000180003c7c f i ElectronicValueRW.obj
 0001:00002cd0       ?GetAdvise@?$IViewObjectExImpl@VCOPOSElectronicValueRW@@@ATL@@UEAAJPEAK0PEAPEAUIAdviseSink@@@Z 0000000180003cd0 f i ElectronicValueRW.obj
 0001:00002d0c       ?GetExtent@?$IViewObjectExImpl@VCOPOSElectronicValueRW@@@ATL@@UEAAJKJPEAUtagDVTARGETDEVICE@@PEAUtagSIZE@@@Z 0000000180003d0c f i ElectronicValueRW.obj
 0001:00002d3c       ?GetViewStatus@?$IViewObjectExImpl@VCOPOSElectronicValueRW@@@ATL@@UEAAJPEAK@Z 0000000180003d3c f i ElectronicValueRW.obj
 0001:00002d50       ?QueryHitPoint@?$IViewObjectExImpl@VCOPOSElectronicValueRW@@@ATL@@UEAAJKPEBUtagRECT@@UtagPOINT@@JPEAK@Z 0000000180003d50 f i ElectronicValueRW.obj
 0001:00002d94       ?QueryHitRect@?$IViewObjectExImpl@VCOPOSElectronicValueRW@@@ATL@@UEAAJKPEBUtagRECT@@0JPEAK@Z 0000000180003d94 f i ElectronicValueRW.obj
 0001:00002dfc       ?GetNaturalExtent@?$IViewObjectExImpl@VCOPOSElectronicValueRW@@@ATL@@UEAAJKJPEAUtagDVTARGETDEVICE@@PEAUHDC__@@PEAUtagExtentInfo@@PEAUtagSIZE@@@Z 0000000180003dfc f i ElectronicValueRW.obj
 0001:00002e44       ?GetWindow@?$IOleInPlaceObjectWindowlessImpl@VCOPOSElectronicValueRW@@@ATL@@UEAAJPEAPEAUHWND__@@@Z 0000000180003e44 f i ElectronicValueRW.obj
 0001:00002e98       ?InPlaceDeactivate@?$IOleInPlaceObjectWindowlessImpl@VCOPOSElectronicValueRW@@@ATL@@UEAAJXZ 0000000180003e98 f i ElectronicValueRW.obj
 0001:00002eb4       ?UIDeactivate@?$IOleInPlaceObjectWindowlessImpl@VCOPOSElectronicValueRW@@@ATL@@UEAAJXZ 0000000180003eb4 f i ElectronicValueRW.obj
 0001:00002ed0       ?SetObjectRects@?$IOleInPlaceObjectWindowlessImpl@VCOPOSElectronicValueRW@@@ATL@@UEAAJPEBUtagRECT@@0@Z 0000000180003ed0 f i ElectronicValueRW.obj
 0001:00002eec       ?OnWindowMessage@?$IOleInPlaceObjectWindowlessImpl@VCOPOSElectronicValueRW@@@ATL@@UEAAJI_K_JPEA_J@Z 0000000180003eec f i ElectronicValueRW.obj
 0001:00002fb4       ?EnumConnectionPoints@?$IConnectionPointContainerImpl@VCOPOSElectronicValueRW@@@ATL@@UEAAJPEAPEAUIEnumConnectionPoints@@@Z 0000000180003fb4 f i ElectronicValueRW.obj
 0001:000031fc       ?FindConnectionPoint@?$IConnectionPointContainerImpl@VCOPOSElectronicValueRW@@@ATL@@UEAAJAEBU_GUID@@PEAPEAUIConnectionPoint@@@Z 00000001800041fc f i ElectronicValueRW.obj
 0001:000032cc       ?IsDirty@?$IPersistStorageImpl@VCOPOSElectronicValueRW@@@ATL@@UEAAJXZ 00000001800042cc f i ElectronicValueRW.obj
 0001:00003310       ?InitNew@?$IPersistStorageImpl@VCOPOSElectronicValueRW@@@ATL@@UEAAJPEAUIStorage@@@Z 0000000180004310 f i ElectronicValueRW.obj
 0001:00003354       ?Load@?$IPersistStorageImpl@VCOPOSElectronicValueRW@@@ATL@@UEAAJPEAUIStorage@@@Z 0000000180004354 f i ElectronicValueRW.obj
 0001:000033f4       ?Save@?$IPersistStorageImpl@VCOPOSElectronicValueRW@@@ATL@@UEAAJPEAUIStorage@@H@Z 00000001800043f4 f i ElectronicValueRW.obj
 0001:000034a4       ?GetPages@?$ISpecifyPropertyPagesImpl@VCOPOSElectronicValueRW@@@ATL@@UEAAJPEAUtagCAUUID@@@Z 00000001800044a4 f i ElectronicValueRW.obj
 0001:000034b0       ?QuickActivate@?$IQuickActivateImpl@VCOPOSElectronicValueRW@@@ATL@@UEAAJPEAUtagQACONTAINER@@PEAUtagQACONTROL@@@Z 00000001800044b0 f i ElectronicValueRW.obj
 0001:000034cc       ?SetContentExtent@?$IQuickActivateImpl@VCOPOSElectronicValueRW@@@ATL@@UEAAJPEAUtagSIZE@@@Z 00000001800044cc f i ElectronicValueRW.obj
 0001:00003500       ?GetContentExtent@?$IQuickActivateImpl@VCOPOSElectronicValueRW@@@ATL@@UEAAJPEAUtagSIZE@@@Z 0000000180004500 f i ElectronicValueRW.obj
 0001:00003538       ?GetData@?$IDataObjectImpl@VCOPOSElectronicValueRW@@@ATL@@UEAAJPEAUtagFORMATETC@@PEAUtagSTGMEDIUM@@@Z 0000000180004538 f i ElectronicValueRW.obj
 0001:00003554       ?DAdvise@?$IDataObjectImpl@VCOPOSElectronicValueRW@@@ATL@@UEAAJPEAUtagFORMATETC@@KPEAUIAdviseSink@@PEAK@Z 0000000180004554 f i ElectronicValueRW.obj
 0001:000035dc       ?DUnadvise@?$IDataObjectImpl@VCOPOSElectronicValueRW@@@ATL@@UEAAJK@Z 00000001800045dc f i ElectronicValueRW.obj
 0001:00003608       ?EnumDAdvise@?$IDataObjectImpl@VCOPOSElectronicValueRW@@@ATL@@UEAAJPEAPEAUIEnumSTATDATA@@@Z 0000000180004608 f i ElectronicValueRW.obj
 0001:00003644       ?GetClassInfoW@?$IProvideClassInfo2Impl@$1?CLSID_OPOSElectronicValueRW@@3U_GUID@@B$1?DIID__IOPOSElectronicValueRWEvents@@3U2@B$1?LIBID_OposElectronicValueRW_CCO@@3U2@B$00$0A@VCComTypeInfoHolder@ATL@@@ATL@@UEAAJPEAPEAUITypeInfo@@@Z 0000000180004644 f i ElectronicValueRW.obj
 0001:0000369c       ?GetGUID@?$IProvideClassInfo2Impl@$1?CLSID_OPOSElectronicValueRW@@3U_GUID@@B$1?DIID__IOPOSElectronicValueRWEvents@@3U2@B$1?LIBID_OposElectronicValueRW_CCO@@3U2@B$00$0A@VCComTypeInfoHolder@ATL@@@ATL@@UEAAJKPEAU_GUID@@@Z 000000018000469c f i ElectronicValueRW.obj
 0001:000036d0       ?GetInterfaceSafetyOptions@?$IObjectSafetyImpl@VCOPOSElectronicValueRW@@$02@ATL@@UEAAJAEBU_GUID@@PEAK1@Z 00000001800046d0 f i ElectronicValueRW.obj
 0001:00003764       ?SetInterfaceSafetyOptions@?$IObjectSafetyImpl@VCOPOSElectronicValueRW@@$02@ATL@@UEAAJAEBU_GUID@@KK@Z 0000000180004764 f i ElectronicValueRW.obj
 0001:00003808       ??$AtlModuleRegisterWndClassInfoT@VAtlModuleRegisterWndClassInfoParamW@ATL@@@ATL@@YAGPEAU_ATL_BASE_MODULE70@0@PEAU_ATL_WIN_MODULE70@0@PEAU_ATL_WNDCLASSINFOW@0@PEAP6A_JPEAUHWND__@@I_K_J@ZVAtlModuleRegisterWndClassInfoParamW@0@@Z 0000000180004808 f i ElectronicValueRW.obj
 0001:00003a08       ??0?$CComContainedObject@VCOPOSElectronicValueRW@@@ATL@@QEAA@PEAX@Z 0000000180004a08 f i ElectronicValueRW.obj
 0001:00003b24       ??0?$CComObject@VCOPOSElectronicValueRW@@@ATL@@QEAA@PEAX@Z 0000000180004b24 f i ElectronicValueRW.obj
 0001:00003c3c       ??0CAtlModule@ATL@@QEAA@XZ 0000000180004c3c f i ElectronicValueRW.obj
 0001:00003cb8       ??1?$CComEnumImpl@UIEnumConnectionPoints@@$1?_GUID_b196b285_bab4_101a_b69c_00aa00341d07@@3U__s_GUID@@BPEAUIConnectionPoint@@V?$_CopyInterface@UIConnectionPoint@@@ATL@@@ATL@@UEAA@XZ 0000000180004cb8 f i ElectronicValueRW.obj
 0001:00003d14       ??1?$CComEnumImpl@UIEnumConnections@@$1?_GUID_b196b287_bab4_101a_b69c_00aa00341d07@@3U__s_GUID@@BUtagCONNECTDATA@@V?$_Copy@UtagCONNECTDATA@@@ATL@@@ATL@@UEAA@XZ 0000000180004d14 f i ElectronicValueRW.obj
 0001:00003d70       ??1?$CComObject@VCOPOSElectronicValueRW@@@ATL@@UEAA@XZ 0000000180004d70 f i ElectronicValueRW.obj
 0001:00003e90       ??_E?$CComContainedObject@VCOPOSElectronicValueRW@@@ATL@@UEAAPEAXI@Z 0000000180004e90 f i ElectronicValueRW.obj
 0001:00003e90       ??_G?$CComContainedObject@VCOPOSElectronicValueRW@@@ATL@@UEAAPEAXI@Z 0000000180004e90 f i ElectronicValueRW.obj
 0001:00003ec4       ??_G?$CComObject@VCOPOSElectronicValueRW@@@ATL@@UEAAPEAXI@Z 0000000180004ec4 f i ElectronicValueRW.obj
 0001:00003ec4       ??_E?$CComObject@VCOPOSElectronicValueRW@@@ATL@@UEAAPEAXI@Z 0000000180004ec4 f i ElectronicValueRW.obj
 0001:00003ef8       ?Add@?$CSimpleArray@GV?$CSimpleArrayEqualHelper@G@ATL@@@ATL@@QEAAHAEBG@Z 0000000180004ef8 f i ElectronicValueRW.obj
 0001:00003fac       ?Add@?$CSimpleMap@PEA_WPEA_WVCExpansionVectorEqualHelper@ATL@@@ATL@@QEAAHAEBQEA_W0@Z 0000000180004fac f i ElectronicValueRW.obj
 0001:0000404c       ?Add@CComDynamicUnkArray@ATL@@QEAAKPEAUIUnknown@@@Z 000000018000504c f i ElectronicValueRW.obj
 0001:00004144       ?Add@CExpansionVector@ATL@@QEAAHPEB_W0@Z 0000000180005144 f i ElectronicValueRW.obj
 0001:000042d4       ?AddValue@CRegParser@ATL@@IEAAJAEAVCRegKey@2@PEB_WPEA_W@Z 00000001800052d4 f i ElectronicValueRW.obj
 0001:0000471c       ?AllocateHeap@?$CTempBuffer@_W$0BAA@VCCRTAllocator@ATL@@@ATL@@AEAAX_K@Z 000000018000571c f i ElectronicValueRW.obj
 0001:0000471c       ?AllocateHeap@?$CTempBuffer@_W$0EAA@VCCRTAllocator@ATL@@@ATL@@AEAAX_K@Z 000000018000571c f i ElectronicValueRW.obj
 0001:0000471c       ?AllocateHeap@?$CTempBuffer@E$0BAA@VCCRTAllocator@ATL@@@ATL@@AEAAX_K@Z 000000018000571c f i ElectronicValueRW.obj
 0001:00004748       ?Append@CParseBuffer@CRegParser@ATL@@QEAAHPEB_WH@Z 0000000180005748 f i ElectronicValueRW.obj
 0001:00004860       ?AtlCallTermFunc@ATL@@YAXPEAU_ATL_MODULE70@1@@Z 0000000180005860 f i ElectronicValueRW.obj
 0001:000048c4       ?AtlComModuleGetClassObject@ATL@@YAJPEAU_ATL_COM_MODULE70@1@AEBU_GUID@@1PEAPEAX@Z 00000001800058c4 f i ElectronicValueRW.obj
 0001:00004a04       ?AtlComModuleRegisterServer@ATL@@YAJPEAU_ATL_COM_MODULE70@1@HPEBU_GUID@@@Z 0000000180005a04 f i ElectronicValueRW.obj
 0001:00004ac4       ?AtlComModuleUnregisterServer@ATL@@YAJPEAU_ATL_COM_MODULE70@1@HPEBU_GUID@@@Z 0000000180005ac4 f i ElectronicValueRW.obj
 0001:00004b80       ?AtlCreateTargetDC@ATL@@YAPEAUHDC__@@PEAU2@PEAUtagDVTARGETDEVICE@@@Z 0000000180005b80 f i ElectronicValueRW.obj
 0001:00004bf4       ?AtlHiMetricToPixel@ATL@@YAXPEBUtagSIZE@@PEAU2@@Z 0000000180005bf4 f i ElectronicValueRW.obj
 0001:00004ca4       ?AtlHresultFromLastError@ATL@@YAJXZ 0000000180005ca4 f i ElectronicValueRW.obj
 0001:00004cc4       ?AtlHresultFromWin32@ATL@@YAJK@Z 0000000180005cc4 f i ElectronicValueRW.obj
 0001:00004cd4       ?AtlIPersistStreamInit_Load@ATL@@YAJPEAUIStream@@PEBUATL_PROPMAP_ENTRY@1@PEAXPEAUIUnknown@@@Z 0000000180005cd4 f i ElectronicValueRW.obj
 0001:00004f0c       ?AtlIPersistStreamInit_Save@ATL@@YAJPEAUIStream@@HPEBUATL_PROPMAP_ENTRY@1@PEAXPEAUIUnknown@@@Z 0000000180005f0c f i ElectronicValueRW.obj
 0001:00005148       ?AtlInternalOleLoadFromStream@ATL@@YAJPEAUIStream@@AEBU_GUID@@PEAPEAXTClassesAllowedInStream@1@K@Z 0000000180006148 f i ElectronicValueRW.obj
 0001:0000528c       ?AtlInternalQueryInterface@ATL@@YAJPEAXPEBU_ATL_INTMAP_ENTRY@1@AEBU_GUID@@PEAPEAX@Z 000000018000628c f i ElectronicValueRW.obj
 0001:00005394       ?AtlLoadTypeLib@ATL@@YAJPEAUHINSTANCE__@@PEB_WPEAPEA_WPEAPEAUITypeLib@@@Z 0000000180006394 f i ElectronicValueRW.obj
 0001:000055f0       ?AtlModuleAddTermFunc@ATL@@YAJPEAU_ATL_MODULE70@1@P6AX_K@Z1@Z 00000001800065f0 f i ElectronicValueRW.obj
 0001:00005684       ?AtlRegisterClassCategoriesHelper@ATL@@YAJAEBU_GUID@@PEBU_ATL_CATMAP_ENTRY@1@H@Z 0000000180006684 f i ElectronicValueRW.obj
 0001:00005ae8       ?AtlRegisterTypeLib@ATL@@YAJPEAUHINSTANCE__@@PEB_W@Z 0000000180006ae8 f i ElectronicValueRW.obj
 0001:00005ce4       ?AtlThrowImpl@ATL@@YAXJ@Z  0000000180006ce4 f i ElectronicValueRW.obj
 0001:00005d08       ?AtlUnRegisterTypeLib@ATL@@YAJPEAUHINSTANCE__@@PEB_W@Z 0000000180006d08 f i ElectronicValueRW.obj
 0001:00005dd0       ?AtlWinModuleExtractCreateWndData@ATL@@YAPEAXPEAU_ATL_WIN_MODULE70@1@@Z 0000000180006dd0 f i ElectronicValueRW.obj
 0001:00005e5c       ?Cleanup@CComTypeInfoHolder@ATL@@SAX_K@Z 0000000180006e5c f i ElectronicValueRW.obj
 0001:00005e9c       ?ClearReplacements@CExpansionVector@ATL@@QEAAJXZ 0000000180006e9c f i ElectronicValueRW.obj
 0001:00005f38       ?Create@?$CWindowImpl@VCOPOSElectronicValueRW@@VCWindow@ATL@@V?$CWinTraits@$0FGAAAAAA@$0A@@3@@ATL@@QEAAPEAUHWND__@@PEAU3@V_U_RECT@2@PEB_WKKV_U_MENUorID@2@PEAX@Z 0000000180006f38 f i ElectronicValueRW.obj
 0001:00005fe8       ?Create@?$CWindowImplBaseT@VCWindow@ATL@@V?$CWinTraits@$0FGAAAAAA@$0A@@2@@ATL@@QEAAPEAUHWND__@@PEAU3@V_U_RECT@2@PEB_WKKV_U_MENUorID@2@GPEAX@Z 0000000180006fe8 f i ElectronicValueRW.obj
 0001:00006158       ?Create@CRegKey@ATL@@QEAAJPEAUHKEY__@@PEB_WPEA_WKKPEAU_SECURITY_ATTRIBUTES@@PEAK@Z 0000000180007158 f i ElectronicValueRW.obj
 0001:0000623c       ?CreateInstance@?$CComCreator@V?$CComAggObject@VCOPOSElectronicValueRW@@@ATL@@@ATL@@SAJPEAXAEBU_GUID@@PEAPEAX@Z 000000018000723c f i ElectronicValueRW.obj
 0001:00006314       ?CreateInstance@?$CComCreator@V?$CComObject@VCOPOSElectronicValueRW@@@ATL@@@ATL@@SAJPEAXAEBU_GUID@@PEAPEAX@Z 0000000180007314 f i ElectronicValueRW.obj
 0001:000063cc       ?CreateInstance@?$CComObject@V?$CComEnum@UIEnumConnectionPoints@@$1?_GUID_b196b285_bab4_101a_b69c_00aa00341d07@@3U__s_GUID@@BPEAUIConnectionPoint@@V?$_CopyInterface@UIConnectionPoint@@@ATL@@VCComSingleThreadModel@6@@ATL@@@ATL@@SAJPEAPEAV12@@Z 00000001800073cc f i ElectronicValueRW.obj
 0001:00006458       ?CreateInstance@?$CComObject@V?$CComEnum@UIEnumConnections@@$1?_GUID_b196b287_bab4_101a_b69c_00aa00341d07@@3U__s_GUID@@BUtagCONNECTDATA@@V?$_Copy@UtagCONNECTDATA@@@ATL@@VCComSingleThreadModel@6@@ATL@@@ATL@@SAJPEAPEAV12@@Z 0000000180007458 f i ElectronicValueRW.obj
 0001:000064e4       ?DefaultReflectionHandler@?$CWindowImplRoot@VCWindow@ATL@@@ATL@@SAHPEAUHWND__@@I_K_JAEA_J@Z 00000001800074e4 f i ElectronicValueRW.obj
 0001:00006548       ?DoEvent@COPOSElectronicValueRW@@IEAAXI_K_J@Z 0000000180007548 f i ElectronicValueRW.obj
 0001:000065fc       ?DoVerbPrimary@?$IOleObjectImpl@VCOPOSElectronicValueRW@@@ATL@@QEAAJPEBUtagRECT@@PEAUHWND__@@@Z 00000001800075fc f i ElectronicValueRW.obj
 0001:00006724       ?DoVerbProperties@CComControlBase@ATL@@QEAAJPEBUtagRECT@@PEAUHWND__@@@Z 0000000180007724 f i ElectronicValueRW.obj
 0001:0000694c       ?FireTheEvent@?$CProxy_IOPOSEvents@VCOPOSElectronicValueRW@@@@IEAAXPEAVOposVariant@@IAEAJPEB_WJ@Z 000000018000794c f i ElectronicValueRW.obj
 0001:00006a38       ?FireViewChange@CComControlBase@ATL@@QEAAJXZ 0000000180007a38 f i ElectronicValueRW.obj
 0001:00006a9c       ?Fire_DataEvent@?$CProxy_IOPOSEvents@VCOPOSElectronicValueRW@@@@QEAAXJ@Z 0000000180007a9c f i ElectronicValueRW.obj
 0001:00006b88       ?Fire_DirectIOEvent@?$CProxy_IOPOSEvents@VCOPOSElectronicValueRW@@@@QEAAXJPEAJPEAPEA_W@Z 0000000180007b88 f i ElectronicValueRW.obj
 0001:00006ce0       ?Fire_ErrorEvent@?$CProxy_IOPOSEvents@VCOPOSElectronicValueRW@@@@QEAAXJJJPEAJ@Z 0000000180007ce0 f i ElectronicValueRW.obj
 0001:00006e48       ?Fire_OutputCompleteEvent@?$CProxy_IOPOSEvents@VCOPOSElectronicValueRW@@@@QEAAXJ@Z 0000000180007e48 f i ElectronicValueRW.obj
 0001:00006f34       ?Fire_StatusUpdateEvent@?$CProxy_IOPOSEvents@VCOPOSElectronicValueRW@@@@QEAAXJ@Z 0000000180007f34 f i ElectronicValueRW.obj
 0001:00007020       ?Fire_TransitionEvent@?$CProxy_IOPOSEvents@VCOPOSElectronicValueRW@@@@QEAAXJPEAJPEAPEA_W@Z 0000000180008020 f i ElectronicValueRW.obj
 0001:00007178       ?FreeHeap@?$CTempBuffer@_W$0EAA@VCCRTAllocator@ATL@@@ATL@@AEAAXXZ 0000000180008178 f i ElectronicValueRW.obj
 0001:00007178       ?FreeHeap@?$CTempBuffer@E$0BAA@VCCRTAllocator@ATL@@@ATL@@AEAAXXZ 0000000180008178 f i ElectronicValueRW.obj
 0001:00007178       ?FreeHeap@?$CTempBuffer@_W$0BAA@VCCRTAllocator@ATL@@@ATL@@AEAAXXZ 0000000180008178 f i ElectronicValueRW.obj
 0001:00007180       ?GetAmbientLocaleID@CComControlBase@ATL@@QEAAJAEAK@Z 0000000180008180 f i ElectronicValueRW.obj
 0001:00007240       ?GetAmbientUserMode@CComControlBase@ATL@@QEAAJAEAH@Z 0000000180008240 f i ElectronicValueRW.obj
 0001:00007314       ?GetClassObject@CComModule@ATL@@QEAAJAEBU_GUID@@0PEAPEAX@Z 0000000180008314 f i ElectronicValueRW.obj
 0001:00007408       ?GetConnMap@COPOSElectronicValueRW@@SAPEBU_ATL_CONNMAP_ENTRY@ATL@@PEAH@Z 0000000180008408 f i ElectronicValueRW.obj
 0001:00007490       ?GetIDsOfNames@CComTypeInfoHolder@ATL@@QEAAJAEBU_GUID@@PEAPEA_WIKPEAJ@Z 0000000180008490 f i ElectronicValueRW.obj
 0001:00007608       ?GetPagesHelper@?$ISpecifyPropertyPagesImpl@VCOPOSElectronicValueRW@@@ATL@@IEAAJPEAUtagCAUUID@@PEBUATL_PROPMAP_ENTRY@2@@Z 0000000180008608 f i ElectronicValueRW.obj
 0001:000077a8       ?GetSizeMax@CComVariant@ATL@@QEBAJPEAT_ULARGE_INTEGER@@@Z 00000001800087a8 f i ElectronicValueRW.obj
 0001:000079dc       ?GetTI@CComTypeInfoHolder@ATL@@QEAAJK@Z 00000001800089dc f i ElectronicValueRW.obj
 0001:00007c54       ?GetZoomInfo@CComControlBase@ATL@@QEAAXAEAUATL_DRAWINFO@@@Z 0000000180008c54 f i ElectronicValueRW.obj
 0001:00007cf8       ?HKeyFromString@CRegParser@ATL@@KAPEAUHKEY__@@PEA_W@Z 0000000180008cf8 f i ElectronicValueRW.obj
 0001:00007d5c       ?IDataObject_GetData@CComControlBase@ATL@@QEAAJPEAUtagFORMATETC@@PEAUtagSTGMEDIUM@@@Z 0000000180008d5c f i ElectronicValueRW.obj
 0001:00007f50       ?IOleInPlaceObject_InPlaceDeactivate@CComControlBase@ATL@@QEAAJXZ 0000000180008f50 f i ElectronicValueRW.obj
 0001:00007ff0       ?IOleInPlaceObject_SetObjectRects@CComControlBase@ATL@@QEAAJPEBUtagRECT@@0@Z 0000000180008ff0 f i ElectronicValueRW.obj
 0001:000080e0       ?IOleInPlaceObject_UIDeactivate@CComControlBase@ATL@@QEAAJXZ 00000001800090e0 f i ElectronicValueRW.obj
 0001:000081ec       ?IOleObject_Close@CComControlBase@ATL@@QEAAJK@Z 00000001800091ec f i ElectronicValueRW.obj
 0001:00008304       ?IOleObject_SetClientSite@CComControlBase@ATL@@QEAAJPEAUIOleClientSite@@@Z 0000000180009304 f i ElectronicValueRW.obj
 0001:0000837c       ?IOleObject_SetExtent@CComControlBase@ATL@@QEAAJKPEAUtagSIZE@@@Z 000000018000937c f i ElectronicValueRW.obj
 0001:00008414       ?IPSI_GetIPersistStreamInit@?$IPersistStorageImpl@VCOPOSElectronicValueRW@@@ATL@@AEAAPEAUIPersistStreamInit@@XZ 0000000180009414 f i ElectronicValueRW.obj
 0001:00008470       ?IQuickActivate_QuickActivate@CComControlBase@ATL@@QEAAJPEAUtagQACONTAINER@@PEAUtagQACONTROL@@@Z 0000000180009470 f i ElectronicValueRW.obj
 0001:00008734       ?IViewObject_Draw@CComControlBase@ATL@@QEAAJKJPEAXPEAUtagDVTARGETDEVICE@@PEAUHDC__@@2PEBU_RECTL@@3@Z 0000000180009734 f i ElectronicValueRW.obj
 0001:00008848       ?InPlaceActivate@CComControlBase@ATL@@QEAAJJPEBUtagRECT@@@Z 0000000180009848 f i ElectronicValueRW.obj
 0001:00008b80       ?Init@?$CComEnumImpl@UIEnumConnectionPoints@@$1?_GUID_b196b285_bab4_101a_b69c_00aa00341d07@@3U__s_GUID@@BPEAUIConnectionPoint@@V?$_CopyInterface@UIConnectionPoint@@@ATL@@@ATL@@QEAAJPEAPEAUIConnectionPoint@@0PEAUIUnknown@@W4CComEnumFlags@2@@Z 0000000180009b80 f i ElectronicValueRW.obj
 0001:00008ca0       ?Init@?$CComEnumImpl@UIEnumConnections@@$1?_GUID_b196b287_bab4_101a_b69c_00aa00341d07@@3U__s_GUID@@BUtagCONNECTDATA@@V?$_Copy@UtagCONNECTDATA@@@ATL@@@ATL@@QEAAJPEAUtagCONNECTDATA@@0PEAUIUnknown@@W4CComEnumFlags@2@@Z 0000000180009ca0 f i ElectronicValueRW.obj
 0001:00008dc4       ?IsEqualObject@?$CComPtrBase@UITypeInfo@@@ATL@@QEAA_NPEAUIUnknown@@@Z 0000000180009dc4 f i ElectronicValueRW.obj
 0001:00008dc4       ?IsEqualObject@?$CComPtrBase@UIOleClientSite@@@ATL@@QEAA_NPEAUIUnknown@@@Z 0000000180009dc4 f i ElectronicValueRW.obj
 0001:00008e50       ?LoadNameCache@CComTypeInfoHolder@ATL@@QEAAJPEAUITypeInfo@@@Z 0000000180009e50 f i ElectronicValueRW.obj
 0001:00008fd4       ?Lookup@?$CSimpleMap@PEA_WPEA_WVCExpansionVectorEqualHelper@ATL@@@ATL@@QEBAPEA_WAEBQEA_W@Z 0000000180009fd4 f i ElectronicValueRW.obj
 0001:00009060       ?NextToken@CRegParser@ATL@@IEAAJPEA_W@Z 000000018000a060 f i ElectronicValueRW.obj
 0001:00009218       ?OnKillFocus@CComControlBase@ATL@@QEAA_JI_K_JAEAH@Z 000000018000a218 f i ElectronicValueRW.obj
 0001:000092b4       ?OnMouseActivate@CComControlBase@ATL@@QEAA_JI_K_JAEAH@Z 000000018000a2b4 f i ElectronicValueRW.obj
 0001:00009354       ?OnPaint@CComControlBase@ATL@@QEAA_JI_K_JAEAH@Z 000000018000a354 f i ElectronicValueRW.obj
 0001:00009440       ?OnSetFocus@CComControlBase@ATL@@QEAA_JI_K_JAEAH@Z 000000018000a440 f i ElectronicValueRW.obj
 0001:0000953c       ?Open@CRegKey@ATL@@QEAAJPEAUHKEY__@@PEB_WK@Z 000000018000a53c f i ElectronicValueRW.obj
 0001:000095b8       ?PreProcessBuffer@CRegParser@ATL@@QEAAJPEA_WPEAPEA_W@Z 000000018000a5b8 f i ElectronicValueRW.obj
 0001:0000993c       ?ProcessWindowMessage@?$CComControl@VCOPOSElectronicValueRW@@V?$CWindowImpl@VCOPOSElectronicValueRW@@VCWindow@ATL@@V?$CWinTraits@$0FGAAAAAA@$0A@@3@@ATL@@@ATL@@UEAAHPEAUHWND__@@I_K_JAEA_JK@Z 000000018000a93c f i ElectronicValueRW.obj
 0001:00009a20       ?PutProperty@?$CComPtr@UIDispatch@@@ATL@@SAJPEAUIDispatch@@JPEAUtagVARIANT@@@Z 000000018000aa20 f i ElectronicValueRW.obj
 0001:00009b24       ?ReadFromStream@CComBSTR@ATL@@QEAAJPEAUIStream@@@Z 000000018000ab24 f i ElectronicValueRW.obj
 0001:00009c80       ?ReadFromStream@CComVariant@ATL@@QEAAJPEAUIStream@@GTClassesAllowedInStream@2@K@Z 000000018000ac80 f i ElectronicValueRW.obj
 0001:00009e90       ?RecurseDeleteKey@CRegKey@ATL@@QEAAJPEB_W@Z 000000018000ae90 f i ElectronicValueRW.obj
 0001:00009fb4       ?RegCreateKeyExW@CAtlTransactionManager@ATL@@QEAAJPEAUHKEY__@@PEB_WKPEA_WKKQEAU_SECURITY_ATTRIBUTES@@PEAPEAU3@PEAK@Z 000000018000afb4 f i ElectronicValueRW.obj
 0001:0000a0e8       ?RegDeleteKeyW@CAtlTransactionManager@ATL@@QEAAJPEAUHKEY__@@PEB_W@Z 000000018000b0e8 f i ElectronicValueRW.obj
 0001:0000a174       ?RegOpenKeyExW@CAtlTransactionManager@ATL@@QEAAJPEAUHKEY__@@PEB_WKKPEAPEAU3@@Z 000000018000b174 f i ElectronicValueRW.obj
 0001:0000a22c       ?RegisterBuffer@CRegParser@ATL@@QEAAJPEA_WH@Z 000000018000b22c f i ElectronicValueRW.obj
 0001:0000a394       ?RegisterFromResource@CRegObject@ATL@@IEAAJPEB_W00H@Z 000000018000b394 f i ElectronicValueRW.obj
 0001:0000a550       ?RegisterServer@CComModule@ATL@@QEAAJHPEBU_GUID@@@Z 000000018000b550 f i ElectronicValueRW.obj
 0001:0000a610       ?RegisterSubkeys@CRegParser@ATL@@IEAAJPEA_WPEAUHKEY__@@HH@Z 000000018000b610 f i ElectronicValueRW.obj
 0001:0000ad00       ?SendOnDataChange@CComControlBase@ATL@@QEAAJK@Z 000000018000bd00 f i ElectronicValueRW.obj
 0001:0000ad70       ?SetControlFocus@CComControlBase@ATL@@QEAAHH@Z 000000018000bd70 f i ElectronicValueRW.obj
 0001:0000ae4c       ?SkipAssignment@CRegParser@ATL@@IEAAJPEA_W@Z 000000018000be4c f i ElectronicValueRW.obj
 0001:0000aef0       ?Term@CComModule@ATL@@QEAAXXZ 000000018000bef0 f i ElectronicValueRW.obj
 0001:0000af9c       ?UnregisterServer@CComModule@ATL@@QEAAJHPEBU_GUID@@@Z 000000018000bf9c f i ElectronicValueRW.obj
 0001:0000b04c       ?UpdateRegistryFromResource@CAtlModule@ATL@@QEAAJIHPEAU_ATL_REGMAP_ENTRY@2@@Z 000000018000c04c f i ElectronicValueRW.obj
 0001:0000b384       ?UpdateRegistryFromResource@CAtlModule@ATL@@QEAAJPEB_WHPEAU_ATL_REGMAP_ENTRY@2@@Z 000000018000c384 f i ElectronicValueRW.obj
 0001:0000b6dc       ?VTFromRegType@CRegParser@ATL@@KAHPEB_WAEAG@Z 000000018000c6dc f i ElectronicValueRW.obj
 0001:0000b778       ?WindowProc@?$CWindowImplBaseT@VCWindow@ATL@@V?$CWinTraits@$0FGAAAAAA@$0A@@2@@ATL@@SA_JPEAUHWND__@@I_K_J@Z 000000018000c778 f i ElectronicValueRW.obj
 0001:0000b8e4       ?WriteToStream@CComBSTR@ATL@@QEAAJPEAUIStream@@@Z 000000018000c8e4 f i ElectronicValueRW.obj
 0001:0000b964       ?WriteToStream@CComVariant@ATL@@QEAAJPEAUIStream@@@Z 000000018000c964 f i ElectronicValueRW.obj
 0001:0000bb78       ?WriteToStream@CComVariant@ATL@@QEAAJPEAUIStream@@G@Z 000000018000cb78 f i ElectronicValueRW.obj
 0001:0000bc10       ?_AtlVerifyStackAvailable@_ATL_SAFE_ALLOCA_IMPL@ATL@@YA_N_K@Z 000000018000cc10 f i ElectronicValueRW.obj
 0001:0000bc94       DllCanUnloadNow            000000018000cc94 f   ElectronicValueRW.obj
 0001:0000bca0       DllGetClassObject          000000018000cca0 f   ElectronicValueRW.obj
 0001:0000bcb8       DllMain                    000000018000ccb8 f   ElectronicValueRW.obj
 0001:0000bd60       DllRegisterServer          000000018000cd60 f   ElectronicValueRW.obj
 0001:0000bd74       DllUnregisterServer        000000018000cd74 f   ElectronicValueRW.obj
 0001:0000bd88       __local_stdio_printf_options 000000018000cd88 f i ElectronicValueRW.obj
 0001:0000be18       swprintf_s                 000000018000ce18 f i ElectronicValueRW.obj
 0001:0000be6c       ??0COPOSElectronicValueRW@@QEAA@XZ 000000018000ce6c f   ElectronicValueRWImpl.obj
 0001:0000bf40       ??1?$IConnectionPointImpl@VCOPOSElectronicValueRW@@$1?DIID__IOPOSElectronicValueRWEvents@@3U_GUID@@BVCComDynamicUnkArray@ATL@@@ATL@@QEAA@XZ 000000018000cf40 f i ElectronicValueRWImpl.obj
 0001:0000bf40       ??1?$IConnectionPointImpl@VCOPOSElectronicValueRW@@$1?IID_IPropertyNotifySink@@3U_GUID@@BVCComDynamicUnkArray@ATL@@@ATL@@QEAA@XZ 000000018000cf40 f i ElectronicValueRWImpl.obj
 0001:0000bf9c       ??1CComControlBase@ATL@@UEAA@XZ 000000018000cf9c f i ElectronicValueRWImpl.obj
 0001:0000c018       ??1COPOSElectronicValueRW@@UEAA@XZ 000000018000d018 f   ElectronicValueRWImpl.obj
 0001:0000c07c       ?AccessData@COPOSElectronicValueRW@@UEAAJJPEAJPEAPEA_W0@Z 000000018000d07c f   ElectronicValueRWImpl.obj
 0001:0000c178       ?AccessLog@COPOSElectronicValueRW@@UEAAJJJJPEAJ@Z 000000018000d178 f   ElectronicValueRWImpl.obj
 0001:0000c260       ?ActivateEVService@COPOSElectronicValueRW@@UEAAJPEAJPEAPEA_W0@Z 000000018000d260 f   ElectronicValueRWImpl.obj
 0001:0000c33c       ?ActivateService@COPOSElectronicValueRW@@UEAAJPEAJPEAPEA_W0@Z 000000018000d33c f   ElectronicValueRWImpl.obj
 0001:0000c418       ?AddValue@COPOSElectronicValueRW@@UEAAJJJPEAJ@Z 000000018000d418 f   ElectronicValueRWImpl.obj
 0001:0000c4e4       ?BeginDetection@COPOSElectronicValueRW@@UEAAJJJPEAJ@Z 000000018000d4e4 f   ElectronicValueRWImpl.obj
 0001:0000c5b0       ?BeginRemoval@COPOSElectronicValueRW@@UEAAJJPEAJ@Z 000000018000d5b0 f   ElectronicValueRWImpl.obj
 0001:0000c62c       ?CancelValue@COPOSElectronicValueRW@@UEAAJJJPEAJ@Z 000000018000d62c f   ElectronicValueRWImpl.obj
 0001:0000c6f8       ?CaptureCard@COPOSElectronicValueRW@@UEAAJPEAJ@Z 000000018000d6f8 f   ElectronicValueRWImpl.obj
 0001:0000c720       ?CheckHealth@COPOSElectronicValueRW@@UEAAJJPEAJ@Z 000000018000d720 f   ElectronicValueRWImpl.obj
 0001:0000c79c       ?CheckServiceRegistrationToMedium@COPOSElectronicValueRW@@UEAAJJJPEAJ@Z 000000018000d79c f   ElectronicValueRWImpl.obj
 0001:0000c868       ?ClaimDevice@COPOSElectronicValueRW@@UEAAJJPEAJ@Z 000000018000d868 f   ElectronicValueRWImpl.obj
 0001:0000c908       ?ClearInput@COPOSElectronicValueRW@@UEAAJPEAJ@Z 000000018000d908 f   ElectronicValueRWImpl.obj
 0001:0000c930       ?ClearInputProperties@COPOSElectronicValueRW@@UEAAJPEAJ@Z 000000018000d930 f   ElectronicValueRWImpl.obj
 0001:0000c958       ?ClearOutput@COPOSElectronicValueRW@@UEAAJPEAJ@Z 000000018000d958 f   ElectronicValueRWImpl.obj
 0001:0000c980       ?ClearParameterInformation@COPOSElectronicValueRW@@UEAAJPEAJ@Z 000000018000d980 f   ElectronicValueRWImpl.obj
 0001:0000c9a8       ?Close@COPOSElectronicValueRW@@UEAAJPEAJ@Z 000000018000d9a8 f   ElectronicValueRWImpl.obj
 0001:0000ca60       ?CloseDailyEVService@COPOSElectronicValueRW@@UEAAJPEAJPEAPEA_W0@Z 000000018000da60 f   ElectronicValueRWImpl.obj
 0001:0000cb3c       ?CompareFirmwareVersion@COPOSElectronicValueRW@@UEAAJPEA_WPEAJ1@Z 000000018000db3c f   ElectronicValueRWImpl.obj
 0001:0000cc18       ?DeactivateEVService@COPOSElectronicValueRW@@UEAAJPEAJPEAPEA_W0@Z 000000018000dc18 f   ElectronicValueRWImpl.obj
 0001:0000ccf4       ?DirectIO@COPOSElectronicValueRW@@UEAAJJPEAJPEAPEA_W0@Z 000000018000dcf4 f   ElectronicValueRWImpl.obj
 0001:0000cdf0       ?DoInvoke@COPOSElectronicValueRW@@IEAAJJPEAVOposVariant@@IHPEAJ_N@Z 000000018000ddf0 f   ElectronicValueRWImpl.obj
 0001:0000cf24       ?EndDetection@COPOSElectronicValueRW@@UEAAJPEAJ@Z 000000018000df24 f   ElectronicValueRWImpl.obj
 0001:0000cf4c       ?EndRemoval@COPOSElectronicValueRW@@UEAAJPEAJ@Z 000000018000df4c f   ElectronicValueRWImpl.obj
 0001:0000cf74       ?EnumerateCardServices@COPOSElectronicValueRW@@UEAAJPEAJ@Z 000000018000df74 f   ElectronicValueRWImpl.obj
 0001:0000cf9c       ?EventInit@COPOSElectronicValueRW@@IEAAJXZ 000000018000df9c f i ElectronicValueRWImpl.obj
 0001:0000d0e4       ?EventUninit@COPOSElectronicValueRW@@IEAAXXZ 000000018000e0e4 f i ElectronicValueRWImpl.obj
 0001:0000d148       ?EventWindowProc@COPOSElectronicValueRW@@IEAA_JI_K_J@Z 000000018000e148 f i ElectronicValueRWImpl.obj
 0001:0000d38c       ?FinalConstruct@COPOSElectronicValueRW@@QEAAJXZ 000000018000e38c f   ElectronicValueRWImpl.obj
 0001:0000d3c8       ?FreezeEvents@COPOSElectronicValueRW@@MEAAJH@Z 000000018000e3c8 f   ElectronicValueRWImpl.obj
 0001:0000d43c       ?GetOposProp@COPOSElectronicValueRW@@IEAAJJPEAJJ@Z 000000018000e43c f   ElectronicValueRWImpl.obj
 0001:0000d558       ?GetOposProp@COPOSElectronicValueRW@@IEAAJJPEAPEA_WJ@Z 000000018000e558 f   ElectronicValueRWImpl.obj
 0001:0000d684       ?LockTerminal@COPOSElectronicValueRW@@UEAAJPEAJ@Z 000000018000e684 f   ElectronicValueRWImpl.obj
 0001:0000d6ac       ?OnDraw@COPOSElectronicValueRW@@MEAAJAEAUATL_DRAWINFO@@@Z 000000018000e6ac f   ElectronicValueRWImpl.obj
 0001:0000d798       ?Open@COPOSElectronicValueRW@@UEAAJPEA_WPEAJ@Z 000000018000e798 f   ElectronicValueRWImpl.obj
 0001:0000e03c       ?OpenDailyEVService@COPOSElectronicValueRW@@UEAAJPEAJPEAPEA_W0@Z 000000018000f03c f   ElectronicValueRWImpl.obj
 0001:0000e118       ?QueryLastSuccessfulTransactionResult@COPOSElectronicValueRW@@UEAAJPEAJ@Z 000000018000f118 f   ElectronicValueRWImpl.obj
 0001:0000e140       ?ReadValue@COPOSElectronicValueRW@@UEAAJJJPEAJ@Z 000000018000f140 f   ElectronicValueRWImpl.obj
 0001:0000e20c       ?RegisterServiceToMedium@COPOSElectronicValueRW@@UEAAJJJPEAJ@Z 000000018000f20c f   ElectronicValueRWImpl.obj
 0001:0000e2d8       ?ReleaseDevice@COPOSElectronicValueRW@@UEAAJPEAJ@Z 000000018000f2d8 f   ElectronicValueRWImpl.obj
 0001:0000e344       ?ResetStatistics@COPOSElectronicValueRW@@UEAAJPEA_WPEAJ@Z 000000018000f344 f   ElectronicValueRWImpl.obj
 0001:0000e3cc       ?RetrieveResultInformation@COPOSElectronicValueRW@@UEAAJPEA_WPEAPEA_WPEAJ@Z 000000018000f3cc f   ElectronicValueRWImpl.obj
 0001:0000e4a8       ?RetrieveStatistics@COPOSElectronicValueRW@@UEAAJPEAPEA_WPEAJ@Z 000000018000f4a8 f   ElectronicValueRWImpl.obj
 0001:0000e530       ?SOProcessID@COPOSElectronicValueRW@@UEAAJPEAJ@Z 000000018000f530 f   ElectronicValueRWImpl.obj
 0001:0000e54c       ?SetCOFreezeEvents@COPOSElectronicValueRW@@IEAAXF@Z 000000018000f54c f   ElectronicValueRWImpl.obj
 0001:0000e630       ?SetOposProp@COPOSElectronicValueRW@@IEAAJJJJ@Z 000000018000f630 f   ElectronicValueRWImpl.obj
 0001:0000e790       ?SetOposProp@COPOSElectronicValueRW@@IEAAJJPEA_WJ@Z 000000018000f790 f   ElectronicValueRWImpl.obj
 0001:0000e8e8       ?SetParameterInformation@COPOSElectronicValueRW@@UEAAJPEA_W0PEAJ@Z 000000018000f8e8 f   ElectronicValueRWImpl.obj
 0001:0000e9c4       ?SubtractValue@COPOSElectronicValueRW@@UEAAJJJPEAJ@Z 000000018000f9c4 f   ElectronicValueRWImpl.obj
 0001:0000ea90       ?TransactionAccess@COPOSElectronicValueRW@@UEAAJJPEAJ@Z 000000018000fa90 f   ElectronicValueRWImpl.obj
 0001:0000eb0c       ?UnlockTerminal@COPOSElectronicValueRW@@UEAAJPEAJ@Z 000000018000fb0c f   ElectronicValueRWImpl.obj
 0001:0000eb34       ?UnregisterServiceToMedium@COPOSElectronicValueRW@@UEAAJJJPEAJ@Z 000000018000fb34 f   ElectronicValueRWImpl.obj
 0001:0000ec00       ?UpdateData@COPOSElectronicValueRW@@UEAAJJPEAJPEAPEA_W0@Z 000000018000fc00 f   ElectronicValueRWImpl.obj
 0001:0000ecfc       ?UpdateFirmware@COPOSElectronicValueRW@@UEAAJPEA_WPEAJ@Z 000000018000fcfc f   ElectronicValueRWImpl.obj
 0001:0000ed84       ?UpdateKey@COPOSElectronicValueRW@@UEAAJPEAJPEAPEA_W0@Z 000000018000fd84 f   ElectronicValueRWImpl.obj
 0001:0000ee60       ?UpdateStatistics@COPOSElectronicValueRW@@UEAAJPEA_WPEAJ@Z 000000018000fe60 f   ElectronicValueRWImpl.obj
 0001:0000eee8       ?WriteValue@COPOSElectronicValueRW@@UEAAJJJPEAJ@Z 000000018000fee8 f   ElectronicValueRWImpl.obj
 0001:0000efb4       ?get_AccountNumber@COPOSElectronicValueRW@@UEAAJPEAPEA_W@Z 000000018000ffb4 f   ElectronicValueRWImpl.obj
 0001:0000efc8       ?get_AdditionalSecurityInformation@COPOSElectronicValueRW@@UEAAJPEAPEA_W@Z 000000018000ffc8 f   ElectronicValueRWImpl.obj
 0001:0000efdc       ?get_Amount@COPOSElectronicValueRW@@UEAAJPEATtagCY@@@Z 000000018000ffdc f   ElectronicValueRWImpl.obj
 0001:0000f0ac       ?get_ApprovalCode@COPOSElectronicValueRW@@UEAAJPEAPEA_W@Z 00000001800100ac f   ElectronicValueRWImpl.obj
 0001:0000f0c0       ?get_AsyncMode@COPOSElectronicValueRW@@UEAAJPEAF@Z 00000001800100c0 f   ElectronicValueRWImpl.obj
 0001:0000f0f4       ?get_AutoDisable@COPOSElectronicValueRW@@UEAAJPEAF@Z 00000001800100f4 f   ElectronicValueRWImpl.obj
 0001:0000f128       ?get_Balance@COPOSElectronicValueRW@@UEAAJPEATtagCY@@@Z 0000000180010128 f   ElectronicValueRWImpl.obj
 0001:0000f1f8       ?get_BalanceOfPoint@COPOSElectronicValueRW@@UEAAJPEATtagCY@@@Z 00000001800101f8 f   ElectronicValueRWImpl.obj
 0001:0000f2c8       ?get_BinaryConversion@COPOSElectronicValueRW@@UEAAJPEAJ@Z 00000001800102c8 f   ElectronicValueRWImpl.obj
 0001:0000f2dc       ?get_CapActivateService@COPOSElectronicValueRW@@UEAAJPEAF@Z 00000001800102dc f   ElectronicValueRWImpl.obj
 0001:0000f310       ?get_CapAddValue@COPOSElectronicValueRW@@UEAAJPEAF@Z 0000000180010310 f   ElectronicValueRWImpl.obj
 0001:0000f344       ?get_CapCancelValue@COPOSElectronicValueRW@@UEAAJPEAF@Z 0000000180010344 f   ElectronicValueRWImpl.obj
 0001:0000f378       ?get_CapCardSensor@COPOSElectronicValueRW@@UEAAJPEAJ@Z 0000000180010378 f   ElectronicValueRWImpl.obj
 0001:0000f38c       ?get_CapCompareFirmwareVersion@COPOSElectronicValueRW@@UEAAJPEAF@Z 000000018001038c f   ElectronicValueRWImpl.obj
 0001:0000f3c0       ?get_CapDetectionControl@COPOSElectronicValueRW@@UEAAJPEAJ@Z 00000001800103c0 f   ElectronicValueRWImpl.obj
 0001:0000f3d4       ?get_CapElectronicMoney@COPOSElectronicValueRW@@UEAAJPEAF@Z 00000001800103d4 f   ElectronicValueRWImpl.obj
 0001:0000f408       ?get_CapEnumerateCardServices@COPOSElectronicValueRW@@UEAAJPEAF@Z 0000000180010408 f   ElectronicValueRWImpl.obj
 0001:0000f43c       ?get_CapIndirectTransactionLog@COPOSElectronicValueRW@@UEAAJPEAF@Z 000000018001043c f   ElectronicValueRWImpl.obj
 0001:0000f470       ?get_CapLockTerminal@COPOSElectronicValueRW@@UEAAJPEAF@Z 0000000180010470 f   ElectronicValueRWImpl.obj
 0001:0000f4a4       ?get_CapLogStatus@COPOSElectronicValueRW@@UEAAJPEAF@Z 00000001800104a4 f   ElectronicValueRWImpl.obj
 0001:0000f4d8       ?get_CapMediumID@COPOSElectronicValueRW@@UEAAJPEAF@Z 00000001800104d8 f   ElectronicValueRWImpl.obj
 0001:0000f50c       ?get_CapMembershipCertificate@COPOSElectronicValueRW@@UEAAJPEAF@Z 000000018001050c f   ElectronicValueRWImpl.obj
 0001:0000f540       ?get_CapPINDevice@COPOSElectronicValueRW@@UEAAJPEAF@Z 0000000180010540 f   ElectronicValueRWImpl.obj
 0001:0000f574       ?get_CapPoint@COPOSElectronicValueRW@@UEAAJPEAF@Z 0000000180010574 f   ElectronicValueRWImpl.obj
 0001:0000f5a8       ?get_CapPowerReporting@COPOSElectronicValueRW@@UEAAJPEAJ@Z 00000001800105a8 f   ElectronicValueRWImpl.obj
 0001:0000f5bc       ?get_CapStatisticsReporting@COPOSElectronicValueRW@@UEAAJPEAF@Z 00000001800105bc f   ElectronicValueRWImpl.obj
 0001:0000f5f0       ?get_CapSubtractValue@COPOSElectronicValueRW@@UEAAJPEAF@Z 00000001800105f0 f   ElectronicValueRWImpl.obj
 0001:0000f624       ?get_CapTrainingMode@COPOSElectronicValueRW@@UEAAJPEAF@Z 0000000180010624 f   ElectronicValueRWImpl.obj
 0001:0000f658       ?get_CapTransaction@COPOSElectronicValueRW@@UEAAJPEAF@Z 0000000180010658 f   ElectronicValueRWImpl.obj
 0001:0000f68c       ?get_CapTransactionLog@COPOSElectronicValueRW@@UEAAJPEAF@Z 000000018001068c f   ElectronicValueRWImpl.obj
 0001:0000f6c0       ?get_CapUnlockTerminal@COPOSElectronicValueRW@@UEAAJPEAF@Z 00000001800106c0 f   ElectronicValueRWImpl.obj
 0001:0000f6f4       ?get_CapUpdateFirmware@COPOSElectronicValueRW@@UEAAJPEAF@Z 00000001800106f4 f   ElectronicValueRWImpl.obj
 0001:0000f728       ?get_CapUpdateKey@COPOSElectronicValueRW@@UEAAJPEAF@Z 0000000180010728 f   ElectronicValueRWImpl.obj
 0001:0000f75c       ?get_CapUpdateStatistics@COPOSElectronicValueRW@@UEAAJPEAF@Z 000000018001075c f   ElectronicValueRWImpl.obj
 0001:0000f790       ?get_CapVoucher@COPOSElectronicValueRW@@UEAAJPEAF@Z 0000000180010790 f   ElectronicValueRWImpl.obj
 0001:0000f7c4       ?get_CapWriteValue@COPOSElectronicValueRW@@UEAAJPEAF@Z 00000001800107c4 f   ElectronicValueRWImpl.obj
 0001:0000f7f8       ?get_CardServiceList@COPOSElectronicValueRW@@UEAAJPEAPEA_W@Z 00000001800107f8 f   ElectronicValueRWImpl.obj
 0001:0000f80c       ?get_CheckHealthText@COPOSElectronicValueRW@@UEAAJPEAPEA_W@Z 000000018001080c f   ElectronicValueRWImpl.obj
 0001:0000f820       ?get_Claimed@COPOSElectronicValueRW@@UEAAJPEAF@Z 0000000180010820 f   ElectronicValueRWImpl.obj
 0001:0000f854       ?get_ControlObjectDescription@COPOSElectronicValueRW@@UEAAJPEAPEA_W@Z 0000000180010854 f   ElectronicValueRWImpl.obj
 0001:0000f8b8       ?get_ControlObjectVersion@COPOSElectronicValueRW@@UEAAJPEAJ@Z 00000001800108b8 f   ElectronicValueRWImpl.obj
[...]
 0004:00001a88       $pdata$?try_get_function@@YAPEAXW4function_id@?A0x391cf84c@@QEBDQEBW4module_id@2@2@Z 0000000180037a88     libucrt:winapi_thunks.obj
 0004:00001a94       $pdata$isdigit             0000000180037a94     libucrt:_ctype.obj
 0004:00001aa0       $pdata$tolower             0000000180037aa0     libucrt:tolower_toupper.obj
 0004:00001aac       $pdata$_tolower_l          0000000180037aac     libucrt:tolower_toupper.obj
 0004:00001ab8       $pdata$?internal_isupper_l@@YA_NHQEAU__crt_locale_pointers@@@Z 0000000180037ab8     libucrt:tolower_toupper.obj
 0004:00001ac4       $pdata$wcstol              0000000180037ac4     libucrt:strtox.obj
 0004:00001ad0       $pdata$_mbtowc_l           0000000180037ad0     libucrt:mbtowc.obj
 0004:00001adc       $pdata$wcsnlen             0000000180037adc     libucrt:strnlen.obj
 0004:00001ae8       $pdata$__acrt_update_locale_info 0000000180037ae8     libucrt:locale_update.obj
 0004:00001af4       $pdata$__acrt_update_multibyte_info 0000000180037af4     libucrt:locale_update.obj
 0004:00001b00       $pdata$__acrt_fp_format    0000000180037b00     libucrt:cvt.obj
 0004:00001b0c       $pdata$?fp_format_nan_or_infinity@@YAHW4__acrt_fp_class@@_NPEAD_K1@Z 0000000180037b0c     libucrt:cvt.obj
 0004:00001b18       $pdata$?fp_format_e_internal@@YAHQEAD_KH_NIQEAU_strflt@@2QEAU__crt_locale_pointers@@@Z 0000000180037b18     libucrt:cvt.obj
 0004:00001b24       $pdata$?fp_format_e@@YAHQEBNQEAD_K12H_NIQEAU__crt_locale_pointers@@@Z 0000000180037b24     libucrt:cvt.obj
 0004:00001b30       $pdata$?fp_format_a@@YAHQEBNPEAD_KQEAD2H_NIQEAU__crt_locale_pointers@@@Z 0000000180037b30     libucrt:cvt.obj
 0004:00001b3c       $pdata$?fp_format_f_internal@@YAHQEAD_KHQEAU_strflt@@_NQEAU__crt_locale_pointers@@@Z 0000000180037b3c     libucrt:cvt.obj
 0004:00001b48       $pdata$?fp_format_g@@YAHQEBNQEAD_K12H_NIQEAU__crt_locale_pointers@@@Z 0000000180037b48     libucrt:cvt.obj
 0004:00001b54       $pdata$_fileno             0000000180037b54     libucrt:fileno.obj
 0004:00001b60       $pdata$__acrt_initialize_stdio 0000000180037b60     libucrt:_file.obj
 0004:00001b6c       $pdata$__acrt_uninitialize_stdio 0000000180037b6c     libucrt:_file.obj
 0004:00001b78       $pdata$__acrt_uninitialize_locale 0000000180037b78     libucrt:wsetlocale.obj
 0004:00001b84       $pdata$??$?RV<lambda_410d79af7f07d98d83a3f525b3859a53>@@AEAV<lambda_3e16ef9562a7dcce91392c22ab16ea36>@@V<lambda_38119f0e861e05405d8a144b9b982f0a>@@@?$__crt_seh_guarded_call@X@@QEAAX$$QEAV<lambda_410d79af7f07d98d83a3f525b3859a53>@@AEAV<lambda_3e16ef9562a7dcce91392c22ab16ea36>@@$$QEAV<lambda_38119f0e861e05405d8a144b9b982f0a>@@@Z 0000000180037b84     libucrt:wsetlocale.obj
 0004:00001b90       $pdata$?fin$0@?0???$?RV<lambda_410d79af7f07d98d83a3f525b3859a53>@@AEAV<lambda_3e16ef9562a7dcce91392c22ab16ea36>@@V<lambda_38119f0e861e05405d8a144b9b982f0a>@@@?$__crt_seh_guarded_call@X@@QEAAX$$QEAV<lambda_410d79af7f07d98d83a3f525b3859a53>@@AEAV<lambda_3e16ef9562a7dcce91392c22ab16ea36>@@$$QEAV<lambda_38119f0e861e05405d8a144b9b982f0a>@@@Z@4HA 0000000180037b90     libucrt:wsetlocale.obj
 0004:00001b9c       $pdata$__acrt_initialize_lowio 0000000180037b9c     libucrt:ioinit.obj
 0004:00001ba8       $pdata$__acrt_initialize_lowio$fin$0 0000000180037ba8     libucrt:ioinit.obj
 0004:00001ba8       $pdata$__acrt_lowio_ensure_fh_exists$fin$0 0000000180037ba8     libucrt:osfinfo.obj
 0004:00001bb4       $pdata$__acrt_uninitialize_lowio 0000000180037bb4     libucrt:ioinit.obj
 0004:00001bc0       $pdata$?initialize_inherited_file_handles_nolock@@YAXXZ 0000000180037bc0     libucrt:ioinit.obj
 0004:00001bcc       $pdata$?initialize_stdio_handles_nolock@@YAXXZ 0000000180037bcc     libucrt:ioinit.obj
 0004:00001bd8       $pdata$__acrt_initialize_locks 0000000180037bd8     libucrt:locks.obj
 0004:00001be4       $pdata$__acrt_uninitialize_locks 0000000180037be4     libucrt:locks.obj
 0004:00001bf0       $pdata$__acrt_get_process_end_policy 0000000180037bf0     libucrt:win_policies.obj
 0004:00001bfc       $pdata$??$common_expand_argv_wildcards@D@@YAHQEAPEADQEAPEAPEAD@Z 0000000180037bfc     libucrt:argv_wildcards.obj
 0004:00001c08       $pdata$??$copy_and_add_argument_to_buffer@D@@YAHQEBD0_KAEAV?$argument_list@D@?A0x5f5c8891@@@Z 0000000180037c08     libucrt:argv_wildcards.obj
 0004:00001c14       $pdata$??$expand_argument_wildcards@D@@YAHQEAD0AEAV?$argument_list@D@?A0x5f5c8891@@@Z 0000000180037c14     libucrt:argv_wildcards.obj
 0004:00001c20       $pdata$__acrt_update_thread_multibyte_data 0000000180037c20     libucrt:mbctype.obj
 0004:00001c2c       $pdata$__acrt_initialize_multibyte 0000000180037c2c     libucrt:mbctype.obj
 0004:00001c38       $pdata$_setmbcp_nolock     0000000180037c38     libucrt:mbctype.obj
 0004:00001c44       $pdata$?getSystemCP@@YAHH@Z 0000000180037c44     libucrt:mbctype.obj
 0004:00001c50       $pdata$?setSBCS@@YAXPEAU__crt_multibyte_data@@@Z 0000000180037c50     libucrt:mbctype.obj
 0004:00001c5c       $pdata$?setSBUpLow@@YAXPEAU__crt_multibyte_data@@@Z 0000000180037c5c     libucrt:mbctype.obj
 0004:00001c68       $pdata$?update_thread_multibyte_data_internal@@YAPEAU__crt_multibyte_data@@QEAU__acrt_ptd@@QEAU1@@Z 0000000180037c68     libucrt:mbctype.obj
 0004:00001c74       $pdata$?fin$0@?0??update_thread_multibyte_data_internal@@YAPEAU__crt_multibyte_data@@QEAU__acrt_ptd@@QEAU1@@Z@4HA 0000000180037c74     libucrt:mbctype.obj
 0004:00001c80       $pdata$?setmbcp_internal@@YAHH_NQEAU__acrt_ptd@@QEAPEAU__crt_multibyte_data@@@Z 0000000180037c80     libucrt:mbctype.obj
 0004:00001c8c       $pdata$??$?RV<lambda_efdfa57d1f175319df784efa44bb7b81>@@AEAV<lambda_5f0a4c1567f8adc6734073e5d1e1b35c>@@V<lambda_2e8a7d3640ea6ccb4c2413664c2db6fd>@@@?$__crt_seh_guarded_call@X@@QEAAX$$QEAV<lambda_efdfa57d1f175319df784efa44bb7b81>@@AEAV<lambda_5f0a4c1567f8adc6734073e5d1e1b35c>@@$$QEAV<lambda_2e8a7d3640ea6ccb4c2413664c2db6fd>@@@Z 0000000180037c8c     libucrt:mbctype.obj
 0004:00001c98       $pdata$?x_ismbbtype_l@@YAHPEAU__crt_locale_pointers@@IHH@Z 0000000180037c98     libucrt:ismbbyte.obj
 0004:00001ca4       $pdata$__acrt_initialize_command_line 0000000180037ca4     libucrt:argv_data.obj
 0004:00001cb0       $pdata$__dcrt_get_narrow_environment_from_os 0000000180037cb0     libucrt:get_environment_from_os.obj
 0004:00001cbc       $pdata$__acrt_initialize_heap 0000000180037cbc     libucrt:heap_handle.obj
 0004:00001cc8       $pdata$__acrt_execute_initializers 0000000180037cc8     libucrt:shared_initialization.obj
 0004:00001cd4       $pdata$__acrt_execute_uninitializers 0000000180037cd4     libucrt:shared_initialization.obj
 0004:00001ce0       $pdata$__acrt_get_sigabrt_handler 0000000180037ce0     libucrt:signal.obj
 0004:00001cec       $pdata$raise               0000000180037cec     libucrt:signal.obj
 0004:00001cf8       $pdata$raise$fin$0         0000000180037cf8     libucrt:signal.obj
 0004:00001d04       $pdata$??$?RV<lambda_450d765d439847d4c735a33c368b5fc0>@@AEAV<lambda_44731a7d0e6d81c3e6aa82d741081786>@@V<lambda_601a2a7da3b7a96e9554ac7215c4b07c>@@@?$__crt_seh_guarded_call@P6AXH@Z@@QEAAP6AXH@Z$$QEAV<lambda_450d765d439847d4c735a33c368b5fc0>@@AEAV<lambda_44731a7d0e6d81c3e6aa82d741081786>@@$$QEAV<lambda_601a2a7da3b7a96e9554ac7215c4b07c>@@@Z 0000000180037d04     libucrt:signal.obj
 0004:00001d10       $pdata$__pctype_func       0000000180037d10     libucrt:ctype.obj
 0004:00001d1c       $pdata$iswctype            0000000180037d1c     libucrt:iswctype.obj
 0004:00001d28       $pdata$_isctype_l          0000000180037d28     libucrt:isctype.obj
 0004:00001d34       $pdata$__acrt_release_locale_ref 0000000180037d34     libucrt:locale_refcounting.obj
 0004:00001d40       $pdata$__acrt_free_locale  0000000180037d40     libucrt:locale_refcounting.obj
 0004:00001d4c       $pdata$__acrt_locale_free_lc_time_if_unreferenced 0000000180037d4c     libucrt:locale_refcounting.obj
 0004:00001d58       $pdata$__acrt_update_thread_locale_data 0000000180037d58     libucrt:locale_refcounting.obj
 0004:00001d64       $pdata$__acrt_update_thread_locale_data$fin$0 0000000180037d64     libucrt:locale_refcounting.obj
 0004:00001d70       $pdata$_updatetlocinfoEx_nolock 0000000180037d70     libucrt:locale_refcounting.obj
 0004:00001d7c       $pdata$__acrt_DownlevelLocaleNameToLCID 0000000180037d7c     libucrt:lcidtoname_downlevel.obj
 0004:00001d88       $pdata$?GetTableIndexFromLocaleName@@YAHPEB_W@Z 0000000180037d88     libucrt:lcidtoname_downlevel.obj
 0004:00001d94       $pdata$_isleadbyte_l       0000000180037d94     libucrt:_wctype.obj
 0004:00001da0       $pdata$__acrt_LCMapStringA 0000000180037da0     libucrt:lcmapstringa.obj
 0004:00001dac       $pdata$?__acrt_LCMapStringA_stat@@YAHPEAU__crt_locale_pointers@@PEB_WKPEBDHPEADHHH@Z 0000000180037dac     libucrt:lcmapstringa.obj
 0004:00001db8       $pdata$__acrt_fp_strflt_to_string 0000000180037db8     libucrt:_fptostr.obj
 0004:00001dc4       $pdata$memcpy_s            0000000180037dc4     libucrt:cfout.obj
 0004:00001dd0       $pdata$__acrt_fltout       0000000180037dd0     libucrt:cfout.obj
 0004:00001ddc       $pdata$?divide@__crt_strtox@@YA_KAEAUbig_integer@1@AEBU21@@Z 0000000180037ddc     libucrt:cfout.obj
 0004:00001de8       $pdata$5$?divide@__crt_strtox@@YA_KAEAUbig_integer@1@AEBU21@@Z 0000000180037de8     libucrt:cfout.obj
 0004:00001df4       $pdata$6$?divide@__crt_strtox@@YA_KAEAUbig_integer@1@AEBU21@@Z 0000000180037df4     libucrt:cfout.obj
 0004:00001e00       $pdata$_fcloseall          0000000180037e00     libucrt:closeall.obj
 0004:00001e0c       $pdata$_fcloseall$fin$0    0000000180037e0c     libucrt:closeall.obj
 0004:00001e18       $pdata$_fflush_nolock      0000000180037e18     libucrt:fflush.obj
 0004:00001e24       $pdata$__acrt_stdio_flush_nolock 0000000180037e24     libucrt:fflush.obj
 0004:00001e30       $pdata$?common_flush_all@@YAH_N@Z 0000000180037e30     libucrt:fflush.obj
 0004:00001e3c       $pdata$??$?RV<lambda_842d9ff0dc9ef11c61343bbaebe7f885>@@AEAV<lambda_c5860995281e5c4ce005b3de8f5874ee>@@V<lambda_d90129c13df834fdcbf8d2b88dafcf2d>@@@?$__crt_seh_guarded_call@X@@QEAAX$$QEAV<lambda_842d9ff0dc9ef11c61343bbaebe7f885>@@AEAV<lambda_c5860995281e5c4ce005b3de8f5874ee>@@$$QEAV<lambda_d90129c13df834fdcbf8d2b88dafcf2d>@@@Z 0000000180037e3c     libucrt:fflush.obj
 0004:00001e48       $pdata$?fin$0@?0???$?RV<lambda_842d9ff0dc9ef11c61343bbaebe7f885>@@AEAV<lambda_c5860995281e5c4ce005b3de8f5874ee>@@V<lambda_d90129c13df834fdcbf8d2b88dafcf2d>@@@?$__crt_seh_guarded_call@X@@QEAAX$$QEAV<lambda_842d9ff0dc9ef11c61343bbaebe7f885>@@AEAV<lambda_c5860995281e5c4ce005b3de8f5874ee>@@$$QEAV<lambda_d90129c13df834fdcbf8d2b88dafcf2d>@@@Z@4HA 0000000180037e48     libucrt:fflush.obj
 0004:00001e54       $pdata$??$?RV<lambda_886d6c58226a84441f68b9f2b8217b83>@@AEAV<lambda_ab61a845afdef5b7c387490eaf3616ee>@@V<lambda_f7f22ab5edc0698d5f6905b0d3f44752>@@@?$__crt_seh_guarded_call@X@@QEAAX$$QEAV<lambda_886d6c58226a84441f68b9f2b8217b83>@@AEAV<lambda_ab61a845afdef5b7c387490eaf3616ee>@@$$QEAV<lambda_f7f22ab5edc0698d5f6905b0d3f44752>@@@Z 0000000180037e54     libucrt:fflush.obj
 0004:00001e60       $pdata$?fin$0@?0???$?RV<lambda_886d6c58226a84441f68b9f2b8217b83>@@AEAV<lambda_ab61a845afdef5b7c387490eaf3616ee>@@V<lambda_f7f22ab5edc0698d5f6905b0d3f44752>@@@?$__crt_seh_guarded_call@X@@QEAAX$$QEAV<lambda_886d6c58226a84441f68b9f2b8217b83>@@AEAV<lambda_ab61a845afdef5b7c387490eaf3616ee>@@$$QEAV<lambda_f7f22ab5edc0698d5f6905b0d3f44752>@@@Z@4HA 0000000180037e60     libucrt:fflush.obj
 0004:00001e6c       $pdata$__acrt_stdio_free_buffer_nolock 0000000180037e6c     libucrt:_freebuf.obj
 0004:00001e78       $pdata$_isatty             0000000180037e78     libucrt:isatty.obj
 0004:00001e84       $pdata$__acrt_locale_free_monetary 0000000180037e84     libucrt:initmon.obj
 0004:00001e90       $pdata$__acrt_locale_free_numeric 0000000180037e90     libucrt:initnum.obj
 0004:00001e9c       $pdata$__acrt_locale_free_time 0000000180037e9c     libucrt:inittime.obj
 0004:00001ea8       $pdata$?free_crt_array_internal@@YAXQEAPEBX_K@Z 0000000180037ea8     libucrt:inittime.obj
 0004:00001eb4       $pdata$__acrt_GetStringTypeA 0000000180037eb4     libucrt:getstringtypea.obj
 0004:00001ec0       $pdata$_get_osfhandle      0000000180037ec0     libucrt:osfinfo.obj
 0004:00001ecc       $pdata$_free_osfhnd        0000000180037ecc     libucrt:osfinfo.obj
 0004:00001ed8       $pdata$__acrt_lowio_create_handle_array 0000000180037ed8     libucrt:osfinfo.obj
 0004:00001ee4       $pdata$__acrt_lowio_destroy_handle_array 0000000180037ee4     libucrt:osfinfo.obj
 0004:00001ef0       $pdata$__acrt_lowio_ensure_fh_exists 0000000180037ef0     libucrt:osfinfo.obj
 0004:00001efc       $pdata$qsort               0000000180037efc     libucrt:qsort.obj
 0004:00001f08       $pdata$4$qsort             0000000180037f08     libucrt:qsort.obj
 0004:00001f14       $pdata$5$qsort             0000000180037f14     libucrt:qsort.obj
 0004:00001f20       $pdata$?shortsort@@YAXPEAD0_KP6AHPEBX2@Z@Z 0000000180037f20     libucrt:qsort.obj
 0004:00001f2c       $pdata$2$?shortsort@@YAXPEAD0_KP6AHPEBX2@Z@Z 0000000180037f2c     libucrt:qsort.obj
 0004:00001f38       $pdata$3$?shortsort@@YAXPEAD0_KP6AHPEBX2@Z@Z 0000000180037f38     libucrt:qsort.obj
 0004:00001f44       $pdata$strncpy_s           0000000180037f44     libucrt:strncpy_s.obj
 0004:00001f50       $pdata$strpbrk             0000000180037f50     libucrt:strpbrk.obj
 0004:00001f5c       $pdata$_mbsdec_l           0000000180037f5c     libucrt:mbsdec.obj
 0004:00001f68       $pdata$?initialize_multibyte@@YAHXZ 0000000180037f68     libucrt:multibyte_initializer.obj
 0004:00001f74       $pdata$fegetenv            0000000180037f74     libucrt:fegetenv.obj
 0004:00001f80       $pdata$fesetenv            0000000180037f80     libucrt:fesetenv.obj
 0004:00001f8c       $pdata$feholdexcept        0000000180037f8c     libucrt:feholdexcept.obj
 0004:00001fa4       $pdata$_write              0000000180037fa4     libucrt:write.obj
 0004:00001fb0       $pdata$_write$fin$0        0000000180037fb0     libucrt:write.obj
 0004:00001fbc       $pdata$_write_nolock       0000000180037fbc     libucrt:write.obj
 0004:00001fc8       $pdata$?write_double_translated_ansi_nolock@@YA?AUwrite_result@?A0x17268360@@HQEBDI@Z 0000000180037fc8     libucrt:write.obj
 0004:00001fd4       $pdata$?write_text_ansi_nolock@@YA?AUwrite_result@?A0x17268360@@HQEBDI@Z 0000000180037fd4     libucrt:write.obj
 0004:00001fe0       $pdata$?write_text_utf16le_nolock@@YA?AUwrite_result@?A0x17268360@@HQEBDI@Z 0000000180037fe0     libucrt:write.obj
 0004:00001fec       $pdata$?write_text_utf8_nolock@@YA?AUwrite_result@?A0x17268360@@HQEBDI@Z 0000000180037fec     libucrt:write.obj
 0004:00001ff8       $pdata$??$common_lseek_nolock@_J@@YA_JH_JH@Z 0000000180037ff8     libucrt:lseek.obj
 0004:00002004       $pdata$fclose              0000000180038004     libucrt:fclose.obj
 0004:00002010       $pdata$fclose$fin$0        0000000180038010     libucrt:fclose.obj
 0004:0000201c       $pdata$_fclose_nolock      000000018003801c     libucrt:fclose.obj
 0004:00002028       $pdata$_commit             0000000180038028     libucrt:commit.obj
 0004:00002034       $pdata$??$?RV<lambda_a37b2b86f63e897a80ea819b0eb08c01>@@AEAV<lambda_38ce7e780aa69e748d6df282ebc68efe>@@V<lambda_99fb1378e971ab6e7edea83e3a7a83a2>@@@?$__crt_seh_guarded_call@H@@QEAAH$$QEAV<lambda_a37b2b86f63e897a80ea819b0eb08c01>@@AEAV<lambda_38ce7e780aa69e748d6df282ebc68efe>@@$$QEAV<lambda_99fb1378e971ab6e7edea83e3a7a83a2>@@@Z 0000000180038034     libucrt:commit.obj
 0004:00002040       $pdata$?fin$0@?0???$?RV<lambda_a37b2b86f63e897a80ea819b0eb08c01>@@AEAV<lambda_38ce7e780aa69e748d6df282ebc68efe>@@V<lambda_99fb1378e971ab6e7edea83e3a7a83a2>@@@?$__crt_seh_guarded_call@H@@QEAAH$$QEAV<lambda_a37b2b86f63e897a80ea819b0eb08c01>@@AEAV<lambda_38ce7e780aa69e748d6df282ebc68efe>@@$$QEAV<lambda_99fb1378e971ab6e7edea83e3a7a83a2>@@@Z@4HA 0000000180038040     libucrt:commit.obj
 0004:00002040       $pdata$?fin$0@?0???$?RV<lambda_751a882b2c74d4b022dec766aa51a29a>@@AEAV<lambda_628dfdc04ba53c8bfc02c9951375f3f5>@@V<lambda_f6c7be5f7998530c34de24c7437d6b54>@@@?$__crt_seh_guarded_call@H@@QEAAH$$QEAV<lambda_751a882b2c74d4b022dec766aa51a29a>@@AEAV<lambda_628dfdc04ba53c8bfc02c9951375f3f5>@@$$QEAV<lambda_f6c7be5f7998530c34de24c7437d6b54>@@@Z@4HA 0000000180038040     libucrt:close.obj
 0004:0000204c       $pdata$_setfpstatusword    000000018003804c     libucrt:_fenvutils.obj
 0004:00002058       $pdata$_getfpcontrolword   0000000180038058     libucrt:_fenvutils.obj
 0004:00002064       $pdata$_getfpstatusword    0000000180038064     libucrt:_fenvutils.obj
 0004:00002070       $pdata$_clearfp            0000000180038070     libucrt:ieee.obj
 0004:0000207c       $pdata$common_control87    000000018003807c     libucrt:ieee.obj
 0004:00002088       $pdata$_ctrlfp$filt$0      0000000180038088     libucrt:fpctrl.obj
 0004:00002088       $pdata$common_control87$filt$0 0000000180038088     libucrt:ieee.obj
 0004:00002094       $pdata$_call_matherr       0000000180038094     libucrt:libm_error.obj
 0004:000020a0       $pdata$_exception_enabled  00000001800380a0     libucrt:libm_error.obj
 0004:000020ac       $pdata$_handle_error       00000001800380ac     libucrt:libm_error.obj
 0004:000020b8       $pdata$__acrt_initialize_fma3 00000001800380b8     libucrt:fma3_available.obj
 0004:000020c4       $pdata$_log_special_common 00000001800380c4     libucrt:log_special.obj
 0004:000020d0       $pdata$_log10_special      00000001800380d0     libucrt:log_special.obj
 0004:000020dc       $pdata$_putwch_nolock      00000001800380dc     libucrt:putwch.obj
 0004:000020e8       $pdata$_close              00000001800380e8     libucrt:close.obj
 0004:000020f4       $pdata$_close_nolock       00000001800380f4     libucrt:close.obj
 0004:00002100       $pdata$??$?RV<lambda_751a882b2c74d4b022dec766aa51a29a>@@AEAV<lambda_628dfdc04ba53c8bfc02c9951375f3f5>@@V<lambda_f6c7be5f7998530c34de24c7437d6b54>@@@?$__crt_seh_guarded_call@H@@QEAAH$$QEAV<lambda_751a882b2c74d4b022dec766aa51a29a>@@AEAV<lambda_628dfdc04ba53c8bfc02c9951375f3f5>@@$$QEAV<lambda_f6c7be5f7998530c34de24c7437d6b54>@@@Z 0000000180038100     libucrt:close.obj
 0004:00002118       $pdata$_set_errno_from_matherr 0000000180038118     libucrt:fpexcept.obj
 0004:00002124       $pdata$_raise_exc          0000000180038124     libucrt:fpexcept.obj
 0004:00002130       $pdata$_raise_exc_ex       0000000180038130     libucrt:fpexcept.obj
 0004:0000213c       $pdata$_clrfp              000000018003813c     libucrt:fpctrl.obj
 0004:00002148       $pdata$_ctrlfp             0000000180038148     libucrt:fpctrl.obj
 0004:00002154       $pdata$_statfp             0000000180038154     libucrt:fpctrl.obj
 0004:00002160       $pdata$_set_statfp         0000000180038160     libucrt:fpctrl.obj
 0004:0000216c       $pdata$__dcrt_lowio_initialize_console_output 000000018003816c     libucrt:initcon.obj
 0004:00002178       $pdata$__dcrt_terminate_console_output 0000000180038178     libucrt:initcon.obj
 0004:00002184       $pdata$_IsNonwritableInCurrentImage 0000000180038184     LIBCMT:pesect.obj
 0004:00002190       $pdata$_IsNonwritableInCurrentImage$filt$0 0000000180038190     LIBCMT:pesect.obj
 0004:0000219c       $pdata$strrchr             000000018003819c     libvcruntime:strrchr.obj
 0005:00000220       $R000000                   0000000180039220     ElectronicValueRW.res
 0005:00000bb8       $R000998                   0000000180039bb8     ElectronicValueRW.res
 0005:00000ca0       $R000A80                   0000000180039ca0     ElectronicValueRW.res
 0005:00000f08       $R000CE8                   0000000180039f08     ElectronicValueRW.res
 0005:00001418       $R0011F8                   000000018003a418     ElectronicValueRW.res
 0005:00006a58       $R006838                   000000018003fa58     ElectronicValueRW.res
 0005:00006aa0       $R006880                   000000018003faa0     ElectronicValueRW.res
