 OPOSPINPad

 Timestamp is 600f7997 (Tue Jan 26 11:08:23 2021)

 Preferred load address is 0000000180000000

 Start         Length     Name                   Class
 0001:00000000 000000c0H .text$di                CODE
 0001:000000c0 00021960H .text$mn                CODE
 0001:00021a20 00000040H .text$mn$00             CODE
 0001:00021a60 000004b0H .text$x                 CODE
 0001:00021f10 00000078H .text$yd                CODE
 0002:00000000 00000618H .idata$5                DATA
 0002:00000618 00000028H .00cfg                  DATA
 0002:00000640 00000008H .CRT$XCA                DATA
 0002:00000648 00000008H .CRT$XCL                DATA
 0002:00000650 00000020H .CRT$XCU                DATA
 0002:00000670 00000008H .CRT$XCZ                DATA
 0002:00000678 00000008H .CRT$XIA                DATA
 0002:00000680 00000020H .CRT$XIC                DATA
 0002:000006a0 00000008H .CRT$XIZ                DATA
 0002:000006a8 00000008H .CRT$XLA                DATA
 0002:000006b0 00000008H .CRT$XLZ                DATA
 0002:000006b8 00000008H .CRT$XPA                DATA
 0002:000006c0 00000010H .CRT$XPX                DATA
 0002:000006d0 00000008H .CRT$XPXA               DATA
 0002:000006d8 00000008H .CRT$XPZ                DATA
 0002:000006e0 00000008H .CRT$XTA                DATA
 0002:000006e8 00000008H .CRT$XTZ                DATA
 0002:000006f0 00000000H .gehcont$y              DATA
 0002:000006f0 00000000H .gfids$y                DATA
 0002:000006f0 0000aa90H .rdata                  DATA
 0002:0000b180 00000000H .rdata$CastGuardVftablesA DATA
 0002:0000b180 00000000H .rdata$CastGuardVftablesC DATA
 0002:0000b180 00000028H .rdata$T                DATA
 0002:0000b1a8 00000274H .rdata$r                DATA
 0002:0000b41c 00000404H .rdata$zzzdbg           DATA
 0002:0000b820 00000008H .rtc$IAA                DATA
 0002:0000b828 00000008H .rtc$IZZ                DATA
 0002:0000b830 00000008H .rtc$TAA                DATA
 0002:0000b838 00000008H .rtc$TZZ                DATA
 0002:0000b840 00000004H .tls                    DATA
 0002:0000b844 00000004H .tls$                   DATA
 0002:0000b848 00000008H .tls$ZZZ                DATA
 0002:0000b850 000016f8H .xdata                  DATA
 0002:0000cf48 00000150H .xdata$x                DATA
 0002:0000d098 00000008H ATL$__a                 DATA
 0002:0000d0a0 00000010H ATL$__z                 DATA
 0002:0000d0b0 000000a8H .edata                  DATA
 0002:0000d158 00000078H .idata$2                DATA
 0002:0000d1d0 00000018H .idata$3                DATA
 0002:0000d1e8 00000618H .idata$4                DATA
 0002:0000d800 00000c2aH .idata$6                DATA
 0003:00000000 00000db8H .data                   DATA
 0003:00000db8 000000c8H .data$r                 DATA
 0003:00000e80 0000141cH .bss                    DATA
 0004:00000000 00001ee4H .pdata                  DATA
 0005:00000000 00000094H _RDATA                  DATA
 0006:00000000 00000220H .rsrc$01                DATA
 0006:00000220 00004ba8H .rsrc$02                DATA

  Address         Publics by Value              Rva+Base               Lib:Object

 0000:00000000       __x64_code_ranges_to_entry_points 0000000000000000     <absolute>
 0000:00000000       __x64_code_ranges_to_entry_points_count 0000000000000000     <absolute>
 0000:00000000       ___safe_se_handler_count   0000000000000000     <absolute>
 0000:00000000       __arm64x_redirection_metadata 0000000000000000     <absolute>
 0000:00000000       __arm64x_extra_rfe_table_size 0000000000000000     <absolute>
 0000:00000000       __guard_iat_table          0000000000000000     <absolute>
 0000:00000000       __volatile_metadata        0000000000000000     <absolute>
 0000:00000000       __guard_eh_cont_count      0000000000000000     <absolute>
 0000:00000000       __guard_longjmp_table      0000000000000000     <absolute>
 0000:00000000       __guard_iat_count          0000000000000000     <absolute>
 0000:00000000       __guard_longjmp_count      0000000000000000     <absolute>
 0000:00000000       ___safe_se_handler_table   0000000000000000     <absolute>
 0000:00000000       __dynamic_value_reloc_table 0000000000000000     <absolute>
 0000:00000000       __hybrid_code_map          0000000000000000     <absolute>
 0000:00000000       __hybrid_auxiliary_iat     0000000000000000     <absolute>
 0000:00000000       __AbsoluteZero             0000000000000000     <absolute>
 0000:00000000       __guard_fids_count         0000000000000000     <absolute>
 0000:00000000       __guard_fids_table         0000000000000000     <absolute>
 0000:00000000       __arm64x_redirection_metadata_count 0000000000000000     <absolute>
 0000:00000000       __enclave_config           0000000000000000     <absolute>
 0000:00000000       __arm64x_extra_rfe_table   0000000000000000     <absolute>
 0000:00000000       __guard_eh_cont_table      0000000000000000     <absolute>
 0000:00000000       __arm64x_native_entrypoint 0000000000000000     <absolute>
 0000:00000000       __hybrid_code_map_count    0000000000000000     <absolute>
 0000:00000100       __guard_flags              0000000000000100     <absolute>
 0000:00000000       __ImageBase                0000000180000000     <linker-defined>
 0001:000000c0       ?DupWide@_CW@@AEAAXXZ      00000001800010c0 f   CWString.obj
 0001:000000e8       ?cw_dup@@YAXPEBDAEAHAEAPEA_W1@Z 00000001800010e8 f   CWString.obj
 0001:000001c8       ?cw_memcpy@@YAHPEA_WPEBDH@Z 00000001800011c8 f   CWString.obj
 0001:00000214       ?cw_strcpy@@YAHPEA_WPEBD@Z 0000000180001214 f   CWString.obj
 0001:00000228       ??0CAtlComModule@ATL@@QEAA@XZ 0000000180001228 f i OposVariant.obj
 0001:000002a8       ??0CAtlWinModule@ATL@@QEAA@XZ 00000001800012a8 f i OposVariant.obj
 0001:00000314       ??0OposDispParms@@QEAA@PEAVOposVariant@@H@Z 0000000180001314 f   OposVariant.obj
 0001:000003bc       ??1OposDispParms@@QEAA@XZ  00000001800013bc f   OposVariant.obj
 0001:000003d4       ??_Estringdispid@CComTypeInfoHolder@ATL@@QEAAPEAXI@Z 00000001800013d4 f i OposVariant.obj
 0001:00000478       ?AtlWinModuleTerm@ATL@@YAJPEAU_ATL_WIN_MODULE70@1@PEAUHINSTANCE__@@@Z 0000000180001478 f i OposVariant.obj
 0001:00000528       ?ChangeBSTR@OposVariant@@QEAAXPEAPEA_WAEAJ@Z 0000000180001528 f   OposVariant.obj
 0001:00000588       ?ChangeCURRENCY@OposVariant@@QEAAXPEATtagCY@@AEAJ@Z 0000000180001588 f   OposVariant.obj
 0001:000005e8       ?ChangeLONG@OposVariant@@QEAAXPEAJAEAJ@Z 00000001800015e8 f   OposVariant.obj
 0001:00000644       ?GetLONG@OposVariant@@QEAAJXZ 0000000180001644 f   OposVariant.obj
 0001:00000668       ?SetBSTR@OposVariant@@QEAAXPEA_WAEAJ@Z 0000000180001668 f   OposVariant.obj
 0001:000006a8       ?SetBSTR_Copy@OposVariant@@QEAAXPEA_WAEAJ@Z 00000001800016a8 f   OposVariant.obj
 0001:00000718       ?SetBSTR_InOutPtr@OposVariant@@QEAA_NPEAPEA_WAEAJ@Z 0000000180001718 f   OposVariant.obj
 0001:00000768       ?SetBSTR_OutPtr@OposVariant@@QEAA_NPEAPEA_WAEAJ@Z 0000000180001768 f   OposVariant.obj
 0001:00000784       ?SetCURRENCY@OposVariant@@QEAAXTtagCY@@@Z 0000000180001784 f   OposVariant.obj
 0001:000007b8       ?SetDispatch_Ptr@OposVariant@@QEAAXPEAUIDispatch@@AEAJ@Z 00000001800017b8 f   OposVariant.obj
 0001:00000810       ?SetLONG@OposVariant@@QEAAXJ@Z 0000000180001810 f   OposVariant.obj
 0001:00000840       ?SetLONG_Ptr@OposVariant@@QEAAXPEAJAEAJ@Z 0000000180001840 f   OposVariant.obj
 0001:0000088c       ?SetString@OposVariant@@QEAAXPEB_WAEAJ@Z 000000018000188c f   OposVariant.obj
 0001:000008f0       ?SetVARIANT_BOOL@OposVariant@@QEAAXF@Z 00000001800018f0 f   OposVariant.obj
 0001:00000928       ?Term@CAtlComModule@ATL@@QEAAXXZ 0000000180001928 f i OposVariant.obj
 0001:00000998       ?_AtlInitializeCriticalSectionEx@ATL@@YAHPEAU_RTL_CRITICAL_SECTION@@KK@Z 0000000180001998 f i OposVariant.obj
 0001:000009a0       ?_AtlRaiseException@ATL@@YAXKK@Z 00000001800019a0 f i OposVariant.obj
 0001:000009b0       ?GetWindowProc@?$CWindowImplBaseT@VCWindow@ATL@@V?$CWinTraits@$0FGAAAAAA@$0A@@2@@ATL@@UEAAP6A_JPEAUHWND__@@I_K_J@ZXZ 00000001800019b0 f i PINPad.obj
 0001:000009b8       ?StartWindowProc@?$CWindowImplBaseT@VCWindow@ATL@@V?$CWinTraits@$0FGAAAAAA@$0A@@2@@ATL@@SA_JPEAUHWND__@@I_K_J@Z 00000001800019b8 f i PINPad.obj
 0001:00000a7c       ?OnFinalMessage@?$CWindowImplBaseT@VCWindow@ATL@@V?$CWinTraits@$0FGAAAAAA@$0A@@2@@ATL@@UEAAXPEAUHWND__@@@Z 0000000180001a7c f i PINPad.obj
 0001:00000a7c       _guard_check_icall_nop     0000000180001a7c f i LIBCMT:guard_support.obj
 0001:00000a7c       ?ObjectMain@CComObjectRootBase@ATL@@SAX_N@Z 0000000180001a7c f i PINPad.obj
 0001:00000a80       ?GetTypeInfoCount@?$IDispatchImpl@UIOPOSPINPad@@$1?IID_IOPOSPINPad@@3U_GUID@@B$1?LIBID_OposPINPad_CCO@@3U3@B$00$0A@VCComTypeInfoHolder@ATL@@@ATL@@UEAAJPEAI@Z 0000000180001a80 f i PINPad.obj
 0001:00000a94       ?GetTypeInfo@?$IDispatchImpl@UIOPOSPINPad@@$1?IID_IOPOSPINPad@@3U_GUID@@B$1?LIBID_OposPINPad_CCO@@3U3@B$00$0A@VCComTypeInfoHolder@ATL@@@ATL@@UEAAJIKPEAPEAUITypeInfo@@@Z 0000000180001a94 f i PINPad.obj
 0001:00000af8       ?GetIDsOfNames@?$IDispatchImpl@UIOPOSPINPad@@$1?IID_IOPOSPINPad@@3U_GUID@@B$1?LIBID_OposPINPad_CCO@@3U3@B$00$0A@VCComTypeInfoHolder@ATL@@@ATL@@UEAAJAEBU_GUID@@PEAPEA_WIKPEAJ@Z 0000000180001af8 f i PINPad.obj
 0001:00000b04       ?Invoke@?$IDispatchImpl@UIOPOSPINPad@@$1?IID_IOPOSPINPad@@3U_GUID@@B$1?LIBID_OposPINPad_CCO@@3U3@B$00$0A@VCComTypeInfoHolder@ATL@@@ATL@@UEAAJJAEBU_GUID@@KGPEAUtagDISPPARAMS@@PEAUtagVARIANT@@PEAUtagEXCEPINFO@@PEAI@Z 0000000180001b04 f i PINPad.obj
 0001:00000b94       ?CreateControlWindow@?$CComControl@VCOPOSPINPad@@V?$CWindowImpl@VCOPOSPINPad@@VCWindow@ATL@@V?$CWinTraits@$0FGAAAAAA@$0A@@3@@ATL@@@ATL@@UEAAPEAUHWND__@@PEAU3@AEAUtagRECT@@@Z 0000000180001b94 f i PINPad.obj
 0001:00000bcc       ?ControlQueryInterface@?$CComControl@VCOPOSPINPad@@V?$CWindowImpl@VCOPOSPINPad@@VCWindow@ATL@@V?$CWinTraits@$0FGAAAAAA@$0A@@3@@ATL@@@ATL@@UEAAJAEBU_GUID@@PEAPEAX@Z 0000000180001bcc f i PINPad.obj
 0001:00000be0       ?GetClassID@?$IPersistStorageImpl@VCOPOSPINPad@@@ATL@@UEAAJPEAU_GUID@@@Z 0000000180001be0 f i PINPad.obj
 0001:00000be0       ?GetUserClassID@?$IOleObjectImpl@VCOPOSPINPad@@@ATL@@UEAAJPEAU_GUID@@@Z 0000000180001be0 f i PINPad.obj
 0001:00000be0       ?GetClassID@?$IPersistStreamInitImpl@VCOPOSPINPad@@@ATL@@UEAAJPEAU_GUID@@@Z 0000000180001be0 f i PINPad.obj
 0001:00000bfc       ?IsDirty@?$IPersistStreamInitImpl@VCOPOSPINPad@@@ATL@@UEAAJXZ 0000000180001bfc f i PINPad.obj
 0001:00000c18       ?Load@?$IPersistStreamInitImpl@VCOPOSPINPad@@@ATL@@UEAAJPEAUIStream@@@Z 0000000180001c18 f i PINPad.obj
 0001:00000c30       ?Save@?$IPersistStreamInitImpl@VCOPOSPINPad@@@ATL@@UEAAJPEAUIStream@@H@Z 0000000180001c30 f i PINPad.obj
 0001:00000c48       ?GetSizeMax@?$IPersistStreamInitImpl@VCOPOSPINPad@@@ATL@@UEAAJPEAT_ULARGE_INTEGER@@@Z 0000000180001c48 f i PINPad.obj
 0001:00000e74       ?InitNew@?$IPersistStreamInitImpl@VCOPOSPINPad@@@ATL@@UEAAJXZ 0000000180001e74 f i PINPad.obj
 0001:00000e8c       ?GetMoniker@?$IOleObjectImpl@VCOPOSPINPad@@@ATL@@UEAAJKKPEAPEAUIMoniker@@@Z 0000000180001e8c f i PINPad.obj
 0001:00000e8c       ?GetDropTarget@?$IOleInPlaceObjectWindowlessImpl@VCOPOSPINPad@@@ATL@@UEAAJPEAPEAUIDropTarget@@@Z 0000000180001e8c f i PINPad.obj
 0001:00000e8c       ?ContextSensitiveHelp@?$IOleInPlaceActiveObjectImpl@VCOPOSPINPad@@@ATL@@UEAAJH@Z 0000000180001e8c f i PINPad.obj
 0001:00000e8c       ?EnumFormatEtc@?$IDataObjectImpl@VCOPOSPINPad@@@ATL@@UEAAJKPEAPEAUIEnumFORMATETC@@@Z 0000000180001e8c f i PINPad.obj
 0001:00000e8c       ?SetData@?$IDataObjectImpl@VCOPOSPINPad@@@ATL@@UEAAJPEAUtagFORMATETC@@PEAUtagSTGMEDIUM@@H@Z 0000000180001e8c f i PINPad.obj
 0001:00000e8c       ?Freeze@?$IViewObjectExImpl@VCOPOSPINPad@@@ATL@@UEAAJKJPEAXPEAK@Z 0000000180001e8c f i PINPad.obj
 0001:00000e8c       ?Unfreeze@?$IViewObjectExImpl@VCOPOSPINPad@@@ATL@@UEAAJK@Z 0000000180001e8c f i PINPad.obj
 0001:00000e8c       ?SetColorScheme@?$IOleObjectImpl@VCOPOSPINPad@@@ATL@@UEAAJPEAUtagLOGPALETTE@@@Z 0000000180001e8c f i PINPad.obj
 0001:00000e8c       ?GetControlInfo@?$IOleControlImpl@VCOPOSPINPad@@@ATL@@UEAAJPEAUtagCONTROLINFO@@@Z 0000000180001e8c f i PINPad.obj
 0001:00000e8c       ?GetColorSet@?$IViewObjectExImpl@VCOPOSPINPad@@@ATL@@UEAAJKJPEAXPEAUtagDVTARGETDEVICE@@PEAUHDC__@@PEAPEAUtagLOGPALETTE@@@Z 0000000180001e8c f i PINPad.obj
 0001:00000e8c       ?QueryInterface@CRegObject@ATL@@UEAAJAEBU_GUID@@PEAPEAX@Z 0000000180001e8c f i PINPad.obj
 0001:00000e8c       ?ReactivateAndUndo@?$IOleInPlaceObjectWindowlessImpl@VCOPOSPINPad@@@ATL@@UEAAJXZ 0000000180001e8c f i PINPad.obj
 0001:00000e8c       ?OnMnemonic@?$IOleControlImpl@VCOPOSPINPad@@@ATL@@UEAAJPEAUtagMSG@@@Z 0000000180001e8c f i PINPad.obj
 0001:00000e8c       ?GetClipboardData@?$IOleObjectImpl@VCOPOSPINPad@@@ATL@@UEAAJKPEAPEAUIDataObject@@@Z 0000000180001e8c f i PINPad.obj
 0001:00000e8c       ?GetRect@?$IViewObjectExImpl@VCOPOSPINPad@@@ATL@@UEAAJKPEAU_RECTL@@@Z 0000000180001e8c f i PINPad.obj
 0001:00000e8c       ?GetCanonicalFormatEtc@?$IDataObjectImpl@VCOPOSPINPad@@@ATL@@UEAAJPEAUtagFORMATETC@@0@Z 0000000180001e8c f i PINPad.obj
 0001:00000e8c       ?GetDataHere@?$IDataObjectImpl@VCOPOSPINPad@@@ATL@@UEAAJPEAUtagFORMATETC@@PEAUtagSTGMEDIUM@@@Z 0000000180001e8c f i PINPad.obj
 0001:00000e8c       ?SOOutputCompleteDummy@COPOSPINPad@@MEAAJJ@Z 0000000180001e8c f i PINPad.obj
 0001:00000e8c       ?InitFromData@?$IOleObjectImpl@VCOPOSPINPad@@@ATL@@UEAAJPEAUIDataObject@@HK@Z 0000000180001e8c f i PINPad.obj
 0001:00000e8c       ?QueryGetData@?$IDataObjectImpl@VCOPOSPINPad@@@ATL@@UEAAJPEAUtagFORMATETC@@@Z 0000000180001e8c f i PINPad.obj
 0001:00000e8c       ?SetMoniker@?$IOleObjectImpl@VCOPOSPINPad@@@ATL@@UEAAJKPEAUIMoniker@@@Z 0000000180001e8c f i PINPad.obj
 0001:00000e8c       ?ContextSensitiveHelp@?$IOleInPlaceObjectWindowlessImpl@VCOPOSPINPad@@@ATL@@UEAAJH@Z 0000000180001e8c f i PINPad.obj
 0001:00000e94       ?Update@?$IOleObjectImpl@VCOPOSPINPad@@@ATL@@UEAAJXZ 0000000180001e94 f i PINPad.obj
 0001:00000e94       ?OnFrameWindowActivate@?$IOleInPlaceActiveObjectImpl@VCOPOSPINPad@@@ATL@@UEAAJH@Z 0000000180001e94 f i PINPad.obj
 0001:00000e94       ?OnAmbientPropertyChange@?$IOleControlImpl@VCOPOSPINPad@@@ATL@@UEAAJJ@Z 0000000180001e94 f i PINPad.obj
 0001:00000e94       ?EnableModeless@?$IOleInPlaceActiveObjectImpl@VCOPOSPINPad@@@ATL@@UEAAJH@Z 0000000180001e94 f i PINPad.obj
 0001:00000e94       ?GetCategoryMap@CComObjectRootBase@ATL@@SAPEBU_ATL_CATMAP_ENTRY@2@XZ 0000000180001e94 f i PINPad.obj
 0001:00000e94       ?SetHostNames@?$IOleObjectImpl@VCOPOSPINPad@@@ATL@@UEAAJPEB_W0@Z 0000000180001e94 f i PINPad.obj
 0001:00000e94       ?HandsOffStorage@?$IPersistStorageImpl@VCOPOSPINPad@@@ATL@@UEAAJXZ 0000000180001e94 f i PINPad.obj
 0001:00000e94       ?ResizeBorder@?$IOleInPlaceActiveObjectImpl@VCOPOSPINPad@@@ATL@@UEAAJPEBUtagRECT@@PEAUIOleInPlaceUIWindow@@H@Z 0000000180001e94 f i PINPad.obj
 0001:00000e94       ?Release@CRegObject@ATL@@UEAAKXZ 0000000180001e94 f i PINPad.obj
 0001:00000e94       ?GetObjectDescription@?$CComCoClass@VCOPOSPINPad@@$1?CLSID_OPOSPINPad@@3U_GUID@@B@ATL@@SAPEB_WXZ 0000000180001e94 f i PINPad.obj
 0001:00000e94       ?IsUpToDate@?$IOleObjectImpl@VCOPOSPINPad@@@ATL@@UEAAJXZ 0000000180001e94 f i PINPad.obj
 0001:00000e94       ?SaveCompleted@?$IPersistStorageImpl@VCOPOSPINPad@@@ATL@@UEAAJPEAUIStorage@@@Z 0000000180001e94 f i PINPad.obj
 0001:00000e98       ?SetClientSite@?$IOleObjectImpl@VCOPOSPINPad@@@ATL@@UEAAJPEAUIOleClientSite@@@Z 0000000180001e98 f i PINPad.obj
 0001:00000eb4       ?GetClientSite@?$IOleObjectImpl@VCOPOSPINPad@@@ATL@@UEAAJPEAPEAUIOleClientSite@@@Z 0000000180001eb4 f i PINPad.obj
 0001:00000efc       ?Close@?$IOleObjectImpl@VCOPOSPINPad@@@ATL@@UEAAJK@Z 0000000180001efc f i PINPad.obj
 0001:00000f18       ?DoVerb@?$IOleObjectImpl@VCOPOSPINPad@@@ATL@@UEAAJJPEAUtagMSG@@PEAUIOleClientSite@@JPEAUHWND__@@PEBUtagRECT@@@Z 0000000180001f18 f i PINPad.obj
 0001:000010bc       ?EnumVerbs@?$IOleObjectImpl@VCOPOSPINPad@@@ATL@@UEAAJPEAPEAUIEnumOLEVERB@@@Z 00000001800020bc f i PINPad.obj
 0001:000010d8       ?GetUserType@?$IOleObjectImpl@VCOPOSPINPad@@@ATL@@UEAAJKPEAPEA_W@Z 00000001800020d8 f i PINPad.obj
 0001:000010e8       ?SetExtent@?$IOleObjectImpl@VCOPOSPINPad@@@ATL@@UEAAJKPEAUtagSIZE@@@Z 00000001800020e8 f i PINPad.obj
 0001:00001104       ?GetExtent@?$IOleObjectImpl@VCOPOSPINPad@@@ATL@@UEAAJKPEAUtagSIZE@@@Z 0000000180002104 f i PINPad.obj
 0001:00001134       ?Advise@?$IOleObjectImpl@VCOPOSPINPad@@@ATL@@UEAAJPEAUIAdviseSink@@PEAK@Z 0000000180002134 f i PINPad.obj
 0001:00001190       ?Unadvise@?$IOleObjectImpl@VCOPOSPINPad@@@ATL@@UEAAJK@Z 0000000180002190 f i PINPad.obj
 0001:000011c8       ?EnumAdvise@?$IOleObjectImpl@VCOPOSPINPad@@@ATL@@UEAAJPEAPEAUIEnumSTATDATA@@@Z 00000001800021c8 f i PINPad.obj
 0001:00001210       ?GetMiscStatus@?$IOleObjectImpl@VCOPOSPINPad@@@ATL@@UEAAJKPEAK@Z 0000000180002210 f i PINPad.obj
 0001:00001220       ?GetWindow@?$IOleInPlaceActiveObjectImpl@VCOPOSPINPad@@@ATL@@UEAAJPEAPEAUHWND__@@@Z 0000000180002220 f i PINPad.obj
 0001:00001274       ?TranslateAcceleratorW@?$IOleInPlaceActiveObjectImpl@VCOPOSPINPad@@@ATL@@UEAAJPEAUtagMSG@@@Z 0000000180002274 f i PINPad.obj
 0001:00001368       ?OnDocWindowActivate@?$IOleInPlaceActiveObjectImpl@VCOPOSPINPad@@@ATL@@UEAAJH@Z 0000000180002368 f i PINPad.obj
 0001:00001394       ?Draw@?$IViewObjectExImpl@VCOPOSPINPad@@@ATL@@UEAAJKJPEAXPEAUtagDVTARGETDEVICE@@PEAUHDC__@@2PEBU_RECTL@@3P6AH_K@Z4@Z 0000000180002394 f i PINPad.obj
 0001:000013f8       ?SetAdvise@?$IViewObjectExImpl@VCOPOSPINPad@@@ATL@@UEAAJKKPEAUIAdviseSink@@@Z 00000001800023f8 f i PINPad.obj
 0001:0000144c       ?GetAdvise@?$IViewObjectExImpl@VCOPOSPINPad@@@ATL@@UEAAJPEAK0PEAPEAUIAdviseSink@@@Z 000000018000244c f i PINPad.obj
 0001:00001488       ?GetExtent@?$IViewObjectExImpl@VCOPOSPINPad@@@ATL@@UEAAJKJPEAUtagDVTARGETDEVICE@@PEAUtagSIZE@@@Z 0000000180002488 f i PINPad.obj
 0001:000014b8       ?GetViewStatus@?$IViewObjectExImpl@VCOPOSPINPad@@@ATL@@UEAAJPEAK@Z 00000001800024b8 f i PINPad.obj
 0001:000014cc       ?QueryHitPoint@?$IViewObjectExImpl@VCOPOSPINPad@@@ATL@@UEAAJKPEBUtagRECT@@UtagPOINT@@JPEAK@Z 00000001800024cc f i PINPad.obj
 0001:00001510       ?QueryHitRect@?$IViewObjectExImpl@VCOPOSPINPad@@@ATL@@UEAAJKPEBUtagRECT@@0JPEAK@Z 0000000180002510 f i PINPad.obj
 0001:00001578       ?GetNaturalExtent@?$IViewObjectExImpl@VCOPOSPINPad@@@ATL@@UEAAJKJPEAUtagDVTARGETDEVICE@@PEAUHDC__@@PEAUtagExtentInfo@@PEAUtagSIZE@@@Z 0000000180002578 f i PINPad.obj
 0001:000015c0       ?GetWindow@?$IOleInPlaceObjectWindowlessImpl@VCOPOSPINPad@@@ATL@@UEAAJPEAPEAUHWND__@@@Z 00000001800025c0 f i PINPad.obj
 0001:00001614       ?InPlaceDeactivate@?$IOleInPlaceObjectWindowlessImpl@VCOPOSPINPad@@@ATL@@UEAAJXZ 0000000180002614 f i PINPad.obj
 0001:00001630       ?UIDeactivate@?$IOleInPlaceObjectWindowlessImpl@VCOPOSPINPad@@@ATL@@UEAAJXZ 0000000180002630 f i PINPad.obj
 0001:0000164c       ?SetObjectRects@?$IOleInPlaceObjectWindowlessImpl@VCOPOSPINPad@@@ATL@@UEAAJPEBUtagRECT@@0@Z 000000018000264c f i PINPad.obj
 0001:00001668       ?OnWindowMessage@?$IOleInPlaceObjectWindowlessImpl@VCOPOSPINPad@@@ATL@@UEAAJI_K_JPEA_J@Z 0000000180002668 f i PINPad.obj
 0001:00001730       ?EnumConnectionPoints@?$IConnectionPointContainerImpl@VCOPOSPINPad@@@ATL@@UEAAJPEAPEAUIEnumConnectionPoints@@@Z 0000000180002730 f i PINPad.obj
 0001:0000197c       ?FindConnectionPoint@?$IConnectionPointContainerImpl@VCOPOSPINPad@@@ATL@@UEAAJAEBU_GUID@@PEAPEAUIConnectionPoint@@@Z 000000018000297c f i PINPad.obj
 0001:00001a4c       ?IsDirty@?$IPersistStorageImpl@VCOPOSPINPad@@@ATL@@UEAAJXZ 0000000180002a4c f i PINPad.obj
 0001:00001a8c       ?InitNew@?$IPersistStorageImpl@VCOPOSPINPad@@@ATL@@UEAAJPEAUIStorage@@@Z 0000000180002a8c f i PINPad.obj
 0001:00001acc       ?Load@?$IPersistStorageImpl@VCOPOSPINPad@@@ATL@@UEAAJPEAUIStorage@@@Z 0000000180002acc f i PINPad.obj
 0001:00001b6c       ?Save@?$IPersistStorageImpl@VCOPOSPINPad@@@ATL@@UEAAJPEAUIStorage@@H@Z 0000000180002b6c f i PINPad.obj
 0001:00001c1c       ?GetPages@?$ISpecifyPropertyPagesImpl@VCOPOSPINPad@@@ATL@@UEAAJPEAUtagCAUUID@@@Z 0000000180002c1c f i PINPad.obj
 0001:00001c28       ?QuickActivate@?$IQuickActivateImpl@VCOPOSPINPad@@@ATL@@UEAAJPEAUtagQACONTAINER@@PEAUtagQACONTROL@@@Z 0000000180002c28 f i PINPad.obj
 0001:00001c44       ?SetContentExtent@?$IQuickActivateImpl@VCOPOSPINPad@@@ATL@@UEAAJPEAUtagSIZE@@@Z 0000000180002c44 f i PINPad.obj
 0001:00001c78       ?GetContentExtent@?$IQuickActivateImpl@VCOPOSPINPad@@@ATL@@UEAAJPEAUtagSIZE@@@Z 0000000180002c78 f i PINPad.obj
 0001:00001cb0       ?GetData@?$IDataObjectImpl@VCOPOSPINPad@@@ATL@@UEAAJPEAUtagFORMATETC@@PEAUtagSTGMEDIUM@@@Z 0000000180002cb0 f i PINPad.obj
 0001:00001ccc       ?DAdvise@?$IDataObjectImpl@VCOPOSPINPad@@@ATL@@UEAAJPEAUtagFORMATETC@@KPEAUIAdviseSink@@PEAK@Z 0000000180002ccc f i PINPad.obj
 0001:00001d54       ?DUnadvise@?$IDataObjectImpl@VCOPOSPINPad@@@ATL@@UEAAJK@Z 0000000180002d54 f i PINPad.obj
 0001:00001d80       ?EnumDAdvise@?$IDataObjectImpl@VCOPOSPINPad@@@ATL@@UEAAJPEAPEAUIEnumSTATDATA@@@Z 0000000180002d80 f i PINPad.obj
 0001:00001dbc       ?GetClassInfoW@?$IProvideClassInfo2Impl@$1?CLSID_OPOSPINPad@@3U_GUID@@B$1?DIID__IOPOSPINPadEvents@@3U2@B$1?LIBID_OposPINPad_CCO@@3U2@B$00$0A@VCComTypeInfoHolder@ATL@@@ATL@@UEAAJPEAPEAUITypeInfo@@@Z 0000000180002dbc f i PINPad.obj
 0001:00001e14       ?GetGUID@?$IProvideClassInfo2Impl@$1?CLSID_OPOSPINPad@@3U_GUID@@B$1?DIID__IOPOSPINPadEvents@@3U2@B$1?LIBID_OposPINPad_CCO@@3U2@B$00$0A@VCComTypeInfoHolder@ATL@@@ATL@@UEAAJKPEAU_GUID@@@Z 0000000180002e14 f i PINPad.obj
 0001:00001e48       ?AddRef@CRegObject@ATL@@UEAAKXZ 0000000180002e48 f i PINPad.obj
 0001:00001e48       ?FAccessAllowed@?$IObjectSafetyImpl@VCOPOSPINPad@@$02@ATL@@MEAAHXZ 0000000180002e48 f i PINPad.obj
 0001:00001e48       _get_startup_argv_mode     0000000180002e48 f i LIBCMT:argv_mode.obj
 0001:00001e50       ?GetInterfaceSafetyOptions@?$IObjectSafetyImpl@VCOPOSPINPad@@$02@ATL@@UEAAJAEBU_GUID@@PEAK1@Z 0000000180002e50 f i PINPad.obj
 0001:00001ee4       ?SetInterfaceSafetyOptions@?$IObjectSafetyImpl@VCOPOSPINPad@@$02@ATL@@UEAAJAEBU_GUID@@KK@Z 0000000180002ee4 f i PINPad.obj
 0001:00001f88       ?_LocCPQueryInterface@?$IConnectionPointImpl@VCOPOSPINPad@@$1?IID_IPropertyNotifySink@@3U_GUID@@BVCComDynamicUnkArray@ATL@@@ATL@@UEAAJAEBU_GUID@@PEAPEAX@Z 0000000180002f88 f i PINPad.obj
 0001:00001f88       ?_LocCPQueryInterface@?$IConnectionPointImpl@VCOPOSPINPad@@$1?DIID__IOPOSPINPadEvents@@3U_GUID@@BVCComDynamicUnkArray@ATL@@@ATL@@UEAAJAEBU_GUID@@PEAPEAX@Z 0000000180002f88 f i PINPad.obj
 0001:00001ff8       ?GetConnectionInterface@?$IConnectionPointImpl@VCOPOSPINPad@@$1?IID_IPropertyNotifySink@@3U_GUID@@BVCComDynamicUnkArray@ATL@@@ATL@@UEAAJPEAU_GUID@@@Z 0000000180002ff8 f i PINPad.obj
 0001:00002014       ?GetConnectionPointContainer@?$IConnectionPointImpl@VCOPOSPINPad@@$1?IID_IPropertyNotifySink@@3U_GUID@@BVCComDynamicUnkArray@ATL@@@ATL@@UEAAJPEAPEAUIConnectionPointContainer@@@Z 0000000180003014 f i PINPad.obj
 0001:00002034       ?Advise@?$IConnectionPointImpl@VCOPOSPINPad@@$1?DIID__IOPOSPINPadEvents@@3U_GUID@@BVCComDynamicUnkArray@ATL@@@ATL@@UEAAJPEAUIUnknown@@PEAK@Z 0000000180003034 f i PINPad.obj
 0001:00002034       ?Advise@?$IConnectionPointImpl@VCOPOSPINPad@@$1?IID_IPropertyNotifySink@@3U_GUID@@BVCComDynamicUnkArray@ATL@@@ATL@@UEAAJPEAUIUnknown@@PEAK@Z 0000000180003034 f i PINPad.obj
 0001:000020f0       ?Unadvise@?$IConnectionPointImpl@VCOPOSPINPad@@$1?IID_IPropertyNotifySink@@3U_GUID@@BVCComDynamicUnkArray@ATL@@@ATL@@UEAAJK@Z 00000001800030f0 f i PINPad.obj
 0001:000020f0       ?Unadvise@?$IConnectionPointImpl@VCOPOSPINPad@@$1?DIID__IOPOSPINPadEvents@@3U_GUID@@BVCComDynamicUnkArray@ATL@@@ATL@@UEAAJK@Z 00000001800030f0 f i PINPad.obj
 0001:00002158       ?EnumConnections@?$IConnectionPointImpl@VCOPOSPINPad@@$1?DIID__IOPOSPINPadEvents@@3U_GUID@@BVCComDynamicUnkArray@ATL@@@ATL@@UEAAJPEAPEAUIEnumConnections@@@Z 0000000180003158 f i PINPad.obj
 0001:00002158       ?EnumConnections@?$IConnectionPointImpl@VCOPOSPINPad@@$1?IID_IPropertyNotifySink@@3U_GUID@@BVCComDynamicUnkArray@ATL@@@ATL@@UEAAJPEAPEAUIEnumConnections@@@Z 0000000180003158 f i PINPad.obj
 0001:00002304       ?GetConnectionInterface@?$IConnectionPointImpl@VCOPOSPINPad@@$1?DIID__IOPOSPINPadEvents@@3U_GUID@@BVCComDynamicUnkArray@ATL@@@ATL@@UEAAJPEAU_GUID@@@Z 0000000180003304 f i PINPad.obj
 0001:00002320       ?GetConnectionPointContainer@?$IConnectionPointImpl@VCOPOSPINPad@@$1?DIID__IOPOSPINPadEvents@@3U_GUID@@BVCComDynamicUnkArray@ATL@@@ATL@@UEAAJPEAPEAUIConnectionPointContainer@@@Z 0000000180003320 f i PINPad.obj
 0001:00002340       ?UpdateRegistry@COPOSPINPad@@SAJH@Z 0000000180003340 f i PINPad.obj
 0001:00002358       ?ProcessWindowMessage@COPOSPINPad@@UEAAHPEAUHWND__@@I_K_JAEA_JK@Z 0000000180003358 f i PINPad.obj
 0001:000023e0       ?SOData@COPOSPINPad@@MEAAJJ@Z 00000001800033e0 f i PINPad.obj
 0001:00002430       ?SODirectIO@COPOSPINPad@@MEAAJJPEAJPEAPEA_W@Z 0000000180003430 f i PINPad.obj
 0001:000024a8       ?SOError@COPOSPINPad@@MEAAJJJJPEAJ@Z 00000001800034a8 f i PINPad.obj
 0001:00002530       ?SOStatusUpdate@COPOSPINPad@@MEAAJJ@Z 0000000180003530 f i PINPad.obj
 0001:00002580       ?Lock@CAtlModule@ATL@@UEAAJXZ 0000000180003580 f i PINPad.obj
 0001:00002590       ?Unlock@CAtlModule@ATL@@UEAAJXZ 0000000180003590 f i PINPad.obj
 0001:0000259c       ?GetLockCount@CAtlModule@ATL@@UEAAJXZ 000000018000359c f i PINPad.obj
 0001:000025a0       ?GetGITPtr@CAtlModule@ATL@@UEAAJPEAPEAUIGlobalInterfaceTable@@@Z 00000001800035a0 f i PINPad.obj
 0001:00002610       ?AddCommonRGSReplacements@?$CAtlModuleT@VCComModule@ATL@@@ATL@@UEAAJPEAUIRegistrarBase@@@Z 0000000180003610 f i PINPad.obj
 0001:00002628       ?UpdateRegistryFromResourceD@CComModule@ATL@@UEAAJPEB_WHPEAU_ATL_REGMAP_ENTRY@2@@Z 0000000180003628 f i PINPad.obj
 0001:00002628       ?UpdateRegistryFromResourceD@CComModule@ATL@@UEAAJIHPEAU_ATL_REGMAP_ENTRY@2@@Z 0000000180003628 f i PINPad.obj
 0001:00002630       ?UpdateRegistryFromResource@CComModule@ATL@@UEAAJPEB_WHPEAU_ATL_REGMAP_ENTRY@2@@Z 0000000180003630 f i PINPad.obj
 0001:00002638       ?UpdateRegistryFromResource@CComModule@ATL@@UEAAJIHPEAU_ATL_REGMAP_ENTRY@2@@Z 0000000180003638 f i PINPad.obj
 0001:00002640       ?CreateInstance@?$CComCreator@V?$CComObjectCached@VCComClassFactory@ATL@@@ATL@@@ATL@@SAJPEAXAEBU_GUID@@PEAPEAX@Z 0000000180003640 f i PINPad.obj
 0001:00002764       ?CreateInstance@?$CComCreator2@V?$CComCreator@V?$CComObject@VCOPOSPINPad@@@ATL@@@ATL@@V?$CComCreator@V?$CComAggObject@VCOPOSPINPad@@@ATL@@@2@@ATL@@SAJPEAXAEBU_GUID@@PEAPEAX@Z 0000000180003764 f i PINPad.obj
 0001:00002774       ??_ECComModule@ATL@@UEAAPEAXI@Z 0000000180003774 f i PINPad.obj
 0001:00002774       ??_GCComModule@ATL@@UEAAPEAXI@Z 0000000180003774 f i PINPad.obj
 0001:000027b4       ?AddRef@?$CComObjectCached@VCComClassFactory@ATL@@@ATL@@UEAAKXZ 00000001800037b4 f i PINPad.obj
 0001:000027e0       ?Release@?$CComObjectCached@VCComClassFactory@ATL@@@ATL@@UEAAKXZ 00000001800037e0 f i PINPad.obj
 0001:00002820       ?QueryInterface@?$CComObjectCached@VCComClassFactory@ATL@@@ATL@@UEAAJAEBU_GUID@@PEAPEAX@Z 0000000180003820 f i PINPad.obj
 0001:00002834       ??_E?$CComObjectCached@VCComClassFactory@ATL@@@ATL@@UEAAPEAXI@Z 0000000180003834 f i PINPad.obj
 0001:00002834       ??_G?$CComObjectCached@VCComClassFactory@ATL@@@ATL@@UEAAPEAXI@Z 0000000180003834 f i PINPad.obj
 0001:0000288c       ?Next@?$CComEnumImpl@UIEnumConnectionPoints@@$1?_GUID_b196b285_bab4_101a_b69c_00aa00341d07@@3U__s_GUID@@BPEAUIConnectionPoint@@V?$_CopyInterface@UIConnectionPoint@@@ATL@@@ATL@@UEAAJKPEAPEAUIConnectionPoint@@PEAK@Z 000000018000388c f i PINPad.obj
 0001:00002958       ?Skip@?$CComEnumImpl@UIEnumConnectionPoints@@$1?_GUID_b196b285_bab4_101a_b69c_00aa00341d07@@3U__s_GUID@@BPEAUIConnectionPoint@@V?$_CopyInterface@UIConnectionPoint@@@ATL@@@ATL@@UEAAJK@Z 0000000180003958 f i PINPad.obj
 0001:00002984       ?Reset@?$CComEnumImpl@UIEnumConnectionPoints@@$1?_GUID_b196b285_bab4_101a_b69c_00aa00341d07@@3U__s_GUID@@BPEAUIConnectionPoint@@V?$_CopyInterface@UIConnectionPoint@@@ATL@@@ATL@@UEAAJXZ 0000000180003984 f i PINPad.obj
 0001:00002984       ?Reset@?$CComEnumImpl@UIEnumConnections@@$1?_GUID_b196b287_bab4_101a_b69c_00aa00341d07@@3U__s_GUID@@BUtagCONNECTDATA@@V?$_Copy@UtagCONNECTDATA@@@ATL@@@ATL@@UEAAJXZ 0000000180003984 f i PINPad.obj
 0001:00002990       ?Clone@?$CComEnumImpl@UIEnumConnectionPoints@@$1?_GUID_b196b285_bab4_101a_b69c_00aa00341d07@@3U__s_GUID@@BPEAUIConnectionPoint@@V?$_CopyInterface@UIConnectionPoint@@@ATL@@@ATL@@UEAAJPEAPEAUIEnumConnectionPoints@@@Z 0000000180003990 f i PINPad.obj
 0001:00002abc       ?AddRef@?$CComObject@V?$CComEnum@UIEnumConnections@@$1?_GUID_b196b287_bab4_101a_b69c_00aa00341d07@@3U__s_GUID@@BUtagCONNECTDATA@@V?$_Copy@UtagCONNECTDATA@@@ATL@@VCComSingleThreadModel@6@@ATL@@@ATL@@UEAAKXZ 0000000180003abc f i PINPad.obj
 0001:00002abc       ?AddRef@?$CComObject@V?$CComEnum@UIEnumConnectionPoints@@$1?_GUID_b196b285_bab4_101a_b69c_00aa00341d07@@3U__s_GUID@@BPEAUIConnectionPoint@@V?$_CopyInterface@UIConnectionPoint@@@ATL@@VCComSingleThreadModel@6@@ATL@@@ATL@@UEAAKXZ 0000000180003abc f i PINPad.obj
 0001:00002ac8       ?Release@?$CComObject@V?$CComEnum@UIEnumConnectionPoints@@$1?_GUID_b196b285_bab4_101a_b69c_00aa00341d07@@3U__s_GUID@@BPEAUIConnectionPoint@@V?$_CopyInterface@UIConnectionPoint@@@ATL@@VCComSingleThreadModel@6@@ATL@@@ATL@@UEAAKXZ 0000000180003ac8 f i PINPad.obj
 0001:00002ac8       ?Release@?$CComObject@V?$CComEnum@UIEnumConnections@@$1?_GUID_b196b287_bab4_101a_b69c_00aa00341d07@@3U__s_GUID@@BUtagCONNECTDATA@@V?$_Copy@UtagCONNECTDATA@@@ATL@@VCComSingleThreadModel@6@@ATL@@@ATL@@UEAAKXZ 0000000180003ac8 f i PINPad.obj
 0001:00002b1c       ?QueryInterface@?$CComObject@V?$CComEnum@UIEnumConnectionPoints@@$1?_GUID_b196b285_bab4_101a_b69c_00aa00341d07@@3U__s_GUID@@BPEAUIConnectionPoint@@V?$_CopyInterface@UIConnectionPoint@@@ATL@@VCComSingleThreadModel@6@@ATL@@@ATL@@UEAAJAEBU_GUID@@PEAPEAX@Z 0000000180003b1c f i PINPad.obj
 0001:00002b30       ??_E?$CComObject@V?$CComEnum@UIEnumConnectionPoints@@$1?_GUID_b196b285_bab4_101a_b69c_00aa00341d07@@3U__s_GUID@@BPEAUIConnectionPoint@@V?$_CopyInterface@UIConnectionPoint@@@ATL@@VCComSingleThreadModel@6@@ATL@@@ATL@@UEAAPEAXI@Z 0000000180003b30 f i PINPad.obj
 0001:00002b30       ??_G?$CComObject@V?$CComEnum@UIEnumConnectionPoints@@$1?_GUID_b196b285_bab4_101a_b69c_00aa00341d07@@3U__s_GUID@@BPEAUIConnectionPoint@@V?$_CopyInterface@UIConnectionPoint@@@ATL@@VCComSingleThreadModel@6@@ATL@@@ATL@@UEAAPEAXI@Z 0000000180003b30 f i PINPad.obj
 0001:00002b88       ?AddReplacement@CRegObject@ATL@@UEAAJPEB_W0@Z 0000000180003b88 f i PINPad.obj
 0001:00002bb8       ?ClearReplacements@CRegObject@ATL@@UEAAJXZ 0000000180003bb8 f i PINPad.obj
 0001:00002bc4       ??_ECRegObject@ATL@@UEAAPEAXI@Z 0000000180003bc4 f i PINPad.obj
 0001:00002bc4       ??_GCRegObject@ATL@@UEAAPEAXI@Z 0000000180003bc4 f i PINPad.obj
 0001:00002c44       ?AddRef@?$CComAggObject@VCOPOSPINPad@@@ATL@@UEAAKXZ 0000000180003c44 f i PINPad.obj
 0001:00002c50       ?Release@?$CComAggObject@VCOPOSPINPad@@@ATL@@UEAAKXZ 0000000180003c50 f i PINPad.obj
 0001:00002ca4       ?QueryInterface@?$CComAggObject@VCOPOSPINPad@@@ATL@@UEAAJAEBU_GUID@@PEAPEAX@Z 0000000180003ca4 f i PINPad.obj
 0001:00002d04       ?AddRef@?$CComContainedObject@VCOPOSPINPad@@@ATL@@UEAAKXZ 0000000180003d04 f i PINPad.obj
 0001:00002d14       ?Release@?$CComContainedObject@VCOPOSPINPad@@@ATL@@UEAAKXZ 0000000180003d14 f i PINPad.obj
 0001:00002d24       ?QueryInterface@?$CComContainedObject@VCOPOSPINPad@@@ATL@@UEAAJAEBU_GUID@@PEAPEAX@Z 0000000180003d24 f i PINPad.obj
 0001:00002d34       ??_G?$CComAggObject@VCOPOSPINPad@@@ATL@@UEAAPEAXI@Z 0000000180003d34 f i PINPad.obj
 0001:00002d34       ??_E?$CComAggObject@VCOPOSPINPad@@@ATL@@UEAAPEAXI@Z 0000000180003d34 f i PINPad.obj
 0001:00002d8c       ?AddRef@?$CComObject@VCOPOSPINPad@@@ATL@@UEAAKXZ 0000000180003d8c f i PINPad.obj
 0001:00002d9c       ?Release@?$CComObject@VCOPOSPINPad@@@ATL@@UEAAKXZ 0000000180003d9c f i PINPad.obj
 0001:00002df4       ?QueryInterface@?$CComObject@VCOPOSPINPad@@@ATL@@UEAAJAEBU_GUID@@PEAPEAX@Z 0000000180003df4 f i PINPad.obj
 0001:00002e08       ?OnDrawAdvanced@CComControlBase@ATL@@UEAAJAEAUATL_DRAWINFO@@@Z 0000000180003e08 f i PINPad.obj
 0001:00002f94       ?Next@?$CComEnumImpl@UIEnumConnections@@$1?_GUID_b196b287_bab4_101a_b69c_00aa00341d07@@3U__s_GUID@@BUtagCONNECTDATA@@V?$_Copy@UtagCONNECTDATA@@@ATL@@@ATL@@UEAAJKPEAUtagCONNECTDATA@@PEAK@Z 0000000180003f94 f i PINPad.obj
 0001:00003068       ?Skip@?$CComEnumImpl@UIEnumConnections@@$1?_GUID_b196b287_bab4_101a_b69c_00aa00341d07@@3U__s_GUID@@BUtagCONNECTDATA@@V?$_Copy@UtagCONNECTDATA@@@ATL@@@ATL@@UEAAJK@Z 0000000180004068 f i PINPad.obj
 0001:00003094       ?Clone@?$CComEnumImpl@UIEnumConnections@@$1?_GUID_b196b287_bab4_101a_b69c_00aa00341d07@@3U__s_GUID@@BUtagCONNECTDATA@@V?$_Copy@UtagCONNECTDATA@@@ATL@@@ATL@@UEAAJPEAPEAUIEnumConnections@@@Z 0000000180004094 f i PINPad.obj
 0001:000031c0       ?QueryInterface@?$CComObject@V?$CComEnum@UIEnumConnections@@$1?_GUID_b196b287_bab4_101a_b69c_00aa00341d07@@3U__s_GUID@@BUtagCONNECTDATA@@V?$_Copy@UtagCONNECTDATA@@@ATL@@VCComSingleThreadModel@6@@ATL@@@ATL@@UEAAJAEBU_GUID@@PEAPEAX@Z 00000001800041c0 f i PINPad.obj
 0001:000031d4       ??_G?$CComObject@V?$CComEnum@UIEnumConnections@@$1?_GUID_b196b287_bab4_101a_b69c_00aa00341d07@@3U__s_GUID@@BUtagCONNECTDATA@@V?$_Copy@UtagCONNECTDATA@@@ATL@@VCComSingleThreadModel@6@@ATL@@@ATL@@UEAAPEAXI@Z 00000001800041d4 f i PINPad.obj
 0001:000031d4       ??_E?$CComObject@V?$CComEnum@UIEnumConnections@@$1?_GUID_b196b287_bab4_101a_b69c_00aa00341d07@@3U__s_GUID@@BUtagCONNECTDATA@@V?$_Copy@UtagCONNECTDATA@@@ATL@@VCComSingleThreadModel@6@@ATL@@@ATL@@UEAAPEAXI@Z 00000001800041d4 f i PINPad.obj
 0001:0000322c       ??_E?$CComObject@VCOPOSPINPad@@@ATL@@W7EAAPEAXI@Z 000000018000422c f i PINPad.obj
 0001:00003238       ??_E?$CComObject@VCOPOSPINPad@@@ATL@@WHA@EAAPEAXI@Z 0000000180004238 f i PINPad.obj
 0001:00003244       ?QueryInterface@?$CComObject@VCOPOSPINPad@@@ATL@@WLI@EAAJAEBU_GUID@@PEAPEAX@Z 0000000180004244 f i PINPad.obj
 0001:00003250       ?AddRef@?$CComObject@VCOPOSPINPad@@@ATL@@WLI@EAAKXZ 0000000180004250 f i PINPad.obj
 0001:0000325c       ?Release@?$CComObject@VCOPOSPINPad@@@ATL@@WLI@EAAKXZ 000000018000425c f i PINPad.obj
 0001:00003268       ?QueryInterface@?$CComObject@VCOPOSPINPad@@@ATL@@WMA@EAAJAEBU_GUID@@PEAPEAX@Z 0000000180004268 f i PINPad.obj
 0001:00003274       ?AddRef@?$CComObject@VCOPOSPINPad@@@ATL@@WMA@EAAKXZ 0000000180004274 f i PINPad.obj
 0001:00003280       ?Release@?$CComObject@VCOPOSPINPad@@@ATL@@WMA@EAAKXZ 0000000180004280 f i PINPad.obj
 0001:0000328c       ?QueryInterface@?$CComObject@VCOPOSPINPad@@@ATL@@WMI@EAAJAEBU_GUID@@PEAPEAX@Z 000000018000428c f i PINPad.obj
 0001:00003298       ?AddRef@?$CComObject@VCOPOSPINPad@@@ATL@@WMI@EAAKXZ 0000000180004298 f i PINPad.obj
 0001:000032a4       ?Release@?$CComObject@VCOPOSPINPad@@@ATL@@WMI@EAAKXZ 00000001800042a4 f i PINPad.obj
 0001:000032b0       ?QueryInterface@?$CComObject@VCOPOSPINPad@@@ATL@@WNA@EAAJAEBU_GUID@@PEAPEAX@Z 00000001800042b0 f i PINPad.obj
 0001:000032bc       ?AddRef@?$CComObject@VCOPOSPINPad@@@ATL@@WNA@EAAKXZ 00000001800042bc f i PINPad.obj
 0001:000032c8       ?Release@?$CComObject@VCOPOSPINPad@@@ATL@@WNA@EAAKXZ 00000001800042c8 f i PINPad.obj
 0001:000032d4       ?QueryInterface@?$CComObject@VCOPOSPINPad@@@ATL@@WNI@EAAJAEBU_GUID@@PEAPEAX@Z 00000001800042d4 f i PINPad.obj
 0001:000032e0       ?AddRef@?$CComObject@VCOPOSPINPad@@@ATL@@WNI@EAAKXZ 00000001800042e0 f i PINPad.obj
 0001:000032ec       ?Release@?$CComObject@VCOPOSPINPad@@@ATL@@WNI@EAAKXZ 00000001800042ec f i PINPad.obj
 0001:000032f8       ?QueryInterface@?$CComObject@VCOPOSPINPad@@@ATL@@WOA@EAAJAEBU_GUID@@PEAPEAX@Z 00000001800042f8 f i PINPad.obj
 0001:00003304       ?AddRef@?$CComObject@VCOPOSPINPad@@@ATL@@WOA@EAAKXZ 0000000180004304 f i PINPad.obj
 0001:00003310       ?Release@?$CComObject@VCOPOSPINPad@@@ATL@@WOA@EAAKXZ 0000000180004310 f i PINPad.obj
 0001:0000331c       ?QueryInterface@?$CComObject@VCOPOSPINPad@@@ATL@@WOI@EAAJAEBU_GUID@@PEAPEAX@Z 000000018000431c f i PINPad.obj
 0001:00003328       ?AddRef@?$CComObject@VCOPOSPINPad@@@ATL@@WOI@EAAKXZ 0000000180004328 f i PINPad.obj
 0001:00003334       ?Release@?$CComObject@VCOPOSPINPad@@@ATL@@WOI@EAAKXZ 0000000180004334 f i PINPad.obj
 0001:00003340       ?QueryInterface@?$CComObject@VCOPOSPINPad@@@ATL@@WPA@EAAJAEBU_GUID@@PEAPEAX@Z 0000000180004340 f i PINPad.obj
 0001:0000334c       ?AddRef@?$CComObject@VCOPOSPINPad@@@ATL@@WPA@EAAKXZ 000000018000434c f i PINPad.obj
 0001:00003358       ?Release@?$CComObject@VCOPOSPINPad@@@ATL@@WPA@EAAKXZ 0000000180004358 f i PINPad.obj
 0001:00003364       ?QueryInterface@?$CComObject@VCOPOSPINPad@@@ATL@@WPI@EAAJAEBU_GUID@@PEAPEAX@Z 0000000180004364 f i PINPad.obj
 0001:00003370       ?AddRef@?$CComObject@VCOPOSPINPad@@@ATL@@WPI@EAAKXZ 0000000180004370 f i PINPad.obj
 0001:0000337c       ?Release@?$CComObject@VCOPOSPINPad@@@ATL@@WPI@EAAKXZ 000000018000437c f i PINPad.obj
 0001:00003388       ?QueryInterface@?$CComObject@VCOPOSPINPad@@@ATL@@WBAA@EAAJAEBU_GUID@@PEAPEAX@Z 0000000180004388 f i PINPad.obj
 0001:00003394       ?AddRef@?$CComObject@VCOPOSPINPad@@@ATL@@WBAA@EAAKXZ 0000000180004394 f i PINPad.obj
 0001:000033a0       ?Release@?$CComObject@VCOPOSPINPad@@@ATL@@WBAA@EAAKXZ 00000001800043a0 f i PINPad.obj
 0001:000033ac       ?QueryInterface@?$CComObject@VCOPOSPINPad@@@ATL@@WBAI@EAAJAEBU_GUID@@PEAPEAX@Z 00000001800043ac f i PINPad.obj
 0001:000033b8       ?AddRef@?$CComObject@VCOPOSPINPad@@@ATL@@WBAI@EAAKXZ 00000001800043b8 f i PINPad.obj
 0001:000033c4       ?Release@?$CComObject@VCOPOSPINPad@@@ATL@@WBAI@EAAKXZ 00000001800043c4 f i PINPad.obj
 0001:000033d0       ?QueryInterface@?$CComObject@VCOPOSPINPad@@@ATL@@WBBA@EAAJAEBU_GUID@@PEAPEAX@Z 00000001800043d0 f i PINPad.obj
 0001:000033dc       ?AddRef@?$CComObject@VCOPOSPINPad@@@ATL@@WBBA@EAAKXZ 00000001800043dc f i PINPad.obj
 0001:000033e8       ?Release@?$CComObject@VCOPOSPINPad@@@ATL@@WBBA@EAAKXZ 00000001800043e8 f i PINPad.obj
 0001:000033f4       ?QueryInterface@?$CComObject@VCOPOSPINPad@@@ATL@@WBBI@EAAJAEBU_GUID@@PEAPEAX@Z 00000001800043f4 f i PINPad.obj
 0001:00003400       ?AddRef@?$CComObject@VCOPOSPINPad@@@ATL@@WBBI@EAAKXZ 0000000180004400 f i PINPad.obj
 0001:0000340c       ?Release@?$CComObject@VCOPOSPINPad@@@ATL@@WBBI@EAAKXZ 000000018000440c f i PINPad.obj
 0001:00003418       ?AddRef@?$CComObject@VCOPOSPINPad@@@ATL@@WBCI@EAAKXZ 0000000180004418 f i PINPad.obj
 0001:00003424       ?Release@?$CComObject@VCOPOSPINPad@@@ATL@@WBCI@EAAKXZ 0000000180004424 f i PINPad.obj
 0001:00003430       ?AddRef@?$CComObject@VCOPOSPINPad@@@ATL@@WBEA@EAAKXZ 0000000180004430 f i PINPad.obj
 0001:0000343c       ?Release@?$CComObject@VCOPOSPINPad@@@ATL@@WBEA@EAAKXZ 000000018000443c f i PINPad.obj
 0001:00003448       ??_E?$CComContainedObject@VCOPOSPINPad@@@ATL@@W7EAAPEAXI@Z 0000000180004448 f i PINPad.obj
 0001:00003454       ??_E?$CComContainedObject@VCOPOSPINPad@@@ATL@@WHA@EAAPEAXI@Z 0000000180004454 f i PINPad.obj
 0001:00003460       ?QueryInterface@?$CComContainedObject@VCOPOSPINPad@@@ATL@@WLI@EAAJAEBU_GUID@@PEAPEAX@Z 0000000180004460 f i PINPad.obj
 0001:0000346c       ?AddRef@?$CComContainedObject@VCOPOSPINPad@@@ATL@@WLI@EAAKXZ 000000018000446c f i PINPad.obj
 0001:00003478       ?Release@?$CComContainedObject@VCOPOSPINPad@@@ATL@@WLI@EAAKXZ 0000000180004478 f i PINPad.obj
 0001:00003484       ?QueryInterface@?$CComContainedObject@VCOPOSPINPad@@@ATL@@WMA@EAAJAEBU_GUID@@PEAPEAX@Z 0000000180004484 f i PINPad.obj
 0001:00003490       ?AddRef@?$CComContainedObject@VCOPOSPINPad@@@ATL@@WMA@EAAKXZ 0000000180004490 f i PINPad.obj
 0001:0000349c       ?Release@?$CComContainedObject@VCOPOSPINPad@@@ATL@@WMA@EAAKXZ 000000018000449c f i PINPad.obj
 0001:000034a8       ?QueryInterface@?$CComContainedObject@VCOPOSPINPad@@@ATL@@WMI@EAAJAEBU_GUID@@PEAPEAX@Z 00000001800044a8 f i PINPad.obj
 0001:000034b4       ?AddRef@?$CComContainedObject@VCOPOSPINPad@@@ATL@@WMI@EAAKXZ 00000001800044b4 f i PINPad.obj
 0001:000034c0       ?Release@?$CComContainedObject@VCOPOSPINPad@@@ATL@@WMI@EAAKXZ 00000001800044c0 f i PINPad.obj
 0001:000034cc       ?QueryInterface@?$CComContainedObject@VCOPOSPINPad@@@ATL@@WNA@EAAJAEBU_GUID@@PEAPEAX@Z 00000001800044cc f i PINPad.obj
 0001:000034d8       ?AddRef@?$CComContainedObject@VCOPOSPINPad@@@ATL@@WNA@EAAKXZ 00000001800044d8 f i PINPad.obj
 0001:000034e4       ?Release@?$CComContainedObject@VCOPOSPINPad@@@ATL@@WNA@EAAKXZ 00000001800044e4 f i PINPad.obj
 0001:000034f0       ?QueryInterface@?$CComContainedObject@VCOPOSPINPad@@@ATL@@WNI@EAAJAEBU_GUID@@PEAPEAX@Z 00000001800044f0 f i PINPad.obj
 0001:000034fc       ?AddRef@?$CComContainedObject@VCOPOSPINPad@@@ATL@@WNI@EAAKXZ 00000001800044fc f i PINPad.obj
 0001:00003508       ?Release@?$CComContainedObject@VCOPOSPINPad@@@ATL@@WNI@EAAKXZ 0000000180004508 f i PINPad.obj
 0001:00003514       ?QueryInterface@?$CComContainedObject@VCOPOSPINPad@@@ATL@@WOA@EAAJAEBU_GUID@@PEAPEAX@Z 0000000180004514 f i PINPad.obj
 0001:00003520       ?AddRef@?$CComContainedObject@VCOPOSPINPad@@@ATL@@WOA@EAAKXZ 0000000180004520 f i PINPad.obj
 0001:0000352c       ?Release@?$CComContainedObject@VCOPOSPINPad@@@ATL@@WOA@EAAKXZ 000000018000452c f i PINPad.obj
 0001:00003538       ?QueryInterface@?$CComContainedObject@VCOPOSPINPad@@@ATL@@WOI@EAAJAEBU_GUID@@PEAPEAX@Z 0000000180004538 f i PINPad.obj
 0001:00003544       ?AddRef@?$CComContainedObject@VCOPOSPINPad@@@ATL@@WOI@EAAKXZ 0000000180004544 f i PINPad.obj
 0001:00003550       ?Release@?$CComContainedObject@VCOPOSPINPad@@@ATL@@WOI@EAAKXZ 0000000180004550 f i PINPad.obj
 0001:0000355c       ?QueryInterface@?$CComContainedObject@VCOPOSPINPad@@@ATL@@WPA@EAAJAEBU_GUID@@PEAPEAX@Z 000000018000455c f i PINPad.obj
 0001:00003568       ?AddRef@?$CComContainedObject@VCOPOSPINPad@@@ATL@@WPA@EAAKXZ 0000000180004568 f i PINPad.obj
 0001:00003574       ?Release@?$CComContainedObject@VCOPOSPINPad@@@ATL@@WPA@EAAKXZ 0000000180004574 f i PINPad.obj
 0001:00003580       ?QueryInterface@?$CComContainedObject@VCOPOSPINPad@@@ATL@@WPI@EAAJAEBU_GUID@@PEAPEAX@Z 0000000180004580 f i PINPad.obj
 0001:0000358c       ?AddRef@?$CComContainedObject@VCOPOSPINPad@@@ATL@@WPI@EAAKXZ 000000018000458c f i PINPad.obj
 0001:00003598       ?Release@?$CComContainedObject@VCOPOSPINPad@@@ATL@@WPI@EAAKXZ 0000000180004598 f i PINPad.obj
 0001:000035a4       ?QueryInterface@?$CComContainedObject@VCOPOSPINPad@@@ATL@@WBAA@EAAJAEBU_GUID@@PEAPEAX@Z 00000001800045a4 f i PINPad.obj
 0001:000035b0       ?AddRef@?$CComContainedObject@VCOPOSPINPad@@@ATL@@WBAA@EAAKXZ 00000001800045b0 f i PINPad.obj
 0001:000035bc       ?Release@?$CComContainedObject@VCOPOSPINPad@@@ATL@@WBAA@EAAKXZ 00000001800045bc f i PINPad.obj
 0001:000035c8       ?QueryInterface@?$CComContainedObject@VCOPOSPINPad@@@ATL@@WBAI@EAAJAEBU_GUID@@PEAPEAX@Z 00000001800045c8 f i PINPad.obj
 0001:000035d4       ?AddRef@?$CComContainedObject@VCOPOSPINPad@@@ATL@@WBAI@EAAKXZ 00000001800045d4 f i PINPad.obj
 0001:000035e0       ?Release@?$CComContainedObject@VCOPOSPINPad@@@ATL@@WBAI@EAAKXZ 00000001800045e0 f i PINPad.obj
 0001:000035ec       ?QueryInterface@?$CComContainedObject@VCOPOSPINPad@@@ATL@@WBBA@EAAJAEBU_GUID@@PEAPEAX@Z 00000001800045ec f i PINPad.obj
 0001:000035f8       ?AddRef@?$CComContainedObject@VCOPOSPINPad@@@ATL@@WBBA@EAAKXZ 00000001800045f8 f i PINPad.obj
 0001:00003604       ?Release@?$CComContainedObject@VCOPOSPINPad@@@ATL@@WBBA@EAAKXZ 0000000180004604 f i PINPad.obj
 0001:00003610       ?QueryInterface@?$CComContainedObject@VCOPOSPINPad@@@ATL@@WBBI@EAAJAEBU_GUID@@PEAPEAX@Z 0000000180004610 f i PINPad.obj
 0001:0000361c       ?AddRef@?$CComContainedObject@VCOPOSPINPad@@@ATL@@WBBI@EAAKXZ 000000018000461c f i PINPad.obj
 0001:00003628       ?Release@?$CComContainedObject@VCOPOSPINPad@@@ATL@@WBBI@EAAKXZ 0000000180004628 f i PINPad.obj
 0001:00003634       ?AddRef@?$CComContainedObject@VCOPOSPINPad@@@ATL@@WBCI@EAAKXZ 0000000180004634 f i PINPad.obj
 0001:00003640       ?Release@?$CComContainedObject@VCOPOSPINPad@@@ATL@@WBCI@EAAKXZ 0000000180004640 f i PINPad.obj
 0001:0000364c       ?AddRef@?$CComContainedObject@VCOPOSPINPad@@@ATL@@WBEA@EAAKXZ 000000018000464c f i PINPad.obj
 0001:00003658       ?Release@?$CComContainedObject@VCOPOSPINPad@@@ATL@@WBEA@EAAKXZ 0000000180004658 f i PINPad.obj
 0001:00003664       ?CreateInstance@CComClassFactory@ATL@@UEAAJPEAUIUnknown@@AEBU_GUID@@PEAPEAX@Z 0000000180004664 f i PINPad.obj
 0001:000036c4       ?LockServer@CComClassFactory@ATL@@UEAAJH@Z 00000001800046c4 f i PINPad.obj
 0001:000036e8       ??_GCComClassFactory@ATL@@UEAAPEAXI@Z 00000001800046e8 f i PINPad.obj
 0001:000036e8       ??_ECComClassFactory@ATL@@UEAAPEAXI@Z 00000001800046e8 f i PINPad.obj
 0001:00003738       ??$AtlModuleRegisterWndClassInfoT@VAtlModuleRegisterWndClassInfoParamW@ATL@@@ATL@@YAGPEAU_ATL_BASE_MODULE70@0@PEAU_ATL_WIN_MODULE70@0@PEAU_ATL_WNDCLASSINFOW@0@PEAP6A_JPEAUHWND__@@I_K_J@ZVAtlModuleRegisterWndClassInfoParamW@0@@Z 0000000180004738 f i PINPad.obj
 0001:00003938       ??0?$CComContainedObject@VCOPOSPINPad@@@ATL@@QEAA@PEAX@Z 0000000180004938 f i PINPad.obj
 0001:00003a54       ??0?$CComObject@VCOPOSPINPad@@@ATL@@QEAA@PEAX@Z 0000000180004a54 f i PINPad.obj
 0001:00003b6c       ??0CAtlModule@ATL@@QEAA@XZ 0000000180004b6c f i PINPad.obj
 0001:00003be0       ??1?$CComEnumImpl@UIEnumConnectionPoints@@$1?_GUID_b196b285_bab4_101a_b69c_00aa00341d07@@3U__s_GUID@@BPEAUIConnectionPoint@@V?$_CopyInterface@UIConnectionPoint@@@ATL@@@ATL@@UEAA@XZ 0000000180004be0 f i PINPad.obj
 0001:00003c3c       ??1?$CComEnumImpl@UIEnumConnections@@$1?_GUID_b196b287_bab4_101a_b69c_00aa00341d07@@3U__s_GUID@@BUtagCONNECTDATA@@V?$_Copy@UtagCONNECTDATA@@@ATL@@@ATL@@UEAA@XZ 0000000180004c3c f i PINPad.obj
 0001:00003c98       ??1?$CComObject@VCOPOSPINPad@@@ATL@@UEAA@XZ 0000000180004c98 f i PINPad.obj
 0001:00003db8       ??_E?$CComContainedObject@VCOPOSPINPad@@@ATL@@UEAAPEAXI@Z 0000000180004db8 f i PINPad.obj
 0001:00003db8       ??_G?$CComContainedObject@VCOPOSPINPad@@@ATL@@UEAAPEAXI@Z 0000000180004db8 f i PINPad.obj
 0001:00003dec       ??_G?$CComObject@VCOPOSPINPad@@@ATL@@UEAAPEAXI@Z 0000000180004dec f i PINPad.obj
 0001:00003dec       ??_E?$CComObject@VCOPOSPINPad@@@ATL@@UEAAPEAXI@Z 0000000180004dec f i PINPad.obj
 0001:00003e20       ?Add@?$CSimpleArray@GV?$CSimpleArrayEqualHelper@G@ATL@@@ATL@@QEAAHAEBG@Z 0000000180004e20 f i PINPad.obj
 0001:00003ed4       ?Add@?$CSimpleMap@PEA_WPEA_WVCExpansionVectorEqualHelper@ATL@@@ATL@@QEAAHAEBQEA_W0@Z 0000000180004ed4 f i PINPad.obj
 0001:00003f74       ?Add@CComDynamicUnkArray@ATL@@QEAAKPEAUIUnknown@@@Z 0000000180004f74 f i PINPad.obj
 0001:00004060       ?Add@CExpansionVector@ATL@@QEAAHPEB_W0@Z 0000000180005060 f i PINPad.obj
 0001:00004194       ?AddTermFunc@CAtlModule@ATL@@QEAAJP6AX_K@Z0@Z 0000000180005194 f i PINPad.obj
 0001:00004230       ?AddValue@CRegParser@ATL@@IEAAJAEAVCRegKey@2@PEB_WPEA_W@Z 0000000180005230 f i PINPad.obj
 0001:00004678       ?AllocateHeap@?$CTempBuffer@_W$0EAA@VCCRTAllocator@ATL@@@ATL@@AEAAX_K@Z 0000000180005678 f i PINPad.obj
 0001:00004678       ?AllocateHeap@?$CTempBuffer@_W$0BAA@VCCRTAllocator@ATL@@@ATL@@AEAAX_K@Z 0000000180005678 f i PINPad.obj
 0001:00004678       ?AllocateHeap@?$CTempBuffer@E$0BAA@VCCRTAllocator@ATL@@@ATL@@AEAAX_K@Z 0000000180005678 f i PINPad.obj
 0001:000046a4       ?Append@CParseBuffer@CRegParser@ATL@@QEAAHPEB_WH@Z 00000001800056a4 f i PINPad.obj
 0001:000047ec       ?AtlComModuleGetClassObject@ATL@@YAJPEAU_ATL_COM_MODULE70@1@AEBU_GUID@@1PEAPEAX@Z 00000001800057ec f i PINPad.obj
 0001:0000492c       ?AtlComModuleRegisterServer@ATL@@YAJPEAU_ATL_COM_MODULE70@1@HPEBU_GUID@@@Z 000000018000592c f i PINPad.obj
 0001:000049ec       ?AtlComModuleUnregisterServer@ATL@@YAJPEAU_ATL_COM_MODULE70@1@HPEBU_GUID@@@Z 00000001800059ec f i PINPad.obj
 0001:00004aa8       ?AtlHiMetricToPixel@ATL@@YAXPEBUtagSIZE@@PEAU2@@Z 0000000180005aa8 f i PINPad.obj
 0001:00004b58       ?AtlHresultFromLastError@ATL@@YAJXZ 0000000180005b58 f i PINPad.obj
 0001:00004b78       ?AtlHresultFromWin32@ATL@@YAJK@Z 0000000180005b78 f i PINPad.obj
 0001:00004b88       ?AtlInternalOleLoadFromStream@ATL@@YAJPEAUIStream@@AEBU_GUID@@PEAPEAXTClassesAllowedInStream@1@K@Z 0000000180005b88 f i PINPad.obj
 0001:00004ccc       ?AtlInternalQueryInterface@ATL@@YAJPEAXPEBU_ATL_INTMAP_ENTRY@1@AEBU_GUID@@PEAPEAX@Z 0000000180005ccc f i PINPad.obj
 0001:00004dd4       ?AtlLoadTypeLib@ATL@@YAJPEAUHINSTANCE__@@PEB_WPEAPEA_WPEAPEAUITypeLib@@@Z 0000000180005dd4 f i PINPad.obj
 0001:00005030       ?AtlRegisterClassCategoriesHelper@ATL@@YAJAEBU_GUID@@PEBU_ATL_CATMAP_ENTRY@1@H@Z 0000000180006030 f i PINPad.obj
 0001:000054b4       ?AtlRegisterTypeLib@ATL@@YAJPEAUHINSTANCE__@@PEB_W@Z 00000001800064b4 f i PINPad.obj
 0001:000056b0       ?AtlThrowImpl@ATL@@YAXJ@Z  00000001800066b0 f i PINPad.obj
 0001:000056d4       ?AtlUnRegisterTypeLib@ATL@@YAJPEAUHINSTANCE__@@PEB_W@Z 00000001800066d4 f i PINPad.obj
 0001:0000579c       ?AtlWinModuleExtractCreateWndData@ATL@@YAPEAXPEAU_ATL_WIN_MODULE70@1@@Z 000000018000679c f i PINPad.obj
 0001:00005828       ?Cleanup@CComTypeInfoHolder@ATL@@SAX_K@Z 0000000180006828 f i PINPad.obj
 0001:00005868       ?ClearReplacements@CExpansionVector@ATL@@QEAAJXZ 0000000180006868 f i PINPad.obj
 0001:00005904       ?CreateInstance@?$CComCreator@V?$CComAggObject@VCOPOSPINPad@@@ATL@@@ATL@@SAJPEAXAEBU_GUID@@PEAPEAX@Z 0000000180006904 f i PINPad.obj
 0001:000059e8       ?CreateInstance@?$CComCreator@V?$CComObject@VCOPOSPINPad@@@ATL@@@ATL@@SAJPEAXAEBU_GUID@@PEAPEAX@Z 00000001800069e8 f i PINPad.obj
 0001:00005a9c       ?CreateInstance@?$CComObject@V?$CComEnum@UIEnumConnectionPoints@@$1?_GUID_b196b285_bab4_101a_b69c_00aa00341d07@@3U__s_GUID@@BPEAUIConnectionPoint@@V?$_CopyInterface@UIConnectionPoint@@@ATL@@VCComSingleThreadModel@6@@ATL@@@ATL@@SAJPEAPEAV12@@Z 0000000180006a9c f i PINPad.obj
 0001:00005b2c       ?CreateInstance@?$CComObject@V?$CComEnum@UIEnumConnections@@$1?_GUID_b196b287_bab4_101a_b69c_00aa00341d07@@3U__s_GUID@@BUtagCONNECTDATA@@V?$_Copy@UtagCONNECTDATA@@@ATL@@VCComSingleThreadModel@6@@ATL@@@ATL@@SAJPEAPEAV12@@Z 0000000180006b2c f i PINPad.obj
 0001:00005bbc       ?DefaultReflectionHandler@?$CWindowImplRoot@VCWindow@ATL@@@ATL@@SAHPEAUHWND__@@I_K_JAEA_J@Z 0000000180006bbc f i PINPad.obj
 0001:00005c20       ?DeleteSubKey@CRegKey@ATL@@QEAAJPEB_W@Z 0000000180006c20 f i PINPad.obj
 0001:00005cb8       ?DoEvent@COPOSPINPad@@IEAAXI_K_J@Z 0000000180006cb8 f i PINPad.obj
 0001:00005d6c       ?DoVerbPrimary@?$IOleObjectImpl@VCOPOSPINPad@@@ATL@@QEAAJPEBUtagRECT@@PEAUHWND__@@@Z 0000000180006d6c f i PINPad.obj
 0001:00005e98       ?DoVerbProperties@CComControlBase@ATL@@QEAAJPEBUtagRECT@@PEAUHWND__@@@Z 0000000180006e98 f i PINPad.obj
 0001:000060c0       ?FireTheEvent@?$CProxy_IOPOSEvents@VCOPOSPINPad@@@@IEAAXPEAVOposVariant@@IAEAJPEB_WJ@Z 00000001800070c0 f i PINPad.obj
 0001:000061ac       ?FireViewChange@CComControlBase@ATL@@QEAAJXZ 00000001800071ac f i PINPad.obj
 0001:00006210       ?Fire_DataEvent@?$CProxy_IOPOSEvents@VCOPOSPINPad@@@@QEAAXJ@Z 0000000180007210 f i PINPad.obj
 0001:000062fc       ?Fire_DirectIOEvent@?$CProxy_IOPOSEvents@VCOPOSPINPad@@@@QEAAXJPEAJPEAPEA_W@Z 00000001800072fc f i PINPad.obj
 0001:0000645c       ?Fire_ErrorEvent@?$CProxy_IOPOSEvents@VCOPOSPINPad@@@@QEAAXJJJPEAJ@Z 000000018000745c f i PINPad.obj
 0001:000065d0       ?Fire_StatusUpdateEvent@?$CProxy_IOPOSEvents@VCOPOSPINPad@@@@QEAAXJ@Z 00000001800075d0 f i PINPad.obj
 0001:000066bc       ?FreeHeap@?$CTempBuffer@_W$0EAA@VCCRTAllocator@ATL@@@ATL@@AEAAXXZ 00000001800076bc f i PINPad.obj
 0001:000066bc       ?FreeHeap@?$CTempBuffer@_W$0BAA@VCCRTAllocator@ATL@@@ATL@@AEAAXXZ 00000001800076bc f i PINPad.obj
 0001:000066bc       ?FreeHeap@?$CTempBuffer@E$0BAA@VCCRTAllocator@ATL@@@ATL@@AEAAXXZ 00000001800076bc f i PINPad.obj
 0001:000066c4       ?GetAmbientLocaleID@CComControlBase@ATL@@QEAAJAEAK@Z 00000001800076c4 f i PINPad.obj
 0001:00006784       ?GetAmbientUserMode@CComControlBase@ATL@@QEAAJAEAH@Z 0000000180007784 f i PINPad.obj
 0001:00006854       ?GetClassObject@CComModule@ATL@@QEAAJAEBU_GUID@@0PEAPEAX@Z 0000000180007854 f i PINPad.obj
 0001:00006948       ?GetConnMap@COPOSPINPad@@SAPEBU_ATL_CONNMAP_ENTRY@ATL@@PEAH@Z 0000000180007948 f i PINPad.obj
 0001:000069d0       ?GetIDsOfNames@CComTypeInfoHolder@ATL@@QEAAJAEBU_GUID@@PEAPEA_WIKPEAJ@Z 00000001800079d0 f i PINPad.obj
 0001:00006b48       ?GetPagesHelper@?$ISpecifyPropertyPagesImpl@VCOPOSPINPad@@@ATL@@IEAAJPEAUtagCAUUID@@PEBUATL_PROPMAP_ENTRY@2@@Z 0000000180007b48 f i PINPad.obj
 0001:00006ce8       ?GetSizeMax@CComVariant@ATL@@QEBAJPEAT_ULARGE_INTEGER@@@Z 0000000180007ce8 f i PINPad.obj
 0001:00006f18       ?GetTI@CComTypeInfoHolder@ATL@@QEAAJK@Z 0000000180007f18 f i PINPad.obj
 0001:00007200       ?GetZoomInfo@CComControlBase@ATL@@QEAAXAEAUATL_DRAWINFO@@@Z 0000000180008200 f i PINPad.obj
 0001:000072a4       ?HKeyFromString@CRegParser@ATL@@KAPEAUHKEY__@@PEA_W@Z 00000001800082a4 f i PINPad.obj
 0001:00007308       ?IDataObject_GetData@CComControlBase@ATL@@QEAAJPEAUtagFORMATETC@@PEAUtagSTGMEDIUM@@@Z 0000000180008308 f i PINPad.obj
 0001:000074fc       ?IOleInPlaceObject_InPlaceDeactivate@CComControlBase@ATL@@QEAAJXZ 00000001800084fc f i PINPad.obj
 0001:0000759c       ?IOleInPlaceObject_SetObjectRects@CComControlBase@ATL@@QEAAJPEBUtagRECT@@0@Z 000000018000859c f i PINPad.obj
 0001:0000768c       ?IOleInPlaceObject_UIDeactivate@CComControlBase@ATL@@QEAAJXZ 000000018000868c f i PINPad.obj
 0001:00007798       ?IOleObject_Close@CComControlBase@ATL@@QEAAJK@Z 0000000180008798 f i PINPad.obj
 0001:000078b0       ?IOleObject_SetClientSite@CComControlBase@ATL@@QEAAJPEAUIOleClientSite@@@Z 00000001800088b0 f i PINPad.obj
 0001:00007928       ?IOleObject_SetExtent@CComControlBase@ATL@@QEAAJKPEAUtagSIZE@@@Z 0000000180008928 f i PINPad.obj
 0001:000079c0       ?IPSI_GetIPersistStreamInit@?$IPersistStorageImpl@VCOPOSPINPad@@@ATL@@AEAAPEAUIPersistStreamInit@@XZ 00000001800089c0 f i PINPad.obj
 0001:00007aa8       ?IPersistStreamInit_Load@?$IPersistStreamInitImpl@VCOPOSPINPad@@@ATL@@QEAAJPEAUIStream@@PEBUATL_PROPMAP_ENTRY@2@@Z 0000000180008aa8 f i PINPad.obj
 0001:00007dd4       ?IPersistStreamInit_Save@?$IPersistStreamInitImpl@VCOPOSPINPad@@@ATL@@QEAAJPEAUIStream@@HPEBUATL_PROPMAP_ENTRY@2@@Z 0000000180008dd4 f i PINPad.obj
 0001:00008074       ?IQuickActivate_QuickActivate@CComControlBase@ATL@@QEAAJPEAUtagQACONTAINER@@PEAUtagQACONTROL@@@Z 0000000180009074 f i PINPad.obj
 0001:00008338       ?IViewObject_Draw@CComControlBase@ATL@@QEAAJKJPEAXPEAUtagDVTARGETDEVICE@@PEAUHDC__@@2PEBU_RECTL@@3@Z 0000000180009338 f i PINPad.obj
 0001:0000844c       ?InPlaceActivate@CComControlBase@ATL@@QEAAJJPEBUtagRECT@@@Z 000000018000944c f i PINPad.obj
 0001:00008780       ?Init@?$CComEnumImpl@UIEnumConnectionPoints@@$1?_GUID_b196b285_bab4_101a_b69c_00aa00341d07@@3U__s_GUID@@BPEAUIConnectionPoint@@V?$_CopyInterface@UIConnectionPoint@@@ATL@@@ATL@@QEAAJPEAPEAUIConnectionPoint@@0PEAUIUnknown@@W4CComEnumFlags@2@@Z 0000000180009780 f i PINPad.obj
 0001:000088a0       ?Init@?$CComEnumImpl@UIEnumConnections@@$1?_GUID_b196b287_bab4_101a_b69c_00aa00341d07@@3U__s_GUID@@BUtagCONNECTDATA@@V?$_Copy@UtagCONNECTDATA@@@ATL@@@ATL@@QEAAJPEAUtagCONNECTDATA@@0PEAUIUnknown@@W4CComEnumFlags@2@@Z 00000001800098a0 f i PINPad.obj
 0001:000089c4       ?IsEqualObject@?$CComPtrBase@UIOleClientSite@@@ATL@@QEAA_NPEAUIUnknown@@@Z 00000001800099c4 f i PINPad.obj
 0001:00008a50       ?LoadNameCache@CComTypeInfoHolder@ATL@@QEAAJPEAUITypeInfo@@@Z 0000000180009a50 f i PINPad.obj
 0001:00008bd0       ?Lookup@?$CSimpleMap@PEA_WPEA_WVCExpansionVectorEqualHelper@ATL@@@ATL@@QEBAPEA_WAEBQEA_W@Z 0000000180009bd0 f i PINPad.obj
 0001:00008c58       ?NextToken@CRegParser@ATL@@IEAAJPEA_W@Z 0000000180009c58 f i PINPad.obj
 0001:00008e10       ?OnKillFocus@CComControlBase@ATL@@QEAA_JI_K_JAEAH@Z 0000000180009e10 f i PINPad.obj
 0001:00008eac       ?OnMouseActivate@CComControlBase@ATL@@QEAA_JI_K_JAEAH@Z 0000000180009eac f i PINPad.obj
 0001:00008f4c       ?OnPaint@CComControlBase@ATL@@QEAA_JI_K_JAEAH@Z 0000000180009f4c f i PINPad.obj
 0001:00009038       ?OnSetFocus@CComControlBase@ATL@@QEAA_JI_K_JAEAH@Z 000000018000a038 f i PINPad.obj
 0001:00009134       ?PreProcessBuffer@CRegParser@ATL@@QEAAJPEA_WPEAPEA_W@Z 000000018000a134 f i PINPad.obj
 0001:000094c0       ?ProcessWindowMessage@?$CComControl@VCOPOSPINPad@@V?$CWindowImpl@VCOPOSPINPad@@VCWindow@ATL@@V?$CWinTraits@$0FGAAAAAA@$0A@@3@@ATL@@@ATL@@UEAAHPEAUHWND__@@I_K_JAEA_JK@Z 000000018000a4c0 f i PINPad.obj
 0001:000095a4       ?ReadFromStream@CComBSTR@ATL@@QEAAJPEAUIStream@@@Z 000000018000a5a4 f i PINPad.obj
 0001:000096f4       ?ReadFromStream@CComVariant@ATL@@QEAAJPEAUIStream@@GTClassesAllowedInStream@2@K@Z 000000018000a6f4 f i PINPad.obj
 0001:00009918       ?RecurseDeleteKey@CRegKey@ATL@@QEAAJPEB_W@Z 000000018000a918 f i PINPad.obj
 0001:00009a70       ?RegCreateKeyExW@CAtlTransactionManager@ATL@@QEAAJPEAUHKEY__@@PEB_WKPEA_WKKQEAU_SECURITY_ATTRIBUTES@@PEAPEAU3@PEAK@Z 000000018000aa70 f i PINPad.obj
 0001:00009ba4       ?RegDeleteKeyW@CAtlTransactionManager@ATL@@QEAAJPEAUHKEY__@@PEB_W@Z 000000018000aba4 f i PINPad.obj
 0001:00009c30       ?RegOpenKeyExW@CAtlTransactionManager@ATL@@QEAAJPEAUHKEY__@@PEB_WKKPEAPEAU3@@Z 000000018000ac30 f i PINPad.obj
 0001:00009ce8       ?RegisterBuffer@CRegParser@ATL@@QEAAJPEA_WH@Z 000000018000ace8 f i PINPad.obj
 0001:00009e50       ?RegisterFromResource@CRegObject@ATL@@IEAAJPEB_W00H@Z 000000018000ae50 f i PINPad.obj
 0001:0000a00c       ?RegisterServer@CComModule@ATL@@QEAAJHPEBU_GUID@@@Z 000000018000b00c f i PINPad.obj
 0001:0000a0cc       ?RegisterSubkeys@CRegParser@ATL@@IEAAJPEA_WPEAUHKEY__@@HH@Z 000000018000b0cc f i PINPad.obj
 0001:0000a938       ?SendOnDataChange@CComControlBase@ATL@@QEAAJK@Z 000000018000b938 f i PINPad.obj
 0001:0000a9a8       ?SetControlFocus@CComControlBase@ATL@@QEAAHH@Z 000000018000b9a8 f i PINPad.obj
 0001:0000aa84       ?SkipAssignment@CRegParser@ATL@@IEAAJPEA_W@Z 000000018000ba84 f i PINPad.obj
 0001:0000ab28       ?Term@CAtlModule@ATL@@QEAAXXZ 000000018000bb28 f i PINPad.obj
 0001:0000aba8       ?Term@CComModule@ATL@@QEAAXXZ 000000018000bba8 f i PINPad.obj
 0001:0000ac24       ?UnregisterServer@CComModule@ATL@@QEAAJHPEBU_GUID@@@Z 000000018000bc24 f i PINPad.obj
 0001:0000acd4       ?UpdateRegistryFromResource@CAtlModule@ATL@@QEAAJIHPEAU_ATL_REGMAP_ENTRY@2@@Z 000000018000bcd4 f i PINPad.obj
 0001:0000afe0       ?UpdateRegistryFromResource@CAtlModule@ATL@@QEAAJPEB_WHPEAU_ATL_REGMAP_ENTRY@2@@Z 000000018000bfe0 f i PINPad.obj
 0001:0000b304       ?VTFromRegType@CRegParser@ATL@@KAHPEB_WAEAG@Z 000000018000c304 f i PINPad.obj
 0001:0000b3a0       ?WindowProc@?$CWindowImplBaseT@VCWindow@ATL@@V?$CWinTraits@$0FGAAAAAA@$0A@@2@@ATL@@SA_JPEAUHWND__@@I_K_J@Z 000000018000c3a0 f i PINPad.obj
 0001:0000b50c       ?WriteToStream@CComVariant@ATL@@QEAAJPEAUIStream@@@Z 000000018000c50c f i PINPad.obj
 0001:0000b788       ?WriteToStream@CComVariant@ATL@@QEAAJPEAUIStream@@G@Z 000000018000c788 f i PINPad.obj
 0001:0000b820       ?_AtlVerifyStackAvailable@_ATL_SAFE_ALLOCA_IMPL@ATL@@YA_N_K@Z 000000018000c820 f i PINPad.obj
 0001:0000b8a4       ?atlCreate@?$CWindowImpl@VCOPOSPINPad@@VCWindow@ATL@@V?$CWinTraits@$0FGAAAAAA@$0A@@3@@ATL@@QEAAPEAUHWND__@@PEAU3@V_U_RECT@2@PEB_WKKV_U_MENUorID@2@PEAX@Z 000000018000c8a4 f i PINPad.obj
 0001:0000b958       ?atlCreate@?$CWindowImplBaseT@VCWindow@ATL@@V?$CWinTraits@$0FGAAAAAA@$0A@@2@@ATL@@QEAAPEAUHWND__@@PEAU3@V_U_RECT@2@PEB_WKKV_U_MENUorID@2@GPEAX@Z 000000018000c958 f i PINPad.obj
 0001:0000bac8       ?ocscpy_s@@YA_NPEA_W_KPEB_W@Z 000000018000cac8 f i PINPad.obj
 0001:0000bb78       DllCanUnloadNow            000000018000cb78 f   PINPad.obj
 0001:0000bb84       DllGetClassObject          000000018000cb84 f   PINPad.obj
 0001:0000bb9c       DllMain                    000000018000cb9c f   PINPad.obj
 0001:0000bc44       DllRegisterServer          000000018000cc44 f   PINPad.obj
 0001:0000bc58       DllUnregisterServer        000000018000cc58 f   PINPad.obj
 0001:0000bc6c       __local_stdio_printf_options 000000018000cc6c f i PINPad.obj
 0001:0000bc74       swprintf_s                 000000018000cc74 f i PINPad.obj
 0001:0000bcc8       ??0COPOSPINPad@@QEAA@XZ    000000018000ccc8 f   PINPadImpl.obj
 0001:0000bd90       ??1?$IConnectionPointImpl@VCOPOSPINPad@@$1?IID_IPropertyNotifySink@@3U_GUID@@BVCComDynamicUnkArray@ATL@@@ATL@@QEAA@XZ 000000018000cd90 f i PINPadImpl.obj
 0001:0000bd90       ??1?$IConnectionPointImpl@VCOPOSPINPad@@$1?DIID__IOPOSPINPadEvents@@3U_GUID@@BVCComDynamicUnkArray@ATL@@@ATL@@QEAA@XZ 000000018000cd90 f i PINPadImpl.obj
 0001:0000bdec       ??1CComControlBase@ATL@@UEAA@XZ 000000018000cdec f i PINPadImpl.obj
 0001:0000be68       ??1COPOSPINPad@@UEAA@XZ    000000018000ce68 f   PINPadImpl.obj
 0001:0000becc       ?BeginEFTTransaction@COPOSPINPad@@UEAAJPEA_WJPEAJ@Z 000000018000cecc f   PINPadImpl.obj
 0001:0000bfa4       ?CheckHealth@COPOSPINPad@@UEAAJJPEAJ@Z 000000018000cfa4 f   PINPadImpl.obj
 0001:0000c020       ?ClaimDevice@COPOSPINPad@@UEAAJJPEAJ@Z 000000018000d020 f   PINPadImpl.obj
 0001:0000c0c0       ?ClearInput@COPOSPINPad@@UEAAJPEAJ@Z 000000018000d0c0 f   PINPadImpl.obj
 0001:0000c0e8       ?ClearInputProperties@COPOSPINPad@@UEAAJPEAJ@Z 000000018000d0e8 f   PINPadImpl.obj
 0001:0000c110       ?Close@COPOSPINPad@@UEAAJPEAJ@Z 000000018000d110 f   PINPadImpl.obj
 0001:0000c1c8       ?CompareFirmwareVersion@COPOSPINPad@@UEAAJPEA_WPEAJ1@Z 000000018000d1c8 f   PINPadImpl.obj
 0001:0000c2a4       ?ComputeMAC@COPOSPINPad@@UEAAJPEA_WPEAPEA_WPEAJ@Z 000000018000d2a4 f   PINPadImpl.obj
 0001:0000c380       ?DirectIO@COPOSPINPad@@UEAAJJPEAJPEAPEA_W0@Z 000000018000d380 f   PINPadImpl.obj
 0001:0000c47c       ?DoInvoke@COPOSPINPad@@IEAAJJPEAVOposVariant@@IHPEAJ_N@Z 000000018000d47c f   PINPadImpl.obj
 0001:0000c5b0       ?EnablePINEntry@COPOSPINPad@@UEAAJPEAJ@Z 000000018000d5b0 f   PINPadImpl.obj
 0001:0000c5d8       ?EndEFTTransaction@COPOSPINPad@@UEAAJJPEAJ@Z 000000018000d5d8 f   PINPadImpl.obj
 0001:0000c654       ?EventInit@COPOSPINPad@@IEAAJXZ 000000018000d654 f i PINPadImpl.obj
 0001:0000c79c       ?EventUninit@COPOSPINPad@@IEAAXXZ 000000018000d79c f i PINPadImpl.obj
 0001:0000c800       ?EventWindowProc@COPOSPINPad@@IEAA_JI_K_J@Z 000000018000d800 f i PINPadImpl.obj
 0001:0000c978       ?FinalConstruct@COPOSPINPad@@QEAAJXZ 000000018000d978 f   PINPadImpl.obj
 0001:0000c9b4       ?FreezeEvents@COPOSPINPad@@MEAAJH@Z 000000018000d9b4 f   PINPadImpl.obj
 0001:0000ca28       ?GetOposProp@COPOSPINPad@@IEAAJJPEAJJ@Z 000000018000da28 f   PINPadImpl.obj
 0001:0000cb44       ?GetOposProp@COPOSPINPad@@IEAAJJPEAPEA_WJ@Z 000000018000db44 f   PINPadImpl.obj
 0001:0000cc70       ?OnDraw@COPOSPINPad@@MEAAJAEAUATL_DRAWINFO@@@Z 000000018000dc70 f   PINPadImpl.obj
 0001:0000cd5c       ?Open@COPOSPINPad@@UEAAJPEA_WPEAJ@Z 000000018000dd5c f   PINPadImpl.obj
 0001:0000d5d8       ?ReleaseDevice@COPOSPINPad@@UEAAJPEAJ@Z 000000018000e5d8 f   PINPadImpl.obj
 0001:0000d644       ?ResetStatistics@COPOSPINPad@@UEAAJPEA_WPEAJ@Z 000000018000e644 f   PINPadImpl.obj
 0001:0000d6cc       ?RetrieveStatistics@COPOSPINPad@@UEAAJPEAPEA_WPEAJ@Z 000000018000e6cc f   PINPadImpl.obj
 0001:0000d754       ?SOProcessID@COPOSPINPad@@UEAAJPEAJ@Z 000000018000e754 f   PINPadImpl.obj
 0001:0000d770       ?SetCOFreezeEvents@COPOSPINPad@@IEAAXF@Z 000000018000e770 f   PINPadImpl.obj
 0001:0000d854       ?SetOposProp@COPOSPINPad@@IEAAJJJJ@Z 000000018000e854 f   PINPadImpl.obj
 0001:0000d9b4       ?SetOposProp@COPOSPINPad@@IEAAJJPEA_WJ@Z 000000018000e9b4 f   PINPadImpl.obj
 0001:0000db0c       ?UpdateFirmware@COPOSPINPad@@UEAAJPEA_WPEAJ@Z 000000018000eb0c f   PINPadImpl.obj
 0001:0000db94       ?UpdateKey@COPOSPINPad@@UEAAJJPEA_WPEAJ@Z 000000018000eb94 f   PINPadImpl.obj
 0001:0000dc6c       ?UpdateStatistics@COPOSPINPad@@UEAAJPEA_WPEAJ@Z 000000018000ec6c f   PINPadImpl.obj
 0001:0000dcf4       ?VerifyMAC@COPOSPINPad@@UEAAJPEA_WPEAJ@Z 000000018000ecf4 f   PINPadImpl.obj
 0001:0000dd7c       ?get_AccountNumber@COPOSPINPad@@UEAAJPEAPEA_W@Z 000000018000ed7c f   PINPadImpl.obj
 0001:0000dd90       ?get_AdditionalSecurityInformation@COPOSPINPad@@UEAAJPEAPEA_W@Z 000000018000ed90 f   PINPadImpl.obj
 0001:0000dda4       ?get_Amount@COPOSPINPad@@UEAAJPEATtagCY@@@Z 000000018000eda4 f   PINPadImpl.obj
 0001:0000de74       ?get_AvailableLanguagesList@COPOSPINPad@@UEAAJPEAPEA_W@Z 000000018000ee74 f   PINPadImpl.obj
 0001:0000de88       ?get_AvailablePromptsList@COPOSPINPad@@UEAAJPEAPEA_W@Z 000000018000ee88 f   PINPadImpl.obj
 0001:0000de9c       ?get_BinaryConversion@COPOSPINPad@@UEAAJPEAJ@Z 000000018000ee9c f   PINPadImpl.obj
 0001:0000deb0       ?get_CapCompareFirmwareVersion@COPOSPINPad@@UEAAJPEAF@Z 000000018000eeb0 f   PINPadImpl.obj
 0001:0000dee4       ?get_CapDisplay@COPOSPINPad@@UEAAJPEAJ@Z 000000018000eee4 f   PINPadImpl.obj
 0001:0000def8       ?get_CapKeyboard@COPOSPINPad@@UEAAJPEAF@Z 000000018000eef8 f   PINPadImpl.obj
 0001:0000df2c       ?get_CapLanguage@COPOSPINPad@@UEAAJPEAJ@Z 000000018000ef2c f   PINPadImpl.obj
 0001:0000df40       ?get_CapMACCalculation@COPOSPINPad@@UEAAJPEAF@Z 000000018000ef40 f   PINPadImpl.obj
 0001:0000df74       ?get_CapPowerReporting@COPOSPINPad@@UEAAJPEAJ@Z 000000018000ef74 f   PINPadImpl.obj
 0001:0000df88       ?get_CapStatisticsReporting@COPOSPINPad@@UEAAJPEAF@Z 000000018000ef88 f   PINPadImpl.obj
 0001:0000dfbc       ?get_CapTone@COPOSPINPad@@UEAAJPEAF@Z 000000018000efbc f   PINPadImpl.obj
 0001:0000dff0       ?get_CapUpdateFirmware@COPOSPINPad@@UEAAJPEAF@Z 000000018000eff0 f   PINPadImpl.obj
 0001:0000e024       ?get_CapUpdateStatistics@COPOSPINPad@@UEAAJPEAF@Z 000000018000f024 f   PINPadImpl.obj
 0001:0000e058       ?get_CheckHealthText@COPOSPINPad@@UEAAJPEAPEA_W@Z 000000018000f058 f   PINPadImpl.obj
 0001:0000e06c       ?get_Claimed@COPOSPINPad@@UEAAJPEAF@Z 000000018000f06c f   PINPadImpl.obj
 0001:0000e0a0       ?get_ControlObjectDescription@COPOSPINPad@@UEAAJPEAPEA_W@Z 000000018000f0a0 f   PINPadImpl.obj
 0001:0000e104       ?get_ControlObjectVersion@COPOSPINPad@@UEAAJPEAJ@Z 000000018000f104 f   PINPadImpl.obj
 0001:0000e110       ?get_DataCount@COPOSPINPad@@UEAAJPEAJ@Z 000000018000f110 f   PINPadImpl.obj
 0001:0000e124       ?get_DataEventEnabled@COPOSPINPad@@UEAAJPEAF@Z 000000018000f124 f   PINPadImpl.obj
 0001:0000e158       ?get_DeviceDescription@COPOSPINPad@@UEAAJPEAPEA_W@Z 000000018000f158 f   PINPadImpl.obj
 0001:0000e16c       ?get_DeviceEnabled@COPOSPINPad@@UEAAJPEAF@Z 000000018000f16c f   PINPadImpl.obj
 0001:0000e19c       ?get_DeviceName@COPOSPINPad@@UEAAJPEAPEA_W@Z 000000018000f19c f   PINPadImpl.obj
 0001:0000e1b0       ?get_EncryptedPIN@COPOSPINPad@@UEAAJPEAPEA_W@Z 000000018000f1b0 f   PINPadImpl.obj
 0001:0000e1c4       ?get_FreezeEvents@COPOSPINPad@@UEAAJPEAF@Z 000000018000f1c4 f   PINPadImpl.obj
 0001:0000e1f4       ?get_MaximumPINLength@COPOSPINPad@@UEAAJPEAJ@Z 000000018000f1f4 f   PINPadImpl.obj
 0001:0000e208       ?get_MerchantID@COPOSPINPad@@UEAAJPEAPEA_W@Z 000000018000f208 f   PINPadImpl.obj
 0001:0000e21c       ?get_MinimumPINLength@COPOSPINPad@@UEAAJPEAJ@Z 000000018000f21c f   PINPadImpl.obj
 0001:0000e230       ?get_OpenResult@COPOSPINPad@@UEAAJPEAJ@Z 000000018000f230 f   PINPadImpl.obj
 0001:0000e23c       ?get_PINEntryEnabled@COPOSPINPad@@UEAAJPEAF@Z 000000018000f23c f   PINPadImpl.obj
 0001:0000e270       ?get_PowerNotify@COPOSPINPad@@UEAAJPEAJ@Z 000000018000f270 f   PINPadImpl.obj
 0001:0000e284       ?get_PowerState@COPOSPINPad@@UEAAJPEAJ@Z 000000018000f284 f   PINPadImpl.obj
 0001:0000e298       ?get_Prompt@COPOSPINPad@@UEAAJPEAJ@Z 000000018000f298 f   PINPadImpl.obj
 0001:0000e2ac       ?get_PromptLanguage@COPOSPINPad@@UEAAJPEAJ@Z 000000018000f2ac f   PINPadImpl.obj
 0001:0000e2c0       ?get_ResultCode@COPOSPINPad@@UEAAJPEAJ@Z 000000018000f2c0 f   PINPadImpl.obj
 0001:0000e2fc       ?get_ResultCodeExtended@COPOSPINPad@@UEAAJPEAJ@Z 000000018000f2fc f   PINPadImpl.obj
 0001:0000e310       ?get_ServiceObjectDescription@COPOSPINPad@@UEAAJPEAPEA_W@Z 000000018000f310 f   PINPadImpl.obj
 0001:0000e324       ?get_ServiceObjectVersion@COPOSPINPad@@UEAAJPEAJ@Z 000000018000f324 f   PINPadImpl.obj
 0001:0000e338       ?get_State@COPOSPINPad@@UEAAJPEAJ@Z 000000018000f338 f   PINPadImpl.obj
 0001:0000e364       ?get_TerminalID@COPOSPINPad@@UEAAJPEAPEA_W@Z 000000018000f364 f   PINPadImpl.obj
 0001:0000e378       ?get_Track1Data@COPOSPINPad@@UEAAJPEAPEA_W@Z 000000018000f378 f   PINPadImpl.obj
 0001:0000e38c       ?get_Track2Data@COPOSPINPad@@UEAAJPEAPEA_W@Z 000000018000f38c f   PINPadImpl.obj
 0001:0000e3a0       ?get_Track3Data@COPOSPINPad@@UEAAJPEAPEA_W@Z 000000018000f3a0 f   PINPadImpl.obj
 0001:0000e3b4       ?get_Track4Data@COPOSPINPad@@UEAAJPEAPEA_W@Z 000000018000f3b4 f   PINPadImpl.obj
 0001:0000e3c8       ?get_TransactionType@COPOSPINPad@@UEAAJPEAJ@Z 000000018000f3c8 f   PINPadImpl.obj
 0001:0000e3dc       ?put_AccountNumber@COPOSPINPad@@UEAAJPEA_W@Z 000000018000f3dc f   PINPadImpl.obj
 0001:0000e3f0       ?put_Amount@COPOSPINPad@@UEAAJTtagCY@@@Z 000000018000f3f0 f   PINPadImpl.obj
 0001:0000e4dc       ?put_BinaryConversion@COPOSPINPad@@UEAAJJ@Z 000000018000f4dc f   PINPadImpl.obj
 0001:0000e4f0       ?put_DataEventEnabled@COPOSPINPad@@UEAAJF@Z 000000018000f4f0 f   PINPadImpl.obj
 0001:0000e508       ?put_DeviceEnabled@COPOSPINPad@@UEAAJF@Z 000000018000f508 f   PINPadImpl.obj
 0001:0000e520       ?put_FreezeEvents@COPOSPINPad@@UEAAJF@Z 000000018000f520 f   PINPadImpl.obj
 0001:0000e570       ?put_MaximumPINLength@COPOSPINPad@@UEAAJJ@Z 000000018000f570 f   PINPadImpl.obj
 0001:0000e584       ?put_MerchantID@COPOSPINPad@@UEAAJPEA_W@Z 000000018000f584 f   PINPadImpl.obj
 0001:0000e598       ?put_MinimumPINLength@COPOSPINPad@@UEAAJJ@Z 000000018000f598 f   PINPadImpl.obj
 0001:0000e5ac       ?put_PowerNotify@COPOSPINPad@@UEAAJJ@Z 000000018000f5ac f   PINPadImpl.obj
 0001:0000e5c0       ?put_Prompt@COPOSPINPad@@UEAAJJ@Z 000000018000f5c0 f   PINPadImpl.obj
 0001:0000e5d4       ?put_PromptLanguage@COPOSPINPad@@UEAAJJ@Z 000000018000f5d4 f   PINPadImpl.obj
 0001:0000e5e8       ?put_TerminalID@COPOSPINPad@@UEAAJPEA_W@Z 000000018000f5e8 f   PINPadImpl.obj
 0001:0000e5fc       ?put_Track1Data@COPOSPINPad@@UEAAJPEA_W@Z 000000018000f5fc f   PINPadImpl.obj
 0001:0000e610       ?put_Track2Data@COPOSPINPad@@UEAAJPEA_W@Z 000000018000f610 f   PINPadImpl.obj
 0001:0000e624       ?put_Track3Data@COPOSPINPad@@UEAAJPEA_W@Z 000000018000f624 f   PINPadImpl.obj
 0001:0000e638       ?put_Track4Data@COPOSPINPad@@UEAAJPEA_W@Z 000000018000f638 f   PINPadImpl.obj
 0001:0000e64c       ?put_TransactionType@COPOSPINPad@@UEAAJJ@Z 000000018000f64c f   PINPadImpl.obj
 0001:0000e660       ?s_EventWindowProc@COPOSPINPad@@KA_JPEAUHWND__@@I_K_J@Z 000000018000f660 f i PINPadImpl.obj
 0001:0000e6dc       ??_U@YAPEAX_K@Z            000000018000f6dc f   LIBCMT:new_array.obj
 0001:0000e6e4       ??_V@YAXPEAX@Z             000000018000f6e4 f   LIBCMT:delete_array.obj
 0001:0000e6e4       ??3@YAXPEAX_K@Z            000000018000f6e4 f   LIBCMT:delete_scalar_size.obj
 0001:0000e6ec       ??_V@YAXPEAX_K@Z           000000018000f6ec f   LIBCMT:delete_array_size.obj
 0001:0000e6f4       __scrt_acquire_startup_lock 000000018000f6f4 f   LIBCMT:utility.obj
 0001:0000e730       __scrt_dllmain_after_initialize_c 000000018000f730 f   LIBCMT:utility.obj
 0001:0000e764       __scrt_dllmain_before_initialize_c 000000018000f764 f   LIBCMT:utility.obj
 0001:0000e77c       __scrt_dllmain_crt_thread_attach 000000018000f77c f   LIBCMT:utility.obj
 0001:0000e7a4       __scrt_dllmain_crt_thread_detach 000000018000f7a4 f   LIBCMT:utility.obj
 0001:0000e7bc       __scrt_dllmain_exception_filter 000000018000f7bc f   LIBCMT:utility.obj
 0001:0000e81c       __scrt_dllmain_uninitialize_c 000000018000f81c f   LIBCMT:utility.obj
 0001:0000e84c       __scrt_dllmain_uninitialize_critical 000000018000f84c f   LIBCMT:utility.obj
 0001:0000e860       __scrt_initialize_crt      000000018000f860 f   LIBCMT:utility.obj
 0001:0000e8ac       __scrt_initialize_onexit_tables 000000018000f8ac f   LIBCMT:utility.obj
 0001:0000e938       __scrt_is_nonwritable_in_current_image 000000018000f938 f   LIBCMT:utility.obj
 0001:0000e9d0       __scrt_release_startup_lock 000000018000f9d0 f   LIBCMT:utility.obj
 0001:0000e9f4       __scrt_uninitialize_crt    000000018000f9f4 f   LIBCMT:utility.obj
 0001:0000ea20       _onexit                    000000018000fa20 f   LIBCMT:utility.obj
 0001:0000ea5c       atexit                     000000018000fa5c f   LIBCMT:utility.obj
 0001:0000ea74       ??3@YAXPEAX@Z              000000018000fa74 f   LIBCMT:delete_scalar.obj
 0001:0000eb74       _Init_thread_footer        000000018000fb74 f   LIBCMT:thread_safe_statics.obj
 0001:0000ebd4       _Init_thread_header        000000018000fbd4 f   LIBCMT:thread_safe_statics.obj
 0001:0000ec3c       _Init_thread_notify        000000018000fc3c f   LIBCMT:thread_safe_statics.obj
 0001:0000ec80       _Init_thread_wait          000000018000fc80 f   LIBCMT:thread_safe_statics.obj
 0001:0000ece4       __raise_securityfailure    000000018000fce4 f   LIBCMT:gs_report.obj
 0001:0000ed18       __report_gsfailure         000000018000fd18 f   LIBCMT:gs_report.obj
 0001:0000edec       __report_rangecheckfailure 000000018000fdec f   LIBCMT:gs_report.obj
 0001:0000ee00       __report_securityfailure   000000018000fe00 f   LIBCMT:gs_report.obj
 0001:0000ef80       ??2@YAPEAX_KAEBUnothrow_t@std@@@Z 000000018000ff80 f   LIBCMT:new_scalar_nothrow.obj
 0001:0000ef94       ??_U@YAPEAX_KAEBUnothrow_t@std@@@Z 000000018000ff94 f   LIBCMT:new_array_nothrow.obj
 0001:0000ef9c       __GSHandlerCheck           000000018000ff9c f   LIBCMT:gshandler.obj
 0001:0000efbc       __GSHandlerCheckCommon     000000018000ffbc f   LIBCMT:gshandler.obj
 0001:0000f018       __GSHandlerCheck_SEH       0000000180010018 f   LIBCMT:gshandlerseh.obj
 0001:0000f0b0       _alloca_probe              00000001800100b0 f   LIBCMT:chkstk.obj
 0001:0000f0b0       __chkstk                   00000001800100b0 f   LIBCMT:chkstk.obj
 0001:0000f120       __security_check_cookie    0000000180010120 f   LIBCMT:amdsecgs.obj
 0001:0000f464       _DllMainCRTStartup         0000000180010464 f   LIBCMT:dll_dllmain.obj
 0001:0000f4a4       ??2@YAPEAX_K@Z             00000001800104a4 f   LIBCMT:new_scalar.obj
 0001:0000f4e0       __isa_available_init       00000001800104e0 f   LIBCMT:cpu_disp.obj
 0001:0000f684       __scrt_is_ucrt_dll_in_use  0000000180010684 f   LIBCMT:ucrt_detection.obj
 0001:0000f690       __crt_debugger_hook        0000000180010690 f   LIBCMT:utility_desktop.obj
 0001:0000f698       __scrt_fastfail            0000000180010698 f   LIBCMT:utility_desktop.obj
 0001:0000f7e4       __security_init_cookie     00000001800107e4 f   LIBCMT:gs_support.obj
 0001:0000f890       ?__scrt_initialize_type_info@@YAXXZ 0000000180010890 f   LIBCMT:tncleanup.obj
 0001:0000f8a0       ?__scrt_uninitialize_type_info@@YAXXZ 00000001800108a0 f   LIBCMT:tncleanup.obj
 0001:0000f8ac       __local_stdio_scanf_options 00000001800108ac f i LIBCMT:default_local_stdio_options.obj
 0001:0000f8b4       __scrt_initialize_default_local_stdio_options 00000001800108b4 f   LIBCMT:default_local_stdio_options.obj
 0001:0000f8d0       __scrt_get_dyn_tls_init_callback 00000001800108d0 f   LIBCMT:dyn_tls_init.obj
 0001:0000f8d8       _RTC_Initialize            00000001800108d8 f   LIBCMT:initsect.obj
 0001:0000f914       _RTC_Terminate             0000000180010914 f   LIBCMT:initsect.obj
 0001:0000f950       ??0bad_alloc@std@@QEAA@AEBV01@@Z 0000000180010950 f i LIBCMT:throw_bad_alloc.obj
 0001:0000f98c       ??0bad_alloc@std@@QEAA@XZ  000000018001098c f i LIBCMT:throw_bad_alloc.obj
 0001:0000f9ac       ??0bad_array_new_length@std@@QEAA@AEBV01@@Z 00000001800109ac f i LIBCMT:throw_bad_alloc.obj
 0001:0000f9e8       ??0bad_array_new_length@std@@QEAA@XZ 00000001800109e8 f i LIBCMT:throw_bad_alloc.obj
 0001:0000fa08       ??0exception@std@@QEAA@AEBV01@@Z 0000000180010a08 f i LIBCMT:throw_bad_alloc.obj
 0001:0000fa3c       ??1bad_array_new_length@std@@UEAA@XZ 0000000180010a3c f i LIBCMT:throw_bad_alloc.obj
 0001:0000fa3c       ??1bad_alloc@std@@UEAA@XZ  0000000180010a3c f i LIBCMT:throw_bad_alloc.obj
 0001:0000fa3c       ??1bad_exception@std@@UEAA@XZ 0000000180010a3c f i libvcruntime:frame.obj
 0001:0000fa50       ??_Gbad_exception@std@@UEAAPEAXI@Z 0000000180010a50 f i libvcruntime:frame.obj
 0001:0000fa50       ??_Ebad_array_new_length@std@@UEAAPEAXI@Z 0000000180010a50 f i LIBCMT:throw_bad_alloc.obj
 0001:0000fa50       ??_Gexception@std@@UEAAPEAXI@Z 0000000180010a50 f i LIBCMT:throw_bad_alloc.obj
 0001:0000fa50       ??_Gbad_alloc@std@@UEAAPEAXI@Z 0000000180010a50 f i LIBCMT:throw_bad_alloc.obj
 0001:0000fa50       ??_Ebad_alloc@std@@UEAAPEAXI@Z 0000000180010a50 f i LIBCMT:throw_bad_alloc.obj
 0001:0000fa50       ??_Gbad_array_new_length@std@@UEAAPEAXI@Z 0000000180010a50 f i LIBCMT:throw_bad_alloc.obj
 0001:0000fa50       ??_Eexception@std@@UEAAPEAXI@Z 0000000180010a50 f i LIBCMT:throw_bad_alloc.obj
 0001:0000fa50       ??_Ebad_exception@std@@UEAAPEAXI@Z 0000000180010a50 f i libvcruntime:frame.obj
 0001:0000fa94       ?__scrt_throw_std_bad_alloc@@YAXXZ 0000000180010a94 f   LIBCMT:throw_bad_alloc.obj
 0001:0000fab4       ?__scrt_throw_std_bad_array_new_length@@YAXXZ 0000000180010ab4 f   LIBCMT:throw_bad_alloc.obj
 0001:0000fad4       ?what@exception@std@@UEBAPEBDXZ 0000000180010ad4 f i LIBCMT:throw_bad_alloc.obj
 0001:0000faf0       ??_Gtype_info@@UEAAPEAXI@Z 0000000180010af0 f i LIBCMT:std_type_info_static.obj
 0001:0000faf0       ??_Etype_info@@UEAAPEAXI@Z 0000000180010af0 f i LIBCMT:std_type_info_static.obj
 0001:0000fb1c       ??0CAtlBaseModule@ATL@@QEAA@XZ 0000000180010b1c f   atls:atlbase.obj
 0001:0000fbc4       ??1CAtlBaseModule@ATL@@QEAA@XZ 0000000180010bc4 f   atls:atlbase.obj
 0001:0000fcf8       ?__AllocStdCallThunk_cmn@@YAPEAXXZ 0000000180010cf8 f   atls:atlthunk.obj
 0001:0000fe50       AtlThunk_AllocateData      0000000180010e50 f   atls:atlthunk.obj
 0001:0000fecc       AtlThunk_DataToCode        0000000180010ecc f   atls:atlthunk.obj
 0001:0000ff20       AtlThunk_FreeData          0000000180010f20 f   atls:atlthunk.obj
 0001:0000ff80       AtlThunk_InitData          0000000180010f80 f   atls:atlthunk.obj
 0001:00010028       _get_purecall_handler      0000000180011028 f   libvcruntime:purevirt.obj
 0001:00010030       _purecall                  0000000180011030 f   libvcruntime:purevirt.obj
 0001:0001004c       wcsstr                     000000018001104c f   libvcruntime:wcsstr.obj
 0001:00010280       memcmp                     0000000180011280 f   libvcruntime:memcmp.obj
 0001:00010360       memcpy_repmovs             0000000180011360 f   libvcruntime:memcpy.obj
 0001:00010380       memcpy                     0000000180011380 f   libvcruntime:memcpy.obj
 0001:00010380       memmove                    0000000180011380 f   libvcruntime:memcpy.obj
 0001:00010770       memset_repmovs             0000000180011770 f   libvcruntime:memset.obj
 0001:00010790       memset                     0000000180011790 f   libvcruntime:memset.obj
 0001:00010920       __vcrt_initialize          0000000180011920 f   libvcruntime:initialization.obj
 0001:00010948       __vcrt_thread_attach       0000000180011948 f   libvcruntime:initialization.obj
 0001:0001095c       __vcrt_thread_detach       000000018001195c f   libvcruntime:initialization.obj
 0001:00010970       __vcrt_uninitialize        0000000180011970 f   libvcruntime:initialization.obj
 0001:0001098c       __vcrt_uninitialize_critical 000000018001198c f   libvcruntime:initialization.obj
 0001:0001099c       __C_specific_handler       000000018001199c f   libvcruntime:riscchandler.obj
 0001:00010ba8       ??$_CallSETranslator@V__FrameHandler4@@@@YAHPEAUEHExceptionRecord@@PEA_KPEAU_CONTEXT@@PEAU_xDISPATCHER_CONTEXT@@PEAUFuncInfo4@FH4@@K1H@Z 0000000180011ba8 f i libvcruntime:risctrnsctrl.obj
[...]
 0002:0000c7c4       $unwind$_query_new_handler 000000018002f7c4     libucrt:new_handler.obj
 0002:0000c7e4       $unwind$terminate          000000018002f7e4     libucrt:terminate.obj
 0002:0000c804       $unwind$??$parse_integer@KV?$c_string_character_source@_W@__crt_strtox@@@__crt_strtox@@YAKQEAU__crt_locale_pointers@@V?$c_string_character_source@_W@0@H_N@Z 000000018002f804     libucrt:atox.obj
 0002:0000c820       $xdatasym                  000000018002f820     libucrt:strncmp.obj
 0002:0000c824       $unwind$?construct_ptd_array@@YAXQEAU__acrt_ptd@@@Z 000000018002f824     libucrt:per_thread_data.obj
 0002:0000c82c       $unwind$?destroy_ptd_array@@YAXQEAU__acrt_ptd@@@Z 000000018002f82c     libucrt:per_thread_data.obj
 0002:0000c834       $unwind$??$?RV<lambda_0ae27a3a962d80f24befdcbee591983d>@@AEAV<lambda_8d0ee55de4b1038c4002e0adecdf1839>@@V<lambda_dc504788e8f1664fe9b84e20bfb512f2>@@@?$__crt_seh_guarded_call@X@@QEAAX$$QEAV<lambda_0ae27a3a962d80f24befdcbee591983d>@@AEAV<lambda_8d0ee55de4b1038c4002e0adecdf1839>@@$$QEAV<lambda_dc504788e8f1664fe9b84e20bfb512f2>@@@Z 000000018002f834     libucrt:per_thread_data.obj
 0002:0000c858       $unwind$??$?RV<lambda_aa87e3671a710a21b5dc78c0bdf72e11>@@AEAV<lambda_92619d2358a28f41a33ba319515a20b9>@@V<lambda_6992ecaafeb10aed2b74cb1fae11a551>@@@?$__crt_seh_guarded_call@X@@QEAAX$$QEAV<lambda_aa87e3671a710a21b5dc78c0bdf72e11>@@AEAV<lambda_92619d2358a28f41a33ba319515a20b9>@@$$QEAV<lambda_6992ecaafeb10aed2b74cb1fae11a551>@@@Z 000000018002f858     libucrt:per_thread_data.obj
 0002:0000c87c       $unwind$??$?RV<lambda_f2e299630e499de9f9a165e60fcd3db5>@@AEAV<lambda_2ae9d31cdba2644fcbeaf08da7c24588>@@V<lambda_40d01ff24d0e7b3814fdbdcee8eab3c7>@@@?$__crt_seh_guarded_call@X@@QEAAX$$QEAV<lambda_f2e299630e499de9f9a165e60fcd3db5>@@AEAV<lambda_2ae9d31cdba2644fcbeaf08da7c24588>@@$$QEAV<lambda_40d01ff24d0e7b3814fdbdcee8eab3c7>@@@Z 000000018002f87c     libucrt:per_thread_data.obj
 0002:0000c8a0       $unwind$??$?RV<lambda_2d41944a1d46af3157314b8a01080d33>@@AEAV<lambda_8f455de75cd7d7f24b4096f044d8b9e6>@@V<lambda_aa500f224e6afead328df44964fe2772>@@@?$__crt_seh_guarded_call@X@@QEAAX$$QEAV<lambda_2d41944a1d46af3157314b8a01080d33>@@AEAV<lambda_8f455de75cd7d7f24b4096f044d8b9e6>@@$$QEAV<lambda_aa500f224e6afead328df44964fe2772>@@@Z 000000018002f8a0     libucrt:per_thread_data.obj
 0002:0000c8c4       $unwind$__acrt_initialize_winapi_thunks 000000018002f8c4     libucrt:winapi_thunks.obj
 0002:0000c8cc       $unwind$__acrt_fp_format   000000018002f8cc     libucrt:cvt.obj
 0002:0000c8e4       $unwind$?fp_format_e_internal@@YAHQEAD_KH_NIQEAU_strflt@@2QEAU__crt_locale_pointers@@@Z 000000018002f8e4     libucrt:cvt.obj
 0002:0000c8fc       $unwind$?fp_format_a@@YAHQEBNPEAD_KQEAD2H_NIQEAU__crt_locale_pointers@@W4__acrt_rounding_mode@@@Z 000000018002f8fc     libucrt:cvt.obj
 0002:0000c918       $unwind$?fp_format_g@@YAHQEBNQEAD_K12H_NIQEAU__crt_locale_pointers@@@Z 000000018002f918     libucrt:cvt.obj
 0002:0000c92c       $unwind$__acrt_uninitialize_locale 000000018002f92c     libucrt:wsetlocale.obj
 0002:0000c92c       $unwind$__acrt_get_sigabrt_handler 000000018002f92c     libucrt:signal.obj
 0002:0000c934       $unwind$??$?RV<lambda_410d79af7f07d98d83a3f525b3859a53>@@AEAV<lambda_3e16ef9562a7dcce91392c22ab16ea36>@@V<lambda_38119f0e861e05405d8a144b9b982f0a>@@@?$__crt_seh_guarded_call@X@@QEAAX$$QEAV<lambda_410d79af7f07d98d83a3f525b3859a53>@@AEAV<lambda_3e16ef9562a7dcce91392c22ab16ea36>@@$$QEAV<lambda_38119f0e861e05405d8a144b9b982f0a>@@@Z 000000018002f934     libucrt:wsetlocale.obj
 0002:0000c95c       $unwind$__acrt_initialize_lowio 000000018002f95c     libucrt:ioinit.obj
 0002:0000c97c       $unwind$??$common_expand_argv_wildcards@D@@YAHQEAPEADQEAPEAPEAD@Z 000000018002f97c     libucrt:argv_wildcards.obj
 0002:0000c994       $unwind$??$copy_and_add_argument_to_buffer@D@@YAHQEBD0_KAEAV?$argument_list@D@?A0x5f5c8891@@@Z 000000018002f994     libucrt:argv_wildcards.obj
 0002:0000c9b0       $unwind$??$expand_argument_wildcards@D@@YAHQEAD0AEAV?$argument_list@D@?A0x5f5c8891@@@Z 000000018002f9b0     libucrt:argv_wildcards.obj
 0002:0000c9d4       $unwind$__acrt_GetModuleFileNameA 000000018002f9d4     libucrt:getmodulefilenamea.obj
 0002:0000c9f0       $unwind$_setmbcp_nolock    000000018002f9f0     libucrt:mbctype.obj
 0002:0000ca10       $unwind$?update_thread_multibyte_data_internal@@YAPEAU__crt_multibyte_data@@QEAU__acrt_ptd@@QEAPEAU1@@Z 000000018002fa10     libucrt:mbctype.obj
 0002:0000ca38       $unwind$?setmbcp_internal@@YAHH_NQEAU__acrt_ptd@@QEAPEAU__crt_multibyte_data@@@Z 000000018002fa38     libucrt:mbctype.obj
 0002:0000ca48       $unwind$?setSBUpLow@@YAXPEAU__crt_multibyte_data@@@Z 000000018002fa48     libucrt:mbctype.obj
 0002:0000ca64       $unwind$??$?RV<lambda_efdfa57d1f175319df784efa44bb7b81>@@AEAV<lambda_5f0a4c1567f8adc6734073e5d1e1b35c>@@V<lambda_2e8a7d3640ea6ccb4c2413664c2db6fd>@@@?$__crt_seh_guarded_call@X@@QEAAX$$QEAV<lambda_efdfa57d1f175319df784efa44bb7b81>@@AEAV<lambda_5f0a4c1567f8adc6734073e5d1e1b35c>@@$$QEAV<lambda_2e8a7d3640ea6ccb4c2413664c2db6fd>@@@Z 000000018002fa64     libucrt:mbctype.obj
 0002:0000ca88       $unwind$__acrt_WideCharToMultiByte 000000018002fa88     libucrt:widechartomultibyte.obj
 0002:0000ca94       $unwind$raise              000000018002fa94     libucrt:signal.obj
 0002:0000cad0       $unwind$??$?RV<lambda_450d765d439847d4c735a33c368b5fc0>@@AEAV<lambda_44731a7d0e6d81c3e6aa82d741081786>@@V<lambda_601a2a7da3b7a96e9554ac7215c4b07c>@@@?$__crt_seh_guarded_call@P6AXH@Z@@QEAAP6AXH@Z$$QEAV<lambda_450d765d439847d4c735a33c368b5fc0>@@AEAV<lambda_44731a7d0e6d81c3e6aa82d741081786>@@$$QEAV<lambda_601a2a7da3b7a96e9554ac7215c4b07c>@@@Z 000000018002fad0     libucrt:signal.obj
 0002:0000caf4       $unwind$?common_flush_all@@YAH_N@Z 000000018002faf4     libucrt:fflush.obj
 0002:0000cafc       $unwind$??$?RV<lambda_842d9ff0dc9ef11c61343bbaebe7f885>@@AEAV<lambda_c5860995281e5c4ce005b3de8f5874ee>@@V<lambda_d90129c13df834fdcbf8d2b88dafcf2d>@@@?$__crt_seh_guarded_call@X@@QEAAX$$QEAV<lambda_842d9ff0dc9ef11c61343bbaebe7f885>@@AEAV<lambda_c5860995281e5c4ce005b3de8f5874ee>@@$$QEAV<lambda_d90129c13df834fdcbf8d2b88dafcf2d>@@@Z 000000018002fafc     libucrt:fflush.obj
 0002:0000cb20       $unwind$??$?RV<lambda_886d6c58226a84441f68b9f2b8217b83>@@AEAV<lambda_ab61a845afdef5b7c387490eaf3616ee>@@V<lambda_f7f22ab5edc0698d5f6905b0d3f44752>@@@?$__crt_seh_guarded_call@X@@QEAAX$$QEAV<lambda_886d6c58226a84441f68b9f2b8217b83>@@AEAV<lambda_ab61a845afdef5b7c387490eaf3616ee>@@$$QEAV<lambda_f7f22ab5edc0698d5f6905b0d3f44752>@@@Z 000000018002fb20     libucrt:fflush.obj
 0002:0000cb48       $unwind$__acrt_update_thread_locale_data 000000018002fb48     libucrt:locale_refcounting.obj
 0002:0000cb6c       $unwind$?__mbrtowc_utf8@__crt_mbstring@@YA_KPEA_WPEBD_KPEAU_Mbstatet@@@Z 000000018002fb6c     libucrt:mbrtowc.obj
 0002:0000cb74       $unwind$?__mbsrtowcs_utf8@__crt_mbstring@@YA_KPEA_WPEAPEBD_KPEAU_Mbstatet@@@Z 000000018002fb74     libucrt:mbrtowc.obj
 0002:0000cb8c       $unwind$__acrt_fltout      000000018002fb8c     libucrt:cfout.obj
 0002:0000cbac       $unwind$?divide@__crt_strtox@@YA_KAEAUbig_integer@1@AEBU21@@Z 000000018002fbac     libucrt:cfout.obj
 0002:0000cbc4       $chain$0$?divide@__crt_strtox@@YA_KAEAUbig_integer@1@AEBU21@@Z 000000018002fbc4     libucrt:cfout.obj
 0002:0000cbd8       $chain$1$?divide@__crt_strtox@@YA_KAEAUbig_integer@1@AEBU21@@Z 000000018002fbd8     libucrt:cfout.obj
 0002:0000cbe8       $unwind$_fcloseall         000000018002fbe8     libucrt:closeall.obj
 0002:0000cc0c       $unwind$__acrt_locale_free_monetary 000000018002fc0c     libucrt:initmon.obj
 0002:0000cc14       $unwind$__acrt_locale_free_time 000000018002fc14     libucrt:inittime.obj
 0002:0000cc24       $unwind$__acrt_GetStringTypeA 000000018002fc24     libucrt:getstringtypea.obj
 0002:0000cc4c       $unwind$__acrt_lowio_destroy_handle_array 000000018002fc4c     libucrt:osfinfo.obj
 0002:0000cc5c       $unwind$__acrt_lowio_ensure_fh_exists 000000018002fc5c     libucrt:osfinfo.obj
 0002:0000cc88       $unwind$qsort              000000018002fc88     libucrt:qsort.obj
 0002:0000cca0       $chain$4$qsort             000000018002fca0     libucrt:qsort.obj
 0002:0000ccc4       $chain$5$qsort             000000018002fcc4     libucrt:qsort.obj
 0002:0000ccd4       $unwind$strpbrk            000000018002fcd4     libucrt:strpbrk.obj
 0002:0000cce4       $unwind$fallbackMethod     000000018002fce4     libucrt:strpbrk.obj
 0002:0000ccf4       $unwind$__acrt_LCMapStringA 000000018002fcf4     libucrt:lcmapstringa.obj
 0002:0000cd04       $unwind$?__acrt_LCMapStringA_stat@@YAHPEAU__crt_locale_pointers@@PEB_WKPEBDHPEADHHH@Z 000000018002fd04     libucrt:lcmapstringa.obj
 0002:0000cd2c       $unwind$_close             000000018002fd2c     libucrt:close.obj
 0002:0000cd2c       $unwind$_commit            000000018002fd2c     libucrt:commit.obj
 0002:0000cd34       $unwind$??$?RV<lambda_a37b2b86f63e897a80ea819b0eb08c01>@@AEAV<lambda_38ce7e780aa69e748d6df282ebc68efe>@@V<lambda_99fb1378e971ab6e7edea83e3a7a83a2>@@@?$__crt_seh_guarded_call@H@@QEAAH$$QEAV<lambda_a37b2b86f63e897a80ea819b0eb08c01>@@AEAV<lambda_38ce7e780aa69e748d6df282ebc68efe>@@$$QEAV<lambda_99fb1378e971ab6e7edea83e3a7a83a2>@@@Z 000000018002fd34     libucrt:commit.obj
 0002:0000cd58       $unwind$_write             000000018002fd58     libucrt:write.obj
 0002:0000cd88       $unwind$_write_nolock      000000018002fd88     libucrt:write.obj
 0002:0000cda0       $unwind$?write_double_translated_ansi_nolock@@YA?AUwrite_result@?A0x17268360@@HQEBDI@Z 000000018002fda0     libucrt:write.obj
 0002:0000cdc4       $unwind$?write_text_ansi_nolock@@YA?AUwrite_result@?A0x17268360@@HQEBDI@Z 000000018002fdc4     libucrt:write.obj
 0002:0000cdc4       $unwind$?write_text_utf16le_nolock@@YA?AUwrite_result@?A0x17268360@@HQEBDI@Z 000000018002fdc4     libucrt:write.obj
 0002:0000cde4       $unwind$?write_text_utf8_nolock@@YA?AUwrite_result@?A0x17268360@@HQEBDI@Z 000000018002fde4     libucrt:write.obj
 0002:0000ce08       $xdatasym                  000000018002fe08     libucrt:log10.obj
 0002:0000ce14       $unwind$__acrt_fenv_set_control 000000018002fe14     libucrt:_fenvutils.obj
 0002:0000ce24       $unwind$fclose             000000018002fe24     libucrt:fclose.obj
 0002:0000ce48       $unwind$_putwch_nolock     000000018002fe48     libucrt:putwch.obj
 0002:0000ce50       $unwind$common_control87   000000018002fe50     libucrt:ieee.obj
 0002:0000ce7c       $unwind$_call_matherr      000000018002fe7c     libucrt:libm_error.obj
 0002:0000ce84       $unwind$_handle_error      000000018002fe84     libucrt:libm_error.obj
 0002:0000cea4       $unwind$__acrt_initialize_fma3 000000018002fea4     libucrt:fma3_available.obj
 0002:0000ceac       $unwind$_log_special_common 000000018002feac     libucrt:log_special.obj
 0002:0000ceb8       $unwind$??$?RV<lambda_751a882b2c74d4b022dec766aa51a29a>@@AEAV<lambda_628dfdc04ba53c8bfc02c9951375f3f5>@@V<lambda_f6c7be5f7998530c34de24c7437d6b54>@@@?$__crt_seh_guarded_call@H@@QEAAH$$QEAV<lambda_751a882b2c74d4b022dec766aa51a29a>@@AEAV<lambda_628dfdc04ba53c8bfc02c9951375f3f5>@@$$QEAV<lambda_f6c7be5f7998530c34de24c7437d6b54>@@@Z 000000018002feb8     libucrt:close.obj
 0002:0000cee0       $xdatasym                  000000018002fee0     libucrt:fpsr.obj
 0002:0000cee8       $unwind$_raise_exc_ex      000000018002fee8     libucrt:fpexcept.obj
 0002:0000cefc       $unwind$_ctrlfp            000000018002fefc     libucrt:fpctrl.obj
 0002:0000cf24       $unwind$_IsNonwritableInCurrentImage 000000018002ff24     LIBCMT:pesect.obj
 0002:0000d0b0       .edata                     00000001800300b0     OPOSPINPad.exp
 0002:0000d0d8       rgpv                       00000001800300d8     OPOSPINPad.exp
 0002:0000d0e8       rgszName                   00000001800300e8     OPOSPINPad.exp
 0002:0000d0f8       rgwOrd                     00000001800300f8     OPOSPINPad.exp
 0002:0000d100       szName                     0000000180030100     OPOSPINPad.exp
 0002:0000d10f       $N00001                    000000018003010f     OPOSPINPad.exp
 0002:0000d11f       $N00002                    000000018003011f     OPOSPINPad.exp
 0002:0000d131       $N00003                    0000000180030131     OPOSPINPad.exp
 0002:0000d143       $N00004                    0000000180030143     OPOSPINPad.exp
 0002:0000da72       .idata$6                   0000000180030a72     kernel32:KERNEL32.dll
 0002:0000dc8a       .idata$6                   0000000180030c8a     user32:USER32.dll
 0002:0000ddbe       .idata$6                   0000000180030dbe     gdi32:GDI32.dll
 0002:0000de64       .idata$6                   0000000180030e64     advapi32:ADVAPI32.dll
 0002:0000df80       .idata$6                   0000000180030f80     ole32:ole32.dll
 0002:0000df8a       .idata$6                   0000000180030f8a     oleaut32:OLEAUT32.dll
 0003:000001c0       ?ObjectMap@@3PAU_ATL_OBJMAP_ENTRY30@ATL@@A 00000001800321c0     PINPad.obj
 0003:000002c0       ?s_SOMethodNames@@3PAPEADA 00000001800322c0     PINPadImpl.obj
 0003:00000398       ?s_RequiredMethodsPerRelease@@3PAHA 0000000180032398     PINPadImpl.obj
 0003:000003f0       ?__vcrt_flsindex@@3KA      00000001800323f0     libvcruntime:per_thread_data.obj
 0003:00000400       ?errno_no_memory@@3HA      0000000180032400     libucrt:errno.obj
 0003:00000404       ?doserrno_no_memory@@3KA   0000000180032404     libucrt:errno.obj
 0003:00000410       ?__acrt_flsindex@@3KA      0000000180032410     libucrt:per_thread_data.obj
 0003:000008d0       _mbctypes                  00000001800328d0     libucrt:mbctype.obj
 0003:000009e0       _mbcasemaps                00000001800329e0     libucrt:mbctype.obj
 0003:00000ae0       ?__rgctypeflag@@3PADA      0000000180032ae0     libucrt:mbctype.obj
 0003:00000af0       ?__rgcode_page_info@@3PAUcode_page_info@@A 0000000180032af0     libucrt:mbctype.obj
 0003:00000d90       ?dazSupported@?1??common_control87@@9@9 0000000180032d90     libucrt:ieee.obj
 0003:00000da0       ?__dcrt_lowio_console_output_handle@@3PEAXEA 0000000180032da0     libucrt:initcon.obj
 0003:00000db0       ?dazSupported@?1??_ctrlfp@@9@9 0000000180032db0     libucrt:fpctrl.obj
 0003:00001000       ?is_initialized_as_dll@@3_NA 0000000180033000     LIBCMT:utility.obj
 0003:00001001       ?module_local_atexit_table_initialized@@3_NA 0000000180033001     LIBCMT:utility.obj
 0003:00001008       ?module_local_atexit_table@@3U_onexit_table_t@@A 0000000180033008     LIBCMT:utility.obj
 0003:00001020       ?module_local_at_quick_exit_table@@3U_onexit_table_t@@A 0000000180033020     LIBCMT:utility.obj
 0003:00001038       ?g_tss_cv@@3U_RTL_CONDITION_VARIABLE@@A 0000000180033038     LIBCMT:thread_safe_statics.obj
 0003:00001040       ?g_tss_event@@3PEAXEA      0000000180033040     LIBCMT:thread_safe_statics.obj
 0003:00001048       ?g_tss_mutex@@3U_RTL_CRITICAL_SECTION@@A 0000000180033048     LIBCMT:thread_safe_statics.obj
 0003:00001070       ?g_sleep_condition_variable_cs@@3P6AHPEAU_RTL_CONDITION_VARIABLE@@PEAU_RTL_CRITICAL_SECTION@@K@ZEA 0000000180033070     LIBCMT:thread_safe_statics.obj
 0003:00001078       ?g_wake_all_condition_variable@@3P6AXPEAU_RTL_CONDITION_VARIABLE@@@ZEA 0000000180033078     LIBCMT:thread_safe_statics.obj
 0003:00001080       GS_ExceptionRecord         0000000180033080     LIBCMT:gs_report.obj
 0003:00001120       GS_ContextRecord           0000000180033120     LIBCMT:gs_report.obj
 0003:000015f4       ?__proc_attached@@3HA      00000001800335f4     LIBCMT:dll_dllmain.obj
 0003:00001698       ?AllocateData@@3P6APEAUAtlThunkData_t@@XZEA 0000000180033698     atls:atlthunk.obj
 0003:000016a0       ?InitData@@3P6AXPEAUAtlThunkData_t@@PEAX_K@ZEA 00000001800336a0     atls:atlthunk.obj
 0003:000016a8       ?DataToCode@@3P6AP6A_JPEAUHWND__@@I_K_J@ZPEAUAtlThunkData_t@@@ZEA 00000001800336a8     atls:atlthunk.obj
 0003:000016b0       ?FreeData@@3P6AXPEAUAtlThunkData_t@@@ZEA 00000001800336b0     atls:atlthunk.obj
 0003:000016b8       ?Initialized@@3_NA         00000001800336b8     atls:atlthunk.obj
 0003:000016d0       ?__vcrt_startup_thread_ptd@@3U__vcrt_ptd@@A 00000001800336d0     libvcruntime:per_thread_data.obj
 0003:00001750       __vcrt_lock_table          0000000180033750     libvcruntime:locks.obj
 0003:00001778       __vcrt_locks_initialized   0000000180033778     libvcruntime:locks.obj
 0003:000017c0       ?heap@@3V_HeapManager@@A   00000001800337c0     libvcruntime:undname.obj
 0003:000017e8       ?module_handles@@3PAPEAUHINSTANCE__@@A 00000001800337e8     libvcruntime:winapi_downlevel.obj
 0003:00001800       ?function_pointers@@3PAPEAXA 0000000180033800     libvcruntime:winapi_downlevel.obj
 0003:00001828       ?__acrt_invalid_parameter_handler@@3V?$dual_state_global@P6AXPEB_W00I_K@Z@__crt_state_management@@A 0000000180033828     libucrt:invalid_parameter.obj
 0003:00001830       ?c_termination_complete@@3JA 0000000180033830     libucrt:exit.obj
 0003:00001838       ?thread_local_exit_callback_func@@3P6AXPEAXK0@ZEA 0000000180033838     libucrt:exit.obj
 0003:00001850       ?program_name@?1???$common_configure_argv@D@@YAHW4_crt_argv_mode@@@Z@4PADA 0000000180033850     libucrt:argv_parsing.obj
 0003:000019a8       ?__acrt_new_handler@@3V?$dual_state_global@P6AH_K@Z@__crt_state_management@@A 00000001800339a8     libucrt:new_handler.obj
 0003:000019b0       ?module_handles@@3PAPEAUHINSTANCE__@@A 00000001800339b0     libucrt:winapi_thunks.obj
 0003:00001a50       ?encoded_function_pointers@@3PAPEAXA 0000000180033a50     libucrt:winapi_thunks.obj
 0003:00001b60       ?internal_state@?1??_mbtowc_l@@9@4U_Mbstatet@@A 0000000180033b60     libucrt:mbtowc.obj
 0003:00001b78       ?enable_percent_n@@3_KA    0000000180033b78     libucrt:printf_count_output.obj
 0003:00001fb0       ?__acrt_lock_table@@3PAU_RTL_CRITICAL_SECTION@@A 0000000180033fb0     libucrt:locks.obj
 0003:000021e0       ?__acrt_locks_initialized@@3IA 00000001800341e0     libucrt:locks.obj
 0003:00002200       ?fSystemSet@@3HA           0000000180034200     libucrt:mbctype.obj
 0003:00002204       ?initialized@?1??__acrt_initialize_multibyte@@9@4_NA 0000000180034204     libucrt:mbctype.obj
 0003:00002240       ?ctrlc_action@@3V?$dual_state_global@P6AXH@Z@__crt_state_management@@A 0000000180034240     libucrt:signal.obj
 0003:00002248       ?ctrlbreak_action@@3V?$dual_state_global@P6AXH@Z@__crt_state_management@@A 0000000180034248     libucrt:signal.obj
 0003:00002250       ?abort_action@@3V?$dual_state_global@P6AXH@Z@__crt_state_management@@A 0000000180034250     libucrt:signal.obj
 0003:00002258       ?term_action@@3V?$dual_state_global@P6AXH@Z@__crt_state_management@@A 0000000180034258     libucrt:signal.obj
 0003:00002260       ?user_matherr@@3V?$dual_state_global@P6AHPEAU_exception@@@Z@__crt_state_management@@A 0000000180034260     libucrt:matherr.obj
 0003:00002268       ?__acrt_global_new_mode@@3V?$dual_state_global@J@__crt_state_management@@A 0000000180034268     libucrt:new_mode.obj
 0003:00002278       ?internal_pst@?1??__mbrtoc32_utf8@__crt_mbstring@@YA_KPEA_UPEBD_KPEAU_Mbstatet@@@Z@4U3@A 0000000180034278     libucrt:mbrtoc32.obj
 0003:00002280       ?__acrt_app_type@@3W4_crt_app_type@@A 0000000180034280     libucrt:report_runtime_error.obj
 0005:00000000       MoveSmall                  0000000180037000     libvcruntime:memcpy.obj
 0005:00000050       MsetTab                    0000000180037050     libvcruntime:memset.obj
 0006:00000220       $R000000                   0000000180038220     PINPad.res
 0006:00000ba0       $R000980                   0000000180038ba0     PINPad.res
 0006:00000c88       $R000A68                   0000000180038c88     PINPad.res
 0006:00000ef0       $R000CD0                   0000000180038ef0     PINPad.res
 0006:00001438       $R001218                   0000000180039438     PINPad.res
 0006:00004c18       $R0049F8                   000000018003cc18     PINPad.res
 0006:00004c48       $R004A28                   000000018003cc48     PINPad.res
