 OPOSRemoteOrderDisplay

 Timestamp is 5c43ff5f (Sun Jan 20 13:55:59 2019)

 Preferred load address is 0000000180000000

 Start         Length     Name                   Class
 0001:00000000 000000c0H .text$di                CODE
 0001:000000c0 000208b0H .text$mn                CODE
 0001:00020970 00000020H .text$mn$00             CODE
 0001:00020990 00000410H .text$x                 CODE
 0001:00020da0 000000c0H .text$yd                CODE
 0002:00000000 00000620H .idata$5                DATA
 0002:00000620 00000010H .00cfg                  DATA
 0002:00000630 00000008H .CRT$XCA                DATA
 0002:00000638 00000008H .CRT$XCL                DATA
 0002:00000640 00000020H .CRT$XCU                DATA
 0002:00000660 00000008H .CRT$XCZ                DATA
 0002:00000668 00000008H .CRT$XIA                DATA
 0002:00000670 00000020H .CRT$XIC                DATA
 0002:00000690 00000008H .CRT$XIZ                DATA
 0002:00000698 00000008H .CRT$XLA                DATA
 0002:000006a0 00000008H .CRT$XLZ                DATA
 0002:000006a8 00000008H .CRT$XPA                DATA
 0002:000006b0 00000010H .CRT$XPX                DATA
 0002:000006c0 00000008H .CRT$XPXA               DATA
 0002:000006c8 00000008H .CRT$XPZ                DATA
 0002:000006d0 00000008H .CRT$XTA                DATA
 0002:000006d8 00000008H .CRT$XTZ                DATA
 0002:000006e0 00000000H .gfids$x                DATA
 0002:000006e0 00000000H .gfids$y                DATA
 0002:000006e0 0000a4f0H .rdata                  DATA
 0002:0000abd0 00000028H .rdata$T                DATA
 0002:0000abf8 00000274H .rdata$r                DATA
 0002:0000ae6c 00000404H .rdata$zzzdbg           DATA
 0002:0000b270 00000008H .rtc$IAA                DATA
 0002:0000b278 00000008H .rtc$IZZ                DATA
 0002:0000b280 00000008H .rtc$TAA                DATA
 0002:0000b288 00000008H .rtc$TZZ                DATA
 0002:0000b290 00000004H .tls                    DATA
 0002:0000b294 00000004H .tls$                   DATA
 0002:0000b298 00000008H .tls$ZZZ                DATA
 0002:0000b2a0 00001730H .xdata                  DATA
 0002:0000c9d0 00000150H .xdata$x                DATA
 0002:0000cb20 00000008H ATL$__a                 DATA
 0002:0000cb28 00000008H ATL$__z                 DATA
 0002:0000cb30 000000b4H .edata                  DATA
 0002:0000cbe4 00000078H .idata$2                DATA
 0002:0000cc5c 00000014H .idata$3                DATA
 0002:0000cc70 00000620H .idata$4                DATA
 0002:0000d290 00000c3aH .idata$6                DATA
 0003:00000000 00000cf8H .data                   DATA
 0003:00000cf8 000000c8H .data$r                 DATA
 0003:00000dc0 000013d4H .bss                    DATA
 0004:00000000 00001f68H .pdata                  DATA
 0005:00000000 00000220H .rsrc$01                DATA
 0005:00000220 00005630H .rsrc$02                DATA

  Address         Publics by Value              Rva+Base               Lib:Object

 0000:00000000       __guard_fids_count         0000000000000000     <absolute>
 0000:00000000       __guard_longjmp_count      0000000000000000     <absolute>
 0000:00000000       __guard_longjmp_table      0000000000000000     <absolute>
 0000:00000000       __hybrid_code_map          0000000000000000     <absolute>
 0000:00000000       __guard_iat_count          0000000000000000     <absolute>
 0000:00000000       __guard_iat_table          0000000000000000     <absolute>
 0000:00000000       __volatile_metadata        0000000000000000     <absolute>
 0000:00000000       __hybrid_code_map_count    0000000000000000     <absolute>
 0000:00000000       __enclave_config           0000000000000000     <absolute>
 0000:00000000       ___safe_se_handler_count   0000000000000000     <absolute>
 0000:00000000       ___safe_se_handler_table   0000000000000000     <absolute>
 0000:00000000       __guard_fids_table         0000000000000000     <absolute>
 0000:00000000       __hybrid_auxiliary_iat     0000000000000000     <absolute>
 0000:00000000       __dynamic_value_reloc_table 0000000000000000     <absolute>
 0000:00000100       __guard_flags              0000000000000100     <absolute>
 0000:00000000       __ImageBase                0000000180000000     <linker-defined>
 0001:000000c0       ?DupWide@_CW@@AEAAXXZ      00000001800010c0 f   CWString.obj
 0001:000000e8       ?cw_dup@@YAXPEBDAEAHAEAPEA_W1@Z 00000001800010e8 f   CWString.obj
 0001:00000194       ?cw_memcpy@@YAHPEA_WPEBDH@Z 0000000180001194 f   CWString.obj
 0001:000001e0       ?cw_strcpy@@YAHPEA_WPEBD@Z 00000001800011e0 f   CWString.obj
 0001:000001f4       ??0CAtlComModule@ATL@@QEAA@XZ 00000001800011f4 f i OposVariant.obj
 0001:0000027c       ??0CAtlWinModule@ATL@@QEAA@XZ 000000018000127c f i OposVariant.obj
 0001:000002f4       ??0OposDispParms@@QEAA@PEAVOposVariant@@H@Z 00000001800012f4 f   OposVariant.obj
 0001:0000039c       ??1OposDispParms@@QEAA@XZ  000000018000139c f   OposVariant.obj
 0001:000003b4       ??_Estringdispid@CComTypeInfoHolder@ATL@@QEAAPEAXI@Z 00000001800013b4 f i OposVariant.obj
 0001:00000458       ?AtlWinModuleTerm@ATL@@YAJPEAU_ATL_WIN_MODULE70@1@PEAUHINSTANCE__@@@Z 0000000180001458 f i OposVariant.obj
 0001:00000508       ?ChangeBSTR@OposVariant@@QEAAXPEAPEA_WAEAJ@Z 0000000180001508 f   OposVariant.obj
 0001:00000568       ?ChangeLONG@OposVariant@@QEAAXPEAJAEAJ@Z 0000000180001568 f   OposVariant.obj
 0001:000005c4       ?GetLONG@OposVariant@@QEAAJXZ 00000001800015c4 f   OposVariant.obj
 0001:000005e8       ?SetBSTR@OposVariant@@QEAAXPEA_WAEAJ@Z 00000001800015e8 f   OposVariant.obj
 0001:00000628       ?SetBSTR_Copy@OposVariant@@QEAAXPEA_WAEAJ@Z 0000000180001628 f   OposVariant.obj
 0001:00000698       ?SetBSTR_InOutPtr@OposVariant@@QEAA_NPEAPEA_WAEAJ@Z 0000000180001698 f   OposVariant.obj
 0001:000006e8       ?SetDispatch_Ptr@OposVariant@@QEAAXPEAUIDispatch@@AEAJ@Z 00000001800016e8 f   OposVariant.obj
 0001:00000740       ?SetLONG@OposVariant@@QEAAXJ@Z 0000000180001740 f   OposVariant.obj
 0001:00000770       ?SetLONG_Ptr@OposVariant@@QEAAXPEAJAEAJ@Z 0000000180001770 f   OposVariant.obj
 0001:000007bc       ?SetString@OposVariant@@QEAAXPEB_WAEAJ@Z 00000001800017bc f   OposVariant.obj
 0001:00000820       ?SetVARIANT_BOOL@OposVariant@@QEAAXF@Z 0000000180001820 f   OposVariant.obj
 0001:00000858       ?Term@CAtlComModule@ATL@@QEAAXXZ 0000000180001858 f i OposVariant.obj
 0001:000008c8       ?_AtlInitializeCriticalSectionEx@ATL@@YAHPEAU_RTL_CRITICAL_SECTION@@KK@Z 00000001800018c8 f i OposVariant.obj
 0001:000008d0       ?_AtlRaiseException@ATL@@YAXKK@Z 00000001800018d0 f i OposVariant.obj
 0001:000008e0       ?AddRef@?$CComObjectCached@VCComClassFactory@ATL@@@ATL@@UEAAKXZ 00000001800018e0 f i RemoteOrderDisplay.obj
 0001:0000090c       ?Release@?$CComObjectCached@VCComClassFactory@ATL@@@ATL@@UEAAKXZ 000000018000190c f i RemoteOrderDisplay.obj
 0001:0000094c       ?QueryInterface@?$CComObjectCached@VCComClassFactory@ATL@@@ATL@@UEAAJAEBU_GUID@@PEAPEAX@Z 000000018000194c f i RemoteOrderDisplay.obj
 0001:00000960       ??_G?$CComObjectCached@VCComClassFactory@ATL@@@ATL@@UEAAPEAXI@Z 0000000180001960 f i RemoteOrderDisplay.obj
 0001:00000960       ??_E?$CComObjectCached@VCComClassFactory@ATL@@@ATL@@UEAAPEAXI@Z 0000000180001960 f i RemoteOrderDisplay.obj
 0001:000009b8       ?AddRef@?$CComAggObject@VCOPOSRemoteOrderDisplay@@@ATL@@UEAAKXZ 00000001800019b8 f i RemoteOrderDisplay.obj
 0001:000009c4       ?Release@?$CComAggObject@VCOPOSRemoteOrderDisplay@@@ATL@@UEAAKXZ 00000001800019c4 f i RemoteOrderDisplay.obj
 0001:00000a18       ?QueryInterface@?$CComAggObject@VCOPOSRemoteOrderDisplay@@@ATL@@UEAAJAEBU_GUID@@PEAPEAX@Z 0000000180001a18 f i RemoteOrderDisplay.obj
 0001:00000a78       ?AddRef@?$CComContainedObject@VCOPOSRemoteOrderDisplay@@@ATL@@UEAAKXZ 0000000180001a78 f i RemoteOrderDisplay.obj
 0001:00000a88       ?Release@?$CComContainedObject@VCOPOSRemoteOrderDisplay@@@ATL@@UEAAKXZ 0000000180001a88 f i RemoteOrderDisplay.obj
 0001:00000a98       ?QueryInterface@?$CComContainedObject@VCOPOSRemoteOrderDisplay@@@ATL@@UEAAJAEBU_GUID@@PEAPEAX@Z 0000000180001a98 f i RemoteOrderDisplay.obj
 0001:00000aa8       ??_E?$CComAggObject@VCOPOSRemoteOrderDisplay@@@ATL@@UEAAPEAXI@Z 0000000180001aa8 f i RemoteOrderDisplay.obj
 0001:00000aa8       ??_G?$CComAggObject@VCOPOSRemoteOrderDisplay@@@ATL@@UEAAPEAXI@Z 0000000180001aa8 f i RemoteOrderDisplay.obj
 0001:00000b00       ?AddRef@?$CComObject@VCOPOSRemoteOrderDisplay@@@ATL@@UEAAKXZ 0000000180001b00 f i RemoteOrderDisplay.obj
 0001:00000b10       ?Release@?$CComObject@VCOPOSRemoteOrderDisplay@@@ATL@@UEAAKXZ 0000000180001b10 f i RemoteOrderDisplay.obj
 0001:00000b68       ?QueryInterface@?$CComObject@VCOPOSRemoteOrderDisplay@@@ATL@@UEAAJAEBU_GUID@@PEAPEAX@Z 0000000180001b68 f i RemoteOrderDisplay.obj
 0001:00000b7c       ?ObjectMain@CComObjectRootBase@ATL@@SAX_N@Z 0000000180001b7c f i RemoteOrderDisplay.obj
 0001:00000b7c       ?OnFinalMessage@?$CWindowImplBaseT@VCWindow@ATL@@V?$CWinTraits@$0FGAAAAAA@$0A@@2@@ATL@@UEAAXPEAUHWND__@@@Z 0000000180001b7c f i RemoteOrderDisplay.obj
 0001:00000b7c       _guard_check_icall_nop     0000000180001b7c f i LIBCMT:guard_support.obj
 0001:00000b80       ?SaveCompleted@?$IPersistStorageImpl@VCOPOSRemoteOrderDisplay@@@ATL@@UEAAJPEAUIStorage@@@Z 0000000180001b80 f i RemoteOrderDisplay.obj
 0001:00000b80       ?OnAmbientPropertyChange@?$IOleControlImpl@VCOPOSRemoteOrderDisplay@@@ATL@@UEAAJJ@Z 0000000180001b80 f i RemoteOrderDisplay.obj
 0001:00000b80       ?GetObjectDescription@?$CComCoClass@VCOPOSRemoteOrderDisplay@@$1?CLSID_OPOSRemoteOrderDisplay@@3U_GUID@@B@ATL@@SAPEB_WXZ 0000000180001b80 f i RemoteOrderDisplay.obj
 0001:00000b80       ?ResizeBorder@?$IOleInPlaceActiveObjectImpl@VCOPOSRemoteOrderDisplay@@@ATL@@UEAAJPEBUtagRECT@@PEAUIOleInPlaceUIWindow@@H@Z 0000000180001b80 f i RemoteOrderDisplay.obj
 0001:00000b80       ?SetHostNames@?$IOleObjectImpl@VCOPOSRemoteOrderDisplay@@@ATL@@UEAAJPEB_W0@Z 0000000180001b80 f i RemoteOrderDisplay.obj
 0001:00000b80       ?Update@?$IOleObjectImpl@VCOPOSRemoteOrderDisplay@@@ATL@@UEAAJXZ 0000000180001b80 f i RemoteOrderDisplay.obj
 0001:00000b80       ?GetCategoryMap@CComObjectRootBase@ATL@@SAPEBU_ATL_CATMAP_ENTRY@2@XZ 0000000180001b80 f i RemoteOrderDisplay.obj
 0001:00000b80       ?HandsOffStorage@?$IPersistStorageImpl@VCOPOSRemoteOrderDisplay@@@ATL@@UEAAJXZ 0000000180001b80 f i RemoteOrderDisplay.obj
 0001:00000b80       ?OnFrameWindowActivate@?$IOleInPlaceActiveObjectImpl@VCOPOSRemoteOrderDisplay@@@ATL@@UEAAJH@Z 0000000180001b80 f i RemoteOrderDisplay.obj
 0001:00000b80       ?IsUpToDate@?$IOleObjectImpl@VCOPOSRemoteOrderDisplay@@@ATL@@UEAAJXZ 0000000180001b80 f i RemoteOrderDisplay.obj
 0001:00000b80       ?EnableModeless@?$IOleInPlaceActiveObjectImpl@VCOPOSRemoteOrderDisplay@@@ATL@@UEAAJH@Z 0000000180001b80 f i RemoteOrderDisplay.obj
 0001:00000b80       ?Release@CRegObject@ATL@@UEAAKXZ 0000000180001b80 f i RemoteOrderDisplay.obj
 0001:00000b84       ?OnDrawAdvanced@CComControlBase@ATL@@UEAAJAEAUATL_DRAWINFO@@@Z 0000000180001b84 f i RemoteOrderDisplay.obj
 0001:00000ca4       ?CreateInstance@CComClassFactory@ATL@@UEAAJPEAUIUnknown@@AEBU_GUID@@PEAPEAX@Z 0000000180001ca4 f i RemoteOrderDisplay.obj
 0001:00000d04       ?LockServer@CComClassFactory@ATL@@UEAAJH@Z 0000000180001d04 f i RemoteOrderDisplay.obj
 0001:00000d28       ??_GCComClassFactory@ATL@@UEAAPEAXI@Z 0000000180001d28 f i RemoteOrderDisplay.obj
 0001:00000d28       ??_ECComClassFactory@ATL@@UEAAPEAXI@Z 0000000180001d28 f i RemoteOrderDisplay.obj
 0001:00000d78       ?Next@?$CComEnumImpl@UIEnumConnections@@$1?_GUID_b196b287_bab4_101a_b69c_00aa00341d07@@3U__s_GUID@@BUtagCONNECTDATA@@V?$_Copy@UtagCONNECTDATA@@@ATL@@@ATL@@UEAAJKPEAUtagCONNECTDATA@@PEAK@Z 0000000180001d78 f i RemoteOrderDisplay.obj
 0001:00000e4c       ?Skip@?$CComEnumImpl@UIEnumConnections@@$1?_GUID_b196b287_bab4_101a_b69c_00aa00341d07@@3U__s_GUID@@BUtagCONNECTDATA@@V?$_Copy@UtagCONNECTDATA@@@ATL@@@ATL@@UEAAJK@Z 0000000180001e4c f i RemoteOrderDisplay.obj
 0001:00000e78       ?Reset@?$CComEnumImpl@UIEnumConnections@@$1?_GUID_b196b287_bab4_101a_b69c_00aa00341d07@@3U__s_GUID@@BUtagCONNECTDATA@@V?$_Copy@UtagCONNECTDATA@@@ATL@@@ATL@@UEAAJXZ 0000000180001e78 f i RemoteOrderDisplay.obj
 0001:00000e78       ?Reset@?$CComEnumImpl@UIEnumConnectionPoints@@$1?_GUID_b196b285_bab4_101a_b69c_00aa00341d07@@3U__s_GUID@@BPEAUIConnectionPoint@@V?$_CopyInterface@UIConnectionPoint@@@ATL@@@ATL@@UEAAJXZ 0000000180001e78 f i RemoteOrderDisplay.obj
 0001:00000e84       ?Clone@?$CComEnumImpl@UIEnumConnections@@$1?_GUID_b196b287_bab4_101a_b69c_00aa00341d07@@3U__s_GUID@@BUtagCONNECTDATA@@V?$_Copy@UtagCONNECTDATA@@@ATL@@@ATL@@UEAAJPEAPEAUIEnumConnections@@@Z 0000000180001e84 f i RemoteOrderDisplay.obj
 0001:00000fac       ?AddRef@?$CComObject@V?$CComEnum@UIEnumConnectionPoints@@$1?_GUID_b196b285_bab4_101a_b69c_00aa00341d07@@3U__s_GUID@@BPEAUIConnectionPoint@@V?$_CopyInterface@UIConnectionPoint@@@ATL@@VCComSingleThreadModel@6@@ATL@@@ATL@@UEAAKXZ 0000000180001fac f i RemoteOrderDisplay.obj
 0001:00000fac       ?AddRef@?$CComObject@V?$CComEnum@UIEnumConnections@@$1?_GUID_b196b287_bab4_101a_b69c_00aa00341d07@@3U__s_GUID@@BUtagCONNECTDATA@@V?$_Copy@UtagCONNECTDATA@@@ATL@@VCComSingleThreadModel@6@@ATL@@@ATL@@UEAAKXZ 0000000180001fac f i RemoteOrderDisplay.obj
 0001:00000fb8       ?Release@?$CComObject@V?$CComEnum@UIEnumConnectionPoints@@$1?_GUID_b196b285_bab4_101a_b69c_00aa00341d07@@3U__s_GUID@@BPEAUIConnectionPoint@@V?$_CopyInterface@UIConnectionPoint@@@ATL@@VCComSingleThreadModel@6@@ATL@@@ATL@@UEAAKXZ 0000000180001fb8 f i RemoteOrderDisplay.obj
 0001:00000fb8       ?Release@?$CComObject@V?$CComEnum@UIEnumConnections@@$1?_GUID_b196b287_bab4_101a_b69c_00aa00341d07@@3U__s_GUID@@BUtagCONNECTDATA@@V?$_Copy@UtagCONNECTDATA@@@ATL@@VCComSingleThreadModel@6@@ATL@@@ATL@@UEAAKXZ 0000000180001fb8 f i RemoteOrderDisplay.obj
 0001:0000100c       ?QueryInterface@?$CComObject@V?$CComEnum@UIEnumConnections@@$1?_GUID_b196b287_bab4_101a_b69c_00aa00341d07@@3U__s_GUID@@BUtagCONNECTDATA@@V?$_Copy@UtagCONNECTDATA@@@ATL@@VCComSingleThreadModel@6@@ATL@@@ATL@@UEAAJAEBU_GUID@@PEAPEAX@Z 000000018000200c f i RemoteOrderDisplay.obj
 0001:00001020       ??_E?$CComObject@V?$CComEnum@UIEnumConnections@@$1?_GUID_b196b287_bab4_101a_b69c_00aa00341d07@@3U__s_GUID@@BUtagCONNECTDATA@@V?$_Copy@UtagCONNECTDATA@@@ATL@@VCComSingleThreadModel@6@@ATL@@@ATL@@UEAAPEAXI@Z 0000000180002020 f i RemoteOrderDisplay.obj
 0001:00001020       ??_G?$CComObject@V?$CComEnum@UIEnumConnections@@$1?_GUID_b196b287_bab4_101a_b69c_00aa00341d07@@3U__s_GUID@@BUtagCONNECTDATA@@V?$_Copy@UtagCONNECTDATA@@@ATL@@VCComSingleThreadModel@6@@ATL@@@ATL@@UEAAPEAXI@Z 0000000180002020 f i RemoteOrderDisplay.obj
 0001:00001078       ??_E?$CComObject@VCOPOSRemoteOrderDisplay@@@ATL@@W7EAAPEAXI@Z 0000000180002078 f i RemoteOrderDisplay.obj
 0001:00001084       ??_E?$CComObject@VCOPOSRemoteOrderDisplay@@@ATL@@WHA@EAAPEAXI@Z 0000000180002084 f i RemoteOrderDisplay.obj
 0001:00001090       ?QueryInterface@?$CComObject@VCOPOSRemoteOrderDisplay@@@ATL@@WLI@EAAJAEBU_GUID@@PEAPEAX@Z 0000000180002090 f i RemoteOrderDisplay.obj
 0001:0000109c       ?AddRef@?$CComObject@VCOPOSRemoteOrderDisplay@@@ATL@@WLI@EAAKXZ 000000018000209c f i RemoteOrderDisplay.obj
 0001:000010a8       ?Release@?$CComObject@VCOPOSRemoteOrderDisplay@@@ATL@@WLI@EAAKXZ 00000001800020a8 f i RemoteOrderDisplay.obj
 0001:000010b4       ?QueryInterface@?$CComObject@VCOPOSRemoteOrderDisplay@@@ATL@@WMA@EAAJAEBU_GUID@@PEAPEAX@Z 00000001800020b4 f i RemoteOrderDisplay.obj
 0001:000010c0       ?AddRef@?$CComObject@VCOPOSRemoteOrderDisplay@@@ATL@@WMA@EAAKXZ 00000001800020c0 f i RemoteOrderDisplay.obj
 0001:000010cc       ?Release@?$CComObject@VCOPOSRemoteOrderDisplay@@@ATL@@WMA@EAAKXZ 00000001800020cc f i RemoteOrderDisplay.obj
 0001:000010d8       ?QueryInterface@?$CComObject@VCOPOSRemoteOrderDisplay@@@ATL@@WMI@EAAJAEBU_GUID@@PEAPEAX@Z 00000001800020d8 f i RemoteOrderDisplay.obj
 0001:000010e4       ?AddRef@?$CComObject@VCOPOSRemoteOrderDisplay@@@ATL@@WMI@EAAKXZ 00000001800020e4 f i RemoteOrderDisplay.obj
 0001:000010f0       ?Release@?$CComObject@VCOPOSRemoteOrderDisplay@@@ATL@@WMI@EAAKXZ 00000001800020f0 f i RemoteOrderDisplay.obj
 0001:000010fc       ?QueryInterface@?$CComObject@VCOPOSRemoteOrderDisplay@@@ATL@@WNA@EAAJAEBU_GUID@@PEAPEAX@Z 00000001800020fc f i RemoteOrderDisplay.obj
 0001:00001108       ?AddRef@?$CComObject@VCOPOSRemoteOrderDisplay@@@ATL@@WNA@EAAKXZ 0000000180002108 f i RemoteOrderDisplay.obj
 0001:00001114       ?Release@?$CComObject@VCOPOSRemoteOrderDisplay@@@ATL@@WNA@EAAKXZ 0000000180002114 f i RemoteOrderDisplay.obj
 0001:00001120       ?QueryInterface@?$CComObject@VCOPOSRemoteOrderDisplay@@@ATL@@WNI@EAAJAEBU_GUID@@PEAPEAX@Z 0000000180002120 f i RemoteOrderDisplay.obj
 0001:0000112c       ?AddRef@?$CComObject@VCOPOSRemoteOrderDisplay@@@ATL@@WNI@EAAKXZ 000000018000212c f i RemoteOrderDisplay.obj
 0001:00001138       ?Release@?$CComObject@VCOPOSRemoteOrderDisplay@@@ATL@@WNI@EAAKXZ 0000000180002138 f i RemoteOrderDisplay.obj
 0001:00001144       ?QueryInterface@?$CComObject@VCOPOSRemoteOrderDisplay@@@ATL@@WOA@EAAJAEBU_GUID@@PEAPEAX@Z 0000000180002144 f i RemoteOrderDisplay.obj
 0001:00001150       ?AddRef@?$CComObject@VCOPOSRemoteOrderDisplay@@@ATL@@WOA@EAAKXZ 0000000180002150 f i RemoteOrderDisplay.obj
 0001:0000115c       ?Release@?$CComObject@VCOPOSRemoteOrderDisplay@@@ATL@@WOA@EAAKXZ 000000018000215c f i RemoteOrderDisplay.obj
 0001:00001168       ?QueryInterface@?$CComObject@VCOPOSRemoteOrderDisplay@@@ATL@@WOI@EAAJAEBU_GUID@@PEAPEAX@Z 0000000180002168 f i RemoteOrderDisplay.obj
 0001:00001174       ?AddRef@?$CComObject@VCOPOSRemoteOrderDisplay@@@ATL@@WOI@EAAKXZ 0000000180002174 f i RemoteOrderDisplay.obj
 0001:00001180       ?Release@?$CComObject@VCOPOSRemoteOrderDisplay@@@ATL@@WOI@EAAKXZ 0000000180002180 f i RemoteOrderDisplay.obj
 0001:0000118c       ?QueryInterface@?$CComObject@VCOPOSRemoteOrderDisplay@@@ATL@@WPA@EAAJAEBU_GUID@@PEAPEAX@Z 000000018000218c f i RemoteOrderDisplay.obj
 0001:00001198       ?AddRef@?$CComObject@VCOPOSRemoteOrderDisplay@@@ATL@@WPA@EAAKXZ 0000000180002198 f i RemoteOrderDisplay.obj
 0001:000011a4       ?Release@?$CComObject@VCOPOSRemoteOrderDisplay@@@ATL@@WPA@EAAKXZ 00000001800021a4 f i RemoteOrderDisplay.obj
 0001:000011b0       ?QueryInterface@?$CComObject@VCOPOSRemoteOrderDisplay@@@ATL@@WPI@EAAJAEBU_GUID@@PEAPEAX@Z 00000001800021b0 f i RemoteOrderDisplay.obj
 0001:000011bc       ?AddRef@?$CComObject@VCOPOSRemoteOrderDisplay@@@ATL@@WPI@EAAKXZ 00000001800021bc f i RemoteOrderDisplay.obj
 0001:000011c8       ?Release@?$CComObject@VCOPOSRemoteOrderDisplay@@@ATL@@WPI@EAAKXZ 00000001800021c8 f i RemoteOrderDisplay.obj
 0001:000011d4       ?QueryInterface@?$CComObject@VCOPOSRemoteOrderDisplay@@@ATL@@WBAA@EAAJAEBU_GUID@@PEAPEAX@Z 00000001800021d4 f i RemoteOrderDisplay.obj
 0001:000011e0       ?AddRef@?$CComObject@VCOPOSRemoteOrderDisplay@@@ATL@@WBAA@EAAKXZ 00000001800021e0 f i RemoteOrderDisplay.obj
 0001:000011ec       ?Release@?$CComObject@VCOPOSRemoteOrderDisplay@@@ATL@@WBAA@EAAKXZ 00000001800021ec f i RemoteOrderDisplay.obj
 0001:000011f8       ?QueryInterface@?$CComObject@VCOPOSRemoteOrderDisplay@@@ATL@@WBAI@EAAJAEBU_GUID@@PEAPEAX@Z 00000001800021f8 f i RemoteOrderDisplay.obj
 0001:00001204       ?AddRef@?$CComObject@VCOPOSRemoteOrderDisplay@@@ATL@@WBAI@EAAKXZ 0000000180002204 f i RemoteOrderDisplay.obj
 0001:00001210       ?Release@?$CComObject@VCOPOSRemoteOrderDisplay@@@ATL@@WBAI@EAAKXZ 0000000180002210 f i RemoteOrderDisplay.obj
 0001:0000121c       ?QueryInterface@?$CComObject@VCOPOSRemoteOrderDisplay@@@ATL@@WBBA@EAAJAEBU_GUID@@PEAPEAX@Z 000000018000221c f i RemoteOrderDisplay.obj
 0001:00001228       ?AddRef@?$CComObject@VCOPOSRemoteOrderDisplay@@@ATL@@WBBA@EAAKXZ 0000000180002228 f i RemoteOrderDisplay.obj
 0001:00001234       ?Release@?$CComObject@VCOPOSRemoteOrderDisplay@@@ATL@@WBBA@EAAKXZ 0000000180002234 f i RemoteOrderDisplay.obj
 0001:00001240       ?QueryInterface@?$CComObject@VCOPOSRemoteOrderDisplay@@@ATL@@WBBI@EAAJAEBU_GUID@@PEAPEAX@Z 0000000180002240 f i RemoteOrderDisplay.obj
 0001:0000124c       ?AddRef@?$CComObject@VCOPOSRemoteOrderDisplay@@@ATL@@WBBI@EAAKXZ 000000018000224c f i RemoteOrderDisplay.obj
 0001:00001258       ?Release@?$CComObject@VCOPOSRemoteOrderDisplay@@@ATL@@WBBI@EAAKXZ 0000000180002258 f i RemoteOrderDisplay.obj
 0001:00001264       ?AddRef@?$CComObject@VCOPOSRemoteOrderDisplay@@@ATL@@WBCI@EAAKXZ 0000000180002264 f i RemoteOrderDisplay.obj
 0001:00001270       ?Release@?$CComObject@VCOPOSRemoteOrderDisplay@@@ATL@@WBCI@EAAKXZ 0000000180002270 f i RemoteOrderDisplay.obj
 0001:0000127c       ?AddRef@?$CComObject@VCOPOSRemoteOrderDisplay@@@ATL@@WBEA@EAAKXZ 000000018000227c f i RemoteOrderDisplay.obj
 0001:00001288       ?Release@?$CComObject@VCOPOSRemoteOrderDisplay@@@ATL@@WBEA@EAAKXZ 0000000180002288 f i RemoteOrderDisplay.obj
 0001:00001294       ??_E?$CComContainedObject@VCOPOSRemoteOrderDisplay@@@ATL@@W7EAAPEAXI@Z 0000000180002294 f i RemoteOrderDisplay.obj
 0001:000012a0       ??_E?$CComContainedObject@VCOPOSRemoteOrderDisplay@@@ATL@@WHA@EAAPEAXI@Z 00000001800022a0 f i RemoteOrderDisplay.obj
 0001:000012ac       ?QueryInterface@?$CComContainedObject@VCOPOSRemoteOrderDisplay@@@ATL@@WLI@EAAJAEBU_GUID@@PEAPEAX@Z 00000001800022ac f i RemoteOrderDisplay.obj
 0001:000012b8       ?AddRef@?$CComContainedObject@VCOPOSRemoteOrderDisplay@@@ATL@@WLI@EAAKXZ 00000001800022b8 f i RemoteOrderDisplay.obj
 0001:000012c4       ?Release@?$CComContainedObject@VCOPOSRemoteOrderDisplay@@@ATL@@WLI@EAAKXZ 00000001800022c4 f i RemoteOrderDisplay.obj
 0001:000012d0       ?QueryInterface@?$CComContainedObject@VCOPOSRemoteOrderDisplay@@@ATL@@WMA@EAAJAEBU_GUID@@PEAPEAX@Z 00000001800022d0 f i RemoteOrderDisplay.obj
 0001:000012dc       ?AddRef@?$CComContainedObject@VCOPOSRemoteOrderDisplay@@@ATL@@WMA@EAAKXZ 00000001800022dc f i RemoteOrderDisplay.obj
 0001:000012e8       ?Release@?$CComContainedObject@VCOPOSRemoteOrderDisplay@@@ATL@@WMA@EAAKXZ 00000001800022e8 f i RemoteOrderDisplay.obj
 0001:000012f4       ?QueryInterface@?$CComContainedObject@VCOPOSRemoteOrderDisplay@@@ATL@@WMI@EAAJAEBU_GUID@@PEAPEAX@Z 00000001800022f4 f i RemoteOrderDisplay.obj
 0001:00001300       ?AddRef@?$CComContainedObject@VCOPOSRemoteOrderDisplay@@@ATL@@WMI@EAAKXZ 0000000180002300 f i RemoteOrderDisplay.obj
 0001:0000130c       ?Release@?$CComContainedObject@VCOPOSRemoteOrderDisplay@@@ATL@@WMI@EAAKXZ 000000018000230c f i RemoteOrderDisplay.obj
 0001:00001318       ?QueryInterface@?$CComContainedObject@VCOPOSRemoteOrderDisplay@@@ATL@@WNA@EAAJAEBU_GUID@@PEAPEAX@Z 0000000180002318 f i RemoteOrderDisplay.obj
 0001:00001324       ?AddRef@?$CComContainedObject@VCOPOSRemoteOrderDisplay@@@ATL@@WNA@EAAKXZ 0000000180002324 f i RemoteOrderDisplay.obj
 0001:00001330       ?Release@?$CComContainedObject@VCOPOSRemoteOrderDisplay@@@ATL@@WNA@EAAKXZ 0000000180002330 f i RemoteOrderDisplay.obj
 0001:0000133c       ?QueryInterface@?$CComContainedObject@VCOPOSRemoteOrderDisplay@@@ATL@@WNI@EAAJAEBU_GUID@@PEAPEAX@Z 000000018000233c f i RemoteOrderDisplay.obj
 0001:00001348       ?AddRef@?$CComContainedObject@VCOPOSRemoteOrderDisplay@@@ATL@@WNI@EAAKXZ 0000000180002348 f i RemoteOrderDisplay.obj
 0001:00001354       ?Release@?$CComContainedObject@VCOPOSRemoteOrderDisplay@@@ATL@@WNI@EAAKXZ 0000000180002354 f i RemoteOrderDisplay.obj
 0001:00001360       ?QueryInterface@?$CComContainedObject@VCOPOSRemoteOrderDisplay@@@ATL@@WOA@EAAJAEBU_GUID@@PEAPEAX@Z 0000000180002360 f i RemoteOrderDisplay.obj
 0001:0000136c       ?AddRef@?$CComContainedObject@VCOPOSRemoteOrderDisplay@@@ATL@@WOA@EAAKXZ 000000018000236c f i RemoteOrderDisplay.obj
 0001:00001378       ?Release@?$CComContainedObject@VCOPOSRemoteOrderDisplay@@@ATL@@WOA@EAAKXZ 0000000180002378 f i RemoteOrderDisplay.obj
 0001:00001384       ?QueryInterface@?$CComContainedObject@VCOPOSRemoteOrderDisplay@@@ATL@@WOI@EAAJAEBU_GUID@@PEAPEAX@Z 0000000180002384 f i RemoteOrderDisplay.obj
 0001:00001390       ?AddRef@?$CComContainedObject@VCOPOSRemoteOrderDisplay@@@ATL@@WOI@EAAKXZ 0000000180002390 f i RemoteOrderDisplay.obj
 0001:0000139c       ?Release@?$CComContainedObject@VCOPOSRemoteOrderDisplay@@@ATL@@WOI@EAAKXZ 000000018000239c f i RemoteOrderDisplay.obj
 0001:000013a8       ?QueryInterface@?$CComContainedObject@VCOPOSRemoteOrderDisplay@@@ATL@@WPA@EAAJAEBU_GUID@@PEAPEAX@Z 00000001800023a8 f i RemoteOrderDisplay.obj
 0001:000013b4       ?AddRef@?$CComContainedObject@VCOPOSRemoteOrderDisplay@@@ATL@@WPA@EAAKXZ 00000001800023b4 f i RemoteOrderDisplay.obj
 0001:000013c0       ?Release@?$CComContainedObject@VCOPOSRemoteOrderDisplay@@@ATL@@WPA@EAAKXZ 00000001800023c0 f i RemoteOrderDisplay.obj
 0001:000013cc       ?QueryInterface@?$CComContainedObject@VCOPOSRemoteOrderDisplay@@@ATL@@WPI@EAAJAEBU_GUID@@PEAPEAX@Z 00000001800023cc f i RemoteOrderDisplay.obj
 0001:000013d8       ?AddRef@?$CComContainedObject@VCOPOSRemoteOrderDisplay@@@ATL@@WPI@EAAKXZ 00000001800023d8 f i RemoteOrderDisplay.obj
 0001:000013e4       ?Release@?$CComContainedObject@VCOPOSRemoteOrderDisplay@@@ATL@@WPI@EAAKXZ 00000001800023e4 f i RemoteOrderDisplay.obj
 0001:000013f0       ?QueryInterface@?$CComContainedObject@VCOPOSRemoteOrderDisplay@@@ATL@@WBAA@EAAJAEBU_GUID@@PEAPEAX@Z 00000001800023f0 f i RemoteOrderDisplay.obj
 0001:000013fc       ?AddRef@?$CComContainedObject@VCOPOSRemoteOrderDisplay@@@ATL@@WBAA@EAAKXZ 00000001800023fc f i RemoteOrderDisplay.obj
 0001:00001408       ?Release@?$CComContainedObject@VCOPOSRemoteOrderDisplay@@@ATL@@WBAA@EAAKXZ 0000000180002408 f i RemoteOrderDisplay.obj
 0001:00001414       ?QueryInterface@?$CComContainedObject@VCOPOSRemoteOrderDisplay@@@ATL@@WBAI@EAAJAEBU_GUID@@PEAPEAX@Z 0000000180002414 f i RemoteOrderDisplay.obj
 0001:00001420       ?AddRef@?$CComContainedObject@VCOPOSRemoteOrderDisplay@@@ATL@@WBAI@EAAKXZ 0000000180002420 f i RemoteOrderDisplay.obj
 0001:0000142c       ?Release@?$CComContainedObject@VCOPOSRemoteOrderDisplay@@@ATL@@WBAI@EAAKXZ 000000018000242c f i RemoteOrderDisplay.obj
 0001:00001438       ?QueryInterface@?$CComContainedObject@VCOPOSRemoteOrderDisplay@@@ATL@@WBBA@EAAJAEBU_GUID@@PEAPEAX@Z 0000000180002438 f i RemoteOrderDisplay.obj
 0001:00001444       ?AddRef@?$CComContainedObject@VCOPOSRemoteOrderDisplay@@@ATL@@WBBA@EAAKXZ 0000000180002444 f i RemoteOrderDisplay.obj
 0001:00001450       ?Release@?$CComContainedObject@VCOPOSRemoteOrderDisplay@@@ATL@@WBBA@EAAKXZ 0000000180002450 f i RemoteOrderDisplay.obj
 0001:0000145c       ?QueryInterface@?$CComContainedObject@VCOPOSRemoteOrderDisplay@@@ATL@@WBBI@EAAJAEBU_GUID@@PEAPEAX@Z 000000018000245c f i RemoteOrderDisplay.obj
 0001:00001468       ?AddRef@?$CComContainedObject@VCOPOSRemoteOrderDisplay@@@ATL@@WBBI@EAAKXZ 0000000180002468 f i RemoteOrderDisplay.obj
 0001:00001474       ?Release@?$CComContainedObject@VCOPOSRemoteOrderDisplay@@@ATL@@WBBI@EAAKXZ 0000000180002474 f i RemoteOrderDisplay.obj
 0001:00001480       ?AddRef@?$CComContainedObject@VCOPOSRemoteOrderDisplay@@@ATL@@WBCI@EAAKXZ 0000000180002480 f i RemoteOrderDisplay.obj
 0001:0000148c       ?Release@?$CComContainedObject@VCOPOSRemoteOrderDisplay@@@ATL@@WBCI@EAAKXZ 000000018000248c f i RemoteOrderDisplay.obj
 0001:00001498       ?AddRef@?$CComContainedObject@VCOPOSRemoteOrderDisplay@@@ATL@@WBEA@EAAKXZ 0000000180002498 f i RemoteOrderDisplay.obj
 0001:000014a4       ?Release@?$CComContainedObject@VCOPOSRemoteOrderDisplay@@@ATL@@WBEA@EAAKXZ 00000001800024a4 f i RemoteOrderDisplay.obj
 0001:000014b0       ?Lock@CAtlModule@ATL@@UEAAJXZ 00000001800024b0 f i RemoteOrderDisplay.obj
 0001:000014c0       ?Unlock@CAtlModule@ATL@@UEAAJXZ 00000001800024c0 f i RemoteOrderDisplay.obj
 0001:000014cc       ?GetLockCount@CAtlModule@ATL@@UEAAJXZ 00000001800024cc f i RemoteOrderDisplay.obj
 0001:000014d0       ?GetGITPtr@CAtlModule@ATL@@UEAAJPEAPEAUIGlobalInterfaceTable@@@Z 00000001800024d0 f i RemoteOrderDisplay.obj
 0001:00001540       ?AddCommonRGSReplacements@?$CAtlModuleT@VCComModule@ATL@@@ATL@@UEAAJPEAUIRegistrarBase@@@Z 0000000180002540 f i RemoteOrderDisplay.obj
 0001:00001558       ?GetWindowProc@?$CWindowImplBaseT@VCWindow@ATL@@V?$CWinTraits@$0FGAAAAAA@$0A@@2@@ATL@@UEAAP6A_JPEAUHWND__@@I_K_J@ZXZ 0000000180002558 f i RemoteOrderDisplay.obj
 0001:00001560       ?StartWindowProc@?$CWindowImplBaseT@VCWindow@ATL@@V?$CWinTraits@$0FGAAAAAA@$0A@@2@@ATL@@SA_JPEAUHWND__@@I_K_J@Z 0000000180002560 f i RemoteOrderDisplay.obj
 0001:00001624       ?UpdateRegistryFromResourceD@CComModule@ATL@@UEAAJIHPEAU_ATL_REGMAP_ENTRY@2@@Z 0000000180002624 f i RemoteOrderDisplay.obj
 0001:00001624       ?UpdateRegistryFromResourceD@CComModule@ATL@@UEAAJPEB_WHPEAU_ATL_REGMAP_ENTRY@2@@Z 0000000180002624 f i RemoteOrderDisplay.obj
 0001:0000162c       ?UpdateRegistryFromResource@CComModule@ATL@@UEAAJPEB_WHPEAU_ATL_REGMAP_ENTRY@2@@Z 000000018000262c f i RemoteOrderDisplay.obj
 0001:00001634       ?UpdateRegistryFromResource@CComModule@ATL@@UEAAJIHPEAU_ATL_REGMAP_ENTRY@2@@Z 0000000180002634 f i RemoteOrderDisplay.obj
 0001:0000163c       ??_ECComModule@ATL@@UEAAPEAXI@Z 000000018000263c f i RemoteOrderDisplay.obj
 0001:0000163c       ??_GCComModule@ATL@@UEAAPEAXI@Z 000000018000263c f i RemoteOrderDisplay.obj
 0001:000016bc       ?GetTypeInfoCount@?$IDispatchImpl@UIOPOSRemoteOrderDisplay@@$1?IID_IOPOSRemoteOrderDisplay@@3U_GUID@@B$1?LIBID_OposRemoteOrderDisplay_CCO@@3U3@B$00$0A@VCComTypeInfoHolder@ATL@@@ATL@@UEAAJPEAI@Z 00000001800026bc f i RemoteOrderDisplay.obj
 0001:000016d0       ?GetTypeInfo@?$IDispatchImpl@UIOPOSRemoteOrderDisplay@@$1?IID_IOPOSRemoteOrderDisplay@@3U_GUID@@B$1?LIBID_OposRemoteOrderDisplay_CCO@@3U3@B$00$0A@VCComTypeInfoHolder@ATL@@@ATL@@UEAAJIKPEAPEAUITypeInfo@@@Z 00000001800026d0 f i RemoteOrderDisplay.obj
 0001:00001734       ?GetIDsOfNames@?$IDispatchImpl@UIOPOSRemoteOrderDisplay@@$1?IID_IOPOSRemoteOrderDisplay@@3U_GUID@@B$1?LIBID_OposRemoteOrderDisplay_CCO@@3U3@B$00$0A@VCComTypeInfoHolder@ATL@@@ATL@@UEAAJAEBU_GUID@@PEAPEA_WIKPEAJ@Z 0000000180002734 f i RemoteOrderDisplay.obj
 0001:00001740       ?Invoke@?$IDispatchImpl@UIOPOSRemoteOrderDisplay@@$1?IID_IOPOSRemoteOrderDisplay@@3U_GUID@@B$1?LIBID_OposRemoteOrderDisplay_CCO@@3U3@B$00$0A@VCComTypeInfoHolder@ATL@@@ATL@@UEAAJJAEBU_GUID@@KGPEAUtagDISPPARAMS@@PEAUtagVARIANT@@PEAUtagEXCEPINFO@@PEAI@Z 0000000180002740 f i RemoteOrderDisplay.obj
 0001:000017d0       ?CreateControlWindow@?$CComControl@VCOPOSRemoteOrderDisplay@@V?$CWindowImpl@VCOPOSRemoteOrderDisplay@@VCWindow@ATL@@V?$CWinTraits@$0FGAAAAAA@$0A@@3@@ATL@@@ATL@@UEAAPEAUHWND__@@PEAU3@AEAUtagRECT@@@Z 00000001800027d0 f i RemoteOrderDisplay.obj
 0001:00001808       ?ControlQueryInterface@?$CComControl@VCOPOSRemoteOrderDisplay@@V?$CWindowImpl@VCOPOSRemoteOrderDisplay@@VCWindow@ATL@@V?$CWinTraits@$0FGAAAAAA@$0A@@3@@ATL@@@ATL@@UEAAJAEBU_GUID@@PEAPEAX@Z 0000000180002808 f i RemoteOrderDisplay.obj
 0001:0000181c       ?GetUserClassID@?$IOleObjectImpl@VCOPOSRemoteOrderDisplay@@@ATL@@UEAAJPEAU_GUID@@@Z 000000018000281c f i RemoteOrderDisplay.obj
 0001:0000181c       ?GetClassID@?$IPersistStorageImpl@VCOPOSRemoteOrderDisplay@@@ATL@@UEAAJPEAU_GUID@@@Z 000000018000281c f i RemoteOrderDisplay.obj
 0001:0000181c       ?GetClassID@?$IPersistStreamInitImpl@VCOPOSRemoteOrderDisplay@@@ATL@@UEAAJPEAU_GUID@@@Z 000000018000281c f i RemoteOrderDisplay.obj
 0001:00001838       ?IsDirty@?$IPersistStreamInitImpl@VCOPOSRemoteOrderDisplay@@@ATL@@UEAAJXZ 0000000180002838 f i RemoteOrderDisplay.obj
 0001:00001854       ?Load@?$IPersistStreamInitImpl@VCOPOSRemoteOrderDisplay@@@ATL@@UEAAJPEAUIStream@@@Z 0000000180002854 f i RemoteOrderDisplay.obj
 0001:000018a4       ?Save@?$IPersistStreamInitImpl@VCOPOSRemoteOrderDisplay@@@ATL@@UEAAJPEAUIStream@@H@Z 00000001800028a4 f i RemoteOrderDisplay.obj
 0001:00001908       ?GetSizeMax@?$IPersistStreamInitImpl@VCOPOSRemoteOrderDisplay@@@ATL@@UEAAJPEAT_ULARGE_INTEGER@@@Z 0000000180002908 f i RemoteOrderDisplay.obj
 0001:00001b34       ?InitNew@?$IPersistStreamInitImpl@VCOPOSRemoteOrderDisplay@@@ATL@@UEAAJXZ 0000000180002b34 f i RemoteOrderDisplay.obj
 0001:00001b4c       ?ContextSensitiveHelp@?$IOleInPlaceActiveObjectImpl@VCOPOSRemoteOrderDisplay@@@ATL@@UEAAJH@Z 0000000180002b4c f i RemoteOrderDisplay.obj
 0001:00001b4c       ?OnMnemonic@?$IOleControlImpl@VCOPOSRemoteOrderDisplay@@@ATL@@UEAAJPEAUtagMSG@@@Z 0000000180002b4c f i RemoteOrderDisplay.obj
 0001:00001b4c       ?Freeze@?$IViewObjectExImpl@VCOPOSRemoteOrderDisplay@@@ATL@@UEAAJKJPEAXPEAK@Z 0000000180002b4c f i RemoteOrderDisplay.obj
 0001:00001b4c       ?SetData@?$IDataObjectImpl@VCOPOSRemoteOrderDisplay@@@ATL@@UEAAJPEAUtagFORMATETC@@PEAUtagSTGMEDIUM@@H@Z 0000000180002b4c f i RemoteOrderDisplay.obj
 0001:00001b4c       ?Unfreeze@?$IViewObjectExImpl@VCOPOSRemoteOrderDisplay@@@ATL@@UEAAJK@Z 0000000180002b4c f i RemoteOrderDisplay.obj
 0001:00001b4c       ?GetControlInfo@?$IOleControlImpl@VCOPOSRemoteOrderDisplay@@@ATL@@UEAAJPEAUtagCONTROLINFO@@@Z 0000000180002b4c f i RemoteOrderDisplay.obj
 0001:00001b4c       ?EnumFormatEtc@?$IDataObjectImpl@VCOPOSRemoteOrderDisplay@@@ATL@@UEAAJKPEAPEAUIEnumFORMATETC@@@Z 0000000180002b4c f i RemoteOrderDisplay.obj
 0001:00001b4c       ?SetMoniker@?$IOleObjectImpl@VCOPOSRemoteOrderDisplay@@@ATL@@UEAAJKPEAUIMoniker@@@Z 0000000180002b4c f i RemoteOrderDisplay.obj
 0001:00001b4c       ?GetRect@?$IViewObjectExImpl@VCOPOSRemoteOrderDisplay@@@ATL@@UEAAJKPEAU_RECTL@@@Z 0000000180002b4c f i RemoteOrderDisplay.obj
 0001:00001b4c       ?QueryInterface@CRegObject@ATL@@UEAAJAEBU_GUID@@PEAPEAX@Z 0000000180002b4c f i RemoteOrderDisplay.obj
 0001:00001b4c       ?InitFromData@?$IOleObjectImpl@VCOPOSRemoteOrderDisplay@@@ATL@@UEAAJPEAUIDataObject@@HK@Z 0000000180002b4c f i RemoteOrderDisplay.obj
 0001:00001b4c       ?GetDataHere@?$IDataObjectImpl@VCOPOSRemoteOrderDisplay@@@ATL@@UEAAJPEAUtagFORMATETC@@PEAUtagSTGMEDIUM@@@Z 0000000180002b4c f i RemoteOrderDisplay.obj
 0001:00001b4c       ?GetCanonicalFormatEtc@?$IDataObjectImpl@VCOPOSRemoteOrderDisplay@@@ATL@@UEAAJPEAUtagFORMATETC@@0@Z 0000000180002b4c f i RemoteOrderDisplay.obj
 0001:00001b4c       ?ContextSensitiveHelp@?$IOleInPlaceObjectWindowlessImpl@VCOPOSRemoteOrderDisplay@@@ATL@@UEAAJH@Z 0000000180002b4c f i RemoteOrderDisplay.obj
 0001:00001b4c       ?QueryGetData@?$IDataObjectImpl@VCOPOSRemoteOrderDisplay@@@ATL@@UEAAJPEAUtagFORMATETC@@@Z 0000000180002b4c f i RemoteOrderDisplay.obj
 0001:00001b4c       ?GetDropTarget@?$IOleInPlaceObjectWindowlessImpl@VCOPOSRemoteOrderDisplay@@@ATL@@UEAAJPEAPEAUIDropTarget@@@Z 0000000180002b4c f i RemoteOrderDisplay.obj
 0001:00001b4c       ?GetMoniker@?$IOleObjectImpl@VCOPOSRemoteOrderDisplay@@@ATL@@UEAAJKKPEAPEAUIMoniker@@@Z 0000000180002b4c f i RemoteOrderDisplay.obj
 0001:00001b4c       ?SetColorScheme@?$IOleObjectImpl@VCOPOSRemoteOrderDisplay@@@ATL@@UEAAJPEAUtagLOGPALETTE@@@Z 0000000180002b4c f i RemoteOrderDisplay.obj
 0001:00001b4c       ?GetColorSet@?$IViewObjectExImpl@VCOPOSRemoteOrderDisplay@@@ATL@@UEAAJKJPEAXPEAUtagDVTARGETDEVICE@@PEAUHDC__@@PEAPEAUtagLOGPALETTE@@@Z 0000000180002b4c f i RemoteOrderDisplay.obj
 0001:00001b4c       ?ReactivateAndUndo@?$IOleInPlaceObjectWindowlessImpl@VCOPOSRemoteOrderDisplay@@@ATL@@UEAAJXZ 0000000180002b4c f i RemoteOrderDisplay.obj
 0001:00001b4c       ?GetClipboardData@?$IOleObjectImpl@VCOPOSRemoteOrderDisplay@@@ATL@@UEAAJKPEAPEAUIDataObject@@@Z 0000000180002b4c f i RemoteOrderDisplay.obj
 0001:00001b54       ?SetClientSite@?$IOleObjectImpl@VCOPOSRemoteOrderDisplay@@@ATL@@UEAAJPEAUIOleClientSite@@@Z 0000000180002b54 f i RemoteOrderDisplay.obj
 0001:00001b70       ?GetClientSite@?$IOleObjectImpl@VCOPOSRemoteOrderDisplay@@@ATL@@UEAAJPEAPEAUIOleClientSite@@@Z 0000000180002b70 f i RemoteOrderDisplay.obj
 0001:00001bb8       ?Close@?$IOleObjectImpl@VCOPOSRemoteOrderDisplay@@@ATL@@UEAAJK@Z 0000000180002bb8 f i RemoteOrderDisplay.obj
 0001:00001bd4       ?DoVerb@?$IOleObjectImpl@VCOPOSRemoteOrderDisplay@@@ATL@@UEAAJJPEAUtagMSG@@PEAUIOleClientSite@@JPEAUHWND__@@PEBUtagRECT@@@Z 0000000180002bd4 f i RemoteOrderDisplay.obj
 0001:00001d78       ?EnumVerbs@?$IOleObjectImpl@VCOPOSRemoteOrderDisplay@@@ATL@@UEAAJPEAPEAUIEnumOLEVERB@@@Z 0000000180002d78 f i RemoteOrderDisplay.obj
 0001:00001d94       ?GetUserType@?$IOleObjectImpl@VCOPOSRemoteOrderDisplay@@@ATL@@UEAAJKPEAPEA_W@Z 0000000180002d94 f i RemoteOrderDisplay.obj
 0001:00001da4       ?SetExtent@?$IOleObjectImpl@VCOPOSRemoteOrderDisplay@@@ATL@@UEAAJKPEAUtagSIZE@@@Z 0000000180002da4 f i RemoteOrderDisplay.obj
 0001:00001dc0       ?GetExtent@?$IOleObjectImpl@VCOPOSRemoteOrderDisplay@@@ATL@@UEAAJKPEAUtagSIZE@@@Z 0000000180002dc0 f i RemoteOrderDisplay.obj
 0001:00001df0       ?Advise@?$IOleObjectImpl@VCOPOSRemoteOrderDisplay@@@ATL@@UEAAJPEAUIAdviseSink@@PEAK@Z 0000000180002df0 f i RemoteOrderDisplay.obj
 0001:00001e4c       ?Unadvise@?$IOleObjectImpl@VCOPOSRemoteOrderDisplay@@@ATL@@UEAAJK@Z 0000000180002e4c f i RemoteOrderDisplay.obj
 0001:00001e84       ?EnumAdvise@?$IOleObjectImpl@VCOPOSRemoteOrderDisplay@@@ATL@@UEAAJPEAPEAUIEnumSTATDATA@@@Z 0000000180002e84 f i RemoteOrderDisplay.obj
 0001:00001ecc       ?GetMiscStatus@?$IOleObjectImpl@VCOPOSRemoteOrderDisplay@@@ATL@@UEAAJKPEAK@Z 0000000180002ecc f i RemoteOrderDisplay.obj
 0001:00001edc       ?GetWindow@?$IOleInPlaceActiveObjectImpl@VCOPOSRemoteOrderDisplay@@@ATL@@UEAAJPEAPEAUHWND__@@@Z 0000000180002edc f i RemoteOrderDisplay.obj
 0001:00001f30       ?TranslateAcceleratorW@?$IOleInPlaceActiveObjectImpl@VCOPOSRemoteOrderDisplay@@@ATL@@UEAAJPEAUtagMSG@@@Z 0000000180002f30 f i RemoteOrderDisplay.obj
 0001:00002024       ?OnDocWindowActivate@?$IOleInPlaceActiveObjectImpl@VCOPOSRemoteOrderDisplay@@@ATL@@UEAAJH@Z 0000000180003024 f i RemoteOrderDisplay.obj
 0001:00002050       ?Draw@?$IViewObjectExImpl@VCOPOSRemoteOrderDisplay@@@ATL@@UEAAJKJPEAXPEAUtagDVTARGETDEVICE@@PEAUHDC__@@2PEBU_RECTL@@3P6AH_K@Z4@Z 0000000180003050 f i RemoteOrderDisplay.obj
 0001:000020b4       ?SetAdvise@?$IViewObjectExImpl@VCOPOSRemoteOrderDisplay@@@ATL@@UEAAJKKPEAUIAdviseSink@@@Z 00000001800030b4 f i RemoteOrderDisplay.obj
 0001:00002108       ?GetAdvise@?$IViewObjectExImpl@VCOPOSRemoteOrderDisplay@@@ATL@@UEAAJPEAK0PEAPEAUIAdviseSink@@@Z 0000000180003108 f i RemoteOrderDisplay.obj
 0001:00002144       ?GetExtent@?$IViewObjectExImpl@VCOPOSRemoteOrderDisplay@@@ATL@@UEAAJKJPEAUtagDVTARGETDEVICE@@PEAUtagSIZE@@@Z 0000000180003144 f i RemoteOrderDisplay.obj
 0001:00002174       ?GetViewStatus@?$IViewObjectExImpl@VCOPOSRemoteOrderDisplay@@@ATL@@UEAAJPEAK@Z 0000000180003174 f i RemoteOrderDisplay.obj
 0001:00002188       ?QueryHitPoint@?$IViewObjectExImpl@VCOPOSRemoteOrderDisplay@@@ATL@@UEAAJKPEBUtagRECT@@UtagPOINT@@JPEAK@Z 0000000180003188 f i RemoteOrderDisplay.obj
 0001:000021cc       ?QueryHitRect@?$IViewObjectExImpl@VCOPOSRemoteOrderDisplay@@@ATL@@UEAAJKPEBUtagRECT@@0JPEAK@Z 00000001800031cc f i RemoteOrderDisplay.obj
 0001:00002234       ?GetNaturalExtent@?$IViewObjectExImpl@VCOPOSRemoteOrderDisplay@@@ATL@@UEAAJKJPEAUtagDVTARGETDEVICE@@PEAUHDC__@@PEAUtagExtentInfo@@PEAUtagSIZE@@@Z 0000000180003234 f i RemoteOrderDisplay.obj
 0001:0000227c       ?GetWindow@?$IOleInPlaceObjectWindowlessImpl@VCOPOSRemoteOrderDisplay@@@ATL@@UEAAJPEAPEAUHWND__@@@Z 000000018000327c f i RemoteOrderDisplay.obj
 0001:000022d0       ?InPlaceDeactivate@?$IOleInPlaceObjectWindowlessImpl@VCOPOSRemoteOrderDisplay@@@ATL@@UEAAJXZ 00000001800032d0 f i RemoteOrderDisplay.obj
 0001:000022ec       ?UIDeactivate@?$IOleInPlaceObjectWindowlessImpl@VCOPOSRemoteOrderDisplay@@@ATL@@UEAAJXZ 00000001800032ec f i RemoteOrderDisplay.obj
 0001:00002308       ?SetObjectRects@?$IOleInPlaceObjectWindowlessImpl@VCOPOSRemoteOrderDisplay@@@ATL@@UEAAJPEBUtagRECT@@0@Z 0000000180003308 f i RemoteOrderDisplay.obj
 0001:00002324       ?OnWindowMessage@?$IOleInPlaceObjectWindowlessImpl@VCOPOSRemoteOrderDisplay@@@ATL@@UEAAJI_K_JPEA_J@Z 0000000180003324 f i RemoteOrderDisplay.obj
 0001:000023ec       ?EnumConnectionPoints@?$IConnectionPointContainerImpl@VCOPOSRemoteOrderDisplay@@@ATL@@UEAAJPEAPEAUIEnumConnectionPoints@@@Z 00000001800033ec f i RemoteOrderDisplay.obj
 0001:00002634       ?FindConnectionPoint@?$IConnectionPointContainerImpl@VCOPOSRemoteOrderDisplay@@@ATL@@UEAAJAEBU_GUID@@PEAPEAUIConnectionPoint@@@Z 0000000180003634 f i RemoteOrderDisplay.obj
 0001:00002704       ?IsDirty@?$IPersistStorageImpl@VCOPOSRemoteOrderDisplay@@@ATL@@UEAAJXZ 0000000180003704 f i RemoteOrderDisplay.obj
 0001:00002748       ?InitNew@?$IPersistStorageImpl@VCOPOSRemoteOrderDisplay@@@ATL@@UEAAJPEAUIStorage@@@Z 0000000180003748 f i RemoteOrderDisplay.obj
 0001:0000278c       ?Load@?$IPersistStorageImpl@VCOPOSRemoteOrderDisplay@@@ATL@@UEAAJPEAUIStorage@@@Z 000000018000378c f i RemoteOrderDisplay.obj
 0001:0000282c       ?Save@?$IPersistStorageImpl@VCOPOSRemoteOrderDisplay@@@ATL@@UEAAJPEAUIStorage@@H@Z 000000018000382c f i RemoteOrderDisplay.obj
 0001:000028dc       ?GetPages@?$ISpecifyPropertyPagesImpl@VCOPOSRemoteOrderDisplay@@@ATL@@UEAAJPEAUtagCAUUID@@@Z 00000001800038dc f i RemoteOrderDisplay.obj
 0001:000028e8       ?QuickActivate@?$IQuickActivateImpl@VCOPOSRemoteOrderDisplay@@@ATL@@UEAAJPEAUtagQACONTAINER@@PEAUtagQACONTROL@@@Z 00000001800038e8 f i RemoteOrderDisplay.obj
 0001:00002904       ?SetContentExtent@?$IQuickActivateImpl@VCOPOSRemoteOrderDisplay@@@ATL@@UEAAJPEAUtagSIZE@@@Z 0000000180003904 f i RemoteOrderDisplay.obj
 0001:00002938       ?GetContentExtent@?$IQuickActivateImpl@VCOPOSRemoteOrderDisplay@@@ATL@@UEAAJPEAUtagSIZE@@@Z 0000000180003938 f i RemoteOrderDisplay.obj
 0001:00002970       ?GetData@?$IDataObjectImpl@VCOPOSRemoteOrderDisplay@@@ATL@@UEAAJPEAUtagFORMATETC@@PEAUtagSTGMEDIUM@@@Z 0000000180003970 f i RemoteOrderDisplay.obj
 0001:0000298c       ?DAdvise@?$IDataObjectImpl@VCOPOSRemoteOrderDisplay@@@ATL@@UEAAJPEAUtagFORMATETC@@KPEAUIAdviseSink@@PEAK@Z 000000018000398c f i RemoteOrderDisplay.obj
 0001:00002a14       ?DUnadvise@?$IDataObjectImpl@VCOPOSRemoteOrderDisplay@@@ATL@@UEAAJK@Z 0000000180003a14 f i RemoteOrderDisplay.obj
 0001:00002a40       ?EnumDAdvise@?$IDataObjectImpl@VCOPOSRemoteOrderDisplay@@@ATL@@UEAAJPEAPEAUIEnumSTATDATA@@@Z 0000000180003a40 f i RemoteOrderDisplay.obj
 0001:00002a7c       ?GetClassInfoW@?$IProvideClassInfo2Impl@$1?CLSID_OPOSRemoteOrderDisplay@@3U_GUID@@B$1?DIID__IOPOSRemoteOrderDisplayEvents@@3U2@B$1?LIBID_OposRemoteOrderDisplay_CCO@@3U2@B$00$0A@VCComTypeInfoHolder@ATL@@@ATL@@UEAAJPEAPEAUITypeInfo@@@Z 0000000180003a7c f i RemoteOrderDisplay.obj
 0001:00002ad4       ?GetGUID@?$IProvideClassInfo2Impl@$1?CLSID_OPOSRemoteOrderDisplay@@3U_GUID@@B$1?DIID__IOPOSRemoteOrderDisplayEvents@@3U2@B$1?LIBID_OposRemoteOrderDisplay_CCO@@3U2@B$00$0A@VCComTypeInfoHolder@ATL@@@ATL@@UEAAJKPEAU_GUID@@@Z 0000000180003ad4 f i RemoteOrderDisplay.obj
 0001:00002b08       ?FAccessAllowed@?$IObjectSafetyImpl@VCOPOSRemoteOrderDisplay@@$02@ATL@@MEAAHXZ 0000000180003b08 f i RemoteOrderDisplay.obj
 0001:00002b08       _get_startup_argv_mode     0000000180003b08 f i LIBCMT:argv_mode.obj
 0001:00002b08       ?AddRef@CRegObject@ATL@@UEAAKXZ 0000000180003b08 f i RemoteOrderDisplay.obj
 0001:00002b10       ?GetInterfaceSafetyOptions@?$IObjectSafetyImpl@VCOPOSRemoteOrderDisplay@@$02@ATL@@UEAAJAEBU_GUID@@PEAK1@Z 0000000180003b10 f i RemoteOrderDisplay.obj
 0001:00002ba4       ?SetInterfaceSafetyOptions@?$IObjectSafetyImpl@VCOPOSRemoteOrderDisplay@@$02@ATL@@UEAAJAEBU_GUID@@KK@Z 0000000180003ba4 f i RemoteOrderDisplay.obj
 0001:00002c48       ?_LocCPQueryInterface@?$IConnectionPointImpl@VCOPOSRemoteOrderDisplay@@$1?DIID__IOPOSRemoteOrderDisplayEvents@@3U_GUID@@BVCComDynamicUnkArray@ATL@@@ATL@@UEAAJAEBU_GUID@@PEAPEAX@Z 0000000180003c48 f i RemoteOrderDisplay.obj
 0001:00002c48       ?_LocCPQueryInterface@?$IConnectionPointImpl@VCOPOSRemoteOrderDisplay@@$1?IID_IPropertyNotifySink@@3U_GUID@@BVCComDynamicUnkArray@ATL@@@ATL@@UEAAJAEBU_GUID@@PEAPEAX@Z 0000000180003c48 f i RemoteOrderDisplay.obj
 0001:00002cbc       ?GetConnectionInterface@?$IConnectionPointImpl@VCOPOSRemoteOrderDisplay@@$1?IID_IPropertyNotifySink@@3U_GUID@@BVCComDynamicUnkArray@ATL@@@ATL@@UEAAJPEAU_GUID@@@Z 0000000180003cbc f i RemoteOrderDisplay.obj
 0001:00002cd8       ?GetConnectionPointContainer@?$IConnectionPointImpl@VCOPOSRemoteOrderDisplay@@$1?IID_IPropertyNotifySink@@3U_GUID@@BVCComDynamicUnkArray@ATL@@@ATL@@UEAAJPEAPEAUIConnectionPointContainer@@@Z 0000000180003cd8 f i RemoteOrderDisplay.obj
 0001:00002cf8       ?Advise@?$IConnectionPointImpl@VCOPOSRemoteOrderDisplay@@$1?IID_IPropertyNotifySink@@3U_GUID@@BVCComDynamicUnkArray@ATL@@@ATL@@UEAAJPEAUIUnknown@@PEAK@Z 0000000180003cf8 f i RemoteOrderDisplay.obj
 0001:00002cf8       ?Advise@?$IConnectionPointImpl@VCOPOSRemoteOrderDisplay@@$1?DIID__IOPOSRemoteOrderDisplayEvents@@3U_GUID@@BVCComDynamicUnkArray@ATL@@@ATL@@UEAAJPEAUIUnknown@@PEAK@Z 0000000180003cf8 f i RemoteOrderDisplay.obj
 0001:00002db8       ?Unadvise@?$IConnectionPointImpl@VCOPOSRemoteOrderDisplay@@$1?DIID__IOPOSRemoteOrderDisplayEvents@@3U_GUID@@BVCComDynamicUnkArray@ATL@@@ATL@@UEAAJK@Z 0000000180003db8 f i RemoteOrderDisplay.obj
 0001:00002db8       ?Unadvise@?$IConnectionPointImpl@VCOPOSRemoteOrderDisplay@@$1?IID_IPropertyNotifySink@@3U_GUID@@BVCComDynamicUnkArray@ATL@@@ATL@@UEAAJK@Z 0000000180003db8 f i RemoteOrderDisplay.obj
 0001:00002e34       ?EnumConnections@?$IConnectionPointImpl@VCOPOSRemoteOrderDisplay@@$1?DIID__IOPOSRemoteOrderDisplayEvents@@3U_GUID@@BVCComDynamicUnkArray@ATL@@@ATL@@UEAAJPEAPEAUIEnumConnections@@@Z 0000000180003e34 f i RemoteOrderDisplay.obj
 0001:00002e34       ?EnumConnections@?$IConnectionPointImpl@VCOPOSRemoteOrderDisplay@@$1?IID_IPropertyNotifySink@@3U_GUID@@BVCComDynamicUnkArray@ATL@@@ATL@@UEAAJPEAPEAUIEnumConnections@@@Z 0000000180003e34 f i RemoteOrderDisplay.obj
 0001:00002fdc       ?GetConnectionInterface@?$IConnectionPointImpl@VCOPOSRemoteOrderDisplay@@$1?DIID__IOPOSRemoteOrderDisplayEvents@@3U_GUID@@BVCComDynamicUnkArray@ATL@@@ATL@@UEAAJPEAU_GUID@@@Z 0000000180003fdc f i RemoteOrderDisplay.obj
 0001:00002ff8       ?GetConnectionPointContainer@?$IConnectionPointImpl@VCOPOSRemoteOrderDisplay@@$1?DIID__IOPOSRemoteOrderDisplayEvents@@3U_GUID@@BVCComDynamicUnkArray@ATL@@@ATL@@UEAAJPEAPEAUIConnectionPointContainer@@@Z 0000000180003ff8 f i RemoteOrderDisplay.obj
 0001:00003018       ?UpdateRegistry@COPOSRemoteOrderDisplay@@SAJH@Z 0000000180004018 f i RemoteOrderDisplay.obj
 0001:00003030       ?ProcessWindowMessage@COPOSRemoteOrderDisplay@@UEAAHPEAUHWND__@@I_K_JAEA_JK@Z 0000000180004030 f i RemoteOrderDisplay.obj
 0001:000030b8       ?SOData@COPOSRemoteOrderDisplay@@MEAAJJ@Z 00000001800040b8 f i RemoteOrderDisplay.obj
 0001:00003108       ?SODirectIO@COPOSRemoteOrderDisplay@@MEAAJJPEAJPEAPEA_W@Z 0000000180004108 f i RemoteOrderDisplay.obj
 0001:00003180       ?SOError@COPOSRemoteOrderDisplay@@MEAAJJJJPEAJ@Z 0000000180004180 f i RemoteOrderDisplay.obj
 0001:00003208       ?SOOutputComplete@COPOSRemoteOrderDisplay@@MEAAJJ@Z 0000000180004208 f i RemoteOrderDisplay.obj
 0001:00003258       ?SOStatusUpdate@COPOSRemoteOrderDisplay@@MEAAJJ@Z 0000000180004258 f i RemoteOrderDisplay.obj
 0001:000032a8       ?AddReplacement@CRegObject@ATL@@UEAAJPEB_W0@Z 00000001800042a8 f i RemoteOrderDisplay.obj
 0001:000032d8       ?ClearReplacements@CRegObject@ATL@@UEAAJXZ 00000001800042d8 f i RemoteOrderDisplay.obj
 0001:000032e4       ??_GCRegObject@ATL@@UEAAPEAXI@Z 00000001800042e4 f i RemoteOrderDisplay.obj
 0001:000032e4       ??_ECRegObject@ATL@@UEAAPEAXI@Z 00000001800042e4 f i RemoteOrderDisplay.obj
 0001:00003364       ?CreateInstance@?$CComCreator@V?$CComObjectCached@VCComClassFactory@ATL@@@ATL@@@ATL@@SAJPEAXAEBU_GUID@@PEAPEAX@Z 0000000180004364 f i RemoteOrderDisplay.obj
 0001:00003468       ?CreateInstance@?$CComCreator2@V?$CComCreator@V?$CComObject@VCOPOSRemoteOrderDisplay@@@ATL@@@ATL@@V?$CComCreator@V?$CComAggObject@VCOPOSRemoteOrderDisplay@@@ATL@@@2@@ATL@@SAJPEAXAEBU_GUID@@PEAPEAX@Z 0000000180004468 f i RemoteOrderDisplay.obj
 0001:00003478       ?Next@?$CComEnumImpl@UIEnumConnectionPoints@@$1?_GUID_b196b285_bab4_101a_b69c_00aa00341d07@@3U__s_GUID@@BPEAUIConnectionPoint@@V?$_CopyInterface@UIConnectionPoint@@@ATL@@@ATL@@UEAAJKPEAPEAUIConnectionPoint@@PEAK@Z 0000000180004478 f i RemoteOrderDisplay.obj
 0001:00003544       ?Skip@?$CComEnumImpl@UIEnumConnectionPoints@@$1?_GUID_b196b285_bab4_101a_b69c_00aa00341d07@@3U__s_GUID@@BPEAUIConnectionPoint@@V?$_CopyInterface@UIConnectionPoint@@@ATL@@@ATL@@UEAAJK@Z 0000000180004544 f i RemoteOrderDisplay.obj
 0001:00003570       ?Clone@?$CComEnumImpl@UIEnumConnectionPoints@@$1?_GUID_b196b285_bab4_101a_b69c_00aa00341d07@@3U__s_GUID@@BPEAUIConnectionPoint@@V?$_CopyInterface@UIConnectionPoint@@@ATL@@@ATL@@UEAAJPEAPEAUIEnumConnectionPoints@@@Z 0000000180004570 f i RemoteOrderDisplay.obj
 0001:00003698       ?QueryInterface@?$CComObject@V?$CComEnum@UIEnumConnectionPoints@@$1?_GUID_b196b285_bab4_101a_b69c_00aa00341d07@@3U__s_GUID@@BPEAUIConnectionPoint@@V?$_CopyInterface@UIConnectionPoint@@@ATL@@VCComSingleThreadModel@6@@ATL@@@ATL@@UEAAJAEBU_GUID@@PEAPEAX@Z 0000000180004698 f i RemoteOrderDisplay.obj
 0001:000036ac       ??_G?$CComObject@V?$CComEnum@UIEnumConnectionPoints@@$1?_GUID_b196b285_bab4_101a_b69c_00aa00341d07@@3U__s_GUID@@BPEAUIConnectionPoint@@V?$_CopyInterface@UIConnectionPoint@@@ATL@@VCComSingleThreadModel@6@@ATL@@@ATL@@UEAAPEAXI@Z 00000001800046ac f i RemoteOrderDisplay.obj
 0001:000036ac       ??_E?$CComObject@V?$CComEnum@UIEnumConnectionPoints@@$1?_GUID_b196b285_bab4_101a_b69c_00aa00341d07@@3U__s_GUID@@BPEAUIConnectionPoint@@V?$_CopyInterface@UIConnectionPoint@@@ATL@@VCComSingleThreadModel@6@@ATL@@@ATL@@UEAAPEAXI@Z 00000001800046ac f i RemoteOrderDisplay.obj
 0001:00003704       ??$AtlModuleRegisterWndClassInfoT@VAtlModuleRegisterWndClassInfoParamW@ATL@@@ATL@@YAGPEAU_ATL_BASE_MODULE70@0@PEAU_ATL_WIN_MODULE70@0@PEAU_ATL_WNDCLASSINFOW@0@PEAP6A_JPEAUHWND__@@I_K_J@ZVAtlModuleRegisterWndClassInfoParamW@0@@Z 0000000180004704 f i RemoteOrderDisplay.obj
 0001:00003904       ??0?$CComContainedObject@VCOPOSRemoteOrderDisplay@@@ATL@@QEAA@PEAX@Z 0000000180004904 f i RemoteOrderDisplay.obj
 0001:00003a20       ??0?$CComObject@VCOPOSRemoteOrderDisplay@@@ATL@@QEAA@PEAX@Z 0000000180004a20 f i RemoteOrderDisplay.obj
 0001:00003b38       ??0CAtlModule@ATL@@QEAA@XZ 0000000180004b38 f i RemoteOrderDisplay.obj
 0001:00003bb8       ??1?$CComEnumImpl@UIEnumConnectionPoints@@$1?_GUID_b196b285_bab4_101a_b69c_00aa00341d07@@3U__s_GUID@@BPEAUIConnectionPoint@@V?$_CopyInterface@UIConnectionPoint@@@ATL@@@ATL@@UEAA@XZ 0000000180004bb8 f i RemoteOrderDisplay.obj
 0001:00003c14       ??1?$CComEnumImpl@UIEnumConnections@@$1?_GUID_b196b287_bab4_101a_b69c_00aa00341d07@@3U__s_GUID@@BUtagCONNECTDATA@@V?$_Copy@UtagCONNECTDATA@@@ATL@@@ATL@@UEAA@XZ 0000000180004c14 f i RemoteOrderDisplay.obj
 0001:00003c70       ??1?$CComObject@VCOPOSRemoteOrderDisplay@@@ATL@@UEAA@XZ 0000000180004c70 f i RemoteOrderDisplay.obj
 0001:00003d90       ??_E?$CComContainedObject@VCOPOSRemoteOrderDisplay@@@ATL@@UEAAPEAXI@Z 0000000180004d90 f i RemoteOrderDisplay.obj
 0001:00003d90       ??_G?$CComContainedObject@VCOPOSRemoteOrderDisplay@@@ATL@@UEAAPEAXI@Z 0000000180004d90 f i RemoteOrderDisplay.obj
 0001:00003dc4       ??_E?$CComObject@VCOPOSRemoteOrderDisplay@@@ATL@@UEAAPEAXI@Z 0000000180004dc4 f i RemoteOrderDisplay.obj
 0001:00003dc4       ??_G?$CComObject@VCOPOSRemoteOrderDisplay@@@ATL@@UEAAPEAXI@Z 0000000180004dc4 f i RemoteOrderDisplay.obj
 0001:00003df8       ?Add@?$CSimpleArray@GV?$CSimpleArrayEqualHelper@G@ATL@@@ATL@@QEAAHAEBG@Z 0000000180004df8 f i RemoteOrderDisplay.obj
 0001:00003eac       ?Add@?$CSimpleMap@PEA_WPEA_WVCExpansionVectorEqualHelper@ATL@@@ATL@@QEAAHAEBQEA_W0@Z 0000000180004eac f i RemoteOrderDisplay.obj
 0001:00003f4c       ?Add@CComDynamicUnkArray@ATL@@QEAAKPEAUIUnknown@@@Z 0000000180004f4c f i RemoteOrderDisplay.obj
 0001:00004044       ?Add@CExpansionVector@ATL@@QEAAHPEB_W0@Z 0000000180005044 f i RemoteOrderDisplay.obj
 0001:000041d4       ?AddValue@CRegParser@ATL@@IEAAJAEAVCRegKey@2@PEB_WPEA_W@Z 00000001800051d4 f i RemoteOrderDisplay.obj
 0001:0000461c       ?AllocateHeap@?$CTempBuffer@_W$0EAA@VCCRTAllocator@ATL@@@ATL@@AEAAX_K@Z 000000018000561c f i RemoteOrderDisplay.obj
 0001:0000461c       ?AllocateHeap@?$CTempBuffer@E$0BAA@VCCRTAllocator@ATL@@@ATL@@AEAAX_K@Z 000000018000561c f i RemoteOrderDisplay.obj
 0001:0000461c       ?AllocateHeap@?$CTempBuffer@_W$0BAA@VCCRTAllocator@ATL@@@ATL@@AEAAX_K@Z 000000018000561c f i RemoteOrderDisplay.obj
 0001:00004648       ?Append@CParseBuffer@CRegParser@ATL@@QEAAHPEB_WH@Z 0000000180005648 f i RemoteOrderDisplay.obj
 0001:00004760       ?AtlCallTermFunc@ATL@@YAXPEAU_ATL_MODULE70@1@@Z 0000000180005760 f i RemoteOrderDisplay.obj
 0001:000047c4       ?AtlComModuleGetClassObject@ATL@@YAJPEAU_ATL_COM_MODULE70@1@AEBU_GUID@@1PEAPEAX@Z 00000001800057c4 f i RemoteOrderDisplay.obj
 0001:00004904       ?AtlComModuleRegisterServer@ATL@@YAJPEAU_ATL_COM_MODULE70@1@HPEBU_GUID@@@Z 0000000180005904 f i RemoteOrderDisplay.obj
 0001:000049c4       ?AtlComModuleUnregisterServer@ATL@@YAJPEAU_ATL_COM_MODULE70@1@HPEBU_GUID@@@Z 00000001800059c4 f i RemoteOrderDisplay.obj
 0001:00004a80       ?AtlCreateTargetDC@ATL@@YAPEAUHDC__@@PEAU2@PEAUtagDVTARGETDEVICE@@@Z 0000000180005a80 f i RemoteOrderDisplay.obj
 0001:00004af4       ?AtlHiMetricToPixel@ATL@@YAXPEBUtagSIZE@@PEAU2@@Z 0000000180005af4 f i RemoteOrderDisplay.obj
 0001:00004ba4       ?AtlHresultFromLastError@ATL@@YAJXZ 0000000180005ba4 f i RemoteOrderDisplay.obj
 0001:00004bc4       ?AtlHresultFromWin32@ATL@@YAJK@Z 0000000180005bc4 f i RemoteOrderDisplay.obj
 0001:00004bd4       ?AtlIPersistStreamInit_Load@ATL@@YAJPEAUIStream@@PEBUATL_PROPMAP_ENTRY@1@PEAXPEAUIUnknown@@@Z 0000000180005bd4 f i RemoteOrderDisplay.obj
 0001:00004e0c       ?AtlIPersistStreamInit_Save@ATL@@YAJPEAUIStream@@HPEBUATL_PROPMAP_ENTRY@1@PEAXPEAUIUnknown@@@Z 0000000180005e0c f i RemoteOrderDisplay.obj
 0001:00005048       ?AtlInternalOleLoadFromStream@ATL@@YAJPEAUIStream@@AEBU_GUID@@PEAPEAXTClassesAllowedInStream@1@K@Z 0000000180006048 f i RemoteOrderDisplay.obj
 0001:0000518c       ?AtlInternalQueryInterface@ATL@@YAJPEAXPEBU_ATL_INTMAP_ENTRY@1@AEBU_GUID@@PEAPEAX@Z 000000018000618c f i RemoteOrderDisplay.obj
 0001:00005294       ?AtlLoadTypeLib@ATL@@YAJPEAUHINSTANCE__@@PEB_WPEAPEA_WPEAPEAUITypeLib@@@Z 0000000180006294 f i RemoteOrderDisplay.obj
 0001:000054f0       ?AtlModuleAddTermFunc@ATL@@YAJPEAU_ATL_MODULE70@1@P6AX_K@Z1@Z 00000001800064f0 f i RemoteOrderDisplay.obj
 0001:00005584       ?AtlRegisterClassCategoriesHelper@ATL@@YAJAEBU_GUID@@PEBU_ATL_CATMAP_ENTRY@1@H@Z 0000000180006584 f i RemoteOrderDisplay.obj
 0001:000059ec       ?AtlRegisterTypeLib@ATL@@YAJPEAUHINSTANCE__@@PEB_W@Z 00000001800069ec f i RemoteOrderDisplay.obj
 0001:00005be8       ?AtlThrowImpl@ATL@@YAXJ@Z  0000000180006be8 f i RemoteOrderDisplay.obj
 0001:00005c0c       ?AtlUnRegisterTypeLib@ATL@@YAJPEAUHINSTANCE__@@PEB_W@Z 0000000180006c0c f i RemoteOrderDisplay.obj
 0001:00005cd4       ?AtlWinModuleExtractCreateWndData@ATL@@YAPEAXPEAU_ATL_WIN_MODULE70@1@@Z 0000000180006cd4 f i RemoteOrderDisplay.obj
 0001:00005d60       ?Cleanup@CComTypeInfoHolder@ATL@@SAX_K@Z 0000000180006d60 f i RemoteOrderDisplay.obj
 0001:00005da0       ?ClearReplacements@CExpansionVector@ATL@@QEAAJXZ 0000000180006da0 f i RemoteOrderDisplay.obj
 0001:00005e3c       ?CreateInstance@?$CComCreator@V?$CComAggObject@VCOPOSRemoteOrderDisplay@@@ATL@@@ATL@@SAJPEAXAEBU_GUID@@PEAPEAX@Z 0000000180006e3c f i RemoteOrderDisplay.obj
 0001:00005f14       ?CreateInstance@?$CComCreator@V?$CComObject@VCOPOSRemoteOrderDisplay@@@ATL@@@ATL@@SAJPEAXAEBU_GUID@@PEAPEAX@Z 0000000180006f14 f i RemoteOrderDisplay.obj
 0001:00005fcc       ?CreateInstance@?$CComObject@V?$CComEnum@UIEnumConnectionPoints@@$1?_GUID_b196b285_bab4_101a_b69c_00aa00341d07@@3U__s_GUID@@BPEAUIConnectionPoint@@V?$_CopyInterface@UIConnectionPoint@@@ATL@@VCComSingleThreadModel@6@@ATL@@@ATL@@SAJPEAPEAV12@@Z 0000000180006fcc f i RemoteOrderDisplay.obj
 0001:00006058       ?CreateInstance@?$CComObject@V?$CComEnum@UIEnumConnections@@$1?_GUID_b196b287_bab4_101a_b69c_00aa00341d07@@3U__s_GUID@@BUtagCONNECTDATA@@V?$_Copy@UtagCONNECTDATA@@@ATL@@VCComSingleThreadModel@6@@ATL@@@ATL@@SAJPEAPEAV12@@Z 0000000180007058 f i RemoteOrderDisplay.obj
 0001:000060e4       ?DefaultReflectionHandler@?$CWindowImplRoot@VCWindow@ATL@@@ATL@@SAHPEAUHWND__@@I_K_JAEA_J@Z 00000001800070e4 f i RemoteOrderDisplay.obj
 0001:00006148       ?DeleteSubKey@CRegKey@ATL@@QEAAJPEB_W@Z 0000000180007148 f i RemoteOrderDisplay.obj
 0001:000061e0       ?DoEvent@COPOSRemoteOrderDisplay@@IEAAXI_K_J@Z 00000001800071e0 f i RemoteOrderDisplay.obj
 0001:00006294       ?DoVerbPrimary@?$IOleObjectImpl@VCOPOSRemoteOrderDisplay@@@ATL@@QEAAJPEBUtagRECT@@PEAUHWND__@@@Z 0000000180007294 f i RemoteOrderDisplay.obj
 0001:000063bc       ?DoVerbProperties@CComControlBase@ATL@@QEAAJPEBUtagRECT@@PEAUHWND__@@@Z 00000001800073bc f i RemoteOrderDisplay.obj
 0001:000065e4       ?FireTheEvent@?$CProxy_IOPOSEvents@VCOPOSRemoteOrderDisplay@@@@IEAAXPEAVOposVariant@@IAEAJPEB_WJ@Z 00000001800075e4 f i RemoteOrderDisplay.obj
 0001:000066d0       ?FireViewChange@CComControlBase@ATL@@QEAAJXZ 00000001800076d0 f i RemoteOrderDisplay.obj
 0001:00006734       ?Fire_DataEvent@?$CProxy_IOPOSEvents@VCOPOSRemoteOrderDisplay@@@@QEAAXJ@Z 0000000180007734 f i RemoteOrderDisplay.obj
 0001:00006820       ?Fire_DirectIOEvent@?$CProxy_IOPOSEvents@VCOPOSRemoteOrderDisplay@@@@QEAAXJPEAJPEAPEA_W@Z 0000000180007820 f i RemoteOrderDisplay.obj
 0001:00006978       ?Fire_ErrorEvent@?$CProxy_IOPOSEvents@VCOPOSRemoteOrderDisplay@@@@QEAAXJJJPEAJ@Z 0000000180007978 f i RemoteOrderDisplay.obj
 0001:00006ae0       ?Fire_OutputCompleteEvent@?$CProxy_IOPOSEvents@VCOPOSRemoteOrderDisplay@@@@QEAAXJ@Z 0000000180007ae0 f i RemoteOrderDisplay.obj
 0001:00006bcc       ?Fire_StatusUpdateEvent@?$CProxy_IOPOSEvents@VCOPOSRemoteOrderDisplay@@@@QEAAXJ@Z 0000000180007bcc f i RemoteOrderDisplay.obj
 0001:00006cb8       ?FreeHeap@?$CTempBuffer@E$0BAA@VCCRTAllocator@ATL@@@ATL@@AEAAXXZ 0000000180007cb8 f i RemoteOrderDisplay.obj
 0001:00006cb8       ?FreeHeap@?$CTempBuffer@_W$0EAA@VCCRTAllocator@ATL@@@ATL@@AEAAXXZ 0000000180007cb8 f i RemoteOrderDisplay.obj
 0001:00006cb8       ?FreeHeap@?$CTempBuffer@_W$0BAA@VCCRTAllocator@ATL@@@ATL@@AEAAXXZ 0000000180007cb8 f i RemoteOrderDisplay.obj
 0001:00006cc0       ?GetAmbientLocaleID@CComControlBase@ATL@@QEAAJAEAK@Z 0000000180007cc0 f i RemoteOrderDisplay.obj
 0001:00006d80       ?GetAmbientUserMode@CComControlBase@ATL@@QEAAJAEAH@Z 0000000180007d80 f i RemoteOrderDisplay.obj
 0001:00006e54       ?GetClassObject@CComModule@ATL@@QEAAJAEBU_GUID@@0PEAPEAX@Z 0000000180007e54 f i RemoteOrderDisplay.obj
 0001:00006f48       ?GetConnMap@COPOSRemoteOrderDisplay@@SAPEBU_ATL_CONNMAP_ENTRY@ATL@@PEAH@Z 0000000180007f48 f i RemoteOrderDisplay.obj
 0001:00006fd0       ?GetIDsOfNames@CComTypeInfoHolder@ATL@@QEAAJAEBU_GUID@@PEAPEA_WIKPEAJ@Z 0000000180007fd0 f i RemoteOrderDisplay.obj
 0001:00007148       ?GetPagesHelper@?$ISpecifyPropertyPagesImpl@VCOPOSRemoteOrderDisplay@@@ATL@@IEAAJPEAUtagCAUUID@@PEBUATL_PROPMAP_ENTRY@2@@Z 0000000180008148 f i RemoteOrderDisplay.obj
 0001:000072e8       ?GetSizeMax@CComVariant@ATL@@QEBAJPEAT_ULARGE_INTEGER@@@Z 00000001800082e8 f i RemoteOrderDisplay.obj
 0001:0000751c       ?GetTI@CComTypeInfoHolder@ATL@@QEAAJK@Z 000000018000851c f i RemoteOrderDisplay.obj
 0001:00007794       ?GetZoomInfo@CComControlBase@ATL@@QEAAXAEAUATL_DRAWINFO@@@Z 0000000180008794 f i RemoteOrderDisplay.obj
 0001:00007838       ?HKeyFromString@CRegParser@ATL@@KAPEAUHKEY__@@PEA_W@Z 0000000180008838 f i RemoteOrderDisplay.obj
 0001:0000789c       ?IDataObject_GetData@CComControlBase@ATL@@QEAAJPEAUtagFORMATETC@@PEAUtagSTGMEDIUM@@@Z 000000018000889c f i RemoteOrderDisplay.obj
 0001:00007a90       ?IOleInPlaceObject_InPlaceDeactivate@CComControlBase@ATL@@QEAAJXZ 0000000180008a90 f i RemoteOrderDisplay.obj
 0001:00007b30       ?IOleInPlaceObject_SetObjectRects@CComControlBase@ATL@@QEAAJPEBUtagRECT@@0@Z 0000000180008b30 f i RemoteOrderDisplay.obj
 0001:00007c20       ?IOleInPlaceObject_UIDeactivate@CComControlBase@ATL@@QEAAJXZ 0000000180008c20 f i RemoteOrderDisplay.obj
 0001:00007d2c       ?IOleObject_Close@CComControlBase@ATL@@QEAAJK@Z 0000000180008d2c f i RemoteOrderDisplay.obj
 0001:00007e44       ?IOleObject_SetClientSite@CComControlBase@ATL@@QEAAJPEAUIOleClientSite@@@Z 0000000180008e44 f i RemoteOrderDisplay.obj
 0001:00007ebc       ?IOleObject_SetExtent@CComControlBase@ATL@@QEAAJKPEAUtagSIZE@@@Z 0000000180008ebc f i RemoteOrderDisplay.obj
 0001:00007f54       ?IPSI_GetIPersistStreamInit@?$IPersistStorageImpl@VCOPOSRemoteOrderDisplay@@@ATL@@AEAAPEAUIPersistStreamInit@@XZ 0000000180008f54 f i RemoteOrderDisplay.obj
 0001:00007fb0       ?IQuickActivate_QuickActivate@CComControlBase@ATL@@QEAAJPEAUtagQACONTAINER@@PEAUtagQACONTROL@@@Z 0000000180008fb0 f i RemoteOrderDisplay.obj
 0001:00008274       ?IViewObject_Draw@CComControlBase@ATL@@QEAAJKJPEAXPEAUtagDVTARGETDEVICE@@PEAUHDC__@@2PEBU_RECTL@@3@Z 0000000180009274 f i RemoteOrderDisplay.obj
 0001:00008388       ?InPlaceActivate@CComControlBase@ATL@@QEAAJJPEBUtagRECT@@@Z 0000000180009388 f i RemoteOrderDisplay.obj
 0001:000086c0       ?Init@?$CComEnumImpl@UIEnumConnectionPoints@@$1?_GUID_b196b285_bab4_101a_b69c_00aa00341d07@@3U__s_GUID@@BPEAUIConnectionPoint@@V?$_CopyInterface@UIConnectionPoint@@@ATL@@@ATL@@QEAAJPEAPEAUIConnectionPoint@@0PEAUIUnknown@@W4CComEnumFlags@2@@Z 00000001800096c0 f i RemoteOrderDisplay.obj
 0001:000087e0       ?Init@?$CComEnumImpl@UIEnumConnections@@$1?_GUID_b196b287_bab4_101a_b69c_00aa00341d07@@3U__s_GUID@@BUtagCONNECTDATA@@V?$_Copy@UtagCONNECTDATA@@@ATL@@@ATL@@QEAAJPEAUtagCONNECTDATA@@0PEAUIUnknown@@W4CComEnumFlags@2@@Z 00000001800097e0 f i RemoteOrderDisplay.obj
 0001:00008904       ?IsEqualObject@?$CComPtrBase@UITypeInfo@@@ATL@@QEAA_NPEAUIUnknown@@@Z 0000000180009904 f i RemoteOrderDisplay.obj
 0001:00008904       ?IsEqualObject@?$CComPtrBase@UIOleClientSite@@@ATL@@QEAA_NPEAUIUnknown@@@Z 0000000180009904 f i RemoteOrderDisplay.obj
 0001:00008990       ?LoadNameCache@CComTypeInfoHolder@ATL@@QEAAJPEAUITypeInfo@@@Z 0000000180009990 f i RemoteOrderDisplay.obj
 0001:00008b14       ?Lookup@?$CSimpleMap@PEA_WPEA_WVCExpansionVectorEqualHelper@ATL@@@ATL@@QEBAPEA_WAEBQEA_W@Z 0000000180009b14 f i RemoteOrderDisplay.obj
 0001:00008ba0       ?NextToken@CRegParser@ATL@@IEAAJPEA_W@Z 0000000180009ba0 f i RemoteOrderDisplay.obj
 0001:00008d58       ?OnKillFocus@CComControlBase@ATL@@QEAA_JI_K_JAEAH@Z 0000000180009d58 f i RemoteOrderDisplay.obj
 0001:00008df4       ?OnMouseActivate@CComControlBase@ATL@@QEAA_JI_K_JAEAH@Z 0000000180009df4 f i RemoteOrderDisplay.obj
 0001:00008e94       ?OnPaint@CComControlBase@ATL@@QEAA_JI_K_JAEAH@Z 0000000180009e94 f i RemoteOrderDisplay.obj
 0001:00008f80       ?OnSetFocus@CComControlBase@ATL@@QEAA_JI_K_JAEAH@Z 0000000180009f80 f i RemoteOrderDisplay.obj
 0001:0000907c       ?Open@CRegKey@ATL@@QEAAJPEAUHKEY__@@PEB_WK@Z 000000018000a07c f i RemoteOrderDisplay.obj
 0001:00009108       ?PreProcessBuffer@CRegParser@ATL@@QEAAJPEA_WPEAPEA_W@Z 000000018000a108 f i RemoteOrderDisplay.obj
 0001:0000948c       ?ProcessWindowMessage@?$CComControl@VCOPOSRemoteOrderDisplay@@V?$CWindowImpl@VCOPOSRemoteOrderDisplay@@VCWindow@ATL@@V?$CWinTraits@$0FGAAAAAA@$0A@@3@@ATL@@@ATL@@UEAAHPEAUHWND__@@I_K_JAEA_JK@Z 000000018000a48c f i RemoteOrderDisplay.obj
 0001:00009570       ?PutProperty@?$CComPtr@UIDispatch@@@ATL@@SAJPEAUIDispatch@@JPEAUtagVARIANT@@@Z 000000018000a570 f i RemoteOrderDisplay.obj
 0001:00009674       ?ReadFromStream@CComBSTR@ATL@@QEAAJPEAUIStream@@@Z 000000018000a674 f i RemoteOrderDisplay.obj
 0001:000097d0       ?ReadFromStream@CComVariant@ATL@@QEAAJPEAUIStream@@GTClassesAllowedInStream@2@K@Z 000000018000a7d0 f i RemoteOrderDisplay.obj
 0001:000099e0       ?RecurseDeleteKey@CRegKey@ATL@@QEAAJPEB_W@Z 000000018000a9e0 f i RemoteOrderDisplay.obj
 0001:00009aec       ?RegCreateKeyExW@CAtlTransactionManager@ATL@@QEAAJPEAUHKEY__@@PEB_WKPEA_WKKQEAU_SECURITY_ATTRIBUTES@@PEAPEAU3@PEAK@Z 000000018000aaec f i RemoteOrderDisplay.obj
 0001:00009c20       ?RegDeleteKeyW@CAtlTransactionManager@ATL@@QEAAJPEAUHKEY__@@PEB_W@Z 000000018000ac20 f i RemoteOrderDisplay.obj
 0001:00009cac       ?RegOpenKeyExW@CAtlTransactionManager@ATL@@QEAAJPEAUHKEY__@@PEB_WKKPEAPEAU3@@Z 000000018000acac f i RemoteOrderDisplay.obj
 0001:00009d64       ?RegisterBuffer@CRegParser@ATL@@QEAAJPEA_WH@Z 000000018000ad64 f i RemoteOrderDisplay.obj
 0001:00009ecc       ?RegisterFromResource@CRegObject@ATL@@IEAAJPEB_W00H@Z 000000018000aecc f i RemoteOrderDisplay.obj
 0001:0000a088       ?RegisterServer@CComModule@ATL@@QEAAJHPEBU_GUID@@@Z 000000018000b088 f i RemoteOrderDisplay.obj
 0001:0000a148       ?RegisterSubkeys@CRegParser@ATL@@IEAAJPEA_WPEAUHKEY__@@HH@Z 000000018000b148 f i RemoteOrderDisplay.obj
 0001:0000a844       ?SendOnDataChange@CComControlBase@ATL@@QEAAJK@Z 000000018000b844 f i RemoteOrderDisplay.obj
 0001:0000a8b4       ?SetControlFocus@CComControlBase@ATL@@QEAAHH@Z 000000018000b8b4 f i RemoteOrderDisplay.obj
 0001:0000a990       ?SkipAssignment@CRegParser@ATL@@IEAAJPEA_W@Z 000000018000b990 f i RemoteOrderDisplay.obj
 0001:0000aa34       ?Term@CComModule@ATL@@QEAAXXZ 000000018000ba34 f i RemoteOrderDisplay.obj
 0001:0000aae0       ?UnregisterServer@CComModule@ATL@@QEAAJHPEBU_GUID@@@Z 000000018000bae0 f i RemoteOrderDisplay.obj
 0001:0000ab90       ?UpdateRegistryFromResource@CAtlModule@ATL@@QEAAJIHPEAU_ATL_REGMAP_ENTRY@2@@Z 000000018000bb90 f i RemoteOrderDisplay.obj
 0001:0000aec8       ?UpdateRegistryFromResource@CAtlModule@ATL@@QEAAJPEB_WHPEAU_ATL_REGMAP_ENTRY@2@@Z 000000018000bec8 f i RemoteOrderDisplay.obj
 0001:0000b220       ?VTFromRegType@CRegParser@ATL@@KAHPEB_WAEAG@Z 000000018000c220 f i RemoteOrderDisplay.obj
 0001:0000b2bc       ?WindowProc@?$CWindowImplBaseT@VCWindow@ATL@@V?$CWinTraits@$0FGAAAAAA@$0A@@2@@ATL@@SA_JPEAUHWND__@@I_K_J@Z 000000018000c2bc f i RemoteOrderDisplay.obj
 0001:0000b428       ?WriteToStream@CComBSTR@ATL@@QEAAJPEAUIStream@@@Z 000000018000c428 f i RemoteOrderDisplay.obj
 0001:0000b4a8       ?WriteToStream@CComVariant@ATL@@QEAAJPEAUIStream@@@Z 000000018000c4a8 f i RemoteOrderDisplay.obj
 0001:0000b6bc       ?WriteToStream@CComVariant@ATL@@QEAAJPEAUIStream@@G@Z 000000018000c6bc f i RemoteOrderDisplay.obj
 0001:0000b754       ?_AtlVerifyStackAvailable@_ATL_SAFE_ALLOCA_IMPL@ATL@@YA_N_K@Z 000000018000c754 f i RemoteOrderDisplay.obj
 0001:0000b7d8       ?atlCreate@?$CWindowImpl@VCOPOSRemoteOrderDisplay@@VCWindow@ATL@@V?$CWinTraits@$0FGAAAAAA@$0A@@3@@ATL@@QEAAPEAUHWND__@@PEAU3@V_U_RECT@2@PEB_WKKV_U_MENUorID@2@PEAX@Z 000000018000c7d8 f i RemoteOrderDisplay.obj
 0001:0000b888       ?atlCreate@?$CWindowImplBaseT@VCWindow@ATL@@V?$CWinTraits@$0FGAAAAAA@$0A@@2@@ATL@@QEAAPEAUHWND__@@PEAU3@V_U_RECT@2@PEB_WKKV_U_MENUorID@2@GPEAX@Z 000000018000c888 f i RemoteOrderDisplay.obj
 0001:0000b9f8       ?atlCreate@CRegKey@ATL@@QEAAJPEAUHKEY__@@PEB_WPEA_WKKPEAU_SECURITY_ATTRIBUTES@@PEAK@Z 000000018000c9f8 f i RemoteOrderDisplay.obj
 0001:0000bae4       DllCanUnloadNow            000000018000cae4 f   RemoteOrderDisplay.obj
 0001:0000baf0       DllGetClassObject          000000018000caf0 f   RemoteOrderDisplay.obj
 0001:0000bb08       DllMain                    000000018000cb08 f   RemoteOrderDisplay.obj
 0001:0000bbb0       DllRegisterServer          000000018000cbb0 f   RemoteOrderDisplay.obj
 0001:0000bbc4       DllUnregisterServer        000000018000cbc4 f   RemoteOrderDisplay.obj
 0001:0000bbd8       __local_stdio_printf_options 000000018000cbd8 f i RemoteOrderDisplay.obj
 0001:0000bc68       swprintf_s                 000000018000cc68 f i RemoteOrderDisplay.obj
 0001:0000bcbc       ??0COPOSRemoteOrderDisplay@@QEAA@XZ 000000018000ccbc f   RemoteOrderDisplayImpl.obj
 0001:0000bd8c       ??1?$IConnectionPointImpl@VCOPOSRemoteOrderDisplay@@$1?DIID__IOPOSRemoteOrderDisplayEvents@@3U_GUID@@BVCComDynamicUnkArray@ATL@@@ATL@@QEAA@XZ 000000018000cd8c f i RemoteOrderDisplayImpl.obj
 0001:0000bd8c       ??1?$IConnectionPointImpl@VCOPOSRemoteOrderDisplay@@$1?IID_IPropertyNotifySink@@3U_GUID@@BVCComDynamicUnkArray@ATL@@@ATL@@QEAA@XZ 000000018000cd8c f i RemoteOrderDisplayImpl.obj
 0001:0000bde8       ??1CComControlBase@ATL@@UEAA@XZ 000000018000cde8 f i RemoteOrderDisplayImpl.obj
 0001:0000be64       ??1COPOSRemoteOrderDisplay@@UEAA@XZ 000000018000ce64 f   RemoteOrderDisplayImpl.obj
 0001:0000bec8       ?CheckHealth@COPOSRemoteOrderDisplay@@UEAAJJPEAJ@Z 000000018000cec8 f   RemoteOrderDisplayImpl.obj
 0001:0000bf44       ?ClaimDevice@COPOSRemoteOrderDisplay@@UEAAJJPEAJ@Z 000000018000cf44 f   RemoteOrderDisplayImpl.obj
 0001:0000bfe4       ?ClearInput@COPOSRemoteOrderDisplay@@UEAAJPEAJ@Z 000000018000cfe4 f   RemoteOrderDisplayImpl.obj
 0001:0000c00c       ?ClearOutput@COPOSRemoteOrderDisplay@@UEAAJPEAJ@Z 000000018000d00c f   RemoteOrderDisplayImpl.obj
 0001:0000c034       ?ClearVideo@COPOSRemoteOrderDisplay@@UEAAJJJPEAJ@Z 000000018000d034 f   RemoteOrderDisplayImpl.obj
 0001:0000c100       ?ClearVideoRegion@COPOSRemoteOrderDisplay@@UEAAJJJJJJJPEAJ@Z 000000018000d100 f   RemoteOrderDisplayImpl.obj
 0001:0000c224       ?Close@COPOSRemoteOrderDisplay@@UEAAJPEAJ@Z 000000018000d224 f   RemoteOrderDisplayImpl.obj
 0001:0000c2dc       ?CompareFirmwareVersion@COPOSRemoteOrderDisplay@@UEAAJPEA_WPEAJ1@Z 000000018000d2dc f   RemoteOrderDisplayImpl.obj
 0001:0000c3b8       ?ControlClock@COPOSRemoteOrderDisplay@@UEAAJJJJJJJJJJJPEAJ@Z 000000018000d3b8 f   RemoteOrderDisplayImpl.obj
 0001:0000c510       ?ControlCursor@COPOSRemoteOrderDisplay@@UEAAJJJPEAJ@Z 000000018000d510 f   RemoteOrderDisplayImpl.obj
 0001:0000c5dc       ?CopyVideoRegion@COPOSRemoteOrderDisplay@@UEAAJJJJJJJJPEAJ@Z 000000018000d5dc f   RemoteOrderDisplayImpl.obj
 0001:0000c714       ?DirectIO@COPOSRemoteOrderDisplay@@UEAAJJPEAJPEAPEA_W0@Z 000000018000d714 f   RemoteOrderDisplayImpl.obj
 0001:0000c810       ?DisplayData@COPOSRemoteOrderDisplay@@UEAAJJJJJPEA_WPEAJ@Z 000000018000d810 f   RemoteOrderDisplayImpl.obj
 0001:0000c920       ?DoInvoke@COPOSRemoteOrderDisplay@@IEAAJJPEAVOposVariant@@IHPEAJ_N@Z 000000018000d920 f   RemoteOrderDisplayImpl.obj
 0001:0000ca54       ?DrawBox@COPOSRemoteOrderDisplay@@UEAAJJJJJJJJPEAJ@Z 000000018000da54 f   RemoteOrderDisplayImpl.obj
 0001:0000cb8c       ?EventInit@COPOSRemoteOrderDisplay@@IEAAJXZ 000000018000db8c f i RemoteOrderDisplayImpl.obj
 0001:0000ccd4       ?EventUninit@COPOSRemoteOrderDisplay@@IEAAXXZ 000000018000dcd4 f i RemoteOrderDisplayImpl.obj
 0001:0000cd38       ?EventWindowProc@COPOSRemoteOrderDisplay@@IEAA_JI_K_J@Z 000000018000dd38 f i RemoteOrderDisplayImpl.obj
 0001:0000cf14       ?FinalConstruct@COPOSRemoteOrderDisplay@@QEAAJXZ 000000018000df14 f   RemoteOrderDisplayImpl.obj
 0001:0000cf50       ?FreeVideoRegion@COPOSRemoteOrderDisplay@@UEAAJJJPEAJ@Z 000000018000df50 f   RemoteOrderDisplayImpl.obj
 0001:0000d01c       ?FreezeEvents@COPOSRemoteOrderDisplay@@MEAAJH@Z 000000018000e01c f   RemoteOrderDisplayImpl.obj
 0001:0000d090       ?GetOposProp@COPOSRemoteOrderDisplay@@IEAAJJPEAJJ@Z 000000018000e090 f   RemoteOrderDisplayImpl.obj
 0001:0000d1ac       ?GetOposProp@COPOSRemoteOrderDisplay@@IEAAJJPEAPEA_WJ@Z 000000018000e1ac f   RemoteOrderDisplayImpl.obj
 0001:0000d2d8       ?OnDraw@COPOSRemoteOrderDisplay@@MEAAJAEAUATL_DRAWINFO@@@Z 000000018000e2d8 f   RemoteOrderDisplayImpl.obj
 0001:0000d3c4       ?Open@COPOSRemoteOrderDisplay@@UEAAJPEA_WPEAJ@Z 000000018000e3c4 f   RemoteOrderDisplayImpl.obj
 0001:0000dc50       ?ReleaseDevice@COPOSRemoteOrderDisplay@@UEAAJPEAJ@Z 000000018000ec50 f   RemoteOrderDisplayImpl.obj
 0001:0000dcbc       ?ResetStatistics@COPOSRemoteOrderDisplay@@UEAAJPEA_WPEAJ@Z 000000018000ecbc f   RemoteOrderDisplayImpl.obj
 0001:0000dd44       ?ResetVideo@COPOSRemoteOrderDisplay@@UEAAJJPEAJ@Z 000000018000ed44 f   RemoteOrderDisplayImpl.obj
 0001:0000ddc0       ?RestoreVideoRegion@COPOSRemoteOrderDisplay@@UEAAJJJJJPEAJ@Z 000000018000edc0 f   RemoteOrderDisplayImpl.obj
 0001:0000debc       ?RetrieveStatistics@COPOSRemoteOrderDisplay@@UEAAJPEAPEA_WPEAJ@Z 000000018000eebc f   RemoteOrderDisplayImpl.obj
 0001:0000df44       ?SOProcessID@COPOSRemoteOrderDisplay@@UEAAJPEAJ@Z 000000018000ef44 f   RemoteOrderDisplayImpl.obj
 0001:0000df60       ?SaveVideoRegion@COPOSRemoteOrderDisplay@@UEAAJJJJJJJPEAJ@Z 000000018000ef60 f   RemoteOrderDisplayImpl.obj
 0001:0000e084       ?SelectCharacterSet@COPOSRemoteOrderDisplay@@UEAAJJJPEAJ@Z 000000018000f084 f   RemoteOrderDisplayImpl.obj
 0001:0000e150       ?SetCOFreezeEvents@COPOSRemoteOrderDisplay@@IEAAXF@Z 000000018000f150 f   RemoteOrderDisplayImpl.obj
 0001:0000e234       ?SetCursor@COPOSRemoteOrderDisplay@@UEAAJJJJPEAJ@Z 000000018000f234 f   RemoteOrderDisplayImpl.obj
 0001:0000e31c       ?SetOposProp@COPOSRemoteOrderDisplay@@IEAAJJJJ@Z 000000018000f31c f   RemoteOrderDisplayImpl.obj
 0001:0000e47c       ?TransactionDisplay@COPOSRemoteOrderDisplay@@UEAAJJJPEAJ@Z 000000018000f47c f   RemoteOrderDisplayImpl.obj
 0001:0000e548       ?UpdateFirmware@COPOSRemoteOrderDisplay@@UEAAJPEA_WPEAJ@Z 000000018000f548 f   RemoteOrderDisplayImpl.obj
 0001:0000e5d0       ?UpdateStatistics@COPOSRemoteOrderDisplay@@UEAAJPEA_WPEAJ@Z 000000018000f5d0 f   RemoteOrderDisplayImpl.obj
 0001:0000e658       ?UpdateVideoRegionAttribute@COPOSRemoteOrderDisplay@@UEAAJJJJJJJJPEAJ@Z 000000018000f658 f   RemoteOrderDisplayImpl.obj
 0001:0000e790       ?VideoSound@COPOSRemoteOrderDisplay@@UEAAJJJJJJPEAJ@Z 000000018000f790 f   RemoteOrderDisplayImpl.obj
 0001:0000e8a0       ?get_AsyncMode@COPOSRemoteOrderDisplay@@UEAAJPEAF@Z 000000018000f8a0 f   RemoteOrderDisplayImpl.obj
 0001:0000e8d4       ?get_AutoToneDuration@COPOSRemoteOrderDisplay@@UEAAJPEAJ@Z 000000018000f8d4 f   RemoteOrderDisplayImpl.obj
 0001:0000e8e8       ?get_AutoToneFrequency@COPOSRemoteOrderDisplay@@UEAAJPEAJ@Z 000000018000f8e8 f   RemoteOrderDisplayImpl.obj
 0001:0000e8fc       ?get_BinaryConversion@COPOSRemoteOrderDisplay@@UEAAJPEAJ@Z 000000018000f8fc f   RemoteOrderDisplayImpl.obj
 0001:0000e910       ?get_CapCompareFirmwareVersion@COPOSRemoteOrderDisplay@@UEAAJPEAF@Z 000000018000f910 f   RemoteOrderDisplayImpl.obj
 0001:0000e944       ?get_CapMapCharacterSet@COPOSRemoteOrderDisplay@@UEAAJPEAF@Z 000000018000f944 f   RemoteOrderDisplayImpl.obj
 0001:0000e978       ?get_CapPowerReporting@COPOSRemoteOrderDisplay@@UEAAJPEAJ@Z 000000018000f978 f   RemoteOrderDisplayImpl.obj
 0001:0000e98c       ?get_CapSelectCharacterSet@COPOSRemoteOrderDisplay@@UEAAJPEAF@Z 000000018000f98c f   RemoteOrderDisplayImpl.obj
 0001:0000e9c0       ?get_CapStatisticsReporting@COPOSRemoteOrderDisplay@@UEAAJPEAF@Z 000000018000f9c0 f   RemoteOrderDisplayImpl.obj
 0001:0000e9f4       ?get_CapTone@COPOSRemoteOrderDisplay@@UEAAJPEAF@Z 000000018000f9f4 f   RemoteOrderDisplayImpl.obj
 0001:0000ea28       ?get_CapTouch@COPOSRemoteOrderDisplay@@UEAAJPEAF@Z 000000018000fa28 f   RemoteOrderDisplayImpl.obj
 0001:0000ea5c       ?get_CapTransaction@COPOSRemoteOrderDisplay@@UEAAJPEAF@Z 000000018000fa5c f   RemoteOrderDisplayImpl.obj
 0001:0000ea90       ?get_CapUpdateFirmware@COPOSRemoteOrderDisplay@@UEAAJPEAF@Z 000000018000fa90 f   RemoteOrderDisplayImpl.obj
 0001:0000eac4       ?get_CapUpdateStatistics@COPOSRemoteOrderDisplay@@UEAAJPEAF@Z 000000018000fac4 f   RemoteOrderDisplayImpl.obj
 0001:0000eaf8       ?get_CharacterSet@COPOSRemoteOrderDisplay@@UEAAJPEAJ@Z 000000018000faf8 f   RemoteOrderDisplayImpl.obj
 0001:0000eb0c       ?get_CharacterSetList@COPOSRemoteOrderDisplay@@UEAAJPEAPEA_W@Z 000000018000fb0c f   RemoteOrderDisplayImpl.obj
 0001:0000eb20       ?get_CheckHealthText@COPOSRemoteOrderDisplay@@UEAAJPEAPEA_W@Z 000000018000fb20 f   RemoteOrderDisplayImpl.obj
 0001:0000eb34       ?get_Claimed@COPOSRemoteOrderDisplay@@UEAAJPEAF@Z 000000018000fb34 f   RemoteOrderDisplayImpl.obj
 0001:0000eb68       ?get_Clocks@COPOSRemoteOrderDisplay@@UEAAJPEAJ@Z 000000018000fb68 f   RemoteOrderDisplayImpl.obj
 0001:0000eb7c       ?get_ControlObjectDescription@COPOSRemoteOrderDisplay@@UEAAJPEAPEA_W@Z 000000018000fb7c f   RemoteOrderDisplayImpl.obj
 0001:0000ebe0       ?get_ControlObjectVersion@COPOSRemoteOrderDisplay@@UEAAJPEAJ@Z 000000018000fbe0 f   RemoteOrderDisplayImpl.obj
 0001:0000ebec       ?get_CurrentUnitID@COPOSRemoteOrderDisplay@@UEAAJPEAJ@Z 000000018000fbec f   RemoteOrderDisplayImpl.obj
 0001:0000ec00       ?get_DataCount@COPOSRemoteOrderDisplay@@UEAAJPEAJ@Z 000000018000fc00 f   RemoteOrderDisplayImpl.obj
 0001:0000ec14       ?get_DataEventEnabled@COPOSRemoteOrderDisplay@@UEAAJPEAF@Z 000000018000fc14 f   RemoteOrderDisplayImpl.obj
 0001:0000ec48       ?get_DeviceDescription@COPOSRemoteOrderDisplay@@UEAAJPEAPEA_W@Z 000000018000fc48 f   RemoteOrderDisplayImpl.obj
 0001:0000ec5c       ?get_DeviceEnabled@COPOSRemoteOrderDisplay@@UEAAJPEAF@Z 000000018000fc5c f   RemoteOrderDisplayImpl.obj
 0001:0000ec8c       ?get_DeviceName@COPOSRemoteOrderDisplay@@UEAAJPEAPEA_W@Z 000000018000fc8c f   RemoteOrderDisplayImpl.obj
 0001:0000eca0       ?get_ErrorString@COPOSRemoteOrderDisplay@@UEAAJPEAPEA_W@Z 000000018000fca0 f   RemoteOrderDisplayImpl.obj
 0001:0000ecb4       ?get_ErrorUnits@COPOSRemoteOrderDisplay@@UEAAJPEAJ@Z 000000018000fcb4 f   RemoteOrderDisplayImpl.obj
 0001:0000ecc8       ?get_EventString@COPOSRemoteOrderDisplay@@UEAAJPEAPEA_W@Z 000000018000fcc8 f   RemoteOrderDisplayImpl.obj
 0001:0000ecdc       ?get_EventType@COPOSRemoteOrderDisplay@@UEAAJPEAJ@Z 000000018000fcdc f   RemoteOrderDisplayImpl.obj
 0001:0000ecf0       ?get_EventUnitID@COPOSRemoteOrderDisplay@@UEAAJPEAJ@Z 000000018000fcf0 f   RemoteOrderDisplayImpl.obj
 0001:0000ed04       ?get_EventUnits@COPOSRemoteOrderDisplay@@UEAAJPEAJ@Z 000000018000fd04 f   RemoteOrderDisplayImpl.obj
 0001:0000ed18       ?get_FreezeEvents@COPOSRemoteOrderDisplay@@UEAAJPEAF@Z 000000018000fd18 f   RemoteOrderDisplayImpl.obj
 0001:0000ed48       ?get_MapCharacterSet@COPOSRemoteOrderDisplay@@UEAAJPEAF@Z 000000018000fd48 f   RemoteOrderDisplayImpl.obj
 0001:0000ed7c       ?get_OpenResult@COPOSRemoteOrderDisplay@@UEAAJPEAJ@Z 000000018000fd7c f   RemoteOrderDisplayImpl.obj
 0001:0000ed88       ?get_OutputID@COPOSRemoteOrderDisplay@@UEAAJPEAJ@Z 000000018000fd88 f   RemoteOrderDisplayImpl.obj
 0001:0000ed9c       ?get_PowerNotify@COPOSRemoteOrderDisplay@@UEAAJPEAJ@Z 000000018000fd9c f   RemoteOrderDisplayImpl.obj
 0001:0000edb0       ?get_PowerState@COPOSRemoteOrderDisplay@@UEAAJPEAJ@Z 000000018000fdb0 f   RemoteOrderDisplayImpl.obj
 0001:0000edc4       ?get_ResultCode@COPOSRemoteOrderDisplay@@UEAAJPEAJ@Z 000000018000fdc4 f   RemoteOrderDisplayImpl.obj
 0001:0000ee00       ?get_ResultCodeExtended@COPOSRemoteOrderDisplay@@UEAAJPEAJ@Z 000000018000fe00 f   RemoteOrderDisplayImpl.obj
 0001:0000ee14       ?get_ServiceObjectDescription@COPOSRemoteOrderDisplay@@UEAAJPEAPEA_W@Z 000000018000fe14 f   RemoteOrderDisplayImpl.obj
 0001:0000ee28       ?get_ServiceObjectVersion@COPOSRemoteOrderDisplay@@UEAAJPEAJ@Z 000000018000fe28 f   RemoteOrderDisplayImpl.obj
 0001:0000ee3c       ?get_State@COPOSRemoteOrderDisplay@@UEAAJPEAJ@Z 000000018000fe3c f   RemoteOrderDisplayImpl.obj
 0001:0000ee68       ?get_SystemClocks@COPOSRemoteOrderDisplay@@UEAAJPEAJ@Z 000000018000fe68 f   RemoteOrderDisplayImpl.obj
 0001:0000ee7c       ?get_SystemVideoSaveBuffers@COPOSRemoteOrderDisplay@@UEAAJPEAJ@Z 000000018000fe7c f   RemoteOrderDisplayImpl.obj
 0001:0000ee90       ?get_Timeout@COPOSRemoteOrderDisplay@@UEAAJPEAJ@Z 000000018000fe90 f   RemoteOrderDisplayImpl.obj
 0001:0000eea4       ?get_UnitsOnline@COPOSRemoteOrderDisplay@@UEAAJPEAJ@Z 000000018000fea4 f   RemoteOrderDisplayImpl.obj
 0001:0000eeb8       ?get_VideoDataCount@COPOSRemoteOrderDisplay@@UEAAJPEAJ@Z 000000018000feb8 f   RemoteOrderDisplayImpl.obj
 0001:0000eecc       ?get_VideoMode@COPOSRemoteOrderDisplay@@UEAAJPEAJ@Z 000000018000fecc f   RemoteOrderDisplayImpl.obj
 0001:0000eee0       ?get_VideoModesList@COPOSRemoteOrderDisplay@@UEAAJPEAPEA_W@Z 000000018000fee0 f   RemoteOrderDisplayImpl.obj
 0001:0000eef4       ?get_VideoSaveBuffers@COPOSRemoteOrderDisplay@@UEAAJPEAJ@Z 000000018000fef4 f   RemoteOrderDisplayImpl.obj
 0001:0000ef08       ?put_AsyncMode@COPOSRemoteOrderDisplay@@UEAAJF@Z 000000018000ff08 f   RemoteOrderDisplayImpl.obj
[...]
 0004:000017ac       $pdata$??$?RV<lambda_fb3a7dec4e47f37f22dae91bb15c9095>@@AEAV<lambda_698284760c8add0bfb0756c19673e34b>@@V<lambda_dfb8eca1e75fef3034a8fb18dd509707>@@@?$__crt_seh_guarded_call@X@@QEAAX$$QEAV<lambda_fb3a7dec4e47f37f22dae91bb15c9095>@@AEAV<lambda_698284760c8add0bfb0756c19673e34b>@@$$QEAV<lambda_dfb8eca1e75fef3034a8fb18dd509707>@@@Z 00000001800347ac     libucrt:per_thread_data.obj
 0004:000017b8       $pdata$_calloc_base        00000001800347b8     libucrt:calloc_base.obj
 0004:000017c4       $pdata$_malloc_base        00000001800347c4     libucrt:malloc_base.obj
 0004:000017d0       $pdata$_msize              00000001800347d0     libucrt:msize.obj
 0004:000017dc       $pdata$_realloc_base       00000001800347dc     libucrt:realloc_base.obj
 0004:000017e8       $pdata$__acrt_FlsAlloc     00000001800347e8     libucrt:winapi_thunks.obj
 0004:000017f4       $pdata$__acrt_FlsFree      00000001800347f4     libucrt:winapi_thunks.obj
 0004:00001800       $pdata$__acrt_FlsGetValue  0000000180034800     libucrt:winapi_thunks.obj
 0004:0000180c       $pdata$__acrt_FlsSetValue  000000018003480c     libucrt:winapi_thunks.obj
 0004:00001818       $pdata$__acrt_initialize_winapi_thunks 0000000180034818     libucrt:winapi_thunks.obj
 0004:00001824       $pdata$__acrt_uninitialize_winapi_thunks 0000000180034824     libucrt:winapi_thunks.obj
 0004:00001830       $pdata$__acrt_InitializeCriticalSectionEx 0000000180034830     libucrt:winapi_thunks.obj
 0004:0000183c       $pdata$__acrt_LCMapStringEx 000000018003483c     libucrt:winapi_thunks.obj
 0004:00001848       $pdata$__acrt_LocaleNameToLCID 0000000180034848     libucrt:winapi_thunks.obj
 0004:00001854       $pdata$__acrt_SetThreadStackGuarantee 0000000180034854     libucrt:winapi_thunks.obj
 0004:00001860       $pdata$__acrt_is_packaged_app 0000000180034860     libucrt:winapi_thunks.obj
 0004:0000186c       $pdata$?try_get_function@@YAPEAXW4function_id@?A0x63058377@@QEBDQEBW4module_id@2@2@Z 000000018003486c     libucrt:winapi_thunks.obj
 0004:00001878       $pdata$isdigit             0000000180034878     libucrt:_ctype.obj
 0004:00001884       $pdata$tolower             0000000180034884     libucrt:tolower_toupper.obj
 0004:00001890       $pdata$_tolower_l          0000000180034890     libucrt:tolower_toupper.obj
 0004:0000189c       $pdata$?internal_isupper_l@@YA_NHQEAU__crt_locale_pointers@@@Z 000000018003489c     libucrt:tolower_toupper.obj
 0004:000018a8       $pdata$wcstol              00000001800348a8     libucrt:strtox.obj
 0004:000018b4       $pdata$_mbtowc_l           00000001800348b4     libucrt:mbtowc.obj
 0004:000018c0       $pdata$wcsnlen             00000001800348c0     libucrt:strnlen.obj
 0004:000018cc       $pdata$__acrt_update_locale_info 00000001800348cc     libucrt:locale_update.obj
 0004:000018d8       $pdata$__acrt_update_multibyte_info 00000001800348d8     libucrt:locale_update.obj
 0004:000018e4       $pdata$__acrt_fp_format    00000001800348e4     libucrt:cvt.obj
 0004:000018f0       $pdata$?fp_format_nan_or_infinity@@YAHW4__acrt_fp_class@@_NPEAD_K1@Z 00000001800348f0     libucrt:cvt.obj
 0004:000018fc       $pdata$?fp_format_e_internal@@YAHQEAD_KH_NIQEAU_strflt@@2QEAU__crt_locale_pointers@@@Z 00000001800348fc     libucrt:cvt.obj
 0004:00001908       $pdata$?fp_format_e@@YAHQEBNQEAD_K12H_NIQEAU__crt_locale_pointers@@@Z 0000000180034908     libucrt:cvt.obj
 0004:00001914       $pdata$?fp_format_a@@YAHQEBNPEAD_KQEAD2H_NIQEAU__crt_locale_pointers@@@Z 0000000180034914     libucrt:cvt.obj
 0004:00001920       $pdata$?fp_format_f_internal@@YAHQEAD_KHQEAU_strflt@@_NQEAU__crt_locale_pointers@@@Z 0000000180034920     libucrt:cvt.obj
 0004:0000192c       $pdata$?fp_format_g@@YAHQEBNQEAD_K12H_NIQEAU__crt_locale_pointers@@@Z 000000018003492c     libucrt:cvt.obj
 0004:00001938       $pdata$_fileno             0000000180034938     libucrt:fileno.obj
 0004:00001944       $pdata$__acrt_initialize_stdio 0000000180034944     libucrt:_file.obj
 0004:00001950       $pdata$__acrt_uninitialize_stdio 0000000180034950     libucrt:_file.obj
 0004:0000195c       $pdata$__acrt_uninitialize_locale 000000018003495c     libucrt:wsetlocale.obj
 0004:00001968       $pdata$__acrt_uninitialize_locale$fin$0 0000000180034968     libucrt:wsetlocale.obj
 0004:00001968       $pdata$__acrt_update_thread_locale_data$fin$0 0000000180034968     libucrt:locale_refcounting.obj
 0004:00001974       $pdata$__acrt_initialize_lowio 0000000180034974     libucrt:ioinit.obj
 0004:00001980       $pdata$__acrt_lowio_ensure_fh_exists$fin$0 0000000180034980     libucrt:osfinfo.obj
 0004:00001980       $pdata$__acrt_initialize_lowio$fin$0 0000000180034980     libucrt:ioinit.obj
 0004:0000198c       $pdata$__acrt_uninitialize_lowio 000000018003498c     libucrt:ioinit.obj
 0004:00001998       $pdata$?initialize_inherited_file_handles_nolock@@YAXXZ 0000000180034998     libucrt:ioinit.obj
 0004:000019a4       $pdata$?initialize_stdio_handles_nolock@@YAXXZ 00000001800349a4     libucrt:ioinit.obj
 0004:000019b0       $pdata$__acrt_initialize_locks 00000001800349b0     libucrt:locks.obj
 0004:000019bc       $pdata$__acrt_uninitialize_locks 00000001800349bc     libucrt:locks.obj
 0004:000019c8       $pdata$??$common_expand_argv_wildcards@D@@YAHQEAPEADQEAPEAPEAD@Z 00000001800349c8     libucrt:argv_wildcards.obj
 0004:000019d4       $pdata$?expand_if_necessary@?$argument_list@D@?A0xca0879c4@@AEAAHXZ 00000001800349d4     libucrt:argv_wildcards.obj
 0004:000019e0       $pdata$??$copy_and_add_argument_to_buffer@D@@YAHQEBD0_KAEAV?$argument_list@D@?A0xca0879c4@@@Z 00000001800349e0     libucrt:argv_wildcards.obj
 0004:000019ec       $pdata$??$expand_argument_wildcards@D@@YAHQEAD0AEAV?$argument_list@D@?A0xca0879c4@@@Z 00000001800349ec     libucrt:argv_wildcards.obj
 0004:000019f8       $pdata$__acrt_update_thread_multibyte_data 00000001800349f8     libucrt:mbctype.obj
 0004:00001a04       $pdata$__acrt_update_thread_multibyte_data$fin$0 0000000180034a04     libucrt:mbctype.obj
 0004:00001a10       $pdata$__acrt_initialize_multibyte 0000000180034a10     libucrt:mbctype.obj
 0004:00001a1c       $pdata$_setmbcp_nolock     0000000180034a1c     libucrt:mbctype.obj
 0004:00001a28       $pdata$?getSystemCP@@YAHH@Z 0000000180034a28     libucrt:mbctype.obj
 0004:00001a34       $pdata$?setSBCS@@YAXPEAU__crt_multibyte_data@@@Z 0000000180034a34     libucrt:mbctype.obj
 0004:00001a40       $pdata$?setSBUpLow@@YAXPEAU__crt_multibyte_data@@@Z 0000000180034a40     libucrt:mbctype.obj
 0004:00001a4c       $pdata$?setmbcp_internal@@YAHH_N@Z 0000000180034a4c     libucrt:mbctype.obj
 0004:00001a58       $pdata$??R<lambda_ad1ced32f4ac17aa236e5ef05d6b3b7c>@@QEBAXXZ 0000000180034a58     libucrt:mbctype.obj
 0004:00001a64       $pdata$??$?RV<lambda_99476a1ad63dd22509b5d3e65b0ffc95>@@AEAV<lambda_ad1ced32f4ac17aa236e5ef05d6b3b7c>@@V<lambda_f7424dd8d45958661754dc4f2697e9c3>@@@?$__crt_seh_guarded_call@X@@QEAAX$$QEAV<lambda_99476a1ad63dd22509b5d3e65b0ffc95>@@AEAV<lambda_ad1ced32f4ac17aa236e5ef05d6b3b7c>@@$$QEAV<lambda_f7424dd8d45958661754dc4f2697e9c3>@@@Z 0000000180034a64     libucrt:mbctype.obj
 0004:00001a70       $pdata$?x_ismbbtype_l@@YAHPEAU__crt_locale_pointers@@IHH@Z 0000000180034a70     libucrt:ismbbyte.obj
 0004:00001a7c       $pdata$__acrt_initialize_command_line 0000000180034a7c     libucrt:argv_data.obj
 0004:00001a88       $pdata$__dcrt_get_narrow_environment_from_os 0000000180034a88     libucrt:get_environment_from_os.obj
 0004:00001a94       $pdata$__acrt_initialize_heap 0000000180034a94     libucrt:heap_handle.obj
 0004:00001aa0       $pdata$__acrt_execute_initializers 0000000180034aa0     libucrt:shared_initialization.obj
 0004:00001aac       $pdata$__acrt_execute_uninitializers 0000000180034aac     libucrt:shared_initialization.obj
 0004:00001ab8       $pdata$__acrt_get_sigabrt_handler 0000000180034ab8     libucrt:signal.obj
 0004:00001ac4       $pdata$raise               0000000180034ac4     libucrt:signal.obj
 0004:00001ad0       $pdata$raise$fin$0         0000000180034ad0     libucrt:signal.obj
 0004:00001adc       $pdata$??$?RV<lambda_c36588078e9f5dfd39652860aa6b3aaf>@@AEAV<lambda_ec61778202f4f5fc7e7711acc23c3bca>@@V<lambda_dc9d2797ccde5d239b4a0efae8ebd7db>@@@?$__crt_seh_guarded_call@P6AXH@Z@@QEAAP6AXH@Z$$QEAV<lambda_c36588078e9f5dfd39652860aa6b3aaf>@@AEAV<lambda_ec61778202f4f5fc7e7711acc23c3bca>@@$$QEAV<lambda_dc9d2797ccde5d239b4a0efae8ebd7db>@@@Z 0000000180034adc     libucrt:signal.obj
 0004:00001ae8       $pdata$__acrt_invoke_user_matherr 0000000180034ae8     libucrt:matherr.obj
 0004:00001af4       $pdata$__pctype_func       0000000180034af4     libucrt:ctype.obj
 0004:00001b00       $pdata$iswctype            0000000180034b00     libucrt:iswctype.obj
 0004:00001b0c       $pdata$_isctype_l          0000000180034b0c     libucrt:isctype.obj
 0004:00001b18       $pdata$__acrt_release_locale_ref 0000000180034b18     libucrt:locale_refcounting.obj
 0004:00001b24       $pdata$__acrt_free_locale  0000000180034b24     libucrt:locale_refcounting.obj
 0004:00001b30       $pdata$__acrt_locale_free_lc_time_if_unreferenced 0000000180034b30     libucrt:locale_refcounting.obj
 0004:00001b3c       $pdata$__acrt_update_thread_locale_data 0000000180034b3c     libucrt:locale_refcounting.obj
 0004:00001b48       $pdata$_updatetlocinfoEx_nolock 0000000180034b48     libucrt:locale_refcounting.obj
 0004:00001b54       $pdata$__acrt_DownlevelLocaleNameToLCID 0000000180034b54     libucrt:lcidtoname_downlevel.obj
 0004:00001b60       $pdata$?GetTableIndexFromLocaleName@@YAHPEB_W@Z 0000000180034b60     libucrt:lcidtoname_downlevel.obj
 0004:00001b6c       $pdata$_isleadbyte_l       0000000180034b6c     libucrt:_wctype.obj
 0004:00001b78       $pdata$__acrt_LCMapStringA 0000000180034b78     libucrt:lcmapstringa.obj
 0004:00001b84       $pdata$?__acrt_LCMapStringA_stat@@YAHPEAU__crt_locale_pointers@@PEB_WKPEBDHPEADHHH@Z 0000000180034b84     libucrt:lcmapstringa.obj
 0004:00001b90       $pdata$__acrt_fp_strflt_to_string 0000000180034b90     libucrt:_fptostr.obj
 0004:00001b9c       $pdata$memcpy_s            0000000180034b9c     libucrt:cfout.obj
 0004:00001ba8       $pdata$__acrt_fltout       0000000180034ba8     libucrt:cfout.obj
 0004:00001bb4       $pdata$?divide@__crt_strtox@@YA_KAEAUbig_integer@1@AEBU21@@Z 0000000180034bb4     libucrt:cfout.obj
 0004:00001bc0       $pdata$5$?divide@__crt_strtox@@YA_KAEAUbig_integer@1@AEBU21@@Z 0000000180034bc0     libucrt:cfout.obj
 0004:00001bcc       $pdata$6$?divide@__crt_strtox@@YA_KAEAUbig_integer@1@AEBU21@@Z 0000000180034bcc     libucrt:cfout.obj
 0004:00001bd8       $pdata$_fcloseall          0000000180034bd8     libucrt:closeall.obj
 0004:00001be4       $pdata$_fcloseall$fin$0    0000000180034be4     libucrt:closeall.obj
 0004:00001bf0       $pdata$_fflush_nolock      0000000180034bf0     libucrt:fflush.obj
 0004:00001bfc       $pdata$__acrt_stdio_flush_nolock 0000000180034bfc     libucrt:fflush.obj
 0004:00001c08       $pdata$common_flush_all    0000000180034c08     libucrt:fflush.obj
 0004:00001c14       $pdata$common_flush_all$fin$0 0000000180034c14     libucrt:fflush.obj
 0004:00001c20       $pdata$common_flush_all$fin$1 0000000180034c20     libucrt:fflush.obj
 0004:00001c2c       $pdata$__acrt_stdio_free_buffer_nolock 0000000180034c2c     libucrt:_freebuf.obj
 0004:00001c38       $pdata$_isatty             0000000180034c38     libucrt:isatty.obj
 0004:00001c44       $pdata$__acrt_locale_free_monetary 0000000180034c44     libucrt:initmon.obj
 0004:00001c50       $pdata$__acrt_locale_free_numeric 0000000180034c50     libucrt:initnum.obj
 0004:00001c5c       $pdata$__acrt_locale_free_time 0000000180034c5c     libucrt:inittime.obj
 0004:00001c68       $pdata$?free_crt_array_internal@@YAXQEAPEBX_K@Z 0000000180034c68     libucrt:inittime.obj
 0004:00001c74       $pdata$__acrt_GetStringTypeA 0000000180034c74     libucrt:getstringtypea.obj
 0004:00001c80       $pdata$_get_osfhandle      0000000180034c80     libucrt:osfinfo.obj
 0004:00001c8c       $pdata$_free_osfhnd        0000000180034c8c     libucrt:osfinfo.obj
 0004:00001c98       $pdata$__acrt_lowio_create_handle_array 0000000180034c98     libucrt:osfinfo.obj
 0004:00001ca4       $pdata$__acrt_lowio_destroy_handle_array 0000000180034ca4     libucrt:osfinfo.obj
 0004:00001cb0       $pdata$__acrt_lowio_ensure_fh_exists 0000000180034cb0     libucrt:osfinfo.obj
 0004:00001cbc       $pdata$qsort               0000000180034cbc     libucrt:qsort.obj
 0004:00001cc8       $pdata$4$qsort             0000000180034cc8     libucrt:qsort.obj
 0004:00001cd4       $pdata$5$qsort             0000000180034cd4     libucrt:qsort.obj
 0004:00001ce0       $pdata$?shortsort@@YAXPEAD0_KP6AHPEBX2@Z@Z 0000000180034ce0     libucrt:qsort.obj
 0004:00001cec       $pdata$2$?shortsort@@YAXPEAD0_KP6AHPEBX2@Z@Z 0000000180034cec     libucrt:qsort.obj
 0004:00001cf8       $pdata$3$?shortsort@@YAXPEAD0_KP6AHPEBX2@Z@Z 0000000180034cf8     libucrt:qsort.obj
 0004:00001d04       $pdata$strncpy_s           0000000180034d04     libucrt:strncpy_s.obj
 0004:00001d10       $pdata$strpbrk             0000000180034d10     libucrt:strpbrk.obj
 0004:00001d1c       $pdata$_mbsdec_l           0000000180034d1c     libucrt:mbsdec.obj
 0004:00001d28       $pdata$?initialize_multibyte@@YAHXZ 0000000180034d28     libucrt:multibyte_initializer.obj
 0004:00001d34       $pdata$fegetenv            0000000180034d34     libucrt:fegetenv.obj
 0004:00001d40       $pdata$fesetenv            0000000180034d40     libucrt:fesetenv.obj
 0004:00001d4c       $pdata$feholdexcept        0000000180034d4c     libucrt:feholdexcept.obj
 0004:00001d64       $pdata$_write              0000000180034d64     libucrt:write.obj
 0004:00001d70       $pdata$_write$fin$0        0000000180034d70     libucrt:write.obj
 0004:00001d7c       $pdata$_write_nolock       0000000180034d7c     libucrt:write.obj
 0004:00001d88       $pdata$?write_double_translated_ansi_nolock@@YA?AUwrite_result@?A0x9c548279@@HQEBDI@Z 0000000180034d88     libucrt:write.obj
 0004:00001d94       $pdata$?write_text_ansi_nolock@@YA?AUwrite_result@?A0x9c548279@@HQEBDI@Z 0000000180034d94     libucrt:write.obj
 0004:00001da0       $pdata$?write_text_utf16le_nolock@@YA?AUwrite_result@?A0x9c548279@@HQEBDI@Z 0000000180034da0     libucrt:write.obj
 0004:00001dac       $pdata$?write_text_utf8_nolock@@YA?AUwrite_result@?A0x9c548279@@HQEBDI@Z 0000000180034dac     libucrt:write.obj
 0004:00001db8       $pdata$??$common_lseek_nolock@_J@@YA_JH_JH@Z 0000000180034db8     libucrt:lseek.obj
 0004:00001dc4       $pdata$fclose              0000000180034dc4     libucrt:fclose.obj
 0004:00001dd0       $pdata$fclose$fin$0        0000000180034dd0     libucrt:fclose.obj
 0004:00001ddc       $pdata$_fclose_nolock      0000000180034ddc     libucrt:fclose.obj
 0004:00001de8       $pdata$_commit             0000000180034de8     libucrt:commit.obj
 0004:00001df4       $pdata$??$?RV<lambda_b521505b218e5242e90febf6bfebc422>@@AEAV<lambda_6978c1fb23f02e42e1d9e99668cc68aa>@@V<lambda_314360699dd331753a4119843814e9a7>@@@?$__crt_seh_guarded_call@H@@QEAAH$$QEAV<lambda_b521505b218e5242e90febf6bfebc422>@@AEAV<lambda_6978c1fb23f02e42e1d9e99668cc68aa>@@$$QEAV<lambda_314360699dd331753a4119843814e9a7>@@@Z 0000000180034df4     libucrt:commit.obj
 0004:00001e00       $pdata$?fin$0@?0???$?RV<lambda_b521505b218e5242e90febf6bfebc422>@@AEAV<lambda_6978c1fb23f02e42e1d9e99668cc68aa>@@V<lambda_314360699dd331753a4119843814e9a7>@@@?$__crt_seh_guarded_call@H@@QEAAH$$QEAV<lambda_b521505b218e5242e90febf6bfebc422>@@AEAV<lambda_6978c1fb23f02e42e1d9e99668cc68aa>@@$$QEAV<lambda_314360699dd331753a4119843814e9a7>@@@Z@4HA 0000000180034e00     libucrt:commit.obj
 0004:00001e00       $pdata$?fin$0@?0???$?RV<lambda_bfedae4ebbf01fab1bb6dcc6a9e276e0>@@AEAV<lambda_2fe9b910cf3cbf4a0ab98a02ba45b3ec>@@V<lambda_237c231691f317818eb88cc1d5d642d6>@@@?$__crt_seh_guarded_call@H@@QEAAH$$QEAV<lambda_bfedae4ebbf01fab1bb6dcc6a9e276e0>@@AEAV<lambda_2fe9b910cf3cbf4a0ab98a02ba45b3ec>@@$$QEAV<lambda_237c231691f317818eb88cc1d5d642d6>@@@Z@4HA 0000000180034e00     libucrt:close.obj
 0004:00001e0c       $pdata$_setfpstatusword    0000000180034e0c     libucrt:_fenvutils.obj
 0004:00001e18       $pdata$_getfpcontrolword   0000000180034e18     libucrt:_fenvutils.obj
 0004:00001e24       $pdata$_getfpstatusword    0000000180034e24     libucrt:_fenvutils.obj
 0004:00001e30       $pdata$_clearfp            0000000180034e30     libucrt:ieee.obj
 0004:00001e3c       $pdata$common_control87    0000000180034e3c     libucrt:ieee.obj
 0004:00001e48       $pdata$_ctrlfp$filt$0      0000000180034e48     libucrt:fpctrl.obj
 0004:00001e48       $pdata$common_control87$filt$0 0000000180034e48     libucrt:ieee.obj
 0004:00001e54       $pdata$_call_matherr       0000000180034e54     libucrt:libm_error.obj
 0004:00001e60       $pdata$_exception_enabled  0000000180034e60     libucrt:libm_error.obj
 0004:00001e6c       $pdata$_handle_error       0000000180034e6c     libucrt:libm_error.obj
 0004:00001e78       $pdata$__acrt_initialize_fma3 0000000180034e78     libucrt:fma3_available.obj
 0004:00001e84       $pdata$_log_special_common 0000000180034e84     libucrt:log_special.obj
 0004:00001e90       $pdata$_log10_special      0000000180034e90     libucrt:log_special.obj
 0004:00001e9c       $pdata$_putwch_nolock      0000000180034e9c     libucrt:putwch.obj
 0004:00001ea8       $pdata$_close              0000000180034ea8     libucrt:close.obj
 0004:00001eb4       $pdata$_close_nolock       0000000180034eb4     libucrt:close.obj
 0004:00001ec0       $pdata$??$?RV<lambda_bfedae4ebbf01fab1bb6dcc6a9e276e0>@@AEAV<lambda_2fe9b910cf3cbf4a0ab98a02ba45b3ec>@@V<lambda_237c231691f317818eb88cc1d5d642d6>@@@?$__crt_seh_guarded_call@H@@QEAAH$$QEAV<lambda_bfedae4ebbf01fab1bb6dcc6a9e276e0>@@AEAV<lambda_2fe9b910cf3cbf4a0ab98a02ba45b3ec>@@$$QEAV<lambda_237c231691f317818eb88cc1d5d642d6>@@@Z 0000000180034ec0     libucrt:close.obj
 0004:00001ed8       $pdata$_set_errno_from_matherr 0000000180034ed8     libucrt:fpexcept.obj
 0004:00001ee4       $pdata$_raise_exc          0000000180034ee4     libucrt:fpexcept.obj
 0004:00001ef0       $pdata$_raise_exc_ex       0000000180034ef0     libucrt:fpexcept.obj
 0004:00001efc       $pdata$_clrfp              0000000180034efc     libucrt:fpctrl.obj
 0004:00001f08       $pdata$_ctrlfp             0000000180034f08     libucrt:fpctrl.obj
 0004:00001f14       $pdata$_statfp             0000000180034f14     libucrt:fpctrl.obj
 0004:00001f20       $pdata$_set_statfp         0000000180034f20     libucrt:fpctrl.obj
 0004:00001f2c       $pdata$__dcrt_lowio_initialize_console_output 0000000180034f2c     libucrt:initcon.obj
 0004:00001f38       $pdata$__dcrt_terminate_console_output 0000000180034f38     libucrt:initcon.obj
 0004:00001f44       $pdata$_IsNonwritableInCurrentImage 0000000180034f44     LIBCMT:pesect.obj
 0004:00001f50       $pdata$_IsNonwritableInCurrentImage$filt$0 0000000180034f50     LIBCMT:pesect.obj
 0004:00001f5c       $pdata$strrchr             0000000180034f5c     libvcruntime:strrchr.obj
 0005:00000220       $R000000                   0000000180035220     RemoteOrderDisplay.res
 0005:00000bc0       $R0009A0                   0000000180035bc0     RemoteOrderDisplay.res
 0005:00000ca8       $R000A88                   0000000180035ca8     RemoteOrderDisplay.res
 0005:00000f10       $R000CF0                   0000000180035f10     RemoteOrderDisplay.res
 0005:00001478       $R001258                   0000000180036478     RemoteOrderDisplay.res
 0005:00005688       $R005468                   000000018003a688     RemoteOrderDisplay.res
 0005:000056d0       $R0054B0                   000000018003a6d0     RemoteOrderDisplay.res
