 OPOSItemDispenser

 Timestamp is 600f78c8 (Tue Jan 26 11:04:56 2021)

 Preferred load address is 0000000180000000

 Start         Length     Name                   Class
 0001:00000000 000000c0H .text$di                CODE
 0001:000000c0 00020da0H .text$mn                CODE
 0001:00020e60 00000040H .text$mn$00             CODE
 0001:00020ea0 000004b0H .text$x                 CODE
 0001:00021350 00000078H .text$yd                CODE
 0002:00000000 00000618H .idata$5                DATA
 0002:00000618 00000028H .00cfg                  DATA
 0002:00000640 00000008H .CRT$XCA                DATA
 0002:00000648 00000008H .CRT$XCL                DATA
 0002:00000650 00000020H .CRT$XCU                DATA
 0002:00000670 00000008H .CRT$XCZ                DATA
 0002:00000678 00000008H .CRT$XIA                DATA
 0002:00000680 00000020H .CRT$XIC                DATA
 0002:000006a0 00000008H .CRT$XIZ                DATA
 0002:000006a8 00000008H .CRT$XLA                DATA
 0002:000006b0 00000008H .CRT$XLZ                DATA
 0002:000006b8 00000008H .CRT$XPA                DATA
 0002:000006c0 00000010H .CRT$XPX                DATA
 0002:000006d0 00000008H .CRT$XPXA               DATA
 0002:000006d8 00000008H .CRT$XPZ                DATA
 0002:000006e0 00000008H .CRT$XTA                DATA
 0002:000006e8 00000008H .CRT$XTZ                DATA
 0002:000006f0 00000000H .gehcont$y              DATA
 0002:000006f0 00000000H .gfids$y                DATA
 0002:000006f0 0000a710H .rdata                  DATA
 0002:0000ae00 00000000H .rdata$CastGuardVftablesA DATA
 0002:0000ae00 00000000H .rdata$CastGuardVftablesC DATA
 0002:0000ae00 00000028H .rdata$T                DATA
 0002:0000ae28 00000274H .rdata$r                DATA
 0002:0000b09c 0000040cH .rdata$zzzdbg           DATA
 0002:0000b4a8 00000008H .rtc$IAA                DATA
 0002:0000b4b0 00000008H .rtc$IZZ                DATA
 0002:0000b4b8 00000008H .rtc$TAA                DATA
 0002:0000b4c0 00000008H .rtc$TZZ                DATA
 0002:0000b4c8 00000004H .tls                    DATA
 0002:0000b4cc 00000004H .tls$                   DATA
 0002:0000b4d0 00000008H .tls$ZZZ                DATA
 0002:0000b4d8 00001690H .xdata                  DATA
 0002:0000cb68 00000150H .xdata$x                DATA
 0002:0000ccb8 00000008H ATL$__a                 DATA
 0002:0000ccc0 00000010H ATL$__z                 DATA
 0002:0000ccd0 000000b0H .edata                  DATA
 0002:0000cd80 00000078H .idata$2                DATA
 0002:0000cdf8 00000018H .idata$3                DATA
 0002:0000ce10 00000618H .idata$4                DATA
 0002:0000d428 00000c2aH .idata$6                DATA
 0003:00000000 00000d88H .data                   DATA
 0003:00000d88 000000c8H .data$r                 DATA
 0003:00000e50 0000141cH .bss                    DATA
 0004:00000000 00001e24H .pdata                  DATA
 0005:00000000 00000094H _RDATA                  DATA
 0006:00000000 00000220H .rsrc$01                DATA
 0006:00000220 00003930H .rsrc$02                DATA

  Address         Publics by Value              Rva+Base               Lib:Object

 0000:00000000       ___safe_se_handler_table   0000000000000000     <absolute>
 0000:00000000       __guard_longjmp_table      0000000000000000     <absolute>
 0000:00000000       __arm64x_redirection_metadata 0000000000000000     <absolute>
 0000:00000000       __x64_code_ranges_to_entry_points 0000000000000000     <absolute>
 0000:00000000       __guard_iat_table          0000000000000000     <absolute>
 0000:00000000       __guard_fids_count         0000000000000000     <absolute>
 0000:00000000       __guard_iat_count          0000000000000000     <absolute>
 0000:00000000       __arm64x_extra_rfe_table   0000000000000000     <absolute>
 0000:00000000       __guard_longjmp_count      0000000000000000     <absolute>
 0000:00000000       __dynamic_value_reloc_table 0000000000000000     <absolute>
 0000:00000000       __x64_code_ranges_to_entry_points_count 0000000000000000     <absolute>
 0000:00000000       __hybrid_auxiliary_iat     0000000000000000     <absolute>
 0000:00000000       __hybrid_code_map          0000000000000000     <absolute>
 0000:00000000       __volatile_metadata        0000000000000000     <absolute>
 0000:00000000       __arm64x_extra_rfe_table_size 0000000000000000     <absolute>
 0000:00000000       ___safe_se_handler_count   0000000000000000     <absolute>
 0000:00000000       __AbsoluteZero             0000000000000000     <absolute>
 0000:00000000       __guard_eh_cont_count      0000000000000000     <absolute>
 0000:00000000       __guard_fids_table         0000000000000000     <absolute>
 0000:00000000       __arm64x_redirection_metadata_count 0000000000000000     <absolute>
 0000:00000000       __enclave_config           0000000000000000     <absolute>
 0000:00000000       __guard_eh_cont_table      0000000000000000     <absolute>
 0000:00000000       __arm64x_native_entrypoint 0000000000000000     <absolute>
 0000:00000000       __hybrid_code_map_count    0000000000000000     <absolute>
 0000:00000100       __guard_flags              0000000000000100     <absolute>
 0000:00000000       __ImageBase                0000000180000000     <linker-defined>
 0001:000000c0       ?DupWide@_CW@@AEAAXXZ      00000001800010c0 f   CWString.obj
 0001:000000e8       ?cw_dup@@YAXPEBDAEAHAEAPEA_W1@Z 00000001800010e8 f   CWString.obj
 0001:000001c8       ?cw_memcpy@@YAHPEA_WPEBDH@Z 00000001800011c8 f   CWString.obj
 0001:00000214       ?cw_strcpy@@YAHPEA_WPEBD@Z 0000000180001214 f   CWString.obj
 0001:00000228       ??0CAtlComModule@ATL@@QEAA@XZ 0000000180001228 f i OposVariant.obj
 0001:000002a8       ??0CAtlWinModule@ATL@@QEAA@XZ 00000001800012a8 f i OposVariant.obj
 0001:00000314       ??0OposDispParms@@QEAA@PEAVOposVariant@@H@Z 0000000180001314 f   OposVariant.obj
 0001:000003bc       ??1OposDispParms@@QEAA@XZ  00000001800013bc f   OposVariant.obj
 0001:000003d4       ??_Estringdispid@CComTypeInfoHolder@ATL@@QEAAPEAXI@Z 00000001800013d4 f i OposVariant.obj
 0001:00000478       ?AtlWinModuleTerm@ATL@@YAJPEAU_ATL_WIN_MODULE70@1@PEAUHINSTANCE__@@@Z 0000000180001478 f i OposVariant.obj
 0001:00000528       ?ChangeBSTR@OposVariant@@QEAAXPEAPEA_WAEAJ@Z 0000000180001528 f   OposVariant.obj
 0001:00000588       ?ChangeLONG@OposVariant@@QEAAXPEAJAEAJ@Z 0000000180001588 f   OposVariant.obj
 0001:000005e4       ?GetLONG@OposVariant@@QEAAJXZ 00000001800015e4 f   OposVariant.obj
 0001:00000608       ?SetBSTR@OposVariant@@QEAAXPEA_WAEAJ@Z 0000000180001608 f   OposVariant.obj
 0001:00000648       ?SetBSTR_Copy@OposVariant@@QEAAXPEA_WAEAJ@Z 0000000180001648 f   OposVariant.obj
 0001:000006b8       ?SetBSTR_InOutPtr@OposVariant@@QEAA_NPEAPEA_WAEAJ@Z 00000001800016b8 f   OposVariant.obj
 0001:00000708       ?SetDispatch_Ptr@OposVariant@@QEAAXPEAUIDispatch@@AEAJ@Z 0000000180001708 f   OposVariant.obj
 0001:00000760       ?SetLONG@OposVariant@@QEAAXJ@Z 0000000180001760 f   OposVariant.obj
 0001:00000790       ?SetLONG_Ptr@OposVariant@@QEAAXPEAJAEAJ@Z 0000000180001790 f   OposVariant.obj
 0001:000007dc       ?SetString@OposVariant@@QEAAXPEB_WAEAJ@Z 00000001800017dc f   OposVariant.obj
 0001:00000840       ?SetVARIANT_BOOL@OposVariant@@QEAAXF@Z 0000000180001840 f   OposVariant.obj
 0001:00000878       ?Term@CAtlComModule@ATL@@QEAAXXZ 0000000180001878 f i OposVariant.obj
 0001:000008e8       ?_AtlInitializeCriticalSectionEx@ATL@@YAHPEAU_RTL_CRITICAL_SECTION@@KK@Z 00000001800018e8 f i OposVariant.obj
 0001:000008f0       ?_AtlRaiseException@ATL@@YAXKK@Z 00000001800018f0 f i OposVariant.obj
 0001:00000900       ?GetWindowProc@?$CWindowImplBaseT@VCWindow@ATL@@V?$CWinTraits@$0FGAAAAAA@$0A@@2@@ATL@@UEAAP6A_JPEAUHWND__@@I_K_J@ZXZ 0000000180001900 f i ItemDispenser.obj
 0001:00000908       ?StartWindowProc@?$CWindowImplBaseT@VCWindow@ATL@@V?$CWinTraits@$0FGAAAAAA@$0A@@2@@ATL@@SA_JPEAUHWND__@@I_K_J@Z 0000000180001908 f i ItemDispenser.obj
 0001:000009cc       ?OnFinalMessage@?$CWindowImplBaseT@VCWindow@ATL@@V?$CWinTraits@$0FGAAAAAA@$0A@@2@@ATL@@UEAAXPEAUHWND__@@@Z 00000001800019cc f i ItemDispenser.obj
 0001:000009cc       ?ObjectMain@CComObjectRootBase@ATL@@SAX_N@Z 00000001800019cc f i ItemDispenser.obj
 0001:000009cc       _guard_check_icall_nop     00000001800019cc f i LIBCMT:guard_support.obj
 0001:000009d0       ?GetTypeInfoCount@?$IDispatchImpl@UIOPOSItemDispenser@@$1?IID_IOPOSItemDispenser@@3U_GUID@@B$1?LIBID_OposItemDispenser_CCO@@3U3@B$00$0A@VCComTypeInfoHolder@ATL@@@ATL@@UEAAJPEAI@Z 00000001800019d0 f i ItemDispenser.obj
 0001:000009e4       ?GetTypeInfo@?$IDispatchImpl@UIOPOSItemDispenser@@$1?IID_IOPOSItemDispenser@@3U_GUID@@B$1?LIBID_OposItemDispenser_CCO@@3U3@B$00$0A@VCComTypeInfoHolder@ATL@@@ATL@@UEAAJIKPEAPEAUITypeInfo@@@Z 00000001800019e4 f i ItemDispenser.obj
 0001:00000a48       ?GetIDsOfNames@?$IDispatchImpl@UIOPOSItemDispenser@@$1?IID_IOPOSItemDispenser@@3U_GUID@@B$1?LIBID_OposItemDispenser_CCO@@3U3@B$00$0A@VCComTypeInfoHolder@ATL@@@ATL@@UEAAJAEBU_GUID@@PEAPEA_WIKPEAJ@Z 0000000180001a48 f i ItemDispenser.obj
 0001:00000a54       ?Invoke@?$IDispatchImpl@UIOPOSItemDispenser@@$1?IID_IOPOSItemDispenser@@3U_GUID@@B$1?LIBID_OposItemDispenser_CCO@@3U3@B$00$0A@VCComTypeInfoHolder@ATL@@@ATL@@UEAAJJAEBU_GUID@@KGPEAUtagDISPPARAMS@@PEAUtagVARIANT@@PEAUtagEXCEPINFO@@PEAI@Z 0000000180001a54 f i ItemDispenser.obj
 0001:00000ae4       ?CreateControlWindow@?$CComControl@VCOPOSItemDispenser@@V?$CWindowImpl@VCOPOSItemDispenser@@VCWindow@ATL@@V?$CWinTraits@$0FGAAAAAA@$0A@@3@@ATL@@@ATL@@UEAAPEAUHWND__@@PEAU3@AEAUtagRECT@@@Z 0000000180001ae4 f i ItemDispenser.obj
 0001:00000b1c       ?ControlQueryInterface@?$CComControl@VCOPOSItemDispenser@@V?$CWindowImpl@VCOPOSItemDispenser@@VCWindow@ATL@@V?$CWinTraits@$0FGAAAAAA@$0A@@3@@ATL@@@ATL@@UEAAJAEBU_GUID@@PEAPEAX@Z 0000000180001b1c f i ItemDispenser.obj
 0001:00000b30       ?GetClassID@?$IPersistStorageImpl@VCOPOSItemDispenser@@@ATL@@UEAAJPEAU_GUID@@@Z 0000000180001b30 f i ItemDispenser.obj
 0001:00000b30       ?GetUserClassID@?$IOleObjectImpl@VCOPOSItemDispenser@@@ATL@@UEAAJPEAU_GUID@@@Z 0000000180001b30 f i ItemDispenser.obj
 0001:00000b30       ?GetClassID@?$IPersistStreamInitImpl@VCOPOSItemDispenser@@@ATL@@UEAAJPEAU_GUID@@@Z 0000000180001b30 f i ItemDispenser.obj
 0001:00000b4c       ?IsDirty@?$IPersistStreamInitImpl@VCOPOSItemDispenser@@@ATL@@UEAAJXZ 0000000180001b4c f i ItemDispenser.obj
 0001:00000b68       ?Load@?$IPersistStreamInitImpl@VCOPOSItemDispenser@@@ATL@@UEAAJPEAUIStream@@@Z 0000000180001b68 f i ItemDispenser.obj
 0001:00000b80       ?Save@?$IPersistStreamInitImpl@VCOPOSItemDispenser@@@ATL@@UEAAJPEAUIStream@@H@Z 0000000180001b80 f i ItemDispenser.obj
 0001:00000b98       ?GetSizeMax@?$IPersistStreamInitImpl@VCOPOSItemDispenser@@@ATL@@UEAAJPEAT_ULARGE_INTEGER@@@Z 0000000180001b98 f i ItemDispenser.obj
 0001:00000dc4       ?InitNew@?$IPersistStreamInitImpl@VCOPOSItemDispenser@@@ATL@@UEAAJXZ 0000000180001dc4 f i ItemDispenser.obj
 0001:00000ddc       ?SOErrorDummy@COPOSItemDispenser@@MEAAJJJJPEAJ@Z 0000000180001ddc f i ItemDispenser.obj
 0001:00000ddc       ?GetClipboardData@?$IOleObjectImpl@VCOPOSItemDispenser@@@ATL@@UEAAJKPEAPEAUIDataObject@@@Z 0000000180001ddc f i ItemDispenser.obj
 0001:00000ddc       ?GetDropTarget@?$IOleInPlaceObjectWindowlessImpl@VCOPOSItemDispenser@@@ATL@@UEAAJPEAPEAUIDropTarget@@@Z 0000000180001ddc f i ItemDispenser.obj
 0001:00000ddc       ?GetMoniker@?$IOleObjectImpl@VCOPOSItemDispenser@@@ATL@@UEAAJKKPEAPEAUIMoniker@@@Z 0000000180001ddc f i ItemDispenser.obj
 0001:00000ddc       ?QueryGetData@?$IDataObjectImpl@VCOPOSItemDispenser@@@ATL@@UEAAJPEAUtagFORMATETC@@@Z 0000000180001ddc f i ItemDispenser.obj
 0001:00000ddc       ?ContextSensitiveHelp@?$IOleInPlaceActiveObjectImpl@VCOPOSItemDispenser@@@ATL@@UEAAJH@Z 0000000180001ddc f i ItemDispenser.obj
 0001:00000ddc       ?GetControlInfo@?$IOleControlImpl@VCOPOSItemDispenser@@@ATL@@UEAAJPEAUtagCONTROLINFO@@@Z 0000000180001ddc f i ItemDispenser.obj
 0001:00000ddc       ?SODataDummy@COPOSItemDispenser@@MEAAJJ@Z 0000000180001ddc f i ItemDispenser.obj
 0001:00000ddc       ?ReactivateAndUndo@?$IOleInPlaceObjectWindowlessImpl@VCOPOSItemDispenser@@@ATL@@UEAAJXZ 0000000180001ddc f i ItemDispenser.obj
 0001:00000ddc       ?SetMoniker@?$IOleObjectImpl@VCOPOSItemDispenser@@@ATL@@UEAAJKPEAUIMoniker@@@Z 0000000180001ddc f i ItemDispenser.obj
 0001:00000ddc       ?ContextSensitiveHelp@?$IOleInPlaceObjectWindowlessImpl@VCOPOSItemDispenser@@@ATL@@UEAAJH@Z 0000000180001ddc f i ItemDispenser.obj
 0001:00000ddc       ?GetColorSet@?$IViewObjectExImpl@VCOPOSItemDispenser@@@ATL@@UEAAJKJPEAXPEAUtagDVTARGETDEVICE@@PEAUHDC__@@PEAPEAUtagLOGPALETTE@@@Z 0000000180001ddc f i ItemDispenser.obj
 0001:00000ddc       ?OnMnemonic@?$IOleControlImpl@VCOPOSItemDispenser@@@ATL@@UEAAJPEAUtagMSG@@@Z 0000000180001ddc f i ItemDispenser.obj
 0001:00000ddc       ?GetRect@?$IViewObjectExImpl@VCOPOSItemDispenser@@@ATL@@UEAAJKPEAU_RECTL@@@Z 0000000180001ddc f i ItemDispenser.obj
 0001:00000ddc       ?SOOutputCompleteDummy@COPOSItemDispenser@@MEAAJJ@Z 0000000180001ddc f i ItemDispenser.obj
 0001:00000ddc       ?GetCanonicalFormatEtc@?$IDataObjectImpl@VCOPOSItemDispenser@@@ATL@@UEAAJPEAUtagFORMATETC@@0@Z 0000000180001ddc f i ItemDispenser.obj
 0001:00000ddc       ?SetColorScheme@?$IOleObjectImpl@VCOPOSItemDispenser@@@ATL@@UEAAJPEAUtagLOGPALETTE@@@Z 0000000180001ddc f i ItemDispenser.obj
 0001:00000ddc       ?Unfreeze@?$IViewObjectExImpl@VCOPOSItemDispenser@@@ATL@@UEAAJK@Z 0000000180001ddc f i ItemDispenser.obj
 0001:00000ddc       ?QueryInterface@CRegObject@ATL@@UEAAJAEBU_GUID@@PEAPEAX@Z 0000000180001ddc f i ItemDispenser.obj
 0001:00000ddc       ?GetDataHere@?$IDataObjectImpl@VCOPOSItemDispenser@@@ATL@@UEAAJPEAUtagFORMATETC@@PEAUtagSTGMEDIUM@@@Z 0000000180001ddc f i ItemDispenser.obj
 0001:00000ddc       ?InitFromData@?$IOleObjectImpl@VCOPOSItemDispenser@@@ATL@@UEAAJPEAUIDataObject@@HK@Z 0000000180001ddc f i ItemDispenser.obj
 0001:00000ddc       ?SetData@?$IDataObjectImpl@VCOPOSItemDispenser@@@ATL@@UEAAJPEAUtagFORMATETC@@PEAUtagSTGMEDIUM@@H@Z 0000000180001ddc f i ItemDispenser.obj
 0001:00000ddc       ?EnumFormatEtc@?$IDataObjectImpl@VCOPOSItemDispenser@@@ATL@@UEAAJKPEAPEAUIEnumFORMATETC@@@Z 0000000180001ddc f i ItemDispenser.obj
 0001:00000ddc       ?Freeze@?$IViewObjectExImpl@VCOPOSItemDispenser@@@ATL@@UEAAJKJPEAXPEAK@Z 0000000180001ddc f i ItemDispenser.obj
 0001:00000de4       ?IsUpToDate@?$IOleObjectImpl@VCOPOSItemDispenser@@@ATL@@UEAAJXZ 0000000180001de4 f i ItemDispenser.obj
 0001:00000de4       ?SetHostNames@?$IOleObjectImpl@VCOPOSItemDispenser@@@ATL@@UEAAJPEB_W0@Z 0000000180001de4 f i ItemDispenser.obj
 0001:00000de4       ?ResizeBorder@?$IOleInPlaceActiveObjectImpl@VCOPOSItemDispenser@@@ATL@@UEAAJPEBUtagRECT@@PEAUIOleInPlaceUIWindow@@H@Z 0000000180001de4 f i ItemDispenser.obj
 0001:00000de4       ?OnAmbientPropertyChange@?$IOleControlImpl@VCOPOSItemDispenser@@@ATL@@UEAAJJ@Z 0000000180001de4 f i ItemDispenser.obj
 0001:00000de4       ?OnFrameWindowActivate@?$IOleInPlaceActiveObjectImpl@VCOPOSItemDispenser@@@ATL@@UEAAJH@Z 0000000180001de4 f i ItemDispenser.obj
 0001:00000de4       ?GetObjectDescription@?$CComCoClass@VCOPOSItemDispenser@@$1?CLSID_OPOSItemDispenser@@3U_GUID@@B@ATL@@SAPEB_WXZ 0000000180001de4 f i ItemDispenser.obj
 0001:00000de4       ?SaveCompleted@?$IPersistStorageImpl@VCOPOSItemDispenser@@@ATL@@UEAAJPEAUIStorage@@@Z 0000000180001de4 f i ItemDispenser.obj
 0001:00000de4       ?Release@CRegObject@ATL@@UEAAKXZ 0000000180001de4 f i ItemDispenser.obj
 0001:00000de4       ?HandsOffStorage@?$IPersistStorageImpl@VCOPOSItemDispenser@@@ATL@@UEAAJXZ 0000000180001de4 f i ItemDispenser.obj
 0001:00000de4       ?GetCategoryMap@CComObjectRootBase@ATL@@SAPEBU_ATL_CATMAP_ENTRY@2@XZ 0000000180001de4 f i ItemDispenser.obj
 0001:00000de4       ?EnableModeless@?$IOleInPlaceActiveObjectImpl@VCOPOSItemDispenser@@@ATL@@UEAAJH@Z 0000000180001de4 f i ItemDispenser.obj
 0001:00000de4       ?Update@?$IOleObjectImpl@VCOPOSItemDispenser@@@ATL@@UEAAJXZ 0000000180001de4 f i ItemDispenser.obj
 0001:00000de8       ?SetClientSite@?$IOleObjectImpl@VCOPOSItemDispenser@@@ATL@@UEAAJPEAUIOleClientSite@@@Z 0000000180001de8 f i ItemDispenser.obj
 0001:00000e04       ?GetClientSite@?$IOleObjectImpl@VCOPOSItemDispenser@@@ATL@@UEAAJPEAPEAUIOleClientSite@@@Z 0000000180001e04 f i ItemDispenser.obj
 0001:00000e4c       ?Close@?$IOleObjectImpl@VCOPOSItemDispenser@@@ATL@@UEAAJK@Z 0000000180001e4c f i ItemDispenser.obj
 0001:00000e68       ?DoVerb@?$IOleObjectImpl@VCOPOSItemDispenser@@@ATL@@UEAAJJPEAUtagMSG@@PEAUIOleClientSite@@JPEAUHWND__@@PEBUtagRECT@@@Z 0000000180001e68 f i ItemDispenser.obj
 0001:0000100c       ?EnumVerbs@?$IOleObjectImpl@VCOPOSItemDispenser@@@ATL@@UEAAJPEAPEAUIEnumOLEVERB@@@Z 000000018000200c f i ItemDispenser.obj
 0001:00001028       ?GetUserType@?$IOleObjectImpl@VCOPOSItemDispenser@@@ATL@@UEAAJKPEAPEA_W@Z 0000000180002028 f i ItemDispenser.obj
 0001:00001038       ?SetExtent@?$IOleObjectImpl@VCOPOSItemDispenser@@@ATL@@UEAAJKPEAUtagSIZE@@@Z 0000000180002038 f i ItemDispenser.obj
 0001:00001054       ?GetExtent@?$IOleObjectImpl@VCOPOSItemDispenser@@@ATL@@UEAAJKPEAUtagSIZE@@@Z 0000000180002054 f i ItemDispenser.obj
 0001:00001084       ?Advise@?$IOleObjectImpl@VCOPOSItemDispenser@@@ATL@@UEAAJPEAUIAdviseSink@@PEAK@Z 0000000180002084 f i ItemDispenser.obj
 0001:000010e0       ?Unadvise@?$IOleObjectImpl@VCOPOSItemDispenser@@@ATL@@UEAAJK@Z 00000001800020e0 f i ItemDispenser.obj
 0001:00001118       ?EnumAdvise@?$IOleObjectImpl@VCOPOSItemDispenser@@@ATL@@UEAAJPEAPEAUIEnumSTATDATA@@@Z 0000000180002118 f i ItemDispenser.obj
 0001:00001160       ?GetMiscStatus@?$IOleObjectImpl@VCOPOSItemDispenser@@@ATL@@UEAAJKPEAK@Z 0000000180002160 f i ItemDispenser.obj
 0001:00001170       ?GetWindow@?$IOleInPlaceActiveObjectImpl@VCOPOSItemDispenser@@@ATL@@UEAAJPEAPEAUHWND__@@@Z 0000000180002170 f i ItemDispenser.obj
 0001:000011c4       ?TranslateAcceleratorW@?$IOleInPlaceActiveObjectImpl@VCOPOSItemDispenser@@@ATL@@UEAAJPEAUtagMSG@@@Z 00000001800021c4 f i ItemDispenser.obj
 0001:000012b8       ?OnDocWindowActivate@?$IOleInPlaceActiveObjectImpl@VCOPOSItemDispenser@@@ATL@@UEAAJH@Z 00000001800022b8 f i ItemDispenser.obj
 0001:000012e4       ?Draw@?$IViewObjectExImpl@VCOPOSItemDispenser@@@ATL@@UEAAJKJPEAXPEAUtagDVTARGETDEVICE@@PEAUHDC__@@2PEBU_RECTL@@3P6AH_K@Z4@Z 00000001800022e4 f i ItemDispenser.obj
 0001:00001348       ?SetAdvise@?$IViewObjectExImpl@VCOPOSItemDispenser@@@ATL@@UEAAJKKPEAUIAdviseSink@@@Z 0000000180002348 f i ItemDispenser.obj
 0001:0000139c       ?GetAdvise@?$IViewObjectExImpl@VCOPOSItemDispenser@@@ATL@@UEAAJPEAK0PEAPEAUIAdviseSink@@@Z 000000018000239c f i ItemDispenser.obj
 0001:000013d8       ?GetExtent@?$IViewObjectExImpl@VCOPOSItemDispenser@@@ATL@@UEAAJKJPEAUtagDVTARGETDEVICE@@PEAUtagSIZE@@@Z 00000001800023d8 f i ItemDispenser.obj
 0001:00001408       ?GetViewStatus@?$IViewObjectExImpl@VCOPOSItemDispenser@@@ATL@@UEAAJPEAK@Z 0000000180002408 f i ItemDispenser.obj
 0001:0000141c       ?QueryHitPoint@?$IViewObjectExImpl@VCOPOSItemDispenser@@@ATL@@UEAAJKPEBUtagRECT@@UtagPOINT@@JPEAK@Z 000000018000241c f i ItemDispenser.obj
 0001:00001460       ?QueryHitRect@?$IViewObjectExImpl@VCOPOSItemDispenser@@@ATL@@UEAAJKPEBUtagRECT@@0JPEAK@Z 0000000180002460 f i ItemDispenser.obj
 0001:000014c8       ?GetNaturalExtent@?$IViewObjectExImpl@VCOPOSItemDispenser@@@ATL@@UEAAJKJPEAUtagDVTARGETDEVICE@@PEAUHDC__@@PEAUtagExtentInfo@@PEAUtagSIZE@@@Z 00000001800024c8 f i ItemDispenser.obj
 0001:00001510       ?GetWindow@?$IOleInPlaceObjectWindowlessImpl@VCOPOSItemDispenser@@@ATL@@UEAAJPEAPEAUHWND__@@@Z 0000000180002510 f i ItemDispenser.obj
 0001:00001564       ?InPlaceDeactivate@?$IOleInPlaceObjectWindowlessImpl@VCOPOSItemDispenser@@@ATL@@UEAAJXZ 0000000180002564 f i ItemDispenser.obj
 0001:00001580       ?UIDeactivate@?$IOleInPlaceObjectWindowlessImpl@VCOPOSItemDispenser@@@ATL@@UEAAJXZ 0000000180002580 f i ItemDispenser.obj
 0001:0000159c       ?SetObjectRects@?$IOleInPlaceObjectWindowlessImpl@VCOPOSItemDispenser@@@ATL@@UEAAJPEBUtagRECT@@0@Z 000000018000259c f i ItemDispenser.obj
 0001:000015b8       ?OnWindowMessage@?$IOleInPlaceObjectWindowlessImpl@VCOPOSItemDispenser@@@ATL@@UEAAJI_K_JPEA_J@Z 00000001800025b8 f i ItemDispenser.obj
 0001:00001680       ?EnumConnectionPoints@?$IConnectionPointContainerImpl@VCOPOSItemDispenser@@@ATL@@UEAAJPEAPEAUIEnumConnectionPoints@@@Z 0000000180002680 f i ItemDispenser.obj
 0001:000018cc       ?FindConnectionPoint@?$IConnectionPointContainerImpl@VCOPOSItemDispenser@@@ATL@@UEAAJAEBU_GUID@@PEAPEAUIConnectionPoint@@@Z 00000001800028cc f i ItemDispenser.obj
 0001:0000199c       ?IsDirty@?$IPersistStorageImpl@VCOPOSItemDispenser@@@ATL@@UEAAJXZ 000000018000299c f i ItemDispenser.obj
 0001:000019dc       ?InitNew@?$IPersistStorageImpl@VCOPOSItemDispenser@@@ATL@@UEAAJPEAUIStorage@@@Z 00000001800029dc f i ItemDispenser.obj
 0001:00001a1c       ?Load@?$IPersistStorageImpl@VCOPOSItemDispenser@@@ATL@@UEAAJPEAUIStorage@@@Z 0000000180002a1c f i ItemDispenser.obj
 0001:00001abc       ?Save@?$IPersistStorageImpl@VCOPOSItemDispenser@@@ATL@@UEAAJPEAUIStorage@@H@Z 0000000180002abc f i ItemDispenser.obj
 0001:00001b6c       ?GetPages@?$ISpecifyPropertyPagesImpl@VCOPOSItemDispenser@@@ATL@@UEAAJPEAUtagCAUUID@@@Z 0000000180002b6c f i ItemDispenser.obj
 0001:00001b78       ?QuickActivate@?$IQuickActivateImpl@VCOPOSItemDispenser@@@ATL@@UEAAJPEAUtagQACONTAINER@@PEAUtagQACONTROL@@@Z 0000000180002b78 f i ItemDispenser.obj
 0001:00001b94       ?SetContentExtent@?$IQuickActivateImpl@VCOPOSItemDispenser@@@ATL@@UEAAJPEAUtagSIZE@@@Z 0000000180002b94 f i ItemDispenser.obj
 0001:00001bc8       ?GetContentExtent@?$IQuickActivateImpl@VCOPOSItemDispenser@@@ATL@@UEAAJPEAUtagSIZE@@@Z 0000000180002bc8 f i ItemDispenser.obj
 0001:00001c00       ?GetData@?$IDataObjectImpl@VCOPOSItemDispenser@@@ATL@@UEAAJPEAUtagFORMATETC@@PEAUtagSTGMEDIUM@@@Z 0000000180002c00 f i ItemDispenser.obj
 0001:00001c1c       ?DAdvise@?$IDataObjectImpl@VCOPOSItemDispenser@@@ATL@@UEAAJPEAUtagFORMATETC@@KPEAUIAdviseSink@@PEAK@Z 0000000180002c1c f i ItemDispenser.obj
 0001:00001ca4       ?DUnadvise@?$IDataObjectImpl@VCOPOSItemDispenser@@@ATL@@UEAAJK@Z 0000000180002ca4 f i ItemDispenser.obj
 0001:00001cd0       ?EnumDAdvise@?$IDataObjectImpl@VCOPOSItemDispenser@@@ATL@@UEAAJPEAPEAUIEnumSTATDATA@@@Z 0000000180002cd0 f i ItemDispenser.obj
 0001:00001d0c       ?GetClassInfoW@?$IProvideClassInfo2Impl@$1?CLSID_OPOSItemDispenser@@3U_GUID@@B$1?DIID__IOPOSItemDispenserEvents@@3U2@B$1?LIBID_OposItemDispenser_CCO@@3U2@B$00$0A@VCComTypeInfoHolder@ATL@@@ATL@@UEAAJPEAPEAUITypeInfo@@@Z 0000000180002d0c f i ItemDispenser.obj
 0001:00001d64       ?GetGUID@?$IProvideClassInfo2Impl@$1?CLSID_OPOSItemDispenser@@3U_GUID@@B$1?DIID__IOPOSItemDispenserEvents@@3U2@B$1?LIBID_OposItemDispenser_CCO@@3U2@B$00$0A@VCComTypeInfoHolder@ATL@@@ATL@@UEAAJKPEAU_GUID@@@Z 0000000180002d64 f i ItemDispenser.obj
 0001:00001d98       ?FAccessAllowed@?$IObjectSafetyImpl@VCOPOSItemDispenser@@$02@ATL@@MEAAHXZ 0000000180002d98 f i ItemDispenser.obj
 0001:00001d98       _get_startup_argv_mode     0000000180002d98 f i LIBCMT:argv_mode.obj
 0001:00001d98       ?AddRef@CRegObject@ATL@@UEAAKXZ 0000000180002d98 f i ItemDispenser.obj
 0001:00001da0       ?GetInterfaceSafetyOptions@?$IObjectSafetyImpl@VCOPOSItemDispenser@@$02@ATL@@UEAAJAEBU_GUID@@PEAK1@Z 0000000180002da0 f i ItemDispenser.obj
 0001:00001e34       ?SetInterfaceSafetyOptions@?$IObjectSafetyImpl@VCOPOSItemDispenser@@$02@ATL@@UEAAJAEBU_GUID@@KK@Z 0000000180002e34 f i ItemDispenser.obj
 0001:00001ed8       ?_LocCPQueryInterface@?$IConnectionPointImpl@VCOPOSItemDispenser@@$1?IID_IPropertyNotifySink@@3U_GUID@@BVCComDynamicUnkArray@ATL@@@ATL@@UEAAJAEBU_GUID@@PEAPEAX@Z 0000000180002ed8 f i ItemDispenser.obj
 0001:00001ed8       ?_LocCPQueryInterface@?$IConnectionPointImpl@VCOPOSItemDispenser@@$1?DIID__IOPOSItemDispenserEvents@@3U_GUID@@BVCComDynamicUnkArray@ATL@@@ATL@@UEAAJAEBU_GUID@@PEAPEAX@Z 0000000180002ed8 f i ItemDispenser.obj
 0001:00001f48       ?GetConnectionInterface@?$IConnectionPointImpl@VCOPOSItemDispenser@@$1?IID_IPropertyNotifySink@@3U_GUID@@BVCComDynamicUnkArray@ATL@@@ATL@@UEAAJPEAU_GUID@@@Z 0000000180002f48 f i ItemDispenser.obj
 0001:00001f64       ?GetConnectionPointContainer@?$IConnectionPointImpl@VCOPOSItemDispenser@@$1?IID_IPropertyNotifySink@@3U_GUID@@BVCComDynamicUnkArray@ATL@@@ATL@@UEAAJPEAPEAUIConnectionPointContainer@@@Z 0000000180002f64 f i ItemDispenser.obj
 0001:00001f84       ?Advise@?$IConnectionPointImpl@VCOPOSItemDispenser@@$1?IID_IPropertyNotifySink@@3U_GUID@@BVCComDynamicUnkArray@ATL@@@ATL@@UEAAJPEAUIUnknown@@PEAK@Z 0000000180002f84 f i ItemDispenser.obj
 0001:00001f84       ?Advise@?$IConnectionPointImpl@VCOPOSItemDispenser@@$1?DIID__IOPOSItemDispenserEvents@@3U_GUID@@BVCComDynamicUnkArray@ATL@@@ATL@@UEAAJPEAUIUnknown@@PEAK@Z 0000000180002f84 f i ItemDispenser.obj
 0001:00002040       ?Unadvise@?$IConnectionPointImpl@VCOPOSItemDispenser@@$1?IID_IPropertyNotifySink@@3U_GUID@@BVCComDynamicUnkArray@ATL@@@ATL@@UEAAJK@Z 0000000180003040 f i ItemDispenser.obj
 0001:00002040       ?Unadvise@?$IConnectionPointImpl@VCOPOSItemDispenser@@$1?DIID__IOPOSItemDispenserEvents@@3U_GUID@@BVCComDynamicUnkArray@ATL@@@ATL@@UEAAJK@Z 0000000180003040 f i ItemDispenser.obj
 0001:000020a8       ?EnumConnections@?$IConnectionPointImpl@VCOPOSItemDispenser@@$1?DIID__IOPOSItemDispenserEvents@@3U_GUID@@BVCComDynamicUnkArray@ATL@@@ATL@@UEAAJPEAPEAUIEnumConnections@@@Z 00000001800030a8 f i ItemDispenser.obj
 0001:000020a8       ?EnumConnections@?$IConnectionPointImpl@VCOPOSItemDispenser@@$1?IID_IPropertyNotifySink@@3U_GUID@@BVCComDynamicUnkArray@ATL@@@ATL@@UEAAJPEAPEAUIEnumConnections@@@Z 00000001800030a8 f i ItemDispenser.obj
 0001:00002254       ?GetConnectionInterface@?$IConnectionPointImpl@VCOPOSItemDispenser@@$1?DIID__IOPOSItemDispenserEvents@@3U_GUID@@BVCComDynamicUnkArray@ATL@@@ATL@@UEAAJPEAU_GUID@@@Z 0000000180003254 f i ItemDispenser.obj
 0001:00002270       ?GetConnectionPointContainer@?$IConnectionPointImpl@VCOPOSItemDispenser@@$1?DIID__IOPOSItemDispenserEvents@@3U_GUID@@BVCComDynamicUnkArray@ATL@@@ATL@@UEAAJPEAPEAUIConnectionPointContainer@@@Z 0000000180003270 f i ItemDispenser.obj
 0001:00002290       ?UpdateRegistry@COPOSItemDispenser@@SAJH@Z 0000000180003290 f i ItemDispenser.obj
 0001:000022a8       ?ProcessWindowMessage@COPOSItemDispenser@@UEAAHPEAUHWND__@@I_K_JAEA_JK@Z 00000001800032a8 f i ItemDispenser.obj
 0001:00002330       ?SODirectIO@COPOSItemDispenser@@MEAAJJPEAJPEAPEA_W@Z 0000000180003330 f i ItemDispenser.obj
 0001:000023a8       ?SOStatusUpdate@COPOSItemDispenser@@MEAAJJ@Z 00000001800033a8 f i ItemDispenser.obj
 0001:000023f8       ?Lock@CAtlModule@ATL@@UEAAJXZ 00000001800033f8 f i ItemDispenser.obj
 0001:00002408       ?Unlock@CAtlModule@ATL@@UEAAJXZ 0000000180003408 f i ItemDispenser.obj
 0001:00002414       ?GetLockCount@CAtlModule@ATL@@UEAAJXZ 0000000180003414 f i ItemDispenser.obj
 0001:00002418       ?GetGITPtr@CAtlModule@ATL@@UEAAJPEAPEAUIGlobalInterfaceTable@@@Z 0000000180003418 f i ItemDispenser.obj
 0001:00002488       ?CreateInstance@?$CComCreator@V?$CComObjectCached@VCComClassFactory@ATL@@@ATL@@@ATL@@SAJPEAXAEBU_GUID@@PEAPEAX@Z 0000000180003488 f i ItemDispenser.obj
 0001:000025ac       ?CreateInstance@?$CComCreator2@V?$CComCreator@V?$CComObject@VCOPOSItemDispenser@@@ATL@@@ATL@@V?$CComCreator@V?$CComAggObject@VCOPOSItemDispenser@@@ATL@@@2@@ATL@@SAJPEAXAEBU_GUID@@PEAPEAX@Z 00000001800035ac f i ItemDispenser.obj
 0001:000025bc       ?AddCommonRGSReplacements@?$CAtlModuleT@VCComModule@ATL@@@ATL@@UEAAJPEAUIRegistrarBase@@@Z 00000001800035bc f i ItemDispenser.obj
 0001:000025d4       ?AddRef@?$CComObjectCached@VCComClassFactory@ATL@@@ATL@@UEAAKXZ 00000001800035d4 f i ItemDispenser.obj
 0001:00002600       ?Release@?$CComObjectCached@VCComClassFactory@ATL@@@ATL@@UEAAKXZ 0000000180003600 f i ItemDispenser.obj
 0001:00002640       ?QueryInterface@?$CComObjectCached@VCComClassFactory@ATL@@@ATL@@UEAAJAEBU_GUID@@PEAPEAX@Z 0000000180003640 f i ItemDispenser.obj
 0001:00002654       ??_G?$CComObjectCached@VCComClassFactory@ATL@@@ATL@@UEAAPEAXI@Z 0000000180003654 f i ItemDispenser.obj
 0001:00002654       ??_E?$CComObjectCached@VCComClassFactory@ATL@@@ATL@@UEAAPEAXI@Z 0000000180003654 f i ItemDispenser.obj
 0001:000026ac       ?UpdateRegistryFromResourceD@CComModule@ATL@@UEAAJIHPEAU_ATL_REGMAP_ENTRY@2@@Z 00000001800036ac f i ItemDispenser.obj
 0001:000026ac       ?UpdateRegistryFromResourceD@CComModule@ATL@@UEAAJPEB_WHPEAU_ATL_REGMAP_ENTRY@2@@Z 00000001800036ac f i ItemDispenser.obj
 0001:000026b4       ?UpdateRegistryFromResource@CComModule@ATL@@UEAAJPEB_WHPEAU_ATL_REGMAP_ENTRY@2@@Z 00000001800036b4 f i ItemDispenser.obj
 0001:000026bc       ?UpdateRegistryFromResource@CComModule@ATL@@UEAAJIHPEAU_ATL_REGMAP_ENTRY@2@@Z 00000001800036bc f i ItemDispenser.obj
 0001:000026c4       ??_GCComModule@ATL@@UEAAPEAXI@Z 00000001800036c4 f i ItemDispenser.obj
 0001:000026c4       ??_ECComModule@ATL@@UEAAPEAXI@Z 00000001800036c4 f i ItemDispenser.obj
 0001:00002704       ?Next@?$CComEnumImpl@UIEnumConnectionPoints@@$1?_GUID_b196b285_bab4_101a_b69c_00aa00341d07@@3U__s_GUID@@BPEAUIConnectionPoint@@V?$_CopyInterface@UIConnectionPoint@@@ATL@@@ATL@@UEAAJKPEAPEAUIConnectionPoint@@PEAK@Z 0000000180003704 f i ItemDispenser.obj
 0001:000027d0       ?Skip@?$CComEnumImpl@UIEnumConnectionPoints@@$1?_GUID_b196b285_bab4_101a_b69c_00aa00341d07@@3U__s_GUID@@BPEAUIConnectionPoint@@V?$_CopyInterface@UIConnectionPoint@@@ATL@@@ATL@@UEAAJK@Z 00000001800037d0 f i ItemDispenser.obj
 0001:000027fc       ?Reset@?$CComEnumImpl@UIEnumConnectionPoints@@$1?_GUID_b196b285_bab4_101a_b69c_00aa00341d07@@3U__s_GUID@@BPEAUIConnectionPoint@@V?$_CopyInterface@UIConnectionPoint@@@ATL@@@ATL@@UEAAJXZ 00000001800037fc f i ItemDispenser.obj
 0001:000027fc       ?Reset@?$CComEnumImpl@UIEnumConnections@@$1?_GUID_b196b287_bab4_101a_b69c_00aa00341d07@@3U__s_GUID@@BUtagCONNECTDATA@@V?$_Copy@UtagCONNECTDATA@@@ATL@@@ATL@@UEAAJXZ 00000001800037fc f i ItemDispenser.obj
 0001:00002808       ?Clone@?$CComEnumImpl@UIEnumConnectionPoints@@$1?_GUID_b196b285_bab4_101a_b69c_00aa00341d07@@3U__s_GUID@@BPEAUIConnectionPoint@@V?$_CopyInterface@UIConnectionPoint@@@ATL@@@ATL@@UEAAJPEAPEAUIEnumConnectionPoints@@@Z 0000000180003808 f i ItemDispenser.obj
 0001:00002934       ?AddRef@?$CComObject@V?$CComEnum@UIEnumConnections@@$1?_GUID_b196b287_bab4_101a_b69c_00aa00341d07@@3U__s_GUID@@BUtagCONNECTDATA@@V?$_Copy@UtagCONNECTDATA@@@ATL@@VCComSingleThreadModel@6@@ATL@@@ATL@@UEAAKXZ 0000000180003934 f i ItemDispenser.obj
 0001:00002934       ?AddRef@?$CComObject@V?$CComEnum@UIEnumConnectionPoints@@$1?_GUID_b196b285_bab4_101a_b69c_00aa00341d07@@3U__s_GUID@@BPEAUIConnectionPoint@@V?$_CopyInterface@UIConnectionPoint@@@ATL@@VCComSingleThreadModel@6@@ATL@@@ATL@@UEAAKXZ 0000000180003934 f i ItemDispenser.obj
 0001:00002940       ?Release@?$CComObject@V?$CComEnum@UIEnumConnections@@$1?_GUID_b196b287_bab4_101a_b69c_00aa00341d07@@3U__s_GUID@@BUtagCONNECTDATA@@V?$_Copy@UtagCONNECTDATA@@@ATL@@VCComSingleThreadModel@6@@ATL@@@ATL@@UEAAKXZ 0000000180003940 f i ItemDispenser.obj
 0001:00002940       ?Release@?$CComObject@V?$CComEnum@UIEnumConnectionPoints@@$1?_GUID_b196b285_bab4_101a_b69c_00aa00341d07@@3U__s_GUID@@BPEAUIConnectionPoint@@V?$_CopyInterface@UIConnectionPoint@@@ATL@@VCComSingleThreadModel@6@@ATL@@@ATL@@UEAAKXZ 0000000180003940 f i ItemDispenser.obj
 0001:00002994       ?QueryInterface@?$CComObject@V?$CComEnum@UIEnumConnectionPoints@@$1?_GUID_b196b285_bab4_101a_b69c_00aa00341d07@@3U__s_GUID@@BPEAUIConnectionPoint@@V?$_CopyInterface@UIConnectionPoint@@@ATL@@VCComSingleThreadModel@6@@ATL@@@ATL@@UEAAJAEBU_GUID@@PEAPEAX@Z 0000000180003994 f i ItemDispenser.obj
 0001:000029a8       ??_E?$CComObject@V?$CComEnum@UIEnumConnectionPoints@@$1?_GUID_b196b285_bab4_101a_b69c_00aa00341d07@@3U__s_GUID@@BPEAUIConnectionPoint@@V?$_CopyInterface@UIConnectionPoint@@@ATL@@VCComSingleThreadModel@6@@ATL@@@ATL@@UEAAPEAXI@Z 00000001800039a8 f i ItemDispenser.obj
 0001:000029a8       ??_G?$CComObject@V?$CComEnum@UIEnumConnectionPoints@@$1?_GUID_b196b285_bab4_101a_b69c_00aa00341d07@@3U__s_GUID@@BPEAUIConnectionPoint@@V?$_CopyInterface@UIConnectionPoint@@@ATL@@VCComSingleThreadModel@6@@ATL@@@ATL@@UEAAPEAXI@Z 00000001800039a8 f i ItemDispenser.obj
 0001:00002a00       ?AddReplacement@CRegObject@ATL@@UEAAJPEB_W0@Z 0000000180003a00 f i ItemDispenser.obj
 0001:00002a30       ?ClearReplacements@CRegObject@ATL@@UEAAJXZ 0000000180003a30 f i ItemDispenser.obj
 0001:00002a3c       ??_GCRegObject@ATL@@UEAAPEAXI@Z 0000000180003a3c f i ItemDispenser.obj
 0001:00002a3c       ??_ECRegObject@ATL@@UEAAPEAXI@Z 0000000180003a3c f i ItemDispenser.obj
 0001:00002abc       ?AddRef@?$CComAggObject@VCOPOSItemDispenser@@@ATL@@UEAAKXZ 0000000180003abc f i ItemDispenser.obj
 0001:00002ac8       ?Release@?$CComAggObject@VCOPOSItemDispenser@@@ATL@@UEAAKXZ 0000000180003ac8 f i ItemDispenser.obj
 0001:00002b1c       ?QueryInterface@?$CComAggObject@VCOPOSItemDispenser@@@ATL@@UEAAJAEBU_GUID@@PEAPEAX@Z 0000000180003b1c f i ItemDispenser.obj
 0001:00002b7c       ?AddRef@?$CComContainedObject@VCOPOSItemDispenser@@@ATL@@UEAAKXZ 0000000180003b7c f i ItemDispenser.obj
 0001:00002b8c       ?Release@?$CComContainedObject@VCOPOSItemDispenser@@@ATL@@UEAAKXZ 0000000180003b8c f i ItemDispenser.obj
 0001:00002b9c       ?QueryInterface@?$CComContainedObject@VCOPOSItemDispenser@@@ATL@@UEAAJAEBU_GUID@@PEAPEAX@Z 0000000180003b9c f i ItemDispenser.obj
 0001:00002bac       ??_E?$CComAggObject@VCOPOSItemDispenser@@@ATL@@UEAAPEAXI@Z 0000000180003bac f i ItemDispenser.obj
 0001:00002bac       ??_G?$CComAggObject@VCOPOSItemDispenser@@@ATL@@UEAAPEAXI@Z 0000000180003bac f i ItemDispenser.obj
 0001:00002c04       ?AddRef@?$CComObject@VCOPOSItemDispenser@@@ATL@@UEAAKXZ 0000000180003c04 f i ItemDispenser.obj
 0001:00002c14       ?Release@?$CComObject@VCOPOSItemDispenser@@@ATL@@UEAAKXZ 0000000180003c14 f i ItemDispenser.obj
 0001:00002c6c       ?QueryInterface@?$CComObject@VCOPOSItemDispenser@@@ATL@@UEAAJAEBU_GUID@@PEAPEAX@Z 0000000180003c6c f i ItemDispenser.obj
 0001:00002c80       ?OnDrawAdvanced@CComControlBase@ATL@@UEAAJAEAUATL_DRAWINFO@@@Z 0000000180003c80 f i ItemDispenser.obj
 0001:00002e0c       ?Next@?$CComEnumImpl@UIEnumConnections@@$1?_GUID_b196b287_bab4_101a_b69c_00aa00341d07@@3U__s_GUID@@BUtagCONNECTDATA@@V?$_Copy@UtagCONNECTDATA@@@ATL@@@ATL@@UEAAJKPEAUtagCONNECTDATA@@PEAK@Z 0000000180003e0c f i ItemDispenser.obj
 0001:00002ee0       ?Skip@?$CComEnumImpl@UIEnumConnections@@$1?_GUID_b196b287_bab4_101a_b69c_00aa00341d07@@3U__s_GUID@@BUtagCONNECTDATA@@V?$_Copy@UtagCONNECTDATA@@@ATL@@@ATL@@UEAAJK@Z 0000000180003ee0 f i ItemDispenser.obj
 0001:00002f0c       ?Clone@?$CComEnumImpl@UIEnumConnections@@$1?_GUID_b196b287_bab4_101a_b69c_00aa00341d07@@3U__s_GUID@@BUtagCONNECTDATA@@V?$_Copy@UtagCONNECTDATA@@@ATL@@@ATL@@UEAAJPEAPEAUIEnumConnections@@@Z 0000000180003f0c f i ItemDispenser.obj
 0001:00003038       ?QueryInterface@?$CComObject@V?$CComEnum@UIEnumConnections@@$1?_GUID_b196b287_bab4_101a_b69c_00aa00341d07@@3U__s_GUID@@BUtagCONNECTDATA@@V?$_Copy@UtagCONNECTDATA@@@ATL@@VCComSingleThreadModel@6@@ATL@@@ATL@@UEAAJAEBU_GUID@@PEAPEAX@Z 0000000180004038 f i ItemDispenser.obj
 0001:0000304c       ??_E?$CComObject@V?$CComEnum@UIEnumConnections@@$1?_GUID_b196b287_bab4_101a_b69c_00aa00341d07@@3U__s_GUID@@BUtagCONNECTDATA@@V?$_Copy@UtagCONNECTDATA@@@ATL@@VCComSingleThreadModel@6@@ATL@@@ATL@@UEAAPEAXI@Z 000000018000404c f i ItemDispenser.obj
 0001:0000304c       ??_G?$CComObject@V?$CComEnum@UIEnumConnections@@$1?_GUID_b196b287_bab4_101a_b69c_00aa00341d07@@3U__s_GUID@@BUtagCONNECTDATA@@V?$_Copy@UtagCONNECTDATA@@@ATL@@VCComSingleThreadModel@6@@ATL@@@ATL@@UEAAPEAXI@Z 000000018000404c f i ItemDispenser.obj
 0001:000030a4       ??_E?$CComObject@VCOPOSItemDispenser@@@ATL@@W7EAAPEAXI@Z 00000001800040a4 f i ItemDispenser.obj
 0001:000030b0       ??_E?$CComObject@VCOPOSItemDispenser@@@ATL@@WHA@EAAPEAXI@Z 00000001800040b0 f i ItemDispenser.obj
 0001:000030bc       ?QueryInterface@?$CComObject@VCOPOSItemDispenser@@@ATL@@WLI@EAAJAEBU_GUID@@PEAPEAX@Z 00000001800040bc f i ItemDispenser.obj
 0001:000030c8       ?AddRef@?$CComObject@VCOPOSItemDispenser@@@ATL@@WLI@EAAKXZ 00000001800040c8 f i ItemDispenser.obj
 0001:000030d4       ?Release@?$CComObject@VCOPOSItemDispenser@@@ATL@@WLI@EAAKXZ 00000001800040d4 f i ItemDispenser.obj
 0001:000030e0       ?QueryInterface@?$CComObject@VCOPOSItemDispenser@@@ATL@@WMA@EAAJAEBU_GUID@@PEAPEAX@Z 00000001800040e0 f i ItemDispenser.obj
 0001:000030ec       ?AddRef@?$CComObject@VCOPOSItemDispenser@@@ATL@@WMA@EAAKXZ 00000001800040ec f i ItemDispenser.obj
 0001:000030f8       ?Release@?$CComObject@VCOPOSItemDispenser@@@ATL@@WMA@EAAKXZ 00000001800040f8 f i ItemDispenser.obj
 0001:00003104       ?QueryInterface@?$CComObject@VCOPOSItemDispenser@@@ATL@@WMI@EAAJAEBU_GUID@@PEAPEAX@Z 0000000180004104 f i ItemDispenser.obj
 0001:00003110       ?AddRef@?$CComObject@VCOPOSItemDispenser@@@ATL@@WMI@EAAKXZ 0000000180004110 f i ItemDispenser.obj
 0001:0000311c       ?Release@?$CComObject@VCOPOSItemDispenser@@@ATL@@WMI@EAAKXZ 000000018000411c f i ItemDispenser.obj
 0001:00003128       ?QueryInterface@?$CComObject@VCOPOSItemDispenser@@@ATL@@WNA@EAAJAEBU_GUID@@PEAPEAX@Z 0000000180004128 f i ItemDispenser.obj
 0001:00003134       ?AddRef@?$CComObject@VCOPOSItemDispenser@@@ATL@@WNA@EAAKXZ 0000000180004134 f i ItemDispenser.obj
 0001:00003140       ?Release@?$CComObject@VCOPOSItemDispenser@@@ATL@@WNA@EAAKXZ 0000000180004140 f i ItemDispenser.obj
 0001:0000314c       ?QueryInterface@?$CComObject@VCOPOSItemDispenser@@@ATL@@WNI@EAAJAEBU_GUID@@PEAPEAX@Z 000000018000414c f i ItemDispenser.obj
 0001:00003158       ?AddRef@?$CComObject@VCOPOSItemDispenser@@@ATL@@WNI@EAAKXZ 0000000180004158 f i ItemDispenser.obj
 0001:00003164       ?Release@?$CComObject@VCOPOSItemDispenser@@@ATL@@WNI@EAAKXZ 0000000180004164 f i ItemDispenser.obj
 0001:00003170       ?QueryInterface@?$CComObject@VCOPOSItemDispenser@@@ATL@@WOA@EAAJAEBU_GUID@@PEAPEAX@Z 0000000180004170 f i ItemDispenser.obj
 0001:0000317c       ?AddRef@?$CComObject@VCOPOSItemDispenser@@@ATL@@WOA@EAAKXZ 000000018000417c f i ItemDispenser.obj
 0001:00003188       ?Release@?$CComObject@VCOPOSItemDispenser@@@ATL@@WOA@EAAKXZ 0000000180004188 f i ItemDispenser.obj
 0001:00003194       ?QueryInterface@?$CComObject@VCOPOSItemDispenser@@@ATL@@WOI@EAAJAEBU_GUID@@PEAPEAX@Z 0000000180004194 f i ItemDispenser.obj
 0001:000031a0       ?AddRef@?$CComObject@VCOPOSItemDispenser@@@ATL@@WOI@EAAKXZ 00000001800041a0 f i ItemDispenser.obj
 0001:000031ac       ?Release@?$CComObject@VCOPOSItemDispenser@@@ATL@@WOI@EAAKXZ 00000001800041ac f i ItemDispenser.obj
 0001:000031b8       ?QueryInterface@?$CComObject@VCOPOSItemDispenser@@@ATL@@WPA@EAAJAEBU_GUID@@PEAPEAX@Z 00000001800041b8 f i ItemDispenser.obj
 0001:000031c4       ?AddRef@?$CComObject@VCOPOSItemDispenser@@@ATL@@WPA@EAAKXZ 00000001800041c4 f i ItemDispenser.obj
 0001:000031d0       ?Release@?$CComObject@VCOPOSItemDispenser@@@ATL@@WPA@EAAKXZ 00000001800041d0 f i ItemDispenser.obj
 0001:000031dc       ?QueryInterface@?$CComObject@VCOPOSItemDispenser@@@ATL@@WPI@EAAJAEBU_GUID@@PEAPEAX@Z 00000001800041dc f i ItemDispenser.obj
 0001:000031e8       ?AddRef@?$CComObject@VCOPOSItemDispenser@@@ATL@@WPI@EAAKXZ 00000001800041e8 f i ItemDispenser.obj
 0001:000031f4       ?Release@?$CComObject@VCOPOSItemDispenser@@@ATL@@WPI@EAAKXZ 00000001800041f4 f i ItemDispenser.obj
 0001:00003200       ?QueryInterface@?$CComObject@VCOPOSItemDispenser@@@ATL@@WBAA@EAAJAEBU_GUID@@PEAPEAX@Z 0000000180004200 f i ItemDispenser.obj
 0001:0000320c       ?AddRef@?$CComObject@VCOPOSItemDispenser@@@ATL@@WBAA@EAAKXZ 000000018000420c f i ItemDispenser.obj
 0001:00003218       ?Release@?$CComObject@VCOPOSItemDispenser@@@ATL@@WBAA@EAAKXZ 0000000180004218 f i ItemDispenser.obj
 0001:00003224       ?QueryInterface@?$CComObject@VCOPOSItemDispenser@@@ATL@@WBAI@EAAJAEBU_GUID@@PEAPEAX@Z 0000000180004224 f i ItemDispenser.obj
 0001:00003230       ?AddRef@?$CComObject@VCOPOSItemDispenser@@@ATL@@WBAI@EAAKXZ 0000000180004230 f i ItemDispenser.obj
 0001:0000323c       ?Release@?$CComObject@VCOPOSItemDispenser@@@ATL@@WBAI@EAAKXZ 000000018000423c f i ItemDispenser.obj
 0001:00003248       ?QueryInterface@?$CComObject@VCOPOSItemDispenser@@@ATL@@WBBA@EAAJAEBU_GUID@@PEAPEAX@Z 0000000180004248 f i ItemDispenser.obj
 0001:00003254       ?AddRef@?$CComObject@VCOPOSItemDispenser@@@ATL@@WBBA@EAAKXZ 0000000180004254 f i ItemDispenser.obj
 0001:00003260       ?Release@?$CComObject@VCOPOSItemDispenser@@@ATL@@WBBA@EAAKXZ 0000000180004260 f i ItemDispenser.obj
 0001:0000326c       ?QueryInterface@?$CComObject@VCOPOSItemDispenser@@@ATL@@WBBI@EAAJAEBU_GUID@@PEAPEAX@Z 000000018000426c f i ItemDispenser.obj
 0001:00003278       ?AddRef@?$CComObject@VCOPOSItemDispenser@@@ATL@@WBBI@EAAKXZ 0000000180004278 f i ItemDispenser.obj
 0001:00003284       ?Release@?$CComObject@VCOPOSItemDispenser@@@ATL@@WBBI@EAAKXZ 0000000180004284 f i ItemDispenser.obj
 0001:00003290       ?AddRef@?$CComObject@VCOPOSItemDispenser@@@ATL@@WBCI@EAAKXZ 0000000180004290 f i ItemDispenser.obj
 0001:0000329c       ?Release@?$CComObject@VCOPOSItemDispenser@@@ATL@@WBCI@EAAKXZ 000000018000429c f i ItemDispenser.obj
 0001:000032a8       ?AddRef@?$CComObject@VCOPOSItemDispenser@@@ATL@@WBEA@EAAKXZ 00000001800042a8 f i ItemDispenser.obj
 0001:000032b4       ?Release@?$CComObject@VCOPOSItemDispenser@@@ATL@@WBEA@EAAKXZ 00000001800042b4 f i ItemDispenser.obj
 0001:000032c0       ??_E?$CComContainedObject@VCOPOSItemDispenser@@@ATL@@W7EAAPEAXI@Z 00000001800042c0 f i ItemDispenser.obj
 0001:000032cc       ??_E?$CComContainedObject@VCOPOSItemDispenser@@@ATL@@WHA@EAAPEAXI@Z 00000001800042cc f i ItemDispenser.obj
 0001:000032d8       ?QueryInterface@?$CComContainedObject@VCOPOSItemDispenser@@@ATL@@WLI@EAAJAEBU_GUID@@PEAPEAX@Z 00000001800042d8 f i ItemDispenser.obj
 0001:000032e4       ?AddRef@?$CComContainedObject@VCOPOSItemDispenser@@@ATL@@WLI@EAAKXZ 00000001800042e4 f i ItemDispenser.obj
 0001:000032f0       ?Release@?$CComContainedObject@VCOPOSItemDispenser@@@ATL@@WLI@EAAKXZ 00000001800042f0 f i ItemDispenser.obj
 0001:000032fc       ?QueryInterface@?$CComContainedObject@VCOPOSItemDispenser@@@ATL@@WMA@EAAJAEBU_GUID@@PEAPEAX@Z 00000001800042fc f i ItemDispenser.obj
 0001:00003308       ?AddRef@?$CComContainedObject@VCOPOSItemDispenser@@@ATL@@WMA@EAAKXZ 0000000180004308 f i ItemDispenser.obj
 0001:00003314       ?Release@?$CComContainedObject@VCOPOSItemDispenser@@@ATL@@WMA@EAAKXZ 0000000180004314 f i ItemDispenser.obj
 0001:00003320       ?QueryInterface@?$CComContainedObject@VCOPOSItemDispenser@@@ATL@@WMI@EAAJAEBU_GUID@@PEAPEAX@Z 0000000180004320 f i ItemDispenser.obj
 0001:0000332c       ?AddRef@?$CComContainedObject@VCOPOSItemDispenser@@@ATL@@WMI@EAAKXZ 000000018000432c f i ItemDispenser.obj
 0001:00003338       ?Release@?$CComContainedObject@VCOPOSItemDispenser@@@ATL@@WMI@EAAKXZ 0000000180004338 f i ItemDispenser.obj
 0001:00003344       ?QueryInterface@?$CComContainedObject@VCOPOSItemDispenser@@@ATL@@WNA@EAAJAEBU_GUID@@PEAPEAX@Z 0000000180004344 f i ItemDispenser.obj
 0001:00003350       ?AddRef@?$CComContainedObject@VCOPOSItemDispenser@@@ATL@@WNA@EAAKXZ 0000000180004350 f i ItemDispenser.obj
 0001:0000335c       ?Release@?$CComContainedObject@VCOPOSItemDispenser@@@ATL@@WNA@EAAKXZ 000000018000435c f i ItemDispenser.obj
 0001:00003368       ?QueryInterface@?$CComContainedObject@VCOPOSItemDispenser@@@ATL@@WNI@EAAJAEBU_GUID@@PEAPEAX@Z 0000000180004368 f i ItemDispenser.obj
 0001:00003374       ?AddRef@?$CComContainedObject@VCOPOSItemDispenser@@@ATL@@WNI@EAAKXZ 0000000180004374 f i ItemDispenser.obj
 0001:00003380       ?Release@?$CComContainedObject@VCOPOSItemDispenser@@@ATL@@WNI@EAAKXZ 0000000180004380 f i ItemDispenser.obj
 0001:0000338c       ?QueryInterface@?$CComContainedObject@VCOPOSItemDispenser@@@ATL@@WOA@EAAJAEBU_GUID@@PEAPEAX@Z 000000018000438c f i ItemDispenser.obj
 0001:00003398       ?AddRef@?$CComContainedObject@VCOPOSItemDispenser@@@ATL@@WOA@EAAKXZ 0000000180004398 f i ItemDispenser.obj
 0001:000033a4       ?Release@?$CComContainedObject@VCOPOSItemDispenser@@@ATL@@WOA@EAAKXZ 00000001800043a4 f i ItemDispenser.obj
 0001:000033b0       ?QueryInterface@?$CComContainedObject@VCOPOSItemDispenser@@@ATL@@WOI@EAAJAEBU_GUID@@PEAPEAX@Z 00000001800043b0 f i ItemDispenser.obj
 0001:000033bc       ?AddRef@?$CComContainedObject@VCOPOSItemDispenser@@@ATL@@WOI@EAAKXZ 00000001800043bc f i ItemDispenser.obj
 0001:000033c8       ?Release@?$CComContainedObject@VCOPOSItemDispenser@@@ATL@@WOI@EAAKXZ 00000001800043c8 f i ItemDispenser.obj
 0001:000033d4       ?QueryInterface@?$CComContainedObject@VCOPOSItemDispenser@@@ATL@@WPA@EAAJAEBU_GUID@@PEAPEAX@Z 00000001800043d4 f i ItemDispenser.obj
 0001:000033e0       ?AddRef@?$CComContainedObject@VCOPOSItemDispenser@@@ATL@@WPA@EAAKXZ 00000001800043e0 f i ItemDispenser.obj
 0001:000033ec       ?Release@?$CComContainedObject@VCOPOSItemDispenser@@@ATL@@WPA@EAAKXZ 00000001800043ec f i ItemDispenser.obj
 0001:000033f8       ?QueryInterface@?$CComContainedObject@VCOPOSItemDispenser@@@ATL@@WPI@EAAJAEBU_GUID@@PEAPEAX@Z 00000001800043f8 f i ItemDispenser.obj
 0001:00003404       ?AddRef@?$CComContainedObject@VCOPOSItemDispenser@@@ATL@@WPI@EAAKXZ 0000000180004404 f i ItemDispenser.obj
 0001:00003410       ?Release@?$CComContainedObject@VCOPOSItemDispenser@@@ATL@@WPI@EAAKXZ 0000000180004410 f i ItemDispenser.obj
 0001:0000341c       ?QueryInterface@?$CComContainedObject@VCOPOSItemDispenser@@@ATL@@WBAA@EAAJAEBU_GUID@@PEAPEAX@Z 000000018000441c f i ItemDispenser.obj
 0001:00003428       ?AddRef@?$CComContainedObject@VCOPOSItemDispenser@@@ATL@@WBAA@EAAKXZ 0000000180004428 f i ItemDispenser.obj
 0001:00003434       ?Release@?$CComContainedObject@VCOPOSItemDispenser@@@ATL@@WBAA@EAAKXZ 0000000180004434 f i ItemDispenser.obj
 0001:00003440       ?QueryInterface@?$CComContainedObject@VCOPOSItemDispenser@@@ATL@@WBAI@EAAJAEBU_GUID@@PEAPEAX@Z 0000000180004440 f i ItemDispenser.obj
 0001:0000344c       ?AddRef@?$CComContainedObject@VCOPOSItemDispenser@@@ATL@@WBAI@EAAKXZ 000000018000444c f i ItemDispenser.obj
 0001:00003458       ?Release@?$CComContainedObject@VCOPOSItemDispenser@@@ATL@@WBAI@EAAKXZ 0000000180004458 f i ItemDispenser.obj
 0001:00003464       ?QueryInterface@?$CComContainedObject@VCOPOSItemDispenser@@@ATL@@WBBA@EAAJAEBU_GUID@@PEAPEAX@Z 0000000180004464 f i ItemDispenser.obj
 0001:00003470       ?AddRef@?$CComContainedObject@VCOPOSItemDispenser@@@ATL@@WBBA@EAAKXZ 0000000180004470 f i ItemDispenser.obj
 0001:0000347c       ?Release@?$CComContainedObject@VCOPOSItemDispenser@@@ATL@@WBBA@EAAKXZ 000000018000447c f i ItemDispenser.obj
 0001:00003488       ?QueryInterface@?$CComContainedObject@VCOPOSItemDispenser@@@ATL@@WBBI@EAAJAEBU_GUID@@PEAPEAX@Z 0000000180004488 f i ItemDispenser.obj
 0001:00003494       ?AddRef@?$CComContainedObject@VCOPOSItemDispenser@@@ATL@@WBBI@EAAKXZ 0000000180004494 f i ItemDispenser.obj
 0001:000034a0       ?Release@?$CComContainedObject@VCOPOSItemDispenser@@@ATL@@WBBI@EAAKXZ 00000001800044a0 f i ItemDispenser.obj
 0001:000034ac       ?AddRef@?$CComContainedObject@VCOPOSItemDispenser@@@ATL@@WBCI@EAAKXZ 00000001800044ac f i ItemDispenser.obj
 0001:000034b8       ?Release@?$CComContainedObject@VCOPOSItemDispenser@@@ATL@@WBCI@EAAKXZ 00000001800044b8 f i ItemDispenser.obj
 0001:000034c4       ?AddRef@?$CComContainedObject@VCOPOSItemDispenser@@@ATL@@WBEA@EAAKXZ 00000001800044c4 f i ItemDispenser.obj
 0001:000034d0       ?Release@?$CComContainedObject@VCOPOSItemDispenser@@@ATL@@WBEA@EAAKXZ 00000001800044d0 f i ItemDispenser.obj
 0001:000034dc       ?CreateInstance@CComClassFactory@ATL@@UEAAJPEAUIUnknown@@AEBU_GUID@@PEAPEAX@Z 00000001800044dc f i ItemDispenser.obj
 0001:0000353c       ?LockServer@CComClassFactory@ATL@@UEAAJH@Z 000000018000453c f i ItemDispenser.obj
 0001:00003560       ??_ECComClassFactory@ATL@@UEAAPEAXI@Z 0000000180004560 f i ItemDispenser.obj
 0001:00003560       ??_GCComClassFactory@ATL@@UEAAPEAXI@Z 0000000180004560 f i ItemDispenser.obj
 0001:000035b0       ??$AtlModuleRegisterWndClassInfoT@VAtlModuleRegisterWndClassInfoParamW@ATL@@@ATL@@YAGPEAU_ATL_BASE_MODULE70@0@PEAU_ATL_WIN_MODULE70@0@PEAU_ATL_WNDCLASSINFOW@0@PEAP6A_JPEAUHWND__@@I_K_J@ZVAtlModuleRegisterWndClassInfoParamW@0@@Z 00000001800045b0 f i ItemDispenser.obj
 0001:000037b0       ??0?$CComContainedObject@VCOPOSItemDispenser@@@ATL@@QEAA@PEAX@Z 00000001800047b0 f i ItemDispenser.obj
 0001:000038cc       ??0?$CComObject@VCOPOSItemDispenser@@@ATL@@QEAA@PEAX@Z 00000001800048cc f i ItemDispenser.obj
 0001:000039e4       ??0CAtlModule@ATL@@QEAA@XZ 00000001800049e4 f i ItemDispenser.obj
 0001:00003a58       ??1?$CComEnumImpl@UIEnumConnectionPoints@@$1?_GUID_b196b285_bab4_101a_b69c_00aa00341d07@@3U__s_GUID@@BPEAUIConnectionPoint@@V?$_CopyInterface@UIConnectionPoint@@@ATL@@@ATL@@UEAA@XZ 0000000180004a58 f i ItemDispenser.obj
 0001:00003ab4       ??1?$CComEnumImpl@UIEnumConnections@@$1?_GUID_b196b287_bab4_101a_b69c_00aa00341d07@@3U__s_GUID@@BUtagCONNECTDATA@@V?$_Copy@UtagCONNECTDATA@@@ATL@@@ATL@@UEAA@XZ 0000000180004ab4 f i ItemDispenser.obj
 0001:00003b10       ??1?$CComObject@VCOPOSItemDispenser@@@ATL@@UEAA@XZ 0000000180004b10 f i ItemDispenser.obj
 0001:00003c30       ??_E?$CComContainedObject@VCOPOSItemDispenser@@@ATL@@UEAAPEAXI@Z 0000000180004c30 f i ItemDispenser.obj
 0001:00003c30       ??_G?$CComContainedObject@VCOPOSItemDispenser@@@ATL@@UEAAPEAXI@Z 0000000180004c30 f i ItemDispenser.obj
 0001:00003c64       ??_E?$CComObject@VCOPOSItemDispenser@@@ATL@@UEAAPEAXI@Z 0000000180004c64 f i ItemDispenser.obj
 0001:00003c64       ??_G?$CComObject@VCOPOSItemDispenser@@@ATL@@UEAAPEAXI@Z 0000000180004c64 f i ItemDispenser.obj
 0001:00003c98       ?Add@?$CSimpleArray@GV?$CSimpleArrayEqualHelper@G@ATL@@@ATL@@QEAAHAEBG@Z 0000000180004c98 f i ItemDispenser.obj
 0001:00003d4c       ?Add@?$CSimpleMap@PEA_WPEA_WVCExpansionVectorEqualHelper@ATL@@@ATL@@QEAAHAEBQEA_W0@Z 0000000180004d4c f i ItemDispenser.obj
 0001:00003dec       ?Add@CComDynamicUnkArray@ATL@@QEAAKPEAUIUnknown@@@Z 0000000180004dec f i ItemDispenser.obj
 0001:00003ed8       ?Add@CExpansionVector@ATL@@QEAAHPEB_W0@Z 0000000180004ed8 f i ItemDispenser.obj
 0001:0000400c       ?AddTermFunc@CAtlModule@ATL@@QEAAJP6AX_K@Z0@Z 000000018000500c f i ItemDispenser.obj
 0001:000040a8       ?AddValue@CRegParser@ATL@@IEAAJAEAVCRegKey@2@PEB_WPEA_W@Z 00000001800050a8 f i ItemDispenser.obj
 0001:000044f0       ?AllocateHeap@?$CTempBuffer@_W$0EAA@VCCRTAllocator@ATL@@@ATL@@AEAAX_K@Z 00000001800054f0 f i ItemDispenser.obj
 0001:000044f0       ?AllocateHeap@?$CTempBuffer@E$0BAA@VCCRTAllocator@ATL@@@ATL@@AEAAX_K@Z 00000001800054f0 f i ItemDispenser.obj
 0001:000044f0       ?AllocateHeap@?$CTempBuffer@_W$0BAA@VCCRTAllocator@ATL@@@ATL@@AEAAX_K@Z 00000001800054f0 f i ItemDispenser.obj
 0001:0000451c       ?Append@CParseBuffer@CRegParser@ATL@@QEAAHPEB_WH@Z 000000018000551c f i ItemDispenser.obj
 0001:00004664       ?AtlComModuleGetClassObject@ATL@@YAJPEAU_ATL_COM_MODULE70@1@AEBU_GUID@@1PEAPEAX@Z 0000000180005664 f i ItemDispenser.obj
 0001:000047a4       ?AtlComModuleRegisterServer@ATL@@YAJPEAU_ATL_COM_MODULE70@1@HPEBU_GUID@@@Z 00000001800057a4 f i ItemDispenser.obj
 0001:00004864       ?AtlComModuleUnregisterServer@ATL@@YAJPEAU_ATL_COM_MODULE70@1@HPEBU_GUID@@@Z 0000000180005864 f i ItemDispenser.obj
 0001:00004920       ?AtlHiMetricToPixel@ATL@@YAXPEBUtagSIZE@@PEAU2@@Z 0000000180005920 f i ItemDispenser.obj
 0001:000049d0       ?AtlHresultFromLastError@ATL@@YAJXZ 00000001800059d0 f i ItemDispenser.obj
 0001:000049f0       ?AtlHresultFromWin32@ATL@@YAJK@Z 00000001800059f0 f i ItemDispenser.obj
 0001:00004a00       ?AtlInternalOleLoadFromStream@ATL@@YAJPEAUIStream@@AEBU_GUID@@PEAPEAXTClassesAllowedInStream@1@K@Z 0000000180005a00 f i ItemDispenser.obj
 0001:00004b44       ?AtlInternalQueryInterface@ATL@@YAJPEAXPEBU_ATL_INTMAP_ENTRY@1@AEBU_GUID@@PEAPEAX@Z 0000000180005b44 f i ItemDispenser.obj
 0001:00004c4c       ?AtlLoadTypeLib@ATL@@YAJPEAUHINSTANCE__@@PEB_WPEAPEA_WPEAPEAUITypeLib@@@Z 0000000180005c4c f i ItemDispenser.obj
 0001:00004ea8       ?AtlRegisterClassCategoriesHelper@ATL@@YAJAEBU_GUID@@PEBU_ATL_CATMAP_ENTRY@1@H@Z 0000000180005ea8 f i ItemDispenser.obj
 0001:0000532c       ?AtlRegisterTypeLib@ATL@@YAJPEAUHINSTANCE__@@PEB_W@Z 000000018000632c f i ItemDispenser.obj
 0001:00005528       ?AtlThrowImpl@ATL@@YAXJ@Z  0000000180006528 f i ItemDispenser.obj
 0001:0000554c       ?AtlUnRegisterTypeLib@ATL@@YAJPEAUHINSTANCE__@@PEB_W@Z 000000018000654c f i ItemDispenser.obj
 0001:00005614       ?AtlWinModuleExtractCreateWndData@ATL@@YAPEAXPEAU_ATL_WIN_MODULE70@1@@Z 0000000180006614 f i ItemDispenser.obj
 0001:000056a0       ?Cleanup@CComTypeInfoHolder@ATL@@SAX_K@Z 00000001800066a0 f i ItemDispenser.obj
 0001:000056e0       ?ClearReplacements@CExpansionVector@ATL@@QEAAJXZ 00000001800066e0 f i ItemDispenser.obj
 0001:0000577c       ?CreateInstance@?$CComCreator@V?$CComAggObject@VCOPOSItemDispenser@@@ATL@@@ATL@@SAJPEAXAEBU_GUID@@PEAPEAX@Z 000000018000677c f i ItemDispenser.obj
 0001:00005860       ?CreateInstance@?$CComCreator@V?$CComObject@VCOPOSItemDispenser@@@ATL@@@ATL@@SAJPEAXAEBU_GUID@@PEAPEAX@Z 0000000180006860 f i ItemDispenser.obj
 0001:00005914       ?CreateInstance@?$CComObject@V?$CComEnum@UIEnumConnectionPoints@@$1?_GUID_b196b285_bab4_101a_b69c_00aa00341d07@@3U__s_GUID@@BPEAUIConnectionPoint@@V?$_CopyInterface@UIConnectionPoint@@@ATL@@VCComSingleThreadModel@6@@ATL@@@ATL@@SAJPEAPEAV12@@Z 0000000180006914 f i ItemDispenser.obj
 0001:000059a4       ?CreateInstance@?$CComObject@V?$CComEnum@UIEnumConnections@@$1?_GUID_b196b287_bab4_101a_b69c_00aa00341d07@@3U__s_GUID@@BUtagCONNECTDATA@@V?$_Copy@UtagCONNECTDATA@@@ATL@@VCComSingleThreadModel@6@@ATL@@@ATL@@SAJPEAPEAV12@@Z 00000001800069a4 f i ItemDispenser.obj
 0001:00005a34       ?DefaultReflectionHandler@?$CWindowImplRoot@VCWindow@ATL@@@ATL@@SAHPEAUHWND__@@I_K_JAEA_J@Z 0000000180006a34 f i ItemDispenser.obj
 0001:00005a98       ?DeleteSubKey@CRegKey@ATL@@QEAAJPEB_W@Z 0000000180006a98 f i ItemDispenser.obj
 0001:00005b30       ?DoEvent@COPOSItemDispenser@@IEAAXI_K_J@Z 0000000180006b30 f i ItemDispenser.obj
 0001:00005be4       ?DoVerbPrimary@?$IOleObjectImpl@VCOPOSItemDispenser@@@ATL@@QEAAJPEBUtagRECT@@PEAUHWND__@@@Z 0000000180006be4 f i ItemDispenser.obj
 0001:00005d10       ?DoVerbProperties@CComControlBase@ATL@@QEAAJPEBUtagRECT@@PEAUHWND__@@@Z 0000000180006d10 f i ItemDispenser.obj
 0001:00005f38       ?FireTheEvent@?$CProxy_IOPOSEvents@VCOPOSItemDispenser@@@@IEAAXPEAVOposVariant@@IAEAJPEB_WJ@Z 0000000180006f38 f i ItemDispenser.obj
 0001:00006024       ?FireViewChange@CComControlBase@ATL@@QEAAJXZ 0000000180007024 f i ItemDispenser.obj
 0001:00006088       ?Fire_DirectIOEvent@?$CProxy_IOPOSEvents@VCOPOSItemDispenser@@@@QEAAXJPEAJPEAPEA_W@Z 0000000180007088 f i ItemDispenser.obj
 0001:000061e8       ?Fire_StatusUpdateEvent@?$CProxy_IOPOSEvents@VCOPOSItemDispenser@@@@QEAAXJ@Z 00000001800071e8 f i ItemDispenser.obj
 0001:000062d4       ?FreeHeap@?$CTempBuffer@_W$0BAA@VCCRTAllocator@ATL@@@ATL@@AEAAXXZ 00000001800072d4 f i ItemDispenser.obj
 0001:000062d4       ?FreeHeap@?$CTempBuffer@_W$0EAA@VCCRTAllocator@ATL@@@ATL@@AEAAXXZ 00000001800072d4 f i ItemDispenser.obj
 0001:000062d4       ?FreeHeap@?$CTempBuffer@E$0BAA@VCCRTAllocator@ATL@@@ATL@@AEAAXXZ 00000001800072d4 f i ItemDispenser.obj
 0001:000062dc       ?GetAmbientLocaleID@CComControlBase@ATL@@QEAAJAEAK@Z 00000001800072dc f i ItemDispenser.obj
 0001:0000639c       ?GetAmbientUserMode@CComControlBase@ATL@@QEAAJAEAH@Z 000000018000739c f i ItemDispenser.obj
 0001:0000646c       ?GetClassObject@CComModule@ATL@@QEAAJAEBU_GUID@@0PEAPEAX@Z 000000018000746c f i ItemDispenser.obj
 0001:00006560       ?GetConnMap@COPOSItemDispenser@@SAPEBU_ATL_CONNMAP_ENTRY@ATL@@PEAH@Z 0000000180007560 f i ItemDispenser.obj
 0001:000065e8       ?GetIDsOfNames@CComTypeInfoHolder@ATL@@QEAAJAEBU_GUID@@PEAPEA_WIKPEAJ@Z 00000001800075e8 f i ItemDispenser.obj
 0001:00006760       ?GetPagesHelper@?$ISpecifyPropertyPagesImpl@VCOPOSItemDispenser@@@ATL@@IEAAJPEAUtagCAUUID@@PEBUATL_PROPMAP_ENTRY@2@@Z 0000000180007760 f i ItemDispenser.obj
 0001:00006900       ?GetSizeMax@CComVariant@ATL@@QEBAJPEAT_ULARGE_INTEGER@@@Z 0000000180007900 f i ItemDispenser.obj
 0001:00006b30       ?GetTI@CComTypeInfoHolder@ATL@@QEAAJK@Z 0000000180007b30 f i ItemDispenser.obj
 0001:00006e18       ?GetZoomInfo@CComControlBase@ATL@@QEAAXAEAUATL_DRAWINFO@@@Z 0000000180007e18 f i ItemDispenser.obj
 0001:00006ebc       ?HKeyFromString@CRegParser@ATL@@KAPEAUHKEY__@@PEA_W@Z 0000000180007ebc f i ItemDispenser.obj
 0001:00006f20       ?IDataObject_GetData@CComControlBase@ATL@@QEAAJPEAUtagFORMATETC@@PEAUtagSTGMEDIUM@@@Z 0000000180007f20 f i ItemDispenser.obj
 0001:00007114       ?IOleInPlaceObject_InPlaceDeactivate@CComControlBase@ATL@@QEAAJXZ 0000000180008114 f i ItemDispenser.obj
 0001:000071b4       ?IOleInPlaceObject_SetObjectRects@CComControlBase@ATL@@QEAAJPEBUtagRECT@@0@Z 00000001800081b4 f i ItemDispenser.obj
 0001:000072a4       ?IOleInPlaceObject_UIDeactivate@CComControlBase@ATL@@QEAAJXZ 00000001800082a4 f i ItemDispenser.obj
 0001:000073b0       ?IOleObject_Close@CComControlBase@ATL@@QEAAJK@Z 00000001800083b0 f i ItemDispenser.obj
 0001:000074c8       ?IOleObject_SetClientSite@CComControlBase@ATL@@QEAAJPEAUIOleClientSite@@@Z 00000001800084c8 f i ItemDispenser.obj
 0001:00007540       ?IOleObject_SetExtent@CComControlBase@ATL@@QEAAJKPEAUtagSIZE@@@Z 0000000180008540 f i ItemDispenser.obj
 0001:000075d8       ?IPSI_GetIPersistStreamInit@?$IPersistStorageImpl@VCOPOSItemDispenser@@@ATL@@AEAAPEAUIPersistStreamInit@@XZ 00000001800085d8 f i ItemDispenser.obj
 0001:000076c0       ?IPersistStreamInit_Load@?$IPersistStreamInitImpl@VCOPOSItemDispenser@@@ATL@@QEAAJPEAUIStream@@PEBUATL_PROPMAP_ENTRY@2@@Z 00000001800086c0 f i ItemDispenser.obj
 0001:000079ec       ?IPersistStreamInit_Save@?$IPersistStreamInitImpl@VCOPOSItemDispenser@@@ATL@@QEAAJPEAUIStream@@HPEBUATL_PROPMAP_ENTRY@2@@Z 00000001800089ec f i ItemDispenser.obj
 0001:00007c8c       ?IQuickActivate_QuickActivate@CComControlBase@ATL@@QEAAJPEAUtagQACONTAINER@@PEAUtagQACONTROL@@@Z 0000000180008c8c f i ItemDispenser.obj
 0001:00007f50       ?IViewObject_Draw@CComControlBase@ATL@@QEAAJKJPEAXPEAUtagDVTARGETDEVICE@@PEAUHDC__@@2PEBU_RECTL@@3@Z 0000000180008f50 f i ItemDispenser.obj
 0001:00008064       ?InPlaceActivate@CComControlBase@ATL@@QEAAJJPEBUtagRECT@@@Z 0000000180009064 f i ItemDispenser.obj
 0001:00008398       ?Init@?$CComEnumImpl@UIEnumConnectionPoints@@$1?_GUID_b196b285_bab4_101a_b69c_00aa00341d07@@3U__s_GUID@@BPEAUIConnectionPoint@@V?$_CopyInterface@UIConnectionPoint@@@ATL@@@ATL@@QEAAJPEAPEAUIConnectionPoint@@0PEAUIUnknown@@W4CComEnumFlags@2@@Z 0000000180009398 f i ItemDispenser.obj
 0001:000084b8       ?Init@?$CComEnumImpl@UIEnumConnections@@$1?_GUID_b196b287_bab4_101a_b69c_00aa00341d07@@3U__s_GUID@@BUtagCONNECTDATA@@V?$_Copy@UtagCONNECTDATA@@@ATL@@@ATL@@QEAAJPEAUtagCONNECTDATA@@0PEAUIUnknown@@W4CComEnumFlags@2@@Z 00000001800094b8 f i ItemDispenser.obj
 0001:000085dc       ?IsEqualObject@?$CComPtrBase@UIOleClientSite@@@ATL@@QEAA_NPEAUIUnknown@@@Z 00000001800095dc f i ItemDispenser.obj
 0001:00008668       ?LoadNameCache@CComTypeInfoHolder@ATL@@QEAAJPEAUITypeInfo@@@Z 0000000180009668 f i ItemDispenser.obj
 0001:000087e8       ?Lookup@?$CSimpleMap@PEA_WPEA_WVCExpansionVectorEqualHelper@ATL@@@ATL@@QEBAPEA_WAEBQEA_W@Z 00000001800097e8 f i ItemDispenser.obj
 0001:00008870       ?NextToken@CRegParser@ATL@@IEAAJPEA_W@Z 0000000180009870 f i ItemDispenser.obj
 0001:00008a28       ?OnKillFocus@CComControlBase@ATL@@QEAA_JI_K_JAEAH@Z 0000000180009a28 f i ItemDispenser.obj
 0001:00008ac4       ?OnMouseActivate@CComControlBase@ATL@@QEAA_JI_K_JAEAH@Z 0000000180009ac4 f i ItemDispenser.obj
 0001:00008b64       ?OnPaint@CComControlBase@ATL@@QEAA_JI_K_JAEAH@Z 0000000180009b64 f i ItemDispenser.obj
 0001:00008c50       ?OnSetFocus@CComControlBase@ATL@@QEAA_JI_K_JAEAH@Z 0000000180009c50 f i ItemDispenser.obj
 0001:00008d4c       ?PreProcessBuffer@CRegParser@ATL@@QEAAJPEA_WPEAPEA_W@Z 0000000180009d4c f i ItemDispenser.obj
 0001:000090d8       ?ProcessWindowMessage@?$CComControl@VCOPOSItemDispenser@@V?$CWindowImpl@VCOPOSItemDispenser@@VCWindow@ATL@@V?$CWinTraits@$0FGAAAAAA@$0A@@3@@ATL@@@ATL@@UEAAHPEAUHWND__@@I_K_JAEA_JK@Z 000000018000a0d8 f i ItemDispenser.obj
 0001:000091bc       ?ReadFromStream@CComBSTR@ATL@@QEAAJPEAUIStream@@@Z 000000018000a1bc f i ItemDispenser.obj
 0001:0000930c       ?ReadFromStream@CComVariant@ATL@@QEAAJPEAUIStream@@GTClassesAllowedInStream@2@K@Z 000000018000a30c f i ItemDispenser.obj
 0001:00009530       ?RecurseDeleteKey@CRegKey@ATL@@QEAAJPEB_W@Z 000000018000a530 f i ItemDispenser.obj
 0001:00009688       ?RegCreateKeyExW@CAtlTransactionManager@ATL@@QEAAJPEAUHKEY__@@PEB_WKPEA_WKKQEAU_SECURITY_ATTRIBUTES@@PEAPEAU3@PEAK@Z 000000018000a688 f i ItemDispenser.obj
 0001:000097bc       ?RegDeleteKeyW@CAtlTransactionManager@ATL@@QEAAJPEAUHKEY__@@PEB_W@Z 000000018000a7bc f i ItemDispenser.obj
 0001:00009848       ?RegOpenKeyExW@CAtlTransactionManager@ATL@@QEAAJPEAUHKEY__@@PEB_WKKPEAPEAU3@@Z 000000018000a848 f i ItemDispenser.obj
 0001:00009900       ?RegisterBuffer@CRegParser@ATL@@QEAAJPEA_WH@Z 000000018000a900 f i ItemDispenser.obj
 0001:00009a68       ?RegisterFromResource@CRegObject@ATL@@IEAAJPEB_W00H@Z 000000018000aa68 f i ItemDispenser.obj
 0001:00009c24       ?RegisterServer@CComModule@ATL@@QEAAJHPEBU_GUID@@@Z 000000018000ac24 f i ItemDispenser.obj
 0001:00009ce4       ?RegisterSubkeys@CRegParser@ATL@@IEAAJPEA_WPEAUHKEY__@@HH@Z 000000018000ace4 f i ItemDispenser.obj
 0001:0000a550       ?SendOnDataChange@CComControlBase@ATL@@QEAAJK@Z 000000018000b550 f i ItemDispenser.obj
 0001:0000a5c0       ?SetControlFocus@CComControlBase@ATL@@QEAAHH@Z 000000018000b5c0 f i ItemDispenser.obj
 0001:0000a69c       ?SkipAssignment@CRegParser@ATL@@IEAAJPEA_W@Z 000000018000b69c f i ItemDispenser.obj
 0001:0000a740       ?Term@CAtlModule@ATL@@QEAAXXZ 000000018000b740 f i ItemDispenser.obj
 0001:0000a7c0       ?Term@CComModule@ATL@@QEAAXXZ 000000018000b7c0 f i ItemDispenser.obj
 0001:0000a83c       ?UnregisterServer@CComModule@ATL@@QEAAJHPEBU_GUID@@@Z 000000018000b83c f i ItemDispenser.obj
 0001:0000a8ec       ?UpdateRegistryFromResource@CAtlModule@ATL@@QEAAJIHPEAU_ATL_REGMAP_ENTRY@2@@Z 000000018000b8ec f i ItemDispenser.obj
 0001:0000abf8       ?UpdateRegistryFromResource@CAtlModule@ATL@@QEAAJPEB_WHPEAU_ATL_REGMAP_ENTRY@2@@Z 000000018000bbf8 f i ItemDispenser.obj
 0001:0000af1c       ?VTFromRegType@CRegParser@ATL@@KAHPEB_WAEAG@Z 000000018000bf1c f i ItemDispenser.obj
 0001:0000afb8       ?WindowProc@?$CWindowImplBaseT@VCWindow@ATL@@V?$CWinTraits@$0FGAAAAAA@$0A@@2@@ATL@@SA_JPEAUHWND__@@I_K_J@Z 000000018000bfb8 f i ItemDispenser.obj
 0001:0000b124       ?WriteToStream@CComVariant@ATL@@QEAAJPEAUIStream@@@Z 000000018000c124 f i ItemDispenser.obj
 0001:0000b3a0       ?WriteToStream@CComVariant@ATL@@QEAAJPEAUIStream@@G@Z 000000018000c3a0 f i ItemDispenser.obj
 0001:0000b438       ?_AtlVerifyStackAvailable@_ATL_SAFE_ALLOCA_IMPL@ATL@@YA_N_K@Z 000000018000c438 f i ItemDispenser.obj
 0001:0000b4bc       ?atlCreate@?$CWindowImpl@VCOPOSItemDispenser@@VCWindow@ATL@@V?$CWinTraits@$0FGAAAAAA@$0A@@3@@ATL@@QEAAPEAUHWND__@@PEAU3@V_U_RECT@2@PEB_WKKV_U_MENUorID@2@PEAX@Z 000000018000c4bc f i ItemDispenser.obj
 0001:0000b570       ?atlCreate@?$CWindowImplBaseT@VCWindow@ATL@@V?$CWinTraits@$0FGAAAAAA@$0A@@2@@ATL@@QEAAPEAUHWND__@@PEAU3@V_U_RECT@2@PEB_WKKV_U_MENUorID@2@GPEAX@Z 000000018000c570 f i ItemDispenser.obj
 0001:0000b6e0       ?ocscpy_s@@YA_NPEA_W_KPEB_W@Z 000000018000c6e0 f i ItemDispenser.obj
 0001:0000b790       DllCanUnloadNow            000000018000c790 f   ItemDispenser.obj
 0001:0000b79c       DllGetClassObject          000000018000c79c f   ItemDispenser.obj
 0001:0000b7b4       DllMain                    000000018000c7b4 f   ItemDispenser.obj
 0001:0000b85c       DllRegisterServer          000000018000c85c f   ItemDispenser.obj
 0001:0000b870       DllUnregisterServer        000000018000c870 f   ItemDispenser.obj
 0001:0000b884       __local_stdio_printf_options 000000018000c884 f i ItemDispenser.obj
 0001:0000b88c       swprintf_s                 000000018000c88c f i ItemDispenser.obj
 0001:0000b8e0       ??0COPOSItemDispenser@@QEAA@XZ 000000018000c8e0 f   ItemDispenserImpl.obj
 0001:0000b99c       ??1?$IConnectionPointImpl@VCOPOSItemDispenser@@$1?IID_IPropertyNotifySink@@3U_GUID@@BVCComDynamicUnkArray@ATL@@@ATL@@QEAA@XZ 000000018000c99c f i ItemDispenserImpl.obj
 0001:0000b99c       ??1?$IConnectionPointImpl@VCOPOSItemDispenser@@$1?DIID__IOPOSItemDispenserEvents@@3U_GUID@@BVCComDynamicUnkArray@ATL@@@ATL@@QEAA@XZ 000000018000c99c f i ItemDispenserImpl.obj
 0001:0000b9f8       ??1CComControlBase@ATL@@UEAA@XZ 000000018000c9f8 f i ItemDispenserImpl.obj
 0001:0000ba74       ??1COPOSItemDispenser@@UEAA@XZ 000000018000ca74 f   ItemDispenserImpl.obj
 0001:0000bad8       ?AdjustItemCount@COPOSItemDispenser@@UEAAJJJPEAJ@Z 000000018000cad8 f   ItemDispenserImpl.obj
 0001:0000bba4       ?CheckHealth@COPOSItemDispenser@@UEAAJJPEAJ@Z 000000018000cba4 f   ItemDispenserImpl.obj
 0001:0000bc20       ?ClaimDevice@COPOSItemDispenser@@UEAAJJPEAJ@Z 000000018000cc20 f   ItemDispenserImpl.obj
 0001:0000bcc0       ?Close@COPOSItemDispenser@@UEAAJPEAJ@Z 000000018000ccc0 f   ItemDispenserImpl.obj
 0001:0000bd78       ?CompareFirmwareVersion@COPOSItemDispenser@@UEAAJPEA_WPEAJ1@Z 000000018000cd78 f   ItemDispenserImpl.obj
 0001:0000be54       ?DirectIO@COPOSItemDispenser@@UEAAJJPEAJPEAPEA_W0@Z 000000018000ce54 f   ItemDispenserImpl.obj
 0001:0000bf50       ?DispenseItem@COPOSItemDispenser@@UEAAJPEAJJ0@Z 000000018000cf50 f   ItemDispenserImpl.obj
 0001:0000c028       ?DoInvoke@COPOSItemDispenser@@IEAAJJPEAVOposVariant@@IHPEAJ_N@Z 000000018000d028 f   ItemDispenserImpl.obj
 0001:0000c15c       ?EventInit@COPOSItemDispenser@@IEAAJXZ 000000018000d15c f i ItemDispenserImpl.obj
 0001:0000c2a4       ?EventUninit@COPOSItemDispenser@@IEAAXXZ 000000018000d2a4 f i ItemDispenserImpl.obj
 0001:0000c308       ?EventWindowProc@COPOSItemDispenser@@IEAA_JI_K_J@Z 000000018000d308 f i ItemDispenserImpl.obj
 0001:0000c3cc       ?FinalConstruct@COPOSItemDispenser@@QEAAJXZ 000000018000d3cc f   ItemDispenserImpl.obj
 0001:0000c408       ?FreezeEvents@COPOSItemDispenser@@MEAAJH@Z 000000018000d408 f   ItemDispenserImpl.obj
 0001:0000c47c       ?GetOposProp@COPOSItemDispenser@@IEAAJJPEAJJ@Z 000000018000d47c f   ItemDispenserImpl.obj
 0001:0000c598       ?GetOposProp@COPOSItemDispenser@@IEAAJJPEAPEA_WJ@Z 000000018000d598 f   ItemDispenserImpl.obj
 0001:0000c6c4       ?OnDraw@COPOSItemDispenser@@MEAAJAEAUATL_DRAWINFO@@@Z 000000018000d6c4 f   ItemDispenserImpl.obj
 0001:0000c7b0       ?Open@COPOSItemDispenser@@UEAAJPEA_WPEAJ@Z 000000018000d7b0 f   ItemDispenserImpl.obj
 0001:0000d038       ?ReadItemCount@COPOSItemDispenser@@UEAAJPEAJJ0@Z 000000018000e038 f   ItemDispenserImpl.obj
 0001:0000d110       ?ReleaseDevice@COPOSItemDispenser@@UEAAJPEAJ@Z 000000018000e110 f   ItemDispenserImpl.obj
 0001:0000d17c       ?ResetStatistics@COPOSItemDispenser@@UEAAJPEA_WPEAJ@Z 000000018000e17c f   ItemDispenserImpl.obj
 0001:0000d204       ?RetrieveStatistics@COPOSItemDispenser@@UEAAJPEAPEA_WPEAJ@Z 000000018000e204 f   ItemDispenserImpl.obj
 0001:0000d28c       ?SOProcessID@COPOSItemDispenser@@UEAAJPEAJ@Z 000000018000e28c f   ItemDispenserImpl.obj
 0001:0000d2a8       ?SetCOFreezeEvents@COPOSItemDispenser@@IEAAXF@Z 000000018000e2a8 f   ItemDispenserImpl.obj
 0001:0000d38c       ?SetOposProp@COPOSItemDispenser@@IEAAJJJJ@Z 000000018000e38c f   ItemDispenserImpl.obj
 0001:0000d4ec       ?UpdateFirmware@COPOSItemDispenser@@UEAAJPEA_WPEAJ@Z 000000018000e4ec f   ItemDispenserImpl.obj
 0001:0000d574       ?UpdateStatistics@COPOSItemDispenser@@UEAAJPEA_WPEAJ@Z 000000018000e574 f   ItemDispenserImpl.obj
 0001:0000d5fc       ?get_BinaryConversion@COPOSItemDispenser@@UEAAJPEAJ@Z 000000018000e5fc f   ItemDispenserImpl.obj
 0001:0000d610       ?get_CapCompareFirmwareVersion@COPOSItemDispenser@@UEAAJPEAF@Z 000000018000e610 f   ItemDispenserImpl.obj
 0001:0000d644       ?get_CapEmptySensor@COPOSItemDispenser@@UEAAJPEAF@Z 000000018000e644 f   ItemDispenserImpl.obj
 0001:0000d678       ?get_CapIndividualSlotStatus@COPOSItemDispenser@@UEAAJPEAF@Z 000000018000e678 f   ItemDispenserImpl.obj
 0001:0000d6ac       ?get_CapJamSensor@COPOSItemDispenser@@UEAAJPEAF@Z 000000018000e6ac f   ItemDispenserImpl.obj
 0001:0000d6e0       ?get_CapNearEmptySensor@COPOSItemDispenser@@UEAAJPEAF@Z 000000018000e6e0 f   ItemDispenserImpl.obj
 0001:0000d714       ?get_CapPowerReporting@COPOSItemDispenser@@UEAAJPEAJ@Z 000000018000e714 f   ItemDispenserImpl.obj
 0001:0000d728       ?get_CapStatisticsReporting@COPOSItemDispenser@@UEAAJPEAF@Z 000000018000e728 f   ItemDispenserImpl.obj
 0001:0000d75c       ?get_CapUpdateFirmware@COPOSItemDispenser@@UEAAJPEAF@Z 000000018000e75c f   ItemDispenserImpl.obj
 0001:0000d790       ?get_CapUpdateStatistics@COPOSItemDispenser@@UEAAJPEAF@Z 000000018000e790 f   ItemDispenserImpl.obj
 0001:0000d7c4       ?get_CheckHealthText@COPOSItemDispenser@@UEAAJPEAPEA_W@Z 000000018000e7c4 f   ItemDispenserImpl.obj
 0001:0000d7d8       ?get_Claimed@COPOSItemDispenser@@UEAAJPEAF@Z 000000018000e7d8 f   ItemDispenserImpl.obj
 0001:0000d80c       ?get_ControlObjectDescription@COPOSItemDispenser@@UEAAJPEAPEA_W@Z 000000018000e80c f   ItemDispenserImpl.obj
 0001:0000d870       ?get_ControlObjectVersion@COPOSItemDispenser@@UEAAJPEAJ@Z 000000018000e870 f   ItemDispenserImpl.obj
 0001:0000d87c       ?get_DeviceDescription@COPOSItemDispenser@@UEAAJPEAPEA_W@Z 000000018000e87c f   ItemDispenserImpl.obj
 0001:0000d890       ?get_DeviceEnabled@COPOSItemDispenser@@UEAAJPEAF@Z 000000018000e890 f   ItemDispenserImpl.obj
 0001:0000d8c4       ?get_DeviceName@COPOSItemDispenser@@UEAAJPEAPEA_W@Z 000000018000e8c4 f   ItemDispenserImpl.obj
 0001:0000d8d8       ?get_DispenserStatus@COPOSItemDispenser@@UEAAJPEAJ@Z 000000018000e8d8 f   ItemDispenserImpl.obj
 0001:0000d8ec       ?get_FreezeEvents@COPOSItemDispenser@@UEAAJPEAF@Z 000000018000e8ec f   ItemDispenserImpl.obj
 0001:0000d91c       ?get_MaxSlots@COPOSItemDispenser@@UEAAJPEAJ@Z 000000018000e91c f   ItemDispenserImpl.obj
 0001:0000d930       ?get_OpenResult@COPOSItemDispenser@@UEAAJPEAJ@Z 000000018000e930 f   ItemDispenserImpl.obj
 0001:0000d93c       ?get_PowerNotify@COPOSItemDispenser@@UEAAJPEAJ@Z 000000018000e93c f   ItemDispenserImpl.obj
 0001:0000d950       ?get_PowerState@COPOSItemDispenser@@UEAAJPEAJ@Z 000000018000e950 f   ItemDispenserImpl.obj
 0001:0000d964       ?get_ResultCode@COPOSItemDispenser@@UEAAJPEAJ@Z 000000018000e964 f   ItemDispenserImpl.obj
 0001:0000d9a0       ?get_ResultCodeExtended@COPOSItemDispenser@@UEAAJPEAJ@Z 000000018000e9a0 f   ItemDispenserImpl.obj
 0001:0000d9b4       ?get_ServiceObjectDescription@COPOSItemDispenser@@UEAAJPEAPEA_W@Z 000000018000e9b4 f   ItemDispenserImpl.obj
 0001:0000d9c8       ?get_ServiceObjectVersion@COPOSItemDispenser@@UEAAJPEAJ@Z 000000018000e9c8 f   ItemDispenserImpl.obj
 0001:0000d9dc       ?get_State@COPOSItemDispenser@@UEAAJPEAJ@Z 000000018000e9dc f   ItemDispenserImpl.obj
 0001:0000da08       ?put_BinaryConversion@COPOSItemDispenser@@UEAAJJ@Z 000000018000ea08 f   ItemDispenserImpl.obj
 0001:0000da1c       ?put_DeviceEnabled@COPOSItemDispenser@@UEAAJF@Z 000000018000ea1c f   ItemDispenserImpl.obj
 0001:0000da34       ?put_FreezeEvents@COPOSItemDispenser@@UEAAJF@Z 000000018000ea34 f   ItemDispenserImpl.obj
 0001:0000da84       ?put_PowerNotify@COPOSItemDispenser@@UEAAJJ@Z 000000018000ea84 f   ItemDispenserImpl.obj
 0001:0000da98       ?s_EventWindowProc@COPOSItemDispenser@@KA_JPEAUHWND__@@I_K_J@Z 000000018000ea98 f i ItemDispenserImpl.obj
 0001:0000db14       ??_U@YAPEAX_K@Z            000000018000eb14 f   LIBCMT:new_array.obj
 0001:0000db1c       ??3@YAXPEAX_K@Z            000000018000eb1c f   LIBCMT:delete_scalar_size.obj
 0001:0000db1c       ??_V@YAXPEAX@Z             000000018000eb1c f   LIBCMT:delete_array.obj
 0001:0000db24       ??_V@YAXPEAX_K@Z           000000018000eb24 f   LIBCMT:delete_array_size.obj
 0001:0000db2c       __scrt_acquire_startup_lock 000000018000eb2c f   LIBCMT:utility.obj
 0001:0000db68       __scrt_dllmain_after_initialize_c 000000018000eb68 f   LIBCMT:utility.obj
 0001:0000db9c       __scrt_dllmain_before_initialize_c 000000018000eb9c f   LIBCMT:utility.obj
 0001:0000dbb4       __scrt_dllmain_crt_thread_attach 000000018000ebb4 f   LIBCMT:utility.obj
 0001:0000dbdc       __scrt_dllmain_crt_thread_detach 000000018000ebdc f   LIBCMT:utility.obj
 0001:0000dbf4       __scrt_dllmain_exception_filter 000000018000ebf4 f   LIBCMT:utility.obj
 0001:0000dc54       __scrt_dllmain_uninitialize_c 000000018000ec54 f   LIBCMT:utility.obj
 0001:0000dc84       __scrt_dllmain_uninitialize_critical 000000018000ec84 f   LIBCMT:utility.obj
 0001:0000dc98       __scrt_initialize_crt      000000018000ec98 f   LIBCMT:utility.obj
 0001:0000dce4       __scrt_initialize_onexit_tables 000000018000ece4 f   LIBCMT:utility.obj
 0001:0000dd70       __scrt_is_nonwritable_in_current_image 000000018000ed70 f   LIBCMT:utility.obj
 0001:0000de08       __scrt_release_startup_lock 000000018000ee08 f   LIBCMT:utility.obj
 0001:0000de2c       __scrt_uninitialize_crt    000000018000ee2c f   LIBCMT:utility.obj
 0001:0000de58       _onexit                    000000018000ee58 f   LIBCMT:utility.obj
 0001:0000de94       atexit                     000000018000ee94 f   LIBCMT:utility.obj
 0001:0000deac       ??3@YAXPEAX@Z              000000018000eeac f   LIBCMT:delete_scalar.obj
 0001:0000dfac       _Init_thread_footer        000000018000efac f   LIBCMT:thread_safe_statics.obj
 0001:0000e00c       _Init_thread_header        000000018000f00c f   LIBCMT:thread_safe_statics.obj
 0001:0000e074       _Init_thread_notify        000000018000f074 f   LIBCMT:thread_safe_statics.obj
 0001:0000e0b8       _Init_thread_wait          000000018000f0b8 f   LIBCMT:thread_safe_statics.obj
 0001:0000e11c       __raise_securityfailure    000000018000f11c f   LIBCMT:gs_report.obj
 0001:0000e150       __report_gsfailure         000000018000f150 f   LIBCMT:gs_report.obj
 0001:0000e224       __report_rangecheckfailure 000000018000f224 f   LIBCMT:gs_report.obj
 0001:0000e238       __report_securityfailure   000000018000f238 f   LIBCMT:gs_report.obj
 0001:0000e3b8       ??2@YAPEAX_KAEBUnothrow_t@std@@@Z 000000018000f3b8 f   LIBCMT:new_scalar_nothrow.obj
 0001:0000e3cc       ??_U@YAPEAX_KAEBUnothrow_t@std@@@Z 000000018000f3cc f   LIBCMT:new_array_nothrow.obj
 0001:0000e3d4       __GSHandlerCheck           000000018000f3d4 f   LIBCMT:gshandler.obj
 0001:0000e3f4       __GSHandlerCheckCommon     000000018000f3f4 f   LIBCMT:gshandler.obj
 0001:0000e450       __GSHandlerCheck_SEH       000000018000f450 f   LIBCMT:gshandlerseh.obj
 0001:0000e4f0       __chkstk                   000000018000f4f0 f   LIBCMT:chkstk.obj
 0001:0000e4f0       _alloca_probe              000000018000f4f0 f   LIBCMT:chkstk.obj
 0001:0000e560       __security_check_cookie    000000018000f560 f   LIBCMT:amdsecgs.obj
 0001:0000e8a4       _DllMainCRTStartup         000000018000f8a4 f   LIBCMT:dll_dllmain.obj
 0001:0000e8e4       ??2@YAPEAX_K@Z             000000018000f8e4 f   LIBCMT:new_scalar.obj
 0001:0000e920       __isa_available_init       000000018000f920 f   LIBCMT:cpu_disp.obj
 0001:0000eac4       __scrt_is_ucrt_dll_in_use  000000018000fac4 f   LIBCMT:ucrt_detection.obj
 0001:0000ead0       __crt_debugger_hook        000000018000fad0 f   LIBCMT:utility_desktop.obj
 0001:0000ead8       __scrt_fastfail            000000018000fad8 f   LIBCMT:utility_desktop.obj
 0001:0000ec24       __security_init_cookie     000000018000fc24 f   LIBCMT:gs_support.obj
 0001:0000ecd0       ?__scrt_initialize_type_info@@YAXXZ 000000018000fcd0 f   LIBCMT:tncleanup.obj
 0001:0000ece0       ?__scrt_uninitialize_type_info@@YAXXZ 000000018000fce0 f   LIBCMT:tncleanup.obj
 0001:0000ecec       __local_stdio_scanf_options 000000018000fcec f i LIBCMT:default_local_stdio_options.obj
 0001:0000ecf4       __scrt_initialize_default_local_stdio_options 000000018000fcf4 f   LIBCMT:default_local_stdio_options.obj
 0001:0000ed10       __scrt_get_dyn_tls_init_callback 000000018000fd10 f   LIBCMT:dyn_tls_init.obj
 0001:0000ed18       _RTC_Initialize            000000018000fd18 f   LIBCMT:initsect.obj
 0001:0000ed54       _RTC_Terminate             000000018000fd54 f   LIBCMT:initsect.obj
 0001:0000ed90       ??0bad_alloc@std@@QEAA@AEBV01@@Z 000000018000fd90 f i LIBCMT:throw_bad_alloc.obj
 0001:0000edcc       ??0bad_alloc@std@@QEAA@XZ  000000018000fdcc f i LIBCMT:throw_bad_alloc.obj
 0001:0000edec       ??0bad_array_new_length@std@@QEAA@AEBV01@@Z 000000018000fdec f i LIBCMT:throw_bad_alloc.obj
 0001:0000ee28       ??0bad_array_new_length@std@@QEAA@XZ 000000018000fe28 f i LIBCMT:throw_bad_alloc.obj
 0001:0000ee48       ??0exception@std@@QEAA@AEBV01@@Z 000000018000fe48 f i LIBCMT:throw_bad_alloc.obj
 0001:0000ee7c       ??1bad_array_new_length@std@@UEAA@XZ 000000018000fe7c f i LIBCMT:throw_bad_alloc.obj
 0001:0000ee7c       ??1bad_exception@std@@UEAA@XZ 000000018000fe7c f i libvcruntime:frame.obj
 0001:0000ee7c       ??1bad_alloc@std@@UEAA@XZ  000000018000fe7c f i LIBCMT:throw_bad_alloc.obj
 0001:0000ee90       ??_Ebad_array_new_length@std@@UEAAPEAXI@Z 000000018000fe90 f i LIBCMT:throw_bad_alloc.obj
 0001:0000ee90       ??_Gbad_alloc@std@@UEAAPEAXI@Z 000000018000fe90 f i LIBCMT:throw_bad_alloc.obj
 0001:0000ee90       ??_Ebad_alloc@std@@UEAAPEAXI@Z 000000018000fe90 f i LIBCMT:throw_bad_alloc.obj
 0001:0000ee90       ??_Gexception@std@@UEAAPEAXI@Z 000000018000fe90 f i LIBCMT:throw_bad_alloc.obj
 0001:0000ee90       ??_Gbad_exception@std@@UEAAPEAXI@Z 000000018000fe90 f i libvcruntime:frame.obj
 0001:0000ee90       ??_Ebad_exception@std@@UEAAPEAXI@Z 000000018000fe90 f i libvcruntime:frame.obj
 0001:0000ee90       ??_Eexception@std@@UEAAPEAXI@Z 000000018000fe90 f i LIBCMT:throw_bad_alloc.obj
 0001:0000ee90       ??_Gbad_array_new_length@std@@UEAAPEAXI@Z 000000018000fe90 f i LIBCMT:throw_bad_alloc.obj
 0001:0000eed4       ?__scrt_throw_std_bad_alloc@@YAXXZ 000000018000fed4 f   LIBCMT:throw_bad_alloc.obj
 0001:0000eef4       ?__scrt_throw_std_bad_array_new_length@@YAXXZ 000000018000fef4 f   LIBCMT:throw_bad_alloc.obj
 0001:0000ef14       ?what@exception@std@@UEBAPEBDXZ 000000018000ff14 f i LIBCMT:throw_bad_alloc.obj
 0001:0000ef30       ??_Gtype_info@@UEAAPEAXI@Z 000000018000ff30 f i LIBCMT:std_type_info_static.obj
 0001:0000ef30       ??_Etype_info@@UEAAPEAXI@Z 000000018000ff30 f i LIBCMT:std_type_info_static.obj
 0001:0000ef5c       ??0CAtlBaseModule@ATL@@QEAA@XZ 000000018000ff5c f   atls:atlbase.obj
 0001:0000f004       ??1CAtlBaseModule@ATL@@QEAA@XZ 0000000180010004 f   atls:atlbase.obj
 0001:0000f138       ?__AllocStdCallThunk_cmn@@YAPEAXXZ 0000000180010138 f   atls:atlthunk.obj
 0001:0000f290       AtlThunk_AllocateData      0000000180010290 f   atls:atlthunk.obj
 0001:0000f30c       AtlThunk_DataToCode        000000018001030c f   atls:atlthunk.obj
 0001:0000f360       AtlThunk_FreeData          0000000180010360 f   atls:atlthunk.obj
 0001:0000f3c0       AtlThunk_InitData          00000001800103c0 f   atls:atlthunk.obj
 0001:0000f468       _get_purecall_handler      0000000180010468 f   libvcruntime:purevirt.obj
 0001:0000f470       _purecall                  0000000180010470 f   libvcruntime:purevirt.obj
 0001:0000f48c       wcsstr                     000000018001048c f   libvcruntime:wcsstr.obj
 0001:0000f6c0       memcmp                     00000001800106c0 f   libvcruntime:memcmp.obj
 0001:0000f7a0       memcpy_repmovs             00000001800107a0 f   libvcruntime:memcpy.obj
 0001:0000f7c0       memmove                    00000001800107c0 f   libvcruntime:memcpy.obj
 0001:0000f7c0       memcpy                     00000001800107c0 f   libvcruntime:memcpy.obj
 0001:0000fbb0       memset_repmovs             0000000180010bb0 f   libvcruntime:memset.obj
[...]
 0002:0000c404       $unwind$terminate          000000018002f404     libucrt:terminate.obj
 0002:0000c424       $unwind$??$parse_integer@KV?$c_string_character_source@_W@__crt_strtox@@@__crt_strtox@@YAKQEAU__crt_locale_pointers@@V?$c_string_character_source@_W@0@H_N@Z 000000018002f424     libucrt:atox.obj
 0002:0000c440       $xdatasym                  000000018002f440     libucrt:strncmp.obj
 0002:0000c444       $unwind$?construct_ptd_array@@YAXQEAU__acrt_ptd@@@Z 000000018002f444     libucrt:per_thread_data.obj
 0002:0000c44c       $unwind$?destroy_ptd_array@@YAXQEAU__acrt_ptd@@@Z 000000018002f44c     libucrt:per_thread_data.obj
 0002:0000c454       $unwind$??$?RV<lambda_0ae27a3a962d80f24befdcbee591983d>@@AEAV<lambda_8d0ee55de4b1038c4002e0adecdf1839>@@V<lambda_dc504788e8f1664fe9b84e20bfb512f2>@@@?$__crt_seh_guarded_call@X@@QEAAX$$QEAV<lambda_0ae27a3a962d80f24befdcbee591983d>@@AEAV<lambda_8d0ee55de4b1038c4002e0adecdf1839>@@$$QEAV<lambda_dc504788e8f1664fe9b84e20bfb512f2>@@@Z 000000018002f454     libucrt:per_thread_data.obj
 0002:0000c478       $unwind$??$?RV<lambda_aa87e3671a710a21b5dc78c0bdf72e11>@@AEAV<lambda_92619d2358a28f41a33ba319515a20b9>@@V<lambda_6992ecaafeb10aed2b74cb1fae11a551>@@@?$__crt_seh_guarded_call@X@@QEAAX$$QEAV<lambda_aa87e3671a710a21b5dc78c0bdf72e11>@@AEAV<lambda_92619d2358a28f41a33ba319515a20b9>@@$$QEAV<lambda_6992ecaafeb10aed2b74cb1fae11a551>@@@Z 000000018002f478     libucrt:per_thread_data.obj
 0002:0000c49c       $unwind$??$?RV<lambda_f2e299630e499de9f9a165e60fcd3db5>@@AEAV<lambda_2ae9d31cdba2644fcbeaf08da7c24588>@@V<lambda_40d01ff24d0e7b3814fdbdcee8eab3c7>@@@?$__crt_seh_guarded_call@X@@QEAAX$$QEAV<lambda_f2e299630e499de9f9a165e60fcd3db5>@@AEAV<lambda_2ae9d31cdba2644fcbeaf08da7c24588>@@$$QEAV<lambda_40d01ff24d0e7b3814fdbdcee8eab3c7>@@@Z 000000018002f49c     libucrt:per_thread_data.obj
 0002:0000c4c0       $unwind$??$?RV<lambda_2d41944a1d46af3157314b8a01080d33>@@AEAV<lambda_8f455de75cd7d7f24b4096f044d8b9e6>@@V<lambda_aa500f224e6afead328df44964fe2772>@@@?$__crt_seh_guarded_call@X@@QEAAX$$QEAV<lambda_2d41944a1d46af3157314b8a01080d33>@@AEAV<lambda_8f455de75cd7d7f24b4096f044d8b9e6>@@$$QEAV<lambda_aa500f224e6afead328df44964fe2772>@@@Z 000000018002f4c0     libucrt:per_thread_data.obj
 0002:0000c4e4       $unwind$__acrt_initialize_winapi_thunks 000000018002f4e4     libucrt:winapi_thunks.obj
 0002:0000c4ec       $unwind$__acrt_fp_format   000000018002f4ec     libucrt:cvt.obj
 0002:0000c504       $unwind$?fp_format_e_internal@@YAHQEAD_KH_NIQEAU_strflt@@2QEAU__crt_locale_pointers@@@Z 000000018002f504     libucrt:cvt.obj
 0002:0000c51c       $unwind$?fp_format_a@@YAHQEBNPEAD_KQEAD2H_NIQEAU__crt_locale_pointers@@W4__acrt_rounding_mode@@@Z 000000018002f51c     libucrt:cvt.obj
 0002:0000c538       $unwind$?fp_format_g@@YAHQEBNQEAD_K12H_NIQEAU__crt_locale_pointers@@@Z 000000018002f538     libucrt:cvt.obj
 0002:0000c54c       $unwind$__acrt_uninitialize_locale 000000018002f54c     libucrt:wsetlocale.obj
 0002:0000c54c       $unwind$__acrt_get_sigabrt_handler 000000018002f54c     libucrt:signal.obj
 0002:0000c554       $unwind$??$?RV<lambda_410d79af7f07d98d83a3f525b3859a53>@@AEAV<lambda_3e16ef9562a7dcce91392c22ab16ea36>@@V<lambda_38119f0e861e05405d8a144b9b982f0a>@@@?$__crt_seh_guarded_call@X@@QEAAX$$QEAV<lambda_410d79af7f07d98d83a3f525b3859a53>@@AEAV<lambda_3e16ef9562a7dcce91392c22ab16ea36>@@$$QEAV<lambda_38119f0e861e05405d8a144b9b982f0a>@@@Z 000000018002f554     libucrt:wsetlocale.obj
 0002:0000c57c       $unwind$__acrt_initialize_lowio 000000018002f57c     libucrt:ioinit.obj
 0002:0000c59c       $unwind$??$common_expand_argv_wildcards@D@@YAHQEAPEADQEAPEAPEAD@Z 000000018002f59c     libucrt:argv_wildcards.obj
 0002:0000c5b4       $unwind$??$copy_and_add_argument_to_buffer@D@@YAHQEBD0_KAEAV?$argument_list@D@?A0x5f5c8891@@@Z 000000018002f5b4     libucrt:argv_wildcards.obj
 0002:0000c5d0       $unwind$??$expand_argument_wildcards@D@@YAHQEAD0AEAV?$argument_list@D@?A0x5f5c8891@@@Z 000000018002f5d0     libucrt:argv_wildcards.obj
 0002:0000c5f4       $unwind$__acrt_GetModuleFileNameA 000000018002f5f4     libucrt:getmodulefilenamea.obj
 0002:0000c610       $unwind$_setmbcp_nolock    000000018002f610     libucrt:mbctype.obj
 0002:0000c630       $unwind$?update_thread_multibyte_data_internal@@YAPEAU__crt_multibyte_data@@QEAU__acrt_ptd@@QEAPEAU1@@Z 000000018002f630     libucrt:mbctype.obj
 0002:0000c658       $unwind$?setmbcp_internal@@YAHH_NQEAU__acrt_ptd@@QEAPEAU__crt_multibyte_data@@@Z 000000018002f658     libucrt:mbctype.obj
 0002:0000c668       $unwind$?setSBUpLow@@YAXPEAU__crt_multibyte_data@@@Z 000000018002f668     libucrt:mbctype.obj
 0002:0000c684       $unwind$??$?RV<lambda_efdfa57d1f175319df784efa44bb7b81>@@AEAV<lambda_5f0a4c1567f8adc6734073e5d1e1b35c>@@V<lambda_2e8a7d3640ea6ccb4c2413664c2db6fd>@@@?$__crt_seh_guarded_call@X@@QEAAX$$QEAV<lambda_efdfa57d1f175319df784efa44bb7b81>@@AEAV<lambda_5f0a4c1567f8adc6734073e5d1e1b35c>@@$$QEAV<lambda_2e8a7d3640ea6ccb4c2413664c2db6fd>@@@Z 000000018002f684     libucrt:mbctype.obj
 0002:0000c6a8       $unwind$__acrt_WideCharToMultiByte 000000018002f6a8     libucrt:widechartomultibyte.obj
 0002:0000c6b4       $unwind$raise              000000018002f6b4     libucrt:signal.obj
 0002:0000c6f0       $unwind$??$?RV<lambda_450d765d439847d4c735a33c368b5fc0>@@AEAV<lambda_44731a7d0e6d81c3e6aa82d741081786>@@V<lambda_601a2a7da3b7a96e9554ac7215c4b07c>@@@?$__crt_seh_guarded_call@P6AXH@Z@@QEAAP6AXH@Z$$QEAV<lambda_450d765d439847d4c735a33c368b5fc0>@@AEAV<lambda_44731a7d0e6d81c3e6aa82d741081786>@@$$QEAV<lambda_601a2a7da3b7a96e9554ac7215c4b07c>@@@Z 000000018002f6f0     libucrt:signal.obj
 0002:0000c714       $unwind$?common_flush_all@@YAH_N@Z 000000018002f714     libucrt:fflush.obj
 0002:0000c71c       $unwind$??$?RV<lambda_842d9ff0dc9ef11c61343bbaebe7f885>@@AEAV<lambda_c5860995281e5c4ce005b3de8f5874ee>@@V<lambda_d90129c13df834fdcbf8d2b88dafcf2d>@@@?$__crt_seh_guarded_call@X@@QEAAX$$QEAV<lambda_842d9ff0dc9ef11c61343bbaebe7f885>@@AEAV<lambda_c5860995281e5c4ce005b3de8f5874ee>@@$$QEAV<lambda_d90129c13df834fdcbf8d2b88dafcf2d>@@@Z 000000018002f71c     libucrt:fflush.obj
 0002:0000c740       $unwind$??$?RV<lambda_886d6c58226a84441f68b9f2b8217b83>@@AEAV<lambda_ab61a845afdef5b7c387490eaf3616ee>@@V<lambda_f7f22ab5edc0698d5f6905b0d3f44752>@@@?$__crt_seh_guarded_call@X@@QEAAX$$QEAV<lambda_886d6c58226a84441f68b9f2b8217b83>@@AEAV<lambda_ab61a845afdef5b7c387490eaf3616ee>@@$$QEAV<lambda_f7f22ab5edc0698d5f6905b0d3f44752>@@@Z 000000018002f740     libucrt:fflush.obj
 0002:0000c768       $unwind$__acrt_update_thread_locale_data 000000018002f768     libucrt:locale_refcounting.obj
 0002:0000c78c       $unwind$?__mbrtowc_utf8@__crt_mbstring@@YA_KPEA_WPEBD_KPEAU_Mbstatet@@@Z 000000018002f78c     libucrt:mbrtowc.obj
 0002:0000c794       $unwind$?__mbsrtowcs_utf8@__crt_mbstring@@YA_KPEA_WPEAPEBD_KPEAU_Mbstatet@@@Z 000000018002f794     libucrt:mbrtowc.obj
 0002:0000c7ac       $unwind$__acrt_fltout      000000018002f7ac     libucrt:cfout.obj
 0002:0000c7cc       $unwind$?divide@__crt_strtox@@YA_KAEAUbig_integer@1@AEBU21@@Z 000000018002f7cc     libucrt:cfout.obj
 0002:0000c7e4       $chain$0$?divide@__crt_strtox@@YA_KAEAUbig_integer@1@AEBU21@@Z 000000018002f7e4     libucrt:cfout.obj
 0002:0000c7f8       $chain$1$?divide@__crt_strtox@@YA_KAEAUbig_integer@1@AEBU21@@Z 000000018002f7f8     libucrt:cfout.obj
 0002:0000c808       $unwind$_fcloseall         000000018002f808     libucrt:closeall.obj
 0002:0000c82c       $unwind$__acrt_locale_free_monetary 000000018002f82c     libucrt:initmon.obj
 0002:0000c834       $unwind$__acrt_locale_free_time 000000018002f834     libucrt:inittime.obj
 0002:0000c844       $unwind$__acrt_GetStringTypeA 000000018002f844     libucrt:getstringtypea.obj
 0002:0000c86c       $unwind$__acrt_lowio_destroy_handle_array 000000018002f86c     libucrt:osfinfo.obj
 0002:0000c87c       $unwind$__acrt_lowio_ensure_fh_exists 000000018002f87c     libucrt:osfinfo.obj
 0002:0000c8a8       $unwind$qsort              000000018002f8a8     libucrt:qsort.obj
 0002:0000c8c0       $chain$4$qsort             000000018002f8c0     libucrt:qsort.obj
 0002:0000c8e4       $chain$5$qsort             000000018002f8e4     libucrt:qsort.obj
 0002:0000c8f4       $unwind$strpbrk            000000018002f8f4     libucrt:strpbrk.obj
 0002:0000c904       $unwind$fallbackMethod     000000018002f904     libucrt:strpbrk.obj
 0002:0000c914       $unwind$__acrt_LCMapStringA 000000018002f914     libucrt:lcmapstringa.obj
 0002:0000c924       $unwind$?__acrt_LCMapStringA_stat@@YAHPEAU__crt_locale_pointers@@PEB_WKPEBDHPEADHHH@Z 000000018002f924     libucrt:lcmapstringa.obj
 0002:0000c94c       $unwind$_close             000000018002f94c     libucrt:close.obj
 0002:0000c94c       $unwind$_commit            000000018002f94c     libucrt:commit.obj
 0002:0000c954       $unwind$??$?RV<lambda_a37b2b86f63e897a80ea819b0eb08c01>@@AEAV<lambda_38ce7e780aa69e748d6df282ebc68efe>@@V<lambda_99fb1378e971ab6e7edea83e3a7a83a2>@@@?$__crt_seh_guarded_call@H@@QEAAH$$QEAV<lambda_a37b2b86f63e897a80ea819b0eb08c01>@@AEAV<lambda_38ce7e780aa69e748d6df282ebc68efe>@@$$QEAV<lambda_99fb1378e971ab6e7edea83e3a7a83a2>@@@Z 000000018002f954     libucrt:commit.obj
 0002:0000c978       $unwind$_write             000000018002f978     libucrt:write.obj
 0002:0000c9a8       $unwind$_write_nolock      000000018002f9a8     libucrt:write.obj
 0002:0000c9c0       $unwind$?write_double_translated_ansi_nolock@@YA?AUwrite_result@?A0x17268360@@HQEBDI@Z 000000018002f9c0     libucrt:write.obj
 0002:0000c9e4       $unwind$?write_text_ansi_nolock@@YA?AUwrite_result@?A0x17268360@@HQEBDI@Z 000000018002f9e4     libucrt:write.obj
 0002:0000c9e4       $unwind$?write_text_utf16le_nolock@@YA?AUwrite_result@?A0x17268360@@HQEBDI@Z 000000018002f9e4     libucrt:write.obj
 0002:0000ca04       $unwind$?write_text_utf8_nolock@@YA?AUwrite_result@?A0x17268360@@HQEBDI@Z 000000018002fa04     libucrt:write.obj
 0002:0000ca28       $xdatasym                  000000018002fa28     libucrt:log10.obj
 0002:0000ca34       $unwind$__acrt_fenv_set_control 000000018002fa34     libucrt:_fenvutils.obj
 0002:0000ca44       $unwind$fclose             000000018002fa44     libucrt:fclose.obj
 0002:0000ca68       $unwind$_putwch_nolock     000000018002fa68     libucrt:putwch.obj
 0002:0000ca70       $unwind$common_control87   000000018002fa70     libucrt:ieee.obj
 0002:0000ca9c       $unwind$_call_matherr      000000018002fa9c     libucrt:libm_error.obj
 0002:0000caa4       $unwind$_handle_error      000000018002faa4     libucrt:libm_error.obj
 0002:0000cac4       $unwind$__acrt_initialize_fma3 000000018002fac4     libucrt:fma3_available.obj
 0002:0000cacc       $unwind$_log_special_common 000000018002facc     libucrt:log_special.obj
 0002:0000cad8       $unwind$??$?RV<lambda_751a882b2c74d4b022dec766aa51a29a>@@AEAV<lambda_628dfdc04ba53c8bfc02c9951375f3f5>@@V<lambda_f6c7be5f7998530c34de24c7437d6b54>@@@?$__crt_seh_guarded_call@H@@QEAAH$$QEAV<lambda_751a882b2c74d4b022dec766aa51a29a>@@AEAV<lambda_628dfdc04ba53c8bfc02c9951375f3f5>@@$$QEAV<lambda_f6c7be5f7998530c34de24c7437d6b54>@@@Z 000000018002fad8     libucrt:close.obj
 0002:0000cb00       $xdatasym                  000000018002fb00     libucrt:fpsr.obj
 0002:0000cb08       $unwind$_raise_exc_ex      000000018002fb08     libucrt:fpexcept.obj
 0002:0000cb1c       $unwind$_ctrlfp            000000018002fb1c     libucrt:fpctrl.obj
 0002:0000cb44       $unwind$_IsNonwritableInCurrentImage 000000018002fb44     LIBCMT:pesect.obj
 0002:0000ccd0       .edata                     000000018002fcd0     OPOSItemDispenser.exp
 0002:0000ccf8       rgpv                       000000018002fcf8     OPOSItemDispenser.exp
 0002:0000cd08       rgszName                   000000018002fd08     OPOSItemDispenser.exp
 0002:0000cd18       rgwOrd                     000000018002fd18     OPOSItemDispenser.exp
 0002:0000cd20       szName                     000000018002fd20     OPOSItemDispenser.exp
 0002:0000cd36       $N00001                    000000018002fd36     OPOSItemDispenser.exp
 0002:0000cd46       $N00002                    000000018002fd46     OPOSItemDispenser.exp
 0002:0000cd58       $N00003                    000000018002fd58     OPOSItemDispenser.exp
 0002:0000cd6a       $N00004                    000000018002fd6a     OPOSItemDispenser.exp
 0002:0000d69a       .idata$6                   000000018003069a     kernel32:KERNEL32.dll
 0002:0000d8b2       .idata$6                   00000001800308b2     user32:USER32.dll
 0002:0000d9e6       .idata$6                   00000001800309e6     gdi32:GDI32.dll
 0002:0000da8c       .idata$6                   0000000180030a8c     advapi32:ADVAPI32.dll
 0002:0000dba8       .idata$6                   0000000180030ba8     ole32:ole32.dll
 0002:0000dbb2       .idata$6                   0000000180030bb2     oleaut32:OLEAUT32.dll
 0003:000001c0       ?ObjectMap@@3PAU_ATL_OBJMAP_ENTRY30@ATL@@A 00000001800321c0     ItemDispenser.obj
 0003:000002d4       ?s_RequiredMethodsPerRelease@@3PAHA 00000001800322d4     ItemDispenserImpl.obj
 0003:000002e0       ?s_SOMethodNames@@3PAPEADA 00000001800322e0     ItemDispenserImpl.obj
 0003:000003c0       ?__vcrt_flsindex@@3KA      00000001800323c0     libvcruntime:per_thread_data.obj
 0003:000003d0       ?errno_no_memory@@3HA      00000001800323d0     libucrt:errno.obj
 0003:000003d4       ?doserrno_no_memory@@3KA   00000001800323d4     libucrt:errno.obj
 0003:000003e0       ?__acrt_flsindex@@3KA      00000001800323e0     libucrt:per_thread_data.obj
 0003:000008a0       _mbctypes                  00000001800328a0     libucrt:mbctype.obj
 0003:000009b0       _mbcasemaps                00000001800329b0     libucrt:mbctype.obj
 0003:00000ab0       ?__rgctypeflag@@3PADA      0000000180032ab0     libucrt:mbctype.obj
 0003:00000ac0       ?__rgcode_page_info@@3PAUcode_page_info@@A 0000000180032ac0     libucrt:mbctype.obj
 0003:00000d60       ?dazSupported@?1??common_control87@@9@9 0000000180032d60     libucrt:ieee.obj
 0003:00000d70       ?__dcrt_lowio_console_output_handle@@3PEAXEA 0000000180032d70     libucrt:initcon.obj
 0003:00000d80       ?dazSupported@?1??_ctrlfp@@9@9 0000000180032d80     libucrt:fpctrl.obj
 0003:00000fd0       ?is_initialized_as_dll@@3_NA 0000000180032fd0     LIBCMT:utility.obj
 0003:00000fd1       ?module_local_atexit_table_initialized@@3_NA 0000000180032fd1     LIBCMT:utility.obj
 0003:00000fd8       ?module_local_atexit_table@@3U_onexit_table_t@@A 0000000180032fd8     LIBCMT:utility.obj
 0003:00000ff0       ?module_local_at_quick_exit_table@@3U_onexit_table_t@@A 0000000180032ff0     LIBCMT:utility.obj
 0003:00001008       ?g_tss_cv@@3U_RTL_CONDITION_VARIABLE@@A 0000000180033008     LIBCMT:thread_safe_statics.obj
 0003:00001010       ?g_tss_event@@3PEAXEA      0000000180033010     LIBCMT:thread_safe_statics.obj
 0003:00001018       ?g_tss_mutex@@3U_RTL_CRITICAL_SECTION@@A 0000000180033018     LIBCMT:thread_safe_statics.obj
 0003:00001040       ?g_sleep_condition_variable_cs@@3P6AHPEAU_RTL_CONDITION_VARIABLE@@PEAU_RTL_CRITICAL_SECTION@@K@ZEA 0000000180033040     LIBCMT:thread_safe_statics.obj
 0003:00001048       ?g_wake_all_condition_variable@@3P6AXPEAU_RTL_CONDITION_VARIABLE@@@ZEA 0000000180033048     LIBCMT:thread_safe_statics.obj
 0003:00001050       GS_ExceptionRecord         0000000180033050     LIBCMT:gs_report.obj
 0003:000010f0       GS_ContextRecord           00000001800330f0     LIBCMT:gs_report.obj
 0003:000015c4       ?__proc_attached@@3HA      00000001800335c4     LIBCMT:dll_dllmain.obj
 0003:00001668       ?AllocateData@@3P6APEAUAtlThunkData_t@@XZEA 0000000180033668     atls:atlthunk.obj
 0003:00001670       ?InitData@@3P6AXPEAUAtlThunkData_t@@PEAX_K@ZEA 0000000180033670     atls:atlthunk.obj
 0003:00001678       ?DataToCode@@3P6AP6A_JPEAUHWND__@@I_K_J@ZPEAUAtlThunkData_t@@@ZEA 0000000180033678     atls:atlthunk.obj
 0003:00001680       ?FreeData@@3P6AXPEAUAtlThunkData_t@@@ZEA 0000000180033680     atls:atlthunk.obj
 0003:00001688       ?Initialized@@3_NA         0000000180033688     atls:atlthunk.obj
 0003:000016a0       ?__vcrt_startup_thread_ptd@@3U__vcrt_ptd@@A 00000001800336a0     libvcruntime:per_thread_data.obj
 0003:00001720       __vcrt_lock_table          0000000180033720     libvcruntime:locks.obj
 0003:00001748       __vcrt_locks_initialized   0000000180033748     libvcruntime:locks.obj
 0003:00001790       ?heap@@3V_HeapManager@@A   0000000180033790     libvcruntime:undname.obj
 0003:000017b8       ?module_handles@@3PAPEAUHINSTANCE__@@A 00000001800337b8     libvcruntime:winapi_downlevel.obj
 0003:000017d0       ?function_pointers@@3PAPEAXA 00000001800337d0     libvcruntime:winapi_downlevel.obj
 0003:000017f8       ?__acrt_invalid_parameter_handler@@3V?$dual_state_global@P6AXPEB_W00I_K@Z@__crt_state_management@@A 00000001800337f8     libucrt:invalid_parameter.obj
 0003:00001800       ?c_termination_complete@@3JA 0000000180033800     libucrt:exit.obj
 0003:00001808       ?thread_local_exit_callback_func@@3P6AXPEAXK0@ZEA 0000000180033808     libucrt:exit.obj
 0003:00001820       ?program_name@?1???$common_configure_argv@D@@YAHW4_crt_argv_mode@@@Z@4PADA 0000000180033820     libucrt:argv_parsing.obj
 0003:00001978       ?__acrt_new_handler@@3V?$dual_state_global@P6AH_K@Z@__crt_state_management@@A 0000000180033978     libucrt:new_handler.obj
 0003:00001980       ?module_handles@@3PAPEAUHINSTANCE__@@A 0000000180033980     libucrt:winapi_thunks.obj
 0003:00001a20       ?encoded_function_pointers@@3PAPEAXA 0000000180033a20     libucrt:winapi_thunks.obj
 0003:00001b30       ?internal_state@?1??_mbtowc_l@@9@4U_Mbstatet@@A 0000000180033b30     libucrt:mbtowc.obj
 0003:00001b48       ?enable_percent_n@@3_KA    0000000180033b48     libucrt:printf_count_output.obj
 0003:00001f80       ?__acrt_lock_table@@3PAU_RTL_CRITICAL_SECTION@@A 0000000180033f80     libucrt:locks.obj
 0003:000021b0       ?__acrt_locks_initialized@@3IA 00000001800341b0     libucrt:locks.obj
 0003:000021d0       ?fSystemSet@@3HA           00000001800341d0     libucrt:mbctype.obj
 0003:000021d4       ?initialized@?1??__acrt_initialize_multibyte@@9@4_NA 00000001800341d4     libucrt:mbctype.obj
 0003:00002210       ?ctrlc_action@@3V?$dual_state_global@P6AXH@Z@__crt_state_management@@A 0000000180034210     libucrt:signal.obj
 0003:00002218       ?ctrlbreak_action@@3V?$dual_state_global@P6AXH@Z@__crt_state_management@@A 0000000180034218     libucrt:signal.obj
 0003:00002220       ?abort_action@@3V?$dual_state_global@P6AXH@Z@__crt_state_management@@A 0000000180034220     libucrt:signal.obj
 0003:00002228       ?term_action@@3V?$dual_state_global@P6AXH@Z@__crt_state_management@@A 0000000180034228     libucrt:signal.obj
 0003:00002230       ?user_matherr@@3V?$dual_state_global@P6AHPEAU_exception@@@Z@__crt_state_management@@A 0000000180034230     libucrt:matherr.obj
 0003:00002238       ?__acrt_global_new_mode@@3V?$dual_state_global@J@__crt_state_management@@A 0000000180034238     libucrt:new_mode.obj
 0003:00002248       ?internal_pst@?1??__mbrtoc32_utf8@__crt_mbstring@@YA_KPEA_UPEBD_KPEAU_Mbstatet@@@Z@4U3@A 0000000180034248     libucrt:mbrtoc32.obj
 0003:00002250       ?__acrt_app_type@@3W4_crt_app_type@@A 0000000180034250     libucrt:report_runtime_error.obj
 0005:00000000       MoveSmall                  0000000180037000     libvcruntime:memcpy.obj
 0005:00000050       MsetTab                    0000000180037050     libvcruntime:memset.obj
 0006:00000220       $R000000                   0000000180038220     ItemDispenser.res
 0006:00000bc8       $R0009A8                   0000000180038bc8     ItemDispenser.res
 0006:00000cb0       $R000A90                   0000000180038cb0     ItemDispenser.res
 0006:00000f18       $R000CF8                   0000000180038f18     ItemDispenser.res
 0006:00001438       $R001218                   0000000180039438     ItemDispenser.res
 0006:00003990       $R003770                   000000018003b990     ItemDispenser.res
 0006:000039d0       $R0037B0                   000000018003b9d0     ItemDispenser.res
