 OPOSPOSKeyboard

 Timestamp is 600f79d2 (Tue Jan 26 11:09:22 2021)

 Preferred load address is 0000000180000000

 Start         Length     Name                   Class
 0001:00000000 000000c0H .text$di                CODE
 0001:000000c0 00020f70H .text$mn                CODE
 0001:00021030 00000040H .text$mn$00             CODE
 0001:00021070 000004b0H .text$x                 CODE
 0001:00021520 00000078H .text$yd                CODE
 0002:00000000 00000618H .idata$5                DATA
 0002:00000618 00000028H .00cfg                  DATA
 0002:00000640 00000008H .CRT$XCA                DATA
 0002:00000648 00000008H .CRT$XCL                DATA
 0002:00000650 00000020H .CRT$XCU                DATA
 0002:00000670 00000008H .CRT$XCZ                DATA
 0002:00000678 00000008H .CRT$XIA                DATA
 0002:00000680 00000020H .CRT$XIC                DATA
 0002:000006a0 00000008H .CRT$XIZ                DATA
 0002:000006a8 00000008H .CRT$XLA                DATA
 0002:000006b0 00000008H .CRT$XLZ                DATA
 0002:000006b8 00000008H .CRT$XPA                DATA
 0002:000006c0 00000010H .CRT$XPX                DATA
 0002:000006d0 00000008H .CRT$XPXA               DATA
 0002:000006d8 00000008H .CRT$XPZ                DATA
 0002:000006e0 00000008H .CRT$XTA                DATA
 0002:000006e8 00000008H .CRT$XTZ                DATA
 0002:000006f0 00000000H .gehcont$y              DATA
 0002:000006f0 00000000H .gfids$y                DATA
 0002:000006f0 0000a790H .rdata                  DATA
 0002:0000ae80 00000000H .rdata$CastGuardVftablesA DATA
 0002:0000ae80 00000000H .rdata$CastGuardVftablesC DATA
 0002:0000ae80 00000028H .rdata$T                DATA
 0002:0000aea8 00000274H .rdata$r                DATA
 0002:0000b11c 0000040cH .rdata$zzzdbg           DATA
 0002:0000b528 00000008H .rtc$IAA                DATA
 0002:0000b530 00000008H .rtc$IZZ                DATA
 0002:0000b538 00000008H .rtc$TAA                DATA
 0002:0000b540 00000008H .rtc$TZZ                DATA
 0002:0000b548 00000004H .tls                    DATA
 0002:0000b54c 00000004H .tls$                   DATA
 0002:0000b550 00000008H .tls$ZZZ                DATA
 0002:0000b558 000016b0H .xdata                  DATA
 0002:0000cc08 00000150H .xdata$x                DATA
 0002:0000cd58 00000008H ATL$__a                 DATA
 0002:0000cd60 00000010H ATL$__z                 DATA
 0002:0000cd70 000000acH .edata                  DATA
 0002:0000ce1c 00000078H .idata$2                DATA
 0002:0000ce94 00000014H .idata$3                DATA
 0002:0000cea8 00000618H .idata$4                DATA
 0002:0000d4c0 00000c2aH .idata$6                DATA
 0003:00000000 00000d88H .data                   DATA
 0003:00000d88 000000c8H .data$r                 DATA
 0003:00000e50 0000141cH .bss                    DATA
 0004:00000000 00001e30H .pdata                  DATA
 0005:00000000 00000094H _RDATA                  DATA
 0006:00000000 00000220H .rsrc$01                DATA
 0006:00000220 00003b38H .rsrc$02                DATA

  Address         Publics by Value              Rva+Base               Lib:Object

 0000:00000000       ___safe_se_handler_table   0000000000000000     <absolute>
 0000:00000000       __guard_longjmp_table      0000000000000000     <absolute>
 0000:00000000       __x64_code_ranges_to_entry_points 0000000000000000     <absolute>
 0000:00000000       __arm64x_redirection_metadata 0000000000000000     <absolute>
 0000:00000000       __guard_iat_table          0000000000000000     <absolute>
 0000:00000000       __guard_fids_count         0000000000000000     <absolute>
 0000:00000000       __arm64x_extra_rfe_table   0000000000000000     <absolute>
 0000:00000000       __guard_iat_count          0000000000000000     <absolute>
 0000:00000000       __guard_longjmp_count      0000000000000000     <absolute>
 0000:00000000       __dynamic_value_reloc_table 0000000000000000     <absolute>
 0000:00000000       __x64_code_ranges_to_entry_points_count 0000000000000000     <absolute>
 0000:00000000       __hybrid_code_map          0000000000000000     <absolute>
 0000:00000000       __hybrid_auxiliary_iat     0000000000000000     <absolute>
 0000:00000000       __volatile_metadata        0000000000000000     <absolute>
 0000:00000000       __arm64x_extra_rfe_table_size 0000000000000000     <absolute>
 0000:00000000       ___safe_se_handler_count   0000000000000000     <absolute>
 0000:00000000       __AbsoluteZero             0000000000000000     <absolute>
 0000:00000000       __guard_eh_cont_count      0000000000000000     <absolute>
 0000:00000000       __guard_fids_table         0000000000000000     <absolute>
 0000:00000000       __arm64x_redirection_metadata_count 0000000000000000     <absolute>
 0000:00000000       __enclave_config           0000000000000000     <absolute>
 0000:00000000       __guard_eh_cont_table      0000000000000000     <absolute>
 0000:00000000       __arm64x_native_entrypoint 0000000000000000     <absolute>
 0000:00000000       __hybrid_code_map_count    0000000000000000     <absolute>
 0000:00000100       __guard_flags              0000000000000100     <absolute>
 0000:00000000       __ImageBase                0000000180000000     <linker-defined>
 0001:000000c0       ?DupWide@_CW@@AEAAXXZ      00000001800010c0 f   CWString.obj
 0001:000000e8       ?cw_dup@@YAXPEBDAEAHAEAPEA_W1@Z 00000001800010e8 f   CWString.obj
 0001:000001c8       ?cw_memcpy@@YAHPEA_WPEBDH@Z 00000001800011c8 f   CWString.obj
 0001:00000214       ?cw_strcpy@@YAHPEA_WPEBD@Z 0000000180001214 f   CWString.obj
 0001:00000228       ??0CAtlComModule@ATL@@QEAA@XZ 0000000180001228 f i OposVariant.obj
 0001:000002a8       ??0CAtlWinModule@ATL@@QEAA@XZ 00000001800012a8 f i OposVariant.obj
 0001:00000314       ??0OposDispParms@@QEAA@PEAVOposVariant@@H@Z 0000000180001314 f   OposVariant.obj
 0001:000003bc       ??1OposDispParms@@QEAA@XZ  00000001800013bc f   OposVariant.obj
 0001:000003d4       ??_Estringdispid@CComTypeInfoHolder@ATL@@QEAAPEAXI@Z 00000001800013d4 f i OposVariant.obj
 0001:00000478       ?AtlWinModuleTerm@ATL@@YAJPEAU_ATL_WIN_MODULE70@1@PEAUHINSTANCE__@@@Z 0000000180001478 f i OposVariant.obj
 0001:00000528       ?ChangeBSTR@OposVariant@@QEAAXPEAPEA_WAEAJ@Z 0000000180001528 f   OposVariant.obj
 0001:00000588       ?ChangeLONG@OposVariant@@QEAAXPEAJAEAJ@Z 0000000180001588 f   OposVariant.obj
 0001:000005e4       ?GetLONG@OposVariant@@QEAAJXZ 00000001800015e4 f   OposVariant.obj
 0001:00000608       ?SetBSTR@OposVariant@@QEAAXPEA_WAEAJ@Z 0000000180001608 f   OposVariant.obj
 0001:00000648       ?SetBSTR_Copy@OposVariant@@QEAAXPEA_WAEAJ@Z 0000000180001648 f   OposVariant.obj
 0001:000006b8       ?SetBSTR_InOutPtr@OposVariant@@QEAA_NPEAPEA_WAEAJ@Z 00000001800016b8 f   OposVariant.obj
 0001:00000708       ?SetDispatch_Ptr@OposVariant@@QEAAXPEAUIDispatch@@AEAJ@Z 0000000180001708 f   OposVariant.obj
 0001:00000760       ?SetLONG@OposVariant@@QEAAXJ@Z 0000000180001760 f   OposVariant.obj
 0001:00000790       ?SetLONG_Ptr@OposVariant@@QEAAXPEAJAEAJ@Z 0000000180001790 f   OposVariant.obj
 0001:000007dc       ?SetString@OposVariant@@QEAAXPEB_WAEAJ@Z 00000001800017dc f   OposVariant.obj
 0001:00000840       ?SetVARIANT_BOOL@OposVariant@@QEAAXF@Z 0000000180001840 f   OposVariant.obj
 0001:00000878       ?Term@CAtlComModule@ATL@@QEAAXXZ 0000000180001878 f i OposVariant.obj
 0001:000008e8       ?_AtlInitializeCriticalSectionEx@ATL@@YAHPEAU_RTL_CRITICAL_SECTION@@KK@Z 00000001800018e8 f i OposVariant.obj
 0001:000008f0       ?_AtlRaiseException@ATL@@YAXKK@Z 00000001800018f0 f i OposVariant.obj
 0001:00000900       ?GetWindowProc@?$CWindowImplBaseT@VCWindow@ATL@@V?$CWinTraits@$0FGAAAAAA@$0A@@2@@ATL@@UEAAP6A_JPEAUHWND__@@I_K_J@ZXZ 0000000180001900 f i POSKeyboard.obj
 0001:00000908       ?StartWindowProc@?$CWindowImplBaseT@VCWindow@ATL@@V?$CWinTraits@$0FGAAAAAA@$0A@@2@@ATL@@SA_JPEAUHWND__@@I_K_J@Z 0000000180001908 f i POSKeyboard.obj
 0001:000009cc       _guard_check_icall_nop     00000001800019cc f i LIBCMT:guard_support.obj
 0001:000009cc       ?OnFinalMessage@?$CWindowImplBaseT@VCWindow@ATL@@V?$CWinTraits@$0FGAAAAAA@$0A@@2@@ATL@@UEAAXPEAUHWND__@@@Z 00000001800019cc f i POSKeyboard.obj
 0001:000009cc       ?ObjectMain@CComObjectRootBase@ATL@@SAX_N@Z 00000001800019cc f i POSKeyboard.obj
 0001:000009d0       ?GetTypeInfoCount@?$IDispatchImpl@UIOPOSPOSKeyboard@@$1?IID_IOPOSPOSKeyboard@@3U_GUID@@B$1?LIBID_OposPOSKeyboard_CCO@@3U3@B$00$0A@VCComTypeInfoHolder@ATL@@@ATL@@UEAAJPEAI@Z 00000001800019d0 f i POSKeyboard.obj
 0001:000009e4       ?GetTypeInfo@?$IDispatchImpl@UIOPOSPOSKeyboard@@$1?IID_IOPOSPOSKeyboard@@3U_GUID@@B$1?LIBID_OposPOSKeyboard_CCO@@3U3@B$00$0A@VCComTypeInfoHolder@ATL@@@ATL@@UEAAJIKPEAPEAUITypeInfo@@@Z 00000001800019e4 f i POSKeyboard.obj
 0001:00000a48       ?GetIDsOfNames@?$IDispatchImpl@UIOPOSPOSKeyboard@@$1?IID_IOPOSPOSKeyboard@@3U_GUID@@B$1?LIBID_OposPOSKeyboard_CCO@@3U3@B$00$0A@VCComTypeInfoHolder@ATL@@@ATL@@UEAAJAEBU_GUID@@PEAPEA_WIKPEAJ@Z 0000000180001a48 f i POSKeyboard.obj
 0001:00000a54       ?Invoke@?$IDispatchImpl@UIOPOSPOSKeyboard@@$1?IID_IOPOSPOSKeyboard@@3U_GUID@@B$1?LIBID_OposPOSKeyboard_CCO@@3U3@B$00$0A@VCComTypeInfoHolder@ATL@@@ATL@@UEAAJJAEBU_GUID@@KGPEAUtagDISPPARAMS@@PEAUtagVARIANT@@PEAUtagEXCEPINFO@@PEAI@Z 0000000180001a54 f i POSKeyboard.obj
 0001:00000ae4       ?CreateControlWindow@?$CComControl@VCOPOSPOSKeyboard@@V?$CWindowImpl@VCOPOSPOSKeyboard@@VCWindow@ATL@@V?$CWinTraits@$0FGAAAAAA@$0A@@3@@ATL@@@ATL@@UEAAPEAUHWND__@@PEAU3@AEAUtagRECT@@@Z 0000000180001ae4 f i POSKeyboard.obj
 0001:00000b1c       ?ControlQueryInterface@?$CComControl@VCOPOSPOSKeyboard@@V?$CWindowImpl@VCOPOSPOSKeyboard@@VCWindow@ATL@@V?$CWinTraits@$0FGAAAAAA@$0A@@3@@ATL@@@ATL@@UEAAJAEBU_GUID@@PEAPEAX@Z 0000000180001b1c f i POSKeyboard.obj
 0001:00000b30       ?GetUserClassID@?$IOleObjectImpl@VCOPOSPOSKeyboard@@@ATL@@UEAAJPEAU_GUID@@@Z 0000000180001b30 f i POSKeyboard.obj
 0001:00000b30       ?GetClassID@?$IPersistStreamInitImpl@VCOPOSPOSKeyboard@@@ATL@@UEAAJPEAU_GUID@@@Z 0000000180001b30 f i POSKeyboard.obj
 0001:00000b30       ?GetClassID@?$IPersistStorageImpl@VCOPOSPOSKeyboard@@@ATL@@UEAAJPEAU_GUID@@@Z 0000000180001b30 f i POSKeyboard.obj
 0001:00000b4c       ?IsDirty@?$IPersistStreamInitImpl@VCOPOSPOSKeyboard@@@ATL@@UEAAJXZ 0000000180001b4c f i POSKeyboard.obj
 0001:00000b68       ?Load@?$IPersistStreamInitImpl@VCOPOSPOSKeyboard@@@ATL@@UEAAJPEAUIStream@@@Z 0000000180001b68 f i POSKeyboard.obj
 0001:00000b80       ?Save@?$IPersistStreamInitImpl@VCOPOSPOSKeyboard@@@ATL@@UEAAJPEAUIStream@@H@Z 0000000180001b80 f i POSKeyboard.obj
 0001:00000b98       ?GetSizeMax@?$IPersistStreamInitImpl@VCOPOSPOSKeyboard@@@ATL@@UEAAJPEAT_ULARGE_INTEGER@@@Z 0000000180001b98 f i POSKeyboard.obj
 0001:00000dc4       ?InitNew@?$IPersistStreamInitImpl@VCOPOSPOSKeyboard@@@ATL@@UEAAJXZ 0000000180001dc4 f i POSKeyboard.obj
 0001:00000ddc       ?GetCanonicalFormatEtc@?$IDataObjectImpl@VCOPOSPOSKeyboard@@@ATL@@UEAAJPEAUtagFORMATETC@@0@Z 0000000180001ddc f i POSKeyboard.obj
 0001:00000ddc       ?Freeze@?$IViewObjectExImpl@VCOPOSPOSKeyboard@@@ATL@@UEAAJKJPEAXPEAK@Z 0000000180001ddc f i POSKeyboard.obj
 0001:00000ddc       ?GetControlInfo@?$IOleControlImpl@VCOPOSPOSKeyboard@@@ATL@@UEAAJPEAUtagCONTROLINFO@@@Z 0000000180001ddc f i POSKeyboard.obj
 0001:00000ddc       ?GetClipboardData@?$IOleObjectImpl@VCOPOSPOSKeyboard@@@ATL@@UEAAJKPEAPEAUIDataObject@@@Z 0000000180001ddc f i POSKeyboard.obj
 0001:00000ddc       ?SetData@?$IDataObjectImpl@VCOPOSPOSKeyboard@@@ATL@@UEAAJPEAUtagFORMATETC@@PEAUtagSTGMEDIUM@@H@Z 0000000180001ddc f i POSKeyboard.obj
 0001:00000ddc       ?ContextSensitiveHelp@?$IOleInPlaceActiveObjectImpl@VCOPOSPOSKeyboard@@@ATL@@UEAAJH@Z 0000000180001ddc f i POSKeyboard.obj
 0001:00000ddc       ?SetColorScheme@?$IOleObjectImpl@VCOPOSPOSKeyboard@@@ATL@@UEAAJPEAUtagLOGPALETTE@@@Z 0000000180001ddc f i POSKeyboard.obj
 0001:00000ddc       ?ContextSensitiveHelp@?$IOleInPlaceObjectWindowlessImpl@VCOPOSPOSKeyboard@@@ATL@@UEAAJH@Z 0000000180001ddc f i POSKeyboard.obj
 0001:00000ddc       ?QueryGetData@?$IDataObjectImpl@VCOPOSPOSKeyboard@@@ATL@@UEAAJPEAUtagFORMATETC@@@Z 0000000180001ddc f i POSKeyboard.obj
 0001:00000ddc       ?ReactivateAndUndo@?$IOleInPlaceObjectWindowlessImpl@VCOPOSPOSKeyboard@@@ATL@@UEAAJXZ 0000000180001ddc f i POSKeyboard.obj
 0001:00000ddc       ?GetMoniker@?$IOleObjectImpl@VCOPOSPOSKeyboard@@@ATL@@UEAAJKKPEAPEAUIMoniker@@@Z 0000000180001ddc f i POSKeyboard.obj
 0001:00000ddc       ?GetDataHere@?$IDataObjectImpl@VCOPOSPOSKeyboard@@@ATL@@UEAAJPEAUtagFORMATETC@@PEAUtagSTGMEDIUM@@@Z 0000000180001ddc f i POSKeyboard.obj
 0001:00000ddc       ?Unfreeze@?$IViewObjectExImpl@VCOPOSPOSKeyboard@@@ATL@@UEAAJK@Z 0000000180001ddc f i POSKeyboard.obj
 0001:00000ddc       ?GetRect@?$IViewObjectExImpl@VCOPOSPOSKeyboard@@@ATL@@UEAAJKPEAU_RECTL@@@Z 0000000180001ddc f i POSKeyboard.obj
 0001:00000ddc       ?SetMoniker@?$IOleObjectImpl@VCOPOSPOSKeyboard@@@ATL@@UEAAJKPEAUIMoniker@@@Z 0000000180001ddc f i POSKeyboard.obj
 0001:00000ddc       ?QueryInterface@CRegObject@ATL@@UEAAJAEBU_GUID@@PEAPEAX@Z 0000000180001ddc f i POSKeyboard.obj
 0001:00000ddc       ?GetColorSet@?$IViewObjectExImpl@VCOPOSPOSKeyboard@@@ATL@@UEAAJKJPEAXPEAUtagDVTARGETDEVICE@@PEAUHDC__@@PEAPEAUtagLOGPALETTE@@@Z 0000000180001ddc f i POSKeyboard.obj
 0001:00000ddc       ?OnMnemonic@?$IOleControlImpl@VCOPOSPOSKeyboard@@@ATL@@UEAAJPEAUtagMSG@@@Z 0000000180001ddc f i POSKeyboard.obj
 0001:00000ddc       ?GetDropTarget@?$IOleInPlaceObjectWindowlessImpl@VCOPOSPOSKeyboard@@@ATL@@UEAAJPEAPEAUIDropTarget@@@Z 0000000180001ddc f i POSKeyboard.obj
 0001:00000ddc       ?SOOutputCompleteDummy@COPOSPOSKeyboard@@MEAAJJ@Z 0000000180001ddc f i POSKeyboard.obj
 0001:00000ddc       ?InitFromData@?$IOleObjectImpl@VCOPOSPOSKeyboard@@@ATL@@UEAAJPEAUIDataObject@@HK@Z 0000000180001ddc f i POSKeyboard.obj
 0001:00000ddc       ?EnumFormatEtc@?$IDataObjectImpl@VCOPOSPOSKeyboard@@@ATL@@UEAAJKPEAPEAUIEnumFORMATETC@@@Z 0000000180001ddc f i POSKeyboard.obj
 0001:00000de4       ?EnableModeless@?$IOleInPlaceActiveObjectImpl@VCOPOSPOSKeyboard@@@ATL@@UEAAJH@Z 0000000180001de4 f i POSKeyboard.obj
 0001:00000de4       ?Release@CRegObject@ATL@@UEAAKXZ 0000000180001de4 f i POSKeyboard.obj
 0001:00000de4       ?SaveCompleted@?$IPersistStorageImpl@VCOPOSPOSKeyboard@@@ATL@@UEAAJPEAUIStorage@@@Z 0000000180001de4 f i POSKeyboard.obj
 0001:00000de4       ?GetObjectDescription@?$CComCoClass@VCOPOSPOSKeyboard@@$1?CLSID_OPOSPOSKeyboard@@3U_GUID@@B@ATL@@SAPEB_WXZ 0000000180001de4 f i POSKeyboard.obj
 0001:00000de4       ?ResizeBorder@?$IOleInPlaceActiveObjectImpl@VCOPOSPOSKeyboard@@@ATL@@UEAAJPEBUtagRECT@@PEAUIOleInPlaceUIWindow@@H@Z 0000000180001de4 f i POSKeyboard.obj
 0001:00000de4       ?OnAmbientPropertyChange@?$IOleControlImpl@VCOPOSPOSKeyboard@@@ATL@@UEAAJJ@Z 0000000180001de4 f i POSKeyboard.obj
 0001:00000de4       ?HandsOffStorage@?$IPersistStorageImpl@VCOPOSPOSKeyboard@@@ATL@@UEAAJXZ 0000000180001de4 f i POSKeyboard.obj
 0001:00000de4       ?GetCategoryMap@CComObjectRootBase@ATL@@SAPEBU_ATL_CATMAP_ENTRY@2@XZ 0000000180001de4 f i POSKeyboard.obj
 0001:00000de4       ?SetHostNames@?$IOleObjectImpl@VCOPOSPOSKeyboard@@@ATL@@UEAAJPEB_W0@Z 0000000180001de4 f i POSKeyboard.obj
 0001:00000de4       ?Update@?$IOleObjectImpl@VCOPOSPOSKeyboard@@@ATL@@UEAAJXZ 0000000180001de4 f i POSKeyboard.obj
 0001:00000de4       ?OnFrameWindowActivate@?$IOleInPlaceActiveObjectImpl@VCOPOSPOSKeyboard@@@ATL@@UEAAJH@Z 0000000180001de4 f i POSKeyboard.obj
 0001:00000de4       ?IsUpToDate@?$IOleObjectImpl@VCOPOSPOSKeyboard@@@ATL@@UEAAJXZ 0000000180001de4 f i POSKeyboard.obj
 0001:00000de8       ?SetClientSite@?$IOleObjectImpl@VCOPOSPOSKeyboard@@@ATL@@UEAAJPEAUIOleClientSite@@@Z 0000000180001de8 f i POSKeyboard.obj
 0001:00000e04       ?GetClientSite@?$IOleObjectImpl@VCOPOSPOSKeyboard@@@ATL@@UEAAJPEAPEAUIOleClientSite@@@Z 0000000180001e04 f i POSKeyboard.obj
 0001:00000e4c       ?Close@?$IOleObjectImpl@VCOPOSPOSKeyboard@@@ATL@@UEAAJK@Z 0000000180001e4c f i POSKeyboard.obj
 0001:00000e68       ?DoVerb@?$IOleObjectImpl@VCOPOSPOSKeyboard@@@ATL@@UEAAJJPEAUtagMSG@@PEAUIOleClientSite@@JPEAUHWND__@@PEBUtagRECT@@@Z 0000000180001e68 f i POSKeyboard.obj
 0001:0000100c       ?EnumVerbs@?$IOleObjectImpl@VCOPOSPOSKeyboard@@@ATL@@UEAAJPEAPEAUIEnumOLEVERB@@@Z 000000018000200c f i POSKeyboard.obj
 0001:00001028       ?GetUserType@?$IOleObjectImpl@VCOPOSPOSKeyboard@@@ATL@@UEAAJKPEAPEA_W@Z 0000000180002028 f i POSKeyboard.obj
 0001:00001038       ?SetExtent@?$IOleObjectImpl@VCOPOSPOSKeyboard@@@ATL@@UEAAJKPEAUtagSIZE@@@Z 0000000180002038 f i POSKeyboard.obj
 0001:00001054       ?GetExtent@?$IOleObjectImpl@VCOPOSPOSKeyboard@@@ATL@@UEAAJKPEAUtagSIZE@@@Z 0000000180002054 f i POSKeyboard.obj
 0001:00001084       ?Advise@?$IOleObjectImpl@VCOPOSPOSKeyboard@@@ATL@@UEAAJPEAUIAdviseSink@@PEAK@Z 0000000180002084 f i POSKeyboard.obj
 0001:000010e0       ?Unadvise@?$IOleObjectImpl@VCOPOSPOSKeyboard@@@ATL@@UEAAJK@Z 00000001800020e0 f i POSKeyboard.obj
 0001:00001118       ?EnumAdvise@?$IOleObjectImpl@VCOPOSPOSKeyboard@@@ATL@@UEAAJPEAPEAUIEnumSTATDATA@@@Z 0000000180002118 f i POSKeyboard.obj
 0001:00001160       ?GetMiscStatus@?$IOleObjectImpl@VCOPOSPOSKeyboard@@@ATL@@UEAAJKPEAK@Z 0000000180002160 f i POSKeyboard.obj
 0001:00001170       ?GetWindow@?$IOleInPlaceActiveObjectImpl@VCOPOSPOSKeyboard@@@ATL@@UEAAJPEAPEAUHWND__@@@Z 0000000180002170 f i POSKeyboard.obj
 0001:000011c4       ?TranslateAcceleratorW@?$IOleInPlaceActiveObjectImpl@VCOPOSPOSKeyboard@@@ATL@@UEAAJPEAUtagMSG@@@Z 00000001800021c4 f i POSKeyboard.obj
 0001:000012b8       ?OnDocWindowActivate@?$IOleInPlaceActiveObjectImpl@VCOPOSPOSKeyboard@@@ATL@@UEAAJH@Z 00000001800022b8 f i POSKeyboard.obj
 0001:000012e4       ?Draw@?$IViewObjectExImpl@VCOPOSPOSKeyboard@@@ATL@@UEAAJKJPEAXPEAUtagDVTARGETDEVICE@@PEAUHDC__@@2PEBU_RECTL@@3P6AH_K@Z4@Z 00000001800022e4 f i POSKeyboard.obj
 0001:00001348       ?SetAdvise@?$IViewObjectExImpl@VCOPOSPOSKeyboard@@@ATL@@UEAAJKKPEAUIAdviseSink@@@Z 0000000180002348 f i POSKeyboard.obj
 0001:0000139c       ?GetAdvise@?$IViewObjectExImpl@VCOPOSPOSKeyboard@@@ATL@@UEAAJPEAK0PEAPEAUIAdviseSink@@@Z 000000018000239c f i POSKeyboard.obj
 0001:000013d8       ?GetExtent@?$IViewObjectExImpl@VCOPOSPOSKeyboard@@@ATL@@UEAAJKJPEAUtagDVTARGETDEVICE@@PEAUtagSIZE@@@Z 00000001800023d8 f i POSKeyboard.obj
 0001:00001408       ?GetViewStatus@?$IViewObjectExImpl@VCOPOSPOSKeyboard@@@ATL@@UEAAJPEAK@Z 0000000180002408 f i POSKeyboard.obj
 0001:0000141c       ?QueryHitPoint@?$IViewObjectExImpl@VCOPOSPOSKeyboard@@@ATL@@UEAAJKPEBUtagRECT@@UtagPOINT@@JPEAK@Z 000000018000241c f i POSKeyboard.obj
 0001:00001460       ?QueryHitRect@?$IViewObjectExImpl@VCOPOSPOSKeyboard@@@ATL@@UEAAJKPEBUtagRECT@@0JPEAK@Z 0000000180002460 f i POSKeyboard.obj
 0001:000014c8       ?GetNaturalExtent@?$IViewObjectExImpl@VCOPOSPOSKeyboard@@@ATL@@UEAAJKJPEAUtagDVTARGETDEVICE@@PEAUHDC__@@PEAUtagExtentInfo@@PEAUtagSIZE@@@Z 00000001800024c8 f i POSKeyboard.obj
 0001:00001510       ?GetWindow@?$IOleInPlaceObjectWindowlessImpl@VCOPOSPOSKeyboard@@@ATL@@UEAAJPEAPEAUHWND__@@@Z 0000000180002510 f i POSKeyboard.obj
 0001:00001564       ?InPlaceDeactivate@?$IOleInPlaceObjectWindowlessImpl@VCOPOSPOSKeyboard@@@ATL@@UEAAJXZ 0000000180002564 f i POSKeyboard.obj
 0001:00001580       ?UIDeactivate@?$IOleInPlaceObjectWindowlessImpl@VCOPOSPOSKeyboard@@@ATL@@UEAAJXZ 0000000180002580 f i POSKeyboard.obj
 0001:0000159c       ?SetObjectRects@?$IOleInPlaceObjectWindowlessImpl@VCOPOSPOSKeyboard@@@ATL@@UEAAJPEBUtagRECT@@0@Z 000000018000259c f i POSKeyboard.obj
 0001:000015b8       ?OnWindowMessage@?$IOleInPlaceObjectWindowlessImpl@VCOPOSPOSKeyboard@@@ATL@@UEAAJI_K_JPEA_J@Z 00000001800025b8 f i POSKeyboard.obj
 0001:00001680       ?EnumConnectionPoints@?$IConnectionPointContainerImpl@VCOPOSPOSKeyboard@@@ATL@@UEAAJPEAPEAUIEnumConnectionPoints@@@Z 0000000180002680 f i POSKeyboard.obj
 0001:000018cc       ?FindConnectionPoint@?$IConnectionPointContainerImpl@VCOPOSPOSKeyboard@@@ATL@@UEAAJAEBU_GUID@@PEAPEAUIConnectionPoint@@@Z 00000001800028cc f i POSKeyboard.obj
 0001:0000199c       ?IsDirty@?$IPersistStorageImpl@VCOPOSPOSKeyboard@@@ATL@@UEAAJXZ 000000018000299c f i POSKeyboard.obj
 0001:000019dc       ?InitNew@?$IPersistStorageImpl@VCOPOSPOSKeyboard@@@ATL@@UEAAJPEAUIStorage@@@Z 00000001800029dc f i POSKeyboard.obj
 0001:00001a1c       ?Load@?$IPersistStorageImpl@VCOPOSPOSKeyboard@@@ATL@@UEAAJPEAUIStorage@@@Z 0000000180002a1c f i POSKeyboard.obj
 0001:00001abc       ?Save@?$IPersistStorageImpl@VCOPOSPOSKeyboard@@@ATL@@UEAAJPEAUIStorage@@H@Z 0000000180002abc f i POSKeyboard.obj
 0001:00001b6c       ?GetPages@?$ISpecifyPropertyPagesImpl@VCOPOSPOSKeyboard@@@ATL@@UEAAJPEAUtagCAUUID@@@Z 0000000180002b6c f i POSKeyboard.obj
 0001:00001b78       ?QuickActivate@?$IQuickActivateImpl@VCOPOSPOSKeyboard@@@ATL@@UEAAJPEAUtagQACONTAINER@@PEAUtagQACONTROL@@@Z 0000000180002b78 f i POSKeyboard.obj
 0001:00001b94       ?SetContentExtent@?$IQuickActivateImpl@VCOPOSPOSKeyboard@@@ATL@@UEAAJPEAUtagSIZE@@@Z 0000000180002b94 f i POSKeyboard.obj
 0001:00001bc8       ?GetContentExtent@?$IQuickActivateImpl@VCOPOSPOSKeyboard@@@ATL@@UEAAJPEAUtagSIZE@@@Z 0000000180002bc8 f i POSKeyboard.obj
 0001:00001c00       ?GetData@?$IDataObjectImpl@VCOPOSPOSKeyboard@@@ATL@@UEAAJPEAUtagFORMATETC@@PEAUtagSTGMEDIUM@@@Z 0000000180002c00 f i POSKeyboard.obj
 0001:00001c1c       ?DAdvise@?$IDataObjectImpl@VCOPOSPOSKeyboard@@@ATL@@UEAAJPEAUtagFORMATETC@@KPEAUIAdviseSink@@PEAK@Z 0000000180002c1c f i POSKeyboard.obj
 0001:00001ca4       ?DUnadvise@?$IDataObjectImpl@VCOPOSPOSKeyboard@@@ATL@@UEAAJK@Z 0000000180002ca4 f i POSKeyboard.obj
 0001:00001cd0       ?EnumDAdvise@?$IDataObjectImpl@VCOPOSPOSKeyboard@@@ATL@@UEAAJPEAPEAUIEnumSTATDATA@@@Z 0000000180002cd0 f i POSKeyboard.obj
 0001:00001d0c       ?GetClassInfoW@?$IProvideClassInfo2Impl@$1?CLSID_OPOSPOSKeyboard@@3U_GUID@@B$1?DIID__IOPOSPOSKeyboardEvents@@3U2@B$1?LIBID_OposPOSKeyboard_CCO@@3U2@B$00$0A@VCComTypeInfoHolder@ATL@@@ATL@@UEAAJPEAPEAUITypeInfo@@@Z 0000000180002d0c f i POSKeyboard.obj
 0001:00001d64       ?GetGUID@?$IProvideClassInfo2Impl@$1?CLSID_OPOSPOSKeyboard@@3U_GUID@@B$1?DIID__IOPOSPOSKeyboardEvents@@3U2@B$1?LIBID_OposPOSKeyboard_CCO@@3U2@B$00$0A@VCComTypeInfoHolder@ATL@@@ATL@@UEAAJKPEAU_GUID@@@Z 0000000180002d64 f i POSKeyboard.obj
 0001:00001d98       _get_startup_argv_mode     0000000180002d98 f i LIBCMT:argv_mode.obj
 0001:00001d98       ?FAccessAllowed@?$IObjectSafetyImpl@VCOPOSPOSKeyboard@@$02@ATL@@MEAAHXZ 0000000180002d98 f i POSKeyboard.obj
 0001:00001d98       ?AddRef@CRegObject@ATL@@UEAAKXZ 0000000180002d98 f i POSKeyboard.obj
 0001:00001da0       ?GetInterfaceSafetyOptions@?$IObjectSafetyImpl@VCOPOSPOSKeyboard@@$02@ATL@@UEAAJAEBU_GUID@@PEAK1@Z 0000000180002da0 f i POSKeyboard.obj
 0001:00001e34       ?SetInterfaceSafetyOptions@?$IObjectSafetyImpl@VCOPOSPOSKeyboard@@$02@ATL@@UEAAJAEBU_GUID@@KK@Z 0000000180002e34 f i POSKeyboard.obj
 0001:00001ed8       ?_LocCPQueryInterface@?$IConnectionPointImpl@VCOPOSPOSKeyboard@@$1?DIID__IOPOSPOSKeyboardEvents@@3U_GUID@@BVCComDynamicUnkArray@ATL@@@ATL@@UEAAJAEBU_GUID@@PEAPEAX@Z 0000000180002ed8 f i POSKeyboard.obj
 0001:00001ed8       ?_LocCPQueryInterface@?$IConnectionPointImpl@VCOPOSPOSKeyboard@@$1?IID_IPropertyNotifySink@@3U_GUID@@BVCComDynamicUnkArray@ATL@@@ATL@@UEAAJAEBU_GUID@@PEAPEAX@Z 0000000180002ed8 f i POSKeyboard.obj
 0001:00001f48       ?GetConnectionInterface@?$IConnectionPointImpl@VCOPOSPOSKeyboard@@$1?IID_IPropertyNotifySink@@3U_GUID@@BVCComDynamicUnkArray@ATL@@@ATL@@UEAAJPEAU_GUID@@@Z 0000000180002f48 f i POSKeyboard.obj
 0001:00001f64       ?GetConnectionPointContainer@?$IConnectionPointImpl@VCOPOSPOSKeyboard@@$1?IID_IPropertyNotifySink@@3U_GUID@@BVCComDynamicUnkArray@ATL@@@ATL@@UEAAJPEAPEAUIConnectionPointContainer@@@Z 0000000180002f64 f i POSKeyboard.obj
 0001:00001f84       ?Advise@?$IConnectionPointImpl@VCOPOSPOSKeyboard@@$1?DIID__IOPOSPOSKeyboardEvents@@3U_GUID@@BVCComDynamicUnkArray@ATL@@@ATL@@UEAAJPEAUIUnknown@@PEAK@Z 0000000180002f84 f i POSKeyboard.obj
 0001:00001f84       ?Advise@?$IConnectionPointImpl@VCOPOSPOSKeyboard@@$1?IID_IPropertyNotifySink@@3U_GUID@@BVCComDynamicUnkArray@ATL@@@ATL@@UEAAJPEAUIUnknown@@PEAK@Z 0000000180002f84 f i POSKeyboard.obj
 0001:00002040       ?Unadvise@?$IConnectionPointImpl@VCOPOSPOSKeyboard@@$1?IID_IPropertyNotifySink@@3U_GUID@@BVCComDynamicUnkArray@ATL@@@ATL@@UEAAJK@Z 0000000180003040 f i POSKeyboard.obj
 0001:00002040       ?Unadvise@?$IConnectionPointImpl@VCOPOSPOSKeyboard@@$1?DIID__IOPOSPOSKeyboardEvents@@3U_GUID@@BVCComDynamicUnkArray@ATL@@@ATL@@UEAAJK@Z 0000000180003040 f i POSKeyboard.obj
 0001:000020a8       ?EnumConnections@?$IConnectionPointImpl@VCOPOSPOSKeyboard@@$1?IID_IPropertyNotifySink@@3U_GUID@@BVCComDynamicUnkArray@ATL@@@ATL@@UEAAJPEAPEAUIEnumConnections@@@Z 00000001800030a8 f i POSKeyboard.obj
 0001:000020a8       ?EnumConnections@?$IConnectionPointImpl@VCOPOSPOSKeyboard@@$1?DIID__IOPOSPOSKeyboardEvents@@3U_GUID@@BVCComDynamicUnkArray@ATL@@@ATL@@UEAAJPEAPEAUIEnumConnections@@@Z 00000001800030a8 f i POSKeyboard.obj
 0001:00002254       ?GetConnectionInterface@?$IConnectionPointImpl@VCOPOSPOSKeyboard@@$1?DIID__IOPOSPOSKeyboardEvents@@3U_GUID@@BVCComDynamicUnkArray@ATL@@@ATL@@UEAAJPEAU_GUID@@@Z 0000000180003254 f i POSKeyboard.obj
 0001:00002270       ?GetConnectionPointContainer@?$IConnectionPointImpl@VCOPOSPOSKeyboard@@$1?DIID__IOPOSPOSKeyboardEvents@@3U_GUID@@BVCComDynamicUnkArray@ATL@@@ATL@@UEAAJPEAPEAUIConnectionPointContainer@@@Z 0000000180003270 f i POSKeyboard.obj
 0001:00002290       ?UpdateRegistry@COPOSPOSKeyboard@@SAJH@Z 0000000180003290 f i POSKeyboard.obj
 0001:000022a8       ?ProcessWindowMessage@COPOSPOSKeyboard@@UEAAHPEAUHWND__@@I_K_JAEA_JK@Z 00000001800032a8 f i POSKeyboard.obj
 0001:00002330       ?SOData@COPOSPOSKeyboard@@MEAAJJ@Z 0000000180003330 f i POSKeyboard.obj
 0001:00002380       ?SODirectIO@COPOSPOSKeyboard@@MEAAJJPEAJPEAPEA_W@Z 0000000180003380 f i POSKeyboard.obj
 0001:000023f8       ?SOError@COPOSPOSKeyboard@@MEAAJJJJPEAJ@Z 00000001800033f8 f i POSKeyboard.obj
 0001:00002480       ?SOStatusUpdate@COPOSPOSKeyboard@@MEAAJJ@Z 0000000180003480 f i POSKeyboard.obj
 0001:000024d0       ?Lock@CAtlModule@ATL@@UEAAJXZ 00000001800034d0 f i POSKeyboard.obj
 0001:000024e0       ?Unlock@CAtlModule@ATL@@UEAAJXZ 00000001800034e0 f i POSKeyboard.obj
 0001:000024ec       ?GetLockCount@CAtlModule@ATL@@UEAAJXZ 00000001800034ec f i POSKeyboard.obj
 0001:000024f0       ?GetGITPtr@CAtlModule@ATL@@UEAAJPEAPEAUIGlobalInterfaceTable@@@Z 00000001800034f0 f i POSKeyboard.obj
 0001:00002560       ?CreateInstance@?$CComCreator@V?$CComObjectCached@VCComClassFactory@ATL@@@ATL@@@ATL@@SAJPEAXAEBU_GUID@@PEAPEAX@Z 0000000180003560 f i POSKeyboard.obj
 0001:00002684       ?CreateInstance@?$CComCreator2@V?$CComCreator@V?$CComObject@VCOPOSPOSKeyboard@@@ATL@@@ATL@@V?$CComCreator@V?$CComAggObject@VCOPOSPOSKeyboard@@@ATL@@@2@@ATL@@SAJPEAXAEBU_GUID@@PEAPEAX@Z 0000000180003684 f i POSKeyboard.obj
 0001:00002694       ?AddCommonRGSReplacements@?$CAtlModuleT@VCComModule@ATL@@@ATL@@UEAAJPEAUIRegistrarBase@@@Z 0000000180003694 f i POSKeyboard.obj
 0001:000026ac       ?AddRef@?$CComObjectCached@VCComClassFactory@ATL@@@ATL@@UEAAKXZ 00000001800036ac f i POSKeyboard.obj
 0001:000026d8       ?Release@?$CComObjectCached@VCComClassFactory@ATL@@@ATL@@UEAAKXZ 00000001800036d8 f i POSKeyboard.obj
 0001:00002718       ?QueryInterface@?$CComObjectCached@VCComClassFactory@ATL@@@ATL@@UEAAJAEBU_GUID@@PEAPEAX@Z 0000000180003718 f i POSKeyboard.obj
 0001:0000272c       ??_E?$CComObjectCached@VCComClassFactory@ATL@@@ATL@@UEAAPEAXI@Z 000000018000372c f i POSKeyboard.obj
 0001:0000272c       ??_G?$CComObjectCached@VCComClassFactory@ATL@@@ATL@@UEAAPEAXI@Z 000000018000372c f i POSKeyboard.obj
 0001:00002784       ?UpdateRegistryFromResourceD@CComModule@ATL@@UEAAJIHPEAU_ATL_REGMAP_ENTRY@2@@Z 0000000180003784 f i POSKeyboard.obj
 0001:00002784       ?UpdateRegistryFromResourceD@CComModule@ATL@@UEAAJPEB_WHPEAU_ATL_REGMAP_ENTRY@2@@Z 0000000180003784 f i POSKeyboard.obj
 0001:0000278c       ?UpdateRegistryFromResource@CComModule@ATL@@UEAAJPEB_WHPEAU_ATL_REGMAP_ENTRY@2@@Z 000000018000378c f i POSKeyboard.obj
 0001:00002794       ?UpdateRegistryFromResource@CComModule@ATL@@UEAAJIHPEAU_ATL_REGMAP_ENTRY@2@@Z 0000000180003794 f i POSKeyboard.obj
 0001:0000279c       ??_GCComModule@ATL@@UEAAPEAXI@Z 000000018000379c f i POSKeyboard.obj
 0001:0000279c       ??_ECComModule@ATL@@UEAAPEAXI@Z 000000018000379c f i POSKeyboard.obj
 0001:000027dc       ?Next@?$CComEnumImpl@UIEnumConnectionPoints@@$1?_GUID_b196b285_bab4_101a_b69c_00aa00341d07@@3U__s_GUID@@BPEAUIConnectionPoint@@V?$_CopyInterface@UIConnectionPoint@@@ATL@@@ATL@@UEAAJKPEAPEAUIConnectionPoint@@PEAK@Z 00000001800037dc f i POSKeyboard.obj
 0001:000028a8       ?Skip@?$CComEnumImpl@UIEnumConnectionPoints@@$1?_GUID_b196b285_bab4_101a_b69c_00aa00341d07@@3U__s_GUID@@BPEAUIConnectionPoint@@V?$_CopyInterface@UIConnectionPoint@@@ATL@@@ATL@@UEAAJK@Z 00000001800038a8 f i POSKeyboard.obj
 0001:000028d4       ?Reset@?$CComEnumImpl@UIEnumConnectionPoints@@$1?_GUID_b196b285_bab4_101a_b69c_00aa00341d07@@3U__s_GUID@@BPEAUIConnectionPoint@@V?$_CopyInterface@UIConnectionPoint@@@ATL@@@ATL@@UEAAJXZ 00000001800038d4 f i POSKeyboard.obj
 0001:000028d4       ?Reset@?$CComEnumImpl@UIEnumConnections@@$1?_GUID_b196b287_bab4_101a_b69c_00aa00341d07@@3U__s_GUID@@BUtagCONNECTDATA@@V?$_Copy@UtagCONNECTDATA@@@ATL@@@ATL@@UEAAJXZ 00000001800038d4 f i POSKeyboard.obj
 0001:000028e0       ?Clone@?$CComEnumImpl@UIEnumConnectionPoints@@$1?_GUID_b196b285_bab4_101a_b69c_00aa00341d07@@3U__s_GUID@@BPEAUIConnectionPoint@@V?$_CopyInterface@UIConnectionPoint@@@ATL@@@ATL@@UEAAJPEAPEAUIEnumConnectionPoints@@@Z 00000001800038e0 f i POSKeyboard.obj
 0001:00002a0c       ?AddRef@?$CComObject@V?$CComEnum@UIEnumConnectionPoints@@$1?_GUID_b196b285_bab4_101a_b69c_00aa00341d07@@3U__s_GUID@@BPEAUIConnectionPoint@@V?$_CopyInterface@UIConnectionPoint@@@ATL@@VCComSingleThreadModel@6@@ATL@@@ATL@@UEAAKXZ 0000000180003a0c f i POSKeyboard.obj
 0001:00002a0c       ?AddRef@?$CComObject@V?$CComEnum@UIEnumConnections@@$1?_GUID_b196b287_bab4_101a_b69c_00aa00341d07@@3U__s_GUID@@BUtagCONNECTDATA@@V?$_Copy@UtagCONNECTDATA@@@ATL@@VCComSingleThreadModel@6@@ATL@@@ATL@@UEAAKXZ 0000000180003a0c f i POSKeyboard.obj
 0001:00002a18       ?Release@?$CComObject@V?$CComEnum@UIEnumConnectionPoints@@$1?_GUID_b196b285_bab4_101a_b69c_00aa00341d07@@3U__s_GUID@@BPEAUIConnectionPoint@@V?$_CopyInterface@UIConnectionPoint@@@ATL@@VCComSingleThreadModel@6@@ATL@@@ATL@@UEAAKXZ 0000000180003a18 f i POSKeyboard.obj
 0001:00002a18       ?Release@?$CComObject@V?$CComEnum@UIEnumConnections@@$1?_GUID_b196b287_bab4_101a_b69c_00aa00341d07@@3U__s_GUID@@BUtagCONNECTDATA@@V?$_Copy@UtagCONNECTDATA@@@ATL@@VCComSingleThreadModel@6@@ATL@@@ATL@@UEAAKXZ 0000000180003a18 f i POSKeyboard.obj
 0001:00002a6c       ?QueryInterface@?$CComObject@V?$CComEnum@UIEnumConnectionPoints@@$1?_GUID_b196b285_bab4_101a_b69c_00aa00341d07@@3U__s_GUID@@BPEAUIConnectionPoint@@V?$_CopyInterface@UIConnectionPoint@@@ATL@@VCComSingleThreadModel@6@@ATL@@@ATL@@UEAAJAEBU_GUID@@PEAPEAX@Z 0000000180003a6c f i POSKeyboard.obj
 0001:00002a80       ??_E?$CComObject@V?$CComEnum@UIEnumConnectionPoints@@$1?_GUID_b196b285_bab4_101a_b69c_00aa00341d07@@3U__s_GUID@@BPEAUIConnectionPoint@@V?$_CopyInterface@UIConnectionPoint@@@ATL@@VCComSingleThreadModel@6@@ATL@@@ATL@@UEAAPEAXI@Z 0000000180003a80 f i POSKeyboard.obj
 0001:00002a80       ??_G?$CComObject@V?$CComEnum@UIEnumConnectionPoints@@$1?_GUID_b196b285_bab4_101a_b69c_00aa00341d07@@3U__s_GUID@@BPEAUIConnectionPoint@@V?$_CopyInterface@UIConnectionPoint@@@ATL@@VCComSingleThreadModel@6@@ATL@@@ATL@@UEAAPEAXI@Z 0000000180003a80 f i POSKeyboard.obj
 0001:00002ad8       ?AddReplacement@CRegObject@ATL@@UEAAJPEB_W0@Z 0000000180003ad8 f i POSKeyboard.obj
 0001:00002b08       ?ClearReplacements@CRegObject@ATL@@UEAAJXZ 0000000180003b08 f i POSKeyboard.obj
 0001:00002b14       ??_ECRegObject@ATL@@UEAAPEAXI@Z 0000000180003b14 f i POSKeyboard.obj
 0001:00002b14       ??_GCRegObject@ATL@@UEAAPEAXI@Z 0000000180003b14 f i POSKeyboard.obj
 0001:00002b94       ?AddRef@?$CComAggObject@VCOPOSPOSKeyboard@@@ATL@@UEAAKXZ 0000000180003b94 f i POSKeyboard.obj
 0001:00002ba0       ?Release@?$CComAggObject@VCOPOSPOSKeyboard@@@ATL@@UEAAKXZ 0000000180003ba0 f i POSKeyboard.obj
 0001:00002bf4       ?QueryInterface@?$CComAggObject@VCOPOSPOSKeyboard@@@ATL@@UEAAJAEBU_GUID@@PEAPEAX@Z 0000000180003bf4 f i POSKeyboard.obj
 0001:00002c54       ?AddRef@?$CComContainedObject@VCOPOSPOSKeyboard@@@ATL@@UEAAKXZ 0000000180003c54 f i POSKeyboard.obj
 0001:00002c64       ?Release@?$CComContainedObject@VCOPOSPOSKeyboard@@@ATL@@UEAAKXZ 0000000180003c64 f i POSKeyboard.obj
 0001:00002c74       ?QueryInterface@?$CComContainedObject@VCOPOSPOSKeyboard@@@ATL@@UEAAJAEBU_GUID@@PEAPEAX@Z 0000000180003c74 f i POSKeyboard.obj
 0001:00002c84       ??_G?$CComAggObject@VCOPOSPOSKeyboard@@@ATL@@UEAAPEAXI@Z 0000000180003c84 f i POSKeyboard.obj
 0001:00002c84       ??_E?$CComAggObject@VCOPOSPOSKeyboard@@@ATL@@UEAAPEAXI@Z 0000000180003c84 f i POSKeyboard.obj
 0001:00002cdc       ?AddRef@?$CComObject@VCOPOSPOSKeyboard@@@ATL@@UEAAKXZ 0000000180003cdc f i POSKeyboard.obj
 0001:00002cec       ?Release@?$CComObject@VCOPOSPOSKeyboard@@@ATL@@UEAAKXZ 0000000180003cec f i POSKeyboard.obj
 0001:00002d44       ?QueryInterface@?$CComObject@VCOPOSPOSKeyboard@@@ATL@@UEAAJAEBU_GUID@@PEAPEAX@Z 0000000180003d44 f i POSKeyboard.obj
 0001:00002d58       ?OnDrawAdvanced@CComControlBase@ATL@@UEAAJAEAUATL_DRAWINFO@@@Z 0000000180003d58 f i POSKeyboard.obj
 0001:00002ee4       ?Next@?$CComEnumImpl@UIEnumConnections@@$1?_GUID_b196b287_bab4_101a_b69c_00aa00341d07@@3U__s_GUID@@BUtagCONNECTDATA@@V?$_Copy@UtagCONNECTDATA@@@ATL@@@ATL@@UEAAJKPEAUtagCONNECTDATA@@PEAK@Z 0000000180003ee4 f i POSKeyboard.obj
 0001:00002fb8       ?Skip@?$CComEnumImpl@UIEnumConnections@@$1?_GUID_b196b287_bab4_101a_b69c_00aa00341d07@@3U__s_GUID@@BUtagCONNECTDATA@@V?$_Copy@UtagCONNECTDATA@@@ATL@@@ATL@@UEAAJK@Z 0000000180003fb8 f i POSKeyboard.obj
 0001:00002fe4       ?Clone@?$CComEnumImpl@UIEnumConnections@@$1?_GUID_b196b287_bab4_101a_b69c_00aa00341d07@@3U__s_GUID@@BUtagCONNECTDATA@@V?$_Copy@UtagCONNECTDATA@@@ATL@@@ATL@@UEAAJPEAPEAUIEnumConnections@@@Z 0000000180003fe4 f i POSKeyboard.obj
 0001:00003110       ?QueryInterface@?$CComObject@V?$CComEnum@UIEnumConnections@@$1?_GUID_b196b287_bab4_101a_b69c_00aa00341d07@@3U__s_GUID@@BUtagCONNECTDATA@@V?$_Copy@UtagCONNECTDATA@@@ATL@@VCComSingleThreadModel@6@@ATL@@@ATL@@UEAAJAEBU_GUID@@PEAPEAX@Z 0000000180004110 f i POSKeyboard.obj
 0001:00003124       ??_G?$CComObject@V?$CComEnum@UIEnumConnections@@$1?_GUID_b196b287_bab4_101a_b69c_00aa00341d07@@3U__s_GUID@@BUtagCONNECTDATA@@V?$_Copy@UtagCONNECTDATA@@@ATL@@VCComSingleThreadModel@6@@ATL@@@ATL@@UEAAPEAXI@Z 0000000180004124 f i POSKeyboard.obj
 0001:00003124       ??_E?$CComObject@V?$CComEnum@UIEnumConnections@@$1?_GUID_b196b287_bab4_101a_b69c_00aa00341d07@@3U__s_GUID@@BUtagCONNECTDATA@@V?$_Copy@UtagCONNECTDATA@@@ATL@@VCComSingleThreadModel@6@@ATL@@@ATL@@UEAAPEAXI@Z 0000000180004124 f i POSKeyboard.obj
 0001:0000317c       ??_E?$CComObject@VCOPOSPOSKeyboard@@@ATL@@W7EAAPEAXI@Z 000000018000417c f i POSKeyboard.obj
 0001:00003188       ??_E?$CComObject@VCOPOSPOSKeyboard@@@ATL@@WHA@EAAPEAXI@Z 0000000180004188 f i POSKeyboard.obj
 0001:00003194       ?QueryInterface@?$CComObject@VCOPOSPOSKeyboard@@@ATL@@WLI@EAAJAEBU_GUID@@PEAPEAX@Z 0000000180004194 f i POSKeyboard.obj
 0001:000031a0       ?AddRef@?$CComObject@VCOPOSPOSKeyboard@@@ATL@@WLI@EAAKXZ 00000001800041a0 f i POSKeyboard.obj
 0001:000031ac       ?Release@?$CComObject@VCOPOSPOSKeyboard@@@ATL@@WLI@EAAKXZ 00000001800041ac f i POSKeyboard.obj
 0001:000031b8       ?QueryInterface@?$CComObject@VCOPOSPOSKeyboard@@@ATL@@WMA@EAAJAEBU_GUID@@PEAPEAX@Z 00000001800041b8 f i POSKeyboard.obj
 0001:000031c4       ?AddRef@?$CComObject@VCOPOSPOSKeyboard@@@ATL@@WMA@EAAKXZ 00000001800041c4 f i POSKeyboard.obj
 0001:000031d0       ?Release@?$CComObject@VCOPOSPOSKeyboard@@@ATL@@WMA@EAAKXZ 00000001800041d0 f i POSKeyboard.obj
 0001:000031dc       ?QueryInterface@?$CComObject@VCOPOSPOSKeyboard@@@ATL@@WMI@EAAJAEBU_GUID@@PEAPEAX@Z 00000001800041dc f i POSKeyboard.obj
 0001:000031e8       ?AddRef@?$CComObject@VCOPOSPOSKeyboard@@@ATL@@WMI@EAAKXZ 00000001800041e8 f i POSKeyboard.obj
 0001:000031f4       ?Release@?$CComObject@VCOPOSPOSKeyboard@@@ATL@@WMI@EAAKXZ 00000001800041f4 f i POSKeyboard.obj
 0001:00003200       ?QueryInterface@?$CComObject@VCOPOSPOSKeyboard@@@ATL@@WNA@EAAJAEBU_GUID@@PEAPEAX@Z 0000000180004200 f i POSKeyboard.obj
 0001:0000320c       ?AddRef@?$CComObject@VCOPOSPOSKeyboard@@@ATL@@WNA@EAAKXZ 000000018000420c f i POSKeyboard.obj
 0001:00003218       ?Release@?$CComObject@VCOPOSPOSKeyboard@@@ATL@@WNA@EAAKXZ 0000000180004218 f i POSKeyboard.obj
 0001:00003224       ?QueryInterface@?$CComObject@VCOPOSPOSKeyboard@@@ATL@@WNI@EAAJAEBU_GUID@@PEAPEAX@Z 0000000180004224 f i POSKeyboard.obj
 0001:00003230       ?AddRef@?$CComObject@VCOPOSPOSKeyboard@@@ATL@@WNI@EAAKXZ 0000000180004230 f i POSKeyboard.obj
 0001:0000323c       ?Release@?$CComObject@VCOPOSPOSKeyboard@@@ATL@@WNI@EAAKXZ 000000018000423c f i POSKeyboard.obj
 0001:00003248       ?QueryInterface@?$CComObject@VCOPOSPOSKeyboard@@@ATL@@WOA@EAAJAEBU_GUID@@PEAPEAX@Z 0000000180004248 f i POSKeyboard.obj
 0001:00003254       ?AddRef@?$CComObject@VCOPOSPOSKeyboard@@@ATL@@WOA@EAAKXZ 0000000180004254 f i POSKeyboard.obj
 0001:00003260       ?Release@?$CComObject@VCOPOSPOSKeyboard@@@ATL@@WOA@EAAKXZ 0000000180004260 f i POSKeyboard.obj
 0001:0000326c       ?QueryInterface@?$CComObject@VCOPOSPOSKeyboard@@@ATL@@WOI@EAAJAEBU_GUID@@PEAPEAX@Z 000000018000426c f i POSKeyboard.obj
 0001:00003278       ?AddRef@?$CComObject@VCOPOSPOSKeyboard@@@ATL@@WOI@EAAKXZ 0000000180004278 f i POSKeyboard.obj
 0001:00003284       ?Release@?$CComObject@VCOPOSPOSKeyboard@@@ATL@@WOI@EAAKXZ 0000000180004284 f i POSKeyboard.obj
 0001:00003290       ?QueryInterface@?$CComObject@VCOPOSPOSKeyboard@@@ATL@@WPA@EAAJAEBU_GUID@@PEAPEAX@Z 0000000180004290 f i POSKeyboard.obj
 0001:0000329c       ?AddRef@?$CComObject@VCOPOSPOSKeyboard@@@ATL@@WPA@EAAKXZ 000000018000429c f i POSKeyboard.obj
 0001:000032a8       ?Release@?$CComObject@VCOPOSPOSKeyboard@@@ATL@@WPA@EAAKXZ 00000001800042a8 f i POSKeyboard.obj
 0001:000032b4       ?QueryInterface@?$CComObject@VCOPOSPOSKeyboard@@@ATL@@WPI@EAAJAEBU_GUID@@PEAPEAX@Z 00000001800042b4 f i POSKeyboard.obj
 0001:000032c0       ?AddRef@?$CComObject@VCOPOSPOSKeyboard@@@ATL@@WPI@EAAKXZ 00000001800042c0 f i POSKeyboard.obj
 0001:000032cc       ?Release@?$CComObject@VCOPOSPOSKeyboard@@@ATL@@WPI@EAAKXZ 00000001800042cc f i POSKeyboard.obj
 0001:000032d8       ?QueryInterface@?$CComObject@VCOPOSPOSKeyboard@@@ATL@@WBAA@EAAJAEBU_GUID@@PEAPEAX@Z 00000001800042d8 f i POSKeyboard.obj
 0001:000032e4       ?AddRef@?$CComObject@VCOPOSPOSKeyboard@@@ATL@@WBAA@EAAKXZ 00000001800042e4 f i POSKeyboard.obj
 0001:000032f0       ?Release@?$CComObject@VCOPOSPOSKeyboard@@@ATL@@WBAA@EAAKXZ 00000001800042f0 f i POSKeyboard.obj
 0001:000032fc       ?QueryInterface@?$CComObject@VCOPOSPOSKeyboard@@@ATL@@WBAI@EAAJAEBU_GUID@@PEAPEAX@Z 00000001800042fc f i POSKeyboard.obj
 0001:00003308       ?AddRef@?$CComObject@VCOPOSPOSKeyboard@@@ATL@@WBAI@EAAKXZ 0000000180004308 f i POSKeyboard.obj
 0001:00003314       ?Release@?$CComObject@VCOPOSPOSKeyboard@@@ATL@@WBAI@EAAKXZ 0000000180004314 f i POSKeyboard.obj
 0001:00003320       ?QueryInterface@?$CComObject@VCOPOSPOSKeyboard@@@ATL@@WBBA@EAAJAEBU_GUID@@PEAPEAX@Z 0000000180004320 f i POSKeyboard.obj
 0001:0000332c       ?AddRef@?$CComObject@VCOPOSPOSKeyboard@@@ATL@@WBBA@EAAKXZ 000000018000432c f i POSKeyboard.obj
 0001:00003338       ?Release@?$CComObject@VCOPOSPOSKeyboard@@@ATL@@WBBA@EAAKXZ 0000000180004338 f i POSKeyboard.obj
 0001:00003344       ?QueryInterface@?$CComObject@VCOPOSPOSKeyboard@@@ATL@@WBBI@EAAJAEBU_GUID@@PEAPEAX@Z 0000000180004344 f i POSKeyboard.obj
 0001:00003350       ?AddRef@?$CComObject@VCOPOSPOSKeyboard@@@ATL@@WBBI@EAAKXZ 0000000180004350 f i POSKeyboard.obj
 0001:0000335c       ?Release@?$CComObject@VCOPOSPOSKeyboard@@@ATL@@WBBI@EAAKXZ 000000018000435c f i POSKeyboard.obj
 0001:00003368       ?AddRef@?$CComObject@VCOPOSPOSKeyboard@@@ATL@@WBCI@EAAKXZ 0000000180004368 f i POSKeyboard.obj
 0001:00003374       ?Release@?$CComObject@VCOPOSPOSKeyboard@@@ATL@@WBCI@EAAKXZ 0000000180004374 f i POSKeyboard.obj
 0001:00003380       ?AddRef@?$CComObject@VCOPOSPOSKeyboard@@@ATL@@WBEA@EAAKXZ 0000000180004380 f i POSKeyboard.obj
 0001:0000338c       ?Release@?$CComObject@VCOPOSPOSKeyboard@@@ATL@@WBEA@EAAKXZ 000000018000438c f i POSKeyboard.obj
 0001:00003398       ??_E?$CComContainedObject@VCOPOSPOSKeyboard@@@ATL@@W7EAAPEAXI@Z 0000000180004398 f i POSKeyboard.obj
 0001:000033a4       ??_E?$CComContainedObject@VCOPOSPOSKeyboard@@@ATL@@WHA@EAAPEAXI@Z 00000001800043a4 f i POSKeyboard.obj
 0001:000033b0       ?QueryInterface@?$CComContainedObject@VCOPOSPOSKeyboard@@@ATL@@WLI@EAAJAEBU_GUID@@PEAPEAX@Z 00000001800043b0 f i POSKeyboard.obj
 0001:000033bc       ?AddRef@?$CComContainedObject@VCOPOSPOSKeyboard@@@ATL@@WLI@EAAKXZ 00000001800043bc f i POSKeyboard.obj
 0001:000033c8       ?Release@?$CComContainedObject@VCOPOSPOSKeyboard@@@ATL@@WLI@EAAKXZ 00000001800043c8 f i POSKeyboard.obj
 0001:000033d4       ?QueryInterface@?$CComContainedObject@VCOPOSPOSKeyboard@@@ATL@@WMA@EAAJAEBU_GUID@@PEAPEAX@Z 00000001800043d4 f i POSKeyboard.obj
 0001:000033e0       ?AddRef@?$CComContainedObject@VCOPOSPOSKeyboard@@@ATL@@WMA@EAAKXZ 00000001800043e0 f i POSKeyboard.obj
 0001:000033ec       ?Release@?$CComContainedObject@VCOPOSPOSKeyboard@@@ATL@@WMA@EAAKXZ 00000001800043ec f i POSKeyboard.obj
 0001:000033f8       ?QueryInterface@?$CComContainedObject@VCOPOSPOSKeyboard@@@ATL@@WMI@EAAJAEBU_GUID@@PEAPEAX@Z 00000001800043f8 f i POSKeyboard.obj
 0001:00003404       ?AddRef@?$CComContainedObject@VCOPOSPOSKeyboard@@@ATL@@WMI@EAAKXZ 0000000180004404 f i POSKeyboard.obj
 0001:00003410       ?Release@?$CComContainedObject@VCOPOSPOSKeyboard@@@ATL@@WMI@EAAKXZ 0000000180004410 f i POSKeyboard.obj
 0001:0000341c       ?QueryInterface@?$CComContainedObject@VCOPOSPOSKeyboard@@@ATL@@WNA@EAAJAEBU_GUID@@PEAPEAX@Z 000000018000441c f i POSKeyboard.obj
 0001:00003428       ?AddRef@?$CComContainedObject@VCOPOSPOSKeyboard@@@ATL@@WNA@EAAKXZ 0000000180004428 f i POSKeyboard.obj
 0001:00003434       ?Release@?$CComContainedObject@VCOPOSPOSKeyboard@@@ATL@@WNA@EAAKXZ 0000000180004434 f i POSKeyboard.obj
 0001:00003440       ?QueryInterface@?$CComContainedObject@VCOPOSPOSKeyboard@@@ATL@@WNI@EAAJAEBU_GUID@@PEAPEAX@Z 0000000180004440 f i POSKeyboard.obj
 0001:0000344c       ?AddRef@?$CComContainedObject@VCOPOSPOSKeyboard@@@ATL@@WNI@EAAKXZ 000000018000444c f i POSKeyboard.obj
 0001:00003458       ?Release@?$CComContainedObject@VCOPOSPOSKeyboard@@@ATL@@WNI@EAAKXZ 0000000180004458 f i POSKeyboard.obj
 0001:00003464       ?QueryInterface@?$CComContainedObject@VCOPOSPOSKeyboard@@@ATL@@WOA@EAAJAEBU_GUID@@PEAPEAX@Z 0000000180004464 f i POSKeyboard.obj
 0001:00003470       ?AddRef@?$CComContainedObject@VCOPOSPOSKeyboard@@@ATL@@WOA@EAAKXZ 0000000180004470 f i POSKeyboard.obj
 0001:0000347c       ?Release@?$CComContainedObject@VCOPOSPOSKeyboard@@@ATL@@WOA@EAAKXZ 000000018000447c f i POSKeyboard.obj
 0001:00003488       ?QueryInterface@?$CComContainedObject@VCOPOSPOSKeyboard@@@ATL@@WOI@EAAJAEBU_GUID@@PEAPEAX@Z 0000000180004488 f i POSKeyboard.obj
 0001:00003494       ?AddRef@?$CComContainedObject@VCOPOSPOSKeyboard@@@ATL@@WOI@EAAKXZ 0000000180004494 f i POSKeyboard.obj
 0001:000034a0       ?Release@?$CComContainedObject@VCOPOSPOSKeyboard@@@ATL@@WOI@EAAKXZ 00000001800044a0 f i POSKeyboard.obj
 0001:000034ac       ?QueryInterface@?$CComContainedObject@VCOPOSPOSKeyboard@@@ATL@@WPA@EAAJAEBU_GUID@@PEAPEAX@Z 00000001800044ac f i POSKeyboard.obj
 0001:000034b8       ?AddRef@?$CComContainedObject@VCOPOSPOSKeyboard@@@ATL@@WPA@EAAKXZ 00000001800044b8 f i POSKeyboard.obj
 0001:000034c4       ?Release@?$CComContainedObject@VCOPOSPOSKeyboard@@@ATL@@WPA@EAAKXZ 00000001800044c4 f i POSKeyboard.obj
 0001:000034d0       ?QueryInterface@?$CComContainedObject@VCOPOSPOSKeyboard@@@ATL@@WPI@EAAJAEBU_GUID@@PEAPEAX@Z 00000001800044d0 f i POSKeyboard.obj
 0001:000034dc       ?AddRef@?$CComContainedObject@VCOPOSPOSKeyboard@@@ATL@@WPI@EAAKXZ 00000001800044dc f i POSKeyboard.obj
 0001:000034e8       ?Release@?$CComContainedObject@VCOPOSPOSKeyboard@@@ATL@@WPI@EAAKXZ 00000001800044e8 f i POSKeyboard.obj
 0001:000034f4       ?QueryInterface@?$CComContainedObject@VCOPOSPOSKeyboard@@@ATL@@WBAA@EAAJAEBU_GUID@@PEAPEAX@Z 00000001800044f4 f i POSKeyboard.obj
 0001:00003500       ?AddRef@?$CComContainedObject@VCOPOSPOSKeyboard@@@ATL@@WBAA@EAAKXZ 0000000180004500 f i POSKeyboard.obj
 0001:0000350c       ?Release@?$CComContainedObject@VCOPOSPOSKeyboard@@@ATL@@WBAA@EAAKXZ 000000018000450c f i POSKeyboard.obj
 0001:00003518       ?QueryInterface@?$CComContainedObject@VCOPOSPOSKeyboard@@@ATL@@WBAI@EAAJAEBU_GUID@@PEAPEAX@Z 0000000180004518 f i POSKeyboard.obj
 0001:00003524       ?AddRef@?$CComContainedObject@VCOPOSPOSKeyboard@@@ATL@@WBAI@EAAKXZ 0000000180004524 f i POSKeyboard.obj
 0001:00003530       ?Release@?$CComContainedObject@VCOPOSPOSKeyboard@@@ATL@@WBAI@EAAKXZ 0000000180004530 f i POSKeyboard.obj
 0001:0000353c       ?QueryInterface@?$CComContainedObject@VCOPOSPOSKeyboard@@@ATL@@WBBA@EAAJAEBU_GUID@@PEAPEAX@Z 000000018000453c f i POSKeyboard.obj
 0001:00003548       ?AddRef@?$CComContainedObject@VCOPOSPOSKeyboard@@@ATL@@WBBA@EAAKXZ 0000000180004548 f i POSKeyboard.obj
 0001:00003554       ?Release@?$CComContainedObject@VCOPOSPOSKeyboard@@@ATL@@WBBA@EAAKXZ 0000000180004554 f i POSKeyboard.obj
 0001:00003560       ?QueryInterface@?$CComContainedObject@VCOPOSPOSKeyboard@@@ATL@@WBBI@EAAJAEBU_GUID@@PEAPEAX@Z 0000000180004560 f i POSKeyboard.obj
 0001:0000356c       ?AddRef@?$CComContainedObject@VCOPOSPOSKeyboard@@@ATL@@WBBI@EAAKXZ 000000018000456c f i POSKeyboard.obj
 0001:00003578       ?Release@?$CComContainedObject@VCOPOSPOSKeyboard@@@ATL@@WBBI@EAAKXZ 0000000180004578 f i POSKeyboard.obj
 0001:00003584       ?AddRef@?$CComContainedObject@VCOPOSPOSKeyboard@@@ATL@@WBCI@EAAKXZ 0000000180004584 f i POSKeyboard.obj
 0001:00003590       ?Release@?$CComContainedObject@VCOPOSPOSKeyboard@@@ATL@@WBCI@EAAKXZ 0000000180004590 f i POSKeyboard.obj
 0001:0000359c       ?AddRef@?$CComContainedObject@VCOPOSPOSKeyboard@@@ATL@@WBEA@EAAKXZ 000000018000459c f i POSKeyboard.obj
 0001:000035a8       ?Release@?$CComContainedObject@VCOPOSPOSKeyboard@@@ATL@@WBEA@EAAKXZ 00000001800045a8 f i POSKeyboard.obj
 0001:000035b4       ?CreateInstance@CComClassFactory@ATL@@UEAAJPEAUIUnknown@@AEBU_GUID@@PEAPEAX@Z 00000001800045b4 f i POSKeyboard.obj
 0001:00003614       ?LockServer@CComClassFactory@ATL@@UEAAJH@Z 0000000180004614 f i POSKeyboard.obj
 0001:00003638       ??_GCComClassFactory@ATL@@UEAAPEAXI@Z 0000000180004638 f i POSKeyboard.obj
 0001:00003638       ??_ECComClassFactory@ATL@@UEAAPEAXI@Z 0000000180004638 f i POSKeyboard.obj
 0001:00003688       ??$AtlModuleRegisterWndClassInfoT@VAtlModuleRegisterWndClassInfoParamW@ATL@@@ATL@@YAGPEAU_ATL_BASE_MODULE70@0@PEAU_ATL_WIN_MODULE70@0@PEAU_ATL_WNDCLASSINFOW@0@PEAP6A_JPEAUHWND__@@I_K_J@ZVAtlModuleRegisterWndClassInfoParamW@0@@Z 0000000180004688 f i POSKeyboard.obj
 0001:00003888       ??0?$CComContainedObject@VCOPOSPOSKeyboard@@@ATL@@QEAA@PEAX@Z 0000000180004888 f i POSKeyboard.obj
 0001:000039a4       ??0?$CComObject@VCOPOSPOSKeyboard@@@ATL@@QEAA@PEAX@Z 00000001800049a4 f i POSKeyboard.obj
 0001:00003abc       ??0CAtlModule@ATL@@QEAA@XZ 0000000180004abc f i POSKeyboard.obj
 0001:00003b30       ??1?$CComEnumImpl@UIEnumConnectionPoints@@$1?_GUID_b196b285_bab4_101a_b69c_00aa00341d07@@3U__s_GUID@@BPEAUIConnectionPoint@@V?$_CopyInterface@UIConnectionPoint@@@ATL@@@ATL@@UEAA@XZ 0000000180004b30 f i POSKeyboard.obj
 0001:00003b8c       ??1?$CComEnumImpl@UIEnumConnections@@$1?_GUID_b196b287_bab4_101a_b69c_00aa00341d07@@3U__s_GUID@@BUtagCONNECTDATA@@V?$_Copy@UtagCONNECTDATA@@@ATL@@@ATL@@UEAA@XZ 0000000180004b8c f i POSKeyboard.obj
 0001:00003be8       ??1?$CComObject@VCOPOSPOSKeyboard@@@ATL@@UEAA@XZ 0000000180004be8 f i POSKeyboard.obj
 0001:00003d08       ??_G?$CComContainedObject@VCOPOSPOSKeyboard@@@ATL@@UEAAPEAXI@Z 0000000180004d08 f i POSKeyboard.obj
 0001:00003d08       ??_E?$CComContainedObject@VCOPOSPOSKeyboard@@@ATL@@UEAAPEAXI@Z 0000000180004d08 f i POSKeyboard.obj
 0001:00003d3c       ??_G?$CComObject@VCOPOSPOSKeyboard@@@ATL@@UEAAPEAXI@Z 0000000180004d3c f i POSKeyboard.obj
 0001:00003d3c       ??_E?$CComObject@VCOPOSPOSKeyboard@@@ATL@@UEAAPEAXI@Z 0000000180004d3c f i POSKeyboard.obj
 0001:00003d70       ?Add@?$CSimpleArray@GV?$CSimpleArrayEqualHelper@G@ATL@@@ATL@@QEAAHAEBG@Z 0000000180004d70 f i POSKeyboard.obj
 0001:00003e24       ?Add@?$CSimpleMap@PEA_WPEA_WVCExpansionVectorEqualHelper@ATL@@@ATL@@QEAAHAEBQEA_W0@Z 0000000180004e24 f i POSKeyboard.obj
 0001:00003ec4       ?Add@CComDynamicUnkArray@ATL@@QEAAKPEAUIUnknown@@@Z 0000000180004ec4 f i POSKeyboard.obj
 0001:00003fb0       ?Add@CExpansionVector@ATL@@QEAAHPEB_W0@Z 0000000180004fb0 f i POSKeyboard.obj
 0001:000040e4       ?AddTermFunc@CAtlModule@ATL@@QEAAJP6AX_K@Z0@Z 00000001800050e4 f i POSKeyboard.obj
 0001:00004180       ?AddValue@CRegParser@ATL@@IEAAJAEAVCRegKey@2@PEB_WPEA_W@Z 0000000180005180 f i POSKeyboard.obj
 0001:000045c8       ?AllocateHeap@?$CTempBuffer@_W$0EAA@VCCRTAllocator@ATL@@@ATL@@AEAAX_K@Z 00000001800055c8 f i POSKeyboard.obj
 0001:000045c8       ?AllocateHeap@?$CTempBuffer@_W$0BAA@VCCRTAllocator@ATL@@@ATL@@AEAAX_K@Z 00000001800055c8 f i POSKeyboard.obj
 0001:000045c8       ?AllocateHeap@?$CTempBuffer@E$0BAA@VCCRTAllocator@ATL@@@ATL@@AEAAX_K@Z 00000001800055c8 f i POSKeyboard.obj
 0001:000045f4       ?Append@CParseBuffer@CRegParser@ATL@@QEAAHPEB_WH@Z 00000001800055f4 f i POSKeyboard.obj
 0001:0000473c       ?AtlComModuleGetClassObject@ATL@@YAJPEAU_ATL_COM_MODULE70@1@AEBU_GUID@@1PEAPEAX@Z 000000018000573c f i POSKeyboard.obj
 0001:0000487c       ?AtlComModuleRegisterServer@ATL@@YAJPEAU_ATL_COM_MODULE70@1@HPEBU_GUID@@@Z 000000018000587c f i POSKeyboard.obj
 0001:0000493c       ?AtlComModuleUnregisterServer@ATL@@YAJPEAU_ATL_COM_MODULE70@1@HPEBU_GUID@@@Z 000000018000593c f i POSKeyboard.obj
 0001:000049f8       ?AtlHiMetricToPixel@ATL@@YAXPEBUtagSIZE@@PEAU2@@Z 00000001800059f8 f i POSKeyboard.obj
 0001:00004aa8       ?AtlHresultFromLastError@ATL@@YAJXZ 0000000180005aa8 f i POSKeyboard.obj
 0001:00004ac8       ?AtlHresultFromWin32@ATL@@YAJK@Z 0000000180005ac8 f i POSKeyboard.obj
 0001:00004ad8       ?AtlInternalOleLoadFromStream@ATL@@YAJPEAUIStream@@AEBU_GUID@@PEAPEAXTClassesAllowedInStream@1@K@Z 0000000180005ad8 f i POSKeyboard.obj
 0001:00004c1c       ?AtlInternalQueryInterface@ATL@@YAJPEAXPEBU_ATL_INTMAP_ENTRY@1@AEBU_GUID@@PEAPEAX@Z 0000000180005c1c f i POSKeyboard.obj
 0001:00004d24       ?AtlLoadTypeLib@ATL@@YAJPEAUHINSTANCE__@@PEB_WPEAPEA_WPEAPEAUITypeLib@@@Z 0000000180005d24 f i POSKeyboard.obj
 0001:00004f80       ?AtlRegisterClassCategoriesHelper@ATL@@YAJAEBU_GUID@@PEBU_ATL_CATMAP_ENTRY@1@H@Z 0000000180005f80 f i POSKeyboard.obj
 0001:00005404       ?AtlRegisterTypeLib@ATL@@YAJPEAUHINSTANCE__@@PEB_W@Z 0000000180006404 f i POSKeyboard.obj
 0001:00005600       ?AtlThrowImpl@ATL@@YAXJ@Z  0000000180006600 f i POSKeyboard.obj
 0001:00005624       ?AtlUnRegisterTypeLib@ATL@@YAJPEAUHINSTANCE__@@PEB_W@Z 0000000180006624 f i POSKeyboard.obj
 0001:000056ec       ?AtlWinModuleExtractCreateWndData@ATL@@YAPEAXPEAU_ATL_WIN_MODULE70@1@@Z 00000001800066ec f i POSKeyboard.obj
 0001:00005778       ?Cleanup@CComTypeInfoHolder@ATL@@SAX_K@Z 0000000180006778 f i POSKeyboard.obj
 0001:000057b8       ?ClearReplacements@CExpansionVector@ATL@@QEAAJXZ 00000001800067b8 f i POSKeyboard.obj
 0001:00005854       ?CreateInstance@?$CComCreator@V?$CComAggObject@VCOPOSPOSKeyboard@@@ATL@@@ATL@@SAJPEAXAEBU_GUID@@PEAPEAX@Z 0000000180006854 f i POSKeyboard.obj
 0001:00005938       ?CreateInstance@?$CComCreator@V?$CComObject@VCOPOSPOSKeyboard@@@ATL@@@ATL@@SAJPEAXAEBU_GUID@@PEAPEAX@Z 0000000180006938 f i POSKeyboard.obj
 0001:000059ec       ?CreateInstance@?$CComObject@V?$CComEnum@UIEnumConnectionPoints@@$1?_GUID_b196b285_bab4_101a_b69c_00aa00341d07@@3U__s_GUID@@BPEAUIConnectionPoint@@V?$_CopyInterface@UIConnectionPoint@@@ATL@@VCComSingleThreadModel@6@@ATL@@@ATL@@SAJPEAPEAV12@@Z 00000001800069ec f i POSKeyboard.obj
 0001:00005a7c       ?CreateInstance@?$CComObject@V?$CComEnum@UIEnumConnections@@$1?_GUID_b196b287_bab4_101a_b69c_00aa00341d07@@3U__s_GUID@@BUtagCONNECTDATA@@V?$_Copy@UtagCONNECTDATA@@@ATL@@VCComSingleThreadModel@6@@ATL@@@ATL@@SAJPEAPEAV12@@Z 0000000180006a7c f i POSKeyboard.obj
 0001:00005b0c       ?DefaultReflectionHandler@?$CWindowImplRoot@VCWindow@ATL@@@ATL@@SAHPEAUHWND__@@I_K_JAEA_J@Z 0000000180006b0c f i POSKeyboard.obj
 0001:00005b70       ?DeleteSubKey@CRegKey@ATL@@QEAAJPEB_W@Z 0000000180006b70 f i POSKeyboard.obj
 0001:00005c08       ?DoEvent@COPOSPOSKeyboard@@IEAAXI_K_J@Z 0000000180006c08 f i POSKeyboard.obj
 0001:00005cbc       ?DoVerbPrimary@?$IOleObjectImpl@VCOPOSPOSKeyboard@@@ATL@@QEAAJPEBUtagRECT@@PEAUHWND__@@@Z 0000000180006cbc f i POSKeyboard.obj
 0001:00005de8       ?DoVerbProperties@CComControlBase@ATL@@QEAAJPEBUtagRECT@@PEAUHWND__@@@Z 0000000180006de8 f i POSKeyboard.obj
 0001:00006010       ?FireTheEvent@?$CProxy_IOPOSEvents@VCOPOSPOSKeyboard@@@@IEAAXPEAVOposVariant@@IAEAJPEB_WJ@Z 0000000180007010 f i POSKeyboard.obj
 0001:000060fc       ?FireViewChange@CComControlBase@ATL@@QEAAJXZ 00000001800070fc f i POSKeyboard.obj
 0001:00006160       ?Fire_DataEvent@?$CProxy_IOPOSEvents@VCOPOSPOSKeyboard@@@@QEAAXJ@Z 0000000180007160 f i POSKeyboard.obj
 0001:0000624c       ?Fire_DirectIOEvent@?$CProxy_IOPOSEvents@VCOPOSPOSKeyboard@@@@QEAAXJPEAJPEAPEA_W@Z 000000018000724c f i POSKeyboard.obj
 0001:000063ac       ?Fire_ErrorEvent@?$CProxy_IOPOSEvents@VCOPOSPOSKeyboard@@@@QEAAXJJJPEAJ@Z 00000001800073ac f i POSKeyboard.obj
 0001:00006520       ?Fire_StatusUpdateEvent@?$CProxy_IOPOSEvents@VCOPOSPOSKeyboard@@@@QEAAXJ@Z 0000000180007520 f i POSKeyboard.obj
 0001:0000660c       ?FreeHeap@?$CTempBuffer@_W$0BAA@VCCRTAllocator@ATL@@@ATL@@AEAAXXZ 000000018000760c f i POSKeyboard.obj
 0001:0000660c       ?FreeHeap@?$CTempBuffer@_W$0EAA@VCCRTAllocator@ATL@@@ATL@@AEAAXXZ 000000018000760c f i POSKeyboard.obj
 0001:0000660c       ?FreeHeap@?$CTempBuffer@E$0BAA@VCCRTAllocator@ATL@@@ATL@@AEAAXXZ 000000018000760c f i POSKeyboard.obj
 0001:00006614       ?GetAmbientLocaleID@CComControlBase@ATL@@QEAAJAEAK@Z 0000000180007614 f i POSKeyboard.obj
 0001:000066d4       ?GetAmbientUserMode@CComControlBase@ATL@@QEAAJAEAH@Z 00000001800076d4 f i POSKeyboard.obj
 0001:000067a4       ?GetClassObject@CComModule@ATL@@QEAAJAEBU_GUID@@0PEAPEAX@Z 00000001800077a4 f i POSKeyboard.obj
 0001:00006898       ?GetConnMap@COPOSPOSKeyboard@@SAPEBU_ATL_CONNMAP_ENTRY@ATL@@PEAH@Z 0000000180007898 f i POSKeyboard.obj
 0001:00006920       ?GetIDsOfNames@CComTypeInfoHolder@ATL@@QEAAJAEBU_GUID@@PEAPEA_WIKPEAJ@Z 0000000180007920 f i POSKeyboard.obj
 0001:00006a98       ?GetPagesHelper@?$ISpecifyPropertyPagesImpl@VCOPOSPOSKeyboard@@@ATL@@IEAAJPEAUtagCAUUID@@PEBUATL_PROPMAP_ENTRY@2@@Z 0000000180007a98 f i POSKeyboard.obj
 0001:00006c38       ?GetSizeMax@CComVariant@ATL@@QEBAJPEAT_ULARGE_INTEGER@@@Z 0000000180007c38 f i POSKeyboard.obj
 0001:00006e68       ?GetTI@CComTypeInfoHolder@ATL@@QEAAJK@Z 0000000180007e68 f i POSKeyboard.obj
 0001:00007150       ?GetZoomInfo@CComControlBase@ATL@@QEAAXAEAUATL_DRAWINFO@@@Z 0000000180008150 f i POSKeyboard.obj
 0001:000071f4       ?HKeyFromString@CRegParser@ATL@@KAPEAUHKEY__@@PEA_W@Z 00000001800081f4 f i POSKeyboard.obj
 0001:00007258       ?IDataObject_GetData@CComControlBase@ATL@@QEAAJPEAUtagFORMATETC@@PEAUtagSTGMEDIUM@@@Z 0000000180008258 f i POSKeyboard.obj
 0001:0000744c       ?IOleInPlaceObject_InPlaceDeactivate@CComControlBase@ATL@@QEAAJXZ 000000018000844c f i POSKeyboard.obj
 0001:000074ec       ?IOleInPlaceObject_SetObjectRects@CComControlBase@ATL@@QEAAJPEBUtagRECT@@0@Z 00000001800084ec f i POSKeyboard.obj
 0001:000075dc       ?IOleInPlaceObject_UIDeactivate@CComControlBase@ATL@@QEAAJXZ 00000001800085dc f i POSKeyboard.obj
 0001:000076e8       ?IOleObject_Close@CComControlBase@ATL@@QEAAJK@Z 00000001800086e8 f i POSKeyboard.obj
 0001:00007800       ?IOleObject_SetClientSite@CComControlBase@ATL@@QEAAJPEAUIOleClientSite@@@Z 0000000180008800 f i POSKeyboard.obj
 0001:00007878       ?IOleObject_SetExtent@CComControlBase@ATL@@QEAAJKPEAUtagSIZE@@@Z 0000000180008878 f i POSKeyboard.obj
 0001:00007910       ?IPSI_GetIPersistStreamInit@?$IPersistStorageImpl@VCOPOSPOSKeyboard@@@ATL@@AEAAPEAUIPersistStreamInit@@XZ 0000000180008910 f i POSKeyboard.obj
 0001:000079f8       ?IPersistStreamInit_Load@?$IPersistStreamInitImpl@VCOPOSPOSKeyboard@@@ATL@@QEAAJPEAUIStream@@PEBUATL_PROPMAP_ENTRY@2@@Z 00000001800089f8 f i POSKeyboard.obj
 0001:00007d24       ?IPersistStreamInit_Save@?$IPersistStreamInitImpl@VCOPOSPOSKeyboard@@@ATL@@QEAAJPEAUIStream@@HPEBUATL_PROPMAP_ENTRY@2@@Z 0000000180008d24 f i POSKeyboard.obj
 0001:00007fc4       ?IQuickActivate_QuickActivate@CComControlBase@ATL@@QEAAJPEAUtagQACONTAINER@@PEAUtagQACONTROL@@@Z 0000000180008fc4 f i POSKeyboard.obj
 0001:00008288       ?IViewObject_Draw@CComControlBase@ATL@@QEAAJKJPEAXPEAUtagDVTARGETDEVICE@@PEAUHDC__@@2PEBU_RECTL@@3@Z 0000000180009288 f i POSKeyboard.obj
 0001:0000839c       ?InPlaceActivate@CComControlBase@ATL@@QEAAJJPEBUtagRECT@@@Z 000000018000939c f i POSKeyboard.obj
 0001:000086d0       ?Init@?$CComEnumImpl@UIEnumConnectionPoints@@$1?_GUID_b196b285_bab4_101a_b69c_00aa00341d07@@3U__s_GUID@@BPEAUIConnectionPoint@@V?$_CopyInterface@UIConnectionPoint@@@ATL@@@ATL@@QEAAJPEAPEAUIConnectionPoint@@0PEAUIUnknown@@W4CComEnumFlags@2@@Z 00000001800096d0 f i POSKeyboard.obj
 0001:000087f0       ?Init@?$CComEnumImpl@UIEnumConnections@@$1?_GUID_b196b287_bab4_101a_b69c_00aa00341d07@@3U__s_GUID@@BUtagCONNECTDATA@@V?$_Copy@UtagCONNECTDATA@@@ATL@@@ATL@@QEAAJPEAUtagCONNECTDATA@@0PEAUIUnknown@@W4CComEnumFlags@2@@Z 00000001800097f0 f i POSKeyboard.obj
 0001:00008914       ?IsEqualObject@?$CComPtrBase@UIOleClientSite@@@ATL@@QEAA_NPEAUIUnknown@@@Z 0000000180009914 f i POSKeyboard.obj
 0001:000089a0       ?LoadNameCache@CComTypeInfoHolder@ATL@@QEAAJPEAUITypeInfo@@@Z 00000001800099a0 f i POSKeyboard.obj
 0001:00008b20       ?Lookup@?$CSimpleMap@PEA_WPEA_WVCExpansionVectorEqualHelper@ATL@@@ATL@@QEBAPEA_WAEBQEA_W@Z 0000000180009b20 f i POSKeyboard.obj
 0001:00008ba8       ?NextToken@CRegParser@ATL@@IEAAJPEA_W@Z 0000000180009ba8 f i POSKeyboard.obj
 0001:00008d60       ?OnKillFocus@CComControlBase@ATL@@QEAA_JI_K_JAEAH@Z 0000000180009d60 f i POSKeyboard.obj
 0001:00008dfc       ?OnMouseActivate@CComControlBase@ATL@@QEAA_JI_K_JAEAH@Z 0000000180009dfc f i POSKeyboard.obj
 0001:00008e9c       ?OnPaint@CComControlBase@ATL@@QEAA_JI_K_JAEAH@Z 0000000180009e9c f i POSKeyboard.obj
 0001:00008f88       ?OnSetFocus@CComControlBase@ATL@@QEAA_JI_K_JAEAH@Z 0000000180009f88 f i POSKeyboard.obj
 0001:00009084       ?PreProcessBuffer@CRegParser@ATL@@QEAAJPEA_WPEAPEA_W@Z 000000018000a084 f i POSKeyboard.obj
 0001:00009410       ?ProcessWindowMessage@?$CComControl@VCOPOSPOSKeyboard@@V?$CWindowImpl@VCOPOSPOSKeyboard@@VCWindow@ATL@@V?$CWinTraits@$0FGAAAAAA@$0A@@3@@ATL@@@ATL@@UEAAHPEAUHWND__@@I_K_JAEA_JK@Z 000000018000a410 f i POSKeyboard.obj
 0001:000094f4       ?ReadFromStream@CComBSTR@ATL@@QEAAJPEAUIStream@@@Z 000000018000a4f4 f i POSKeyboard.obj
 0001:00009644       ?ReadFromStream@CComVariant@ATL@@QEAAJPEAUIStream@@GTClassesAllowedInStream@2@K@Z 000000018000a644 f i POSKeyboard.obj
 0001:00009868       ?RecurseDeleteKey@CRegKey@ATL@@QEAAJPEB_W@Z 000000018000a868 f i POSKeyboard.obj
 0001:000099c0       ?RegCreateKeyExW@CAtlTransactionManager@ATL@@QEAAJPEAUHKEY__@@PEB_WKPEA_WKKQEAU_SECURITY_ATTRIBUTES@@PEAPEAU3@PEAK@Z 000000018000a9c0 f i POSKeyboard.obj
 0001:00009af4       ?RegDeleteKeyW@CAtlTransactionManager@ATL@@QEAAJPEAUHKEY__@@PEB_W@Z 000000018000aaf4 f i POSKeyboard.obj
 0001:00009b80       ?RegOpenKeyExW@CAtlTransactionManager@ATL@@QEAAJPEAUHKEY__@@PEB_WKKPEAPEAU3@@Z 000000018000ab80 f i POSKeyboard.obj
 0001:00009c38       ?RegisterBuffer@CRegParser@ATL@@QEAAJPEA_WH@Z 000000018000ac38 f i POSKeyboard.obj
 0001:00009da0       ?RegisterFromResource@CRegObject@ATL@@IEAAJPEB_W00H@Z 000000018000ada0 f i POSKeyboard.obj
 0001:00009f5c       ?RegisterServer@CComModule@ATL@@QEAAJHPEBU_GUID@@@Z 000000018000af5c f i POSKeyboard.obj
 0001:0000a01c       ?RegisterSubkeys@CRegParser@ATL@@IEAAJPEA_WPEAUHKEY__@@HH@Z 000000018000b01c f i POSKeyboard.obj
 0001:0000a888       ?SendOnDataChange@CComControlBase@ATL@@QEAAJK@Z 000000018000b888 f i POSKeyboard.obj
 0001:0000a8f8       ?SetControlFocus@CComControlBase@ATL@@QEAAHH@Z 000000018000b8f8 f i POSKeyboard.obj
 0001:0000a9d4       ?SkipAssignment@CRegParser@ATL@@IEAAJPEA_W@Z 000000018000b9d4 f i POSKeyboard.obj
 0001:0000aa78       ?Term@CAtlModule@ATL@@QEAAXXZ 000000018000ba78 f i POSKeyboard.obj
 0001:0000aaf8       ?Term@CComModule@ATL@@QEAAXXZ 000000018000baf8 f i POSKeyboard.obj
 0001:0000ab74       ?UnregisterServer@CComModule@ATL@@QEAAJHPEBU_GUID@@@Z 000000018000bb74 f i POSKeyboard.obj
 0001:0000ac24       ?UpdateRegistryFromResource@CAtlModule@ATL@@QEAAJIHPEAU_ATL_REGMAP_ENTRY@2@@Z 000000018000bc24 f i POSKeyboard.obj
 0001:0000af30       ?UpdateRegistryFromResource@CAtlModule@ATL@@QEAAJPEB_WHPEAU_ATL_REGMAP_ENTRY@2@@Z 000000018000bf30 f i POSKeyboard.obj
 0001:0000b254       ?VTFromRegType@CRegParser@ATL@@KAHPEB_WAEAG@Z 000000018000c254 f i POSKeyboard.obj
 0001:0000b2f0       ?WindowProc@?$CWindowImplBaseT@VCWindow@ATL@@V?$CWinTraits@$0FGAAAAAA@$0A@@2@@ATL@@SA_JPEAUHWND__@@I_K_J@Z 000000018000c2f0 f i POSKeyboard.obj
 0001:0000b45c       ?WriteToStream@CComVariant@ATL@@QEAAJPEAUIStream@@@Z 000000018000c45c f i POSKeyboard.obj
 0001:0000b6d8       ?WriteToStream@CComVariant@ATL@@QEAAJPEAUIStream@@G@Z 000000018000c6d8 f i POSKeyboard.obj
 0001:0000b770       ?_AtlVerifyStackAvailable@_ATL_SAFE_ALLOCA_IMPL@ATL@@YA_N_K@Z 000000018000c770 f i POSKeyboard.obj
 0001:0000b7f4       ?atlCreate@?$CWindowImpl@VCOPOSPOSKeyboard@@VCWindow@ATL@@V?$CWinTraits@$0FGAAAAAA@$0A@@3@@ATL@@QEAAPEAUHWND__@@PEAU3@V_U_RECT@2@PEB_WKKV_U_MENUorID@2@PEAX@Z 000000018000c7f4 f i POSKeyboard.obj
 0001:0000b8a8       ?atlCreate@?$CWindowImplBaseT@VCWindow@ATL@@V?$CWinTraits@$0FGAAAAAA@$0A@@2@@ATL@@QEAAPEAUHWND__@@PEAU3@V_U_RECT@2@PEB_WKKV_U_MENUorID@2@GPEAX@Z 000000018000c8a8 f i POSKeyboard.obj
 0001:0000ba18       ?ocscpy_s@@YA_NPEA_W_KPEB_W@Z 000000018000ca18 f i POSKeyboard.obj
 0001:0000bac8       DllCanUnloadNow            000000018000cac8 f   POSKeyboard.obj
 0001:0000bad4       DllGetClassObject          000000018000cad4 f   POSKeyboard.obj
 0001:0000baec       DllMain                    000000018000caec f   POSKeyboard.obj
 0001:0000bb94       DllRegisterServer          000000018000cb94 f   POSKeyboard.obj
 0001:0000bba8       DllUnregisterServer        000000018000cba8 f   POSKeyboard.obj
 0001:0000bbbc       __local_stdio_printf_options 000000018000cbbc f i POSKeyboard.obj
 0001:0000bbc4       swprintf_s                 000000018000cbc4 f i POSKeyboard.obj
 0001:0000bc18       ??0COPOSPOSKeyboard@@QEAA@XZ 000000018000cc18 f   POSKeyboardImpl.obj
 0001:0000bce0       ??1?$IConnectionPointImpl@VCOPOSPOSKeyboard@@$1?DIID__IOPOSPOSKeyboardEvents@@3U_GUID@@BVCComDynamicUnkArray@ATL@@@ATL@@QEAA@XZ 000000018000cce0 f i POSKeyboardImpl.obj
 0001:0000bce0       ??1?$IConnectionPointImpl@VCOPOSPOSKeyboard@@$1?IID_IPropertyNotifySink@@3U_GUID@@BVCComDynamicUnkArray@ATL@@@ATL@@QEAA@XZ 000000018000cce0 f i POSKeyboardImpl.obj
 0001:0000bd3c       ??1CComControlBase@ATL@@UEAA@XZ 000000018000cd3c f i POSKeyboardImpl.obj
 0001:0000bdb8       ??1COPOSPOSKeyboard@@UEAA@XZ 000000018000cdb8 f   POSKeyboardImpl.obj
 0001:0000be1c       ?CheckHealth@COPOSPOSKeyboard@@UEAAJJPEAJ@Z 000000018000ce1c f   POSKeyboardImpl.obj
 0001:0000be98       ?ClaimDevice@COPOSPOSKeyboard@@UEAAJJPEAJ@Z 000000018000ce98 f   POSKeyboardImpl.obj
 0001:0000bf38       ?ClearInput@COPOSPOSKeyboard@@UEAAJPEAJ@Z 000000018000cf38 f   POSKeyboardImpl.obj
 0001:0000bf60       ?Close@COPOSPOSKeyboard@@UEAAJPEAJ@Z 000000018000cf60 f   POSKeyboardImpl.obj
 0001:0000c018       ?CompareFirmwareVersion@COPOSPOSKeyboard@@UEAAJPEA_WPEAJ1@Z 000000018000d018 f   POSKeyboardImpl.obj
 0001:0000c0f4       ?DirectIO@COPOSPOSKeyboard@@UEAAJJPEAJPEAPEA_W0@Z 000000018000d0f4 f   POSKeyboardImpl.obj
 0001:0000c1f0       ?DoInvoke@COPOSPOSKeyboard@@IEAAJJPEAVOposVariant@@IHPEAJ_N@Z 000000018000d1f0 f   POSKeyboardImpl.obj
 0001:0000c324       ?EventInit@COPOSPOSKeyboard@@IEAAJXZ 000000018000d324 f i POSKeyboardImpl.obj
 0001:0000c46c       ?EventUninit@COPOSPOSKeyboard@@IEAAXXZ 000000018000d46c f i POSKeyboardImpl.obj
 0001:0000c4d0       ?EventWindowProc@COPOSPOSKeyboard@@IEAA_JI_K_J@Z 000000018000d4d0 f i POSKeyboardImpl.obj
 0001:0000c648       ?FinalConstruct@COPOSPOSKeyboard@@QEAAJXZ 000000018000d648 f   POSKeyboardImpl.obj
 0001:0000c684       ?FreezeEvents@COPOSPOSKeyboard@@MEAAJH@Z 000000018000d684 f   POSKeyboardImpl.obj
 0001:0000c6f8       ?GetOposProp@COPOSPOSKeyboard@@IEAAJJPEAJJ@Z 000000018000d6f8 f   POSKeyboardImpl.obj
 0001:0000c814       ?GetOposProp@COPOSPOSKeyboard@@IEAAJJPEAPEA_WJ@Z 000000018000d814 f   POSKeyboardImpl.obj
 0001:0000c940       ?OnDraw@COPOSPOSKeyboard@@MEAAJAEAUATL_DRAWINFO@@@Z 000000018000d940 f   POSKeyboardImpl.obj
 0001:0000ca2c       ?Open@COPOSPOSKeyboard@@UEAAJPEA_WPEAJ@Z 000000018000da2c f   POSKeyboardImpl.obj
 0001:0000d2a8       ?ReleaseDevice@COPOSPOSKeyboard@@UEAAJPEAJ@Z 000000018000e2a8 f   POSKeyboardImpl.obj
 0001:0000d314       ?ResetStatistics@COPOSPOSKeyboard@@UEAAJPEA_WPEAJ@Z 000000018000e314 f   POSKeyboardImpl.obj
 0001:0000d39c       ?RetrieveStatistics@COPOSPOSKeyboard@@UEAAJPEAPEA_WPEAJ@Z 000000018000e39c f   POSKeyboardImpl.obj
 0001:0000d424       ?SOProcessID@COPOSPOSKeyboard@@UEAAJPEAJ@Z 000000018000e424 f   POSKeyboardImpl.obj
 0001:0000d440       ?SetCOFreezeEvents@COPOSPOSKeyboard@@IEAAXF@Z 000000018000e440 f   POSKeyboardImpl.obj
 0001:0000d524       ?SetOposProp@COPOSPOSKeyboard@@IEAAJJJJ@Z 000000018000e524 f   POSKeyboardImpl.obj
 0001:0000d684       ?UpdateFirmware@COPOSPOSKeyboard@@UEAAJPEA_WPEAJ@Z 000000018000e684 f   POSKeyboardImpl.obj
 0001:0000d70c       ?UpdateStatistics@COPOSPOSKeyboard@@UEAAJPEA_WPEAJ@Z 000000018000e70c f   POSKeyboardImpl.obj
 0001:0000d794       ?get_AutoDisable@COPOSPOSKeyboard@@UEAAJPEAF@Z 000000018000e794 f   POSKeyboardImpl.obj
 0001:0000d7c8       ?get_BinaryConversion@COPOSPOSKeyboard@@UEAAJPEAJ@Z 000000018000e7c8 f   POSKeyboardImpl.obj
 0001:0000d7dc       ?get_CapCompareFirmwareVersion@COPOSPOSKeyboard@@UEAAJPEAF@Z 000000018000e7dc f   POSKeyboardImpl.obj
 0001:0000d810       ?get_CapKeyUp@COPOSPOSKeyboard@@UEAAJPEAF@Z 000000018000e810 f   POSKeyboardImpl.obj
 0001:0000d844       ?get_CapPowerReporting@COPOSPOSKeyboard@@UEAAJPEAJ@Z 000000018000e844 f   POSKeyboardImpl.obj
 0001:0000d858       ?get_CapStatisticsReporting@COPOSPOSKeyboard@@UEAAJPEAF@Z 000000018000e858 f   POSKeyboardImpl.obj
 0001:0000d88c       ?get_CapUpdateFirmware@COPOSPOSKeyboard@@UEAAJPEAF@Z 000000018000e88c f   POSKeyboardImpl.obj
 0001:0000d8c0       ?get_CapUpdateStatistics@COPOSPOSKeyboard@@UEAAJPEAF@Z 000000018000e8c0 f   POSKeyboardImpl.obj
 0001:0000d8f4       ?get_CheckHealthText@COPOSPOSKeyboard@@UEAAJPEAPEA_W@Z 000000018000e8f4 f   POSKeyboardImpl.obj
 0001:0000d908       ?get_Claimed@COPOSPOSKeyboard@@UEAAJPEAF@Z 000000018000e908 f   POSKeyboardImpl.obj
 0001:0000d938       ?get_ControlObjectDescription@COPOSPOSKeyboard@@UEAAJPEAPEA_W@Z 000000018000e938 f   POSKeyboardImpl.obj
 0001:0000d99c       ?get_ControlObjectVersion@COPOSPOSKeyboard@@UEAAJPEAJ@Z 000000018000e99c f   POSKeyboardImpl.obj
 0001:0000d9a8       ?get_DataCount@COPOSPOSKeyboard@@UEAAJPEAJ@Z 000000018000e9a8 f   POSKeyboardImpl.obj
 0001:0000d9bc       ?get_DataEventEnabled@COPOSPOSKeyboard@@UEAAJPEAF@Z 000000018000e9bc f   POSKeyboardImpl.obj
 0001:0000d9f0       ?get_DeviceDescription@COPOSPOSKeyboard@@UEAAJPEAPEA_W@Z 000000018000e9f0 f   POSKeyboardImpl.obj
 0001:0000da04       ?get_DeviceEnabled@COPOSPOSKeyboard@@UEAAJPEAF@Z 000000018000ea04 f   POSKeyboardImpl.obj
 0001:0000da38       ?get_DeviceName@COPOSPOSKeyboard@@UEAAJPEAPEA_W@Z 000000018000ea38 f   POSKeyboardImpl.obj
 0001:0000da4c       ?get_EventTypes@COPOSPOSKeyboard@@UEAAJPEAJ@Z 000000018000ea4c f   POSKeyboardImpl.obj
 0001:0000da60       ?get_FreezeEvents@COPOSPOSKeyboard@@UEAAJPEAF@Z 000000018000ea60 f   POSKeyboardImpl.obj
 0001:0000da90       ?get_OpenResult@COPOSPOSKeyboard@@UEAAJPEAJ@Z 000000018000ea90 f   POSKeyboardImpl.obj
 0001:0000da9c       ?get_POSKeyData@COPOSPOSKeyboard@@UEAAJPEAJ@Z 000000018000ea9c f   POSKeyboardImpl.obj
 0001:0000dab0       ?get_POSKeyEventType@COPOSPOSKeyboard@@UEAAJPEAJ@Z 000000018000eab0 f   POSKeyboardImpl.obj
 0001:0000dac4       ?get_PowerNotify@COPOSPOSKeyboard@@UEAAJPEAJ@Z 000000018000eac4 f   POSKeyboardImpl.obj
 0001:0000dad8       ?get_PowerState@COPOSPOSKeyboard@@UEAAJPEAJ@Z 000000018000ead8 f   POSKeyboardImpl.obj
 0001:0000daec       ?get_ResultCode@COPOSPOSKeyboard@@UEAAJPEAJ@Z 000000018000eaec f   POSKeyboardImpl.obj
 0001:0000db28       ?get_ResultCodeExtended@COPOSPOSKeyboard@@UEAAJPEAJ@Z 000000018000eb28 f   POSKeyboardImpl.obj
 0001:0000db3c       ?get_ServiceObjectDescription@COPOSPOSKeyboard@@UEAAJPEAPEA_W@Z 000000018000eb3c f   POSKeyboardImpl.obj
 0001:0000db50       ?get_ServiceObjectVersion@COPOSPOSKeyboard@@UEAAJPEAJ@Z 000000018000eb50 f   POSKeyboardImpl.obj
 0001:0000db64       ?get_State@COPOSPOSKeyboard@@UEAAJPEAJ@Z 000000018000eb64 f   POSKeyboardImpl.obj
 0001:0000db90       ?put_AutoDisable@COPOSPOSKeyboard@@UEAAJF@Z 000000018000eb90 f   POSKeyboardImpl.obj
 0001:0000dba8       ?put_BinaryConversion@COPOSPOSKeyboard@@UEAAJJ@Z 000000018000eba8 f   POSKeyboardImpl.obj
 0001:0000dbbc       ?put_DataEventEnabled@COPOSPOSKeyboard@@UEAAJF@Z 000000018000ebbc f   POSKeyboardImpl.obj
 0001:0000dbd4       ?put_DeviceEnabled@COPOSPOSKeyboard@@UEAAJF@Z 000000018000ebd4 f   POSKeyboardImpl.obj
 0001:0000dbec       ?put_EventTypes@COPOSPOSKeyboard@@UEAAJJ@Z 000000018000ebec f   POSKeyboardImpl.obj
 0001:0000dc00       ?put_FreezeEvents@COPOSPOSKeyboard@@UEAAJF@Z 000000018000ec00 f   POSKeyboardImpl.obj
 0001:0000dc50       ?put_PowerNotify@COPOSPOSKeyboard@@UEAAJJ@Z 000000018000ec50 f   POSKeyboardImpl.obj
 0001:0000dc64       ?s_EventWindowProc@COPOSPOSKeyboard@@KA_JPEAUHWND__@@I_K_J@Z 000000018000ec64 f i POSKeyboardImpl.obj
 0001:0000dce0       ??_U@YAPEAX_K@Z            000000018000ece0 f   LIBCMT:new_array.obj
 0001:0000dce8       ??3@YAXPEAX_K@Z            000000018000ece8 f   LIBCMT:delete_scalar_size.obj
 0001:0000dce8       ??_V@YAXPEAX@Z             000000018000ece8 f   LIBCMT:delete_array.obj
 0001:0000dcf0       ??_V@YAXPEAX_K@Z           000000018000ecf0 f   LIBCMT:delete_array_size.obj
 0001:0000dcf8       __scrt_acquire_startup_lock 000000018000ecf8 f   LIBCMT:utility.obj
 0001:0000dd34       __scrt_dllmain_after_initialize_c 000000018000ed34 f   LIBCMT:utility.obj
 0001:0000dd68       __scrt_dllmain_before_initialize_c 000000018000ed68 f   LIBCMT:utility.obj
 0001:0000dd80       __scrt_dllmain_crt_thread_attach 000000018000ed80 f   LIBCMT:utility.obj
 0001:0000dda8       __scrt_dllmain_crt_thread_detach 000000018000eda8 f   LIBCMT:utility.obj
 0001:0000ddc0       __scrt_dllmain_exception_filter 000000018000edc0 f   LIBCMT:utility.obj
 0001:0000de20       __scrt_dllmain_uninitialize_c 000000018000ee20 f   LIBCMT:utility.obj
 0001:0000de50       __scrt_dllmain_uninitialize_critical 000000018000ee50 f   LIBCMT:utility.obj
 0001:0000de64       __scrt_initialize_crt      000000018000ee64 f   LIBCMT:utility.obj
 0001:0000deb0       __scrt_initialize_onexit_tables 000000018000eeb0 f   LIBCMT:utility.obj
 0001:0000df3c       __scrt_is_nonwritable_in_current_image 000000018000ef3c f   LIBCMT:utility.obj
 0001:0000dfd4       __scrt_release_startup_lock 000000018000efd4 f   LIBCMT:utility.obj
 0001:0000dff8       __scrt_uninitialize_crt    000000018000eff8 f   LIBCMT:utility.obj
 0001:0000e024       _onexit                    000000018000f024 f   LIBCMT:utility.obj
 0001:0000e060       atexit                     000000018000f060 f   LIBCMT:utility.obj
 0001:0000e078       ??3@YAXPEAX@Z              000000018000f078 f   LIBCMT:delete_scalar.obj
 0001:0000e178       _Init_thread_footer        000000018000f178 f   LIBCMT:thread_safe_statics.obj
 0001:0000e1d8       _Init_thread_header        000000018000f1d8 f   LIBCMT:thread_safe_statics.obj
 0001:0000e240       _Init_thread_notify        000000018000f240 f   LIBCMT:thread_safe_statics.obj
 0001:0000e284       _Init_thread_wait          000000018000f284 f   LIBCMT:thread_safe_statics.obj
 0001:0000e2e8       __raise_securityfailure    000000018000f2e8 f   LIBCMT:gs_report.obj
 0001:0000e31c       __report_gsfailure         000000018000f31c f   LIBCMT:gs_report.obj
 0001:0000e3f0       __report_rangecheckfailure 000000018000f3f0 f   LIBCMT:gs_report.obj
 0001:0000e404       __report_securityfailure   000000018000f404 f   LIBCMT:gs_report.obj
 0001:0000e584       ??2@YAPEAX_KAEBUnothrow_t@std@@@Z 000000018000f584 f   LIBCMT:new_scalar_nothrow.obj
 0001:0000e598       ??_U@YAPEAX_KAEBUnothrow_t@std@@@Z 000000018000f598 f   LIBCMT:new_array_nothrow.obj
 0001:0000e5a0       __GSHandlerCheck           000000018000f5a0 f   LIBCMT:gshandler.obj
 0001:0000e5c0       __GSHandlerCheckCommon     000000018000f5c0 f   LIBCMT:gshandler.obj
 0001:0000e61c       __GSHandlerCheck_SEH       000000018000f61c f   LIBCMT:gshandlerseh.obj
 0001:0000e6c0       _alloca_probe              000000018000f6c0 f   LIBCMT:chkstk.obj
 0001:0000e6c0       __chkstk                   000000018000f6c0 f   LIBCMT:chkstk.obj
 0001:0000e730       __security_check_cookie    000000018000f730 f   LIBCMT:amdsecgs.obj
 0001:0000ea74       _DllMainCRTStartup         000000018000fa74 f   LIBCMT:dll_dllmain.obj
 0001:0000eab4       ??2@YAPEAX_K@Z             000000018000fab4 f   LIBCMT:new_scalar.obj
 0001:0000eaf0       __isa_available_init       000000018000faf0 f   LIBCMT:cpu_disp.obj
 0001:0000ec94       __scrt_is_ucrt_dll_in_use  000000018000fc94 f   LIBCMT:ucrt_detection.obj
 0001:0000eca0       __crt_debugger_hook        000000018000fca0 f   LIBCMT:utility_desktop.obj
 0001:0000eca8       __scrt_fastfail            000000018000fca8 f   LIBCMT:utility_desktop.obj
 0001:0000edf4       __security_init_cookie     000000018000fdf4 f   LIBCMT:gs_support.obj
 0001:0000eea0       ?__scrt_initialize_type_info@@YAXXZ 000000018000fea0 f   LIBCMT:tncleanup.obj
 0001:0000eeb0       ?__scrt_uninitialize_type_info@@YAXXZ 000000018000feb0 f   LIBCMT:tncleanup.obj
 0001:0000eebc       __local_stdio_scanf_options 000000018000febc f i LIBCMT:default_local_stdio_options.obj
 0001:0000eec4       __scrt_initialize_default_local_stdio_options 000000018000fec4 f   LIBCMT:default_local_stdio_options.obj
 0001:0000eee0       __scrt_get_dyn_tls_init_callback 000000018000fee0 f   LIBCMT:dyn_tls_init.obj
 0001:0000eee8       _RTC_Initialize            000000018000fee8 f   LIBCMT:initsect.obj
 0001:0000ef24       _RTC_Terminate             000000018000ff24 f   LIBCMT:initsect.obj
 0001:0000ef60       ??0bad_alloc@std@@QEAA@AEBV01@@Z 000000018000ff60 f i LIBCMT:throw_bad_alloc.obj
 0001:0000ef9c       ??0bad_alloc@std@@QEAA@XZ  000000018000ff9c f i LIBCMT:throw_bad_alloc.obj
 0001:0000efbc       ??0bad_array_new_length@std@@QEAA@AEBV01@@Z 000000018000ffbc f i LIBCMT:throw_bad_alloc.obj
 0001:0000eff8       ??0bad_array_new_length@std@@QEAA@XZ 000000018000fff8 f i LIBCMT:throw_bad_alloc.obj
 0001:0000f018       ??0exception@std@@QEAA@AEBV01@@Z 0000000180010018 f i LIBCMT:throw_bad_alloc.obj
 0001:0000f04c       ??1bad_array_new_length@std@@UEAA@XZ 000000018001004c f i LIBCMT:throw_bad_alloc.obj
 0001:0000f04c       ??1bad_alloc@std@@UEAA@XZ  000000018001004c f i LIBCMT:throw_bad_alloc.obj
 0001:0000f04c       ??1bad_exception@std@@UEAA@XZ 000000018001004c f i libvcruntime:frame.obj
 0001:0000f060       ??_Ebad_array_new_length@std@@UEAAPEAXI@Z 0000000180010060 f i LIBCMT:throw_bad_alloc.obj
 0001:0000f060       ??_Gbad_alloc@std@@UEAAPEAXI@Z 0000000180010060 f i LIBCMT:throw_bad_alloc.obj
 0001:0000f060       ??_Gbad_exception@std@@UEAAPEAXI@Z 0000000180010060 f i libvcruntime:frame.obj
 0001:0000f060       ??_Gbad_array_new_length@std@@UEAAPEAXI@Z 0000000180010060 f i LIBCMT:throw_bad_alloc.obj
 0001:0000f060       ??_Ebad_exception@std@@UEAAPEAXI@Z 0000000180010060 f i libvcruntime:frame.obj
 0001:0000f060       ??_Ebad_alloc@std@@UEAAPEAXI@Z 0000000180010060 f i LIBCMT:throw_bad_alloc.obj
 0001:0000f060       ??_Gexception@std@@UEAAPEAXI@Z 0000000180010060 f i LIBCMT:throw_bad_alloc.obj
 0001:0000f060       ??_Eexception@std@@UEAAPEAXI@Z 0000000180010060 f i LIBCMT:throw_bad_alloc.obj
 0001:0000f0a4       ?__scrt_throw_std_bad_alloc@@YAXXZ 00000001800100a4 f   LIBCMT:throw_bad_alloc.obj
 0001:0000f0c4       ?__scrt_throw_std_bad_array_new_length@@YAXXZ 00000001800100c4 f   LIBCMT:throw_bad_alloc.obj
 0001:0000f0e4       ?what@exception@std@@UEBAPEBDXZ 00000001800100e4 f i LIBCMT:throw_bad_alloc.obj
 0001:0000f100       ??_Etype_info@@UEAAPEAXI@Z 0000000180010100 f i LIBCMT:std_type_info_static.obj
 0001:0000f100       ??_Gtype_info@@UEAAPEAXI@Z 0000000180010100 f i LIBCMT:std_type_info_static.obj
 0001:0000f12c       ??0CAtlBaseModule@ATL@@QEAA@XZ 000000018001012c f   atls:atlbase.obj
 0001:0000f1d4       ??1CAtlBaseModule@ATL@@QEAA@XZ 00000001800101d4 f   atls:atlbase.obj
 0001:0000f308       ?__AllocStdCallThunk_cmn@@YAPEAXXZ 0000000180010308 f   atls:atlthunk.obj
 0001:0000f460       AtlThunk_AllocateData      0000000180010460 f   atls:atlthunk.obj
 0001:0000f4dc       AtlThunk_DataToCode        00000001800104dc f   atls:atlthunk.obj
 0001:0000f530       AtlThunk_FreeData          0000000180010530 f   atls:atlthunk.obj
 0001:0000f590       AtlThunk_InitData          0000000180010590 f   atls:atlthunk.obj
 0001:0000f638       _get_purecall_handler      0000000180010638 f   libvcruntime:purevirt.obj
 0001:0000f640       _purecall                  0000000180010640 f   libvcruntime:purevirt.obj
 0001:0000f65c       wcsstr                     000000018001065c f   libvcruntime:wcsstr.obj
 0001:0000f890       memcmp                     0000000180010890 f   libvcruntime:memcmp.obj
 0001:0000f970       memcpy_repmovs             0000000180010970 f   libvcruntime:memcpy.obj
 0001:0000f990       memmove                    0000000180010990 f   libvcruntime:memcpy.obj
 0001:0000f990       memcpy                     0000000180010990 f   libvcruntime:memcpy.obj
 0001:0000fd80       memset_repmovs             0000000180010d80 f   libvcruntime:memset.obj
 0001:0000fda0       memset                     0000000180010da0 f   libvcruntime:memset.obj
 0001:0000ff30       __vcrt_initialize          0000000180010f30 f   libvcruntime:initialization.obj
 0001:0000ff58       __vcrt_thread_attach       0000000180010f58 f   libvcruntime:initialization.obj
 0001:0000ff6c       __vcrt_thread_detach       0000000180010f6c f   libvcruntime:initialization.obj
 0001:0000ff80       __vcrt_uninitialize        0000000180010f80 f   libvcruntime:initialization.obj
 0001:0000ff9c       __vcrt_uninitialize_critical 0000000180010f9c f   libvcruntime:initialization.obj
 0001:0000ffac       __C_specific_handler       0000000180010fac f   libvcruntime:riscchandler.obj
 0001:000101b8       ??$_CallSETranslator@V__FrameHandler4@@@@YAHPEAUEHExceptionRecord@@PEA_KPEAU_CONTEXT@@PEAU_xDISPATCHER_CONTEXT@@PEAUFuncInfo4@FH4@@K1H@Z 00000001800111b8 f i libvcruntime:risctrnsctrl.obj
 0001:0001020c       ?DecompFuncInfo@FH4@@YA_JPEAEAEAUFuncInfo4@1@_KH_N@Z 000000018001120c f i libvcruntime:risctrnsctrl.obj
[...]
 0002:0000c4a4       $unwind$terminate          000000018002f4a4     libucrt:terminate.obj
 0002:0000c4c4       $unwind$??$parse_integer@KV?$c_string_character_source@_W@__crt_strtox@@@__crt_strtox@@YAKQEAU__crt_locale_pointers@@V?$c_string_character_source@_W@0@H_N@Z 000000018002f4c4     libucrt:atox.obj
 0002:0000c4e0       $xdatasym                  000000018002f4e0     libucrt:strncmp.obj
 0002:0000c4e4       $unwind$?construct_ptd_array@@YAXQEAU__acrt_ptd@@@Z 000000018002f4e4     libucrt:per_thread_data.obj
 0002:0000c4ec       $unwind$?destroy_ptd_array@@YAXQEAU__acrt_ptd@@@Z 000000018002f4ec     libucrt:per_thread_data.obj
 0002:0000c4f4       $unwind$??$?RV<lambda_0ae27a3a962d80f24befdcbee591983d>@@AEAV<lambda_8d0ee55de4b1038c4002e0adecdf1839>@@V<lambda_dc504788e8f1664fe9b84e20bfb512f2>@@@?$__crt_seh_guarded_call@X@@QEAAX$$QEAV<lambda_0ae27a3a962d80f24befdcbee591983d>@@AEAV<lambda_8d0ee55de4b1038c4002e0adecdf1839>@@$$QEAV<lambda_dc504788e8f1664fe9b84e20bfb512f2>@@@Z 000000018002f4f4     libucrt:per_thread_data.obj
 0002:0000c518       $unwind$??$?RV<lambda_aa87e3671a710a21b5dc78c0bdf72e11>@@AEAV<lambda_92619d2358a28f41a33ba319515a20b9>@@V<lambda_6992ecaafeb10aed2b74cb1fae11a551>@@@?$__crt_seh_guarded_call@X@@QEAAX$$QEAV<lambda_aa87e3671a710a21b5dc78c0bdf72e11>@@AEAV<lambda_92619d2358a28f41a33ba319515a20b9>@@$$QEAV<lambda_6992ecaafeb10aed2b74cb1fae11a551>@@@Z 000000018002f518     libucrt:per_thread_data.obj
 0002:0000c53c       $unwind$??$?RV<lambda_f2e299630e499de9f9a165e60fcd3db5>@@AEAV<lambda_2ae9d31cdba2644fcbeaf08da7c24588>@@V<lambda_40d01ff24d0e7b3814fdbdcee8eab3c7>@@@?$__crt_seh_guarded_call@X@@QEAAX$$QEAV<lambda_f2e299630e499de9f9a165e60fcd3db5>@@AEAV<lambda_2ae9d31cdba2644fcbeaf08da7c24588>@@$$QEAV<lambda_40d01ff24d0e7b3814fdbdcee8eab3c7>@@@Z 000000018002f53c     libucrt:per_thread_data.obj
 0002:0000c560       $unwind$??$?RV<lambda_2d41944a1d46af3157314b8a01080d33>@@AEAV<lambda_8f455de75cd7d7f24b4096f044d8b9e6>@@V<lambda_aa500f224e6afead328df44964fe2772>@@@?$__crt_seh_guarded_call@X@@QEAAX$$QEAV<lambda_2d41944a1d46af3157314b8a01080d33>@@AEAV<lambda_8f455de75cd7d7f24b4096f044d8b9e6>@@$$QEAV<lambda_aa500f224e6afead328df44964fe2772>@@@Z 000000018002f560     libucrt:per_thread_data.obj
 0002:0000c584       $unwind$__acrt_initialize_winapi_thunks 000000018002f584     libucrt:winapi_thunks.obj
 0002:0000c58c       $unwind$__acrt_fp_format   000000018002f58c     libucrt:cvt.obj
 0002:0000c5a4       $unwind$?fp_format_e_internal@@YAHQEAD_KH_NIQEAU_strflt@@2QEAU__crt_locale_pointers@@@Z 000000018002f5a4     libucrt:cvt.obj
 0002:0000c5bc       $unwind$?fp_format_a@@YAHQEBNPEAD_KQEAD2H_NIQEAU__crt_locale_pointers@@W4__acrt_rounding_mode@@@Z 000000018002f5bc     libucrt:cvt.obj
 0002:0000c5d8       $unwind$?fp_format_g@@YAHQEBNQEAD_K12H_NIQEAU__crt_locale_pointers@@@Z 000000018002f5d8     libucrt:cvt.obj
 0002:0000c5ec       $unwind$__acrt_uninitialize_locale 000000018002f5ec     libucrt:wsetlocale.obj
 0002:0000c5ec       $unwind$__acrt_get_sigabrt_handler 000000018002f5ec     libucrt:signal.obj
 0002:0000c5f4       $unwind$??$?RV<lambda_410d79af7f07d98d83a3f525b3859a53>@@AEAV<lambda_3e16ef9562a7dcce91392c22ab16ea36>@@V<lambda_38119f0e861e05405d8a144b9b982f0a>@@@?$__crt_seh_guarded_call@X@@QEAAX$$QEAV<lambda_410d79af7f07d98d83a3f525b3859a53>@@AEAV<lambda_3e16ef9562a7dcce91392c22ab16ea36>@@$$QEAV<lambda_38119f0e861e05405d8a144b9b982f0a>@@@Z 000000018002f5f4     libucrt:wsetlocale.obj
 0002:0000c61c       $unwind$__acrt_initialize_lowio 000000018002f61c     libucrt:ioinit.obj
 0002:0000c63c       $unwind$??$common_expand_argv_wildcards@D@@YAHQEAPEADQEAPEAPEAD@Z 000000018002f63c     libucrt:argv_wildcards.obj
 0002:0000c654       $unwind$??$copy_and_add_argument_to_buffer@D@@YAHQEBD0_KAEAV?$argument_list@D@?A0x5f5c8891@@@Z 000000018002f654     libucrt:argv_wildcards.obj
 0002:0000c670       $unwind$??$expand_argument_wildcards@D@@YAHQEAD0AEAV?$argument_list@D@?A0x5f5c8891@@@Z 000000018002f670     libucrt:argv_wildcards.obj
 0002:0000c694       $unwind$__acrt_GetModuleFileNameA 000000018002f694     libucrt:getmodulefilenamea.obj
 0002:0000c6b0       $unwind$_setmbcp_nolock    000000018002f6b0     libucrt:mbctype.obj
 0002:0000c6d0       $unwind$?update_thread_multibyte_data_internal@@YAPEAU__crt_multibyte_data@@QEAU__acrt_ptd@@QEAPEAU1@@Z 000000018002f6d0     libucrt:mbctype.obj
 0002:0000c6f8       $unwind$?setmbcp_internal@@YAHH_NQEAU__acrt_ptd@@QEAPEAU__crt_multibyte_data@@@Z 000000018002f6f8     libucrt:mbctype.obj
 0002:0000c708       $unwind$?setSBUpLow@@YAXPEAU__crt_multibyte_data@@@Z 000000018002f708     libucrt:mbctype.obj
 0002:0000c724       $unwind$??$?RV<lambda_efdfa57d1f175319df784efa44bb7b81>@@AEAV<lambda_5f0a4c1567f8adc6734073e5d1e1b35c>@@V<lambda_2e8a7d3640ea6ccb4c2413664c2db6fd>@@@?$__crt_seh_guarded_call@X@@QEAAX$$QEAV<lambda_efdfa57d1f175319df784efa44bb7b81>@@AEAV<lambda_5f0a4c1567f8adc6734073e5d1e1b35c>@@$$QEAV<lambda_2e8a7d3640ea6ccb4c2413664c2db6fd>@@@Z 000000018002f724     libucrt:mbctype.obj
 0002:0000c748       $unwind$__acrt_WideCharToMultiByte 000000018002f748     libucrt:widechartomultibyte.obj
 0002:0000c754       $unwind$raise              000000018002f754     libucrt:signal.obj
 0002:0000c790       $unwind$??$?RV<lambda_450d765d439847d4c735a33c368b5fc0>@@AEAV<lambda_44731a7d0e6d81c3e6aa82d741081786>@@V<lambda_601a2a7da3b7a96e9554ac7215c4b07c>@@@?$__crt_seh_guarded_call@P6AXH@Z@@QEAAP6AXH@Z$$QEAV<lambda_450d765d439847d4c735a33c368b5fc0>@@AEAV<lambda_44731a7d0e6d81c3e6aa82d741081786>@@$$QEAV<lambda_601a2a7da3b7a96e9554ac7215c4b07c>@@@Z 000000018002f790     libucrt:signal.obj
 0002:0000c7b4       $unwind$?common_flush_all@@YAH_N@Z 000000018002f7b4     libucrt:fflush.obj
 0002:0000c7bc       $unwind$??$?RV<lambda_842d9ff0dc9ef11c61343bbaebe7f885>@@AEAV<lambda_c5860995281e5c4ce005b3de8f5874ee>@@V<lambda_d90129c13df834fdcbf8d2b88dafcf2d>@@@?$__crt_seh_guarded_call@X@@QEAAX$$QEAV<lambda_842d9ff0dc9ef11c61343bbaebe7f885>@@AEAV<lambda_c5860995281e5c4ce005b3de8f5874ee>@@$$QEAV<lambda_d90129c13df834fdcbf8d2b88dafcf2d>@@@Z 000000018002f7bc     libucrt:fflush.obj
 0002:0000c7e0       $unwind$??$?RV<lambda_886d6c58226a84441f68b9f2b8217b83>@@AEAV<lambda_ab61a845afdef5b7c387490eaf3616ee>@@V<lambda_f7f22ab5edc0698d5f6905b0d3f44752>@@@?$__crt_seh_guarded_call@X@@QEAAX$$QEAV<lambda_886d6c58226a84441f68b9f2b8217b83>@@AEAV<lambda_ab61a845afdef5b7c387490eaf3616ee>@@$$QEAV<lambda_f7f22ab5edc0698d5f6905b0d3f44752>@@@Z 000000018002f7e0     libucrt:fflush.obj
 0002:0000c808       $unwind$__acrt_update_thread_locale_data 000000018002f808     libucrt:locale_refcounting.obj
 0002:0000c82c       $unwind$?__mbrtowc_utf8@__crt_mbstring@@YA_KPEA_WPEBD_KPEAU_Mbstatet@@@Z 000000018002f82c     libucrt:mbrtowc.obj
 0002:0000c834       $unwind$?__mbsrtowcs_utf8@__crt_mbstring@@YA_KPEA_WPEAPEBD_KPEAU_Mbstatet@@@Z 000000018002f834     libucrt:mbrtowc.obj
 0002:0000c84c       $unwind$__acrt_fltout      000000018002f84c     libucrt:cfout.obj
 0002:0000c86c       $unwind$?divide@__crt_strtox@@YA_KAEAUbig_integer@1@AEBU21@@Z 000000018002f86c     libucrt:cfout.obj
 0002:0000c884       $chain$0$?divide@__crt_strtox@@YA_KAEAUbig_integer@1@AEBU21@@Z 000000018002f884     libucrt:cfout.obj
 0002:0000c898       $chain$1$?divide@__crt_strtox@@YA_KAEAUbig_integer@1@AEBU21@@Z 000000018002f898     libucrt:cfout.obj
 0002:0000c8a8       $unwind$_fcloseall         000000018002f8a8     libucrt:closeall.obj
 0002:0000c8cc       $unwind$__acrt_locale_free_monetary 000000018002f8cc     libucrt:initmon.obj
 0002:0000c8d4       $unwind$__acrt_locale_free_time 000000018002f8d4     libucrt:inittime.obj
 0002:0000c8e4       $unwind$__acrt_GetStringTypeA 000000018002f8e4     libucrt:getstringtypea.obj
 0002:0000c90c       $unwind$__acrt_lowio_destroy_handle_array 000000018002f90c     libucrt:osfinfo.obj
 0002:0000c91c       $unwind$__acrt_lowio_ensure_fh_exists 000000018002f91c     libucrt:osfinfo.obj
 0002:0000c948       $unwind$qsort              000000018002f948     libucrt:qsort.obj
 0002:0000c960       $chain$4$qsort             000000018002f960     libucrt:qsort.obj
 0002:0000c984       $chain$5$qsort             000000018002f984     libucrt:qsort.obj
 0002:0000c994       $unwind$strpbrk            000000018002f994     libucrt:strpbrk.obj
 0002:0000c9a4       $unwind$fallbackMethod     000000018002f9a4     libucrt:strpbrk.obj
 0002:0000c9b4       $unwind$__acrt_LCMapStringA 000000018002f9b4     libucrt:lcmapstringa.obj
 0002:0000c9c4       $unwind$?__acrt_LCMapStringA_stat@@YAHPEAU__crt_locale_pointers@@PEB_WKPEBDHPEADHHH@Z 000000018002f9c4     libucrt:lcmapstringa.obj
 0002:0000c9ec       $unwind$_close             000000018002f9ec     libucrt:close.obj
 0002:0000c9ec       $unwind$_commit            000000018002f9ec     libucrt:commit.obj
 0002:0000c9f4       $unwind$??$?RV<lambda_a37b2b86f63e897a80ea819b0eb08c01>@@AEAV<lambda_38ce7e780aa69e748d6df282ebc68efe>@@V<lambda_99fb1378e971ab6e7edea83e3a7a83a2>@@@?$__crt_seh_guarded_call@H@@QEAAH$$QEAV<lambda_a37b2b86f63e897a80ea819b0eb08c01>@@AEAV<lambda_38ce7e780aa69e748d6df282ebc68efe>@@$$QEAV<lambda_99fb1378e971ab6e7edea83e3a7a83a2>@@@Z 000000018002f9f4     libucrt:commit.obj
 0002:0000ca18       $unwind$_write             000000018002fa18     libucrt:write.obj
 0002:0000ca48       $unwind$_write_nolock      000000018002fa48     libucrt:write.obj
 0002:0000ca60       $unwind$?write_double_translated_ansi_nolock@@YA?AUwrite_result@?A0x17268360@@HQEBDI@Z 000000018002fa60     libucrt:write.obj
 0002:0000ca84       $unwind$?write_text_ansi_nolock@@YA?AUwrite_result@?A0x17268360@@HQEBDI@Z 000000018002fa84     libucrt:write.obj
 0002:0000ca84       $unwind$?write_text_utf16le_nolock@@YA?AUwrite_result@?A0x17268360@@HQEBDI@Z 000000018002fa84     libucrt:write.obj
 0002:0000caa4       $unwind$?write_text_utf8_nolock@@YA?AUwrite_result@?A0x17268360@@HQEBDI@Z 000000018002faa4     libucrt:write.obj
 0002:0000cac8       $xdatasym                  000000018002fac8     libucrt:log10.obj
 0002:0000cad4       $unwind$__acrt_fenv_set_control 000000018002fad4     libucrt:_fenvutils.obj
 0002:0000cae4       $unwind$fclose             000000018002fae4     libucrt:fclose.obj
 0002:0000cb08       $unwind$_putwch_nolock     000000018002fb08     libucrt:putwch.obj
 0002:0000cb10       $unwind$common_control87   000000018002fb10     libucrt:ieee.obj
 0002:0000cb3c       $unwind$_call_matherr      000000018002fb3c     libucrt:libm_error.obj
 0002:0000cb44       $unwind$_handle_error      000000018002fb44     libucrt:libm_error.obj
 0002:0000cb64       $unwind$__acrt_initialize_fma3 000000018002fb64     libucrt:fma3_available.obj
 0002:0000cb6c       $unwind$_log_special_common 000000018002fb6c     libucrt:log_special.obj
 0002:0000cb78       $unwind$??$?RV<lambda_751a882b2c74d4b022dec766aa51a29a>@@AEAV<lambda_628dfdc04ba53c8bfc02c9951375f3f5>@@V<lambda_f6c7be5f7998530c34de24c7437d6b54>@@@?$__crt_seh_guarded_call@H@@QEAAH$$QEAV<lambda_751a882b2c74d4b022dec766aa51a29a>@@AEAV<lambda_628dfdc04ba53c8bfc02c9951375f3f5>@@$$QEAV<lambda_f6c7be5f7998530c34de24c7437d6b54>@@@Z 000000018002fb78     libucrt:close.obj
 0002:0000cba0       $xdatasym                  000000018002fba0     libucrt:fpsr.obj
 0002:0000cba8       $unwind$_raise_exc_ex      000000018002fba8     libucrt:fpexcept.obj
 0002:0000cbbc       $unwind$_ctrlfp            000000018002fbbc     libucrt:fpctrl.obj
 0002:0000cbe4       $unwind$_IsNonwritableInCurrentImage 000000018002fbe4     LIBCMT:pesect.obj
 0002:0000cd70       .edata                     000000018002fd70     OPOSPOSKeyboard.exp
 0002:0000cd98       rgpv                       000000018002fd98     OPOSPOSKeyboard.exp
 0002:0000cda8       rgszName                   000000018002fda8     OPOSPOSKeyboard.exp
 0002:0000cdb8       rgwOrd                     000000018002fdb8     OPOSPOSKeyboard.exp
 0002:0000cdc0       szName                     000000018002fdc0     OPOSPOSKeyboard.exp
 0002:0000cdd4       $N00001                    000000018002fdd4     OPOSPOSKeyboard.exp
 0002:0000cde4       $N00002                    000000018002fde4     OPOSPOSKeyboard.exp
 0002:0000cdf6       $N00003                    000000018002fdf6     OPOSPOSKeyboard.exp
 0002:0000ce08       $N00004                    000000018002fe08     OPOSPOSKeyboard.exp
 0002:0000d732       .idata$6                   0000000180030732     kernel32:KERNEL32.dll
 0002:0000d94a       .idata$6                   000000018003094a     user32:USER32.dll
 0002:0000da7e       .idata$6                   0000000180030a7e     gdi32:GDI32.dll
 0002:0000db24       .idata$6                   0000000180030b24     advapi32:ADVAPI32.dll
 0002:0000dc40       .idata$6                   0000000180030c40     ole32:ole32.dll
 0002:0000dc4a       .idata$6                   0000000180030c4a     oleaut32:OLEAUT32.dll
 0003:000001c0       ?ObjectMap@@3PAU_ATL_OBJMAP_ENTRY30@ATL@@A 00000001800321c0     POSKeyboard.obj
 0003:000002d0       ?s_SOMethodNames@@3PAPEADA 00000001800322d0     POSKeyboardImpl.obj
 0003:00000360       ?s_RequiredMethodsPerRelease@@3PAHA 0000000180032360     POSKeyboardImpl.obj
 0003:000003c0       ?__vcrt_flsindex@@3KA      00000001800323c0     libvcruntime:per_thread_data.obj
 0003:000003d0       ?errno_no_memory@@3HA      00000001800323d0     libucrt:errno.obj
 0003:000003d4       ?doserrno_no_memory@@3KA   00000001800323d4     libucrt:errno.obj
 0003:000003e0       ?__acrt_flsindex@@3KA      00000001800323e0     libucrt:per_thread_data.obj
 0003:000008a0       _mbctypes                  00000001800328a0     libucrt:mbctype.obj
 0003:000009b0       _mbcasemaps                00000001800329b0     libucrt:mbctype.obj
 0003:00000ab0       ?__rgctypeflag@@3PADA      0000000180032ab0     libucrt:mbctype.obj
 0003:00000ac0       ?__rgcode_page_info@@3PAUcode_page_info@@A 0000000180032ac0     libucrt:mbctype.obj
 0003:00000d60       ?dazSupported@?1??common_control87@@9@9 0000000180032d60     libucrt:ieee.obj
 0003:00000d70       ?__dcrt_lowio_console_output_handle@@3PEAXEA 0000000180032d70     libucrt:initcon.obj
 0003:00000d80       ?dazSupported@?1??_ctrlfp@@9@9 0000000180032d80     libucrt:fpctrl.obj
 0003:00000fd0       ?is_initialized_as_dll@@3_NA 0000000180032fd0     LIBCMT:utility.obj
 0003:00000fd1       ?module_local_atexit_table_initialized@@3_NA 0000000180032fd1     LIBCMT:utility.obj
 0003:00000fd8       ?module_local_atexit_table@@3U_onexit_table_t@@A 0000000180032fd8     LIBCMT:utility.obj
 0003:00000ff0       ?module_local_at_quick_exit_table@@3U_onexit_table_t@@A 0000000180032ff0     LIBCMT:utility.obj
 0003:00001008       ?g_tss_cv@@3U_RTL_CONDITION_VARIABLE@@A 0000000180033008     LIBCMT:thread_safe_statics.obj
 0003:00001010       ?g_tss_event@@3PEAXEA      0000000180033010     LIBCMT:thread_safe_statics.obj
 0003:00001018       ?g_tss_mutex@@3U_RTL_CRITICAL_SECTION@@A 0000000180033018     LIBCMT:thread_safe_statics.obj
 0003:00001040       ?g_sleep_condition_variable_cs@@3P6AHPEAU_RTL_CONDITION_VARIABLE@@PEAU_RTL_CRITICAL_SECTION@@K@ZEA 0000000180033040     LIBCMT:thread_safe_statics.obj
 0003:00001048       ?g_wake_all_condition_variable@@3P6AXPEAU_RTL_CONDITION_VARIABLE@@@ZEA 0000000180033048     LIBCMT:thread_safe_statics.obj
 0003:00001050       GS_ExceptionRecord         0000000180033050     LIBCMT:gs_report.obj
 0003:000010f0       GS_ContextRecord           00000001800330f0     LIBCMT:gs_report.obj
 0003:000015c4       ?__proc_attached@@3HA      00000001800335c4     LIBCMT:dll_dllmain.obj
 0003:00001668       ?AllocateData@@3P6APEAUAtlThunkData_t@@XZEA 0000000180033668     atls:atlthunk.obj
 0003:00001670       ?InitData@@3P6AXPEAUAtlThunkData_t@@PEAX_K@ZEA 0000000180033670     atls:atlthunk.obj
 0003:00001678       ?DataToCode@@3P6AP6A_JPEAUHWND__@@I_K_J@ZPEAUAtlThunkData_t@@@ZEA 0000000180033678     atls:atlthunk.obj
 0003:00001680       ?FreeData@@3P6AXPEAUAtlThunkData_t@@@ZEA 0000000180033680     atls:atlthunk.obj
 0003:00001688       ?Initialized@@3_NA         0000000180033688     atls:atlthunk.obj
 0003:000016a0       ?__vcrt_startup_thread_ptd@@3U__vcrt_ptd@@A 00000001800336a0     libvcruntime:per_thread_data.obj
 0003:00001720       __vcrt_lock_table          0000000180033720     libvcruntime:locks.obj
 0003:00001748       __vcrt_locks_initialized   0000000180033748     libvcruntime:locks.obj
 0003:00001790       ?heap@@3V_HeapManager@@A   0000000180033790     libvcruntime:undname.obj
 0003:000017b8       ?module_handles@@3PAPEAUHINSTANCE__@@A 00000001800337b8     libvcruntime:winapi_downlevel.obj
 0003:000017d0       ?function_pointers@@3PAPEAXA 00000001800337d0     libvcruntime:winapi_downlevel.obj
 0003:000017f8       ?__acrt_invalid_parameter_handler@@3V?$dual_state_global@P6AXPEB_W00I_K@Z@__crt_state_management@@A 00000001800337f8     libucrt:invalid_parameter.obj
 0003:00001800       ?c_termination_complete@@3JA 0000000180033800     libucrt:exit.obj
 0003:00001808       ?thread_local_exit_callback_func@@3P6AXPEAXK0@ZEA 0000000180033808     libucrt:exit.obj
 0003:00001820       ?program_name@?1???$common_configure_argv@D@@YAHW4_crt_argv_mode@@@Z@4PADA 0000000180033820     libucrt:argv_parsing.obj
 0003:00001978       ?__acrt_new_handler@@3V?$dual_state_global@P6AH_K@Z@__crt_state_management@@A 0000000180033978     libucrt:new_handler.obj
 0003:00001980       ?module_handles@@3PAPEAUHINSTANCE__@@A 0000000180033980     libucrt:winapi_thunks.obj
 0003:00001a20       ?encoded_function_pointers@@3PAPEAXA 0000000180033a20     libucrt:winapi_thunks.obj
 0003:00001b30       ?internal_state@?1??_mbtowc_l@@9@4U_Mbstatet@@A 0000000180033b30     libucrt:mbtowc.obj
 0003:00001b48       ?enable_percent_n@@3_KA    0000000180033b48     libucrt:printf_count_output.obj
 0003:00001f80       ?__acrt_lock_table@@3PAU_RTL_CRITICAL_SECTION@@A 0000000180033f80     libucrt:locks.obj
 0003:000021b0       ?__acrt_locks_initialized@@3IA 00000001800341b0     libucrt:locks.obj
 0003:000021d0       ?fSystemSet@@3HA           00000001800341d0     libucrt:mbctype.obj
 0003:000021d4       ?initialized@?1??__acrt_initialize_multibyte@@9@4_NA 00000001800341d4     libucrt:mbctype.obj
 0003:00002210       ?ctrlc_action@@3V?$dual_state_global@P6AXH@Z@__crt_state_management@@A 0000000180034210     libucrt:signal.obj
 0003:00002218       ?ctrlbreak_action@@3V?$dual_state_global@P6AXH@Z@__crt_state_management@@A 0000000180034218     libucrt:signal.obj
 0003:00002220       ?abort_action@@3V?$dual_state_global@P6AXH@Z@__crt_state_management@@A 0000000180034220     libucrt:signal.obj
 0003:00002228       ?term_action@@3V?$dual_state_global@P6AXH@Z@__crt_state_management@@A 0000000180034228     libucrt:signal.obj
 0003:00002230       ?user_matherr@@3V?$dual_state_global@P6AHPEAU_exception@@@Z@__crt_state_management@@A 0000000180034230     libucrt:matherr.obj
 0003:00002238       ?__acrt_global_new_mode@@3V?$dual_state_global@J@__crt_state_management@@A 0000000180034238     libucrt:new_mode.obj
 0003:00002248       ?internal_pst@?1??__mbrtoc32_utf8@__crt_mbstring@@YA_KPEA_UPEBD_KPEAU_Mbstatet@@@Z@4U3@A 0000000180034248     libucrt:mbrtoc32.obj
 0003:00002250       ?__acrt_app_type@@3W4_crt_app_type@@A 0000000180034250     libucrt:report_runtime_error.obj
 0005:00000000       MoveSmall                  0000000180037000     libvcruntime:memcpy.obj
 0005:00000050       MsetTab                    0000000180037050     libvcruntime:memset.obj
 0006:00000220       $R000000                   0000000180038220     POSKeyboard.res
 0006:00000bc0       $R0009A0                   0000000180038bc0     POSKeyboard.res
 0006:00000ca8       $R000A88                   0000000180038ca8     POSKeyboard.res
 0006:00000f10       $R000CF0                   0000000180038f10     POSKeyboard.res
 0006:00001480       $R001260                   0000000180039480     POSKeyboard.res
 0006:00003ba0       $R003980                   000000018003bba0     POSKeyboard.res
 0006:00003bd8       $R0039B8                   000000018003bbd8     POSKeyboard.res
