 OPOSMSR

 Timestamp is 5b863e33 (Wed Aug 29 15:33:23 2018)

 Preferred load address is 0000000180000000

 Start         Length     Name                   Class
 0001:00000000 000000c0H .text$di                CODE
 0001:000000c0 0001ffd0H .text$mn                CODE
 0001:00020090 00000020H .text$mn$00             CODE
 0001:000200b0 00000400H .text$x                 CODE
 0001:000204b0 000000c0H .text$yd                CODE
 0002:00000000 00000620H .idata$5                DATA
 0002:00000620 00000010H .00cfg                  DATA
 0002:00000630 00000008H .CRT$XCA                DATA
 0002:00000638 00000008H .CRT$XCL                DATA
 0002:00000640 00000020H .CRT$XCU                DATA
 0002:00000660 00000008H .CRT$XCZ                DATA
 0002:00000668 00000008H .CRT$XIA                DATA
 0002:00000670 00000020H .CRT$XIC                DATA
 0002:00000690 00000008H .CRT$XIZ                DATA
 0002:00000698 00000008H .CRT$XLA                DATA
 0002:000006a0 00000008H .CRT$XLZ                DATA
 0002:000006a8 00000008H .CRT$XPA                DATA
 0002:000006b0 00000010H .CRT$XPX                DATA
 0002:000006c0 00000008H .CRT$XPXA               DATA
 0002:000006c8 00000008H .CRT$XPZ                DATA
 0002:000006d0 00000008H .CRT$XTA                DATA
 0002:000006d8 00000008H .CRT$XTZ                DATA
 0002:000006e0 00000000H .gfids$y                DATA
 0002:000006e0 0000a480H .rdata                  DATA
 0002:0000ab60 00000028H .rdata$T                DATA
 0002:0000ab88 00000274H .rdata$r                DATA
 0002:0000adfc 000003f4H .rdata$zzzdbg           DATA
 0002:0000b1f0 00000008H .rtc$IAA                DATA
 0002:0000b1f8 00000008H .rtc$IZZ                DATA
 0002:0000b200 00000008H .rtc$TAA                DATA
 0002:0000b208 00000008H .rtc$TZZ                DATA
 0002:0000b210 00000004H .tls                    DATA
 0002:0000b214 00000004H .tls$                   DATA
 0002:0000b218 00000008H .tls$ZZZ                DATA
 0002:0000b220 000016b0H .xdata                  DATA
 0002:0000c8d0 00000150H .xdata$x                DATA
 0002:0000ca20 00000008H ATL$__a                 DATA
 0002:0000ca28 00000008H ATL$__z                 DATA
 0002:0000ca30 000000a4H .edata                  DATA
 0002:0000cad4 00000078H .idata$2                DATA
 0002:0000cb4c 00000014H .idata$3                DATA
 0002:0000cb60 00000620H .idata$4                DATA
 0002:0000d180 00000c1cH .idata$6                DATA
 0003:00000000 00000c98H .data                   DATA
 0003:00000c98 000000c8H .data$r                 DATA
 0003:00000d60 000013fcH .bss                    DATA
 0004:00000000 00001f50H .pdata                  DATA
 0005:00000000 00000220H .rsrc$01                DATA
 0005:00000220 00005b08H .rsrc$02                DATA

  Address         Publics by Value              Rva+Base               Lib:Object

 0000:00000000       __guard_fids_count         0000000000000000     <absolute>
 0000:00000000       __hybrid_code_map          0000000000000000     <absolute>
 0000:00000000       __guard_longjmp_count      0000000000000000     <absolute>
 0000:00000000       __guard_iat_count          0000000000000000     <absolute>
 0000:00000000       __guard_longjmp_table      0000000000000000     <absolute>
 0000:00000000       __volatile_metadata        0000000000000000     <absolute>
 0000:00000000       __guard_iat_table          0000000000000000     <absolute>
 0000:00000000       __hybrid_code_map_count    0000000000000000     <absolute>
 0000:00000000       __enclave_config           0000000000000000     <absolute>
 0000:00000000       ___safe_se_handler_count   0000000000000000     <absolute>
 0000:00000000       ___safe_se_handler_table   0000000000000000     <absolute>
 0000:00000000       __guard_fids_table         0000000000000000     <absolute>
 0000:00000000       __hybrid_auxiliary_iat     0000000000000000     <absolute>
 0000:00000000       __dynamic_value_reloc_table 0000000000000000     <absolute>
 0000:00000100       __guard_flags              0000000000000100     <absolute>
 0000:00000000       __ImageBase                0000000180000000     <linker-defined>
 0001:000000c0       ?DupWide@_CW@@AEAAXXZ      00000001800010c0 f   CWString.obj
 0001:000000e8       ?cw_dup@@YAXPEBDAEAHAEAPEA_W1@Z 00000001800010e8 f   CWString.obj
 0001:00000194       ?cw_memcpy@@YAHPEA_WPEBDH@Z 0000000180001194 f   CWString.obj
 0001:000001e0       ?cw_strcpy@@YAHPEA_WPEBD@Z 00000001800011e0 f   CWString.obj
 0001:000001f4       ??0CAtlComModule@ATL@@QEAA@XZ 00000001800011f4 f i OposVariant.obj
 0001:0000027c       ??0CAtlWinModule@ATL@@QEAA@XZ 000000018000127c f i OposVariant.obj
 0001:000002f0       ??0OposDispParms@@QEAA@PEAVOposVariant@@H@Z 00000001800012f0 f   OposVariant.obj
 0001:00000398       ??1OposDispParms@@QEAA@XZ  0000000180001398 f   OposVariant.obj
 0001:000003b0       ??_Estringdispid@CComTypeInfoHolder@ATL@@QEAAPEAXI@Z 00000001800013b0 f i OposVariant.obj
 0001:00000454       ?AtlWinModuleTerm@ATL@@YAJPEAU_ATL_WIN_MODULE70@1@PEAUHINSTANCE__@@@Z 0000000180001454 f i OposVariant.obj
 0001:00000504       ?ChangeBSTR@OposVariant@@QEAAXPEAPEA_WAEAJ@Z 0000000180001504 f   OposVariant.obj
 0001:00000564       ?ChangeLONG@OposVariant@@QEAAXPEAJAEAJ@Z 0000000180001564 f   OposVariant.obj
 0001:000005c0       ?GetLONG@OposVariant@@QEAAJXZ 00000001800015c0 f   OposVariant.obj
 0001:000005e4       ?SetBSTR@OposVariant@@QEAAXPEA_WAEAJ@Z 00000001800015e4 f   OposVariant.obj
 0001:00000624       ?SetBSTR_Copy@OposVariant@@QEAAXPEA_WAEAJ@Z 0000000180001624 f   OposVariant.obj
 0001:00000694       ?SetBSTR_InOutPtr@OposVariant@@QEAA_NPEAPEA_WAEAJ@Z 0000000180001694 f   OposVariant.obj
 0001:000006e4       ?SetBSTR_OutPtr@OposVariant@@QEAA_NPEAPEA_WAEAJ@Z 00000001800016e4 f   OposVariant.obj
 0001:00000700       ?SetDispatch_Ptr@OposVariant@@QEAAXPEAUIDispatch@@AEAJ@Z 0000000180001700 f   OposVariant.obj
 0001:00000758       ?SetLONG@OposVariant@@QEAAXJ@Z 0000000180001758 f   OposVariant.obj
 0001:00000788       ?SetLONG_Ptr@OposVariant@@QEAAXPEAJAEAJ@Z 0000000180001788 f   OposVariant.obj
 0001:000007d4       ?SetString@OposVariant@@QEAAXPEB_WAEAJ@Z 00000001800017d4 f   OposVariant.obj
 0001:00000838       ?SetVARIANT@OposVariant@@QEAAXAEAUtagVARIANT@@GAEAJ@Z 0000000180001838 f   OposVariant.obj
 0001:000008a8       ?SetVARIANT_BOOL@OposVariant@@QEAAXF@Z 00000001800018a8 f   OposVariant.obj
 0001:000008e0       ?Term@CAtlComModule@ATL@@QEAAXXZ 00000001800018e0 f i OposVariant.obj
 0001:00000950       ?_AtlInitializeCriticalSectionEx@ATL@@YAHPEAU_RTL_CRITICAL_SECTION@@KK@Z 0000000180001950 f i OposVariant.obj
 0001:00000958       ?_AtlRaiseException@ATL@@YAXKK@Z 0000000180001958 f i OposVariant.obj
 0001:00000968       ?UpdateRegistry@COPOSMSR@@SAJH@Z 0000000180001968 f i MSR.obj
 0001:00000980       ?ProcessWindowMessage@COPOSMSR@@UEAAHPEAUHWND__@@I_K_JAEA_JK@Z 0000000180001980 f i MSR.obj
 0001:00000a08       ?SOData@COPOSMSR@@MEAAJJ@Z 0000000180001a08 f i MSR.obj
 0001:00000a58       ?SODirectIO@COPOSMSR@@MEAAJJPEAJPEAPEA_W@Z 0000000180001a58 f i MSR.obj
 0001:00000ad0       ?SOError@COPOSMSR@@MEAAJJJJPEAJ@Z 0000000180001ad0 f i MSR.obj
 0001:00000b58       ?GetControlInfo@?$IOleControlImpl@VCOPOSMSR@@@ATL@@UEAAJPEAUtagCONTROLINFO@@@Z 0000000180001b58 f i MSR.obj
 0001:00000b58       ?QueryInterface@CRegObject@ATL@@UEAAJAEBU_GUID@@PEAPEAX@Z 0000000180001b58 f i MSR.obj
 0001:00000b58       ?GetDropTarget@?$IOleInPlaceObjectWindowlessImpl@VCOPOSMSR@@@ATL@@UEAAJPEAPEAUIDropTarget@@@Z 0000000180001b58 f i MSR.obj
 0001:00000b58       ?SetColorScheme@?$IOleObjectImpl@VCOPOSMSR@@@ATL@@UEAAJPEAUtagLOGPALETTE@@@Z 0000000180001b58 f i MSR.obj
 0001:00000b58       ?SOOutputCompleteDummy@COPOSMSR@@MEAAJJ@Z 0000000180001b58 f i MSR.obj
 0001:00000b58       ?Unfreeze@?$IViewObjectExImpl@VCOPOSMSR@@@ATL@@UEAAJK@Z 0000000180001b58 f i MSR.obj
 0001:00000b58       ?GetDataHere@?$IDataObjectImpl@VCOPOSMSR@@@ATL@@UEAAJPEAUtagFORMATETC@@PEAUtagSTGMEDIUM@@@Z 0000000180001b58 f i MSR.obj
 0001:00000b58       ?GetRect@?$IViewObjectExImpl@VCOPOSMSR@@@ATL@@UEAAJKPEAU_RECTL@@@Z 0000000180001b58 f i MSR.obj
 0001:00000b58       ?InitFromData@?$IOleObjectImpl@VCOPOSMSR@@@ATL@@UEAAJPEAUIDataObject@@HK@Z 0000000180001b58 f i MSR.obj
 0001:00000b58       ?Freeze@?$IViewObjectExImpl@VCOPOSMSR@@@ATL@@UEAAJKJPEAXPEAK@Z 0000000180001b58 f i MSR.obj
 0001:00000b58       ?GetMoniker@?$IOleObjectImpl@VCOPOSMSR@@@ATL@@UEAAJKKPEAPEAUIMoniker@@@Z 0000000180001b58 f i MSR.obj
 0001:00000b58       ?ContextSensitiveHelp@?$IOleInPlaceActiveObjectImpl@VCOPOSMSR@@@ATL@@UEAAJH@Z 0000000180001b58 f i MSR.obj
 0001:00000b58       ?QueryGetData@?$IDataObjectImpl@VCOPOSMSR@@@ATL@@UEAAJPEAUtagFORMATETC@@@Z 0000000180001b58 f i MSR.obj
 0001:00000b58       ?EnumFormatEtc@?$IDataObjectImpl@VCOPOSMSR@@@ATL@@UEAAJKPEAPEAUIEnumFORMATETC@@@Z 0000000180001b58 f i MSR.obj
 0001:00000b58       ?GetCanonicalFormatEtc@?$IDataObjectImpl@VCOPOSMSR@@@ATL@@UEAAJPEAUtagFORMATETC@@0@Z 0000000180001b58 f i MSR.obj
 0001:00000b58       ?OnMnemonic@?$IOleControlImpl@VCOPOSMSR@@@ATL@@UEAAJPEAUtagMSG@@@Z 0000000180001b58 f i MSR.obj
 0001:00000b58       ?ReactivateAndUndo@?$IOleInPlaceObjectWindowlessImpl@VCOPOSMSR@@@ATL@@UEAAJXZ 0000000180001b58 f i MSR.obj
 0001:00000b58       ?SetMoniker@?$IOleObjectImpl@VCOPOSMSR@@@ATL@@UEAAJKPEAUIMoniker@@@Z 0000000180001b58 f i MSR.obj
 0001:00000b58       ?GetClipboardData@?$IOleObjectImpl@VCOPOSMSR@@@ATL@@UEAAJKPEAPEAUIDataObject@@@Z 0000000180001b58 f i MSR.obj
 0001:00000b58       ?GetColorSet@?$IViewObjectExImpl@VCOPOSMSR@@@ATL@@UEAAJKJPEAXPEAUtagDVTARGETDEVICE@@PEAUHDC__@@PEAPEAUtagLOGPALETTE@@@Z 0000000180001b58 f i MSR.obj
 0001:00000b58       ?ContextSensitiveHelp@?$IOleInPlaceObjectWindowlessImpl@VCOPOSMSR@@@ATL@@UEAAJH@Z 0000000180001b58 f i MSR.obj
 0001:00000b58       ?SetData@?$IDataObjectImpl@VCOPOSMSR@@@ATL@@UEAAJPEAUtagFORMATETC@@PEAUtagSTGMEDIUM@@H@Z 0000000180001b58 f i MSR.obj
 0001:00000b60       ?SOStatusUpdate@COPOSMSR@@MEAAJJ@Z 0000000180001b60 f i MSR.obj
 0001:00000bb0       ?CreateInstance@?$CComCreator@V?$CComObjectCached@VCComClassFactory@ATL@@@ATL@@@ATL@@SAJPEAXAEBU_GUID@@PEAPEAX@Z 0000000180001bb0 f i MSR.obj
 0001:00000cb0       ?CreateInstance@?$CComCreator2@V?$CComCreator@V?$CComObject@VCOPOSMSR@@@ATL@@@ATL@@V?$CComCreator@V?$CComAggObject@VCOPOSMSR@@@ATL@@@2@@ATL@@SAJPEAXAEBU_GUID@@PEAPEAX@Z 0000000180001cb0 f i MSR.obj
 0001:00000cc0       ?AddRef@CRegObject@ATL@@UEAAKXZ 0000000180001cc0 f i MSR.obj
 0001:00000cc0       ?FAccessAllowed@?$IObjectSafetyImpl@VCOPOSMSR@@$02@ATL@@MEAAHXZ 0000000180001cc0 f i MSR.obj
 0001:00000cc8       ?EnableModeless@?$IOleInPlaceActiveObjectImpl@VCOPOSMSR@@@ATL@@UEAAJH@Z 0000000180001cc8 f i MSR.obj
 0001:00000cc8       ?OnFrameWindowActivate@?$IOleInPlaceActiveObjectImpl@VCOPOSMSR@@@ATL@@UEAAJH@Z 0000000180001cc8 f i MSR.obj
 0001:00000cc8       ?OnAmbientPropertyChange@?$IOleControlImpl@VCOPOSMSR@@@ATL@@UEAAJJ@Z 0000000180001cc8 f i MSR.obj
 0001:00000cc8       ?IsUpToDate@?$IOleObjectImpl@VCOPOSMSR@@@ATL@@UEAAJXZ 0000000180001cc8 f i MSR.obj
 0001:00000cc8       ?SetHostNames@?$IOleObjectImpl@VCOPOSMSR@@@ATL@@UEAAJPEB_W0@Z 0000000180001cc8 f i MSR.obj
 0001:00000cc8       ?Release@CRegObject@ATL@@UEAAKXZ 0000000180001cc8 f i MSR.obj
 0001:00000cc8       ?GetCategoryMap@CComObjectRootBase@ATL@@SAPEBU_ATL_CATMAP_ENTRY@2@XZ 0000000180001cc8 f i MSR.obj
 0001:00000cc8       ?ResizeBorder@?$IOleInPlaceActiveObjectImpl@VCOPOSMSR@@@ATL@@UEAAJPEBUtagRECT@@PEAUIOleInPlaceUIWindow@@H@Z 0000000180001cc8 f i MSR.obj
 0001:00000cc8       ?HandsOffStorage@?$IPersistStorageImpl@VCOPOSMSR@@@ATL@@UEAAJXZ 0000000180001cc8 f i MSR.obj
 0001:00000cc8       ?Update@?$IOleObjectImpl@VCOPOSMSR@@@ATL@@UEAAJXZ 0000000180001cc8 f i MSR.obj
 0001:00000cc8       ?GetObjectDescription@?$CComCoClass@VCOPOSMSR@@$1?CLSID_OPOSMSR@@3U_GUID@@B@ATL@@SAPEB_WXZ 0000000180001cc8 f i MSR.obj
 0001:00000cc8       ?SaveCompleted@?$IPersistStorageImpl@VCOPOSMSR@@@ATL@@UEAAJPEAUIStorage@@@Z 0000000180001cc8 f i MSR.obj
 0001:00000ccc       ?AddReplacement@CRegObject@ATL@@UEAAJPEB_W0@Z 0000000180001ccc f i MSR.obj
 0001:00000cfc       ?ClearReplacements@CRegObject@ATL@@UEAAJXZ 0000000180001cfc f i MSR.obj
 0001:00000d08       ??_ECRegObject@ATL@@UEAAPEAXI@Z 0000000180001d08 f i MSR.obj
 0001:00000d08       ??_GCRegObject@ATL@@UEAAPEAXI@Z 0000000180001d08 f i MSR.obj
 0001:00000d88       ?Next@?$CComEnumImpl@UIEnumConnectionPoints@@$1?_GUID_b196b285_bab4_101a_b69c_00aa00341d07@@3U__s_GUID@@BPEAUIConnectionPoint@@V?$_CopyInterface@UIConnectionPoint@@@ATL@@@ATL@@UEAAJKPEAPEAUIConnectionPoint@@PEAK@Z 0000000180001d88 f i MSR.obj
 0001:00000e54       ?Skip@?$CComEnumImpl@UIEnumConnectionPoints@@$1?_GUID_b196b285_bab4_101a_b69c_00aa00341d07@@3U__s_GUID@@BPEAUIConnectionPoint@@V?$_CopyInterface@UIConnectionPoint@@@ATL@@@ATL@@UEAAJK@Z 0000000180001e54 f i MSR.obj
 0001:00000e80       ?Reset@?$CComEnumImpl@UIEnumConnectionPoints@@$1?_GUID_b196b285_bab4_101a_b69c_00aa00341d07@@3U__s_GUID@@BPEAUIConnectionPoint@@V?$_CopyInterface@UIConnectionPoint@@@ATL@@@ATL@@UEAAJXZ 0000000180001e80 f i MSR.obj
 0001:00000e80       ?Reset@?$CComEnumImpl@UIEnumConnections@@$1?_GUID_b196b287_bab4_101a_b69c_00aa00341d07@@3U__s_GUID@@BUtagCONNECTDATA@@V?$_Copy@UtagCONNECTDATA@@@ATL@@@ATL@@UEAAJXZ 0000000180001e80 f i MSR.obj
 0001:00000e8c       ?Clone@?$CComEnumImpl@UIEnumConnectionPoints@@$1?_GUID_b196b285_bab4_101a_b69c_00aa00341d07@@3U__s_GUID@@BPEAUIConnectionPoint@@V?$_CopyInterface@UIConnectionPoint@@@ATL@@@ATL@@UEAAJPEAPEAUIEnumConnectionPoints@@@Z 0000000180001e8c f i MSR.obj
 0001:00000fb4       ?AddRef@?$CComObject@V?$CComEnum@UIEnumConnections@@$1?_GUID_b196b287_bab4_101a_b69c_00aa00341d07@@3U__s_GUID@@BUtagCONNECTDATA@@V?$_Copy@UtagCONNECTDATA@@@ATL@@VCComSingleThreadModel@6@@ATL@@@ATL@@UEAAKXZ 0000000180001fb4 f i MSR.obj
 0001:00000fb4       ?AddRef@?$CComObject@V?$CComEnum@UIEnumConnectionPoints@@$1?_GUID_b196b285_bab4_101a_b69c_00aa00341d07@@3U__s_GUID@@BPEAUIConnectionPoint@@V?$_CopyInterface@UIConnectionPoint@@@ATL@@VCComSingleThreadModel@6@@ATL@@@ATL@@UEAAKXZ 0000000180001fb4 f i MSR.obj
 0001:00000fc0       ?Release@?$CComObject@V?$CComEnum@UIEnumConnectionPoints@@$1?_GUID_b196b285_bab4_101a_b69c_00aa00341d07@@3U__s_GUID@@BPEAUIConnectionPoint@@V?$_CopyInterface@UIConnectionPoint@@@ATL@@VCComSingleThreadModel@6@@ATL@@@ATL@@UEAAKXZ 0000000180001fc0 f i MSR.obj
 0001:00000fc0       ?Release@?$CComObject@V?$CComEnum@UIEnumConnections@@$1?_GUID_b196b287_bab4_101a_b69c_00aa00341d07@@3U__s_GUID@@BUtagCONNECTDATA@@V?$_Copy@UtagCONNECTDATA@@@ATL@@VCComSingleThreadModel@6@@ATL@@@ATL@@UEAAKXZ 0000000180001fc0 f i MSR.obj
 0001:00001014       ?QueryInterface@?$CComObject@V?$CComEnum@UIEnumConnectionPoints@@$1?_GUID_b196b285_bab4_101a_b69c_00aa00341d07@@3U__s_GUID@@BPEAUIConnectionPoint@@V?$_CopyInterface@UIConnectionPoint@@@ATL@@VCComSingleThreadModel@6@@ATL@@@ATL@@UEAAJAEBU_GUID@@PEAPEAX@Z 0000000180002014 f i MSR.obj
 0001:00001028       ??_E?$CComObject@V?$CComEnum@UIEnumConnectionPoints@@$1?_GUID_b196b285_bab4_101a_b69c_00aa00341d07@@3U__s_GUID@@BPEAUIConnectionPoint@@V?$_CopyInterface@UIConnectionPoint@@@ATL@@VCComSingleThreadModel@6@@ATL@@@ATL@@UEAAPEAXI@Z 0000000180002028 f i MSR.obj
 0001:00001028       ??_G?$CComObject@V?$CComEnum@UIEnumConnectionPoints@@$1?_GUID_b196b285_bab4_101a_b69c_00aa00341d07@@3U__s_GUID@@BPEAUIConnectionPoint@@V?$_CopyInterface@UIConnectionPoint@@@ATL@@VCComSingleThreadModel@6@@ATL@@@ATL@@UEAAPEAXI@Z 0000000180002028 f i MSR.obj
 0001:00001080       ?AddRef@?$CComObjectCached@VCComClassFactory@ATL@@@ATL@@UEAAKXZ 0000000180002080 f i MSR.obj
 0001:000010ac       ?Release@?$CComObjectCached@VCComClassFactory@ATL@@@ATL@@UEAAKXZ 00000001800020ac f i MSR.obj
 0001:000010ec       ?QueryInterface@?$CComObjectCached@VCComClassFactory@ATL@@@ATL@@UEAAJAEBU_GUID@@PEAPEAX@Z 00000001800020ec f i MSR.obj
 0001:00001100       ??_G?$CComObjectCached@VCComClassFactory@ATL@@@ATL@@UEAAPEAXI@Z 0000000180002100 f i MSR.obj
 0001:00001100       ??_E?$CComObjectCached@VCComClassFactory@ATL@@@ATL@@UEAAPEAXI@Z 0000000180002100 f i MSR.obj
 0001:00001158       ?AddRef@?$CComAggObject@VCOPOSMSR@@@ATL@@UEAAKXZ 0000000180002158 f i MSR.obj
 0001:00001164       ?Release@?$CComAggObject@VCOPOSMSR@@@ATL@@UEAAKXZ 0000000180002164 f i MSR.obj
 0001:000011b8       ?QueryInterface@?$CComAggObject@VCOPOSMSR@@@ATL@@UEAAJAEBU_GUID@@PEAPEAX@Z 00000001800021b8 f i MSR.obj
 0001:00001218       ?AddRef@?$CComContainedObject@VCOPOSMSR@@@ATL@@UEAAKXZ 0000000180002218 f i MSR.obj
 0001:00001228       ?Release@?$CComContainedObject@VCOPOSMSR@@@ATL@@UEAAKXZ 0000000180002228 f i MSR.obj
 0001:00001238       ?QueryInterface@?$CComContainedObject@VCOPOSMSR@@@ATL@@UEAAJAEBU_GUID@@PEAPEAX@Z 0000000180002238 f i MSR.obj
 0001:00001248       ??_E?$CComAggObject@VCOPOSMSR@@@ATL@@UEAAPEAXI@Z 0000000180002248 f i MSR.obj
 0001:00001248       ??_G?$CComAggObject@VCOPOSMSR@@@ATL@@UEAAPEAXI@Z 0000000180002248 f i MSR.obj
 0001:000012a0       ?AddRef@?$CComObject@VCOPOSMSR@@@ATL@@UEAAKXZ 00000001800022a0 f i MSR.obj
 0001:000012b0       ?Release@?$CComObject@VCOPOSMSR@@@ATL@@UEAAKXZ 00000001800022b0 f i MSR.obj
 0001:00001308       ?QueryInterface@?$CComObject@VCOPOSMSR@@@ATL@@UEAAJAEBU_GUID@@PEAPEAX@Z 0000000180002308 f i MSR.obj
 0001:0000131c       ?OnDrawAdvanced@CComControlBase@ATL@@UEAAJAEAUATL_DRAWINFO@@@Z 000000018000231c f i MSR.obj
 0001:0000143c       ?ObjectMain@CComObjectRootBase@ATL@@SAX_N@Z 000000018000243c f i MSR.obj
 0001:0000143c       ?OnFinalMessage@?$CWindowImplBaseT@VCWindow@ATL@@V?$CWinTraits@$0FGAAAAAA@$0A@@2@@ATL@@UEAAXPEAUHWND__@@@Z 000000018000243c f i MSR.obj
 0001:00001440       ?CreateInstance@CComClassFactory@ATL@@UEAAJPEAUIUnknown@@AEBU_GUID@@PEAPEAX@Z 0000000180002440 f i MSR.obj
 0001:000014a0       ?LockServer@CComClassFactory@ATL@@UEAAJH@Z 00000001800024a0 f i MSR.obj
 0001:000014c4       ??_GCComClassFactory@ATL@@UEAAPEAXI@Z 00000001800024c4 f i MSR.obj
 0001:000014c4       ??_ECComClassFactory@ATL@@UEAAPEAXI@Z 00000001800024c4 f i MSR.obj
 0001:00001514       ?Next@?$CComEnumImpl@UIEnumConnections@@$1?_GUID_b196b287_bab4_101a_b69c_00aa00341d07@@3U__s_GUID@@BUtagCONNECTDATA@@V?$_Copy@UtagCONNECTDATA@@@ATL@@@ATL@@UEAAJKPEAUtagCONNECTDATA@@PEAK@Z 0000000180002514 f i MSR.obj
 0001:000015e8       ?Skip@?$CComEnumImpl@UIEnumConnections@@$1?_GUID_b196b287_bab4_101a_b69c_00aa00341d07@@3U__s_GUID@@BUtagCONNECTDATA@@V?$_Copy@UtagCONNECTDATA@@@ATL@@@ATL@@UEAAJK@Z 00000001800025e8 f i MSR.obj
 0001:00001614       ?Clone@?$CComEnumImpl@UIEnumConnections@@$1?_GUID_b196b287_bab4_101a_b69c_00aa00341d07@@3U__s_GUID@@BUtagCONNECTDATA@@V?$_Copy@UtagCONNECTDATA@@@ATL@@@ATL@@UEAAJPEAPEAUIEnumConnections@@@Z 0000000180002614 f i MSR.obj
 0001:0000173c       ?QueryInterface@?$CComObject@V?$CComEnum@UIEnumConnections@@$1?_GUID_b196b287_bab4_101a_b69c_00aa00341d07@@3U__s_GUID@@BUtagCONNECTDATA@@V?$_Copy@UtagCONNECTDATA@@@ATL@@VCComSingleThreadModel@6@@ATL@@@ATL@@UEAAJAEBU_GUID@@PEAPEAX@Z 000000018000273c f i MSR.obj
 0001:00001750       ??_G?$CComObject@V?$CComEnum@UIEnumConnections@@$1?_GUID_b196b287_bab4_101a_b69c_00aa00341d07@@3U__s_GUID@@BUtagCONNECTDATA@@V?$_Copy@UtagCONNECTDATA@@@ATL@@VCComSingleThreadModel@6@@ATL@@@ATL@@UEAAPEAXI@Z 0000000180002750 f i MSR.obj
 0001:00001750       ??_E?$CComObject@V?$CComEnum@UIEnumConnections@@$1?_GUID_b196b287_bab4_101a_b69c_00aa00341d07@@3U__s_GUID@@BUtagCONNECTDATA@@V?$_Copy@UtagCONNECTDATA@@@ATL@@VCComSingleThreadModel@6@@ATL@@@ATL@@UEAAPEAXI@Z 0000000180002750 f i MSR.obj
 0001:000017a8       ??_E?$CComObject@VCOPOSMSR@@@ATL@@W7EAAPEAXI@Z 00000001800027a8 f i MSR.obj
 0001:000017b4       ??_E?$CComObject@VCOPOSMSR@@@ATL@@WHA@EAAPEAXI@Z 00000001800027b4 f i MSR.obj
 0001:000017c0       ?QueryInterface@?$CComObject@VCOPOSMSR@@@ATL@@WLI@EAAJAEBU_GUID@@PEAPEAX@Z 00000001800027c0 f i MSR.obj
 0001:000017cc       ?AddRef@?$CComObject@VCOPOSMSR@@@ATL@@WLI@EAAKXZ 00000001800027cc f i MSR.obj
 0001:000017d8       ?Release@?$CComObject@VCOPOSMSR@@@ATL@@WLI@EAAKXZ 00000001800027d8 f i MSR.obj
 0001:000017e4       ?QueryInterface@?$CComObject@VCOPOSMSR@@@ATL@@WMA@EAAJAEBU_GUID@@PEAPEAX@Z 00000001800027e4 f i MSR.obj
 0001:000017f0       ?AddRef@?$CComObject@VCOPOSMSR@@@ATL@@WMA@EAAKXZ 00000001800027f0 f i MSR.obj
 0001:000017fc       ?Release@?$CComObject@VCOPOSMSR@@@ATL@@WMA@EAAKXZ 00000001800027fc f i MSR.obj
 0001:00001808       ?QueryInterface@?$CComObject@VCOPOSMSR@@@ATL@@WMI@EAAJAEBU_GUID@@PEAPEAX@Z 0000000180002808 f i MSR.obj
 0001:00001814       ?AddRef@?$CComObject@VCOPOSMSR@@@ATL@@WMI@EAAKXZ 0000000180002814 f i MSR.obj
 0001:00001820       ?Release@?$CComObject@VCOPOSMSR@@@ATL@@WMI@EAAKXZ 0000000180002820 f i MSR.obj
 0001:0000182c       ?QueryInterface@?$CComObject@VCOPOSMSR@@@ATL@@WNA@EAAJAEBU_GUID@@PEAPEAX@Z 000000018000282c f i MSR.obj
 0001:00001838       ?AddRef@?$CComObject@VCOPOSMSR@@@ATL@@WNA@EAAKXZ 0000000180002838 f i MSR.obj
 0001:00001844       ?Release@?$CComObject@VCOPOSMSR@@@ATL@@WNA@EAAKXZ 0000000180002844 f i MSR.obj
 0001:00001850       ?QueryInterface@?$CComObject@VCOPOSMSR@@@ATL@@WNI@EAAJAEBU_GUID@@PEAPEAX@Z 0000000180002850 f i MSR.obj
 0001:0000185c       ?AddRef@?$CComObject@VCOPOSMSR@@@ATL@@WNI@EAAKXZ 000000018000285c f i MSR.obj
 0001:00001868       ?Release@?$CComObject@VCOPOSMSR@@@ATL@@WNI@EAAKXZ 0000000180002868 f i MSR.obj
 0001:00001874       ?QueryInterface@?$CComObject@VCOPOSMSR@@@ATL@@WOA@EAAJAEBU_GUID@@PEAPEAX@Z 0000000180002874 f i MSR.obj
 0001:00001880       ?AddRef@?$CComObject@VCOPOSMSR@@@ATL@@WOA@EAAKXZ 0000000180002880 f i MSR.obj
 0001:0000188c       ?Release@?$CComObject@VCOPOSMSR@@@ATL@@WOA@EAAKXZ 000000018000288c f i MSR.obj
 0001:00001898       ?QueryInterface@?$CComObject@VCOPOSMSR@@@ATL@@WOI@EAAJAEBU_GUID@@PEAPEAX@Z 0000000180002898 f i MSR.obj
 0001:000018a4       ?AddRef@?$CComObject@VCOPOSMSR@@@ATL@@WOI@EAAKXZ 00000001800028a4 f i MSR.obj
 0001:000018b0       ?Release@?$CComObject@VCOPOSMSR@@@ATL@@WOI@EAAKXZ 00000001800028b0 f i MSR.obj
 0001:000018bc       ?QueryInterface@?$CComObject@VCOPOSMSR@@@ATL@@WPA@EAAJAEBU_GUID@@PEAPEAX@Z 00000001800028bc f i MSR.obj
 0001:000018c8       ?AddRef@?$CComObject@VCOPOSMSR@@@ATL@@WPA@EAAKXZ 00000001800028c8 f i MSR.obj
 0001:000018d4       ?Release@?$CComObject@VCOPOSMSR@@@ATL@@WPA@EAAKXZ 00000001800028d4 f i MSR.obj
 0001:000018e0       ?QueryInterface@?$CComObject@VCOPOSMSR@@@ATL@@WPI@EAAJAEBU_GUID@@PEAPEAX@Z 00000001800028e0 f i MSR.obj
 0001:000018ec       ?AddRef@?$CComObject@VCOPOSMSR@@@ATL@@WPI@EAAKXZ 00000001800028ec f i MSR.obj
 0001:000018f8       ?Release@?$CComObject@VCOPOSMSR@@@ATL@@WPI@EAAKXZ 00000001800028f8 f i MSR.obj
 0001:00001904       ?QueryInterface@?$CComObject@VCOPOSMSR@@@ATL@@WBAA@EAAJAEBU_GUID@@PEAPEAX@Z 0000000180002904 f i MSR.obj
 0001:00001910       ?AddRef@?$CComObject@VCOPOSMSR@@@ATL@@WBAA@EAAKXZ 0000000180002910 f i MSR.obj
 0001:0000191c       ?Release@?$CComObject@VCOPOSMSR@@@ATL@@WBAA@EAAKXZ 000000018000291c f i MSR.obj
 0001:00001928       ?QueryInterface@?$CComObject@VCOPOSMSR@@@ATL@@WBAI@EAAJAEBU_GUID@@PEAPEAX@Z 0000000180002928 f i MSR.obj
 0001:00001934       ?AddRef@?$CComObject@VCOPOSMSR@@@ATL@@WBAI@EAAKXZ 0000000180002934 f i MSR.obj
 0001:00001940       ?Release@?$CComObject@VCOPOSMSR@@@ATL@@WBAI@EAAKXZ 0000000180002940 f i MSR.obj
 0001:0000194c       ?QueryInterface@?$CComObject@VCOPOSMSR@@@ATL@@WBBA@EAAJAEBU_GUID@@PEAPEAX@Z 000000018000294c f i MSR.obj
 0001:00001958       ?AddRef@?$CComObject@VCOPOSMSR@@@ATL@@WBBA@EAAKXZ 0000000180002958 f i MSR.obj
 0001:00001964       ?Release@?$CComObject@VCOPOSMSR@@@ATL@@WBBA@EAAKXZ 0000000180002964 f i MSR.obj
 0001:00001970       ?QueryInterface@?$CComObject@VCOPOSMSR@@@ATL@@WBBI@EAAJAEBU_GUID@@PEAPEAX@Z 0000000180002970 f i MSR.obj
 0001:0000197c       ?AddRef@?$CComObject@VCOPOSMSR@@@ATL@@WBBI@EAAKXZ 000000018000297c f i MSR.obj
 0001:00001988       ?Release@?$CComObject@VCOPOSMSR@@@ATL@@WBBI@EAAKXZ 0000000180002988 f i MSR.obj
 0001:00001994       ?AddRef@?$CComObject@VCOPOSMSR@@@ATL@@WBCI@EAAKXZ 0000000180002994 f i MSR.obj
 0001:000019a0       ?Release@?$CComObject@VCOPOSMSR@@@ATL@@WBCI@EAAKXZ 00000001800029a0 f i MSR.obj
 0001:000019ac       ?AddRef@?$CComObject@VCOPOSMSR@@@ATL@@WBEA@EAAKXZ 00000001800029ac f i MSR.obj
 0001:000019b8       ?Release@?$CComObject@VCOPOSMSR@@@ATL@@WBEA@EAAKXZ 00000001800029b8 f i MSR.obj
 0001:000019c4       ??_E?$CComContainedObject@VCOPOSMSR@@@ATL@@W7EAAPEAXI@Z 00000001800029c4 f i MSR.obj
 0001:000019d0       ??_E?$CComContainedObject@VCOPOSMSR@@@ATL@@WHA@EAAPEAXI@Z 00000001800029d0 f i MSR.obj
 0001:000019dc       ?QueryInterface@?$CComContainedObject@VCOPOSMSR@@@ATL@@WLI@EAAJAEBU_GUID@@PEAPEAX@Z 00000001800029dc f i MSR.obj
 0001:000019e8       ?AddRef@?$CComContainedObject@VCOPOSMSR@@@ATL@@WLI@EAAKXZ 00000001800029e8 f i MSR.obj
 0001:000019f4       ?Release@?$CComContainedObject@VCOPOSMSR@@@ATL@@WLI@EAAKXZ 00000001800029f4 f i MSR.obj
 0001:00001a00       ?QueryInterface@?$CComContainedObject@VCOPOSMSR@@@ATL@@WMA@EAAJAEBU_GUID@@PEAPEAX@Z 0000000180002a00 f i MSR.obj
 0001:00001a0c       ?AddRef@?$CComContainedObject@VCOPOSMSR@@@ATL@@WMA@EAAKXZ 0000000180002a0c f i MSR.obj
 0001:00001a18       ?Release@?$CComContainedObject@VCOPOSMSR@@@ATL@@WMA@EAAKXZ 0000000180002a18 f i MSR.obj
 0001:00001a24       ?QueryInterface@?$CComContainedObject@VCOPOSMSR@@@ATL@@WMI@EAAJAEBU_GUID@@PEAPEAX@Z 0000000180002a24 f i MSR.obj
 0001:00001a30       ?AddRef@?$CComContainedObject@VCOPOSMSR@@@ATL@@WMI@EAAKXZ 0000000180002a30 f i MSR.obj
 0001:00001a3c       ?Release@?$CComContainedObject@VCOPOSMSR@@@ATL@@WMI@EAAKXZ 0000000180002a3c f i MSR.obj
 0001:00001a48       ?QueryInterface@?$CComContainedObject@VCOPOSMSR@@@ATL@@WNA@EAAJAEBU_GUID@@PEAPEAX@Z 0000000180002a48 f i MSR.obj
 0001:00001a54       ?AddRef@?$CComContainedObject@VCOPOSMSR@@@ATL@@WNA@EAAKXZ 0000000180002a54 f i MSR.obj
 0001:00001a60       ?Release@?$CComContainedObject@VCOPOSMSR@@@ATL@@WNA@EAAKXZ 0000000180002a60 f i MSR.obj
 0001:00001a6c       ?QueryInterface@?$CComContainedObject@VCOPOSMSR@@@ATL@@WNI@EAAJAEBU_GUID@@PEAPEAX@Z 0000000180002a6c f i MSR.obj
 0001:00001a78       ?AddRef@?$CComContainedObject@VCOPOSMSR@@@ATL@@WNI@EAAKXZ 0000000180002a78 f i MSR.obj
 0001:00001a84       ?Release@?$CComContainedObject@VCOPOSMSR@@@ATL@@WNI@EAAKXZ 0000000180002a84 f i MSR.obj
 0001:00001a90       ?QueryInterface@?$CComContainedObject@VCOPOSMSR@@@ATL@@WOA@EAAJAEBU_GUID@@PEAPEAX@Z 0000000180002a90 f i MSR.obj
 0001:00001a9c       ?AddRef@?$CComContainedObject@VCOPOSMSR@@@ATL@@WOA@EAAKXZ 0000000180002a9c f i MSR.obj
 0001:00001aa8       ?Release@?$CComContainedObject@VCOPOSMSR@@@ATL@@WOA@EAAKXZ 0000000180002aa8 f i MSR.obj
 0001:00001ab4       ?QueryInterface@?$CComContainedObject@VCOPOSMSR@@@ATL@@WOI@EAAJAEBU_GUID@@PEAPEAX@Z 0000000180002ab4 f i MSR.obj
 0001:00001ac0       ?AddRef@?$CComContainedObject@VCOPOSMSR@@@ATL@@WOI@EAAKXZ 0000000180002ac0 f i MSR.obj
 0001:00001acc       ?Release@?$CComContainedObject@VCOPOSMSR@@@ATL@@WOI@EAAKXZ 0000000180002acc f i MSR.obj
 0001:00001ad8       ?QueryInterface@?$CComContainedObject@VCOPOSMSR@@@ATL@@WPA@EAAJAEBU_GUID@@PEAPEAX@Z 0000000180002ad8 f i MSR.obj
 0001:00001ae4       ?AddRef@?$CComContainedObject@VCOPOSMSR@@@ATL@@WPA@EAAKXZ 0000000180002ae4 f i MSR.obj
 0001:00001af0       ?Release@?$CComContainedObject@VCOPOSMSR@@@ATL@@WPA@EAAKXZ 0000000180002af0 f i MSR.obj
 0001:00001afc       ?QueryInterface@?$CComContainedObject@VCOPOSMSR@@@ATL@@WPI@EAAJAEBU_GUID@@PEAPEAX@Z 0000000180002afc f i MSR.obj
 0001:00001b08       ?AddRef@?$CComContainedObject@VCOPOSMSR@@@ATL@@WPI@EAAKXZ 0000000180002b08 f i MSR.obj
 0001:00001b14       ?Release@?$CComContainedObject@VCOPOSMSR@@@ATL@@WPI@EAAKXZ 0000000180002b14 f i MSR.obj
 0001:00001b20       ?QueryInterface@?$CComContainedObject@VCOPOSMSR@@@ATL@@WBAA@EAAJAEBU_GUID@@PEAPEAX@Z 0000000180002b20 f i MSR.obj
 0001:00001b2c       ?AddRef@?$CComContainedObject@VCOPOSMSR@@@ATL@@WBAA@EAAKXZ 0000000180002b2c f i MSR.obj
 0001:00001b38       ?Release@?$CComContainedObject@VCOPOSMSR@@@ATL@@WBAA@EAAKXZ 0000000180002b38 f i MSR.obj
 0001:00001b44       ?QueryInterface@?$CComContainedObject@VCOPOSMSR@@@ATL@@WBAI@EAAJAEBU_GUID@@PEAPEAX@Z 0000000180002b44 f i MSR.obj
 0001:00001b50       ?AddRef@?$CComContainedObject@VCOPOSMSR@@@ATL@@WBAI@EAAKXZ 0000000180002b50 f i MSR.obj
 0001:00001b5c       ?Release@?$CComContainedObject@VCOPOSMSR@@@ATL@@WBAI@EAAKXZ 0000000180002b5c f i MSR.obj
 0001:00001b68       ?QueryInterface@?$CComContainedObject@VCOPOSMSR@@@ATL@@WBBA@EAAJAEBU_GUID@@PEAPEAX@Z 0000000180002b68 f i MSR.obj
 0001:00001b74       ?AddRef@?$CComContainedObject@VCOPOSMSR@@@ATL@@WBBA@EAAKXZ 0000000180002b74 f i MSR.obj
 0001:00001b80       ?Release@?$CComContainedObject@VCOPOSMSR@@@ATL@@WBBA@EAAKXZ 0000000180002b80 f i MSR.obj
 0001:00001b8c       ?QueryInterface@?$CComContainedObject@VCOPOSMSR@@@ATL@@WBBI@EAAJAEBU_GUID@@PEAPEAX@Z 0000000180002b8c f i MSR.obj
 0001:00001b98       ?AddRef@?$CComContainedObject@VCOPOSMSR@@@ATL@@WBBI@EAAKXZ 0000000180002b98 f i MSR.obj
 0001:00001ba4       ?Release@?$CComContainedObject@VCOPOSMSR@@@ATL@@WBBI@EAAKXZ 0000000180002ba4 f i MSR.obj
 0001:00001bb0       ?AddRef@?$CComContainedObject@VCOPOSMSR@@@ATL@@WBCI@EAAKXZ 0000000180002bb0 f i MSR.obj
 0001:00001bbc       ?Release@?$CComContainedObject@VCOPOSMSR@@@ATL@@WBCI@EAAKXZ 0000000180002bbc f i MSR.obj
 0001:00001bc8       ?AddRef@?$CComContainedObject@VCOPOSMSR@@@ATL@@WBEA@EAAKXZ 0000000180002bc8 f i MSR.obj
 0001:00001bd4       ?Release@?$CComContainedObject@VCOPOSMSR@@@ATL@@WBEA@EAAKXZ 0000000180002bd4 f i MSR.obj
 0001:00001be0       ?GetWindowProc@?$CWindowImplBaseT@VCWindow@ATL@@V?$CWinTraits@$0FGAAAAAA@$0A@@2@@ATL@@UEAAP6A_JPEAUHWND__@@I_K_J@ZXZ 0000000180002be0 f i MSR.obj
 0001:00001be8       ?StartWindowProc@?$CWindowImplBaseT@VCWindow@ATL@@V?$CWinTraits@$0FGAAAAAA@$0A@@2@@ATL@@SA_JPEAUHWND__@@I_K_J@Z 0000000180002be8 f i MSR.obj
 0001:00001cac       ?Lock@CAtlModule@ATL@@UEAAJXZ 0000000180002cac f i MSR.obj
 0001:00001cbc       ?Unlock@CAtlModule@ATL@@UEAAJXZ 0000000180002cbc f i MSR.obj
 0001:00001cc8       ?GetLockCount@CAtlModule@ATL@@UEAAJXZ 0000000180002cc8 f i MSR.obj
 0001:00001ccc       ?GetGITPtr@CAtlModule@ATL@@UEAAJPEAPEAUIGlobalInterfaceTable@@@Z 0000000180002ccc f i MSR.obj
 0001:00001d3c       ?GetTypeInfoCount@?$IDispatchImpl@UIOPOSMSR@@$1?IID_IOPOSMSR@@3U_GUID@@B$1?LIBID_OposMSR_CCO@@3U3@B$00$0A@VCComTypeInfoHolder@ATL@@@ATL@@UEAAJPEAI@Z 0000000180002d3c f i MSR.obj
 0001:00001d50       ?GetTypeInfo@?$IDispatchImpl@UIOPOSMSR@@$1?IID_IOPOSMSR@@3U_GUID@@B$1?LIBID_OposMSR_CCO@@3U3@B$00$0A@VCComTypeInfoHolder@ATL@@@ATL@@UEAAJIKPEAPEAUITypeInfo@@@Z 0000000180002d50 f i MSR.obj
 0001:00001db4       ?GetIDsOfNames@?$IDispatchImpl@UIOPOSMSR@@$1?IID_IOPOSMSR@@3U_GUID@@B$1?LIBID_OposMSR_CCO@@3U3@B$00$0A@VCComTypeInfoHolder@ATL@@@ATL@@UEAAJAEBU_GUID@@PEAPEA_WIKPEAJ@Z 0000000180002db4 f i MSR.obj
 0001:00001dc0       ?Invoke@?$IDispatchImpl@UIOPOSMSR@@$1?IID_IOPOSMSR@@3U_GUID@@B$1?LIBID_OposMSR_CCO@@3U3@B$00$0A@VCComTypeInfoHolder@ATL@@@ATL@@UEAAJJAEBU_GUID@@KGPEAUtagDISPPARAMS@@PEAUtagVARIANT@@PEAUtagEXCEPINFO@@PEAI@Z 0000000180002dc0 f i MSR.obj
 0001:00001e50       ?CreateControlWindow@?$CComControl@VCOPOSMSR@@V?$CWindowImpl@VCOPOSMSR@@VCWindow@ATL@@V?$CWinTraits@$0FGAAAAAA@$0A@@3@@ATL@@@ATL@@UEAAPEAUHWND__@@PEAU3@AEAUtagRECT@@@Z 0000000180002e50 f i MSR.obj
 0001:00001e88       ?ControlQueryInterface@?$CComControl@VCOPOSMSR@@V?$CWindowImpl@VCOPOSMSR@@VCWindow@ATL@@V?$CWinTraits@$0FGAAAAAA@$0A@@3@@ATL@@@ATL@@UEAAJAEBU_GUID@@PEAPEAX@Z 0000000180002e88 f i MSR.obj
 0001:00001e9c       ?AddCommonRGSReplacements@?$CAtlModuleT@VCComModule@ATL@@@ATL@@UEAAJPEAUIRegistrarBase@@@Z 0000000180002e9c f i MSR.obj
 0001:00001eb4       ?GetClassID@?$IPersistStreamInitImpl@VCOPOSMSR@@@ATL@@UEAAJPEAU_GUID@@@Z 0000000180002eb4 f i MSR.obj
 0001:00001eb4       ?GetUserClassID@?$IOleObjectImpl@VCOPOSMSR@@@ATL@@UEAAJPEAU_GUID@@@Z 0000000180002eb4 f i MSR.obj
 0001:00001eb4       ?GetClassID@?$IPersistStorageImpl@VCOPOSMSR@@@ATL@@UEAAJPEAU_GUID@@@Z 0000000180002eb4 f i MSR.obj
 0001:00001ed0       ?IsDirty@?$IPersistStreamInitImpl@VCOPOSMSR@@@ATL@@UEAAJXZ 0000000180002ed0 f i MSR.obj
 0001:00001eec       ?Load@?$IPersistStreamInitImpl@VCOPOSMSR@@@ATL@@UEAAJPEAUIStream@@@Z 0000000180002eec f i MSR.obj
 0001:00001f3c       ?Save@?$IPersistStreamInitImpl@VCOPOSMSR@@@ATL@@UEAAJPEAUIStream@@H@Z 0000000180002f3c f i MSR.obj
 0001:00001fa0       ?GetSizeMax@?$IPersistStreamInitImpl@VCOPOSMSR@@@ATL@@UEAAJPEAT_ULARGE_INTEGER@@@Z 0000000180002fa0 f i MSR.obj
 0001:000021cc       ?InitNew@?$IPersistStreamInitImpl@VCOPOSMSR@@@ATL@@UEAAJXZ 00000001800031cc f i MSR.obj
 0001:000021e4       ?SetClientSite@?$IOleObjectImpl@VCOPOSMSR@@@ATL@@UEAAJPEAUIOleClientSite@@@Z 00000001800031e4 f i MSR.obj
 0001:00002200       ?GetClientSite@?$IOleObjectImpl@VCOPOSMSR@@@ATL@@UEAAJPEAPEAUIOleClientSite@@@Z 0000000180003200 f i MSR.obj
 0001:00002248       ?Close@?$IOleObjectImpl@VCOPOSMSR@@@ATL@@UEAAJK@Z 0000000180003248 f i MSR.obj
 0001:00002264       ?UpdateRegistryFromResourceD@CComModule@ATL@@UEAAJIHPEAU_ATL_REGMAP_ENTRY@2@@Z 0000000180003264 f i MSR.obj
 0001:00002264       ?UpdateRegistryFromResourceD@CComModule@ATL@@UEAAJPEB_WHPEAU_ATL_REGMAP_ENTRY@2@@Z 0000000180003264 f i MSR.obj
 0001:0000226c       ?UpdateRegistryFromResource@CComModule@ATL@@UEAAJPEB_WHPEAU_ATL_REGMAP_ENTRY@2@@Z 000000018000326c f i MSR.obj
 0001:00002274       ?UpdateRegistryFromResource@CComModule@ATL@@UEAAJIHPEAU_ATL_REGMAP_ENTRY@2@@Z 0000000180003274 f i MSR.obj
 0001:0000227c       ?DoVerb@?$IOleObjectImpl@VCOPOSMSR@@@ATL@@UEAAJJPEAUtagMSG@@PEAUIOleClientSite@@JPEAUHWND__@@PEBUtagRECT@@@Z 000000018000327c f i MSR.obj
 0001:00002420       ?EnumVerbs@?$IOleObjectImpl@VCOPOSMSR@@@ATL@@UEAAJPEAPEAUIEnumOLEVERB@@@Z 0000000180003420 f i MSR.obj
 0001:0000243c       ?GetUserType@?$IOleObjectImpl@VCOPOSMSR@@@ATL@@UEAAJKPEAPEA_W@Z 000000018000343c f i MSR.obj
 0001:0000244c       ?SetExtent@?$IOleObjectImpl@VCOPOSMSR@@@ATL@@UEAAJKPEAUtagSIZE@@@Z 000000018000344c f i MSR.obj
 0001:00002468       ?GetExtent@?$IOleObjectImpl@VCOPOSMSR@@@ATL@@UEAAJKPEAUtagSIZE@@@Z 0000000180003468 f i MSR.obj
 0001:00002498       ?Advise@?$IOleObjectImpl@VCOPOSMSR@@@ATL@@UEAAJPEAUIAdviseSink@@PEAK@Z 0000000180003498 f i MSR.obj
 0001:000024f4       ?Unadvise@?$IOleObjectImpl@VCOPOSMSR@@@ATL@@UEAAJK@Z 00000001800034f4 f i MSR.obj
 0001:0000252c       ?EnumAdvise@?$IOleObjectImpl@VCOPOSMSR@@@ATL@@UEAAJPEAPEAUIEnumSTATDATA@@@Z 000000018000352c f i MSR.obj
 0001:00002574       ?GetMiscStatus@?$IOleObjectImpl@VCOPOSMSR@@@ATL@@UEAAJKPEAK@Z 0000000180003574 f i MSR.obj
 0001:00002584       ?GetWindow@?$IOleInPlaceActiveObjectImpl@VCOPOSMSR@@@ATL@@UEAAJPEAPEAUHWND__@@@Z 0000000180003584 f i MSR.obj
 0001:000025d8       ??_GCComModule@ATL@@UEAAPEAXI@Z 00000001800035d8 f i MSR.obj
 0001:000025d8       ??_ECComModule@ATL@@UEAAPEAXI@Z 00000001800035d8 f i MSR.obj
 0001:00002658       ?TranslateAcceleratorW@?$IOleInPlaceActiveObjectImpl@VCOPOSMSR@@@ATL@@UEAAJPEAUtagMSG@@@Z 0000000180003658 f i MSR.obj
 0001:0000274c       ?OnDocWindowActivate@?$IOleInPlaceActiveObjectImpl@VCOPOSMSR@@@ATL@@UEAAJH@Z 000000018000374c f i MSR.obj
 0001:00002778       ?Draw@?$IViewObjectExImpl@VCOPOSMSR@@@ATL@@UEAAJKJPEAXPEAUtagDVTARGETDEVICE@@PEAUHDC__@@2PEBU_RECTL@@3P6AH_K@Z4@Z 0000000180003778 f i MSR.obj
 0001:000027dc       ?SetAdvise@?$IViewObjectExImpl@VCOPOSMSR@@@ATL@@UEAAJKKPEAUIAdviseSink@@@Z 00000001800037dc f i MSR.obj
 0001:00002830       ?GetAdvise@?$IViewObjectExImpl@VCOPOSMSR@@@ATL@@UEAAJPEAK0PEAPEAUIAdviseSink@@@Z 0000000180003830 f i MSR.obj
 0001:0000286c       ?GetExtent@?$IViewObjectExImpl@VCOPOSMSR@@@ATL@@UEAAJKJPEAUtagDVTARGETDEVICE@@PEAUtagSIZE@@@Z 000000018000386c f i MSR.obj
 0001:0000289c       ?GetViewStatus@?$IViewObjectExImpl@VCOPOSMSR@@@ATL@@UEAAJPEAK@Z 000000018000389c f i MSR.obj
 0001:000028b0       ?QueryHitPoint@?$IViewObjectExImpl@VCOPOSMSR@@@ATL@@UEAAJKPEBUtagRECT@@UtagPOINT@@JPEAK@Z 00000001800038b0 f i MSR.obj
 0001:000028f4       ?QueryHitRect@?$IViewObjectExImpl@VCOPOSMSR@@@ATL@@UEAAJKPEBUtagRECT@@0JPEAK@Z 00000001800038f4 f i MSR.obj
 0001:0000295c       ?GetNaturalExtent@?$IViewObjectExImpl@VCOPOSMSR@@@ATL@@UEAAJKJPEAUtagDVTARGETDEVICE@@PEAUHDC__@@PEAUtagExtentInfo@@PEAUtagSIZE@@@Z 000000018000395c f i MSR.obj
 0001:000029a4       ?GetWindow@?$IOleInPlaceObjectWindowlessImpl@VCOPOSMSR@@@ATL@@UEAAJPEAPEAUHWND__@@@Z 00000001800039a4 f i MSR.obj
 0001:000029f8       ?InPlaceDeactivate@?$IOleInPlaceObjectWindowlessImpl@VCOPOSMSR@@@ATL@@UEAAJXZ 00000001800039f8 f i MSR.obj
 0001:00002a14       ?UIDeactivate@?$IOleInPlaceObjectWindowlessImpl@VCOPOSMSR@@@ATL@@UEAAJXZ 0000000180003a14 f i MSR.obj
 0001:00002a30       ?SetObjectRects@?$IOleInPlaceObjectWindowlessImpl@VCOPOSMSR@@@ATL@@UEAAJPEBUtagRECT@@0@Z 0000000180003a30 f i MSR.obj
 0001:00002a4c       ?OnWindowMessage@?$IOleInPlaceObjectWindowlessImpl@VCOPOSMSR@@@ATL@@UEAAJI_K_JPEA_J@Z 0000000180003a4c f i MSR.obj
 0001:00002b14       ?EnumConnectionPoints@?$IConnectionPointContainerImpl@VCOPOSMSR@@@ATL@@UEAAJPEAPEAUIEnumConnectionPoints@@@Z 0000000180003b14 f i MSR.obj
 0001:00002d5c       ?FindConnectionPoint@?$IConnectionPointContainerImpl@VCOPOSMSR@@@ATL@@UEAAJAEBU_GUID@@PEAPEAUIConnectionPoint@@@Z 0000000180003d5c f i MSR.obj
 0001:00002e2c       ?IsDirty@?$IPersistStorageImpl@VCOPOSMSR@@@ATL@@UEAAJXZ 0000000180003e2c f i MSR.obj
 0001:00002e70       ?InitNew@?$IPersistStorageImpl@VCOPOSMSR@@@ATL@@UEAAJPEAUIStorage@@@Z 0000000180003e70 f i MSR.obj
 0001:00002eb4       ?Load@?$IPersistStorageImpl@VCOPOSMSR@@@ATL@@UEAAJPEAUIStorage@@@Z 0000000180003eb4 f i MSR.obj
 0001:00002f54       ?Save@?$IPersistStorageImpl@VCOPOSMSR@@@ATL@@UEAAJPEAUIStorage@@H@Z 0000000180003f54 f i MSR.obj
 0001:00003004       ?GetPages@?$ISpecifyPropertyPagesImpl@VCOPOSMSR@@@ATL@@UEAAJPEAUtagCAUUID@@@Z 0000000180004004 f i MSR.obj
 0001:00003010       ?QuickActivate@?$IQuickActivateImpl@VCOPOSMSR@@@ATL@@UEAAJPEAUtagQACONTAINER@@PEAUtagQACONTROL@@@Z 0000000180004010 f i MSR.obj
 0001:0000302c       ?SetContentExtent@?$IQuickActivateImpl@VCOPOSMSR@@@ATL@@UEAAJPEAUtagSIZE@@@Z 000000018000402c f i MSR.obj
 0001:00003060       ?GetContentExtent@?$IQuickActivateImpl@VCOPOSMSR@@@ATL@@UEAAJPEAUtagSIZE@@@Z 0000000180004060 f i MSR.obj
 0001:00003098       ?GetData@?$IDataObjectImpl@VCOPOSMSR@@@ATL@@UEAAJPEAUtagFORMATETC@@PEAUtagSTGMEDIUM@@@Z 0000000180004098 f i MSR.obj
 0001:000030b4       ?DAdvise@?$IDataObjectImpl@VCOPOSMSR@@@ATL@@UEAAJPEAUtagFORMATETC@@KPEAUIAdviseSink@@PEAK@Z 00000001800040b4 f i MSR.obj
 0001:0000313c       ?DUnadvise@?$IDataObjectImpl@VCOPOSMSR@@@ATL@@UEAAJK@Z 000000018000413c f i MSR.obj
 0001:00003168       ?EnumDAdvise@?$IDataObjectImpl@VCOPOSMSR@@@ATL@@UEAAJPEAPEAUIEnumSTATDATA@@@Z 0000000180004168 f i MSR.obj
 0001:000031a4       ?GetClassInfoW@?$IProvideClassInfo2Impl@$1?CLSID_OPOSMSR@@3U_GUID@@B$1?DIID__IOPOSMSREvents@@3U2@B$1?LIBID_OposMSR_CCO@@3U2@B$00$0A@VCComTypeInfoHolder@ATL@@@ATL@@UEAAJPEAPEAUITypeInfo@@@Z 00000001800041a4 f i MSR.obj
 0001:000031fc       ?GetGUID@?$IProvideClassInfo2Impl@$1?CLSID_OPOSMSR@@3U_GUID@@B$1?DIID__IOPOSMSREvents@@3U2@B$1?LIBID_OposMSR_CCO@@3U2@B$00$0A@VCComTypeInfoHolder@ATL@@@ATL@@UEAAJKPEAU_GUID@@@Z 00000001800041fc f i MSR.obj
 0001:00003230       ?GetInterfaceSafetyOptions@?$IObjectSafetyImpl@VCOPOSMSR@@$02@ATL@@UEAAJAEBU_GUID@@PEAK1@Z 0000000180004230 f i MSR.obj
 0001:000032c4       ?SetInterfaceSafetyOptions@?$IObjectSafetyImpl@VCOPOSMSR@@$02@ATL@@UEAAJAEBU_GUID@@KK@Z 00000001800042c4 f i MSR.obj
 0001:00003368       ?_LocCPQueryInterface@?$IConnectionPointImpl@VCOPOSMSR@@$1?IID_IPropertyNotifySink@@3U_GUID@@BVCComDynamicUnkArray@ATL@@@ATL@@UEAAJAEBU_GUID@@PEAPEAX@Z 0000000180004368 f i MSR.obj
 0001:00003368       ?_LocCPQueryInterface@?$IConnectionPointImpl@VCOPOSMSR@@$1?DIID__IOPOSMSREvents@@3U_GUID@@BVCComDynamicUnkArray@ATL@@@ATL@@UEAAJAEBU_GUID@@PEAPEAX@Z 0000000180004368 f i MSR.obj
 0001:000033dc       ?GetConnectionInterface@?$IConnectionPointImpl@VCOPOSMSR@@$1?IID_IPropertyNotifySink@@3U_GUID@@BVCComDynamicUnkArray@ATL@@@ATL@@UEAAJPEAU_GUID@@@Z 00000001800043dc f i MSR.obj
 0001:000033f8       ?GetConnectionPointContainer@?$IConnectionPointImpl@VCOPOSMSR@@$1?IID_IPropertyNotifySink@@3U_GUID@@BVCComDynamicUnkArray@ATL@@@ATL@@UEAAJPEAPEAUIConnectionPointContainer@@@Z 00000001800043f8 f i MSR.obj
 0001:00003418       ?Advise@?$IConnectionPointImpl@VCOPOSMSR@@$1?DIID__IOPOSMSREvents@@3U_GUID@@BVCComDynamicUnkArray@ATL@@@ATL@@UEAAJPEAUIUnknown@@PEAK@Z 0000000180004418 f i MSR.obj
 0001:00003418       ?Advise@?$IConnectionPointImpl@VCOPOSMSR@@$1?IID_IPropertyNotifySink@@3U_GUID@@BVCComDynamicUnkArray@ATL@@@ATL@@UEAAJPEAUIUnknown@@PEAK@Z 0000000180004418 f i MSR.obj
 0001:000034d8       ?Unadvise@?$IConnectionPointImpl@VCOPOSMSR@@$1?IID_IPropertyNotifySink@@3U_GUID@@BVCComDynamicUnkArray@ATL@@@ATL@@UEAAJK@Z 00000001800044d8 f i MSR.obj
 0001:000034d8       ?Unadvise@?$IConnectionPointImpl@VCOPOSMSR@@$1?DIID__IOPOSMSREvents@@3U_GUID@@BVCComDynamicUnkArray@ATL@@@ATL@@UEAAJK@Z 00000001800044d8 f i MSR.obj
 0001:00003554       ?EnumConnections@?$IConnectionPointImpl@VCOPOSMSR@@$1?IID_IPropertyNotifySink@@3U_GUID@@BVCComDynamicUnkArray@ATL@@@ATL@@UEAAJPEAPEAUIEnumConnections@@@Z 0000000180004554 f i MSR.obj
 0001:00003554       ?EnumConnections@?$IConnectionPointImpl@VCOPOSMSR@@$1?DIID__IOPOSMSREvents@@3U_GUID@@BVCComDynamicUnkArray@ATL@@@ATL@@UEAAJPEAPEAUIEnumConnections@@@Z 0000000180004554 f i MSR.obj
 0001:000036fc       ?GetConnectionInterface@?$IConnectionPointImpl@VCOPOSMSR@@$1?DIID__IOPOSMSREvents@@3U_GUID@@BVCComDynamicUnkArray@ATL@@@ATL@@UEAAJPEAU_GUID@@@Z 00000001800046fc f i MSR.obj
 0001:00003718       ?GetConnectionPointContainer@?$IConnectionPointImpl@VCOPOSMSR@@$1?DIID__IOPOSMSREvents@@3U_GUID@@BVCComDynamicUnkArray@ATL@@@ATL@@UEAAJPEAPEAUIConnectionPointContainer@@@Z 0000000180004718 f i MSR.obj
 0001:00003738       ??$AtlModuleRegisterWndClassInfoT@VAtlModuleRegisterWndClassInfoParamW@ATL@@@ATL@@YAGPEAU_ATL_BASE_MODULE70@0@PEAU_ATL_WIN_MODULE70@0@PEAU_ATL_WNDCLASSINFOW@0@PEAP6A_JPEAUHWND__@@I_K_J@ZVAtlModuleRegisterWndClassInfoParamW@0@@Z 0000000180004738 f i MSR.obj
 0001:00003938       ??0?$CComContainedObject@VCOPOSMSR@@@ATL@@QEAA@PEAX@Z 0000000180004938 f i MSR.obj
 0001:00003a54       ??0?$CComObject@VCOPOSMSR@@@ATL@@QEAA@PEAX@Z 0000000180004a54 f i MSR.obj
 0001:00003b6c       ??0CAtlModule@ATL@@QEAA@XZ 0000000180004b6c f i MSR.obj
 0001:00003be8       ??1?$CComEnumImpl@UIEnumConnectionPoints@@$1?_GUID_b196b285_bab4_101a_b69c_00aa00341d07@@3U__s_GUID@@BPEAUIConnectionPoint@@V?$_CopyInterface@UIConnectionPoint@@@ATL@@@ATL@@UEAA@XZ 0000000180004be8 f i MSR.obj
 0001:00003c44       ??1?$CComEnumImpl@UIEnumConnections@@$1?_GUID_b196b287_bab4_101a_b69c_00aa00341d07@@3U__s_GUID@@BUtagCONNECTDATA@@V?$_Copy@UtagCONNECTDATA@@@ATL@@@ATL@@UEAA@XZ 0000000180004c44 f i MSR.obj
 0001:00003ca0       ??1?$CComObject@VCOPOSMSR@@@ATL@@UEAA@XZ 0000000180004ca0 f i MSR.obj
 0001:00003dc0       ??_G?$CComContainedObject@VCOPOSMSR@@@ATL@@UEAAPEAXI@Z 0000000180004dc0 f i MSR.obj
 0001:00003dc0       ??_E?$CComContainedObject@VCOPOSMSR@@@ATL@@UEAAPEAXI@Z 0000000180004dc0 f i MSR.obj
 0001:00003df4       ??_G?$CComObject@VCOPOSMSR@@@ATL@@UEAAPEAXI@Z 0000000180004df4 f i MSR.obj
 0001:00003df4       ??_E?$CComObject@VCOPOSMSR@@@ATL@@UEAAPEAXI@Z 0000000180004df4 f i MSR.obj
 0001:00003e28       ?Add@?$CSimpleArray@GV?$CSimpleArrayEqualHelper@G@ATL@@@ATL@@QEAAHAEBG@Z 0000000180004e28 f i MSR.obj
 0001:00003edc       ?Add@?$CSimpleMap@PEA_WPEA_WVCExpansionVectorEqualHelper@ATL@@@ATL@@QEAAHAEBQEA_W0@Z 0000000180004edc f i MSR.obj
 0001:00003f7c       ?Add@CComDynamicUnkArray@ATL@@QEAAKPEAUIUnknown@@@Z 0000000180004f7c f i MSR.obj
 0001:00004074       ?Add@CExpansionVector@ATL@@QEAAHPEB_W0@Z 0000000180005074 f i MSR.obj
 0001:00004204       ?AddValue@CRegParser@ATL@@IEAAJAEAVCRegKey@2@PEB_WPEA_W@Z 0000000180005204 f i MSR.obj
 0001:0000464c       ?AllocateHeap@?$CTempBuffer@_W$0EAA@VCCRTAllocator@ATL@@@ATL@@AEAAX_K@Z 000000018000564c f i MSR.obj
 0001:0000464c       ?AllocateHeap@?$CTempBuffer@E$0BAA@VCCRTAllocator@ATL@@@ATL@@AEAAX_K@Z 000000018000564c f i MSR.obj
 0001:0000464c       ?AllocateHeap@?$CTempBuffer@_W$0BAA@VCCRTAllocator@ATL@@@ATL@@AEAAX_K@Z 000000018000564c f i MSR.obj
 0001:00004678       ?Append@CParseBuffer@CRegParser@ATL@@QEAAHPEB_WH@Z 0000000180005678 f i MSR.obj
 0001:00004790       ?AtlCallTermFunc@ATL@@YAXPEAU_ATL_MODULE70@1@@Z 0000000180005790 f i MSR.obj
 0001:000047f4       ?AtlComModuleGetClassObject@ATL@@YAJPEAU_ATL_COM_MODULE70@1@AEBU_GUID@@1PEAPEAX@Z 00000001800057f4 f i MSR.obj
 0001:00004934       ?AtlComModuleRegisterServer@ATL@@YAJPEAU_ATL_COM_MODULE70@1@HPEBU_GUID@@@Z 0000000180005934 f i MSR.obj
 0001:000049f4       ?AtlComModuleUnregisterServer@ATL@@YAJPEAU_ATL_COM_MODULE70@1@HPEBU_GUID@@@Z 00000001800059f4 f i MSR.obj
 0001:00004ab0       ?AtlCreateTargetDC@ATL@@YAPEAUHDC__@@PEAU2@PEAUtagDVTARGETDEVICE@@@Z 0000000180005ab0 f i MSR.obj
 0001:00004b24       ?AtlHiMetricToPixel@ATL@@YAXPEBUtagSIZE@@PEAU2@@Z 0000000180005b24 f i MSR.obj
 0001:00004bd4       ?AtlHresultFromLastError@ATL@@YAJXZ 0000000180005bd4 f i MSR.obj
 0001:00004bf4       ?AtlHresultFromWin32@ATL@@YAJK@Z 0000000180005bf4 f i MSR.obj
 0001:00004c04       ?AtlIPersistStreamInit_Load@ATL@@YAJPEAUIStream@@PEBUATL_PROPMAP_ENTRY@1@PEAXPEAUIUnknown@@@Z 0000000180005c04 f i MSR.obj
 0001:00004e3c       ?AtlIPersistStreamInit_Save@ATL@@YAJPEAUIStream@@HPEBUATL_PROPMAP_ENTRY@1@PEAXPEAUIUnknown@@@Z 0000000180005e3c f i MSR.obj
 0001:00005078       ?AtlInternalOleLoadFromStream@ATL@@YAJPEAUIStream@@AEBU_GUID@@PEAPEAXTClassesAllowedInStream@1@K@Z 0000000180006078 f i MSR.obj
 0001:000051bc       ?AtlInternalQueryInterface@ATL@@YAJPEAXPEBU_ATL_INTMAP_ENTRY@1@AEBU_GUID@@PEAPEAX@Z 00000001800061bc f i MSR.obj
 0001:000052c4       ?AtlLoadTypeLib@ATL@@YAJPEAUHINSTANCE__@@PEB_WPEAPEA_WPEAPEAUITypeLib@@@Z 00000001800062c4 f i MSR.obj
 0001:00005520       ?AtlModuleAddTermFunc@ATL@@YAJPEAU_ATL_MODULE70@1@P6AX_K@Z1@Z 0000000180006520 f i MSR.obj
 0001:000055b4       ?AtlRegisterClassCategoriesHelper@ATL@@YAJAEBU_GUID@@PEBU_ATL_CATMAP_ENTRY@1@H@Z 00000001800065b4 f i MSR.obj
 0001:00005a18       ?AtlRegisterTypeLib@ATL@@YAJPEAUHINSTANCE__@@PEB_W@Z 0000000180006a18 f i MSR.obj
 0001:00005c14       ?AtlThrowImpl@ATL@@YAXJ@Z  0000000180006c14 f i MSR.obj
 0001:00005c38       ?AtlUnRegisterTypeLib@ATL@@YAJPEAUHINSTANCE__@@PEB_W@Z 0000000180006c38 f i MSR.obj
 0001:00005d00       ?AtlWinModuleExtractCreateWndData@ATL@@YAPEAXPEAU_ATL_WIN_MODULE70@1@@Z 0000000180006d00 f i MSR.obj
 0001:00005d8c       ?Cleanup@CComTypeInfoHolder@ATL@@SAX_K@Z 0000000180006d8c f i MSR.obj
 0001:00005dcc       ?ClearReplacements@CExpansionVector@ATL@@QEAAJXZ 0000000180006dcc f i MSR.obj
 0001:00005e68       ?Create@?$CWindowImpl@VCOPOSMSR@@VCWindow@ATL@@V?$CWinTraits@$0FGAAAAAA@$0A@@3@@ATL@@QEAAPEAUHWND__@@PEAU3@V_U_RECT@2@PEB_WKKV_U_MENUorID@2@PEAX@Z 0000000180006e68 f i MSR.obj
 0001:00005f18       ?Create@?$CWindowImplBaseT@VCWindow@ATL@@V?$CWinTraits@$0FGAAAAAA@$0A@@2@@ATL@@QEAAPEAUHWND__@@PEAU3@V_U_RECT@2@PEB_WKKV_U_MENUorID@2@GPEAX@Z 0000000180006f18 f i MSR.obj
 0001:00006088       ?Create@CRegKey@ATL@@QEAAJPEAUHKEY__@@PEB_WPEA_WKKPEAU_SECURITY_ATTRIBUTES@@PEAK@Z 0000000180007088 f i MSR.obj
 0001:0000616c       ?CreateInstance@?$CComCreator@V?$CComAggObject@VCOPOSMSR@@@ATL@@@ATL@@SAJPEAXAEBU_GUID@@PEAPEAX@Z 000000018000716c f i MSR.obj
 0001:00006244       ?CreateInstance@?$CComCreator@V?$CComObject@VCOPOSMSR@@@ATL@@@ATL@@SAJPEAXAEBU_GUID@@PEAPEAX@Z 0000000180007244 f i MSR.obj
 0001:000062fc       ?CreateInstance@?$CComObject@V?$CComEnum@UIEnumConnectionPoints@@$1?_GUID_b196b285_bab4_101a_b69c_00aa00341d07@@3U__s_GUID@@BPEAUIConnectionPoint@@V?$_CopyInterface@UIConnectionPoint@@@ATL@@VCComSingleThreadModel@6@@ATL@@@ATL@@SAJPEAPEAV12@@Z 00000001800072fc f i MSR.obj
 0001:00006388       ?CreateInstance@?$CComObject@V?$CComEnum@UIEnumConnections@@$1?_GUID_b196b287_bab4_101a_b69c_00aa00341d07@@3U__s_GUID@@BUtagCONNECTDATA@@V?$_Copy@UtagCONNECTDATA@@@ATL@@VCComSingleThreadModel@6@@ATL@@@ATL@@SAJPEAPEAV12@@Z 0000000180007388 f i MSR.obj
 0001:00006414       ?DefaultReflectionHandler@?$CWindowImplRoot@VCWindow@ATL@@@ATL@@SAHPEAUHWND__@@I_K_JAEA_J@Z 0000000180007414 f i MSR.obj
 0001:00006478       ?DoEvent@COPOSMSR@@IEAAXI_K_J@Z 0000000180007478 f i MSR.obj
 0001:0000652c       ?DoVerbPrimary@?$IOleObjectImpl@VCOPOSMSR@@@ATL@@QEAAJPEBUtagRECT@@PEAUHWND__@@@Z 000000018000752c f i MSR.obj
 0001:00006654       ?DoVerbProperties@CComControlBase@ATL@@QEAAJPEBUtagRECT@@PEAUHWND__@@@Z 0000000180007654 f i MSR.obj
 0001:0000687c       ?FireTheEvent@?$CProxy_IOPOSEvents@VCOPOSMSR@@@@IEAAXPEAVOposVariant@@IAEAJPEB_WJ@Z 000000018000787c f i MSR.obj
 0001:00006968       ?FireViewChange@CComControlBase@ATL@@QEAAJXZ 0000000180007968 f i MSR.obj
 0001:000069cc       ?Fire_DataEvent@?$CProxy_IOPOSEvents@VCOPOSMSR@@@@QEAAXJ@Z 00000001800079cc f i MSR.obj
 0001:00006ab8       ?Fire_DirectIOEvent@?$CProxy_IOPOSEvents@VCOPOSMSR@@@@QEAAXJPEAJPEAPEA_W@Z 0000000180007ab8 f i MSR.obj
 0001:00006c10       ?Fire_ErrorEvent@?$CProxy_IOPOSEvents@VCOPOSMSR@@@@QEAAXJJJPEAJ@Z 0000000180007c10 f i MSR.obj
 0001:00006d78       ?Fire_StatusUpdateEvent@?$CProxy_IOPOSEvents@VCOPOSMSR@@@@QEAAXJ@Z 0000000180007d78 f i MSR.obj
 0001:00006e64       ?FreeHeap@?$CTempBuffer@_W$0EAA@VCCRTAllocator@ATL@@@ATL@@AEAAXXZ 0000000180007e64 f i MSR.obj
 0001:00006e64       ?FreeHeap@?$CTempBuffer@E$0BAA@VCCRTAllocator@ATL@@@ATL@@AEAAXXZ 0000000180007e64 f i MSR.obj
 0001:00006e64       ?FreeHeap@?$CTempBuffer@_W$0BAA@VCCRTAllocator@ATL@@@ATL@@AEAAXXZ 0000000180007e64 f i MSR.obj
 0001:00006e6c       ?GetAmbientLocaleID@CComControlBase@ATL@@QEAAJAEAK@Z 0000000180007e6c f i MSR.obj
 0001:00006f2c       ?GetAmbientUserMode@CComControlBase@ATL@@QEAAJAEAH@Z 0000000180007f2c f i MSR.obj
 0001:00007000       ?GetClassObject@CComModule@ATL@@QEAAJAEBU_GUID@@0PEAPEAX@Z 0000000180008000 f i MSR.obj
 0001:000070f4       ?GetConnMap@COPOSMSR@@SAPEBU_ATL_CONNMAP_ENTRY@ATL@@PEAH@Z 00000001800080f4 f i MSR.obj
 0001:0000717c       ?GetIDsOfNames@CComTypeInfoHolder@ATL@@QEAAJAEBU_GUID@@PEAPEA_WIKPEAJ@Z 000000018000817c f i MSR.obj
 0001:000072f4       ?GetPagesHelper@?$ISpecifyPropertyPagesImpl@VCOPOSMSR@@@ATL@@IEAAJPEAUtagCAUUID@@PEBUATL_PROPMAP_ENTRY@2@@Z 00000001800082f4 f i MSR.obj
 0001:00007494       ?GetSizeMax@CComVariant@ATL@@QEBAJPEAT_ULARGE_INTEGER@@@Z 0000000180008494 f i MSR.obj
 0001:000076c8       ?GetTI@CComTypeInfoHolder@ATL@@QEAAJK@Z 00000001800086c8 f i MSR.obj
 0001:00007940       ?GetZoomInfo@CComControlBase@ATL@@QEAAXAEAUATL_DRAWINFO@@@Z 0000000180008940 f i MSR.obj
 0001:000079e4       ?HKeyFromString@CRegParser@ATL@@KAPEAUHKEY__@@PEA_W@Z 00000001800089e4 f i MSR.obj
 0001:00007a48       ?IDataObject_GetData@CComControlBase@ATL@@QEAAJPEAUtagFORMATETC@@PEAUtagSTGMEDIUM@@@Z 0000000180008a48 f i MSR.obj
 0001:00007c3c       ?IOleInPlaceObject_InPlaceDeactivate@CComControlBase@ATL@@QEAAJXZ 0000000180008c3c f i MSR.obj
 0001:00007cdc       ?IOleInPlaceObject_SetObjectRects@CComControlBase@ATL@@QEAAJPEBUtagRECT@@0@Z 0000000180008cdc f i MSR.obj
 0001:00007dcc       ?IOleInPlaceObject_UIDeactivate@CComControlBase@ATL@@QEAAJXZ 0000000180008dcc f i MSR.obj
 0001:00007ed8       ?IOleObject_Close@CComControlBase@ATL@@QEAAJK@Z 0000000180008ed8 f i MSR.obj
 0001:00007ff0       ?IOleObject_SetClientSite@CComControlBase@ATL@@QEAAJPEAUIOleClientSite@@@Z 0000000180008ff0 f i MSR.obj
 0001:00008068       ?IOleObject_SetExtent@CComControlBase@ATL@@QEAAJKPEAUtagSIZE@@@Z 0000000180009068 f i MSR.obj
 0001:00008100       ?IPSI_GetIPersistStreamInit@?$IPersistStorageImpl@VCOPOSMSR@@@ATL@@AEAAPEAUIPersistStreamInit@@XZ 0000000180009100 f i MSR.obj
 0001:0000815c       ?IQuickActivate_QuickActivate@CComControlBase@ATL@@QEAAJPEAUtagQACONTAINER@@PEAUtagQACONTROL@@@Z 000000018000915c f i MSR.obj
 0001:00008420       ?IViewObject_Draw@CComControlBase@ATL@@QEAAJKJPEAXPEAUtagDVTARGETDEVICE@@PEAUHDC__@@2PEBU_RECTL@@3@Z 0000000180009420 f i MSR.obj
 0001:00008534       ?InPlaceActivate@CComControlBase@ATL@@QEAAJJPEBUtagRECT@@@Z 0000000180009534 f i MSR.obj
 0001:0000886c       ?Init@?$CComEnumImpl@UIEnumConnectionPoints@@$1?_GUID_b196b285_bab4_101a_b69c_00aa00341d07@@3U__s_GUID@@BPEAUIConnectionPoint@@V?$_CopyInterface@UIConnectionPoint@@@ATL@@@ATL@@QEAAJPEAPEAUIConnectionPoint@@0PEAUIUnknown@@W4CComEnumFlags@2@@Z 000000018000986c f i MSR.obj
 0001:0000898c       ?Init@?$CComEnumImpl@UIEnumConnections@@$1?_GUID_b196b287_bab4_101a_b69c_00aa00341d07@@3U__s_GUID@@BUtagCONNECTDATA@@V?$_Copy@UtagCONNECTDATA@@@ATL@@@ATL@@QEAAJPEAUtagCONNECTDATA@@0PEAUIUnknown@@W4CComEnumFlags@2@@Z 000000018000998c f i MSR.obj
 0001:00008ab0       ?IsEqualObject@?$CComPtrBase@UITypeInfo@@@ATL@@QEAA_NPEAUIUnknown@@@Z 0000000180009ab0 f i MSR.obj
 0001:00008ab0       ?IsEqualObject@?$CComPtrBase@UIOleClientSite@@@ATL@@QEAA_NPEAUIUnknown@@@Z 0000000180009ab0 f i MSR.obj
 0001:00008b3c       ?LoadNameCache@CComTypeInfoHolder@ATL@@QEAAJPEAUITypeInfo@@@Z 0000000180009b3c f i MSR.obj
 0001:00008cc0       ?Lookup@?$CSimpleMap@PEA_WPEA_WVCExpansionVectorEqualHelper@ATL@@@ATL@@QEBAPEA_WAEBQEA_W@Z 0000000180009cc0 f i MSR.obj
 0001:00008d4c       ?NextToken@CRegParser@ATL@@IEAAJPEA_W@Z 0000000180009d4c f i MSR.obj
 0001:00008f04       ?OnKillFocus@CComControlBase@ATL@@QEAA_JI_K_JAEAH@Z 0000000180009f04 f i MSR.obj
 0001:00008fa0       ?OnMouseActivate@CComControlBase@ATL@@QEAA_JI_K_JAEAH@Z 0000000180009fa0 f i MSR.obj
 0001:00009040       ?OnPaint@CComControlBase@ATL@@QEAA_JI_K_JAEAH@Z 000000018000a040 f i MSR.obj
 0001:0000912c       ?OnSetFocus@CComControlBase@ATL@@QEAA_JI_K_JAEAH@Z 000000018000a12c f i MSR.obj
 0001:00009228       ?Open@CRegKey@ATL@@QEAAJPEAUHKEY__@@PEB_WK@Z 000000018000a228 f i MSR.obj
 0001:000092a4       ?PreProcessBuffer@CRegParser@ATL@@QEAAJPEA_WPEAPEA_W@Z 000000018000a2a4 f i MSR.obj
 0001:00009628       ?ProcessWindowMessage@?$CComControl@VCOPOSMSR@@V?$CWindowImpl@VCOPOSMSR@@VCWindow@ATL@@V?$CWinTraits@$0FGAAAAAA@$0A@@3@@ATL@@@ATL@@UEAAHPEAUHWND__@@I_K_JAEA_JK@Z 000000018000a628 f i MSR.obj
 0001:0000970c       ?PutProperty@?$CComPtr@UIDispatch@@@ATL@@SAJPEAUIDispatch@@JPEAUtagVARIANT@@@Z 000000018000a70c f i MSR.obj
 0001:00009810       ?ReadFromStream@CComBSTR@ATL@@QEAAJPEAUIStream@@@Z 000000018000a810 f i MSR.obj
 0001:0000996c       ?ReadFromStream@CComVariant@ATL@@QEAAJPEAUIStream@@GTClassesAllowedInStream@2@K@Z 000000018000a96c f i MSR.obj
 0001:00009b7c       ?RecurseDeleteKey@CRegKey@ATL@@QEAAJPEB_W@Z 000000018000ab7c f i MSR.obj
 0001:00009ca0       ?RegCreateKeyExW@CAtlTransactionManager@ATL@@QEAAJPEAUHKEY__@@PEB_WKPEA_WKKQEAU_SECURITY_ATTRIBUTES@@PEAPEAU3@PEAK@Z 000000018000aca0 f i MSR.obj
 0001:00009dd4       ?RegDeleteKeyW@CAtlTransactionManager@ATL@@QEAAJPEAUHKEY__@@PEB_W@Z 000000018000add4 f i MSR.obj
 0001:00009e60       ?RegOpenKeyExW@CAtlTransactionManager@ATL@@QEAAJPEAUHKEY__@@PEB_WKKPEAPEAU3@@Z 000000018000ae60 f i MSR.obj
 0001:00009f18       ?RegisterBuffer@CRegParser@ATL@@QEAAJPEA_WH@Z 000000018000af18 f i MSR.obj
 0001:0000a080       ?RegisterFromResource@CRegObject@ATL@@IEAAJPEB_W00H@Z 000000018000b080 f i MSR.obj
 0001:0000a23c       ?RegisterServer@CComModule@ATL@@QEAAJHPEBU_GUID@@@Z 000000018000b23c f i MSR.obj
 0001:0000a2fc       ?RegisterSubkeys@CRegParser@ATL@@IEAAJPEA_WPEAUHKEY__@@HH@Z 000000018000b2fc f i MSR.obj
 0001:0000a9ec       ?SendOnDataChange@CComControlBase@ATL@@QEAAJK@Z 000000018000b9ec f i MSR.obj
 0001:0000aa5c       ?SetControlFocus@CComControlBase@ATL@@QEAAHH@Z 000000018000ba5c f i MSR.obj
 0001:0000ab38       ?SkipAssignment@CRegParser@ATL@@IEAAJPEA_W@Z 000000018000bb38 f i MSR.obj
 0001:0000abdc       ?Term@CComModule@ATL@@QEAAXXZ 000000018000bbdc f i MSR.obj
 0001:0000ac88       ?UnregisterServer@CComModule@ATL@@QEAAJHPEBU_GUID@@@Z 000000018000bc88 f i MSR.obj
 0001:0000ad38       ?UpdateRegistryFromResource@CAtlModule@ATL@@QEAAJIHPEAU_ATL_REGMAP_ENTRY@2@@Z 000000018000bd38 f i MSR.obj
 0001:0000b070       ?UpdateRegistryFromResource@CAtlModule@ATL@@QEAAJPEB_WHPEAU_ATL_REGMAP_ENTRY@2@@Z 000000018000c070 f i MSR.obj
 0001:0000b3c8       ?VTFromRegType@CRegParser@ATL@@KAHPEB_WAEAG@Z 000000018000c3c8 f i MSR.obj
 0001:0000b464       ?WindowProc@?$CWindowImplBaseT@VCWindow@ATL@@V?$CWinTraits@$0FGAAAAAA@$0A@@2@@ATL@@SA_JPEAUHWND__@@I_K_J@Z 000000018000c464 f i MSR.obj
 0001:0000b5d0       ?WriteToStream@CComBSTR@ATL@@QEAAJPEAUIStream@@@Z 000000018000c5d0 f i MSR.obj
 0001:0000b650       ?WriteToStream@CComVariant@ATL@@QEAAJPEAUIStream@@@Z 000000018000c650 f i MSR.obj
 0001:0000b864       ?WriteToStream@CComVariant@ATL@@QEAAJPEAUIStream@@G@Z 000000018000c864 f i MSR.obj
 0001:0000b8fc       ?_AtlVerifyStackAvailable@_ATL_SAFE_ALLOCA_IMPL@ATL@@YA_N_K@Z 000000018000c8fc f i MSR.obj
 0001:0000b980       DllCanUnloadNow            000000018000c980 f   MSR.obj
 0001:0000b98c       DllGetClassObject          000000018000c98c f   MSR.obj
 0001:0000b9a4       DllMain                    000000018000c9a4 f   MSR.obj
 0001:0000ba4c       DllRegisterServer          000000018000ca4c f   MSR.obj
 0001:0000ba60       DllUnregisterServer        000000018000ca60 f   MSR.obj
 0001:0000ba74       __local_stdio_printf_options 000000018000ca74 f i MSR.obj
 0001:0000bb04       swprintf_s                 000000018000cb04 f i MSR.obj
 0001:0000bb58       ??0COPOSMSR@@QEAA@XZ       000000018000cb58 f   MSRImpl.obj
 0001:0000bc20       ??1?$IConnectionPointImpl@VCOPOSMSR@@$1?DIID__IOPOSMSREvents@@3U_GUID@@BVCComDynamicUnkArray@ATL@@@ATL@@QEAA@XZ 000000018000cc20 f i MSRImpl.obj
 0001:0000bc20       ??1?$IConnectionPointImpl@VCOPOSMSR@@$1?IID_IPropertyNotifySink@@3U_GUID@@BVCComDynamicUnkArray@ATL@@@ATL@@QEAA@XZ 000000018000cc20 f i MSRImpl.obj
 0001:0000bc7c       ??1CComControlBase@ATL@@UEAA@XZ 000000018000cc7c f i MSRImpl.obj
 0001:0000bcf8       ??1COPOSMSR@@UEAA@XZ       000000018000ccf8 f   MSRImpl.obj
 0001:0000bd5c       ?AuthenticateDevice@COPOSMSR@@UEAAJPEA_WPEAJ@Z 000000018000cd5c f   MSRImpl.obj
 0001:0000bde4       ?CheckHealth@COPOSMSR@@UEAAJJPEAJ@Z 000000018000cde4 f   MSRImpl.obj
 0001:0000be60       ?ClaimDevice@COPOSMSR@@UEAAJJPEAJ@Z 000000018000ce60 f   MSRImpl.obj
 0001:0000bf00       ?ClearInput@COPOSMSR@@UEAAJPEAJ@Z 000000018000cf00 f   MSRImpl.obj
 0001:0000bf28       ?ClearInputProperties@COPOSMSR@@UEAAJPEAJ@Z 000000018000cf28 f   MSRImpl.obj
 0001:0000bf50       ?Close@COPOSMSR@@UEAAJPEAJ@Z 000000018000cf50 f   MSRImpl.obj
 0001:0000c008       ?CompareFirmwareVersion@COPOSMSR@@UEAAJPEA_WPEAJ1@Z 000000018000d008 f   MSRImpl.obj
 0001:0000c0e4       ?DeauthenticateDevice@COPOSMSR@@UEAAJPEA_WPEAJ@Z 000000018000d0e4 f   MSRImpl.obj
 0001:0000c16c       ?DirectIO@COPOSMSR@@UEAAJJPEAJPEAPEA_W0@Z 000000018000d16c f   MSRImpl.obj
 0001:0000c268       ?DoInvoke@COPOSMSR@@IEAAJJPEAVOposVariant@@IHPEAJ_N@Z 000000018000d268 f   MSRImpl.obj
 0001:0000c39c       ?EventInit@COPOSMSR@@IEAAJXZ 000000018000d39c f i MSRImpl.obj
 0001:0000c4e4       ?EventUninit@COPOSMSR@@IEAAXXZ 000000018000d4e4 f i MSRImpl.obj
 0001:0000c548       ?EventWindowProc@COPOSMSR@@IEAA_JI_K_J@Z 000000018000d548 f i MSRImpl.obj
 0001:0000c6d4       ?FinalConstruct@COPOSMSR@@QEAAJXZ 000000018000d6d4 f   MSRImpl.obj
 0001:0000c710       ?FreezeEvents@COPOSMSR@@MEAAJH@Z 000000018000d710 f   MSRImpl.obj
 0001:0000c784       ?GetOposProp@COPOSMSR@@IEAAJJPEAJJ@Z 000000018000d784 f   MSRImpl.obj
 0001:0000c8a0       ?GetOposProp@COPOSMSR@@IEAAJJPEAPEA_WJ@Z 000000018000d8a0 f   MSRImpl.obj
 0001:0000c9cc       ?OnDraw@COPOSMSR@@MEAAJAEAUATL_DRAWINFO@@@Z 000000018000d9cc f   MSRImpl.obj
 0001:0000cab8       ?Open@COPOSMSR@@UEAAJPEA_WPEAJ@Z 000000018000dab8 f   MSRImpl.obj
 0001:0000d340       ?ReleaseDevice@COPOSMSR@@UEAAJPEAJ@Z 000000018000e340 f   MSRImpl.obj
 0001:0000d3ac       ?ResetStatistics@COPOSMSR@@UEAAJPEA_WPEAJ@Z 000000018000e3ac f   MSRImpl.obj
 0001:0000d434       ?RetrieveCardProperty@COPOSMSR@@UEAAJPEA_WPEAPEA_WPEAJ@Z 000000018000e434 f   MSRImpl.obj
 0001:0000d510       ?RetrieveDeviceAuthenticationData@COPOSMSR@@UEAAJPEAPEA_WPEAJ@Z 000000018000e510 f   MSRImpl.obj
 0001:0000d598       ?RetrieveStatistics@COPOSMSR@@UEAAJPEAPEA_WPEAJ@Z 000000018000e598 f   MSRImpl.obj
 0001:0000d620       ?SOProcessID@COPOSMSR@@UEAAJPEAJ@Z 000000018000e620 f   MSRImpl.obj
 0001:0000d63c       ?SetCOFreezeEvents@COPOSMSR@@IEAAXF@Z 000000018000e63c f   MSRImpl.obj
 0001:0000d720       ?SetOposProp@COPOSMSR@@IEAAJJJJ@Z 000000018000e720 f   MSRImpl.obj
 0001:0000d880       ?SetOposProp@COPOSMSR@@IEAAJJPEA_WJ@Z 000000018000e880 f   MSRImpl.obj
 0001:0000d9d8       ?UpdateFirmware@COPOSMSR@@UEAAJPEA_WPEAJ@Z 000000018000e9d8 f   MSRImpl.obj
 0001:0000da60       ?UpdateKey@COPOSMSR@@UEAAJPEA_W0PEAJ@Z 000000018000ea60 f   MSRImpl.obj
 0001:0000db3c       ?UpdateStatistics@COPOSMSR@@UEAAJPEA_WPEAJ@Z 000000018000eb3c f   MSRImpl.obj
 0001:0000dbc4       ?WriteTracks@COPOSMSR@@UEAAJUtagVARIANT@@JPEAJ@Z 000000018000ebc4 f   MSRImpl.obj
 0001:0000dca0       ?get_AccountNumber@COPOSMSR@@UEAAJPEAPEA_W@Z 000000018000eca0 f   MSRImpl.obj
 0001:0000dcb0       ?get_AdditionalSecurityInformation@COPOSMSR@@UEAAJPEAPEA_W@Z 000000018000ecb0 f   MSRImpl.obj
 0001:0000dcc4       ?get_AutoDisable@COPOSMSR@@UEAAJPEAF@Z 000000018000ecc4 f   MSRImpl.obj
 0001:0000dcf8       ?get_BinaryConversion@COPOSMSR@@UEAAJPEAJ@Z 000000018000ecf8 f   MSRImpl.obj
 0001:0000dd0c       ?get_CapCardAuthentication@COPOSMSR@@UEAAJPEAPEA_W@Z 000000018000ed0c f   MSRImpl.obj
 0001:0000dd20       ?get_CapCompareFirmwareVersion@COPOSMSR@@UEAAJPEAF@Z 000000018000ed20 f   MSRImpl.obj
 0001:0000dd54       ?get_CapDataEncryption@COPOSMSR@@UEAAJPEAJ@Z 000000018000ed54 f   MSRImpl.obj
 0001:0000dd68       ?get_CapDeviceAuthentication@COPOSMSR@@UEAAJPEAJ@Z 000000018000ed68 f   MSRImpl.obj
 0001:0000dd7c       ?get_CapISO@COPOSMSR@@UEAAJPEAF@Z 000000018000ed7c f   MSRImpl.obj
 0001:0000ddac       ?get_CapJISOne@COPOSMSR@@UEAAJPEAF@Z 000000018000edac f   MSRImpl.obj
 0001:0000dddc       ?get_CapJISTwo@COPOSMSR@@UEAAJPEAF@Z 000000018000eddc f   MSRImpl.obj
 0001:0000de0c       ?get_CapPowerReporting@COPOSMSR@@UEAAJPEAJ@Z 000000018000ee0c f   MSRImpl.obj
 0001:0000de20       ?get_CapStatisticsReporting@COPOSMSR@@UEAAJPEAF@Z 000000018000ee20 f   MSRImpl.obj
 0001:0000de54       ?get_CapTrackDataMasking@COPOSMSR@@UEAAJPEAF@Z 000000018000ee54 f   MSRImpl.obj
 0001:0000de88       ?get_CapTransmitSentinels@COPOSMSR@@UEAAJPEAF@Z 000000018000ee88 f   MSRImpl.obj
 0001:0000debc       ?get_CapUpdateFirmware@COPOSMSR@@UEAAJPEAF@Z 000000018000eebc f   MSRImpl.obj
 0001:0000def0       ?get_CapUpdateStatistics@COPOSMSR@@UEAAJPEAF@Z 000000018000eef0 f   MSRImpl.obj
 0001:0000df24       ?get_CapWritableTracks@COPOSMSR@@UEAAJPEAJ@Z 000000018000ef24 f   MSRImpl.obj
 0001:0000df38       ?get_CardAuthenticationData@COPOSMSR@@UEAAJPEAPEA_W@Z 000000018000ef38 f   MSRImpl.obj
 0001:0000df4c       ?get_CardAuthenticationDataLength@COPOSMSR@@UEAAJPEAJ@Z 000000018000ef4c f   MSRImpl.obj
 0001:0000df60       ?get_CardPropertyList@COPOSMSR@@UEAAJPEAPEA_W@Z 000000018000ef60 f   MSRImpl.obj
 0001:0000df74       ?get_CardType@COPOSMSR@@UEAAJPEAPEA_W@Z 000000018000ef74 f   MSRImpl.obj
 0001:0000df88       ?get_CardTypeList@COPOSMSR@@UEAAJPEAPEA_W@Z 000000018000ef88 f   MSRImpl.obj
 0001:0000df9c       ?get_CheckHealthText@COPOSMSR@@UEAAJPEAPEA_W@Z 000000018000ef9c f   MSRImpl.obj
 0001:0000dfac       ?get_Claimed@COPOSMSR@@UEAAJPEAF@Z 000000018000efac f   MSRImpl.obj
 0001:0000dfdc       ?get_ControlObjectDescription@COPOSMSR@@UEAAJPEAPEA_W@Z 000000018000efdc f   MSRImpl.obj
 0001:0000e040       ?get_ControlObjectVersion@COPOSMSR@@UEAAJPEAJ@Z 000000018000f040 f   MSRImpl.obj
 0001:0000e04c       ?get_DataCount@COPOSMSR@@UEAAJPEAJ@Z 000000018000f04c f   MSRImpl.obj
 0001:0000e060       ?get_DataEncryptionAlgorithm@COPOSMSR@@UEAAJPEAJ@Z 000000018000f060 f   MSRImpl.obj
 0001:0000e074       ?get_DataEventEnabled@COPOSMSR@@UEAAJPEAF@Z 000000018000f074 f   MSRImpl.obj
 0001:0000e0a4       ?get_DecodeData@COPOSMSR@@UEAAJPEAF@Z 000000018000f0a4 f   MSRImpl.obj
 0001:0000e0d4       ?get_DeviceAuthenticated@COPOSMSR@@UEAAJPEAF@Z 000000018000f0d4 f   MSRImpl.obj
 0001:0000e108       ?get_DeviceAuthenticationProtocol@COPOSMSR@@UEAAJPEAJ@Z 000000018000f108 f   MSRImpl.obj
 0001:0000e11c       ?get_DeviceDescription@COPOSMSR@@UEAAJPEAPEA_W@Z 000000018000f11c f   MSRImpl.obj
 0001:0000e12c       ?get_DeviceEnabled@COPOSMSR@@UEAAJPEAF@Z 000000018000f12c f   MSRImpl.obj
 0001:0000e15c       ?get_DeviceName@COPOSMSR@@UEAAJPEAPEA_W@Z 000000018000f15c f   MSRImpl.obj
 0001:0000e16c       ?get_EncodingMaxLength@COPOSMSR@@UEAAJPEAJ@Z 000000018000f16c f   MSRImpl.obj
 0001:0000e180       ?get_ErrorReportingType@COPOSMSR@@UEAAJPEAJ@Z 000000018000f180 f   MSRImpl.obj
 0001:0000e194       ?get_ExpirationDate@COPOSMSR@@UEAAJPEAPEA_W@Z 000000018000f194 f   MSRImpl.obj
 0001:0000e1a4       ?get_FirstName@COPOSMSR@@UEAAJPEAPEA_W@Z 000000018000f1a4 f   MSRImpl.obj
 0001:0000e1b4       ?get_FreezeEvents@COPOSMSR@@UEAAJPEAF@Z 000000018000f1b4 f   MSRImpl.obj
 0001:0000e1e4       ?get_MiddleInitial@COPOSMSR@@UEAAJPEAPEA_W@Z 000000018000f1e4 f   MSRImpl.obj
 0001:0000e1f4       ?get_OpenResult@COPOSMSR@@UEAAJPEAJ@Z 000000018000f1f4 f   MSRImpl.obj
 0001:0000e200       ?get_ParseDecodeData@COPOSMSR@@UEAAJPEAF@Z 000000018000f200 f   MSRImpl.obj
 0001:0000e200       ?get_ParseDecodedData@COPOSMSR@@UEAAJPEAF@Z 000000018000f200 f   MSRImpl.obj
 0001:0000e230       ?get_PowerNotify@COPOSMSR@@UEAAJPEAJ@Z 000000018000f230 f   MSRImpl.obj
 0001:0000e244       ?get_PowerState@COPOSMSR@@UEAAJPEAJ@Z 000000018000f244 f   MSRImpl.obj
 0001:0000e258       ?get_ResultCode@COPOSMSR@@UEAAJPEAJ@Z 000000018000f258 f   MSRImpl.obj
 0001:0000e294       ?get_ResultCodeExtended@COPOSMSR@@UEAAJPEAJ@Z 000000018000f294 f   MSRImpl.obj
 0001:0000e2a4       ?get_ServiceCode@COPOSMSR@@UEAAJPEAPEA_W@Z 000000018000f2a4 f   MSRImpl.obj
 0001:0000e2b4       ?get_ServiceObjectDescription@COPOSMSR@@UEAAJPEAPEA_W@Z 000000018000f2b4 f   MSRImpl.obj
 0001:0000e2c4       ?get_ServiceObjectVersion@COPOSMSR@@UEAAJPEAJ@Z 000000018000f2c4 f   MSRImpl.obj
 0001:0000e2d4       ?get_State@COPOSMSR@@UEAAJPEAJ@Z 000000018000f2d4 f   MSRImpl.obj
 0001:0000e300       ?get_Suffix@COPOSMSR@@UEAAJPEAPEA_W@Z 000000018000f300 f   MSRImpl.obj
 0001:0000e310       ?get_Surname@COPOSMSR@@UEAAJPEAPEA_W@Z 000000018000f310 f   MSRImpl.obj
 0001:0000e320       ?get_Title@COPOSMSR@@UEAAJPEAPEA_W@Z 000000018000f320 f   MSRImpl.obj
 0001:0000e330       ?get_Track1Data@COPOSMSR@@UEAAJPEAPEA_W@Z 000000018000f330 f   MSRImpl.obj
 0001:0000e340       ?get_Track1DiscretionaryData@COPOSMSR@@UEAAJPEAPEA_W@Z 000000018000f340 f   MSRImpl.obj
 0001:0000e350       ?get_Track1EncryptedData@COPOSMSR@@UEAAJPEAPEA_W@Z 000000018000f350 f   MSRImpl.obj
 0001:0000e364       ?get_Track1EncryptedDataLength@COPOSMSR@@UEAAJPEAJ@Z 000000018000f364 f   MSRImpl.obj
 0001:0000e378       ?get_Track2Data@COPOSMSR@@UEAAJPEAPEA_W@Z 000000018000f378 f   MSRImpl.obj
 0001:0000e388       ?get_Track2DiscretionaryData@COPOSMSR@@UEAAJPEAPEA_W@Z 000000018000f388 f   MSRImpl.obj
 0001:0000e398       ?get_Track2EncryptedData@COPOSMSR@@UEAAJPEAPEA_W@Z 000000018000f398 f   MSRImpl.obj
 0001:0000e3ac       ?get_Track2EncryptedDataLength@COPOSMSR@@UEAAJPEAJ@Z 000000018000f3ac f   MSRImpl.obj
 0001:0000e3c0       ?get_Track3Data@COPOSMSR@@UEAAJPEAPEA_W@Z 000000018000f3c0 f   MSRImpl.obj
 0001:0000e3d0       ?get_Track3EncryptedData@COPOSMSR@@UEAAJPEAPEA_W@Z 000000018000f3d0 f   MSRImpl.obj
 0001:0000e3e4       ?get_Track3EncryptedDataLength@COPOSMSR@@UEAAJPEAJ@Z 000000018000f3e4 f   MSRImpl.obj
 0001:0000e3f8       ?get_Track4Data@COPOSMSR@@UEAAJPEAPEA_W@Z 000000018000f3f8 f   MSRImpl.obj
 0001:0000e40c       ?get_Track4EncryptedData@COPOSMSR@@UEAAJPEAPEA_W@Z 000000018000f40c f   MSRImpl.obj
 0001:0000e420       ?get_Track4EncryptedDataLength@COPOSMSR@@UEAAJPEAJ@Z 000000018000f420 f   MSRImpl.obj
 0001:0000e434       ?get_TracksToRead@COPOSMSR@@UEAAJPEAJ@Z 000000018000f434 f   MSRImpl.obj
 0001:0000e444       ?get_TracksToWrite@COPOSMSR@@UEAAJPEAJ@Z 000000018000f444 f   MSRImpl.obj
 0001:0000e458       ?get_TransmitSentinels@COPOSMSR@@UEAAJPEAF@Z 000000018000f458 f   MSRImpl.obj
 0001:0000e48c       ?get_WriteCardType@COPOSMSR@@UEAAJPEAPEA_W@Z 000000018000f48c f   MSRImpl.obj
 0001:0000e4a0       ?put_AutoDisable@COPOSMSR@@UEAAJF@Z 000000018000f4a0 f   MSRImpl.obj
 0001:0000e4b8       ?put_BinaryConversion@COPOSMSR@@UEAAJJ@Z 000000018000f4b8 f   MSRImpl.obj
 0001:0000e4cc       ?put_DataEncryptionAlgorithm@COPOSMSR@@UEAAJJ@Z 000000018000f4cc f   MSRImpl.obj
 0001:0000e4e0       ?put_DataEventEnabled@COPOSMSR@@UEAAJF@Z 000000018000f4e0 f   MSRImpl.obj
 0001:0000e4f8       ?put_DecodeData@COPOSMSR@@UEAAJF@Z 000000018000f4f8 f   MSRImpl.obj
 0001:0000e510       ?put_DeviceEnabled@COPOSMSR@@UEAAJF@Z 000000018000f510 f   MSRImpl.obj
 0001:0000e528       ?put_ErrorReportingType@COPOSMSR@@UEAAJJ@Z 000000018000f528 f   MSRImpl.obj
 0001:0000e53c       ?put_FreezeEvents@COPOSMSR@@UEAAJF@Z 000000018000f53c f   MSRImpl.obj
 0001:0000e58c       ?put_ParseDecodedData@COPOSMSR@@UEAAJF@Z 000000018000f58c f   MSRImpl.obj
 0001:0000e58c       ?put_ParseDecodeData@COPOSMSR@@UEAAJF@Z 000000018000f58c f   MSRImpl.obj
 0001:0000e5a4       ?put_PowerNotify@COPOSMSR@@UEAAJJ@Z 000000018000f5a4 f   MSRImpl.obj
 0001:0000e5b8       ?put_TracksToRead@COPOSMSR@@UEAAJJ@Z 000000018000f5b8 f   MSRImpl.obj
 0001:0000e5c8       ?put_TracksToWrite@COPOSMSR@@UEAAJJ@Z 000000018000f5c8 f   MSRImpl.obj
 0001:0000e5dc       ?put_TransmitSentinels@COPOSMSR@@UEAAJF@Z 000000018000f5dc f   MSRImpl.obj
 0001:0000e5f8       ?put_WriteCardType@COPOSMSR@@UEAAJPEA_W@Z 000000018000f5f8 f   MSRImpl.obj
 0001:0000e60c       ?s_EventWindowProc@COPOSMSR@@KA_JPEAUHWND__@@I_K_J@Z 000000018000f60c f i MSRImpl.obj
 0001:0000e688       ??_U@YAPEAX_K@Z            000000018000f688 f   LIBCMT:new_array.obj
 0001:0000e690       ??_V@YAXPEAX@Z             000000018000f690 f   LIBCMT:delete_array.obj
 0001:0000e690       ??3@YAXPEAX_K@Z            000000018000f690 f   LIBCMT:delete_scalar_size.obj
 0001:0000e698       ??_V@YAXPEAX_K@Z           000000018000f698 f   LIBCMT:delete_array_size.obj
 0001:0000e6a0       __scrt_acquire_startup_lock 000000018000f6a0 f   LIBCMT:utility.obj
 0001:0000e6dc       __scrt_dllmain_after_initialize_c 000000018000f6dc f   LIBCMT:utility.obj
 0001:0000e710       __scrt_dllmain_before_initialize_c 000000018000f710 f   LIBCMT:utility.obj
 0001:0000e728       __scrt_dllmain_crt_thread_attach 000000018000f728 f   LIBCMT:utility.obj
 0001:0000e750       __scrt_dllmain_crt_thread_detach 000000018000f750 f   LIBCMT:utility.obj
 0001:0000e768       __scrt_dllmain_exception_filter 000000018000f768 f   LIBCMT:utility.obj
 0001:0000e7c8       __scrt_dllmain_uninitialize_c 000000018000f7c8 f   LIBCMT:utility.obj
 0001:0000e7f8       __scrt_dllmain_uninitialize_critical 000000018000f7f8 f   LIBCMT:utility.obj
 0001:0000e80c       __scrt_initialize_crt      000000018000f80c f   LIBCMT:utility.obj
 0001:0000e858       __scrt_initialize_onexit_tables 000000018000f858 f   LIBCMT:utility.obj
 0001:0000e930       __scrt_is_nonwritable_in_current_image 000000018000f930 f   LIBCMT:utility.obj
 0001:0000e9cc       __scrt_release_startup_lock 000000018000f9cc f   LIBCMT:utility.obj
 0001:0000e9f0       __scrt_uninitialize_crt    000000018000f9f0 f   LIBCMT:utility.obj
 0001:0000ea1c       _onexit                    000000018000fa1c f   LIBCMT:utility.obj
 0001:0000ea6c       atexit                     000000018000fa6c f   LIBCMT:utility.obj
 0001:0000ea84       ??3@YAXPEAX@Z              000000018000fa84 f   LIBCMT:delete_scalar.obj
 0001:0000ec14       _Init_thread_footer        000000018000fc14 f   LIBCMT:thread_safe_statics.obj
 0001:0000ec74       _Init_thread_header        000000018000fc74 f   LIBCMT:thread_safe_statics.obj
 0001:0000ecdc       _Init_thread_notify        000000018000fcdc f   LIBCMT:thread_safe_statics.obj
 0001:0000ed2c       _Init_thread_wait          000000018000fd2c f   LIBCMT:thread_safe_statics.obj
 0001:0000eda4       __raise_securityfailure    000000018000fda4 f   LIBCMT:gs_report.obj
 0001:0000edd8       __report_gsfailure         000000018000fdd8 f   LIBCMT:gs_report.obj
 0001:0000eeac       __report_rangecheckfailure 000000018000feac f   LIBCMT:gs_report.obj
 0001:0000eec0       __report_securityfailure   000000018000fec0 f   LIBCMT:gs_report.obj
 0001:0000f040       ??2@YAPEAX_KAEBUnothrow_t@std@@@Z 0000000180010040 f   LIBCMT:new_scalar_nothrow.obj
 0001:0000f060       ??_U@YAPEAX_KAEBUnothrow_t@std@@@Z 0000000180010060 f   LIBCMT:new_array_nothrow.obj
 0001:0000f068       __GSHandlerCheck           0000000180010068 f   LIBCMT:_gshandler_.obj
 0001:0000f088       __GSHandlerCheckCommon     0000000180010088 f   LIBCMT:_gshandler_.obj
 0001:0000f0e4       __GSHandlerCheck_SEH       00000001800100e4 f   LIBCMT:_gshandlerseh_.obj
 0001:0000f180       _alloca_probe              0000000180010180 f   LIBCMT:_chkstk_.obj
 0001:0000f180       __chkstk                   0000000180010180 f   LIBCMT:_chkstk_.obj
 0001:0000f1f0       __security_check_cookie    00000001800101f0 f   LIBCMT:_amdsecgs_.obj
 0001:0000f544       _DllMainCRTStartup         0000000180010544 f   LIBCMT:dll_dllmain.obj
 0001:0000f584       ??2@YAPEAX_K@Z             0000000180010584 f   LIBCMT:new_scalar.obj
 0001:0000f5c0       __isa_available_init       00000001800105c0 f   LIBCMT:_cpu_disp_.obj
 0001:0000f77c       _get_startup_argv_mode     000000018001077c f   LIBCMT:argv_mode.obj
 0001:0000f784       __scrt_is_ucrt_dll_in_use  0000000180010784 f   LIBCMT:ucrt_detection.obj
 0001:0000f790       __crt_debugger_hook        0000000180010790 f   LIBCMT:utility_desktop.obj
 0001:0000f798       __scrt_fastfail            0000000180010798 f   LIBCMT:utility_desktop.obj
 0001:0000f8e4       _guard_check_icall_nop     00000001800108e4 f i LIBCMT:guard_support.obj
 0001:0000f8e8       __security_init_cookie     00000001800108e8 f   LIBCMT:gs_support.obj
 0001:0000f994       ?__scrt_initialize_type_info@@YAXXZ 0000000180010994 f   LIBCMT:tncleanup.obj
 0001:0000f9a4       ?__scrt_uninitialize_type_info@@YAXXZ 00000001800109a4 f   LIBCMT:tncleanup.obj
 0001:0000f9b0       __local_stdio_scanf_options 00000001800109b0 f i LIBCMT:default_local_stdio_options.obj
 0001:0000f9b8       __scrt_initialize_default_local_stdio_options 00000001800109b8 f   LIBCMT:default_local_stdio_options.obj
 0001:0000f9d4       __scrt_get_dyn_tls_init_callback 00000001800109d4 f   LIBCMT:dyn_tls_init.obj
 0001:0000f9dc       _RTC_Initialize            00000001800109dc f   LIBCMT:_initsect_.obj
 0001:0000fa18       _RTC_Terminate             0000000180010a18 f   LIBCMT:_initsect_.obj
 0001:0000fa54       ??0bad_alloc@std@@QEAA@AEBV01@@Z 0000000180010a54 f i LIBCMT:throw_bad_alloc.obj
 0001:0000fa94       ??0bad_alloc@std@@QEAA@XZ  0000000180010a94 f i LIBCMT:throw_bad_alloc.obj
 0001:0000fab4       ??0bad_array_new_length@std@@QEAA@AEBV01@@Z 0000000180010ab4 f i LIBCMT:throw_bad_alloc.obj
 0001:0000faf4       ??0bad_array_new_length@std@@QEAA@XZ 0000000180010af4 f i LIBCMT:throw_bad_alloc.obj
 0001:0000fb14       ??0exception@std@@QEAA@AEBV01@@Z 0000000180010b14 f i LIBCMT:throw_bad_alloc.obj
 0001:0000fb4c       ??1bad_alloc@std@@UEAA@XZ  0000000180010b4c f i LIBCMT:throw_bad_alloc.obj
 0001:0000fb4c       ??1bad_array_new_length@std@@UEAA@XZ 0000000180010b4c f i LIBCMT:throw_bad_alloc.obj
 0001:0000fb4c       ??1bad_exception@std@@UEAA@XZ 0000000180010b4c f i libvcruntime:frame.obj
 0001:0000fb60       ??_Ebad_alloc@std@@UEAAPEAXI@Z 0000000180010b60 f i LIBCMT:throw_bad_alloc.obj
 0001:0000fb60       ??_Eexception@std@@UEAAPEAXI@Z 0000000180010b60 f i LIBCMT:throw_bad_alloc.obj
 0001:0000fb60       ??_Gbad_array_new_length@std@@UEAAPEAXI@Z 0000000180010b60 f i LIBCMT:throw_bad_alloc.obj
 0001:0000fb60       ??_Gbad_alloc@std@@UEAAPEAXI@Z 0000000180010b60 f i LIBCMT:throw_bad_alloc.obj
 0001:0000fb60       ??_Gbad_exception@std@@UEAAPEAXI@Z 0000000180010b60 f i libvcruntime:frame.obj
 0001:0000fb60       ??_Ebad_array_new_length@std@@UEAAPEAXI@Z 0000000180010b60 f i LIBCMT:throw_bad_alloc.obj
 0001:0000fb60       ??_Gexception@std@@UEAAPEAXI@Z 0000000180010b60 f i LIBCMT:throw_bad_alloc.obj
 0001:0000fb60       ??_Ebad_exception@std@@UEAAPEAXI@Z 0000000180010b60 f i libvcruntime:frame.obj
 0001:0000fba4       ?__scrt_throw_std_bad_alloc@@YAXXZ 0000000180010ba4 f   LIBCMT:throw_bad_alloc.obj
 0001:0000fbc4       ?__scrt_throw_std_bad_array_new_length@@YAXXZ 0000000180010bc4 f   LIBCMT:throw_bad_alloc.obj
 0001:0000fbe4       ?what@exception@std@@UEBAPEBDXZ 0000000180010be4 f i LIBCMT:throw_bad_alloc.obj
 0001:0000fc00       ??_Etype_info@@UEAAPEAXI@Z 0000000180010c00 f i LIBCMT:std_type_info_static.obj
 0001:0000fc00       ??_Gtype_info@@UEAAPEAXI@Z 0000000180010c00 f i LIBCMT:std_type_info_static.obj
 0001:0000fc2c       ??0CAtlBaseModule@ATL@@QEAA@XZ 0000000180010c2c f   atls:atlbase.obj
 0001:0000fcd4       ??1CAtlBaseModule@ATL@@QEAA@XZ 0000000180010cd4 f   atls:atlbase.obj
 0001:0000fe08       ?__AllocStdCallThunk_cmn@@YAPEAXXZ 0000000180010e08 f   atls:atlthunk.obj
 0001:0000ff60       AtlThunk_AllocateData      0000000180010f60 f   atls:atlthunk.obj
 0001:0000ffdc       AtlThunk_DataToCode        0000000180010fdc f   atls:atlthunk.obj
 0001:00010030       AtlThunk_FreeData          0000000180011030 f   atls:atlthunk.obj
 0001:00010090       AtlThunk_InitData          0000000180011090 f   atls:atlthunk.obj
 0001:00010150       memset_repmovs             0000000180011150 f   libvcruntime:memset.obj
 0001:00010170       memset                     0000000180011170 f   libvcruntime:memset.obj
 0001:00010300       _purecall                  0000000180011300 f   libvcruntime:purevirt.obj
 0001:00010330       wcsstr                     0000000180011330 f   libvcruntime:wcsstr.obj
 0001:00010560       memcmp                     0000000180011560 f   libvcruntime:memcmp.obj
 0001:00010640       memcpy_repmovs             0000000180011640 f   libvcruntime:memcpy.obj
 0001:00010660       memmove                    0000000180011660 f   libvcruntime:memcpy.obj
 0001:00010660       memcpy                     0000000180011660 f   libvcruntime:memcpy.obj
 0001:00010a98       __vcrt_initialize          0000000180011a98 f   libvcruntime:initialization.obj
 0001:00010acc       __vcrt_thread_attach       0000000180011acc f   libvcruntime:initialization.obj
 0001:00010ae0       __vcrt_thread_detach       0000000180011ae0 f   libvcruntime:initialization.obj
 0001:00010af4       __vcrt_uninitialize        0000000180011af4 f   libvcruntime:initialization.obj
 0001:00010b14       __vcrt_uninitialize_critical 0000000180011b14 f   libvcruntime:initialization.obj
 0001:00010b24       __C_specific_handler       0000000180011b24 f   libvcruntime:_riscchandler_.obj
 0001:00010d30       __DestructExceptionObject  0000000180011d30 f   libvcruntime:ehhelpers.obj
 0001:00010da4       ?_CallMemberFunction0@@YAXQEAX0@Z 0000000180011da4 f i libvcruntime:ehhelpers.obj
 0001:00010da8       _IsExceptionObjectToBeDestroyed 0000000180011da8 f   libvcruntime:ehhelpers.obj
 0001:00010dd8       __AdjustPointer            0000000180011dd8 f   libvcruntime:ehhelpers.obj
 0001:00010dfc       __FrameUnwindFilter        0000000180011dfc f   libvcruntime:ehhelpers.obj
 0001:00010e48       __std_terminate            0000000180011e48 f   libvcruntime:ehhelpers.obj
 0001:00010e54       ??$_CallSETranslator@V__FrameHandler3@@@@YAHPEAUEHExceptionRecord@@PEA_KPEAU_CONTEXT@@PEAU_xDISPATCHER_CONTEXT@@PEBU_s_FuncInfo@@K1@Z 0000000180011e54 f i libvcruntime:risctrnsctrl.obj
[...]
 0004:00001824       $pdata$__acrt_SetThreadStackGuarantee 0000000180034824     libucrt:winapi_thunks.obj
 0004:00001830       $pdata$?try_get_function@@YAPEAXW4function_id@?A0x391cf84c@@QEBDQEBW4module_id@2@2@Z 0000000180034830     libucrt:winapi_thunks.obj
 0004:0000183c       $pdata$isdigit             000000018003483c     libucrt:_ctype.obj
 0004:00001848       $pdata$tolower             0000000180034848     libucrt:tolower_toupper.obj
 0004:00001854       $pdata$_tolower_l          0000000180034854     libucrt:tolower_toupper.obj
 0004:00001860       $pdata$?internal_isupper_l@@YA_NHQEAU__crt_locale_pointers@@@Z 0000000180034860     libucrt:tolower_toupper.obj
 0004:0000186c       $pdata$wcstol              000000018003486c     libucrt:strtox.obj
 0004:00001878       $pdata$_mbtowc_l           0000000180034878     libucrt:mbtowc.obj
 0004:00001884       $pdata$wcsnlen             0000000180034884     libucrt:strnlen.obj
 0004:00001890       $pdata$__acrt_update_locale_info 0000000180034890     libucrt:locale_update.obj
 0004:0000189c       $pdata$__acrt_update_multibyte_info 000000018003489c     libucrt:locale_update.obj
 0004:000018a8       $pdata$__acrt_fp_format    00000001800348a8     libucrt:cvt.obj
 0004:000018b4       $pdata$?fp_format_nan_or_infinity@@YAHW4__acrt_fp_class@@_NPEAD_K1@Z 00000001800348b4     libucrt:cvt.obj
 0004:000018c0       $pdata$?fp_format_e_internal@@YAHQEAD_KH_NIQEAU_strflt@@2QEAU__crt_locale_pointers@@@Z 00000001800348c0     libucrt:cvt.obj
 0004:000018cc       $pdata$?fp_format_e@@YAHQEBNQEAD_K12H_NIQEAU__crt_locale_pointers@@@Z 00000001800348cc     libucrt:cvt.obj
 0004:000018d8       $pdata$?fp_format_a@@YAHQEBNPEAD_KQEAD2H_NIQEAU__crt_locale_pointers@@@Z 00000001800348d8     libucrt:cvt.obj
 0004:000018e4       $pdata$?fp_format_f_internal@@YAHQEAD_KHQEAU_strflt@@_NQEAU__crt_locale_pointers@@@Z 00000001800348e4     libucrt:cvt.obj
 0004:000018f0       $pdata$?fp_format_g@@YAHQEBNQEAD_K12H_NIQEAU__crt_locale_pointers@@@Z 00000001800348f0     libucrt:cvt.obj
 0004:000018fc       $pdata$_fileno             00000001800348fc     libucrt:fileno.obj
 0004:00001908       $pdata$__acrt_initialize_stdio 0000000180034908     libucrt:_file.obj
 0004:00001914       $pdata$__acrt_uninitialize_stdio 0000000180034914     libucrt:_file.obj
 0004:00001920       $pdata$__acrt_uninitialize_locale 0000000180034920     libucrt:wsetlocale.obj
 0004:0000192c       $pdata$??$?RV<lambda_410d79af7f07d98d83a3f525b3859a53>@@AEAV<lambda_3e16ef9562a7dcce91392c22ab16ea36>@@V<lambda_38119f0e861e05405d8a144b9b982f0a>@@@?$__crt_seh_guarded_call@X@@QEAAX$$QEAV<lambda_410d79af7f07d98d83a3f525b3859a53>@@AEAV<lambda_3e16ef9562a7dcce91392c22ab16ea36>@@$$QEAV<lambda_38119f0e861e05405d8a144b9b982f0a>@@@Z 000000018003492c     libucrt:wsetlocale.obj
 0004:00001938       $pdata$?fin$0@?0???$?RV<lambda_410d79af7f07d98d83a3f525b3859a53>@@AEAV<lambda_3e16ef9562a7dcce91392c22ab16ea36>@@V<lambda_38119f0e861e05405d8a144b9b982f0a>@@@?$__crt_seh_guarded_call@X@@QEAAX$$QEAV<lambda_410d79af7f07d98d83a3f525b3859a53>@@AEAV<lambda_3e16ef9562a7dcce91392c22ab16ea36>@@$$QEAV<lambda_38119f0e861e05405d8a144b9b982f0a>@@@Z@4HA 0000000180034938     libucrt:wsetlocale.obj
 0004:00001944       $pdata$__acrt_initialize_lowio 0000000180034944     libucrt:ioinit.obj
 0004:00001950       $pdata$__acrt_lowio_ensure_fh_exists$fin$0 0000000180034950     libucrt:osfinfo.obj
 0004:00001950       $pdata$__acrt_initialize_lowio$fin$0 0000000180034950     libucrt:ioinit.obj
 0004:0000195c       $pdata$__acrt_uninitialize_lowio 000000018003495c     libucrt:ioinit.obj
 0004:00001968       $pdata$?initialize_inherited_file_handles_nolock@@YAXXZ 0000000180034968     libucrt:ioinit.obj
 0004:00001974       $pdata$?initialize_stdio_handles_nolock@@YAXXZ 0000000180034974     libucrt:ioinit.obj
 0004:00001980       $pdata$__acrt_initialize_locks 0000000180034980     libucrt:locks.obj
 0004:0000198c       $pdata$__acrt_uninitialize_locks 000000018003498c     libucrt:locks.obj
 0004:00001998       $pdata$__acrt_get_process_end_policy 0000000180034998     libucrt:win_policies.obj
 0004:000019a4       $pdata$??$common_expand_argv_wildcards@D@@YAHQEAPEADQEAPEAPEAD@Z 00000001800349a4     libucrt:argv_wildcards.obj
 0004:000019b0       $pdata$??$copy_and_add_argument_to_buffer@D@@YAHQEBD0_KAEAV?$argument_list@D@?A0x5f5c8891@@@Z 00000001800349b0     libucrt:argv_wildcards.obj
 0004:000019bc       $pdata$??$expand_argument_wildcards@D@@YAHQEAD0AEAV?$argument_list@D@?A0x5f5c8891@@@Z 00000001800349bc     libucrt:argv_wildcards.obj
 0004:000019c8       $pdata$__acrt_update_thread_multibyte_data 00000001800349c8     libucrt:mbctype.obj
 0004:000019d4       $pdata$__acrt_initialize_multibyte 00000001800349d4     libucrt:mbctype.obj
 0004:000019e0       $pdata$_setmbcp_nolock     00000001800349e0     libucrt:mbctype.obj
 0004:000019ec       $pdata$?getSystemCP@@YAHH@Z 00000001800349ec     libucrt:mbctype.obj
 0004:000019f8       $pdata$?setSBCS@@YAXPEAU__crt_multibyte_data@@@Z 00000001800349f8     libucrt:mbctype.obj
 0004:00001a04       $pdata$?setSBUpLow@@YAXPEAU__crt_multibyte_data@@@Z 0000000180034a04     libucrt:mbctype.obj
 0004:00001a10       $pdata$?update_thread_multibyte_data_internal@@YAPEAU__crt_multibyte_data@@QEAU__acrt_ptd@@QEAU1@@Z 0000000180034a10     libucrt:mbctype.obj
 0004:00001a1c       $pdata$?fin$0@?0??update_thread_multibyte_data_internal@@YAPEAU__crt_multibyte_data@@QEAU__acrt_ptd@@QEAU1@@Z@4HA 0000000180034a1c     libucrt:mbctype.obj
 0004:00001a28       $pdata$?setmbcp_internal@@YAHH_NQEAU__acrt_ptd@@QEAPEAU__crt_multibyte_data@@@Z 0000000180034a28     libucrt:mbctype.obj
 0004:00001a34       $pdata$??$?RV<lambda_efdfa57d1f175319df784efa44bb7b81>@@AEAV<lambda_5f0a4c1567f8adc6734073e5d1e1b35c>@@V<lambda_2e8a7d3640ea6ccb4c2413664c2db6fd>@@@?$__crt_seh_guarded_call@X@@QEAAX$$QEAV<lambda_efdfa57d1f175319df784efa44bb7b81>@@AEAV<lambda_5f0a4c1567f8adc6734073e5d1e1b35c>@@$$QEAV<lambda_2e8a7d3640ea6ccb4c2413664c2db6fd>@@@Z 0000000180034a34     libucrt:mbctype.obj
 0004:00001a40       $pdata$?x_ismbbtype_l@@YAHPEAU__crt_locale_pointers@@IHH@Z 0000000180034a40     libucrt:ismbbyte.obj
 0004:00001a4c       $pdata$__acrt_initialize_command_line 0000000180034a4c     libucrt:argv_data.obj
 0004:00001a58       $pdata$__dcrt_get_narrow_environment_from_os 0000000180034a58     libucrt:get_environment_from_os.obj
 0004:00001a64       $pdata$__acrt_initialize_heap 0000000180034a64     libucrt:heap_handle.obj
 0004:00001a70       $pdata$__acrt_execute_initializers 0000000180034a70     libucrt:shared_initialization.obj
 0004:00001a7c       $pdata$__acrt_execute_uninitializers 0000000180034a7c     libucrt:shared_initialization.obj
 0004:00001a88       $pdata$__acrt_get_sigabrt_handler 0000000180034a88     libucrt:signal.obj
 0004:00001a94       $pdata$raise               0000000180034a94     libucrt:signal.obj
 0004:00001aa0       $pdata$raise$fin$0         0000000180034aa0     libucrt:signal.obj
 0004:00001aac       $pdata$??$?RV<lambda_450d765d439847d4c735a33c368b5fc0>@@AEAV<lambda_44731a7d0e6d81c3e6aa82d741081786>@@V<lambda_601a2a7da3b7a96e9554ac7215c4b07c>@@@?$__crt_seh_guarded_call@P6AXH@Z@@QEAAP6AXH@Z$$QEAV<lambda_450d765d439847d4c735a33c368b5fc0>@@AEAV<lambda_44731a7d0e6d81c3e6aa82d741081786>@@$$QEAV<lambda_601a2a7da3b7a96e9554ac7215c4b07c>@@@Z 0000000180034aac     libucrt:signal.obj
 0004:00001ab8       $pdata$__pctype_func       0000000180034ab8     libucrt:ctype.obj
 0004:00001ac4       $pdata$iswctype            0000000180034ac4     libucrt:iswctype.obj
 0004:00001ad0       $pdata$_isctype_l          0000000180034ad0     libucrt:isctype.obj
 0004:00001adc       $pdata$__acrt_release_locale_ref 0000000180034adc     libucrt:locale_refcounting.obj
 0004:00001ae8       $pdata$__acrt_free_locale  0000000180034ae8     libucrt:locale_refcounting.obj
 0004:00001af4       $pdata$__acrt_locale_free_lc_time_if_unreferenced 0000000180034af4     libucrt:locale_refcounting.obj
 0004:00001b00       $pdata$__acrt_update_thread_locale_data 0000000180034b00     libucrt:locale_refcounting.obj
 0004:00001b0c       $pdata$__acrt_update_thread_locale_data$fin$0 0000000180034b0c     libucrt:locale_refcounting.obj
 0004:00001b18       $pdata$_updatetlocinfoEx_nolock 0000000180034b18     libucrt:locale_refcounting.obj
 0004:00001b24       $pdata$__acrt_DownlevelLocaleNameToLCID 0000000180034b24     libucrt:lcidtoname_downlevel.obj
 0004:00001b30       $pdata$?GetTableIndexFromLocaleName@@YAHPEB_W@Z 0000000180034b30     libucrt:lcidtoname_downlevel.obj
 0004:00001b3c       $pdata$_isleadbyte_l       0000000180034b3c     libucrt:_wctype.obj
 0004:00001b48       $pdata$__acrt_LCMapStringA 0000000180034b48     libucrt:lcmapstringa.obj
 0004:00001b54       $pdata$?__acrt_LCMapStringA_stat@@YAHPEAU__crt_locale_pointers@@PEB_WKPEBDHPEADHHH@Z 0000000180034b54     libucrt:lcmapstringa.obj
 0004:00001b60       $pdata$__acrt_fp_strflt_to_string 0000000180034b60     libucrt:_fptostr.obj
 0004:00001b6c       $pdata$memcpy_s            0000000180034b6c     libucrt:cfout.obj
 0004:00001b78       $pdata$__acrt_fltout       0000000180034b78     libucrt:cfout.obj
 0004:00001b84       $pdata$?divide@__crt_strtox@@YA_KAEAUbig_integer@1@AEBU21@@Z 0000000180034b84     libucrt:cfout.obj
 0004:00001b90       $pdata$5$?divide@__crt_strtox@@YA_KAEAUbig_integer@1@AEBU21@@Z 0000000180034b90     libucrt:cfout.obj
 0004:00001b9c       $pdata$6$?divide@__crt_strtox@@YA_KAEAUbig_integer@1@AEBU21@@Z 0000000180034b9c     libucrt:cfout.obj
 0004:00001ba8       $pdata$_fcloseall          0000000180034ba8     libucrt:closeall.obj
 0004:00001bb4       $pdata$_fcloseall$fin$0    0000000180034bb4     libucrt:closeall.obj
 0004:00001bc0       $pdata$_fflush_nolock      0000000180034bc0     libucrt:fflush.obj
 0004:00001bcc       $pdata$__acrt_stdio_flush_nolock 0000000180034bcc     libucrt:fflush.obj
 0004:00001bd8       $pdata$?common_flush_all@@YAH_N@Z 0000000180034bd8     libucrt:fflush.obj
 0004:00001be4       $pdata$??$?RV<lambda_842d9ff0dc9ef11c61343bbaebe7f885>@@AEAV<lambda_c5860995281e5c4ce005b3de8f5874ee>@@V<lambda_d90129c13df834fdcbf8d2b88dafcf2d>@@@?$__crt_seh_guarded_call@X@@QEAAX$$QEAV<lambda_842d9ff0dc9ef11c61343bbaebe7f885>@@AEAV<lambda_c5860995281e5c4ce005b3de8f5874ee>@@$$QEAV<lambda_d90129c13df834fdcbf8d2b88dafcf2d>@@@Z 0000000180034be4     libucrt:fflush.obj
 0004:00001bf0       $pdata$?fin$0@?0???$?RV<lambda_842d9ff0dc9ef11c61343bbaebe7f885>@@AEAV<lambda_c5860995281e5c4ce005b3de8f5874ee>@@V<lambda_d90129c13df834fdcbf8d2b88dafcf2d>@@@?$__crt_seh_guarded_call@X@@QEAAX$$QEAV<lambda_842d9ff0dc9ef11c61343bbaebe7f885>@@AEAV<lambda_c5860995281e5c4ce005b3de8f5874ee>@@$$QEAV<lambda_d90129c13df834fdcbf8d2b88dafcf2d>@@@Z@4HA 0000000180034bf0     libucrt:fflush.obj
 0004:00001bfc       $pdata$??$?RV<lambda_886d6c58226a84441f68b9f2b8217b83>@@AEAV<lambda_ab61a845afdef5b7c387490eaf3616ee>@@V<lambda_f7f22ab5edc0698d5f6905b0d3f44752>@@@?$__crt_seh_guarded_call@X@@QEAAX$$QEAV<lambda_886d6c58226a84441f68b9f2b8217b83>@@AEAV<lambda_ab61a845afdef5b7c387490eaf3616ee>@@$$QEAV<lambda_f7f22ab5edc0698d5f6905b0d3f44752>@@@Z 0000000180034bfc     libucrt:fflush.obj
 0004:00001c08       $pdata$?fin$0@?0???$?RV<lambda_886d6c58226a84441f68b9f2b8217b83>@@AEAV<lambda_ab61a845afdef5b7c387490eaf3616ee>@@V<lambda_f7f22ab5edc0698d5f6905b0d3f44752>@@@?$__crt_seh_guarded_call@X@@QEAAX$$QEAV<lambda_886d6c58226a84441f68b9f2b8217b83>@@AEAV<lambda_ab61a845afdef5b7c387490eaf3616ee>@@$$QEAV<lambda_f7f22ab5edc0698d5f6905b0d3f44752>@@@Z@4HA 0000000180034c08     libucrt:fflush.obj
 0004:00001c14       $pdata$__acrt_stdio_free_buffer_nolock 0000000180034c14     libucrt:_freebuf.obj
 0004:00001c20       $pdata$_isatty             0000000180034c20     libucrt:isatty.obj
 0004:00001c2c       $pdata$__acrt_locale_free_monetary 0000000180034c2c     libucrt:initmon.obj
 0004:00001c38       $pdata$__acrt_locale_free_numeric 0000000180034c38     libucrt:initnum.obj
 0004:00001c44       $pdata$__acrt_locale_free_time 0000000180034c44     libucrt:inittime.obj
 0004:00001c50       $pdata$?free_crt_array_internal@@YAXQEAPEBX_K@Z 0000000180034c50     libucrt:inittime.obj
 0004:00001c5c       $pdata$__acrt_GetStringTypeA 0000000180034c5c     libucrt:getstringtypea.obj
 0004:00001c68       $pdata$_get_osfhandle      0000000180034c68     libucrt:osfinfo.obj
 0004:00001c74       $pdata$_free_osfhnd        0000000180034c74     libucrt:osfinfo.obj
 0004:00001c80       $pdata$__acrt_lowio_create_handle_array 0000000180034c80     libucrt:osfinfo.obj
 0004:00001c8c       $pdata$__acrt_lowio_destroy_handle_array 0000000180034c8c     libucrt:osfinfo.obj
 0004:00001c98       $pdata$__acrt_lowio_ensure_fh_exists 0000000180034c98     libucrt:osfinfo.obj
 0004:00001ca4       $pdata$qsort               0000000180034ca4     libucrt:qsort.obj
 0004:00001cb0       $pdata$4$qsort             0000000180034cb0     libucrt:qsort.obj
 0004:00001cbc       $pdata$5$qsort             0000000180034cbc     libucrt:qsort.obj
 0004:00001cc8       $pdata$?shortsort@@YAXPEAD0_KP6AHPEBX2@Z@Z 0000000180034cc8     libucrt:qsort.obj
 0004:00001cd4       $pdata$2$?shortsort@@YAXPEAD0_KP6AHPEBX2@Z@Z 0000000180034cd4     libucrt:qsort.obj
 0004:00001ce0       $pdata$3$?shortsort@@YAXPEAD0_KP6AHPEBX2@Z@Z 0000000180034ce0     libucrt:qsort.obj
 0004:00001cec       $pdata$strncpy_s           0000000180034cec     libucrt:strncpy_s.obj
 0004:00001cf8       $pdata$strpbrk             0000000180034cf8     libucrt:strpbrk.obj
 0004:00001d04       $pdata$_mbsdec_l           0000000180034d04     libucrt:mbsdec.obj
 0004:00001d10       $pdata$?initialize_multibyte@@YAHXZ 0000000180034d10     libucrt:multibyte_initializer.obj
 0004:00001d1c       $pdata$fegetenv            0000000180034d1c     libucrt:fegetenv.obj
 0004:00001d28       $pdata$fesetenv            0000000180034d28     libucrt:fesetenv.obj
 0004:00001d34       $pdata$feholdexcept        0000000180034d34     libucrt:feholdexcept.obj
 0004:00001d4c       $pdata$_write              0000000180034d4c     libucrt:write.obj
 0004:00001d58       $pdata$_write$fin$0        0000000180034d58     libucrt:write.obj
 0004:00001d64       $pdata$_write_nolock       0000000180034d64     libucrt:write.obj
 0004:00001d70       $pdata$?write_double_translated_ansi_nolock@@YA?AUwrite_result@?A0x17268360@@HQEBDI@Z 0000000180034d70     libucrt:write.obj
 0004:00001d7c       $pdata$?write_text_ansi_nolock@@YA?AUwrite_result@?A0x17268360@@HQEBDI@Z 0000000180034d7c     libucrt:write.obj
 0004:00001d88       $pdata$?write_text_utf16le_nolock@@YA?AUwrite_result@?A0x17268360@@HQEBDI@Z 0000000180034d88     libucrt:write.obj
 0004:00001d94       $pdata$?write_text_utf8_nolock@@YA?AUwrite_result@?A0x17268360@@HQEBDI@Z 0000000180034d94     libucrt:write.obj
 0004:00001da0       $pdata$??$common_lseek_nolock@_J@@YA_JH_JH@Z 0000000180034da0     libucrt:lseek.obj
 0004:00001dac       $pdata$fclose              0000000180034dac     libucrt:fclose.obj
 0004:00001db8       $pdata$fclose$fin$0        0000000180034db8     libucrt:fclose.obj
 0004:00001dc4       $pdata$_fclose_nolock      0000000180034dc4     libucrt:fclose.obj
 0004:00001dd0       $pdata$_commit             0000000180034dd0     libucrt:commit.obj
 0004:00001ddc       $pdata$??$?RV<lambda_a37b2b86f63e897a80ea819b0eb08c01>@@AEAV<lambda_38ce7e780aa69e748d6df282ebc68efe>@@V<lambda_99fb1378e971ab6e7edea83e3a7a83a2>@@@?$__crt_seh_guarded_call@H@@QEAAH$$QEAV<lambda_a37b2b86f63e897a80ea819b0eb08c01>@@AEAV<lambda_38ce7e780aa69e748d6df282ebc68efe>@@$$QEAV<lambda_99fb1378e971ab6e7edea83e3a7a83a2>@@@Z 0000000180034ddc     libucrt:commit.obj
 0004:00001de8       $pdata$?fin$0@?0???$?RV<lambda_751a882b2c74d4b022dec766aa51a29a>@@AEAV<lambda_628dfdc04ba53c8bfc02c9951375f3f5>@@V<lambda_f6c7be5f7998530c34de24c7437d6b54>@@@?$__crt_seh_guarded_call@H@@QEAAH$$QEAV<lambda_751a882b2c74d4b022dec766aa51a29a>@@AEAV<lambda_628dfdc04ba53c8bfc02c9951375f3f5>@@$$QEAV<lambda_f6c7be5f7998530c34de24c7437d6b54>@@@Z@4HA 0000000180034de8     libucrt:close.obj
 0004:00001de8       $pdata$?fin$0@?0???$?RV<lambda_a37b2b86f63e897a80ea819b0eb08c01>@@AEAV<lambda_38ce7e780aa69e748d6df282ebc68efe>@@V<lambda_99fb1378e971ab6e7edea83e3a7a83a2>@@@?$__crt_seh_guarded_call@H@@QEAAH$$QEAV<lambda_a37b2b86f63e897a80ea819b0eb08c01>@@AEAV<lambda_38ce7e780aa69e748d6df282ebc68efe>@@$$QEAV<lambda_99fb1378e971ab6e7edea83e3a7a83a2>@@@Z@4HA 0000000180034de8     libucrt:commit.obj
 0004:00001df4       $pdata$_setfpstatusword    0000000180034df4     libucrt:_fenvutils.obj
 0004:00001e00       $pdata$_getfpcontrolword   0000000180034e00     libucrt:_fenvutils.obj
 0004:00001e0c       $pdata$_getfpstatusword    0000000180034e0c     libucrt:_fenvutils.obj
 0004:00001e18       $pdata$_clearfp            0000000180034e18     libucrt:ieee.obj
 0004:00001e24       $pdata$common_control87    0000000180034e24     libucrt:ieee.obj
 0004:00001e30       $pdata$common_control87$filt$0 0000000180034e30     libucrt:ieee.obj
 0004:00001e30       $pdata$_ctrlfp$filt$0      0000000180034e30     libucrt:fpctrl.obj
 0004:00001e3c       $pdata$_call_matherr       0000000180034e3c     libucrt:libm_error.obj
 0004:00001e48       $pdata$_exception_enabled  0000000180034e48     libucrt:libm_error.obj
 0004:00001e54       $pdata$_handle_error       0000000180034e54     libucrt:libm_error.obj
 0004:00001e60       $pdata$__acrt_initialize_fma3 0000000180034e60     libucrt:fma3_available.obj
 0004:00001e6c       $pdata$_log_special_common 0000000180034e6c     libucrt:log_special.obj
 0004:00001e78       $pdata$_log10_special      0000000180034e78     libucrt:log_special.obj
 0004:00001e84       $pdata$_putwch_nolock      0000000180034e84     libucrt:putwch.obj
 0004:00001e90       $pdata$_close              0000000180034e90     libucrt:close.obj
 0004:00001e9c       $pdata$_close_nolock       0000000180034e9c     libucrt:close.obj
 0004:00001ea8       $pdata$??$?RV<lambda_751a882b2c74d4b022dec766aa51a29a>@@AEAV<lambda_628dfdc04ba53c8bfc02c9951375f3f5>@@V<lambda_f6c7be5f7998530c34de24c7437d6b54>@@@?$__crt_seh_guarded_call@H@@QEAAH$$QEAV<lambda_751a882b2c74d4b022dec766aa51a29a>@@AEAV<lambda_628dfdc04ba53c8bfc02c9951375f3f5>@@$$QEAV<lambda_f6c7be5f7998530c34de24c7437d6b54>@@@Z 0000000180034ea8     libucrt:close.obj
 0004:00001ec0       $pdata$_set_errno_from_matherr 0000000180034ec0     libucrt:fpexcept.obj
 0004:00001ecc       $pdata$_raise_exc          0000000180034ecc     libucrt:fpexcept.obj
 0004:00001ed8       $pdata$_raise_exc_ex       0000000180034ed8     libucrt:fpexcept.obj
 0004:00001ee4       $pdata$_clrfp              0000000180034ee4     libucrt:fpctrl.obj
 0004:00001ef0       $pdata$_ctrlfp             0000000180034ef0     libucrt:fpctrl.obj
 0004:00001efc       $pdata$_statfp             0000000180034efc     libucrt:fpctrl.obj
 0004:00001f08       $pdata$_set_statfp         0000000180034f08     libucrt:fpctrl.obj
 0004:00001f14       $pdata$__dcrt_lowio_initialize_console_output 0000000180034f14     libucrt:initcon.obj
 0004:00001f20       $pdata$__dcrt_terminate_console_output 0000000180034f20     libucrt:initcon.obj
 0004:00001f2c       $pdata$_IsNonwritableInCurrentImage 0000000180034f2c     LIBCMT:pesect.obj
 0004:00001f38       $pdata$_IsNonwritableInCurrentImage$filt$0 0000000180034f38     LIBCMT:pesect.obj
 0004:00001f44       $pdata$strrchr             0000000180034f44     libvcruntime:strrchr.obj
 0005:00000220       $R000000                   0000000180035220     MSR.res
 0005:00000b68       $R000948                   0000000180035b68     MSR.res
 0005:00000c50       $R000A30                   0000000180035c50     MSR.res
 0005:00000eb8       $R000C98                   0000000180035eb8     MSR.res
 0005:000013a8       $R001188                   00000001800363a8     MSR.res
 0005:00005b80       $R005960                   000000018003ab80     MSR.res
 0005:00005ba8       $R005988                   000000018003aba8     MSR.res
