 OPOSMotionSensor

 Timestamp is 5c43fea8 (Sun Jan 20 13:52:56 2019)

 Preferred load address is 0000000180000000

 Start         Length     Name                   Class
 0001:00000000 000000c0H .text$di                CODE
 0001:000000c0 0001efc0H .text$mn                CODE
 0001:0001f080 00000020H .text$mn$00             CODE
 0001:0001f0a0 00000410H .text$x                 CODE
 0001:0001f4b0 000000c0H .text$yd                CODE
 0002:00000000 00000620H .idata$5                DATA
 0002:00000620 00000010H .00cfg                  DATA
 0002:00000630 00000008H .CRT$XCA                DATA
 0002:00000638 00000008H .CRT$XCL                DATA
 0002:00000640 00000020H .CRT$XCU                DATA
 0002:00000660 00000008H .CRT$XCZ                DATA
 0002:00000668 00000008H .CRT$XIA                DATA
 0002:00000670 00000020H .CRT$XIC                DATA
 0002:00000690 00000008H .CRT$XIZ                DATA
 0002:00000698 00000008H .CRT$XLA                DATA
 0002:000006a0 00000008H .CRT$XLZ                DATA
 0002:000006a8 00000008H .CRT$XPA                DATA
 0002:000006b0 00000010H .CRT$XPX                DATA
 0002:000006c0 00000008H .CRT$XPXA               DATA
 0002:000006c8 00000008H .CRT$XPZ                DATA
 0002:000006d0 00000008H .CRT$XTA                DATA
 0002:000006d8 00000008H .CRT$XTZ                DATA
 0002:000006e0 00000000H .gfids$x                DATA
 0002:000006e0 00000000H .gfids$y                DATA
 0002:000006e0 00009fd0H .rdata                  DATA
 0002:0000a6b0 00000028H .rdata$T                DATA
 0002:0000a6d8 00000274H .rdata$r                DATA
 0002:0000a94c 000003fcH .rdata$zzzdbg           DATA
 0002:0000ad48 00000008H .rtc$IAA                DATA
 0002:0000ad50 00000008H .rtc$IZZ                DATA
 0002:0000ad58 00000008H .rtc$TAA                DATA
 0002:0000ad60 00000008H .rtc$TZZ                DATA
 0002:0000ad68 00000004H .tls                    DATA
 0002:0000ad6c 00000004H .tls$                   DATA
 0002:0000ad70 00000008H .tls$ZZZ                DATA
 0002:0000ad78 00001620H .xdata                  DATA
 0002:0000c398 00000150H .xdata$x                DATA
 0002:0000c4e8 00000008H ATL$__a                 DATA
 0002:0000c4f0 00000010H ATL$__z                 DATA
 0002:0000c500 000000b0H .edata                  DATA
 0002:0000c5b0 00000078H .idata$2                DATA
 0002:0000c628 00000018H .idata$3                DATA
 0002:0000c640 00000620H .idata$4                DATA
 0002:0000cc60 00000c3aH .idata$6                DATA
 0003:00000000 00000c58H .data                   DATA
 0003:00000c58 000000c8H .data$r                 DATA
 0003:00000d20 000013d4H .bss                    DATA
 0004:00000000 00001e00H .pdata                  DATA
 0005:00000000 00000220H .rsrc$01                DATA
 0005:00000220 000036a8H .rsrc$02                DATA

  Address         Publics by Value              Rva+Base               Lib:Object

 0000:00000000       __guard_fids_count         0000000000000000     <absolute>
 0000:00000000       __guard_longjmp_count      0000000000000000     <absolute>
 0000:00000000       __guard_longjmp_table      0000000000000000     <absolute>
 0000:00000000       __hybrid_code_map          0000000000000000     <absolute>
 0000:00000000       __guard_iat_count          0000000000000000     <absolute>
 0000:00000000       __guard_iat_table          0000000000000000     <absolute>
 0000:00000000       __volatile_metadata        0000000000000000     <absolute>
 0000:00000000       __hybrid_code_map_count    0000000000000000     <absolute>
 0000:00000000       __enclave_config           0000000000000000     <absolute>
 0000:00000000       ___safe_se_handler_count   0000000000000000     <absolute>
 0000:00000000       ___safe_se_handler_table   0000000000000000     <absolute>
 0000:00000000       __guard_fids_table         0000000000000000     <absolute>
 0000:00000000       __hybrid_auxiliary_iat     0000000000000000     <absolute>
 0000:00000000       __dynamic_value_reloc_table 0000000000000000     <absolute>
 0000:00000100       __guard_flags              0000000000000100     <absolute>
 0000:00000000       __ImageBase                0000000180000000     <linker-defined>
 0001:000000c0       ?DupWide@_CW@@AEAAXXZ      00000001800010c0 f   CWString.obj
 0001:000000e8       ?cw_dup@@YAXPEBDAEAHAEAPEA_W1@Z 00000001800010e8 f   CWString.obj
 0001:00000194       ?cw_memcpy@@YAHPEA_WPEBDH@Z 0000000180001194 f   CWString.obj
 0001:000001e0       ?cw_strcpy@@YAHPEA_WPEBD@Z 00000001800011e0 f   CWString.obj
 0001:000001f4       ??0CAtlComModule@ATL@@QEAA@XZ 00000001800011f4 f i OposVariant.obj
 0001:0000027c       ??0CAtlWinModule@ATL@@QEAA@XZ 000000018000127c f i OposVariant.obj
 0001:000002f4       ??0OposDispParms@@QEAA@PEAVOposVariant@@H@Z 00000001800012f4 f   OposVariant.obj
 0001:0000039c       ??1OposDispParms@@QEAA@XZ  000000018000139c f   OposVariant.obj
 0001:000003b4       ??_Estringdispid@CComTypeInfoHolder@ATL@@QEAAPEAXI@Z 00000001800013b4 f i OposVariant.obj
 0001:00000458       ?AtlWinModuleTerm@ATL@@YAJPEAU_ATL_WIN_MODULE70@1@PEAUHINSTANCE__@@@Z 0000000180001458 f i OposVariant.obj
 0001:00000508       ?ChangeBSTR@OposVariant@@QEAAXPEAPEA_WAEAJ@Z 0000000180001508 f   OposVariant.obj
 0001:00000568       ?ChangeLONG@OposVariant@@QEAAXPEAJAEAJ@Z 0000000180001568 f   OposVariant.obj
 0001:000005c4       ?GetLONG@OposVariant@@QEAAJXZ 00000001800015c4 f   OposVariant.obj
 0001:000005e8       ?SetBSTR@OposVariant@@QEAAXPEA_WAEAJ@Z 00000001800015e8 f   OposVariant.obj
 0001:00000628       ?SetBSTR_Copy@OposVariant@@QEAAXPEA_WAEAJ@Z 0000000180001628 f   OposVariant.obj
 0001:00000698       ?SetBSTR_InOutPtr@OposVariant@@QEAA_NPEAPEA_WAEAJ@Z 0000000180001698 f   OposVariant.obj
 0001:000006e8       ?SetDispatch_Ptr@OposVariant@@QEAAXPEAUIDispatch@@AEAJ@Z 00000001800016e8 f   OposVariant.obj
 0001:00000740       ?SetLONG@OposVariant@@QEAAXJ@Z 0000000180001740 f   OposVariant.obj
 0001:00000770       ?SetLONG_Ptr@OposVariant@@QEAAXPEAJAEAJ@Z 0000000180001770 f   OposVariant.obj
 0001:000007bc       ?SetString@OposVariant@@QEAAXPEB_WAEAJ@Z 00000001800017bc f   OposVariant.obj
 0001:00000820       ?SetVARIANT_BOOL@OposVariant@@QEAAXF@Z 0000000180001820 f   OposVariant.obj
 0001:00000858       ?Term@CAtlComModule@ATL@@QEAAXXZ 0000000180001858 f i OposVariant.obj
 0001:000008c8       ?_AtlInitializeCriticalSectionEx@ATL@@YAHPEAU_RTL_CRITICAL_SECTION@@KK@Z 00000001800018c8 f i OposVariant.obj
 0001:000008d0       ?_AtlRaiseException@ATL@@YAXKK@Z 00000001800018d0 f i OposVariant.obj
 0001:000008e0       ?AddRef@?$CComAggObject@VCOPOSMotionSensor@@@ATL@@UEAAKXZ 00000001800018e0 f i MotionSensor.obj
 0001:000008ec       ?Release@?$CComAggObject@VCOPOSMotionSensor@@@ATL@@UEAAKXZ 00000001800018ec f i MotionSensor.obj
 0001:00000940       ?QueryInterface@?$CComAggObject@VCOPOSMotionSensor@@@ATL@@UEAAJAEBU_GUID@@PEAPEAX@Z 0000000180001940 f i MotionSensor.obj
 0001:000009a0       ?AddRef@?$CComContainedObject@VCOPOSMotionSensor@@@ATL@@UEAAKXZ 00000001800019a0 f i MotionSensor.obj
 0001:000009b0       ?Release@?$CComContainedObject@VCOPOSMotionSensor@@@ATL@@UEAAKXZ 00000001800019b0 f i MotionSensor.obj
 0001:000009c0       ?QueryInterface@?$CComContainedObject@VCOPOSMotionSensor@@@ATL@@UEAAJAEBU_GUID@@PEAPEAX@Z 00000001800019c0 f i MotionSensor.obj
 0001:000009d0       ??_G?$CComAggObject@VCOPOSMotionSensor@@@ATL@@UEAAPEAXI@Z 00000001800019d0 f i MotionSensor.obj
 0001:000009d0       ??_E?$CComAggObject@VCOPOSMotionSensor@@@ATL@@UEAAPEAXI@Z 00000001800019d0 f i MotionSensor.obj
 0001:00000a28       ?AddRef@?$CComObject@VCOPOSMotionSensor@@@ATL@@UEAAKXZ 0000000180001a28 f i MotionSensor.obj
 0001:00000a38       ?Release@?$CComObject@VCOPOSMotionSensor@@@ATL@@UEAAKXZ 0000000180001a38 f i MotionSensor.obj
 0001:00000a90       ?QueryInterface@?$CComObject@VCOPOSMotionSensor@@@ATL@@UEAAJAEBU_GUID@@PEAPEAX@Z 0000000180001a90 f i MotionSensor.obj
 0001:00000aa4       ?OnFinalMessage@?$CWindowImplBaseT@VCWindow@ATL@@V?$CWinTraits@$0FGAAAAAA@$0A@@2@@ATL@@UEAAXPEAUHWND__@@@Z 0000000180001aa4 f i MotionSensor.obj
 0001:00000aa4       _guard_check_icall_nop     0000000180001aa4 f i LIBCMT:guard_support.obj
 0001:00000aa4       ?ObjectMain@CComObjectRootBase@ATL@@SAX_N@Z 0000000180001aa4 f i MotionSensor.obj
 0001:00000aa8       ?OnFrameWindowActivate@?$IOleInPlaceActiveObjectImpl@VCOPOSMotionSensor@@@ATL@@UEAAJH@Z 0000000180001aa8 f i MotionSensor.obj
 0001:00000aa8       ?Release@CRegObject@ATL@@UEAAKXZ 0000000180001aa8 f i MotionSensor.obj
 0001:00000aa8       ?IsUpToDate@?$IOleObjectImpl@VCOPOSMotionSensor@@@ATL@@UEAAJXZ 0000000180001aa8 f i MotionSensor.obj
 0001:00000aa8       ?GetObjectDescription@?$CComCoClass@VCOPOSMotionSensor@@$1?CLSID_OPOSMotionSensor@@3U_GUID@@B@ATL@@SAPEB_WXZ 0000000180001aa8 f i MotionSensor.obj
 0001:00000aa8       ?GetCategoryMap@CComObjectRootBase@ATL@@SAPEBU_ATL_CATMAP_ENTRY@2@XZ 0000000180001aa8 f i MotionSensor.obj
 0001:00000aa8       ?SaveCompleted@?$IPersistStorageImpl@VCOPOSMotionSensor@@@ATL@@UEAAJPEAUIStorage@@@Z 0000000180001aa8 f i MotionSensor.obj
 0001:00000aa8       ?OnAmbientPropertyChange@?$IOleControlImpl@VCOPOSMotionSensor@@@ATL@@UEAAJJ@Z 0000000180001aa8 f i MotionSensor.obj
 0001:00000aa8       ?ResizeBorder@?$IOleInPlaceActiveObjectImpl@VCOPOSMotionSensor@@@ATL@@UEAAJPEBUtagRECT@@PEAUIOleInPlaceUIWindow@@H@Z 0000000180001aa8 f i MotionSensor.obj
 0001:00000aa8       ?Update@?$IOleObjectImpl@VCOPOSMotionSensor@@@ATL@@UEAAJXZ 0000000180001aa8 f i MotionSensor.obj
 0001:00000aa8       ?HandsOffStorage@?$IPersistStorageImpl@VCOPOSMotionSensor@@@ATL@@UEAAJXZ 0000000180001aa8 f i MotionSensor.obj
 0001:00000aa8       ?EnableModeless@?$IOleInPlaceActiveObjectImpl@VCOPOSMotionSensor@@@ATL@@UEAAJH@Z 0000000180001aa8 f i MotionSensor.obj
 0001:00000aa8       ?SetHostNames@?$IOleObjectImpl@VCOPOSMotionSensor@@@ATL@@UEAAJPEB_W0@Z 0000000180001aa8 f i MotionSensor.obj
 0001:00000aac       ?OnDrawAdvanced@CComControlBase@ATL@@UEAAJAEAUATL_DRAWINFO@@@Z 0000000180001aac f i MotionSensor.obj
 0001:00000bcc       ?CreateInstance@CComClassFactory@ATL@@UEAAJPEAUIUnknown@@AEBU_GUID@@PEAPEAX@Z 0000000180001bcc f i MotionSensor.obj
 0001:00000c2c       ?LockServer@CComClassFactory@ATL@@UEAAJH@Z 0000000180001c2c f i MotionSensor.obj
 0001:00000c50       ??_GCComClassFactory@ATL@@UEAAPEAXI@Z 0000000180001c50 f i MotionSensor.obj
 0001:00000c50       ??_ECComClassFactory@ATL@@UEAAPEAXI@Z 0000000180001c50 f i MotionSensor.obj
 0001:00000ca0       ?Next@?$CComEnumImpl@UIEnumConnections@@$1?_GUID_b196b287_bab4_101a_b69c_00aa00341d07@@3U__s_GUID@@BUtagCONNECTDATA@@V?$_Copy@UtagCONNECTDATA@@@ATL@@@ATL@@UEAAJKPEAUtagCONNECTDATA@@PEAK@Z 0000000180001ca0 f i MotionSensor.obj
 0001:00000d74       ?Skip@?$CComEnumImpl@UIEnumConnections@@$1?_GUID_b196b287_bab4_101a_b69c_00aa00341d07@@3U__s_GUID@@BUtagCONNECTDATA@@V?$_Copy@UtagCONNECTDATA@@@ATL@@@ATL@@UEAAJK@Z 0000000180001d74 f i MotionSensor.obj
 0001:00000da0       ?Reset@?$CComEnumImpl@UIEnumConnectionPoints@@$1?_GUID_b196b285_bab4_101a_b69c_00aa00341d07@@3U__s_GUID@@BPEAUIConnectionPoint@@V?$_CopyInterface@UIConnectionPoint@@@ATL@@@ATL@@UEAAJXZ 0000000180001da0 f i MotionSensor.obj
 0001:00000da0       ?Reset@?$CComEnumImpl@UIEnumConnections@@$1?_GUID_b196b287_bab4_101a_b69c_00aa00341d07@@3U__s_GUID@@BUtagCONNECTDATA@@V?$_Copy@UtagCONNECTDATA@@@ATL@@@ATL@@UEAAJXZ 0000000180001da0 f i MotionSensor.obj
 0001:00000dac       ?Clone@?$CComEnumImpl@UIEnumConnections@@$1?_GUID_b196b287_bab4_101a_b69c_00aa00341d07@@3U__s_GUID@@BUtagCONNECTDATA@@V?$_Copy@UtagCONNECTDATA@@@ATL@@@ATL@@UEAAJPEAPEAUIEnumConnections@@@Z 0000000180001dac f i MotionSensor.obj
 0001:00000ed4       ?AddRef@?$CComObject@V?$CComEnum@UIEnumConnections@@$1?_GUID_b196b287_bab4_101a_b69c_00aa00341d07@@3U__s_GUID@@BUtagCONNECTDATA@@V?$_Copy@UtagCONNECTDATA@@@ATL@@VCComSingleThreadModel@6@@ATL@@@ATL@@UEAAKXZ 0000000180001ed4 f i MotionSensor.obj
 0001:00000ed4       ?AddRef@?$CComObject@V?$CComEnum@UIEnumConnectionPoints@@$1?_GUID_b196b285_bab4_101a_b69c_00aa00341d07@@3U__s_GUID@@BPEAUIConnectionPoint@@V?$_CopyInterface@UIConnectionPoint@@@ATL@@VCComSingleThreadModel@6@@ATL@@@ATL@@UEAAKXZ 0000000180001ed4 f i MotionSensor.obj
 0001:00000ee0       ?Release@?$CComObject@V?$CComEnum@UIEnumConnectionPoints@@$1?_GUID_b196b285_bab4_101a_b69c_00aa00341d07@@3U__s_GUID@@BPEAUIConnectionPoint@@V?$_CopyInterface@UIConnectionPoint@@@ATL@@VCComSingleThreadModel@6@@ATL@@@ATL@@UEAAKXZ 0000000180001ee0 f i MotionSensor.obj
 0001:00000ee0       ?Release@?$CComObject@V?$CComEnum@UIEnumConnections@@$1?_GUID_b196b287_bab4_101a_b69c_00aa00341d07@@3U__s_GUID@@BUtagCONNECTDATA@@V?$_Copy@UtagCONNECTDATA@@@ATL@@VCComSingleThreadModel@6@@ATL@@@ATL@@UEAAKXZ 0000000180001ee0 f i MotionSensor.obj
 0001:00000f34       ?QueryInterface@?$CComObject@V?$CComEnum@UIEnumConnections@@$1?_GUID_b196b287_bab4_101a_b69c_00aa00341d07@@3U__s_GUID@@BUtagCONNECTDATA@@V?$_Copy@UtagCONNECTDATA@@@ATL@@VCComSingleThreadModel@6@@ATL@@@ATL@@UEAAJAEBU_GUID@@PEAPEAX@Z 0000000180001f34 f i MotionSensor.obj
 0001:00000f48       ??_G?$CComObject@V?$CComEnum@UIEnumConnections@@$1?_GUID_b196b287_bab4_101a_b69c_00aa00341d07@@3U__s_GUID@@BUtagCONNECTDATA@@V?$_Copy@UtagCONNECTDATA@@@ATL@@VCComSingleThreadModel@6@@ATL@@@ATL@@UEAAPEAXI@Z 0000000180001f48 f i MotionSensor.obj
 0001:00000f48       ??_E?$CComObject@V?$CComEnum@UIEnumConnections@@$1?_GUID_b196b287_bab4_101a_b69c_00aa00341d07@@3U__s_GUID@@BUtagCONNECTDATA@@V?$_Copy@UtagCONNECTDATA@@@ATL@@VCComSingleThreadModel@6@@ATL@@@ATL@@UEAAPEAXI@Z 0000000180001f48 f i MotionSensor.obj
 0001:00000fa0       ??_E?$CComObject@VCOPOSMotionSensor@@@ATL@@W7EAAPEAXI@Z 0000000180001fa0 f i MotionSensor.obj
 0001:00000fac       ??_E?$CComObject@VCOPOSMotionSensor@@@ATL@@WHA@EAAPEAXI@Z 0000000180001fac f i MotionSensor.obj
 0001:00000fb8       ?QueryInterface@?$CComObject@VCOPOSMotionSensor@@@ATL@@WLI@EAAJAEBU_GUID@@PEAPEAX@Z 0000000180001fb8 f i MotionSensor.obj
 0001:00000fc4       ?AddRef@?$CComObject@VCOPOSMotionSensor@@@ATL@@WLI@EAAKXZ 0000000180001fc4 f i MotionSensor.obj
 0001:00000fd0       ?Release@?$CComObject@VCOPOSMotionSensor@@@ATL@@WLI@EAAKXZ 0000000180001fd0 f i MotionSensor.obj
 0001:00000fdc       ?QueryInterface@?$CComObject@VCOPOSMotionSensor@@@ATL@@WMA@EAAJAEBU_GUID@@PEAPEAX@Z 0000000180001fdc f i MotionSensor.obj
 0001:00000fe8       ?AddRef@?$CComObject@VCOPOSMotionSensor@@@ATL@@WMA@EAAKXZ 0000000180001fe8 f i MotionSensor.obj
 0001:00000ff4       ?Release@?$CComObject@VCOPOSMotionSensor@@@ATL@@WMA@EAAKXZ 0000000180001ff4 f i MotionSensor.obj
 0001:00001000       ?QueryInterface@?$CComObject@VCOPOSMotionSensor@@@ATL@@WMI@EAAJAEBU_GUID@@PEAPEAX@Z 0000000180002000 f i MotionSensor.obj
 0001:0000100c       ?AddRef@?$CComObject@VCOPOSMotionSensor@@@ATL@@WMI@EAAKXZ 000000018000200c f i MotionSensor.obj
 0001:00001018       ?Release@?$CComObject@VCOPOSMotionSensor@@@ATL@@WMI@EAAKXZ 0000000180002018 f i MotionSensor.obj
 0001:00001024       ?QueryInterface@?$CComObject@VCOPOSMotionSensor@@@ATL@@WNA@EAAJAEBU_GUID@@PEAPEAX@Z 0000000180002024 f i MotionSensor.obj
 0001:00001030       ?AddRef@?$CComObject@VCOPOSMotionSensor@@@ATL@@WNA@EAAKXZ 0000000180002030 f i MotionSensor.obj
 0001:0000103c       ?Release@?$CComObject@VCOPOSMotionSensor@@@ATL@@WNA@EAAKXZ 000000018000203c f i MotionSensor.obj
 0001:00001048       ?QueryInterface@?$CComObject@VCOPOSMotionSensor@@@ATL@@WNI@EAAJAEBU_GUID@@PEAPEAX@Z 0000000180002048 f i MotionSensor.obj
 0001:00001054       ?AddRef@?$CComObject@VCOPOSMotionSensor@@@ATL@@WNI@EAAKXZ 0000000180002054 f i MotionSensor.obj
 0001:00001060       ?Release@?$CComObject@VCOPOSMotionSensor@@@ATL@@WNI@EAAKXZ 0000000180002060 f i MotionSensor.obj
 0001:0000106c       ?QueryInterface@?$CComObject@VCOPOSMotionSensor@@@ATL@@WOA@EAAJAEBU_GUID@@PEAPEAX@Z 000000018000206c f i MotionSensor.obj
 0001:00001078       ?AddRef@?$CComObject@VCOPOSMotionSensor@@@ATL@@WOA@EAAKXZ 0000000180002078 f i MotionSensor.obj
 0001:00001084       ?Release@?$CComObject@VCOPOSMotionSensor@@@ATL@@WOA@EAAKXZ 0000000180002084 f i MotionSensor.obj
 0001:00001090       ?QueryInterface@?$CComObject@VCOPOSMotionSensor@@@ATL@@WOI@EAAJAEBU_GUID@@PEAPEAX@Z 0000000180002090 f i MotionSensor.obj
 0001:0000109c       ?AddRef@?$CComObject@VCOPOSMotionSensor@@@ATL@@WOI@EAAKXZ 000000018000209c f i MotionSensor.obj
 0001:000010a8       ?Release@?$CComObject@VCOPOSMotionSensor@@@ATL@@WOI@EAAKXZ 00000001800020a8 f i MotionSensor.obj
 0001:000010b4       ?QueryInterface@?$CComObject@VCOPOSMotionSensor@@@ATL@@WPA@EAAJAEBU_GUID@@PEAPEAX@Z 00000001800020b4 f i MotionSensor.obj
 0001:000010c0       ?AddRef@?$CComObject@VCOPOSMotionSensor@@@ATL@@WPA@EAAKXZ 00000001800020c0 f i MotionSensor.obj
 0001:000010cc       ?Release@?$CComObject@VCOPOSMotionSensor@@@ATL@@WPA@EAAKXZ 00000001800020cc f i MotionSensor.obj
 0001:000010d8       ?QueryInterface@?$CComObject@VCOPOSMotionSensor@@@ATL@@WPI@EAAJAEBU_GUID@@PEAPEAX@Z 00000001800020d8 f i MotionSensor.obj
 0001:000010e4       ?AddRef@?$CComObject@VCOPOSMotionSensor@@@ATL@@WPI@EAAKXZ 00000001800020e4 f i MotionSensor.obj
 0001:000010f0       ?Release@?$CComObject@VCOPOSMotionSensor@@@ATL@@WPI@EAAKXZ 00000001800020f0 f i MotionSensor.obj
 0001:000010fc       ?QueryInterface@?$CComObject@VCOPOSMotionSensor@@@ATL@@WBAA@EAAJAEBU_GUID@@PEAPEAX@Z 00000001800020fc f i MotionSensor.obj
 0001:00001108       ?AddRef@?$CComObject@VCOPOSMotionSensor@@@ATL@@WBAA@EAAKXZ 0000000180002108 f i MotionSensor.obj
 0001:00001114       ?Release@?$CComObject@VCOPOSMotionSensor@@@ATL@@WBAA@EAAKXZ 0000000180002114 f i MotionSensor.obj
 0001:00001120       ?QueryInterface@?$CComObject@VCOPOSMotionSensor@@@ATL@@WBAI@EAAJAEBU_GUID@@PEAPEAX@Z 0000000180002120 f i MotionSensor.obj
 0001:0000112c       ?AddRef@?$CComObject@VCOPOSMotionSensor@@@ATL@@WBAI@EAAKXZ 000000018000212c f i MotionSensor.obj
 0001:00001138       ?Release@?$CComObject@VCOPOSMotionSensor@@@ATL@@WBAI@EAAKXZ 0000000180002138 f i MotionSensor.obj
 0001:00001144       ?QueryInterface@?$CComObject@VCOPOSMotionSensor@@@ATL@@WBBA@EAAJAEBU_GUID@@PEAPEAX@Z 0000000180002144 f i MotionSensor.obj
 0001:00001150       ?AddRef@?$CComObject@VCOPOSMotionSensor@@@ATL@@WBBA@EAAKXZ 0000000180002150 f i MotionSensor.obj
 0001:0000115c       ?Release@?$CComObject@VCOPOSMotionSensor@@@ATL@@WBBA@EAAKXZ 000000018000215c f i MotionSensor.obj
 0001:00001168       ?QueryInterface@?$CComObject@VCOPOSMotionSensor@@@ATL@@WBBI@EAAJAEBU_GUID@@PEAPEAX@Z 0000000180002168 f i MotionSensor.obj
 0001:00001174       ?AddRef@?$CComObject@VCOPOSMotionSensor@@@ATL@@WBBI@EAAKXZ 0000000180002174 f i MotionSensor.obj
 0001:00001180       ?Release@?$CComObject@VCOPOSMotionSensor@@@ATL@@WBBI@EAAKXZ 0000000180002180 f i MotionSensor.obj
 0001:0000118c       ?AddRef@?$CComObject@VCOPOSMotionSensor@@@ATL@@WBCI@EAAKXZ 000000018000218c f i MotionSensor.obj
 0001:00001198       ?Release@?$CComObject@VCOPOSMotionSensor@@@ATL@@WBCI@EAAKXZ 0000000180002198 f i MotionSensor.obj
 0001:000011a4       ?AddRef@?$CComObject@VCOPOSMotionSensor@@@ATL@@WBEA@EAAKXZ 00000001800021a4 f i MotionSensor.obj
 0001:000011b0       ?Release@?$CComObject@VCOPOSMotionSensor@@@ATL@@WBEA@EAAKXZ 00000001800021b0 f i MotionSensor.obj
 0001:000011bc       ??_E?$CComContainedObject@VCOPOSMotionSensor@@@ATL@@W7EAAPEAXI@Z 00000001800021bc f i MotionSensor.obj
 0001:000011c8       ??_E?$CComContainedObject@VCOPOSMotionSensor@@@ATL@@WHA@EAAPEAXI@Z 00000001800021c8 f i MotionSensor.obj
 0001:000011d4       ?QueryInterface@?$CComContainedObject@VCOPOSMotionSensor@@@ATL@@WLI@EAAJAEBU_GUID@@PEAPEAX@Z 00000001800021d4 f i MotionSensor.obj
 0001:000011e0       ?AddRef@?$CComContainedObject@VCOPOSMotionSensor@@@ATL@@WLI@EAAKXZ 00000001800021e0 f i MotionSensor.obj
 0001:000011ec       ?Release@?$CComContainedObject@VCOPOSMotionSensor@@@ATL@@WLI@EAAKXZ 00000001800021ec f i MotionSensor.obj
 0001:000011f8       ?QueryInterface@?$CComContainedObject@VCOPOSMotionSensor@@@ATL@@WMA@EAAJAEBU_GUID@@PEAPEAX@Z 00000001800021f8 f i MotionSensor.obj
 0001:00001204       ?AddRef@?$CComContainedObject@VCOPOSMotionSensor@@@ATL@@WMA@EAAKXZ 0000000180002204 f i MotionSensor.obj
 0001:00001210       ?Release@?$CComContainedObject@VCOPOSMotionSensor@@@ATL@@WMA@EAAKXZ 0000000180002210 f i MotionSensor.obj
 0001:0000121c       ?QueryInterface@?$CComContainedObject@VCOPOSMotionSensor@@@ATL@@WMI@EAAJAEBU_GUID@@PEAPEAX@Z 000000018000221c f i MotionSensor.obj
 0001:00001228       ?AddRef@?$CComContainedObject@VCOPOSMotionSensor@@@ATL@@WMI@EAAKXZ 0000000180002228 f i MotionSensor.obj
 0001:00001234       ?Release@?$CComContainedObject@VCOPOSMotionSensor@@@ATL@@WMI@EAAKXZ 0000000180002234 f i MotionSensor.obj
 0001:00001240       ?QueryInterface@?$CComContainedObject@VCOPOSMotionSensor@@@ATL@@WNA@EAAJAEBU_GUID@@PEAPEAX@Z 0000000180002240 f i MotionSensor.obj
 0001:0000124c       ?AddRef@?$CComContainedObject@VCOPOSMotionSensor@@@ATL@@WNA@EAAKXZ 000000018000224c f i MotionSensor.obj
 0001:00001258       ?Release@?$CComContainedObject@VCOPOSMotionSensor@@@ATL@@WNA@EAAKXZ 0000000180002258 f i MotionSensor.obj
 0001:00001264       ?QueryInterface@?$CComContainedObject@VCOPOSMotionSensor@@@ATL@@WNI@EAAJAEBU_GUID@@PEAPEAX@Z 0000000180002264 f i MotionSensor.obj
 0001:00001270       ?AddRef@?$CComContainedObject@VCOPOSMotionSensor@@@ATL@@WNI@EAAKXZ 0000000180002270 f i MotionSensor.obj
 0001:0000127c       ?Release@?$CComContainedObject@VCOPOSMotionSensor@@@ATL@@WNI@EAAKXZ 000000018000227c f i MotionSensor.obj
 0001:00001288       ?QueryInterface@?$CComContainedObject@VCOPOSMotionSensor@@@ATL@@WOA@EAAJAEBU_GUID@@PEAPEAX@Z 0000000180002288 f i MotionSensor.obj
 0001:00001294       ?AddRef@?$CComContainedObject@VCOPOSMotionSensor@@@ATL@@WOA@EAAKXZ 0000000180002294 f i MotionSensor.obj
 0001:000012a0       ?Release@?$CComContainedObject@VCOPOSMotionSensor@@@ATL@@WOA@EAAKXZ 00000001800022a0 f i MotionSensor.obj
 0001:000012ac       ?QueryInterface@?$CComContainedObject@VCOPOSMotionSensor@@@ATL@@WOI@EAAJAEBU_GUID@@PEAPEAX@Z 00000001800022ac f i MotionSensor.obj
 0001:000012b8       ?AddRef@?$CComContainedObject@VCOPOSMotionSensor@@@ATL@@WOI@EAAKXZ 00000001800022b8 f i MotionSensor.obj
 0001:000012c4       ?Release@?$CComContainedObject@VCOPOSMotionSensor@@@ATL@@WOI@EAAKXZ 00000001800022c4 f i MotionSensor.obj
 0001:000012d0       ?QueryInterface@?$CComContainedObject@VCOPOSMotionSensor@@@ATL@@WPA@EAAJAEBU_GUID@@PEAPEAX@Z 00000001800022d0 f i MotionSensor.obj
 0001:000012dc       ?AddRef@?$CComContainedObject@VCOPOSMotionSensor@@@ATL@@WPA@EAAKXZ 00000001800022dc f i MotionSensor.obj
 0001:000012e8       ?Release@?$CComContainedObject@VCOPOSMotionSensor@@@ATL@@WPA@EAAKXZ 00000001800022e8 f i MotionSensor.obj
 0001:000012f4       ?QueryInterface@?$CComContainedObject@VCOPOSMotionSensor@@@ATL@@WPI@EAAJAEBU_GUID@@PEAPEAX@Z 00000001800022f4 f i MotionSensor.obj
 0001:00001300       ?AddRef@?$CComContainedObject@VCOPOSMotionSensor@@@ATL@@WPI@EAAKXZ 0000000180002300 f i MotionSensor.obj
 0001:0000130c       ?Release@?$CComContainedObject@VCOPOSMotionSensor@@@ATL@@WPI@EAAKXZ 000000018000230c f i MotionSensor.obj
 0001:00001318       ?QueryInterface@?$CComContainedObject@VCOPOSMotionSensor@@@ATL@@WBAA@EAAJAEBU_GUID@@PEAPEAX@Z 0000000180002318 f i MotionSensor.obj
 0001:00001324       ?AddRef@?$CComContainedObject@VCOPOSMotionSensor@@@ATL@@WBAA@EAAKXZ 0000000180002324 f i MotionSensor.obj
 0001:00001330       ?Release@?$CComContainedObject@VCOPOSMotionSensor@@@ATL@@WBAA@EAAKXZ 0000000180002330 f i MotionSensor.obj
 0001:0000133c       ?QueryInterface@?$CComContainedObject@VCOPOSMotionSensor@@@ATL@@WBAI@EAAJAEBU_GUID@@PEAPEAX@Z 000000018000233c f i MotionSensor.obj
 0001:00001348       ?AddRef@?$CComContainedObject@VCOPOSMotionSensor@@@ATL@@WBAI@EAAKXZ 0000000180002348 f i MotionSensor.obj
 0001:00001354       ?Release@?$CComContainedObject@VCOPOSMotionSensor@@@ATL@@WBAI@EAAKXZ 0000000180002354 f i MotionSensor.obj
 0001:00001360       ?QueryInterface@?$CComContainedObject@VCOPOSMotionSensor@@@ATL@@WBBA@EAAJAEBU_GUID@@PEAPEAX@Z 0000000180002360 f i MotionSensor.obj
 0001:0000136c       ?AddRef@?$CComContainedObject@VCOPOSMotionSensor@@@ATL@@WBBA@EAAKXZ 000000018000236c f i MotionSensor.obj
 0001:00001378       ?Release@?$CComContainedObject@VCOPOSMotionSensor@@@ATL@@WBBA@EAAKXZ 0000000180002378 f i MotionSensor.obj
 0001:00001384       ?QueryInterface@?$CComContainedObject@VCOPOSMotionSensor@@@ATL@@WBBI@EAAJAEBU_GUID@@PEAPEAX@Z 0000000180002384 f i MotionSensor.obj
 0001:00001390       ?AddRef@?$CComContainedObject@VCOPOSMotionSensor@@@ATL@@WBBI@EAAKXZ 0000000180002390 f i MotionSensor.obj
 0001:0000139c       ?Release@?$CComContainedObject@VCOPOSMotionSensor@@@ATL@@WBBI@EAAKXZ 000000018000239c f i MotionSensor.obj
 0001:000013a8       ?AddRef@?$CComContainedObject@VCOPOSMotionSensor@@@ATL@@WBCI@EAAKXZ 00000001800023a8 f i MotionSensor.obj
 0001:000013b4       ?Release@?$CComContainedObject@VCOPOSMotionSensor@@@ATL@@WBCI@EAAKXZ 00000001800023b4 f i MotionSensor.obj
 0001:000013c0       ?AddRef@?$CComContainedObject@VCOPOSMotionSensor@@@ATL@@WBEA@EAAKXZ 00000001800023c0 f i MotionSensor.obj
 0001:000013cc       ?Release@?$CComContainedObject@VCOPOSMotionSensor@@@ATL@@WBEA@EAAKXZ 00000001800023cc f i MotionSensor.obj
 0001:000013d8       ?Lock@CAtlModule@ATL@@UEAAJXZ 00000001800023d8 f i MotionSensor.obj
 0001:000013e8       ?Unlock@CAtlModule@ATL@@UEAAJXZ 00000001800023e8 f i MotionSensor.obj
 0001:000013f4       ?GetLockCount@CAtlModule@ATL@@UEAAJXZ 00000001800023f4 f i MotionSensor.obj
 0001:000013f8       ?GetGITPtr@CAtlModule@ATL@@UEAAJPEAPEAUIGlobalInterfaceTable@@@Z 00000001800023f8 f i MotionSensor.obj
 0001:00001468       ?AddCommonRGSReplacements@?$CAtlModuleT@VCComModule@ATL@@@ATL@@UEAAJPEAUIRegistrarBase@@@Z 0000000180002468 f i MotionSensor.obj
 0001:00001480       ?GetWindowProc@?$CWindowImplBaseT@VCWindow@ATL@@V?$CWinTraits@$0FGAAAAAA@$0A@@2@@ATL@@UEAAP6A_JPEAUHWND__@@I_K_J@ZXZ 0000000180002480 f i MotionSensor.obj
 0001:00001488       ?StartWindowProc@?$CWindowImplBaseT@VCWindow@ATL@@V?$CWinTraits@$0FGAAAAAA@$0A@@2@@ATL@@SA_JPEAUHWND__@@I_K_J@Z 0000000180002488 f i MotionSensor.obj
 0001:0000154c       ?UpdateRegistryFromResourceD@CComModule@ATL@@UEAAJPEB_WHPEAU_ATL_REGMAP_ENTRY@2@@Z 000000018000254c f i MotionSensor.obj
 0001:0000154c       ?UpdateRegistryFromResourceD@CComModule@ATL@@UEAAJIHPEAU_ATL_REGMAP_ENTRY@2@@Z 000000018000254c f i MotionSensor.obj
 0001:00001554       ?UpdateRegistryFromResource@CComModule@ATL@@UEAAJPEB_WHPEAU_ATL_REGMAP_ENTRY@2@@Z 0000000180002554 f i MotionSensor.obj
 0001:0000155c       ?UpdateRegistryFromResource@CComModule@ATL@@UEAAJIHPEAU_ATL_REGMAP_ENTRY@2@@Z 000000018000255c f i MotionSensor.obj
 0001:00001564       ??_GCComModule@ATL@@UEAAPEAXI@Z 0000000180002564 f i MotionSensor.obj
 0001:00001564       ??_ECComModule@ATL@@UEAAPEAXI@Z 0000000180002564 f i MotionSensor.obj
 0001:000015e4       ?GetTypeInfoCount@?$IDispatchImpl@UIOPOSMotionSensor@@$1?IID_IOPOSMotionSensor@@3U_GUID@@B$1?LIBID_OposMotionSensor_CCO@@3U3@B$00$0A@VCComTypeInfoHolder@ATL@@@ATL@@UEAAJPEAI@Z 00000001800025e4 f i MotionSensor.obj
 0001:000015f8       ?GetTypeInfo@?$IDispatchImpl@UIOPOSMotionSensor@@$1?IID_IOPOSMotionSensor@@3U_GUID@@B$1?LIBID_OposMotionSensor_CCO@@3U3@B$00$0A@VCComTypeInfoHolder@ATL@@@ATL@@UEAAJIKPEAPEAUITypeInfo@@@Z 00000001800025f8 f i MotionSensor.obj
 0001:0000165c       ?GetIDsOfNames@?$IDispatchImpl@UIOPOSMotionSensor@@$1?IID_IOPOSMotionSensor@@3U_GUID@@B$1?LIBID_OposMotionSensor_CCO@@3U3@B$00$0A@VCComTypeInfoHolder@ATL@@@ATL@@UEAAJAEBU_GUID@@PEAPEA_WIKPEAJ@Z 000000018000265c f i MotionSensor.obj
 0001:00001668       ?Invoke@?$IDispatchImpl@UIOPOSMotionSensor@@$1?IID_IOPOSMotionSensor@@3U_GUID@@B$1?LIBID_OposMotionSensor_CCO@@3U3@B$00$0A@VCComTypeInfoHolder@ATL@@@ATL@@UEAAJJAEBU_GUID@@KGPEAUtagDISPPARAMS@@PEAUtagVARIANT@@PEAUtagEXCEPINFO@@PEAI@Z 0000000180002668 f i MotionSensor.obj
 0001:000016f8       ?CreateControlWindow@?$CComControl@VCOPOSMotionSensor@@V?$CWindowImpl@VCOPOSMotionSensor@@VCWindow@ATL@@V?$CWinTraits@$0FGAAAAAA@$0A@@3@@ATL@@@ATL@@UEAAPEAUHWND__@@PEAU3@AEAUtagRECT@@@Z 00000001800026f8 f i MotionSensor.obj
 0001:00001730       ?ControlQueryInterface@?$CComControl@VCOPOSMotionSensor@@V?$CWindowImpl@VCOPOSMotionSensor@@VCWindow@ATL@@V?$CWinTraits@$0FGAAAAAA@$0A@@3@@ATL@@@ATL@@UEAAJAEBU_GUID@@PEAPEAX@Z 0000000180002730 f i MotionSensor.obj
 0001:00001744       ?GetClassID@?$IPersistStreamInitImpl@VCOPOSMotionSensor@@@ATL@@UEAAJPEAU_GUID@@@Z 0000000180002744 f i MotionSensor.obj
 0001:00001744       ?GetUserClassID@?$IOleObjectImpl@VCOPOSMotionSensor@@@ATL@@UEAAJPEAU_GUID@@@Z 0000000180002744 f i MotionSensor.obj
 0001:00001744       ?GetClassID@?$IPersistStorageImpl@VCOPOSMotionSensor@@@ATL@@UEAAJPEAU_GUID@@@Z 0000000180002744 f i MotionSensor.obj
 0001:00001760       ?IsDirty@?$IPersistStreamInitImpl@VCOPOSMotionSensor@@@ATL@@UEAAJXZ 0000000180002760 f i MotionSensor.obj
 0001:0000177c       ?Load@?$IPersistStreamInitImpl@VCOPOSMotionSensor@@@ATL@@UEAAJPEAUIStream@@@Z 000000018000277c f i MotionSensor.obj
 0001:000017cc       ?Save@?$IPersistStreamInitImpl@VCOPOSMotionSensor@@@ATL@@UEAAJPEAUIStream@@H@Z 00000001800027cc f i MotionSensor.obj
 0001:00001830       ?GetSizeMax@?$IPersistStreamInitImpl@VCOPOSMotionSensor@@@ATL@@UEAAJPEAT_ULARGE_INTEGER@@@Z 0000000180002830 f i MotionSensor.obj
 0001:00001a5c       ?InitNew@?$IPersistStreamInitImpl@VCOPOSMotionSensor@@@ATL@@UEAAJXZ 0000000180002a5c f i MotionSensor.obj
 0001:00001a74       ?ReactivateAndUndo@?$IOleInPlaceObjectWindowlessImpl@VCOPOSMotionSensor@@@ATL@@UEAAJXZ 0000000180002a74 f i MotionSensor.obj
 0001:00001a74       ?GetMoniker@?$IOleObjectImpl@VCOPOSMotionSensor@@@ATL@@UEAAJKKPEAPEAUIMoniker@@@Z 0000000180002a74 f i MotionSensor.obj
 0001:00001a74       ?GetDropTarget@?$IOleInPlaceObjectWindowlessImpl@VCOPOSMotionSensor@@@ATL@@UEAAJPEAPEAUIDropTarget@@@Z 0000000180002a74 f i MotionSensor.obj
 0001:00001a74       ?QueryGetData@?$IDataObjectImpl@VCOPOSMotionSensor@@@ATL@@UEAAJPEAUtagFORMATETC@@@Z 0000000180002a74 f i MotionSensor.obj
 0001:00001a74       ?GetCanonicalFormatEtc@?$IDataObjectImpl@VCOPOSMotionSensor@@@ATL@@UEAAJPEAUtagFORMATETC@@0@Z 0000000180002a74 f i MotionSensor.obj
 0001:00001a74       ?GetRect@?$IViewObjectExImpl@VCOPOSMotionSensor@@@ATL@@UEAAJKPEAU_RECTL@@@Z 0000000180002a74 f i MotionSensor.obj
 0001:00001a74       ?SetMoniker@?$IOleObjectImpl@VCOPOSMotionSensor@@@ATL@@UEAAJKPEAUIMoniker@@@Z 0000000180002a74 f i MotionSensor.obj
 0001:00001a74       ?GetColorSet@?$IViewObjectExImpl@VCOPOSMotionSensor@@@ATL@@UEAAJKJPEAXPEAUtagDVTARGETDEVICE@@PEAUHDC__@@PEAPEAUtagLOGPALETTE@@@Z 0000000180002a74 f i MotionSensor.obj
 0001:00001a74       ?Unfreeze@?$IViewObjectExImpl@VCOPOSMotionSensor@@@ATL@@UEAAJK@Z 0000000180002a74 f i MotionSensor.obj
 0001:00001a74       ?ContextSensitiveHelp@?$IOleInPlaceActiveObjectImpl@VCOPOSMotionSensor@@@ATL@@UEAAJH@Z 0000000180002a74 f i MotionSensor.obj
 0001:00001a74       ?GetClipboardData@?$IOleObjectImpl@VCOPOSMotionSensor@@@ATL@@UEAAJKPEAPEAUIDataObject@@@Z 0000000180002a74 f i MotionSensor.obj
 0001:00001a74       ?InitFromData@?$IOleObjectImpl@VCOPOSMotionSensor@@@ATL@@UEAAJPEAUIDataObject@@HK@Z 0000000180002a74 f i MotionSensor.obj
 0001:00001a74       ?SODataDummy@COPOSMotionSensor@@MEAAJJ@Z 0000000180002a74 f i MotionSensor.obj
 0001:00001a74       ?GetControlInfo@?$IOleControlImpl@VCOPOSMotionSensor@@@ATL@@UEAAJPEAUtagCONTROLINFO@@@Z 0000000180002a74 f i MotionSensor.obj
 0001:00001a74       ?SOErrorDummy@COPOSMotionSensor@@MEAAJJJJPEAJ@Z 0000000180002a74 f i MotionSensor.obj
 0001:00001a74       ?QueryInterface@CRegObject@ATL@@UEAAJAEBU_GUID@@PEAPEAX@Z 0000000180002a74 f i MotionSensor.obj
 0001:00001a74       ?ContextSensitiveHelp@?$IOleInPlaceObjectWindowlessImpl@VCOPOSMotionSensor@@@ATL@@UEAAJH@Z 0000000180002a74 f i MotionSensor.obj
 0001:00001a74       ?EnumFormatEtc@?$IDataObjectImpl@VCOPOSMotionSensor@@@ATL@@UEAAJKPEAPEAUIEnumFORMATETC@@@Z 0000000180002a74 f i MotionSensor.obj
 0001:00001a74       ?Freeze@?$IViewObjectExImpl@VCOPOSMotionSensor@@@ATL@@UEAAJKJPEAXPEAK@Z 0000000180002a74 f i MotionSensor.obj
 0001:00001a74       ?SetColorScheme@?$IOleObjectImpl@VCOPOSMotionSensor@@@ATL@@UEAAJPEAUtagLOGPALETTE@@@Z 0000000180002a74 f i MotionSensor.obj
 0001:00001a74       ?SOOutputCompleteDummy@COPOSMotionSensor@@MEAAJJ@Z 0000000180002a74 f i MotionSensor.obj
 0001:00001a74       ?OnMnemonic@?$IOleControlImpl@VCOPOSMotionSensor@@@ATL@@UEAAJPEAUtagMSG@@@Z 0000000180002a74 f i MotionSensor.obj
 0001:00001a74       ?GetDataHere@?$IDataObjectImpl@VCOPOSMotionSensor@@@ATL@@UEAAJPEAUtagFORMATETC@@PEAUtagSTGMEDIUM@@@Z 0000000180002a74 f i MotionSensor.obj
 0001:00001a74       ?SetData@?$IDataObjectImpl@VCOPOSMotionSensor@@@ATL@@UEAAJPEAUtagFORMATETC@@PEAUtagSTGMEDIUM@@H@Z 0000000180002a74 f i MotionSensor.obj
 0001:00001a7c       ?SetClientSite@?$IOleObjectImpl@VCOPOSMotionSensor@@@ATL@@UEAAJPEAUIOleClientSite@@@Z 0000000180002a7c f i MotionSensor.obj
 0001:00001a98       ?GetClientSite@?$IOleObjectImpl@VCOPOSMotionSensor@@@ATL@@UEAAJPEAPEAUIOleClientSite@@@Z 0000000180002a98 f i MotionSensor.obj
 0001:00001ae0       ?Close@?$IOleObjectImpl@VCOPOSMotionSensor@@@ATL@@UEAAJK@Z 0000000180002ae0 f i MotionSensor.obj
 0001:00001afc       ?DoVerb@?$IOleObjectImpl@VCOPOSMotionSensor@@@ATL@@UEAAJJPEAUtagMSG@@PEAUIOleClientSite@@JPEAUHWND__@@PEBUtagRECT@@@Z 0000000180002afc f i MotionSensor.obj
 0001:00001ca0       ?EnumVerbs@?$IOleObjectImpl@VCOPOSMotionSensor@@@ATL@@UEAAJPEAPEAUIEnumOLEVERB@@@Z 0000000180002ca0 f i MotionSensor.obj
 0001:00001cbc       ?GetUserType@?$IOleObjectImpl@VCOPOSMotionSensor@@@ATL@@UEAAJKPEAPEA_W@Z 0000000180002cbc f i MotionSensor.obj
 0001:00001ccc       ?SetExtent@?$IOleObjectImpl@VCOPOSMotionSensor@@@ATL@@UEAAJKPEAUtagSIZE@@@Z 0000000180002ccc f i MotionSensor.obj
 0001:00001ce8       ?GetExtent@?$IOleObjectImpl@VCOPOSMotionSensor@@@ATL@@UEAAJKPEAUtagSIZE@@@Z 0000000180002ce8 f i MotionSensor.obj
 0001:00001d18       ?Advise@?$IOleObjectImpl@VCOPOSMotionSensor@@@ATL@@UEAAJPEAUIAdviseSink@@PEAK@Z 0000000180002d18 f i MotionSensor.obj
 0001:00001d74       ?Unadvise@?$IOleObjectImpl@VCOPOSMotionSensor@@@ATL@@UEAAJK@Z 0000000180002d74 f i MotionSensor.obj
 0001:00001dac       ?EnumAdvise@?$IOleObjectImpl@VCOPOSMotionSensor@@@ATL@@UEAAJPEAPEAUIEnumSTATDATA@@@Z 0000000180002dac f i MotionSensor.obj
 0001:00001df4       ?GetMiscStatus@?$IOleObjectImpl@VCOPOSMotionSensor@@@ATL@@UEAAJKPEAK@Z 0000000180002df4 f i MotionSensor.obj
 0001:00001e04       ?GetWindow@?$IOleInPlaceActiveObjectImpl@VCOPOSMotionSensor@@@ATL@@UEAAJPEAPEAUHWND__@@@Z 0000000180002e04 f i MotionSensor.obj
 0001:00001e58       ?TranslateAcceleratorW@?$IOleInPlaceActiveObjectImpl@VCOPOSMotionSensor@@@ATL@@UEAAJPEAUtagMSG@@@Z 0000000180002e58 f i MotionSensor.obj
 0001:00001f4c       ?OnDocWindowActivate@?$IOleInPlaceActiveObjectImpl@VCOPOSMotionSensor@@@ATL@@UEAAJH@Z 0000000180002f4c f i MotionSensor.obj
 0001:00001f78       ?Draw@?$IViewObjectExImpl@VCOPOSMotionSensor@@@ATL@@UEAAJKJPEAXPEAUtagDVTARGETDEVICE@@PEAUHDC__@@2PEBU_RECTL@@3P6AH_K@Z4@Z 0000000180002f78 f i MotionSensor.obj
 0001:00001fdc       ?SetAdvise@?$IViewObjectExImpl@VCOPOSMotionSensor@@@ATL@@UEAAJKKPEAUIAdviseSink@@@Z 0000000180002fdc f i MotionSensor.obj
 0001:00002030       ?GetAdvise@?$IViewObjectExImpl@VCOPOSMotionSensor@@@ATL@@UEAAJPEAK0PEAPEAUIAdviseSink@@@Z 0000000180003030 f i MotionSensor.obj
 0001:0000206c       ?GetExtent@?$IViewObjectExImpl@VCOPOSMotionSensor@@@ATL@@UEAAJKJPEAUtagDVTARGETDEVICE@@PEAUtagSIZE@@@Z 000000018000306c f i MotionSensor.obj
 0001:0000209c       ?GetViewStatus@?$IViewObjectExImpl@VCOPOSMotionSensor@@@ATL@@UEAAJPEAK@Z 000000018000309c f i MotionSensor.obj
 0001:000020b0       ?QueryHitPoint@?$IViewObjectExImpl@VCOPOSMotionSensor@@@ATL@@UEAAJKPEBUtagRECT@@UtagPOINT@@JPEAK@Z 00000001800030b0 f i MotionSensor.obj
 0001:000020f4       ?QueryHitRect@?$IViewObjectExImpl@VCOPOSMotionSensor@@@ATL@@UEAAJKPEBUtagRECT@@0JPEAK@Z 00000001800030f4 f i MotionSensor.obj
 0001:0000215c       ?GetNaturalExtent@?$IViewObjectExImpl@VCOPOSMotionSensor@@@ATL@@UEAAJKJPEAUtagDVTARGETDEVICE@@PEAUHDC__@@PEAUtagExtentInfo@@PEAUtagSIZE@@@Z 000000018000315c f i MotionSensor.obj
 0001:000021a4       ?GetWindow@?$IOleInPlaceObjectWindowlessImpl@VCOPOSMotionSensor@@@ATL@@UEAAJPEAPEAUHWND__@@@Z 00000001800031a4 f i MotionSensor.obj
 0001:000021f8       ?InPlaceDeactivate@?$IOleInPlaceObjectWindowlessImpl@VCOPOSMotionSensor@@@ATL@@UEAAJXZ 00000001800031f8 f i MotionSensor.obj
 0001:00002214       ?UIDeactivate@?$IOleInPlaceObjectWindowlessImpl@VCOPOSMotionSensor@@@ATL@@UEAAJXZ 0000000180003214 f i MotionSensor.obj
 0001:00002230       ?SetObjectRects@?$IOleInPlaceObjectWindowlessImpl@VCOPOSMotionSensor@@@ATL@@UEAAJPEBUtagRECT@@0@Z 0000000180003230 f i MotionSensor.obj
 0001:0000224c       ?OnWindowMessage@?$IOleInPlaceObjectWindowlessImpl@VCOPOSMotionSensor@@@ATL@@UEAAJI_K_JPEA_J@Z 000000018000324c f i MotionSensor.obj
 0001:00002314       ?EnumConnectionPoints@?$IConnectionPointContainerImpl@VCOPOSMotionSensor@@@ATL@@UEAAJPEAPEAUIEnumConnectionPoints@@@Z 0000000180003314 f i MotionSensor.obj
 0001:0000255c       ?FindConnectionPoint@?$IConnectionPointContainerImpl@VCOPOSMotionSensor@@@ATL@@UEAAJAEBU_GUID@@PEAPEAUIConnectionPoint@@@Z 000000018000355c f i MotionSensor.obj
 0001:0000262c       ?IsDirty@?$IPersistStorageImpl@VCOPOSMotionSensor@@@ATL@@UEAAJXZ 000000018000362c f i MotionSensor.obj
 0001:00002670       ?InitNew@?$IPersistStorageImpl@VCOPOSMotionSensor@@@ATL@@UEAAJPEAUIStorage@@@Z 0000000180003670 f i MotionSensor.obj
 0001:000026b4       ?Load@?$IPersistStorageImpl@VCOPOSMotionSensor@@@ATL@@UEAAJPEAUIStorage@@@Z 00000001800036b4 f i MotionSensor.obj
 0001:00002754       ?Save@?$IPersistStorageImpl@VCOPOSMotionSensor@@@ATL@@UEAAJPEAUIStorage@@H@Z 0000000180003754 f i MotionSensor.obj
 0001:00002804       ?GetPages@?$ISpecifyPropertyPagesImpl@VCOPOSMotionSensor@@@ATL@@UEAAJPEAUtagCAUUID@@@Z 0000000180003804 f i MotionSensor.obj
 0001:00002810       ?QuickActivate@?$IQuickActivateImpl@VCOPOSMotionSensor@@@ATL@@UEAAJPEAUtagQACONTAINER@@PEAUtagQACONTROL@@@Z 0000000180003810 f i MotionSensor.obj
 0001:0000282c       ?SetContentExtent@?$IQuickActivateImpl@VCOPOSMotionSensor@@@ATL@@UEAAJPEAUtagSIZE@@@Z 000000018000382c f i MotionSensor.obj
 0001:00002860       ?GetContentExtent@?$IQuickActivateImpl@VCOPOSMotionSensor@@@ATL@@UEAAJPEAUtagSIZE@@@Z 0000000180003860 f i MotionSensor.obj
 0001:00002898       ?GetData@?$IDataObjectImpl@VCOPOSMotionSensor@@@ATL@@UEAAJPEAUtagFORMATETC@@PEAUtagSTGMEDIUM@@@Z 0000000180003898 f i MotionSensor.obj
 0001:000028b4       ?DAdvise@?$IDataObjectImpl@VCOPOSMotionSensor@@@ATL@@UEAAJPEAUtagFORMATETC@@KPEAUIAdviseSink@@PEAK@Z 00000001800038b4 f i MotionSensor.obj
 0001:0000293c       ?DUnadvise@?$IDataObjectImpl@VCOPOSMotionSensor@@@ATL@@UEAAJK@Z 000000018000393c f i MotionSensor.obj
 0001:00002968       ?EnumDAdvise@?$IDataObjectImpl@VCOPOSMotionSensor@@@ATL@@UEAAJPEAPEAUIEnumSTATDATA@@@Z 0000000180003968 f i MotionSensor.obj
 0001:000029a4       ?GetClassInfoW@?$IProvideClassInfo2Impl@$1?CLSID_OPOSMotionSensor@@3U_GUID@@B$1?DIID__IOPOSMotionSensorEvents@@3U2@B$1?LIBID_OposMotionSensor_CCO@@3U2@B$00$0A@VCComTypeInfoHolder@ATL@@@ATL@@UEAAJPEAPEAUITypeInfo@@@Z 00000001800039a4 f i MotionSensor.obj
 0001:000029fc       ?GetGUID@?$IProvideClassInfo2Impl@$1?CLSID_OPOSMotionSensor@@3U_GUID@@B$1?DIID__IOPOSMotionSensorEvents@@3U2@B$1?LIBID_OposMotionSensor_CCO@@3U2@B$00$0A@VCComTypeInfoHolder@ATL@@@ATL@@UEAAJKPEAU_GUID@@@Z 00000001800039fc f i MotionSensor.obj
 0001:00002a30       ?FAccessAllowed@?$IObjectSafetyImpl@VCOPOSMotionSensor@@$02@ATL@@MEAAHXZ 0000000180003a30 f i MotionSensor.obj
 0001:00002a30       _get_startup_argv_mode     0000000180003a30 f i LIBCMT:argv_mode.obj
 0001:00002a30       ?AddRef@CRegObject@ATL@@UEAAKXZ 0000000180003a30 f i MotionSensor.obj
 0001:00002a38       ?GetInterfaceSafetyOptions@?$IObjectSafetyImpl@VCOPOSMotionSensor@@$02@ATL@@UEAAJAEBU_GUID@@PEAK1@Z 0000000180003a38 f i MotionSensor.obj
 0001:00002acc       ?SetInterfaceSafetyOptions@?$IObjectSafetyImpl@VCOPOSMotionSensor@@$02@ATL@@UEAAJAEBU_GUID@@KK@Z 0000000180003acc f i MotionSensor.obj
 0001:00002b70       ?_LocCPQueryInterface@?$IConnectionPointImpl@VCOPOSMotionSensor@@$1?DIID__IOPOSMotionSensorEvents@@3U_GUID@@BVCComDynamicUnkArray@ATL@@@ATL@@UEAAJAEBU_GUID@@PEAPEAX@Z 0000000180003b70 f i MotionSensor.obj
 0001:00002b70       ?_LocCPQueryInterface@?$IConnectionPointImpl@VCOPOSMotionSensor@@$1?IID_IPropertyNotifySink@@3U_GUID@@BVCComDynamicUnkArray@ATL@@@ATL@@UEAAJAEBU_GUID@@PEAPEAX@Z 0000000180003b70 f i MotionSensor.obj
 0001:00002be4       ?GetConnectionInterface@?$IConnectionPointImpl@VCOPOSMotionSensor@@$1?IID_IPropertyNotifySink@@3U_GUID@@BVCComDynamicUnkArray@ATL@@@ATL@@UEAAJPEAU_GUID@@@Z 0000000180003be4 f i MotionSensor.obj
 0001:00002c00       ?GetConnectionPointContainer@?$IConnectionPointImpl@VCOPOSMotionSensor@@$1?IID_IPropertyNotifySink@@3U_GUID@@BVCComDynamicUnkArray@ATL@@@ATL@@UEAAJPEAPEAUIConnectionPointContainer@@@Z 0000000180003c00 f i MotionSensor.obj
 0001:00002c20       ?Advise@?$IConnectionPointImpl@VCOPOSMotionSensor@@$1?DIID__IOPOSMotionSensorEvents@@3U_GUID@@BVCComDynamicUnkArray@ATL@@@ATL@@UEAAJPEAUIUnknown@@PEAK@Z 0000000180003c20 f i MotionSensor.obj
 0001:00002c20       ?Advise@?$IConnectionPointImpl@VCOPOSMotionSensor@@$1?IID_IPropertyNotifySink@@3U_GUID@@BVCComDynamicUnkArray@ATL@@@ATL@@UEAAJPEAUIUnknown@@PEAK@Z 0000000180003c20 f i MotionSensor.obj
 0001:00002ce0       ?Unadvise@?$IConnectionPointImpl@VCOPOSMotionSensor@@$1?IID_IPropertyNotifySink@@3U_GUID@@BVCComDynamicUnkArray@ATL@@@ATL@@UEAAJK@Z 0000000180003ce0 f i MotionSensor.obj
 0001:00002ce0       ?Unadvise@?$IConnectionPointImpl@VCOPOSMotionSensor@@$1?DIID__IOPOSMotionSensorEvents@@3U_GUID@@BVCComDynamicUnkArray@ATL@@@ATL@@UEAAJK@Z 0000000180003ce0 f i MotionSensor.obj
 0001:00002d5c       ?EnumConnections@?$IConnectionPointImpl@VCOPOSMotionSensor@@$1?DIID__IOPOSMotionSensorEvents@@3U_GUID@@BVCComDynamicUnkArray@ATL@@@ATL@@UEAAJPEAPEAUIEnumConnections@@@Z 0000000180003d5c f i MotionSensor.obj
 0001:00002d5c       ?EnumConnections@?$IConnectionPointImpl@VCOPOSMotionSensor@@$1?IID_IPropertyNotifySink@@3U_GUID@@BVCComDynamicUnkArray@ATL@@@ATL@@UEAAJPEAPEAUIEnumConnections@@@Z 0000000180003d5c f i MotionSensor.obj
 0001:00002f04       ?GetConnectionInterface@?$IConnectionPointImpl@VCOPOSMotionSensor@@$1?DIID__IOPOSMotionSensorEvents@@3U_GUID@@BVCComDynamicUnkArray@ATL@@@ATL@@UEAAJPEAU_GUID@@@Z 0000000180003f04 f i MotionSensor.obj
 0001:00002f20       ?GetConnectionPointContainer@?$IConnectionPointImpl@VCOPOSMotionSensor@@$1?DIID__IOPOSMotionSensorEvents@@3U_GUID@@BVCComDynamicUnkArray@ATL@@@ATL@@UEAAJPEAPEAUIConnectionPointContainer@@@Z 0000000180003f20 f i MotionSensor.obj
 0001:00002f40       ?UpdateRegistry@COPOSMotionSensor@@SAJH@Z 0000000180003f40 f i MotionSensor.obj
 0001:00002f58       ?ProcessWindowMessage@COPOSMotionSensor@@UEAAHPEAUHWND__@@I_K_JAEA_JK@Z 0000000180003f58 f i MotionSensor.obj
 0001:00002fe0       ?SODirectIO@COPOSMotionSensor@@MEAAJJPEAJPEAPEA_W@Z 0000000180003fe0 f i MotionSensor.obj
 0001:00003058       ?SOStatusUpdate@COPOSMotionSensor@@MEAAJJ@Z 0000000180004058 f i MotionSensor.obj
 0001:000030a8       ?AddReplacement@CRegObject@ATL@@UEAAJPEB_W0@Z 00000001800040a8 f i MotionSensor.obj
 0001:000030d8       ?ClearReplacements@CRegObject@ATL@@UEAAJXZ 00000001800040d8 f i MotionSensor.obj
 0001:000030e4       ??_GCRegObject@ATL@@UEAAPEAXI@Z 00000001800040e4 f i MotionSensor.obj
 0001:000030e4       ??_ECRegObject@ATL@@UEAAPEAXI@Z 00000001800040e4 f i MotionSensor.obj
 0001:00003164       ?CreateInstance@?$CComCreator@V?$CComObjectCached@VCComClassFactory@ATL@@@ATL@@@ATL@@SAJPEAXAEBU_GUID@@PEAPEAX@Z 0000000180004164 f i MotionSensor.obj
 0001:00003268       ?CreateInstance@?$CComCreator2@V?$CComCreator@V?$CComObject@VCOPOSMotionSensor@@@ATL@@@ATL@@V?$CComCreator@V?$CComAggObject@VCOPOSMotionSensor@@@ATL@@@2@@ATL@@SAJPEAXAEBU_GUID@@PEAPEAX@Z 0000000180004268 f i MotionSensor.obj
 0001:00003278       ?Next@?$CComEnumImpl@UIEnumConnectionPoints@@$1?_GUID_b196b285_bab4_101a_b69c_00aa00341d07@@3U__s_GUID@@BPEAUIConnectionPoint@@V?$_CopyInterface@UIConnectionPoint@@@ATL@@@ATL@@UEAAJKPEAPEAUIConnectionPoint@@PEAK@Z 0000000180004278 f i MotionSensor.obj
 0001:00003344       ?Skip@?$CComEnumImpl@UIEnumConnectionPoints@@$1?_GUID_b196b285_bab4_101a_b69c_00aa00341d07@@3U__s_GUID@@BPEAUIConnectionPoint@@V?$_CopyInterface@UIConnectionPoint@@@ATL@@@ATL@@UEAAJK@Z 0000000180004344 f i MotionSensor.obj
 0001:00003370       ?Clone@?$CComEnumImpl@UIEnumConnectionPoints@@$1?_GUID_b196b285_bab4_101a_b69c_00aa00341d07@@3U__s_GUID@@BPEAUIConnectionPoint@@V?$_CopyInterface@UIConnectionPoint@@@ATL@@@ATL@@UEAAJPEAPEAUIEnumConnectionPoints@@@Z 0000000180004370 f i MotionSensor.obj
 0001:00003498       ?QueryInterface@?$CComObject@V?$CComEnum@UIEnumConnectionPoints@@$1?_GUID_b196b285_bab4_101a_b69c_00aa00341d07@@3U__s_GUID@@BPEAUIConnectionPoint@@V?$_CopyInterface@UIConnectionPoint@@@ATL@@VCComSingleThreadModel@6@@ATL@@@ATL@@UEAAJAEBU_GUID@@PEAPEAX@Z 0000000180004498 f i MotionSensor.obj
 0001:000034ac       ??_G?$CComObject@V?$CComEnum@UIEnumConnectionPoints@@$1?_GUID_b196b285_bab4_101a_b69c_00aa00341d07@@3U__s_GUID@@BPEAUIConnectionPoint@@V?$_CopyInterface@UIConnectionPoint@@@ATL@@VCComSingleThreadModel@6@@ATL@@@ATL@@UEAAPEAXI@Z 00000001800044ac f i MotionSensor.obj
 0001:000034ac       ??_E?$CComObject@V?$CComEnum@UIEnumConnectionPoints@@$1?_GUID_b196b285_bab4_101a_b69c_00aa00341d07@@3U__s_GUID@@BPEAUIConnectionPoint@@V?$_CopyInterface@UIConnectionPoint@@@ATL@@VCComSingleThreadModel@6@@ATL@@@ATL@@UEAAPEAXI@Z 00000001800044ac f i MotionSensor.obj
 0001:00003504       ?AddRef@?$CComObjectCached@VCComClassFactory@ATL@@@ATL@@UEAAKXZ 0000000180004504 f i MotionSensor.obj
 0001:00003530       ?Release@?$CComObjectCached@VCComClassFactory@ATL@@@ATL@@UEAAKXZ 0000000180004530 f i MotionSensor.obj
 0001:00003570       ?QueryInterface@?$CComObjectCached@VCComClassFactory@ATL@@@ATL@@UEAAJAEBU_GUID@@PEAPEAX@Z 0000000180004570 f i MotionSensor.obj
 0001:00003584       ??_E?$CComObjectCached@VCComClassFactory@ATL@@@ATL@@UEAAPEAXI@Z 0000000180004584 f i MotionSensor.obj
 0001:00003584       ??_G?$CComObjectCached@VCComClassFactory@ATL@@@ATL@@UEAAPEAXI@Z 0000000180004584 f i MotionSensor.obj
 0001:000035dc       ??$AtlModuleRegisterWndClassInfoT@VAtlModuleRegisterWndClassInfoParamW@ATL@@@ATL@@YAGPEAU_ATL_BASE_MODULE70@0@PEAU_ATL_WIN_MODULE70@0@PEAU_ATL_WNDCLASSINFOW@0@PEAP6A_JPEAUHWND__@@I_K_J@ZVAtlModuleRegisterWndClassInfoParamW@0@@Z 00000001800045dc f i MotionSensor.obj
 0001:000037dc       ??0?$CComContainedObject@VCOPOSMotionSensor@@@ATL@@QEAA@PEAX@Z 00000001800047dc f i MotionSensor.obj
 0001:000038f8       ??0?$CComObject@VCOPOSMotionSensor@@@ATL@@QEAA@PEAX@Z 00000001800048f8 f i MotionSensor.obj
 0001:00003a10       ??0CAtlModule@ATL@@QEAA@XZ 0000000180004a10 f i MotionSensor.obj
 0001:00003a90       ??1?$CComEnumImpl@UIEnumConnectionPoints@@$1?_GUID_b196b285_bab4_101a_b69c_00aa00341d07@@3U__s_GUID@@BPEAUIConnectionPoint@@V?$_CopyInterface@UIConnectionPoint@@@ATL@@@ATL@@UEAA@XZ 0000000180004a90 f i MotionSensor.obj
 0001:00003aec       ??1?$CComEnumImpl@UIEnumConnections@@$1?_GUID_b196b287_bab4_101a_b69c_00aa00341d07@@3U__s_GUID@@BUtagCONNECTDATA@@V?$_Copy@UtagCONNECTDATA@@@ATL@@@ATL@@UEAA@XZ 0000000180004aec f i MotionSensor.obj
 0001:00003b48       ??1?$CComObject@VCOPOSMotionSensor@@@ATL@@UEAA@XZ 0000000180004b48 f i MotionSensor.obj
 0001:00003c68       ??_G?$CComContainedObject@VCOPOSMotionSensor@@@ATL@@UEAAPEAXI@Z 0000000180004c68 f i MotionSensor.obj
 0001:00003c68       ??_E?$CComContainedObject@VCOPOSMotionSensor@@@ATL@@UEAAPEAXI@Z 0000000180004c68 f i MotionSensor.obj
 0001:00003c9c       ??_E?$CComObject@VCOPOSMotionSensor@@@ATL@@UEAAPEAXI@Z 0000000180004c9c f i MotionSensor.obj
 0001:00003c9c       ??_G?$CComObject@VCOPOSMotionSensor@@@ATL@@UEAAPEAXI@Z 0000000180004c9c f i MotionSensor.obj
 0001:00003cd0       ?Add@?$CSimpleArray@GV?$CSimpleArrayEqualHelper@G@ATL@@@ATL@@QEAAHAEBG@Z 0000000180004cd0 f i MotionSensor.obj
 0001:00003d84       ?Add@?$CSimpleMap@PEA_WPEA_WVCExpansionVectorEqualHelper@ATL@@@ATL@@QEAAHAEBQEA_W0@Z 0000000180004d84 f i MotionSensor.obj
 0001:00003e24       ?Add@CComDynamicUnkArray@ATL@@QEAAKPEAUIUnknown@@@Z 0000000180004e24 f i MotionSensor.obj
 0001:00003f1c       ?Add@CExpansionVector@ATL@@QEAAHPEB_W0@Z 0000000180004f1c f i MotionSensor.obj
 0001:000040ac       ?AddValue@CRegParser@ATL@@IEAAJAEAVCRegKey@2@PEB_WPEA_W@Z 00000001800050ac f i MotionSensor.obj
 0001:000044f4       ?AllocateHeap@?$CTempBuffer@_W$0BAA@VCCRTAllocator@ATL@@@ATL@@AEAAX_K@Z 00000001800054f4 f i MotionSensor.obj
 0001:000044f4       ?AllocateHeap@?$CTempBuffer@_W$0EAA@VCCRTAllocator@ATL@@@ATL@@AEAAX_K@Z 00000001800054f4 f i MotionSensor.obj
 0001:000044f4       ?AllocateHeap@?$CTempBuffer@E$0BAA@VCCRTAllocator@ATL@@@ATL@@AEAAX_K@Z 00000001800054f4 f i MotionSensor.obj
 0001:00004520       ?Append@CParseBuffer@CRegParser@ATL@@QEAAHPEB_WH@Z 0000000180005520 f i MotionSensor.obj
 0001:00004638       ?AtlCallTermFunc@ATL@@YAXPEAU_ATL_MODULE70@1@@Z 0000000180005638 f i MotionSensor.obj
 0001:0000469c       ?AtlComModuleGetClassObject@ATL@@YAJPEAU_ATL_COM_MODULE70@1@AEBU_GUID@@1PEAPEAX@Z 000000018000569c f i MotionSensor.obj
 0001:000047dc       ?AtlComModuleRegisterServer@ATL@@YAJPEAU_ATL_COM_MODULE70@1@HPEBU_GUID@@@Z 00000001800057dc f i MotionSensor.obj
 0001:0000489c       ?AtlComModuleUnregisterServer@ATL@@YAJPEAU_ATL_COM_MODULE70@1@HPEBU_GUID@@@Z 000000018000589c f i MotionSensor.obj
 0001:00004958       ?AtlCreateTargetDC@ATL@@YAPEAUHDC__@@PEAU2@PEAUtagDVTARGETDEVICE@@@Z 0000000180005958 f i MotionSensor.obj
 0001:000049cc       ?AtlHiMetricToPixel@ATL@@YAXPEBUtagSIZE@@PEAU2@@Z 00000001800059cc f i MotionSensor.obj
 0001:00004a7c       ?AtlHresultFromLastError@ATL@@YAJXZ 0000000180005a7c f i MotionSensor.obj
 0001:00004a9c       ?AtlHresultFromWin32@ATL@@YAJK@Z 0000000180005a9c f i MotionSensor.obj
 0001:00004aac       ?AtlIPersistStreamInit_Load@ATL@@YAJPEAUIStream@@PEBUATL_PROPMAP_ENTRY@1@PEAXPEAUIUnknown@@@Z 0000000180005aac f i MotionSensor.obj
 0001:00004ce4       ?AtlIPersistStreamInit_Save@ATL@@YAJPEAUIStream@@HPEBUATL_PROPMAP_ENTRY@1@PEAXPEAUIUnknown@@@Z 0000000180005ce4 f i MotionSensor.obj
 0001:00004f20       ?AtlInternalOleLoadFromStream@ATL@@YAJPEAUIStream@@AEBU_GUID@@PEAPEAXTClassesAllowedInStream@1@K@Z 0000000180005f20 f i MotionSensor.obj
 0001:00005064       ?AtlInternalQueryInterface@ATL@@YAJPEAXPEBU_ATL_INTMAP_ENTRY@1@AEBU_GUID@@PEAPEAX@Z 0000000180006064 f i MotionSensor.obj
 0001:0000516c       ?AtlLoadTypeLib@ATL@@YAJPEAUHINSTANCE__@@PEB_WPEAPEA_WPEAPEAUITypeLib@@@Z 000000018000616c f i MotionSensor.obj
 0001:000053c8       ?AtlModuleAddTermFunc@ATL@@YAJPEAU_ATL_MODULE70@1@P6AX_K@Z1@Z 00000001800063c8 f i MotionSensor.obj
 0001:0000545c       ?AtlRegisterClassCategoriesHelper@ATL@@YAJAEBU_GUID@@PEBU_ATL_CATMAP_ENTRY@1@H@Z 000000018000645c f i MotionSensor.obj
 0001:000058c4       ?AtlRegisterTypeLib@ATL@@YAJPEAUHINSTANCE__@@PEB_W@Z 00000001800068c4 f i MotionSensor.obj
 0001:00005ac0       ?AtlThrowImpl@ATL@@YAXJ@Z  0000000180006ac0 f i MotionSensor.obj
 0001:00005ae4       ?AtlUnRegisterTypeLib@ATL@@YAJPEAUHINSTANCE__@@PEB_W@Z 0000000180006ae4 f i MotionSensor.obj
 0001:00005bac       ?AtlWinModuleExtractCreateWndData@ATL@@YAPEAXPEAU_ATL_WIN_MODULE70@1@@Z 0000000180006bac f i MotionSensor.obj
 0001:00005c38       ?Cleanup@CComTypeInfoHolder@ATL@@SAX_K@Z 0000000180006c38 f i MotionSensor.obj
 0001:00005c78       ?ClearReplacements@CExpansionVector@ATL@@QEAAJXZ 0000000180006c78 f i MotionSensor.obj
 0001:00005d14       ?CreateInstance@?$CComCreator@V?$CComAggObject@VCOPOSMotionSensor@@@ATL@@@ATL@@SAJPEAXAEBU_GUID@@PEAPEAX@Z 0000000180006d14 f i MotionSensor.obj
 0001:00005dec       ?CreateInstance@?$CComCreator@V?$CComObject@VCOPOSMotionSensor@@@ATL@@@ATL@@SAJPEAXAEBU_GUID@@PEAPEAX@Z 0000000180006dec f i MotionSensor.obj
 0001:00005ea4       ?CreateInstance@?$CComObject@V?$CComEnum@UIEnumConnectionPoints@@$1?_GUID_b196b285_bab4_101a_b69c_00aa00341d07@@3U__s_GUID@@BPEAUIConnectionPoint@@V?$_CopyInterface@UIConnectionPoint@@@ATL@@VCComSingleThreadModel@6@@ATL@@@ATL@@SAJPEAPEAV12@@Z 0000000180006ea4 f i MotionSensor.obj
 0001:00005f30       ?CreateInstance@?$CComObject@V?$CComEnum@UIEnumConnections@@$1?_GUID_b196b287_bab4_101a_b69c_00aa00341d07@@3U__s_GUID@@BUtagCONNECTDATA@@V?$_Copy@UtagCONNECTDATA@@@ATL@@VCComSingleThreadModel@6@@ATL@@@ATL@@SAJPEAPEAV12@@Z 0000000180006f30 f i MotionSensor.obj
 0001:00005fbc       ?DefaultReflectionHandler@?$CWindowImplRoot@VCWindow@ATL@@@ATL@@SAHPEAUHWND__@@I_K_JAEA_J@Z 0000000180006fbc f i MotionSensor.obj
 0001:00006020       ?DeleteSubKey@CRegKey@ATL@@QEAAJPEB_W@Z 0000000180007020 f i MotionSensor.obj
 0001:000060b8       ?DoEvent@COPOSMotionSensor@@IEAAXI_K_J@Z 00000001800070b8 f i MotionSensor.obj
 0001:0000616c       ?DoVerbPrimary@?$IOleObjectImpl@VCOPOSMotionSensor@@@ATL@@QEAAJPEBUtagRECT@@PEAUHWND__@@@Z 000000018000716c f i MotionSensor.obj
 0001:00006294       ?DoVerbProperties@CComControlBase@ATL@@QEAAJPEBUtagRECT@@PEAUHWND__@@@Z 0000000180007294 f i MotionSensor.obj
 0001:000064bc       ?FireTheEvent@?$CProxy_IOPOSEvents@VCOPOSMotionSensor@@@@IEAAXPEAVOposVariant@@IAEAJPEB_WJ@Z 00000001800074bc f i MotionSensor.obj
 0001:000065a8       ?FireViewChange@CComControlBase@ATL@@QEAAJXZ 00000001800075a8 f i MotionSensor.obj
 0001:0000660c       ?Fire_DirectIOEvent@?$CProxy_IOPOSEvents@VCOPOSMotionSensor@@@@QEAAXJPEAJPEAPEA_W@Z 000000018000760c f i MotionSensor.obj
 0001:00006764       ?Fire_StatusUpdateEvent@?$CProxy_IOPOSEvents@VCOPOSMotionSensor@@@@QEAAXJ@Z 0000000180007764 f i MotionSensor.obj
 0001:00006850       ?FreeHeap@?$CTempBuffer@E$0BAA@VCCRTAllocator@ATL@@@ATL@@AEAAXXZ 0000000180007850 f i MotionSensor.obj
 0001:00006850       ?FreeHeap@?$CTempBuffer@_W$0BAA@VCCRTAllocator@ATL@@@ATL@@AEAAXXZ 0000000180007850 f i MotionSensor.obj
 0001:00006850       ?FreeHeap@?$CTempBuffer@_W$0EAA@VCCRTAllocator@ATL@@@ATL@@AEAAXXZ 0000000180007850 f i MotionSensor.obj
 0001:00006858       ?GetAmbientLocaleID@CComControlBase@ATL@@QEAAJAEAK@Z 0000000180007858 f i MotionSensor.obj
 0001:00006918       ?GetAmbientUserMode@CComControlBase@ATL@@QEAAJAEAH@Z 0000000180007918 f i MotionSensor.obj
 0001:000069ec       ?GetClassObject@CComModule@ATL@@QEAAJAEBU_GUID@@0PEAPEAX@Z 00000001800079ec f i MotionSensor.obj
 0001:00006ae0       ?GetConnMap@COPOSMotionSensor@@SAPEBU_ATL_CONNMAP_ENTRY@ATL@@PEAH@Z 0000000180007ae0 f i MotionSensor.obj
 0001:00006b68       ?GetIDsOfNames@CComTypeInfoHolder@ATL@@QEAAJAEBU_GUID@@PEAPEA_WIKPEAJ@Z 0000000180007b68 f i MotionSensor.obj
 0001:00006ce0       ?GetPagesHelper@?$ISpecifyPropertyPagesImpl@VCOPOSMotionSensor@@@ATL@@IEAAJPEAUtagCAUUID@@PEBUATL_PROPMAP_ENTRY@2@@Z 0000000180007ce0 f i MotionSensor.obj
 0001:00006e80       ?GetSizeMax@CComVariant@ATL@@QEBAJPEAT_ULARGE_INTEGER@@@Z 0000000180007e80 f i MotionSensor.obj
 0001:000070b4       ?GetTI@CComTypeInfoHolder@ATL@@QEAAJK@Z 00000001800080b4 f i MotionSensor.obj
 0001:0000732c       ?GetZoomInfo@CComControlBase@ATL@@QEAAXAEAUATL_DRAWINFO@@@Z 000000018000832c f i MotionSensor.obj
 0001:000073d0       ?HKeyFromString@CRegParser@ATL@@KAPEAUHKEY__@@PEA_W@Z 00000001800083d0 f i MotionSensor.obj
 0001:00007434       ?IDataObject_GetData@CComControlBase@ATL@@QEAAJPEAUtagFORMATETC@@PEAUtagSTGMEDIUM@@@Z 0000000180008434 f i MotionSensor.obj
 0001:00007628       ?IOleInPlaceObject_InPlaceDeactivate@CComControlBase@ATL@@QEAAJXZ 0000000180008628 f i MotionSensor.obj
 0001:000076c8       ?IOleInPlaceObject_SetObjectRects@CComControlBase@ATL@@QEAAJPEBUtagRECT@@0@Z 00000001800086c8 f i MotionSensor.obj
 0001:000077b8       ?IOleInPlaceObject_UIDeactivate@CComControlBase@ATL@@QEAAJXZ 00000001800087b8 f i MotionSensor.obj
 0001:000078c4       ?IOleObject_Close@CComControlBase@ATL@@QEAAJK@Z 00000001800088c4 f i MotionSensor.obj
 0001:000079dc       ?IOleObject_SetClientSite@CComControlBase@ATL@@QEAAJPEAUIOleClientSite@@@Z 00000001800089dc f i MotionSensor.obj
 0001:00007a54       ?IOleObject_SetExtent@CComControlBase@ATL@@QEAAJKPEAUtagSIZE@@@Z 0000000180008a54 f i MotionSensor.obj
 0001:00007aec       ?IPSI_GetIPersistStreamInit@?$IPersistStorageImpl@VCOPOSMotionSensor@@@ATL@@AEAAPEAUIPersistStreamInit@@XZ 0000000180008aec f i MotionSensor.obj
 0001:00007b48       ?IQuickActivate_QuickActivate@CComControlBase@ATL@@QEAAJPEAUtagQACONTAINER@@PEAUtagQACONTROL@@@Z 0000000180008b48 f i MotionSensor.obj
 0001:00007e0c       ?IViewObject_Draw@CComControlBase@ATL@@QEAAJKJPEAXPEAUtagDVTARGETDEVICE@@PEAUHDC__@@2PEBU_RECTL@@3@Z 0000000180008e0c f i MotionSensor.obj
 0001:00007f20       ?InPlaceActivate@CComControlBase@ATL@@QEAAJJPEBUtagRECT@@@Z 0000000180008f20 f i MotionSensor.obj
 0001:00008258       ?Init@?$CComEnumImpl@UIEnumConnectionPoints@@$1?_GUID_b196b285_bab4_101a_b69c_00aa00341d07@@3U__s_GUID@@BPEAUIConnectionPoint@@V?$_CopyInterface@UIConnectionPoint@@@ATL@@@ATL@@QEAAJPEAPEAUIConnectionPoint@@0PEAUIUnknown@@W4CComEnumFlags@2@@Z 0000000180009258 f i MotionSensor.obj
 0001:00008378       ?Init@?$CComEnumImpl@UIEnumConnections@@$1?_GUID_b196b287_bab4_101a_b69c_00aa00341d07@@3U__s_GUID@@BUtagCONNECTDATA@@V?$_Copy@UtagCONNECTDATA@@@ATL@@@ATL@@QEAAJPEAUtagCONNECTDATA@@0PEAUIUnknown@@W4CComEnumFlags@2@@Z 0000000180009378 f i MotionSensor.obj
 0001:0000849c       ?IsEqualObject@?$CComPtrBase@UIOleClientSite@@@ATL@@QEAA_NPEAUIUnknown@@@Z 000000018000949c f i MotionSensor.obj
 0001:0000849c       ?IsEqualObject@?$CComPtrBase@UITypeInfo@@@ATL@@QEAA_NPEAUIUnknown@@@Z 000000018000949c f i MotionSensor.obj
 0001:00008528       ?LoadNameCache@CComTypeInfoHolder@ATL@@QEAAJPEAUITypeInfo@@@Z 0000000180009528 f i MotionSensor.obj
 0001:000086ac       ?Lookup@?$CSimpleMap@PEA_WPEA_WVCExpansionVectorEqualHelper@ATL@@@ATL@@QEBAPEA_WAEBQEA_W@Z 00000001800096ac f i MotionSensor.obj
 0001:00008738       ?NextToken@CRegParser@ATL@@IEAAJPEA_W@Z 0000000180009738 f i MotionSensor.obj
 0001:000088f0       ?OnKillFocus@CComControlBase@ATL@@QEAA_JI_K_JAEAH@Z 00000001800098f0 f i MotionSensor.obj
 0001:0000898c       ?OnMouseActivate@CComControlBase@ATL@@QEAA_JI_K_JAEAH@Z 000000018000998c f i MotionSensor.obj
 0001:00008a2c       ?OnPaint@CComControlBase@ATL@@QEAA_JI_K_JAEAH@Z 0000000180009a2c f i MotionSensor.obj
 0001:00008b18       ?OnSetFocus@CComControlBase@ATL@@QEAA_JI_K_JAEAH@Z 0000000180009b18 f i MotionSensor.obj
 0001:00008c14       ?Open@CRegKey@ATL@@QEAAJPEAUHKEY__@@PEB_WK@Z 0000000180009c14 f i MotionSensor.obj
 0001:00008ca0       ?PreProcessBuffer@CRegParser@ATL@@QEAAJPEA_WPEAPEA_W@Z 0000000180009ca0 f i MotionSensor.obj
 0001:00009024       ?ProcessWindowMessage@?$CComControl@VCOPOSMotionSensor@@V?$CWindowImpl@VCOPOSMotionSensor@@VCWindow@ATL@@V?$CWinTraits@$0FGAAAAAA@$0A@@3@@ATL@@@ATL@@UEAAHPEAUHWND__@@I_K_JAEA_JK@Z 000000018000a024 f i MotionSensor.obj
 0001:00009108       ?PutProperty@?$CComPtr@UIDispatch@@@ATL@@SAJPEAUIDispatch@@JPEAUtagVARIANT@@@Z 000000018000a108 f i MotionSensor.obj
 0001:0000920c       ?ReadFromStream@CComBSTR@ATL@@QEAAJPEAUIStream@@@Z 000000018000a20c f i MotionSensor.obj
 0001:00009368       ?ReadFromStream@CComVariant@ATL@@QEAAJPEAUIStream@@GTClassesAllowedInStream@2@K@Z 000000018000a368 f i MotionSensor.obj
 0001:00009578       ?RecurseDeleteKey@CRegKey@ATL@@QEAAJPEB_W@Z 000000018000a578 f i MotionSensor.obj
 0001:00009684       ?RegCreateKeyExW@CAtlTransactionManager@ATL@@QEAAJPEAUHKEY__@@PEB_WKPEA_WKKQEAU_SECURITY_ATTRIBUTES@@PEAPEAU3@PEAK@Z 000000018000a684 f i MotionSensor.obj
 0001:000097b8       ?RegDeleteKeyW@CAtlTransactionManager@ATL@@QEAAJPEAUHKEY__@@PEB_W@Z 000000018000a7b8 f i MotionSensor.obj
 0001:00009844       ?RegOpenKeyExW@CAtlTransactionManager@ATL@@QEAAJPEAUHKEY__@@PEB_WKKPEAPEAU3@@Z 000000018000a844 f i MotionSensor.obj
 0001:000098fc       ?RegisterBuffer@CRegParser@ATL@@QEAAJPEA_WH@Z 000000018000a8fc f i MotionSensor.obj
 0001:00009a64       ?RegisterFromResource@CRegObject@ATL@@IEAAJPEB_W00H@Z 000000018000aa64 f i MotionSensor.obj
 0001:00009c20       ?RegisterServer@CComModule@ATL@@QEAAJHPEBU_GUID@@@Z 000000018000ac20 f i MotionSensor.obj
 0001:00009ce0       ?RegisterSubkeys@CRegParser@ATL@@IEAAJPEA_WPEAUHKEY__@@HH@Z 000000018000ace0 f i MotionSensor.obj
 0001:0000a3dc       ?SendOnDataChange@CComControlBase@ATL@@QEAAJK@Z 000000018000b3dc f i MotionSensor.obj
 0001:0000a44c       ?SetControlFocus@CComControlBase@ATL@@QEAAHH@Z 000000018000b44c f i MotionSensor.obj
 0001:0000a528       ?SkipAssignment@CRegParser@ATL@@IEAAJPEA_W@Z 000000018000b528 f i MotionSensor.obj
 0001:0000a5cc       ?Term@CComModule@ATL@@QEAAXXZ 000000018000b5cc f i MotionSensor.obj
 0001:0000a678       ?UnregisterServer@CComModule@ATL@@QEAAJHPEBU_GUID@@@Z 000000018000b678 f i MotionSensor.obj
 0001:0000a728       ?UpdateRegistryFromResource@CAtlModule@ATL@@QEAAJIHPEAU_ATL_REGMAP_ENTRY@2@@Z 000000018000b728 f i MotionSensor.obj
 0001:0000aa60       ?UpdateRegistryFromResource@CAtlModule@ATL@@QEAAJPEB_WHPEAU_ATL_REGMAP_ENTRY@2@@Z 000000018000ba60 f i MotionSensor.obj
 0001:0000adb8       ?VTFromRegType@CRegParser@ATL@@KAHPEB_WAEAG@Z 000000018000bdb8 f i MotionSensor.obj
 0001:0000ae54       ?WindowProc@?$CWindowImplBaseT@VCWindow@ATL@@V?$CWinTraits@$0FGAAAAAA@$0A@@2@@ATL@@SA_JPEAUHWND__@@I_K_J@Z 000000018000be54 f i MotionSensor.obj
 0001:0000afc0       ?WriteToStream@CComBSTR@ATL@@QEAAJPEAUIStream@@@Z 000000018000bfc0 f i MotionSensor.obj
 0001:0000b040       ?WriteToStream@CComVariant@ATL@@QEAAJPEAUIStream@@@Z 000000018000c040 f i MotionSensor.obj
 0001:0000b254       ?WriteToStream@CComVariant@ATL@@QEAAJPEAUIStream@@G@Z 000000018000c254 f i MotionSensor.obj
 0001:0000b2ec       ?_AtlVerifyStackAvailable@_ATL_SAFE_ALLOCA_IMPL@ATL@@YA_N_K@Z 000000018000c2ec f i MotionSensor.obj
 0001:0000b370       ?atlCreate@?$CWindowImpl@VCOPOSMotionSensor@@VCWindow@ATL@@V?$CWinTraits@$0FGAAAAAA@$0A@@3@@ATL@@QEAAPEAUHWND__@@PEAU3@V_U_RECT@2@PEB_WKKV_U_MENUorID@2@PEAX@Z 000000018000c370 f i MotionSensor.obj
 0001:0000b420       ?atlCreate@?$CWindowImplBaseT@VCWindow@ATL@@V?$CWinTraits@$0FGAAAAAA@$0A@@2@@ATL@@QEAAPEAUHWND__@@PEAU3@V_U_RECT@2@PEB_WKKV_U_MENUorID@2@GPEAX@Z 000000018000c420 f i MotionSensor.obj
 0001:0000b590       ?atlCreate@CRegKey@ATL@@QEAAJPEAUHKEY__@@PEB_WPEA_WKKPEAU_SECURITY_ATTRIBUTES@@PEAK@Z 000000018000c590 f i MotionSensor.obj
 0001:0000b67c       DllCanUnloadNow            000000018000c67c f   MotionSensor.obj
 0001:0000b688       DllGetClassObject          000000018000c688 f   MotionSensor.obj
 0001:0000b6a0       DllMain                    000000018000c6a0 f   MotionSensor.obj
 0001:0000b748       DllRegisterServer          000000018000c748 f   MotionSensor.obj
 0001:0000b75c       DllUnregisterServer        000000018000c75c f   MotionSensor.obj
 0001:0000b770       __local_stdio_printf_options 000000018000c770 f i MotionSensor.obj
 0001:0000b800       swprintf_s                 000000018000c800 f i MotionSensor.obj
 0001:0000b854       ??0COPOSMotionSensor@@QEAA@XZ 000000018000c854 f   MotionSensorImpl.obj
 0001:0000b910       ??1?$IConnectionPointImpl@VCOPOSMotionSensor@@$1?IID_IPropertyNotifySink@@3U_GUID@@BVCComDynamicUnkArray@ATL@@@ATL@@QEAA@XZ 000000018000c910 f i MotionSensorImpl.obj
 0001:0000b910       ??1?$IConnectionPointImpl@VCOPOSMotionSensor@@$1?DIID__IOPOSMotionSensorEvents@@3U_GUID@@BVCComDynamicUnkArray@ATL@@@ATL@@QEAA@XZ 000000018000c910 f i MotionSensorImpl.obj
 0001:0000b96c       ??1CComControlBase@ATL@@UEAA@XZ 000000018000c96c f i MotionSensorImpl.obj
 0001:0000b9e8       ??1COPOSMotionSensor@@UEAA@XZ 000000018000c9e8 f   MotionSensorImpl.obj
 0001:0000ba4c       ?CheckHealth@COPOSMotionSensor@@UEAAJJPEAJ@Z 000000018000ca4c f   MotionSensorImpl.obj
 0001:0000bac8       ?ClaimDevice@COPOSMotionSensor@@UEAAJJPEAJ@Z 000000018000cac8 f   MotionSensorImpl.obj
 0001:0000bb60       ?Close@COPOSMotionSensor@@UEAAJPEAJ@Z 000000018000cb60 f   MotionSensorImpl.obj
 0001:0000bc18       ?CompareFirmwareVersion@COPOSMotionSensor@@UEAAJPEA_WPEAJ1@Z 000000018000cc18 f   MotionSensorImpl.obj
 0001:0000bcf4       ?DirectIO@COPOSMotionSensor@@UEAAJJPEAJPEAPEA_W0@Z 000000018000ccf4 f   MotionSensorImpl.obj
 0001:0000bdf0       ?DoInvoke@COPOSMotionSensor@@IEAAJJPEAVOposVariant@@IHPEAJ_N@Z 000000018000cdf0 f   MotionSensorImpl.obj
 0001:0000bf24       ?EventInit@COPOSMotionSensor@@IEAAJXZ 000000018000cf24 f i MotionSensorImpl.obj
 0001:0000c06c       ?EventUninit@COPOSMotionSensor@@IEAAXXZ 000000018000d06c f i MotionSensorImpl.obj
 0001:0000c0d0       ?EventWindowProc@COPOSMotionSensor@@IEAA_JI_K_J@Z 000000018000d0d0 f i MotionSensorImpl.obj
 0001:0000c1c8       ?FinalConstruct@COPOSMotionSensor@@QEAAJXZ 000000018000d1c8 f   MotionSensorImpl.obj
 0001:0000c204       ?FreezeEvents@COPOSMotionSensor@@MEAAJH@Z 000000018000d204 f   MotionSensorImpl.obj
 0001:0000c278       ?GetOposProp@COPOSMotionSensor@@IEAAJJPEAJJ@Z 000000018000d278 f   MotionSensorImpl.obj
 0001:0000c394       ?GetOposProp@COPOSMotionSensor@@IEAAJJPEAPEA_WJ@Z 000000018000d394 f   MotionSensorImpl.obj
 0001:0000c4c0       ?OnDraw@COPOSMotionSensor@@MEAAJAEAUATL_DRAWINFO@@@Z 000000018000d4c0 f   MotionSensorImpl.obj
 0001:0000c5ac       ?Open@COPOSMotionSensor@@UEAAJPEA_WPEAJ@Z 000000018000d5ac f   MotionSensorImpl.obj
 0001:0000ce28       ?ReleaseDevice@COPOSMotionSensor@@UEAAJPEAJ@Z 000000018000de28 f   MotionSensorImpl.obj
 0001:0000ce6c       ?ResetStatistics@COPOSMotionSensor@@UEAAJPEA_WPEAJ@Z 000000018000de6c f   MotionSensorImpl.obj
 0001:0000cef4       ?RetrieveStatistics@COPOSMotionSensor@@UEAAJPEAPEA_WPEAJ@Z 000000018000def4 f   MotionSensorImpl.obj
 0001:0000cf7c       ?SOProcessID@COPOSMotionSensor@@UEAAJPEAJ@Z 000000018000df7c f   MotionSensorImpl.obj
 0001:0000cf98       ?SetCOFreezeEvents@COPOSMotionSensor@@IEAAXF@Z 000000018000df98 f   MotionSensorImpl.obj
 0001:0000d07c       ?SetOposProp@COPOSMotionSensor@@IEAAJJJJ@Z 000000018000e07c f   MotionSensorImpl.obj
 0001:0000d1dc       ?UpdateFirmware@COPOSMotionSensor@@UEAAJPEA_WPEAJ@Z 000000018000e1dc f   MotionSensorImpl.obj
 0001:0000d264       ?UpdateStatistics@COPOSMotionSensor@@UEAAJPEA_WPEAJ@Z 000000018000e264 f   MotionSensorImpl.obj
 0001:0000d2ec       ?WaitForMotion@COPOSMotionSensor@@UEAAJJPEAJ@Z 000000018000e2ec f   MotionSensorImpl.obj
 0001:0000d368       ?get_BinaryConversion@COPOSMotionSensor@@UEAAJPEAJ@Z 000000018000e368 f   MotionSensorImpl.obj
 0001:0000d37c       ?get_CapCompareFirmwareVersion@COPOSMotionSensor@@UEAAJPEAF@Z 000000018000e37c f   MotionSensorImpl.obj
 0001:0000d3b0       ?get_CapPowerReporting@COPOSMotionSensor@@UEAAJPEAJ@Z 000000018000e3b0 f   MotionSensorImpl.obj
 0001:0000d3c4       ?get_CapStatisticsReporting@COPOSMotionSensor@@UEAAJPEAF@Z 000000018000e3c4 f   MotionSensorImpl.obj
 0001:0000d3f8       ?get_CapUpdateFirmware@COPOSMotionSensor@@UEAAJPEAF@Z 000000018000e3f8 f   MotionSensorImpl.obj
 0001:0000d42c       ?get_CapUpdateStatistics@COPOSMotionSensor@@UEAAJPEAF@Z 000000018000e42c f   MotionSensorImpl.obj
 0001:0000d460       ?get_CheckHealthText@COPOSMotionSensor@@UEAAJPEAPEA_W@Z 000000018000e460 f   MotionSensorImpl.obj
 0001:0000d474       ?get_Claimed@COPOSMotionSensor@@UEAAJPEAF@Z 000000018000e474 f   MotionSensorImpl.obj
 0001:0000d4a8       ?get_ControlObjectDescription@COPOSMotionSensor@@UEAAJPEAPEA_W@Z 000000018000e4a8 f   MotionSensorImpl.obj
 0001:0000d50c       ?get_ControlObjectVersion@COPOSMotionSensor@@UEAAJPEAJ@Z 000000018000e50c f   MotionSensorImpl.obj
 0001:0000d518       ?get_DeviceDescription@COPOSMotionSensor@@UEAAJPEAPEA_W@Z 000000018000e518 f   MotionSensorImpl.obj
 0001:0000d52c       ?get_DeviceEnabled@COPOSMotionSensor@@UEAAJPEAF@Z 000000018000e52c f   MotionSensorImpl.obj
 0001:0000d560       ?get_DeviceName@COPOSMotionSensor@@UEAAJPEAPEA_W@Z 000000018000e560 f   MotionSensorImpl.obj
 0001:0000d574       ?get_FreezeEvents@COPOSMotionSensor@@UEAAJPEAF@Z 000000018000e574 f   MotionSensorImpl.obj
 0001:0000d5a4       ?get_Motion@COPOSMotionSensor@@UEAAJPEAF@Z 000000018000e5a4 f   MotionSensorImpl.obj
 0001:0000d5d8       ?get_OpenResult@COPOSMotionSensor@@UEAAJPEAJ@Z 000000018000e5d8 f   MotionSensorImpl.obj
 0001:0000d5e4       ?get_PowerNotify@COPOSMotionSensor@@UEAAJPEAJ@Z 000000018000e5e4 f   MotionSensorImpl.obj
 0001:0000d5f8       ?get_PowerState@COPOSMotionSensor@@UEAAJPEAJ@Z 000000018000e5f8 f   MotionSensorImpl.obj
 0001:0000d60c       ?get_ResultCode@COPOSMotionSensor@@UEAAJPEAJ@Z 000000018000e60c f   MotionSensorImpl.obj
 0001:0000d648       ?get_ResultCodeExtended@COPOSMotionSensor@@UEAAJPEAJ@Z 000000018000e648 f   MotionSensorImpl.obj
 0001:0000d65c       ?get_ServiceObjectDescription@COPOSMotionSensor@@UEAAJPEAPEA_W@Z 000000018000e65c f   MotionSensorImpl.obj
 0001:0000d670       ?get_ServiceObjectVersion@COPOSMotionSensor@@UEAAJPEAJ@Z 000000018000e670 f   MotionSensorImpl.obj
 0001:0000d684       ?get_State@COPOSMotionSensor@@UEAAJPEAJ@Z 000000018000e684 f   MotionSensorImpl.obj
 0001:0000d6b0       ?get_Timeout@COPOSMotionSensor@@UEAAJPEAJ@Z 000000018000e6b0 f   MotionSensorImpl.obj
 0001:0000d6c4       ?put_BinaryConversion@COPOSMotionSensor@@UEAAJJ@Z 000000018000e6c4 f   MotionSensorImpl.obj
 0001:0000d6d8       ?put_DeviceEnabled@COPOSMotionSensor@@UEAAJF@Z 000000018000e6d8 f   MotionSensorImpl.obj
 0001:0000d6f0       ?put_FreezeEvents@COPOSMotionSensor@@UEAAJF@Z 000000018000e6f0 f   MotionSensorImpl.obj
 0001:0000d740       ?put_PowerNotify@COPOSMotionSensor@@UEAAJJ@Z 000000018000e740 f   MotionSensorImpl.obj
 0001:0000d754       ?put_Timeout@COPOSMotionSensor@@UEAAJJ@Z 000000018000e754 f   MotionSensorImpl.obj
 0001:0000d768       ?s_EventWindowProc@COPOSMotionSensor@@KA_JPEAUHWND__@@I_K_J@Z 000000018000e768 f i MotionSensorImpl.obj
 0001:0000d7e4       ??_U@YAPEAX_K@Z            000000018000e7e4 f   LIBCMT:new_array.obj
 0001:0000d7ec       ??_V@YAXPEAX@Z             000000018000e7ec f   LIBCMT:delete_array.obj
 0001:0000d7ec       ??3@YAXPEAX_K@Z            000000018000e7ec f   LIBCMT:delete_scalar_size.obj
 0001:0000d7f4       ??_V@YAXPEAX_K@Z           000000018000e7f4 f   LIBCMT:delete_array_size.obj
 0001:0000d7fc       __scrt_acquire_startup_lock 000000018000e7fc f   LIBCMT:utility.obj
 0001:0000d838       __scrt_dllmain_after_initialize_c 000000018000e838 f   LIBCMT:utility.obj
 0001:0000d86c       __scrt_dllmain_before_initialize_c 000000018000e86c f   LIBCMT:utility.obj
 0001:0000d884       __scrt_dllmain_crt_thread_attach 000000018000e884 f   LIBCMT:utility.obj
 0001:0000d8ac       __scrt_dllmain_crt_thread_detach 000000018000e8ac f   LIBCMT:utility.obj
 0001:0000d8c4       __scrt_dllmain_exception_filter 000000018000e8c4 f   LIBCMT:utility.obj
 0001:0000d924       __scrt_dllmain_uninitialize_c 000000018000e924 f   LIBCMT:utility.obj
 0001:0000d954       __scrt_dllmain_uninitialize_critical 000000018000e954 f   LIBCMT:utility.obj
 0001:0000d968       __scrt_initialize_crt      000000018000e968 f   LIBCMT:utility.obj
 0001:0000d9b4       __scrt_initialize_onexit_tables 000000018000e9b4 f   LIBCMT:utility.obj
 0001:0000da8c       __scrt_is_nonwritable_in_current_image 000000018000ea8c f   LIBCMT:utility.obj
 0001:0000db28       __scrt_release_startup_lock 000000018000eb28 f   LIBCMT:utility.obj
 0001:0000db4c       __scrt_uninitialize_crt    000000018000eb4c f   LIBCMT:utility.obj
 0001:0000db78       _onexit                    000000018000eb78 f   LIBCMT:utility.obj
 0001:0000dbc8       atexit                     000000018000ebc8 f   LIBCMT:utility.obj
 0001:0000dbe0       ??3@YAXPEAX@Z              000000018000ebe0 f   LIBCMT:delete_scalar.obj
 0001:0000dd70       _Init_thread_footer        000000018000ed70 f   LIBCMT:thread_safe_statics.obj
 0001:0000ddd0       _Init_thread_header        000000018000edd0 f   LIBCMT:thread_safe_statics.obj
 0001:0000de38       _Init_thread_notify        000000018000ee38 f   LIBCMT:thread_safe_statics.obj
 0001:0000de88       _Init_thread_wait          000000018000ee88 f   LIBCMT:thread_safe_statics.obj
 0001:0000df00       __raise_securityfailure    000000018000ef00 f   LIBCMT:gs_report.obj
 0001:0000df34       __report_gsfailure         000000018000ef34 f   LIBCMT:gs_report.obj
 0001:0000e008       __report_rangecheckfailure 000000018000f008 f   LIBCMT:gs_report.obj
 0001:0000e01c       __report_securityfailure   000000018000f01c f   LIBCMT:gs_report.obj
 0001:0000e19c       ??2@YAPEAX_KAEBUnothrow_t@std@@@Z 000000018000f19c f   LIBCMT:new_scalar_nothrow.obj
 0001:0000e1bc       ??_U@YAPEAX_KAEBUnothrow_t@std@@@Z 000000018000f1bc f   LIBCMT:new_array_nothrow.obj
 0001:0000e1c4       __GSHandlerCheck           000000018000f1c4 f   LIBCMT:gshandler.obj
 0001:0000e1e4       __GSHandlerCheckCommon     000000018000f1e4 f   LIBCMT:gshandler.obj
 0001:0000e240       __GSHandlerCheck_SEH       000000018000f240 f   LIBCMT:gshandlerseh.obj
 0001:0000e2e0       _alloca_probe              000000018000f2e0 f   LIBCMT:chkstk.obj
 0001:0000e2e0       __chkstk                   000000018000f2e0 f   LIBCMT:chkstk.obj
 0001:0000e350       __security_check_cookie    000000018000f350 f   LIBCMT:amdsecgs.obj
 0001:0000e6a4       _DllMainCRTStartup         000000018000f6a4 f   LIBCMT:dll_dllmain.obj
 0001:0000e6e4       ??2@YAPEAX_K@Z             000000018000f6e4 f   LIBCMT:new_scalar.obj
 0001:0000e720       __isa_available_init       000000018000f720 f   LIBCMT:cpu_disp.obj
 0001:0000e8dc       __scrt_is_ucrt_dll_in_use  000000018000f8dc f   LIBCMT:ucrt_detection.obj
 0001:0000e8e8       __crt_debugger_hook        000000018000f8e8 f   LIBCMT:utility_desktop.obj
 0001:0000e8f0       __scrt_fastfail            000000018000f8f0 f   LIBCMT:utility_desktop.obj
 0001:0000ea3c       __security_init_cookie     000000018000fa3c f   LIBCMT:gs_support.obj
 0001:0000eae8       ?__scrt_initialize_type_info@@YAXXZ 000000018000fae8 f   LIBCMT:tncleanup.obj
 0001:0000eaf8       ?__scrt_uninitialize_type_info@@YAXXZ 000000018000faf8 f   LIBCMT:tncleanup.obj
 0001:0000eb04       __local_stdio_scanf_options 000000018000fb04 f i LIBCMT:default_local_stdio_options.obj
 0001:0000eb0c       __scrt_initialize_default_local_stdio_options 000000018000fb0c f   LIBCMT:default_local_stdio_options.obj
 0001:0000eb28       __scrt_get_dyn_tls_init_callback 000000018000fb28 f   LIBCMT:dyn_tls_init.obj
 0001:0000eb30       _RTC_Initialize            000000018000fb30 f   LIBCMT:initsect.obj
 0001:0000eb6c       _RTC_Terminate             000000018000fb6c f   LIBCMT:initsect.obj
 0001:0000eba8       ??0bad_alloc@std@@QEAA@AEBV01@@Z 000000018000fba8 f i LIBCMT:throw_bad_alloc.obj
 0001:0000ebe8       ??0bad_alloc@std@@QEAA@XZ  000000018000fbe8 f i LIBCMT:throw_bad_alloc.obj
 0001:0000ec08       ??0bad_array_new_length@std@@QEAA@AEBV01@@Z 000000018000fc08 f i LIBCMT:throw_bad_alloc.obj
 0001:0000ec48       ??0bad_array_new_length@std@@QEAA@XZ 000000018000fc48 f i LIBCMT:throw_bad_alloc.obj
 0001:0000ec68       ??0exception@std@@QEAA@AEBV01@@Z 000000018000fc68 f i LIBCMT:throw_bad_alloc.obj
 0001:0000eca0       ??1bad_exception@std@@UEAA@XZ 000000018000fca0 f i libvcruntime:frame.obj
 0001:0000eca0       ??1bad_array_new_length@std@@UEAA@XZ 000000018000fca0 f i LIBCMT:throw_bad_alloc.obj
 0001:0000eca0       ??1bad_alloc@std@@UEAA@XZ  000000018000fca0 f i LIBCMT:throw_bad_alloc.obj
 0001:0000ecb4       ??_Ebad_exception@std@@UEAAPEAXI@Z 000000018000fcb4 f i libvcruntime:frame.obj
 0001:0000ecb4       ??_Gbad_array_new_length@std@@UEAAPEAXI@Z 000000018000fcb4 f i LIBCMT:throw_bad_alloc.obj
 0001:0000ecb4       ??_Gbad_alloc@std@@UEAAPEAXI@Z 000000018000fcb4 f i LIBCMT:throw_bad_alloc.obj
 0001:0000ecb4       ??_Gexception@std@@UEAAPEAXI@Z 000000018000fcb4 f i LIBCMT:throw_bad_alloc.obj
 0001:0000ecb4       ??_Eexception@std@@UEAAPEAXI@Z 000000018000fcb4 f i LIBCMT:throw_bad_alloc.obj
 0001:0000ecb4       ??_Ebad_array_new_length@std@@UEAAPEAXI@Z 000000018000fcb4 f i LIBCMT:throw_bad_alloc.obj
 0001:0000ecb4       ??_Ebad_alloc@std@@UEAAPEAXI@Z 000000018000fcb4 f i LIBCMT:throw_bad_alloc.obj
 0001:0000ecb4       ??_Gbad_exception@std@@UEAAPEAXI@Z 000000018000fcb4 f i libvcruntime:frame.obj
 0001:0000ecf8       ?__scrt_throw_std_bad_alloc@@YAXXZ 000000018000fcf8 f   LIBCMT:throw_bad_alloc.obj
 0001:0000ed18       ?__scrt_throw_std_bad_array_new_length@@YAXXZ 000000018000fd18 f   LIBCMT:throw_bad_alloc.obj
 0001:0000ed38       ?what@exception@std@@UEBAPEBDXZ 000000018000fd38 f i LIBCMT:throw_bad_alloc.obj
 0001:0000ed50       ??_Etype_info@@UEAAPEAXI@Z 000000018000fd50 f i LIBCMT:std_type_info_static.obj
 0001:0000ed50       ??_Gtype_info@@UEAAPEAXI@Z 000000018000fd50 f i LIBCMT:std_type_info_static.obj
 0001:0000ed7c       ??0CAtlBaseModule@ATL@@QEAA@XZ 000000018000fd7c f   atls:atlbase.obj
 0001:0000ee24       ??1CAtlBaseModule@ATL@@QEAA@XZ 000000018000fe24 f   atls:atlbase.obj
 0001:0000ef58       ?__AllocStdCallThunk_cmn@@YAPEAXXZ 000000018000ff58 f   atls:atlthunk.obj
 0001:0000f0b0       AtlThunk_AllocateData      00000001800100b0 f   atls:atlthunk.obj
 0001:0000f12c       AtlThunk_DataToCode        000000018001012c f   atls:atlthunk.obj
 0001:0000f180       AtlThunk_FreeData          0000000180010180 f   atls:atlthunk.obj
 0001:0000f1e0       AtlThunk_InitData          00000001800101e0 f   atls:atlthunk.obj
 0001:0000f2a0       memset_repmovs             00000001800102a0 f   libvcruntime:memset.obj
 0001:0000f2c0       memset                     00000001800102c0 f   libvcruntime:memset.obj
 0001:0000f450       _purecall                  0000000180010450 f   libvcruntime:purevirt.obj
 0001:0000f480       wcsstr                     0000000180010480 f   libvcruntime:wcsstr.obj
 0001:0000f6b0       memcmp                     00000001800106b0 f   libvcruntime:memcmp.obj
 0001:0000f790       memcpy_repmovs             0000000180010790 f   libvcruntime:memcpy.obj
 0001:0000f7b0       memmove                    00000001800107b0 f   libvcruntime:memcpy.obj
 0001:0000f7b0       memcpy                     00000001800107b0 f   libvcruntime:memcpy.obj
 0001:0000fbe8       __vcrt_initialize          0000000180010be8 f   libvcruntime:initialization.obj
 0001:0000fc1c       __vcrt_thread_attach       0000000180010c1c f   libvcruntime:initialization.obj
 0001:0000fc30       __vcrt_thread_detach       0000000180010c30 f   libvcruntime:initialization.obj
 0001:0000fc44       __vcrt_uninitialize        0000000180010c44 f   libvcruntime:initialization.obj
 0001:0000fc64       __vcrt_uninitialize_critical 0000000180010c64 f   libvcruntime:initialization.obj
 0001:0000fc74       __C_specific_handler       0000000180010c74 f   libvcruntime:riscchandler.obj
 0001:0000fe80       __DestructExceptionObject  0000000180010e80 f   libvcruntime:ehhelpers.obj
 0001:0000fef4       ?_CallMemberFunction0@@YAXQEAX0@Z 0000000180010ef4 f i libvcruntime:ehhelpers.obj
 0001:0000fef8       _IsExceptionObjectToBeDestroyed 0000000180010ef8 f   libvcruntime:ehhelpers.obj
 0001:0000ff28       __AdjustPointer            0000000180010f28 f   libvcruntime:ehhelpers.obj
 0001:0000ff4c       __FrameUnwindFilter        0000000180010f4c f   libvcruntime:ehhelpers.obj
 0001:0000ff98       __std_terminate            0000000180010f98 f   libvcruntime:ehhelpers.obj
 0001:0000ffa4       ??$_CallSETranslator@V__FrameHandler3@@@@YAHPEAUEHExceptionRecord@@PEA_KPEAU_CONTEXT@@PEAU_xDISPATCHER_CONTEXT@@PEBU_s_FuncInfo@@K1@Z 0000000180010fa4 f i libvcruntime:risctrnsctrl.obj
 0001:0000fff8       ?CatchTryBlock@__FrameHandler3@@SAPEBU_s_TryBlockMapEntry@@PEBU_s_FuncInfo@@H@Z 0000000180010ff8 f   libvcruntime:risctrnsctrl.obj
 0001:00010050       ?ExecutionInCatch@__FrameHandler3@@SA_NPEAU_xDISPATCHER_CONTEXT@@PEBU_s_FuncInfo@@@Z 0000000180011050 f   libvcruntime:risctrnsctrl.obj
[...]
 0004:00001644       $pdata$??$?RV<lambda_fb3a7dec4e47f37f22dae91bb15c9095>@@AEAV<lambda_698284760c8add0bfb0756c19673e34b>@@V<lambda_dfb8eca1e75fef3034a8fb18dd509707>@@@?$__crt_seh_guarded_call@X@@QEAAX$$QEAV<lambda_fb3a7dec4e47f37f22dae91bb15c9095>@@AEAV<lambda_698284760c8add0bfb0756c19673e34b>@@$$QEAV<lambda_dfb8eca1e75fef3034a8fb18dd509707>@@@Z 0000000180033644     libucrt:per_thread_data.obj
 0004:00001650       $pdata$_calloc_base        0000000180033650     libucrt:calloc_base.obj
 0004:0000165c       $pdata$_malloc_base        000000018003365c     libucrt:malloc_base.obj
 0004:00001668       $pdata$_msize              0000000180033668     libucrt:msize.obj
 0004:00001674       $pdata$_realloc_base       0000000180033674     libucrt:realloc_base.obj
 0004:00001680       $pdata$__acrt_FlsAlloc     0000000180033680     libucrt:winapi_thunks.obj
 0004:0000168c       $pdata$__acrt_FlsFree      000000018003368c     libucrt:winapi_thunks.obj
 0004:00001698       $pdata$__acrt_FlsGetValue  0000000180033698     libucrt:winapi_thunks.obj
 0004:000016a4       $pdata$__acrt_FlsSetValue  00000001800336a4     libucrt:winapi_thunks.obj
 0004:000016b0       $pdata$__acrt_initialize_winapi_thunks 00000001800336b0     libucrt:winapi_thunks.obj
 0004:000016bc       $pdata$__acrt_uninitialize_winapi_thunks 00000001800336bc     libucrt:winapi_thunks.obj
 0004:000016c8       $pdata$__acrt_InitializeCriticalSectionEx 00000001800336c8     libucrt:winapi_thunks.obj
 0004:000016d4       $pdata$__acrt_LCMapStringEx 00000001800336d4     libucrt:winapi_thunks.obj
 0004:000016e0       $pdata$__acrt_LocaleNameToLCID 00000001800336e0     libucrt:winapi_thunks.obj
 0004:000016ec       $pdata$__acrt_SetThreadStackGuarantee 00000001800336ec     libucrt:winapi_thunks.obj
 0004:000016f8       $pdata$__acrt_is_packaged_app 00000001800336f8     libucrt:winapi_thunks.obj
 0004:00001704       $pdata$?try_get_function@@YAPEAXW4function_id@?A0x63058377@@QEBDQEBW4module_id@2@2@Z 0000000180033704     libucrt:winapi_thunks.obj
 0004:00001710       $pdata$isdigit             0000000180033710     libucrt:_ctype.obj
 0004:0000171c       $pdata$tolower             000000018003371c     libucrt:tolower_toupper.obj
 0004:00001728       $pdata$_tolower_l          0000000180033728     libucrt:tolower_toupper.obj
 0004:00001734       $pdata$?internal_isupper_l@@YA_NHQEAU__crt_locale_pointers@@@Z 0000000180033734     libucrt:tolower_toupper.obj
 0004:00001740       $pdata$wcstol              0000000180033740     libucrt:strtox.obj
 0004:0000174c       $pdata$_mbtowc_l           000000018003374c     libucrt:mbtowc.obj
 0004:00001758       $pdata$wcsnlen             0000000180033758     libucrt:strnlen.obj
 0004:00001764       $pdata$__acrt_update_locale_info 0000000180033764     libucrt:locale_update.obj
 0004:00001770       $pdata$__acrt_update_multibyte_info 0000000180033770     libucrt:locale_update.obj
 0004:0000177c       $pdata$__acrt_fp_format    000000018003377c     libucrt:cvt.obj
 0004:00001788       $pdata$?fp_format_nan_or_infinity@@YAHW4__acrt_fp_class@@_NPEAD_K1@Z 0000000180033788     libucrt:cvt.obj
 0004:00001794       $pdata$?fp_format_e_internal@@YAHQEAD_KH_NIQEAU_strflt@@2QEAU__crt_locale_pointers@@@Z 0000000180033794     libucrt:cvt.obj
 0004:000017a0       $pdata$?fp_format_e@@YAHQEBNQEAD_K12H_NIQEAU__crt_locale_pointers@@@Z 00000001800337a0     libucrt:cvt.obj
 0004:000017ac       $pdata$?fp_format_a@@YAHQEBNPEAD_KQEAD2H_NIQEAU__crt_locale_pointers@@@Z 00000001800337ac     libucrt:cvt.obj
 0004:000017b8       $pdata$?fp_format_f_internal@@YAHQEAD_KHQEAU_strflt@@_NQEAU__crt_locale_pointers@@@Z 00000001800337b8     libucrt:cvt.obj
 0004:000017c4       $pdata$?fp_format_g@@YAHQEBNQEAD_K12H_NIQEAU__crt_locale_pointers@@@Z 00000001800337c4     libucrt:cvt.obj
 0004:000017d0       $pdata$_fileno             00000001800337d0     libucrt:fileno.obj
 0004:000017dc       $pdata$__acrt_initialize_stdio 00000001800337dc     libucrt:_file.obj
 0004:000017e8       $pdata$__acrt_uninitialize_stdio 00000001800337e8     libucrt:_file.obj
 0004:000017f4       $pdata$__acrt_uninitialize_locale 00000001800337f4     libucrt:wsetlocale.obj
 0004:00001800       $pdata$__acrt_uninitialize_locale$fin$0 0000000180033800     libucrt:wsetlocale.obj
 0004:00001800       $pdata$__acrt_update_thread_locale_data$fin$0 0000000180033800     libucrt:locale_refcounting.obj
 0004:0000180c       $pdata$__acrt_initialize_lowio 000000018003380c     libucrt:ioinit.obj
 0004:00001818       $pdata$__acrt_lowio_ensure_fh_exists$fin$0 0000000180033818     libucrt:osfinfo.obj
 0004:00001818       $pdata$__acrt_initialize_lowio$fin$0 0000000180033818     libucrt:ioinit.obj
 0004:00001824       $pdata$__acrt_uninitialize_lowio 0000000180033824     libucrt:ioinit.obj
 0004:00001830       $pdata$?initialize_inherited_file_handles_nolock@@YAXXZ 0000000180033830     libucrt:ioinit.obj
 0004:0000183c       $pdata$?initialize_stdio_handles_nolock@@YAXXZ 000000018003383c     libucrt:ioinit.obj
 0004:00001848       $pdata$__acrt_initialize_locks 0000000180033848     libucrt:locks.obj
 0004:00001854       $pdata$__acrt_uninitialize_locks 0000000180033854     libucrt:locks.obj
 0004:00001860       $pdata$??$common_expand_argv_wildcards@D@@YAHQEAPEADQEAPEAPEAD@Z 0000000180033860     libucrt:argv_wildcards.obj
 0004:0000186c       $pdata$?expand_if_necessary@?$argument_list@D@?A0xca0879c4@@AEAAHXZ 000000018003386c     libucrt:argv_wildcards.obj
 0004:00001878       $pdata$??$copy_and_add_argument_to_buffer@D@@YAHQEBD0_KAEAV?$argument_list@D@?A0xca0879c4@@@Z 0000000180033878     libucrt:argv_wildcards.obj
 0004:00001884       $pdata$??$expand_argument_wildcards@D@@YAHQEAD0AEAV?$argument_list@D@?A0xca0879c4@@@Z 0000000180033884     libucrt:argv_wildcards.obj
 0004:00001890       $pdata$__acrt_update_thread_multibyte_data 0000000180033890     libucrt:mbctype.obj
 0004:0000189c       $pdata$__acrt_update_thread_multibyte_data$fin$0 000000018003389c     libucrt:mbctype.obj
 0004:000018a8       $pdata$__acrt_initialize_multibyte 00000001800338a8     libucrt:mbctype.obj
 0004:000018b4       $pdata$_setmbcp_nolock     00000001800338b4     libucrt:mbctype.obj
 0004:000018c0       $pdata$?getSystemCP@@YAHH@Z 00000001800338c0     libucrt:mbctype.obj
 0004:000018cc       $pdata$?setSBCS@@YAXPEAU__crt_multibyte_data@@@Z 00000001800338cc     libucrt:mbctype.obj
 0004:000018d8       $pdata$?setSBUpLow@@YAXPEAU__crt_multibyte_data@@@Z 00000001800338d8     libucrt:mbctype.obj
 0004:000018e4       $pdata$?setmbcp_internal@@YAHH_N@Z 00000001800338e4     libucrt:mbctype.obj
 0004:000018f0       $pdata$??R<lambda_ad1ced32f4ac17aa236e5ef05d6b3b7c>@@QEBAXXZ 00000001800338f0     libucrt:mbctype.obj
 0004:000018fc       $pdata$??$?RV<lambda_99476a1ad63dd22509b5d3e65b0ffc95>@@AEAV<lambda_ad1ced32f4ac17aa236e5ef05d6b3b7c>@@V<lambda_f7424dd8d45958661754dc4f2697e9c3>@@@?$__crt_seh_guarded_call@X@@QEAAX$$QEAV<lambda_99476a1ad63dd22509b5d3e65b0ffc95>@@AEAV<lambda_ad1ced32f4ac17aa236e5ef05d6b3b7c>@@$$QEAV<lambda_f7424dd8d45958661754dc4f2697e9c3>@@@Z 00000001800338fc     libucrt:mbctype.obj
 0004:00001908       $pdata$?x_ismbbtype_l@@YAHPEAU__crt_locale_pointers@@IHH@Z 0000000180033908     libucrt:ismbbyte.obj
 0004:00001914       $pdata$__acrt_initialize_command_line 0000000180033914     libucrt:argv_data.obj
 0004:00001920       $pdata$__dcrt_get_narrow_environment_from_os 0000000180033920     libucrt:get_environment_from_os.obj
 0004:0000192c       $pdata$__acrt_initialize_heap 000000018003392c     libucrt:heap_handle.obj
 0004:00001938       $pdata$__acrt_execute_initializers 0000000180033938     libucrt:shared_initialization.obj
 0004:00001944       $pdata$__acrt_execute_uninitializers 0000000180033944     libucrt:shared_initialization.obj
 0004:00001950       $pdata$__acrt_get_sigabrt_handler 0000000180033950     libucrt:signal.obj
 0004:0000195c       $pdata$raise               000000018003395c     libucrt:signal.obj
 0004:00001968       $pdata$raise$fin$0         0000000180033968     libucrt:signal.obj
 0004:00001974       $pdata$??$?RV<lambda_c36588078e9f5dfd39652860aa6b3aaf>@@AEAV<lambda_ec61778202f4f5fc7e7711acc23c3bca>@@V<lambda_dc9d2797ccde5d239b4a0efae8ebd7db>@@@?$__crt_seh_guarded_call@P6AXH@Z@@QEAAP6AXH@Z$$QEAV<lambda_c36588078e9f5dfd39652860aa6b3aaf>@@AEAV<lambda_ec61778202f4f5fc7e7711acc23c3bca>@@$$QEAV<lambda_dc9d2797ccde5d239b4a0efae8ebd7db>@@@Z 0000000180033974     libucrt:signal.obj
 0004:00001980       $pdata$__acrt_invoke_user_matherr 0000000180033980     libucrt:matherr.obj
 0004:0000198c       $pdata$__pctype_func       000000018003398c     libucrt:ctype.obj
 0004:00001998       $pdata$iswctype            0000000180033998     libucrt:iswctype.obj
 0004:000019a4       $pdata$_isctype_l          00000001800339a4     libucrt:isctype.obj
 0004:000019b0       $pdata$__acrt_release_locale_ref 00000001800339b0     libucrt:locale_refcounting.obj
 0004:000019bc       $pdata$__acrt_free_locale  00000001800339bc     libucrt:locale_refcounting.obj
 0004:000019c8       $pdata$__acrt_locale_free_lc_time_if_unreferenced 00000001800339c8     libucrt:locale_refcounting.obj
 0004:000019d4       $pdata$__acrt_update_thread_locale_data 00000001800339d4     libucrt:locale_refcounting.obj
 0004:000019e0       $pdata$_updatetlocinfoEx_nolock 00000001800339e0     libucrt:locale_refcounting.obj
 0004:000019ec       $pdata$__acrt_DownlevelLocaleNameToLCID 00000001800339ec     libucrt:lcidtoname_downlevel.obj
 0004:000019f8       $pdata$?GetTableIndexFromLocaleName@@YAHPEB_W@Z 00000001800339f8     libucrt:lcidtoname_downlevel.obj
 0004:00001a04       $pdata$_isleadbyte_l       0000000180033a04     libucrt:_wctype.obj
 0004:00001a10       $pdata$__acrt_LCMapStringA 0000000180033a10     libucrt:lcmapstringa.obj
 0004:00001a1c       $pdata$?__acrt_LCMapStringA_stat@@YAHPEAU__crt_locale_pointers@@PEB_WKPEBDHPEADHHH@Z 0000000180033a1c     libucrt:lcmapstringa.obj
 0004:00001a28       $pdata$__acrt_fp_strflt_to_string 0000000180033a28     libucrt:_fptostr.obj
 0004:00001a34       $pdata$memcpy_s            0000000180033a34     libucrt:cfout.obj
 0004:00001a40       $pdata$__acrt_fltout       0000000180033a40     libucrt:cfout.obj
 0004:00001a4c       $pdata$?divide@__crt_strtox@@YA_KAEAUbig_integer@1@AEBU21@@Z 0000000180033a4c     libucrt:cfout.obj
 0004:00001a58       $pdata$5$?divide@__crt_strtox@@YA_KAEAUbig_integer@1@AEBU21@@Z 0000000180033a58     libucrt:cfout.obj
 0004:00001a64       $pdata$6$?divide@__crt_strtox@@YA_KAEAUbig_integer@1@AEBU21@@Z 0000000180033a64     libucrt:cfout.obj
 0004:00001a70       $pdata$_fcloseall          0000000180033a70     libucrt:closeall.obj
 0004:00001a7c       $pdata$_fcloseall$fin$0    0000000180033a7c     libucrt:closeall.obj
 0004:00001a88       $pdata$_fflush_nolock      0000000180033a88     libucrt:fflush.obj
 0004:00001a94       $pdata$__acrt_stdio_flush_nolock 0000000180033a94     libucrt:fflush.obj
 0004:00001aa0       $pdata$common_flush_all    0000000180033aa0     libucrt:fflush.obj
 0004:00001aac       $pdata$common_flush_all$fin$0 0000000180033aac     libucrt:fflush.obj
 0004:00001ab8       $pdata$common_flush_all$fin$1 0000000180033ab8     libucrt:fflush.obj
 0004:00001ac4       $pdata$__acrt_stdio_free_buffer_nolock 0000000180033ac4     libucrt:_freebuf.obj
 0004:00001ad0       $pdata$_isatty             0000000180033ad0     libucrt:isatty.obj
 0004:00001adc       $pdata$__acrt_locale_free_monetary 0000000180033adc     libucrt:initmon.obj
 0004:00001ae8       $pdata$__acrt_locale_free_numeric 0000000180033ae8     libucrt:initnum.obj
 0004:00001af4       $pdata$__acrt_locale_free_time 0000000180033af4     libucrt:inittime.obj
 0004:00001b00       $pdata$?free_crt_array_internal@@YAXQEAPEBX_K@Z 0000000180033b00     libucrt:inittime.obj
 0004:00001b0c       $pdata$__acrt_GetStringTypeA 0000000180033b0c     libucrt:getstringtypea.obj
 0004:00001b18       $pdata$_get_osfhandle      0000000180033b18     libucrt:osfinfo.obj
 0004:00001b24       $pdata$_free_osfhnd        0000000180033b24     libucrt:osfinfo.obj
 0004:00001b30       $pdata$__acrt_lowio_create_handle_array 0000000180033b30     libucrt:osfinfo.obj
 0004:00001b3c       $pdata$__acrt_lowio_destroy_handle_array 0000000180033b3c     libucrt:osfinfo.obj
 0004:00001b48       $pdata$__acrt_lowio_ensure_fh_exists 0000000180033b48     libucrt:osfinfo.obj
 0004:00001b54       $pdata$qsort               0000000180033b54     libucrt:qsort.obj
 0004:00001b60       $pdata$4$qsort             0000000180033b60     libucrt:qsort.obj
 0004:00001b6c       $pdata$5$qsort             0000000180033b6c     libucrt:qsort.obj
 0004:00001b78       $pdata$?shortsort@@YAXPEAD0_KP6AHPEBX2@Z@Z 0000000180033b78     libucrt:qsort.obj
 0004:00001b84       $pdata$2$?shortsort@@YAXPEAD0_KP6AHPEBX2@Z@Z 0000000180033b84     libucrt:qsort.obj
 0004:00001b90       $pdata$3$?shortsort@@YAXPEAD0_KP6AHPEBX2@Z@Z 0000000180033b90     libucrt:qsort.obj
 0004:00001b9c       $pdata$strncpy_s           0000000180033b9c     libucrt:strncpy_s.obj
 0004:00001ba8       $pdata$strpbrk             0000000180033ba8     libucrt:strpbrk.obj
 0004:00001bb4       $pdata$_mbsdec_l           0000000180033bb4     libucrt:mbsdec.obj
 0004:00001bc0       $pdata$?initialize_multibyte@@YAHXZ 0000000180033bc0     libucrt:multibyte_initializer.obj
 0004:00001bcc       $pdata$fegetenv            0000000180033bcc     libucrt:fegetenv.obj
 0004:00001bd8       $pdata$fesetenv            0000000180033bd8     libucrt:fesetenv.obj
 0004:00001be4       $pdata$feholdexcept        0000000180033be4     libucrt:feholdexcept.obj
 0004:00001bfc       $pdata$_write              0000000180033bfc     libucrt:write.obj
 0004:00001c08       $pdata$_write$fin$0        0000000180033c08     libucrt:write.obj
 0004:00001c14       $pdata$_write_nolock       0000000180033c14     libucrt:write.obj
 0004:00001c20       $pdata$?write_double_translated_ansi_nolock@@YA?AUwrite_result@?A0x9c548279@@HQEBDI@Z 0000000180033c20     libucrt:write.obj
 0004:00001c2c       $pdata$?write_text_ansi_nolock@@YA?AUwrite_result@?A0x9c548279@@HQEBDI@Z 0000000180033c2c     libucrt:write.obj
 0004:00001c38       $pdata$?write_text_utf16le_nolock@@YA?AUwrite_result@?A0x9c548279@@HQEBDI@Z 0000000180033c38     libucrt:write.obj
 0004:00001c44       $pdata$?write_text_utf8_nolock@@YA?AUwrite_result@?A0x9c548279@@HQEBDI@Z 0000000180033c44     libucrt:write.obj
 0004:00001c50       $pdata$??$common_lseek_nolock@_J@@YA_JH_JH@Z 0000000180033c50     libucrt:lseek.obj
 0004:00001c5c       $pdata$fclose              0000000180033c5c     libucrt:fclose.obj
 0004:00001c68       $pdata$fclose$fin$0        0000000180033c68     libucrt:fclose.obj
 0004:00001c74       $pdata$_fclose_nolock      0000000180033c74     libucrt:fclose.obj
 0004:00001c80       $pdata$_commit             0000000180033c80     libucrt:commit.obj
 0004:00001c8c       $pdata$??$?RV<lambda_b521505b218e5242e90febf6bfebc422>@@AEAV<lambda_6978c1fb23f02e42e1d9e99668cc68aa>@@V<lambda_314360699dd331753a4119843814e9a7>@@@?$__crt_seh_guarded_call@H@@QEAAH$$QEAV<lambda_b521505b218e5242e90febf6bfebc422>@@AEAV<lambda_6978c1fb23f02e42e1d9e99668cc68aa>@@$$QEAV<lambda_314360699dd331753a4119843814e9a7>@@@Z 0000000180033c8c     libucrt:commit.obj
 0004:00001c98       $pdata$?fin$0@?0???$?RV<lambda_b521505b218e5242e90febf6bfebc422>@@AEAV<lambda_6978c1fb23f02e42e1d9e99668cc68aa>@@V<lambda_314360699dd331753a4119843814e9a7>@@@?$__crt_seh_guarded_call@H@@QEAAH$$QEAV<lambda_b521505b218e5242e90febf6bfebc422>@@AEAV<lambda_6978c1fb23f02e42e1d9e99668cc68aa>@@$$QEAV<lambda_314360699dd331753a4119843814e9a7>@@@Z@4HA 0000000180033c98     libucrt:commit.obj
 0004:00001c98       $pdata$?fin$0@?0???$?RV<lambda_bfedae4ebbf01fab1bb6dcc6a9e276e0>@@AEAV<lambda_2fe9b910cf3cbf4a0ab98a02ba45b3ec>@@V<lambda_237c231691f317818eb88cc1d5d642d6>@@@?$__crt_seh_guarded_call@H@@QEAAH$$QEAV<lambda_bfedae4ebbf01fab1bb6dcc6a9e276e0>@@AEAV<lambda_2fe9b910cf3cbf4a0ab98a02ba45b3ec>@@$$QEAV<lambda_237c231691f317818eb88cc1d5d642d6>@@@Z@4HA 0000000180033c98     libucrt:close.obj
 0004:00001ca4       $pdata$_setfpstatusword    0000000180033ca4     libucrt:_fenvutils.obj
 0004:00001cb0       $pdata$_getfpcontrolword   0000000180033cb0     libucrt:_fenvutils.obj
 0004:00001cbc       $pdata$_getfpstatusword    0000000180033cbc     libucrt:_fenvutils.obj
 0004:00001cc8       $pdata$_clearfp            0000000180033cc8     libucrt:ieee.obj
 0004:00001cd4       $pdata$common_control87    0000000180033cd4     libucrt:ieee.obj
 0004:00001ce0       $pdata$common_control87$filt$0 0000000180033ce0     libucrt:ieee.obj
 0004:00001ce0       $pdata$_ctrlfp$filt$0      0000000180033ce0     libucrt:fpctrl.obj
 0004:00001cec       $pdata$_call_matherr       0000000180033cec     libucrt:libm_error.obj
 0004:00001cf8       $pdata$_exception_enabled  0000000180033cf8     libucrt:libm_error.obj
 0004:00001d04       $pdata$_handle_error       0000000180033d04     libucrt:libm_error.obj
 0004:00001d10       $pdata$__acrt_initialize_fma3 0000000180033d10     libucrt:fma3_available.obj
 0004:00001d1c       $pdata$_log_special_common 0000000180033d1c     libucrt:log_special.obj
 0004:00001d28       $pdata$_log10_special      0000000180033d28     libucrt:log_special.obj
 0004:00001d34       $pdata$_putwch_nolock      0000000180033d34     libucrt:putwch.obj
 0004:00001d40       $pdata$_close              0000000180033d40     libucrt:close.obj
 0004:00001d4c       $pdata$_close_nolock       0000000180033d4c     libucrt:close.obj
 0004:00001d58       $pdata$??$?RV<lambda_bfedae4ebbf01fab1bb6dcc6a9e276e0>@@AEAV<lambda_2fe9b910cf3cbf4a0ab98a02ba45b3ec>@@V<lambda_237c231691f317818eb88cc1d5d642d6>@@@?$__crt_seh_guarded_call@H@@QEAAH$$QEAV<lambda_bfedae4ebbf01fab1bb6dcc6a9e276e0>@@AEAV<lambda_2fe9b910cf3cbf4a0ab98a02ba45b3ec>@@$$QEAV<lambda_237c231691f317818eb88cc1d5d642d6>@@@Z 0000000180033d58     libucrt:close.obj
 0004:00001d70       $pdata$_set_errno_from_matherr 0000000180033d70     libucrt:fpexcept.obj
 0004:00001d7c       $pdata$_raise_exc          0000000180033d7c     libucrt:fpexcept.obj
 0004:00001d88       $pdata$_raise_exc_ex       0000000180033d88     libucrt:fpexcept.obj
 0004:00001d94       $pdata$_clrfp              0000000180033d94     libucrt:fpctrl.obj
 0004:00001da0       $pdata$_ctrlfp             0000000180033da0     libucrt:fpctrl.obj
 0004:00001dac       $pdata$_statfp             0000000180033dac     libucrt:fpctrl.obj
 0004:00001db8       $pdata$_set_statfp         0000000180033db8     libucrt:fpctrl.obj
 0004:00001dc4       $pdata$__dcrt_lowio_initialize_console_output 0000000180033dc4     libucrt:initcon.obj
 0004:00001dd0       $pdata$__dcrt_terminate_console_output 0000000180033dd0     libucrt:initcon.obj
 0004:00001ddc       $pdata$_IsNonwritableInCurrentImage 0000000180033ddc     LIBCMT:pesect.obj
 0004:00001de8       $pdata$_IsNonwritableInCurrentImage$filt$0 0000000180033de8     LIBCMT:pesect.obj
 0004:00001df4       $pdata$strrchr             0000000180033df4     libvcruntime:strrchr.obj
 0005:00000220       $R000000                   0000000180034220     MotionSensor.res
 0005:00000ba0       $R000980                   0000000180034ba0     MotionSensor.res
 0005:00000c88       $R000A68                   0000000180034c88     MotionSensor.res
 0005:00000ef0       $R000CD0                   0000000180034ef0     MotionSensor.res
 0005:000013d0       $R0011B0                   00000001800353d0     MotionSensor.res
 0005:00003710       $R0034F0                   0000000180037710     MotionSensor.res
 0005:00003748       $R003528                   0000000180037748     MotionSensor.res
