 OPOSTotals

 Timestamp is 61a757f7 (Wed Dec  1 20:09:43 2021)

 Preferred load address is 0000000180000000

 Start         Length     Name                   Class
 0001:00000000 000000c0H .text$di                CODE
 0001:000000c0 00023f40H .text$mn                CODE
 0001:00024000 00000040H .text$mn$00             CODE
 0001:00024040 00000660H .text$x                 CODE
 0001:000246a0 00000078H .text$yd                CODE
 0002:00000000 00000638H .idata$5                DATA
 0002:00000638 00000030H .00cfg                  DATA
 0002:00000668 00000008H .CRT$XCA                DATA
 0002:00000670 00000008H .CRT$XCL                DATA
 0002:00000678 00000020H .CRT$XCU                DATA
 0002:00000698 00000008H .CRT$XCZ                DATA
 0002:000006a0 00000008H .CRT$XIA                DATA
 0002:000006a8 00000020H .CRT$XIC                DATA
 0002:000006c8 00000008H .CRT$XIZ                DATA
 0002:000006d0 00000008H .CRT$XLA                DATA
 0002:000006d8 00000008H .CRT$XLZ                DATA
 0002:000006e0 00000008H .CRT$XPA                DATA
 0002:000006e8 00000010H .CRT$XPX                DATA
 0002:000006f8 00000008H .CRT$XPXA               DATA
 0002:00000700 00000008H .CRT$XPZ                DATA
 0002:00000708 00000008H .CRT$XTA                DATA
 0002:00000710 00000010H .CRT$XTZ                DATA
 0002:00000718 00000000H .gehcont$y              DATA
 0002:00000718 00000000H .gfids$y                DATA
 0002:00000720 0000a4e0H .rdata                  DATA
 0002:0000ac00 00000000H .rdata$CastGuardVftablesA DATA
 0002:0000ac00 00000000H .rdata$CastGuardVftablesC DATA
 0002:0000ac00 00000028H .rdata$T                DATA
 0002:0000ac28 00000274H .rdata$r                DATA
 0002:0000ae9c 00000048H .rdata$voltmd           DATA
 0002:0000aee4 00000434H .rdata$zzzdbg           DATA
 0002:0000b318 00000008H .rtc$IAA                DATA
 0002:0000b320 00000008H .rtc$IZZ                DATA
 0002:0000b328 00000008H .rtc$TAA                DATA
 0002:0000b330 00000008H .rtc$TZZ                DATA
 0002:0000b338 00000004H .tls                    DATA
 0002:0000b33c 00000004H .tls$                   DATA
 0002:0000b340 00000008H .tls$ZZZ                DATA
 0002:0000b348 00001958H .xdata                  DATA
 0002:0000cca0 00000150H .xdata$x                DATA
 0002:0000cdf0 00000008H ATL$__a                 DATA
 0002:0000cdf8 00000008H ATL$__z                 DATA
 0002:0000ce00 000000a8H .edata                  DATA
 0002:0000cea8 00000078H .idata$2                DATA
 0002:0000cf20 00000018H .idata$3                DATA
 0002:0000cf38 00000638H .idata$4                DATA
 0002:0000d570 00000c5cH .idata$6                DATA
 0003:00000000 00000de8H .data                   DATA
 0003:00000de8 000000a8H .data$r                 DATA
 0003:00000e90 00000020H .data$rs                DATA
 0003:00000eb0 000013ecH .bss                    DATA
 0004:00000000 00002064H .pdata                  DATA
 0005:00000000 000000f4H _RDATA                  DATA
 0006:00000000 00000220H .rsrc$01                DATA
 0006:00000220 000040f0H .rsrc$02                DATA

  Address         Publics by Value              Rva+Base               Lib:Object

 0000:00000000       ___safe_se_handler_table   0000000000000000     <absolute>
 0000:00000000       __guard_longjmp_table      0000000000000000     <absolute>
 0000:00000000       __x64_code_ranges_to_entry_points 0000000000000000     <absolute>
 0000:00000000       __arm64x_redirection_metadata 0000000000000000     <absolute>
 0000:00000000       __guard_iat_table          0000000000000000     <absolute>
 0000:00000000       __guard_fids_count         0000000000000000     <absolute>
 0000:00000000       __arm64x_extra_rfe_table   0000000000000000     <absolute>
 0000:00000000       __guard_iat_count          0000000000000000     <absolute>
 0000:00000000       __guard_longjmp_count      0000000000000000     <absolute>
 0000:00000000       __dynamic_value_reloc_table 0000000000000000     <absolute>
 0000:00000000       __x64_code_ranges_to_entry_points_count 0000000000000000     <absolute>
 0000:00000000       __hybrid_auxiliary_iat     0000000000000000     <absolute>
 0000:00000000       __hybrid_code_map          0000000000000000     <absolute>
 0000:00000000       __hybrid_auxiliary_iat_copy 0000000000000000     <absolute>
 0000:00000000       __arm64x_extra_rfe_table_size 0000000000000000     <absolute>
 0000:00000000       ___safe_se_handler_count   0000000000000000     <absolute>
 0000:00000000       __AbsoluteZero             0000000000000000     <absolute>
 0000:00000000       __guard_check_icall_a64n_fptr 0000000000000000     <absolute>
 0000:00000000       __guard_eh_cont_count      0000000000000000     <absolute>
 0000:00000000       __guard_fids_table         0000000000000000     <absolute>
 0000:00000000       __arm64x_redirection_metadata_count 0000000000000000     <absolute>
 0000:00000000       __enclave_config           0000000000000000     <absolute>
 0000:00000000       __guard_eh_cont_table      0000000000000000     <absolute>
 0000:00000000       __arm64x_native_entrypoint 0000000000000000     <absolute>
 0000:00000000       __hybrid_code_map_count    0000000000000000     <absolute>
 0000:00000100       __guard_flags              0000000000000100     <absolute>
 0000:00000000       __ImageBase                0000000180000000     <linker-defined>
 0001:000000c0       ?DupWide@_CW@@AEAAXXZ      00000001800010c0 f   CWString.obj
 0001:000000e8       ?cw_dup@@YAXPEBDAEAHAEAPEA_W1@Z 00000001800010e8 f   CWString.obj
 0001:000001c8       ?cw_memcpy@@YAHPEA_WPEBDH@Z 00000001800011c8 f   CWString.obj
 0001:00000214       ?cw_strcpy@@YAHPEA_WPEBD@Z 0000000180001214 f   CWString.obj
 0001:00000228       ??0CAtlComModule@ATL@@QEAA@XZ 0000000180001228 f i OposVariant.obj
 0001:000002a8       ??0CAtlWinModule@ATL@@QEAA@XZ 00000001800012a8 f i OposVariant.obj
 0001:00000314       ??0OposDispParms@@QEAA@PEAVOposVariant@@H@Z 0000000180001314 f   OposVariant.obj
 0001:000003bc       ??1OposDispParms@@QEAA@XZ  00000001800013bc f   OposVariant.obj
 0001:000003d4       ??_Estringdispid@CComTypeInfoHolder@ATL@@QEAAPEAXI@Z 00000001800013d4 f i OposVariant.obj
 0001:00000478       ?AtlWinModuleTerm@ATL@@YAJPEAU_ATL_WIN_MODULE70@1@PEAUHINSTANCE__@@@Z 0000000180001478 f i OposVariant.obj
 0001:00000528       ?ChangeBSTR@OposVariant@@QEAAXPEAPEA_WAEAJ@Z 0000000180001528 f   OposVariant.obj
 0001:00000588       ?ChangeLONG@OposVariant@@QEAAXPEAJAEAJ@Z 0000000180001588 f   OposVariant.obj
 0001:000005e4       ?GetLONG@OposVariant@@QEAAJXZ 00000001800015e4 f   OposVariant.obj
 0001:00000608       ?SetBSTR@OposVariant@@QEAAXPEA_WAEAJ@Z 0000000180001608 f   OposVariant.obj
 0001:00000648       ?SetBSTR_Copy@OposVariant@@QEAAXPEA_WAEAJ@Z 0000000180001648 f   OposVariant.obj
 0001:000006b8       ?SetBSTR_InOutPtr@OposVariant@@QEAA_NPEAPEA_WAEAJ@Z 00000001800016b8 f   OposVariant.obj
 0001:00000708       ?SetBSTR_OutPtr@OposVariant@@QEAA_NPEAPEA_WAEAJ@Z 0000000180001708 f   OposVariant.obj
 0001:00000724       ?SetDispatch_Ptr@OposVariant@@QEAAXPEAUIDispatch@@AEAJ@Z 0000000180001724 f   OposVariant.obj
 0001:0000077c       ?SetLONG@OposVariant@@QEAAXJ@Z 000000018000177c f   OposVariant.obj
 0001:000007ac       ?SetLONG_Ptr@OposVariant@@QEAAXPEAJAEAJ@Z 00000001800017ac f   OposVariant.obj
 0001:000007f8       ?SetString@OposVariant@@QEAAXPEB_WAEAJ@Z 00000001800017f8 f   OposVariant.obj
 0001:0000085c       ?SetVARIANT_BOOL@OposVariant@@QEAAXF@Z 000000018000185c f   OposVariant.obj
 0001:00000894       ?Term@CAtlComModule@ATL@@QEAAXXZ 0000000180001894 f i OposVariant.obj
 0001:00000904       ?_AtlInitializeCriticalSectionEx@ATL@@YAHPEAU_RTL_CRITICAL_SECTION@@KK@Z 0000000180001904 f i OposVariant.obj
 0001:0000090c       ?_AtlRaiseException@ATL@@YAXKK@Z 000000018000190c f i OposVariant.obj
 0001:0000091c       ?Next@?$CComEnumImpl@UIEnumConnections@@$1?_GUID_b196b287_bab4_101a_b69c_00aa00341d07@@3U__s_GUID@@BUtagCONNECTDATA@@V?$_Copy@UtagCONNECTDATA@@@ATL@@@ATL@@UEAAJKPEAUtagCONNECTDATA@@PEAK@Z 000000018000191c f i Totals.obj
 0001:000009e4       ?Skip@?$CComEnumImpl@UIEnumConnections@@$1?_GUID_b196b287_bab4_101a_b69c_00aa00341d07@@3U__s_GUID@@BUtagCONNECTDATA@@V?$_Copy@UtagCONNECTDATA@@@ATL@@@ATL@@UEAAJK@Z 00000001800019e4 f i Totals.obj
 0001:00000a10       ?Reset@?$CComEnumImpl@UIEnumConnectionPoints@@$1?_GUID_b196b285_bab4_101a_b69c_00aa00341d07@@3U__s_GUID@@BPEAUIConnectionPoint@@V?$_CopyInterface@UIConnectionPoint@@@ATL@@@ATL@@UEAAJXZ 0000000180001a10 f i Totals.obj
 0001:00000a10       ?Reset@?$CComEnumImpl@UIEnumConnections@@$1?_GUID_b196b287_bab4_101a_b69c_00aa00341d07@@3U__s_GUID@@BUtagCONNECTDATA@@V?$_Copy@UtagCONNECTDATA@@@ATL@@@ATL@@UEAAJXZ 0000000180001a10 f i Totals.obj
 0001:00000a1c       ?Clone@?$CComEnumImpl@UIEnumConnections@@$1?_GUID_b196b287_bab4_101a_b69c_00aa00341d07@@3U__s_GUID@@BUtagCONNECTDATA@@V?$_Copy@UtagCONNECTDATA@@@ATL@@@ATL@@UEAAJPEAPEAUIEnumConnections@@@Z 0000000180001a1c f i Totals.obj
 0001:00000b48       ?AddRef@?$CComObject@V?$CComEnum@UIEnumConnections@@$1?_GUID_b196b287_bab4_101a_b69c_00aa00341d07@@3U__s_GUID@@BUtagCONNECTDATA@@V?$_Copy@UtagCONNECTDATA@@@ATL@@VCComSingleThreadModel@6@@ATL@@@ATL@@UEAAKXZ 0000000180001b48 f i Totals.obj
 0001:00000b48       ?AddRef@?$CComObject@V?$CComEnum@UIEnumConnectionPoints@@$1?_GUID_b196b285_bab4_101a_b69c_00aa00341d07@@3U__s_GUID@@BPEAUIConnectionPoint@@V?$_CopyInterface@UIConnectionPoint@@@ATL@@VCComSingleThreadModel@6@@ATL@@@ATL@@UEAAKXZ 0000000180001b48 f i Totals.obj
 0001:00000b54       ?Release@?$CComObject@V?$CComEnum@UIEnumConnections@@$1?_GUID_b196b287_bab4_101a_b69c_00aa00341d07@@3U__s_GUID@@BUtagCONNECTDATA@@V?$_Copy@UtagCONNECTDATA@@@ATL@@VCComSingleThreadModel@6@@ATL@@@ATL@@UEAAKXZ 0000000180001b54 f i Totals.obj
 0001:00000b54       ?Release@?$CComObject@V?$CComEnum@UIEnumConnectionPoints@@$1?_GUID_b196b285_bab4_101a_b69c_00aa00341d07@@3U__s_GUID@@BPEAUIConnectionPoint@@V?$_CopyInterface@UIConnectionPoint@@@ATL@@VCComSingleThreadModel@6@@ATL@@@ATL@@UEAAKXZ 0000000180001b54 f i Totals.obj
 0001:00000ba8       ?QueryInterface@?$CComObject@V?$CComEnum@UIEnumConnections@@$1?_GUID_b196b287_bab4_101a_b69c_00aa00341d07@@3U__s_GUID@@BUtagCONNECTDATA@@V?$_Copy@UtagCONNECTDATA@@@ATL@@VCComSingleThreadModel@6@@ATL@@@ATL@@UEAAJAEBU_GUID@@PEAPEAX@Z 0000000180001ba8 f i Totals.obj
 0001:00000bbc       ??_E?$CComObject@V?$CComEnum@UIEnumConnections@@$1?_GUID_b196b287_bab4_101a_b69c_00aa00341d07@@3U__s_GUID@@BUtagCONNECTDATA@@V?$_Copy@UtagCONNECTDATA@@@ATL@@VCComSingleThreadModel@6@@ATL@@@ATL@@UEAAPEAXI@Z 0000000180001bbc f i Totals.obj
 0001:00000bbc       ??_G?$CComObject@V?$CComEnum@UIEnumConnections@@$1?_GUID_b196b287_bab4_101a_b69c_00aa00341d07@@3U__s_GUID@@BUtagCONNECTDATA@@V?$_Copy@UtagCONNECTDATA@@@ATL@@VCComSingleThreadModel@6@@ATL@@@ATL@@UEAAPEAXI@Z 0000000180001bbc f i Totals.obj
 0001:00000c14       ?ObjectMain@CComObjectRootBase@ATL@@SAX_N@Z 0000000180001c14 f i Totals.obj
 0001:00000c14       ?OnFinalMessage@?$CWindowImplBaseT@VCWindow@ATL@@V?$CWinTraits@$0FGAAAAAA@$0A@@2@@ATL@@UEAAXPEAUHWND__@@@Z 0000000180001c14 f i Totals.obj
 0001:00000c14       _guard_check_icall_nop     0000000180001c14 f i LIBCMT:guard_support.obj
 0001:00000c18       ?EnableModeless@?$IOleInPlaceActiveObjectImpl@VCOPOSTotals@@@ATL@@UEAAJH@Z 0000000180001c18 f i Totals.obj
 0001:00000c18       ?Release@CRegObject@ATL@@UEAAKXZ 0000000180001c18 f i Totals.obj
 0001:00000c18       ?SetHostNames@?$IOleObjectImpl@VCOPOSTotals@@@ATL@@UEAAJPEB_W0@Z 0000000180001c18 f i Totals.obj
 0001:00000c18       ?GetCategoryMap@CComObjectRootBase@ATL@@SAPEBU_ATL_CATMAP_ENTRY@2@XZ 0000000180001c18 f i Totals.obj
 0001:00000c18       ?Update@?$IOleObjectImpl@VCOPOSTotals@@@ATL@@UEAAJXZ 0000000180001c18 f i Totals.obj
 0001:00000c18       ?OnFrameWindowActivate@?$IOleInPlaceActiveObjectImpl@VCOPOSTotals@@@ATL@@UEAAJH@Z 0000000180001c18 f i Totals.obj
 0001:00000c18       ?SaveCompleted@?$IPersistStorageImpl@VCOPOSTotals@@@ATL@@UEAAJPEAUIStorage@@@Z 0000000180001c18 f i Totals.obj
 0001:00000c18       ?ResizeBorder@?$IOleInPlaceActiveObjectImpl@VCOPOSTotals@@@ATL@@UEAAJPEBUtagRECT@@PEAUIOleInPlaceUIWindow@@H@Z 0000000180001c18 f i Totals.obj
 0001:00000c18       ?GetObjectDescription@?$CComCoClass@VCOPOSTotals@@$1?CLSID_OPOSTotals@@3U_GUID@@B@ATL@@SAPEB_WXZ 0000000180001c18 f i Totals.obj
 0001:00000c18       ?IsUpToDate@?$IOleObjectImpl@VCOPOSTotals@@@ATL@@UEAAJXZ 0000000180001c18 f i Totals.obj
 0001:00000c18       ?HandsOffStorage@?$IPersistStorageImpl@VCOPOSTotals@@@ATL@@UEAAJXZ 0000000180001c18 f i Totals.obj
 0001:00000c18       ?OnAmbientPropertyChange@?$IOleControlImpl@VCOPOSTotals@@@ATL@@UEAAJJ@Z 0000000180001c18 f i Totals.obj
 0001:00000c1c       ??_E?$CComObject@VCOPOSTotals@@@ATL@@W7EAAPEAXI@Z 0000000180001c1c f i Totals.obj
 0001:00000c28       ??_E?$CComObject@VCOPOSTotals@@@ATL@@WHA@EAAPEAXI@Z 0000000180001c28 f i Totals.obj
 0001:00000c34       ?QueryInterface@?$CComObject@VCOPOSTotals@@@ATL@@WLI@EAAJAEBU_GUID@@PEAPEAX@Z 0000000180001c34 f i Totals.obj
 0001:00000c40       ?AddRef@?$CComObject@VCOPOSTotals@@@ATL@@WLI@EAAKXZ 0000000180001c40 f i Totals.obj
 0001:00000c4c       ?Release@?$CComObject@VCOPOSTotals@@@ATL@@WLI@EAAKXZ 0000000180001c4c f i Totals.obj
 0001:00000c58       ?QueryInterface@?$CComObject@VCOPOSTotals@@@ATL@@WMA@EAAJAEBU_GUID@@PEAPEAX@Z 0000000180001c58 f i Totals.obj
 0001:00000c64       ?AddRef@?$CComObject@VCOPOSTotals@@@ATL@@WMA@EAAKXZ 0000000180001c64 f i Totals.obj
 0001:00000c70       ?Release@?$CComObject@VCOPOSTotals@@@ATL@@WMA@EAAKXZ 0000000180001c70 f i Totals.obj
 0001:00000c7c       ?QueryInterface@?$CComObject@VCOPOSTotals@@@ATL@@WMI@EAAJAEBU_GUID@@PEAPEAX@Z 0000000180001c7c f i Totals.obj
 0001:00000c88       ?AddRef@?$CComObject@VCOPOSTotals@@@ATL@@WMI@EAAKXZ 0000000180001c88 f i Totals.obj
 0001:00000c94       ?Release@?$CComObject@VCOPOSTotals@@@ATL@@WMI@EAAKXZ 0000000180001c94 f i Totals.obj
 0001:00000ca0       ?QueryInterface@?$CComObject@VCOPOSTotals@@@ATL@@WNA@EAAJAEBU_GUID@@PEAPEAX@Z 0000000180001ca0 f i Totals.obj
 0001:00000cac       ?AddRef@?$CComObject@VCOPOSTotals@@@ATL@@WNA@EAAKXZ 0000000180001cac f i Totals.obj
 0001:00000cb8       ?Release@?$CComObject@VCOPOSTotals@@@ATL@@WNA@EAAKXZ 0000000180001cb8 f i Totals.obj
 0001:00000cc4       ?QueryInterface@?$CComObject@VCOPOSTotals@@@ATL@@WNI@EAAJAEBU_GUID@@PEAPEAX@Z 0000000180001cc4 f i Totals.obj
 0001:00000cd0       ?AddRef@?$CComObject@VCOPOSTotals@@@ATL@@WNI@EAAKXZ 0000000180001cd0 f i Totals.obj
 0001:00000cdc       ?Release@?$CComObject@VCOPOSTotals@@@ATL@@WNI@EAAKXZ 0000000180001cdc f i Totals.obj
 0001:00000ce8       ?QueryInterface@?$CComObject@VCOPOSTotals@@@ATL@@WOA@EAAJAEBU_GUID@@PEAPEAX@Z 0000000180001ce8 f i Totals.obj
 0001:00000cf4       ?AddRef@?$CComObject@VCOPOSTotals@@@ATL@@WOA@EAAKXZ 0000000180001cf4 f i Totals.obj
 0001:00000d00       ?Release@?$CComObject@VCOPOSTotals@@@ATL@@WOA@EAAKXZ 0000000180001d00 f i Totals.obj
 0001:00000d0c       ?QueryInterface@?$CComObject@VCOPOSTotals@@@ATL@@WOI@EAAJAEBU_GUID@@PEAPEAX@Z 0000000180001d0c f i Totals.obj
 0001:00000d18       ?AddRef@?$CComObject@VCOPOSTotals@@@ATL@@WOI@EAAKXZ 0000000180001d18 f i Totals.obj
 0001:00000d24       ?Release@?$CComObject@VCOPOSTotals@@@ATL@@WOI@EAAKXZ 0000000180001d24 f i Totals.obj
 0001:00000d30       ?QueryInterface@?$CComObject@VCOPOSTotals@@@ATL@@WPA@EAAJAEBU_GUID@@PEAPEAX@Z 0000000180001d30 f i Totals.obj
 0001:00000d3c       ?AddRef@?$CComObject@VCOPOSTotals@@@ATL@@WPA@EAAKXZ 0000000180001d3c f i Totals.obj
 0001:00000d48       ?Release@?$CComObject@VCOPOSTotals@@@ATL@@WPA@EAAKXZ 0000000180001d48 f i Totals.obj
 0001:00000d54       ?QueryInterface@?$CComObject@VCOPOSTotals@@@ATL@@WPI@EAAJAEBU_GUID@@PEAPEAX@Z 0000000180001d54 f i Totals.obj
 0001:00000d60       ?AddRef@?$CComObject@VCOPOSTotals@@@ATL@@WPI@EAAKXZ 0000000180001d60 f i Totals.obj
 0001:00000d6c       ?Release@?$CComObject@VCOPOSTotals@@@ATL@@WPI@EAAKXZ 0000000180001d6c f i Totals.obj
 0001:00000d78       ?QueryInterface@?$CComObject@VCOPOSTotals@@@ATL@@WBAA@EAAJAEBU_GUID@@PEAPEAX@Z 0000000180001d78 f i Totals.obj
 0001:00000d84       ?AddRef@?$CComObject@VCOPOSTotals@@@ATL@@WBAA@EAAKXZ 0000000180001d84 f i Totals.obj
 0001:00000d90       ?Release@?$CComObject@VCOPOSTotals@@@ATL@@WBAA@EAAKXZ 0000000180001d90 f i Totals.obj
 0001:00000d9c       ?QueryInterface@?$CComObject@VCOPOSTotals@@@ATL@@WBAI@EAAJAEBU_GUID@@PEAPEAX@Z 0000000180001d9c f i Totals.obj
 0001:00000da8       ?AddRef@?$CComObject@VCOPOSTotals@@@ATL@@WBAI@EAAKXZ 0000000180001da8 f i Totals.obj
 0001:00000db4       ?Release@?$CComObject@VCOPOSTotals@@@ATL@@WBAI@EAAKXZ 0000000180001db4 f i Totals.obj
 0001:00000dc0       ?QueryInterface@?$CComObject@VCOPOSTotals@@@ATL@@WBBA@EAAJAEBU_GUID@@PEAPEAX@Z 0000000180001dc0 f i Totals.obj
 0001:00000dcc       ?AddRef@?$CComObject@VCOPOSTotals@@@ATL@@WBBA@EAAKXZ 0000000180001dcc f i Totals.obj
 0001:00000dd8       ?Release@?$CComObject@VCOPOSTotals@@@ATL@@WBBA@EAAKXZ 0000000180001dd8 f i Totals.obj
 0001:00000de4       ?QueryInterface@?$CComObject@VCOPOSTotals@@@ATL@@WBBI@EAAJAEBU_GUID@@PEAPEAX@Z 0000000180001de4 f i Totals.obj
 0001:00000df0       ?AddRef@?$CComObject@VCOPOSTotals@@@ATL@@WBBI@EAAKXZ 0000000180001df0 f i Totals.obj
 0001:00000dfc       ?Release@?$CComObject@VCOPOSTotals@@@ATL@@WBBI@EAAKXZ 0000000180001dfc f i Totals.obj
 0001:00000e08       ?AddRef@?$CComObject@VCOPOSTotals@@@ATL@@WBCI@EAAKXZ 0000000180001e08 f i Totals.obj
 0001:00000e14       ?Release@?$CComObject@VCOPOSTotals@@@ATL@@WBCI@EAAKXZ 0000000180001e14 f i Totals.obj
 0001:00000e20       ?AddRef@?$CComObject@VCOPOSTotals@@@ATL@@WBEA@EAAKXZ 0000000180001e20 f i Totals.obj
 0001:00000e2c       ?Release@?$CComObject@VCOPOSTotals@@@ATL@@WBEA@EAAKXZ 0000000180001e2c f i Totals.obj
 0001:00000e38       ??_E?$CComContainedObject@VCOPOSTotals@@@ATL@@W7EAAPEAXI@Z 0000000180001e38 f i Totals.obj
 0001:00000e44       ??_E?$CComContainedObject@VCOPOSTotals@@@ATL@@WHA@EAAPEAXI@Z 0000000180001e44 f i Totals.obj
 0001:00000e50       ?QueryInterface@?$CComContainedObject@VCOPOSTotals@@@ATL@@WLI@EAAJAEBU_GUID@@PEAPEAX@Z 0000000180001e50 f i Totals.obj
 0001:00000e5c       ?AddRef@?$CComContainedObject@VCOPOSTotals@@@ATL@@WLI@EAAKXZ 0000000180001e5c f i Totals.obj
 0001:00000e68       ?Release@?$CComContainedObject@VCOPOSTotals@@@ATL@@WLI@EAAKXZ 0000000180001e68 f i Totals.obj
 0001:00000e74       ?QueryInterface@?$CComContainedObject@VCOPOSTotals@@@ATL@@WMA@EAAJAEBU_GUID@@PEAPEAX@Z 0000000180001e74 f i Totals.obj
 0001:00000e80       ?AddRef@?$CComContainedObject@VCOPOSTotals@@@ATL@@WMA@EAAKXZ 0000000180001e80 f i Totals.obj
 0001:00000e8c       ?Release@?$CComContainedObject@VCOPOSTotals@@@ATL@@WMA@EAAKXZ 0000000180001e8c f i Totals.obj
 0001:00000e98       ?QueryInterface@?$CComContainedObject@VCOPOSTotals@@@ATL@@WMI@EAAJAEBU_GUID@@PEAPEAX@Z 0000000180001e98 f i Totals.obj
 0001:00000ea4       ?AddRef@?$CComContainedObject@VCOPOSTotals@@@ATL@@WMI@EAAKXZ 0000000180001ea4 f i Totals.obj
 0001:00000eb0       ?Release@?$CComContainedObject@VCOPOSTotals@@@ATL@@WMI@EAAKXZ 0000000180001eb0 f i Totals.obj
 0001:00000ebc       ?QueryInterface@?$CComContainedObject@VCOPOSTotals@@@ATL@@WNA@EAAJAEBU_GUID@@PEAPEAX@Z 0000000180001ebc f i Totals.obj
 0001:00000ec8       ?AddRef@?$CComContainedObject@VCOPOSTotals@@@ATL@@WNA@EAAKXZ 0000000180001ec8 f i Totals.obj
 0001:00000ed4       ?Release@?$CComContainedObject@VCOPOSTotals@@@ATL@@WNA@EAAKXZ 0000000180001ed4 f i Totals.obj
 0001:00000ee0       ?QueryInterface@?$CComContainedObject@VCOPOSTotals@@@ATL@@WNI@EAAJAEBU_GUID@@PEAPEAX@Z 0000000180001ee0 f i Totals.obj
 0001:00000eec       ?AddRef@?$CComContainedObject@VCOPOSTotals@@@ATL@@WNI@EAAKXZ 0000000180001eec f i Totals.obj
 0001:00000ef8       ?Release@?$CComContainedObject@VCOPOSTotals@@@ATL@@WNI@EAAKXZ 0000000180001ef8 f i Totals.obj
 0001:00000f04       ?QueryInterface@?$CComContainedObject@VCOPOSTotals@@@ATL@@WOA@EAAJAEBU_GUID@@PEAPEAX@Z 0000000180001f04 f i Totals.obj
 0001:00000f10       ?AddRef@?$CComContainedObject@VCOPOSTotals@@@ATL@@WOA@EAAKXZ 0000000180001f10 f i Totals.obj
 0001:00000f1c       ?Release@?$CComContainedObject@VCOPOSTotals@@@ATL@@WOA@EAAKXZ 0000000180001f1c f i Totals.obj
 0001:00000f28       ?QueryInterface@?$CComContainedObject@VCOPOSTotals@@@ATL@@WOI@EAAJAEBU_GUID@@PEAPEAX@Z 0000000180001f28 f i Totals.obj
 0001:00000f34       ?AddRef@?$CComContainedObject@VCOPOSTotals@@@ATL@@WOI@EAAKXZ 0000000180001f34 f i Totals.obj
 0001:00000f40       ?Release@?$CComContainedObject@VCOPOSTotals@@@ATL@@WOI@EAAKXZ 0000000180001f40 f i Totals.obj
 0001:00000f4c       ?QueryInterface@?$CComContainedObject@VCOPOSTotals@@@ATL@@WPA@EAAJAEBU_GUID@@PEAPEAX@Z 0000000180001f4c f i Totals.obj
 0001:00000f58       ?AddRef@?$CComContainedObject@VCOPOSTotals@@@ATL@@WPA@EAAKXZ 0000000180001f58 f i Totals.obj
 0001:00000f64       ?Release@?$CComContainedObject@VCOPOSTotals@@@ATL@@WPA@EAAKXZ 0000000180001f64 f i Totals.obj
 0001:00000f70       ?QueryInterface@?$CComContainedObject@VCOPOSTotals@@@ATL@@WPI@EAAJAEBU_GUID@@PEAPEAX@Z 0000000180001f70 f i Totals.obj
 0001:00000f7c       ?AddRef@?$CComContainedObject@VCOPOSTotals@@@ATL@@WPI@EAAKXZ 0000000180001f7c f i Totals.obj
 0001:00000f88       ?Release@?$CComContainedObject@VCOPOSTotals@@@ATL@@WPI@EAAKXZ 0000000180001f88 f i Totals.obj
 0001:00000f94       ?QueryInterface@?$CComContainedObject@VCOPOSTotals@@@ATL@@WBAA@EAAJAEBU_GUID@@PEAPEAX@Z 0000000180001f94 f i Totals.obj
 0001:00000fa0       ?AddRef@?$CComContainedObject@VCOPOSTotals@@@ATL@@WBAA@EAAKXZ 0000000180001fa0 f i Totals.obj
 0001:00000fac       ?Release@?$CComContainedObject@VCOPOSTotals@@@ATL@@WBAA@EAAKXZ 0000000180001fac f i Totals.obj
 0001:00000fb8       ?QueryInterface@?$CComContainedObject@VCOPOSTotals@@@ATL@@WBAI@EAAJAEBU_GUID@@PEAPEAX@Z 0000000180001fb8 f i Totals.obj
 0001:00000fc4       ?AddRef@?$CComContainedObject@VCOPOSTotals@@@ATL@@WBAI@EAAKXZ 0000000180001fc4 f i Totals.obj
 0001:00000fd0       ?Release@?$CComContainedObject@VCOPOSTotals@@@ATL@@WBAI@EAAKXZ 0000000180001fd0 f i Totals.obj
 0001:00000fdc       ?QueryInterface@?$CComContainedObject@VCOPOSTotals@@@ATL@@WBBA@EAAJAEBU_GUID@@PEAPEAX@Z 0000000180001fdc f i Totals.obj
 0001:00000fe8       ?CreateInstance@CComClassFactory@ATL@@UEAAJPEAUIUnknown@@AEBU_GUID@@PEAPEAX@Z 0000000180001fe8 f i Totals.obj
 0001:00001048       ?AddRef@?$CComContainedObject@VCOPOSTotals@@@ATL@@WBBA@EAAKXZ 0000000180002048 f i Totals.obj
 0001:00001054       ?Release@?$CComContainedObject@VCOPOSTotals@@@ATL@@WBBA@EAAKXZ 0000000180002054 f i Totals.obj
 0001:00001060       ?LockServer@CComClassFactory@ATL@@UEAAJH@Z 0000000180002060 f i Totals.obj
 0001:00001084       ?QueryInterface@?$CComContainedObject@VCOPOSTotals@@@ATL@@WBBI@EAAJAEBU_GUID@@PEAPEAX@Z 0000000180002084 f i Totals.obj
 0001:00001090       ?AddRef@?$CComContainedObject@VCOPOSTotals@@@ATL@@WBBI@EAAKXZ 0000000180002090 f i Totals.obj
 0001:0000109c       ?Release@?$CComContainedObject@VCOPOSTotals@@@ATL@@WBBI@EAAKXZ 000000018000209c f i Totals.obj
 0001:000010a8       ?AddRef@?$CComContainedObject@VCOPOSTotals@@@ATL@@WBCI@EAAKXZ 00000001800020a8 f i Totals.obj
 0001:000010b4       ?Release@?$CComContainedObject@VCOPOSTotals@@@ATL@@WBCI@EAAKXZ 00000001800020b4 f i Totals.obj
 0001:000010c0       ?AddRef@?$CComContainedObject@VCOPOSTotals@@@ATL@@WBEA@EAAKXZ 00000001800020c0 f i Totals.obj
 0001:000010cc       ?Release@?$CComContainedObject@VCOPOSTotals@@@ATL@@WBEA@EAAKXZ 00000001800020cc f i Totals.obj
 0001:000010d8       ??_ECComClassFactory@ATL@@UEAAPEAXI@Z 00000001800020d8 f i Totals.obj
 0001:000010d8       ??_GCComClassFactory@ATL@@UEAAPEAXI@Z 00000001800020d8 f i Totals.obj
 0001:00001128       ?GetWindowProc@?$CWindowImplBaseT@VCWindow@ATL@@V?$CWinTraits@$0FGAAAAAA@$0A@@2@@ATL@@UEAAP6A_JPEAUHWND__@@I_K_J@ZXZ 0000000180002128 f i Totals.obj
 0001:00001130       ?StartWindowProc@?$CWindowImplBaseT@VCWindow@ATL@@V?$CWinTraits@$0FGAAAAAA@$0A@@2@@ATL@@SA_JPEAUHWND__@@I_K_J@Z 0000000180002130 f i Totals.obj
 0001:000011e4       ?GetTypeInfoCount@?$IDispatchImpl@UIOPOSTotals@@$1?IID_IOPOSTotals@@3U_GUID@@B$1?LIBID_OposTotals_CCO@@3U3@B$00$0A@VCComTypeInfoHolder@ATL@@@ATL@@UEAAJPEAI@Z 00000001800021e4 f i Totals.obj
 0001:000011f8       ?GetTypeInfo@?$IDispatchImpl@UIOPOSTotals@@$1?IID_IOPOSTotals@@3U_GUID@@B$1?LIBID_OposTotals_CCO@@3U3@B$00$0A@VCComTypeInfoHolder@ATL@@@ATL@@UEAAJIKPEAPEAUITypeInfo@@@Z 00000001800021f8 f i Totals.obj
 0001:0000125c       ?GetIDsOfNames@?$IDispatchImpl@UIOPOSTotals@@$1?IID_IOPOSTotals@@3U_GUID@@B$1?LIBID_OposTotals_CCO@@3U3@B$00$0A@VCComTypeInfoHolder@ATL@@@ATL@@UEAAJAEBU_GUID@@PEAPEA_WIKPEAJ@Z 000000018000225c f i Totals.obj
 0001:00001268       ?Invoke@?$IDispatchImpl@UIOPOSTotals@@$1?IID_IOPOSTotals@@3U_GUID@@B$1?LIBID_OposTotals_CCO@@3U3@B$00$0A@VCComTypeInfoHolder@ATL@@@ATL@@UEAAJJAEBU_GUID@@KGPEAUtagDISPPARAMS@@PEAUtagVARIANT@@PEAUtagEXCEPINFO@@PEAI@Z 0000000180002268 f i Totals.obj
 0001:000012f8       ?CreateControlWindow@?$CComControl@VCOPOSTotals@@V?$CWindowImpl@VCOPOSTotals@@VCWindow@ATL@@V?$CWinTraits@$0FGAAAAAA@$0A@@3@@ATL@@@ATL@@UEAAPEAUHWND__@@PEAU3@AEAUtagRECT@@@Z 00000001800022f8 f i Totals.obj
 0001:00001330       ?ControlQueryInterface@?$CComControl@VCOPOSTotals@@V?$CWindowImpl@VCOPOSTotals@@VCWindow@ATL@@V?$CWinTraits@$0FGAAAAAA@$0A@@3@@ATL@@@ATL@@UEAAJAEBU_GUID@@PEAPEAX@Z 0000000180002330 f i Totals.obj
 0001:00001344       ?GetClassID@?$IPersistStorageImpl@VCOPOSTotals@@@ATL@@UEAAJPEAU_GUID@@@Z 0000000180002344 f i Totals.obj
 0001:00001344       ?GetUserClassID@?$IOleObjectImpl@VCOPOSTotals@@@ATL@@UEAAJPEAU_GUID@@@Z 0000000180002344 f i Totals.obj
 0001:00001344       ?GetClassID@?$IPersistStreamInitImpl@VCOPOSTotals@@@ATL@@UEAAJPEAU_GUID@@@Z 0000000180002344 f i Totals.obj
 0001:00001360       ?IsDirty@?$IPersistStreamInitImpl@VCOPOSTotals@@@ATL@@UEAAJXZ 0000000180002360 f i Totals.obj
 0001:0000137c       ?Load@?$IPersistStreamInitImpl@VCOPOSTotals@@@ATL@@UEAAJPEAUIStream@@@Z 000000018000237c f i Totals.obj
 0001:00001394       ?Save@?$IPersistStreamInitImpl@VCOPOSTotals@@@ATL@@UEAAJPEAUIStream@@H@Z 0000000180002394 f i Totals.obj
 0001:000013ac       ?GetSizeMax@?$IPersistStreamInitImpl@VCOPOSTotals@@@ATL@@UEAAJPEAT_ULARGE_INTEGER@@@Z 00000001800023ac f i Totals.obj
 0001:000015d0       ?InitNew@?$IPersistStreamInitImpl@VCOPOSTotals@@@ATL@@UEAAJXZ 00000001800025d0 f i Totals.obj
 0001:000015e8       ?QueryInterface@CRegObject@ATL@@UEAAJAEBU_GUID@@PEAPEAX@Z 00000001800025e8 f i Totals.obj
 0001:000015e8       ?Freeze@?$IViewObjectExImpl@VCOPOSTotals@@@ATL@@UEAAJKJPEAXPEAK@Z 00000001800025e8 f i Totals.obj
 0001:000015e8       ?SetMoniker@?$IOleObjectImpl@VCOPOSTotals@@@ATL@@UEAAJKPEAUIMoniker@@@Z 00000001800025e8 f i Totals.obj
 0001:000015e8       ?ContextSensitiveHelp@?$IOleInPlaceActiveObjectImpl@VCOPOSTotals@@@ATL@@UEAAJH@Z 00000001800025e8 f i Totals.obj
 0001:000015e8       ?InitFromData@?$IOleObjectImpl@VCOPOSTotals@@@ATL@@UEAAJPEAUIDataObject@@HK@Z 00000001800025e8 f i Totals.obj
 0001:000015e8       ?QueryGetData@?$IDataObjectImpl@VCOPOSTotals@@@ATL@@UEAAJPEAUtagFORMATETC@@@Z 00000001800025e8 f i Totals.obj
 0001:000015e8       ?OnMnemonic@?$IOleControlImpl@VCOPOSTotals@@@ATL@@UEAAJPEAUtagMSG@@@Z 00000001800025e8 f i Totals.obj
 0001:000015e8       ?GetClipboardData@?$IOleObjectImpl@VCOPOSTotals@@@ATL@@UEAAJKPEAPEAUIDataObject@@@Z 00000001800025e8 f i Totals.obj
 0001:000015e8       ?SetData@?$IDataObjectImpl@VCOPOSTotals@@@ATL@@UEAAJPEAUtagFORMATETC@@PEAUtagSTGMEDIUM@@H@Z 00000001800025e8 f i Totals.obj
 0001:000015e8       ?SODataDummy@COPOSTotals@@MEAAJJ@Z 00000001800025e8 f i Totals.obj
 0001:000015e8       ?SetColorScheme@?$IOleObjectImpl@VCOPOSTotals@@@ATL@@UEAAJPEAUtagLOGPALETTE@@@Z 00000001800025e8 f i Totals.obj
 0001:000015e8       ?GetColorSet@?$IViewObjectExImpl@VCOPOSTotals@@@ATL@@UEAAJKJPEAXPEAUtagDVTARGETDEVICE@@PEAUHDC__@@PEAPEAUtagLOGPALETTE@@@Z 00000001800025e8 f i Totals.obj
 0001:000015e8       ?GetDropTarget@?$IOleInPlaceObjectWindowlessImpl@VCOPOSTotals@@@ATL@@UEAAJPEAPEAUIDropTarget@@@Z 00000001800025e8 f i Totals.obj
 0001:000015e8       ?SOErrorDummy@COPOSTotals@@MEAAJJJJPEAJ@Z 00000001800025e8 f i Totals.obj
 0001:000015e8       ?GetRect@?$IViewObjectExImpl@VCOPOSTotals@@@ATL@@UEAAJKPEAU_RECTL@@@Z 00000001800025e8 f i Totals.obj
 0001:000015e8       ?GetDataHere@?$IDataObjectImpl@VCOPOSTotals@@@ATL@@UEAAJPEAUtagFORMATETC@@PEAUtagSTGMEDIUM@@@Z 00000001800025e8 f i Totals.obj
 0001:000015e8       ?ContextSensitiveHelp@?$IOleInPlaceObjectWindowlessImpl@VCOPOSTotals@@@ATL@@UEAAJH@Z 00000001800025e8 f i Totals.obj
 0001:000015e8       ?GetControlInfo@?$IOleControlImpl@VCOPOSTotals@@@ATL@@UEAAJPEAUtagCONTROLINFO@@@Z 00000001800025e8 f i Totals.obj
 0001:000015e8       ?Unfreeze@?$IViewObjectExImpl@VCOPOSTotals@@@ATL@@UEAAJK@Z 00000001800025e8 f i Totals.obj
 0001:000015e8       ?EnumFormatEtc@?$IDataObjectImpl@VCOPOSTotals@@@ATL@@UEAAJKPEAPEAUIEnumFORMATETC@@@Z 00000001800025e8 f i Totals.obj
 0001:000015e8       ?ReactivateAndUndo@?$IOleInPlaceObjectWindowlessImpl@VCOPOSTotals@@@ATL@@UEAAJXZ 00000001800025e8 f i Totals.obj
 0001:000015e8       ?GetCanonicalFormatEtc@?$IDataObjectImpl@VCOPOSTotals@@@ATL@@UEAAJPEAUtagFORMATETC@@0@Z 00000001800025e8 f i Totals.obj
 0001:000015e8       ?SOOutputCompleteDummy@COPOSTotals@@MEAAJJ@Z 00000001800025e8 f i Totals.obj
 0001:000015e8       ?GetMoniker@?$IOleObjectImpl@VCOPOSTotals@@@ATL@@UEAAJKKPEAPEAUIMoniker@@@Z 00000001800025e8 f i Totals.obj
 0001:000015f0       ?SetClientSite@?$IOleObjectImpl@VCOPOSTotals@@@ATL@@UEAAJPEAUIOleClientSite@@@Z 00000001800025f0 f i Totals.obj
 0001:0000160c       ?GetClientSite@?$IOleObjectImpl@VCOPOSTotals@@@ATL@@UEAAJPEAPEAUIOleClientSite@@@Z 000000018000260c f i Totals.obj
 0001:00001654       ?Close@?$IOleObjectImpl@VCOPOSTotals@@@ATL@@UEAAJK@Z 0000000180002654 f i Totals.obj
 0001:00001670       ?DoVerb@?$IOleObjectImpl@VCOPOSTotals@@@ATL@@UEAAJJPEAUtagMSG@@PEAUIOleClientSite@@JPEAUHWND__@@PEBUtagRECT@@@Z 0000000180002670 f i Totals.obj
 0001:00001814       ?EnumVerbs@?$IOleObjectImpl@VCOPOSTotals@@@ATL@@UEAAJPEAPEAUIEnumOLEVERB@@@Z 0000000180002814 f i Totals.obj
 0001:00001830       ?GetUserType@?$IOleObjectImpl@VCOPOSTotals@@@ATL@@UEAAJKPEAPEA_W@Z 0000000180002830 f i Totals.obj
 0001:00001840       ?SetExtent@?$IOleObjectImpl@VCOPOSTotals@@@ATL@@UEAAJKPEAUtagSIZE@@@Z 0000000180002840 f i Totals.obj
 0001:0000185c       ?GetExtent@?$IOleObjectImpl@VCOPOSTotals@@@ATL@@UEAAJKPEAUtagSIZE@@@Z 000000018000285c f i Totals.obj
 0001:0000188c       ?Advise@?$IOleObjectImpl@VCOPOSTotals@@@ATL@@UEAAJPEAUIAdviseSink@@PEAK@Z 000000018000288c f i Totals.obj
 0001:000018e8       ?Unadvise@?$IOleObjectImpl@VCOPOSTotals@@@ATL@@UEAAJK@Z 00000001800028e8 f i Totals.obj
 0001:00001920       ?EnumAdvise@?$IOleObjectImpl@VCOPOSTotals@@@ATL@@UEAAJPEAPEAUIEnumSTATDATA@@@Z 0000000180002920 f i Totals.obj
 0001:00001968       ?GetMiscStatus@?$IOleObjectImpl@VCOPOSTotals@@@ATL@@UEAAJKPEAK@Z 0000000180002968 f i Totals.obj
 0001:00001978       ?GetWindow@?$IOleInPlaceActiveObjectImpl@VCOPOSTotals@@@ATL@@UEAAJPEAPEAUHWND__@@@Z 0000000180002978 f i Totals.obj
 0001:000019cc       ?TranslateAcceleratorW@?$IOleInPlaceActiveObjectImpl@VCOPOSTotals@@@ATL@@UEAAJPEAUtagMSG@@@Z 00000001800029cc f i Totals.obj
 0001:00001ac0       ?OnDocWindowActivate@?$IOleInPlaceActiveObjectImpl@VCOPOSTotals@@@ATL@@UEAAJH@Z 0000000180002ac0 f i Totals.obj
 0001:00001aec       ?Draw@?$IViewObjectExImpl@VCOPOSTotals@@@ATL@@UEAAJKJPEAXPEAUtagDVTARGETDEVICE@@PEAUHDC__@@2PEBU_RECTL@@3P6AH_K@Z4@Z 0000000180002aec f i Totals.obj
 0001:00001b50       ?SetAdvise@?$IViewObjectExImpl@VCOPOSTotals@@@ATL@@UEAAJKKPEAUIAdviseSink@@@Z 0000000180002b50 f i Totals.obj
 0001:00001ba4       ?GetAdvise@?$IViewObjectExImpl@VCOPOSTotals@@@ATL@@UEAAJPEAK0PEAPEAUIAdviseSink@@@Z 0000000180002ba4 f i Totals.obj
 0001:00001be0       ?GetExtent@?$IViewObjectExImpl@VCOPOSTotals@@@ATL@@UEAAJKJPEAUtagDVTARGETDEVICE@@PEAUtagSIZE@@@Z 0000000180002be0 f i Totals.obj
 0001:00001c10       ?GetViewStatus@?$IViewObjectExImpl@VCOPOSTotals@@@ATL@@UEAAJPEAK@Z 0000000180002c10 f i Totals.obj
 0001:00001c24       ?QueryHitPoint@?$IViewObjectExImpl@VCOPOSTotals@@@ATL@@UEAAJKPEBUtagRECT@@UtagPOINT@@JPEAK@Z 0000000180002c24 f i Totals.obj
 0001:00001c68       ?QueryHitRect@?$IViewObjectExImpl@VCOPOSTotals@@@ATL@@UEAAJKPEBUtagRECT@@0JPEAK@Z 0000000180002c68 f i Totals.obj
 0001:00001cd0       ?GetNaturalExtent@?$IViewObjectExImpl@VCOPOSTotals@@@ATL@@UEAAJKJPEAUtagDVTARGETDEVICE@@PEAUHDC__@@PEAUtagExtentInfo@@PEAUtagSIZE@@@Z 0000000180002cd0 f i Totals.obj
 0001:00001d18       ?GetWindow@?$IOleInPlaceObjectWindowlessImpl@VCOPOSTotals@@@ATL@@UEAAJPEAPEAUHWND__@@@Z 0000000180002d18 f i Totals.obj
 0001:00001d6c       ?InPlaceDeactivate@?$IOleInPlaceObjectWindowlessImpl@VCOPOSTotals@@@ATL@@UEAAJXZ 0000000180002d6c f i Totals.obj
 0001:00001d88       ?UIDeactivate@?$IOleInPlaceObjectWindowlessImpl@VCOPOSTotals@@@ATL@@UEAAJXZ 0000000180002d88 f i Totals.obj
 0001:00001da4       ?SetObjectRects@?$IOleInPlaceObjectWindowlessImpl@VCOPOSTotals@@@ATL@@UEAAJPEBUtagRECT@@0@Z 0000000180002da4 f i Totals.obj
 0001:00001dc0       ?OnWindowMessage@?$IOleInPlaceObjectWindowlessImpl@VCOPOSTotals@@@ATL@@UEAAJI_K_JPEA_J@Z 0000000180002dc0 f i Totals.obj
 0001:00001e88       ?EnumConnectionPoints@?$IConnectionPointContainerImpl@VCOPOSTotals@@@ATL@@UEAAJPEAPEAUIEnumConnectionPoints@@@Z 0000000180002e88 f i Totals.obj
 0001:000020d0       ?FindConnectionPoint@?$IConnectionPointContainerImpl@VCOPOSTotals@@@ATL@@UEAAJAEBU_GUID@@PEAPEAUIConnectionPoint@@@Z 00000001800030d0 f i Totals.obj
 0001:000021a0       ?IsDirty@?$IPersistStorageImpl@VCOPOSTotals@@@ATL@@UEAAJXZ 00000001800031a0 f i Totals.obj
 0001:000021e0       ?InitNew@?$IPersistStorageImpl@VCOPOSTotals@@@ATL@@UEAAJPEAUIStorage@@@Z 00000001800031e0 f i Totals.obj
 0001:00002220       ?Load@?$IPersistStorageImpl@VCOPOSTotals@@@ATL@@UEAAJPEAUIStorage@@@Z 0000000180003220 f i Totals.obj
 0001:000022c0       ?Save@?$IPersistStorageImpl@VCOPOSTotals@@@ATL@@UEAAJPEAUIStorage@@H@Z 00000001800032c0 f i Totals.obj
 0001:00002370       ?GetPages@?$ISpecifyPropertyPagesImpl@VCOPOSTotals@@@ATL@@UEAAJPEAUtagCAUUID@@@Z 0000000180003370 f i Totals.obj
 0001:0000237c       ?QuickActivate@?$IQuickActivateImpl@VCOPOSTotals@@@ATL@@UEAAJPEAUtagQACONTAINER@@PEAUtagQACONTROL@@@Z 000000018000337c f i Totals.obj
 0001:00002398       ?SetContentExtent@?$IQuickActivateImpl@VCOPOSTotals@@@ATL@@UEAAJPEAUtagSIZE@@@Z 0000000180003398 f i Totals.obj
 0001:000023cc       ?GetContentExtent@?$IQuickActivateImpl@VCOPOSTotals@@@ATL@@UEAAJPEAUtagSIZE@@@Z 00000001800033cc f i Totals.obj
 0001:00002404       ?GetData@?$IDataObjectImpl@VCOPOSTotals@@@ATL@@UEAAJPEAUtagFORMATETC@@PEAUtagSTGMEDIUM@@@Z 0000000180003404 f i Totals.obj
 0001:00002420       ?DAdvise@?$IDataObjectImpl@VCOPOSTotals@@@ATL@@UEAAJPEAUtagFORMATETC@@KPEAUIAdviseSink@@PEAK@Z 0000000180003420 f i Totals.obj
 0001:000024a8       ?DUnadvise@?$IDataObjectImpl@VCOPOSTotals@@@ATL@@UEAAJK@Z 00000001800034a8 f i Totals.obj
 0001:000024d4       ?EnumDAdvise@?$IDataObjectImpl@VCOPOSTotals@@@ATL@@UEAAJPEAPEAUIEnumSTATDATA@@@Z 00000001800034d4 f i Totals.obj
 0001:00002510       ?GetClassInfoW@?$IProvideClassInfo2Impl@$1?CLSID_OPOSTotals@@3U_GUID@@B$1?DIID__IOPOSTotalsEvents@@3U2@B$1?LIBID_OposTotals_CCO@@3U2@B$00$0A@VCComTypeInfoHolder@ATL@@@ATL@@UEAAJPEAPEAUITypeInfo@@@Z 0000000180003510 f i Totals.obj
 0001:00002568       ?GetGUID@?$IProvideClassInfo2Impl@$1?CLSID_OPOSTotals@@3U_GUID@@B$1?DIID__IOPOSTotalsEvents@@3U2@B$1?LIBID_OposTotals_CCO@@3U2@B$00$0A@VCComTypeInfoHolder@ATL@@@ATL@@UEAAJKPEAU_GUID@@@Z 0000000180003568 f i Totals.obj
 0001:0000259c       ?FAccessAllowed@?$IObjectSafetyImpl@VCOPOSTotals@@$02@ATL@@MEAAHXZ 000000018000359c f i Totals.obj
 0001:0000259c       ?AddRef@CRegObject@ATL@@UEAAKXZ 000000018000359c f i Totals.obj
 0001:0000259c       _get_startup_argv_mode     000000018000359c f i LIBCMT:argv_mode.obj
 0001:000025a4       ?GetInterfaceSafetyOptions@?$IObjectSafetyImpl@VCOPOSTotals@@$02@ATL@@UEAAJAEBU_GUID@@PEAK1@Z 00000001800035a4 f i Totals.obj
 0001:00002638       ?SetInterfaceSafetyOptions@?$IObjectSafetyImpl@VCOPOSTotals@@$02@ATL@@UEAAJAEBU_GUID@@KK@Z 0000000180003638 f i Totals.obj
 0001:000026dc       ?_LocCPQueryInterface@?$IConnectionPointImpl@VCOPOSTotals@@$1?DIID__IOPOSTotalsEvents@@3U_GUID@@BVCComDynamicUnkArray@ATL@@@ATL@@UEAAJAEBU_GUID@@PEAPEAX@Z 00000001800036dc f i Totals.obj
 0001:000026dc       ?_LocCPQueryInterface@?$IConnectionPointImpl@VCOPOSTotals@@$1?IID_IPropertyNotifySink@@3U_GUID@@BVCComDynamicUnkArray@ATL@@@ATL@@UEAAJAEBU_GUID@@PEAPEAX@Z 00000001800036dc f i Totals.obj
 0001:00002750       ?GetConnectionInterface@?$IConnectionPointImpl@VCOPOSTotals@@$1?IID_IPropertyNotifySink@@3U_GUID@@BVCComDynamicUnkArray@ATL@@@ATL@@UEAAJPEAU_GUID@@@Z 0000000180003750 f i Totals.obj
 0001:0000276c       ?GetConnectionPointContainer@?$IConnectionPointImpl@VCOPOSTotals@@$1?IID_IPropertyNotifySink@@3U_GUID@@BVCComDynamicUnkArray@ATL@@@ATL@@UEAAJPEAPEAUIConnectionPointContainer@@@Z 000000018000376c f i Totals.obj
 0001:0000278c       ?Advise@?$IConnectionPointImpl@VCOPOSTotals@@$1?IID_IPropertyNotifySink@@3U_GUID@@BVCComDynamicUnkArray@ATL@@@ATL@@UEAAJPEAUIUnknown@@PEAK@Z 000000018000378c f i Totals.obj
 0001:0000278c       ?Advise@?$IConnectionPointImpl@VCOPOSTotals@@$1?DIID__IOPOSTotalsEvents@@3U_GUID@@BVCComDynamicUnkArray@ATL@@@ATL@@UEAAJPEAUIUnknown@@PEAK@Z 000000018000378c f i Totals.obj
 0001:00002848       ?Unadvise@?$IConnectionPointImpl@VCOPOSTotals@@$1?DIID__IOPOSTotalsEvents@@3U_GUID@@BVCComDynamicUnkArray@ATL@@@ATL@@UEAAJK@Z 0000000180003848 f i Totals.obj
 0001:00002848       ?Unadvise@?$IConnectionPointImpl@VCOPOSTotals@@$1?IID_IPropertyNotifySink@@3U_GUID@@BVCComDynamicUnkArray@ATL@@@ATL@@UEAAJK@Z 0000000180003848 f i Totals.obj
 0001:000028b0       ?EnumConnections@?$IConnectionPointImpl@VCOPOSTotals@@$1?IID_IPropertyNotifySink@@3U_GUID@@BVCComDynamicUnkArray@ATL@@@ATL@@UEAAJPEAPEAUIEnumConnections@@@Z 00000001800038b0 f i Totals.obj
 0001:000028b0       ?EnumConnections@?$IConnectionPointImpl@VCOPOSTotals@@$1?DIID__IOPOSTotalsEvents@@3U_GUID@@BVCComDynamicUnkArray@ATL@@@ATL@@UEAAJPEAPEAUIEnumConnections@@@Z 00000001800038b0 f i Totals.obj
 0001:00002a44       ?GetConnectionInterface@?$IConnectionPointImpl@VCOPOSTotals@@$1?DIID__IOPOSTotalsEvents@@3U_GUID@@BVCComDynamicUnkArray@ATL@@@ATL@@UEAAJPEAU_GUID@@@Z 0000000180003a44 f i Totals.obj
 0001:00002a60       ?GetConnectionPointContainer@?$IConnectionPointImpl@VCOPOSTotals@@$1?DIID__IOPOSTotalsEvents@@3U_GUID@@BVCComDynamicUnkArray@ATL@@@ATL@@UEAAJPEAPEAUIConnectionPointContainer@@@Z 0000000180003a60 f i Totals.obj
 0001:00002a80       ?Lock@CAtlModule@ATL@@UEAAJXZ 0000000180003a80 f i Totals.obj
 0001:00002a90       ?Unlock@CAtlModule@ATL@@UEAAJXZ 0000000180003a90 f i Totals.obj
 0001:00002a9c       ?GetLockCount@CAtlModule@ATL@@UEAAJXZ 0000000180003a9c f i Totals.obj
 0001:00002aa0       ?GetGITPtr@CAtlModule@ATL@@UEAAJPEAPEAUIGlobalInterfaceTable@@@Z 0000000180003aa0 f i Totals.obj
 0001:00002b10       ?UpdateRegistry@COPOSTotals@@SAJH@Z 0000000180003b10 f i Totals.obj
 0001:00002b28       ?ProcessWindowMessage@COPOSTotals@@UEAAHPEAUHWND__@@I_K_JAEA_JK@Z 0000000180003b28 f i Totals.obj
 0001:00002bb8       ?SODirectIO@COPOSTotals@@MEAAJJPEAJPEAPEA_W@Z 0000000180003bb8 f i Totals.obj
 0001:00002c30       ?SOStatusUpdate@COPOSTotals@@MEAAJJ@Z 0000000180003c30 f i Totals.obj
 0001:00002c80       ?AddCommonRGSReplacements@?$CAtlModuleT@VCComModule@ATL@@@ATL@@UEAAJPEAUIRegistrarBase@@@Z 0000000180003c80 f i Totals.obj
 0001:00002c98       ?UpdateRegistryFromResourceD@CComModule@ATL@@UEAAJPEB_WHPEAU_ATL_REGMAP_ENTRY@2@@Z 0000000180003c98 f i Totals.obj
 0001:00002c98       ?UpdateRegistryFromResourceD@CComModule@ATL@@UEAAJIHPEAU_ATL_REGMAP_ENTRY@2@@Z 0000000180003c98 f i Totals.obj
 0001:00002ca0       ?UpdateRegistryFromResource@CComModule@ATL@@UEAAJPEB_WHPEAU_ATL_REGMAP_ENTRY@2@@Z 0000000180003ca0 f i Totals.obj
 0001:00002ca8       ?UpdateRegistryFromResource@CComModule@ATL@@UEAAJIHPEAU_ATL_REGMAP_ENTRY@2@@Z 0000000180003ca8 f i Totals.obj
 0001:00002cb0       ??_ECComModule@ATL@@UEAAPEAXI@Z 0000000180003cb0 f i Totals.obj
 0001:00002cb0       ??_GCComModule@ATL@@UEAAPEAXI@Z 0000000180003cb0 f i Totals.obj
 0001:00002cf0       ?CreateInstance@?$CComCreator@V?$CComObjectCached@VCComClassFactory@ATL@@@ATL@@@ATL@@SAJPEAXAEBU_GUID@@PEAPEAX@Z 0000000180003cf0 f i Totals.obj
 0001:00002e14       ?CreateInstance@?$CComCreator2@V?$CComCreator@V?$CComObject@VCOPOSTotals@@@ATL@@@ATL@@V?$CComCreator@V?$CComAggObject@VCOPOSTotals@@@ATL@@@2@@ATL@@SAJPEAXAEBU_GUID@@PEAPEAX@Z 0000000180003e14 f i Totals.obj
 0001:00002e24       ?AddRef@?$CComObjectCached@VCComClassFactory@ATL@@@ATL@@UEAAKXZ 0000000180003e24 f i Totals.obj
 0001:00002e50       ?Release@?$CComObjectCached@VCComClassFactory@ATL@@@ATL@@UEAAKXZ 0000000180003e50 f i Totals.obj
 0001:00002e90       ?QueryInterface@?$CComObjectCached@VCComClassFactory@ATL@@@ATL@@UEAAJAEBU_GUID@@PEAPEAX@Z 0000000180003e90 f i Totals.obj
 0001:00002ea4       ??_E?$CComObjectCached@VCComClassFactory@ATL@@@ATL@@UEAAPEAXI@Z 0000000180003ea4 f i Totals.obj
 0001:00002ea4       ??_G?$CComObjectCached@VCComClassFactory@ATL@@@ATL@@UEAAPEAXI@Z 0000000180003ea4 f i Totals.obj
 0001:00002efc       ?Next@?$CComEnumImpl@UIEnumConnectionPoints@@$1?_GUID_b196b285_bab4_101a_b69c_00aa00341d07@@3U__s_GUID@@BPEAUIConnectionPoint@@V?$_CopyInterface@UIConnectionPoint@@@ATL@@@ATL@@UEAAJKPEAPEAUIConnectionPoint@@PEAK@Z 0000000180003efc f i Totals.obj
 0001:00002fc0       ?Skip@?$CComEnumImpl@UIEnumConnectionPoints@@$1?_GUID_b196b285_bab4_101a_b69c_00aa00341d07@@3U__s_GUID@@BPEAUIConnectionPoint@@V?$_CopyInterface@UIConnectionPoint@@@ATL@@@ATL@@UEAAJK@Z 0000000180003fc0 f i Totals.obj
 0001:00002fec       ?Clone@?$CComEnumImpl@UIEnumConnectionPoints@@$1?_GUID_b196b285_bab4_101a_b69c_00aa00341d07@@3U__s_GUID@@BPEAUIConnectionPoint@@V?$_CopyInterface@UIConnectionPoint@@@ATL@@@ATL@@UEAAJPEAPEAUIEnumConnectionPoints@@@Z 0000000180003fec f i Totals.obj
 0001:00003118       ?QueryInterface@?$CComObject@V?$CComEnum@UIEnumConnectionPoints@@$1?_GUID_b196b285_bab4_101a_b69c_00aa00341d07@@3U__s_GUID@@BPEAUIConnectionPoint@@V?$_CopyInterface@UIConnectionPoint@@@ATL@@VCComSingleThreadModel@6@@ATL@@@ATL@@UEAAJAEBU_GUID@@PEAPEAX@Z 0000000180004118 f i Totals.obj
 0001:0000312c       ??_G?$CComObject@V?$CComEnum@UIEnumConnectionPoints@@$1?_GUID_b196b285_bab4_101a_b69c_00aa00341d07@@3U__s_GUID@@BPEAUIConnectionPoint@@V?$_CopyInterface@UIConnectionPoint@@@ATL@@VCComSingleThreadModel@6@@ATL@@@ATL@@UEAAPEAXI@Z 000000018000412c f i Totals.obj
 0001:0000312c       ??_E?$CComObject@V?$CComEnum@UIEnumConnectionPoints@@$1?_GUID_b196b285_bab4_101a_b69c_00aa00341d07@@3U__s_GUID@@BPEAUIConnectionPoint@@V?$_CopyInterface@UIConnectionPoint@@@ATL@@VCComSingleThreadModel@6@@ATL@@@ATL@@UEAAPEAXI@Z 000000018000412c f i Totals.obj
 0001:00003184       ?AddReplacement@CRegObject@ATL@@UEAAJPEB_W0@Z 0000000180004184 f i Totals.obj
 0001:000031b4       ?ClearReplacements@CRegObject@ATL@@UEAAJXZ 00000001800041b4 f i Totals.obj
 0001:000031c0       ??_ECRegObject@ATL@@UEAAPEAXI@Z 00000001800041c0 f i Totals.obj
 0001:000031c0       ??_GCRegObject@ATL@@UEAAPEAXI@Z 00000001800041c0 f i Totals.obj
 0001:00003240       ?AddRef@?$CComAggObject@VCOPOSTotals@@@ATL@@UEAAKXZ 0000000180004240 f i Totals.obj
 0001:0000324c       ?Release@?$CComAggObject@VCOPOSTotals@@@ATL@@UEAAKXZ 000000018000424c f i Totals.obj
 0001:000032a0       ?QueryInterface@?$CComAggObject@VCOPOSTotals@@@ATL@@UEAAJAEBU_GUID@@PEAPEAX@Z 00000001800042a0 f i Totals.obj
 0001:00003300       ?AddRef@?$CComContainedObject@VCOPOSTotals@@@ATL@@UEAAKXZ 0000000180004300 f i Totals.obj
 0001:00003310       ?Release@?$CComContainedObject@VCOPOSTotals@@@ATL@@UEAAKXZ 0000000180004310 f i Totals.obj
 0001:00003320       ?QueryInterface@?$CComContainedObject@VCOPOSTotals@@@ATL@@UEAAJAEBU_GUID@@PEAPEAX@Z 0000000180004320 f i Totals.obj
 0001:00003330       ??_E?$CComAggObject@VCOPOSTotals@@@ATL@@UEAAPEAXI@Z 0000000180004330 f i Totals.obj
 0001:00003330       ??_G?$CComAggObject@VCOPOSTotals@@@ATL@@UEAAPEAXI@Z 0000000180004330 f i Totals.obj
 0001:00003388       ?AddRef@?$CComObject@VCOPOSTotals@@@ATL@@UEAAKXZ 0000000180004388 f i Totals.obj
 0001:00003398       ?Release@?$CComObject@VCOPOSTotals@@@ATL@@UEAAKXZ 0000000180004398 f i Totals.obj
 0001:000033f0       ?QueryInterface@?$CComObject@VCOPOSTotals@@@ATL@@UEAAJAEBU_GUID@@PEAPEAX@Z 00000001800043f0 f i Totals.obj
 0001:00003404       ?OnDrawAdvanced@CComControlBase@ATL@@UEAAJAEAUATL_DRAWINFO@@@Z 0000000180004404 f i Totals.obj
 0001:00003590       ??$AtlModuleRegisterWndClassInfoT@VAtlModuleRegisterWndClassInfoParamW@ATL@@@ATL@@YAGPEAU_ATL_BASE_MODULE70@0@PEAU_ATL_WIN_MODULE70@0@PEAU_ATL_WNDCLASSINFOW@0@PEAP6A_JPEAUHWND__@@I_K_J@ZVAtlModuleRegisterWndClassInfoParamW@0@@Z 0000000180004590 f i Totals.obj
 0001:00003790       ??0?$CComContainedObject@VCOPOSTotals@@@ATL@@QEAA@PEAX@Z 0000000180004790 f i Totals.obj
 0001:000038ac       ??0?$CComObject@VCOPOSTotals@@@ATL@@QEAA@PEAX@Z 00000001800048ac f i Totals.obj
 0001:000039c4       ??0CAtlModule@ATL@@QEAA@XZ 00000001800049c4 f i Totals.obj
 0001:00003a38       ??1?$CComEnumImpl@UIEnumConnectionPoints@@$1?_GUID_b196b285_bab4_101a_b69c_00aa00341d07@@3U__s_GUID@@BPEAUIConnectionPoint@@V?$_CopyInterface@UIConnectionPoint@@@ATL@@@ATL@@UEAA@XZ 0000000180004a38 f i Totals.obj
 0001:00003a90       ??1?$CComEnumImpl@UIEnumConnections@@$1?_GUID_b196b287_bab4_101a_b69c_00aa00341d07@@3U__s_GUID@@BUtagCONNECTDATA@@V?$_Copy@UtagCONNECTDATA@@@ATL@@@ATL@@UEAA@XZ 0000000180004a90 f i Totals.obj
 0001:00003ae8       ??1?$CComObject@VCOPOSTotals@@@ATL@@UEAA@XZ 0000000180004ae8 f i Totals.obj
 0001:00003c08       ??_G?$CComContainedObject@VCOPOSTotals@@@ATL@@UEAAPEAXI@Z 0000000180004c08 f i Totals.obj
 0001:00003c08       ??_E?$CComContainedObject@VCOPOSTotals@@@ATL@@UEAAPEAXI@Z 0000000180004c08 f i Totals.obj
 0001:00003c3c       ??_E?$CComObject@VCOPOSTotals@@@ATL@@UEAAPEAXI@Z 0000000180004c3c f i Totals.obj
 0001:00003c3c       ??_G?$CComObject@VCOPOSTotals@@@ATL@@UEAAPEAXI@Z 0000000180004c3c f i Totals.obj
 0001:00003c70       ?Add@?$CSimpleArray@GV?$CSimpleArrayEqualHelper@G@ATL@@@ATL@@QEAAHAEBG@Z 0000000180004c70 f i Totals.obj
 0001:00003d10       ?Add@?$CSimpleMap@PEA_WPEA_WVCExpansionVectorEqualHelper@ATL@@@ATL@@QEAAHAEBQEA_W0@Z 0000000180004d10 f i Totals.obj
 0001:00003dac       ?Add@CComDynamicUnkArray@ATL@@QEAAKPEAUIUnknown@@@Z 0000000180004dac f i Totals.obj
 0001:00003e90       ?Add@CExpansionVector@ATL@@QEAAHPEB_W0@Z 0000000180004e90 f i Totals.obj
 0001:00003fc4       ?AddTermFunc@CAtlModule@ATL@@QEAAJP6AX_K@Z0@Z 0000000180004fc4 f i Totals.obj
 0001:00004060       ?AddValue@CRegParser@ATL@@IEAAJAEAVCRegKey@2@PEB_WPEA_W@Z 0000000180005060 f i Totals.obj
 0001:00004470       ?AllocateHeap@?$CTempBuffer@_W$0BAA@VCCRTAllocator@ATL@@@ATL@@AEAAX_K@Z 0000000180005470 f i Totals.obj
 0001:00004470       ?AllocateHeap@?$CTempBuffer@E$0BAA@VCCRTAllocator@ATL@@@ATL@@AEAAX_K@Z 0000000180005470 f i Totals.obj
 0001:00004470       ?AllocateHeap@?$CTempBuffer@_W$0EAA@VCCRTAllocator@ATL@@@ATL@@AEAAX_K@Z 0000000180005470 f i Totals.obj
 0001:0000449c       ?Append@CParseBuffer@CRegParser@ATL@@QEAAHPEB_WH@Z 000000018000549c f i Totals.obj
 0001:000045d0       ?AtlComModuleGetClassObject@ATL@@YAJPEAU_ATL_COM_MODULE70@1@AEBU_GUID@@1PEAPEAX@Z 00000001800055d0 f i Totals.obj
 0001:0000470c       ?AtlComModuleRegisterServer@ATL@@YAJPEAU_ATL_COM_MODULE70@1@HPEBU_GUID@@@Z 000000018000570c f i Totals.obj
 0001:000047cc       ?AtlComModuleUnregisterServer@ATL@@YAJPEAU_ATL_COM_MODULE70@1@HPEBU_GUID@@@Z 00000001800057cc f i Totals.obj
 0001:00004888       ?AtlHiMetricToPixel@ATL@@YAXPEBUtagSIZE@@PEAU2@@Z 0000000180005888 f i Totals.obj
 0001:00004938       ?AtlHresultFromLastError@ATL@@YAJXZ 0000000180005938 f i Totals.obj
 0001:00004958       ?AtlHresultFromWin32@ATL@@YAJK@Z 0000000180005958 f i Totals.obj
 0001:00004968       ?AtlInternalOleLoadFromStream@ATL@@YAJPEAUIStream@@AEBU_GUID@@PEAPEAXTClassesAllowedInStream@1@K@Z 0000000180005968 f i Totals.obj
 0001:00004ab8       ?AtlInternalQueryInterface@ATL@@YAJPEAXPEBU_ATL_INTMAP_ENTRY@1@AEBU_GUID@@PEAPEAX@Z 0000000180005ab8 f i Totals.obj
 0001:00004bc0       ?AtlLoadTypeLib@ATL@@YAJPEAUHINSTANCE__@@PEB_WPEAPEA_WPEAPEAUITypeLib@@@Z 0000000180005bc0 f i Totals.obj
 0001:00004e1c       ?AtlRegisterClassCategoriesHelper@ATL@@YAJAEBU_GUID@@PEBU_ATL_CATMAP_ENTRY@1@H@Z 0000000180005e1c f i Totals.obj
 0001:000052a0       ?AtlRegisterTypeLib@ATL@@YAJPEAUHINSTANCE__@@PEB_W@Z 00000001800062a0 f i Totals.obj
 0001:0000549c       ?AtlThrowImpl@ATL@@YAXJ@Z  000000018000649c f i Totals.obj
 0001:000054c0       ?AtlUnRegisterTypeLib@ATL@@YAJPEAUHINSTANCE__@@PEB_W@Z 00000001800064c0 f i Totals.obj
 0001:00005588       ?AtlWinModuleExtractCreateWndData@ATL@@YAPEAXPEAU_ATL_WIN_MODULE70@1@@Z 0000000180006588 f i Totals.obj
 0001:00005614       ?ChToByte@CRegParser@ATL@@KAE_W@Z 0000000180006614 f i Totals.obj
 0001:000056a0       ?Cleanup@CComTypeInfoHolder@ATL@@SAX_K@Z 00000001800066a0 f i Totals.obj
 0001:000056e0       ?ClearReplacements@CExpansionVector@ATL@@QEAAJXZ 00000001800066e0 f i Totals.obj
 0001:0000577c       ?CreateInstance@?$CComCreator@V?$CComAggObject@VCOPOSTotals@@@ATL@@@ATL@@SAJPEAXAEBU_GUID@@PEAPEAX@Z 000000018000677c f i Totals.obj
 0001:00005860       ?CreateInstance@?$CComCreator@V?$CComObject@VCOPOSTotals@@@ATL@@@ATL@@SAJPEAXAEBU_GUID@@PEAPEAX@Z 0000000180006860 f i Totals.obj
 0001:00005920       ?CreateInstance@?$CComObject@V?$CComEnum@UIEnumConnectionPoints@@$1?_GUID_b196b285_bab4_101a_b69c_00aa00341d07@@3U__s_GUID@@BPEAUIConnectionPoint@@V?$_CopyInterface@UIConnectionPoint@@@ATL@@VCComSingleThreadModel@6@@ATL@@@ATL@@SAJPEAPEAV12@@Z 0000000180006920 f i Totals.obj
 0001:000059b0       ?CreateInstance@?$CComObject@V?$CComEnum@UIEnumConnections@@$1?_GUID_b196b287_bab4_101a_b69c_00aa00341d07@@3U__s_GUID@@BUtagCONNECTDATA@@V?$_Copy@UtagCONNECTDATA@@@ATL@@VCComSingleThreadModel@6@@ATL@@@ATL@@SAJPEAPEAV12@@Z 00000001800069b0 f i Totals.obj
 0001:00005a40       ?DefaultReflectionHandler@?$CWindowImplRoot@VCWindow@ATL@@@ATL@@SAHPEAUHWND__@@I_K_JAEA_J@Z 0000000180006a40 f i Totals.obj
 0001:00005ad4       ?DeleteSubKey@CRegKey@ATL@@QEAAJPEB_W@Z 0000000180006ad4 f i Totals.obj
 0001:00005b6c       ?DoEvent@COPOSTotals@@IEAAXI_K_J@Z 0000000180006b6c f i Totals.obj
 0001:00005c20       ?DoVerbPrimary@?$IOleObjectImpl@VCOPOSTotals@@@ATL@@QEAAJPEBUtagRECT@@PEAUHWND__@@@Z 0000000180006c20 f i Totals.obj
 0001:00005d4c       ?DoVerbProperties@CComControlBase@ATL@@QEAAJPEBUtagRECT@@PEAUHWND__@@@Z 0000000180006d4c f i Totals.obj
 0001:00005f74       ?FireTheEvent@?$CProxy_IOPOSEvents@VCOPOSTotals@@@@IEAAXPEAVOposVariant@@IAEAJPEB_WJ@Z 0000000180006f74 f i Totals.obj
 0001:00006060       ?FireViewChange@CComControlBase@ATL@@QEAAJXZ 0000000180007060 f i Totals.obj
 0001:000060c4       ?Fire_DirectIOEvent@?$CProxy_IOPOSEvents@VCOPOSTotals@@@@QEAAXJPEAJPEAPEA_W@Z 00000001800070c4 f i Totals.obj
 0001:00006224       ?Fire_StatusUpdateEvent@?$CProxy_IOPOSEvents@VCOPOSTotals@@@@QEAAXJ@Z 0000000180007224 f i Totals.obj
 0001:00006310       ?FreeHeap@?$CTempBuffer@_W$0EAA@VCCRTAllocator@ATL@@@ATL@@AEAAXXZ 0000000180007310 f i Totals.obj
 0001:00006310       ?FreeHeap@?$CTempBuffer@E$0BAA@VCCRTAllocator@ATL@@@ATL@@AEAAXXZ 0000000180007310 f i Totals.obj
 0001:00006310       ?FreeHeap@?$CTempBuffer@_W$0BAA@VCCRTAllocator@ATL@@@ATL@@AEAAXXZ 0000000180007310 f i Totals.obj
 0001:00006318       ?GetAmbientLocaleID@CComControlBase@ATL@@QEAAJAEAK@Z 0000000180007318 f i Totals.obj
 0001:000063d8       ?GetAmbientUserMode@CComControlBase@ATL@@QEAAJAEAH@Z 00000001800073d8 f i Totals.obj
 0001:000064a8       ?GetClassObject@CComModule@ATL@@QEAAJAEBU_GUID@@0PEAPEAX@Z 00000001800074a8 f i Totals.obj
 0001:0000659c       ?GetConnMap@COPOSTotals@@SAPEBU_ATL_CONNMAP_ENTRY@ATL@@PEAH@Z 000000018000759c f i Totals.obj
 0001:00006624       ?GetIDsOfNames@CComTypeInfoHolder@ATL@@QEAAJAEBU_GUID@@PEAPEA_WIKPEAJ@Z 0000000180007624 f i Totals.obj
 0001:00006794       ?GetPagesHelper@?$ISpecifyPropertyPagesImpl@VCOPOSTotals@@@ATL@@IEAAJPEAUtagCAUUID@@PEBUATL_PROPMAP_ENTRY@2@@Z 0000000180007794 f i Totals.obj
 0001:00006934       ?GetSizeMax@CComVariant@ATL@@QEBAJPEAT_ULARGE_INTEGER@@@Z 0000000180007934 f i Totals.obj
 0001:00006b64       ?GetTI@CComTypeInfoHolder@ATL@@QEAAJK@Z 0000000180007b64 f i Totals.obj
 0001:00006e48       ?GetZoomInfo@CComControlBase@ATL@@QEAAXAEAUATL_DRAWINFO@@@Z 0000000180007e48 f i Totals.obj
 0001:00006eec       ?HKeyFromString@CRegParser@ATL@@KAPEAUHKEY__@@PEA_W@Z 0000000180007eec f i Totals.obj
 0001:00006f50       ?IDataObject_GetData@CComControlBase@ATL@@QEAAJPEAUtagFORMATETC@@PEAUtagSTGMEDIUM@@@Z 0000000180007f50 f i Totals.obj
 0001:00007144       ?IOleInPlaceObject_InPlaceDeactivate@CComControlBase@ATL@@QEAAJXZ 0000000180008144 f i Totals.obj
 0001:000071e4       ?IOleInPlaceObject_SetObjectRects@CComControlBase@ATL@@QEAAJPEBUtagRECT@@0@Z 00000001800081e4 f i Totals.obj
 0001:000072d4       ?IOleInPlaceObject_UIDeactivate@CComControlBase@ATL@@QEAAJXZ 00000001800082d4 f i Totals.obj
 0001:000073e0       ?IOleObject_Close@CComControlBase@ATL@@QEAAJK@Z 00000001800083e0 f i Totals.obj
 0001:000074f8       ?IOleObject_SetClientSite@CComControlBase@ATL@@QEAAJPEAUIOleClientSite@@@Z 00000001800084f8 f i Totals.obj
 0001:0000756c       ?IOleObject_SetExtent@CComControlBase@ATL@@QEAAJKPEAUtagSIZE@@@Z 000000018000856c f i Totals.obj
 0001:00007604       ?IPSI_GetIPersistStreamInit@?$IPersistStorageImpl@VCOPOSTotals@@@ATL@@AEAAPEAUIPersistStreamInit@@XZ 0000000180008604 f i Totals.obj
 0001:000076ec       ?IPersistStreamInit_Load@?$IPersistStreamInitImpl@VCOPOSTotals@@@ATL@@QEAAJPEAUIStream@@PEBUATL_PROPMAP_ENTRY@2@@Z 00000001800086ec f i Totals.obj
 0001:00007a14       ?IPersistStreamInit_Save@?$IPersistStreamInitImpl@VCOPOSTotals@@@ATL@@QEAAJPEAUIStream@@HPEBUATL_PROPMAP_ENTRY@2@@Z 0000000180008a14 f i Totals.obj
 0001:00007cb0       ?IQuickActivate_QuickActivate@CComControlBase@ATL@@QEAAJPEAUtagQACONTAINER@@PEAUtagQACONTROL@@@Z 0000000180008cb0 f i Totals.obj
 0001:00007f74       ?IViewObject_Draw@CComControlBase@ATL@@QEAAJKJPEAXPEAUtagDVTARGETDEVICE@@PEAUHDC__@@2PEBU_RECTL@@3@Z 0000000180008f74 f i Totals.obj
 0001:00008088       ?InPlaceActivate@CComControlBase@ATL@@QEAAJJPEBUtagRECT@@@Z 0000000180009088 f i Totals.obj
 0001:000083b8       ?Init@?$CComEnumImpl@UIEnumConnectionPoints@@$1?_GUID_b196b285_bab4_101a_b69c_00aa00341d07@@3U__s_GUID@@BPEAUIConnectionPoint@@V?$_CopyInterface@UIConnectionPoint@@@ATL@@@ATL@@QEAAJPEAPEAUIConnectionPoint@@0PEAUIUnknown@@W4CComEnumFlags@2@@Z 00000001800093b8 f i Totals.obj
 0001:000084d4       ?Init@?$CComEnumImpl@UIEnumConnections@@$1?_GUID_b196b287_bab4_101a_b69c_00aa00341d07@@3U__s_GUID@@BUtagCONNECTDATA@@V?$_Copy@UtagCONNECTDATA@@@ATL@@@ATL@@QEAAJPEAUtagCONNECTDATA@@0PEAUIUnknown@@W4CComEnumFlags@2@@Z 00000001800094d4 f i Totals.obj
 0001:000085f4       ?IsEqualObject@?$CComPtrBase@UIOleClientSite@@@ATL@@QEAA_NPEAUIUnknown@@@Z 00000001800095f4 f i Totals.obj
 0001:00008680       ?LoadNameCache@CComTypeInfoHolder@ATL@@QEAAJPEAUITypeInfo@@@Z 0000000180009680 f i Totals.obj
 0001:00008810       ?Lookup@?$CSimpleMap@PEA_WPEA_WVCExpansionVectorEqualHelper@ATL@@@ATL@@QEBAPEA_WAEBQEA_W@Z 0000000180009810 f i Totals.obj
 0001:00008898       ?NextToken@CRegParser@ATL@@IEAAJPEA_W@Z 0000000180009898 f i Totals.obj
 0001:00008a34       ?OnKillFocus@CComControlBase@ATL@@QEAA_JI_K_JAEAH@Z 0000000180009a34 f i Totals.obj
 0001:00008ad0       ?OnMouseActivate@CComControlBase@ATL@@QEAA_JI_K_JAEAH@Z 0000000180009ad0 f i Totals.obj
 0001:00008b70       ?OnPaint@CComControlBase@ATL@@QEAA_JI_K_JAEAH@Z 0000000180009b70 f i Totals.obj
 0001:00008c5c       ?OnSetFocus@CComControlBase@ATL@@QEAA_JI_K_JAEAH@Z 0000000180009c5c f i Totals.obj
 0001:00008d64       ?PreProcessBuffer@CRegParser@ATL@@QEAAJPEA_WPEAPEA_W@Z 0000000180009d64 f i Totals.obj
 0001:000090ec       ?ProcessWindowMessage@?$CComControl@VCOPOSTotals@@V?$CWindowImpl@VCOPOSTotals@@VCWindow@ATL@@V?$CWinTraits@$0FGAAAAAA@$0A@@3@@ATL@@@ATL@@UEAAHPEAUHWND__@@I_K_JAEA_JK@Z 000000018000a0ec f i Totals.obj
 0001:000091d8       ?ReadFromStream@CComBSTR@ATL@@QEAAJPEAUIStream@@@Z 000000018000a1d8 f i Totals.obj
 0001:00009328       ?ReadFromStream@CComVariant@ATL@@QEAAJPEAUIStream@@GTClassesAllowedInStream@2@K@Z 000000018000a328 f i Totals.obj
 0001:0000956c       ?RecurseDeleteKey@CRegKey@ATL@@QEAAJPEB_W@Z 000000018000a56c f i Totals.obj
 0001:000096c4       ?RegCreateKeyExW@CAtlTransactionManager@ATL@@QEAAJPEAUHKEY__@@PEB_WKPEA_WKKQEAU_SECURITY_ATTRIBUTES@@PEAPEAU3@PEAK@Z 000000018000a6c4 f i Totals.obj
 0001:000097f8       ?RegDeleteKeyW@CAtlTransactionManager@ATL@@QEAAJPEAUHKEY__@@PEB_W@Z 000000018000a7f8 f i Totals.obj
 0001:00009884       ?RegOpenKeyExW@CAtlTransactionManager@ATL@@QEAAJPEAUHKEY__@@PEB_WKKPEAPEAU3@@Z 000000018000a884 f i Totals.obj
 0001:0000993c       ?RegisterBuffer@CRegParser@ATL@@QEAAJPEA_WH@Z 000000018000a93c f i Totals.obj
 0001:00009aa8       ?RegisterFromResource@CRegObject@ATL@@IEAAJPEB_W00H@Z 000000018000aaa8 f i Totals.obj
 0001:00009c64       ?RegisterServer@CComModule@ATL@@QEAAJHPEBU_GUID@@@Z 000000018000ac64 f i Totals.obj
 0001:00009d20       ?RegisterSubkeys@CRegParser@ATL@@IEAAJPEA_WPEAUHKEY__@@HH@Z 000000018000ad20 f i Totals.obj
 0001:0000a5a0       ?SendOnDataChange@CComControlBase@ATL@@QEAAJK@Z 000000018000b5a0 f i Totals.obj
 0001:0000a610       ?SetControlFocus@CComControlBase@ATL@@QEAAHH@Z 000000018000b610 f i Totals.obj
 0001:0000a6e0       ?SkipAssignment@CRegParser@ATL@@IEAAJPEA_W@Z 000000018000b6e0 f i Totals.obj
 0001:0000a798       ?Term@CAtlModule@ATL@@QEAAXXZ 000000018000b798 f i Totals.obj
 0001:0000a850       ?Term@CComModule@ATL@@QEAAXXZ 000000018000b850 f i Totals.obj
 0001:0000a8cc       ?UnregisterServer@CComModule@ATL@@QEAAJHPEBU_GUID@@@Z 000000018000b8cc f i Totals.obj
 0001:0000a97c       ?UpdateRegistryFromResource@CAtlModule@ATL@@QEAAJIHPEAU_ATL_REGMAP_ENTRY@2@@Z 000000018000b97c f i Totals.obj
 0001:0000ac88       ?UpdateRegistryFromResource@CAtlModule@ATL@@QEAAJPEB_WHPEAU_ATL_REGMAP_ENTRY@2@@Z 000000018000bc88 f i Totals.obj
 0001:0000afac       ?VTFromRegType@CRegParser@ATL@@KAHPEB_WAEAG@Z 000000018000bfac f i Totals.obj
 0001:0000b048       ?WindowProc@?$CWindowImplBaseT@VCWindow@ATL@@V?$CWinTraits@$0FGAAAAAA@$0A@@2@@ATL@@SA_JPEAUHWND__@@I_K_J@Z 000000018000c048 f i Totals.obj
 0001:0000b1b4       ?WriteToStream@CComVariant@ATL@@QEAAJPEAUIStream@@@Z 000000018000c1b4 f i Totals.obj
 0001:0000b420       ?WriteToStream@CComVariant@ATL@@QEAAJPEAUIStream@@G@Z 000000018000c420 f i Totals.obj
 0001:0000b4b8       ?_AtlVerifyStackAvailable@_ATL_SAFE_ALLOCA_IMPL@ATL@@YA_N_K@Z 000000018000c4b8 f i Totals.obj
 0001:0000b53c       ?atlCreate@?$CWindowImpl@VCOPOSTotals@@VCWindow@ATL@@V?$CWinTraits@$0FGAAAAAA@$0A@@3@@ATL@@QEAAPEAUHWND__@@PEAU3@V_U_RECT@2@PEB_WKKV_U_MENUorID@2@PEAX@Z 000000018000c53c f i Totals.obj
 0001:0000b5f8       ?atlCreate@?$CWindowImplBaseT@VCWindow@ATL@@V?$CWinTraits@$0FGAAAAAA@$0A@@2@@ATL@@QEAAPEAUHWND__@@PEAU3@V_U_RECT@2@PEB_WKKV_U_MENUorID@2@GPEAX@Z 000000018000c5f8 f i Totals.obj
 0001:0000b768       ?ocscpy_s@@YA_NPEA_W_KPEB_W@Z 000000018000c768 f i Totals.obj
 0001:0000b818       DllCanUnloadNow            000000018000c818 f   Totals.obj
 0001:0000b824       DllGetClassObject          000000018000c824 f   Totals.obj
 0001:0000b83c       DllMain                    000000018000c83c f   Totals.obj
 0001:0000b8e4       DllRegisterServer          000000018000c8e4 f   Totals.obj
 0001:0000b8f8       DllUnregisterServer        000000018000c8f8 f   Totals.obj
 0001:0000b90c       __local_stdio_printf_options 000000018000c90c f i Totals.obj
 0001:0000b914       swprintf_s                 000000018000c914 f i Totals.obj
 0001:0000b968       ??0COPOSTotals@@QEAA@XZ    000000018000c968 f   TotalsImpl.obj
 0001:0000ba24       ??1?$IConnectionPointImpl@VCOPOSTotals@@$1?IID_IPropertyNotifySink@@3U_GUID@@BVCComDynamicUnkArray@ATL@@@ATL@@QEAA@XZ 000000018000ca24 f i TotalsImpl.obj
 0001:0000ba24       ??1?$IConnectionPointImpl@VCOPOSTotals@@$1?DIID__IOPOSTotalsEvents@@3U_GUID@@BVCComDynamicUnkArray@ATL@@@ATL@@QEAA@XZ 000000018000ca24 f i TotalsImpl.obj
 0001:0000ba80       ??1CComControlBase@ATL@@UEAA@XZ 000000018000ca80 f i TotalsImpl.obj
 0001:0000bafc       ??1COPOSTotals@@UEAA@XZ    000000018000cafc f   TotalsImpl.obj
 0001:0000bb60       ?BeginTrans@COPOSTotals@@UEAAJPEAJ@Z 000000018000cb60 f   TotalsImpl.obj
 0001:0000bb88       ?CheckHealth@COPOSTotals@@UEAAJJPEAJ@Z 000000018000cb88 f   TotalsImpl.obj
 0001:0000bc04       ?ClaimDevice@COPOSTotals@@UEAAJJPEAJ@Z 000000018000cc04 f   TotalsImpl.obj
 0001:0000bc9c       ?ClaimFile@COPOSTotals@@UEAAJJJPEAJ@Z 000000018000cc9c f   TotalsImpl.obj
 0001:0000bd68       ?Close@COPOSTotals@@UEAAJPEAJ@Z 000000018000cd68 f   TotalsImpl.obj
 0001:0000be20       ?CommitTrans@COPOSTotals@@UEAAJPEAJ@Z 000000018000ce20 f   TotalsImpl.obj
 0001:0000be48       ?CompareFirmwareVersion@COPOSTotals@@UEAAJPEA_WPEAJ1@Z 000000018000ce48 f   TotalsImpl.obj
 0001:0000bf24       ?Create@COPOSTotals@@UEAAJPEA_WPEAJJF1@Z 000000018000cf24 f   TotalsImpl.obj
 0001:0000c020       ?Delete@COPOSTotals@@UEAAJPEA_WPEAJ@Z 000000018000d020 f   TotalsImpl.obj
 0001:0000c0a8       ?DirectIO@COPOSTotals@@UEAAJJPEAJPEAPEA_W0@Z 000000018000d0a8 f   TotalsImpl.obj
 0001:0000c1a4       ?DoInvoke@COPOSTotals@@IEAAJJPEAVOposVariant@@IHPEAJ_N@Z 000000018000d1a4 f   TotalsImpl.obj
 0001:0000c2d8       ?EventInit@COPOSTotals@@IEAAJXZ 000000018000d2d8 f i TotalsImpl.obj
 0001:0000c428       ?EventUninit@COPOSTotals@@IEAAXXZ 000000018000d428 f i TotalsImpl.obj
 0001:0000c48c       ?EventWindowProc@COPOSTotals@@IEAA_JI_K_J@Z 000000018000d48c f i TotalsImpl.obj
 0001:0000c550       ?FinalConstruct@COPOSTotals@@QEAAJXZ 000000018000d550 f   TotalsImpl.obj
 0001:0000c58c       ?Find@COPOSTotals@@UEAAJPEA_WPEAJ11@Z 000000018000d58c f   TotalsImpl.obj
 0001:0000c678       ?FindByIndex@COPOSTotals@@UEAAJJPEAPEA_WPEAJ@Z 000000018000d678 f   TotalsImpl.obj
 0001:0000c750       ?FreezeEvents@COPOSTotals@@MEAAJH@Z 000000018000d750 f   TotalsImpl.obj
 0001:0000c7bc       ?GetOposProp@COPOSTotals@@IEAAJJPEAJJ@Z 000000018000d7bc f   TotalsImpl.obj
 0001:0000c8d8       ?GetOposProp@COPOSTotals@@IEAAJJPEAPEA_WJ@Z 000000018000d8d8 f   TotalsImpl.obj
 0001:0000ca04       ?OnDraw@COPOSTotals@@MEAAJAEAUATL_DRAWINFO@@@Z 000000018000da04 f   TotalsImpl.obj
 0001:0000caf0       ?Open@COPOSTotals@@UEAAJPEA_WPEAJ@Z 000000018000daf0 f   TotalsImpl.obj
 0001:0000d364       ?Read@COPOSTotals@@UEAAJJPEAPEA_WJJPEAJ@Z 000000018000e364 f   TotalsImpl.obj
 0001:0000d470       ?RecalculateValidationData@COPOSTotals@@UEAAJJPEAJ@Z 000000018000e470 f   TotalsImpl.obj
 0001:0000d4ec       ?ReleaseDevice@COPOSTotals@@UEAAJPEAJ@Z 000000018000e4ec f   TotalsImpl.obj
 0001:0000d530       ?ReleaseFile@COPOSTotals@@UEAAJJPEAJ@Z 000000018000e530 f   TotalsImpl.obj
 0001:0000d5ac       ?Rename@COPOSTotals@@UEAAJJPEA_WPEAJ@Z 000000018000e5ac f   TotalsImpl.obj
 0001:0000d684       ?ResetStatistics@COPOSTotals@@UEAAJPEA_WPEAJ@Z 000000018000e684 f   TotalsImpl.obj
 0001:0000d70c       ?RetrieveStatistics@COPOSTotals@@UEAAJPEAPEA_WPEAJ@Z 000000018000e70c f   TotalsImpl.obj
 0001:0000d794       ?Rollback@COPOSTotals@@UEAAJPEAJ@Z 000000018000e794 f   TotalsImpl.obj
 0001:0000d7bc       ?SOProcessID@COPOSTotals@@UEAAJPEAJ@Z 000000018000e7bc f   TotalsImpl.obj
 0001:0000d7d8       ?SetAll@COPOSTotals@@UEAAJJJPEAJ@Z 000000018000e7d8 f   TotalsImpl.obj
 0001:0000d8a4       ?SetCOFreezeEvents@COPOSTotals@@IEAAXF@Z 000000018000e8a4 f   TotalsImpl.obj
 0001:0000d988       ?SetOposProp@COPOSTotals@@IEAAJJJJ@Z 000000018000e988 f   TotalsImpl.obj
 0001:0000dae8       ?UpdateFirmware@COPOSTotals@@UEAAJPEA_WPEAJ@Z 000000018000eae8 f   TotalsImpl.obj
 0001:0000db70       ?UpdateStatistics@COPOSTotals@@UEAAJPEA_WPEAJ@Z 000000018000eb70 f   TotalsImpl.obj
 0001:0000dbf8       ?ValidateData@COPOSTotals@@UEAAJJPEAJ@Z 000000018000ebf8 f   TotalsImpl.obj
 0001:0000dc74       ?Write@COPOSTotals@@UEAAJJPEA_WJJPEAJ@Z 000000018000ec74 f   TotalsImpl.obj
 0001:0000dd80       ?get_BinaryConversion@COPOSTotals@@UEAAJPEAJ@Z 000000018000ed80 f   TotalsImpl.obj
 0001:0000dd94       ?get_CapCompareFirmwareVersion@COPOSTotals@@UEAAJPEAF@Z 000000018000ed94 f   TotalsImpl.obj
 0001:0000ddc8       ?get_CapErrorDetection@COPOSTotals@@UEAAJPEAF@Z 000000018000edc8 f   TotalsImpl.obj
 0001:0000ddf8       ?get_CapPowerReporting@COPOSTotals@@UEAAJPEAJ@Z 000000018000edf8 f   TotalsImpl.obj
 0001:0000de0c       ?get_CapSingleFile@COPOSTotals@@UEAAJPEAF@Z 000000018000ee0c f   TotalsImpl.obj
 0001:0000de3c       ?get_CapStatisticsReporting@COPOSTotals@@UEAAJPEAF@Z 000000018000ee3c f   TotalsImpl.obj
 0001:0000de70       ?get_CapTransactions@COPOSTotals@@UEAAJPEAF@Z 000000018000ee70 f   TotalsImpl.obj
 0001:0000dea0       ?get_CapUpdateFirmware@COPOSTotals@@UEAAJPEAF@Z 000000018000eea0 f   TotalsImpl.obj
 0001:0000ded4       ?get_CapUpdateStatistics@COPOSTotals@@UEAAJPEAF@Z 000000018000eed4 f   TotalsImpl.obj
 0001:0000df08       ?get_CheckHealthText@COPOSTotals@@UEAAJPEAPEA_W@Z 000000018000ef08 f   TotalsImpl.obj
 0001:0000df18       ?get_Claimed@COPOSTotals@@UEAAJPEAF@Z 000000018000ef18 f   TotalsImpl.obj
 0001:0000df48       ?get_ControlObjectDescription@COPOSTotals@@UEAAJPEAPEA_W@Z 000000018000ef48 f   TotalsImpl.obj
 0001:0000dfac       ?get_ControlObjectVersion@COPOSTotals@@UEAAJPEAJ@Z 000000018000efac f   TotalsImpl.obj
 0001:0000dfb8       ?get_DeviceDescription@COPOSTotals@@UEAAJPEAPEA_W@Z 000000018000efb8 f   TotalsImpl.obj
 0001:0000dfc8       ?get_DeviceEnabled@COPOSTotals@@UEAAJPEAF@Z 000000018000efc8 f   TotalsImpl.obj
 0001:0000dff8       ?get_DeviceName@COPOSTotals@@UEAAJPEAPEA_W@Z 000000018000eff8 f   TotalsImpl.obj
 0001:0000e008       ?get_FreeData@COPOSTotals@@UEAAJPEAJ@Z 000000018000f008 f   TotalsImpl.obj
 0001:0000e018       ?get_FreezeEvents@COPOSTotals@@UEAAJPEAF@Z 000000018000f018 f   TotalsImpl.obj
 0001:0000e048       ?get_NumberOfFiles@COPOSTotals@@UEAAJPEAJ@Z 000000018000f048 f   TotalsImpl.obj
 0001:0000e058       ?get_OpenResult@COPOSTotals@@UEAAJPEAJ@Z 000000018000f058 f   TotalsImpl.obj
 0001:0000e064       ?get_PowerNotify@COPOSTotals@@UEAAJPEAJ@Z 000000018000f064 f   TotalsImpl.obj
 0001:0000e078       ?get_PowerState@COPOSTotals@@UEAAJPEAJ@Z 000000018000f078 f   TotalsImpl.obj
 0001:0000e08c       ?get_ResultCode@COPOSTotals@@UEAAJPEAJ@Z 000000018000f08c f   TotalsImpl.obj
 0001:0000e0c8       ?get_ResultCodeExtended@COPOSTotals@@UEAAJPEAJ@Z 000000018000f0c8 f   TotalsImpl.obj
 0001:0000e0d8       ?get_ServiceObjectDescription@COPOSTotals@@UEAAJPEAPEA_W@Z 000000018000f0d8 f   TotalsImpl.obj
 0001:0000e0e8       ?get_ServiceObjectVersion@COPOSTotals@@UEAAJPEAJ@Z 000000018000f0e8 f   TotalsImpl.obj
 0001:0000e0f8       ?get_State@COPOSTotals@@UEAAJPEAJ@Z 000000018000f0f8 f   TotalsImpl.obj
 0001:0000e124       ?get_TotalsSize@COPOSTotals@@UEAAJPEAJ@Z 000000018000f124 f   TotalsImpl.obj
 0001:0000e134       ?get_TransactionInProgress@COPOSTotals@@UEAAJPEAF@Z 000000018000f134 f   TotalsImpl.obj
 0001:0000e164       ?put_BinaryConversion@COPOSTotals@@UEAAJJ@Z 000000018000f164 f   TotalsImpl.obj
 0001:0000e178       ?put_DeviceEnabled@COPOSTotals@@UEAAJF@Z 000000018000f178 f   TotalsImpl.obj
 0001:0000e190       ?put_FreezeEvents@COPOSTotals@@UEAAJF@Z 000000018000f190 f   TotalsImpl.obj
 0001:0000e1e0       ?put_PowerNotify@COPOSTotals@@UEAAJJ@Z 000000018000f1e0 f   TotalsImpl.obj
 0001:0000e1f4       ?s_EventWindowProc@COPOSTotals@@KA_JPEAUHWND__@@I_K_J@Z 000000018000f1f4 f i TotalsImpl.obj
 0001:0000e270       ??_U@YAPEAX_K@Z            000000018000f270 f   LIBCMT:new_array.obj
 0001:0000e278       ??3@YAXPEAX_K@Z            000000018000f278 f   LIBCMT:delete_scalar_size.obj
 0001:0000e278       ??_V@YAXPEAX@Z             000000018000f278 f   LIBCMT:delete_array.obj
 0001:0000e280       ??_V@YAXPEAX_K@Z           000000018000f280 f   LIBCMT:delete_array_size.obj
 0001:0000e288       __scrt_acquire_startup_lock 000000018000f288 f   LIBCMT:utility.obj
 0001:0000e2c4       __scrt_dllmain_after_initialize_c 000000018000f2c4 f   LIBCMT:utility.obj
 0001:0000e2f8       __scrt_dllmain_before_initialize_c 000000018000f2f8 f   LIBCMT:utility.obj
 0001:0000e310       __scrt_dllmain_crt_thread_attach 000000018000f310 f   LIBCMT:utility.obj
 0001:0000e338       __scrt_dllmain_crt_thread_detach 000000018000f338 f   LIBCMT:utility.obj
 0001:0000e350       __scrt_dllmain_exception_filter 000000018000f350 f   LIBCMT:utility.obj
 0001:0000e3b0       __scrt_dllmain_uninitialize_c 000000018000f3b0 f   LIBCMT:utility.obj
 0001:0000e3e0       __scrt_dllmain_uninitialize_critical 000000018000f3e0 f   LIBCMT:utility.obj
 0001:0000e3f4       __scrt_initialize_crt      000000018000f3f4 f   LIBCMT:utility.obj
 0001:0000e440       __scrt_initialize_onexit_tables 000000018000f440 f   LIBCMT:utility.obj
 0001:0000e4cc       __scrt_is_nonwritable_in_current_image 000000018000f4cc f   LIBCMT:utility.obj
 0001:0000e564       __scrt_release_startup_lock 000000018000f564 f   LIBCMT:utility.obj
 0001:0000e588       __scrt_uninitialize_crt    000000018000f588 f   LIBCMT:utility.obj
 0001:0000e5b4       _onexit                    000000018000f5b4 f   LIBCMT:utility.obj
 0001:0000e5f0       atexit                     000000018000f5f0 f   LIBCMT:utility.obj
 0001:0000e608       ??3@YAXPEAX@Z              000000018000f608 f   LIBCMT:delete_scalar.obj
 0001:0000e708       _Init_thread_footer        000000018000f708 f   LIBCMT:thread_safe_statics.obj
 0001:0000e768       _Init_thread_header        000000018000f768 f   LIBCMT:thread_safe_statics.obj
 0001:0000e7d0       _Init_thread_notify        000000018000f7d0 f   LIBCMT:thread_safe_statics.obj
 0001:0000e814       _Init_thread_wait          000000018000f814 f   LIBCMT:thread_safe_statics.obj
 0001:0000e878       __raise_securityfailure    000000018000f878 f   LIBCMT:gs_report.obj
 0001:0000e8ac       __report_gsfailure         000000018000f8ac f   LIBCMT:gs_report.obj
 0001:0000e980       __report_rangecheckfailure 000000018000f980 f   LIBCMT:gs_report.obj
 0001:0000e994       __report_securityfailure   000000018000f994 f   LIBCMT:gs_report.obj
 0001:0000eb14       ??2@YAPEAX_KAEBUnothrow_t@std@@@Z 000000018000fb14 f   LIBCMT:new_scalar_nothrow.obj
 0001:0000eb28       ??_U@YAPEAX_KAEBUnothrow_t@std@@@Z 000000018000fb28 f   LIBCMT:new_array_nothrow.obj
 0001:0000eb30       __GSHandlerCheck           000000018000fb30 f   LIBCMT:gshandler.obj
 0001:0000eb50       __GSHandlerCheckCommon     000000018000fb50 f   LIBCMT:gshandler.obj
 0001:0000ebac       __GSHandlerCheck_SEH       000000018000fbac f   LIBCMT:gshandlerseh.obj
 0001:0000ec50       _alloca_probe              000000018000fc50 f   LIBCMT:chkstk.obj
 0001:0000ec50       __chkstk                   000000018000fc50 f   LIBCMT:chkstk.obj
 0001:0000ecb0       __security_check_cookie    000000018000fcb0 f   LIBCMT:amdsecgs.obj
 0001:0000eff0       _DllMainCRTStartup         000000018000fff0 f   LIBCMT:dll_dllmain.obj
 0001:0000f030       ??2@YAPEAX_K@Z             0000000180010030 f   LIBCMT:new_scalar.obj
 0001:0000f06c       __isa_available_init       000000018001006c f   LIBCMT:cpu_disp.obj
 0001:0000f210       __scrt_is_ucrt_dll_in_use  0000000180010210 f   LIBCMT:ucrt_detection.obj
 0001:0000f21c       __crt_debugger_hook        000000018001021c f   LIBCMT:utility_desktop.obj
 0001:0000f224       __scrt_fastfail            0000000180010224 f   LIBCMT:utility_desktop.obj
 0001:0000f370       __security_init_cookie     0000000180010370 f   LIBCMT:gs_support.obj
 0001:0000f41c       ?__scrt_initialize_type_info@@YAXXZ 000000018001041c f   LIBCMT:tncleanup.obj
 0001:0000f42c       ?__scrt_uninitialize_type_info@@YAXXZ 000000018001042c f   LIBCMT:tncleanup.obj
 0001:0000f438       __local_stdio_scanf_options 0000000180010438 f i LIBCMT:default_local_stdio_options.obj
 0001:0000f440       __scrt_initialize_default_local_stdio_options 0000000180010440 f   LIBCMT:default_local_stdio_options.obj
 0001:0000f45c       __scrt_get_dyn_tls_init_callback 000000018001045c f   LIBCMT:dyn_tls_init.obj
 0001:0000f464       _RTC_Initialize            0000000180010464 f   LIBCMT:initsect.obj
 0001:0000f4a0       _RTC_Terminate             00000001800104a0 f   LIBCMT:initsect.obj
 0001:0000f4dc       ??0bad_alloc@std@@QEAA@AEBV01@@Z 00000001800104dc f i LIBCMT:throw_bad_alloc.obj
 0001:0000f518       ??0bad_alloc@std@@QEAA@XZ  0000000180010518 f i LIBCMT:throw_bad_alloc.obj
 0001:0000f538       ??0bad_array_new_length@std@@QEAA@AEBV01@@Z 0000000180010538 f i LIBCMT:throw_bad_alloc.obj
 0001:0000f574       ??0bad_array_new_length@std@@QEAA@XZ 0000000180010574 f i LIBCMT:throw_bad_alloc.obj
 0001:0000f594       ??0exception@std@@QEAA@AEBV01@@Z 0000000180010594 f i LIBCMT:throw_bad_alloc.obj
 0001:0000f5c8       ??1bad_array_new_length@std@@UEAA@XZ 00000001800105c8 f i LIBCMT:throw_bad_alloc.obj
 0001:0000f5c8       ??1bad_alloc@std@@UEAA@XZ  00000001800105c8 f i LIBCMT:throw_bad_alloc.obj
 0001:0000f5c8       ??1bad_exception@std@@UEAA@XZ 00000001800105c8 f i libvcruntime:frame.obj
 0001:0000f5dc       ??_Eexception@std@@UEAAPEAXI@Z 00000001800105dc f i LIBCMT:throw_bad_alloc.obj
 0001:0000f5dc       ??_Gexception@std@@UEAAPEAXI@Z 00000001800105dc f i LIBCMT:throw_bad_alloc.obj
 0001:0000f5dc       ??_Ebad_alloc@std@@UEAAPEAXI@Z 00000001800105dc f i LIBCMT:throw_bad_alloc.obj
 0001:0000f5dc       ??_Ebad_exception@std@@UEAAPEAXI@Z 00000001800105dc f i libvcruntime:frame.obj
 0001:0000f5dc       ??_Ebad_array_new_length@std@@UEAAPEAXI@Z 00000001800105dc f i LIBCMT:throw_bad_alloc.obj
 0001:0000f5dc       ??_Gbad_alloc@std@@UEAAPEAXI@Z 00000001800105dc f i LIBCMT:throw_bad_alloc.obj
 0001:0000f5dc       ??_Gbad_exception@std@@UEAAPEAXI@Z 00000001800105dc f i libvcruntime:frame.obj
 0001:0000f5dc       ??_Gbad_array_new_length@std@@UEAAPEAXI@Z 00000001800105dc f i LIBCMT:throw_bad_alloc.obj
 0001:0000f620       ?__scrt_throw_std_bad_alloc@@YAXXZ 0000000180010620 f   LIBCMT:throw_bad_alloc.obj
 0001:0000f640       ?__scrt_throw_std_bad_array_new_length@@YAXXZ 0000000180010640 f   LIBCMT:throw_bad_alloc.obj
 0001:0000f660       ?what@exception@std@@UEBAPEBDXZ 0000000180010660 f i LIBCMT:throw_bad_alloc.obj
 0001:0000f680       ??_Gtype_info@@UEAAPEAXI@Z 0000000180010680 f i LIBCMT:std_type_info_static.obj
 0001:0000f680       ??_Etype_info@@UEAAPEAXI@Z 0000000180010680 f i LIBCMT:std_type_info_static.obj
 0001:0000f6ac       ??0CAtlBaseModule@ATL@@QEAA@XZ 00000001800106ac f   atls:atlbase.obj
 0001:0000f754       ??1CAtlBaseModule@ATL@@QEAA@XZ 0000000180010754 f   atls:atlbase.obj
 0001:0000f888       ?__AllocStdCallThunk_cmn@@YAPEAXXZ 0000000180010888 f   atls:atlthunk.obj
 0001:0000f9e0       AtlThunk_AllocateData      00000001800109e0 f   atls:atlthunk.obj
 0001:0000fa5c       AtlThunk_DataToCode        0000000180010a5c f   atls:atlthunk.obj
 0001:0000fab0       AtlThunk_FreeData          0000000180010ab0 f   atls:atlthunk.obj
 0001:0000fb10       AtlThunk_InitData          0000000180010b10 f   atls:atlthunk.obj
 0001:0000fbb8       _get_purecall_handler      0000000180010bb8 f   libvcruntime:purevirt.obj
 0001:0000fbc4       _purecall                  0000000180010bc4 f   libvcruntime:purevirt.obj
 0001:0000fbe0       wcsstr                     0000000180010be0 f   libvcruntime:wcsstr.obj
 0001:0000fe10       memcmp                     0000000180010e10 f   libvcruntime:memcmp.obj
 0001:0000fef0       memcpy_repmovs             0000000180010ef0 f   libvcruntime:memcpy.obj
 0001:0000ff10       memcpy                     0000000180010f10 f   libvcruntime:memcpy.obj
 0001:0000ff10       memmove                    0000000180010f10 f   libvcruntime:memcpy.obj
 0001:000105a0       memset_repmovs             00000001800115a0 f   libvcruntime:memset.obj
 0001:000105c0       memset                     00000001800115c0 f   libvcruntime:memset.obj
 0001:00010750       __vcrt_initialize          0000000180011750 f   libvcruntime:initialization.obj
 0001:00010778       __vcrt_thread_attach       0000000180011778 f   libvcruntime:initialization.obj
 0001:0001078c       __vcrt_thread_detach       000000018001178c f   libvcruntime:initialization.obj
 0001:000107a0       __vcrt_uninitialize        00000001800117a0 f   libvcruntime:initialization.obj
 0001:000107bc       __vcrt_uninitialize_critical 00000001800117bc f   libvcruntime:initialization.obj
 0001:000107cc       __C_specific_handler       00000001800117cc f   libvcruntime:riscchandler.obj
 0001:000109c4       ??$_CallSETranslator@V__FrameHandler3@@@@YAHPEAUEHExceptionRecord@@PEA_KPEAU_CONTEXT@@PEAU_xDISPATCHER_CONTEXT@@PEBU_s_FuncInfo@@K1H@Z 00000001800119c4 f i libvcruntime:risctrnsctrl.obj
 0001:00010a18       ??$_CallSETranslator@V__FrameHandler4@@@@YAHPEAUEHExceptionRecord@@PEA_KPEAU_CONTEXT@@PEAU_xDISPATCHER_CONTEXT@@PEAUFuncInfo4@FH4@@K1H@Z 0000000180011a18 f i libvcruntime:risctrnsctrl.obj
 0001:00010a6c       ?CatchTryBlock@__FrameHandler3@@SAPEBU_s_TryBlockMapEntry@@PEBU_s_FuncInfo@@H@Z 0000000180011a6c f   libvcruntime:risctrnsctrl.obj
 0001:00010ad0       ?DecompFuncInfo@FH4@@YA_JPEAEAEAUFuncInfo4@1@_KH_N@Z 0000000180011ad0 f i libvcruntime:risctrnsctrl.obj
 0001:00010bf4       ?ExecutionInCatch@__FrameHandler3@@SA_NPEAU_xDISPATCHER_CONTEXT@@PEBU_s_FuncInfo@@@Z 0000000180011bf4 f   libvcruntime:risctrnsctrl.obj
 0001:00010c20       ?ExecutionInCatch@__FrameHandler4@@SA_NPEAU_xDISPATCHER_CONTEXT@@PEAUFuncInfo4@FH4@@@Z 0000000180011c20 f   libvcruntime:risctrnsctrl.obj
 0001:00010c28       ?FrameUnwindToEmptyState@__FrameHandler3@@SAXPEA_KPEAU_xDISPATCHER_CONTEXT@@PEBU_s_FuncInfo@@@Z 0000000180011c28 f   libvcruntime:risctrnsctrl.obj
 0001:00010c8c       ?FrameUnwindToEmptyState@__FrameHandler4@@SAXPEA_KPEAU_xDISPATCHER_CONTEXT@@PEAUFuncInfo4@FH4@@@Z 0000000180011c8c f   libvcruntime:risctrnsctrl.obj
 0001:00010cc0       ?GetEstablisherFrame@__FrameHandler3@@SAPEA_KPEA_KPEAU_xDISPATCHER_CONTEXT@@PEBU_s_FuncInfo@@0@Z 0000000180011cc0 f   libvcruntime:risctrnsctrl.obj
 0001:00010d8c       ?GetEstablisherFrame@__FrameHandler4@@SAPEA_KPEA_KPEAU_xDISPATCHER_CONTEXT@@PEAUFuncInfo4@FH4@@0@Z 0000000180011d8c f   libvcruntime:risctrnsctrl.obj
 0001:00010db0       ?GetRangeOfTrysToCheck@__FrameHandler3@@SA?AU?$pair@Viterator@TryBlockMap@__FrameHandler3@@V123@@std@@AEAVTryBlockMap@1@HPEAU_xDISPATCHER_CONTEXT@@PEBU_s_FuncInfo@@H@Z 0000000180011db0 f   libvcruntime:risctrnsctrl.obj
 0001:00010ef0       ?GetRangeOfTrysToCheck@__FrameHandler4@@SA?AU?$pair@Viterator@TryBlockMap4@FH4@@V123@@std@@AEAVTryBlockMap4@FH4@@HPEAU_xDISPATCHER_CONTEXT@@PEAUFuncInfo4@5@H@Z 0000000180011ef0 f   libvcruntime:risctrnsctrl.obj
 0001:0001105c       ?UnwindNestedFrames@__FrameHandler3@@SAXPEA_KPEAUEHExceptionRecord@@PEAU_CONTEXT@@0PEAXPEBU_s_FuncInfo@@HHPEBU_s_HandlerType@@PEAU_xDISPATCHER_CONTEXT@@E@Z 000000018001205c f   libvcruntime:risctrnsctrl.obj
 0001:00011160       ?UnwindNestedFrames@__FrameHandler4@@SAXPEA_KPEAUEHExceptionRecord@@PEAU_CONTEXT@@0PEAXPEAUFuncInfo4@FH4@@HHPEAUHandlerType4@5@PEAU_xDISPATCHER_CONTEXT@@E@Z 0000000180012160 f   libvcruntime:risctrnsctrl.obj
 0001:00011280       ?setBuffer@TryBlockMap4@FH4@@QEAAXViterator@12@@Z 0000000180012280 f i libvcruntime:risctrnsctrl.obj
 0001:00011444       _CreateFrameInfo           0000000180012444 f   libvcruntime:risctrnsctrl.obj
 0001:00011480       _FindAndUnlinkFrame        0000000180012480 f   libvcruntime:risctrnsctrl.obj
 0001:000114d4       _GetImageBase              00000001800124d4 f   libvcruntime:risctrnsctrl.obj
[...]
 0002:0000c570       $unwind$??$?RV<lambda_2d41944a1d46af3157314b8a01080d33>@@AEAV<lambda_8f455de75cd7d7f24b4096f044d8b9e6>@@V<lambda_aa500f224e6afead328df44964fe2772>@@@?$__crt_seh_guarded_call@X@@QEAAX$$QEAV<lambda_2d41944a1d46af3157314b8a01080d33>@@AEAV<lambda_8f455de75cd7d7f24b4096f044d8b9e6>@@$$QEAV<lambda_aa500f224e6afead328df44964fe2772>@@@Z 0000000180032570     libucrt:per_thread_data.obj
 0002:0000c594       $unwind$__acrt_uninitialize_locale 0000000180032594     libucrt:wsetlocale.obj
 0002:0000c594       $unwind$__acrt_get_sigabrt_handler 0000000180032594     libucrt:signal.obj
 0002:0000c59c       $unwind$??$?RV<lambda_410d79af7f07d98d83a3f525b3859a53>@@AEAV<lambda_3e16ef9562a7dcce91392c22ab16ea36>@@V<lambda_38119f0e861e05405d8a144b9b982f0a>@@@?$__crt_seh_guarded_call@X@@QEAAX$$QEAV<lambda_410d79af7f07d98d83a3f525b3859a53>@@AEAV<lambda_3e16ef9562a7dcce91392c22ab16ea36>@@$$QEAV<lambda_38119f0e861e05405d8a144b9b982f0a>@@@Z 000000018003259c     libucrt:wsetlocale.obj
 0002:0000c5c4       $unwind$__acrt_initialize_winapi_thunks 00000001800325c4     libucrt:winapi_thunks.obj
 0002:0000c5c4       $unwind$__acrt_fenv_get_control 00000001800325c4     libucrt:_fenvutils.obj
 0002:0000c5cc       $unwind$__acrt_fp_format   00000001800325cc     libucrt:cvt.obj
 0002:0000c5dc       $unwind$?fp_format_e_internal@@YAHQEAD_KH_NIQEAU_strflt@@2AEAV__crt_cached_ptd_host@@@Z 00000001800325dc     libucrt:cvt.obj
 0002:0000c5f8       $unwind$?fp_format_a@@YAHQEBNPEAD_KQEAD2H_NIW4__acrt_rounding_mode@@AEAV__crt_cached_ptd_host@@@Z 00000001800325f8     libucrt:cvt.obj
 0002:0000c614       $unwind$?fp_format_g@@YAHQEBNQEAD_K12H_NIW4__acrt_rounding_mode@@AEAV__crt_cached_ptd_host@@@Z 0000000180032614     libucrt:cvt.obj
 0002:0000c62c       $unwind$__acrt_initialize_lowio 000000018003262c     libucrt:ioinit.obj
 0002:0000c64c       $unwind$??$common_expand_argv_wildcards@D@@YAHQEAPEADQEAPEAPEAD@Z 000000018003264c     libucrt:argv_wildcards.obj
 0002:0000c664       $unwind$__dcrt_get_narrow_environment_from_os 0000000180032664     libucrt:get_environment_from_os.obj
 0002:0000c664       $unwind$??$__acrt_convert_wcs_mbs_cp@_WDV<lambda_d8593a27d1aa8c02be35c86a17d324c4>@@U__crt_win32_buffer_internal_dynamic_resizing@@@@YAHQEB_WAEAV?$__crt_win32_buffer@DU__crt_win32_buffer_internal_dynamic_resizing@@@@AEBV<lambda_d8593a27d1aa8c02be35c86a17d324c4>@@I@Z 0000000180032664     libucrt:argv_wildcards.obj
 0002:0000c67c       $unwind$??$copy_and_add_argument_to_buffer@D@@YAHQEBD0_KAEAV?$argument_list@D@?A0x5f5c8891@@@Z 000000018003267c     libucrt:argv_wildcards.obj
 0002:0000c698       $unwind$??$expand_argument_wildcards@D@@YAHQEAD0AEAV?$argument_list@D@?A0x5f5c8891@@@Z 0000000180032698     libucrt:argv_wildcards.obj
 0002:0000c6b8       $unwind$__acrt_GetModuleFileNameA 00000001800326b8     libucrt:getmodulefilenamea.obj
 0002:0000c6d4       $unwind$_setmbcp_nolock    00000001800326d4     libucrt:mbctype.obj
 0002:0000c6f4       $unwind$?update_thread_multibyte_data_internal@@YAPEAU__crt_multibyte_data@@QEAU__acrt_ptd@@QEAPEAU1@@Z 00000001800326f4     libucrt:mbctype.obj
 0002:0000c71c       $unwind$?setmbcp_internal@@YAHH_NQEAU__acrt_ptd@@QEAPEAU__crt_multibyte_data@@@Z 000000018003271c     libucrt:mbctype.obj
 0002:0000c734       $unwind$?setSBUpLow@@YAXPEAU__crt_multibyte_data@@@Z 0000000180032734     libucrt:mbctype.obj
 0002:0000c750       $unwind$??$?RV<lambda_efdfa57d1f175319df784efa44bb7b81>@@AEAV<lambda_5f0a4c1567f8adc6734073e5d1e1b35c>@@V<lambda_2e8a7d3640ea6ccb4c2413664c2db6fd>@@@?$__crt_seh_guarded_call@X@@QEAAX$$QEAV<lambda_efdfa57d1f175319df784efa44bb7b81>@@AEAV<lambda_5f0a4c1567f8adc6734073e5d1e1b35c>@@$$QEAV<lambda_2e8a7d3640ea6ccb4c2413664c2db6fd>@@@Z 0000000180032750     libucrt:mbctype.obj
 0002:0000c774       $unwind$__acrt_WideCharToMultiByte 0000000180032774     libucrt:widechartomultibyte.obj
 0002:0000c780       $unwind$raise              0000000180032780     libucrt:signal.obj
 0002:0000c7bc       $unwind$??$?RV<lambda_450d765d439847d4c735a33c368b5fc0>@@AEAV<lambda_44731a7d0e6d81c3e6aa82d741081786>@@V<lambda_601a2a7da3b7a96e9554ac7215c4b07c>@@@?$__crt_seh_guarded_call@P6AXH@Z@@QEAAP6AXH@Z$$QEAV<lambda_450d765d439847d4c735a33c368b5fc0>@@AEAV<lambda_44731a7d0e6d81c3e6aa82d741081786>@@$$QEAV<lambda_601a2a7da3b7a96e9554ac7215c4b07c>@@@Z 00000001800327bc     libucrt:signal.obj
 0002:0000c7e0       $unwind$fclose             00000001800327e0     libucrt:fclose.obj
 0002:0000c7e0       $unwind$_fflush_nolock     00000001800327e0     libucrt:fflush.obj
 0002:0000c7f0       $unwind$?common_flush_all@@YAH_N@Z 00000001800327f0     libucrt:fflush.obj
 0002:0000c7f8       $unwind$??$?RV<lambda_842d9ff0dc9ef11c61343bbaebe7f885>@@AEAV<lambda_c5860995281e5c4ce005b3de8f5874ee>@@V<lambda_d90129c13df834fdcbf8d2b88dafcf2d>@@@?$__crt_seh_guarded_call@X@@QEAAX$$QEAV<lambda_842d9ff0dc9ef11c61343bbaebe7f885>@@AEAV<lambda_c5860995281e5c4ce005b3de8f5874ee>@@$$QEAV<lambda_d90129c13df834fdcbf8d2b88dafcf2d>@@@Z 00000001800327f8     libucrt:fflush.obj
 0002:0000c81c       $unwind$??$?RV<lambda_886d6c58226a84441f68b9f2b8217b83>@@AEAV<lambda_ab61a845afdef5b7c387490eaf3616ee>@@V<lambda_f7f22ab5edc0698d5f6905b0d3f44752>@@@?$__crt_seh_guarded_call@X@@QEAAX$$QEAV<lambda_886d6c58226a84441f68b9f2b8217b83>@@AEAV<lambda_ab61a845afdef5b7c387490eaf3616ee>@@$$QEAV<lambda_f7f22ab5edc0698d5f6905b0d3f44752>@@@Z 000000018003281c     libucrt:fflush.obj
 0002:0000c844       $unwind$__acrt_update_thread_locale_data 0000000180032844     libucrt:locale_refcounting.obj
 0002:0000c868       $unwind$__acrt_locale_free_monetary 0000000180032868     libucrt:initmon.obj
 0002:0000c870       $unwind$__acrt_locale_free_time 0000000180032870     libucrt:inittime.obj
 0002:0000c880       $unwind$__acrt_GetStringTypeA 0000000180032880     libucrt:getstringtypea.obj
 0002:0000c8a8       $unwind$__acrt_fp_strflt_to_string 00000001800328a8     libucrt:_fptostr.obj
 0002:0000c8c4       $unwind$__acrt_fltout      00000001800328c4     libucrt:cfout.obj
 0002:0000c8e4       $unwind$?divide@__crt_strtox@@YA_KAEAUbig_integer@1@AEBU21@@Z 00000001800328e4     libucrt:cfout.obj
 0002:0000c8fc       $chain$0$?divide@__crt_strtox@@YA_KAEAUbig_integer@1@AEBU21@@Z 00000001800328fc     libucrt:cfout.obj
 0002:0000c910       $chain$1$?divide@__crt_strtox@@YA_KAEAUbig_integer@1@AEBU21@@Z 0000000180032910     libucrt:cfout.obj
 0002:0000c920       $unwind$?__mbsrtowcs_utf8@__crt_mbstring@@YA_KPEA_WPEAPEBD_KPEAU_Mbstatet@@AEAV__crt_cached_ptd_host@@@Z 0000000180032920     libucrt:mbrtowc.obj
 0002:0000c938       $unwind$_fcloseall         0000000180032938     libucrt:closeall.obj
 0002:0000c95c       $unwind$__acrt_lowio_destroy_handle_array 000000018003295c     libucrt:osfinfo.obj
 0002:0000c96c       $unwind$__acrt_lowio_ensure_fh_exists 000000018003296c     libucrt:osfinfo.obj
 0002:0000c998       $unwind$qsort              0000000180032998     libucrt:qsort.obj
 0002:0000c9b0       $chain$4$qsort             00000001800329b0     libucrt:qsort.obj
 0002:0000c9d4       $chain$5$qsort             00000001800329d4     libucrt:qsort.obj
 0002:0000c9e4       $unwind$strpbrk            00000001800329e4     libucrt:strpbrk.obj
 0002:0000c9f4       $unwind$fallbackMethod     00000001800329f4     libucrt:strpbrk.obj
 0002:0000ca04       $unwind$__acrt_LCMapStringA 0000000180032a04     libucrt:lcmapstringa.obj
 0002:0000ca14       $unwind$?__acrt_LCMapStringA_stat@@YAHPEAU__crt_locale_pointers@@PEB_WKPEBDHPEADHHH@Z 0000000180032a14     libucrt:lcmapstringa.obj
 0002:0000ca3c       $unwind$_commit            0000000180032a3c     libucrt:commit.obj
 0002:0000ca44       $unwind$??$?RV<lambda_a37b2b86f63e897a80ea819b0eb08c01>@@AEAV<lambda_38ce7e780aa69e748d6df282ebc68efe>@@V<lambda_99fb1378e971ab6e7edea83e3a7a83a2>@@@?$__crt_seh_guarded_call@H@@QEAAH$$QEAV<lambda_a37b2b86f63e897a80ea819b0eb08c01>@@AEAV<lambda_38ce7e780aa69e748d6df282ebc68efe>@@$$QEAV<lambda_99fb1378e971ab6e7edea83e3a7a83a2>@@@Z 0000000180032a44     libucrt:commit.obj
 0002:0000ca68       $unwind$_write_nolock      0000000180032a68     libucrt:write.obj
 0002:0000ca80       $unwind$_write_internal    0000000180032a80     libucrt:write.obj
 0002:0000cab0       $unwind$?write_double_translated_ansi_nolock@@YA?AUwrite_result@?A0x17268360@@HQEBDIAEAV__crt_cached_ptd_host@@@Z 0000000180032ab0     libucrt:write.obj
 0002:0000cad8       $ip2state$?write_double_translated_ansi_nolock@@YA?AUwrite_result@?A0x17268360@@HQEBDIAEAV__crt_cached_ptd_host@@@Z 0000000180032ad8     libucrt:write.obj
 0002:0000cae0       $unwind$?write_text_ansi_nolock@@YA?AUwrite_result@?A0x17268360@@HQEBDI@Z 0000000180032ae0     libucrt:write.obj
 0002:0000cae0       $unwind$?write_text_utf16le_nolock@@YA?AUwrite_result@?A0x17268360@@HQEBDI@Z 0000000180032ae0     libucrt:write.obj
 0002:0000cb00       $unwind$?write_text_utf8_nolock@@YA?AUwrite_result@?A0x17268360@@HQEBDI@Z 0000000180032b00     libucrt:write.obj
 0002:0000cb28       $xdatasym                  0000000180032b28     libucrt:log10.obj
 0002:0000cb34       $unwind$__acrt_fenv_set_control 0000000180032b34     libucrt:_fenvutils.obj
 0002:0000cb44       $unwind$?__mbrtoc32_utf8@__crt_mbstring@@YA_KPEA_UPEBD_KPEAU_Mbstatet@@AEAV__crt_cached_ptd_host@@@Z 0000000180032b44     libucrt:mbrtoc32.obj
 0002:0000cb60       $unwind$?_fclose_nolock_internal@@YAHQEAU_iobuf@@AEAV__crt_cached_ptd_host@@@Z 0000000180032b60     libucrt:fclose.obj
 0002:0000cb70       $unwind$?_fclose_internal@@YAHQEAU_iobuf@@AEAV__crt_cached_ptd_host@@@Z 0000000180032b70     libucrt:fclose.obj
 0002:0000cb94       $unwind$_putwch_nolock     0000000180032b94     libucrt:putwch.obj
 0002:0000cb9c       $unwind$common_control87   0000000180032b9c     libucrt:ieee.obj
 0002:0000cbc8       $unwind$_call_matherr      0000000180032bc8     libucrt:libm_error.obj
 0002:0000cbd0       $unwind$_handle_error      0000000180032bd0     libucrt:libm_error.obj
 0002:0000cbf0       $unwind$__acrt_initialize_fma3 0000000180032bf0     libucrt:fma3_available.obj
 0002:0000cbf8       $unwind$_log_special_common 0000000180032bf8     libucrt:log_special.obj
 0002:0000cc04       $unwind$_close_internal    0000000180032c04     libucrt:close.obj
 0002:0000cc0c       $unwind$??$?RV<lambda_ad8af0d99a0adf03d037d7dffe354bb5>@@AEAV<lambda_c9ba49e555ba839a7b07aa3fbecb7617>@@V<lambda_2f1ebd5d68526518146ae959c9e734c8>@@@?$__crt_seh_guarded_call@H@@QEAAH$$QEAV<lambda_ad8af0d99a0adf03d037d7dffe354bb5>@@AEAV<lambda_c9ba49e555ba839a7b07aa3fbecb7617>@@$$QEAV<lambda_2f1ebd5d68526518146ae959c9e734c8>@@@Z 0000000180032c0c     libucrt:close.obj
 0002:0000cc30       $xdatasym                  0000000180032c30     libucrt:fpsr.obj
 0002:0000cc38       $unwind$_raise_exc_ex      0000000180032c38     libucrt:fpexcept.obj
 0002:0000cc4c       $unwind$_ctrlfp            0000000180032c4c     libucrt:fpctrl.obj
 0002:0000cc74       $unwind$_IsNonwritableInCurrentImage 0000000180032c74     LIBCMT:pesect.obj
 0002:0000cc98       $unwind$strrchr            0000000180032c98     libvcruntime:strrchr.obj
 0002:0000ce00       .edata                     0000000180032e00     OPOSTotals.exp
 0002:0000ce28       rgpv                       0000000180032e28     OPOSTotals.exp
 0002:0000ce38       rgszName                   0000000180032e38     OPOSTotals.exp
 0002:0000ce48       rgwOrd                     0000000180032e48     OPOSTotals.exp
 0002:0000ce50       szName                     0000000180032e50     OPOSTotals.exp
 0002:0000ce5f       $N00001                    0000000180032e5f     OPOSTotals.exp
 0002:0000ce6f       $N00002                    0000000180032e6f     OPOSTotals.exp
 0002:0000ce81       $N00003                    0000000180032e81     OPOSTotals.exp
 0002:0000ce93       $N00004                    0000000180032e93     OPOSTotals.exp
 0002:0000d7e2       .idata$6                   00000001800337e2     kernel32:KERNEL32.dll
 0002:0000d9fa       .idata$6                   00000001800339fa     user32:USER32.dll
 0002:0000db2e       .idata$6                   0000000180033b2e     gdi32:GDI32.dll
 0002:0000dbd4       .idata$6                   0000000180033bd4     advapi32:ADVAPI32.dll
 0002:0000dcf0       .idata$6                   0000000180033cf0     ole32:ole32.dll
 0002:0000dcfa       .idata$6                   0000000180033cfa     oleaut32:OLEAUT32.dll
 0003:000001c0       ?ObjectMap@@3PAU_ATL_OBJMAP_ENTRY30@ATL@@A 00000001800351c0     Totals.obj
 0003:000002c0       ?s_SOMethodNames@@3PAPEADA 00000001800352c0     TotalsImpl.obj
 0003:000003c0       ?s_RequiredMethodsPerRelease@@3PAHA 00000001800353c0     TotalsImpl.obj
 0003:00000420       ?__vcrt_flsindex@@3KA      0000000180035420     libvcruntime:per_thread_data.obj
 0003:00000430       ?errno_no_memory@@3HA      0000000180035430     libucrt:errno.obj
 0003:00000434       ?doserrno_no_memory@@3KA   0000000180035434     libucrt:errno.obj
 0003:00000440       ?__acrt_flsindex@@3KA      0000000180035440     libucrt:per_thread_data.obj
 0003:00000900       _mbctypes                  0000000180035900     libucrt:mbctype.obj
 0003:00000a10       _mbcasemaps                0000000180035a10     libucrt:mbctype.obj
 0003:00000b10       ?__rgctypeflag@@3PADA      0000000180035b10     libucrt:mbctype.obj
 0003:00000b20       ?__rgcode_page_info@@3PAUcode_page_info@@A 0000000180035b20     libucrt:mbctype.obj
 0003:00000dc0       ?dazSupported@?1??common_control87@@9@9 0000000180035dc0     libucrt:ieee.obj
 0003:00000dd0       ?__dcrt_lowio_console_output_handle@@3PEAXEA 0000000180035dd0     libucrt:initcon.obj
 0003:00000de0       ?dazSupported@?1??_ctrlfp@@9@9 0000000180035de0     libucrt:fpctrl.obj
 0003:00001030       ?is_initialized_as_dll@@3_NA 0000000180036030     LIBCMT:utility.obj
 0003:00001031       ?module_local_atexit_table_initialized@@3_NA 0000000180036031     LIBCMT:utility.obj
 0003:00001038       ?module_local_atexit_table@@3U_onexit_table_t@@A 0000000180036038     LIBCMT:utility.obj
 0003:00001050       ?module_local_at_quick_exit_table@@3U_onexit_table_t@@A 0000000180036050     LIBCMT:utility.obj
 0003:00001068       ?g_tss_cv@@3U_RTL_CONDITION_VARIABLE@@A 0000000180036068     LIBCMT:thread_safe_statics.obj
 0003:00001070       ?g_tss_event@@3PEAXEA      0000000180036070     LIBCMT:thread_safe_statics.obj
 0003:00001078       ?g_tss_mutex@@3U_RTL_CRITICAL_SECTION@@A 0000000180036078     LIBCMT:thread_safe_statics.obj
 0003:000010a0       ?g_sleep_condition_variable_cs@@3P6AHPEAU_RTL_CONDITION_VARIABLE@@PEAU_RTL_CRITICAL_SECTION@@K@ZEA 00000001800360a0     LIBCMT:thread_safe_statics.obj
 0003:000010a8       ?g_wake_all_condition_variable@@3P6AXPEAU_RTL_CONDITION_VARIABLE@@@ZEA 00000001800360a8     LIBCMT:thread_safe_statics.obj
 0003:000010b0       GS_ExceptionRecord         00000001800360b0     LIBCMT:gs_report.obj
 0003:00001150       GS_ContextRecord           0000000180036150     LIBCMT:gs_report.obj
 0003:00001624       ?__proc_attached@@3HA      0000000180036624     LIBCMT:dll_dllmain.obj
 0003:000016b8       ?AllocateData@@3P6APEAUAtlThunkData_t@@XZEA 00000001800366b8     atls:atlthunk.obj
 0003:000016c0       ?InitData@@3P6AXPEAUAtlThunkData_t@@PEAX_K@ZEA 00000001800366c0     atls:atlthunk.obj
 0003:000016c8       ?DataToCode@@3P6AP6A_JPEAUHWND__@@I_K_J@ZPEAUAtlThunkData_t@@@ZEA 00000001800366c8     atls:atlthunk.obj
 0003:000016d0       ?FreeData@@3P6AXPEAUAtlThunkData_t@@@ZEA 00000001800366d0     atls:atlthunk.obj
 0003:000016d8       ?Initialized@@3_NA         00000001800366d8     atls:atlthunk.obj
 0003:000016f0       ?__vcrt_startup_thread_ptd@@3U__vcrt_ptd@@A 00000001800366f0     libvcruntime:per_thread_data.obj
 0003:00001770       __vcrt_lock_table          0000000180036770     libvcruntime:locks.obj
 0003:00001798       __vcrt_locks_initialized   0000000180036798     libvcruntime:locks.obj
 0003:000017e0       ?heap@@3V_HeapManager@@A   00000001800367e0     libvcruntime:undname.obj
 0003:00001808       ?module_handles@@3PAPEAUHINSTANCE__@@A 0000000180036808     libvcruntime:winapi_downlevel.obj
 0003:00001820       ?function_pointers@@3PAPEAXA 0000000180036820     libvcruntime:winapi_downlevel.obj
 0003:00001848       ?__acrt_invalid_parameter_handler@@3V?$dual_state_global@P6AXPEB_W00I_K@Z@__crt_state_management@@A 0000000180036848     libucrt:invalid_parameter.obj
 0003:00001850       ?c_termination_complete@@3JA 0000000180036850     libucrt:exit.obj
 0003:00001858       ?thread_local_exit_callback_func@@3P6AXPEAXK0@ZEA 0000000180036858     libucrt:exit.obj
 0003:00001870       ?program_name@?1???$common_configure_argv@D@@YAHW4_crt_argv_mode@@@Z@4PADA 0000000180036870     libucrt:argv_parsing.obj
 0003:000019c8       ?__acrt_new_handler@@3V?$dual_state_global@P6AH_K@Z@__crt_state_management@@A 00000001800369c8     libucrt:new_handler.obj
 0003:000019e0       ?module_handles@@3PAPEAUHINSTANCE__@@A 00000001800369e0     libucrt:winapi_thunks.obj
 0003:00001a80       ?encoded_function_pointers@@3PAPEAXA 0000000180036a80     libucrt:winapi_thunks.obj
 0003:00001b70       ?internal_state@?1??_mbtowc_internal@@9@4U_Mbstatet@@A 0000000180036b70     libucrt:mbtowc.obj
 0003:00001b88       ?enable_percent_n@@3_KA    0000000180036b88     libucrt:printf_count_output.obj
 0003:00001fb0       ?__acrt_lock_table@@3PAU_RTL_CRITICAL_SECTION@@A 0000000180036fb0     libucrt:locks.obj
 0003:000021e0       ?__acrt_locks_initialized@@3IA 00000001800371e0     libucrt:locks.obj
 0003:00002200       ?fSystemSet@@3HA           0000000180037200     libucrt:mbctype.obj
 0003:00002204       ?initialized@?1??__acrt_initialize_multibyte@@9@4_NA 0000000180037204     libucrt:mbctype.obj
 0003:00002240       ?ctrlc_action@@3V?$dual_state_global@P6AXH@Z@__crt_state_management@@A 0000000180037240     libucrt:signal.obj
 0003:00002248       ?ctrlbreak_action@@3V?$dual_state_global@P6AXH@Z@__crt_state_management@@A 0000000180037248     libucrt:signal.obj
 0003:00002250       ?abort_action@@3V?$dual_state_global@P6AXH@Z@__crt_state_management@@A 0000000180037250     libucrt:signal.obj
 0003:00002258       ?term_action@@3V?$dual_state_global@P6AXH@Z@__crt_state_management@@A 0000000180037258     libucrt:signal.obj
 0003:00002260       ?user_matherr@@3V?$dual_state_global@P6AHPEAU_exception@@@Z@__crt_state_management@@A 0000000180037260     libucrt:matherr.obj
 0003:00002270       ?__acrt_global_new_mode@@3V?$dual_state_global@J@__crt_state_management@@A 0000000180037270     libucrt:new_mode.obj
 0003:00002278       ?internal_pst@?1??__mbrtoc32_utf8@__crt_mbstring@@YA_KPEA_UPEBD_KPEAU_Mbstatet@@AEAV__crt_cached_ptd_host@@@Z@4U3@A 0000000180037278     libucrt:mbrtoc32.obj
 0003:00002280       ?__acrt_app_type@@3W4_crt_app_type@@A 0000000180037280     libucrt:report_runtime_error.obj
 0005:00000000       MoveSmall                  000000018003b000     libvcruntime:memcpy.obj
 0005:00000040       MoveSmallYmm               000000018003b040     libvcruntime:memcpy.obj
 0005:00000064       MoveSmallYmmNT             000000018003b064     libvcruntime:memcpy.obj
 0005:00000088       MoveSmallXmm               000000018003b088     libvcruntime:memcpy.obj
 0005:000000b0       MsetTab                    000000018003b0b0     libvcruntime:memset.obj
 0006:00000220       $R000000                   000000018003c220     Totals.res
 0006:00000ba0       $R000980                   000000018003cba0     Totals.res
 0006:00000c88       $R000A68                   000000018003cc88     Totals.res
 0006:00000ef0       $R000CD0                   000000018003cef0     Totals.res
 0006:00001438       $R001218                   000000018003d438     Totals.res
 0006:00004160       $R003F40                   0000000180040160     Totals.res
 0006:00004190       $R003F70                   0000000180040190     Totals.res
