 OPOSElectronicValueRW

 Timestamp is 5d429ddb (Thu Aug  1 17:07:55 2019)

 Preferred load address is 0000000180000000

 Start         Length     Name                   Class
 0001:00000000 000000c0H .text$di                CODE
 0001:000000c0 00023020H .text$mn                CODE
 0001:000230e0 00000020H .text$mn$00             CODE
 0001:00023100 00000400H .text$x                 CODE
 0001:00023500 000000c0H .text$yd                CODE
 0002:00000000 00000618H .idata$5                DATA
 0002:00000618 00000010H .00cfg                  DATA
 0002:00000628 00000008H .CRT$XCA                DATA
 0002:00000630 00000008H .CRT$XCL                DATA
 0002:00000638 00000020H .CRT$XCU                DATA
 0002:00000658 00000008H .CRT$XCZ                DATA
 0002:00000660 00000008H .CRT$XIA                DATA
 0002:00000668 00000020H .CRT$XIC                DATA
 0002:00000688 00000008H .CRT$XIZ                DATA
 0002:00000690 00000008H .CRT$XLA                DATA
 0002:00000698 00000008H .CRT$XLZ                DATA
 0002:000006a0 00000008H .CRT$XPA                DATA
 0002:000006a8 00000010H .CRT$XPX                DATA
 0002:000006b8 00000008H .CRT$XPXA               DATA
 0002:000006c0 00000008H .CRT$XPZ                DATA
 0002:000006c8 00000008H .CRT$XTA                DATA
 0002:000006d0 00000010H .CRT$XTZ                DATA
 0002:000006d8 00000000H .gfids$y                DATA
 0002:000006e0 0000ac48H .rdata                  DATA
 0002:0000b328 00000028H .rdata$T                DATA
 0002:0000b350 00000274H .rdata$r                DATA
 0002:0000b5c4 00000414H .rdata$zzzdbg           DATA
 0002:0000b9d8 00000008H .rtc$IAA                DATA
 0002:0000b9e0 00000008H .rtc$IZZ                DATA
 0002:0000b9e8 00000008H .rtc$TAA                DATA
 0002:0000b9f0 00000008H .rtc$TZZ                DATA
 0002:0000b9f8 00000004H .tls                    DATA
 0002:0000b9fc 00000004H .tls$                   DATA
 0002:0000ba00 00000008H .tls$ZZZ                DATA
 0002:0000ba08 00001688H .xdata                  DATA
 0002:0000d090 00000150H .xdata$x                DATA
 0002:0000d1e0 00000008H ATL$__a                 DATA
 0002:0000d1e8 00000008H ATL$__z                 DATA
 0002:0000d1f0 000000b4H .edata                  DATA
 0002:0000d2a4 00000078H .idata$2                DATA
 0002:0000d31c 00000014H .idata$3                DATA
 0002:0000d330 00000618H .idata$4                DATA
 0002:0000d948 00000c24H .idata$6                DATA
 0003:00000000 00000ef8H .data                   DATA
 0003:00000ef8 000000c8H .data$r                 DATA
 0003:00000fc0 0000140cH .bss                    DATA
 0004:00000000 00002280H .pdata                  DATA
 0005:00000000 00000094H _RDATA                  DATA
 0006:00000000 00000220H .rsrc$01                DATA
 0006:00000220 00007e88H .rsrc$02                DATA

  Address         Publics by Value              Rva+Base               Lib:Object

 0000:00000000       __guard_fids_count         0000000000000000     <absolute>
 0000:00000000       __guard_longjmp_count      0000000000000000     <absolute>
 0000:00000000       __guard_longjmp_table      0000000000000000     <absolute>
 0000:00000000       __hybrid_code_map          0000000000000000     <absolute>
 0000:00000000       __guard_iat_count          0000000000000000     <absolute>
 0000:00000000       __guard_iat_table          0000000000000000     <absolute>
 0000:00000000       __volatile_metadata        0000000000000000     <absolute>
 0000:00000000       __hybrid_code_map_count    0000000000000000     <absolute>
 0000:00000000       __enclave_config           0000000000000000     <absolute>
 0000:00000000       ___safe_se_handler_count   0000000000000000     <absolute>
 0000:00000000       __AbsoluteZero             0000000000000000     <absolute>
 0000:00000000       ___safe_se_handler_table   0000000000000000     <absolute>
 0000:00000000       __guard_fids_table         0000000000000000     <absolute>
 0000:00000000       __hybrid_auxiliary_iat     0000000000000000     <absolute>
 0000:00000000       __dynamic_value_reloc_table 0000000000000000     <absolute>
 0000:00000100       __guard_flags              0000000000000100     <absolute>
 0000:00000000       __ImageBase                0000000180000000     <linker-defined>
 0001:000000c0       ?DupWide@_CW@@AEAAXXZ      00000001800010c0 f   CWString.obj
 0001:000000e8       ?cw_dup@@YAXPEBDAEAHAEAPEA_W1@Z 00000001800010e8 f   CWString.obj
 0001:00000194       ?cw_memcpy@@YAHPEA_WPEBDH@Z 0000000180001194 f   CWString.obj
 0001:000001e0       ?cw_strcpy@@YAHPEA_WPEBD@Z 00000001800011e0 f   CWString.obj
 0001:000001f4       ??0CAtlComModule@ATL@@QEAA@XZ 00000001800011f4 f i OposVariant.obj
 0001:00000274       ??0CAtlWinModule@ATL@@QEAA@XZ 0000000180001274 f i OposVariant.obj
 0001:000002e0       ??0OposDispParms@@QEAA@PEAVOposVariant@@H@Z 00000001800012e0 f   OposVariant.obj
 0001:00000388       ??1OposDispParms@@QEAA@XZ  0000000180001388 f   OposVariant.obj
 0001:000003a0       ??_Estringdispid@CComTypeInfoHolder@ATL@@QEAAPEAXI@Z 00000001800013a0 f i OposVariant.obj
 0001:00000444       ?AtlWinModuleTerm@ATL@@YAJPEAU_ATL_WIN_MODULE70@1@PEAUHINSTANCE__@@@Z 0000000180001444 f i OposVariant.obj
 0001:000004f4       ?ChangeBSTR@OposVariant@@QEAAXPEAPEA_WAEAJ@Z 00000001800014f4 f   OposVariant.obj
 0001:00000554       ?ChangeCURRENCY@OposVariant@@QEAAXPEATtagCY@@AEAJ@Z 0000000180001554 f   OposVariant.obj
 0001:000005b4       ?ChangeLONG@OposVariant@@QEAAXPEAJAEAJ@Z 00000001800015b4 f   OposVariant.obj
 0001:00000610       ?GetLONG@OposVariant@@QEAAJXZ 0000000180001610 f   OposVariant.obj
 0001:00000634       ?SetBSTR@OposVariant@@QEAAXPEA_WAEAJ@Z 0000000180001634 f   OposVariant.obj
 0001:00000674       ?SetBSTR_Copy@OposVariant@@QEAAXPEA_WAEAJ@Z 0000000180001674 f   OposVariant.obj
 0001:000006e4       ?SetBSTR_InOutPtr@OposVariant@@QEAA_NPEAPEA_WAEAJ@Z 00000001800016e4 f   OposVariant.obj
 0001:00000734       ?SetCURRENCY@OposVariant@@QEAAXTtagCY@@@Z 0000000180001734 f   OposVariant.obj
 0001:00000768       ?SetDispatch_Ptr@OposVariant@@QEAAXPEAUIDispatch@@AEAJ@Z 0000000180001768 f   OposVariant.obj
 0001:000007c0       ?SetLONG@OposVariant@@QEAAXJ@Z 00000001800017c0 f   OposVariant.obj
 0001:000007f0       ?SetLONG_Ptr@OposVariant@@QEAAXPEAJAEAJ@Z 00000001800017f0 f   OposVariant.obj
 0001:0000083c       ?SetString@OposVariant@@QEAAXPEB_WAEAJ@Z 000000018000183c f   OposVariant.obj
 0001:000008a0       ?SetVARIANT_BOOL@OposVariant@@QEAAXF@Z 00000001800018a0 f   OposVariant.obj
 0001:000008d8       ?Term@CAtlComModule@ATL@@QEAAXXZ 00000001800018d8 f i OposVariant.obj
 0001:00000948       ?_AtlInitializeCriticalSectionEx@ATL@@YAHPEAU_RTL_CRITICAL_SECTION@@KK@Z 0000000180001948 f i OposVariant.obj
 0001:00000950       ?_AtlRaiseException@ATL@@YAXKK@Z 0000000180001950 f i OposVariant.obj
 0001:00000960       ?AddRef@?$CComObject@V?$CComEnum@UIEnumConnectionPoints@@$1?_GUID_b196b285_bab4_101a_b69c_00aa00341d07@@3U__s_GUID@@BPEAUIConnectionPoint@@V?$_CopyInterface@UIConnectionPoint@@@ATL@@VCComSingleThreadModel@6@@ATL@@@ATL@@UEAAKXZ 0000000180001960 f i ElectronicValueRW.obj
 0001:00000960       ?AddRef@?$CComObject@V?$CComEnum@UIEnumConnections@@$1?_GUID_b196b287_bab4_101a_b69c_00aa00341d07@@3U__s_GUID@@BUtagCONNECTDATA@@V?$_Copy@UtagCONNECTDATA@@@ATL@@VCComSingleThreadModel@6@@ATL@@@ATL@@UEAAKXZ 0000000180001960 f i ElectronicValueRW.obj
 0001:0000096c       ?Release@?$CComObject@V?$CComEnum@UIEnumConnectionPoints@@$1?_GUID_b196b285_bab4_101a_b69c_00aa00341d07@@3U__s_GUID@@BPEAUIConnectionPoint@@V?$_CopyInterface@UIConnectionPoint@@@ATL@@VCComSingleThreadModel@6@@ATL@@@ATL@@UEAAKXZ 000000018000196c f i ElectronicValueRW.obj
 0001:0000096c       ?Release@?$CComObject@V?$CComEnum@UIEnumConnections@@$1?_GUID_b196b287_bab4_101a_b69c_00aa00341d07@@3U__s_GUID@@BUtagCONNECTDATA@@V?$_Copy@UtagCONNECTDATA@@@ATL@@VCComSingleThreadModel@6@@ATL@@@ATL@@UEAAKXZ 000000018000196c f i ElectronicValueRW.obj
 0001:000009c0       ?QueryInterface@?$CComObject@V?$CComEnum@UIEnumConnectionPoints@@$1?_GUID_b196b285_bab4_101a_b69c_00aa00341d07@@3U__s_GUID@@BPEAUIConnectionPoint@@V?$_CopyInterface@UIConnectionPoint@@@ATL@@VCComSingleThreadModel@6@@ATL@@@ATL@@UEAAJAEBU_GUID@@PEAPEAX@Z 00000001800019c0 f i ElectronicValueRW.obj
 0001:000009d4       ??_G?$CComObject@V?$CComEnum@UIEnumConnectionPoints@@$1?_GUID_b196b285_bab4_101a_b69c_00aa00341d07@@3U__s_GUID@@BPEAUIConnectionPoint@@V?$_CopyInterface@UIConnectionPoint@@@ATL@@VCComSingleThreadModel@6@@ATL@@@ATL@@UEAAPEAXI@Z 00000001800019d4 f i ElectronicValueRW.obj
 0001:000009d4       ??_E?$CComObject@V?$CComEnum@UIEnumConnectionPoints@@$1?_GUID_b196b285_bab4_101a_b69c_00aa00341d07@@3U__s_GUID@@BPEAUIConnectionPoint@@V?$_CopyInterface@UIConnectionPoint@@@ATL@@VCComSingleThreadModel@6@@ATL@@@ATL@@UEAAPEAXI@Z 00000001800019d4 f i ElectronicValueRW.obj
 0001:00000a2c       ?AddRef@?$CComObjectCached@VCComClassFactory@ATL@@@ATL@@UEAAKXZ 0000000180001a2c f i ElectronicValueRW.obj
 0001:00000a58       ?Release@?$CComObjectCached@VCComClassFactory@ATL@@@ATL@@UEAAKXZ 0000000180001a58 f i ElectronicValueRW.obj
 0001:00000a98       ?QueryInterface@?$CComObjectCached@VCComClassFactory@ATL@@@ATL@@UEAAJAEBU_GUID@@PEAPEAX@Z 0000000180001a98 f i ElectronicValueRW.obj
 0001:00000aac       ??_E?$CComObjectCached@VCComClassFactory@ATL@@@ATL@@UEAAPEAXI@Z 0000000180001aac f i ElectronicValueRW.obj
 0001:00000aac       ??_G?$CComObjectCached@VCComClassFactory@ATL@@@ATL@@UEAAPEAXI@Z 0000000180001aac f i ElectronicValueRW.obj
 0001:00000b04       ?Lock@CAtlModule@ATL@@UEAAJXZ 0000000180001b04 f i ElectronicValueRW.obj
 0001:00000b14       ?Unlock@CAtlModule@ATL@@UEAAJXZ 0000000180001b14 f i ElectronicValueRW.obj
 0001:00000b20       ?GetLockCount@CAtlModule@ATL@@UEAAJXZ 0000000180001b20 f i ElectronicValueRW.obj
 0001:00000b24       ?GetGITPtr@CAtlModule@ATL@@UEAAJPEAPEAUIGlobalInterfaceTable@@@Z 0000000180001b24 f i ElectronicValueRW.obj
 0001:00000b94       ?AddCommonRGSReplacements@?$CAtlModuleT@VCComModule@ATL@@@ATL@@UEAAJPEAUIRegistrarBase@@@Z 0000000180001b94 f i ElectronicValueRW.obj
 0001:00000bac       ?AddRef@?$CComAggObject@VCOPOSElectronicValueRW@@@ATL@@UEAAKXZ 0000000180001bac f i ElectronicValueRW.obj
 0001:00000bb8       ?Release@?$CComAggObject@VCOPOSElectronicValueRW@@@ATL@@UEAAKXZ 0000000180001bb8 f i ElectronicValueRW.obj
 0001:00000c0c       ?QueryInterface@?$CComAggObject@VCOPOSElectronicValueRW@@@ATL@@UEAAJAEBU_GUID@@PEAPEAX@Z 0000000180001c0c f i ElectronicValueRW.obj
 0001:00000c6c       ?UpdateRegistryFromResourceD@CComModule@ATL@@UEAAJIHPEAU_ATL_REGMAP_ENTRY@2@@Z 0000000180001c6c f i ElectronicValueRW.obj
 0001:00000c6c       ?UpdateRegistryFromResourceD@CComModule@ATL@@UEAAJPEB_WHPEAU_ATL_REGMAP_ENTRY@2@@Z 0000000180001c6c f i ElectronicValueRW.obj
 0001:00000c74       ?UpdateRegistryFromResource@CComModule@ATL@@UEAAJPEB_WHPEAU_ATL_REGMAP_ENTRY@2@@Z 0000000180001c74 f i ElectronicValueRW.obj
 0001:00000c7c       ?AddRef@?$CComContainedObject@VCOPOSElectronicValueRW@@@ATL@@UEAAKXZ 0000000180001c7c f i ElectronicValueRW.obj
 0001:00000c8c       ?Release@?$CComContainedObject@VCOPOSElectronicValueRW@@@ATL@@UEAAKXZ 0000000180001c8c f i ElectronicValueRW.obj
 0001:00000c9c       ?OnDrawAdvanced@CComControlBase@ATL@@UEAAJAEAUATL_DRAWINFO@@@Z 0000000180001c9c f i ElectronicValueRW.obj
 0001:00000dbc       ?UpdateRegistryFromResource@CComModule@ATL@@UEAAJIHPEAU_ATL_REGMAP_ENTRY@2@@Z 0000000180001dbc f i ElectronicValueRW.obj
 0001:00000dc4       ?QueryInterface@?$CComContainedObject@VCOPOSElectronicValueRW@@@ATL@@UEAAJAEBU_GUID@@PEAPEAX@Z 0000000180001dc4 f i ElectronicValueRW.obj
 0001:00000dd4       ??_E?$CComAggObject@VCOPOSElectronicValueRW@@@ATL@@UEAAPEAXI@Z 0000000180001dd4 f i ElectronicValueRW.obj
 0001:00000dd4       ??_G?$CComAggObject@VCOPOSElectronicValueRW@@@ATL@@UEAAPEAXI@Z 0000000180001dd4 f i ElectronicValueRW.obj
 0001:00000e2c       ??_ECComModule@ATL@@UEAAPEAXI@Z 0000000180001e2c f i ElectronicValueRW.obj
 0001:00000e2c       ??_GCComModule@ATL@@UEAAPEAXI@Z 0000000180001e2c f i ElectronicValueRW.obj
 0001:00000eac       ?AddRef@?$CComObject@VCOPOSElectronicValueRW@@@ATL@@UEAAKXZ 0000000180001eac f i ElectronicValueRW.obj
 0001:00000ebc       ?Release@?$CComObject@VCOPOSElectronicValueRW@@@ATL@@UEAAKXZ 0000000180001ebc f i ElectronicValueRW.obj
 0001:00000f14       ?QueryInterface@?$CComObject@VCOPOSElectronicValueRW@@@ATL@@UEAAJAEBU_GUID@@PEAPEAX@Z 0000000180001f14 f i ElectronicValueRW.obj
 0001:00000f28       ?GetClipboardData@?$IOleObjectImpl@VCOPOSElectronicValueRW@@@ATL@@UEAAJKPEAPEAUIDataObject@@@Z 0000000180001f28 f i ElectronicValueRW.obj
 0001:00000f28       ?GetRect@?$IViewObjectExImpl@VCOPOSElectronicValueRW@@@ATL@@UEAAJKPEAU_RECTL@@@Z 0000000180001f28 f i ElectronicValueRW.obj
 0001:00000f28       ?SetMoniker@?$IOleObjectImpl@VCOPOSElectronicValueRW@@@ATL@@UEAAJKPEAUIMoniker@@@Z 0000000180001f28 f i ElectronicValueRW.obj
 0001:00000f28       ?ReactivateAndUndo@?$IOleInPlaceObjectWindowlessImpl@VCOPOSElectronicValueRW@@@ATL@@UEAAJXZ 0000000180001f28 f i ElectronicValueRW.obj
 0001:00000f28       ?QueryGetData@?$IDataObjectImpl@VCOPOSElectronicValueRW@@@ATL@@UEAAJPEAUtagFORMATETC@@@Z 0000000180001f28 f i ElectronicValueRW.obj
 0001:00000f28       ?Freeze@?$IViewObjectExImpl@VCOPOSElectronicValueRW@@@ATL@@UEAAJKJPEAXPEAK@Z 0000000180001f28 f i ElectronicValueRW.obj
 0001:00000f28       ?GetCanonicalFormatEtc@?$IDataObjectImpl@VCOPOSElectronicValueRW@@@ATL@@UEAAJPEAUtagFORMATETC@@0@Z 0000000180001f28 f i ElectronicValueRW.obj
 0001:00000f28       ?GetDropTarget@?$IOleInPlaceObjectWindowlessImpl@VCOPOSElectronicValueRW@@@ATL@@UEAAJPEAPEAUIDropTarget@@@Z 0000000180001f28 f i ElectronicValueRW.obj
 0001:00000f28       ?GetControlInfo@?$IOleControlImpl@VCOPOSElectronicValueRW@@@ATL@@UEAAJPEAUtagCONTROLINFO@@@Z 0000000180001f28 f i ElectronicValueRW.obj
 0001:00000f28       ?Unfreeze@?$IViewObjectExImpl@VCOPOSElectronicValueRW@@@ATL@@UEAAJK@Z 0000000180001f28 f i ElectronicValueRW.obj
 0001:00000f28       ?InitFromData@?$IOleObjectImpl@VCOPOSElectronicValueRW@@@ATL@@UEAAJPEAUIDataObject@@HK@Z 0000000180001f28 f i ElectronicValueRW.obj
 0001:00000f28       ?GetDataHere@?$IDataObjectImpl@VCOPOSElectronicValueRW@@@ATL@@UEAAJPEAUtagFORMATETC@@PEAUtagSTGMEDIUM@@@Z 0000000180001f28 f i ElectronicValueRW.obj
 0001:00000f28       ?EnumFormatEtc@?$IDataObjectImpl@VCOPOSElectronicValueRW@@@ATL@@UEAAJKPEAPEAUIEnumFORMATETC@@@Z 0000000180001f28 f i ElectronicValueRW.obj
 0001:00000f28       ?QueryInterface@CRegObject@ATL@@UEAAJAEBU_GUID@@PEAPEAX@Z 0000000180001f28 f i ElectronicValueRW.obj
 0001:00000f28       ?GetMoniker@?$IOleObjectImpl@VCOPOSElectronicValueRW@@@ATL@@UEAAJKKPEAPEAUIMoniker@@@Z 0000000180001f28 f i ElectronicValueRW.obj
 0001:00000f28       ?OnMnemonic@?$IOleControlImpl@VCOPOSElectronicValueRW@@@ATL@@UEAAJPEAUtagMSG@@@Z 0000000180001f28 f i ElectronicValueRW.obj
 0001:00000f28       ?ContextSensitiveHelp@?$IOleInPlaceObjectWindowlessImpl@VCOPOSElectronicValueRW@@@ATL@@UEAAJH@Z 0000000180001f28 f i ElectronicValueRW.obj
 0001:00000f28       ?SetColorScheme@?$IOleObjectImpl@VCOPOSElectronicValueRW@@@ATL@@UEAAJPEAUtagLOGPALETTE@@@Z 0000000180001f28 f i ElectronicValueRW.obj
 0001:00000f28       ?GetColorSet@?$IViewObjectExImpl@VCOPOSElectronicValueRW@@@ATL@@UEAAJKJPEAXPEAUtagDVTARGETDEVICE@@PEAUHDC__@@PEAPEAUtagLOGPALETTE@@@Z 0000000180001f28 f i ElectronicValueRW.obj
 0001:00000f28       ?SetData@?$IDataObjectImpl@VCOPOSElectronicValueRW@@@ATL@@UEAAJPEAUtagFORMATETC@@PEAUtagSTGMEDIUM@@H@Z 0000000180001f28 f i ElectronicValueRW.obj
 0001:00000f28       ?ContextSensitiveHelp@?$IOleInPlaceActiveObjectImpl@VCOPOSElectronicValueRW@@@ATL@@UEAAJH@Z 0000000180001f28 f i ElectronicValueRW.obj
 0001:00000f30       _get_startup_argv_mode     0000000180001f30 f i LIBCMT:argv_mode.obj
 0001:00000f30       ?FAccessAllowed@?$IObjectSafetyImpl@VCOPOSElectronicValueRW@@$02@ATL@@MEAAHXZ 0000000180001f30 f i ElectronicValueRW.obj
 0001:00000f30       ?AddRef@CRegObject@ATL@@UEAAKXZ 0000000180001f30 f i ElectronicValueRW.obj
 0001:00000f38       ?IsUpToDate@?$IOleObjectImpl@VCOPOSElectronicValueRW@@@ATL@@UEAAJXZ 0000000180001f38 f i ElectronicValueRW.obj
 0001:00000f38       ?GetObjectDescription@?$CComCoClass@VCOPOSElectronicValueRW@@$1?CLSID_OPOSElectronicValueRW@@3U_GUID@@B@ATL@@SAPEB_WXZ 0000000180001f38 f i ElectronicValueRW.obj
 0001:00000f38       ?SetHostNames@?$IOleObjectImpl@VCOPOSElectronicValueRW@@@ATL@@UEAAJPEB_W0@Z 0000000180001f38 f i ElectronicValueRW.obj
 0001:00000f38       ?ResizeBorder@?$IOleInPlaceActiveObjectImpl@VCOPOSElectronicValueRW@@@ATL@@UEAAJPEBUtagRECT@@PEAUIOleInPlaceUIWindow@@H@Z 0000000180001f38 f i ElectronicValueRW.obj
 0001:00000f38       ?HandsOffStorage@?$IPersistStorageImpl@VCOPOSElectronicValueRW@@@ATL@@UEAAJXZ 0000000180001f38 f i ElectronicValueRW.obj
 0001:00000f38       ?OnAmbientPropertyChange@?$IOleControlImpl@VCOPOSElectronicValueRW@@@ATL@@UEAAJJ@Z 0000000180001f38 f i ElectronicValueRW.obj
 0001:00000f38       ?Update@?$IOleObjectImpl@VCOPOSElectronicValueRW@@@ATL@@UEAAJXZ 0000000180001f38 f i ElectronicValueRW.obj
 0001:00000f38       ?EnableModeless@?$IOleInPlaceActiveObjectImpl@VCOPOSElectronicValueRW@@@ATL@@UEAAJH@Z 0000000180001f38 f i ElectronicValueRW.obj
 0001:00000f38       ?GetCategoryMap@CComObjectRootBase@ATL@@SAPEBU_ATL_CATMAP_ENTRY@2@XZ 0000000180001f38 f i ElectronicValueRW.obj
 0001:00000f38       ?OnFrameWindowActivate@?$IOleInPlaceActiveObjectImpl@VCOPOSElectronicValueRW@@@ATL@@UEAAJH@Z 0000000180001f38 f i ElectronicValueRW.obj
 0001:00000f38       ?SaveCompleted@?$IPersistStorageImpl@VCOPOSElectronicValueRW@@@ATL@@UEAAJPEAUIStorage@@@Z 0000000180001f38 f i ElectronicValueRW.obj
 0001:00000f38       ?Release@CRegObject@ATL@@UEAAKXZ 0000000180001f38 f i ElectronicValueRW.obj
 0001:00000f3c       ?AddReplacement@CRegObject@ATL@@UEAAJPEB_W0@Z 0000000180001f3c f i ElectronicValueRW.obj
 0001:00000f6c       ?ClearReplacements@CRegObject@ATL@@UEAAJXZ 0000000180001f6c f i ElectronicValueRW.obj
 0001:00000f78       ??_ECRegObject@ATL@@UEAAPEAXI@Z 0000000180001f78 f i ElectronicValueRW.obj
 0001:00000f78       ??_GCRegObject@ATL@@UEAAPEAXI@Z 0000000180001f78 f i ElectronicValueRW.obj
 0001:00000ff8       ?Next@?$CComEnumImpl@UIEnumConnections@@$1?_GUID_b196b287_bab4_101a_b69c_00aa00341d07@@3U__s_GUID@@BUtagCONNECTDATA@@V?$_Copy@UtagCONNECTDATA@@@ATL@@@ATL@@UEAAJKPEAUtagCONNECTDATA@@PEAK@Z 0000000180001ff8 f i ElectronicValueRW.obj
 0001:000010cc       ?Skip@?$CComEnumImpl@UIEnumConnections@@$1?_GUID_b196b287_bab4_101a_b69c_00aa00341d07@@3U__s_GUID@@BUtagCONNECTDATA@@V?$_Copy@UtagCONNECTDATA@@@ATL@@@ATL@@UEAAJK@Z 00000001800020cc f i ElectronicValueRW.obj
 0001:000010f8       ?Reset@?$CComEnumImpl@UIEnumConnections@@$1?_GUID_b196b287_bab4_101a_b69c_00aa00341d07@@3U__s_GUID@@BUtagCONNECTDATA@@V?$_Copy@UtagCONNECTDATA@@@ATL@@@ATL@@UEAAJXZ 00000001800020f8 f i ElectronicValueRW.obj
 0001:000010f8       ?Reset@?$CComEnumImpl@UIEnumConnectionPoints@@$1?_GUID_b196b285_bab4_101a_b69c_00aa00341d07@@3U__s_GUID@@BPEAUIConnectionPoint@@V?$_CopyInterface@UIConnectionPoint@@@ATL@@@ATL@@UEAAJXZ 00000001800020f8 f i ElectronicValueRW.obj
 0001:00001104       ?Clone@?$CComEnumImpl@UIEnumConnections@@$1?_GUID_b196b287_bab4_101a_b69c_00aa00341d07@@3U__s_GUID@@BUtagCONNECTDATA@@V?$_Copy@UtagCONNECTDATA@@@ATL@@@ATL@@UEAAJPEAPEAUIEnumConnections@@@Z 0000000180002104 f i ElectronicValueRW.obj
 0001:00001230       ?QueryInterface@?$CComObject@V?$CComEnum@UIEnumConnections@@$1?_GUID_b196b287_bab4_101a_b69c_00aa00341d07@@3U__s_GUID@@BUtagCONNECTDATA@@V?$_Copy@UtagCONNECTDATA@@@ATL@@VCComSingleThreadModel@6@@ATL@@@ATL@@UEAAJAEBU_GUID@@PEAPEAX@Z 0000000180002230 f i ElectronicValueRW.obj
 0001:00001244       ??_G?$CComObject@V?$CComEnum@UIEnumConnections@@$1?_GUID_b196b287_bab4_101a_b69c_00aa00341d07@@3U__s_GUID@@BUtagCONNECTDATA@@V?$_Copy@UtagCONNECTDATA@@@ATL@@VCComSingleThreadModel@6@@ATL@@@ATL@@UEAAPEAXI@Z 0000000180002244 f i ElectronicValueRW.obj
 0001:00001244       ??_E?$CComObject@V?$CComEnum@UIEnumConnections@@$1?_GUID_b196b287_bab4_101a_b69c_00aa00341d07@@3U__s_GUID@@BUtagCONNECTDATA@@V?$_Copy@UtagCONNECTDATA@@@ATL@@VCComSingleThreadModel@6@@ATL@@@ATL@@UEAAPEAXI@Z 0000000180002244 f i ElectronicValueRW.obj
 0001:0000129c       ?GetWindowProc@?$CWindowImplBaseT@VCWindow@ATL@@V?$CWinTraits@$0FGAAAAAA@$0A@@2@@ATL@@UEAAP6A_JPEAUHWND__@@I_K_J@ZXZ 000000018000229c f i ElectronicValueRW.obj
 0001:000012a4       ?StartWindowProc@?$CWindowImplBaseT@VCWindow@ATL@@V?$CWinTraits@$0FGAAAAAA@$0A@@2@@ATL@@SA_JPEAUHWND__@@I_K_J@Z 00000001800022a4 f i ElectronicValueRW.obj
 0001:00001368       ??_E?$CComObject@VCOPOSElectronicValueRW@@@ATL@@W7EAAPEAXI@Z 0000000180002368 f i ElectronicValueRW.obj
 0001:00001374       ??_E?$CComObject@VCOPOSElectronicValueRW@@@ATL@@WHA@EAAPEAXI@Z 0000000180002374 f i ElectronicValueRW.obj
 0001:00001380       ?QueryInterface@?$CComObject@VCOPOSElectronicValueRW@@@ATL@@WLI@EAAJAEBU_GUID@@PEAPEAX@Z 0000000180002380 f i ElectronicValueRW.obj
 0001:0000138c       ?AddRef@?$CComObject@VCOPOSElectronicValueRW@@@ATL@@WLI@EAAKXZ 000000018000238c f i ElectronicValueRW.obj
 0001:00001398       ?Release@?$CComObject@VCOPOSElectronicValueRW@@@ATL@@WLI@EAAKXZ 0000000180002398 f i ElectronicValueRW.obj
 0001:000013a4       ?QueryInterface@?$CComObject@VCOPOSElectronicValueRW@@@ATL@@WMA@EAAJAEBU_GUID@@PEAPEAX@Z 00000001800023a4 f i ElectronicValueRW.obj
 0001:000013b0       ?AddRef@?$CComObject@VCOPOSElectronicValueRW@@@ATL@@WMA@EAAKXZ 00000001800023b0 f i ElectronicValueRW.obj
 0001:000013bc       ?Release@?$CComObject@VCOPOSElectronicValueRW@@@ATL@@WMA@EAAKXZ 00000001800023bc f i ElectronicValueRW.obj
 0001:000013c8       ?QueryInterface@?$CComObject@VCOPOSElectronicValueRW@@@ATL@@WMI@EAAJAEBU_GUID@@PEAPEAX@Z 00000001800023c8 f i ElectronicValueRW.obj
 0001:000013d4       ?AddRef@?$CComObject@VCOPOSElectronicValueRW@@@ATL@@WMI@EAAKXZ 00000001800023d4 f i ElectronicValueRW.obj
 0001:000013e0       ?Release@?$CComObject@VCOPOSElectronicValueRW@@@ATL@@WMI@EAAKXZ 00000001800023e0 f i ElectronicValueRW.obj
 0001:000013ec       ?QueryInterface@?$CComObject@VCOPOSElectronicValueRW@@@ATL@@WNA@EAAJAEBU_GUID@@PEAPEAX@Z 00000001800023ec f i ElectronicValueRW.obj
 0001:000013f8       ?AddRef@?$CComObject@VCOPOSElectronicValueRW@@@ATL@@WNA@EAAKXZ 00000001800023f8 f i ElectronicValueRW.obj
 0001:00001404       ?Release@?$CComObject@VCOPOSElectronicValueRW@@@ATL@@WNA@EAAKXZ 0000000180002404 f i ElectronicValueRW.obj
 0001:00001410       ?QueryInterface@?$CComObject@VCOPOSElectronicValueRW@@@ATL@@WNI@EAAJAEBU_GUID@@PEAPEAX@Z 0000000180002410 f i ElectronicValueRW.obj
 0001:0000141c       ?AddRef@?$CComObject@VCOPOSElectronicValueRW@@@ATL@@WNI@EAAKXZ 000000018000241c f i ElectronicValueRW.obj
 0001:00001428       ?Release@?$CComObject@VCOPOSElectronicValueRW@@@ATL@@WNI@EAAKXZ 0000000180002428 f i ElectronicValueRW.obj
 0001:00001434       ?QueryInterface@?$CComObject@VCOPOSElectronicValueRW@@@ATL@@WOA@EAAJAEBU_GUID@@PEAPEAX@Z 0000000180002434 f i ElectronicValueRW.obj
 0001:00001440       ?AddRef@?$CComObject@VCOPOSElectronicValueRW@@@ATL@@WOA@EAAKXZ 0000000180002440 f i ElectronicValueRW.obj
 0001:0000144c       ?OnFinalMessage@?$CWindowImplBaseT@VCWindow@ATL@@V?$CWinTraits@$0FGAAAAAA@$0A@@2@@ATL@@UEAAXPEAUHWND__@@@Z 000000018000244c f i ElectronicValueRW.obj
 0001:0000144c       _guard_check_icall_nop     000000018000244c f i LIBCMT:guard_support.obj
 0001:0000144c       ?ObjectMain@CComObjectRootBase@ATL@@SAX_N@Z 000000018000244c f i ElectronicValueRW.obj
 0001:00001450       ?Release@?$CComObject@VCOPOSElectronicValueRW@@@ATL@@WOA@EAAKXZ 0000000180002450 f i ElectronicValueRW.obj
 0001:0000145c       ?QueryInterface@?$CComObject@VCOPOSElectronicValueRW@@@ATL@@WOI@EAAJAEBU_GUID@@PEAPEAX@Z 000000018000245c f i ElectronicValueRW.obj
 0001:00001468       ?AddRef@?$CComObject@VCOPOSElectronicValueRW@@@ATL@@WOI@EAAKXZ 0000000180002468 f i ElectronicValueRW.obj
 0001:00001474       ?Release@?$CComObject@VCOPOSElectronicValueRW@@@ATL@@WOI@EAAKXZ 0000000180002474 f i ElectronicValueRW.obj
 0001:00001480       ?QueryInterface@?$CComObject@VCOPOSElectronicValueRW@@@ATL@@WPA@EAAJAEBU_GUID@@PEAPEAX@Z 0000000180002480 f i ElectronicValueRW.obj
 0001:0000148c       ?AddRef@?$CComObject@VCOPOSElectronicValueRW@@@ATL@@WPA@EAAKXZ 000000018000248c f i ElectronicValueRW.obj
 0001:00001498       ?Release@?$CComObject@VCOPOSElectronicValueRW@@@ATL@@WPA@EAAKXZ 0000000180002498 f i ElectronicValueRW.obj
 0001:000014a4       ?QueryInterface@?$CComObject@VCOPOSElectronicValueRW@@@ATL@@WPI@EAAJAEBU_GUID@@PEAPEAX@Z 00000001800024a4 f i ElectronicValueRW.obj
 0001:000014b0       ?AddRef@?$CComObject@VCOPOSElectronicValueRW@@@ATL@@WPI@EAAKXZ 00000001800024b0 f i ElectronicValueRW.obj
 0001:000014bc       ?Release@?$CComObject@VCOPOSElectronicValueRW@@@ATL@@WPI@EAAKXZ 00000001800024bc f i ElectronicValueRW.obj
 0001:000014c8       ?QueryInterface@?$CComObject@VCOPOSElectronicValueRW@@@ATL@@WBAA@EAAJAEBU_GUID@@PEAPEAX@Z 00000001800024c8 f i ElectronicValueRW.obj
 0001:000014d4       ?AddRef@?$CComObject@VCOPOSElectronicValueRW@@@ATL@@WBAA@EAAKXZ 00000001800024d4 f i ElectronicValueRW.obj
 0001:000014e0       ?Release@?$CComObject@VCOPOSElectronicValueRW@@@ATL@@WBAA@EAAKXZ 00000001800024e0 f i ElectronicValueRW.obj
 0001:000014ec       ?QueryInterface@?$CComObject@VCOPOSElectronicValueRW@@@ATL@@WBAI@EAAJAEBU_GUID@@PEAPEAX@Z 00000001800024ec f i ElectronicValueRW.obj
 0001:000014f8       ?AddRef@?$CComObject@VCOPOSElectronicValueRW@@@ATL@@WBAI@EAAKXZ 00000001800024f8 f i ElectronicValueRW.obj
 0001:00001504       ?Release@?$CComObject@VCOPOSElectronicValueRW@@@ATL@@WBAI@EAAKXZ 0000000180002504 f i ElectronicValueRW.obj
 0001:00001510       ?QueryInterface@?$CComObject@VCOPOSElectronicValueRW@@@ATL@@WBBA@EAAJAEBU_GUID@@PEAPEAX@Z 0000000180002510 f i ElectronicValueRW.obj
 0001:0000151c       ?AddRef@?$CComObject@VCOPOSElectronicValueRW@@@ATL@@WBBA@EAAKXZ 000000018000251c f i ElectronicValueRW.obj
 0001:00001528       ?Release@?$CComObject@VCOPOSElectronicValueRW@@@ATL@@WBBA@EAAKXZ 0000000180002528 f i ElectronicValueRW.obj
 0001:00001534       ?QueryInterface@?$CComObject@VCOPOSElectronicValueRW@@@ATL@@WBBI@EAAJAEBU_GUID@@PEAPEAX@Z 0000000180002534 f i ElectronicValueRW.obj
 0001:00001540       ?AddRef@?$CComObject@VCOPOSElectronicValueRW@@@ATL@@WBBI@EAAKXZ 0000000180002540 f i ElectronicValueRW.obj
 0001:0000154c       ?Release@?$CComObject@VCOPOSElectronicValueRW@@@ATL@@WBBI@EAAKXZ 000000018000254c f i ElectronicValueRW.obj
 0001:00001558       ?AddRef@?$CComObject@VCOPOSElectronicValueRW@@@ATL@@WBCI@EAAKXZ 0000000180002558 f i ElectronicValueRW.obj
 0001:00001564       ?Release@?$CComObject@VCOPOSElectronicValueRW@@@ATL@@WBCI@EAAKXZ 0000000180002564 f i ElectronicValueRW.obj
 0001:00001570       ?AddRef@?$CComObject@VCOPOSElectronicValueRW@@@ATL@@WBEA@EAAKXZ 0000000180002570 f i ElectronicValueRW.obj
 0001:0000157c       ?Release@?$CComObject@VCOPOSElectronicValueRW@@@ATL@@WBEA@EAAKXZ 000000018000257c f i ElectronicValueRW.obj
 0001:00001588       ??_E?$CComContainedObject@VCOPOSElectronicValueRW@@@ATL@@W7EAAPEAXI@Z 0000000180002588 f i ElectronicValueRW.obj
 0001:00001594       ??_E?$CComContainedObject@VCOPOSElectronicValueRW@@@ATL@@WHA@EAAPEAXI@Z 0000000180002594 f i ElectronicValueRW.obj
 0001:000015a0       ?QueryInterface@?$CComContainedObject@VCOPOSElectronicValueRW@@@ATL@@WLI@EAAJAEBU_GUID@@PEAPEAX@Z 00000001800025a0 f i ElectronicValueRW.obj
 0001:000015ac       ?AddRef@?$CComContainedObject@VCOPOSElectronicValueRW@@@ATL@@WLI@EAAKXZ 00000001800025ac f i ElectronicValueRW.obj
 0001:000015b8       ?Release@?$CComContainedObject@VCOPOSElectronicValueRW@@@ATL@@WLI@EAAKXZ 00000001800025b8 f i ElectronicValueRW.obj
 0001:000015c4       ?QueryInterface@?$CComContainedObject@VCOPOSElectronicValueRW@@@ATL@@WMA@EAAJAEBU_GUID@@PEAPEAX@Z 00000001800025c4 f i ElectronicValueRW.obj
 0001:000015d0       ?AddRef@?$CComContainedObject@VCOPOSElectronicValueRW@@@ATL@@WMA@EAAKXZ 00000001800025d0 f i ElectronicValueRW.obj
 0001:000015dc       ?Release@?$CComContainedObject@VCOPOSElectronicValueRW@@@ATL@@WMA@EAAKXZ 00000001800025dc f i ElectronicValueRW.obj
 0001:000015e8       ?QueryInterface@?$CComContainedObject@VCOPOSElectronicValueRW@@@ATL@@WMI@EAAJAEBU_GUID@@PEAPEAX@Z 00000001800025e8 f i ElectronicValueRW.obj
 0001:000015f4       ?AddRef@?$CComContainedObject@VCOPOSElectronicValueRW@@@ATL@@WMI@EAAKXZ 00000001800025f4 f i ElectronicValueRW.obj
 0001:00001600       ?Release@?$CComContainedObject@VCOPOSElectronicValueRW@@@ATL@@WMI@EAAKXZ 0000000180002600 f i ElectronicValueRW.obj
 0001:0000160c       ?QueryInterface@?$CComContainedObject@VCOPOSElectronicValueRW@@@ATL@@WNA@EAAJAEBU_GUID@@PEAPEAX@Z 000000018000260c f i ElectronicValueRW.obj
 0001:00001618       ?AddRef@?$CComContainedObject@VCOPOSElectronicValueRW@@@ATL@@WNA@EAAKXZ 0000000180002618 f i ElectronicValueRW.obj
 0001:00001624       ?Release@?$CComContainedObject@VCOPOSElectronicValueRW@@@ATL@@WNA@EAAKXZ 0000000180002624 f i ElectronicValueRW.obj
 0001:00001630       ?QueryInterface@?$CComContainedObject@VCOPOSElectronicValueRW@@@ATL@@WNI@EAAJAEBU_GUID@@PEAPEAX@Z 0000000180002630 f i ElectronicValueRW.obj
 0001:0000163c       ?AddRef@?$CComContainedObject@VCOPOSElectronicValueRW@@@ATL@@WNI@EAAKXZ 000000018000263c f i ElectronicValueRW.obj
 0001:00001648       ?Release@?$CComContainedObject@VCOPOSElectronicValueRW@@@ATL@@WNI@EAAKXZ 0000000180002648 f i ElectronicValueRW.obj
 0001:00001654       ?QueryInterface@?$CComContainedObject@VCOPOSElectronicValueRW@@@ATL@@WOA@EAAJAEBU_GUID@@PEAPEAX@Z 0000000180002654 f i ElectronicValueRW.obj
 0001:00001660       ?AddRef@?$CComContainedObject@VCOPOSElectronicValueRW@@@ATL@@WOA@EAAKXZ 0000000180002660 f i ElectronicValueRW.obj
 0001:0000166c       ?Release@?$CComContainedObject@VCOPOSElectronicValueRW@@@ATL@@WOA@EAAKXZ 000000018000266c f i ElectronicValueRW.obj
 0001:00001678       ?QueryInterface@?$CComContainedObject@VCOPOSElectronicValueRW@@@ATL@@WOI@EAAJAEBU_GUID@@PEAPEAX@Z 0000000180002678 f i ElectronicValueRW.obj
 0001:00001684       ?AddRef@?$CComContainedObject@VCOPOSElectronicValueRW@@@ATL@@WOI@EAAKXZ 0000000180002684 f i ElectronicValueRW.obj
 0001:00001690       ?Release@?$CComContainedObject@VCOPOSElectronicValueRW@@@ATL@@WOI@EAAKXZ 0000000180002690 f i ElectronicValueRW.obj
 0001:0000169c       ?QueryInterface@?$CComContainedObject@VCOPOSElectronicValueRW@@@ATL@@WPA@EAAJAEBU_GUID@@PEAPEAX@Z 000000018000269c f i ElectronicValueRW.obj
 0001:000016a8       ?AddRef@?$CComContainedObject@VCOPOSElectronicValueRW@@@ATL@@WPA@EAAKXZ 00000001800026a8 f i ElectronicValueRW.obj
 0001:000016b4       ?Release@?$CComContainedObject@VCOPOSElectronicValueRW@@@ATL@@WPA@EAAKXZ 00000001800026b4 f i ElectronicValueRW.obj
 0001:000016c0       ?QueryInterface@?$CComContainedObject@VCOPOSElectronicValueRW@@@ATL@@WPI@EAAJAEBU_GUID@@PEAPEAX@Z 00000001800026c0 f i ElectronicValueRW.obj
 0001:000016cc       ?AddRef@?$CComContainedObject@VCOPOSElectronicValueRW@@@ATL@@WPI@EAAKXZ 00000001800026cc f i ElectronicValueRW.obj
 0001:000016d8       ?Release@?$CComContainedObject@VCOPOSElectronicValueRW@@@ATL@@WPI@EAAKXZ 00000001800026d8 f i ElectronicValueRW.obj
 0001:000016e4       ?QueryInterface@?$CComContainedObject@VCOPOSElectronicValueRW@@@ATL@@WBAA@EAAJAEBU_GUID@@PEAPEAX@Z 00000001800026e4 f i ElectronicValueRW.obj
 0001:000016f0       ?AddRef@?$CComContainedObject@VCOPOSElectronicValueRW@@@ATL@@WBAA@EAAKXZ 00000001800026f0 f i ElectronicValueRW.obj
 0001:000016fc       ?Release@?$CComContainedObject@VCOPOSElectronicValueRW@@@ATL@@WBAA@EAAKXZ 00000001800026fc f i ElectronicValueRW.obj
 0001:00001708       ?QueryInterface@?$CComContainedObject@VCOPOSElectronicValueRW@@@ATL@@WBAI@EAAJAEBU_GUID@@PEAPEAX@Z 0000000180002708 f i ElectronicValueRW.obj
 0001:00001714       ?AddRef@?$CComContainedObject@VCOPOSElectronicValueRW@@@ATL@@WBAI@EAAKXZ 0000000180002714 f i ElectronicValueRW.obj
 0001:00001720       ?Release@?$CComContainedObject@VCOPOSElectronicValueRW@@@ATL@@WBAI@EAAKXZ 0000000180002720 f i ElectronicValueRW.obj
 0001:0000172c       ?QueryInterface@?$CComContainedObject@VCOPOSElectronicValueRW@@@ATL@@WBBA@EAAJAEBU_GUID@@PEAPEAX@Z 000000018000272c f i ElectronicValueRW.obj
 0001:00001738       ?AddRef@?$CComContainedObject@VCOPOSElectronicValueRW@@@ATL@@WBBA@EAAKXZ 0000000180002738 f i ElectronicValueRW.obj
 0001:00001744       ?Release@?$CComContainedObject@VCOPOSElectronicValueRW@@@ATL@@WBBA@EAAKXZ 0000000180002744 f i ElectronicValueRW.obj
 0001:00001750       ?QueryInterface@?$CComContainedObject@VCOPOSElectronicValueRW@@@ATL@@WBBI@EAAJAEBU_GUID@@PEAPEAX@Z 0000000180002750 f i ElectronicValueRW.obj
 0001:0000175c       ?AddRef@?$CComContainedObject@VCOPOSElectronicValueRW@@@ATL@@WBBI@EAAKXZ 000000018000275c f i ElectronicValueRW.obj
 0001:00001768       ?Release@?$CComContainedObject@VCOPOSElectronicValueRW@@@ATL@@WBBI@EAAKXZ 0000000180002768 f i ElectronicValueRW.obj
 0001:00001774       ?AddRef@?$CComContainedObject@VCOPOSElectronicValueRW@@@ATL@@WBCI@EAAKXZ 0000000180002774 f i ElectronicValueRW.obj
 0001:00001780       ?Release@?$CComContainedObject@VCOPOSElectronicValueRW@@@ATL@@WBCI@EAAKXZ 0000000180002780 f i ElectronicValueRW.obj
 0001:0000178c       ?AddRef@?$CComContainedObject@VCOPOSElectronicValueRW@@@ATL@@WBEA@EAAKXZ 000000018000278c f i ElectronicValueRW.obj
 0001:00001798       ?Release@?$CComContainedObject@VCOPOSElectronicValueRW@@@ATL@@WBEA@EAAKXZ 0000000180002798 f i ElectronicValueRW.obj
 0001:000017a4       ?GetTypeInfoCount@?$IDispatchImpl@UIOPOSElectronicValueRW@@$1?IID_IOPOSElectronicValueRW@@3U_GUID@@B$1?LIBID_OposElectronicValueRW_CCO@@3U3@B$00$0A@VCComTypeInfoHolder@ATL@@@ATL@@UEAAJPEAI@Z 00000001800027a4 f i ElectronicValueRW.obj
 0001:000017b8       ?GetTypeInfo@?$IDispatchImpl@UIOPOSElectronicValueRW@@$1?IID_IOPOSElectronicValueRW@@3U_GUID@@B$1?LIBID_OposElectronicValueRW_CCO@@3U3@B$00$0A@VCComTypeInfoHolder@ATL@@@ATL@@UEAAJIKPEAPEAUITypeInfo@@@Z 00000001800027b8 f i ElectronicValueRW.obj
 0001:0000181c       ?GetIDsOfNames@?$IDispatchImpl@UIOPOSElectronicValueRW@@$1?IID_IOPOSElectronicValueRW@@3U_GUID@@B$1?LIBID_OposElectronicValueRW_CCO@@3U3@B$00$0A@VCComTypeInfoHolder@ATL@@@ATL@@UEAAJAEBU_GUID@@PEAPEA_WIKPEAJ@Z 000000018000281c f i ElectronicValueRW.obj
 0001:00001828       ?Invoke@?$IDispatchImpl@UIOPOSElectronicValueRW@@$1?IID_IOPOSElectronicValueRW@@3U_GUID@@B$1?LIBID_OposElectronicValueRW_CCO@@3U3@B$00$0A@VCComTypeInfoHolder@ATL@@@ATL@@UEAAJJAEBU_GUID@@KGPEAUtagDISPPARAMS@@PEAUtagVARIANT@@PEAUtagEXCEPINFO@@PEAI@Z 0000000180002828 f i ElectronicValueRW.obj
 0001:000018b8       ?CreateControlWindow@?$CComControl@VCOPOSElectronicValueRW@@V?$CWindowImpl@VCOPOSElectronicValueRW@@VCWindow@ATL@@V?$CWinTraits@$0FGAAAAAA@$0A@@3@@ATL@@@ATL@@UEAAPEAUHWND__@@PEAU3@AEAUtagRECT@@@Z 00000001800028b8 f i ElectronicValueRW.obj
 0001:000018f0       ?ControlQueryInterface@?$CComControl@VCOPOSElectronicValueRW@@V?$CWindowImpl@VCOPOSElectronicValueRW@@VCWindow@ATL@@V?$CWinTraits@$0FGAAAAAA@$0A@@3@@ATL@@@ATL@@UEAAJAEBU_GUID@@PEAPEAX@Z 00000001800028f0 f i ElectronicValueRW.obj
 0001:00001904       ?GetClassID@?$IPersistStorageImpl@VCOPOSElectronicValueRW@@@ATL@@UEAAJPEAU_GUID@@@Z 0000000180002904 f i ElectronicValueRW.obj
 0001:00001904       ?GetUserClassID@?$IOleObjectImpl@VCOPOSElectronicValueRW@@@ATL@@UEAAJPEAU_GUID@@@Z 0000000180002904 f i ElectronicValueRW.obj
 0001:00001904       ?GetClassID@?$IPersistStreamInitImpl@VCOPOSElectronicValueRW@@@ATL@@UEAAJPEAU_GUID@@@Z 0000000180002904 f i ElectronicValueRW.obj
 0001:00001920       ?IsDirty@?$IPersistStreamInitImpl@VCOPOSElectronicValueRW@@@ATL@@UEAAJXZ 0000000180002920 f i ElectronicValueRW.obj
 0001:0000193c       ?Load@?$IPersistStreamInitImpl@VCOPOSElectronicValueRW@@@ATL@@UEAAJPEAUIStream@@@Z 000000018000293c f i ElectronicValueRW.obj
 0001:0000198c       ?Save@?$IPersistStreamInitImpl@VCOPOSElectronicValueRW@@@ATL@@UEAAJPEAUIStream@@H@Z 000000018000298c f i ElectronicValueRW.obj
 0001:000019f0       ?GetSizeMax@?$IPersistStreamInitImpl@VCOPOSElectronicValueRW@@@ATL@@UEAAJPEAT_ULARGE_INTEGER@@@Z 00000001800029f0 f i ElectronicValueRW.obj
 0001:00001c1c       ?InitNew@?$IPersistStreamInitImpl@VCOPOSElectronicValueRW@@@ATL@@UEAAJXZ 0000000180002c1c f i ElectronicValueRW.obj
 0001:00001c34       ?SetClientSite@?$IOleObjectImpl@VCOPOSElectronicValueRW@@@ATL@@UEAAJPEAUIOleClientSite@@@Z 0000000180002c34 f i ElectronicValueRW.obj
 0001:00001c50       ?GetClientSite@?$IOleObjectImpl@VCOPOSElectronicValueRW@@@ATL@@UEAAJPEAPEAUIOleClientSite@@@Z 0000000180002c50 f i ElectronicValueRW.obj
 0001:00001c98       ?Close@?$IOleObjectImpl@VCOPOSElectronicValueRW@@@ATL@@UEAAJK@Z 0000000180002c98 f i ElectronicValueRW.obj
 0001:00001cb4       ?DoVerb@?$IOleObjectImpl@VCOPOSElectronicValueRW@@@ATL@@UEAAJJPEAUtagMSG@@PEAUIOleClientSite@@JPEAUHWND__@@PEBUtagRECT@@@Z 0000000180002cb4 f i ElectronicValueRW.obj
 0001:00001e58       ?EnumVerbs@?$IOleObjectImpl@VCOPOSElectronicValueRW@@@ATL@@UEAAJPEAPEAUIEnumOLEVERB@@@Z 0000000180002e58 f i ElectronicValueRW.obj
 0001:00001e74       ?GetUserType@?$IOleObjectImpl@VCOPOSElectronicValueRW@@@ATL@@UEAAJKPEAPEA_W@Z 0000000180002e74 f i ElectronicValueRW.obj
 0001:00001e84       ?SetExtent@?$IOleObjectImpl@VCOPOSElectronicValueRW@@@ATL@@UEAAJKPEAUtagSIZE@@@Z 0000000180002e84 f i ElectronicValueRW.obj
 0001:00001ea0       ?GetExtent@?$IOleObjectImpl@VCOPOSElectronicValueRW@@@ATL@@UEAAJKPEAUtagSIZE@@@Z 0000000180002ea0 f i ElectronicValueRW.obj
 0001:00001ed0       ?Advise@?$IOleObjectImpl@VCOPOSElectronicValueRW@@@ATL@@UEAAJPEAUIAdviseSink@@PEAK@Z 0000000180002ed0 f i ElectronicValueRW.obj
 0001:00001f2c       ?Unadvise@?$IOleObjectImpl@VCOPOSElectronicValueRW@@@ATL@@UEAAJK@Z 0000000180002f2c f i ElectronicValueRW.obj
 0001:00001f64       ?EnumAdvise@?$IOleObjectImpl@VCOPOSElectronicValueRW@@@ATL@@UEAAJPEAPEAUIEnumSTATDATA@@@Z 0000000180002f64 f i ElectronicValueRW.obj
 0001:00001fac       ?GetMiscStatus@?$IOleObjectImpl@VCOPOSElectronicValueRW@@@ATL@@UEAAJKPEAK@Z 0000000180002fac f i ElectronicValueRW.obj
 0001:00001fbc       ?GetWindow@?$IOleInPlaceActiveObjectImpl@VCOPOSElectronicValueRW@@@ATL@@UEAAJPEAPEAUHWND__@@@Z 0000000180002fbc f i ElectronicValueRW.obj
 0001:00002010       ?TranslateAcceleratorW@?$IOleInPlaceActiveObjectImpl@VCOPOSElectronicValueRW@@@ATL@@UEAAJPEAUtagMSG@@@Z 0000000180003010 f i ElectronicValueRW.obj
 0001:00002104       ?OnDocWindowActivate@?$IOleInPlaceActiveObjectImpl@VCOPOSElectronicValueRW@@@ATL@@UEAAJH@Z 0000000180003104 f i ElectronicValueRW.obj
 0001:00002130       ?Draw@?$IViewObjectExImpl@VCOPOSElectronicValueRW@@@ATL@@UEAAJKJPEAXPEAUtagDVTARGETDEVICE@@PEAUHDC__@@2PEBU_RECTL@@3P6AH_K@Z4@Z 0000000180003130 f i ElectronicValueRW.obj
 0001:00002194       ?SetAdvise@?$IViewObjectExImpl@VCOPOSElectronicValueRW@@@ATL@@UEAAJKKPEAUIAdviseSink@@@Z 0000000180003194 f i ElectronicValueRW.obj
 0001:000021e8       ?GetAdvise@?$IViewObjectExImpl@VCOPOSElectronicValueRW@@@ATL@@UEAAJPEAK0PEAPEAUIAdviseSink@@@Z 00000001800031e8 f i ElectronicValueRW.obj
 0001:00002224       ?GetExtent@?$IViewObjectExImpl@VCOPOSElectronicValueRW@@@ATL@@UEAAJKJPEAUtagDVTARGETDEVICE@@PEAUtagSIZE@@@Z 0000000180003224 f i ElectronicValueRW.obj
 0001:00002254       ?GetViewStatus@?$IViewObjectExImpl@VCOPOSElectronicValueRW@@@ATL@@UEAAJPEAK@Z 0000000180003254 f i ElectronicValueRW.obj
 0001:00002268       ?QueryHitPoint@?$IViewObjectExImpl@VCOPOSElectronicValueRW@@@ATL@@UEAAJKPEBUtagRECT@@UtagPOINT@@JPEAK@Z 0000000180003268 f i ElectronicValueRW.obj
 0001:000022ac       ?QueryHitRect@?$IViewObjectExImpl@VCOPOSElectronicValueRW@@@ATL@@UEAAJKPEBUtagRECT@@0JPEAK@Z 00000001800032ac f i ElectronicValueRW.obj
 0001:00002314       ?GetNaturalExtent@?$IViewObjectExImpl@VCOPOSElectronicValueRW@@@ATL@@UEAAJKJPEAUtagDVTARGETDEVICE@@PEAUHDC__@@PEAUtagExtentInfo@@PEAUtagSIZE@@@Z 0000000180003314 f i ElectronicValueRW.obj
 0001:0000235c       ?GetWindow@?$IOleInPlaceObjectWindowlessImpl@VCOPOSElectronicValueRW@@@ATL@@UEAAJPEAPEAUHWND__@@@Z 000000018000335c f i ElectronicValueRW.obj
 0001:000023b0       ?InPlaceDeactivate@?$IOleInPlaceObjectWindowlessImpl@VCOPOSElectronicValueRW@@@ATL@@UEAAJXZ 00000001800033b0 f i ElectronicValueRW.obj
 0001:000023cc       ?UIDeactivate@?$IOleInPlaceObjectWindowlessImpl@VCOPOSElectronicValueRW@@@ATL@@UEAAJXZ 00000001800033cc f i ElectronicValueRW.obj
 0001:000023e8       ?SetObjectRects@?$IOleInPlaceObjectWindowlessImpl@VCOPOSElectronicValueRW@@@ATL@@UEAAJPEBUtagRECT@@0@Z 00000001800033e8 f i ElectronicValueRW.obj
 0001:00002404       ?OnWindowMessage@?$IOleInPlaceObjectWindowlessImpl@VCOPOSElectronicValueRW@@@ATL@@UEAAJI_K_JPEA_J@Z 0000000180003404 f i ElectronicValueRW.obj
 0001:000024cc       ?EnumConnectionPoints@?$IConnectionPointContainerImpl@VCOPOSElectronicValueRW@@@ATL@@UEAAJPEAPEAUIEnumConnectionPoints@@@Z 00000001800034cc f i ElectronicValueRW.obj
 0001:000026ec       ?FindConnectionPoint@?$IConnectionPointContainerImpl@VCOPOSElectronicValueRW@@@ATL@@UEAAJAEBU_GUID@@PEAPEAUIConnectionPoint@@@Z 00000001800036ec f i ElectronicValueRW.obj
 0001:000027bc       ?IsDirty@?$IPersistStorageImpl@VCOPOSElectronicValueRW@@@ATL@@UEAAJXZ 00000001800037bc f i ElectronicValueRW.obj
 0001:00002800       ?InitNew@?$IPersistStorageImpl@VCOPOSElectronicValueRW@@@ATL@@UEAAJPEAUIStorage@@@Z 0000000180003800 f i ElectronicValueRW.obj
 0001:00002844       ?Load@?$IPersistStorageImpl@VCOPOSElectronicValueRW@@@ATL@@UEAAJPEAUIStorage@@@Z 0000000180003844 f i ElectronicValueRW.obj
 0001:000028e4       ?Save@?$IPersistStorageImpl@VCOPOSElectronicValueRW@@@ATL@@UEAAJPEAUIStorage@@H@Z 00000001800038e4 f i ElectronicValueRW.obj
 0001:00002994       ?GetPages@?$ISpecifyPropertyPagesImpl@VCOPOSElectronicValueRW@@@ATL@@UEAAJPEAUtagCAUUID@@@Z 0000000180003994 f i ElectronicValueRW.obj
 0001:000029a0       ?QuickActivate@?$IQuickActivateImpl@VCOPOSElectronicValueRW@@@ATL@@UEAAJPEAUtagQACONTAINER@@PEAUtagQACONTROL@@@Z 00000001800039a0 f i ElectronicValueRW.obj
 0001:000029bc       ?SetContentExtent@?$IQuickActivateImpl@VCOPOSElectronicValueRW@@@ATL@@UEAAJPEAUtagSIZE@@@Z 00000001800039bc f i ElectronicValueRW.obj
 0001:000029f0       ?GetContentExtent@?$IQuickActivateImpl@VCOPOSElectronicValueRW@@@ATL@@UEAAJPEAUtagSIZE@@@Z 00000001800039f0 f i ElectronicValueRW.obj
 0001:00002a28       ?GetData@?$IDataObjectImpl@VCOPOSElectronicValueRW@@@ATL@@UEAAJPEAUtagFORMATETC@@PEAUtagSTGMEDIUM@@@Z 0000000180003a28 f i ElectronicValueRW.obj
 0001:00002a44       ?DAdvise@?$IDataObjectImpl@VCOPOSElectronicValueRW@@@ATL@@UEAAJPEAUtagFORMATETC@@KPEAUIAdviseSink@@PEAK@Z 0000000180003a44 f i ElectronicValueRW.obj
 0001:00002acc       ?DUnadvise@?$IDataObjectImpl@VCOPOSElectronicValueRW@@@ATL@@UEAAJK@Z 0000000180003acc f i ElectronicValueRW.obj
 0001:00002af8       ?EnumDAdvise@?$IDataObjectImpl@VCOPOSElectronicValueRW@@@ATL@@UEAAJPEAPEAUIEnumSTATDATA@@@Z 0000000180003af8 f i ElectronicValueRW.obj
 0001:00002b34       ?GetClassInfoW@?$IProvideClassInfo2Impl@$1?CLSID_OPOSElectronicValueRW@@3U_GUID@@B$1?DIID__IOPOSElectronicValueRWEvents@@3U2@B$1?LIBID_OposElectronicValueRW_CCO@@3U2@B$00$0A@VCComTypeInfoHolder@ATL@@@ATL@@UEAAJPEAPEAUITypeInfo@@@Z 0000000180003b34 f i ElectronicValueRW.obj
 0001:00002b8c       ?GetGUID@?$IProvideClassInfo2Impl@$1?CLSID_OPOSElectronicValueRW@@3U_GUID@@B$1?DIID__IOPOSElectronicValueRWEvents@@3U2@B$1?LIBID_OposElectronicValueRW_CCO@@3U2@B$00$0A@VCComTypeInfoHolder@ATL@@@ATL@@UEAAJKPEAU_GUID@@@Z 0000000180003b8c f i ElectronicValueRW.obj
 0001:00002bc0       ?GetInterfaceSafetyOptions@?$IObjectSafetyImpl@VCOPOSElectronicValueRW@@$02@ATL@@UEAAJAEBU_GUID@@PEAK1@Z 0000000180003bc0 f i ElectronicValueRW.obj
 0001:00002c54       ?SetInterfaceSafetyOptions@?$IObjectSafetyImpl@VCOPOSElectronicValueRW@@$02@ATL@@UEAAJAEBU_GUID@@KK@Z 0000000180003c54 f i ElectronicValueRW.obj
 0001:00002cf8       ?_LocCPQueryInterface@?$IConnectionPointImpl@VCOPOSElectronicValueRW@@$1?IID_IPropertyNotifySink@@3U_GUID@@BVCComDynamicUnkArray@ATL@@@ATL@@UEAAJAEBU_GUID@@PEAPEAX@Z 0000000180003cf8 f i ElectronicValueRW.obj
 0001:00002cf8       ?_LocCPQueryInterface@?$IConnectionPointImpl@VCOPOSElectronicValueRW@@$1?DIID__IOPOSElectronicValueRWEvents@@3U_GUID@@BVCComDynamicUnkArray@ATL@@@ATL@@UEAAJAEBU_GUID@@PEAPEAX@Z 0000000180003cf8 f i ElectronicValueRW.obj
 0001:00002d6c       ?GetConnectionInterface@?$IConnectionPointImpl@VCOPOSElectronicValueRW@@$1?IID_IPropertyNotifySink@@3U_GUID@@BVCComDynamicUnkArray@ATL@@@ATL@@UEAAJPEAU_GUID@@@Z 0000000180003d6c f i ElectronicValueRW.obj
 0001:00002d88       ?GetConnectionPointContainer@?$IConnectionPointImpl@VCOPOSElectronicValueRW@@$1?IID_IPropertyNotifySink@@3U_GUID@@BVCComDynamicUnkArray@ATL@@@ATL@@UEAAJPEAPEAUIConnectionPointContainer@@@Z 0000000180003d88 f i ElectronicValueRW.obj
 0001:00002da8       ?Advise@?$IConnectionPointImpl@VCOPOSElectronicValueRW@@$1?IID_IPropertyNotifySink@@3U_GUID@@BVCComDynamicUnkArray@ATL@@@ATL@@UEAAJPEAUIUnknown@@PEAK@Z 0000000180003da8 f i ElectronicValueRW.obj
 0001:00002da8       ?Advise@?$IConnectionPointImpl@VCOPOSElectronicValueRW@@$1?DIID__IOPOSElectronicValueRWEvents@@3U_GUID@@BVCComDynamicUnkArray@ATL@@@ATL@@UEAAJPEAUIUnknown@@PEAK@Z 0000000180003da8 f i ElectronicValueRW.obj
 0001:00002e68       ?Unadvise@?$IConnectionPointImpl@VCOPOSElectronicValueRW@@$1?IID_IPropertyNotifySink@@3U_GUID@@BVCComDynamicUnkArray@ATL@@@ATL@@UEAAJK@Z 0000000180003e68 f i ElectronicValueRW.obj
 0001:00002e68       ?Unadvise@?$IConnectionPointImpl@VCOPOSElectronicValueRW@@$1?DIID__IOPOSElectronicValueRWEvents@@3U_GUID@@BVCComDynamicUnkArray@ATL@@@ATL@@UEAAJK@Z 0000000180003e68 f i ElectronicValueRW.obj
 0001:00002ee4       ?EnumConnections@?$IConnectionPointImpl@VCOPOSElectronicValueRW@@$1?IID_IPropertyNotifySink@@3U_GUID@@BVCComDynamicUnkArray@ATL@@@ATL@@UEAAJPEAPEAUIEnumConnections@@@Z 0000000180003ee4 f i ElectronicValueRW.obj
 0001:00002ee4       ?EnumConnections@?$IConnectionPointImpl@VCOPOSElectronicValueRW@@$1?DIID__IOPOSElectronicValueRWEvents@@3U_GUID@@BVCComDynamicUnkArray@ATL@@@ATL@@UEAAJPEAPEAUIEnumConnections@@@Z 0000000180003ee4 f i ElectronicValueRW.obj
 0001:0000308c       ?GetConnectionInterface@?$IConnectionPointImpl@VCOPOSElectronicValueRW@@$1?DIID__IOPOSElectronicValueRWEvents@@3U_GUID@@BVCComDynamicUnkArray@ATL@@@ATL@@UEAAJPEAU_GUID@@@Z 000000018000408c f i ElectronicValueRW.obj
 0001:000030a8       ?GetConnectionPointContainer@?$IConnectionPointImpl@VCOPOSElectronicValueRW@@$1?DIID__IOPOSElectronicValueRWEvents@@3U_GUID@@BVCComDynamicUnkArray@ATL@@@ATL@@UEAAJPEAPEAUIConnectionPointContainer@@@Z 00000001800040a8 f i ElectronicValueRW.obj
 0001:000030c8       ?UpdateRegistry@COPOSElectronicValueRW@@SAJH@Z 00000001800040c8 f i ElectronicValueRW.obj
 0001:000030e0       ?ProcessWindowMessage@COPOSElectronicValueRW@@UEAAHPEAUHWND__@@I_K_JAEA_JK@Z 00000001800040e0 f i ElectronicValueRW.obj
 0001:00003168       ?SOData@COPOSElectronicValueRW@@MEAAJJ@Z 0000000180004168 f i ElectronicValueRW.obj
 0001:000031b8       ?SODirectIO@COPOSElectronicValueRW@@MEAAJJPEAJPEAPEA_W@Z 00000001800041b8 f i ElectronicValueRW.obj
 0001:00003230       ?SOError@COPOSElectronicValueRW@@MEAAJJJJPEAJ@Z 0000000180004230 f i ElectronicValueRW.obj
 0001:000032b8       ?SOOutputComplete@COPOSElectronicValueRW@@MEAAJJ@Z 00000001800042b8 f i ElectronicValueRW.obj
 0001:00003308       ?SOStatusUpdate@COPOSElectronicValueRW@@MEAAJJ@Z 0000000180004308 f i ElectronicValueRW.obj
 0001:00003358       ?SOTransition@COPOSElectronicValueRW@@MEAAJJPEAJPEAPEA_W@Z 0000000180004358 f i ElectronicValueRW.obj
 0001:000033d0       ?CreateInstance@CComClassFactory@ATL@@UEAAJPEAUIUnknown@@AEBU_GUID@@PEAPEAX@Z 00000001800043d0 f i ElectronicValueRW.obj
 0001:00003430       ?LockServer@CComClassFactory@ATL@@UEAAJH@Z 0000000180004430 f i ElectronicValueRW.obj
 0001:00003454       ??_ECComClassFactory@ATL@@UEAAPEAXI@Z 0000000180004454 f i ElectronicValueRW.obj
 0001:00003454       ??_GCComClassFactory@ATL@@UEAAPEAXI@Z 0000000180004454 f i ElectronicValueRW.obj
 0001:000034a4       ?CreateInstance@?$CComCreator@V?$CComObjectCached@VCComClassFactory@ATL@@@ATL@@@ATL@@SAJPEAXAEBU_GUID@@PEAPEAX@Z 00000001800044a4 f i ElectronicValueRW.obj
 0001:000035ac       ?CreateInstance@?$CComCreator2@V?$CComCreator@V?$CComObject@VCOPOSElectronicValueRW@@@ATL@@@ATL@@V?$CComCreator@V?$CComAggObject@VCOPOSElectronicValueRW@@@ATL@@@2@@ATL@@SAJPEAXAEBU_GUID@@PEAPEAX@Z 00000001800045ac f i ElectronicValueRW.obj
 0001:000035bc       ?Next@?$CComEnumImpl@UIEnumConnectionPoints@@$1?_GUID_b196b285_bab4_101a_b69c_00aa00341d07@@3U__s_GUID@@BPEAUIConnectionPoint@@V?$_CopyInterface@UIConnectionPoint@@@ATL@@@ATL@@UEAAJKPEAPEAUIConnectionPoint@@PEAK@Z 00000001800045bc f i ElectronicValueRW.obj
 0001:00003688       ?Skip@?$CComEnumImpl@UIEnumConnectionPoints@@$1?_GUID_b196b285_bab4_101a_b69c_00aa00341d07@@3U__s_GUID@@BPEAUIConnectionPoint@@V?$_CopyInterface@UIConnectionPoint@@@ATL@@@ATL@@UEAAJK@Z 0000000180004688 f i ElectronicValueRW.obj
 0001:000036b4       ?Clone@?$CComEnumImpl@UIEnumConnectionPoints@@$1?_GUID_b196b285_bab4_101a_b69c_00aa00341d07@@3U__s_GUID@@BPEAUIConnectionPoint@@V?$_CopyInterface@UIConnectionPoint@@@ATL@@@ATL@@UEAAJPEAPEAUIEnumConnectionPoints@@@Z 00000001800046b4 f i ElectronicValueRW.obj
 0001:000037e0       ??$AtlModuleRegisterWndClassInfoT@VAtlModuleRegisterWndClassInfoParamW@ATL@@@ATL@@YAGPEAU_ATL_BASE_MODULE70@0@PEAU_ATL_WIN_MODULE70@0@PEAU_ATL_WNDCLASSINFOW@0@PEAP6A_JPEAUHWND__@@I_K_J@ZVAtlModuleRegisterWndClassInfoParamW@0@@Z 00000001800047e0 f i ElectronicValueRW.obj
 0001:000039e0       ??0?$CComContainedObject@VCOPOSElectronicValueRW@@@ATL@@QEAA@PEAX@Z 00000001800049e0 f i ElectronicValueRW.obj
 0001:00003afc       ??0?$CComObject@VCOPOSElectronicValueRW@@@ATL@@QEAA@PEAX@Z 0000000180004afc f i ElectronicValueRW.obj
 0001:00003c14       ??0CAtlModule@ATL@@QEAA@XZ 0000000180004c14 f i ElectronicValueRW.obj
 0001:00003c88       ??1?$CComEnumImpl@UIEnumConnectionPoints@@$1?_GUID_b196b285_bab4_101a_b69c_00aa00341d07@@3U__s_GUID@@BPEAUIConnectionPoint@@V?$_CopyInterface@UIConnectionPoint@@@ATL@@@ATL@@UEAA@XZ 0000000180004c88 f i ElectronicValueRW.obj
 0001:00003ce4       ??1?$CComEnumImpl@UIEnumConnections@@$1?_GUID_b196b287_bab4_101a_b69c_00aa00341d07@@3U__s_GUID@@BUtagCONNECTDATA@@V?$_Copy@UtagCONNECTDATA@@@ATL@@@ATL@@UEAA@XZ 0000000180004ce4 f i ElectronicValueRW.obj
 0001:00003d40       ??1?$CComObject@VCOPOSElectronicValueRW@@@ATL@@UEAA@XZ 0000000180004d40 f i ElectronicValueRW.obj
 0001:00003e60       ??_E?$CComContainedObject@VCOPOSElectronicValueRW@@@ATL@@UEAAPEAXI@Z 0000000180004e60 f i ElectronicValueRW.obj
 0001:00003e60       ??_G?$CComContainedObject@VCOPOSElectronicValueRW@@@ATL@@UEAAPEAXI@Z 0000000180004e60 f i ElectronicValueRW.obj
 0001:00003e94       ??_G?$CComObject@VCOPOSElectronicValueRW@@@ATL@@UEAAPEAXI@Z 0000000180004e94 f i ElectronicValueRW.obj
 0001:00003e94       ??_E?$CComObject@VCOPOSElectronicValueRW@@@ATL@@UEAAPEAXI@Z 0000000180004e94 f i ElectronicValueRW.obj
 0001:00003ec8       ?Add@?$CSimpleArray@GV?$CSimpleArrayEqualHelper@G@ATL@@@ATL@@QEAAHAEBG@Z 0000000180004ec8 f i ElectronicValueRW.obj
 0001:00003f7c       ?Add@?$CSimpleMap@PEA_WPEA_WVCExpansionVectorEqualHelper@ATL@@@ATL@@QEAAHAEBQEA_W0@Z 0000000180004f7c f i ElectronicValueRW.obj
 0001:0000401c       ?Add@CComDynamicUnkArray@ATL@@QEAAKPEAUIUnknown@@@Z 000000018000501c f i ElectronicValueRW.obj
 0001:00004104       ?Add@CExpansionVector@ATL@@QEAAHPEB_W0@Z 0000000180005104 f i ElectronicValueRW.obj
 0001:00004294       ?AddValue@CRegParser@ATL@@IEAAJAEAVCRegKey@2@PEB_WPEA_W@Z 0000000180005294 f i ElectronicValueRW.obj
 0001:000046dc       ?AllocateHeap@?$CTempBuffer@_W$0EAA@VCCRTAllocator@ATL@@@ATL@@AEAAX_K@Z 00000001800056dc f i ElectronicValueRW.obj
 0001:000046dc       ?AllocateHeap@?$CTempBuffer@_W$0BAA@VCCRTAllocator@ATL@@@ATL@@AEAAX_K@Z 00000001800056dc f i ElectronicValueRW.obj
 0001:000046dc       ?AllocateHeap@?$CTempBuffer@E$0BAA@VCCRTAllocator@ATL@@@ATL@@AEAAX_K@Z 00000001800056dc f i ElectronicValueRW.obj
 0001:00004708       ?Append@CParseBuffer@CRegParser@ATL@@QEAAHPEB_WH@Z 0000000180005708 f i ElectronicValueRW.obj
 0001:00004820       ?AtlCallTermFunc@ATL@@YAXPEAU_ATL_MODULE70@1@@Z 0000000180005820 f i ElectronicValueRW.obj
 0001:00004884       ?AtlComModuleGetClassObject@ATL@@YAJPEAU_ATL_COM_MODULE70@1@AEBU_GUID@@1PEAPEAX@Z 0000000180005884 f i ElectronicValueRW.obj
 0001:000049c4       ?AtlComModuleRegisterServer@ATL@@YAJPEAU_ATL_COM_MODULE70@1@HPEBU_GUID@@@Z 00000001800059c4 f i ElectronicValueRW.obj
 0001:00004a84       ?AtlComModuleUnregisterServer@ATL@@YAJPEAU_ATL_COM_MODULE70@1@HPEBU_GUID@@@Z 0000000180005a84 f i ElectronicValueRW.obj
 0001:00004b40       ?AtlCreateTargetDC@ATL@@YAPEAUHDC__@@PEAU2@PEAUtagDVTARGETDEVICE@@@Z 0000000180005b40 f i ElectronicValueRW.obj
 0001:00004bb4       ?AtlHiMetricToPixel@ATL@@YAXPEBUtagSIZE@@PEAU2@@Z 0000000180005bb4 f i ElectronicValueRW.obj
 0001:00004c64       ?AtlHresultFromLastError@ATL@@YAJXZ 0000000180005c64 f i ElectronicValueRW.obj
 0001:00004c84       ?AtlHresultFromWin32@ATL@@YAJK@Z 0000000180005c84 f i ElectronicValueRW.obj
 0001:00004c94       ?AtlIPersistStreamInit_Load@ATL@@YAJPEAUIStream@@PEBUATL_PROPMAP_ENTRY@1@PEAXPEAUIUnknown@@@Z 0000000180005c94 f i ElectronicValueRW.obj
 0001:00004ecc       ?AtlIPersistStreamInit_Save@ATL@@YAJPEAUIStream@@HPEBUATL_PROPMAP_ENTRY@1@PEAXPEAUIUnknown@@@Z 0000000180005ecc f i ElectronicValueRW.obj
 0001:00005104       ?AtlInternalOleLoadFromStream@ATL@@YAJPEAUIStream@@AEBU_GUID@@PEAPEAXTClassesAllowedInStream@1@K@Z 0000000180006104 f i ElectronicValueRW.obj
 0001:00005248       ?AtlInternalQueryInterface@ATL@@YAJPEAXPEBU_ATL_INTMAP_ENTRY@1@AEBU_GUID@@PEAPEAX@Z 0000000180006248 f i ElectronicValueRW.obj
 0001:00005350       ?AtlLoadTypeLib@ATL@@YAJPEAUHINSTANCE__@@PEB_WPEAPEA_WPEAPEAUITypeLib@@@Z 0000000180006350 f i ElectronicValueRW.obj
 0001:000055ac       ?AtlModuleAddTermFunc@ATL@@YAJPEAU_ATL_MODULE70@1@P6AX_K@Z1@Z 00000001800065ac f i ElectronicValueRW.obj
 0001:00005640       ?AtlRegisterClassCategoriesHelper@ATL@@YAJAEBU_GUID@@PEBU_ATL_CATMAP_ENTRY@1@H@Z 0000000180006640 f i ElectronicValueRW.obj
 0001:00005aa8       ?AtlRegisterTypeLib@ATL@@YAJPEAUHINSTANCE__@@PEB_W@Z 0000000180006aa8 f i ElectronicValueRW.obj
 0001:00005ca4       ?AtlThrowImpl@ATL@@YAXJ@Z  0000000180006ca4 f i ElectronicValueRW.obj
 0001:00005cc8       ?AtlUnRegisterTypeLib@ATL@@YAJPEAUHINSTANCE__@@PEB_W@Z 0000000180006cc8 f i ElectronicValueRW.obj
 0001:00005d90       ?AtlWinModuleExtractCreateWndData@ATL@@YAPEAXPEAU_ATL_WIN_MODULE70@1@@Z 0000000180006d90 f i ElectronicValueRW.obj
 0001:00005e1c       ?Cleanup@CComTypeInfoHolder@ATL@@SAX_K@Z 0000000180006e1c f i ElectronicValueRW.obj
 0001:00005e5c       ?ClearReplacements@CExpansionVector@ATL@@QEAAJXZ 0000000180006e5c f i ElectronicValueRW.obj
 0001:00005ef8       ?CreateInstance@?$CComCreator@V?$CComAggObject@VCOPOSElectronicValueRW@@@ATL@@@ATL@@SAJPEAXAEBU_GUID@@PEAPEAX@Z 0000000180006ef8 f i ElectronicValueRW.obj
 0001:00005fd0       ?CreateInstance@?$CComCreator@V?$CComObject@VCOPOSElectronicValueRW@@@ATL@@@ATL@@SAJPEAXAEBU_GUID@@PEAPEAX@Z 0000000180006fd0 f i ElectronicValueRW.obj
 0001:00006088       ?CreateInstance@?$CComObject@V?$CComEnum@UIEnumConnectionPoints@@$1?_GUID_b196b285_bab4_101a_b69c_00aa00341d07@@3U__s_GUID@@BPEAUIConnectionPoint@@V?$_CopyInterface@UIConnectionPoint@@@ATL@@VCComSingleThreadModel@6@@ATL@@@ATL@@SAJPEAPEAV12@@Z 0000000180007088 f i ElectronicValueRW.obj
 0001:00006114       ?CreateInstance@?$CComObject@V?$CComEnum@UIEnumConnections@@$1?_GUID_b196b287_bab4_101a_b69c_00aa00341d07@@3U__s_GUID@@BUtagCONNECTDATA@@V?$_Copy@UtagCONNECTDATA@@@ATL@@VCComSingleThreadModel@6@@ATL@@@ATL@@SAJPEAPEAV12@@Z 0000000180007114 f i ElectronicValueRW.obj
 0001:000061a0       ?DefaultReflectionHandler@?$CWindowImplRoot@VCWindow@ATL@@@ATL@@SAHPEAUHWND__@@I_K_JAEA_J@Z 00000001800071a0 f i ElectronicValueRW.obj
 0001:00006204       ?DeleteSubKey@CRegKey@ATL@@QEAAJPEB_W@Z 0000000180007204 f i ElectronicValueRW.obj
 0001:0000629c       ?DoEvent@COPOSElectronicValueRW@@IEAAXI_K_J@Z 000000018000729c f i ElectronicValueRW.obj
 0001:00006350       ?DoVerbPrimary@?$IOleObjectImpl@VCOPOSElectronicValueRW@@@ATL@@QEAAJPEBUtagRECT@@PEAUHWND__@@@Z 0000000180007350 f i ElectronicValueRW.obj
 0001:0000647c       ?DoVerbProperties@CComControlBase@ATL@@QEAAJPEBUtagRECT@@PEAUHWND__@@@Z 000000018000747c f i ElectronicValueRW.obj
 0001:000066a4       ?FireTheEvent@?$CProxy_IOPOSEvents@VCOPOSElectronicValueRW@@@@IEAAXPEAVOposVariant@@IAEAJPEB_WJ@Z 00000001800076a4 f i ElectronicValueRW.obj
 0001:00006790       ?FireViewChange@CComControlBase@ATL@@QEAAJXZ 0000000180007790 f i ElectronicValueRW.obj
 0001:000067f4       ?Fire_DataEvent@?$CProxy_IOPOSEvents@VCOPOSElectronicValueRW@@@@QEAAXJ@Z 00000001800077f4 f i ElectronicValueRW.obj
 0001:000068e0       ?Fire_DirectIOEvent@?$CProxy_IOPOSEvents@VCOPOSElectronicValueRW@@@@QEAAXJPEAJPEAPEA_W@Z 00000001800078e0 f i ElectronicValueRW.obj
 0001:00006a38       ?Fire_ErrorEvent@?$CProxy_IOPOSEvents@VCOPOSElectronicValueRW@@@@QEAAXJJJPEAJ@Z 0000000180007a38 f i ElectronicValueRW.obj
 0001:00006ba0       ?Fire_OutputCompleteEvent@?$CProxy_IOPOSEvents@VCOPOSElectronicValueRW@@@@QEAAXJ@Z 0000000180007ba0 f i ElectronicValueRW.obj
 0001:00006c8c       ?Fire_StatusUpdateEvent@?$CProxy_IOPOSEvents@VCOPOSElectronicValueRW@@@@QEAAXJ@Z 0000000180007c8c f i ElectronicValueRW.obj
 0001:00006d78       ?Fire_TransitionEvent@?$CProxy_IOPOSEvents@VCOPOSElectronicValueRW@@@@QEAAXJPEAJPEAPEA_W@Z 0000000180007d78 f i ElectronicValueRW.obj
 0001:00006ed0       ?FreeHeap@?$CTempBuffer@_W$0BAA@VCCRTAllocator@ATL@@@ATL@@AEAAXXZ 0000000180007ed0 f i ElectronicValueRW.obj
 0001:00006ed0       ?FreeHeap@?$CTempBuffer@E$0BAA@VCCRTAllocator@ATL@@@ATL@@AEAAXXZ 0000000180007ed0 f i ElectronicValueRW.obj
 0001:00006ed0       ?FreeHeap@?$CTempBuffer@_W$0EAA@VCCRTAllocator@ATL@@@ATL@@AEAAXXZ 0000000180007ed0 f i ElectronicValueRW.obj
 0001:00006ed8       ?GetAmbientLocaleID@CComControlBase@ATL@@QEAAJAEAK@Z 0000000180007ed8 f i ElectronicValueRW.obj
 0001:00006f98       ?GetAmbientUserMode@CComControlBase@ATL@@QEAAJAEAH@Z 0000000180007f98 f i ElectronicValueRW.obj
 0001:00007068       ?GetClassObject@CComModule@ATL@@QEAAJAEBU_GUID@@0PEAPEAX@Z 0000000180008068 f i ElectronicValueRW.obj
 0001:0000715c       ?GetConnMap@COPOSElectronicValueRW@@SAPEBU_ATL_CONNMAP_ENTRY@ATL@@PEAH@Z 000000018000815c f i ElectronicValueRW.obj
 0001:000071e4       ?GetIDsOfNames@CComTypeInfoHolder@ATL@@QEAAJAEBU_GUID@@PEAPEA_WIKPEAJ@Z 00000001800081e4 f i ElectronicValueRW.obj
 0001:0000735c       ?GetPagesHelper@?$ISpecifyPropertyPagesImpl@VCOPOSElectronicValueRW@@@ATL@@IEAAJPEAUtagCAUUID@@PEBUATL_PROPMAP_ENTRY@2@@Z 000000018000835c f i ElectronicValueRW.obj
 0001:000074fc       ?GetSizeMax@CComVariant@ATL@@QEBAJPEAT_ULARGE_INTEGER@@@Z 00000001800084fc f i ElectronicValueRW.obj
 0001:00007730       ?GetTI@CComTypeInfoHolder@ATL@@QEAAJK@Z 0000000180008730 f i ElectronicValueRW.obj
 0001:000079a8       ?GetZoomInfo@CComControlBase@ATL@@QEAAXAEAUATL_DRAWINFO@@@Z 00000001800089a8 f i ElectronicValueRW.obj
 0001:00007a4c       ?HKeyFromString@CRegParser@ATL@@KAPEAUHKEY__@@PEA_W@Z 0000000180008a4c f i ElectronicValueRW.obj
 0001:00007ab0       ?IDataObject_GetData@CComControlBase@ATL@@QEAAJPEAUtagFORMATETC@@PEAUtagSTGMEDIUM@@@Z 0000000180008ab0 f i ElectronicValueRW.obj
 0001:00007ca4       ?IOleInPlaceObject_InPlaceDeactivate@CComControlBase@ATL@@QEAAJXZ 0000000180008ca4 f i ElectronicValueRW.obj
 0001:00007d44       ?IOleInPlaceObject_SetObjectRects@CComControlBase@ATL@@QEAAJPEBUtagRECT@@0@Z 0000000180008d44 f i ElectronicValueRW.obj
 0001:00007e34       ?IOleInPlaceObject_UIDeactivate@CComControlBase@ATL@@QEAAJXZ 0000000180008e34 f i ElectronicValueRW.obj
 0001:00007f40       ?IOleObject_Close@CComControlBase@ATL@@QEAAJK@Z 0000000180008f40 f i ElectronicValueRW.obj
 0001:00008058       ?IOleObject_SetClientSite@CComControlBase@ATL@@QEAAJPEAUIOleClientSite@@@Z 0000000180009058 f i ElectronicValueRW.obj
 0001:000080d0       ?IOleObject_SetExtent@CComControlBase@ATL@@QEAAJKPEAUtagSIZE@@@Z 00000001800090d0 f i ElectronicValueRW.obj
 0001:00008168       ?IPSI_GetIPersistStreamInit@?$IPersistStorageImpl@VCOPOSElectronicValueRW@@@ATL@@AEAAPEAUIPersistStreamInit@@XZ 0000000180009168 f i ElectronicValueRW.obj
 0001:000081c4       ?IQuickActivate_QuickActivate@CComControlBase@ATL@@QEAAJPEAUtagQACONTAINER@@PEAUtagQACONTROL@@@Z 00000001800091c4 f i ElectronicValueRW.obj
 0001:00008488       ?IViewObject_Draw@CComControlBase@ATL@@QEAAJKJPEAXPEAUtagDVTARGETDEVICE@@PEAUHDC__@@2PEBU_RECTL@@3@Z 0000000180009488 f i ElectronicValueRW.obj
 0001:0000859c       ?InPlaceActivate@CComControlBase@ATL@@QEAAJJPEBUtagRECT@@@Z 000000018000959c f i ElectronicValueRW.obj
 0001:000088d4       ?Init@?$CComEnumImpl@UIEnumConnectionPoints@@$1?_GUID_b196b285_bab4_101a_b69c_00aa00341d07@@3U__s_GUID@@BPEAUIConnectionPoint@@V?$_CopyInterface@UIConnectionPoint@@@ATL@@@ATL@@QEAAJPEAPEAUIConnectionPoint@@0PEAUIUnknown@@W4CComEnumFlags@2@@Z 00000001800098d4 f i ElectronicValueRW.obj
 0001:000089f4       ?Init@?$CComEnumImpl@UIEnumConnections@@$1?_GUID_b196b287_bab4_101a_b69c_00aa00341d07@@3U__s_GUID@@BUtagCONNECTDATA@@V?$_Copy@UtagCONNECTDATA@@@ATL@@@ATL@@QEAAJPEAUtagCONNECTDATA@@0PEAUIUnknown@@W4CComEnumFlags@2@@Z 00000001800099f4 f i ElectronicValueRW.obj
 0001:00008b18       ?IsEqualObject@?$CComPtrBase@UIOleClientSite@@@ATL@@QEAA_NPEAUIUnknown@@@Z 0000000180009b18 f i ElectronicValueRW.obj
 0001:00008b18       ?IsEqualObject@?$CComPtrBase@UITypeInfo@@@ATL@@QEAA_NPEAUIUnknown@@@Z 0000000180009b18 f i ElectronicValueRW.obj
 0001:00008ba4       ?LoadNameCache@CComTypeInfoHolder@ATL@@QEAAJPEAUITypeInfo@@@Z 0000000180009ba4 f i ElectronicValueRW.obj
 0001:00008d28       ?Lookup@?$CSimpleMap@PEA_WPEA_WVCExpansionVectorEqualHelper@ATL@@@ATL@@QEBAPEA_WAEBQEA_W@Z 0000000180009d28 f i ElectronicValueRW.obj
 0001:00008db4       ?NextToken@CRegParser@ATL@@IEAAJPEA_W@Z 0000000180009db4 f i ElectronicValueRW.obj
 0001:00008f6c       ?OnKillFocus@CComControlBase@ATL@@QEAA_JI_K_JAEAH@Z 0000000180009f6c f i ElectronicValueRW.obj
 0001:00009008       ?OnMouseActivate@CComControlBase@ATL@@QEAA_JI_K_JAEAH@Z 000000018000a008 f i ElectronicValueRW.obj
 0001:000090a8       ?OnPaint@CComControlBase@ATL@@QEAA_JI_K_JAEAH@Z 000000018000a0a8 f i ElectronicValueRW.obj
 0001:00009194       ?OnSetFocus@CComControlBase@ATL@@QEAA_JI_K_JAEAH@Z 000000018000a194 f i ElectronicValueRW.obj
 0001:00009290       ?Open@CRegKey@ATL@@QEAAJPEAUHKEY__@@PEB_WK@Z 000000018000a290 f i ElectronicValueRW.obj
 0001:0000931c       ?PreProcessBuffer@CRegParser@ATL@@QEAAJPEA_WPEAPEA_W@Z 000000018000a31c f i ElectronicValueRW.obj
 0001:000096a0       ?ProcessWindowMessage@?$CComControl@VCOPOSElectronicValueRW@@V?$CWindowImpl@VCOPOSElectronicValueRW@@VCWindow@ATL@@V?$CWinTraits@$0FGAAAAAA@$0A@@3@@ATL@@@ATL@@UEAAHPEAUHWND__@@I_K_JAEA_JK@Z 000000018000a6a0 f i ElectronicValueRW.obj
 0001:00009784       ?PutProperty@?$CComPtr@UIDispatch@@@ATL@@SAJPEAUIDispatch@@JPEAUtagVARIANT@@@Z 000000018000a784 f i ElectronicValueRW.obj
 0001:00009888       ?ReadFromStream@CComBSTR@ATL@@QEAAJPEAUIStream@@@Z 000000018000a888 f i ElectronicValueRW.obj
 0001:000099e4       ?ReadFromStream@CComVariant@ATL@@QEAAJPEAUIStream@@GTClassesAllowedInStream@2@K@Z 000000018000a9e4 f i ElectronicValueRW.obj
 0001:00009bf4       ?RecurseDeleteKey@CRegKey@ATL@@QEAAJPEB_W@Z 000000018000abf4 f i ElectronicValueRW.obj
 0001:00009d00       ?RegCreateKeyExW@CAtlTransactionManager@ATL@@QEAAJPEAUHKEY__@@PEB_WKPEA_WKKQEAU_SECURITY_ATTRIBUTES@@PEAPEAU3@PEAK@Z 000000018000ad00 f i ElectronicValueRW.obj
 0001:00009e34       ?RegDeleteKeyW@CAtlTransactionManager@ATL@@QEAAJPEAUHKEY__@@PEB_W@Z 000000018000ae34 f i ElectronicValueRW.obj
 0001:00009ec0       ?RegOpenKeyExW@CAtlTransactionManager@ATL@@QEAAJPEAUHKEY__@@PEB_WKKPEAPEAU3@@Z 000000018000aec0 f i ElectronicValueRW.obj
 0001:00009f78       ?RegisterBuffer@CRegParser@ATL@@QEAAJPEA_WH@Z 000000018000af78 f i ElectronicValueRW.obj
 0001:0000a0e0       ?RegisterFromResource@CRegObject@ATL@@IEAAJPEB_W00H@Z 000000018000b0e0 f i ElectronicValueRW.obj
 0001:0000a29c       ?RegisterServer@CComModule@ATL@@QEAAJHPEBU_GUID@@@Z 000000018000b29c f i ElectronicValueRW.obj
 0001:0000a35c       ?RegisterSubkeys@CRegParser@ATL@@IEAAJPEA_WPEAUHKEY__@@HH@Z 000000018000b35c f i ElectronicValueRW.obj
 0001:0000aa50       ?SendOnDataChange@CComControlBase@ATL@@QEAAJK@Z 000000018000ba50 f i ElectronicValueRW.obj
 0001:0000aac0       ?SetControlFocus@CComControlBase@ATL@@QEAAHH@Z 000000018000bac0 f i ElectronicValueRW.obj
 0001:0000ab9c       ?SkipAssignment@CRegParser@ATL@@IEAAJPEA_W@Z 000000018000bb9c f i ElectronicValueRW.obj
 0001:0000ac40       ?Term@CComModule@ATL@@QEAAXXZ 000000018000bc40 f i ElectronicValueRW.obj
 0001:0000acec       ?UnregisterServer@CComModule@ATL@@QEAAJHPEBU_GUID@@@Z 000000018000bcec f i ElectronicValueRW.obj
 0001:0000ad9c       ?UpdateRegistryFromResource@CAtlModule@ATL@@QEAAJIHPEAU_ATL_REGMAP_ENTRY@2@@Z 000000018000bd9c f i ElectronicValueRW.obj
 0001:0000b0d4       ?UpdateRegistryFromResource@CAtlModule@ATL@@QEAAJPEB_WHPEAU_ATL_REGMAP_ENTRY@2@@Z 000000018000c0d4 f i ElectronicValueRW.obj
 0001:0000b42c       ?VTFromRegType@CRegParser@ATL@@KAHPEB_WAEAG@Z 000000018000c42c f i ElectronicValueRW.obj
 0001:0000b4c8       ?WindowProc@?$CWindowImplBaseT@VCWindow@ATL@@V?$CWinTraits@$0FGAAAAAA@$0A@@2@@ATL@@SA_JPEAUHWND__@@I_K_J@Z 000000018000c4c8 f i ElectronicValueRW.obj
 0001:0000b634       ?WriteToStream@CComBSTR@ATL@@QEAAJPEAUIStream@@@Z 000000018000c634 f i ElectronicValueRW.obj
 0001:0000b6b4       ?WriteToStream@CComVariant@ATL@@QEAAJPEAUIStream@@@Z 000000018000c6b4 f i ElectronicValueRW.obj
 0001:0000b8c8       ?WriteToStream@CComVariant@ATL@@QEAAJPEAUIStream@@G@Z 000000018000c8c8 f i ElectronicValueRW.obj
 0001:0000b960       ?_AtlVerifyStackAvailable@_ATL_SAFE_ALLOCA_IMPL@ATL@@YA_N_K@Z 000000018000c960 f i ElectronicValueRW.obj
 0001:0000b9e4       ?atlCreate@?$CWindowImpl@VCOPOSElectronicValueRW@@VCWindow@ATL@@V?$CWinTraits@$0FGAAAAAA@$0A@@3@@ATL@@QEAAPEAUHWND__@@PEAU3@V_U_RECT@2@PEB_WKKV_U_MENUorID@2@PEAX@Z 000000018000c9e4 f i ElectronicValueRW.obj
 0001:0000ba94       ?atlCreate@?$CWindowImplBaseT@VCWindow@ATL@@V?$CWinTraits@$0FGAAAAAA@$0A@@2@@ATL@@QEAAPEAUHWND__@@PEAU3@V_U_RECT@2@PEB_WKKV_U_MENUorID@2@GPEAX@Z 000000018000ca94 f i ElectronicValueRW.obj
 0001:0000bc04       ?atlCreate@CRegKey@ATL@@QEAAJPEAUHKEY__@@PEB_WPEA_WKKPEAU_SECURITY_ATTRIBUTES@@PEAK@Z 000000018000cc04 f i ElectronicValueRW.obj
 0001:0000bcf0       DllCanUnloadNow            000000018000ccf0 f   ElectronicValueRW.obj
 0001:0000bcfc       DllGetClassObject          000000018000ccfc f   ElectronicValueRW.obj
 0001:0000bd14       DllMain                    000000018000cd14 f   ElectronicValueRW.obj
 0001:0000bdbc       DllRegisterServer          000000018000cdbc f   ElectronicValueRW.obj
 0001:0000bdd0       DllUnregisterServer        000000018000cdd0 f   ElectronicValueRW.obj
 0001:0000bde4       __local_stdio_printf_options 000000018000cde4 f i ElectronicValueRW.obj
 0001:0000be74       swprintf_s                 000000018000ce74 f i ElectronicValueRW.obj
 0001:0000bec8       ??0COPOSElectronicValueRW@@QEAA@XZ 000000018000cec8 f   ElectronicValueRWImpl.obj
 0001:0000bf9c       ??1?$IConnectionPointImpl@VCOPOSElectronicValueRW@@$1?DIID__IOPOSElectronicValueRWEvents@@3U_GUID@@BVCComDynamicUnkArray@ATL@@@ATL@@QEAA@XZ 000000018000cf9c f i ElectronicValueRWImpl.obj
 0001:0000bf9c       ??1?$IConnectionPointImpl@VCOPOSElectronicValueRW@@$1?IID_IPropertyNotifySink@@3U_GUID@@BVCComDynamicUnkArray@ATL@@@ATL@@QEAA@XZ 000000018000cf9c f i ElectronicValueRWImpl.obj
 0001:0000bff8       ??1CComControlBase@ATL@@UEAA@XZ 000000018000cff8 f i ElectronicValueRWImpl.obj
 0001:0000c074       ??1COPOSElectronicValueRW@@UEAA@XZ 000000018000d074 f   ElectronicValueRWImpl.obj
 0001:0000c0d8       ?AccessDailyLog@COPOSElectronicValueRW@@UEAAJJJJPEAJ@Z 000000018000d0d8 f   ElectronicValueRWImpl.obj
 0001:0000c1c0       ?AccessData@COPOSElectronicValueRW@@UEAAJJPEAJPEAPEA_W0@Z 000000018000d1c0 f   ElectronicValueRWImpl.obj
 0001:0000c2bc       ?AccessLog@COPOSElectronicValueRW@@UEAAJJJJPEAJ@Z 000000018000d2bc f   ElectronicValueRWImpl.obj
 0001:0000c3a4       ?ActivateEVService@COPOSElectronicValueRW@@UEAAJPEAJPEAPEA_W0@Z 000000018000d3a4 f   ElectronicValueRWImpl.obj
 0001:0000c480       ?ActivateService@COPOSElectronicValueRW@@UEAAJPEAJPEAPEA_W0@Z 000000018000d480 f   ElectronicValueRWImpl.obj
 0001:0000c55c       ?AddValue@COPOSElectronicValueRW@@UEAAJJJPEAJ@Z 000000018000d55c f   ElectronicValueRWImpl.obj
 0001:0000c628       ?AuthorizeCompletion@COPOSElectronicValueRW@@UEAAJJTtagCY@@0JPEAJ@Z 000000018000d628 f   ElectronicValueRWImpl.obj
 0001:0000c728       ?AuthorizePreSales@COPOSElectronicValueRW@@UEAAJJTtagCY@@0JPEAJ@Z 000000018000d728 f   ElectronicValueRWImpl.obj
 0001:0000c828       ?AuthorizeRefund@COPOSElectronicValueRW@@UEAAJJTtagCY@@0JPEAJ@Z 000000018000d828 f   ElectronicValueRWImpl.obj
 0001:0000c928       ?AuthorizeSales@COPOSElectronicValueRW@@UEAAJJTtagCY@@0JPEAJ@Z 000000018000d928 f   ElectronicValueRWImpl.obj
 0001:0000ca28       ?AuthorizeVoid@COPOSElectronicValueRW@@UEAAJJTtagCY@@0JPEAJ@Z 000000018000da28 f   ElectronicValueRWImpl.obj
 0001:0000cb28       ?AuthorizeVoidPreSales@COPOSElectronicValueRW@@UEAAJJTtagCY@@0JPEAJ@Z 000000018000db28 f   ElectronicValueRWImpl.obj
 0001:0000cc28       ?BeginDetection@COPOSElectronicValueRW@@UEAAJJJPEAJ@Z 000000018000dc28 f   ElectronicValueRWImpl.obj
 0001:0000ccf4       ?BeginRemoval@COPOSElectronicValueRW@@UEAAJJPEAJ@Z 000000018000dcf4 f   ElectronicValueRWImpl.obj
 0001:0000cd70       ?CancelValue@COPOSElectronicValueRW@@UEAAJJJPEAJ@Z 000000018000dd70 f   ElectronicValueRWImpl.obj
 0001:0000ce3c       ?CaptureCard@COPOSElectronicValueRW@@UEAAJPEAJ@Z 000000018000de3c f   ElectronicValueRWImpl.obj
 0001:0000ce64       ?CashDeposit@COPOSElectronicValueRW@@UEAAJJTtagCY@@JPEAJ@Z 000000018000de64 f   ElectronicValueRWImpl.obj
 0001:0000cf50       ?CheckCard@COPOSElectronicValueRW@@UEAAJJJPEAJ@Z 000000018000df50 f   ElectronicValueRWImpl.obj
 0001:0000d01c       ?CheckHealth@COPOSElectronicValueRW@@UEAAJJPEAJ@Z 000000018000e01c f   ElectronicValueRWImpl.obj
 0001:0000d098       ?CheckServiceRegistrationToMedium@COPOSElectronicValueRW@@UEAAJJJPEAJ@Z 000000018000e098 f   ElectronicValueRWImpl.obj
 0001:0000d164       ?ClaimDevice@COPOSElectronicValueRW@@UEAAJJPEAJ@Z 000000018000e164 f   ElectronicValueRWImpl.obj
 0001:0000d204       ?ClearInput@COPOSElectronicValueRW@@UEAAJPEAJ@Z 000000018000e204 f   ElectronicValueRWImpl.obj
 0001:0000d22c       ?ClearInputProperties@COPOSElectronicValueRW@@UEAAJPEAJ@Z 000000018000e22c f   ElectronicValueRWImpl.obj
 0001:0000d254       ?ClearOutput@COPOSElectronicValueRW@@UEAAJPEAJ@Z 000000018000e254 f   ElectronicValueRWImpl.obj
 0001:0000d27c       ?ClearParameterInformation@COPOSElectronicValueRW@@UEAAJPEAJ@Z 000000018000e27c f   ElectronicValueRWImpl.obj
 0001:0000d2a4       ?Close@COPOSElectronicValueRW@@UEAAJPEAJ@Z 000000018000e2a4 f   ElectronicValueRWImpl.obj
 0001:0000d35c       ?CloseDailyEVService@COPOSElectronicValueRW@@UEAAJPEAJPEAPEA_W0@Z 000000018000e35c f   ElectronicValueRWImpl.obj
 0001:0000d438       ?CompareFirmwareVersion@COPOSElectronicValueRW@@UEAAJPEA_WPEAJ1@Z 000000018000e438 f   ElectronicValueRWImpl.obj
 0001:0000d514       ?DeactivateEVService@COPOSElectronicValueRW@@UEAAJPEAJPEAPEA_W0@Z 000000018000e514 f   ElectronicValueRWImpl.obj
 0001:0000d5f0       ?DirectIO@COPOSElectronicValueRW@@UEAAJJPEAJPEAPEA_W0@Z 000000018000e5f0 f   ElectronicValueRWImpl.obj
 0001:0000d6ec       ?DoInvoke@COPOSElectronicValueRW@@IEAAJJPEAVOposVariant@@IHPEAJ_N@Z 000000018000e6ec f   ElectronicValueRWImpl.obj
 0001:0000d820       ?EndDetection@COPOSElectronicValueRW@@UEAAJPEAJ@Z 000000018000e820 f   ElectronicValueRWImpl.obj
 0001:0000d848       ?EndRemoval@COPOSElectronicValueRW@@UEAAJPEAJ@Z 000000018000e848 f   ElectronicValueRWImpl.obj
 0001:0000d870       ?EnumerateCardServices@COPOSElectronicValueRW@@UEAAJPEAJ@Z 000000018000e870 f   ElectronicValueRWImpl.obj
 0001:0000d898       ?EventInit@COPOSElectronicValueRW@@IEAAJXZ 000000018000e898 f i ElectronicValueRWImpl.obj
 0001:0000d9e0       ?EventUninit@COPOSElectronicValueRW@@IEAAXXZ 000000018000e9e0 f i ElectronicValueRWImpl.obj
 0001:0000da44       ?EventWindowProc@COPOSElectronicValueRW@@IEAA_JI_K_J@Z 000000018000ea44 f i ElectronicValueRWImpl.obj
 0001:0000dc88       ?FinalConstruct@COPOSElectronicValueRW@@QEAAJXZ 000000018000ec88 f   ElectronicValueRWImpl.obj
 0001:0000dcc4       ?FreezeEvents@COPOSElectronicValueRW@@MEAAJH@Z 000000018000ecc4 f   ElectronicValueRWImpl.obj
 0001:0000dd38       ?GetOposProp@COPOSElectronicValueRW@@IEAAJJPEAJJ@Z 000000018000ed38 f   ElectronicValueRWImpl.obj
 0001:0000de54       ?GetOposProp@COPOSElectronicValueRW@@IEAAJJPEAPEA_WJ@Z 000000018000ee54 f   ElectronicValueRWImpl.obj
 0001:0000df80       ?LockTerminal@COPOSElectronicValueRW@@UEAAJPEAJ@Z 000000018000ef80 f   ElectronicValueRWImpl.obj
 0001:0000dfa8       ?OnDraw@COPOSElectronicValueRW@@MEAAJAEAUATL_DRAWINFO@@@Z 000000018000efa8 f   ElectronicValueRWImpl.obj
 0001:0000e094       ?Open@COPOSElectronicValueRW@@UEAAJPEA_WPEAJ@Z 000000018000f094 f   ElectronicValueRWImpl.obj
 0001:0000e938       ?OpenDailyEVService@COPOSElectronicValueRW@@UEAAJPEAJPEAPEA_W0@Z 000000018000f938 f   ElectronicValueRWImpl.obj
 0001:0000ea14       ?QueryLastSuccessfulTransactionResult@COPOSElectronicValueRW@@UEAAJPEAJ@Z 000000018000fa14 f   ElectronicValueRWImpl.obj
 0001:0000ea3c       ?ReadValue@COPOSElectronicValueRW@@UEAAJJJPEAJ@Z 000000018000fa3c f   ElectronicValueRWImpl.obj
 0001:0000eb08       ?RegisterServiceToMedium@COPOSElectronicValueRW@@UEAAJJJPEAJ@Z 000000018000fb08 f   ElectronicValueRWImpl.obj
 0001:0000ebd4       ?ReleaseDevice@COPOSElectronicValueRW@@UEAAJPEAJ@Z 000000018000fbd4 f   ElectronicValueRWImpl.obj
 0001:0000ec40       ?ResetStatistics@COPOSElectronicValueRW@@UEAAJPEA_WPEAJ@Z 000000018000fc40 f   ElectronicValueRWImpl.obj
 0001:0000ecc8       ?RetrieveResultInformation@COPOSElectronicValueRW@@UEAAJPEA_WPEAPEA_WPEAJ@Z 000000018000fcc8 f   ElectronicValueRWImpl.obj
 0001:0000eda4       ?RetrieveStatistics@COPOSElectronicValueRW@@UEAAJPEAPEA_WPEAJ@Z 000000018000fda4 f   ElectronicValueRWImpl.obj
 0001:0000ee2c       ?SOProcessID@COPOSElectronicValueRW@@UEAAJPEAJ@Z 000000018000fe2c f   ElectronicValueRWImpl.obj
 0001:0000ee48       ?SetCOFreezeEvents@COPOSElectronicValueRW@@IEAAXF@Z 000000018000fe48 f   ElectronicValueRWImpl.obj
 0001:0000ef2c       ?SetOposProp@COPOSElectronicValueRW@@IEAAJJJJ@Z 000000018000ff2c f   ElectronicValueRWImpl.obj
 0001:0000f08c       ?SetOposProp@COPOSElectronicValueRW@@IEAAJJPEA_WJ@Z 000000018001008c f   ElectronicValueRWImpl.obj
 0001:0000f1e4       ?SetParameterInformation@COPOSElectronicValueRW@@UEAAJPEA_W0PEAJ@Z 00000001800101e4 f   ElectronicValueRWImpl.obj
 0001:0000f2c0       ?SubtractValue@COPOSElectronicValueRW@@UEAAJJJPEAJ@Z 00000001800102c0 f   ElectronicValueRWImpl.obj
 0001:0000f38c       ?TransactionAccess@COPOSElectronicValueRW@@UEAAJJPEAJ@Z 000000018001038c f   ElectronicValueRWImpl.obj
 0001:0000f408       ?UnlockTerminal@COPOSElectronicValueRW@@UEAAJPEAJ@Z 0000000180010408 f   ElectronicValueRWImpl.obj
 0001:0000f430       ?UnregisterServiceToMedium@COPOSElectronicValueRW@@UEAAJJJPEAJ@Z 0000000180010430 f   ElectronicValueRWImpl.obj
 0001:0000f4fc       ?UpdateData@COPOSElectronicValueRW@@UEAAJJPEAJPEAPEA_W0@Z 00000001800104fc f   ElectronicValueRWImpl.obj
 0001:0000f5f8       ?UpdateFirmware@COPOSElectronicValueRW@@UEAAJPEA_WPEAJ@Z 00000001800105f8 f   ElectronicValueRWImpl.obj
 0001:0000f680       ?UpdateKey@COPOSElectronicValueRW@@UEAAJPEAJPEAPEA_W0@Z 0000000180010680 f   ElectronicValueRWImpl.obj
 0001:0000f75c       ?UpdateStatistics@COPOSElectronicValueRW@@UEAAJPEA_WPEAJ@Z 000000018001075c f   ElectronicValueRWImpl.obj
 0001:0000f7e4       ?WriteValue@COPOSElectronicValueRW@@UEAAJJJPEAJ@Z 00000001800107e4 f   ElectronicValueRWImpl.obj
 0001:0000f8b0       ?get_AccountNumber@COPOSElectronicValueRW@@UEAAJPEAPEA_W@Z 00000001800108b0 f   ElectronicValueRWImpl.obj
 0001:0000f8c4       ?get_AdditionalSecurityInformation@COPOSElectronicValueRW@@UEAAJPEAPEA_W@Z 00000001800108c4 f   ElectronicValueRWImpl.obj
 0001:0000f8d8       ?get_Amount@COPOSElectronicValueRW@@UEAAJPEATtagCY@@@Z 00000001800108d8 f   ElectronicValueRWImpl.obj
 0001:0000f9a8       ?get_ApprovalCode@COPOSElectronicValueRW@@UEAAJPEAPEA_W@Z 00000001800109a8 f   ElectronicValueRWImpl.obj
 0001:0000f9bc       ?get_AsyncMode@COPOSElectronicValueRW@@UEAAJPEAF@Z 00000001800109bc f   ElectronicValueRWImpl.obj
 0001:0000f9f0       ?get_AutoDisable@COPOSElectronicValueRW@@UEAAJPEAF@Z 00000001800109f0 f   ElectronicValueRWImpl.obj
 0001:0000fa24       ?get_Balance@COPOSElectronicValueRW@@UEAAJPEATtagCY@@@Z 0000000180010a24 f   ElectronicValueRWImpl.obj
 0001:0000faf4       ?get_BalanceOfPoint@COPOSElectronicValueRW@@UEAAJPEATtagCY@@@Z 0000000180010af4 f   ElectronicValueRWImpl.obj
 0001:0000fbc4       ?get_BinaryConversion@COPOSElectronicValueRW@@UEAAJPEAJ@Z 0000000180010bc4 f   ElectronicValueRWImpl.obj
 0001:0000fbd8       ?get_CapActivateService@COPOSElectronicValueRW@@UEAAJPEAF@Z 0000000180010bd8 f   ElectronicValueRWImpl.obj
 0001:0000fc0c       ?get_CapAddValue@COPOSElectronicValueRW@@UEAAJPEAF@Z 0000000180010c0c f   ElectronicValueRWImpl.obj
 0001:0000fc40       ?get_CapAdditionalSecurityInformation@COPOSElectronicValueRW@@UEAAJPEAF@Z 0000000180010c40 f   ElectronicValueRWImpl.obj
 0001:0000fc74       ?get_CapAuthorizeCompletion@COPOSElectronicValueRW@@UEAAJPEAF@Z 0000000180010c74 f   ElectronicValueRWImpl.obj
 0001:0000fca8       ?get_CapAuthorizePreSales@COPOSElectronicValueRW@@UEAAJPEAF@Z 0000000180010ca8 f   ElectronicValueRWImpl.obj
 0001:0000fcdc       ?get_CapAuthorizeRefund@COPOSElectronicValueRW@@UEAAJPEAF@Z 0000000180010cdc f   ElectronicValueRWImpl.obj
 0001:0000fd10       ?get_CapAuthorizeVoid@COPOSElectronicValueRW@@UEAAJPEAF@Z 0000000180010d10 f   ElectronicValueRWImpl.obj
 0001:0000fd44       ?get_CapAuthorizeVoidPreSales@COPOSElectronicValueRW@@UEAAJPEAF@Z 0000000180010d44 f   ElectronicValueRWImpl.obj
 0001:0000fd78       ?get_CapCancelValue@COPOSElectronicValueRW@@UEAAJPEAF@Z 0000000180010d78 f   ElectronicValueRWImpl.obj
 0001:0000fdac       ?get_CapCardSensor@COPOSElectronicValueRW@@UEAAJPEAJ@Z 0000000180010dac f   ElectronicValueRWImpl.obj
 0001:0000fdc0       ?get_CapCashDeposit@COPOSElectronicValueRW@@UEAAJPEAF@Z 0000000180010dc0 f   ElectronicValueRWImpl.obj
 0001:0000fdf4       ?get_CapCenterResultCode@COPOSElectronicValueRW@@UEAAJPEAF@Z 0000000180010df4 f   ElectronicValueRWImpl.obj
 0001:0000fe28       ?get_CapCheckCard@COPOSElectronicValueRW@@UEAAJPEAF@Z 0000000180010e28 f   ElectronicValueRWImpl.obj
 0001:0000fe5c       ?get_CapCompareFirmwareVersion@COPOSElectronicValueRW@@UEAAJPEAF@Z 0000000180010e5c f   ElectronicValueRWImpl.obj
 0001:0000fe90       ?get_CapDailyLog@COPOSElectronicValueRW@@UEAAJPEAJ@Z 0000000180010e90 f   ElectronicValueRWImpl.obj
 0001:0000fea4       ?get_CapDetectionControl@COPOSElectronicValueRW@@UEAAJPEAJ@Z 0000000180010ea4 f   ElectronicValueRWImpl.obj
 0001:0000feb8       ?get_CapElectronicMoney@COPOSElectronicValueRW@@UEAAJPEAF@Z 0000000180010eb8 f   ElectronicValueRWImpl.obj
 0001:0000feec       ?get_CapEnumerateCardServices@COPOSElectronicValueRW@@UEAAJPEAF@Z 0000000180010eec f   ElectronicValueRWImpl.obj
 0001:0000ff20       ?get_CapIndirectTransactionLog@COPOSElectronicValueRW@@UEAAJPEAF@Z 0000000180010f20 f   ElectronicValueRWImpl.obj
[...]
 0004:00001ba8       $pdata$?try_get_function@@YAPEAXW4function_id@?A0x391cf84c@@QEBDQEBW4module_id@2@2@Z 0000000180038ba8     libucrt:winapi_thunks.obj
 0004:00001bb4       $pdata$wcstol              0000000180038bb4     libucrt:strtox.obj
 0004:00001bc0       $pdata$_mbtowc_l           0000000180038bc0     libucrt:mbtowc.obj
 0004:00001bcc       $pdata$__acrt_update_locale_info 0000000180038bcc     libucrt:locale_update.obj
 0004:00001bd8       $pdata$__acrt_update_multibyte_info 0000000180038bd8     libucrt:locale_update.obj
 0004:00001be4       $pdata$__acrt_fp_format    0000000180038be4     libucrt:cvt.obj
 0004:00001bf0       $pdata$?fp_format_e_internal@@YAHQEAD_KH_NIQEAU_strflt@@2QEAU__crt_locale_pointers@@@Z 0000000180038bf0     libucrt:cvt.obj
 0004:00001bfc       $pdata$?fp_format_e@@YAHQEBNQEAD_K12H_NIQEAU__crt_locale_pointers@@@Z 0000000180038bfc     libucrt:cvt.obj
 0004:00001c08       $pdata$?fp_format_a@@YAHQEBNPEAD_KQEAD2H_NIQEAU__crt_locale_pointers@@@Z 0000000180038c08     libucrt:cvt.obj
 0004:00001c14       $pdata$?fp_format_f_internal@@YAHQEAD_KHQEAU_strflt@@_NQEAU__crt_locale_pointers@@@Z 0000000180038c14     libucrt:cvt.obj
 0004:00001c20       $pdata$?fp_format_g@@YAHQEBNQEAD_K12H_NIQEAU__crt_locale_pointers@@@Z 0000000180038c20     libucrt:cvt.obj
 0004:00001c2c       $pdata$_fileno             0000000180038c2c     libucrt:fileno.obj
 0004:00001c38       $pdata$__acrt_initialize_stdio 0000000180038c38     libucrt:_file.obj
 0004:00001c44       $pdata$__acrt_uninitialize_stdio 0000000180038c44     libucrt:_file.obj
 0004:00001c50       $pdata$__acrt_uninitialize_locale 0000000180038c50     libucrt:wsetlocale.obj
 0004:00001c5c       $pdata$??$?RV<lambda_410d79af7f07d98d83a3f525b3859a53>@@AEAV<lambda_3e16ef9562a7dcce91392c22ab16ea36>@@V<lambda_38119f0e861e05405d8a144b9b982f0a>@@@?$__crt_seh_guarded_call@X@@QEAAX$$QEAV<lambda_410d79af7f07d98d83a3f525b3859a53>@@AEAV<lambda_3e16ef9562a7dcce91392c22ab16ea36>@@$$QEAV<lambda_38119f0e861e05405d8a144b9b982f0a>@@@Z 0000000180038c5c     libucrt:wsetlocale.obj
 0004:00001c68       $pdata$?fin$0@?0???$?RV<lambda_410d79af7f07d98d83a3f525b3859a53>@@AEAV<lambda_3e16ef9562a7dcce91392c22ab16ea36>@@V<lambda_38119f0e861e05405d8a144b9b982f0a>@@@?$__crt_seh_guarded_call@X@@QEAAX$$QEAV<lambda_410d79af7f07d98d83a3f525b3859a53>@@AEAV<lambda_3e16ef9562a7dcce91392c22ab16ea36>@@$$QEAV<lambda_38119f0e861e05405d8a144b9b982f0a>@@@Z@4HA 0000000180038c68     libucrt:wsetlocale.obj
 0004:00001c74       $pdata$__acrt_initialize_lowio 0000000180038c74     libucrt:ioinit.obj
 0004:00001c80       $pdata$__acrt_initialize_lowio$fin$0 0000000180038c80     libucrt:ioinit.obj
 0004:00001c80       $pdata$__acrt_lowio_ensure_fh_exists$fin$0 0000000180038c80     libucrt:osfinfo.obj
 0004:00001c8c       $pdata$__acrt_uninitialize_lowio 0000000180038c8c     libucrt:ioinit.obj
 0004:00001c98       $pdata$?initialize_inherited_file_handles_nolock@@YAXXZ 0000000180038c98     libucrt:ioinit.obj
 0004:00001ca4       $pdata$?initialize_stdio_handles_nolock@@YAXXZ 0000000180038ca4     libucrt:ioinit.obj
 0004:00001cb0       $pdata$__acrt_initialize_locks 0000000180038cb0     libucrt:locks.obj
 0004:00001cbc       $pdata$__acrt_uninitialize_locks 0000000180038cbc     libucrt:locks.obj
 0004:00001cc8       $pdata$__acrt_get_process_end_policy 0000000180038cc8     libucrt:win_policies.obj
 0004:00001cd4       $pdata$??$__acrt_mbs_to_wcs_cp@U__crt_win32_buffer_internal_dynamic_resizing@@@@YAHQEBDAEAV?$__crt_win32_buffer@_WU__crt_win32_buffer_internal_dynamic_resizing@@@@I@Z 0000000180038cd4     libucrt:argv_wildcards.obj
 0004:00001ce0       $pdata$??$__acrt_wcs_to_mbs_cp@U__crt_win32_buffer_internal_dynamic_resizing@@@@YAHQEB_WAEAV?$__crt_win32_buffer@DU__crt_win32_buffer_internal_dynamic_resizing@@@@I@Z 0000000180038ce0     libucrt:argv_wildcards.obj
 0004:00001cec       $pdata$??$common_expand_argv_wildcards@D@@YAHQEAPEADQEAPEAPEAD@Z 0000000180038cec     libucrt:argv_wildcards.obj
 0004:00001cf8       $pdata$??$copy_and_add_argument_to_buffer@D@@YAHQEBD0_KAEAV?$argument_list@D@?A0x5f5c8891@@@Z 0000000180038cf8     libucrt:argv_wildcards.obj
 0004:00001d04       $pdata$??$expand_argument_wildcards@D@@YAHQEAD0AEAV?$argument_list@D@?A0x5f5c8891@@@Z 0000000180038d04     libucrt:argv_wildcards.obj
 0004:00001d10       $pdata$__acrt_GetModuleFileNameA 0000000180038d10     libucrt:getmodulefilenamea.obj
 0004:00001d1c       $pdata$??$__acrt_wcs_to_mbs_cp@U__crt_win32_buffer_no_resizing@@@@YAHQEB_WAEAV?$__crt_win32_buffer@DU__crt_win32_buffer_no_resizing@@@@I@Z 0000000180038d1c     libucrt:getmodulefilenamea.obj
 0004:00001d28       $pdata$__acrt_update_thread_multibyte_data 0000000180038d28     libucrt:mbctype.obj
 0004:00001d34       $pdata$__acrt_initialize_multibyte 0000000180038d34     libucrt:mbctype.obj
 0004:00001d40       $pdata$_setmbcp_nolock     0000000180038d40     libucrt:mbctype.obj
 0004:00001d4c       $pdata$?getSystemCP@@YAHH@Z 0000000180038d4c     libucrt:mbctype.obj
 0004:00001d58       $pdata$?setSBCS@@YAXPEAU__crt_multibyte_data@@@Z 0000000180038d58     libucrt:mbctype.obj
 0004:00001d64       $pdata$?update_thread_multibyte_data_internal@@YAPEAU__crt_multibyte_data@@QEAU__acrt_ptd@@QEAPEAU1@@Z 0000000180038d64     libucrt:mbctype.obj
 0004:00001d70       $pdata$?fin$0@?0??update_thread_multibyte_data_internal@@YAPEAU__crt_multibyte_data@@QEAU__acrt_ptd@@QEAPEAU1@@Z@4HA 0000000180038d70     libucrt:mbctype.obj
 0004:00001d7c       $pdata$?setmbcp_internal@@YAHH_NQEAU__acrt_ptd@@QEAPEAU__crt_multibyte_data@@@Z 0000000180038d7c     libucrt:mbctype.obj
 0004:00001d88       $pdata$?setSBUpLow@@YAXPEAU__crt_multibyte_data@@@Z 0000000180038d88     libucrt:mbctype.obj
 0004:00001d94       $pdata$??$?RV<lambda_efdfa57d1f175319df784efa44bb7b81>@@AEAV<lambda_5f0a4c1567f8adc6734073e5d1e1b35c>@@V<lambda_2e8a7d3640ea6ccb4c2413664c2db6fd>@@@?$__crt_seh_guarded_call@X@@QEAAX$$QEAV<lambda_efdfa57d1f175319df784efa44bb7b81>@@AEAV<lambda_5f0a4c1567f8adc6734073e5d1e1b35c>@@$$QEAV<lambda_2e8a7d3640ea6ccb4c2413664c2db6fd>@@@Z 0000000180038d94     libucrt:mbctype.obj
 0004:00001da0       $pdata$?x_ismbbtype_l@@YAHPEAU__crt_locale_pointers@@IHH@Z 0000000180038da0     libucrt:ismbbyte.obj
 0004:00001dac       $pdata$__acrt_initialize_command_line 0000000180038dac     libucrt:argv_data.obj
 0004:00001db8       $pdata$__acrt_WideCharToMultiByte 0000000180038db8     libucrt:widechartomultibyte.obj
 0004:00001dc4       $pdata$__dcrt_get_narrow_environment_from_os 0000000180038dc4     libucrt:get_environment_from_os.obj
 0004:00001dd0       $pdata$__acrt_initialize_heap 0000000180038dd0     libucrt:heap_handle.obj
 0004:00001ddc       $pdata$__acrt_execute_initializers 0000000180038ddc     libucrt:shared_initialization.obj
 0004:00001de8       $pdata$__acrt_execute_uninitializers 0000000180038de8     libucrt:shared_initialization.obj
 0004:00001df4       $pdata$__acrt_get_sigabrt_handler 0000000180038df4     libucrt:signal.obj
 0004:00001e00       $pdata$raise               0000000180038e00     libucrt:signal.obj
 0004:00001e0c       $pdata$raise$fin$0         0000000180038e0c     libucrt:signal.obj
 0004:00001e18       $pdata$??$?RV<lambda_450d765d439847d4c735a33c368b5fc0>@@AEAV<lambda_44731a7d0e6d81c3e6aa82d741081786>@@V<lambda_601a2a7da3b7a96e9554ac7215c4b07c>@@@?$__crt_seh_guarded_call@P6AXH@Z@@QEAAP6AXH@Z$$QEAV<lambda_450d765d439847d4c735a33c368b5fc0>@@AEAV<lambda_44731a7d0e6d81c3e6aa82d741081786>@@$$QEAV<lambda_601a2a7da3b7a96e9554ac7215c4b07c>@@@Z 0000000180038e18     libucrt:signal.obj
 0004:00001e24       $pdata$_fflush_nolock      0000000180038e24     libucrt:fflush.obj
 0004:00001e30       $pdata$__acrt_stdio_flush_nolock 0000000180038e30     libucrt:fflush.obj
 0004:00001e3c       $pdata$?common_flush_all@@YAH_N@Z 0000000180038e3c     libucrt:fflush.obj
 0004:00001e48       $pdata$??$?RV<lambda_842d9ff0dc9ef11c61343bbaebe7f885>@@AEAV<lambda_c5860995281e5c4ce005b3de8f5874ee>@@V<lambda_d90129c13df834fdcbf8d2b88dafcf2d>@@@?$__crt_seh_guarded_call@X@@QEAAX$$QEAV<lambda_842d9ff0dc9ef11c61343bbaebe7f885>@@AEAV<lambda_c5860995281e5c4ce005b3de8f5874ee>@@$$QEAV<lambda_d90129c13df834fdcbf8d2b88dafcf2d>@@@Z 0000000180038e48     libucrt:fflush.obj
 0004:00001e54       $pdata$?fin$0@?0???$?RV<lambda_842d9ff0dc9ef11c61343bbaebe7f885>@@AEAV<lambda_c5860995281e5c4ce005b3de8f5874ee>@@V<lambda_d90129c13df834fdcbf8d2b88dafcf2d>@@@?$__crt_seh_guarded_call@X@@QEAAX$$QEAV<lambda_842d9ff0dc9ef11c61343bbaebe7f885>@@AEAV<lambda_c5860995281e5c4ce005b3de8f5874ee>@@$$QEAV<lambda_d90129c13df834fdcbf8d2b88dafcf2d>@@@Z@4HA 0000000180038e54     libucrt:fflush.obj
 0004:00001e60       $pdata$??$?RV<lambda_886d6c58226a84441f68b9f2b8217b83>@@AEAV<lambda_ab61a845afdef5b7c387490eaf3616ee>@@V<lambda_f7f22ab5edc0698d5f6905b0d3f44752>@@@?$__crt_seh_guarded_call@X@@QEAAX$$QEAV<lambda_886d6c58226a84441f68b9f2b8217b83>@@AEAV<lambda_ab61a845afdef5b7c387490eaf3616ee>@@$$QEAV<lambda_f7f22ab5edc0698d5f6905b0d3f44752>@@@Z 0000000180038e60     libucrt:fflush.obj
 0004:00001e6c       $pdata$?fin$0@?0???$?RV<lambda_886d6c58226a84441f68b9f2b8217b83>@@AEAV<lambda_ab61a845afdef5b7c387490eaf3616ee>@@V<lambda_f7f22ab5edc0698d5f6905b0d3f44752>@@@?$__crt_seh_guarded_call@X@@QEAAX$$QEAV<lambda_886d6c58226a84441f68b9f2b8217b83>@@AEAV<lambda_ab61a845afdef5b7c387490eaf3616ee>@@$$QEAV<lambda_f7f22ab5edc0698d5f6905b0d3f44752>@@@Z@4HA 0000000180038e6c     libucrt:fflush.obj
 0004:00001e78       $pdata$__pctype_func       0000000180038e78     libucrt:ctype.obj
 0004:00001e84       $pdata$iswctype            0000000180038e84     libucrt:iswctype.obj
 0004:00001e90       $pdata$__acrt_release_locale_ref 0000000180038e90     libucrt:locale_refcounting.obj
 0004:00001e9c       $pdata$__acrt_free_locale  0000000180038e9c     libucrt:locale_refcounting.obj
 0004:00001ea8       $pdata$__acrt_locale_free_lc_time_if_unreferenced 0000000180038ea8     libucrt:locale_refcounting.obj
 0004:00001eb4       $pdata$__acrt_update_thread_locale_data 0000000180038eb4     libucrt:locale_refcounting.obj
 0004:00001ec0       $pdata$__acrt_update_thread_locale_data$fin$0 0000000180038ec0     libucrt:locale_refcounting.obj
 0004:00001ecc       $pdata$_updatetlocinfoEx_nolock 0000000180038ecc     libucrt:locale_refcounting.obj
 0004:00001ed8       $pdata$__acrt_DownlevelLocaleNameToLCID 0000000180038ed8     libucrt:lcidtoname_downlevel.obj
 0004:00001ee4       $pdata$_isleadbyte_l       0000000180038ee4     libucrt:_wctype.obj
 0004:00001ef0       $pdata$?__mbrtowc_utf8@__crt_mbstring@@YA_KPEA_WPEBD_KPEAU_Mbstatet@@@Z 0000000180038ef0     libucrt:mbrtowc.obj
 0004:00001efc       $pdata$?__mbsrtowcs_utf8@__crt_mbstring@@YA_KPEA_WPEAPEBD_KPEAU_Mbstatet@@@Z 0000000180038efc     libucrt:mbrtowc.obj
 0004:00001f08       $pdata$__acrt_fp_strflt_to_string 0000000180038f08     libucrt:_fptostr.obj
 0004:00001f14       $pdata$__acrt_fltout       0000000180038f14     libucrt:cfout.obj
 0004:00001f20       $pdata$?divide@__crt_strtox@@YA_KAEAUbig_integer@1@AEBU21@@Z 0000000180038f20     libucrt:cfout.obj
 0004:00001f2c       $pdata$0$?divide@__crt_strtox@@YA_KAEAUbig_integer@1@AEBU21@@Z 0000000180038f2c     libucrt:cfout.obj
 0004:00001f38       $pdata$1$?divide@__crt_strtox@@YA_KAEAUbig_integer@1@AEBU21@@Z 0000000180038f38     libucrt:cfout.obj
 0004:00001f44       $pdata$_fcloseall          0000000180038f44     libucrt:closeall.obj
 0004:00001f50       $pdata$_fcloseall$fin$0    0000000180038f50     libucrt:closeall.obj
 0004:00001f5c       $pdata$__acrt_stdio_free_buffer_nolock 0000000180038f5c     libucrt:_freebuf.obj
 0004:00001f68       $pdata$_isatty             0000000180038f68     libucrt:isatty.obj
 0004:00001f74       $pdata$__acrt_locale_free_monetary 0000000180038f74     libucrt:initmon.obj
 0004:00001f80       $pdata$__acrt_locale_free_numeric 0000000180038f80     libucrt:initnum.obj
 0004:00001f8c       $pdata$__acrt_locale_free_time 0000000180038f8c     libucrt:inittime.obj
 0004:00001f98       $pdata$?free_crt_array_internal@@YAXQEAPEBX_K@Z 0000000180038f98     libucrt:inittime.obj
 0004:00001fa4       $pdata$__acrt_GetStringTypeA 0000000180038fa4     libucrt:getstringtypea.obj
 0004:00001fb0       $pdata$_get_osfhandle      0000000180038fb0     libucrt:osfinfo.obj
 0004:00001fbc       $pdata$_free_osfhnd        0000000180038fbc     libucrt:osfinfo.obj
 0004:00001fc8       $pdata$__acrt_lowio_create_handle_array 0000000180038fc8     libucrt:osfinfo.obj
 0004:00001fd4       $pdata$__acrt_lowio_destroy_handle_array 0000000180038fd4     libucrt:osfinfo.obj
 0004:00001fe0       $pdata$__acrt_lowio_ensure_fh_exists 0000000180038fe0     libucrt:osfinfo.obj
 0004:00001fec       $pdata$qsort               0000000180038fec     libucrt:qsort.obj
 0004:00001ff8       $pdata$4$qsort             0000000180038ff8     libucrt:qsort.obj
 0004:00002004       $pdata$5$qsort             0000000180039004     libucrt:qsort.obj
 0004:00002010       $pdata$strncpy_s           0000000180039010     libucrt:strncpy_s.obj
 0004:0000201c       $pdata$strpbrk             000000018003901c     libucrt:strpbrk.obj
 0004:00002028       $pdata$fallbackMethod      0000000180039028     libucrt:strpbrk.obj
 0004:00002034       $pdata$_mbsdec_l           0000000180039034     libucrt:mbsdec.obj
 0004:00002040       $pdata$__acrt_LCMapStringA 0000000180039040     libucrt:lcmapstringa.obj
 0004:0000204c       $pdata$?__acrt_LCMapStringA_stat@@YAHPEAU__crt_locale_pointers@@PEB_WKPEBDHPEADHHH@Z 000000018003904c     libucrt:lcmapstringa.obj
 0004:00002058       $pdata$?initialize_multibyte@@YAHXZ 0000000180039058     libucrt:multibyte_initializer.obj
 0004:00002064       $pdata$_commit             0000000180039064     libucrt:commit.obj
 0004:00002070       $pdata$??$?RV<lambda_a37b2b86f63e897a80ea819b0eb08c01>@@AEAV<lambda_38ce7e780aa69e748d6df282ebc68efe>@@V<lambda_99fb1378e971ab6e7edea83e3a7a83a2>@@@?$__crt_seh_guarded_call@H@@QEAAH$$QEAV<lambda_a37b2b86f63e897a80ea819b0eb08c01>@@AEAV<lambda_38ce7e780aa69e748d6df282ebc68efe>@@$$QEAV<lambda_99fb1378e971ab6e7edea83e3a7a83a2>@@@Z 0000000180039070     libucrt:commit.obj
 0004:0000207c       $pdata$?fin$0@?0???$?RV<lambda_751a882b2c74d4b022dec766aa51a29a>@@AEAV<lambda_628dfdc04ba53c8bfc02c9951375f3f5>@@V<lambda_f6c7be5f7998530c34de24c7437d6b54>@@@?$__crt_seh_guarded_call@H@@QEAAH$$QEAV<lambda_751a882b2c74d4b022dec766aa51a29a>@@AEAV<lambda_628dfdc04ba53c8bfc02c9951375f3f5>@@$$QEAV<lambda_f6c7be5f7998530c34de24c7437d6b54>@@@Z@4HA 000000018003907c     libucrt:close.obj
 0004:0000207c       $pdata$?fin$0@?0???$?RV<lambda_a37b2b86f63e897a80ea819b0eb08c01>@@AEAV<lambda_38ce7e780aa69e748d6df282ebc68efe>@@V<lambda_99fb1378e971ab6e7edea83e3a7a83a2>@@@?$__crt_seh_guarded_call@H@@QEAAH$$QEAV<lambda_a37b2b86f63e897a80ea819b0eb08c01>@@AEAV<lambda_38ce7e780aa69e748d6df282ebc68efe>@@$$QEAV<lambda_99fb1378e971ab6e7edea83e3a7a83a2>@@@Z@4HA 000000018003907c     libucrt:commit.obj
 0004:00002088       $pdata$_write              0000000180039088     libucrt:write.obj
 0004:00002094       $pdata$_write$fin$0        0000000180039094     libucrt:write.obj
 0004:000020a0       $pdata$_write_nolock       00000001800390a0     libucrt:write.obj
 0004:000020ac       $pdata$?write_double_translated_ansi_nolock@@YA?AUwrite_result@?A0x17268360@@HQEBDI@Z 00000001800390ac     libucrt:write.obj
 0004:000020b8       $pdata$?write_text_ansi_nolock@@YA?AUwrite_result@?A0x17268360@@HQEBDI@Z 00000001800390b8     libucrt:write.obj
 0004:000020c4       $pdata$?write_text_utf16le_nolock@@YA?AUwrite_result@?A0x17268360@@HQEBDI@Z 00000001800390c4     libucrt:write.obj
 0004:000020d0       $pdata$?write_text_utf8_nolock@@YA?AUwrite_result@?A0x17268360@@HQEBDI@Z 00000001800390d0     libucrt:write.obj
 0004:000020dc       $pdata$?__mbrtoc32_utf8@__crt_mbstring@@YA_KPEA_UPEBD_KPEAU_Mbstatet@@@Z 00000001800390dc     libucrt:mbrtoc32.obj
 0004:000020e8       $pdata$fegetenv            00000001800390e8     libucrt:fegetenv.obj
 0004:000020f4       $pdata$fesetenv            00000001800390f4     libucrt:fesetenv.obj
 0004:00002100       $pdata$feholdexcept        0000000180039100     libucrt:feholdexcept.obj
 0004:00002118       $pdata$??$common_lseek_nolock@_J@@YA_JH_JH@Z 0000000180039118     libucrt:lseek.obj
 0004:00002124       $pdata$fclose              0000000180039124     libucrt:fclose.obj
 0004:00002130       $pdata$fclose$fin$0        0000000180039130     libucrt:fclose.obj
 0004:0000213c       $pdata$_fclose_nolock      000000018003913c     libucrt:fclose.obj
 0004:00002148       $pdata$_putwch_nolock      0000000180039148     libucrt:putwch.obj
 0004:00002154       $pdata$__acrt_fenv_set_control 0000000180039154     libucrt:_fenvutils.obj
 0004:00002160       $pdata$_clearfp            0000000180039160     libucrt:ieee.obj
 0004:0000216c       $pdata$_call_matherr       000000018003916c     libucrt:libm_error.obj
 0004:00002178       $pdata$_exception_enabled  0000000180039178     libucrt:libm_error.obj
 0004:00002184       $pdata$_handle_error       0000000180039184     libucrt:libm_error.obj
 0004:00002190       $pdata$__acrt_initialize_fma3 0000000180039190     libucrt:fma3_available.obj
 0004:0000219c       $pdata$_log_special_common 000000018003919c     libucrt:log_special.obj
 0004:000021a8       $pdata$_log10_special      00000001800391a8     libucrt:log_special.obj
 0004:000021b4       $pdata$_close              00000001800391b4     libucrt:close.obj
 0004:000021c0       $pdata$_close_nolock       00000001800391c0     libucrt:close.obj
 0004:000021cc       $pdata$??$?RV<lambda_751a882b2c74d4b022dec766aa51a29a>@@AEAV<lambda_628dfdc04ba53c8bfc02c9951375f3f5>@@V<lambda_f6c7be5f7998530c34de24c7437d6b54>@@@?$__crt_seh_guarded_call@H@@QEAAH$$QEAV<lambda_751a882b2c74d4b022dec766aa51a29a>@@AEAV<lambda_628dfdc04ba53c8bfc02c9951375f3f5>@@$$QEAV<lambda_f6c7be5f7998530c34de24c7437d6b54>@@@Z 00000001800391cc     libucrt:close.obj
 0004:000021d8       $pdata$__dcrt_lowio_ensure_console_output_initialized 00000001800391d8     libucrt:initcon.obj
 0004:000021e4       $pdata$__dcrt_write_console 00000001800391e4     libucrt:initcon.obj
 0004:000021f0       $pdata$__dcrt_terminate_console_output 00000001800391f0     libucrt:initcon.obj
 0004:00002208       $pdata$_set_errno_from_matherr 0000000180039208     libucrt:fpexcept.obj
 0004:00002214       $pdata$_raise_exc          0000000180039214     libucrt:fpexcept.obj
 0004:00002220       $pdata$_raise_exc_ex       0000000180039220     libucrt:fpexcept.obj
 0004:0000222c       $pdata$_clrfp              000000018003922c     libucrt:fpctrl.obj
 0004:00002238       $pdata$_ctrlfp             0000000180039238     libucrt:fpctrl.obj
 0004:00002244       $pdata$_ctrlfp$filt$0      0000000180039244     libucrt:fpctrl.obj
 0004:00002250       $pdata$_statfp             0000000180039250     libucrt:fpctrl.obj
 0004:0000225c       $pdata$_set_statfp         000000018003925c     libucrt:fpctrl.obj
 0004:00002268       $pdata$_IsNonwritableInCurrentImage 0000000180039268     LIBCMT:pesect.obj
 0004:00002274       $pdata$_IsNonwritableInCurrentImage$filt$0 0000000180039274     LIBCMT:pesect.obj
 0005:00000000       MoveSmall                  000000018003a000     libvcruntime:memcpy.obj
 0005:00000050       MsetTab                    000000018003a050     libvcruntime:memset.obj
 0006:00000220       $R000000                   000000018003b220     ElectronicValueRW.res
 0006:00000bb8       $R000998                   000000018003bbb8     ElectronicValueRW.res
 0006:00000ca0       $R000A80                   000000018003bca0     ElectronicValueRW.res
 0006:00000f08       $R000CE8                   000000018003bf08     ElectronicValueRW.res
 0006:00001410       $R0011F0                   000000018003c410     ElectronicValueRW.res
 0006:00007ee0       $R007CC0                   0000000180042ee0     ElectronicValueRW.res
 0006:00007f28       $R007D08                   0000000180042f28     ElectronicValueRW.res
