 OPOSFiscalPrinter

 Timestamp is 600f786d (Tue Jan 26 11:03:25 2021)

 Preferred load address is 0000000180000000

 Start         Length     Name                   Class
 0001:00000000 000000c0H .text$di                CODE
 0001:000000c0 000249d0H .text$mn                CODE
 0001:00024a90 00000040H .text$mn$00             CODE
 0001:00024ad0 000004b0H .text$x                 CODE
 0001:00024f80 00000078H .text$yd                CODE
 0002:00000000 00000618H .idata$5                DATA
 0002:00000618 00000028H .00cfg                  DATA
 0002:00000640 00000008H .CRT$XCA                DATA
 0002:00000648 00000008H .CRT$XCL                DATA
 0002:00000650 00000020H .CRT$XCU                DATA
 0002:00000670 00000008H .CRT$XCZ                DATA
 0002:00000678 00000008H .CRT$XIA                DATA
 0002:00000680 00000020H .CRT$XIC                DATA
 0002:000006a0 00000008H .CRT$XIZ                DATA
 0002:000006a8 00000008H .CRT$XLA                DATA
 0002:000006b0 00000008H .CRT$XLZ                DATA
 0002:000006b8 00000008H .CRT$XPA                DATA
 0002:000006c0 00000010H .CRT$XPX                DATA
 0002:000006d0 00000008H .CRT$XPXA               DATA
 0002:000006d8 00000008H .CRT$XPZ                DATA
 0002:000006e0 00000008H .CRT$XTA                DATA
 0002:000006e8 00000008H .CRT$XTZ                DATA
 0002:000006f0 00000000H .gehcont$y              DATA
 0002:000006f0 00000000H .gfids$y                DATA
 0002:000006f0 0000b710H .rdata                  DATA
 0002:0000be00 00000000H .rdata$CastGuardVftablesA DATA
 0002:0000be00 00000000H .rdata$CastGuardVftablesC DATA
 0002:0000be00 00000028H .rdata$T                DATA
 0002:0000be28 00000274H .rdata$r                DATA
 0002:0000c09c 0000040cH .rdata$zzzdbg           DATA
 0002:0000c4a8 00000008H .rtc$IAA                DATA
 0002:0000c4b0 00000008H .rtc$IZZ                DATA
 0002:0000c4b8 00000008H .rtc$TAA                DATA
 0002:0000c4c0 00000008H .rtc$TZZ                DATA
 0002:0000c4c8 00000004H .tls                    DATA
 0002:0000c4cc 00000004H .tls$                   DATA
 0002:0000c4d0 00000008H .tls$ZZZ                DATA
 0002:0000c4d8 00001748H .xdata                  DATA
 0002:0000dc20 00000150H .xdata$x                DATA
 0002:0000dd70 00000008H ATL$__a                 DATA
 0002:0000dd78 00000008H ATL$__z                 DATA
 0002:0000dd80 000000b0H .edata                  DATA
 0002:0000de30 00000078H .idata$2                DATA
 0002:0000dea8 00000018H .idata$3                DATA
 0002:0000dec0 00000618H .idata$4                DATA
 0002:0000e4d8 00000c2aH .idata$6                DATA
 0003:00000000 00000f88H .data                   DATA
 0003:00000f88 000000c8H .data$r                 DATA
 0003:00001050 0000141cH .bss                    DATA
 0004:00000000 00002454H .pdata                  DATA
 0005:00000000 00000094H _RDATA                  DATA
 0006:00000000 00000220H .rsrc$01                DATA
 0006:00000220 00009878H .rsrc$02                DATA

  Address         Publics by Value              Rva+Base               Lib:Object

 0000:00000000       ___safe_se_handler_table   0000000000000000     <absolute>
 0000:00000000       __arm64x_redirection_metadata 0000000000000000     <absolute>
 0000:00000000       __guard_longjmp_table      0000000000000000     <absolute>
 0000:00000000       __guard_iat_table          0000000000000000     <absolute>
 0000:00000000       __x64_code_ranges_to_entry_points 0000000000000000     <absolute>
 0000:00000000       __guard_fids_count         0000000000000000     <absolute>
 0000:00000000       __guard_iat_count          0000000000000000     <absolute>
 0000:00000000       __guard_longjmp_count      0000000000000000     <absolute>
 0000:00000000       __arm64x_extra_rfe_table   0000000000000000     <absolute>
 0000:00000000       __dynamic_value_reloc_table 0000000000000000     <absolute>
 0000:00000000       __x64_code_ranges_to_entry_points_count 0000000000000000     <absolute>
 0000:00000000       __hybrid_auxiliary_iat     0000000000000000     <absolute>
 0000:00000000       __hybrid_code_map          0000000000000000     <absolute>
 0000:00000000       __volatile_metadata        0000000000000000     <absolute>
 0000:00000000       __arm64x_extra_rfe_table_size 0000000000000000     <absolute>
 0000:00000000       ___safe_se_handler_count   0000000000000000     <absolute>
 0000:00000000       __AbsoluteZero             0000000000000000     <absolute>
 0000:00000000       __guard_fids_table         0000000000000000     <absolute>
 0000:00000000       __guard_eh_cont_count      0000000000000000     <absolute>
 0000:00000000       __arm64x_redirection_metadata_count 0000000000000000     <absolute>
 0000:00000000       __enclave_config           0000000000000000     <absolute>
 0000:00000000       __guard_eh_cont_table      0000000000000000     <absolute>
 0000:00000000       __arm64x_native_entrypoint 0000000000000000     <absolute>
 0000:00000000       __hybrid_code_map_count    0000000000000000     <absolute>
 0000:00000100       __guard_flags              0000000000000100     <absolute>
 0000:00000000       __ImageBase                0000000180000000     <linker-defined>
 0001:000000c0       ?DupWide@_CW@@AEAAXXZ      00000001800010c0 f   CWString.obj
 0001:000000e8       ?cw_dup@@YAXPEBDAEAHAEAPEA_W1@Z 00000001800010e8 f   CWString.obj
 0001:000001c8       ?cw_memcpy@@YAHPEA_WPEBDH@Z 00000001800011c8 f   CWString.obj
 0001:00000214       ?cw_strcpy@@YAHPEA_WPEBD@Z 0000000180001214 f   CWString.obj
 0001:00000228       ??0CAtlComModule@ATL@@QEAA@XZ 0000000180001228 f i OposVariant.obj
 0001:000002a8       ??0CAtlWinModule@ATL@@QEAA@XZ 00000001800012a8 f i OposVariant.obj
 0001:00000314       ??0OposDispParms@@QEAA@PEAVOposVariant@@H@Z 0000000180001314 f   OposVariant.obj
 0001:000003bc       ??1OposDispParms@@QEAA@XZ  00000001800013bc f   OposVariant.obj
 0001:000003d4       ??_Estringdispid@CComTypeInfoHolder@ATL@@QEAAPEAXI@Z 00000001800013d4 f i OposVariant.obj
 0001:00000478       ?AtlWinModuleTerm@ATL@@YAJPEAU_ATL_WIN_MODULE70@1@PEAUHINSTANCE__@@@Z 0000000180001478 f i OposVariant.obj
 0001:00000528       ?ChangeBSTR@OposVariant@@QEAAXPEAPEA_WAEAJ@Z 0000000180001528 f   OposVariant.obj
 0001:00000588       ?ChangeLONG@OposVariant@@QEAAXPEAJAEAJ@Z 0000000180001588 f   OposVariant.obj
 0001:000005e4       ?GetLONG@OposVariant@@QEAAJXZ 00000001800015e4 f   OposVariant.obj
 0001:00000608       ?SetBSTR@OposVariant@@QEAAXPEA_WAEAJ@Z 0000000180001608 f   OposVariant.obj
 0001:00000648       ?SetBSTR_Copy@OposVariant@@QEAAXPEA_WAEAJ@Z 0000000180001648 f   OposVariant.obj
 0001:000006b8       ?SetBSTR_InOutPtr@OposVariant@@QEAA_NPEAPEA_WAEAJ@Z 00000001800016b8 f   OposVariant.obj
 0001:00000708       ?SetBSTR_OutPtr@OposVariant@@QEAA_NPEAPEA_WAEAJ@Z 0000000180001708 f   OposVariant.obj
 0001:00000724       ?SetCURRENCY@OposVariant@@QEAAXTtagCY@@@Z 0000000180001724 f   OposVariant.obj
 0001:00000758       ?SetDispatch_Ptr@OposVariant@@QEAAXPEAUIDispatch@@AEAJ@Z 0000000180001758 f   OposVariant.obj
 0001:000007b0       ?SetLONG@OposVariant@@QEAAXJ@Z 00000001800017b0 f   OposVariant.obj
 0001:000007e0       ?SetLONG_Ptr@OposVariant@@QEAAXPEAJAEAJ@Z 00000001800017e0 f   OposVariant.obj
 0001:0000082c       ?SetString@OposVariant@@QEAAXPEB_WAEAJ@Z 000000018000182c f   OposVariant.obj
 0001:00000890       ?SetVARIANT_BOOL@OposVariant@@QEAAXF@Z 0000000180001890 f   OposVariant.obj
 0001:000008c8       ?Term@CAtlComModule@ATL@@QEAAXXZ 00000001800018c8 f i OposVariant.obj
 0001:00000938       ?_AtlInitializeCriticalSectionEx@ATL@@YAHPEAU_RTL_CRITICAL_SECTION@@KK@Z 0000000180001938 f i OposVariant.obj
 0001:00000940       ?_AtlRaiseException@ATL@@YAXKK@Z 0000000180001940 f i OposVariant.obj
 0001:00000950       ?Next@?$CComEnumImpl@UIEnumConnections@@$1?_GUID_b196b287_bab4_101a_b69c_00aa00341d07@@3U__s_GUID@@BUtagCONNECTDATA@@V?$_Copy@UtagCONNECTDATA@@@ATL@@@ATL@@UEAAJKPEAUtagCONNECTDATA@@PEAK@Z 0000000180001950 f i FiscalPrinter.obj
 0001:00000a24       ?Skip@?$CComEnumImpl@UIEnumConnections@@$1?_GUID_b196b287_bab4_101a_b69c_00aa00341d07@@3U__s_GUID@@BUtagCONNECTDATA@@V?$_Copy@UtagCONNECTDATA@@@ATL@@@ATL@@UEAAJK@Z 0000000180001a24 f i FiscalPrinter.obj
 0001:00000a50       ?Reset@?$CComEnumImpl@UIEnumConnections@@$1?_GUID_b196b287_bab4_101a_b69c_00aa00341d07@@3U__s_GUID@@BUtagCONNECTDATA@@V?$_Copy@UtagCONNECTDATA@@@ATL@@@ATL@@UEAAJXZ 0000000180001a50 f i FiscalPrinter.obj
 0001:00000a50       ?Reset@?$CComEnumImpl@UIEnumConnectionPoints@@$1?_GUID_b196b285_bab4_101a_b69c_00aa00341d07@@3U__s_GUID@@BPEAUIConnectionPoint@@V?$_CopyInterface@UIConnectionPoint@@@ATL@@@ATL@@UEAAJXZ 0000000180001a50 f i FiscalPrinter.obj
 0001:00000a5c       ?Clone@?$CComEnumImpl@UIEnumConnections@@$1?_GUID_b196b287_bab4_101a_b69c_00aa00341d07@@3U__s_GUID@@BUtagCONNECTDATA@@V?$_Copy@UtagCONNECTDATA@@@ATL@@@ATL@@UEAAJPEAPEAUIEnumConnections@@@Z 0000000180001a5c f i FiscalPrinter.obj
 0001:00000b88       ?AddRef@?$CComObject@V?$CComEnum@UIEnumConnectionPoints@@$1?_GUID_b196b285_bab4_101a_b69c_00aa00341d07@@3U__s_GUID@@BPEAUIConnectionPoint@@V?$_CopyInterface@UIConnectionPoint@@@ATL@@VCComSingleThreadModel@6@@ATL@@@ATL@@UEAAKXZ 0000000180001b88 f i FiscalPrinter.obj
 0001:00000b88       ?AddRef@?$CComObject@V?$CComEnum@UIEnumConnections@@$1?_GUID_b196b287_bab4_101a_b69c_00aa00341d07@@3U__s_GUID@@BUtagCONNECTDATA@@V?$_Copy@UtagCONNECTDATA@@@ATL@@VCComSingleThreadModel@6@@ATL@@@ATL@@UEAAKXZ 0000000180001b88 f i FiscalPrinter.obj
 0001:00000b94       ?Release@?$CComObject@V?$CComEnum@UIEnumConnectionPoints@@$1?_GUID_b196b285_bab4_101a_b69c_00aa00341d07@@3U__s_GUID@@BPEAUIConnectionPoint@@V?$_CopyInterface@UIConnectionPoint@@@ATL@@VCComSingleThreadModel@6@@ATL@@@ATL@@UEAAKXZ 0000000180001b94 f i FiscalPrinter.obj
 0001:00000b94       ?Release@?$CComObject@V?$CComEnum@UIEnumConnections@@$1?_GUID_b196b287_bab4_101a_b69c_00aa00341d07@@3U__s_GUID@@BUtagCONNECTDATA@@V?$_Copy@UtagCONNECTDATA@@@ATL@@VCComSingleThreadModel@6@@ATL@@@ATL@@UEAAKXZ 0000000180001b94 f i FiscalPrinter.obj
 0001:00000be8       ?QueryInterface@?$CComObject@V?$CComEnum@UIEnumConnections@@$1?_GUID_b196b287_bab4_101a_b69c_00aa00341d07@@3U__s_GUID@@BUtagCONNECTDATA@@V?$_Copy@UtagCONNECTDATA@@@ATL@@VCComSingleThreadModel@6@@ATL@@@ATL@@UEAAJAEBU_GUID@@PEAPEAX@Z 0000000180001be8 f i FiscalPrinter.obj
 0001:00000bfc       ??_G?$CComObject@V?$CComEnum@UIEnumConnections@@$1?_GUID_b196b287_bab4_101a_b69c_00aa00341d07@@3U__s_GUID@@BUtagCONNECTDATA@@V?$_Copy@UtagCONNECTDATA@@@ATL@@VCComSingleThreadModel@6@@ATL@@@ATL@@UEAAPEAXI@Z 0000000180001bfc f i FiscalPrinter.obj
 0001:00000bfc       ??_E?$CComObject@V?$CComEnum@UIEnumConnections@@$1?_GUID_b196b287_bab4_101a_b69c_00aa00341d07@@3U__s_GUID@@BUtagCONNECTDATA@@V?$_Copy@UtagCONNECTDATA@@@ATL@@VCComSingleThreadModel@6@@ATL@@@ATL@@UEAAPEAXI@Z 0000000180001bfc f i FiscalPrinter.obj
 0001:00000c54       ?GetWindowProc@?$CWindowImplBaseT@VCWindow@ATL@@V?$CWinTraits@$0FGAAAAAA@$0A@@2@@ATL@@UEAAP6A_JPEAUHWND__@@I_K_J@ZXZ 0000000180001c54 f i FiscalPrinter.obj
 0001:00000c5c       ?StartWindowProc@?$CWindowImplBaseT@VCWindow@ATL@@V?$CWinTraits@$0FGAAAAAA@$0A@@2@@ATL@@SA_JPEAUHWND__@@I_K_J@Z 0000000180001c5c f i FiscalPrinter.obj
 0001:00000d20       ?OnFinalMessage@?$CWindowImplBaseT@VCWindow@ATL@@V?$CWinTraits@$0FGAAAAAA@$0A@@2@@ATL@@UEAAXPEAUHWND__@@@Z 0000000180001d20 f i FiscalPrinter.obj
 0001:00000d20       _guard_check_icall_nop     0000000180001d20 f i LIBCMT:guard_support.obj
 0001:00000d20       ?ObjectMain@CComObjectRootBase@ATL@@SAX_N@Z 0000000180001d20 f i FiscalPrinter.obj
 0001:00000d24       ??_E?$CComObject@VCOPOSFiscalPrinter@@@ATL@@W7EAAPEAXI@Z 0000000180001d24 f i FiscalPrinter.obj
 0001:00000d30       ??_E?$CComObject@VCOPOSFiscalPrinter@@@ATL@@WHA@EAAPEAXI@Z 0000000180001d30 f i FiscalPrinter.obj
 0001:00000d3c       ?QueryInterface@?$CComObject@VCOPOSFiscalPrinter@@@ATL@@WLI@EAAJAEBU_GUID@@PEAPEAX@Z 0000000180001d3c f i FiscalPrinter.obj
 0001:00000d48       ?AddRef@?$CComObject@VCOPOSFiscalPrinter@@@ATL@@WLI@EAAKXZ 0000000180001d48 f i FiscalPrinter.obj
 0001:00000d54       ?Release@?$CComObject@VCOPOSFiscalPrinter@@@ATL@@WLI@EAAKXZ 0000000180001d54 f i FiscalPrinter.obj
 0001:00000d60       ?QueryInterface@?$CComObject@VCOPOSFiscalPrinter@@@ATL@@WMA@EAAJAEBU_GUID@@PEAPEAX@Z 0000000180001d60 f i FiscalPrinter.obj
 0001:00000d6c       ?AddRef@?$CComObject@VCOPOSFiscalPrinter@@@ATL@@WMA@EAAKXZ 0000000180001d6c f i FiscalPrinter.obj
 0001:00000d78       ?Release@?$CComObject@VCOPOSFiscalPrinter@@@ATL@@WMA@EAAKXZ 0000000180001d78 f i FiscalPrinter.obj
 0001:00000d84       ?QueryInterface@?$CComObject@VCOPOSFiscalPrinter@@@ATL@@WMI@EAAJAEBU_GUID@@PEAPEAX@Z 0000000180001d84 f i FiscalPrinter.obj
 0001:00000d90       ?AddRef@?$CComObject@VCOPOSFiscalPrinter@@@ATL@@WMI@EAAKXZ 0000000180001d90 f i FiscalPrinter.obj
 0001:00000d9c       ?Release@?$CComObject@VCOPOSFiscalPrinter@@@ATL@@WMI@EAAKXZ 0000000180001d9c f i FiscalPrinter.obj
 0001:00000da8       ?QueryInterface@?$CComObject@VCOPOSFiscalPrinter@@@ATL@@WNA@EAAJAEBU_GUID@@PEAPEAX@Z 0000000180001da8 f i FiscalPrinter.obj
 0001:00000db4       ?AddRef@?$CComObject@VCOPOSFiscalPrinter@@@ATL@@WNA@EAAKXZ 0000000180001db4 f i FiscalPrinter.obj
 0001:00000dc0       ?Release@?$CComObject@VCOPOSFiscalPrinter@@@ATL@@WNA@EAAKXZ 0000000180001dc0 f i FiscalPrinter.obj
 0001:00000dcc       ?QueryInterface@?$CComObject@VCOPOSFiscalPrinter@@@ATL@@WNI@EAAJAEBU_GUID@@PEAPEAX@Z 0000000180001dcc f i FiscalPrinter.obj
 0001:00000dd8       ?AddRef@?$CComObject@VCOPOSFiscalPrinter@@@ATL@@WNI@EAAKXZ 0000000180001dd8 f i FiscalPrinter.obj
 0001:00000de4       ?Release@?$CComObject@VCOPOSFiscalPrinter@@@ATL@@WNI@EAAKXZ 0000000180001de4 f i FiscalPrinter.obj
 0001:00000df0       ?QueryInterface@?$CComObject@VCOPOSFiscalPrinter@@@ATL@@WOA@EAAJAEBU_GUID@@PEAPEAX@Z 0000000180001df0 f i FiscalPrinter.obj
 0001:00000dfc       ?AddRef@?$CComObject@VCOPOSFiscalPrinter@@@ATL@@WOA@EAAKXZ 0000000180001dfc f i FiscalPrinter.obj
 0001:00000e08       ?Release@?$CComObject@VCOPOSFiscalPrinter@@@ATL@@WOA@EAAKXZ 0000000180001e08 f i FiscalPrinter.obj
 0001:00000e14       ?QueryInterface@?$CComObject@VCOPOSFiscalPrinter@@@ATL@@WOI@EAAJAEBU_GUID@@PEAPEAX@Z 0000000180001e14 f i FiscalPrinter.obj
 0001:00000e20       ?AddRef@?$CComObject@VCOPOSFiscalPrinter@@@ATL@@WOI@EAAKXZ 0000000180001e20 f i FiscalPrinter.obj
 0001:00000e2c       ?Release@?$CComObject@VCOPOSFiscalPrinter@@@ATL@@WOI@EAAKXZ 0000000180001e2c f i FiscalPrinter.obj
 0001:00000e38       ?QueryInterface@?$CComObject@VCOPOSFiscalPrinter@@@ATL@@WPA@EAAJAEBU_GUID@@PEAPEAX@Z 0000000180001e38 f i FiscalPrinter.obj
 0001:00000e44       ?AddRef@?$CComObject@VCOPOSFiscalPrinter@@@ATL@@WPA@EAAKXZ 0000000180001e44 f i FiscalPrinter.obj
 0001:00000e50       ?Release@?$CComObject@VCOPOSFiscalPrinter@@@ATL@@WPA@EAAKXZ 0000000180001e50 f i FiscalPrinter.obj
 0001:00000e5c       ?QueryInterface@?$CComObject@VCOPOSFiscalPrinter@@@ATL@@WPI@EAAJAEBU_GUID@@PEAPEAX@Z 0000000180001e5c f i FiscalPrinter.obj
 0001:00000e68       ?AddRef@?$CComObject@VCOPOSFiscalPrinter@@@ATL@@WPI@EAAKXZ 0000000180001e68 f i FiscalPrinter.obj
 0001:00000e74       ?Release@?$CComObject@VCOPOSFiscalPrinter@@@ATL@@WPI@EAAKXZ 0000000180001e74 f i FiscalPrinter.obj
 0001:00000e80       ?QueryInterface@?$CComObject@VCOPOSFiscalPrinter@@@ATL@@WBAA@EAAJAEBU_GUID@@PEAPEAX@Z 0000000180001e80 f i FiscalPrinter.obj
 0001:00000e8c       ?AddRef@?$CComObject@VCOPOSFiscalPrinter@@@ATL@@WBAA@EAAKXZ 0000000180001e8c f i FiscalPrinter.obj
 0001:00000e98       ?Release@?$CComObject@VCOPOSFiscalPrinter@@@ATL@@WBAA@EAAKXZ 0000000180001e98 f i FiscalPrinter.obj
 0001:00000ea4       ?QueryInterface@?$CComObject@VCOPOSFiscalPrinter@@@ATL@@WBAI@EAAJAEBU_GUID@@PEAPEAX@Z 0000000180001ea4 f i FiscalPrinter.obj
 0001:00000eb0       ?AddRef@?$CComObject@VCOPOSFiscalPrinter@@@ATL@@WBAI@EAAKXZ 0000000180001eb0 f i FiscalPrinter.obj
 0001:00000ebc       ?Release@?$CComObject@VCOPOSFiscalPrinter@@@ATL@@WBAI@EAAKXZ 0000000180001ebc f i FiscalPrinter.obj
 0001:00000ec8       ?QueryInterface@?$CComObject@VCOPOSFiscalPrinter@@@ATL@@WBBA@EAAJAEBU_GUID@@PEAPEAX@Z 0000000180001ec8 f i FiscalPrinter.obj
 0001:00000ed4       ?AddRef@?$CComObject@VCOPOSFiscalPrinter@@@ATL@@WBBA@EAAKXZ 0000000180001ed4 f i FiscalPrinter.obj
 0001:00000ee0       ?Release@?$CComObject@VCOPOSFiscalPrinter@@@ATL@@WBBA@EAAKXZ 0000000180001ee0 f i FiscalPrinter.obj
 0001:00000eec       ?QueryInterface@?$CComObject@VCOPOSFiscalPrinter@@@ATL@@WBBI@EAAJAEBU_GUID@@PEAPEAX@Z 0000000180001eec f i FiscalPrinter.obj
 0001:00000ef8       ?AddRef@?$CComObject@VCOPOSFiscalPrinter@@@ATL@@WBBI@EAAKXZ 0000000180001ef8 f i FiscalPrinter.obj
 0001:00000f04       ?Release@?$CComObject@VCOPOSFiscalPrinter@@@ATL@@WBBI@EAAKXZ 0000000180001f04 f i FiscalPrinter.obj
 0001:00000f10       ?AddRef@?$CComObject@VCOPOSFiscalPrinter@@@ATL@@WBCI@EAAKXZ 0000000180001f10 f i FiscalPrinter.obj
 0001:00000f1c       ?Release@?$CComObject@VCOPOSFiscalPrinter@@@ATL@@WBCI@EAAKXZ 0000000180001f1c f i FiscalPrinter.obj
 0001:00000f28       ?AddRef@?$CComObject@VCOPOSFiscalPrinter@@@ATL@@WBEA@EAAKXZ 0000000180001f28 f i FiscalPrinter.obj
 0001:00000f34       ?Release@?$CComObject@VCOPOSFiscalPrinter@@@ATL@@WBEA@EAAKXZ 0000000180001f34 f i FiscalPrinter.obj
 0001:00000f40       ??_E?$CComContainedObject@VCOPOSFiscalPrinter@@@ATL@@W7EAAPEAXI@Z 0000000180001f40 f i FiscalPrinter.obj
 0001:00000f4c       ??_E?$CComContainedObject@VCOPOSFiscalPrinter@@@ATL@@WHA@EAAPEAXI@Z 0000000180001f4c f i FiscalPrinter.obj
 0001:00000f58       ?QueryInterface@?$CComContainedObject@VCOPOSFiscalPrinter@@@ATL@@WLI@EAAJAEBU_GUID@@PEAPEAX@Z 0000000180001f58 f i FiscalPrinter.obj
 0001:00000f64       ?AddRef@?$CComContainedObject@VCOPOSFiscalPrinter@@@ATL@@WLI@EAAKXZ 0000000180001f64 f i FiscalPrinter.obj
 0001:00000f70       ?Release@?$CComContainedObject@VCOPOSFiscalPrinter@@@ATL@@WLI@EAAKXZ 0000000180001f70 f i FiscalPrinter.obj
 0001:00000f7c       ?QueryInterface@?$CComContainedObject@VCOPOSFiscalPrinter@@@ATL@@WMA@EAAJAEBU_GUID@@PEAPEAX@Z 0000000180001f7c f i FiscalPrinter.obj
 0001:00000f88       ?AddRef@?$CComContainedObject@VCOPOSFiscalPrinter@@@ATL@@WMA@EAAKXZ 0000000180001f88 f i FiscalPrinter.obj
 0001:00000f94       ?Release@?$CComContainedObject@VCOPOSFiscalPrinter@@@ATL@@WMA@EAAKXZ 0000000180001f94 f i FiscalPrinter.obj
 0001:00000fa0       ?QueryInterface@?$CComContainedObject@VCOPOSFiscalPrinter@@@ATL@@WMI@EAAJAEBU_GUID@@PEAPEAX@Z 0000000180001fa0 f i FiscalPrinter.obj
 0001:00000fac       ?AddRef@?$CComContainedObject@VCOPOSFiscalPrinter@@@ATL@@WMI@EAAKXZ 0000000180001fac f i FiscalPrinter.obj
 0001:00000fb8       ?Release@?$CComContainedObject@VCOPOSFiscalPrinter@@@ATL@@WMI@EAAKXZ 0000000180001fb8 f i FiscalPrinter.obj
 0001:00000fc4       ?QueryInterface@?$CComContainedObject@VCOPOSFiscalPrinter@@@ATL@@WNA@EAAJAEBU_GUID@@PEAPEAX@Z 0000000180001fc4 f i FiscalPrinter.obj
 0001:00000fd0       ?AddRef@?$CComContainedObject@VCOPOSFiscalPrinter@@@ATL@@WNA@EAAKXZ 0000000180001fd0 f i FiscalPrinter.obj
 0001:00000fdc       ?Release@?$CComContainedObject@VCOPOSFiscalPrinter@@@ATL@@WNA@EAAKXZ 0000000180001fdc f i FiscalPrinter.obj
 0001:00000fe8       ?QueryInterface@?$CComContainedObject@VCOPOSFiscalPrinter@@@ATL@@WNI@EAAJAEBU_GUID@@PEAPEAX@Z 0000000180001fe8 f i FiscalPrinter.obj
 0001:00000ff4       ?AddRef@?$CComContainedObject@VCOPOSFiscalPrinter@@@ATL@@WNI@EAAKXZ 0000000180001ff4 f i FiscalPrinter.obj
 0001:00001000       ?Release@?$CComContainedObject@VCOPOSFiscalPrinter@@@ATL@@WNI@EAAKXZ 0000000180002000 f i FiscalPrinter.obj
 0001:0000100c       ?QueryInterface@?$CComContainedObject@VCOPOSFiscalPrinter@@@ATL@@WOA@EAAJAEBU_GUID@@PEAPEAX@Z 000000018000200c f i FiscalPrinter.obj
 0001:00001018       ?AddRef@?$CComContainedObject@VCOPOSFiscalPrinter@@@ATL@@WOA@EAAKXZ 0000000180002018 f i FiscalPrinter.obj
 0001:00001024       ?Release@?$CComContainedObject@VCOPOSFiscalPrinter@@@ATL@@WOA@EAAKXZ 0000000180002024 f i FiscalPrinter.obj
 0001:00001030       ?QueryInterface@?$CComContainedObject@VCOPOSFiscalPrinter@@@ATL@@WOI@EAAJAEBU_GUID@@PEAPEAX@Z 0000000180002030 f i FiscalPrinter.obj
 0001:0000103c       ?AddRef@?$CComContainedObject@VCOPOSFiscalPrinter@@@ATL@@WOI@EAAKXZ 000000018000203c f i FiscalPrinter.obj
 0001:00001048       ?Release@?$CComContainedObject@VCOPOSFiscalPrinter@@@ATL@@WOI@EAAKXZ 0000000180002048 f i FiscalPrinter.obj
 0001:00001054       ?QueryInterface@?$CComContainedObject@VCOPOSFiscalPrinter@@@ATL@@WPA@EAAJAEBU_GUID@@PEAPEAX@Z 0000000180002054 f i FiscalPrinter.obj
 0001:00001060       ?AddRef@?$CComContainedObject@VCOPOSFiscalPrinter@@@ATL@@WPA@EAAKXZ 0000000180002060 f i FiscalPrinter.obj
 0001:0000106c       ?Release@?$CComContainedObject@VCOPOSFiscalPrinter@@@ATL@@WPA@EAAKXZ 000000018000206c f i FiscalPrinter.obj
 0001:00001078       ?QueryInterface@?$CComContainedObject@VCOPOSFiscalPrinter@@@ATL@@WPI@EAAJAEBU_GUID@@PEAPEAX@Z 0000000180002078 f i FiscalPrinter.obj
 0001:00001084       ?AddRef@?$CComContainedObject@VCOPOSFiscalPrinter@@@ATL@@WPI@EAAKXZ 0000000180002084 f i FiscalPrinter.obj
 0001:00001090       ?Release@?$CComContainedObject@VCOPOSFiscalPrinter@@@ATL@@WPI@EAAKXZ 0000000180002090 f i FiscalPrinter.obj
 0001:0000109c       ?QueryInterface@?$CComContainedObject@VCOPOSFiscalPrinter@@@ATL@@WBAA@EAAJAEBU_GUID@@PEAPEAX@Z 000000018000209c f i FiscalPrinter.obj
 0001:000010a8       ?AddRef@?$CComContainedObject@VCOPOSFiscalPrinter@@@ATL@@WBAA@EAAKXZ 00000001800020a8 f i FiscalPrinter.obj
 0001:000010b4       ?Release@?$CComContainedObject@VCOPOSFiscalPrinter@@@ATL@@WBAA@EAAKXZ 00000001800020b4 f i FiscalPrinter.obj
 0001:000010c0       ?QueryInterface@?$CComContainedObject@VCOPOSFiscalPrinter@@@ATL@@WBAI@EAAJAEBU_GUID@@PEAPEAX@Z 00000001800020c0 f i FiscalPrinter.obj
 0001:000010cc       ?AddRef@?$CComContainedObject@VCOPOSFiscalPrinter@@@ATL@@WBAI@EAAKXZ 00000001800020cc f i FiscalPrinter.obj
 0001:000010d8       ?Release@?$CComContainedObject@VCOPOSFiscalPrinter@@@ATL@@WBAI@EAAKXZ 00000001800020d8 f i FiscalPrinter.obj
 0001:000010e4       ?QueryInterface@?$CComContainedObject@VCOPOSFiscalPrinter@@@ATL@@WBBA@EAAJAEBU_GUID@@PEAPEAX@Z 00000001800020e4 f i FiscalPrinter.obj
 0001:000010f0       ?AddRef@?$CComContainedObject@VCOPOSFiscalPrinter@@@ATL@@WBBA@EAAKXZ 00000001800020f0 f i FiscalPrinter.obj
 0001:000010fc       ?Release@?$CComContainedObject@VCOPOSFiscalPrinter@@@ATL@@WBBA@EAAKXZ 00000001800020fc f i FiscalPrinter.obj
 0001:00001108       ?QueryInterface@?$CComContainedObject@VCOPOSFiscalPrinter@@@ATL@@WBBI@EAAJAEBU_GUID@@PEAPEAX@Z 0000000180002108 f i FiscalPrinter.obj
 0001:00001114       ?AddRef@?$CComContainedObject@VCOPOSFiscalPrinter@@@ATL@@WBBI@EAAKXZ 0000000180002114 f i FiscalPrinter.obj
 0001:00001120       ?Release@?$CComContainedObject@VCOPOSFiscalPrinter@@@ATL@@WBBI@EAAKXZ 0000000180002120 f i FiscalPrinter.obj
 0001:0000112c       ?AddRef@?$CComContainedObject@VCOPOSFiscalPrinter@@@ATL@@WBCI@EAAKXZ 000000018000212c f i FiscalPrinter.obj
 0001:00001138       ?Release@?$CComContainedObject@VCOPOSFiscalPrinter@@@ATL@@WBCI@EAAKXZ 0000000180002138 f i FiscalPrinter.obj
 0001:00001144       ?AddRef@?$CComContainedObject@VCOPOSFiscalPrinter@@@ATL@@WBEA@EAAKXZ 0000000180002144 f i FiscalPrinter.obj
 0001:00001150       ?Release@?$CComContainedObject@VCOPOSFiscalPrinter@@@ATL@@WBEA@EAAKXZ 0000000180002150 f i FiscalPrinter.obj
 0001:0000115c       ?Lock@CAtlModule@ATL@@UEAAJXZ 000000018000215c f i FiscalPrinter.obj
 0001:0000116c       ?Unlock@CAtlModule@ATL@@UEAAJXZ 000000018000216c f i FiscalPrinter.obj
 0001:00001178       ?GetLockCount@CAtlModule@ATL@@UEAAJXZ 0000000180002178 f i FiscalPrinter.obj
 0001:0000117c       ?GetGITPtr@CAtlModule@ATL@@UEAAJPEAPEAUIGlobalInterfaceTable@@@Z 000000018000217c f i FiscalPrinter.obj
 0001:000011ec       ?GetTypeInfoCount@?$IDispatchImpl@UIOPOSFiscalPrinter@@$1?IID_IOPOSFiscalPrinter@@3U_GUID@@B$1?LIBID_OposFiscalPrinter_CCO@@3U3@B$00$0A@VCComTypeInfoHolder@ATL@@@ATL@@UEAAJPEAI@Z 00000001800021ec f i FiscalPrinter.obj
 0001:00001200       ?GetTypeInfo@?$IDispatchImpl@UIOPOSFiscalPrinter@@$1?IID_IOPOSFiscalPrinter@@3U_GUID@@B$1?LIBID_OposFiscalPrinter_CCO@@3U3@B$00$0A@VCComTypeInfoHolder@ATL@@@ATL@@UEAAJIKPEAPEAUITypeInfo@@@Z 0000000180002200 f i FiscalPrinter.obj
 0001:00001264       ?GetIDsOfNames@?$IDispatchImpl@UIOPOSFiscalPrinter@@$1?IID_IOPOSFiscalPrinter@@3U_GUID@@B$1?LIBID_OposFiscalPrinter_CCO@@3U3@B$00$0A@VCComTypeInfoHolder@ATL@@@ATL@@UEAAJAEBU_GUID@@PEAPEA_WIKPEAJ@Z 0000000180002264 f i FiscalPrinter.obj
 0001:00001270       ?Invoke@?$IDispatchImpl@UIOPOSFiscalPrinter@@$1?IID_IOPOSFiscalPrinter@@3U_GUID@@B$1?LIBID_OposFiscalPrinter_CCO@@3U3@B$00$0A@VCComTypeInfoHolder@ATL@@@ATL@@UEAAJJAEBU_GUID@@KGPEAUtagDISPPARAMS@@PEAUtagVARIANT@@PEAUtagEXCEPINFO@@PEAI@Z 0000000180002270 f i FiscalPrinter.obj
 0001:00001300       ?AddCommonRGSReplacements@?$CAtlModuleT@VCComModule@ATL@@@ATL@@UEAAJPEAUIRegistrarBase@@@Z 0000000180002300 f i FiscalPrinter.obj
 0001:00001318       ?CreateControlWindow@?$CComControl@VCOPOSFiscalPrinter@@V?$CWindowImpl@VCOPOSFiscalPrinter@@VCWindow@ATL@@V?$CWinTraits@$0FGAAAAAA@$0A@@3@@ATL@@@ATL@@UEAAPEAUHWND__@@PEAU3@AEAUtagRECT@@@Z 0000000180002318 f i FiscalPrinter.obj
 0001:00001350       ?ControlQueryInterface@?$CComControl@VCOPOSFiscalPrinter@@V?$CWindowImpl@VCOPOSFiscalPrinter@@VCWindow@ATL@@V?$CWinTraits@$0FGAAAAAA@$0A@@3@@ATL@@@ATL@@UEAAJAEBU_GUID@@PEAPEAX@Z 0000000180002350 f i FiscalPrinter.obj
 0001:00001364       ?GetClassID@?$IPersistStorageImpl@VCOPOSFiscalPrinter@@@ATL@@UEAAJPEAU_GUID@@@Z 0000000180002364 f i FiscalPrinter.obj
 0001:00001364       ?GetClassID@?$IPersistStreamInitImpl@VCOPOSFiscalPrinter@@@ATL@@UEAAJPEAU_GUID@@@Z 0000000180002364 f i FiscalPrinter.obj
 0001:00001364       ?GetUserClassID@?$IOleObjectImpl@VCOPOSFiscalPrinter@@@ATL@@UEAAJPEAU_GUID@@@Z 0000000180002364 f i FiscalPrinter.obj
 0001:00001380       ?IsDirty@?$IPersistStreamInitImpl@VCOPOSFiscalPrinter@@@ATL@@UEAAJXZ 0000000180002380 f i FiscalPrinter.obj
 0001:0000139c       ?Load@?$IPersistStreamInitImpl@VCOPOSFiscalPrinter@@@ATL@@UEAAJPEAUIStream@@@Z 000000018000239c f i FiscalPrinter.obj
 0001:000013b4       ?Save@?$IPersistStreamInitImpl@VCOPOSFiscalPrinter@@@ATL@@UEAAJPEAUIStream@@H@Z 00000001800023b4 f i FiscalPrinter.obj
 0001:000013cc       ?GetSizeMax@?$IPersistStreamInitImpl@VCOPOSFiscalPrinter@@@ATL@@UEAAJPEAT_ULARGE_INTEGER@@@Z 00000001800023cc f i FiscalPrinter.obj
 0001:000015f8       ?InitNew@?$IPersistStreamInitImpl@VCOPOSFiscalPrinter@@@ATL@@UEAAJXZ 00000001800025f8 f i FiscalPrinter.obj
 0001:00001610       ?SetMoniker@?$IOleObjectImpl@VCOPOSFiscalPrinter@@@ATL@@UEAAJKPEAUIMoniker@@@Z 0000000180002610 f i FiscalPrinter.obj
 0001:00001610       ?ContextSensitiveHelp@?$IOleInPlaceObjectWindowlessImpl@VCOPOSFiscalPrinter@@@ATL@@UEAAJH@Z 0000000180002610 f i FiscalPrinter.obj
 0001:00001610       ?OnMnemonic@?$IOleControlImpl@VCOPOSFiscalPrinter@@@ATL@@UEAAJPEAUtagMSG@@@Z 0000000180002610 f i FiscalPrinter.obj
 0001:00001610       ?QueryInterface@CRegObject@ATL@@UEAAJAEBU_GUID@@PEAPEAX@Z 0000000180002610 f i FiscalPrinter.obj
 0001:00001610       ?GetRect@?$IViewObjectExImpl@VCOPOSFiscalPrinter@@@ATL@@UEAAJKPEAU_RECTL@@@Z 0000000180002610 f i FiscalPrinter.obj
 0001:00001610       ?GetColorSet@?$IViewObjectExImpl@VCOPOSFiscalPrinter@@@ATL@@UEAAJKJPEAXPEAUtagDVTARGETDEVICE@@PEAUHDC__@@PEAPEAUtagLOGPALETTE@@@Z 0000000180002610 f i FiscalPrinter.obj
 0001:00001610       ?QueryGetData@?$IDataObjectImpl@VCOPOSFiscalPrinter@@@ATL@@UEAAJPEAUtagFORMATETC@@@Z 0000000180002610 f i FiscalPrinter.obj
 0001:00001610       ?Freeze@?$IViewObjectExImpl@VCOPOSFiscalPrinter@@@ATL@@UEAAJKJPEAXPEAK@Z 0000000180002610 f i FiscalPrinter.obj
 0001:00001610       ?GetDataHere@?$IDataObjectImpl@VCOPOSFiscalPrinter@@@ATL@@UEAAJPEAUtagFORMATETC@@PEAUtagSTGMEDIUM@@@Z 0000000180002610 f i FiscalPrinter.obj
 0001:00001610       ?ContextSensitiveHelp@?$IOleInPlaceActiveObjectImpl@VCOPOSFiscalPrinter@@@ATL@@UEAAJH@Z 0000000180002610 f i FiscalPrinter.obj
 0001:00001610       ?GetClipboardData@?$IOleObjectImpl@VCOPOSFiscalPrinter@@@ATL@@UEAAJKPEAPEAUIDataObject@@@Z 0000000180002610 f i FiscalPrinter.obj
 0001:00001610       ?SODataDummy@COPOSFiscalPrinter@@MEAAJJ@Z 0000000180002610 f i FiscalPrinter.obj
 0001:00001610       ?ReactivateAndUndo@?$IOleInPlaceObjectWindowlessImpl@VCOPOSFiscalPrinter@@@ATL@@UEAAJXZ 0000000180002610 f i FiscalPrinter.obj
 0001:00001610       ?EnumFormatEtc@?$IDataObjectImpl@VCOPOSFiscalPrinter@@@ATL@@UEAAJKPEAPEAUIEnumFORMATETC@@@Z 0000000180002610 f i FiscalPrinter.obj
 0001:00001610       ?InitFromData@?$IOleObjectImpl@VCOPOSFiscalPrinter@@@ATL@@UEAAJPEAUIDataObject@@HK@Z 0000000180002610 f i FiscalPrinter.obj
 0001:00001610       ?GetDropTarget@?$IOleInPlaceObjectWindowlessImpl@VCOPOSFiscalPrinter@@@ATL@@UEAAJPEAPEAUIDropTarget@@@Z 0000000180002610 f i FiscalPrinter.obj
 0001:00001610       ?GetControlInfo@?$IOleControlImpl@VCOPOSFiscalPrinter@@@ATL@@UEAAJPEAUtagCONTROLINFO@@@Z 0000000180002610 f i FiscalPrinter.obj
 0001:00001610       ?GetCanonicalFormatEtc@?$IDataObjectImpl@VCOPOSFiscalPrinter@@@ATL@@UEAAJPEAUtagFORMATETC@@0@Z 0000000180002610 f i FiscalPrinter.obj
 0001:00001610       ?Unfreeze@?$IViewObjectExImpl@VCOPOSFiscalPrinter@@@ATL@@UEAAJK@Z 0000000180002610 f i FiscalPrinter.obj
 0001:00001610       ?GetMoniker@?$IOleObjectImpl@VCOPOSFiscalPrinter@@@ATL@@UEAAJKKPEAPEAUIMoniker@@@Z 0000000180002610 f i FiscalPrinter.obj
 0001:00001610       ?SetColorScheme@?$IOleObjectImpl@VCOPOSFiscalPrinter@@@ATL@@UEAAJPEAUtagLOGPALETTE@@@Z 0000000180002610 f i FiscalPrinter.obj
 0001:00001610       ?SetData@?$IDataObjectImpl@VCOPOSFiscalPrinter@@@ATL@@UEAAJPEAUtagFORMATETC@@PEAUtagSTGMEDIUM@@H@Z 0000000180002610 f i FiscalPrinter.obj
 0001:00001618       ?IsUpToDate@?$IOleObjectImpl@VCOPOSFiscalPrinter@@@ATL@@UEAAJXZ 0000000180002618 f i FiscalPrinter.obj
 0001:00001618       ?SetHostNames@?$IOleObjectImpl@VCOPOSFiscalPrinter@@@ATL@@UEAAJPEB_W0@Z 0000000180002618 f i FiscalPrinter.obj
 0001:00001618       ?HandsOffStorage@?$IPersistStorageImpl@VCOPOSFiscalPrinter@@@ATL@@UEAAJXZ 0000000180002618 f i FiscalPrinter.obj
 0001:00001618       ?Release@CRegObject@ATL@@UEAAKXZ 0000000180002618 f i FiscalPrinter.obj
 0001:00001618       ?OnFrameWindowActivate@?$IOleInPlaceActiveObjectImpl@VCOPOSFiscalPrinter@@@ATL@@UEAAJH@Z 0000000180002618 f i FiscalPrinter.obj
 0001:00001618       ?SaveCompleted@?$IPersistStorageImpl@VCOPOSFiscalPrinter@@@ATL@@UEAAJPEAUIStorage@@@Z 0000000180002618 f i FiscalPrinter.obj
 0001:00001618       ?GetObjectDescription@?$CComCoClass@VCOPOSFiscalPrinter@@$1?CLSID_OPOSFiscalPrinter@@3U_GUID@@B@ATL@@SAPEB_WXZ 0000000180002618 f i FiscalPrinter.obj
 0001:00001618       ?Update@?$IOleObjectImpl@VCOPOSFiscalPrinter@@@ATL@@UEAAJXZ 0000000180002618 f i FiscalPrinter.obj
 0001:00001618       ?GetCategoryMap@CComObjectRootBase@ATL@@SAPEBU_ATL_CATMAP_ENTRY@2@XZ 0000000180002618 f i FiscalPrinter.obj
 0001:00001618       ?ResizeBorder@?$IOleInPlaceActiveObjectImpl@VCOPOSFiscalPrinter@@@ATL@@UEAAJPEBUtagRECT@@PEAUIOleInPlaceUIWindow@@H@Z 0000000180002618 f i FiscalPrinter.obj
 0001:00001618       ?EnableModeless@?$IOleInPlaceActiveObjectImpl@VCOPOSFiscalPrinter@@@ATL@@UEAAJH@Z 0000000180002618 f i FiscalPrinter.obj
 0001:00001618       ?OnAmbientPropertyChange@?$IOleControlImpl@VCOPOSFiscalPrinter@@@ATL@@UEAAJJ@Z 0000000180002618 f i FiscalPrinter.obj
 0001:0000161c       ?UpdateRegistryFromResourceD@CComModule@ATL@@UEAAJIHPEAU_ATL_REGMAP_ENTRY@2@@Z 000000018000261c f i FiscalPrinter.obj
 0001:0000161c       ?UpdateRegistryFromResourceD@CComModule@ATL@@UEAAJPEB_WHPEAU_ATL_REGMAP_ENTRY@2@@Z 000000018000261c f i FiscalPrinter.obj
 0001:00001624       ?UpdateRegistryFromResource@CComModule@ATL@@UEAAJPEB_WHPEAU_ATL_REGMAP_ENTRY@2@@Z 0000000180002624 f i FiscalPrinter.obj
 0001:0000162c       ?UpdateRegistryFromResource@CComModule@ATL@@UEAAJIHPEAU_ATL_REGMAP_ENTRY@2@@Z 000000018000262c f i FiscalPrinter.obj
 0001:00001634       ?SetClientSite@?$IOleObjectImpl@VCOPOSFiscalPrinter@@@ATL@@UEAAJPEAUIOleClientSite@@@Z 0000000180002634 f i FiscalPrinter.obj
 0001:00001650       ?GetClientSite@?$IOleObjectImpl@VCOPOSFiscalPrinter@@@ATL@@UEAAJPEAPEAUIOleClientSite@@@Z 0000000180002650 f i FiscalPrinter.obj
 0001:00001698       ?Close@?$IOleObjectImpl@VCOPOSFiscalPrinter@@@ATL@@UEAAJK@Z 0000000180002698 f i FiscalPrinter.obj
 0001:000016b4       ?DoVerb@?$IOleObjectImpl@VCOPOSFiscalPrinter@@@ATL@@UEAAJJPEAUtagMSG@@PEAUIOleClientSite@@JPEAUHWND__@@PEBUtagRECT@@@Z 00000001800026b4 f i FiscalPrinter.obj
 0001:00001858       ?EnumVerbs@?$IOleObjectImpl@VCOPOSFiscalPrinter@@@ATL@@UEAAJPEAPEAUIEnumOLEVERB@@@Z 0000000180002858 f i FiscalPrinter.obj
 0001:00001874       ?GetUserType@?$IOleObjectImpl@VCOPOSFiscalPrinter@@@ATL@@UEAAJKPEAPEA_W@Z 0000000180002874 f i FiscalPrinter.obj
 0001:00001884       ?SetExtent@?$IOleObjectImpl@VCOPOSFiscalPrinter@@@ATL@@UEAAJKPEAUtagSIZE@@@Z 0000000180002884 f i FiscalPrinter.obj
 0001:000018a0       ?GetExtent@?$IOleObjectImpl@VCOPOSFiscalPrinter@@@ATL@@UEAAJKPEAUtagSIZE@@@Z 00000001800028a0 f i FiscalPrinter.obj
 0001:000018d0       ?Advise@?$IOleObjectImpl@VCOPOSFiscalPrinter@@@ATL@@UEAAJPEAUIAdviseSink@@PEAK@Z 00000001800028d0 f i FiscalPrinter.obj
 0001:0000192c       ?Unadvise@?$IOleObjectImpl@VCOPOSFiscalPrinter@@@ATL@@UEAAJK@Z 000000018000292c f i FiscalPrinter.obj
 0001:00001964       ?EnumAdvise@?$IOleObjectImpl@VCOPOSFiscalPrinter@@@ATL@@UEAAJPEAPEAUIEnumSTATDATA@@@Z 0000000180002964 f i FiscalPrinter.obj
 0001:000019ac       ?GetMiscStatus@?$IOleObjectImpl@VCOPOSFiscalPrinter@@@ATL@@UEAAJKPEAK@Z 00000001800029ac f i FiscalPrinter.obj
 0001:000019bc       ??_GCComModule@ATL@@UEAAPEAXI@Z 00000001800029bc f i FiscalPrinter.obj
 0001:000019bc       ??_ECComModule@ATL@@UEAAPEAXI@Z 00000001800029bc f i FiscalPrinter.obj
 0001:000019fc       ?GetWindow@?$IOleInPlaceActiveObjectImpl@VCOPOSFiscalPrinter@@@ATL@@UEAAJPEAPEAUHWND__@@@Z 00000001800029fc f i FiscalPrinter.obj
 0001:00001a50       ?TranslateAcceleratorW@?$IOleInPlaceActiveObjectImpl@VCOPOSFiscalPrinter@@@ATL@@UEAAJPEAUtagMSG@@@Z 0000000180002a50 f i FiscalPrinter.obj
 0001:00001b44       ?OnDocWindowActivate@?$IOleInPlaceActiveObjectImpl@VCOPOSFiscalPrinter@@@ATL@@UEAAJH@Z 0000000180002b44 f i FiscalPrinter.obj
 0001:00001b70       ?Draw@?$IViewObjectExImpl@VCOPOSFiscalPrinter@@@ATL@@UEAAJKJPEAXPEAUtagDVTARGETDEVICE@@PEAUHDC__@@2PEBU_RECTL@@3P6AH_K@Z4@Z 0000000180002b70 f i FiscalPrinter.obj
 0001:00001bd4       ?SetAdvise@?$IViewObjectExImpl@VCOPOSFiscalPrinter@@@ATL@@UEAAJKKPEAUIAdviseSink@@@Z 0000000180002bd4 f i FiscalPrinter.obj
 0001:00001c28       ?GetAdvise@?$IViewObjectExImpl@VCOPOSFiscalPrinter@@@ATL@@UEAAJPEAK0PEAPEAUIAdviseSink@@@Z 0000000180002c28 f i FiscalPrinter.obj
 0001:00001c64       ?GetExtent@?$IViewObjectExImpl@VCOPOSFiscalPrinter@@@ATL@@UEAAJKJPEAUtagDVTARGETDEVICE@@PEAUtagSIZE@@@Z 0000000180002c64 f i FiscalPrinter.obj
 0001:00001c94       ?GetViewStatus@?$IViewObjectExImpl@VCOPOSFiscalPrinter@@@ATL@@UEAAJPEAK@Z 0000000180002c94 f i FiscalPrinter.obj
 0001:00001ca8       ?QueryHitPoint@?$IViewObjectExImpl@VCOPOSFiscalPrinter@@@ATL@@UEAAJKPEBUtagRECT@@UtagPOINT@@JPEAK@Z 0000000180002ca8 f i FiscalPrinter.obj
 0001:00001cec       ?QueryHitRect@?$IViewObjectExImpl@VCOPOSFiscalPrinter@@@ATL@@UEAAJKPEBUtagRECT@@0JPEAK@Z 0000000180002cec f i FiscalPrinter.obj
 0001:00001d54       ?GetNaturalExtent@?$IViewObjectExImpl@VCOPOSFiscalPrinter@@@ATL@@UEAAJKJPEAUtagDVTARGETDEVICE@@PEAUHDC__@@PEAUtagExtentInfo@@PEAUtagSIZE@@@Z 0000000180002d54 f i FiscalPrinter.obj
 0001:00001d9c       ?GetWindow@?$IOleInPlaceObjectWindowlessImpl@VCOPOSFiscalPrinter@@@ATL@@UEAAJPEAPEAUHWND__@@@Z 0000000180002d9c f i FiscalPrinter.obj
 0001:00001df0       ?InPlaceDeactivate@?$IOleInPlaceObjectWindowlessImpl@VCOPOSFiscalPrinter@@@ATL@@UEAAJXZ 0000000180002df0 f i FiscalPrinter.obj
 0001:00001e0c       ?UIDeactivate@?$IOleInPlaceObjectWindowlessImpl@VCOPOSFiscalPrinter@@@ATL@@UEAAJXZ 0000000180002e0c f i FiscalPrinter.obj
 0001:00001e28       ?SetObjectRects@?$IOleInPlaceObjectWindowlessImpl@VCOPOSFiscalPrinter@@@ATL@@UEAAJPEBUtagRECT@@0@Z 0000000180002e28 f i FiscalPrinter.obj
 0001:00001e44       ?OnWindowMessage@?$IOleInPlaceObjectWindowlessImpl@VCOPOSFiscalPrinter@@@ATL@@UEAAJI_K_JPEA_J@Z 0000000180002e44 f i FiscalPrinter.obj
 0001:00001f0c       ?EnumConnectionPoints@?$IConnectionPointContainerImpl@VCOPOSFiscalPrinter@@@ATL@@UEAAJPEAPEAUIEnumConnectionPoints@@@Z 0000000180002f0c f i FiscalPrinter.obj
 0001:00002158       ?FindConnectionPoint@?$IConnectionPointContainerImpl@VCOPOSFiscalPrinter@@@ATL@@UEAAJAEBU_GUID@@PEAPEAUIConnectionPoint@@@Z 0000000180003158 f i FiscalPrinter.obj
 0001:00002228       ?IsDirty@?$IPersistStorageImpl@VCOPOSFiscalPrinter@@@ATL@@UEAAJXZ 0000000180003228 f i FiscalPrinter.obj
 0001:00002268       ?InitNew@?$IPersistStorageImpl@VCOPOSFiscalPrinter@@@ATL@@UEAAJPEAUIStorage@@@Z 0000000180003268 f i FiscalPrinter.obj
 0001:000022a8       ?Load@?$IPersistStorageImpl@VCOPOSFiscalPrinter@@@ATL@@UEAAJPEAUIStorage@@@Z 00000001800032a8 f i FiscalPrinter.obj
 0001:00002348       ?Save@?$IPersistStorageImpl@VCOPOSFiscalPrinter@@@ATL@@UEAAJPEAUIStorage@@H@Z 0000000180003348 f i FiscalPrinter.obj
 0001:000023f8       ?GetPages@?$ISpecifyPropertyPagesImpl@VCOPOSFiscalPrinter@@@ATL@@UEAAJPEAUtagCAUUID@@@Z 00000001800033f8 f i FiscalPrinter.obj
 0001:00002404       ?QuickActivate@?$IQuickActivateImpl@VCOPOSFiscalPrinter@@@ATL@@UEAAJPEAUtagQACONTAINER@@PEAUtagQACONTROL@@@Z 0000000180003404 f i FiscalPrinter.obj
 0001:00002420       ?SetContentExtent@?$IQuickActivateImpl@VCOPOSFiscalPrinter@@@ATL@@UEAAJPEAUtagSIZE@@@Z 0000000180003420 f i FiscalPrinter.obj
 0001:00002454       ?GetContentExtent@?$IQuickActivateImpl@VCOPOSFiscalPrinter@@@ATL@@UEAAJPEAUtagSIZE@@@Z 0000000180003454 f i FiscalPrinter.obj
 0001:0000248c       ?GetData@?$IDataObjectImpl@VCOPOSFiscalPrinter@@@ATL@@UEAAJPEAUtagFORMATETC@@PEAUtagSTGMEDIUM@@@Z 000000018000348c f i FiscalPrinter.obj
 0001:000024a8       ?DAdvise@?$IDataObjectImpl@VCOPOSFiscalPrinter@@@ATL@@UEAAJPEAUtagFORMATETC@@KPEAUIAdviseSink@@PEAK@Z 00000001800034a8 f i FiscalPrinter.obj
 0001:00002530       ?DUnadvise@?$IDataObjectImpl@VCOPOSFiscalPrinter@@@ATL@@UEAAJK@Z 0000000180003530 f i FiscalPrinter.obj
 0001:0000255c       ?EnumDAdvise@?$IDataObjectImpl@VCOPOSFiscalPrinter@@@ATL@@UEAAJPEAPEAUIEnumSTATDATA@@@Z 000000018000355c f i FiscalPrinter.obj
 0001:00002598       ?GetClassInfoW@?$IProvideClassInfo2Impl@$1?CLSID_OPOSFiscalPrinter@@3U_GUID@@B$1?DIID__IOPOSFiscalPrinterEvents@@3U2@B$1?LIBID_OposFiscalPrinter_CCO@@3U2@B$00$0A@VCComTypeInfoHolder@ATL@@@ATL@@UEAAJPEAPEAUITypeInfo@@@Z 0000000180003598 f i FiscalPrinter.obj
 0001:000025f0       ?GetGUID@?$IProvideClassInfo2Impl@$1?CLSID_OPOSFiscalPrinter@@3U_GUID@@B$1?DIID__IOPOSFiscalPrinterEvents@@3U2@B$1?LIBID_OposFiscalPrinter_CCO@@3U2@B$00$0A@VCComTypeInfoHolder@ATL@@@ATL@@UEAAJKPEAU_GUID@@@Z 00000001800035f0 f i FiscalPrinter.obj
 0001:00002624       ?AddRef@CRegObject@ATL@@UEAAKXZ 0000000180003624 f i FiscalPrinter.obj
 0001:00002624       ?FAccessAllowed@?$IObjectSafetyImpl@VCOPOSFiscalPrinter@@$02@ATL@@MEAAHXZ 0000000180003624 f i FiscalPrinter.obj
 0001:00002624       _get_startup_argv_mode     0000000180003624 f i LIBCMT:argv_mode.obj
 0001:0000262c       ?GetInterfaceSafetyOptions@?$IObjectSafetyImpl@VCOPOSFiscalPrinter@@$02@ATL@@UEAAJAEBU_GUID@@PEAK1@Z 000000018000362c f i FiscalPrinter.obj
 0001:000026c0       ?SetInterfaceSafetyOptions@?$IObjectSafetyImpl@VCOPOSFiscalPrinter@@$02@ATL@@UEAAJAEBU_GUID@@KK@Z 00000001800036c0 f i FiscalPrinter.obj
 0001:00002764       ?_LocCPQueryInterface@?$IConnectionPointImpl@VCOPOSFiscalPrinter@@$1?IID_IPropertyNotifySink@@3U_GUID@@BVCComDynamicUnkArray@ATL@@@ATL@@UEAAJAEBU_GUID@@PEAPEAX@Z 0000000180003764 f i FiscalPrinter.obj
 0001:00002764       ?_LocCPQueryInterface@?$IConnectionPointImpl@VCOPOSFiscalPrinter@@$1?DIID__IOPOSFiscalPrinterEvents@@3U_GUID@@BVCComDynamicUnkArray@ATL@@@ATL@@UEAAJAEBU_GUID@@PEAPEAX@Z 0000000180003764 f i FiscalPrinter.obj
 0001:000027d4       ?GetConnectionInterface@?$IConnectionPointImpl@VCOPOSFiscalPrinter@@$1?IID_IPropertyNotifySink@@3U_GUID@@BVCComDynamicUnkArray@ATL@@@ATL@@UEAAJPEAU_GUID@@@Z 00000001800037d4 f i FiscalPrinter.obj
 0001:000027f0       ?GetConnectionPointContainer@?$IConnectionPointImpl@VCOPOSFiscalPrinter@@$1?IID_IPropertyNotifySink@@3U_GUID@@BVCComDynamicUnkArray@ATL@@@ATL@@UEAAJPEAPEAUIConnectionPointContainer@@@Z 00000001800037f0 f i FiscalPrinter.obj
 0001:00002810       ?Advise@?$IConnectionPointImpl@VCOPOSFiscalPrinter@@$1?IID_IPropertyNotifySink@@3U_GUID@@BVCComDynamicUnkArray@ATL@@@ATL@@UEAAJPEAUIUnknown@@PEAK@Z 0000000180003810 f i FiscalPrinter.obj
 0001:00002810       ?Advise@?$IConnectionPointImpl@VCOPOSFiscalPrinter@@$1?DIID__IOPOSFiscalPrinterEvents@@3U_GUID@@BVCComDynamicUnkArray@ATL@@@ATL@@UEAAJPEAUIUnknown@@PEAK@Z 0000000180003810 f i FiscalPrinter.obj
 0001:000028cc       ?Unadvise@?$IConnectionPointImpl@VCOPOSFiscalPrinter@@$1?IID_IPropertyNotifySink@@3U_GUID@@BVCComDynamicUnkArray@ATL@@@ATL@@UEAAJK@Z 00000001800038cc f i FiscalPrinter.obj
 0001:000028cc       ?Unadvise@?$IConnectionPointImpl@VCOPOSFiscalPrinter@@$1?DIID__IOPOSFiscalPrinterEvents@@3U_GUID@@BVCComDynamicUnkArray@ATL@@@ATL@@UEAAJK@Z 00000001800038cc f i FiscalPrinter.obj
 0001:00002934       ?EnumConnections@?$IConnectionPointImpl@VCOPOSFiscalPrinter@@$1?IID_IPropertyNotifySink@@3U_GUID@@BVCComDynamicUnkArray@ATL@@@ATL@@UEAAJPEAPEAUIEnumConnections@@@Z 0000000180003934 f i FiscalPrinter.obj
 0001:00002934       ?EnumConnections@?$IConnectionPointImpl@VCOPOSFiscalPrinter@@$1?DIID__IOPOSFiscalPrinterEvents@@3U_GUID@@BVCComDynamicUnkArray@ATL@@@ATL@@UEAAJPEAPEAUIEnumConnections@@@Z 0000000180003934 f i FiscalPrinter.obj
 0001:00002ae0       ?GetConnectionInterface@?$IConnectionPointImpl@VCOPOSFiscalPrinter@@$1?DIID__IOPOSFiscalPrinterEvents@@3U_GUID@@BVCComDynamicUnkArray@ATL@@@ATL@@UEAAJPEAU_GUID@@@Z 0000000180003ae0 f i FiscalPrinter.obj
 0001:00002afc       ?GetConnectionPointContainer@?$IConnectionPointImpl@VCOPOSFiscalPrinter@@$1?DIID__IOPOSFiscalPrinterEvents@@3U_GUID@@BVCComDynamicUnkArray@ATL@@@ATL@@UEAAJPEAPEAUIConnectionPointContainer@@@Z 0000000180003afc f i FiscalPrinter.obj
 0001:00002b1c       ?UpdateRegistry@COPOSFiscalPrinter@@SAJH@Z 0000000180003b1c f i FiscalPrinter.obj
 0001:00002b34       ?ProcessWindowMessage@COPOSFiscalPrinter@@UEAAHPEAUHWND__@@I_K_JAEA_JK@Z 0000000180003b34 f i FiscalPrinter.obj
 0001:00002bbc       ?SODirectIO@COPOSFiscalPrinter@@MEAAJJPEAJPEAPEA_W@Z 0000000180003bbc f i FiscalPrinter.obj
 0001:00002c34       ?SOError@COPOSFiscalPrinter@@MEAAJJJJPEAJ@Z 0000000180003c34 f i FiscalPrinter.obj
 0001:00002cbc       ?SOOutputComplete@COPOSFiscalPrinter@@MEAAJJ@Z 0000000180003cbc f i FiscalPrinter.obj
 0001:00002d0c       ?SOStatusUpdate@COPOSFiscalPrinter@@MEAAJJ@Z 0000000180003d0c f i FiscalPrinter.obj
 0001:00002d5c       ?AddReplacement@CRegObject@ATL@@UEAAJPEB_W0@Z 0000000180003d5c f i FiscalPrinter.obj
 0001:00002d8c       ?ClearReplacements@CRegObject@ATL@@UEAAJXZ 0000000180003d8c f i FiscalPrinter.obj
 0001:00002d98       ??_GCRegObject@ATL@@UEAAPEAXI@Z 0000000180003d98 f i FiscalPrinter.obj
 0001:00002d98       ??_ECRegObject@ATL@@UEAAPEAXI@Z 0000000180003d98 f i FiscalPrinter.obj
 0001:00002e18       ?CreateInstance@?$CComCreator@V?$CComObjectCached@VCComClassFactory@ATL@@@ATL@@@ATL@@SAJPEAXAEBU_GUID@@PEAPEAX@Z 0000000180003e18 f i FiscalPrinter.obj
 0001:00002f3c       ?CreateInstance@?$CComCreator2@V?$CComCreator@V?$CComObject@VCOPOSFiscalPrinter@@@ATL@@@ATL@@V?$CComCreator@V?$CComAggObject@VCOPOSFiscalPrinter@@@ATL@@@2@@ATL@@SAJPEAXAEBU_GUID@@PEAPEAX@Z 0000000180003f3c f i FiscalPrinter.obj
 0001:00002f4c       ?AddRef@?$CComObjectCached@VCComClassFactory@ATL@@@ATL@@UEAAKXZ 0000000180003f4c f i FiscalPrinter.obj
 0001:00002f78       ?Release@?$CComObjectCached@VCComClassFactory@ATL@@@ATL@@UEAAKXZ 0000000180003f78 f i FiscalPrinter.obj
 0001:00002fb8       ?QueryInterface@?$CComObjectCached@VCComClassFactory@ATL@@@ATL@@UEAAJAEBU_GUID@@PEAPEAX@Z 0000000180003fb8 f i FiscalPrinter.obj
 0001:00002fcc       ??_E?$CComObjectCached@VCComClassFactory@ATL@@@ATL@@UEAAPEAXI@Z 0000000180003fcc f i FiscalPrinter.obj
 0001:00002fcc       ??_G?$CComObjectCached@VCComClassFactory@ATL@@@ATL@@UEAAPEAXI@Z 0000000180003fcc f i FiscalPrinter.obj
 0001:00003024       ?Next@?$CComEnumImpl@UIEnumConnectionPoints@@$1?_GUID_b196b285_bab4_101a_b69c_00aa00341d07@@3U__s_GUID@@BPEAUIConnectionPoint@@V?$_CopyInterface@UIConnectionPoint@@@ATL@@@ATL@@UEAAJKPEAPEAUIConnectionPoint@@PEAK@Z 0000000180004024 f i FiscalPrinter.obj
 0001:000030f0       ?Skip@?$CComEnumImpl@UIEnumConnectionPoints@@$1?_GUID_b196b285_bab4_101a_b69c_00aa00341d07@@3U__s_GUID@@BPEAUIConnectionPoint@@V?$_CopyInterface@UIConnectionPoint@@@ATL@@@ATL@@UEAAJK@Z 00000001800040f0 f i FiscalPrinter.obj
 0001:0000311c       ?Clone@?$CComEnumImpl@UIEnumConnectionPoints@@$1?_GUID_b196b285_bab4_101a_b69c_00aa00341d07@@3U__s_GUID@@BPEAUIConnectionPoint@@V?$_CopyInterface@UIConnectionPoint@@@ATL@@@ATL@@UEAAJPEAPEAUIEnumConnectionPoints@@@Z 000000018000411c f i FiscalPrinter.obj
 0001:00003248       ?QueryInterface@?$CComObject@V?$CComEnum@UIEnumConnectionPoints@@$1?_GUID_b196b285_bab4_101a_b69c_00aa00341d07@@3U__s_GUID@@BPEAUIConnectionPoint@@V?$_CopyInterface@UIConnectionPoint@@@ATL@@VCComSingleThreadModel@6@@ATL@@@ATL@@UEAAJAEBU_GUID@@PEAPEAX@Z 0000000180004248 f i FiscalPrinter.obj
 0001:0000325c       ??_E?$CComObject@V?$CComEnum@UIEnumConnectionPoints@@$1?_GUID_b196b285_bab4_101a_b69c_00aa00341d07@@3U__s_GUID@@BPEAUIConnectionPoint@@V?$_CopyInterface@UIConnectionPoint@@@ATL@@VCComSingleThreadModel@6@@ATL@@@ATL@@UEAAPEAXI@Z 000000018000425c f i FiscalPrinter.obj
 0001:0000325c       ??_G?$CComObject@V?$CComEnum@UIEnumConnectionPoints@@$1?_GUID_b196b285_bab4_101a_b69c_00aa00341d07@@3U__s_GUID@@BPEAUIConnectionPoint@@V?$_CopyInterface@UIConnectionPoint@@@ATL@@VCComSingleThreadModel@6@@ATL@@@ATL@@UEAAPEAXI@Z 000000018000425c f i FiscalPrinter.obj
 0001:000032b4       ?OnDrawAdvanced@CComControlBase@ATL@@UEAAJAEAUATL_DRAWINFO@@@Z 00000001800042b4 f i FiscalPrinter.obj
 0001:00003440       ?AddRef@?$CComAggObject@VCOPOSFiscalPrinter@@@ATL@@UEAAKXZ 0000000180004440 f i FiscalPrinter.obj
 0001:0000344c       ?Release@?$CComAggObject@VCOPOSFiscalPrinter@@@ATL@@UEAAKXZ 000000018000444c f i FiscalPrinter.obj
 0001:000034a0       ?QueryInterface@?$CComAggObject@VCOPOSFiscalPrinter@@@ATL@@UEAAJAEBU_GUID@@PEAPEAX@Z 00000001800044a0 f i FiscalPrinter.obj
 0001:00003500       ?AddRef@?$CComContainedObject@VCOPOSFiscalPrinter@@@ATL@@UEAAKXZ 0000000180004500 f i FiscalPrinter.obj
 0001:00003510       ?Release@?$CComContainedObject@VCOPOSFiscalPrinter@@@ATL@@UEAAKXZ 0000000180004510 f i FiscalPrinter.obj
 0001:00003520       ?QueryInterface@?$CComContainedObject@VCOPOSFiscalPrinter@@@ATL@@UEAAJAEBU_GUID@@PEAPEAX@Z 0000000180004520 f i FiscalPrinter.obj
 0001:00003530       ??_E?$CComAggObject@VCOPOSFiscalPrinter@@@ATL@@UEAAPEAXI@Z 0000000180004530 f i FiscalPrinter.obj
 0001:00003530       ??_G?$CComAggObject@VCOPOSFiscalPrinter@@@ATL@@UEAAPEAXI@Z 0000000180004530 f i FiscalPrinter.obj
 0001:00003588       ?AddRef@?$CComObject@VCOPOSFiscalPrinter@@@ATL@@UEAAKXZ 0000000180004588 f i FiscalPrinter.obj
 0001:00003598       ?Release@?$CComObject@VCOPOSFiscalPrinter@@@ATL@@UEAAKXZ 0000000180004598 f i FiscalPrinter.obj
 0001:000035f0       ?QueryInterface@?$CComObject@VCOPOSFiscalPrinter@@@ATL@@UEAAJAEBU_GUID@@PEAPEAX@Z 00000001800045f0 f i FiscalPrinter.obj
 0001:00003604       ?CreateInstance@CComClassFactory@ATL@@UEAAJPEAUIUnknown@@AEBU_GUID@@PEAPEAX@Z 0000000180004604 f i FiscalPrinter.obj
 0001:00003664       ?LockServer@CComClassFactory@ATL@@UEAAJH@Z 0000000180004664 f i FiscalPrinter.obj
 0001:00003688       ??_GCComClassFactory@ATL@@UEAAPEAXI@Z 0000000180004688 f i FiscalPrinter.obj
 0001:00003688       ??_ECComClassFactory@ATL@@UEAAPEAXI@Z 0000000180004688 f i FiscalPrinter.obj
 0001:000036d8       ??$AtlModuleRegisterWndClassInfoT@VAtlModuleRegisterWndClassInfoParamW@ATL@@@ATL@@YAGPEAU_ATL_BASE_MODULE70@0@PEAU_ATL_WIN_MODULE70@0@PEAU_ATL_WNDCLASSINFOW@0@PEAP6A_JPEAUHWND__@@I_K_J@ZVAtlModuleRegisterWndClassInfoParamW@0@@Z 00000001800046d8 f i FiscalPrinter.obj
 0001:000038d8       ??0?$CComContainedObject@VCOPOSFiscalPrinter@@@ATL@@QEAA@PEAX@Z 00000001800048d8 f i FiscalPrinter.obj
 0001:000039f4       ??0?$CComObject@VCOPOSFiscalPrinter@@@ATL@@QEAA@PEAX@Z 00000001800049f4 f i FiscalPrinter.obj
 0001:00003b0c       ??0CAtlModule@ATL@@QEAA@XZ 0000000180004b0c f i FiscalPrinter.obj
 0001:00003b80       ??1?$CComEnumImpl@UIEnumConnectionPoints@@$1?_GUID_b196b285_bab4_101a_b69c_00aa00341d07@@3U__s_GUID@@BPEAUIConnectionPoint@@V?$_CopyInterface@UIConnectionPoint@@@ATL@@@ATL@@UEAA@XZ 0000000180004b80 f i FiscalPrinter.obj
 0001:00003bdc       ??1?$CComEnumImpl@UIEnumConnections@@$1?_GUID_b196b287_bab4_101a_b69c_00aa00341d07@@3U__s_GUID@@BUtagCONNECTDATA@@V?$_Copy@UtagCONNECTDATA@@@ATL@@@ATL@@UEAA@XZ 0000000180004bdc f i FiscalPrinter.obj
 0001:00003c38       ??1?$CComObject@VCOPOSFiscalPrinter@@@ATL@@UEAA@XZ 0000000180004c38 f i FiscalPrinter.obj
 0001:00003d58       ??_G?$CComContainedObject@VCOPOSFiscalPrinter@@@ATL@@UEAAPEAXI@Z 0000000180004d58 f i FiscalPrinter.obj
 0001:00003d58       ??_E?$CComContainedObject@VCOPOSFiscalPrinter@@@ATL@@UEAAPEAXI@Z 0000000180004d58 f i FiscalPrinter.obj
 0001:00003d8c       ??_G?$CComObject@VCOPOSFiscalPrinter@@@ATL@@UEAAPEAXI@Z 0000000180004d8c f i FiscalPrinter.obj
 0001:00003d8c       ??_E?$CComObject@VCOPOSFiscalPrinter@@@ATL@@UEAAPEAXI@Z 0000000180004d8c f i FiscalPrinter.obj
 0001:00003dc0       ?Add@?$CSimpleArray@GV?$CSimpleArrayEqualHelper@G@ATL@@@ATL@@QEAAHAEBG@Z 0000000180004dc0 f i FiscalPrinter.obj
 0001:00003e74       ?Add@?$CSimpleMap@PEA_WPEA_WVCExpansionVectorEqualHelper@ATL@@@ATL@@QEAAHAEBQEA_W0@Z 0000000180004e74 f i FiscalPrinter.obj
 0001:00003f14       ?Add@CComDynamicUnkArray@ATL@@QEAAKPEAUIUnknown@@@Z 0000000180004f14 f i FiscalPrinter.obj
 0001:00004000       ?Add@CExpansionVector@ATL@@QEAAHPEB_W0@Z 0000000180005000 f i FiscalPrinter.obj
 0001:00004134       ?AddTermFunc@CAtlModule@ATL@@QEAAJP6AX_K@Z0@Z 0000000180005134 f i FiscalPrinter.obj
 0001:000041d0       ?AddValue@CRegParser@ATL@@IEAAJAEAVCRegKey@2@PEB_WPEA_W@Z 00000001800051d0 f i FiscalPrinter.obj
 0001:00004618       ?AllocateHeap@?$CTempBuffer@_W$0EAA@VCCRTAllocator@ATL@@@ATL@@AEAAX_K@Z 0000000180005618 f i FiscalPrinter.obj
 0001:00004618       ?AllocateHeap@?$CTempBuffer@E$0BAA@VCCRTAllocator@ATL@@@ATL@@AEAAX_K@Z 0000000180005618 f i FiscalPrinter.obj
 0001:00004618       ?AllocateHeap@?$CTempBuffer@_W$0BAA@VCCRTAllocator@ATL@@@ATL@@AEAAX_K@Z 0000000180005618 f i FiscalPrinter.obj
 0001:00004644       ?Append@CParseBuffer@CRegParser@ATL@@QEAAHPEB_WH@Z 0000000180005644 f i FiscalPrinter.obj
 0001:0000478c       ?AtlComModuleGetClassObject@ATL@@YAJPEAU_ATL_COM_MODULE70@1@AEBU_GUID@@1PEAPEAX@Z 000000018000578c f i FiscalPrinter.obj
 0001:000048cc       ?AtlComModuleRegisterServer@ATL@@YAJPEAU_ATL_COM_MODULE70@1@HPEBU_GUID@@@Z 00000001800058cc f i FiscalPrinter.obj
 0001:0000498c       ?AtlComModuleUnregisterServer@ATL@@YAJPEAU_ATL_COM_MODULE70@1@HPEBU_GUID@@@Z 000000018000598c f i FiscalPrinter.obj
 0001:00004a48       ?AtlHiMetricToPixel@ATL@@YAXPEBUtagSIZE@@PEAU2@@Z 0000000180005a48 f i FiscalPrinter.obj
 0001:00004af8       ?AtlHresultFromLastError@ATL@@YAJXZ 0000000180005af8 f i FiscalPrinter.obj
 0001:00004b18       ?AtlHresultFromWin32@ATL@@YAJK@Z 0000000180005b18 f i FiscalPrinter.obj
 0001:00004b28       ?AtlInternalOleLoadFromStream@ATL@@YAJPEAUIStream@@AEBU_GUID@@PEAPEAXTClassesAllowedInStream@1@K@Z 0000000180005b28 f i FiscalPrinter.obj
 0001:00004c6c       ?AtlInternalQueryInterface@ATL@@YAJPEAXPEBU_ATL_INTMAP_ENTRY@1@AEBU_GUID@@PEAPEAX@Z 0000000180005c6c f i FiscalPrinter.obj
 0001:00004d74       ?AtlLoadTypeLib@ATL@@YAJPEAUHINSTANCE__@@PEB_WPEAPEA_WPEAPEAUITypeLib@@@Z 0000000180005d74 f i FiscalPrinter.obj
 0001:00004fd0       ?AtlRegisterClassCategoriesHelper@ATL@@YAJAEBU_GUID@@PEBU_ATL_CATMAP_ENTRY@1@H@Z 0000000180005fd0 f i FiscalPrinter.obj
 0001:00005454       ?AtlRegisterTypeLib@ATL@@YAJPEAUHINSTANCE__@@PEB_W@Z 0000000180006454 f i FiscalPrinter.obj
 0001:00005650       ?AtlThrowImpl@ATL@@YAXJ@Z  0000000180006650 f i FiscalPrinter.obj
 0001:00005674       ?AtlUnRegisterTypeLib@ATL@@YAJPEAUHINSTANCE__@@PEB_W@Z 0000000180006674 f i FiscalPrinter.obj
 0001:0000573c       ?AtlWinModuleExtractCreateWndData@ATL@@YAPEAXPEAU_ATL_WIN_MODULE70@1@@Z 000000018000673c f i FiscalPrinter.obj
 0001:000057c8       ?Cleanup@CComTypeInfoHolder@ATL@@SAX_K@Z 00000001800067c8 f i FiscalPrinter.obj
 0001:00005808       ?ClearReplacements@CExpansionVector@ATL@@QEAAJXZ 0000000180006808 f i FiscalPrinter.obj
 0001:000058a4       ?CreateInstance@?$CComCreator@V?$CComAggObject@VCOPOSFiscalPrinter@@@ATL@@@ATL@@SAJPEAXAEBU_GUID@@PEAPEAX@Z 00000001800068a4 f i FiscalPrinter.obj
 0001:00005988       ?CreateInstance@?$CComCreator@V?$CComObject@VCOPOSFiscalPrinter@@@ATL@@@ATL@@SAJPEAXAEBU_GUID@@PEAPEAX@Z 0000000180006988 f i FiscalPrinter.obj
 0001:00005a3c       ?CreateInstance@?$CComObject@V?$CComEnum@UIEnumConnectionPoints@@$1?_GUID_b196b285_bab4_101a_b69c_00aa00341d07@@3U__s_GUID@@BPEAUIConnectionPoint@@V?$_CopyInterface@UIConnectionPoint@@@ATL@@VCComSingleThreadModel@6@@ATL@@@ATL@@SAJPEAPEAV12@@Z 0000000180006a3c f i FiscalPrinter.obj
 0001:00005acc       ?CreateInstance@?$CComObject@V?$CComEnum@UIEnumConnections@@$1?_GUID_b196b287_bab4_101a_b69c_00aa00341d07@@3U__s_GUID@@BUtagCONNECTDATA@@V?$_Copy@UtagCONNECTDATA@@@ATL@@VCComSingleThreadModel@6@@ATL@@@ATL@@SAJPEAPEAV12@@Z 0000000180006acc f i FiscalPrinter.obj
 0001:00005b5c       ?DefaultReflectionHandler@?$CWindowImplRoot@VCWindow@ATL@@@ATL@@SAHPEAUHWND__@@I_K_JAEA_J@Z 0000000180006b5c f i FiscalPrinter.obj
 0001:00005bc0       ?DeleteSubKey@CRegKey@ATL@@QEAAJPEB_W@Z 0000000180006bc0 f i FiscalPrinter.obj
 0001:00005c58       ?DoEvent@COPOSFiscalPrinter@@IEAAXI_K_J@Z 0000000180006c58 f i FiscalPrinter.obj
 0001:00005d0c       ?DoVerbPrimary@?$IOleObjectImpl@VCOPOSFiscalPrinter@@@ATL@@QEAAJPEBUtagRECT@@PEAUHWND__@@@Z 0000000180006d0c f i FiscalPrinter.obj
 0001:00005e38       ?DoVerbProperties@CComControlBase@ATL@@QEAAJPEBUtagRECT@@PEAUHWND__@@@Z 0000000180006e38 f i FiscalPrinter.obj
 0001:00006060       ?FireTheEvent@?$CProxy_IOPOSEvents@VCOPOSFiscalPrinter@@@@IEAAXPEAVOposVariant@@IAEAJPEB_WJ@Z 0000000180007060 f i FiscalPrinter.obj
 0001:0000614c       ?FireViewChange@CComControlBase@ATL@@QEAAJXZ 000000018000714c f i FiscalPrinter.obj
 0001:000061b0       ?Fire_DirectIOEvent@?$CProxy_IOPOSEvents@VCOPOSFiscalPrinter@@@@QEAAXJPEAJPEAPEA_W@Z 00000001800071b0 f i FiscalPrinter.obj
 0001:00006310       ?Fire_ErrorEvent@?$CProxy_IOPOSEvents@VCOPOSFiscalPrinter@@@@QEAAXJJJPEAJ@Z 0000000180007310 f i FiscalPrinter.obj
 0001:00006484       ?Fire_OutputCompleteEvent@?$CProxy_IOPOSEvents@VCOPOSFiscalPrinter@@@@QEAAXJ@Z 0000000180007484 f i FiscalPrinter.obj
 0001:00006570       ?Fire_StatusUpdateEvent@?$CProxy_IOPOSEvents@VCOPOSFiscalPrinter@@@@QEAAXJ@Z 0000000180007570 f i FiscalPrinter.obj
 0001:0000665c       ?FreeHeap@?$CTempBuffer@E$0BAA@VCCRTAllocator@ATL@@@ATL@@AEAAXXZ 000000018000765c f i FiscalPrinter.obj
 0001:0000665c       ?FreeHeap@?$CTempBuffer@_W$0EAA@VCCRTAllocator@ATL@@@ATL@@AEAAXXZ 000000018000765c f i FiscalPrinter.obj
 0001:0000665c       ?FreeHeap@?$CTempBuffer@_W$0BAA@VCCRTAllocator@ATL@@@ATL@@AEAAXXZ 000000018000765c f i FiscalPrinter.obj
 0001:00006664       ?GetAmbientLocaleID@CComControlBase@ATL@@QEAAJAEAK@Z 0000000180007664 f i FiscalPrinter.obj
 0001:00006724       ?GetAmbientUserMode@CComControlBase@ATL@@QEAAJAEAH@Z 0000000180007724 f i FiscalPrinter.obj
 0001:000067f4       ?GetClassObject@CComModule@ATL@@QEAAJAEBU_GUID@@0PEAPEAX@Z 00000001800077f4 f i FiscalPrinter.obj
 0001:000068e8       ?GetConnMap@COPOSFiscalPrinter@@SAPEBU_ATL_CONNMAP_ENTRY@ATL@@PEAH@Z 00000001800078e8 f i FiscalPrinter.obj
 0001:00006970       ?GetIDsOfNames@CComTypeInfoHolder@ATL@@QEAAJAEBU_GUID@@PEAPEA_WIKPEAJ@Z 0000000180007970 f i FiscalPrinter.obj
 0001:00006ae8       ?GetPagesHelper@?$ISpecifyPropertyPagesImpl@VCOPOSFiscalPrinter@@@ATL@@IEAAJPEAUtagCAUUID@@PEBUATL_PROPMAP_ENTRY@2@@Z 0000000180007ae8 f i FiscalPrinter.obj
 0001:00006c88       ?GetSizeMax@CComVariant@ATL@@QEBAJPEAT_ULARGE_INTEGER@@@Z 0000000180007c88 f i FiscalPrinter.obj
 0001:00006eb8       ?GetTI@CComTypeInfoHolder@ATL@@QEAAJK@Z 0000000180007eb8 f i FiscalPrinter.obj
 0001:000071a0       ?GetZoomInfo@CComControlBase@ATL@@QEAAXAEAUATL_DRAWINFO@@@Z 00000001800081a0 f i FiscalPrinter.obj
 0001:00007244       ?HKeyFromString@CRegParser@ATL@@KAPEAUHKEY__@@PEA_W@Z 0000000180008244 f i FiscalPrinter.obj
 0001:000072a8       ?IDataObject_GetData@CComControlBase@ATL@@QEAAJPEAUtagFORMATETC@@PEAUtagSTGMEDIUM@@@Z 00000001800082a8 f i FiscalPrinter.obj
 0001:0000749c       ?IOleInPlaceObject_InPlaceDeactivate@CComControlBase@ATL@@QEAAJXZ 000000018000849c f i FiscalPrinter.obj
 0001:0000753c       ?IOleInPlaceObject_SetObjectRects@CComControlBase@ATL@@QEAAJPEBUtagRECT@@0@Z 000000018000853c f i FiscalPrinter.obj
 0001:0000762c       ?IOleInPlaceObject_UIDeactivate@CComControlBase@ATL@@QEAAJXZ 000000018000862c f i FiscalPrinter.obj
 0001:00007738       ?IOleObject_Close@CComControlBase@ATL@@QEAAJK@Z 0000000180008738 f i FiscalPrinter.obj
 0001:00007850       ?IOleObject_SetClientSite@CComControlBase@ATL@@QEAAJPEAUIOleClientSite@@@Z 0000000180008850 f i FiscalPrinter.obj
 0001:000078c8       ?IOleObject_SetExtent@CComControlBase@ATL@@QEAAJKPEAUtagSIZE@@@Z 00000001800088c8 f i FiscalPrinter.obj
 0001:00007960       ?IPSI_GetIPersistStreamInit@?$IPersistStorageImpl@VCOPOSFiscalPrinter@@@ATL@@AEAAPEAUIPersistStreamInit@@XZ 0000000180008960 f i FiscalPrinter.obj
 0001:00007a48       ?IPersistStreamInit_Load@?$IPersistStreamInitImpl@VCOPOSFiscalPrinter@@@ATL@@QEAAJPEAUIStream@@PEBUATL_PROPMAP_ENTRY@2@@Z 0000000180008a48 f i FiscalPrinter.obj
 0001:00007d74       ?IPersistStreamInit_Save@?$IPersistStreamInitImpl@VCOPOSFiscalPrinter@@@ATL@@QEAAJPEAUIStream@@HPEBUATL_PROPMAP_ENTRY@2@@Z 0000000180008d74 f i FiscalPrinter.obj
 0001:00008014       ?IQuickActivate_QuickActivate@CComControlBase@ATL@@QEAAJPEAUtagQACONTAINER@@PEAUtagQACONTROL@@@Z 0000000180009014 f i FiscalPrinter.obj
 0001:000082d8       ?IViewObject_Draw@CComControlBase@ATL@@QEAAJKJPEAXPEAUtagDVTARGETDEVICE@@PEAUHDC__@@2PEBU_RECTL@@3@Z 00000001800092d8 f i FiscalPrinter.obj
 0001:000083ec       ?InPlaceActivate@CComControlBase@ATL@@QEAAJJPEBUtagRECT@@@Z 00000001800093ec f i FiscalPrinter.obj
 0001:00008720       ?Init@?$CComEnumImpl@UIEnumConnectionPoints@@$1?_GUID_b196b285_bab4_101a_b69c_00aa00341d07@@3U__s_GUID@@BPEAUIConnectionPoint@@V?$_CopyInterface@UIConnectionPoint@@@ATL@@@ATL@@QEAAJPEAPEAUIConnectionPoint@@0PEAUIUnknown@@W4CComEnumFlags@2@@Z 0000000180009720 f i FiscalPrinter.obj
 0001:00008840       ?Init@?$CComEnumImpl@UIEnumConnections@@$1?_GUID_b196b287_bab4_101a_b69c_00aa00341d07@@3U__s_GUID@@BUtagCONNECTDATA@@V?$_Copy@UtagCONNECTDATA@@@ATL@@@ATL@@QEAAJPEAUtagCONNECTDATA@@0PEAUIUnknown@@W4CComEnumFlags@2@@Z 0000000180009840 f i FiscalPrinter.obj
 0001:00008964       ?IsEqualObject@?$CComPtrBase@UIOleClientSite@@@ATL@@QEAA_NPEAUIUnknown@@@Z 0000000180009964 f i FiscalPrinter.obj
 0001:000089f0       ?LoadNameCache@CComTypeInfoHolder@ATL@@QEAAJPEAUITypeInfo@@@Z 00000001800099f0 f i FiscalPrinter.obj
 0001:00008b70       ?Lookup@?$CSimpleMap@PEA_WPEA_WVCExpansionVectorEqualHelper@ATL@@@ATL@@QEBAPEA_WAEBQEA_W@Z 0000000180009b70 f i FiscalPrinter.obj
 0001:00008bf8       ?NextToken@CRegParser@ATL@@IEAAJPEA_W@Z 0000000180009bf8 f i FiscalPrinter.obj
 0001:00008db0       ?OnKillFocus@CComControlBase@ATL@@QEAA_JI_K_JAEAH@Z 0000000180009db0 f i FiscalPrinter.obj
 0001:00008e4c       ?OnMouseActivate@CComControlBase@ATL@@QEAA_JI_K_JAEAH@Z 0000000180009e4c f i FiscalPrinter.obj
 0001:00008eec       ?OnPaint@CComControlBase@ATL@@QEAA_JI_K_JAEAH@Z 0000000180009eec f i FiscalPrinter.obj
 0001:00008fd8       ?OnSetFocus@CComControlBase@ATL@@QEAA_JI_K_JAEAH@Z 0000000180009fd8 f i FiscalPrinter.obj
 0001:000090d4       ?PreProcessBuffer@CRegParser@ATL@@QEAAJPEA_WPEAPEA_W@Z 000000018000a0d4 f i FiscalPrinter.obj
 0001:00009460       ?ProcessWindowMessage@?$CComControl@VCOPOSFiscalPrinter@@V?$CWindowImpl@VCOPOSFiscalPrinter@@VCWindow@ATL@@V?$CWinTraits@$0FGAAAAAA@$0A@@3@@ATL@@@ATL@@UEAAHPEAUHWND__@@I_K_JAEA_JK@Z 000000018000a460 f i FiscalPrinter.obj
 0001:00009544       ?ReadFromStream@CComBSTR@ATL@@QEAAJPEAUIStream@@@Z 000000018000a544 f i FiscalPrinter.obj
 0001:00009694       ?ReadFromStream@CComVariant@ATL@@QEAAJPEAUIStream@@GTClassesAllowedInStream@2@K@Z 000000018000a694 f i FiscalPrinter.obj
 0001:000098b8       ?RecurseDeleteKey@CRegKey@ATL@@QEAAJPEB_W@Z 000000018000a8b8 f i FiscalPrinter.obj
 0001:00009a10       ?RegCreateKeyExW@CAtlTransactionManager@ATL@@QEAAJPEAUHKEY__@@PEB_WKPEA_WKKQEAU_SECURITY_ATTRIBUTES@@PEAPEAU3@PEAK@Z 000000018000aa10 f i FiscalPrinter.obj
 0001:00009b44       ?RegDeleteKeyW@CAtlTransactionManager@ATL@@QEAAJPEAUHKEY__@@PEB_W@Z 000000018000ab44 f i FiscalPrinter.obj
 0001:00009bd0       ?RegOpenKeyExW@CAtlTransactionManager@ATL@@QEAAJPEAUHKEY__@@PEB_WKKPEAPEAU3@@Z 000000018000abd0 f i FiscalPrinter.obj
 0001:00009c88       ?RegisterBuffer@CRegParser@ATL@@QEAAJPEA_WH@Z 000000018000ac88 f i FiscalPrinter.obj
 0001:00009df0       ?RegisterFromResource@CRegObject@ATL@@IEAAJPEB_W00H@Z 000000018000adf0 f i FiscalPrinter.obj
 0001:00009fac       ?RegisterServer@CComModule@ATL@@QEAAJHPEBU_GUID@@@Z 000000018000afac f i FiscalPrinter.obj
 0001:0000a06c       ?RegisterSubkeys@CRegParser@ATL@@IEAAJPEA_WPEAUHKEY__@@HH@Z 000000018000b06c f i FiscalPrinter.obj
 0001:0000a8d8       ?SendOnDataChange@CComControlBase@ATL@@QEAAJK@Z 000000018000b8d8 f i FiscalPrinter.obj
 0001:0000a948       ?SetControlFocus@CComControlBase@ATL@@QEAAHH@Z 000000018000b948 f i FiscalPrinter.obj
 0001:0000aa24       ?SkipAssignment@CRegParser@ATL@@IEAAJPEA_W@Z 000000018000ba24 f i FiscalPrinter.obj
 0001:0000aac8       ?Term@CAtlModule@ATL@@QEAAXXZ 000000018000bac8 f i FiscalPrinter.obj
 0001:0000ab48       ?Term@CComModule@ATL@@QEAAXXZ 000000018000bb48 f i FiscalPrinter.obj
 0001:0000abc4       ?UnregisterServer@CComModule@ATL@@QEAAJHPEBU_GUID@@@Z 000000018000bbc4 f i FiscalPrinter.obj
 0001:0000ac74       ?UpdateRegistryFromResource@CAtlModule@ATL@@QEAAJIHPEAU_ATL_REGMAP_ENTRY@2@@Z 000000018000bc74 f i FiscalPrinter.obj
 0001:0000af80       ?UpdateRegistryFromResource@CAtlModule@ATL@@QEAAJPEB_WHPEAU_ATL_REGMAP_ENTRY@2@@Z 000000018000bf80 f i FiscalPrinter.obj
 0001:0000b2a4       ?VTFromRegType@CRegParser@ATL@@KAHPEB_WAEAG@Z 000000018000c2a4 f i FiscalPrinter.obj
 0001:0000b340       ?WindowProc@?$CWindowImplBaseT@VCWindow@ATL@@V?$CWinTraits@$0FGAAAAAA@$0A@@2@@ATL@@SA_JPEAUHWND__@@I_K_J@Z 000000018000c340 f i FiscalPrinter.obj
 0001:0000b4ac       ?WriteToStream@CComVariant@ATL@@QEAAJPEAUIStream@@@Z 000000018000c4ac f i FiscalPrinter.obj
 0001:0000b728       ?WriteToStream@CComVariant@ATL@@QEAAJPEAUIStream@@G@Z 000000018000c728 f i FiscalPrinter.obj
 0001:0000b7c0       ?_AtlVerifyStackAvailable@_ATL_SAFE_ALLOCA_IMPL@ATL@@YA_N_K@Z 000000018000c7c0 f i FiscalPrinter.obj
 0001:0000b844       ?atlCreate@?$CWindowImpl@VCOPOSFiscalPrinter@@VCWindow@ATL@@V?$CWinTraits@$0FGAAAAAA@$0A@@3@@ATL@@QEAAPEAUHWND__@@PEAU3@V_U_RECT@2@PEB_WKKV_U_MENUorID@2@PEAX@Z 000000018000c844 f i FiscalPrinter.obj
 0001:0000b8f8       ?atlCreate@?$CWindowImplBaseT@VCWindow@ATL@@V?$CWinTraits@$0FGAAAAAA@$0A@@2@@ATL@@QEAAPEAUHWND__@@PEAU3@V_U_RECT@2@PEB_WKKV_U_MENUorID@2@GPEAX@Z 000000018000c8f8 f i FiscalPrinter.obj
 0001:0000ba68       ?ocscpy_s@@YA_NPEA_W_KPEB_W@Z 000000018000ca68 f i FiscalPrinter.obj
 0001:0000bb18       DllCanUnloadNow            000000018000cb18 f   FiscalPrinter.obj
 0001:0000bb24       DllGetClassObject          000000018000cb24 f   FiscalPrinter.obj
 0001:0000bb3c       DllMain                    000000018000cb3c f   FiscalPrinter.obj
 0001:0000bbe4       DllRegisterServer          000000018000cbe4 f   FiscalPrinter.obj
 0001:0000bbf8       DllUnregisterServer        000000018000cbf8 f   FiscalPrinter.obj
 0001:0000bc0c       __local_stdio_printf_options 000000018000cc0c f i FiscalPrinter.obj
 0001:0000bc14       swprintf_s                 000000018000cc14 f i FiscalPrinter.obj
 0001:0000bc68       ??0COPOSFiscalPrinter@@QEAA@XZ 000000018000cc68 f   FiscalPrinterImpl.obj
 0001:0000bd30       ??1?$IConnectionPointImpl@VCOPOSFiscalPrinter@@$1?IID_IPropertyNotifySink@@3U_GUID@@BVCComDynamicUnkArray@ATL@@@ATL@@QEAA@XZ 000000018000cd30 f i FiscalPrinterImpl.obj
 0001:0000bd30       ??1?$IConnectionPointImpl@VCOPOSFiscalPrinter@@$1?DIID__IOPOSFiscalPrinterEvents@@3U_GUID@@BVCComDynamicUnkArray@ATL@@@ATL@@QEAA@XZ 000000018000cd30 f i FiscalPrinterImpl.obj
 0001:0000bd8c       ??1CComControlBase@ATL@@UEAA@XZ 000000018000cd8c f i FiscalPrinterImpl.obj
 0001:0000be08       ??1COPOSFiscalPrinter@@UEAA@XZ 000000018000ce08 f   FiscalPrinterImpl.obj
 0001:0000be6c       ?BeginFiscalDocument@COPOSFiscalPrinter@@UEAAJJPEAJ@Z 000000018000ce6c f   FiscalPrinterImpl.obj
 0001:0000bee8       ?BeginFiscalReceipt@COPOSFiscalPrinter@@UEAAJFPEAJ@Z 000000018000cee8 f   FiscalPrinterImpl.obj
 0001:0000bf64       ?BeginFixedOutput@COPOSFiscalPrinter@@UEAAJJJPEAJ@Z 000000018000cf64 f   FiscalPrinterImpl.obj
 0001:0000c030       ?BeginInsertion@COPOSFiscalPrinter@@UEAAJJPEAJ@Z 000000018000d030 f   FiscalPrinterImpl.obj
 0001:0000c0ac       ?BeginItemList@COPOSFiscalPrinter@@UEAAJJPEAJ@Z 000000018000d0ac f   FiscalPrinterImpl.obj
 0001:0000c128       ?BeginNonFiscal@COPOSFiscalPrinter@@UEAAJPEAJ@Z 000000018000d128 f   FiscalPrinterImpl.obj
 0001:0000c150       ?BeginRemoval@COPOSFiscalPrinter@@UEAAJJPEAJ@Z 000000018000d150 f   FiscalPrinterImpl.obj
 0001:0000c1cc       ?BeginTraining@COPOSFiscalPrinter@@UEAAJPEAJ@Z 000000018000d1cc f   FiscalPrinterImpl.obj
 0001:0000c1f4       ?CheckHealth@COPOSFiscalPrinter@@UEAAJJPEAJ@Z 000000018000d1f4 f   FiscalPrinterImpl.obj
 0001:0000c270       ?ClaimDevice@COPOSFiscalPrinter@@UEAAJJPEAJ@Z 000000018000d270 f   FiscalPrinterImpl.obj
 0001:0000c310       ?ClearError@COPOSFiscalPrinter@@UEAAJPEAJ@Z 000000018000d310 f   FiscalPrinterImpl.obj
 0001:0000c338       ?ClearOutput@COPOSFiscalPrinter@@UEAAJPEAJ@Z 000000018000d338 f   FiscalPrinterImpl.obj
 0001:0000c360       ?Close@COPOSFiscalPrinter@@UEAAJPEAJ@Z 000000018000d360 f   FiscalPrinterImpl.obj
 0001:0000c418       ?CompareFirmwareVersion@COPOSFiscalPrinter@@UEAAJPEA_WPEAJ1@Z 000000018000d418 f   FiscalPrinterImpl.obj
 0001:0000c4f4       ?DirectIO@COPOSFiscalPrinter@@UEAAJJPEAJPEAPEA_W0@Z 000000018000d4f4 f   FiscalPrinterImpl.obj
 0001:0000c5f0       ?DoInvoke@COPOSFiscalPrinter@@IEAAJJPEAVOposVariant@@IHPEAJ_N@Z 000000018000d5f0 f   FiscalPrinterImpl.obj
 0001:0000c724       ?EndFiscalDocument@COPOSFiscalPrinter@@UEAAJPEAJ@Z 000000018000d724 f   FiscalPrinterImpl.obj
 0001:0000c74c       ?EndFiscalReceipt@COPOSFiscalPrinter@@UEAAJFPEAJ@Z 000000018000d74c f   FiscalPrinterImpl.obj
 0001:0000c7c8       ?EndFixedOutput@COPOSFiscalPrinter@@UEAAJPEAJ@Z 000000018000d7c8 f   FiscalPrinterImpl.obj
 0001:0000c7f0       ?EndInsertion@COPOSFiscalPrinter@@UEAAJPEAJ@Z 000000018000d7f0 f   FiscalPrinterImpl.obj
 0001:0000c818       ?EndItemList@COPOSFiscalPrinter@@UEAAJPEAJ@Z 000000018000d818 f   FiscalPrinterImpl.obj
 0001:0000c840       ?EndNonFiscal@COPOSFiscalPrinter@@UEAAJPEAJ@Z 000000018000d840 f   FiscalPrinterImpl.obj
 0001:0000c868       ?EndRemoval@COPOSFiscalPrinter@@UEAAJPEAJ@Z 000000018000d868 f   FiscalPrinterImpl.obj
 0001:0000c890       ?EndTraining@COPOSFiscalPrinter@@UEAAJPEAJ@Z 000000018000d890 f   FiscalPrinterImpl.obj
 0001:0000c8b8       ?EventInit@COPOSFiscalPrinter@@IEAAJXZ 000000018000d8b8 f i FiscalPrinterImpl.obj
 0001:0000ca00       ?EventUninit@COPOSFiscalPrinter@@IEAAXXZ 000000018000da00 f i FiscalPrinterImpl.obj
 0001:0000ca64       ?EventWindowProc@COPOSFiscalPrinter@@IEAA_JI_K_J@Z 000000018000da64 f i FiscalPrinterImpl.obj
 0001:0000cbe0       ?FinalConstruct@COPOSFiscalPrinter@@QEAAJXZ 000000018000dbe0 f   FiscalPrinterImpl.obj
 0001:0000cc1c       ?FreezeEvents@COPOSFiscalPrinter@@MEAAJH@Z 000000018000dc1c f   FiscalPrinterImpl.obj
 0001:0000cc90       ?GetData@COPOSFiscalPrinter@@UEAAJJPEAJPEAPEA_W0@Z 000000018000dc90 f   FiscalPrinterImpl.obj
 0001:0000cd8c       ?GetDate@COPOSFiscalPrinter@@UEAAJPEAPEA_WPEAJ@Z 000000018000dd8c f   FiscalPrinterImpl.obj
 0001:0000ce14       ?GetOposProp@COPOSFiscalPrinter@@IEAAJJPEAJJ@Z 000000018000de14 f   FiscalPrinterImpl.obj
 0001:0000cf30       ?GetOposProp@COPOSFiscalPrinter@@IEAAJJPEAPEA_WJ@Z 000000018000df30 f   FiscalPrinterImpl.obj
 0001:0000d05c       ?GetTotalizer@COPOSFiscalPrinter@@UEAAJJJPEAPEA_WPEAJ@Z 000000018000e05c f   FiscalPrinterImpl.obj
 0001:0000d154       ?GetVatEntry@COPOSFiscalPrinter@@UEAAJJJPEAJ0@Z 000000018000e154 f   FiscalPrinterImpl.obj
 0001:0000d24c       ?OnDraw@COPOSFiscalPrinter@@MEAAJAEAUATL_DRAWINFO@@@Z 000000018000e24c f   FiscalPrinterImpl.obj
 0001:0000d338       ?Open@COPOSFiscalPrinter@@UEAAJPEA_WPEAJ@Z 000000018000e338 f   FiscalPrinterImpl.obj
 0001:0000dbb4       ?PrintDuplicateReceipt@COPOSFiscalPrinter@@UEAAJPEAJ@Z 000000018000ebb4 f   FiscalPrinterImpl.obj
 0001:0000dbdc       ?PrintFiscalDocumentLine@COPOSFiscalPrinter@@UEAAJPEA_WPEAJ@Z 000000018000ebdc f   FiscalPrinterImpl.obj
 0001:0000dc64       ?PrintFixedOutput@COPOSFiscalPrinter@@UEAAJJJPEA_WPEAJ@Z 000000018000ec64 f   FiscalPrinterImpl.obj
 0001:0000dd5c       ?PrintNormal@COPOSFiscalPrinter@@UEAAJJPEA_WPEAJ@Z 000000018000ed5c f   FiscalPrinterImpl.obj
 0001:0000de34       ?PrintPeriodicTotalsReport@COPOSFiscalPrinter@@UEAAJPEA_W0PEAJ@Z 000000018000ee34 f   FiscalPrinterImpl.obj
 0001:0000df10       ?PrintPowerLossReport@COPOSFiscalPrinter@@UEAAJPEAJ@Z 000000018000ef10 f   FiscalPrinterImpl.obj
 0001:0000df38       ?PrintRecCash@COPOSFiscalPrinter@@UEAAJTtagCY@@PEAJ@Z 000000018000ef38 f   FiscalPrinterImpl.obj
 0001:0000dfb4       ?PrintRecItem@COPOSFiscalPrinter@@UEAAJPEA_WTtagCY@@JJ10PEAJ@Z 000000018000efb4 f   FiscalPrinterImpl.obj
 0001:0000e0e0       ?PrintRecItemAdjustment@COPOSFiscalPrinter@@UEAAJJPEA_WTtagCY@@JPEAJ@Z 000000018000f0e0 f   FiscalPrinterImpl.obj
 0001:0000e1ec       ?PrintRecItemAdjustmentVoid@COPOSFiscalPrinter@@UEAAJJPEA_WTtagCY@@JPEAJ@Z 000000018000f1ec f   FiscalPrinterImpl.obj
 0001:0000e2f8       ?PrintRecItemFuel@COPOSFiscalPrinter@@UEAAJPEA_WTtagCY@@JJ1010PEAJ@Z 000000018000f2f8 f   FiscalPrinterImpl.obj
 0001:0000e44c       ?PrintRecItemFuelVoid@COPOSFiscalPrinter@@UEAAJPEA_WTtagCY@@J1PEAJ@Z 000000018000f44c f   FiscalPrinterImpl.obj
 0001:0000e558       ?PrintRecItemRefund@COPOSFiscalPrinter@@UEAAJPEA_WTtagCY@@JJ10PEAJ@Z 000000018000f558 f   FiscalPrinterImpl.obj
 0001:0000e684       ?PrintRecItemRefundVoid@COPOSFiscalPrinter@@UEAAJPEA_WTtagCY@@JJ10PEAJ@Z 000000018000f684 f   FiscalPrinterImpl.obj
 0001:0000e7b0       ?PrintRecItemVoid@COPOSFiscalPrinter@@UEAAJPEA_WTtagCY@@JJ10PEAJ@Z 000000018000f7b0 f   FiscalPrinterImpl.obj
 0001:0000e8dc       ?PrintRecMessage@COPOSFiscalPrinter@@UEAAJPEA_WPEAJ@Z 000000018000f8dc f   FiscalPrinterImpl.obj
 0001:0000e964       ?PrintRecNotPaid@COPOSFiscalPrinter@@UEAAJPEA_WTtagCY@@PEAJ@Z 000000018000f964 f   FiscalPrinterImpl.obj
 0001:0000ea3c       ?PrintRecPackageAdjustVoid@COPOSFiscalPrinter@@UEAAJJPEA_WPEAJ@Z 000000018000fa3c f   FiscalPrinterImpl.obj
 0001:0000eb14       ?PrintRecPackageAdjustment@COPOSFiscalPrinter@@UEAAJJPEA_W0PEAJ@Z 000000018000fb14 f   FiscalPrinterImpl.obj
 0001:0000ec10       ?PrintRecRefund@COPOSFiscalPrinter@@UEAAJPEA_WTtagCY@@JPEAJ@Z 000000018000fc10 f   FiscalPrinterImpl.obj
 0001:0000ed08       ?PrintRecRefundVoid@COPOSFiscalPrinter@@UEAAJPEA_WTtagCY@@JPEAJ@Z 000000018000fd08 f   FiscalPrinterImpl.obj
 0001:0000ee00       ?PrintRecSubtotal@COPOSFiscalPrinter@@UEAAJTtagCY@@PEAJ@Z 000000018000fe00 f   FiscalPrinterImpl.obj
 0001:0000ee7c       ?PrintRecSubtotalAdjustVoid@COPOSFiscalPrinter@@UEAAJJTtagCY@@PEAJ@Z 000000018000fe7c f   FiscalPrinterImpl.obj
 0001:0000ef48       ?PrintRecSubtotalAdjustment@COPOSFiscalPrinter@@UEAAJJPEA_WTtagCY@@PEAJ@Z 000000018000ff48 f   FiscalPrinterImpl.obj
 0001:0000f040       ?PrintRecTaxID@COPOSFiscalPrinter@@UEAAJPEA_WPEAJ@Z 0000000180010040 f   FiscalPrinterImpl.obj
 0001:0000f0c8       ?PrintRecTotal@COPOSFiscalPrinter@@UEAAJTtagCY@@0PEA_WPEAJ@Z 00000001800100c8 f   FiscalPrinterImpl.obj
 0001:0000f1c0       ?PrintRecVoid@COPOSFiscalPrinter@@UEAAJPEA_WPEAJ@Z 00000001800101c0 f   FiscalPrinterImpl.obj
 0001:0000f248       ?PrintRecVoidItem@COPOSFiscalPrinter@@UEAAJPEA_WTtagCY@@JJ1JPEAJ@Z 0000000180010248 f   FiscalPrinterImpl.obj
 0001:0000f364       ?PrintReport@COPOSFiscalPrinter@@UEAAJJPEA_W0PEAJ@Z 0000000180010364 f   FiscalPrinterImpl.obj
 0001:0000f460       ?PrintXReport@COPOSFiscalPrinter@@UEAAJPEAJ@Z 0000000180010460 f   FiscalPrinterImpl.obj
 0001:0000f488       ?PrintZReport@COPOSFiscalPrinter@@UEAAJPEAJ@Z 0000000180010488 f   FiscalPrinterImpl.obj
 0001:0000f4b0       ?ReleaseDevice@COPOSFiscalPrinter@@UEAAJPEAJ@Z 00000001800104b0 f   FiscalPrinterImpl.obj
 0001:0000f51c       ?ResetPrinterW@COPOSFiscalPrinter@@UEAAJPEAJ@Z 000000018001051c f   FiscalPrinterImpl.obj
 0001:0000f544       ?ResetStatistics@COPOSFiscalPrinter@@UEAAJPEA_WPEAJ@Z 0000000180010544 f   FiscalPrinterImpl.obj
 0001:0000f5cc       ?RetrieveStatistics@COPOSFiscalPrinter@@UEAAJPEAPEA_WPEAJ@Z 00000001800105cc f   FiscalPrinterImpl.obj
 0001:0000f654       ?SOProcessID@COPOSFiscalPrinter@@UEAAJPEAJ@Z 0000000180010654 f   FiscalPrinterImpl.obj
 0001:0000f670       ?SetCOFreezeEvents@COPOSFiscalPrinter@@IEAAXF@Z 0000000180010670 f   FiscalPrinterImpl.obj
 0001:0000f754       ?SetCurrency@COPOSFiscalPrinter@@UEAAJJPEAJ@Z 0000000180010754 f   FiscalPrinterImpl.obj
 0001:0000f7d0       ?SetDate@COPOSFiscalPrinter@@UEAAJPEA_WPEAJ@Z 00000001800107d0 f   FiscalPrinterImpl.obj
 0001:0000f858       ?SetHeaderLine@COPOSFiscalPrinter@@UEAAJJPEA_WFPEAJ@Z 0000000180010858 f   FiscalPrinterImpl.obj
 0001:0000f950       ?SetOposProp@COPOSFiscalPrinter@@IEAAJJJJ@Z 0000000180010950 f   FiscalPrinterImpl.obj
 0001:0000fab0       ?SetOposProp@COPOSFiscalPrinter@@IEAAJJPEA_WJ@Z 0000000180010ab0 f   FiscalPrinterImpl.obj
 0001:0000fc08       ?SetPOSID@COPOSFiscalPrinter@@UEAAJPEA_W0PEAJ@Z 0000000180010c08 f   FiscalPrinterImpl.obj
 0001:0000fce4       ?SetStoreFiscalID@COPOSFiscalPrinter@@UEAAJPEA_WPEAJ@Z 0000000180010ce4 f   FiscalPrinterImpl.obj
 0001:0000fd6c       ?SetTrailerLine@COPOSFiscalPrinter@@UEAAJJPEA_WFPEAJ@Z 0000000180010d6c f   FiscalPrinterImpl.obj
 0001:0000fe64       ?SetVatTable@COPOSFiscalPrinter@@UEAAJPEAJ@Z 0000000180010e64 f   FiscalPrinterImpl.obj
 0001:0000fe8c       ?SetVatValue@COPOSFiscalPrinter@@UEAAJJPEA_WPEAJ@Z 0000000180010e8c f   FiscalPrinterImpl.obj
 0001:0000ff64       ?UpdateFirmware@COPOSFiscalPrinter@@UEAAJPEA_WPEAJ@Z 0000000180010f64 f   FiscalPrinterImpl.obj
 0001:0000ffec       ?UpdateStatistics@COPOSFiscalPrinter@@UEAAJPEA_WPEAJ@Z 0000000180010fec f   FiscalPrinterImpl.obj
 0001:00010074       ?VerifyItem@COPOSFiscalPrinter@@UEAAJPEA_WJPEAJ@Z 0000000180011074 f   FiscalPrinterImpl.obj
 0001:0001014c       ?get_ActualCurrency@COPOSFiscalPrinter@@UEAAJPEAJ@Z 000000018001114c f   FiscalPrinterImpl.obj
 0001:00010160       ?get_AdditionalHeader@COPOSFiscalPrinter@@UEAAJPEAPEA_W@Z 0000000180011160 f   FiscalPrinterImpl.obj
 0001:00010174       ?get_AdditionalTrailer@COPOSFiscalPrinter@@UEAAJPEAPEA_W@Z 0000000180011174 f   FiscalPrinterImpl.obj
 0001:00010188       ?get_AmountDecimalPlaces@COPOSFiscalPrinter@@UEAAJPEAJ@Z 0000000180011188 f   FiscalPrinterImpl.obj
 0001:0001019c       ?get_AsyncMode@COPOSFiscalPrinter@@UEAAJPEAF@Z 000000018001119c f   FiscalPrinterImpl.obj
 0001:000101d0       ?get_BinaryConversion@COPOSFiscalPrinter@@UEAAJPEAJ@Z 00000001800111d0 f   FiscalPrinterImpl.obj
 0001:000101e4       ?get_CapAdditionalHeader@COPOSFiscalPrinter@@UEAAJPEAF@Z 00000001800111e4 f   FiscalPrinterImpl.obj
 0001:00010218       ?get_CapAdditionalLines@COPOSFiscalPrinter@@UEAAJPEAF@Z 0000000180011218 f   FiscalPrinterImpl.obj
 0001:0001024c       ?get_CapAdditionalTrailer@COPOSFiscalPrinter@@UEAAJPEAF@Z 000000018001124c f   FiscalPrinterImpl.obj
 0001:00010280       ?get_CapAmountAdjustment@COPOSFiscalPrinter@@UEAAJPEAF@Z 0000000180011280 f   FiscalPrinterImpl.obj
 0001:000102b4       ?get_CapAmountNotPaid@COPOSFiscalPrinter@@UEAAJPEAF@Z 00000001800112b4 f   FiscalPrinterImpl.obj
 0001:000102e8       ?get_CapChangeDue@COPOSFiscalPrinter@@UEAAJPEAF@Z 00000001800112e8 f   FiscalPrinterImpl.obj
 0001:0001031c       ?get_CapCheckTotal@COPOSFiscalPrinter@@UEAAJPEAF@Z 000000018001131c f   FiscalPrinterImpl.obj
 0001:00010350       ?get_CapCompareFirmwareVersion@COPOSFiscalPrinter@@UEAAJPEAF@Z 0000000180011350 f   FiscalPrinterImpl.obj
 0001:00010384       ?get_CapCoverSensor@COPOSFiscalPrinter@@UEAAJPEAF@Z 0000000180011384 f   FiscalPrinterImpl.obj
 0001:000103b8       ?get_CapDoubleWidth@COPOSFiscalPrinter@@UEAAJPEAF@Z 00000001800113b8 f   FiscalPrinterImpl.obj
 0001:000103ec       ?get_CapDuplicateReceipt@COPOSFiscalPrinter@@UEAAJPEAF@Z 00000001800113ec f   FiscalPrinterImpl.obj
 0001:00010420       ?get_CapEmptyReceiptIsVoidable@COPOSFiscalPrinter@@UEAAJPEAF@Z 0000000180011420 f   FiscalPrinterImpl.obj
 0001:00010454       ?get_CapFiscalReceiptStation@COPOSFiscalPrinter@@UEAAJPEAF@Z 0000000180011454 f   FiscalPrinterImpl.obj
 0001:00010488       ?get_CapFiscalReceiptType@COPOSFiscalPrinter@@UEAAJPEAF@Z 0000000180011488 f   FiscalPrinterImpl.obj
 0001:000104bc       ?get_CapFixedOutput@COPOSFiscalPrinter@@UEAAJPEAF@Z 00000001800114bc f   FiscalPrinterImpl.obj
 0001:000104f0       ?get_CapHasVatTable@COPOSFiscalPrinter@@UEAAJPEAF@Z 00000001800114f0 f   FiscalPrinterImpl.obj
 0001:00010524       ?get_CapIndependentHeader@COPOSFiscalPrinter@@UEAAJPEAF@Z 0000000180011524 f   FiscalPrinterImpl.obj
 0001:00010558       ?get_CapItemList@COPOSFiscalPrinter@@UEAAJPEAF@Z 0000000180011558 f   FiscalPrinterImpl.obj
 0001:0001058c       ?get_CapJrnEmptySensor@COPOSFiscalPrinter@@UEAAJPEAF@Z 000000018001158c f   FiscalPrinterImpl.obj
 0001:000105c0       ?get_CapJrnNearEndSensor@COPOSFiscalPrinter@@UEAAJPEAF@Z 00000001800115c0 f   FiscalPrinterImpl.obj
 0001:000105f4       ?get_CapJrnPresent@COPOSFiscalPrinter@@UEAAJPEAF@Z 00000001800115f4 f   FiscalPrinterImpl.obj
 0001:00010628       ?get_CapMultiContractor@COPOSFiscalPrinter@@UEAAJPEAF@Z 0000000180011628 f   FiscalPrinterImpl.obj
 0001:0001065c       ?get_CapNonFiscalMode@COPOSFiscalPrinter@@UEAAJPEAF@Z 000000018001165c f   FiscalPrinterImpl.obj
 0001:00010690       ?get_CapOnlyVoidLastItem@COPOSFiscalPrinter@@UEAAJPEAF@Z 0000000180011690 f   FiscalPrinterImpl.obj
 0001:000106c4       ?get_CapOrderAdjustmentFirst@COPOSFiscalPrinter@@UEAAJPEAF@Z 00000001800116c4 f   FiscalPrinterImpl.obj
 0001:000106f8       ?get_CapPackageAdjustment@COPOSFiscalPrinter@@UEAAJPEAF@Z 00000001800116f8 f   FiscalPrinterImpl.obj
 0001:0001072c       ?get_CapPercentAdjustment@COPOSFiscalPrinter@@UEAAJPEAF@Z 000000018001172c f   FiscalPrinterImpl.obj
 0001:00010760       ?get_CapPositiveAdjustment@COPOSFiscalPrinter@@UEAAJPEAF@Z 0000000180011760 f   FiscalPrinterImpl.obj
 0001:00010794       ?get_CapPositiveSubtotalAdjustment@COPOSFiscalPrinter@@UEAAJPEAF@Z 0000000180011794 f   FiscalPrinterImpl.obj
 0001:000107c8       ?get_CapPostPreLine@COPOSFiscalPrinter@@UEAAJPEAF@Z 00000001800117c8 f   FiscalPrinterImpl.obj
 0001:000107fc       ?get_CapPowerLossReport@COPOSFiscalPrinter@@UEAAJPEAF@Z 00000001800117fc f   FiscalPrinterImpl.obj
[...]
 0002:0000d4bc       $unwind$terminate          00000001800334bc     libucrt:terminate.obj
 0002:0000d4dc       $unwind$??$parse_integer@KV?$c_string_character_source@_W@__crt_strtox@@@__crt_strtox@@YAKQEAU__crt_locale_pointers@@V?$c_string_character_source@_W@0@H_N@Z 00000001800334dc     libucrt:atox.obj
 0002:0000d4f8       $xdatasym                  00000001800334f8     libucrt:strncmp.obj
 0002:0000d4fc       $unwind$?construct_ptd_array@@YAXQEAU__acrt_ptd@@@Z 00000001800334fc     libucrt:per_thread_data.obj
 0002:0000d504       $unwind$?destroy_ptd_array@@YAXQEAU__acrt_ptd@@@Z 0000000180033504     libucrt:per_thread_data.obj
 0002:0000d50c       $unwind$??$?RV<lambda_0ae27a3a962d80f24befdcbee591983d>@@AEAV<lambda_8d0ee55de4b1038c4002e0adecdf1839>@@V<lambda_dc504788e8f1664fe9b84e20bfb512f2>@@@?$__crt_seh_guarded_call@X@@QEAAX$$QEAV<lambda_0ae27a3a962d80f24befdcbee591983d>@@AEAV<lambda_8d0ee55de4b1038c4002e0adecdf1839>@@$$QEAV<lambda_dc504788e8f1664fe9b84e20bfb512f2>@@@Z 000000018003350c     libucrt:per_thread_data.obj
 0002:0000d530       $unwind$??$?RV<lambda_aa87e3671a710a21b5dc78c0bdf72e11>@@AEAV<lambda_92619d2358a28f41a33ba319515a20b9>@@V<lambda_6992ecaafeb10aed2b74cb1fae11a551>@@@?$__crt_seh_guarded_call@X@@QEAAX$$QEAV<lambda_aa87e3671a710a21b5dc78c0bdf72e11>@@AEAV<lambda_92619d2358a28f41a33ba319515a20b9>@@$$QEAV<lambda_6992ecaafeb10aed2b74cb1fae11a551>@@@Z 0000000180033530     libucrt:per_thread_data.obj
 0002:0000d554       $unwind$??$?RV<lambda_f2e299630e499de9f9a165e60fcd3db5>@@AEAV<lambda_2ae9d31cdba2644fcbeaf08da7c24588>@@V<lambda_40d01ff24d0e7b3814fdbdcee8eab3c7>@@@?$__crt_seh_guarded_call@X@@QEAAX$$QEAV<lambda_f2e299630e499de9f9a165e60fcd3db5>@@AEAV<lambda_2ae9d31cdba2644fcbeaf08da7c24588>@@$$QEAV<lambda_40d01ff24d0e7b3814fdbdcee8eab3c7>@@@Z 0000000180033554     libucrt:per_thread_data.obj
 0002:0000d578       $unwind$??$?RV<lambda_2d41944a1d46af3157314b8a01080d33>@@AEAV<lambda_8f455de75cd7d7f24b4096f044d8b9e6>@@V<lambda_aa500f224e6afead328df44964fe2772>@@@?$__crt_seh_guarded_call@X@@QEAAX$$QEAV<lambda_2d41944a1d46af3157314b8a01080d33>@@AEAV<lambda_8f455de75cd7d7f24b4096f044d8b9e6>@@$$QEAV<lambda_aa500f224e6afead328df44964fe2772>@@@Z 0000000180033578     libucrt:per_thread_data.obj
 0002:0000d59c       $unwind$__acrt_initialize_winapi_thunks 000000018003359c     libucrt:winapi_thunks.obj
 0002:0000d5a4       $unwind$__acrt_fp_format   00000001800335a4     libucrt:cvt.obj
 0002:0000d5bc       $unwind$?fp_format_e_internal@@YAHQEAD_KH_NIQEAU_strflt@@2QEAU__crt_locale_pointers@@@Z 00000001800335bc     libucrt:cvt.obj
 0002:0000d5d4       $unwind$?fp_format_a@@YAHQEBNPEAD_KQEAD2H_NIQEAU__crt_locale_pointers@@W4__acrt_rounding_mode@@@Z 00000001800335d4     libucrt:cvt.obj
 0002:0000d5f0       $unwind$?fp_format_g@@YAHQEBNQEAD_K12H_NIQEAU__crt_locale_pointers@@@Z 00000001800335f0     libucrt:cvt.obj
 0002:0000d604       $unwind$__acrt_uninitialize_locale 0000000180033604     libucrt:wsetlocale.obj
 0002:0000d604       $unwind$__acrt_get_sigabrt_handler 0000000180033604     libucrt:signal.obj
 0002:0000d60c       $unwind$??$?RV<lambda_410d79af7f07d98d83a3f525b3859a53>@@AEAV<lambda_3e16ef9562a7dcce91392c22ab16ea36>@@V<lambda_38119f0e861e05405d8a144b9b982f0a>@@@?$__crt_seh_guarded_call@X@@QEAAX$$QEAV<lambda_410d79af7f07d98d83a3f525b3859a53>@@AEAV<lambda_3e16ef9562a7dcce91392c22ab16ea36>@@$$QEAV<lambda_38119f0e861e05405d8a144b9b982f0a>@@@Z 000000018003360c     libucrt:wsetlocale.obj
 0002:0000d634       $unwind$__acrt_initialize_lowio 0000000180033634     libucrt:ioinit.obj
 0002:0000d654       $unwind$??$common_expand_argv_wildcards@D@@YAHQEAPEADQEAPEAPEAD@Z 0000000180033654     libucrt:argv_wildcards.obj
 0002:0000d66c       $unwind$??$copy_and_add_argument_to_buffer@D@@YAHQEBD0_KAEAV?$argument_list@D@?A0x5f5c8891@@@Z 000000018003366c     libucrt:argv_wildcards.obj
 0002:0000d688       $unwind$??$expand_argument_wildcards@D@@YAHQEAD0AEAV?$argument_list@D@?A0x5f5c8891@@@Z 0000000180033688     libucrt:argv_wildcards.obj
 0002:0000d6ac       $unwind$__acrt_GetModuleFileNameA 00000001800336ac     libucrt:getmodulefilenamea.obj
 0002:0000d6c8       $unwind$_setmbcp_nolock    00000001800336c8     libucrt:mbctype.obj
 0002:0000d6e8       $unwind$?update_thread_multibyte_data_internal@@YAPEAU__crt_multibyte_data@@QEAU__acrt_ptd@@QEAPEAU1@@Z 00000001800336e8     libucrt:mbctype.obj
 0002:0000d710       $unwind$?setmbcp_internal@@YAHH_NQEAU__acrt_ptd@@QEAPEAU__crt_multibyte_data@@@Z 0000000180033710     libucrt:mbctype.obj
 0002:0000d720       $unwind$?setSBUpLow@@YAXPEAU__crt_multibyte_data@@@Z 0000000180033720     libucrt:mbctype.obj
 0002:0000d73c       $unwind$??$?RV<lambda_efdfa57d1f175319df784efa44bb7b81>@@AEAV<lambda_5f0a4c1567f8adc6734073e5d1e1b35c>@@V<lambda_2e8a7d3640ea6ccb4c2413664c2db6fd>@@@?$__crt_seh_guarded_call@X@@QEAAX$$QEAV<lambda_efdfa57d1f175319df784efa44bb7b81>@@AEAV<lambda_5f0a4c1567f8adc6734073e5d1e1b35c>@@$$QEAV<lambda_2e8a7d3640ea6ccb4c2413664c2db6fd>@@@Z 000000018003373c     libucrt:mbctype.obj
 0002:0000d760       $unwind$__acrt_WideCharToMultiByte 0000000180033760     libucrt:widechartomultibyte.obj
 0002:0000d76c       $unwind$raise              000000018003376c     libucrt:signal.obj
 0002:0000d7a8       $unwind$??$?RV<lambda_450d765d439847d4c735a33c368b5fc0>@@AEAV<lambda_44731a7d0e6d81c3e6aa82d741081786>@@V<lambda_601a2a7da3b7a96e9554ac7215c4b07c>@@@?$__crt_seh_guarded_call@P6AXH@Z@@QEAAP6AXH@Z$$QEAV<lambda_450d765d439847d4c735a33c368b5fc0>@@AEAV<lambda_44731a7d0e6d81c3e6aa82d741081786>@@$$QEAV<lambda_601a2a7da3b7a96e9554ac7215c4b07c>@@@Z 00000001800337a8     libucrt:signal.obj
 0002:0000d7cc       $unwind$?common_flush_all@@YAH_N@Z 00000001800337cc     libucrt:fflush.obj
 0002:0000d7d4       $unwind$??$?RV<lambda_842d9ff0dc9ef11c61343bbaebe7f885>@@AEAV<lambda_c5860995281e5c4ce005b3de8f5874ee>@@V<lambda_d90129c13df834fdcbf8d2b88dafcf2d>@@@?$__crt_seh_guarded_call@X@@QEAAX$$QEAV<lambda_842d9ff0dc9ef11c61343bbaebe7f885>@@AEAV<lambda_c5860995281e5c4ce005b3de8f5874ee>@@$$QEAV<lambda_d90129c13df834fdcbf8d2b88dafcf2d>@@@Z 00000001800337d4     libucrt:fflush.obj
 0002:0000d7f8       $unwind$??$?RV<lambda_886d6c58226a84441f68b9f2b8217b83>@@AEAV<lambda_ab61a845afdef5b7c387490eaf3616ee>@@V<lambda_f7f22ab5edc0698d5f6905b0d3f44752>@@@?$__crt_seh_guarded_call@X@@QEAAX$$QEAV<lambda_886d6c58226a84441f68b9f2b8217b83>@@AEAV<lambda_ab61a845afdef5b7c387490eaf3616ee>@@$$QEAV<lambda_f7f22ab5edc0698d5f6905b0d3f44752>@@@Z 00000001800337f8     libucrt:fflush.obj
 0002:0000d820       $unwind$__acrt_update_thread_locale_data 0000000180033820     libucrt:locale_refcounting.obj
 0002:0000d844       $unwind$?__mbrtowc_utf8@__crt_mbstring@@YA_KPEA_WPEBD_KPEAU_Mbstatet@@@Z 0000000180033844     libucrt:mbrtowc.obj
 0002:0000d84c       $unwind$?__mbsrtowcs_utf8@__crt_mbstring@@YA_KPEA_WPEAPEBD_KPEAU_Mbstatet@@@Z 000000018003384c     libucrt:mbrtowc.obj
 0002:0000d864       $unwind$__acrt_fltout      0000000180033864     libucrt:cfout.obj
 0002:0000d884       $unwind$?divide@__crt_strtox@@YA_KAEAUbig_integer@1@AEBU21@@Z 0000000180033884     libucrt:cfout.obj
 0002:0000d89c       $chain$0$?divide@__crt_strtox@@YA_KAEAUbig_integer@1@AEBU21@@Z 000000018003389c     libucrt:cfout.obj
 0002:0000d8b0       $chain$1$?divide@__crt_strtox@@YA_KAEAUbig_integer@1@AEBU21@@Z 00000001800338b0     libucrt:cfout.obj
 0002:0000d8c0       $unwind$_fcloseall         00000001800338c0     libucrt:closeall.obj
 0002:0000d8e4       $unwind$__acrt_locale_free_monetary 00000001800338e4     libucrt:initmon.obj
 0002:0000d8ec       $unwind$__acrt_locale_free_time 00000001800338ec     libucrt:inittime.obj
 0002:0000d8fc       $unwind$__acrt_GetStringTypeA 00000001800338fc     libucrt:getstringtypea.obj
 0002:0000d924       $unwind$__acrt_lowio_destroy_handle_array 0000000180033924     libucrt:osfinfo.obj
 0002:0000d934       $unwind$__acrt_lowio_ensure_fh_exists 0000000180033934     libucrt:osfinfo.obj
 0002:0000d960       $unwind$qsort              0000000180033960     libucrt:qsort.obj
 0002:0000d978       $chain$4$qsort             0000000180033978     libucrt:qsort.obj
 0002:0000d99c       $chain$5$qsort             000000018003399c     libucrt:qsort.obj
 0002:0000d9ac       $unwind$strpbrk            00000001800339ac     libucrt:strpbrk.obj
 0002:0000d9bc       $unwind$fallbackMethod     00000001800339bc     libucrt:strpbrk.obj
 0002:0000d9cc       $unwind$__acrt_LCMapStringA 00000001800339cc     libucrt:lcmapstringa.obj
 0002:0000d9dc       $unwind$?__acrt_LCMapStringA_stat@@YAHPEAU__crt_locale_pointers@@PEB_WKPEBDHPEADHHH@Z 00000001800339dc     libucrt:lcmapstringa.obj
 0002:0000da04       $unwind$_close             0000000180033a04     libucrt:close.obj
 0002:0000da04       $unwind$_commit            0000000180033a04     libucrt:commit.obj
 0002:0000da0c       $unwind$??$?RV<lambda_a37b2b86f63e897a80ea819b0eb08c01>@@AEAV<lambda_38ce7e780aa69e748d6df282ebc68efe>@@V<lambda_99fb1378e971ab6e7edea83e3a7a83a2>@@@?$__crt_seh_guarded_call@H@@QEAAH$$QEAV<lambda_a37b2b86f63e897a80ea819b0eb08c01>@@AEAV<lambda_38ce7e780aa69e748d6df282ebc68efe>@@$$QEAV<lambda_99fb1378e971ab6e7edea83e3a7a83a2>@@@Z 0000000180033a0c     libucrt:commit.obj
 0002:0000da30       $unwind$_write             0000000180033a30     libucrt:write.obj
 0002:0000da60       $unwind$_write_nolock      0000000180033a60     libucrt:write.obj
 0002:0000da78       $unwind$?write_double_translated_ansi_nolock@@YA?AUwrite_result@?A0x17268360@@HQEBDI@Z 0000000180033a78     libucrt:write.obj
 0002:0000da9c       $unwind$?write_text_ansi_nolock@@YA?AUwrite_result@?A0x17268360@@HQEBDI@Z 0000000180033a9c     libucrt:write.obj
 0002:0000da9c       $unwind$?write_text_utf16le_nolock@@YA?AUwrite_result@?A0x17268360@@HQEBDI@Z 0000000180033a9c     libucrt:write.obj
 0002:0000dabc       $unwind$?write_text_utf8_nolock@@YA?AUwrite_result@?A0x17268360@@HQEBDI@Z 0000000180033abc     libucrt:write.obj
 0002:0000dae0       $xdatasym                  0000000180033ae0     libucrt:log10.obj
 0002:0000daec       $unwind$__acrt_fenv_set_control 0000000180033aec     libucrt:_fenvutils.obj
 0002:0000dafc       $unwind$fclose             0000000180033afc     libucrt:fclose.obj
 0002:0000db20       $unwind$_putwch_nolock     0000000180033b20     libucrt:putwch.obj
 0002:0000db28       $unwind$common_control87   0000000180033b28     libucrt:ieee.obj
 0002:0000db54       $unwind$_call_matherr      0000000180033b54     libucrt:libm_error.obj
 0002:0000db5c       $unwind$_handle_error      0000000180033b5c     libucrt:libm_error.obj
 0002:0000db7c       $unwind$__acrt_initialize_fma3 0000000180033b7c     libucrt:fma3_available.obj
 0002:0000db84       $unwind$_log_special_common 0000000180033b84     libucrt:log_special.obj
 0002:0000db90       $unwind$??$?RV<lambda_751a882b2c74d4b022dec766aa51a29a>@@AEAV<lambda_628dfdc04ba53c8bfc02c9951375f3f5>@@V<lambda_f6c7be5f7998530c34de24c7437d6b54>@@@?$__crt_seh_guarded_call@H@@QEAAH$$QEAV<lambda_751a882b2c74d4b022dec766aa51a29a>@@AEAV<lambda_628dfdc04ba53c8bfc02c9951375f3f5>@@$$QEAV<lambda_f6c7be5f7998530c34de24c7437d6b54>@@@Z 0000000180033b90     libucrt:close.obj
 0002:0000dbb8       $xdatasym                  0000000180033bb8     libucrt:fpsr.obj
 0002:0000dbc0       $unwind$_raise_exc_ex      0000000180033bc0     libucrt:fpexcept.obj
 0002:0000dbd4       $unwind$_ctrlfp            0000000180033bd4     libucrt:fpctrl.obj
 0002:0000dbfc       $unwind$_IsNonwritableInCurrentImage 0000000180033bfc     LIBCMT:pesect.obj
 0002:0000dd80       .edata                     0000000180033d80     OPOSFiscalPrinter.exp
 0002:0000dda8       rgpv                       0000000180033da8     OPOSFiscalPrinter.exp
 0002:0000ddb8       rgszName                   0000000180033db8     OPOSFiscalPrinter.exp
 0002:0000ddc8       rgwOrd                     0000000180033dc8     OPOSFiscalPrinter.exp
 0002:0000ddd0       szName                     0000000180033dd0     OPOSFiscalPrinter.exp
 0002:0000dde6       $N00001                    0000000180033de6     OPOSFiscalPrinter.exp
 0002:0000ddf6       $N00002                    0000000180033df6     OPOSFiscalPrinter.exp
 0002:0000de08       $N00003                    0000000180033e08     OPOSFiscalPrinter.exp
 0002:0000de1a       $N00004                    0000000180033e1a     OPOSFiscalPrinter.exp
 0002:0000e74a       .idata$6                   000000018003474a     kernel32:KERNEL32.dll
 0002:0000e962       .idata$6                   0000000180034962     user32:USER32.dll
 0002:0000ea96       .idata$6                   0000000180034a96     gdi32:GDI32.dll
 0002:0000eb3c       .idata$6                   0000000180034b3c     advapi32:ADVAPI32.dll
 0002:0000ec58       .idata$6                   0000000180034c58     ole32:ole32.dll
 0002:0000ec62       .idata$6                   0000000180034c62     oleaut32:OLEAUT32.dll
 0003:000001c0       ?ObjectMap@@3PAU_ATL_OBJMAP_ENTRY30@ATL@@A 00000001800361c0     FiscalPrinter.obj
 0003:000002e0       ?s_SOMethodNames@@3PAPEADA 00000001800362e0     FiscalPrinterImpl.obj
 0003:00000560       ?s_RequiredMethodsPerRelease@@3PAHA 0000000180036560     FiscalPrinterImpl.obj
 0003:000005c0       ?__vcrt_flsindex@@3KA      00000001800365c0     libvcruntime:per_thread_data.obj
 0003:000005d0       ?errno_no_memory@@3HA      00000001800365d0     libucrt:errno.obj
 0003:000005d4       ?doserrno_no_memory@@3KA   00000001800365d4     libucrt:errno.obj
 0003:000005e0       ?__acrt_flsindex@@3KA      00000001800365e0     libucrt:per_thread_data.obj
 0003:00000aa0       _mbctypes                  0000000180036aa0     libucrt:mbctype.obj
 0003:00000bb0       _mbcasemaps                0000000180036bb0     libucrt:mbctype.obj
 0003:00000cb0       ?__rgctypeflag@@3PADA      0000000180036cb0     libucrt:mbctype.obj
 0003:00000cc0       ?__rgcode_page_info@@3PAUcode_page_info@@A 0000000180036cc0     libucrt:mbctype.obj
 0003:00000f60       ?dazSupported@?1??common_control87@@9@9 0000000180036f60     libucrt:ieee.obj
 0003:00000f70       ?__dcrt_lowio_console_output_handle@@3PEAXEA 0000000180036f70     libucrt:initcon.obj
 0003:00000f80       ?dazSupported@?1??_ctrlfp@@9@9 0000000180036f80     libucrt:fpctrl.obj
 0003:000011d0       ?is_initialized_as_dll@@3_NA 00000001800371d0     LIBCMT:utility.obj
 0003:000011d1       ?module_local_atexit_table_initialized@@3_NA 00000001800371d1     LIBCMT:utility.obj
 0003:000011d8       ?module_local_atexit_table@@3U_onexit_table_t@@A 00000001800371d8     LIBCMT:utility.obj
 0003:000011f0       ?module_local_at_quick_exit_table@@3U_onexit_table_t@@A 00000001800371f0     LIBCMT:utility.obj
 0003:00001208       ?g_tss_cv@@3U_RTL_CONDITION_VARIABLE@@A 0000000180037208     LIBCMT:thread_safe_statics.obj
 0003:00001210       ?g_tss_event@@3PEAXEA      0000000180037210     LIBCMT:thread_safe_statics.obj
 0003:00001218       ?g_tss_mutex@@3U_RTL_CRITICAL_SECTION@@A 0000000180037218     LIBCMT:thread_safe_statics.obj
 0003:00001240       ?g_sleep_condition_variable_cs@@3P6AHPEAU_RTL_CONDITION_VARIABLE@@PEAU_RTL_CRITICAL_SECTION@@K@ZEA 0000000180037240     LIBCMT:thread_safe_statics.obj
 0003:00001248       ?g_wake_all_condition_variable@@3P6AXPEAU_RTL_CONDITION_VARIABLE@@@ZEA 0000000180037248     LIBCMT:thread_safe_statics.obj
 0003:00001250       GS_ExceptionRecord         0000000180037250     LIBCMT:gs_report.obj
 0003:000012f0       GS_ContextRecord           00000001800372f0     LIBCMT:gs_report.obj
 0003:000017c4       ?__proc_attached@@3HA      00000001800377c4     LIBCMT:dll_dllmain.obj
 0003:00001868       ?AllocateData@@3P6APEAUAtlThunkData_t@@XZEA 0000000180037868     atls:atlthunk.obj
 0003:00001870       ?InitData@@3P6AXPEAUAtlThunkData_t@@PEAX_K@ZEA 0000000180037870     atls:atlthunk.obj
 0003:00001878       ?DataToCode@@3P6AP6A_JPEAUHWND__@@I_K_J@ZPEAUAtlThunkData_t@@@ZEA 0000000180037878     atls:atlthunk.obj
 0003:00001880       ?FreeData@@3P6AXPEAUAtlThunkData_t@@@ZEA 0000000180037880     atls:atlthunk.obj
 0003:00001888       ?Initialized@@3_NA         0000000180037888     atls:atlthunk.obj
 0003:000018a0       ?__vcrt_startup_thread_ptd@@3U__vcrt_ptd@@A 00000001800378a0     libvcruntime:per_thread_data.obj
 0003:00001920       __vcrt_lock_table          0000000180037920     libvcruntime:locks.obj
 0003:00001948       __vcrt_locks_initialized   0000000180037948     libvcruntime:locks.obj
 0003:00001990       ?heap@@3V_HeapManager@@A   0000000180037990     libvcruntime:undname.obj
 0003:000019b8       ?module_handles@@3PAPEAUHINSTANCE__@@A 00000001800379b8     libvcruntime:winapi_downlevel.obj
 0003:000019d0       ?function_pointers@@3PAPEAXA 00000001800379d0     libvcruntime:winapi_downlevel.obj
 0003:000019f8       ?__acrt_invalid_parameter_handler@@3V?$dual_state_global@P6AXPEB_W00I_K@Z@__crt_state_management@@A 00000001800379f8     libucrt:invalid_parameter.obj
 0003:00001a00       ?c_termination_complete@@3JA 0000000180037a00     libucrt:exit.obj
 0003:00001a08       ?thread_local_exit_callback_func@@3P6AXPEAXK0@ZEA 0000000180037a08     libucrt:exit.obj
 0003:00001a20       ?program_name@?1???$common_configure_argv@D@@YAHW4_crt_argv_mode@@@Z@4PADA 0000000180037a20     libucrt:argv_parsing.obj
 0003:00001b78       ?__acrt_new_handler@@3V?$dual_state_global@P6AH_K@Z@__crt_state_management@@A 0000000180037b78     libucrt:new_handler.obj
 0003:00001b80       ?module_handles@@3PAPEAUHINSTANCE__@@A 0000000180037b80     libucrt:winapi_thunks.obj
 0003:00001c20       ?encoded_function_pointers@@3PAPEAXA 0000000180037c20     libucrt:winapi_thunks.obj
 0003:00001d30       ?internal_state@?1??_mbtowc_l@@9@4U_Mbstatet@@A 0000000180037d30     libucrt:mbtowc.obj
 0003:00001d48       ?enable_percent_n@@3_KA    0000000180037d48     libucrt:printf_count_output.obj
 0003:00002180       ?__acrt_lock_table@@3PAU_RTL_CRITICAL_SECTION@@A 0000000180038180     libucrt:locks.obj
 0003:000023b0       ?__acrt_locks_initialized@@3IA 00000001800383b0     libucrt:locks.obj
 0003:000023d0       ?fSystemSet@@3HA           00000001800383d0     libucrt:mbctype.obj
 0003:000023d4       ?initialized@?1??__acrt_initialize_multibyte@@9@4_NA 00000001800383d4     libucrt:mbctype.obj
 0003:00002410       ?ctrlc_action@@3V?$dual_state_global@P6AXH@Z@__crt_state_management@@A 0000000180038410     libucrt:signal.obj
 0003:00002418       ?ctrlbreak_action@@3V?$dual_state_global@P6AXH@Z@__crt_state_management@@A 0000000180038418     libucrt:signal.obj
 0003:00002420       ?abort_action@@3V?$dual_state_global@P6AXH@Z@__crt_state_management@@A 0000000180038420     libucrt:signal.obj
 0003:00002428       ?term_action@@3V?$dual_state_global@P6AXH@Z@__crt_state_management@@A 0000000180038428     libucrt:signal.obj
 0003:00002430       ?user_matherr@@3V?$dual_state_global@P6AHPEAU_exception@@@Z@__crt_state_management@@A 0000000180038430     libucrt:matherr.obj
 0003:00002438       ?__acrt_global_new_mode@@3V?$dual_state_global@J@__crt_state_management@@A 0000000180038438     libucrt:new_mode.obj
 0003:00002448       ?internal_pst@?1??__mbrtoc32_utf8@__crt_mbstring@@YA_KPEA_UPEBD_KPEAU_Mbstatet@@@Z@4U3@A 0000000180038448     libucrt:mbrtoc32.obj
 0003:00002450       ?__acrt_app_type@@3W4_crt_app_type@@A 0000000180038450     libucrt:report_runtime_error.obj
 0005:00000000       MoveSmall                  000000018003c000     libvcruntime:memcpy.obj
 0005:00000050       MsetTab                    000000018003c050     libvcruntime:memset.obj
 0006:00000220       $R000000                   000000018003d220     FiscalPrinter.res
 0006:00000bc8       $R0009A8                   000000018003dbc8     FiscalPrinter.res
 0006:00000cb0       $R000A90                   000000018003dcb0     FiscalPrinter.res
 0006:00000f18       $R000CF8                   000000018003df18     FiscalPrinter.res
 0006:000014d0       $R0012B0                   000000018003e4d0     FiscalPrinter.res
 0006:000098d8       $R0096B8                   00000001800468d8     FiscalPrinter.res
 0006:00009918       $R0096F8                   0000000180046918     FiscalPrinter.res
