 OPOSItemDispenser

 Timestamp is 5defa976 (Tue Dec 10 23:19:34 2019)

 Preferred load address is 0000000180000000

 Start         Length     Name                   Class
 0001:00000000 000000c0H .text$di                CODE
 0001:000000c0 0001fd90H .text$mn                CODE
 0001:0001fe50 00000020H .text$mn$00             CODE
 0001:0001fe70 00000490H .text$x                 CODE
 0001:00020300 00000078H .text$yd                CODE
 0002:00000000 00000618H .idata$5                DATA
 0002:00000618 00000010H .00cfg                  DATA
 0002:00000628 00000008H .CRT$XCA                DATA
 0002:00000630 00000008H .CRT$XCL                DATA
 0002:00000638 00000020H .CRT$XCU                DATA
 0002:00000658 00000008H .CRT$XCZ                DATA
 0002:00000660 00000008H .CRT$XIA                DATA
 0002:00000668 00000020H .CRT$XIC                DATA
 0002:00000688 00000008H .CRT$XIZ                DATA
 0002:00000690 00000008H .CRT$XLA                DATA
 0002:00000698 00000008H .CRT$XLZ                DATA
 0002:000006a0 00000008H .CRT$XPA                DATA
 0002:000006a8 00000010H .CRT$XPX                DATA
 0002:000006b8 00000008H .CRT$XPXA               DATA
 0002:000006c0 00000008H .CRT$XPZ                DATA
 0002:000006c8 00000008H .CRT$XTA                DATA
 0002:000006d0 00000010H .CRT$XTZ                DATA
 0002:000006d8 00000000H .gfids$y                DATA
 0002:000006e0 0000a2f8H .rdata                  DATA
 0002:0000a9d8 00000028H .rdata$T                DATA
 0002:0000aa00 00000274H .rdata$r                DATA
 0002:0000ac74 0000040cH .rdata$zzzdbg           DATA
 0002:0000b080 00000008H .rtc$IAA                DATA
 0002:0000b088 00000008H .rtc$IZZ                DATA
 0002:0000b090 00000008H .rtc$TAA                DATA
 0002:0000b098 00000008H .rtc$TZZ                DATA
 0002:0000b0a0 00000004H .tls                    DATA
 0002:0000b0a4 00000004H .tls$                   DATA
 0002:0000b0a8 00000008H .tls$ZZZ                DATA
 0002:0000b0b0 000015f8H .xdata                  DATA
 0002:0000c6a8 00000150H .xdata$x                DATA
 0002:0000c7f8 00000008H ATL$__a                 DATA
 0002:0000c800 00000010H ATL$__z                 DATA
 0002:0000c810 000000b0H .edata                  DATA
 0002:0000c8c0 00000078H .idata$2                DATA
 0002:0000c938 00000018H .idata$3                DATA
 0002:0000c950 00000618H .idata$4                DATA
 0002:0000cf68 00000c24H .idata$6                DATA
 0003:00000000 00000d78H .data                   DATA
 0003:00000d78 000000c8H .data$r                 DATA
 0003:00000e40 0000140cH .bss                    DATA
 0004:00000000 00001df4H .pdata                  DATA
 0005:00000000 00000094H _RDATA                  DATA
 0006:00000000 00000220H .rsrc$01                DATA
 0006:00000220 00003930H .rsrc$02                DATA

  Address         Publics by Value              Rva+Base               Lib:Object

 0000:00000000       __guard_fids_count         0000000000000000     <absolute>
 0000:00000000       __guard_longjmp_count      0000000000000000     <absolute>
 0000:00000000       __hybrid_code_map          0000000000000000     <absolute>
 0000:00000000       __guard_longjmp_table      0000000000000000     <absolute>
 0000:00000000       __guard_iat_count          0000000000000000     <absolute>
 0000:00000000       __volatile_metadata        0000000000000000     <absolute>
 0000:00000000       __guard_iat_table          0000000000000000     <absolute>
 0000:00000000       __hybrid_code_map_count    0000000000000000     <absolute>
 0000:00000000       __enclave_config           0000000000000000     <absolute>
 0000:00000000       ___safe_se_handler_count   0000000000000000     <absolute>
 0000:00000000       __AbsoluteZero             0000000000000000     <absolute>
 0000:00000000       ___safe_se_handler_table   0000000000000000     <absolute>
 0000:00000000       __guard_fids_table         0000000000000000     <absolute>
 0000:00000000       __hybrid_auxiliary_iat     0000000000000000     <absolute>
 0000:00000000       __dynamic_value_reloc_table 0000000000000000     <absolute>
 0000:00000100       __guard_flags              0000000000000100     <absolute>
 0000:00000000       __ImageBase                0000000180000000     <linker-defined>
 0001:000000c0       ?DupWide@_CW@@AEAAXXZ      00000001800010c0 f   CWString.obj
 0001:000000e8       ?cw_dup@@YAXPEBDAEAHAEAPEA_W1@Z 00000001800010e8 f   CWString.obj
 0001:000001c8       ?cw_memcpy@@YAHPEA_WPEBDH@Z 00000001800011c8 f   CWString.obj
 0001:00000214       ?cw_strcpy@@YAHPEA_WPEBD@Z 0000000180001214 f   CWString.obj
 0001:00000228       ??0CAtlComModule@ATL@@QEAA@XZ 0000000180001228 f i OposVariant.obj
 0001:000002a8       ??0CAtlWinModule@ATL@@QEAA@XZ 00000001800012a8 f i OposVariant.obj
 0001:00000314       ??0OposDispParms@@QEAA@PEAVOposVariant@@H@Z 0000000180001314 f   OposVariant.obj
 0001:000003bc       ??1OposDispParms@@QEAA@XZ  00000001800013bc f   OposVariant.obj
 0001:000003d4       ??_Estringdispid@CComTypeInfoHolder@ATL@@QEAAPEAXI@Z 00000001800013d4 f i OposVariant.obj
 0001:00000478       ?AtlWinModuleTerm@ATL@@YAJPEAU_ATL_WIN_MODULE70@1@PEAUHINSTANCE__@@@Z 0000000180001478 f i OposVariant.obj
 0001:00000528       ?ChangeBSTR@OposVariant@@QEAAXPEAPEA_WAEAJ@Z 0000000180001528 f   OposVariant.obj
 0001:00000588       ?ChangeLONG@OposVariant@@QEAAXPEAJAEAJ@Z 0000000180001588 f   OposVariant.obj
 0001:000005e4       ?GetLONG@OposVariant@@QEAAJXZ 00000001800015e4 f   OposVariant.obj
 0001:00000608       ?SetBSTR@OposVariant@@QEAAXPEA_WAEAJ@Z 0000000180001608 f   OposVariant.obj
 0001:00000648       ?SetBSTR_Copy@OposVariant@@QEAAXPEA_WAEAJ@Z 0000000180001648 f   OposVariant.obj
 0001:000006b8       ?SetBSTR_InOutPtr@OposVariant@@QEAA_NPEAPEA_WAEAJ@Z 00000001800016b8 f   OposVariant.obj
 0001:00000708       ?SetDispatch_Ptr@OposVariant@@QEAAXPEAUIDispatch@@AEAJ@Z 0000000180001708 f   OposVariant.obj
 0001:00000760       ?SetLONG@OposVariant@@QEAAXJ@Z 0000000180001760 f   OposVariant.obj
 0001:00000790       ?SetLONG_Ptr@OposVariant@@QEAAXPEAJAEAJ@Z 0000000180001790 f   OposVariant.obj
 0001:000007dc       ?SetString@OposVariant@@QEAAXPEB_WAEAJ@Z 00000001800017dc f   OposVariant.obj
 0001:00000840       ?SetVARIANT_BOOL@OposVariant@@QEAAXF@Z 0000000180001840 f   OposVariant.obj
 0001:00000878       ?Term@CAtlComModule@ATL@@QEAAXXZ 0000000180001878 f i OposVariant.obj
 0001:000008e8       ?_AtlInitializeCriticalSectionEx@ATL@@YAHPEAU_RTL_CRITICAL_SECTION@@KK@Z 00000001800018e8 f i OposVariant.obj
 0001:000008f0       ?_AtlRaiseException@ATL@@YAXKK@Z 00000001800018f0 f i OposVariant.obj
 0001:00000900       ?GetWindowProc@?$CWindowImplBaseT@VCWindow@ATL@@V?$CWinTraits@$0FGAAAAAA@$0A@@2@@ATL@@UEAAP6A_JPEAUHWND__@@I_K_J@ZXZ 0000000180001900 f i ItemDispenser.obj
 0001:00000908       ?StartWindowProc@?$CWindowImplBaseT@VCWindow@ATL@@V?$CWinTraits@$0FGAAAAAA@$0A@@2@@ATL@@SA_JPEAUHWND__@@I_K_J@Z 0000000180001908 f i ItemDispenser.obj
 0001:000009cc       ?ObjectMain@CComObjectRootBase@ATL@@SAX_N@Z 00000001800019cc f i ItemDispenser.obj
 0001:000009cc       ?OnFinalMessage@?$CWindowImplBaseT@VCWindow@ATL@@V?$CWinTraits@$0FGAAAAAA@$0A@@2@@ATL@@UEAAXPEAUHWND__@@@Z 00000001800019cc f i ItemDispenser.obj
 0001:000009cc       _guard_check_icall_nop     00000001800019cc f i LIBCMT:guard_support.obj
 0001:000009d0       ?GetTypeInfoCount@?$IDispatchImpl@UIOPOSItemDispenser@@$1?IID_IOPOSItemDispenser@@3U_GUID@@B$1?LIBID_OposItemDispenser_CCO@@3U3@B$00$0A@VCComTypeInfoHolder@ATL@@@ATL@@UEAAJPEAI@Z 00000001800019d0 f i ItemDispenser.obj
 0001:000009e4       ?GetTypeInfo@?$IDispatchImpl@UIOPOSItemDispenser@@$1?IID_IOPOSItemDispenser@@3U_GUID@@B$1?LIBID_OposItemDispenser_CCO@@3U3@B$00$0A@VCComTypeInfoHolder@ATL@@@ATL@@UEAAJIKPEAPEAUITypeInfo@@@Z 00000001800019e4 f i ItemDispenser.obj
 0001:00000a48       ?GetIDsOfNames@?$IDispatchImpl@UIOPOSItemDispenser@@$1?IID_IOPOSItemDispenser@@3U_GUID@@B$1?LIBID_OposItemDispenser_CCO@@3U3@B$00$0A@VCComTypeInfoHolder@ATL@@@ATL@@UEAAJAEBU_GUID@@PEAPEA_WIKPEAJ@Z 0000000180001a48 f i ItemDispenser.obj
 0001:00000a54       ?Invoke@?$IDispatchImpl@UIOPOSItemDispenser@@$1?IID_IOPOSItemDispenser@@3U_GUID@@B$1?LIBID_OposItemDispenser_CCO@@3U3@B$00$0A@VCComTypeInfoHolder@ATL@@@ATL@@UEAAJJAEBU_GUID@@KGPEAUtagDISPPARAMS@@PEAUtagVARIANT@@PEAUtagEXCEPINFO@@PEAI@Z 0000000180001a54 f i ItemDispenser.obj
 0001:00000ae4       ?CreateControlWindow@?$CComControl@VCOPOSItemDispenser@@V?$CWindowImpl@VCOPOSItemDispenser@@VCWindow@ATL@@V?$CWinTraits@$0FGAAAAAA@$0A@@3@@ATL@@@ATL@@UEAAPEAUHWND__@@PEAU3@AEAUtagRECT@@@Z 0000000180001ae4 f i ItemDispenser.obj
 0001:00000b1c       ?ControlQueryInterface@?$CComControl@VCOPOSItemDispenser@@V?$CWindowImpl@VCOPOSItemDispenser@@VCWindow@ATL@@V?$CWinTraits@$0FGAAAAAA@$0A@@3@@ATL@@@ATL@@UEAAJAEBU_GUID@@PEAPEAX@Z 0000000180001b1c f i ItemDispenser.obj
 0001:00000b30       ?GetClassID@?$IPersistStreamInitImpl@VCOPOSItemDispenser@@@ATL@@UEAAJPEAU_GUID@@@Z 0000000180001b30 f i ItemDispenser.obj
 0001:00000b30       ?GetUserClassID@?$IOleObjectImpl@VCOPOSItemDispenser@@@ATL@@UEAAJPEAU_GUID@@@Z 0000000180001b30 f i ItemDispenser.obj
 0001:00000b30       ?GetClassID@?$IPersistStorageImpl@VCOPOSItemDispenser@@@ATL@@UEAAJPEAU_GUID@@@Z 0000000180001b30 f i ItemDispenser.obj
 0001:00000b4c       ?IsDirty@?$IPersistStreamInitImpl@VCOPOSItemDispenser@@@ATL@@UEAAJXZ 0000000180001b4c f i ItemDispenser.obj
 0001:00000b68       ?Load@?$IPersistStreamInitImpl@VCOPOSItemDispenser@@@ATL@@UEAAJPEAUIStream@@@Z 0000000180001b68 f i ItemDispenser.obj
 0001:00000b80       ?Save@?$IPersistStreamInitImpl@VCOPOSItemDispenser@@@ATL@@UEAAJPEAUIStream@@H@Z 0000000180001b80 f i ItemDispenser.obj
 0001:00000b98       ?GetSizeMax@?$IPersistStreamInitImpl@VCOPOSItemDispenser@@@ATL@@UEAAJPEAT_ULARGE_INTEGER@@@Z 0000000180001b98 f i ItemDispenser.obj
 0001:00000dc4       ?InitNew@?$IPersistStreamInitImpl@VCOPOSItemDispenser@@@ATL@@UEAAJXZ 0000000180001dc4 f i ItemDispenser.obj
 0001:00000ddc       ?GetControlInfo@?$IOleControlImpl@VCOPOSItemDispenser@@@ATL@@UEAAJPEAUtagCONTROLINFO@@@Z 0000000180001ddc f i ItemDispenser.obj
 0001:00000ddc       ?SOErrorDummy@COPOSItemDispenser@@MEAAJJJJPEAJ@Z 0000000180001ddc f i ItemDispenser.obj
 0001:00000ddc       ?Unfreeze@?$IViewObjectExImpl@VCOPOSItemDispenser@@@ATL@@UEAAJK@Z 0000000180001ddc f i ItemDispenser.obj
 0001:00000ddc       ?GetClipboardData@?$IOleObjectImpl@VCOPOSItemDispenser@@@ATL@@UEAAJKPEAPEAUIDataObject@@@Z 0000000180001ddc f i ItemDispenser.obj
 0001:00000ddc       ?ContextSensitiveHelp@?$IOleInPlaceObjectWindowlessImpl@VCOPOSItemDispenser@@@ATL@@UEAAJH@Z 0000000180001ddc f i ItemDispenser.obj
 0001:00000ddc       ?GetRect@?$IViewObjectExImpl@VCOPOSItemDispenser@@@ATL@@UEAAJKPEAU_RECTL@@@Z 0000000180001ddc f i ItemDispenser.obj
 0001:00000ddc       ?GetMoniker@?$IOleObjectImpl@VCOPOSItemDispenser@@@ATL@@UEAAJKKPEAPEAUIMoniker@@@Z 0000000180001ddc f i ItemDispenser.obj
 0001:00000ddc       ?Freeze@?$IViewObjectExImpl@VCOPOSItemDispenser@@@ATL@@UEAAJKJPEAXPEAK@Z 0000000180001ddc f i ItemDispenser.obj
 0001:00000ddc       ?GetDataHere@?$IDataObjectImpl@VCOPOSItemDispenser@@@ATL@@UEAAJPEAUtagFORMATETC@@PEAUtagSTGMEDIUM@@@Z 0000000180001ddc f i ItemDispenser.obj
 0001:00000ddc       ?SetColorScheme@?$IOleObjectImpl@VCOPOSItemDispenser@@@ATL@@UEAAJPEAUtagLOGPALETTE@@@Z 0000000180001ddc f i ItemDispenser.obj
 0001:00000ddc       ?EnumFormatEtc@?$IDataObjectImpl@VCOPOSItemDispenser@@@ATL@@UEAAJKPEAPEAUIEnumFORMATETC@@@Z 0000000180001ddc f i ItemDispenser.obj
 0001:00000ddc       ?SODataDummy@COPOSItemDispenser@@MEAAJJ@Z 0000000180001ddc f i ItemDispenser.obj
 0001:00000ddc       ?ReactivateAndUndo@?$IOleInPlaceObjectWindowlessImpl@VCOPOSItemDispenser@@@ATL@@UEAAJXZ 0000000180001ddc f i ItemDispenser.obj
 0001:00000ddc       ?OnMnemonic@?$IOleControlImpl@VCOPOSItemDispenser@@@ATL@@UEAAJPEAUtagMSG@@@Z 0000000180001ddc f i ItemDispenser.obj
 0001:00000ddc       ?QueryInterface@CRegObject@ATL@@UEAAJAEBU_GUID@@PEAPEAX@Z 0000000180001ddc f i ItemDispenser.obj
 0001:00000ddc       ?QueryGetData@?$IDataObjectImpl@VCOPOSItemDispenser@@@ATL@@UEAAJPEAUtagFORMATETC@@@Z 0000000180001ddc f i ItemDispenser.obj
 0001:00000ddc       ?SOOutputCompleteDummy@COPOSItemDispenser@@MEAAJJ@Z 0000000180001ddc f i ItemDispenser.obj
 0001:00000ddc       ?ContextSensitiveHelp@?$IOleInPlaceActiveObjectImpl@VCOPOSItemDispenser@@@ATL@@UEAAJH@Z 0000000180001ddc f i ItemDispenser.obj
 0001:00000ddc       ?GetColorSet@?$IViewObjectExImpl@VCOPOSItemDispenser@@@ATL@@UEAAJKJPEAXPEAUtagDVTARGETDEVICE@@PEAUHDC__@@PEAPEAUtagLOGPALETTE@@@Z 0000000180001ddc f i ItemDispenser.obj
 0001:00000ddc       ?GetDropTarget@?$IOleInPlaceObjectWindowlessImpl@VCOPOSItemDispenser@@@ATL@@UEAAJPEAPEAUIDropTarget@@@Z 0000000180001ddc f i ItemDispenser.obj
 0001:00000ddc       ?SetData@?$IDataObjectImpl@VCOPOSItemDispenser@@@ATL@@UEAAJPEAUtagFORMATETC@@PEAUtagSTGMEDIUM@@H@Z 0000000180001ddc f i ItemDispenser.obj
 0001:00000ddc       ?InitFromData@?$IOleObjectImpl@VCOPOSItemDispenser@@@ATL@@UEAAJPEAUIDataObject@@HK@Z 0000000180001ddc f i ItemDispenser.obj
 0001:00000ddc       ?GetCanonicalFormatEtc@?$IDataObjectImpl@VCOPOSItemDispenser@@@ATL@@UEAAJPEAUtagFORMATETC@@0@Z 0000000180001ddc f i ItemDispenser.obj
 0001:00000ddc       ?SetMoniker@?$IOleObjectImpl@VCOPOSItemDispenser@@@ATL@@UEAAJKPEAUIMoniker@@@Z 0000000180001ddc f i ItemDispenser.obj
 0001:00000de4       ?SetHostNames@?$IOleObjectImpl@VCOPOSItemDispenser@@@ATL@@UEAAJPEB_W0@Z 0000000180001de4 f i ItemDispenser.obj
 0001:00000de4       ?Release@CRegObject@ATL@@UEAAKXZ 0000000180001de4 f i ItemDispenser.obj
 0001:00000de4       ?OnFrameWindowActivate@?$IOleInPlaceActiveObjectImpl@VCOPOSItemDispenser@@@ATL@@UEAAJH@Z 0000000180001de4 f i ItemDispenser.obj
 0001:00000de4       ?HandsOffStorage@?$IPersistStorageImpl@VCOPOSItemDispenser@@@ATL@@UEAAJXZ 0000000180001de4 f i ItemDispenser.obj
 0001:00000de4       ?SaveCompleted@?$IPersistStorageImpl@VCOPOSItemDispenser@@@ATL@@UEAAJPEAUIStorage@@@Z 0000000180001de4 f i ItemDispenser.obj
 0001:00000de4       ?OnAmbientPropertyChange@?$IOleControlImpl@VCOPOSItemDispenser@@@ATL@@UEAAJJ@Z 0000000180001de4 f i ItemDispenser.obj
 0001:00000de4       ?IsUpToDate@?$IOleObjectImpl@VCOPOSItemDispenser@@@ATL@@UEAAJXZ 0000000180001de4 f i ItemDispenser.obj
 0001:00000de4       ?ResizeBorder@?$IOleInPlaceActiveObjectImpl@VCOPOSItemDispenser@@@ATL@@UEAAJPEBUtagRECT@@PEAUIOleInPlaceUIWindow@@H@Z 0000000180001de4 f i ItemDispenser.obj
 0001:00000de4       ?GetObjectDescription@?$CComCoClass@VCOPOSItemDispenser@@$1?CLSID_OPOSItemDispenser@@3U_GUID@@B@ATL@@SAPEB_WXZ 0000000180001de4 f i ItemDispenser.obj
 0001:00000de4       ?EnableModeless@?$IOleInPlaceActiveObjectImpl@VCOPOSItemDispenser@@@ATL@@UEAAJH@Z 0000000180001de4 f i ItemDispenser.obj
 0001:00000de4       ?Update@?$IOleObjectImpl@VCOPOSItemDispenser@@@ATL@@UEAAJXZ 0000000180001de4 f i ItemDispenser.obj
 0001:00000de4       ?GetCategoryMap@CComObjectRootBase@ATL@@SAPEBU_ATL_CATMAP_ENTRY@2@XZ 0000000180001de4 f i ItemDispenser.obj
 0001:00000de8       ?SetClientSite@?$IOleObjectImpl@VCOPOSItemDispenser@@@ATL@@UEAAJPEAUIOleClientSite@@@Z 0000000180001de8 f i ItemDispenser.obj
 0001:00000e04       ?GetClientSite@?$IOleObjectImpl@VCOPOSItemDispenser@@@ATL@@UEAAJPEAPEAUIOleClientSite@@@Z 0000000180001e04 f i ItemDispenser.obj
 0001:00000e4c       ?Close@?$IOleObjectImpl@VCOPOSItemDispenser@@@ATL@@UEAAJK@Z 0000000180001e4c f i ItemDispenser.obj
 0001:00000e68       ?DoVerb@?$IOleObjectImpl@VCOPOSItemDispenser@@@ATL@@UEAAJJPEAUtagMSG@@PEAUIOleClientSite@@JPEAUHWND__@@PEBUtagRECT@@@Z 0000000180001e68 f i ItemDispenser.obj
 0001:0000100c       ?EnumVerbs@?$IOleObjectImpl@VCOPOSItemDispenser@@@ATL@@UEAAJPEAPEAUIEnumOLEVERB@@@Z 000000018000200c f i ItemDispenser.obj
 0001:00001028       ?GetUserType@?$IOleObjectImpl@VCOPOSItemDispenser@@@ATL@@UEAAJKPEAPEA_W@Z 0000000180002028 f i ItemDispenser.obj
 0001:00001038       ?SetExtent@?$IOleObjectImpl@VCOPOSItemDispenser@@@ATL@@UEAAJKPEAUtagSIZE@@@Z 0000000180002038 f i ItemDispenser.obj
 0001:00001054       ?GetExtent@?$IOleObjectImpl@VCOPOSItemDispenser@@@ATL@@UEAAJKPEAUtagSIZE@@@Z 0000000180002054 f i ItemDispenser.obj
 0001:00001084       ?Advise@?$IOleObjectImpl@VCOPOSItemDispenser@@@ATL@@UEAAJPEAUIAdviseSink@@PEAK@Z 0000000180002084 f i ItemDispenser.obj
 0001:000010e0       ?Unadvise@?$IOleObjectImpl@VCOPOSItemDispenser@@@ATL@@UEAAJK@Z 00000001800020e0 f i ItemDispenser.obj
 0001:00001118       ?EnumAdvise@?$IOleObjectImpl@VCOPOSItemDispenser@@@ATL@@UEAAJPEAPEAUIEnumSTATDATA@@@Z 0000000180002118 f i ItemDispenser.obj
 0001:00001160       ?GetMiscStatus@?$IOleObjectImpl@VCOPOSItemDispenser@@@ATL@@UEAAJKPEAK@Z 0000000180002160 f i ItemDispenser.obj
 0001:00001170       ?GetWindow@?$IOleInPlaceActiveObjectImpl@VCOPOSItemDispenser@@@ATL@@UEAAJPEAPEAUHWND__@@@Z 0000000180002170 f i ItemDispenser.obj
 0001:000011c4       ?TranslateAcceleratorW@?$IOleInPlaceActiveObjectImpl@VCOPOSItemDispenser@@@ATL@@UEAAJPEAUtagMSG@@@Z 00000001800021c4 f i ItemDispenser.obj
 0001:000012b8       ?OnDocWindowActivate@?$IOleInPlaceActiveObjectImpl@VCOPOSItemDispenser@@@ATL@@UEAAJH@Z 00000001800022b8 f i ItemDispenser.obj
 0001:000012e4       ?Draw@?$IViewObjectExImpl@VCOPOSItemDispenser@@@ATL@@UEAAJKJPEAXPEAUtagDVTARGETDEVICE@@PEAUHDC__@@2PEBU_RECTL@@3P6AH_K@Z4@Z 00000001800022e4 f i ItemDispenser.obj
 0001:00001348       ?SetAdvise@?$IViewObjectExImpl@VCOPOSItemDispenser@@@ATL@@UEAAJKKPEAUIAdviseSink@@@Z 0000000180002348 f i ItemDispenser.obj
 0001:0000139c       ?GetAdvise@?$IViewObjectExImpl@VCOPOSItemDispenser@@@ATL@@UEAAJPEAK0PEAPEAUIAdviseSink@@@Z 000000018000239c f i ItemDispenser.obj
 0001:000013d8       ?GetExtent@?$IViewObjectExImpl@VCOPOSItemDispenser@@@ATL@@UEAAJKJPEAUtagDVTARGETDEVICE@@PEAUtagSIZE@@@Z 00000001800023d8 f i ItemDispenser.obj
 0001:00001408       ?GetViewStatus@?$IViewObjectExImpl@VCOPOSItemDispenser@@@ATL@@UEAAJPEAK@Z 0000000180002408 f i ItemDispenser.obj
 0001:0000141c       ?QueryHitPoint@?$IViewObjectExImpl@VCOPOSItemDispenser@@@ATL@@UEAAJKPEBUtagRECT@@UtagPOINT@@JPEAK@Z 000000018000241c f i ItemDispenser.obj
 0001:00001460       ?QueryHitRect@?$IViewObjectExImpl@VCOPOSItemDispenser@@@ATL@@UEAAJKPEBUtagRECT@@0JPEAK@Z 0000000180002460 f i ItemDispenser.obj
 0001:000014c8       ?GetNaturalExtent@?$IViewObjectExImpl@VCOPOSItemDispenser@@@ATL@@UEAAJKJPEAUtagDVTARGETDEVICE@@PEAUHDC__@@PEAUtagExtentInfo@@PEAUtagSIZE@@@Z 00000001800024c8 f i ItemDispenser.obj
 0001:00001510       ?GetWindow@?$IOleInPlaceObjectWindowlessImpl@VCOPOSItemDispenser@@@ATL@@UEAAJPEAPEAUHWND__@@@Z 0000000180002510 f i ItemDispenser.obj
 0001:00001564       ?InPlaceDeactivate@?$IOleInPlaceObjectWindowlessImpl@VCOPOSItemDispenser@@@ATL@@UEAAJXZ 0000000180002564 f i ItemDispenser.obj
 0001:00001580       ?UIDeactivate@?$IOleInPlaceObjectWindowlessImpl@VCOPOSItemDispenser@@@ATL@@UEAAJXZ 0000000180002580 f i ItemDispenser.obj
 0001:0000159c       ?SetObjectRects@?$IOleInPlaceObjectWindowlessImpl@VCOPOSItemDispenser@@@ATL@@UEAAJPEBUtagRECT@@0@Z 000000018000259c f i ItemDispenser.obj
 0001:000015b8       ?OnWindowMessage@?$IOleInPlaceObjectWindowlessImpl@VCOPOSItemDispenser@@@ATL@@UEAAJI_K_JPEA_J@Z 00000001800025b8 f i ItemDispenser.obj
 0001:00001680       ?EnumConnectionPoints@?$IConnectionPointContainerImpl@VCOPOSItemDispenser@@@ATL@@UEAAJPEAPEAUIEnumConnectionPoints@@@Z 0000000180002680 f i ItemDispenser.obj
 0001:000018c4       ?FindConnectionPoint@?$IConnectionPointContainerImpl@VCOPOSItemDispenser@@@ATL@@UEAAJAEBU_GUID@@PEAPEAUIConnectionPoint@@@Z 00000001800028c4 f i ItemDispenser.obj
 0001:00001994       ?IsDirty@?$IPersistStorageImpl@VCOPOSItemDispenser@@@ATL@@UEAAJXZ 0000000180002994 f i ItemDispenser.obj
 0001:000019d8       ?InitNew@?$IPersistStorageImpl@VCOPOSItemDispenser@@@ATL@@UEAAJPEAUIStorage@@@Z 00000001800029d8 f i ItemDispenser.obj
 0001:00001a1c       ?Load@?$IPersistStorageImpl@VCOPOSItemDispenser@@@ATL@@UEAAJPEAUIStorage@@@Z 0000000180002a1c f i ItemDispenser.obj
 0001:00001abc       ?Save@?$IPersistStorageImpl@VCOPOSItemDispenser@@@ATL@@UEAAJPEAUIStorage@@H@Z 0000000180002abc f i ItemDispenser.obj
 0001:00001b6c       ?GetPages@?$ISpecifyPropertyPagesImpl@VCOPOSItemDispenser@@@ATL@@UEAAJPEAUtagCAUUID@@@Z 0000000180002b6c f i ItemDispenser.obj
 0001:00001b78       ?QuickActivate@?$IQuickActivateImpl@VCOPOSItemDispenser@@@ATL@@UEAAJPEAUtagQACONTAINER@@PEAUtagQACONTROL@@@Z 0000000180002b78 f i ItemDispenser.obj
 0001:00001b94       ?SetContentExtent@?$IQuickActivateImpl@VCOPOSItemDispenser@@@ATL@@UEAAJPEAUtagSIZE@@@Z 0000000180002b94 f i ItemDispenser.obj
 0001:00001bc8       ?GetContentExtent@?$IQuickActivateImpl@VCOPOSItemDispenser@@@ATL@@UEAAJPEAUtagSIZE@@@Z 0000000180002bc8 f i ItemDispenser.obj
 0001:00001c00       ?GetData@?$IDataObjectImpl@VCOPOSItemDispenser@@@ATL@@UEAAJPEAUtagFORMATETC@@PEAUtagSTGMEDIUM@@@Z 0000000180002c00 f i ItemDispenser.obj
 0001:00001c1c       ?DAdvise@?$IDataObjectImpl@VCOPOSItemDispenser@@@ATL@@UEAAJPEAUtagFORMATETC@@KPEAUIAdviseSink@@PEAK@Z 0000000180002c1c f i ItemDispenser.obj
 0001:00001ca4       ?DUnadvise@?$IDataObjectImpl@VCOPOSItemDispenser@@@ATL@@UEAAJK@Z 0000000180002ca4 f i ItemDispenser.obj
 0001:00001cd0       ?EnumDAdvise@?$IDataObjectImpl@VCOPOSItemDispenser@@@ATL@@UEAAJPEAPEAUIEnumSTATDATA@@@Z 0000000180002cd0 f i ItemDispenser.obj
 0001:00001d0c       ?GetClassInfoW@?$IProvideClassInfo2Impl@$1?CLSID_OPOSItemDispenser@@3U_GUID@@B$1?DIID__IOPOSItemDispenserEvents@@3U2@B$1?LIBID_OposItemDispenser_CCO@@3U2@B$00$0A@VCComTypeInfoHolder@ATL@@@ATL@@UEAAJPEAPEAUITypeInfo@@@Z 0000000180002d0c f i ItemDispenser.obj
 0001:00001d64       ?GetGUID@?$IProvideClassInfo2Impl@$1?CLSID_OPOSItemDispenser@@3U_GUID@@B$1?DIID__IOPOSItemDispenserEvents@@3U2@B$1?LIBID_OposItemDispenser_CCO@@3U2@B$00$0A@VCComTypeInfoHolder@ATL@@@ATL@@UEAAJKPEAU_GUID@@@Z 0000000180002d64 f i ItemDispenser.obj
 0001:00001d98       ?AddRef@CRegObject@ATL@@UEAAKXZ 0000000180002d98 f i ItemDispenser.obj
 0001:00001d98       _get_startup_argv_mode     0000000180002d98 f i LIBCMT:argv_mode.obj
 0001:00001d98       ?FAccessAllowed@?$IObjectSafetyImpl@VCOPOSItemDispenser@@$02@ATL@@MEAAHXZ 0000000180002d98 f i ItemDispenser.obj
 0001:00001da0       ?GetInterfaceSafetyOptions@?$IObjectSafetyImpl@VCOPOSItemDispenser@@$02@ATL@@UEAAJAEBU_GUID@@PEAK1@Z 0000000180002da0 f i ItemDispenser.obj
 0001:00001e34       ?SetInterfaceSafetyOptions@?$IObjectSafetyImpl@VCOPOSItemDispenser@@$02@ATL@@UEAAJAEBU_GUID@@KK@Z 0000000180002e34 f i ItemDispenser.obj
 0001:00001ed8       ?_LocCPQueryInterface@?$IConnectionPointImpl@VCOPOSItemDispenser@@$1?IID_IPropertyNotifySink@@3U_GUID@@BVCComDynamicUnkArray@ATL@@@ATL@@UEAAJAEBU_GUID@@PEAPEAX@Z 0000000180002ed8 f i ItemDispenser.obj
 0001:00001ed8       ?_LocCPQueryInterface@?$IConnectionPointImpl@VCOPOSItemDispenser@@$1?DIID__IOPOSItemDispenserEvents@@3U_GUID@@BVCComDynamicUnkArray@ATL@@@ATL@@UEAAJAEBU_GUID@@PEAPEAX@Z 0000000180002ed8 f i ItemDispenser.obj
 0001:00001f4c       ?GetConnectionInterface@?$IConnectionPointImpl@VCOPOSItemDispenser@@$1?IID_IPropertyNotifySink@@3U_GUID@@BVCComDynamicUnkArray@ATL@@@ATL@@UEAAJPEAU_GUID@@@Z 0000000180002f4c f i ItemDispenser.obj
 0001:00001f68       ?GetConnectionPointContainer@?$IConnectionPointImpl@VCOPOSItemDispenser@@$1?IID_IPropertyNotifySink@@3U_GUID@@BVCComDynamicUnkArray@ATL@@@ATL@@UEAAJPEAPEAUIConnectionPointContainer@@@Z 0000000180002f68 f i ItemDispenser.obj
 0001:00001f88       ?Advise@?$IConnectionPointImpl@VCOPOSItemDispenser@@$1?DIID__IOPOSItemDispenserEvents@@3U_GUID@@BVCComDynamicUnkArray@ATL@@@ATL@@UEAAJPEAUIUnknown@@PEAK@Z 0000000180002f88 f i ItemDispenser.obj
 0001:00001f88       ?Advise@?$IConnectionPointImpl@VCOPOSItemDispenser@@$1?IID_IPropertyNotifySink@@3U_GUID@@BVCComDynamicUnkArray@ATL@@@ATL@@UEAAJPEAUIUnknown@@PEAK@Z 0000000180002f88 f i ItemDispenser.obj
 0001:00002048       ?Unadvise@?$IConnectionPointImpl@VCOPOSItemDispenser@@$1?DIID__IOPOSItemDispenserEvents@@3U_GUID@@BVCComDynamicUnkArray@ATL@@@ATL@@UEAAJK@Z 0000000180003048 f i ItemDispenser.obj
 0001:00002048       ?Unadvise@?$IConnectionPointImpl@VCOPOSItemDispenser@@$1?IID_IPropertyNotifySink@@3U_GUID@@BVCComDynamicUnkArray@ATL@@@ATL@@UEAAJK@Z 0000000180003048 f i ItemDispenser.obj
 0001:000020c4       ?EnumConnections@?$IConnectionPointImpl@VCOPOSItemDispenser@@$1?DIID__IOPOSItemDispenserEvents@@3U_GUID@@BVCComDynamicUnkArray@ATL@@@ATL@@UEAAJPEAPEAUIEnumConnections@@@Z 00000001800030c4 f i ItemDispenser.obj
 0001:000020c4       ?EnumConnections@?$IConnectionPointImpl@VCOPOSItemDispenser@@$1?IID_IPropertyNotifySink@@3U_GUID@@BVCComDynamicUnkArray@ATL@@@ATL@@UEAAJPEAPEAUIEnumConnections@@@Z 00000001800030c4 f i ItemDispenser.obj
 0001:0000227c       ?GetConnectionInterface@?$IConnectionPointImpl@VCOPOSItemDispenser@@$1?DIID__IOPOSItemDispenserEvents@@3U_GUID@@BVCComDynamicUnkArray@ATL@@@ATL@@UEAAJPEAU_GUID@@@Z 000000018000327c f i ItemDispenser.obj
 0001:00002298       ?GetConnectionPointContainer@?$IConnectionPointImpl@VCOPOSItemDispenser@@$1?DIID__IOPOSItemDispenserEvents@@3U_GUID@@BVCComDynamicUnkArray@ATL@@@ATL@@UEAAJPEAPEAUIConnectionPointContainer@@@Z 0000000180003298 f i ItemDispenser.obj
 0001:000022b8       ?UpdateRegistry@COPOSItemDispenser@@SAJH@Z 00000001800032b8 f i ItemDispenser.obj
 0001:000022d0       ?ProcessWindowMessage@COPOSItemDispenser@@UEAAHPEAUHWND__@@I_K_JAEA_JK@Z 00000001800032d0 f i ItemDispenser.obj
 0001:00002358       ?SODirectIO@COPOSItemDispenser@@MEAAJJPEAJPEAPEA_W@Z 0000000180003358 f i ItemDispenser.obj
 0001:000023d0       ?SOStatusUpdate@COPOSItemDispenser@@MEAAJJ@Z 00000001800033d0 f i ItemDispenser.obj
 0001:00002420       ?Lock@CAtlModule@ATL@@UEAAJXZ 0000000180003420 f i ItemDispenser.obj
 0001:00002430       ?Unlock@CAtlModule@ATL@@UEAAJXZ 0000000180003430 f i ItemDispenser.obj
 0001:0000243c       ?GetLockCount@CAtlModule@ATL@@UEAAJXZ 000000018000343c f i ItemDispenser.obj
 0001:00002440       ?CreateInstance@?$CComCreator@V?$CComObjectCached@VCComClassFactory@ATL@@@ATL@@@ATL@@SAJPEAXAEBU_GUID@@PEAPEAX@Z 0000000180003440 f i ItemDispenser.obj
 0001:0000256c       ?GetGITPtr@CAtlModule@ATL@@UEAAJPEAPEAUIGlobalInterfaceTable@@@Z 000000018000356c f i ItemDispenser.obj
 0001:000025dc       ?CreateInstance@?$CComCreator2@V?$CComCreator@V?$CComObject@VCOPOSItemDispenser@@@ATL@@@ATL@@V?$CComCreator@V?$CComAggObject@VCOPOSItemDispenser@@@ATL@@@2@@ATL@@SAJPEAXAEBU_GUID@@PEAPEAX@Z 00000001800035dc f i ItemDispenser.obj
 0001:000025ec       ?AddRef@?$CComObjectCached@VCComClassFactory@ATL@@@ATL@@UEAAKXZ 00000001800035ec f i ItemDispenser.obj
 0001:00002618       ?Release@?$CComObjectCached@VCComClassFactory@ATL@@@ATL@@UEAAKXZ 0000000180003618 f i ItemDispenser.obj
 0001:00002658       ?QueryInterface@?$CComObjectCached@VCComClassFactory@ATL@@@ATL@@UEAAJAEBU_GUID@@PEAPEAX@Z 0000000180003658 f i ItemDispenser.obj
 0001:0000266c       ??_G?$CComObjectCached@VCComClassFactory@ATL@@@ATL@@UEAAPEAXI@Z 000000018000366c f i ItemDispenser.obj
 0001:0000266c       ??_E?$CComObjectCached@VCComClassFactory@ATL@@@ATL@@UEAAPEAXI@Z 000000018000366c f i ItemDispenser.obj
 0001:000026c4       ?AddCommonRGSReplacements@?$CAtlModuleT@VCComModule@ATL@@@ATL@@UEAAJPEAUIRegistrarBase@@@Z 00000001800036c4 f i ItemDispenser.obj
 0001:000026dc       ?UpdateRegistryFromResourceD@CComModule@ATL@@UEAAJIHPEAU_ATL_REGMAP_ENTRY@2@@Z 00000001800036dc f i ItemDispenser.obj
 0001:000026dc       ?UpdateRegistryFromResourceD@CComModule@ATL@@UEAAJPEB_WHPEAU_ATL_REGMAP_ENTRY@2@@Z 00000001800036dc f i ItemDispenser.obj
 0001:000026e4       ?UpdateRegistryFromResource@CComModule@ATL@@UEAAJPEB_WHPEAU_ATL_REGMAP_ENTRY@2@@Z 00000001800036e4 f i ItemDispenser.obj
 0001:000026ec       ?UpdateRegistryFromResource@CComModule@ATL@@UEAAJIHPEAU_ATL_REGMAP_ENTRY@2@@Z 00000001800036ec f i ItemDispenser.obj
 0001:000026f4       ?Next@?$CComEnumImpl@UIEnumConnectionPoints@@$1?_GUID_b196b285_bab4_101a_b69c_00aa00341d07@@3U__s_GUID@@BPEAUIConnectionPoint@@V?$_CopyInterface@UIConnectionPoint@@@ATL@@@ATL@@UEAAJKPEAPEAUIConnectionPoint@@PEAK@Z 00000001800036f4 f i ItemDispenser.obj
 0001:000027c0       ?Skip@?$CComEnumImpl@UIEnumConnectionPoints@@$1?_GUID_b196b285_bab4_101a_b69c_00aa00341d07@@3U__s_GUID@@BPEAUIConnectionPoint@@V?$_CopyInterface@UIConnectionPoint@@@ATL@@@ATL@@UEAAJK@Z 00000001800037c0 f i ItemDispenser.obj
 0001:000027ec       ?Reset@?$CComEnumImpl@UIEnumConnections@@$1?_GUID_b196b287_bab4_101a_b69c_00aa00341d07@@3U__s_GUID@@BUtagCONNECTDATA@@V?$_Copy@UtagCONNECTDATA@@@ATL@@@ATL@@UEAAJXZ 00000001800037ec f i ItemDispenser.obj
 0001:000027ec       ?Reset@?$CComEnumImpl@UIEnumConnectionPoints@@$1?_GUID_b196b285_bab4_101a_b69c_00aa00341d07@@3U__s_GUID@@BPEAUIConnectionPoint@@V?$_CopyInterface@UIConnectionPoint@@@ATL@@@ATL@@UEAAJXZ 00000001800037ec f i ItemDispenser.obj
 0001:000027f8       ?Clone@?$CComEnumImpl@UIEnumConnectionPoints@@$1?_GUID_b196b285_bab4_101a_b69c_00aa00341d07@@3U__s_GUID@@BPEAUIConnectionPoint@@V?$_CopyInterface@UIConnectionPoint@@@ATL@@@ATL@@UEAAJPEAPEAUIEnumConnectionPoints@@@Z 00000001800037f8 f i ItemDispenser.obj
 0001:00002924       ??_GCComModule@ATL@@UEAAPEAXI@Z 0000000180003924 f i ItemDispenser.obj
 0001:00002924       ??_ECComModule@ATL@@UEAAPEAXI@Z 0000000180003924 f i ItemDispenser.obj
 0001:00002964       ?AddRef@?$CComObject@V?$CComEnum@UIEnumConnectionPoints@@$1?_GUID_b196b285_bab4_101a_b69c_00aa00341d07@@3U__s_GUID@@BPEAUIConnectionPoint@@V?$_CopyInterface@UIConnectionPoint@@@ATL@@VCComSingleThreadModel@6@@ATL@@@ATL@@UEAAKXZ 0000000180003964 f i ItemDispenser.obj
 0001:00002964       ?AddRef@?$CComObject@V?$CComEnum@UIEnumConnections@@$1?_GUID_b196b287_bab4_101a_b69c_00aa00341d07@@3U__s_GUID@@BUtagCONNECTDATA@@V?$_Copy@UtagCONNECTDATA@@@ATL@@VCComSingleThreadModel@6@@ATL@@@ATL@@UEAAKXZ 0000000180003964 f i ItemDispenser.obj
 0001:00002970       ?Release@?$CComObject@V?$CComEnum@UIEnumConnections@@$1?_GUID_b196b287_bab4_101a_b69c_00aa00341d07@@3U__s_GUID@@BUtagCONNECTDATA@@V?$_Copy@UtagCONNECTDATA@@@ATL@@VCComSingleThreadModel@6@@ATL@@@ATL@@UEAAKXZ 0000000180003970 f i ItemDispenser.obj
 0001:00002970       ?Release@?$CComObject@V?$CComEnum@UIEnumConnectionPoints@@$1?_GUID_b196b285_bab4_101a_b69c_00aa00341d07@@3U__s_GUID@@BPEAUIConnectionPoint@@V?$_CopyInterface@UIConnectionPoint@@@ATL@@VCComSingleThreadModel@6@@ATL@@@ATL@@UEAAKXZ 0000000180003970 f i ItemDispenser.obj
 0001:000029c4       ?QueryInterface@?$CComObject@V?$CComEnum@UIEnumConnectionPoints@@$1?_GUID_b196b285_bab4_101a_b69c_00aa00341d07@@3U__s_GUID@@BPEAUIConnectionPoint@@V?$_CopyInterface@UIConnectionPoint@@@ATL@@VCComSingleThreadModel@6@@ATL@@@ATL@@UEAAJAEBU_GUID@@PEAPEAX@Z 00000001800039c4 f i ItemDispenser.obj
 0001:000029d8       ??_G?$CComObject@V?$CComEnum@UIEnumConnectionPoints@@$1?_GUID_b196b285_bab4_101a_b69c_00aa00341d07@@3U__s_GUID@@BPEAUIConnectionPoint@@V?$_CopyInterface@UIConnectionPoint@@@ATL@@VCComSingleThreadModel@6@@ATL@@@ATL@@UEAAPEAXI@Z 00000001800039d8 f i ItemDispenser.obj
 0001:000029d8       ??_E?$CComObject@V?$CComEnum@UIEnumConnectionPoints@@$1?_GUID_b196b285_bab4_101a_b69c_00aa00341d07@@3U__s_GUID@@BPEAUIConnectionPoint@@V?$_CopyInterface@UIConnectionPoint@@@ATL@@VCComSingleThreadModel@6@@ATL@@@ATL@@UEAAPEAXI@Z 00000001800039d8 f i ItemDispenser.obj
 0001:00002a30       ?AddReplacement@CRegObject@ATL@@UEAAJPEB_W0@Z 0000000180003a30 f i ItemDispenser.obj
 0001:00002a60       ?ClearReplacements@CRegObject@ATL@@UEAAJXZ 0000000180003a60 f i ItemDispenser.obj
 0001:00002a6c       ??_GCRegObject@ATL@@UEAAPEAXI@Z 0000000180003a6c f i ItemDispenser.obj
 0001:00002a6c       ??_ECRegObject@ATL@@UEAAPEAXI@Z 0000000180003a6c f i ItemDispenser.obj
 0001:00002aec       ?AddRef@?$CComAggObject@VCOPOSItemDispenser@@@ATL@@UEAAKXZ 0000000180003aec f i ItemDispenser.obj
 0001:00002af8       ?Release@?$CComAggObject@VCOPOSItemDispenser@@@ATL@@UEAAKXZ 0000000180003af8 f i ItemDispenser.obj
 0001:00002b4c       ?QueryInterface@?$CComAggObject@VCOPOSItemDispenser@@@ATL@@UEAAJAEBU_GUID@@PEAPEAX@Z 0000000180003b4c f i ItemDispenser.obj
 0001:00002bac       ?AddRef@?$CComContainedObject@VCOPOSItemDispenser@@@ATL@@UEAAKXZ 0000000180003bac f i ItemDispenser.obj
 0001:00002bbc       ?Release@?$CComContainedObject@VCOPOSItemDispenser@@@ATL@@UEAAKXZ 0000000180003bbc f i ItemDispenser.obj
 0001:00002bcc       ?QueryInterface@?$CComContainedObject@VCOPOSItemDispenser@@@ATL@@UEAAJAEBU_GUID@@PEAPEAX@Z 0000000180003bcc f i ItemDispenser.obj
 0001:00002bdc       ??_G?$CComAggObject@VCOPOSItemDispenser@@@ATL@@UEAAPEAXI@Z 0000000180003bdc f i ItemDispenser.obj
 0001:00002bdc       ??_E?$CComAggObject@VCOPOSItemDispenser@@@ATL@@UEAAPEAXI@Z 0000000180003bdc f i ItemDispenser.obj
 0001:00002c34       ?AddRef@?$CComObject@VCOPOSItemDispenser@@@ATL@@UEAAKXZ 0000000180003c34 f i ItemDispenser.obj
 0001:00002c44       ?Release@?$CComObject@VCOPOSItemDispenser@@@ATL@@UEAAKXZ 0000000180003c44 f i ItemDispenser.obj
 0001:00002c9c       ?QueryInterface@?$CComObject@VCOPOSItemDispenser@@@ATL@@UEAAJAEBU_GUID@@PEAPEAX@Z 0000000180003c9c f i ItemDispenser.obj
 0001:00002cb0       ?OnDrawAdvanced@CComControlBase@ATL@@UEAAJAEAUATL_DRAWINFO@@@Z 0000000180003cb0 f i ItemDispenser.obj
 0001:00002e3c       ?Next@?$CComEnumImpl@UIEnumConnections@@$1?_GUID_b196b287_bab4_101a_b69c_00aa00341d07@@3U__s_GUID@@BUtagCONNECTDATA@@V?$_Copy@UtagCONNECTDATA@@@ATL@@@ATL@@UEAAJKPEAUtagCONNECTDATA@@PEAK@Z 0000000180003e3c f i ItemDispenser.obj
 0001:00002f10       ?Skip@?$CComEnumImpl@UIEnumConnections@@$1?_GUID_b196b287_bab4_101a_b69c_00aa00341d07@@3U__s_GUID@@BUtagCONNECTDATA@@V?$_Copy@UtagCONNECTDATA@@@ATL@@@ATL@@UEAAJK@Z 0000000180003f10 f i ItemDispenser.obj
 0001:00002f3c       ?Clone@?$CComEnumImpl@UIEnumConnections@@$1?_GUID_b196b287_bab4_101a_b69c_00aa00341d07@@3U__s_GUID@@BUtagCONNECTDATA@@V?$_Copy@UtagCONNECTDATA@@@ATL@@@ATL@@UEAAJPEAPEAUIEnumConnections@@@Z 0000000180003f3c f i ItemDispenser.obj
 0001:00003068       ?QueryInterface@?$CComObject@V?$CComEnum@UIEnumConnections@@$1?_GUID_b196b287_bab4_101a_b69c_00aa00341d07@@3U__s_GUID@@BUtagCONNECTDATA@@V?$_Copy@UtagCONNECTDATA@@@ATL@@VCComSingleThreadModel@6@@ATL@@@ATL@@UEAAJAEBU_GUID@@PEAPEAX@Z 0000000180004068 f i ItemDispenser.obj
 0001:0000307c       ??_G?$CComObject@V?$CComEnum@UIEnumConnections@@$1?_GUID_b196b287_bab4_101a_b69c_00aa00341d07@@3U__s_GUID@@BUtagCONNECTDATA@@V?$_Copy@UtagCONNECTDATA@@@ATL@@VCComSingleThreadModel@6@@ATL@@@ATL@@UEAAPEAXI@Z 000000018000407c f i ItemDispenser.obj
 0001:0000307c       ??_E?$CComObject@V?$CComEnum@UIEnumConnections@@$1?_GUID_b196b287_bab4_101a_b69c_00aa00341d07@@3U__s_GUID@@BUtagCONNECTDATA@@V?$_Copy@UtagCONNECTDATA@@@ATL@@VCComSingleThreadModel@6@@ATL@@@ATL@@UEAAPEAXI@Z 000000018000407c f i ItemDispenser.obj
 0001:000030d4       ??_E?$CComObject@VCOPOSItemDispenser@@@ATL@@W7EAAPEAXI@Z 00000001800040d4 f i ItemDispenser.obj
 0001:000030e0       ??_E?$CComObject@VCOPOSItemDispenser@@@ATL@@WHA@EAAPEAXI@Z 00000001800040e0 f i ItemDispenser.obj
 0001:000030ec       ?QueryInterface@?$CComObject@VCOPOSItemDispenser@@@ATL@@WLI@EAAJAEBU_GUID@@PEAPEAX@Z 00000001800040ec f i ItemDispenser.obj
 0001:000030f8       ?AddRef@?$CComObject@VCOPOSItemDispenser@@@ATL@@WLI@EAAKXZ 00000001800040f8 f i ItemDispenser.obj
 0001:00003104       ?Release@?$CComObject@VCOPOSItemDispenser@@@ATL@@WLI@EAAKXZ 0000000180004104 f i ItemDispenser.obj
 0001:00003110       ?QueryInterface@?$CComObject@VCOPOSItemDispenser@@@ATL@@WMA@EAAJAEBU_GUID@@PEAPEAX@Z 0000000180004110 f i ItemDispenser.obj
 0001:0000311c       ?AddRef@?$CComObject@VCOPOSItemDispenser@@@ATL@@WMA@EAAKXZ 000000018000411c f i ItemDispenser.obj
 0001:00003128       ?Release@?$CComObject@VCOPOSItemDispenser@@@ATL@@WMA@EAAKXZ 0000000180004128 f i ItemDispenser.obj
 0001:00003134       ?QueryInterface@?$CComObject@VCOPOSItemDispenser@@@ATL@@WMI@EAAJAEBU_GUID@@PEAPEAX@Z 0000000180004134 f i ItemDispenser.obj
 0001:00003140       ?AddRef@?$CComObject@VCOPOSItemDispenser@@@ATL@@WMI@EAAKXZ 0000000180004140 f i ItemDispenser.obj
 0001:0000314c       ?Release@?$CComObject@VCOPOSItemDispenser@@@ATL@@WMI@EAAKXZ 000000018000414c f i ItemDispenser.obj
 0001:00003158       ?QueryInterface@?$CComObject@VCOPOSItemDispenser@@@ATL@@WNA@EAAJAEBU_GUID@@PEAPEAX@Z 0000000180004158 f i ItemDispenser.obj
 0001:00003164       ?AddRef@?$CComObject@VCOPOSItemDispenser@@@ATL@@WNA@EAAKXZ 0000000180004164 f i ItemDispenser.obj
 0001:00003170       ?Release@?$CComObject@VCOPOSItemDispenser@@@ATL@@WNA@EAAKXZ 0000000180004170 f i ItemDispenser.obj
 0001:0000317c       ?QueryInterface@?$CComObject@VCOPOSItemDispenser@@@ATL@@WNI@EAAJAEBU_GUID@@PEAPEAX@Z 000000018000417c f i ItemDispenser.obj
 0001:00003188       ?AddRef@?$CComObject@VCOPOSItemDispenser@@@ATL@@WNI@EAAKXZ 0000000180004188 f i ItemDispenser.obj
 0001:00003194       ?Release@?$CComObject@VCOPOSItemDispenser@@@ATL@@WNI@EAAKXZ 0000000180004194 f i ItemDispenser.obj
 0001:000031a0       ?QueryInterface@?$CComObject@VCOPOSItemDispenser@@@ATL@@WOA@EAAJAEBU_GUID@@PEAPEAX@Z 00000001800041a0 f i ItemDispenser.obj
 0001:000031ac       ?AddRef@?$CComObject@VCOPOSItemDispenser@@@ATL@@WOA@EAAKXZ 00000001800041ac f i ItemDispenser.obj
 0001:000031b8       ?Release@?$CComObject@VCOPOSItemDispenser@@@ATL@@WOA@EAAKXZ 00000001800041b8 f i ItemDispenser.obj
 0001:000031c4       ?QueryInterface@?$CComObject@VCOPOSItemDispenser@@@ATL@@WOI@EAAJAEBU_GUID@@PEAPEAX@Z 00000001800041c4 f i ItemDispenser.obj
 0001:000031d0       ?AddRef@?$CComObject@VCOPOSItemDispenser@@@ATL@@WOI@EAAKXZ 00000001800041d0 f i ItemDispenser.obj
 0001:000031dc       ?Release@?$CComObject@VCOPOSItemDispenser@@@ATL@@WOI@EAAKXZ 00000001800041dc f i ItemDispenser.obj
 0001:000031e8       ?QueryInterface@?$CComObject@VCOPOSItemDispenser@@@ATL@@WPA@EAAJAEBU_GUID@@PEAPEAX@Z 00000001800041e8 f i ItemDispenser.obj
 0001:000031f4       ?AddRef@?$CComObject@VCOPOSItemDispenser@@@ATL@@WPA@EAAKXZ 00000001800041f4 f i ItemDispenser.obj
 0001:00003200       ?Release@?$CComObject@VCOPOSItemDispenser@@@ATL@@WPA@EAAKXZ 0000000180004200 f i ItemDispenser.obj
 0001:0000320c       ?QueryInterface@?$CComObject@VCOPOSItemDispenser@@@ATL@@WPI@EAAJAEBU_GUID@@PEAPEAX@Z 000000018000420c f i ItemDispenser.obj
 0001:00003218       ?AddRef@?$CComObject@VCOPOSItemDispenser@@@ATL@@WPI@EAAKXZ 0000000180004218 f i ItemDispenser.obj
 0001:00003224       ?Release@?$CComObject@VCOPOSItemDispenser@@@ATL@@WPI@EAAKXZ 0000000180004224 f i ItemDispenser.obj
 0001:00003230       ?QueryInterface@?$CComObject@VCOPOSItemDispenser@@@ATL@@WBAA@EAAJAEBU_GUID@@PEAPEAX@Z 0000000180004230 f i ItemDispenser.obj
 0001:0000323c       ?AddRef@?$CComObject@VCOPOSItemDispenser@@@ATL@@WBAA@EAAKXZ 000000018000423c f i ItemDispenser.obj
 0001:00003248       ?Release@?$CComObject@VCOPOSItemDispenser@@@ATL@@WBAA@EAAKXZ 0000000180004248 f i ItemDispenser.obj
 0001:00003254       ?QueryInterface@?$CComObject@VCOPOSItemDispenser@@@ATL@@WBAI@EAAJAEBU_GUID@@PEAPEAX@Z 0000000180004254 f i ItemDispenser.obj
 0001:00003260       ?AddRef@?$CComObject@VCOPOSItemDispenser@@@ATL@@WBAI@EAAKXZ 0000000180004260 f i ItemDispenser.obj
 0001:0000326c       ?Release@?$CComObject@VCOPOSItemDispenser@@@ATL@@WBAI@EAAKXZ 000000018000426c f i ItemDispenser.obj
 0001:00003278       ?QueryInterface@?$CComObject@VCOPOSItemDispenser@@@ATL@@WBBA@EAAJAEBU_GUID@@PEAPEAX@Z 0000000180004278 f i ItemDispenser.obj
 0001:00003284       ?AddRef@?$CComObject@VCOPOSItemDispenser@@@ATL@@WBBA@EAAKXZ 0000000180004284 f i ItemDispenser.obj
 0001:00003290       ?Release@?$CComObject@VCOPOSItemDispenser@@@ATL@@WBBA@EAAKXZ 0000000180004290 f i ItemDispenser.obj
 0001:0000329c       ?QueryInterface@?$CComObject@VCOPOSItemDispenser@@@ATL@@WBBI@EAAJAEBU_GUID@@PEAPEAX@Z 000000018000429c f i ItemDispenser.obj
 0001:000032a8       ?AddRef@?$CComObject@VCOPOSItemDispenser@@@ATL@@WBBI@EAAKXZ 00000001800042a8 f i ItemDispenser.obj
 0001:000032b4       ?Release@?$CComObject@VCOPOSItemDispenser@@@ATL@@WBBI@EAAKXZ 00000001800042b4 f i ItemDispenser.obj
 0001:000032c0       ?AddRef@?$CComObject@VCOPOSItemDispenser@@@ATL@@WBCI@EAAKXZ 00000001800042c0 f i ItemDispenser.obj
 0001:000032cc       ?Release@?$CComObject@VCOPOSItemDispenser@@@ATL@@WBCI@EAAKXZ 00000001800042cc f i ItemDispenser.obj
 0001:000032d8       ?AddRef@?$CComObject@VCOPOSItemDispenser@@@ATL@@WBEA@EAAKXZ 00000001800042d8 f i ItemDispenser.obj
 0001:000032e4       ?Release@?$CComObject@VCOPOSItemDispenser@@@ATL@@WBEA@EAAKXZ 00000001800042e4 f i ItemDispenser.obj
 0001:000032f0       ??_E?$CComContainedObject@VCOPOSItemDispenser@@@ATL@@W7EAAPEAXI@Z 00000001800042f0 f i ItemDispenser.obj
 0001:000032fc       ??_E?$CComContainedObject@VCOPOSItemDispenser@@@ATL@@WHA@EAAPEAXI@Z 00000001800042fc f i ItemDispenser.obj
 0001:00003308       ?QueryInterface@?$CComContainedObject@VCOPOSItemDispenser@@@ATL@@WLI@EAAJAEBU_GUID@@PEAPEAX@Z 0000000180004308 f i ItemDispenser.obj
 0001:00003314       ?AddRef@?$CComContainedObject@VCOPOSItemDispenser@@@ATL@@WLI@EAAKXZ 0000000180004314 f i ItemDispenser.obj
 0001:00003320       ?Release@?$CComContainedObject@VCOPOSItemDispenser@@@ATL@@WLI@EAAKXZ 0000000180004320 f i ItemDispenser.obj
 0001:0000332c       ?QueryInterface@?$CComContainedObject@VCOPOSItemDispenser@@@ATL@@WMA@EAAJAEBU_GUID@@PEAPEAX@Z 000000018000432c f i ItemDispenser.obj
 0001:00003338       ?AddRef@?$CComContainedObject@VCOPOSItemDispenser@@@ATL@@WMA@EAAKXZ 0000000180004338 f i ItemDispenser.obj
 0001:00003344       ?Release@?$CComContainedObject@VCOPOSItemDispenser@@@ATL@@WMA@EAAKXZ 0000000180004344 f i ItemDispenser.obj
 0001:00003350       ?QueryInterface@?$CComContainedObject@VCOPOSItemDispenser@@@ATL@@WMI@EAAJAEBU_GUID@@PEAPEAX@Z 0000000180004350 f i ItemDispenser.obj
 0001:0000335c       ?AddRef@?$CComContainedObject@VCOPOSItemDispenser@@@ATL@@WMI@EAAKXZ 000000018000435c f i ItemDispenser.obj
 0001:00003368       ?Release@?$CComContainedObject@VCOPOSItemDispenser@@@ATL@@WMI@EAAKXZ 0000000180004368 f i ItemDispenser.obj
 0001:00003374       ?QueryInterface@?$CComContainedObject@VCOPOSItemDispenser@@@ATL@@WNA@EAAJAEBU_GUID@@PEAPEAX@Z 0000000180004374 f i ItemDispenser.obj
 0001:00003380       ?AddRef@?$CComContainedObject@VCOPOSItemDispenser@@@ATL@@WNA@EAAKXZ 0000000180004380 f i ItemDispenser.obj
 0001:0000338c       ?Release@?$CComContainedObject@VCOPOSItemDispenser@@@ATL@@WNA@EAAKXZ 000000018000438c f i ItemDispenser.obj
 0001:00003398       ?QueryInterface@?$CComContainedObject@VCOPOSItemDispenser@@@ATL@@WNI@EAAJAEBU_GUID@@PEAPEAX@Z 0000000180004398 f i ItemDispenser.obj
 0001:000033a4       ?AddRef@?$CComContainedObject@VCOPOSItemDispenser@@@ATL@@WNI@EAAKXZ 00000001800043a4 f i ItemDispenser.obj
 0001:000033b0       ?Release@?$CComContainedObject@VCOPOSItemDispenser@@@ATL@@WNI@EAAKXZ 00000001800043b0 f i ItemDispenser.obj
 0001:000033bc       ?QueryInterface@?$CComContainedObject@VCOPOSItemDispenser@@@ATL@@WOA@EAAJAEBU_GUID@@PEAPEAX@Z 00000001800043bc f i ItemDispenser.obj
 0001:000033c8       ?AddRef@?$CComContainedObject@VCOPOSItemDispenser@@@ATL@@WOA@EAAKXZ 00000001800043c8 f i ItemDispenser.obj
 0001:000033d4       ?Release@?$CComContainedObject@VCOPOSItemDispenser@@@ATL@@WOA@EAAKXZ 00000001800043d4 f i ItemDispenser.obj
 0001:000033e0       ?QueryInterface@?$CComContainedObject@VCOPOSItemDispenser@@@ATL@@WOI@EAAJAEBU_GUID@@PEAPEAX@Z 00000001800043e0 f i ItemDispenser.obj
 0001:000033ec       ?AddRef@?$CComContainedObject@VCOPOSItemDispenser@@@ATL@@WOI@EAAKXZ 00000001800043ec f i ItemDispenser.obj
 0001:000033f8       ?Release@?$CComContainedObject@VCOPOSItemDispenser@@@ATL@@WOI@EAAKXZ 00000001800043f8 f i ItemDispenser.obj
 0001:00003404       ?QueryInterface@?$CComContainedObject@VCOPOSItemDispenser@@@ATL@@WPA@EAAJAEBU_GUID@@PEAPEAX@Z 0000000180004404 f i ItemDispenser.obj
 0001:00003410       ?AddRef@?$CComContainedObject@VCOPOSItemDispenser@@@ATL@@WPA@EAAKXZ 0000000180004410 f i ItemDispenser.obj
 0001:0000341c       ?Release@?$CComContainedObject@VCOPOSItemDispenser@@@ATL@@WPA@EAAKXZ 000000018000441c f i ItemDispenser.obj
 0001:00003428       ?QueryInterface@?$CComContainedObject@VCOPOSItemDispenser@@@ATL@@WPI@EAAJAEBU_GUID@@PEAPEAX@Z 0000000180004428 f i ItemDispenser.obj
 0001:00003434       ?AddRef@?$CComContainedObject@VCOPOSItemDispenser@@@ATL@@WPI@EAAKXZ 0000000180004434 f i ItemDispenser.obj
 0001:00003440       ?Release@?$CComContainedObject@VCOPOSItemDispenser@@@ATL@@WPI@EAAKXZ 0000000180004440 f i ItemDispenser.obj
 0001:0000344c       ?QueryInterface@?$CComContainedObject@VCOPOSItemDispenser@@@ATL@@WBAA@EAAJAEBU_GUID@@PEAPEAX@Z 000000018000444c f i ItemDispenser.obj
 0001:00003458       ?AddRef@?$CComContainedObject@VCOPOSItemDispenser@@@ATL@@WBAA@EAAKXZ 0000000180004458 f i ItemDispenser.obj
 0001:00003464       ?Release@?$CComContainedObject@VCOPOSItemDispenser@@@ATL@@WBAA@EAAKXZ 0000000180004464 f i ItemDispenser.obj
 0001:00003470       ?QueryInterface@?$CComContainedObject@VCOPOSItemDispenser@@@ATL@@WBAI@EAAJAEBU_GUID@@PEAPEAX@Z 0000000180004470 f i ItemDispenser.obj
 0001:0000347c       ?AddRef@?$CComContainedObject@VCOPOSItemDispenser@@@ATL@@WBAI@EAAKXZ 000000018000447c f i ItemDispenser.obj
 0001:00003488       ?Release@?$CComContainedObject@VCOPOSItemDispenser@@@ATL@@WBAI@EAAKXZ 0000000180004488 f i ItemDispenser.obj
 0001:00003494       ?QueryInterface@?$CComContainedObject@VCOPOSItemDispenser@@@ATL@@WBBA@EAAJAEBU_GUID@@PEAPEAX@Z 0000000180004494 f i ItemDispenser.obj
 0001:000034a0       ?AddRef@?$CComContainedObject@VCOPOSItemDispenser@@@ATL@@WBBA@EAAKXZ 00000001800044a0 f i ItemDispenser.obj
 0001:000034ac       ?Release@?$CComContainedObject@VCOPOSItemDispenser@@@ATL@@WBBA@EAAKXZ 00000001800044ac f i ItemDispenser.obj
 0001:000034b8       ?QueryInterface@?$CComContainedObject@VCOPOSItemDispenser@@@ATL@@WBBI@EAAJAEBU_GUID@@PEAPEAX@Z 00000001800044b8 f i ItemDispenser.obj
 0001:000034c4       ?AddRef@?$CComContainedObject@VCOPOSItemDispenser@@@ATL@@WBBI@EAAKXZ 00000001800044c4 f i ItemDispenser.obj
 0001:000034d0       ?Release@?$CComContainedObject@VCOPOSItemDispenser@@@ATL@@WBBI@EAAKXZ 00000001800044d0 f i ItemDispenser.obj
 0001:000034dc       ?AddRef@?$CComContainedObject@VCOPOSItemDispenser@@@ATL@@WBCI@EAAKXZ 00000001800044dc f i ItemDispenser.obj
 0001:000034e8       ?Release@?$CComContainedObject@VCOPOSItemDispenser@@@ATL@@WBCI@EAAKXZ 00000001800044e8 f i ItemDispenser.obj
 0001:000034f4       ?AddRef@?$CComContainedObject@VCOPOSItemDispenser@@@ATL@@WBEA@EAAKXZ 00000001800044f4 f i ItemDispenser.obj
 0001:00003500       ?Release@?$CComContainedObject@VCOPOSItemDispenser@@@ATL@@WBEA@EAAKXZ 0000000180004500 f i ItemDispenser.obj
 0001:0000350c       ?CreateInstance@CComClassFactory@ATL@@UEAAJPEAUIUnknown@@AEBU_GUID@@PEAPEAX@Z 000000018000450c f i ItemDispenser.obj
 0001:0000356c       ?LockServer@CComClassFactory@ATL@@UEAAJH@Z 000000018000456c f i ItemDispenser.obj
 0001:00003590       ??_GCComClassFactory@ATL@@UEAAPEAXI@Z 0000000180004590 f i ItemDispenser.obj
 0001:00003590       ??_ECComClassFactory@ATL@@UEAAPEAXI@Z 0000000180004590 f i ItemDispenser.obj
 0001:000035e0       ??$AtlModuleRegisterWndClassInfoT@VAtlModuleRegisterWndClassInfoParamW@ATL@@@ATL@@YAGPEAU_ATL_BASE_MODULE70@0@PEAU_ATL_WIN_MODULE70@0@PEAU_ATL_WNDCLASSINFOW@0@PEAP6A_JPEAUHWND__@@I_K_J@ZVAtlModuleRegisterWndClassInfoParamW@0@@Z 00000001800045e0 f i ItemDispenser.obj
 0001:000037e0       ??0?$CComContainedObject@VCOPOSItemDispenser@@@ATL@@QEAA@PEAX@Z 00000001800047e0 f i ItemDispenser.obj
 0001:000038fc       ??0?$CComObject@VCOPOSItemDispenser@@@ATL@@QEAA@PEAX@Z 00000001800048fc f i ItemDispenser.obj
 0001:00003a14       ??0CAtlModule@ATL@@QEAA@XZ 0000000180004a14 f i ItemDispenser.obj
 0001:00003a88       ??1?$CComEnumImpl@UIEnumConnectionPoints@@$1?_GUID_b196b285_bab4_101a_b69c_00aa00341d07@@3U__s_GUID@@BPEAUIConnectionPoint@@V?$_CopyInterface@UIConnectionPoint@@@ATL@@@ATL@@UEAA@XZ 0000000180004a88 f i ItemDispenser.obj
 0001:00003ae4       ??1?$CComEnumImpl@UIEnumConnections@@$1?_GUID_b196b287_bab4_101a_b69c_00aa00341d07@@3U__s_GUID@@BUtagCONNECTDATA@@V?$_Copy@UtagCONNECTDATA@@@ATL@@@ATL@@UEAA@XZ 0000000180004ae4 f i ItemDispenser.obj
 0001:00003b40       ??1?$CComObject@VCOPOSItemDispenser@@@ATL@@UEAA@XZ 0000000180004b40 f i ItemDispenser.obj
 0001:00003c60       ??_E?$CComContainedObject@VCOPOSItemDispenser@@@ATL@@UEAAPEAXI@Z 0000000180004c60 f i ItemDispenser.obj
 0001:00003c60       ??_G?$CComContainedObject@VCOPOSItemDispenser@@@ATL@@UEAAPEAXI@Z 0000000180004c60 f i ItemDispenser.obj
 0001:00003c94       ??_G?$CComObject@VCOPOSItemDispenser@@@ATL@@UEAAPEAXI@Z 0000000180004c94 f i ItemDispenser.obj
 0001:00003c94       ??_E?$CComObject@VCOPOSItemDispenser@@@ATL@@UEAAPEAXI@Z 0000000180004c94 f i ItemDispenser.obj
 0001:00003cc8       ?Add@?$CSimpleArray@GV?$CSimpleArrayEqualHelper@G@ATL@@@ATL@@QEAAHAEBG@Z 0000000180004cc8 f i ItemDispenser.obj
 0001:00003d7c       ?Add@?$CSimpleMap@PEA_WPEA_WVCExpansionVectorEqualHelper@ATL@@@ATL@@QEAAHAEBQEA_W0@Z 0000000180004d7c f i ItemDispenser.obj
 0001:00003e1c       ?Add@CComDynamicUnkArray@ATL@@QEAAKPEAUIUnknown@@@Z 0000000180004e1c f i ItemDispenser.obj
 0001:00003f04       ?Add@CExpansionVector@ATL@@QEAAHPEB_W0@Z 0000000180004f04 f i ItemDispenser.obj
 0001:00004038       ?AddTermFunc@CAtlModule@ATL@@QEAAJP6AX_K@Z0@Z 0000000180005038 f i ItemDispenser.obj
 0001:000040d4       ?AddValue@CRegParser@ATL@@IEAAJAEAVCRegKey@2@PEB_WPEA_W@Z 00000001800050d4 f i ItemDispenser.obj
 0001:0000451c       ?AllocateHeap@?$CTempBuffer@E$0BAA@VCCRTAllocator@ATL@@@ATL@@AEAAX_K@Z 000000018000551c f i ItemDispenser.obj
 0001:0000451c       ?AllocateHeap@?$CTempBuffer@_W$0EAA@VCCRTAllocator@ATL@@@ATL@@AEAAX_K@Z 000000018000551c f i ItemDispenser.obj
 0001:0000451c       ?AllocateHeap@?$CTempBuffer@_W$0BAA@VCCRTAllocator@ATL@@@ATL@@AEAAX_K@Z 000000018000551c f i ItemDispenser.obj
 0001:00004548       ?Append@CParseBuffer@CRegParser@ATL@@QEAAHPEB_WH@Z 0000000180005548 f i ItemDispenser.obj
 0001:00004690       ?AtlComModuleGetClassObject@ATL@@YAJPEAU_ATL_COM_MODULE70@1@AEBU_GUID@@1PEAPEAX@Z 0000000180005690 f i ItemDispenser.obj
 0001:000047d0       ?AtlComModuleRegisterServer@ATL@@YAJPEAU_ATL_COM_MODULE70@1@HPEBU_GUID@@@Z 00000001800057d0 f i ItemDispenser.obj
 0001:00004890       ?AtlComModuleUnregisterServer@ATL@@YAJPEAU_ATL_COM_MODULE70@1@HPEBU_GUID@@@Z 0000000180005890 f i ItemDispenser.obj
 0001:0000494c       ?AtlHiMetricToPixel@ATL@@YAXPEBUtagSIZE@@PEAU2@@Z 000000018000594c f i ItemDispenser.obj
 0001:000049fc       ?AtlHresultFromLastError@ATL@@YAJXZ 00000001800059fc f i ItemDispenser.obj
 0001:00004a1c       ?AtlHresultFromWin32@ATL@@YAJK@Z 0000000180005a1c f i ItemDispenser.obj
 0001:00004a2c       ?AtlInternalOleLoadFromStream@ATL@@YAJPEAUIStream@@AEBU_GUID@@PEAPEAXTClassesAllowedInStream@1@K@Z 0000000180005a2c f i ItemDispenser.obj
 0001:00004b70       ?AtlInternalQueryInterface@ATL@@YAJPEAXPEBU_ATL_INTMAP_ENTRY@1@AEBU_GUID@@PEAPEAX@Z 0000000180005b70 f i ItemDispenser.obj
 0001:00004c78       ?AtlLoadTypeLib@ATL@@YAJPEAUHINSTANCE__@@PEB_WPEAPEA_WPEAPEAUITypeLib@@@Z 0000000180005c78 f i ItemDispenser.obj
 0001:00004ed4       ?AtlRegisterClassCategoriesHelper@ATL@@YAJAEBU_GUID@@PEBU_ATL_CATMAP_ENTRY@1@H@Z 0000000180005ed4 f i ItemDispenser.obj
 0001:00005358       ?AtlRegisterTypeLib@ATL@@YAJPEAUHINSTANCE__@@PEB_W@Z 0000000180006358 f i ItemDispenser.obj
 0001:00005554       ?AtlThrowImpl@ATL@@YAXJ@Z  0000000180006554 f i ItemDispenser.obj
 0001:00005578       ?AtlUnRegisterTypeLib@ATL@@YAJPEAUHINSTANCE__@@PEB_W@Z 0000000180006578 f i ItemDispenser.obj
 0001:00005640       ?AtlWinModuleExtractCreateWndData@ATL@@YAPEAXPEAU_ATL_WIN_MODULE70@1@@Z 0000000180006640 f i ItemDispenser.obj
 0001:000056cc       ?Cleanup@CComTypeInfoHolder@ATL@@SAX_K@Z 00000001800066cc f i ItemDispenser.obj
 0001:0000570c       ?ClearReplacements@CExpansionVector@ATL@@QEAAJXZ 000000018000670c f i ItemDispenser.obj
 0001:000057a8       ?CreateInstance@?$CComCreator@V?$CComAggObject@VCOPOSItemDispenser@@@ATL@@@ATL@@SAJPEAXAEBU_GUID@@PEAPEAX@Z 00000001800067a8 f i ItemDispenser.obj
 0001:00005898       ?CreateInstance@?$CComCreator@V?$CComObject@VCOPOSItemDispenser@@@ATL@@@ATL@@SAJPEAXAEBU_GUID@@PEAPEAX@Z 0000000180006898 f i ItemDispenser.obj
 0001:00005950       ?CreateInstance@?$CComObject@V?$CComEnum@UIEnumConnectionPoints@@$1?_GUID_b196b285_bab4_101a_b69c_00aa00341d07@@3U__s_GUID@@BPEAUIConnectionPoint@@V?$_CopyInterface@UIConnectionPoint@@@ATL@@VCComSingleThreadModel@6@@ATL@@@ATL@@SAJPEAPEAV12@@Z 0000000180006950 f i ItemDispenser.obj
 0001:000059dc       ?CreateInstance@?$CComObject@V?$CComEnum@UIEnumConnections@@$1?_GUID_b196b287_bab4_101a_b69c_00aa00341d07@@3U__s_GUID@@BUtagCONNECTDATA@@V?$_Copy@UtagCONNECTDATA@@@ATL@@VCComSingleThreadModel@6@@ATL@@@ATL@@SAJPEAPEAV12@@Z 00000001800069dc f i ItemDispenser.obj
 0001:00005a68       ?DefaultReflectionHandler@?$CWindowImplRoot@VCWindow@ATL@@@ATL@@SAHPEAUHWND__@@I_K_JAEA_J@Z 0000000180006a68 f i ItemDispenser.obj
 0001:00005acc       ?DeleteSubKey@CRegKey@ATL@@QEAAJPEB_W@Z 0000000180006acc f i ItemDispenser.obj
 0001:00005b64       ?DoEvent@COPOSItemDispenser@@IEAAXI_K_J@Z 0000000180006b64 f i ItemDispenser.obj
 0001:00005c18       ?DoVerbPrimary@?$IOleObjectImpl@VCOPOSItemDispenser@@@ATL@@QEAAJPEBUtagRECT@@PEAUHWND__@@@Z 0000000180006c18 f i ItemDispenser.obj
 0001:00005d44       ?DoVerbProperties@CComControlBase@ATL@@QEAAJPEBUtagRECT@@PEAUHWND__@@@Z 0000000180006d44 f i ItemDispenser.obj
 0001:00005f6c       ?FireTheEvent@?$CProxy_IOPOSEvents@VCOPOSItemDispenser@@@@IEAAXPEAVOposVariant@@IAEAJPEB_WJ@Z 0000000180006f6c f i ItemDispenser.obj
 0001:00006058       ?FireViewChange@CComControlBase@ATL@@QEAAJXZ 0000000180007058 f i ItemDispenser.obj
 0001:000060bc       ?Fire_DirectIOEvent@?$CProxy_IOPOSEvents@VCOPOSItemDispenser@@@@QEAAXJPEAJPEAPEA_W@Z 00000001800070bc f i ItemDispenser.obj
 0001:00006214       ?Fire_StatusUpdateEvent@?$CProxy_IOPOSEvents@VCOPOSItemDispenser@@@@QEAAXJ@Z 0000000180007214 f i ItemDispenser.obj
 0001:00006300       ?FreeHeap@?$CTempBuffer@_W$0BAA@VCCRTAllocator@ATL@@@ATL@@AEAAXXZ 0000000180007300 f i ItemDispenser.obj
 0001:00006300       ?FreeHeap@?$CTempBuffer@_W$0EAA@VCCRTAllocator@ATL@@@ATL@@AEAAXXZ 0000000180007300 f i ItemDispenser.obj
 0001:00006300       ?FreeHeap@?$CTempBuffer@E$0BAA@VCCRTAllocator@ATL@@@ATL@@AEAAXXZ 0000000180007300 f i ItemDispenser.obj
 0001:00006308       ?GetAmbientLocaleID@CComControlBase@ATL@@QEAAJAEAK@Z 0000000180007308 f i ItemDispenser.obj
 0001:000063c8       ?GetAmbientUserMode@CComControlBase@ATL@@QEAAJAEAH@Z 00000001800073c8 f i ItemDispenser.obj
 0001:00006498       ?GetClassObject@CComModule@ATL@@QEAAJAEBU_GUID@@0PEAPEAX@Z 0000000180007498 f i ItemDispenser.obj
 0001:0000658c       ?GetConnMap@COPOSItemDispenser@@SAPEBU_ATL_CONNMAP_ENTRY@ATL@@PEAH@Z 000000018000758c f i ItemDispenser.obj
 0001:00006614       ?GetIDsOfNames@CComTypeInfoHolder@ATL@@QEAAJAEBU_GUID@@PEAPEA_WIKPEAJ@Z 0000000180007614 f i ItemDispenser.obj
 0001:0000678c       ?GetPagesHelper@?$ISpecifyPropertyPagesImpl@VCOPOSItemDispenser@@@ATL@@IEAAJPEAUtagCAUUID@@PEBUATL_PROPMAP_ENTRY@2@@Z 000000018000778c f i ItemDispenser.obj
 0001:0000692c       ?GetSizeMax@CComVariant@ATL@@QEBAJPEAT_ULARGE_INTEGER@@@Z 000000018000792c f i ItemDispenser.obj
 0001:00006b60       ?GetTI@CComTypeInfoHolder@ATL@@QEAAJK@Z 0000000180007b60 f i ItemDispenser.obj
 0001:00006e58       ?GetZoomInfo@CComControlBase@ATL@@QEAAXAEAUATL_DRAWINFO@@@Z 0000000180007e58 f i ItemDispenser.obj
 0001:00006efc       ?HKeyFromString@CRegParser@ATL@@KAPEAUHKEY__@@PEA_W@Z 0000000180007efc f i ItemDispenser.obj
 0001:00006f60       ?IDataObject_GetData@CComControlBase@ATL@@QEAAJPEAUtagFORMATETC@@PEAUtagSTGMEDIUM@@@Z 0000000180007f60 f i ItemDispenser.obj
 0001:00007154       ?IOleInPlaceObject_InPlaceDeactivate@CComControlBase@ATL@@QEAAJXZ 0000000180008154 f i ItemDispenser.obj
 0001:000071f4       ?IOleInPlaceObject_SetObjectRects@CComControlBase@ATL@@QEAAJPEBUtagRECT@@0@Z 00000001800081f4 f i ItemDispenser.obj
 0001:000072e4       ?IOleInPlaceObject_UIDeactivate@CComControlBase@ATL@@QEAAJXZ 00000001800082e4 f i ItemDispenser.obj
 0001:000073f0       ?IOleObject_Close@CComControlBase@ATL@@QEAAJK@Z 00000001800083f0 f i ItemDispenser.obj
 0001:00007508       ?IOleObject_SetClientSite@CComControlBase@ATL@@QEAAJPEAUIOleClientSite@@@Z 0000000180008508 f i ItemDispenser.obj
 0001:00007580       ?IOleObject_SetExtent@CComControlBase@ATL@@QEAAJKPEAUtagSIZE@@@Z 0000000180008580 f i ItemDispenser.obj
 0001:00007618       ?IPSI_GetIPersistStreamInit@?$IPersistStorageImpl@VCOPOSItemDispenser@@@ATL@@AEAAPEAUIPersistStreamInit@@XZ 0000000180008618 f i ItemDispenser.obj
 0001:00007700       ?IPersistStreamInit_Load@?$IPersistStreamInitImpl@VCOPOSItemDispenser@@@ATL@@QEAAJPEAUIStream@@PEBUATL_PROPMAP_ENTRY@2@@Z 0000000180008700 f i ItemDispenser.obj
 0001:00007a34       ?IPersistStreamInit_Save@?$IPersistStreamInitImpl@VCOPOSItemDispenser@@@ATL@@QEAAJPEAUIStream@@HPEBUATL_PROPMAP_ENTRY@2@@Z 0000000180008a34 f i ItemDispenser.obj
 0001:00007cd8       ?IQuickActivate_QuickActivate@CComControlBase@ATL@@QEAAJPEAUtagQACONTAINER@@PEAUtagQACONTROL@@@Z 0000000180008cd8 f i ItemDispenser.obj
 0001:00007f9c       ?IViewObject_Draw@CComControlBase@ATL@@QEAAJKJPEAXPEAUtagDVTARGETDEVICE@@PEAUHDC__@@2PEBU_RECTL@@3@Z 0000000180008f9c f i ItemDispenser.obj
 0001:000080b0       ?InPlaceActivate@CComControlBase@ATL@@QEAAJJPEBUtagRECT@@@Z 00000001800090b0 f i ItemDispenser.obj
 0001:000083e8       ?Init@?$CComEnumImpl@UIEnumConnectionPoints@@$1?_GUID_b196b285_bab4_101a_b69c_00aa00341d07@@3U__s_GUID@@BPEAUIConnectionPoint@@V?$_CopyInterface@UIConnectionPoint@@@ATL@@@ATL@@QEAAJPEAPEAUIConnectionPoint@@0PEAUIUnknown@@W4CComEnumFlags@2@@Z 00000001800093e8 f i ItemDispenser.obj
 0001:00008508       ?Init@?$CComEnumImpl@UIEnumConnections@@$1?_GUID_b196b287_bab4_101a_b69c_00aa00341d07@@3U__s_GUID@@BUtagCONNECTDATA@@V?$_Copy@UtagCONNECTDATA@@@ATL@@@ATL@@QEAAJPEAUtagCONNECTDATA@@0PEAUIUnknown@@W4CComEnumFlags@2@@Z 0000000180009508 f i ItemDispenser.obj
 0001:0000862c       ?IsEqualObject@?$CComPtrBase@UIOleClientSite@@@ATL@@QEAA_NPEAUIUnknown@@@Z 000000018000962c f i ItemDispenser.obj
 0001:000086b8       ?LoadNameCache@CComTypeInfoHolder@ATL@@QEAAJPEAUITypeInfo@@@Z 00000001800096b8 f i ItemDispenser.obj
 0001:00008838       ?Lookup@?$CSimpleMap@PEA_WPEA_WVCExpansionVectorEqualHelper@ATL@@@ATL@@QEBAPEA_WAEBQEA_W@Z 0000000180009838 f i ItemDispenser.obj
 0001:000088c4       ?NextToken@CRegParser@ATL@@IEAAJPEA_W@Z 00000001800098c4 f i ItemDispenser.obj
 0001:00008a7c       ?OnKillFocus@CComControlBase@ATL@@QEAA_JI_K_JAEAH@Z 0000000180009a7c f i ItemDispenser.obj
 0001:00008b18       ?OnMouseActivate@CComControlBase@ATL@@QEAA_JI_K_JAEAH@Z 0000000180009b18 f i ItemDispenser.obj
 0001:00008bb8       ?OnPaint@CComControlBase@ATL@@QEAA_JI_K_JAEAH@Z 0000000180009bb8 f i ItemDispenser.obj
 0001:00008ca4       ?OnSetFocus@CComControlBase@ATL@@QEAA_JI_K_JAEAH@Z 0000000180009ca4 f i ItemDispenser.obj
 0001:00008da0       ?PreProcessBuffer@CRegParser@ATL@@QEAAJPEA_WPEAPEA_W@Z 0000000180009da0 f i ItemDispenser.obj
 0001:00009124       ?ProcessWindowMessage@?$CComControl@VCOPOSItemDispenser@@V?$CWindowImpl@VCOPOSItemDispenser@@VCWindow@ATL@@V?$CWinTraits@$0FGAAAAAA@$0A@@3@@ATL@@@ATL@@UEAAHPEAUHWND__@@I_K_JAEA_JK@Z 000000018000a124 f i ItemDispenser.obj
 0001:00009208       ?ReadFromStream@CComBSTR@ATL@@QEAAJPEAUIStream@@@Z 000000018000a208 f i ItemDispenser.obj
 0001:00009364       ?ReadFromStream@CComVariant@ATL@@QEAAJPEAUIStream@@GTClassesAllowedInStream@2@K@Z 000000018000a364 f i ItemDispenser.obj
 0001:00009574       ?RecurseDeleteKey@CRegKey@ATL@@QEAAJPEB_W@Z 000000018000a574 f i ItemDispenser.obj
 0001:000096cc       ?RegCreateKeyExW@CAtlTransactionManager@ATL@@QEAAJPEAUHKEY__@@PEB_WKPEA_WKKQEAU_SECURITY_ATTRIBUTES@@PEAPEAU3@PEAK@Z 000000018000a6cc f i ItemDispenser.obj
 0001:00009800       ?RegDeleteKeyW@CAtlTransactionManager@ATL@@QEAAJPEAUHKEY__@@PEB_W@Z 000000018000a800 f i ItemDispenser.obj
 0001:0000988c       ?RegOpenKeyExW@CAtlTransactionManager@ATL@@QEAAJPEAUHKEY__@@PEB_WKKPEAPEAU3@@Z 000000018000a88c f i ItemDispenser.obj
 0001:00009944       ?RegisterBuffer@CRegParser@ATL@@QEAAJPEA_WH@Z 000000018000a944 f i ItemDispenser.obj
 0001:00009aac       ?RegisterFromResource@CRegObject@ATL@@IEAAJPEB_W00H@Z 000000018000aaac f i ItemDispenser.obj
 0001:00009c68       ?RegisterServer@CComModule@ATL@@QEAAJHPEBU_GUID@@@Z 000000018000ac68 f i ItemDispenser.obj
 0001:00009d28       ?RegisterSubkeys@CRegParser@ATL@@IEAAJPEA_WPEAUHKEY__@@HH@Z 000000018000ad28 f i ItemDispenser.obj
 0001:0000a594       ?SendOnDataChange@CComControlBase@ATL@@QEAAJK@Z 000000018000b594 f i ItemDispenser.obj
 0001:0000a604       ?SetControlFocus@CComControlBase@ATL@@QEAAHH@Z 000000018000b604 f i ItemDispenser.obj
 0001:0000a6e0       ?SkipAssignment@CRegParser@ATL@@IEAAJPEA_W@Z 000000018000b6e0 f i ItemDispenser.obj
 0001:0000a784       ?Term@CAtlModule@ATL@@QEAAXXZ 000000018000b784 f i ItemDispenser.obj
 0001:0000a804       ?Term@CComModule@ATL@@QEAAXXZ 000000018000b804 f i ItemDispenser.obj
 0001:0000a880       ?UnregisterServer@CComModule@ATL@@QEAAJHPEBU_GUID@@@Z 000000018000b880 f i ItemDispenser.obj
 0001:0000a930       ?UpdateRegistryFromResource@CAtlModule@ATL@@QEAAJIHPEAU_ATL_REGMAP_ENTRY@2@@Z 000000018000b930 f i ItemDispenser.obj
 0001:0000ac3c       ?UpdateRegistryFromResource@CAtlModule@ATL@@QEAAJPEB_WHPEAU_ATL_REGMAP_ENTRY@2@@Z 000000018000bc3c f i ItemDispenser.obj
 0001:0000af60       ?VTFromRegType@CRegParser@ATL@@KAHPEB_WAEAG@Z 000000018000bf60 f i ItemDispenser.obj
 0001:0000affc       ?WindowProc@?$CWindowImplBaseT@VCWindow@ATL@@V?$CWinTraits@$0FGAAAAAA@$0A@@2@@ATL@@SA_JPEAUHWND__@@I_K_J@Z 000000018000bffc f i ItemDispenser.obj
 0001:0000b168       ?WriteToStream@CComVariant@ATL@@QEAAJPEAUIStream@@@Z 000000018000c168 f i ItemDispenser.obj
 0001:0000b3bc       ?WriteToStream@CComVariant@ATL@@QEAAJPEAUIStream@@G@Z 000000018000c3bc f i ItemDispenser.obj
 0001:0000b454       ?_AtlVerifyStackAvailable@_ATL_SAFE_ALLOCA_IMPL@ATL@@YA_N_K@Z 000000018000c454 f i ItemDispenser.obj
 0001:0000b4d8       ?atlCreate@?$CWindowImpl@VCOPOSItemDispenser@@VCWindow@ATL@@V?$CWinTraits@$0FGAAAAAA@$0A@@3@@ATL@@QEAAPEAUHWND__@@PEAU3@V_U_RECT@2@PEB_WKKV_U_MENUorID@2@PEAX@Z 000000018000c4d8 f i ItemDispenser.obj
 0001:0000b588       ?atlCreate@?$CWindowImplBaseT@VCWindow@ATL@@V?$CWinTraits@$0FGAAAAAA@$0A@@2@@ATL@@QEAAPEAUHWND__@@PEAU3@V_U_RECT@2@PEB_WKKV_U_MENUorID@2@GPEAX@Z 000000018000c588 f i ItemDispenser.obj
 0001:0000b6f8       ?ocscpy_s@@YA_NPEA_W_KPEB_W@Z 000000018000c6f8 f i ItemDispenser.obj
 0001:0000b7a8       DllCanUnloadNow            000000018000c7a8 f   ItemDispenser.obj
 0001:0000b7b4       DllGetClassObject          000000018000c7b4 f   ItemDispenser.obj
 0001:0000b7cc       DllMain                    000000018000c7cc f   ItemDispenser.obj
 0001:0000b874       DllRegisterServer          000000018000c874 f   ItemDispenser.obj
 0001:0000b888       DllUnregisterServer        000000018000c888 f   ItemDispenser.obj
 0001:0000b89c       __local_stdio_printf_options 000000018000c89c f i ItemDispenser.obj
 0001:0000b8a4       swprintf_s                 000000018000c8a4 f i ItemDispenser.obj
 0001:0000b8f8       ??0COPOSItemDispenser@@QEAA@XZ 000000018000c8f8 f   ItemDispenserImpl.obj
 0001:0000b9b4       ??1?$IConnectionPointImpl@VCOPOSItemDispenser@@$1?DIID__IOPOSItemDispenserEvents@@3U_GUID@@BVCComDynamicUnkArray@ATL@@@ATL@@QEAA@XZ 000000018000c9b4 f i ItemDispenserImpl.obj
 0001:0000b9b4       ??1?$IConnectionPointImpl@VCOPOSItemDispenser@@$1?IID_IPropertyNotifySink@@3U_GUID@@BVCComDynamicUnkArray@ATL@@@ATL@@QEAA@XZ 000000018000c9b4 f i ItemDispenserImpl.obj
 0001:0000ba10       ??1CComControlBase@ATL@@UEAA@XZ 000000018000ca10 f i ItemDispenserImpl.obj
 0001:0000ba8c       ??1COPOSItemDispenser@@UEAA@XZ 000000018000ca8c f   ItemDispenserImpl.obj
 0001:0000baf0       ?AdjustItemCount@COPOSItemDispenser@@UEAAJJJPEAJ@Z 000000018000caf0 f   ItemDispenserImpl.obj
 0001:0000bbbc       ?CheckHealth@COPOSItemDispenser@@UEAAJJPEAJ@Z 000000018000cbbc f   ItemDispenserImpl.obj
 0001:0000bc38       ?ClaimDevice@COPOSItemDispenser@@UEAAJJPEAJ@Z 000000018000cc38 f   ItemDispenserImpl.obj
 0001:0000bcd8       ?Close@COPOSItemDispenser@@UEAAJPEAJ@Z 000000018000ccd8 f   ItemDispenserImpl.obj
 0001:0000bd90       ?CompareFirmwareVersion@COPOSItemDispenser@@UEAAJPEA_WPEAJ1@Z 000000018000cd90 f   ItemDispenserImpl.obj
 0001:0000be6c       ?DirectIO@COPOSItemDispenser@@UEAAJJPEAJPEAPEA_W0@Z 000000018000ce6c f   ItemDispenserImpl.obj
 0001:0000bf68       ?DispenseItem@COPOSItemDispenser@@UEAAJPEAJJ0@Z 000000018000cf68 f   ItemDispenserImpl.obj
 0001:0000c040       ?DoInvoke@COPOSItemDispenser@@IEAAJJPEAVOposVariant@@IHPEAJ_N@Z 000000018000d040 f   ItemDispenserImpl.obj
 0001:0000c174       ?EventInit@COPOSItemDispenser@@IEAAJXZ 000000018000d174 f i ItemDispenserImpl.obj
 0001:0000c2bc       ?EventUninit@COPOSItemDispenser@@IEAAXXZ 000000018000d2bc f i ItemDispenserImpl.obj
 0001:0000c320       ?EventWindowProc@COPOSItemDispenser@@IEAA_JI_K_J@Z 000000018000d320 f i ItemDispenserImpl.obj
 0001:0000c418       ?FinalConstruct@COPOSItemDispenser@@QEAAJXZ 000000018000d418 f   ItemDispenserImpl.obj
 0001:0000c454       ?FreezeEvents@COPOSItemDispenser@@MEAAJH@Z 000000018000d454 f   ItemDispenserImpl.obj
 0001:0000c4c8       ?GetOposProp@COPOSItemDispenser@@IEAAJJPEAJJ@Z 000000018000d4c8 f   ItemDispenserImpl.obj
 0001:0000c5e4       ?GetOposProp@COPOSItemDispenser@@IEAAJJPEAPEA_WJ@Z 000000018000d5e4 f   ItemDispenserImpl.obj
 0001:0000c710       ?OnDraw@COPOSItemDispenser@@MEAAJAEAUATL_DRAWINFO@@@Z 000000018000d710 f   ItemDispenserImpl.obj
 0001:0000c7fc       ?Open@COPOSItemDispenser@@UEAAJPEA_WPEAJ@Z 000000018000d7fc f   ItemDispenserImpl.obj
 0001:0000d084       ?ReadItemCount@COPOSItemDispenser@@UEAAJPEAJJ0@Z 000000018000e084 f   ItemDispenserImpl.obj
 0001:0000d15c       ?ReleaseDevice@COPOSItemDispenser@@UEAAJPEAJ@Z 000000018000e15c f   ItemDispenserImpl.obj
 0001:0000d1c8       ?ResetStatistics@COPOSItemDispenser@@UEAAJPEA_WPEAJ@Z 000000018000e1c8 f   ItemDispenserImpl.obj
 0001:0000d250       ?RetrieveStatistics@COPOSItemDispenser@@UEAAJPEAPEA_WPEAJ@Z 000000018000e250 f   ItemDispenserImpl.obj
 0001:0000d2d8       ?SOProcessID@COPOSItemDispenser@@UEAAJPEAJ@Z 000000018000e2d8 f   ItemDispenserImpl.obj
 0001:0000d2f4       ?SetCOFreezeEvents@COPOSItemDispenser@@IEAAXF@Z 000000018000e2f4 f   ItemDispenserImpl.obj
 0001:0000d3d8       ?SetOposProp@COPOSItemDispenser@@IEAAJJJJ@Z 000000018000e3d8 f   ItemDispenserImpl.obj
 0001:0000d538       ?UpdateFirmware@COPOSItemDispenser@@UEAAJPEA_WPEAJ@Z 000000018000e538 f   ItemDispenserImpl.obj
 0001:0000d5c0       ?UpdateStatistics@COPOSItemDispenser@@UEAAJPEA_WPEAJ@Z 000000018000e5c0 f   ItemDispenserImpl.obj
 0001:0000d648       ?get_BinaryConversion@COPOSItemDispenser@@UEAAJPEAJ@Z 000000018000e648 f   ItemDispenserImpl.obj
 0001:0000d65c       ?get_CapCompareFirmwareVersion@COPOSItemDispenser@@UEAAJPEAF@Z 000000018000e65c f   ItemDispenserImpl.obj
 0001:0000d690       ?get_CapEmptySensor@COPOSItemDispenser@@UEAAJPEAF@Z 000000018000e690 f   ItemDispenserImpl.obj
 0001:0000d6c4       ?get_CapIndividualSlotStatus@COPOSItemDispenser@@UEAAJPEAF@Z 000000018000e6c4 f   ItemDispenserImpl.obj
 0001:0000d6f8       ?get_CapJamSensor@COPOSItemDispenser@@UEAAJPEAF@Z 000000018000e6f8 f   ItemDispenserImpl.obj
 0001:0000d72c       ?get_CapNearEmptySensor@COPOSItemDispenser@@UEAAJPEAF@Z 000000018000e72c f   ItemDispenserImpl.obj
 0001:0000d760       ?get_CapPowerReporting@COPOSItemDispenser@@UEAAJPEAJ@Z 000000018000e760 f   ItemDispenserImpl.obj
 0001:0000d774       ?get_CapStatisticsReporting@COPOSItemDispenser@@UEAAJPEAF@Z 000000018000e774 f   ItemDispenserImpl.obj
 0001:0000d7a8       ?get_CapUpdateFirmware@COPOSItemDispenser@@UEAAJPEAF@Z 000000018000e7a8 f   ItemDispenserImpl.obj
 0001:0000d7dc       ?get_CapUpdateStatistics@COPOSItemDispenser@@UEAAJPEAF@Z 000000018000e7dc f   ItemDispenserImpl.obj
 0001:0000d810       ?get_CheckHealthText@COPOSItemDispenser@@UEAAJPEAPEA_W@Z 000000018000e810 f   ItemDispenserImpl.obj
 0001:0000d824       ?get_Claimed@COPOSItemDispenser@@UEAAJPEAF@Z 000000018000e824 f   ItemDispenserImpl.obj
 0001:0000d858       ?get_ControlObjectDescription@COPOSItemDispenser@@UEAAJPEAPEA_W@Z 000000018000e858 f   ItemDispenserImpl.obj
 0001:0000d8bc       ?get_ControlObjectVersion@COPOSItemDispenser@@UEAAJPEAJ@Z 000000018000e8bc f   ItemDispenserImpl.obj
 0001:0000d8c8       ?get_DeviceDescription@COPOSItemDispenser@@UEAAJPEAPEA_W@Z 000000018000e8c8 f   ItemDispenserImpl.obj
 0001:0000d8dc       ?get_DeviceEnabled@COPOSItemDispenser@@UEAAJPEAF@Z 000000018000e8dc f   ItemDispenserImpl.obj
 0001:0000d910       ?get_DeviceName@COPOSItemDispenser@@UEAAJPEAPEA_W@Z 000000018000e910 f   ItemDispenserImpl.obj
 0001:0000d924       ?get_DispenserStatus@COPOSItemDispenser@@UEAAJPEAJ@Z 000000018000e924 f   ItemDispenserImpl.obj
 0001:0000d938       ?get_FreezeEvents@COPOSItemDispenser@@UEAAJPEAF@Z 000000018000e938 f   ItemDispenserImpl.obj
 0001:0000d968       ?get_MaxSlots@COPOSItemDispenser@@UEAAJPEAJ@Z 000000018000e968 f   ItemDispenserImpl.obj
 0001:0000d97c       ?get_OpenResult@COPOSItemDispenser@@UEAAJPEAJ@Z 000000018000e97c f   ItemDispenserImpl.obj
 0001:0000d988       ?get_PowerNotify@COPOSItemDispenser@@UEAAJPEAJ@Z 000000018000e988 f   ItemDispenserImpl.obj
 0001:0000d99c       ?get_PowerState@COPOSItemDispenser@@UEAAJPEAJ@Z 000000018000e99c f   ItemDispenserImpl.obj
 0001:0000d9b0       ?get_ResultCode@COPOSItemDispenser@@UEAAJPEAJ@Z 000000018000e9b0 f   ItemDispenserImpl.obj
 0001:0000d9ec       ?get_ResultCodeExtended@COPOSItemDispenser@@UEAAJPEAJ@Z 000000018000e9ec f   ItemDispenserImpl.obj
 0001:0000da00       ?get_ServiceObjectDescription@COPOSItemDispenser@@UEAAJPEAPEA_W@Z 000000018000ea00 f   ItemDispenserImpl.obj
 0001:0000da14       ?get_ServiceObjectVersion@COPOSItemDispenser@@UEAAJPEAJ@Z 000000018000ea14 f   ItemDispenserImpl.obj
 0001:0000da28       ?get_State@COPOSItemDispenser@@UEAAJPEAJ@Z 000000018000ea28 f   ItemDispenserImpl.obj
 0001:0000da54       ?put_BinaryConversion@COPOSItemDispenser@@UEAAJJ@Z 000000018000ea54 f   ItemDispenserImpl.obj
 0001:0000da68       ?put_DeviceEnabled@COPOSItemDispenser@@UEAAJF@Z 000000018000ea68 f   ItemDispenserImpl.obj
 0001:0000da80       ?put_FreezeEvents@COPOSItemDispenser@@UEAAJF@Z 000000018000ea80 f   ItemDispenserImpl.obj
 0001:0000dad0       ?put_PowerNotify@COPOSItemDispenser@@UEAAJJ@Z 000000018000ead0 f   ItemDispenserImpl.obj
 0001:0000dae4       ?s_EventWindowProc@COPOSItemDispenser@@KA_JPEAUHWND__@@I_K_J@Z 000000018000eae4 f i ItemDispenserImpl.obj
 0001:0000db60       ??_U@YAPEAX_K@Z            000000018000eb60 f   LIBCMT:new_array.obj
 0001:0000db68       ??_V@YAXPEAX@Z             000000018000eb68 f   LIBCMT:delete_array.obj
 0001:0000db68       ??3@YAXPEAX_K@Z            000000018000eb68 f   LIBCMT:delete_scalar_size.obj
 0001:0000db70       ??_V@YAXPEAX_K@Z           000000018000eb70 f   LIBCMT:delete_array_size.obj
 0001:0000db78       __scrt_acquire_startup_lock 000000018000eb78 f   LIBCMT:utility.obj
 0001:0000dbb4       __scrt_dllmain_after_initialize_c 000000018000ebb4 f   LIBCMT:utility.obj
 0001:0000dbe8       __scrt_dllmain_before_initialize_c 000000018000ebe8 f   LIBCMT:utility.obj
 0001:0000dc00       __scrt_dllmain_crt_thread_attach 000000018000ec00 f   LIBCMT:utility.obj
 0001:0000dc28       __scrt_dllmain_crt_thread_detach 000000018000ec28 f   LIBCMT:utility.obj
 0001:0000dc40       __scrt_dllmain_exception_filter 000000018000ec40 f   LIBCMT:utility.obj
 0001:0000dca0       __scrt_dllmain_uninitialize_c 000000018000eca0 f   LIBCMT:utility.obj
 0001:0000dcd0       __scrt_dllmain_uninitialize_critical 000000018000ecd0 f   LIBCMT:utility.obj
 0001:0000dce4       __scrt_initialize_crt      000000018000ece4 f   LIBCMT:utility.obj
 0001:0000dd30       __scrt_initialize_onexit_tables 000000018000ed30 f   LIBCMT:utility.obj
 0001:0000ddbc       __scrt_is_nonwritable_in_current_image 000000018000edbc f   LIBCMT:utility.obj
 0001:0000de54       __scrt_release_startup_lock 000000018000ee54 f   LIBCMT:utility.obj
 0001:0000de78       __scrt_uninitialize_crt    000000018000ee78 f   LIBCMT:utility.obj
 0001:0000dea4       _onexit                    000000018000eea4 f   LIBCMT:utility.obj
 0001:0000dee0       atexit                     000000018000eee0 f   LIBCMT:utility.obj
 0001:0000def8       ??3@YAXPEAX@Z              000000018000eef8 f   LIBCMT:delete_scalar.obj
 0001:0000dff8       _Init_thread_footer        000000018000eff8 f   LIBCMT:thread_safe_statics.obj
 0001:0000e058       _Init_thread_header        000000018000f058 f   LIBCMT:thread_safe_statics.obj
 0001:0000e0c0       _Init_thread_notify        000000018000f0c0 f   LIBCMT:thread_safe_statics.obj
 0001:0000e104       _Init_thread_wait          000000018000f104 f   LIBCMT:thread_safe_statics.obj
 0001:0000e168       __raise_securityfailure    000000018000f168 f   LIBCMT:gs_report.obj
 0001:0000e19c       __report_gsfailure         000000018000f19c f   LIBCMT:gs_report.obj
 0001:0000e270       __report_rangecheckfailure 000000018000f270 f   LIBCMT:gs_report.obj
 0001:0000e284       __report_securityfailure   000000018000f284 f   LIBCMT:gs_report.obj
 0001:0000e404       ??2@YAPEAX_KAEBUnothrow_t@std@@@Z 000000018000f404 f   LIBCMT:new_scalar_nothrow.obj
 0001:0000e424       ??_U@YAPEAX_KAEBUnothrow_t@std@@@Z 000000018000f424 f   LIBCMT:new_array_nothrow.obj
 0001:0000e42c       __GSHandlerCheck           000000018000f42c f   LIBCMT:gshandler.obj
 0001:0000e44c       __GSHandlerCheckCommon     000000018000f44c f   LIBCMT:gshandler.obj
 0001:0000e4a8       __GSHandlerCheck_SEH       000000018000f4a8 f   LIBCMT:gshandlerseh.obj
 0001:0000e540       __chkstk                   000000018000f540 f   LIBCMT:chkstk.obj
 0001:0000e540       _alloca_probe              000000018000f540 f   LIBCMT:chkstk.obj
 0001:0000e5b0       __security_check_cookie    000000018000f5b0 f   LIBCMT:amdsecgs.obj
 0001:0000e8f4       _DllMainCRTStartup         000000018000f8f4 f   LIBCMT:dll_dllmain.obj
 0001:0000e934       ??2@YAPEAX_K@Z             000000018000f934 f   LIBCMT:new_scalar.obj
 0001:0000e970       __isa_available_init       000000018000f970 f   LIBCMT:cpu_disp.obj
 0001:0000eb14       __scrt_is_ucrt_dll_in_use  000000018000fb14 f   LIBCMT:ucrt_detection.obj
 0001:0000eb20       __crt_debugger_hook        000000018000fb20 f   LIBCMT:utility_desktop.obj
 0001:0000eb28       __scrt_fastfail            000000018000fb28 f   LIBCMT:utility_desktop.obj
 0001:0000ec74       __security_init_cookie     000000018000fc74 f   LIBCMT:gs_support.obj
 0001:0000ed20       ?__scrt_initialize_type_info@@YAXXZ 000000018000fd20 f   LIBCMT:tncleanup.obj
 0001:0000ed30       ?__scrt_uninitialize_type_info@@YAXXZ 000000018000fd30 f   LIBCMT:tncleanup.obj
 0001:0000ed3c       __local_stdio_scanf_options 000000018000fd3c f i LIBCMT:default_local_stdio_options.obj
 0001:0000ed44       __scrt_initialize_default_local_stdio_options 000000018000fd44 f   LIBCMT:default_local_stdio_options.obj
 0001:0000ed60       __scrt_get_dyn_tls_init_callback 000000018000fd60 f   LIBCMT:dyn_tls_init.obj
 0001:0000ed68       _RTC_Initialize            000000018000fd68 f   LIBCMT:initsect.obj
 0001:0000eda4       _RTC_Terminate             000000018000fda4 f   LIBCMT:initsect.obj
 0001:0000ede0       ??0bad_alloc@std@@QEAA@AEBV01@@Z 000000018000fde0 f i LIBCMT:throw_bad_alloc.obj
 0001:0000ee1c       ??0bad_alloc@std@@QEAA@XZ  000000018000fe1c f i LIBCMT:throw_bad_alloc.obj
 0001:0000ee3c       ??0bad_array_new_length@std@@QEAA@AEBV01@@Z 000000018000fe3c f i LIBCMT:throw_bad_alloc.obj
 0001:0000ee78       ??0bad_array_new_length@std@@QEAA@XZ 000000018000fe78 f i LIBCMT:throw_bad_alloc.obj
 0001:0000ee98       ??0exception@std@@QEAA@AEBV01@@Z 000000018000fe98 f i LIBCMT:throw_bad_alloc.obj
 0001:0000eecc       ??1bad_array_new_length@std@@UEAA@XZ 000000018000fecc f i LIBCMT:throw_bad_alloc.obj
 0001:0000eecc       ??1bad_alloc@std@@UEAA@XZ  000000018000fecc f i LIBCMT:throw_bad_alloc.obj
 0001:0000eecc       ??1bad_exception@std@@UEAA@XZ 000000018000fecc f i libvcruntime:frame.obj
 0001:0000eee0       ??_Ebad_alloc@std@@UEAAPEAXI@Z 000000018000fee0 f i LIBCMT:throw_bad_alloc.obj
 0001:0000eee0       ??_Eexception@std@@UEAAPEAXI@Z 000000018000fee0 f i LIBCMT:throw_bad_alloc.obj
 0001:0000eee0       ??_Ebad_exception@std@@UEAAPEAXI@Z 000000018000fee0 f i libvcruntime:frame.obj
 0001:0000eee0       ??_Gbad_exception@std@@UEAAPEAXI@Z 000000018000fee0 f i libvcruntime:frame.obj
 0001:0000eee0       ??_Gbad_array_new_length@std@@UEAAPEAXI@Z 000000018000fee0 f i LIBCMT:throw_bad_alloc.obj
 0001:0000eee0       ??_Gexception@std@@UEAAPEAXI@Z 000000018000fee0 f i LIBCMT:throw_bad_alloc.obj
 0001:0000eee0       ??_Gbad_alloc@std@@UEAAPEAXI@Z 000000018000fee0 f i LIBCMT:throw_bad_alloc.obj
 0001:0000eee0       ??_Ebad_array_new_length@std@@UEAAPEAXI@Z 000000018000fee0 f i LIBCMT:throw_bad_alloc.obj
 0001:0000ef24       ?__scrt_throw_std_bad_alloc@@YAXXZ 000000018000ff24 f   LIBCMT:throw_bad_alloc.obj
 0001:0000ef44       ?__scrt_throw_std_bad_array_new_length@@YAXXZ 000000018000ff44 f   LIBCMT:throw_bad_alloc.obj
 0001:0000ef64       ?what@exception@std@@UEBAPEBDXZ 000000018000ff64 f i LIBCMT:throw_bad_alloc.obj
 0001:0000ef80       ??_Gtype_info@@UEAAPEAXI@Z 000000018000ff80 f i LIBCMT:std_type_info_static.obj
 0001:0000ef80       ??_Etype_info@@UEAAPEAXI@Z 000000018000ff80 f i LIBCMT:std_type_info_static.obj
 0001:0000efac       ??0CAtlBaseModule@ATL@@QEAA@XZ 000000018000ffac f   atls:atlbase.obj
 0001:0000f054       ??1CAtlBaseModule@ATL@@QEAA@XZ 0000000180010054 f   atls:atlbase.obj
 0001:0000f188       ?__AllocStdCallThunk_cmn@@YAPEAXXZ 0000000180010188 f   atls:atlthunk.obj
 0001:0000f2e0       AtlThunk_AllocateData      00000001800102e0 f   atls:atlthunk.obj
 0001:0000f35c       AtlThunk_DataToCode        000000018001035c f   atls:atlthunk.obj
 0001:0000f3b0       AtlThunk_FreeData          00000001800103b0 f   atls:atlthunk.obj
 0001:0000f410       AtlThunk_InitData          0000000180010410 f   atls:atlthunk.obj
 0001:0000f4b8       _get_purecall_handler      00000001800104b8 f   libvcruntime:purevirt.obj
 0001:0000f4c0       _purecall                  00000001800104c0 f   libvcruntime:purevirt.obj
 0001:0000f4dc       wcsstr                     00000001800104dc f   libvcruntime:wcsstr.obj
 0001:0000f710       memcmp                     0000000180010710 f   libvcruntime:memcmp.obj
 0001:0000f7f0       memcpy_repmovs             00000001800107f0 f   libvcruntime:memcpy.obj
 0001:0000f810       memmove                    0000000180010810 f   libvcruntime:memcpy.obj
 0001:0000f810       memcpy                     0000000180010810 f   libvcruntime:memcpy.obj
 0001:0000fc00       memset_repmovs             0000000180010c00 f   libvcruntime:memset.obj
 0001:0000fc20       memset                     0000000180010c20 f   libvcruntime:memset.obj
 0001:0000fdb0       __vcrt_initialize          0000000180010db0 f   libvcruntime:initialization.obj
 0001:0000fdd8       __vcrt_thread_attach       0000000180010dd8 f   libvcruntime:initialization.obj
 0001:0000fdec       __vcrt_thread_detach       0000000180010dec f   libvcruntime:initialization.obj
 0001:0000fe00       __vcrt_uninitialize        0000000180010e00 f   libvcruntime:initialization.obj
 0001:0000fe1c       __vcrt_uninitialize_critical 0000000180010e1c f   libvcruntime:initialization.obj
 0001:0000fe2c       __C_specific_handler       0000000180010e2c f   libvcruntime:riscchandler.obj
 0001:00010038       ??$_CallSETranslator@V__FrameHandler3@@@@YAHPEAUEHExceptionRecord@@PEA_KPEAU_CONTEXT@@PEAU_xDISPATCHER_CONTEXT@@PEBU_s_FuncInfo@@K1@Z 0000000180011038 f i libvcruntime:risctrnsctrl.obj
[...]
 0004:00001710       $pdata$?try_get_function@@YAPEAXW4function_id@?A0x391cf84c@@QEBDQEBW4module_id@2@2@Z 0000000180034710     libucrt:winapi_thunks.obj
 0004:0000171c       $pdata$wcstol              000000018003471c     libucrt:strtox.obj
 0004:00001728       $pdata$_mbtowc_l           0000000180034728     libucrt:mbtowc.obj
 0004:00001734       $pdata$__acrt_update_locale_info 0000000180034734     libucrt:locale_update.obj
 0004:00001740       $pdata$__acrt_update_multibyte_info 0000000180034740     libucrt:locale_update.obj
 0004:0000174c       $pdata$__acrt_fp_format    000000018003474c     libucrt:cvt.obj
 0004:00001758       $pdata$?fp_format_e_internal@@YAHQEAD_KH_NIQEAU_strflt@@2QEAU__crt_locale_pointers@@@Z 0000000180034758     libucrt:cvt.obj
 0004:00001764       $pdata$?fp_format_e@@YAHQEBNQEAD_K12H_NIQEAU__crt_locale_pointers@@@Z 0000000180034764     libucrt:cvt.obj
 0004:00001770       $pdata$?fp_format_a@@YAHQEBNPEAD_KQEAD2H_NIQEAU__crt_locale_pointers@@@Z 0000000180034770     libucrt:cvt.obj
 0004:0000177c       $pdata$?fp_format_f_internal@@YAHQEAD_KHQEAU_strflt@@_NQEAU__crt_locale_pointers@@@Z 000000018003477c     libucrt:cvt.obj
 0004:00001788       $pdata$?fp_format_g@@YAHQEBNQEAD_K12H_NIQEAU__crt_locale_pointers@@@Z 0000000180034788     libucrt:cvt.obj
 0004:00001794       $pdata$_fileno             0000000180034794     libucrt:fileno.obj
 0004:000017a0       $pdata$__acrt_initialize_stdio 00000001800347a0     libucrt:_file.obj
 0004:000017ac       $pdata$__acrt_uninitialize_stdio 00000001800347ac     libucrt:_file.obj
 0004:000017b8       $pdata$__acrt_uninitialize_locale 00000001800347b8     libucrt:wsetlocale.obj
 0004:000017c4       $pdata$??$?RV<lambda_410d79af7f07d98d83a3f525b3859a53>@@AEAV<lambda_3e16ef9562a7dcce91392c22ab16ea36>@@V<lambda_38119f0e861e05405d8a144b9b982f0a>@@@?$__crt_seh_guarded_call@X@@QEAAX$$QEAV<lambda_410d79af7f07d98d83a3f525b3859a53>@@AEAV<lambda_3e16ef9562a7dcce91392c22ab16ea36>@@$$QEAV<lambda_38119f0e861e05405d8a144b9b982f0a>@@@Z 00000001800347c4     libucrt:wsetlocale.obj
 0004:000017d0       $pdata$?fin$0@?0???$?RV<lambda_410d79af7f07d98d83a3f525b3859a53>@@AEAV<lambda_3e16ef9562a7dcce91392c22ab16ea36>@@V<lambda_38119f0e861e05405d8a144b9b982f0a>@@@?$__crt_seh_guarded_call@X@@QEAAX$$QEAV<lambda_410d79af7f07d98d83a3f525b3859a53>@@AEAV<lambda_3e16ef9562a7dcce91392c22ab16ea36>@@$$QEAV<lambda_38119f0e861e05405d8a144b9b982f0a>@@@Z@4HA 00000001800347d0     libucrt:wsetlocale.obj
 0004:000017dc       $pdata$__acrt_initialize_lowio 00000001800347dc     libucrt:ioinit.obj
 0004:000017e8       $pdata$__acrt_initialize_lowio$fin$0 00000001800347e8     libucrt:ioinit.obj
 0004:000017e8       $pdata$__acrt_lowio_ensure_fh_exists$fin$0 00000001800347e8     libucrt:osfinfo.obj
 0004:000017f4       $pdata$__acrt_uninitialize_lowio 00000001800347f4     libucrt:ioinit.obj
 0004:00001800       $pdata$?initialize_inherited_file_handles_nolock@@YAXXZ 0000000180034800     libucrt:ioinit.obj
 0004:0000180c       $pdata$?initialize_stdio_handles_nolock@@YAXXZ 000000018003480c     libucrt:ioinit.obj
 0004:00001818       $pdata$__acrt_initialize_locks 0000000180034818     libucrt:locks.obj
 0004:00001824       $pdata$__acrt_uninitialize_locks 0000000180034824     libucrt:locks.obj
 0004:00001830       $pdata$__acrt_get_process_end_policy 0000000180034830     libucrt:win_policies.obj
 0004:0000183c       $pdata$??$__acrt_mbs_to_wcs_cp@U__crt_win32_buffer_internal_dynamic_resizing@@@@YAHQEBDAEAV?$__crt_win32_buffer@_WU__crt_win32_buffer_internal_dynamic_resizing@@@@I@Z 000000018003483c     libucrt:argv_wildcards.obj
 0004:00001848       $pdata$??$__acrt_wcs_to_mbs_cp@U__crt_win32_buffer_internal_dynamic_resizing@@@@YAHQEB_WAEAV?$__crt_win32_buffer@DU__crt_win32_buffer_internal_dynamic_resizing@@@@I@Z 0000000180034848     libucrt:argv_wildcards.obj
 0004:00001854       $pdata$??$common_expand_argv_wildcards@D@@YAHQEAPEADQEAPEAPEAD@Z 0000000180034854     libucrt:argv_wildcards.obj
 0004:00001860       $pdata$??$copy_and_add_argument_to_buffer@D@@YAHQEBD0_KAEAV?$argument_list@D@?A0x5f5c8891@@@Z 0000000180034860     libucrt:argv_wildcards.obj
 0004:0000186c       $pdata$??$expand_argument_wildcards@D@@YAHQEAD0AEAV?$argument_list@D@?A0x5f5c8891@@@Z 000000018003486c     libucrt:argv_wildcards.obj
 0004:00001878       $pdata$__acrt_GetModuleFileNameA 0000000180034878     libucrt:getmodulefilenamea.obj
 0004:00001884       $pdata$??$__acrt_wcs_to_mbs_cp@U__crt_win32_buffer_no_resizing@@@@YAHQEB_WAEAV?$__crt_win32_buffer@DU__crt_win32_buffer_no_resizing@@@@I@Z 0000000180034884     libucrt:getmodulefilenamea.obj
 0004:00001890       $pdata$__acrt_update_thread_multibyte_data 0000000180034890     libucrt:mbctype.obj
 0004:0000189c       $pdata$__acrt_initialize_multibyte 000000018003489c     libucrt:mbctype.obj
 0004:000018a8       $pdata$_setmbcp_nolock     00000001800348a8     libucrt:mbctype.obj
 0004:000018b4       $pdata$?getSystemCP@@YAHH@Z 00000001800348b4     libucrt:mbctype.obj
 0004:000018c0       $pdata$?setSBCS@@YAXPEAU__crt_multibyte_data@@@Z 00000001800348c0     libucrt:mbctype.obj
 0004:000018cc       $pdata$?update_thread_multibyte_data_internal@@YAPEAU__crt_multibyte_data@@QEAU__acrt_ptd@@QEAPEAU1@@Z 00000001800348cc     libucrt:mbctype.obj
 0004:000018d8       $pdata$?fin$0@?0??update_thread_multibyte_data_internal@@YAPEAU__crt_multibyte_data@@QEAU__acrt_ptd@@QEAPEAU1@@Z@4HA 00000001800348d8     libucrt:mbctype.obj
 0004:000018e4       $pdata$?setmbcp_internal@@YAHH_NQEAU__acrt_ptd@@QEAPEAU__crt_multibyte_data@@@Z 00000001800348e4     libucrt:mbctype.obj
 0004:000018f0       $pdata$?setSBUpLow@@YAXPEAU__crt_multibyte_data@@@Z 00000001800348f0     libucrt:mbctype.obj
 0004:000018fc       $pdata$??$?RV<lambda_efdfa57d1f175319df784efa44bb7b81>@@AEAV<lambda_5f0a4c1567f8adc6734073e5d1e1b35c>@@V<lambda_2e8a7d3640ea6ccb4c2413664c2db6fd>@@@?$__crt_seh_guarded_call@X@@QEAAX$$QEAV<lambda_efdfa57d1f175319df784efa44bb7b81>@@AEAV<lambda_5f0a4c1567f8adc6734073e5d1e1b35c>@@$$QEAV<lambda_2e8a7d3640ea6ccb4c2413664c2db6fd>@@@Z 00000001800348fc     libucrt:mbctype.obj
 0004:00001908       $pdata$?x_ismbbtype_l@@YAHPEAU__crt_locale_pointers@@IHH@Z 0000000180034908     libucrt:ismbbyte.obj
 0004:00001914       $pdata$__acrt_initialize_command_line 0000000180034914     libucrt:argv_data.obj
 0004:00001920       $pdata$__acrt_WideCharToMultiByte 0000000180034920     libucrt:widechartomultibyte.obj
 0004:0000192c       $pdata$__dcrt_get_narrow_environment_from_os 000000018003492c     libucrt:get_environment_from_os.obj
 0004:00001938       $pdata$__acrt_initialize_heap 0000000180034938     libucrt:heap_handle.obj
 0004:00001944       $pdata$__acrt_execute_initializers 0000000180034944     libucrt:shared_initialization.obj
 0004:00001950       $pdata$__acrt_execute_uninitializers 0000000180034950     libucrt:shared_initialization.obj
 0004:0000195c       $pdata$__acrt_get_sigabrt_handler 000000018003495c     libucrt:signal.obj
 0004:00001968       $pdata$raise               0000000180034968     libucrt:signal.obj
 0004:00001974       $pdata$raise$fin$0         0000000180034974     libucrt:signal.obj
 0004:00001980       $pdata$??$?RV<lambda_450d765d439847d4c735a33c368b5fc0>@@AEAV<lambda_44731a7d0e6d81c3e6aa82d741081786>@@V<lambda_601a2a7da3b7a96e9554ac7215c4b07c>@@@?$__crt_seh_guarded_call@P6AXH@Z@@QEAAP6AXH@Z$$QEAV<lambda_450d765d439847d4c735a33c368b5fc0>@@AEAV<lambda_44731a7d0e6d81c3e6aa82d741081786>@@$$QEAV<lambda_601a2a7da3b7a96e9554ac7215c4b07c>@@@Z 0000000180034980     libucrt:signal.obj
 0004:0000198c       $pdata$_fflush_nolock      000000018003498c     libucrt:fflush.obj
 0004:00001998       $pdata$__acrt_stdio_flush_nolock 0000000180034998     libucrt:fflush.obj
 0004:000019a4       $pdata$?common_flush_all@@YAH_N@Z 00000001800349a4     libucrt:fflush.obj
 0004:000019b0       $pdata$??$?RV<lambda_842d9ff0dc9ef11c61343bbaebe7f885>@@AEAV<lambda_c5860995281e5c4ce005b3de8f5874ee>@@V<lambda_d90129c13df834fdcbf8d2b88dafcf2d>@@@?$__crt_seh_guarded_call@X@@QEAAX$$QEAV<lambda_842d9ff0dc9ef11c61343bbaebe7f885>@@AEAV<lambda_c5860995281e5c4ce005b3de8f5874ee>@@$$QEAV<lambda_d90129c13df834fdcbf8d2b88dafcf2d>@@@Z 00000001800349b0     libucrt:fflush.obj
 0004:000019bc       $pdata$?fin$0@?0???$?RV<lambda_842d9ff0dc9ef11c61343bbaebe7f885>@@AEAV<lambda_c5860995281e5c4ce005b3de8f5874ee>@@V<lambda_d90129c13df834fdcbf8d2b88dafcf2d>@@@?$__crt_seh_guarded_call@X@@QEAAX$$QEAV<lambda_842d9ff0dc9ef11c61343bbaebe7f885>@@AEAV<lambda_c5860995281e5c4ce005b3de8f5874ee>@@$$QEAV<lambda_d90129c13df834fdcbf8d2b88dafcf2d>@@@Z@4HA 00000001800349bc     libucrt:fflush.obj
 0004:000019c8       $pdata$??$?RV<lambda_886d6c58226a84441f68b9f2b8217b83>@@AEAV<lambda_ab61a845afdef5b7c387490eaf3616ee>@@V<lambda_f7f22ab5edc0698d5f6905b0d3f44752>@@@?$__crt_seh_guarded_call@X@@QEAAX$$QEAV<lambda_886d6c58226a84441f68b9f2b8217b83>@@AEAV<lambda_ab61a845afdef5b7c387490eaf3616ee>@@$$QEAV<lambda_f7f22ab5edc0698d5f6905b0d3f44752>@@@Z 00000001800349c8     libucrt:fflush.obj
 0004:000019d4       $pdata$?fin$0@?0???$?RV<lambda_886d6c58226a84441f68b9f2b8217b83>@@AEAV<lambda_ab61a845afdef5b7c387490eaf3616ee>@@V<lambda_f7f22ab5edc0698d5f6905b0d3f44752>@@@?$__crt_seh_guarded_call@X@@QEAAX$$QEAV<lambda_886d6c58226a84441f68b9f2b8217b83>@@AEAV<lambda_ab61a845afdef5b7c387490eaf3616ee>@@$$QEAV<lambda_f7f22ab5edc0698d5f6905b0d3f44752>@@@Z@4HA 00000001800349d4     libucrt:fflush.obj
 0004:000019e0       $pdata$__pctype_func       00000001800349e0     libucrt:ctype.obj
 0004:000019ec       $pdata$iswctype            00000001800349ec     libucrt:iswctype.obj
 0004:000019f8       $pdata$__acrt_release_locale_ref 00000001800349f8     libucrt:locale_refcounting.obj
 0004:00001a04       $pdata$__acrt_free_locale  0000000180034a04     libucrt:locale_refcounting.obj
 0004:00001a10       $pdata$__acrt_locale_free_lc_time_if_unreferenced 0000000180034a10     libucrt:locale_refcounting.obj
 0004:00001a1c       $pdata$__acrt_update_thread_locale_data 0000000180034a1c     libucrt:locale_refcounting.obj
 0004:00001a28       $pdata$__acrt_update_thread_locale_data$fin$0 0000000180034a28     libucrt:locale_refcounting.obj
 0004:00001a34       $pdata$_updatetlocinfoEx_nolock 0000000180034a34     libucrt:locale_refcounting.obj
 0004:00001a40       $pdata$__acrt_DownlevelLocaleNameToLCID 0000000180034a40     libucrt:lcidtoname_downlevel.obj
 0004:00001a4c       $pdata$_isleadbyte_l       0000000180034a4c     libucrt:_wctype.obj
 0004:00001a58       $pdata$?__mbrtowc_utf8@__crt_mbstring@@YA_KPEA_WPEBD_KPEAU_Mbstatet@@@Z 0000000180034a58     libucrt:mbrtowc.obj
 0004:00001a64       $pdata$?__mbsrtowcs_utf8@__crt_mbstring@@YA_KPEA_WPEAPEBD_KPEAU_Mbstatet@@@Z 0000000180034a64     libucrt:mbrtowc.obj
 0004:00001a70       $pdata$__acrt_fp_strflt_to_string 0000000180034a70     libucrt:_fptostr.obj
 0004:00001a7c       $pdata$memcpy_s            0000000180034a7c     libucrt:cfout.obj
 0004:00001a88       $pdata$__acrt_fltout       0000000180034a88     libucrt:cfout.obj
 0004:00001a94       $pdata$?divide@__crt_strtox@@YA_KAEAUbig_integer@1@AEBU21@@Z 0000000180034a94     libucrt:cfout.obj
 0004:00001aa0       $pdata$0$?divide@__crt_strtox@@YA_KAEAUbig_integer@1@AEBU21@@Z 0000000180034aa0     libucrt:cfout.obj
 0004:00001aac       $pdata$1$?divide@__crt_strtox@@YA_KAEAUbig_integer@1@AEBU21@@Z 0000000180034aac     libucrt:cfout.obj
 0004:00001ab8       $pdata$_fcloseall          0000000180034ab8     libucrt:closeall.obj
 0004:00001ac4       $pdata$_fcloseall$fin$0    0000000180034ac4     libucrt:closeall.obj
 0004:00001ad0       $pdata$__acrt_stdio_free_buffer_nolock 0000000180034ad0     libucrt:_freebuf.obj
 0004:00001adc       $pdata$_isatty             0000000180034adc     libucrt:isatty.obj
 0004:00001ae8       $pdata$__acrt_locale_free_monetary 0000000180034ae8     libucrt:initmon.obj
 0004:00001af4       $pdata$__acrt_locale_free_numeric 0000000180034af4     libucrt:initnum.obj
 0004:00001b00       $pdata$__acrt_locale_free_time 0000000180034b00     libucrt:inittime.obj
 0004:00001b0c       $pdata$?free_crt_array_internal@@YAXQEAPEBX_K@Z 0000000180034b0c     libucrt:inittime.obj
 0004:00001b18       $pdata$__acrt_GetStringTypeA 0000000180034b18     libucrt:getstringtypea.obj
 0004:00001b24       $pdata$_get_osfhandle      0000000180034b24     libucrt:osfinfo.obj
 0004:00001b30       $pdata$_free_osfhnd        0000000180034b30     libucrt:osfinfo.obj
 0004:00001b3c       $pdata$__acrt_lowio_create_handle_array 0000000180034b3c     libucrt:osfinfo.obj
 0004:00001b48       $pdata$__acrt_lowio_destroy_handle_array 0000000180034b48     libucrt:osfinfo.obj
 0004:00001b54       $pdata$__acrt_lowio_ensure_fh_exists 0000000180034b54     libucrt:osfinfo.obj
 0004:00001b60       $pdata$qsort               0000000180034b60     libucrt:qsort.obj
 0004:00001b6c       $pdata$4$qsort             0000000180034b6c     libucrt:qsort.obj
 0004:00001b78       $pdata$5$qsort             0000000180034b78     libucrt:qsort.obj
 0004:00001b84       $pdata$strncpy_s           0000000180034b84     libucrt:strncpy_s.obj
 0004:00001b90       $pdata$strpbrk             0000000180034b90     libucrt:strpbrk.obj
 0004:00001b9c       $pdata$fallbackMethod      0000000180034b9c     libucrt:strpbrk.obj
 0004:00001ba8       $pdata$_mbsdec_l           0000000180034ba8     libucrt:mbsdec.obj
 0004:00001bb4       $pdata$__acrt_LCMapStringA 0000000180034bb4     libucrt:lcmapstringa.obj
 0004:00001bc0       $pdata$?__acrt_LCMapStringA_stat@@YAHPEAU__crt_locale_pointers@@PEB_WKPEBDHPEADHHH@Z 0000000180034bc0     libucrt:lcmapstringa.obj
 0004:00001bcc       $pdata$?initialize_multibyte@@YAHXZ 0000000180034bcc     libucrt:multibyte_initializer.obj
 0004:00001bd8       $pdata$_commit             0000000180034bd8     libucrt:commit.obj
 0004:00001be4       $pdata$??$?RV<lambda_a37b2b86f63e897a80ea819b0eb08c01>@@AEAV<lambda_38ce7e780aa69e748d6df282ebc68efe>@@V<lambda_99fb1378e971ab6e7edea83e3a7a83a2>@@@?$__crt_seh_guarded_call@H@@QEAAH$$QEAV<lambda_a37b2b86f63e897a80ea819b0eb08c01>@@AEAV<lambda_38ce7e780aa69e748d6df282ebc68efe>@@$$QEAV<lambda_99fb1378e971ab6e7edea83e3a7a83a2>@@@Z 0000000180034be4     libucrt:commit.obj
 0004:00001bf0       $pdata$?fin$0@?0???$?RV<lambda_751a882b2c74d4b022dec766aa51a29a>@@AEAV<lambda_628dfdc04ba53c8bfc02c9951375f3f5>@@V<lambda_f6c7be5f7998530c34de24c7437d6b54>@@@?$__crt_seh_guarded_call@H@@QEAAH$$QEAV<lambda_751a882b2c74d4b022dec766aa51a29a>@@AEAV<lambda_628dfdc04ba53c8bfc02c9951375f3f5>@@$$QEAV<lambda_f6c7be5f7998530c34de24c7437d6b54>@@@Z@4HA 0000000180034bf0     libucrt:close.obj
 0004:00001bf0       $pdata$?fin$0@?0???$?RV<lambda_a37b2b86f63e897a80ea819b0eb08c01>@@AEAV<lambda_38ce7e780aa69e748d6df282ebc68efe>@@V<lambda_99fb1378e971ab6e7edea83e3a7a83a2>@@@?$__crt_seh_guarded_call@H@@QEAAH$$QEAV<lambda_a37b2b86f63e897a80ea819b0eb08c01>@@AEAV<lambda_38ce7e780aa69e748d6df282ebc68efe>@@$$QEAV<lambda_99fb1378e971ab6e7edea83e3a7a83a2>@@@Z@4HA 0000000180034bf0     libucrt:commit.obj
 0004:00001bfc       $pdata$_write              0000000180034bfc     libucrt:write.obj
 0004:00001c08       $pdata$_write$fin$0        0000000180034c08     libucrt:write.obj
 0004:00001c14       $pdata$_write_nolock       0000000180034c14     libucrt:write.obj
 0004:00001c20       $pdata$?write_double_translated_ansi_nolock@@YA?AUwrite_result@?A0x17268360@@HQEBDI@Z 0000000180034c20     libucrt:write.obj
 0004:00001c2c       $pdata$?write_text_ansi_nolock@@YA?AUwrite_result@?A0x17268360@@HQEBDI@Z 0000000180034c2c     libucrt:write.obj
 0004:00001c38       $pdata$?write_text_utf16le_nolock@@YA?AUwrite_result@?A0x17268360@@HQEBDI@Z 0000000180034c38     libucrt:write.obj
 0004:00001c44       $pdata$?write_text_utf8_nolock@@YA?AUwrite_result@?A0x17268360@@HQEBDI@Z 0000000180034c44     libucrt:write.obj
 0004:00001c50       $pdata$?__mbrtoc32_utf8@__crt_mbstring@@YA_KPEA_UPEBD_KPEAU_Mbstatet@@@Z 0000000180034c50     libucrt:mbrtoc32.obj
 0004:00001c5c       $pdata$fegetenv            0000000180034c5c     libucrt:fegetenv.obj
 0004:00001c68       $pdata$fesetenv            0000000180034c68     libucrt:fesetenv.obj
 0004:00001c74       $pdata$feholdexcept        0000000180034c74     libucrt:feholdexcept.obj
 0004:00001c8c       $pdata$??$common_lseek_nolock@_J@@YA_JH_JH@Z 0000000180034c8c     libucrt:lseek.obj
 0004:00001c98       $pdata$fclose              0000000180034c98     libucrt:fclose.obj
 0004:00001ca4       $pdata$fclose$fin$0        0000000180034ca4     libucrt:fclose.obj
 0004:00001cb0       $pdata$_fclose_nolock      0000000180034cb0     libucrt:fclose.obj
 0004:00001cbc       $pdata$_putwch_nolock      0000000180034cbc     libucrt:putwch.obj
 0004:00001cc8       $pdata$__acrt_fenv_set_control 0000000180034cc8     libucrt:_fenvutils.obj
 0004:00001cd4       $pdata$_clearfp            0000000180034cd4     libucrt:ieee.obj
 0004:00001ce0       $pdata$_call_matherr       0000000180034ce0     libucrt:libm_error.obj
 0004:00001cec       $pdata$_exception_enabled  0000000180034cec     libucrt:libm_error.obj
 0004:00001cf8       $pdata$_handle_error       0000000180034cf8     libucrt:libm_error.obj
 0004:00001d04       $pdata$__acrt_initialize_fma3 0000000180034d04     libucrt:fma3_available.obj
 0004:00001d10       $pdata$_log_special_common 0000000180034d10     libucrt:log_special.obj
 0004:00001d1c       $pdata$_log10_special      0000000180034d1c     libucrt:log_special.obj
 0004:00001d28       $pdata$_close              0000000180034d28     libucrt:close.obj
 0004:00001d34       $pdata$_close_nolock       0000000180034d34     libucrt:close.obj
 0004:00001d40       $pdata$??$?RV<lambda_751a882b2c74d4b022dec766aa51a29a>@@AEAV<lambda_628dfdc04ba53c8bfc02c9951375f3f5>@@V<lambda_f6c7be5f7998530c34de24c7437d6b54>@@@?$__crt_seh_guarded_call@H@@QEAAH$$QEAV<lambda_751a882b2c74d4b022dec766aa51a29a>@@AEAV<lambda_628dfdc04ba53c8bfc02c9951375f3f5>@@$$QEAV<lambda_f6c7be5f7998530c34de24c7437d6b54>@@@Z 0000000180034d40     libucrt:close.obj
 0004:00001d4c       $pdata$__dcrt_lowio_ensure_console_output_initialized 0000000180034d4c     libucrt:initcon.obj
 0004:00001d58       $pdata$__dcrt_write_console 0000000180034d58     libucrt:initcon.obj
 0004:00001d64       $pdata$__dcrt_terminate_console_output 0000000180034d64     libucrt:initcon.obj
 0004:00001d7c       $pdata$_set_errno_from_matherr 0000000180034d7c     libucrt:fpexcept.obj
 0004:00001d88       $pdata$_raise_exc          0000000180034d88     libucrt:fpexcept.obj
 0004:00001d94       $pdata$_raise_exc_ex       0000000180034d94     libucrt:fpexcept.obj
 0004:00001da0       $pdata$_clrfp              0000000180034da0     libucrt:fpctrl.obj
 0004:00001dac       $pdata$_ctrlfp             0000000180034dac     libucrt:fpctrl.obj
 0004:00001db8       $pdata$_ctrlfp$filt$0      0000000180034db8     libucrt:fpctrl.obj
 0004:00001dc4       $pdata$_statfp             0000000180034dc4     libucrt:fpctrl.obj
 0004:00001dd0       $pdata$_set_statfp         0000000180034dd0     libucrt:fpctrl.obj
 0004:00001ddc       $pdata$_IsNonwritableInCurrentImage 0000000180034ddc     LIBCMT:pesect.obj
 0004:00001de8       $pdata$_IsNonwritableInCurrentImage$filt$0 0000000180034de8     LIBCMT:pesect.obj
 0005:00000000       MoveSmall                  0000000180035000     libvcruntime:memcpy.obj
 0005:00000050       MsetTab                    0000000180035050     libvcruntime:memset.obj
 0006:00000220       $R000000                   0000000180036220     ItemDispenser.res
 0006:00000bc8       $R0009A8                   0000000180036bc8     ItemDispenser.res
 0006:00000cb0       $R000A90                   0000000180036cb0     ItemDispenser.res
 0006:00000f18       $R000CF8                   0000000180036f18     ItemDispenser.res
 0006:00001438       $R001218                   0000000180037438     ItemDispenser.res
 0006:00003990       $R003770                   0000000180039990     ItemDispenser.res
 0006:000039d0       $R0037B0                   00000001800399d0     ItemDispenser.res
