 OPOSElectronicJournal

 Timestamp is 5b863d37 (Wed Aug 29 15:29:11 2018)

 Preferred load address is 0000000180000000

 Start         Length     Name                   Class
 0001:00000000 000000c0H .text$di                CODE
 0001:000000c0 00020580H .text$mn                CODE
 0001:00020640 00000020H .text$mn$00             CODE
 0001:00020660 00000400H .text$x                 CODE
 0001:00020a60 000000c0H .text$yd                CODE
 0002:00000000 00000618H .idata$5                DATA
 0002:00000618 00000010H .00cfg                  DATA
 0002:00000628 00000008H .CRT$XCA                DATA
 0002:00000630 00000008H .CRT$XCL                DATA
 0002:00000638 00000020H .CRT$XCU                DATA
 0002:00000658 00000008H .CRT$XCZ                DATA
 0002:00000660 00000008H .CRT$XIA                DATA
 0002:00000668 00000020H .CRT$XIC                DATA
 0002:00000688 00000008H .CRT$XIZ                DATA
 0002:00000690 00000008H .CRT$XLA                DATA
 0002:00000698 00000008H .CRT$XLZ                DATA
 0002:000006a0 00000008H .CRT$XPA                DATA
 0002:000006a8 00000010H .CRT$XPX                DATA
 0002:000006b8 00000008H .CRT$XPXA               DATA
 0002:000006c0 00000008H .CRT$XPZ                DATA
 0002:000006c8 00000008H .CRT$XTA                DATA
 0002:000006d0 00000010H .CRT$XTZ                DATA
 0002:000006d8 00000000H .gfids$y                DATA
 0002:000006e0 0000a410H .rdata                  DATA
 0002:0000aaf0 00000028H .rdata$T                DATA
 0002:0000ab18 00000274H .rdata$r                DATA
 0002:0000ad8c 00000404H .rdata$zzzdbg           DATA
 0002:0000b190 00000008H .rtc$IAA                DATA
 0002:0000b198 00000008H .rtc$IZZ                DATA
 0002:0000b1a0 00000008H .rtc$TAA                DATA
 0002:0000b1a8 00000008H .rtc$TZZ                DATA
 0002:0000b1b0 00000004H .tls                    DATA
 0002:0000b1b4 00000004H .tls$                   DATA
 0002:0000b1b8 00000008H .tls$ZZZ                DATA
 0002:0000b1c0 00001708H .xdata                  DATA
 0002:0000c8c8 00000150H .xdata$x                DATA
 0002:0000ca18 00000008H ATL$__a                 DATA
 0002:0000ca20 00000010H ATL$__z                 DATA
 0002:0000ca30 000000b4H .edata                  DATA
 0002:0000cae4 00000078H .idata$2                DATA
 0002:0000cb5c 00000014H .idata$3                DATA
 0002:0000cb70 00000618H .idata$4                DATA
 0002:0000d188 00000c1cH .idata$6                DATA
 0003:00000000 00000cf8H .data                   DATA
 0003:00000cf8 000000c8H .data$r                 DATA
 0003:00000dc0 000013fcH .bss                    DATA
 0004:00000000 00002070H .pdata                  DATA
 0005:00000000 00000220H .rsrc$01                DATA
 0005:00000220 00005070H .rsrc$02                DATA

  Address         Publics by Value              Rva+Base               Lib:Object

 0000:00000000       __guard_fids_count         0000000000000000     <absolute>
 0000:00000000       __hybrid_code_map          0000000000000000     <absolute>
 0000:00000000       __guard_longjmp_count      0000000000000000     <absolute>
 0000:00000000       __guard_iat_count          0000000000000000     <absolute>
 0000:00000000       __guard_longjmp_table      0000000000000000     <absolute>
 0000:00000000       __volatile_metadata        0000000000000000     <absolute>
 0000:00000000       __guard_iat_table          0000000000000000     <absolute>
 0000:00000000       __hybrid_code_map_count    0000000000000000     <absolute>
 0000:00000000       __enclave_config           0000000000000000     <absolute>
 0000:00000000       ___safe_se_handler_count   0000000000000000     <absolute>
 0000:00000000       ___safe_se_handler_table   0000000000000000     <absolute>
 0000:00000000       __guard_fids_table         0000000000000000     <absolute>
 0000:00000000       __hybrid_auxiliary_iat     0000000000000000     <absolute>
 0000:00000000       __dynamic_value_reloc_table 0000000000000000     <absolute>
 0000:00000100       __guard_flags              0000000000000100     <absolute>
 0000:00000000       __ImageBase                0000000180000000     <linker-defined>
 0001:000000c0       ?DupWide@_CW@@AEAAXXZ      00000001800010c0 f   CWString.obj
 0001:000000e8       ?cw_dup@@YAXPEBDAEAHAEAPEA_W1@Z 00000001800010e8 f   CWString.obj
 0001:00000194       ?cw_memcpy@@YAHPEA_WPEBDH@Z 0000000180001194 f   CWString.obj
 0001:000001e0       ?cw_strcpy@@YAHPEA_WPEBD@Z 00000001800011e0 f   CWString.obj
 0001:000001f4       ??0CAtlComModule@ATL@@QEAA@XZ 00000001800011f4 f i OposVariant.obj
 0001:0000027c       ??0CAtlWinModule@ATL@@QEAA@XZ 000000018000127c f i OposVariant.obj
 0001:000002f0       ??0OposDispParms@@QEAA@PEAVOposVariant@@H@Z 00000001800012f0 f   OposVariant.obj
 0001:00000398       ??1OposDispParms@@QEAA@XZ  0000000180001398 f   OposVariant.obj
 0001:000003b0       ??_Estringdispid@CComTypeInfoHolder@ATL@@QEAAPEAXI@Z 00000001800013b0 f i OposVariant.obj
 0001:00000454       ?AtlWinModuleTerm@ATL@@YAJPEAU_ATL_WIN_MODULE70@1@PEAUHINSTANCE__@@@Z 0000000180001454 f i OposVariant.obj
 0001:00000504       ?ChangeBSTR@OposVariant@@QEAAXPEAPEA_WAEAJ@Z 0000000180001504 f   OposVariant.obj
 0001:00000564       ?ChangeCURRENCY@OposVariant@@QEAAXPEATtagCY@@AEAJ@Z 0000000180001564 f   OposVariant.obj
 0001:000005c4       ?ChangeLONG@OposVariant@@QEAAXPEAJAEAJ@Z 00000001800015c4 f   OposVariant.obj
 0001:00000620       ?GetLONG@OposVariant@@QEAAJXZ 0000000180001620 f   OposVariant.obj
 0001:00000644       ?SetBSTR@OposVariant@@QEAAXPEA_WAEAJ@Z 0000000180001644 f   OposVariant.obj
 0001:00000684       ?SetBSTR_Copy@OposVariant@@QEAAXPEA_WAEAJ@Z 0000000180001684 f   OposVariant.obj
 0001:000006f4       ?SetBSTR_InOutPtr@OposVariant@@QEAA_NPEAPEA_WAEAJ@Z 00000001800016f4 f   OposVariant.obj
 0001:00000744       ?SetBSTR_OutPtr@OposVariant@@QEAA_NPEAPEA_WAEAJ@Z 0000000180001744 f   OposVariant.obj
 0001:00000760       ?SetDispatch_Ptr@OposVariant@@QEAAXPEAUIDispatch@@AEAJ@Z 0000000180001760 f   OposVariant.obj
 0001:000007b8       ?SetLONG@OposVariant@@QEAAXJ@Z 00000001800017b8 f   OposVariant.obj
 0001:000007e8       ?SetLONG_Ptr@OposVariant@@QEAAXPEAJAEAJ@Z 00000001800017e8 f   OposVariant.obj
 0001:00000834       ?SetString@OposVariant@@QEAAXPEB_WAEAJ@Z 0000000180001834 f   OposVariant.obj
 0001:00000898       ?SetVARIANT_BOOL@OposVariant@@QEAAXF@Z 0000000180001898 f   OposVariant.obj
 0001:000008d0       ?Term@CAtlComModule@ATL@@QEAAXXZ 00000001800018d0 f i OposVariant.obj
 0001:00000940       ?_AtlInitializeCriticalSectionEx@ATL@@YAHPEAU_RTL_CRITICAL_SECTION@@KK@Z 0000000180001940 f i OposVariant.obj
 0001:00000948       ?_AtlRaiseException@ATL@@YAXKK@Z 0000000180001948 f i OposVariant.obj
 0001:00000958       ?CreateInstance@?$CComCreator@V?$CComObjectCached@VCComClassFactory@ATL@@@ATL@@@ATL@@SAJPEAXAEBU_GUID@@PEAPEAX@Z 0000000180001958 f i ElectronicJournal.obj
 0001:00000a58       ?CreateInstance@?$CComCreator2@V?$CComCreator@V?$CComObject@VCOPOSElectronicJournal@@@ATL@@@ATL@@V?$CComCreator@V?$CComAggObject@VCOPOSElectronicJournal@@@ATL@@@2@@ATL@@SAJPEAXAEBU_GUID@@PEAPEAX@Z 0000000180001a58 f i ElectronicJournal.obj
 0001:00000a68       ?QueryGetData@?$IDataObjectImpl@VCOPOSElectronicJournal@@@ATL@@UEAAJPEAUtagFORMATETC@@@Z 0000000180001a68 f i ElectronicJournal.obj
 0001:00000a68       ?ReactivateAndUndo@?$IOleInPlaceObjectWindowlessImpl@VCOPOSElectronicJournal@@@ATL@@UEAAJXZ 0000000180001a68 f i ElectronicJournal.obj
 0001:00000a68       ?SetMoniker@?$IOleObjectImpl@VCOPOSElectronicJournal@@@ATL@@UEAAJKPEAUIMoniker@@@Z 0000000180001a68 f i ElectronicJournal.obj
 0001:00000a68       ?EnumFormatEtc@?$IDataObjectImpl@VCOPOSElectronicJournal@@@ATL@@UEAAJKPEAPEAUIEnumFORMATETC@@@Z 0000000180001a68 f i ElectronicJournal.obj
 0001:00000a68       ?GetDataHere@?$IDataObjectImpl@VCOPOSElectronicJournal@@@ATL@@UEAAJPEAUtagFORMATETC@@PEAUtagSTGMEDIUM@@@Z 0000000180001a68 f i ElectronicJournal.obj
 0001:00000a68       ?SetColorScheme@?$IOleObjectImpl@VCOPOSElectronicJournal@@@ATL@@UEAAJPEAUtagLOGPALETTE@@@Z 0000000180001a68 f i ElectronicJournal.obj
 0001:00000a68       ?GetDropTarget@?$IOleInPlaceObjectWindowlessImpl@VCOPOSElectronicJournal@@@ATL@@UEAAJPEAPEAUIDropTarget@@@Z 0000000180001a68 f i ElectronicJournal.obj
 0001:00000a68       ?GetControlInfo@?$IOleControlImpl@VCOPOSElectronicJournal@@@ATL@@UEAAJPEAUtagCONTROLINFO@@@Z 0000000180001a68 f i ElectronicJournal.obj
 0001:00000a68       ?InitFromData@?$IOleObjectImpl@VCOPOSElectronicJournal@@@ATL@@UEAAJPEAUIDataObject@@HK@Z 0000000180001a68 f i ElectronicJournal.obj
 0001:00000a68       ?ContextSensitiveHelp@?$IOleInPlaceActiveObjectImpl@VCOPOSElectronicJournal@@@ATL@@UEAAJH@Z 0000000180001a68 f i ElectronicJournal.obj
 0001:00000a68       ?SetData@?$IDataObjectImpl@VCOPOSElectronicJournal@@@ATL@@UEAAJPEAUtagFORMATETC@@PEAUtagSTGMEDIUM@@H@Z 0000000180001a68 f i ElectronicJournal.obj
 0001:00000a68       ?Unfreeze@?$IViewObjectExImpl@VCOPOSElectronicJournal@@@ATL@@UEAAJK@Z 0000000180001a68 f i ElectronicJournal.obj
 0001:00000a68       ?GetColorSet@?$IViewObjectExImpl@VCOPOSElectronicJournal@@@ATL@@UEAAJKJPEAXPEAUtagDVTARGETDEVICE@@PEAUHDC__@@PEAPEAUtagLOGPALETTE@@@Z 0000000180001a68 f i ElectronicJournal.obj
 0001:00000a68       ?QueryInterface@CRegObject@ATL@@UEAAJAEBU_GUID@@PEAPEAX@Z 0000000180001a68 f i ElectronicJournal.obj
 0001:00000a68       ?GetClipboardData@?$IOleObjectImpl@VCOPOSElectronicJournal@@@ATL@@UEAAJKPEAPEAUIDataObject@@@Z 0000000180001a68 f i ElectronicJournal.obj
 0001:00000a68       ?ContextSensitiveHelp@?$IOleInPlaceObjectWindowlessImpl@VCOPOSElectronicJournal@@@ATL@@UEAAJH@Z 0000000180001a68 f i ElectronicJournal.obj
 0001:00000a68       ?Freeze@?$IViewObjectExImpl@VCOPOSElectronicJournal@@@ATL@@UEAAJKJPEAXPEAK@Z 0000000180001a68 f i ElectronicJournal.obj
 0001:00000a68       ?GetCanonicalFormatEtc@?$IDataObjectImpl@VCOPOSElectronicJournal@@@ATL@@UEAAJPEAUtagFORMATETC@@0@Z 0000000180001a68 f i ElectronicJournal.obj
 0001:00000a68       ?GetRect@?$IViewObjectExImpl@VCOPOSElectronicJournal@@@ATL@@UEAAJKPEAU_RECTL@@@Z 0000000180001a68 f i ElectronicJournal.obj
 0001:00000a68       ?OnMnemonic@?$IOleControlImpl@VCOPOSElectronicJournal@@@ATL@@UEAAJPEAUtagMSG@@@Z 0000000180001a68 f i ElectronicJournal.obj
 0001:00000a68       ?GetMoniker@?$IOleObjectImpl@VCOPOSElectronicJournal@@@ATL@@UEAAJKKPEAPEAUIMoniker@@@Z 0000000180001a68 f i ElectronicJournal.obj
 0001:00000a70       ?AddRef@CRegObject@ATL@@UEAAKXZ 0000000180001a70 f i ElectronicJournal.obj
 0001:00000a70       ?FAccessAllowed@?$IObjectSafetyImpl@VCOPOSElectronicJournal@@$02@ATL@@MEAAHXZ 0000000180001a70 f i ElectronicJournal.obj
 0001:00000a78       ?Update@?$IOleObjectImpl@VCOPOSElectronicJournal@@@ATL@@UEAAJXZ 0000000180001a78 f i ElectronicJournal.obj
 0001:00000a78       ?HandsOffStorage@?$IPersistStorageImpl@VCOPOSElectronicJournal@@@ATL@@UEAAJXZ 0000000180001a78 f i ElectronicJournal.obj
 0001:00000a78       ?GetCategoryMap@CComObjectRootBase@ATL@@SAPEBU_ATL_CATMAP_ENTRY@2@XZ 0000000180001a78 f i ElectronicJournal.obj
 0001:00000a78       ?OnAmbientPropertyChange@?$IOleControlImpl@VCOPOSElectronicJournal@@@ATL@@UEAAJJ@Z 0000000180001a78 f i ElectronicJournal.obj
 0001:00000a78       ?SetHostNames@?$IOleObjectImpl@VCOPOSElectronicJournal@@@ATL@@UEAAJPEB_W0@Z 0000000180001a78 f i ElectronicJournal.obj
 0001:00000a78       ?SaveCompleted@?$IPersistStorageImpl@VCOPOSElectronicJournal@@@ATL@@UEAAJPEAUIStorage@@@Z 0000000180001a78 f i ElectronicJournal.obj
 0001:00000a78       ?IsUpToDate@?$IOleObjectImpl@VCOPOSElectronicJournal@@@ATL@@UEAAJXZ 0000000180001a78 f i ElectronicJournal.obj
 0001:00000a78       ?OnFrameWindowActivate@?$IOleInPlaceActiveObjectImpl@VCOPOSElectronicJournal@@@ATL@@UEAAJH@Z 0000000180001a78 f i ElectronicJournal.obj
 0001:00000a78       ?EnableModeless@?$IOleInPlaceActiveObjectImpl@VCOPOSElectronicJournal@@@ATL@@UEAAJH@Z 0000000180001a78 f i ElectronicJournal.obj
 0001:00000a78       ?GetObjectDescription@?$CComCoClass@VCOPOSElectronicJournal@@$1?CLSID_OPOSElectronicJournal@@3U_GUID@@B@ATL@@SAPEB_WXZ 0000000180001a78 f i ElectronicJournal.obj
 0001:00000a78       ?Release@CRegObject@ATL@@UEAAKXZ 0000000180001a78 f i ElectronicJournal.obj
 0001:00000a78       ?ResizeBorder@?$IOleInPlaceActiveObjectImpl@VCOPOSElectronicJournal@@@ATL@@UEAAJPEBUtagRECT@@PEAUIOleInPlaceUIWindow@@H@Z 0000000180001a78 f i ElectronicJournal.obj
 0001:00000a7c       ?AddReplacement@CRegObject@ATL@@UEAAJPEB_W0@Z 0000000180001a7c f i ElectronicJournal.obj
 0001:00000aac       ?ClearReplacements@CRegObject@ATL@@UEAAJXZ 0000000180001aac f i ElectronicJournal.obj
 0001:00000ab8       ??_GCRegObject@ATL@@UEAAPEAXI@Z 0000000180001ab8 f i ElectronicJournal.obj
 0001:00000ab8       ??_ECRegObject@ATL@@UEAAPEAXI@Z 0000000180001ab8 f i ElectronicJournal.obj
 0001:00000b38       ?Next@?$CComEnumImpl@UIEnumConnectionPoints@@$1?_GUID_b196b285_bab4_101a_b69c_00aa00341d07@@3U__s_GUID@@BPEAUIConnectionPoint@@V?$_CopyInterface@UIConnectionPoint@@@ATL@@@ATL@@UEAAJKPEAPEAUIConnectionPoint@@PEAK@Z 0000000180001b38 f i ElectronicJournal.obj
 0001:00000c04       ?Skip@?$CComEnumImpl@UIEnumConnectionPoints@@$1?_GUID_b196b285_bab4_101a_b69c_00aa00341d07@@3U__s_GUID@@BPEAUIConnectionPoint@@V?$_CopyInterface@UIConnectionPoint@@@ATL@@@ATL@@UEAAJK@Z 0000000180001c04 f i ElectronicJournal.obj
 0001:00000c30       ?Reset@?$CComEnumImpl@UIEnumConnections@@$1?_GUID_b196b287_bab4_101a_b69c_00aa00341d07@@3U__s_GUID@@BUtagCONNECTDATA@@V?$_Copy@UtagCONNECTDATA@@@ATL@@@ATL@@UEAAJXZ 0000000180001c30 f i ElectronicJournal.obj
 0001:00000c30       ?Reset@?$CComEnumImpl@UIEnumConnectionPoints@@$1?_GUID_b196b285_bab4_101a_b69c_00aa00341d07@@3U__s_GUID@@BPEAUIConnectionPoint@@V?$_CopyInterface@UIConnectionPoint@@@ATL@@@ATL@@UEAAJXZ 0000000180001c30 f i ElectronicJournal.obj
 0001:00000c3c       ?Clone@?$CComEnumImpl@UIEnumConnectionPoints@@$1?_GUID_b196b285_bab4_101a_b69c_00aa00341d07@@3U__s_GUID@@BPEAUIConnectionPoint@@V?$_CopyInterface@UIConnectionPoint@@@ATL@@@ATL@@UEAAJPEAPEAUIEnumConnectionPoints@@@Z 0000000180001c3c f i ElectronicJournal.obj
 0001:00000d64       ?AddRef@?$CComObject@V?$CComEnum@UIEnumConnectionPoints@@$1?_GUID_b196b285_bab4_101a_b69c_00aa00341d07@@3U__s_GUID@@BPEAUIConnectionPoint@@V?$_CopyInterface@UIConnectionPoint@@@ATL@@VCComSingleThreadModel@6@@ATL@@@ATL@@UEAAKXZ 0000000180001d64 f i ElectronicJournal.obj
 0001:00000d64       ?AddRef@?$CComObject@V?$CComEnum@UIEnumConnections@@$1?_GUID_b196b287_bab4_101a_b69c_00aa00341d07@@3U__s_GUID@@BUtagCONNECTDATA@@V?$_Copy@UtagCONNECTDATA@@@ATL@@VCComSingleThreadModel@6@@ATL@@@ATL@@UEAAKXZ 0000000180001d64 f i ElectronicJournal.obj
 0001:00000d70       ?Release@?$CComObject@V?$CComEnum@UIEnumConnections@@$1?_GUID_b196b287_bab4_101a_b69c_00aa00341d07@@3U__s_GUID@@BUtagCONNECTDATA@@V?$_Copy@UtagCONNECTDATA@@@ATL@@VCComSingleThreadModel@6@@ATL@@@ATL@@UEAAKXZ 0000000180001d70 f i ElectronicJournal.obj
 0001:00000d70       ?Release@?$CComObject@V?$CComEnum@UIEnumConnectionPoints@@$1?_GUID_b196b285_bab4_101a_b69c_00aa00341d07@@3U__s_GUID@@BPEAUIConnectionPoint@@V?$_CopyInterface@UIConnectionPoint@@@ATL@@VCComSingleThreadModel@6@@ATL@@@ATL@@UEAAKXZ 0000000180001d70 f i ElectronicJournal.obj
 0001:00000dc4       ?QueryInterface@?$CComObject@V?$CComEnum@UIEnumConnectionPoints@@$1?_GUID_b196b285_bab4_101a_b69c_00aa00341d07@@3U__s_GUID@@BPEAUIConnectionPoint@@V?$_CopyInterface@UIConnectionPoint@@@ATL@@VCComSingleThreadModel@6@@ATL@@@ATL@@UEAAJAEBU_GUID@@PEAPEAX@Z 0000000180001dc4 f i ElectronicJournal.obj
 0001:00000dd8       ??_G?$CComObject@V?$CComEnum@UIEnumConnectionPoints@@$1?_GUID_b196b285_bab4_101a_b69c_00aa00341d07@@3U__s_GUID@@BPEAUIConnectionPoint@@V?$_CopyInterface@UIConnectionPoint@@@ATL@@VCComSingleThreadModel@6@@ATL@@@ATL@@UEAAPEAXI@Z 0000000180001dd8 f i ElectronicJournal.obj
 0001:00000dd8       ??_E?$CComObject@V?$CComEnum@UIEnumConnectionPoints@@$1?_GUID_b196b285_bab4_101a_b69c_00aa00341d07@@3U__s_GUID@@BPEAUIConnectionPoint@@V?$_CopyInterface@UIConnectionPoint@@@ATL@@VCComSingleThreadModel@6@@ATL@@@ATL@@UEAAPEAXI@Z 0000000180001dd8 f i ElectronicJournal.obj
 0001:00000e30       ?AddRef@?$CComObjectCached@VCComClassFactory@ATL@@@ATL@@UEAAKXZ 0000000180001e30 f i ElectronicJournal.obj
 0001:00000e5c       ?Release@?$CComObjectCached@VCComClassFactory@ATL@@@ATL@@UEAAKXZ 0000000180001e5c f i ElectronicJournal.obj
 0001:00000e9c       ?QueryInterface@?$CComObjectCached@VCComClassFactory@ATL@@@ATL@@UEAAJAEBU_GUID@@PEAPEAX@Z 0000000180001e9c f i ElectronicJournal.obj
 0001:00000eb0       ??_E?$CComObjectCached@VCComClassFactory@ATL@@@ATL@@UEAAPEAXI@Z 0000000180001eb0 f i ElectronicJournal.obj
 0001:00000eb0       ??_G?$CComObjectCached@VCComClassFactory@ATL@@@ATL@@UEAAPEAXI@Z 0000000180001eb0 f i ElectronicJournal.obj
 0001:00000f08       ?AddRef@?$CComAggObject@VCOPOSElectronicJournal@@@ATL@@UEAAKXZ 0000000180001f08 f i ElectronicJournal.obj
 0001:00000f14       ?Release@?$CComAggObject@VCOPOSElectronicJournal@@@ATL@@UEAAKXZ 0000000180001f14 f i ElectronicJournal.obj
 0001:00000f68       ?QueryInterface@?$CComAggObject@VCOPOSElectronicJournal@@@ATL@@UEAAJAEBU_GUID@@PEAPEAX@Z 0000000180001f68 f i ElectronicJournal.obj
 0001:00000fc8       ?AddRef@?$CComContainedObject@VCOPOSElectronicJournal@@@ATL@@UEAAKXZ 0000000180001fc8 f i ElectronicJournal.obj
 0001:00000fd8       ?Release@?$CComContainedObject@VCOPOSElectronicJournal@@@ATL@@UEAAKXZ 0000000180001fd8 f i ElectronicJournal.obj
 0001:00000fe8       ?QueryInterface@?$CComContainedObject@VCOPOSElectronicJournal@@@ATL@@UEAAJAEBU_GUID@@PEAPEAX@Z 0000000180001fe8 f i ElectronicJournal.obj
 0001:00000ff8       ??_E?$CComAggObject@VCOPOSElectronicJournal@@@ATL@@UEAAPEAXI@Z 0000000180001ff8 f i ElectronicJournal.obj
 0001:00000ff8       ??_G?$CComAggObject@VCOPOSElectronicJournal@@@ATL@@UEAAPEAXI@Z 0000000180001ff8 f i ElectronicJournal.obj
 0001:00001050       ?AddRef@?$CComObject@VCOPOSElectronicJournal@@@ATL@@UEAAKXZ 0000000180002050 f i ElectronicJournal.obj
 0001:00001060       ?Release@?$CComObject@VCOPOSElectronicJournal@@@ATL@@UEAAKXZ 0000000180002060 f i ElectronicJournal.obj
 0001:000010b8       ?QueryInterface@?$CComObject@VCOPOSElectronicJournal@@@ATL@@UEAAJAEBU_GUID@@PEAPEAX@Z 00000001800020b8 f i ElectronicJournal.obj
 0001:000010cc       ?OnDrawAdvanced@CComControlBase@ATL@@UEAAJAEAUATL_DRAWINFO@@@Z 00000001800020cc f i ElectronicJournal.obj
 0001:000011ec       ?OnFinalMessage@?$CWindowImplBaseT@VCWindow@ATL@@V?$CWinTraits@$0FGAAAAAA@$0A@@2@@ATL@@UEAAXPEAUHWND__@@@Z 00000001800021ec f i ElectronicJournal.obj
 0001:000011ec       ?ObjectMain@CComObjectRootBase@ATL@@SAX_N@Z 00000001800021ec f i ElectronicJournal.obj
 0001:000011f0       ?CreateInstance@CComClassFactory@ATL@@UEAAJPEAUIUnknown@@AEBU_GUID@@PEAPEAX@Z 00000001800021f0 f i ElectronicJournal.obj
 0001:00001250       ?LockServer@CComClassFactory@ATL@@UEAAJH@Z 0000000180002250 f i ElectronicJournal.obj
 0001:00001274       ??_ECComClassFactory@ATL@@UEAAPEAXI@Z 0000000180002274 f i ElectronicJournal.obj
 0001:00001274       ??_GCComClassFactory@ATL@@UEAAPEAXI@Z 0000000180002274 f i ElectronicJournal.obj
 0001:000012c4       ?Next@?$CComEnumImpl@UIEnumConnections@@$1?_GUID_b196b287_bab4_101a_b69c_00aa00341d07@@3U__s_GUID@@BUtagCONNECTDATA@@V?$_Copy@UtagCONNECTDATA@@@ATL@@@ATL@@UEAAJKPEAUtagCONNECTDATA@@PEAK@Z 00000001800022c4 f i ElectronicJournal.obj
 0001:00001398       ?Skip@?$CComEnumImpl@UIEnumConnections@@$1?_GUID_b196b287_bab4_101a_b69c_00aa00341d07@@3U__s_GUID@@BUtagCONNECTDATA@@V?$_Copy@UtagCONNECTDATA@@@ATL@@@ATL@@UEAAJK@Z 0000000180002398 f i ElectronicJournal.obj
 0001:000013c4       ?Clone@?$CComEnumImpl@UIEnumConnections@@$1?_GUID_b196b287_bab4_101a_b69c_00aa00341d07@@3U__s_GUID@@BUtagCONNECTDATA@@V?$_Copy@UtagCONNECTDATA@@@ATL@@@ATL@@UEAAJPEAPEAUIEnumConnections@@@Z 00000001800023c4 f i ElectronicJournal.obj
 0001:000014ec       ?QueryInterface@?$CComObject@V?$CComEnum@UIEnumConnections@@$1?_GUID_b196b287_bab4_101a_b69c_00aa00341d07@@3U__s_GUID@@BUtagCONNECTDATA@@V?$_Copy@UtagCONNECTDATA@@@ATL@@VCComSingleThreadModel@6@@ATL@@@ATL@@UEAAJAEBU_GUID@@PEAPEAX@Z 00000001800024ec f i ElectronicJournal.obj
 0001:00001500       ??_E?$CComObject@V?$CComEnum@UIEnumConnections@@$1?_GUID_b196b287_bab4_101a_b69c_00aa00341d07@@3U__s_GUID@@BUtagCONNECTDATA@@V?$_Copy@UtagCONNECTDATA@@@ATL@@VCComSingleThreadModel@6@@ATL@@@ATL@@UEAAPEAXI@Z 0000000180002500 f i ElectronicJournal.obj
 0001:00001500       ??_G?$CComObject@V?$CComEnum@UIEnumConnections@@$1?_GUID_b196b287_bab4_101a_b69c_00aa00341d07@@3U__s_GUID@@BUtagCONNECTDATA@@V?$_Copy@UtagCONNECTDATA@@@ATL@@VCComSingleThreadModel@6@@ATL@@@ATL@@UEAAPEAXI@Z 0000000180002500 f i ElectronicJournal.obj
 0001:00001558       ??_E?$CComObject@VCOPOSElectronicJournal@@@ATL@@W7EAAPEAXI@Z 0000000180002558 f i ElectronicJournal.obj
 0001:00001564       ??_E?$CComObject@VCOPOSElectronicJournal@@@ATL@@WHA@EAAPEAXI@Z 0000000180002564 f i ElectronicJournal.obj
 0001:00001570       ?QueryInterface@?$CComObject@VCOPOSElectronicJournal@@@ATL@@WLI@EAAJAEBU_GUID@@PEAPEAX@Z 0000000180002570 f i ElectronicJournal.obj
 0001:0000157c       ?AddRef@?$CComObject@VCOPOSElectronicJournal@@@ATL@@WLI@EAAKXZ 000000018000257c f i ElectronicJournal.obj
 0001:00001588       ?Release@?$CComObject@VCOPOSElectronicJournal@@@ATL@@WLI@EAAKXZ 0000000180002588 f i ElectronicJournal.obj
 0001:00001594       ?QueryInterface@?$CComObject@VCOPOSElectronicJournal@@@ATL@@WMA@EAAJAEBU_GUID@@PEAPEAX@Z 0000000180002594 f i ElectronicJournal.obj
 0001:000015a0       ?AddRef@?$CComObject@VCOPOSElectronicJournal@@@ATL@@WMA@EAAKXZ 00000001800025a0 f i ElectronicJournal.obj
 0001:000015ac       ?Release@?$CComObject@VCOPOSElectronicJournal@@@ATL@@WMA@EAAKXZ 00000001800025ac f i ElectronicJournal.obj
 0001:000015b8       ?QueryInterface@?$CComObject@VCOPOSElectronicJournal@@@ATL@@WMI@EAAJAEBU_GUID@@PEAPEAX@Z 00000001800025b8 f i ElectronicJournal.obj
 0001:000015c4       ?AddRef@?$CComObject@VCOPOSElectronicJournal@@@ATL@@WMI@EAAKXZ 00000001800025c4 f i ElectronicJournal.obj
 0001:000015d0       ?Release@?$CComObject@VCOPOSElectronicJournal@@@ATL@@WMI@EAAKXZ 00000001800025d0 f i ElectronicJournal.obj
 0001:000015dc       ?QueryInterface@?$CComObject@VCOPOSElectronicJournal@@@ATL@@WNA@EAAJAEBU_GUID@@PEAPEAX@Z 00000001800025dc f i ElectronicJournal.obj
 0001:000015e8       ?AddRef@?$CComObject@VCOPOSElectronicJournal@@@ATL@@WNA@EAAKXZ 00000001800025e8 f i ElectronicJournal.obj
 0001:000015f4       ?Release@?$CComObject@VCOPOSElectronicJournal@@@ATL@@WNA@EAAKXZ 00000001800025f4 f i ElectronicJournal.obj
 0001:00001600       ?QueryInterface@?$CComObject@VCOPOSElectronicJournal@@@ATL@@WNI@EAAJAEBU_GUID@@PEAPEAX@Z 0000000180002600 f i ElectronicJournal.obj
 0001:0000160c       ?AddRef@?$CComObject@VCOPOSElectronicJournal@@@ATL@@WNI@EAAKXZ 000000018000260c f i ElectronicJournal.obj
 0001:00001618       ?Release@?$CComObject@VCOPOSElectronicJournal@@@ATL@@WNI@EAAKXZ 0000000180002618 f i ElectronicJournal.obj
 0001:00001624       ?QueryInterface@?$CComObject@VCOPOSElectronicJournal@@@ATL@@WOA@EAAJAEBU_GUID@@PEAPEAX@Z 0000000180002624 f i ElectronicJournal.obj
 0001:00001630       ?AddRef@?$CComObject@VCOPOSElectronicJournal@@@ATL@@WOA@EAAKXZ 0000000180002630 f i ElectronicJournal.obj
 0001:0000163c       ?Release@?$CComObject@VCOPOSElectronicJournal@@@ATL@@WOA@EAAKXZ 000000018000263c f i ElectronicJournal.obj
 0001:00001648       ?QueryInterface@?$CComObject@VCOPOSElectronicJournal@@@ATL@@WOI@EAAJAEBU_GUID@@PEAPEAX@Z 0000000180002648 f i ElectronicJournal.obj
 0001:00001654       ?AddRef@?$CComObject@VCOPOSElectronicJournal@@@ATL@@WOI@EAAKXZ 0000000180002654 f i ElectronicJournal.obj
 0001:00001660       ?Release@?$CComObject@VCOPOSElectronicJournal@@@ATL@@WOI@EAAKXZ 0000000180002660 f i ElectronicJournal.obj
 0001:0000166c       ?QueryInterface@?$CComObject@VCOPOSElectronicJournal@@@ATL@@WPA@EAAJAEBU_GUID@@PEAPEAX@Z 000000018000266c f i ElectronicJournal.obj
 0001:00001678       ?AddRef@?$CComObject@VCOPOSElectronicJournal@@@ATL@@WPA@EAAKXZ 0000000180002678 f i ElectronicJournal.obj
 0001:00001684       ?Release@?$CComObject@VCOPOSElectronicJournal@@@ATL@@WPA@EAAKXZ 0000000180002684 f i ElectronicJournal.obj
 0001:00001690       ?QueryInterface@?$CComObject@VCOPOSElectronicJournal@@@ATL@@WPI@EAAJAEBU_GUID@@PEAPEAX@Z 0000000180002690 f i ElectronicJournal.obj
 0001:0000169c       ?AddRef@?$CComObject@VCOPOSElectronicJournal@@@ATL@@WPI@EAAKXZ 000000018000269c f i ElectronicJournal.obj
 0001:000016a8       ?Release@?$CComObject@VCOPOSElectronicJournal@@@ATL@@WPI@EAAKXZ 00000001800026a8 f i ElectronicJournal.obj
 0001:000016b4       ?QueryInterface@?$CComObject@VCOPOSElectronicJournal@@@ATL@@WBAA@EAAJAEBU_GUID@@PEAPEAX@Z 00000001800026b4 f i ElectronicJournal.obj
 0001:000016c0       ?AddRef@?$CComObject@VCOPOSElectronicJournal@@@ATL@@WBAA@EAAKXZ 00000001800026c0 f i ElectronicJournal.obj
 0001:000016cc       ?Release@?$CComObject@VCOPOSElectronicJournal@@@ATL@@WBAA@EAAKXZ 00000001800026cc f i ElectronicJournal.obj
 0001:000016d8       ?QueryInterface@?$CComObject@VCOPOSElectronicJournal@@@ATL@@WBAI@EAAJAEBU_GUID@@PEAPEAX@Z 00000001800026d8 f i ElectronicJournal.obj
 0001:000016e4       ?AddRef@?$CComObject@VCOPOSElectronicJournal@@@ATL@@WBAI@EAAKXZ 00000001800026e4 f i ElectronicJournal.obj
 0001:000016f0       ?Release@?$CComObject@VCOPOSElectronicJournal@@@ATL@@WBAI@EAAKXZ 00000001800026f0 f i ElectronicJournal.obj
 0001:000016fc       ?QueryInterface@?$CComObject@VCOPOSElectronicJournal@@@ATL@@WBBA@EAAJAEBU_GUID@@PEAPEAX@Z 00000001800026fc f i ElectronicJournal.obj
 0001:00001708       ?AddRef@?$CComObject@VCOPOSElectronicJournal@@@ATL@@WBBA@EAAKXZ 0000000180002708 f i ElectronicJournal.obj
 0001:00001714       ?Release@?$CComObject@VCOPOSElectronicJournal@@@ATL@@WBBA@EAAKXZ 0000000180002714 f i ElectronicJournal.obj
 0001:00001720       ?QueryInterface@?$CComObject@VCOPOSElectronicJournal@@@ATL@@WBBI@EAAJAEBU_GUID@@PEAPEAX@Z 0000000180002720 f i ElectronicJournal.obj
 0001:0000172c       ?AddRef@?$CComObject@VCOPOSElectronicJournal@@@ATL@@WBBI@EAAKXZ 000000018000272c f i ElectronicJournal.obj
 0001:00001738       ?Release@?$CComObject@VCOPOSElectronicJournal@@@ATL@@WBBI@EAAKXZ 0000000180002738 f i ElectronicJournal.obj
 0001:00001744       ?AddRef@?$CComObject@VCOPOSElectronicJournal@@@ATL@@WBCI@EAAKXZ 0000000180002744 f i ElectronicJournal.obj
 0001:00001750       ?Release@?$CComObject@VCOPOSElectronicJournal@@@ATL@@WBCI@EAAKXZ 0000000180002750 f i ElectronicJournal.obj
 0001:0000175c       ?AddRef@?$CComObject@VCOPOSElectronicJournal@@@ATL@@WBEA@EAAKXZ 000000018000275c f i ElectronicJournal.obj
 0001:00001768       ?Release@?$CComObject@VCOPOSElectronicJournal@@@ATL@@WBEA@EAAKXZ 0000000180002768 f i ElectronicJournal.obj
 0001:00001774       ??_E?$CComContainedObject@VCOPOSElectronicJournal@@@ATL@@W7EAAPEAXI@Z 0000000180002774 f i ElectronicJournal.obj
 0001:00001780       ??_E?$CComContainedObject@VCOPOSElectronicJournal@@@ATL@@WHA@EAAPEAXI@Z 0000000180002780 f i ElectronicJournal.obj
 0001:0000178c       ?QueryInterface@?$CComContainedObject@VCOPOSElectronicJournal@@@ATL@@WLI@EAAJAEBU_GUID@@PEAPEAX@Z 000000018000278c f i ElectronicJournal.obj
 0001:00001798       ?AddRef@?$CComContainedObject@VCOPOSElectronicJournal@@@ATL@@WLI@EAAKXZ 0000000180002798 f i ElectronicJournal.obj
 0001:000017a4       ?Release@?$CComContainedObject@VCOPOSElectronicJournal@@@ATL@@WLI@EAAKXZ 00000001800027a4 f i ElectronicJournal.obj
 0001:000017b0       ?QueryInterface@?$CComContainedObject@VCOPOSElectronicJournal@@@ATL@@WMA@EAAJAEBU_GUID@@PEAPEAX@Z 00000001800027b0 f i ElectronicJournal.obj
 0001:000017bc       ?AddRef@?$CComContainedObject@VCOPOSElectronicJournal@@@ATL@@WMA@EAAKXZ 00000001800027bc f i ElectronicJournal.obj
 0001:000017c8       ?Release@?$CComContainedObject@VCOPOSElectronicJournal@@@ATL@@WMA@EAAKXZ 00000001800027c8 f i ElectronicJournal.obj
 0001:000017d4       ?QueryInterface@?$CComContainedObject@VCOPOSElectronicJournal@@@ATL@@WMI@EAAJAEBU_GUID@@PEAPEAX@Z 00000001800027d4 f i ElectronicJournal.obj
 0001:000017e0       ?AddRef@?$CComContainedObject@VCOPOSElectronicJournal@@@ATL@@WMI@EAAKXZ 00000001800027e0 f i ElectronicJournal.obj
 0001:000017ec       ?Release@?$CComContainedObject@VCOPOSElectronicJournal@@@ATL@@WMI@EAAKXZ 00000001800027ec f i ElectronicJournal.obj
 0001:000017f8       ?QueryInterface@?$CComContainedObject@VCOPOSElectronicJournal@@@ATL@@WNA@EAAJAEBU_GUID@@PEAPEAX@Z 00000001800027f8 f i ElectronicJournal.obj
 0001:00001804       ?AddRef@?$CComContainedObject@VCOPOSElectronicJournal@@@ATL@@WNA@EAAKXZ 0000000180002804 f i ElectronicJournal.obj
 0001:00001810       ?Release@?$CComContainedObject@VCOPOSElectronicJournal@@@ATL@@WNA@EAAKXZ 0000000180002810 f i ElectronicJournal.obj
 0001:0000181c       ?QueryInterface@?$CComContainedObject@VCOPOSElectronicJournal@@@ATL@@WNI@EAAJAEBU_GUID@@PEAPEAX@Z 000000018000281c f i ElectronicJournal.obj
 0001:00001828       ?AddRef@?$CComContainedObject@VCOPOSElectronicJournal@@@ATL@@WNI@EAAKXZ 0000000180002828 f i ElectronicJournal.obj
 0001:00001834       ?Release@?$CComContainedObject@VCOPOSElectronicJournal@@@ATL@@WNI@EAAKXZ 0000000180002834 f i ElectronicJournal.obj
 0001:00001840       ?QueryInterface@?$CComContainedObject@VCOPOSElectronicJournal@@@ATL@@WOA@EAAJAEBU_GUID@@PEAPEAX@Z 0000000180002840 f i ElectronicJournal.obj
 0001:0000184c       ?AddRef@?$CComContainedObject@VCOPOSElectronicJournal@@@ATL@@WOA@EAAKXZ 000000018000284c f i ElectronicJournal.obj
 0001:00001858       ?Release@?$CComContainedObject@VCOPOSElectronicJournal@@@ATL@@WOA@EAAKXZ 0000000180002858 f i ElectronicJournal.obj
 0001:00001864       ?QueryInterface@?$CComContainedObject@VCOPOSElectronicJournal@@@ATL@@WOI@EAAJAEBU_GUID@@PEAPEAX@Z 0000000180002864 f i ElectronicJournal.obj
 0001:00001870       ?AddRef@?$CComContainedObject@VCOPOSElectronicJournal@@@ATL@@WOI@EAAKXZ 0000000180002870 f i ElectronicJournal.obj
 0001:0000187c       ?Release@?$CComContainedObject@VCOPOSElectronicJournal@@@ATL@@WOI@EAAKXZ 000000018000287c f i ElectronicJournal.obj
 0001:00001888       ?QueryInterface@?$CComContainedObject@VCOPOSElectronicJournal@@@ATL@@WPA@EAAJAEBU_GUID@@PEAPEAX@Z 0000000180002888 f i ElectronicJournal.obj
 0001:00001894       ?AddRef@?$CComContainedObject@VCOPOSElectronicJournal@@@ATL@@WPA@EAAKXZ 0000000180002894 f i ElectronicJournal.obj
 0001:000018a0       ?Release@?$CComContainedObject@VCOPOSElectronicJournal@@@ATL@@WPA@EAAKXZ 00000001800028a0 f i ElectronicJournal.obj
 0001:000018ac       ?QueryInterface@?$CComContainedObject@VCOPOSElectronicJournal@@@ATL@@WPI@EAAJAEBU_GUID@@PEAPEAX@Z 00000001800028ac f i ElectronicJournal.obj
 0001:000018b8       ?AddRef@?$CComContainedObject@VCOPOSElectronicJournal@@@ATL@@WPI@EAAKXZ 00000001800028b8 f i ElectronicJournal.obj
 0001:000018c4       ?Release@?$CComContainedObject@VCOPOSElectronicJournal@@@ATL@@WPI@EAAKXZ 00000001800028c4 f i ElectronicJournal.obj
 0001:000018d0       ?QueryInterface@?$CComContainedObject@VCOPOSElectronicJournal@@@ATL@@WBAA@EAAJAEBU_GUID@@PEAPEAX@Z 00000001800028d0 f i ElectronicJournal.obj
 0001:000018dc       ?AddRef@?$CComContainedObject@VCOPOSElectronicJournal@@@ATL@@WBAA@EAAKXZ 00000001800028dc f i ElectronicJournal.obj
 0001:000018e8       ?Release@?$CComContainedObject@VCOPOSElectronicJournal@@@ATL@@WBAA@EAAKXZ 00000001800028e8 f i ElectronicJournal.obj
 0001:000018f4       ?QueryInterface@?$CComContainedObject@VCOPOSElectronicJournal@@@ATL@@WBAI@EAAJAEBU_GUID@@PEAPEAX@Z 00000001800028f4 f i ElectronicJournal.obj
 0001:00001900       ?AddRef@?$CComContainedObject@VCOPOSElectronicJournal@@@ATL@@WBAI@EAAKXZ 0000000180002900 f i ElectronicJournal.obj
 0001:0000190c       ?Release@?$CComContainedObject@VCOPOSElectronicJournal@@@ATL@@WBAI@EAAKXZ 000000018000290c f i ElectronicJournal.obj
 0001:00001918       ?QueryInterface@?$CComContainedObject@VCOPOSElectronicJournal@@@ATL@@WBBA@EAAJAEBU_GUID@@PEAPEAX@Z 0000000180002918 f i ElectronicJournal.obj
 0001:00001924       ?AddRef@?$CComContainedObject@VCOPOSElectronicJournal@@@ATL@@WBBA@EAAKXZ 0000000180002924 f i ElectronicJournal.obj
 0001:00001930       ?Release@?$CComContainedObject@VCOPOSElectronicJournal@@@ATL@@WBBA@EAAKXZ 0000000180002930 f i ElectronicJournal.obj
 0001:0000193c       ?QueryInterface@?$CComContainedObject@VCOPOSElectronicJournal@@@ATL@@WBBI@EAAJAEBU_GUID@@PEAPEAX@Z 000000018000293c f i ElectronicJournal.obj
 0001:00001948       ?AddRef@?$CComContainedObject@VCOPOSElectronicJournal@@@ATL@@WBBI@EAAKXZ 0000000180002948 f i ElectronicJournal.obj
 0001:00001954       ?Release@?$CComContainedObject@VCOPOSElectronicJournal@@@ATL@@WBBI@EAAKXZ 0000000180002954 f i ElectronicJournal.obj
 0001:00001960       ?AddRef@?$CComContainedObject@VCOPOSElectronicJournal@@@ATL@@WBCI@EAAKXZ 0000000180002960 f i ElectronicJournal.obj
 0001:0000196c       ?Release@?$CComContainedObject@VCOPOSElectronicJournal@@@ATL@@WBCI@EAAKXZ 000000018000296c f i ElectronicJournal.obj
 0001:00001978       ?AddRef@?$CComContainedObject@VCOPOSElectronicJournal@@@ATL@@WBEA@EAAKXZ 0000000180002978 f i ElectronicJournal.obj
 0001:00001984       ?Release@?$CComContainedObject@VCOPOSElectronicJournal@@@ATL@@WBEA@EAAKXZ 0000000180002984 f i ElectronicJournal.obj
 0001:00001990       ?GetWindowProc@?$CWindowImplBaseT@VCWindow@ATL@@V?$CWinTraits@$0FGAAAAAA@$0A@@2@@ATL@@UEAAP6A_JPEAUHWND__@@I_K_J@ZXZ 0000000180002990 f i ElectronicJournal.obj
 0001:00001998       ?StartWindowProc@?$CWindowImplBaseT@VCWindow@ATL@@V?$CWinTraits@$0FGAAAAAA@$0A@@2@@ATL@@SA_JPEAUHWND__@@I_K_J@Z 0000000180002998 f i ElectronicJournal.obj
 0001:00001a5c       ?Lock@CAtlModule@ATL@@UEAAJXZ 0000000180002a5c f i ElectronicJournal.obj
 0001:00001a6c       ?Unlock@CAtlModule@ATL@@UEAAJXZ 0000000180002a6c f i ElectronicJournal.obj
 0001:00001a78       ?GetLockCount@CAtlModule@ATL@@UEAAJXZ 0000000180002a78 f i ElectronicJournal.obj
 0001:00001a7c       ?GetGITPtr@CAtlModule@ATL@@UEAAJPEAPEAUIGlobalInterfaceTable@@@Z 0000000180002a7c f i ElectronicJournal.obj
 0001:00001aec       ?GetTypeInfoCount@?$IDispatchImpl@UIOPOSElectronicJournal@@$1?IID_IOPOSElectronicJournal@@3U_GUID@@B$1?LIBID_OposElectronicJournal_CCO@@3U3@B$00$0A@VCComTypeInfoHolder@ATL@@@ATL@@UEAAJPEAI@Z 0000000180002aec f i ElectronicJournal.obj
 0001:00001b00       ?GetTypeInfo@?$IDispatchImpl@UIOPOSElectronicJournal@@$1?IID_IOPOSElectronicJournal@@3U_GUID@@B$1?LIBID_OposElectronicJournal_CCO@@3U3@B$00$0A@VCComTypeInfoHolder@ATL@@@ATL@@UEAAJIKPEAPEAUITypeInfo@@@Z 0000000180002b00 f i ElectronicJournal.obj
 0001:00001b64       ?GetIDsOfNames@?$IDispatchImpl@UIOPOSElectronicJournal@@$1?IID_IOPOSElectronicJournal@@3U_GUID@@B$1?LIBID_OposElectronicJournal_CCO@@3U3@B$00$0A@VCComTypeInfoHolder@ATL@@@ATL@@UEAAJAEBU_GUID@@PEAPEA_WIKPEAJ@Z 0000000180002b64 f i ElectronicJournal.obj
 0001:00001b70       ?Invoke@?$IDispatchImpl@UIOPOSElectronicJournal@@$1?IID_IOPOSElectronicJournal@@3U_GUID@@B$1?LIBID_OposElectronicJournal_CCO@@3U3@B$00$0A@VCComTypeInfoHolder@ATL@@@ATL@@UEAAJJAEBU_GUID@@KGPEAUtagDISPPARAMS@@PEAUtagVARIANT@@PEAUtagEXCEPINFO@@PEAI@Z 0000000180002b70 f i ElectronicJournal.obj
 0001:00001c00       ?CreateControlWindow@?$CComControl@VCOPOSElectronicJournal@@V?$CWindowImpl@VCOPOSElectronicJournal@@VCWindow@ATL@@V?$CWinTraits@$0FGAAAAAA@$0A@@3@@ATL@@@ATL@@UEAAPEAUHWND__@@PEAU3@AEAUtagRECT@@@Z 0000000180002c00 f i ElectronicJournal.obj
 0001:00001c38       ?ControlQueryInterface@?$CComControl@VCOPOSElectronicJournal@@V?$CWindowImpl@VCOPOSElectronicJournal@@VCWindow@ATL@@V?$CWinTraits@$0FGAAAAAA@$0A@@3@@ATL@@@ATL@@UEAAJAEBU_GUID@@PEAPEAX@Z 0000000180002c38 f i ElectronicJournal.obj
 0001:00001c4c       ?GetUserClassID@?$IOleObjectImpl@VCOPOSElectronicJournal@@@ATL@@UEAAJPEAU_GUID@@@Z 0000000180002c4c f i ElectronicJournal.obj
 0001:00001c4c       ?GetClassID@?$IPersistStreamInitImpl@VCOPOSElectronicJournal@@@ATL@@UEAAJPEAU_GUID@@@Z 0000000180002c4c f i ElectronicJournal.obj
 0001:00001c4c       ?GetClassID@?$IPersistStorageImpl@VCOPOSElectronicJournal@@@ATL@@UEAAJPEAU_GUID@@@Z 0000000180002c4c f i ElectronicJournal.obj
 0001:00001c68       ?IsDirty@?$IPersistStreamInitImpl@VCOPOSElectronicJournal@@@ATL@@UEAAJXZ 0000000180002c68 f i ElectronicJournal.obj
 0001:00001c84       ?Load@?$IPersistStreamInitImpl@VCOPOSElectronicJournal@@@ATL@@UEAAJPEAUIStream@@@Z 0000000180002c84 f i ElectronicJournal.obj
 0001:00001cd4       ?Save@?$IPersistStreamInitImpl@VCOPOSElectronicJournal@@@ATL@@UEAAJPEAUIStream@@H@Z 0000000180002cd4 f i ElectronicJournal.obj
 0001:00001d38       ?GetSizeMax@?$IPersistStreamInitImpl@VCOPOSElectronicJournal@@@ATL@@UEAAJPEAT_ULARGE_INTEGER@@@Z 0000000180002d38 f i ElectronicJournal.obj
 0001:00001f64       ?InitNew@?$IPersistStreamInitImpl@VCOPOSElectronicJournal@@@ATL@@UEAAJXZ 0000000180002f64 f i ElectronicJournal.obj
 0001:00001f7c       ?SetClientSite@?$IOleObjectImpl@VCOPOSElectronicJournal@@@ATL@@UEAAJPEAUIOleClientSite@@@Z 0000000180002f7c f i ElectronicJournal.obj
 0001:00001f98       ?GetClientSite@?$IOleObjectImpl@VCOPOSElectronicJournal@@@ATL@@UEAAJPEAPEAUIOleClientSite@@@Z 0000000180002f98 f i ElectronicJournal.obj
 0001:00001fe0       ?Close@?$IOleObjectImpl@VCOPOSElectronicJournal@@@ATL@@UEAAJK@Z 0000000180002fe0 f i ElectronicJournal.obj
 0001:00001ffc       ?AddCommonRGSReplacements@?$CAtlModuleT@VCComModule@ATL@@@ATL@@UEAAJPEAUIRegistrarBase@@@Z 0000000180002ffc f i ElectronicJournal.obj
 0001:00002014       ?DoVerb@?$IOleObjectImpl@VCOPOSElectronicJournal@@@ATL@@UEAAJJPEAUtagMSG@@PEAUIOleClientSite@@JPEAUHWND__@@PEBUtagRECT@@@Z 0000000180003014 f i ElectronicJournal.obj
 0001:000021b8       ?EnumVerbs@?$IOleObjectImpl@VCOPOSElectronicJournal@@@ATL@@UEAAJPEAPEAUIEnumOLEVERB@@@Z 00000001800031b8 f i ElectronicJournal.obj
 0001:000021d4       ?GetUserType@?$IOleObjectImpl@VCOPOSElectronicJournal@@@ATL@@UEAAJKPEAPEA_W@Z 00000001800031d4 f i ElectronicJournal.obj
 0001:000021e4       ?SetExtent@?$IOleObjectImpl@VCOPOSElectronicJournal@@@ATL@@UEAAJKPEAUtagSIZE@@@Z 00000001800031e4 f i ElectronicJournal.obj
 0001:00002200       ?GetExtent@?$IOleObjectImpl@VCOPOSElectronicJournal@@@ATL@@UEAAJKPEAUtagSIZE@@@Z 0000000180003200 f i ElectronicJournal.obj
 0001:00002230       ?Advise@?$IOleObjectImpl@VCOPOSElectronicJournal@@@ATL@@UEAAJPEAUIAdviseSink@@PEAK@Z 0000000180003230 f i ElectronicJournal.obj
 0001:0000228c       ?Unadvise@?$IOleObjectImpl@VCOPOSElectronicJournal@@@ATL@@UEAAJK@Z 000000018000328c f i ElectronicJournal.obj
 0001:000022c4       ?EnumAdvise@?$IOleObjectImpl@VCOPOSElectronicJournal@@@ATL@@UEAAJPEAPEAUIEnumSTATDATA@@@Z 00000001800032c4 f i ElectronicJournal.obj
 0001:0000230c       ?GetMiscStatus@?$IOleObjectImpl@VCOPOSElectronicJournal@@@ATL@@UEAAJKPEAK@Z 000000018000330c f i ElectronicJournal.obj
 0001:0000231c       ?GetWindow@?$IOleInPlaceActiveObjectImpl@VCOPOSElectronicJournal@@@ATL@@UEAAJPEAPEAUHWND__@@@Z 000000018000331c f i ElectronicJournal.obj
 0001:00002370       ?TranslateAcceleratorW@?$IOleInPlaceActiveObjectImpl@VCOPOSElectronicJournal@@@ATL@@UEAAJPEAUtagMSG@@@Z 0000000180003370 f i ElectronicJournal.obj
 0001:00002464       ?OnDocWindowActivate@?$IOleInPlaceActiveObjectImpl@VCOPOSElectronicJournal@@@ATL@@UEAAJH@Z 0000000180003464 f i ElectronicJournal.obj
 0001:00002490       ?UpdateRegistryFromResourceD@CComModule@ATL@@UEAAJPEB_WHPEAU_ATL_REGMAP_ENTRY@2@@Z 0000000180003490 f i ElectronicJournal.obj
 0001:00002490       ?UpdateRegistryFromResourceD@CComModule@ATL@@UEAAJIHPEAU_ATL_REGMAP_ENTRY@2@@Z 0000000180003490 f i ElectronicJournal.obj
 0001:00002498       ?UpdateRegistryFromResource@CComModule@ATL@@UEAAJPEB_WHPEAU_ATL_REGMAP_ENTRY@2@@Z 0000000180003498 f i ElectronicJournal.obj
 0001:000024a0       ?UpdateRegistryFromResource@CComModule@ATL@@UEAAJIHPEAU_ATL_REGMAP_ENTRY@2@@Z 00000001800034a0 f i ElectronicJournal.obj
 0001:000024a8       ?Draw@?$IViewObjectExImpl@VCOPOSElectronicJournal@@@ATL@@UEAAJKJPEAXPEAUtagDVTARGETDEVICE@@PEAUHDC__@@2PEBU_RECTL@@3P6AH_K@Z4@Z 00000001800034a8 f i ElectronicJournal.obj
 0001:0000250c       ?SetAdvise@?$IViewObjectExImpl@VCOPOSElectronicJournal@@@ATL@@UEAAJKKPEAUIAdviseSink@@@Z 000000018000350c f i ElectronicJournal.obj
 0001:00002560       ?GetAdvise@?$IViewObjectExImpl@VCOPOSElectronicJournal@@@ATL@@UEAAJPEAK0PEAPEAUIAdviseSink@@@Z 0000000180003560 f i ElectronicJournal.obj
 0001:0000259c       ?GetExtent@?$IViewObjectExImpl@VCOPOSElectronicJournal@@@ATL@@UEAAJKJPEAUtagDVTARGETDEVICE@@PEAUtagSIZE@@@Z 000000018000359c f i ElectronicJournal.obj
 0001:000025cc       ?GetViewStatus@?$IViewObjectExImpl@VCOPOSElectronicJournal@@@ATL@@UEAAJPEAK@Z 00000001800035cc f i ElectronicJournal.obj
 0001:000025e0       ?QueryHitPoint@?$IViewObjectExImpl@VCOPOSElectronicJournal@@@ATL@@UEAAJKPEBUtagRECT@@UtagPOINT@@JPEAK@Z 00000001800035e0 f i ElectronicJournal.obj
 0001:00002624       ?QueryHitRect@?$IViewObjectExImpl@VCOPOSElectronicJournal@@@ATL@@UEAAJKPEBUtagRECT@@0JPEAK@Z 0000000180003624 f i ElectronicJournal.obj
 0001:0000268c       ?GetNaturalExtent@?$IViewObjectExImpl@VCOPOSElectronicJournal@@@ATL@@UEAAJKJPEAUtagDVTARGETDEVICE@@PEAUHDC__@@PEAUtagExtentInfo@@PEAUtagSIZE@@@Z 000000018000368c f i ElectronicJournal.obj
 0001:000026d4       ?GetWindow@?$IOleInPlaceObjectWindowlessImpl@VCOPOSElectronicJournal@@@ATL@@UEAAJPEAPEAUHWND__@@@Z 00000001800036d4 f i ElectronicJournal.obj
 0001:00002728       ??_ECComModule@ATL@@UEAAPEAXI@Z 0000000180003728 f i ElectronicJournal.obj
 0001:00002728       ??_GCComModule@ATL@@UEAAPEAXI@Z 0000000180003728 f i ElectronicJournal.obj
 0001:000027a8       ?InPlaceDeactivate@?$IOleInPlaceObjectWindowlessImpl@VCOPOSElectronicJournal@@@ATL@@UEAAJXZ 00000001800037a8 f i ElectronicJournal.obj
 0001:000027c4       ?UIDeactivate@?$IOleInPlaceObjectWindowlessImpl@VCOPOSElectronicJournal@@@ATL@@UEAAJXZ 00000001800037c4 f i ElectronicJournal.obj
 0001:000027e0       ?SetObjectRects@?$IOleInPlaceObjectWindowlessImpl@VCOPOSElectronicJournal@@@ATL@@UEAAJPEBUtagRECT@@0@Z 00000001800037e0 f i ElectronicJournal.obj
 0001:000027fc       ?OnWindowMessage@?$IOleInPlaceObjectWindowlessImpl@VCOPOSElectronicJournal@@@ATL@@UEAAJI_K_JPEA_J@Z 00000001800037fc f i ElectronicJournal.obj
 0001:000028c4       ?EnumConnectionPoints@?$IConnectionPointContainerImpl@VCOPOSElectronicJournal@@@ATL@@UEAAJPEAPEAUIEnumConnectionPoints@@@Z 00000001800038c4 f i ElectronicJournal.obj
 0001:00002b0c       ?FindConnectionPoint@?$IConnectionPointContainerImpl@VCOPOSElectronicJournal@@@ATL@@UEAAJAEBU_GUID@@PEAPEAUIConnectionPoint@@@Z 0000000180003b0c f i ElectronicJournal.obj
 0001:00002bdc       ?IsDirty@?$IPersistStorageImpl@VCOPOSElectronicJournal@@@ATL@@UEAAJXZ 0000000180003bdc f i ElectronicJournal.obj
 0001:00002c20       ?InitNew@?$IPersistStorageImpl@VCOPOSElectronicJournal@@@ATL@@UEAAJPEAUIStorage@@@Z 0000000180003c20 f i ElectronicJournal.obj
 0001:00002c64       ?Load@?$IPersistStorageImpl@VCOPOSElectronicJournal@@@ATL@@UEAAJPEAUIStorage@@@Z 0000000180003c64 f i ElectronicJournal.obj
 0001:00002d04       ?Save@?$IPersistStorageImpl@VCOPOSElectronicJournal@@@ATL@@UEAAJPEAUIStorage@@H@Z 0000000180003d04 f i ElectronicJournal.obj
 0001:00002db4       ?GetPages@?$ISpecifyPropertyPagesImpl@VCOPOSElectronicJournal@@@ATL@@UEAAJPEAUtagCAUUID@@@Z 0000000180003db4 f i ElectronicJournal.obj
 0001:00002dc0       ?QuickActivate@?$IQuickActivateImpl@VCOPOSElectronicJournal@@@ATL@@UEAAJPEAUtagQACONTAINER@@PEAUtagQACONTROL@@@Z 0000000180003dc0 f i ElectronicJournal.obj
 0001:00002ddc       ?SetContentExtent@?$IQuickActivateImpl@VCOPOSElectronicJournal@@@ATL@@UEAAJPEAUtagSIZE@@@Z 0000000180003ddc f i ElectronicJournal.obj
 0001:00002e10       ?GetContentExtent@?$IQuickActivateImpl@VCOPOSElectronicJournal@@@ATL@@UEAAJPEAUtagSIZE@@@Z 0000000180003e10 f i ElectronicJournal.obj
 0001:00002e48       ?GetData@?$IDataObjectImpl@VCOPOSElectronicJournal@@@ATL@@UEAAJPEAUtagFORMATETC@@PEAUtagSTGMEDIUM@@@Z 0000000180003e48 f i ElectronicJournal.obj
 0001:00002e64       ?DAdvise@?$IDataObjectImpl@VCOPOSElectronicJournal@@@ATL@@UEAAJPEAUtagFORMATETC@@KPEAUIAdviseSink@@PEAK@Z 0000000180003e64 f i ElectronicJournal.obj
 0001:00002eec       ?DUnadvise@?$IDataObjectImpl@VCOPOSElectronicJournal@@@ATL@@UEAAJK@Z 0000000180003eec f i ElectronicJournal.obj
 0001:00002f18       ?EnumDAdvise@?$IDataObjectImpl@VCOPOSElectronicJournal@@@ATL@@UEAAJPEAPEAUIEnumSTATDATA@@@Z 0000000180003f18 f i ElectronicJournal.obj
 0001:00002f54       ?GetClassInfoW@?$IProvideClassInfo2Impl@$1?CLSID_OPOSElectronicJournal@@3U_GUID@@B$1?DIID__IOPOSElectronicJournalEvents@@3U2@B$1?LIBID_OposElectronicJournal_CCO@@3U2@B$00$0A@VCComTypeInfoHolder@ATL@@@ATL@@UEAAJPEAPEAUITypeInfo@@@Z 0000000180003f54 f i ElectronicJournal.obj
 0001:00002fac       ?GetGUID@?$IProvideClassInfo2Impl@$1?CLSID_OPOSElectronicJournal@@3U_GUID@@B$1?DIID__IOPOSElectronicJournalEvents@@3U2@B$1?LIBID_OposElectronicJournal_CCO@@3U2@B$00$0A@VCComTypeInfoHolder@ATL@@@ATL@@UEAAJKPEAU_GUID@@@Z 0000000180003fac f i ElectronicJournal.obj
 0001:00002fe0       ?GetInterfaceSafetyOptions@?$IObjectSafetyImpl@VCOPOSElectronicJournal@@$02@ATL@@UEAAJAEBU_GUID@@PEAK1@Z 0000000180003fe0 f i ElectronicJournal.obj
 0001:00003074       ?SetInterfaceSafetyOptions@?$IObjectSafetyImpl@VCOPOSElectronicJournal@@$02@ATL@@UEAAJAEBU_GUID@@KK@Z 0000000180004074 f i ElectronicJournal.obj
 0001:00003118       ?_LocCPQueryInterface@?$IConnectionPointImpl@VCOPOSElectronicJournal@@$1?IID_IPropertyNotifySink@@3U_GUID@@BVCComDynamicUnkArray@ATL@@@ATL@@UEAAJAEBU_GUID@@PEAPEAX@Z 0000000180004118 f i ElectronicJournal.obj
 0001:00003118       ?_LocCPQueryInterface@?$IConnectionPointImpl@VCOPOSElectronicJournal@@$1?DIID__IOPOSElectronicJournalEvents@@3U_GUID@@BVCComDynamicUnkArray@ATL@@@ATL@@UEAAJAEBU_GUID@@PEAPEAX@Z 0000000180004118 f i ElectronicJournal.obj
 0001:0000318c       ?GetConnectionInterface@?$IConnectionPointImpl@VCOPOSElectronicJournal@@$1?IID_IPropertyNotifySink@@3U_GUID@@BVCComDynamicUnkArray@ATL@@@ATL@@UEAAJPEAU_GUID@@@Z 000000018000418c f i ElectronicJournal.obj
 0001:000031a8       ?GetConnectionPointContainer@?$IConnectionPointImpl@VCOPOSElectronicJournal@@$1?IID_IPropertyNotifySink@@3U_GUID@@BVCComDynamicUnkArray@ATL@@@ATL@@UEAAJPEAPEAUIConnectionPointContainer@@@Z 00000001800041a8 f i ElectronicJournal.obj
 0001:000031c8       ?Advise@?$IConnectionPointImpl@VCOPOSElectronicJournal@@$1?DIID__IOPOSElectronicJournalEvents@@3U_GUID@@BVCComDynamicUnkArray@ATL@@@ATL@@UEAAJPEAUIUnknown@@PEAK@Z 00000001800041c8 f i ElectronicJournal.obj
 0001:000031c8       ?Advise@?$IConnectionPointImpl@VCOPOSElectronicJournal@@$1?IID_IPropertyNotifySink@@3U_GUID@@BVCComDynamicUnkArray@ATL@@@ATL@@UEAAJPEAUIUnknown@@PEAK@Z 00000001800041c8 f i ElectronicJournal.obj
 0001:00003288       ?Unadvise@?$IConnectionPointImpl@VCOPOSElectronicJournal@@$1?DIID__IOPOSElectronicJournalEvents@@3U_GUID@@BVCComDynamicUnkArray@ATL@@@ATL@@UEAAJK@Z 0000000180004288 f i ElectronicJournal.obj
 0001:00003288       ?Unadvise@?$IConnectionPointImpl@VCOPOSElectronicJournal@@$1?IID_IPropertyNotifySink@@3U_GUID@@BVCComDynamicUnkArray@ATL@@@ATL@@UEAAJK@Z 0000000180004288 f i ElectronicJournal.obj
 0001:00003304       ?EnumConnections@?$IConnectionPointImpl@VCOPOSElectronicJournal@@$1?IID_IPropertyNotifySink@@3U_GUID@@BVCComDynamicUnkArray@ATL@@@ATL@@UEAAJPEAPEAUIEnumConnections@@@Z 0000000180004304 f i ElectronicJournal.obj
 0001:00003304       ?EnumConnections@?$IConnectionPointImpl@VCOPOSElectronicJournal@@$1?DIID__IOPOSElectronicJournalEvents@@3U_GUID@@BVCComDynamicUnkArray@ATL@@@ATL@@UEAAJPEAPEAUIEnumConnections@@@Z 0000000180004304 f i ElectronicJournal.obj
 0001:000034ac       ?GetConnectionInterface@?$IConnectionPointImpl@VCOPOSElectronicJournal@@$1?DIID__IOPOSElectronicJournalEvents@@3U_GUID@@BVCComDynamicUnkArray@ATL@@@ATL@@UEAAJPEAU_GUID@@@Z 00000001800044ac f i ElectronicJournal.obj
 0001:000034c8       ?GetConnectionPointContainer@?$IConnectionPointImpl@VCOPOSElectronicJournal@@$1?DIID__IOPOSElectronicJournalEvents@@3U_GUID@@BVCComDynamicUnkArray@ATL@@@ATL@@UEAAJPEAPEAUIConnectionPointContainer@@@Z 00000001800044c8 f i ElectronicJournal.obj
 0001:000034e8       ?UpdateRegistry@COPOSElectronicJournal@@SAJH@Z 00000001800044e8 f i ElectronicJournal.obj
 0001:00003500       ?ProcessWindowMessage@COPOSElectronicJournal@@UEAAHPEAUHWND__@@I_K_JAEA_JK@Z 0000000180004500 f i ElectronicJournal.obj
 0001:00003588       ?SOData@COPOSElectronicJournal@@MEAAJJ@Z 0000000180004588 f i ElectronicJournal.obj
 0001:000035d8       ?SODirectIO@COPOSElectronicJournal@@MEAAJJPEAJPEAPEA_W@Z 00000001800045d8 f i ElectronicJournal.obj
 0001:00003650       ?SOError@COPOSElectronicJournal@@MEAAJJJJPEAJ@Z 0000000180004650 f i ElectronicJournal.obj
 0001:000036d8       ?SOOutputComplete@COPOSElectronicJournal@@MEAAJJ@Z 00000001800046d8 f i ElectronicJournal.obj
 0001:00003728       ?SOStatusUpdate@COPOSElectronicJournal@@MEAAJJ@Z 0000000180004728 f i ElectronicJournal.obj
 0001:00003778       ??$AtlModuleRegisterWndClassInfoT@VAtlModuleRegisterWndClassInfoParamW@ATL@@@ATL@@YAGPEAU_ATL_BASE_MODULE70@0@PEAU_ATL_WIN_MODULE70@0@PEAU_ATL_WNDCLASSINFOW@0@PEAP6A_JPEAUHWND__@@I_K_J@ZVAtlModuleRegisterWndClassInfoParamW@0@@Z 0000000180004778 f i ElectronicJournal.obj
 0001:00003978       ??0?$CComContainedObject@VCOPOSElectronicJournal@@@ATL@@QEAA@PEAX@Z 0000000180004978 f i ElectronicJournal.obj
 0001:00003a94       ??0?$CComObject@VCOPOSElectronicJournal@@@ATL@@QEAA@PEAX@Z 0000000180004a94 f i ElectronicJournal.obj
 0001:00003bac       ??0CAtlModule@ATL@@QEAA@XZ 0000000180004bac f i ElectronicJournal.obj
 0001:00003c28       ??1?$CComEnumImpl@UIEnumConnectionPoints@@$1?_GUID_b196b285_bab4_101a_b69c_00aa00341d07@@3U__s_GUID@@BPEAUIConnectionPoint@@V?$_CopyInterface@UIConnectionPoint@@@ATL@@@ATL@@UEAA@XZ 0000000180004c28 f i ElectronicJournal.obj
 0001:00003c84       ??1?$CComEnumImpl@UIEnumConnections@@$1?_GUID_b196b287_bab4_101a_b69c_00aa00341d07@@3U__s_GUID@@BUtagCONNECTDATA@@V?$_Copy@UtagCONNECTDATA@@@ATL@@@ATL@@UEAA@XZ 0000000180004c84 f i ElectronicJournal.obj
 0001:00003ce0       ??1?$CComObject@VCOPOSElectronicJournal@@@ATL@@UEAA@XZ 0000000180004ce0 f i ElectronicJournal.obj
 0001:00003e00       ??_G?$CComContainedObject@VCOPOSElectronicJournal@@@ATL@@UEAAPEAXI@Z 0000000180004e00 f i ElectronicJournal.obj
 0001:00003e00       ??_E?$CComContainedObject@VCOPOSElectronicJournal@@@ATL@@UEAAPEAXI@Z 0000000180004e00 f i ElectronicJournal.obj
 0001:00003e34       ??_E?$CComObject@VCOPOSElectronicJournal@@@ATL@@UEAAPEAXI@Z 0000000180004e34 f i ElectronicJournal.obj
 0001:00003e34       ??_G?$CComObject@VCOPOSElectronicJournal@@@ATL@@UEAAPEAXI@Z 0000000180004e34 f i ElectronicJournal.obj
 0001:00003e68       ?Add@?$CSimpleArray@GV?$CSimpleArrayEqualHelper@G@ATL@@@ATL@@QEAAHAEBG@Z 0000000180004e68 f i ElectronicJournal.obj
 0001:00003f1c       ?Add@?$CSimpleMap@PEA_WPEA_WVCExpansionVectorEqualHelper@ATL@@@ATL@@QEAAHAEBQEA_W0@Z 0000000180004f1c f i ElectronicJournal.obj
 0001:00003fbc       ?Add@CComDynamicUnkArray@ATL@@QEAAKPEAUIUnknown@@@Z 0000000180004fbc f i ElectronicJournal.obj
 0001:000040b4       ?Add@CExpansionVector@ATL@@QEAAHPEB_W0@Z 00000001800050b4 f i ElectronicJournal.obj
 0001:00004244       ?AddValue@CRegParser@ATL@@IEAAJAEAVCRegKey@2@PEB_WPEA_W@Z 0000000180005244 f i ElectronicJournal.obj
 0001:0000468c       ?AllocateHeap@?$CTempBuffer@_W$0EAA@VCCRTAllocator@ATL@@@ATL@@AEAAX_K@Z 000000018000568c f i ElectronicJournal.obj
 0001:0000468c       ?AllocateHeap@?$CTempBuffer@_W$0BAA@VCCRTAllocator@ATL@@@ATL@@AEAAX_K@Z 000000018000568c f i ElectronicJournal.obj
 0001:0000468c       ?AllocateHeap@?$CTempBuffer@E$0BAA@VCCRTAllocator@ATL@@@ATL@@AEAAX_K@Z 000000018000568c f i ElectronicJournal.obj
 0001:000046b8       ?Append@CParseBuffer@CRegParser@ATL@@QEAAHPEB_WH@Z 00000001800056b8 f i ElectronicJournal.obj
 0001:000047d0       ?AtlCallTermFunc@ATL@@YAXPEAU_ATL_MODULE70@1@@Z 00000001800057d0 f i ElectronicJournal.obj
 0001:00004834       ?AtlComModuleGetClassObject@ATL@@YAJPEAU_ATL_COM_MODULE70@1@AEBU_GUID@@1PEAPEAX@Z 0000000180005834 f i ElectronicJournal.obj
 0001:00004974       ?AtlComModuleRegisterServer@ATL@@YAJPEAU_ATL_COM_MODULE70@1@HPEBU_GUID@@@Z 0000000180005974 f i ElectronicJournal.obj
 0001:00004a34       ?AtlComModuleUnregisterServer@ATL@@YAJPEAU_ATL_COM_MODULE70@1@HPEBU_GUID@@@Z 0000000180005a34 f i ElectronicJournal.obj
 0001:00004af0       ?AtlCreateTargetDC@ATL@@YAPEAUHDC__@@PEAU2@PEAUtagDVTARGETDEVICE@@@Z 0000000180005af0 f i ElectronicJournal.obj
 0001:00004b64       ?AtlHiMetricToPixel@ATL@@YAXPEBUtagSIZE@@PEAU2@@Z 0000000180005b64 f i ElectronicJournal.obj
 0001:00004c14       ?AtlHresultFromLastError@ATL@@YAJXZ 0000000180005c14 f i ElectronicJournal.obj
 0001:00004c34       ?AtlHresultFromWin32@ATL@@YAJK@Z 0000000180005c34 f i ElectronicJournal.obj
 0001:00004c44       ?AtlIPersistStreamInit_Load@ATL@@YAJPEAUIStream@@PEBUATL_PROPMAP_ENTRY@1@PEAXPEAUIUnknown@@@Z 0000000180005c44 f i ElectronicJournal.obj
 0001:00004e7c       ?AtlIPersistStreamInit_Save@ATL@@YAJPEAUIStream@@HPEBUATL_PROPMAP_ENTRY@1@PEAXPEAUIUnknown@@@Z 0000000180005e7c f i ElectronicJournal.obj
 0001:000050b8       ?AtlInternalOleLoadFromStream@ATL@@YAJPEAUIStream@@AEBU_GUID@@PEAPEAXTClassesAllowedInStream@1@K@Z 00000001800060b8 f i ElectronicJournal.obj
 0001:000051fc       ?AtlInternalQueryInterface@ATL@@YAJPEAXPEBU_ATL_INTMAP_ENTRY@1@AEBU_GUID@@PEAPEAX@Z 00000001800061fc f i ElectronicJournal.obj
 0001:00005304       ?AtlLoadTypeLib@ATL@@YAJPEAUHINSTANCE__@@PEB_WPEAPEA_WPEAPEAUITypeLib@@@Z 0000000180006304 f i ElectronicJournal.obj
 0001:00005560       ?AtlModuleAddTermFunc@ATL@@YAJPEAU_ATL_MODULE70@1@P6AX_K@Z1@Z 0000000180006560 f i ElectronicJournal.obj
 0001:000055f4       ?AtlRegisterClassCategoriesHelper@ATL@@YAJAEBU_GUID@@PEBU_ATL_CATMAP_ENTRY@1@H@Z 00000001800065f4 f i ElectronicJournal.obj
 0001:00005a58       ?AtlRegisterTypeLib@ATL@@YAJPEAUHINSTANCE__@@PEB_W@Z 0000000180006a58 f i ElectronicJournal.obj
 0001:00005c54       ?AtlThrowImpl@ATL@@YAXJ@Z  0000000180006c54 f i ElectronicJournal.obj
 0001:00005c78       ?AtlUnRegisterTypeLib@ATL@@YAJPEAUHINSTANCE__@@PEB_W@Z 0000000180006c78 f i ElectronicJournal.obj
 0001:00005d40       ?AtlWinModuleExtractCreateWndData@ATL@@YAPEAXPEAU_ATL_WIN_MODULE70@1@@Z 0000000180006d40 f i ElectronicJournal.obj
 0001:00005dcc       ?Cleanup@CComTypeInfoHolder@ATL@@SAX_K@Z 0000000180006dcc f i ElectronicJournal.obj
 0001:00005e0c       ?ClearReplacements@CExpansionVector@ATL@@QEAAJXZ 0000000180006e0c f i ElectronicJournal.obj
 0001:00005ea8       ?Create@?$CWindowImpl@VCOPOSElectronicJournal@@VCWindow@ATL@@V?$CWinTraits@$0FGAAAAAA@$0A@@3@@ATL@@QEAAPEAUHWND__@@PEAU3@V_U_RECT@2@PEB_WKKV_U_MENUorID@2@PEAX@Z 0000000180006ea8 f i ElectronicJournal.obj
 0001:00005f58       ?Create@?$CWindowImplBaseT@VCWindow@ATL@@V?$CWinTraits@$0FGAAAAAA@$0A@@2@@ATL@@QEAAPEAUHWND__@@PEAU3@V_U_RECT@2@PEB_WKKV_U_MENUorID@2@GPEAX@Z 0000000180006f58 f i ElectronicJournal.obj
 0001:000060c8       ?Create@CRegKey@ATL@@QEAAJPEAUHKEY__@@PEB_WPEA_WKKPEAU_SECURITY_ATTRIBUTES@@PEAK@Z 00000001800070c8 f i ElectronicJournal.obj
 0001:000061ac       ?CreateInstance@?$CComCreator@V?$CComAggObject@VCOPOSElectronicJournal@@@ATL@@@ATL@@SAJPEAXAEBU_GUID@@PEAPEAX@Z 00000001800071ac f i ElectronicJournal.obj
 0001:00006284       ?CreateInstance@?$CComCreator@V?$CComObject@VCOPOSElectronicJournal@@@ATL@@@ATL@@SAJPEAXAEBU_GUID@@PEAPEAX@Z 0000000180007284 f i ElectronicJournal.obj
 0001:0000633c       ?CreateInstance@?$CComObject@V?$CComEnum@UIEnumConnectionPoints@@$1?_GUID_b196b285_bab4_101a_b69c_00aa00341d07@@3U__s_GUID@@BPEAUIConnectionPoint@@V?$_CopyInterface@UIConnectionPoint@@@ATL@@VCComSingleThreadModel@6@@ATL@@@ATL@@SAJPEAPEAV12@@Z 000000018000733c f i ElectronicJournal.obj
 0001:000063c8       ?CreateInstance@?$CComObject@V?$CComEnum@UIEnumConnections@@$1?_GUID_b196b287_bab4_101a_b69c_00aa00341d07@@3U__s_GUID@@BUtagCONNECTDATA@@V?$_Copy@UtagCONNECTDATA@@@ATL@@VCComSingleThreadModel@6@@ATL@@@ATL@@SAJPEAPEAV12@@Z 00000001800073c8 f i ElectronicJournal.obj
 0001:00006454       ?DefaultReflectionHandler@?$CWindowImplRoot@VCWindow@ATL@@@ATL@@SAHPEAUHWND__@@I_K_JAEA_J@Z 0000000180007454 f i ElectronicJournal.obj
 0001:000064b8       ?DoEvent@COPOSElectronicJournal@@IEAAXI_K_J@Z 00000001800074b8 f i ElectronicJournal.obj
 0001:0000656c       ?DoVerbPrimary@?$IOleObjectImpl@VCOPOSElectronicJournal@@@ATL@@QEAAJPEBUtagRECT@@PEAUHWND__@@@Z 000000018000756c f i ElectronicJournal.obj
 0001:00006694       ?DoVerbProperties@CComControlBase@ATL@@QEAAJPEBUtagRECT@@PEAUHWND__@@@Z 0000000180007694 f i ElectronicJournal.obj
 0001:000068bc       ?FireTheEvent@?$CProxy_IOPOSEvents@VCOPOSElectronicJournal@@@@IEAAXPEAVOposVariant@@IAEAJPEB_WJ@Z 00000001800078bc f i ElectronicJournal.obj
 0001:000069a8       ?FireViewChange@CComControlBase@ATL@@QEAAJXZ 00000001800079a8 f i ElectronicJournal.obj
 0001:00006a0c       ?Fire_DataEvent@?$CProxy_IOPOSEvents@VCOPOSElectronicJournal@@@@QEAAXJ@Z 0000000180007a0c f i ElectronicJournal.obj
 0001:00006af8       ?Fire_DirectIOEvent@?$CProxy_IOPOSEvents@VCOPOSElectronicJournal@@@@QEAAXJPEAJPEAPEA_W@Z 0000000180007af8 f i ElectronicJournal.obj
 0001:00006c50       ?Fire_ErrorEvent@?$CProxy_IOPOSEvents@VCOPOSElectronicJournal@@@@QEAAXJJJPEAJ@Z 0000000180007c50 f i ElectronicJournal.obj
 0001:00006db8       ?Fire_OutputCompleteEvent@?$CProxy_IOPOSEvents@VCOPOSElectronicJournal@@@@QEAAXJ@Z 0000000180007db8 f i ElectronicJournal.obj
 0001:00006ea4       ?Fire_StatusUpdateEvent@?$CProxy_IOPOSEvents@VCOPOSElectronicJournal@@@@QEAAXJ@Z 0000000180007ea4 f i ElectronicJournal.obj
 0001:00006f90       ?FreeHeap@?$CTempBuffer@_W$0BAA@VCCRTAllocator@ATL@@@ATL@@AEAAXXZ 0000000180007f90 f i ElectronicJournal.obj
 0001:00006f90       ?FreeHeap@?$CTempBuffer@_W$0EAA@VCCRTAllocator@ATL@@@ATL@@AEAAXXZ 0000000180007f90 f i ElectronicJournal.obj
 0001:00006f90       ?FreeHeap@?$CTempBuffer@E$0BAA@VCCRTAllocator@ATL@@@ATL@@AEAAXXZ 0000000180007f90 f i ElectronicJournal.obj
 0001:00006f98       ?GetAmbientLocaleID@CComControlBase@ATL@@QEAAJAEAK@Z 0000000180007f98 f i ElectronicJournal.obj
 0001:00007058       ?GetAmbientUserMode@CComControlBase@ATL@@QEAAJAEAH@Z 0000000180008058 f i ElectronicJournal.obj
 0001:0000712c       ?GetClassObject@CComModule@ATL@@QEAAJAEBU_GUID@@0PEAPEAX@Z 000000018000812c f i ElectronicJournal.obj
 0001:00007220       ?GetConnMap@COPOSElectronicJournal@@SAPEBU_ATL_CONNMAP_ENTRY@ATL@@PEAH@Z 0000000180008220 f i ElectronicJournal.obj
 0001:000072a8       ?GetIDsOfNames@CComTypeInfoHolder@ATL@@QEAAJAEBU_GUID@@PEAPEA_WIKPEAJ@Z 00000001800082a8 f i ElectronicJournal.obj
 0001:00007420       ?GetPagesHelper@?$ISpecifyPropertyPagesImpl@VCOPOSElectronicJournal@@@ATL@@IEAAJPEAUtagCAUUID@@PEBUATL_PROPMAP_ENTRY@2@@Z 0000000180008420 f i ElectronicJournal.obj
 0001:000075c0       ?GetSizeMax@CComVariant@ATL@@QEBAJPEAT_ULARGE_INTEGER@@@Z 00000001800085c0 f i ElectronicJournal.obj
 0001:000077f4       ?GetTI@CComTypeInfoHolder@ATL@@QEAAJK@Z 00000001800087f4 f i ElectronicJournal.obj
 0001:00007a6c       ?GetZoomInfo@CComControlBase@ATL@@QEAAXAEAUATL_DRAWINFO@@@Z 0000000180008a6c f i ElectronicJournal.obj
 0001:00007b10       ?HKeyFromString@CRegParser@ATL@@KAPEAUHKEY__@@PEA_W@Z 0000000180008b10 f i ElectronicJournal.obj
 0001:00007b74       ?IDataObject_GetData@CComControlBase@ATL@@QEAAJPEAUtagFORMATETC@@PEAUtagSTGMEDIUM@@@Z 0000000180008b74 f i ElectronicJournal.obj
 0001:00007d68       ?IOleInPlaceObject_InPlaceDeactivate@CComControlBase@ATL@@QEAAJXZ 0000000180008d68 f i ElectronicJournal.obj
 0001:00007e08       ?IOleInPlaceObject_SetObjectRects@CComControlBase@ATL@@QEAAJPEBUtagRECT@@0@Z 0000000180008e08 f i ElectronicJournal.obj
 0001:00007ef8       ?IOleInPlaceObject_UIDeactivate@CComControlBase@ATL@@QEAAJXZ 0000000180008ef8 f i ElectronicJournal.obj
 0001:00008004       ?IOleObject_Close@CComControlBase@ATL@@QEAAJK@Z 0000000180009004 f i ElectronicJournal.obj
 0001:0000811c       ?IOleObject_SetClientSite@CComControlBase@ATL@@QEAAJPEAUIOleClientSite@@@Z 000000018000911c f i ElectronicJournal.obj
 0001:00008194       ?IOleObject_SetExtent@CComControlBase@ATL@@QEAAJKPEAUtagSIZE@@@Z 0000000180009194 f i ElectronicJournal.obj
 0001:0000822c       ?IPSI_GetIPersistStreamInit@?$IPersistStorageImpl@VCOPOSElectronicJournal@@@ATL@@AEAAPEAUIPersistStreamInit@@XZ 000000018000922c f i ElectronicJournal.obj
 0001:00008288       ?IQuickActivate_QuickActivate@CComControlBase@ATL@@QEAAJPEAUtagQACONTAINER@@PEAUtagQACONTROL@@@Z 0000000180009288 f i ElectronicJournal.obj
 0001:0000854c       ?IViewObject_Draw@CComControlBase@ATL@@QEAAJKJPEAXPEAUtagDVTARGETDEVICE@@PEAUHDC__@@2PEBU_RECTL@@3@Z 000000018000954c f i ElectronicJournal.obj
 0001:00008660       ?InPlaceActivate@CComControlBase@ATL@@QEAAJJPEBUtagRECT@@@Z 0000000180009660 f i ElectronicJournal.obj
 0001:00008998       ?Init@?$CComEnumImpl@UIEnumConnectionPoints@@$1?_GUID_b196b285_bab4_101a_b69c_00aa00341d07@@3U__s_GUID@@BPEAUIConnectionPoint@@V?$_CopyInterface@UIConnectionPoint@@@ATL@@@ATL@@QEAAJPEAPEAUIConnectionPoint@@0PEAUIUnknown@@W4CComEnumFlags@2@@Z 0000000180009998 f i ElectronicJournal.obj
 0001:00008ab8       ?Init@?$CComEnumImpl@UIEnumConnections@@$1?_GUID_b196b287_bab4_101a_b69c_00aa00341d07@@3U__s_GUID@@BUtagCONNECTDATA@@V?$_Copy@UtagCONNECTDATA@@@ATL@@@ATL@@QEAAJPEAUtagCONNECTDATA@@0PEAUIUnknown@@W4CComEnumFlags@2@@Z 0000000180009ab8 f i ElectronicJournal.obj
 0001:00008bdc       ?IsEqualObject@?$CComPtrBase@UIOleClientSite@@@ATL@@QEAA_NPEAUIUnknown@@@Z 0000000180009bdc f i ElectronicJournal.obj
 0001:00008bdc       ?IsEqualObject@?$CComPtrBase@UITypeInfo@@@ATL@@QEAA_NPEAUIUnknown@@@Z 0000000180009bdc f i ElectronicJournal.obj
 0001:00008c68       ?LoadNameCache@CComTypeInfoHolder@ATL@@QEAAJPEAUITypeInfo@@@Z 0000000180009c68 f i ElectronicJournal.obj
 0001:00008dec       ?Lookup@?$CSimpleMap@PEA_WPEA_WVCExpansionVectorEqualHelper@ATL@@@ATL@@QEBAPEA_WAEBQEA_W@Z 0000000180009dec f i ElectronicJournal.obj
 0001:00008e78       ?NextToken@CRegParser@ATL@@IEAAJPEA_W@Z 0000000180009e78 f i ElectronicJournal.obj
 0001:00009030       ?OnKillFocus@CComControlBase@ATL@@QEAA_JI_K_JAEAH@Z 000000018000a030 f i ElectronicJournal.obj
 0001:000090cc       ?OnMouseActivate@CComControlBase@ATL@@QEAA_JI_K_JAEAH@Z 000000018000a0cc f i ElectronicJournal.obj
 0001:0000916c       ?OnPaint@CComControlBase@ATL@@QEAA_JI_K_JAEAH@Z 000000018000a16c f i ElectronicJournal.obj
 0001:00009258       ?OnSetFocus@CComControlBase@ATL@@QEAA_JI_K_JAEAH@Z 000000018000a258 f i ElectronicJournal.obj
 0001:00009354       ?Open@CRegKey@ATL@@QEAAJPEAUHKEY__@@PEB_WK@Z 000000018000a354 f i ElectronicJournal.obj
 0001:000093d0       ?PreProcessBuffer@CRegParser@ATL@@QEAAJPEA_WPEAPEA_W@Z 000000018000a3d0 f i ElectronicJournal.obj
 0001:00009754       ?ProcessWindowMessage@?$CComControl@VCOPOSElectronicJournal@@V?$CWindowImpl@VCOPOSElectronicJournal@@VCWindow@ATL@@V?$CWinTraits@$0FGAAAAAA@$0A@@3@@ATL@@@ATL@@UEAAHPEAUHWND__@@I_K_JAEA_JK@Z 000000018000a754 f i ElectronicJournal.obj
 0001:00009838       ?PutProperty@?$CComPtr@UIDispatch@@@ATL@@SAJPEAUIDispatch@@JPEAUtagVARIANT@@@Z 000000018000a838 f i ElectronicJournal.obj
 0001:0000993c       ?ReadFromStream@CComBSTR@ATL@@QEAAJPEAUIStream@@@Z 000000018000a93c f i ElectronicJournal.obj
 0001:00009a98       ?ReadFromStream@CComVariant@ATL@@QEAAJPEAUIStream@@GTClassesAllowedInStream@2@K@Z 000000018000aa98 f i ElectronicJournal.obj
 0001:00009ca8       ?RecurseDeleteKey@CRegKey@ATL@@QEAAJPEB_W@Z 000000018000aca8 f i ElectronicJournal.obj
 0001:00009dcc       ?RegCreateKeyExW@CAtlTransactionManager@ATL@@QEAAJPEAUHKEY__@@PEB_WKPEA_WKKQEAU_SECURITY_ATTRIBUTES@@PEAPEAU3@PEAK@Z 000000018000adcc f i ElectronicJournal.obj
 0001:00009f00       ?RegDeleteKeyW@CAtlTransactionManager@ATL@@QEAAJPEAUHKEY__@@PEB_W@Z 000000018000af00 f i ElectronicJournal.obj
 0001:00009f8c       ?RegOpenKeyExW@CAtlTransactionManager@ATL@@QEAAJPEAUHKEY__@@PEB_WKKPEAPEAU3@@Z 000000018000af8c f i ElectronicJournal.obj
 0001:0000a044       ?RegisterBuffer@CRegParser@ATL@@QEAAJPEA_WH@Z 000000018000b044 f i ElectronicJournal.obj
 0001:0000a1ac       ?RegisterFromResource@CRegObject@ATL@@IEAAJPEB_W00H@Z 000000018000b1ac f i ElectronicJournal.obj
 0001:0000a368       ?RegisterServer@CComModule@ATL@@QEAAJHPEBU_GUID@@@Z 000000018000b368 f i ElectronicJournal.obj
 0001:0000a428       ?RegisterSubkeys@CRegParser@ATL@@IEAAJPEA_WPEAUHKEY__@@HH@Z 000000018000b428 f i ElectronicJournal.obj
 0001:0000ab18       ?SendOnDataChange@CComControlBase@ATL@@QEAAJK@Z 000000018000bb18 f i ElectronicJournal.obj
 0001:0000ab88       ?SetControlFocus@CComControlBase@ATL@@QEAAHH@Z 000000018000bb88 f i ElectronicJournal.obj
 0001:0000ac64       ?SkipAssignment@CRegParser@ATL@@IEAAJPEA_W@Z 000000018000bc64 f i ElectronicJournal.obj
 0001:0000ad08       ?Term@CComModule@ATL@@QEAAXXZ 000000018000bd08 f i ElectronicJournal.obj
 0001:0000adb4       ?UnregisterServer@CComModule@ATL@@QEAAJHPEBU_GUID@@@Z 000000018000bdb4 f i ElectronicJournal.obj
 0001:0000ae64       ?UpdateRegistryFromResource@CAtlModule@ATL@@QEAAJIHPEAU_ATL_REGMAP_ENTRY@2@@Z 000000018000be64 f i ElectronicJournal.obj
 0001:0000b19c       ?UpdateRegistryFromResource@CAtlModule@ATL@@QEAAJPEB_WHPEAU_ATL_REGMAP_ENTRY@2@@Z 000000018000c19c f i ElectronicJournal.obj
 0001:0000b4f4       ?VTFromRegType@CRegParser@ATL@@KAHPEB_WAEAG@Z 000000018000c4f4 f i ElectronicJournal.obj
 0001:0000b590       ?WindowProc@?$CWindowImplBaseT@VCWindow@ATL@@V?$CWinTraits@$0FGAAAAAA@$0A@@2@@ATL@@SA_JPEAUHWND__@@I_K_J@Z 000000018000c590 f i ElectronicJournal.obj
 0001:0000b6fc       ?WriteToStream@CComBSTR@ATL@@QEAAJPEAUIStream@@@Z 000000018000c6fc f i ElectronicJournal.obj
 0001:0000b77c       ?WriteToStream@CComVariant@ATL@@QEAAJPEAUIStream@@@Z 000000018000c77c f i ElectronicJournal.obj
 0001:0000b990       ?WriteToStream@CComVariant@ATL@@QEAAJPEAUIStream@@G@Z 000000018000c990 f i ElectronicJournal.obj
 0001:0000ba28       ?_AtlVerifyStackAvailable@_ATL_SAFE_ALLOCA_IMPL@ATL@@YA_N_K@Z 000000018000ca28 f i ElectronicJournal.obj
 0001:0000baac       DllCanUnloadNow            000000018000caac f   ElectronicJournal.obj
 0001:0000bab8       DllGetClassObject          000000018000cab8 f   ElectronicJournal.obj
 0001:0000bad0       DllMain                    000000018000cad0 f   ElectronicJournal.obj
 0001:0000bb78       DllRegisterServer          000000018000cb78 f   ElectronicJournal.obj
 0001:0000bb8c       DllUnregisterServer        000000018000cb8c f   ElectronicJournal.obj
 0001:0000bba0       __local_stdio_printf_options 000000018000cba0 f i ElectronicJournal.obj
 0001:0000bc30       swprintf_s                 000000018000cc30 f i ElectronicJournal.obj
 0001:0000bc84       ??0COPOSElectronicJournal@@QEAA@XZ 000000018000cc84 f   ElectronicJournalImpl.obj
 0001:0000bd54       ??1?$IConnectionPointImpl@VCOPOSElectronicJournal@@$1?IID_IPropertyNotifySink@@3U_GUID@@BVCComDynamicUnkArray@ATL@@@ATL@@QEAA@XZ 000000018000cd54 f i ElectronicJournalImpl.obj
 0001:0000bd54       ??1?$IConnectionPointImpl@VCOPOSElectronicJournal@@$1?DIID__IOPOSElectronicJournalEvents@@3U_GUID@@BVCComDynamicUnkArray@ATL@@@ATL@@QEAA@XZ 000000018000cd54 f i ElectronicJournalImpl.obj
 0001:0000bdb0       ??1CComControlBase@ATL@@UEAA@XZ 000000018000cdb0 f i ElectronicJournalImpl.obj
 0001:0000be2c       ??1COPOSElectronicJournal@@UEAA@XZ 000000018000ce2c f   ElectronicJournalImpl.obj
 0001:0000be90       ?AddMarker@COPOSElectronicJournal@@UEAAJPEA_WPEAJ@Z 000000018000ce90 f   ElectronicJournalImpl.obj
 0001:0000bf18       ?CancelPrintContent@COPOSElectronicJournal@@UEAAJPEAJ@Z 000000018000cf18 f   ElectronicJournalImpl.obj
 0001:0000bf40       ?CancelQueryContent@COPOSElectronicJournal@@UEAAJPEAJ@Z 000000018000cf40 f   ElectronicJournalImpl.obj
 0001:0000bf68       ?CheckHealth@COPOSElectronicJournal@@UEAAJJPEAJ@Z 000000018000cf68 f   ElectronicJournalImpl.obj
 0001:0000bfe4       ?ClaimDevice@COPOSElectronicJournal@@UEAAJJPEAJ@Z 000000018000cfe4 f   ElectronicJournalImpl.obj
 0001:0000c084       ?ClearInput@COPOSElectronicJournal@@UEAAJPEAJ@Z 000000018000d084 f   ElectronicJournalImpl.obj
 0001:0000c0ac       ?ClearOutput@COPOSElectronicJournal@@UEAAJPEAJ@Z 000000018000d0ac f   ElectronicJournalImpl.obj
 0001:0000c0d4       ?Close@COPOSElectronicJournal@@UEAAJPEAJ@Z 000000018000d0d4 f   ElectronicJournalImpl.obj
 0001:0000c18c       ?CompareFirmwareVersion@COPOSElectronicJournal@@UEAAJPEA_WPEAJ1@Z 000000018000d18c f   ElectronicJournalImpl.obj
 0001:0000c268       ?DirectIO@COPOSElectronicJournal@@UEAAJJPEAJPEAPEA_W0@Z 000000018000d268 f   ElectronicJournalImpl.obj
 0001:0000c364       ?DoInvoke@COPOSElectronicJournal@@IEAAJJPEAVOposVariant@@IHPEAJ_N@Z 000000018000d364 f   ElectronicJournalImpl.obj
 0001:0000c498       ?EraseMedium@COPOSElectronicJournal@@UEAAJPEAJ@Z 000000018000d498 f   ElectronicJournalImpl.obj
 0001:0000c4c0       ?EventInit@COPOSElectronicJournal@@IEAAJXZ 000000018000d4c0 f i ElectronicJournalImpl.obj
 0001:0000c608       ?EventUninit@COPOSElectronicJournal@@IEAAXXZ 000000018000d608 f i ElectronicJournalImpl.obj
 0001:0000c66c       ?EventWindowProc@COPOSElectronicJournal@@IEAA_JI_K_J@Z 000000018000d66c f i ElectronicJournalImpl.obj
 0001:0000c848       ?FinalConstruct@COPOSElectronicJournal@@QEAAJXZ 000000018000d848 f   ElectronicJournalImpl.obj
 0001:0000c884       ?FreezeEvents@COPOSElectronicJournal@@MEAAJH@Z 000000018000d884 f   ElectronicJournalImpl.obj
 0001:0000c8f8       ?GetOposProp@COPOSElectronicJournal@@IEAAJJPEAJJ@Z 000000018000d8f8 f   ElectronicJournalImpl.obj
 0001:0000ca14       ?GetOposProp@COPOSElectronicJournal@@IEAAJJPEAPEA_WJ@Z 000000018000da14 f   ElectronicJournalImpl.obj
 0001:0000cb40       ?InitializeMedium@COPOSElectronicJournal@@UEAAJPEA_WPEAJ@Z 000000018000db40 f   ElectronicJournalImpl.obj
 0001:0000cbc8       ?OnDraw@COPOSElectronicJournal@@MEAAJAEAUATL_DRAWINFO@@@Z 000000018000dbc8 f   ElectronicJournalImpl.obj
 0001:0000ccb4       ?Open@COPOSElectronicJournal@@UEAAJPEA_WPEAJ@Z 000000018000dcb4 f   ElectronicJournalImpl.obj
 0001:0000d53c       ?PrintContent@COPOSElectronicJournal@@UEAAJPEA_W0PEAJ@Z 000000018000e53c f   ElectronicJournalImpl.obj
 0001:0000d618       ?PrintContentFile@COPOSElectronicJournal@@UEAAJPEA_WPEAJ@Z 000000018000e618 f   ElectronicJournalImpl.obj
 0001:0000d6a0       ?QueryContent@COPOSElectronicJournal@@UEAAJPEA_W00PEAJ@Z 000000018000e6a0 f   ElectronicJournalImpl.obj
 0001:0000d78c       ?ReleaseDevice@COPOSElectronicJournal@@UEAAJPEAJ@Z 000000018000e78c f   ElectronicJournalImpl.obj
 0001:0000d7f8       ?ResetStatistics@COPOSElectronicJournal@@UEAAJPEA_WPEAJ@Z 000000018000e7f8 f   ElectronicJournalImpl.obj
 0001:0000d880       ?ResumePrintContent@COPOSElectronicJournal@@UEAAJPEAJ@Z 000000018000e880 f   ElectronicJournalImpl.obj
 0001:0000d8a8       ?ResumeQueryContent@COPOSElectronicJournal@@UEAAJPEAJ@Z 000000018000e8a8 f   ElectronicJournalImpl.obj
 0001:0000d8d0       ?RetrieveCurrentMarker@COPOSElectronicJournal@@UEAAJJPEAPEA_WPEAJ@Z 000000018000e8d0 f   ElectronicJournalImpl.obj
 0001:0000d9a8       ?RetrieveMarker@COPOSElectronicJournal@@UEAAJJJJPEAPEA_WPEAJ@Z 000000018000e9a8 f   ElectronicJournalImpl.obj
 0001:0000dab8       ?RetrieveMarkerByDateTime@COPOSElectronicJournal@@UEAAJJPEA_W0PEAPEA_WPEAJ@Z 000000018000eab8 f   ElectronicJournalImpl.obj
 0001:0000dbc0       ?RetrieveMarkersDateTime@COPOSElectronicJournal@@UEAAJPEA_WPEAPEA_WPEAJ@Z 000000018000ebc0 f   ElectronicJournalImpl.obj
 0001:0000dc9c       ?RetrieveStatistics@COPOSElectronicJournal@@UEAAJPEAPEA_WPEAJ@Z 000000018000ec9c f   ElectronicJournalImpl.obj
 0001:0000dd24       ?SOProcessID@COPOSElectronicJournal@@UEAAJPEAJ@Z 000000018000ed24 f   ElectronicJournalImpl.obj
 0001:0000dd40       ?SetCOFreezeEvents@COPOSElectronicJournal@@IEAAXF@Z 000000018000ed40 f   ElectronicJournalImpl.obj
 0001:0000de24       ?SetOposProp@COPOSElectronicJournal@@IEAAJJJJ@Z 000000018000ee24 f   ElectronicJournalImpl.obj
 0001:0000df84       ?SuspendPrintContent@COPOSElectronicJournal@@UEAAJPEAJ@Z 000000018000ef84 f   ElectronicJournalImpl.obj
 0001:0000dfac       ?SuspendQueryContent@COPOSElectronicJournal@@UEAAJPEAJ@Z 000000018000efac f   ElectronicJournalImpl.obj
 0001:0000dfd4       ?UpdateFirmware@COPOSElectronicJournal@@UEAAJPEA_WPEAJ@Z 000000018000efd4 f   ElectronicJournalImpl.obj
 0001:0000e05c       ?UpdateStatistics@COPOSElectronicJournal@@UEAAJPEA_WPEAJ@Z 000000018000f05c f   ElectronicJournalImpl.obj
 0001:0000e0e4       ?get_AsyncMode@COPOSElectronicJournal@@UEAAJPEAF@Z 000000018000f0e4 f   ElectronicJournalImpl.obj
 0001:0000e118       ?get_AutoDisable@COPOSElectronicJournal@@UEAAJPEAF@Z 000000018000f118 f   ElectronicJournalImpl.obj
 0001:0000e148       ?get_BinaryConversion@COPOSElectronicJournal@@UEAAJPEAJ@Z 000000018000f148 f   ElectronicJournalImpl.obj
 0001:0000e15c       ?get_CapAddMarker@COPOSElectronicJournal@@UEAAJPEAF@Z 000000018000f15c f   ElectronicJournalImpl.obj
 0001:0000e190       ?get_CapCompareFirmwareVersion@COPOSElectronicJournal@@UEAAJPEAF@Z 000000018000f190 f   ElectronicJournalImpl.obj
 0001:0000e1c4       ?get_CapErasableMedium@COPOSElectronicJournal@@UEAAJPEAF@Z 000000018000f1c4 f   ElectronicJournalImpl.obj
 0001:0000e1f8       ?get_CapInitializeMedium@COPOSElectronicJournal@@UEAAJPEAF@Z 000000018000f1f8 f   ElectronicJournalImpl.obj
 0001:0000e22c       ?get_CapMediumIsAvailable@COPOSElectronicJournal@@UEAAJPEAF@Z 000000018000f22c f   ElectronicJournalImpl.obj
 0001:0000e260       ?get_CapPowerReporting@COPOSElectronicJournal@@UEAAJPEAJ@Z 000000018000f260 f   ElectronicJournalImpl.obj
 0001:0000e274       ?get_CapPrintContent@COPOSElectronicJournal@@UEAAJPEAF@Z 000000018000f274 f   ElectronicJournalImpl.obj
 0001:0000e2a8       ?get_CapPrintContentFile@COPOSElectronicJournal@@UEAAJPEAF@Z 000000018000f2a8 f   ElectronicJournalImpl.obj
 0001:0000e2dc       ?get_CapRetrieveCurrentMarker@COPOSElectronicJournal@@UEAAJPEAF@Z 000000018000f2dc f   ElectronicJournalImpl.obj
 0001:0000e310       ?get_CapRetrieveMarker@COPOSElectronicJournal@@UEAAJPEAF@Z 000000018000f310 f   ElectronicJournalImpl.obj
 0001:0000e344       ?get_CapRetrieveMarkerByDateTime@COPOSElectronicJournal@@UEAAJPEAF@Z 000000018000f344 f   ElectronicJournalImpl.obj
 0001:0000e378       ?get_CapRetrieveMarkersDateTime@COPOSElectronicJournal@@UEAAJPEAF@Z 000000018000f378 f   ElectronicJournalImpl.obj
 0001:0000e3ac       ?get_CapStation@COPOSElectronicJournal@@UEAAJPEAJ@Z 000000018000f3ac f   ElectronicJournalImpl.obj
 0001:0000e3c0       ?get_CapStatisticsReporting@COPOSElectronicJournal@@UEAAJPEAF@Z 000000018000f3c0 f   ElectronicJournalImpl.obj
 0001:0000e3f4       ?get_CapStorageEnabled@COPOSElectronicJournal@@UEAAJPEAF@Z 000000018000f3f4 f   ElectronicJournalImpl.obj
 0001:0000e428       ?get_CapSuspendPrintContent@COPOSElectronicJournal@@UEAAJPEAF@Z 000000018000f428 f   ElectronicJournalImpl.obj
 0001:0000e45c       ?get_CapSuspendQueryContent@COPOSElectronicJournal@@UEAAJPEAF@Z 000000018000f45c f   ElectronicJournalImpl.obj
 0001:0000e490       ?get_CapUpdateFirmware@COPOSElectronicJournal@@UEAAJPEAF@Z 000000018000f490 f   ElectronicJournalImpl.obj
 0001:0000e4c4       ?get_CapUpdateStatistics@COPOSElectronicJournal@@UEAAJPEAF@Z 000000018000f4c4 f   ElectronicJournalImpl.obj
 0001:0000e4f8       ?get_CapWaterMark@COPOSElectronicJournal@@UEAAJPEAF@Z 000000018000f4f8 f   ElectronicJournalImpl.obj
 0001:0000e52c       ?get_CheckHealthText@COPOSElectronicJournal@@UEAAJPEAPEA_W@Z 000000018000f52c f   ElectronicJournalImpl.obj
 0001:0000e540       ?get_Claimed@COPOSElectronicJournal@@UEAAJPEAF@Z 000000018000f540 f   ElectronicJournalImpl.obj
 0001:0000e574       ?get_ControlObjectDescription@COPOSElectronicJournal@@UEAAJPEAPEA_W@Z 000000018000f574 f   ElectronicJournalImpl.obj
 0001:0000e5d8       ?get_ControlObjectVersion@COPOSElectronicJournal@@UEAAJPEAJ@Z 000000018000f5d8 f   ElectronicJournalImpl.obj
 0001:0000e5e4       ?get_DataCount@COPOSElectronicJournal@@UEAAJPEAJ@Z 000000018000f5e4 f   ElectronicJournalImpl.obj
 0001:0000e5f8       ?get_DataEventEnabled@COPOSElectronicJournal@@UEAAJPEAF@Z 000000018000f5f8 f   ElectronicJournalImpl.obj
 0001:0000e62c       ?get_DeviceDescription@COPOSElectronicJournal@@UEAAJPEAPEA_W@Z 000000018000f62c f   ElectronicJournalImpl.obj
 0001:0000e640       ?get_DeviceEnabled@COPOSElectronicJournal@@UEAAJPEAF@Z 000000018000f640 f   ElectronicJournalImpl.obj
 0001:0000e674       ?get_DeviceName@COPOSElectronicJournal@@UEAAJPEAPEA_W@Z 000000018000f674 f   ElectronicJournalImpl.obj
 0001:0000e688       ?get_FlagWhenIdle@COPOSElectronicJournal@@UEAAJPEAF@Z 000000018000f688 f   ElectronicJournalImpl.obj
 0001:0000e6bc       ?get_FreezeEvents@COPOSElectronicJournal@@UEAAJPEAF@Z 000000018000f6bc f   ElectronicJournalImpl.obj
 0001:0000e6ec       ?get_MediumFreeSpace@COPOSElectronicJournal@@UEAAJPEATtagCY@@@Z 000000018000f6ec f   ElectronicJournalImpl.obj
 0001:0000e7bc       ?get_MediumID@COPOSElectronicJournal@@UEAAJPEAPEA_W@Z 000000018000f7bc f   ElectronicJournalImpl.obj
 0001:0000e7d0       ?get_MediumIsAvailable@COPOSElectronicJournal@@UEAAJPEAF@Z 000000018000f7d0 f   ElectronicJournalImpl.obj
 0001:0000e804       ?get_MediumSize@COPOSElectronicJournal@@UEAAJPEATtagCY@@@Z 000000018000f804 f   ElectronicJournalImpl.obj
 0001:0000e8d4       ?get_OpenResult@COPOSElectronicJournal@@UEAAJPEAJ@Z 000000018000f8d4 f   ElectronicJournalImpl.obj
 0001:0000e8e0       ?get_OutputID@COPOSElectronicJournal@@UEAAJPEAJ@Z 000000018000f8e0 f   ElectronicJournalImpl.obj
 0001:0000e8f4       ?get_PowerNotify@COPOSElectronicJournal@@UEAAJPEAJ@Z 000000018000f8f4 f   ElectronicJournalImpl.obj
 0001:0000e908       ?get_PowerState@COPOSElectronicJournal@@UEAAJPEAJ@Z 000000018000f908 f   ElectronicJournalImpl.obj
 0001:0000e91c       ?get_ResultCode@COPOSElectronicJournal@@UEAAJPEAJ@Z 000000018000f91c f   ElectronicJournalImpl.obj
 0001:0000e958       ?get_ResultCodeExtended@COPOSElectronicJournal@@UEAAJPEAJ@Z 000000018000f958 f   ElectronicJournalImpl.obj
 0001:0000e96c       ?get_ServiceObjectDescription@COPOSElectronicJournal@@UEAAJPEAPEA_W@Z 000000018000f96c f   ElectronicJournalImpl.obj
 0001:0000e980       ?get_ServiceObjectVersion@COPOSElectronicJournal@@UEAAJPEAJ@Z 000000018000f980 f   ElectronicJournalImpl.obj
 0001:0000e994       ?get_State@COPOSElectronicJournal@@UEAAJPEAJ@Z 000000018000f994 f   ElectronicJournalImpl.obj
 0001:0000e9c0       ?get_Station@COPOSElectronicJournal@@UEAAJPEAJ@Z 000000018000f9c0 f   ElectronicJournalImpl.obj
 0001:0000e9d4       ?get_StorageEnabled@COPOSElectronicJournal@@UEAAJPEAF@Z 000000018000f9d4 f   ElectronicJournalImpl.obj
 0001:0000ea08       ?get_Suspended@COPOSElectronicJournal@@UEAAJPEAF@Z 000000018000fa08 f   ElectronicJournalImpl.obj
 0001:0000ea3c       ?get_WaterMark@COPOSElectronicJournal@@UEAAJPEAF@Z 000000018000fa3c f   ElectronicJournalImpl.obj
 0001:0000ea70       ?put_AsyncMode@COPOSElectronicJournal@@UEAAJF@Z 000000018000fa70 f   ElectronicJournalImpl.obj
 0001:0000ea8c       ?put_AutoDisable@COPOSElectronicJournal@@UEAAJF@Z 000000018000fa8c f   ElectronicJournalImpl.obj
 0001:0000eaa4       ?put_BinaryConversion@COPOSElectronicJournal@@UEAAJJ@Z 000000018000faa4 f   ElectronicJournalImpl.obj
 0001:0000eab8       ?put_DataEventEnabled@COPOSElectronicJournal@@UEAAJF@Z 000000018000fab8 f   ElectronicJournalImpl.obj
 0001:0000ead0       ?put_DeviceEnabled@COPOSElectronicJournal@@UEAAJF@Z 000000018000fad0 f   ElectronicJournalImpl.obj
 0001:0000eae8       ?put_FlagWhenIdle@COPOSElectronicJournal@@UEAAJF@Z 000000018000fae8 f   ElectronicJournalImpl.obj
 0001:0000eb04       ?put_FreezeEvents@COPOSElectronicJournal@@UEAAJF@Z 000000018000fb04 f   ElectronicJournalImpl.obj
 0001:0000eb54       ?put_PowerNotify@COPOSElectronicJournal@@UEAAJJ@Z 000000018000fb54 f   ElectronicJournalImpl.obj
 0001:0000eb68       ?put_Station@COPOSElectronicJournal@@UEAAJJ@Z 000000018000fb68 f   ElectronicJournalImpl.obj
[...]
 0004:00001950       $pdata$?try_get_function@@YAPEAXW4function_id@?A0x391cf84c@@QEBDQEBW4module_id@2@2@Z 0000000180034950     libucrt:winapi_thunks.obj
 0004:0000195c       $pdata$isdigit             000000018003495c     libucrt:_ctype.obj
 0004:00001968       $pdata$tolower             0000000180034968     libucrt:tolower_toupper.obj
 0004:00001974       $pdata$_tolower_l          0000000180034974     libucrt:tolower_toupper.obj
 0004:00001980       $pdata$?internal_isupper_l@@YA_NHQEAU__crt_locale_pointers@@@Z 0000000180034980     libucrt:tolower_toupper.obj
 0004:0000198c       $pdata$wcstol              000000018003498c     libucrt:strtox.obj
 0004:00001998       $pdata$_mbtowc_l           0000000180034998     libucrt:mbtowc.obj
 0004:000019a4       $pdata$wcsnlen             00000001800349a4     libucrt:strnlen.obj
 0004:000019b0       $pdata$__acrt_update_locale_info 00000001800349b0     libucrt:locale_update.obj
 0004:000019bc       $pdata$__acrt_update_multibyte_info 00000001800349bc     libucrt:locale_update.obj
 0004:000019c8       $pdata$__acrt_fp_format    00000001800349c8     libucrt:cvt.obj
 0004:000019d4       $pdata$?fp_format_nan_or_infinity@@YAHW4__acrt_fp_class@@_NPEAD_K1@Z 00000001800349d4     libucrt:cvt.obj
 0004:000019e0       $pdata$?fp_format_e_internal@@YAHQEAD_KH_NIQEAU_strflt@@2QEAU__crt_locale_pointers@@@Z 00000001800349e0     libucrt:cvt.obj
 0004:000019ec       $pdata$?fp_format_e@@YAHQEBNQEAD_K12H_NIQEAU__crt_locale_pointers@@@Z 00000001800349ec     libucrt:cvt.obj
 0004:000019f8       $pdata$?fp_format_a@@YAHQEBNPEAD_KQEAD2H_NIQEAU__crt_locale_pointers@@@Z 00000001800349f8     libucrt:cvt.obj
 0004:00001a04       $pdata$?fp_format_f_internal@@YAHQEAD_KHQEAU_strflt@@_NQEAU__crt_locale_pointers@@@Z 0000000180034a04     libucrt:cvt.obj
 0004:00001a10       $pdata$?fp_format_g@@YAHQEBNQEAD_K12H_NIQEAU__crt_locale_pointers@@@Z 0000000180034a10     libucrt:cvt.obj
 0004:00001a1c       $pdata$_fileno             0000000180034a1c     libucrt:fileno.obj
 0004:00001a28       $pdata$__acrt_initialize_stdio 0000000180034a28     libucrt:_file.obj
 0004:00001a34       $pdata$__acrt_uninitialize_stdio 0000000180034a34     libucrt:_file.obj
 0004:00001a40       $pdata$__acrt_uninitialize_locale 0000000180034a40     libucrt:wsetlocale.obj
 0004:00001a4c       $pdata$??$?RV<lambda_410d79af7f07d98d83a3f525b3859a53>@@AEAV<lambda_3e16ef9562a7dcce91392c22ab16ea36>@@V<lambda_38119f0e861e05405d8a144b9b982f0a>@@@?$__crt_seh_guarded_call@X@@QEAAX$$QEAV<lambda_410d79af7f07d98d83a3f525b3859a53>@@AEAV<lambda_3e16ef9562a7dcce91392c22ab16ea36>@@$$QEAV<lambda_38119f0e861e05405d8a144b9b982f0a>@@@Z 0000000180034a4c     libucrt:wsetlocale.obj
 0004:00001a58       $pdata$?fin$0@?0???$?RV<lambda_410d79af7f07d98d83a3f525b3859a53>@@AEAV<lambda_3e16ef9562a7dcce91392c22ab16ea36>@@V<lambda_38119f0e861e05405d8a144b9b982f0a>@@@?$__crt_seh_guarded_call@X@@QEAAX$$QEAV<lambda_410d79af7f07d98d83a3f525b3859a53>@@AEAV<lambda_3e16ef9562a7dcce91392c22ab16ea36>@@$$QEAV<lambda_38119f0e861e05405d8a144b9b982f0a>@@@Z@4HA 0000000180034a58     libucrt:wsetlocale.obj
 0004:00001a64       $pdata$__acrt_initialize_lowio 0000000180034a64     libucrt:ioinit.obj
 0004:00001a70       $pdata$__acrt_lowio_ensure_fh_exists$fin$0 0000000180034a70     libucrt:osfinfo.obj
 0004:00001a70       $pdata$__acrt_initialize_lowio$fin$0 0000000180034a70     libucrt:ioinit.obj
 0004:00001a7c       $pdata$__acrt_uninitialize_lowio 0000000180034a7c     libucrt:ioinit.obj
 0004:00001a88       $pdata$?initialize_inherited_file_handles_nolock@@YAXXZ 0000000180034a88     libucrt:ioinit.obj
 0004:00001a94       $pdata$?initialize_stdio_handles_nolock@@YAXXZ 0000000180034a94     libucrt:ioinit.obj
 0004:00001aa0       $pdata$__acrt_initialize_locks 0000000180034aa0     libucrt:locks.obj
 0004:00001aac       $pdata$__acrt_uninitialize_locks 0000000180034aac     libucrt:locks.obj
 0004:00001ab8       $pdata$__acrt_get_process_end_policy 0000000180034ab8     libucrt:win_policies.obj
 0004:00001ac4       $pdata$??$common_expand_argv_wildcards@D@@YAHQEAPEADQEAPEAPEAD@Z 0000000180034ac4     libucrt:argv_wildcards.obj
 0004:00001ad0       $pdata$??$copy_and_add_argument_to_buffer@D@@YAHQEBD0_KAEAV?$argument_list@D@?A0x5f5c8891@@@Z 0000000180034ad0     libucrt:argv_wildcards.obj
 0004:00001adc       $pdata$??$expand_argument_wildcards@D@@YAHQEAD0AEAV?$argument_list@D@?A0x5f5c8891@@@Z 0000000180034adc     libucrt:argv_wildcards.obj
 0004:00001ae8       $pdata$__acrt_update_thread_multibyte_data 0000000180034ae8     libucrt:mbctype.obj
 0004:00001af4       $pdata$__acrt_initialize_multibyte 0000000180034af4     libucrt:mbctype.obj
 0004:00001b00       $pdata$_setmbcp_nolock     0000000180034b00     libucrt:mbctype.obj
 0004:00001b0c       $pdata$?getSystemCP@@YAHH@Z 0000000180034b0c     libucrt:mbctype.obj
 0004:00001b18       $pdata$?setSBCS@@YAXPEAU__crt_multibyte_data@@@Z 0000000180034b18     libucrt:mbctype.obj
 0004:00001b24       $pdata$?setSBUpLow@@YAXPEAU__crt_multibyte_data@@@Z 0000000180034b24     libucrt:mbctype.obj
 0004:00001b30       $pdata$?update_thread_multibyte_data_internal@@YAPEAU__crt_multibyte_data@@QEAU__acrt_ptd@@QEAU1@@Z 0000000180034b30     libucrt:mbctype.obj
 0004:00001b3c       $pdata$?fin$0@?0??update_thread_multibyte_data_internal@@YAPEAU__crt_multibyte_data@@QEAU__acrt_ptd@@QEAU1@@Z@4HA 0000000180034b3c     libucrt:mbctype.obj
 0004:00001b48       $pdata$?setmbcp_internal@@YAHH_NQEAU__acrt_ptd@@QEAPEAU__crt_multibyte_data@@@Z 0000000180034b48     libucrt:mbctype.obj
 0004:00001b54       $pdata$??$?RV<lambda_efdfa57d1f175319df784efa44bb7b81>@@AEAV<lambda_5f0a4c1567f8adc6734073e5d1e1b35c>@@V<lambda_2e8a7d3640ea6ccb4c2413664c2db6fd>@@@?$__crt_seh_guarded_call@X@@QEAAX$$QEAV<lambda_efdfa57d1f175319df784efa44bb7b81>@@AEAV<lambda_5f0a4c1567f8adc6734073e5d1e1b35c>@@$$QEAV<lambda_2e8a7d3640ea6ccb4c2413664c2db6fd>@@@Z 0000000180034b54     libucrt:mbctype.obj
 0004:00001b60       $pdata$?x_ismbbtype_l@@YAHPEAU__crt_locale_pointers@@IHH@Z 0000000180034b60     libucrt:ismbbyte.obj
 0004:00001b6c       $pdata$__acrt_initialize_command_line 0000000180034b6c     libucrt:argv_data.obj
 0004:00001b78       $pdata$__dcrt_get_narrow_environment_from_os 0000000180034b78     libucrt:get_environment_from_os.obj
 0004:00001b84       $pdata$__acrt_initialize_heap 0000000180034b84     libucrt:heap_handle.obj
 0004:00001b90       $pdata$__acrt_execute_initializers 0000000180034b90     libucrt:shared_initialization.obj
 0004:00001b9c       $pdata$__acrt_execute_uninitializers 0000000180034b9c     libucrt:shared_initialization.obj
 0004:00001ba8       $pdata$__acrt_get_sigabrt_handler 0000000180034ba8     libucrt:signal.obj
 0004:00001bb4       $pdata$raise               0000000180034bb4     libucrt:signal.obj
 0004:00001bc0       $pdata$raise$fin$0         0000000180034bc0     libucrt:signal.obj
 0004:00001bcc       $pdata$??$?RV<lambda_450d765d439847d4c735a33c368b5fc0>@@AEAV<lambda_44731a7d0e6d81c3e6aa82d741081786>@@V<lambda_601a2a7da3b7a96e9554ac7215c4b07c>@@@?$__crt_seh_guarded_call@P6AXH@Z@@QEAAP6AXH@Z$$QEAV<lambda_450d765d439847d4c735a33c368b5fc0>@@AEAV<lambda_44731a7d0e6d81c3e6aa82d741081786>@@$$QEAV<lambda_601a2a7da3b7a96e9554ac7215c4b07c>@@@Z 0000000180034bcc     libucrt:signal.obj
 0004:00001bd8       $pdata$__pctype_func       0000000180034bd8     libucrt:ctype.obj
 0004:00001be4       $pdata$iswctype            0000000180034be4     libucrt:iswctype.obj
 0004:00001bf0       $pdata$_isctype_l          0000000180034bf0     libucrt:isctype.obj
 0004:00001bfc       $pdata$__acrt_release_locale_ref 0000000180034bfc     libucrt:locale_refcounting.obj
 0004:00001c08       $pdata$__acrt_free_locale  0000000180034c08     libucrt:locale_refcounting.obj
 0004:00001c14       $pdata$__acrt_locale_free_lc_time_if_unreferenced 0000000180034c14     libucrt:locale_refcounting.obj
 0004:00001c20       $pdata$__acrt_update_thread_locale_data 0000000180034c20     libucrt:locale_refcounting.obj
 0004:00001c2c       $pdata$__acrt_update_thread_locale_data$fin$0 0000000180034c2c     libucrt:locale_refcounting.obj
 0004:00001c38       $pdata$_updatetlocinfoEx_nolock 0000000180034c38     libucrt:locale_refcounting.obj
 0004:00001c44       $pdata$__acrt_DownlevelLocaleNameToLCID 0000000180034c44     libucrt:lcidtoname_downlevel.obj
 0004:00001c50       $pdata$?GetTableIndexFromLocaleName@@YAHPEB_W@Z 0000000180034c50     libucrt:lcidtoname_downlevel.obj
 0004:00001c5c       $pdata$_isleadbyte_l       0000000180034c5c     libucrt:_wctype.obj
 0004:00001c68       $pdata$__acrt_LCMapStringA 0000000180034c68     libucrt:lcmapstringa.obj
 0004:00001c74       $pdata$?__acrt_LCMapStringA_stat@@YAHPEAU__crt_locale_pointers@@PEB_WKPEBDHPEADHHH@Z 0000000180034c74     libucrt:lcmapstringa.obj
 0004:00001c80       $pdata$__acrt_fp_strflt_to_string 0000000180034c80     libucrt:_fptostr.obj
 0004:00001c8c       $pdata$memcpy_s            0000000180034c8c     libucrt:cfout.obj
 0004:00001c98       $pdata$__acrt_fltout       0000000180034c98     libucrt:cfout.obj
 0004:00001ca4       $pdata$?divide@__crt_strtox@@YA_KAEAUbig_integer@1@AEBU21@@Z 0000000180034ca4     libucrt:cfout.obj
 0004:00001cb0       $pdata$5$?divide@__crt_strtox@@YA_KAEAUbig_integer@1@AEBU21@@Z 0000000180034cb0     libucrt:cfout.obj
 0004:00001cbc       $pdata$6$?divide@__crt_strtox@@YA_KAEAUbig_integer@1@AEBU21@@Z 0000000180034cbc     libucrt:cfout.obj
 0004:00001cc8       $pdata$_fcloseall          0000000180034cc8     libucrt:closeall.obj
 0004:00001cd4       $pdata$_fcloseall$fin$0    0000000180034cd4     libucrt:closeall.obj
 0004:00001ce0       $pdata$_fflush_nolock      0000000180034ce0     libucrt:fflush.obj
 0004:00001cec       $pdata$__acrt_stdio_flush_nolock 0000000180034cec     libucrt:fflush.obj
 0004:00001cf8       $pdata$?common_flush_all@@YAH_N@Z 0000000180034cf8     libucrt:fflush.obj
 0004:00001d04       $pdata$??$?RV<lambda_842d9ff0dc9ef11c61343bbaebe7f885>@@AEAV<lambda_c5860995281e5c4ce005b3de8f5874ee>@@V<lambda_d90129c13df834fdcbf8d2b88dafcf2d>@@@?$__crt_seh_guarded_call@X@@QEAAX$$QEAV<lambda_842d9ff0dc9ef11c61343bbaebe7f885>@@AEAV<lambda_c5860995281e5c4ce005b3de8f5874ee>@@$$QEAV<lambda_d90129c13df834fdcbf8d2b88dafcf2d>@@@Z 0000000180034d04     libucrt:fflush.obj
 0004:00001d10       $pdata$?fin$0@?0???$?RV<lambda_842d9ff0dc9ef11c61343bbaebe7f885>@@AEAV<lambda_c5860995281e5c4ce005b3de8f5874ee>@@V<lambda_d90129c13df834fdcbf8d2b88dafcf2d>@@@?$__crt_seh_guarded_call@X@@QEAAX$$QEAV<lambda_842d9ff0dc9ef11c61343bbaebe7f885>@@AEAV<lambda_c5860995281e5c4ce005b3de8f5874ee>@@$$QEAV<lambda_d90129c13df834fdcbf8d2b88dafcf2d>@@@Z@4HA 0000000180034d10     libucrt:fflush.obj
 0004:00001d1c       $pdata$??$?RV<lambda_886d6c58226a84441f68b9f2b8217b83>@@AEAV<lambda_ab61a845afdef5b7c387490eaf3616ee>@@V<lambda_f7f22ab5edc0698d5f6905b0d3f44752>@@@?$__crt_seh_guarded_call@X@@QEAAX$$QEAV<lambda_886d6c58226a84441f68b9f2b8217b83>@@AEAV<lambda_ab61a845afdef5b7c387490eaf3616ee>@@$$QEAV<lambda_f7f22ab5edc0698d5f6905b0d3f44752>@@@Z 0000000180034d1c     libucrt:fflush.obj
 0004:00001d28       $pdata$?fin$0@?0???$?RV<lambda_886d6c58226a84441f68b9f2b8217b83>@@AEAV<lambda_ab61a845afdef5b7c387490eaf3616ee>@@V<lambda_f7f22ab5edc0698d5f6905b0d3f44752>@@@?$__crt_seh_guarded_call@X@@QEAAX$$QEAV<lambda_886d6c58226a84441f68b9f2b8217b83>@@AEAV<lambda_ab61a845afdef5b7c387490eaf3616ee>@@$$QEAV<lambda_f7f22ab5edc0698d5f6905b0d3f44752>@@@Z@4HA 0000000180034d28     libucrt:fflush.obj
 0004:00001d34       $pdata$__acrt_stdio_free_buffer_nolock 0000000180034d34     libucrt:_freebuf.obj
 0004:00001d40       $pdata$_isatty             0000000180034d40     libucrt:isatty.obj
 0004:00001d4c       $pdata$__acrt_locale_free_monetary 0000000180034d4c     libucrt:initmon.obj
 0004:00001d58       $pdata$__acrt_locale_free_numeric 0000000180034d58     libucrt:initnum.obj
 0004:00001d64       $pdata$__acrt_locale_free_time 0000000180034d64     libucrt:inittime.obj
 0004:00001d70       $pdata$?free_crt_array_internal@@YAXQEAPEBX_K@Z 0000000180034d70     libucrt:inittime.obj
 0004:00001d7c       $pdata$__acrt_GetStringTypeA 0000000180034d7c     libucrt:getstringtypea.obj
 0004:00001d88       $pdata$_get_osfhandle      0000000180034d88     libucrt:osfinfo.obj
 0004:00001d94       $pdata$_free_osfhnd        0000000180034d94     libucrt:osfinfo.obj
 0004:00001da0       $pdata$__acrt_lowio_create_handle_array 0000000180034da0     libucrt:osfinfo.obj
 0004:00001dac       $pdata$__acrt_lowio_destroy_handle_array 0000000180034dac     libucrt:osfinfo.obj
 0004:00001db8       $pdata$__acrt_lowio_ensure_fh_exists 0000000180034db8     libucrt:osfinfo.obj
 0004:00001dc4       $pdata$qsort               0000000180034dc4     libucrt:qsort.obj
 0004:00001dd0       $pdata$4$qsort             0000000180034dd0     libucrt:qsort.obj
 0004:00001ddc       $pdata$5$qsort             0000000180034ddc     libucrt:qsort.obj
 0004:00001de8       $pdata$?shortsort@@YAXPEAD0_KP6AHPEBX2@Z@Z 0000000180034de8     libucrt:qsort.obj
 0004:00001df4       $pdata$2$?shortsort@@YAXPEAD0_KP6AHPEBX2@Z@Z 0000000180034df4     libucrt:qsort.obj
 0004:00001e00       $pdata$3$?shortsort@@YAXPEAD0_KP6AHPEBX2@Z@Z 0000000180034e00     libucrt:qsort.obj
 0004:00001e0c       $pdata$strncpy_s           0000000180034e0c     libucrt:strncpy_s.obj
 0004:00001e18       $pdata$strpbrk             0000000180034e18     libucrt:strpbrk.obj
 0004:00001e24       $pdata$_mbsdec_l           0000000180034e24     libucrt:mbsdec.obj
 0004:00001e30       $pdata$?initialize_multibyte@@YAHXZ 0000000180034e30     libucrt:multibyte_initializer.obj
 0004:00001e3c       $pdata$fegetenv            0000000180034e3c     libucrt:fegetenv.obj
 0004:00001e48       $pdata$fesetenv            0000000180034e48     libucrt:fesetenv.obj
 0004:00001e54       $pdata$feholdexcept        0000000180034e54     libucrt:feholdexcept.obj
 0004:00001e6c       $pdata$_write              0000000180034e6c     libucrt:write.obj
 0004:00001e78       $pdata$_write$fin$0        0000000180034e78     libucrt:write.obj
 0004:00001e84       $pdata$_write_nolock       0000000180034e84     libucrt:write.obj
 0004:00001e90       $pdata$?write_double_translated_ansi_nolock@@YA?AUwrite_result@?A0x17268360@@HQEBDI@Z 0000000180034e90     libucrt:write.obj
 0004:00001e9c       $pdata$?write_text_ansi_nolock@@YA?AUwrite_result@?A0x17268360@@HQEBDI@Z 0000000180034e9c     libucrt:write.obj
 0004:00001ea8       $pdata$?write_text_utf16le_nolock@@YA?AUwrite_result@?A0x17268360@@HQEBDI@Z 0000000180034ea8     libucrt:write.obj
 0004:00001eb4       $pdata$?write_text_utf8_nolock@@YA?AUwrite_result@?A0x17268360@@HQEBDI@Z 0000000180034eb4     libucrt:write.obj
 0004:00001ec0       $pdata$??$common_lseek_nolock@_J@@YA_JH_JH@Z 0000000180034ec0     libucrt:lseek.obj
 0004:00001ecc       $pdata$fclose              0000000180034ecc     libucrt:fclose.obj
 0004:00001ed8       $pdata$fclose$fin$0        0000000180034ed8     libucrt:fclose.obj
 0004:00001ee4       $pdata$_fclose_nolock      0000000180034ee4     libucrt:fclose.obj
 0004:00001ef0       $pdata$_commit             0000000180034ef0     libucrt:commit.obj
 0004:00001efc       $pdata$??$?RV<lambda_a37b2b86f63e897a80ea819b0eb08c01>@@AEAV<lambda_38ce7e780aa69e748d6df282ebc68efe>@@V<lambda_99fb1378e971ab6e7edea83e3a7a83a2>@@@?$__crt_seh_guarded_call@H@@QEAAH$$QEAV<lambda_a37b2b86f63e897a80ea819b0eb08c01>@@AEAV<lambda_38ce7e780aa69e748d6df282ebc68efe>@@$$QEAV<lambda_99fb1378e971ab6e7edea83e3a7a83a2>@@@Z 0000000180034efc     libucrt:commit.obj
 0004:00001f08       $pdata$?fin$0@?0???$?RV<lambda_a37b2b86f63e897a80ea819b0eb08c01>@@AEAV<lambda_38ce7e780aa69e748d6df282ebc68efe>@@V<lambda_99fb1378e971ab6e7edea83e3a7a83a2>@@@?$__crt_seh_guarded_call@H@@QEAAH$$QEAV<lambda_a37b2b86f63e897a80ea819b0eb08c01>@@AEAV<lambda_38ce7e780aa69e748d6df282ebc68efe>@@$$QEAV<lambda_99fb1378e971ab6e7edea83e3a7a83a2>@@@Z@4HA 0000000180034f08     libucrt:commit.obj
 0004:00001f08       $pdata$?fin$0@?0???$?RV<lambda_751a882b2c74d4b022dec766aa51a29a>@@AEAV<lambda_628dfdc04ba53c8bfc02c9951375f3f5>@@V<lambda_f6c7be5f7998530c34de24c7437d6b54>@@@?$__crt_seh_guarded_call@H@@QEAAH$$QEAV<lambda_751a882b2c74d4b022dec766aa51a29a>@@AEAV<lambda_628dfdc04ba53c8bfc02c9951375f3f5>@@$$QEAV<lambda_f6c7be5f7998530c34de24c7437d6b54>@@@Z@4HA 0000000180034f08     libucrt:close.obj
 0004:00001f14       $pdata$_setfpstatusword    0000000180034f14     libucrt:_fenvutils.obj
 0004:00001f20       $pdata$_getfpcontrolword   0000000180034f20     libucrt:_fenvutils.obj
 0004:00001f2c       $pdata$_getfpstatusword    0000000180034f2c     libucrt:_fenvutils.obj
 0004:00001f38       $pdata$_clearfp            0000000180034f38     libucrt:ieee.obj
 0004:00001f44       $pdata$common_control87    0000000180034f44     libucrt:ieee.obj
 0004:00001f50       $pdata$_ctrlfp$filt$0      0000000180034f50     libucrt:fpctrl.obj
 0004:00001f50       $pdata$common_control87$filt$0 0000000180034f50     libucrt:ieee.obj
 0004:00001f5c       $pdata$_call_matherr       0000000180034f5c     libucrt:libm_error.obj
 0004:00001f68       $pdata$_exception_enabled  0000000180034f68     libucrt:libm_error.obj
 0004:00001f74       $pdata$_handle_error       0000000180034f74     libucrt:libm_error.obj
 0004:00001f80       $pdata$__acrt_initialize_fma3 0000000180034f80     libucrt:fma3_available.obj
 0004:00001f8c       $pdata$_log_special_common 0000000180034f8c     libucrt:log_special.obj
 0004:00001f98       $pdata$_log10_special      0000000180034f98     libucrt:log_special.obj
 0004:00001fa4       $pdata$_putwch_nolock      0000000180034fa4     libucrt:putwch.obj
 0004:00001fb0       $pdata$_close              0000000180034fb0     libucrt:close.obj
 0004:00001fbc       $pdata$_close_nolock       0000000180034fbc     libucrt:close.obj
 0004:00001fc8       $pdata$??$?RV<lambda_751a882b2c74d4b022dec766aa51a29a>@@AEAV<lambda_628dfdc04ba53c8bfc02c9951375f3f5>@@V<lambda_f6c7be5f7998530c34de24c7437d6b54>@@@?$__crt_seh_guarded_call@H@@QEAAH$$QEAV<lambda_751a882b2c74d4b022dec766aa51a29a>@@AEAV<lambda_628dfdc04ba53c8bfc02c9951375f3f5>@@$$QEAV<lambda_f6c7be5f7998530c34de24c7437d6b54>@@@Z 0000000180034fc8     libucrt:close.obj
 0004:00001fe0       $pdata$_set_errno_from_matherr 0000000180034fe0     libucrt:fpexcept.obj
 0004:00001fec       $pdata$_raise_exc          0000000180034fec     libucrt:fpexcept.obj
 0004:00001ff8       $pdata$_raise_exc_ex       0000000180034ff8     libucrt:fpexcept.obj
 0004:00002004       $pdata$_clrfp              0000000180035004     libucrt:fpctrl.obj
 0004:00002010       $pdata$_ctrlfp             0000000180035010     libucrt:fpctrl.obj
 0004:0000201c       $pdata$_statfp             000000018003501c     libucrt:fpctrl.obj
 0004:00002028       $pdata$_set_statfp         0000000180035028     libucrt:fpctrl.obj
 0004:00002034       $pdata$__dcrt_lowio_initialize_console_output 0000000180035034     libucrt:initcon.obj
 0004:00002040       $pdata$__dcrt_terminate_console_output 0000000180035040     libucrt:initcon.obj
 0004:0000204c       $pdata$_IsNonwritableInCurrentImage 000000018003504c     LIBCMT:pesect.obj
 0004:00002058       $pdata$_IsNonwritableInCurrentImage$filt$0 0000000180035058     LIBCMT:pesect.obj
 0004:00002064       $pdata$strrchr             0000000180035064     libvcruntime:strrchr.obj
 0005:00000220       $R000000                   0000000180036220     ElectronicJournal.res
 0005:00000bb8       $R000998                   0000000180036bb8     ElectronicJournal.res
 0005:00000ca0       $R000A80                   0000000180036ca0     ElectronicJournal.res
 0005:00000f08       $R000CE8                   0000000180036f08     ElectronicJournal.res
 0005:00001410       $R0011F0                   0000000180037410     ElectronicJournal.res
 0005:000050c8       $R004EA8                   000000018003b0c8     ElectronicJournal.res
 0005:00005110       $R004EF0                   000000018003b110     ElectronicJournal.res
