 OPOSBillAcceptor

 Timestamp is 5defa804 (Tue Dec 10 23:13:24 2019)

 Preferred load address is 0000000180000000

 Start         Length     Name                   Class
 0001:00000000 000000c0H .text$di                CODE
 0001:000000c0 000202c0H .text$mn                CODE
 0001:00020380 00000020H .text$mn$00             CODE
 0001:000203a0 00000490H .text$x                 CODE
 0001:00020830 00000078H .text$yd                CODE
 0002:00000000 00000618H .idata$5                DATA
 0002:00000618 00000010H .00cfg                  DATA
 0002:00000628 00000008H .CRT$XCA                DATA
 0002:00000630 00000008H .CRT$XCL                DATA
 0002:00000638 00000020H .CRT$XCU                DATA
 0002:00000658 00000008H .CRT$XCZ                DATA
 0002:00000660 00000008H .CRT$XIA                DATA
 0002:00000668 00000020H .CRT$XIC                DATA
 0002:00000688 00000008H .CRT$XIZ                DATA
 0002:00000690 00000008H .CRT$XLA                DATA
 0002:00000698 00000008H .CRT$XLZ                DATA
 0002:000006a0 00000008H .CRT$XPA                DATA
 0002:000006a8 00000010H .CRT$XPX                DATA
 0002:000006b8 00000008H .CRT$XPXA               DATA
 0002:000006c0 00000008H .CRT$XPZ                DATA
 0002:000006c8 00000008H .CRT$XTA                DATA
 0002:000006d0 00000010H .CRT$XTZ                DATA
 0002:000006d8 00000000H .gfids$y                DATA
 0002:000006e0 0000a468H .rdata                  DATA
 0002:0000ab48 00000028H .rdata$T                DATA
 0002:0000ab70 00000274H .rdata$r                DATA
 0002:0000ade4 0000040cH .rdata$zzzdbg           DATA
 0002:0000b1f0 00000008H .rtc$IAA                DATA
 0002:0000b1f8 00000008H .rtc$IZZ                DATA
 0002:0000b200 00000008H .rtc$TAA                DATA
 0002:0000b208 00000008H .rtc$TZZ                DATA
 0002:0000b210 00000004H .tls                    DATA
 0002:0000b214 00000004H .tls$                   DATA
 0002:0000b218 00000008H .tls$ZZZ                DATA
 0002:0000b220 00001610H .xdata                  DATA
 0002:0000c830 00000150H .xdata$x                DATA
 0002:0000c980 00000008H ATL$__a                 DATA
 0002:0000c988 00000008H ATL$__z                 DATA
 0002:0000c990 000000b0H .edata                  DATA
 0002:0000ca40 00000078H .idata$2                DATA
 0002:0000cab8 00000018H .idata$3                DATA
 0002:0000cad0 00000618H .idata$4                DATA
 0002:0000d0e8 00000c24H .idata$6                DATA
 0003:00000000 00000d88H .data                   DATA
 0003:00000d88 000000c8H .data$r                 DATA
 0003:00000e50 0000140cH .bss                    DATA
 0004:00000000 00001e90H .pdata                  DATA
 0005:00000000 00000094H _RDATA                  DATA
 0006:00000000 00000220H .rsrc$01                DATA
 0006:00000220 00004100H .rsrc$02                DATA

  Address         Publics by Value              Rva+Base               Lib:Object

 0000:00000000       __guard_fids_count         0000000000000000     <absolute>
 0000:00000000       __guard_longjmp_count      0000000000000000     <absolute>
 0000:00000000       __guard_longjmp_table      0000000000000000     <absolute>
 0000:00000000       __guard_iat_table          0000000000000000     <absolute>
 0000:00000000       ___safe_se_handler_count   0000000000000000     <absolute>
 0000:00000000       __hybrid_code_map_count    0000000000000000     <absolute>
 0000:00000000       __hybrid_code_map          0000000000000000     <absolute>
 0000:00000000       __guard_iat_count          0000000000000000     <absolute>
 0000:00000000       __enclave_config           0000000000000000     <absolute>
 0000:00000000       __AbsoluteZero             0000000000000000     <absolute>
 0000:00000000       __volatile_metadata        0000000000000000     <absolute>
 0000:00000000       ___safe_se_handler_table   0000000000000000     <absolute>
 0000:00000000       __guard_fids_table         0000000000000000     <absolute>
 0000:00000000       __hybrid_auxiliary_iat     0000000000000000     <absolute>
 0000:00000000       __dynamic_value_reloc_table 0000000000000000     <absolute>
 0000:00000100       __guard_flags              0000000000000100     <absolute>
 0000:00000000       __ImageBase                0000000180000000     <linker-defined>
 0001:000000c0       ?DupWide@_CW@@AEAAXXZ      00000001800010c0 f   CWString.obj
 0001:000000e8       ?cw_dup@@YAXPEBDAEAHAEAPEA_W1@Z 00000001800010e8 f   CWString.obj
 0001:000001c8       ?cw_memcpy@@YAHPEA_WPEBDH@Z 00000001800011c8 f   CWString.obj
 0001:00000214       ?cw_strcpy@@YAHPEA_WPEBD@Z 0000000180001214 f   CWString.obj
 0001:00000228       ??0CAtlComModule@ATL@@QEAA@XZ 0000000180001228 f i OposVariant.obj
 0001:000002a8       ??0CAtlWinModule@ATL@@QEAA@XZ 00000001800012a8 f i OposVariant.obj
 0001:00000314       ??0OposDispParms@@QEAA@PEAVOposVariant@@H@Z 0000000180001314 f   OposVariant.obj
 0001:000003bc       ??1OposDispParms@@QEAA@XZ  00000001800013bc f   OposVariant.obj
 0001:000003d4       ??_Estringdispid@CComTypeInfoHolder@ATL@@QEAAPEAXI@Z 00000001800013d4 f i OposVariant.obj
 0001:00000478       ?AtlWinModuleTerm@ATL@@YAJPEAU_ATL_WIN_MODULE70@1@PEAUHINSTANCE__@@@Z 0000000180001478 f i OposVariant.obj
 0001:00000528       ?ChangeBSTR@OposVariant@@QEAAXPEAPEA_WAEAJ@Z 0000000180001528 f   OposVariant.obj
 0001:00000588       ?ChangeLONG@OposVariant@@QEAAXPEAJAEAJ@Z 0000000180001588 f   OposVariant.obj
 0001:000005e4       ?GetLONG@OposVariant@@QEAAJXZ 00000001800015e4 f   OposVariant.obj
 0001:00000608       ?SetBSTR@OposVariant@@QEAAXPEA_WAEAJ@Z 0000000180001608 f   OposVariant.obj
 0001:00000648       ?SetBSTR_Copy@OposVariant@@QEAAXPEA_WAEAJ@Z 0000000180001648 f   OposVariant.obj
 0001:000006b8       ?SetBSTR_InOutPtr@OposVariant@@QEAA_NPEAPEA_WAEAJ@Z 00000001800016b8 f   OposVariant.obj
 0001:00000708       ?SetBSTR_OutPtr@OposVariant@@QEAA_NPEAPEA_WAEAJ@Z 0000000180001708 f   OposVariant.obj
 0001:00000724       ?SetDispatch_Ptr@OposVariant@@QEAAXPEAUIDispatch@@AEAJ@Z 0000000180001724 f   OposVariant.obj
 0001:0000077c       ?SetLONG@OposVariant@@QEAAXJ@Z 000000018000177c f   OposVariant.obj
 0001:000007ac       ?SetLONG_Ptr@OposVariant@@QEAAXPEAJAEAJ@Z 00000001800017ac f   OposVariant.obj
 0001:000007f8       ?SetString@OposVariant@@QEAAXPEB_WAEAJ@Z 00000001800017f8 f   OposVariant.obj
 0001:0000085c       ?SetVARIANT_BOOL@OposVariant@@QEAAXF@Z 000000018000185c f   OposVariant.obj
 0001:00000894       ?SetVARIANT_BOOL_Ptr@OposVariant@@QEAAXPEAFAEAJ@Z 0000000180001894 f   OposVariant.obj
 0001:000008e0       ?Term@CAtlComModule@ATL@@QEAAXXZ 00000001800018e0 f i OposVariant.obj
 0001:00000950       ?_AtlInitializeCriticalSectionEx@ATL@@YAHPEAU_RTL_CRITICAL_SECTION@@KK@Z 0000000180001950 f i OposVariant.obj
 0001:00000958       ?_AtlRaiseException@ATL@@YAXKK@Z 0000000180001958 f i OposVariant.obj
 0001:00000968       ?GetWindowProc@?$CWindowImplBaseT@VCWindow@ATL@@V?$CWinTraits@$0FGAAAAAA@$0A@@2@@ATL@@UEAAP6A_JPEAUHWND__@@I_K_J@ZXZ 0000000180001968 f i BillAcceptor.obj
 0001:00000970       ?StartWindowProc@?$CWindowImplBaseT@VCWindow@ATL@@V?$CWinTraits@$0FGAAAAAA@$0A@@2@@ATL@@SA_JPEAUHWND__@@I_K_J@Z 0000000180001970 f i BillAcceptor.obj
 0001:00000a34       ?OnFinalMessage@?$CWindowImplBaseT@VCWindow@ATL@@V?$CWinTraits@$0FGAAAAAA@$0A@@2@@ATL@@UEAAXPEAUHWND__@@@Z 0000000180001a34 f i BillAcceptor.obj
 0001:00000a34       _guard_check_icall_nop     0000000180001a34 f i LIBCMT:guard_support.obj
 0001:00000a34       ?ObjectMain@CComObjectRootBase@ATL@@SAX_N@Z 0000000180001a34 f i BillAcceptor.obj
 0001:00000a38       ?GetTypeInfoCount@?$IDispatchImpl@UIOPOSBillAcceptor@@$1?IID_IOPOSBillAcceptor@@3U_GUID@@B$1?LIBID_OposBillAcceptor_CCO@@3U3@B$00$0A@VCComTypeInfoHolder@ATL@@@ATL@@UEAAJPEAI@Z 0000000180001a38 f i BillAcceptor.obj
 0001:00000a4c       ?GetTypeInfo@?$IDispatchImpl@UIOPOSBillAcceptor@@$1?IID_IOPOSBillAcceptor@@3U_GUID@@B$1?LIBID_OposBillAcceptor_CCO@@3U3@B$00$0A@VCComTypeInfoHolder@ATL@@@ATL@@UEAAJIKPEAPEAUITypeInfo@@@Z 0000000180001a4c f i BillAcceptor.obj
 0001:00000ab0       ?GetIDsOfNames@?$IDispatchImpl@UIOPOSBillAcceptor@@$1?IID_IOPOSBillAcceptor@@3U_GUID@@B$1?LIBID_OposBillAcceptor_CCO@@3U3@B$00$0A@VCComTypeInfoHolder@ATL@@@ATL@@UEAAJAEBU_GUID@@PEAPEA_WIKPEAJ@Z 0000000180001ab0 f i BillAcceptor.obj
 0001:00000abc       ?Invoke@?$IDispatchImpl@UIOPOSBillAcceptor@@$1?IID_IOPOSBillAcceptor@@3U_GUID@@B$1?LIBID_OposBillAcceptor_CCO@@3U3@B$00$0A@VCComTypeInfoHolder@ATL@@@ATL@@UEAAJJAEBU_GUID@@KGPEAUtagDISPPARAMS@@PEAUtagVARIANT@@PEAUtagEXCEPINFO@@PEAI@Z 0000000180001abc f i BillAcceptor.obj
 0001:00000b4c       ?CreateControlWindow@?$CComControl@VCOPOSBillAcceptor@@V?$CWindowImpl@VCOPOSBillAcceptor@@VCWindow@ATL@@V?$CWinTraits@$0FGAAAAAA@$0A@@3@@ATL@@@ATL@@UEAAPEAUHWND__@@PEAU3@AEAUtagRECT@@@Z 0000000180001b4c f i BillAcceptor.obj
 0001:00000b84       ?ControlQueryInterface@?$CComControl@VCOPOSBillAcceptor@@V?$CWindowImpl@VCOPOSBillAcceptor@@VCWindow@ATL@@V?$CWinTraits@$0FGAAAAAA@$0A@@3@@ATL@@@ATL@@UEAAJAEBU_GUID@@PEAPEAX@Z 0000000180001b84 f i BillAcceptor.obj
 0001:00000b98       ?GetClassID@?$IPersistStreamInitImpl@VCOPOSBillAcceptor@@@ATL@@UEAAJPEAU_GUID@@@Z 0000000180001b98 f i BillAcceptor.obj
 0001:00000b98       ?GetUserClassID@?$IOleObjectImpl@VCOPOSBillAcceptor@@@ATL@@UEAAJPEAU_GUID@@@Z 0000000180001b98 f i BillAcceptor.obj
 0001:00000b98       ?GetClassID@?$IPersistStorageImpl@VCOPOSBillAcceptor@@@ATL@@UEAAJPEAU_GUID@@@Z 0000000180001b98 f i BillAcceptor.obj
 0001:00000bb4       ?IsDirty@?$IPersistStreamInitImpl@VCOPOSBillAcceptor@@@ATL@@UEAAJXZ 0000000180001bb4 f i BillAcceptor.obj
 0001:00000bd0       ?Load@?$IPersistStreamInitImpl@VCOPOSBillAcceptor@@@ATL@@UEAAJPEAUIStream@@@Z 0000000180001bd0 f i BillAcceptor.obj
 0001:00000be8       ?Save@?$IPersistStreamInitImpl@VCOPOSBillAcceptor@@@ATL@@UEAAJPEAUIStream@@H@Z 0000000180001be8 f i BillAcceptor.obj
 0001:00000c00       ?GetSizeMax@?$IPersistStreamInitImpl@VCOPOSBillAcceptor@@@ATL@@UEAAJPEAT_ULARGE_INTEGER@@@Z 0000000180001c00 f i BillAcceptor.obj
 0001:00000e2c       ?InitNew@?$IPersistStreamInitImpl@VCOPOSBillAcceptor@@@ATL@@UEAAJXZ 0000000180001e2c f i BillAcceptor.obj
 0001:00000e44       ?GetClipboardData@?$IOleObjectImpl@VCOPOSBillAcceptor@@@ATL@@UEAAJKPEAPEAUIDataObject@@@Z 0000000180001e44 f i BillAcceptor.obj
 0001:00000e44       ?EnumFormatEtc@?$IDataObjectImpl@VCOPOSBillAcceptor@@@ATL@@UEAAJKPEAPEAUIEnumFORMATETC@@@Z 0000000180001e44 f i BillAcceptor.obj
 0001:00000e44       ?GetControlInfo@?$IOleControlImpl@VCOPOSBillAcceptor@@@ATL@@UEAAJPEAUtagCONTROLINFO@@@Z 0000000180001e44 f i BillAcceptor.obj
 0001:00000e44       ?ReactivateAndUndo@?$IOleInPlaceObjectWindowlessImpl@VCOPOSBillAcceptor@@@ATL@@UEAAJXZ 0000000180001e44 f i BillAcceptor.obj
 0001:00000e44       ?SOErrorDummy@COPOSBillAcceptor@@MEAAJJJJPEAJ@Z 0000000180001e44 f i BillAcceptor.obj
 0001:00000e44       ?GetColorSet@?$IViewObjectExImpl@VCOPOSBillAcceptor@@@ATL@@UEAAJKJPEAXPEAUtagDVTARGETDEVICE@@PEAUHDC__@@PEAPEAUtagLOGPALETTE@@@Z 0000000180001e44 f i BillAcceptor.obj
 0001:00000e44       ?SetMoniker@?$IOleObjectImpl@VCOPOSBillAcceptor@@@ATL@@UEAAJKPEAUIMoniker@@@Z 0000000180001e44 f i BillAcceptor.obj
 0001:00000e44       ?SetColorScheme@?$IOleObjectImpl@VCOPOSBillAcceptor@@@ATL@@UEAAJPEAUtagLOGPALETTE@@@Z 0000000180001e44 f i BillAcceptor.obj
 0001:00000e44       ?OnMnemonic@?$IOleControlImpl@VCOPOSBillAcceptor@@@ATL@@UEAAJPEAUtagMSG@@@Z 0000000180001e44 f i BillAcceptor.obj
 0001:00000e44       ?GetMoniker@?$IOleObjectImpl@VCOPOSBillAcceptor@@@ATL@@UEAAJKKPEAPEAUIMoniker@@@Z 0000000180001e44 f i BillAcceptor.obj
 0001:00000e44       ?InitFromData@?$IOleObjectImpl@VCOPOSBillAcceptor@@@ATL@@UEAAJPEAUIDataObject@@HK@Z 0000000180001e44 f i BillAcceptor.obj
 0001:00000e44       ?QueryGetData@?$IDataObjectImpl@VCOPOSBillAcceptor@@@ATL@@UEAAJPEAUtagFORMATETC@@@Z 0000000180001e44 f i BillAcceptor.obj
 0001:00000e44       ?GetDropTarget@?$IOleInPlaceObjectWindowlessImpl@VCOPOSBillAcceptor@@@ATL@@UEAAJPEAPEAUIDropTarget@@@Z 0000000180001e44 f i BillAcceptor.obj
 0001:00000e44       ?GetDataHere@?$IDataObjectImpl@VCOPOSBillAcceptor@@@ATL@@UEAAJPEAUtagFORMATETC@@PEAUtagSTGMEDIUM@@@Z 0000000180001e44 f i BillAcceptor.obj
 0001:00000e44       ?SOOutputCompleteDummy@COPOSBillAcceptor@@MEAAJJ@Z 0000000180001e44 f i BillAcceptor.obj
 0001:00000e44       ?ContextSensitiveHelp@?$IOleInPlaceObjectWindowlessImpl@VCOPOSBillAcceptor@@@ATL@@UEAAJH@Z 0000000180001e44 f i BillAcceptor.obj
 0001:00000e44       ?SetData@?$IDataObjectImpl@VCOPOSBillAcceptor@@@ATL@@UEAAJPEAUtagFORMATETC@@PEAUtagSTGMEDIUM@@H@Z 0000000180001e44 f i BillAcceptor.obj
 0001:00000e44       ?Freeze@?$IViewObjectExImpl@VCOPOSBillAcceptor@@@ATL@@UEAAJKJPEAXPEAK@Z 0000000180001e44 f i BillAcceptor.obj
 0001:00000e44       ?GetCanonicalFormatEtc@?$IDataObjectImpl@VCOPOSBillAcceptor@@@ATL@@UEAAJPEAUtagFORMATETC@@0@Z 0000000180001e44 f i BillAcceptor.obj
 0001:00000e44       ?QueryInterface@CRegObject@ATL@@UEAAJAEBU_GUID@@PEAPEAX@Z 0000000180001e44 f i BillAcceptor.obj
 0001:00000e44       ?ContextSensitiveHelp@?$IOleInPlaceActiveObjectImpl@VCOPOSBillAcceptor@@@ATL@@UEAAJH@Z 0000000180001e44 f i BillAcceptor.obj
 0001:00000e44       ?Unfreeze@?$IViewObjectExImpl@VCOPOSBillAcceptor@@@ATL@@UEAAJK@Z 0000000180001e44 f i BillAcceptor.obj
 0001:00000e44       ?GetRect@?$IViewObjectExImpl@VCOPOSBillAcceptor@@@ATL@@UEAAJKPEAU_RECTL@@@Z 0000000180001e44 f i BillAcceptor.obj
 0001:00000e4c       ?SetHostNames@?$IOleObjectImpl@VCOPOSBillAcceptor@@@ATL@@UEAAJPEB_W0@Z 0000000180001e4c f i BillAcceptor.obj
 0001:00000e4c       ?GetCategoryMap@CComObjectRootBase@ATL@@SAPEBU_ATL_CATMAP_ENTRY@2@XZ 0000000180001e4c f i BillAcceptor.obj
 0001:00000e4c       ?OnFrameWindowActivate@?$IOleInPlaceActiveObjectImpl@VCOPOSBillAcceptor@@@ATL@@UEAAJH@Z 0000000180001e4c f i BillAcceptor.obj
 0001:00000e4c       ?Update@?$IOleObjectImpl@VCOPOSBillAcceptor@@@ATL@@UEAAJXZ 0000000180001e4c f i BillAcceptor.obj
 0001:00000e4c       ?OnAmbientPropertyChange@?$IOleControlImpl@VCOPOSBillAcceptor@@@ATL@@UEAAJJ@Z 0000000180001e4c f i BillAcceptor.obj
 0001:00000e4c       ?GetObjectDescription@?$CComCoClass@VCOPOSBillAcceptor@@$1?CLSID_OPOSBillAcceptor@@3U_GUID@@B@ATL@@SAPEB_WXZ 0000000180001e4c f i BillAcceptor.obj
 0001:00000e4c       ?ResizeBorder@?$IOleInPlaceActiveObjectImpl@VCOPOSBillAcceptor@@@ATL@@UEAAJPEBUtagRECT@@PEAUIOleInPlaceUIWindow@@H@Z 0000000180001e4c f i BillAcceptor.obj
 0001:00000e4c       ?EnableModeless@?$IOleInPlaceActiveObjectImpl@VCOPOSBillAcceptor@@@ATL@@UEAAJH@Z 0000000180001e4c f i BillAcceptor.obj
 0001:00000e4c       ?HandsOffStorage@?$IPersistStorageImpl@VCOPOSBillAcceptor@@@ATL@@UEAAJXZ 0000000180001e4c f i BillAcceptor.obj
 0001:00000e4c       ?SaveCompleted@?$IPersistStorageImpl@VCOPOSBillAcceptor@@@ATL@@UEAAJPEAUIStorage@@@Z 0000000180001e4c f i BillAcceptor.obj
 0001:00000e4c       ?Release@CRegObject@ATL@@UEAAKXZ 0000000180001e4c f i BillAcceptor.obj
 0001:00000e4c       ?IsUpToDate@?$IOleObjectImpl@VCOPOSBillAcceptor@@@ATL@@UEAAJXZ 0000000180001e4c f i BillAcceptor.obj
 0001:00000e50       ?SetClientSite@?$IOleObjectImpl@VCOPOSBillAcceptor@@@ATL@@UEAAJPEAUIOleClientSite@@@Z 0000000180001e50 f i BillAcceptor.obj
 0001:00000e6c       ?GetClientSite@?$IOleObjectImpl@VCOPOSBillAcceptor@@@ATL@@UEAAJPEAPEAUIOleClientSite@@@Z 0000000180001e6c f i BillAcceptor.obj
 0001:00000eb4       ?Close@?$IOleObjectImpl@VCOPOSBillAcceptor@@@ATL@@UEAAJK@Z 0000000180001eb4 f i BillAcceptor.obj
 0001:00000ed0       ?DoVerb@?$IOleObjectImpl@VCOPOSBillAcceptor@@@ATL@@UEAAJJPEAUtagMSG@@PEAUIOleClientSite@@JPEAUHWND__@@PEBUtagRECT@@@Z 0000000180001ed0 f i BillAcceptor.obj
 0001:00001074       ?EnumVerbs@?$IOleObjectImpl@VCOPOSBillAcceptor@@@ATL@@UEAAJPEAPEAUIEnumOLEVERB@@@Z 0000000180002074 f i BillAcceptor.obj
 0001:00001090       ?GetUserType@?$IOleObjectImpl@VCOPOSBillAcceptor@@@ATL@@UEAAJKPEAPEA_W@Z 0000000180002090 f i BillAcceptor.obj
 0001:000010a0       ?SetExtent@?$IOleObjectImpl@VCOPOSBillAcceptor@@@ATL@@UEAAJKPEAUtagSIZE@@@Z 00000001800020a0 f i BillAcceptor.obj
 0001:000010bc       ?GetExtent@?$IOleObjectImpl@VCOPOSBillAcceptor@@@ATL@@UEAAJKPEAUtagSIZE@@@Z 00000001800020bc f i BillAcceptor.obj
 0001:000010ec       ?Advise@?$IOleObjectImpl@VCOPOSBillAcceptor@@@ATL@@UEAAJPEAUIAdviseSink@@PEAK@Z 00000001800020ec f i BillAcceptor.obj
 0001:00001148       ?Unadvise@?$IOleObjectImpl@VCOPOSBillAcceptor@@@ATL@@UEAAJK@Z 0000000180002148 f i BillAcceptor.obj
 0001:00001180       ?EnumAdvise@?$IOleObjectImpl@VCOPOSBillAcceptor@@@ATL@@UEAAJPEAPEAUIEnumSTATDATA@@@Z 0000000180002180 f i BillAcceptor.obj
 0001:000011c8       ?GetMiscStatus@?$IOleObjectImpl@VCOPOSBillAcceptor@@@ATL@@UEAAJKPEAK@Z 00000001800021c8 f i BillAcceptor.obj
 0001:000011d8       ?GetWindow@?$IOleInPlaceActiveObjectImpl@VCOPOSBillAcceptor@@@ATL@@UEAAJPEAPEAUHWND__@@@Z 00000001800021d8 f i BillAcceptor.obj
 0001:0000122c       ?TranslateAcceleratorW@?$IOleInPlaceActiveObjectImpl@VCOPOSBillAcceptor@@@ATL@@UEAAJPEAUtagMSG@@@Z 000000018000222c f i BillAcceptor.obj
 0001:00001320       ?OnDocWindowActivate@?$IOleInPlaceActiveObjectImpl@VCOPOSBillAcceptor@@@ATL@@UEAAJH@Z 0000000180002320 f i BillAcceptor.obj
 0001:0000134c       ?Draw@?$IViewObjectExImpl@VCOPOSBillAcceptor@@@ATL@@UEAAJKJPEAXPEAUtagDVTARGETDEVICE@@PEAUHDC__@@2PEBU_RECTL@@3P6AH_K@Z4@Z 000000018000234c f i BillAcceptor.obj
 0001:000013b0       ?SetAdvise@?$IViewObjectExImpl@VCOPOSBillAcceptor@@@ATL@@UEAAJKKPEAUIAdviseSink@@@Z 00000001800023b0 f i BillAcceptor.obj
 0001:00001404       ?GetAdvise@?$IViewObjectExImpl@VCOPOSBillAcceptor@@@ATL@@UEAAJPEAK0PEAPEAUIAdviseSink@@@Z 0000000180002404 f i BillAcceptor.obj
 0001:00001440       ?GetExtent@?$IViewObjectExImpl@VCOPOSBillAcceptor@@@ATL@@UEAAJKJPEAUtagDVTARGETDEVICE@@PEAUtagSIZE@@@Z 0000000180002440 f i BillAcceptor.obj
 0001:00001470       ?GetViewStatus@?$IViewObjectExImpl@VCOPOSBillAcceptor@@@ATL@@UEAAJPEAK@Z 0000000180002470 f i BillAcceptor.obj
 0001:00001484       ?QueryHitPoint@?$IViewObjectExImpl@VCOPOSBillAcceptor@@@ATL@@UEAAJKPEBUtagRECT@@UtagPOINT@@JPEAK@Z 0000000180002484 f i BillAcceptor.obj
 0001:000014c8       ?QueryHitRect@?$IViewObjectExImpl@VCOPOSBillAcceptor@@@ATL@@UEAAJKPEBUtagRECT@@0JPEAK@Z 00000001800024c8 f i BillAcceptor.obj
 0001:00001530       ?GetNaturalExtent@?$IViewObjectExImpl@VCOPOSBillAcceptor@@@ATL@@UEAAJKJPEAUtagDVTARGETDEVICE@@PEAUHDC__@@PEAUtagExtentInfo@@PEAUtagSIZE@@@Z 0000000180002530 f i BillAcceptor.obj
 0001:00001578       ?GetWindow@?$IOleInPlaceObjectWindowlessImpl@VCOPOSBillAcceptor@@@ATL@@UEAAJPEAPEAUHWND__@@@Z 0000000180002578 f i BillAcceptor.obj
 0001:000015cc       ?InPlaceDeactivate@?$IOleInPlaceObjectWindowlessImpl@VCOPOSBillAcceptor@@@ATL@@UEAAJXZ 00000001800025cc f i BillAcceptor.obj
 0001:000015e8       ?UIDeactivate@?$IOleInPlaceObjectWindowlessImpl@VCOPOSBillAcceptor@@@ATL@@UEAAJXZ 00000001800025e8 f i BillAcceptor.obj
 0001:00001604       ?SetObjectRects@?$IOleInPlaceObjectWindowlessImpl@VCOPOSBillAcceptor@@@ATL@@UEAAJPEBUtagRECT@@0@Z 0000000180002604 f i BillAcceptor.obj
 0001:00001620       ?OnWindowMessage@?$IOleInPlaceObjectWindowlessImpl@VCOPOSBillAcceptor@@@ATL@@UEAAJI_K_JPEA_J@Z 0000000180002620 f i BillAcceptor.obj
 0001:000016e8       ?EnumConnectionPoints@?$IConnectionPointContainerImpl@VCOPOSBillAcceptor@@@ATL@@UEAAJPEAPEAUIEnumConnectionPoints@@@Z 00000001800026e8 f i BillAcceptor.obj
 0001:0000192c       ?FindConnectionPoint@?$IConnectionPointContainerImpl@VCOPOSBillAcceptor@@@ATL@@UEAAJAEBU_GUID@@PEAPEAUIConnectionPoint@@@Z 000000018000292c f i BillAcceptor.obj
 0001:000019fc       ?IsDirty@?$IPersistStorageImpl@VCOPOSBillAcceptor@@@ATL@@UEAAJXZ 00000001800029fc f i BillAcceptor.obj
 0001:00001a40       ?InitNew@?$IPersistStorageImpl@VCOPOSBillAcceptor@@@ATL@@UEAAJPEAUIStorage@@@Z 0000000180002a40 f i BillAcceptor.obj
 0001:00001a84       ?Load@?$IPersistStorageImpl@VCOPOSBillAcceptor@@@ATL@@UEAAJPEAUIStorage@@@Z 0000000180002a84 f i BillAcceptor.obj
 0001:00001b24       ?Save@?$IPersistStorageImpl@VCOPOSBillAcceptor@@@ATL@@UEAAJPEAUIStorage@@H@Z 0000000180002b24 f i BillAcceptor.obj
 0001:00001bd4       ?GetPages@?$ISpecifyPropertyPagesImpl@VCOPOSBillAcceptor@@@ATL@@UEAAJPEAUtagCAUUID@@@Z 0000000180002bd4 f i BillAcceptor.obj
 0001:00001be0       ?QuickActivate@?$IQuickActivateImpl@VCOPOSBillAcceptor@@@ATL@@UEAAJPEAUtagQACONTAINER@@PEAUtagQACONTROL@@@Z 0000000180002be0 f i BillAcceptor.obj
 0001:00001bfc       ?SetContentExtent@?$IQuickActivateImpl@VCOPOSBillAcceptor@@@ATL@@UEAAJPEAUtagSIZE@@@Z 0000000180002bfc f i BillAcceptor.obj
 0001:00001c30       ?GetContentExtent@?$IQuickActivateImpl@VCOPOSBillAcceptor@@@ATL@@UEAAJPEAUtagSIZE@@@Z 0000000180002c30 f i BillAcceptor.obj
 0001:00001c68       ?GetData@?$IDataObjectImpl@VCOPOSBillAcceptor@@@ATL@@UEAAJPEAUtagFORMATETC@@PEAUtagSTGMEDIUM@@@Z 0000000180002c68 f i BillAcceptor.obj
 0001:00001c84       ?DAdvise@?$IDataObjectImpl@VCOPOSBillAcceptor@@@ATL@@UEAAJPEAUtagFORMATETC@@KPEAUIAdviseSink@@PEAK@Z 0000000180002c84 f i BillAcceptor.obj
 0001:00001d0c       ?DUnadvise@?$IDataObjectImpl@VCOPOSBillAcceptor@@@ATL@@UEAAJK@Z 0000000180002d0c f i BillAcceptor.obj
 0001:00001d38       ?EnumDAdvise@?$IDataObjectImpl@VCOPOSBillAcceptor@@@ATL@@UEAAJPEAPEAUIEnumSTATDATA@@@Z 0000000180002d38 f i BillAcceptor.obj
 0001:00001d74       ?GetClassInfoW@?$IProvideClassInfo2Impl@$1?CLSID_OPOSBillAcceptor@@3U_GUID@@B$1?DIID__IOPOSBillAcceptorEvents@@3U2@B$1?LIBID_OposBillAcceptor_CCO@@3U2@B$00$0A@VCComTypeInfoHolder@ATL@@@ATL@@UEAAJPEAPEAUITypeInfo@@@Z 0000000180002d74 f i BillAcceptor.obj
 0001:00001dcc       ?GetGUID@?$IProvideClassInfo2Impl@$1?CLSID_OPOSBillAcceptor@@3U_GUID@@B$1?DIID__IOPOSBillAcceptorEvents@@3U2@B$1?LIBID_OposBillAcceptor_CCO@@3U2@B$00$0A@VCComTypeInfoHolder@ATL@@@ATL@@UEAAJKPEAU_GUID@@@Z 0000000180002dcc f i BillAcceptor.obj
 0001:00001e00       ?FAccessAllowed@?$IObjectSafetyImpl@VCOPOSBillAcceptor@@$02@ATL@@MEAAHXZ 0000000180002e00 f i BillAcceptor.obj
 0001:00001e00       ?AddRef@CRegObject@ATL@@UEAAKXZ 0000000180002e00 f i BillAcceptor.obj
 0001:00001e00       _get_startup_argv_mode     0000000180002e00 f i LIBCMT:argv_mode.obj
 0001:00001e08       ?GetInterfaceSafetyOptions@?$IObjectSafetyImpl@VCOPOSBillAcceptor@@$02@ATL@@UEAAJAEBU_GUID@@PEAK1@Z 0000000180002e08 f i BillAcceptor.obj
 0001:00001e9c       ?SetInterfaceSafetyOptions@?$IObjectSafetyImpl@VCOPOSBillAcceptor@@$02@ATL@@UEAAJAEBU_GUID@@KK@Z 0000000180002e9c f i BillAcceptor.obj
 0001:00001f40       ?_LocCPQueryInterface@?$IConnectionPointImpl@VCOPOSBillAcceptor@@$1?DIID__IOPOSBillAcceptorEvents@@3U_GUID@@BVCComDynamicUnkArray@ATL@@@ATL@@UEAAJAEBU_GUID@@PEAPEAX@Z 0000000180002f40 f i BillAcceptor.obj
 0001:00001f40       ?_LocCPQueryInterface@?$IConnectionPointImpl@VCOPOSBillAcceptor@@$1?IID_IPropertyNotifySink@@3U_GUID@@BVCComDynamicUnkArray@ATL@@@ATL@@UEAAJAEBU_GUID@@PEAPEAX@Z 0000000180002f40 f i BillAcceptor.obj
 0001:00001fb4       ?GetConnectionInterface@?$IConnectionPointImpl@VCOPOSBillAcceptor@@$1?IID_IPropertyNotifySink@@3U_GUID@@BVCComDynamicUnkArray@ATL@@@ATL@@UEAAJPEAU_GUID@@@Z 0000000180002fb4 f i BillAcceptor.obj
 0001:00001fd0       ?GetConnectionPointContainer@?$IConnectionPointImpl@VCOPOSBillAcceptor@@$1?IID_IPropertyNotifySink@@3U_GUID@@BVCComDynamicUnkArray@ATL@@@ATL@@UEAAJPEAPEAUIConnectionPointContainer@@@Z 0000000180002fd0 f i BillAcceptor.obj
 0001:00001ff0       ?Advise@?$IConnectionPointImpl@VCOPOSBillAcceptor@@$1?IID_IPropertyNotifySink@@3U_GUID@@BVCComDynamicUnkArray@ATL@@@ATL@@UEAAJPEAUIUnknown@@PEAK@Z 0000000180002ff0 f i BillAcceptor.obj
 0001:00001ff0       ?Advise@?$IConnectionPointImpl@VCOPOSBillAcceptor@@$1?DIID__IOPOSBillAcceptorEvents@@3U_GUID@@BVCComDynamicUnkArray@ATL@@@ATL@@UEAAJPEAUIUnknown@@PEAK@Z 0000000180002ff0 f i BillAcceptor.obj
 0001:000020b0       ?Unadvise@?$IConnectionPointImpl@VCOPOSBillAcceptor@@$1?IID_IPropertyNotifySink@@3U_GUID@@BVCComDynamicUnkArray@ATL@@@ATL@@UEAAJK@Z 00000001800030b0 f i BillAcceptor.obj
 0001:000020b0       ?Unadvise@?$IConnectionPointImpl@VCOPOSBillAcceptor@@$1?DIID__IOPOSBillAcceptorEvents@@3U_GUID@@BVCComDynamicUnkArray@ATL@@@ATL@@UEAAJK@Z 00000001800030b0 f i BillAcceptor.obj
 0001:0000212c       ?EnumConnections@?$IConnectionPointImpl@VCOPOSBillAcceptor@@$1?DIID__IOPOSBillAcceptorEvents@@3U_GUID@@BVCComDynamicUnkArray@ATL@@@ATL@@UEAAJPEAPEAUIEnumConnections@@@Z 000000018000312c f i BillAcceptor.obj
 0001:0000212c       ?EnumConnections@?$IConnectionPointImpl@VCOPOSBillAcceptor@@$1?IID_IPropertyNotifySink@@3U_GUID@@BVCComDynamicUnkArray@ATL@@@ATL@@UEAAJPEAPEAUIEnumConnections@@@Z 000000018000312c f i BillAcceptor.obj
 0001:000022e4       ?GetConnectionInterface@?$IConnectionPointImpl@VCOPOSBillAcceptor@@$1?DIID__IOPOSBillAcceptorEvents@@3U_GUID@@BVCComDynamicUnkArray@ATL@@@ATL@@UEAAJPEAU_GUID@@@Z 00000001800032e4 f i BillAcceptor.obj
 0001:00002300       ?GetConnectionPointContainer@?$IConnectionPointImpl@VCOPOSBillAcceptor@@$1?DIID__IOPOSBillAcceptorEvents@@3U_GUID@@BVCComDynamicUnkArray@ATL@@@ATL@@UEAAJPEAPEAUIConnectionPointContainer@@@Z 0000000180003300 f i BillAcceptor.obj
 0001:00002320       ?UpdateRegistry@COPOSBillAcceptor@@SAJH@Z 0000000180003320 f i BillAcceptor.obj
 0001:00002338       ?ProcessWindowMessage@COPOSBillAcceptor@@UEAAHPEAUHWND__@@I_K_JAEA_JK@Z 0000000180003338 f i BillAcceptor.obj
 0001:000023c0       ?SOData@COPOSBillAcceptor@@MEAAJJ@Z 00000001800033c0 f i BillAcceptor.obj
 0001:00002410       ?SODirectIO@COPOSBillAcceptor@@MEAAJJPEAJPEAPEA_W@Z 0000000180003410 f i BillAcceptor.obj
 0001:00002488       ?SOStatusUpdate@COPOSBillAcceptor@@MEAAJJ@Z 0000000180003488 f i BillAcceptor.obj
 0001:000024d8       ?Lock@CAtlModule@ATL@@UEAAJXZ 00000001800034d8 f i BillAcceptor.obj
 0001:000024e8       ?Unlock@CAtlModule@ATL@@UEAAJXZ 00000001800034e8 f i BillAcceptor.obj
 0001:000024f4       ?GetLockCount@CAtlModule@ATL@@UEAAJXZ 00000001800034f4 f i BillAcceptor.obj
 0001:000024f8       ?GetGITPtr@CAtlModule@ATL@@UEAAJPEAPEAUIGlobalInterfaceTable@@@Z 00000001800034f8 f i BillAcceptor.obj
 0001:00002568       ?CreateInstance@?$CComCreator@V?$CComObjectCached@VCComClassFactory@ATL@@@ATL@@@ATL@@SAJPEAXAEBU_GUID@@PEAPEAX@Z 0000000180003568 f i BillAcceptor.obj
 0001:00002694       ?CreateInstance@?$CComCreator2@V?$CComCreator@V?$CComObject@VCOPOSBillAcceptor@@@ATL@@@ATL@@V?$CComCreator@V?$CComAggObject@VCOPOSBillAcceptor@@@ATL@@@2@@ATL@@SAJPEAXAEBU_GUID@@PEAPEAX@Z 0000000180003694 f i BillAcceptor.obj
 0001:000026a4       ?AddRef@?$CComObjectCached@VCComClassFactory@ATL@@@ATL@@UEAAKXZ 00000001800036a4 f i BillAcceptor.obj
 0001:000026d0       ?Release@?$CComObjectCached@VCComClassFactory@ATL@@@ATL@@UEAAKXZ 00000001800036d0 f i BillAcceptor.obj
 0001:00002710       ?QueryInterface@?$CComObjectCached@VCComClassFactory@ATL@@@ATL@@UEAAJAEBU_GUID@@PEAPEAX@Z 0000000180003710 f i BillAcceptor.obj
 0001:00002724       ??_G?$CComObjectCached@VCComClassFactory@ATL@@@ATL@@UEAAPEAXI@Z 0000000180003724 f i BillAcceptor.obj
 0001:00002724       ??_E?$CComObjectCached@VCComClassFactory@ATL@@@ATL@@UEAAPEAXI@Z 0000000180003724 f i BillAcceptor.obj
 0001:0000277c       ?AddCommonRGSReplacements@?$CAtlModuleT@VCComModule@ATL@@@ATL@@UEAAJPEAUIRegistrarBase@@@Z 000000018000377c f i BillAcceptor.obj
 0001:00002794       ?UpdateRegistryFromResourceD@CComModule@ATL@@UEAAJPEB_WHPEAU_ATL_REGMAP_ENTRY@2@@Z 0000000180003794 f i BillAcceptor.obj
 0001:00002794       ?UpdateRegistryFromResourceD@CComModule@ATL@@UEAAJIHPEAU_ATL_REGMAP_ENTRY@2@@Z 0000000180003794 f i BillAcceptor.obj
 0001:0000279c       ?UpdateRegistryFromResource@CComModule@ATL@@UEAAJPEB_WHPEAU_ATL_REGMAP_ENTRY@2@@Z 000000018000379c f i BillAcceptor.obj
 0001:000027a4       ?UpdateRegistryFromResource@CComModule@ATL@@UEAAJIHPEAU_ATL_REGMAP_ENTRY@2@@Z 00000001800037a4 f i BillAcceptor.obj
 0001:000027ac       ??_ECComModule@ATL@@UEAAPEAXI@Z 00000001800037ac f i BillAcceptor.obj
 0001:000027ac       ??_GCComModule@ATL@@UEAAPEAXI@Z 00000001800037ac f i BillAcceptor.obj
 0001:000027ec       ?Next@?$CComEnumImpl@UIEnumConnectionPoints@@$1?_GUID_b196b285_bab4_101a_b69c_00aa00341d07@@3U__s_GUID@@BPEAUIConnectionPoint@@V?$_CopyInterface@UIConnectionPoint@@@ATL@@@ATL@@UEAAJKPEAPEAUIConnectionPoint@@PEAK@Z 00000001800037ec f i BillAcceptor.obj
 0001:000028b8       ?Skip@?$CComEnumImpl@UIEnumConnectionPoints@@$1?_GUID_b196b285_bab4_101a_b69c_00aa00341d07@@3U__s_GUID@@BPEAUIConnectionPoint@@V?$_CopyInterface@UIConnectionPoint@@@ATL@@@ATL@@UEAAJK@Z 00000001800038b8 f i BillAcceptor.obj
 0001:000028e4       ?Reset@?$CComEnumImpl@UIEnumConnections@@$1?_GUID_b196b287_bab4_101a_b69c_00aa00341d07@@3U__s_GUID@@BUtagCONNECTDATA@@V?$_Copy@UtagCONNECTDATA@@@ATL@@@ATL@@UEAAJXZ 00000001800038e4 f i BillAcceptor.obj
 0001:000028e4       ?Reset@?$CComEnumImpl@UIEnumConnectionPoints@@$1?_GUID_b196b285_bab4_101a_b69c_00aa00341d07@@3U__s_GUID@@BPEAUIConnectionPoint@@V?$_CopyInterface@UIConnectionPoint@@@ATL@@@ATL@@UEAAJXZ 00000001800038e4 f i BillAcceptor.obj
 0001:000028f0       ?Clone@?$CComEnumImpl@UIEnumConnectionPoints@@$1?_GUID_b196b285_bab4_101a_b69c_00aa00341d07@@3U__s_GUID@@BPEAUIConnectionPoint@@V?$_CopyInterface@UIConnectionPoint@@@ATL@@@ATL@@UEAAJPEAPEAUIEnumConnectionPoints@@@Z 00000001800038f0 f i BillAcceptor.obj
 0001:00002a1c       ?AddRef@?$CComObject@V?$CComEnum@UIEnumConnections@@$1?_GUID_b196b287_bab4_101a_b69c_00aa00341d07@@3U__s_GUID@@BUtagCONNECTDATA@@V?$_Copy@UtagCONNECTDATA@@@ATL@@VCComSingleThreadModel@6@@ATL@@@ATL@@UEAAKXZ 0000000180003a1c f i BillAcceptor.obj
 0001:00002a1c       ?AddRef@?$CComObject@V?$CComEnum@UIEnumConnectionPoints@@$1?_GUID_b196b285_bab4_101a_b69c_00aa00341d07@@3U__s_GUID@@BPEAUIConnectionPoint@@V?$_CopyInterface@UIConnectionPoint@@@ATL@@VCComSingleThreadModel@6@@ATL@@@ATL@@UEAAKXZ 0000000180003a1c f i BillAcceptor.obj
 0001:00002a28       ?Release@?$CComObject@V?$CComEnum@UIEnumConnectionPoints@@$1?_GUID_b196b285_bab4_101a_b69c_00aa00341d07@@3U__s_GUID@@BPEAUIConnectionPoint@@V?$_CopyInterface@UIConnectionPoint@@@ATL@@VCComSingleThreadModel@6@@ATL@@@ATL@@UEAAKXZ 0000000180003a28 f i BillAcceptor.obj
 0001:00002a28       ?Release@?$CComObject@V?$CComEnum@UIEnumConnections@@$1?_GUID_b196b287_bab4_101a_b69c_00aa00341d07@@3U__s_GUID@@BUtagCONNECTDATA@@V?$_Copy@UtagCONNECTDATA@@@ATL@@VCComSingleThreadModel@6@@ATL@@@ATL@@UEAAKXZ 0000000180003a28 f i BillAcceptor.obj
 0001:00002a7c       ?QueryInterface@?$CComObject@V?$CComEnum@UIEnumConnectionPoints@@$1?_GUID_b196b285_bab4_101a_b69c_00aa00341d07@@3U__s_GUID@@BPEAUIConnectionPoint@@V?$_CopyInterface@UIConnectionPoint@@@ATL@@VCComSingleThreadModel@6@@ATL@@@ATL@@UEAAJAEBU_GUID@@PEAPEAX@Z 0000000180003a7c f i BillAcceptor.obj
 0001:00002a90       ??_E?$CComObject@V?$CComEnum@UIEnumConnectionPoints@@$1?_GUID_b196b285_bab4_101a_b69c_00aa00341d07@@3U__s_GUID@@BPEAUIConnectionPoint@@V?$_CopyInterface@UIConnectionPoint@@@ATL@@VCComSingleThreadModel@6@@ATL@@@ATL@@UEAAPEAXI@Z 0000000180003a90 f i BillAcceptor.obj
 0001:00002a90       ??_G?$CComObject@V?$CComEnum@UIEnumConnectionPoints@@$1?_GUID_b196b285_bab4_101a_b69c_00aa00341d07@@3U__s_GUID@@BPEAUIConnectionPoint@@V?$_CopyInterface@UIConnectionPoint@@@ATL@@VCComSingleThreadModel@6@@ATL@@@ATL@@UEAAPEAXI@Z 0000000180003a90 f i BillAcceptor.obj
 0001:00002ae8       ?AddReplacement@CRegObject@ATL@@UEAAJPEB_W0@Z 0000000180003ae8 f i BillAcceptor.obj
 0001:00002b18       ?ClearReplacements@CRegObject@ATL@@UEAAJXZ 0000000180003b18 f i BillAcceptor.obj
 0001:00002b24       ??_GCRegObject@ATL@@UEAAPEAXI@Z 0000000180003b24 f i BillAcceptor.obj
 0001:00002b24       ??_ECRegObject@ATL@@UEAAPEAXI@Z 0000000180003b24 f i BillAcceptor.obj
 0001:00002ba4       ?AddRef@?$CComAggObject@VCOPOSBillAcceptor@@@ATL@@UEAAKXZ 0000000180003ba4 f i BillAcceptor.obj
 0001:00002bb0       ?Release@?$CComAggObject@VCOPOSBillAcceptor@@@ATL@@UEAAKXZ 0000000180003bb0 f i BillAcceptor.obj
 0001:00002c04       ?QueryInterface@?$CComAggObject@VCOPOSBillAcceptor@@@ATL@@UEAAJAEBU_GUID@@PEAPEAX@Z 0000000180003c04 f i BillAcceptor.obj
 0001:00002c64       ?AddRef@?$CComContainedObject@VCOPOSBillAcceptor@@@ATL@@UEAAKXZ 0000000180003c64 f i BillAcceptor.obj
 0001:00002c74       ?Release@?$CComContainedObject@VCOPOSBillAcceptor@@@ATL@@UEAAKXZ 0000000180003c74 f i BillAcceptor.obj
 0001:00002c84       ?QueryInterface@?$CComContainedObject@VCOPOSBillAcceptor@@@ATL@@UEAAJAEBU_GUID@@PEAPEAX@Z 0000000180003c84 f i BillAcceptor.obj
 0001:00002c94       ??_E?$CComAggObject@VCOPOSBillAcceptor@@@ATL@@UEAAPEAXI@Z 0000000180003c94 f i BillAcceptor.obj
 0001:00002c94       ??_G?$CComAggObject@VCOPOSBillAcceptor@@@ATL@@UEAAPEAXI@Z 0000000180003c94 f i BillAcceptor.obj
 0001:00002cec       ?AddRef@?$CComObject@VCOPOSBillAcceptor@@@ATL@@UEAAKXZ 0000000180003cec f i BillAcceptor.obj
 0001:00002cfc       ?Release@?$CComObject@VCOPOSBillAcceptor@@@ATL@@UEAAKXZ 0000000180003cfc f i BillAcceptor.obj
 0001:00002d54       ?QueryInterface@?$CComObject@VCOPOSBillAcceptor@@@ATL@@UEAAJAEBU_GUID@@PEAPEAX@Z 0000000180003d54 f i BillAcceptor.obj
 0001:00002d68       ?OnDrawAdvanced@CComControlBase@ATL@@UEAAJAEAUATL_DRAWINFO@@@Z 0000000180003d68 f i BillAcceptor.obj
 0001:00002ef4       ?Next@?$CComEnumImpl@UIEnumConnections@@$1?_GUID_b196b287_bab4_101a_b69c_00aa00341d07@@3U__s_GUID@@BUtagCONNECTDATA@@V?$_Copy@UtagCONNECTDATA@@@ATL@@@ATL@@UEAAJKPEAUtagCONNECTDATA@@PEAK@Z 0000000180003ef4 f i BillAcceptor.obj
 0001:00002fc8       ?Skip@?$CComEnumImpl@UIEnumConnections@@$1?_GUID_b196b287_bab4_101a_b69c_00aa00341d07@@3U__s_GUID@@BUtagCONNECTDATA@@V?$_Copy@UtagCONNECTDATA@@@ATL@@@ATL@@UEAAJK@Z 0000000180003fc8 f i BillAcceptor.obj
 0001:00002ff4       ?Clone@?$CComEnumImpl@UIEnumConnections@@$1?_GUID_b196b287_bab4_101a_b69c_00aa00341d07@@3U__s_GUID@@BUtagCONNECTDATA@@V?$_Copy@UtagCONNECTDATA@@@ATL@@@ATL@@UEAAJPEAPEAUIEnumConnections@@@Z 0000000180003ff4 f i BillAcceptor.obj
 0001:00003120       ?QueryInterface@?$CComObject@V?$CComEnum@UIEnumConnections@@$1?_GUID_b196b287_bab4_101a_b69c_00aa00341d07@@3U__s_GUID@@BUtagCONNECTDATA@@V?$_Copy@UtagCONNECTDATA@@@ATL@@VCComSingleThreadModel@6@@ATL@@@ATL@@UEAAJAEBU_GUID@@PEAPEAX@Z 0000000180004120 f i BillAcceptor.obj
 0001:00003134       ??_E?$CComObject@V?$CComEnum@UIEnumConnections@@$1?_GUID_b196b287_bab4_101a_b69c_00aa00341d07@@3U__s_GUID@@BUtagCONNECTDATA@@V?$_Copy@UtagCONNECTDATA@@@ATL@@VCComSingleThreadModel@6@@ATL@@@ATL@@UEAAPEAXI@Z 0000000180004134 f i BillAcceptor.obj
 0001:00003134       ??_G?$CComObject@V?$CComEnum@UIEnumConnections@@$1?_GUID_b196b287_bab4_101a_b69c_00aa00341d07@@3U__s_GUID@@BUtagCONNECTDATA@@V?$_Copy@UtagCONNECTDATA@@@ATL@@VCComSingleThreadModel@6@@ATL@@@ATL@@UEAAPEAXI@Z 0000000180004134 f i BillAcceptor.obj
 0001:0000318c       ??_E?$CComObject@VCOPOSBillAcceptor@@@ATL@@W7EAAPEAXI@Z 000000018000418c f i BillAcceptor.obj
 0001:00003198       ??_E?$CComObject@VCOPOSBillAcceptor@@@ATL@@WHA@EAAPEAXI@Z 0000000180004198 f i BillAcceptor.obj
 0001:000031a4       ?QueryInterface@?$CComObject@VCOPOSBillAcceptor@@@ATL@@WLI@EAAJAEBU_GUID@@PEAPEAX@Z 00000001800041a4 f i BillAcceptor.obj
 0001:000031b0       ?AddRef@?$CComObject@VCOPOSBillAcceptor@@@ATL@@WLI@EAAKXZ 00000001800041b0 f i BillAcceptor.obj
 0001:000031bc       ?Release@?$CComObject@VCOPOSBillAcceptor@@@ATL@@WLI@EAAKXZ 00000001800041bc f i BillAcceptor.obj
 0001:000031c8       ?QueryInterface@?$CComObject@VCOPOSBillAcceptor@@@ATL@@WMA@EAAJAEBU_GUID@@PEAPEAX@Z 00000001800041c8 f i BillAcceptor.obj
 0001:000031d4       ?AddRef@?$CComObject@VCOPOSBillAcceptor@@@ATL@@WMA@EAAKXZ 00000001800041d4 f i BillAcceptor.obj
 0001:000031e0       ?Release@?$CComObject@VCOPOSBillAcceptor@@@ATL@@WMA@EAAKXZ 00000001800041e0 f i BillAcceptor.obj
 0001:000031ec       ?QueryInterface@?$CComObject@VCOPOSBillAcceptor@@@ATL@@WMI@EAAJAEBU_GUID@@PEAPEAX@Z 00000001800041ec f i BillAcceptor.obj
 0001:000031f8       ?AddRef@?$CComObject@VCOPOSBillAcceptor@@@ATL@@WMI@EAAKXZ 00000001800041f8 f i BillAcceptor.obj
 0001:00003204       ?Release@?$CComObject@VCOPOSBillAcceptor@@@ATL@@WMI@EAAKXZ 0000000180004204 f i BillAcceptor.obj
 0001:00003210       ?QueryInterface@?$CComObject@VCOPOSBillAcceptor@@@ATL@@WNA@EAAJAEBU_GUID@@PEAPEAX@Z 0000000180004210 f i BillAcceptor.obj
 0001:0000321c       ?AddRef@?$CComObject@VCOPOSBillAcceptor@@@ATL@@WNA@EAAKXZ 000000018000421c f i BillAcceptor.obj
 0001:00003228       ?Release@?$CComObject@VCOPOSBillAcceptor@@@ATL@@WNA@EAAKXZ 0000000180004228 f i BillAcceptor.obj
 0001:00003234       ?QueryInterface@?$CComObject@VCOPOSBillAcceptor@@@ATL@@WNI@EAAJAEBU_GUID@@PEAPEAX@Z 0000000180004234 f i BillAcceptor.obj
 0001:00003240       ?AddRef@?$CComObject@VCOPOSBillAcceptor@@@ATL@@WNI@EAAKXZ 0000000180004240 f i BillAcceptor.obj
 0001:0000324c       ?Release@?$CComObject@VCOPOSBillAcceptor@@@ATL@@WNI@EAAKXZ 000000018000424c f i BillAcceptor.obj
 0001:00003258       ?QueryInterface@?$CComObject@VCOPOSBillAcceptor@@@ATL@@WOA@EAAJAEBU_GUID@@PEAPEAX@Z 0000000180004258 f i BillAcceptor.obj
 0001:00003264       ?AddRef@?$CComObject@VCOPOSBillAcceptor@@@ATL@@WOA@EAAKXZ 0000000180004264 f i BillAcceptor.obj
 0001:00003270       ?Release@?$CComObject@VCOPOSBillAcceptor@@@ATL@@WOA@EAAKXZ 0000000180004270 f i BillAcceptor.obj
 0001:0000327c       ?QueryInterface@?$CComObject@VCOPOSBillAcceptor@@@ATL@@WOI@EAAJAEBU_GUID@@PEAPEAX@Z 000000018000427c f i BillAcceptor.obj
 0001:00003288       ?AddRef@?$CComObject@VCOPOSBillAcceptor@@@ATL@@WOI@EAAKXZ 0000000180004288 f i BillAcceptor.obj
 0001:00003294       ?Release@?$CComObject@VCOPOSBillAcceptor@@@ATL@@WOI@EAAKXZ 0000000180004294 f i BillAcceptor.obj
 0001:000032a0       ?QueryInterface@?$CComObject@VCOPOSBillAcceptor@@@ATL@@WPA@EAAJAEBU_GUID@@PEAPEAX@Z 00000001800042a0 f i BillAcceptor.obj
 0001:000032ac       ?AddRef@?$CComObject@VCOPOSBillAcceptor@@@ATL@@WPA@EAAKXZ 00000001800042ac f i BillAcceptor.obj
 0001:000032b8       ?Release@?$CComObject@VCOPOSBillAcceptor@@@ATL@@WPA@EAAKXZ 00000001800042b8 f i BillAcceptor.obj
 0001:000032c4       ?QueryInterface@?$CComObject@VCOPOSBillAcceptor@@@ATL@@WPI@EAAJAEBU_GUID@@PEAPEAX@Z 00000001800042c4 f i BillAcceptor.obj
 0001:000032d0       ?AddRef@?$CComObject@VCOPOSBillAcceptor@@@ATL@@WPI@EAAKXZ 00000001800042d0 f i BillAcceptor.obj
 0001:000032dc       ?Release@?$CComObject@VCOPOSBillAcceptor@@@ATL@@WPI@EAAKXZ 00000001800042dc f i BillAcceptor.obj
 0001:000032e8       ?QueryInterface@?$CComObject@VCOPOSBillAcceptor@@@ATL@@WBAA@EAAJAEBU_GUID@@PEAPEAX@Z 00000001800042e8 f i BillAcceptor.obj
 0001:000032f4       ?AddRef@?$CComObject@VCOPOSBillAcceptor@@@ATL@@WBAA@EAAKXZ 00000001800042f4 f i BillAcceptor.obj
 0001:00003300       ?Release@?$CComObject@VCOPOSBillAcceptor@@@ATL@@WBAA@EAAKXZ 0000000180004300 f i BillAcceptor.obj
 0001:0000330c       ?QueryInterface@?$CComObject@VCOPOSBillAcceptor@@@ATL@@WBAI@EAAJAEBU_GUID@@PEAPEAX@Z 000000018000430c f i BillAcceptor.obj
 0001:00003318       ?AddRef@?$CComObject@VCOPOSBillAcceptor@@@ATL@@WBAI@EAAKXZ 0000000180004318 f i BillAcceptor.obj
 0001:00003324       ?Release@?$CComObject@VCOPOSBillAcceptor@@@ATL@@WBAI@EAAKXZ 0000000180004324 f i BillAcceptor.obj
 0001:00003330       ?QueryInterface@?$CComObject@VCOPOSBillAcceptor@@@ATL@@WBBA@EAAJAEBU_GUID@@PEAPEAX@Z 0000000180004330 f i BillAcceptor.obj
 0001:0000333c       ?AddRef@?$CComObject@VCOPOSBillAcceptor@@@ATL@@WBBA@EAAKXZ 000000018000433c f i BillAcceptor.obj
 0001:00003348       ?Release@?$CComObject@VCOPOSBillAcceptor@@@ATL@@WBBA@EAAKXZ 0000000180004348 f i BillAcceptor.obj
 0001:00003354       ?QueryInterface@?$CComObject@VCOPOSBillAcceptor@@@ATL@@WBBI@EAAJAEBU_GUID@@PEAPEAX@Z 0000000180004354 f i BillAcceptor.obj
 0001:00003360       ?AddRef@?$CComObject@VCOPOSBillAcceptor@@@ATL@@WBBI@EAAKXZ 0000000180004360 f i BillAcceptor.obj
 0001:0000336c       ?Release@?$CComObject@VCOPOSBillAcceptor@@@ATL@@WBBI@EAAKXZ 000000018000436c f i BillAcceptor.obj
 0001:00003378       ?AddRef@?$CComObject@VCOPOSBillAcceptor@@@ATL@@WBCI@EAAKXZ 0000000180004378 f i BillAcceptor.obj
 0001:00003384       ?Release@?$CComObject@VCOPOSBillAcceptor@@@ATL@@WBCI@EAAKXZ 0000000180004384 f i BillAcceptor.obj
 0001:00003390       ?AddRef@?$CComObject@VCOPOSBillAcceptor@@@ATL@@WBEA@EAAKXZ 0000000180004390 f i BillAcceptor.obj
 0001:0000339c       ?Release@?$CComObject@VCOPOSBillAcceptor@@@ATL@@WBEA@EAAKXZ 000000018000439c f i BillAcceptor.obj
 0001:000033a8       ??_E?$CComContainedObject@VCOPOSBillAcceptor@@@ATL@@W7EAAPEAXI@Z 00000001800043a8 f i BillAcceptor.obj
 0001:000033b4       ??_E?$CComContainedObject@VCOPOSBillAcceptor@@@ATL@@WHA@EAAPEAXI@Z 00000001800043b4 f i BillAcceptor.obj
 0001:000033c0       ?QueryInterface@?$CComContainedObject@VCOPOSBillAcceptor@@@ATL@@WLI@EAAJAEBU_GUID@@PEAPEAX@Z 00000001800043c0 f i BillAcceptor.obj
 0001:000033cc       ?AddRef@?$CComContainedObject@VCOPOSBillAcceptor@@@ATL@@WLI@EAAKXZ 00000001800043cc f i BillAcceptor.obj
 0001:000033d8       ?Release@?$CComContainedObject@VCOPOSBillAcceptor@@@ATL@@WLI@EAAKXZ 00000001800043d8 f i BillAcceptor.obj
 0001:000033e4       ?QueryInterface@?$CComContainedObject@VCOPOSBillAcceptor@@@ATL@@WMA@EAAJAEBU_GUID@@PEAPEAX@Z 00000001800043e4 f i BillAcceptor.obj
 0001:000033f0       ?AddRef@?$CComContainedObject@VCOPOSBillAcceptor@@@ATL@@WMA@EAAKXZ 00000001800043f0 f i BillAcceptor.obj
 0001:000033fc       ?Release@?$CComContainedObject@VCOPOSBillAcceptor@@@ATL@@WMA@EAAKXZ 00000001800043fc f i BillAcceptor.obj
 0001:00003408       ?QueryInterface@?$CComContainedObject@VCOPOSBillAcceptor@@@ATL@@WMI@EAAJAEBU_GUID@@PEAPEAX@Z 0000000180004408 f i BillAcceptor.obj
 0001:00003414       ?AddRef@?$CComContainedObject@VCOPOSBillAcceptor@@@ATL@@WMI@EAAKXZ 0000000180004414 f i BillAcceptor.obj
 0001:00003420       ?Release@?$CComContainedObject@VCOPOSBillAcceptor@@@ATL@@WMI@EAAKXZ 0000000180004420 f i BillAcceptor.obj
 0001:0000342c       ?QueryInterface@?$CComContainedObject@VCOPOSBillAcceptor@@@ATL@@WNA@EAAJAEBU_GUID@@PEAPEAX@Z 000000018000442c f i BillAcceptor.obj
 0001:00003438       ?AddRef@?$CComContainedObject@VCOPOSBillAcceptor@@@ATL@@WNA@EAAKXZ 0000000180004438 f i BillAcceptor.obj
 0001:00003444       ?Release@?$CComContainedObject@VCOPOSBillAcceptor@@@ATL@@WNA@EAAKXZ 0000000180004444 f i BillAcceptor.obj
 0001:00003450       ?QueryInterface@?$CComContainedObject@VCOPOSBillAcceptor@@@ATL@@WNI@EAAJAEBU_GUID@@PEAPEAX@Z 0000000180004450 f i BillAcceptor.obj
 0001:0000345c       ?AddRef@?$CComContainedObject@VCOPOSBillAcceptor@@@ATL@@WNI@EAAKXZ 000000018000445c f i BillAcceptor.obj
 0001:00003468       ?Release@?$CComContainedObject@VCOPOSBillAcceptor@@@ATL@@WNI@EAAKXZ 0000000180004468 f i BillAcceptor.obj
 0001:00003474       ?QueryInterface@?$CComContainedObject@VCOPOSBillAcceptor@@@ATL@@WOA@EAAJAEBU_GUID@@PEAPEAX@Z 0000000180004474 f i BillAcceptor.obj
 0001:00003480       ?AddRef@?$CComContainedObject@VCOPOSBillAcceptor@@@ATL@@WOA@EAAKXZ 0000000180004480 f i BillAcceptor.obj
 0001:0000348c       ?Release@?$CComContainedObject@VCOPOSBillAcceptor@@@ATL@@WOA@EAAKXZ 000000018000448c f i BillAcceptor.obj
 0001:00003498       ?QueryInterface@?$CComContainedObject@VCOPOSBillAcceptor@@@ATL@@WOI@EAAJAEBU_GUID@@PEAPEAX@Z 0000000180004498 f i BillAcceptor.obj
 0001:000034a4       ?AddRef@?$CComContainedObject@VCOPOSBillAcceptor@@@ATL@@WOI@EAAKXZ 00000001800044a4 f i BillAcceptor.obj
 0001:000034b0       ?Release@?$CComContainedObject@VCOPOSBillAcceptor@@@ATL@@WOI@EAAKXZ 00000001800044b0 f i BillAcceptor.obj
 0001:000034bc       ?QueryInterface@?$CComContainedObject@VCOPOSBillAcceptor@@@ATL@@WPA@EAAJAEBU_GUID@@PEAPEAX@Z 00000001800044bc f i BillAcceptor.obj
 0001:000034c8       ?AddRef@?$CComContainedObject@VCOPOSBillAcceptor@@@ATL@@WPA@EAAKXZ 00000001800044c8 f i BillAcceptor.obj
 0001:000034d4       ?Release@?$CComContainedObject@VCOPOSBillAcceptor@@@ATL@@WPA@EAAKXZ 00000001800044d4 f i BillAcceptor.obj
 0001:000034e0       ?QueryInterface@?$CComContainedObject@VCOPOSBillAcceptor@@@ATL@@WPI@EAAJAEBU_GUID@@PEAPEAX@Z 00000001800044e0 f i BillAcceptor.obj
 0001:000034ec       ?AddRef@?$CComContainedObject@VCOPOSBillAcceptor@@@ATL@@WPI@EAAKXZ 00000001800044ec f i BillAcceptor.obj
 0001:000034f8       ?Release@?$CComContainedObject@VCOPOSBillAcceptor@@@ATL@@WPI@EAAKXZ 00000001800044f8 f i BillAcceptor.obj
 0001:00003504       ?QueryInterface@?$CComContainedObject@VCOPOSBillAcceptor@@@ATL@@WBAA@EAAJAEBU_GUID@@PEAPEAX@Z 0000000180004504 f i BillAcceptor.obj
 0001:00003510       ?AddRef@?$CComContainedObject@VCOPOSBillAcceptor@@@ATL@@WBAA@EAAKXZ 0000000180004510 f i BillAcceptor.obj
 0001:0000351c       ?Release@?$CComContainedObject@VCOPOSBillAcceptor@@@ATL@@WBAA@EAAKXZ 000000018000451c f i BillAcceptor.obj
 0001:00003528       ?QueryInterface@?$CComContainedObject@VCOPOSBillAcceptor@@@ATL@@WBAI@EAAJAEBU_GUID@@PEAPEAX@Z 0000000180004528 f i BillAcceptor.obj
 0001:00003534       ?AddRef@?$CComContainedObject@VCOPOSBillAcceptor@@@ATL@@WBAI@EAAKXZ 0000000180004534 f i BillAcceptor.obj
 0001:00003540       ?Release@?$CComContainedObject@VCOPOSBillAcceptor@@@ATL@@WBAI@EAAKXZ 0000000180004540 f i BillAcceptor.obj
 0001:0000354c       ?QueryInterface@?$CComContainedObject@VCOPOSBillAcceptor@@@ATL@@WBBA@EAAJAEBU_GUID@@PEAPEAX@Z 000000018000454c f i BillAcceptor.obj
 0001:00003558       ?AddRef@?$CComContainedObject@VCOPOSBillAcceptor@@@ATL@@WBBA@EAAKXZ 0000000180004558 f i BillAcceptor.obj
 0001:00003564       ?Release@?$CComContainedObject@VCOPOSBillAcceptor@@@ATL@@WBBA@EAAKXZ 0000000180004564 f i BillAcceptor.obj
 0001:00003570       ?QueryInterface@?$CComContainedObject@VCOPOSBillAcceptor@@@ATL@@WBBI@EAAJAEBU_GUID@@PEAPEAX@Z 0000000180004570 f i BillAcceptor.obj
 0001:0000357c       ?AddRef@?$CComContainedObject@VCOPOSBillAcceptor@@@ATL@@WBBI@EAAKXZ 000000018000457c f i BillAcceptor.obj
 0001:00003588       ?Release@?$CComContainedObject@VCOPOSBillAcceptor@@@ATL@@WBBI@EAAKXZ 0000000180004588 f i BillAcceptor.obj
 0001:00003594       ?AddRef@?$CComContainedObject@VCOPOSBillAcceptor@@@ATL@@WBCI@EAAKXZ 0000000180004594 f i BillAcceptor.obj
 0001:000035a0       ?Release@?$CComContainedObject@VCOPOSBillAcceptor@@@ATL@@WBCI@EAAKXZ 00000001800045a0 f i BillAcceptor.obj
 0001:000035ac       ?AddRef@?$CComContainedObject@VCOPOSBillAcceptor@@@ATL@@WBEA@EAAKXZ 00000001800045ac f i BillAcceptor.obj
 0001:000035b8       ?Release@?$CComContainedObject@VCOPOSBillAcceptor@@@ATL@@WBEA@EAAKXZ 00000001800045b8 f i BillAcceptor.obj
 0001:000035c4       ?CreateInstance@CComClassFactory@ATL@@UEAAJPEAUIUnknown@@AEBU_GUID@@PEAPEAX@Z 00000001800045c4 f i BillAcceptor.obj
 0001:00003624       ?LockServer@CComClassFactory@ATL@@UEAAJH@Z 0000000180004624 f i BillAcceptor.obj
 0001:00003648       ??_ECComClassFactory@ATL@@UEAAPEAXI@Z 0000000180004648 f i BillAcceptor.obj
 0001:00003648       ??_GCComClassFactory@ATL@@UEAAPEAXI@Z 0000000180004648 f i BillAcceptor.obj
 0001:00003698       ??$AtlModuleRegisterWndClassInfoT@VAtlModuleRegisterWndClassInfoParamW@ATL@@@ATL@@YAGPEAU_ATL_BASE_MODULE70@0@PEAU_ATL_WIN_MODULE70@0@PEAU_ATL_WNDCLASSINFOW@0@PEAP6A_JPEAUHWND__@@I_K_J@ZVAtlModuleRegisterWndClassInfoParamW@0@@Z 0000000180004698 f i BillAcceptor.obj
 0001:00003898       ??0?$CComContainedObject@VCOPOSBillAcceptor@@@ATL@@QEAA@PEAX@Z 0000000180004898 f i BillAcceptor.obj
 0001:000039b4       ??0?$CComObject@VCOPOSBillAcceptor@@@ATL@@QEAA@PEAX@Z 00000001800049b4 f i BillAcceptor.obj
 0001:00003acc       ??0CAtlModule@ATL@@QEAA@XZ 0000000180004acc f i BillAcceptor.obj
 0001:00003b40       ??1?$CComEnumImpl@UIEnumConnectionPoints@@$1?_GUID_b196b285_bab4_101a_b69c_00aa00341d07@@3U__s_GUID@@BPEAUIConnectionPoint@@V?$_CopyInterface@UIConnectionPoint@@@ATL@@@ATL@@UEAA@XZ 0000000180004b40 f i BillAcceptor.obj
 0001:00003b9c       ??1?$CComEnumImpl@UIEnumConnections@@$1?_GUID_b196b287_bab4_101a_b69c_00aa00341d07@@3U__s_GUID@@BUtagCONNECTDATA@@V?$_Copy@UtagCONNECTDATA@@@ATL@@@ATL@@UEAA@XZ 0000000180004b9c f i BillAcceptor.obj
 0001:00003bf8       ??1?$CComObject@VCOPOSBillAcceptor@@@ATL@@UEAA@XZ 0000000180004bf8 f i BillAcceptor.obj
 0001:00003d18       ??_E?$CComContainedObject@VCOPOSBillAcceptor@@@ATL@@UEAAPEAXI@Z 0000000180004d18 f i BillAcceptor.obj
 0001:00003d18       ??_G?$CComContainedObject@VCOPOSBillAcceptor@@@ATL@@UEAAPEAXI@Z 0000000180004d18 f i BillAcceptor.obj
 0001:00003d4c       ??_E?$CComObject@VCOPOSBillAcceptor@@@ATL@@UEAAPEAXI@Z 0000000180004d4c f i BillAcceptor.obj
 0001:00003d4c       ??_G?$CComObject@VCOPOSBillAcceptor@@@ATL@@UEAAPEAXI@Z 0000000180004d4c f i BillAcceptor.obj
 0001:00003d80       ?Add@?$CSimpleArray@GV?$CSimpleArrayEqualHelper@G@ATL@@@ATL@@QEAAHAEBG@Z 0000000180004d80 f i BillAcceptor.obj
 0001:00003e34       ?Add@?$CSimpleMap@PEA_WPEA_WVCExpansionVectorEqualHelper@ATL@@@ATL@@QEAAHAEBQEA_W0@Z 0000000180004e34 f i BillAcceptor.obj
 0001:00003ed4       ?Add@CComDynamicUnkArray@ATL@@QEAAKPEAUIUnknown@@@Z 0000000180004ed4 f i BillAcceptor.obj
 0001:00003fbc       ?Add@CExpansionVector@ATL@@QEAAHPEB_W0@Z 0000000180004fbc f i BillAcceptor.obj
 0001:000040f0       ?AddTermFunc@CAtlModule@ATL@@QEAAJP6AX_K@Z0@Z 00000001800050f0 f i BillAcceptor.obj
 0001:0000418c       ?AddValue@CRegParser@ATL@@IEAAJAEAVCRegKey@2@PEB_WPEA_W@Z 000000018000518c f i BillAcceptor.obj
 0001:000045d4       ?AllocateHeap@?$CTempBuffer@_W$0BAA@VCCRTAllocator@ATL@@@ATL@@AEAAX_K@Z 00000001800055d4 f i BillAcceptor.obj
 0001:000045d4       ?AllocateHeap@?$CTempBuffer@_W$0EAA@VCCRTAllocator@ATL@@@ATL@@AEAAX_K@Z 00000001800055d4 f i BillAcceptor.obj
 0001:000045d4       ?AllocateHeap@?$CTempBuffer@E$0BAA@VCCRTAllocator@ATL@@@ATL@@AEAAX_K@Z 00000001800055d4 f i BillAcceptor.obj
 0001:00004600       ?Append@CParseBuffer@CRegParser@ATL@@QEAAHPEB_WH@Z 0000000180005600 f i BillAcceptor.obj
 0001:00004748       ?AtlComModuleGetClassObject@ATL@@YAJPEAU_ATL_COM_MODULE70@1@AEBU_GUID@@1PEAPEAX@Z 0000000180005748 f i BillAcceptor.obj
 0001:00004888       ?AtlComModuleRegisterServer@ATL@@YAJPEAU_ATL_COM_MODULE70@1@HPEBU_GUID@@@Z 0000000180005888 f i BillAcceptor.obj
 0001:00004948       ?AtlComModuleUnregisterServer@ATL@@YAJPEAU_ATL_COM_MODULE70@1@HPEBU_GUID@@@Z 0000000180005948 f i BillAcceptor.obj
 0001:00004a04       ?AtlHiMetricToPixel@ATL@@YAXPEBUtagSIZE@@PEAU2@@Z 0000000180005a04 f i BillAcceptor.obj
 0001:00004ab4       ?AtlHresultFromLastError@ATL@@YAJXZ 0000000180005ab4 f i BillAcceptor.obj
 0001:00004ad4       ?AtlHresultFromWin32@ATL@@YAJK@Z 0000000180005ad4 f i BillAcceptor.obj
 0001:00004ae4       ?AtlInternalOleLoadFromStream@ATL@@YAJPEAUIStream@@AEBU_GUID@@PEAPEAXTClassesAllowedInStream@1@K@Z 0000000180005ae4 f i BillAcceptor.obj
 0001:00004c28       ?AtlInternalQueryInterface@ATL@@YAJPEAXPEBU_ATL_INTMAP_ENTRY@1@AEBU_GUID@@PEAPEAX@Z 0000000180005c28 f i BillAcceptor.obj
 0001:00004d30       ?AtlLoadTypeLib@ATL@@YAJPEAUHINSTANCE__@@PEB_WPEAPEA_WPEAPEAUITypeLib@@@Z 0000000180005d30 f i BillAcceptor.obj
 0001:00004f8c       ?AtlRegisterClassCategoriesHelper@ATL@@YAJAEBU_GUID@@PEBU_ATL_CATMAP_ENTRY@1@H@Z 0000000180005f8c f i BillAcceptor.obj
 0001:00005410       ?AtlRegisterTypeLib@ATL@@YAJPEAUHINSTANCE__@@PEB_W@Z 0000000180006410 f i BillAcceptor.obj
 0001:0000560c       ?AtlThrowImpl@ATL@@YAXJ@Z  000000018000660c f i BillAcceptor.obj
 0001:00005630       ?AtlUnRegisterTypeLib@ATL@@YAJPEAUHINSTANCE__@@PEB_W@Z 0000000180006630 f i BillAcceptor.obj
 0001:000056f8       ?AtlWinModuleExtractCreateWndData@ATL@@YAPEAXPEAU_ATL_WIN_MODULE70@1@@Z 00000001800066f8 f i BillAcceptor.obj
 0001:00005784       ?Cleanup@CComTypeInfoHolder@ATL@@SAX_K@Z 0000000180006784 f i BillAcceptor.obj
 0001:000057c4       ?ClearReplacements@CExpansionVector@ATL@@QEAAJXZ 00000001800067c4 f i BillAcceptor.obj
 0001:00005860       ?CreateInstance@?$CComCreator@V?$CComAggObject@VCOPOSBillAcceptor@@@ATL@@@ATL@@SAJPEAXAEBU_GUID@@PEAPEAX@Z 0000000180006860 f i BillAcceptor.obj
 0001:00005950       ?CreateInstance@?$CComCreator@V?$CComObject@VCOPOSBillAcceptor@@@ATL@@@ATL@@SAJPEAXAEBU_GUID@@PEAPEAX@Z 0000000180006950 f i BillAcceptor.obj
 0001:00005a08       ?CreateInstance@?$CComObject@V?$CComEnum@UIEnumConnectionPoints@@$1?_GUID_b196b285_bab4_101a_b69c_00aa00341d07@@3U__s_GUID@@BPEAUIConnectionPoint@@V?$_CopyInterface@UIConnectionPoint@@@ATL@@VCComSingleThreadModel@6@@ATL@@@ATL@@SAJPEAPEAV12@@Z 0000000180006a08 f i BillAcceptor.obj
 0001:00005a94       ?CreateInstance@?$CComObject@V?$CComEnum@UIEnumConnections@@$1?_GUID_b196b287_bab4_101a_b69c_00aa00341d07@@3U__s_GUID@@BUtagCONNECTDATA@@V?$_Copy@UtagCONNECTDATA@@@ATL@@VCComSingleThreadModel@6@@ATL@@@ATL@@SAJPEAPEAV12@@Z 0000000180006a94 f i BillAcceptor.obj
 0001:00005b20       ?DefaultReflectionHandler@?$CWindowImplRoot@VCWindow@ATL@@@ATL@@SAHPEAUHWND__@@I_K_JAEA_J@Z 0000000180006b20 f i BillAcceptor.obj
 0001:00005b84       ?DeleteSubKey@CRegKey@ATL@@QEAAJPEB_W@Z 0000000180006b84 f i BillAcceptor.obj
 0001:00005c1c       ?DoEvent@COPOSBillAcceptor@@IEAAXI_K_J@Z 0000000180006c1c f i BillAcceptor.obj
 0001:00005cd0       ?DoVerbPrimary@?$IOleObjectImpl@VCOPOSBillAcceptor@@@ATL@@QEAAJPEBUtagRECT@@PEAUHWND__@@@Z 0000000180006cd0 f i BillAcceptor.obj
 0001:00005dfc       ?DoVerbProperties@CComControlBase@ATL@@QEAAJPEBUtagRECT@@PEAUHWND__@@@Z 0000000180006dfc f i BillAcceptor.obj
 0001:00006024       ?FireTheEvent@?$CProxy_IOPOSEvents@VCOPOSBillAcceptor@@@@IEAAXPEAVOposVariant@@IAEAJPEB_WJ@Z 0000000180007024 f i BillAcceptor.obj
 0001:00006110       ?FireViewChange@CComControlBase@ATL@@QEAAJXZ 0000000180007110 f i BillAcceptor.obj
 0001:00006174       ?Fire_DataEvent@?$CProxy_IOPOSEvents@VCOPOSBillAcceptor@@@@QEAAXJ@Z 0000000180007174 f i BillAcceptor.obj
 0001:00006260       ?Fire_DirectIOEvent@?$CProxy_IOPOSEvents@VCOPOSBillAcceptor@@@@QEAAXJPEAJPEAPEA_W@Z 0000000180007260 f i BillAcceptor.obj
 0001:000063b8       ?Fire_StatusUpdateEvent@?$CProxy_IOPOSEvents@VCOPOSBillAcceptor@@@@QEAAXJ@Z 00000001800073b8 f i BillAcceptor.obj
 0001:000064a4       ?FreeHeap@?$CTempBuffer@_W$0BAA@VCCRTAllocator@ATL@@@ATL@@AEAAXXZ 00000001800074a4 f i BillAcceptor.obj
 0001:000064a4       ?FreeHeap@?$CTempBuffer@E$0BAA@VCCRTAllocator@ATL@@@ATL@@AEAAXXZ 00000001800074a4 f i BillAcceptor.obj
 0001:000064a4       ?FreeHeap@?$CTempBuffer@_W$0EAA@VCCRTAllocator@ATL@@@ATL@@AEAAXXZ 00000001800074a4 f i BillAcceptor.obj
 0001:000064ac       ?GetAmbientLocaleID@CComControlBase@ATL@@QEAAJAEAK@Z 00000001800074ac f i BillAcceptor.obj
 0001:0000656c       ?GetAmbientUserMode@CComControlBase@ATL@@QEAAJAEAH@Z 000000018000756c f i BillAcceptor.obj
 0001:0000663c       ?GetClassObject@CComModule@ATL@@QEAAJAEBU_GUID@@0PEAPEAX@Z 000000018000763c f i BillAcceptor.obj
 0001:00006730       ?GetConnMap@COPOSBillAcceptor@@SAPEBU_ATL_CONNMAP_ENTRY@ATL@@PEAH@Z 0000000180007730 f i BillAcceptor.obj
 0001:000067b8       ?GetIDsOfNames@CComTypeInfoHolder@ATL@@QEAAJAEBU_GUID@@PEAPEA_WIKPEAJ@Z 00000001800077b8 f i BillAcceptor.obj
 0001:00006930       ?GetPagesHelper@?$ISpecifyPropertyPagesImpl@VCOPOSBillAcceptor@@@ATL@@IEAAJPEAUtagCAUUID@@PEBUATL_PROPMAP_ENTRY@2@@Z 0000000180007930 f i BillAcceptor.obj
 0001:00006ad0       ?GetSizeMax@CComVariant@ATL@@QEBAJPEAT_ULARGE_INTEGER@@@Z 0000000180007ad0 f i BillAcceptor.obj
 0001:00006d04       ?GetTI@CComTypeInfoHolder@ATL@@QEAAJK@Z 0000000180007d04 f i BillAcceptor.obj
 0001:00006ffc       ?GetZoomInfo@CComControlBase@ATL@@QEAAXAEAUATL_DRAWINFO@@@Z 0000000180007ffc f i BillAcceptor.obj
 0001:000070a0       ?HKeyFromString@CRegParser@ATL@@KAPEAUHKEY__@@PEA_W@Z 00000001800080a0 f i BillAcceptor.obj
 0001:00007104       ?IDataObject_GetData@CComControlBase@ATL@@QEAAJPEAUtagFORMATETC@@PEAUtagSTGMEDIUM@@@Z 0000000180008104 f i BillAcceptor.obj
 0001:000072f8       ?IOleInPlaceObject_InPlaceDeactivate@CComControlBase@ATL@@QEAAJXZ 00000001800082f8 f i BillAcceptor.obj
 0001:00007398       ?IOleInPlaceObject_SetObjectRects@CComControlBase@ATL@@QEAAJPEBUtagRECT@@0@Z 0000000180008398 f i BillAcceptor.obj
 0001:00007488       ?IOleInPlaceObject_UIDeactivate@CComControlBase@ATL@@QEAAJXZ 0000000180008488 f i BillAcceptor.obj
 0001:00007594       ?IOleObject_Close@CComControlBase@ATL@@QEAAJK@Z 0000000180008594 f i BillAcceptor.obj
 0001:000076ac       ?IOleObject_SetClientSite@CComControlBase@ATL@@QEAAJPEAUIOleClientSite@@@Z 00000001800086ac f i BillAcceptor.obj
 0001:00007724       ?IOleObject_SetExtent@CComControlBase@ATL@@QEAAJKPEAUtagSIZE@@@Z 0000000180008724 f i BillAcceptor.obj
 0001:000077bc       ?IPSI_GetIPersistStreamInit@?$IPersistStorageImpl@VCOPOSBillAcceptor@@@ATL@@AEAAPEAUIPersistStreamInit@@XZ 00000001800087bc f i BillAcceptor.obj
 0001:000078a4       ?IPersistStreamInit_Load@?$IPersistStreamInitImpl@VCOPOSBillAcceptor@@@ATL@@QEAAJPEAUIStream@@PEBUATL_PROPMAP_ENTRY@2@@Z 00000001800088a4 f i BillAcceptor.obj
 0001:00007bd8       ?IPersistStreamInit_Save@?$IPersistStreamInitImpl@VCOPOSBillAcceptor@@@ATL@@QEAAJPEAUIStream@@HPEBUATL_PROPMAP_ENTRY@2@@Z 0000000180008bd8 f i BillAcceptor.obj
 0001:00007e7c       ?IQuickActivate_QuickActivate@CComControlBase@ATL@@QEAAJPEAUtagQACONTAINER@@PEAUtagQACONTROL@@@Z 0000000180008e7c f i BillAcceptor.obj
 0001:00008140       ?IViewObject_Draw@CComControlBase@ATL@@QEAAJKJPEAXPEAUtagDVTARGETDEVICE@@PEAUHDC__@@2PEBU_RECTL@@3@Z 0000000180009140 f i BillAcceptor.obj
 0001:00008254       ?InPlaceActivate@CComControlBase@ATL@@QEAAJJPEBUtagRECT@@@Z 0000000180009254 f i BillAcceptor.obj
 0001:0000858c       ?Init@?$CComEnumImpl@UIEnumConnectionPoints@@$1?_GUID_b196b285_bab4_101a_b69c_00aa00341d07@@3U__s_GUID@@BPEAUIConnectionPoint@@V?$_CopyInterface@UIConnectionPoint@@@ATL@@@ATL@@QEAAJPEAPEAUIConnectionPoint@@0PEAUIUnknown@@W4CComEnumFlags@2@@Z 000000018000958c f i BillAcceptor.obj
 0001:000086ac       ?Init@?$CComEnumImpl@UIEnumConnections@@$1?_GUID_b196b287_bab4_101a_b69c_00aa00341d07@@3U__s_GUID@@BUtagCONNECTDATA@@V?$_Copy@UtagCONNECTDATA@@@ATL@@@ATL@@QEAAJPEAUtagCONNECTDATA@@0PEAUIUnknown@@W4CComEnumFlags@2@@Z 00000001800096ac f i BillAcceptor.obj
 0001:000087d0       ?IsEqualObject@?$CComPtrBase@UIOleClientSite@@@ATL@@QEAA_NPEAUIUnknown@@@Z 00000001800097d0 f i BillAcceptor.obj
 0001:0000885c       ?LoadNameCache@CComTypeInfoHolder@ATL@@QEAAJPEAUITypeInfo@@@Z 000000018000985c f i BillAcceptor.obj
 0001:000089dc       ?Lookup@?$CSimpleMap@PEA_WPEA_WVCExpansionVectorEqualHelper@ATL@@@ATL@@QEBAPEA_WAEBQEA_W@Z 00000001800099dc f i BillAcceptor.obj
 0001:00008a68       ?NextToken@CRegParser@ATL@@IEAAJPEA_W@Z 0000000180009a68 f i BillAcceptor.obj
 0001:00008c20       ?OnKillFocus@CComControlBase@ATL@@QEAA_JI_K_JAEAH@Z 0000000180009c20 f i BillAcceptor.obj
 0001:00008cbc       ?OnMouseActivate@CComControlBase@ATL@@QEAA_JI_K_JAEAH@Z 0000000180009cbc f i BillAcceptor.obj
 0001:00008d5c       ?OnPaint@CComControlBase@ATL@@QEAA_JI_K_JAEAH@Z 0000000180009d5c f i BillAcceptor.obj
 0001:00008e48       ?OnSetFocus@CComControlBase@ATL@@QEAA_JI_K_JAEAH@Z 0000000180009e48 f i BillAcceptor.obj
 0001:00008f44       ?PreProcessBuffer@CRegParser@ATL@@QEAAJPEA_WPEAPEA_W@Z 0000000180009f44 f i BillAcceptor.obj
 0001:000092c8       ?ProcessWindowMessage@?$CComControl@VCOPOSBillAcceptor@@V?$CWindowImpl@VCOPOSBillAcceptor@@VCWindow@ATL@@V?$CWinTraits@$0FGAAAAAA@$0A@@3@@ATL@@@ATL@@UEAAHPEAUHWND__@@I_K_JAEA_JK@Z 000000018000a2c8 f i BillAcceptor.obj
 0001:000093ac       ?ReadFromStream@CComBSTR@ATL@@QEAAJPEAUIStream@@@Z 000000018000a3ac f i BillAcceptor.obj
 0001:00009508       ?ReadFromStream@CComVariant@ATL@@QEAAJPEAUIStream@@GTClassesAllowedInStream@2@K@Z 000000018000a508 f i BillAcceptor.obj
 0001:00009718       ?RecurseDeleteKey@CRegKey@ATL@@QEAAJPEB_W@Z 000000018000a718 f i BillAcceptor.obj
 0001:00009870       ?RegCreateKeyExW@CAtlTransactionManager@ATL@@QEAAJPEAUHKEY__@@PEB_WKPEA_WKKQEAU_SECURITY_ATTRIBUTES@@PEAPEAU3@PEAK@Z 000000018000a870 f i BillAcceptor.obj
 0001:000099a4       ?RegDeleteKeyW@CAtlTransactionManager@ATL@@QEAAJPEAUHKEY__@@PEB_W@Z 000000018000a9a4 f i BillAcceptor.obj
 0001:00009a30       ?RegOpenKeyExW@CAtlTransactionManager@ATL@@QEAAJPEAUHKEY__@@PEB_WKKPEAPEAU3@@Z 000000018000aa30 f i BillAcceptor.obj
 0001:00009ae8       ?RegisterBuffer@CRegParser@ATL@@QEAAJPEA_WH@Z 000000018000aae8 f i BillAcceptor.obj
 0001:00009c50       ?RegisterFromResource@CRegObject@ATL@@IEAAJPEB_W00H@Z 000000018000ac50 f i BillAcceptor.obj
 0001:00009e0c       ?RegisterServer@CComModule@ATL@@QEAAJHPEBU_GUID@@@Z 000000018000ae0c f i BillAcceptor.obj
 0001:00009ecc       ?RegisterSubkeys@CRegParser@ATL@@IEAAJPEA_WPEAUHKEY__@@HH@Z 000000018000aecc f i BillAcceptor.obj
 0001:0000a738       ?SendOnDataChange@CComControlBase@ATL@@QEAAJK@Z 000000018000b738 f i BillAcceptor.obj
 0001:0000a7a8       ?SetControlFocus@CComControlBase@ATL@@QEAAHH@Z 000000018000b7a8 f i BillAcceptor.obj
 0001:0000a884       ?SkipAssignment@CRegParser@ATL@@IEAAJPEA_W@Z 000000018000b884 f i BillAcceptor.obj
 0001:0000a928       ?Term@CAtlModule@ATL@@QEAAXXZ 000000018000b928 f i BillAcceptor.obj
 0001:0000a9a8       ?Term@CComModule@ATL@@QEAAXXZ 000000018000b9a8 f i BillAcceptor.obj
 0001:0000aa24       ?UnregisterServer@CComModule@ATL@@QEAAJHPEBU_GUID@@@Z 000000018000ba24 f i BillAcceptor.obj
 0001:0000aad4       ?UpdateRegistryFromResource@CAtlModule@ATL@@QEAAJIHPEAU_ATL_REGMAP_ENTRY@2@@Z 000000018000bad4 f i BillAcceptor.obj
 0001:0000ade0       ?UpdateRegistryFromResource@CAtlModule@ATL@@QEAAJPEB_WHPEAU_ATL_REGMAP_ENTRY@2@@Z 000000018000bde0 f i BillAcceptor.obj
 0001:0000b104       ?VTFromRegType@CRegParser@ATL@@KAHPEB_WAEAG@Z 000000018000c104 f i BillAcceptor.obj
 0001:0000b1a0       ?WindowProc@?$CWindowImplBaseT@VCWindow@ATL@@V?$CWinTraits@$0FGAAAAAA@$0A@@2@@ATL@@SA_JPEAUHWND__@@I_K_J@Z 000000018000c1a0 f i BillAcceptor.obj
 0001:0000b30c       ?WriteToStream@CComVariant@ATL@@QEAAJPEAUIStream@@@Z 000000018000c30c f i BillAcceptor.obj
 0001:0000b560       ?WriteToStream@CComVariant@ATL@@QEAAJPEAUIStream@@G@Z 000000018000c560 f i BillAcceptor.obj
 0001:0000b5f8       ?_AtlVerifyStackAvailable@_ATL_SAFE_ALLOCA_IMPL@ATL@@YA_N_K@Z 000000018000c5f8 f i BillAcceptor.obj
 0001:0000b67c       ?atlCreate@?$CWindowImpl@VCOPOSBillAcceptor@@VCWindow@ATL@@V?$CWinTraits@$0FGAAAAAA@$0A@@3@@ATL@@QEAAPEAUHWND__@@PEAU3@V_U_RECT@2@PEB_WKKV_U_MENUorID@2@PEAX@Z 000000018000c67c f i BillAcceptor.obj
 0001:0000b72c       ?atlCreate@?$CWindowImplBaseT@VCWindow@ATL@@V?$CWinTraits@$0FGAAAAAA@$0A@@2@@ATL@@QEAAPEAUHWND__@@PEAU3@V_U_RECT@2@PEB_WKKV_U_MENUorID@2@GPEAX@Z 000000018000c72c f i BillAcceptor.obj
 0001:0000b89c       ?ocscpy_s@@YA_NPEA_W_KPEB_W@Z 000000018000c89c f i BillAcceptor.obj
 0001:0000b94c       DllCanUnloadNow            000000018000c94c f   BillAcceptor.obj
 0001:0000b958       DllGetClassObject          000000018000c958 f   BillAcceptor.obj
 0001:0000b970       DllMain                    000000018000c970 f   BillAcceptor.obj
 0001:0000ba18       DllRegisterServer          000000018000ca18 f   BillAcceptor.obj
 0001:0000ba2c       DllUnregisterServer        000000018000ca2c f   BillAcceptor.obj
 0001:0000ba40       __local_stdio_printf_options 000000018000ca40 f i BillAcceptor.obj
 0001:0000ba48       swprintf_s                 000000018000ca48 f i BillAcceptor.obj
 0001:0000ba9c       ??0COPOSBillAcceptor@@QEAA@XZ 000000018000ca9c f   BillAcceptorImpl.obj
 0001:0000bb60       ??1?$IConnectionPointImpl@VCOPOSBillAcceptor@@$1?IID_IPropertyNotifySink@@3U_GUID@@BVCComDynamicUnkArray@ATL@@@ATL@@QEAA@XZ 000000018000cb60 f i BillAcceptorImpl.obj
 0001:0000bb60       ??1?$IConnectionPointImpl@VCOPOSBillAcceptor@@$1?DIID__IOPOSBillAcceptorEvents@@3U_GUID@@BVCComDynamicUnkArray@ATL@@@ATL@@QEAA@XZ 000000018000cb60 f i BillAcceptorImpl.obj
 0001:0000bbbc       ??1CComControlBase@ATL@@UEAA@XZ 000000018000cbbc f i BillAcceptorImpl.obj
 0001:0000bc38       ??1COPOSBillAcceptor@@UEAA@XZ 000000018000cc38 f   BillAcceptorImpl.obj
 0001:0000bc9c       ?AdjustCashCounts@COPOSBillAcceptor@@UEAAJPEA_WPEAJ@Z 000000018000cc9c f   BillAcceptorImpl.obj
 0001:0000bd24       ?BeginDeposit@COPOSBillAcceptor@@UEAAJPEAJ@Z 000000018000cd24 f   BillAcceptorImpl.obj
 0001:0000bd4c       ?CheckHealth@COPOSBillAcceptor@@UEAAJJPEAJ@Z 000000018000cd4c f   BillAcceptorImpl.obj
 0001:0000bdc8       ?ClaimDevice@COPOSBillAcceptor@@UEAAJJPEAJ@Z 000000018000cdc8 f   BillAcceptorImpl.obj
 0001:0000be68       ?ClearInput@COPOSBillAcceptor@@UEAAJPEAJ@Z 000000018000ce68 f   BillAcceptorImpl.obj
 0001:0000be90       ?Close@COPOSBillAcceptor@@UEAAJPEAJ@Z 000000018000ce90 f   BillAcceptorImpl.obj
 0001:0000bf48       ?CompareFirmwareVersion@COPOSBillAcceptor@@UEAAJPEA_WPEAJ1@Z 000000018000cf48 f   BillAcceptorImpl.obj
 0001:0000c024       ?DirectIO@COPOSBillAcceptor@@UEAAJJPEAJPEAPEA_W0@Z 000000018000d024 f   BillAcceptorImpl.obj
 0001:0000c120       ?DoInvoke@COPOSBillAcceptor@@IEAAJJPEAVOposVariant@@IHPEAJ_N@Z 000000018000d120 f   BillAcceptorImpl.obj
 0001:0000c254       ?EndDeposit@COPOSBillAcceptor@@UEAAJJPEAJ@Z 000000018000d254 f   BillAcceptorImpl.obj
 0001:0000c2d0       ?EventInit@COPOSBillAcceptor@@IEAAJXZ 000000018000d2d0 f i BillAcceptorImpl.obj
 0001:0000c418       ?EventUninit@COPOSBillAcceptor@@IEAAXXZ 000000018000d418 f i BillAcceptorImpl.obj
 0001:0000c47c       ?EventWindowProc@COPOSBillAcceptor@@IEAA_JI_K_J@Z 000000018000d47c f i BillAcceptorImpl.obj
 0001:0000c5b0       ?FinalConstruct@COPOSBillAcceptor@@QEAAJXZ 000000018000d5b0 f   BillAcceptorImpl.obj
 0001:0000c5ec       ?FixDeposit@COPOSBillAcceptor@@UEAAJPEAJ@Z 000000018000d5ec f   BillAcceptorImpl.obj
 0001:0000c614       ?FreezeEvents@COPOSBillAcceptor@@MEAAJH@Z 000000018000d614 f   BillAcceptorImpl.obj
 0001:0000c688       ?GetOposProp@COPOSBillAcceptor@@IEAAJJPEAJJ@Z 000000018000d688 f   BillAcceptorImpl.obj
 0001:0000c7a4       ?GetOposProp@COPOSBillAcceptor@@IEAAJJPEAPEA_WJ@Z 000000018000d7a4 f   BillAcceptorImpl.obj
 0001:0000c8d0       ?OnDraw@COPOSBillAcceptor@@MEAAJAEAUATL_DRAWINFO@@@Z 000000018000d8d0 f   BillAcceptorImpl.obj
 0001:0000c9bc       ?Open@COPOSBillAcceptor@@UEAAJPEA_WPEAJ@Z 000000018000d9bc f   BillAcceptorImpl.obj
 0001:0000d244       ?PauseDeposit@COPOSBillAcceptor@@UEAAJJPEAJ@Z 000000018000e244 f   BillAcceptorImpl.obj
 0001:0000d2c0       ?ReadCashCounts@COPOSBillAcceptor@@UEAAJPEAPEA_WPEAFPEAJ@Z 000000018000e2c0 f   BillAcceptorImpl.obj
 0001:0000d39c       ?ReleaseDevice@COPOSBillAcceptor@@UEAAJPEAJ@Z 000000018000e39c f   BillAcceptorImpl.obj
 0001:0000d408       ?ResetStatistics@COPOSBillAcceptor@@UEAAJPEA_WPEAJ@Z 000000018000e408 f   BillAcceptorImpl.obj
 0001:0000d490       ?RetrieveStatistics@COPOSBillAcceptor@@UEAAJPEAPEA_WPEAJ@Z 000000018000e490 f   BillAcceptorImpl.obj
 0001:0000d518       ?SOProcessID@COPOSBillAcceptor@@UEAAJPEAJ@Z 000000018000e518 f   BillAcceptorImpl.obj
 0001:0000d534       ?SetCOFreezeEvents@COPOSBillAcceptor@@IEAAXF@Z 000000018000e534 f   BillAcceptorImpl.obj
 0001:0000d618       ?SetOposProp@COPOSBillAcceptor@@IEAAJJJJ@Z 000000018000e618 f   BillAcceptorImpl.obj
 0001:0000d778       ?SetOposProp@COPOSBillAcceptor@@IEAAJJPEA_WJ@Z 000000018000e778 f   BillAcceptorImpl.obj
 0001:0000d8d0       ?UpdateFirmware@COPOSBillAcceptor@@UEAAJPEA_WPEAJ@Z 000000018000e8d0 f   BillAcceptorImpl.obj
 0001:0000d958       ?UpdateStatistics@COPOSBillAcceptor@@UEAAJPEA_WPEAJ@Z 000000018000e958 f   BillAcceptorImpl.obj
 0001:0000d9e0       ?get_BinaryConversion@COPOSBillAcceptor@@UEAAJPEAJ@Z 000000018000e9e0 f   BillAcceptorImpl.obj
 0001:0000d9f4       ?get_CapCompareFirmwareVersion@COPOSBillAcceptor@@UEAAJPEAF@Z 000000018000e9f4 f   BillAcceptorImpl.obj
 0001:0000da28       ?get_CapDiscrepancy@COPOSBillAcceptor@@UEAAJPEAF@Z 000000018000ea28 f   BillAcceptorImpl.obj
 0001:0000da5c       ?get_CapFullSensor@COPOSBillAcceptor@@UEAAJPEAF@Z 000000018000ea5c f   BillAcceptorImpl.obj
 0001:0000da90       ?get_CapJamSensor@COPOSBillAcceptor@@UEAAJPEAF@Z 000000018000ea90 f   BillAcceptorImpl.obj
 0001:0000dac4       ?get_CapNearFullSensor@COPOSBillAcceptor@@UEAAJPEAF@Z 000000018000eac4 f   BillAcceptorImpl.obj
 0001:0000daf8       ?get_CapPauseDeposit@COPOSBillAcceptor@@UEAAJPEAF@Z 000000018000eaf8 f   BillAcceptorImpl.obj
 0001:0000db2c       ?get_CapPowerReporting@COPOSBillAcceptor@@UEAAJPEAJ@Z 000000018000eb2c f   BillAcceptorImpl.obj
 0001:0000db40       ?get_CapRealTimeData@COPOSBillAcceptor@@UEAAJPEAF@Z 000000018000eb40 f   BillAcceptorImpl.obj
 0001:0000db74       ?get_CapStatisticsReporting@COPOSBillAcceptor@@UEAAJPEAF@Z 000000018000eb74 f   BillAcceptorImpl.obj
 0001:0000dba8       ?get_CapUpdateFirmware@COPOSBillAcceptor@@UEAAJPEAF@Z 000000018000eba8 f   BillAcceptorImpl.obj
 0001:0000dbdc       ?get_CapUpdateStatistics@COPOSBillAcceptor@@UEAAJPEAF@Z 000000018000ebdc f   BillAcceptorImpl.obj
 0001:0000dc10       ?get_CheckHealthText@COPOSBillAcceptor@@UEAAJPEAPEA_W@Z 000000018000ec10 f   BillAcceptorImpl.obj
 0001:0000dc24       ?get_Claimed@COPOSBillAcceptor@@UEAAJPEAF@Z 000000018000ec24 f   BillAcceptorImpl.obj
 0001:0000dc58       ?get_ControlObjectDescription@COPOSBillAcceptor@@UEAAJPEAPEA_W@Z 000000018000ec58 f   BillAcceptorImpl.obj
 0001:0000dcbc       ?get_ControlObjectVersion@COPOSBillAcceptor@@UEAAJPEAJ@Z 000000018000ecbc f   BillAcceptorImpl.obj
 0001:0000dcc8       ?get_CurrencyCode@COPOSBillAcceptor@@UEAAJPEAPEA_W@Z 000000018000ecc8 f   BillAcceptorImpl.obj
 0001:0000dcdc       ?get_DataCount@COPOSBillAcceptor@@UEAAJPEAJ@Z 000000018000ecdc f   BillAcceptorImpl.obj
 0001:0000dcf0       ?get_DataEventEnabled@COPOSBillAcceptor@@UEAAJPEAF@Z 000000018000ecf0 f   BillAcceptorImpl.obj
 0001:0000dd24       ?get_DepositAmount@COPOSBillAcceptor@@UEAAJPEAJ@Z 000000018000ed24 f   BillAcceptorImpl.obj
 0001:0000dd38       ?get_DepositCashList@COPOSBillAcceptor@@UEAAJPEAPEA_W@Z 000000018000ed38 f   BillAcceptorImpl.obj
 0001:0000dd4c       ?get_DepositCodeList@COPOSBillAcceptor@@UEAAJPEAPEA_W@Z 000000018000ed4c f   BillAcceptorImpl.obj
 0001:0000dd60       ?get_DepositCounts@COPOSBillAcceptor@@UEAAJPEAPEA_W@Z 000000018000ed60 f   BillAcceptorImpl.obj
 0001:0000dd74       ?get_DepositStatus@COPOSBillAcceptor@@UEAAJPEAJ@Z 000000018000ed74 f   BillAcceptorImpl.obj
 0001:0000dd88       ?get_DeviceDescription@COPOSBillAcceptor@@UEAAJPEAPEA_W@Z 000000018000ed88 f   BillAcceptorImpl.obj
 0001:0000dd9c       ?get_DeviceEnabled@COPOSBillAcceptor@@UEAAJPEAF@Z 000000018000ed9c f   BillAcceptorImpl.obj
 0001:0000ddd0       ?get_DeviceName@COPOSBillAcceptor@@UEAAJPEAPEA_W@Z 000000018000edd0 f   BillAcceptorImpl.obj
 0001:0000dde4       ?get_FreezeEvents@COPOSBillAcceptor@@UEAAJPEAF@Z 000000018000ede4 f   BillAcceptorImpl.obj
 0001:0000de14       ?get_FullStatus@COPOSBillAcceptor@@UEAAJPEAJ@Z 000000018000ee14 f   BillAcceptorImpl.obj
 0001:0000de28       ?get_OpenResult@COPOSBillAcceptor@@UEAAJPEAJ@Z 000000018000ee28 f   BillAcceptorImpl.obj
 0001:0000de34       ?get_PowerNotify@COPOSBillAcceptor@@UEAAJPEAJ@Z 000000018000ee34 f   BillAcceptorImpl.obj
 0001:0000de48       ?get_PowerState@COPOSBillAcceptor@@UEAAJPEAJ@Z 000000018000ee48 f   BillAcceptorImpl.obj
 0001:0000de5c       ?get_RealTimeDataEnabled@COPOSBillAcceptor@@UEAAJPEAF@Z 000000018000ee5c f   BillAcceptorImpl.obj
 0001:0000de90       ?get_ResultCode@COPOSBillAcceptor@@UEAAJPEAJ@Z 000000018000ee90 f   BillAcceptorImpl.obj
 0001:0000decc       ?get_ResultCodeExtended@COPOSBillAcceptor@@UEAAJPEAJ@Z 000000018000eecc f   BillAcceptorImpl.obj
 0001:0000dee0       ?get_ServiceObjectDescription@COPOSBillAcceptor@@UEAAJPEAPEA_W@Z 000000018000eee0 f   BillAcceptorImpl.obj
 0001:0000def4       ?get_ServiceObjectVersion@COPOSBillAcceptor@@UEAAJPEAJ@Z 000000018000eef4 f   BillAcceptorImpl.obj
 0001:0000df08       ?get_State@COPOSBillAcceptor@@UEAAJPEAJ@Z 000000018000ef08 f   BillAcceptorImpl.obj
 0001:0000df34       ?put_BinaryConversion@COPOSBillAcceptor@@UEAAJJ@Z 000000018000ef34 f   BillAcceptorImpl.obj
 0001:0000df48       ?put_CurrencyCode@COPOSBillAcceptor@@UEAAJPEA_W@Z 000000018000ef48 f   BillAcceptorImpl.obj
 0001:0000df5c       ?put_DataEventEnabled@COPOSBillAcceptor@@UEAAJF@Z 000000018000ef5c f   BillAcceptorImpl.obj
 0001:0000df74       ?put_DeviceEnabled@COPOSBillAcceptor@@UEAAJF@Z 000000018000ef74 f   BillAcceptorImpl.obj
 0001:0000df8c       ?put_FreezeEvents@COPOSBillAcceptor@@UEAAJF@Z 000000018000ef8c f   BillAcceptorImpl.obj
 0001:0000dfdc       ?put_PowerNotify@COPOSBillAcceptor@@UEAAJJ@Z 000000018000efdc f   BillAcceptorImpl.obj
 0001:0000dff0       ?put_RealTimeDataEnabled@COPOSBillAcceptor@@UEAAJF@Z 000000018000eff0 f   BillAcceptorImpl.obj
 0001:0000e00c       ?s_EventWindowProc@COPOSBillAcceptor@@KA_JPEAUHWND__@@I_K_J@Z 000000018000f00c f i BillAcceptorImpl.obj
 0001:0000e088       ??_U@YAPEAX_K@Z            000000018000f088 f   LIBCMT:new_array.obj
 0001:0000e090       ??3@YAXPEAX_K@Z            000000018000f090 f   LIBCMT:delete_scalar_size.obj
 0001:0000e090       ??_V@YAXPEAX@Z             000000018000f090 f   LIBCMT:delete_array.obj
 0001:0000e098       ??_V@YAXPEAX_K@Z           000000018000f098 f   LIBCMT:delete_array_size.obj
 0001:0000e0a0       __scrt_acquire_startup_lock 000000018000f0a0 f   LIBCMT:utility.obj
 0001:0000e0dc       __scrt_dllmain_after_initialize_c 000000018000f0dc f   LIBCMT:utility.obj
 0001:0000e110       __scrt_dllmain_before_initialize_c 000000018000f110 f   LIBCMT:utility.obj
 0001:0000e128       __scrt_dllmain_crt_thread_attach 000000018000f128 f   LIBCMT:utility.obj
 0001:0000e150       __scrt_dllmain_crt_thread_detach 000000018000f150 f   LIBCMT:utility.obj
 0001:0000e168       __scrt_dllmain_exception_filter 000000018000f168 f   LIBCMT:utility.obj
 0001:0000e1c8       __scrt_dllmain_uninitialize_c 000000018000f1c8 f   LIBCMT:utility.obj
 0001:0000e1f8       __scrt_dllmain_uninitialize_critical 000000018000f1f8 f   LIBCMT:utility.obj
 0001:0000e20c       __scrt_initialize_crt      000000018000f20c f   LIBCMT:utility.obj
 0001:0000e258       __scrt_initialize_onexit_tables 000000018000f258 f   LIBCMT:utility.obj
 0001:0000e2e4       __scrt_is_nonwritable_in_current_image 000000018000f2e4 f   LIBCMT:utility.obj
 0001:0000e37c       __scrt_release_startup_lock 000000018000f37c f   LIBCMT:utility.obj
 0001:0000e3a0       __scrt_uninitialize_crt    000000018000f3a0 f   LIBCMT:utility.obj
 0001:0000e3cc       _onexit                    000000018000f3cc f   LIBCMT:utility.obj
 0001:0000e408       atexit                     000000018000f408 f   LIBCMT:utility.obj
 0001:0000e420       ??3@YAXPEAX@Z              000000018000f420 f   LIBCMT:delete_scalar.obj
 0001:0000e520       _Init_thread_footer        000000018000f520 f   LIBCMT:thread_safe_statics.obj
 0001:0000e580       _Init_thread_header        000000018000f580 f   LIBCMT:thread_safe_statics.obj
 0001:0000e5e8       _Init_thread_notify        000000018000f5e8 f   LIBCMT:thread_safe_statics.obj
 0001:0000e62c       _Init_thread_wait          000000018000f62c f   LIBCMT:thread_safe_statics.obj
 0001:0000e690       __raise_securityfailure    000000018000f690 f   LIBCMT:gs_report.obj
 0001:0000e6c4       __report_gsfailure         000000018000f6c4 f   LIBCMT:gs_report.obj
 0001:0000e798       __report_rangecheckfailure 000000018000f798 f   LIBCMT:gs_report.obj
 0001:0000e7ac       __report_securityfailure   000000018000f7ac f   LIBCMT:gs_report.obj
 0001:0000e92c       ??2@YAPEAX_KAEBUnothrow_t@std@@@Z 000000018000f92c f   LIBCMT:new_scalar_nothrow.obj
 0001:0000e94c       ??_U@YAPEAX_KAEBUnothrow_t@std@@@Z 000000018000f94c f   LIBCMT:new_array_nothrow.obj
 0001:0000e954       __GSHandlerCheck           000000018000f954 f   LIBCMT:gshandler.obj
 0001:0000e974       __GSHandlerCheckCommon     000000018000f974 f   LIBCMT:gshandler.obj
 0001:0000e9d0       __GSHandlerCheck_SEH       000000018000f9d0 f   LIBCMT:gshandlerseh.obj
 0001:0000ea70       _alloca_probe              000000018000fa70 f   LIBCMT:chkstk.obj
 0001:0000ea70       __chkstk                   000000018000fa70 f   LIBCMT:chkstk.obj
 0001:0000eae0       __security_check_cookie    000000018000fae0 f   LIBCMT:amdsecgs.obj
 0001:0000ee24       _DllMainCRTStartup         000000018000fe24 f   LIBCMT:dll_dllmain.obj
 0001:0000ee64       ??2@YAPEAX_K@Z             000000018000fe64 f   LIBCMT:new_scalar.obj
 0001:0000eea0       __isa_available_init       000000018000fea0 f   LIBCMT:cpu_disp.obj
 0001:0000f044       __scrt_is_ucrt_dll_in_use  0000000180010044 f   LIBCMT:ucrt_detection.obj
 0001:0000f050       __crt_debugger_hook        0000000180010050 f   LIBCMT:utility_desktop.obj
 0001:0000f058       __scrt_fastfail            0000000180010058 f   LIBCMT:utility_desktop.obj
 0001:0000f1a4       __security_init_cookie     00000001800101a4 f   LIBCMT:gs_support.obj
 0001:0000f250       ?__scrt_initialize_type_info@@YAXXZ 0000000180010250 f   LIBCMT:tncleanup.obj
 0001:0000f260       ?__scrt_uninitialize_type_info@@YAXXZ 0000000180010260 f   LIBCMT:tncleanup.obj
 0001:0000f26c       __local_stdio_scanf_options 000000018001026c f i LIBCMT:default_local_stdio_options.obj
 0001:0000f274       __scrt_initialize_default_local_stdio_options 0000000180010274 f   LIBCMT:default_local_stdio_options.obj
 0001:0000f290       __scrt_get_dyn_tls_init_callback 0000000180010290 f   LIBCMT:dyn_tls_init.obj
 0001:0000f298       _RTC_Initialize            0000000180010298 f   LIBCMT:initsect.obj
 0001:0000f2d4       _RTC_Terminate             00000001800102d4 f   LIBCMT:initsect.obj
 0001:0000f310       ??0bad_alloc@std@@QEAA@AEBV01@@Z 0000000180010310 f i LIBCMT:throw_bad_alloc.obj
 0001:0000f34c       ??0bad_alloc@std@@QEAA@XZ  000000018001034c f i LIBCMT:throw_bad_alloc.obj
 0001:0000f36c       ??0bad_array_new_length@std@@QEAA@AEBV01@@Z 000000018001036c f i LIBCMT:throw_bad_alloc.obj
 0001:0000f3a8       ??0bad_array_new_length@std@@QEAA@XZ 00000001800103a8 f i LIBCMT:throw_bad_alloc.obj
 0001:0000f3c8       ??0exception@std@@QEAA@AEBV01@@Z 00000001800103c8 f i LIBCMT:throw_bad_alloc.obj
 0001:0000f3fc       ??1bad_exception@std@@UEAA@XZ 00000001800103fc f i libvcruntime:frame.obj
 0001:0000f3fc       ??1bad_array_new_length@std@@UEAA@XZ 00000001800103fc f i LIBCMT:throw_bad_alloc.obj
 0001:0000f3fc       ??1bad_alloc@std@@UEAA@XZ  00000001800103fc f i LIBCMT:throw_bad_alloc.obj
 0001:0000f410       ??_Gexception@std@@UEAAPEAXI@Z 0000000180010410 f i LIBCMT:throw_bad_alloc.obj
 0001:0000f410       ??_Ebad_array_new_length@std@@UEAAPEAXI@Z 0000000180010410 f i LIBCMT:throw_bad_alloc.obj
 0001:0000f410       ??_Gbad_exception@std@@UEAAPEAXI@Z 0000000180010410 f i libvcruntime:frame.obj
 0001:0000f410       ??_Eexception@std@@UEAAPEAXI@Z 0000000180010410 f i LIBCMT:throw_bad_alloc.obj
 0001:0000f410       ??_Ebad_alloc@std@@UEAAPEAXI@Z 0000000180010410 f i LIBCMT:throw_bad_alloc.obj
 0001:0000f410       ??_Gbad_array_new_length@std@@UEAAPEAXI@Z 0000000180010410 f i LIBCMT:throw_bad_alloc.obj
 0001:0000f410       ??_Ebad_exception@std@@UEAAPEAXI@Z 0000000180010410 f i libvcruntime:frame.obj
 0001:0000f410       ??_Gbad_alloc@std@@UEAAPEAXI@Z 0000000180010410 f i LIBCMT:throw_bad_alloc.obj
 0001:0000f454       ?__scrt_throw_std_bad_alloc@@YAXXZ 0000000180010454 f   LIBCMT:throw_bad_alloc.obj
 0001:0000f474       ?__scrt_throw_std_bad_array_new_length@@YAXXZ 0000000180010474 f   LIBCMT:throw_bad_alloc.obj
 0001:0000f494       ?what@exception@std@@UEBAPEBDXZ 0000000180010494 f i LIBCMT:throw_bad_alloc.obj
 0001:0000f4b0       ??_Gtype_info@@UEAAPEAXI@Z 00000001800104b0 f i LIBCMT:std_type_info_static.obj
 0001:0000f4b0       ??_Etype_info@@UEAAPEAXI@Z 00000001800104b0 f i LIBCMT:std_type_info_static.obj
 0001:0000f4dc       ??0CAtlBaseModule@ATL@@QEAA@XZ 00000001800104dc f   atls:atlbase.obj
 0001:0000f584       ??1CAtlBaseModule@ATL@@QEAA@XZ 0000000180010584 f   atls:atlbase.obj
 0001:0000f6b8       ?__AllocStdCallThunk_cmn@@YAPEAXXZ 00000001800106b8 f   atls:atlthunk.obj
 0001:0000f810       AtlThunk_AllocateData      0000000180010810 f   atls:atlthunk.obj
 0001:0000f88c       AtlThunk_DataToCode        000000018001088c f   atls:atlthunk.obj
 0001:0000f8e0       AtlThunk_FreeData          00000001800108e0 f   atls:atlthunk.obj
 0001:0000f940       AtlThunk_InitData          0000000180010940 f   atls:atlthunk.obj
 0001:0000f9e8       _get_purecall_handler      00000001800109e8 f   libvcruntime:purevirt.obj
[...]
 0004:000017ac       $pdata$?try_get_function@@YAPEAXW4function_id@?A0x391cf84c@@QEBDQEBW4module_id@2@2@Z 00000001800347ac     libucrt:winapi_thunks.obj
 0004:000017b8       $pdata$wcstol              00000001800347b8     libucrt:strtox.obj
 0004:000017c4       $pdata$_mbtowc_l           00000001800347c4     libucrt:mbtowc.obj
 0004:000017d0       $pdata$__acrt_update_locale_info 00000001800347d0     libucrt:locale_update.obj
 0004:000017dc       $pdata$__acrt_update_multibyte_info 00000001800347dc     libucrt:locale_update.obj
 0004:000017e8       $pdata$__acrt_fp_format    00000001800347e8     libucrt:cvt.obj
 0004:000017f4       $pdata$?fp_format_e_internal@@YAHQEAD_KH_NIQEAU_strflt@@2QEAU__crt_locale_pointers@@@Z 00000001800347f4     libucrt:cvt.obj
 0004:00001800       $pdata$?fp_format_e@@YAHQEBNQEAD_K12H_NIQEAU__crt_locale_pointers@@@Z 0000000180034800     libucrt:cvt.obj
 0004:0000180c       $pdata$?fp_format_a@@YAHQEBNPEAD_KQEAD2H_NIQEAU__crt_locale_pointers@@@Z 000000018003480c     libucrt:cvt.obj
 0004:00001818       $pdata$?fp_format_f_internal@@YAHQEAD_KHQEAU_strflt@@_NQEAU__crt_locale_pointers@@@Z 0000000180034818     libucrt:cvt.obj
 0004:00001824       $pdata$?fp_format_g@@YAHQEBNQEAD_K12H_NIQEAU__crt_locale_pointers@@@Z 0000000180034824     libucrt:cvt.obj
 0004:00001830       $pdata$_fileno             0000000180034830     libucrt:fileno.obj
 0004:0000183c       $pdata$__acrt_initialize_stdio 000000018003483c     libucrt:_file.obj
 0004:00001848       $pdata$__acrt_uninitialize_stdio 0000000180034848     libucrt:_file.obj
 0004:00001854       $pdata$__acrt_uninitialize_locale 0000000180034854     libucrt:wsetlocale.obj
 0004:00001860       $pdata$??$?RV<lambda_410d79af7f07d98d83a3f525b3859a53>@@AEAV<lambda_3e16ef9562a7dcce91392c22ab16ea36>@@V<lambda_38119f0e861e05405d8a144b9b982f0a>@@@?$__crt_seh_guarded_call@X@@QEAAX$$QEAV<lambda_410d79af7f07d98d83a3f525b3859a53>@@AEAV<lambda_3e16ef9562a7dcce91392c22ab16ea36>@@$$QEAV<lambda_38119f0e861e05405d8a144b9b982f0a>@@@Z 0000000180034860     libucrt:wsetlocale.obj
 0004:0000186c       $pdata$?fin$0@?0???$?RV<lambda_410d79af7f07d98d83a3f525b3859a53>@@AEAV<lambda_3e16ef9562a7dcce91392c22ab16ea36>@@V<lambda_38119f0e861e05405d8a144b9b982f0a>@@@?$__crt_seh_guarded_call@X@@QEAAX$$QEAV<lambda_410d79af7f07d98d83a3f525b3859a53>@@AEAV<lambda_3e16ef9562a7dcce91392c22ab16ea36>@@$$QEAV<lambda_38119f0e861e05405d8a144b9b982f0a>@@@Z@4HA 000000018003486c     libucrt:wsetlocale.obj
 0004:00001878       $pdata$__acrt_initialize_lowio 0000000180034878     libucrt:ioinit.obj
 0004:00001884       $pdata$__acrt_initialize_lowio$fin$0 0000000180034884     libucrt:ioinit.obj
 0004:00001884       $pdata$__acrt_lowio_ensure_fh_exists$fin$0 0000000180034884     libucrt:osfinfo.obj
 0004:00001890       $pdata$__acrt_uninitialize_lowio 0000000180034890     libucrt:ioinit.obj
 0004:0000189c       $pdata$?initialize_inherited_file_handles_nolock@@YAXXZ 000000018003489c     libucrt:ioinit.obj
 0004:000018a8       $pdata$?initialize_stdio_handles_nolock@@YAXXZ 00000001800348a8     libucrt:ioinit.obj
 0004:000018b4       $pdata$__acrt_initialize_locks 00000001800348b4     libucrt:locks.obj
 0004:000018c0       $pdata$__acrt_uninitialize_locks 00000001800348c0     libucrt:locks.obj
 0004:000018cc       $pdata$__acrt_get_process_end_policy 00000001800348cc     libucrt:win_policies.obj
 0004:000018d8       $pdata$??$__acrt_mbs_to_wcs_cp@U__crt_win32_buffer_internal_dynamic_resizing@@@@YAHQEBDAEAV?$__crt_win32_buffer@_WU__crt_win32_buffer_internal_dynamic_resizing@@@@I@Z 00000001800348d8     libucrt:argv_wildcards.obj
 0004:000018e4       $pdata$??$__acrt_wcs_to_mbs_cp@U__crt_win32_buffer_internal_dynamic_resizing@@@@YAHQEB_WAEAV?$__crt_win32_buffer@DU__crt_win32_buffer_internal_dynamic_resizing@@@@I@Z 00000001800348e4     libucrt:argv_wildcards.obj
 0004:000018f0       $pdata$??$common_expand_argv_wildcards@D@@YAHQEAPEADQEAPEAPEAD@Z 00000001800348f0     libucrt:argv_wildcards.obj
 0004:000018fc       $pdata$??$copy_and_add_argument_to_buffer@D@@YAHQEBD0_KAEAV?$argument_list@D@?A0x5f5c8891@@@Z 00000001800348fc     libucrt:argv_wildcards.obj
 0004:00001908       $pdata$??$expand_argument_wildcards@D@@YAHQEAD0AEAV?$argument_list@D@?A0x5f5c8891@@@Z 0000000180034908     libucrt:argv_wildcards.obj
 0004:00001914       $pdata$__acrt_GetModuleFileNameA 0000000180034914     libucrt:getmodulefilenamea.obj
 0004:00001920       $pdata$??$__acrt_wcs_to_mbs_cp@U__crt_win32_buffer_no_resizing@@@@YAHQEB_WAEAV?$__crt_win32_buffer@DU__crt_win32_buffer_no_resizing@@@@I@Z 0000000180034920     libucrt:getmodulefilenamea.obj
 0004:0000192c       $pdata$__acrt_update_thread_multibyte_data 000000018003492c     libucrt:mbctype.obj
 0004:00001938       $pdata$__acrt_initialize_multibyte 0000000180034938     libucrt:mbctype.obj
 0004:00001944       $pdata$_setmbcp_nolock     0000000180034944     libucrt:mbctype.obj
 0004:00001950       $pdata$?getSystemCP@@YAHH@Z 0000000180034950     libucrt:mbctype.obj
 0004:0000195c       $pdata$?setSBCS@@YAXPEAU__crt_multibyte_data@@@Z 000000018003495c     libucrt:mbctype.obj
 0004:00001968       $pdata$?update_thread_multibyte_data_internal@@YAPEAU__crt_multibyte_data@@QEAU__acrt_ptd@@QEAPEAU1@@Z 0000000180034968     libucrt:mbctype.obj
 0004:00001974       $pdata$?fin$0@?0??update_thread_multibyte_data_internal@@YAPEAU__crt_multibyte_data@@QEAU__acrt_ptd@@QEAPEAU1@@Z@4HA 0000000180034974     libucrt:mbctype.obj
 0004:00001980       $pdata$?setmbcp_internal@@YAHH_NQEAU__acrt_ptd@@QEAPEAU__crt_multibyte_data@@@Z 0000000180034980     libucrt:mbctype.obj
 0004:0000198c       $pdata$?setSBUpLow@@YAXPEAU__crt_multibyte_data@@@Z 000000018003498c     libucrt:mbctype.obj
 0004:00001998       $pdata$??$?RV<lambda_efdfa57d1f175319df784efa44bb7b81>@@AEAV<lambda_5f0a4c1567f8adc6734073e5d1e1b35c>@@V<lambda_2e8a7d3640ea6ccb4c2413664c2db6fd>@@@?$__crt_seh_guarded_call@X@@QEAAX$$QEAV<lambda_efdfa57d1f175319df784efa44bb7b81>@@AEAV<lambda_5f0a4c1567f8adc6734073e5d1e1b35c>@@$$QEAV<lambda_2e8a7d3640ea6ccb4c2413664c2db6fd>@@@Z 0000000180034998     libucrt:mbctype.obj
 0004:000019a4       $pdata$?x_ismbbtype_l@@YAHPEAU__crt_locale_pointers@@IHH@Z 00000001800349a4     libucrt:ismbbyte.obj
 0004:000019b0       $pdata$__acrt_initialize_command_line 00000001800349b0     libucrt:argv_data.obj
 0004:000019bc       $pdata$__acrt_WideCharToMultiByte 00000001800349bc     libucrt:widechartomultibyte.obj
 0004:000019c8       $pdata$__dcrt_get_narrow_environment_from_os 00000001800349c8     libucrt:get_environment_from_os.obj
 0004:000019d4       $pdata$__acrt_initialize_heap 00000001800349d4     libucrt:heap_handle.obj
 0004:000019e0       $pdata$__acrt_execute_initializers 00000001800349e0     libucrt:shared_initialization.obj
 0004:000019ec       $pdata$__acrt_execute_uninitializers 00000001800349ec     libucrt:shared_initialization.obj
 0004:000019f8       $pdata$__acrt_get_sigabrt_handler 00000001800349f8     libucrt:signal.obj
 0004:00001a04       $pdata$raise               0000000180034a04     libucrt:signal.obj
 0004:00001a10       $pdata$raise$fin$0         0000000180034a10     libucrt:signal.obj
 0004:00001a1c       $pdata$??$?RV<lambda_450d765d439847d4c735a33c368b5fc0>@@AEAV<lambda_44731a7d0e6d81c3e6aa82d741081786>@@V<lambda_601a2a7da3b7a96e9554ac7215c4b07c>@@@?$__crt_seh_guarded_call@P6AXH@Z@@QEAAP6AXH@Z$$QEAV<lambda_450d765d439847d4c735a33c368b5fc0>@@AEAV<lambda_44731a7d0e6d81c3e6aa82d741081786>@@$$QEAV<lambda_601a2a7da3b7a96e9554ac7215c4b07c>@@@Z 0000000180034a1c     libucrt:signal.obj
 0004:00001a28       $pdata$_fflush_nolock      0000000180034a28     libucrt:fflush.obj
 0004:00001a34       $pdata$__acrt_stdio_flush_nolock 0000000180034a34     libucrt:fflush.obj
 0004:00001a40       $pdata$?common_flush_all@@YAH_N@Z 0000000180034a40     libucrt:fflush.obj
 0004:00001a4c       $pdata$??$?RV<lambda_842d9ff0dc9ef11c61343bbaebe7f885>@@AEAV<lambda_c5860995281e5c4ce005b3de8f5874ee>@@V<lambda_d90129c13df834fdcbf8d2b88dafcf2d>@@@?$__crt_seh_guarded_call@X@@QEAAX$$QEAV<lambda_842d9ff0dc9ef11c61343bbaebe7f885>@@AEAV<lambda_c5860995281e5c4ce005b3de8f5874ee>@@$$QEAV<lambda_d90129c13df834fdcbf8d2b88dafcf2d>@@@Z 0000000180034a4c     libucrt:fflush.obj
 0004:00001a58       $pdata$?fin$0@?0???$?RV<lambda_842d9ff0dc9ef11c61343bbaebe7f885>@@AEAV<lambda_c5860995281e5c4ce005b3de8f5874ee>@@V<lambda_d90129c13df834fdcbf8d2b88dafcf2d>@@@?$__crt_seh_guarded_call@X@@QEAAX$$QEAV<lambda_842d9ff0dc9ef11c61343bbaebe7f885>@@AEAV<lambda_c5860995281e5c4ce005b3de8f5874ee>@@$$QEAV<lambda_d90129c13df834fdcbf8d2b88dafcf2d>@@@Z@4HA 0000000180034a58     libucrt:fflush.obj
 0004:00001a64       $pdata$??$?RV<lambda_886d6c58226a84441f68b9f2b8217b83>@@AEAV<lambda_ab61a845afdef5b7c387490eaf3616ee>@@V<lambda_f7f22ab5edc0698d5f6905b0d3f44752>@@@?$__crt_seh_guarded_call@X@@QEAAX$$QEAV<lambda_886d6c58226a84441f68b9f2b8217b83>@@AEAV<lambda_ab61a845afdef5b7c387490eaf3616ee>@@$$QEAV<lambda_f7f22ab5edc0698d5f6905b0d3f44752>@@@Z 0000000180034a64     libucrt:fflush.obj
 0004:00001a70       $pdata$?fin$0@?0???$?RV<lambda_886d6c58226a84441f68b9f2b8217b83>@@AEAV<lambda_ab61a845afdef5b7c387490eaf3616ee>@@V<lambda_f7f22ab5edc0698d5f6905b0d3f44752>@@@?$__crt_seh_guarded_call@X@@QEAAX$$QEAV<lambda_886d6c58226a84441f68b9f2b8217b83>@@AEAV<lambda_ab61a845afdef5b7c387490eaf3616ee>@@$$QEAV<lambda_f7f22ab5edc0698d5f6905b0d3f44752>@@@Z@4HA 0000000180034a70     libucrt:fflush.obj
 0004:00001a7c       $pdata$__pctype_func       0000000180034a7c     libucrt:ctype.obj
 0004:00001a88       $pdata$iswctype            0000000180034a88     libucrt:iswctype.obj
 0004:00001a94       $pdata$__acrt_release_locale_ref 0000000180034a94     libucrt:locale_refcounting.obj
 0004:00001aa0       $pdata$__acrt_free_locale  0000000180034aa0     libucrt:locale_refcounting.obj
 0004:00001aac       $pdata$__acrt_locale_free_lc_time_if_unreferenced 0000000180034aac     libucrt:locale_refcounting.obj
 0004:00001ab8       $pdata$__acrt_update_thread_locale_data 0000000180034ab8     libucrt:locale_refcounting.obj
 0004:00001ac4       $pdata$__acrt_update_thread_locale_data$fin$0 0000000180034ac4     libucrt:locale_refcounting.obj
 0004:00001ad0       $pdata$_updatetlocinfoEx_nolock 0000000180034ad0     libucrt:locale_refcounting.obj
 0004:00001adc       $pdata$__acrt_DownlevelLocaleNameToLCID 0000000180034adc     libucrt:lcidtoname_downlevel.obj
 0004:00001ae8       $pdata$_isleadbyte_l       0000000180034ae8     libucrt:_wctype.obj
 0004:00001af4       $pdata$?__mbrtowc_utf8@__crt_mbstring@@YA_KPEA_WPEBD_KPEAU_Mbstatet@@@Z 0000000180034af4     libucrt:mbrtowc.obj
 0004:00001b00       $pdata$?__mbsrtowcs_utf8@__crt_mbstring@@YA_KPEA_WPEAPEBD_KPEAU_Mbstatet@@@Z 0000000180034b00     libucrt:mbrtowc.obj
 0004:00001b0c       $pdata$__acrt_fp_strflt_to_string 0000000180034b0c     libucrt:_fptostr.obj
 0004:00001b18       $pdata$memcpy_s            0000000180034b18     libucrt:cfout.obj
 0004:00001b24       $pdata$__acrt_fltout       0000000180034b24     libucrt:cfout.obj
 0004:00001b30       $pdata$?divide@__crt_strtox@@YA_KAEAUbig_integer@1@AEBU21@@Z 0000000180034b30     libucrt:cfout.obj
 0004:00001b3c       $pdata$0$?divide@__crt_strtox@@YA_KAEAUbig_integer@1@AEBU21@@Z 0000000180034b3c     libucrt:cfout.obj
 0004:00001b48       $pdata$1$?divide@__crt_strtox@@YA_KAEAUbig_integer@1@AEBU21@@Z 0000000180034b48     libucrt:cfout.obj
 0004:00001b54       $pdata$_fcloseall          0000000180034b54     libucrt:closeall.obj
 0004:00001b60       $pdata$_fcloseall$fin$0    0000000180034b60     libucrt:closeall.obj
 0004:00001b6c       $pdata$__acrt_stdio_free_buffer_nolock 0000000180034b6c     libucrt:_freebuf.obj
 0004:00001b78       $pdata$_isatty             0000000180034b78     libucrt:isatty.obj
 0004:00001b84       $pdata$__acrt_locale_free_monetary 0000000180034b84     libucrt:initmon.obj
 0004:00001b90       $pdata$__acrt_locale_free_numeric 0000000180034b90     libucrt:initnum.obj
 0004:00001b9c       $pdata$__acrt_locale_free_time 0000000180034b9c     libucrt:inittime.obj
 0004:00001ba8       $pdata$?free_crt_array_internal@@YAXQEAPEBX_K@Z 0000000180034ba8     libucrt:inittime.obj
 0004:00001bb4       $pdata$__acrt_GetStringTypeA 0000000180034bb4     libucrt:getstringtypea.obj
 0004:00001bc0       $pdata$_get_osfhandle      0000000180034bc0     libucrt:osfinfo.obj
 0004:00001bcc       $pdata$_free_osfhnd        0000000180034bcc     libucrt:osfinfo.obj
 0004:00001bd8       $pdata$__acrt_lowio_create_handle_array 0000000180034bd8     libucrt:osfinfo.obj
 0004:00001be4       $pdata$__acrt_lowio_destroy_handle_array 0000000180034be4     libucrt:osfinfo.obj
 0004:00001bf0       $pdata$__acrt_lowio_ensure_fh_exists 0000000180034bf0     libucrt:osfinfo.obj
 0004:00001bfc       $pdata$qsort               0000000180034bfc     libucrt:qsort.obj
 0004:00001c08       $pdata$4$qsort             0000000180034c08     libucrt:qsort.obj
 0004:00001c14       $pdata$5$qsort             0000000180034c14     libucrt:qsort.obj
 0004:00001c20       $pdata$strncpy_s           0000000180034c20     libucrt:strncpy_s.obj
 0004:00001c2c       $pdata$strpbrk             0000000180034c2c     libucrt:strpbrk.obj
 0004:00001c38       $pdata$fallbackMethod      0000000180034c38     libucrt:strpbrk.obj
 0004:00001c44       $pdata$_mbsdec_l           0000000180034c44     libucrt:mbsdec.obj
 0004:00001c50       $pdata$__acrt_LCMapStringA 0000000180034c50     libucrt:lcmapstringa.obj
 0004:00001c5c       $pdata$?__acrt_LCMapStringA_stat@@YAHPEAU__crt_locale_pointers@@PEB_WKPEBDHPEADHHH@Z 0000000180034c5c     libucrt:lcmapstringa.obj
 0004:00001c68       $pdata$?initialize_multibyte@@YAHXZ 0000000180034c68     libucrt:multibyte_initializer.obj
 0004:00001c74       $pdata$_commit             0000000180034c74     libucrt:commit.obj
 0004:00001c80       $pdata$??$?RV<lambda_a37b2b86f63e897a80ea819b0eb08c01>@@AEAV<lambda_38ce7e780aa69e748d6df282ebc68efe>@@V<lambda_99fb1378e971ab6e7edea83e3a7a83a2>@@@?$__crt_seh_guarded_call@H@@QEAAH$$QEAV<lambda_a37b2b86f63e897a80ea819b0eb08c01>@@AEAV<lambda_38ce7e780aa69e748d6df282ebc68efe>@@$$QEAV<lambda_99fb1378e971ab6e7edea83e3a7a83a2>@@@Z 0000000180034c80     libucrt:commit.obj
 0004:00001c8c       $pdata$?fin$0@?0???$?RV<lambda_751a882b2c74d4b022dec766aa51a29a>@@AEAV<lambda_628dfdc04ba53c8bfc02c9951375f3f5>@@V<lambda_f6c7be5f7998530c34de24c7437d6b54>@@@?$__crt_seh_guarded_call@H@@QEAAH$$QEAV<lambda_751a882b2c74d4b022dec766aa51a29a>@@AEAV<lambda_628dfdc04ba53c8bfc02c9951375f3f5>@@$$QEAV<lambda_f6c7be5f7998530c34de24c7437d6b54>@@@Z@4HA 0000000180034c8c     libucrt:close.obj
 0004:00001c8c       $pdata$?fin$0@?0???$?RV<lambda_a37b2b86f63e897a80ea819b0eb08c01>@@AEAV<lambda_38ce7e780aa69e748d6df282ebc68efe>@@V<lambda_99fb1378e971ab6e7edea83e3a7a83a2>@@@?$__crt_seh_guarded_call@H@@QEAAH$$QEAV<lambda_a37b2b86f63e897a80ea819b0eb08c01>@@AEAV<lambda_38ce7e780aa69e748d6df282ebc68efe>@@$$QEAV<lambda_99fb1378e971ab6e7edea83e3a7a83a2>@@@Z@4HA 0000000180034c8c     libucrt:commit.obj
 0004:00001c98       $pdata$_write              0000000180034c98     libucrt:write.obj
 0004:00001ca4       $pdata$_write$fin$0        0000000180034ca4     libucrt:write.obj
 0004:00001cb0       $pdata$_write_nolock       0000000180034cb0     libucrt:write.obj
 0004:00001cbc       $pdata$?write_double_translated_ansi_nolock@@YA?AUwrite_result@?A0x17268360@@HQEBDI@Z 0000000180034cbc     libucrt:write.obj
 0004:00001cc8       $pdata$?write_text_ansi_nolock@@YA?AUwrite_result@?A0x17268360@@HQEBDI@Z 0000000180034cc8     libucrt:write.obj
 0004:00001cd4       $pdata$?write_text_utf16le_nolock@@YA?AUwrite_result@?A0x17268360@@HQEBDI@Z 0000000180034cd4     libucrt:write.obj
 0004:00001ce0       $pdata$?write_text_utf8_nolock@@YA?AUwrite_result@?A0x17268360@@HQEBDI@Z 0000000180034ce0     libucrt:write.obj
 0004:00001cec       $pdata$?__mbrtoc32_utf8@__crt_mbstring@@YA_KPEA_UPEBD_KPEAU_Mbstatet@@@Z 0000000180034cec     libucrt:mbrtoc32.obj
 0004:00001cf8       $pdata$fegetenv            0000000180034cf8     libucrt:fegetenv.obj
 0004:00001d04       $pdata$fesetenv            0000000180034d04     libucrt:fesetenv.obj
 0004:00001d10       $pdata$feholdexcept        0000000180034d10     libucrt:feholdexcept.obj
 0004:00001d28       $pdata$??$common_lseek_nolock@_J@@YA_JH_JH@Z 0000000180034d28     libucrt:lseek.obj
 0004:00001d34       $pdata$fclose              0000000180034d34     libucrt:fclose.obj
 0004:00001d40       $pdata$fclose$fin$0        0000000180034d40     libucrt:fclose.obj
 0004:00001d4c       $pdata$_fclose_nolock      0000000180034d4c     libucrt:fclose.obj
 0004:00001d58       $pdata$_putwch_nolock      0000000180034d58     libucrt:putwch.obj
 0004:00001d64       $pdata$__acrt_fenv_set_control 0000000180034d64     libucrt:_fenvutils.obj
 0004:00001d70       $pdata$_clearfp            0000000180034d70     libucrt:ieee.obj
 0004:00001d7c       $pdata$_call_matherr       0000000180034d7c     libucrt:libm_error.obj
 0004:00001d88       $pdata$_exception_enabled  0000000180034d88     libucrt:libm_error.obj
 0004:00001d94       $pdata$_handle_error       0000000180034d94     libucrt:libm_error.obj
 0004:00001da0       $pdata$__acrt_initialize_fma3 0000000180034da0     libucrt:fma3_available.obj
 0004:00001dac       $pdata$_log_special_common 0000000180034dac     libucrt:log_special.obj
 0004:00001db8       $pdata$_log10_special      0000000180034db8     libucrt:log_special.obj
 0004:00001dc4       $pdata$_close              0000000180034dc4     libucrt:close.obj
 0004:00001dd0       $pdata$_close_nolock       0000000180034dd0     libucrt:close.obj
 0004:00001ddc       $pdata$??$?RV<lambda_751a882b2c74d4b022dec766aa51a29a>@@AEAV<lambda_628dfdc04ba53c8bfc02c9951375f3f5>@@V<lambda_f6c7be5f7998530c34de24c7437d6b54>@@@?$__crt_seh_guarded_call@H@@QEAAH$$QEAV<lambda_751a882b2c74d4b022dec766aa51a29a>@@AEAV<lambda_628dfdc04ba53c8bfc02c9951375f3f5>@@$$QEAV<lambda_f6c7be5f7998530c34de24c7437d6b54>@@@Z 0000000180034ddc     libucrt:close.obj
 0004:00001de8       $pdata$__dcrt_lowio_ensure_console_output_initialized 0000000180034de8     libucrt:initcon.obj
 0004:00001df4       $pdata$__dcrt_write_console 0000000180034df4     libucrt:initcon.obj
 0004:00001e00       $pdata$__dcrt_terminate_console_output 0000000180034e00     libucrt:initcon.obj
 0004:00001e18       $pdata$_set_errno_from_matherr 0000000180034e18     libucrt:fpexcept.obj
 0004:00001e24       $pdata$_raise_exc          0000000180034e24     libucrt:fpexcept.obj
 0004:00001e30       $pdata$_raise_exc_ex       0000000180034e30     libucrt:fpexcept.obj
 0004:00001e3c       $pdata$_clrfp              0000000180034e3c     libucrt:fpctrl.obj
 0004:00001e48       $pdata$_ctrlfp             0000000180034e48     libucrt:fpctrl.obj
 0004:00001e54       $pdata$_ctrlfp$filt$0      0000000180034e54     libucrt:fpctrl.obj
 0004:00001e60       $pdata$_statfp             0000000180034e60     libucrt:fpctrl.obj
 0004:00001e6c       $pdata$_set_statfp         0000000180034e6c     libucrt:fpctrl.obj
 0004:00001e78       $pdata$_IsNonwritableInCurrentImage 0000000180034e78     LIBCMT:pesect.obj
 0004:00001e84       $pdata$_IsNonwritableInCurrentImage$filt$0 0000000180034e84     LIBCMT:pesect.obj
 0005:00000000       MoveSmall                  0000000180035000     libvcruntime:memcpy.obj
 0005:00000050       MsetTab                    0000000180035050     libvcruntime:memset.obj
 0006:00000220       $R000000                   0000000180036220     BillAcceptor.res
 0006:00000bc8       $R0009A8                   0000000180036bc8     BillAcceptor.res
 0006:00000cb0       $R000A90                   0000000180036cb0     BillAcceptor.res
 0006:00000f18       $R000CF8                   0000000180036f18     BillAcceptor.res
 0006:00001430       $R001210                   0000000180037430     BillAcceptor.res
 0006:00004168       $R003F48                   000000018003a168     BillAcceptor.res
 0006:000041a0       $R003F80                   000000018003a1a0     BillAcceptor.res
