 OPOSElectronicJournal

 Timestamp is 61a7589f (Wed Dec  1 20:12:31 2021)

 Preferred load address is 0000000180000000

 Start         Length     Name                   Class
 0001:00000000 000000c0H .text$di                CODE
 0001:000000c0 00024a80H .text$mn                CODE
 0001:00024b40 00000040H .text$mn$00             CODE
 0001:00024b80 00000660H .text$x                 CODE
 0001:000251e0 00000078H .text$yd                CODE
 0002:00000000 00000638H .idata$5                DATA
 0002:00000638 00000030H .00cfg                  DATA
 0002:00000668 00000008H .CRT$XCA                DATA
 0002:00000670 00000008H .CRT$XCL                DATA
 0002:00000678 00000020H .CRT$XCU                DATA
 0002:00000698 00000008H .CRT$XCZ                DATA
 0002:000006a0 00000008H .CRT$XIA                DATA
 0002:000006a8 00000020H .CRT$XIC                DATA
 0002:000006c8 00000008H .CRT$XIZ                DATA
 0002:000006d0 00000008H .CRT$XLA                DATA
 0002:000006d8 00000008H .CRT$XLZ                DATA
 0002:000006e0 00000008H .CRT$XPA                DATA
 0002:000006e8 00000010H .CRT$XPX                DATA
 0002:000006f8 00000008H .CRT$XPXA               DATA
 0002:00000700 00000008H .CRT$XPZ                DATA
 0002:00000708 00000008H .CRT$XTA                DATA
 0002:00000710 00000010H .CRT$XTZ                DATA
 0002:00000718 00000000H .gehcont$y              DATA
 0002:00000718 00000000H .gfids$y                DATA
 0002:00000720 0000a7e0H .rdata                  DATA
 0002:0000af00 00000000H .rdata$CastGuardVftablesA DATA
 0002:0000af00 00000000H .rdata$CastGuardVftablesC DATA
 0002:0000af00 00000028H .rdata$T                DATA
 0002:0000af28 00000274H .rdata$r                DATA
 0002:0000b19c 00000048H .rdata$voltmd           DATA
 0002:0000b1e4 0000043cH .rdata$zzzdbg           DATA
 0002:0000b620 00000008H .rtc$IAA                DATA
 0002:0000b628 00000008H .rtc$IZZ                DATA
 0002:0000b630 00000008H .rtc$TAA                DATA
 0002:0000b638 00000008H .rtc$TZZ                DATA
 0002:0000b640 00000004H .tls                    DATA
 0002:0000b644 00000004H .tls$                   DATA
 0002:0000b648 00000008H .tls$ZZZ                DATA
 0002:0000b650 00001990H .xdata                  DATA
 0002:0000cfe0 00000150H .xdata$x                DATA
 0002:0000d130 00000008H ATL$__a                 DATA
 0002:0000d138 00000008H ATL$__z                 DATA
 0002:0000d140 000000b4H .edata                  DATA
 0002:0000d1f4 00000078H .idata$2                DATA
 0002:0000d26c 00000014H .idata$3                DATA
 0002:0000d280 00000638H .idata$4                DATA
 0002:0000d8b8 00000c5cH .idata$6                DATA
 0003:00000000 00000e18H .data                   DATA
 0003:00000e18 000000a8H .data$r                 DATA
 0003:00000ec0 00000020H .data$rs                DATA
 0003:00000ee0 000013ecH .bss                    DATA
 0004:00000000 000021ccH .pdata                  DATA
 0005:00000000 000000f4H _RDATA                  DATA
 0006:00000000 00000220H .rsrc$01                DATA
 0006:00000220 000050e8H .rsrc$02                DATA

  Address         Publics by Value              Rva+Base               Lib:Object

 0000:00000000       ___safe_se_handler_table   0000000000000000     <absolute>
 0000:00000000       __guard_longjmp_table      0000000000000000     <absolute>
 0000:00000000       __arm64x_redirection_metadata 0000000000000000     <absolute>
 0000:00000000       __x64_code_ranges_to_entry_points 0000000000000000     <absolute>
 0000:00000000       __guard_iat_table          0000000000000000     <absolute>
 0000:00000000       __guard_fids_count         0000000000000000     <absolute>
 0000:00000000       __guard_iat_count          0000000000000000     <absolute>
 0000:00000000       __guard_longjmp_count      0000000000000000     <absolute>
 0000:00000000       __arm64x_extra_rfe_table   0000000000000000     <absolute>
 0000:00000000       __dynamic_value_reloc_table 0000000000000000     <absolute>
 0000:00000000       __x64_code_ranges_to_entry_points_count 0000000000000000     <absolute>
 0000:00000000       __hybrid_auxiliary_iat     0000000000000000     <absolute>
 0000:00000000       __hybrid_code_map          0000000000000000     <absolute>
 0000:00000000       __hybrid_auxiliary_iat_copy 0000000000000000     <absolute>
 0000:00000000       __arm64x_extra_rfe_table_size 0000000000000000     <absolute>
 0000:00000000       ___safe_se_handler_count   0000000000000000     <absolute>
 0000:00000000       __AbsoluteZero             0000000000000000     <absolute>
 0000:00000000       __guard_check_icall_a64n_fptr 0000000000000000     <absolute>
 0000:00000000       __guard_fids_table         0000000000000000     <absolute>
 0000:00000000       __guard_eh_cont_count      0000000000000000     <absolute>
 0000:00000000       __arm64x_redirection_metadata_count 0000000000000000     <absolute>
 0000:00000000       __enclave_config           0000000000000000     <absolute>
 0000:00000000       __guard_eh_cont_table      0000000000000000     <absolute>
 0000:00000000       __arm64x_native_entrypoint 0000000000000000     <absolute>
 0000:00000000       __hybrid_code_map_count    0000000000000000     <absolute>
 0000:00000100       __guard_flags              0000000000000100     <absolute>
 0000:00000000       __ImageBase                0000000180000000     <linker-defined>
 0001:000000c0       ?DupWide@_CW@@AEAAXXZ      00000001800010c0 f   CWString.obj
 0001:000000e8       ?cw_dup@@YAXPEBDAEAHAEAPEA_W1@Z 00000001800010e8 f   CWString.obj
 0001:000001c8       ?cw_memcpy@@YAHPEA_WPEBDH@Z 00000001800011c8 f   CWString.obj
 0001:00000214       ?cw_strcpy@@YAHPEA_WPEBD@Z 0000000180001214 f   CWString.obj
 0001:00000228       ??0CAtlComModule@ATL@@QEAA@XZ 0000000180001228 f i OposVariant.obj
 0001:000002a8       ??0CAtlWinModule@ATL@@QEAA@XZ 00000001800012a8 f i OposVariant.obj
 0001:00000314       ??0OposDispParms@@QEAA@PEAVOposVariant@@H@Z 0000000180001314 f   OposVariant.obj
 0001:000003bc       ??1OposDispParms@@QEAA@XZ  00000001800013bc f   OposVariant.obj
 0001:000003d4       ??_Estringdispid@CComTypeInfoHolder@ATL@@QEAAPEAXI@Z 00000001800013d4 f i OposVariant.obj
 0001:00000478       ?AtlWinModuleTerm@ATL@@YAJPEAU_ATL_WIN_MODULE70@1@PEAUHINSTANCE__@@@Z 0000000180001478 f i OposVariant.obj
 0001:00000528       ?ChangeBSTR@OposVariant@@QEAAXPEAPEA_WAEAJ@Z 0000000180001528 f   OposVariant.obj
 0001:00000588       ?ChangeCURRENCY@OposVariant@@QEAAXPEATtagCY@@AEAJ@Z 0000000180001588 f   OposVariant.obj
 0001:000005e8       ?ChangeLONG@OposVariant@@QEAAXPEAJAEAJ@Z 00000001800015e8 f   OposVariant.obj
 0001:00000644       ?GetLONG@OposVariant@@QEAAJXZ 0000000180001644 f   OposVariant.obj
 0001:00000668       ?SetBSTR@OposVariant@@QEAAXPEA_WAEAJ@Z 0000000180001668 f   OposVariant.obj
 0001:000006a8       ?SetBSTR_Copy@OposVariant@@QEAAXPEA_WAEAJ@Z 00000001800016a8 f   OposVariant.obj
 0001:00000718       ?SetBSTR_InOutPtr@OposVariant@@QEAA_NPEAPEA_WAEAJ@Z 0000000180001718 f   OposVariant.obj
 0001:00000768       ?SetBSTR_OutPtr@OposVariant@@QEAA_NPEAPEA_WAEAJ@Z 0000000180001768 f   OposVariant.obj
 0001:00000784       ?SetDispatch_Ptr@OposVariant@@QEAAXPEAUIDispatch@@AEAJ@Z 0000000180001784 f   OposVariant.obj
 0001:000007dc       ?SetLONG@OposVariant@@QEAAXJ@Z 00000001800017dc f   OposVariant.obj
 0001:0000080c       ?SetLONG_Ptr@OposVariant@@QEAAXPEAJAEAJ@Z 000000018000180c f   OposVariant.obj
 0001:00000858       ?SetString@OposVariant@@QEAAXPEB_WAEAJ@Z 0000000180001858 f   OposVariant.obj
 0001:000008bc       ?SetVARIANT_BOOL@OposVariant@@QEAAXF@Z 00000001800018bc f   OposVariant.obj
 0001:000008f4       ?Term@CAtlComModule@ATL@@QEAAXXZ 00000001800018f4 f i OposVariant.obj
 0001:00000964       ?_AtlInitializeCriticalSectionEx@ATL@@YAHPEAU_RTL_CRITICAL_SECTION@@KK@Z 0000000180001964 f i OposVariant.obj
 0001:0000096c       ?_AtlRaiseException@ATL@@YAXKK@Z 000000018000196c f i OposVariant.obj
 0001:0000097c       ?Next@?$CComEnumImpl@UIEnumConnections@@$1?_GUID_b196b287_bab4_101a_b69c_00aa00341d07@@3U__s_GUID@@BUtagCONNECTDATA@@V?$_Copy@UtagCONNECTDATA@@@ATL@@@ATL@@UEAAJKPEAUtagCONNECTDATA@@PEAK@Z 000000018000197c f i ElectronicJournal.obj
 0001:00000a44       ?Skip@?$CComEnumImpl@UIEnumConnections@@$1?_GUID_b196b287_bab4_101a_b69c_00aa00341d07@@3U__s_GUID@@BUtagCONNECTDATA@@V?$_Copy@UtagCONNECTDATA@@@ATL@@@ATL@@UEAAJK@Z 0000000180001a44 f i ElectronicJournal.obj
 0001:00000a70       ?Reset@?$CComEnumImpl@UIEnumConnectionPoints@@$1?_GUID_b196b285_bab4_101a_b69c_00aa00341d07@@3U__s_GUID@@BPEAUIConnectionPoint@@V?$_CopyInterface@UIConnectionPoint@@@ATL@@@ATL@@UEAAJXZ 0000000180001a70 f i ElectronicJournal.obj
 0001:00000a70       ?Reset@?$CComEnumImpl@UIEnumConnections@@$1?_GUID_b196b287_bab4_101a_b69c_00aa00341d07@@3U__s_GUID@@BUtagCONNECTDATA@@V?$_Copy@UtagCONNECTDATA@@@ATL@@@ATL@@UEAAJXZ 0000000180001a70 f i ElectronicJournal.obj
 0001:00000a7c       ?Clone@?$CComEnumImpl@UIEnumConnections@@$1?_GUID_b196b287_bab4_101a_b69c_00aa00341d07@@3U__s_GUID@@BUtagCONNECTDATA@@V?$_Copy@UtagCONNECTDATA@@@ATL@@@ATL@@UEAAJPEAPEAUIEnumConnections@@@Z 0000000180001a7c f i ElectronicJournal.obj
 0001:00000ba8       ?AddRef@?$CComObject@V?$CComEnum@UIEnumConnections@@$1?_GUID_b196b287_bab4_101a_b69c_00aa00341d07@@3U__s_GUID@@BUtagCONNECTDATA@@V?$_Copy@UtagCONNECTDATA@@@ATL@@VCComSingleThreadModel@6@@ATL@@@ATL@@UEAAKXZ 0000000180001ba8 f i ElectronicJournal.obj
 0001:00000ba8       ?AddRef@?$CComObject@V?$CComEnum@UIEnumConnectionPoints@@$1?_GUID_b196b285_bab4_101a_b69c_00aa00341d07@@3U__s_GUID@@BPEAUIConnectionPoint@@V?$_CopyInterface@UIConnectionPoint@@@ATL@@VCComSingleThreadModel@6@@ATL@@@ATL@@UEAAKXZ 0000000180001ba8 f i ElectronicJournal.obj
 0001:00000bb4       ?Release@?$CComObject@V?$CComEnum@UIEnumConnectionPoints@@$1?_GUID_b196b285_bab4_101a_b69c_00aa00341d07@@3U__s_GUID@@BPEAUIConnectionPoint@@V?$_CopyInterface@UIConnectionPoint@@@ATL@@VCComSingleThreadModel@6@@ATL@@@ATL@@UEAAKXZ 0000000180001bb4 f i ElectronicJournal.obj
 0001:00000bb4       ?Release@?$CComObject@V?$CComEnum@UIEnumConnections@@$1?_GUID_b196b287_bab4_101a_b69c_00aa00341d07@@3U__s_GUID@@BUtagCONNECTDATA@@V?$_Copy@UtagCONNECTDATA@@@ATL@@VCComSingleThreadModel@6@@ATL@@@ATL@@UEAAKXZ 0000000180001bb4 f i ElectronicJournal.obj
 0001:00000c08       ?QueryInterface@?$CComObject@V?$CComEnum@UIEnumConnections@@$1?_GUID_b196b287_bab4_101a_b69c_00aa00341d07@@3U__s_GUID@@BUtagCONNECTDATA@@V?$_Copy@UtagCONNECTDATA@@@ATL@@VCComSingleThreadModel@6@@ATL@@@ATL@@UEAAJAEBU_GUID@@PEAPEAX@Z 0000000180001c08 f i ElectronicJournal.obj
 0001:00000c1c       ??_E?$CComObject@V?$CComEnum@UIEnumConnections@@$1?_GUID_b196b287_bab4_101a_b69c_00aa00341d07@@3U__s_GUID@@BUtagCONNECTDATA@@V?$_Copy@UtagCONNECTDATA@@@ATL@@VCComSingleThreadModel@6@@ATL@@@ATL@@UEAAPEAXI@Z 0000000180001c1c f i ElectronicJournal.obj
 0001:00000c1c       ??_G?$CComObject@V?$CComEnum@UIEnumConnections@@$1?_GUID_b196b287_bab4_101a_b69c_00aa00341d07@@3U__s_GUID@@BUtagCONNECTDATA@@V?$_Copy@UtagCONNECTDATA@@@ATL@@VCComSingleThreadModel@6@@ATL@@@ATL@@UEAAPEAXI@Z 0000000180001c1c f i ElectronicJournal.obj
 0001:00000c74       _guard_check_icall_nop     0000000180001c74 f i LIBCMT:guard_support.obj
 0001:00000c74       ?OnFinalMessage@?$CWindowImplBaseT@VCWindow@ATL@@V?$CWinTraits@$0FGAAAAAA@$0A@@2@@ATL@@UEAAXPEAUHWND__@@@Z 0000000180001c74 f i ElectronicJournal.obj
 0001:00000c74       ?ObjectMain@CComObjectRootBase@ATL@@SAX_N@Z 0000000180001c74 f i ElectronicJournal.obj
 0001:00000c78       ?GetCategoryMap@CComObjectRootBase@ATL@@SAPEBU_ATL_CATMAP_ENTRY@2@XZ 0000000180001c78 f i ElectronicJournal.obj
 0001:00000c78       ?OnFrameWindowActivate@?$IOleInPlaceActiveObjectImpl@VCOPOSElectronicJournal@@@ATL@@UEAAJH@Z 0000000180001c78 f i ElectronicJournal.obj
 0001:00000c78       ?GetObjectDescription@?$CComCoClass@VCOPOSElectronicJournal@@$1?CLSID_OPOSElectronicJournal@@3U_GUID@@B@ATL@@SAPEB_WXZ 0000000180001c78 f i ElectronicJournal.obj
 0001:00000c78       ?SetHostNames@?$IOleObjectImpl@VCOPOSElectronicJournal@@@ATL@@UEAAJPEB_W0@Z 0000000180001c78 f i ElectronicJournal.obj
 0001:00000c78       ?ResizeBorder@?$IOleInPlaceActiveObjectImpl@VCOPOSElectronicJournal@@@ATL@@UEAAJPEBUtagRECT@@PEAUIOleInPlaceUIWindow@@H@Z 0000000180001c78 f i ElectronicJournal.obj
 0001:00000c78       ?OnAmbientPropertyChange@?$IOleControlImpl@VCOPOSElectronicJournal@@@ATL@@UEAAJJ@Z 0000000180001c78 f i ElectronicJournal.obj
 0001:00000c78       ?Update@?$IOleObjectImpl@VCOPOSElectronicJournal@@@ATL@@UEAAJXZ 0000000180001c78 f i ElectronicJournal.obj
 0001:00000c78       ?Release@CRegObject@ATL@@UEAAKXZ 0000000180001c78 f i ElectronicJournal.obj
 0001:00000c78       ?IsUpToDate@?$IOleObjectImpl@VCOPOSElectronicJournal@@@ATL@@UEAAJXZ 0000000180001c78 f i ElectronicJournal.obj
 0001:00000c78       ?SaveCompleted@?$IPersistStorageImpl@VCOPOSElectronicJournal@@@ATL@@UEAAJPEAUIStorage@@@Z 0000000180001c78 f i ElectronicJournal.obj
 0001:00000c78       ?EnableModeless@?$IOleInPlaceActiveObjectImpl@VCOPOSElectronicJournal@@@ATL@@UEAAJH@Z 0000000180001c78 f i ElectronicJournal.obj
 0001:00000c78       ?HandsOffStorage@?$IPersistStorageImpl@VCOPOSElectronicJournal@@@ATL@@UEAAJXZ 0000000180001c78 f i ElectronicJournal.obj
 0001:00000c7c       ?CreateInstance@CComClassFactory@ATL@@UEAAJPEAUIUnknown@@AEBU_GUID@@PEAPEAX@Z 0000000180001c7c f i ElectronicJournal.obj
 0001:00000cdc       ?LockServer@CComClassFactory@ATL@@UEAAJH@Z 0000000180001cdc f i ElectronicJournal.obj
 0001:00000d00       ??_GCComClassFactory@ATL@@UEAAPEAXI@Z 0000000180001d00 f i ElectronicJournal.obj
 0001:00000d00       ??_ECComClassFactory@ATL@@UEAAPEAXI@Z 0000000180001d00 f i ElectronicJournal.obj
 0001:00000d50       ??_E?$CComObject@VCOPOSElectronicJournal@@@ATL@@W7EAAPEAXI@Z 0000000180001d50 f i ElectronicJournal.obj
 0001:00000d5c       ??_E?$CComObject@VCOPOSElectronicJournal@@@ATL@@WHA@EAAPEAXI@Z 0000000180001d5c f i ElectronicJournal.obj
 0001:00000d68       ?QueryInterface@?$CComObject@VCOPOSElectronicJournal@@@ATL@@WLI@EAAJAEBU_GUID@@PEAPEAX@Z 0000000180001d68 f i ElectronicJournal.obj
 0001:00000d74       ?AddRef@?$CComObject@VCOPOSElectronicJournal@@@ATL@@WLI@EAAKXZ 0000000180001d74 f i ElectronicJournal.obj
 0001:00000d80       ?Release@?$CComObject@VCOPOSElectronicJournal@@@ATL@@WLI@EAAKXZ 0000000180001d80 f i ElectronicJournal.obj
 0001:00000d8c       ?QueryInterface@?$CComObject@VCOPOSElectronicJournal@@@ATL@@WMA@EAAJAEBU_GUID@@PEAPEAX@Z 0000000180001d8c f i ElectronicJournal.obj
 0001:00000d98       ?AddRef@?$CComObject@VCOPOSElectronicJournal@@@ATL@@WMA@EAAKXZ 0000000180001d98 f i ElectronicJournal.obj
 0001:00000da4       ?Release@?$CComObject@VCOPOSElectronicJournal@@@ATL@@WMA@EAAKXZ 0000000180001da4 f i ElectronicJournal.obj
 0001:00000db0       ?QueryInterface@?$CComObject@VCOPOSElectronicJournal@@@ATL@@WMI@EAAJAEBU_GUID@@PEAPEAX@Z 0000000180001db0 f i ElectronicJournal.obj
 0001:00000dbc       ?AddRef@?$CComObject@VCOPOSElectronicJournal@@@ATL@@WMI@EAAKXZ 0000000180001dbc f i ElectronicJournal.obj
 0001:00000dc8       ?Release@?$CComObject@VCOPOSElectronicJournal@@@ATL@@WMI@EAAKXZ 0000000180001dc8 f i ElectronicJournal.obj
 0001:00000dd4       ?QueryInterface@?$CComObject@VCOPOSElectronicJournal@@@ATL@@WNA@EAAJAEBU_GUID@@PEAPEAX@Z 0000000180001dd4 f i ElectronicJournal.obj
 0001:00000de0       ?AddRef@?$CComObject@VCOPOSElectronicJournal@@@ATL@@WNA@EAAKXZ 0000000180001de0 f i ElectronicJournal.obj
 0001:00000dec       ?Release@?$CComObject@VCOPOSElectronicJournal@@@ATL@@WNA@EAAKXZ 0000000180001dec f i ElectronicJournal.obj
 0001:00000df8       ?QueryInterface@?$CComObject@VCOPOSElectronicJournal@@@ATL@@WNI@EAAJAEBU_GUID@@PEAPEAX@Z 0000000180001df8 f i ElectronicJournal.obj
 0001:00000e04       ?AddRef@?$CComObject@VCOPOSElectronicJournal@@@ATL@@WNI@EAAKXZ 0000000180001e04 f i ElectronicJournal.obj
 0001:00000e10       ?Release@?$CComObject@VCOPOSElectronicJournal@@@ATL@@WNI@EAAKXZ 0000000180001e10 f i ElectronicJournal.obj
 0001:00000e1c       ?QueryInterface@?$CComObject@VCOPOSElectronicJournal@@@ATL@@WOA@EAAJAEBU_GUID@@PEAPEAX@Z 0000000180001e1c f i ElectronicJournal.obj
 0001:00000e28       ?AddRef@?$CComObject@VCOPOSElectronicJournal@@@ATL@@WOA@EAAKXZ 0000000180001e28 f i ElectronicJournal.obj
 0001:00000e34       ?Release@?$CComObject@VCOPOSElectronicJournal@@@ATL@@WOA@EAAKXZ 0000000180001e34 f i ElectronicJournal.obj
 0001:00000e40       ?QueryInterface@?$CComObject@VCOPOSElectronicJournal@@@ATL@@WOI@EAAJAEBU_GUID@@PEAPEAX@Z 0000000180001e40 f i ElectronicJournal.obj
 0001:00000e4c       ?AddRef@?$CComObject@VCOPOSElectronicJournal@@@ATL@@WOI@EAAKXZ 0000000180001e4c f i ElectronicJournal.obj
 0001:00000e58       ?Release@?$CComObject@VCOPOSElectronicJournal@@@ATL@@WOI@EAAKXZ 0000000180001e58 f i ElectronicJournal.obj
 0001:00000e64       ?QueryInterface@?$CComObject@VCOPOSElectronicJournal@@@ATL@@WPA@EAAJAEBU_GUID@@PEAPEAX@Z 0000000180001e64 f i ElectronicJournal.obj
 0001:00000e70       ?AddRef@?$CComObject@VCOPOSElectronicJournal@@@ATL@@WPA@EAAKXZ 0000000180001e70 f i ElectronicJournal.obj
 0001:00000e7c       ?Release@?$CComObject@VCOPOSElectronicJournal@@@ATL@@WPA@EAAKXZ 0000000180001e7c f i ElectronicJournal.obj
 0001:00000e88       ?QueryInterface@?$CComObject@VCOPOSElectronicJournal@@@ATL@@WPI@EAAJAEBU_GUID@@PEAPEAX@Z 0000000180001e88 f i ElectronicJournal.obj
 0001:00000e94       ?AddRef@?$CComObject@VCOPOSElectronicJournal@@@ATL@@WPI@EAAKXZ 0000000180001e94 f i ElectronicJournal.obj
 0001:00000ea0       ?Release@?$CComObject@VCOPOSElectronicJournal@@@ATL@@WPI@EAAKXZ 0000000180001ea0 f i ElectronicJournal.obj
 0001:00000eac       ?QueryInterface@?$CComObject@VCOPOSElectronicJournal@@@ATL@@WBAA@EAAJAEBU_GUID@@PEAPEAX@Z 0000000180001eac f i ElectronicJournal.obj
 0001:00000eb8       ?AddRef@?$CComObject@VCOPOSElectronicJournal@@@ATL@@WBAA@EAAKXZ 0000000180001eb8 f i ElectronicJournal.obj
 0001:00000ec4       ?Release@?$CComObject@VCOPOSElectronicJournal@@@ATL@@WBAA@EAAKXZ 0000000180001ec4 f i ElectronicJournal.obj
 0001:00000ed0       ?QueryInterface@?$CComObject@VCOPOSElectronicJournal@@@ATL@@WBAI@EAAJAEBU_GUID@@PEAPEAX@Z 0000000180001ed0 f i ElectronicJournal.obj
 0001:00000edc       ?AddRef@?$CComObject@VCOPOSElectronicJournal@@@ATL@@WBAI@EAAKXZ 0000000180001edc f i ElectronicJournal.obj
 0001:00000ee8       ?Release@?$CComObject@VCOPOSElectronicJournal@@@ATL@@WBAI@EAAKXZ 0000000180001ee8 f i ElectronicJournal.obj
 0001:00000ef4       ?QueryInterface@?$CComObject@VCOPOSElectronicJournal@@@ATL@@WBBA@EAAJAEBU_GUID@@PEAPEAX@Z 0000000180001ef4 f i ElectronicJournal.obj
 0001:00000f00       ?AddRef@?$CComObject@VCOPOSElectronicJournal@@@ATL@@WBBA@EAAKXZ 0000000180001f00 f i ElectronicJournal.obj
 0001:00000f0c       ?Release@?$CComObject@VCOPOSElectronicJournal@@@ATL@@WBBA@EAAKXZ 0000000180001f0c f i ElectronicJournal.obj
 0001:00000f18       ?QueryInterface@?$CComObject@VCOPOSElectronicJournal@@@ATL@@WBBI@EAAJAEBU_GUID@@PEAPEAX@Z 0000000180001f18 f i ElectronicJournal.obj
 0001:00000f24       ?AddRef@?$CComObject@VCOPOSElectronicJournal@@@ATL@@WBBI@EAAKXZ 0000000180001f24 f i ElectronicJournal.obj
 0001:00000f30       ?Release@?$CComObject@VCOPOSElectronicJournal@@@ATL@@WBBI@EAAKXZ 0000000180001f30 f i ElectronicJournal.obj
 0001:00000f3c       ?AddRef@?$CComObject@VCOPOSElectronicJournal@@@ATL@@WBCI@EAAKXZ 0000000180001f3c f i ElectronicJournal.obj
 0001:00000f48       ?Release@?$CComObject@VCOPOSElectronicJournal@@@ATL@@WBCI@EAAKXZ 0000000180001f48 f i ElectronicJournal.obj
 0001:00000f54       ?AddRef@?$CComObject@VCOPOSElectronicJournal@@@ATL@@WBEA@EAAKXZ 0000000180001f54 f i ElectronicJournal.obj
 0001:00000f60       ?Release@?$CComObject@VCOPOSElectronicJournal@@@ATL@@WBEA@EAAKXZ 0000000180001f60 f i ElectronicJournal.obj
 0001:00000f6c       ??_E?$CComContainedObject@VCOPOSElectronicJournal@@@ATL@@W7EAAPEAXI@Z 0000000180001f6c f i ElectronicJournal.obj
 0001:00000f78       ??_E?$CComContainedObject@VCOPOSElectronicJournal@@@ATL@@WHA@EAAPEAXI@Z 0000000180001f78 f i ElectronicJournal.obj
 0001:00000f84       ?QueryInterface@?$CComContainedObject@VCOPOSElectronicJournal@@@ATL@@WLI@EAAJAEBU_GUID@@PEAPEAX@Z 0000000180001f84 f i ElectronicJournal.obj
 0001:00000f90       ?AddRef@?$CComContainedObject@VCOPOSElectronicJournal@@@ATL@@WLI@EAAKXZ 0000000180001f90 f i ElectronicJournal.obj
 0001:00000f9c       ?Release@?$CComContainedObject@VCOPOSElectronicJournal@@@ATL@@WLI@EAAKXZ 0000000180001f9c f i ElectronicJournal.obj
 0001:00000fa8       ?QueryInterface@?$CComContainedObject@VCOPOSElectronicJournal@@@ATL@@WMA@EAAJAEBU_GUID@@PEAPEAX@Z 0000000180001fa8 f i ElectronicJournal.obj
 0001:00000fb4       ?AddRef@?$CComContainedObject@VCOPOSElectronicJournal@@@ATL@@WMA@EAAKXZ 0000000180001fb4 f i ElectronicJournal.obj
 0001:00000fc0       ?Release@?$CComContainedObject@VCOPOSElectronicJournal@@@ATL@@WMA@EAAKXZ 0000000180001fc0 f i ElectronicJournal.obj
 0001:00000fcc       ?QueryInterface@?$CComContainedObject@VCOPOSElectronicJournal@@@ATL@@WMI@EAAJAEBU_GUID@@PEAPEAX@Z 0000000180001fcc f i ElectronicJournal.obj
 0001:00000fd8       ?AddRef@?$CComContainedObject@VCOPOSElectronicJournal@@@ATL@@WMI@EAAKXZ 0000000180001fd8 f i ElectronicJournal.obj
 0001:00000fe4       ?Release@?$CComContainedObject@VCOPOSElectronicJournal@@@ATL@@WMI@EAAKXZ 0000000180001fe4 f i ElectronicJournal.obj
 0001:00000ff0       ?QueryInterface@?$CComContainedObject@VCOPOSElectronicJournal@@@ATL@@WNA@EAAJAEBU_GUID@@PEAPEAX@Z 0000000180001ff0 f i ElectronicJournal.obj
 0001:00000ffc       ?AddRef@?$CComContainedObject@VCOPOSElectronicJournal@@@ATL@@WNA@EAAKXZ 0000000180001ffc f i ElectronicJournal.obj
 0001:00001008       ?Release@?$CComContainedObject@VCOPOSElectronicJournal@@@ATL@@WNA@EAAKXZ 0000000180002008 f i ElectronicJournal.obj
 0001:00001014       ?QueryInterface@?$CComContainedObject@VCOPOSElectronicJournal@@@ATL@@WNI@EAAJAEBU_GUID@@PEAPEAX@Z 0000000180002014 f i ElectronicJournal.obj
 0001:00001020       ?AddRef@?$CComContainedObject@VCOPOSElectronicJournal@@@ATL@@WNI@EAAKXZ 0000000180002020 f i ElectronicJournal.obj
 0001:0000102c       ?Release@?$CComContainedObject@VCOPOSElectronicJournal@@@ATL@@WNI@EAAKXZ 000000018000202c f i ElectronicJournal.obj
 0001:00001038       ?QueryInterface@?$CComContainedObject@VCOPOSElectronicJournal@@@ATL@@WOA@EAAJAEBU_GUID@@PEAPEAX@Z 0000000180002038 f i ElectronicJournal.obj
 0001:00001044       ?AddRef@?$CComContainedObject@VCOPOSElectronicJournal@@@ATL@@WOA@EAAKXZ 0000000180002044 f i ElectronicJournal.obj
 0001:00001050       ?Release@?$CComContainedObject@VCOPOSElectronicJournal@@@ATL@@WOA@EAAKXZ 0000000180002050 f i ElectronicJournal.obj
 0001:0000105c       ?QueryInterface@?$CComContainedObject@VCOPOSElectronicJournal@@@ATL@@WOI@EAAJAEBU_GUID@@PEAPEAX@Z 000000018000205c f i ElectronicJournal.obj
 0001:00001068       ?AddRef@?$CComContainedObject@VCOPOSElectronicJournal@@@ATL@@WOI@EAAKXZ 0000000180002068 f i ElectronicJournal.obj
 0001:00001074       ?Release@?$CComContainedObject@VCOPOSElectronicJournal@@@ATL@@WOI@EAAKXZ 0000000180002074 f i ElectronicJournal.obj
 0001:00001080       ?QueryInterface@?$CComContainedObject@VCOPOSElectronicJournal@@@ATL@@WPA@EAAJAEBU_GUID@@PEAPEAX@Z 0000000180002080 f i ElectronicJournal.obj
 0001:0000108c       ?AddRef@?$CComContainedObject@VCOPOSElectronicJournal@@@ATL@@WPA@EAAKXZ 000000018000208c f i ElectronicJournal.obj
 0001:00001098       ?Release@?$CComContainedObject@VCOPOSElectronicJournal@@@ATL@@WPA@EAAKXZ 0000000180002098 f i ElectronicJournal.obj
 0001:000010a4       ?QueryInterface@?$CComContainedObject@VCOPOSElectronicJournal@@@ATL@@WPI@EAAJAEBU_GUID@@PEAPEAX@Z 00000001800020a4 f i ElectronicJournal.obj
 0001:000010b0       ?AddRef@?$CComContainedObject@VCOPOSElectronicJournal@@@ATL@@WPI@EAAKXZ 00000001800020b0 f i ElectronicJournal.obj
 0001:000010bc       ?Release@?$CComContainedObject@VCOPOSElectronicJournal@@@ATL@@WPI@EAAKXZ 00000001800020bc f i ElectronicJournal.obj
 0001:000010c8       ?QueryInterface@?$CComContainedObject@VCOPOSElectronicJournal@@@ATL@@WBAA@EAAJAEBU_GUID@@PEAPEAX@Z 00000001800020c8 f i ElectronicJournal.obj
 0001:000010d4       ?AddRef@?$CComContainedObject@VCOPOSElectronicJournal@@@ATL@@WBAA@EAAKXZ 00000001800020d4 f i ElectronicJournal.obj
 0001:000010e0       ?Release@?$CComContainedObject@VCOPOSElectronicJournal@@@ATL@@WBAA@EAAKXZ 00000001800020e0 f i ElectronicJournal.obj
 0001:000010ec       ?QueryInterface@?$CComContainedObject@VCOPOSElectronicJournal@@@ATL@@WBAI@EAAJAEBU_GUID@@PEAPEAX@Z 00000001800020ec f i ElectronicJournal.obj
 0001:000010f8       ?AddRef@?$CComContainedObject@VCOPOSElectronicJournal@@@ATL@@WBAI@EAAKXZ 00000001800020f8 f i ElectronicJournal.obj
 0001:00001104       ?Release@?$CComContainedObject@VCOPOSElectronicJournal@@@ATL@@WBAI@EAAKXZ 0000000180002104 f i ElectronicJournal.obj
 0001:00001110       ?QueryInterface@?$CComContainedObject@VCOPOSElectronicJournal@@@ATL@@WBBA@EAAJAEBU_GUID@@PEAPEAX@Z 0000000180002110 f i ElectronicJournal.obj
 0001:0000111c       ?AddRef@?$CComContainedObject@VCOPOSElectronicJournal@@@ATL@@WBBA@EAAKXZ 000000018000211c f i ElectronicJournal.obj
 0001:00001128       ?Release@?$CComContainedObject@VCOPOSElectronicJournal@@@ATL@@WBBA@EAAKXZ 0000000180002128 f i ElectronicJournal.obj
 0001:00001134       ?QueryInterface@?$CComContainedObject@VCOPOSElectronicJournal@@@ATL@@WBBI@EAAJAEBU_GUID@@PEAPEAX@Z 0000000180002134 f i ElectronicJournal.obj
 0001:00001140       ?AddRef@?$CComContainedObject@VCOPOSElectronicJournal@@@ATL@@WBBI@EAAKXZ 0000000180002140 f i ElectronicJournal.obj
 0001:0000114c       ?Release@?$CComContainedObject@VCOPOSElectronicJournal@@@ATL@@WBBI@EAAKXZ 000000018000214c f i ElectronicJournal.obj
 0001:00001158       ?AddRef@?$CComContainedObject@VCOPOSElectronicJournal@@@ATL@@WBCI@EAAKXZ 0000000180002158 f i ElectronicJournal.obj
 0001:00001164       ?Release@?$CComContainedObject@VCOPOSElectronicJournal@@@ATL@@WBCI@EAAKXZ 0000000180002164 f i ElectronicJournal.obj
 0001:00001170       ?AddRef@?$CComContainedObject@VCOPOSElectronicJournal@@@ATL@@WBEA@EAAKXZ 0000000180002170 f i ElectronicJournal.obj
 0001:0000117c       ?Release@?$CComContainedObject@VCOPOSElectronicJournal@@@ATL@@WBEA@EAAKXZ 000000018000217c f i ElectronicJournal.obj
 0001:00001188       ?GetWindowProc@?$CWindowImplBaseT@VCWindow@ATL@@V?$CWinTraits@$0FGAAAAAA@$0A@@2@@ATL@@UEAAP6A_JPEAUHWND__@@I_K_J@ZXZ 0000000180002188 f i ElectronicJournal.obj
 0001:00001190       ?StartWindowProc@?$CWindowImplBaseT@VCWindow@ATL@@V?$CWinTraits@$0FGAAAAAA@$0A@@2@@ATL@@SA_JPEAUHWND__@@I_K_J@Z 0000000180002190 f i ElectronicJournal.obj
 0001:00001244       ?GetTypeInfoCount@?$IDispatchImpl@UIOPOSElectronicJournal@@$1?IID_IOPOSElectronicJournal@@3U_GUID@@B$1?LIBID_OposElectronicJournal_CCO@@3U3@B$00$0A@VCComTypeInfoHolder@ATL@@@ATL@@UEAAJPEAI@Z 0000000180002244 f i ElectronicJournal.obj
 0001:00001258       ?GetTypeInfo@?$IDispatchImpl@UIOPOSElectronicJournal@@$1?IID_IOPOSElectronicJournal@@3U_GUID@@B$1?LIBID_OposElectronicJournal_CCO@@3U3@B$00$0A@VCComTypeInfoHolder@ATL@@@ATL@@UEAAJIKPEAPEAUITypeInfo@@@Z 0000000180002258 f i ElectronicJournal.obj
 0001:000012bc       ?GetIDsOfNames@?$IDispatchImpl@UIOPOSElectronicJournal@@$1?IID_IOPOSElectronicJournal@@3U_GUID@@B$1?LIBID_OposElectronicJournal_CCO@@3U3@B$00$0A@VCComTypeInfoHolder@ATL@@@ATL@@UEAAJAEBU_GUID@@PEAPEA_WIKPEAJ@Z 00000001800022bc f i ElectronicJournal.obj
 0001:000012c8       ?Invoke@?$IDispatchImpl@UIOPOSElectronicJournal@@$1?IID_IOPOSElectronicJournal@@3U_GUID@@B$1?LIBID_OposElectronicJournal_CCO@@3U3@B$00$0A@VCComTypeInfoHolder@ATL@@@ATL@@UEAAJJAEBU_GUID@@KGPEAUtagDISPPARAMS@@PEAUtagVARIANT@@PEAUtagEXCEPINFO@@PEAI@Z 00000001800022c8 f i ElectronicJournal.obj
 0001:00001358       ?CreateControlWindow@?$CComControl@VCOPOSElectronicJournal@@V?$CWindowImpl@VCOPOSElectronicJournal@@VCWindow@ATL@@V?$CWinTraits@$0FGAAAAAA@$0A@@3@@ATL@@@ATL@@UEAAPEAUHWND__@@PEAU3@AEAUtagRECT@@@Z 0000000180002358 f i ElectronicJournal.obj
 0001:00001390       ?ControlQueryInterface@?$CComControl@VCOPOSElectronicJournal@@V?$CWindowImpl@VCOPOSElectronicJournal@@VCWindow@ATL@@V?$CWinTraits@$0FGAAAAAA@$0A@@3@@ATL@@@ATL@@UEAAJAEBU_GUID@@PEAPEAX@Z 0000000180002390 f i ElectronicJournal.obj
 0001:000013a4       ?GetClassID@?$IPersistStreamInitImpl@VCOPOSElectronicJournal@@@ATL@@UEAAJPEAU_GUID@@@Z 00000001800023a4 f i ElectronicJournal.obj
 0001:000013a4       ?GetClassID@?$IPersistStorageImpl@VCOPOSElectronicJournal@@@ATL@@UEAAJPEAU_GUID@@@Z 00000001800023a4 f i ElectronicJournal.obj
 0001:000013a4       ?GetUserClassID@?$IOleObjectImpl@VCOPOSElectronicJournal@@@ATL@@UEAAJPEAU_GUID@@@Z 00000001800023a4 f i ElectronicJournal.obj
 0001:000013c0       ?IsDirty@?$IPersistStreamInitImpl@VCOPOSElectronicJournal@@@ATL@@UEAAJXZ 00000001800023c0 f i ElectronicJournal.obj
 0001:000013dc       ?Load@?$IPersistStreamInitImpl@VCOPOSElectronicJournal@@@ATL@@UEAAJPEAUIStream@@@Z 00000001800023dc f i ElectronicJournal.obj
 0001:000013f4       ?Save@?$IPersistStreamInitImpl@VCOPOSElectronicJournal@@@ATL@@UEAAJPEAUIStream@@H@Z 00000001800023f4 f i ElectronicJournal.obj
 0001:0000140c       ?GetSizeMax@?$IPersistStreamInitImpl@VCOPOSElectronicJournal@@@ATL@@UEAAJPEAT_ULARGE_INTEGER@@@Z 000000018000240c f i ElectronicJournal.obj
 0001:00001630       ?InitNew@?$IPersistStreamInitImpl@VCOPOSElectronicJournal@@@ATL@@UEAAJXZ 0000000180002630 f i ElectronicJournal.obj
 0001:00001648       ?QueryInterface@CRegObject@ATL@@UEAAJAEBU_GUID@@PEAPEAX@Z 0000000180002648 f i ElectronicJournal.obj
 0001:00001648       ?SetColorScheme@?$IOleObjectImpl@VCOPOSElectronicJournal@@@ATL@@UEAAJPEAUtagLOGPALETTE@@@Z 0000000180002648 f i ElectronicJournal.obj
 0001:00001648       ?GetClipboardData@?$IOleObjectImpl@VCOPOSElectronicJournal@@@ATL@@UEAAJKPEAPEAUIDataObject@@@Z 0000000180002648 f i ElectronicJournal.obj
 0001:00001648       ?GetMoniker@?$IOleObjectImpl@VCOPOSElectronicJournal@@@ATL@@UEAAJKKPEAPEAUIMoniker@@@Z 0000000180002648 f i ElectronicJournal.obj
 0001:00001648       ?InitFromData@?$IOleObjectImpl@VCOPOSElectronicJournal@@@ATL@@UEAAJPEAUIDataObject@@HK@Z 0000000180002648 f i ElectronicJournal.obj
 0001:00001648       ?GetRect@?$IViewObjectExImpl@VCOPOSElectronicJournal@@@ATL@@UEAAJKPEAU_RECTL@@@Z 0000000180002648 f i ElectronicJournal.obj
 0001:00001648       ?GetCanonicalFormatEtc@?$IDataObjectImpl@VCOPOSElectronicJournal@@@ATL@@UEAAJPEAUtagFORMATETC@@0@Z 0000000180002648 f i ElectronicJournal.obj
 0001:00001648       ?Freeze@?$IViewObjectExImpl@VCOPOSElectronicJournal@@@ATL@@UEAAJKJPEAXPEAK@Z 0000000180002648 f i ElectronicJournal.obj
 0001:00001648       ?ContextSensitiveHelp@?$IOleInPlaceObjectWindowlessImpl@VCOPOSElectronicJournal@@@ATL@@UEAAJH@Z 0000000180002648 f i ElectronicJournal.obj
 0001:00001648       ?Unfreeze@?$IViewObjectExImpl@VCOPOSElectronicJournal@@@ATL@@UEAAJK@Z 0000000180002648 f i ElectronicJournal.obj
 0001:00001648       ?SetMoniker@?$IOleObjectImpl@VCOPOSElectronicJournal@@@ATL@@UEAAJKPEAUIMoniker@@@Z 0000000180002648 f i ElectronicJournal.obj
 0001:00001648       ?OnMnemonic@?$IOleControlImpl@VCOPOSElectronicJournal@@@ATL@@UEAAJPEAUtagMSG@@@Z 0000000180002648 f i ElectronicJournal.obj
 0001:00001648       ?QueryGetData@?$IDataObjectImpl@VCOPOSElectronicJournal@@@ATL@@UEAAJPEAUtagFORMATETC@@@Z 0000000180002648 f i ElectronicJournal.obj
 0001:00001648       ?ReactivateAndUndo@?$IOleInPlaceObjectWindowlessImpl@VCOPOSElectronicJournal@@@ATL@@UEAAJXZ 0000000180002648 f i ElectronicJournal.obj
 0001:00001648       ?GetDropTarget@?$IOleInPlaceObjectWindowlessImpl@VCOPOSElectronicJournal@@@ATL@@UEAAJPEAPEAUIDropTarget@@@Z 0000000180002648 f i ElectronicJournal.obj
 0001:00001648       ?SetData@?$IDataObjectImpl@VCOPOSElectronicJournal@@@ATL@@UEAAJPEAUtagFORMATETC@@PEAUtagSTGMEDIUM@@H@Z 0000000180002648 f i ElectronicJournal.obj
 0001:00001648       ?ContextSensitiveHelp@?$IOleInPlaceActiveObjectImpl@VCOPOSElectronicJournal@@@ATL@@UEAAJH@Z 0000000180002648 f i ElectronicJournal.obj
 0001:00001648       ?GetControlInfo@?$IOleControlImpl@VCOPOSElectronicJournal@@@ATL@@UEAAJPEAUtagCONTROLINFO@@@Z 0000000180002648 f i ElectronicJournal.obj
 0001:00001648       ?GetColorSet@?$IViewObjectExImpl@VCOPOSElectronicJournal@@@ATL@@UEAAJKJPEAXPEAUtagDVTARGETDEVICE@@PEAUHDC__@@PEAPEAUtagLOGPALETTE@@@Z 0000000180002648 f i ElectronicJournal.obj
 0001:00001648       ?EnumFormatEtc@?$IDataObjectImpl@VCOPOSElectronicJournal@@@ATL@@UEAAJKPEAPEAUIEnumFORMATETC@@@Z 0000000180002648 f i ElectronicJournal.obj
 0001:00001648       ?GetDataHere@?$IDataObjectImpl@VCOPOSElectronicJournal@@@ATL@@UEAAJPEAUtagFORMATETC@@PEAUtagSTGMEDIUM@@@Z 0000000180002648 f i ElectronicJournal.obj
 0001:00001650       ?SetClientSite@?$IOleObjectImpl@VCOPOSElectronicJournal@@@ATL@@UEAAJPEAUIOleClientSite@@@Z 0000000180002650 f i ElectronicJournal.obj
 0001:0000166c       ?GetClientSite@?$IOleObjectImpl@VCOPOSElectronicJournal@@@ATL@@UEAAJPEAPEAUIOleClientSite@@@Z 000000018000266c f i ElectronicJournal.obj
 0001:000016b4       ?Close@?$IOleObjectImpl@VCOPOSElectronicJournal@@@ATL@@UEAAJK@Z 00000001800026b4 f i ElectronicJournal.obj
 0001:000016d0       ?DoVerb@?$IOleObjectImpl@VCOPOSElectronicJournal@@@ATL@@UEAAJJPEAUtagMSG@@PEAUIOleClientSite@@JPEAUHWND__@@PEBUtagRECT@@@Z 00000001800026d0 f i ElectronicJournal.obj
 0001:00001874       ?EnumVerbs@?$IOleObjectImpl@VCOPOSElectronicJournal@@@ATL@@UEAAJPEAPEAUIEnumOLEVERB@@@Z 0000000180002874 f i ElectronicJournal.obj
 0001:00001890       ?GetUserType@?$IOleObjectImpl@VCOPOSElectronicJournal@@@ATL@@UEAAJKPEAPEA_W@Z 0000000180002890 f i ElectronicJournal.obj
 0001:000018a0       ?SetExtent@?$IOleObjectImpl@VCOPOSElectronicJournal@@@ATL@@UEAAJKPEAUtagSIZE@@@Z 00000001800028a0 f i ElectronicJournal.obj
 0001:000018bc       ?GetExtent@?$IOleObjectImpl@VCOPOSElectronicJournal@@@ATL@@UEAAJKPEAUtagSIZE@@@Z 00000001800028bc f i ElectronicJournal.obj
 0001:000018ec       ?Advise@?$IOleObjectImpl@VCOPOSElectronicJournal@@@ATL@@UEAAJPEAUIAdviseSink@@PEAK@Z 00000001800028ec f i ElectronicJournal.obj
 0001:00001948       ?Unadvise@?$IOleObjectImpl@VCOPOSElectronicJournal@@@ATL@@UEAAJK@Z 0000000180002948 f i ElectronicJournal.obj
 0001:00001980       ?EnumAdvise@?$IOleObjectImpl@VCOPOSElectronicJournal@@@ATL@@UEAAJPEAPEAUIEnumSTATDATA@@@Z 0000000180002980 f i ElectronicJournal.obj
 0001:000019c8       ?GetMiscStatus@?$IOleObjectImpl@VCOPOSElectronicJournal@@@ATL@@UEAAJKPEAK@Z 00000001800029c8 f i ElectronicJournal.obj
 0001:000019d8       ?GetWindow@?$IOleInPlaceActiveObjectImpl@VCOPOSElectronicJournal@@@ATL@@UEAAJPEAPEAUHWND__@@@Z 00000001800029d8 f i ElectronicJournal.obj
 0001:00001a2c       ?TranslateAcceleratorW@?$IOleInPlaceActiveObjectImpl@VCOPOSElectronicJournal@@@ATL@@UEAAJPEAUtagMSG@@@Z 0000000180002a2c f i ElectronicJournal.obj
 0001:00001b20       ?OnDocWindowActivate@?$IOleInPlaceActiveObjectImpl@VCOPOSElectronicJournal@@@ATL@@UEAAJH@Z 0000000180002b20 f i ElectronicJournal.obj
 0001:00001b4c       ?Draw@?$IViewObjectExImpl@VCOPOSElectronicJournal@@@ATL@@UEAAJKJPEAXPEAUtagDVTARGETDEVICE@@PEAUHDC__@@2PEBU_RECTL@@3P6AH_K@Z4@Z 0000000180002b4c f i ElectronicJournal.obj
 0001:00001bb0       ?SetAdvise@?$IViewObjectExImpl@VCOPOSElectronicJournal@@@ATL@@UEAAJKKPEAUIAdviseSink@@@Z 0000000180002bb0 f i ElectronicJournal.obj
 0001:00001c04       ?GetAdvise@?$IViewObjectExImpl@VCOPOSElectronicJournal@@@ATL@@UEAAJPEAK0PEAPEAUIAdviseSink@@@Z 0000000180002c04 f i ElectronicJournal.obj
 0001:00001c40       ?GetExtent@?$IViewObjectExImpl@VCOPOSElectronicJournal@@@ATL@@UEAAJKJPEAUtagDVTARGETDEVICE@@PEAUtagSIZE@@@Z 0000000180002c40 f i ElectronicJournal.obj
 0001:00001c70       ?GetViewStatus@?$IViewObjectExImpl@VCOPOSElectronicJournal@@@ATL@@UEAAJPEAK@Z 0000000180002c70 f i ElectronicJournal.obj
 0001:00001c84       ?QueryHitPoint@?$IViewObjectExImpl@VCOPOSElectronicJournal@@@ATL@@UEAAJKPEBUtagRECT@@UtagPOINT@@JPEAK@Z 0000000180002c84 f i ElectronicJournal.obj
 0001:00001cc8       ?QueryHitRect@?$IViewObjectExImpl@VCOPOSElectronicJournal@@@ATL@@UEAAJKPEBUtagRECT@@0JPEAK@Z 0000000180002cc8 f i ElectronicJournal.obj
 0001:00001d30       ?GetNaturalExtent@?$IViewObjectExImpl@VCOPOSElectronicJournal@@@ATL@@UEAAJKJPEAUtagDVTARGETDEVICE@@PEAUHDC__@@PEAUtagExtentInfo@@PEAUtagSIZE@@@Z 0000000180002d30 f i ElectronicJournal.obj
 0001:00001d78       ?GetWindow@?$IOleInPlaceObjectWindowlessImpl@VCOPOSElectronicJournal@@@ATL@@UEAAJPEAPEAUHWND__@@@Z 0000000180002d78 f i ElectronicJournal.obj
 0001:00001dcc       ?InPlaceDeactivate@?$IOleInPlaceObjectWindowlessImpl@VCOPOSElectronicJournal@@@ATL@@UEAAJXZ 0000000180002dcc f i ElectronicJournal.obj
 0001:00001de8       ?UIDeactivate@?$IOleInPlaceObjectWindowlessImpl@VCOPOSElectronicJournal@@@ATL@@UEAAJXZ 0000000180002de8 f i ElectronicJournal.obj
 0001:00001e04       ?SetObjectRects@?$IOleInPlaceObjectWindowlessImpl@VCOPOSElectronicJournal@@@ATL@@UEAAJPEBUtagRECT@@0@Z 0000000180002e04 f i ElectronicJournal.obj
 0001:00001e20       ?OnWindowMessage@?$IOleInPlaceObjectWindowlessImpl@VCOPOSElectronicJournal@@@ATL@@UEAAJI_K_JPEA_J@Z 0000000180002e20 f i ElectronicJournal.obj
 0001:00001ee8       ?EnumConnectionPoints@?$IConnectionPointContainerImpl@VCOPOSElectronicJournal@@@ATL@@UEAAJPEAPEAUIEnumConnectionPoints@@@Z 0000000180002ee8 f i ElectronicJournal.obj
 0001:00002130       ?FindConnectionPoint@?$IConnectionPointContainerImpl@VCOPOSElectronicJournal@@@ATL@@UEAAJAEBU_GUID@@PEAPEAUIConnectionPoint@@@Z 0000000180003130 f i ElectronicJournal.obj
 0001:00002200       ?IsDirty@?$IPersistStorageImpl@VCOPOSElectronicJournal@@@ATL@@UEAAJXZ 0000000180003200 f i ElectronicJournal.obj
 0001:00002240       ?InitNew@?$IPersistStorageImpl@VCOPOSElectronicJournal@@@ATL@@UEAAJPEAUIStorage@@@Z 0000000180003240 f i ElectronicJournal.obj
 0001:00002280       ?Load@?$IPersistStorageImpl@VCOPOSElectronicJournal@@@ATL@@UEAAJPEAUIStorage@@@Z 0000000180003280 f i ElectronicJournal.obj
 0001:00002320       ?Save@?$IPersistStorageImpl@VCOPOSElectronicJournal@@@ATL@@UEAAJPEAUIStorage@@H@Z 0000000180003320 f i ElectronicJournal.obj
 0001:000023d0       ?GetPages@?$ISpecifyPropertyPagesImpl@VCOPOSElectronicJournal@@@ATL@@UEAAJPEAUtagCAUUID@@@Z 00000001800033d0 f i ElectronicJournal.obj
 0001:000023dc       ?QuickActivate@?$IQuickActivateImpl@VCOPOSElectronicJournal@@@ATL@@UEAAJPEAUtagQACONTAINER@@PEAUtagQACONTROL@@@Z 00000001800033dc f i ElectronicJournal.obj
 0001:000023f8       ?SetContentExtent@?$IQuickActivateImpl@VCOPOSElectronicJournal@@@ATL@@UEAAJPEAUtagSIZE@@@Z 00000001800033f8 f i ElectronicJournal.obj
 0001:0000242c       ?GetContentExtent@?$IQuickActivateImpl@VCOPOSElectronicJournal@@@ATL@@UEAAJPEAUtagSIZE@@@Z 000000018000342c f i ElectronicJournal.obj
 0001:00002464       ?GetData@?$IDataObjectImpl@VCOPOSElectronicJournal@@@ATL@@UEAAJPEAUtagFORMATETC@@PEAUtagSTGMEDIUM@@@Z 0000000180003464 f i ElectronicJournal.obj
 0001:00002480       ?DAdvise@?$IDataObjectImpl@VCOPOSElectronicJournal@@@ATL@@UEAAJPEAUtagFORMATETC@@KPEAUIAdviseSink@@PEAK@Z 0000000180003480 f i ElectronicJournal.obj
 0001:00002508       ?DUnadvise@?$IDataObjectImpl@VCOPOSElectronicJournal@@@ATL@@UEAAJK@Z 0000000180003508 f i ElectronicJournal.obj
 0001:00002534       ?EnumDAdvise@?$IDataObjectImpl@VCOPOSElectronicJournal@@@ATL@@UEAAJPEAPEAUIEnumSTATDATA@@@Z 0000000180003534 f i ElectronicJournal.obj
 0001:00002570       ?GetClassInfoW@?$IProvideClassInfo2Impl@$1?CLSID_OPOSElectronicJournal@@3U_GUID@@B$1?DIID__IOPOSElectronicJournalEvents@@3U2@B$1?LIBID_OposElectronicJournal_CCO@@3U2@B$00$0A@VCComTypeInfoHolder@ATL@@@ATL@@UEAAJPEAPEAUITypeInfo@@@Z 0000000180003570 f i ElectronicJournal.obj
 0001:000025c8       ?GetGUID@?$IProvideClassInfo2Impl@$1?CLSID_OPOSElectronicJournal@@3U_GUID@@B$1?DIID__IOPOSElectronicJournalEvents@@3U2@B$1?LIBID_OposElectronicJournal_CCO@@3U2@B$00$0A@VCComTypeInfoHolder@ATL@@@ATL@@UEAAJKPEAU_GUID@@@Z 00000001800035c8 f i ElectronicJournal.obj
 0001:000025fc       ?AddRef@CRegObject@ATL@@UEAAKXZ 00000001800035fc f i ElectronicJournal.obj
 0001:000025fc       ?FAccessAllowed@?$IObjectSafetyImpl@VCOPOSElectronicJournal@@$02@ATL@@MEAAHXZ 00000001800035fc f i ElectronicJournal.obj
 0001:000025fc       _get_startup_argv_mode     00000001800035fc f i LIBCMT:argv_mode.obj
 0001:00002604       ?GetInterfaceSafetyOptions@?$IObjectSafetyImpl@VCOPOSElectronicJournal@@$02@ATL@@UEAAJAEBU_GUID@@PEAK1@Z 0000000180003604 f i ElectronicJournal.obj
 0001:00002698       ?SetInterfaceSafetyOptions@?$IObjectSafetyImpl@VCOPOSElectronicJournal@@$02@ATL@@UEAAJAEBU_GUID@@KK@Z 0000000180003698 f i ElectronicJournal.obj
 0001:0000273c       ?_LocCPQueryInterface@?$IConnectionPointImpl@VCOPOSElectronicJournal@@$1?DIID__IOPOSElectronicJournalEvents@@3U_GUID@@BVCComDynamicUnkArray@ATL@@@ATL@@UEAAJAEBU_GUID@@PEAPEAX@Z 000000018000373c f i ElectronicJournal.obj
 0001:0000273c       ?_LocCPQueryInterface@?$IConnectionPointImpl@VCOPOSElectronicJournal@@$1?IID_IPropertyNotifySink@@3U_GUID@@BVCComDynamicUnkArray@ATL@@@ATL@@UEAAJAEBU_GUID@@PEAPEAX@Z 000000018000373c f i ElectronicJournal.obj
 0001:000027b0       ?GetConnectionInterface@?$IConnectionPointImpl@VCOPOSElectronicJournal@@$1?IID_IPropertyNotifySink@@3U_GUID@@BVCComDynamicUnkArray@ATL@@@ATL@@UEAAJPEAU_GUID@@@Z 00000001800037b0 f i ElectronicJournal.obj
 0001:000027cc       ?GetConnectionPointContainer@?$IConnectionPointImpl@VCOPOSElectronicJournal@@$1?IID_IPropertyNotifySink@@3U_GUID@@BVCComDynamicUnkArray@ATL@@@ATL@@UEAAJPEAPEAUIConnectionPointContainer@@@Z 00000001800037cc f i ElectronicJournal.obj
 0001:000027ec       ?Advise@?$IConnectionPointImpl@VCOPOSElectronicJournal@@$1?IID_IPropertyNotifySink@@3U_GUID@@BVCComDynamicUnkArray@ATL@@@ATL@@UEAAJPEAUIUnknown@@PEAK@Z 00000001800037ec f i ElectronicJournal.obj
 0001:000027ec       ?Advise@?$IConnectionPointImpl@VCOPOSElectronicJournal@@$1?DIID__IOPOSElectronicJournalEvents@@3U_GUID@@BVCComDynamicUnkArray@ATL@@@ATL@@UEAAJPEAUIUnknown@@PEAK@Z 00000001800037ec f i ElectronicJournal.obj
 0001:000028a8       ?Unadvise@?$IConnectionPointImpl@VCOPOSElectronicJournal@@$1?DIID__IOPOSElectronicJournalEvents@@3U_GUID@@BVCComDynamicUnkArray@ATL@@@ATL@@UEAAJK@Z 00000001800038a8 f i ElectronicJournal.obj
 0001:000028a8       ?Unadvise@?$IConnectionPointImpl@VCOPOSElectronicJournal@@$1?IID_IPropertyNotifySink@@3U_GUID@@BVCComDynamicUnkArray@ATL@@@ATL@@UEAAJK@Z 00000001800038a8 f i ElectronicJournal.obj
 0001:00002910       ?EnumConnections@?$IConnectionPointImpl@VCOPOSElectronicJournal@@$1?IID_IPropertyNotifySink@@3U_GUID@@BVCComDynamicUnkArray@ATL@@@ATL@@UEAAJPEAPEAUIEnumConnections@@@Z 0000000180003910 f i ElectronicJournal.obj
 0001:00002910       ?EnumConnections@?$IConnectionPointImpl@VCOPOSElectronicJournal@@$1?DIID__IOPOSElectronicJournalEvents@@3U_GUID@@BVCComDynamicUnkArray@ATL@@@ATL@@UEAAJPEAPEAUIEnumConnections@@@Z 0000000180003910 f i ElectronicJournal.obj
 0001:00002aa4       ?GetConnectionInterface@?$IConnectionPointImpl@VCOPOSElectronicJournal@@$1?DIID__IOPOSElectronicJournalEvents@@3U_GUID@@BVCComDynamicUnkArray@ATL@@@ATL@@UEAAJPEAU_GUID@@@Z 0000000180003aa4 f i ElectronicJournal.obj
 0001:00002ac0       ?GetConnectionPointContainer@?$IConnectionPointImpl@VCOPOSElectronicJournal@@$1?DIID__IOPOSElectronicJournalEvents@@3U_GUID@@BVCComDynamicUnkArray@ATL@@@ATL@@UEAAJPEAPEAUIConnectionPointContainer@@@Z 0000000180003ac0 f i ElectronicJournal.obj
 0001:00002ae0       ?Lock@CAtlModule@ATL@@UEAAJXZ 0000000180003ae0 f i ElectronicJournal.obj
 0001:00002af0       ?Unlock@CAtlModule@ATL@@UEAAJXZ 0000000180003af0 f i ElectronicJournal.obj
 0001:00002afc       ?GetLockCount@CAtlModule@ATL@@UEAAJXZ 0000000180003afc f i ElectronicJournal.obj
 0001:00002b00       ?GetGITPtr@CAtlModule@ATL@@UEAAJPEAPEAUIGlobalInterfaceTable@@@Z 0000000180003b00 f i ElectronicJournal.obj
 0001:00002b70       ?UpdateRegistry@COPOSElectronicJournal@@SAJH@Z 0000000180003b70 f i ElectronicJournal.obj
 0001:00002b88       ?ProcessWindowMessage@COPOSElectronicJournal@@UEAAHPEAUHWND__@@I_K_JAEA_JK@Z 0000000180003b88 f i ElectronicJournal.obj
 0001:00002c18       ?SOData@COPOSElectronicJournal@@MEAAJJ@Z 0000000180003c18 f i ElectronicJournal.obj
 0001:00002c68       ?SODirectIO@COPOSElectronicJournal@@MEAAJJPEAJPEAPEA_W@Z 0000000180003c68 f i ElectronicJournal.obj
 0001:00002ce0       ?SOError@COPOSElectronicJournal@@MEAAJJJJPEAJ@Z 0000000180003ce0 f i ElectronicJournal.obj
 0001:00002d68       ?SOOutputComplete@COPOSElectronicJournal@@MEAAJJ@Z 0000000180003d68 f i ElectronicJournal.obj
 0001:00002db8       ?SOStatusUpdate@COPOSElectronicJournal@@MEAAJJ@Z 0000000180003db8 f i ElectronicJournal.obj
 0001:00002e08       ?AddCommonRGSReplacements@?$CAtlModuleT@VCComModule@ATL@@@ATL@@UEAAJPEAUIRegistrarBase@@@Z 0000000180003e08 f i ElectronicJournal.obj
 0001:00002e20       ?UpdateRegistryFromResourceD@CComModule@ATL@@UEAAJPEB_WHPEAU_ATL_REGMAP_ENTRY@2@@Z 0000000180003e20 f i ElectronicJournal.obj
 0001:00002e20       ?UpdateRegistryFromResourceD@CComModule@ATL@@UEAAJIHPEAU_ATL_REGMAP_ENTRY@2@@Z 0000000180003e20 f i ElectronicJournal.obj
 0001:00002e28       ?UpdateRegistryFromResource@CComModule@ATL@@UEAAJPEB_WHPEAU_ATL_REGMAP_ENTRY@2@@Z 0000000180003e28 f i ElectronicJournal.obj
 0001:00002e30       ?UpdateRegistryFromResource@CComModule@ATL@@UEAAJIHPEAU_ATL_REGMAP_ENTRY@2@@Z 0000000180003e30 f i ElectronicJournal.obj
 0001:00002e38       ??_ECComModule@ATL@@UEAAPEAXI@Z 0000000180003e38 f i ElectronicJournal.obj
 0001:00002e38       ??_GCComModule@ATL@@UEAAPEAXI@Z 0000000180003e38 f i ElectronicJournal.obj
 0001:00002e78       ?CreateInstance@?$CComCreator@V?$CComObjectCached@VCComClassFactory@ATL@@@ATL@@@ATL@@SAJPEAXAEBU_GUID@@PEAPEAX@Z 0000000180003e78 f i ElectronicJournal.obj
 0001:00002f9c       ?CreateInstance@?$CComCreator2@V?$CComCreator@V?$CComObject@VCOPOSElectronicJournal@@@ATL@@@ATL@@V?$CComCreator@V?$CComAggObject@VCOPOSElectronicJournal@@@ATL@@@2@@ATL@@SAJPEAXAEBU_GUID@@PEAPEAX@Z 0000000180003f9c f i ElectronicJournal.obj
 0001:00002fac       ?AddRef@?$CComObjectCached@VCComClassFactory@ATL@@@ATL@@UEAAKXZ 0000000180003fac f i ElectronicJournal.obj
 0001:00002fd8       ?Release@?$CComObjectCached@VCComClassFactory@ATL@@@ATL@@UEAAKXZ 0000000180003fd8 f i ElectronicJournal.obj
 0001:00003018       ?QueryInterface@?$CComObjectCached@VCComClassFactory@ATL@@@ATL@@UEAAJAEBU_GUID@@PEAPEAX@Z 0000000180004018 f i ElectronicJournal.obj
 0001:0000302c       ??_G?$CComObjectCached@VCComClassFactory@ATL@@@ATL@@UEAAPEAXI@Z 000000018000402c f i ElectronicJournal.obj
 0001:0000302c       ??_E?$CComObjectCached@VCComClassFactory@ATL@@@ATL@@UEAAPEAXI@Z 000000018000402c f i ElectronicJournal.obj
 0001:00003084       ?Next@?$CComEnumImpl@UIEnumConnectionPoints@@$1?_GUID_b196b285_bab4_101a_b69c_00aa00341d07@@3U__s_GUID@@BPEAUIConnectionPoint@@V?$_CopyInterface@UIConnectionPoint@@@ATL@@@ATL@@UEAAJKPEAPEAUIConnectionPoint@@PEAK@Z 0000000180004084 f i ElectronicJournal.obj
 0001:00003148       ?Skip@?$CComEnumImpl@UIEnumConnectionPoints@@$1?_GUID_b196b285_bab4_101a_b69c_00aa00341d07@@3U__s_GUID@@BPEAUIConnectionPoint@@V?$_CopyInterface@UIConnectionPoint@@@ATL@@@ATL@@UEAAJK@Z 0000000180004148 f i ElectronicJournal.obj
 0001:00003174       ?Clone@?$CComEnumImpl@UIEnumConnectionPoints@@$1?_GUID_b196b285_bab4_101a_b69c_00aa00341d07@@3U__s_GUID@@BPEAUIConnectionPoint@@V?$_CopyInterface@UIConnectionPoint@@@ATL@@@ATL@@UEAAJPEAPEAUIEnumConnectionPoints@@@Z 0000000180004174 f i ElectronicJournal.obj
 0001:000032a0       ?QueryInterface@?$CComObject@V?$CComEnum@UIEnumConnectionPoints@@$1?_GUID_b196b285_bab4_101a_b69c_00aa00341d07@@3U__s_GUID@@BPEAUIConnectionPoint@@V?$_CopyInterface@UIConnectionPoint@@@ATL@@VCComSingleThreadModel@6@@ATL@@@ATL@@UEAAJAEBU_GUID@@PEAPEAX@Z 00000001800042a0 f i ElectronicJournal.obj
 0001:000032b4       ??_E?$CComObject@V?$CComEnum@UIEnumConnectionPoints@@$1?_GUID_b196b285_bab4_101a_b69c_00aa00341d07@@3U__s_GUID@@BPEAUIConnectionPoint@@V?$_CopyInterface@UIConnectionPoint@@@ATL@@VCComSingleThreadModel@6@@ATL@@@ATL@@UEAAPEAXI@Z 00000001800042b4 f i ElectronicJournal.obj
 0001:000032b4       ??_G?$CComObject@V?$CComEnum@UIEnumConnectionPoints@@$1?_GUID_b196b285_bab4_101a_b69c_00aa00341d07@@3U__s_GUID@@BPEAUIConnectionPoint@@V?$_CopyInterface@UIConnectionPoint@@@ATL@@VCComSingleThreadModel@6@@ATL@@@ATL@@UEAAPEAXI@Z 00000001800042b4 f i ElectronicJournal.obj
 0001:0000330c       ?AddReplacement@CRegObject@ATL@@UEAAJPEB_W0@Z 000000018000430c f i ElectronicJournal.obj
 0001:0000333c       ?ClearReplacements@CRegObject@ATL@@UEAAJXZ 000000018000433c f i ElectronicJournal.obj
 0001:00003348       ??_ECRegObject@ATL@@UEAAPEAXI@Z 0000000180004348 f i ElectronicJournal.obj
 0001:00003348       ??_GCRegObject@ATL@@UEAAPEAXI@Z 0000000180004348 f i ElectronicJournal.obj
 0001:000033c8       ?AddRef@?$CComAggObject@VCOPOSElectronicJournal@@@ATL@@UEAAKXZ 00000001800043c8 f i ElectronicJournal.obj
 0001:000033d4       ?Release@?$CComAggObject@VCOPOSElectronicJournal@@@ATL@@UEAAKXZ 00000001800043d4 f i ElectronicJournal.obj
 0001:00003428       ?QueryInterface@?$CComAggObject@VCOPOSElectronicJournal@@@ATL@@UEAAJAEBU_GUID@@PEAPEAX@Z 0000000180004428 f i ElectronicJournal.obj
 0001:00003488       ?AddRef@?$CComContainedObject@VCOPOSElectronicJournal@@@ATL@@UEAAKXZ 0000000180004488 f i ElectronicJournal.obj
 0001:00003498       ?Release@?$CComContainedObject@VCOPOSElectronicJournal@@@ATL@@UEAAKXZ 0000000180004498 f i ElectronicJournal.obj
 0001:000034a8       ?QueryInterface@?$CComContainedObject@VCOPOSElectronicJournal@@@ATL@@UEAAJAEBU_GUID@@PEAPEAX@Z 00000001800044a8 f i ElectronicJournal.obj
 0001:000034b8       ??_E?$CComAggObject@VCOPOSElectronicJournal@@@ATL@@UEAAPEAXI@Z 00000001800044b8 f i ElectronicJournal.obj
 0001:000034b8       ??_G?$CComAggObject@VCOPOSElectronicJournal@@@ATL@@UEAAPEAXI@Z 00000001800044b8 f i ElectronicJournal.obj
 0001:00003510       ?AddRef@?$CComObject@VCOPOSElectronicJournal@@@ATL@@UEAAKXZ 0000000180004510 f i ElectronicJournal.obj
 0001:00003520       ?Release@?$CComObject@VCOPOSElectronicJournal@@@ATL@@UEAAKXZ 0000000180004520 f i ElectronicJournal.obj
 0001:00003578       ?QueryInterface@?$CComObject@VCOPOSElectronicJournal@@@ATL@@UEAAJAEBU_GUID@@PEAPEAX@Z 0000000180004578 f i ElectronicJournal.obj
 0001:0000358c       ?OnDrawAdvanced@CComControlBase@ATL@@UEAAJAEAUATL_DRAWINFO@@@Z 000000018000458c f i ElectronicJournal.obj
 0001:00003718       ??$AtlModuleRegisterWndClassInfoT@VAtlModuleRegisterWndClassInfoParamW@ATL@@@ATL@@YAGPEAU_ATL_BASE_MODULE70@0@PEAU_ATL_WIN_MODULE70@0@PEAU_ATL_WNDCLASSINFOW@0@PEAP6A_JPEAUHWND__@@I_K_J@ZVAtlModuleRegisterWndClassInfoParamW@0@@Z 0000000180004718 f i ElectronicJournal.obj
 0001:00003918       ??0?$CComContainedObject@VCOPOSElectronicJournal@@@ATL@@QEAA@PEAX@Z 0000000180004918 f i ElectronicJournal.obj
 0001:00003a34       ??0?$CComObject@VCOPOSElectronicJournal@@@ATL@@QEAA@PEAX@Z 0000000180004a34 f i ElectronicJournal.obj
 0001:00003b4c       ??0CAtlModule@ATL@@QEAA@XZ 0000000180004b4c f i ElectronicJournal.obj
 0001:00003bc0       ??1?$CComEnumImpl@UIEnumConnectionPoints@@$1?_GUID_b196b285_bab4_101a_b69c_00aa00341d07@@3U__s_GUID@@BPEAUIConnectionPoint@@V?$_CopyInterface@UIConnectionPoint@@@ATL@@@ATL@@UEAA@XZ 0000000180004bc0 f i ElectronicJournal.obj
 0001:00003c18       ??1?$CComEnumImpl@UIEnumConnections@@$1?_GUID_b196b287_bab4_101a_b69c_00aa00341d07@@3U__s_GUID@@BUtagCONNECTDATA@@V?$_Copy@UtagCONNECTDATA@@@ATL@@@ATL@@UEAA@XZ 0000000180004c18 f i ElectronicJournal.obj
 0001:00003c70       ??1?$CComObject@VCOPOSElectronicJournal@@@ATL@@UEAA@XZ 0000000180004c70 f i ElectronicJournal.obj
 0001:00003d90       ??_E?$CComContainedObject@VCOPOSElectronicJournal@@@ATL@@UEAAPEAXI@Z 0000000180004d90 f i ElectronicJournal.obj
 0001:00003d90       ??_G?$CComContainedObject@VCOPOSElectronicJournal@@@ATL@@UEAAPEAXI@Z 0000000180004d90 f i ElectronicJournal.obj
 0001:00003dc4       ??_E?$CComObject@VCOPOSElectronicJournal@@@ATL@@UEAAPEAXI@Z 0000000180004dc4 f i ElectronicJournal.obj
 0001:00003dc4       ??_G?$CComObject@VCOPOSElectronicJournal@@@ATL@@UEAAPEAXI@Z 0000000180004dc4 f i ElectronicJournal.obj
 0001:00003df8       ?Add@?$CSimpleArray@GV?$CSimpleArrayEqualHelper@G@ATL@@@ATL@@QEAAHAEBG@Z 0000000180004df8 f i ElectronicJournal.obj
 0001:00003e98       ?Add@?$CSimpleMap@PEA_WPEA_WVCExpansionVectorEqualHelper@ATL@@@ATL@@QEAAHAEBQEA_W0@Z 0000000180004e98 f i ElectronicJournal.obj
 0001:00003f34       ?Add@CComDynamicUnkArray@ATL@@QEAAKPEAUIUnknown@@@Z 0000000180004f34 f i ElectronicJournal.obj
 0001:00004018       ?Add@CExpansionVector@ATL@@QEAAHPEB_W0@Z 0000000180005018 f i ElectronicJournal.obj
 0001:0000414c       ?AddTermFunc@CAtlModule@ATL@@QEAAJP6AX_K@Z0@Z 000000018000514c f i ElectronicJournal.obj
 0001:000041e8       ?AddValue@CRegParser@ATL@@IEAAJAEAVCRegKey@2@PEB_WPEA_W@Z 00000001800051e8 f i ElectronicJournal.obj
 0001:000045f8       ?AllocateHeap@?$CTempBuffer@_W$0EAA@VCCRTAllocator@ATL@@@ATL@@AEAAX_K@Z 00000001800055f8 f i ElectronicJournal.obj
 0001:000045f8       ?AllocateHeap@?$CTempBuffer@E$0BAA@VCCRTAllocator@ATL@@@ATL@@AEAAX_K@Z 00000001800055f8 f i ElectronicJournal.obj
 0001:000045f8       ?AllocateHeap@?$CTempBuffer@_W$0BAA@VCCRTAllocator@ATL@@@ATL@@AEAAX_K@Z 00000001800055f8 f i ElectronicJournal.obj
 0001:00004624       ?Append@CParseBuffer@CRegParser@ATL@@QEAAHPEB_WH@Z 0000000180005624 f i ElectronicJournal.obj
 0001:00004758       ?AtlComModuleGetClassObject@ATL@@YAJPEAU_ATL_COM_MODULE70@1@AEBU_GUID@@1PEAPEAX@Z 0000000180005758 f i ElectronicJournal.obj
 0001:00004894       ?AtlComModuleRegisterServer@ATL@@YAJPEAU_ATL_COM_MODULE70@1@HPEBU_GUID@@@Z 0000000180005894 f i ElectronicJournal.obj
 0001:00004954       ?AtlComModuleUnregisterServer@ATL@@YAJPEAU_ATL_COM_MODULE70@1@HPEBU_GUID@@@Z 0000000180005954 f i ElectronicJournal.obj
 0001:00004a10       ?AtlHiMetricToPixel@ATL@@YAXPEBUtagSIZE@@PEAU2@@Z 0000000180005a10 f i ElectronicJournal.obj
 0001:00004ac0       ?AtlHresultFromLastError@ATL@@YAJXZ 0000000180005ac0 f i ElectronicJournal.obj
 0001:00004ae0       ?AtlHresultFromWin32@ATL@@YAJK@Z 0000000180005ae0 f i ElectronicJournal.obj
 0001:00004af0       ?AtlInternalOleLoadFromStream@ATL@@YAJPEAUIStream@@AEBU_GUID@@PEAPEAXTClassesAllowedInStream@1@K@Z 0000000180005af0 f i ElectronicJournal.obj
 0001:00004c40       ?AtlInternalQueryInterface@ATL@@YAJPEAXPEBU_ATL_INTMAP_ENTRY@1@AEBU_GUID@@PEAPEAX@Z 0000000180005c40 f i ElectronicJournal.obj
 0001:00004d48       ?AtlLoadTypeLib@ATL@@YAJPEAUHINSTANCE__@@PEB_WPEAPEA_WPEAPEAUITypeLib@@@Z 0000000180005d48 f i ElectronicJournal.obj
 0001:00004fa4       ?AtlRegisterClassCategoriesHelper@ATL@@YAJAEBU_GUID@@PEBU_ATL_CATMAP_ENTRY@1@H@Z 0000000180005fa4 f i ElectronicJournal.obj
 0001:00005428       ?AtlRegisterTypeLib@ATL@@YAJPEAUHINSTANCE__@@PEB_W@Z 0000000180006428 f i ElectronicJournal.obj
 0001:00005624       ?AtlThrowImpl@ATL@@YAXJ@Z  0000000180006624 f i ElectronicJournal.obj
 0001:00005648       ?AtlUnRegisterTypeLib@ATL@@YAJPEAUHINSTANCE__@@PEB_W@Z 0000000180006648 f i ElectronicJournal.obj
 0001:00005710       ?AtlWinModuleExtractCreateWndData@ATL@@YAPEAXPEAU_ATL_WIN_MODULE70@1@@Z 0000000180006710 f i ElectronicJournal.obj
 0001:0000579c       ?ChToByte@CRegParser@ATL@@KAE_W@Z 000000018000679c f i ElectronicJournal.obj
 0001:00005828       ?Cleanup@CComTypeInfoHolder@ATL@@SAX_K@Z 0000000180006828 f i ElectronicJournal.obj
 0001:00005868       ?ClearReplacements@CExpansionVector@ATL@@QEAAJXZ 0000000180006868 f i ElectronicJournal.obj
 0001:00005904       ?CreateInstance@?$CComCreator@V?$CComAggObject@VCOPOSElectronicJournal@@@ATL@@@ATL@@SAJPEAXAEBU_GUID@@PEAPEAX@Z 0000000180006904 f i ElectronicJournal.obj
 0001:000059e8       ?CreateInstance@?$CComCreator@V?$CComObject@VCOPOSElectronicJournal@@@ATL@@@ATL@@SAJPEAXAEBU_GUID@@PEAPEAX@Z 00000001800069e8 f i ElectronicJournal.obj
 0001:00005aa8       ?CreateInstance@?$CComObject@V?$CComEnum@UIEnumConnectionPoints@@$1?_GUID_b196b285_bab4_101a_b69c_00aa00341d07@@3U__s_GUID@@BPEAUIConnectionPoint@@V?$_CopyInterface@UIConnectionPoint@@@ATL@@VCComSingleThreadModel@6@@ATL@@@ATL@@SAJPEAPEAV12@@Z 0000000180006aa8 f i ElectronicJournal.obj
 0001:00005b38       ?CreateInstance@?$CComObject@V?$CComEnum@UIEnumConnections@@$1?_GUID_b196b287_bab4_101a_b69c_00aa00341d07@@3U__s_GUID@@BUtagCONNECTDATA@@V?$_Copy@UtagCONNECTDATA@@@ATL@@VCComSingleThreadModel@6@@ATL@@@ATL@@SAJPEAPEAV12@@Z 0000000180006b38 f i ElectronicJournal.obj
 0001:00005bc8       ?DefaultReflectionHandler@?$CWindowImplRoot@VCWindow@ATL@@@ATL@@SAHPEAUHWND__@@I_K_JAEA_J@Z 0000000180006bc8 f i ElectronicJournal.obj
 0001:00005c5c       ?DeleteSubKey@CRegKey@ATL@@QEAAJPEB_W@Z 0000000180006c5c f i ElectronicJournal.obj
 0001:00005cf4       ?DoEvent@COPOSElectronicJournal@@IEAAXI_K_J@Z 0000000180006cf4 f i ElectronicJournal.obj
 0001:00005da8       ?DoVerbPrimary@?$IOleObjectImpl@VCOPOSElectronicJournal@@@ATL@@QEAAJPEBUtagRECT@@PEAUHWND__@@@Z 0000000180006da8 f i ElectronicJournal.obj
 0001:00005ed4       ?DoVerbProperties@CComControlBase@ATL@@QEAAJPEBUtagRECT@@PEAUHWND__@@@Z 0000000180006ed4 f i ElectronicJournal.obj
 0001:000060fc       ?FireTheEvent@?$CProxy_IOPOSEvents@VCOPOSElectronicJournal@@@@IEAAXPEAVOposVariant@@IAEAJPEB_WJ@Z 00000001800070fc f i ElectronicJournal.obj
 0001:000061e8       ?FireViewChange@CComControlBase@ATL@@QEAAJXZ 00000001800071e8 f i ElectronicJournal.obj
 0001:0000624c       ?Fire_DataEvent@?$CProxy_IOPOSEvents@VCOPOSElectronicJournal@@@@QEAAXJ@Z 000000018000724c f i ElectronicJournal.obj
 0001:00006338       ?Fire_DirectIOEvent@?$CProxy_IOPOSEvents@VCOPOSElectronicJournal@@@@QEAAXJPEAJPEAPEA_W@Z 0000000180007338 f i ElectronicJournal.obj
 0001:00006498       ?Fire_ErrorEvent@?$CProxy_IOPOSEvents@VCOPOSElectronicJournal@@@@QEAAXJJJPEAJ@Z 0000000180007498 f i ElectronicJournal.obj
 0001:0000660c       ?Fire_OutputCompleteEvent@?$CProxy_IOPOSEvents@VCOPOSElectronicJournal@@@@QEAAXJ@Z 000000018000760c f i ElectronicJournal.obj
 0001:000066f8       ?Fire_StatusUpdateEvent@?$CProxy_IOPOSEvents@VCOPOSElectronicJournal@@@@QEAAXJ@Z 00000001800076f8 f i ElectronicJournal.obj
 0001:000067e4       ?FreeHeap@?$CTempBuffer@E$0BAA@VCCRTAllocator@ATL@@@ATL@@AEAAXXZ 00000001800077e4 f i ElectronicJournal.obj
 0001:000067e4       ?FreeHeap@?$CTempBuffer@_W$0EAA@VCCRTAllocator@ATL@@@ATL@@AEAAXXZ 00000001800077e4 f i ElectronicJournal.obj
 0001:000067e4       ?FreeHeap@?$CTempBuffer@_W$0BAA@VCCRTAllocator@ATL@@@ATL@@AEAAXXZ 00000001800077e4 f i ElectronicJournal.obj
 0001:000067ec       ?GetAmbientLocaleID@CComControlBase@ATL@@QEAAJAEAK@Z 00000001800077ec f i ElectronicJournal.obj
 0001:000068ac       ?GetAmbientUserMode@CComControlBase@ATL@@QEAAJAEAH@Z 00000001800078ac f i ElectronicJournal.obj
 0001:0000697c       ?GetClassObject@CComModule@ATL@@QEAAJAEBU_GUID@@0PEAPEAX@Z 000000018000797c f i ElectronicJournal.obj
 0001:00006a70       ?GetConnMap@COPOSElectronicJournal@@SAPEBU_ATL_CONNMAP_ENTRY@ATL@@PEAH@Z 0000000180007a70 f i ElectronicJournal.obj
 0001:00006af8       ?GetIDsOfNames@CComTypeInfoHolder@ATL@@QEAAJAEBU_GUID@@PEAPEA_WIKPEAJ@Z 0000000180007af8 f i ElectronicJournal.obj
 0001:00006c68       ?GetPagesHelper@?$ISpecifyPropertyPagesImpl@VCOPOSElectronicJournal@@@ATL@@IEAAJPEAUtagCAUUID@@PEBUATL_PROPMAP_ENTRY@2@@Z 0000000180007c68 f i ElectronicJournal.obj
 0001:00006e08       ?GetSizeMax@CComVariant@ATL@@QEBAJPEAT_ULARGE_INTEGER@@@Z 0000000180007e08 f i ElectronicJournal.obj
 0001:00007038       ?GetTI@CComTypeInfoHolder@ATL@@QEAAJK@Z 0000000180008038 f i ElectronicJournal.obj
 0001:0000731c       ?GetZoomInfo@CComControlBase@ATL@@QEAAXAEAUATL_DRAWINFO@@@Z 000000018000831c f i ElectronicJournal.obj
 0001:000073c0       ?HKeyFromString@CRegParser@ATL@@KAPEAUHKEY__@@PEA_W@Z 00000001800083c0 f i ElectronicJournal.obj
 0001:00007424       ?IDataObject_GetData@CComControlBase@ATL@@QEAAJPEAUtagFORMATETC@@PEAUtagSTGMEDIUM@@@Z 0000000180008424 f i ElectronicJournal.obj
 0001:00007618       ?IOleInPlaceObject_InPlaceDeactivate@CComControlBase@ATL@@QEAAJXZ 0000000180008618 f i ElectronicJournal.obj
 0001:000076b8       ?IOleInPlaceObject_SetObjectRects@CComControlBase@ATL@@QEAAJPEBUtagRECT@@0@Z 00000001800086b8 f i ElectronicJournal.obj
 0001:000077a8       ?IOleInPlaceObject_UIDeactivate@CComControlBase@ATL@@QEAAJXZ 00000001800087a8 f i ElectronicJournal.obj
 0001:000078b4       ?IOleObject_Close@CComControlBase@ATL@@QEAAJK@Z 00000001800088b4 f i ElectronicJournal.obj
 0001:000079cc       ?IOleObject_SetClientSite@CComControlBase@ATL@@QEAAJPEAUIOleClientSite@@@Z 00000001800089cc f i ElectronicJournal.obj
 0001:00007a40       ?IOleObject_SetExtent@CComControlBase@ATL@@QEAAJKPEAUtagSIZE@@@Z 0000000180008a40 f i ElectronicJournal.obj
 0001:00007ad8       ?IPSI_GetIPersistStreamInit@?$IPersistStorageImpl@VCOPOSElectronicJournal@@@ATL@@AEAAPEAUIPersistStreamInit@@XZ 0000000180008ad8 f i ElectronicJournal.obj
 0001:00007bc0       ?IPersistStreamInit_Load@?$IPersistStreamInitImpl@VCOPOSElectronicJournal@@@ATL@@QEAAJPEAUIStream@@PEBUATL_PROPMAP_ENTRY@2@@Z 0000000180008bc0 f i ElectronicJournal.obj
 0001:00007ee8       ?IPersistStreamInit_Save@?$IPersistStreamInitImpl@VCOPOSElectronicJournal@@@ATL@@QEAAJPEAUIStream@@HPEBUATL_PROPMAP_ENTRY@2@@Z 0000000180008ee8 f i ElectronicJournal.obj
 0001:00008184       ?IQuickActivate_QuickActivate@CComControlBase@ATL@@QEAAJPEAUtagQACONTAINER@@PEAUtagQACONTROL@@@Z 0000000180009184 f i ElectronicJournal.obj
 0001:00008448       ?IViewObject_Draw@CComControlBase@ATL@@QEAAJKJPEAXPEAUtagDVTARGETDEVICE@@PEAUHDC__@@2PEBU_RECTL@@3@Z 0000000180009448 f i ElectronicJournal.obj
 0001:0000855c       ?InPlaceActivate@CComControlBase@ATL@@QEAAJJPEBUtagRECT@@@Z 000000018000955c f i ElectronicJournal.obj
 0001:0000888c       ?Init@?$CComEnumImpl@UIEnumConnectionPoints@@$1?_GUID_b196b285_bab4_101a_b69c_00aa00341d07@@3U__s_GUID@@BPEAUIConnectionPoint@@V?$_CopyInterface@UIConnectionPoint@@@ATL@@@ATL@@QEAAJPEAPEAUIConnectionPoint@@0PEAUIUnknown@@W4CComEnumFlags@2@@Z 000000018000988c f i ElectronicJournal.obj
 0001:000089a8       ?Init@?$CComEnumImpl@UIEnumConnections@@$1?_GUID_b196b287_bab4_101a_b69c_00aa00341d07@@3U__s_GUID@@BUtagCONNECTDATA@@V?$_Copy@UtagCONNECTDATA@@@ATL@@@ATL@@QEAAJPEAUtagCONNECTDATA@@0PEAUIUnknown@@W4CComEnumFlags@2@@Z 00000001800099a8 f i ElectronicJournal.obj
 0001:00008ac8       ?IsEqualObject@?$CComPtrBase@UIOleClientSite@@@ATL@@QEAA_NPEAUIUnknown@@@Z 0000000180009ac8 f i ElectronicJournal.obj
 0001:00008b54       ?LoadNameCache@CComTypeInfoHolder@ATL@@QEAAJPEAUITypeInfo@@@Z 0000000180009b54 f i ElectronicJournal.obj
 0001:00008ce4       ?Lookup@?$CSimpleMap@PEA_WPEA_WVCExpansionVectorEqualHelper@ATL@@@ATL@@QEBAPEA_WAEBQEA_W@Z 0000000180009ce4 f i ElectronicJournal.obj
 0001:00008d6c       ?NextToken@CRegParser@ATL@@IEAAJPEA_W@Z 0000000180009d6c f i ElectronicJournal.obj
 0001:00008f08       ?OnKillFocus@CComControlBase@ATL@@QEAA_JI_K_JAEAH@Z 0000000180009f08 f i ElectronicJournal.obj
 0001:00008fa4       ?OnMouseActivate@CComControlBase@ATL@@QEAA_JI_K_JAEAH@Z 0000000180009fa4 f i ElectronicJournal.obj
 0001:00009044       ?OnPaint@CComControlBase@ATL@@QEAA_JI_K_JAEAH@Z 000000018000a044 f i ElectronicJournal.obj
 0001:00009130       ?OnSetFocus@CComControlBase@ATL@@QEAA_JI_K_JAEAH@Z 000000018000a130 f i ElectronicJournal.obj
 0001:00009238       ?PreProcessBuffer@CRegParser@ATL@@QEAAJPEA_WPEAPEA_W@Z 000000018000a238 f i ElectronicJournal.obj
 0001:000095c0       ?ProcessWindowMessage@?$CComControl@VCOPOSElectronicJournal@@V?$CWindowImpl@VCOPOSElectronicJournal@@VCWindow@ATL@@V?$CWinTraits@$0FGAAAAAA@$0A@@3@@ATL@@@ATL@@UEAAHPEAUHWND__@@I_K_JAEA_JK@Z 000000018000a5c0 f i ElectronicJournal.obj
 0001:000096ac       ?ReadFromStream@CComBSTR@ATL@@QEAAJPEAUIStream@@@Z 000000018000a6ac f i ElectronicJournal.obj
 0001:000097fc       ?ReadFromStream@CComVariant@ATL@@QEAAJPEAUIStream@@GTClassesAllowedInStream@2@K@Z 000000018000a7fc f i ElectronicJournal.obj
 0001:00009a40       ?RecurseDeleteKey@CRegKey@ATL@@QEAAJPEB_W@Z 000000018000aa40 f i ElectronicJournal.obj
 0001:00009b98       ?RegCreateKeyExW@CAtlTransactionManager@ATL@@QEAAJPEAUHKEY__@@PEB_WKPEA_WKKQEAU_SECURITY_ATTRIBUTES@@PEAPEAU3@PEAK@Z 000000018000ab98 f i ElectronicJournal.obj
 0001:00009ccc       ?RegDeleteKeyW@CAtlTransactionManager@ATL@@QEAAJPEAUHKEY__@@PEB_W@Z 000000018000accc f i ElectronicJournal.obj
 0001:00009d58       ?RegOpenKeyExW@CAtlTransactionManager@ATL@@QEAAJPEAUHKEY__@@PEB_WKKPEAPEAU3@@Z 000000018000ad58 f i ElectronicJournal.obj
 0001:00009e10       ?RegisterBuffer@CRegParser@ATL@@QEAAJPEA_WH@Z 000000018000ae10 f i ElectronicJournal.obj
 0001:00009f7c       ?RegisterFromResource@CRegObject@ATL@@IEAAJPEB_W00H@Z 000000018000af7c f i ElectronicJournal.obj
 0001:0000a138       ?RegisterServer@CComModule@ATL@@QEAAJHPEBU_GUID@@@Z 000000018000b138 f i ElectronicJournal.obj
 0001:0000a1f4       ?RegisterSubkeys@CRegParser@ATL@@IEAAJPEA_WPEAUHKEY__@@HH@Z 000000018000b1f4 f i ElectronicJournal.obj
 0001:0000aa74       ?SendOnDataChange@CComControlBase@ATL@@QEAAJK@Z 000000018000ba74 f i ElectronicJournal.obj
 0001:0000aae4       ?SetControlFocus@CComControlBase@ATL@@QEAAHH@Z 000000018000bae4 f i ElectronicJournal.obj
 0001:0000abb4       ?SkipAssignment@CRegParser@ATL@@IEAAJPEA_W@Z 000000018000bbb4 f i ElectronicJournal.obj
 0001:0000ac6c       ?Term@CAtlModule@ATL@@QEAAXXZ 000000018000bc6c f i ElectronicJournal.obj
 0001:0000ad24       ?Term@CComModule@ATL@@QEAAXXZ 000000018000bd24 f i ElectronicJournal.obj
 0001:0000ada0       ?UnregisterServer@CComModule@ATL@@QEAAJHPEBU_GUID@@@Z 000000018000bda0 f i ElectronicJournal.obj
 0001:0000ae50       ?UpdateRegistryFromResource@CAtlModule@ATL@@QEAAJIHPEAU_ATL_REGMAP_ENTRY@2@@Z 000000018000be50 f i ElectronicJournal.obj
 0001:0000b15c       ?UpdateRegistryFromResource@CAtlModule@ATL@@QEAAJPEB_WHPEAU_ATL_REGMAP_ENTRY@2@@Z 000000018000c15c f i ElectronicJournal.obj
 0001:0000b480       ?VTFromRegType@CRegParser@ATL@@KAHPEB_WAEAG@Z 000000018000c480 f i ElectronicJournal.obj
 0001:0000b51c       ?WindowProc@?$CWindowImplBaseT@VCWindow@ATL@@V?$CWinTraits@$0FGAAAAAA@$0A@@2@@ATL@@SA_JPEAUHWND__@@I_K_J@Z 000000018000c51c f i ElectronicJournal.obj
 0001:0000b688       ?WriteToStream@CComVariant@ATL@@QEAAJPEAUIStream@@@Z 000000018000c688 f i ElectronicJournal.obj
 0001:0000b8f4       ?WriteToStream@CComVariant@ATL@@QEAAJPEAUIStream@@G@Z 000000018000c8f4 f i ElectronicJournal.obj
 0001:0000b98c       ?_AtlVerifyStackAvailable@_ATL_SAFE_ALLOCA_IMPL@ATL@@YA_N_K@Z 000000018000c98c f i ElectronicJournal.obj
 0001:0000ba10       ?atlCreate@?$CWindowImpl@VCOPOSElectronicJournal@@VCWindow@ATL@@V?$CWinTraits@$0FGAAAAAA@$0A@@3@@ATL@@QEAAPEAUHWND__@@PEAU3@V_U_RECT@2@PEB_WKKV_U_MENUorID@2@PEAX@Z 000000018000ca10 f i ElectronicJournal.obj
 0001:0000bacc       ?atlCreate@?$CWindowImplBaseT@VCWindow@ATL@@V?$CWinTraits@$0FGAAAAAA@$0A@@2@@ATL@@QEAAPEAUHWND__@@PEAU3@V_U_RECT@2@PEB_WKKV_U_MENUorID@2@GPEAX@Z 000000018000cacc f i ElectronicJournal.obj
 0001:0000bc3c       ?ocscpy_s@@YA_NPEA_W_KPEB_W@Z 000000018000cc3c f i ElectronicJournal.obj
 0001:0000bcec       DllCanUnloadNow            000000018000ccec f   ElectronicJournal.obj
 0001:0000bcf8       DllGetClassObject          000000018000ccf8 f   ElectronicJournal.obj
 0001:0000bd10       DllMain                    000000018000cd10 f   ElectronicJournal.obj
 0001:0000bdb8       DllRegisterServer          000000018000cdb8 f   ElectronicJournal.obj
 0001:0000bdcc       DllUnregisterServer        000000018000cdcc f   ElectronicJournal.obj
 0001:0000bde0       __local_stdio_printf_options 000000018000cde0 f i ElectronicJournal.obj
 0001:0000bde8       swprintf_s                 000000018000cde8 f i ElectronicJournal.obj
 0001:0000be3c       ??0COPOSElectronicJournal@@QEAA@XZ 000000018000ce3c f   ElectronicJournalImpl.obj
 0001:0000bf0c       ??1?$IConnectionPointImpl@VCOPOSElectronicJournal@@$1?DIID__IOPOSElectronicJournalEvents@@3U_GUID@@BVCComDynamicUnkArray@ATL@@@ATL@@QEAA@XZ 000000018000cf0c f i ElectronicJournalImpl.obj
 0001:0000bf0c       ??1?$IConnectionPointImpl@VCOPOSElectronicJournal@@$1?IID_IPropertyNotifySink@@3U_GUID@@BVCComDynamicUnkArray@ATL@@@ATL@@QEAA@XZ 000000018000cf0c f i ElectronicJournalImpl.obj
 0001:0000bf68       ??1CComControlBase@ATL@@UEAA@XZ 000000018000cf68 f i ElectronicJournalImpl.obj
 0001:0000bfe4       ??1COPOSElectronicJournal@@UEAA@XZ 000000018000cfe4 f   ElectronicJournalImpl.obj
 0001:0000c048       ?AddMarker@COPOSElectronicJournal@@UEAAJPEA_WPEAJ@Z 000000018000d048 f   ElectronicJournalImpl.obj
 0001:0000c0d0       ?CancelPrintContent@COPOSElectronicJournal@@UEAAJPEAJ@Z 000000018000d0d0 f   ElectronicJournalImpl.obj
 0001:0000c0f8       ?CancelQueryContent@COPOSElectronicJournal@@UEAAJPEAJ@Z 000000018000d0f8 f   ElectronicJournalImpl.obj
 0001:0000c120       ?CheckHealth@COPOSElectronicJournal@@UEAAJJPEAJ@Z 000000018000d120 f   ElectronicJournalImpl.obj
 0001:0000c19c       ?ClaimDevice@COPOSElectronicJournal@@UEAAJJPEAJ@Z 000000018000d19c f   ElectronicJournalImpl.obj
 0001:0000c23c       ?ClearInput@COPOSElectronicJournal@@UEAAJPEAJ@Z 000000018000d23c f   ElectronicJournalImpl.obj
 0001:0000c264       ?ClearOutput@COPOSElectronicJournal@@UEAAJPEAJ@Z 000000018000d264 f   ElectronicJournalImpl.obj
 0001:0000c28c       ?Close@COPOSElectronicJournal@@UEAAJPEAJ@Z 000000018000d28c f   ElectronicJournalImpl.obj
 0001:0000c344       ?CompareFirmwareVersion@COPOSElectronicJournal@@UEAAJPEA_WPEAJ1@Z 000000018000d344 f   ElectronicJournalImpl.obj
 0001:0000c420       ?DirectIO@COPOSElectronicJournal@@UEAAJJPEAJPEAPEA_W0@Z 000000018000d420 f   ElectronicJournalImpl.obj
 0001:0000c51c       ?DoInvoke@COPOSElectronicJournal@@IEAAJJPEAVOposVariant@@IHPEAJ_N@Z 000000018000d51c f   ElectronicJournalImpl.obj
 0001:0000c650       ?EraseMedium@COPOSElectronicJournal@@UEAAJPEAJ@Z 000000018000d650 f   ElectronicJournalImpl.obj
 0001:0000c678       ?EventInit@COPOSElectronicJournal@@IEAAJXZ 000000018000d678 f i ElectronicJournalImpl.obj
 0001:0000c7c8       ?EventUninit@COPOSElectronicJournal@@IEAAXXZ 000000018000d7c8 f i ElectronicJournalImpl.obj
 0001:0000c82c       ?EventWindowProc@COPOSElectronicJournal@@IEAA_JI_K_J@Z 000000018000d82c f i ElectronicJournalImpl.obj
 0001:0000c9f0       ?FinalConstruct@COPOSElectronicJournal@@QEAAJXZ 000000018000d9f0 f   ElectronicJournalImpl.obj
 0001:0000ca2c       ?FreezeEvents@COPOSElectronicJournal@@MEAAJH@Z 000000018000da2c f   ElectronicJournalImpl.obj
 0001:0000ca98       ?GetOposProp@COPOSElectronicJournal@@IEAAJJPEAJJ@Z 000000018000da98 f   ElectronicJournalImpl.obj
 0001:0000cbb4       ?GetOposProp@COPOSElectronicJournal@@IEAAJJPEAPEA_WJ@Z 000000018000dbb4 f   ElectronicJournalImpl.obj
 0001:0000cce0       ?InitializeMedium@COPOSElectronicJournal@@UEAAJPEA_WPEAJ@Z 000000018000dce0 f   ElectronicJournalImpl.obj
 0001:0000cd68       ?OnDraw@COPOSElectronicJournal@@MEAAJAEAUATL_DRAWINFO@@@Z 000000018000dd68 f   ElectronicJournalImpl.obj
 0001:0000ce54       ?Open@COPOSElectronicJournal@@UEAAJPEA_WPEAJ@Z 000000018000de54 f   ElectronicJournalImpl.obj
 0001:0000d6c4       ?PrintContent@COPOSElectronicJournal@@UEAAJPEA_W0PEAJ@Z 000000018000e6c4 f   ElectronicJournalImpl.obj
 0001:0000d7a0       ?PrintContentFile@COPOSElectronicJournal@@UEAAJPEA_WPEAJ@Z 000000018000e7a0 f   ElectronicJournalImpl.obj
 0001:0000d828       ?QueryContent@COPOSElectronicJournal@@UEAAJPEA_W00PEAJ@Z 000000018000e828 f   ElectronicJournalImpl.obj
 0001:0000d914       ?ReleaseDevice@COPOSElectronicJournal@@UEAAJPEAJ@Z 000000018000e914 f   ElectronicJournalImpl.obj
 0001:0000d980       ?ResetStatistics@COPOSElectronicJournal@@UEAAJPEA_WPEAJ@Z 000000018000e980 f   ElectronicJournalImpl.obj
 0001:0000da08       ?ResumePrintContent@COPOSElectronicJournal@@UEAAJPEAJ@Z 000000018000ea08 f   ElectronicJournalImpl.obj
 0001:0000da30       ?ResumeQueryContent@COPOSElectronicJournal@@UEAAJPEAJ@Z 000000018000ea30 f   ElectronicJournalImpl.obj
 0001:0000da58       ?RetrieveCurrentMarker@COPOSElectronicJournal@@UEAAJJPEAPEA_WPEAJ@Z 000000018000ea58 f   ElectronicJournalImpl.obj
 0001:0000db30       ?RetrieveMarker@COPOSElectronicJournal@@UEAAJJJJPEAPEA_WPEAJ@Z 000000018000eb30 f   ElectronicJournalImpl.obj
 0001:0000dc40       ?RetrieveMarkerByDateTime@COPOSElectronicJournal@@UEAAJJPEA_W0PEAPEA_WPEAJ@Z 000000018000ec40 f   ElectronicJournalImpl.obj
 0001:0000dd48       ?RetrieveMarkersDateTime@COPOSElectronicJournal@@UEAAJPEA_WPEAPEA_WPEAJ@Z 000000018000ed48 f   ElectronicJournalImpl.obj
 0001:0000de24       ?RetrieveStatistics@COPOSElectronicJournal@@UEAAJPEAPEA_WPEAJ@Z 000000018000ee24 f   ElectronicJournalImpl.obj
 0001:0000deac       ?SOProcessID@COPOSElectronicJournal@@UEAAJPEAJ@Z 000000018000eeac f   ElectronicJournalImpl.obj
 0001:0000dec8       ?SetCOFreezeEvents@COPOSElectronicJournal@@IEAAXF@Z 000000018000eec8 f   ElectronicJournalImpl.obj
 0001:0000dfac       ?SetOposProp@COPOSElectronicJournal@@IEAAJJJJ@Z 000000018000efac f   ElectronicJournalImpl.obj
 0001:0000e10c       ?SuspendPrintContent@COPOSElectronicJournal@@UEAAJPEAJ@Z 000000018000f10c f   ElectronicJournalImpl.obj
 0001:0000e134       ?SuspendQueryContent@COPOSElectronicJournal@@UEAAJPEAJ@Z 000000018000f134 f   ElectronicJournalImpl.obj
 0001:0000e15c       ?UpdateFirmware@COPOSElectronicJournal@@UEAAJPEA_WPEAJ@Z 000000018000f15c f   ElectronicJournalImpl.obj
 0001:0000e1e4       ?UpdateStatistics@COPOSElectronicJournal@@UEAAJPEA_WPEAJ@Z 000000018000f1e4 f   ElectronicJournalImpl.obj
 0001:0000e26c       ?get_AsyncMode@COPOSElectronicJournal@@UEAAJPEAF@Z 000000018000f26c f   ElectronicJournalImpl.obj
 0001:0000e2a0       ?get_AutoDisable@COPOSElectronicJournal@@UEAAJPEAF@Z 000000018000f2a0 f   ElectronicJournalImpl.obj
 0001:0000e2d0       ?get_BinaryConversion@COPOSElectronicJournal@@UEAAJPEAJ@Z 000000018000f2d0 f   ElectronicJournalImpl.obj
 0001:0000e2e4       ?get_CapAddMarker@COPOSElectronicJournal@@UEAAJPEAF@Z 000000018000f2e4 f   ElectronicJournalImpl.obj
 0001:0000e318       ?get_CapCompareFirmwareVersion@COPOSElectronicJournal@@UEAAJPEAF@Z 000000018000f318 f   ElectronicJournalImpl.obj
 0001:0000e34c       ?get_CapErasableMedium@COPOSElectronicJournal@@UEAAJPEAF@Z 000000018000f34c f   ElectronicJournalImpl.obj
 0001:0000e380       ?get_CapInitializeMedium@COPOSElectronicJournal@@UEAAJPEAF@Z 000000018000f380 f   ElectronicJournalImpl.obj
 0001:0000e3b4       ?get_CapMediumIsAvailable@COPOSElectronicJournal@@UEAAJPEAF@Z 000000018000f3b4 f   ElectronicJournalImpl.obj
 0001:0000e3e8       ?get_CapPowerReporting@COPOSElectronicJournal@@UEAAJPEAJ@Z 000000018000f3e8 f   ElectronicJournalImpl.obj
 0001:0000e3fc       ?get_CapPrintContent@COPOSElectronicJournal@@UEAAJPEAF@Z 000000018000f3fc f   ElectronicJournalImpl.obj
 0001:0000e430       ?get_CapPrintContentFile@COPOSElectronicJournal@@UEAAJPEAF@Z 000000018000f430 f   ElectronicJournalImpl.obj
 0001:0000e464       ?get_CapRetrieveCurrentMarker@COPOSElectronicJournal@@UEAAJPEAF@Z 000000018000f464 f   ElectronicJournalImpl.obj
 0001:0000e498       ?get_CapRetrieveMarker@COPOSElectronicJournal@@UEAAJPEAF@Z 000000018000f498 f   ElectronicJournalImpl.obj
 0001:0000e4cc       ?get_CapRetrieveMarkerByDateTime@COPOSElectronicJournal@@UEAAJPEAF@Z 000000018000f4cc f   ElectronicJournalImpl.obj
 0001:0000e500       ?get_CapRetrieveMarkersDateTime@COPOSElectronicJournal@@UEAAJPEAF@Z 000000018000f500 f   ElectronicJournalImpl.obj
 0001:0000e534       ?get_CapStation@COPOSElectronicJournal@@UEAAJPEAJ@Z 000000018000f534 f   ElectronicJournalImpl.obj
 0001:0000e548       ?get_CapStatisticsReporting@COPOSElectronicJournal@@UEAAJPEAF@Z 000000018000f548 f   ElectronicJournalImpl.obj
 0001:0000e57c       ?get_CapStorageEnabled@COPOSElectronicJournal@@UEAAJPEAF@Z 000000018000f57c f   ElectronicJournalImpl.obj
 0001:0000e5b0       ?get_CapSuspendPrintContent@COPOSElectronicJournal@@UEAAJPEAF@Z 000000018000f5b0 f   ElectronicJournalImpl.obj
 0001:0000e5e4       ?get_CapSuspendQueryContent@COPOSElectronicJournal@@UEAAJPEAF@Z 000000018000f5e4 f   ElectronicJournalImpl.obj
 0001:0000e618       ?get_CapUpdateFirmware@COPOSElectronicJournal@@UEAAJPEAF@Z 000000018000f618 f   ElectronicJournalImpl.obj
 0001:0000e64c       ?get_CapUpdateStatistics@COPOSElectronicJournal@@UEAAJPEAF@Z 000000018000f64c f   ElectronicJournalImpl.obj
 0001:0000e680       ?get_CapWaterMark@COPOSElectronicJournal@@UEAAJPEAF@Z 000000018000f680 f   ElectronicJournalImpl.obj
 0001:0000e6b4       ?get_CheckHealthText@COPOSElectronicJournal@@UEAAJPEAPEA_W@Z 000000018000f6b4 f   ElectronicJournalImpl.obj
 0001:0000e6c8       ?get_Claimed@COPOSElectronicJournal@@UEAAJPEAF@Z 000000018000f6c8 f   ElectronicJournalImpl.obj
 0001:0000e6fc       ?get_ControlObjectDescription@COPOSElectronicJournal@@UEAAJPEAPEA_W@Z 000000018000f6fc f   ElectronicJournalImpl.obj
 0001:0000e760       ?get_ControlObjectVersion@COPOSElectronicJournal@@UEAAJPEAJ@Z 000000018000f760 f   ElectronicJournalImpl.obj
 0001:0000e76c       ?get_DataCount@COPOSElectronicJournal@@UEAAJPEAJ@Z 000000018000f76c f   ElectronicJournalImpl.obj
 0001:0000e780       ?get_DataEventEnabled@COPOSElectronicJournal@@UEAAJPEAF@Z 000000018000f780 f   ElectronicJournalImpl.obj
 0001:0000e7b4       ?get_DeviceDescription@COPOSElectronicJournal@@UEAAJPEAPEA_W@Z 000000018000f7b4 f   ElectronicJournalImpl.obj
 0001:0000e7c8       ?get_DeviceEnabled@COPOSElectronicJournal@@UEAAJPEAF@Z 000000018000f7c8 f   ElectronicJournalImpl.obj
 0001:0000e7fc       ?get_DeviceName@COPOSElectronicJournal@@UEAAJPEAPEA_W@Z 000000018000f7fc f   ElectronicJournalImpl.obj
 0001:0000e810       ?get_FlagWhenIdle@COPOSElectronicJournal@@UEAAJPEAF@Z 000000018000f810 f   ElectronicJournalImpl.obj
 0001:0000e844       ?get_FreezeEvents@COPOSElectronicJournal@@UEAAJPEAF@Z 000000018000f844 f   ElectronicJournalImpl.obj
 0001:0000e874       ?get_MediumFreeSpace@COPOSElectronicJournal@@UEAAJPEATtagCY@@@Z 000000018000f874 f   ElectronicJournalImpl.obj
 0001:0000e944       ?get_MediumID@COPOSElectronicJournal@@UEAAJPEAPEA_W@Z 000000018000f944 f   ElectronicJournalImpl.obj
 0001:0000e958       ?get_MediumIsAvailable@COPOSElectronicJournal@@UEAAJPEAF@Z 000000018000f958 f   ElectronicJournalImpl.obj
 0001:0000e98c       ?get_MediumSize@COPOSElectronicJournal@@UEAAJPEATtagCY@@@Z 000000018000f98c f   ElectronicJournalImpl.obj
 0001:0000ea5c       ?get_OpenResult@COPOSElectronicJournal@@UEAAJPEAJ@Z 000000018000fa5c f   ElectronicJournalImpl.obj
 0001:0000ea68       ?get_OutputID@COPOSElectronicJournal@@UEAAJPEAJ@Z 000000018000fa68 f   ElectronicJournalImpl.obj
 0001:0000ea7c       ?get_PowerNotify@COPOSElectronicJournal@@UEAAJPEAJ@Z 000000018000fa7c f   ElectronicJournalImpl.obj
 0001:0000ea90       ?get_PowerState@COPOSElectronicJournal@@UEAAJPEAJ@Z 000000018000fa90 f   ElectronicJournalImpl.obj
 0001:0000eaa4       ?get_ResultCode@COPOSElectronicJournal@@UEAAJPEAJ@Z 000000018000faa4 f   ElectronicJournalImpl.obj
 0001:0000eae0       ?get_ResultCodeExtended@COPOSElectronicJournal@@UEAAJPEAJ@Z 000000018000fae0 f   ElectronicJournalImpl.obj
 0001:0000eaf4       ?get_ServiceObjectDescription@COPOSElectronicJournal@@UEAAJPEAPEA_W@Z 000000018000faf4 f   ElectronicJournalImpl.obj
 0001:0000eb08       ?get_ServiceObjectVersion@COPOSElectronicJournal@@UEAAJPEAJ@Z 000000018000fb08 f   ElectronicJournalImpl.obj
 0001:0000eb1c       ?get_State@COPOSElectronicJournal@@UEAAJPEAJ@Z 000000018000fb1c f   ElectronicJournalImpl.obj
 0001:0000eb48       ?get_Station@COPOSElectronicJournal@@UEAAJPEAJ@Z 000000018000fb48 f   ElectronicJournalImpl.obj
 0001:0000eb5c       ?get_StorageEnabled@COPOSElectronicJournal@@UEAAJPEAF@Z 000000018000fb5c f   ElectronicJournalImpl.obj
 0001:0000eb90       ?get_Suspended@COPOSElectronicJournal@@UEAAJPEAF@Z 000000018000fb90 f   ElectronicJournalImpl.obj
 0001:0000ebc4       ?get_WaterMark@COPOSElectronicJournal@@UEAAJPEAF@Z 000000018000fbc4 f   ElectronicJournalImpl.obj
 0001:0000ebf8       ?put_AsyncMode@COPOSElectronicJournal@@UEAAJF@Z 000000018000fbf8 f   ElectronicJournalImpl.obj
[...]
 0002:0000c8b0       $unwind$??$?RV<lambda_2d41944a1d46af3157314b8a01080d33>@@AEAV<lambda_8f455de75cd7d7f24b4096f044d8b9e6>@@V<lambda_aa500f224e6afead328df44964fe2772>@@@?$__crt_seh_guarded_call@X@@QEAAX$$QEAV<lambda_2d41944a1d46af3157314b8a01080d33>@@AEAV<lambda_8f455de75cd7d7f24b4096f044d8b9e6>@@$$QEAV<lambda_aa500f224e6afead328df44964fe2772>@@@Z 00000001800338b0     libucrt:per_thread_data.obj
 0002:0000c8d4       $unwind$__acrt_uninitialize_locale 00000001800338d4     libucrt:wsetlocale.obj
 0002:0000c8d4       $unwind$__acrt_get_sigabrt_handler 00000001800338d4     libucrt:signal.obj
 0002:0000c8dc       $unwind$??$?RV<lambda_410d79af7f07d98d83a3f525b3859a53>@@AEAV<lambda_3e16ef9562a7dcce91392c22ab16ea36>@@V<lambda_38119f0e861e05405d8a144b9b982f0a>@@@?$__crt_seh_guarded_call@X@@QEAAX$$QEAV<lambda_410d79af7f07d98d83a3f525b3859a53>@@AEAV<lambda_3e16ef9562a7dcce91392c22ab16ea36>@@$$QEAV<lambda_38119f0e861e05405d8a144b9b982f0a>@@@Z 00000001800338dc     libucrt:wsetlocale.obj
 0002:0000c904       $unwind$__acrt_initialize_winapi_thunks 0000000180033904     libucrt:winapi_thunks.obj
 0002:0000c904       $unwind$__acrt_fenv_get_control 0000000180033904     libucrt:_fenvutils.obj
 0002:0000c90c       $unwind$__acrt_fp_format   000000018003390c     libucrt:cvt.obj
 0002:0000c91c       $unwind$?fp_format_e_internal@@YAHQEAD_KH_NIQEAU_strflt@@2AEAV__crt_cached_ptd_host@@@Z 000000018003391c     libucrt:cvt.obj
 0002:0000c938       $unwind$?fp_format_a@@YAHQEBNPEAD_KQEAD2H_NIW4__acrt_rounding_mode@@AEAV__crt_cached_ptd_host@@@Z 0000000180033938     libucrt:cvt.obj
 0002:0000c954       $unwind$?fp_format_g@@YAHQEBNQEAD_K12H_NIW4__acrt_rounding_mode@@AEAV__crt_cached_ptd_host@@@Z 0000000180033954     libucrt:cvt.obj
 0002:0000c96c       $unwind$__acrt_initialize_lowio 000000018003396c     libucrt:ioinit.obj
 0002:0000c98c       $unwind$??$common_expand_argv_wildcards@D@@YAHQEAPEADQEAPEAPEAD@Z 000000018003398c     libucrt:argv_wildcards.obj
 0002:0000c9a4       $unwind$__dcrt_get_narrow_environment_from_os 00000001800339a4     libucrt:get_environment_from_os.obj
 0002:0000c9a4       $unwind$??$__acrt_convert_wcs_mbs_cp@_WDV<lambda_d8593a27d1aa8c02be35c86a17d324c4>@@U__crt_win32_buffer_internal_dynamic_resizing@@@@YAHQEB_WAEAV?$__crt_win32_buffer@DU__crt_win32_buffer_internal_dynamic_resizing@@@@AEBV<lambda_d8593a27d1aa8c02be35c86a17d324c4>@@I@Z 00000001800339a4     libucrt:argv_wildcards.obj
 0002:0000c9bc       $unwind$??$copy_and_add_argument_to_buffer@D@@YAHQEBD0_KAEAV?$argument_list@D@?A0x5f5c8891@@@Z 00000001800339bc     libucrt:argv_wildcards.obj
 0002:0000c9d8       $unwind$??$expand_argument_wildcards@D@@YAHQEAD0AEAV?$argument_list@D@?A0x5f5c8891@@@Z 00000001800339d8     libucrt:argv_wildcards.obj
 0002:0000c9f8       $unwind$__acrt_GetModuleFileNameA 00000001800339f8     libucrt:getmodulefilenamea.obj
 0002:0000ca14       $unwind$_setmbcp_nolock    0000000180033a14     libucrt:mbctype.obj
 0002:0000ca34       $unwind$?update_thread_multibyte_data_internal@@YAPEAU__crt_multibyte_data@@QEAU__acrt_ptd@@QEAPEAU1@@Z 0000000180033a34     libucrt:mbctype.obj
 0002:0000ca5c       $unwind$?setmbcp_internal@@YAHH_NQEAU__acrt_ptd@@QEAPEAU__crt_multibyte_data@@@Z 0000000180033a5c     libucrt:mbctype.obj
 0002:0000ca74       $unwind$?setSBUpLow@@YAXPEAU__crt_multibyte_data@@@Z 0000000180033a74     libucrt:mbctype.obj
 0002:0000ca90       $unwind$??$?RV<lambda_efdfa57d1f175319df784efa44bb7b81>@@AEAV<lambda_5f0a4c1567f8adc6734073e5d1e1b35c>@@V<lambda_2e8a7d3640ea6ccb4c2413664c2db6fd>@@@?$__crt_seh_guarded_call@X@@QEAAX$$QEAV<lambda_efdfa57d1f175319df784efa44bb7b81>@@AEAV<lambda_5f0a4c1567f8adc6734073e5d1e1b35c>@@$$QEAV<lambda_2e8a7d3640ea6ccb4c2413664c2db6fd>@@@Z 0000000180033a90     libucrt:mbctype.obj
 0002:0000cab4       $unwind$__acrt_WideCharToMultiByte 0000000180033ab4     libucrt:widechartomultibyte.obj
 0002:0000cac0       $unwind$raise              0000000180033ac0     libucrt:signal.obj
 0002:0000cafc       $unwind$??$?RV<lambda_450d765d439847d4c735a33c368b5fc0>@@AEAV<lambda_44731a7d0e6d81c3e6aa82d741081786>@@V<lambda_601a2a7da3b7a96e9554ac7215c4b07c>@@@?$__crt_seh_guarded_call@P6AXH@Z@@QEAAP6AXH@Z$$QEAV<lambda_450d765d439847d4c735a33c368b5fc0>@@AEAV<lambda_44731a7d0e6d81c3e6aa82d741081786>@@$$QEAV<lambda_601a2a7da3b7a96e9554ac7215c4b07c>@@@Z 0000000180033afc     libucrt:signal.obj
 0002:0000cb20       $unwind$fclose             0000000180033b20     libucrt:fclose.obj
 0002:0000cb20       $unwind$_fflush_nolock     0000000180033b20     libucrt:fflush.obj
 0002:0000cb30       $unwind$?common_flush_all@@YAH_N@Z 0000000180033b30     libucrt:fflush.obj
 0002:0000cb38       $unwind$??$?RV<lambda_842d9ff0dc9ef11c61343bbaebe7f885>@@AEAV<lambda_c5860995281e5c4ce005b3de8f5874ee>@@V<lambda_d90129c13df834fdcbf8d2b88dafcf2d>@@@?$__crt_seh_guarded_call@X@@QEAAX$$QEAV<lambda_842d9ff0dc9ef11c61343bbaebe7f885>@@AEAV<lambda_c5860995281e5c4ce005b3de8f5874ee>@@$$QEAV<lambda_d90129c13df834fdcbf8d2b88dafcf2d>@@@Z 0000000180033b38     libucrt:fflush.obj
 0002:0000cb5c       $unwind$??$?RV<lambda_886d6c58226a84441f68b9f2b8217b83>@@AEAV<lambda_ab61a845afdef5b7c387490eaf3616ee>@@V<lambda_f7f22ab5edc0698d5f6905b0d3f44752>@@@?$__crt_seh_guarded_call@X@@QEAAX$$QEAV<lambda_886d6c58226a84441f68b9f2b8217b83>@@AEAV<lambda_ab61a845afdef5b7c387490eaf3616ee>@@$$QEAV<lambda_f7f22ab5edc0698d5f6905b0d3f44752>@@@Z 0000000180033b5c     libucrt:fflush.obj
 0002:0000cb84       $unwind$__acrt_update_thread_locale_data 0000000180033b84     libucrt:locale_refcounting.obj
 0002:0000cba8       $unwind$__acrt_locale_free_monetary 0000000180033ba8     libucrt:initmon.obj
 0002:0000cbb0       $unwind$__acrt_locale_free_time 0000000180033bb0     libucrt:inittime.obj
 0002:0000cbc0       $unwind$__acrt_GetStringTypeA 0000000180033bc0     libucrt:getstringtypea.obj
 0002:0000cbe8       $unwind$__acrt_fp_strflt_to_string 0000000180033be8     libucrt:_fptostr.obj
 0002:0000cc04       $unwind$__acrt_fltout      0000000180033c04     libucrt:cfout.obj
 0002:0000cc24       $unwind$?divide@__crt_strtox@@YA_KAEAUbig_integer@1@AEBU21@@Z 0000000180033c24     libucrt:cfout.obj
 0002:0000cc3c       $chain$0$?divide@__crt_strtox@@YA_KAEAUbig_integer@1@AEBU21@@Z 0000000180033c3c     libucrt:cfout.obj
 0002:0000cc50       $chain$1$?divide@__crt_strtox@@YA_KAEAUbig_integer@1@AEBU21@@Z 0000000180033c50     libucrt:cfout.obj
 0002:0000cc60       $unwind$?__mbsrtowcs_utf8@__crt_mbstring@@YA_KPEA_WPEAPEBD_KPEAU_Mbstatet@@AEAV__crt_cached_ptd_host@@@Z 0000000180033c60     libucrt:mbrtowc.obj
 0002:0000cc78       $unwind$_fcloseall         0000000180033c78     libucrt:closeall.obj
 0002:0000cc9c       $unwind$__acrt_lowio_destroy_handle_array 0000000180033c9c     libucrt:osfinfo.obj
 0002:0000ccac       $unwind$__acrt_lowio_ensure_fh_exists 0000000180033cac     libucrt:osfinfo.obj
 0002:0000ccd8       $unwind$qsort              0000000180033cd8     libucrt:qsort.obj
 0002:0000ccf0       $chain$4$qsort             0000000180033cf0     libucrt:qsort.obj
 0002:0000cd14       $chain$5$qsort             0000000180033d14     libucrt:qsort.obj
 0002:0000cd24       $unwind$strpbrk            0000000180033d24     libucrt:strpbrk.obj
 0002:0000cd34       $unwind$fallbackMethod     0000000180033d34     libucrt:strpbrk.obj
 0002:0000cd44       $unwind$__acrt_LCMapStringA 0000000180033d44     libucrt:lcmapstringa.obj
 0002:0000cd54       $unwind$?__acrt_LCMapStringA_stat@@YAHPEAU__crt_locale_pointers@@PEB_WKPEBDHPEADHHH@Z 0000000180033d54     libucrt:lcmapstringa.obj
 0002:0000cd7c       $unwind$_commit            0000000180033d7c     libucrt:commit.obj
 0002:0000cd84       $unwind$??$?RV<lambda_a37b2b86f63e897a80ea819b0eb08c01>@@AEAV<lambda_38ce7e780aa69e748d6df282ebc68efe>@@V<lambda_99fb1378e971ab6e7edea83e3a7a83a2>@@@?$__crt_seh_guarded_call@H@@QEAAH$$QEAV<lambda_a37b2b86f63e897a80ea819b0eb08c01>@@AEAV<lambda_38ce7e780aa69e748d6df282ebc68efe>@@$$QEAV<lambda_99fb1378e971ab6e7edea83e3a7a83a2>@@@Z 0000000180033d84     libucrt:commit.obj
 0002:0000cda8       $unwind$_write_nolock      0000000180033da8     libucrt:write.obj
 0002:0000cdc0       $unwind$_write_internal    0000000180033dc0     libucrt:write.obj
 0002:0000cdf0       $unwind$?write_double_translated_ansi_nolock@@YA?AUwrite_result@?A0x17268360@@HQEBDIAEAV__crt_cached_ptd_host@@@Z 0000000180033df0     libucrt:write.obj
 0002:0000ce18       $ip2state$?write_double_translated_ansi_nolock@@YA?AUwrite_result@?A0x17268360@@HQEBDIAEAV__crt_cached_ptd_host@@@Z 0000000180033e18     libucrt:write.obj
 0002:0000ce20       $unwind$?write_text_ansi_nolock@@YA?AUwrite_result@?A0x17268360@@HQEBDI@Z 0000000180033e20     libucrt:write.obj
 0002:0000ce20       $unwind$?write_text_utf16le_nolock@@YA?AUwrite_result@?A0x17268360@@HQEBDI@Z 0000000180033e20     libucrt:write.obj
 0002:0000ce40       $unwind$?write_text_utf8_nolock@@YA?AUwrite_result@?A0x17268360@@HQEBDI@Z 0000000180033e40     libucrt:write.obj
 0002:0000ce68       $xdatasym                  0000000180033e68     libucrt:log10.obj
 0002:0000ce74       $unwind$__acrt_fenv_set_control 0000000180033e74     libucrt:_fenvutils.obj
 0002:0000ce84       $unwind$?__mbrtoc32_utf8@__crt_mbstring@@YA_KPEA_UPEBD_KPEAU_Mbstatet@@AEAV__crt_cached_ptd_host@@@Z 0000000180033e84     libucrt:mbrtoc32.obj
 0002:0000cea0       $unwind$?_fclose_nolock_internal@@YAHQEAU_iobuf@@AEAV__crt_cached_ptd_host@@@Z 0000000180033ea0     libucrt:fclose.obj
 0002:0000ceb0       $unwind$?_fclose_internal@@YAHQEAU_iobuf@@AEAV__crt_cached_ptd_host@@@Z 0000000180033eb0     libucrt:fclose.obj
 0002:0000ced4       $unwind$_putwch_nolock     0000000180033ed4     libucrt:putwch.obj
 0002:0000cedc       $unwind$common_control87   0000000180033edc     libucrt:ieee.obj
 0002:0000cf08       $unwind$_call_matherr      0000000180033f08     libucrt:libm_error.obj
 0002:0000cf10       $unwind$_handle_error      0000000180033f10     libucrt:libm_error.obj
 0002:0000cf30       $unwind$__acrt_initialize_fma3 0000000180033f30     libucrt:fma3_available.obj
 0002:0000cf38       $unwind$_log_special_common 0000000180033f38     libucrt:log_special.obj
 0002:0000cf44       $unwind$_close_internal    0000000180033f44     libucrt:close.obj
 0002:0000cf4c       $unwind$??$?RV<lambda_ad8af0d99a0adf03d037d7dffe354bb5>@@AEAV<lambda_c9ba49e555ba839a7b07aa3fbecb7617>@@V<lambda_2f1ebd5d68526518146ae959c9e734c8>@@@?$__crt_seh_guarded_call@H@@QEAAH$$QEAV<lambda_ad8af0d99a0adf03d037d7dffe354bb5>@@AEAV<lambda_c9ba49e555ba839a7b07aa3fbecb7617>@@$$QEAV<lambda_2f1ebd5d68526518146ae959c9e734c8>@@@Z 0000000180033f4c     libucrt:close.obj
 0002:0000cf70       $xdatasym                  0000000180033f70     libucrt:fpsr.obj
 0002:0000cf78       $unwind$_raise_exc_ex      0000000180033f78     libucrt:fpexcept.obj
 0002:0000cf8c       $unwind$_ctrlfp            0000000180033f8c     libucrt:fpctrl.obj
 0002:0000cfb4       $unwind$_IsNonwritableInCurrentImage 0000000180033fb4     LIBCMT:pesect.obj
 0002:0000cfd8       $unwind$strrchr            0000000180033fd8     libvcruntime:strrchr.obj
 0002:0000d140       .edata                     0000000180034140     OPOSElectronicJournal.exp
 0002:0000d168       rgpv                       0000000180034168     OPOSElectronicJournal.exp
 0002:0000d178       rgszName                   0000000180034178     OPOSElectronicJournal.exp
 0002:0000d188       rgwOrd                     0000000180034188     OPOSElectronicJournal.exp
 0002:0000d190       szName                     0000000180034190     OPOSElectronicJournal.exp
 0002:0000d1aa       $N00001                    00000001800341aa     OPOSElectronicJournal.exp
 0002:0000d1ba       $N00002                    00000001800341ba     OPOSElectronicJournal.exp
 0002:0000d1cc       $N00003                    00000001800341cc     OPOSElectronicJournal.exp
 0002:0000d1de       $N00004                    00000001800341de     OPOSElectronicJournal.exp
 0002:0000db2a       .idata$6                   0000000180034b2a     kernel32:KERNEL32.dll
 0002:0000dd42       .idata$6                   0000000180034d42     user32:USER32.dll
 0002:0000de76       .idata$6                   0000000180034e76     gdi32:GDI32.dll
 0002:0000df1c       .idata$6                   0000000180034f1c     advapi32:ADVAPI32.dll
 0002:0000e038       .idata$6                   0000000180035038     ole32:ole32.dll
 0002:0000e042       .idata$6                   0000000180035042     oleaut32:OLEAUT32.dll
 0003:000001c0       ?ObjectMap@@3PAU_ATL_OBJMAP_ENTRY30@ATL@@A 00000001800361c0     ElectronicJournal.obj
 0003:000002e8       ?s_RequiredMethodsPerRelease@@3PAHA 00000001800362e8     ElectronicJournalImpl.obj
 0003:000002f0       ?s_SOMethodNames@@3PAPEADA 00000001800362f0     ElectronicJournalImpl.obj
 0003:00000450       ?__vcrt_flsindex@@3KA      0000000180036450     libvcruntime:per_thread_data.obj
 0003:00000460       ?errno_no_memory@@3HA      0000000180036460     libucrt:errno.obj
 0003:00000464       ?doserrno_no_memory@@3KA   0000000180036464     libucrt:errno.obj
 0003:00000470       ?__acrt_flsindex@@3KA      0000000180036470     libucrt:per_thread_data.obj
 0003:00000930       _mbctypes                  0000000180036930     libucrt:mbctype.obj
 0003:00000a40       _mbcasemaps                0000000180036a40     libucrt:mbctype.obj
 0003:00000b40       ?__rgctypeflag@@3PADA      0000000180036b40     libucrt:mbctype.obj
 0003:00000b50       ?__rgcode_page_info@@3PAUcode_page_info@@A 0000000180036b50     libucrt:mbctype.obj
 0003:00000df0       ?dazSupported@?1??common_control87@@9@9 0000000180036df0     libucrt:ieee.obj
 0003:00000e00       ?__dcrt_lowio_console_output_handle@@3PEAXEA 0000000180036e00     libucrt:initcon.obj
 0003:00000e10       ?dazSupported@?1??_ctrlfp@@9@9 0000000180036e10     libucrt:fpctrl.obj
 0003:00001060       ?is_initialized_as_dll@@3_NA 0000000180037060     LIBCMT:utility.obj
 0003:00001061       ?module_local_atexit_table_initialized@@3_NA 0000000180037061     LIBCMT:utility.obj
 0003:00001068       ?module_local_atexit_table@@3U_onexit_table_t@@A 0000000180037068     LIBCMT:utility.obj
 0003:00001080       ?module_local_at_quick_exit_table@@3U_onexit_table_t@@A 0000000180037080     LIBCMT:utility.obj
 0003:00001098       ?g_tss_cv@@3U_RTL_CONDITION_VARIABLE@@A 0000000180037098     LIBCMT:thread_safe_statics.obj
 0003:000010a0       ?g_tss_event@@3PEAXEA      00000001800370a0     LIBCMT:thread_safe_statics.obj
 0003:000010a8       ?g_tss_mutex@@3U_RTL_CRITICAL_SECTION@@A 00000001800370a8     LIBCMT:thread_safe_statics.obj
 0003:000010d0       ?g_sleep_condition_variable_cs@@3P6AHPEAU_RTL_CONDITION_VARIABLE@@PEAU_RTL_CRITICAL_SECTION@@K@ZEA 00000001800370d0     LIBCMT:thread_safe_statics.obj
 0003:000010d8       ?g_wake_all_condition_variable@@3P6AXPEAU_RTL_CONDITION_VARIABLE@@@ZEA 00000001800370d8     LIBCMT:thread_safe_statics.obj
 0003:000010e0       GS_ExceptionRecord         00000001800370e0     LIBCMT:gs_report.obj
 0003:00001180       GS_ContextRecord           0000000180037180     LIBCMT:gs_report.obj
 0003:00001654       ?__proc_attached@@3HA      0000000180037654     LIBCMT:dll_dllmain.obj
 0003:000016e8       ?AllocateData@@3P6APEAUAtlThunkData_t@@XZEA 00000001800376e8     atls:atlthunk.obj
 0003:000016f0       ?InitData@@3P6AXPEAUAtlThunkData_t@@PEAX_K@ZEA 00000001800376f0     atls:atlthunk.obj
 0003:000016f8       ?DataToCode@@3P6AP6A_JPEAUHWND__@@I_K_J@ZPEAUAtlThunkData_t@@@ZEA 00000001800376f8     atls:atlthunk.obj
 0003:00001700       ?FreeData@@3P6AXPEAUAtlThunkData_t@@@ZEA 0000000180037700     atls:atlthunk.obj
 0003:00001708       ?Initialized@@3_NA         0000000180037708     atls:atlthunk.obj
 0003:00001720       ?__vcrt_startup_thread_ptd@@3U__vcrt_ptd@@A 0000000180037720     libvcruntime:per_thread_data.obj
 0003:000017a0       __vcrt_lock_table          00000001800377a0     libvcruntime:locks.obj
 0003:000017c8       __vcrt_locks_initialized   00000001800377c8     libvcruntime:locks.obj
 0003:00001810       ?heap@@3V_HeapManager@@A   0000000180037810     libvcruntime:undname.obj
 0003:00001838       ?module_handles@@3PAPEAUHINSTANCE__@@A 0000000180037838     libvcruntime:winapi_downlevel.obj
 0003:00001850       ?function_pointers@@3PAPEAXA 0000000180037850     libvcruntime:winapi_downlevel.obj
 0003:00001878       ?__acrt_invalid_parameter_handler@@3V?$dual_state_global@P6AXPEB_W00I_K@Z@__crt_state_management@@A 0000000180037878     libucrt:invalid_parameter.obj
 0003:00001880       ?c_termination_complete@@3JA 0000000180037880     libucrt:exit.obj
 0003:00001888       ?thread_local_exit_callback_func@@3P6AXPEAXK0@ZEA 0000000180037888     libucrt:exit.obj
 0003:000018a0       ?program_name@?1???$common_configure_argv@D@@YAHW4_crt_argv_mode@@@Z@4PADA 00000001800378a0     libucrt:argv_parsing.obj
 0003:000019f8       ?__acrt_new_handler@@3V?$dual_state_global@P6AH_K@Z@__crt_state_management@@A 00000001800379f8     libucrt:new_handler.obj
 0003:00001a10       ?module_handles@@3PAPEAUHINSTANCE__@@A 0000000180037a10     libucrt:winapi_thunks.obj
 0003:00001ab0       ?encoded_function_pointers@@3PAPEAXA 0000000180037ab0     libucrt:winapi_thunks.obj
 0003:00001ba0       ?internal_state@?1??_mbtowc_internal@@9@4U_Mbstatet@@A 0000000180037ba0     libucrt:mbtowc.obj
 0003:00001bb8       ?enable_percent_n@@3_KA    0000000180037bb8     libucrt:printf_count_output.obj
 0003:00001fe0       ?__acrt_lock_table@@3PAU_RTL_CRITICAL_SECTION@@A 0000000180037fe0     libucrt:locks.obj
 0003:00002210       ?__acrt_locks_initialized@@3IA 0000000180038210     libucrt:locks.obj
 0003:00002230       ?fSystemSet@@3HA           0000000180038230     libucrt:mbctype.obj
 0003:00002234       ?initialized@?1??__acrt_initialize_multibyte@@9@4_NA 0000000180038234     libucrt:mbctype.obj
 0003:00002270       ?ctrlc_action@@3V?$dual_state_global@P6AXH@Z@__crt_state_management@@A 0000000180038270     libucrt:signal.obj
 0003:00002278       ?ctrlbreak_action@@3V?$dual_state_global@P6AXH@Z@__crt_state_management@@A 0000000180038278     libucrt:signal.obj
 0003:00002280       ?abort_action@@3V?$dual_state_global@P6AXH@Z@__crt_state_management@@A 0000000180038280     libucrt:signal.obj
 0003:00002288       ?term_action@@3V?$dual_state_global@P6AXH@Z@__crt_state_management@@A 0000000180038288     libucrt:signal.obj
 0003:00002290       ?user_matherr@@3V?$dual_state_global@P6AHPEAU_exception@@@Z@__crt_state_management@@A 0000000180038290     libucrt:matherr.obj
 0003:000022a0       ?__acrt_global_new_mode@@3V?$dual_state_global@J@__crt_state_management@@A 00000001800382a0     libucrt:new_mode.obj
 0003:000022a8       ?internal_pst@?1??__mbrtoc32_utf8@__crt_mbstring@@YA_KPEA_UPEBD_KPEAU_Mbstatet@@AEAV__crt_cached_ptd_host@@@Z@4U3@A 00000001800382a8     libucrt:mbrtoc32.obj
 0003:000022b0       ?__acrt_app_type@@3W4_crt_app_type@@A 00000001800382b0     libucrt:report_runtime_error.obj
 0005:00000000       MoveSmall                  000000018003c000     libvcruntime:memcpy.obj
 0005:00000040       MoveSmallYmm               000000018003c040     libvcruntime:memcpy.obj
 0005:00000064       MoveSmallYmmNT             000000018003c064     libvcruntime:memcpy.obj
 0005:00000088       MoveSmallXmm               000000018003c088     libvcruntime:memcpy.obj
 0005:000000b0       MsetTab                    000000018003c0b0     libvcruntime:memset.obj
 0006:00000220       $R000000                   000000018003d220     ElectronicJournal.res
 0006:00000be0       $R0009C0                   000000018003dbe0     ElectronicJournal.res
 0006:00000cc8       $R000AA8                   000000018003dcc8     ElectronicJournal.res
 0006:00000f30       $R000D10                   000000018003df30     ElectronicJournal.res
 0006:00001470       $R001250                   000000018003e470     ElectronicJournal.res
 0006:00005140       $R004F20                   0000000180042140     ElectronicJournal.res
 0006:00005188       $R004F68                   0000000180042188     ElectronicJournal.res
