 OPOSCoinAcceptor

 Timestamp is 600f77f2 (Tue Jan 26 11:01:22 2021)

 Preferred load address is 0000000180000000

 Start         Length     Name                   Class
 0001:00000000 000000c0H .text$di                CODE
 0001:000000c0 000212c0H .text$mn                CODE
 0001:00021380 00000040H .text$mn$00             CODE
 0001:000213c0 000004b0H .text$x                 CODE
 0001:00021870 00000078H .text$yd                CODE
 0002:00000000 00000618H .idata$5                DATA
 0002:00000618 00000028H .00cfg                  DATA
 0002:00000640 00000008H .CRT$XCA                DATA
 0002:00000648 00000008H .CRT$XCL                DATA
 0002:00000650 00000020H .CRT$XCU                DATA
 0002:00000670 00000008H .CRT$XCZ                DATA
 0002:00000678 00000008H .CRT$XIA                DATA
 0002:00000680 00000020H .CRT$XIC                DATA
 0002:000006a0 00000008H .CRT$XIZ                DATA
 0002:000006a8 00000008H .CRT$XLA                DATA
 0002:000006b0 00000008H .CRT$XLZ                DATA
 0002:000006b8 00000008H .CRT$XPA                DATA
 0002:000006c0 00000010H .CRT$XPX                DATA
 0002:000006d0 00000008H .CRT$XPXA               DATA
 0002:000006d8 00000008H .CRT$XPZ                DATA
 0002:000006e0 00000008H .CRT$XTA                DATA
 0002:000006e8 00000008H .CRT$XTZ                DATA
 0002:000006f0 00000000H .gehcont$y              DATA
 0002:000006f0 00000000H .gfids$y                DATA
 0002:000006f0 0000a890H .rdata                  DATA
 0002:0000af80 00000000H .rdata$CastGuardVftablesA DATA
 0002:0000af80 00000000H .rdata$CastGuardVftablesC DATA
 0002:0000af80 00000028H .rdata$T                DATA
 0002:0000afa8 00000274H .rdata$r                DATA
 0002:0000b21c 0000040cH .rdata$zzzdbg           DATA
 0002:0000b628 00000008H .rtc$IAA                DATA
 0002:0000b630 00000008H .rtc$IZZ                DATA
 0002:0000b638 00000008H .rtc$TAA                DATA
 0002:0000b640 00000008H .rtc$TZZ                DATA
 0002:0000b648 00000004H .tls                    DATA
 0002:0000b64c 00000004H .tls$                   DATA
 0002:0000b650 00000008H .tls$ZZZ                DATA
 0002:0000b658 000016a8H .xdata                  DATA
 0002:0000cd00 00000150H .xdata$x                DATA
 0002:0000ce50 00000008H ATL$__a                 DATA
 0002:0000ce58 00000008H ATL$__z                 DATA
 0002:0000ce60 000000b0H .edata                  DATA
 0002:0000cf10 00000078H .idata$2                DATA
 0002:0000cf88 00000018H .idata$3                DATA
 0002:0000cfa0 00000618H .idata$4                DATA
 0002:0000d5b8 00000c2aH .idata$6                DATA
 0003:00000000 00000d98H .data                   DATA
 0003:00000d98 000000c8H .data$r                 DATA
 0003:00000e60 0000141cH .bss                    DATA
 0004:00000000 00001ec0H .pdata                  DATA
 0005:00000000 00000094H _RDATA                  DATA
 0006:00000000 00000220H .rsrc$01                DATA
 0006:00000220 000040c8H .rsrc$02                DATA

  Address         Publics by Value              Rva+Base               Lib:Object

 0000:00000000       ___safe_se_handler_table   0000000000000000     <absolute>
 0000:00000000       __guard_longjmp_table      0000000000000000     <absolute>
 0000:00000000       __x64_code_ranges_to_entry_points 0000000000000000     <absolute>
 0000:00000000       __arm64x_redirection_metadata 0000000000000000     <absolute>
 0000:00000000       __guard_iat_table          0000000000000000     <absolute>
 0000:00000000       __guard_fids_count         0000000000000000     <absolute>
 0000:00000000       __arm64x_extra_rfe_table   0000000000000000     <absolute>
 0000:00000000       __guard_iat_count          0000000000000000     <absolute>
 0000:00000000       __guard_longjmp_count      0000000000000000     <absolute>
 0000:00000000       __dynamic_value_reloc_table 0000000000000000     <absolute>
 0000:00000000       __x64_code_ranges_to_entry_points_count 0000000000000000     <absolute>
 0000:00000000       __hybrid_code_map          0000000000000000     <absolute>
 0000:00000000       __hybrid_auxiliary_iat     0000000000000000     <absolute>
 0000:00000000       __volatile_metadata        0000000000000000     <absolute>
 0000:00000000       __arm64x_extra_rfe_table_size 0000000000000000     <absolute>
 0000:00000000       ___safe_se_handler_count   0000000000000000     <absolute>
 0000:00000000       __AbsoluteZero             0000000000000000     <absolute>
 0000:00000000       __guard_eh_cont_count      0000000000000000     <absolute>
 0000:00000000       __guard_fids_table         0000000000000000     <absolute>
 0000:00000000       __arm64x_redirection_metadata_count 0000000000000000     <absolute>
 0000:00000000       __enclave_config           0000000000000000     <absolute>
 0000:00000000       __guard_eh_cont_table      0000000000000000     <absolute>
 0000:00000000       __arm64x_native_entrypoint 0000000000000000     <absolute>
 0000:00000000       __hybrid_code_map_count    0000000000000000     <absolute>
 0000:00000100       __guard_flags              0000000000000100     <absolute>
 0000:00000000       __ImageBase                0000000180000000     <linker-defined>
 0001:000000c0       ?DupWide@_CW@@AEAAXXZ      00000001800010c0 f   CWString.obj
 0001:000000e8       ?cw_dup@@YAXPEBDAEAHAEAPEA_W1@Z 00000001800010e8 f   CWString.obj
 0001:000001c8       ?cw_memcpy@@YAHPEA_WPEBDH@Z 00000001800011c8 f   CWString.obj
 0001:00000214       ?cw_strcpy@@YAHPEA_WPEBD@Z 0000000180001214 f   CWString.obj
 0001:00000228       ??0CAtlComModule@ATL@@QEAA@XZ 0000000180001228 f i OposVariant.obj
 0001:000002a8       ??0CAtlWinModule@ATL@@QEAA@XZ 00000001800012a8 f i OposVariant.obj
 0001:00000314       ??0OposDispParms@@QEAA@PEAVOposVariant@@H@Z 0000000180001314 f   OposVariant.obj
 0001:000003bc       ??1OposDispParms@@QEAA@XZ  00000001800013bc f   OposVariant.obj
 0001:000003d4       ??_Estringdispid@CComTypeInfoHolder@ATL@@QEAAPEAXI@Z 00000001800013d4 f i OposVariant.obj
 0001:00000478       ?AtlWinModuleTerm@ATL@@YAJPEAU_ATL_WIN_MODULE70@1@PEAUHINSTANCE__@@@Z 0000000180001478 f i OposVariant.obj
 0001:00000528       ?ChangeBSTR@OposVariant@@QEAAXPEAPEA_WAEAJ@Z 0000000180001528 f   OposVariant.obj
 0001:00000588       ?ChangeLONG@OposVariant@@QEAAXPEAJAEAJ@Z 0000000180001588 f   OposVariant.obj
 0001:000005e4       ?GetLONG@OposVariant@@QEAAJXZ 00000001800015e4 f   OposVariant.obj
 0001:00000608       ?SetBSTR@OposVariant@@QEAAXPEA_WAEAJ@Z 0000000180001608 f   OposVariant.obj
 0001:00000648       ?SetBSTR_Copy@OposVariant@@QEAAXPEA_WAEAJ@Z 0000000180001648 f   OposVariant.obj
 0001:000006b8       ?SetBSTR_InOutPtr@OposVariant@@QEAA_NPEAPEA_WAEAJ@Z 00000001800016b8 f   OposVariant.obj
 0001:00000708       ?SetBSTR_OutPtr@OposVariant@@QEAA_NPEAPEA_WAEAJ@Z 0000000180001708 f   OposVariant.obj
 0001:00000724       ?SetDispatch_Ptr@OposVariant@@QEAAXPEAUIDispatch@@AEAJ@Z 0000000180001724 f   OposVariant.obj
 0001:0000077c       ?SetLONG@OposVariant@@QEAAXJ@Z 000000018000177c f   OposVariant.obj
 0001:000007ac       ?SetLONG_Ptr@OposVariant@@QEAAXPEAJAEAJ@Z 00000001800017ac f   OposVariant.obj
 0001:000007f8       ?SetString@OposVariant@@QEAAXPEB_WAEAJ@Z 00000001800017f8 f   OposVariant.obj
 0001:0000085c       ?SetVARIANT_BOOL@OposVariant@@QEAAXF@Z 000000018000185c f   OposVariant.obj
 0001:00000894       ?SetVARIANT_BOOL_Ptr@OposVariant@@QEAAXPEAFAEAJ@Z 0000000180001894 f   OposVariant.obj
 0001:000008e0       ?Term@CAtlComModule@ATL@@QEAAXXZ 00000001800018e0 f i OposVariant.obj
 0001:00000950       ?_AtlInitializeCriticalSectionEx@ATL@@YAHPEAU_RTL_CRITICAL_SECTION@@KK@Z 0000000180001950 f i OposVariant.obj
 0001:00000958       ?_AtlRaiseException@ATL@@YAXKK@Z 0000000180001958 f i OposVariant.obj
 0001:00000968       ?GetWindowProc@?$CWindowImplBaseT@VCWindow@ATL@@V?$CWinTraits@$0FGAAAAAA@$0A@@2@@ATL@@UEAAP6A_JPEAUHWND__@@I_K_J@ZXZ 0000000180001968 f i CoinAcceptor.obj
 0001:00000970       ?StartWindowProc@?$CWindowImplBaseT@VCWindow@ATL@@V?$CWinTraits@$0FGAAAAAA@$0A@@2@@ATL@@SA_JPEAUHWND__@@I_K_J@Z 0000000180001970 f i CoinAcceptor.obj
 0001:00000a34       _guard_check_icall_nop     0000000180001a34 f i LIBCMT:guard_support.obj
 0001:00000a34       ?OnFinalMessage@?$CWindowImplBaseT@VCWindow@ATL@@V?$CWinTraits@$0FGAAAAAA@$0A@@2@@ATL@@UEAAXPEAUHWND__@@@Z 0000000180001a34 f i CoinAcceptor.obj
 0001:00000a34       ?ObjectMain@CComObjectRootBase@ATL@@SAX_N@Z 0000000180001a34 f i CoinAcceptor.obj
 0001:00000a38       ?GetTypeInfoCount@?$IDispatchImpl@UIOPOSCoinAcceptor@@$1?IID_IOPOSCoinAcceptor@@3U_GUID@@B$1?LIBID_OposCoinAcceptor_CCO@@3U3@B$00$0A@VCComTypeInfoHolder@ATL@@@ATL@@UEAAJPEAI@Z 0000000180001a38 f i CoinAcceptor.obj
 0001:00000a4c       ?GetTypeInfo@?$IDispatchImpl@UIOPOSCoinAcceptor@@$1?IID_IOPOSCoinAcceptor@@3U_GUID@@B$1?LIBID_OposCoinAcceptor_CCO@@3U3@B$00$0A@VCComTypeInfoHolder@ATL@@@ATL@@UEAAJIKPEAPEAUITypeInfo@@@Z 0000000180001a4c f i CoinAcceptor.obj
 0001:00000ab0       ?GetIDsOfNames@?$IDispatchImpl@UIOPOSCoinAcceptor@@$1?IID_IOPOSCoinAcceptor@@3U_GUID@@B$1?LIBID_OposCoinAcceptor_CCO@@3U3@B$00$0A@VCComTypeInfoHolder@ATL@@@ATL@@UEAAJAEBU_GUID@@PEAPEA_WIKPEAJ@Z 0000000180001ab0 f i CoinAcceptor.obj
 0001:00000abc       ?Invoke@?$IDispatchImpl@UIOPOSCoinAcceptor@@$1?IID_IOPOSCoinAcceptor@@3U_GUID@@B$1?LIBID_OposCoinAcceptor_CCO@@3U3@B$00$0A@VCComTypeInfoHolder@ATL@@@ATL@@UEAAJJAEBU_GUID@@KGPEAUtagDISPPARAMS@@PEAUtagVARIANT@@PEAUtagEXCEPINFO@@PEAI@Z 0000000180001abc f i CoinAcceptor.obj
 0001:00000b4c       ?CreateControlWindow@?$CComControl@VCOPOSCoinAcceptor@@V?$CWindowImpl@VCOPOSCoinAcceptor@@VCWindow@ATL@@V?$CWinTraits@$0FGAAAAAA@$0A@@3@@ATL@@@ATL@@UEAAPEAUHWND__@@PEAU3@AEAUtagRECT@@@Z 0000000180001b4c f i CoinAcceptor.obj
 0001:00000b84       ?ControlQueryInterface@?$CComControl@VCOPOSCoinAcceptor@@V?$CWindowImpl@VCOPOSCoinAcceptor@@VCWindow@ATL@@V?$CWinTraits@$0FGAAAAAA@$0A@@3@@ATL@@@ATL@@UEAAJAEBU_GUID@@PEAPEAX@Z 0000000180001b84 f i CoinAcceptor.obj
 0001:00000b98       ?GetUserClassID@?$IOleObjectImpl@VCOPOSCoinAcceptor@@@ATL@@UEAAJPEAU_GUID@@@Z 0000000180001b98 f i CoinAcceptor.obj
 0001:00000b98       ?GetClassID@?$IPersistStorageImpl@VCOPOSCoinAcceptor@@@ATL@@UEAAJPEAU_GUID@@@Z 0000000180001b98 f i CoinAcceptor.obj
 0001:00000b98       ?GetClassID@?$IPersistStreamInitImpl@VCOPOSCoinAcceptor@@@ATL@@UEAAJPEAU_GUID@@@Z 0000000180001b98 f i CoinAcceptor.obj
 0001:00000bb4       ?IsDirty@?$IPersistStreamInitImpl@VCOPOSCoinAcceptor@@@ATL@@UEAAJXZ 0000000180001bb4 f i CoinAcceptor.obj
 0001:00000bd0       ?Load@?$IPersistStreamInitImpl@VCOPOSCoinAcceptor@@@ATL@@UEAAJPEAUIStream@@@Z 0000000180001bd0 f i CoinAcceptor.obj
 0001:00000be8       ?Save@?$IPersistStreamInitImpl@VCOPOSCoinAcceptor@@@ATL@@UEAAJPEAUIStream@@H@Z 0000000180001be8 f i CoinAcceptor.obj
 0001:00000c00       ?GetSizeMax@?$IPersistStreamInitImpl@VCOPOSCoinAcceptor@@@ATL@@UEAAJPEAT_ULARGE_INTEGER@@@Z 0000000180001c00 f i CoinAcceptor.obj
 0001:00000e2c       ?InitNew@?$IPersistStreamInitImpl@VCOPOSCoinAcceptor@@@ATL@@UEAAJXZ 0000000180001e2c f i CoinAcceptor.obj
 0001:00000e44       ?SOOutputCompleteDummy@COPOSCoinAcceptor@@MEAAJJ@Z 0000000180001e44 f i CoinAcceptor.obj
 0001:00000e44       ?GetRect@?$IViewObjectExImpl@VCOPOSCoinAcceptor@@@ATL@@UEAAJKPEAU_RECTL@@@Z 0000000180001e44 f i CoinAcceptor.obj
 0001:00000e44       ?Freeze@?$IViewObjectExImpl@VCOPOSCoinAcceptor@@@ATL@@UEAAJKJPEAXPEAK@Z 0000000180001e44 f i CoinAcceptor.obj
 0001:00000e44       ?SetMoniker@?$IOleObjectImpl@VCOPOSCoinAcceptor@@@ATL@@UEAAJKPEAUIMoniker@@@Z 0000000180001e44 f i CoinAcceptor.obj
 0001:00000e44       ?GetColorSet@?$IViewObjectExImpl@VCOPOSCoinAcceptor@@@ATL@@UEAAJKJPEAXPEAUtagDVTARGETDEVICE@@PEAUHDC__@@PEAPEAUtagLOGPALETTE@@@Z 0000000180001e44 f i CoinAcceptor.obj
 0001:00000e44       ?ContextSensitiveHelp@?$IOleInPlaceActiveObjectImpl@VCOPOSCoinAcceptor@@@ATL@@UEAAJH@Z 0000000180001e44 f i CoinAcceptor.obj
 0001:00000e44       ?GetDataHere@?$IDataObjectImpl@VCOPOSCoinAcceptor@@@ATL@@UEAAJPEAUtagFORMATETC@@PEAUtagSTGMEDIUM@@@Z 0000000180001e44 f i CoinAcceptor.obj
 0001:00000e44       ?QueryGetData@?$IDataObjectImpl@VCOPOSCoinAcceptor@@@ATL@@UEAAJPEAUtagFORMATETC@@@Z 0000000180001e44 f i CoinAcceptor.obj
 0001:00000e44       ?ReactivateAndUndo@?$IOleInPlaceObjectWindowlessImpl@VCOPOSCoinAcceptor@@@ATL@@UEAAJXZ 0000000180001e44 f i CoinAcceptor.obj
 0001:00000e44       ?InitFromData@?$IOleObjectImpl@VCOPOSCoinAcceptor@@@ATL@@UEAAJPEAUIDataObject@@HK@Z 0000000180001e44 f i CoinAcceptor.obj
 0001:00000e44       ?GetCanonicalFormatEtc@?$IDataObjectImpl@VCOPOSCoinAcceptor@@@ATL@@UEAAJPEAUtagFORMATETC@@0@Z 0000000180001e44 f i CoinAcceptor.obj
 0001:00000e44       ?SetColorScheme@?$IOleObjectImpl@VCOPOSCoinAcceptor@@@ATL@@UEAAJPEAUtagLOGPALETTE@@@Z 0000000180001e44 f i CoinAcceptor.obj
 0001:00000e44       ?Unfreeze@?$IViewObjectExImpl@VCOPOSCoinAcceptor@@@ATL@@UEAAJK@Z 0000000180001e44 f i CoinAcceptor.obj
 0001:00000e44       ?GetClipboardData@?$IOleObjectImpl@VCOPOSCoinAcceptor@@@ATL@@UEAAJKPEAPEAUIDataObject@@@Z 0000000180001e44 f i CoinAcceptor.obj
 0001:00000e44       ?OnMnemonic@?$IOleControlImpl@VCOPOSCoinAcceptor@@@ATL@@UEAAJPEAUtagMSG@@@Z 0000000180001e44 f i CoinAcceptor.obj
 0001:00000e44       ?ContextSensitiveHelp@?$IOleInPlaceObjectWindowlessImpl@VCOPOSCoinAcceptor@@@ATL@@UEAAJH@Z 0000000180001e44 f i CoinAcceptor.obj
 0001:00000e44       ?QueryInterface@CRegObject@ATL@@UEAAJAEBU_GUID@@PEAPEAX@Z 0000000180001e44 f i CoinAcceptor.obj
 0001:00000e44       ?SetData@?$IDataObjectImpl@VCOPOSCoinAcceptor@@@ATL@@UEAAJPEAUtagFORMATETC@@PEAUtagSTGMEDIUM@@H@Z 0000000180001e44 f i CoinAcceptor.obj
 0001:00000e44       ?GetDropTarget@?$IOleInPlaceObjectWindowlessImpl@VCOPOSCoinAcceptor@@@ATL@@UEAAJPEAPEAUIDropTarget@@@Z 0000000180001e44 f i CoinAcceptor.obj
 0001:00000e44       ?GetControlInfo@?$IOleControlImpl@VCOPOSCoinAcceptor@@@ATL@@UEAAJPEAUtagCONTROLINFO@@@Z 0000000180001e44 f i CoinAcceptor.obj
 0001:00000e44       ?SOErrorDummy@COPOSCoinAcceptor@@MEAAJJJJPEAJ@Z 0000000180001e44 f i CoinAcceptor.obj
 0001:00000e44       ?EnumFormatEtc@?$IDataObjectImpl@VCOPOSCoinAcceptor@@@ATL@@UEAAJKPEAPEAUIEnumFORMATETC@@@Z 0000000180001e44 f i CoinAcceptor.obj
 0001:00000e44       ?GetMoniker@?$IOleObjectImpl@VCOPOSCoinAcceptor@@@ATL@@UEAAJKKPEAPEAUIMoniker@@@Z 0000000180001e44 f i CoinAcceptor.obj
 0001:00000e4c       ?SaveCompleted@?$IPersistStorageImpl@VCOPOSCoinAcceptor@@@ATL@@UEAAJPEAUIStorage@@@Z 0000000180001e4c f i CoinAcceptor.obj
 0001:00000e4c       ?OnAmbientPropertyChange@?$IOleControlImpl@VCOPOSCoinAcceptor@@@ATL@@UEAAJJ@Z 0000000180001e4c f i CoinAcceptor.obj
 0001:00000e4c       ?GetCategoryMap@CComObjectRootBase@ATL@@SAPEBU_ATL_CATMAP_ENTRY@2@XZ 0000000180001e4c f i CoinAcceptor.obj
 0001:00000e4c       ?EnableModeless@?$IOleInPlaceActiveObjectImpl@VCOPOSCoinAcceptor@@@ATL@@UEAAJH@Z 0000000180001e4c f i CoinAcceptor.obj
 0001:00000e4c       ?OnFrameWindowActivate@?$IOleInPlaceActiveObjectImpl@VCOPOSCoinAcceptor@@@ATL@@UEAAJH@Z 0000000180001e4c f i CoinAcceptor.obj
 0001:00000e4c       ?SetHostNames@?$IOleObjectImpl@VCOPOSCoinAcceptor@@@ATL@@UEAAJPEB_W0@Z 0000000180001e4c f i CoinAcceptor.obj
 0001:00000e4c       ?GetObjectDescription@?$CComCoClass@VCOPOSCoinAcceptor@@$1?CLSID_OPOSCoinAcceptor@@3U_GUID@@B@ATL@@SAPEB_WXZ 0000000180001e4c f i CoinAcceptor.obj
 0001:00000e4c       ?HandsOffStorage@?$IPersistStorageImpl@VCOPOSCoinAcceptor@@@ATL@@UEAAJXZ 0000000180001e4c f i CoinAcceptor.obj
 0001:00000e4c       ?Update@?$IOleObjectImpl@VCOPOSCoinAcceptor@@@ATL@@UEAAJXZ 0000000180001e4c f i CoinAcceptor.obj
 0001:00000e4c       ?ResizeBorder@?$IOleInPlaceActiveObjectImpl@VCOPOSCoinAcceptor@@@ATL@@UEAAJPEBUtagRECT@@PEAUIOleInPlaceUIWindow@@H@Z 0000000180001e4c f i CoinAcceptor.obj
 0001:00000e4c       ?IsUpToDate@?$IOleObjectImpl@VCOPOSCoinAcceptor@@@ATL@@UEAAJXZ 0000000180001e4c f i CoinAcceptor.obj
 0001:00000e4c       ?Release@CRegObject@ATL@@UEAAKXZ 0000000180001e4c f i CoinAcceptor.obj
 0001:00000e50       ?SetClientSite@?$IOleObjectImpl@VCOPOSCoinAcceptor@@@ATL@@UEAAJPEAUIOleClientSite@@@Z 0000000180001e50 f i CoinAcceptor.obj
 0001:00000e6c       ?GetClientSite@?$IOleObjectImpl@VCOPOSCoinAcceptor@@@ATL@@UEAAJPEAPEAUIOleClientSite@@@Z 0000000180001e6c f i CoinAcceptor.obj
 0001:00000eb4       ?Close@?$IOleObjectImpl@VCOPOSCoinAcceptor@@@ATL@@UEAAJK@Z 0000000180001eb4 f i CoinAcceptor.obj
 0001:00000ed0       ?DoVerb@?$IOleObjectImpl@VCOPOSCoinAcceptor@@@ATL@@UEAAJJPEAUtagMSG@@PEAUIOleClientSite@@JPEAUHWND__@@PEBUtagRECT@@@Z 0000000180001ed0 f i CoinAcceptor.obj
 0001:00001074       ?EnumVerbs@?$IOleObjectImpl@VCOPOSCoinAcceptor@@@ATL@@UEAAJPEAPEAUIEnumOLEVERB@@@Z 0000000180002074 f i CoinAcceptor.obj
 0001:00001090       ?GetUserType@?$IOleObjectImpl@VCOPOSCoinAcceptor@@@ATL@@UEAAJKPEAPEA_W@Z 0000000180002090 f i CoinAcceptor.obj
 0001:000010a0       ?SetExtent@?$IOleObjectImpl@VCOPOSCoinAcceptor@@@ATL@@UEAAJKPEAUtagSIZE@@@Z 00000001800020a0 f i CoinAcceptor.obj
 0001:000010bc       ?GetExtent@?$IOleObjectImpl@VCOPOSCoinAcceptor@@@ATL@@UEAAJKPEAUtagSIZE@@@Z 00000001800020bc f i CoinAcceptor.obj
 0001:000010ec       ?Advise@?$IOleObjectImpl@VCOPOSCoinAcceptor@@@ATL@@UEAAJPEAUIAdviseSink@@PEAK@Z 00000001800020ec f i CoinAcceptor.obj
 0001:00001148       ?Unadvise@?$IOleObjectImpl@VCOPOSCoinAcceptor@@@ATL@@UEAAJK@Z 0000000180002148 f i CoinAcceptor.obj
 0001:00001180       ?EnumAdvise@?$IOleObjectImpl@VCOPOSCoinAcceptor@@@ATL@@UEAAJPEAPEAUIEnumSTATDATA@@@Z 0000000180002180 f i CoinAcceptor.obj
 0001:000011c8       ?GetMiscStatus@?$IOleObjectImpl@VCOPOSCoinAcceptor@@@ATL@@UEAAJKPEAK@Z 00000001800021c8 f i CoinAcceptor.obj
 0001:000011d8       ?GetWindow@?$IOleInPlaceActiveObjectImpl@VCOPOSCoinAcceptor@@@ATL@@UEAAJPEAPEAUHWND__@@@Z 00000001800021d8 f i CoinAcceptor.obj
 0001:0000122c       ?TranslateAcceleratorW@?$IOleInPlaceActiveObjectImpl@VCOPOSCoinAcceptor@@@ATL@@UEAAJPEAUtagMSG@@@Z 000000018000222c f i CoinAcceptor.obj
 0001:00001320       ?OnDocWindowActivate@?$IOleInPlaceActiveObjectImpl@VCOPOSCoinAcceptor@@@ATL@@UEAAJH@Z 0000000180002320 f i CoinAcceptor.obj
 0001:0000134c       ?Draw@?$IViewObjectExImpl@VCOPOSCoinAcceptor@@@ATL@@UEAAJKJPEAXPEAUtagDVTARGETDEVICE@@PEAUHDC__@@2PEBU_RECTL@@3P6AH_K@Z4@Z 000000018000234c f i CoinAcceptor.obj
 0001:000013b0       ?SetAdvise@?$IViewObjectExImpl@VCOPOSCoinAcceptor@@@ATL@@UEAAJKKPEAUIAdviseSink@@@Z 00000001800023b0 f i CoinAcceptor.obj
 0001:00001404       ?GetAdvise@?$IViewObjectExImpl@VCOPOSCoinAcceptor@@@ATL@@UEAAJPEAK0PEAPEAUIAdviseSink@@@Z 0000000180002404 f i CoinAcceptor.obj
 0001:00001440       ?GetExtent@?$IViewObjectExImpl@VCOPOSCoinAcceptor@@@ATL@@UEAAJKJPEAUtagDVTARGETDEVICE@@PEAUtagSIZE@@@Z 0000000180002440 f i CoinAcceptor.obj
 0001:00001470       ?GetViewStatus@?$IViewObjectExImpl@VCOPOSCoinAcceptor@@@ATL@@UEAAJPEAK@Z 0000000180002470 f i CoinAcceptor.obj
 0001:00001484       ?QueryHitPoint@?$IViewObjectExImpl@VCOPOSCoinAcceptor@@@ATL@@UEAAJKPEBUtagRECT@@UtagPOINT@@JPEAK@Z 0000000180002484 f i CoinAcceptor.obj
 0001:000014c8       ?QueryHitRect@?$IViewObjectExImpl@VCOPOSCoinAcceptor@@@ATL@@UEAAJKPEBUtagRECT@@0JPEAK@Z 00000001800024c8 f i CoinAcceptor.obj
 0001:00001530       ?GetNaturalExtent@?$IViewObjectExImpl@VCOPOSCoinAcceptor@@@ATL@@UEAAJKJPEAUtagDVTARGETDEVICE@@PEAUHDC__@@PEAUtagExtentInfo@@PEAUtagSIZE@@@Z 0000000180002530 f i CoinAcceptor.obj
 0001:00001578       ?GetWindow@?$IOleInPlaceObjectWindowlessImpl@VCOPOSCoinAcceptor@@@ATL@@UEAAJPEAPEAUHWND__@@@Z 0000000180002578 f i CoinAcceptor.obj
 0001:000015cc       ?InPlaceDeactivate@?$IOleInPlaceObjectWindowlessImpl@VCOPOSCoinAcceptor@@@ATL@@UEAAJXZ 00000001800025cc f i CoinAcceptor.obj
 0001:000015e8       ?UIDeactivate@?$IOleInPlaceObjectWindowlessImpl@VCOPOSCoinAcceptor@@@ATL@@UEAAJXZ 00000001800025e8 f i CoinAcceptor.obj
 0001:00001604       ?SetObjectRects@?$IOleInPlaceObjectWindowlessImpl@VCOPOSCoinAcceptor@@@ATL@@UEAAJPEBUtagRECT@@0@Z 0000000180002604 f i CoinAcceptor.obj
 0001:00001620       ?OnWindowMessage@?$IOleInPlaceObjectWindowlessImpl@VCOPOSCoinAcceptor@@@ATL@@UEAAJI_K_JPEA_J@Z 0000000180002620 f i CoinAcceptor.obj
 0001:000016e8       ?EnumConnectionPoints@?$IConnectionPointContainerImpl@VCOPOSCoinAcceptor@@@ATL@@UEAAJPEAPEAUIEnumConnectionPoints@@@Z 00000001800026e8 f i CoinAcceptor.obj
 0001:00001934       ?FindConnectionPoint@?$IConnectionPointContainerImpl@VCOPOSCoinAcceptor@@@ATL@@UEAAJAEBU_GUID@@PEAPEAUIConnectionPoint@@@Z 0000000180002934 f i CoinAcceptor.obj
 0001:00001a04       ?IsDirty@?$IPersistStorageImpl@VCOPOSCoinAcceptor@@@ATL@@UEAAJXZ 0000000180002a04 f i CoinAcceptor.obj
 0001:00001a44       ?InitNew@?$IPersistStorageImpl@VCOPOSCoinAcceptor@@@ATL@@UEAAJPEAUIStorage@@@Z 0000000180002a44 f i CoinAcceptor.obj
 0001:00001a84       ?Load@?$IPersistStorageImpl@VCOPOSCoinAcceptor@@@ATL@@UEAAJPEAUIStorage@@@Z 0000000180002a84 f i CoinAcceptor.obj
 0001:00001b24       ?Save@?$IPersistStorageImpl@VCOPOSCoinAcceptor@@@ATL@@UEAAJPEAUIStorage@@H@Z 0000000180002b24 f i CoinAcceptor.obj
 0001:00001bd4       ?GetPages@?$ISpecifyPropertyPagesImpl@VCOPOSCoinAcceptor@@@ATL@@UEAAJPEAUtagCAUUID@@@Z 0000000180002bd4 f i CoinAcceptor.obj
 0001:00001be0       ?QuickActivate@?$IQuickActivateImpl@VCOPOSCoinAcceptor@@@ATL@@UEAAJPEAUtagQACONTAINER@@PEAUtagQACONTROL@@@Z 0000000180002be0 f i CoinAcceptor.obj
 0001:00001bfc       ?SetContentExtent@?$IQuickActivateImpl@VCOPOSCoinAcceptor@@@ATL@@UEAAJPEAUtagSIZE@@@Z 0000000180002bfc f i CoinAcceptor.obj
 0001:00001c30       ?GetContentExtent@?$IQuickActivateImpl@VCOPOSCoinAcceptor@@@ATL@@UEAAJPEAUtagSIZE@@@Z 0000000180002c30 f i CoinAcceptor.obj
 0001:00001c68       ?GetData@?$IDataObjectImpl@VCOPOSCoinAcceptor@@@ATL@@UEAAJPEAUtagFORMATETC@@PEAUtagSTGMEDIUM@@@Z 0000000180002c68 f i CoinAcceptor.obj
 0001:00001c84       ?DAdvise@?$IDataObjectImpl@VCOPOSCoinAcceptor@@@ATL@@UEAAJPEAUtagFORMATETC@@KPEAUIAdviseSink@@PEAK@Z 0000000180002c84 f i CoinAcceptor.obj
 0001:00001d0c       ?DUnadvise@?$IDataObjectImpl@VCOPOSCoinAcceptor@@@ATL@@UEAAJK@Z 0000000180002d0c f i CoinAcceptor.obj
 0001:00001d38       ?EnumDAdvise@?$IDataObjectImpl@VCOPOSCoinAcceptor@@@ATL@@UEAAJPEAPEAUIEnumSTATDATA@@@Z 0000000180002d38 f i CoinAcceptor.obj
 0001:00001d74       ?GetClassInfoW@?$IProvideClassInfo2Impl@$1?CLSID_OPOSCoinAcceptor@@3U_GUID@@B$1?DIID__IOPOSCoinAcceptorEvents@@3U2@B$1?LIBID_OposCoinAcceptor_CCO@@3U2@B$00$0A@VCComTypeInfoHolder@ATL@@@ATL@@UEAAJPEAPEAUITypeInfo@@@Z 0000000180002d74 f i CoinAcceptor.obj
 0001:00001dcc       ?GetGUID@?$IProvideClassInfo2Impl@$1?CLSID_OPOSCoinAcceptor@@3U_GUID@@B$1?DIID__IOPOSCoinAcceptorEvents@@3U2@B$1?LIBID_OposCoinAcceptor_CCO@@3U2@B$00$0A@VCComTypeInfoHolder@ATL@@@ATL@@UEAAJKPEAU_GUID@@@Z 0000000180002dcc f i CoinAcceptor.obj
 0001:00001e00       _get_startup_argv_mode     0000000180002e00 f i LIBCMT:argv_mode.obj
 0001:00001e00       ?AddRef@CRegObject@ATL@@UEAAKXZ 0000000180002e00 f i CoinAcceptor.obj
 0001:00001e00       ?FAccessAllowed@?$IObjectSafetyImpl@VCOPOSCoinAcceptor@@$02@ATL@@MEAAHXZ 0000000180002e00 f i CoinAcceptor.obj
 0001:00001e08       ?GetInterfaceSafetyOptions@?$IObjectSafetyImpl@VCOPOSCoinAcceptor@@$02@ATL@@UEAAJAEBU_GUID@@PEAK1@Z 0000000180002e08 f i CoinAcceptor.obj
 0001:00001e9c       ?SetInterfaceSafetyOptions@?$IObjectSafetyImpl@VCOPOSCoinAcceptor@@$02@ATL@@UEAAJAEBU_GUID@@KK@Z 0000000180002e9c f i CoinAcceptor.obj
 0001:00001f40       ?_LocCPQueryInterface@?$IConnectionPointImpl@VCOPOSCoinAcceptor@@$1?IID_IPropertyNotifySink@@3U_GUID@@BVCComDynamicUnkArray@ATL@@@ATL@@UEAAJAEBU_GUID@@PEAPEAX@Z 0000000180002f40 f i CoinAcceptor.obj
 0001:00001f40       ?_LocCPQueryInterface@?$IConnectionPointImpl@VCOPOSCoinAcceptor@@$1?DIID__IOPOSCoinAcceptorEvents@@3U_GUID@@BVCComDynamicUnkArray@ATL@@@ATL@@UEAAJAEBU_GUID@@PEAPEAX@Z 0000000180002f40 f i CoinAcceptor.obj
 0001:00001fb0       ?GetConnectionInterface@?$IConnectionPointImpl@VCOPOSCoinAcceptor@@$1?IID_IPropertyNotifySink@@3U_GUID@@BVCComDynamicUnkArray@ATL@@@ATL@@UEAAJPEAU_GUID@@@Z 0000000180002fb0 f i CoinAcceptor.obj
 0001:00001fcc       ?GetConnectionPointContainer@?$IConnectionPointImpl@VCOPOSCoinAcceptor@@$1?IID_IPropertyNotifySink@@3U_GUID@@BVCComDynamicUnkArray@ATL@@@ATL@@UEAAJPEAPEAUIConnectionPointContainer@@@Z 0000000180002fcc f i CoinAcceptor.obj
 0001:00001fec       ?Advise@?$IConnectionPointImpl@VCOPOSCoinAcceptor@@$1?IID_IPropertyNotifySink@@3U_GUID@@BVCComDynamicUnkArray@ATL@@@ATL@@UEAAJPEAUIUnknown@@PEAK@Z 0000000180002fec f i CoinAcceptor.obj
 0001:00001fec       ?Advise@?$IConnectionPointImpl@VCOPOSCoinAcceptor@@$1?DIID__IOPOSCoinAcceptorEvents@@3U_GUID@@BVCComDynamicUnkArray@ATL@@@ATL@@UEAAJPEAUIUnknown@@PEAK@Z 0000000180002fec f i CoinAcceptor.obj
 0001:000020a8       ?Unadvise@?$IConnectionPointImpl@VCOPOSCoinAcceptor@@$1?IID_IPropertyNotifySink@@3U_GUID@@BVCComDynamicUnkArray@ATL@@@ATL@@UEAAJK@Z 00000001800030a8 f i CoinAcceptor.obj
 0001:000020a8       ?Unadvise@?$IConnectionPointImpl@VCOPOSCoinAcceptor@@$1?DIID__IOPOSCoinAcceptorEvents@@3U_GUID@@BVCComDynamicUnkArray@ATL@@@ATL@@UEAAJK@Z 00000001800030a8 f i CoinAcceptor.obj
 0001:00002110       ?EnumConnections@?$IConnectionPointImpl@VCOPOSCoinAcceptor@@$1?IID_IPropertyNotifySink@@3U_GUID@@BVCComDynamicUnkArray@ATL@@@ATL@@UEAAJPEAPEAUIEnumConnections@@@Z 0000000180003110 f i CoinAcceptor.obj
 0001:00002110       ?EnumConnections@?$IConnectionPointImpl@VCOPOSCoinAcceptor@@$1?DIID__IOPOSCoinAcceptorEvents@@3U_GUID@@BVCComDynamicUnkArray@ATL@@@ATL@@UEAAJPEAPEAUIEnumConnections@@@Z 0000000180003110 f i CoinAcceptor.obj
 0001:000022bc       ?GetConnectionInterface@?$IConnectionPointImpl@VCOPOSCoinAcceptor@@$1?DIID__IOPOSCoinAcceptorEvents@@3U_GUID@@BVCComDynamicUnkArray@ATL@@@ATL@@UEAAJPEAU_GUID@@@Z 00000001800032bc f i CoinAcceptor.obj
 0001:000022d8       ?GetConnectionPointContainer@?$IConnectionPointImpl@VCOPOSCoinAcceptor@@$1?DIID__IOPOSCoinAcceptorEvents@@3U_GUID@@BVCComDynamicUnkArray@ATL@@@ATL@@UEAAJPEAPEAUIConnectionPointContainer@@@Z 00000001800032d8 f i CoinAcceptor.obj
 0001:000022f8       ?UpdateRegistry@COPOSCoinAcceptor@@SAJH@Z 00000001800032f8 f i CoinAcceptor.obj
 0001:00002310       ?ProcessWindowMessage@COPOSCoinAcceptor@@UEAAHPEAUHWND__@@I_K_JAEA_JK@Z 0000000180003310 f i CoinAcceptor.obj
 0001:00002398       ?SOData@COPOSCoinAcceptor@@MEAAJJ@Z 0000000180003398 f i CoinAcceptor.obj
 0001:000023e8       ?SODirectIO@COPOSCoinAcceptor@@MEAAJJPEAJPEAPEA_W@Z 00000001800033e8 f i CoinAcceptor.obj
 0001:00002460       ?SOStatusUpdate@COPOSCoinAcceptor@@MEAAJJ@Z 0000000180003460 f i CoinAcceptor.obj
 0001:000024b0       ?Lock@CAtlModule@ATL@@UEAAJXZ 00000001800034b0 f i CoinAcceptor.obj
 0001:000024c0       ?Unlock@CAtlModule@ATL@@UEAAJXZ 00000001800034c0 f i CoinAcceptor.obj
 0001:000024cc       ?GetLockCount@CAtlModule@ATL@@UEAAJXZ 00000001800034cc f i CoinAcceptor.obj
 0001:000024d0       ?GetGITPtr@CAtlModule@ATL@@UEAAJPEAPEAUIGlobalInterfaceTable@@@Z 00000001800034d0 f i CoinAcceptor.obj
 0001:00002540       ?CreateInstance@?$CComCreator@V?$CComObjectCached@VCComClassFactory@ATL@@@ATL@@@ATL@@SAJPEAXAEBU_GUID@@PEAPEAX@Z 0000000180003540 f i CoinAcceptor.obj
 0001:00002664       ?CreateInstance@?$CComCreator2@V?$CComCreator@V?$CComObject@VCOPOSCoinAcceptor@@@ATL@@@ATL@@V?$CComCreator@V?$CComAggObject@VCOPOSCoinAcceptor@@@ATL@@@2@@ATL@@SAJPEAXAEBU_GUID@@PEAPEAX@Z 0000000180003664 f i CoinAcceptor.obj
 0001:00002674       ?AddCommonRGSReplacements@?$CAtlModuleT@VCComModule@ATL@@@ATL@@UEAAJPEAUIRegistrarBase@@@Z 0000000180003674 f i CoinAcceptor.obj
 0001:0000268c       ?AddRef@?$CComObjectCached@VCComClassFactory@ATL@@@ATL@@UEAAKXZ 000000018000368c f i CoinAcceptor.obj
 0001:000026b8       ?Release@?$CComObjectCached@VCComClassFactory@ATL@@@ATL@@UEAAKXZ 00000001800036b8 f i CoinAcceptor.obj
 0001:000026f8       ?QueryInterface@?$CComObjectCached@VCComClassFactory@ATL@@@ATL@@UEAAJAEBU_GUID@@PEAPEAX@Z 00000001800036f8 f i CoinAcceptor.obj
 0001:0000270c       ?UpdateRegistryFromResourceD@CComModule@ATL@@UEAAJIHPEAU_ATL_REGMAP_ENTRY@2@@Z 000000018000370c f i CoinAcceptor.obj
 0001:0000270c       ?UpdateRegistryFromResourceD@CComModule@ATL@@UEAAJPEB_WHPEAU_ATL_REGMAP_ENTRY@2@@Z 000000018000370c f i CoinAcceptor.obj
 0001:00002714       ??_G?$CComObjectCached@VCComClassFactory@ATL@@@ATL@@UEAAPEAXI@Z 0000000180003714 f i CoinAcceptor.obj
 0001:00002714       ??_E?$CComObjectCached@VCComClassFactory@ATL@@@ATL@@UEAAPEAXI@Z 0000000180003714 f i CoinAcceptor.obj
 0001:0000276c       ?UpdateRegistryFromResource@CComModule@ATL@@UEAAJPEB_WHPEAU_ATL_REGMAP_ENTRY@2@@Z 000000018000376c f i CoinAcceptor.obj
 0001:00002774       ?UpdateRegistryFromResource@CComModule@ATL@@UEAAJIHPEAU_ATL_REGMAP_ENTRY@2@@Z 0000000180003774 f i CoinAcceptor.obj
 0001:0000277c       ??_GCComModule@ATL@@UEAAPEAXI@Z 000000018000377c f i CoinAcceptor.obj
 0001:0000277c       ??_ECComModule@ATL@@UEAAPEAXI@Z 000000018000377c f i CoinAcceptor.obj
 0001:000027bc       ?Next@?$CComEnumImpl@UIEnumConnectionPoints@@$1?_GUID_b196b285_bab4_101a_b69c_00aa00341d07@@3U__s_GUID@@BPEAUIConnectionPoint@@V?$_CopyInterface@UIConnectionPoint@@@ATL@@@ATL@@UEAAJKPEAPEAUIConnectionPoint@@PEAK@Z 00000001800037bc f i CoinAcceptor.obj
 0001:00002888       ?Skip@?$CComEnumImpl@UIEnumConnectionPoints@@$1?_GUID_b196b285_bab4_101a_b69c_00aa00341d07@@3U__s_GUID@@BPEAUIConnectionPoint@@V?$_CopyInterface@UIConnectionPoint@@@ATL@@@ATL@@UEAAJK@Z 0000000180003888 f i CoinAcceptor.obj
 0001:000028b4       ?Reset@?$CComEnumImpl@UIEnumConnections@@$1?_GUID_b196b287_bab4_101a_b69c_00aa00341d07@@3U__s_GUID@@BUtagCONNECTDATA@@V?$_Copy@UtagCONNECTDATA@@@ATL@@@ATL@@UEAAJXZ 00000001800038b4 f i CoinAcceptor.obj
 0001:000028b4       ?Reset@?$CComEnumImpl@UIEnumConnectionPoints@@$1?_GUID_b196b285_bab4_101a_b69c_00aa00341d07@@3U__s_GUID@@BPEAUIConnectionPoint@@V?$_CopyInterface@UIConnectionPoint@@@ATL@@@ATL@@UEAAJXZ 00000001800038b4 f i CoinAcceptor.obj
 0001:000028c0       ?Clone@?$CComEnumImpl@UIEnumConnectionPoints@@$1?_GUID_b196b285_bab4_101a_b69c_00aa00341d07@@3U__s_GUID@@BPEAUIConnectionPoint@@V?$_CopyInterface@UIConnectionPoint@@@ATL@@@ATL@@UEAAJPEAPEAUIEnumConnectionPoints@@@Z 00000001800038c0 f i CoinAcceptor.obj
 0001:000029ec       ?AddRef@?$CComObject@V?$CComEnum@UIEnumConnectionPoints@@$1?_GUID_b196b285_bab4_101a_b69c_00aa00341d07@@3U__s_GUID@@BPEAUIConnectionPoint@@V?$_CopyInterface@UIConnectionPoint@@@ATL@@VCComSingleThreadModel@6@@ATL@@@ATL@@UEAAKXZ 00000001800039ec f i CoinAcceptor.obj
 0001:000029ec       ?AddRef@?$CComObject@V?$CComEnum@UIEnumConnections@@$1?_GUID_b196b287_bab4_101a_b69c_00aa00341d07@@3U__s_GUID@@BUtagCONNECTDATA@@V?$_Copy@UtagCONNECTDATA@@@ATL@@VCComSingleThreadModel@6@@ATL@@@ATL@@UEAAKXZ 00000001800039ec f i CoinAcceptor.obj
 0001:000029f8       ?Release@?$CComObject@V?$CComEnum@UIEnumConnections@@$1?_GUID_b196b287_bab4_101a_b69c_00aa00341d07@@3U__s_GUID@@BUtagCONNECTDATA@@V?$_Copy@UtagCONNECTDATA@@@ATL@@VCComSingleThreadModel@6@@ATL@@@ATL@@UEAAKXZ 00000001800039f8 f i CoinAcceptor.obj
 0001:000029f8       ?Release@?$CComObject@V?$CComEnum@UIEnumConnectionPoints@@$1?_GUID_b196b285_bab4_101a_b69c_00aa00341d07@@3U__s_GUID@@BPEAUIConnectionPoint@@V?$_CopyInterface@UIConnectionPoint@@@ATL@@VCComSingleThreadModel@6@@ATL@@@ATL@@UEAAKXZ 00000001800039f8 f i CoinAcceptor.obj
 0001:00002a4c       ?QueryInterface@?$CComObject@V?$CComEnum@UIEnumConnectionPoints@@$1?_GUID_b196b285_bab4_101a_b69c_00aa00341d07@@3U__s_GUID@@BPEAUIConnectionPoint@@V?$_CopyInterface@UIConnectionPoint@@@ATL@@VCComSingleThreadModel@6@@ATL@@@ATL@@UEAAJAEBU_GUID@@PEAPEAX@Z 0000000180003a4c f i CoinAcceptor.obj
 0001:00002a60       ??_E?$CComObject@V?$CComEnum@UIEnumConnectionPoints@@$1?_GUID_b196b285_bab4_101a_b69c_00aa00341d07@@3U__s_GUID@@BPEAUIConnectionPoint@@V?$_CopyInterface@UIConnectionPoint@@@ATL@@VCComSingleThreadModel@6@@ATL@@@ATL@@UEAAPEAXI@Z 0000000180003a60 f i CoinAcceptor.obj
 0001:00002a60       ??_G?$CComObject@V?$CComEnum@UIEnumConnectionPoints@@$1?_GUID_b196b285_bab4_101a_b69c_00aa00341d07@@3U__s_GUID@@BPEAUIConnectionPoint@@V?$_CopyInterface@UIConnectionPoint@@@ATL@@VCComSingleThreadModel@6@@ATL@@@ATL@@UEAAPEAXI@Z 0000000180003a60 f i CoinAcceptor.obj
 0001:00002ab8       ?AddReplacement@CRegObject@ATL@@UEAAJPEB_W0@Z 0000000180003ab8 f i CoinAcceptor.obj
 0001:00002ae8       ?ClearReplacements@CRegObject@ATL@@UEAAJXZ 0000000180003ae8 f i CoinAcceptor.obj
 0001:00002af4       ??_ECRegObject@ATL@@UEAAPEAXI@Z 0000000180003af4 f i CoinAcceptor.obj
 0001:00002af4       ??_GCRegObject@ATL@@UEAAPEAXI@Z 0000000180003af4 f i CoinAcceptor.obj
 0001:00002b74       ?AddRef@?$CComAggObject@VCOPOSCoinAcceptor@@@ATL@@UEAAKXZ 0000000180003b74 f i CoinAcceptor.obj
 0001:00002b80       ?Release@?$CComAggObject@VCOPOSCoinAcceptor@@@ATL@@UEAAKXZ 0000000180003b80 f i CoinAcceptor.obj
 0001:00002bd4       ?QueryInterface@?$CComAggObject@VCOPOSCoinAcceptor@@@ATL@@UEAAJAEBU_GUID@@PEAPEAX@Z 0000000180003bd4 f i CoinAcceptor.obj
 0001:00002c34       ?AddRef@?$CComContainedObject@VCOPOSCoinAcceptor@@@ATL@@UEAAKXZ 0000000180003c34 f i CoinAcceptor.obj
 0001:00002c44       ?Release@?$CComContainedObject@VCOPOSCoinAcceptor@@@ATL@@UEAAKXZ 0000000180003c44 f i CoinAcceptor.obj
 0001:00002c54       ?QueryInterface@?$CComContainedObject@VCOPOSCoinAcceptor@@@ATL@@UEAAJAEBU_GUID@@PEAPEAX@Z 0000000180003c54 f i CoinAcceptor.obj
 0001:00002c64       ??_G?$CComAggObject@VCOPOSCoinAcceptor@@@ATL@@UEAAPEAXI@Z 0000000180003c64 f i CoinAcceptor.obj
 0001:00002c64       ??_E?$CComAggObject@VCOPOSCoinAcceptor@@@ATL@@UEAAPEAXI@Z 0000000180003c64 f i CoinAcceptor.obj
 0001:00002cbc       ?AddRef@?$CComObject@VCOPOSCoinAcceptor@@@ATL@@UEAAKXZ 0000000180003cbc f i CoinAcceptor.obj
 0001:00002ccc       ?Release@?$CComObject@VCOPOSCoinAcceptor@@@ATL@@UEAAKXZ 0000000180003ccc f i CoinAcceptor.obj
 0001:00002d24       ?QueryInterface@?$CComObject@VCOPOSCoinAcceptor@@@ATL@@UEAAJAEBU_GUID@@PEAPEAX@Z 0000000180003d24 f i CoinAcceptor.obj
 0001:00002d38       ?OnDrawAdvanced@CComControlBase@ATL@@UEAAJAEAUATL_DRAWINFO@@@Z 0000000180003d38 f i CoinAcceptor.obj
 0001:00002ec4       ?Next@?$CComEnumImpl@UIEnumConnections@@$1?_GUID_b196b287_bab4_101a_b69c_00aa00341d07@@3U__s_GUID@@BUtagCONNECTDATA@@V?$_Copy@UtagCONNECTDATA@@@ATL@@@ATL@@UEAAJKPEAUtagCONNECTDATA@@PEAK@Z 0000000180003ec4 f i CoinAcceptor.obj
 0001:00002f98       ?Skip@?$CComEnumImpl@UIEnumConnections@@$1?_GUID_b196b287_bab4_101a_b69c_00aa00341d07@@3U__s_GUID@@BUtagCONNECTDATA@@V?$_Copy@UtagCONNECTDATA@@@ATL@@@ATL@@UEAAJK@Z 0000000180003f98 f i CoinAcceptor.obj
 0001:00002fc4       ?Clone@?$CComEnumImpl@UIEnumConnections@@$1?_GUID_b196b287_bab4_101a_b69c_00aa00341d07@@3U__s_GUID@@BUtagCONNECTDATA@@V?$_Copy@UtagCONNECTDATA@@@ATL@@@ATL@@UEAAJPEAPEAUIEnumConnections@@@Z 0000000180003fc4 f i CoinAcceptor.obj
 0001:000030f0       ?QueryInterface@?$CComObject@V?$CComEnum@UIEnumConnections@@$1?_GUID_b196b287_bab4_101a_b69c_00aa00341d07@@3U__s_GUID@@BUtagCONNECTDATA@@V?$_Copy@UtagCONNECTDATA@@@ATL@@VCComSingleThreadModel@6@@ATL@@@ATL@@UEAAJAEBU_GUID@@PEAPEAX@Z 00000001800040f0 f i CoinAcceptor.obj
 0001:00003104       ??_E?$CComObject@V?$CComEnum@UIEnumConnections@@$1?_GUID_b196b287_bab4_101a_b69c_00aa00341d07@@3U__s_GUID@@BUtagCONNECTDATA@@V?$_Copy@UtagCONNECTDATA@@@ATL@@VCComSingleThreadModel@6@@ATL@@@ATL@@UEAAPEAXI@Z 0000000180004104 f i CoinAcceptor.obj
 0001:00003104       ??_G?$CComObject@V?$CComEnum@UIEnumConnections@@$1?_GUID_b196b287_bab4_101a_b69c_00aa00341d07@@3U__s_GUID@@BUtagCONNECTDATA@@V?$_Copy@UtagCONNECTDATA@@@ATL@@VCComSingleThreadModel@6@@ATL@@@ATL@@UEAAPEAXI@Z 0000000180004104 f i CoinAcceptor.obj
 0001:0000315c       ??_E?$CComObject@VCOPOSCoinAcceptor@@@ATL@@W7EAAPEAXI@Z 000000018000415c f i CoinAcceptor.obj
 0001:00003168       ??_E?$CComObject@VCOPOSCoinAcceptor@@@ATL@@WHA@EAAPEAXI@Z 0000000180004168 f i CoinAcceptor.obj
 0001:00003174       ?QueryInterface@?$CComObject@VCOPOSCoinAcceptor@@@ATL@@WLI@EAAJAEBU_GUID@@PEAPEAX@Z 0000000180004174 f i CoinAcceptor.obj
 0001:00003180       ?AddRef@?$CComObject@VCOPOSCoinAcceptor@@@ATL@@WLI@EAAKXZ 0000000180004180 f i CoinAcceptor.obj
 0001:0000318c       ?Release@?$CComObject@VCOPOSCoinAcceptor@@@ATL@@WLI@EAAKXZ 000000018000418c f i CoinAcceptor.obj
 0001:00003198       ?QueryInterface@?$CComObject@VCOPOSCoinAcceptor@@@ATL@@WMA@EAAJAEBU_GUID@@PEAPEAX@Z 0000000180004198 f i CoinAcceptor.obj
 0001:000031a4       ?AddRef@?$CComObject@VCOPOSCoinAcceptor@@@ATL@@WMA@EAAKXZ 00000001800041a4 f i CoinAcceptor.obj
 0001:000031b0       ?Release@?$CComObject@VCOPOSCoinAcceptor@@@ATL@@WMA@EAAKXZ 00000001800041b0 f i CoinAcceptor.obj
 0001:000031bc       ?QueryInterface@?$CComObject@VCOPOSCoinAcceptor@@@ATL@@WMI@EAAJAEBU_GUID@@PEAPEAX@Z 00000001800041bc f i CoinAcceptor.obj
 0001:000031c8       ?AddRef@?$CComObject@VCOPOSCoinAcceptor@@@ATL@@WMI@EAAKXZ 00000001800041c8 f i CoinAcceptor.obj
 0001:000031d4       ?Release@?$CComObject@VCOPOSCoinAcceptor@@@ATL@@WMI@EAAKXZ 00000001800041d4 f i CoinAcceptor.obj
 0001:000031e0       ?QueryInterface@?$CComObject@VCOPOSCoinAcceptor@@@ATL@@WNA@EAAJAEBU_GUID@@PEAPEAX@Z 00000001800041e0 f i CoinAcceptor.obj
 0001:000031ec       ?AddRef@?$CComObject@VCOPOSCoinAcceptor@@@ATL@@WNA@EAAKXZ 00000001800041ec f i CoinAcceptor.obj
 0001:000031f8       ?Release@?$CComObject@VCOPOSCoinAcceptor@@@ATL@@WNA@EAAKXZ 00000001800041f8 f i CoinAcceptor.obj
 0001:00003204       ?QueryInterface@?$CComObject@VCOPOSCoinAcceptor@@@ATL@@WNI@EAAJAEBU_GUID@@PEAPEAX@Z 0000000180004204 f i CoinAcceptor.obj
 0001:00003210       ?AddRef@?$CComObject@VCOPOSCoinAcceptor@@@ATL@@WNI@EAAKXZ 0000000180004210 f i CoinAcceptor.obj
 0001:0000321c       ?Release@?$CComObject@VCOPOSCoinAcceptor@@@ATL@@WNI@EAAKXZ 000000018000421c f i CoinAcceptor.obj
 0001:00003228       ?QueryInterface@?$CComObject@VCOPOSCoinAcceptor@@@ATL@@WOA@EAAJAEBU_GUID@@PEAPEAX@Z 0000000180004228 f i CoinAcceptor.obj
 0001:00003234       ?AddRef@?$CComObject@VCOPOSCoinAcceptor@@@ATL@@WOA@EAAKXZ 0000000180004234 f i CoinAcceptor.obj
 0001:00003240       ?Release@?$CComObject@VCOPOSCoinAcceptor@@@ATL@@WOA@EAAKXZ 0000000180004240 f i CoinAcceptor.obj
 0001:0000324c       ?QueryInterface@?$CComObject@VCOPOSCoinAcceptor@@@ATL@@WOI@EAAJAEBU_GUID@@PEAPEAX@Z 000000018000424c f i CoinAcceptor.obj
 0001:00003258       ?AddRef@?$CComObject@VCOPOSCoinAcceptor@@@ATL@@WOI@EAAKXZ 0000000180004258 f i CoinAcceptor.obj
 0001:00003264       ?Release@?$CComObject@VCOPOSCoinAcceptor@@@ATL@@WOI@EAAKXZ 0000000180004264 f i CoinAcceptor.obj
 0001:00003270       ?QueryInterface@?$CComObject@VCOPOSCoinAcceptor@@@ATL@@WPA@EAAJAEBU_GUID@@PEAPEAX@Z 0000000180004270 f i CoinAcceptor.obj
 0001:0000327c       ?AddRef@?$CComObject@VCOPOSCoinAcceptor@@@ATL@@WPA@EAAKXZ 000000018000427c f i CoinAcceptor.obj
 0001:00003288       ?Release@?$CComObject@VCOPOSCoinAcceptor@@@ATL@@WPA@EAAKXZ 0000000180004288 f i CoinAcceptor.obj
 0001:00003294       ?QueryInterface@?$CComObject@VCOPOSCoinAcceptor@@@ATL@@WPI@EAAJAEBU_GUID@@PEAPEAX@Z 0000000180004294 f i CoinAcceptor.obj
 0001:000032a0       ?AddRef@?$CComObject@VCOPOSCoinAcceptor@@@ATL@@WPI@EAAKXZ 00000001800042a0 f i CoinAcceptor.obj
 0001:000032ac       ?Release@?$CComObject@VCOPOSCoinAcceptor@@@ATL@@WPI@EAAKXZ 00000001800042ac f i CoinAcceptor.obj
 0001:000032b8       ?QueryInterface@?$CComObject@VCOPOSCoinAcceptor@@@ATL@@WBAA@EAAJAEBU_GUID@@PEAPEAX@Z 00000001800042b8 f i CoinAcceptor.obj
 0001:000032c4       ?AddRef@?$CComObject@VCOPOSCoinAcceptor@@@ATL@@WBAA@EAAKXZ 00000001800042c4 f i CoinAcceptor.obj
 0001:000032d0       ?Release@?$CComObject@VCOPOSCoinAcceptor@@@ATL@@WBAA@EAAKXZ 00000001800042d0 f i CoinAcceptor.obj
 0001:000032dc       ?QueryInterface@?$CComObject@VCOPOSCoinAcceptor@@@ATL@@WBAI@EAAJAEBU_GUID@@PEAPEAX@Z 00000001800042dc f i CoinAcceptor.obj
 0001:000032e8       ?AddRef@?$CComObject@VCOPOSCoinAcceptor@@@ATL@@WBAI@EAAKXZ 00000001800042e8 f i CoinAcceptor.obj
 0001:000032f4       ?Release@?$CComObject@VCOPOSCoinAcceptor@@@ATL@@WBAI@EAAKXZ 00000001800042f4 f i CoinAcceptor.obj
 0001:00003300       ?QueryInterface@?$CComObject@VCOPOSCoinAcceptor@@@ATL@@WBBA@EAAJAEBU_GUID@@PEAPEAX@Z 0000000180004300 f i CoinAcceptor.obj
 0001:0000330c       ?AddRef@?$CComObject@VCOPOSCoinAcceptor@@@ATL@@WBBA@EAAKXZ 000000018000430c f i CoinAcceptor.obj
 0001:00003318       ?Release@?$CComObject@VCOPOSCoinAcceptor@@@ATL@@WBBA@EAAKXZ 0000000180004318 f i CoinAcceptor.obj
 0001:00003324       ?QueryInterface@?$CComObject@VCOPOSCoinAcceptor@@@ATL@@WBBI@EAAJAEBU_GUID@@PEAPEAX@Z 0000000180004324 f i CoinAcceptor.obj
 0001:00003330       ?AddRef@?$CComObject@VCOPOSCoinAcceptor@@@ATL@@WBBI@EAAKXZ 0000000180004330 f i CoinAcceptor.obj
 0001:0000333c       ?Release@?$CComObject@VCOPOSCoinAcceptor@@@ATL@@WBBI@EAAKXZ 000000018000433c f i CoinAcceptor.obj
 0001:00003348       ?AddRef@?$CComObject@VCOPOSCoinAcceptor@@@ATL@@WBCI@EAAKXZ 0000000180004348 f i CoinAcceptor.obj
 0001:00003354       ?Release@?$CComObject@VCOPOSCoinAcceptor@@@ATL@@WBCI@EAAKXZ 0000000180004354 f i CoinAcceptor.obj
 0001:00003360       ?AddRef@?$CComObject@VCOPOSCoinAcceptor@@@ATL@@WBEA@EAAKXZ 0000000180004360 f i CoinAcceptor.obj
 0001:0000336c       ?Release@?$CComObject@VCOPOSCoinAcceptor@@@ATL@@WBEA@EAAKXZ 000000018000436c f i CoinAcceptor.obj
 0001:00003378       ??_E?$CComContainedObject@VCOPOSCoinAcceptor@@@ATL@@W7EAAPEAXI@Z 0000000180004378 f i CoinAcceptor.obj
 0001:00003384       ??_E?$CComContainedObject@VCOPOSCoinAcceptor@@@ATL@@WHA@EAAPEAXI@Z 0000000180004384 f i CoinAcceptor.obj
 0001:00003390       ?QueryInterface@?$CComContainedObject@VCOPOSCoinAcceptor@@@ATL@@WLI@EAAJAEBU_GUID@@PEAPEAX@Z 0000000180004390 f i CoinAcceptor.obj
 0001:0000339c       ?AddRef@?$CComContainedObject@VCOPOSCoinAcceptor@@@ATL@@WLI@EAAKXZ 000000018000439c f i CoinAcceptor.obj
 0001:000033a8       ?Release@?$CComContainedObject@VCOPOSCoinAcceptor@@@ATL@@WLI@EAAKXZ 00000001800043a8 f i CoinAcceptor.obj
 0001:000033b4       ?QueryInterface@?$CComContainedObject@VCOPOSCoinAcceptor@@@ATL@@WMA@EAAJAEBU_GUID@@PEAPEAX@Z 00000001800043b4 f i CoinAcceptor.obj
 0001:000033c0       ?AddRef@?$CComContainedObject@VCOPOSCoinAcceptor@@@ATL@@WMA@EAAKXZ 00000001800043c0 f i CoinAcceptor.obj
 0001:000033cc       ?Release@?$CComContainedObject@VCOPOSCoinAcceptor@@@ATL@@WMA@EAAKXZ 00000001800043cc f i CoinAcceptor.obj
 0001:000033d8       ?QueryInterface@?$CComContainedObject@VCOPOSCoinAcceptor@@@ATL@@WMI@EAAJAEBU_GUID@@PEAPEAX@Z 00000001800043d8 f i CoinAcceptor.obj
 0001:000033e4       ?AddRef@?$CComContainedObject@VCOPOSCoinAcceptor@@@ATL@@WMI@EAAKXZ 00000001800043e4 f i CoinAcceptor.obj
 0001:000033f0       ?Release@?$CComContainedObject@VCOPOSCoinAcceptor@@@ATL@@WMI@EAAKXZ 00000001800043f0 f i CoinAcceptor.obj
 0001:000033fc       ?QueryInterface@?$CComContainedObject@VCOPOSCoinAcceptor@@@ATL@@WNA@EAAJAEBU_GUID@@PEAPEAX@Z 00000001800043fc f i CoinAcceptor.obj
 0001:00003408       ?AddRef@?$CComContainedObject@VCOPOSCoinAcceptor@@@ATL@@WNA@EAAKXZ 0000000180004408 f i CoinAcceptor.obj
 0001:00003414       ?Release@?$CComContainedObject@VCOPOSCoinAcceptor@@@ATL@@WNA@EAAKXZ 0000000180004414 f i CoinAcceptor.obj
 0001:00003420       ?QueryInterface@?$CComContainedObject@VCOPOSCoinAcceptor@@@ATL@@WNI@EAAJAEBU_GUID@@PEAPEAX@Z 0000000180004420 f i CoinAcceptor.obj
 0001:0000342c       ?AddRef@?$CComContainedObject@VCOPOSCoinAcceptor@@@ATL@@WNI@EAAKXZ 000000018000442c f i CoinAcceptor.obj
 0001:00003438       ?Release@?$CComContainedObject@VCOPOSCoinAcceptor@@@ATL@@WNI@EAAKXZ 0000000180004438 f i CoinAcceptor.obj
 0001:00003444       ?QueryInterface@?$CComContainedObject@VCOPOSCoinAcceptor@@@ATL@@WOA@EAAJAEBU_GUID@@PEAPEAX@Z 0000000180004444 f i CoinAcceptor.obj
 0001:00003450       ?AddRef@?$CComContainedObject@VCOPOSCoinAcceptor@@@ATL@@WOA@EAAKXZ 0000000180004450 f i CoinAcceptor.obj
 0001:0000345c       ?Release@?$CComContainedObject@VCOPOSCoinAcceptor@@@ATL@@WOA@EAAKXZ 000000018000445c f i CoinAcceptor.obj
 0001:00003468       ?QueryInterface@?$CComContainedObject@VCOPOSCoinAcceptor@@@ATL@@WOI@EAAJAEBU_GUID@@PEAPEAX@Z 0000000180004468 f i CoinAcceptor.obj
 0001:00003474       ?AddRef@?$CComContainedObject@VCOPOSCoinAcceptor@@@ATL@@WOI@EAAKXZ 0000000180004474 f i CoinAcceptor.obj
 0001:00003480       ?Release@?$CComContainedObject@VCOPOSCoinAcceptor@@@ATL@@WOI@EAAKXZ 0000000180004480 f i CoinAcceptor.obj
 0001:0000348c       ?QueryInterface@?$CComContainedObject@VCOPOSCoinAcceptor@@@ATL@@WPA@EAAJAEBU_GUID@@PEAPEAX@Z 000000018000448c f i CoinAcceptor.obj
 0001:00003498       ?AddRef@?$CComContainedObject@VCOPOSCoinAcceptor@@@ATL@@WPA@EAAKXZ 0000000180004498 f i CoinAcceptor.obj
 0001:000034a4       ?Release@?$CComContainedObject@VCOPOSCoinAcceptor@@@ATL@@WPA@EAAKXZ 00000001800044a4 f i CoinAcceptor.obj
 0001:000034b0       ?QueryInterface@?$CComContainedObject@VCOPOSCoinAcceptor@@@ATL@@WPI@EAAJAEBU_GUID@@PEAPEAX@Z 00000001800044b0 f i CoinAcceptor.obj
 0001:000034bc       ?AddRef@?$CComContainedObject@VCOPOSCoinAcceptor@@@ATL@@WPI@EAAKXZ 00000001800044bc f i CoinAcceptor.obj
 0001:000034c8       ?Release@?$CComContainedObject@VCOPOSCoinAcceptor@@@ATL@@WPI@EAAKXZ 00000001800044c8 f i CoinAcceptor.obj
 0001:000034d4       ?QueryInterface@?$CComContainedObject@VCOPOSCoinAcceptor@@@ATL@@WBAA@EAAJAEBU_GUID@@PEAPEAX@Z 00000001800044d4 f i CoinAcceptor.obj
 0001:000034e0       ?AddRef@?$CComContainedObject@VCOPOSCoinAcceptor@@@ATL@@WBAA@EAAKXZ 00000001800044e0 f i CoinAcceptor.obj
 0001:000034ec       ?Release@?$CComContainedObject@VCOPOSCoinAcceptor@@@ATL@@WBAA@EAAKXZ 00000001800044ec f i CoinAcceptor.obj
 0001:000034f8       ?QueryInterface@?$CComContainedObject@VCOPOSCoinAcceptor@@@ATL@@WBAI@EAAJAEBU_GUID@@PEAPEAX@Z 00000001800044f8 f i CoinAcceptor.obj
 0001:00003504       ?AddRef@?$CComContainedObject@VCOPOSCoinAcceptor@@@ATL@@WBAI@EAAKXZ 0000000180004504 f i CoinAcceptor.obj
 0001:00003510       ?Release@?$CComContainedObject@VCOPOSCoinAcceptor@@@ATL@@WBAI@EAAKXZ 0000000180004510 f i CoinAcceptor.obj
 0001:0000351c       ?QueryInterface@?$CComContainedObject@VCOPOSCoinAcceptor@@@ATL@@WBBA@EAAJAEBU_GUID@@PEAPEAX@Z 000000018000451c f i CoinAcceptor.obj
 0001:00003528       ?AddRef@?$CComContainedObject@VCOPOSCoinAcceptor@@@ATL@@WBBA@EAAKXZ 0000000180004528 f i CoinAcceptor.obj
 0001:00003534       ?Release@?$CComContainedObject@VCOPOSCoinAcceptor@@@ATL@@WBBA@EAAKXZ 0000000180004534 f i CoinAcceptor.obj
 0001:00003540       ?QueryInterface@?$CComContainedObject@VCOPOSCoinAcceptor@@@ATL@@WBBI@EAAJAEBU_GUID@@PEAPEAX@Z 0000000180004540 f i CoinAcceptor.obj
 0001:0000354c       ?AddRef@?$CComContainedObject@VCOPOSCoinAcceptor@@@ATL@@WBBI@EAAKXZ 000000018000454c f i CoinAcceptor.obj
 0001:00003558       ?Release@?$CComContainedObject@VCOPOSCoinAcceptor@@@ATL@@WBBI@EAAKXZ 0000000180004558 f i CoinAcceptor.obj
 0001:00003564       ?AddRef@?$CComContainedObject@VCOPOSCoinAcceptor@@@ATL@@WBCI@EAAKXZ 0000000180004564 f i CoinAcceptor.obj
 0001:00003570       ?Release@?$CComContainedObject@VCOPOSCoinAcceptor@@@ATL@@WBCI@EAAKXZ 0000000180004570 f i CoinAcceptor.obj
 0001:0000357c       ?AddRef@?$CComContainedObject@VCOPOSCoinAcceptor@@@ATL@@WBEA@EAAKXZ 000000018000457c f i CoinAcceptor.obj
 0001:00003588       ?Release@?$CComContainedObject@VCOPOSCoinAcceptor@@@ATL@@WBEA@EAAKXZ 0000000180004588 f i CoinAcceptor.obj
 0001:00003594       ?CreateInstance@CComClassFactory@ATL@@UEAAJPEAUIUnknown@@AEBU_GUID@@PEAPEAX@Z 0000000180004594 f i CoinAcceptor.obj
 0001:000035f4       ?LockServer@CComClassFactory@ATL@@UEAAJH@Z 00000001800045f4 f i CoinAcceptor.obj
 0001:00003618       ??_ECComClassFactory@ATL@@UEAAPEAXI@Z 0000000180004618 f i CoinAcceptor.obj
 0001:00003618       ??_GCComClassFactory@ATL@@UEAAPEAXI@Z 0000000180004618 f i CoinAcceptor.obj
 0001:00003668       ??$AtlModuleRegisterWndClassInfoT@VAtlModuleRegisterWndClassInfoParamW@ATL@@@ATL@@YAGPEAU_ATL_BASE_MODULE70@0@PEAU_ATL_WIN_MODULE70@0@PEAU_ATL_WNDCLASSINFOW@0@PEAP6A_JPEAUHWND__@@I_K_J@ZVAtlModuleRegisterWndClassInfoParamW@0@@Z 0000000180004668 f i CoinAcceptor.obj
 0001:00003868       ??0?$CComContainedObject@VCOPOSCoinAcceptor@@@ATL@@QEAA@PEAX@Z 0000000180004868 f i CoinAcceptor.obj
 0001:00003984       ??0?$CComObject@VCOPOSCoinAcceptor@@@ATL@@QEAA@PEAX@Z 0000000180004984 f i CoinAcceptor.obj
 0001:00003a9c       ??0CAtlModule@ATL@@QEAA@XZ 0000000180004a9c f i CoinAcceptor.obj
 0001:00003b10       ??1?$CComEnumImpl@UIEnumConnectionPoints@@$1?_GUID_b196b285_bab4_101a_b69c_00aa00341d07@@3U__s_GUID@@BPEAUIConnectionPoint@@V?$_CopyInterface@UIConnectionPoint@@@ATL@@@ATL@@UEAA@XZ 0000000180004b10 f i CoinAcceptor.obj
 0001:00003b6c       ??1?$CComEnumImpl@UIEnumConnections@@$1?_GUID_b196b287_bab4_101a_b69c_00aa00341d07@@3U__s_GUID@@BUtagCONNECTDATA@@V?$_Copy@UtagCONNECTDATA@@@ATL@@@ATL@@UEAA@XZ 0000000180004b6c f i CoinAcceptor.obj
 0001:00003bc8       ??1?$CComObject@VCOPOSCoinAcceptor@@@ATL@@UEAA@XZ 0000000180004bc8 f i CoinAcceptor.obj
 0001:00003ce8       ??_E?$CComContainedObject@VCOPOSCoinAcceptor@@@ATL@@UEAAPEAXI@Z 0000000180004ce8 f i CoinAcceptor.obj
 0001:00003ce8       ??_G?$CComContainedObject@VCOPOSCoinAcceptor@@@ATL@@UEAAPEAXI@Z 0000000180004ce8 f i CoinAcceptor.obj
 0001:00003d1c       ??_E?$CComObject@VCOPOSCoinAcceptor@@@ATL@@UEAAPEAXI@Z 0000000180004d1c f i CoinAcceptor.obj
 0001:00003d1c       ??_G?$CComObject@VCOPOSCoinAcceptor@@@ATL@@UEAAPEAXI@Z 0000000180004d1c f i CoinAcceptor.obj
 0001:00003d50       ?Add@?$CSimpleArray@GV?$CSimpleArrayEqualHelper@G@ATL@@@ATL@@QEAAHAEBG@Z 0000000180004d50 f i CoinAcceptor.obj
 0001:00003e04       ?Add@?$CSimpleMap@PEA_WPEA_WVCExpansionVectorEqualHelper@ATL@@@ATL@@QEAAHAEBQEA_W0@Z 0000000180004e04 f i CoinAcceptor.obj
 0001:00003ea4       ?Add@CComDynamicUnkArray@ATL@@QEAAKPEAUIUnknown@@@Z 0000000180004ea4 f i CoinAcceptor.obj
 0001:00003f90       ?Add@CExpansionVector@ATL@@QEAAHPEB_W0@Z 0000000180004f90 f i CoinAcceptor.obj
 0001:000040c4       ?AddTermFunc@CAtlModule@ATL@@QEAAJP6AX_K@Z0@Z 00000001800050c4 f i CoinAcceptor.obj
 0001:00004160       ?AddValue@CRegParser@ATL@@IEAAJAEAVCRegKey@2@PEB_WPEA_W@Z 0000000180005160 f i CoinAcceptor.obj
 0001:000045a8       ?AllocateHeap@?$CTempBuffer@_W$0BAA@VCCRTAllocator@ATL@@@ATL@@AEAAX_K@Z 00000001800055a8 f i CoinAcceptor.obj
 0001:000045a8       ?AllocateHeap@?$CTempBuffer@_W$0EAA@VCCRTAllocator@ATL@@@ATL@@AEAAX_K@Z 00000001800055a8 f i CoinAcceptor.obj
 0001:000045a8       ?AllocateHeap@?$CTempBuffer@E$0BAA@VCCRTAllocator@ATL@@@ATL@@AEAAX_K@Z 00000001800055a8 f i CoinAcceptor.obj
 0001:000045d4       ?Append@CParseBuffer@CRegParser@ATL@@QEAAHPEB_WH@Z 00000001800055d4 f i CoinAcceptor.obj
 0001:0000471c       ?AtlComModuleGetClassObject@ATL@@YAJPEAU_ATL_COM_MODULE70@1@AEBU_GUID@@1PEAPEAX@Z 000000018000571c f i CoinAcceptor.obj
 0001:0000485c       ?AtlComModuleRegisterServer@ATL@@YAJPEAU_ATL_COM_MODULE70@1@HPEBU_GUID@@@Z 000000018000585c f i CoinAcceptor.obj
 0001:0000491c       ?AtlComModuleUnregisterServer@ATL@@YAJPEAU_ATL_COM_MODULE70@1@HPEBU_GUID@@@Z 000000018000591c f i CoinAcceptor.obj
 0001:000049d8       ?AtlHiMetricToPixel@ATL@@YAXPEBUtagSIZE@@PEAU2@@Z 00000001800059d8 f i CoinAcceptor.obj
 0001:00004a88       ?AtlHresultFromLastError@ATL@@YAJXZ 0000000180005a88 f i CoinAcceptor.obj
 0001:00004aa8       ?AtlHresultFromWin32@ATL@@YAJK@Z 0000000180005aa8 f i CoinAcceptor.obj
 0001:00004ab8       ?AtlInternalOleLoadFromStream@ATL@@YAJPEAUIStream@@AEBU_GUID@@PEAPEAXTClassesAllowedInStream@1@K@Z 0000000180005ab8 f i CoinAcceptor.obj
 0001:00004bfc       ?AtlInternalQueryInterface@ATL@@YAJPEAXPEBU_ATL_INTMAP_ENTRY@1@AEBU_GUID@@PEAPEAX@Z 0000000180005bfc f i CoinAcceptor.obj
 0001:00004d04       ?AtlLoadTypeLib@ATL@@YAJPEAUHINSTANCE__@@PEB_WPEAPEA_WPEAPEAUITypeLib@@@Z 0000000180005d04 f i CoinAcceptor.obj
 0001:00004f60       ?AtlRegisterClassCategoriesHelper@ATL@@YAJAEBU_GUID@@PEBU_ATL_CATMAP_ENTRY@1@H@Z 0000000180005f60 f i CoinAcceptor.obj
 0001:000053e4       ?AtlRegisterTypeLib@ATL@@YAJPEAUHINSTANCE__@@PEB_W@Z 00000001800063e4 f i CoinAcceptor.obj
 0001:000055e0       ?AtlThrowImpl@ATL@@YAXJ@Z  00000001800065e0 f i CoinAcceptor.obj
 0001:00005604       ?AtlUnRegisterTypeLib@ATL@@YAJPEAUHINSTANCE__@@PEB_W@Z 0000000180006604 f i CoinAcceptor.obj
 0001:000056cc       ?AtlWinModuleExtractCreateWndData@ATL@@YAPEAXPEAU_ATL_WIN_MODULE70@1@@Z 00000001800066cc f i CoinAcceptor.obj
 0001:00005758       ?Cleanup@CComTypeInfoHolder@ATL@@SAX_K@Z 0000000180006758 f i CoinAcceptor.obj
 0001:00005798       ?ClearReplacements@CExpansionVector@ATL@@QEAAJXZ 0000000180006798 f i CoinAcceptor.obj
 0001:00005834       ?CreateInstance@?$CComCreator@V?$CComAggObject@VCOPOSCoinAcceptor@@@ATL@@@ATL@@SAJPEAXAEBU_GUID@@PEAPEAX@Z 0000000180006834 f i CoinAcceptor.obj
 0001:00005918       ?CreateInstance@?$CComCreator@V?$CComObject@VCOPOSCoinAcceptor@@@ATL@@@ATL@@SAJPEAXAEBU_GUID@@PEAPEAX@Z 0000000180006918 f i CoinAcceptor.obj
 0001:000059cc       ?CreateInstance@?$CComObject@V?$CComEnum@UIEnumConnectionPoints@@$1?_GUID_b196b285_bab4_101a_b69c_00aa00341d07@@3U__s_GUID@@BPEAUIConnectionPoint@@V?$_CopyInterface@UIConnectionPoint@@@ATL@@VCComSingleThreadModel@6@@ATL@@@ATL@@SAJPEAPEAV12@@Z 00000001800069cc f i CoinAcceptor.obj
 0001:00005a5c       ?CreateInstance@?$CComObject@V?$CComEnum@UIEnumConnections@@$1?_GUID_b196b287_bab4_101a_b69c_00aa00341d07@@3U__s_GUID@@BUtagCONNECTDATA@@V?$_Copy@UtagCONNECTDATA@@@ATL@@VCComSingleThreadModel@6@@ATL@@@ATL@@SAJPEAPEAV12@@Z 0000000180006a5c f i CoinAcceptor.obj
 0001:00005aec       ?DefaultReflectionHandler@?$CWindowImplRoot@VCWindow@ATL@@@ATL@@SAHPEAUHWND__@@I_K_JAEA_J@Z 0000000180006aec f i CoinAcceptor.obj
 0001:00005b50       ?DeleteSubKey@CRegKey@ATL@@QEAAJPEB_W@Z 0000000180006b50 f i CoinAcceptor.obj
 0001:00005be8       ?DoEvent@COPOSCoinAcceptor@@IEAAXI_K_J@Z 0000000180006be8 f i CoinAcceptor.obj
 0001:00005c9c       ?DoVerbPrimary@?$IOleObjectImpl@VCOPOSCoinAcceptor@@@ATL@@QEAAJPEBUtagRECT@@PEAUHWND__@@@Z 0000000180006c9c f i CoinAcceptor.obj
 0001:00005dc8       ?DoVerbProperties@CComControlBase@ATL@@QEAAJPEBUtagRECT@@PEAUHWND__@@@Z 0000000180006dc8 f i CoinAcceptor.obj
 0001:00005ff0       ?FireTheEvent@?$CProxy_IOPOSEvents@VCOPOSCoinAcceptor@@@@IEAAXPEAVOposVariant@@IAEAJPEB_WJ@Z 0000000180006ff0 f i CoinAcceptor.obj
 0001:000060dc       ?FireViewChange@CComControlBase@ATL@@QEAAJXZ 00000001800070dc f i CoinAcceptor.obj
 0001:00006140       ?Fire_DataEvent@?$CProxy_IOPOSEvents@VCOPOSCoinAcceptor@@@@QEAAXJ@Z 0000000180007140 f i CoinAcceptor.obj
 0001:0000622c       ?Fire_DirectIOEvent@?$CProxy_IOPOSEvents@VCOPOSCoinAcceptor@@@@QEAAXJPEAJPEAPEA_W@Z 000000018000722c f i CoinAcceptor.obj
 0001:0000638c       ?Fire_StatusUpdateEvent@?$CProxy_IOPOSEvents@VCOPOSCoinAcceptor@@@@QEAAXJ@Z 000000018000738c f i CoinAcceptor.obj
 0001:00006478       ?FreeHeap@?$CTempBuffer@_W$0EAA@VCCRTAllocator@ATL@@@ATL@@AEAAXXZ 0000000180007478 f i CoinAcceptor.obj
 0001:00006478       ?FreeHeap@?$CTempBuffer@_W$0BAA@VCCRTAllocator@ATL@@@ATL@@AEAAXXZ 0000000180007478 f i CoinAcceptor.obj
 0001:00006478       ?FreeHeap@?$CTempBuffer@E$0BAA@VCCRTAllocator@ATL@@@ATL@@AEAAXXZ 0000000180007478 f i CoinAcceptor.obj
 0001:00006480       ?GetAmbientLocaleID@CComControlBase@ATL@@QEAAJAEAK@Z 0000000180007480 f i CoinAcceptor.obj
 0001:00006540       ?GetAmbientUserMode@CComControlBase@ATL@@QEAAJAEAH@Z 0000000180007540 f i CoinAcceptor.obj
 0001:00006610       ?GetClassObject@CComModule@ATL@@QEAAJAEBU_GUID@@0PEAPEAX@Z 0000000180007610 f i CoinAcceptor.obj
 0001:00006704       ?GetConnMap@COPOSCoinAcceptor@@SAPEBU_ATL_CONNMAP_ENTRY@ATL@@PEAH@Z 0000000180007704 f i CoinAcceptor.obj
 0001:0000678c       ?GetIDsOfNames@CComTypeInfoHolder@ATL@@QEAAJAEBU_GUID@@PEAPEA_WIKPEAJ@Z 000000018000778c f i CoinAcceptor.obj
 0001:00006904       ?GetPagesHelper@?$ISpecifyPropertyPagesImpl@VCOPOSCoinAcceptor@@@ATL@@IEAAJPEAUtagCAUUID@@PEBUATL_PROPMAP_ENTRY@2@@Z 0000000180007904 f i CoinAcceptor.obj
 0001:00006aa4       ?GetSizeMax@CComVariant@ATL@@QEBAJPEAT_ULARGE_INTEGER@@@Z 0000000180007aa4 f i CoinAcceptor.obj
 0001:00006cd4       ?GetTI@CComTypeInfoHolder@ATL@@QEAAJK@Z 0000000180007cd4 f i CoinAcceptor.obj
 0001:00006fbc       ?GetZoomInfo@CComControlBase@ATL@@QEAAXAEAUATL_DRAWINFO@@@Z 0000000180007fbc f i CoinAcceptor.obj
 0001:00007060       ?HKeyFromString@CRegParser@ATL@@KAPEAUHKEY__@@PEA_W@Z 0000000180008060 f i CoinAcceptor.obj
 0001:000070c4       ?IDataObject_GetData@CComControlBase@ATL@@QEAAJPEAUtagFORMATETC@@PEAUtagSTGMEDIUM@@@Z 00000001800080c4 f i CoinAcceptor.obj
 0001:000072b8       ?IOleInPlaceObject_InPlaceDeactivate@CComControlBase@ATL@@QEAAJXZ 00000001800082b8 f i CoinAcceptor.obj
 0001:00007358       ?IOleInPlaceObject_SetObjectRects@CComControlBase@ATL@@QEAAJPEBUtagRECT@@0@Z 0000000180008358 f i CoinAcceptor.obj
 0001:00007448       ?IOleInPlaceObject_UIDeactivate@CComControlBase@ATL@@QEAAJXZ 0000000180008448 f i CoinAcceptor.obj
 0001:00007554       ?IOleObject_Close@CComControlBase@ATL@@QEAAJK@Z 0000000180008554 f i CoinAcceptor.obj
 0001:0000766c       ?IOleObject_SetClientSite@CComControlBase@ATL@@QEAAJPEAUIOleClientSite@@@Z 000000018000866c f i CoinAcceptor.obj
 0001:000076e4       ?IOleObject_SetExtent@CComControlBase@ATL@@QEAAJKPEAUtagSIZE@@@Z 00000001800086e4 f i CoinAcceptor.obj
 0001:0000777c       ?IPSI_GetIPersistStreamInit@?$IPersistStorageImpl@VCOPOSCoinAcceptor@@@ATL@@AEAAPEAUIPersistStreamInit@@XZ 000000018000877c f i CoinAcceptor.obj
 0001:00007864       ?IPersistStreamInit_Load@?$IPersistStreamInitImpl@VCOPOSCoinAcceptor@@@ATL@@QEAAJPEAUIStream@@PEBUATL_PROPMAP_ENTRY@2@@Z 0000000180008864 f i CoinAcceptor.obj
 0001:00007b90       ?IPersistStreamInit_Save@?$IPersistStreamInitImpl@VCOPOSCoinAcceptor@@@ATL@@QEAAJPEAUIStream@@HPEBUATL_PROPMAP_ENTRY@2@@Z 0000000180008b90 f i CoinAcceptor.obj
 0001:00007e30       ?IQuickActivate_QuickActivate@CComControlBase@ATL@@QEAAJPEAUtagQACONTAINER@@PEAUtagQACONTROL@@@Z 0000000180008e30 f i CoinAcceptor.obj
 0001:000080f4       ?IViewObject_Draw@CComControlBase@ATL@@QEAAJKJPEAXPEAUtagDVTARGETDEVICE@@PEAUHDC__@@2PEBU_RECTL@@3@Z 00000001800090f4 f i CoinAcceptor.obj
 0001:00008208       ?InPlaceActivate@CComControlBase@ATL@@QEAAJJPEBUtagRECT@@@Z 0000000180009208 f i CoinAcceptor.obj
 0001:0000853c       ?Init@?$CComEnumImpl@UIEnumConnectionPoints@@$1?_GUID_b196b285_bab4_101a_b69c_00aa00341d07@@3U__s_GUID@@BPEAUIConnectionPoint@@V?$_CopyInterface@UIConnectionPoint@@@ATL@@@ATL@@QEAAJPEAPEAUIConnectionPoint@@0PEAUIUnknown@@W4CComEnumFlags@2@@Z 000000018000953c f i CoinAcceptor.obj
 0001:0000865c       ?Init@?$CComEnumImpl@UIEnumConnections@@$1?_GUID_b196b287_bab4_101a_b69c_00aa00341d07@@3U__s_GUID@@BUtagCONNECTDATA@@V?$_Copy@UtagCONNECTDATA@@@ATL@@@ATL@@QEAAJPEAUtagCONNECTDATA@@0PEAUIUnknown@@W4CComEnumFlags@2@@Z 000000018000965c f i CoinAcceptor.obj
 0001:00008780       ?IsEqualObject@?$CComPtrBase@UIOleClientSite@@@ATL@@QEAA_NPEAUIUnknown@@@Z 0000000180009780 f i CoinAcceptor.obj
 0001:0000880c       ?LoadNameCache@CComTypeInfoHolder@ATL@@QEAAJPEAUITypeInfo@@@Z 000000018000980c f i CoinAcceptor.obj
 0001:0000898c       ?Lookup@?$CSimpleMap@PEA_WPEA_WVCExpansionVectorEqualHelper@ATL@@@ATL@@QEBAPEA_WAEBQEA_W@Z 000000018000998c f i CoinAcceptor.obj
 0001:00008a14       ?NextToken@CRegParser@ATL@@IEAAJPEA_W@Z 0000000180009a14 f i CoinAcceptor.obj
 0001:00008bcc       ?OnKillFocus@CComControlBase@ATL@@QEAA_JI_K_JAEAH@Z 0000000180009bcc f i CoinAcceptor.obj
 0001:00008c68       ?OnMouseActivate@CComControlBase@ATL@@QEAA_JI_K_JAEAH@Z 0000000180009c68 f i CoinAcceptor.obj
 0001:00008d08       ?OnPaint@CComControlBase@ATL@@QEAA_JI_K_JAEAH@Z 0000000180009d08 f i CoinAcceptor.obj
 0001:00008df4       ?OnSetFocus@CComControlBase@ATL@@QEAA_JI_K_JAEAH@Z 0000000180009df4 f i CoinAcceptor.obj
 0001:00008ef0       ?PreProcessBuffer@CRegParser@ATL@@QEAAJPEA_WPEAPEA_W@Z 0000000180009ef0 f i CoinAcceptor.obj
 0001:0000927c       ?ProcessWindowMessage@?$CComControl@VCOPOSCoinAcceptor@@V?$CWindowImpl@VCOPOSCoinAcceptor@@VCWindow@ATL@@V?$CWinTraits@$0FGAAAAAA@$0A@@3@@ATL@@@ATL@@UEAAHPEAUHWND__@@I_K_JAEA_JK@Z 000000018000a27c f i CoinAcceptor.obj
 0001:00009360       ?ReadFromStream@CComBSTR@ATL@@QEAAJPEAUIStream@@@Z 000000018000a360 f i CoinAcceptor.obj
 0001:000094b0       ?ReadFromStream@CComVariant@ATL@@QEAAJPEAUIStream@@GTClassesAllowedInStream@2@K@Z 000000018000a4b0 f i CoinAcceptor.obj
 0001:000096d4       ?RecurseDeleteKey@CRegKey@ATL@@QEAAJPEB_W@Z 000000018000a6d4 f i CoinAcceptor.obj
 0001:0000982c       ?RegCreateKeyExW@CAtlTransactionManager@ATL@@QEAAJPEAUHKEY__@@PEB_WKPEA_WKKQEAU_SECURITY_ATTRIBUTES@@PEAPEAU3@PEAK@Z 000000018000a82c f i CoinAcceptor.obj
 0001:00009960       ?RegDeleteKeyW@CAtlTransactionManager@ATL@@QEAAJPEAUHKEY__@@PEB_W@Z 000000018000a960 f i CoinAcceptor.obj
 0001:000099ec       ?RegOpenKeyExW@CAtlTransactionManager@ATL@@QEAAJPEAUHKEY__@@PEB_WKKPEAPEAU3@@Z 000000018000a9ec f i CoinAcceptor.obj
 0001:00009aa4       ?RegisterBuffer@CRegParser@ATL@@QEAAJPEA_WH@Z 000000018000aaa4 f i CoinAcceptor.obj
 0001:00009c0c       ?RegisterFromResource@CRegObject@ATL@@IEAAJPEB_W00H@Z 000000018000ac0c f i CoinAcceptor.obj
 0001:00009dc8       ?RegisterServer@CComModule@ATL@@QEAAJHPEBU_GUID@@@Z 000000018000adc8 f i CoinAcceptor.obj
 0001:00009e88       ?RegisterSubkeys@CRegParser@ATL@@IEAAJPEA_WPEAUHKEY__@@HH@Z 000000018000ae88 f i CoinAcceptor.obj
 0001:0000a6f4       ?SendOnDataChange@CComControlBase@ATL@@QEAAJK@Z 000000018000b6f4 f i CoinAcceptor.obj
 0001:0000a764       ?SetControlFocus@CComControlBase@ATL@@QEAAHH@Z 000000018000b764 f i CoinAcceptor.obj
 0001:0000a840       ?SkipAssignment@CRegParser@ATL@@IEAAJPEA_W@Z 000000018000b840 f i CoinAcceptor.obj
 0001:0000a8e4       ?Term@CAtlModule@ATL@@QEAAXXZ 000000018000b8e4 f i CoinAcceptor.obj
 0001:0000a964       ?Term@CComModule@ATL@@QEAAXXZ 000000018000b964 f i CoinAcceptor.obj
 0001:0000a9e0       ?UnregisterServer@CComModule@ATL@@QEAAJHPEBU_GUID@@@Z 000000018000b9e0 f i CoinAcceptor.obj
 0001:0000aa90       ?UpdateRegistryFromResource@CAtlModule@ATL@@QEAAJIHPEAU_ATL_REGMAP_ENTRY@2@@Z 000000018000ba90 f i CoinAcceptor.obj
 0001:0000ad9c       ?UpdateRegistryFromResource@CAtlModule@ATL@@QEAAJPEB_WHPEAU_ATL_REGMAP_ENTRY@2@@Z 000000018000bd9c f i CoinAcceptor.obj
 0001:0000b0c0       ?VTFromRegType@CRegParser@ATL@@KAHPEB_WAEAG@Z 000000018000c0c0 f i CoinAcceptor.obj
 0001:0000b15c       ?WindowProc@?$CWindowImplBaseT@VCWindow@ATL@@V?$CWinTraits@$0FGAAAAAA@$0A@@2@@ATL@@SA_JPEAUHWND__@@I_K_J@Z 000000018000c15c f i CoinAcceptor.obj
 0001:0000b2c8       ?WriteToStream@CComVariant@ATL@@QEAAJPEAUIStream@@@Z 000000018000c2c8 f i CoinAcceptor.obj
 0001:0000b544       ?WriteToStream@CComVariant@ATL@@QEAAJPEAUIStream@@G@Z 000000018000c544 f i CoinAcceptor.obj
 0001:0000b5dc       ?_AtlVerifyStackAvailable@_ATL_SAFE_ALLOCA_IMPL@ATL@@YA_N_K@Z 000000018000c5dc f i CoinAcceptor.obj
 0001:0000b660       ?atlCreate@?$CWindowImpl@VCOPOSCoinAcceptor@@VCWindow@ATL@@V?$CWinTraits@$0FGAAAAAA@$0A@@3@@ATL@@QEAAPEAUHWND__@@PEAU3@V_U_RECT@2@PEB_WKKV_U_MENUorID@2@PEAX@Z 000000018000c660 f i CoinAcceptor.obj
 0001:0000b714       ?atlCreate@?$CWindowImplBaseT@VCWindow@ATL@@V?$CWinTraits@$0FGAAAAAA@$0A@@2@@ATL@@QEAAPEAUHWND__@@PEAU3@V_U_RECT@2@PEB_WKKV_U_MENUorID@2@GPEAX@Z 000000018000c714 f i CoinAcceptor.obj
 0001:0000b884       ?ocscpy_s@@YA_NPEA_W_KPEB_W@Z 000000018000c884 f i CoinAcceptor.obj
 0001:0000b934       DllCanUnloadNow            000000018000c934 f   CoinAcceptor.obj
 0001:0000b940       DllGetClassObject          000000018000c940 f   CoinAcceptor.obj
 0001:0000b958       DllMain                    000000018000c958 f   CoinAcceptor.obj
 0001:0000ba00       DllRegisterServer          000000018000ca00 f   CoinAcceptor.obj
 0001:0000ba14       DllUnregisterServer        000000018000ca14 f   CoinAcceptor.obj
 0001:0000ba28       __local_stdio_printf_options 000000018000ca28 f i CoinAcceptor.obj
 0001:0000ba30       swprintf_s                 000000018000ca30 f i CoinAcceptor.obj
 0001:0000ba84       ??0COPOSCoinAcceptor@@QEAA@XZ 000000018000ca84 f   CoinAcceptorImpl.obj
 0001:0000bb48       ??1?$IConnectionPointImpl@VCOPOSCoinAcceptor@@$1?DIID__IOPOSCoinAcceptorEvents@@3U_GUID@@BVCComDynamicUnkArray@ATL@@@ATL@@QEAA@XZ 000000018000cb48 f i CoinAcceptorImpl.obj
 0001:0000bb48       ??1?$IConnectionPointImpl@VCOPOSCoinAcceptor@@$1?IID_IPropertyNotifySink@@3U_GUID@@BVCComDynamicUnkArray@ATL@@@ATL@@QEAA@XZ 000000018000cb48 f i CoinAcceptorImpl.obj
 0001:0000bba4       ??1CComControlBase@ATL@@UEAA@XZ 000000018000cba4 f i CoinAcceptorImpl.obj
 0001:0000bc20       ??1COPOSCoinAcceptor@@UEAA@XZ 000000018000cc20 f   CoinAcceptorImpl.obj
 0001:0000bc84       ?AdjustCashCounts@COPOSCoinAcceptor@@UEAAJPEA_WPEAJ@Z 000000018000cc84 f   CoinAcceptorImpl.obj
 0001:0000bd0c       ?BeginDeposit@COPOSCoinAcceptor@@UEAAJPEAJ@Z 000000018000cd0c f   CoinAcceptorImpl.obj
 0001:0000bd34       ?CheckHealth@COPOSCoinAcceptor@@UEAAJJPEAJ@Z 000000018000cd34 f   CoinAcceptorImpl.obj
 0001:0000bdb0       ?ClaimDevice@COPOSCoinAcceptor@@UEAAJJPEAJ@Z 000000018000cdb0 f   CoinAcceptorImpl.obj
 0001:0000be50       ?ClearInput@COPOSCoinAcceptor@@UEAAJPEAJ@Z 000000018000ce50 f   CoinAcceptorImpl.obj
 0001:0000be78       ?Close@COPOSCoinAcceptor@@UEAAJPEAJ@Z 000000018000ce78 f   CoinAcceptorImpl.obj
 0001:0000bf30       ?CompareFirmwareVersion@COPOSCoinAcceptor@@UEAAJPEA_WPEAJ1@Z 000000018000cf30 f   CoinAcceptorImpl.obj
 0001:0000c00c       ?DirectIO@COPOSCoinAcceptor@@UEAAJJPEAJPEAPEA_W0@Z 000000018000d00c f   CoinAcceptorImpl.obj
 0001:0000c108       ?DoInvoke@COPOSCoinAcceptor@@IEAAJJPEAVOposVariant@@IHPEAJ_N@Z 000000018000d108 f   CoinAcceptorImpl.obj
 0001:0000c23c       ?EndDeposit@COPOSCoinAcceptor@@UEAAJJPEAJ@Z 000000018000d23c f   CoinAcceptorImpl.obj
 0001:0000c2b8       ?EventInit@COPOSCoinAcceptor@@IEAAJXZ 000000018000d2b8 f i CoinAcceptorImpl.obj
 0001:0000c400       ?EventUninit@COPOSCoinAcceptor@@IEAAXXZ 000000018000d400 f i CoinAcceptorImpl.obj
 0001:0000c464       ?EventWindowProc@COPOSCoinAcceptor@@IEAA_JI_K_J@Z 000000018000d464 f i CoinAcceptorImpl.obj
 0001:0000c574       ?FinalConstruct@COPOSCoinAcceptor@@QEAAJXZ 000000018000d574 f   CoinAcceptorImpl.obj
 0001:0000c5b0       ?FixDeposit@COPOSCoinAcceptor@@UEAAJPEAJ@Z 000000018000d5b0 f   CoinAcceptorImpl.obj
 0001:0000c5d8       ?FreezeEvents@COPOSCoinAcceptor@@MEAAJH@Z 000000018000d5d8 f   CoinAcceptorImpl.obj
 0001:0000c64c       ?GetOposProp@COPOSCoinAcceptor@@IEAAJJPEAJJ@Z 000000018000d64c f   CoinAcceptorImpl.obj
 0001:0000c768       ?GetOposProp@COPOSCoinAcceptor@@IEAAJJPEAPEA_WJ@Z 000000018000d768 f   CoinAcceptorImpl.obj
 0001:0000c894       ?OnDraw@COPOSCoinAcceptor@@MEAAJAEAUATL_DRAWINFO@@@Z 000000018000d894 f   CoinAcceptorImpl.obj
 0001:0000c980       ?Open@COPOSCoinAcceptor@@UEAAJPEA_WPEAJ@Z 000000018000d980 f   CoinAcceptorImpl.obj
 0001:0000d208       ?PauseDeposit@COPOSCoinAcceptor@@UEAAJJPEAJ@Z 000000018000e208 f   CoinAcceptorImpl.obj
 0001:0000d284       ?ReadCashCounts@COPOSCoinAcceptor@@UEAAJPEAPEA_WPEAFPEAJ@Z 000000018000e284 f   CoinAcceptorImpl.obj
 0001:0000d360       ?ReleaseDevice@COPOSCoinAcceptor@@UEAAJPEAJ@Z 000000018000e360 f   CoinAcceptorImpl.obj
 0001:0000d3cc       ?ResetStatistics@COPOSCoinAcceptor@@UEAAJPEA_WPEAJ@Z 000000018000e3cc f   CoinAcceptorImpl.obj
 0001:0000d454       ?RetrieveStatistics@COPOSCoinAcceptor@@UEAAJPEAPEA_WPEAJ@Z 000000018000e454 f   CoinAcceptorImpl.obj
 0001:0000d4dc       ?SOProcessID@COPOSCoinAcceptor@@UEAAJPEAJ@Z 000000018000e4dc f   CoinAcceptorImpl.obj
 0001:0000d4f8       ?SetCOFreezeEvents@COPOSCoinAcceptor@@IEAAXF@Z 000000018000e4f8 f   CoinAcceptorImpl.obj
 0001:0000d5dc       ?SetOposProp@COPOSCoinAcceptor@@IEAAJJJJ@Z 000000018000e5dc f   CoinAcceptorImpl.obj
 0001:0000d73c       ?SetOposProp@COPOSCoinAcceptor@@IEAAJJPEA_WJ@Z 000000018000e73c f   CoinAcceptorImpl.obj
 0001:0000d894       ?UpdateFirmware@COPOSCoinAcceptor@@UEAAJPEA_WPEAJ@Z 000000018000e894 f   CoinAcceptorImpl.obj
 0001:0000d91c       ?UpdateStatistics@COPOSCoinAcceptor@@UEAAJPEA_WPEAJ@Z 000000018000e91c f   CoinAcceptorImpl.obj
 0001:0000d9a4       ?get_BinaryConversion@COPOSCoinAcceptor@@UEAAJPEAJ@Z 000000018000e9a4 f   CoinAcceptorImpl.obj
 0001:0000d9b8       ?get_CapCompareFirmwareVersion@COPOSCoinAcceptor@@UEAAJPEAF@Z 000000018000e9b8 f   CoinAcceptorImpl.obj
 0001:0000d9ec       ?get_CapDiscrepancy@COPOSCoinAcceptor@@UEAAJPEAF@Z 000000018000e9ec f   CoinAcceptorImpl.obj
 0001:0000da20       ?get_CapFullSensor@COPOSCoinAcceptor@@UEAAJPEAF@Z 000000018000ea20 f   CoinAcceptorImpl.obj
 0001:0000da54       ?get_CapJamSensor@COPOSCoinAcceptor@@UEAAJPEAF@Z 000000018000ea54 f   CoinAcceptorImpl.obj
 0001:0000da88       ?get_CapNearFullSensor@COPOSCoinAcceptor@@UEAAJPEAF@Z 000000018000ea88 f   CoinAcceptorImpl.obj
 0001:0000dabc       ?get_CapPauseDeposit@COPOSCoinAcceptor@@UEAAJPEAF@Z 000000018000eabc f   CoinAcceptorImpl.obj
 0001:0000daf0       ?get_CapPowerReporting@COPOSCoinAcceptor@@UEAAJPEAJ@Z 000000018000eaf0 f   CoinAcceptorImpl.obj
 0001:0000db04       ?get_CapRealTimeData@COPOSCoinAcceptor@@UEAAJPEAF@Z 000000018000eb04 f   CoinAcceptorImpl.obj
 0001:0000db38       ?get_CapStatisticsReporting@COPOSCoinAcceptor@@UEAAJPEAF@Z 000000018000eb38 f   CoinAcceptorImpl.obj
 0001:0000db6c       ?get_CapUpdateFirmware@COPOSCoinAcceptor@@UEAAJPEAF@Z 000000018000eb6c f   CoinAcceptorImpl.obj
 0001:0000dba0       ?get_CapUpdateStatistics@COPOSCoinAcceptor@@UEAAJPEAF@Z 000000018000eba0 f   CoinAcceptorImpl.obj
 0001:0000dbd4       ?get_CheckHealthText@COPOSCoinAcceptor@@UEAAJPEAPEA_W@Z 000000018000ebd4 f   CoinAcceptorImpl.obj
 0001:0000dbe8       ?get_Claimed@COPOSCoinAcceptor@@UEAAJPEAF@Z 000000018000ebe8 f   CoinAcceptorImpl.obj
 0001:0000dc1c       ?get_ControlObjectDescription@COPOSCoinAcceptor@@UEAAJPEAPEA_W@Z 000000018000ec1c f   CoinAcceptorImpl.obj
 0001:0000dc80       ?get_ControlObjectVersion@COPOSCoinAcceptor@@UEAAJPEAJ@Z 000000018000ec80 f   CoinAcceptorImpl.obj
 0001:0000dc8c       ?get_CurrencyCode@COPOSCoinAcceptor@@UEAAJPEAPEA_W@Z 000000018000ec8c f   CoinAcceptorImpl.obj
 0001:0000dca0       ?get_DataCount@COPOSCoinAcceptor@@UEAAJPEAJ@Z 000000018000eca0 f   CoinAcceptorImpl.obj
 0001:0000dcb4       ?get_DataEventEnabled@COPOSCoinAcceptor@@UEAAJPEAF@Z 000000018000ecb4 f   CoinAcceptorImpl.obj
 0001:0000dce8       ?get_DepositAmount@COPOSCoinAcceptor@@UEAAJPEAJ@Z 000000018000ece8 f   CoinAcceptorImpl.obj
 0001:0000dcfc       ?get_DepositCashList@COPOSCoinAcceptor@@UEAAJPEAPEA_W@Z 000000018000ecfc f   CoinAcceptorImpl.obj
 0001:0000dd10       ?get_DepositCodeList@COPOSCoinAcceptor@@UEAAJPEAPEA_W@Z 000000018000ed10 f   CoinAcceptorImpl.obj
 0001:0000dd24       ?get_DepositCounts@COPOSCoinAcceptor@@UEAAJPEAPEA_W@Z 000000018000ed24 f   CoinAcceptorImpl.obj
 0001:0000dd38       ?get_DepositStatus@COPOSCoinAcceptor@@UEAAJPEAJ@Z 000000018000ed38 f   CoinAcceptorImpl.obj
 0001:0000dd4c       ?get_DeviceDescription@COPOSCoinAcceptor@@UEAAJPEAPEA_W@Z 000000018000ed4c f   CoinAcceptorImpl.obj
 0001:0000dd60       ?get_DeviceEnabled@COPOSCoinAcceptor@@UEAAJPEAF@Z 000000018000ed60 f   CoinAcceptorImpl.obj
 0001:0000dd94       ?get_DeviceName@COPOSCoinAcceptor@@UEAAJPEAPEA_W@Z 000000018000ed94 f   CoinAcceptorImpl.obj
 0001:0000dda8       ?get_FreezeEvents@COPOSCoinAcceptor@@UEAAJPEAF@Z 000000018000eda8 f   CoinAcceptorImpl.obj
 0001:0000ddd8       ?get_FullStatus@COPOSCoinAcceptor@@UEAAJPEAJ@Z 000000018000edd8 f   CoinAcceptorImpl.obj
 0001:0000ddec       ?get_OpenResult@COPOSCoinAcceptor@@UEAAJPEAJ@Z 000000018000edec f   CoinAcceptorImpl.obj
 0001:0000ddf8       ?get_PowerNotify@COPOSCoinAcceptor@@UEAAJPEAJ@Z 000000018000edf8 f   CoinAcceptorImpl.obj
 0001:0000de0c       ?get_PowerState@COPOSCoinAcceptor@@UEAAJPEAJ@Z 000000018000ee0c f   CoinAcceptorImpl.obj
 0001:0000de20       ?get_RealTimeDataEnabled@COPOSCoinAcceptor@@UEAAJPEAF@Z 000000018000ee20 f   CoinAcceptorImpl.obj
 0001:0000de54       ?get_ResultCode@COPOSCoinAcceptor@@UEAAJPEAJ@Z 000000018000ee54 f   CoinAcceptorImpl.obj
 0001:0000de90       ?get_ResultCodeExtended@COPOSCoinAcceptor@@UEAAJPEAJ@Z 000000018000ee90 f   CoinAcceptorImpl.obj
 0001:0000dea4       ?get_ServiceObjectDescription@COPOSCoinAcceptor@@UEAAJPEAPEA_W@Z 000000018000eea4 f   CoinAcceptorImpl.obj
 0001:0000deb8       ?get_ServiceObjectVersion@COPOSCoinAcceptor@@UEAAJPEAJ@Z 000000018000eeb8 f   CoinAcceptorImpl.obj
 0001:0000decc       ?get_State@COPOSCoinAcceptor@@UEAAJPEAJ@Z 000000018000eecc f   CoinAcceptorImpl.obj
 0001:0000def8       ?put_BinaryConversion@COPOSCoinAcceptor@@UEAAJJ@Z 000000018000eef8 f   CoinAcceptorImpl.obj
 0001:0000df0c       ?put_CurrencyCode@COPOSCoinAcceptor@@UEAAJPEA_W@Z 000000018000ef0c f   CoinAcceptorImpl.obj
 0001:0000df20       ?put_DataEventEnabled@COPOSCoinAcceptor@@UEAAJF@Z 000000018000ef20 f   CoinAcceptorImpl.obj
 0001:0000df38       ?put_DeviceEnabled@COPOSCoinAcceptor@@UEAAJF@Z 000000018000ef38 f   CoinAcceptorImpl.obj
 0001:0000df50       ?put_FreezeEvents@COPOSCoinAcceptor@@UEAAJF@Z 000000018000ef50 f   CoinAcceptorImpl.obj
 0001:0000dfa0       ?put_PowerNotify@COPOSCoinAcceptor@@UEAAJJ@Z 000000018000efa0 f   CoinAcceptorImpl.obj
 0001:0000dfb4       ?s_EventWindowProc@COPOSCoinAcceptor@@KA_JPEAUHWND__@@I_K_J@Z 000000018000efb4 f i CoinAcceptorImpl.obj
 0001:0000e030       ??_U@YAPEAX_K@Z            000000018000f030 f   LIBCMT:new_array.obj
 0001:0000e038       ??3@YAXPEAX_K@Z            000000018000f038 f   LIBCMT:delete_scalar_size.obj
 0001:0000e038       ??_V@YAXPEAX@Z             000000018000f038 f   LIBCMT:delete_array.obj
 0001:0000e040       ??_V@YAXPEAX_K@Z           000000018000f040 f   LIBCMT:delete_array_size.obj
 0001:0000e048       __scrt_acquire_startup_lock 000000018000f048 f   LIBCMT:utility.obj
 0001:0000e084       __scrt_dllmain_after_initialize_c 000000018000f084 f   LIBCMT:utility.obj
 0001:0000e0b8       __scrt_dllmain_before_initialize_c 000000018000f0b8 f   LIBCMT:utility.obj
 0001:0000e0d0       __scrt_dllmain_crt_thread_attach 000000018000f0d0 f   LIBCMT:utility.obj
 0001:0000e0f8       __scrt_dllmain_crt_thread_detach 000000018000f0f8 f   LIBCMT:utility.obj
 0001:0000e110       __scrt_dllmain_exception_filter 000000018000f110 f   LIBCMT:utility.obj
 0001:0000e170       __scrt_dllmain_uninitialize_c 000000018000f170 f   LIBCMT:utility.obj
 0001:0000e1a0       __scrt_dllmain_uninitialize_critical 000000018000f1a0 f   LIBCMT:utility.obj
 0001:0000e1b4       __scrt_initialize_crt      000000018000f1b4 f   LIBCMT:utility.obj
 0001:0000e200       __scrt_initialize_onexit_tables 000000018000f200 f   LIBCMT:utility.obj
 0001:0000e28c       __scrt_is_nonwritable_in_current_image 000000018000f28c f   LIBCMT:utility.obj
 0001:0000e324       __scrt_release_startup_lock 000000018000f324 f   LIBCMT:utility.obj
 0001:0000e348       __scrt_uninitialize_crt    000000018000f348 f   LIBCMT:utility.obj
 0001:0000e374       _onexit                    000000018000f374 f   LIBCMT:utility.obj
 0001:0000e3b0       atexit                     000000018000f3b0 f   LIBCMT:utility.obj
 0001:0000e3c8       ??3@YAXPEAX@Z              000000018000f3c8 f   LIBCMT:delete_scalar.obj
 0001:0000e4c8       _Init_thread_footer        000000018000f4c8 f   LIBCMT:thread_safe_statics.obj
 0001:0000e528       _Init_thread_header        000000018000f528 f   LIBCMT:thread_safe_statics.obj
 0001:0000e590       _Init_thread_notify        000000018000f590 f   LIBCMT:thread_safe_statics.obj
 0001:0000e5d4       _Init_thread_wait          000000018000f5d4 f   LIBCMT:thread_safe_statics.obj
 0001:0000e638       __raise_securityfailure    000000018000f638 f   LIBCMT:gs_report.obj
 0001:0000e66c       __report_gsfailure         000000018000f66c f   LIBCMT:gs_report.obj
 0001:0000e740       __report_rangecheckfailure 000000018000f740 f   LIBCMT:gs_report.obj
 0001:0000e754       __report_securityfailure   000000018000f754 f   LIBCMT:gs_report.obj
 0001:0000e8d4       ??2@YAPEAX_KAEBUnothrow_t@std@@@Z 000000018000f8d4 f   LIBCMT:new_scalar_nothrow.obj
 0001:0000e8e8       ??_U@YAPEAX_KAEBUnothrow_t@std@@@Z 000000018000f8e8 f   LIBCMT:new_array_nothrow.obj
 0001:0000e8f0       __GSHandlerCheck           000000018000f8f0 f   LIBCMT:gshandler.obj
 0001:0000e910       __GSHandlerCheckCommon     000000018000f910 f   LIBCMT:gshandler.obj
 0001:0000e96c       __GSHandlerCheck_SEH       000000018000f96c f   LIBCMT:gshandlerseh.obj
 0001:0000ea10       __chkstk                   000000018000fa10 f   LIBCMT:chkstk.obj
 0001:0000ea10       _alloca_probe              000000018000fa10 f   LIBCMT:chkstk.obj
 0001:0000ea80       __security_check_cookie    000000018000fa80 f   LIBCMT:amdsecgs.obj
 0001:0000edc4       _DllMainCRTStartup         000000018000fdc4 f   LIBCMT:dll_dllmain.obj
 0001:0000ee04       ??2@YAPEAX_K@Z             000000018000fe04 f   LIBCMT:new_scalar.obj
 0001:0000ee40       __isa_available_init       000000018000fe40 f   LIBCMT:cpu_disp.obj
 0001:0000efe4       __scrt_is_ucrt_dll_in_use  000000018000ffe4 f   LIBCMT:ucrt_detection.obj
 0001:0000eff0       __crt_debugger_hook        000000018000fff0 f   LIBCMT:utility_desktop.obj
 0001:0000eff8       __scrt_fastfail            000000018000fff8 f   LIBCMT:utility_desktop.obj
 0001:0000f144       __security_init_cookie     0000000180010144 f   LIBCMT:gs_support.obj
 0001:0000f1f0       ?__scrt_initialize_type_info@@YAXXZ 00000001800101f0 f   LIBCMT:tncleanup.obj
 0001:0000f200       ?__scrt_uninitialize_type_info@@YAXXZ 0000000180010200 f   LIBCMT:tncleanup.obj
 0001:0000f20c       __local_stdio_scanf_options 000000018001020c f i LIBCMT:default_local_stdio_options.obj
 0001:0000f214       __scrt_initialize_default_local_stdio_options 0000000180010214 f   LIBCMT:default_local_stdio_options.obj
 0001:0000f230       __scrt_get_dyn_tls_init_callback 0000000180010230 f   LIBCMT:dyn_tls_init.obj
 0001:0000f238       _RTC_Initialize            0000000180010238 f   LIBCMT:initsect.obj
 0001:0000f274       _RTC_Terminate             0000000180010274 f   LIBCMT:initsect.obj
 0001:0000f2b0       ??0bad_alloc@std@@QEAA@AEBV01@@Z 00000001800102b0 f i LIBCMT:throw_bad_alloc.obj
 0001:0000f2ec       ??0bad_alloc@std@@QEAA@XZ  00000001800102ec f i LIBCMT:throw_bad_alloc.obj
 0001:0000f30c       ??0bad_array_new_length@std@@QEAA@AEBV01@@Z 000000018001030c f i LIBCMT:throw_bad_alloc.obj
 0001:0000f348       ??0bad_array_new_length@std@@QEAA@XZ 0000000180010348 f i LIBCMT:throw_bad_alloc.obj
 0001:0000f368       ??0exception@std@@QEAA@AEBV01@@Z 0000000180010368 f i LIBCMT:throw_bad_alloc.obj
 0001:0000f39c       ??1bad_alloc@std@@UEAA@XZ  000000018001039c f i LIBCMT:throw_bad_alloc.obj
 0001:0000f39c       ??1bad_exception@std@@UEAA@XZ 000000018001039c f i libvcruntime:frame.obj
 0001:0000f39c       ??1bad_array_new_length@std@@UEAA@XZ 000000018001039c f i LIBCMT:throw_bad_alloc.obj
 0001:0000f3b0       ??_Gbad_array_new_length@std@@UEAAPEAXI@Z 00000001800103b0 f i LIBCMT:throw_bad_alloc.obj
 0001:0000f3b0       ??_Ebad_alloc@std@@UEAAPEAXI@Z 00000001800103b0 f i LIBCMT:throw_bad_alloc.obj
 0001:0000f3b0       ??_Gbad_alloc@std@@UEAAPEAXI@Z 00000001800103b0 f i LIBCMT:throw_bad_alloc.obj
 0001:0000f3b0       ??_Gexception@std@@UEAAPEAXI@Z 00000001800103b0 f i LIBCMT:throw_bad_alloc.obj
 0001:0000f3b0       ??_Eexception@std@@UEAAPEAXI@Z 00000001800103b0 f i LIBCMT:throw_bad_alloc.obj
 0001:0000f3b0       ??_Ebad_array_new_length@std@@UEAAPEAXI@Z 00000001800103b0 f i LIBCMT:throw_bad_alloc.obj
 0001:0000f3b0       ??_Ebad_exception@std@@UEAAPEAXI@Z 00000001800103b0 f i libvcruntime:frame.obj
 0001:0000f3b0       ??_Gbad_exception@std@@UEAAPEAXI@Z 00000001800103b0 f i libvcruntime:frame.obj
 0001:0000f3f4       ?__scrt_throw_std_bad_alloc@@YAXXZ 00000001800103f4 f   LIBCMT:throw_bad_alloc.obj
 0001:0000f414       ?__scrt_throw_std_bad_array_new_length@@YAXXZ 0000000180010414 f   LIBCMT:throw_bad_alloc.obj
 0001:0000f434       ?what@exception@std@@UEBAPEBDXZ 0000000180010434 f i LIBCMT:throw_bad_alloc.obj
 0001:0000f450       ??_Etype_info@@UEAAPEAXI@Z 0000000180010450 f i LIBCMT:std_type_info_static.obj
[...]
 0002:0000c59c       $unwind$terminate          000000018002f59c     libucrt:terminate.obj
 0002:0000c5bc       $unwind$??$parse_integer@KV?$c_string_character_source@_W@__crt_strtox@@@__crt_strtox@@YAKQEAU__crt_locale_pointers@@V?$c_string_character_source@_W@0@H_N@Z 000000018002f5bc     libucrt:atox.obj
 0002:0000c5d8       $xdatasym                  000000018002f5d8     libucrt:strncmp.obj
 0002:0000c5dc       $unwind$?construct_ptd_array@@YAXQEAU__acrt_ptd@@@Z 000000018002f5dc     libucrt:per_thread_data.obj
 0002:0000c5e4       $unwind$?destroy_ptd_array@@YAXQEAU__acrt_ptd@@@Z 000000018002f5e4     libucrt:per_thread_data.obj
 0002:0000c5ec       $unwind$??$?RV<lambda_0ae27a3a962d80f24befdcbee591983d>@@AEAV<lambda_8d0ee55de4b1038c4002e0adecdf1839>@@V<lambda_dc504788e8f1664fe9b84e20bfb512f2>@@@?$__crt_seh_guarded_call@X@@QEAAX$$QEAV<lambda_0ae27a3a962d80f24befdcbee591983d>@@AEAV<lambda_8d0ee55de4b1038c4002e0adecdf1839>@@$$QEAV<lambda_dc504788e8f1664fe9b84e20bfb512f2>@@@Z 000000018002f5ec     libucrt:per_thread_data.obj
 0002:0000c610       $unwind$??$?RV<lambda_aa87e3671a710a21b5dc78c0bdf72e11>@@AEAV<lambda_92619d2358a28f41a33ba319515a20b9>@@V<lambda_6992ecaafeb10aed2b74cb1fae11a551>@@@?$__crt_seh_guarded_call@X@@QEAAX$$QEAV<lambda_aa87e3671a710a21b5dc78c0bdf72e11>@@AEAV<lambda_92619d2358a28f41a33ba319515a20b9>@@$$QEAV<lambda_6992ecaafeb10aed2b74cb1fae11a551>@@@Z 000000018002f610     libucrt:per_thread_data.obj
 0002:0000c634       $unwind$??$?RV<lambda_f2e299630e499de9f9a165e60fcd3db5>@@AEAV<lambda_2ae9d31cdba2644fcbeaf08da7c24588>@@V<lambda_40d01ff24d0e7b3814fdbdcee8eab3c7>@@@?$__crt_seh_guarded_call@X@@QEAAX$$QEAV<lambda_f2e299630e499de9f9a165e60fcd3db5>@@AEAV<lambda_2ae9d31cdba2644fcbeaf08da7c24588>@@$$QEAV<lambda_40d01ff24d0e7b3814fdbdcee8eab3c7>@@@Z 000000018002f634     libucrt:per_thread_data.obj
 0002:0000c658       $unwind$??$?RV<lambda_2d41944a1d46af3157314b8a01080d33>@@AEAV<lambda_8f455de75cd7d7f24b4096f044d8b9e6>@@V<lambda_aa500f224e6afead328df44964fe2772>@@@?$__crt_seh_guarded_call@X@@QEAAX$$QEAV<lambda_2d41944a1d46af3157314b8a01080d33>@@AEAV<lambda_8f455de75cd7d7f24b4096f044d8b9e6>@@$$QEAV<lambda_aa500f224e6afead328df44964fe2772>@@@Z 000000018002f658     libucrt:per_thread_data.obj
 0002:0000c67c       $unwind$__acrt_initialize_winapi_thunks 000000018002f67c     libucrt:winapi_thunks.obj
 0002:0000c684       $unwind$__acrt_fp_format   000000018002f684     libucrt:cvt.obj
 0002:0000c69c       $unwind$?fp_format_e_internal@@YAHQEAD_KH_NIQEAU_strflt@@2QEAU__crt_locale_pointers@@@Z 000000018002f69c     libucrt:cvt.obj
 0002:0000c6b4       $unwind$?fp_format_a@@YAHQEBNPEAD_KQEAD2H_NIQEAU__crt_locale_pointers@@W4__acrt_rounding_mode@@@Z 000000018002f6b4     libucrt:cvt.obj
 0002:0000c6d0       $unwind$?fp_format_g@@YAHQEBNQEAD_K12H_NIQEAU__crt_locale_pointers@@@Z 000000018002f6d0     libucrt:cvt.obj
 0002:0000c6e4       $unwind$__acrt_uninitialize_locale 000000018002f6e4     libucrt:wsetlocale.obj
 0002:0000c6e4       $unwind$__acrt_get_sigabrt_handler 000000018002f6e4     libucrt:signal.obj
 0002:0000c6ec       $unwind$??$?RV<lambda_410d79af7f07d98d83a3f525b3859a53>@@AEAV<lambda_3e16ef9562a7dcce91392c22ab16ea36>@@V<lambda_38119f0e861e05405d8a144b9b982f0a>@@@?$__crt_seh_guarded_call@X@@QEAAX$$QEAV<lambda_410d79af7f07d98d83a3f525b3859a53>@@AEAV<lambda_3e16ef9562a7dcce91392c22ab16ea36>@@$$QEAV<lambda_38119f0e861e05405d8a144b9b982f0a>@@@Z 000000018002f6ec     libucrt:wsetlocale.obj
 0002:0000c714       $unwind$__acrt_initialize_lowio 000000018002f714     libucrt:ioinit.obj
 0002:0000c734       $unwind$??$common_expand_argv_wildcards@D@@YAHQEAPEADQEAPEAPEAD@Z 000000018002f734     libucrt:argv_wildcards.obj
 0002:0000c74c       $unwind$??$copy_and_add_argument_to_buffer@D@@YAHQEBD0_KAEAV?$argument_list@D@?A0x5f5c8891@@@Z 000000018002f74c     libucrt:argv_wildcards.obj
 0002:0000c768       $unwind$??$expand_argument_wildcards@D@@YAHQEAD0AEAV?$argument_list@D@?A0x5f5c8891@@@Z 000000018002f768     libucrt:argv_wildcards.obj
 0002:0000c78c       $unwind$__acrt_GetModuleFileNameA 000000018002f78c     libucrt:getmodulefilenamea.obj
 0002:0000c7a8       $unwind$_setmbcp_nolock    000000018002f7a8     libucrt:mbctype.obj
 0002:0000c7c8       $unwind$?update_thread_multibyte_data_internal@@YAPEAU__crt_multibyte_data@@QEAU__acrt_ptd@@QEAPEAU1@@Z 000000018002f7c8     libucrt:mbctype.obj
 0002:0000c7f0       $unwind$?setmbcp_internal@@YAHH_NQEAU__acrt_ptd@@QEAPEAU__crt_multibyte_data@@@Z 000000018002f7f0     libucrt:mbctype.obj
 0002:0000c800       $unwind$?setSBUpLow@@YAXPEAU__crt_multibyte_data@@@Z 000000018002f800     libucrt:mbctype.obj
 0002:0000c81c       $unwind$??$?RV<lambda_efdfa57d1f175319df784efa44bb7b81>@@AEAV<lambda_5f0a4c1567f8adc6734073e5d1e1b35c>@@V<lambda_2e8a7d3640ea6ccb4c2413664c2db6fd>@@@?$__crt_seh_guarded_call@X@@QEAAX$$QEAV<lambda_efdfa57d1f175319df784efa44bb7b81>@@AEAV<lambda_5f0a4c1567f8adc6734073e5d1e1b35c>@@$$QEAV<lambda_2e8a7d3640ea6ccb4c2413664c2db6fd>@@@Z 000000018002f81c     libucrt:mbctype.obj
 0002:0000c840       $unwind$__acrt_WideCharToMultiByte 000000018002f840     libucrt:widechartomultibyte.obj
 0002:0000c84c       $unwind$raise              000000018002f84c     libucrt:signal.obj
 0002:0000c888       $unwind$??$?RV<lambda_450d765d439847d4c735a33c368b5fc0>@@AEAV<lambda_44731a7d0e6d81c3e6aa82d741081786>@@V<lambda_601a2a7da3b7a96e9554ac7215c4b07c>@@@?$__crt_seh_guarded_call@P6AXH@Z@@QEAAP6AXH@Z$$QEAV<lambda_450d765d439847d4c735a33c368b5fc0>@@AEAV<lambda_44731a7d0e6d81c3e6aa82d741081786>@@$$QEAV<lambda_601a2a7da3b7a96e9554ac7215c4b07c>@@@Z 000000018002f888     libucrt:signal.obj
 0002:0000c8ac       $unwind$?common_flush_all@@YAH_N@Z 000000018002f8ac     libucrt:fflush.obj
 0002:0000c8b4       $unwind$??$?RV<lambda_842d9ff0dc9ef11c61343bbaebe7f885>@@AEAV<lambda_c5860995281e5c4ce005b3de8f5874ee>@@V<lambda_d90129c13df834fdcbf8d2b88dafcf2d>@@@?$__crt_seh_guarded_call@X@@QEAAX$$QEAV<lambda_842d9ff0dc9ef11c61343bbaebe7f885>@@AEAV<lambda_c5860995281e5c4ce005b3de8f5874ee>@@$$QEAV<lambda_d90129c13df834fdcbf8d2b88dafcf2d>@@@Z 000000018002f8b4     libucrt:fflush.obj
 0002:0000c8d8       $unwind$??$?RV<lambda_886d6c58226a84441f68b9f2b8217b83>@@AEAV<lambda_ab61a845afdef5b7c387490eaf3616ee>@@V<lambda_f7f22ab5edc0698d5f6905b0d3f44752>@@@?$__crt_seh_guarded_call@X@@QEAAX$$QEAV<lambda_886d6c58226a84441f68b9f2b8217b83>@@AEAV<lambda_ab61a845afdef5b7c387490eaf3616ee>@@$$QEAV<lambda_f7f22ab5edc0698d5f6905b0d3f44752>@@@Z 000000018002f8d8     libucrt:fflush.obj
 0002:0000c900       $unwind$__acrt_update_thread_locale_data 000000018002f900     libucrt:locale_refcounting.obj
 0002:0000c924       $unwind$?__mbrtowc_utf8@__crt_mbstring@@YA_KPEA_WPEBD_KPEAU_Mbstatet@@@Z 000000018002f924     libucrt:mbrtowc.obj
 0002:0000c92c       $unwind$?__mbsrtowcs_utf8@__crt_mbstring@@YA_KPEA_WPEAPEBD_KPEAU_Mbstatet@@@Z 000000018002f92c     libucrt:mbrtowc.obj
 0002:0000c944       $unwind$__acrt_fltout      000000018002f944     libucrt:cfout.obj
 0002:0000c964       $unwind$?divide@__crt_strtox@@YA_KAEAUbig_integer@1@AEBU21@@Z 000000018002f964     libucrt:cfout.obj
 0002:0000c97c       $chain$0$?divide@__crt_strtox@@YA_KAEAUbig_integer@1@AEBU21@@Z 000000018002f97c     libucrt:cfout.obj
 0002:0000c990       $chain$1$?divide@__crt_strtox@@YA_KAEAUbig_integer@1@AEBU21@@Z 000000018002f990     libucrt:cfout.obj
 0002:0000c9a0       $unwind$_fcloseall         000000018002f9a0     libucrt:closeall.obj
 0002:0000c9c4       $unwind$__acrt_locale_free_monetary 000000018002f9c4     libucrt:initmon.obj
 0002:0000c9cc       $unwind$__acrt_locale_free_time 000000018002f9cc     libucrt:inittime.obj
 0002:0000c9dc       $unwind$__acrt_GetStringTypeA 000000018002f9dc     libucrt:getstringtypea.obj
 0002:0000ca04       $unwind$__acrt_lowio_destroy_handle_array 000000018002fa04     libucrt:osfinfo.obj
 0002:0000ca14       $unwind$__acrt_lowio_ensure_fh_exists 000000018002fa14     libucrt:osfinfo.obj
 0002:0000ca40       $unwind$qsort              000000018002fa40     libucrt:qsort.obj
 0002:0000ca58       $chain$4$qsort             000000018002fa58     libucrt:qsort.obj
 0002:0000ca7c       $chain$5$qsort             000000018002fa7c     libucrt:qsort.obj
 0002:0000ca8c       $unwind$strpbrk            000000018002fa8c     libucrt:strpbrk.obj
 0002:0000ca9c       $unwind$fallbackMethod     000000018002fa9c     libucrt:strpbrk.obj
 0002:0000caac       $unwind$__acrt_LCMapStringA 000000018002faac     libucrt:lcmapstringa.obj
 0002:0000cabc       $unwind$?__acrt_LCMapStringA_stat@@YAHPEAU__crt_locale_pointers@@PEB_WKPEBDHPEADHHH@Z 000000018002fabc     libucrt:lcmapstringa.obj
 0002:0000cae4       $unwind$_close             000000018002fae4     libucrt:close.obj
 0002:0000cae4       $unwind$_commit            000000018002fae4     libucrt:commit.obj
 0002:0000caec       $unwind$??$?RV<lambda_a37b2b86f63e897a80ea819b0eb08c01>@@AEAV<lambda_38ce7e780aa69e748d6df282ebc68efe>@@V<lambda_99fb1378e971ab6e7edea83e3a7a83a2>@@@?$__crt_seh_guarded_call@H@@QEAAH$$QEAV<lambda_a37b2b86f63e897a80ea819b0eb08c01>@@AEAV<lambda_38ce7e780aa69e748d6df282ebc68efe>@@$$QEAV<lambda_99fb1378e971ab6e7edea83e3a7a83a2>@@@Z 000000018002faec     libucrt:commit.obj
 0002:0000cb10       $unwind$_write             000000018002fb10     libucrt:write.obj
 0002:0000cb40       $unwind$_write_nolock      000000018002fb40     libucrt:write.obj
 0002:0000cb58       $unwind$?write_double_translated_ansi_nolock@@YA?AUwrite_result@?A0x17268360@@HQEBDI@Z 000000018002fb58     libucrt:write.obj
 0002:0000cb7c       $unwind$?write_text_ansi_nolock@@YA?AUwrite_result@?A0x17268360@@HQEBDI@Z 000000018002fb7c     libucrt:write.obj
 0002:0000cb7c       $unwind$?write_text_utf16le_nolock@@YA?AUwrite_result@?A0x17268360@@HQEBDI@Z 000000018002fb7c     libucrt:write.obj
 0002:0000cb9c       $unwind$?write_text_utf8_nolock@@YA?AUwrite_result@?A0x17268360@@HQEBDI@Z 000000018002fb9c     libucrt:write.obj
 0002:0000cbc0       $xdatasym                  000000018002fbc0     libucrt:log10.obj
 0002:0000cbcc       $unwind$__acrt_fenv_set_control 000000018002fbcc     libucrt:_fenvutils.obj
 0002:0000cbdc       $unwind$fclose             000000018002fbdc     libucrt:fclose.obj
 0002:0000cc00       $unwind$_putwch_nolock     000000018002fc00     libucrt:putwch.obj
 0002:0000cc08       $unwind$common_control87   000000018002fc08     libucrt:ieee.obj
 0002:0000cc34       $unwind$_call_matherr      000000018002fc34     libucrt:libm_error.obj
 0002:0000cc3c       $unwind$_handle_error      000000018002fc3c     libucrt:libm_error.obj
 0002:0000cc5c       $unwind$__acrt_initialize_fma3 000000018002fc5c     libucrt:fma3_available.obj
 0002:0000cc64       $unwind$_log_special_common 000000018002fc64     libucrt:log_special.obj
 0002:0000cc70       $unwind$??$?RV<lambda_751a882b2c74d4b022dec766aa51a29a>@@AEAV<lambda_628dfdc04ba53c8bfc02c9951375f3f5>@@V<lambda_f6c7be5f7998530c34de24c7437d6b54>@@@?$__crt_seh_guarded_call@H@@QEAAH$$QEAV<lambda_751a882b2c74d4b022dec766aa51a29a>@@AEAV<lambda_628dfdc04ba53c8bfc02c9951375f3f5>@@$$QEAV<lambda_f6c7be5f7998530c34de24c7437d6b54>@@@Z 000000018002fc70     libucrt:close.obj
 0002:0000cc98       $xdatasym                  000000018002fc98     libucrt:fpsr.obj
 0002:0000cca0       $unwind$_raise_exc_ex      000000018002fca0     libucrt:fpexcept.obj
 0002:0000ccb4       $unwind$_ctrlfp            000000018002fcb4     libucrt:fpctrl.obj
 0002:0000ccdc       $unwind$_IsNonwritableInCurrentImage 000000018002fcdc     LIBCMT:pesect.obj
 0002:0000ce60       .edata                     000000018002fe60     OPOSCoinAcceptor.exp
 0002:0000ce88       rgpv                       000000018002fe88     OPOSCoinAcceptor.exp
 0002:0000ce98       rgszName                   000000018002fe98     OPOSCoinAcceptor.exp
 0002:0000cea8       rgwOrd                     000000018002fea8     OPOSCoinAcceptor.exp
 0002:0000ceb0       szName                     000000018002feb0     OPOSCoinAcceptor.exp
 0002:0000cec5       $N00001                    000000018002fec5     OPOSCoinAcceptor.exp
 0002:0000ced5       $N00002                    000000018002fed5     OPOSCoinAcceptor.exp
 0002:0000cee7       $N00003                    000000018002fee7     OPOSCoinAcceptor.exp
 0002:0000cef9       $N00004                    000000018002fef9     OPOSCoinAcceptor.exp
 0002:0000d82a       .idata$6                   000000018003082a     kernel32:KERNEL32.dll
 0002:0000da42       .idata$6                   0000000180030a42     user32:USER32.dll
 0002:0000db76       .idata$6                   0000000180030b76     gdi32:GDI32.dll
 0002:0000dc1c       .idata$6                   0000000180030c1c     advapi32:ADVAPI32.dll
 0002:0000dd38       .idata$6                   0000000180030d38     ole32:ole32.dll
 0002:0000dd42       .idata$6                   0000000180030d42     oleaut32:OLEAUT32.dll
 0003:000001c0       ?ObjectMap@@3PAU_ATL_OBJMAP_ENTRY30@ATL@@A 00000001800321c0     CoinAcceptor.obj
 0003:000002cc       ?s_RequiredMethodsPerRelease@@3PAHA 00000001800322cc     CoinAcceptorImpl.obj
 0003:000002d0       ?s_SOMethodNames@@3PAPEADA 00000001800322d0     CoinAcceptorImpl.obj
 0003:000003d0       ?__vcrt_flsindex@@3KA      00000001800323d0     libvcruntime:per_thread_data.obj
 0003:000003e0       ?errno_no_memory@@3HA      00000001800323e0     libucrt:errno.obj
 0003:000003e4       ?doserrno_no_memory@@3KA   00000001800323e4     libucrt:errno.obj
 0003:000003f0       ?__acrt_flsindex@@3KA      00000001800323f0     libucrt:per_thread_data.obj
 0003:000008b0       _mbctypes                  00000001800328b0     libucrt:mbctype.obj
 0003:000009c0       _mbcasemaps                00000001800329c0     libucrt:mbctype.obj
 0003:00000ac0       ?__rgctypeflag@@3PADA      0000000180032ac0     libucrt:mbctype.obj
 0003:00000ad0       ?__rgcode_page_info@@3PAUcode_page_info@@A 0000000180032ad0     libucrt:mbctype.obj
 0003:00000d70       ?dazSupported@?1??common_control87@@9@9 0000000180032d70     libucrt:ieee.obj
 0003:00000d80       ?__dcrt_lowio_console_output_handle@@3PEAXEA 0000000180032d80     libucrt:initcon.obj
 0003:00000d90       ?dazSupported@?1??_ctrlfp@@9@9 0000000180032d90     libucrt:fpctrl.obj
 0003:00000fe0       ?is_initialized_as_dll@@3_NA 0000000180032fe0     LIBCMT:utility.obj
 0003:00000fe1       ?module_local_atexit_table_initialized@@3_NA 0000000180032fe1     LIBCMT:utility.obj
 0003:00000fe8       ?module_local_atexit_table@@3U_onexit_table_t@@A 0000000180032fe8     LIBCMT:utility.obj
 0003:00001000       ?module_local_at_quick_exit_table@@3U_onexit_table_t@@A 0000000180033000     LIBCMT:utility.obj
 0003:00001018       ?g_tss_cv@@3U_RTL_CONDITION_VARIABLE@@A 0000000180033018     LIBCMT:thread_safe_statics.obj
 0003:00001020       ?g_tss_event@@3PEAXEA      0000000180033020     LIBCMT:thread_safe_statics.obj
 0003:00001028       ?g_tss_mutex@@3U_RTL_CRITICAL_SECTION@@A 0000000180033028     LIBCMT:thread_safe_statics.obj
 0003:00001050       ?g_sleep_condition_variable_cs@@3P6AHPEAU_RTL_CONDITION_VARIABLE@@PEAU_RTL_CRITICAL_SECTION@@K@ZEA 0000000180033050     LIBCMT:thread_safe_statics.obj
 0003:00001058       ?g_wake_all_condition_variable@@3P6AXPEAU_RTL_CONDITION_VARIABLE@@@ZEA 0000000180033058     LIBCMT:thread_safe_statics.obj
 0003:00001060       GS_ExceptionRecord         0000000180033060     LIBCMT:gs_report.obj
 0003:00001100       GS_ContextRecord           0000000180033100     LIBCMT:gs_report.obj
 0003:000015d4       ?__proc_attached@@3HA      00000001800335d4     LIBCMT:dll_dllmain.obj
 0003:00001678       ?AllocateData@@3P6APEAUAtlThunkData_t@@XZEA 0000000180033678     atls:atlthunk.obj
 0003:00001680       ?InitData@@3P6AXPEAUAtlThunkData_t@@PEAX_K@ZEA 0000000180033680     atls:atlthunk.obj
 0003:00001688       ?DataToCode@@3P6AP6A_JPEAUHWND__@@I_K_J@ZPEAUAtlThunkData_t@@@ZEA 0000000180033688     atls:atlthunk.obj
 0003:00001690       ?FreeData@@3P6AXPEAUAtlThunkData_t@@@ZEA 0000000180033690     atls:atlthunk.obj
 0003:00001698       ?Initialized@@3_NA         0000000180033698     atls:atlthunk.obj
 0003:000016b0       ?__vcrt_startup_thread_ptd@@3U__vcrt_ptd@@A 00000001800336b0     libvcruntime:per_thread_data.obj
 0003:00001730       __vcrt_lock_table          0000000180033730     libvcruntime:locks.obj
 0003:00001758       __vcrt_locks_initialized   0000000180033758     libvcruntime:locks.obj
 0003:000017a0       ?heap@@3V_HeapManager@@A   00000001800337a0     libvcruntime:undname.obj
 0003:000017c8       ?module_handles@@3PAPEAUHINSTANCE__@@A 00000001800337c8     libvcruntime:winapi_downlevel.obj
 0003:000017e0       ?function_pointers@@3PAPEAXA 00000001800337e0     libvcruntime:winapi_downlevel.obj
 0003:00001808       ?__acrt_invalid_parameter_handler@@3V?$dual_state_global@P6AXPEB_W00I_K@Z@__crt_state_management@@A 0000000180033808     libucrt:invalid_parameter.obj
 0003:00001810       ?c_termination_complete@@3JA 0000000180033810     libucrt:exit.obj
 0003:00001818       ?thread_local_exit_callback_func@@3P6AXPEAXK0@ZEA 0000000180033818     libucrt:exit.obj
 0003:00001830       ?program_name@?1???$common_configure_argv@D@@YAHW4_crt_argv_mode@@@Z@4PADA 0000000180033830     libucrt:argv_parsing.obj
 0003:00001988       ?__acrt_new_handler@@3V?$dual_state_global@P6AH_K@Z@__crt_state_management@@A 0000000180033988     libucrt:new_handler.obj
 0003:00001990       ?module_handles@@3PAPEAUHINSTANCE__@@A 0000000180033990     libucrt:winapi_thunks.obj
 0003:00001a30       ?encoded_function_pointers@@3PAPEAXA 0000000180033a30     libucrt:winapi_thunks.obj
 0003:00001b40       ?internal_state@?1??_mbtowc_l@@9@4U_Mbstatet@@A 0000000180033b40     libucrt:mbtowc.obj
 0003:00001b58       ?enable_percent_n@@3_KA    0000000180033b58     libucrt:printf_count_output.obj
 0003:00001f90       ?__acrt_lock_table@@3PAU_RTL_CRITICAL_SECTION@@A 0000000180033f90     libucrt:locks.obj
 0003:000021c0       ?__acrt_locks_initialized@@3IA 00000001800341c0     libucrt:locks.obj
 0003:000021e0       ?fSystemSet@@3HA           00000001800341e0     libucrt:mbctype.obj
 0003:000021e4       ?initialized@?1??__acrt_initialize_multibyte@@9@4_NA 00000001800341e4     libucrt:mbctype.obj
 0003:00002220       ?ctrlc_action@@3V?$dual_state_global@P6AXH@Z@__crt_state_management@@A 0000000180034220     libucrt:signal.obj
 0003:00002228       ?ctrlbreak_action@@3V?$dual_state_global@P6AXH@Z@__crt_state_management@@A 0000000180034228     libucrt:signal.obj
 0003:00002230       ?abort_action@@3V?$dual_state_global@P6AXH@Z@__crt_state_management@@A 0000000180034230     libucrt:signal.obj
 0003:00002238       ?term_action@@3V?$dual_state_global@P6AXH@Z@__crt_state_management@@A 0000000180034238     libucrt:signal.obj
 0003:00002240       ?user_matherr@@3V?$dual_state_global@P6AHPEAU_exception@@@Z@__crt_state_management@@A 0000000180034240     libucrt:matherr.obj
 0003:00002248       ?__acrt_global_new_mode@@3V?$dual_state_global@J@__crt_state_management@@A 0000000180034248     libucrt:new_mode.obj
 0003:00002258       ?internal_pst@?1??__mbrtoc32_utf8@__crt_mbstring@@YA_KPEA_UPEBD_KPEAU_Mbstatet@@@Z@4U3@A 0000000180034258     libucrt:mbrtoc32.obj
 0003:00002260       ?__acrt_app_type@@3W4_crt_app_type@@A 0000000180034260     libucrt:report_runtime_error.obj
 0005:00000000       MoveSmall                  0000000180037000     libvcruntime:memcpy.obj
 0005:00000050       MsetTab                    0000000180037050     libvcruntime:memset.obj
 0006:00000220       $R000000                   0000000180038220     CoinAcceptor.res
 0006:00000bc8       $R0009A8                   0000000180038bc8     CoinAcceptor.res
 0006:00000cb0       $R000A90                   0000000180038cb0     CoinAcceptor.res
 0006:00000f18       $R000CF8                   0000000180038f18     CoinAcceptor.res
 0006:00001430       $R001210                   0000000180039430     CoinAcceptor.res
 0006:00004130       $R003F10                   000000018003c130     CoinAcceptor.res
 0006:00004168       $R003F48                   000000018003c168     CoinAcceptor.res
