 OPOSImageScanner

 Timestamp is 5ed4583b (Mon Jun  1 10:22:03 2020)

 Preferred load address is 0000000180000000

 Start         Length     Name                   Class
 0001:00000000 000000c0H .text$di                CODE
 0001:000000c0 000212a0H .text$mn                CODE
 0001:00021360 00000040H .text$mn$00             CODE
 0001:000213a0 000004b0H .text$x                 CODE
 0001:00021850 00000078H .text$yd                CODE
 0002:00000000 00000618H .idata$5                DATA
 0002:00000618 00000028H .00cfg                  DATA
 0002:00000640 00000008H .CRT$XCA                DATA
 0002:00000648 00000008H .CRT$XCL                DATA
 0002:00000650 00000020H .CRT$XCU                DATA
 0002:00000670 00000008H .CRT$XCZ                DATA
 0002:00000678 00000008H .CRT$XIA                DATA
 0002:00000680 00000020H .CRT$XIC                DATA
 0002:000006a0 00000008H .CRT$XIZ                DATA
 0002:000006a8 00000008H .CRT$XLA                DATA
 0002:000006b0 00000008H .CRT$XLZ                DATA
 0002:000006b8 00000008H .CRT$XPA                DATA
 0002:000006c0 00000010H .CRT$XPX                DATA
 0002:000006d0 00000008H .CRT$XPXA               DATA
 0002:000006d8 00000008H .CRT$XPZ                DATA
 0002:000006e0 00000008H .CRT$XTA                DATA
 0002:000006e8 00000008H .CRT$XTZ                DATA
 0002:000006f0 00000000H .gfids$y                DATA
 0002:000006f0 0000a8a0H .rdata                  DATA
 0002:0000af90 00000028H .rdata$T                DATA
 0002:0000afb8 00000274H .rdata$r                DATA
 0002:0000b22c 0000040cH .rdata$zzzdbg           DATA
 0002:0000b638 00000008H .rtc$IAA                DATA
 0002:0000b640 00000008H .rtc$IZZ                DATA
 0002:0000b648 00000008H .rtc$TAA                DATA
 0002:0000b650 00000008H .rtc$TZZ                DATA
 0002:0000b658 00000004H .tls                    DATA
 0002:0000b65c 00000004H .tls$                   DATA
 0002:0000b660 00000008H .tls$ZZZ                DATA
 0002:0000b668 000016b0H .xdata                  DATA
 0002:0000cd18 00000150H .xdata$x                DATA
 0002:0000ce68 00000008H ATL$__a                 DATA
 0002:0000ce70 00000010H ATL$__z                 DATA
 0002:0000ce80 000000b0H .edata                  DATA
 0002:0000cf30 00000078H .idata$2                DATA
 0002:0000cfa8 00000018H .idata$3                DATA
 0002:0000cfc0 00000618H .idata$4                DATA
 0002:0000d5d8 00000c2aH .idata$6                DATA
 0003:00000000 00000d78H .data                   DATA
 0003:00000d78 000000c8H .data$r                 DATA
 0003:00000e40 0000140cH .bss                    DATA
 0004:00000000 00001eb4H .pdata                  DATA
 0005:00000000 00000094H _RDATA                  DATA
 0006:00000000 00000220H .rsrc$01                DATA
 0006:00000220 000043c8H .rsrc$02                DATA

  Address         Publics by Value              Rva+Base               Lib:Object

 0000:00000000       __guard_fids_count         0000000000000000     <absolute>
 0000:00000000       __x64_code_ranges_to_entry_points 0000000000000000     <absolute>
 0000:00000000       __guard_longjmp_count      0000000000000000     <absolute>
 0000:00000000       __guard_longjmp_table      0000000000000000     <absolute>
 0000:00000000       __hybrid_code_map          0000000000000000     <absolute>
 0000:00000000       __guard_iat_count          0000000000000000     <absolute>
 0000:00000000       __arm64x_redirection_metadata 0000000000000000     <absolute>
 0000:00000000       __guard_eh_cont_count      0000000000000000     <absolute>
 0000:00000000       __arm64x_native_entrypoint 0000000000000000     <absolute>
 0000:00000000       __guard_iat_table          0000000000000000     <absolute>
 0000:00000000       __volatile_metadata        0000000000000000     <absolute>
 0000:00000000       __hybrid_code_map_count    0000000000000000     <absolute>
 0000:00000000       __guard_eh_cont_table      0000000000000000     <absolute>
 0000:00000000       __enclave_config           0000000000000000     <absolute>
 0000:00000000       ___safe_se_handler_count   0000000000000000     <absolute>
 0000:00000000       __AbsoluteZero             0000000000000000     <absolute>
 0000:00000000       ___safe_se_handler_table   0000000000000000     <absolute>
 0000:00000000       __dynamic_value_reloc_table 0000000000000000     <absolute>
 0000:00000000       __guard_fids_table         0000000000000000     <absolute>
 0000:00000000       __hybrid_auxiliary_iat     0000000000000000     <absolute>
 0000:00000100       __guard_flags              0000000000000100     <absolute>
 0000:00000000       __ImageBase                0000000180000000     <linker-defined>
 0001:000000c0       ?DupWide@_CW@@AEAAXXZ      00000001800010c0 f   CWString.obj
 0001:000000e8       ?cw_dup@@YAXPEBDAEAHAEAPEA_W1@Z 00000001800010e8 f   CWString.obj
 0001:000001c8       ?cw_memcpy@@YAHPEA_WPEBDH@Z 00000001800011c8 f   CWString.obj
 0001:00000214       ?cw_strcpy@@YAHPEA_WPEBD@Z 0000000180001214 f   CWString.obj
 0001:00000228       ??0CAtlComModule@ATL@@QEAA@XZ 0000000180001228 f i OposVariant.obj
 0001:000002a8       ??0CAtlWinModule@ATL@@QEAA@XZ 00000001800012a8 f i OposVariant.obj
 0001:00000314       ??0OposDispParms@@QEAA@PEAVOposVariant@@H@Z 0000000180001314 f   OposVariant.obj
 0001:000003bc       ??1OposDispParms@@QEAA@XZ  00000001800013bc f   OposVariant.obj
 0001:000003d4       ??_Estringdispid@CComTypeInfoHolder@ATL@@QEAAPEAXI@Z 00000001800013d4 f i OposVariant.obj
 0001:00000478       ?AtlWinModuleTerm@ATL@@YAJPEAU_ATL_WIN_MODULE70@1@PEAUHINSTANCE__@@@Z 0000000180001478 f i OposVariant.obj
 0001:00000528       ?ChangeBSTR@OposVariant@@QEAAXPEAPEA_WAEAJ@Z 0000000180001528 f   OposVariant.obj
 0001:00000588       ?ChangeLONG@OposVariant@@QEAAXPEAJAEAJ@Z 0000000180001588 f   OposVariant.obj
 0001:000005e4       ?GetLONG@OposVariant@@QEAAJXZ 00000001800015e4 f   OposVariant.obj
 0001:00000608       ?SetBSTR@OposVariant@@QEAAXPEA_WAEAJ@Z 0000000180001608 f   OposVariant.obj
 0001:00000648       ?SetBSTR_Copy@OposVariant@@QEAAXPEA_WAEAJ@Z 0000000180001648 f   OposVariant.obj
 0001:000006b8       ?SetBSTR_InOutPtr@OposVariant@@QEAA_NPEAPEA_WAEAJ@Z 00000001800016b8 f   OposVariant.obj
 0001:00000708       ?SetDispatch_Ptr@OposVariant@@QEAAXPEAUIDispatch@@AEAJ@Z 0000000180001708 f   OposVariant.obj
 0001:00000760       ?SetLONG@OposVariant@@QEAAXJ@Z 0000000180001760 f   OposVariant.obj
 0001:00000790       ?SetLONG_Ptr@OposVariant@@QEAAXPEAJAEAJ@Z 0000000180001790 f   OposVariant.obj
 0001:000007dc       ?SetString@OposVariant@@QEAAXPEB_WAEAJ@Z 00000001800017dc f   OposVariant.obj
 0001:00000840       ?SetVARIANT_BOOL@OposVariant@@QEAAXF@Z 0000000180001840 f   OposVariant.obj
 0001:00000878       ?Term@CAtlComModule@ATL@@QEAAXXZ 0000000180001878 f i OposVariant.obj
 0001:000008e8       ?_AtlInitializeCriticalSectionEx@ATL@@YAHPEAU_RTL_CRITICAL_SECTION@@KK@Z 00000001800018e8 f i OposVariant.obj
 0001:000008f0       ?_AtlRaiseException@ATL@@YAXKK@Z 00000001800018f0 f i OposVariant.obj
 0001:00000900       ?GetWindowProc@?$CWindowImplBaseT@VCWindow@ATL@@V?$CWinTraits@$0FGAAAAAA@$0A@@2@@ATL@@UEAAP6A_JPEAUHWND__@@I_K_J@ZXZ 0000000180001900 f i ImageScanner.obj
 0001:00000908       ?StartWindowProc@?$CWindowImplBaseT@VCWindow@ATL@@V?$CWinTraits@$0FGAAAAAA@$0A@@2@@ATL@@SA_JPEAUHWND__@@I_K_J@Z 0000000180001908 f i ImageScanner.obj
 0001:000009cc       ?OnFinalMessage@?$CWindowImplBaseT@VCWindow@ATL@@V?$CWinTraits@$0FGAAAAAA@$0A@@2@@ATL@@UEAAXPEAUHWND__@@@Z 00000001800019cc f i ImageScanner.obj
 0001:000009cc       _guard_check_icall_nop     00000001800019cc f i LIBCMT:guard_support.obj
 0001:000009cc       ?ObjectMain@CComObjectRootBase@ATL@@SAX_N@Z 00000001800019cc f i ImageScanner.obj
 0001:000009d0       ?GetTypeInfoCount@?$IDispatchImpl@UIOPOSImageScanner@@$1?IID_IOPOSImageScanner@@3U_GUID@@B$1?LIBID_OposImageScanner_CCO@@3U3@B$00$0A@VCComTypeInfoHolder@ATL@@@ATL@@UEAAJPEAI@Z 00000001800019d0 f i ImageScanner.obj
 0001:000009e4       ?GetTypeInfo@?$IDispatchImpl@UIOPOSImageScanner@@$1?IID_IOPOSImageScanner@@3U_GUID@@B$1?LIBID_OposImageScanner_CCO@@3U3@B$00$0A@VCComTypeInfoHolder@ATL@@@ATL@@UEAAJIKPEAPEAUITypeInfo@@@Z 00000001800019e4 f i ImageScanner.obj
 0001:00000a48       ?GetIDsOfNames@?$IDispatchImpl@UIOPOSImageScanner@@$1?IID_IOPOSImageScanner@@3U_GUID@@B$1?LIBID_OposImageScanner_CCO@@3U3@B$00$0A@VCComTypeInfoHolder@ATL@@@ATL@@UEAAJAEBU_GUID@@PEAPEA_WIKPEAJ@Z 0000000180001a48 f i ImageScanner.obj
 0001:00000a54       ?Invoke@?$IDispatchImpl@UIOPOSImageScanner@@$1?IID_IOPOSImageScanner@@3U_GUID@@B$1?LIBID_OposImageScanner_CCO@@3U3@B$00$0A@VCComTypeInfoHolder@ATL@@@ATL@@UEAAJJAEBU_GUID@@KGPEAUtagDISPPARAMS@@PEAUtagVARIANT@@PEAUtagEXCEPINFO@@PEAI@Z 0000000180001a54 f i ImageScanner.obj
 0001:00000ae4       ?CreateControlWindow@?$CComControl@VCOPOSImageScanner@@V?$CWindowImpl@VCOPOSImageScanner@@VCWindow@ATL@@V?$CWinTraits@$0FGAAAAAA@$0A@@3@@ATL@@@ATL@@UEAAPEAUHWND__@@PEAU3@AEAUtagRECT@@@Z 0000000180001ae4 f i ImageScanner.obj
 0001:00000b1c       ?ControlQueryInterface@?$CComControl@VCOPOSImageScanner@@V?$CWindowImpl@VCOPOSImageScanner@@VCWindow@ATL@@V?$CWinTraits@$0FGAAAAAA@$0A@@3@@ATL@@@ATL@@UEAAJAEBU_GUID@@PEAPEAX@Z 0000000180001b1c f i ImageScanner.obj
 0001:00000b30       ?GetClassID@?$IPersistStorageImpl@VCOPOSImageScanner@@@ATL@@UEAAJPEAU_GUID@@@Z 0000000180001b30 f i ImageScanner.obj
 0001:00000b30       ?GetUserClassID@?$IOleObjectImpl@VCOPOSImageScanner@@@ATL@@UEAAJPEAU_GUID@@@Z 0000000180001b30 f i ImageScanner.obj
 0001:00000b30       ?GetClassID@?$IPersistStreamInitImpl@VCOPOSImageScanner@@@ATL@@UEAAJPEAU_GUID@@@Z 0000000180001b30 f i ImageScanner.obj
 0001:00000b4c       ?IsDirty@?$IPersistStreamInitImpl@VCOPOSImageScanner@@@ATL@@UEAAJXZ 0000000180001b4c f i ImageScanner.obj
 0001:00000b68       ?Load@?$IPersistStreamInitImpl@VCOPOSImageScanner@@@ATL@@UEAAJPEAUIStream@@@Z 0000000180001b68 f i ImageScanner.obj
 0001:00000b80       ?Save@?$IPersistStreamInitImpl@VCOPOSImageScanner@@@ATL@@UEAAJPEAUIStream@@H@Z 0000000180001b80 f i ImageScanner.obj
 0001:00000b98       ?GetSizeMax@?$IPersistStreamInitImpl@VCOPOSImageScanner@@@ATL@@UEAAJPEAT_ULARGE_INTEGER@@@Z 0000000180001b98 f i ImageScanner.obj
 0001:00000dc4       ?InitNew@?$IPersistStreamInitImpl@VCOPOSImageScanner@@@ATL@@UEAAJXZ 0000000180001dc4 f i ImageScanner.obj
 0001:00000ddc       ?Unfreeze@?$IViewObjectExImpl@VCOPOSImageScanner@@@ATL@@UEAAJK@Z 0000000180001ddc f i ImageScanner.obj
 0001:00000ddc       ?GetColorSet@?$IViewObjectExImpl@VCOPOSImageScanner@@@ATL@@UEAAJKJPEAXPEAUtagDVTARGETDEVICE@@PEAUHDC__@@PEAPEAUtagLOGPALETTE@@@Z 0000000180001ddc f i ImageScanner.obj
 0001:00000ddc       ?EnumFormatEtc@?$IDataObjectImpl@VCOPOSImageScanner@@@ATL@@UEAAJKPEAPEAUIEnumFORMATETC@@@Z 0000000180001ddc f i ImageScanner.obj
 0001:00000ddc       ?GetDataHere@?$IDataObjectImpl@VCOPOSImageScanner@@@ATL@@UEAAJPEAUtagFORMATETC@@PEAUtagSTGMEDIUM@@@Z 0000000180001ddc f i ImageScanner.obj
 0001:00000ddc       ?SOOutputCompleteDummy@COPOSImageScanner@@MEAAJJ@Z 0000000180001ddc f i ImageScanner.obj
 0001:00000ddc       ?SetColorScheme@?$IOleObjectImpl@VCOPOSImageScanner@@@ATL@@UEAAJPEAUtagLOGPALETTE@@@Z 0000000180001ddc f i ImageScanner.obj
 0001:00000ddc       ?GetDropTarget@?$IOleInPlaceObjectWindowlessImpl@VCOPOSImageScanner@@@ATL@@UEAAJPEAPEAUIDropTarget@@@Z 0000000180001ddc f i ImageScanner.obj
 0001:00000ddc       ?QueryInterface@CRegObject@ATL@@UEAAJAEBU_GUID@@PEAPEAX@Z 0000000180001ddc f i ImageScanner.obj
 0001:00000ddc       ?SetMoniker@?$IOleObjectImpl@VCOPOSImageScanner@@@ATL@@UEAAJKPEAUIMoniker@@@Z 0000000180001ddc f i ImageScanner.obj
 0001:00000ddc       ?Freeze@?$IViewObjectExImpl@VCOPOSImageScanner@@@ATL@@UEAAJKJPEAXPEAK@Z 0000000180001ddc f i ImageScanner.obj
 0001:00000ddc       ?ContextSensitiveHelp@?$IOleInPlaceObjectWindowlessImpl@VCOPOSImageScanner@@@ATL@@UEAAJH@Z 0000000180001ddc f i ImageScanner.obj
 0001:00000ddc       ?InitFromData@?$IOleObjectImpl@VCOPOSImageScanner@@@ATL@@UEAAJPEAUIDataObject@@HK@Z 0000000180001ddc f i ImageScanner.obj
 0001:00000ddc       ?ReactivateAndUndo@?$IOleInPlaceObjectWindowlessImpl@VCOPOSImageScanner@@@ATL@@UEAAJXZ 0000000180001ddc f i ImageScanner.obj
 0001:00000ddc       ?GetRect@?$IViewObjectExImpl@VCOPOSImageScanner@@@ATL@@UEAAJKPEAU_RECTL@@@Z 0000000180001ddc f i ImageScanner.obj
 0001:00000ddc       ?GetMoniker@?$IOleObjectImpl@VCOPOSImageScanner@@@ATL@@UEAAJKKPEAPEAUIMoniker@@@Z 0000000180001ddc f i ImageScanner.obj
 0001:00000ddc       ?GetControlInfo@?$IOleControlImpl@VCOPOSImageScanner@@@ATL@@UEAAJPEAUtagCONTROLINFO@@@Z 0000000180001ddc f i ImageScanner.obj
 0001:00000ddc       ?QueryGetData@?$IDataObjectImpl@VCOPOSImageScanner@@@ATL@@UEAAJPEAUtagFORMATETC@@@Z 0000000180001ddc f i ImageScanner.obj
 0001:00000ddc       ?GetCanonicalFormatEtc@?$IDataObjectImpl@VCOPOSImageScanner@@@ATL@@UEAAJPEAUtagFORMATETC@@0@Z 0000000180001ddc f i ImageScanner.obj
 0001:00000ddc       ?GetClipboardData@?$IOleObjectImpl@VCOPOSImageScanner@@@ATL@@UEAAJKPEAPEAUIDataObject@@@Z 0000000180001ddc f i ImageScanner.obj
 0001:00000ddc       ?OnMnemonic@?$IOleControlImpl@VCOPOSImageScanner@@@ATL@@UEAAJPEAUtagMSG@@@Z 0000000180001ddc f i ImageScanner.obj
 0001:00000ddc       ?SetData@?$IDataObjectImpl@VCOPOSImageScanner@@@ATL@@UEAAJPEAUtagFORMATETC@@PEAUtagSTGMEDIUM@@H@Z 0000000180001ddc f i ImageScanner.obj
 0001:00000ddc       ?ContextSensitiveHelp@?$IOleInPlaceActiveObjectImpl@VCOPOSImageScanner@@@ATL@@UEAAJH@Z 0000000180001ddc f i ImageScanner.obj
 0001:00000de4       ?OnAmbientPropertyChange@?$IOleControlImpl@VCOPOSImageScanner@@@ATL@@UEAAJJ@Z 0000000180001de4 f i ImageScanner.obj
 0001:00000de4       ?Update@?$IOleObjectImpl@VCOPOSImageScanner@@@ATL@@UEAAJXZ 0000000180001de4 f i ImageScanner.obj
 0001:00000de4       ?SaveCompleted@?$IPersistStorageImpl@VCOPOSImageScanner@@@ATL@@UEAAJPEAUIStorage@@@Z 0000000180001de4 f i ImageScanner.obj
 0001:00000de4       ?IsUpToDate@?$IOleObjectImpl@VCOPOSImageScanner@@@ATL@@UEAAJXZ 0000000180001de4 f i ImageScanner.obj
 0001:00000de4       ?HandsOffStorage@?$IPersistStorageImpl@VCOPOSImageScanner@@@ATL@@UEAAJXZ 0000000180001de4 f i ImageScanner.obj
 0001:00000de4       ?GetCategoryMap@CComObjectRootBase@ATL@@SAPEBU_ATL_CATMAP_ENTRY@2@XZ 0000000180001de4 f i ImageScanner.obj
 0001:00000de4       ?SetHostNames@?$IOleObjectImpl@VCOPOSImageScanner@@@ATL@@UEAAJPEB_W0@Z 0000000180001de4 f i ImageScanner.obj
 0001:00000de4       ?ResizeBorder@?$IOleInPlaceActiveObjectImpl@VCOPOSImageScanner@@@ATL@@UEAAJPEBUtagRECT@@PEAUIOleInPlaceUIWindow@@H@Z 0000000180001de4 f i ImageScanner.obj
 0001:00000de4       ?GetObjectDescription@?$CComCoClass@VCOPOSImageScanner@@$1?CLSID_OPOSImageScanner@@3U_GUID@@B@ATL@@SAPEB_WXZ 0000000180001de4 f i ImageScanner.obj
 0001:00000de4       ?OnFrameWindowActivate@?$IOleInPlaceActiveObjectImpl@VCOPOSImageScanner@@@ATL@@UEAAJH@Z 0000000180001de4 f i ImageScanner.obj
 0001:00000de4       ?EnableModeless@?$IOleInPlaceActiveObjectImpl@VCOPOSImageScanner@@@ATL@@UEAAJH@Z 0000000180001de4 f i ImageScanner.obj
 0001:00000de4       ?Release@CRegObject@ATL@@UEAAKXZ 0000000180001de4 f i ImageScanner.obj
 0001:00000de8       ?SetClientSite@?$IOleObjectImpl@VCOPOSImageScanner@@@ATL@@UEAAJPEAUIOleClientSite@@@Z 0000000180001de8 f i ImageScanner.obj
 0001:00000e04       ?GetClientSite@?$IOleObjectImpl@VCOPOSImageScanner@@@ATL@@UEAAJPEAPEAUIOleClientSite@@@Z 0000000180001e04 f i ImageScanner.obj
 0001:00000e4c       ?Close@?$IOleObjectImpl@VCOPOSImageScanner@@@ATL@@UEAAJK@Z 0000000180001e4c f i ImageScanner.obj
 0001:00000e68       ?DoVerb@?$IOleObjectImpl@VCOPOSImageScanner@@@ATL@@UEAAJJPEAUtagMSG@@PEAUIOleClientSite@@JPEAUHWND__@@PEBUtagRECT@@@Z 0000000180001e68 f i ImageScanner.obj
 0001:0000100c       ?EnumVerbs@?$IOleObjectImpl@VCOPOSImageScanner@@@ATL@@UEAAJPEAPEAUIEnumOLEVERB@@@Z 000000018000200c f i ImageScanner.obj
 0001:00001028       ?GetUserType@?$IOleObjectImpl@VCOPOSImageScanner@@@ATL@@UEAAJKPEAPEA_W@Z 0000000180002028 f i ImageScanner.obj
 0001:00001038       ?SetExtent@?$IOleObjectImpl@VCOPOSImageScanner@@@ATL@@UEAAJKPEAUtagSIZE@@@Z 0000000180002038 f i ImageScanner.obj
 0001:00001054       ?GetExtent@?$IOleObjectImpl@VCOPOSImageScanner@@@ATL@@UEAAJKPEAUtagSIZE@@@Z 0000000180002054 f i ImageScanner.obj
 0001:00001084       ?Advise@?$IOleObjectImpl@VCOPOSImageScanner@@@ATL@@UEAAJPEAUIAdviseSink@@PEAK@Z 0000000180002084 f i ImageScanner.obj
 0001:000010e0       ?Unadvise@?$IOleObjectImpl@VCOPOSImageScanner@@@ATL@@UEAAJK@Z 00000001800020e0 f i ImageScanner.obj
 0001:00001118       ?EnumAdvise@?$IOleObjectImpl@VCOPOSImageScanner@@@ATL@@UEAAJPEAPEAUIEnumSTATDATA@@@Z 0000000180002118 f i ImageScanner.obj
 0001:00001160       ?GetMiscStatus@?$IOleObjectImpl@VCOPOSImageScanner@@@ATL@@UEAAJKPEAK@Z 0000000180002160 f i ImageScanner.obj
 0001:00001170       ?GetWindow@?$IOleInPlaceActiveObjectImpl@VCOPOSImageScanner@@@ATL@@UEAAJPEAPEAUHWND__@@@Z 0000000180002170 f i ImageScanner.obj
 0001:000011c4       ?TranslateAcceleratorW@?$IOleInPlaceActiveObjectImpl@VCOPOSImageScanner@@@ATL@@UEAAJPEAUtagMSG@@@Z 00000001800021c4 f i ImageScanner.obj
 0001:000012b8       ?OnDocWindowActivate@?$IOleInPlaceActiveObjectImpl@VCOPOSImageScanner@@@ATL@@UEAAJH@Z 00000001800022b8 f i ImageScanner.obj
 0001:000012e4       ?Draw@?$IViewObjectExImpl@VCOPOSImageScanner@@@ATL@@UEAAJKJPEAXPEAUtagDVTARGETDEVICE@@PEAUHDC__@@2PEBU_RECTL@@3P6AH_K@Z4@Z 00000001800022e4 f i ImageScanner.obj
 0001:00001348       ?SetAdvise@?$IViewObjectExImpl@VCOPOSImageScanner@@@ATL@@UEAAJKKPEAUIAdviseSink@@@Z 0000000180002348 f i ImageScanner.obj
 0001:0000139c       ?GetAdvise@?$IViewObjectExImpl@VCOPOSImageScanner@@@ATL@@UEAAJPEAK0PEAPEAUIAdviseSink@@@Z 000000018000239c f i ImageScanner.obj
 0001:000013d8       ?GetExtent@?$IViewObjectExImpl@VCOPOSImageScanner@@@ATL@@UEAAJKJPEAUtagDVTARGETDEVICE@@PEAUtagSIZE@@@Z 00000001800023d8 f i ImageScanner.obj
 0001:00001408       ?GetViewStatus@?$IViewObjectExImpl@VCOPOSImageScanner@@@ATL@@UEAAJPEAK@Z 0000000180002408 f i ImageScanner.obj
 0001:0000141c       ?QueryHitPoint@?$IViewObjectExImpl@VCOPOSImageScanner@@@ATL@@UEAAJKPEBUtagRECT@@UtagPOINT@@JPEAK@Z 000000018000241c f i ImageScanner.obj
 0001:00001460       ?QueryHitRect@?$IViewObjectExImpl@VCOPOSImageScanner@@@ATL@@UEAAJKPEBUtagRECT@@0JPEAK@Z 0000000180002460 f i ImageScanner.obj
 0001:000014c8       ?GetNaturalExtent@?$IViewObjectExImpl@VCOPOSImageScanner@@@ATL@@UEAAJKJPEAUtagDVTARGETDEVICE@@PEAUHDC__@@PEAUtagExtentInfo@@PEAUtagSIZE@@@Z 00000001800024c8 f i ImageScanner.obj
 0001:00001510       ?GetWindow@?$IOleInPlaceObjectWindowlessImpl@VCOPOSImageScanner@@@ATL@@UEAAJPEAPEAUHWND__@@@Z 0000000180002510 f i ImageScanner.obj
 0001:00001564       ?InPlaceDeactivate@?$IOleInPlaceObjectWindowlessImpl@VCOPOSImageScanner@@@ATL@@UEAAJXZ 0000000180002564 f i ImageScanner.obj
 0001:00001580       ?UIDeactivate@?$IOleInPlaceObjectWindowlessImpl@VCOPOSImageScanner@@@ATL@@UEAAJXZ 0000000180002580 f i ImageScanner.obj
 0001:0000159c       ?SetObjectRects@?$IOleInPlaceObjectWindowlessImpl@VCOPOSImageScanner@@@ATL@@UEAAJPEBUtagRECT@@0@Z 000000018000259c f i ImageScanner.obj
 0001:000015b8       ?OnWindowMessage@?$IOleInPlaceObjectWindowlessImpl@VCOPOSImageScanner@@@ATL@@UEAAJI_K_JPEA_J@Z 00000001800025b8 f i ImageScanner.obj
 0001:00001680       ?EnumConnectionPoints@?$IConnectionPointContainerImpl@VCOPOSImageScanner@@@ATL@@UEAAJPEAPEAUIEnumConnectionPoints@@@Z 0000000180002680 f i ImageScanner.obj
 0001:000018cc       ?FindConnectionPoint@?$IConnectionPointContainerImpl@VCOPOSImageScanner@@@ATL@@UEAAJAEBU_GUID@@PEAPEAUIConnectionPoint@@@Z 00000001800028cc f i ImageScanner.obj
 0001:0000199c       ?IsDirty@?$IPersistStorageImpl@VCOPOSImageScanner@@@ATL@@UEAAJXZ 000000018000299c f i ImageScanner.obj
 0001:000019dc       ?InitNew@?$IPersistStorageImpl@VCOPOSImageScanner@@@ATL@@UEAAJPEAUIStorage@@@Z 00000001800029dc f i ImageScanner.obj
 0001:00001a1c       ?Load@?$IPersistStorageImpl@VCOPOSImageScanner@@@ATL@@UEAAJPEAUIStorage@@@Z 0000000180002a1c f i ImageScanner.obj
 0001:00001abc       ?Save@?$IPersistStorageImpl@VCOPOSImageScanner@@@ATL@@UEAAJPEAUIStorage@@H@Z 0000000180002abc f i ImageScanner.obj
 0001:00001b6c       ?GetPages@?$ISpecifyPropertyPagesImpl@VCOPOSImageScanner@@@ATL@@UEAAJPEAUtagCAUUID@@@Z 0000000180002b6c f i ImageScanner.obj
 0001:00001b78       ?QuickActivate@?$IQuickActivateImpl@VCOPOSImageScanner@@@ATL@@UEAAJPEAUtagQACONTAINER@@PEAUtagQACONTROL@@@Z 0000000180002b78 f i ImageScanner.obj
 0001:00001b94       ?SetContentExtent@?$IQuickActivateImpl@VCOPOSImageScanner@@@ATL@@UEAAJPEAUtagSIZE@@@Z 0000000180002b94 f i ImageScanner.obj
 0001:00001bc8       ?GetContentExtent@?$IQuickActivateImpl@VCOPOSImageScanner@@@ATL@@UEAAJPEAUtagSIZE@@@Z 0000000180002bc8 f i ImageScanner.obj
 0001:00001c00       ?GetData@?$IDataObjectImpl@VCOPOSImageScanner@@@ATL@@UEAAJPEAUtagFORMATETC@@PEAUtagSTGMEDIUM@@@Z 0000000180002c00 f i ImageScanner.obj
 0001:00001c1c       ?DAdvise@?$IDataObjectImpl@VCOPOSImageScanner@@@ATL@@UEAAJPEAUtagFORMATETC@@KPEAUIAdviseSink@@PEAK@Z 0000000180002c1c f i ImageScanner.obj
 0001:00001ca4       ?DUnadvise@?$IDataObjectImpl@VCOPOSImageScanner@@@ATL@@UEAAJK@Z 0000000180002ca4 f i ImageScanner.obj
 0001:00001cd0       ?EnumDAdvise@?$IDataObjectImpl@VCOPOSImageScanner@@@ATL@@UEAAJPEAPEAUIEnumSTATDATA@@@Z 0000000180002cd0 f i ImageScanner.obj
 0001:00001d0c       ?GetClassInfoW@?$IProvideClassInfo2Impl@$1?CLSID_OPOSImageScanner@@3U_GUID@@B$1?DIID__IOPOSImageScannerEvents@@3U2@B$1?LIBID_OposImageScanner_CCO@@3U2@B$00$0A@VCComTypeInfoHolder@ATL@@@ATL@@UEAAJPEAPEAUITypeInfo@@@Z 0000000180002d0c f i ImageScanner.obj
 0001:00001d64       ?GetGUID@?$IProvideClassInfo2Impl@$1?CLSID_OPOSImageScanner@@3U_GUID@@B$1?DIID__IOPOSImageScannerEvents@@3U2@B$1?LIBID_OposImageScanner_CCO@@3U2@B$00$0A@VCComTypeInfoHolder@ATL@@@ATL@@UEAAJKPEAU_GUID@@@Z 0000000180002d64 f i ImageScanner.obj
 0001:00001d98       ?FAccessAllowed@?$IObjectSafetyImpl@VCOPOSImageScanner@@$02@ATL@@MEAAHXZ 0000000180002d98 f i ImageScanner.obj
 0001:00001d98       _get_startup_argv_mode     0000000180002d98 f i LIBCMT:argv_mode.obj
 0001:00001d98       ?AddRef@CRegObject@ATL@@UEAAKXZ 0000000180002d98 f i ImageScanner.obj
 0001:00001da0       ?GetInterfaceSafetyOptions@?$IObjectSafetyImpl@VCOPOSImageScanner@@$02@ATL@@UEAAJAEBU_GUID@@PEAK1@Z 0000000180002da0 f i ImageScanner.obj
 0001:00001e34       ?SetInterfaceSafetyOptions@?$IObjectSafetyImpl@VCOPOSImageScanner@@$02@ATL@@UEAAJAEBU_GUID@@KK@Z 0000000180002e34 f i ImageScanner.obj
 0001:00001ed8       ?_LocCPQueryInterface@?$IConnectionPointImpl@VCOPOSImageScanner@@$1?IID_IPropertyNotifySink@@3U_GUID@@BVCComDynamicUnkArray@ATL@@@ATL@@UEAAJAEBU_GUID@@PEAPEAX@Z 0000000180002ed8 f i ImageScanner.obj
 0001:00001ed8       ?_LocCPQueryInterface@?$IConnectionPointImpl@VCOPOSImageScanner@@$1?DIID__IOPOSImageScannerEvents@@3U_GUID@@BVCComDynamicUnkArray@ATL@@@ATL@@UEAAJAEBU_GUID@@PEAPEAX@Z 0000000180002ed8 f i ImageScanner.obj
 0001:00001f48       ?GetConnectionInterface@?$IConnectionPointImpl@VCOPOSImageScanner@@$1?IID_IPropertyNotifySink@@3U_GUID@@BVCComDynamicUnkArray@ATL@@@ATL@@UEAAJPEAU_GUID@@@Z 0000000180002f48 f i ImageScanner.obj
 0001:00001f64       ?GetConnectionPointContainer@?$IConnectionPointImpl@VCOPOSImageScanner@@$1?IID_IPropertyNotifySink@@3U_GUID@@BVCComDynamicUnkArray@ATL@@@ATL@@UEAAJPEAPEAUIConnectionPointContainer@@@Z 0000000180002f64 f i ImageScanner.obj
 0001:00001f84       ?Advise@?$IConnectionPointImpl@VCOPOSImageScanner@@$1?IID_IPropertyNotifySink@@3U_GUID@@BVCComDynamicUnkArray@ATL@@@ATL@@UEAAJPEAUIUnknown@@PEAK@Z 0000000180002f84 f i ImageScanner.obj
 0001:00001f84       ?Advise@?$IConnectionPointImpl@VCOPOSImageScanner@@$1?DIID__IOPOSImageScannerEvents@@3U_GUID@@BVCComDynamicUnkArray@ATL@@@ATL@@UEAAJPEAUIUnknown@@PEAK@Z 0000000180002f84 f i ImageScanner.obj
 0001:00002040       ?Unadvise@?$IConnectionPointImpl@VCOPOSImageScanner@@$1?IID_IPropertyNotifySink@@3U_GUID@@BVCComDynamicUnkArray@ATL@@@ATL@@UEAAJK@Z 0000000180003040 f i ImageScanner.obj
 0001:00002040       ?Unadvise@?$IConnectionPointImpl@VCOPOSImageScanner@@$1?DIID__IOPOSImageScannerEvents@@3U_GUID@@BVCComDynamicUnkArray@ATL@@@ATL@@UEAAJK@Z 0000000180003040 f i ImageScanner.obj
 0001:000020a8       ?EnumConnections@?$IConnectionPointImpl@VCOPOSImageScanner@@$1?IID_IPropertyNotifySink@@3U_GUID@@BVCComDynamicUnkArray@ATL@@@ATL@@UEAAJPEAPEAUIEnumConnections@@@Z 00000001800030a8 f i ImageScanner.obj
 0001:000020a8       ?EnumConnections@?$IConnectionPointImpl@VCOPOSImageScanner@@$1?DIID__IOPOSImageScannerEvents@@3U_GUID@@BVCComDynamicUnkArray@ATL@@@ATL@@UEAAJPEAPEAUIEnumConnections@@@Z 00000001800030a8 f i ImageScanner.obj
 0001:00002254       ?GetConnectionInterface@?$IConnectionPointImpl@VCOPOSImageScanner@@$1?DIID__IOPOSImageScannerEvents@@3U_GUID@@BVCComDynamicUnkArray@ATL@@@ATL@@UEAAJPEAU_GUID@@@Z 0000000180003254 f i ImageScanner.obj
 0001:00002270       ?GetConnectionPointContainer@?$IConnectionPointImpl@VCOPOSImageScanner@@$1?DIID__IOPOSImageScannerEvents@@3U_GUID@@BVCComDynamicUnkArray@ATL@@@ATL@@UEAAJPEAPEAUIConnectionPointContainer@@@Z 0000000180003270 f i ImageScanner.obj
 0001:00002290       ?UpdateRegistry@COPOSImageScanner@@SAJH@Z 0000000180003290 f i ImageScanner.obj
 0001:000022a8       ?ProcessWindowMessage@COPOSImageScanner@@UEAAHPEAUHWND__@@I_K_JAEA_JK@Z 00000001800032a8 f i ImageScanner.obj
 0001:00002330       ?SOData@COPOSImageScanner@@MEAAJJ@Z 0000000180003330 f i ImageScanner.obj
 0001:00002380       ?SODirectIO@COPOSImageScanner@@MEAAJJPEAJPEAPEA_W@Z 0000000180003380 f i ImageScanner.obj
 0001:000023f8       ?SOError@COPOSImageScanner@@MEAAJJJJPEAJ@Z 00000001800033f8 f i ImageScanner.obj
 0001:00002480       ?SOStatusUpdate@COPOSImageScanner@@MEAAJJ@Z 0000000180003480 f i ImageScanner.obj
 0001:000024d0       ?Lock@CAtlModule@ATL@@UEAAJXZ 00000001800034d0 f i ImageScanner.obj
 0001:000024e0       ?Unlock@CAtlModule@ATL@@UEAAJXZ 00000001800034e0 f i ImageScanner.obj
 0001:000024ec       ?GetLockCount@CAtlModule@ATL@@UEAAJXZ 00000001800034ec f i ImageScanner.obj
 0001:000024f0       ?GetGITPtr@CAtlModule@ATL@@UEAAJPEAPEAUIGlobalInterfaceTable@@@Z 00000001800034f0 f i ImageScanner.obj
 0001:00002560       ?CreateInstance@?$CComCreator@V?$CComObjectCached@VCComClassFactory@ATL@@@ATL@@@ATL@@SAJPEAXAEBU_GUID@@PEAPEAX@Z 0000000180003560 f i ImageScanner.obj
 0001:00002684       ?CreateInstance@?$CComCreator2@V?$CComCreator@V?$CComObject@VCOPOSImageScanner@@@ATL@@@ATL@@V?$CComCreator@V?$CComAggObject@VCOPOSImageScanner@@@ATL@@@2@@ATL@@SAJPEAXAEBU_GUID@@PEAPEAX@Z 0000000180003684 f i ImageScanner.obj
 0001:00002694       ?AddCommonRGSReplacements@?$CAtlModuleT@VCComModule@ATL@@@ATL@@UEAAJPEAUIRegistrarBase@@@Z 0000000180003694 f i ImageScanner.obj
 0001:000026ac       ?AddRef@?$CComObjectCached@VCComClassFactory@ATL@@@ATL@@UEAAKXZ 00000001800036ac f i ImageScanner.obj
 0001:000026d8       ?Release@?$CComObjectCached@VCComClassFactory@ATL@@@ATL@@UEAAKXZ 00000001800036d8 f i ImageScanner.obj
 0001:00002718       ?QueryInterface@?$CComObjectCached@VCComClassFactory@ATL@@@ATL@@UEAAJAEBU_GUID@@PEAPEAX@Z 0000000180003718 f i ImageScanner.obj
 0001:0000272c       ??_G?$CComObjectCached@VCComClassFactory@ATL@@@ATL@@UEAAPEAXI@Z 000000018000372c f i ImageScanner.obj
 0001:0000272c       ??_E?$CComObjectCached@VCComClassFactory@ATL@@@ATL@@UEAAPEAXI@Z 000000018000372c f i ImageScanner.obj
 0001:00002784       ?UpdateRegistryFromResourceD@CComModule@ATL@@UEAAJIHPEAU_ATL_REGMAP_ENTRY@2@@Z 0000000180003784 f i ImageScanner.obj
 0001:00002784       ?UpdateRegistryFromResourceD@CComModule@ATL@@UEAAJPEB_WHPEAU_ATL_REGMAP_ENTRY@2@@Z 0000000180003784 f i ImageScanner.obj
 0001:0000278c       ?UpdateRegistryFromResource@CComModule@ATL@@UEAAJPEB_WHPEAU_ATL_REGMAP_ENTRY@2@@Z 000000018000378c f i ImageScanner.obj
 0001:00002794       ?UpdateRegistryFromResource@CComModule@ATL@@UEAAJIHPEAU_ATL_REGMAP_ENTRY@2@@Z 0000000180003794 f i ImageScanner.obj
 0001:0000279c       ??_GCComModule@ATL@@UEAAPEAXI@Z 000000018000379c f i ImageScanner.obj
 0001:0000279c       ??_ECComModule@ATL@@UEAAPEAXI@Z 000000018000379c f i ImageScanner.obj
 0001:000027dc       ?Next@?$CComEnumImpl@UIEnumConnectionPoints@@$1?_GUID_b196b285_bab4_101a_b69c_00aa00341d07@@3U__s_GUID@@BPEAUIConnectionPoint@@V?$_CopyInterface@UIConnectionPoint@@@ATL@@@ATL@@UEAAJKPEAPEAUIConnectionPoint@@PEAK@Z 00000001800037dc f i ImageScanner.obj
 0001:000028a8       ?Skip@?$CComEnumImpl@UIEnumConnectionPoints@@$1?_GUID_b196b285_bab4_101a_b69c_00aa00341d07@@3U__s_GUID@@BPEAUIConnectionPoint@@V?$_CopyInterface@UIConnectionPoint@@@ATL@@@ATL@@UEAAJK@Z 00000001800038a8 f i ImageScanner.obj
 0001:000028d4       ?Reset@?$CComEnumImpl@UIEnumConnections@@$1?_GUID_b196b287_bab4_101a_b69c_00aa00341d07@@3U__s_GUID@@BUtagCONNECTDATA@@V?$_Copy@UtagCONNECTDATA@@@ATL@@@ATL@@UEAAJXZ 00000001800038d4 f i ImageScanner.obj
 0001:000028d4       ?Reset@?$CComEnumImpl@UIEnumConnectionPoints@@$1?_GUID_b196b285_bab4_101a_b69c_00aa00341d07@@3U__s_GUID@@BPEAUIConnectionPoint@@V?$_CopyInterface@UIConnectionPoint@@@ATL@@@ATL@@UEAAJXZ 00000001800038d4 f i ImageScanner.obj
 0001:000028e0       ?Clone@?$CComEnumImpl@UIEnumConnectionPoints@@$1?_GUID_b196b285_bab4_101a_b69c_00aa00341d07@@3U__s_GUID@@BPEAUIConnectionPoint@@V?$_CopyInterface@UIConnectionPoint@@@ATL@@@ATL@@UEAAJPEAPEAUIEnumConnectionPoints@@@Z 00000001800038e0 f i ImageScanner.obj
 0001:00002a0c       ?AddRef@?$CComObject@V?$CComEnum@UIEnumConnectionPoints@@$1?_GUID_b196b285_bab4_101a_b69c_00aa00341d07@@3U__s_GUID@@BPEAUIConnectionPoint@@V?$_CopyInterface@UIConnectionPoint@@@ATL@@VCComSingleThreadModel@6@@ATL@@@ATL@@UEAAKXZ 0000000180003a0c f i ImageScanner.obj
 0001:00002a0c       ?AddRef@?$CComObject@V?$CComEnum@UIEnumConnections@@$1?_GUID_b196b287_bab4_101a_b69c_00aa00341d07@@3U__s_GUID@@BUtagCONNECTDATA@@V?$_Copy@UtagCONNECTDATA@@@ATL@@VCComSingleThreadModel@6@@ATL@@@ATL@@UEAAKXZ 0000000180003a0c f i ImageScanner.obj
 0001:00002a18       ?Release@?$CComObject@V?$CComEnum@UIEnumConnectionPoints@@$1?_GUID_b196b285_bab4_101a_b69c_00aa00341d07@@3U__s_GUID@@BPEAUIConnectionPoint@@V?$_CopyInterface@UIConnectionPoint@@@ATL@@VCComSingleThreadModel@6@@ATL@@@ATL@@UEAAKXZ 0000000180003a18 f i ImageScanner.obj
 0001:00002a18       ?Release@?$CComObject@V?$CComEnum@UIEnumConnections@@$1?_GUID_b196b287_bab4_101a_b69c_00aa00341d07@@3U__s_GUID@@BUtagCONNECTDATA@@V?$_Copy@UtagCONNECTDATA@@@ATL@@VCComSingleThreadModel@6@@ATL@@@ATL@@UEAAKXZ 0000000180003a18 f i ImageScanner.obj
 0001:00002a6c       ?QueryInterface@?$CComObject@V?$CComEnum@UIEnumConnectionPoints@@$1?_GUID_b196b285_bab4_101a_b69c_00aa00341d07@@3U__s_GUID@@BPEAUIConnectionPoint@@V?$_CopyInterface@UIConnectionPoint@@@ATL@@VCComSingleThreadModel@6@@ATL@@@ATL@@UEAAJAEBU_GUID@@PEAPEAX@Z 0000000180003a6c f i ImageScanner.obj
 0001:00002a80       ??_G?$CComObject@V?$CComEnum@UIEnumConnectionPoints@@$1?_GUID_b196b285_bab4_101a_b69c_00aa00341d07@@3U__s_GUID@@BPEAUIConnectionPoint@@V?$_CopyInterface@UIConnectionPoint@@@ATL@@VCComSingleThreadModel@6@@ATL@@@ATL@@UEAAPEAXI@Z 0000000180003a80 f i ImageScanner.obj
 0001:00002a80       ??_E?$CComObject@V?$CComEnum@UIEnumConnectionPoints@@$1?_GUID_b196b285_bab4_101a_b69c_00aa00341d07@@3U__s_GUID@@BPEAUIConnectionPoint@@V?$_CopyInterface@UIConnectionPoint@@@ATL@@VCComSingleThreadModel@6@@ATL@@@ATL@@UEAAPEAXI@Z 0000000180003a80 f i ImageScanner.obj
 0001:00002ad8       ?AddReplacement@CRegObject@ATL@@UEAAJPEB_W0@Z 0000000180003ad8 f i ImageScanner.obj
 0001:00002b08       ?ClearReplacements@CRegObject@ATL@@UEAAJXZ 0000000180003b08 f i ImageScanner.obj
 0001:00002b14       ??_GCRegObject@ATL@@UEAAPEAXI@Z 0000000180003b14 f i ImageScanner.obj
 0001:00002b14       ??_ECRegObject@ATL@@UEAAPEAXI@Z 0000000180003b14 f i ImageScanner.obj
 0001:00002b94       ?AddRef@?$CComAggObject@VCOPOSImageScanner@@@ATL@@UEAAKXZ 0000000180003b94 f i ImageScanner.obj
 0001:00002ba0       ?Release@?$CComAggObject@VCOPOSImageScanner@@@ATL@@UEAAKXZ 0000000180003ba0 f i ImageScanner.obj
 0001:00002bf4       ?QueryInterface@?$CComAggObject@VCOPOSImageScanner@@@ATL@@UEAAJAEBU_GUID@@PEAPEAX@Z 0000000180003bf4 f i ImageScanner.obj
 0001:00002c54       ?AddRef@?$CComContainedObject@VCOPOSImageScanner@@@ATL@@UEAAKXZ 0000000180003c54 f i ImageScanner.obj
 0001:00002c64       ?Release@?$CComContainedObject@VCOPOSImageScanner@@@ATL@@UEAAKXZ 0000000180003c64 f i ImageScanner.obj
 0001:00002c74       ?QueryInterface@?$CComContainedObject@VCOPOSImageScanner@@@ATL@@UEAAJAEBU_GUID@@PEAPEAX@Z 0000000180003c74 f i ImageScanner.obj
 0001:00002c84       ??_E?$CComAggObject@VCOPOSImageScanner@@@ATL@@UEAAPEAXI@Z 0000000180003c84 f i ImageScanner.obj
 0001:00002c84       ??_G?$CComAggObject@VCOPOSImageScanner@@@ATL@@UEAAPEAXI@Z 0000000180003c84 f i ImageScanner.obj
 0001:00002cdc       ?AddRef@?$CComObject@VCOPOSImageScanner@@@ATL@@UEAAKXZ 0000000180003cdc f i ImageScanner.obj
 0001:00002cec       ?Release@?$CComObject@VCOPOSImageScanner@@@ATL@@UEAAKXZ 0000000180003cec f i ImageScanner.obj
 0001:00002d44       ?QueryInterface@?$CComObject@VCOPOSImageScanner@@@ATL@@UEAAJAEBU_GUID@@PEAPEAX@Z 0000000180003d44 f i ImageScanner.obj
 0001:00002d58       ?OnDrawAdvanced@CComControlBase@ATL@@UEAAJAEAUATL_DRAWINFO@@@Z 0000000180003d58 f i ImageScanner.obj
 0001:00002ee4       ?Next@?$CComEnumImpl@UIEnumConnections@@$1?_GUID_b196b287_bab4_101a_b69c_00aa00341d07@@3U__s_GUID@@BUtagCONNECTDATA@@V?$_Copy@UtagCONNECTDATA@@@ATL@@@ATL@@UEAAJKPEAUtagCONNECTDATA@@PEAK@Z 0000000180003ee4 f i ImageScanner.obj
 0001:00002fb8       ?Skip@?$CComEnumImpl@UIEnumConnections@@$1?_GUID_b196b287_bab4_101a_b69c_00aa00341d07@@3U__s_GUID@@BUtagCONNECTDATA@@V?$_Copy@UtagCONNECTDATA@@@ATL@@@ATL@@UEAAJK@Z 0000000180003fb8 f i ImageScanner.obj
 0001:00002fe4       ?Clone@?$CComEnumImpl@UIEnumConnections@@$1?_GUID_b196b287_bab4_101a_b69c_00aa00341d07@@3U__s_GUID@@BUtagCONNECTDATA@@V?$_Copy@UtagCONNECTDATA@@@ATL@@@ATL@@UEAAJPEAPEAUIEnumConnections@@@Z 0000000180003fe4 f i ImageScanner.obj
 0001:00003110       ?QueryInterface@?$CComObject@V?$CComEnum@UIEnumConnections@@$1?_GUID_b196b287_bab4_101a_b69c_00aa00341d07@@3U__s_GUID@@BUtagCONNECTDATA@@V?$_Copy@UtagCONNECTDATA@@@ATL@@VCComSingleThreadModel@6@@ATL@@@ATL@@UEAAJAEBU_GUID@@PEAPEAX@Z 0000000180004110 f i ImageScanner.obj
 0001:00003124       ??_E?$CComObject@V?$CComEnum@UIEnumConnections@@$1?_GUID_b196b287_bab4_101a_b69c_00aa00341d07@@3U__s_GUID@@BUtagCONNECTDATA@@V?$_Copy@UtagCONNECTDATA@@@ATL@@VCComSingleThreadModel@6@@ATL@@@ATL@@UEAAPEAXI@Z 0000000180004124 f i ImageScanner.obj
 0001:00003124       ??_G?$CComObject@V?$CComEnum@UIEnumConnections@@$1?_GUID_b196b287_bab4_101a_b69c_00aa00341d07@@3U__s_GUID@@BUtagCONNECTDATA@@V?$_Copy@UtagCONNECTDATA@@@ATL@@VCComSingleThreadModel@6@@ATL@@@ATL@@UEAAPEAXI@Z 0000000180004124 f i ImageScanner.obj
 0001:0000317c       ??_E?$CComObject@VCOPOSImageScanner@@@ATL@@W7EAAPEAXI@Z 000000018000417c f i ImageScanner.obj
 0001:00003188       ??_E?$CComObject@VCOPOSImageScanner@@@ATL@@WHA@EAAPEAXI@Z 0000000180004188 f i ImageScanner.obj
 0001:00003194       ?QueryInterface@?$CComObject@VCOPOSImageScanner@@@ATL@@WLI@EAAJAEBU_GUID@@PEAPEAX@Z 0000000180004194 f i ImageScanner.obj
 0001:000031a0       ?AddRef@?$CComObject@VCOPOSImageScanner@@@ATL@@WLI@EAAKXZ 00000001800041a0 f i ImageScanner.obj
 0001:000031ac       ?Release@?$CComObject@VCOPOSImageScanner@@@ATL@@WLI@EAAKXZ 00000001800041ac f i ImageScanner.obj
 0001:000031b8       ?QueryInterface@?$CComObject@VCOPOSImageScanner@@@ATL@@WMA@EAAJAEBU_GUID@@PEAPEAX@Z 00000001800041b8 f i ImageScanner.obj
 0001:000031c4       ?AddRef@?$CComObject@VCOPOSImageScanner@@@ATL@@WMA@EAAKXZ 00000001800041c4 f i ImageScanner.obj
 0001:000031d0       ?Release@?$CComObject@VCOPOSImageScanner@@@ATL@@WMA@EAAKXZ 00000001800041d0 f i ImageScanner.obj
 0001:000031dc       ?QueryInterface@?$CComObject@VCOPOSImageScanner@@@ATL@@WMI@EAAJAEBU_GUID@@PEAPEAX@Z 00000001800041dc f i ImageScanner.obj
 0001:000031e8       ?AddRef@?$CComObject@VCOPOSImageScanner@@@ATL@@WMI@EAAKXZ 00000001800041e8 f i ImageScanner.obj
 0001:000031f4       ?Release@?$CComObject@VCOPOSImageScanner@@@ATL@@WMI@EAAKXZ 00000001800041f4 f i ImageScanner.obj
 0001:00003200       ?QueryInterface@?$CComObject@VCOPOSImageScanner@@@ATL@@WNA@EAAJAEBU_GUID@@PEAPEAX@Z 0000000180004200 f i ImageScanner.obj
 0001:0000320c       ?AddRef@?$CComObject@VCOPOSImageScanner@@@ATL@@WNA@EAAKXZ 000000018000420c f i ImageScanner.obj
 0001:00003218       ?Release@?$CComObject@VCOPOSImageScanner@@@ATL@@WNA@EAAKXZ 0000000180004218 f i ImageScanner.obj
 0001:00003224       ?QueryInterface@?$CComObject@VCOPOSImageScanner@@@ATL@@WNI@EAAJAEBU_GUID@@PEAPEAX@Z 0000000180004224 f i ImageScanner.obj
 0001:00003230       ?AddRef@?$CComObject@VCOPOSImageScanner@@@ATL@@WNI@EAAKXZ 0000000180004230 f i ImageScanner.obj
 0001:0000323c       ?Release@?$CComObject@VCOPOSImageScanner@@@ATL@@WNI@EAAKXZ 000000018000423c f i ImageScanner.obj
 0001:00003248       ?QueryInterface@?$CComObject@VCOPOSImageScanner@@@ATL@@WOA@EAAJAEBU_GUID@@PEAPEAX@Z 0000000180004248 f i ImageScanner.obj
 0001:00003254       ?AddRef@?$CComObject@VCOPOSImageScanner@@@ATL@@WOA@EAAKXZ 0000000180004254 f i ImageScanner.obj
 0001:00003260       ?Release@?$CComObject@VCOPOSImageScanner@@@ATL@@WOA@EAAKXZ 0000000180004260 f i ImageScanner.obj
 0001:0000326c       ?QueryInterface@?$CComObject@VCOPOSImageScanner@@@ATL@@WOI@EAAJAEBU_GUID@@PEAPEAX@Z 000000018000426c f i ImageScanner.obj
 0001:00003278       ?AddRef@?$CComObject@VCOPOSImageScanner@@@ATL@@WOI@EAAKXZ 0000000180004278 f i ImageScanner.obj
 0001:00003284       ?Release@?$CComObject@VCOPOSImageScanner@@@ATL@@WOI@EAAKXZ 0000000180004284 f i ImageScanner.obj
 0001:00003290       ?QueryInterface@?$CComObject@VCOPOSImageScanner@@@ATL@@WPA@EAAJAEBU_GUID@@PEAPEAX@Z 0000000180004290 f i ImageScanner.obj
 0001:0000329c       ?AddRef@?$CComObject@VCOPOSImageScanner@@@ATL@@WPA@EAAKXZ 000000018000429c f i ImageScanner.obj
 0001:000032a8       ?Release@?$CComObject@VCOPOSImageScanner@@@ATL@@WPA@EAAKXZ 00000001800042a8 f i ImageScanner.obj
 0001:000032b4       ?QueryInterface@?$CComObject@VCOPOSImageScanner@@@ATL@@WPI@EAAJAEBU_GUID@@PEAPEAX@Z 00000001800042b4 f i ImageScanner.obj
 0001:000032c0       ?AddRef@?$CComObject@VCOPOSImageScanner@@@ATL@@WPI@EAAKXZ 00000001800042c0 f i ImageScanner.obj
 0001:000032cc       ?Release@?$CComObject@VCOPOSImageScanner@@@ATL@@WPI@EAAKXZ 00000001800042cc f i ImageScanner.obj
 0001:000032d8       ?QueryInterface@?$CComObject@VCOPOSImageScanner@@@ATL@@WBAA@EAAJAEBU_GUID@@PEAPEAX@Z 00000001800042d8 f i ImageScanner.obj
 0001:000032e4       ?AddRef@?$CComObject@VCOPOSImageScanner@@@ATL@@WBAA@EAAKXZ 00000001800042e4 f i ImageScanner.obj
 0001:000032f0       ?Release@?$CComObject@VCOPOSImageScanner@@@ATL@@WBAA@EAAKXZ 00000001800042f0 f i ImageScanner.obj
 0001:000032fc       ?QueryInterface@?$CComObject@VCOPOSImageScanner@@@ATL@@WBAI@EAAJAEBU_GUID@@PEAPEAX@Z 00000001800042fc f i ImageScanner.obj
 0001:00003308       ?AddRef@?$CComObject@VCOPOSImageScanner@@@ATL@@WBAI@EAAKXZ 0000000180004308 f i ImageScanner.obj
 0001:00003314       ?Release@?$CComObject@VCOPOSImageScanner@@@ATL@@WBAI@EAAKXZ 0000000180004314 f i ImageScanner.obj
 0001:00003320       ?QueryInterface@?$CComObject@VCOPOSImageScanner@@@ATL@@WBBA@EAAJAEBU_GUID@@PEAPEAX@Z 0000000180004320 f i ImageScanner.obj
 0001:0000332c       ?AddRef@?$CComObject@VCOPOSImageScanner@@@ATL@@WBBA@EAAKXZ 000000018000432c f i ImageScanner.obj
 0001:00003338       ?Release@?$CComObject@VCOPOSImageScanner@@@ATL@@WBBA@EAAKXZ 0000000180004338 f i ImageScanner.obj
 0001:00003344       ?QueryInterface@?$CComObject@VCOPOSImageScanner@@@ATL@@WBBI@EAAJAEBU_GUID@@PEAPEAX@Z 0000000180004344 f i ImageScanner.obj
 0001:00003350       ?AddRef@?$CComObject@VCOPOSImageScanner@@@ATL@@WBBI@EAAKXZ 0000000180004350 f i ImageScanner.obj
 0001:0000335c       ?Release@?$CComObject@VCOPOSImageScanner@@@ATL@@WBBI@EAAKXZ 000000018000435c f i ImageScanner.obj
 0001:00003368       ?AddRef@?$CComObject@VCOPOSImageScanner@@@ATL@@WBCI@EAAKXZ 0000000180004368 f i ImageScanner.obj
 0001:00003374       ?Release@?$CComObject@VCOPOSImageScanner@@@ATL@@WBCI@EAAKXZ 0000000180004374 f i ImageScanner.obj
 0001:00003380       ?AddRef@?$CComObject@VCOPOSImageScanner@@@ATL@@WBEA@EAAKXZ 0000000180004380 f i ImageScanner.obj
 0001:0000338c       ?Release@?$CComObject@VCOPOSImageScanner@@@ATL@@WBEA@EAAKXZ 000000018000438c f i ImageScanner.obj
 0001:00003398       ??_E?$CComContainedObject@VCOPOSImageScanner@@@ATL@@W7EAAPEAXI@Z 0000000180004398 f i ImageScanner.obj
 0001:000033a4       ??_E?$CComContainedObject@VCOPOSImageScanner@@@ATL@@WHA@EAAPEAXI@Z 00000001800043a4 f i ImageScanner.obj
 0001:000033b0       ?QueryInterface@?$CComContainedObject@VCOPOSImageScanner@@@ATL@@WLI@EAAJAEBU_GUID@@PEAPEAX@Z 00000001800043b0 f i ImageScanner.obj
 0001:000033bc       ?AddRef@?$CComContainedObject@VCOPOSImageScanner@@@ATL@@WLI@EAAKXZ 00000001800043bc f i ImageScanner.obj
 0001:000033c8       ?Release@?$CComContainedObject@VCOPOSImageScanner@@@ATL@@WLI@EAAKXZ 00000001800043c8 f i ImageScanner.obj
 0001:000033d4       ?QueryInterface@?$CComContainedObject@VCOPOSImageScanner@@@ATL@@WMA@EAAJAEBU_GUID@@PEAPEAX@Z 00000001800043d4 f i ImageScanner.obj
 0001:000033e0       ?AddRef@?$CComContainedObject@VCOPOSImageScanner@@@ATL@@WMA@EAAKXZ 00000001800043e0 f i ImageScanner.obj
 0001:000033ec       ?Release@?$CComContainedObject@VCOPOSImageScanner@@@ATL@@WMA@EAAKXZ 00000001800043ec f i ImageScanner.obj
 0001:000033f8       ?QueryInterface@?$CComContainedObject@VCOPOSImageScanner@@@ATL@@WMI@EAAJAEBU_GUID@@PEAPEAX@Z 00000001800043f8 f i ImageScanner.obj
 0001:00003404       ?AddRef@?$CComContainedObject@VCOPOSImageScanner@@@ATL@@WMI@EAAKXZ 0000000180004404 f i ImageScanner.obj
 0001:00003410       ?Release@?$CComContainedObject@VCOPOSImageScanner@@@ATL@@WMI@EAAKXZ 0000000180004410 f i ImageScanner.obj
 0001:0000341c       ?QueryInterface@?$CComContainedObject@VCOPOSImageScanner@@@ATL@@WNA@EAAJAEBU_GUID@@PEAPEAX@Z 000000018000441c f i ImageScanner.obj
 0001:00003428       ?AddRef@?$CComContainedObject@VCOPOSImageScanner@@@ATL@@WNA@EAAKXZ 0000000180004428 f i ImageScanner.obj
 0001:00003434       ?Release@?$CComContainedObject@VCOPOSImageScanner@@@ATL@@WNA@EAAKXZ 0000000180004434 f i ImageScanner.obj
 0001:00003440       ?QueryInterface@?$CComContainedObject@VCOPOSImageScanner@@@ATL@@WNI@EAAJAEBU_GUID@@PEAPEAX@Z 0000000180004440 f i ImageScanner.obj
 0001:0000344c       ?AddRef@?$CComContainedObject@VCOPOSImageScanner@@@ATL@@WNI@EAAKXZ 000000018000444c f i ImageScanner.obj
 0001:00003458       ?Release@?$CComContainedObject@VCOPOSImageScanner@@@ATL@@WNI@EAAKXZ 0000000180004458 f i ImageScanner.obj
 0001:00003464       ?QueryInterface@?$CComContainedObject@VCOPOSImageScanner@@@ATL@@WOA@EAAJAEBU_GUID@@PEAPEAX@Z 0000000180004464 f i ImageScanner.obj
 0001:00003470       ?AddRef@?$CComContainedObject@VCOPOSImageScanner@@@ATL@@WOA@EAAKXZ 0000000180004470 f i ImageScanner.obj
 0001:0000347c       ?Release@?$CComContainedObject@VCOPOSImageScanner@@@ATL@@WOA@EAAKXZ 000000018000447c f i ImageScanner.obj
 0001:00003488       ?QueryInterface@?$CComContainedObject@VCOPOSImageScanner@@@ATL@@WOI@EAAJAEBU_GUID@@PEAPEAX@Z 0000000180004488 f i ImageScanner.obj
 0001:00003494       ?AddRef@?$CComContainedObject@VCOPOSImageScanner@@@ATL@@WOI@EAAKXZ 0000000180004494 f i ImageScanner.obj
 0001:000034a0       ?Release@?$CComContainedObject@VCOPOSImageScanner@@@ATL@@WOI@EAAKXZ 00000001800044a0 f i ImageScanner.obj
 0001:000034ac       ?QueryInterface@?$CComContainedObject@VCOPOSImageScanner@@@ATL@@WPA@EAAJAEBU_GUID@@PEAPEAX@Z 00000001800044ac f i ImageScanner.obj
 0001:000034b8       ?AddRef@?$CComContainedObject@VCOPOSImageScanner@@@ATL@@WPA@EAAKXZ 00000001800044b8 f i ImageScanner.obj
 0001:000034c4       ?Release@?$CComContainedObject@VCOPOSImageScanner@@@ATL@@WPA@EAAKXZ 00000001800044c4 f i ImageScanner.obj
 0001:000034d0       ?QueryInterface@?$CComContainedObject@VCOPOSImageScanner@@@ATL@@WPI@EAAJAEBU_GUID@@PEAPEAX@Z 00000001800044d0 f i ImageScanner.obj
 0001:000034dc       ?AddRef@?$CComContainedObject@VCOPOSImageScanner@@@ATL@@WPI@EAAKXZ 00000001800044dc f i ImageScanner.obj
 0001:000034e8       ?Release@?$CComContainedObject@VCOPOSImageScanner@@@ATL@@WPI@EAAKXZ 00000001800044e8 f i ImageScanner.obj
 0001:000034f4       ?QueryInterface@?$CComContainedObject@VCOPOSImageScanner@@@ATL@@WBAA@EAAJAEBU_GUID@@PEAPEAX@Z 00000001800044f4 f i ImageScanner.obj
 0001:00003500       ?AddRef@?$CComContainedObject@VCOPOSImageScanner@@@ATL@@WBAA@EAAKXZ 0000000180004500 f i ImageScanner.obj
 0001:0000350c       ?Release@?$CComContainedObject@VCOPOSImageScanner@@@ATL@@WBAA@EAAKXZ 000000018000450c f i ImageScanner.obj
 0001:00003518       ?QueryInterface@?$CComContainedObject@VCOPOSImageScanner@@@ATL@@WBAI@EAAJAEBU_GUID@@PEAPEAX@Z 0000000180004518 f i ImageScanner.obj
 0001:00003524       ?AddRef@?$CComContainedObject@VCOPOSImageScanner@@@ATL@@WBAI@EAAKXZ 0000000180004524 f i ImageScanner.obj
 0001:00003530       ?Release@?$CComContainedObject@VCOPOSImageScanner@@@ATL@@WBAI@EAAKXZ 0000000180004530 f i ImageScanner.obj
 0001:0000353c       ?QueryInterface@?$CComContainedObject@VCOPOSImageScanner@@@ATL@@WBBA@EAAJAEBU_GUID@@PEAPEAX@Z 000000018000453c f i ImageScanner.obj
 0001:00003548       ?AddRef@?$CComContainedObject@VCOPOSImageScanner@@@ATL@@WBBA@EAAKXZ 0000000180004548 f i ImageScanner.obj
 0001:00003554       ?Release@?$CComContainedObject@VCOPOSImageScanner@@@ATL@@WBBA@EAAKXZ 0000000180004554 f i ImageScanner.obj
 0001:00003560       ?QueryInterface@?$CComContainedObject@VCOPOSImageScanner@@@ATL@@WBBI@EAAJAEBU_GUID@@PEAPEAX@Z 0000000180004560 f i ImageScanner.obj
 0001:0000356c       ?AddRef@?$CComContainedObject@VCOPOSImageScanner@@@ATL@@WBBI@EAAKXZ 000000018000456c f i ImageScanner.obj
 0001:00003578       ?Release@?$CComContainedObject@VCOPOSImageScanner@@@ATL@@WBBI@EAAKXZ 0000000180004578 f i ImageScanner.obj
 0001:00003584       ?AddRef@?$CComContainedObject@VCOPOSImageScanner@@@ATL@@WBCI@EAAKXZ 0000000180004584 f i ImageScanner.obj
 0001:00003590       ?Release@?$CComContainedObject@VCOPOSImageScanner@@@ATL@@WBCI@EAAKXZ 0000000180004590 f i ImageScanner.obj
 0001:0000359c       ?AddRef@?$CComContainedObject@VCOPOSImageScanner@@@ATL@@WBEA@EAAKXZ 000000018000459c f i ImageScanner.obj
 0001:000035a8       ?Release@?$CComContainedObject@VCOPOSImageScanner@@@ATL@@WBEA@EAAKXZ 00000001800045a8 f i ImageScanner.obj
 0001:000035b4       ?CreateInstance@CComClassFactory@ATL@@UEAAJPEAUIUnknown@@AEBU_GUID@@PEAPEAX@Z 00000001800045b4 f i ImageScanner.obj
 0001:00003614       ?LockServer@CComClassFactory@ATL@@UEAAJH@Z 0000000180004614 f i ImageScanner.obj
 0001:00003638       ??_GCComClassFactory@ATL@@UEAAPEAXI@Z 0000000180004638 f i ImageScanner.obj
 0001:00003638       ??_ECComClassFactory@ATL@@UEAAPEAXI@Z 0000000180004638 f i ImageScanner.obj
 0001:00003688       ??$AtlModuleRegisterWndClassInfoT@VAtlModuleRegisterWndClassInfoParamW@ATL@@@ATL@@YAGPEAU_ATL_BASE_MODULE70@0@PEAU_ATL_WIN_MODULE70@0@PEAU_ATL_WNDCLASSINFOW@0@PEAP6A_JPEAUHWND__@@I_K_J@ZVAtlModuleRegisterWndClassInfoParamW@0@@Z 0000000180004688 f i ImageScanner.obj
 0001:00003888       ??0?$CComContainedObject@VCOPOSImageScanner@@@ATL@@QEAA@PEAX@Z 0000000180004888 f i ImageScanner.obj
 0001:000039a4       ??0?$CComObject@VCOPOSImageScanner@@@ATL@@QEAA@PEAX@Z 00000001800049a4 f i ImageScanner.obj
 0001:00003abc       ??0CAtlModule@ATL@@QEAA@XZ 0000000180004abc f i ImageScanner.obj
 0001:00003b30       ??1?$CComEnumImpl@UIEnumConnectionPoints@@$1?_GUID_b196b285_bab4_101a_b69c_00aa00341d07@@3U__s_GUID@@BPEAUIConnectionPoint@@V?$_CopyInterface@UIConnectionPoint@@@ATL@@@ATL@@UEAA@XZ 0000000180004b30 f i ImageScanner.obj
 0001:00003b8c       ??1?$CComEnumImpl@UIEnumConnections@@$1?_GUID_b196b287_bab4_101a_b69c_00aa00341d07@@3U__s_GUID@@BUtagCONNECTDATA@@V?$_Copy@UtagCONNECTDATA@@@ATL@@@ATL@@UEAA@XZ 0000000180004b8c f i ImageScanner.obj
 0001:00003be8       ??1?$CComObject@VCOPOSImageScanner@@@ATL@@UEAA@XZ 0000000180004be8 f i ImageScanner.obj
 0001:00003d08       ??_E?$CComContainedObject@VCOPOSImageScanner@@@ATL@@UEAAPEAXI@Z 0000000180004d08 f i ImageScanner.obj
 0001:00003d08       ??_G?$CComContainedObject@VCOPOSImageScanner@@@ATL@@UEAAPEAXI@Z 0000000180004d08 f i ImageScanner.obj
 0001:00003d3c       ??_E?$CComObject@VCOPOSImageScanner@@@ATL@@UEAAPEAXI@Z 0000000180004d3c f i ImageScanner.obj
 0001:00003d3c       ??_G?$CComObject@VCOPOSImageScanner@@@ATL@@UEAAPEAXI@Z 0000000180004d3c f i ImageScanner.obj
 0001:00003d70       ?Add@?$CSimpleArray@GV?$CSimpleArrayEqualHelper@G@ATL@@@ATL@@QEAAHAEBG@Z 0000000180004d70 f i ImageScanner.obj
 0001:00003e24       ?Add@?$CSimpleMap@PEA_WPEA_WVCExpansionVectorEqualHelper@ATL@@@ATL@@QEAAHAEBQEA_W0@Z 0000000180004e24 f i ImageScanner.obj
 0001:00003ec4       ?Add@CComDynamicUnkArray@ATL@@QEAAKPEAUIUnknown@@@Z 0000000180004ec4 f i ImageScanner.obj
 0001:00003fb0       ?Add@CExpansionVector@ATL@@QEAAHPEB_W0@Z 0000000180004fb0 f i ImageScanner.obj
 0001:000040e4       ?AddTermFunc@CAtlModule@ATL@@QEAAJP6AX_K@Z0@Z 00000001800050e4 f i ImageScanner.obj
 0001:00004180       ?AddValue@CRegParser@ATL@@IEAAJAEAVCRegKey@2@PEB_WPEA_W@Z 0000000180005180 f i ImageScanner.obj
 0001:000045c8       ?AllocateHeap@?$CTempBuffer@E$0BAA@VCCRTAllocator@ATL@@@ATL@@AEAAX_K@Z 00000001800055c8 f i ImageScanner.obj
 0001:000045c8       ?AllocateHeap@?$CTempBuffer@_W$0EAA@VCCRTAllocator@ATL@@@ATL@@AEAAX_K@Z 00000001800055c8 f i ImageScanner.obj
 0001:000045c8       ?AllocateHeap@?$CTempBuffer@_W$0BAA@VCCRTAllocator@ATL@@@ATL@@AEAAX_K@Z 00000001800055c8 f i ImageScanner.obj
 0001:000045f4       ?Append@CParseBuffer@CRegParser@ATL@@QEAAHPEB_WH@Z 00000001800055f4 f i ImageScanner.obj
 0001:0000473c       ?AtlComModuleGetClassObject@ATL@@YAJPEAU_ATL_COM_MODULE70@1@AEBU_GUID@@1PEAPEAX@Z 000000018000573c f i ImageScanner.obj
 0001:0000487c       ?AtlComModuleRegisterServer@ATL@@YAJPEAU_ATL_COM_MODULE70@1@HPEBU_GUID@@@Z 000000018000587c f i ImageScanner.obj
 0001:0000493c       ?AtlComModuleUnregisterServer@ATL@@YAJPEAU_ATL_COM_MODULE70@1@HPEBU_GUID@@@Z 000000018000593c f i ImageScanner.obj
 0001:000049f8       ?AtlHiMetricToPixel@ATL@@YAXPEBUtagSIZE@@PEAU2@@Z 00000001800059f8 f i ImageScanner.obj
 0001:00004aa8       ?AtlHresultFromLastError@ATL@@YAJXZ 0000000180005aa8 f i ImageScanner.obj
 0001:00004ac8       ?AtlHresultFromWin32@ATL@@YAJK@Z 0000000180005ac8 f i ImageScanner.obj
 0001:00004ad8       ?AtlInternalOleLoadFromStream@ATL@@YAJPEAUIStream@@AEBU_GUID@@PEAPEAXTClassesAllowedInStream@1@K@Z 0000000180005ad8 f i ImageScanner.obj
 0001:00004c1c       ?AtlInternalQueryInterface@ATL@@YAJPEAXPEBU_ATL_INTMAP_ENTRY@1@AEBU_GUID@@PEAPEAX@Z 0000000180005c1c f i ImageScanner.obj
 0001:00004d24       ?AtlLoadTypeLib@ATL@@YAJPEAUHINSTANCE__@@PEB_WPEAPEA_WPEAPEAUITypeLib@@@Z 0000000180005d24 f i ImageScanner.obj
 0001:00004f80       ?AtlRegisterClassCategoriesHelper@ATL@@YAJAEBU_GUID@@PEBU_ATL_CATMAP_ENTRY@1@H@Z 0000000180005f80 f i ImageScanner.obj
 0001:00005404       ?AtlRegisterTypeLib@ATL@@YAJPEAUHINSTANCE__@@PEB_W@Z 0000000180006404 f i ImageScanner.obj
 0001:00005600       ?AtlThrowImpl@ATL@@YAXJ@Z  0000000180006600 f i ImageScanner.obj
 0001:00005624       ?AtlUnRegisterTypeLib@ATL@@YAJPEAUHINSTANCE__@@PEB_W@Z 0000000180006624 f i ImageScanner.obj
 0001:000056ec       ?AtlWinModuleExtractCreateWndData@ATL@@YAPEAXPEAU_ATL_WIN_MODULE70@1@@Z 00000001800066ec f i ImageScanner.obj
 0001:00005778       ?Cleanup@CComTypeInfoHolder@ATL@@SAX_K@Z 0000000180006778 f i ImageScanner.obj
 0001:000057b8       ?ClearReplacements@CExpansionVector@ATL@@QEAAJXZ 00000001800067b8 f i ImageScanner.obj
 0001:00005854       ?CreateInstance@?$CComCreator@V?$CComAggObject@VCOPOSImageScanner@@@ATL@@@ATL@@SAJPEAXAEBU_GUID@@PEAPEAX@Z 0000000180006854 f i ImageScanner.obj
 0001:00005938       ?CreateInstance@?$CComCreator@V?$CComObject@VCOPOSImageScanner@@@ATL@@@ATL@@SAJPEAXAEBU_GUID@@PEAPEAX@Z 0000000180006938 f i ImageScanner.obj
 0001:000059ec       ?CreateInstance@?$CComObject@V?$CComEnum@UIEnumConnectionPoints@@$1?_GUID_b196b285_bab4_101a_b69c_00aa00341d07@@3U__s_GUID@@BPEAUIConnectionPoint@@V?$_CopyInterface@UIConnectionPoint@@@ATL@@VCComSingleThreadModel@6@@ATL@@@ATL@@SAJPEAPEAV12@@Z 00000001800069ec f i ImageScanner.obj
 0001:00005a7c       ?CreateInstance@?$CComObject@V?$CComEnum@UIEnumConnections@@$1?_GUID_b196b287_bab4_101a_b69c_00aa00341d07@@3U__s_GUID@@BUtagCONNECTDATA@@V?$_Copy@UtagCONNECTDATA@@@ATL@@VCComSingleThreadModel@6@@ATL@@@ATL@@SAJPEAPEAV12@@Z 0000000180006a7c f i ImageScanner.obj
 0001:00005b0c       ?DefaultReflectionHandler@?$CWindowImplRoot@VCWindow@ATL@@@ATL@@SAHPEAUHWND__@@I_K_JAEA_J@Z 0000000180006b0c f i ImageScanner.obj
 0001:00005b70       ?DeleteSubKey@CRegKey@ATL@@QEAAJPEB_W@Z 0000000180006b70 f i ImageScanner.obj
 0001:00005c08       ?DoEvent@COPOSImageScanner@@IEAAXI_K_J@Z 0000000180006c08 f i ImageScanner.obj
 0001:00005cbc       ?DoVerbPrimary@?$IOleObjectImpl@VCOPOSImageScanner@@@ATL@@QEAAJPEBUtagRECT@@PEAUHWND__@@@Z 0000000180006cbc f i ImageScanner.obj
 0001:00005de8       ?DoVerbProperties@CComControlBase@ATL@@QEAAJPEBUtagRECT@@PEAUHWND__@@@Z 0000000180006de8 f i ImageScanner.obj
 0001:00006010       ?FireTheEvent@?$CProxy_IOPOSEvents@VCOPOSImageScanner@@@@IEAAXPEAVOposVariant@@IAEAJPEB_WJ@Z 0000000180007010 f i ImageScanner.obj
 0001:000060fc       ?FireViewChange@CComControlBase@ATL@@QEAAJXZ 00000001800070fc f i ImageScanner.obj
 0001:00006160       ?Fire_DataEvent@?$CProxy_IOPOSEvents@VCOPOSImageScanner@@@@QEAAXJ@Z 0000000180007160 f i ImageScanner.obj
 0001:0000624c       ?Fire_DirectIOEvent@?$CProxy_IOPOSEvents@VCOPOSImageScanner@@@@QEAAXJPEAJPEAPEA_W@Z 000000018000724c f i ImageScanner.obj
 0001:000063ac       ?Fire_ErrorEvent@?$CProxy_IOPOSEvents@VCOPOSImageScanner@@@@QEAAXJJJPEAJ@Z 00000001800073ac f i ImageScanner.obj
 0001:00006520       ?Fire_StatusUpdateEvent@?$CProxy_IOPOSEvents@VCOPOSImageScanner@@@@QEAAXJ@Z 0000000180007520 f i ImageScanner.obj
 0001:0000660c       ?FreeHeap@?$CTempBuffer@_W$0EAA@VCCRTAllocator@ATL@@@ATL@@AEAAXXZ 000000018000760c f i ImageScanner.obj
 0001:0000660c       ?FreeHeap@?$CTempBuffer@E$0BAA@VCCRTAllocator@ATL@@@ATL@@AEAAXXZ 000000018000760c f i ImageScanner.obj
 0001:0000660c       ?FreeHeap@?$CTempBuffer@_W$0BAA@VCCRTAllocator@ATL@@@ATL@@AEAAXXZ 000000018000760c f i ImageScanner.obj
 0001:00006614       ?GetAmbientLocaleID@CComControlBase@ATL@@QEAAJAEAK@Z 0000000180007614 f i ImageScanner.obj
 0001:000066d4       ?GetAmbientUserMode@CComControlBase@ATL@@QEAAJAEAH@Z 00000001800076d4 f i ImageScanner.obj
 0001:000067a4       ?GetClassObject@CComModule@ATL@@QEAAJAEBU_GUID@@0PEAPEAX@Z 00000001800077a4 f i ImageScanner.obj
 0001:00006898       ?GetConnMap@COPOSImageScanner@@SAPEBU_ATL_CONNMAP_ENTRY@ATL@@PEAH@Z 0000000180007898 f i ImageScanner.obj
 0001:00006920       ?GetIDsOfNames@CComTypeInfoHolder@ATL@@QEAAJAEBU_GUID@@PEAPEA_WIKPEAJ@Z 0000000180007920 f i ImageScanner.obj
 0001:00006a98       ?GetPagesHelper@?$ISpecifyPropertyPagesImpl@VCOPOSImageScanner@@@ATL@@IEAAJPEAUtagCAUUID@@PEBUATL_PROPMAP_ENTRY@2@@Z 0000000180007a98 f i ImageScanner.obj
 0001:00006c38       ?GetSizeMax@CComVariant@ATL@@QEBAJPEAT_ULARGE_INTEGER@@@Z 0000000180007c38 f i ImageScanner.obj
 0001:00006e68       ?GetTI@CComTypeInfoHolder@ATL@@QEAAJK@Z 0000000180007e68 f i ImageScanner.obj
 0001:00007150       ?GetZoomInfo@CComControlBase@ATL@@QEAAXAEAUATL_DRAWINFO@@@Z 0000000180008150 f i ImageScanner.obj
 0001:000071f4       ?HKeyFromString@CRegParser@ATL@@KAPEAUHKEY__@@PEA_W@Z 00000001800081f4 f i ImageScanner.obj
 0001:00007258       ?IDataObject_GetData@CComControlBase@ATL@@QEAAJPEAUtagFORMATETC@@PEAUtagSTGMEDIUM@@@Z 0000000180008258 f i ImageScanner.obj
 0001:0000744c       ?IOleInPlaceObject_InPlaceDeactivate@CComControlBase@ATL@@QEAAJXZ 000000018000844c f i ImageScanner.obj
 0001:000074ec       ?IOleInPlaceObject_SetObjectRects@CComControlBase@ATL@@QEAAJPEBUtagRECT@@0@Z 00000001800084ec f i ImageScanner.obj
 0001:000075dc       ?IOleInPlaceObject_UIDeactivate@CComControlBase@ATL@@QEAAJXZ 00000001800085dc f i ImageScanner.obj
 0001:000076e8       ?IOleObject_Close@CComControlBase@ATL@@QEAAJK@Z 00000001800086e8 f i ImageScanner.obj
 0001:00007800       ?IOleObject_SetClientSite@CComControlBase@ATL@@QEAAJPEAUIOleClientSite@@@Z 0000000180008800 f i ImageScanner.obj
 0001:00007878       ?IOleObject_SetExtent@CComControlBase@ATL@@QEAAJKPEAUtagSIZE@@@Z 0000000180008878 f i ImageScanner.obj
 0001:00007910       ?IPSI_GetIPersistStreamInit@?$IPersistStorageImpl@VCOPOSImageScanner@@@ATL@@AEAAPEAUIPersistStreamInit@@XZ 0000000180008910 f i ImageScanner.obj
 0001:000079f8       ?IPersistStreamInit_Load@?$IPersistStreamInitImpl@VCOPOSImageScanner@@@ATL@@QEAAJPEAUIStream@@PEBUATL_PROPMAP_ENTRY@2@@Z 00000001800089f8 f i ImageScanner.obj
 0001:00007d24       ?IPersistStreamInit_Save@?$IPersistStreamInitImpl@VCOPOSImageScanner@@@ATL@@QEAAJPEAUIStream@@HPEBUATL_PROPMAP_ENTRY@2@@Z 0000000180008d24 f i ImageScanner.obj
 0001:00007fc4       ?IQuickActivate_QuickActivate@CComControlBase@ATL@@QEAAJPEAUtagQACONTAINER@@PEAUtagQACONTROL@@@Z 0000000180008fc4 f i ImageScanner.obj
 0001:00008288       ?IViewObject_Draw@CComControlBase@ATL@@QEAAJKJPEAXPEAUtagDVTARGETDEVICE@@PEAUHDC__@@2PEBU_RECTL@@3@Z 0000000180009288 f i ImageScanner.obj
 0001:0000839c       ?InPlaceActivate@CComControlBase@ATL@@QEAAJJPEBUtagRECT@@@Z 000000018000939c f i ImageScanner.obj
 0001:000086d0       ?Init@?$CComEnumImpl@UIEnumConnectionPoints@@$1?_GUID_b196b285_bab4_101a_b69c_00aa00341d07@@3U__s_GUID@@BPEAUIConnectionPoint@@V?$_CopyInterface@UIConnectionPoint@@@ATL@@@ATL@@QEAAJPEAPEAUIConnectionPoint@@0PEAUIUnknown@@W4CComEnumFlags@2@@Z 00000001800096d0 f i ImageScanner.obj
 0001:000087f0       ?Init@?$CComEnumImpl@UIEnumConnections@@$1?_GUID_b196b287_bab4_101a_b69c_00aa00341d07@@3U__s_GUID@@BUtagCONNECTDATA@@V?$_Copy@UtagCONNECTDATA@@@ATL@@@ATL@@QEAAJPEAUtagCONNECTDATA@@0PEAUIUnknown@@W4CComEnumFlags@2@@Z 00000001800097f0 f i ImageScanner.obj
 0001:00008914       ?IsEqualObject@?$CComPtrBase@UIOleClientSite@@@ATL@@QEAA_NPEAUIUnknown@@@Z 0000000180009914 f i ImageScanner.obj
 0001:000089a0       ?LoadNameCache@CComTypeInfoHolder@ATL@@QEAAJPEAUITypeInfo@@@Z 00000001800099a0 f i ImageScanner.obj
 0001:00008b20       ?Lookup@?$CSimpleMap@PEA_WPEA_WVCExpansionVectorEqualHelper@ATL@@@ATL@@QEBAPEA_WAEBQEA_W@Z 0000000180009b20 f i ImageScanner.obj
 0001:00008ba8       ?NextToken@CRegParser@ATL@@IEAAJPEA_W@Z 0000000180009ba8 f i ImageScanner.obj
 0001:00008d60       ?OnKillFocus@CComControlBase@ATL@@QEAA_JI_K_JAEAH@Z 0000000180009d60 f i ImageScanner.obj
 0001:00008dfc       ?OnMouseActivate@CComControlBase@ATL@@QEAA_JI_K_JAEAH@Z 0000000180009dfc f i ImageScanner.obj
 0001:00008e9c       ?OnPaint@CComControlBase@ATL@@QEAA_JI_K_JAEAH@Z 0000000180009e9c f i ImageScanner.obj
 0001:00008f88       ?OnSetFocus@CComControlBase@ATL@@QEAA_JI_K_JAEAH@Z 0000000180009f88 f i ImageScanner.obj
 0001:00009084       ?PreProcessBuffer@CRegParser@ATL@@QEAAJPEA_WPEAPEA_W@Z 000000018000a084 f i ImageScanner.obj
 0001:00009410       ?ProcessWindowMessage@?$CComControl@VCOPOSImageScanner@@V?$CWindowImpl@VCOPOSImageScanner@@VCWindow@ATL@@V?$CWinTraits@$0FGAAAAAA@$0A@@3@@ATL@@@ATL@@UEAAHPEAUHWND__@@I_K_JAEA_JK@Z 000000018000a410 f i ImageScanner.obj
 0001:000094f4       ?ReadFromStream@CComBSTR@ATL@@QEAAJPEAUIStream@@@Z 000000018000a4f4 f i ImageScanner.obj
 0001:00009644       ?ReadFromStream@CComVariant@ATL@@QEAAJPEAUIStream@@GTClassesAllowedInStream@2@K@Z 000000018000a644 f i ImageScanner.obj
 0001:00009868       ?RecurseDeleteKey@CRegKey@ATL@@QEAAJPEB_W@Z 000000018000a868 f i ImageScanner.obj
 0001:000099c0       ?RegCreateKeyExW@CAtlTransactionManager@ATL@@QEAAJPEAUHKEY__@@PEB_WKPEA_WKKQEAU_SECURITY_ATTRIBUTES@@PEAPEAU3@PEAK@Z 000000018000a9c0 f i ImageScanner.obj
 0001:00009af4       ?RegDeleteKeyW@CAtlTransactionManager@ATL@@QEAAJPEAUHKEY__@@PEB_W@Z 000000018000aaf4 f i ImageScanner.obj
 0001:00009b80       ?RegOpenKeyExW@CAtlTransactionManager@ATL@@QEAAJPEAUHKEY__@@PEB_WKKPEAPEAU3@@Z 000000018000ab80 f i ImageScanner.obj
 0001:00009c38       ?RegisterBuffer@CRegParser@ATL@@QEAAJPEA_WH@Z 000000018000ac38 f i ImageScanner.obj
 0001:00009da0       ?RegisterFromResource@CRegObject@ATL@@IEAAJPEB_W00H@Z 000000018000ada0 f i ImageScanner.obj
 0001:00009f5c       ?RegisterServer@CComModule@ATL@@QEAAJHPEBU_GUID@@@Z 000000018000af5c f i ImageScanner.obj
 0001:0000a01c       ?RegisterSubkeys@CRegParser@ATL@@IEAAJPEA_WPEAUHKEY__@@HH@Z 000000018000b01c f i ImageScanner.obj
 0001:0000a888       ?SendOnDataChange@CComControlBase@ATL@@QEAAJK@Z 000000018000b888 f i ImageScanner.obj
 0001:0000a8f8       ?SetControlFocus@CComControlBase@ATL@@QEAAHH@Z 000000018000b8f8 f i ImageScanner.obj
 0001:0000a9d4       ?SkipAssignment@CRegParser@ATL@@IEAAJPEA_W@Z 000000018000b9d4 f i ImageScanner.obj
 0001:0000aa78       ?Term@CAtlModule@ATL@@QEAAXXZ 000000018000ba78 f i ImageScanner.obj
 0001:0000aaf8       ?Term@CComModule@ATL@@QEAAXXZ 000000018000baf8 f i ImageScanner.obj
 0001:0000ab74       ?UnregisterServer@CComModule@ATL@@QEAAJHPEBU_GUID@@@Z 000000018000bb74 f i ImageScanner.obj
 0001:0000ac24       ?UpdateRegistryFromResource@CAtlModule@ATL@@QEAAJIHPEAU_ATL_REGMAP_ENTRY@2@@Z 000000018000bc24 f i ImageScanner.obj
 0001:0000af30       ?UpdateRegistryFromResource@CAtlModule@ATL@@QEAAJPEB_WHPEAU_ATL_REGMAP_ENTRY@2@@Z 000000018000bf30 f i ImageScanner.obj
 0001:0000b254       ?VTFromRegType@CRegParser@ATL@@KAHPEB_WAEAG@Z 000000018000c254 f i ImageScanner.obj
 0001:0000b2f0       ?WindowProc@?$CWindowImplBaseT@VCWindow@ATL@@V?$CWinTraits@$0FGAAAAAA@$0A@@2@@ATL@@SA_JPEAUHWND__@@I_K_J@Z 000000018000c2f0 f i ImageScanner.obj
 0001:0000b45c       ?WriteToStream@CComVariant@ATL@@QEAAJPEAUIStream@@@Z 000000018000c45c f i ImageScanner.obj
 0001:0000b6d8       ?WriteToStream@CComVariant@ATL@@QEAAJPEAUIStream@@G@Z 000000018000c6d8 f i ImageScanner.obj
 0001:0000b770       ?_AtlVerifyStackAvailable@_ATL_SAFE_ALLOCA_IMPL@ATL@@YA_N_K@Z 000000018000c770 f i ImageScanner.obj
 0001:0000b7f4       ?atlCreate@?$CWindowImpl@VCOPOSImageScanner@@VCWindow@ATL@@V?$CWinTraits@$0FGAAAAAA@$0A@@3@@ATL@@QEAAPEAUHWND__@@PEAU3@V_U_RECT@2@PEB_WKKV_U_MENUorID@2@PEAX@Z 000000018000c7f4 f i ImageScanner.obj
 0001:0000b8a4       ?atlCreate@?$CWindowImplBaseT@VCWindow@ATL@@V?$CWinTraits@$0FGAAAAAA@$0A@@2@@ATL@@QEAAPEAUHWND__@@PEAU3@V_U_RECT@2@PEB_WKKV_U_MENUorID@2@GPEAX@Z 000000018000c8a4 f i ImageScanner.obj
 0001:0000ba14       ?ocscpy_s@@YA_NPEA_W_KPEB_W@Z 000000018000ca14 f i ImageScanner.obj
 0001:0000bac4       DllCanUnloadNow            000000018000cac4 f   ImageScanner.obj
 0001:0000bad0       DllGetClassObject          000000018000cad0 f   ImageScanner.obj
 0001:0000bae8       DllMain                    000000018000cae8 f   ImageScanner.obj
 0001:0000bb90       DllRegisterServer          000000018000cb90 f   ImageScanner.obj
 0001:0000bba4       DllUnregisterServer        000000018000cba4 f   ImageScanner.obj
 0001:0000bbb8       __local_stdio_printf_options 000000018000cbb8 f i ImageScanner.obj
 0001:0000bbc0       swprintf_s                 000000018000cbc0 f i ImageScanner.obj
 0001:0000bc14       ??0COPOSImageScanner@@QEAA@XZ 000000018000cc14 f   ImageScannerImpl.obj
 0001:0000bcdc       ??1?$IConnectionPointImpl@VCOPOSImageScanner@@$1?DIID__IOPOSImageScannerEvents@@3U_GUID@@BVCComDynamicUnkArray@ATL@@@ATL@@QEAA@XZ 000000018000ccdc f i ImageScannerImpl.obj
 0001:0000bcdc       ??1?$IConnectionPointImpl@VCOPOSImageScanner@@$1?IID_IPropertyNotifySink@@3U_GUID@@BVCComDynamicUnkArray@ATL@@@ATL@@QEAA@XZ 000000018000ccdc f i ImageScannerImpl.obj
 0001:0000bd38       ??1CComControlBase@ATL@@UEAA@XZ 000000018000cd38 f i ImageScannerImpl.obj
 0001:0000bdb4       ??1COPOSImageScanner@@UEAA@XZ 000000018000cdb4 f   ImageScannerImpl.obj
 0001:0000be18       ?CheckHealth@COPOSImageScanner@@UEAAJJPEAJ@Z 000000018000ce18 f   ImageScannerImpl.obj
 0001:0000be94       ?ClaimDevice@COPOSImageScanner@@UEAAJJPEAJ@Z 000000018000ce94 f   ImageScannerImpl.obj
 0001:0000bf34       ?ClearInput@COPOSImageScanner@@UEAAJPEAJ@Z 000000018000cf34 f   ImageScannerImpl.obj
 0001:0000bf5c       ?ClearInputProperties@COPOSImageScanner@@UEAAJPEAJ@Z 000000018000cf5c f   ImageScannerImpl.obj
 0001:0000bf84       ?Close@COPOSImageScanner@@UEAAJPEAJ@Z 000000018000cf84 f   ImageScannerImpl.obj
 0001:0000c03c       ?CompareFirmwareVersion@COPOSImageScanner@@UEAAJPEA_WPEAJ1@Z 000000018000d03c f   ImageScannerImpl.obj
 0001:0000c118       ?DirectIO@COPOSImageScanner@@UEAAJJPEAJPEAPEA_W0@Z 000000018000d118 f   ImageScannerImpl.obj
 0001:0000c214       ?DoInvoke@COPOSImageScanner@@IEAAJJPEAVOposVariant@@IHPEAJ_N@Z 000000018000d214 f   ImageScannerImpl.obj
 0001:0000c348       ?EventInit@COPOSImageScanner@@IEAAJXZ 000000018000d348 f i ImageScannerImpl.obj
 0001:0000c490       ?EventUninit@COPOSImageScanner@@IEAAXXZ 000000018000d490 f i ImageScannerImpl.obj
 0001:0000c4f4       ?EventWindowProc@COPOSImageScanner@@IEAA_JI_K_J@Z 000000018000d4f4 f i ImageScannerImpl.obj
 0001:0000c66c       ?FinalConstruct@COPOSImageScanner@@QEAAJXZ 000000018000d66c f   ImageScannerImpl.obj
 0001:0000c6a8       ?FreezeEvents@COPOSImageScanner@@MEAAJH@Z 000000018000d6a8 f   ImageScannerImpl.obj
 0001:0000c71c       ?GetOposProp@COPOSImageScanner@@IEAAJJPEAJJ@Z 000000018000d71c f   ImageScannerImpl.obj
 0001:0000c838       ?GetOposProp@COPOSImageScanner@@IEAAJJPEAPEA_WJ@Z 000000018000d838 f   ImageScannerImpl.obj
 0001:0000c964       ?OnDraw@COPOSImageScanner@@MEAAJAEAUATL_DRAWINFO@@@Z 000000018000d964 f   ImageScannerImpl.obj
 0001:0000ca50       ?Open@COPOSImageScanner@@UEAAJPEA_WPEAJ@Z 000000018000da50 f   ImageScannerImpl.obj
 0001:0000d2d8       ?ReleaseDevice@COPOSImageScanner@@UEAAJPEAJ@Z 000000018000e2d8 f   ImageScannerImpl.obj
 0001:0000d344       ?ResetStatistics@COPOSImageScanner@@UEAAJPEA_WPEAJ@Z 000000018000e344 f   ImageScannerImpl.obj
 0001:0000d3cc       ?RetrieveStatistics@COPOSImageScanner@@UEAAJPEAPEA_WPEAJ@Z 000000018000e3cc f   ImageScannerImpl.obj
 0001:0000d454       ?SOProcessID@COPOSImageScanner@@UEAAJPEAJ@Z 000000018000e454 f   ImageScannerImpl.obj
 0001:0000d470       ?SetCOFreezeEvents@COPOSImageScanner@@IEAAXF@Z 000000018000e470 f   ImageScannerImpl.obj
 0001:0000d554       ?SetOposProp@COPOSImageScanner@@IEAAJJJJ@Z 000000018000e554 f   ImageScannerImpl.obj
 0001:0000d6b4       ?StartSession@COPOSImageScanner@@UEAAJPEAJ@Z 000000018000e6b4 f   ImageScannerImpl.obj
 0001:0000d6dc       ?StopSession@COPOSImageScanner@@UEAAJPEAJ@Z 000000018000e6dc f   ImageScannerImpl.obj
 0001:0000d704       ?UpdateFirmware@COPOSImageScanner@@UEAAJPEA_WPEAJ@Z 000000018000e704 f   ImageScannerImpl.obj
 0001:0000d78c       ?UpdateStatistics@COPOSImageScanner@@UEAAJPEA_WPEAJ@Z 000000018000e78c f   ImageScannerImpl.obj
 0001:0000d814       ?get_AimMode@COPOSImageScanner@@UEAAJPEAF@Z 000000018000e814 f   ImageScannerImpl.obj
 0001:0000d848       ?get_AutoDisable@COPOSImageScanner@@UEAAJPEAF@Z 000000018000e848 f   ImageScannerImpl.obj
 0001:0000d87c       ?get_BinaryConversion@COPOSImageScanner@@UEAAJPEAJ@Z 000000018000e87c f   ImageScannerImpl.obj
 0001:0000d890       ?get_BitsPerPixel@COPOSImageScanner@@UEAAJPEAJ@Z 000000018000e890 f   ImageScannerImpl.obj
 0001:0000d8a4       ?get_CapAim@COPOSImageScanner@@UEAAJPEAF@Z 000000018000e8a4 f   ImageScannerImpl.obj
 0001:0000d8d8       ?get_CapCompareFirmwareVersion@COPOSImageScanner@@UEAAJPEAF@Z 000000018000e8d8 f   ImageScannerImpl.obj
 0001:0000d90c       ?get_CapDecodeData@COPOSImageScanner@@UEAAJPEAF@Z 000000018000e90c f   ImageScannerImpl.obj
 0001:0000d940       ?get_CapHostTriggered@COPOSImageScanner@@UEAAJPEAF@Z 000000018000e940 f   ImageScannerImpl.obj
 0001:0000d974       ?get_CapIlluminate@COPOSImageScanner@@UEAAJPEAF@Z 000000018000e974 f   ImageScannerImpl.obj
 0001:0000d9a8       ?get_CapImageData@COPOSImageScanner@@UEAAJPEAF@Z 000000018000e9a8 f   ImageScannerImpl.obj
 0001:0000d9dc       ?get_CapImageQuality@COPOSImageScanner@@UEAAJPEAF@Z 000000018000e9dc f   ImageScannerImpl.obj
 0001:0000da10       ?get_CapPowerReporting@COPOSImageScanner@@UEAAJPEAJ@Z 000000018000ea10 f   ImageScannerImpl.obj
 0001:0000da24       ?get_CapStatisticsReporting@COPOSImageScanner@@UEAAJPEAF@Z 000000018000ea24 f   ImageScannerImpl.obj
 0001:0000da58       ?get_CapUpdateFirmware@COPOSImageScanner@@UEAAJPEAF@Z 000000018000ea58 f   ImageScannerImpl.obj
 0001:0000da8c       ?get_CapUpdateStatistics@COPOSImageScanner@@UEAAJPEAF@Z 000000018000ea8c f   ImageScannerImpl.obj
 0001:0000dac0       ?get_CapVideoData@COPOSImageScanner@@UEAAJPEAF@Z 000000018000eac0 f   ImageScannerImpl.obj
 0001:0000daf4       ?get_CheckHealthText@COPOSImageScanner@@UEAAJPEAPEA_W@Z 000000018000eaf4 f   ImageScannerImpl.obj
 0001:0000db08       ?get_Claimed@COPOSImageScanner@@UEAAJPEAF@Z 000000018000eb08 f   ImageScannerImpl.obj
 0001:0000db3c       ?get_ControlObjectDescription@COPOSImageScanner@@UEAAJPEAPEA_W@Z 000000018000eb3c f   ImageScannerImpl.obj
 0001:0000dba0       ?get_ControlObjectVersion@COPOSImageScanner@@UEAAJPEAJ@Z 000000018000eba0 f   ImageScannerImpl.obj
 0001:0000dbac       ?get_DataCount@COPOSImageScanner@@UEAAJPEAJ@Z 000000018000ebac f   ImageScannerImpl.obj
 0001:0000dbc0       ?get_DataEventEnabled@COPOSImageScanner@@UEAAJPEAF@Z 000000018000ebc0 f   ImageScannerImpl.obj
 0001:0000dbf4       ?get_DeviceDescription@COPOSImageScanner@@UEAAJPEAPEA_W@Z 000000018000ebf4 f   ImageScannerImpl.obj
 0001:0000dc08       ?get_DeviceEnabled@COPOSImageScanner@@UEAAJPEAF@Z 000000018000ec08 f   ImageScannerImpl.obj
 0001:0000dc3c       ?get_DeviceName@COPOSImageScanner@@UEAAJPEAPEA_W@Z 000000018000ec3c f   ImageScannerImpl.obj
 0001:0000dc50       ?get_FrameData@COPOSImageScanner@@UEAAJPEAPEA_W@Z 000000018000ec50 f   ImageScannerImpl.obj
 0001:0000dc64       ?get_FrameType@COPOSImageScanner@@UEAAJPEAJ@Z 000000018000ec64 f   ImageScannerImpl.obj
 0001:0000dc78       ?get_FreezeEvents@COPOSImageScanner@@UEAAJPEAF@Z 000000018000ec78 f   ImageScannerImpl.obj
 0001:0000dca8       ?get_IlluminateMode@COPOSImageScanner@@UEAAJPEAF@Z 000000018000eca8 f   ImageScannerImpl.obj
 0001:0000dcdc       ?get_ImageHeight@COPOSImageScanner@@UEAAJPEAJ@Z 000000018000ecdc f   ImageScannerImpl.obj
 0001:0000dcf0       ?get_ImageLength@COPOSImageScanner@@UEAAJPEAJ@Z 000000018000ecf0 f   ImageScannerImpl.obj
 0001:0000dd04       ?get_ImageMode@COPOSImageScanner@@UEAAJPEAJ@Z 000000018000ed04 f   ImageScannerImpl.obj
 0001:0000dd18       ?get_ImageQuality@COPOSImageScanner@@UEAAJPEAJ@Z 000000018000ed18 f   ImageScannerImpl.obj
 0001:0000dd2c       ?get_ImageType@COPOSImageScanner@@UEAAJPEAJ@Z 000000018000ed2c f   ImageScannerImpl.obj
 0001:0000dd40       ?get_ImageWidth@COPOSImageScanner@@UEAAJPEAJ@Z 000000018000ed40 f   ImageScannerImpl.obj
 0001:0000dd54       ?get_OpenResult@COPOSImageScanner@@UEAAJPEAJ@Z 000000018000ed54 f   ImageScannerImpl.obj
 0001:0000dd60       ?get_PowerNotify@COPOSImageScanner@@UEAAJPEAJ@Z 000000018000ed60 f   ImageScannerImpl.obj
 0001:0000dd74       ?get_PowerState@COPOSImageScanner@@UEAAJPEAJ@Z 000000018000ed74 f   ImageScannerImpl.obj
 0001:0000dd88       ?get_ResultCode@COPOSImageScanner@@UEAAJPEAJ@Z 000000018000ed88 f   ImageScannerImpl.obj
 0001:0000ddc4       ?get_ResultCodeExtended@COPOSImageScanner@@UEAAJPEAJ@Z 000000018000edc4 f   ImageScannerImpl.obj
 0001:0000ddd8       ?get_ServiceObjectDescription@COPOSImageScanner@@UEAAJPEAPEA_W@Z 000000018000edd8 f   ImageScannerImpl.obj
 0001:0000ddec       ?get_ServiceObjectVersion@COPOSImageScanner@@UEAAJPEAJ@Z 000000018000edec f   ImageScannerImpl.obj
 0001:0000de00       ?get_State@COPOSImageScanner@@UEAAJPEAJ@Z 000000018000ee00 f   ImageScannerImpl.obj
 0001:0000de2c       ?get_VideoCount@COPOSImageScanner@@UEAAJPEAJ@Z 000000018000ee2c f   ImageScannerImpl.obj
 0001:0000de40       ?get_VideoRate@COPOSImageScanner@@UEAAJPEAJ@Z 000000018000ee40 f   ImageScannerImpl.obj
 0001:0000de54       ?put_AimMode@COPOSImageScanner@@UEAAJF@Z 000000018000ee54 f   ImageScannerImpl.obj
 0001:0000de70       ?put_AutoDisable@COPOSImageScanner@@UEAAJF@Z 000000018000ee70 f   ImageScannerImpl.obj
 0001:0000de88       ?put_BinaryConversion@COPOSImageScanner@@UEAAJJ@Z 000000018000ee88 f   ImageScannerImpl.obj
 0001:0000de9c       ?put_DataEventEnabled@COPOSImageScanner@@UEAAJF@Z 000000018000ee9c f   ImageScannerImpl.obj
 0001:0000deb4       ?put_DeviceEnabled@COPOSImageScanner@@UEAAJF@Z 000000018000eeb4 f   ImageScannerImpl.obj
 0001:0000decc       ?put_FreezeEvents@COPOSImageScanner@@UEAAJF@Z 000000018000eecc f   ImageScannerImpl.obj
 0001:0000df1c       ?put_IlluminateMode@COPOSImageScanner@@UEAAJF@Z 000000018000ef1c f   ImageScannerImpl.obj
 0001:0000df38       ?put_ImageMode@COPOSImageScanner@@UEAAJJ@Z 000000018000ef38 f   ImageScannerImpl.obj
 0001:0000df4c       ?put_ImageQuality@COPOSImageScanner@@UEAAJJ@Z 000000018000ef4c f   ImageScannerImpl.obj
 0001:0000df60       ?put_PowerNotify@COPOSImageScanner@@UEAAJJ@Z 000000018000ef60 f   ImageScannerImpl.obj
 0001:0000df74       ?put_VideoCount@COPOSImageScanner@@UEAAJJ@Z 000000018000ef74 f   ImageScannerImpl.obj
 0001:0000df88       ?put_VideoRate@COPOSImageScanner@@UEAAJJ@Z 000000018000ef88 f   ImageScannerImpl.obj
 0001:0000df9c       ?s_EventWindowProc@COPOSImageScanner@@KA_JPEAUHWND__@@I_K_J@Z 000000018000ef9c f i ImageScannerImpl.obj
 0001:0000e018       ??_U@YAPEAX_K@Z            000000018000f018 f   LIBCMT:new_array.obj
 0001:0000e020       ??_V@YAXPEAX@Z             000000018000f020 f   LIBCMT:delete_array.obj
 0001:0000e020       ??3@YAXPEAX_K@Z            000000018000f020 f   LIBCMT:delete_scalar_size.obj
 0001:0000e028       ??_V@YAXPEAX_K@Z           000000018000f028 f   LIBCMT:delete_array_size.obj
 0001:0000e030       __scrt_acquire_startup_lock 000000018000f030 f   LIBCMT:utility.obj
 0001:0000e06c       __scrt_dllmain_after_initialize_c 000000018000f06c f   LIBCMT:utility.obj
 0001:0000e0a0       __scrt_dllmain_before_initialize_c 000000018000f0a0 f   LIBCMT:utility.obj
 0001:0000e0b8       __scrt_dllmain_crt_thread_attach 000000018000f0b8 f   LIBCMT:utility.obj
 0001:0000e0e0       __scrt_dllmain_crt_thread_detach 000000018000f0e0 f   LIBCMT:utility.obj
 0001:0000e0f8       __scrt_dllmain_exception_filter 000000018000f0f8 f   LIBCMT:utility.obj
 0001:0000e158       __scrt_dllmain_uninitialize_c 000000018000f158 f   LIBCMT:utility.obj
 0001:0000e188       __scrt_dllmain_uninitialize_critical 000000018000f188 f   LIBCMT:utility.obj
 0001:0000e19c       __scrt_initialize_crt      000000018000f19c f   LIBCMT:utility.obj
 0001:0000e1e8       __scrt_initialize_onexit_tables 000000018000f1e8 f   LIBCMT:utility.obj
 0001:0000e274       __scrt_is_nonwritable_in_current_image 000000018000f274 f   LIBCMT:utility.obj
 0001:0000e30c       __scrt_release_startup_lock 000000018000f30c f   LIBCMT:utility.obj
 0001:0000e330       __scrt_uninitialize_crt    000000018000f330 f   LIBCMT:utility.obj
 0001:0000e35c       _onexit                    000000018000f35c f   LIBCMT:utility.obj
 0001:0000e398       atexit                     000000018000f398 f   LIBCMT:utility.obj
 0001:0000e3b0       ??3@YAXPEAX@Z              000000018000f3b0 f   LIBCMT:delete_scalar.obj
 0001:0000e4b0       _Init_thread_footer        000000018000f4b0 f   LIBCMT:thread_safe_statics.obj
 0001:0000e510       _Init_thread_header        000000018000f510 f   LIBCMT:thread_safe_statics.obj
 0001:0000e578       _Init_thread_notify        000000018000f578 f   LIBCMT:thread_safe_statics.obj
 0001:0000e5bc       _Init_thread_wait          000000018000f5bc f   LIBCMT:thread_safe_statics.obj
 0001:0000e620       __raise_securityfailure    000000018000f620 f   LIBCMT:gs_report.obj
 0001:0000e654       __report_gsfailure         000000018000f654 f   LIBCMT:gs_report.obj
 0001:0000e728       __report_rangecheckfailure 000000018000f728 f   LIBCMT:gs_report.obj
 0001:0000e73c       __report_securityfailure   000000018000f73c f   LIBCMT:gs_report.obj
 0001:0000e8bc       ??2@YAPEAX_KAEBUnothrow_t@std@@@Z 000000018000f8bc f   LIBCMT:new_scalar_nothrow.obj
 0001:0000e8d0       ??_U@YAPEAX_KAEBUnothrow_t@std@@@Z 000000018000f8d0 f   LIBCMT:new_array_nothrow.obj
 0001:0000e8d8       __GSHandlerCheck           000000018000f8d8 f   LIBCMT:gshandler.obj
 0001:0000e8f8       __GSHandlerCheckCommon     000000018000f8f8 f   LIBCMT:gshandler.obj
 0001:0000e954       __GSHandlerCheck_SEH       000000018000f954 f   LIBCMT:gshandlerseh.obj
 0001:0000e9f0       __chkstk                   000000018000f9f0 f   LIBCMT:chkstk.obj
 0001:0000e9f0       _alloca_probe              000000018000f9f0 f   LIBCMT:chkstk.obj
 0001:0000ea60       __security_check_cookie    000000018000fa60 f   LIBCMT:amdsecgs.obj
 0001:0000eda4       _DllMainCRTStartup         000000018000fda4 f   LIBCMT:dll_dllmain.obj
 0001:0000ede4       ??2@YAPEAX_K@Z             000000018000fde4 f   LIBCMT:new_scalar.obj
 0001:0000ee20       __isa_available_init       000000018000fe20 f   LIBCMT:cpu_disp.obj
 0001:0000efc4       __scrt_is_ucrt_dll_in_use  000000018000ffc4 f   LIBCMT:ucrt_detection.obj
 0001:0000efd0       __crt_debugger_hook        000000018000ffd0 f   LIBCMT:utility_desktop.obj
 0001:0000efd8       __scrt_fastfail            000000018000ffd8 f   LIBCMT:utility_desktop.obj
 0001:0000f124       __security_init_cookie     0000000180010124 f   LIBCMT:gs_support.obj
 0001:0000f1d0       ?__scrt_initialize_type_info@@YAXXZ 00000001800101d0 f   LIBCMT:tncleanup.obj
 0001:0000f1e0       ?__scrt_uninitialize_type_info@@YAXXZ 00000001800101e0 f   LIBCMT:tncleanup.obj
 0001:0000f1ec       __local_stdio_scanf_options 00000001800101ec f i LIBCMT:default_local_stdio_options.obj
 0001:0000f1f4       __scrt_initialize_default_local_stdio_options 00000001800101f4 f   LIBCMT:default_local_stdio_options.obj
 0001:0000f210       __scrt_get_dyn_tls_init_callback 0000000180010210 f   LIBCMT:dyn_tls_init.obj
 0001:0000f218       _RTC_Initialize            0000000180010218 f   LIBCMT:initsect.obj
 0001:0000f254       _RTC_Terminate             0000000180010254 f   LIBCMT:initsect.obj
 0001:0000f290       ??0bad_alloc@std@@QEAA@AEBV01@@Z 0000000180010290 f i LIBCMT:throw_bad_alloc.obj
 0001:0000f2cc       ??0bad_alloc@std@@QEAA@XZ  00000001800102cc f i LIBCMT:throw_bad_alloc.obj
 0001:0000f2ec       ??0bad_array_new_length@std@@QEAA@AEBV01@@Z 00000001800102ec f i LIBCMT:throw_bad_alloc.obj
 0001:0000f328       ??0bad_array_new_length@std@@QEAA@XZ 0000000180010328 f i LIBCMT:throw_bad_alloc.obj
 0001:0000f348       ??0exception@std@@QEAA@AEBV01@@Z 0000000180010348 f i LIBCMT:throw_bad_alloc.obj
 0001:0000f37c       ??1bad_array_new_length@std@@UEAA@XZ 000000018001037c f i LIBCMT:throw_bad_alloc.obj
 0001:0000f37c       ??1bad_alloc@std@@UEAA@XZ  000000018001037c f i LIBCMT:throw_bad_alloc.obj
 0001:0000f37c       ??1bad_exception@std@@UEAA@XZ 000000018001037c f i libvcruntime:frame.obj
 0001:0000f390       ??_Ebad_array_new_length@std@@UEAAPEAXI@Z 0000000180010390 f i LIBCMT:throw_bad_alloc.obj
 0001:0000f390       ??_Ebad_exception@std@@UEAAPEAXI@Z 0000000180010390 f i libvcruntime:frame.obj
 0001:0000f390       ??_Gbad_alloc@std@@UEAAPEAXI@Z 0000000180010390 f i LIBCMT:throw_bad_alloc.obj
 0001:0000f390       ??_Ebad_alloc@std@@UEAAPEAXI@Z 0000000180010390 f i LIBCMT:throw_bad_alloc.obj
 0001:0000f390       ??_Gbad_exception@std@@UEAAPEAXI@Z 0000000180010390 f i libvcruntime:frame.obj
 0001:0000f390       ??_Gexception@std@@UEAAPEAXI@Z 0000000180010390 f i LIBCMT:throw_bad_alloc.obj
 0001:0000f390       ??_Eexception@std@@UEAAPEAXI@Z 0000000180010390 f i LIBCMT:throw_bad_alloc.obj
 0001:0000f390       ??_Gbad_array_new_length@std@@UEAAPEAXI@Z 0000000180010390 f i LIBCMT:throw_bad_alloc.obj
 0001:0000f3d4       ?__scrt_throw_std_bad_alloc@@YAXXZ 00000001800103d4 f   LIBCMT:throw_bad_alloc.obj
[...]
 0004:000017dc       $pdata$__acrt_fp_format    00000001800367dc     libucrt:cvt.obj
 0004:000017e8       $pdata$?fp_format_e_internal@@YAHQEAD_KH_NIQEAU_strflt@@2QEAU__crt_locale_pointers@@@Z 00000001800367e8     libucrt:cvt.obj
 0004:000017f4       $pdata$?fp_format_e@@YAHQEBNQEAD_K12H_NIQEAU__crt_locale_pointers@@W4__acrt_rounding_mode@@@Z 00000001800367f4     libucrt:cvt.obj
 0004:00001800       $pdata$?should_round_up@@YA_NQEBN_KFW4__acrt_rounding_mode@@@Z 0000000180036800     libucrt:cvt.obj
 0004:0000180c       $pdata$?fp_format_a@@YAHQEBNPEAD_KQEAD2H_NIQEAU__crt_locale_pointers@@W4__acrt_rounding_mode@@@Z 000000018003680c     libucrt:cvt.obj
 0004:00001818       $pdata$?fp_format_f_internal@@YAHQEAD_KHQEAU_strflt@@_NQEAU__crt_locale_pointers@@@Z 0000000180036818     libucrt:cvt.obj
 0004:00001824       $pdata$?fp_format_g@@YAHQEBNQEAD_K12H_NIQEAU__crt_locale_pointers@@@Z 0000000180036824     libucrt:cvt.obj
 0004:00001830       $pdata$_fileno             0000000180036830     libucrt:fileno.obj
 0004:0000183c       $pdata$__acrt_initialize_stdio 000000018003683c     libucrt:_file.obj
 0004:00001848       $pdata$__acrt_uninitialize_stdio 0000000180036848     libucrt:_file.obj
 0004:00001854       $pdata$__acrt_uninitialize_locale 0000000180036854     libucrt:wsetlocale.obj
 0004:00001860       $pdata$??$?RV<lambda_410d79af7f07d98d83a3f525b3859a53>@@AEAV<lambda_3e16ef9562a7dcce91392c22ab16ea36>@@V<lambda_38119f0e861e05405d8a144b9b982f0a>@@@?$__crt_seh_guarded_call@X@@QEAAX$$QEAV<lambda_410d79af7f07d98d83a3f525b3859a53>@@AEAV<lambda_3e16ef9562a7dcce91392c22ab16ea36>@@$$QEAV<lambda_38119f0e861e05405d8a144b9b982f0a>@@@Z 0000000180036860     libucrt:wsetlocale.obj
 0004:0000186c       $pdata$?fin$0@?0???$?RV<lambda_410d79af7f07d98d83a3f525b3859a53>@@AEAV<lambda_3e16ef9562a7dcce91392c22ab16ea36>@@V<lambda_38119f0e861e05405d8a144b9b982f0a>@@@?$__crt_seh_guarded_call@X@@QEAAX$$QEAV<lambda_410d79af7f07d98d83a3f525b3859a53>@@AEAV<lambda_3e16ef9562a7dcce91392c22ab16ea36>@@$$QEAV<lambda_38119f0e861e05405d8a144b9b982f0a>@@@Z@4HA 000000018003686c     libucrt:wsetlocale.obj
 0004:00001878       $pdata$__acrt_initialize_lowio 0000000180036878     libucrt:ioinit.obj
 0004:00001884       $pdata$__acrt_initialize_lowio$fin$0 0000000180036884     libucrt:ioinit.obj
 0004:00001884       $pdata$__acrt_lowio_ensure_fh_exists$fin$0 0000000180036884     libucrt:osfinfo.obj
 0004:00001890       $pdata$__acrt_uninitialize_lowio 0000000180036890     libucrt:ioinit.obj
 0004:0000189c       $pdata$?initialize_inherited_file_handles_nolock@@YAXXZ 000000018003689c     libucrt:ioinit.obj
 0004:000018a8       $pdata$?initialize_stdio_handles_nolock@@YAXXZ 00000001800368a8     libucrt:ioinit.obj
 0004:000018b4       $pdata$__acrt_initialize_locks 00000001800368b4     libucrt:locks.obj
 0004:000018c0       $pdata$__acrt_uninitialize_locks 00000001800368c0     libucrt:locks.obj
 0004:000018cc       $pdata$__acrt_get_process_end_policy 00000001800368cc     libucrt:win_policies.obj
 0004:000018d8       $pdata$??$__acrt_mbs_to_wcs_cp@U__crt_win32_buffer_internal_dynamic_resizing@@@@YAHQEBDAEAV?$__crt_win32_buffer@_WU__crt_win32_buffer_internal_dynamic_resizing@@@@I@Z 00000001800368d8     libucrt:argv_wildcards.obj
 0004:000018e4       $pdata$??$__acrt_wcs_to_mbs_cp@U__crt_win32_buffer_internal_dynamic_resizing@@@@YAHQEB_WAEAV?$__crt_win32_buffer@DU__crt_win32_buffer_internal_dynamic_resizing@@@@I@Z 00000001800368e4     libucrt:argv_wildcards.obj
 0004:000018f0       $pdata$??$common_expand_argv_wildcards@D@@YAHQEAPEADQEAPEAPEAD@Z 00000001800368f0     libucrt:argv_wildcards.obj
 0004:000018fc       $pdata$??$copy_and_add_argument_to_buffer@D@@YAHQEBD0_KAEAV?$argument_list@D@?A0x5f5c8891@@@Z 00000001800368fc     libucrt:argv_wildcards.obj
 0004:00001908       $pdata$??$expand_argument_wildcards@D@@YAHQEAD0AEAV?$argument_list@D@?A0x5f5c8891@@@Z 0000000180036908     libucrt:argv_wildcards.obj
 0004:00001914       $pdata$__acrt_GetModuleFileNameA 0000000180036914     libucrt:getmodulefilenamea.obj
 0004:00001920       $pdata$??$__acrt_wcs_to_mbs_cp@U__crt_win32_buffer_no_resizing@@@@YAHQEB_WAEAV?$__crt_win32_buffer@DU__crt_win32_buffer_no_resizing@@@@I@Z 0000000180036920     libucrt:getmodulefilenamea.obj
 0004:0000192c       $pdata$__acrt_update_thread_multibyte_data 000000018003692c     libucrt:mbctype.obj
 0004:00001938       $pdata$__acrt_initialize_multibyte 0000000180036938     libucrt:mbctype.obj
 0004:00001944       $pdata$_setmbcp_nolock     0000000180036944     libucrt:mbctype.obj
 0004:00001950       $pdata$?getSystemCP@@YAHH@Z 0000000180036950     libucrt:mbctype.obj
 0004:0000195c       $pdata$?setSBCS@@YAXPEAU__crt_multibyte_data@@@Z 000000018003695c     libucrt:mbctype.obj
 0004:00001968       $pdata$?update_thread_multibyte_data_internal@@YAPEAU__crt_multibyte_data@@QEAU__acrt_ptd@@QEAPEAU1@@Z 0000000180036968     libucrt:mbctype.obj
 0004:00001974       $pdata$?fin$0@?0??update_thread_multibyte_data_internal@@YAPEAU__crt_multibyte_data@@QEAU__acrt_ptd@@QEAPEAU1@@Z@4HA 0000000180036974     libucrt:mbctype.obj
 0004:00001980       $pdata$?setmbcp_internal@@YAHH_NQEAU__acrt_ptd@@QEAPEAU__crt_multibyte_data@@@Z 0000000180036980     libucrt:mbctype.obj
 0004:0000198c       $pdata$?setSBUpLow@@YAXPEAU__crt_multibyte_data@@@Z 000000018003698c     libucrt:mbctype.obj
 0004:00001998       $pdata$??$?RV<lambda_efdfa57d1f175319df784efa44bb7b81>@@AEAV<lambda_5f0a4c1567f8adc6734073e5d1e1b35c>@@V<lambda_2e8a7d3640ea6ccb4c2413664c2db6fd>@@@?$__crt_seh_guarded_call@X@@QEAAX$$QEAV<lambda_efdfa57d1f175319df784efa44bb7b81>@@AEAV<lambda_5f0a4c1567f8adc6734073e5d1e1b35c>@@$$QEAV<lambda_2e8a7d3640ea6ccb4c2413664c2db6fd>@@@Z 0000000180036998     libucrt:mbctype.obj
 0004:000019a4       $pdata$?x_ismbbtype_l@@YAHPEAU__crt_locale_pointers@@IHH@Z 00000001800369a4     libucrt:ismbbyte.obj
 0004:000019b0       $pdata$__acrt_initialize_command_line 00000001800369b0     libucrt:argv_data.obj
 0004:000019bc       $pdata$__acrt_WideCharToMultiByte 00000001800369bc     libucrt:widechartomultibyte.obj
 0004:000019c8       $pdata$__dcrt_get_narrow_environment_from_os 00000001800369c8     libucrt:get_environment_from_os.obj
 0004:000019d4       $pdata$__acrt_initialize_heap 00000001800369d4     libucrt:heap_handle.obj
 0004:000019e0       $pdata$__acrt_execute_initializers 00000001800369e0     libucrt:shared_initialization.obj
 0004:000019ec       $pdata$__acrt_execute_uninitializers 00000001800369ec     libucrt:shared_initialization.obj
 0004:000019f8       $pdata$__acrt_get_sigabrt_handler 00000001800369f8     libucrt:signal.obj
 0004:00001a04       $pdata$raise               0000000180036a04     libucrt:signal.obj
 0004:00001a10       $pdata$raise$fin$0         0000000180036a10     libucrt:signal.obj
 0004:00001a1c       $pdata$??$?RV<lambda_450d765d439847d4c735a33c368b5fc0>@@AEAV<lambda_44731a7d0e6d81c3e6aa82d741081786>@@V<lambda_601a2a7da3b7a96e9554ac7215c4b07c>@@@?$__crt_seh_guarded_call@P6AXH@Z@@QEAAP6AXH@Z$$QEAV<lambda_450d765d439847d4c735a33c368b5fc0>@@AEAV<lambda_44731a7d0e6d81c3e6aa82d741081786>@@$$QEAV<lambda_601a2a7da3b7a96e9554ac7215c4b07c>@@@Z 0000000180036a1c     libucrt:signal.obj
 0004:00001a28       $pdata$_fflush_nolock      0000000180036a28     libucrt:fflush.obj
 0004:00001a34       $pdata$__acrt_stdio_flush_nolock 0000000180036a34     libucrt:fflush.obj
 0004:00001a40       $pdata$?common_flush_all@@YAH_N@Z 0000000180036a40     libucrt:fflush.obj
 0004:00001a4c       $pdata$??$?RV<lambda_842d9ff0dc9ef11c61343bbaebe7f885>@@AEAV<lambda_c5860995281e5c4ce005b3de8f5874ee>@@V<lambda_d90129c13df834fdcbf8d2b88dafcf2d>@@@?$__crt_seh_guarded_call@X@@QEAAX$$QEAV<lambda_842d9ff0dc9ef11c61343bbaebe7f885>@@AEAV<lambda_c5860995281e5c4ce005b3de8f5874ee>@@$$QEAV<lambda_d90129c13df834fdcbf8d2b88dafcf2d>@@@Z 0000000180036a4c     libucrt:fflush.obj
 0004:00001a58       $pdata$?fin$0@?0???$?RV<lambda_842d9ff0dc9ef11c61343bbaebe7f885>@@AEAV<lambda_c5860995281e5c4ce005b3de8f5874ee>@@V<lambda_d90129c13df834fdcbf8d2b88dafcf2d>@@@?$__crt_seh_guarded_call@X@@QEAAX$$QEAV<lambda_842d9ff0dc9ef11c61343bbaebe7f885>@@AEAV<lambda_c5860995281e5c4ce005b3de8f5874ee>@@$$QEAV<lambda_d90129c13df834fdcbf8d2b88dafcf2d>@@@Z@4HA 0000000180036a58     libucrt:fflush.obj
 0004:00001a64       $pdata$??$?RV<lambda_886d6c58226a84441f68b9f2b8217b83>@@AEAV<lambda_ab61a845afdef5b7c387490eaf3616ee>@@V<lambda_f7f22ab5edc0698d5f6905b0d3f44752>@@@?$__crt_seh_guarded_call@X@@QEAAX$$QEAV<lambda_886d6c58226a84441f68b9f2b8217b83>@@AEAV<lambda_ab61a845afdef5b7c387490eaf3616ee>@@$$QEAV<lambda_f7f22ab5edc0698d5f6905b0d3f44752>@@@Z 0000000180036a64     libucrt:fflush.obj
 0004:00001a70       $pdata$?fin$0@?0???$?RV<lambda_886d6c58226a84441f68b9f2b8217b83>@@AEAV<lambda_ab61a845afdef5b7c387490eaf3616ee>@@V<lambda_f7f22ab5edc0698d5f6905b0d3f44752>@@@?$__crt_seh_guarded_call@X@@QEAAX$$QEAV<lambda_886d6c58226a84441f68b9f2b8217b83>@@AEAV<lambda_ab61a845afdef5b7c387490eaf3616ee>@@$$QEAV<lambda_f7f22ab5edc0698d5f6905b0d3f44752>@@@Z@4HA 0000000180036a70     libucrt:fflush.obj
 0004:00001a7c       $pdata$__pctype_func       0000000180036a7c     libucrt:ctype.obj
 0004:00001a88       $pdata$iswctype            0000000180036a88     libucrt:iswctype.obj
 0004:00001a94       $pdata$__acrt_release_locale_ref 0000000180036a94     libucrt:locale_refcounting.obj
 0004:00001aa0       $pdata$__acrt_free_locale  0000000180036aa0     libucrt:locale_refcounting.obj
 0004:00001aac       $pdata$__acrt_locale_free_lc_time_if_unreferenced 0000000180036aac     libucrt:locale_refcounting.obj
 0004:00001ab8       $pdata$__acrt_update_thread_locale_data 0000000180036ab8     libucrt:locale_refcounting.obj
 0004:00001ac4       $pdata$__acrt_update_thread_locale_data$fin$0 0000000180036ac4     libucrt:locale_refcounting.obj
 0004:00001ad0       $pdata$_updatetlocinfoEx_nolock 0000000180036ad0     libucrt:locale_refcounting.obj
 0004:00001adc       $pdata$__acrt_DownlevelLocaleNameToLCID 0000000180036adc     libucrt:lcidtoname_downlevel.obj
 0004:00001ae8       $pdata$_isleadbyte_l       0000000180036ae8     libucrt:_wctype.obj
 0004:00001af4       $pdata$?__mbrtowc_utf8@__crt_mbstring@@YA_KPEA_WPEBD_KPEAU_Mbstatet@@@Z 0000000180036af4     libucrt:mbrtowc.obj
 0004:00001b00       $pdata$?__mbsrtowcs_utf8@__crt_mbstring@@YA_KPEA_WPEAPEBD_KPEAU_Mbstatet@@@Z 0000000180036b00     libucrt:mbrtowc.obj
 0004:00001b0c       $pdata$__acrt_fp_strflt_to_string 0000000180036b0c     libucrt:_fptostr.obj
 0004:00001b18       $pdata$memcpy_s            0000000180036b18     libucrt:cfout.obj
 0004:00001b24       $pdata$__acrt_fltout       0000000180036b24     libucrt:cfout.obj
 0004:00001b30       $pdata$?divide@__crt_strtox@@YA_KAEAUbig_integer@1@AEBU21@@Z 0000000180036b30     libucrt:cfout.obj
 0004:00001b3c       $pdata$0$?divide@__crt_strtox@@YA_KAEAUbig_integer@1@AEBU21@@Z 0000000180036b3c     libucrt:cfout.obj
 0004:00001b48       $pdata$1$?divide@__crt_strtox@@YA_KAEAUbig_integer@1@AEBU21@@Z 0000000180036b48     libucrt:cfout.obj
 0004:00001b54       $pdata$fegetround          0000000180036b54     libucrt:fegetround.obj
 0004:00001b60       $pdata$_fcloseall          0000000180036b60     libucrt:closeall.obj
 0004:00001b6c       $pdata$_fcloseall$fin$0    0000000180036b6c     libucrt:closeall.obj
 0004:00001b78       $pdata$__acrt_stdio_free_buffer_nolock 0000000180036b78     libucrt:_freebuf.obj
 0004:00001b84       $pdata$_isatty             0000000180036b84     libucrt:isatty.obj
 0004:00001b90       $pdata$__acrt_locale_free_monetary 0000000180036b90     libucrt:initmon.obj
 0004:00001b9c       $pdata$__acrt_locale_free_numeric 0000000180036b9c     libucrt:initnum.obj
 0004:00001ba8       $pdata$__acrt_locale_free_time 0000000180036ba8     libucrt:inittime.obj
 0004:00001bb4       $pdata$?free_crt_array_internal@@YAXQEAPEBX_K@Z 0000000180036bb4     libucrt:inittime.obj
 0004:00001bc0       $pdata$__acrt_GetStringTypeA 0000000180036bc0     libucrt:getstringtypea.obj
 0004:00001bcc       $pdata$_get_osfhandle      0000000180036bcc     libucrt:osfinfo.obj
 0004:00001bd8       $pdata$_free_osfhnd        0000000180036bd8     libucrt:osfinfo.obj
 0004:00001be4       $pdata$__acrt_lowio_create_handle_array 0000000180036be4     libucrt:osfinfo.obj
 0004:00001bf0       $pdata$__acrt_lowio_destroy_handle_array 0000000180036bf0     libucrt:osfinfo.obj
 0004:00001bfc       $pdata$__acrt_lowio_ensure_fh_exists 0000000180036bfc     libucrt:osfinfo.obj
 0004:00001c08       $pdata$qsort               0000000180036c08     libucrt:qsort.obj
 0004:00001c14       $pdata$4$qsort             0000000180036c14     libucrt:qsort.obj
 0004:00001c20       $pdata$5$qsort             0000000180036c20     libucrt:qsort.obj
 0004:00001c2c       $pdata$strncpy_s           0000000180036c2c     libucrt:strncpy_s.obj
 0004:00001c38       $pdata$strpbrk             0000000180036c38     libucrt:strpbrk.obj
 0004:00001c44       $pdata$fallbackMethod      0000000180036c44     libucrt:strpbrk.obj
 0004:00001c50       $pdata$_mbsdec_l           0000000180036c50     libucrt:mbsdec.obj
 0004:00001c5c       $pdata$__acrt_LCMapStringA 0000000180036c5c     libucrt:lcmapstringa.obj
 0004:00001c68       $pdata$?__acrt_LCMapStringA_stat@@YAHPEAU__crt_locale_pointers@@PEB_WKPEBDHPEADHHH@Z 0000000180036c68     libucrt:lcmapstringa.obj
 0004:00001c74       $pdata$?initialize_multibyte@@YAHXZ 0000000180036c74     libucrt:multibyte_initializer.obj
 0004:00001c80       $pdata$_commit             0000000180036c80     libucrt:commit.obj
 0004:00001c8c       $pdata$??$?RV<lambda_a37b2b86f63e897a80ea819b0eb08c01>@@AEAV<lambda_38ce7e780aa69e748d6df282ebc68efe>@@V<lambda_99fb1378e971ab6e7edea83e3a7a83a2>@@@?$__crt_seh_guarded_call@H@@QEAAH$$QEAV<lambda_a37b2b86f63e897a80ea819b0eb08c01>@@AEAV<lambda_38ce7e780aa69e748d6df282ebc68efe>@@$$QEAV<lambda_99fb1378e971ab6e7edea83e3a7a83a2>@@@Z 0000000180036c8c     libucrt:commit.obj
 0004:00001c98       $pdata$?fin$0@?0???$?RV<lambda_751a882b2c74d4b022dec766aa51a29a>@@AEAV<lambda_628dfdc04ba53c8bfc02c9951375f3f5>@@V<lambda_f6c7be5f7998530c34de24c7437d6b54>@@@?$__crt_seh_guarded_call@H@@QEAAH$$QEAV<lambda_751a882b2c74d4b022dec766aa51a29a>@@AEAV<lambda_628dfdc04ba53c8bfc02c9951375f3f5>@@$$QEAV<lambda_f6c7be5f7998530c34de24c7437d6b54>@@@Z@4HA 0000000180036c98     libucrt:close.obj
 0004:00001c98       $pdata$?fin$0@?0???$?RV<lambda_a37b2b86f63e897a80ea819b0eb08c01>@@AEAV<lambda_38ce7e780aa69e748d6df282ebc68efe>@@V<lambda_99fb1378e971ab6e7edea83e3a7a83a2>@@@?$__crt_seh_guarded_call@H@@QEAAH$$QEAV<lambda_a37b2b86f63e897a80ea819b0eb08c01>@@AEAV<lambda_38ce7e780aa69e748d6df282ebc68efe>@@$$QEAV<lambda_99fb1378e971ab6e7edea83e3a7a83a2>@@@Z@4HA 0000000180036c98     libucrt:commit.obj
 0004:00001ca4       $pdata$_write              0000000180036ca4     libucrt:write.obj
 0004:00001cb0       $pdata$_write$fin$0        0000000180036cb0     libucrt:write.obj
 0004:00001cbc       $pdata$_write_nolock       0000000180036cbc     libucrt:write.obj
 0004:00001cc8       $pdata$?write_double_translated_ansi_nolock@@YA?AUwrite_result@?A0x17268360@@HQEBDI@Z 0000000180036cc8     libucrt:write.obj
 0004:00001cd4       $pdata$?write_text_ansi_nolock@@YA?AUwrite_result@?A0x17268360@@HQEBDI@Z 0000000180036cd4     libucrt:write.obj
 0004:00001ce0       $pdata$?write_text_utf16le_nolock@@YA?AUwrite_result@?A0x17268360@@HQEBDI@Z 0000000180036ce0     libucrt:write.obj
 0004:00001cec       $pdata$?write_text_utf8_nolock@@YA?AUwrite_result@?A0x17268360@@HQEBDI@Z 0000000180036cec     libucrt:write.obj
 0004:00001cf8       $pdata$?__mbrtoc32_utf8@__crt_mbstring@@YA_KPEA_UPEBD_KPEAU_Mbstatet@@@Z 0000000180036cf8     libucrt:mbrtoc32.obj
 0004:00001d04       $pdata$_controlfp_s        0000000180036d04     libucrt:contrlfp.obj
 0004:00001d10       $pdata$fegetenv            0000000180036d10     libucrt:fegetenv.obj
 0004:00001d1c       $pdata$fesetenv            0000000180036d1c     libucrt:fesetenv.obj
 0004:00001d28       $pdata$feholdexcept        0000000180036d28     libucrt:feholdexcept.obj
 0004:00001d40       $pdata$__acrt_fenv_set_control 0000000180036d40     libucrt:_fenvutils.obj
 0004:00001d4c       $pdata$??$common_lseek_nolock@_J@@YA_JH_JH@Z 0000000180036d4c     libucrt:lseek.obj
 0004:00001d58       $pdata$fclose              0000000180036d58     libucrt:fclose.obj
 0004:00001d64       $pdata$fclose$fin$0        0000000180036d64     libucrt:fclose.obj
 0004:00001d70       $pdata$_fclose_nolock      0000000180036d70     libucrt:fclose.obj
 0004:00001d7c       $pdata$_putwch_nolock      0000000180036d7c     libucrt:putwch.obj
 0004:00001d88       $pdata$_clearfp            0000000180036d88     libucrt:ieee.obj
 0004:00001d94       $pdata$common_control87    0000000180036d94     libucrt:ieee.obj
 0004:00001da0       $pdata$_ctrlfp$filt$0      0000000180036da0     libucrt:fpctrl.obj
 0004:00001da0       $pdata$common_control87$filt$0 0000000180036da0     libucrt:ieee.obj
 0004:00001dac       $pdata$_call_matherr       0000000180036dac     libucrt:libm_error.obj
 0004:00001db8       $pdata$_exception_enabled  0000000180036db8     libucrt:libm_error.obj
 0004:00001dc4       $pdata$_handle_error       0000000180036dc4     libucrt:libm_error.obj
 0004:00001dd0       $pdata$__acrt_initialize_fma3 0000000180036dd0     libucrt:fma3_available.obj
 0004:00001ddc       $pdata$_log_special_common 0000000180036ddc     libucrt:log_special.obj
 0004:00001de8       $pdata$_log10_special      0000000180036de8     libucrt:log_special.obj
 0004:00001df4       $pdata$_close              0000000180036df4     libucrt:close.obj
 0004:00001e00       $pdata$_close_nolock       0000000180036e00     libucrt:close.obj
 0004:00001e0c       $pdata$??$?RV<lambda_751a882b2c74d4b022dec766aa51a29a>@@AEAV<lambda_628dfdc04ba53c8bfc02c9951375f3f5>@@V<lambda_f6c7be5f7998530c34de24c7437d6b54>@@@?$__crt_seh_guarded_call@H@@QEAAH$$QEAV<lambda_751a882b2c74d4b022dec766aa51a29a>@@AEAV<lambda_628dfdc04ba53c8bfc02c9951375f3f5>@@$$QEAV<lambda_f6c7be5f7998530c34de24c7437d6b54>@@@Z 0000000180036e0c     libucrt:close.obj
 0004:00001e18       $pdata$__dcrt_lowio_ensure_console_output_initialized 0000000180036e18     libucrt:initcon.obj
 0004:00001e24       $pdata$__dcrt_write_console 0000000180036e24     libucrt:initcon.obj
 0004:00001e30       $pdata$__dcrt_terminate_console_output 0000000180036e30     libucrt:initcon.obj
 0004:00001e48       $pdata$_set_errno_from_matherr 0000000180036e48     libucrt:fpexcept.obj
 0004:00001e54       $pdata$_raise_exc          0000000180036e54     libucrt:fpexcept.obj
 0004:00001e60       $pdata$_raise_exc_ex       0000000180036e60     libucrt:fpexcept.obj
 0004:00001e6c       $pdata$_clrfp              0000000180036e6c     libucrt:fpctrl.obj
 0004:00001e78       $pdata$_ctrlfp             0000000180036e78     libucrt:fpctrl.obj
 0004:00001e84       $pdata$_statfp             0000000180036e84     libucrt:fpctrl.obj
 0004:00001e90       $pdata$_set_statfp         0000000180036e90     libucrt:fpctrl.obj
 0004:00001e9c       $pdata$_IsNonwritableInCurrentImage 0000000180036e9c     LIBCMT:pesect.obj
 0004:00001ea8       $pdata$_IsNonwritableInCurrentImage$filt$0 0000000180036ea8     LIBCMT:pesect.obj
 0005:00000000       MoveSmall                  0000000180037000     libvcruntime:memcpy.obj
 0005:00000050       MsetTab                    0000000180037050     libvcruntime:memset.obj
 0006:00000220       $R000000                   0000000180038220     ImageScanner.res
 0006:00000bc8       $R0009A8                   0000000180038bc8     ImageScanner.res
 0006:00000cb0       $R000A90                   0000000180038cb0     ImageScanner.res
 0006:00000f18       $R000CF8                   0000000180038f18     ImageScanner.res
 0006:00001430       $R001210                   0000000180039430     ImageScanner.res
 0006:00004430       $R004210                   000000018003c430     ImageScanner.res
 0006:00004468       $R004248                   000000018003c468     ImageScanner.res
