 OPOSCashDrawer

 Timestamp is 61a758c1 (Wed Dec  1 20:13:05 2021)

 Preferred load address is 0000000180000000

 Start         Length     Name                   Class
 0001:00000000 000000c0H .text$di                CODE
 0001:000000c0 00023630H .text$mn                CODE
 0001:000236f0 00000040H .text$mn$00             CODE
 0001:00023730 00000660H .text$x                 CODE
 0001:00023d90 00000078H .text$yd                CODE
 0002:00000000 00000638H .idata$5                DATA
 0002:00000638 00000030H .00cfg                  DATA
 0002:00000668 00000008H .CRT$XCA                DATA
 0002:00000670 00000008H .CRT$XCL                DATA
 0002:00000678 00000020H .CRT$XCU                DATA
 0002:00000698 00000008H .CRT$XCZ                DATA
 0002:000006a0 00000008H .CRT$XIA                DATA
 0002:000006a8 00000020H .CRT$XIC                DATA
 0002:000006c8 00000008H .CRT$XIZ                DATA
 0002:000006d0 00000008H .CRT$XLA                DATA
 0002:000006d8 00000008H .CRT$XLZ                DATA
 0002:000006e0 00000008H .CRT$XPA                DATA
 0002:000006e8 00000010H .CRT$XPX                DATA
 0002:000006f8 00000008H .CRT$XPXA               DATA
 0002:00000700 00000008H .CRT$XPZ                DATA
 0002:00000708 00000008H .CRT$XTA                DATA
 0002:00000710 00000010H .CRT$XTZ                DATA
 0002:00000718 00000000H .gehcont$y              DATA
 0002:00000718 00000000H .gfids$y                DATA
 0002:00000720 0000a360H .rdata                  DATA
 0002:0000aa80 00000000H .rdata$CastGuardVftablesA DATA
 0002:0000aa80 00000000H .rdata$CastGuardVftablesC DATA
 0002:0000aa80 00000028H .rdata$T                DATA
 0002:0000aaa8 00000274H .rdata$r                DATA
 0002:0000ad1c 00000048H .rdata$voltmd           DATA
 0002:0000ad64 00000434H .rdata$zzzdbg           DATA
 0002:0000b198 00000008H .rtc$IAA                DATA
 0002:0000b1a0 00000008H .rtc$IZZ                DATA
 0002:0000b1a8 00000008H .rtc$TAA                DATA
 0002:0000b1b0 00000008H .rtc$TZZ                DATA
 0002:0000b1b8 00000004H .tls                    DATA
 0002:0000b1bc 00000004H .tls$                   DATA
 0002:0000b1c0 00000008H .tls$ZZZ                DATA
 0002:0000b1c8 00001918H .xdata                  DATA
 0002:0000cae0 00000150H .xdata$x                DATA
 0002:0000cc30 00000008H ATL$__a                 DATA
 0002:0000cc38 00000008H ATL$__z                 DATA
 0002:0000cc40 000000acH .edata                  DATA
 0002:0000ccec 00000078H .idata$2                DATA
 0002:0000cd64 00000014H .idata$3                DATA
 0002:0000cd78 00000638H .idata$4                DATA
 0002:0000d3b0 00000c5cH .idata$6                DATA
 0003:00000000 00000d98H .data                   DATA
 0003:00000d98 000000a8H .data$r                 DATA
 0003:00000e40 00000020H .data$rs                DATA
 0003:00000e60 000013ecH .bss                    DATA
 0004:00000000 00001fb0H .pdata                  DATA
 0005:00000000 000000f4H _RDATA                  DATA
 0006:00000000 00000220H .rsrc$01                DATA
 0006:00000220 000038d0H .rsrc$02                DATA

  Address         Publics by Value              Rva+Base               Lib:Object

 0000:00000000       __x64_code_ranges_to_entry_points 0000000000000000     <absolute>
 0000:00000000       __x64_code_ranges_to_entry_points_count 0000000000000000     <absolute>
 0000:00000000       __guard_fids_count         0000000000000000     <absolute>
 0000:00000000       __arm64x_extra_rfe_table   0000000000000000     <absolute>
 0000:00000000       __arm64x_redirection_metadata 0000000000000000     <absolute>
 0000:00000000       __guard_longjmp_table      0000000000000000     <absolute>
 0000:00000000       __guard_iat_table          0000000000000000     <absolute>
 0000:00000000       __hybrid_code_map          0000000000000000     <absolute>
 0000:00000000       __arm64x_extra_rfe_table_size 0000000000000000     <absolute>
 0000:00000000       ___safe_se_handler_count   0000000000000000     <absolute>
 0000:00000000       __guard_iat_count          0000000000000000     <absolute>
 0000:00000000       __guard_longjmp_count      0000000000000000     <absolute>
 0000:00000000       ___safe_se_handler_table   0000000000000000     <absolute>
 0000:00000000       __dynamic_value_reloc_table 0000000000000000     <absolute>
 0000:00000000       __hybrid_auxiliary_iat     0000000000000000     <absolute>
 0000:00000000       __hybrid_auxiliary_iat_copy 0000000000000000     <absolute>
 0000:00000000       __guard_eh_cont_count      0000000000000000     <absolute>
 0000:00000000       __AbsoluteZero             0000000000000000     <absolute>
 0000:00000000       __guard_check_icall_a64n_fptr 0000000000000000     <absolute>
 0000:00000000       __guard_fids_table         0000000000000000     <absolute>
 0000:00000000       __arm64x_redirection_metadata_count 0000000000000000     <absolute>
 0000:00000000       __enclave_config           0000000000000000     <absolute>
 0000:00000000       __guard_eh_cont_table      0000000000000000     <absolute>
 0000:00000000       __arm64x_native_entrypoint 0000000000000000     <absolute>
 0000:00000000       __hybrid_code_map_count    0000000000000000     <absolute>
 0000:00000100       __guard_flags              0000000000000100     <absolute>
 0000:00000000       __ImageBase                0000000180000000     <linker-defined>
 0001:000000c0       ?DupWide@_CW@@AEAAXXZ      00000001800010c0 f   CWString.obj
 0001:000000e8       ?cw_dup@@YAXPEBDAEAHAEAPEA_W1@Z 00000001800010e8 f   CWString.obj
 0001:000001c8       ?cw_memcpy@@YAHPEA_WPEBDH@Z 00000001800011c8 f   CWString.obj
 0001:00000214       ?cw_strcpy@@YAHPEA_WPEBD@Z 0000000180001214 f   CWString.obj
 0001:00000228       ??0CAtlComModule@ATL@@QEAA@XZ 0000000180001228 f i OposVariant.obj
 0001:000002a8       ??0CAtlWinModule@ATL@@QEAA@XZ 00000001800012a8 f i OposVariant.obj
 0001:00000314       ??0OposDispParms@@QEAA@PEAVOposVariant@@H@Z 0000000180001314 f   OposVariant.obj
 0001:000003bc       ??1OposDispParms@@QEAA@XZ  00000001800013bc f   OposVariant.obj
 0001:000003d4       ??_Estringdispid@CComTypeInfoHolder@ATL@@QEAAPEAXI@Z 00000001800013d4 f i OposVariant.obj
 0001:00000478       ?AtlWinModuleTerm@ATL@@YAJPEAU_ATL_WIN_MODULE70@1@PEAUHINSTANCE__@@@Z 0000000180001478 f i OposVariant.obj
 0001:00000528       ?ChangeBSTR@OposVariant@@QEAAXPEAPEA_WAEAJ@Z 0000000180001528 f   OposVariant.obj
 0001:00000588       ?ChangeLONG@OposVariant@@QEAAXPEAJAEAJ@Z 0000000180001588 f   OposVariant.obj
 0001:000005e4       ?GetLONG@OposVariant@@QEAAJXZ 00000001800015e4 f   OposVariant.obj
 0001:00000608       ?SetBSTR@OposVariant@@QEAAXPEA_WAEAJ@Z 0000000180001608 f   OposVariant.obj
 0001:00000648       ?SetBSTR_Copy@OposVariant@@QEAAXPEA_WAEAJ@Z 0000000180001648 f   OposVariant.obj
 0001:000006b8       ?SetBSTR_InOutPtr@OposVariant@@QEAA_NPEAPEA_WAEAJ@Z 00000001800016b8 f   OposVariant.obj
 0001:00000708       ?SetDispatch_Ptr@OposVariant@@QEAAXPEAUIDispatch@@AEAJ@Z 0000000180001708 f   OposVariant.obj
 0001:00000760       ?SetLONG@OposVariant@@QEAAXJ@Z 0000000180001760 f   OposVariant.obj
 0001:00000790       ?SetLONG_Ptr@OposVariant@@QEAAXPEAJAEAJ@Z 0000000180001790 f   OposVariant.obj
 0001:000007dc       ?SetString@OposVariant@@QEAAXPEB_WAEAJ@Z 00000001800017dc f   OposVariant.obj
 0001:00000840       ?SetVARIANT_BOOL@OposVariant@@QEAAXF@Z 0000000180001840 f   OposVariant.obj
 0001:00000878       ?Term@CAtlComModule@ATL@@QEAAXXZ 0000000180001878 f i OposVariant.obj
 0001:000008e8       ?_AtlInitializeCriticalSectionEx@ATL@@YAHPEAU_RTL_CRITICAL_SECTION@@KK@Z 00000001800018e8 f i OposVariant.obj
 0001:000008f0       ?_AtlRaiseException@ATL@@YAXKK@Z 00000001800018f0 f i OposVariant.obj
 0001:00000900       ?Next@?$CComEnumImpl@UIEnumConnections@@$1?_GUID_b196b287_bab4_101a_b69c_00aa00341d07@@3U__s_GUID@@BUtagCONNECTDATA@@V?$_Copy@UtagCONNECTDATA@@@ATL@@@ATL@@UEAAJKPEAUtagCONNECTDATA@@PEAK@Z 0000000180001900 f i CashDrawer.obj
 0001:000009c8       ?Skip@?$CComEnumImpl@UIEnumConnections@@$1?_GUID_b196b287_bab4_101a_b69c_00aa00341d07@@3U__s_GUID@@BUtagCONNECTDATA@@V?$_Copy@UtagCONNECTDATA@@@ATL@@@ATL@@UEAAJK@Z 00000001800019c8 f i CashDrawer.obj
 0001:000009f4       ?Reset@?$CComEnumImpl@UIEnumConnectionPoints@@$1?_GUID_b196b285_bab4_101a_b69c_00aa00341d07@@3U__s_GUID@@BPEAUIConnectionPoint@@V?$_CopyInterface@UIConnectionPoint@@@ATL@@@ATL@@UEAAJXZ 00000001800019f4 f i CashDrawer.obj
 0001:000009f4       ?Reset@?$CComEnumImpl@UIEnumConnections@@$1?_GUID_b196b287_bab4_101a_b69c_00aa00341d07@@3U__s_GUID@@BUtagCONNECTDATA@@V?$_Copy@UtagCONNECTDATA@@@ATL@@@ATL@@UEAAJXZ 00000001800019f4 f i CashDrawer.obj
 0001:00000a00       ?Clone@?$CComEnumImpl@UIEnumConnections@@$1?_GUID_b196b287_bab4_101a_b69c_00aa00341d07@@3U__s_GUID@@BUtagCONNECTDATA@@V?$_Copy@UtagCONNECTDATA@@@ATL@@@ATL@@UEAAJPEAPEAUIEnumConnections@@@Z 0000000180001a00 f i CashDrawer.obj
 0001:00000b2c       ?AddRef@?$CComObject@V?$CComEnum@UIEnumConnectionPoints@@$1?_GUID_b196b285_bab4_101a_b69c_00aa00341d07@@3U__s_GUID@@BPEAUIConnectionPoint@@V?$_CopyInterface@UIConnectionPoint@@@ATL@@VCComSingleThreadModel@6@@ATL@@@ATL@@UEAAKXZ 0000000180001b2c f i CashDrawer.obj
 0001:00000b2c       ?AddRef@?$CComObject@V?$CComEnum@UIEnumConnections@@$1?_GUID_b196b287_bab4_101a_b69c_00aa00341d07@@3U__s_GUID@@BUtagCONNECTDATA@@V?$_Copy@UtagCONNECTDATA@@@ATL@@VCComSingleThreadModel@6@@ATL@@@ATL@@UEAAKXZ 0000000180001b2c f i CashDrawer.obj
 0001:00000b38       ?Release@?$CComObject@V?$CComEnum@UIEnumConnectionPoints@@$1?_GUID_b196b285_bab4_101a_b69c_00aa00341d07@@3U__s_GUID@@BPEAUIConnectionPoint@@V?$_CopyInterface@UIConnectionPoint@@@ATL@@VCComSingleThreadModel@6@@ATL@@@ATL@@UEAAKXZ 0000000180001b38 f i CashDrawer.obj
 0001:00000b38       ?Release@?$CComObject@V?$CComEnum@UIEnumConnections@@$1?_GUID_b196b287_bab4_101a_b69c_00aa00341d07@@3U__s_GUID@@BUtagCONNECTDATA@@V?$_Copy@UtagCONNECTDATA@@@ATL@@VCComSingleThreadModel@6@@ATL@@@ATL@@UEAAKXZ 0000000180001b38 f i CashDrawer.obj
 0001:00000b8c       ?QueryInterface@?$CComObject@V?$CComEnum@UIEnumConnections@@$1?_GUID_b196b287_bab4_101a_b69c_00aa00341d07@@3U__s_GUID@@BUtagCONNECTDATA@@V?$_Copy@UtagCONNECTDATA@@@ATL@@VCComSingleThreadModel@6@@ATL@@@ATL@@UEAAJAEBU_GUID@@PEAPEAX@Z 0000000180001b8c f i CashDrawer.obj
 0001:00000ba0       ??_E?$CComObject@V?$CComEnum@UIEnumConnections@@$1?_GUID_b196b287_bab4_101a_b69c_00aa00341d07@@3U__s_GUID@@BUtagCONNECTDATA@@V?$_Copy@UtagCONNECTDATA@@@ATL@@VCComSingleThreadModel@6@@ATL@@@ATL@@UEAAPEAXI@Z 0000000180001ba0 f i CashDrawer.obj
 0001:00000ba0       ??_G?$CComObject@V?$CComEnum@UIEnumConnections@@$1?_GUID_b196b287_bab4_101a_b69c_00aa00341d07@@3U__s_GUID@@BUtagCONNECTDATA@@V?$_Copy@UtagCONNECTDATA@@@ATL@@VCComSingleThreadModel@6@@ATL@@@ATL@@UEAAPEAXI@Z 0000000180001ba0 f i CashDrawer.obj
 0001:00000bf8       ?OnFinalMessage@?$CWindowImplBaseT@VCWindow@ATL@@V?$CWinTraits@$0FGAAAAAA@$0A@@2@@ATL@@UEAAXPEAUHWND__@@@Z 0000000180001bf8 f i CashDrawer.obj
 0001:00000bf8       _guard_check_icall_nop     0000000180001bf8 f i LIBCMT:guard_support.obj
 0001:00000bf8       ?ObjectMain@CComObjectRootBase@ATL@@SAX_N@Z 0000000180001bf8 f i CashDrawer.obj
 0001:00000bfc       ?ResizeBorder@?$IOleInPlaceActiveObjectImpl@VCOPOSCashDrawer@@@ATL@@UEAAJPEBUtagRECT@@PEAUIOleInPlaceUIWindow@@H@Z 0000000180001bfc f i CashDrawer.obj
 0001:00000bfc       ?SaveCompleted@?$IPersistStorageImpl@VCOPOSCashDrawer@@@ATL@@UEAAJPEAUIStorage@@@Z 0000000180001bfc f i CashDrawer.obj
 0001:00000bfc       ?Release@CRegObject@ATL@@UEAAKXZ 0000000180001bfc f i CashDrawer.obj
 0001:00000bfc       ?OnAmbientPropertyChange@?$IOleControlImpl@VCOPOSCashDrawer@@@ATL@@UEAAJJ@Z 0000000180001bfc f i CashDrawer.obj
 0001:00000bfc       ?IsUpToDate@?$IOleObjectImpl@VCOPOSCashDrawer@@@ATL@@UEAAJXZ 0000000180001bfc f i CashDrawer.obj
 0001:00000bfc       ?Update@?$IOleObjectImpl@VCOPOSCashDrawer@@@ATL@@UEAAJXZ 0000000180001bfc f i CashDrawer.obj
 0001:00000bfc       ?GetObjectDescription@?$CComCoClass@VCOPOSCashDrawer@@$1?CLSID_OPOSCashDrawer@@3U_GUID@@B@ATL@@SAPEB_WXZ 0000000180001bfc f i CashDrawer.obj
 0001:00000bfc       ?EnableModeless@?$IOleInPlaceActiveObjectImpl@VCOPOSCashDrawer@@@ATL@@UEAAJH@Z 0000000180001bfc f i CashDrawer.obj
 0001:00000bfc       ?OnFrameWindowActivate@?$IOleInPlaceActiveObjectImpl@VCOPOSCashDrawer@@@ATL@@UEAAJH@Z 0000000180001bfc f i CashDrawer.obj
 0001:00000bfc       ?SetHostNames@?$IOleObjectImpl@VCOPOSCashDrawer@@@ATL@@UEAAJPEB_W0@Z 0000000180001bfc f i CashDrawer.obj
 0001:00000bfc       ?GetCategoryMap@CComObjectRootBase@ATL@@SAPEBU_ATL_CATMAP_ENTRY@2@XZ 0000000180001bfc f i CashDrawer.obj
 0001:00000bfc       ?HandsOffStorage@?$IPersistStorageImpl@VCOPOSCashDrawer@@@ATL@@UEAAJXZ 0000000180001bfc f i CashDrawer.obj
 0001:00000c00       ??_E?$CComObject@VCOPOSCashDrawer@@@ATL@@W7EAAPEAXI@Z 0000000180001c00 f i CashDrawer.obj
 0001:00000c0c       ??_E?$CComObject@VCOPOSCashDrawer@@@ATL@@WHA@EAAPEAXI@Z 0000000180001c0c f i CashDrawer.obj
 0001:00000c18       ?QueryInterface@?$CComObject@VCOPOSCashDrawer@@@ATL@@WLI@EAAJAEBU_GUID@@PEAPEAX@Z 0000000180001c18 f i CashDrawer.obj
 0001:00000c24       ?AddRef@?$CComObject@VCOPOSCashDrawer@@@ATL@@WLI@EAAKXZ 0000000180001c24 f i CashDrawer.obj
 0001:00000c30       ?Release@?$CComObject@VCOPOSCashDrawer@@@ATL@@WLI@EAAKXZ 0000000180001c30 f i CashDrawer.obj
 0001:00000c3c       ?QueryInterface@?$CComObject@VCOPOSCashDrawer@@@ATL@@WMA@EAAJAEBU_GUID@@PEAPEAX@Z 0000000180001c3c f i CashDrawer.obj
 0001:00000c48       ?AddRef@?$CComObject@VCOPOSCashDrawer@@@ATL@@WMA@EAAKXZ 0000000180001c48 f i CashDrawer.obj
 0001:00000c54       ?Release@?$CComObject@VCOPOSCashDrawer@@@ATL@@WMA@EAAKXZ 0000000180001c54 f i CashDrawer.obj
 0001:00000c60       ?QueryInterface@?$CComObject@VCOPOSCashDrawer@@@ATL@@WMI@EAAJAEBU_GUID@@PEAPEAX@Z 0000000180001c60 f i CashDrawer.obj
 0001:00000c6c       ?AddRef@?$CComObject@VCOPOSCashDrawer@@@ATL@@WMI@EAAKXZ 0000000180001c6c f i CashDrawer.obj
 0001:00000c78       ?Release@?$CComObject@VCOPOSCashDrawer@@@ATL@@WMI@EAAKXZ 0000000180001c78 f i CashDrawer.obj
 0001:00000c84       ?QueryInterface@?$CComObject@VCOPOSCashDrawer@@@ATL@@WNA@EAAJAEBU_GUID@@PEAPEAX@Z 0000000180001c84 f i CashDrawer.obj
 0001:00000c90       ?AddRef@?$CComObject@VCOPOSCashDrawer@@@ATL@@WNA@EAAKXZ 0000000180001c90 f i CashDrawer.obj
 0001:00000c9c       ?Release@?$CComObject@VCOPOSCashDrawer@@@ATL@@WNA@EAAKXZ 0000000180001c9c f i CashDrawer.obj
 0001:00000ca8       ?QueryInterface@?$CComObject@VCOPOSCashDrawer@@@ATL@@WNI@EAAJAEBU_GUID@@PEAPEAX@Z 0000000180001ca8 f i CashDrawer.obj
 0001:00000cb4       ?AddRef@?$CComObject@VCOPOSCashDrawer@@@ATL@@WNI@EAAKXZ 0000000180001cb4 f i CashDrawer.obj
 0001:00000cc0       ?Release@?$CComObject@VCOPOSCashDrawer@@@ATL@@WNI@EAAKXZ 0000000180001cc0 f i CashDrawer.obj
 0001:00000ccc       ?QueryInterface@?$CComObject@VCOPOSCashDrawer@@@ATL@@WOA@EAAJAEBU_GUID@@PEAPEAX@Z 0000000180001ccc f i CashDrawer.obj
 0001:00000cd8       ?AddRef@?$CComObject@VCOPOSCashDrawer@@@ATL@@WOA@EAAKXZ 0000000180001cd8 f i CashDrawer.obj
 0001:00000ce4       ?Release@?$CComObject@VCOPOSCashDrawer@@@ATL@@WOA@EAAKXZ 0000000180001ce4 f i CashDrawer.obj
 0001:00000cf0       ?QueryInterface@?$CComObject@VCOPOSCashDrawer@@@ATL@@WOI@EAAJAEBU_GUID@@PEAPEAX@Z 0000000180001cf0 f i CashDrawer.obj
 0001:00000cfc       ?AddRef@?$CComObject@VCOPOSCashDrawer@@@ATL@@WOI@EAAKXZ 0000000180001cfc f i CashDrawer.obj
 0001:00000d08       ?Release@?$CComObject@VCOPOSCashDrawer@@@ATL@@WOI@EAAKXZ 0000000180001d08 f i CashDrawer.obj
 0001:00000d14       ?QueryInterface@?$CComObject@VCOPOSCashDrawer@@@ATL@@WPA@EAAJAEBU_GUID@@PEAPEAX@Z 0000000180001d14 f i CashDrawer.obj
 0001:00000d20       ?AddRef@?$CComObject@VCOPOSCashDrawer@@@ATL@@WPA@EAAKXZ 0000000180001d20 f i CashDrawer.obj
 0001:00000d2c       ?Release@?$CComObject@VCOPOSCashDrawer@@@ATL@@WPA@EAAKXZ 0000000180001d2c f i CashDrawer.obj
 0001:00000d38       ?QueryInterface@?$CComObject@VCOPOSCashDrawer@@@ATL@@WPI@EAAJAEBU_GUID@@PEAPEAX@Z 0000000180001d38 f i CashDrawer.obj
 0001:00000d44       ?AddRef@?$CComObject@VCOPOSCashDrawer@@@ATL@@WPI@EAAKXZ 0000000180001d44 f i CashDrawer.obj
 0001:00000d50       ?Release@?$CComObject@VCOPOSCashDrawer@@@ATL@@WPI@EAAKXZ 0000000180001d50 f i CashDrawer.obj
 0001:00000d5c       ?QueryInterface@?$CComObject@VCOPOSCashDrawer@@@ATL@@WBAA@EAAJAEBU_GUID@@PEAPEAX@Z 0000000180001d5c f i CashDrawer.obj
 0001:00000d68       ?AddRef@?$CComObject@VCOPOSCashDrawer@@@ATL@@WBAA@EAAKXZ 0000000180001d68 f i CashDrawer.obj
 0001:00000d74       ?Release@?$CComObject@VCOPOSCashDrawer@@@ATL@@WBAA@EAAKXZ 0000000180001d74 f i CashDrawer.obj
 0001:00000d80       ?QueryInterface@?$CComObject@VCOPOSCashDrawer@@@ATL@@WBAI@EAAJAEBU_GUID@@PEAPEAX@Z 0000000180001d80 f i CashDrawer.obj
 0001:00000d8c       ?AddRef@?$CComObject@VCOPOSCashDrawer@@@ATL@@WBAI@EAAKXZ 0000000180001d8c f i CashDrawer.obj
 0001:00000d98       ?Release@?$CComObject@VCOPOSCashDrawer@@@ATL@@WBAI@EAAKXZ 0000000180001d98 f i CashDrawer.obj
 0001:00000da4       ?QueryInterface@?$CComObject@VCOPOSCashDrawer@@@ATL@@WBBA@EAAJAEBU_GUID@@PEAPEAX@Z 0000000180001da4 f i CashDrawer.obj
 0001:00000db0       ?AddRef@?$CComObject@VCOPOSCashDrawer@@@ATL@@WBBA@EAAKXZ 0000000180001db0 f i CashDrawer.obj
 0001:00000dbc       ?Release@?$CComObject@VCOPOSCashDrawer@@@ATL@@WBBA@EAAKXZ 0000000180001dbc f i CashDrawer.obj
 0001:00000dc8       ?QueryInterface@?$CComObject@VCOPOSCashDrawer@@@ATL@@WBBI@EAAJAEBU_GUID@@PEAPEAX@Z 0000000180001dc8 f i CashDrawer.obj
 0001:00000dd4       ?AddRef@?$CComObject@VCOPOSCashDrawer@@@ATL@@WBBI@EAAKXZ 0000000180001dd4 f i CashDrawer.obj
 0001:00000de0       ?Release@?$CComObject@VCOPOSCashDrawer@@@ATL@@WBBI@EAAKXZ 0000000180001de0 f i CashDrawer.obj
 0001:00000dec       ?AddRef@?$CComObject@VCOPOSCashDrawer@@@ATL@@WBCI@EAAKXZ 0000000180001dec f i CashDrawer.obj
 0001:00000df8       ?Release@?$CComObject@VCOPOSCashDrawer@@@ATL@@WBCI@EAAKXZ 0000000180001df8 f i CashDrawer.obj
 0001:00000e04       ?AddRef@?$CComObject@VCOPOSCashDrawer@@@ATL@@WBEA@EAAKXZ 0000000180001e04 f i CashDrawer.obj
 0001:00000e10       ?Release@?$CComObject@VCOPOSCashDrawer@@@ATL@@WBEA@EAAKXZ 0000000180001e10 f i CashDrawer.obj
 0001:00000e1c       ??_E?$CComContainedObject@VCOPOSCashDrawer@@@ATL@@W7EAAPEAXI@Z 0000000180001e1c f i CashDrawer.obj
 0001:00000e28       ??_E?$CComContainedObject@VCOPOSCashDrawer@@@ATL@@WHA@EAAPEAXI@Z 0000000180001e28 f i CashDrawer.obj
 0001:00000e34       ?QueryInterface@?$CComContainedObject@VCOPOSCashDrawer@@@ATL@@WLI@EAAJAEBU_GUID@@PEAPEAX@Z 0000000180001e34 f i CashDrawer.obj
 0001:00000e40       ?AddRef@?$CComContainedObject@VCOPOSCashDrawer@@@ATL@@WLI@EAAKXZ 0000000180001e40 f i CashDrawer.obj
 0001:00000e4c       ?Release@?$CComContainedObject@VCOPOSCashDrawer@@@ATL@@WLI@EAAKXZ 0000000180001e4c f i CashDrawer.obj
 0001:00000e58       ?QueryInterface@?$CComContainedObject@VCOPOSCashDrawer@@@ATL@@WMA@EAAJAEBU_GUID@@PEAPEAX@Z 0000000180001e58 f i CashDrawer.obj
 0001:00000e64       ?AddRef@?$CComContainedObject@VCOPOSCashDrawer@@@ATL@@WMA@EAAKXZ 0000000180001e64 f i CashDrawer.obj
 0001:00000e70       ?Release@?$CComContainedObject@VCOPOSCashDrawer@@@ATL@@WMA@EAAKXZ 0000000180001e70 f i CashDrawer.obj
 0001:00000e7c       ?QueryInterface@?$CComContainedObject@VCOPOSCashDrawer@@@ATL@@WMI@EAAJAEBU_GUID@@PEAPEAX@Z 0000000180001e7c f i CashDrawer.obj
 0001:00000e88       ?AddRef@?$CComContainedObject@VCOPOSCashDrawer@@@ATL@@WMI@EAAKXZ 0000000180001e88 f i CashDrawer.obj
 0001:00000e94       ?Release@?$CComContainedObject@VCOPOSCashDrawer@@@ATL@@WMI@EAAKXZ 0000000180001e94 f i CashDrawer.obj
 0001:00000ea0       ?QueryInterface@?$CComContainedObject@VCOPOSCashDrawer@@@ATL@@WNA@EAAJAEBU_GUID@@PEAPEAX@Z 0000000180001ea0 f i CashDrawer.obj
 0001:00000eac       ?AddRef@?$CComContainedObject@VCOPOSCashDrawer@@@ATL@@WNA@EAAKXZ 0000000180001eac f i CashDrawer.obj
 0001:00000eb8       ?Release@?$CComContainedObject@VCOPOSCashDrawer@@@ATL@@WNA@EAAKXZ 0000000180001eb8 f i CashDrawer.obj
 0001:00000ec4       ?QueryInterface@?$CComContainedObject@VCOPOSCashDrawer@@@ATL@@WNI@EAAJAEBU_GUID@@PEAPEAX@Z 0000000180001ec4 f i CashDrawer.obj
 0001:00000ed0       ?AddRef@?$CComContainedObject@VCOPOSCashDrawer@@@ATL@@WNI@EAAKXZ 0000000180001ed0 f i CashDrawer.obj
 0001:00000edc       ?Release@?$CComContainedObject@VCOPOSCashDrawer@@@ATL@@WNI@EAAKXZ 0000000180001edc f i CashDrawer.obj
 0001:00000ee8       ?QueryInterface@?$CComContainedObject@VCOPOSCashDrawer@@@ATL@@WOA@EAAJAEBU_GUID@@PEAPEAX@Z 0000000180001ee8 f i CashDrawer.obj
 0001:00000ef4       ?AddRef@?$CComContainedObject@VCOPOSCashDrawer@@@ATL@@WOA@EAAKXZ 0000000180001ef4 f i CashDrawer.obj
 0001:00000f00       ?Release@?$CComContainedObject@VCOPOSCashDrawer@@@ATL@@WOA@EAAKXZ 0000000180001f00 f i CashDrawer.obj
 0001:00000f0c       ?QueryInterface@?$CComContainedObject@VCOPOSCashDrawer@@@ATL@@WOI@EAAJAEBU_GUID@@PEAPEAX@Z 0000000180001f0c f i CashDrawer.obj
 0001:00000f18       ?AddRef@?$CComContainedObject@VCOPOSCashDrawer@@@ATL@@WOI@EAAKXZ 0000000180001f18 f i CashDrawer.obj
 0001:00000f24       ?Release@?$CComContainedObject@VCOPOSCashDrawer@@@ATL@@WOI@EAAKXZ 0000000180001f24 f i CashDrawer.obj
 0001:00000f30       ?QueryInterface@?$CComContainedObject@VCOPOSCashDrawer@@@ATL@@WPA@EAAJAEBU_GUID@@PEAPEAX@Z 0000000180001f30 f i CashDrawer.obj
 0001:00000f3c       ?AddRef@?$CComContainedObject@VCOPOSCashDrawer@@@ATL@@WPA@EAAKXZ 0000000180001f3c f i CashDrawer.obj
 0001:00000f48       ?Release@?$CComContainedObject@VCOPOSCashDrawer@@@ATL@@WPA@EAAKXZ 0000000180001f48 f i CashDrawer.obj
 0001:00000f54       ?QueryInterface@?$CComContainedObject@VCOPOSCashDrawer@@@ATL@@WPI@EAAJAEBU_GUID@@PEAPEAX@Z 0000000180001f54 f i CashDrawer.obj
 0001:00000f60       ?AddRef@?$CComContainedObject@VCOPOSCashDrawer@@@ATL@@WPI@EAAKXZ 0000000180001f60 f i CashDrawer.obj
 0001:00000f6c       ?Release@?$CComContainedObject@VCOPOSCashDrawer@@@ATL@@WPI@EAAKXZ 0000000180001f6c f i CashDrawer.obj
 0001:00000f78       ?QueryInterface@?$CComContainedObject@VCOPOSCashDrawer@@@ATL@@WBAA@EAAJAEBU_GUID@@PEAPEAX@Z 0000000180001f78 f i CashDrawer.obj
 0001:00000f84       ?AddRef@?$CComContainedObject@VCOPOSCashDrawer@@@ATL@@WBAA@EAAKXZ 0000000180001f84 f i CashDrawer.obj
 0001:00000f90       ?Release@?$CComContainedObject@VCOPOSCashDrawer@@@ATL@@WBAA@EAAKXZ 0000000180001f90 f i CashDrawer.obj
 0001:00000f9c       ?QueryInterface@?$CComContainedObject@VCOPOSCashDrawer@@@ATL@@WBAI@EAAJAEBU_GUID@@PEAPEAX@Z 0000000180001f9c f i CashDrawer.obj
 0001:00000fa8       ?AddRef@?$CComContainedObject@VCOPOSCashDrawer@@@ATL@@WBAI@EAAKXZ 0000000180001fa8 f i CashDrawer.obj
 0001:00000fb4       ?Release@?$CComContainedObject@VCOPOSCashDrawer@@@ATL@@WBAI@EAAKXZ 0000000180001fb4 f i CashDrawer.obj
 0001:00000fc0       ?QueryInterface@?$CComContainedObject@VCOPOSCashDrawer@@@ATL@@WBBA@EAAJAEBU_GUID@@PEAPEAX@Z 0000000180001fc0 f i CashDrawer.obj
 0001:00000fcc       ?AddRef@?$CComContainedObject@VCOPOSCashDrawer@@@ATL@@WBBA@EAAKXZ 0000000180001fcc f i CashDrawer.obj
 0001:00000fd8       ?Release@?$CComContainedObject@VCOPOSCashDrawer@@@ATL@@WBBA@EAAKXZ 0000000180001fd8 f i CashDrawer.obj
 0001:00000fe4       ?QueryInterface@?$CComContainedObject@VCOPOSCashDrawer@@@ATL@@WBBI@EAAJAEBU_GUID@@PEAPEAX@Z 0000000180001fe4 f i CashDrawer.obj
 0001:00000ff0       ?AddRef@?$CComContainedObject@VCOPOSCashDrawer@@@ATL@@WBBI@EAAKXZ 0000000180001ff0 f i CashDrawer.obj
 0001:00000ffc       ?Release@?$CComContainedObject@VCOPOSCashDrawer@@@ATL@@WBBI@EAAKXZ 0000000180001ffc f i CashDrawer.obj
 0001:00001008       ?AddRef@?$CComContainedObject@VCOPOSCashDrawer@@@ATL@@WBCI@EAAKXZ 0000000180002008 f i CashDrawer.obj
 0001:00001014       ?Release@?$CComContainedObject@VCOPOSCashDrawer@@@ATL@@WBCI@EAAKXZ 0000000180002014 f i CashDrawer.obj
 0001:00001020       ?AddRef@?$CComContainedObject@VCOPOSCashDrawer@@@ATL@@WBEA@EAAKXZ 0000000180002020 f i CashDrawer.obj
 0001:0000102c       ?Release@?$CComContainedObject@VCOPOSCashDrawer@@@ATL@@WBEA@EAAKXZ 000000018000202c f i CashDrawer.obj
 0001:00001038       ?CreateInstance@CComClassFactory@ATL@@UEAAJPEAUIUnknown@@AEBU_GUID@@PEAPEAX@Z 0000000180002038 f i CashDrawer.obj
 0001:00001098       ?LockServer@CComClassFactory@ATL@@UEAAJH@Z 0000000180002098 f i CashDrawer.obj
 0001:000010bc       ??_ECComClassFactory@ATL@@UEAAPEAXI@Z 00000001800020bc f i CashDrawer.obj
 0001:000010bc       ??_GCComClassFactory@ATL@@UEAAPEAXI@Z 00000001800020bc f i CashDrawer.obj
 0001:0000110c       ?GetWindowProc@?$CWindowImplBaseT@VCWindow@ATL@@V?$CWinTraits@$0FGAAAAAA@$0A@@2@@ATL@@UEAAP6A_JPEAUHWND__@@I_K_J@ZXZ 000000018000210c f i CashDrawer.obj
 0001:00001114       ?StartWindowProc@?$CWindowImplBaseT@VCWindow@ATL@@V?$CWinTraits@$0FGAAAAAA@$0A@@2@@ATL@@SA_JPEAUHWND__@@I_K_J@Z 0000000180002114 f i CashDrawer.obj
 0001:000011c8       ?GetTypeInfoCount@?$IDispatchImpl@UIOPOSCashDrawer@@$1?IID_IOPOSCashDrawer@@3U_GUID@@B$1?LIBID_OposCashDrawer_CCO@@3U3@B$00$0A@VCComTypeInfoHolder@ATL@@@ATL@@UEAAJPEAI@Z 00000001800021c8 f i CashDrawer.obj
 0001:000011dc       ?GetTypeInfo@?$IDispatchImpl@UIOPOSCashDrawer@@$1?IID_IOPOSCashDrawer@@3U_GUID@@B$1?LIBID_OposCashDrawer_CCO@@3U3@B$00$0A@VCComTypeInfoHolder@ATL@@@ATL@@UEAAJIKPEAPEAUITypeInfo@@@Z 00000001800021dc f i CashDrawer.obj
 0001:00001240       ?GetIDsOfNames@?$IDispatchImpl@UIOPOSCashDrawer@@$1?IID_IOPOSCashDrawer@@3U_GUID@@B$1?LIBID_OposCashDrawer_CCO@@3U3@B$00$0A@VCComTypeInfoHolder@ATL@@@ATL@@UEAAJAEBU_GUID@@PEAPEA_WIKPEAJ@Z 0000000180002240 f i CashDrawer.obj
 0001:0000124c       ?Invoke@?$IDispatchImpl@UIOPOSCashDrawer@@$1?IID_IOPOSCashDrawer@@3U_GUID@@B$1?LIBID_OposCashDrawer_CCO@@3U3@B$00$0A@VCComTypeInfoHolder@ATL@@@ATL@@UEAAJJAEBU_GUID@@KGPEAUtagDISPPARAMS@@PEAUtagVARIANT@@PEAUtagEXCEPINFO@@PEAI@Z 000000018000224c f i CashDrawer.obj
 0001:000012dc       ?CreateControlWindow@?$CComControl@VCOPOSCashDrawer@@V?$CWindowImpl@VCOPOSCashDrawer@@VCWindow@ATL@@V?$CWinTraits@$0FGAAAAAA@$0A@@3@@ATL@@@ATL@@UEAAPEAUHWND__@@PEAU3@AEAUtagRECT@@@Z 00000001800022dc f i CashDrawer.obj
 0001:00001314       ?ControlQueryInterface@?$CComControl@VCOPOSCashDrawer@@V?$CWindowImpl@VCOPOSCashDrawer@@VCWindow@ATL@@V?$CWinTraits@$0FGAAAAAA@$0A@@3@@ATL@@@ATL@@UEAAJAEBU_GUID@@PEAPEAX@Z 0000000180002314 f i CashDrawer.obj
 0001:00001328       ?GetUserClassID@?$IOleObjectImpl@VCOPOSCashDrawer@@@ATL@@UEAAJPEAU_GUID@@@Z 0000000180002328 f i CashDrawer.obj
 0001:00001328       ?GetClassID@?$IPersistStorageImpl@VCOPOSCashDrawer@@@ATL@@UEAAJPEAU_GUID@@@Z 0000000180002328 f i CashDrawer.obj
 0001:00001328       ?GetClassID@?$IPersistStreamInitImpl@VCOPOSCashDrawer@@@ATL@@UEAAJPEAU_GUID@@@Z 0000000180002328 f i CashDrawer.obj
 0001:00001344       ?IsDirty@?$IPersistStreamInitImpl@VCOPOSCashDrawer@@@ATL@@UEAAJXZ 0000000180002344 f i CashDrawer.obj
 0001:00001360       ?Load@?$IPersistStreamInitImpl@VCOPOSCashDrawer@@@ATL@@UEAAJPEAUIStream@@@Z 0000000180002360 f i CashDrawer.obj
 0001:00001378       ?Save@?$IPersistStreamInitImpl@VCOPOSCashDrawer@@@ATL@@UEAAJPEAUIStream@@H@Z 0000000180002378 f i CashDrawer.obj
 0001:00001390       ?GetSizeMax@?$IPersistStreamInitImpl@VCOPOSCashDrawer@@@ATL@@UEAAJPEAT_ULARGE_INTEGER@@@Z 0000000180002390 f i CashDrawer.obj
 0001:000015b4       ?InitNew@?$IPersistStreamInitImpl@VCOPOSCashDrawer@@@ATL@@UEAAJXZ 00000001800025b4 f i CashDrawer.obj
 0001:000015cc       ?SetData@?$IDataObjectImpl@VCOPOSCashDrawer@@@ATL@@UEAAJPEAUtagFORMATETC@@PEAUtagSTGMEDIUM@@H@Z 00000001800025cc f i CashDrawer.obj
 0001:000015cc       ?SOErrorDummy@COPOSCashDrawer@@MEAAJJJJPEAJ@Z 00000001800025cc f i CashDrawer.obj
 0001:000015cc       ?GetColorSet@?$IViewObjectExImpl@VCOPOSCashDrawer@@@ATL@@UEAAJKJPEAXPEAUtagDVTARGETDEVICE@@PEAUHDC__@@PEAPEAUtagLOGPALETTE@@@Z 00000001800025cc f i CashDrawer.obj
 0001:000015cc       ?Freeze@?$IViewObjectExImpl@VCOPOSCashDrawer@@@ATL@@UEAAJKJPEAXPEAK@Z 00000001800025cc f i CashDrawer.obj
 0001:000015cc       ?SOOutputCompleteDummy@COPOSCashDrawer@@MEAAJJ@Z 00000001800025cc f i CashDrawer.obj
 0001:000015cc       ?ReactivateAndUndo@?$IOleInPlaceObjectWindowlessImpl@VCOPOSCashDrawer@@@ATL@@UEAAJXZ 00000001800025cc f i CashDrawer.obj
 0001:000015cc       ?GetClipboardData@?$IOleObjectImpl@VCOPOSCashDrawer@@@ATL@@UEAAJKPEAPEAUIDataObject@@@Z 00000001800025cc f i CashDrawer.obj
 0001:000015cc       ?Unfreeze@?$IViewObjectExImpl@VCOPOSCashDrawer@@@ATL@@UEAAJK@Z 00000001800025cc f i CashDrawer.obj
 0001:000015cc       ?GetDataHere@?$IDataObjectImpl@VCOPOSCashDrawer@@@ATL@@UEAAJPEAUtagFORMATETC@@PEAUtagSTGMEDIUM@@@Z 00000001800025cc f i CashDrawer.obj
 0001:000015cc       ?OnMnemonic@?$IOleControlImpl@VCOPOSCashDrawer@@@ATL@@UEAAJPEAUtagMSG@@@Z 00000001800025cc f i CashDrawer.obj
 0001:000015cc       ?GetControlInfo@?$IOleControlImpl@VCOPOSCashDrawer@@@ATL@@UEAAJPEAUtagCONTROLINFO@@@Z 00000001800025cc f i CashDrawer.obj
 0001:000015cc       ?ContextSensitiveHelp@?$IOleInPlaceActiveObjectImpl@VCOPOSCashDrawer@@@ATL@@UEAAJH@Z 00000001800025cc f i CashDrawer.obj
 0001:000015cc       ?GetMoniker@?$IOleObjectImpl@VCOPOSCashDrawer@@@ATL@@UEAAJKKPEAPEAUIMoniker@@@Z 00000001800025cc f i CashDrawer.obj
 0001:000015cc       ?QueryGetData@?$IDataObjectImpl@VCOPOSCashDrawer@@@ATL@@UEAAJPEAUtagFORMATETC@@@Z 00000001800025cc f i CashDrawer.obj
 0001:000015cc       ?QueryInterface@CRegObject@ATL@@UEAAJAEBU_GUID@@PEAPEAX@Z 00000001800025cc f i CashDrawer.obj
 0001:000015cc       ?GetDropTarget@?$IOleInPlaceObjectWindowlessImpl@VCOPOSCashDrawer@@@ATL@@UEAAJPEAPEAUIDropTarget@@@Z 00000001800025cc f i CashDrawer.obj
 0001:000015cc       ?GetCanonicalFormatEtc@?$IDataObjectImpl@VCOPOSCashDrawer@@@ATL@@UEAAJPEAUtagFORMATETC@@0@Z 00000001800025cc f i CashDrawer.obj
 0001:000015cc       ?GetRect@?$IViewObjectExImpl@VCOPOSCashDrawer@@@ATL@@UEAAJKPEAU_RECTL@@@Z 00000001800025cc f i CashDrawer.obj
 0001:000015cc       ?SetMoniker@?$IOleObjectImpl@VCOPOSCashDrawer@@@ATL@@UEAAJKPEAUIMoniker@@@Z 00000001800025cc f i CashDrawer.obj
 0001:000015cc       ?SetColorScheme@?$IOleObjectImpl@VCOPOSCashDrawer@@@ATL@@UEAAJPEAUtagLOGPALETTE@@@Z 00000001800025cc f i CashDrawer.obj
 0001:000015cc       ?ContextSensitiveHelp@?$IOleInPlaceObjectWindowlessImpl@VCOPOSCashDrawer@@@ATL@@UEAAJH@Z 00000001800025cc f i CashDrawer.obj
 0001:000015cc       ?EnumFormatEtc@?$IDataObjectImpl@VCOPOSCashDrawer@@@ATL@@UEAAJKPEAPEAUIEnumFORMATETC@@@Z 00000001800025cc f i CashDrawer.obj
 0001:000015cc       ?InitFromData@?$IOleObjectImpl@VCOPOSCashDrawer@@@ATL@@UEAAJPEAUIDataObject@@HK@Z 00000001800025cc f i CashDrawer.obj
 0001:000015cc       ?SODataDummy@COPOSCashDrawer@@MEAAJJ@Z 00000001800025cc f i CashDrawer.obj
 0001:000015d4       ?SetClientSite@?$IOleObjectImpl@VCOPOSCashDrawer@@@ATL@@UEAAJPEAUIOleClientSite@@@Z 00000001800025d4 f i CashDrawer.obj
 0001:000015f0       ?GetClientSite@?$IOleObjectImpl@VCOPOSCashDrawer@@@ATL@@UEAAJPEAPEAUIOleClientSite@@@Z 00000001800025f0 f i CashDrawer.obj
 0001:00001638       ?Close@?$IOleObjectImpl@VCOPOSCashDrawer@@@ATL@@UEAAJK@Z 0000000180002638 f i CashDrawer.obj
 0001:00001654       ?DoVerb@?$IOleObjectImpl@VCOPOSCashDrawer@@@ATL@@UEAAJJPEAUtagMSG@@PEAUIOleClientSite@@JPEAUHWND__@@PEBUtagRECT@@@Z 0000000180002654 f i CashDrawer.obj
 0001:000017f8       ?EnumVerbs@?$IOleObjectImpl@VCOPOSCashDrawer@@@ATL@@UEAAJPEAPEAUIEnumOLEVERB@@@Z 00000001800027f8 f i CashDrawer.obj
 0001:00001814       ?GetUserType@?$IOleObjectImpl@VCOPOSCashDrawer@@@ATL@@UEAAJKPEAPEA_W@Z 0000000180002814 f i CashDrawer.obj
 0001:00001824       ?SetExtent@?$IOleObjectImpl@VCOPOSCashDrawer@@@ATL@@UEAAJKPEAUtagSIZE@@@Z 0000000180002824 f i CashDrawer.obj
 0001:00001840       ?GetExtent@?$IOleObjectImpl@VCOPOSCashDrawer@@@ATL@@UEAAJKPEAUtagSIZE@@@Z 0000000180002840 f i CashDrawer.obj
 0001:00001870       ?Advise@?$IOleObjectImpl@VCOPOSCashDrawer@@@ATL@@UEAAJPEAUIAdviseSink@@PEAK@Z 0000000180002870 f i CashDrawer.obj
 0001:000018cc       ?Unadvise@?$IOleObjectImpl@VCOPOSCashDrawer@@@ATL@@UEAAJK@Z 00000001800028cc f i CashDrawer.obj
 0001:00001904       ?EnumAdvise@?$IOleObjectImpl@VCOPOSCashDrawer@@@ATL@@UEAAJPEAPEAUIEnumSTATDATA@@@Z 0000000180002904 f i CashDrawer.obj
 0001:0000194c       ?GetMiscStatus@?$IOleObjectImpl@VCOPOSCashDrawer@@@ATL@@UEAAJKPEAK@Z 000000018000294c f i CashDrawer.obj
 0001:0000195c       ?GetWindow@?$IOleInPlaceActiveObjectImpl@VCOPOSCashDrawer@@@ATL@@UEAAJPEAPEAUHWND__@@@Z 000000018000295c f i CashDrawer.obj
 0001:000019b0       ?TranslateAcceleratorW@?$IOleInPlaceActiveObjectImpl@VCOPOSCashDrawer@@@ATL@@UEAAJPEAUtagMSG@@@Z 00000001800029b0 f i CashDrawer.obj
 0001:00001aa4       ?OnDocWindowActivate@?$IOleInPlaceActiveObjectImpl@VCOPOSCashDrawer@@@ATL@@UEAAJH@Z 0000000180002aa4 f i CashDrawer.obj
 0001:00001ad0       ?Draw@?$IViewObjectExImpl@VCOPOSCashDrawer@@@ATL@@UEAAJKJPEAXPEAUtagDVTARGETDEVICE@@PEAUHDC__@@2PEBU_RECTL@@3P6AH_K@Z4@Z 0000000180002ad0 f i CashDrawer.obj
 0001:00001b34       ?SetAdvise@?$IViewObjectExImpl@VCOPOSCashDrawer@@@ATL@@UEAAJKKPEAUIAdviseSink@@@Z 0000000180002b34 f i CashDrawer.obj
 0001:00001b88       ?GetAdvise@?$IViewObjectExImpl@VCOPOSCashDrawer@@@ATL@@UEAAJPEAK0PEAPEAUIAdviseSink@@@Z 0000000180002b88 f i CashDrawer.obj
 0001:00001bc4       ?GetExtent@?$IViewObjectExImpl@VCOPOSCashDrawer@@@ATL@@UEAAJKJPEAUtagDVTARGETDEVICE@@PEAUtagSIZE@@@Z 0000000180002bc4 f i CashDrawer.obj
 0001:00001bf4       ?GetViewStatus@?$IViewObjectExImpl@VCOPOSCashDrawer@@@ATL@@UEAAJPEAK@Z 0000000180002bf4 f i CashDrawer.obj
 0001:00001c08       ?QueryHitPoint@?$IViewObjectExImpl@VCOPOSCashDrawer@@@ATL@@UEAAJKPEBUtagRECT@@UtagPOINT@@JPEAK@Z 0000000180002c08 f i CashDrawer.obj
 0001:00001c4c       ?QueryHitRect@?$IViewObjectExImpl@VCOPOSCashDrawer@@@ATL@@UEAAJKPEBUtagRECT@@0JPEAK@Z 0000000180002c4c f i CashDrawer.obj
 0001:00001cb4       ?GetNaturalExtent@?$IViewObjectExImpl@VCOPOSCashDrawer@@@ATL@@UEAAJKJPEAUtagDVTARGETDEVICE@@PEAUHDC__@@PEAUtagExtentInfo@@PEAUtagSIZE@@@Z 0000000180002cb4 f i CashDrawer.obj
 0001:00001cfc       ?GetWindow@?$IOleInPlaceObjectWindowlessImpl@VCOPOSCashDrawer@@@ATL@@UEAAJPEAPEAUHWND__@@@Z 0000000180002cfc f i CashDrawer.obj
 0001:00001d50       ?InPlaceDeactivate@?$IOleInPlaceObjectWindowlessImpl@VCOPOSCashDrawer@@@ATL@@UEAAJXZ 0000000180002d50 f i CashDrawer.obj
 0001:00001d6c       ?UIDeactivate@?$IOleInPlaceObjectWindowlessImpl@VCOPOSCashDrawer@@@ATL@@UEAAJXZ 0000000180002d6c f i CashDrawer.obj
 0001:00001d88       ?SetObjectRects@?$IOleInPlaceObjectWindowlessImpl@VCOPOSCashDrawer@@@ATL@@UEAAJPEBUtagRECT@@0@Z 0000000180002d88 f i CashDrawer.obj
 0001:00001da4       ?OnWindowMessage@?$IOleInPlaceObjectWindowlessImpl@VCOPOSCashDrawer@@@ATL@@UEAAJI_K_JPEA_J@Z 0000000180002da4 f i CashDrawer.obj
 0001:00001e6c       ?EnumConnectionPoints@?$IConnectionPointContainerImpl@VCOPOSCashDrawer@@@ATL@@UEAAJPEAPEAUIEnumConnectionPoints@@@Z 0000000180002e6c f i CashDrawer.obj
 0001:000020b4       ?FindConnectionPoint@?$IConnectionPointContainerImpl@VCOPOSCashDrawer@@@ATL@@UEAAJAEBU_GUID@@PEAPEAUIConnectionPoint@@@Z 00000001800030b4 f i CashDrawer.obj
 0001:00002184       ?IsDirty@?$IPersistStorageImpl@VCOPOSCashDrawer@@@ATL@@UEAAJXZ 0000000180003184 f i CashDrawer.obj
 0001:000021c4       ?InitNew@?$IPersistStorageImpl@VCOPOSCashDrawer@@@ATL@@UEAAJPEAUIStorage@@@Z 00000001800031c4 f i CashDrawer.obj
 0001:00002204       ?Load@?$IPersistStorageImpl@VCOPOSCashDrawer@@@ATL@@UEAAJPEAUIStorage@@@Z 0000000180003204 f i CashDrawer.obj
 0001:000022a4       ?Save@?$IPersistStorageImpl@VCOPOSCashDrawer@@@ATL@@UEAAJPEAUIStorage@@H@Z 00000001800032a4 f i CashDrawer.obj
 0001:00002354       ?GetPages@?$ISpecifyPropertyPagesImpl@VCOPOSCashDrawer@@@ATL@@UEAAJPEAUtagCAUUID@@@Z 0000000180003354 f i CashDrawer.obj
 0001:00002360       ?QuickActivate@?$IQuickActivateImpl@VCOPOSCashDrawer@@@ATL@@UEAAJPEAUtagQACONTAINER@@PEAUtagQACONTROL@@@Z 0000000180003360 f i CashDrawer.obj
 0001:0000237c       ?SetContentExtent@?$IQuickActivateImpl@VCOPOSCashDrawer@@@ATL@@UEAAJPEAUtagSIZE@@@Z 000000018000337c f i CashDrawer.obj
 0001:000023b0       ?GetContentExtent@?$IQuickActivateImpl@VCOPOSCashDrawer@@@ATL@@UEAAJPEAUtagSIZE@@@Z 00000001800033b0 f i CashDrawer.obj
 0001:000023e8       ?GetData@?$IDataObjectImpl@VCOPOSCashDrawer@@@ATL@@UEAAJPEAUtagFORMATETC@@PEAUtagSTGMEDIUM@@@Z 00000001800033e8 f i CashDrawer.obj
 0001:00002404       ?DAdvise@?$IDataObjectImpl@VCOPOSCashDrawer@@@ATL@@UEAAJPEAUtagFORMATETC@@KPEAUIAdviseSink@@PEAK@Z 0000000180003404 f i CashDrawer.obj
 0001:0000248c       ?DUnadvise@?$IDataObjectImpl@VCOPOSCashDrawer@@@ATL@@UEAAJK@Z 000000018000348c f i CashDrawer.obj
 0001:000024b8       ?EnumDAdvise@?$IDataObjectImpl@VCOPOSCashDrawer@@@ATL@@UEAAJPEAPEAUIEnumSTATDATA@@@Z 00000001800034b8 f i CashDrawer.obj
 0001:000024f4       ?GetClassInfoW@?$IProvideClassInfo2Impl@$1?CLSID_OPOSCashDrawer@@3U_GUID@@B$1?DIID__IOPOSCashDrawerEvents@@3U2@B$1?LIBID_OposCashDrawer_CCO@@3U2@B$00$0A@VCComTypeInfoHolder@ATL@@@ATL@@UEAAJPEAPEAUITypeInfo@@@Z 00000001800034f4 f i CashDrawer.obj
 0001:0000254c       ?GetGUID@?$IProvideClassInfo2Impl@$1?CLSID_OPOSCashDrawer@@3U_GUID@@B$1?DIID__IOPOSCashDrawerEvents@@3U2@B$1?LIBID_OposCashDrawer_CCO@@3U2@B$00$0A@VCComTypeInfoHolder@ATL@@@ATL@@UEAAJKPEAU_GUID@@@Z 000000018000354c f i CashDrawer.obj
 0001:00002580       ?FAccessAllowed@?$IObjectSafetyImpl@VCOPOSCashDrawer@@$02@ATL@@MEAAHXZ 0000000180003580 f i CashDrawer.obj
 0001:00002580       ?AddRef@CRegObject@ATL@@UEAAKXZ 0000000180003580 f i CashDrawer.obj
 0001:00002580       _get_startup_argv_mode     0000000180003580 f i LIBCMT:argv_mode.obj
 0001:00002588       ?GetInterfaceSafetyOptions@?$IObjectSafetyImpl@VCOPOSCashDrawer@@$02@ATL@@UEAAJAEBU_GUID@@PEAK1@Z 0000000180003588 f i CashDrawer.obj
 0001:0000261c       ?SetInterfaceSafetyOptions@?$IObjectSafetyImpl@VCOPOSCashDrawer@@$02@ATL@@UEAAJAEBU_GUID@@KK@Z 000000018000361c f i CashDrawer.obj
 0001:000026c0       ?_LocCPQueryInterface@?$IConnectionPointImpl@VCOPOSCashDrawer@@$1?IID_IPropertyNotifySink@@3U_GUID@@BVCComDynamicUnkArray@ATL@@@ATL@@UEAAJAEBU_GUID@@PEAPEAX@Z 00000001800036c0 f i CashDrawer.obj
 0001:000026c0       ?_LocCPQueryInterface@?$IConnectionPointImpl@VCOPOSCashDrawer@@$1?DIID__IOPOSCashDrawerEvents@@3U_GUID@@BVCComDynamicUnkArray@ATL@@@ATL@@UEAAJAEBU_GUID@@PEAPEAX@Z 00000001800036c0 f i CashDrawer.obj
 0001:00002734       ?GetConnectionInterface@?$IConnectionPointImpl@VCOPOSCashDrawer@@$1?IID_IPropertyNotifySink@@3U_GUID@@BVCComDynamicUnkArray@ATL@@@ATL@@UEAAJPEAU_GUID@@@Z 0000000180003734 f i CashDrawer.obj
 0001:00002750       ?GetConnectionPointContainer@?$IConnectionPointImpl@VCOPOSCashDrawer@@$1?IID_IPropertyNotifySink@@3U_GUID@@BVCComDynamicUnkArray@ATL@@@ATL@@UEAAJPEAPEAUIConnectionPointContainer@@@Z 0000000180003750 f i CashDrawer.obj
 0001:00002770       ?Advise@?$IConnectionPointImpl@VCOPOSCashDrawer@@$1?IID_IPropertyNotifySink@@3U_GUID@@BVCComDynamicUnkArray@ATL@@@ATL@@UEAAJPEAUIUnknown@@PEAK@Z 0000000180003770 f i CashDrawer.obj
 0001:00002770       ?Advise@?$IConnectionPointImpl@VCOPOSCashDrawer@@$1?DIID__IOPOSCashDrawerEvents@@3U_GUID@@BVCComDynamicUnkArray@ATL@@@ATL@@UEAAJPEAUIUnknown@@PEAK@Z 0000000180003770 f i CashDrawer.obj
 0001:0000282c       ?Unadvise@?$IConnectionPointImpl@VCOPOSCashDrawer@@$1?IID_IPropertyNotifySink@@3U_GUID@@BVCComDynamicUnkArray@ATL@@@ATL@@UEAAJK@Z 000000018000382c f i CashDrawer.obj
 0001:0000282c       ?Unadvise@?$IConnectionPointImpl@VCOPOSCashDrawer@@$1?DIID__IOPOSCashDrawerEvents@@3U_GUID@@BVCComDynamicUnkArray@ATL@@@ATL@@UEAAJK@Z 000000018000382c f i CashDrawer.obj
 0001:00002894       ?EnumConnections@?$IConnectionPointImpl@VCOPOSCashDrawer@@$1?DIID__IOPOSCashDrawerEvents@@3U_GUID@@BVCComDynamicUnkArray@ATL@@@ATL@@UEAAJPEAPEAUIEnumConnections@@@Z 0000000180003894 f i CashDrawer.obj
 0001:00002894       ?EnumConnections@?$IConnectionPointImpl@VCOPOSCashDrawer@@$1?IID_IPropertyNotifySink@@3U_GUID@@BVCComDynamicUnkArray@ATL@@@ATL@@UEAAJPEAPEAUIEnumConnections@@@Z 0000000180003894 f i CashDrawer.obj
 0001:00002a28       ?GetConnectionInterface@?$IConnectionPointImpl@VCOPOSCashDrawer@@$1?DIID__IOPOSCashDrawerEvents@@3U_GUID@@BVCComDynamicUnkArray@ATL@@@ATL@@UEAAJPEAU_GUID@@@Z 0000000180003a28 f i CashDrawer.obj
 0001:00002a44       ?GetConnectionPointContainer@?$IConnectionPointImpl@VCOPOSCashDrawer@@$1?DIID__IOPOSCashDrawerEvents@@3U_GUID@@BVCComDynamicUnkArray@ATL@@@ATL@@UEAAJPEAPEAUIConnectionPointContainer@@@Z 0000000180003a44 f i CashDrawer.obj
 0001:00002a64       ?Lock@CAtlModule@ATL@@UEAAJXZ 0000000180003a64 f i CashDrawer.obj
 0001:00002a74       ?Unlock@CAtlModule@ATL@@UEAAJXZ 0000000180003a74 f i CashDrawer.obj
 0001:00002a80       ?GetLockCount@CAtlModule@ATL@@UEAAJXZ 0000000180003a80 f i CashDrawer.obj
 0001:00002a84       ?GetGITPtr@CAtlModule@ATL@@UEAAJPEAPEAUIGlobalInterfaceTable@@@Z 0000000180003a84 f i CashDrawer.obj
 0001:00002af4       ?UpdateRegistry@COPOSCashDrawer@@SAJH@Z 0000000180003af4 f i CashDrawer.obj
 0001:00002b0c       ?ProcessWindowMessage@COPOSCashDrawer@@UEAAHPEAUHWND__@@I_K_JAEA_JK@Z 0000000180003b0c f i CashDrawer.obj
 0001:00002b9c       ?SODirectIO@COPOSCashDrawer@@MEAAJJPEAJPEAPEA_W@Z 0000000180003b9c f i CashDrawer.obj
 0001:00002c14       ?SOStatusUpdate@COPOSCashDrawer@@MEAAJJ@Z 0000000180003c14 f i CashDrawer.obj
 0001:00002c64       ?AddCommonRGSReplacements@?$CAtlModuleT@VCComModule@ATL@@@ATL@@UEAAJPEAUIRegistrarBase@@@Z 0000000180003c64 f i CashDrawer.obj
 0001:00002c7c       ?UpdateRegistryFromResourceD@CComModule@ATL@@UEAAJIHPEAU_ATL_REGMAP_ENTRY@2@@Z 0000000180003c7c f i CashDrawer.obj
 0001:00002c7c       ?UpdateRegistryFromResourceD@CComModule@ATL@@UEAAJPEB_WHPEAU_ATL_REGMAP_ENTRY@2@@Z 0000000180003c7c f i CashDrawer.obj
 0001:00002c84       ?UpdateRegistryFromResource@CComModule@ATL@@UEAAJPEB_WHPEAU_ATL_REGMAP_ENTRY@2@@Z 0000000180003c84 f i CashDrawer.obj
 0001:00002c8c       ?UpdateRegistryFromResource@CComModule@ATL@@UEAAJIHPEAU_ATL_REGMAP_ENTRY@2@@Z 0000000180003c8c f i CashDrawer.obj
 0001:00002c94       ??_ECComModule@ATL@@UEAAPEAXI@Z 0000000180003c94 f i CashDrawer.obj
 0001:00002c94       ??_GCComModule@ATL@@UEAAPEAXI@Z 0000000180003c94 f i CashDrawer.obj
 0001:00002cd4       ?CreateInstance@?$CComCreator@V?$CComObjectCached@VCComClassFactory@ATL@@@ATL@@@ATL@@SAJPEAXAEBU_GUID@@PEAPEAX@Z 0000000180003cd4 f i CashDrawer.obj
 0001:00002df8       ?CreateInstance@?$CComCreator2@V?$CComCreator@V?$CComObject@VCOPOSCashDrawer@@@ATL@@@ATL@@V?$CComCreator@V?$CComAggObject@VCOPOSCashDrawer@@@ATL@@@2@@ATL@@SAJPEAXAEBU_GUID@@PEAPEAX@Z 0000000180003df8 f i CashDrawer.obj
 0001:00002e08       ?AddRef@?$CComObjectCached@VCComClassFactory@ATL@@@ATL@@UEAAKXZ 0000000180003e08 f i CashDrawer.obj
 0001:00002e34       ?Release@?$CComObjectCached@VCComClassFactory@ATL@@@ATL@@UEAAKXZ 0000000180003e34 f i CashDrawer.obj
 0001:00002e74       ?QueryInterface@?$CComObjectCached@VCComClassFactory@ATL@@@ATL@@UEAAJAEBU_GUID@@PEAPEAX@Z 0000000180003e74 f i CashDrawer.obj
 0001:00002e88       ??_E?$CComObjectCached@VCComClassFactory@ATL@@@ATL@@UEAAPEAXI@Z 0000000180003e88 f i CashDrawer.obj
 0001:00002e88       ??_G?$CComObjectCached@VCComClassFactory@ATL@@@ATL@@UEAAPEAXI@Z 0000000180003e88 f i CashDrawer.obj
 0001:00002ee0       ?Next@?$CComEnumImpl@UIEnumConnectionPoints@@$1?_GUID_b196b285_bab4_101a_b69c_00aa00341d07@@3U__s_GUID@@BPEAUIConnectionPoint@@V?$_CopyInterface@UIConnectionPoint@@@ATL@@@ATL@@UEAAJKPEAPEAUIConnectionPoint@@PEAK@Z 0000000180003ee0 f i CashDrawer.obj
 0001:00002fa4       ?Skip@?$CComEnumImpl@UIEnumConnectionPoints@@$1?_GUID_b196b285_bab4_101a_b69c_00aa00341d07@@3U__s_GUID@@BPEAUIConnectionPoint@@V?$_CopyInterface@UIConnectionPoint@@@ATL@@@ATL@@UEAAJK@Z 0000000180003fa4 f i CashDrawer.obj
 0001:00002fd0       ?Clone@?$CComEnumImpl@UIEnumConnectionPoints@@$1?_GUID_b196b285_bab4_101a_b69c_00aa00341d07@@3U__s_GUID@@BPEAUIConnectionPoint@@V?$_CopyInterface@UIConnectionPoint@@@ATL@@@ATL@@UEAAJPEAPEAUIEnumConnectionPoints@@@Z 0000000180003fd0 f i CashDrawer.obj
 0001:000030fc       ?QueryInterface@?$CComObject@V?$CComEnum@UIEnumConnectionPoints@@$1?_GUID_b196b285_bab4_101a_b69c_00aa00341d07@@3U__s_GUID@@BPEAUIConnectionPoint@@V?$_CopyInterface@UIConnectionPoint@@@ATL@@VCComSingleThreadModel@6@@ATL@@@ATL@@UEAAJAEBU_GUID@@PEAPEAX@Z 00000001800040fc f i CashDrawer.obj
 0001:00003110       ??_E?$CComObject@V?$CComEnum@UIEnumConnectionPoints@@$1?_GUID_b196b285_bab4_101a_b69c_00aa00341d07@@3U__s_GUID@@BPEAUIConnectionPoint@@V?$_CopyInterface@UIConnectionPoint@@@ATL@@VCComSingleThreadModel@6@@ATL@@@ATL@@UEAAPEAXI@Z 0000000180004110 f i CashDrawer.obj
 0001:00003110       ??_G?$CComObject@V?$CComEnum@UIEnumConnectionPoints@@$1?_GUID_b196b285_bab4_101a_b69c_00aa00341d07@@3U__s_GUID@@BPEAUIConnectionPoint@@V?$_CopyInterface@UIConnectionPoint@@@ATL@@VCComSingleThreadModel@6@@ATL@@@ATL@@UEAAPEAXI@Z 0000000180004110 f i CashDrawer.obj
 0001:00003168       ?AddReplacement@CRegObject@ATL@@UEAAJPEB_W0@Z 0000000180004168 f i CashDrawer.obj
 0001:00003198       ?ClearReplacements@CRegObject@ATL@@UEAAJXZ 0000000180004198 f i CashDrawer.obj
 0001:000031a4       ??_ECRegObject@ATL@@UEAAPEAXI@Z 00000001800041a4 f i CashDrawer.obj
 0001:000031a4       ??_GCRegObject@ATL@@UEAAPEAXI@Z 00000001800041a4 f i CashDrawer.obj
 0001:00003224       ?AddRef@?$CComAggObject@VCOPOSCashDrawer@@@ATL@@UEAAKXZ 0000000180004224 f i CashDrawer.obj
 0001:00003230       ?Release@?$CComAggObject@VCOPOSCashDrawer@@@ATL@@UEAAKXZ 0000000180004230 f i CashDrawer.obj
 0001:00003284       ?QueryInterface@?$CComAggObject@VCOPOSCashDrawer@@@ATL@@UEAAJAEBU_GUID@@PEAPEAX@Z 0000000180004284 f i CashDrawer.obj
 0001:000032e4       ?AddRef@?$CComContainedObject@VCOPOSCashDrawer@@@ATL@@UEAAKXZ 00000001800042e4 f i CashDrawer.obj
 0001:000032f4       ?Release@?$CComContainedObject@VCOPOSCashDrawer@@@ATL@@UEAAKXZ 00000001800042f4 f i CashDrawer.obj
 0001:00003304       ?QueryInterface@?$CComContainedObject@VCOPOSCashDrawer@@@ATL@@UEAAJAEBU_GUID@@PEAPEAX@Z 0000000180004304 f i CashDrawer.obj
 0001:00003314       ??_G?$CComAggObject@VCOPOSCashDrawer@@@ATL@@UEAAPEAXI@Z 0000000180004314 f i CashDrawer.obj
 0001:00003314       ??_E?$CComAggObject@VCOPOSCashDrawer@@@ATL@@UEAAPEAXI@Z 0000000180004314 f i CashDrawer.obj
 0001:0000336c       ?AddRef@?$CComObject@VCOPOSCashDrawer@@@ATL@@UEAAKXZ 000000018000436c f i CashDrawer.obj
 0001:0000337c       ?Release@?$CComObject@VCOPOSCashDrawer@@@ATL@@UEAAKXZ 000000018000437c f i CashDrawer.obj
 0001:000033d4       ?QueryInterface@?$CComObject@VCOPOSCashDrawer@@@ATL@@UEAAJAEBU_GUID@@PEAPEAX@Z 00000001800043d4 f i CashDrawer.obj
 0001:000033e8       ?OnDrawAdvanced@CComControlBase@ATL@@UEAAJAEAUATL_DRAWINFO@@@Z 00000001800043e8 f i CashDrawer.obj
 0001:00003574       ??$AtlModuleRegisterWndClassInfoT@VAtlModuleRegisterWndClassInfoParamW@ATL@@@ATL@@YAGPEAU_ATL_BASE_MODULE70@0@PEAU_ATL_WIN_MODULE70@0@PEAU_ATL_WNDCLASSINFOW@0@PEAP6A_JPEAUHWND__@@I_K_J@ZVAtlModuleRegisterWndClassInfoParamW@0@@Z 0000000180004574 f i CashDrawer.obj
 0001:00003774       ??0?$CComContainedObject@VCOPOSCashDrawer@@@ATL@@QEAA@PEAX@Z 0000000180004774 f i CashDrawer.obj
 0001:00003890       ??0?$CComObject@VCOPOSCashDrawer@@@ATL@@QEAA@PEAX@Z 0000000180004890 f i CashDrawer.obj
 0001:000039a8       ??0CAtlModule@ATL@@QEAA@XZ 00000001800049a8 f i CashDrawer.obj
 0001:00003a1c       ??1?$CComEnumImpl@UIEnumConnectionPoints@@$1?_GUID_b196b285_bab4_101a_b69c_00aa00341d07@@3U__s_GUID@@BPEAUIConnectionPoint@@V?$_CopyInterface@UIConnectionPoint@@@ATL@@@ATL@@UEAA@XZ 0000000180004a1c f i CashDrawer.obj
 0001:00003a74       ??1?$CComEnumImpl@UIEnumConnections@@$1?_GUID_b196b287_bab4_101a_b69c_00aa00341d07@@3U__s_GUID@@BUtagCONNECTDATA@@V?$_Copy@UtagCONNECTDATA@@@ATL@@@ATL@@UEAA@XZ 0000000180004a74 f i CashDrawer.obj
 0001:00003acc       ??1?$CComObject@VCOPOSCashDrawer@@@ATL@@UEAA@XZ 0000000180004acc f i CashDrawer.obj
 0001:00003bec       ??_G?$CComContainedObject@VCOPOSCashDrawer@@@ATL@@UEAAPEAXI@Z 0000000180004bec f i CashDrawer.obj
 0001:00003bec       ??_E?$CComContainedObject@VCOPOSCashDrawer@@@ATL@@UEAAPEAXI@Z 0000000180004bec f i CashDrawer.obj
 0001:00003c20       ??_G?$CComObject@VCOPOSCashDrawer@@@ATL@@UEAAPEAXI@Z 0000000180004c20 f i CashDrawer.obj
 0001:00003c20       ??_E?$CComObject@VCOPOSCashDrawer@@@ATL@@UEAAPEAXI@Z 0000000180004c20 f i CashDrawer.obj
 0001:00003c54       ?Add@?$CSimpleArray@GV?$CSimpleArrayEqualHelper@G@ATL@@@ATL@@QEAAHAEBG@Z 0000000180004c54 f i CashDrawer.obj
 0001:00003cf4       ?Add@?$CSimpleMap@PEA_WPEA_WVCExpansionVectorEqualHelper@ATL@@@ATL@@QEAAHAEBQEA_W0@Z 0000000180004cf4 f i CashDrawer.obj
 0001:00003d90       ?Add@CComDynamicUnkArray@ATL@@QEAAKPEAUIUnknown@@@Z 0000000180004d90 f i CashDrawer.obj
 0001:00003e74       ?Add@CExpansionVector@ATL@@QEAAHPEB_W0@Z 0000000180004e74 f i CashDrawer.obj
 0001:00003fa8       ?AddTermFunc@CAtlModule@ATL@@QEAAJP6AX_K@Z0@Z 0000000180004fa8 f i CashDrawer.obj
 0001:00004044       ?AddValue@CRegParser@ATL@@IEAAJAEAVCRegKey@2@PEB_WPEA_W@Z 0000000180005044 f i CashDrawer.obj
 0001:00004454       ?AllocateHeap@?$CTempBuffer@_W$0EAA@VCCRTAllocator@ATL@@@ATL@@AEAAX_K@Z 0000000180005454 f i CashDrawer.obj
 0001:00004454       ?AllocateHeap@?$CTempBuffer@E$0BAA@VCCRTAllocator@ATL@@@ATL@@AEAAX_K@Z 0000000180005454 f i CashDrawer.obj
 0001:00004454       ?AllocateHeap@?$CTempBuffer@_W$0BAA@VCCRTAllocator@ATL@@@ATL@@AEAAX_K@Z 0000000180005454 f i CashDrawer.obj
 0001:00004480       ?Append@CParseBuffer@CRegParser@ATL@@QEAAHPEB_WH@Z 0000000180005480 f i CashDrawer.obj
 0001:000045b4       ?AtlComModuleGetClassObject@ATL@@YAJPEAU_ATL_COM_MODULE70@1@AEBU_GUID@@1PEAPEAX@Z 00000001800055b4 f i CashDrawer.obj
 0001:000046f0       ?AtlComModuleRegisterServer@ATL@@YAJPEAU_ATL_COM_MODULE70@1@HPEBU_GUID@@@Z 00000001800056f0 f i CashDrawer.obj
 0001:000047b0       ?AtlComModuleUnregisterServer@ATL@@YAJPEAU_ATL_COM_MODULE70@1@HPEBU_GUID@@@Z 00000001800057b0 f i CashDrawer.obj
 0001:0000486c       ?AtlHiMetricToPixel@ATL@@YAXPEBUtagSIZE@@PEAU2@@Z 000000018000586c f i CashDrawer.obj
 0001:0000491c       ?AtlHresultFromLastError@ATL@@YAJXZ 000000018000591c f i CashDrawer.obj
 0001:0000493c       ?AtlHresultFromWin32@ATL@@YAJK@Z 000000018000593c f i CashDrawer.obj
 0001:0000494c       ?AtlInternalOleLoadFromStream@ATL@@YAJPEAUIStream@@AEBU_GUID@@PEAPEAXTClassesAllowedInStream@1@K@Z 000000018000594c f i CashDrawer.obj
 0001:00004a9c       ?AtlInternalQueryInterface@ATL@@YAJPEAXPEBU_ATL_INTMAP_ENTRY@1@AEBU_GUID@@PEAPEAX@Z 0000000180005a9c f i CashDrawer.obj
 0001:00004ba4       ?AtlLoadTypeLib@ATL@@YAJPEAUHINSTANCE__@@PEB_WPEAPEA_WPEAPEAUITypeLib@@@Z 0000000180005ba4 f i CashDrawer.obj
 0001:00004e00       ?AtlRegisterClassCategoriesHelper@ATL@@YAJAEBU_GUID@@PEBU_ATL_CATMAP_ENTRY@1@H@Z 0000000180005e00 f i CashDrawer.obj
 0001:00005284       ?AtlRegisterTypeLib@ATL@@YAJPEAUHINSTANCE__@@PEB_W@Z 0000000180006284 f i CashDrawer.obj
 0001:00005480       ?AtlThrowImpl@ATL@@YAXJ@Z  0000000180006480 f i CashDrawer.obj
 0001:000054a4       ?AtlUnRegisterTypeLib@ATL@@YAJPEAUHINSTANCE__@@PEB_W@Z 00000001800064a4 f i CashDrawer.obj
 0001:0000556c       ?AtlWinModuleExtractCreateWndData@ATL@@YAPEAXPEAU_ATL_WIN_MODULE70@1@@Z 000000018000656c f i CashDrawer.obj
 0001:000055f8       ?ChToByte@CRegParser@ATL@@KAE_W@Z 00000001800065f8 f i CashDrawer.obj
 0001:00005684       ?Cleanup@CComTypeInfoHolder@ATL@@SAX_K@Z 0000000180006684 f i CashDrawer.obj
 0001:000056c4       ?ClearReplacements@CExpansionVector@ATL@@QEAAJXZ 00000001800066c4 f i CashDrawer.obj
 0001:00005760       ?CreateInstance@?$CComCreator@V?$CComAggObject@VCOPOSCashDrawer@@@ATL@@@ATL@@SAJPEAXAEBU_GUID@@PEAPEAX@Z 0000000180006760 f i CashDrawer.obj
 0001:00005844       ?CreateInstance@?$CComCreator@V?$CComObject@VCOPOSCashDrawer@@@ATL@@@ATL@@SAJPEAXAEBU_GUID@@PEAPEAX@Z 0000000180006844 f i CashDrawer.obj
 0001:00005904       ?CreateInstance@?$CComObject@V?$CComEnum@UIEnumConnectionPoints@@$1?_GUID_b196b285_bab4_101a_b69c_00aa00341d07@@3U__s_GUID@@BPEAUIConnectionPoint@@V?$_CopyInterface@UIConnectionPoint@@@ATL@@VCComSingleThreadModel@6@@ATL@@@ATL@@SAJPEAPEAV12@@Z 0000000180006904 f i CashDrawer.obj
 0001:00005994       ?CreateInstance@?$CComObject@V?$CComEnum@UIEnumConnections@@$1?_GUID_b196b287_bab4_101a_b69c_00aa00341d07@@3U__s_GUID@@BUtagCONNECTDATA@@V?$_Copy@UtagCONNECTDATA@@@ATL@@VCComSingleThreadModel@6@@ATL@@@ATL@@SAJPEAPEAV12@@Z 0000000180006994 f i CashDrawer.obj
 0001:00005a24       ?DefaultReflectionHandler@?$CWindowImplRoot@VCWindow@ATL@@@ATL@@SAHPEAUHWND__@@I_K_JAEA_J@Z 0000000180006a24 f i CashDrawer.obj
 0001:00005ab8       ?DeleteSubKey@CRegKey@ATL@@QEAAJPEB_W@Z 0000000180006ab8 f i CashDrawer.obj
 0001:00005b50       ?DoEvent@COPOSCashDrawer@@IEAAXI_K_J@Z 0000000180006b50 f i CashDrawer.obj
 0001:00005c04       ?DoVerbPrimary@?$IOleObjectImpl@VCOPOSCashDrawer@@@ATL@@QEAAJPEBUtagRECT@@PEAUHWND__@@@Z 0000000180006c04 f i CashDrawer.obj
 0001:00005d30       ?DoVerbProperties@CComControlBase@ATL@@QEAAJPEBUtagRECT@@PEAUHWND__@@@Z 0000000180006d30 f i CashDrawer.obj
 0001:00005f58       ?FireTheEvent@?$CProxy_IOPOSEvents@VCOPOSCashDrawer@@@@IEAAXPEAVOposVariant@@IAEAJPEB_WJ@Z 0000000180006f58 f i CashDrawer.obj
 0001:00006044       ?FireViewChange@CComControlBase@ATL@@QEAAJXZ 0000000180007044 f i CashDrawer.obj
 0001:000060a8       ?Fire_DirectIOEvent@?$CProxy_IOPOSEvents@VCOPOSCashDrawer@@@@QEAAXJPEAJPEAPEA_W@Z 00000001800070a8 f i CashDrawer.obj
 0001:00006208       ?Fire_StatusUpdateEvent@?$CProxy_IOPOSEvents@VCOPOSCashDrawer@@@@QEAAXJ@Z 0000000180007208 f i CashDrawer.obj
 0001:000062f4       ?FreeHeap@?$CTempBuffer@_W$0BAA@VCCRTAllocator@ATL@@@ATL@@AEAAXXZ 00000001800072f4 f i CashDrawer.obj
 0001:000062f4       ?FreeHeap@?$CTempBuffer@_W$0EAA@VCCRTAllocator@ATL@@@ATL@@AEAAXXZ 00000001800072f4 f i CashDrawer.obj
 0001:000062f4       ?FreeHeap@?$CTempBuffer@E$0BAA@VCCRTAllocator@ATL@@@ATL@@AEAAXXZ 00000001800072f4 f i CashDrawer.obj
 0001:000062fc       ?GetAmbientLocaleID@CComControlBase@ATL@@QEAAJAEAK@Z 00000001800072fc f i CashDrawer.obj
 0001:000063bc       ?GetAmbientUserMode@CComControlBase@ATL@@QEAAJAEAH@Z 00000001800073bc f i CashDrawer.obj
 0001:0000648c       ?GetClassObject@CComModule@ATL@@QEAAJAEBU_GUID@@0PEAPEAX@Z 000000018000748c f i CashDrawer.obj
 0001:00006580       ?GetConnMap@COPOSCashDrawer@@SAPEBU_ATL_CONNMAP_ENTRY@ATL@@PEAH@Z 0000000180007580 f i CashDrawer.obj
 0001:00006608       ?GetIDsOfNames@CComTypeInfoHolder@ATL@@QEAAJAEBU_GUID@@PEAPEA_WIKPEAJ@Z 0000000180007608 f i CashDrawer.obj
 0001:00006778       ?GetPagesHelper@?$ISpecifyPropertyPagesImpl@VCOPOSCashDrawer@@@ATL@@IEAAJPEAUtagCAUUID@@PEBUATL_PROPMAP_ENTRY@2@@Z 0000000180007778 f i CashDrawer.obj
 0001:00006918       ?GetSizeMax@CComVariant@ATL@@QEBAJPEAT_ULARGE_INTEGER@@@Z 0000000180007918 f i CashDrawer.obj
 0001:00006b48       ?GetTI@CComTypeInfoHolder@ATL@@QEAAJK@Z 0000000180007b48 f i CashDrawer.obj
 0001:00006e2c       ?GetZoomInfo@CComControlBase@ATL@@QEAAXAEAUATL_DRAWINFO@@@Z 0000000180007e2c f i CashDrawer.obj
 0001:00006ed0       ?HKeyFromString@CRegParser@ATL@@KAPEAUHKEY__@@PEA_W@Z 0000000180007ed0 f i CashDrawer.obj
 0001:00006f34       ?IDataObject_GetData@CComControlBase@ATL@@QEAAJPEAUtagFORMATETC@@PEAUtagSTGMEDIUM@@@Z 0000000180007f34 f i CashDrawer.obj
 0001:00007128       ?IOleInPlaceObject_InPlaceDeactivate@CComControlBase@ATL@@QEAAJXZ 0000000180008128 f i CashDrawer.obj
 0001:000071c8       ?IOleInPlaceObject_SetObjectRects@CComControlBase@ATL@@QEAAJPEBUtagRECT@@0@Z 00000001800081c8 f i CashDrawer.obj
 0001:000072b8       ?IOleInPlaceObject_UIDeactivate@CComControlBase@ATL@@QEAAJXZ 00000001800082b8 f i CashDrawer.obj
 0001:000073c4       ?IOleObject_Close@CComControlBase@ATL@@QEAAJK@Z 00000001800083c4 f i CashDrawer.obj
 0001:000074dc       ?IOleObject_SetClientSite@CComControlBase@ATL@@QEAAJPEAUIOleClientSite@@@Z 00000001800084dc f i CashDrawer.obj
 0001:00007550       ?IOleObject_SetExtent@CComControlBase@ATL@@QEAAJKPEAUtagSIZE@@@Z 0000000180008550 f i CashDrawer.obj
 0001:000075e8       ?IPSI_GetIPersistStreamInit@?$IPersistStorageImpl@VCOPOSCashDrawer@@@ATL@@AEAAPEAUIPersistStreamInit@@XZ 00000001800085e8 f i CashDrawer.obj
 0001:000076d0       ?IPersistStreamInit_Load@?$IPersistStreamInitImpl@VCOPOSCashDrawer@@@ATL@@QEAAJPEAUIStream@@PEBUATL_PROPMAP_ENTRY@2@@Z 00000001800086d0 f i CashDrawer.obj
 0001:000079f8       ?IPersistStreamInit_Save@?$IPersistStreamInitImpl@VCOPOSCashDrawer@@@ATL@@QEAAJPEAUIStream@@HPEBUATL_PROPMAP_ENTRY@2@@Z 00000001800089f8 f i CashDrawer.obj
 0001:00007c94       ?IQuickActivate_QuickActivate@CComControlBase@ATL@@QEAAJPEAUtagQACONTAINER@@PEAUtagQACONTROL@@@Z 0000000180008c94 f i CashDrawer.obj
 0001:00007f58       ?IViewObject_Draw@CComControlBase@ATL@@QEAAJKJPEAXPEAUtagDVTARGETDEVICE@@PEAUHDC__@@2PEBU_RECTL@@3@Z 0000000180008f58 f i CashDrawer.obj
 0001:0000806c       ?InPlaceActivate@CComControlBase@ATL@@QEAAJJPEBUtagRECT@@@Z 000000018000906c f i CashDrawer.obj
 0001:0000839c       ?Init@?$CComEnumImpl@UIEnumConnectionPoints@@$1?_GUID_b196b285_bab4_101a_b69c_00aa00341d07@@3U__s_GUID@@BPEAUIConnectionPoint@@V?$_CopyInterface@UIConnectionPoint@@@ATL@@@ATL@@QEAAJPEAPEAUIConnectionPoint@@0PEAUIUnknown@@W4CComEnumFlags@2@@Z 000000018000939c f i CashDrawer.obj
 0001:000084b8       ?Init@?$CComEnumImpl@UIEnumConnections@@$1?_GUID_b196b287_bab4_101a_b69c_00aa00341d07@@3U__s_GUID@@BUtagCONNECTDATA@@V?$_Copy@UtagCONNECTDATA@@@ATL@@@ATL@@QEAAJPEAUtagCONNECTDATA@@0PEAUIUnknown@@W4CComEnumFlags@2@@Z 00000001800094b8 f i CashDrawer.obj
 0001:000085d8       ?IsEqualObject@?$CComPtrBase@UIOleClientSite@@@ATL@@QEAA_NPEAUIUnknown@@@Z 00000001800095d8 f i CashDrawer.obj
 0001:00008664       ?LoadNameCache@CComTypeInfoHolder@ATL@@QEAAJPEAUITypeInfo@@@Z 0000000180009664 f i CashDrawer.obj
 0001:000087f4       ?Lookup@?$CSimpleMap@PEA_WPEA_WVCExpansionVectorEqualHelper@ATL@@@ATL@@QEBAPEA_WAEBQEA_W@Z 00000001800097f4 f i CashDrawer.obj
 0001:0000887c       ?NextToken@CRegParser@ATL@@IEAAJPEA_W@Z 000000018000987c f i CashDrawer.obj
 0001:00008a18       ?OnKillFocus@CComControlBase@ATL@@QEAA_JI_K_JAEAH@Z 0000000180009a18 f i CashDrawer.obj
 0001:00008ab4       ?OnMouseActivate@CComControlBase@ATL@@QEAA_JI_K_JAEAH@Z 0000000180009ab4 f i CashDrawer.obj
 0001:00008b54       ?OnPaint@CComControlBase@ATL@@QEAA_JI_K_JAEAH@Z 0000000180009b54 f i CashDrawer.obj
 0001:00008c40       ?OnSetFocus@CComControlBase@ATL@@QEAA_JI_K_JAEAH@Z 0000000180009c40 f i CashDrawer.obj
 0001:00008d48       ?PreProcessBuffer@CRegParser@ATL@@QEAAJPEA_WPEAPEA_W@Z 0000000180009d48 f i CashDrawer.obj
 0001:000090d0       ?ProcessWindowMessage@?$CComControl@VCOPOSCashDrawer@@V?$CWindowImpl@VCOPOSCashDrawer@@VCWindow@ATL@@V?$CWinTraits@$0FGAAAAAA@$0A@@3@@ATL@@@ATL@@UEAAHPEAUHWND__@@I_K_JAEA_JK@Z 000000018000a0d0 f i CashDrawer.obj
 0001:000091bc       ?ReadFromStream@CComBSTR@ATL@@QEAAJPEAUIStream@@@Z 000000018000a1bc f i CashDrawer.obj
 0001:0000930c       ?ReadFromStream@CComVariant@ATL@@QEAAJPEAUIStream@@GTClassesAllowedInStream@2@K@Z 000000018000a30c f i CashDrawer.obj
 0001:00009550       ?RecurseDeleteKey@CRegKey@ATL@@QEAAJPEB_W@Z 000000018000a550 f i CashDrawer.obj
 0001:000096a8       ?RegCreateKeyExW@CAtlTransactionManager@ATL@@QEAAJPEAUHKEY__@@PEB_WKPEA_WKKQEAU_SECURITY_ATTRIBUTES@@PEAPEAU3@PEAK@Z 000000018000a6a8 f i CashDrawer.obj
 0001:000097dc       ?RegDeleteKeyW@CAtlTransactionManager@ATL@@QEAAJPEAUHKEY__@@PEB_W@Z 000000018000a7dc f i CashDrawer.obj
 0001:00009868       ?RegOpenKeyExW@CAtlTransactionManager@ATL@@QEAAJPEAUHKEY__@@PEB_WKKPEAPEAU3@@Z 000000018000a868 f i CashDrawer.obj
 0001:00009920       ?RegisterBuffer@CRegParser@ATL@@QEAAJPEA_WH@Z 000000018000a920 f i CashDrawer.obj
 0001:00009a8c       ?RegisterFromResource@CRegObject@ATL@@IEAAJPEB_W00H@Z 000000018000aa8c f i CashDrawer.obj
 0001:00009c48       ?RegisterServer@CComModule@ATL@@QEAAJHPEBU_GUID@@@Z 000000018000ac48 f i CashDrawer.obj
 0001:00009d04       ?RegisterSubkeys@CRegParser@ATL@@IEAAJPEA_WPEAUHKEY__@@HH@Z 000000018000ad04 f i CashDrawer.obj
 0001:0000a584       ?SendOnDataChange@CComControlBase@ATL@@QEAAJK@Z 000000018000b584 f i CashDrawer.obj
 0001:0000a5f4       ?SetControlFocus@CComControlBase@ATL@@QEAAHH@Z 000000018000b5f4 f i CashDrawer.obj
 0001:0000a6c4       ?SkipAssignment@CRegParser@ATL@@IEAAJPEA_W@Z 000000018000b6c4 f i CashDrawer.obj
 0001:0000a77c       ?Term@CAtlModule@ATL@@QEAAXXZ 000000018000b77c f i CashDrawer.obj
 0001:0000a834       ?Term@CComModule@ATL@@QEAAXXZ 000000018000b834 f i CashDrawer.obj
 0001:0000a8b0       ?UnregisterServer@CComModule@ATL@@QEAAJHPEBU_GUID@@@Z 000000018000b8b0 f i CashDrawer.obj
 0001:0000a960       ?UpdateRegistryFromResource@CAtlModule@ATL@@QEAAJIHPEAU_ATL_REGMAP_ENTRY@2@@Z 000000018000b960 f i CashDrawer.obj
 0001:0000ac6c       ?UpdateRegistryFromResource@CAtlModule@ATL@@QEAAJPEB_WHPEAU_ATL_REGMAP_ENTRY@2@@Z 000000018000bc6c f i CashDrawer.obj
 0001:0000af90       ?VTFromRegType@CRegParser@ATL@@KAHPEB_WAEAG@Z 000000018000bf90 f i CashDrawer.obj
 0001:0000b02c       ?WindowProc@?$CWindowImplBaseT@VCWindow@ATL@@V?$CWinTraits@$0FGAAAAAA@$0A@@2@@ATL@@SA_JPEAUHWND__@@I_K_J@Z 000000018000c02c f i CashDrawer.obj
 0001:0000b198       ?WriteToStream@CComVariant@ATL@@QEAAJPEAUIStream@@@Z 000000018000c198 f i CashDrawer.obj
 0001:0000b404       ?WriteToStream@CComVariant@ATL@@QEAAJPEAUIStream@@G@Z 000000018000c404 f i CashDrawer.obj
 0001:0000b49c       ?_AtlVerifyStackAvailable@_ATL_SAFE_ALLOCA_IMPL@ATL@@YA_N_K@Z 000000018000c49c f i CashDrawer.obj
 0001:0000b520       ?atlCreate@?$CWindowImpl@VCOPOSCashDrawer@@VCWindow@ATL@@V?$CWinTraits@$0FGAAAAAA@$0A@@3@@ATL@@QEAAPEAUHWND__@@PEAU3@V_U_RECT@2@PEB_WKKV_U_MENUorID@2@PEAX@Z 000000018000c520 f i CashDrawer.obj
 0001:0000b5dc       ?atlCreate@?$CWindowImplBaseT@VCWindow@ATL@@V?$CWinTraits@$0FGAAAAAA@$0A@@2@@ATL@@QEAAPEAUHWND__@@PEAU3@V_U_RECT@2@PEB_WKKV_U_MENUorID@2@GPEAX@Z 000000018000c5dc f i CashDrawer.obj
 0001:0000b74c       ?ocscpy_s@@YA_NPEA_W_KPEB_W@Z 000000018000c74c f i CashDrawer.obj
 0001:0000b7fc       DllCanUnloadNow            000000018000c7fc f   CashDrawer.obj
 0001:0000b808       DllGetClassObject          000000018000c808 f   CashDrawer.obj
 0001:0000b820       DllMain                    000000018000c820 f   CashDrawer.obj
 0001:0000b8c8       DllRegisterServer          000000018000c8c8 f   CashDrawer.obj
 0001:0000b8dc       DllUnregisterServer        000000018000c8dc f   CashDrawer.obj
 0001:0000b8f0       __local_stdio_printf_options 000000018000c8f0 f i CashDrawer.obj
 0001:0000b8f8       swprintf_s                 000000018000c8f8 f i CashDrawer.obj
 0001:0000b94c       ??0COPOSCashDrawer@@QEAA@XZ 000000018000c94c f   CashDrawerImpl.obj
 0001:0000ba08       ??1?$IConnectionPointImpl@VCOPOSCashDrawer@@$1?DIID__IOPOSCashDrawerEvents@@3U_GUID@@BVCComDynamicUnkArray@ATL@@@ATL@@QEAA@XZ 000000018000ca08 f i CashDrawerImpl.obj
 0001:0000ba08       ??1?$IConnectionPointImpl@VCOPOSCashDrawer@@$1?IID_IPropertyNotifySink@@3U_GUID@@BVCComDynamicUnkArray@ATL@@@ATL@@QEAA@XZ 000000018000ca08 f i CashDrawerImpl.obj
 0001:0000ba64       ??1CComControlBase@ATL@@UEAA@XZ 000000018000ca64 f i CashDrawerImpl.obj
 0001:0000bae0       ??1COPOSCashDrawer@@UEAA@XZ 000000018000cae0 f   CashDrawerImpl.obj
 0001:0000bb44       ?CheckHealth@COPOSCashDrawer@@UEAAJJPEAJ@Z 000000018000cb44 f   CashDrawerImpl.obj
 0001:0000bbc0       ?ClaimDevice@COPOSCashDrawer@@UEAAJJPEAJ@Z 000000018000cbc0 f   CashDrawerImpl.obj
 0001:0000bc58       ?Close@COPOSCashDrawer@@UEAAJPEAJ@Z 000000018000cc58 f   CashDrawerImpl.obj
 0001:0000bd10       ?CompareFirmwareVersion@COPOSCashDrawer@@UEAAJPEA_WPEAJ1@Z 000000018000cd10 f   CashDrawerImpl.obj
 0001:0000bdec       ?DirectIO@COPOSCashDrawer@@UEAAJJPEAJPEAPEA_W0@Z 000000018000cdec f   CashDrawerImpl.obj
 0001:0000bee8       ?DoInvoke@COPOSCashDrawer@@IEAAJJPEAVOposVariant@@IHPEAJ_N@Z 000000018000cee8 f   CashDrawerImpl.obj
 0001:0000c01c       ?EventInit@COPOSCashDrawer@@IEAAJXZ 000000018000d01c f i CashDrawerImpl.obj
 0001:0000c16c       ?EventUninit@COPOSCashDrawer@@IEAAXXZ 000000018000d16c f i CashDrawerImpl.obj
 0001:0000c1d0       ?EventWindowProc@COPOSCashDrawer@@IEAA_JI_K_J@Z 000000018000d1d0 f i CashDrawerImpl.obj
 0001:0000c294       ?FinalConstruct@COPOSCashDrawer@@QEAAJXZ 000000018000d294 f   CashDrawerImpl.obj
 0001:0000c2d0       ?FreezeEvents@COPOSCashDrawer@@MEAAJH@Z 000000018000d2d0 f   CashDrawerImpl.obj
 0001:0000c33c       ?GetOposProp@COPOSCashDrawer@@IEAAJJPEAJJ@Z 000000018000d33c f   CashDrawerImpl.obj
 0001:0000c458       ?GetOposProp@COPOSCashDrawer@@IEAAJJPEAPEA_WJ@Z 000000018000d458 f   CashDrawerImpl.obj
 0001:0000c584       ?OnDraw@COPOSCashDrawer@@MEAAJAEAUATL_DRAWINFO@@@Z 000000018000d584 f   CashDrawerImpl.obj
 0001:0000c670       ?Open@COPOSCashDrawer@@UEAAJPEA_WPEAJ@Z 000000018000d670 f   CashDrawerImpl.obj
 0001:0000cee4       ?OpenDrawer@COPOSCashDrawer@@UEAAJPEAJ@Z 000000018000dee4 f   CashDrawerImpl.obj
 0001:0000cf0c       ?ReleaseDevice@COPOSCashDrawer@@UEAAJPEAJ@Z 000000018000df0c f   CashDrawerImpl.obj
 0001:0000cf50       ?ResetStatistics@COPOSCashDrawer@@UEAAJPEA_WPEAJ@Z 000000018000df50 f   CashDrawerImpl.obj
 0001:0000cfd8       ?RetrieveStatistics@COPOSCashDrawer@@UEAAJPEAPEA_WPEAJ@Z 000000018000dfd8 f   CashDrawerImpl.obj
 0001:0000d060       ?SOProcessID@COPOSCashDrawer@@UEAAJPEAJ@Z 000000018000e060 f   CashDrawerImpl.obj
 0001:0000d07c       ?SetCOFreezeEvents@COPOSCashDrawer@@IEAAXF@Z 000000018000e07c f   CashDrawerImpl.obj
 0001:0000d160       ?SetOposProp@COPOSCashDrawer@@IEAAJJJJ@Z 000000018000e160 f   CashDrawerImpl.obj
 0001:0000d2c0       ?UpdateFirmware@COPOSCashDrawer@@UEAAJPEA_WPEAJ@Z 000000018000e2c0 f   CashDrawerImpl.obj
 0001:0000d348       ?UpdateStatistics@COPOSCashDrawer@@UEAAJPEA_WPEAJ@Z 000000018000e348 f   CashDrawerImpl.obj
 0001:0000d3d0       ?WaitForDrawerClose@COPOSCashDrawer@@UEAAJJJJJPEAJ@Z 000000018000e3d0 f   CashDrawerImpl.obj
 0001:0000d4cc       ?get_BinaryConversion@COPOSCashDrawer@@UEAAJPEAJ@Z 000000018000e4cc f   CashDrawerImpl.obj
 0001:0000d4e0       ?get_CapCompareFirmwareVersion@COPOSCashDrawer@@UEAAJPEAF@Z 000000018000e4e0 f   CashDrawerImpl.obj
 0001:0000d514       ?get_CapPowerReporting@COPOSCashDrawer@@UEAAJPEAJ@Z 000000018000e514 f   CashDrawerImpl.obj
 0001:0000d528       ?get_CapStatisticsReporting@COPOSCashDrawer@@UEAAJPEAF@Z 000000018000e528 f   CashDrawerImpl.obj
 0001:0000d55c       ?get_CapStatus@COPOSCashDrawer@@UEAAJPEAF@Z 000000018000e55c f   CashDrawerImpl.obj
 0001:0000d58c       ?get_CapStatusMultiDrawerDetect@COPOSCashDrawer@@UEAAJPEAF@Z 000000018000e58c f   CashDrawerImpl.obj
 0001:0000d5c0       ?get_CapUpdateFirmware@COPOSCashDrawer@@UEAAJPEAF@Z 000000018000e5c0 f   CashDrawerImpl.obj
 0001:0000d5f4       ?get_CapUpdateStatistics@COPOSCashDrawer@@UEAAJPEAF@Z 000000018000e5f4 f   CashDrawerImpl.obj
 0001:0000d628       ?get_CheckHealthText@COPOSCashDrawer@@UEAAJPEAPEA_W@Z 000000018000e628 f   CashDrawerImpl.obj
 0001:0000d638       ?get_Claimed@COPOSCashDrawer@@UEAAJPEAF@Z 000000018000e638 f   CashDrawerImpl.obj
 0001:0000d668       ?get_ControlObjectDescription@COPOSCashDrawer@@UEAAJPEAPEA_W@Z 000000018000e668 f   CashDrawerImpl.obj
 0001:0000d6cc       ?get_ControlObjectVersion@COPOSCashDrawer@@UEAAJPEAJ@Z 000000018000e6cc f   CashDrawerImpl.obj
 0001:0000d6d8       ?get_DeviceDescription@COPOSCashDrawer@@UEAAJPEAPEA_W@Z 000000018000e6d8 f   CashDrawerImpl.obj
 0001:0000d6e8       ?get_DeviceEnabled@COPOSCashDrawer@@UEAAJPEAF@Z 000000018000e6e8 f   CashDrawerImpl.obj
 0001:0000d718       ?get_DeviceName@COPOSCashDrawer@@UEAAJPEAPEA_W@Z 000000018000e718 f   CashDrawerImpl.obj
 0001:0000d728       ?get_DrawerOpened@COPOSCashDrawer@@UEAAJPEAF@Z 000000018000e728 f   CashDrawerImpl.obj
 0001:0000d758       ?get_FreezeEvents@COPOSCashDrawer@@UEAAJPEAF@Z 000000018000e758 f   CashDrawerImpl.obj
 0001:0000d788       ?get_OpenResult@COPOSCashDrawer@@UEAAJPEAJ@Z 000000018000e788 f   CashDrawerImpl.obj
 0001:0000d794       ?get_PowerNotify@COPOSCashDrawer@@UEAAJPEAJ@Z 000000018000e794 f   CashDrawerImpl.obj
 0001:0000d7a8       ?get_PowerState@COPOSCashDrawer@@UEAAJPEAJ@Z 000000018000e7a8 f   CashDrawerImpl.obj
 0001:0000d7bc       ?get_ResultCode@COPOSCashDrawer@@UEAAJPEAJ@Z 000000018000e7bc f   CashDrawerImpl.obj
 0001:0000d7f8       ?get_ResultCodeExtended@COPOSCashDrawer@@UEAAJPEAJ@Z 000000018000e7f8 f   CashDrawerImpl.obj
 0001:0000d808       ?get_ServiceObjectDescription@COPOSCashDrawer@@UEAAJPEAPEA_W@Z 000000018000e808 f   CashDrawerImpl.obj
 0001:0000d818       ?get_ServiceObjectVersion@COPOSCashDrawer@@UEAAJPEAJ@Z 000000018000e818 f   CashDrawerImpl.obj
 0001:0000d828       ?get_State@COPOSCashDrawer@@UEAAJPEAJ@Z 000000018000e828 f   CashDrawerImpl.obj
 0001:0000d854       ?put_BinaryConversion@COPOSCashDrawer@@UEAAJJ@Z 000000018000e854 f   CashDrawerImpl.obj
 0001:0000d868       ?put_DeviceEnabled@COPOSCashDrawer@@UEAAJF@Z 000000018000e868 f   CashDrawerImpl.obj
 0001:0000d880       ?put_FreezeEvents@COPOSCashDrawer@@UEAAJF@Z 000000018000e880 f   CashDrawerImpl.obj
 0001:0000d8d0       ?put_PowerNotify@COPOSCashDrawer@@UEAAJJ@Z 000000018000e8d0 f   CashDrawerImpl.obj
 0001:0000d8e4       ?s_EventWindowProc@COPOSCashDrawer@@KA_JPEAUHWND__@@I_K_J@Z 000000018000e8e4 f i CashDrawerImpl.obj
 0001:0000d960       ??_U@YAPEAX_K@Z            000000018000e960 f   LIBCMT:new_array.obj
 0001:0000d968       ??_V@YAXPEAX@Z             000000018000e968 f   LIBCMT:delete_array.obj
 0001:0000d968       ??3@YAXPEAX_K@Z            000000018000e968 f   LIBCMT:delete_scalar_size.obj
 0001:0000d970       ??_V@YAXPEAX_K@Z           000000018000e970 f   LIBCMT:delete_array_size.obj
 0001:0000d978       __scrt_acquire_startup_lock 000000018000e978 f   LIBCMT:utility.obj
 0001:0000d9b4       __scrt_dllmain_after_initialize_c 000000018000e9b4 f   LIBCMT:utility.obj
 0001:0000d9e8       __scrt_dllmain_before_initialize_c 000000018000e9e8 f   LIBCMT:utility.obj
 0001:0000da00       __scrt_dllmain_crt_thread_attach 000000018000ea00 f   LIBCMT:utility.obj
 0001:0000da28       __scrt_dllmain_crt_thread_detach 000000018000ea28 f   LIBCMT:utility.obj
 0001:0000da40       __scrt_dllmain_exception_filter 000000018000ea40 f   LIBCMT:utility.obj
 0001:0000daa0       __scrt_dllmain_uninitialize_c 000000018000eaa0 f   LIBCMT:utility.obj
 0001:0000dad0       __scrt_dllmain_uninitialize_critical 000000018000ead0 f   LIBCMT:utility.obj
 0001:0000dae4       __scrt_initialize_crt      000000018000eae4 f   LIBCMT:utility.obj
 0001:0000db30       __scrt_initialize_onexit_tables 000000018000eb30 f   LIBCMT:utility.obj
 0001:0000dbbc       __scrt_is_nonwritable_in_current_image 000000018000ebbc f   LIBCMT:utility.obj
 0001:0000dc54       __scrt_release_startup_lock 000000018000ec54 f   LIBCMT:utility.obj
 0001:0000dc78       __scrt_uninitialize_crt    000000018000ec78 f   LIBCMT:utility.obj
 0001:0000dca4       _onexit                    000000018000eca4 f   LIBCMT:utility.obj
 0001:0000dce0       atexit                     000000018000ece0 f   LIBCMT:utility.obj
 0001:0000dcf8       ??3@YAXPEAX@Z              000000018000ecf8 f   LIBCMT:delete_scalar.obj
 0001:0000ddf8       _Init_thread_footer        000000018000edf8 f   LIBCMT:thread_safe_statics.obj
 0001:0000de58       _Init_thread_header        000000018000ee58 f   LIBCMT:thread_safe_statics.obj
 0001:0000dec0       _Init_thread_notify        000000018000eec0 f   LIBCMT:thread_safe_statics.obj
 0001:0000df04       _Init_thread_wait          000000018000ef04 f   LIBCMT:thread_safe_statics.obj
 0001:0000df68       __raise_securityfailure    000000018000ef68 f   LIBCMT:gs_report.obj
 0001:0000df9c       __report_gsfailure         000000018000ef9c f   LIBCMT:gs_report.obj
 0001:0000e070       __report_rangecheckfailure 000000018000f070 f   LIBCMT:gs_report.obj
 0001:0000e084       __report_securityfailure   000000018000f084 f   LIBCMT:gs_report.obj
 0001:0000e204       ??2@YAPEAX_KAEBUnothrow_t@std@@@Z 000000018000f204 f   LIBCMT:new_scalar_nothrow.obj
 0001:0000e218       ??_U@YAPEAX_KAEBUnothrow_t@std@@@Z 000000018000f218 f   LIBCMT:new_array_nothrow.obj
 0001:0000e220       __GSHandlerCheck           000000018000f220 f   LIBCMT:gshandler.obj
 0001:0000e240       __GSHandlerCheckCommon     000000018000f240 f   LIBCMT:gshandler.obj
 0001:0000e29c       __GSHandlerCheck_SEH       000000018000f29c f   LIBCMT:gshandlerseh.obj
 0001:0000e340       __chkstk                   000000018000f340 f   LIBCMT:chkstk.obj
 0001:0000e340       _alloca_probe              000000018000f340 f   LIBCMT:chkstk.obj
 0001:0000e3a0       __security_check_cookie    000000018000f3a0 f   LIBCMT:amdsecgs.obj
 0001:0000e6e0       _DllMainCRTStartup         000000018000f6e0 f   LIBCMT:dll_dllmain.obj
 0001:0000e720       ??2@YAPEAX_K@Z             000000018000f720 f   LIBCMT:new_scalar.obj
 0001:0000e75c       __isa_available_init       000000018000f75c f   LIBCMT:cpu_disp.obj
 0001:0000e900       __scrt_is_ucrt_dll_in_use  000000018000f900 f   LIBCMT:ucrt_detection.obj
 0001:0000e90c       __crt_debugger_hook        000000018000f90c f   LIBCMT:utility_desktop.obj
 0001:0000e914       __scrt_fastfail            000000018000f914 f   LIBCMT:utility_desktop.obj
 0001:0000ea60       __security_init_cookie     000000018000fa60 f   LIBCMT:gs_support.obj
 0001:0000eb0c       ?__scrt_initialize_type_info@@YAXXZ 000000018000fb0c f   LIBCMT:tncleanup.obj
 0001:0000eb1c       ?__scrt_uninitialize_type_info@@YAXXZ 000000018000fb1c f   LIBCMT:tncleanup.obj
 0001:0000eb28       __local_stdio_scanf_options 000000018000fb28 f i LIBCMT:default_local_stdio_options.obj
 0001:0000eb30       __scrt_initialize_default_local_stdio_options 000000018000fb30 f   LIBCMT:default_local_stdio_options.obj
 0001:0000eb4c       __scrt_get_dyn_tls_init_callback 000000018000fb4c f   LIBCMT:dyn_tls_init.obj
 0001:0000eb54       _RTC_Initialize            000000018000fb54 f   LIBCMT:initsect.obj
 0001:0000eb90       _RTC_Terminate             000000018000fb90 f   LIBCMT:initsect.obj
 0001:0000ebcc       ??0bad_alloc@std@@QEAA@AEBV01@@Z 000000018000fbcc f i LIBCMT:throw_bad_alloc.obj
 0001:0000ec08       ??0bad_alloc@std@@QEAA@XZ  000000018000fc08 f i LIBCMT:throw_bad_alloc.obj
 0001:0000ec28       ??0bad_array_new_length@std@@QEAA@AEBV01@@Z 000000018000fc28 f i LIBCMT:throw_bad_alloc.obj
 0001:0000ec64       ??0bad_array_new_length@std@@QEAA@XZ 000000018000fc64 f i LIBCMT:throw_bad_alloc.obj
 0001:0000ec84       ??0exception@std@@QEAA@AEBV01@@Z 000000018000fc84 f i LIBCMT:throw_bad_alloc.obj
 0001:0000ecb8       ??1bad_array_new_length@std@@UEAA@XZ 000000018000fcb8 f i LIBCMT:throw_bad_alloc.obj
 0001:0000ecb8       ??1bad_alloc@std@@UEAA@XZ  000000018000fcb8 f i LIBCMT:throw_bad_alloc.obj
 0001:0000ecb8       ??1bad_exception@std@@UEAA@XZ 000000018000fcb8 f i libvcruntime:frame.obj
 0001:0000eccc       ??_Eexception@std@@UEAAPEAXI@Z 000000018000fccc f i LIBCMT:throw_bad_alloc.obj
 0001:0000eccc       ??_Ebad_exception@std@@UEAAPEAXI@Z 000000018000fccc f i libvcruntime:frame.obj
 0001:0000eccc       ??_Gexception@std@@UEAAPEAXI@Z 000000018000fccc f i LIBCMT:throw_bad_alloc.obj
 0001:0000eccc       ??_Ebad_array_new_length@std@@UEAAPEAXI@Z 000000018000fccc f i LIBCMT:throw_bad_alloc.obj
 0001:0000eccc       ??_Gbad_array_new_length@std@@UEAAPEAXI@Z 000000018000fccc f i LIBCMT:throw_bad_alloc.obj
 0001:0000eccc       ??_Gbad_alloc@std@@UEAAPEAXI@Z 000000018000fccc f i LIBCMT:throw_bad_alloc.obj
 0001:0000eccc       ??_Gbad_exception@std@@UEAAPEAXI@Z 000000018000fccc f i libvcruntime:frame.obj
 0001:0000eccc       ??_Ebad_alloc@std@@UEAAPEAXI@Z 000000018000fccc f i LIBCMT:throw_bad_alloc.obj
 0001:0000ed10       ?__scrt_throw_std_bad_alloc@@YAXXZ 000000018000fd10 f   LIBCMT:throw_bad_alloc.obj
 0001:0000ed30       ?__scrt_throw_std_bad_array_new_length@@YAXXZ 000000018000fd30 f   LIBCMT:throw_bad_alloc.obj
 0001:0000ed50       ?what@exception@std@@UEBAPEBDXZ 000000018000fd50 f i LIBCMT:throw_bad_alloc.obj
 0001:0000ed70       ??_Etype_info@@UEAAPEAXI@Z 000000018000fd70 f i LIBCMT:std_type_info_static.obj
 0001:0000ed70       ??_Gtype_info@@UEAAPEAXI@Z 000000018000fd70 f i LIBCMT:std_type_info_static.obj
 0001:0000ed9c       ??0CAtlBaseModule@ATL@@QEAA@XZ 000000018000fd9c f   atls:atlbase.obj
 0001:0000ee44       ??1CAtlBaseModule@ATL@@QEAA@XZ 000000018000fe44 f   atls:atlbase.obj
 0001:0000ef78       ?__AllocStdCallThunk_cmn@@YAPEAXXZ 000000018000ff78 f   atls:atlthunk.obj
 0001:0000f0d0       AtlThunk_AllocateData      00000001800100d0 f   atls:atlthunk.obj
 0001:0000f14c       AtlThunk_DataToCode        000000018001014c f   atls:atlthunk.obj
 0001:0000f1a0       AtlThunk_FreeData          00000001800101a0 f   atls:atlthunk.obj
 0001:0000f200       AtlThunk_InitData          0000000180010200 f   atls:atlthunk.obj
 0001:0000f2a8       _get_purecall_handler      00000001800102a8 f   libvcruntime:purevirt.obj
 0001:0000f2b4       _purecall                  00000001800102b4 f   libvcruntime:purevirt.obj
 0001:0000f2d0       wcsstr                     00000001800102d0 f   libvcruntime:wcsstr.obj
 0001:0000f500       memcmp                     0000000180010500 f   libvcruntime:memcmp.obj
 0001:0000f5e0       memcpy_repmovs             00000001800105e0 f   libvcruntime:memcpy.obj
 0001:0000f600       memcpy                     0000000180010600 f   libvcruntime:memcpy.obj
 0001:0000f600       memmove                    0000000180010600 f   libvcruntime:memcpy.obj
 0001:0000fc90       memset_repmovs             0000000180010c90 f   libvcruntime:memset.obj
 0001:0000fcb0       memset                     0000000180010cb0 f   libvcruntime:memset.obj
 0001:0000fe40       __vcrt_initialize          0000000180010e40 f   libvcruntime:initialization.obj
 0001:0000fe68       __vcrt_thread_attach       0000000180010e68 f   libvcruntime:initialization.obj
 0001:0000fe7c       __vcrt_thread_detach       0000000180010e7c f   libvcruntime:initialization.obj
 0001:0000fe90       __vcrt_uninitialize        0000000180010e90 f   libvcruntime:initialization.obj
 0001:0000feac       __vcrt_uninitialize_critical 0000000180010eac f   libvcruntime:initialization.obj
 0001:0000febc       __C_specific_handler       0000000180010ebc f   libvcruntime:riscchandler.obj
 0001:000100b4       ??$_CallSETranslator@V__FrameHandler3@@@@YAHPEAUEHExceptionRecord@@PEA_KPEAU_CONTEXT@@PEAU_xDISPATCHER_CONTEXT@@PEBU_s_FuncInfo@@K1H@Z 00000001800110b4 f i libvcruntime:risctrnsctrl.obj
 0001:00010108       ??$_CallSETranslator@V__FrameHandler4@@@@YAHPEAUEHExceptionRecord@@PEA_KPEAU_CONTEXT@@PEAU_xDISPATCHER_CONTEXT@@PEAUFuncInfo4@FH4@@K1H@Z 0000000180011108 f i libvcruntime:risctrnsctrl.obj
 0001:0001015c       ?CatchTryBlock@__FrameHandler3@@SAPEBU_s_TryBlockMapEntry@@PEBU_s_FuncInfo@@H@Z 000000018001115c f   libvcruntime:risctrnsctrl.obj
 0001:000101c0       ?DecompFuncInfo@FH4@@YA_JPEAEAEAUFuncInfo4@1@_KH_N@Z 00000001800111c0 f i libvcruntime:risctrnsctrl.obj
 0001:000102e4       ?ExecutionInCatch@__FrameHandler3@@SA_NPEAU_xDISPATCHER_CONTEXT@@PEBU_s_FuncInfo@@@Z 00000001800112e4 f   libvcruntime:risctrnsctrl.obj
 0001:00010310       ?ExecutionInCatch@__FrameHandler4@@SA_NPEAU_xDISPATCHER_CONTEXT@@PEAUFuncInfo4@FH4@@@Z 0000000180011310 f   libvcruntime:risctrnsctrl.obj
 0001:00010318       ?FrameUnwindToEmptyState@__FrameHandler3@@SAXPEA_KPEAU_xDISPATCHER_CONTEXT@@PEBU_s_FuncInfo@@@Z 0000000180011318 f   libvcruntime:risctrnsctrl.obj
 0001:0001037c       ?FrameUnwindToEmptyState@__FrameHandler4@@SAXPEA_KPEAU_xDISPATCHER_CONTEXT@@PEAUFuncInfo4@FH4@@@Z 000000018001137c f   libvcruntime:risctrnsctrl.obj
 0001:000103b0       ?GetEstablisherFrame@__FrameHandler3@@SAPEA_KPEA_KPEAU_xDISPATCHER_CONTEXT@@PEBU_s_FuncInfo@@0@Z 00000001800113b0 f   libvcruntime:risctrnsctrl.obj
 0001:0001047c       ?GetEstablisherFrame@__FrameHandler4@@SAPEA_KPEA_KPEAU_xDISPATCHER_CONTEXT@@PEAUFuncInfo4@FH4@@0@Z 000000018001147c f   libvcruntime:risctrnsctrl.obj
[...]
 0002:0000c3b0       $unwind$??$?RV<lambda_2d41944a1d46af3157314b8a01080d33>@@AEAV<lambda_8f455de75cd7d7f24b4096f044d8b9e6>@@V<lambda_aa500f224e6afead328df44964fe2772>@@@?$__crt_seh_guarded_call@X@@QEAAX$$QEAV<lambda_2d41944a1d46af3157314b8a01080d33>@@AEAV<lambda_8f455de75cd7d7f24b4096f044d8b9e6>@@$$QEAV<lambda_aa500f224e6afead328df44964fe2772>@@@Z 00000001800313b0     libucrt:per_thread_data.obj
 0002:0000c3d4       $unwind$__acrt_uninitialize_locale 00000001800313d4     libucrt:wsetlocale.obj
 0002:0000c3d4       $unwind$__acrt_get_sigabrt_handler 00000001800313d4     libucrt:signal.obj
 0002:0000c3dc       $unwind$??$?RV<lambda_410d79af7f07d98d83a3f525b3859a53>@@AEAV<lambda_3e16ef9562a7dcce91392c22ab16ea36>@@V<lambda_38119f0e861e05405d8a144b9b982f0a>@@@?$__crt_seh_guarded_call@X@@QEAAX$$QEAV<lambda_410d79af7f07d98d83a3f525b3859a53>@@AEAV<lambda_3e16ef9562a7dcce91392c22ab16ea36>@@$$QEAV<lambda_38119f0e861e05405d8a144b9b982f0a>@@@Z 00000001800313dc     libucrt:wsetlocale.obj
 0002:0000c404       $unwind$__acrt_initialize_winapi_thunks 0000000180031404     libucrt:winapi_thunks.obj
 0002:0000c404       $unwind$__acrt_fenv_get_control 0000000180031404     libucrt:_fenvutils.obj
 0002:0000c40c       $unwind$__acrt_fp_format   000000018003140c     libucrt:cvt.obj
 0002:0000c41c       $unwind$?fp_format_e_internal@@YAHQEAD_KH_NIQEAU_strflt@@2AEAV__crt_cached_ptd_host@@@Z 000000018003141c     libucrt:cvt.obj
 0002:0000c438       $unwind$?fp_format_a@@YAHQEBNPEAD_KQEAD2H_NIW4__acrt_rounding_mode@@AEAV__crt_cached_ptd_host@@@Z 0000000180031438     libucrt:cvt.obj
 0002:0000c454       $unwind$?fp_format_g@@YAHQEBNQEAD_K12H_NIW4__acrt_rounding_mode@@AEAV__crt_cached_ptd_host@@@Z 0000000180031454     libucrt:cvt.obj
 0002:0000c46c       $unwind$__acrt_initialize_lowio 000000018003146c     libucrt:ioinit.obj
 0002:0000c48c       $unwind$??$common_expand_argv_wildcards@D@@YAHQEAPEADQEAPEAPEAD@Z 000000018003148c     libucrt:argv_wildcards.obj
 0002:0000c4a4       $unwind$__dcrt_get_narrow_environment_from_os 00000001800314a4     libucrt:get_environment_from_os.obj
 0002:0000c4a4       $unwind$??$__acrt_convert_wcs_mbs_cp@_WDV<lambda_d8593a27d1aa8c02be35c86a17d324c4>@@U__crt_win32_buffer_internal_dynamic_resizing@@@@YAHQEB_WAEAV?$__crt_win32_buffer@DU__crt_win32_buffer_internal_dynamic_resizing@@@@AEBV<lambda_d8593a27d1aa8c02be35c86a17d324c4>@@I@Z 00000001800314a4     libucrt:argv_wildcards.obj
 0002:0000c4bc       $unwind$??$copy_and_add_argument_to_buffer@D@@YAHQEBD0_KAEAV?$argument_list@D@?A0x5f5c8891@@@Z 00000001800314bc     libucrt:argv_wildcards.obj
 0002:0000c4d8       $unwind$??$expand_argument_wildcards@D@@YAHQEAD0AEAV?$argument_list@D@?A0x5f5c8891@@@Z 00000001800314d8     libucrt:argv_wildcards.obj
 0002:0000c4f8       $unwind$__acrt_GetModuleFileNameA 00000001800314f8     libucrt:getmodulefilenamea.obj
 0002:0000c514       $unwind$_setmbcp_nolock    0000000180031514     libucrt:mbctype.obj
 0002:0000c534       $unwind$?update_thread_multibyte_data_internal@@YAPEAU__crt_multibyte_data@@QEAU__acrt_ptd@@QEAPEAU1@@Z 0000000180031534     libucrt:mbctype.obj
 0002:0000c55c       $unwind$?setmbcp_internal@@YAHH_NQEAU__acrt_ptd@@QEAPEAU__crt_multibyte_data@@@Z 000000018003155c     libucrt:mbctype.obj
 0002:0000c574       $unwind$?setSBUpLow@@YAXPEAU__crt_multibyte_data@@@Z 0000000180031574     libucrt:mbctype.obj
 0002:0000c590       $unwind$??$?RV<lambda_efdfa57d1f175319df784efa44bb7b81>@@AEAV<lambda_5f0a4c1567f8adc6734073e5d1e1b35c>@@V<lambda_2e8a7d3640ea6ccb4c2413664c2db6fd>@@@?$__crt_seh_guarded_call@X@@QEAAX$$QEAV<lambda_efdfa57d1f175319df784efa44bb7b81>@@AEAV<lambda_5f0a4c1567f8adc6734073e5d1e1b35c>@@$$QEAV<lambda_2e8a7d3640ea6ccb4c2413664c2db6fd>@@@Z 0000000180031590     libucrt:mbctype.obj
 0002:0000c5b4       $unwind$__acrt_WideCharToMultiByte 00000001800315b4     libucrt:widechartomultibyte.obj
 0002:0000c5c0       $unwind$raise              00000001800315c0     libucrt:signal.obj
 0002:0000c5fc       $unwind$??$?RV<lambda_450d765d439847d4c735a33c368b5fc0>@@AEAV<lambda_44731a7d0e6d81c3e6aa82d741081786>@@V<lambda_601a2a7da3b7a96e9554ac7215c4b07c>@@@?$__crt_seh_guarded_call@P6AXH@Z@@QEAAP6AXH@Z$$QEAV<lambda_450d765d439847d4c735a33c368b5fc0>@@AEAV<lambda_44731a7d0e6d81c3e6aa82d741081786>@@$$QEAV<lambda_601a2a7da3b7a96e9554ac7215c4b07c>@@@Z 00000001800315fc     libucrt:signal.obj
 0002:0000c620       $unwind$fclose             0000000180031620     libucrt:fclose.obj
 0002:0000c620       $unwind$_fflush_nolock     0000000180031620     libucrt:fflush.obj
 0002:0000c630       $unwind$?common_flush_all@@YAH_N@Z 0000000180031630     libucrt:fflush.obj
 0002:0000c638       $unwind$??$?RV<lambda_842d9ff0dc9ef11c61343bbaebe7f885>@@AEAV<lambda_c5860995281e5c4ce005b3de8f5874ee>@@V<lambda_d90129c13df834fdcbf8d2b88dafcf2d>@@@?$__crt_seh_guarded_call@X@@QEAAX$$QEAV<lambda_842d9ff0dc9ef11c61343bbaebe7f885>@@AEAV<lambda_c5860995281e5c4ce005b3de8f5874ee>@@$$QEAV<lambda_d90129c13df834fdcbf8d2b88dafcf2d>@@@Z 0000000180031638     libucrt:fflush.obj
 0002:0000c65c       $unwind$??$?RV<lambda_886d6c58226a84441f68b9f2b8217b83>@@AEAV<lambda_ab61a845afdef5b7c387490eaf3616ee>@@V<lambda_f7f22ab5edc0698d5f6905b0d3f44752>@@@?$__crt_seh_guarded_call@X@@QEAAX$$QEAV<lambda_886d6c58226a84441f68b9f2b8217b83>@@AEAV<lambda_ab61a845afdef5b7c387490eaf3616ee>@@$$QEAV<lambda_f7f22ab5edc0698d5f6905b0d3f44752>@@@Z 000000018003165c     libucrt:fflush.obj
 0002:0000c684       $unwind$__acrt_update_thread_locale_data 0000000180031684     libucrt:locale_refcounting.obj
 0002:0000c6a8       $unwind$__acrt_locale_free_monetary 00000001800316a8     libucrt:initmon.obj
 0002:0000c6b0       $unwind$__acrt_locale_free_time 00000001800316b0     libucrt:inittime.obj
 0002:0000c6c0       $unwind$__acrt_GetStringTypeA 00000001800316c0     libucrt:getstringtypea.obj
 0002:0000c6e8       $unwind$__acrt_fp_strflt_to_string 00000001800316e8     libucrt:_fptostr.obj
 0002:0000c704       $unwind$__acrt_fltout      0000000180031704     libucrt:cfout.obj
 0002:0000c724       $unwind$?divide@__crt_strtox@@YA_KAEAUbig_integer@1@AEBU21@@Z 0000000180031724     libucrt:cfout.obj
 0002:0000c73c       $chain$0$?divide@__crt_strtox@@YA_KAEAUbig_integer@1@AEBU21@@Z 000000018003173c     libucrt:cfout.obj
 0002:0000c750       $chain$1$?divide@__crt_strtox@@YA_KAEAUbig_integer@1@AEBU21@@Z 0000000180031750     libucrt:cfout.obj
 0002:0000c760       $unwind$?__mbsrtowcs_utf8@__crt_mbstring@@YA_KPEA_WPEAPEBD_KPEAU_Mbstatet@@AEAV__crt_cached_ptd_host@@@Z 0000000180031760     libucrt:mbrtowc.obj
 0002:0000c778       $unwind$_fcloseall         0000000180031778     libucrt:closeall.obj
 0002:0000c79c       $unwind$__acrt_lowio_destroy_handle_array 000000018003179c     libucrt:osfinfo.obj
 0002:0000c7ac       $unwind$__acrt_lowio_ensure_fh_exists 00000001800317ac     libucrt:osfinfo.obj
 0002:0000c7d8       $unwind$qsort              00000001800317d8     libucrt:qsort.obj
 0002:0000c7f0       $chain$4$qsort             00000001800317f0     libucrt:qsort.obj
 0002:0000c814       $chain$5$qsort             0000000180031814     libucrt:qsort.obj
 0002:0000c824       $unwind$strpbrk            0000000180031824     libucrt:strpbrk.obj
 0002:0000c834       $unwind$fallbackMethod     0000000180031834     libucrt:strpbrk.obj
 0002:0000c844       $unwind$__acrt_LCMapStringA 0000000180031844     libucrt:lcmapstringa.obj
 0002:0000c854       $unwind$?__acrt_LCMapStringA_stat@@YAHPEAU__crt_locale_pointers@@PEB_WKPEBDHPEADHHH@Z 0000000180031854     libucrt:lcmapstringa.obj
 0002:0000c87c       $unwind$_commit            000000018003187c     libucrt:commit.obj
 0002:0000c884       $unwind$??$?RV<lambda_a37b2b86f63e897a80ea819b0eb08c01>@@AEAV<lambda_38ce7e780aa69e748d6df282ebc68efe>@@V<lambda_99fb1378e971ab6e7edea83e3a7a83a2>@@@?$__crt_seh_guarded_call@H@@QEAAH$$QEAV<lambda_a37b2b86f63e897a80ea819b0eb08c01>@@AEAV<lambda_38ce7e780aa69e748d6df282ebc68efe>@@$$QEAV<lambda_99fb1378e971ab6e7edea83e3a7a83a2>@@@Z 0000000180031884     libucrt:commit.obj
 0002:0000c8a8       $unwind$_write_nolock      00000001800318a8     libucrt:write.obj
 0002:0000c8c0       $unwind$_write_internal    00000001800318c0     libucrt:write.obj
 0002:0000c8f0       $unwind$?write_double_translated_ansi_nolock@@YA?AUwrite_result@?A0x17268360@@HQEBDIAEAV__crt_cached_ptd_host@@@Z 00000001800318f0     libucrt:write.obj
 0002:0000c918       $ip2state$?write_double_translated_ansi_nolock@@YA?AUwrite_result@?A0x17268360@@HQEBDIAEAV__crt_cached_ptd_host@@@Z 0000000180031918     libucrt:write.obj
 0002:0000c920       $unwind$?write_text_ansi_nolock@@YA?AUwrite_result@?A0x17268360@@HQEBDI@Z 0000000180031920     libucrt:write.obj
 0002:0000c920       $unwind$?write_text_utf16le_nolock@@YA?AUwrite_result@?A0x17268360@@HQEBDI@Z 0000000180031920     libucrt:write.obj
 0002:0000c940       $unwind$?write_text_utf8_nolock@@YA?AUwrite_result@?A0x17268360@@HQEBDI@Z 0000000180031940     libucrt:write.obj
 0002:0000c968       $xdatasym                  0000000180031968     libucrt:log10.obj
 0002:0000c974       $unwind$__acrt_fenv_set_control 0000000180031974     libucrt:_fenvutils.obj
 0002:0000c984       $unwind$?__mbrtoc32_utf8@__crt_mbstring@@YA_KPEA_UPEBD_KPEAU_Mbstatet@@AEAV__crt_cached_ptd_host@@@Z 0000000180031984     libucrt:mbrtoc32.obj
 0002:0000c9a0       $unwind$?_fclose_nolock_internal@@YAHQEAU_iobuf@@AEAV__crt_cached_ptd_host@@@Z 00000001800319a0     libucrt:fclose.obj
 0002:0000c9b0       $unwind$?_fclose_internal@@YAHQEAU_iobuf@@AEAV__crt_cached_ptd_host@@@Z 00000001800319b0     libucrt:fclose.obj
 0002:0000c9d4       $unwind$_putwch_nolock     00000001800319d4     libucrt:putwch.obj
 0002:0000c9dc       $unwind$common_control87   00000001800319dc     libucrt:ieee.obj
 0002:0000ca08       $unwind$_call_matherr      0000000180031a08     libucrt:libm_error.obj
 0002:0000ca10       $unwind$_handle_error      0000000180031a10     libucrt:libm_error.obj
 0002:0000ca30       $unwind$__acrt_initialize_fma3 0000000180031a30     libucrt:fma3_available.obj
 0002:0000ca38       $unwind$_log_special_common 0000000180031a38     libucrt:log_special.obj
 0002:0000ca44       $unwind$_close_internal    0000000180031a44     libucrt:close.obj
 0002:0000ca4c       $unwind$??$?RV<lambda_ad8af0d99a0adf03d037d7dffe354bb5>@@AEAV<lambda_c9ba49e555ba839a7b07aa3fbecb7617>@@V<lambda_2f1ebd5d68526518146ae959c9e734c8>@@@?$__crt_seh_guarded_call@H@@QEAAH$$QEAV<lambda_ad8af0d99a0adf03d037d7dffe354bb5>@@AEAV<lambda_c9ba49e555ba839a7b07aa3fbecb7617>@@$$QEAV<lambda_2f1ebd5d68526518146ae959c9e734c8>@@@Z 0000000180031a4c     libucrt:close.obj
 0002:0000ca70       $xdatasym                  0000000180031a70     libucrt:fpsr.obj
 0002:0000ca78       $unwind$_raise_exc_ex      0000000180031a78     libucrt:fpexcept.obj
 0002:0000ca8c       $unwind$_ctrlfp            0000000180031a8c     libucrt:fpctrl.obj
 0002:0000cab4       $unwind$_IsNonwritableInCurrentImage 0000000180031ab4     LIBCMT:pesect.obj
 0002:0000cad8       $unwind$strrchr            0000000180031ad8     libvcruntime:strrchr.obj
 0002:0000cc40       .edata                     0000000180031c40     OPOSCashDrawer.exp
 0002:0000cc68       rgpv                       0000000180031c68     OPOSCashDrawer.exp
 0002:0000cc78       rgszName                   0000000180031c78     OPOSCashDrawer.exp
 0002:0000cc88       rgwOrd                     0000000180031c88     OPOSCashDrawer.exp
 0002:0000cc90       szName                     0000000180031c90     OPOSCashDrawer.exp
 0002:0000cca3       $N00001                    0000000180031ca3     OPOSCashDrawer.exp
 0002:0000ccb3       $N00002                    0000000180031cb3     OPOSCashDrawer.exp
 0002:0000ccc5       $N00003                    0000000180031cc5     OPOSCashDrawer.exp
 0002:0000ccd7       $N00004                    0000000180031cd7     OPOSCashDrawer.exp
 0002:0000d622       .idata$6                   0000000180032622     kernel32:KERNEL32.dll
 0002:0000d83a       .idata$6                   000000018003283a     user32:USER32.dll
 0002:0000d96e       .idata$6                   000000018003296e     gdi32:GDI32.dll
 0002:0000da14       .idata$6                   0000000180032a14     advapi32:ADVAPI32.dll
 0002:0000db30       .idata$6                   0000000180032b30     ole32:ole32.dll
 0002:0000db3a       .idata$6                   0000000180032b3a     oleaut32:OLEAUT32.dll
 0003:000001c0       ?ObjectMap@@3PAU_ATL_OBJMAP_ENTRY30@ATL@@A 00000001800341c0     CashDrawer.obj
 0003:000002d0       ?s_SOMethodNames@@3PAPEADA 00000001800342d0     CashDrawerImpl.obj
 0003:00000368       ?s_RequiredMethodsPerRelease@@3PAHA 0000000180034368     CashDrawerImpl.obj
 0003:000003d0       ?__vcrt_flsindex@@3KA      00000001800343d0     libvcruntime:per_thread_data.obj
 0003:000003e0       ?errno_no_memory@@3HA      00000001800343e0     libucrt:errno.obj
 0003:000003e4       ?doserrno_no_memory@@3KA   00000001800343e4     libucrt:errno.obj
 0003:000003f0       ?__acrt_flsindex@@3KA      00000001800343f0     libucrt:per_thread_data.obj
 0003:000008b0       _mbctypes                  00000001800348b0     libucrt:mbctype.obj
 0003:000009c0       _mbcasemaps                00000001800349c0     libucrt:mbctype.obj
 0003:00000ac0       ?__rgctypeflag@@3PADA      0000000180034ac0     libucrt:mbctype.obj
 0003:00000ad0       ?__rgcode_page_info@@3PAUcode_page_info@@A 0000000180034ad0     libucrt:mbctype.obj
 0003:00000d70       ?dazSupported@?1??common_control87@@9@9 0000000180034d70     libucrt:ieee.obj
 0003:00000d80       ?__dcrt_lowio_console_output_handle@@3PEAXEA 0000000180034d80     libucrt:initcon.obj
 0003:00000d90       ?dazSupported@?1??_ctrlfp@@9@9 0000000180034d90     libucrt:fpctrl.obj
 0003:00000fe0       ?is_initialized_as_dll@@3_NA 0000000180034fe0     LIBCMT:utility.obj
 0003:00000fe1       ?module_local_atexit_table_initialized@@3_NA 0000000180034fe1     LIBCMT:utility.obj
 0003:00000fe8       ?module_local_atexit_table@@3U_onexit_table_t@@A 0000000180034fe8     LIBCMT:utility.obj
 0003:00001000       ?module_local_at_quick_exit_table@@3U_onexit_table_t@@A 0000000180035000     LIBCMT:utility.obj
 0003:00001018       ?g_tss_cv@@3U_RTL_CONDITION_VARIABLE@@A 0000000180035018     LIBCMT:thread_safe_statics.obj
 0003:00001020       ?g_tss_event@@3PEAXEA      0000000180035020     LIBCMT:thread_safe_statics.obj
 0003:00001028       ?g_tss_mutex@@3U_RTL_CRITICAL_SECTION@@A 0000000180035028     LIBCMT:thread_safe_statics.obj
 0003:00001050       ?g_sleep_condition_variable_cs@@3P6AHPEAU_RTL_CONDITION_VARIABLE@@PEAU_RTL_CRITICAL_SECTION@@K@ZEA 0000000180035050     LIBCMT:thread_safe_statics.obj
 0003:00001058       ?g_wake_all_condition_variable@@3P6AXPEAU_RTL_CONDITION_VARIABLE@@@ZEA 0000000180035058     LIBCMT:thread_safe_statics.obj
 0003:00001060       GS_ExceptionRecord         0000000180035060     LIBCMT:gs_report.obj
 0003:00001100       GS_ContextRecord           0000000180035100     LIBCMT:gs_report.obj
 0003:000015d4       ?__proc_attached@@3HA      00000001800355d4     LIBCMT:dll_dllmain.obj
 0003:00001668       ?AllocateData@@3P6APEAUAtlThunkData_t@@XZEA 0000000180035668     atls:atlthunk.obj
 0003:00001670       ?InitData@@3P6AXPEAUAtlThunkData_t@@PEAX_K@ZEA 0000000180035670     atls:atlthunk.obj
 0003:00001678       ?DataToCode@@3P6AP6A_JPEAUHWND__@@I_K_J@ZPEAUAtlThunkData_t@@@ZEA 0000000180035678     atls:atlthunk.obj
 0003:00001680       ?FreeData@@3P6AXPEAUAtlThunkData_t@@@ZEA 0000000180035680     atls:atlthunk.obj
 0003:00001688       ?Initialized@@3_NA         0000000180035688     atls:atlthunk.obj
 0003:000016a0       ?__vcrt_startup_thread_ptd@@3U__vcrt_ptd@@A 00000001800356a0     libvcruntime:per_thread_data.obj
 0003:00001720       __vcrt_lock_table          0000000180035720     libvcruntime:locks.obj
 0003:00001748       __vcrt_locks_initialized   0000000180035748     libvcruntime:locks.obj
 0003:00001790       ?heap@@3V_HeapManager@@A   0000000180035790     libvcruntime:undname.obj
 0003:000017b8       ?module_handles@@3PAPEAUHINSTANCE__@@A 00000001800357b8     libvcruntime:winapi_downlevel.obj
 0003:000017d0       ?function_pointers@@3PAPEAXA 00000001800357d0     libvcruntime:winapi_downlevel.obj
 0003:000017f8       ?__acrt_invalid_parameter_handler@@3V?$dual_state_global@P6AXPEB_W00I_K@Z@__crt_state_management@@A 00000001800357f8     libucrt:invalid_parameter.obj
 0003:00001800       ?c_termination_complete@@3JA 0000000180035800     libucrt:exit.obj
 0003:00001808       ?thread_local_exit_callback_func@@3P6AXPEAXK0@ZEA 0000000180035808     libucrt:exit.obj
 0003:00001820       ?program_name@?1???$common_configure_argv@D@@YAHW4_crt_argv_mode@@@Z@4PADA 0000000180035820     libucrt:argv_parsing.obj
 0003:00001978       ?__acrt_new_handler@@3V?$dual_state_global@P6AH_K@Z@__crt_state_management@@A 0000000180035978     libucrt:new_handler.obj
 0003:00001990       ?module_handles@@3PAPEAUHINSTANCE__@@A 0000000180035990     libucrt:winapi_thunks.obj
 0003:00001a30       ?encoded_function_pointers@@3PAPEAXA 0000000180035a30     libucrt:winapi_thunks.obj
 0003:00001b20       ?internal_state@?1??_mbtowc_internal@@9@4U_Mbstatet@@A 0000000180035b20     libucrt:mbtowc.obj
 0003:00001b38       ?enable_percent_n@@3_KA    0000000180035b38     libucrt:printf_count_output.obj
 0003:00001f60       ?__acrt_lock_table@@3PAU_RTL_CRITICAL_SECTION@@A 0000000180035f60     libucrt:locks.obj
 0003:00002190       ?__acrt_locks_initialized@@3IA 0000000180036190     libucrt:locks.obj
 0003:000021b0       ?fSystemSet@@3HA           00000001800361b0     libucrt:mbctype.obj
 0003:000021b4       ?initialized@?1??__acrt_initialize_multibyte@@9@4_NA 00000001800361b4     libucrt:mbctype.obj
 0003:000021f0       ?ctrlc_action@@3V?$dual_state_global@P6AXH@Z@__crt_state_management@@A 00000001800361f0     libucrt:signal.obj
 0003:000021f8       ?ctrlbreak_action@@3V?$dual_state_global@P6AXH@Z@__crt_state_management@@A 00000001800361f8     libucrt:signal.obj
 0003:00002200       ?abort_action@@3V?$dual_state_global@P6AXH@Z@__crt_state_management@@A 0000000180036200     libucrt:signal.obj
 0003:00002208       ?term_action@@3V?$dual_state_global@P6AXH@Z@__crt_state_management@@A 0000000180036208     libucrt:signal.obj
 0003:00002210       ?user_matherr@@3V?$dual_state_global@P6AHPEAU_exception@@@Z@__crt_state_management@@A 0000000180036210     libucrt:matherr.obj
 0003:00002220       ?__acrt_global_new_mode@@3V?$dual_state_global@J@__crt_state_management@@A 0000000180036220     libucrt:new_mode.obj
 0003:00002228       ?internal_pst@?1??__mbrtoc32_utf8@__crt_mbstring@@YA_KPEA_UPEBD_KPEAU_Mbstatet@@AEAV__crt_cached_ptd_host@@@Z@4U3@A 0000000180036228     libucrt:mbrtoc32.obj
 0003:00002230       ?__acrt_app_type@@3W4_crt_app_type@@A 0000000180036230     libucrt:report_runtime_error.obj
 0005:00000000       MoveSmall                  0000000180039000     libvcruntime:memcpy.obj
 0005:00000040       MoveSmallYmm               0000000180039040     libvcruntime:memcpy.obj
 0005:00000064       MoveSmallYmmNT             0000000180039064     libvcruntime:memcpy.obj
 0005:00000088       MoveSmallXmm               0000000180039088     libvcruntime:memcpy.obj
 0005:000000b0       MsetTab                    00000001800390b0     libvcruntime:memset.obj
 0006:00000220       $R000000                   000000018003a220     CashDrawer.res
 0006:00000bb8       $R000998                   000000018003abb8     CashDrawer.res
 0006:00000ca0       $R000A80                   000000018003aca0     CashDrawer.res
 0006:00000f08       $R000CE8                   000000018003af08     CashDrawer.res
 0006:00001470       $R001250                   000000018003b470     CashDrawer.res
 0006:00003938       $R003718                   000000018003d938     CashDrawer.res
 0006:00003970       $R003750                   000000018003d970     CashDrawer.res
