 OPOSElectronicValueRW

 Timestamp is 5defa912 (Tue Dec 10 23:17:54 2019)

 Preferred load address is 0000000180000000

 Start         Length     Name                   Class
 0001:00000000 000000c0H .text$di                CODE
 0001:000000c0 000231e0H .text$mn                CODE
 0001:000232a0 00000020H .text$mn$00             CODE
 0001:000232c0 00000490H .text$x                 CODE
 0001:00023750 00000078H .text$yd                CODE
 0002:00000000 00000618H .idata$5                DATA
 0002:00000618 00000010H .00cfg                  DATA
 0002:00000628 00000008H .CRT$XCA                DATA
 0002:00000630 00000008H .CRT$XCL                DATA
 0002:00000638 00000020H .CRT$XCU                DATA
 0002:00000658 00000008H .CRT$XCZ                DATA
 0002:00000660 00000008H .CRT$XIA                DATA
 0002:00000668 00000020H .CRT$XIC                DATA
 0002:00000688 00000008H .CRT$XIZ                DATA
 0002:00000690 00000008H .CRT$XLA                DATA
 0002:00000698 00000008H .CRT$XLZ                DATA
 0002:000006a0 00000008H .CRT$XPA                DATA
 0002:000006a8 00000010H .CRT$XPX                DATA
 0002:000006b8 00000008H .CRT$XPXA               DATA
 0002:000006c0 00000008H .CRT$XPZ                DATA
 0002:000006c8 00000008H .CRT$XTA                DATA
 0002:000006d0 00000010H .CRT$XTZ                DATA
 0002:000006d8 00000000H .gfids$y                DATA
 0002:000006e0 0000afe8H .rdata                  DATA
 0002:0000b6c8 00000028H .rdata$T                DATA
 0002:0000b6f0 00000274H .rdata$r                DATA
 0002:0000b964 00000414H .rdata$zzzdbg           DATA
 0002:0000bd78 00000008H .rtc$IAA                DATA
 0002:0000bd80 00000008H .rtc$IZZ                DATA
 0002:0000bd88 00000008H .rtc$TAA                DATA
 0002:0000bd90 00000008H .rtc$TZZ                DATA
 0002:0000bd98 00000004H .tls                    DATA
 0002:0000bd9c 00000004H .tls$                   DATA
 0002:0000bda0 00000008H .tls$ZZZ                DATA
 0002:0000bda8 00001688H .xdata                  DATA
 0002:0000d430 00000150H .xdata$x                DATA
 0002:0000d580 00000008H ATL$__a                 DATA
 0002:0000d588 00000008H ATL$__z                 DATA
 0002:0000d590 000000b4H .edata                  DATA
 0002:0000d644 00000078H .idata$2                DATA
 0002:0000d6bc 00000014H .idata$3                DATA
 0002:0000d6d0 00000618H .idata$4                DATA
 0002:0000dce8 00000c24H .idata$6                DATA
 0003:00000000 00000f08H .data                   DATA
 0003:00000f08 000000c8H .data$r                 DATA
 0003:00000fd0 0000140cH .bss                    DATA
 0004:00000000 00002238H .pdata                  DATA
 0005:00000000 00000094H _RDATA                  DATA
 0006:00000000 00000220H .rsrc$01                DATA
 0006:00000220 00007ef8H .rsrc$02                DATA

  Address         Publics by Value              Rva+Base               Lib:Object

 0000:00000000       __guard_fids_count         0000000000000000     <absolute>
 0000:00000000       __guard_longjmp_count      0000000000000000     <absolute>
 0000:00000000       __guard_longjmp_table      0000000000000000     <absolute>
 0000:00000000       __hybrid_code_map          0000000000000000     <absolute>
 0000:00000000       __guard_iat_count          0000000000000000     <absolute>
 0000:00000000       __guard_iat_table          0000000000000000     <absolute>
 0000:00000000       __volatile_metadata        0000000000000000     <absolute>
 0000:00000000       __hybrid_code_map_count    0000000000000000     <absolute>
 0000:00000000       __enclave_config           0000000000000000     <absolute>
 0000:00000000       ___safe_se_handler_count   0000000000000000     <absolute>
 0000:00000000       __AbsoluteZero             0000000000000000     <absolute>
 0000:00000000       ___safe_se_handler_table   0000000000000000     <absolute>
 0000:00000000       __guard_fids_table         0000000000000000     <absolute>
 0000:00000000       __hybrid_auxiliary_iat     0000000000000000     <absolute>
 0000:00000000       __dynamic_value_reloc_table 0000000000000000     <absolute>
 0000:00000100       __guard_flags              0000000000000100     <absolute>
 0000:00000000       __ImageBase                0000000180000000     <linker-defined>
 0001:000000c0       ?DupWide@_CW@@AEAAXXZ      00000001800010c0 f   CWString.obj
 0001:000000e8       ?cw_dup@@YAXPEBDAEAHAEAPEA_W1@Z 00000001800010e8 f   CWString.obj
 0001:000001c8       ?cw_memcpy@@YAHPEA_WPEBDH@Z 00000001800011c8 f   CWString.obj
 0001:00000214       ?cw_strcpy@@YAHPEA_WPEBD@Z 0000000180001214 f   CWString.obj
 0001:00000228       ??0CAtlComModule@ATL@@QEAA@XZ 0000000180001228 f i OposVariant.obj
 0001:000002a8       ??0CAtlWinModule@ATL@@QEAA@XZ 00000001800012a8 f i OposVariant.obj
 0001:00000314       ??0OposDispParms@@QEAA@PEAVOposVariant@@H@Z 0000000180001314 f   OposVariant.obj
 0001:000003bc       ??1OposDispParms@@QEAA@XZ  00000001800013bc f   OposVariant.obj
 0001:000003d4       ??_Estringdispid@CComTypeInfoHolder@ATL@@QEAAPEAXI@Z 00000001800013d4 f i OposVariant.obj
 0001:00000478       ?AtlWinModuleTerm@ATL@@YAJPEAU_ATL_WIN_MODULE70@1@PEAUHINSTANCE__@@@Z 0000000180001478 f i OposVariant.obj
 0001:00000528       ?ChangeBSTR@OposVariant@@QEAAXPEAPEA_WAEAJ@Z 0000000180001528 f   OposVariant.obj
 0001:00000588       ?ChangeCURRENCY@OposVariant@@QEAAXPEATtagCY@@AEAJ@Z 0000000180001588 f   OposVariant.obj
 0001:000005e8       ?ChangeLONG@OposVariant@@QEAAXPEAJAEAJ@Z 00000001800015e8 f   OposVariant.obj
 0001:00000644       ?GetLONG@OposVariant@@QEAAJXZ 0000000180001644 f   OposVariant.obj
 0001:00000668       ?SetBSTR@OposVariant@@QEAAXPEA_WAEAJ@Z 0000000180001668 f   OposVariant.obj
 0001:000006a8       ?SetBSTR_Copy@OposVariant@@QEAAXPEA_WAEAJ@Z 00000001800016a8 f   OposVariant.obj
 0001:00000718       ?SetBSTR_InOutPtr@OposVariant@@QEAA_NPEAPEA_WAEAJ@Z 0000000180001718 f   OposVariant.obj
 0001:00000768       ?SetCURRENCY@OposVariant@@QEAAXTtagCY@@@Z 0000000180001768 f   OposVariant.obj
 0001:0000079c       ?SetDispatch_Ptr@OposVariant@@QEAAXPEAUIDispatch@@AEAJ@Z 000000018000179c f   OposVariant.obj
 0001:000007f4       ?SetLONG@OposVariant@@QEAAXJ@Z 00000001800017f4 f   OposVariant.obj
 0001:00000824       ?SetLONG_Ptr@OposVariant@@QEAAXPEAJAEAJ@Z 0000000180001824 f   OposVariant.obj
 0001:00000870       ?SetString@OposVariant@@QEAAXPEB_WAEAJ@Z 0000000180001870 f   OposVariant.obj
 0001:000008d4       ?SetVARIANT_BOOL@OposVariant@@QEAAXF@Z 00000001800018d4 f   OposVariant.obj
 0001:0000090c       ?Term@CAtlComModule@ATL@@QEAAXXZ 000000018000190c f i OposVariant.obj
 0001:0000097c       ?_AtlInitializeCriticalSectionEx@ATL@@YAHPEAU_RTL_CRITICAL_SECTION@@KK@Z 000000018000197c f i OposVariant.obj
 0001:00000984       ?_AtlRaiseException@ATL@@YAXKK@Z 0000000180001984 f i OposVariant.obj
 0001:00000994       ?GetWindowProc@?$CWindowImplBaseT@VCWindow@ATL@@V?$CWinTraits@$0FGAAAAAA@$0A@@2@@ATL@@UEAAP6A_JPEAUHWND__@@I_K_J@ZXZ 0000000180001994 f i ElectronicValueRW.obj
 0001:0000099c       ?StartWindowProc@?$CWindowImplBaseT@VCWindow@ATL@@V?$CWinTraits@$0FGAAAAAA@$0A@@2@@ATL@@SA_JPEAUHWND__@@I_K_J@Z 000000018000199c f i ElectronicValueRW.obj
 0001:00000a60       ??_E?$CComObject@VCOPOSElectronicValueRW@@@ATL@@W7EAAPEAXI@Z 0000000180001a60 f i ElectronicValueRW.obj
 0001:00000a6c       ??_E?$CComObject@VCOPOSElectronicValueRW@@@ATL@@WHA@EAAPEAXI@Z 0000000180001a6c f i ElectronicValueRW.obj
 0001:00000a78       ?QueryInterface@?$CComObject@VCOPOSElectronicValueRW@@@ATL@@WLI@EAAJAEBU_GUID@@PEAPEAX@Z 0000000180001a78 f i ElectronicValueRW.obj
 0001:00000a84       ?AddRef@?$CComObject@VCOPOSElectronicValueRW@@@ATL@@WLI@EAAKXZ 0000000180001a84 f i ElectronicValueRW.obj
 0001:00000a90       ?Release@?$CComObject@VCOPOSElectronicValueRW@@@ATL@@WLI@EAAKXZ 0000000180001a90 f i ElectronicValueRW.obj
 0001:00000a9c       ?QueryInterface@?$CComObject@VCOPOSElectronicValueRW@@@ATL@@WMA@EAAJAEBU_GUID@@PEAPEAX@Z 0000000180001a9c f i ElectronicValueRW.obj
 0001:00000aa8       ?AddRef@?$CComObject@VCOPOSElectronicValueRW@@@ATL@@WMA@EAAKXZ 0000000180001aa8 f i ElectronicValueRW.obj
 0001:00000ab4       ?Release@?$CComObject@VCOPOSElectronicValueRW@@@ATL@@WMA@EAAKXZ 0000000180001ab4 f i ElectronicValueRW.obj
 0001:00000ac0       ?QueryInterface@?$CComObject@VCOPOSElectronicValueRW@@@ATL@@WMI@EAAJAEBU_GUID@@PEAPEAX@Z 0000000180001ac0 f i ElectronicValueRW.obj
 0001:00000acc       ?AddRef@?$CComObject@VCOPOSElectronicValueRW@@@ATL@@WMI@EAAKXZ 0000000180001acc f i ElectronicValueRW.obj
 0001:00000ad8       ?Release@?$CComObject@VCOPOSElectronicValueRW@@@ATL@@WMI@EAAKXZ 0000000180001ad8 f i ElectronicValueRW.obj
 0001:00000ae4       ?QueryInterface@?$CComObject@VCOPOSElectronicValueRW@@@ATL@@WNA@EAAJAEBU_GUID@@PEAPEAX@Z 0000000180001ae4 f i ElectronicValueRW.obj
 0001:00000af0       ?AddRef@?$CComObject@VCOPOSElectronicValueRW@@@ATL@@WNA@EAAKXZ 0000000180001af0 f i ElectronicValueRW.obj
 0001:00000afc       ?Release@?$CComObject@VCOPOSElectronicValueRW@@@ATL@@WNA@EAAKXZ 0000000180001afc f i ElectronicValueRW.obj
 0001:00000b08       ?QueryInterface@?$CComObject@VCOPOSElectronicValueRW@@@ATL@@WNI@EAAJAEBU_GUID@@PEAPEAX@Z 0000000180001b08 f i ElectronicValueRW.obj
 0001:00000b14       ?OnFinalMessage@?$CWindowImplBaseT@VCWindow@ATL@@V?$CWinTraits@$0FGAAAAAA@$0A@@2@@ATL@@UEAAXPEAUHWND__@@@Z 0000000180001b14 f i ElectronicValueRW.obj
 0001:00000b14       ?ObjectMain@CComObjectRootBase@ATL@@SAX_N@Z 0000000180001b14 f i ElectronicValueRW.obj
 0001:00000b14       _guard_check_icall_nop     0000000180001b14 f i LIBCMT:guard_support.obj
 0001:00000b18       ?AddRef@?$CComObject@VCOPOSElectronicValueRW@@@ATL@@WNI@EAAKXZ 0000000180001b18 f i ElectronicValueRW.obj
 0001:00000b24       ?Release@?$CComObject@VCOPOSElectronicValueRW@@@ATL@@WNI@EAAKXZ 0000000180001b24 f i ElectronicValueRW.obj
 0001:00000b30       ?QueryInterface@?$CComObject@VCOPOSElectronicValueRW@@@ATL@@WOA@EAAJAEBU_GUID@@PEAPEAX@Z 0000000180001b30 f i ElectronicValueRW.obj
 0001:00000b3c       ?AddRef@?$CComObject@VCOPOSElectronicValueRW@@@ATL@@WOA@EAAKXZ 0000000180001b3c f i ElectronicValueRW.obj
 0001:00000b48       ?Release@?$CComObject@VCOPOSElectronicValueRW@@@ATL@@WOA@EAAKXZ 0000000180001b48 f i ElectronicValueRW.obj
 0001:00000b54       ?QueryInterface@?$CComObject@VCOPOSElectronicValueRW@@@ATL@@WOI@EAAJAEBU_GUID@@PEAPEAX@Z 0000000180001b54 f i ElectronicValueRW.obj
 0001:00000b60       ?AddRef@?$CComObject@VCOPOSElectronicValueRW@@@ATL@@WOI@EAAKXZ 0000000180001b60 f i ElectronicValueRW.obj
 0001:00000b6c       ?Release@?$CComObject@VCOPOSElectronicValueRW@@@ATL@@WOI@EAAKXZ 0000000180001b6c f i ElectronicValueRW.obj
 0001:00000b78       ?QueryInterface@?$CComObject@VCOPOSElectronicValueRW@@@ATL@@WPA@EAAJAEBU_GUID@@PEAPEAX@Z 0000000180001b78 f i ElectronicValueRW.obj
 0001:00000b84       ?AddRef@?$CComObject@VCOPOSElectronicValueRW@@@ATL@@WPA@EAAKXZ 0000000180001b84 f i ElectronicValueRW.obj
 0001:00000b90       ?Release@?$CComObject@VCOPOSElectronicValueRW@@@ATL@@WPA@EAAKXZ 0000000180001b90 f i ElectronicValueRW.obj
 0001:00000b9c       ?QueryInterface@?$CComObject@VCOPOSElectronicValueRW@@@ATL@@WPI@EAAJAEBU_GUID@@PEAPEAX@Z 0000000180001b9c f i ElectronicValueRW.obj
 0001:00000ba8       ?AddRef@?$CComObject@VCOPOSElectronicValueRW@@@ATL@@WPI@EAAKXZ 0000000180001ba8 f i ElectronicValueRW.obj
 0001:00000bb4       ?Release@?$CComObject@VCOPOSElectronicValueRW@@@ATL@@WPI@EAAKXZ 0000000180001bb4 f i ElectronicValueRW.obj
 0001:00000bc0       ?QueryInterface@?$CComObject@VCOPOSElectronicValueRW@@@ATL@@WBAA@EAAJAEBU_GUID@@PEAPEAX@Z 0000000180001bc0 f i ElectronicValueRW.obj
 0001:00000bcc       ?AddRef@?$CComObject@VCOPOSElectronicValueRW@@@ATL@@WBAA@EAAKXZ 0000000180001bcc f i ElectronicValueRW.obj
 0001:00000bd8       ?Release@?$CComObject@VCOPOSElectronicValueRW@@@ATL@@WBAA@EAAKXZ 0000000180001bd8 f i ElectronicValueRW.obj
 0001:00000be4       ?QueryInterface@?$CComObject@VCOPOSElectronicValueRW@@@ATL@@WBAI@EAAJAEBU_GUID@@PEAPEAX@Z 0000000180001be4 f i ElectronicValueRW.obj
 0001:00000bf0       ?AddRef@?$CComObject@VCOPOSElectronicValueRW@@@ATL@@WBAI@EAAKXZ 0000000180001bf0 f i ElectronicValueRW.obj
 0001:00000bfc       ?Release@?$CComObject@VCOPOSElectronicValueRW@@@ATL@@WBAI@EAAKXZ 0000000180001bfc f i ElectronicValueRW.obj
 0001:00000c08       ?QueryInterface@?$CComObject@VCOPOSElectronicValueRW@@@ATL@@WBBA@EAAJAEBU_GUID@@PEAPEAX@Z 0000000180001c08 f i ElectronicValueRW.obj
 0001:00000c14       ?AddRef@?$CComObject@VCOPOSElectronicValueRW@@@ATL@@WBBA@EAAKXZ 0000000180001c14 f i ElectronicValueRW.obj
 0001:00000c20       ?Release@?$CComObject@VCOPOSElectronicValueRW@@@ATL@@WBBA@EAAKXZ 0000000180001c20 f i ElectronicValueRW.obj
 0001:00000c2c       ?QueryInterface@?$CComObject@VCOPOSElectronicValueRW@@@ATL@@WBBI@EAAJAEBU_GUID@@PEAPEAX@Z 0000000180001c2c f i ElectronicValueRW.obj
 0001:00000c38       ?AddRef@?$CComObject@VCOPOSElectronicValueRW@@@ATL@@WBBI@EAAKXZ 0000000180001c38 f i ElectronicValueRW.obj
 0001:00000c44       ?Release@?$CComObject@VCOPOSElectronicValueRW@@@ATL@@WBBI@EAAKXZ 0000000180001c44 f i ElectronicValueRW.obj
 0001:00000c50       ?AddRef@?$CComObject@VCOPOSElectronicValueRW@@@ATL@@WBCI@EAAKXZ 0000000180001c50 f i ElectronicValueRW.obj
 0001:00000c5c       ?Release@?$CComObject@VCOPOSElectronicValueRW@@@ATL@@WBCI@EAAKXZ 0000000180001c5c f i ElectronicValueRW.obj
 0001:00000c68       ?AddRef@?$CComObject@VCOPOSElectronicValueRW@@@ATL@@WBEA@EAAKXZ 0000000180001c68 f i ElectronicValueRW.obj
 0001:00000c74       ?Release@?$CComObject@VCOPOSElectronicValueRW@@@ATL@@WBEA@EAAKXZ 0000000180001c74 f i ElectronicValueRW.obj
 0001:00000c80       ??_E?$CComContainedObject@VCOPOSElectronicValueRW@@@ATL@@W7EAAPEAXI@Z 0000000180001c80 f i ElectronicValueRW.obj
 0001:00000c8c       ??_E?$CComContainedObject@VCOPOSElectronicValueRW@@@ATL@@WHA@EAAPEAXI@Z 0000000180001c8c f i ElectronicValueRW.obj
 0001:00000c98       ?QueryInterface@?$CComContainedObject@VCOPOSElectronicValueRW@@@ATL@@WLI@EAAJAEBU_GUID@@PEAPEAX@Z 0000000180001c98 f i ElectronicValueRW.obj
 0001:00000ca4       ?AddRef@?$CComContainedObject@VCOPOSElectronicValueRW@@@ATL@@WLI@EAAKXZ 0000000180001ca4 f i ElectronicValueRW.obj
 0001:00000cb0       ?Release@?$CComContainedObject@VCOPOSElectronicValueRW@@@ATL@@WLI@EAAKXZ 0000000180001cb0 f i ElectronicValueRW.obj
 0001:00000cbc       ?QueryInterface@?$CComContainedObject@VCOPOSElectronicValueRW@@@ATL@@WMA@EAAJAEBU_GUID@@PEAPEAX@Z 0000000180001cbc f i ElectronicValueRW.obj
 0001:00000cc8       ?AddRef@?$CComContainedObject@VCOPOSElectronicValueRW@@@ATL@@WMA@EAAKXZ 0000000180001cc8 f i ElectronicValueRW.obj
 0001:00000cd4       ?Release@?$CComContainedObject@VCOPOSElectronicValueRW@@@ATL@@WMA@EAAKXZ 0000000180001cd4 f i ElectronicValueRW.obj
 0001:00000ce0       ?QueryInterface@?$CComContainedObject@VCOPOSElectronicValueRW@@@ATL@@WMI@EAAJAEBU_GUID@@PEAPEAX@Z 0000000180001ce0 f i ElectronicValueRW.obj
 0001:00000cec       ?AddRef@?$CComContainedObject@VCOPOSElectronicValueRW@@@ATL@@WMI@EAAKXZ 0000000180001cec f i ElectronicValueRW.obj
 0001:00000cf8       ?Release@?$CComContainedObject@VCOPOSElectronicValueRW@@@ATL@@WMI@EAAKXZ 0000000180001cf8 f i ElectronicValueRW.obj
 0001:00000d04       ?QueryInterface@?$CComContainedObject@VCOPOSElectronicValueRW@@@ATL@@WNA@EAAJAEBU_GUID@@PEAPEAX@Z 0000000180001d04 f i ElectronicValueRW.obj
 0001:00000d10       ?AddRef@?$CComContainedObject@VCOPOSElectronicValueRW@@@ATL@@WNA@EAAKXZ 0000000180001d10 f i ElectronicValueRW.obj
 0001:00000d1c       ?Release@?$CComContainedObject@VCOPOSElectronicValueRW@@@ATL@@WNA@EAAKXZ 0000000180001d1c f i ElectronicValueRW.obj
 0001:00000d28       ?QueryInterface@?$CComContainedObject@VCOPOSElectronicValueRW@@@ATL@@WNI@EAAJAEBU_GUID@@PEAPEAX@Z 0000000180001d28 f i ElectronicValueRW.obj
 0001:00000d34       ?AddRef@?$CComContainedObject@VCOPOSElectronicValueRW@@@ATL@@WNI@EAAKXZ 0000000180001d34 f i ElectronicValueRW.obj
 0001:00000d40       ?Release@?$CComContainedObject@VCOPOSElectronicValueRW@@@ATL@@WNI@EAAKXZ 0000000180001d40 f i ElectronicValueRW.obj
 0001:00000d4c       ?QueryInterface@?$CComContainedObject@VCOPOSElectronicValueRW@@@ATL@@WOA@EAAJAEBU_GUID@@PEAPEAX@Z 0000000180001d4c f i ElectronicValueRW.obj
 0001:00000d58       ?AddRef@?$CComContainedObject@VCOPOSElectronicValueRW@@@ATL@@WOA@EAAKXZ 0000000180001d58 f i ElectronicValueRW.obj
 0001:00000d64       ?Release@?$CComContainedObject@VCOPOSElectronicValueRW@@@ATL@@WOA@EAAKXZ 0000000180001d64 f i ElectronicValueRW.obj
 0001:00000d70       ?QueryInterface@?$CComContainedObject@VCOPOSElectronicValueRW@@@ATL@@WOI@EAAJAEBU_GUID@@PEAPEAX@Z 0000000180001d70 f i ElectronicValueRW.obj
 0001:00000d7c       ?AddRef@?$CComContainedObject@VCOPOSElectronicValueRW@@@ATL@@WOI@EAAKXZ 0000000180001d7c f i ElectronicValueRW.obj
 0001:00000d88       ?Release@?$CComContainedObject@VCOPOSElectronicValueRW@@@ATL@@WOI@EAAKXZ 0000000180001d88 f i ElectronicValueRW.obj
 0001:00000d94       ?QueryInterface@?$CComContainedObject@VCOPOSElectronicValueRW@@@ATL@@WPA@EAAJAEBU_GUID@@PEAPEAX@Z 0000000180001d94 f i ElectronicValueRW.obj
 0001:00000da0       ?AddRef@?$CComContainedObject@VCOPOSElectronicValueRW@@@ATL@@WPA@EAAKXZ 0000000180001da0 f i ElectronicValueRW.obj
 0001:00000dac       ?Release@?$CComContainedObject@VCOPOSElectronicValueRW@@@ATL@@WPA@EAAKXZ 0000000180001dac f i ElectronicValueRW.obj
 0001:00000db8       ?QueryInterface@?$CComContainedObject@VCOPOSElectronicValueRW@@@ATL@@WPI@EAAJAEBU_GUID@@PEAPEAX@Z 0000000180001db8 f i ElectronicValueRW.obj
 0001:00000dc4       ?AddRef@?$CComContainedObject@VCOPOSElectronicValueRW@@@ATL@@WPI@EAAKXZ 0000000180001dc4 f i ElectronicValueRW.obj
 0001:00000dd0       ?Release@?$CComContainedObject@VCOPOSElectronicValueRW@@@ATL@@WPI@EAAKXZ 0000000180001dd0 f i ElectronicValueRW.obj
 0001:00000ddc       ?QueryInterface@?$CComContainedObject@VCOPOSElectronicValueRW@@@ATL@@WBAA@EAAJAEBU_GUID@@PEAPEAX@Z 0000000180001ddc f i ElectronicValueRW.obj
 0001:00000de8       ?AddRef@?$CComContainedObject@VCOPOSElectronicValueRW@@@ATL@@WBAA@EAAKXZ 0000000180001de8 f i ElectronicValueRW.obj
 0001:00000df4       ?Release@?$CComContainedObject@VCOPOSElectronicValueRW@@@ATL@@WBAA@EAAKXZ 0000000180001df4 f i ElectronicValueRW.obj
 0001:00000e00       ?QueryInterface@?$CComContainedObject@VCOPOSElectronicValueRW@@@ATL@@WBAI@EAAJAEBU_GUID@@PEAPEAX@Z 0000000180001e00 f i ElectronicValueRW.obj
 0001:00000e0c       ?AddRef@?$CComContainedObject@VCOPOSElectronicValueRW@@@ATL@@WBAI@EAAKXZ 0000000180001e0c f i ElectronicValueRW.obj
 0001:00000e18       ?Release@?$CComContainedObject@VCOPOSElectronicValueRW@@@ATL@@WBAI@EAAKXZ 0000000180001e18 f i ElectronicValueRW.obj
 0001:00000e24       ?QueryInterface@?$CComContainedObject@VCOPOSElectronicValueRW@@@ATL@@WBBA@EAAJAEBU_GUID@@PEAPEAX@Z 0000000180001e24 f i ElectronicValueRW.obj
 0001:00000e30       ?AddRef@?$CComContainedObject@VCOPOSElectronicValueRW@@@ATL@@WBBA@EAAKXZ 0000000180001e30 f i ElectronicValueRW.obj
 0001:00000e3c       ?Release@?$CComContainedObject@VCOPOSElectronicValueRW@@@ATL@@WBBA@EAAKXZ 0000000180001e3c f i ElectronicValueRW.obj
 0001:00000e48       ?QueryInterface@?$CComContainedObject@VCOPOSElectronicValueRW@@@ATL@@WBBI@EAAJAEBU_GUID@@PEAPEAX@Z 0000000180001e48 f i ElectronicValueRW.obj
 0001:00000e54       ?AddRef@?$CComContainedObject@VCOPOSElectronicValueRW@@@ATL@@WBBI@EAAKXZ 0000000180001e54 f i ElectronicValueRW.obj
 0001:00000e60       ?Release@?$CComContainedObject@VCOPOSElectronicValueRW@@@ATL@@WBBI@EAAKXZ 0000000180001e60 f i ElectronicValueRW.obj
 0001:00000e6c       ?AddRef@?$CComContainedObject@VCOPOSElectronicValueRW@@@ATL@@WBCI@EAAKXZ 0000000180001e6c f i ElectronicValueRW.obj
 0001:00000e78       ?Release@?$CComContainedObject@VCOPOSElectronicValueRW@@@ATL@@WBCI@EAAKXZ 0000000180001e78 f i ElectronicValueRW.obj
 0001:00000e84       ?AddRef@?$CComContainedObject@VCOPOSElectronicValueRW@@@ATL@@WBEA@EAAKXZ 0000000180001e84 f i ElectronicValueRW.obj
 0001:00000e90       ?Release@?$CComContainedObject@VCOPOSElectronicValueRW@@@ATL@@WBEA@EAAKXZ 0000000180001e90 f i ElectronicValueRW.obj
 0001:00000e9c       ?GetTypeInfoCount@?$IDispatchImpl@UIOPOSElectronicValueRW@@$1?IID_IOPOSElectronicValueRW@@3U_GUID@@B$1?LIBID_OposElectronicValueRW_CCO@@3U3@B$00$0A@VCComTypeInfoHolder@ATL@@@ATL@@UEAAJPEAI@Z 0000000180001e9c f i ElectronicValueRW.obj
 0001:00000eb0       ?GetTypeInfo@?$IDispatchImpl@UIOPOSElectronicValueRW@@$1?IID_IOPOSElectronicValueRW@@3U_GUID@@B$1?LIBID_OposElectronicValueRW_CCO@@3U3@B$00$0A@VCComTypeInfoHolder@ATL@@@ATL@@UEAAJIKPEAPEAUITypeInfo@@@Z 0000000180001eb0 f i ElectronicValueRW.obj
 0001:00000f14       ?GetIDsOfNames@?$IDispatchImpl@UIOPOSElectronicValueRW@@$1?IID_IOPOSElectronicValueRW@@3U_GUID@@B$1?LIBID_OposElectronicValueRW_CCO@@3U3@B$00$0A@VCComTypeInfoHolder@ATL@@@ATL@@UEAAJAEBU_GUID@@PEAPEA_WIKPEAJ@Z 0000000180001f14 f i ElectronicValueRW.obj
 0001:00000f20       ?Invoke@?$IDispatchImpl@UIOPOSElectronicValueRW@@$1?IID_IOPOSElectronicValueRW@@3U_GUID@@B$1?LIBID_OposElectronicValueRW_CCO@@3U3@B$00$0A@VCComTypeInfoHolder@ATL@@@ATL@@UEAAJJAEBU_GUID@@KGPEAUtagDISPPARAMS@@PEAUtagVARIANT@@PEAUtagEXCEPINFO@@PEAI@Z 0000000180001f20 f i ElectronicValueRW.obj
 0001:00000fb0       ?CreateControlWindow@?$CComControl@VCOPOSElectronicValueRW@@V?$CWindowImpl@VCOPOSElectronicValueRW@@VCWindow@ATL@@V?$CWinTraits@$0FGAAAAAA@$0A@@3@@ATL@@@ATL@@UEAAPEAUHWND__@@PEAU3@AEAUtagRECT@@@Z 0000000180001fb0 f i ElectronicValueRW.obj
 0001:00000fe8       ?ControlQueryInterface@?$CComControl@VCOPOSElectronicValueRW@@V?$CWindowImpl@VCOPOSElectronicValueRW@@VCWindow@ATL@@V?$CWinTraits@$0FGAAAAAA@$0A@@3@@ATL@@@ATL@@UEAAJAEBU_GUID@@PEAPEAX@Z 0000000180001fe8 f i ElectronicValueRW.obj
 0001:00000ffc       ?GetUserClassID@?$IOleObjectImpl@VCOPOSElectronicValueRW@@@ATL@@UEAAJPEAU_GUID@@@Z 0000000180001ffc f i ElectronicValueRW.obj
 0001:00000ffc       ?GetClassID@?$IPersistStreamInitImpl@VCOPOSElectronicValueRW@@@ATL@@UEAAJPEAU_GUID@@@Z 0000000180001ffc f i ElectronicValueRW.obj
 0001:00000ffc       ?GetClassID@?$IPersistStorageImpl@VCOPOSElectronicValueRW@@@ATL@@UEAAJPEAU_GUID@@@Z 0000000180001ffc f i ElectronicValueRW.obj
 0001:00001018       ?IsDirty@?$IPersistStreamInitImpl@VCOPOSElectronicValueRW@@@ATL@@UEAAJXZ 0000000180002018 f i ElectronicValueRW.obj
 0001:00001034       ?Load@?$IPersistStreamInitImpl@VCOPOSElectronicValueRW@@@ATL@@UEAAJPEAUIStream@@@Z 0000000180002034 f i ElectronicValueRW.obj
 0001:0000104c       ?Save@?$IPersistStreamInitImpl@VCOPOSElectronicValueRW@@@ATL@@UEAAJPEAUIStream@@H@Z 000000018000204c f i ElectronicValueRW.obj
 0001:00001064       ?GetSizeMax@?$IPersistStreamInitImpl@VCOPOSElectronicValueRW@@@ATL@@UEAAJPEAT_ULARGE_INTEGER@@@Z 0000000180002064 f i ElectronicValueRW.obj
 0001:00001290       ?InitNew@?$IPersistStreamInitImpl@VCOPOSElectronicValueRW@@@ATL@@UEAAJXZ 0000000180002290 f i ElectronicValueRW.obj
 0001:000012a8       ?SetColorScheme@?$IOleObjectImpl@VCOPOSElectronicValueRW@@@ATL@@UEAAJPEAUtagLOGPALETTE@@@Z 00000001800022a8 f i ElectronicValueRW.obj
 0001:000012a8       ?GetClipboardData@?$IOleObjectImpl@VCOPOSElectronicValueRW@@@ATL@@UEAAJKPEAPEAUIDataObject@@@Z 00000001800022a8 f i ElectronicValueRW.obj
 0001:000012a8       ?GetDataHere@?$IDataObjectImpl@VCOPOSElectronicValueRW@@@ATL@@UEAAJPEAUtagFORMATETC@@PEAUtagSTGMEDIUM@@@Z 00000001800022a8 f i ElectronicValueRW.obj
 0001:000012a8       ?SetData@?$IDataObjectImpl@VCOPOSElectronicValueRW@@@ATL@@UEAAJPEAUtagFORMATETC@@PEAUtagSTGMEDIUM@@H@Z 00000001800022a8 f i ElectronicValueRW.obj
 0001:000012a8       ?QueryInterface@CRegObject@ATL@@UEAAJAEBU_GUID@@PEAPEAX@Z 00000001800022a8 f i ElectronicValueRW.obj
 0001:000012a8       ?ContextSensitiveHelp@?$IOleInPlaceObjectWindowlessImpl@VCOPOSElectronicValueRW@@@ATL@@UEAAJH@Z 00000001800022a8 f i ElectronicValueRW.obj
 0001:000012a8       ?Freeze@?$IViewObjectExImpl@VCOPOSElectronicValueRW@@@ATL@@UEAAJKJPEAXPEAK@Z 00000001800022a8 f i ElectronicValueRW.obj
 0001:000012a8       ?GetControlInfo@?$IOleControlImpl@VCOPOSElectronicValueRW@@@ATL@@UEAAJPEAUtagCONTROLINFO@@@Z 00000001800022a8 f i ElectronicValueRW.obj
 0001:000012a8       ?GetDropTarget@?$IOleInPlaceObjectWindowlessImpl@VCOPOSElectronicValueRW@@@ATL@@UEAAJPEAPEAUIDropTarget@@@Z 00000001800022a8 f i ElectronicValueRW.obj
 0001:000012a8       ?ReactivateAndUndo@?$IOleInPlaceObjectWindowlessImpl@VCOPOSElectronicValueRW@@@ATL@@UEAAJXZ 00000001800022a8 f i ElectronicValueRW.obj
 0001:000012a8       ?GetColorSet@?$IViewObjectExImpl@VCOPOSElectronicValueRW@@@ATL@@UEAAJKJPEAXPEAUtagDVTARGETDEVICE@@PEAUHDC__@@PEAPEAUtagLOGPALETTE@@@Z 00000001800022a8 f i ElectronicValueRW.obj
 0001:000012a8       ?QueryGetData@?$IDataObjectImpl@VCOPOSElectronicValueRW@@@ATL@@UEAAJPEAUtagFORMATETC@@@Z 00000001800022a8 f i ElectronicValueRW.obj
 0001:000012a8       ?SetMoniker@?$IOleObjectImpl@VCOPOSElectronicValueRW@@@ATL@@UEAAJKPEAUIMoniker@@@Z 00000001800022a8 f i ElectronicValueRW.obj
 0001:000012a8       ?GetRect@?$IViewObjectExImpl@VCOPOSElectronicValueRW@@@ATL@@UEAAJKPEAU_RECTL@@@Z 00000001800022a8 f i ElectronicValueRW.obj
 0001:000012a8       ?Unfreeze@?$IViewObjectExImpl@VCOPOSElectronicValueRW@@@ATL@@UEAAJK@Z 00000001800022a8 f i ElectronicValueRW.obj
 0001:000012a8       ?GetMoniker@?$IOleObjectImpl@VCOPOSElectronicValueRW@@@ATL@@UEAAJKKPEAPEAUIMoniker@@@Z 00000001800022a8 f i ElectronicValueRW.obj
 0001:000012a8       ?InitFromData@?$IOleObjectImpl@VCOPOSElectronicValueRW@@@ATL@@UEAAJPEAUIDataObject@@HK@Z 00000001800022a8 f i ElectronicValueRW.obj
 0001:000012a8       ?EnumFormatEtc@?$IDataObjectImpl@VCOPOSElectronicValueRW@@@ATL@@UEAAJKPEAPEAUIEnumFORMATETC@@@Z 00000001800022a8 f i ElectronicValueRW.obj
 0001:000012a8       ?ContextSensitiveHelp@?$IOleInPlaceActiveObjectImpl@VCOPOSElectronicValueRW@@@ATL@@UEAAJH@Z 00000001800022a8 f i ElectronicValueRW.obj
 0001:000012a8       ?OnMnemonic@?$IOleControlImpl@VCOPOSElectronicValueRW@@@ATL@@UEAAJPEAUtagMSG@@@Z 00000001800022a8 f i ElectronicValueRW.obj
 0001:000012a8       ?GetCanonicalFormatEtc@?$IDataObjectImpl@VCOPOSElectronicValueRW@@@ATL@@UEAAJPEAUtagFORMATETC@@0@Z 00000001800022a8 f i ElectronicValueRW.obj
 0001:000012b0       ?OnFrameWindowActivate@?$IOleInPlaceActiveObjectImpl@VCOPOSElectronicValueRW@@@ATL@@UEAAJH@Z 00000001800022b0 f i ElectronicValueRW.obj
 0001:000012b0       ?OnAmbientPropertyChange@?$IOleControlImpl@VCOPOSElectronicValueRW@@@ATL@@UEAAJJ@Z 00000001800022b0 f i ElectronicValueRW.obj
 0001:000012b0       ?IsUpToDate@?$IOleObjectImpl@VCOPOSElectronicValueRW@@@ATL@@UEAAJXZ 00000001800022b0 f i ElectronicValueRW.obj
 0001:000012b0       ?ResizeBorder@?$IOleInPlaceActiveObjectImpl@VCOPOSElectronicValueRW@@@ATL@@UEAAJPEBUtagRECT@@PEAUIOleInPlaceUIWindow@@H@Z 00000001800022b0 f i ElectronicValueRW.obj
 0001:000012b0       ?EnableModeless@?$IOleInPlaceActiveObjectImpl@VCOPOSElectronicValueRW@@@ATL@@UEAAJH@Z 00000001800022b0 f i ElectronicValueRW.obj
 0001:000012b0       ?Update@?$IOleObjectImpl@VCOPOSElectronicValueRW@@@ATL@@UEAAJXZ 00000001800022b0 f i ElectronicValueRW.obj
 0001:000012b0       ?SetHostNames@?$IOleObjectImpl@VCOPOSElectronicValueRW@@@ATL@@UEAAJPEB_W0@Z 00000001800022b0 f i ElectronicValueRW.obj
 0001:000012b0       ?Release@CRegObject@ATL@@UEAAKXZ 00000001800022b0 f i ElectronicValueRW.obj
 0001:000012b0       ?GetObjectDescription@?$CComCoClass@VCOPOSElectronicValueRW@@$1?CLSID_OPOSElectronicValueRW@@3U_GUID@@B@ATL@@SAPEB_WXZ 00000001800022b0 f i ElectronicValueRW.obj
 0001:000012b0       ?SaveCompleted@?$IPersistStorageImpl@VCOPOSElectronicValueRW@@@ATL@@UEAAJPEAUIStorage@@@Z 00000001800022b0 f i ElectronicValueRW.obj
 0001:000012b0       ?GetCategoryMap@CComObjectRootBase@ATL@@SAPEBU_ATL_CATMAP_ENTRY@2@XZ 00000001800022b0 f i ElectronicValueRW.obj
 0001:000012b0       ?HandsOffStorage@?$IPersistStorageImpl@VCOPOSElectronicValueRW@@@ATL@@UEAAJXZ 00000001800022b0 f i ElectronicValueRW.obj
 0001:000012b4       ?SetClientSite@?$IOleObjectImpl@VCOPOSElectronicValueRW@@@ATL@@UEAAJPEAUIOleClientSite@@@Z 00000001800022b4 f i ElectronicValueRW.obj
 0001:000012d0       ?GetClientSite@?$IOleObjectImpl@VCOPOSElectronicValueRW@@@ATL@@UEAAJPEAPEAUIOleClientSite@@@Z 00000001800022d0 f i ElectronicValueRW.obj
 0001:00001318       ?Close@?$IOleObjectImpl@VCOPOSElectronicValueRW@@@ATL@@UEAAJK@Z 0000000180002318 f i ElectronicValueRW.obj
 0001:00001334       ?DoVerb@?$IOleObjectImpl@VCOPOSElectronicValueRW@@@ATL@@UEAAJJPEAUtagMSG@@PEAUIOleClientSite@@JPEAUHWND__@@PEBUtagRECT@@@Z 0000000180002334 f i ElectronicValueRW.obj
 0001:000014d8       ?EnumVerbs@?$IOleObjectImpl@VCOPOSElectronicValueRW@@@ATL@@UEAAJPEAPEAUIEnumOLEVERB@@@Z 00000001800024d8 f i ElectronicValueRW.obj
 0001:000014f4       ?GetUserType@?$IOleObjectImpl@VCOPOSElectronicValueRW@@@ATL@@UEAAJKPEAPEA_W@Z 00000001800024f4 f i ElectronicValueRW.obj
 0001:00001504       ?SetExtent@?$IOleObjectImpl@VCOPOSElectronicValueRW@@@ATL@@UEAAJKPEAUtagSIZE@@@Z 0000000180002504 f i ElectronicValueRW.obj
 0001:00001520       ?GetExtent@?$IOleObjectImpl@VCOPOSElectronicValueRW@@@ATL@@UEAAJKPEAUtagSIZE@@@Z 0000000180002520 f i ElectronicValueRW.obj
 0001:00001550       ?Advise@?$IOleObjectImpl@VCOPOSElectronicValueRW@@@ATL@@UEAAJPEAUIAdviseSink@@PEAK@Z 0000000180002550 f i ElectronicValueRW.obj
 0001:000015ac       ?Unadvise@?$IOleObjectImpl@VCOPOSElectronicValueRW@@@ATL@@UEAAJK@Z 00000001800025ac f i ElectronicValueRW.obj
 0001:000015e4       ?EnumAdvise@?$IOleObjectImpl@VCOPOSElectronicValueRW@@@ATL@@UEAAJPEAPEAUIEnumSTATDATA@@@Z 00000001800025e4 f i ElectronicValueRW.obj
 0001:0000162c       ?GetMiscStatus@?$IOleObjectImpl@VCOPOSElectronicValueRW@@@ATL@@UEAAJKPEAK@Z 000000018000262c f i ElectronicValueRW.obj
 0001:0000163c       ?GetWindow@?$IOleInPlaceActiveObjectImpl@VCOPOSElectronicValueRW@@@ATL@@UEAAJPEAPEAUHWND__@@@Z 000000018000263c f i ElectronicValueRW.obj
 0001:00001690       ?TranslateAcceleratorW@?$IOleInPlaceActiveObjectImpl@VCOPOSElectronicValueRW@@@ATL@@UEAAJPEAUtagMSG@@@Z 0000000180002690 f i ElectronicValueRW.obj
 0001:00001784       ?OnDocWindowActivate@?$IOleInPlaceActiveObjectImpl@VCOPOSElectronicValueRW@@@ATL@@UEAAJH@Z 0000000180002784 f i ElectronicValueRW.obj
 0001:000017b0       ?Draw@?$IViewObjectExImpl@VCOPOSElectronicValueRW@@@ATL@@UEAAJKJPEAXPEAUtagDVTARGETDEVICE@@PEAUHDC__@@2PEBU_RECTL@@3P6AH_K@Z4@Z 00000001800027b0 f i ElectronicValueRW.obj
 0001:00001814       ?SetAdvise@?$IViewObjectExImpl@VCOPOSElectronicValueRW@@@ATL@@UEAAJKKPEAUIAdviseSink@@@Z 0000000180002814 f i ElectronicValueRW.obj
 0001:00001868       ?GetAdvise@?$IViewObjectExImpl@VCOPOSElectronicValueRW@@@ATL@@UEAAJPEAK0PEAPEAUIAdviseSink@@@Z 0000000180002868 f i ElectronicValueRW.obj
 0001:000018a4       ?GetExtent@?$IViewObjectExImpl@VCOPOSElectronicValueRW@@@ATL@@UEAAJKJPEAUtagDVTARGETDEVICE@@PEAUtagSIZE@@@Z 00000001800028a4 f i ElectronicValueRW.obj
 0001:000018d4       ?GetViewStatus@?$IViewObjectExImpl@VCOPOSElectronicValueRW@@@ATL@@UEAAJPEAK@Z 00000001800028d4 f i ElectronicValueRW.obj
 0001:000018e8       ?QueryHitPoint@?$IViewObjectExImpl@VCOPOSElectronicValueRW@@@ATL@@UEAAJKPEBUtagRECT@@UtagPOINT@@JPEAK@Z 00000001800028e8 f i ElectronicValueRW.obj
 0001:0000192c       ?QueryHitRect@?$IViewObjectExImpl@VCOPOSElectronicValueRW@@@ATL@@UEAAJKPEBUtagRECT@@0JPEAK@Z 000000018000292c f i ElectronicValueRW.obj
 0001:00001994       ?GetNaturalExtent@?$IViewObjectExImpl@VCOPOSElectronicValueRW@@@ATL@@UEAAJKJPEAUtagDVTARGETDEVICE@@PEAUHDC__@@PEAUtagExtentInfo@@PEAUtagSIZE@@@Z 0000000180002994 f i ElectronicValueRW.obj
 0001:000019dc       ?GetWindow@?$IOleInPlaceObjectWindowlessImpl@VCOPOSElectronicValueRW@@@ATL@@UEAAJPEAPEAUHWND__@@@Z 00000001800029dc f i ElectronicValueRW.obj
 0001:00001a30       ?InPlaceDeactivate@?$IOleInPlaceObjectWindowlessImpl@VCOPOSElectronicValueRW@@@ATL@@UEAAJXZ 0000000180002a30 f i ElectronicValueRW.obj
 0001:00001a4c       ?UIDeactivate@?$IOleInPlaceObjectWindowlessImpl@VCOPOSElectronicValueRW@@@ATL@@UEAAJXZ 0000000180002a4c f i ElectronicValueRW.obj
 0001:00001a68       ?SetObjectRects@?$IOleInPlaceObjectWindowlessImpl@VCOPOSElectronicValueRW@@@ATL@@UEAAJPEBUtagRECT@@0@Z 0000000180002a68 f i ElectronicValueRW.obj
 0001:00001a84       ?OnWindowMessage@?$IOleInPlaceObjectWindowlessImpl@VCOPOSElectronicValueRW@@@ATL@@UEAAJI_K_JPEA_J@Z 0000000180002a84 f i ElectronicValueRW.obj
 0001:00001b4c       ?EnumConnectionPoints@?$IConnectionPointContainerImpl@VCOPOSElectronicValueRW@@@ATL@@UEAAJPEAPEAUIEnumConnectionPoints@@@Z 0000000180002b4c f i ElectronicValueRW.obj
 0001:00001d90       ?FindConnectionPoint@?$IConnectionPointContainerImpl@VCOPOSElectronicValueRW@@@ATL@@UEAAJAEBU_GUID@@PEAPEAUIConnectionPoint@@@Z 0000000180002d90 f i ElectronicValueRW.obj
 0001:00001e60       ?IsDirty@?$IPersistStorageImpl@VCOPOSElectronicValueRW@@@ATL@@UEAAJXZ 0000000180002e60 f i ElectronicValueRW.obj
 0001:00001ea4       ?InitNew@?$IPersistStorageImpl@VCOPOSElectronicValueRW@@@ATL@@UEAAJPEAUIStorage@@@Z 0000000180002ea4 f i ElectronicValueRW.obj
 0001:00001ee8       ?Load@?$IPersistStorageImpl@VCOPOSElectronicValueRW@@@ATL@@UEAAJPEAUIStorage@@@Z 0000000180002ee8 f i ElectronicValueRW.obj
 0001:00001f88       ?Save@?$IPersistStorageImpl@VCOPOSElectronicValueRW@@@ATL@@UEAAJPEAUIStorage@@H@Z 0000000180002f88 f i ElectronicValueRW.obj
 0001:00002038       ?GetPages@?$ISpecifyPropertyPagesImpl@VCOPOSElectronicValueRW@@@ATL@@UEAAJPEAUtagCAUUID@@@Z 0000000180003038 f i ElectronicValueRW.obj
 0001:00002044       ?QuickActivate@?$IQuickActivateImpl@VCOPOSElectronicValueRW@@@ATL@@UEAAJPEAUtagQACONTAINER@@PEAUtagQACONTROL@@@Z 0000000180003044 f i ElectronicValueRW.obj
 0001:00002060       ?SetContentExtent@?$IQuickActivateImpl@VCOPOSElectronicValueRW@@@ATL@@UEAAJPEAUtagSIZE@@@Z 0000000180003060 f i ElectronicValueRW.obj
 0001:00002094       ?GetContentExtent@?$IQuickActivateImpl@VCOPOSElectronicValueRW@@@ATL@@UEAAJPEAUtagSIZE@@@Z 0000000180003094 f i ElectronicValueRW.obj
 0001:000020cc       ?Lock@CAtlModule@ATL@@UEAAJXZ 00000001800030cc f i ElectronicValueRW.obj
 0001:000020dc       ?Unlock@CAtlModule@ATL@@UEAAJXZ 00000001800030dc f i ElectronicValueRW.obj
 0001:000020e8       ?GetLockCount@CAtlModule@ATL@@UEAAJXZ 00000001800030e8 f i ElectronicValueRW.obj
 0001:000020ec       ?GetData@?$IDataObjectImpl@VCOPOSElectronicValueRW@@@ATL@@UEAAJPEAUtagFORMATETC@@PEAUtagSTGMEDIUM@@@Z 00000001800030ec f i ElectronicValueRW.obj
 0001:00002108       ?GetGITPtr@CAtlModule@ATL@@UEAAJPEAPEAUIGlobalInterfaceTable@@@Z 0000000180003108 f i ElectronicValueRW.obj
 0001:00002178       ?DAdvise@?$IDataObjectImpl@VCOPOSElectronicValueRW@@@ATL@@UEAAJPEAUtagFORMATETC@@KPEAUIAdviseSink@@PEAK@Z 0000000180003178 f i ElectronicValueRW.obj
 0001:00002200       ?DUnadvise@?$IDataObjectImpl@VCOPOSElectronicValueRW@@@ATL@@UEAAJK@Z 0000000180003200 f i ElectronicValueRW.obj
 0001:0000222c       ?EnumDAdvise@?$IDataObjectImpl@VCOPOSElectronicValueRW@@@ATL@@UEAAJPEAPEAUIEnumSTATDATA@@@Z 000000018000322c f i ElectronicValueRW.obj
 0001:00002268       ?GetClassInfoW@?$IProvideClassInfo2Impl@$1?CLSID_OPOSElectronicValueRW@@3U_GUID@@B$1?DIID__IOPOSElectronicValueRWEvents@@3U2@B$1?LIBID_OposElectronicValueRW_CCO@@3U2@B$00$0A@VCComTypeInfoHolder@ATL@@@ATL@@UEAAJPEAPEAUITypeInfo@@@Z 0000000180003268 f i ElectronicValueRW.obj
 0001:000022c0       ?GetGUID@?$IProvideClassInfo2Impl@$1?CLSID_OPOSElectronicValueRW@@3U_GUID@@B$1?DIID__IOPOSElectronicValueRWEvents@@3U2@B$1?LIBID_OposElectronicValueRW_CCO@@3U2@B$00$0A@VCComTypeInfoHolder@ATL@@@ATL@@UEAAJKPEAU_GUID@@@Z 00000001800032c0 f i ElectronicValueRW.obj
 0001:000022f4       ?AddRef@CRegObject@ATL@@UEAAKXZ 00000001800032f4 f i ElectronicValueRW.obj
 0001:000022f4       _get_startup_argv_mode     00000001800032f4 f i LIBCMT:argv_mode.obj
 0001:000022f4       ?FAccessAllowed@?$IObjectSafetyImpl@VCOPOSElectronicValueRW@@$02@ATL@@MEAAHXZ 00000001800032f4 f i ElectronicValueRW.obj
 0001:000022fc       ?GetInterfaceSafetyOptions@?$IObjectSafetyImpl@VCOPOSElectronicValueRW@@$02@ATL@@UEAAJAEBU_GUID@@PEAK1@Z 00000001800032fc f i ElectronicValueRW.obj
 0001:00002390       ?SetInterfaceSafetyOptions@?$IObjectSafetyImpl@VCOPOSElectronicValueRW@@$02@ATL@@UEAAJAEBU_GUID@@KK@Z 0000000180003390 f i ElectronicValueRW.obj
 0001:00002434       ?_LocCPQueryInterface@?$IConnectionPointImpl@VCOPOSElectronicValueRW@@$1?IID_IPropertyNotifySink@@3U_GUID@@BVCComDynamicUnkArray@ATL@@@ATL@@UEAAJAEBU_GUID@@PEAPEAX@Z 0000000180003434 f i ElectronicValueRW.obj
 0001:00002434       ?_LocCPQueryInterface@?$IConnectionPointImpl@VCOPOSElectronicValueRW@@$1?DIID__IOPOSElectronicValueRWEvents@@3U_GUID@@BVCComDynamicUnkArray@ATL@@@ATL@@UEAAJAEBU_GUID@@PEAPEAX@Z 0000000180003434 f i ElectronicValueRW.obj
 0001:000024a8       ?GetConnectionInterface@?$IConnectionPointImpl@VCOPOSElectronicValueRW@@$1?IID_IPropertyNotifySink@@3U_GUID@@BVCComDynamicUnkArray@ATL@@@ATL@@UEAAJPEAU_GUID@@@Z 00000001800034a8 f i ElectronicValueRW.obj
 0001:000024c4       ?GetConnectionPointContainer@?$IConnectionPointImpl@VCOPOSElectronicValueRW@@$1?IID_IPropertyNotifySink@@3U_GUID@@BVCComDynamicUnkArray@ATL@@@ATL@@UEAAJPEAPEAUIConnectionPointContainer@@@Z 00000001800034c4 f i ElectronicValueRW.obj
 0001:000024e4       ?Advise@?$IConnectionPointImpl@VCOPOSElectronicValueRW@@$1?IID_IPropertyNotifySink@@3U_GUID@@BVCComDynamicUnkArray@ATL@@@ATL@@UEAAJPEAUIUnknown@@PEAK@Z 00000001800034e4 f i ElectronicValueRW.obj
 0001:000024e4       ?Advise@?$IConnectionPointImpl@VCOPOSElectronicValueRW@@$1?DIID__IOPOSElectronicValueRWEvents@@3U_GUID@@BVCComDynamicUnkArray@ATL@@@ATL@@UEAAJPEAUIUnknown@@PEAK@Z 00000001800034e4 f i ElectronicValueRW.obj
 0001:000025a4       ?Unadvise@?$IConnectionPointImpl@VCOPOSElectronicValueRW@@$1?DIID__IOPOSElectronicValueRWEvents@@3U_GUID@@BVCComDynamicUnkArray@ATL@@@ATL@@UEAAJK@Z 00000001800035a4 f i ElectronicValueRW.obj
 0001:000025a4       ?Unadvise@?$IConnectionPointImpl@VCOPOSElectronicValueRW@@$1?IID_IPropertyNotifySink@@3U_GUID@@BVCComDynamicUnkArray@ATL@@@ATL@@UEAAJK@Z 00000001800035a4 f i ElectronicValueRW.obj
 0001:00002620       ?EnumConnections@?$IConnectionPointImpl@VCOPOSElectronicValueRW@@$1?IID_IPropertyNotifySink@@3U_GUID@@BVCComDynamicUnkArray@ATL@@@ATL@@UEAAJPEAPEAUIEnumConnections@@@Z 0000000180003620 f i ElectronicValueRW.obj
 0001:00002620       ?EnumConnections@?$IConnectionPointImpl@VCOPOSElectronicValueRW@@$1?DIID__IOPOSElectronicValueRWEvents@@3U_GUID@@BVCComDynamicUnkArray@ATL@@@ATL@@UEAAJPEAPEAUIEnumConnections@@@Z 0000000180003620 f i ElectronicValueRW.obj
 0001:000027d8       ?GetConnectionInterface@?$IConnectionPointImpl@VCOPOSElectronicValueRW@@$1?DIID__IOPOSElectronicValueRWEvents@@3U_GUID@@BVCComDynamicUnkArray@ATL@@@ATL@@UEAAJPEAU_GUID@@@Z 00000001800037d8 f i ElectronicValueRW.obj
 0001:000027f4       ?GetConnectionPointContainer@?$IConnectionPointImpl@VCOPOSElectronicValueRW@@$1?DIID__IOPOSElectronicValueRWEvents@@3U_GUID@@BVCComDynamicUnkArray@ATL@@@ATL@@UEAAJPEAPEAUIConnectionPointContainer@@@Z 00000001800037f4 f i ElectronicValueRW.obj
 0001:00002814       ?AddCommonRGSReplacements@?$CAtlModuleT@VCComModule@ATL@@@ATL@@UEAAJPEAUIRegistrarBase@@@Z 0000000180003814 f i ElectronicValueRW.obj
 0001:0000282c       ?UpdateRegistryFromResourceD@CComModule@ATL@@UEAAJIHPEAU_ATL_REGMAP_ENTRY@2@@Z 000000018000382c f i ElectronicValueRW.obj
 0001:0000282c       ?UpdateRegistryFromResourceD@CComModule@ATL@@UEAAJPEB_WHPEAU_ATL_REGMAP_ENTRY@2@@Z 000000018000382c f i ElectronicValueRW.obj
 0001:00002834       ?UpdateRegistryFromResource@CComModule@ATL@@UEAAJPEB_WHPEAU_ATL_REGMAP_ENTRY@2@@Z 0000000180003834 f i ElectronicValueRW.obj
 0001:0000283c       ?UpdateRegistryFromResource@CComModule@ATL@@UEAAJIHPEAU_ATL_REGMAP_ENTRY@2@@Z 000000018000383c f i ElectronicValueRW.obj
 0001:00002844       ?UpdateRegistry@COPOSElectronicValueRW@@SAJH@Z 0000000180003844 f i ElectronicValueRW.obj
 0001:0000285c       ?ProcessWindowMessage@COPOSElectronicValueRW@@UEAAHPEAUHWND__@@I_K_JAEA_JK@Z 000000018000385c f i ElectronicValueRW.obj
 0001:000028e4       ?SOData@COPOSElectronicValueRW@@MEAAJJ@Z 00000001800038e4 f i ElectronicValueRW.obj
 0001:00002934       ??_GCComModule@ATL@@UEAAPEAXI@Z 0000000180003934 f i ElectronicValueRW.obj
 0001:00002934       ??_ECComModule@ATL@@UEAAPEAXI@Z 0000000180003934 f i ElectronicValueRW.obj
 0001:00002974       ?SODirectIO@COPOSElectronicValueRW@@MEAAJJPEAJPEAPEA_W@Z 0000000180003974 f i ElectronicValueRW.obj
 0001:000029ec       ?SOError@COPOSElectronicValueRW@@MEAAJJJJPEAJ@Z 00000001800039ec f i ElectronicValueRW.obj
 0001:00002a74       ?SOOutputComplete@COPOSElectronicValueRW@@MEAAJJ@Z 0000000180003a74 f i ElectronicValueRW.obj
 0001:00002ac4       ?SOStatusUpdate@COPOSElectronicValueRW@@MEAAJJ@Z 0000000180003ac4 f i ElectronicValueRW.obj
 0001:00002b14       ?SOTransition@COPOSElectronicValueRW@@MEAAJJPEAJPEAPEA_W@Z 0000000180003b14 f i ElectronicValueRW.obj
 0001:00002b8c       ?CreateInstance@?$CComCreator@V?$CComObjectCached@VCComClassFactory@ATL@@@ATL@@@ATL@@SAJPEAXAEBU_GUID@@PEAPEAX@Z 0000000180003b8c f i ElectronicValueRW.obj
 0001:00002cb8       ?CreateInstance@?$CComCreator2@V?$CComCreator@V?$CComObject@VCOPOSElectronicValueRW@@@ATL@@@ATL@@V?$CComCreator@V?$CComAggObject@VCOPOSElectronicValueRW@@@ATL@@@2@@ATL@@SAJPEAXAEBU_GUID@@PEAPEAX@Z 0000000180003cb8 f i ElectronicValueRW.obj
 0001:00002cc8       ?AddRef@?$CComObjectCached@VCComClassFactory@ATL@@@ATL@@UEAAKXZ 0000000180003cc8 f i ElectronicValueRW.obj
 0001:00002cf4       ?Release@?$CComObjectCached@VCComClassFactory@ATL@@@ATL@@UEAAKXZ 0000000180003cf4 f i ElectronicValueRW.obj
 0001:00002d34       ?QueryInterface@?$CComObjectCached@VCComClassFactory@ATL@@@ATL@@UEAAJAEBU_GUID@@PEAPEAX@Z 0000000180003d34 f i ElectronicValueRW.obj
 0001:00002d48       ??_G?$CComObjectCached@VCComClassFactory@ATL@@@ATL@@UEAAPEAXI@Z 0000000180003d48 f i ElectronicValueRW.obj
 0001:00002d48       ??_E?$CComObjectCached@VCComClassFactory@ATL@@@ATL@@UEAAPEAXI@Z 0000000180003d48 f i ElectronicValueRW.obj
 0001:00002da0       ?Next@?$CComEnumImpl@UIEnumConnectionPoints@@$1?_GUID_b196b285_bab4_101a_b69c_00aa00341d07@@3U__s_GUID@@BPEAUIConnectionPoint@@V?$_CopyInterface@UIConnectionPoint@@@ATL@@@ATL@@UEAAJKPEAPEAUIConnectionPoint@@PEAK@Z 0000000180003da0 f i ElectronicValueRW.obj
 0001:00002e6c       ?Skip@?$CComEnumImpl@UIEnumConnectionPoints@@$1?_GUID_b196b285_bab4_101a_b69c_00aa00341d07@@3U__s_GUID@@BPEAUIConnectionPoint@@V?$_CopyInterface@UIConnectionPoint@@@ATL@@@ATL@@UEAAJK@Z 0000000180003e6c f i ElectronicValueRW.obj
 0001:00002e98       ?Reset@?$CComEnumImpl@UIEnumConnectionPoints@@$1?_GUID_b196b285_bab4_101a_b69c_00aa00341d07@@3U__s_GUID@@BPEAUIConnectionPoint@@V?$_CopyInterface@UIConnectionPoint@@@ATL@@@ATL@@UEAAJXZ 0000000180003e98 f i ElectronicValueRW.obj
 0001:00002e98       ?Reset@?$CComEnumImpl@UIEnumConnections@@$1?_GUID_b196b287_bab4_101a_b69c_00aa00341d07@@3U__s_GUID@@BUtagCONNECTDATA@@V?$_Copy@UtagCONNECTDATA@@@ATL@@@ATL@@UEAAJXZ 0000000180003e98 f i ElectronicValueRW.obj
 0001:00002ea4       ?Clone@?$CComEnumImpl@UIEnumConnectionPoints@@$1?_GUID_b196b285_bab4_101a_b69c_00aa00341d07@@3U__s_GUID@@BPEAUIConnectionPoint@@V?$_CopyInterface@UIConnectionPoint@@@ATL@@@ATL@@UEAAJPEAPEAUIEnumConnectionPoints@@@Z 0000000180003ea4 f i ElectronicValueRW.obj
 0001:00002fd0       ?AddReplacement@CRegObject@ATL@@UEAAJPEB_W0@Z 0000000180003fd0 f i ElectronicValueRW.obj
 0001:00003000       ?ClearReplacements@CRegObject@ATL@@UEAAJXZ 0000000180004000 f i ElectronicValueRW.obj
 0001:0000300c       ?AddRef@?$CComObject@V?$CComEnum@UIEnumConnectionPoints@@$1?_GUID_b196b285_bab4_101a_b69c_00aa00341d07@@3U__s_GUID@@BPEAUIConnectionPoint@@V?$_CopyInterface@UIConnectionPoint@@@ATL@@VCComSingleThreadModel@6@@ATL@@@ATL@@UEAAKXZ 000000018000400c f i ElectronicValueRW.obj
 0001:0000300c       ?AddRef@?$CComObject@V?$CComEnum@UIEnumConnections@@$1?_GUID_b196b287_bab4_101a_b69c_00aa00341d07@@3U__s_GUID@@BUtagCONNECTDATA@@V?$_Copy@UtagCONNECTDATA@@@ATL@@VCComSingleThreadModel@6@@ATL@@@ATL@@UEAAKXZ 000000018000400c f i ElectronicValueRW.obj
 0001:00003018       ?Release@?$CComObject@V?$CComEnum@UIEnumConnectionPoints@@$1?_GUID_b196b285_bab4_101a_b69c_00aa00341d07@@3U__s_GUID@@BPEAUIConnectionPoint@@V?$_CopyInterface@UIConnectionPoint@@@ATL@@VCComSingleThreadModel@6@@ATL@@@ATL@@UEAAKXZ 0000000180004018 f i ElectronicValueRW.obj
 0001:00003018       ?Release@?$CComObject@V?$CComEnum@UIEnumConnections@@$1?_GUID_b196b287_bab4_101a_b69c_00aa00341d07@@3U__s_GUID@@BUtagCONNECTDATA@@V?$_Copy@UtagCONNECTDATA@@@ATL@@VCComSingleThreadModel@6@@ATL@@@ATL@@UEAAKXZ 0000000180004018 f i ElectronicValueRW.obj
 0001:0000306c       ?QueryInterface@?$CComObject@V?$CComEnum@UIEnumConnectionPoints@@$1?_GUID_b196b285_bab4_101a_b69c_00aa00341d07@@3U__s_GUID@@BPEAUIConnectionPoint@@V?$_CopyInterface@UIConnectionPoint@@@ATL@@VCComSingleThreadModel@6@@ATL@@@ATL@@UEAAJAEBU_GUID@@PEAPEAX@Z 000000018000406c f i ElectronicValueRW.obj
 0001:00003080       ??_ECRegObject@ATL@@UEAAPEAXI@Z 0000000180004080 f i ElectronicValueRW.obj
 0001:00003080       ??_GCRegObject@ATL@@UEAAPEAXI@Z 0000000180004080 f i ElectronicValueRW.obj
 0001:00003100       ??_G?$CComObject@V?$CComEnum@UIEnumConnectionPoints@@$1?_GUID_b196b285_bab4_101a_b69c_00aa00341d07@@3U__s_GUID@@BPEAUIConnectionPoint@@V?$_CopyInterface@UIConnectionPoint@@@ATL@@VCComSingleThreadModel@6@@ATL@@@ATL@@UEAAPEAXI@Z 0000000180004100 f i ElectronicValueRW.obj
 0001:00003100       ??_E?$CComObject@V?$CComEnum@UIEnumConnectionPoints@@$1?_GUID_b196b285_bab4_101a_b69c_00aa00341d07@@3U__s_GUID@@BPEAUIConnectionPoint@@V?$_CopyInterface@UIConnectionPoint@@@ATL@@VCComSingleThreadModel@6@@ATL@@@ATL@@UEAAPEAXI@Z 0000000180004100 f i ElectronicValueRW.obj
 0001:00003158       ?OnDrawAdvanced@CComControlBase@ATL@@UEAAJAEAUATL_DRAWINFO@@@Z 0000000180004158 f i ElectronicValueRW.obj
 0001:000032e4       ?AddRef@?$CComAggObject@VCOPOSElectronicValueRW@@@ATL@@UEAAKXZ 00000001800042e4 f i ElectronicValueRW.obj
 0001:000032f0       ?Release@?$CComAggObject@VCOPOSElectronicValueRW@@@ATL@@UEAAKXZ 00000001800042f0 f i ElectronicValueRW.obj
 0001:00003344       ?QueryInterface@?$CComAggObject@VCOPOSElectronicValueRW@@@ATL@@UEAAJAEBU_GUID@@PEAPEAX@Z 0000000180004344 f i ElectronicValueRW.obj
 0001:000033a4       ?AddRef@?$CComContainedObject@VCOPOSElectronicValueRW@@@ATL@@UEAAKXZ 00000001800043a4 f i ElectronicValueRW.obj
 0001:000033b4       ?Release@?$CComContainedObject@VCOPOSElectronicValueRW@@@ATL@@UEAAKXZ 00000001800043b4 f i ElectronicValueRW.obj
 0001:000033c4       ?QueryInterface@?$CComContainedObject@VCOPOSElectronicValueRW@@@ATL@@UEAAJAEBU_GUID@@PEAPEAX@Z 00000001800043c4 f i ElectronicValueRW.obj
 0001:000033d4       ??_G?$CComAggObject@VCOPOSElectronicValueRW@@@ATL@@UEAAPEAXI@Z 00000001800043d4 f i ElectronicValueRW.obj
 0001:000033d4       ??_E?$CComAggObject@VCOPOSElectronicValueRW@@@ATL@@UEAAPEAXI@Z 00000001800043d4 f i ElectronicValueRW.obj
 0001:0000342c       ?AddRef@?$CComObject@VCOPOSElectronicValueRW@@@ATL@@UEAAKXZ 000000018000442c f i ElectronicValueRW.obj
 0001:0000343c       ?Release@?$CComObject@VCOPOSElectronicValueRW@@@ATL@@UEAAKXZ 000000018000443c f i ElectronicValueRW.obj
 0001:00003494       ?QueryInterface@?$CComObject@VCOPOSElectronicValueRW@@@ATL@@UEAAJAEBU_GUID@@PEAPEAX@Z 0000000180004494 f i ElectronicValueRW.obj
 0001:000034a8       ?Next@?$CComEnumImpl@UIEnumConnections@@$1?_GUID_b196b287_bab4_101a_b69c_00aa00341d07@@3U__s_GUID@@BUtagCONNECTDATA@@V?$_Copy@UtagCONNECTDATA@@@ATL@@@ATL@@UEAAJKPEAUtagCONNECTDATA@@PEAK@Z 00000001800044a8 f i ElectronicValueRW.obj
 0001:0000357c       ?Skip@?$CComEnumImpl@UIEnumConnections@@$1?_GUID_b196b287_bab4_101a_b69c_00aa00341d07@@3U__s_GUID@@BUtagCONNECTDATA@@V?$_Copy@UtagCONNECTDATA@@@ATL@@@ATL@@UEAAJK@Z 000000018000457c f i ElectronicValueRW.obj
 0001:000035a8       ?Clone@?$CComEnumImpl@UIEnumConnections@@$1?_GUID_b196b287_bab4_101a_b69c_00aa00341d07@@3U__s_GUID@@BUtagCONNECTDATA@@V?$_Copy@UtagCONNECTDATA@@@ATL@@@ATL@@UEAAJPEAPEAUIEnumConnections@@@Z 00000001800045a8 f i ElectronicValueRW.obj
 0001:000036d4       ?QueryInterface@?$CComObject@V?$CComEnum@UIEnumConnections@@$1?_GUID_b196b287_bab4_101a_b69c_00aa00341d07@@3U__s_GUID@@BUtagCONNECTDATA@@V?$_Copy@UtagCONNECTDATA@@@ATL@@VCComSingleThreadModel@6@@ATL@@@ATL@@UEAAJAEBU_GUID@@PEAPEAX@Z 00000001800046d4 f i ElectronicValueRW.obj
 0001:000036e8       ??_G?$CComObject@V?$CComEnum@UIEnumConnections@@$1?_GUID_b196b287_bab4_101a_b69c_00aa00341d07@@3U__s_GUID@@BUtagCONNECTDATA@@V?$_Copy@UtagCONNECTDATA@@@ATL@@VCComSingleThreadModel@6@@ATL@@@ATL@@UEAAPEAXI@Z 00000001800046e8 f i ElectronicValueRW.obj
 0001:000036e8       ??_E?$CComObject@V?$CComEnum@UIEnumConnections@@$1?_GUID_b196b287_bab4_101a_b69c_00aa00341d07@@3U__s_GUID@@BUtagCONNECTDATA@@V?$_Copy@UtagCONNECTDATA@@@ATL@@VCComSingleThreadModel@6@@ATL@@@ATL@@UEAAPEAXI@Z 00000001800046e8 f i ElectronicValueRW.obj
 0001:00003740       ?CreateInstance@CComClassFactory@ATL@@UEAAJPEAUIUnknown@@AEBU_GUID@@PEAPEAX@Z 0000000180004740 f i ElectronicValueRW.obj
 0001:000037a0       ?LockServer@CComClassFactory@ATL@@UEAAJH@Z 00000001800047a0 f i ElectronicValueRW.obj
 0001:000037c4       ??_GCComClassFactory@ATL@@UEAAPEAXI@Z 00000001800047c4 f i ElectronicValueRW.obj
 0001:000037c4       ??_ECComClassFactory@ATL@@UEAAPEAXI@Z 00000001800047c4 f i ElectronicValueRW.obj
 0001:00003814       ??$AtlModuleRegisterWndClassInfoT@VAtlModuleRegisterWndClassInfoParamW@ATL@@@ATL@@YAGPEAU_ATL_BASE_MODULE70@0@PEAU_ATL_WIN_MODULE70@0@PEAU_ATL_WNDCLASSINFOW@0@PEAP6A_JPEAUHWND__@@I_K_J@ZVAtlModuleRegisterWndClassInfoParamW@0@@Z 0000000180004814 f i ElectronicValueRW.obj
 0001:00003a14       ??0?$CComContainedObject@VCOPOSElectronicValueRW@@@ATL@@QEAA@PEAX@Z 0000000180004a14 f i ElectronicValueRW.obj
 0001:00003b30       ??0?$CComObject@VCOPOSElectronicValueRW@@@ATL@@QEAA@PEAX@Z 0000000180004b30 f i ElectronicValueRW.obj
 0001:00003c48       ??0CAtlModule@ATL@@QEAA@XZ 0000000180004c48 f i ElectronicValueRW.obj
 0001:00003cbc       ??1?$CComEnumImpl@UIEnumConnectionPoints@@$1?_GUID_b196b285_bab4_101a_b69c_00aa00341d07@@3U__s_GUID@@BPEAUIConnectionPoint@@V?$_CopyInterface@UIConnectionPoint@@@ATL@@@ATL@@UEAA@XZ 0000000180004cbc f i ElectronicValueRW.obj
 0001:00003d18       ??1?$CComEnumImpl@UIEnumConnections@@$1?_GUID_b196b287_bab4_101a_b69c_00aa00341d07@@3U__s_GUID@@BUtagCONNECTDATA@@V?$_Copy@UtagCONNECTDATA@@@ATL@@@ATL@@UEAA@XZ 0000000180004d18 f i ElectronicValueRW.obj
 0001:00003d74       ??1?$CComObject@VCOPOSElectronicValueRW@@@ATL@@UEAA@XZ 0000000180004d74 f i ElectronicValueRW.obj
 0001:00003e94       ??_E?$CComContainedObject@VCOPOSElectronicValueRW@@@ATL@@UEAAPEAXI@Z 0000000180004e94 f i ElectronicValueRW.obj
 0001:00003e94       ??_G?$CComContainedObject@VCOPOSElectronicValueRW@@@ATL@@UEAAPEAXI@Z 0000000180004e94 f i ElectronicValueRW.obj
 0001:00003ec8       ??_E?$CComObject@VCOPOSElectronicValueRW@@@ATL@@UEAAPEAXI@Z 0000000180004ec8 f i ElectronicValueRW.obj
 0001:00003ec8       ??_G?$CComObject@VCOPOSElectronicValueRW@@@ATL@@UEAAPEAXI@Z 0000000180004ec8 f i ElectronicValueRW.obj
 0001:00003efc       ?Add@?$CSimpleArray@GV?$CSimpleArrayEqualHelper@G@ATL@@@ATL@@QEAAHAEBG@Z 0000000180004efc f i ElectronicValueRW.obj
 0001:00003fb0       ?Add@?$CSimpleMap@PEA_WPEA_WVCExpansionVectorEqualHelper@ATL@@@ATL@@QEAAHAEBQEA_W0@Z 0000000180004fb0 f i ElectronicValueRW.obj
 0001:00004050       ?Add@CComDynamicUnkArray@ATL@@QEAAKPEAUIUnknown@@@Z 0000000180005050 f i ElectronicValueRW.obj
 0001:00004138       ?Add@CExpansionVector@ATL@@QEAAHPEB_W0@Z 0000000180005138 f i ElectronicValueRW.obj
 0001:0000426c       ?AddTermFunc@CAtlModule@ATL@@QEAAJP6AX_K@Z0@Z 000000018000526c f i ElectronicValueRW.obj
 0001:00004308       ?AddValue@CRegParser@ATL@@IEAAJAEAVCRegKey@2@PEB_WPEA_W@Z 0000000180005308 f i ElectronicValueRW.obj
 0001:00004750       ?AllocateHeap@?$CTempBuffer@_W$0EAA@VCCRTAllocator@ATL@@@ATL@@AEAAX_K@Z 0000000180005750 f i ElectronicValueRW.obj
 0001:00004750       ?AllocateHeap@?$CTempBuffer@_W$0BAA@VCCRTAllocator@ATL@@@ATL@@AEAAX_K@Z 0000000180005750 f i ElectronicValueRW.obj
 0001:00004750       ?AllocateHeap@?$CTempBuffer@E$0BAA@VCCRTAllocator@ATL@@@ATL@@AEAAX_K@Z 0000000180005750 f i ElectronicValueRW.obj
 0001:0000477c       ?Append@CParseBuffer@CRegParser@ATL@@QEAAHPEB_WH@Z 000000018000577c f i ElectronicValueRW.obj
 0001:000048c4       ?AtlComModuleGetClassObject@ATL@@YAJPEAU_ATL_COM_MODULE70@1@AEBU_GUID@@1PEAPEAX@Z 00000001800058c4 f i ElectronicValueRW.obj
 0001:00004a04       ?AtlComModuleRegisterServer@ATL@@YAJPEAU_ATL_COM_MODULE70@1@HPEBU_GUID@@@Z 0000000180005a04 f i ElectronicValueRW.obj
 0001:00004ac4       ?AtlComModuleUnregisterServer@ATL@@YAJPEAU_ATL_COM_MODULE70@1@HPEBU_GUID@@@Z 0000000180005ac4 f i ElectronicValueRW.obj
 0001:00004b80       ?AtlHiMetricToPixel@ATL@@YAXPEBUtagSIZE@@PEAU2@@Z 0000000180005b80 f i ElectronicValueRW.obj
 0001:00004c30       ?AtlHresultFromLastError@ATL@@YAJXZ 0000000180005c30 f i ElectronicValueRW.obj
 0001:00004c50       ?AtlHresultFromWin32@ATL@@YAJK@Z 0000000180005c50 f i ElectronicValueRW.obj
 0001:00004c60       ?AtlInternalOleLoadFromStream@ATL@@YAJPEAUIStream@@AEBU_GUID@@PEAPEAXTClassesAllowedInStream@1@K@Z 0000000180005c60 f i ElectronicValueRW.obj
 0001:00004da4       ?AtlInternalQueryInterface@ATL@@YAJPEAXPEBU_ATL_INTMAP_ENTRY@1@AEBU_GUID@@PEAPEAX@Z 0000000180005da4 f i ElectronicValueRW.obj
 0001:00004eac       ?AtlLoadTypeLib@ATL@@YAJPEAUHINSTANCE__@@PEB_WPEAPEA_WPEAPEAUITypeLib@@@Z 0000000180005eac f i ElectronicValueRW.obj
 0001:00005108       ?AtlRegisterClassCategoriesHelper@ATL@@YAJAEBU_GUID@@PEBU_ATL_CATMAP_ENTRY@1@H@Z 0000000180006108 f i ElectronicValueRW.obj
 0001:0000558c       ?AtlRegisterTypeLib@ATL@@YAJPEAUHINSTANCE__@@PEB_W@Z 000000018000658c f i ElectronicValueRW.obj
 0001:00005788       ?AtlThrowImpl@ATL@@YAXJ@Z  0000000180006788 f i ElectronicValueRW.obj
 0001:000057ac       ?AtlUnRegisterTypeLib@ATL@@YAJPEAUHINSTANCE__@@PEB_W@Z 00000001800067ac f i ElectronicValueRW.obj
 0001:00005874       ?AtlWinModuleExtractCreateWndData@ATL@@YAPEAXPEAU_ATL_WIN_MODULE70@1@@Z 0000000180006874 f i ElectronicValueRW.obj
 0001:00005900       ?Cleanup@CComTypeInfoHolder@ATL@@SAX_K@Z 0000000180006900 f i ElectronicValueRW.obj
 0001:00005940       ?ClearReplacements@CExpansionVector@ATL@@QEAAJXZ 0000000180006940 f i ElectronicValueRW.obj
 0001:000059dc       ?CreateInstance@?$CComCreator@V?$CComAggObject@VCOPOSElectronicValueRW@@@ATL@@@ATL@@SAJPEAXAEBU_GUID@@PEAPEAX@Z 00000001800069dc f i ElectronicValueRW.obj
 0001:00005acc       ?CreateInstance@?$CComCreator@V?$CComObject@VCOPOSElectronicValueRW@@@ATL@@@ATL@@SAJPEAXAEBU_GUID@@PEAPEAX@Z 0000000180006acc f i ElectronicValueRW.obj
 0001:00005b84       ?CreateInstance@?$CComObject@V?$CComEnum@UIEnumConnectionPoints@@$1?_GUID_b196b285_bab4_101a_b69c_00aa00341d07@@3U__s_GUID@@BPEAUIConnectionPoint@@V?$_CopyInterface@UIConnectionPoint@@@ATL@@VCComSingleThreadModel@6@@ATL@@@ATL@@SAJPEAPEAV12@@Z 0000000180006b84 f i ElectronicValueRW.obj
 0001:00005c10       ?CreateInstance@?$CComObject@V?$CComEnum@UIEnumConnections@@$1?_GUID_b196b287_bab4_101a_b69c_00aa00341d07@@3U__s_GUID@@BUtagCONNECTDATA@@V?$_Copy@UtagCONNECTDATA@@@ATL@@VCComSingleThreadModel@6@@ATL@@@ATL@@SAJPEAPEAV12@@Z 0000000180006c10 f i ElectronicValueRW.obj
 0001:00005c9c       ?DefaultReflectionHandler@?$CWindowImplRoot@VCWindow@ATL@@@ATL@@SAHPEAUHWND__@@I_K_JAEA_J@Z 0000000180006c9c f i ElectronicValueRW.obj
 0001:00005d00       ?DeleteSubKey@CRegKey@ATL@@QEAAJPEB_W@Z 0000000180006d00 f i ElectronicValueRW.obj
 0001:00005d98       ?DoEvent@COPOSElectronicValueRW@@IEAAXI_K_J@Z 0000000180006d98 f i ElectronicValueRW.obj
 0001:00005e4c       ?DoVerbPrimary@?$IOleObjectImpl@VCOPOSElectronicValueRW@@@ATL@@QEAAJPEBUtagRECT@@PEAUHWND__@@@Z 0000000180006e4c f i ElectronicValueRW.obj
 0001:00005f78       ?DoVerbProperties@CComControlBase@ATL@@QEAAJPEBUtagRECT@@PEAUHWND__@@@Z 0000000180006f78 f i ElectronicValueRW.obj
 0001:000061a0       ?FireTheEvent@?$CProxy_IOPOSEvents@VCOPOSElectronicValueRW@@@@IEAAXPEAVOposVariant@@IAEAJPEB_WJ@Z 00000001800071a0 f i ElectronicValueRW.obj
 0001:0000628c       ?FireViewChange@CComControlBase@ATL@@QEAAJXZ 000000018000728c f i ElectronicValueRW.obj
 0001:000062f0       ?Fire_DataEvent@?$CProxy_IOPOSEvents@VCOPOSElectronicValueRW@@@@QEAAXJ@Z 00000001800072f0 f i ElectronicValueRW.obj
 0001:000063dc       ?Fire_DirectIOEvent@?$CProxy_IOPOSEvents@VCOPOSElectronicValueRW@@@@QEAAXJPEAJPEAPEA_W@Z 00000001800073dc f i ElectronicValueRW.obj
 0001:00006534       ?Fire_ErrorEvent@?$CProxy_IOPOSEvents@VCOPOSElectronicValueRW@@@@QEAAXJJJPEAJ@Z 0000000180007534 f i ElectronicValueRW.obj
 0001:0000669c       ?Fire_OutputCompleteEvent@?$CProxy_IOPOSEvents@VCOPOSElectronicValueRW@@@@QEAAXJ@Z 000000018000769c f i ElectronicValueRW.obj
 0001:00006788       ?Fire_StatusUpdateEvent@?$CProxy_IOPOSEvents@VCOPOSElectronicValueRW@@@@QEAAXJ@Z 0000000180007788 f i ElectronicValueRW.obj
 0001:00006874       ?Fire_TransitionEvent@?$CProxy_IOPOSEvents@VCOPOSElectronicValueRW@@@@QEAAXJPEAJPEAPEA_W@Z 0000000180007874 f i ElectronicValueRW.obj
 0001:000069cc       ?FreeHeap@?$CTempBuffer@_W$0BAA@VCCRTAllocator@ATL@@@ATL@@AEAAXXZ 00000001800079cc f i ElectronicValueRW.obj
 0001:000069cc       ?FreeHeap@?$CTempBuffer@E$0BAA@VCCRTAllocator@ATL@@@ATL@@AEAAXXZ 00000001800079cc f i ElectronicValueRW.obj
 0001:000069cc       ?FreeHeap@?$CTempBuffer@_W$0EAA@VCCRTAllocator@ATL@@@ATL@@AEAAXXZ 00000001800079cc f i ElectronicValueRW.obj
 0001:000069d4       ?GetAmbientLocaleID@CComControlBase@ATL@@QEAAJAEAK@Z 00000001800079d4 f i ElectronicValueRW.obj
 0001:00006a94       ?GetAmbientUserMode@CComControlBase@ATL@@QEAAJAEAH@Z 0000000180007a94 f i ElectronicValueRW.obj
 0001:00006b64       ?GetClassObject@CComModule@ATL@@QEAAJAEBU_GUID@@0PEAPEAX@Z 0000000180007b64 f i ElectronicValueRW.obj
 0001:00006c58       ?GetConnMap@COPOSElectronicValueRW@@SAPEBU_ATL_CONNMAP_ENTRY@ATL@@PEAH@Z 0000000180007c58 f i ElectronicValueRW.obj
 0001:00006ce0       ?GetIDsOfNames@CComTypeInfoHolder@ATL@@QEAAJAEBU_GUID@@PEAPEA_WIKPEAJ@Z 0000000180007ce0 f i ElectronicValueRW.obj
 0001:00006e58       ?GetPagesHelper@?$ISpecifyPropertyPagesImpl@VCOPOSElectronicValueRW@@@ATL@@IEAAJPEAUtagCAUUID@@PEBUATL_PROPMAP_ENTRY@2@@Z 0000000180007e58 f i ElectronicValueRW.obj
 0001:00006ff8       ?GetSizeMax@CComVariant@ATL@@QEBAJPEAT_ULARGE_INTEGER@@@Z 0000000180007ff8 f i ElectronicValueRW.obj
 0001:0000722c       ?GetTI@CComTypeInfoHolder@ATL@@QEAAJK@Z 000000018000822c f i ElectronicValueRW.obj
 0001:00007524       ?GetZoomInfo@CComControlBase@ATL@@QEAAXAEAUATL_DRAWINFO@@@Z 0000000180008524 f i ElectronicValueRW.obj
 0001:000075c8       ?HKeyFromString@CRegParser@ATL@@KAPEAUHKEY__@@PEA_W@Z 00000001800085c8 f i ElectronicValueRW.obj
 0001:0000762c       ?IDataObject_GetData@CComControlBase@ATL@@QEAAJPEAUtagFORMATETC@@PEAUtagSTGMEDIUM@@@Z 000000018000862c f i ElectronicValueRW.obj
 0001:00007820       ?IOleInPlaceObject_InPlaceDeactivate@CComControlBase@ATL@@QEAAJXZ 0000000180008820 f i ElectronicValueRW.obj
 0001:000078c0       ?IOleInPlaceObject_SetObjectRects@CComControlBase@ATL@@QEAAJPEBUtagRECT@@0@Z 00000001800088c0 f i ElectronicValueRW.obj
 0001:000079b0       ?IOleInPlaceObject_UIDeactivate@CComControlBase@ATL@@QEAAJXZ 00000001800089b0 f i ElectronicValueRW.obj
 0001:00007abc       ?IOleObject_Close@CComControlBase@ATL@@QEAAJK@Z 0000000180008abc f i ElectronicValueRW.obj
 0001:00007bd4       ?IOleObject_SetClientSite@CComControlBase@ATL@@QEAAJPEAUIOleClientSite@@@Z 0000000180008bd4 f i ElectronicValueRW.obj
 0001:00007c4c       ?IOleObject_SetExtent@CComControlBase@ATL@@QEAAJKPEAUtagSIZE@@@Z 0000000180008c4c f i ElectronicValueRW.obj
 0001:00007ce4       ?IPSI_GetIPersistStreamInit@?$IPersistStorageImpl@VCOPOSElectronicValueRW@@@ATL@@AEAAPEAUIPersistStreamInit@@XZ 0000000180008ce4 f i ElectronicValueRW.obj
 0001:00007dcc       ?IPersistStreamInit_Load@?$IPersistStreamInitImpl@VCOPOSElectronicValueRW@@@ATL@@QEAAJPEAUIStream@@PEBUATL_PROPMAP_ENTRY@2@@Z 0000000180008dcc f i ElectronicValueRW.obj
 0001:00008100       ?IPersistStreamInit_Save@?$IPersistStreamInitImpl@VCOPOSElectronicValueRW@@@ATL@@QEAAJPEAUIStream@@HPEBUATL_PROPMAP_ENTRY@2@@Z 0000000180009100 f i ElectronicValueRW.obj
 0001:000083a4       ?IQuickActivate_QuickActivate@CComControlBase@ATL@@QEAAJPEAUtagQACONTAINER@@PEAUtagQACONTROL@@@Z 00000001800093a4 f i ElectronicValueRW.obj
 0001:00008668       ?IViewObject_Draw@CComControlBase@ATL@@QEAAJKJPEAXPEAUtagDVTARGETDEVICE@@PEAUHDC__@@2PEBU_RECTL@@3@Z 0000000180009668 f i ElectronicValueRW.obj
 0001:0000877c       ?InPlaceActivate@CComControlBase@ATL@@QEAAJJPEBUtagRECT@@@Z 000000018000977c f i ElectronicValueRW.obj
 0001:00008ab4       ?Init@?$CComEnumImpl@UIEnumConnectionPoints@@$1?_GUID_b196b285_bab4_101a_b69c_00aa00341d07@@3U__s_GUID@@BPEAUIConnectionPoint@@V?$_CopyInterface@UIConnectionPoint@@@ATL@@@ATL@@QEAAJPEAPEAUIConnectionPoint@@0PEAUIUnknown@@W4CComEnumFlags@2@@Z 0000000180009ab4 f i ElectronicValueRW.obj
 0001:00008bd4       ?Init@?$CComEnumImpl@UIEnumConnections@@$1?_GUID_b196b287_bab4_101a_b69c_00aa00341d07@@3U__s_GUID@@BUtagCONNECTDATA@@V?$_Copy@UtagCONNECTDATA@@@ATL@@@ATL@@QEAAJPEAUtagCONNECTDATA@@0PEAUIUnknown@@W4CComEnumFlags@2@@Z 0000000180009bd4 f i ElectronicValueRW.obj
 0001:00008cf8       ?IsEqualObject@?$CComPtrBase@UIOleClientSite@@@ATL@@QEAA_NPEAUIUnknown@@@Z 0000000180009cf8 f i ElectronicValueRW.obj
 0001:00008d84       ?LoadNameCache@CComTypeInfoHolder@ATL@@QEAAJPEAUITypeInfo@@@Z 0000000180009d84 f i ElectronicValueRW.obj
 0001:00008f04       ?Lookup@?$CSimpleMap@PEA_WPEA_WVCExpansionVectorEqualHelper@ATL@@@ATL@@QEBAPEA_WAEBQEA_W@Z 0000000180009f04 f i ElectronicValueRW.obj
 0001:00008f90       ?NextToken@CRegParser@ATL@@IEAAJPEA_W@Z 0000000180009f90 f i ElectronicValueRW.obj
 0001:00009148       ?OnKillFocus@CComControlBase@ATL@@QEAA_JI_K_JAEAH@Z 000000018000a148 f i ElectronicValueRW.obj
 0001:000091e4       ?OnMouseActivate@CComControlBase@ATL@@QEAA_JI_K_JAEAH@Z 000000018000a1e4 f i ElectronicValueRW.obj
 0001:00009284       ?OnPaint@CComControlBase@ATL@@QEAA_JI_K_JAEAH@Z 000000018000a284 f i ElectronicValueRW.obj
 0001:00009370       ?OnSetFocus@CComControlBase@ATL@@QEAA_JI_K_JAEAH@Z 000000018000a370 f i ElectronicValueRW.obj
 0001:0000946c       ?PreProcessBuffer@CRegParser@ATL@@QEAAJPEA_WPEAPEA_W@Z 000000018000a46c f i ElectronicValueRW.obj
 0001:000097f0       ?ProcessWindowMessage@?$CComControl@VCOPOSElectronicValueRW@@V?$CWindowImpl@VCOPOSElectronicValueRW@@VCWindow@ATL@@V?$CWinTraits@$0FGAAAAAA@$0A@@3@@ATL@@@ATL@@UEAAHPEAUHWND__@@I_K_JAEA_JK@Z 000000018000a7f0 f i ElectronicValueRW.obj
 0001:000098d4       ?ReadFromStream@CComBSTR@ATL@@QEAAJPEAUIStream@@@Z 000000018000a8d4 f i ElectronicValueRW.obj
 0001:00009a30       ?ReadFromStream@CComVariant@ATL@@QEAAJPEAUIStream@@GTClassesAllowedInStream@2@K@Z 000000018000aa30 f i ElectronicValueRW.obj
 0001:00009c40       ?RecurseDeleteKey@CRegKey@ATL@@QEAAJPEB_W@Z 000000018000ac40 f i ElectronicValueRW.obj
 0001:00009d98       ?RegCreateKeyExW@CAtlTransactionManager@ATL@@QEAAJPEAUHKEY__@@PEB_WKPEA_WKKQEAU_SECURITY_ATTRIBUTES@@PEAPEAU3@PEAK@Z 000000018000ad98 f i ElectronicValueRW.obj
 0001:00009ecc       ?RegDeleteKeyW@CAtlTransactionManager@ATL@@QEAAJPEAUHKEY__@@PEB_W@Z 000000018000aecc f i ElectronicValueRW.obj
 0001:00009f58       ?RegOpenKeyExW@CAtlTransactionManager@ATL@@QEAAJPEAUHKEY__@@PEB_WKKPEAPEAU3@@Z 000000018000af58 f i ElectronicValueRW.obj
 0001:0000a010       ?RegisterBuffer@CRegParser@ATL@@QEAAJPEA_WH@Z 000000018000b010 f i ElectronicValueRW.obj
 0001:0000a178       ?RegisterFromResource@CRegObject@ATL@@IEAAJPEB_W00H@Z 000000018000b178 f i ElectronicValueRW.obj
 0001:0000a334       ?RegisterServer@CComModule@ATL@@QEAAJHPEBU_GUID@@@Z 000000018000b334 f i ElectronicValueRW.obj
 0001:0000a3f4       ?RegisterSubkeys@CRegParser@ATL@@IEAAJPEA_WPEAUHKEY__@@HH@Z 000000018000b3f4 f i ElectronicValueRW.obj
 0001:0000ac60       ?SendOnDataChange@CComControlBase@ATL@@QEAAJK@Z 000000018000bc60 f i ElectronicValueRW.obj
 0001:0000acd0       ?SetControlFocus@CComControlBase@ATL@@QEAAHH@Z 000000018000bcd0 f i ElectronicValueRW.obj
 0001:0000adac       ?SkipAssignment@CRegParser@ATL@@IEAAJPEA_W@Z 000000018000bdac f i ElectronicValueRW.obj
 0001:0000ae50       ?Term@CAtlModule@ATL@@QEAAXXZ 000000018000be50 f i ElectronicValueRW.obj
 0001:0000aed0       ?Term@CComModule@ATL@@QEAAXXZ 000000018000bed0 f i ElectronicValueRW.obj
 0001:0000af4c       ?UnregisterServer@CComModule@ATL@@QEAAJHPEBU_GUID@@@Z 000000018000bf4c f i ElectronicValueRW.obj
 0001:0000affc       ?UpdateRegistryFromResource@CAtlModule@ATL@@QEAAJIHPEAU_ATL_REGMAP_ENTRY@2@@Z 000000018000bffc f i ElectronicValueRW.obj
 0001:0000b308       ?UpdateRegistryFromResource@CAtlModule@ATL@@QEAAJPEB_WHPEAU_ATL_REGMAP_ENTRY@2@@Z 000000018000c308 f i ElectronicValueRW.obj
 0001:0000b62c       ?VTFromRegType@CRegParser@ATL@@KAHPEB_WAEAG@Z 000000018000c62c f i ElectronicValueRW.obj
 0001:0000b6c8       ?WindowProc@?$CWindowImplBaseT@VCWindow@ATL@@V?$CWinTraits@$0FGAAAAAA@$0A@@2@@ATL@@SA_JPEAUHWND__@@I_K_J@Z 000000018000c6c8 f i ElectronicValueRW.obj
 0001:0000b834       ?WriteToStream@CComVariant@ATL@@QEAAJPEAUIStream@@@Z 000000018000c834 f i ElectronicValueRW.obj
 0001:0000ba88       ?WriteToStream@CComVariant@ATL@@QEAAJPEAUIStream@@G@Z 000000018000ca88 f i ElectronicValueRW.obj
 0001:0000bb20       ?_AtlVerifyStackAvailable@_ATL_SAFE_ALLOCA_IMPL@ATL@@YA_N_K@Z 000000018000cb20 f i ElectronicValueRW.obj
 0001:0000bba4       ?atlCreate@?$CWindowImpl@VCOPOSElectronicValueRW@@VCWindow@ATL@@V?$CWinTraits@$0FGAAAAAA@$0A@@3@@ATL@@QEAAPEAUHWND__@@PEAU3@V_U_RECT@2@PEB_WKKV_U_MENUorID@2@PEAX@Z 000000018000cba4 f i ElectronicValueRW.obj
 0001:0000bc54       ?atlCreate@?$CWindowImplBaseT@VCWindow@ATL@@V?$CWinTraits@$0FGAAAAAA@$0A@@2@@ATL@@QEAAPEAUHWND__@@PEAU3@V_U_RECT@2@PEB_WKKV_U_MENUorID@2@GPEAX@Z 000000018000cc54 f i ElectronicValueRW.obj
 0001:0000bdc4       ?ocscpy_s@@YA_NPEA_W_KPEB_W@Z 000000018000cdc4 f i ElectronicValueRW.obj
 0001:0000be74       DllCanUnloadNow            000000018000ce74 f   ElectronicValueRW.obj
 0001:0000be80       DllGetClassObject          000000018000ce80 f   ElectronicValueRW.obj
 0001:0000be98       DllMain                    000000018000ce98 f   ElectronicValueRW.obj
 0001:0000bf40       DllRegisterServer          000000018000cf40 f   ElectronicValueRW.obj
 0001:0000bf54       DllUnregisterServer        000000018000cf54 f   ElectronicValueRW.obj
 0001:0000bf68       __local_stdio_printf_options 000000018000cf68 f i ElectronicValueRW.obj
 0001:0000bf70       swprintf_s                 000000018000cf70 f i ElectronicValueRW.obj
 0001:0000bfc4       ??0COPOSElectronicValueRW@@QEAA@XZ 000000018000cfc4 f   ElectronicValueRWImpl.obj
 0001:0000c098       ??1?$IConnectionPointImpl@VCOPOSElectronicValueRW@@$1?IID_IPropertyNotifySink@@3U_GUID@@BVCComDynamicUnkArray@ATL@@@ATL@@QEAA@XZ 000000018000d098 f i ElectronicValueRWImpl.obj
 0001:0000c098       ??1?$IConnectionPointImpl@VCOPOSElectronicValueRW@@$1?DIID__IOPOSElectronicValueRWEvents@@3U_GUID@@BVCComDynamicUnkArray@ATL@@@ATL@@QEAA@XZ 000000018000d098 f i ElectronicValueRWImpl.obj
 0001:0000c0f4       ??1CComControlBase@ATL@@UEAA@XZ 000000018000d0f4 f i ElectronicValueRWImpl.obj
 0001:0000c170       ??1COPOSElectronicValueRW@@UEAA@XZ 000000018000d170 f   ElectronicValueRWImpl.obj
 0001:0000c1d4       ?AccessDailyLog@COPOSElectronicValueRW@@UEAAJJJJPEAJ@Z 000000018000d1d4 f   ElectronicValueRWImpl.obj
 0001:0000c2bc       ?AccessData@COPOSElectronicValueRW@@UEAAJJPEAJPEAPEA_W0@Z 000000018000d2bc f   ElectronicValueRWImpl.obj
 0001:0000c3b8       ?AccessLog@COPOSElectronicValueRW@@UEAAJJJJPEAJ@Z 000000018000d3b8 f   ElectronicValueRWImpl.obj
 0001:0000c4a0       ?ActivateEVService@COPOSElectronicValueRW@@UEAAJPEAJPEAPEA_W0@Z 000000018000d4a0 f   ElectronicValueRWImpl.obj
 0001:0000c57c       ?ActivateService@COPOSElectronicValueRW@@UEAAJPEAJPEAPEA_W0@Z 000000018000d57c f   ElectronicValueRWImpl.obj
 0001:0000c658       ?AddValue@COPOSElectronicValueRW@@UEAAJJJPEAJ@Z 000000018000d658 f   ElectronicValueRWImpl.obj
 0001:0000c724       ?AuthorizeCompletion@COPOSElectronicValueRW@@UEAAJJTtagCY@@0JPEAJ@Z 000000018000d724 f   ElectronicValueRWImpl.obj
 0001:0000c824       ?AuthorizePreSales@COPOSElectronicValueRW@@UEAAJJTtagCY@@0JPEAJ@Z 000000018000d824 f   ElectronicValueRWImpl.obj
 0001:0000c924       ?AuthorizeRefund@COPOSElectronicValueRW@@UEAAJJTtagCY@@0JPEAJ@Z 000000018000d924 f   ElectronicValueRWImpl.obj
 0001:0000ca24       ?AuthorizeSales@COPOSElectronicValueRW@@UEAAJJTtagCY@@0JPEAJ@Z 000000018000da24 f   ElectronicValueRWImpl.obj
 0001:0000cb24       ?AuthorizeVoid@COPOSElectronicValueRW@@UEAAJJTtagCY@@0JPEAJ@Z 000000018000db24 f   ElectronicValueRWImpl.obj
 0001:0000cc24       ?AuthorizeVoidPreSales@COPOSElectronicValueRW@@UEAAJJTtagCY@@0JPEAJ@Z 000000018000dc24 f   ElectronicValueRWImpl.obj
 0001:0000cd24       ?BeginDetection@COPOSElectronicValueRW@@UEAAJJJPEAJ@Z 000000018000dd24 f   ElectronicValueRWImpl.obj
 0001:0000cdf0       ?BeginRemoval@COPOSElectronicValueRW@@UEAAJJPEAJ@Z 000000018000ddf0 f   ElectronicValueRWImpl.obj
 0001:0000ce6c       ?CancelValue@COPOSElectronicValueRW@@UEAAJJJPEAJ@Z 000000018000de6c f   ElectronicValueRWImpl.obj
 0001:0000cf38       ?CaptureCard@COPOSElectronicValueRW@@UEAAJPEAJ@Z 000000018000df38 f   ElectronicValueRWImpl.obj
 0001:0000cf60       ?CashDeposit@COPOSElectronicValueRW@@UEAAJJTtagCY@@JPEAJ@Z 000000018000df60 f   ElectronicValueRWImpl.obj
 0001:0000d04c       ?CheckCard@COPOSElectronicValueRW@@UEAAJJJPEAJ@Z 000000018000e04c f   ElectronicValueRWImpl.obj
 0001:0000d118       ?CheckHealth@COPOSElectronicValueRW@@UEAAJJPEAJ@Z 000000018000e118 f   ElectronicValueRWImpl.obj
 0001:0000d194       ?CheckServiceRegistrationToMedium@COPOSElectronicValueRW@@UEAAJJJPEAJ@Z 000000018000e194 f   ElectronicValueRWImpl.obj
 0001:0000d260       ?ClaimDevice@COPOSElectronicValueRW@@UEAAJJPEAJ@Z 000000018000e260 f   ElectronicValueRWImpl.obj
 0001:0000d300       ?ClearInput@COPOSElectronicValueRW@@UEAAJPEAJ@Z 000000018000e300 f   ElectronicValueRWImpl.obj
 0001:0000d328       ?ClearInputProperties@COPOSElectronicValueRW@@UEAAJPEAJ@Z 000000018000e328 f   ElectronicValueRWImpl.obj
 0001:0000d350       ?ClearOutput@COPOSElectronicValueRW@@UEAAJPEAJ@Z 000000018000e350 f   ElectronicValueRWImpl.obj
 0001:0000d378       ?ClearParameterInformation@COPOSElectronicValueRW@@UEAAJPEAJ@Z 000000018000e378 f   ElectronicValueRWImpl.obj
 0001:0000d3a0       ?Close@COPOSElectronicValueRW@@UEAAJPEAJ@Z 000000018000e3a0 f   ElectronicValueRWImpl.obj
 0001:0000d458       ?CloseDailyEVService@COPOSElectronicValueRW@@UEAAJPEAJPEAPEA_W0@Z 000000018000e458 f   ElectronicValueRWImpl.obj
 0001:0000d534       ?CompareFirmwareVersion@COPOSElectronicValueRW@@UEAAJPEA_WPEAJ1@Z 000000018000e534 f   ElectronicValueRWImpl.obj
 0001:0000d610       ?DeactivateEVService@COPOSElectronicValueRW@@UEAAJPEAJPEAPEA_W0@Z 000000018000e610 f   ElectronicValueRWImpl.obj
 0001:0000d6ec       ?DirectIO@COPOSElectronicValueRW@@UEAAJJPEAJPEAPEA_W0@Z 000000018000e6ec f   ElectronicValueRWImpl.obj
 0001:0000d7e8       ?DoInvoke@COPOSElectronicValueRW@@IEAAJJPEAVOposVariant@@IHPEAJ_N@Z 000000018000e7e8 f   ElectronicValueRWImpl.obj
 0001:0000d91c       ?EndDetection@COPOSElectronicValueRW@@UEAAJPEAJ@Z 000000018000e91c f   ElectronicValueRWImpl.obj
 0001:0000d944       ?EndRemoval@COPOSElectronicValueRW@@UEAAJPEAJ@Z 000000018000e944 f   ElectronicValueRWImpl.obj
 0001:0000d96c       ?EnumerateCardServices@COPOSElectronicValueRW@@UEAAJPEAJ@Z 000000018000e96c f   ElectronicValueRWImpl.obj
 0001:0000d994       ?EventInit@COPOSElectronicValueRW@@IEAAJXZ 000000018000e994 f i ElectronicValueRWImpl.obj
 0001:0000dadc       ?EventUninit@COPOSElectronicValueRW@@IEAAXXZ 000000018000eadc f i ElectronicValueRWImpl.obj
 0001:0000db40       ?EventWindowProc@COPOSElectronicValueRW@@IEAA_JI_K_J@Z 000000018000eb40 f i ElectronicValueRWImpl.obj
 0001:0000dd84       ?FinalConstruct@COPOSElectronicValueRW@@QEAAJXZ 000000018000ed84 f   ElectronicValueRWImpl.obj
 0001:0000ddc0       ?FreezeEvents@COPOSElectronicValueRW@@MEAAJH@Z 000000018000edc0 f   ElectronicValueRWImpl.obj
 0001:0000de34       ?GetOposProp@COPOSElectronicValueRW@@IEAAJJPEAJJ@Z 000000018000ee34 f   ElectronicValueRWImpl.obj
 0001:0000df50       ?GetOposProp@COPOSElectronicValueRW@@IEAAJJPEAPEA_WJ@Z 000000018000ef50 f   ElectronicValueRWImpl.obj
 0001:0000e07c       ?LockTerminal@COPOSElectronicValueRW@@UEAAJPEAJ@Z 000000018000f07c f   ElectronicValueRWImpl.obj
 0001:0000e0a4       ?OnDraw@COPOSElectronicValueRW@@MEAAJAEAUATL_DRAWINFO@@@Z 000000018000f0a4 f   ElectronicValueRWImpl.obj
 0001:0000e190       ?Open@COPOSElectronicValueRW@@UEAAJPEA_WPEAJ@Z 000000018000f190 f   ElectronicValueRWImpl.obj
 0001:0000ea34       ?OpenDailyEVService@COPOSElectronicValueRW@@UEAAJPEAJPEAPEA_W0@Z 000000018000fa34 f   ElectronicValueRWImpl.obj
 0001:0000eb10       ?QueryLastSuccessfulTransactionResult@COPOSElectronicValueRW@@UEAAJPEAJ@Z 000000018000fb10 f   ElectronicValueRWImpl.obj
 0001:0000eb38       ?ReadValue@COPOSElectronicValueRW@@UEAAJJJPEAJ@Z 000000018000fb38 f   ElectronicValueRWImpl.obj
 0001:0000ec04       ?RegisterServiceToMedium@COPOSElectronicValueRW@@UEAAJJJPEAJ@Z 000000018000fc04 f   ElectronicValueRWImpl.obj
 0001:0000ecd0       ?ReleaseDevice@COPOSElectronicValueRW@@UEAAJPEAJ@Z 000000018000fcd0 f   ElectronicValueRWImpl.obj
 0001:0000ed3c       ?ResetStatistics@COPOSElectronicValueRW@@UEAAJPEA_WPEAJ@Z 000000018000fd3c f   ElectronicValueRWImpl.obj
 0001:0000edc4       ?RetrieveResultInformation@COPOSElectronicValueRW@@UEAAJPEA_WPEAPEA_WPEAJ@Z 000000018000fdc4 f   ElectronicValueRWImpl.obj
 0001:0000eea0       ?RetrieveStatistics@COPOSElectronicValueRW@@UEAAJPEAPEA_WPEAJ@Z 000000018000fea0 f   ElectronicValueRWImpl.obj
 0001:0000ef28       ?SOProcessID@COPOSElectronicValueRW@@UEAAJPEAJ@Z 000000018000ff28 f   ElectronicValueRWImpl.obj
 0001:0000ef44       ?SetCOFreezeEvents@COPOSElectronicValueRW@@IEAAXF@Z 000000018000ff44 f   ElectronicValueRWImpl.obj
 0001:0000f028       ?SetOposProp@COPOSElectronicValueRW@@IEAAJJJJ@Z 0000000180010028 f   ElectronicValueRWImpl.obj
 0001:0000f188       ?SetOposProp@COPOSElectronicValueRW@@IEAAJJPEA_WJ@Z 0000000180010188 f   ElectronicValueRWImpl.obj
 0001:0000f2e0       ?SetParameterInformation@COPOSElectronicValueRW@@UEAAJPEA_W0PEAJ@Z 00000001800102e0 f   ElectronicValueRWImpl.obj
 0001:0000f3bc       ?SubtractValue@COPOSElectronicValueRW@@UEAAJJJPEAJ@Z 00000001800103bc f   ElectronicValueRWImpl.obj
 0001:0000f488       ?TransactionAccess@COPOSElectronicValueRW@@UEAAJJPEAJ@Z 0000000180010488 f   ElectronicValueRWImpl.obj
 0001:0000f504       ?UnlockTerminal@COPOSElectronicValueRW@@UEAAJPEAJ@Z 0000000180010504 f   ElectronicValueRWImpl.obj
 0001:0000f52c       ?UnregisterServiceToMedium@COPOSElectronicValueRW@@UEAAJJJPEAJ@Z 000000018001052c f   ElectronicValueRWImpl.obj
 0001:0000f5f8       ?UpdateData@COPOSElectronicValueRW@@UEAAJJPEAJPEAPEA_W0@Z 00000001800105f8 f   ElectronicValueRWImpl.obj
 0001:0000f6f4       ?UpdateFirmware@COPOSElectronicValueRW@@UEAAJPEA_WPEAJ@Z 00000001800106f4 f   ElectronicValueRWImpl.obj
 0001:0000f77c       ?UpdateKey@COPOSElectronicValueRW@@UEAAJPEAJPEAPEA_W0@Z 000000018001077c f   ElectronicValueRWImpl.obj
 0001:0000f858       ?UpdateStatistics@COPOSElectronicValueRW@@UEAAJPEA_WPEAJ@Z 0000000180010858 f   ElectronicValueRWImpl.obj
 0001:0000f8e0       ?WriteValue@COPOSElectronicValueRW@@UEAAJJJPEAJ@Z 00000001800108e0 f   ElectronicValueRWImpl.obj
 0001:0000f9ac       ?get_AccountNumber@COPOSElectronicValueRW@@UEAAJPEAPEA_W@Z 00000001800109ac f   ElectronicValueRWImpl.obj
 0001:0000f9c0       ?get_AdditionalSecurityInformation@COPOSElectronicValueRW@@UEAAJPEAPEA_W@Z 00000001800109c0 f   ElectronicValueRWImpl.obj
 0001:0000f9d4       ?get_Amount@COPOSElectronicValueRW@@UEAAJPEATtagCY@@@Z 00000001800109d4 f   ElectronicValueRWImpl.obj
 0001:0000faa4       ?get_ApprovalCode@COPOSElectronicValueRW@@UEAAJPEAPEA_W@Z 0000000180010aa4 f   ElectronicValueRWImpl.obj
 0001:0000fab8       ?get_AsyncMode@COPOSElectronicValueRW@@UEAAJPEAF@Z 0000000180010ab8 f   ElectronicValueRWImpl.obj
 0001:0000faec       ?get_AutoDisable@COPOSElectronicValueRW@@UEAAJPEAF@Z 0000000180010aec f   ElectronicValueRWImpl.obj
 0001:0000fb20       ?get_Balance@COPOSElectronicValueRW@@UEAAJPEATtagCY@@@Z 0000000180010b20 f   ElectronicValueRWImpl.obj
 0001:0000fbf0       ?get_BalanceOfPoint@COPOSElectronicValueRW@@UEAAJPEATtagCY@@@Z 0000000180010bf0 f   ElectronicValueRWImpl.obj
 0001:0000fcc0       ?get_BinaryConversion@COPOSElectronicValueRW@@UEAAJPEAJ@Z 0000000180010cc0 f   ElectronicValueRWImpl.obj
 0001:0000fcd4       ?get_CapActivateService@COPOSElectronicValueRW@@UEAAJPEAF@Z 0000000180010cd4 f   ElectronicValueRWImpl.obj
 0001:0000fd08       ?get_CapAddValue@COPOSElectronicValueRW@@UEAAJPEAF@Z 0000000180010d08 f   ElectronicValueRWImpl.obj
 0001:0000fd3c       ?get_CapAdditionalSecurityInformation@COPOSElectronicValueRW@@UEAAJPEAF@Z 0000000180010d3c f   ElectronicValueRWImpl.obj
 0001:0000fd70       ?get_CapAuthorizeCompletion@COPOSElectronicValueRW@@UEAAJPEAF@Z 0000000180010d70 f   ElectronicValueRWImpl.obj
 0001:0000fda4       ?get_CapAuthorizePreSales@COPOSElectronicValueRW@@UEAAJPEAF@Z 0000000180010da4 f   ElectronicValueRWImpl.obj
 0001:0000fdd8       ?get_CapAuthorizeRefund@COPOSElectronicValueRW@@UEAAJPEAF@Z 0000000180010dd8 f   ElectronicValueRWImpl.obj
 0001:0000fe0c       ?get_CapAuthorizeVoid@COPOSElectronicValueRW@@UEAAJPEAF@Z 0000000180010e0c f   ElectronicValueRWImpl.obj
 0001:0000fe40       ?get_CapAuthorizeVoidPreSales@COPOSElectronicValueRW@@UEAAJPEAF@Z 0000000180010e40 f   ElectronicValueRWImpl.obj
 0001:0000fe74       ?get_CapCancelValue@COPOSElectronicValueRW@@UEAAJPEAF@Z 0000000180010e74 f   ElectronicValueRWImpl.obj
 0001:0000fea8       ?get_CapCardSensor@COPOSElectronicValueRW@@UEAAJPEAJ@Z 0000000180010ea8 f   ElectronicValueRWImpl.obj
 0001:0000febc       ?get_CapCashDeposit@COPOSElectronicValueRW@@UEAAJPEAF@Z 0000000180010ebc f   ElectronicValueRWImpl.obj
 0001:0000fef0       ?get_CapCenterResultCode@COPOSElectronicValueRW@@UEAAJPEAF@Z 0000000180010ef0 f   ElectronicValueRWImpl.obj
 0001:0000ff24       ?get_CapCheckCard@COPOSElectronicValueRW@@UEAAJPEAF@Z 0000000180010f24 f   ElectronicValueRWImpl.obj
 0001:0000ff58       ?get_CapCompareFirmwareVersion@COPOSElectronicValueRW@@UEAAJPEAF@Z 0000000180010f58 f   ElectronicValueRWImpl.obj
 0001:0000ff8c       ?get_CapDailyLog@COPOSElectronicValueRW@@UEAAJPEAJ@Z 0000000180010f8c f   ElectronicValueRWImpl.obj
 0001:0000ffa0       ?get_CapDetectionControl@COPOSElectronicValueRW@@UEAAJPEAJ@Z 0000000180010fa0 f   ElectronicValueRWImpl.obj
 0001:0000ffb4       ?get_CapElectronicMoney@COPOSElectronicValueRW@@UEAAJPEAF@Z 0000000180010fb4 f   ElectronicValueRWImpl.obj
 0001:0000ffe8       ?get_CapEnumerateCardServices@COPOSElectronicValueRW@@UEAAJPEAF@Z 0000000180010fe8 f   ElectronicValueRWImpl.obj
 0001:0001001c       ?get_CapIndirectTransactionLog@COPOSElectronicValueRW@@UEAAJPEAF@Z 000000018001101c f   ElectronicValueRWImpl.obj
 0001:00010050       ?get_CapInstallments@COPOSElectronicValueRW@@UEAAJPEAF@Z 0000000180011050 f   ElectronicValueRWImpl.obj
 0001:00010084       ?get_CapLockTerminal@COPOSElectronicValueRW@@UEAAJPEAF@Z 0000000180011084 f   ElectronicValueRWImpl.obj
 0001:000100b8       ?get_CapLogStatus@COPOSElectronicValueRW@@UEAAJPEAF@Z 00000001800110b8 f   ElectronicValueRWImpl.obj
 0001:000100ec       ?get_CapMediumID@COPOSElectronicValueRW@@UEAAJPEAF@Z 00000001800110ec f   ElectronicValueRWImpl.obj
 0001:00010120       ?get_CapMembershipCertificate@COPOSElectronicValueRW@@UEAAJPEAF@Z 0000000180011120 f   ElectronicValueRWImpl.obj
[...]
 0004:00001b54       $pdata$?try_get_function@@YAPEAXW4function_id@?A0x391cf84c@@QEBDQEBW4module_id@2@2@Z 0000000180038b54     libucrt:winapi_thunks.obj
 0004:00001b60       $pdata$wcstol              0000000180038b60     libucrt:strtox.obj
 0004:00001b6c       $pdata$_mbtowc_l           0000000180038b6c     libucrt:mbtowc.obj
 0004:00001b78       $pdata$__acrt_update_locale_info 0000000180038b78     libucrt:locale_update.obj
 0004:00001b84       $pdata$__acrt_update_multibyte_info 0000000180038b84     libucrt:locale_update.obj
 0004:00001b90       $pdata$__acrt_fp_format    0000000180038b90     libucrt:cvt.obj
 0004:00001b9c       $pdata$?fp_format_e_internal@@YAHQEAD_KH_NIQEAU_strflt@@2QEAU__crt_locale_pointers@@@Z 0000000180038b9c     libucrt:cvt.obj
 0004:00001ba8       $pdata$?fp_format_e@@YAHQEBNQEAD_K12H_NIQEAU__crt_locale_pointers@@@Z 0000000180038ba8     libucrt:cvt.obj
 0004:00001bb4       $pdata$?fp_format_a@@YAHQEBNPEAD_KQEAD2H_NIQEAU__crt_locale_pointers@@@Z 0000000180038bb4     libucrt:cvt.obj
 0004:00001bc0       $pdata$?fp_format_f_internal@@YAHQEAD_KHQEAU_strflt@@_NQEAU__crt_locale_pointers@@@Z 0000000180038bc0     libucrt:cvt.obj
 0004:00001bcc       $pdata$?fp_format_g@@YAHQEBNQEAD_K12H_NIQEAU__crt_locale_pointers@@@Z 0000000180038bcc     libucrt:cvt.obj
 0004:00001bd8       $pdata$_fileno             0000000180038bd8     libucrt:fileno.obj
 0004:00001be4       $pdata$__acrt_initialize_stdio 0000000180038be4     libucrt:_file.obj
 0004:00001bf0       $pdata$__acrt_uninitialize_stdio 0000000180038bf0     libucrt:_file.obj
 0004:00001bfc       $pdata$__acrt_uninitialize_locale 0000000180038bfc     libucrt:wsetlocale.obj
 0004:00001c08       $pdata$??$?RV<lambda_410d79af7f07d98d83a3f525b3859a53>@@AEAV<lambda_3e16ef9562a7dcce91392c22ab16ea36>@@V<lambda_38119f0e861e05405d8a144b9b982f0a>@@@?$__crt_seh_guarded_call@X@@QEAAX$$QEAV<lambda_410d79af7f07d98d83a3f525b3859a53>@@AEAV<lambda_3e16ef9562a7dcce91392c22ab16ea36>@@$$QEAV<lambda_38119f0e861e05405d8a144b9b982f0a>@@@Z 0000000180038c08     libucrt:wsetlocale.obj
 0004:00001c14       $pdata$?fin$0@?0???$?RV<lambda_410d79af7f07d98d83a3f525b3859a53>@@AEAV<lambda_3e16ef9562a7dcce91392c22ab16ea36>@@V<lambda_38119f0e861e05405d8a144b9b982f0a>@@@?$__crt_seh_guarded_call@X@@QEAAX$$QEAV<lambda_410d79af7f07d98d83a3f525b3859a53>@@AEAV<lambda_3e16ef9562a7dcce91392c22ab16ea36>@@$$QEAV<lambda_38119f0e861e05405d8a144b9b982f0a>@@@Z@4HA 0000000180038c14     libucrt:wsetlocale.obj
 0004:00001c20       $pdata$__acrt_initialize_lowio 0000000180038c20     libucrt:ioinit.obj
 0004:00001c2c       $pdata$__acrt_initialize_lowio$fin$0 0000000180038c2c     libucrt:ioinit.obj
 0004:00001c2c       $pdata$__acrt_lowio_ensure_fh_exists$fin$0 0000000180038c2c     libucrt:osfinfo.obj
 0004:00001c38       $pdata$__acrt_uninitialize_lowio 0000000180038c38     libucrt:ioinit.obj
 0004:00001c44       $pdata$?initialize_inherited_file_handles_nolock@@YAXXZ 0000000180038c44     libucrt:ioinit.obj
 0004:00001c50       $pdata$?initialize_stdio_handles_nolock@@YAXXZ 0000000180038c50     libucrt:ioinit.obj
 0004:00001c5c       $pdata$__acrt_initialize_locks 0000000180038c5c     libucrt:locks.obj
 0004:00001c68       $pdata$__acrt_uninitialize_locks 0000000180038c68     libucrt:locks.obj
 0004:00001c74       $pdata$__acrt_get_process_end_policy 0000000180038c74     libucrt:win_policies.obj
 0004:00001c80       $pdata$??$__acrt_mbs_to_wcs_cp@U__crt_win32_buffer_internal_dynamic_resizing@@@@YAHQEBDAEAV?$__crt_win32_buffer@_WU__crt_win32_buffer_internal_dynamic_resizing@@@@I@Z 0000000180038c80     libucrt:argv_wildcards.obj
 0004:00001c8c       $pdata$??$__acrt_wcs_to_mbs_cp@U__crt_win32_buffer_internal_dynamic_resizing@@@@YAHQEB_WAEAV?$__crt_win32_buffer@DU__crt_win32_buffer_internal_dynamic_resizing@@@@I@Z 0000000180038c8c     libucrt:argv_wildcards.obj
 0004:00001c98       $pdata$??$common_expand_argv_wildcards@D@@YAHQEAPEADQEAPEAPEAD@Z 0000000180038c98     libucrt:argv_wildcards.obj
 0004:00001ca4       $pdata$??$copy_and_add_argument_to_buffer@D@@YAHQEBD0_KAEAV?$argument_list@D@?A0x5f5c8891@@@Z 0000000180038ca4     libucrt:argv_wildcards.obj
 0004:00001cb0       $pdata$??$expand_argument_wildcards@D@@YAHQEAD0AEAV?$argument_list@D@?A0x5f5c8891@@@Z 0000000180038cb0     libucrt:argv_wildcards.obj
 0004:00001cbc       $pdata$__acrt_GetModuleFileNameA 0000000180038cbc     libucrt:getmodulefilenamea.obj
 0004:00001cc8       $pdata$??$__acrt_wcs_to_mbs_cp@U__crt_win32_buffer_no_resizing@@@@YAHQEB_WAEAV?$__crt_win32_buffer@DU__crt_win32_buffer_no_resizing@@@@I@Z 0000000180038cc8     libucrt:getmodulefilenamea.obj
 0004:00001cd4       $pdata$__acrt_update_thread_multibyte_data 0000000180038cd4     libucrt:mbctype.obj
 0004:00001ce0       $pdata$__acrt_initialize_multibyte 0000000180038ce0     libucrt:mbctype.obj
 0004:00001cec       $pdata$_setmbcp_nolock     0000000180038cec     libucrt:mbctype.obj
 0004:00001cf8       $pdata$?getSystemCP@@YAHH@Z 0000000180038cf8     libucrt:mbctype.obj
 0004:00001d04       $pdata$?setSBCS@@YAXPEAU__crt_multibyte_data@@@Z 0000000180038d04     libucrt:mbctype.obj
 0004:00001d10       $pdata$?update_thread_multibyte_data_internal@@YAPEAU__crt_multibyte_data@@QEAU__acrt_ptd@@QEAPEAU1@@Z 0000000180038d10     libucrt:mbctype.obj
 0004:00001d1c       $pdata$?fin$0@?0??update_thread_multibyte_data_internal@@YAPEAU__crt_multibyte_data@@QEAU__acrt_ptd@@QEAPEAU1@@Z@4HA 0000000180038d1c     libucrt:mbctype.obj
 0004:00001d28       $pdata$?setmbcp_internal@@YAHH_NQEAU__acrt_ptd@@QEAPEAU__crt_multibyte_data@@@Z 0000000180038d28     libucrt:mbctype.obj
 0004:00001d34       $pdata$?setSBUpLow@@YAXPEAU__crt_multibyte_data@@@Z 0000000180038d34     libucrt:mbctype.obj
 0004:00001d40       $pdata$??$?RV<lambda_efdfa57d1f175319df784efa44bb7b81>@@AEAV<lambda_5f0a4c1567f8adc6734073e5d1e1b35c>@@V<lambda_2e8a7d3640ea6ccb4c2413664c2db6fd>@@@?$__crt_seh_guarded_call@X@@QEAAX$$QEAV<lambda_efdfa57d1f175319df784efa44bb7b81>@@AEAV<lambda_5f0a4c1567f8adc6734073e5d1e1b35c>@@$$QEAV<lambda_2e8a7d3640ea6ccb4c2413664c2db6fd>@@@Z 0000000180038d40     libucrt:mbctype.obj
 0004:00001d4c       $pdata$?x_ismbbtype_l@@YAHPEAU__crt_locale_pointers@@IHH@Z 0000000180038d4c     libucrt:ismbbyte.obj
 0004:00001d58       $pdata$__acrt_initialize_command_line 0000000180038d58     libucrt:argv_data.obj
 0004:00001d64       $pdata$__acrt_WideCharToMultiByte 0000000180038d64     libucrt:widechartomultibyte.obj
 0004:00001d70       $pdata$__dcrt_get_narrow_environment_from_os 0000000180038d70     libucrt:get_environment_from_os.obj
 0004:00001d7c       $pdata$__acrt_initialize_heap 0000000180038d7c     libucrt:heap_handle.obj
 0004:00001d88       $pdata$__acrt_execute_initializers 0000000180038d88     libucrt:shared_initialization.obj
 0004:00001d94       $pdata$__acrt_execute_uninitializers 0000000180038d94     libucrt:shared_initialization.obj
 0004:00001da0       $pdata$__acrt_get_sigabrt_handler 0000000180038da0     libucrt:signal.obj
 0004:00001dac       $pdata$raise               0000000180038dac     libucrt:signal.obj
 0004:00001db8       $pdata$raise$fin$0         0000000180038db8     libucrt:signal.obj
 0004:00001dc4       $pdata$??$?RV<lambda_450d765d439847d4c735a33c368b5fc0>@@AEAV<lambda_44731a7d0e6d81c3e6aa82d741081786>@@V<lambda_601a2a7da3b7a96e9554ac7215c4b07c>@@@?$__crt_seh_guarded_call@P6AXH@Z@@QEAAP6AXH@Z$$QEAV<lambda_450d765d439847d4c735a33c368b5fc0>@@AEAV<lambda_44731a7d0e6d81c3e6aa82d741081786>@@$$QEAV<lambda_601a2a7da3b7a96e9554ac7215c4b07c>@@@Z 0000000180038dc4     libucrt:signal.obj
 0004:00001dd0       $pdata$_fflush_nolock      0000000180038dd0     libucrt:fflush.obj
 0004:00001ddc       $pdata$__acrt_stdio_flush_nolock 0000000180038ddc     libucrt:fflush.obj
 0004:00001de8       $pdata$?common_flush_all@@YAH_N@Z 0000000180038de8     libucrt:fflush.obj
 0004:00001df4       $pdata$??$?RV<lambda_842d9ff0dc9ef11c61343bbaebe7f885>@@AEAV<lambda_c5860995281e5c4ce005b3de8f5874ee>@@V<lambda_d90129c13df834fdcbf8d2b88dafcf2d>@@@?$__crt_seh_guarded_call@X@@QEAAX$$QEAV<lambda_842d9ff0dc9ef11c61343bbaebe7f885>@@AEAV<lambda_c5860995281e5c4ce005b3de8f5874ee>@@$$QEAV<lambda_d90129c13df834fdcbf8d2b88dafcf2d>@@@Z 0000000180038df4     libucrt:fflush.obj
 0004:00001e00       $pdata$?fin$0@?0???$?RV<lambda_842d9ff0dc9ef11c61343bbaebe7f885>@@AEAV<lambda_c5860995281e5c4ce005b3de8f5874ee>@@V<lambda_d90129c13df834fdcbf8d2b88dafcf2d>@@@?$__crt_seh_guarded_call@X@@QEAAX$$QEAV<lambda_842d9ff0dc9ef11c61343bbaebe7f885>@@AEAV<lambda_c5860995281e5c4ce005b3de8f5874ee>@@$$QEAV<lambda_d90129c13df834fdcbf8d2b88dafcf2d>@@@Z@4HA 0000000180038e00     libucrt:fflush.obj
 0004:00001e0c       $pdata$??$?RV<lambda_886d6c58226a84441f68b9f2b8217b83>@@AEAV<lambda_ab61a845afdef5b7c387490eaf3616ee>@@V<lambda_f7f22ab5edc0698d5f6905b0d3f44752>@@@?$__crt_seh_guarded_call@X@@QEAAX$$QEAV<lambda_886d6c58226a84441f68b9f2b8217b83>@@AEAV<lambda_ab61a845afdef5b7c387490eaf3616ee>@@$$QEAV<lambda_f7f22ab5edc0698d5f6905b0d3f44752>@@@Z 0000000180038e0c     libucrt:fflush.obj
 0004:00001e18       $pdata$?fin$0@?0???$?RV<lambda_886d6c58226a84441f68b9f2b8217b83>@@AEAV<lambda_ab61a845afdef5b7c387490eaf3616ee>@@V<lambda_f7f22ab5edc0698d5f6905b0d3f44752>@@@?$__crt_seh_guarded_call@X@@QEAAX$$QEAV<lambda_886d6c58226a84441f68b9f2b8217b83>@@AEAV<lambda_ab61a845afdef5b7c387490eaf3616ee>@@$$QEAV<lambda_f7f22ab5edc0698d5f6905b0d3f44752>@@@Z@4HA 0000000180038e18     libucrt:fflush.obj
 0004:00001e24       $pdata$__pctype_func       0000000180038e24     libucrt:ctype.obj
 0004:00001e30       $pdata$iswctype            0000000180038e30     libucrt:iswctype.obj
 0004:00001e3c       $pdata$__acrt_release_locale_ref 0000000180038e3c     libucrt:locale_refcounting.obj
 0004:00001e48       $pdata$__acrt_free_locale  0000000180038e48     libucrt:locale_refcounting.obj
 0004:00001e54       $pdata$__acrt_locale_free_lc_time_if_unreferenced 0000000180038e54     libucrt:locale_refcounting.obj
 0004:00001e60       $pdata$__acrt_update_thread_locale_data 0000000180038e60     libucrt:locale_refcounting.obj
 0004:00001e6c       $pdata$__acrt_update_thread_locale_data$fin$0 0000000180038e6c     libucrt:locale_refcounting.obj
 0004:00001e78       $pdata$_updatetlocinfoEx_nolock 0000000180038e78     libucrt:locale_refcounting.obj
 0004:00001e84       $pdata$__acrt_DownlevelLocaleNameToLCID 0000000180038e84     libucrt:lcidtoname_downlevel.obj
 0004:00001e90       $pdata$_isleadbyte_l       0000000180038e90     libucrt:_wctype.obj
 0004:00001e9c       $pdata$?__mbrtowc_utf8@__crt_mbstring@@YA_KPEA_WPEBD_KPEAU_Mbstatet@@@Z 0000000180038e9c     libucrt:mbrtowc.obj
 0004:00001ea8       $pdata$?__mbsrtowcs_utf8@__crt_mbstring@@YA_KPEA_WPEAPEBD_KPEAU_Mbstatet@@@Z 0000000180038ea8     libucrt:mbrtowc.obj
 0004:00001eb4       $pdata$__acrt_fp_strflt_to_string 0000000180038eb4     libucrt:_fptostr.obj
 0004:00001ec0       $pdata$memcpy_s            0000000180038ec0     libucrt:cfout.obj
 0004:00001ecc       $pdata$__acrt_fltout       0000000180038ecc     libucrt:cfout.obj
 0004:00001ed8       $pdata$?divide@__crt_strtox@@YA_KAEAUbig_integer@1@AEBU21@@Z 0000000180038ed8     libucrt:cfout.obj
 0004:00001ee4       $pdata$0$?divide@__crt_strtox@@YA_KAEAUbig_integer@1@AEBU21@@Z 0000000180038ee4     libucrt:cfout.obj
 0004:00001ef0       $pdata$1$?divide@__crt_strtox@@YA_KAEAUbig_integer@1@AEBU21@@Z 0000000180038ef0     libucrt:cfout.obj
 0004:00001efc       $pdata$_fcloseall          0000000180038efc     libucrt:closeall.obj
 0004:00001f08       $pdata$_fcloseall$fin$0    0000000180038f08     libucrt:closeall.obj
 0004:00001f14       $pdata$__acrt_stdio_free_buffer_nolock 0000000180038f14     libucrt:_freebuf.obj
 0004:00001f20       $pdata$_isatty             0000000180038f20     libucrt:isatty.obj
 0004:00001f2c       $pdata$__acrt_locale_free_monetary 0000000180038f2c     libucrt:initmon.obj
 0004:00001f38       $pdata$__acrt_locale_free_numeric 0000000180038f38     libucrt:initnum.obj
 0004:00001f44       $pdata$__acrt_locale_free_time 0000000180038f44     libucrt:inittime.obj
 0004:00001f50       $pdata$?free_crt_array_internal@@YAXQEAPEBX_K@Z 0000000180038f50     libucrt:inittime.obj
 0004:00001f5c       $pdata$__acrt_GetStringTypeA 0000000180038f5c     libucrt:getstringtypea.obj
 0004:00001f68       $pdata$_get_osfhandle      0000000180038f68     libucrt:osfinfo.obj
 0004:00001f74       $pdata$_free_osfhnd        0000000180038f74     libucrt:osfinfo.obj
 0004:00001f80       $pdata$__acrt_lowio_create_handle_array 0000000180038f80     libucrt:osfinfo.obj
 0004:00001f8c       $pdata$__acrt_lowio_destroy_handle_array 0000000180038f8c     libucrt:osfinfo.obj
 0004:00001f98       $pdata$__acrt_lowio_ensure_fh_exists 0000000180038f98     libucrt:osfinfo.obj
 0004:00001fa4       $pdata$qsort               0000000180038fa4     libucrt:qsort.obj
 0004:00001fb0       $pdata$4$qsort             0000000180038fb0     libucrt:qsort.obj
 0004:00001fbc       $pdata$5$qsort             0000000180038fbc     libucrt:qsort.obj
 0004:00001fc8       $pdata$strncpy_s           0000000180038fc8     libucrt:strncpy_s.obj
 0004:00001fd4       $pdata$strpbrk             0000000180038fd4     libucrt:strpbrk.obj
 0004:00001fe0       $pdata$fallbackMethod      0000000180038fe0     libucrt:strpbrk.obj
 0004:00001fec       $pdata$_mbsdec_l           0000000180038fec     libucrt:mbsdec.obj
 0004:00001ff8       $pdata$__acrt_LCMapStringA 0000000180038ff8     libucrt:lcmapstringa.obj
 0004:00002004       $pdata$?__acrt_LCMapStringA_stat@@YAHPEAU__crt_locale_pointers@@PEB_WKPEBDHPEADHHH@Z 0000000180039004     libucrt:lcmapstringa.obj
 0004:00002010       $pdata$?initialize_multibyte@@YAHXZ 0000000180039010     libucrt:multibyte_initializer.obj
 0004:0000201c       $pdata$_commit             000000018003901c     libucrt:commit.obj
 0004:00002028       $pdata$??$?RV<lambda_a37b2b86f63e897a80ea819b0eb08c01>@@AEAV<lambda_38ce7e780aa69e748d6df282ebc68efe>@@V<lambda_99fb1378e971ab6e7edea83e3a7a83a2>@@@?$__crt_seh_guarded_call@H@@QEAAH$$QEAV<lambda_a37b2b86f63e897a80ea819b0eb08c01>@@AEAV<lambda_38ce7e780aa69e748d6df282ebc68efe>@@$$QEAV<lambda_99fb1378e971ab6e7edea83e3a7a83a2>@@@Z 0000000180039028     libucrt:commit.obj
 0004:00002034       $pdata$?fin$0@?0???$?RV<lambda_751a882b2c74d4b022dec766aa51a29a>@@AEAV<lambda_628dfdc04ba53c8bfc02c9951375f3f5>@@V<lambda_f6c7be5f7998530c34de24c7437d6b54>@@@?$__crt_seh_guarded_call@H@@QEAAH$$QEAV<lambda_751a882b2c74d4b022dec766aa51a29a>@@AEAV<lambda_628dfdc04ba53c8bfc02c9951375f3f5>@@$$QEAV<lambda_f6c7be5f7998530c34de24c7437d6b54>@@@Z@4HA 0000000180039034     libucrt:close.obj
 0004:00002034       $pdata$?fin$0@?0???$?RV<lambda_a37b2b86f63e897a80ea819b0eb08c01>@@AEAV<lambda_38ce7e780aa69e748d6df282ebc68efe>@@V<lambda_99fb1378e971ab6e7edea83e3a7a83a2>@@@?$__crt_seh_guarded_call@H@@QEAAH$$QEAV<lambda_a37b2b86f63e897a80ea819b0eb08c01>@@AEAV<lambda_38ce7e780aa69e748d6df282ebc68efe>@@$$QEAV<lambda_99fb1378e971ab6e7edea83e3a7a83a2>@@@Z@4HA 0000000180039034     libucrt:commit.obj
 0004:00002040       $pdata$_write              0000000180039040     libucrt:write.obj
 0004:0000204c       $pdata$_write$fin$0        000000018003904c     libucrt:write.obj
 0004:00002058       $pdata$_write_nolock       0000000180039058     libucrt:write.obj
 0004:00002064       $pdata$?write_double_translated_ansi_nolock@@YA?AUwrite_result@?A0x17268360@@HQEBDI@Z 0000000180039064     libucrt:write.obj
 0004:00002070       $pdata$?write_text_ansi_nolock@@YA?AUwrite_result@?A0x17268360@@HQEBDI@Z 0000000180039070     libucrt:write.obj
 0004:0000207c       $pdata$?write_text_utf16le_nolock@@YA?AUwrite_result@?A0x17268360@@HQEBDI@Z 000000018003907c     libucrt:write.obj
 0004:00002088       $pdata$?write_text_utf8_nolock@@YA?AUwrite_result@?A0x17268360@@HQEBDI@Z 0000000180039088     libucrt:write.obj
 0004:00002094       $pdata$?__mbrtoc32_utf8@__crt_mbstring@@YA_KPEA_UPEBD_KPEAU_Mbstatet@@@Z 0000000180039094     libucrt:mbrtoc32.obj
 0004:000020a0       $pdata$fegetenv            00000001800390a0     libucrt:fegetenv.obj
 0004:000020ac       $pdata$fesetenv            00000001800390ac     libucrt:fesetenv.obj
 0004:000020b8       $pdata$feholdexcept        00000001800390b8     libucrt:feholdexcept.obj
 0004:000020d0       $pdata$??$common_lseek_nolock@_J@@YA_JH_JH@Z 00000001800390d0     libucrt:lseek.obj
 0004:000020dc       $pdata$fclose              00000001800390dc     libucrt:fclose.obj
 0004:000020e8       $pdata$fclose$fin$0        00000001800390e8     libucrt:fclose.obj
 0004:000020f4       $pdata$_fclose_nolock      00000001800390f4     libucrt:fclose.obj
 0004:00002100       $pdata$_putwch_nolock      0000000180039100     libucrt:putwch.obj
 0004:0000210c       $pdata$__acrt_fenv_set_control 000000018003910c     libucrt:_fenvutils.obj
 0004:00002118       $pdata$_clearfp            0000000180039118     libucrt:ieee.obj
 0004:00002124       $pdata$_call_matherr       0000000180039124     libucrt:libm_error.obj
 0004:00002130       $pdata$_exception_enabled  0000000180039130     libucrt:libm_error.obj
 0004:0000213c       $pdata$_handle_error       000000018003913c     libucrt:libm_error.obj
 0004:00002148       $pdata$__acrt_initialize_fma3 0000000180039148     libucrt:fma3_available.obj
 0004:00002154       $pdata$_log_special_common 0000000180039154     libucrt:log_special.obj
 0004:00002160       $pdata$_log10_special      0000000180039160     libucrt:log_special.obj
 0004:0000216c       $pdata$_close              000000018003916c     libucrt:close.obj
 0004:00002178       $pdata$_close_nolock       0000000180039178     libucrt:close.obj
 0004:00002184       $pdata$??$?RV<lambda_751a882b2c74d4b022dec766aa51a29a>@@AEAV<lambda_628dfdc04ba53c8bfc02c9951375f3f5>@@V<lambda_f6c7be5f7998530c34de24c7437d6b54>@@@?$__crt_seh_guarded_call@H@@QEAAH$$QEAV<lambda_751a882b2c74d4b022dec766aa51a29a>@@AEAV<lambda_628dfdc04ba53c8bfc02c9951375f3f5>@@$$QEAV<lambda_f6c7be5f7998530c34de24c7437d6b54>@@@Z 0000000180039184     libucrt:close.obj
 0004:00002190       $pdata$__dcrt_lowio_ensure_console_output_initialized 0000000180039190     libucrt:initcon.obj
 0004:0000219c       $pdata$__dcrt_write_console 000000018003919c     libucrt:initcon.obj
 0004:000021a8       $pdata$__dcrt_terminate_console_output 00000001800391a8     libucrt:initcon.obj
 0004:000021c0       $pdata$_set_errno_from_matherr 00000001800391c0     libucrt:fpexcept.obj
 0004:000021cc       $pdata$_raise_exc          00000001800391cc     libucrt:fpexcept.obj
 0004:000021d8       $pdata$_raise_exc_ex       00000001800391d8     libucrt:fpexcept.obj
 0004:000021e4       $pdata$_clrfp              00000001800391e4     libucrt:fpctrl.obj
 0004:000021f0       $pdata$_ctrlfp             00000001800391f0     libucrt:fpctrl.obj
 0004:000021fc       $pdata$_ctrlfp$filt$0      00000001800391fc     libucrt:fpctrl.obj
 0004:00002208       $pdata$_statfp             0000000180039208     libucrt:fpctrl.obj
 0004:00002214       $pdata$_set_statfp         0000000180039214     libucrt:fpctrl.obj
 0004:00002220       $pdata$_IsNonwritableInCurrentImage 0000000180039220     LIBCMT:pesect.obj
 0004:0000222c       $pdata$_IsNonwritableInCurrentImage$filt$0 000000018003922c     LIBCMT:pesect.obj
 0005:00000000       MoveSmall                  000000018003a000     libvcruntime:memcpy.obj
 0005:00000050       MsetTab                    000000018003a050     libvcruntime:memset.obj
 0006:00000220       $R000000                   000000018003b220     ElectronicValueRW.res
 0006:00000be0       $R0009C0                   000000018003bbe0     ElectronicValueRW.res
 0006:00000cc8       $R000AA8                   000000018003bcc8     ElectronicValueRW.res
 0006:00000f30       $R000D10                   000000018003bf30     ElectronicValueRW.res
 0006:00001470       $R001250                   000000018003c470     ElectronicValueRW.res
 0006:00007f50       $R007D30                   0000000180042f50     ElectronicValueRW.res
 0006:00007f98       $R007D78                   0000000180042f98     ElectronicValueRW.res
