 OPOSFiscalPrinter

 Timestamp is 61a75891 (Wed Dec  1 20:12:17 2021)

 Preferred load address is 0000000180000000

 Start         Length     Name                   Class
 0001:00000000 000000c0H .text$di                CODE
 0001:000000c0 00027470H .text$mn                CODE
 0001:00027530 00000040H .text$mn$00             CODE
 0001:00027570 00000660H .text$x                 CODE
 0001:00027bd0 00000078H .text$yd                CODE
 0002:00000000 00000638H .idata$5                DATA
 0002:00000638 00000030H .00cfg                  DATA
 0002:00000668 00000008H .CRT$XCA                DATA
 0002:00000670 00000008H .CRT$XCL                DATA
 0002:00000678 00000020H .CRT$XCU                DATA
 0002:00000698 00000008H .CRT$XCZ                DATA
 0002:000006a0 00000008H .CRT$XIA                DATA
 0002:000006a8 00000020H .CRT$XIC                DATA
 0002:000006c8 00000008H .CRT$XIZ                DATA
 0002:000006d0 00000008H .CRT$XLA                DATA
 0002:000006d8 00000008H .CRT$XLZ                DATA
 0002:000006e0 00000008H .CRT$XPA                DATA
 0002:000006e8 00000010H .CRT$XPX                DATA
 0002:000006f8 00000008H .CRT$XPXA               DATA
 0002:00000700 00000008H .CRT$XPZ                DATA
 0002:00000708 00000008H .CRT$XTA                DATA
 0002:00000710 00000010H .CRT$XTZ                DATA
 0002:00000718 00000000H .gehcont$y              DATA
 0002:00000718 00000000H .gfids$y                DATA
 0002:00000720 0000b360H .rdata                  DATA
 0002:0000ba80 00000000H .rdata$CastGuardVftablesA DATA
 0002:0000ba80 00000000H .rdata$CastGuardVftablesC DATA
 0002:0000ba80 00000028H .rdata$T                DATA
 0002:0000baa8 00000274H .rdata$r                DATA
 0002:0000bd1c 00000048H .rdata$voltmd           DATA
 0002:0000bd64 0000043cH .rdata$zzzdbg           DATA
 0002:0000c1a0 00000008H .rtc$IAA                DATA
 0002:0000c1a8 00000008H .rtc$IZZ                DATA
 0002:0000c1b0 00000008H .rtc$TAA                DATA
 0002:0000c1b8 00000008H .rtc$TZZ                DATA
 0002:0000c1c0 00000004H .tls                    DATA
 0002:0000c1c4 00000004H .tls$                   DATA
 0002:0000c1c8 00000008H .tls$ZZZ                DATA
 0002:0000c1d0 00001998H .xdata                  DATA
 0002:0000db68 00000150H .xdata$x                DATA
 0002:0000dcb8 00000008H ATL$__a                 DATA
 0002:0000dcc0 00000010H ATL$__z                 DATA
 0002:0000dcd0 000000b0H .edata                  DATA
 0002:0000dd80 00000078H .idata$2                DATA
 0002:0000ddf8 00000018H .idata$3                DATA
 0002:0000de10 00000638H .idata$4                DATA
 0002:0000e448 00000c5cH .idata$6                DATA
 0003:00000000 00000f88H .data                   DATA
 0003:00000f88 000000a8H .data$r                 DATA
 0003:00001030 00000020H .data$rs                DATA
 0003:00001050 000013ecH .bss                    DATA
 0004:00000000 000025f8H .pdata                  DATA
 0005:00000000 000000f4H _RDATA                  DATA
 0006:00000000 00000220H .rsrc$01                DATA
 0006:00000220 00009878H .rsrc$02                DATA

  Address         Publics by Value              Rva+Base               Lib:Object

 0000:00000000       ___safe_se_handler_table   0000000000000000     <absolute>
 0000:00000000       __arm64x_redirection_metadata 0000000000000000     <absolute>
 0000:00000000       __guard_longjmp_table      0000000000000000     <absolute>
 0000:00000000       __guard_iat_table          0000000000000000     <absolute>
 0000:00000000       __x64_code_ranges_to_entry_points 0000000000000000     <absolute>
 0000:00000000       __guard_fids_count         0000000000000000     <absolute>
 0000:00000000       __guard_iat_count          0000000000000000     <absolute>
 0000:00000000       __guard_longjmp_count      0000000000000000     <absolute>
 0000:00000000       __arm64x_extra_rfe_table   0000000000000000     <absolute>
 0000:00000000       __dynamic_value_reloc_table 0000000000000000     <absolute>
 0000:00000000       __x64_code_ranges_to_entry_points_count 0000000000000000     <absolute>
 0000:00000000       __hybrid_auxiliary_iat     0000000000000000     <absolute>
 0000:00000000       __hybrid_auxiliary_iat_copy 0000000000000000     <absolute>
 0000:00000000       __hybrid_code_map          0000000000000000     <absolute>
 0000:00000000       __arm64x_extra_rfe_table_size 0000000000000000     <absolute>
 0000:00000000       ___safe_se_handler_count   0000000000000000     <absolute>
 0000:00000000       __AbsoluteZero             0000000000000000     <absolute>
 0000:00000000       __guard_check_icall_a64n_fptr 0000000000000000     <absolute>
 0000:00000000       __guard_fids_table         0000000000000000     <absolute>
 0000:00000000       __guard_eh_cont_count      0000000000000000     <absolute>
 0000:00000000       __arm64x_redirection_metadata_count 0000000000000000     <absolute>
 0000:00000000       __enclave_config           0000000000000000     <absolute>
 0000:00000000       __guard_eh_cont_table      0000000000000000     <absolute>
 0000:00000000       __arm64x_native_entrypoint 0000000000000000     <absolute>
 0000:00000000       __hybrid_code_map_count    0000000000000000     <absolute>
 0000:00000100       __guard_flags              0000000000000100     <absolute>
 0000:00000000       __ImageBase                0000000180000000     <linker-defined>
 0001:000000c0       ?DupWide@_CW@@AEAAXXZ      00000001800010c0 f   CWString.obj
 0001:000000e8       ?cw_dup@@YAXPEBDAEAHAEAPEA_W1@Z 00000001800010e8 f   CWString.obj
 0001:000001c8       ?cw_memcpy@@YAHPEA_WPEBDH@Z 00000001800011c8 f   CWString.obj
 0001:00000214       ?cw_strcpy@@YAHPEA_WPEBD@Z 0000000180001214 f   CWString.obj
 0001:00000228       ??0CAtlComModule@ATL@@QEAA@XZ 0000000180001228 f i OposVariant.obj
 0001:000002a8       ??0CAtlWinModule@ATL@@QEAA@XZ 00000001800012a8 f i OposVariant.obj
 0001:00000314       ??0OposDispParms@@QEAA@PEAVOposVariant@@H@Z 0000000180001314 f   OposVariant.obj
 0001:000003bc       ??1OposDispParms@@QEAA@XZ  00000001800013bc f   OposVariant.obj
 0001:000003d4       ??_Estringdispid@CComTypeInfoHolder@ATL@@QEAAPEAXI@Z 00000001800013d4 f i OposVariant.obj
 0001:00000478       ?AtlWinModuleTerm@ATL@@YAJPEAU_ATL_WIN_MODULE70@1@PEAUHINSTANCE__@@@Z 0000000180001478 f i OposVariant.obj
 0001:00000528       ?ChangeBSTR@OposVariant@@QEAAXPEAPEA_WAEAJ@Z 0000000180001528 f   OposVariant.obj
 0001:00000588       ?ChangeLONG@OposVariant@@QEAAXPEAJAEAJ@Z 0000000180001588 f   OposVariant.obj
 0001:000005e4       ?GetLONG@OposVariant@@QEAAJXZ 00000001800015e4 f   OposVariant.obj
 0001:00000608       ?SetBSTR@OposVariant@@QEAAXPEA_WAEAJ@Z 0000000180001608 f   OposVariant.obj
 0001:00000648       ?SetBSTR_Copy@OposVariant@@QEAAXPEA_WAEAJ@Z 0000000180001648 f   OposVariant.obj
 0001:000006b8       ?SetBSTR_InOutPtr@OposVariant@@QEAA_NPEAPEA_WAEAJ@Z 00000001800016b8 f   OposVariant.obj
 0001:00000708       ?SetBSTR_OutPtr@OposVariant@@QEAA_NPEAPEA_WAEAJ@Z 0000000180001708 f   OposVariant.obj
 0001:00000724       ?SetCURRENCY@OposVariant@@QEAAXTtagCY@@@Z 0000000180001724 f   OposVariant.obj
 0001:00000758       ?SetDispatch_Ptr@OposVariant@@QEAAXPEAUIDispatch@@AEAJ@Z 0000000180001758 f   OposVariant.obj
 0001:000007b0       ?SetLONG@OposVariant@@QEAAXJ@Z 00000001800017b0 f   OposVariant.obj
 0001:000007e0       ?SetLONG_Ptr@OposVariant@@QEAAXPEAJAEAJ@Z 00000001800017e0 f   OposVariant.obj
 0001:0000082c       ?SetString@OposVariant@@QEAAXPEB_WAEAJ@Z 000000018000182c f   OposVariant.obj
 0001:00000890       ?SetVARIANT_BOOL@OposVariant@@QEAAXF@Z 0000000180001890 f   OposVariant.obj
 0001:000008c8       ?Term@CAtlComModule@ATL@@QEAAXXZ 00000001800018c8 f i OposVariant.obj
 0001:00000938       ?_AtlInitializeCriticalSectionEx@ATL@@YAHPEAU_RTL_CRITICAL_SECTION@@KK@Z 0000000180001938 f i OposVariant.obj
 0001:00000940       ?_AtlRaiseException@ATL@@YAXKK@Z 0000000180001940 f i OposVariant.obj
 0001:00000950       ?AddRef@?$CComAggObject@VCOPOSFiscalPrinter@@@ATL@@UEAAKXZ 0000000180001950 f i FiscalPrinter.obj
 0001:0000095c       ?Release@?$CComAggObject@VCOPOSFiscalPrinter@@@ATL@@UEAAKXZ 000000018000195c f i FiscalPrinter.obj
 0001:000009b0       ?QueryInterface@?$CComAggObject@VCOPOSFiscalPrinter@@@ATL@@UEAAJAEBU_GUID@@PEAPEAX@Z 00000001800019b0 f i FiscalPrinter.obj
 0001:00000a10       ?AddRef@?$CComContainedObject@VCOPOSFiscalPrinter@@@ATL@@UEAAKXZ 0000000180001a10 f i FiscalPrinter.obj
 0001:00000a20       ?Release@?$CComContainedObject@VCOPOSFiscalPrinter@@@ATL@@UEAAKXZ 0000000180001a20 f i FiscalPrinter.obj
 0001:00000a30       ?QueryInterface@?$CComContainedObject@VCOPOSFiscalPrinter@@@ATL@@UEAAJAEBU_GUID@@PEAPEAX@Z 0000000180001a30 f i FiscalPrinter.obj
 0001:00000a40       ??_E?$CComAggObject@VCOPOSFiscalPrinter@@@ATL@@UEAAPEAXI@Z 0000000180001a40 f i FiscalPrinter.obj
 0001:00000a40       ??_G?$CComAggObject@VCOPOSFiscalPrinter@@@ATL@@UEAAPEAXI@Z 0000000180001a40 f i FiscalPrinter.obj
 0001:00000a98       ?AddRef@?$CComObject@VCOPOSFiscalPrinter@@@ATL@@UEAAKXZ 0000000180001a98 f i FiscalPrinter.obj
 0001:00000aa8       ?Release@?$CComObject@VCOPOSFiscalPrinter@@@ATL@@UEAAKXZ 0000000180001aa8 f i FiscalPrinter.obj
 0001:00000b00       ?QueryInterface@?$CComObject@VCOPOSFiscalPrinter@@@ATL@@UEAAJAEBU_GUID@@PEAPEAX@Z 0000000180001b00 f i FiscalPrinter.obj
 0001:00000b14       _guard_check_icall_nop     0000000180001b14 f i LIBCMT:guard_support.obj
 0001:00000b14       ?ObjectMain@CComObjectRootBase@ATL@@SAX_N@Z 0000000180001b14 f i FiscalPrinter.obj
 0001:00000b14       ?OnFinalMessage@?$CWindowImplBaseT@VCWindow@ATL@@V?$CWinTraits@$0FGAAAAAA@$0A@@2@@ATL@@UEAAXPEAUHWND__@@@Z 0000000180001b14 f i FiscalPrinter.obj
 0001:00000b18       ?EnableModeless@?$IOleInPlaceActiveObjectImpl@VCOPOSFiscalPrinter@@@ATL@@UEAAJH@Z 0000000180001b18 f i FiscalPrinter.obj
 0001:00000b18       ?ResizeBorder@?$IOleInPlaceActiveObjectImpl@VCOPOSFiscalPrinter@@@ATL@@UEAAJPEBUtagRECT@@PEAUIOleInPlaceUIWindow@@H@Z 0000000180001b18 f i FiscalPrinter.obj
 0001:00000b18       ?HandsOffStorage@?$IPersistStorageImpl@VCOPOSFiscalPrinter@@@ATL@@UEAAJXZ 0000000180001b18 f i FiscalPrinter.obj
 0001:00000b18       ?IsUpToDate@?$IOleObjectImpl@VCOPOSFiscalPrinter@@@ATL@@UEAAJXZ 0000000180001b18 f i FiscalPrinter.obj
 0001:00000b18       ?SaveCompleted@?$IPersistStorageImpl@VCOPOSFiscalPrinter@@@ATL@@UEAAJPEAUIStorage@@@Z 0000000180001b18 f i FiscalPrinter.obj
 0001:00000b18       ?OnAmbientPropertyChange@?$IOleControlImpl@VCOPOSFiscalPrinter@@@ATL@@UEAAJJ@Z 0000000180001b18 f i FiscalPrinter.obj
 0001:00000b18       ?Release@CRegObject@ATL@@UEAAKXZ 0000000180001b18 f i FiscalPrinter.obj
 0001:00000b18       ?GetObjectDescription@?$CComCoClass@VCOPOSFiscalPrinter@@$1?CLSID_OPOSFiscalPrinter@@3U_GUID@@B@ATL@@SAPEB_WXZ 0000000180001b18 f i FiscalPrinter.obj
 0001:00000b18       ?GetCategoryMap@CComObjectRootBase@ATL@@SAPEBU_ATL_CATMAP_ENTRY@2@XZ 0000000180001b18 f i FiscalPrinter.obj
 0001:00000b18       ?OnFrameWindowActivate@?$IOleInPlaceActiveObjectImpl@VCOPOSFiscalPrinter@@@ATL@@UEAAJH@Z 0000000180001b18 f i FiscalPrinter.obj
 0001:00000b18       ?SetHostNames@?$IOleObjectImpl@VCOPOSFiscalPrinter@@@ATL@@UEAAJPEB_W0@Z 0000000180001b18 f i FiscalPrinter.obj
 0001:00000b18       ?Update@?$IOleObjectImpl@VCOPOSFiscalPrinter@@@ATL@@UEAAJXZ 0000000180001b18 f i FiscalPrinter.obj
 0001:00000b1c       ?CreateInstance@CComClassFactory@ATL@@UEAAJPEAUIUnknown@@AEBU_GUID@@PEAPEAX@Z 0000000180001b1c f i FiscalPrinter.obj
 0001:00000b7c       ?LockServer@CComClassFactory@ATL@@UEAAJH@Z 0000000180001b7c f i FiscalPrinter.obj
 0001:00000ba0       ??_GCComClassFactory@ATL@@UEAAPEAXI@Z 0000000180001ba0 f i FiscalPrinter.obj
 0001:00000ba0       ??_ECComClassFactory@ATL@@UEAAPEAXI@Z 0000000180001ba0 f i FiscalPrinter.obj
 0001:00000bf0       ?Next@?$CComEnumImpl@UIEnumConnections@@$1?_GUID_b196b287_bab4_101a_b69c_00aa00341d07@@3U__s_GUID@@BUtagCONNECTDATA@@V?$_Copy@UtagCONNECTDATA@@@ATL@@@ATL@@UEAAJKPEAUtagCONNECTDATA@@PEAK@Z 0000000180001bf0 f i FiscalPrinter.obj
 0001:00000cb8       ?Skip@?$CComEnumImpl@UIEnumConnections@@$1?_GUID_b196b287_bab4_101a_b69c_00aa00341d07@@3U__s_GUID@@BUtagCONNECTDATA@@V?$_Copy@UtagCONNECTDATA@@@ATL@@@ATL@@UEAAJK@Z 0000000180001cb8 f i FiscalPrinter.obj
 0001:00000ce4       ?Reset@?$CComEnumImpl@UIEnumConnections@@$1?_GUID_b196b287_bab4_101a_b69c_00aa00341d07@@3U__s_GUID@@BUtagCONNECTDATA@@V?$_Copy@UtagCONNECTDATA@@@ATL@@@ATL@@UEAAJXZ 0000000180001ce4 f i FiscalPrinter.obj
 0001:00000ce4       ?Reset@?$CComEnumImpl@UIEnumConnectionPoints@@$1?_GUID_b196b285_bab4_101a_b69c_00aa00341d07@@3U__s_GUID@@BPEAUIConnectionPoint@@V?$_CopyInterface@UIConnectionPoint@@@ATL@@@ATL@@UEAAJXZ 0000000180001ce4 f i FiscalPrinter.obj
 0001:00000cf0       ?Clone@?$CComEnumImpl@UIEnumConnections@@$1?_GUID_b196b287_bab4_101a_b69c_00aa00341d07@@3U__s_GUID@@BUtagCONNECTDATA@@V?$_Copy@UtagCONNECTDATA@@@ATL@@@ATL@@UEAAJPEAPEAUIEnumConnections@@@Z 0000000180001cf0 f i FiscalPrinter.obj
 0001:00000e1c       ?AddRef@?$CComObject@V?$CComEnum@UIEnumConnections@@$1?_GUID_b196b287_bab4_101a_b69c_00aa00341d07@@3U__s_GUID@@BUtagCONNECTDATA@@V?$_Copy@UtagCONNECTDATA@@@ATL@@VCComSingleThreadModel@6@@ATL@@@ATL@@UEAAKXZ 0000000180001e1c f i FiscalPrinter.obj
 0001:00000e1c       ?AddRef@?$CComObject@V?$CComEnum@UIEnumConnectionPoints@@$1?_GUID_b196b285_bab4_101a_b69c_00aa00341d07@@3U__s_GUID@@BPEAUIConnectionPoint@@V?$_CopyInterface@UIConnectionPoint@@@ATL@@VCComSingleThreadModel@6@@ATL@@@ATL@@UEAAKXZ 0000000180001e1c f i FiscalPrinter.obj
 0001:00000e28       ?Release@?$CComObject@V?$CComEnum@UIEnumConnectionPoints@@$1?_GUID_b196b285_bab4_101a_b69c_00aa00341d07@@3U__s_GUID@@BPEAUIConnectionPoint@@V?$_CopyInterface@UIConnectionPoint@@@ATL@@VCComSingleThreadModel@6@@ATL@@@ATL@@UEAAKXZ 0000000180001e28 f i FiscalPrinter.obj
 0001:00000e28       ?Release@?$CComObject@V?$CComEnum@UIEnumConnections@@$1?_GUID_b196b287_bab4_101a_b69c_00aa00341d07@@3U__s_GUID@@BUtagCONNECTDATA@@V?$_Copy@UtagCONNECTDATA@@@ATL@@VCComSingleThreadModel@6@@ATL@@@ATL@@UEAAKXZ 0000000180001e28 f i FiscalPrinter.obj
 0001:00000e7c       ?QueryInterface@?$CComObject@V?$CComEnum@UIEnumConnections@@$1?_GUID_b196b287_bab4_101a_b69c_00aa00341d07@@3U__s_GUID@@BUtagCONNECTDATA@@V?$_Copy@UtagCONNECTDATA@@@ATL@@VCComSingleThreadModel@6@@ATL@@@ATL@@UEAAJAEBU_GUID@@PEAPEAX@Z 0000000180001e7c f i FiscalPrinter.obj
 0001:00000e90       ??_G?$CComObject@V?$CComEnum@UIEnumConnections@@$1?_GUID_b196b287_bab4_101a_b69c_00aa00341d07@@3U__s_GUID@@BUtagCONNECTDATA@@V?$_Copy@UtagCONNECTDATA@@@ATL@@VCComSingleThreadModel@6@@ATL@@@ATL@@UEAAPEAXI@Z 0000000180001e90 f i FiscalPrinter.obj
 0001:00000e90       ??_E?$CComObject@V?$CComEnum@UIEnumConnections@@$1?_GUID_b196b287_bab4_101a_b69c_00aa00341d07@@3U__s_GUID@@BUtagCONNECTDATA@@V?$_Copy@UtagCONNECTDATA@@@ATL@@VCComSingleThreadModel@6@@ATL@@@ATL@@UEAAPEAXI@Z 0000000180001e90 f i FiscalPrinter.obj
 0001:00000ee8       ?GetWindowProc@?$CWindowImplBaseT@VCWindow@ATL@@V?$CWinTraits@$0FGAAAAAA@$0A@@2@@ATL@@UEAAP6A_JPEAUHWND__@@I_K_J@ZXZ 0000000180001ee8 f i FiscalPrinter.obj
 0001:00000ef0       ?StartWindowProc@?$CWindowImplBaseT@VCWindow@ATL@@V?$CWinTraits@$0FGAAAAAA@$0A@@2@@ATL@@SA_JPEAUHWND__@@I_K_J@Z 0000000180001ef0 f i FiscalPrinter.obj
 0001:00000fa4       ??_E?$CComObject@VCOPOSFiscalPrinter@@@ATL@@W7EAAPEAXI@Z 0000000180001fa4 f i FiscalPrinter.obj
 0001:00000fb0       ??_E?$CComObject@VCOPOSFiscalPrinter@@@ATL@@WHA@EAAPEAXI@Z 0000000180001fb0 f i FiscalPrinter.obj
 0001:00000fbc       ?QueryInterface@?$CComObject@VCOPOSFiscalPrinter@@@ATL@@WLI@EAAJAEBU_GUID@@PEAPEAX@Z 0000000180001fbc f i FiscalPrinter.obj
 0001:00000fc8       ?AddRef@?$CComObject@VCOPOSFiscalPrinter@@@ATL@@WLI@EAAKXZ 0000000180001fc8 f i FiscalPrinter.obj
 0001:00000fd4       ?Release@?$CComObject@VCOPOSFiscalPrinter@@@ATL@@WLI@EAAKXZ 0000000180001fd4 f i FiscalPrinter.obj
 0001:00000fe0       ?QueryInterface@?$CComObject@VCOPOSFiscalPrinter@@@ATL@@WMA@EAAJAEBU_GUID@@PEAPEAX@Z 0000000180001fe0 f i FiscalPrinter.obj
 0001:00000fec       ?AddRef@?$CComObject@VCOPOSFiscalPrinter@@@ATL@@WMA@EAAKXZ 0000000180001fec f i FiscalPrinter.obj
 0001:00000ff8       ?Release@?$CComObject@VCOPOSFiscalPrinter@@@ATL@@WMA@EAAKXZ 0000000180001ff8 f i FiscalPrinter.obj
 0001:00001004       ?QueryInterface@?$CComObject@VCOPOSFiscalPrinter@@@ATL@@WMI@EAAJAEBU_GUID@@PEAPEAX@Z 0000000180002004 f i FiscalPrinter.obj
 0001:00001010       ?AddRef@?$CComObject@VCOPOSFiscalPrinter@@@ATL@@WMI@EAAKXZ 0000000180002010 f i FiscalPrinter.obj
 0001:0000101c       ?Release@?$CComObject@VCOPOSFiscalPrinter@@@ATL@@WMI@EAAKXZ 000000018000201c f i FiscalPrinter.obj
 0001:00001028       ?QueryInterface@?$CComObject@VCOPOSFiscalPrinter@@@ATL@@WNA@EAAJAEBU_GUID@@PEAPEAX@Z 0000000180002028 f i FiscalPrinter.obj
 0001:00001034       ?AddRef@?$CComObject@VCOPOSFiscalPrinter@@@ATL@@WNA@EAAKXZ 0000000180002034 f i FiscalPrinter.obj
 0001:00001040       ?Release@?$CComObject@VCOPOSFiscalPrinter@@@ATL@@WNA@EAAKXZ 0000000180002040 f i FiscalPrinter.obj
 0001:0000104c       ?QueryInterface@?$CComObject@VCOPOSFiscalPrinter@@@ATL@@WNI@EAAJAEBU_GUID@@PEAPEAX@Z 000000018000204c f i FiscalPrinter.obj
 0001:00001058       ?AddRef@?$CComObject@VCOPOSFiscalPrinter@@@ATL@@WNI@EAAKXZ 0000000180002058 f i FiscalPrinter.obj
 0001:00001064       ?Release@?$CComObject@VCOPOSFiscalPrinter@@@ATL@@WNI@EAAKXZ 0000000180002064 f i FiscalPrinter.obj
 0001:00001070       ?QueryInterface@?$CComObject@VCOPOSFiscalPrinter@@@ATL@@WOA@EAAJAEBU_GUID@@PEAPEAX@Z 0000000180002070 f i FiscalPrinter.obj
 0001:0000107c       ?AddRef@?$CComObject@VCOPOSFiscalPrinter@@@ATL@@WOA@EAAKXZ 000000018000207c f i FiscalPrinter.obj
 0001:00001088       ?Release@?$CComObject@VCOPOSFiscalPrinter@@@ATL@@WOA@EAAKXZ 0000000180002088 f i FiscalPrinter.obj
 0001:00001094       ?QueryInterface@?$CComObject@VCOPOSFiscalPrinter@@@ATL@@WOI@EAAJAEBU_GUID@@PEAPEAX@Z 0000000180002094 f i FiscalPrinter.obj
 0001:000010a0       ?AddRef@?$CComObject@VCOPOSFiscalPrinter@@@ATL@@WOI@EAAKXZ 00000001800020a0 f i FiscalPrinter.obj
 0001:000010ac       ?Release@?$CComObject@VCOPOSFiscalPrinter@@@ATL@@WOI@EAAKXZ 00000001800020ac f i FiscalPrinter.obj
 0001:000010b8       ?QueryInterface@?$CComObject@VCOPOSFiscalPrinter@@@ATL@@WPA@EAAJAEBU_GUID@@PEAPEAX@Z 00000001800020b8 f i FiscalPrinter.obj
 0001:000010c4       ?AddRef@?$CComObject@VCOPOSFiscalPrinter@@@ATL@@WPA@EAAKXZ 00000001800020c4 f i FiscalPrinter.obj
 0001:000010d0       ?Release@?$CComObject@VCOPOSFiscalPrinter@@@ATL@@WPA@EAAKXZ 00000001800020d0 f i FiscalPrinter.obj
 0001:000010dc       ?QueryInterface@?$CComObject@VCOPOSFiscalPrinter@@@ATL@@WPI@EAAJAEBU_GUID@@PEAPEAX@Z 00000001800020dc f i FiscalPrinter.obj
 0001:000010e8       ?AddRef@?$CComObject@VCOPOSFiscalPrinter@@@ATL@@WPI@EAAKXZ 00000001800020e8 f i FiscalPrinter.obj
 0001:000010f4       ?Release@?$CComObject@VCOPOSFiscalPrinter@@@ATL@@WPI@EAAKXZ 00000001800020f4 f i FiscalPrinter.obj
 0001:00001100       ?QueryInterface@?$CComObject@VCOPOSFiscalPrinter@@@ATL@@WBAA@EAAJAEBU_GUID@@PEAPEAX@Z 0000000180002100 f i FiscalPrinter.obj
 0001:0000110c       ?AddRef@?$CComObject@VCOPOSFiscalPrinter@@@ATL@@WBAA@EAAKXZ 000000018000210c f i FiscalPrinter.obj
 0001:00001118       ?Release@?$CComObject@VCOPOSFiscalPrinter@@@ATL@@WBAA@EAAKXZ 0000000180002118 f i FiscalPrinter.obj
 0001:00001124       ?QueryInterface@?$CComObject@VCOPOSFiscalPrinter@@@ATL@@WBAI@EAAJAEBU_GUID@@PEAPEAX@Z 0000000180002124 f i FiscalPrinter.obj
 0001:00001130       ?AddRef@?$CComObject@VCOPOSFiscalPrinter@@@ATL@@WBAI@EAAKXZ 0000000180002130 f i FiscalPrinter.obj
 0001:0000113c       ?Release@?$CComObject@VCOPOSFiscalPrinter@@@ATL@@WBAI@EAAKXZ 000000018000213c f i FiscalPrinter.obj
 0001:00001148       ?QueryInterface@?$CComObject@VCOPOSFiscalPrinter@@@ATL@@WBBA@EAAJAEBU_GUID@@PEAPEAX@Z 0000000180002148 f i FiscalPrinter.obj
 0001:00001154       ?AddRef@?$CComObject@VCOPOSFiscalPrinter@@@ATL@@WBBA@EAAKXZ 0000000180002154 f i FiscalPrinter.obj
 0001:00001160       ?Release@?$CComObject@VCOPOSFiscalPrinter@@@ATL@@WBBA@EAAKXZ 0000000180002160 f i FiscalPrinter.obj
 0001:0000116c       ?QueryInterface@?$CComObject@VCOPOSFiscalPrinter@@@ATL@@WBBI@EAAJAEBU_GUID@@PEAPEAX@Z 000000018000216c f i FiscalPrinter.obj
 0001:00001178       ?AddRef@?$CComObject@VCOPOSFiscalPrinter@@@ATL@@WBBI@EAAKXZ 0000000180002178 f i FiscalPrinter.obj
 0001:00001184       ?Release@?$CComObject@VCOPOSFiscalPrinter@@@ATL@@WBBI@EAAKXZ 0000000180002184 f i FiscalPrinter.obj
 0001:00001190       ?AddRef@?$CComObject@VCOPOSFiscalPrinter@@@ATL@@WBCI@EAAKXZ 0000000180002190 f i FiscalPrinter.obj
 0001:0000119c       ?Release@?$CComObject@VCOPOSFiscalPrinter@@@ATL@@WBCI@EAAKXZ 000000018000219c f i FiscalPrinter.obj
 0001:000011a8       ?AddRef@?$CComObject@VCOPOSFiscalPrinter@@@ATL@@WBEA@EAAKXZ 00000001800021a8 f i FiscalPrinter.obj
 0001:000011b4       ?Release@?$CComObject@VCOPOSFiscalPrinter@@@ATL@@WBEA@EAAKXZ 00000001800021b4 f i FiscalPrinter.obj
 0001:000011c0       ??_E?$CComContainedObject@VCOPOSFiscalPrinter@@@ATL@@W7EAAPEAXI@Z 00000001800021c0 f i FiscalPrinter.obj
 0001:000011cc       ??_E?$CComContainedObject@VCOPOSFiscalPrinter@@@ATL@@WHA@EAAPEAXI@Z 00000001800021cc f i FiscalPrinter.obj
 0001:000011d8       ?QueryInterface@?$CComContainedObject@VCOPOSFiscalPrinter@@@ATL@@WLI@EAAJAEBU_GUID@@PEAPEAX@Z 00000001800021d8 f i FiscalPrinter.obj
 0001:000011e4       ?AddRef@?$CComContainedObject@VCOPOSFiscalPrinter@@@ATL@@WLI@EAAKXZ 00000001800021e4 f i FiscalPrinter.obj
 0001:000011f0       ?Release@?$CComContainedObject@VCOPOSFiscalPrinter@@@ATL@@WLI@EAAKXZ 00000001800021f0 f i FiscalPrinter.obj
 0001:000011fc       ?QueryInterface@?$CComContainedObject@VCOPOSFiscalPrinter@@@ATL@@WMA@EAAJAEBU_GUID@@PEAPEAX@Z 00000001800021fc f i FiscalPrinter.obj
 0001:00001208       ?AddRef@?$CComContainedObject@VCOPOSFiscalPrinter@@@ATL@@WMA@EAAKXZ 0000000180002208 f i FiscalPrinter.obj
 0001:00001214       ?Release@?$CComContainedObject@VCOPOSFiscalPrinter@@@ATL@@WMA@EAAKXZ 0000000180002214 f i FiscalPrinter.obj
 0001:00001220       ?QueryInterface@?$CComContainedObject@VCOPOSFiscalPrinter@@@ATL@@WMI@EAAJAEBU_GUID@@PEAPEAX@Z 0000000180002220 f i FiscalPrinter.obj
 0001:0000122c       ?AddRef@?$CComContainedObject@VCOPOSFiscalPrinter@@@ATL@@WMI@EAAKXZ 000000018000222c f i FiscalPrinter.obj
 0001:00001238       ?Release@?$CComContainedObject@VCOPOSFiscalPrinter@@@ATL@@WMI@EAAKXZ 0000000180002238 f i FiscalPrinter.obj
 0001:00001244       ?QueryInterface@?$CComContainedObject@VCOPOSFiscalPrinter@@@ATL@@WNA@EAAJAEBU_GUID@@PEAPEAX@Z 0000000180002244 f i FiscalPrinter.obj
 0001:00001250       ?AddRef@?$CComContainedObject@VCOPOSFiscalPrinter@@@ATL@@WNA@EAAKXZ 0000000180002250 f i FiscalPrinter.obj
 0001:0000125c       ?Release@?$CComContainedObject@VCOPOSFiscalPrinter@@@ATL@@WNA@EAAKXZ 000000018000225c f i FiscalPrinter.obj
 0001:00001268       ?QueryInterface@?$CComContainedObject@VCOPOSFiscalPrinter@@@ATL@@WNI@EAAJAEBU_GUID@@PEAPEAX@Z 0000000180002268 f i FiscalPrinter.obj
 0001:00001274       ?AddRef@?$CComContainedObject@VCOPOSFiscalPrinter@@@ATL@@WNI@EAAKXZ 0000000180002274 f i FiscalPrinter.obj
 0001:00001280       ?Release@?$CComContainedObject@VCOPOSFiscalPrinter@@@ATL@@WNI@EAAKXZ 0000000180002280 f i FiscalPrinter.obj
 0001:0000128c       ?QueryInterface@?$CComContainedObject@VCOPOSFiscalPrinter@@@ATL@@WOA@EAAJAEBU_GUID@@PEAPEAX@Z 000000018000228c f i FiscalPrinter.obj
 0001:00001298       ?AddRef@?$CComContainedObject@VCOPOSFiscalPrinter@@@ATL@@WOA@EAAKXZ 0000000180002298 f i FiscalPrinter.obj
 0001:000012a4       ?Release@?$CComContainedObject@VCOPOSFiscalPrinter@@@ATL@@WOA@EAAKXZ 00000001800022a4 f i FiscalPrinter.obj
 0001:000012b0       ?QueryInterface@?$CComContainedObject@VCOPOSFiscalPrinter@@@ATL@@WOI@EAAJAEBU_GUID@@PEAPEAX@Z 00000001800022b0 f i FiscalPrinter.obj
 0001:000012bc       ?AddRef@?$CComContainedObject@VCOPOSFiscalPrinter@@@ATL@@WOI@EAAKXZ 00000001800022bc f i FiscalPrinter.obj
 0001:000012c8       ?Release@?$CComContainedObject@VCOPOSFiscalPrinter@@@ATL@@WOI@EAAKXZ 00000001800022c8 f i FiscalPrinter.obj
 0001:000012d4       ?QueryInterface@?$CComContainedObject@VCOPOSFiscalPrinter@@@ATL@@WPA@EAAJAEBU_GUID@@PEAPEAX@Z 00000001800022d4 f i FiscalPrinter.obj
 0001:000012e0       ?AddRef@?$CComContainedObject@VCOPOSFiscalPrinter@@@ATL@@WPA@EAAKXZ 00000001800022e0 f i FiscalPrinter.obj
 0001:000012ec       ?Release@?$CComContainedObject@VCOPOSFiscalPrinter@@@ATL@@WPA@EAAKXZ 00000001800022ec f i FiscalPrinter.obj
 0001:000012f8       ?QueryInterface@?$CComContainedObject@VCOPOSFiscalPrinter@@@ATL@@WPI@EAAJAEBU_GUID@@PEAPEAX@Z 00000001800022f8 f i FiscalPrinter.obj
 0001:00001304       ?AddRef@?$CComContainedObject@VCOPOSFiscalPrinter@@@ATL@@WPI@EAAKXZ 0000000180002304 f i FiscalPrinter.obj
 0001:00001310       ?Release@?$CComContainedObject@VCOPOSFiscalPrinter@@@ATL@@WPI@EAAKXZ 0000000180002310 f i FiscalPrinter.obj
 0001:0000131c       ?QueryInterface@?$CComContainedObject@VCOPOSFiscalPrinter@@@ATL@@WBAA@EAAJAEBU_GUID@@PEAPEAX@Z 000000018000231c f i FiscalPrinter.obj
 0001:00001328       ?AddRef@?$CComContainedObject@VCOPOSFiscalPrinter@@@ATL@@WBAA@EAAKXZ 0000000180002328 f i FiscalPrinter.obj
 0001:00001334       ?Release@?$CComContainedObject@VCOPOSFiscalPrinter@@@ATL@@WBAA@EAAKXZ 0000000180002334 f i FiscalPrinter.obj
 0001:00001340       ?QueryInterface@?$CComContainedObject@VCOPOSFiscalPrinter@@@ATL@@WBAI@EAAJAEBU_GUID@@PEAPEAX@Z 0000000180002340 f i FiscalPrinter.obj
 0001:0000134c       ?AddRef@?$CComContainedObject@VCOPOSFiscalPrinter@@@ATL@@WBAI@EAAKXZ 000000018000234c f i FiscalPrinter.obj
 0001:00001358       ?Release@?$CComContainedObject@VCOPOSFiscalPrinter@@@ATL@@WBAI@EAAKXZ 0000000180002358 f i FiscalPrinter.obj
 0001:00001364       ?QueryInterface@?$CComContainedObject@VCOPOSFiscalPrinter@@@ATL@@WBBA@EAAJAEBU_GUID@@PEAPEAX@Z 0000000180002364 f i FiscalPrinter.obj
 0001:00001370       ?AddRef@?$CComContainedObject@VCOPOSFiscalPrinter@@@ATL@@WBBA@EAAKXZ 0000000180002370 f i FiscalPrinter.obj
 0001:0000137c       ?Release@?$CComContainedObject@VCOPOSFiscalPrinter@@@ATL@@WBBA@EAAKXZ 000000018000237c f i FiscalPrinter.obj
 0001:00001388       ?QueryInterface@?$CComContainedObject@VCOPOSFiscalPrinter@@@ATL@@WBBI@EAAJAEBU_GUID@@PEAPEAX@Z 0000000180002388 f i FiscalPrinter.obj
 0001:00001394       ?AddRef@?$CComContainedObject@VCOPOSFiscalPrinter@@@ATL@@WBBI@EAAKXZ 0000000180002394 f i FiscalPrinter.obj
 0001:000013a0       ?Release@?$CComContainedObject@VCOPOSFiscalPrinter@@@ATL@@WBBI@EAAKXZ 00000001800023a0 f i FiscalPrinter.obj
 0001:000013ac       ?AddRef@?$CComContainedObject@VCOPOSFiscalPrinter@@@ATL@@WBCI@EAAKXZ 00000001800023ac f i FiscalPrinter.obj
 0001:000013b8       ?Release@?$CComContainedObject@VCOPOSFiscalPrinter@@@ATL@@WBCI@EAAKXZ 00000001800023b8 f i FiscalPrinter.obj
 0001:000013c4       ?AddRef@?$CComContainedObject@VCOPOSFiscalPrinter@@@ATL@@WBEA@EAAKXZ 00000001800023c4 f i FiscalPrinter.obj
 0001:000013d0       ?Release@?$CComContainedObject@VCOPOSFiscalPrinter@@@ATL@@WBEA@EAAKXZ 00000001800023d0 f i FiscalPrinter.obj
 0001:000013dc       ?Lock@CAtlModule@ATL@@UEAAJXZ 00000001800023dc f i FiscalPrinter.obj
 0001:000013ec       ?Unlock@CAtlModule@ATL@@UEAAJXZ 00000001800023ec f i FiscalPrinter.obj
 0001:000013f8       ?GetLockCount@CAtlModule@ATL@@UEAAJXZ 00000001800023f8 f i FiscalPrinter.obj
 0001:000013fc       ?GetGITPtr@CAtlModule@ATL@@UEAAJPEAPEAUIGlobalInterfaceTable@@@Z 00000001800023fc f i FiscalPrinter.obj
 0001:0000146c       ?AddCommonRGSReplacements@?$CAtlModuleT@VCComModule@ATL@@@ATL@@UEAAJPEAUIRegistrarBase@@@Z 000000018000246c f i FiscalPrinter.obj
 0001:00001484       ?UpdateRegistryFromResourceD@CComModule@ATL@@UEAAJIHPEAU_ATL_REGMAP_ENTRY@2@@Z 0000000180002484 f i FiscalPrinter.obj
 0001:00001484       ?UpdateRegistryFromResourceD@CComModule@ATL@@UEAAJPEB_WHPEAU_ATL_REGMAP_ENTRY@2@@Z 0000000180002484 f i FiscalPrinter.obj
 0001:0000148c       ?UpdateRegistryFromResource@CComModule@ATL@@UEAAJPEB_WHPEAU_ATL_REGMAP_ENTRY@2@@Z 000000018000248c f i FiscalPrinter.obj
 0001:00001494       ?UpdateRegistryFromResource@CComModule@ATL@@UEAAJIHPEAU_ATL_REGMAP_ENTRY@2@@Z 0000000180002494 f i FiscalPrinter.obj
 0001:0000149c       ??_GCComModule@ATL@@UEAAPEAXI@Z 000000018000249c f i FiscalPrinter.obj
 0001:0000149c       ??_ECComModule@ATL@@UEAAPEAXI@Z 000000018000249c f i FiscalPrinter.obj
 0001:000014dc       ?GetTypeInfoCount@?$IDispatchImpl@UIOPOSFiscalPrinter@@$1?IID_IOPOSFiscalPrinter@@3U_GUID@@B$1?LIBID_OposFiscalPrinter_CCO@@3U3@B$00$0A@VCComTypeInfoHolder@ATL@@@ATL@@UEAAJPEAI@Z 00000001800024dc f i FiscalPrinter.obj
 0001:000014f0       ?GetTypeInfo@?$IDispatchImpl@UIOPOSFiscalPrinter@@$1?IID_IOPOSFiscalPrinter@@3U_GUID@@B$1?LIBID_OposFiscalPrinter_CCO@@3U3@B$00$0A@VCComTypeInfoHolder@ATL@@@ATL@@UEAAJIKPEAPEAUITypeInfo@@@Z 00000001800024f0 f i FiscalPrinter.obj
 0001:00001554       ?GetIDsOfNames@?$IDispatchImpl@UIOPOSFiscalPrinter@@$1?IID_IOPOSFiscalPrinter@@3U_GUID@@B$1?LIBID_OposFiscalPrinter_CCO@@3U3@B$00$0A@VCComTypeInfoHolder@ATL@@@ATL@@UEAAJAEBU_GUID@@PEAPEA_WIKPEAJ@Z 0000000180002554 f i FiscalPrinter.obj
 0001:00001560       ?Invoke@?$IDispatchImpl@UIOPOSFiscalPrinter@@$1?IID_IOPOSFiscalPrinter@@3U_GUID@@B$1?LIBID_OposFiscalPrinter_CCO@@3U3@B$00$0A@VCComTypeInfoHolder@ATL@@@ATL@@UEAAJJAEBU_GUID@@KGPEAUtagDISPPARAMS@@PEAUtagVARIANT@@PEAUtagEXCEPINFO@@PEAI@Z 0000000180002560 f i FiscalPrinter.obj
 0001:000015f0       ?CreateControlWindow@?$CComControl@VCOPOSFiscalPrinter@@V?$CWindowImpl@VCOPOSFiscalPrinter@@VCWindow@ATL@@V?$CWinTraits@$0FGAAAAAA@$0A@@3@@ATL@@@ATL@@UEAAPEAUHWND__@@PEAU3@AEAUtagRECT@@@Z 00000001800025f0 f i FiscalPrinter.obj
 0001:00001628       ?ControlQueryInterface@?$CComControl@VCOPOSFiscalPrinter@@V?$CWindowImpl@VCOPOSFiscalPrinter@@VCWindow@ATL@@V?$CWinTraits@$0FGAAAAAA@$0A@@3@@ATL@@@ATL@@UEAAJAEBU_GUID@@PEAPEAX@Z 0000000180002628 f i FiscalPrinter.obj
 0001:0000163c       ?GetClassID@?$IPersistStreamInitImpl@VCOPOSFiscalPrinter@@@ATL@@UEAAJPEAU_GUID@@@Z 000000018000263c f i FiscalPrinter.obj
 0001:0000163c       ?GetUserClassID@?$IOleObjectImpl@VCOPOSFiscalPrinter@@@ATL@@UEAAJPEAU_GUID@@@Z 000000018000263c f i FiscalPrinter.obj
 0001:0000163c       ?GetClassID@?$IPersistStorageImpl@VCOPOSFiscalPrinter@@@ATL@@UEAAJPEAU_GUID@@@Z 000000018000263c f i FiscalPrinter.obj
 0001:00001658       ?IsDirty@?$IPersistStreamInitImpl@VCOPOSFiscalPrinter@@@ATL@@UEAAJXZ 0000000180002658 f i FiscalPrinter.obj
 0001:00001674       ?Load@?$IPersistStreamInitImpl@VCOPOSFiscalPrinter@@@ATL@@UEAAJPEAUIStream@@@Z 0000000180002674 f i FiscalPrinter.obj
 0001:0000168c       ?Save@?$IPersistStreamInitImpl@VCOPOSFiscalPrinter@@@ATL@@UEAAJPEAUIStream@@H@Z 000000018000268c f i FiscalPrinter.obj
 0001:000016a4       ?GetSizeMax@?$IPersistStreamInitImpl@VCOPOSFiscalPrinter@@@ATL@@UEAAJPEAT_ULARGE_INTEGER@@@Z 00000001800026a4 f i FiscalPrinter.obj
 0001:000018c8       ?InitNew@?$IPersistStreamInitImpl@VCOPOSFiscalPrinter@@@ATL@@UEAAJXZ 00000001800028c8 f i FiscalPrinter.obj
 0001:000018e0       ?SetMoniker@?$IOleObjectImpl@VCOPOSFiscalPrinter@@@ATL@@UEAAJKPEAUIMoniker@@@Z 00000001800028e0 f i FiscalPrinter.obj
 0001:000018e0       ?SODataDummy@COPOSFiscalPrinter@@MEAAJJ@Z 00000001800028e0 f i FiscalPrinter.obj
 0001:000018e0       ?ContextSensitiveHelp@?$IOleInPlaceActiveObjectImpl@VCOPOSFiscalPrinter@@@ATL@@UEAAJH@Z 00000001800028e0 f i FiscalPrinter.obj
 0001:000018e0       ?Freeze@?$IViewObjectExImpl@VCOPOSFiscalPrinter@@@ATL@@UEAAJKJPEAXPEAK@Z 00000001800028e0 f i FiscalPrinter.obj
 0001:000018e0       ?GetRect@?$IViewObjectExImpl@VCOPOSFiscalPrinter@@@ATL@@UEAAJKPEAU_RECTL@@@Z 00000001800028e0 f i FiscalPrinter.obj
 0001:000018e0       ?GetClipboardData@?$IOleObjectImpl@VCOPOSFiscalPrinter@@@ATL@@UEAAJKPEAPEAUIDataObject@@@Z 00000001800028e0 f i FiscalPrinter.obj
 0001:000018e0       ?Unfreeze@?$IViewObjectExImpl@VCOPOSFiscalPrinter@@@ATL@@UEAAJK@Z 00000001800028e0 f i FiscalPrinter.obj
 0001:000018e0       ?GetCanonicalFormatEtc@?$IDataObjectImpl@VCOPOSFiscalPrinter@@@ATL@@UEAAJPEAUtagFORMATETC@@0@Z 00000001800028e0 f i FiscalPrinter.obj
 0001:000018e0       ?InitFromData@?$IOleObjectImpl@VCOPOSFiscalPrinter@@@ATL@@UEAAJPEAUIDataObject@@HK@Z 00000001800028e0 f i FiscalPrinter.obj
 0001:000018e0       ?GetDataHere@?$IDataObjectImpl@VCOPOSFiscalPrinter@@@ATL@@UEAAJPEAUtagFORMATETC@@PEAUtagSTGMEDIUM@@@Z 00000001800028e0 f i FiscalPrinter.obj
 0001:000018e0       ?ReactivateAndUndo@?$IOleInPlaceObjectWindowlessImpl@VCOPOSFiscalPrinter@@@ATL@@UEAAJXZ 00000001800028e0 f i FiscalPrinter.obj
 0001:000018e0       ?EnumFormatEtc@?$IDataObjectImpl@VCOPOSFiscalPrinter@@@ATL@@UEAAJKPEAPEAUIEnumFORMATETC@@@Z 00000001800028e0 f i FiscalPrinter.obj
 0001:000018e0       ?GetControlInfo@?$IOleControlImpl@VCOPOSFiscalPrinter@@@ATL@@UEAAJPEAUtagCONTROLINFO@@@Z 00000001800028e0 f i FiscalPrinter.obj
 0001:000018e0       ?QueryInterface@CRegObject@ATL@@UEAAJAEBU_GUID@@PEAPEAX@Z 00000001800028e0 f i FiscalPrinter.obj
 0001:000018e0       ?GetDropTarget@?$IOleInPlaceObjectWindowlessImpl@VCOPOSFiscalPrinter@@@ATL@@UEAAJPEAPEAUIDropTarget@@@Z 00000001800028e0 f i FiscalPrinter.obj
 0001:000018e0       ?OnMnemonic@?$IOleControlImpl@VCOPOSFiscalPrinter@@@ATL@@UEAAJPEAUtagMSG@@@Z 00000001800028e0 f i FiscalPrinter.obj
 0001:000018e0       ?SetColorScheme@?$IOleObjectImpl@VCOPOSFiscalPrinter@@@ATL@@UEAAJPEAUtagLOGPALETTE@@@Z 00000001800028e0 f i FiscalPrinter.obj
 0001:000018e0       ?ContextSensitiveHelp@?$IOleInPlaceObjectWindowlessImpl@VCOPOSFiscalPrinter@@@ATL@@UEAAJH@Z 00000001800028e0 f i FiscalPrinter.obj
 0001:000018e0       ?GetMoniker@?$IOleObjectImpl@VCOPOSFiscalPrinter@@@ATL@@UEAAJKKPEAPEAUIMoniker@@@Z 00000001800028e0 f i FiscalPrinter.obj
 0001:000018e0       ?SetData@?$IDataObjectImpl@VCOPOSFiscalPrinter@@@ATL@@UEAAJPEAUtagFORMATETC@@PEAUtagSTGMEDIUM@@H@Z 00000001800028e0 f i FiscalPrinter.obj
 0001:000018e0       ?GetColorSet@?$IViewObjectExImpl@VCOPOSFiscalPrinter@@@ATL@@UEAAJKJPEAXPEAUtagDVTARGETDEVICE@@PEAUHDC__@@PEAPEAUtagLOGPALETTE@@@Z 00000001800028e0 f i FiscalPrinter.obj
 0001:000018e0       ?QueryGetData@?$IDataObjectImpl@VCOPOSFiscalPrinter@@@ATL@@UEAAJPEAUtagFORMATETC@@@Z 00000001800028e0 f i FiscalPrinter.obj
 0001:000018e8       ?SetClientSite@?$IOleObjectImpl@VCOPOSFiscalPrinter@@@ATL@@UEAAJPEAUIOleClientSite@@@Z 00000001800028e8 f i FiscalPrinter.obj
 0001:00001904       ?GetClientSite@?$IOleObjectImpl@VCOPOSFiscalPrinter@@@ATL@@UEAAJPEAPEAUIOleClientSite@@@Z 0000000180002904 f i FiscalPrinter.obj
 0001:0000194c       ?Close@?$IOleObjectImpl@VCOPOSFiscalPrinter@@@ATL@@UEAAJK@Z 000000018000294c f i FiscalPrinter.obj
 0001:00001968       ?DoVerb@?$IOleObjectImpl@VCOPOSFiscalPrinter@@@ATL@@UEAAJJPEAUtagMSG@@PEAUIOleClientSite@@JPEAUHWND__@@PEBUtagRECT@@@Z 0000000180002968 f i FiscalPrinter.obj
 0001:00001b0c       ?EnumVerbs@?$IOleObjectImpl@VCOPOSFiscalPrinter@@@ATL@@UEAAJPEAPEAUIEnumOLEVERB@@@Z 0000000180002b0c f i FiscalPrinter.obj
 0001:00001b28       ?GetUserType@?$IOleObjectImpl@VCOPOSFiscalPrinter@@@ATL@@UEAAJKPEAPEA_W@Z 0000000180002b28 f i FiscalPrinter.obj
 0001:00001b38       ?SetExtent@?$IOleObjectImpl@VCOPOSFiscalPrinter@@@ATL@@UEAAJKPEAUtagSIZE@@@Z 0000000180002b38 f i FiscalPrinter.obj
 0001:00001b54       ?GetExtent@?$IOleObjectImpl@VCOPOSFiscalPrinter@@@ATL@@UEAAJKPEAUtagSIZE@@@Z 0000000180002b54 f i FiscalPrinter.obj
 0001:00001b84       ?Advise@?$IOleObjectImpl@VCOPOSFiscalPrinter@@@ATL@@UEAAJPEAUIAdviseSink@@PEAK@Z 0000000180002b84 f i FiscalPrinter.obj
 0001:00001be0       ?Unadvise@?$IOleObjectImpl@VCOPOSFiscalPrinter@@@ATL@@UEAAJK@Z 0000000180002be0 f i FiscalPrinter.obj
 0001:00001c18       ?EnumAdvise@?$IOleObjectImpl@VCOPOSFiscalPrinter@@@ATL@@UEAAJPEAPEAUIEnumSTATDATA@@@Z 0000000180002c18 f i FiscalPrinter.obj
 0001:00001c60       ?GetMiscStatus@?$IOleObjectImpl@VCOPOSFiscalPrinter@@@ATL@@UEAAJKPEAK@Z 0000000180002c60 f i FiscalPrinter.obj
 0001:00001c70       ?GetWindow@?$IOleInPlaceActiveObjectImpl@VCOPOSFiscalPrinter@@@ATL@@UEAAJPEAPEAUHWND__@@@Z 0000000180002c70 f i FiscalPrinter.obj
 0001:00001cc4       ?TranslateAcceleratorW@?$IOleInPlaceActiveObjectImpl@VCOPOSFiscalPrinter@@@ATL@@UEAAJPEAUtagMSG@@@Z 0000000180002cc4 f i FiscalPrinter.obj
 0001:00001db8       ?OnDocWindowActivate@?$IOleInPlaceActiveObjectImpl@VCOPOSFiscalPrinter@@@ATL@@UEAAJH@Z 0000000180002db8 f i FiscalPrinter.obj
 0001:00001de4       ?Draw@?$IViewObjectExImpl@VCOPOSFiscalPrinter@@@ATL@@UEAAJKJPEAXPEAUtagDVTARGETDEVICE@@PEAUHDC__@@2PEBU_RECTL@@3P6AH_K@Z4@Z 0000000180002de4 f i FiscalPrinter.obj
 0001:00001e48       ?SetAdvise@?$IViewObjectExImpl@VCOPOSFiscalPrinter@@@ATL@@UEAAJKKPEAUIAdviseSink@@@Z 0000000180002e48 f i FiscalPrinter.obj
 0001:00001e9c       ?GetAdvise@?$IViewObjectExImpl@VCOPOSFiscalPrinter@@@ATL@@UEAAJPEAK0PEAPEAUIAdviseSink@@@Z 0000000180002e9c f i FiscalPrinter.obj
 0001:00001ed8       ?GetExtent@?$IViewObjectExImpl@VCOPOSFiscalPrinter@@@ATL@@UEAAJKJPEAUtagDVTARGETDEVICE@@PEAUtagSIZE@@@Z 0000000180002ed8 f i FiscalPrinter.obj
 0001:00001f08       ?GetViewStatus@?$IViewObjectExImpl@VCOPOSFiscalPrinter@@@ATL@@UEAAJPEAK@Z 0000000180002f08 f i FiscalPrinter.obj
 0001:00001f1c       ?QueryHitPoint@?$IViewObjectExImpl@VCOPOSFiscalPrinter@@@ATL@@UEAAJKPEBUtagRECT@@UtagPOINT@@JPEAK@Z 0000000180002f1c f i FiscalPrinter.obj
 0001:00001f60       ?QueryHitRect@?$IViewObjectExImpl@VCOPOSFiscalPrinter@@@ATL@@UEAAJKPEBUtagRECT@@0JPEAK@Z 0000000180002f60 f i FiscalPrinter.obj
 0001:00001fc8       ?GetNaturalExtent@?$IViewObjectExImpl@VCOPOSFiscalPrinter@@@ATL@@UEAAJKJPEAUtagDVTARGETDEVICE@@PEAUHDC__@@PEAUtagExtentInfo@@PEAUtagSIZE@@@Z 0000000180002fc8 f i FiscalPrinter.obj
 0001:00002010       ?GetWindow@?$IOleInPlaceObjectWindowlessImpl@VCOPOSFiscalPrinter@@@ATL@@UEAAJPEAPEAUHWND__@@@Z 0000000180003010 f i FiscalPrinter.obj
 0001:00002064       ?InPlaceDeactivate@?$IOleInPlaceObjectWindowlessImpl@VCOPOSFiscalPrinter@@@ATL@@UEAAJXZ 0000000180003064 f i FiscalPrinter.obj
 0001:00002080       ?UIDeactivate@?$IOleInPlaceObjectWindowlessImpl@VCOPOSFiscalPrinter@@@ATL@@UEAAJXZ 0000000180003080 f i FiscalPrinter.obj
 0001:0000209c       ?SetObjectRects@?$IOleInPlaceObjectWindowlessImpl@VCOPOSFiscalPrinter@@@ATL@@UEAAJPEBUtagRECT@@0@Z 000000018000309c f i FiscalPrinter.obj
 0001:000020b8       ?OnWindowMessage@?$IOleInPlaceObjectWindowlessImpl@VCOPOSFiscalPrinter@@@ATL@@UEAAJI_K_JPEA_J@Z 00000001800030b8 f i FiscalPrinter.obj
 0001:00002180       ?EnumConnectionPoints@?$IConnectionPointContainerImpl@VCOPOSFiscalPrinter@@@ATL@@UEAAJPEAPEAUIEnumConnectionPoints@@@Z 0000000180003180 f i FiscalPrinter.obj
 0001:000023c8       ?FindConnectionPoint@?$IConnectionPointContainerImpl@VCOPOSFiscalPrinter@@@ATL@@UEAAJAEBU_GUID@@PEAPEAUIConnectionPoint@@@Z 00000001800033c8 f i FiscalPrinter.obj
 0001:00002498       ?IsDirty@?$IPersistStorageImpl@VCOPOSFiscalPrinter@@@ATL@@UEAAJXZ 0000000180003498 f i FiscalPrinter.obj
 0001:000024d8       ?InitNew@?$IPersistStorageImpl@VCOPOSFiscalPrinter@@@ATL@@UEAAJPEAUIStorage@@@Z 00000001800034d8 f i FiscalPrinter.obj
 0001:00002518       ?Load@?$IPersistStorageImpl@VCOPOSFiscalPrinter@@@ATL@@UEAAJPEAUIStorage@@@Z 0000000180003518 f i FiscalPrinter.obj
 0001:000025b8       ?Save@?$IPersistStorageImpl@VCOPOSFiscalPrinter@@@ATL@@UEAAJPEAUIStorage@@H@Z 00000001800035b8 f i FiscalPrinter.obj
 0001:00002668       ?GetPages@?$ISpecifyPropertyPagesImpl@VCOPOSFiscalPrinter@@@ATL@@UEAAJPEAUtagCAUUID@@@Z 0000000180003668 f i FiscalPrinter.obj
 0001:00002674       ?QuickActivate@?$IQuickActivateImpl@VCOPOSFiscalPrinter@@@ATL@@UEAAJPEAUtagQACONTAINER@@PEAUtagQACONTROL@@@Z 0000000180003674 f i FiscalPrinter.obj
 0001:00002690       ?SetContentExtent@?$IQuickActivateImpl@VCOPOSFiscalPrinter@@@ATL@@UEAAJPEAUtagSIZE@@@Z 0000000180003690 f i FiscalPrinter.obj
 0001:000026c4       ?GetContentExtent@?$IQuickActivateImpl@VCOPOSFiscalPrinter@@@ATL@@UEAAJPEAUtagSIZE@@@Z 00000001800036c4 f i FiscalPrinter.obj
 0001:000026fc       ?GetData@?$IDataObjectImpl@VCOPOSFiscalPrinter@@@ATL@@UEAAJPEAUtagFORMATETC@@PEAUtagSTGMEDIUM@@@Z 00000001800036fc f i FiscalPrinter.obj
 0001:00002718       ?DAdvise@?$IDataObjectImpl@VCOPOSFiscalPrinter@@@ATL@@UEAAJPEAUtagFORMATETC@@KPEAUIAdviseSink@@PEAK@Z 0000000180003718 f i FiscalPrinter.obj
 0001:000027a0       ?DUnadvise@?$IDataObjectImpl@VCOPOSFiscalPrinter@@@ATL@@UEAAJK@Z 00000001800037a0 f i FiscalPrinter.obj
 0001:000027cc       ?EnumDAdvise@?$IDataObjectImpl@VCOPOSFiscalPrinter@@@ATL@@UEAAJPEAPEAUIEnumSTATDATA@@@Z 00000001800037cc f i FiscalPrinter.obj
 0001:00002808       ?GetClassInfoW@?$IProvideClassInfo2Impl@$1?CLSID_OPOSFiscalPrinter@@3U_GUID@@B$1?DIID__IOPOSFiscalPrinterEvents@@3U2@B$1?LIBID_OposFiscalPrinter_CCO@@3U2@B$00$0A@VCComTypeInfoHolder@ATL@@@ATL@@UEAAJPEAPEAUITypeInfo@@@Z 0000000180003808 f i FiscalPrinter.obj
 0001:00002860       ?GetGUID@?$IProvideClassInfo2Impl@$1?CLSID_OPOSFiscalPrinter@@3U_GUID@@B$1?DIID__IOPOSFiscalPrinterEvents@@3U2@B$1?LIBID_OposFiscalPrinter_CCO@@3U2@B$00$0A@VCComTypeInfoHolder@ATL@@@ATL@@UEAAJKPEAU_GUID@@@Z 0000000180003860 f i FiscalPrinter.obj
 0001:00002894       _get_startup_argv_mode     0000000180003894 f i LIBCMT:argv_mode.obj
 0001:00002894       ?AddRef@CRegObject@ATL@@UEAAKXZ 0000000180003894 f i FiscalPrinter.obj
 0001:00002894       ?FAccessAllowed@?$IObjectSafetyImpl@VCOPOSFiscalPrinter@@$02@ATL@@MEAAHXZ 0000000180003894 f i FiscalPrinter.obj
 0001:0000289c       ?GetInterfaceSafetyOptions@?$IObjectSafetyImpl@VCOPOSFiscalPrinter@@$02@ATL@@UEAAJAEBU_GUID@@PEAK1@Z 000000018000389c f i FiscalPrinter.obj
 0001:00002930       ?SetInterfaceSafetyOptions@?$IObjectSafetyImpl@VCOPOSFiscalPrinter@@$02@ATL@@UEAAJAEBU_GUID@@KK@Z 0000000180003930 f i FiscalPrinter.obj
 0001:000029d4       ?_LocCPQueryInterface@?$IConnectionPointImpl@VCOPOSFiscalPrinter@@$1?DIID__IOPOSFiscalPrinterEvents@@3U_GUID@@BVCComDynamicUnkArray@ATL@@@ATL@@UEAAJAEBU_GUID@@PEAPEAX@Z 00000001800039d4 f i FiscalPrinter.obj
 0001:000029d4       ?_LocCPQueryInterface@?$IConnectionPointImpl@VCOPOSFiscalPrinter@@$1?IID_IPropertyNotifySink@@3U_GUID@@BVCComDynamicUnkArray@ATL@@@ATL@@UEAAJAEBU_GUID@@PEAPEAX@Z 00000001800039d4 f i FiscalPrinter.obj
 0001:00002a48       ?GetConnectionInterface@?$IConnectionPointImpl@VCOPOSFiscalPrinter@@$1?IID_IPropertyNotifySink@@3U_GUID@@BVCComDynamicUnkArray@ATL@@@ATL@@UEAAJPEAU_GUID@@@Z 0000000180003a48 f i FiscalPrinter.obj
 0001:00002a64       ?GetConnectionPointContainer@?$IConnectionPointImpl@VCOPOSFiscalPrinter@@$1?IID_IPropertyNotifySink@@3U_GUID@@BVCComDynamicUnkArray@ATL@@@ATL@@UEAAJPEAPEAUIConnectionPointContainer@@@Z 0000000180003a64 f i FiscalPrinter.obj
 0001:00002a84       ?Advise@?$IConnectionPointImpl@VCOPOSFiscalPrinter@@$1?DIID__IOPOSFiscalPrinterEvents@@3U_GUID@@BVCComDynamicUnkArray@ATL@@@ATL@@UEAAJPEAUIUnknown@@PEAK@Z 0000000180003a84 f i FiscalPrinter.obj
 0001:00002a84       ?Advise@?$IConnectionPointImpl@VCOPOSFiscalPrinter@@$1?IID_IPropertyNotifySink@@3U_GUID@@BVCComDynamicUnkArray@ATL@@@ATL@@UEAAJPEAUIUnknown@@PEAK@Z 0000000180003a84 f i FiscalPrinter.obj
 0001:00002b40       ?Unadvise@?$IConnectionPointImpl@VCOPOSFiscalPrinter@@$1?DIID__IOPOSFiscalPrinterEvents@@3U_GUID@@BVCComDynamicUnkArray@ATL@@@ATL@@UEAAJK@Z 0000000180003b40 f i FiscalPrinter.obj
 0001:00002b40       ?Unadvise@?$IConnectionPointImpl@VCOPOSFiscalPrinter@@$1?IID_IPropertyNotifySink@@3U_GUID@@BVCComDynamicUnkArray@ATL@@@ATL@@UEAAJK@Z 0000000180003b40 f i FiscalPrinter.obj
 0001:00002ba8       ?EnumConnections@?$IConnectionPointImpl@VCOPOSFiscalPrinter@@$1?DIID__IOPOSFiscalPrinterEvents@@3U_GUID@@BVCComDynamicUnkArray@ATL@@@ATL@@UEAAJPEAPEAUIEnumConnections@@@Z 0000000180003ba8 f i FiscalPrinter.obj
 0001:00002ba8       ?EnumConnections@?$IConnectionPointImpl@VCOPOSFiscalPrinter@@$1?IID_IPropertyNotifySink@@3U_GUID@@BVCComDynamicUnkArray@ATL@@@ATL@@UEAAJPEAPEAUIEnumConnections@@@Z 0000000180003ba8 f i FiscalPrinter.obj
 0001:00002d3c       ?GetConnectionInterface@?$IConnectionPointImpl@VCOPOSFiscalPrinter@@$1?DIID__IOPOSFiscalPrinterEvents@@3U_GUID@@BVCComDynamicUnkArray@ATL@@@ATL@@UEAAJPEAU_GUID@@@Z 0000000180003d3c f i FiscalPrinter.obj
 0001:00002d58       ?GetConnectionPointContainer@?$IConnectionPointImpl@VCOPOSFiscalPrinter@@$1?DIID__IOPOSFiscalPrinterEvents@@3U_GUID@@BVCComDynamicUnkArray@ATL@@@ATL@@UEAAJPEAPEAUIConnectionPointContainer@@@Z 0000000180003d58 f i FiscalPrinter.obj
 0001:00002d78       ?UpdateRegistry@COPOSFiscalPrinter@@SAJH@Z 0000000180003d78 f i FiscalPrinter.obj
 0001:00002d90       ?ProcessWindowMessage@COPOSFiscalPrinter@@UEAAHPEAUHWND__@@I_K_JAEA_JK@Z 0000000180003d90 f i FiscalPrinter.obj
 0001:00002e20       ?SODirectIO@COPOSFiscalPrinter@@MEAAJJPEAJPEAPEA_W@Z 0000000180003e20 f i FiscalPrinter.obj
 0001:00002e98       ?SOError@COPOSFiscalPrinter@@MEAAJJJJPEAJ@Z 0000000180003e98 f i FiscalPrinter.obj
 0001:00002f20       ?SOOutputComplete@COPOSFiscalPrinter@@MEAAJJ@Z 0000000180003f20 f i FiscalPrinter.obj
 0001:00002f70       ?SOStatusUpdate@COPOSFiscalPrinter@@MEAAJJ@Z 0000000180003f70 f i FiscalPrinter.obj
 0001:00002fc0       ?AddReplacement@CRegObject@ATL@@UEAAJPEB_W0@Z 0000000180003fc0 f i FiscalPrinter.obj
 0001:00002ff0       ?ClearReplacements@CRegObject@ATL@@UEAAJXZ 0000000180003ff0 f i FiscalPrinter.obj
 0001:00002ffc       ??_ECRegObject@ATL@@UEAAPEAXI@Z 0000000180003ffc f i FiscalPrinter.obj
 0001:00002ffc       ??_GCRegObject@ATL@@UEAAPEAXI@Z 0000000180003ffc f i FiscalPrinter.obj
 0001:0000307c       ?CreateInstance@?$CComCreator@V?$CComObjectCached@VCComClassFactory@ATL@@@ATL@@@ATL@@SAJPEAXAEBU_GUID@@PEAPEAX@Z 000000018000407c f i FiscalPrinter.obj
 0001:000031a0       ?CreateInstance@?$CComCreator2@V?$CComCreator@V?$CComObject@VCOPOSFiscalPrinter@@@ATL@@@ATL@@V?$CComCreator@V?$CComAggObject@VCOPOSFiscalPrinter@@@ATL@@@2@@ATL@@SAJPEAXAEBU_GUID@@PEAPEAX@Z 00000001800041a0 f i FiscalPrinter.obj
 0001:000031b0       ?AddRef@?$CComObjectCached@VCComClassFactory@ATL@@@ATL@@UEAAKXZ 00000001800041b0 f i FiscalPrinter.obj
 0001:000031dc       ?Release@?$CComObjectCached@VCComClassFactory@ATL@@@ATL@@UEAAKXZ 00000001800041dc f i FiscalPrinter.obj
 0001:0000321c       ?QueryInterface@?$CComObjectCached@VCComClassFactory@ATL@@@ATL@@UEAAJAEBU_GUID@@PEAPEAX@Z 000000018000421c f i FiscalPrinter.obj
 0001:00003230       ??_G?$CComObjectCached@VCComClassFactory@ATL@@@ATL@@UEAAPEAXI@Z 0000000180004230 f i FiscalPrinter.obj
 0001:00003230       ??_E?$CComObjectCached@VCComClassFactory@ATL@@@ATL@@UEAAPEAXI@Z 0000000180004230 f i FiscalPrinter.obj
 0001:00003288       ?Next@?$CComEnumImpl@UIEnumConnectionPoints@@$1?_GUID_b196b285_bab4_101a_b69c_00aa00341d07@@3U__s_GUID@@BPEAUIConnectionPoint@@V?$_CopyInterface@UIConnectionPoint@@@ATL@@@ATL@@UEAAJKPEAPEAUIConnectionPoint@@PEAK@Z 0000000180004288 f i FiscalPrinter.obj
 0001:0000334c       ?Skip@?$CComEnumImpl@UIEnumConnectionPoints@@$1?_GUID_b196b285_bab4_101a_b69c_00aa00341d07@@3U__s_GUID@@BPEAUIConnectionPoint@@V?$_CopyInterface@UIConnectionPoint@@@ATL@@@ATL@@UEAAJK@Z 000000018000434c f i FiscalPrinter.obj
 0001:00003378       ?Clone@?$CComEnumImpl@UIEnumConnectionPoints@@$1?_GUID_b196b285_bab4_101a_b69c_00aa00341d07@@3U__s_GUID@@BPEAUIConnectionPoint@@V?$_CopyInterface@UIConnectionPoint@@@ATL@@@ATL@@UEAAJPEAPEAUIEnumConnectionPoints@@@Z 0000000180004378 f i FiscalPrinter.obj
 0001:000034a4       ?QueryInterface@?$CComObject@V?$CComEnum@UIEnumConnectionPoints@@$1?_GUID_b196b285_bab4_101a_b69c_00aa00341d07@@3U__s_GUID@@BPEAUIConnectionPoint@@V?$_CopyInterface@UIConnectionPoint@@@ATL@@VCComSingleThreadModel@6@@ATL@@@ATL@@UEAAJAEBU_GUID@@PEAPEAX@Z 00000001800044a4 f i FiscalPrinter.obj
 0001:000034b8       ??_E?$CComObject@V?$CComEnum@UIEnumConnectionPoints@@$1?_GUID_b196b285_bab4_101a_b69c_00aa00341d07@@3U__s_GUID@@BPEAUIConnectionPoint@@V?$_CopyInterface@UIConnectionPoint@@@ATL@@VCComSingleThreadModel@6@@ATL@@@ATL@@UEAAPEAXI@Z 00000001800044b8 f i FiscalPrinter.obj
 0001:000034b8       ??_G?$CComObject@V?$CComEnum@UIEnumConnectionPoints@@$1?_GUID_b196b285_bab4_101a_b69c_00aa00341d07@@3U__s_GUID@@BPEAUIConnectionPoint@@V?$_CopyInterface@UIConnectionPoint@@@ATL@@VCComSingleThreadModel@6@@ATL@@@ATL@@UEAAPEAXI@Z 00000001800044b8 f i FiscalPrinter.obj
 0001:00003510       ?OnDrawAdvanced@CComControlBase@ATL@@UEAAJAEAUATL_DRAWINFO@@@Z 0000000180004510 f i FiscalPrinter.obj
 0001:0000369c       ??$AtlModuleRegisterWndClassInfoT@VAtlModuleRegisterWndClassInfoParamW@ATL@@@ATL@@YAGPEAU_ATL_BASE_MODULE70@0@PEAU_ATL_WIN_MODULE70@0@PEAU_ATL_WNDCLASSINFOW@0@PEAP6A_JPEAUHWND__@@I_K_J@ZVAtlModuleRegisterWndClassInfoParamW@0@@Z 000000018000469c f i FiscalPrinter.obj
 0001:0000389c       ??0?$CComContainedObject@VCOPOSFiscalPrinter@@@ATL@@QEAA@PEAX@Z 000000018000489c f i FiscalPrinter.obj
 0001:000039b8       ??0?$CComObject@VCOPOSFiscalPrinter@@@ATL@@QEAA@PEAX@Z 00000001800049b8 f i FiscalPrinter.obj
 0001:00003ad0       ??0CAtlModule@ATL@@QEAA@XZ 0000000180004ad0 f i FiscalPrinter.obj
 0001:00003b44       ??1?$CComEnumImpl@UIEnumConnectionPoints@@$1?_GUID_b196b285_bab4_101a_b69c_00aa00341d07@@3U__s_GUID@@BPEAUIConnectionPoint@@V?$_CopyInterface@UIConnectionPoint@@@ATL@@@ATL@@UEAA@XZ 0000000180004b44 f i FiscalPrinter.obj
 0001:00003b9c       ??1?$CComEnumImpl@UIEnumConnections@@$1?_GUID_b196b287_bab4_101a_b69c_00aa00341d07@@3U__s_GUID@@BUtagCONNECTDATA@@V?$_Copy@UtagCONNECTDATA@@@ATL@@@ATL@@UEAA@XZ 0000000180004b9c f i FiscalPrinter.obj
 0001:00003bf4       ??1?$CComObject@VCOPOSFiscalPrinter@@@ATL@@UEAA@XZ 0000000180004bf4 f i FiscalPrinter.obj
 0001:00003d14       ??_G?$CComContainedObject@VCOPOSFiscalPrinter@@@ATL@@UEAAPEAXI@Z 0000000180004d14 f i FiscalPrinter.obj
 0001:00003d14       ??_E?$CComContainedObject@VCOPOSFiscalPrinter@@@ATL@@UEAAPEAXI@Z 0000000180004d14 f i FiscalPrinter.obj
 0001:00003d48       ??_E?$CComObject@VCOPOSFiscalPrinter@@@ATL@@UEAAPEAXI@Z 0000000180004d48 f i FiscalPrinter.obj
 0001:00003d48       ??_G?$CComObject@VCOPOSFiscalPrinter@@@ATL@@UEAAPEAXI@Z 0000000180004d48 f i FiscalPrinter.obj
 0001:00003d7c       ?Add@?$CSimpleArray@GV?$CSimpleArrayEqualHelper@G@ATL@@@ATL@@QEAAHAEBG@Z 0000000180004d7c f i FiscalPrinter.obj
 0001:00003e1c       ?Add@?$CSimpleMap@PEA_WPEA_WVCExpansionVectorEqualHelper@ATL@@@ATL@@QEAAHAEBQEA_W0@Z 0000000180004e1c f i FiscalPrinter.obj
 0001:00003eb8       ?Add@CComDynamicUnkArray@ATL@@QEAAKPEAUIUnknown@@@Z 0000000180004eb8 f i FiscalPrinter.obj
 0001:00003f9c       ?Add@CExpansionVector@ATL@@QEAAHPEB_W0@Z 0000000180004f9c f i FiscalPrinter.obj
 0001:000040d0       ?AddTermFunc@CAtlModule@ATL@@QEAAJP6AX_K@Z0@Z 00000001800050d0 f i FiscalPrinter.obj
 0001:0000416c       ?AddValue@CRegParser@ATL@@IEAAJAEAVCRegKey@2@PEB_WPEA_W@Z 000000018000516c f i FiscalPrinter.obj
 0001:0000457c       ?AllocateHeap@?$CTempBuffer@E$0BAA@VCCRTAllocator@ATL@@@ATL@@AEAAX_K@Z 000000018000557c f i FiscalPrinter.obj
 0001:0000457c       ?AllocateHeap@?$CTempBuffer@_W$0BAA@VCCRTAllocator@ATL@@@ATL@@AEAAX_K@Z 000000018000557c f i FiscalPrinter.obj
 0001:0000457c       ?AllocateHeap@?$CTempBuffer@_W$0EAA@VCCRTAllocator@ATL@@@ATL@@AEAAX_K@Z 000000018000557c f i FiscalPrinter.obj
 0001:000045a8       ?Append@CParseBuffer@CRegParser@ATL@@QEAAHPEB_WH@Z 00000001800055a8 f i FiscalPrinter.obj
 0001:000046dc       ?AtlComModuleGetClassObject@ATL@@YAJPEAU_ATL_COM_MODULE70@1@AEBU_GUID@@1PEAPEAX@Z 00000001800056dc f i FiscalPrinter.obj
 0001:00004818       ?AtlComModuleRegisterServer@ATL@@YAJPEAU_ATL_COM_MODULE70@1@HPEBU_GUID@@@Z 0000000180005818 f i FiscalPrinter.obj
 0001:000048d8       ?AtlComModuleUnregisterServer@ATL@@YAJPEAU_ATL_COM_MODULE70@1@HPEBU_GUID@@@Z 00000001800058d8 f i FiscalPrinter.obj
 0001:00004994       ?AtlHiMetricToPixel@ATL@@YAXPEBUtagSIZE@@PEAU2@@Z 0000000180005994 f i FiscalPrinter.obj
 0001:00004a44       ?AtlHresultFromLastError@ATL@@YAJXZ 0000000180005a44 f i FiscalPrinter.obj
 0001:00004a64       ?AtlHresultFromWin32@ATL@@YAJK@Z 0000000180005a64 f i FiscalPrinter.obj
 0001:00004a74       ?AtlInternalOleLoadFromStream@ATL@@YAJPEAUIStream@@AEBU_GUID@@PEAPEAXTClassesAllowedInStream@1@K@Z 0000000180005a74 f i FiscalPrinter.obj
 0001:00004bc4       ?AtlInternalQueryInterface@ATL@@YAJPEAXPEBU_ATL_INTMAP_ENTRY@1@AEBU_GUID@@PEAPEAX@Z 0000000180005bc4 f i FiscalPrinter.obj
 0001:00004ccc       ?AtlLoadTypeLib@ATL@@YAJPEAUHINSTANCE__@@PEB_WPEAPEA_WPEAPEAUITypeLib@@@Z 0000000180005ccc f i FiscalPrinter.obj
 0001:00004f28       ?AtlRegisterClassCategoriesHelper@ATL@@YAJAEBU_GUID@@PEBU_ATL_CATMAP_ENTRY@1@H@Z 0000000180005f28 f i FiscalPrinter.obj
 0001:000053ac       ?AtlRegisterTypeLib@ATL@@YAJPEAUHINSTANCE__@@PEB_W@Z 00000001800063ac f i FiscalPrinter.obj
 0001:000055a8       ?AtlThrowImpl@ATL@@YAXJ@Z  00000001800065a8 f i FiscalPrinter.obj
 0001:000055cc       ?AtlUnRegisterTypeLib@ATL@@YAJPEAUHINSTANCE__@@PEB_W@Z 00000001800065cc f i FiscalPrinter.obj
 0001:00005694       ?AtlWinModuleExtractCreateWndData@ATL@@YAPEAXPEAU_ATL_WIN_MODULE70@1@@Z 0000000180006694 f i FiscalPrinter.obj
 0001:00005720       ?ChToByte@CRegParser@ATL@@KAE_W@Z 0000000180006720 f i FiscalPrinter.obj
 0001:000057ac       ?Cleanup@CComTypeInfoHolder@ATL@@SAX_K@Z 00000001800067ac f i FiscalPrinter.obj
 0001:000057ec       ?ClearReplacements@CExpansionVector@ATL@@QEAAJXZ 00000001800067ec f i FiscalPrinter.obj
 0001:00005888       ?CreateInstance@?$CComCreator@V?$CComAggObject@VCOPOSFiscalPrinter@@@ATL@@@ATL@@SAJPEAXAEBU_GUID@@PEAPEAX@Z 0000000180006888 f i FiscalPrinter.obj
 0001:0000596c       ?CreateInstance@?$CComCreator@V?$CComObject@VCOPOSFiscalPrinter@@@ATL@@@ATL@@SAJPEAXAEBU_GUID@@PEAPEAX@Z 000000018000696c f i FiscalPrinter.obj
 0001:00005a2c       ?CreateInstance@?$CComObject@V?$CComEnum@UIEnumConnectionPoints@@$1?_GUID_b196b285_bab4_101a_b69c_00aa00341d07@@3U__s_GUID@@BPEAUIConnectionPoint@@V?$_CopyInterface@UIConnectionPoint@@@ATL@@VCComSingleThreadModel@6@@ATL@@@ATL@@SAJPEAPEAV12@@Z 0000000180006a2c f i FiscalPrinter.obj
 0001:00005abc       ?CreateInstance@?$CComObject@V?$CComEnum@UIEnumConnections@@$1?_GUID_b196b287_bab4_101a_b69c_00aa00341d07@@3U__s_GUID@@BUtagCONNECTDATA@@V?$_Copy@UtagCONNECTDATA@@@ATL@@VCComSingleThreadModel@6@@ATL@@@ATL@@SAJPEAPEAV12@@Z 0000000180006abc f i FiscalPrinter.obj
 0001:00005b4c       ?DefaultReflectionHandler@?$CWindowImplRoot@VCWindow@ATL@@@ATL@@SAHPEAUHWND__@@I_K_JAEA_J@Z 0000000180006b4c f i FiscalPrinter.obj
 0001:00005be0       ?DeleteSubKey@CRegKey@ATL@@QEAAJPEB_W@Z 0000000180006be0 f i FiscalPrinter.obj
 0001:00005c78       ?DoEvent@COPOSFiscalPrinter@@IEAAXI_K_J@Z 0000000180006c78 f i FiscalPrinter.obj
 0001:00005d2c       ?DoVerbPrimary@?$IOleObjectImpl@VCOPOSFiscalPrinter@@@ATL@@QEAAJPEBUtagRECT@@PEAUHWND__@@@Z 0000000180006d2c f i FiscalPrinter.obj
 0001:00005e58       ?DoVerbProperties@CComControlBase@ATL@@QEAAJPEBUtagRECT@@PEAUHWND__@@@Z 0000000180006e58 f i FiscalPrinter.obj
 0001:00006080       ?FireTheEvent@?$CProxy_IOPOSEvents@VCOPOSFiscalPrinter@@@@IEAAXPEAVOposVariant@@IAEAJPEB_WJ@Z 0000000180007080 f i FiscalPrinter.obj
 0001:0000616c       ?FireViewChange@CComControlBase@ATL@@QEAAJXZ 000000018000716c f i FiscalPrinter.obj
 0001:000061d0       ?Fire_DirectIOEvent@?$CProxy_IOPOSEvents@VCOPOSFiscalPrinter@@@@QEAAXJPEAJPEAPEA_W@Z 00000001800071d0 f i FiscalPrinter.obj
 0001:00006330       ?Fire_ErrorEvent@?$CProxy_IOPOSEvents@VCOPOSFiscalPrinter@@@@QEAAXJJJPEAJ@Z 0000000180007330 f i FiscalPrinter.obj
 0001:000064a4       ?Fire_OutputCompleteEvent@?$CProxy_IOPOSEvents@VCOPOSFiscalPrinter@@@@QEAAXJ@Z 00000001800074a4 f i FiscalPrinter.obj
 0001:00006590       ?Fire_StatusUpdateEvent@?$CProxy_IOPOSEvents@VCOPOSFiscalPrinter@@@@QEAAXJ@Z 0000000180007590 f i FiscalPrinter.obj
 0001:0000667c       ?FreeHeap@?$CTempBuffer@_W$0EAA@VCCRTAllocator@ATL@@@ATL@@AEAAXXZ 000000018000767c f i FiscalPrinter.obj
 0001:0000667c       ?FreeHeap@?$CTempBuffer@_W$0BAA@VCCRTAllocator@ATL@@@ATL@@AEAAXXZ 000000018000767c f i FiscalPrinter.obj
 0001:0000667c       ?FreeHeap@?$CTempBuffer@E$0BAA@VCCRTAllocator@ATL@@@ATL@@AEAAXXZ 000000018000767c f i FiscalPrinter.obj
 0001:00006684       ?GetAmbientLocaleID@CComControlBase@ATL@@QEAAJAEAK@Z 0000000180007684 f i FiscalPrinter.obj
 0001:00006744       ?GetAmbientUserMode@CComControlBase@ATL@@QEAAJAEAH@Z 0000000180007744 f i FiscalPrinter.obj
 0001:00006814       ?GetClassObject@CComModule@ATL@@QEAAJAEBU_GUID@@0PEAPEAX@Z 0000000180007814 f i FiscalPrinter.obj
 0001:00006908       ?GetConnMap@COPOSFiscalPrinter@@SAPEBU_ATL_CONNMAP_ENTRY@ATL@@PEAH@Z 0000000180007908 f i FiscalPrinter.obj
 0001:00006990       ?GetIDsOfNames@CComTypeInfoHolder@ATL@@QEAAJAEBU_GUID@@PEAPEA_WIKPEAJ@Z 0000000180007990 f i FiscalPrinter.obj
 0001:00006b00       ?GetPagesHelper@?$ISpecifyPropertyPagesImpl@VCOPOSFiscalPrinter@@@ATL@@IEAAJPEAUtagCAUUID@@PEBUATL_PROPMAP_ENTRY@2@@Z 0000000180007b00 f i FiscalPrinter.obj
 0001:00006ca0       ?GetSizeMax@CComVariant@ATL@@QEBAJPEAT_ULARGE_INTEGER@@@Z 0000000180007ca0 f i FiscalPrinter.obj
 0001:00006ed0       ?GetTI@CComTypeInfoHolder@ATL@@QEAAJK@Z 0000000180007ed0 f i FiscalPrinter.obj
 0001:000071b4       ?GetZoomInfo@CComControlBase@ATL@@QEAAXAEAUATL_DRAWINFO@@@Z 00000001800081b4 f i FiscalPrinter.obj
 0001:00007258       ?HKeyFromString@CRegParser@ATL@@KAPEAUHKEY__@@PEA_W@Z 0000000180008258 f i FiscalPrinter.obj
 0001:000072bc       ?IDataObject_GetData@CComControlBase@ATL@@QEAAJPEAUtagFORMATETC@@PEAUtagSTGMEDIUM@@@Z 00000001800082bc f i FiscalPrinter.obj
 0001:000074b0       ?IOleInPlaceObject_InPlaceDeactivate@CComControlBase@ATL@@QEAAJXZ 00000001800084b0 f i FiscalPrinter.obj
 0001:00007550       ?IOleInPlaceObject_SetObjectRects@CComControlBase@ATL@@QEAAJPEBUtagRECT@@0@Z 0000000180008550 f i FiscalPrinter.obj
 0001:00007640       ?IOleInPlaceObject_UIDeactivate@CComControlBase@ATL@@QEAAJXZ 0000000180008640 f i FiscalPrinter.obj
 0001:0000774c       ?IOleObject_Close@CComControlBase@ATL@@QEAAJK@Z 000000018000874c f i FiscalPrinter.obj
 0001:00007864       ?IOleObject_SetClientSite@CComControlBase@ATL@@QEAAJPEAUIOleClientSite@@@Z 0000000180008864 f i FiscalPrinter.obj
 0001:000078d8       ?IOleObject_SetExtent@CComControlBase@ATL@@QEAAJKPEAUtagSIZE@@@Z 00000001800088d8 f i FiscalPrinter.obj
 0001:00007970       ?IPSI_GetIPersistStreamInit@?$IPersistStorageImpl@VCOPOSFiscalPrinter@@@ATL@@AEAAPEAUIPersistStreamInit@@XZ 0000000180008970 f i FiscalPrinter.obj
 0001:00007a58       ?IPersistStreamInit_Load@?$IPersistStreamInitImpl@VCOPOSFiscalPrinter@@@ATL@@QEAAJPEAUIStream@@PEBUATL_PROPMAP_ENTRY@2@@Z 0000000180008a58 f i FiscalPrinter.obj
 0001:00007d80       ?IPersistStreamInit_Save@?$IPersistStreamInitImpl@VCOPOSFiscalPrinter@@@ATL@@QEAAJPEAUIStream@@HPEBUATL_PROPMAP_ENTRY@2@@Z 0000000180008d80 f i FiscalPrinter.obj
 0001:0000801c       ?IQuickActivate_QuickActivate@CComControlBase@ATL@@QEAAJPEAUtagQACONTAINER@@PEAUtagQACONTROL@@@Z 000000018000901c f i FiscalPrinter.obj
 0001:000082e0       ?IViewObject_Draw@CComControlBase@ATL@@QEAAJKJPEAXPEAUtagDVTARGETDEVICE@@PEAUHDC__@@2PEBU_RECTL@@3@Z 00000001800092e0 f i FiscalPrinter.obj
 0001:000083f4       ?InPlaceActivate@CComControlBase@ATL@@QEAAJJPEBUtagRECT@@@Z 00000001800093f4 f i FiscalPrinter.obj
 0001:00008724       ?Init@?$CComEnumImpl@UIEnumConnectionPoints@@$1?_GUID_b196b285_bab4_101a_b69c_00aa00341d07@@3U__s_GUID@@BPEAUIConnectionPoint@@V?$_CopyInterface@UIConnectionPoint@@@ATL@@@ATL@@QEAAJPEAPEAUIConnectionPoint@@0PEAUIUnknown@@W4CComEnumFlags@2@@Z 0000000180009724 f i FiscalPrinter.obj
 0001:00008840       ?Init@?$CComEnumImpl@UIEnumConnections@@$1?_GUID_b196b287_bab4_101a_b69c_00aa00341d07@@3U__s_GUID@@BUtagCONNECTDATA@@V?$_Copy@UtagCONNECTDATA@@@ATL@@@ATL@@QEAAJPEAUtagCONNECTDATA@@0PEAUIUnknown@@W4CComEnumFlags@2@@Z 0000000180009840 f i FiscalPrinter.obj
 0001:00008960       ?IsEqualObject@?$CComPtrBase@UIOleClientSite@@@ATL@@QEAA_NPEAUIUnknown@@@Z 0000000180009960 f i FiscalPrinter.obj
 0001:000089ec       ?LoadNameCache@CComTypeInfoHolder@ATL@@QEAAJPEAUITypeInfo@@@Z 00000001800099ec f i FiscalPrinter.obj
 0001:00008b7c       ?Lookup@?$CSimpleMap@PEA_WPEA_WVCExpansionVectorEqualHelper@ATL@@@ATL@@QEBAPEA_WAEBQEA_W@Z 0000000180009b7c f i FiscalPrinter.obj
 0001:00008c04       ?NextToken@CRegParser@ATL@@IEAAJPEA_W@Z 0000000180009c04 f i FiscalPrinter.obj
 0001:00008da0       ?OnKillFocus@CComControlBase@ATL@@QEAA_JI_K_JAEAH@Z 0000000180009da0 f i FiscalPrinter.obj
 0001:00008e3c       ?OnMouseActivate@CComControlBase@ATL@@QEAA_JI_K_JAEAH@Z 0000000180009e3c f i FiscalPrinter.obj
 0001:00008edc       ?OnPaint@CComControlBase@ATL@@QEAA_JI_K_JAEAH@Z 0000000180009edc f i FiscalPrinter.obj
 0001:00008fc8       ?OnSetFocus@CComControlBase@ATL@@QEAA_JI_K_JAEAH@Z 0000000180009fc8 f i FiscalPrinter.obj
 0001:000090d0       ?PreProcessBuffer@CRegParser@ATL@@QEAAJPEA_WPEAPEA_W@Z 000000018000a0d0 f i FiscalPrinter.obj
 0001:00009458       ?ProcessWindowMessage@?$CComControl@VCOPOSFiscalPrinter@@V?$CWindowImpl@VCOPOSFiscalPrinter@@VCWindow@ATL@@V?$CWinTraits@$0FGAAAAAA@$0A@@3@@ATL@@@ATL@@UEAAHPEAUHWND__@@I_K_JAEA_JK@Z 000000018000a458 f i FiscalPrinter.obj
 0001:00009544       ?ReadFromStream@CComBSTR@ATL@@QEAAJPEAUIStream@@@Z 000000018000a544 f i FiscalPrinter.obj
 0001:00009694       ?ReadFromStream@CComVariant@ATL@@QEAAJPEAUIStream@@GTClassesAllowedInStream@2@K@Z 000000018000a694 f i FiscalPrinter.obj
 0001:000098d8       ?RecurseDeleteKey@CRegKey@ATL@@QEAAJPEB_W@Z 000000018000a8d8 f i FiscalPrinter.obj
 0001:00009a30       ?RegCreateKeyExW@CAtlTransactionManager@ATL@@QEAAJPEAUHKEY__@@PEB_WKPEA_WKKQEAU_SECURITY_ATTRIBUTES@@PEAPEAU3@PEAK@Z 000000018000aa30 f i FiscalPrinter.obj
 0001:00009b64       ?RegDeleteKeyW@CAtlTransactionManager@ATL@@QEAAJPEAUHKEY__@@PEB_W@Z 000000018000ab64 f i FiscalPrinter.obj
 0001:00009bf0       ?RegOpenKeyExW@CAtlTransactionManager@ATL@@QEAAJPEAUHKEY__@@PEB_WKKPEAPEAU3@@Z 000000018000abf0 f i FiscalPrinter.obj
 0001:00009ca8       ?RegisterBuffer@CRegParser@ATL@@QEAAJPEA_WH@Z 000000018000aca8 f i FiscalPrinter.obj
 0001:00009e14       ?RegisterFromResource@CRegObject@ATL@@IEAAJPEB_W00H@Z 000000018000ae14 f i FiscalPrinter.obj
 0001:00009fd0       ?RegisterServer@CComModule@ATL@@QEAAJHPEBU_GUID@@@Z 000000018000afd0 f i FiscalPrinter.obj
 0001:0000a08c       ?RegisterSubkeys@CRegParser@ATL@@IEAAJPEA_WPEAUHKEY__@@HH@Z 000000018000b08c f i FiscalPrinter.obj
 0001:0000a90c       ?SendOnDataChange@CComControlBase@ATL@@QEAAJK@Z 000000018000b90c f i FiscalPrinter.obj
 0001:0000a97c       ?SetControlFocus@CComControlBase@ATL@@QEAAHH@Z 000000018000b97c f i FiscalPrinter.obj
 0001:0000aa4c       ?SkipAssignment@CRegParser@ATL@@IEAAJPEA_W@Z 000000018000ba4c f i FiscalPrinter.obj
 0001:0000ab04       ?Term@CAtlModule@ATL@@QEAAXXZ 000000018000bb04 f i FiscalPrinter.obj
 0001:0000abbc       ?Term@CComModule@ATL@@QEAAXXZ 000000018000bbbc f i FiscalPrinter.obj
 0001:0000ac38       ?UnregisterServer@CComModule@ATL@@QEAAJHPEBU_GUID@@@Z 000000018000bc38 f i FiscalPrinter.obj
 0001:0000ace8       ?UpdateRegistryFromResource@CAtlModule@ATL@@QEAAJIHPEAU_ATL_REGMAP_ENTRY@2@@Z 000000018000bce8 f i FiscalPrinter.obj
 0001:0000aff4       ?UpdateRegistryFromResource@CAtlModule@ATL@@QEAAJPEB_WHPEAU_ATL_REGMAP_ENTRY@2@@Z 000000018000bff4 f i FiscalPrinter.obj
 0001:0000b318       ?VTFromRegType@CRegParser@ATL@@KAHPEB_WAEAG@Z 000000018000c318 f i FiscalPrinter.obj
 0001:0000b3b4       ?WindowProc@?$CWindowImplBaseT@VCWindow@ATL@@V?$CWinTraits@$0FGAAAAAA@$0A@@2@@ATL@@SA_JPEAUHWND__@@I_K_J@Z 000000018000c3b4 f i FiscalPrinter.obj
 0001:0000b520       ?WriteToStream@CComVariant@ATL@@QEAAJPEAUIStream@@@Z 000000018000c520 f i FiscalPrinter.obj
 0001:0000b78c       ?WriteToStream@CComVariant@ATL@@QEAAJPEAUIStream@@G@Z 000000018000c78c f i FiscalPrinter.obj
 0001:0000b824       ?_AtlVerifyStackAvailable@_ATL_SAFE_ALLOCA_IMPL@ATL@@YA_N_K@Z 000000018000c824 f i FiscalPrinter.obj
 0001:0000b8a8       ?atlCreate@?$CWindowImpl@VCOPOSFiscalPrinter@@VCWindow@ATL@@V?$CWinTraits@$0FGAAAAAA@$0A@@3@@ATL@@QEAAPEAUHWND__@@PEAU3@V_U_RECT@2@PEB_WKKV_U_MENUorID@2@PEAX@Z 000000018000c8a8 f i FiscalPrinter.obj
 0001:0000b964       ?atlCreate@?$CWindowImplBaseT@VCWindow@ATL@@V?$CWinTraits@$0FGAAAAAA@$0A@@2@@ATL@@QEAAPEAUHWND__@@PEAU3@V_U_RECT@2@PEB_WKKV_U_MENUorID@2@GPEAX@Z 000000018000c964 f i FiscalPrinter.obj
 0001:0000bad4       ?ocscpy_s@@YA_NPEA_W_KPEB_W@Z 000000018000cad4 f i FiscalPrinter.obj
 0001:0000bb84       DllCanUnloadNow            000000018000cb84 f   FiscalPrinter.obj
 0001:0000bb90       DllGetClassObject          000000018000cb90 f   FiscalPrinter.obj
 0001:0000bba8       DllMain                    000000018000cba8 f   FiscalPrinter.obj
 0001:0000bc50       DllRegisterServer          000000018000cc50 f   FiscalPrinter.obj
 0001:0000bc64       DllUnregisterServer        000000018000cc64 f   FiscalPrinter.obj
 0001:0000bc78       __local_stdio_printf_options 000000018000cc78 f i FiscalPrinter.obj
 0001:0000bc80       swprintf_s                 000000018000cc80 f i FiscalPrinter.obj
 0001:0000bcd4       ??0COPOSFiscalPrinter@@QEAA@XZ 000000018000ccd4 f   FiscalPrinterImpl.obj
 0001:0000bd9c       ??1?$IConnectionPointImpl@VCOPOSFiscalPrinter@@$1?DIID__IOPOSFiscalPrinterEvents@@3U_GUID@@BVCComDynamicUnkArray@ATL@@@ATL@@QEAA@XZ 000000018000cd9c f i FiscalPrinterImpl.obj
 0001:0000bd9c       ??1?$IConnectionPointImpl@VCOPOSFiscalPrinter@@$1?IID_IPropertyNotifySink@@3U_GUID@@BVCComDynamicUnkArray@ATL@@@ATL@@QEAA@XZ 000000018000cd9c f i FiscalPrinterImpl.obj
 0001:0000bdf8       ??1CComControlBase@ATL@@UEAA@XZ 000000018000cdf8 f i FiscalPrinterImpl.obj
 0001:0000be74       ??1COPOSFiscalPrinter@@UEAA@XZ 000000018000ce74 f   FiscalPrinterImpl.obj
 0001:0000bed8       ?BeginFiscalDocument@COPOSFiscalPrinter@@UEAAJJPEAJ@Z 000000018000ced8 f   FiscalPrinterImpl.obj
 0001:0000bf54       ?BeginFiscalReceipt@COPOSFiscalPrinter@@UEAAJFPEAJ@Z 000000018000cf54 f   FiscalPrinterImpl.obj
 0001:0000bfd0       ?BeginFixedOutput@COPOSFiscalPrinter@@UEAAJJJPEAJ@Z 000000018000cfd0 f   FiscalPrinterImpl.obj
 0001:0000c09c       ?BeginInsertion@COPOSFiscalPrinter@@UEAAJJPEAJ@Z 000000018000d09c f   FiscalPrinterImpl.obj
 0001:0000c118       ?BeginItemList@COPOSFiscalPrinter@@UEAAJJPEAJ@Z 000000018000d118 f   FiscalPrinterImpl.obj
 0001:0000c194       ?BeginNonFiscal@COPOSFiscalPrinter@@UEAAJPEAJ@Z 000000018000d194 f   FiscalPrinterImpl.obj
 0001:0000c1bc       ?BeginRemoval@COPOSFiscalPrinter@@UEAAJJPEAJ@Z 000000018000d1bc f   FiscalPrinterImpl.obj
 0001:0000c238       ?BeginTraining@COPOSFiscalPrinter@@UEAAJPEAJ@Z 000000018000d238 f   FiscalPrinterImpl.obj
 0001:0000c260       ?CheckHealth@COPOSFiscalPrinter@@UEAAJJPEAJ@Z 000000018000d260 f   FiscalPrinterImpl.obj
 0001:0000c2dc       ?ClaimDevice@COPOSFiscalPrinter@@UEAAJJPEAJ@Z 000000018000d2dc f   FiscalPrinterImpl.obj
 0001:0000c37c       ?ClearError@COPOSFiscalPrinter@@UEAAJPEAJ@Z 000000018000d37c f   FiscalPrinterImpl.obj
 0001:0000c3a4       ?ClearOutput@COPOSFiscalPrinter@@UEAAJPEAJ@Z 000000018000d3a4 f   FiscalPrinterImpl.obj
 0001:0000c3cc       ?Close@COPOSFiscalPrinter@@UEAAJPEAJ@Z 000000018000d3cc f   FiscalPrinterImpl.obj
 0001:0000c484       ?CompareFirmwareVersion@COPOSFiscalPrinter@@UEAAJPEA_WPEAJ1@Z 000000018000d484 f   FiscalPrinterImpl.obj
 0001:0000c560       ?DirectIO@COPOSFiscalPrinter@@UEAAJJPEAJPEAPEA_W0@Z 000000018000d560 f   FiscalPrinterImpl.obj
 0001:0000c65c       ?DoInvoke@COPOSFiscalPrinter@@IEAAJJPEAVOposVariant@@IHPEAJ_N@Z 000000018000d65c f   FiscalPrinterImpl.obj
 0001:0000c790       ?EndFiscalDocument@COPOSFiscalPrinter@@UEAAJPEAJ@Z 000000018000d790 f   FiscalPrinterImpl.obj
 0001:0000c7b8       ?EndFiscalReceipt@COPOSFiscalPrinter@@UEAAJFPEAJ@Z 000000018000d7b8 f   FiscalPrinterImpl.obj
 0001:0000c834       ?EndFixedOutput@COPOSFiscalPrinter@@UEAAJPEAJ@Z 000000018000d834 f   FiscalPrinterImpl.obj
 0001:0000c85c       ?EndInsertion@COPOSFiscalPrinter@@UEAAJPEAJ@Z 000000018000d85c f   FiscalPrinterImpl.obj
 0001:0000c884       ?EndItemList@COPOSFiscalPrinter@@UEAAJPEAJ@Z 000000018000d884 f   FiscalPrinterImpl.obj
 0001:0000c8ac       ?EndNonFiscal@COPOSFiscalPrinter@@UEAAJPEAJ@Z 000000018000d8ac f   FiscalPrinterImpl.obj
 0001:0000c8d4       ?EndRemoval@COPOSFiscalPrinter@@UEAAJPEAJ@Z 000000018000d8d4 f   FiscalPrinterImpl.obj
 0001:0000c8fc       ?EndTraining@COPOSFiscalPrinter@@UEAAJPEAJ@Z 000000018000d8fc f   FiscalPrinterImpl.obj
 0001:0000c924       ?EventInit@COPOSFiscalPrinter@@IEAAJXZ 000000018000d924 f i FiscalPrinterImpl.obj
 0001:0000ca74       ?EventUninit@COPOSFiscalPrinter@@IEAAXXZ 000000018000da74 f i FiscalPrinterImpl.obj
 0001:0000cad8       ?EventWindowProc@COPOSFiscalPrinter@@IEAA_JI_K_J@Z 000000018000dad8 f i FiscalPrinterImpl.obj
 0001:0000cc54       ?FinalConstruct@COPOSFiscalPrinter@@QEAAJXZ 000000018000dc54 f   FiscalPrinterImpl.obj
 0001:0000cc90       ?FreezeEvents@COPOSFiscalPrinter@@MEAAJH@Z 000000018000dc90 f   FiscalPrinterImpl.obj
 0001:0000ccfc       ?GetData@COPOSFiscalPrinter@@UEAAJJPEAJPEAPEA_W0@Z 000000018000dcfc f   FiscalPrinterImpl.obj
 0001:0000cdf8       ?GetDate@COPOSFiscalPrinter@@UEAAJPEAPEA_WPEAJ@Z 000000018000ddf8 f   FiscalPrinterImpl.obj
 0001:0000ce80       ?GetOposProp@COPOSFiscalPrinter@@IEAAJJPEAJJ@Z 000000018000de80 f   FiscalPrinterImpl.obj
 0001:0000cf9c       ?GetOposProp@COPOSFiscalPrinter@@IEAAJJPEAPEA_WJ@Z 000000018000df9c f   FiscalPrinterImpl.obj
 0001:0000d0c8       ?GetTotalizer@COPOSFiscalPrinter@@UEAAJJJPEAPEA_WPEAJ@Z 000000018000e0c8 f   FiscalPrinterImpl.obj
 0001:0000d1c0       ?GetVatEntry@COPOSFiscalPrinter@@UEAAJJJPEAJ0@Z 000000018000e1c0 f   FiscalPrinterImpl.obj
 0001:0000d2b8       ?OnDraw@COPOSFiscalPrinter@@MEAAJAEAUATL_DRAWINFO@@@Z 000000018000e2b8 f   FiscalPrinterImpl.obj
 0001:0000d3a4       ?Open@COPOSFiscalPrinter@@UEAAJPEA_WPEAJ@Z 000000018000e3a4 f   FiscalPrinterImpl.obj
 0001:0000dc0c       ?PrintDuplicateReceipt@COPOSFiscalPrinter@@UEAAJPEAJ@Z 000000018000ec0c f   FiscalPrinterImpl.obj
 0001:0000dc34       ?PrintFiscalDocumentLine@COPOSFiscalPrinter@@UEAAJPEA_WPEAJ@Z 000000018000ec34 f   FiscalPrinterImpl.obj
 0001:0000dcbc       ?PrintFixedOutput@COPOSFiscalPrinter@@UEAAJJJPEA_WPEAJ@Z 000000018000ecbc f   FiscalPrinterImpl.obj
 0001:0000ddb4       ?PrintNormal@COPOSFiscalPrinter@@UEAAJJPEA_WPEAJ@Z 000000018000edb4 f   FiscalPrinterImpl.obj
 0001:0000de8c       ?PrintPeriodicTotalsReport@COPOSFiscalPrinter@@UEAAJPEA_W0PEAJ@Z 000000018000ee8c f   FiscalPrinterImpl.obj
 0001:0000df68       ?PrintPowerLossReport@COPOSFiscalPrinter@@UEAAJPEAJ@Z 000000018000ef68 f   FiscalPrinterImpl.obj
 0001:0000df90       ?PrintRecCash@COPOSFiscalPrinter@@UEAAJTtagCY@@PEAJ@Z 000000018000ef90 f   FiscalPrinterImpl.obj
 0001:0000e00c       ?PrintRecItem@COPOSFiscalPrinter@@UEAAJPEA_WTtagCY@@JJ10PEAJ@Z 000000018000f00c f   FiscalPrinterImpl.obj
 0001:0000e138       ?PrintRecItemAdjustment@COPOSFiscalPrinter@@UEAAJJPEA_WTtagCY@@JPEAJ@Z 000000018000f138 f   FiscalPrinterImpl.obj
 0001:0000e244       ?PrintRecItemAdjustmentVoid@COPOSFiscalPrinter@@UEAAJJPEA_WTtagCY@@JPEAJ@Z 000000018000f244 f   FiscalPrinterImpl.obj
 0001:0000e350       ?PrintRecItemFuel@COPOSFiscalPrinter@@UEAAJPEA_WTtagCY@@JJ1010PEAJ@Z 000000018000f350 f   FiscalPrinterImpl.obj
 0001:0000e4a4       ?PrintRecItemFuelVoid@COPOSFiscalPrinter@@UEAAJPEA_WTtagCY@@J1PEAJ@Z 000000018000f4a4 f   FiscalPrinterImpl.obj
 0001:0000e5b0       ?PrintRecItemRefund@COPOSFiscalPrinter@@UEAAJPEA_WTtagCY@@JJ10PEAJ@Z 000000018000f5b0 f   FiscalPrinterImpl.obj
 0001:0000e6dc       ?PrintRecItemRefundVoid@COPOSFiscalPrinter@@UEAAJPEA_WTtagCY@@JJ10PEAJ@Z 000000018000f6dc f   FiscalPrinterImpl.obj
 0001:0000e808       ?PrintRecItemVoid@COPOSFiscalPrinter@@UEAAJPEA_WTtagCY@@JJ10PEAJ@Z 000000018000f808 f   FiscalPrinterImpl.obj
 0001:0000e934       ?PrintRecMessage@COPOSFiscalPrinter@@UEAAJPEA_WPEAJ@Z 000000018000f934 f   FiscalPrinterImpl.obj
 0001:0000e9bc       ?PrintRecNotPaid@COPOSFiscalPrinter@@UEAAJPEA_WTtagCY@@PEAJ@Z 000000018000f9bc f   FiscalPrinterImpl.obj
 0001:0000ea94       ?PrintRecPackageAdjustVoid@COPOSFiscalPrinter@@UEAAJJPEA_WPEAJ@Z 000000018000fa94 f   FiscalPrinterImpl.obj
 0001:0000eb6c       ?PrintRecPackageAdjustment@COPOSFiscalPrinter@@UEAAJJPEA_W0PEAJ@Z 000000018000fb6c f   FiscalPrinterImpl.obj
 0001:0000ec68       ?PrintRecRefund@COPOSFiscalPrinter@@UEAAJPEA_WTtagCY@@JPEAJ@Z 000000018000fc68 f   FiscalPrinterImpl.obj
 0001:0000ed60       ?PrintRecRefundVoid@COPOSFiscalPrinter@@UEAAJPEA_WTtagCY@@JPEAJ@Z 000000018000fd60 f   FiscalPrinterImpl.obj
 0001:0000ee58       ?PrintRecSubtotal@COPOSFiscalPrinter@@UEAAJTtagCY@@PEAJ@Z 000000018000fe58 f   FiscalPrinterImpl.obj
 0001:0000eed4       ?PrintRecSubtotalAdjustVoid@COPOSFiscalPrinter@@UEAAJJTtagCY@@PEAJ@Z 000000018000fed4 f   FiscalPrinterImpl.obj
 0001:0000efa0       ?PrintRecSubtotalAdjustment@COPOSFiscalPrinter@@UEAAJJPEA_WTtagCY@@PEAJ@Z 000000018000ffa0 f   FiscalPrinterImpl.obj
 0001:0000f098       ?PrintRecTaxID@COPOSFiscalPrinter@@UEAAJPEA_WPEAJ@Z 0000000180010098 f   FiscalPrinterImpl.obj
 0001:0000f120       ?PrintRecTotal@COPOSFiscalPrinter@@UEAAJTtagCY@@0PEA_WPEAJ@Z 0000000180010120 f   FiscalPrinterImpl.obj
 0001:0000f218       ?PrintRecVoid@COPOSFiscalPrinter@@UEAAJPEA_WPEAJ@Z 0000000180010218 f   FiscalPrinterImpl.obj
 0001:0000f2a0       ?PrintRecVoidItem@COPOSFiscalPrinter@@UEAAJPEA_WTtagCY@@JJ1JPEAJ@Z 00000001800102a0 f   FiscalPrinterImpl.obj
 0001:0000f3bc       ?PrintReport@COPOSFiscalPrinter@@UEAAJJPEA_W0PEAJ@Z 00000001800103bc f   FiscalPrinterImpl.obj
 0001:0000f4b8       ?PrintXReport@COPOSFiscalPrinter@@UEAAJPEAJ@Z 00000001800104b8 f   FiscalPrinterImpl.obj
 0001:0000f4e0       ?PrintZReport@COPOSFiscalPrinter@@UEAAJPEAJ@Z 00000001800104e0 f   FiscalPrinterImpl.obj
 0001:0000f508       ?ReleaseDevice@COPOSFiscalPrinter@@UEAAJPEAJ@Z 0000000180010508 f   FiscalPrinterImpl.obj
 0001:0000f574       ?ResetPrinterW@COPOSFiscalPrinter@@UEAAJPEAJ@Z 0000000180010574 f   FiscalPrinterImpl.obj
 0001:0000f59c       ?ResetStatistics@COPOSFiscalPrinter@@UEAAJPEA_WPEAJ@Z 000000018001059c f   FiscalPrinterImpl.obj
 0001:0000f624       ?RetrieveStatistics@COPOSFiscalPrinter@@UEAAJPEAPEA_WPEAJ@Z 0000000180010624 f   FiscalPrinterImpl.obj
 0001:0000f6ac       ?SOProcessID@COPOSFiscalPrinter@@UEAAJPEAJ@Z 00000001800106ac f   FiscalPrinterImpl.obj
 0001:0000f6c8       ?SetCOFreezeEvents@COPOSFiscalPrinter@@IEAAXF@Z 00000001800106c8 f   FiscalPrinterImpl.obj
 0001:0000f7ac       ?SetCurrency@COPOSFiscalPrinter@@UEAAJJPEAJ@Z 00000001800107ac f   FiscalPrinterImpl.obj
 0001:0000f828       ?SetDate@COPOSFiscalPrinter@@UEAAJPEA_WPEAJ@Z 0000000180010828 f   FiscalPrinterImpl.obj
 0001:0000f8b0       ?SetHeaderLine@COPOSFiscalPrinter@@UEAAJJPEA_WFPEAJ@Z 00000001800108b0 f   FiscalPrinterImpl.obj
 0001:0000f9a8       ?SetOposProp@COPOSFiscalPrinter@@IEAAJJJJ@Z 00000001800109a8 f   FiscalPrinterImpl.obj
 0001:0000fb08       ?SetOposProp@COPOSFiscalPrinter@@IEAAJJPEA_WJ@Z 0000000180010b08 f   FiscalPrinterImpl.obj
 0001:0000fc60       ?SetPOSID@COPOSFiscalPrinter@@UEAAJPEA_W0PEAJ@Z 0000000180010c60 f   FiscalPrinterImpl.obj
 0001:0000fd3c       ?SetStoreFiscalID@COPOSFiscalPrinter@@UEAAJPEA_WPEAJ@Z 0000000180010d3c f   FiscalPrinterImpl.obj
 0001:0000fdc4       ?SetTrailerLine@COPOSFiscalPrinter@@UEAAJJPEA_WFPEAJ@Z 0000000180010dc4 f   FiscalPrinterImpl.obj
 0001:0000febc       ?SetVatTable@COPOSFiscalPrinter@@UEAAJPEAJ@Z 0000000180010ebc f   FiscalPrinterImpl.obj
 0001:0000fee4       ?SetVatValue@COPOSFiscalPrinter@@UEAAJJPEA_WPEAJ@Z 0000000180010ee4 f   FiscalPrinterImpl.obj
 0001:0000ffbc       ?UpdateFirmware@COPOSFiscalPrinter@@UEAAJPEA_WPEAJ@Z 0000000180010fbc f   FiscalPrinterImpl.obj
 0001:00010044       ?UpdateStatistics@COPOSFiscalPrinter@@UEAAJPEA_WPEAJ@Z 0000000180011044 f   FiscalPrinterImpl.obj
 0001:000100cc       ?VerifyItem@COPOSFiscalPrinter@@UEAAJPEA_WJPEAJ@Z 00000001800110cc f   FiscalPrinterImpl.obj
 0001:000101a4       ?get_ActualCurrency@COPOSFiscalPrinter@@UEAAJPEAJ@Z 00000001800111a4 f   FiscalPrinterImpl.obj
 0001:000101b8       ?get_AdditionalHeader@COPOSFiscalPrinter@@UEAAJPEAPEA_W@Z 00000001800111b8 f   FiscalPrinterImpl.obj
 0001:000101cc       ?get_AdditionalTrailer@COPOSFiscalPrinter@@UEAAJPEAPEA_W@Z 00000001800111cc f   FiscalPrinterImpl.obj
 0001:000101e0       ?get_AmountDecimalPlaces@COPOSFiscalPrinter@@UEAAJPEAJ@Z 00000001800111e0 f   FiscalPrinterImpl.obj
 0001:000101f4       ?get_AsyncMode@COPOSFiscalPrinter@@UEAAJPEAF@Z 00000001800111f4 f   FiscalPrinterImpl.obj
 0001:00010228       ?get_BinaryConversion@COPOSFiscalPrinter@@UEAAJPEAJ@Z 0000000180011228 f   FiscalPrinterImpl.obj
 0001:0001023c       ?get_CapAdditionalHeader@COPOSFiscalPrinter@@UEAAJPEAF@Z 000000018001123c f   FiscalPrinterImpl.obj
 0001:00010270       ?get_CapAdditionalLines@COPOSFiscalPrinter@@UEAAJPEAF@Z 0000000180011270 f   FiscalPrinterImpl.obj
 0001:000102a4       ?get_CapAdditionalTrailer@COPOSFiscalPrinter@@UEAAJPEAF@Z 00000001800112a4 f   FiscalPrinterImpl.obj
 0001:000102d8       ?get_CapAmountAdjustment@COPOSFiscalPrinter@@UEAAJPEAF@Z 00000001800112d8 f   FiscalPrinterImpl.obj
 0001:0001030c       ?get_CapAmountNotPaid@COPOSFiscalPrinter@@UEAAJPEAF@Z 000000018001130c f   FiscalPrinterImpl.obj
 0001:00010340       ?get_CapChangeDue@COPOSFiscalPrinter@@UEAAJPEAF@Z 0000000180011340 f   FiscalPrinterImpl.obj
 0001:00010374       ?get_CapCheckTotal@COPOSFiscalPrinter@@UEAAJPEAF@Z 0000000180011374 f   FiscalPrinterImpl.obj
 0001:000103a8       ?get_CapCompareFirmwareVersion@COPOSFiscalPrinter@@UEAAJPEAF@Z 00000001800113a8 f   FiscalPrinterImpl.obj
 0001:000103dc       ?get_CapCoverSensor@COPOSFiscalPrinter@@UEAAJPEAF@Z 00000001800113dc f   FiscalPrinterImpl.obj
 0001:00010410       ?get_CapDoubleWidth@COPOSFiscalPrinter@@UEAAJPEAF@Z 0000000180011410 f   FiscalPrinterImpl.obj
 0001:00010444       ?get_CapDuplicateReceipt@COPOSFiscalPrinter@@UEAAJPEAF@Z 0000000180011444 f   FiscalPrinterImpl.obj
 0001:00010478       ?get_CapEmptyReceiptIsVoidable@COPOSFiscalPrinter@@UEAAJPEAF@Z 0000000180011478 f   FiscalPrinterImpl.obj
 0001:000104ac       ?get_CapFiscalReceiptStation@COPOSFiscalPrinter@@UEAAJPEAF@Z 00000001800114ac f   FiscalPrinterImpl.obj
 0001:000104e0       ?get_CapFiscalReceiptType@COPOSFiscalPrinter@@UEAAJPEAF@Z 00000001800114e0 f   FiscalPrinterImpl.obj
 0001:00010514       ?get_CapFixedOutput@COPOSFiscalPrinter@@UEAAJPEAF@Z 0000000180011514 f   FiscalPrinterImpl.obj
 0001:00010548       ?get_CapHasVatTable@COPOSFiscalPrinter@@UEAAJPEAF@Z 0000000180011548 f   FiscalPrinterImpl.obj
 0001:0001057c       ?get_CapIndependentHeader@COPOSFiscalPrinter@@UEAAJPEAF@Z 000000018001157c f   FiscalPrinterImpl.obj
 0001:000105b0       ?get_CapItemList@COPOSFiscalPrinter@@UEAAJPEAF@Z 00000001800115b0 f   FiscalPrinterImpl.obj
 0001:000105e4       ?get_CapJrnEmptySensor@COPOSFiscalPrinter@@UEAAJPEAF@Z 00000001800115e4 f   FiscalPrinterImpl.obj
 0001:00010618       ?get_CapJrnNearEndSensor@COPOSFiscalPrinter@@UEAAJPEAF@Z 0000000180011618 f   FiscalPrinterImpl.obj
 0001:0001064c       ?get_CapJrnPresent@COPOSFiscalPrinter@@UEAAJPEAF@Z 000000018001164c f   FiscalPrinterImpl.obj
 0001:00010680       ?get_CapMultiContractor@COPOSFiscalPrinter@@UEAAJPEAF@Z 0000000180011680 f   FiscalPrinterImpl.obj
 0001:000106b4       ?get_CapNonFiscalMode@COPOSFiscalPrinter@@UEAAJPEAF@Z 00000001800116b4 f   FiscalPrinterImpl.obj
 0001:000106e8       ?get_CapOnlyVoidLastItem@COPOSFiscalPrinter@@UEAAJPEAF@Z 00000001800116e8 f   FiscalPrinterImpl.obj
 0001:0001071c       ?get_CapOrderAdjustmentFirst@COPOSFiscalPrinter@@UEAAJPEAF@Z 000000018001171c f   FiscalPrinterImpl.obj
 0001:00010750       ?get_CapPackageAdjustment@COPOSFiscalPrinter@@UEAAJPEAF@Z 0000000180011750 f   FiscalPrinterImpl.obj
 0001:00010784       ?get_CapPercentAdjustment@COPOSFiscalPrinter@@UEAAJPEAF@Z 0000000180011784 f   FiscalPrinterImpl.obj
 0001:000107b8       ?get_CapPositiveAdjustment@COPOSFiscalPrinter@@UEAAJPEAF@Z 00000001800117b8 f   FiscalPrinterImpl.obj
[...]
 0002:0000d438       $unwind$??$?RV<lambda_2d41944a1d46af3157314b8a01080d33>@@AEAV<lambda_8f455de75cd7d7f24b4096f044d8b9e6>@@V<lambda_aa500f224e6afead328df44964fe2772>@@@?$__crt_seh_guarded_call@X@@QEAAX$$QEAV<lambda_2d41944a1d46af3157314b8a01080d33>@@AEAV<lambda_8f455de75cd7d7f24b4096f044d8b9e6>@@$$QEAV<lambda_aa500f224e6afead328df44964fe2772>@@@Z 0000000180036438     libucrt:per_thread_data.obj
 0002:0000d45c       $unwind$__acrt_uninitialize_locale 000000018003645c     libucrt:wsetlocale.obj
 0002:0000d45c       $unwind$__acrt_get_sigabrt_handler 000000018003645c     libucrt:signal.obj
 0002:0000d464       $unwind$??$?RV<lambda_410d79af7f07d98d83a3f525b3859a53>@@AEAV<lambda_3e16ef9562a7dcce91392c22ab16ea36>@@V<lambda_38119f0e861e05405d8a144b9b982f0a>@@@?$__crt_seh_guarded_call@X@@QEAAX$$QEAV<lambda_410d79af7f07d98d83a3f525b3859a53>@@AEAV<lambda_3e16ef9562a7dcce91392c22ab16ea36>@@$$QEAV<lambda_38119f0e861e05405d8a144b9b982f0a>@@@Z 0000000180036464     libucrt:wsetlocale.obj
 0002:0000d48c       $unwind$__acrt_initialize_winapi_thunks 000000018003648c     libucrt:winapi_thunks.obj
 0002:0000d48c       $unwind$__acrt_fenv_get_control 000000018003648c     libucrt:_fenvutils.obj
 0002:0000d494       $unwind$__acrt_fp_format   0000000180036494     libucrt:cvt.obj
 0002:0000d4a4       $unwind$?fp_format_e_internal@@YAHQEAD_KH_NIQEAU_strflt@@2AEAV__crt_cached_ptd_host@@@Z 00000001800364a4     libucrt:cvt.obj
 0002:0000d4c0       $unwind$?fp_format_a@@YAHQEBNPEAD_KQEAD2H_NIW4__acrt_rounding_mode@@AEAV__crt_cached_ptd_host@@@Z 00000001800364c0     libucrt:cvt.obj
 0002:0000d4dc       $unwind$?fp_format_g@@YAHQEBNQEAD_K12H_NIW4__acrt_rounding_mode@@AEAV__crt_cached_ptd_host@@@Z 00000001800364dc     libucrt:cvt.obj
 0002:0000d4f4       $unwind$__acrt_initialize_lowio 00000001800364f4     libucrt:ioinit.obj
 0002:0000d514       $unwind$??$common_expand_argv_wildcards@D@@YAHQEAPEADQEAPEAPEAD@Z 0000000180036514     libucrt:argv_wildcards.obj
 0002:0000d52c       $unwind$__dcrt_get_narrow_environment_from_os 000000018003652c     libucrt:get_environment_from_os.obj
 0002:0000d52c       $unwind$??$__acrt_convert_wcs_mbs_cp@_WDV<lambda_d8593a27d1aa8c02be35c86a17d324c4>@@U__crt_win32_buffer_internal_dynamic_resizing@@@@YAHQEB_WAEAV?$__crt_win32_buffer@DU__crt_win32_buffer_internal_dynamic_resizing@@@@AEBV<lambda_d8593a27d1aa8c02be35c86a17d324c4>@@I@Z 000000018003652c     libucrt:argv_wildcards.obj
 0002:0000d544       $unwind$??$copy_and_add_argument_to_buffer@D@@YAHQEBD0_KAEAV?$argument_list@D@?A0x5f5c8891@@@Z 0000000180036544     libucrt:argv_wildcards.obj
 0002:0000d560       $unwind$??$expand_argument_wildcards@D@@YAHQEAD0AEAV?$argument_list@D@?A0x5f5c8891@@@Z 0000000180036560     libucrt:argv_wildcards.obj
 0002:0000d580       $unwind$__acrt_GetModuleFileNameA 0000000180036580     libucrt:getmodulefilenamea.obj
 0002:0000d59c       $unwind$_setmbcp_nolock    000000018003659c     libucrt:mbctype.obj
 0002:0000d5bc       $unwind$?update_thread_multibyte_data_internal@@YAPEAU__crt_multibyte_data@@QEAU__acrt_ptd@@QEAPEAU1@@Z 00000001800365bc     libucrt:mbctype.obj
 0002:0000d5e4       $unwind$?setmbcp_internal@@YAHH_NQEAU__acrt_ptd@@QEAPEAU__crt_multibyte_data@@@Z 00000001800365e4     libucrt:mbctype.obj
 0002:0000d5fc       $unwind$?setSBUpLow@@YAXPEAU__crt_multibyte_data@@@Z 00000001800365fc     libucrt:mbctype.obj
 0002:0000d618       $unwind$??$?RV<lambda_efdfa57d1f175319df784efa44bb7b81>@@AEAV<lambda_5f0a4c1567f8adc6734073e5d1e1b35c>@@V<lambda_2e8a7d3640ea6ccb4c2413664c2db6fd>@@@?$__crt_seh_guarded_call@X@@QEAAX$$QEAV<lambda_efdfa57d1f175319df784efa44bb7b81>@@AEAV<lambda_5f0a4c1567f8adc6734073e5d1e1b35c>@@$$QEAV<lambda_2e8a7d3640ea6ccb4c2413664c2db6fd>@@@Z 0000000180036618     libucrt:mbctype.obj
 0002:0000d63c       $unwind$__acrt_WideCharToMultiByte 000000018003663c     libucrt:widechartomultibyte.obj
 0002:0000d648       $unwind$raise              0000000180036648     libucrt:signal.obj
 0002:0000d684       $unwind$??$?RV<lambda_450d765d439847d4c735a33c368b5fc0>@@AEAV<lambda_44731a7d0e6d81c3e6aa82d741081786>@@V<lambda_601a2a7da3b7a96e9554ac7215c4b07c>@@@?$__crt_seh_guarded_call@P6AXH@Z@@QEAAP6AXH@Z$$QEAV<lambda_450d765d439847d4c735a33c368b5fc0>@@AEAV<lambda_44731a7d0e6d81c3e6aa82d741081786>@@$$QEAV<lambda_601a2a7da3b7a96e9554ac7215c4b07c>@@@Z 0000000180036684     libucrt:signal.obj
 0002:0000d6a8       $unwind$fclose             00000001800366a8     libucrt:fclose.obj
 0002:0000d6a8       $unwind$_fflush_nolock     00000001800366a8     libucrt:fflush.obj
 0002:0000d6b8       $unwind$?common_flush_all@@YAH_N@Z 00000001800366b8     libucrt:fflush.obj
 0002:0000d6c0       $unwind$??$?RV<lambda_842d9ff0dc9ef11c61343bbaebe7f885>@@AEAV<lambda_c5860995281e5c4ce005b3de8f5874ee>@@V<lambda_d90129c13df834fdcbf8d2b88dafcf2d>@@@?$__crt_seh_guarded_call@X@@QEAAX$$QEAV<lambda_842d9ff0dc9ef11c61343bbaebe7f885>@@AEAV<lambda_c5860995281e5c4ce005b3de8f5874ee>@@$$QEAV<lambda_d90129c13df834fdcbf8d2b88dafcf2d>@@@Z 00000001800366c0     libucrt:fflush.obj
 0002:0000d6e4       $unwind$??$?RV<lambda_886d6c58226a84441f68b9f2b8217b83>@@AEAV<lambda_ab61a845afdef5b7c387490eaf3616ee>@@V<lambda_f7f22ab5edc0698d5f6905b0d3f44752>@@@?$__crt_seh_guarded_call@X@@QEAAX$$QEAV<lambda_886d6c58226a84441f68b9f2b8217b83>@@AEAV<lambda_ab61a845afdef5b7c387490eaf3616ee>@@$$QEAV<lambda_f7f22ab5edc0698d5f6905b0d3f44752>@@@Z 00000001800366e4     libucrt:fflush.obj
 0002:0000d70c       $unwind$__acrt_update_thread_locale_data 000000018003670c     libucrt:locale_refcounting.obj
 0002:0000d730       $unwind$__acrt_locale_free_monetary 0000000180036730     libucrt:initmon.obj
 0002:0000d738       $unwind$__acrt_locale_free_time 0000000180036738     libucrt:inittime.obj
 0002:0000d748       $unwind$__acrt_GetStringTypeA 0000000180036748     libucrt:getstringtypea.obj
 0002:0000d770       $unwind$__acrt_fp_strflt_to_string 0000000180036770     libucrt:_fptostr.obj
 0002:0000d78c       $unwind$__acrt_fltout      000000018003678c     libucrt:cfout.obj
 0002:0000d7ac       $unwind$?divide@__crt_strtox@@YA_KAEAUbig_integer@1@AEBU21@@Z 00000001800367ac     libucrt:cfout.obj
 0002:0000d7c4       $chain$0$?divide@__crt_strtox@@YA_KAEAUbig_integer@1@AEBU21@@Z 00000001800367c4     libucrt:cfout.obj
 0002:0000d7d8       $chain$1$?divide@__crt_strtox@@YA_KAEAUbig_integer@1@AEBU21@@Z 00000001800367d8     libucrt:cfout.obj
 0002:0000d7e8       $unwind$?__mbsrtowcs_utf8@__crt_mbstring@@YA_KPEA_WPEAPEBD_KPEAU_Mbstatet@@AEAV__crt_cached_ptd_host@@@Z 00000001800367e8     libucrt:mbrtowc.obj
 0002:0000d800       $unwind$_fcloseall         0000000180036800     libucrt:closeall.obj
 0002:0000d824       $unwind$__acrt_lowio_destroy_handle_array 0000000180036824     libucrt:osfinfo.obj
 0002:0000d834       $unwind$__acrt_lowio_ensure_fh_exists 0000000180036834     libucrt:osfinfo.obj
 0002:0000d860       $unwind$qsort              0000000180036860     libucrt:qsort.obj
 0002:0000d878       $chain$4$qsort             0000000180036878     libucrt:qsort.obj
 0002:0000d89c       $chain$5$qsort             000000018003689c     libucrt:qsort.obj
 0002:0000d8ac       $unwind$strpbrk            00000001800368ac     libucrt:strpbrk.obj
 0002:0000d8bc       $unwind$fallbackMethod     00000001800368bc     libucrt:strpbrk.obj
 0002:0000d8cc       $unwind$__acrt_LCMapStringA 00000001800368cc     libucrt:lcmapstringa.obj
 0002:0000d8dc       $unwind$?__acrt_LCMapStringA_stat@@YAHPEAU__crt_locale_pointers@@PEB_WKPEBDHPEADHHH@Z 00000001800368dc     libucrt:lcmapstringa.obj
 0002:0000d904       $unwind$_commit            0000000180036904     libucrt:commit.obj
 0002:0000d90c       $unwind$??$?RV<lambda_a37b2b86f63e897a80ea819b0eb08c01>@@AEAV<lambda_38ce7e780aa69e748d6df282ebc68efe>@@V<lambda_99fb1378e971ab6e7edea83e3a7a83a2>@@@?$__crt_seh_guarded_call@H@@QEAAH$$QEAV<lambda_a37b2b86f63e897a80ea819b0eb08c01>@@AEAV<lambda_38ce7e780aa69e748d6df282ebc68efe>@@$$QEAV<lambda_99fb1378e971ab6e7edea83e3a7a83a2>@@@Z 000000018003690c     libucrt:commit.obj
 0002:0000d930       $unwind$_write_nolock      0000000180036930     libucrt:write.obj
 0002:0000d948       $unwind$_write_internal    0000000180036948     libucrt:write.obj
 0002:0000d978       $unwind$?write_double_translated_ansi_nolock@@YA?AUwrite_result@?A0x17268360@@HQEBDIAEAV__crt_cached_ptd_host@@@Z 0000000180036978     libucrt:write.obj
 0002:0000d9a0       $ip2state$?write_double_translated_ansi_nolock@@YA?AUwrite_result@?A0x17268360@@HQEBDIAEAV__crt_cached_ptd_host@@@Z 00000001800369a0     libucrt:write.obj
 0002:0000d9a8       $unwind$?write_text_ansi_nolock@@YA?AUwrite_result@?A0x17268360@@HQEBDI@Z 00000001800369a8     libucrt:write.obj
 0002:0000d9a8       $unwind$?write_text_utf16le_nolock@@YA?AUwrite_result@?A0x17268360@@HQEBDI@Z 00000001800369a8     libucrt:write.obj
 0002:0000d9c8       $unwind$?write_text_utf8_nolock@@YA?AUwrite_result@?A0x17268360@@HQEBDI@Z 00000001800369c8     libucrt:write.obj
 0002:0000d9f0       $xdatasym                  00000001800369f0     libucrt:log10.obj
 0002:0000d9fc       $unwind$__acrt_fenv_set_control 00000001800369fc     libucrt:_fenvutils.obj
 0002:0000da0c       $unwind$?__mbrtoc32_utf8@__crt_mbstring@@YA_KPEA_UPEBD_KPEAU_Mbstatet@@AEAV__crt_cached_ptd_host@@@Z 0000000180036a0c     libucrt:mbrtoc32.obj
 0002:0000da28       $unwind$?_fclose_nolock_internal@@YAHQEAU_iobuf@@AEAV__crt_cached_ptd_host@@@Z 0000000180036a28     libucrt:fclose.obj
 0002:0000da38       $unwind$?_fclose_internal@@YAHQEAU_iobuf@@AEAV__crt_cached_ptd_host@@@Z 0000000180036a38     libucrt:fclose.obj
 0002:0000da5c       $unwind$_putwch_nolock     0000000180036a5c     libucrt:putwch.obj
 0002:0000da64       $unwind$common_control87   0000000180036a64     libucrt:ieee.obj
 0002:0000da90       $unwind$_call_matherr      0000000180036a90     libucrt:libm_error.obj
 0002:0000da98       $unwind$_handle_error      0000000180036a98     libucrt:libm_error.obj
 0002:0000dab8       $unwind$__acrt_initialize_fma3 0000000180036ab8     libucrt:fma3_available.obj
 0002:0000dac0       $unwind$_log_special_common 0000000180036ac0     libucrt:log_special.obj
 0002:0000dacc       $unwind$_close_internal    0000000180036acc     libucrt:close.obj
 0002:0000dad4       $unwind$??$?RV<lambda_ad8af0d99a0adf03d037d7dffe354bb5>@@AEAV<lambda_c9ba49e555ba839a7b07aa3fbecb7617>@@V<lambda_2f1ebd5d68526518146ae959c9e734c8>@@@?$__crt_seh_guarded_call@H@@QEAAH$$QEAV<lambda_ad8af0d99a0adf03d037d7dffe354bb5>@@AEAV<lambda_c9ba49e555ba839a7b07aa3fbecb7617>@@$$QEAV<lambda_2f1ebd5d68526518146ae959c9e734c8>@@@Z 0000000180036ad4     libucrt:close.obj
 0002:0000daf8       $xdatasym                  0000000180036af8     libucrt:fpsr.obj
 0002:0000db00       $unwind$_raise_exc_ex      0000000180036b00     libucrt:fpexcept.obj
 0002:0000db14       $unwind$_ctrlfp            0000000180036b14     libucrt:fpctrl.obj
 0002:0000db3c       $unwind$_IsNonwritableInCurrentImage 0000000180036b3c     LIBCMT:pesect.obj
 0002:0000db60       $unwind$strrchr            0000000180036b60     libvcruntime:strrchr.obj
 0002:0000dcd0       .edata                     0000000180036cd0     OPOSFiscalPrinter.exp
 0002:0000dcf8       rgpv                       0000000180036cf8     OPOSFiscalPrinter.exp
 0002:0000dd08       rgszName                   0000000180036d08     OPOSFiscalPrinter.exp
 0002:0000dd18       rgwOrd                     0000000180036d18     OPOSFiscalPrinter.exp
 0002:0000dd20       szName                     0000000180036d20     OPOSFiscalPrinter.exp
 0002:0000dd36       $N00001                    0000000180036d36     OPOSFiscalPrinter.exp
 0002:0000dd46       $N00002                    0000000180036d46     OPOSFiscalPrinter.exp
 0002:0000dd58       $N00003                    0000000180036d58     OPOSFiscalPrinter.exp
 0002:0000dd6a       $N00004                    0000000180036d6a     OPOSFiscalPrinter.exp
 0002:0000e6ba       .idata$6                   00000001800376ba     kernel32:KERNEL32.dll
 0002:0000e8d2       .idata$6                   00000001800378d2     user32:USER32.dll
 0002:0000ea06       .idata$6                   0000000180037a06     gdi32:GDI32.dll
 0002:0000eaac       .idata$6                   0000000180037aac     advapi32:ADVAPI32.dll
 0002:0000ebc8       .idata$6                   0000000180037bc8     ole32:ole32.dll
 0002:0000ebd2       .idata$6                   0000000180037bd2     oleaut32:OLEAUT32.dll
 0003:000001c0       ?ObjectMap@@3PAU_ATL_OBJMAP_ENTRY30@ATL@@A 00000001800391c0     FiscalPrinter.obj
 0003:000002e0       ?s_SOMethodNames@@3PAPEADA 00000001800392e0     FiscalPrinterImpl.obj
 0003:00000560       ?s_RequiredMethodsPerRelease@@3PAHA 0000000180039560     FiscalPrinterImpl.obj
 0003:000005c0       ?__vcrt_flsindex@@3KA      00000001800395c0     libvcruntime:per_thread_data.obj
 0003:000005d0       ?errno_no_memory@@3HA      00000001800395d0     libucrt:errno.obj
 0003:000005d4       ?doserrno_no_memory@@3KA   00000001800395d4     libucrt:errno.obj
 0003:000005e0       ?__acrt_flsindex@@3KA      00000001800395e0     libucrt:per_thread_data.obj
 0003:00000aa0       _mbctypes                  0000000180039aa0     libucrt:mbctype.obj
 0003:00000bb0       _mbcasemaps                0000000180039bb0     libucrt:mbctype.obj
 0003:00000cb0       ?__rgctypeflag@@3PADA      0000000180039cb0     libucrt:mbctype.obj
 0003:00000cc0       ?__rgcode_page_info@@3PAUcode_page_info@@A 0000000180039cc0     libucrt:mbctype.obj
 0003:00000f60       ?dazSupported@?1??common_control87@@9@9 0000000180039f60     libucrt:ieee.obj
 0003:00000f70       ?__dcrt_lowio_console_output_handle@@3PEAXEA 0000000180039f70     libucrt:initcon.obj
 0003:00000f80       ?dazSupported@?1??_ctrlfp@@9@9 0000000180039f80     libucrt:fpctrl.obj
 0003:000011d0       ?is_initialized_as_dll@@3_NA 000000018003a1d0     LIBCMT:utility.obj
 0003:000011d1       ?module_local_atexit_table_initialized@@3_NA 000000018003a1d1     LIBCMT:utility.obj
 0003:000011d8       ?module_local_atexit_table@@3U_onexit_table_t@@A 000000018003a1d8     LIBCMT:utility.obj
 0003:000011f0       ?module_local_at_quick_exit_table@@3U_onexit_table_t@@A 000000018003a1f0     LIBCMT:utility.obj
 0003:00001208       ?g_tss_cv@@3U_RTL_CONDITION_VARIABLE@@A 000000018003a208     LIBCMT:thread_safe_statics.obj
 0003:00001210       ?g_tss_event@@3PEAXEA      000000018003a210     LIBCMT:thread_safe_statics.obj
 0003:00001218       ?g_tss_mutex@@3U_RTL_CRITICAL_SECTION@@A 000000018003a218     LIBCMT:thread_safe_statics.obj
 0003:00001240       ?g_sleep_condition_variable_cs@@3P6AHPEAU_RTL_CONDITION_VARIABLE@@PEAU_RTL_CRITICAL_SECTION@@K@ZEA 000000018003a240     LIBCMT:thread_safe_statics.obj
 0003:00001248       ?g_wake_all_condition_variable@@3P6AXPEAU_RTL_CONDITION_VARIABLE@@@ZEA 000000018003a248     LIBCMT:thread_safe_statics.obj
 0003:00001250       GS_ExceptionRecord         000000018003a250     LIBCMT:gs_report.obj
 0003:000012f0       GS_ContextRecord           000000018003a2f0     LIBCMT:gs_report.obj
 0003:000017c4       ?__proc_attached@@3HA      000000018003a7c4     LIBCMT:dll_dllmain.obj
 0003:00001858       ?AllocateData@@3P6APEAUAtlThunkData_t@@XZEA 000000018003a858     atls:atlthunk.obj
 0003:00001860       ?InitData@@3P6AXPEAUAtlThunkData_t@@PEAX_K@ZEA 000000018003a860     atls:atlthunk.obj
 0003:00001868       ?DataToCode@@3P6AP6A_JPEAUHWND__@@I_K_J@ZPEAUAtlThunkData_t@@@ZEA 000000018003a868     atls:atlthunk.obj
 0003:00001870       ?FreeData@@3P6AXPEAUAtlThunkData_t@@@ZEA 000000018003a870     atls:atlthunk.obj
 0003:00001878       ?Initialized@@3_NA         000000018003a878     atls:atlthunk.obj
 0003:00001890       ?__vcrt_startup_thread_ptd@@3U__vcrt_ptd@@A 000000018003a890     libvcruntime:per_thread_data.obj
 0003:00001910       __vcrt_lock_table          000000018003a910     libvcruntime:locks.obj
 0003:00001938       __vcrt_locks_initialized   000000018003a938     libvcruntime:locks.obj
 0003:00001980       ?heap@@3V_HeapManager@@A   000000018003a980     libvcruntime:undname.obj
 0003:000019a8       ?module_handles@@3PAPEAUHINSTANCE__@@A 000000018003a9a8     libvcruntime:winapi_downlevel.obj
 0003:000019c0       ?function_pointers@@3PAPEAXA 000000018003a9c0     libvcruntime:winapi_downlevel.obj
 0003:000019e8       ?__acrt_invalid_parameter_handler@@3V?$dual_state_global@P6AXPEB_W00I_K@Z@__crt_state_management@@A 000000018003a9e8     libucrt:invalid_parameter.obj
 0003:000019f0       ?c_termination_complete@@3JA 000000018003a9f0     libucrt:exit.obj
 0003:000019f8       ?thread_local_exit_callback_func@@3P6AXPEAXK0@ZEA 000000018003a9f8     libucrt:exit.obj
 0003:00001a10       ?program_name@?1???$common_configure_argv@D@@YAHW4_crt_argv_mode@@@Z@4PADA 000000018003aa10     libucrt:argv_parsing.obj
 0003:00001b68       ?__acrt_new_handler@@3V?$dual_state_global@P6AH_K@Z@__crt_state_management@@A 000000018003ab68     libucrt:new_handler.obj
 0003:00001b80       ?module_handles@@3PAPEAUHINSTANCE__@@A 000000018003ab80     libucrt:winapi_thunks.obj
 0003:00001c20       ?encoded_function_pointers@@3PAPEAXA 000000018003ac20     libucrt:winapi_thunks.obj
 0003:00001d10       ?internal_state@?1??_mbtowc_internal@@9@4U_Mbstatet@@A 000000018003ad10     libucrt:mbtowc.obj
 0003:00001d28       ?enable_percent_n@@3_KA    000000018003ad28     libucrt:printf_count_output.obj
 0003:00002150       ?__acrt_lock_table@@3PAU_RTL_CRITICAL_SECTION@@A 000000018003b150     libucrt:locks.obj
 0003:00002380       ?__acrt_locks_initialized@@3IA 000000018003b380     libucrt:locks.obj
 0003:000023a0       ?fSystemSet@@3HA           000000018003b3a0     libucrt:mbctype.obj
 0003:000023a4       ?initialized@?1??__acrt_initialize_multibyte@@9@4_NA 000000018003b3a4     libucrt:mbctype.obj
 0003:000023e0       ?ctrlc_action@@3V?$dual_state_global@P6AXH@Z@__crt_state_management@@A 000000018003b3e0     libucrt:signal.obj
 0003:000023e8       ?ctrlbreak_action@@3V?$dual_state_global@P6AXH@Z@__crt_state_management@@A 000000018003b3e8     libucrt:signal.obj
 0003:000023f0       ?abort_action@@3V?$dual_state_global@P6AXH@Z@__crt_state_management@@A 000000018003b3f0     libucrt:signal.obj
 0003:000023f8       ?term_action@@3V?$dual_state_global@P6AXH@Z@__crt_state_management@@A 000000018003b3f8     libucrt:signal.obj
 0003:00002400       ?user_matherr@@3V?$dual_state_global@P6AHPEAU_exception@@@Z@__crt_state_management@@A 000000018003b400     libucrt:matherr.obj
 0003:00002410       ?__acrt_global_new_mode@@3V?$dual_state_global@J@__crt_state_management@@A 000000018003b410     libucrt:new_mode.obj
 0003:00002418       ?internal_pst@?1??__mbrtoc32_utf8@__crt_mbstring@@YA_KPEA_UPEBD_KPEAU_Mbstatet@@AEAV__crt_cached_ptd_host@@@Z@4U3@A 000000018003b418     libucrt:mbrtoc32.obj
 0003:00002420       ?__acrt_app_type@@3W4_crt_app_type@@A 000000018003b420     libucrt:report_runtime_error.obj
 0005:00000000       MoveSmall                  000000018003f000     libvcruntime:memcpy.obj
 0005:00000040       MoveSmallYmm               000000018003f040     libvcruntime:memcpy.obj
 0005:00000064       MoveSmallYmmNT             000000018003f064     libvcruntime:memcpy.obj
 0005:00000088       MoveSmallXmm               000000018003f088     libvcruntime:memcpy.obj
 0005:000000b0       MsetTab                    000000018003f0b0     libvcruntime:memset.obj
 0006:00000220       $R000000                   0000000180040220     FiscalPrinter.res
 0006:00000bc8       $R0009A8                   0000000180040bc8     FiscalPrinter.res
 0006:00000cb0       $R000A90                   0000000180040cb0     FiscalPrinter.res
 0006:00000f18       $R000CF8                   0000000180040f18     FiscalPrinter.res
 0006:000014d0       $R0012B0                   00000001800414d0     FiscalPrinter.res
 0006:000098d8       $R0096B8                   00000001800498d8     FiscalPrinter.res
 0006:00009918       $R0096F8                   0000000180049918     FiscalPrinter.res
