 OPOSMotionSensor

 Timestamp is 61a75859 (Wed Dec  1 20:11:21 2021)

 Preferred load address is 0000000180000000

 Start         Length     Name                   Class
 0001:00000000 000000c0H .text$di                CODE
 0001:000000c0 00023560H .text$mn                CODE
 0001:00023620 00000040H .text$mn$00             CODE
 0001:00023660 00000660H .text$x                 CODE
 0001:00023cc0 00000078H .text$yd                CODE
 0002:00000000 00000638H .idata$5                DATA
 0002:00000638 00000030H .00cfg                  DATA
 0002:00000668 00000008H .CRT$XCA                DATA
 0002:00000670 00000008H .CRT$XCL                DATA
 0002:00000678 00000020H .CRT$XCU                DATA
 0002:00000698 00000008H .CRT$XCZ                DATA
 0002:000006a0 00000008H .CRT$XIA                DATA
 0002:000006a8 00000020H .CRT$XIC                DATA
 0002:000006c8 00000008H .CRT$XIZ                DATA
 0002:000006d0 00000008H .CRT$XLA                DATA
 0002:000006d8 00000008H .CRT$XLZ                DATA
 0002:000006e0 00000008H .CRT$XPA                DATA
 0002:000006e8 00000010H .CRT$XPX                DATA
 0002:000006f8 00000008H .CRT$XPXA               DATA
 0002:00000700 00000008H .CRT$XPZ                DATA
 0002:00000708 00000008H .CRT$XTA                DATA
 0002:00000710 00000010H .CRT$XTZ                DATA
 0002:00000718 00000000H .gehcont$y              DATA
 0002:00000718 00000000H .gfids$y                DATA
 0002:00000720 0000a360H .rdata                  DATA
 0002:0000aa80 00000000H .rdata$CastGuardVftablesA DATA
 0002:0000aa80 00000000H .rdata$CastGuardVftablesC DATA
 0002:0000aa80 00000028H .rdata$T                DATA
 0002:0000aaa8 00000274H .rdata$r                DATA
 0002:0000ad1c 00000048H .rdata$voltmd           DATA
 0002:0000ad64 0000043cH .rdata$zzzdbg           DATA
 0002:0000b1a0 00000008H .rtc$IAA                DATA
 0002:0000b1a8 00000008H .rtc$IZZ                DATA
 0002:0000b1b0 00000008H .rtc$TAA                DATA
 0002:0000b1b8 00000008H .rtc$TZZ                DATA
 0002:0000b1c0 00000004H .tls                    DATA
 0002:0000b1c4 00000004H .tls$                   DATA
 0002:0000b1c8 00000008H .tls$ZZZ                DATA
 0002:0000b1d0 00001900H .xdata                  DATA
 0002:0000cad0 00000150H .xdata$x                DATA
 0002:0000cc20 00000008H ATL$__a                 DATA
 0002:0000cc28 00000008H ATL$__z                 DATA
 0002:0000cc30 000000b0H .edata                  DATA
 0002:0000cce0 00000078H .idata$2                DATA
 0002:0000cd58 00000018H .idata$3                DATA
 0002:0000cd70 00000638H .idata$4                DATA
 0002:0000d3a8 00000c5cH .idata$6                DATA
 0003:00000000 00000d78H .data                   DATA
 0003:00000d78 000000a8H .data$r                 DATA
 0003:00000e20 00000020H .data$rs                DATA
 0003:00000e40 000013ecH .bss                    DATA
 0004:00000000 00001f8cH .pdata                  DATA
 0005:00000000 000000f4H _RDATA                  DATA
 0006:00000000 00000220H .rsrc$01                DATA
 0006:00000220 00003718H .rsrc$02                DATA

  Address         Publics by Value              Rva+Base               Lib:Object

 0000:00000000       __x64_code_ranges_to_entry_points 0000000000000000     <absolute>
 0000:00000000       __x64_code_ranges_to_entry_points_count 0000000000000000     <absolute>
 0000:00000000       __guard_fids_count         0000000000000000     <absolute>
 0000:00000000       __arm64x_extra_rfe_table   0000000000000000     <absolute>
 0000:00000000       __arm64x_redirection_metadata 0000000000000000     <absolute>
 0000:00000000       __guard_longjmp_table      0000000000000000     <absolute>
 0000:00000000       __guard_iat_table          0000000000000000     <absolute>
 0000:00000000       __hybrid_code_map          0000000000000000     <absolute>
 0000:00000000       __arm64x_extra_rfe_table_size 0000000000000000     <absolute>
 0000:00000000       ___safe_se_handler_count   0000000000000000     <absolute>
 0000:00000000       __guard_iat_count          0000000000000000     <absolute>
 0000:00000000       __guard_longjmp_count      0000000000000000     <absolute>
 0000:00000000       ___safe_se_handler_table   0000000000000000     <absolute>
 0000:00000000       __dynamic_value_reloc_table 0000000000000000     <absolute>
 0000:00000000       __hybrid_auxiliary_iat     0000000000000000     <absolute>
 0000:00000000       __hybrid_auxiliary_iat_copy 0000000000000000     <absolute>
 0000:00000000       __guard_eh_cont_count      0000000000000000     <absolute>
 0000:00000000       __AbsoluteZero             0000000000000000     <absolute>
 0000:00000000       __guard_check_icall_a64n_fptr 0000000000000000     <absolute>
 0000:00000000       __guard_fids_table         0000000000000000     <absolute>
 0000:00000000       __arm64x_redirection_metadata_count 0000000000000000     <absolute>
 0000:00000000       __enclave_config           0000000000000000     <absolute>
 0000:00000000       __guard_eh_cont_table      0000000000000000     <absolute>
 0000:00000000       __arm64x_native_entrypoint 0000000000000000     <absolute>
 0000:00000000       __hybrid_code_map_count    0000000000000000     <absolute>
 0000:00000100       __guard_flags              0000000000000100     <absolute>
 0000:00000000       __ImageBase                0000000180000000     <linker-defined>
 0001:000000c0       ?DupWide@_CW@@AEAAXXZ      00000001800010c0 f   CWString.obj
 0001:000000e8       ?cw_dup@@YAXPEBDAEAHAEAPEA_W1@Z 00000001800010e8 f   CWString.obj
 0001:000001c8       ?cw_memcpy@@YAHPEA_WPEBDH@Z 00000001800011c8 f   CWString.obj
 0001:00000214       ?cw_strcpy@@YAHPEA_WPEBD@Z 0000000180001214 f   CWString.obj
 0001:00000228       ??0CAtlComModule@ATL@@QEAA@XZ 0000000180001228 f i OposVariant.obj
 0001:000002a8       ??0CAtlWinModule@ATL@@QEAA@XZ 00000001800012a8 f i OposVariant.obj
 0001:00000314       ??0OposDispParms@@QEAA@PEAVOposVariant@@H@Z 0000000180001314 f   OposVariant.obj
 0001:000003bc       ??1OposDispParms@@QEAA@XZ  00000001800013bc f   OposVariant.obj
 0001:000003d4       ??_Estringdispid@CComTypeInfoHolder@ATL@@QEAAPEAXI@Z 00000001800013d4 f i OposVariant.obj
 0001:00000478       ?AtlWinModuleTerm@ATL@@YAJPEAU_ATL_WIN_MODULE70@1@PEAUHINSTANCE__@@@Z 0000000180001478 f i OposVariant.obj
 0001:00000528       ?ChangeBSTR@OposVariant@@QEAAXPEAPEA_WAEAJ@Z 0000000180001528 f   OposVariant.obj
 0001:00000588       ?ChangeLONG@OposVariant@@QEAAXPEAJAEAJ@Z 0000000180001588 f   OposVariant.obj
 0001:000005e4       ?GetLONG@OposVariant@@QEAAJXZ 00000001800015e4 f   OposVariant.obj
 0001:00000608       ?SetBSTR@OposVariant@@QEAAXPEA_WAEAJ@Z 0000000180001608 f   OposVariant.obj
 0001:00000648       ?SetBSTR_Copy@OposVariant@@QEAAXPEA_WAEAJ@Z 0000000180001648 f   OposVariant.obj
 0001:000006b8       ?SetBSTR_InOutPtr@OposVariant@@QEAA_NPEAPEA_WAEAJ@Z 00000001800016b8 f   OposVariant.obj
 0001:00000708       ?SetDispatch_Ptr@OposVariant@@QEAAXPEAUIDispatch@@AEAJ@Z 0000000180001708 f   OposVariant.obj
 0001:00000760       ?SetLONG@OposVariant@@QEAAXJ@Z 0000000180001760 f   OposVariant.obj
 0001:00000790       ?SetLONG_Ptr@OposVariant@@QEAAXPEAJAEAJ@Z 0000000180001790 f   OposVariant.obj
 0001:000007dc       ?SetString@OposVariant@@QEAAXPEB_WAEAJ@Z 00000001800017dc f   OposVariant.obj
 0001:00000840       ?SetVARIANT_BOOL@OposVariant@@QEAAXF@Z 0000000180001840 f   OposVariant.obj
 0001:00000878       ?Term@CAtlComModule@ATL@@QEAAXXZ 0000000180001878 f i OposVariant.obj
 0001:000008e8       ?_AtlInitializeCriticalSectionEx@ATL@@YAHPEAU_RTL_CRITICAL_SECTION@@KK@Z 00000001800018e8 f i OposVariant.obj
 0001:000008f0       ?_AtlRaiseException@ATL@@YAXKK@Z 00000001800018f0 f i OposVariant.obj
 0001:00000900       ?Next@?$CComEnumImpl@UIEnumConnections@@$1?_GUID_b196b287_bab4_101a_b69c_00aa00341d07@@3U__s_GUID@@BUtagCONNECTDATA@@V?$_Copy@UtagCONNECTDATA@@@ATL@@@ATL@@UEAAJKPEAUtagCONNECTDATA@@PEAK@Z 0000000180001900 f i MotionSensor.obj
 0001:000009c8       ?Skip@?$CComEnumImpl@UIEnumConnections@@$1?_GUID_b196b287_bab4_101a_b69c_00aa00341d07@@3U__s_GUID@@BUtagCONNECTDATA@@V?$_Copy@UtagCONNECTDATA@@@ATL@@@ATL@@UEAAJK@Z 00000001800019c8 f i MotionSensor.obj
 0001:000009f4       ?Reset@?$CComEnumImpl@UIEnumConnectionPoints@@$1?_GUID_b196b285_bab4_101a_b69c_00aa00341d07@@3U__s_GUID@@BPEAUIConnectionPoint@@V?$_CopyInterface@UIConnectionPoint@@@ATL@@@ATL@@UEAAJXZ 00000001800019f4 f i MotionSensor.obj
 0001:000009f4       ?Reset@?$CComEnumImpl@UIEnumConnections@@$1?_GUID_b196b287_bab4_101a_b69c_00aa00341d07@@3U__s_GUID@@BUtagCONNECTDATA@@V?$_Copy@UtagCONNECTDATA@@@ATL@@@ATL@@UEAAJXZ 00000001800019f4 f i MotionSensor.obj
 0001:00000a00       ?Clone@?$CComEnumImpl@UIEnumConnections@@$1?_GUID_b196b287_bab4_101a_b69c_00aa00341d07@@3U__s_GUID@@BUtagCONNECTDATA@@V?$_Copy@UtagCONNECTDATA@@@ATL@@@ATL@@UEAAJPEAPEAUIEnumConnections@@@Z 0000000180001a00 f i MotionSensor.obj
 0001:00000b2c       ?AddRef@?$CComObject@V?$CComEnum@UIEnumConnectionPoints@@$1?_GUID_b196b285_bab4_101a_b69c_00aa00341d07@@3U__s_GUID@@BPEAUIConnectionPoint@@V?$_CopyInterface@UIConnectionPoint@@@ATL@@VCComSingleThreadModel@6@@ATL@@@ATL@@UEAAKXZ 0000000180001b2c f i MotionSensor.obj
 0001:00000b2c       ?AddRef@?$CComObject@V?$CComEnum@UIEnumConnections@@$1?_GUID_b196b287_bab4_101a_b69c_00aa00341d07@@3U__s_GUID@@BUtagCONNECTDATA@@V?$_Copy@UtagCONNECTDATA@@@ATL@@VCComSingleThreadModel@6@@ATL@@@ATL@@UEAAKXZ 0000000180001b2c f i MotionSensor.obj
 0001:00000b38       ?Release@?$CComObject@V?$CComEnum@UIEnumConnections@@$1?_GUID_b196b287_bab4_101a_b69c_00aa00341d07@@3U__s_GUID@@BUtagCONNECTDATA@@V?$_Copy@UtagCONNECTDATA@@@ATL@@VCComSingleThreadModel@6@@ATL@@@ATL@@UEAAKXZ 0000000180001b38 f i MotionSensor.obj
 0001:00000b38       ?Release@?$CComObject@V?$CComEnum@UIEnumConnectionPoints@@$1?_GUID_b196b285_bab4_101a_b69c_00aa00341d07@@3U__s_GUID@@BPEAUIConnectionPoint@@V?$_CopyInterface@UIConnectionPoint@@@ATL@@VCComSingleThreadModel@6@@ATL@@@ATL@@UEAAKXZ 0000000180001b38 f i MotionSensor.obj
 0001:00000b8c       ?QueryInterface@?$CComObject@V?$CComEnum@UIEnumConnections@@$1?_GUID_b196b287_bab4_101a_b69c_00aa00341d07@@3U__s_GUID@@BUtagCONNECTDATA@@V?$_Copy@UtagCONNECTDATA@@@ATL@@VCComSingleThreadModel@6@@ATL@@@ATL@@UEAAJAEBU_GUID@@PEAPEAX@Z 0000000180001b8c f i MotionSensor.obj
 0001:00000ba0       ??_E?$CComObject@V?$CComEnum@UIEnumConnections@@$1?_GUID_b196b287_bab4_101a_b69c_00aa00341d07@@3U__s_GUID@@BUtagCONNECTDATA@@V?$_Copy@UtagCONNECTDATA@@@ATL@@VCComSingleThreadModel@6@@ATL@@@ATL@@UEAAPEAXI@Z 0000000180001ba0 f i MotionSensor.obj
 0001:00000ba0       ??_G?$CComObject@V?$CComEnum@UIEnumConnections@@$1?_GUID_b196b287_bab4_101a_b69c_00aa00341d07@@3U__s_GUID@@BUtagCONNECTDATA@@V?$_Copy@UtagCONNECTDATA@@@ATL@@VCComSingleThreadModel@6@@ATL@@@ATL@@UEAAPEAXI@Z 0000000180001ba0 f i MotionSensor.obj
 0001:00000bf8       _guard_check_icall_nop     0000000180001bf8 f i LIBCMT:guard_support.obj
 0001:00000bf8       ?OnFinalMessage@?$CWindowImplBaseT@VCWindow@ATL@@V?$CWinTraits@$0FGAAAAAA@$0A@@2@@ATL@@UEAAXPEAUHWND__@@@Z 0000000180001bf8 f i MotionSensor.obj
 0001:00000bf8       ?ObjectMain@CComObjectRootBase@ATL@@SAX_N@Z 0000000180001bf8 f i MotionSensor.obj
 0001:00000bfc       ?OnAmbientPropertyChange@?$IOleControlImpl@VCOPOSMotionSensor@@@ATL@@UEAAJJ@Z 0000000180001bfc f i MotionSensor.obj
 0001:00000bfc       ?IsUpToDate@?$IOleObjectImpl@VCOPOSMotionSensor@@@ATL@@UEAAJXZ 0000000180001bfc f i MotionSensor.obj
 0001:00000bfc       ?GetCategoryMap@CComObjectRootBase@ATL@@SAPEBU_ATL_CATMAP_ENTRY@2@XZ 0000000180001bfc f i MotionSensor.obj
 0001:00000bfc       ?SetHostNames@?$IOleObjectImpl@VCOPOSMotionSensor@@@ATL@@UEAAJPEB_W0@Z 0000000180001bfc f i MotionSensor.obj
 0001:00000bfc       ?OnFrameWindowActivate@?$IOleInPlaceActiveObjectImpl@VCOPOSMotionSensor@@@ATL@@UEAAJH@Z 0000000180001bfc f i MotionSensor.obj
 0001:00000bfc       ?SaveCompleted@?$IPersistStorageImpl@VCOPOSMotionSensor@@@ATL@@UEAAJPEAUIStorage@@@Z 0000000180001bfc f i MotionSensor.obj
 0001:00000bfc       ?HandsOffStorage@?$IPersistStorageImpl@VCOPOSMotionSensor@@@ATL@@UEAAJXZ 0000000180001bfc f i MotionSensor.obj
 0001:00000bfc       ?GetObjectDescription@?$CComCoClass@VCOPOSMotionSensor@@$1?CLSID_OPOSMotionSensor@@3U_GUID@@B@ATL@@SAPEB_WXZ 0000000180001bfc f i MotionSensor.obj
 0001:00000bfc       ?Release@CRegObject@ATL@@UEAAKXZ 0000000180001bfc f i MotionSensor.obj
 0001:00000bfc       ?Update@?$IOleObjectImpl@VCOPOSMotionSensor@@@ATL@@UEAAJXZ 0000000180001bfc f i MotionSensor.obj
 0001:00000bfc       ?EnableModeless@?$IOleInPlaceActiveObjectImpl@VCOPOSMotionSensor@@@ATL@@UEAAJH@Z 0000000180001bfc f i MotionSensor.obj
 0001:00000bfc       ?ResizeBorder@?$IOleInPlaceActiveObjectImpl@VCOPOSMotionSensor@@@ATL@@UEAAJPEBUtagRECT@@PEAUIOleInPlaceUIWindow@@H@Z 0000000180001bfc f i MotionSensor.obj
 0001:00000c00       ??_E?$CComObject@VCOPOSMotionSensor@@@ATL@@W7EAAPEAXI@Z 0000000180001c00 f i MotionSensor.obj
 0001:00000c0c       ??_E?$CComObject@VCOPOSMotionSensor@@@ATL@@WHA@EAAPEAXI@Z 0000000180001c0c f i MotionSensor.obj
 0001:00000c18       ?QueryInterface@?$CComObject@VCOPOSMotionSensor@@@ATL@@WLI@EAAJAEBU_GUID@@PEAPEAX@Z 0000000180001c18 f i MotionSensor.obj
 0001:00000c24       ?AddRef@?$CComObject@VCOPOSMotionSensor@@@ATL@@WLI@EAAKXZ 0000000180001c24 f i MotionSensor.obj
 0001:00000c30       ?Release@?$CComObject@VCOPOSMotionSensor@@@ATL@@WLI@EAAKXZ 0000000180001c30 f i MotionSensor.obj
 0001:00000c3c       ?QueryInterface@?$CComObject@VCOPOSMotionSensor@@@ATL@@WMA@EAAJAEBU_GUID@@PEAPEAX@Z 0000000180001c3c f i MotionSensor.obj
 0001:00000c48       ?AddRef@?$CComObject@VCOPOSMotionSensor@@@ATL@@WMA@EAAKXZ 0000000180001c48 f i MotionSensor.obj
 0001:00000c54       ?Release@?$CComObject@VCOPOSMotionSensor@@@ATL@@WMA@EAAKXZ 0000000180001c54 f i MotionSensor.obj
 0001:00000c60       ?QueryInterface@?$CComObject@VCOPOSMotionSensor@@@ATL@@WMI@EAAJAEBU_GUID@@PEAPEAX@Z 0000000180001c60 f i MotionSensor.obj
 0001:00000c6c       ?AddRef@?$CComObject@VCOPOSMotionSensor@@@ATL@@WMI@EAAKXZ 0000000180001c6c f i MotionSensor.obj
 0001:00000c78       ?Release@?$CComObject@VCOPOSMotionSensor@@@ATL@@WMI@EAAKXZ 0000000180001c78 f i MotionSensor.obj
 0001:00000c84       ?QueryInterface@?$CComObject@VCOPOSMotionSensor@@@ATL@@WNA@EAAJAEBU_GUID@@PEAPEAX@Z 0000000180001c84 f i MotionSensor.obj
 0001:00000c90       ?AddRef@?$CComObject@VCOPOSMotionSensor@@@ATL@@WNA@EAAKXZ 0000000180001c90 f i MotionSensor.obj
 0001:00000c9c       ?Release@?$CComObject@VCOPOSMotionSensor@@@ATL@@WNA@EAAKXZ 0000000180001c9c f i MotionSensor.obj
 0001:00000ca8       ?QueryInterface@?$CComObject@VCOPOSMotionSensor@@@ATL@@WNI@EAAJAEBU_GUID@@PEAPEAX@Z 0000000180001ca8 f i MotionSensor.obj
 0001:00000cb4       ?AddRef@?$CComObject@VCOPOSMotionSensor@@@ATL@@WNI@EAAKXZ 0000000180001cb4 f i MotionSensor.obj
 0001:00000cc0       ?Release@?$CComObject@VCOPOSMotionSensor@@@ATL@@WNI@EAAKXZ 0000000180001cc0 f i MotionSensor.obj
 0001:00000ccc       ?QueryInterface@?$CComObject@VCOPOSMotionSensor@@@ATL@@WOA@EAAJAEBU_GUID@@PEAPEAX@Z 0000000180001ccc f i MotionSensor.obj
 0001:00000cd8       ?AddRef@?$CComObject@VCOPOSMotionSensor@@@ATL@@WOA@EAAKXZ 0000000180001cd8 f i MotionSensor.obj
 0001:00000ce4       ?Release@?$CComObject@VCOPOSMotionSensor@@@ATL@@WOA@EAAKXZ 0000000180001ce4 f i MotionSensor.obj
 0001:00000cf0       ?QueryInterface@?$CComObject@VCOPOSMotionSensor@@@ATL@@WOI@EAAJAEBU_GUID@@PEAPEAX@Z 0000000180001cf0 f i MotionSensor.obj
 0001:00000cfc       ?AddRef@?$CComObject@VCOPOSMotionSensor@@@ATL@@WOI@EAAKXZ 0000000180001cfc f i MotionSensor.obj
 0001:00000d08       ?Release@?$CComObject@VCOPOSMotionSensor@@@ATL@@WOI@EAAKXZ 0000000180001d08 f i MotionSensor.obj
 0001:00000d14       ?QueryInterface@?$CComObject@VCOPOSMotionSensor@@@ATL@@WPA@EAAJAEBU_GUID@@PEAPEAX@Z 0000000180001d14 f i MotionSensor.obj
 0001:00000d20       ?AddRef@?$CComObject@VCOPOSMotionSensor@@@ATL@@WPA@EAAKXZ 0000000180001d20 f i MotionSensor.obj
 0001:00000d2c       ?Release@?$CComObject@VCOPOSMotionSensor@@@ATL@@WPA@EAAKXZ 0000000180001d2c f i MotionSensor.obj
 0001:00000d38       ?QueryInterface@?$CComObject@VCOPOSMotionSensor@@@ATL@@WPI@EAAJAEBU_GUID@@PEAPEAX@Z 0000000180001d38 f i MotionSensor.obj
 0001:00000d44       ?AddRef@?$CComObject@VCOPOSMotionSensor@@@ATL@@WPI@EAAKXZ 0000000180001d44 f i MotionSensor.obj
 0001:00000d50       ?Release@?$CComObject@VCOPOSMotionSensor@@@ATL@@WPI@EAAKXZ 0000000180001d50 f i MotionSensor.obj
 0001:00000d5c       ?QueryInterface@?$CComObject@VCOPOSMotionSensor@@@ATL@@WBAA@EAAJAEBU_GUID@@PEAPEAX@Z 0000000180001d5c f i MotionSensor.obj
 0001:00000d68       ?AddRef@?$CComObject@VCOPOSMotionSensor@@@ATL@@WBAA@EAAKXZ 0000000180001d68 f i MotionSensor.obj
 0001:00000d74       ?Release@?$CComObject@VCOPOSMotionSensor@@@ATL@@WBAA@EAAKXZ 0000000180001d74 f i MotionSensor.obj
 0001:00000d80       ?QueryInterface@?$CComObject@VCOPOSMotionSensor@@@ATL@@WBAI@EAAJAEBU_GUID@@PEAPEAX@Z 0000000180001d80 f i MotionSensor.obj
 0001:00000d8c       ?AddRef@?$CComObject@VCOPOSMotionSensor@@@ATL@@WBAI@EAAKXZ 0000000180001d8c f i MotionSensor.obj
 0001:00000d98       ?Release@?$CComObject@VCOPOSMotionSensor@@@ATL@@WBAI@EAAKXZ 0000000180001d98 f i MotionSensor.obj
 0001:00000da4       ?QueryInterface@?$CComObject@VCOPOSMotionSensor@@@ATL@@WBBA@EAAJAEBU_GUID@@PEAPEAX@Z 0000000180001da4 f i MotionSensor.obj
 0001:00000db0       ?AddRef@?$CComObject@VCOPOSMotionSensor@@@ATL@@WBBA@EAAKXZ 0000000180001db0 f i MotionSensor.obj
 0001:00000dbc       ?Release@?$CComObject@VCOPOSMotionSensor@@@ATL@@WBBA@EAAKXZ 0000000180001dbc f i MotionSensor.obj
 0001:00000dc8       ?QueryInterface@?$CComObject@VCOPOSMotionSensor@@@ATL@@WBBI@EAAJAEBU_GUID@@PEAPEAX@Z 0000000180001dc8 f i MotionSensor.obj
 0001:00000dd4       ?AddRef@?$CComObject@VCOPOSMotionSensor@@@ATL@@WBBI@EAAKXZ 0000000180001dd4 f i MotionSensor.obj
 0001:00000de0       ?Release@?$CComObject@VCOPOSMotionSensor@@@ATL@@WBBI@EAAKXZ 0000000180001de0 f i MotionSensor.obj
 0001:00000dec       ?AddRef@?$CComObject@VCOPOSMotionSensor@@@ATL@@WBCI@EAAKXZ 0000000180001dec f i MotionSensor.obj
 0001:00000df8       ?Release@?$CComObject@VCOPOSMotionSensor@@@ATL@@WBCI@EAAKXZ 0000000180001df8 f i MotionSensor.obj
 0001:00000e04       ?AddRef@?$CComObject@VCOPOSMotionSensor@@@ATL@@WBEA@EAAKXZ 0000000180001e04 f i MotionSensor.obj
 0001:00000e10       ?Release@?$CComObject@VCOPOSMotionSensor@@@ATL@@WBEA@EAAKXZ 0000000180001e10 f i MotionSensor.obj
 0001:00000e1c       ??_E?$CComContainedObject@VCOPOSMotionSensor@@@ATL@@W7EAAPEAXI@Z 0000000180001e1c f i MotionSensor.obj
 0001:00000e28       ??_E?$CComContainedObject@VCOPOSMotionSensor@@@ATL@@WHA@EAAPEAXI@Z 0000000180001e28 f i MotionSensor.obj
 0001:00000e34       ?QueryInterface@?$CComContainedObject@VCOPOSMotionSensor@@@ATL@@WLI@EAAJAEBU_GUID@@PEAPEAX@Z 0000000180001e34 f i MotionSensor.obj
 0001:00000e40       ?AddRef@?$CComContainedObject@VCOPOSMotionSensor@@@ATL@@WLI@EAAKXZ 0000000180001e40 f i MotionSensor.obj
 0001:00000e4c       ?Release@?$CComContainedObject@VCOPOSMotionSensor@@@ATL@@WLI@EAAKXZ 0000000180001e4c f i MotionSensor.obj
 0001:00000e58       ?QueryInterface@?$CComContainedObject@VCOPOSMotionSensor@@@ATL@@WMA@EAAJAEBU_GUID@@PEAPEAX@Z 0000000180001e58 f i MotionSensor.obj
 0001:00000e64       ?AddRef@?$CComContainedObject@VCOPOSMotionSensor@@@ATL@@WMA@EAAKXZ 0000000180001e64 f i MotionSensor.obj
 0001:00000e70       ?Release@?$CComContainedObject@VCOPOSMotionSensor@@@ATL@@WMA@EAAKXZ 0000000180001e70 f i MotionSensor.obj
 0001:00000e7c       ?QueryInterface@?$CComContainedObject@VCOPOSMotionSensor@@@ATL@@WMI@EAAJAEBU_GUID@@PEAPEAX@Z 0000000180001e7c f i MotionSensor.obj
 0001:00000e88       ?AddRef@?$CComContainedObject@VCOPOSMotionSensor@@@ATL@@WMI@EAAKXZ 0000000180001e88 f i MotionSensor.obj
 0001:00000e94       ?Release@?$CComContainedObject@VCOPOSMotionSensor@@@ATL@@WMI@EAAKXZ 0000000180001e94 f i MotionSensor.obj
 0001:00000ea0       ?QueryInterface@?$CComContainedObject@VCOPOSMotionSensor@@@ATL@@WNA@EAAJAEBU_GUID@@PEAPEAX@Z 0000000180001ea0 f i MotionSensor.obj
 0001:00000eac       ?AddRef@?$CComContainedObject@VCOPOSMotionSensor@@@ATL@@WNA@EAAKXZ 0000000180001eac f i MotionSensor.obj
 0001:00000eb8       ?Release@?$CComContainedObject@VCOPOSMotionSensor@@@ATL@@WNA@EAAKXZ 0000000180001eb8 f i MotionSensor.obj
 0001:00000ec4       ?QueryInterface@?$CComContainedObject@VCOPOSMotionSensor@@@ATL@@WNI@EAAJAEBU_GUID@@PEAPEAX@Z 0000000180001ec4 f i MotionSensor.obj
 0001:00000ed0       ?AddRef@?$CComContainedObject@VCOPOSMotionSensor@@@ATL@@WNI@EAAKXZ 0000000180001ed0 f i MotionSensor.obj
 0001:00000edc       ?Release@?$CComContainedObject@VCOPOSMotionSensor@@@ATL@@WNI@EAAKXZ 0000000180001edc f i MotionSensor.obj
 0001:00000ee8       ?QueryInterface@?$CComContainedObject@VCOPOSMotionSensor@@@ATL@@WOA@EAAJAEBU_GUID@@PEAPEAX@Z 0000000180001ee8 f i MotionSensor.obj
 0001:00000ef4       ?AddRef@?$CComContainedObject@VCOPOSMotionSensor@@@ATL@@WOA@EAAKXZ 0000000180001ef4 f i MotionSensor.obj
 0001:00000f00       ?Release@?$CComContainedObject@VCOPOSMotionSensor@@@ATL@@WOA@EAAKXZ 0000000180001f00 f i MotionSensor.obj
 0001:00000f0c       ?QueryInterface@?$CComContainedObject@VCOPOSMotionSensor@@@ATL@@WOI@EAAJAEBU_GUID@@PEAPEAX@Z 0000000180001f0c f i MotionSensor.obj
 0001:00000f18       ?AddRef@?$CComContainedObject@VCOPOSMotionSensor@@@ATL@@WOI@EAAKXZ 0000000180001f18 f i MotionSensor.obj
 0001:00000f24       ?Release@?$CComContainedObject@VCOPOSMotionSensor@@@ATL@@WOI@EAAKXZ 0000000180001f24 f i MotionSensor.obj
 0001:00000f30       ?QueryInterface@?$CComContainedObject@VCOPOSMotionSensor@@@ATL@@WPA@EAAJAEBU_GUID@@PEAPEAX@Z 0000000180001f30 f i MotionSensor.obj
 0001:00000f3c       ?AddRef@?$CComContainedObject@VCOPOSMotionSensor@@@ATL@@WPA@EAAKXZ 0000000180001f3c f i MotionSensor.obj
 0001:00000f48       ?Release@?$CComContainedObject@VCOPOSMotionSensor@@@ATL@@WPA@EAAKXZ 0000000180001f48 f i MotionSensor.obj
 0001:00000f54       ?QueryInterface@?$CComContainedObject@VCOPOSMotionSensor@@@ATL@@WPI@EAAJAEBU_GUID@@PEAPEAX@Z 0000000180001f54 f i MotionSensor.obj
 0001:00000f60       ?AddRef@?$CComContainedObject@VCOPOSMotionSensor@@@ATL@@WPI@EAAKXZ 0000000180001f60 f i MotionSensor.obj
 0001:00000f6c       ?Release@?$CComContainedObject@VCOPOSMotionSensor@@@ATL@@WPI@EAAKXZ 0000000180001f6c f i MotionSensor.obj
 0001:00000f78       ?QueryInterface@?$CComContainedObject@VCOPOSMotionSensor@@@ATL@@WBAA@EAAJAEBU_GUID@@PEAPEAX@Z 0000000180001f78 f i MotionSensor.obj
 0001:00000f84       ?AddRef@?$CComContainedObject@VCOPOSMotionSensor@@@ATL@@WBAA@EAAKXZ 0000000180001f84 f i MotionSensor.obj
 0001:00000f90       ?Release@?$CComContainedObject@VCOPOSMotionSensor@@@ATL@@WBAA@EAAKXZ 0000000180001f90 f i MotionSensor.obj
 0001:00000f9c       ?QueryInterface@?$CComContainedObject@VCOPOSMotionSensor@@@ATL@@WBAI@EAAJAEBU_GUID@@PEAPEAX@Z 0000000180001f9c f i MotionSensor.obj
 0001:00000fa8       ?AddRef@?$CComContainedObject@VCOPOSMotionSensor@@@ATL@@WBAI@EAAKXZ 0000000180001fa8 f i MotionSensor.obj
 0001:00000fb4       ?Release@?$CComContainedObject@VCOPOSMotionSensor@@@ATL@@WBAI@EAAKXZ 0000000180001fb4 f i MotionSensor.obj
 0001:00000fc0       ?QueryInterface@?$CComContainedObject@VCOPOSMotionSensor@@@ATL@@WBBA@EAAJAEBU_GUID@@PEAPEAX@Z 0000000180001fc0 f i MotionSensor.obj
 0001:00000fcc       ?AddRef@?$CComContainedObject@VCOPOSMotionSensor@@@ATL@@WBBA@EAAKXZ 0000000180001fcc f i MotionSensor.obj
 0001:00000fd8       ?Release@?$CComContainedObject@VCOPOSMotionSensor@@@ATL@@WBBA@EAAKXZ 0000000180001fd8 f i MotionSensor.obj
 0001:00000fe4       ?QueryInterface@?$CComContainedObject@VCOPOSMotionSensor@@@ATL@@WBBI@EAAJAEBU_GUID@@PEAPEAX@Z 0000000180001fe4 f i MotionSensor.obj
 0001:00000ff0       ?AddRef@?$CComContainedObject@VCOPOSMotionSensor@@@ATL@@WBBI@EAAKXZ 0000000180001ff0 f i MotionSensor.obj
 0001:00000ffc       ?Release@?$CComContainedObject@VCOPOSMotionSensor@@@ATL@@WBBI@EAAKXZ 0000000180001ffc f i MotionSensor.obj
 0001:00001008       ?AddRef@?$CComContainedObject@VCOPOSMotionSensor@@@ATL@@WBCI@EAAKXZ 0000000180002008 f i MotionSensor.obj
 0001:00001014       ?Release@?$CComContainedObject@VCOPOSMotionSensor@@@ATL@@WBCI@EAAKXZ 0000000180002014 f i MotionSensor.obj
 0001:00001020       ?AddRef@?$CComContainedObject@VCOPOSMotionSensor@@@ATL@@WBEA@EAAKXZ 0000000180002020 f i MotionSensor.obj
 0001:0000102c       ?Release@?$CComContainedObject@VCOPOSMotionSensor@@@ATL@@WBEA@EAAKXZ 000000018000202c f i MotionSensor.obj
 0001:00001038       ?CreateInstance@CComClassFactory@ATL@@UEAAJPEAUIUnknown@@AEBU_GUID@@PEAPEAX@Z 0000000180002038 f i MotionSensor.obj
 0001:00001098       ?LockServer@CComClassFactory@ATL@@UEAAJH@Z 0000000180002098 f i MotionSensor.obj
 0001:000010bc       ??_GCComClassFactory@ATL@@UEAAPEAXI@Z 00000001800020bc f i MotionSensor.obj
 0001:000010bc       ??_ECComClassFactory@ATL@@UEAAPEAXI@Z 00000001800020bc f i MotionSensor.obj
 0001:0000110c       ?GetWindowProc@?$CWindowImplBaseT@VCWindow@ATL@@V?$CWinTraits@$0FGAAAAAA@$0A@@2@@ATL@@UEAAP6A_JPEAUHWND__@@I_K_J@ZXZ 000000018000210c f i MotionSensor.obj
 0001:00001114       ?StartWindowProc@?$CWindowImplBaseT@VCWindow@ATL@@V?$CWinTraits@$0FGAAAAAA@$0A@@2@@ATL@@SA_JPEAUHWND__@@I_K_J@Z 0000000180002114 f i MotionSensor.obj
 0001:000011c8       ?GetTypeInfoCount@?$IDispatchImpl@UIOPOSMotionSensor@@$1?IID_IOPOSMotionSensor@@3U_GUID@@B$1?LIBID_OposMotionSensor_CCO@@3U3@B$00$0A@VCComTypeInfoHolder@ATL@@@ATL@@UEAAJPEAI@Z 00000001800021c8 f i MotionSensor.obj
 0001:000011dc       ?GetTypeInfo@?$IDispatchImpl@UIOPOSMotionSensor@@$1?IID_IOPOSMotionSensor@@3U_GUID@@B$1?LIBID_OposMotionSensor_CCO@@3U3@B$00$0A@VCComTypeInfoHolder@ATL@@@ATL@@UEAAJIKPEAPEAUITypeInfo@@@Z 00000001800021dc f i MotionSensor.obj
 0001:00001240       ?GetIDsOfNames@?$IDispatchImpl@UIOPOSMotionSensor@@$1?IID_IOPOSMotionSensor@@3U_GUID@@B$1?LIBID_OposMotionSensor_CCO@@3U3@B$00$0A@VCComTypeInfoHolder@ATL@@@ATL@@UEAAJAEBU_GUID@@PEAPEA_WIKPEAJ@Z 0000000180002240 f i MotionSensor.obj
 0001:0000124c       ?Invoke@?$IDispatchImpl@UIOPOSMotionSensor@@$1?IID_IOPOSMotionSensor@@3U_GUID@@B$1?LIBID_OposMotionSensor_CCO@@3U3@B$00$0A@VCComTypeInfoHolder@ATL@@@ATL@@UEAAJJAEBU_GUID@@KGPEAUtagDISPPARAMS@@PEAUtagVARIANT@@PEAUtagEXCEPINFO@@PEAI@Z 000000018000224c f i MotionSensor.obj
 0001:000012dc       ?CreateControlWindow@?$CComControl@VCOPOSMotionSensor@@V?$CWindowImpl@VCOPOSMotionSensor@@VCWindow@ATL@@V?$CWinTraits@$0FGAAAAAA@$0A@@3@@ATL@@@ATL@@UEAAPEAUHWND__@@PEAU3@AEAUtagRECT@@@Z 00000001800022dc f i MotionSensor.obj
 0001:00001314       ?ControlQueryInterface@?$CComControl@VCOPOSMotionSensor@@V?$CWindowImpl@VCOPOSMotionSensor@@VCWindow@ATL@@V?$CWinTraits@$0FGAAAAAA@$0A@@3@@ATL@@@ATL@@UEAAJAEBU_GUID@@PEAPEAX@Z 0000000180002314 f i MotionSensor.obj
 0001:00001328       ?GetClassID@?$IPersistStreamInitImpl@VCOPOSMotionSensor@@@ATL@@UEAAJPEAU_GUID@@@Z 0000000180002328 f i MotionSensor.obj
 0001:00001328       ?GetUserClassID@?$IOleObjectImpl@VCOPOSMotionSensor@@@ATL@@UEAAJPEAU_GUID@@@Z 0000000180002328 f i MotionSensor.obj
 0001:00001328       ?GetClassID@?$IPersistStorageImpl@VCOPOSMotionSensor@@@ATL@@UEAAJPEAU_GUID@@@Z 0000000180002328 f i MotionSensor.obj
 0001:00001344       ?IsDirty@?$IPersistStreamInitImpl@VCOPOSMotionSensor@@@ATL@@UEAAJXZ 0000000180002344 f i MotionSensor.obj
 0001:00001360       ?Load@?$IPersistStreamInitImpl@VCOPOSMotionSensor@@@ATL@@UEAAJPEAUIStream@@@Z 0000000180002360 f i MotionSensor.obj
 0001:00001378       ?Save@?$IPersistStreamInitImpl@VCOPOSMotionSensor@@@ATL@@UEAAJPEAUIStream@@H@Z 0000000180002378 f i MotionSensor.obj
 0001:00001390       ?GetSizeMax@?$IPersistStreamInitImpl@VCOPOSMotionSensor@@@ATL@@UEAAJPEAT_ULARGE_INTEGER@@@Z 0000000180002390 f i MotionSensor.obj
 0001:000015b4       ?InitNew@?$IPersistStreamInitImpl@VCOPOSMotionSensor@@@ATL@@UEAAJXZ 00000001800025b4 f i MotionSensor.obj
 0001:000015cc       ?GetClipboardData@?$IOleObjectImpl@VCOPOSMotionSensor@@@ATL@@UEAAJKPEAPEAUIDataObject@@@Z 00000001800025cc f i MotionSensor.obj
 0001:000015cc       ?ReactivateAndUndo@?$IOleInPlaceObjectWindowlessImpl@VCOPOSMotionSensor@@@ATL@@UEAAJXZ 00000001800025cc f i MotionSensor.obj
 0001:000015cc       ?GetDropTarget@?$IOleInPlaceObjectWindowlessImpl@VCOPOSMotionSensor@@@ATL@@UEAAJPEAPEAUIDropTarget@@@Z 00000001800025cc f i MotionSensor.obj
 0001:000015cc       ?QueryGetData@?$IDataObjectImpl@VCOPOSMotionSensor@@@ATL@@UEAAJPEAUtagFORMATETC@@@Z 00000001800025cc f i MotionSensor.obj
 0001:000015cc       ?SetColorScheme@?$IOleObjectImpl@VCOPOSMotionSensor@@@ATL@@UEAAJPEAUtagLOGPALETTE@@@Z 00000001800025cc f i MotionSensor.obj
 0001:000015cc       ?ContextSensitiveHelp@?$IOleInPlaceActiveObjectImpl@VCOPOSMotionSensor@@@ATL@@UEAAJH@Z 00000001800025cc f i MotionSensor.obj
 0001:000015cc       ?OnMnemonic@?$IOleControlImpl@VCOPOSMotionSensor@@@ATL@@UEAAJPEAUtagMSG@@@Z 00000001800025cc f i MotionSensor.obj
 0001:000015cc       ?Unfreeze@?$IViewObjectExImpl@VCOPOSMotionSensor@@@ATL@@UEAAJK@Z 00000001800025cc f i MotionSensor.obj
 0001:000015cc       ?GetRect@?$IViewObjectExImpl@VCOPOSMotionSensor@@@ATL@@UEAAJKPEAU_RECTL@@@Z 00000001800025cc f i MotionSensor.obj
 0001:000015cc       ?SOOutputCompleteDummy@COPOSMotionSensor@@MEAAJJ@Z 00000001800025cc f i MotionSensor.obj
 0001:000015cc       ?EnumFormatEtc@?$IDataObjectImpl@VCOPOSMotionSensor@@@ATL@@UEAAJKPEAPEAUIEnumFORMATETC@@@Z 00000001800025cc f i MotionSensor.obj
 0001:000015cc       ?Freeze@?$IViewObjectExImpl@VCOPOSMotionSensor@@@ATL@@UEAAJKJPEAXPEAK@Z 00000001800025cc f i MotionSensor.obj
 0001:000015cc       ?SetMoniker@?$IOleObjectImpl@VCOPOSMotionSensor@@@ATL@@UEAAJKPEAUIMoniker@@@Z 00000001800025cc f i MotionSensor.obj
 0001:000015cc       ?GetControlInfo@?$IOleControlImpl@VCOPOSMotionSensor@@@ATL@@UEAAJPEAUtagCONTROLINFO@@@Z 00000001800025cc f i MotionSensor.obj
 0001:000015cc       ?QueryInterface@CRegObject@ATL@@UEAAJAEBU_GUID@@PEAPEAX@Z 00000001800025cc f i MotionSensor.obj
 0001:000015cc       ?ContextSensitiveHelp@?$IOleInPlaceObjectWindowlessImpl@VCOPOSMotionSensor@@@ATL@@UEAAJH@Z 00000001800025cc f i MotionSensor.obj
 0001:000015cc       ?GetColorSet@?$IViewObjectExImpl@VCOPOSMotionSensor@@@ATL@@UEAAJKJPEAXPEAUtagDVTARGETDEVICE@@PEAUHDC__@@PEAPEAUtagLOGPALETTE@@@Z 00000001800025cc f i MotionSensor.obj
 0001:000015cc       ?GetMoniker@?$IOleObjectImpl@VCOPOSMotionSensor@@@ATL@@UEAAJKKPEAPEAUIMoniker@@@Z 00000001800025cc f i MotionSensor.obj
 0001:000015cc       ?SODataDummy@COPOSMotionSensor@@MEAAJJ@Z 00000001800025cc f i MotionSensor.obj
 0001:000015cc       ?GetCanonicalFormatEtc@?$IDataObjectImpl@VCOPOSMotionSensor@@@ATL@@UEAAJPEAUtagFORMATETC@@0@Z 00000001800025cc f i MotionSensor.obj
 0001:000015cc       ?SOErrorDummy@COPOSMotionSensor@@MEAAJJJJPEAJ@Z 00000001800025cc f i MotionSensor.obj
 0001:000015cc       ?GetDataHere@?$IDataObjectImpl@VCOPOSMotionSensor@@@ATL@@UEAAJPEAUtagFORMATETC@@PEAUtagSTGMEDIUM@@@Z 00000001800025cc f i MotionSensor.obj
 0001:000015cc       ?InitFromData@?$IOleObjectImpl@VCOPOSMotionSensor@@@ATL@@UEAAJPEAUIDataObject@@HK@Z 00000001800025cc f i MotionSensor.obj
 0001:000015cc       ?SetData@?$IDataObjectImpl@VCOPOSMotionSensor@@@ATL@@UEAAJPEAUtagFORMATETC@@PEAUtagSTGMEDIUM@@H@Z 00000001800025cc f i MotionSensor.obj
 0001:000015d4       ?SetClientSite@?$IOleObjectImpl@VCOPOSMotionSensor@@@ATL@@UEAAJPEAUIOleClientSite@@@Z 00000001800025d4 f i MotionSensor.obj
 0001:000015f0       ?GetClientSite@?$IOleObjectImpl@VCOPOSMotionSensor@@@ATL@@UEAAJPEAPEAUIOleClientSite@@@Z 00000001800025f0 f i MotionSensor.obj
 0001:00001638       ?Close@?$IOleObjectImpl@VCOPOSMotionSensor@@@ATL@@UEAAJK@Z 0000000180002638 f i MotionSensor.obj
 0001:00001654       ?DoVerb@?$IOleObjectImpl@VCOPOSMotionSensor@@@ATL@@UEAAJJPEAUtagMSG@@PEAUIOleClientSite@@JPEAUHWND__@@PEBUtagRECT@@@Z 0000000180002654 f i MotionSensor.obj
 0001:000017f8       ?EnumVerbs@?$IOleObjectImpl@VCOPOSMotionSensor@@@ATL@@UEAAJPEAPEAUIEnumOLEVERB@@@Z 00000001800027f8 f i MotionSensor.obj
 0001:00001814       ?GetUserType@?$IOleObjectImpl@VCOPOSMotionSensor@@@ATL@@UEAAJKPEAPEA_W@Z 0000000180002814 f i MotionSensor.obj
 0001:00001824       ?SetExtent@?$IOleObjectImpl@VCOPOSMotionSensor@@@ATL@@UEAAJKPEAUtagSIZE@@@Z 0000000180002824 f i MotionSensor.obj
 0001:00001840       ?GetExtent@?$IOleObjectImpl@VCOPOSMotionSensor@@@ATL@@UEAAJKPEAUtagSIZE@@@Z 0000000180002840 f i MotionSensor.obj
 0001:00001870       ?Advise@?$IOleObjectImpl@VCOPOSMotionSensor@@@ATL@@UEAAJPEAUIAdviseSink@@PEAK@Z 0000000180002870 f i MotionSensor.obj
 0001:000018cc       ?Unadvise@?$IOleObjectImpl@VCOPOSMotionSensor@@@ATL@@UEAAJK@Z 00000001800028cc f i MotionSensor.obj
 0001:00001904       ?EnumAdvise@?$IOleObjectImpl@VCOPOSMotionSensor@@@ATL@@UEAAJPEAPEAUIEnumSTATDATA@@@Z 0000000180002904 f i MotionSensor.obj
 0001:0000194c       ?GetMiscStatus@?$IOleObjectImpl@VCOPOSMotionSensor@@@ATL@@UEAAJKPEAK@Z 000000018000294c f i MotionSensor.obj
 0001:0000195c       ?GetWindow@?$IOleInPlaceActiveObjectImpl@VCOPOSMotionSensor@@@ATL@@UEAAJPEAPEAUHWND__@@@Z 000000018000295c f i MotionSensor.obj
 0001:000019b0       ?TranslateAcceleratorW@?$IOleInPlaceActiveObjectImpl@VCOPOSMotionSensor@@@ATL@@UEAAJPEAUtagMSG@@@Z 00000001800029b0 f i MotionSensor.obj
 0001:00001aa4       ?OnDocWindowActivate@?$IOleInPlaceActiveObjectImpl@VCOPOSMotionSensor@@@ATL@@UEAAJH@Z 0000000180002aa4 f i MotionSensor.obj
 0001:00001ad0       ?Draw@?$IViewObjectExImpl@VCOPOSMotionSensor@@@ATL@@UEAAJKJPEAXPEAUtagDVTARGETDEVICE@@PEAUHDC__@@2PEBU_RECTL@@3P6AH_K@Z4@Z 0000000180002ad0 f i MotionSensor.obj
 0001:00001b34       ?SetAdvise@?$IViewObjectExImpl@VCOPOSMotionSensor@@@ATL@@UEAAJKKPEAUIAdviseSink@@@Z 0000000180002b34 f i MotionSensor.obj
 0001:00001b88       ?GetAdvise@?$IViewObjectExImpl@VCOPOSMotionSensor@@@ATL@@UEAAJPEAK0PEAPEAUIAdviseSink@@@Z 0000000180002b88 f i MotionSensor.obj
 0001:00001bc4       ?GetExtent@?$IViewObjectExImpl@VCOPOSMotionSensor@@@ATL@@UEAAJKJPEAUtagDVTARGETDEVICE@@PEAUtagSIZE@@@Z 0000000180002bc4 f i MotionSensor.obj
 0001:00001bf4       ?GetViewStatus@?$IViewObjectExImpl@VCOPOSMotionSensor@@@ATL@@UEAAJPEAK@Z 0000000180002bf4 f i MotionSensor.obj
 0001:00001c08       ?QueryHitPoint@?$IViewObjectExImpl@VCOPOSMotionSensor@@@ATL@@UEAAJKPEBUtagRECT@@UtagPOINT@@JPEAK@Z 0000000180002c08 f i MotionSensor.obj
 0001:00001c4c       ?QueryHitRect@?$IViewObjectExImpl@VCOPOSMotionSensor@@@ATL@@UEAAJKPEBUtagRECT@@0JPEAK@Z 0000000180002c4c f i MotionSensor.obj
 0001:00001cb4       ?GetNaturalExtent@?$IViewObjectExImpl@VCOPOSMotionSensor@@@ATL@@UEAAJKJPEAUtagDVTARGETDEVICE@@PEAUHDC__@@PEAUtagExtentInfo@@PEAUtagSIZE@@@Z 0000000180002cb4 f i MotionSensor.obj
 0001:00001cfc       ?GetWindow@?$IOleInPlaceObjectWindowlessImpl@VCOPOSMotionSensor@@@ATL@@UEAAJPEAPEAUHWND__@@@Z 0000000180002cfc f i MotionSensor.obj
 0001:00001d50       ?InPlaceDeactivate@?$IOleInPlaceObjectWindowlessImpl@VCOPOSMotionSensor@@@ATL@@UEAAJXZ 0000000180002d50 f i MotionSensor.obj
 0001:00001d6c       ?UIDeactivate@?$IOleInPlaceObjectWindowlessImpl@VCOPOSMotionSensor@@@ATL@@UEAAJXZ 0000000180002d6c f i MotionSensor.obj
 0001:00001d88       ?SetObjectRects@?$IOleInPlaceObjectWindowlessImpl@VCOPOSMotionSensor@@@ATL@@UEAAJPEBUtagRECT@@0@Z 0000000180002d88 f i MotionSensor.obj
 0001:00001da4       ?OnWindowMessage@?$IOleInPlaceObjectWindowlessImpl@VCOPOSMotionSensor@@@ATL@@UEAAJI_K_JPEA_J@Z 0000000180002da4 f i MotionSensor.obj
 0001:00001e6c       ?EnumConnectionPoints@?$IConnectionPointContainerImpl@VCOPOSMotionSensor@@@ATL@@UEAAJPEAPEAUIEnumConnectionPoints@@@Z 0000000180002e6c f i MotionSensor.obj
 0001:000020b4       ?FindConnectionPoint@?$IConnectionPointContainerImpl@VCOPOSMotionSensor@@@ATL@@UEAAJAEBU_GUID@@PEAPEAUIConnectionPoint@@@Z 00000001800030b4 f i MotionSensor.obj
 0001:00002184       ?IsDirty@?$IPersistStorageImpl@VCOPOSMotionSensor@@@ATL@@UEAAJXZ 0000000180003184 f i MotionSensor.obj
 0001:000021c4       ?InitNew@?$IPersistStorageImpl@VCOPOSMotionSensor@@@ATL@@UEAAJPEAUIStorage@@@Z 00000001800031c4 f i MotionSensor.obj
 0001:00002204       ?Load@?$IPersistStorageImpl@VCOPOSMotionSensor@@@ATL@@UEAAJPEAUIStorage@@@Z 0000000180003204 f i MotionSensor.obj
 0001:000022a4       ?Save@?$IPersistStorageImpl@VCOPOSMotionSensor@@@ATL@@UEAAJPEAUIStorage@@H@Z 00000001800032a4 f i MotionSensor.obj
 0001:00002354       ?GetPages@?$ISpecifyPropertyPagesImpl@VCOPOSMotionSensor@@@ATL@@UEAAJPEAUtagCAUUID@@@Z 0000000180003354 f i MotionSensor.obj
 0001:00002360       ?QuickActivate@?$IQuickActivateImpl@VCOPOSMotionSensor@@@ATL@@UEAAJPEAUtagQACONTAINER@@PEAUtagQACONTROL@@@Z 0000000180003360 f i MotionSensor.obj
 0001:0000237c       ?SetContentExtent@?$IQuickActivateImpl@VCOPOSMotionSensor@@@ATL@@UEAAJPEAUtagSIZE@@@Z 000000018000337c f i MotionSensor.obj
 0001:000023b0       ?GetContentExtent@?$IQuickActivateImpl@VCOPOSMotionSensor@@@ATL@@UEAAJPEAUtagSIZE@@@Z 00000001800033b0 f i MotionSensor.obj
 0001:000023e8       ?GetData@?$IDataObjectImpl@VCOPOSMotionSensor@@@ATL@@UEAAJPEAUtagFORMATETC@@PEAUtagSTGMEDIUM@@@Z 00000001800033e8 f i MotionSensor.obj
 0001:00002404       ?DAdvise@?$IDataObjectImpl@VCOPOSMotionSensor@@@ATL@@UEAAJPEAUtagFORMATETC@@KPEAUIAdviseSink@@PEAK@Z 0000000180003404 f i MotionSensor.obj
 0001:0000248c       ?DUnadvise@?$IDataObjectImpl@VCOPOSMotionSensor@@@ATL@@UEAAJK@Z 000000018000348c f i MotionSensor.obj
 0001:000024b8       ?EnumDAdvise@?$IDataObjectImpl@VCOPOSMotionSensor@@@ATL@@UEAAJPEAPEAUIEnumSTATDATA@@@Z 00000001800034b8 f i MotionSensor.obj
 0001:000024f4       ?GetClassInfoW@?$IProvideClassInfo2Impl@$1?CLSID_OPOSMotionSensor@@3U_GUID@@B$1?DIID__IOPOSMotionSensorEvents@@3U2@B$1?LIBID_OposMotionSensor_CCO@@3U2@B$00$0A@VCComTypeInfoHolder@ATL@@@ATL@@UEAAJPEAPEAUITypeInfo@@@Z 00000001800034f4 f i MotionSensor.obj
 0001:0000254c       ?GetGUID@?$IProvideClassInfo2Impl@$1?CLSID_OPOSMotionSensor@@3U_GUID@@B$1?DIID__IOPOSMotionSensorEvents@@3U2@B$1?LIBID_OposMotionSensor_CCO@@3U2@B$00$0A@VCComTypeInfoHolder@ATL@@@ATL@@UEAAJKPEAU_GUID@@@Z 000000018000354c f i MotionSensor.obj
 0001:00002580       ?FAccessAllowed@?$IObjectSafetyImpl@VCOPOSMotionSensor@@$02@ATL@@MEAAHXZ 0000000180003580 f i MotionSensor.obj
 0001:00002580       _get_startup_argv_mode     0000000180003580 f i LIBCMT:argv_mode.obj
 0001:00002580       ?AddRef@CRegObject@ATL@@UEAAKXZ 0000000180003580 f i MotionSensor.obj
 0001:00002588       ?GetInterfaceSafetyOptions@?$IObjectSafetyImpl@VCOPOSMotionSensor@@$02@ATL@@UEAAJAEBU_GUID@@PEAK1@Z 0000000180003588 f i MotionSensor.obj
 0001:0000261c       ?SetInterfaceSafetyOptions@?$IObjectSafetyImpl@VCOPOSMotionSensor@@$02@ATL@@UEAAJAEBU_GUID@@KK@Z 000000018000361c f i MotionSensor.obj
 0001:000026c0       ?_LocCPQueryInterface@?$IConnectionPointImpl@VCOPOSMotionSensor@@$1?DIID__IOPOSMotionSensorEvents@@3U_GUID@@BVCComDynamicUnkArray@ATL@@@ATL@@UEAAJAEBU_GUID@@PEAPEAX@Z 00000001800036c0 f i MotionSensor.obj
 0001:000026c0       ?_LocCPQueryInterface@?$IConnectionPointImpl@VCOPOSMotionSensor@@$1?IID_IPropertyNotifySink@@3U_GUID@@BVCComDynamicUnkArray@ATL@@@ATL@@UEAAJAEBU_GUID@@PEAPEAX@Z 00000001800036c0 f i MotionSensor.obj
 0001:00002734       ?GetConnectionInterface@?$IConnectionPointImpl@VCOPOSMotionSensor@@$1?IID_IPropertyNotifySink@@3U_GUID@@BVCComDynamicUnkArray@ATL@@@ATL@@UEAAJPEAU_GUID@@@Z 0000000180003734 f i MotionSensor.obj
 0001:00002750       ?GetConnectionPointContainer@?$IConnectionPointImpl@VCOPOSMotionSensor@@$1?IID_IPropertyNotifySink@@3U_GUID@@BVCComDynamicUnkArray@ATL@@@ATL@@UEAAJPEAPEAUIConnectionPointContainer@@@Z 0000000180003750 f i MotionSensor.obj
 0001:00002770       ?Advise@?$IConnectionPointImpl@VCOPOSMotionSensor@@$1?IID_IPropertyNotifySink@@3U_GUID@@BVCComDynamicUnkArray@ATL@@@ATL@@UEAAJPEAUIUnknown@@PEAK@Z 0000000180003770 f i MotionSensor.obj
 0001:00002770       ?Advise@?$IConnectionPointImpl@VCOPOSMotionSensor@@$1?DIID__IOPOSMotionSensorEvents@@3U_GUID@@BVCComDynamicUnkArray@ATL@@@ATL@@UEAAJPEAUIUnknown@@PEAK@Z 0000000180003770 f i MotionSensor.obj
 0001:0000282c       ?Unadvise@?$IConnectionPointImpl@VCOPOSMotionSensor@@$1?IID_IPropertyNotifySink@@3U_GUID@@BVCComDynamicUnkArray@ATL@@@ATL@@UEAAJK@Z 000000018000382c f i MotionSensor.obj
 0001:0000282c       ?Unadvise@?$IConnectionPointImpl@VCOPOSMotionSensor@@$1?DIID__IOPOSMotionSensorEvents@@3U_GUID@@BVCComDynamicUnkArray@ATL@@@ATL@@UEAAJK@Z 000000018000382c f i MotionSensor.obj
 0001:00002894       ?EnumConnections@?$IConnectionPointImpl@VCOPOSMotionSensor@@$1?DIID__IOPOSMotionSensorEvents@@3U_GUID@@BVCComDynamicUnkArray@ATL@@@ATL@@UEAAJPEAPEAUIEnumConnections@@@Z 0000000180003894 f i MotionSensor.obj
 0001:00002894       ?EnumConnections@?$IConnectionPointImpl@VCOPOSMotionSensor@@$1?IID_IPropertyNotifySink@@3U_GUID@@BVCComDynamicUnkArray@ATL@@@ATL@@UEAAJPEAPEAUIEnumConnections@@@Z 0000000180003894 f i MotionSensor.obj
 0001:00002a28       ?GetConnectionInterface@?$IConnectionPointImpl@VCOPOSMotionSensor@@$1?DIID__IOPOSMotionSensorEvents@@3U_GUID@@BVCComDynamicUnkArray@ATL@@@ATL@@UEAAJPEAU_GUID@@@Z 0000000180003a28 f i MotionSensor.obj
 0001:00002a44       ?GetConnectionPointContainer@?$IConnectionPointImpl@VCOPOSMotionSensor@@$1?DIID__IOPOSMotionSensorEvents@@3U_GUID@@BVCComDynamicUnkArray@ATL@@@ATL@@UEAAJPEAPEAUIConnectionPointContainer@@@Z 0000000180003a44 f i MotionSensor.obj
 0001:00002a64       ?Lock@CAtlModule@ATL@@UEAAJXZ 0000000180003a64 f i MotionSensor.obj
 0001:00002a74       ?Unlock@CAtlModule@ATL@@UEAAJXZ 0000000180003a74 f i MotionSensor.obj
 0001:00002a80       ?GetLockCount@CAtlModule@ATL@@UEAAJXZ 0000000180003a80 f i MotionSensor.obj
 0001:00002a84       ?UpdateRegistry@COPOSMotionSensor@@SAJH@Z 0000000180003a84 f i MotionSensor.obj
 0001:00002a9c       ?GetGITPtr@CAtlModule@ATL@@UEAAJPEAPEAUIGlobalInterfaceTable@@@Z 0000000180003a9c f i MotionSensor.obj
 0001:00002b0c       ?ProcessWindowMessage@COPOSMotionSensor@@UEAAHPEAUHWND__@@I_K_JAEA_JK@Z 0000000180003b0c f i MotionSensor.obj
 0001:00002b9c       ?SODirectIO@COPOSMotionSensor@@MEAAJJPEAJPEAPEA_W@Z 0000000180003b9c f i MotionSensor.obj
 0001:00002c14       ?SOStatusUpdate@COPOSMotionSensor@@MEAAJJ@Z 0000000180003c14 f i MotionSensor.obj
 0001:00002c64       ?AddCommonRGSReplacements@?$CAtlModuleT@VCComModule@ATL@@@ATL@@UEAAJPEAUIRegistrarBase@@@Z 0000000180003c64 f i MotionSensor.obj
 0001:00002c7c       ?UpdateRegistryFromResourceD@CComModule@ATL@@UEAAJIHPEAU_ATL_REGMAP_ENTRY@2@@Z 0000000180003c7c f i MotionSensor.obj
 0001:00002c7c       ?UpdateRegistryFromResourceD@CComModule@ATL@@UEAAJPEB_WHPEAU_ATL_REGMAP_ENTRY@2@@Z 0000000180003c7c f i MotionSensor.obj
 0001:00002c84       ?UpdateRegistryFromResource@CComModule@ATL@@UEAAJPEB_WHPEAU_ATL_REGMAP_ENTRY@2@@Z 0000000180003c84 f i MotionSensor.obj
 0001:00002c8c       ?UpdateRegistryFromResource@CComModule@ATL@@UEAAJIHPEAU_ATL_REGMAP_ENTRY@2@@Z 0000000180003c8c f i MotionSensor.obj
 0001:00002c94       ??_GCComModule@ATL@@UEAAPEAXI@Z 0000000180003c94 f i MotionSensor.obj
 0001:00002c94       ??_ECComModule@ATL@@UEAAPEAXI@Z 0000000180003c94 f i MotionSensor.obj
 0001:00002cd4       ?CreateInstance@?$CComCreator@V?$CComObjectCached@VCComClassFactory@ATL@@@ATL@@@ATL@@SAJPEAXAEBU_GUID@@PEAPEAX@Z 0000000180003cd4 f i MotionSensor.obj
 0001:00002df8       ?CreateInstance@?$CComCreator2@V?$CComCreator@V?$CComObject@VCOPOSMotionSensor@@@ATL@@@ATL@@V?$CComCreator@V?$CComAggObject@VCOPOSMotionSensor@@@ATL@@@2@@ATL@@SAJPEAXAEBU_GUID@@PEAPEAX@Z 0000000180003df8 f i MotionSensor.obj
 0001:00002e08       ?AddRef@?$CComObjectCached@VCComClassFactory@ATL@@@ATL@@UEAAKXZ 0000000180003e08 f i MotionSensor.obj
 0001:00002e34       ?Release@?$CComObjectCached@VCComClassFactory@ATL@@@ATL@@UEAAKXZ 0000000180003e34 f i MotionSensor.obj
 0001:00002e74       ?QueryInterface@?$CComObjectCached@VCComClassFactory@ATL@@@ATL@@UEAAJAEBU_GUID@@PEAPEAX@Z 0000000180003e74 f i MotionSensor.obj
 0001:00002e88       ??_E?$CComObjectCached@VCComClassFactory@ATL@@@ATL@@UEAAPEAXI@Z 0000000180003e88 f i MotionSensor.obj
 0001:00002e88       ??_G?$CComObjectCached@VCComClassFactory@ATL@@@ATL@@UEAAPEAXI@Z 0000000180003e88 f i MotionSensor.obj
 0001:00002ee0       ?Next@?$CComEnumImpl@UIEnumConnectionPoints@@$1?_GUID_b196b285_bab4_101a_b69c_00aa00341d07@@3U__s_GUID@@BPEAUIConnectionPoint@@V?$_CopyInterface@UIConnectionPoint@@@ATL@@@ATL@@UEAAJKPEAPEAUIConnectionPoint@@PEAK@Z 0000000180003ee0 f i MotionSensor.obj
 0001:00002fa4       ?Skip@?$CComEnumImpl@UIEnumConnectionPoints@@$1?_GUID_b196b285_bab4_101a_b69c_00aa00341d07@@3U__s_GUID@@BPEAUIConnectionPoint@@V?$_CopyInterface@UIConnectionPoint@@@ATL@@@ATL@@UEAAJK@Z 0000000180003fa4 f i MotionSensor.obj
 0001:00002fd0       ?Clone@?$CComEnumImpl@UIEnumConnectionPoints@@$1?_GUID_b196b285_bab4_101a_b69c_00aa00341d07@@3U__s_GUID@@BPEAUIConnectionPoint@@V?$_CopyInterface@UIConnectionPoint@@@ATL@@@ATL@@UEAAJPEAPEAUIEnumConnectionPoints@@@Z 0000000180003fd0 f i MotionSensor.obj
 0001:000030fc       ?QueryInterface@?$CComObject@V?$CComEnum@UIEnumConnectionPoints@@$1?_GUID_b196b285_bab4_101a_b69c_00aa00341d07@@3U__s_GUID@@BPEAUIConnectionPoint@@V?$_CopyInterface@UIConnectionPoint@@@ATL@@VCComSingleThreadModel@6@@ATL@@@ATL@@UEAAJAEBU_GUID@@PEAPEAX@Z 00000001800040fc f i MotionSensor.obj
 0001:00003110       ??_E?$CComObject@V?$CComEnum@UIEnumConnectionPoints@@$1?_GUID_b196b285_bab4_101a_b69c_00aa00341d07@@3U__s_GUID@@BPEAUIConnectionPoint@@V?$_CopyInterface@UIConnectionPoint@@@ATL@@VCComSingleThreadModel@6@@ATL@@@ATL@@UEAAPEAXI@Z 0000000180004110 f i MotionSensor.obj
 0001:00003110       ??_G?$CComObject@V?$CComEnum@UIEnumConnectionPoints@@$1?_GUID_b196b285_bab4_101a_b69c_00aa00341d07@@3U__s_GUID@@BPEAUIConnectionPoint@@V?$_CopyInterface@UIConnectionPoint@@@ATL@@VCComSingleThreadModel@6@@ATL@@@ATL@@UEAAPEAXI@Z 0000000180004110 f i MotionSensor.obj
 0001:00003168       ?AddReplacement@CRegObject@ATL@@UEAAJPEB_W0@Z 0000000180004168 f i MotionSensor.obj
 0001:00003198       ?ClearReplacements@CRegObject@ATL@@UEAAJXZ 0000000180004198 f i MotionSensor.obj
 0001:000031a4       ??_ECRegObject@ATL@@UEAAPEAXI@Z 00000001800041a4 f i MotionSensor.obj
 0001:000031a4       ??_GCRegObject@ATL@@UEAAPEAXI@Z 00000001800041a4 f i MotionSensor.obj
 0001:00003224       ?AddRef@?$CComAggObject@VCOPOSMotionSensor@@@ATL@@UEAAKXZ 0000000180004224 f i MotionSensor.obj
 0001:00003230       ?Release@?$CComAggObject@VCOPOSMotionSensor@@@ATL@@UEAAKXZ 0000000180004230 f i MotionSensor.obj
 0001:00003284       ?QueryInterface@?$CComAggObject@VCOPOSMotionSensor@@@ATL@@UEAAJAEBU_GUID@@PEAPEAX@Z 0000000180004284 f i MotionSensor.obj
 0001:000032e4       ?AddRef@?$CComContainedObject@VCOPOSMotionSensor@@@ATL@@UEAAKXZ 00000001800042e4 f i MotionSensor.obj
 0001:000032f4       ?Release@?$CComContainedObject@VCOPOSMotionSensor@@@ATL@@UEAAKXZ 00000001800042f4 f i MotionSensor.obj
 0001:00003304       ?QueryInterface@?$CComContainedObject@VCOPOSMotionSensor@@@ATL@@UEAAJAEBU_GUID@@PEAPEAX@Z 0000000180004304 f i MotionSensor.obj
 0001:00003314       ??_E?$CComAggObject@VCOPOSMotionSensor@@@ATL@@UEAAPEAXI@Z 0000000180004314 f i MotionSensor.obj
 0001:00003314       ??_G?$CComAggObject@VCOPOSMotionSensor@@@ATL@@UEAAPEAXI@Z 0000000180004314 f i MotionSensor.obj
 0001:0000336c       ?AddRef@?$CComObject@VCOPOSMotionSensor@@@ATL@@UEAAKXZ 000000018000436c f i MotionSensor.obj
 0001:0000337c       ?Release@?$CComObject@VCOPOSMotionSensor@@@ATL@@UEAAKXZ 000000018000437c f i MotionSensor.obj
 0001:000033d4       ?QueryInterface@?$CComObject@VCOPOSMotionSensor@@@ATL@@UEAAJAEBU_GUID@@PEAPEAX@Z 00000001800043d4 f i MotionSensor.obj
 0001:000033e8       ?OnDrawAdvanced@CComControlBase@ATL@@UEAAJAEAUATL_DRAWINFO@@@Z 00000001800043e8 f i MotionSensor.obj
 0001:00003574       ??$AtlModuleRegisterWndClassInfoT@VAtlModuleRegisterWndClassInfoParamW@ATL@@@ATL@@YAGPEAU_ATL_BASE_MODULE70@0@PEAU_ATL_WIN_MODULE70@0@PEAU_ATL_WNDCLASSINFOW@0@PEAP6A_JPEAUHWND__@@I_K_J@ZVAtlModuleRegisterWndClassInfoParamW@0@@Z 0000000180004574 f i MotionSensor.obj
 0001:00003774       ??0?$CComContainedObject@VCOPOSMotionSensor@@@ATL@@QEAA@PEAX@Z 0000000180004774 f i MotionSensor.obj
 0001:00003890       ??0?$CComObject@VCOPOSMotionSensor@@@ATL@@QEAA@PEAX@Z 0000000180004890 f i MotionSensor.obj
 0001:000039a8       ??0CAtlModule@ATL@@QEAA@XZ 00000001800049a8 f i MotionSensor.obj
 0001:00003a1c       ??1?$CComEnumImpl@UIEnumConnectionPoints@@$1?_GUID_b196b285_bab4_101a_b69c_00aa00341d07@@3U__s_GUID@@BPEAUIConnectionPoint@@V?$_CopyInterface@UIConnectionPoint@@@ATL@@@ATL@@UEAA@XZ 0000000180004a1c f i MotionSensor.obj
 0001:00003a74       ??1?$CComEnumImpl@UIEnumConnections@@$1?_GUID_b196b287_bab4_101a_b69c_00aa00341d07@@3U__s_GUID@@BUtagCONNECTDATA@@V?$_Copy@UtagCONNECTDATA@@@ATL@@@ATL@@UEAA@XZ 0000000180004a74 f i MotionSensor.obj
 0001:00003acc       ??1?$CComObject@VCOPOSMotionSensor@@@ATL@@UEAA@XZ 0000000180004acc f i MotionSensor.obj
 0001:00003bec       ??_G?$CComContainedObject@VCOPOSMotionSensor@@@ATL@@UEAAPEAXI@Z 0000000180004bec f i MotionSensor.obj
 0001:00003bec       ??_E?$CComContainedObject@VCOPOSMotionSensor@@@ATL@@UEAAPEAXI@Z 0000000180004bec f i MotionSensor.obj
 0001:00003c20       ??_G?$CComObject@VCOPOSMotionSensor@@@ATL@@UEAAPEAXI@Z 0000000180004c20 f i MotionSensor.obj
 0001:00003c20       ??_E?$CComObject@VCOPOSMotionSensor@@@ATL@@UEAAPEAXI@Z 0000000180004c20 f i MotionSensor.obj
 0001:00003c54       ?Add@?$CSimpleArray@GV?$CSimpleArrayEqualHelper@G@ATL@@@ATL@@QEAAHAEBG@Z 0000000180004c54 f i MotionSensor.obj
 0001:00003cf4       ?Add@?$CSimpleMap@PEA_WPEA_WVCExpansionVectorEqualHelper@ATL@@@ATL@@QEAAHAEBQEA_W0@Z 0000000180004cf4 f i MotionSensor.obj
 0001:00003d90       ?Add@CComDynamicUnkArray@ATL@@QEAAKPEAUIUnknown@@@Z 0000000180004d90 f i MotionSensor.obj
 0001:00003e74       ?Add@CExpansionVector@ATL@@QEAAHPEB_W0@Z 0000000180004e74 f i MotionSensor.obj
 0001:00003fa8       ?AddTermFunc@CAtlModule@ATL@@QEAAJP6AX_K@Z0@Z 0000000180004fa8 f i MotionSensor.obj
 0001:00004044       ?AddValue@CRegParser@ATL@@IEAAJAEAVCRegKey@2@PEB_WPEA_W@Z 0000000180005044 f i MotionSensor.obj
 0001:00004454       ?AllocateHeap@?$CTempBuffer@E$0BAA@VCCRTAllocator@ATL@@@ATL@@AEAAX_K@Z 0000000180005454 f i MotionSensor.obj
 0001:00004454       ?AllocateHeap@?$CTempBuffer@_W$0EAA@VCCRTAllocator@ATL@@@ATL@@AEAAX_K@Z 0000000180005454 f i MotionSensor.obj
 0001:00004454       ?AllocateHeap@?$CTempBuffer@_W$0BAA@VCCRTAllocator@ATL@@@ATL@@AEAAX_K@Z 0000000180005454 f i MotionSensor.obj
 0001:00004480       ?Append@CParseBuffer@CRegParser@ATL@@QEAAHPEB_WH@Z 0000000180005480 f i MotionSensor.obj
 0001:000045b4       ?AtlComModuleGetClassObject@ATL@@YAJPEAU_ATL_COM_MODULE70@1@AEBU_GUID@@1PEAPEAX@Z 00000001800055b4 f i MotionSensor.obj
 0001:000046f0       ?AtlComModuleRegisterServer@ATL@@YAJPEAU_ATL_COM_MODULE70@1@HPEBU_GUID@@@Z 00000001800056f0 f i MotionSensor.obj
 0001:000047b0       ?AtlComModuleUnregisterServer@ATL@@YAJPEAU_ATL_COM_MODULE70@1@HPEBU_GUID@@@Z 00000001800057b0 f i MotionSensor.obj
 0001:0000486c       ?AtlHiMetricToPixel@ATL@@YAXPEBUtagSIZE@@PEAU2@@Z 000000018000586c f i MotionSensor.obj
 0001:0000491c       ?AtlHresultFromLastError@ATL@@YAJXZ 000000018000591c f i MotionSensor.obj
 0001:0000493c       ?AtlHresultFromWin32@ATL@@YAJK@Z 000000018000593c f i MotionSensor.obj
 0001:0000494c       ?AtlInternalOleLoadFromStream@ATL@@YAJPEAUIStream@@AEBU_GUID@@PEAPEAXTClassesAllowedInStream@1@K@Z 000000018000594c f i MotionSensor.obj
 0001:00004a9c       ?AtlInternalQueryInterface@ATL@@YAJPEAXPEBU_ATL_INTMAP_ENTRY@1@AEBU_GUID@@PEAPEAX@Z 0000000180005a9c f i MotionSensor.obj
 0001:00004ba4       ?AtlLoadTypeLib@ATL@@YAJPEAUHINSTANCE__@@PEB_WPEAPEA_WPEAPEAUITypeLib@@@Z 0000000180005ba4 f i MotionSensor.obj
 0001:00004e00       ?AtlRegisterClassCategoriesHelper@ATL@@YAJAEBU_GUID@@PEBU_ATL_CATMAP_ENTRY@1@H@Z 0000000180005e00 f i MotionSensor.obj
 0001:00005284       ?AtlRegisterTypeLib@ATL@@YAJPEAUHINSTANCE__@@PEB_W@Z 0000000180006284 f i MotionSensor.obj
 0001:00005480       ?AtlThrowImpl@ATL@@YAXJ@Z  0000000180006480 f i MotionSensor.obj
 0001:000054a4       ?AtlUnRegisterTypeLib@ATL@@YAJPEAUHINSTANCE__@@PEB_W@Z 00000001800064a4 f i MotionSensor.obj
 0001:0000556c       ?AtlWinModuleExtractCreateWndData@ATL@@YAPEAXPEAU_ATL_WIN_MODULE70@1@@Z 000000018000656c f i MotionSensor.obj
 0001:000055f8       ?ChToByte@CRegParser@ATL@@KAE_W@Z 00000001800065f8 f i MotionSensor.obj
 0001:00005684       ?Cleanup@CComTypeInfoHolder@ATL@@SAX_K@Z 0000000180006684 f i MotionSensor.obj
 0001:000056c4       ?ClearReplacements@CExpansionVector@ATL@@QEAAJXZ 00000001800066c4 f i MotionSensor.obj
 0001:00005760       ?CreateInstance@?$CComCreator@V?$CComAggObject@VCOPOSMotionSensor@@@ATL@@@ATL@@SAJPEAXAEBU_GUID@@PEAPEAX@Z 0000000180006760 f i MotionSensor.obj
 0001:00005844       ?CreateInstance@?$CComCreator@V?$CComObject@VCOPOSMotionSensor@@@ATL@@@ATL@@SAJPEAXAEBU_GUID@@PEAPEAX@Z 0000000180006844 f i MotionSensor.obj
 0001:00005904       ?CreateInstance@?$CComObject@V?$CComEnum@UIEnumConnectionPoints@@$1?_GUID_b196b285_bab4_101a_b69c_00aa00341d07@@3U__s_GUID@@BPEAUIConnectionPoint@@V?$_CopyInterface@UIConnectionPoint@@@ATL@@VCComSingleThreadModel@6@@ATL@@@ATL@@SAJPEAPEAV12@@Z 0000000180006904 f i MotionSensor.obj
 0001:00005994       ?CreateInstance@?$CComObject@V?$CComEnum@UIEnumConnections@@$1?_GUID_b196b287_bab4_101a_b69c_00aa00341d07@@3U__s_GUID@@BUtagCONNECTDATA@@V?$_Copy@UtagCONNECTDATA@@@ATL@@VCComSingleThreadModel@6@@ATL@@@ATL@@SAJPEAPEAV12@@Z 0000000180006994 f i MotionSensor.obj
 0001:00005a24       ?DefaultReflectionHandler@?$CWindowImplRoot@VCWindow@ATL@@@ATL@@SAHPEAUHWND__@@I_K_JAEA_J@Z 0000000180006a24 f i MotionSensor.obj
 0001:00005ab8       ?DeleteSubKey@CRegKey@ATL@@QEAAJPEB_W@Z 0000000180006ab8 f i MotionSensor.obj
 0001:00005b50       ?DoEvent@COPOSMotionSensor@@IEAAXI_K_J@Z 0000000180006b50 f i MotionSensor.obj
 0001:00005c04       ?DoVerbPrimary@?$IOleObjectImpl@VCOPOSMotionSensor@@@ATL@@QEAAJPEBUtagRECT@@PEAUHWND__@@@Z 0000000180006c04 f i MotionSensor.obj
 0001:00005d30       ?DoVerbProperties@CComControlBase@ATL@@QEAAJPEBUtagRECT@@PEAUHWND__@@@Z 0000000180006d30 f i MotionSensor.obj
 0001:00005f58       ?FireTheEvent@?$CProxy_IOPOSEvents@VCOPOSMotionSensor@@@@IEAAXPEAVOposVariant@@IAEAJPEB_WJ@Z 0000000180006f58 f i MotionSensor.obj
 0001:00006044       ?FireViewChange@CComControlBase@ATL@@QEAAJXZ 0000000180007044 f i MotionSensor.obj
 0001:000060a8       ?Fire_DirectIOEvent@?$CProxy_IOPOSEvents@VCOPOSMotionSensor@@@@QEAAXJPEAJPEAPEA_W@Z 00000001800070a8 f i MotionSensor.obj
 0001:00006208       ?Fire_StatusUpdateEvent@?$CProxy_IOPOSEvents@VCOPOSMotionSensor@@@@QEAAXJ@Z 0000000180007208 f i MotionSensor.obj
 0001:000062f4       ?FreeHeap@?$CTempBuffer@_W$0EAA@VCCRTAllocator@ATL@@@ATL@@AEAAXXZ 00000001800072f4 f i MotionSensor.obj
 0001:000062f4       ?FreeHeap@?$CTempBuffer@E$0BAA@VCCRTAllocator@ATL@@@ATL@@AEAAXXZ 00000001800072f4 f i MotionSensor.obj
 0001:000062f4       ?FreeHeap@?$CTempBuffer@_W$0BAA@VCCRTAllocator@ATL@@@ATL@@AEAAXXZ 00000001800072f4 f i MotionSensor.obj
 0001:000062fc       ?GetAmbientLocaleID@CComControlBase@ATL@@QEAAJAEAK@Z 00000001800072fc f i MotionSensor.obj
 0001:000063bc       ?GetAmbientUserMode@CComControlBase@ATL@@QEAAJAEAH@Z 00000001800073bc f i MotionSensor.obj
 0001:0000648c       ?GetClassObject@CComModule@ATL@@QEAAJAEBU_GUID@@0PEAPEAX@Z 000000018000748c f i MotionSensor.obj
 0001:00006580       ?GetConnMap@COPOSMotionSensor@@SAPEBU_ATL_CONNMAP_ENTRY@ATL@@PEAH@Z 0000000180007580 f i MotionSensor.obj
 0001:00006608       ?GetIDsOfNames@CComTypeInfoHolder@ATL@@QEAAJAEBU_GUID@@PEAPEA_WIKPEAJ@Z 0000000180007608 f i MotionSensor.obj
 0001:00006778       ?GetPagesHelper@?$ISpecifyPropertyPagesImpl@VCOPOSMotionSensor@@@ATL@@IEAAJPEAUtagCAUUID@@PEBUATL_PROPMAP_ENTRY@2@@Z 0000000180007778 f i MotionSensor.obj
 0001:00006918       ?GetSizeMax@CComVariant@ATL@@QEBAJPEAT_ULARGE_INTEGER@@@Z 0000000180007918 f i MotionSensor.obj
 0001:00006b48       ?GetTI@CComTypeInfoHolder@ATL@@QEAAJK@Z 0000000180007b48 f i MotionSensor.obj
 0001:00006e2c       ?GetZoomInfo@CComControlBase@ATL@@QEAAXAEAUATL_DRAWINFO@@@Z 0000000180007e2c f i MotionSensor.obj
 0001:00006ed0       ?HKeyFromString@CRegParser@ATL@@KAPEAUHKEY__@@PEA_W@Z 0000000180007ed0 f i MotionSensor.obj
 0001:00006f34       ?IDataObject_GetData@CComControlBase@ATL@@QEAAJPEAUtagFORMATETC@@PEAUtagSTGMEDIUM@@@Z 0000000180007f34 f i MotionSensor.obj
 0001:00007128       ?IOleInPlaceObject_InPlaceDeactivate@CComControlBase@ATL@@QEAAJXZ 0000000180008128 f i MotionSensor.obj
 0001:000071c8       ?IOleInPlaceObject_SetObjectRects@CComControlBase@ATL@@QEAAJPEBUtagRECT@@0@Z 00000001800081c8 f i MotionSensor.obj
 0001:000072b8       ?IOleInPlaceObject_UIDeactivate@CComControlBase@ATL@@QEAAJXZ 00000001800082b8 f i MotionSensor.obj
 0001:000073c4       ?IOleObject_Close@CComControlBase@ATL@@QEAAJK@Z 00000001800083c4 f i MotionSensor.obj
 0001:000074dc       ?IOleObject_SetClientSite@CComControlBase@ATL@@QEAAJPEAUIOleClientSite@@@Z 00000001800084dc f i MotionSensor.obj
 0001:00007550       ?IOleObject_SetExtent@CComControlBase@ATL@@QEAAJKPEAUtagSIZE@@@Z 0000000180008550 f i MotionSensor.obj
 0001:000075e8       ?IPSI_GetIPersistStreamInit@?$IPersistStorageImpl@VCOPOSMotionSensor@@@ATL@@AEAAPEAUIPersistStreamInit@@XZ 00000001800085e8 f i MotionSensor.obj
 0001:000076d0       ?IPersistStreamInit_Load@?$IPersistStreamInitImpl@VCOPOSMotionSensor@@@ATL@@QEAAJPEAUIStream@@PEBUATL_PROPMAP_ENTRY@2@@Z 00000001800086d0 f i MotionSensor.obj
 0001:000079f8       ?IPersistStreamInit_Save@?$IPersistStreamInitImpl@VCOPOSMotionSensor@@@ATL@@QEAAJPEAUIStream@@HPEBUATL_PROPMAP_ENTRY@2@@Z 00000001800089f8 f i MotionSensor.obj
 0001:00007c94       ?IQuickActivate_QuickActivate@CComControlBase@ATL@@QEAAJPEAUtagQACONTAINER@@PEAUtagQACONTROL@@@Z 0000000180008c94 f i MotionSensor.obj
 0001:00007f58       ?IViewObject_Draw@CComControlBase@ATL@@QEAAJKJPEAXPEAUtagDVTARGETDEVICE@@PEAUHDC__@@2PEBU_RECTL@@3@Z 0000000180008f58 f i MotionSensor.obj
 0001:0000806c       ?InPlaceActivate@CComControlBase@ATL@@QEAAJJPEBUtagRECT@@@Z 000000018000906c f i MotionSensor.obj
 0001:0000839c       ?Init@?$CComEnumImpl@UIEnumConnectionPoints@@$1?_GUID_b196b285_bab4_101a_b69c_00aa00341d07@@3U__s_GUID@@BPEAUIConnectionPoint@@V?$_CopyInterface@UIConnectionPoint@@@ATL@@@ATL@@QEAAJPEAPEAUIConnectionPoint@@0PEAUIUnknown@@W4CComEnumFlags@2@@Z 000000018000939c f i MotionSensor.obj
 0001:000084b8       ?Init@?$CComEnumImpl@UIEnumConnections@@$1?_GUID_b196b287_bab4_101a_b69c_00aa00341d07@@3U__s_GUID@@BUtagCONNECTDATA@@V?$_Copy@UtagCONNECTDATA@@@ATL@@@ATL@@QEAAJPEAUtagCONNECTDATA@@0PEAUIUnknown@@W4CComEnumFlags@2@@Z 00000001800094b8 f i MotionSensor.obj
 0001:000085d8       ?IsEqualObject@?$CComPtrBase@UIOleClientSite@@@ATL@@QEAA_NPEAUIUnknown@@@Z 00000001800095d8 f i MotionSensor.obj
 0001:00008664       ?LoadNameCache@CComTypeInfoHolder@ATL@@QEAAJPEAUITypeInfo@@@Z 0000000180009664 f i MotionSensor.obj
 0001:000087f4       ?Lookup@?$CSimpleMap@PEA_WPEA_WVCExpansionVectorEqualHelper@ATL@@@ATL@@QEBAPEA_WAEBQEA_W@Z 00000001800097f4 f i MotionSensor.obj
 0001:0000887c       ?NextToken@CRegParser@ATL@@IEAAJPEA_W@Z 000000018000987c f i MotionSensor.obj
 0001:00008a18       ?OnKillFocus@CComControlBase@ATL@@QEAA_JI_K_JAEAH@Z 0000000180009a18 f i MotionSensor.obj
 0001:00008ab4       ?OnMouseActivate@CComControlBase@ATL@@QEAA_JI_K_JAEAH@Z 0000000180009ab4 f i MotionSensor.obj
 0001:00008b54       ?OnPaint@CComControlBase@ATL@@QEAA_JI_K_JAEAH@Z 0000000180009b54 f i MotionSensor.obj
 0001:00008c40       ?OnSetFocus@CComControlBase@ATL@@QEAA_JI_K_JAEAH@Z 0000000180009c40 f i MotionSensor.obj
 0001:00008d48       ?PreProcessBuffer@CRegParser@ATL@@QEAAJPEA_WPEAPEA_W@Z 0000000180009d48 f i MotionSensor.obj
 0001:000090d0       ?ProcessWindowMessage@?$CComControl@VCOPOSMotionSensor@@V?$CWindowImpl@VCOPOSMotionSensor@@VCWindow@ATL@@V?$CWinTraits@$0FGAAAAAA@$0A@@3@@ATL@@@ATL@@UEAAHPEAUHWND__@@I_K_JAEA_JK@Z 000000018000a0d0 f i MotionSensor.obj
 0001:000091bc       ?ReadFromStream@CComBSTR@ATL@@QEAAJPEAUIStream@@@Z 000000018000a1bc f i MotionSensor.obj
 0001:0000930c       ?ReadFromStream@CComVariant@ATL@@QEAAJPEAUIStream@@GTClassesAllowedInStream@2@K@Z 000000018000a30c f i MotionSensor.obj
 0001:00009550       ?RecurseDeleteKey@CRegKey@ATL@@QEAAJPEB_W@Z 000000018000a550 f i MotionSensor.obj
 0001:000096a8       ?RegCreateKeyExW@CAtlTransactionManager@ATL@@QEAAJPEAUHKEY__@@PEB_WKPEA_WKKQEAU_SECURITY_ATTRIBUTES@@PEAPEAU3@PEAK@Z 000000018000a6a8 f i MotionSensor.obj
 0001:000097dc       ?RegDeleteKeyW@CAtlTransactionManager@ATL@@QEAAJPEAUHKEY__@@PEB_W@Z 000000018000a7dc f i MotionSensor.obj
 0001:00009868       ?RegOpenKeyExW@CAtlTransactionManager@ATL@@QEAAJPEAUHKEY__@@PEB_WKKPEAPEAU3@@Z 000000018000a868 f i MotionSensor.obj
 0001:00009920       ?RegisterBuffer@CRegParser@ATL@@QEAAJPEA_WH@Z 000000018000a920 f i MotionSensor.obj
 0001:00009a8c       ?RegisterFromResource@CRegObject@ATL@@IEAAJPEB_W00H@Z 000000018000aa8c f i MotionSensor.obj
 0001:00009c48       ?RegisterServer@CComModule@ATL@@QEAAJHPEBU_GUID@@@Z 000000018000ac48 f i MotionSensor.obj
 0001:00009d04       ?RegisterSubkeys@CRegParser@ATL@@IEAAJPEA_WPEAUHKEY__@@HH@Z 000000018000ad04 f i MotionSensor.obj
 0001:0000a584       ?SendOnDataChange@CComControlBase@ATL@@QEAAJK@Z 000000018000b584 f i MotionSensor.obj
 0001:0000a5f4       ?SetControlFocus@CComControlBase@ATL@@QEAAHH@Z 000000018000b5f4 f i MotionSensor.obj
 0001:0000a6c4       ?SkipAssignment@CRegParser@ATL@@IEAAJPEA_W@Z 000000018000b6c4 f i MotionSensor.obj
 0001:0000a77c       ?Term@CAtlModule@ATL@@QEAAXXZ 000000018000b77c f i MotionSensor.obj
 0001:0000a834       ?Term@CComModule@ATL@@QEAAXXZ 000000018000b834 f i MotionSensor.obj
 0001:0000a8b0       ?UnregisterServer@CComModule@ATL@@QEAAJHPEBU_GUID@@@Z 000000018000b8b0 f i MotionSensor.obj
 0001:0000a960       ?UpdateRegistryFromResource@CAtlModule@ATL@@QEAAJIHPEAU_ATL_REGMAP_ENTRY@2@@Z 000000018000b960 f i MotionSensor.obj
 0001:0000ac6c       ?UpdateRegistryFromResource@CAtlModule@ATL@@QEAAJPEB_WHPEAU_ATL_REGMAP_ENTRY@2@@Z 000000018000bc6c f i MotionSensor.obj
 0001:0000af90       ?VTFromRegType@CRegParser@ATL@@KAHPEB_WAEAG@Z 000000018000bf90 f i MotionSensor.obj
 0001:0000b02c       ?WindowProc@?$CWindowImplBaseT@VCWindow@ATL@@V?$CWinTraits@$0FGAAAAAA@$0A@@2@@ATL@@SA_JPEAUHWND__@@I_K_J@Z 000000018000c02c f i MotionSensor.obj
 0001:0000b198       ?WriteToStream@CComVariant@ATL@@QEAAJPEAUIStream@@@Z 000000018000c198 f i MotionSensor.obj
 0001:0000b404       ?WriteToStream@CComVariant@ATL@@QEAAJPEAUIStream@@G@Z 000000018000c404 f i MotionSensor.obj
 0001:0000b49c       ?_AtlVerifyStackAvailable@_ATL_SAFE_ALLOCA_IMPL@ATL@@YA_N_K@Z 000000018000c49c f i MotionSensor.obj
 0001:0000b520       ?atlCreate@?$CWindowImpl@VCOPOSMotionSensor@@VCWindow@ATL@@V?$CWinTraits@$0FGAAAAAA@$0A@@3@@ATL@@QEAAPEAUHWND__@@PEAU3@V_U_RECT@2@PEB_WKKV_U_MENUorID@2@PEAX@Z 000000018000c520 f i MotionSensor.obj
 0001:0000b5dc       ?atlCreate@?$CWindowImplBaseT@VCWindow@ATL@@V?$CWinTraits@$0FGAAAAAA@$0A@@2@@ATL@@QEAAPEAUHWND__@@PEAU3@V_U_RECT@2@PEB_WKKV_U_MENUorID@2@GPEAX@Z 000000018000c5dc f i MotionSensor.obj
 0001:0000b74c       ?ocscpy_s@@YA_NPEA_W_KPEB_W@Z 000000018000c74c f i MotionSensor.obj
 0001:0000b7fc       DllCanUnloadNow            000000018000c7fc f   MotionSensor.obj
 0001:0000b808       DllGetClassObject          000000018000c808 f   MotionSensor.obj
 0001:0000b820       DllMain                    000000018000c820 f   MotionSensor.obj
 0001:0000b8c8       DllRegisterServer          000000018000c8c8 f   MotionSensor.obj
 0001:0000b8dc       DllUnregisterServer        000000018000c8dc f   MotionSensor.obj
 0001:0000b8f0       __local_stdio_printf_options 000000018000c8f0 f i MotionSensor.obj
 0001:0000b8f8       swprintf_s                 000000018000c8f8 f i MotionSensor.obj
 0001:0000b94c       ??0COPOSMotionSensor@@QEAA@XZ 000000018000c94c f   MotionSensorImpl.obj
 0001:0000ba08       ??1?$IConnectionPointImpl@VCOPOSMotionSensor@@$1?DIID__IOPOSMotionSensorEvents@@3U_GUID@@BVCComDynamicUnkArray@ATL@@@ATL@@QEAA@XZ 000000018000ca08 f i MotionSensorImpl.obj
 0001:0000ba08       ??1?$IConnectionPointImpl@VCOPOSMotionSensor@@$1?IID_IPropertyNotifySink@@3U_GUID@@BVCComDynamicUnkArray@ATL@@@ATL@@QEAA@XZ 000000018000ca08 f i MotionSensorImpl.obj
 0001:0000ba64       ??1CComControlBase@ATL@@UEAA@XZ 000000018000ca64 f i MotionSensorImpl.obj
 0001:0000bae0       ??1COPOSMotionSensor@@UEAA@XZ 000000018000cae0 f   MotionSensorImpl.obj
 0001:0000bb44       ?CheckHealth@COPOSMotionSensor@@UEAAJJPEAJ@Z 000000018000cb44 f   MotionSensorImpl.obj
 0001:0000bbc0       ?ClaimDevice@COPOSMotionSensor@@UEAAJJPEAJ@Z 000000018000cbc0 f   MotionSensorImpl.obj
 0001:0000bc58       ?Close@COPOSMotionSensor@@UEAAJPEAJ@Z 000000018000cc58 f   MotionSensorImpl.obj
 0001:0000bd10       ?CompareFirmwareVersion@COPOSMotionSensor@@UEAAJPEA_WPEAJ1@Z 000000018000cd10 f   MotionSensorImpl.obj
 0001:0000bdec       ?DirectIO@COPOSMotionSensor@@UEAAJJPEAJPEAPEA_W0@Z 000000018000cdec f   MotionSensorImpl.obj
 0001:0000bee8       ?DoInvoke@COPOSMotionSensor@@IEAAJJPEAVOposVariant@@IHPEAJ_N@Z 000000018000cee8 f   MotionSensorImpl.obj
 0001:0000c01c       ?EventInit@COPOSMotionSensor@@IEAAJXZ 000000018000d01c f i MotionSensorImpl.obj
 0001:0000c16c       ?EventUninit@COPOSMotionSensor@@IEAAXXZ 000000018000d16c f i MotionSensorImpl.obj
 0001:0000c1d0       ?EventWindowProc@COPOSMotionSensor@@IEAA_JI_K_J@Z 000000018000d1d0 f i MotionSensorImpl.obj
 0001:0000c294       ?FinalConstruct@COPOSMotionSensor@@QEAAJXZ 000000018000d294 f   MotionSensorImpl.obj
 0001:0000c2d0       ?FreezeEvents@COPOSMotionSensor@@MEAAJH@Z 000000018000d2d0 f   MotionSensorImpl.obj
 0001:0000c33c       ?GetOposProp@COPOSMotionSensor@@IEAAJJPEAJJ@Z 000000018000d33c f   MotionSensorImpl.obj
 0001:0000c458       ?GetOposProp@COPOSMotionSensor@@IEAAJJPEAPEA_WJ@Z 000000018000d458 f   MotionSensorImpl.obj
 0001:0000c584       ?OnDraw@COPOSMotionSensor@@MEAAJAEAUATL_DRAWINFO@@@Z 000000018000d584 f   MotionSensorImpl.obj
 0001:0000c670       ?Open@COPOSMotionSensor@@UEAAJPEA_WPEAJ@Z 000000018000d670 f   MotionSensorImpl.obj
 0001:0000ced8       ?ReleaseDevice@COPOSMotionSensor@@UEAAJPEAJ@Z 000000018000ded8 f   MotionSensorImpl.obj
 0001:0000cf1c       ?ResetStatistics@COPOSMotionSensor@@UEAAJPEA_WPEAJ@Z 000000018000df1c f   MotionSensorImpl.obj
 0001:0000cfa4       ?RetrieveStatistics@COPOSMotionSensor@@UEAAJPEAPEA_WPEAJ@Z 000000018000dfa4 f   MotionSensorImpl.obj
 0001:0000d02c       ?SOProcessID@COPOSMotionSensor@@UEAAJPEAJ@Z 000000018000e02c f   MotionSensorImpl.obj
 0001:0000d048       ?SetCOFreezeEvents@COPOSMotionSensor@@IEAAXF@Z 000000018000e048 f   MotionSensorImpl.obj
 0001:0000d12c       ?SetOposProp@COPOSMotionSensor@@IEAAJJJJ@Z 000000018000e12c f   MotionSensorImpl.obj
 0001:0000d28c       ?UpdateFirmware@COPOSMotionSensor@@UEAAJPEA_WPEAJ@Z 000000018000e28c f   MotionSensorImpl.obj
 0001:0000d314       ?UpdateStatistics@COPOSMotionSensor@@UEAAJPEA_WPEAJ@Z 000000018000e314 f   MotionSensorImpl.obj
 0001:0000d39c       ?WaitForMotion@COPOSMotionSensor@@UEAAJJPEAJ@Z 000000018000e39c f   MotionSensorImpl.obj
 0001:0000d418       ?get_BinaryConversion@COPOSMotionSensor@@UEAAJPEAJ@Z 000000018000e418 f   MotionSensorImpl.obj
 0001:0000d42c       ?get_CapCompareFirmwareVersion@COPOSMotionSensor@@UEAAJPEAF@Z 000000018000e42c f   MotionSensorImpl.obj
 0001:0000d460       ?get_CapPowerReporting@COPOSMotionSensor@@UEAAJPEAJ@Z 000000018000e460 f   MotionSensorImpl.obj
 0001:0000d474       ?get_CapStatisticsReporting@COPOSMotionSensor@@UEAAJPEAF@Z 000000018000e474 f   MotionSensorImpl.obj
 0001:0000d4a8       ?get_CapUpdateFirmware@COPOSMotionSensor@@UEAAJPEAF@Z 000000018000e4a8 f   MotionSensorImpl.obj
 0001:0000d4dc       ?get_CapUpdateStatistics@COPOSMotionSensor@@UEAAJPEAF@Z 000000018000e4dc f   MotionSensorImpl.obj
 0001:0000d510       ?get_CheckHealthText@COPOSMotionSensor@@UEAAJPEAPEA_W@Z 000000018000e510 f   MotionSensorImpl.obj
 0001:0000d524       ?get_Claimed@COPOSMotionSensor@@UEAAJPEAF@Z 000000018000e524 f   MotionSensorImpl.obj
 0001:0000d558       ?get_ControlObjectDescription@COPOSMotionSensor@@UEAAJPEAPEA_W@Z 000000018000e558 f   MotionSensorImpl.obj
 0001:0000d5bc       ?get_ControlObjectVersion@COPOSMotionSensor@@UEAAJPEAJ@Z 000000018000e5bc f   MotionSensorImpl.obj
 0001:0000d5c8       ?get_DeviceDescription@COPOSMotionSensor@@UEAAJPEAPEA_W@Z 000000018000e5c8 f   MotionSensorImpl.obj
 0001:0000d5dc       ?get_DeviceEnabled@COPOSMotionSensor@@UEAAJPEAF@Z 000000018000e5dc f   MotionSensorImpl.obj
 0001:0000d610       ?get_DeviceName@COPOSMotionSensor@@UEAAJPEAPEA_W@Z 000000018000e610 f   MotionSensorImpl.obj
 0001:0000d624       ?get_FreezeEvents@COPOSMotionSensor@@UEAAJPEAF@Z 000000018000e624 f   MotionSensorImpl.obj
 0001:0000d654       ?get_Motion@COPOSMotionSensor@@UEAAJPEAF@Z 000000018000e654 f   MotionSensorImpl.obj
 0001:0000d688       ?get_OpenResult@COPOSMotionSensor@@UEAAJPEAJ@Z 000000018000e688 f   MotionSensorImpl.obj
 0001:0000d694       ?get_PowerNotify@COPOSMotionSensor@@UEAAJPEAJ@Z 000000018000e694 f   MotionSensorImpl.obj
 0001:0000d6a8       ?get_PowerState@COPOSMotionSensor@@UEAAJPEAJ@Z 000000018000e6a8 f   MotionSensorImpl.obj
 0001:0000d6bc       ?get_ResultCode@COPOSMotionSensor@@UEAAJPEAJ@Z 000000018000e6bc f   MotionSensorImpl.obj
 0001:0000d6f8       ?get_ResultCodeExtended@COPOSMotionSensor@@UEAAJPEAJ@Z 000000018000e6f8 f   MotionSensorImpl.obj
 0001:0000d70c       ?get_ServiceObjectDescription@COPOSMotionSensor@@UEAAJPEAPEA_W@Z 000000018000e70c f   MotionSensorImpl.obj
 0001:0000d720       ?get_ServiceObjectVersion@COPOSMotionSensor@@UEAAJPEAJ@Z 000000018000e720 f   MotionSensorImpl.obj
 0001:0000d734       ?get_State@COPOSMotionSensor@@UEAAJPEAJ@Z 000000018000e734 f   MotionSensorImpl.obj
 0001:0000d760       ?get_Timeout@COPOSMotionSensor@@UEAAJPEAJ@Z 000000018000e760 f   MotionSensorImpl.obj
 0001:0000d774       ?put_BinaryConversion@COPOSMotionSensor@@UEAAJJ@Z 000000018000e774 f   MotionSensorImpl.obj
 0001:0000d788       ?put_DeviceEnabled@COPOSMotionSensor@@UEAAJF@Z 000000018000e788 f   MotionSensorImpl.obj
 0001:0000d7a0       ?put_FreezeEvents@COPOSMotionSensor@@UEAAJF@Z 000000018000e7a0 f   MotionSensorImpl.obj
 0001:0000d7f0       ?put_PowerNotify@COPOSMotionSensor@@UEAAJJ@Z 000000018000e7f0 f   MotionSensorImpl.obj
 0001:0000d804       ?put_Timeout@COPOSMotionSensor@@UEAAJJ@Z 000000018000e804 f   MotionSensorImpl.obj
 0001:0000d818       ?s_EventWindowProc@COPOSMotionSensor@@KA_JPEAUHWND__@@I_K_J@Z 000000018000e818 f i MotionSensorImpl.obj
 0001:0000d894       ??_U@YAPEAX_K@Z            000000018000e894 f   LIBCMT:new_array.obj
 0001:0000d89c       ??3@YAXPEAX_K@Z            000000018000e89c f   LIBCMT:delete_scalar_size.obj
 0001:0000d89c       ??_V@YAXPEAX@Z             000000018000e89c f   LIBCMT:delete_array.obj
 0001:0000d8a4       ??_V@YAXPEAX_K@Z           000000018000e8a4 f   LIBCMT:delete_array_size.obj
 0001:0000d8ac       __scrt_acquire_startup_lock 000000018000e8ac f   LIBCMT:utility.obj
 0001:0000d8e8       __scrt_dllmain_after_initialize_c 000000018000e8e8 f   LIBCMT:utility.obj
 0001:0000d91c       __scrt_dllmain_before_initialize_c 000000018000e91c f   LIBCMT:utility.obj
 0001:0000d934       __scrt_dllmain_crt_thread_attach 000000018000e934 f   LIBCMT:utility.obj
 0001:0000d95c       __scrt_dllmain_crt_thread_detach 000000018000e95c f   LIBCMT:utility.obj
 0001:0000d974       __scrt_dllmain_exception_filter 000000018000e974 f   LIBCMT:utility.obj
 0001:0000d9d4       __scrt_dllmain_uninitialize_c 000000018000e9d4 f   LIBCMT:utility.obj
 0001:0000da04       __scrt_dllmain_uninitialize_critical 000000018000ea04 f   LIBCMT:utility.obj
 0001:0000da18       __scrt_initialize_crt      000000018000ea18 f   LIBCMT:utility.obj
 0001:0000da64       __scrt_initialize_onexit_tables 000000018000ea64 f   LIBCMT:utility.obj
 0001:0000daf0       __scrt_is_nonwritable_in_current_image 000000018000eaf0 f   LIBCMT:utility.obj
 0001:0000db88       __scrt_release_startup_lock 000000018000eb88 f   LIBCMT:utility.obj
 0001:0000dbac       __scrt_uninitialize_crt    000000018000ebac f   LIBCMT:utility.obj
 0001:0000dbd8       _onexit                    000000018000ebd8 f   LIBCMT:utility.obj
 0001:0000dc14       atexit                     000000018000ec14 f   LIBCMT:utility.obj
 0001:0000dc2c       ??3@YAXPEAX@Z              000000018000ec2c f   LIBCMT:delete_scalar.obj
 0001:0000dd2c       _Init_thread_footer        000000018000ed2c f   LIBCMT:thread_safe_statics.obj
 0001:0000dd8c       _Init_thread_header        000000018000ed8c f   LIBCMT:thread_safe_statics.obj
 0001:0000ddf4       _Init_thread_notify        000000018000edf4 f   LIBCMT:thread_safe_statics.obj
 0001:0000de38       _Init_thread_wait          000000018000ee38 f   LIBCMT:thread_safe_statics.obj
 0001:0000de9c       __raise_securityfailure    000000018000ee9c f   LIBCMT:gs_report.obj
 0001:0000ded0       __report_gsfailure         000000018000eed0 f   LIBCMT:gs_report.obj
 0001:0000dfa4       __report_rangecheckfailure 000000018000efa4 f   LIBCMT:gs_report.obj
 0001:0000dfb8       __report_securityfailure   000000018000efb8 f   LIBCMT:gs_report.obj
 0001:0000e138       ??2@YAPEAX_KAEBUnothrow_t@std@@@Z 000000018000f138 f   LIBCMT:new_scalar_nothrow.obj
 0001:0000e14c       ??_U@YAPEAX_KAEBUnothrow_t@std@@@Z 000000018000f14c f   LIBCMT:new_array_nothrow.obj
 0001:0000e154       __GSHandlerCheck           000000018000f154 f   LIBCMT:gshandler.obj
 0001:0000e174       __GSHandlerCheckCommon     000000018000f174 f   LIBCMT:gshandler.obj
 0001:0000e1d0       __GSHandlerCheck_SEH       000000018000f1d0 f   LIBCMT:gshandlerseh.obj
 0001:0000e270       __chkstk                   000000018000f270 f   LIBCMT:chkstk.obj
 0001:0000e270       _alloca_probe              000000018000f270 f   LIBCMT:chkstk.obj
 0001:0000e2d0       __security_check_cookie    000000018000f2d0 f   LIBCMT:amdsecgs.obj
 0001:0000e610       _DllMainCRTStartup         000000018000f610 f   LIBCMT:dll_dllmain.obj
 0001:0000e650       ??2@YAPEAX_K@Z             000000018000f650 f   LIBCMT:new_scalar.obj
 0001:0000e68c       __isa_available_init       000000018000f68c f   LIBCMT:cpu_disp.obj
 0001:0000e830       __scrt_is_ucrt_dll_in_use  000000018000f830 f   LIBCMT:ucrt_detection.obj
 0001:0000e83c       __crt_debugger_hook        000000018000f83c f   LIBCMT:utility_desktop.obj
 0001:0000e844       __scrt_fastfail            000000018000f844 f   LIBCMT:utility_desktop.obj
 0001:0000e990       __security_init_cookie     000000018000f990 f   LIBCMT:gs_support.obj
 0001:0000ea3c       ?__scrt_initialize_type_info@@YAXXZ 000000018000fa3c f   LIBCMT:tncleanup.obj
 0001:0000ea4c       ?__scrt_uninitialize_type_info@@YAXXZ 000000018000fa4c f   LIBCMT:tncleanup.obj
 0001:0000ea58       __local_stdio_scanf_options 000000018000fa58 f i LIBCMT:default_local_stdio_options.obj
 0001:0000ea60       __scrt_initialize_default_local_stdio_options 000000018000fa60 f   LIBCMT:default_local_stdio_options.obj
 0001:0000ea7c       __scrt_get_dyn_tls_init_callback 000000018000fa7c f   LIBCMT:dyn_tls_init.obj
 0001:0000ea84       _RTC_Initialize            000000018000fa84 f   LIBCMT:initsect.obj
 0001:0000eac0       _RTC_Terminate             000000018000fac0 f   LIBCMT:initsect.obj
 0001:0000eafc       ??0bad_alloc@std@@QEAA@AEBV01@@Z 000000018000fafc f i LIBCMT:throw_bad_alloc.obj
 0001:0000eb38       ??0bad_alloc@std@@QEAA@XZ  000000018000fb38 f i LIBCMT:throw_bad_alloc.obj
 0001:0000eb58       ??0bad_array_new_length@std@@QEAA@AEBV01@@Z 000000018000fb58 f i LIBCMT:throw_bad_alloc.obj
 0001:0000eb94       ??0bad_array_new_length@std@@QEAA@XZ 000000018000fb94 f i LIBCMT:throw_bad_alloc.obj
 0001:0000ebb4       ??0exception@std@@QEAA@AEBV01@@Z 000000018000fbb4 f i LIBCMT:throw_bad_alloc.obj
 0001:0000ebe8       ??1bad_alloc@std@@UEAA@XZ  000000018000fbe8 f i LIBCMT:throw_bad_alloc.obj
 0001:0000ebe8       ??1bad_exception@std@@UEAA@XZ 000000018000fbe8 f i libvcruntime:frame.obj
 0001:0000ebe8       ??1bad_array_new_length@std@@UEAA@XZ 000000018000fbe8 f i LIBCMT:throw_bad_alloc.obj
 0001:0000ebfc       ??_Eexception@std@@UEAAPEAXI@Z 000000018000fbfc f i LIBCMT:throw_bad_alloc.obj
 0001:0000ebfc       ??_Gbad_exception@std@@UEAAPEAXI@Z 000000018000fbfc f i libvcruntime:frame.obj
 0001:0000ebfc       ??_Ebad_exception@std@@UEAAPEAXI@Z 000000018000fbfc f i libvcruntime:frame.obj
 0001:0000ebfc       ??_Ebad_array_new_length@std@@UEAAPEAXI@Z 000000018000fbfc f i LIBCMT:throw_bad_alloc.obj
 0001:0000ebfc       ??_Gbad_array_new_length@std@@UEAAPEAXI@Z 000000018000fbfc f i LIBCMT:throw_bad_alloc.obj
 0001:0000ebfc       ??_Ebad_alloc@std@@UEAAPEAXI@Z 000000018000fbfc f i LIBCMT:throw_bad_alloc.obj
 0001:0000ebfc       ??_Gexception@std@@UEAAPEAXI@Z 000000018000fbfc f i LIBCMT:throw_bad_alloc.obj
 0001:0000ebfc       ??_Gbad_alloc@std@@UEAAPEAXI@Z 000000018000fbfc f i LIBCMT:throw_bad_alloc.obj
 0001:0000ec40       ?__scrt_throw_std_bad_alloc@@YAXXZ 000000018000fc40 f   LIBCMT:throw_bad_alloc.obj
 0001:0000ec60       ?__scrt_throw_std_bad_array_new_length@@YAXXZ 000000018000fc60 f   LIBCMT:throw_bad_alloc.obj
 0001:0000ec80       ?what@exception@std@@UEBAPEBDXZ 000000018000fc80 f i LIBCMT:throw_bad_alloc.obj
 0001:0000eca0       ??_Etype_info@@UEAAPEAXI@Z 000000018000fca0 f i LIBCMT:std_type_info_static.obj
 0001:0000eca0       ??_Gtype_info@@UEAAPEAXI@Z 000000018000fca0 f i LIBCMT:std_type_info_static.obj
 0001:0000eccc       ??0CAtlBaseModule@ATL@@QEAA@XZ 000000018000fccc f   atls:atlbase.obj
 0001:0000ed74       ??1CAtlBaseModule@ATL@@QEAA@XZ 000000018000fd74 f   atls:atlbase.obj
 0001:0000eea8       ?__AllocStdCallThunk_cmn@@YAPEAXXZ 000000018000fea8 f   atls:atlthunk.obj
 0001:0000f000       AtlThunk_AllocateData      0000000180010000 f   atls:atlthunk.obj
 0001:0000f07c       AtlThunk_DataToCode        000000018001007c f   atls:atlthunk.obj
 0001:0000f0d0       AtlThunk_FreeData          00000001800100d0 f   atls:atlthunk.obj
 0001:0000f130       AtlThunk_InitData          0000000180010130 f   atls:atlthunk.obj
 0001:0000f1d8       _get_purecall_handler      00000001800101d8 f   libvcruntime:purevirt.obj
 0001:0000f1e4       _purecall                  00000001800101e4 f   libvcruntime:purevirt.obj
 0001:0000f200       wcsstr                     0000000180010200 f   libvcruntime:wcsstr.obj
 0001:0000f430       memcmp                     0000000180010430 f   libvcruntime:memcmp.obj
 0001:0000f510       memcpy_repmovs             0000000180010510 f   libvcruntime:memcpy.obj
 0001:0000f530       memcpy                     0000000180010530 f   libvcruntime:memcpy.obj
 0001:0000f530       memmove                    0000000180010530 f   libvcruntime:memcpy.obj
 0001:0000fbc0       memset_repmovs             0000000180010bc0 f   libvcruntime:memset.obj
 0001:0000fbe0       memset                     0000000180010be0 f   libvcruntime:memset.obj
 0001:0000fd70       __vcrt_initialize          0000000180010d70 f   libvcruntime:initialization.obj
 0001:0000fd98       __vcrt_thread_attach       0000000180010d98 f   libvcruntime:initialization.obj
 0001:0000fdac       __vcrt_thread_detach       0000000180010dac f   libvcruntime:initialization.obj
 0001:0000fdc0       __vcrt_uninitialize        0000000180010dc0 f   libvcruntime:initialization.obj
 0001:0000fddc       __vcrt_uninitialize_critical 0000000180010ddc f   libvcruntime:initialization.obj
 0001:0000fdec       __C_specific_handler       0000000180010dec f   libvcruntime:riscchandler.obj
 0001:0000ffe4       ??$_CallSETranslator@V__FrameHandler3@@@@YAHPEAUEHExceptionRecord@@PEA_KPEAU_CONTEXT@@PEAU_xDISPATCHER_CONTEXT@@PEBU_s_FuncInfo@@K1H@Z 0000000180010fe4 f i libvcruntime:risctrnsctrl.obj
 0001:00010038       ??$_CallSETranslator@V__FrameHandler4@@@@YAHPEAUEHExceptionRecord@@PEA_KPEAU_CONTEXT@@PEAU_xDISPATCHER_CONTEXT@@PEAUFuncInfo4@FH4@@K1H@Z 0000000180011038 f i libvcruntime:risctrnsctrl.obj
[...]
 0002:0000c3a0       $unwind$??$?RV<lambda_2d41944a1d46af3157314b8a01080d33>@@AEAV<lambda_8f455de75cd7d7f24b4096f044d8b9e6>@@V<lambda_aa500f224e6afead328df44964fe2772>@@@?$__crt_seh_guarded_call@X@@QEAAX$$QEAV<lambda_2d41944a1d46af3157314b8a01080d33>@@AEAV<lambda_8f455de75cd7d7f24b4096f044d8b9e6>@@$$QEAV<lambda_aa500f224e6afead328df44964fe2772>@@@Z 00000001800313a0     libucrt:per_thread_data.obj
 0002:0000c3c4       $unwind$__acrt_uninitialize_locale 00000001800313c4     libucrt:wsetlocale.obj
 0002:0000c3c4       $unwind$__acrt_get_sigabrt_handler 00000001800313c4     libucrt:signal.obj
 0002:0000c3cc       $unwind$??$?RV<lambda_410d79af7f07d98d83a3f525b3859a53>@@AEAV<lambda_3e16ef9562a7dcce91392c22ab16ea36>@@V<lambda_38119f0e861e05405d8a144b9b982f0a>@@@?$__crt_seh_guarded_call@X@@QEAAX$$QEAV<lambda_410d79af7f07d98d83a3f525b3859a53>@@AEAV<lambda_3e16ef9562a7dcce91392c22ab16ea36>@@$$QEAV<lambda_38119f0e861e05405d8a144b9b982f0a>@@@Z 00000001800313cc     libucrt:wsetlocale.obj
 0002:0000c3f4       $unwind$__acrt_initialize_winapi_thunks 00000001800313f4     libucrt:winapi_thunks.obj
 0002:0000c3f4       $unwind$__acrt_fenv_get_control 00000001800313f4     libucrt:_fenvutils.obj
 0002:0000c3fc       $unwind$__acrt_fp_format   00000001800313fc     libucrt:cvt.obj
 0002:0000c40c       $unwind$?fp_format_e_internal@@YAHQEAD_KH_NIQEAU_strflt@@2AEAV__crt_cached_ptd_host@@@Z 000000018003140c     libucrt:cvt.obj
 0002:0000c428       $unwind$?fp_format_a@@YAHQEBNPEAD_KQEAD2H_NIW4__acrt_rounding_mode@@AEAV__crt_cached_ptd_host@@@Z 0000000180031428     libucrt:cvt.obj
 0002:0000c444       $unwind$?fp_format_g@@YAHQEBNQEAD_K12H_NIW4__acrt_rounding_mode@@AEAV__crt_cached_ptd_host@@@Z 0000000180031444     libucrt:cvt.obj
 0002:0000c45c       $unwind$__acrt_initialize_lowio 000000018003145c     libucrt:ioinit.obj
 0002:0000c47c       $unwind$??$common_expand_argv_wildcards@D@@YAHQEAPEADQEAPEAPEAD@Z 000000018003147c     libucrt:argv_wildcards.obj
 0002:0000c494       $unwind$__dcrt_get_narrow_environment_from_os 0000000180031494     libucrt:get_environment_from_os.obj
 0002:0000c494       $unwind$??$__acrt_convert_wcs_mbs_cp@_WDV<lambda_d8593a27d1aa8c02be35c86a17d324c4>@@U__crt_win32_buffer_internal_dynamic_resizing@@@@YAHQEB_WAEAV?$__crt_win32_buffer@DU__crt_win32_buffer_internal_dynamic_resizing@@@@AEBV<lambda_d8593a27d1aa8c02be35c86a17d324c4>@@I@Z 0000000180031494     libucrt:argv_wildcards.obj
 0002:0000c4ac       $unwind$??$copy_and_add_argument_to_buffer@D@@YAHQEBD0_KAEAV?$argument_list@D@?A0x5f5c8891@@@Z 00000001800314ac     libucrt:argv_wildcards.obj
 0002:0000c4c8       $unwind$??$expand_argument_wildcards@D@@YAHQEAD0AEAV?$argument_list@D@?A0x5f5c8891@@@Z 00000001800314c8     libucrt:argv_wildcards.obj
 0002:0000c4e8       $unwind$__acrt_GetModuleFileNameA 00000001800314e8     libucrt:getmodulefilenamea.obj
 0002:0000c504       $unwind$_setmbcp_nolock    0000000180031504     libucrt:mbctype.obj
 0002:0000c524       $unwind$?update_thread_multibyte_data_internal@@YAPEAU__crt_multibyte_data@@QEAU__acrt_ptd@@QEAPEAU1@@Z 0000000180031524     libucrt:mbctype.obj
 0002:0000c54c       $unwind$?setmbcp_internal@@YAHH_NQEAU__acrt_ptd@@QEAPEAU__crt_multibyte_data@@@Z 000000018003154c     libucrt:mbctype.obj
 0002:0000c564       $unwind$?setSBUpLow@@YAXPEAU__crt_multibyte_data@@@Z 0000000180031564     libucrt:mbctype.obj
 0002:0000c580       $unwind$??$?RV<lambda_efdfa57d1f175319df784efa44bb7b81>@@AEAV<lambda_5f0a4c1567f8adc6734073e5d1e1b35c>@@V<lambda_2e8a7d3640ea6ccb4c2413664c2db6fd>@@@?$__crt_seh_guarded_call@X@@QEAAX$$QEAV<lambda_efdfa57d1f175319df784efa44bb7b81>@@AEAV<lambda_5f0a4c1567f8adc6734073e5d1e1b35c>@@$$QEAV<lambda_2e8a7d3640ea6ccb4c2413664c2db6fd>@@@Z 0000000180031580     libucrt:mbctype.obj
 0002:0000c5a4       $unwind$__acrt_WideCharToMultiByte 00000001800315a4     libucrt:widechartomultibyte.obj
 0002:0000c5b0       $unwind$raise              00000001800315b0     libucrt:signal.obj
 0002:0000c5ec       $unwind$??$?RV<lambda_450d765d439847d4c735a33c368b5fc0>@@AEAV<lambda_44731a7d0e6d81c3e6aa82d741081786>@@V<lambda_601a2a7da3b7a96e9554ac7215c4b07c>@@@?$__crt_seh_guarded_call@P6AXH@Z@@QEAAP6AXH@Z$$QEAV<lambda_450d765d439847d4c735a33c368b5fc0>@@AEAV<lambda_44731a7d0e6d81c3e6aa82d741081786>@@$$QEAV<lambda_601a2a7da3b7a96e9554ac7215c4b07c>@@@Z 00000001800315ec     libucrt:signal.obj
 0002:0000c610       $unwind$fclose             0000000180031610     libucrt:fclose.obj
 0002:0000c610       $unwind$_fflush_nolock     0000000180031610     libucrt:fflush.obj
 0002:0000c620       $unwind$?common_flush_all@@YAH_N@Z 0000000180031620     libucrt:fflush.obj
 0002:0000c628       $unwind$??$?RV<lambda_842d9ff0dc9ef11c61343bbaebe7f885>@@AEAV<lambda_c5860995281e5c4ce005b3de8f5874ee>@@V<lambda_d90129c13df834fdcbf8d2b88dafcf2d>@@@?$__crt_seh_guarded_call@X@@QEAAX$$QEAV<lambda_842d9ff0dc9ef11c61343bbaebe7f885>@@AEAV<lambda_c5860995281e5c4ce005b3de8f5874ee>@@$$QEAV<lambda_d90129c13df834fdcbf8d2b88dafcf2d>@@@Z 0000000180031628     libucrt:fflush.obj
 0002:0000c64c       $unwind$??$?RV<lambda_886d6c58226a84441f68b9f2b8217b83>@@AEAV<lambda_ab61a845afdef5b7c387490eaf3616ee>@@V<lambda_f7f22ab5edc0698d5f6905b0d3f44752>@@@?$__crt_seh_guarded_call@X@@QEAAX$$QEAV<lambda_886d6c58226a84441f68b9f2b8217b83>@@AEAV<lambda_ab61a845afdef5b7c387490eaf3616ee>@@$$QEAV<lambda_f7f22ab5edc0698d5f6905b0d3f44752>@@@Z 000000018003164c     libucrt:fflush.obj
 0002:0000c674       $unwind$__acrt_update_thread_locale_data 0000000180031674     libucrt:locale_refcounting.obj
 0002:0000c698       $unwind$__acrt_locale_free_monetary 0000000180031698     libucrt:initmon.obj
 0002:0000c6a0       $unwind$__acrt_locale_free_time 00000001800316a0     libucrt:inittime.obj
 0002:0000c6b0       $unwind$__acrt_GetStringTypeA 00000001800316b0     libucrt:getstringtypea.obj
 0002:0000c6d8       $unwind$__acrt_fp_strflt_to_string 00000001800316d8     libucrt:_fptostr.obj
 0002:0000c6f4       $unwind$__acrt_fltout      00000001800316f4     libucrt:cfout.obj
 0002:0000c714       $unwind$?divide@__crt_strtox@@YA_KAEAUbig_integer@1@AEBU21@@Z 0000000180031714     libucrt:cfout.obj
 0002:0000c72c       $chain$0$?divide@__crt_strtox@@YA_KAEAUbig_integer@1@AEBU21@@Z 000000018003172c     libucrt:cfout.obj
 0002:0000c740       $chain$1$?divide@__crt_strtox@@YA_KAEAUbig_integer@1@AEBU21@@Z 0000000180031740     libucrt:cfout.obj
 0002:0000c750       $unwind$?__mbsrtowcs_utf8@__crt_mbstring@@YA_KPEA_WPEAPEBD_KPEAU_Mbstatet@@AEAV__crt_cached_ptd_host@@@Z 0000000180031750     libucrt:mbrtowc.obj
 0002:0000c768       $unwind$_fcloseall         0000000180031768     libucrt:closeall.obj
 0002:0000c78c       $unwind$__acrt_lowio_destroy_handle_array 000000018003178c     libucrt:osfinfo.obj
 0002:0000c79c       $unwind$__acrt_lowio_ensure_fh_exists 000000018003179c     libucrt:osfinfo.obj
 0002:0000c7c8       $unwind$qsort              00000001800317c8     libucrt:qsort.obj
 0002:0000c7e0       $chain$4$qsort             00000001800317e0     libucrt:qsort.obj
 0002:0000c804       $chain$5$qsort             0000000180031804     libucrt:qsort.obj
 0002:0000c814       $unwind$strpbrk            0000000180031814     libucrt:strpbrk.obj
 0002:0000c824       $unwind$fallbackMethod     0000000180031824     libucrt:strpbrk.obj
 0002:0000c834       $unwind$__acrt_LCMapStringA 0000000180031834     libucrt:lcmapstringa.obj
 0002:0000c844       $unwind$?__acrt_LCMapStringA_stat@@YAHPEAU__crt_locale_pointers@@PEB_WKPEBDHPEADHHH@Z 0000000180031844     libucrt:lcmapstringa.obj
 0002:0000c86c       $unwind$_commit            000000018003186c     libucrt:commit.obj
 0002:0000c874       $unwind$??$?RV<lambda_a37b2b86f63e897a80ea819b0eb08c01>@@AEAV<lambda_38ce7e780aa69e748d6df282ebc68efe>@@V<lambda_99fb1378e971ab6e7edea83e3a7a83a2>@@@?$__crt_seh_guarded_call@H@@QEAAH$$QEAV<lambda_a37b2b86f63e897a80ea819b0eb08c01>@@AEAV<lambda_38ce7e780aa69e748d6df282ebc68efe>@@$$QEAV<lambda_99fb1378e971ab6e7edea83e3a7a83a2>@@@Z 0000000180031874     libucrt:commit.obj
 0002:0000c898       $unwind$_write_nolock      0000000180031898     libucrt:write.obj
 0002:0000c8b0       $unwind$_write_internal    00000001800318b0     libucrt:write.obj
 0002:0000c8e0       $unwind$?write_double_translated_ansi_nolock@@YA?AUwrite_result@?A0x17268360@@HQEBDIAEAV__crt_cached_ptd_host@@@Z 00000001800318e0     libucrt:write.obj
 0002:0000c908       $ip2state$?write_double_translated_ansi_nolock@@YA?AUwrite_result@?A0x17268360@@HQEBDIAEAV__crt_cached_ptd_host@@@Z 0000000180031908     libucrt:write.obj
 0002:0000c910       $unwind$?write_text_ansi_nolock@@YA?AUwrite_result@?A0x17268360@@HQEBDI@Z 0000000180031910     libucrt:write.obj
 0002:0000c910       $unwind$?write_text_utf16le_nolock@@YA?AUwrite_result@?A0x17268360@@HQEBDI@Z 0000000180031910     libucrt:write.obj
 0002:0000c930       $unwind$?write_text_utf8_nolock@@YA?AUwrite_result@?A0x17268360@@HQEBDI@Z 0000000180031930     libucrt:write.obj
 0002:0000c958       $xdatasym                  0000000180031958     libucrt:log10.obj
 0002:0000c964       $unwind$__acrt_fenv_set_control 0000000180031964     libucrt:_fenvutils.obj
 0002:0000c974       $unwind$?__mbrtoc32_utf8@__crt_mbstring@@YA_KPEA_UPEBD_KPEAU_Mbstatet@@AEAV__crt_cached_ptd_host@@@Z 0000000180031974     libucrt:mbrtoc32.obj
 0002:0000c990       $unwind$?_fclose_nolock_internal@@YAHQEAU_iobuf@@AEAV__crt_cached_ptd_host@@@Z 0000000180031990     libucrt:fclose.obj
 0002:0000c9a0       $unwind$?_fclose_internal@@YAHQEAU_iobuf@@AEAV__crt_cached_ptd_host@@@Z 00000001800319a0     libucrt:fclose.obj
 0002:0000c9c4       $unwind$_putwch_nolock     00000001800319c4     libucrt:putwch.obj
 0002:0000c9cc       $unwind$common_control87   00000001800319cc     libucrt:ieee.obj
 0002:0000c9f8       $unwind$_call_matherr      00000001800319f8     libucrt:libm_error.obj
 0002:0000ca00       $unwind$_handle_error      0000000180031a00     libucrt:libm_error.obj
 0002:0000ca20       $unwind$__acrt_initialize_fma3 0000000180031a20     libucrt:fma3_available.obj
 0002:0000ca28       $unwind$_log_special_common 0000000180031a28     libucrt:log_special.obj
 0002:0000ca34       $unwind$_close_internal    0000000180031a34     libucrt:close.obj
 0002:0000ca3c       $unwind$??$?RV<lambda_ad8af0d99a0adf03d037d7dffe354bb5>@@AEAV<lambda_c9ba49e555ba839a7b07aa3fbecb7617>@@V<lambda_2f1ebd5d68526518146ae959c9e734c8>@@@?$__crt_seh_guarded_call@H@@QEAAH$$QEAV<lambda_ad8af0d99a0adf03d037d7dffe354bb5>@@AEAV<lambda_c9ba49e555ba839a7b07aa3fbecb7617>@@$$QEAV<lambda_2f1ebd5d68526518146ae959c9e734c8>@@@Z 0000000180031a3c     libucrt:close.obj
 0002:0000ca60       $xdatasym                  0000000180031a60     libucrt:fpsr.obj
 0002:0000ca68       $unwind$_raise_exc_ex      0000000180031a68     libucrt:fpexcept.obj
 0002:0000ca7c       $unwind$_ctrlfp            0000000180031a7c     libucrt:fpctrl.obj
 0002:0000caa4       $unwind$_IsNonwritableInCurrentImage 0000000180031aa4     LIBCMT:pesect.obj
 0002:0000cac8       $unwind$strrchr            0000000180031ac8     libvcruntime:strrchr.obj
 0002:0000cc30       .edata                     0000000180031c30     OPOSMotionSensor.exp
 0002:0000cc58       rgpv                       0000000180031c58     OPOSMotionSensor.exp
 0002:0000cc68       rgszName                   0000000180031c68     OPOSMotionSensor.exp
 0002:0000cc78       rgwOrd                     0000000180031c78     OPOSMotionSensor.exp
 0002:0000cc80       szName                     0000000180031c80     OPOSMotionSensor.exp
 0002:0000cc95       $N00001                    0000000180031c95     OPOSMotionSensor.exp
 0002:0000cca5       $N00002                    0000000180031ca5     OPOSMotionSensor.exp
 0002:0000ccb7       $N00003                    0000000180031cb7     OPOSMotionSensor.exp
 0002:0000ccc9       $N00004                    0000000180031cc9     OPOSMotionSensor.exp
 0002:0000d61a       .idata$6                   000000018003261a     kernel32:KERNEL32.dll
 0002:0000d832       .idata$6                   0000000180032832     user32:USER32.dll
 0002:0000d966       .idata$6                   0000000180032966     gdi32:GDI32.dll
 0002:0000da0c       .idata$6                   0000000180032a0c     advapi32:ADVAPI32.dll
 0002:0000db28       .idata$6                   0000000180032b28     ole32:ole32.dll
 0002:0000db32       .idata$6                   0000000180032b32     oleaut32:OLEAUT32.dll
 0003:000001c0       ?ObjectMap@@3PAU_ATL_OBJMAP_ENTRY30@ATL@@A 00000001800341c0     MotionSensor.obj
 0003:000002d0       ?s_SOMethodNames@@3PAPEADA 00000001800342d0     MotionSensorImpl.obj
 0003:00000360       ?s_RequiredMethodsPerRelease@@3PAHA 0000000180034360     MotionSensorImpl.obj
 0003:000003b0       ?__vcrt_flsindex@@3KA      00000001800343b0     libvcruntime:per_thread_data.obj
 0003:000003c0       ?errno_no_memory@@3HA      00000001800343c0     libucrt:errno.obj
 0003:000003c4       ?doserrno_no_memory@@3KA   00000001800343c4     libucrt:errno.obj
 0003:000003d0       ?__acrt_flsindex@@3KA      00000001800343d0     libucrt:per_thread_data.obj
 0003:00000890       _mbctypes                  0000000180034890     libucrt:mbctype.obj
 0003:000009a0       _mbcasemaps                00000001800349a0     libucrt:mbctype.obj
 0003:00000aa0       ?__rgctypeflag@@3PADA      0000000180034aa0     libucrt:mbctype.obj
 0003:00000ab0       ?__rgcode_page_info@@3PAUcode_page_info@@A 0000000180034ab0     libucrt:mbctype.obj
 0003:00000d50       ?dazSupported@?1??common_control87@@9@9 0000000180034d50     libucrt:ieee.obj
 0003:00000d60       ?__dcrt_lowio_console_output_handle@@3PEAXEA 0000000180034d60     libucrt:initcon.obj
 0003:00000d70       ?dazSupported@?1??_ctrlfp@@9@9 0000000180034d70     libucrt:fpctrl.obj
 0003:00000fc0       ?is_initialized_as_dll@@3_NA 0000000180034fc0     LIBCMT:utility.obj
 0003:00000fc1       ?module_local_atexit_table_initialized@@3_NA 0000000180034fc1     LIBCMT:utility.obj
 0003:00000fc8       ?module_local_atexit_table@@3U_onexit_table_t@@A 0000000180034fc8     LIBCMT:utility.obj
 0003:00000fe0       ?module_local_at_quick_exit_table@@3U_onexit_table_t@@A 0000000180034fe0     LIBCMT:utility.obj
 0003:00000ff8       ?g_tss_cv@@3U_RTL_CONDITION_VARIABLE@@A 0000000180034ff8     LIBCMT:thread_safe_statics.obj
 0003:00001000       ?g_tss_event@@3PEAXEA      0000000180035000     LIBCMT:thread_safe_statics.obj
 0003:00001008       ?g_tss_mutex@@3U_RTL_CRITICAL_SECTION@@A 0000000180035008     LIBCMT:thread_safe_statics.obj
 0003:00001030       ?g_sleep_condition_variable_cs@@3P6AHPEAU_RTL_CONDITION_VARIABLE@@PEAU_RTL_CRITICAL_SECTION@@K@ZEA 0000000180035030     LIBCMT:thread_safe_statics.obj
 0003:00001038       ?g_wake_all_condition_variable@@3P6AXPEAU_RTL_CONDITION_VARIABLE@@@ZEA 0000000180035038     LIBCMT:thread_safe_statics.obj
 0003:00001040       GS_ExceptionRecord         0000000180035040     LIBCMT:gs_report.obj
 0003:000010e0       GS_ContextRecord           00000001800350e0     LIBCMT:gs_report.obj
 0003:000015b4       ?__proc_attached@@3HA      00000001800355b4     LIBCMT:dll_dllmain.obj
 0003:00001648       ?AllocateData@@3P6APEAUAtlThunkData_t@@XZEA 0000000180035648     atls:atlthunk.obj
 0003:00001650       ?InitData@@3P6AXPEAUAtlThunkData_t@@PEAX_K@ZEA 0000000180035650     atls:atlthunk.obj
 0003:00001658       ?DataToCode@@3P6AP6A_JPEAUHWND__@@I_K_J@ZPEAUAtlThunkData_t@@@ZEA 0000000180035658     atls:atlthunk.obj
 0003:00001660       ?FreeData@@3P6AXPEAUAtlThunkData_t@@@ZEA 0000000180035660     atls:atlthunk.obj
 0003:00001668       ?Initialized@@3_NA         0000000180035668     atls:atlthunk.obj
 0003:00001680       ?__vcrt_startup_thread_ptd@@3U__vcrt_ptd@@A 0000000180035680     libvcruntime:per_thread_data.obj
 0003:00001700       __vcrt_lock_table          0000000180035700     libvcruntime:locks.obj
 0003:00001728       __vcrt_locks_initialized   0000000180035728     libvcruntime:locks.obj
 0003:00001770       ?heap@@3V_HeapManager@@A   0000000180035770     libvcruntime:undname.obj
 0003:00001798       ?module_handles@@3PAPEAUHINSTANCE__@@A 0000000180035798     libvcruntime:winapi_downlevel.obj
 0003:000017b0       ?function_pointers@@3PAPEAXA 00000001800357b0     libvcruntime:winapi_downlevel.obj
 0003:000017d8       ?__acrt_invalid_parameter_handler@@3V?$dual_state_global@P6AXPEB_W00I_K@Z@__crt_state_management@@A 00000001800357d8     libucrt:invalid_parameter.obj
 0003:000017e0       ?c_termination_complete@@3JA 00000001800357e0     libucrt:exit.obj
 0003:000017e8       ?thread_local_exit_callback_func@@3P6AXPEAXK0@ZEA 00000001800357e8     libucrt:exit.obj
 0003:00001800       ?program_name@?1???$common_configure_argv@D@@YAHW4_crt_argv_mode@@@Z@4PADA 0000000180035800     libucrt:argv_parsing.obj
 0003:00001958       ?__acrt_new_handler@@3V?$dual_state_global@P6AH_K@Z@__crt_state_management@@A 0000000180035958     libucrt:new_handler.obj
 0003:00001970       ?module_handles@@3PAPEAUHINSTANCE__@@A 0000000180035970     libucrt:winapi_thunks.obj
 0003:00001a10       ?encoded_function_pointers@@3PAPEAXA 0000000180035a10     libucrt:winapi_thunks.obj
 0003:00001b00       ?internal_state@?1??_mbtowc_internal@@9@4U_Mbstatet@@A 0000000180035b00     libucrt:mbtowc.obj
 0003:00001b18       ?enable_percent_n@@3_KA    0000000180035b18     libucrt:printf_count_output.obj
 0003:00001f40       ?__acrt_lock_table@@3PAU_RTL_CRITICAL_SECTION@@A 0000000180035f40     libucrt:locks.obj
 0003:00002170       ?__acrt_locks_initialized@@3IA 0000000180036170     libucrt:locks.obj
 0003:00002190       ?fSystemSet@@3HA           0000000180036190     libucrt:mbctype.obj
 0003:00002194       ?initialized@?1??__acrt_initialize_multibyte@@9@4_NA 0000000180036194     libucrt:mbctype.obj
 0003:000021d0       ?ctrlc_action@@3V?$dual_state_global@P6AXH@Z@__crt_state_management@@A 00000001800361d0     libucrt:signal.obj
 0003:000021d8       ?ctrlbreak_action@@3V?$dual_state_global@P6AXH@Z@__crt_state_management@@A 00000001800361d8     libucrt:signal.obj
 0003:000021e0       ?abort_action@@3V?$dual_state_global@P6AXH@Z@__crt_state_management@@A 00000001800361e0     libucrt:signal.obj
 0003:000021e8       ?term_action@@3V?$dual_state_global@P6AXH@Z@__crt_state_management@@A 00000001800361e8     libucrt:signal.obj
 0003:000021f0       ?user_matherr@@3V?$dual_state_global@P6AHPEAU_exception@@@Z@__crt_state_management@@A 00000001800361f0     libucrt:matherr.obj
 0003:00002200       ?__acrt_global_new_mode@@3V?$dual_state_global@J@__crt_state_management@@A 0000000180036200     libucrt:new_mode.obj
 0003:00002208       ?internal_pst@?1??__mbrtoc32_utf8@__crt_mbstring@@YA_KPEA_UPEBD_KPEAU_Mbstatet@@AEAV__crt_cached_ptd_host@@@Z@4U3@A 0000000180036208     libucrt:mbrtoc32.obj
 0003:00002210       ?__acrt_app_type@@3W4_crt_app_type@@A 0000000180036210     libucrt:report_runtime_error.obj
 0005:00000000       MoveSmall                  0000000180039000     libvcruntime:memcpy.obj
 0005:00000040       MoveSmallYmm               0000000180039040     libvcruntime:memcpy.obj
 0005:00000064       MoveSmallYmmNT             0000000180039064     libvcruntime:memcpy.obj
 0005:00000088       MoveSmallXmm               0000000180039088     libvcruntime:memcpy.obj
 0005:000000b0       MsetTab                    00000001800390b0     libvcruntime:memset.obj
 0006:00000220       $R000000                   000000018003a220     MotionSensor.res
 0006:00000bc8       $R0009A8                   000000018003abc8     MotionSensor.res
 0006:00000cb0       $R000A90                   000000018003acb0     MotionSensor.res
 0006:00000f18       $R000CF8                   000000018003af18     MotionSensor.res
 0006:00001430       $R001210                   000000018003b430     MotionSensor.res
 0006:00003780       $R003560                   000000018003d780     MotionSensor.res
 0006:000037b8       $R003598                   000000018003d7b8     MotionSensor.res
