 OPOSCashChanger

 Timestamp is 61a758c8 (Wed Dec  1 20:13:12 2021)

 Preferred load address is 0000000180000000

 Start         Length     Name                   Class
 0001:00000000 000000c0H .text$di                CODE
 0001:000000c0 000240d0H .text$mn                CODE
 0001:00024190 00000040H .text$mn$00             CODE
 0001:000241d0 00000660H .text$x                 CODE
 0001:00024830 00000078H .text$yd                CODE
 0002:00000000 00000638H .idata$5                DATA
 0002:00000638 00000030H .00cfg                  DATA
 0002:00000668 00000008H .CRT$XCA                DATA
 0002:00000670 00000008H .CRT$XCL                DATA
 0002:00000678 00000020H .CRT$XCU                DATA
 0002:00000698 00000008H .CRT$XCZ                DATA
 0002:000006a0 00000008H .CRT$XIA                DATA
 0002:000006a8 00000020H .CRT$XIC                DATA
 0002:000006c8 00000008H .CRT$XIZ                DATA
 0002:000006d0 00000008H .CRT$XLA                DATA
 0002:000006d8 00000008H .CRT$XLZ                DATA
 0002:000006e0 00000008H .CRT$XPA                DATA
 0002:000006e8 00000010H .CRT$XPX                DATA
 0002:000006f8 00000008H .CRT$XPXA               DATA
 0002:00000700 00000008H .CRT$XPZ                DATA
 0002:00000708 00000008H .CRT$XTA                DATA
 0002:00000710 00000010H .CRT$XTZ                DATA
 0002:00000718 00000000H .gehcont$y              DATA
 0002:00000718 00000000H .gfids$y                DATA
 0002:00000720 0000a6e0H .rdata                  DATA
 0002:0000ae00 00000000H .rdata$CastGuardVftablesA DATA
 0002:0000ae00 00000000H .rdata$CastGuardVftablesC DATA
 0002:0000ae00 00000028H .rdata$T                DATA
 0002:0000ae28 00000274H .rdata$r                DATA
 0002:0000b09c 00000048H .rdata$voltmd           DATA
 0002:0000b0e4 00000434H .rdata$zzzdbg           DATA
 0002:0000b518 00000008H .rtc$IAA                DATA
 0002:0000b520 00000008H .rtc$IZZ                DATA
 0002:0000b528 00000008H .rtc$TAA                DATA
 0002:0000b530 00000008H .rtc$TZZ                DATA
 0002:0000b538 00000004H .tls                    DATA
 0002:0000b53c 00000004H .tls$                   DATA
 0002:0000b540 00000008H .tls$ZZZ                DATA
 0002:0000b548 00001918H .xdata                  DATA
 0002:0000ce60 00000150H .xdata$x                DATA
 0002:0000cfb0 00000008H ATL$__a                 DATA
 0002:0000cfb8 00000008H ATL$__z                 DATA
 0002:0000cfc0 000000acH .edata                  DATA
 0002:0000d06c 00000078H .idata$2                DATA
 0002:0000d0e4 00000014H .idata$3                DATA
 0002:0000d0f8 00000638H .idata$4                DATA
 0002:0000d730 00000c5cH .idata$6                DATA
 0003:00000000 00000dc8H .data                   DATA
 0003:00000dc8 000000a8H .data$r                 DATA
 0003:00000e70 00000020H .data$rs                DATA
 0003:00000e90 000013ecH .bss                    DATA
 0004:00000000 000020c4H .pdata                  DATA
 0005:00000000 000000f4H _RDATA                  DATA
 0006:00000000 00000220H .rsrc$01                DATA
 0006:00000220 00004e98H .rsrc$02                DATA

  Address         Publics by Value              Rva+Base               Lib:Object

 0000:00000000       ___safe_se_handler_table   0000000000000000     <absolute>
 0000:00000000       __guard_longjmp_table      0000000000000000     <absolute>
 0000:00000000       __arm64x_redirection_metadata 0000000000000000     <absolute>
 0000:00000000       __x64_code_ranges_to_entry_points 0000000000000000     <absolute>
 0000:00000000       __guard_iat_table          0000000000000000     <absolute>
 0000:00000000       __guard_fids_count         0000000000000000     <absolute>
 0000:00000000       __arm64x_extra_rfe_table   0000000000000000     <absolute>
 0000:00000000       __guard_iat_count          0000000000000000     <absolute>
 0000:00000000       __guard_longjmp_count      0000000000000000     <absolute>
 0000:00000000       __dynamic_value_reloc_table 0000000000000000     <absolute>
 0000:00000000       __x64_code_ranges_to_entry_points_count 0000000000000000     <absolute>
 0000:00000000       __hybrid_auxiliary_iat     0000000000000000     <absolute>
 0000:00000000       __hybrid_code_map          0000000000000000     <absolute>
 0000:00000000       __hybrid_auxiliary_iat_copy 0000000000000000     <absolute>
 0000:00000000       __arm64x_extra_rfe_table_size 0000000000000000     <absolute>
 0000:00000000       ___safe_se_handler_count   0000000000000000     <absolute>
 0000:00000000       __AbsoluteZero             0000000000000000     <absolute>
 0000:00000000       __guard_check_icall_a64n_fptr 0000000000000000     <absolute>
 0000:00000000       __guard_fids_table         0000000000000000     <absolute>
 0000:00000000       __guard_eh_cont_count      0000000000000000     <absolute>
 0000:00000000       __arm64x_redirection_metadata_count 0000000000000000     <absolute>
 0000:00000000       __enclave_config           0000000000000000     <absolute>
 0000:00000000       __guard_eh_cont_table      0000000000000000     <absolute>
 0000:00000000       __arm64x_native_entrypoint 0000000000000000     <absolute>
 0000:00000000       __hybrid_code_map_count    0000000000000000     <absolute>
 0000:00000100       __guard_flags              0000000000000100     <absolute>
 0000:00000000       __ImageBase                0000000180000000     <linker-defined>
 0001:000000c0       ?DupWide@_CW@@AEAAXXZ      00000001800010c0 f   CWString.obj
 0001:000000e8       ?cw_dup@@YAXPEBDAEAHAEAPEA_W1@Z 00000001800010e8 f   CWString.obj
 0001:000001c8       ?cw_memcpy@@YAHPEA_WPEBDH@Z 00000001800011c8 f   CWString.obj
 0001:00000214       ?cw_strcpy@@YAHPEA_WPEBD@Z 0000000180001214 f   CWString.obj
 0001:00000228       ??0CAtlComModule@ATL@@QEAA@XZ 0000000180001228 f i OposVariant.obj
 0001:000002a8       ??0CAtlWinModule@ATL@@QEAA@XZ 00000001800012a8 f i OposVariant.obj
 0001:00000314       ??0OposDispParms@@QEAA@PEAVOposVariant@@H@Z 0000000180001314 f   OposVariant.obj
 0001:000003bc       ??1OposDispParms@@QEAA@XZ  00000001800013bc f   OposVariant.obj
 0001:000003d4       ??_Estringdispid@CComTypeInfoHolder@ATL@@QEAAPEAXI@Z 00000001800013d4 f i OposVariant.obj
 0001:00000478       ?AtlWinModuleTerm@ATL@@YAJPEAU_ATL_WIN_MODULE70@1@PEAUHINSTANCE__@@@Z 0000000180001478 f i OposVariant.obj
 0001:00000528       ?ChangeBSTR@OposVariant@@QEAAXPEAPEA_WAEAJ@Z 0000000180001528 f   OposVariant.obj
 0001:00000588       ?ChangeLONG@OposVariant@@QEAAXPEAJAEAJ@Z 0000000180001588 f   OposVariant.obj
 0001:000005e4       ?GetLONG@OposVariant@@QEAAJXZ 00000001800015e4 f   OposVariant.obj
 0001:00000608       ?SetBSTR@OposVariant@@QEAAXPEA_WAEAJ@Z 0000000180001608 f   OposVariant.obj
 0001:00000648       ?SetBSTR_Copy@OposVariant@@QEAAXPEA_WAEAJ@Z 0000000180001648 f   OposVariant.obj
 0001:000006b8       ?SetBSTR_InOutPtr@OposVariant@@QEAA_NPEAPEA_WAEAJ@Z 00000001800016b8 f   OposVariant.obj
 0001:00000708       ?SetBSTR_OutPtr@OposVariant@@QEAA_NPEAPEA_WAEAJ@Z 0000000180001708 f   OposVariant.obj
 0001:00000724       ?SetDispatch_Ptr@OposVariant@@QEAAXPEAUIDispatch@@AEAJ@Z 0000000180001724 f   OposVariant.obj
 0001:0000077c       ?SetLONG@OposVariant@@QEAAXJ@Z 000000018000177c f   OposVariant.obj
 0001:000007ac       ?SetLONG_Ptr@OposVariant@@QEAAXPEAJAEAJ@Z 00000001800017ac f   OposVariant.obj
 0001:000007f8       ?SetString@OposVariant@@QEAAXPEB_WAEAJ@Z 00000001800017f8 f   OposVariant.obj
 0001:0000085c       ?SetVARIANT_BOOL@OposVariant@@QEAAXF@Z 000000018000185c f   OposVariant.obj
 0001:00000894       ?SetVARIANT_BOOL_Ptr@OposVariant@@QEAAXPEAFAEAJ@Z 0000000180001894 f   OposVariant.obj
 0001:000008e0       ?Term@CAtlComModule@ATL@@QEAAXXZ 00000001800018e0 f i OposVariant.obj
 0001:00000950       ?_AtlInitializeCriticalSectionEx@ATL@@YAHPEAU_RTL_CRITICAL_SECTION@@KK@Z 0000000180001950 f i OposVariant.obj
 0001:00000958       ?_AtlRaiseException@ATL@@YAXKK@Z 0000000180001958 f i OposVariant.obj
 0001:00000968       ?Next@?$CComEnumImpl@UIEnumConnections@@$1?_GUID_b196b287_bab4_101a_b69c_00aa00341d07@@3U__s_GUID@@BUtagCONNECTDATA@@V?$_Copy@UtagCONNECTDATA@@@ATL@@@ATL@@UEAAJKPEAUtagCONNECTDATA@@PEAK@Z 0000000180001968 f i CashChanger.obj
 0001:00000a30       ?Skip@?$CComEnumImpl@UIEnumConnections@@$1?_GUID_b196b287_bab4_101a_b69c_00aa00341d07@@3U__s_GUID@@BUtagCONNECTDATA@@V?$_Copy@UtagCONNECTDATA@@@ATL@@@ATL@@UEAAJK@Z 0000000180001a30 f i CashChanger.obj
 0001:00000a5c       ?Reset@?$CComEnumImpl@UIEnumConnectionPoints@@$1?_GUID_b196b285_bab4_101a_b69c_00aa00341d07@@3U__s_GUID@@BPEAUIConnectionPoint@@V?$_CopyInterface@UIConnectionPoint@@@ATL@@@ATL@@UEAAJXZ 0000000180001a5c f i CashChanger.obj
 0001:00000a5c       ?Reset@?$CComEnumImpl@UIEnumConnections@@$1?_GUID_b196b287_bab4_101a_b69c_00aa00341d07@@3U__s_GUID@@BUtagCONNECTDATA@@V?$_Copy@UtagCONNECTDATA@@@ATL@@@ATL@@UEAAJXZ 0000000180001a5c f i CashChanger.obj
 0001:00000a68       ?Clone@?$CComEnumImpl@UIEnumConnections@@$1?_GUID_b196b287_bab4_101a_b69c_00aa00341d07@@3U__s_GUID@@BUtagCONNECTDATA@@V?$_Copy@UtagCONNECTDATA@@@ATL@@@ATL@@UEAAJPEAPEAUIEnumConnections@@@Z 0000000180001a68 f i CashChanger.obj
 0001:00000b94       ?AddRef@?$CComObject@V?$CComEnum@UIEnumConnections@@$1?_GUID_b196b287_bab4_101a_b69c_00aa00341d07@@3U__s_GUID@@BUtagCONNECTDATA@@V?$_Copy@UtagCONNECTDATA@@@ATL@@VCComSingleThreadModel@6@@ATL@@@ATL@@UEAAKXZ 0000000180001b94 f i CashChanger.obj
 0001:00000b94       ?AddRef@?$CComObject@V?$CComEnum@UIEnumConnectionPoints@@$1?_GUID_b196b285_bab4_101a_b69c_00aa00341d07@@3U__s_GUID@@BPEAUIConnectionPoint@@V?$_CopyInterface@UIConnectionPoint@@@ATL@@VCComSingleThreadModel@6@@ATL@@@ATL@@UEAAKXZ 0000000180001b94 f i CashChanger.obj
 0001:00000ba0       ?Release@?$CComObject@V?$CComEnum@UIEnumConnections@@$1?_GUID_b196b287_bab4_101a_b69c_00aa00341d07@@3U__s_GUID@@BUtagCONNECTDATA@@V?$_Copy@UtagCONNECTDATA@@@ATL@@VCComSingleThreadModel@6@@ATL@@@ATL@@UEAAKXZ 0000000180001ba0 f i CashChanger.obj
 0001:00000ba0       ?Release@?$CComObject@V?$CComEnum@UIEnumConnectionPoints@@$1?_GUID_b196b285_bab4_101a_b69c_00aa00341d07@@3U__s_GUID@@BPEAUIConnectionPoint@@V?$_CopyInterface@UIConnectionPoint@@@ATL@@VCComSingleThreadModel@6@@ATL@@@ATL@@UEAAKXZ 0000000180001ba0 f i CashChanger.obj
 0001:00000bf4       ?QueryInterface@?$CComObject@V?$CComEnum@UIEnumConnections@@$1?_GUID_b196b287_bab4_101a_b69c_00aa00341d07@@3U__s_GUID@@BUtagCONNECTDATA@@V?$_Copy@UtagCONNECTDATA@@@ATL@@VCComSingleThreadModel@6@@ATL@@@ATL@@UEAAJAEBU_GUID@@PEAPEAX@Z 0000000180001bf4 f i CashChanger.obj
 0001:00000c08       ??_G?$CComObject@V?$CComEnum@UIEnumConnections@@$1?_GUID_b196b287_bab4_101a_b69c_00aa00341d07@@3U__s_GUID@@BUtagCONNECTDATA@@V?$_Copy@UtagCONNECTDATA@@@ATL@@VCComSingleThreadModel@6@@ATL@@@ATL@@UEAAPEAXI@Z 0000000180001c08 f i CashChanger.obj
 0001:00000c08       ??_E?$CComObject@V?$CComEnum@UIEnumConnections@@$1?_GUID_b196b287_bab4_101a_b69c_00aa00341d07@@3U__s_GUID@@BUtagCONNECTDATA@@V?$_Copy@UtagCONNECTDATA@@@ATL@@VCComSingleThreadModel@6@@ATL@@@ATL@@UEAAPEAXI@Z 0000000180001c08 f i CashChanger.obj
 0001:00000c60       ?ObjectMain@CComObjectRootBase@ATL@@SAX_N@Z 0000000180001c60 f i CashChanger.obj
 0001:00000c60       _guard_check_icall_nop     0000000180001c60 f i LIBCMT:guard_support.obj
 0001:00000c60       ?OnFinalMessage@?$CWindowImplBaseT@VCWindow@ATL@@V?$CWinTraits@$0FGAAAAAA@$0A@@2@@ATL@@UEAAXPEAUHWND__@@@Z 0000000180001c60 f i CashChanger.obj
 0001:00000c64       ?HandsOffStorage@?$IPersistStorageImpl@VCOPOSCashChanger@@@ATL@@UEAAJXZ 0000000180001c64 f i CashChanger.obj
 0001:00000c64       ?SaveCompleted@?$IPersistStorageImpl@VCOPOSCashChanger@@@ATL@@UEAAJPEAUIStorage@@@Z 0000000180001c64 f i CashChanger.obj
 0001:00000c64       ?EnableModeless@?$IOleInPlaceActiveObjectImpl@VCOPOSCashChanger@@@ATL@@UEAAJH@Z 0000000180001c64 f i CashChanger.obj
 0001:00000c64       ?IsUpToDate@?$IOleObjectImpl@VCOPOSCashChanger@@@ATL@@UEAAJXZ 0000000180001c64 f i CashChanger.obj
 0001:00000c64       ?Release@CRegObject@ATL@@UEAAKXZ 0000000180001c64 f i CashChanger.obj
 0001:00000c64       ?OnFrameWindowActivate@?$IOleInPlaceActiveObjectImpl@VCOPOSCashChanger@@@ATL@@UEAAJH@Z 0000000180001c64 f i CashChanger.obj
 0001:00000c64       ?Update@?$IOleObjectImpl@VCOPOSCashChanger@@@ATL@@UEAAJXZ 0000000180001c64 f i CashChanger.obj
 0001:00000c64       ?GetCategoryMap@CComObjectRootBase@ATL@@SAPEBU_ATL_CATMAP_ENTRY@2@XZ 0000000180001c64 f i CashChanger.obj
 0001:00000c64       ?ResizeBorder@?$IOleInPlaceActiveObjectImpl@VCOPOSCashChanger@@@ATL@@UEAAJPEBUtagRECT@@PEAUIOleInPlaceUIWindow@@H@Z 0000000180001c64 f i CashChanger.obj
 0001:00000c64       ?SetHostNames@?$IOleObjectImpl@VCOPOSCashChanger@@@ATL@@UEAAJPEB_W0@Z 0000000180001c64 f i CashChanger.obj
 0001:00000c64       ?GetObjectDescription@?$CComCoClass@VCOPOSCashChanger@@$1?CLSID_OPOSCashChanger@@3U_GUID@@B@ATL@@SAPEB_WXZ 0000000180001c64 f i CashChanger.obj
 0001:00000c64       ?OnAmbientPropertyChange@?$IOleControlImpl@VCOPOSCashChanger@@@ATL@@UEAAJJ@Z 0000000180001c64 f i CashChanger.obj
 0001:00000c68       ?CreateInstance@CComClassFactory@ATL@@UEAAJPEAUIUnknown@@AEBU_GUID@@PEAPEAX@Z 0000000180001c68 f i CashChanger.obj
 0001:00000cc8       ??_E?$CComObject@VCOPOSCashChanger@@@ATL@@W7EAAPEAXI@Z 0000000180001cc8 f i CashChanger.obj
 0001:00000cd4       ??_E?$CComObject@VCOPOSCashChanger@@@ATL@@WHA@EAAPEAXI@Z 0000000180001cd4 f i CashChanger.obj
 0001:00000ce0       ?LockServer@CComClassFactory@ATL@@UEAAJH@Z 0000000180001ce0 f i CashChanger.obj
 0001:00000d04       ?QueryInterface@?$CComObject@VCOPOSCashChanger@@@ATL@@WLI@EAAJAEBU_GUID@@PEAPEAX@Z 0000000180001d04 f i CashChanger.obj
 0001:00000d10       ?AddRef@?$CComObject@VCOPOSCashChanger@@@ATL@@WLI@EAAKXZ 0000000180001d10 f i CashChanger.obj
 0001:00000d1c       ?Release@?$CComObject@VCOPOSCashChanger@@@ATL@@WLI@EAAKXZ 0000000180001d1c f i CashChanger.obj
 0001:00000d28       ?QueryInterface@?$CComObject@VCOPOSCashChanger@@@ATL@@WMA@EAAJAEBU_GUID@@PEAPEAX@Z 0000000180001d28 f i CashChanger.obj
 0001:00000d34       ?AddRef@?$CComObject@VCOPOSCashChanger@@@ATL@@WMA@EAAKXZ 0000000180001d34 f i CashChanger.obj
 0001:00000d40       ?Release@?$CComObject@VCOPOSCashChanger@@@ATL@@WMA@EAAKXZ 0000000180001d40 f i CashChanger.obj
 0001:00000d4c       ?QueryInterface@?$CComObject@VCOPOSCashChanger@@@ATL@@WMI@EAAJAEBU_GUID@@PEAPEAX@Z 0000000180001d4c f i CashChanger.obj
 0001:00000d58       ?AddRef@?$CComObject@VCOPOSCashChanger@@@ATL@@WMI@EAAKXZ 0000000180001d58 f i CashChanger.obj
 0001:00000d64       ?Release@?$CComObject@VCOPOSCashChanger@@@ATL@@WMI@EAAKXZ 0000000180001d64 f i CashChanger.obj
 0001:00000d70       ?QueryInterface@?$CComObject@VCOPOSCashChanger@@@ATL@@WNA@EAAJAEBU_GUID@@PEAPEAX@Z 0000000180001d70 f i CashChanger.obj
 0001:00000d7c       ?AddRef@?$CComObject@VCOPOSCashChanger@@@ATL@@WNA@EAAKXZ 0000000180001d7c f i CashChanger.obj
 0001:00000d88       ?Release@?$CComObject@VCOPOSCashChanger@@@ATL@@WNA@EAAKXZ 0000000180001d88 f i CashChanger.obj
 0001:00000d94       ?QueryInterface@?$CComObject@VCOPOSCashChanger@@@ATL@@WNI@EAAJAEBU_GUID@@PEAPEAX@Z 0000000180001d94 f i CashChanger.obj
 0001:00000da0       ??_ECComClassFactory@ATL@@UEAAPEAXI@Z 0000000180001da0 f i CashChanger.obj
 0001:00000da0       ??_GCComClassFactory@ATL@@UEAAPEAXI@Z 0000000180001da0 f i CashChanger.obj
 0001:00000df0       ?AddRef@?$CComObject@VCOPOSCashChanger@@@ATL@@WNI@EAAKXZ 0000000180001df0 f i CashChanger.obj
 0001:00000dfc       ?Release@?$CComObject@VCOPOSCashChanger@@@ATL@@WNI@EAAKXZ 0000000180001dfc f i CashChanger.obj
 0001:00000e08       ?QueryInterface@?$CComObject@VCOPOSCashChanger@@@ATL@@WOA@EAAJAEBU_GUID@@PEAPEAX@Z 0000000180001e08 f i CashChanger.obj
 0001:00000e14       ?AddRef@?$CComObject@VCOPOSCashChanger@@@ATL@@WOA@EAAKXZ 0000000180001e14 f i CashChanger.obj
 0001:00000e20       ?Release@?$CComObject@VCOPOSCashChanger@@@ATL@@WOA@EAAKXZ 0000000180001e20 f i CashChanger.obj
 0001:00000e2c       ?QueryInterface@?$CComObject@VCOPOSCashChanger@@@ATL@@WOI@EAAJAEBU_GUID@@PEAPEAX@Z 0000000180001e2c f i CashChanger.obj
 0001:00000e38       ?AddRef@?$CComObject@VCOPOSCashChanger@@@ATL@@WOI@EAAKXZ 0000000180001e38 f i CashChanger.obj
 0001:00000e44       ?Release@?$CComObject@VCOPOSCashChanger@@@ATL@@WOI@EAAKXZ 0000000180001e44 f i CashChanger.obj
 0001:00000e50       ?QueryInterface@?$CComObject@VCOPOSCashChanger@@@ATL@@WPA@EAAJAEBU_GUID@@PEAPEAX@Z 0000000180001e50 f i CashChanger.obj
 0001:00000e5c       ?AddRef@?$CComObject@VCOPOSCashChanger@@@ATL@@WPA@EAAKXZ 0000000180001e5c f i CashChanger.obj
 0001:00000e68       ?Release@?$CComObject@VCOPOSCashChanger@@@ATL@@WPA@EAAKXZ 0000000180001e68 f i CashChanger.obj
 0001:00000e74       ?QueryInterface@?$CComObject@VCOPOSCashChanger@@@ATL@@WPI@EAAJAEBU_GUID@@PEAPEAX@Z 0000000180001e74 f i CashChanger.obj
 0001:00000e80       ?AddRef@?$CComObject@VCOPOSCashChanger@@@ATL@@WPI@EAAKXZ 0000000180001e80 f i CashChanger.obj
 0001:00000e8c       ?Release@?$CComObject@VCOPOSCashChanger@@@ATL@@WPI@EAAKXZ 0000000180001e8c f i CashChanger.obj
 0001:00000e98       ?QueryInterface@?$CComObject@VCOPOSCashChanger@@@ATL@@WBAA@EAAJAEBU_GUID@@PEAPEAX@Z 0000000180001e98 f i CashChanger.obj
 0001:00000ea4       ?AddRef@?$CComObject@VCOPOSCashChanger@@@ATL@@WBAA@EAAKXZ 0000000180001ea4 f i CashChanger.obj
 0001:00000eb0       ?Release@?$CComObject@VCOPOSCashChanger@@@ATL@@WBAA@EAAKXZ 0000000180001eb0 f i CashChanger.obj
 0001:00000ebc       ?QueryInterface@?$CComObject@VCOPOSCashChanger@@@ATL@@WBAI@EAAJAEBU_GUID@@PEAPEAX@Z 0000000180001ebc f i CashChanger.obj
 0001:00000ec8       ?AddRef@?$CComObject@VCOPOSCashChanger@@@ATL@@WBAI@EAAKXZ 0000000180001ec8 f i CashChanger.obj
 0001:00000ed4       ?Release@?$CComObject@VCOPOSCashChanger@@@ATL@@WBAI@EAAKXZ 0000000180001ed4 f i CashChanger.obj
 0001:00000ee0       ?QueryInterface@?$CComObject@VCOPOSCashChanger@@@ATL@@WBBA@EAAJAEBU_GUID@@PEAPEAX@Z 0000000180001ee0 f i CashChanger.obj
 0001:00000eec       ?AddRef@?$CComObject@VCOPOSCashChanger@@@ATL@@WBBA@EAAKXZ 0000000180001eec f i CashChanger.obj
 0001:00000ef8       ?Release@?$CComObject@VCOPOSCashChanger@@@ATL@@WBBA@EAAKXZ 0000000180001ef8 f i CashChanger.obj
 0001:00000f04       ?QueryInterface@?$CComObject@VCOPOSCashChanger@@@ATL@@WBBI@EAAJAEBU_GUID@@PEAPEAX@Z 0000000180001f04 f i CashChanger.obj
 0001:00000f10       ?AddRef@?$CComObject@VCOPOSCashChanger@@@ATL@@WBBI@EAAKXZ 0000000180001f10 f i CashChanger.obj
 0001:00000f1c       ?Release@?$CComObject@VCOPOSCashChanger@@@ATL@@WBBI@EAAKXZ 0000000180001f1c f i CashChanger.obj
 0001:00000f28       ?AddRef@?$CComObject@VCOPOSCashChanger@@@ATL@@WBCI@EAAKXZ 0000000180001f28 f i CashChanger.obj
 0001:00000f34       ?Release@?$CComObject@VCOPOSCashChanger@@@ATL@@WBCI@EAAKXZ 0000000180001f34 f i CashChanger.obj
 0001:00000f40       ?AddRef@?$CComObject@VCOPOSCashChanger@@@ATL@@WBEA@EAAKXZ 0000000180001f40 f i CashChanger.obj
 0001:00000f4c       ?Release@?$CComObject@VCOPOSCashChanger@@@ATL@@WBEA@EAAKXZ 0000000180001f4c f i CashChanger.obj
 0001:00000f58       ??_E?$CComContainedObject@VCOPOSCashChanger@@@ATL@@W7EAAPEAXI@Z 0000000180001f58 f i CashChanger.obj
 0001:00000f64       ??_E?$CComContainedObject@VCOPOSCashChanger@@@ATL@@WHA@EAAPEAXI@Z 0000000180001f64 f i CashChanger.obj
 0001:00000f70       ?QueryInterface@?$CComContainedObject@VCOPOSCashChanger@@@ATL@@WLI@EAAJAEBU_GUID@@PEAPEAX@Z 0000000180001f70 f i CashChanger.obj
 0001:00000f7c       ?AddRef@?$CComContainedObject@VCOPOSCashChanger@@@ATL@@WLI@EAAKXZ 0000000180001f7c f i CashChanger.obj
 0001:00000f88       ?Release@?$CComContainedObject@VCOPOSCashChanger@@@ATL@@WLI@EAAKXZ 0000000180001f88 f i CashChanger.obj
 0001:00000f94       ?QueryInterface@?$CComContainedObject@VCOPOSCashChanger@@@ATL@@WMA@EAAJAEBU_GUID@@PEAPEAX@Z 0000000180001f94 f i CashChanger.obj
 0001:00000fa0       ?AddRef@?$CComContainedObject@VCOPOSCashChanger@@@ATL@@WMA@EAAKXZ 0000000180001fa0 f i CashChanger.obj
 0001:00000fac       ?Release@?$CComContainedObject@VCOPOSCashChanger@@@ATL@@WMA@EAAKXZ 0000000180001fac f i CashChanger.obj
 0001:00000fb8       ?QueryInterface@?$CComContainedObject@VCOPOSCashChanger@@@ATL@@WMI@EAAJAEBU_GUID@@PEAPEAX@Z 0000000180001fb8 f i CashChanger.obj
 0001:00000fc4       ?AddRef@?$CComContainedObject@VCOPOSCashChanger@@@ATL@@WMI@EAAKXZ 0000000180001fc4 f i CashChanger.obj
 0001:00000fd0       ?Release@?$CComContainedObject@VCOPOSCashChanger@@@ATL@@WMI@EAAKXZ 0000000180001fd0 f i CashChanger.obj
 0001:00000fdc       ?QueryInterface@?$CComContainedObject@VCOPOSCashChanger@@@ATL@@WNA@EAAJAEBU_GUID@@PEAPEAX@Z 0000000180001fdc f i CashChanger.obj
 0001:00000fe8       ?AddRef@?$CComContainedObject@VCOPOSCashChanger@@@ATL@@WNA@EAAKXZ 0000000180001fe8 f i CashChanger.obj
 0001:00000ff4       ?Release@?$CComContainedObject@VCOPOSCashChanger@@@ATL@@WNA@EAAKXZ 0000000180001ff4 f i CashChanger.obj
 0001:00001000       ?QueryInterface@?$CComContainedObject@VCOPOSCashChanger@@@ATL@@WNI@EAAJAEBU_GUID@@PEAPEAX@Z 0000000180002000 f i CashChanger.obj
 0001:0000100c       ?AddRef@?$CComContainedObject@VCOPOSCashChanger@@@ATL@@WNI@EAAKXZ 000000018000200c f i CashChanger.obj
 0001:00001018       ?Release@?$CComContainedObject@VCOPOSCashChanger@@@ATL@@WNI@EAAKXZ 0000000180002018 f i CashChanger.obj
 0001:00001024       ?QueryInterface@?$CComContainedObject@VCOPOSCashChanger@@@ATL@@WOA@EAAJAEBU_GUID@@PEAPEAX@Z 0000000180002024 f i CashChanger.obj
 0001:00001030       ?AddRef@?$CComContainedObject@VCOPOSCashChanger@@@ATL@@WOA@EAAKXZ 0000000180002030 f i CashChanger.obj
 0001:0000103c       ?Release@?$CComContainedObject@VCOPOSCashChanger@@@ATL@@WOA@EAAKXZ 000000018000203c f i CashChanger.obj
 0001:00001048       ?QueryInterface@?$CComContainedObject@VCOPOSCashChanger@@@ATL@@WOI@EAAJAEBU_GUID@@PEAPEAX@Z 0000000180002048 f i CashChanger.obj
 0001:00001054       ?AddRef@?$CComContainedObject@VCOPOSCashChanger@@@ATL@@WOI@EAAKXZ 0000000180002054 f i CashChanger.obj
 0001:00001060       ?Release@?$CComContainedObject@VCOPOSCashChanger@@@ATL@@WOI@EAAKXZ 0000000180002060 f i CashChanger.obj
 0001:0000106c       ?QueryInterface@?$CComContainedObject@VCOPOSCashChanger@@@ATL@@WPA@EAAJAEBU_GUID@@PEAPEAX@Z 000000018000206c f i CashChanger.obj
 0001:00001078       ?AddRef@?$CComContainedObject@VCOPOSCashChanger@@@ATL@@WPA@EAAKXZ 0000000180002078 f i CashChanger.obj
 0001:00001084       ?Release@?$CComContainedObject@VCOPOSCashChanger@@@ATL@@WPA@EAAKXZ 0000000180002084 f i CashChanger.obj
 0001:00001090       ?QueryInterface@?$CComContainedObject@VCOPOSCashChanger@@@ATL@@WPI@EAAJAEBU_GUID@@PEAPEAX@Z 0000000180002090 f i CashChanger.obj
 0001:0000109c       ?AddRef@?$CComContainedObject@VCOPOSCashChanger@@@ATL@@WPI@EAAKXZ 000000018000209c f i CashChanger.obj
 0001:000010a8       ?Release@?$CComContainedObject@VCOPOSCashChanger@@@ATL@@WPI@EAAKXZ 00000001800020a8 f i CashChanger.obj
 0001:000010b4       ?QueryInterface@?$CComContainedObject@VCOPOSCashChanger@@@ATL@@WBAA@EAAJAEBU_GUID@@PEAPEAX@Z 00000001800020b4 f i CashChanger.obj
 0001:000010c0       ?AddRef@?$CComContainedObject@VCOPOSCashChanger@@@ATL@@WBAA@EAAKXZ 00000001800020c0 f i CashChanger.obj
 0001:000010cc       ?Release@?$CComContainedObject@VCOPOSCashChanger@@@ATL@@WBAA@EAAKXZ 00000001800020cc f i CashChanger.obj
 0001:000010d8       ?QueryInterface@?$CComContainedObject@VCOPOSCashChanger@@@ATL@@WBAI@EAAJAEBU_GUID@@PEAPEAX@Z 00000001800020d8 f i CashChanger.obj
 0001:000010e4       ?AddRef@?$CComContainedObject@VCOPOSCashChanger@@@ATL@@WBAI@EAAKXZ 00000001800020e4 f i CashChanger.obj
 0001:000010f0       ?Release@?$CComContainedObject@VCOPOSCashChanger@@@ATL@@WBAI@EAAKXZ 00000001800020f0 f i CashChanger.obj
 0001:000010fc       ?QueryInterface@?$CComContainedObject@VCOPOSCashChanger@@@ATL@@WBBA@EAAJAEBU_GUID@@PEAPEAX@Z 00000001800020fc f i CashChanger.obj
 0001:00001108       ?AddRef@?$CComContainedObject@VCOPOSCashChanger@@@ATL@@WBBA@EAAKXZ 0000000180002108 f i CashChanger.obj
 0001:00001114       ?Release@?$CComContainedObject@VCOPOSCashChanger@@@ATL@@WBBA@EAAKXZ 0000000180002114 f i CashChanger.obj
 0001:00001120       ?QueryInterface@?$CComContainedObject@VCOPOSCashChanger@@@ATL@@WBBI@EAAJAEBU_GUID@@PEAPEAX@Z 0000000180002120 f i CashChanger.obj
 0001:0000112c       ?AddRef@?$CComContainedObject@VCOPOSCashChanger@@@ATL@@WBBI@EAAKXZ 000000018000212c f i CashChanger.obj
 0001:00001138       ?Release@?$CComContainedObject@VCOPOSCashChanger@@@ATL@@WBBI@EAAKXZ 0000000180002138 f i CashChanger.obj
 0001:00001144       ?AddRef@?$CComContainedObject@VCOPOSCashChanger@@@ATL@@WBCI@EAAKXZ 0000000180002144 f i CashChanger.obj
 0001:00001150       ?Release@?$CComContainedObject@VCOPOSCashChanger@@@ATL@@WBCI@EAAKXZ 0000000180002150 f i CashChanger.obj
 0001:0000115c       ?AddRef@?$CComContainedObject@VCOPOSCashChanger@@@ATL@@WBEA@EAAKXZ 000000018000215c f i CashChanger.obj
 0001:00001168       ?Release@?$CComContainedObject@VCOPOSCashChanger@@@ATL@@WBEA@EAAKXZ 0000000180002168 f i CashChanger.obj
 0001:00001174       ?GetWindowProc@?$CWindowImplBaseT@VCWindow@ATL@@V?$CWinTraits@$0FGAAAAAA@$0A@@2@@ATL@@UEAAP6A_JPEAUHWND__@@I_K_J@ZXZ 0000000180002174 f i CashChanger.obj
 0001:0000117c       ?StartWindowProc@?$CWindowImplBaseT@VCWindow@ATL@@V?$CWinTraits@$0FGAAAAAA@$0A@@2@@ATL@@SA_JPEAUHWND__@@I_K_J@Z 000000018000217c f i CashChanger.obj
 0001:00001230       ?GetTypeInfoCount@?$IDispatchImpl@UIOPOSCashChanger@@$1?IID_IOPOSCashChanger@@3U_GUID@@B$1?LIBID_OposCashChanger_CCO@@3U3@B$00$0A@VCComTypeInfoHolder@ATL@@@ATL@@UEAAJPEAI@Z 0000000180002230 f i CashChanger.obj
 0001:00001244       ?GetTypeInfo@?$IDispatchImpl@UIOPOSCashChanger@@$1?IID_IOPOSCashChanger@@3U_GUID@@B$1?LIBID_OposCashChanger_CCO@@3U3@B$00$0A@VCComTypeInfoHolder@ATL@@@ATL@@UEAAJIKPEAPEAUITypeInfo@@@Z 0000000180002244 f i CashChanger.obj
 0001:000012a8       ?GetIDsOfNames@?$IDispatchImpl@UIOPOSCashChanger@@$1?IID_IOPOSCashChanger@@3U_GUID@@B$1?LIBID_OposCashChanger_CCO@@3U3@B$00$0A@VCComTypeInfoHolder@ATL@@@ATL@@UEAAJAEBU_GUID@@PEAPEA_WIKPEAJ@Z 00000001800022a8 f i CashChanger.obj
 0001:000012b4       ?Invoke@?$IDispatchImpl@UIOPOSCashChanger@@$1?IID_IOPOSCashChanger@@3U_GUID@@B$1?LIBID_OposCashChanger_CCO@@3U3@B$00$0A@VCComTypeInfoHolder@ATL@@@ATL@@UEAAJJAEBU_GUID@@KGPEAUtagDISPPARAMS@@PEAUtagVARIANT@@PEAUtagEXCEPINFO@@PEAI@Z 00000001800022b4 f i CashChanger.obj
 0001:00001344       ?CreateControlWindow@?$CComControl@VCOPOSCashChanger@@V?$CWindowImpl@VCOPOSCashChanger@@VCWindow@ATL@@V?$CWinTraits@$0FGAAAAAA@$0A@@3@@ATL@@@ATL@@UEAAPEAUHWND__@@PEAU3@AEAUtagRECT@@@Z 0000000180002344 f i CashChanger.obj
 0001:0000137c       ?ControlQueryInterface@?$CComControl@VCOPOSCashChanger@@V?$CWindowImpl@VCOPOSCashChanger@@VCWindow@ATL@@V?$CWinTraits@$0FGAAAAAA@$0A@@3@@ATL@@@ATL@@UEAAJAEBU_GUID@@PEAPEAX@Z 000000018000237c f i CashChanger.obj
 0001:00001390       ?GetClassID@?$IPersistStorageImpl@VCOPOSCashChanger@@@ATL@@UEAAJPEAU_GUID@@@Z 0000000180002390 f i CashChanger.obj
 0001:00001390       ?GetClassID@?$IPersistStreamInitImpl@VCOPOSCashChanger@@@ATL@@UEAAJPEAU_GUID@@@Z 0000000180002390 f i CashChanger.obj
 0001:00001390       ?GetUserClassID@?$IOleObjectImpl@VCOPOSCashChanger@@@ATL@@UEAAJPEAU_GUID@@@Z 0000000180002390 f i CashChanger.obj
 0001:000013ac       ?IsDirty@?$IPersistStreamInitImpl@VCOPOSCashChanger@@@ATL@@UEAAJXZ 00000001800023ac f i CashChanger.obj
 0001:000013c8       ?Load@?$IPersistStreamInitImpl@VCOPOSCashChanger@@@ATL@@UEAAJPEAUIStream@@@Z 00000001800023c8 f i CashChanger.obj
 0001:000013e0       ?Save@?$IPersistStreamInitImpl@VCOPOSCashChanger@@@ATL@@UEAAJPEAUIStream@@H@Z 00000001800023e0 f i CashChanger.obj
 0001:000013f8       ?GetSizeMax@?$IPersistStreamInitImpl@VCOPOSCashChanger@@@ATL@@UEAAJPEAT_ULARGE_INTEGER@@@Z 00000001800023f8 f i CashChanger.obj
 0001:0000161c       ?InitNew@?$IPersistStreamInitImpl@VCOPOSCashChanger@@@ATL@@UEAAJXZ 000000018000261c f i CashChanger.obj
 0001:00001634       ?GetColorSet@?$IViewObjectExImpl@VCOPOSCashChanger@@@ATL@@UEAAJKJPEAXPEAUtagDVTARGETDEVICE@@PEAUHDC__@@PEAPEAUtagLOGPALETTE@@@Z 0000000180002634 f i CashChanger.obj
 0001:00001634       ?GetRect@?$IViewObjectExImpl@VCOPOSCashChanger@@@ATL@@UEAAJKPEAU_RECTL@@@Z 0000000180002634 f i CashChanger.obj
 0001:00001634       ?SetData@?$IDataObjectImpl@VCOPOSCashChanger@@@ATL@@UEAAJPEAUtagFORMATETC@@PEAUtagSTGMEDIUM@@H@Z 0000000180002634 f i CashChanger.obj
 0001:00001634       ?GetDataHere@?$IDataObjectImpl@VCOPOSCashChanger@@@ATL@@UEAAJPEAUtagFORMATETC@@PEAUtagSTGMEDIUM@@@Z 0000000180002634 f i CashChanger.obj
 0001:00001634       ?GetMoniker@?$IOleObjectImpl@VCOPOSCashChanger@@@ATL@@UEAAJKKPEAPEAUIMoniker@@@Z 0000000180002634 f i CashChanger.obj
 0001:00001634       ?GetCanonicalFormatEtc@?$IDataObjectImpl@VCOPOSCashChanger@@@ATL@@UEAAJPEAUtagFORMATETC@@0@Z 0000000180002634 f i CashChanger.obj
 0001:00001634       ?ContextSensitiveHelp@?$IOleInPlaceObjectWindowlessImpl@VCOPOSCashChanger@@@ATL@@UEAAJH@Z 0000000180002634 f i CashChanger.obj
 0001:00001634       ?QueryGetData@?$IDataObjectImpl@VCOPOSCashChanger@@@ATL@@UEAAJPEAUtagFORMATETC@@@Z 0000000180002634 f i CashChanger.obj
 0001:00001634       ?SetMoniker@?$IOleObjectImpl@VCOPOSCashChanger@@@ATL@@UEAAJKPEAUIMoniker@@@Z 0000000180002634 f i CashChanger.obj
 0001:00001634       ?OnMnemonic@?$IOleControlImpl@VCOPOSCashChanger@@@ATL@@UEAAJPEAUtagMSG@@@Z 0000000180002634 f i CashChanger.obj
 0001:00001634       ?ContextSensitiveHelp@?$IOleInPlaceActiveObjectImpl@VCOPOSCashChanger@@@ATL@@UEAAJH@Z 0000000180002634 f i CashChanger.obj
 0001:00001634       ?SOErrorDummy@COPOSCashChanger@@MEAAJJJJPEAJ@Z 0000000180002634 f i CashChanger.obj
 0001:00001634       ?GetClipboardData@?$IOleObjectImpl@VCOPOSCashChanger@@@ATL@@UEAAJKPEAPEAUIDataObject@@@Z 0000000180002634 f i CashChanger.obj
 0001:00001634       ?Freeze@?$IViewObjectExImpl@VCOPOSCashChanger@@@ATL@@UEAAJKJPEAXPEAK@Z 0000000180002634 f i CashChanger.obj
 0001:00001634       ?SOOutputCompleteDummy@COPOSCashChanger@@MEAAJJ@Z 0000000180002634 f i CashChanger.obj
 0001:00001634       ?GetDropTarget@?$IOleInPlaceObjectWindowlessImpl@VCOPOSCashChanger@@@ATL@@UEAAJPEAPEAUIDropTarget@@@Z 0000000180002634 f i CashChanger.obj
 0001:00001634       ?InitFromData@?$IOleObjectImpl@VCOPOSCashChanger@@@ATL@@UEAAJPEAUIDataObject@@HK@Z 0000000180002634 f i CashChanger.obj
 0001:00001634       ?ReactivateAndUndo@?$IOleInPlaceObjectWindowlessImpl@VCOPOSCashChanger@@@ATL@@UEAAJXZ 0000000180002634 f i CashChanger.obj
 0001:00001634       ?EnumFormatEtc@?$IDataObjectImpl@VCOPOSCashChanger@@@ATL@@UEAAJKPEAPEAUIEnumFORMATETC@@@Z 0000000180002634 f i CashChanger.obj
 0001:00001634       ?Unfreeze@?$IViewObjectExImpl@VCOPOSCashChanger@@@ATL@@UEAAJK@Z 0000000180002634 f i CashChanger.obj
 0001:00001634       ?QueryInterface@CRegObject@ATL@@UEAAJAEBU_GUID@@PEAPEAX@Z 0000000180002634 f i CashChanger.obj
 0001:00001634       ?SetColorScheme@?$IOleObjectImpl@VCOPOSCashChanger@@@ATL@@UEAAJPEAUtagLOGPALETTE@@@Z 0000000180002634 f i CashChanger.obj
 0001:00001634       ?GetControlInfo@?$IOleControlImpl@VCOPOSCashChanger@@@ATL@@UEAAJPEAUtagCONTROLINFO@@@Z 0000000180002634 f i CashChanger.obj
 0001:0000163c       ?SetClientSite@?$IOleObjectImpl@VCOPOSCashChanger@@@ATL@@UEAAJPEAUIOleClientSite@@@Z 000000018000263c f i CashChanger.obj
 0001:00001658       ?GetClientSite@?$IOleObjectImpl@VCOPOSCashChanger@@@ATL@@UEAAJPEAPEAUIOleClientSite@@@Z 0000000180002658 f i CashChanger.obj
 0001:000016a0       ?Close@?$IOleObjectImpl@VCOPOSCashChanger@@@ATL@@UEAAJK@Z 00000001800026a0 f i CashChanger.obj
 0001:000016bc       ?DoVerb@?$IOleObjectImpl@VCOPOSCashChanger@@@ATL@@UEAAJJPEAUtagMSG@@PEAUIOleClientSite@@JPEAUHWND__@@PEBUtagRECT@@@Z 00000001800026bc f i CashChanger.obj
 0001:00001860       ?EnumVerbs@?$IOleObjectImpl@VCOPOSCashChanger@@@ATL@@UEAAJPEAPEAUIEnumOLEVERB@@@Z 0000000180002860 f i CashChanger.obj
 0001:0000187c       ?GetUserType@?$IOleObjectImpl@VCOPOSCashChanger@@@ATL@@UEAAJKPEAPEA_W@Z 000000018000287c f i CashChanger.obj
 0001:0000188c       ?SetExtent@?$IOleObjectImpl@VCOPOSCashChanger@@@ATL@@UEAAJKPEAUtagSIZE@@@Z 000000018000288c f i CashChanger.obj
 0001:000018a8       ?GetExtent@?$IOleObjectImpl@VCOPOSCashChanger@@@ATL@@UEAAJKPEAUtagSIZE@@@Z 00000001800028a8 f i CashChanger.obj
 0001:000018d8       ?Advise@?$IOleObjectImpl@VCOPOSCashChanger@@@ATL@@UEAAJPEAUIAdviseSink@@PEAK@Z 00000001800028d8 f i CashChanger.obj
 0001:00001934       ?Unadvise@?$IOleObjectImpl@VCOPOSCashChanger@@@ATL@@UEAAJK@Z 0000000180002934 f i CashChanger.obj
 0001:0000196c       ?EnumAdvise@?$IOleObjectImpl@VCOPOSCashChanger@@@ATL@@UEAAJPEAPEAUIEnumSTATDATA@@@Z 000000018000296c f i CashChanger.obj
 0001:000019b4       ?GetMiscStatus@?$IOleObjectImpl@VCOPOSCashChanger@@@ATL@@UEAAJKPEAK@Z 00000001800029b4 f i CashChanger.obj
 0001:000019c4       ?GetWindow@?$IOleInPlaceActiveObjectImpl@VCOPOSCashChanger@@@ATL@@UEAAJPEAPEAUHWND__@@@Z 00000001800029c4 f i CashChanger.obj
 0001:00001a18       ?TranslateAcceleratorW@?$IOleInPlaceActiveObjectImpl@VCOPOSCashChanger@@@ATL@@UEAAJPEAUtagMSG@@@Z 0000000180002a18 f i CashChanger.obj
 0001:00001b0c       ?OnDocWindowActivate@?$IOleInPlaceActiveObjectImpl@VCOPOSCashChanger@@@ATL@@UEAAJH@Z 0000000180002b0c f i CashChanger.obj
 0001:00001b38       ?Draw@?$IViewObjectExImpl@VCOPOSCashChanger@@@ATL@@UEAAJKJPEAXPEAUtagDVTARGETDEVICE@@PEAUHDC__@@2PEBU_RECTL@@3P6AH_K@Z4@Z 0000000180002b38 f i CashChanger.obj
 0001:00001b9c       ?SetAdvise@?$IViewObjectExImpl@VCOPOSCashChanger@@@ATL@@UEAAJKKPEAUIAdviseSink@@@Z 0000000180002b9c f i CashChanger.obj
 0001:00001bf0       ?GetAdvise@?$IViewObjectExImpl@VCOPOSCashChanger@@@ATL@@UEAAJPEAK0PEAPEAUIAdviseSink@@@Z 0000000180002bf0 f i CashChanger.obj
 0001:00001c2c       ?GetExtent@?$IViewObjectExImpl@VCOPOSCashChanger@@@ATL@@UEAAJKJPEAUtagDVTARGETDEVICE@@PEAUtagSIZE@@@Z 0000000180002c2c f i CashChanger.obj
 0001:00001c5c       ?GetViewStatus@?$IViewObjectExImpl@VCOPOSCashChanger@@@ATL@@UEAAJPEAK@Z 0000000180002c5c f i CashChanger.obj
 0001:00001c70       ?QueryHitPoint@?$IViewObjectExImpl@VCOPOSCashChanger@@@ATL@@UEAAJKPEBUtagRECT@@UtagPOINT@@JPEAK@Z 0000000180002c70 f i CashChanger.obj
 0001:00001cb4       ?QueryHitRect@?$IViewObjectExImpl@VCOPOSCashChanger@@@ATL@@UEAAJKPEBUtagRECT@@0JPEAK@Z 0000000180002cb4 f i CashChanger.obj
 0001:00001d1c       ?GetNaturalExtent@?$IViewObjectExImpl@VCOPOSCashChanger@@@ATL@@UEAAJKJPEAUtagDVTARGETDEVICE@@PEAUHDC__@@PEAUtagExtentInfo@@PEAUtagSIZE@@@Z 0000000180002d1c f i CashChanger.obj
 0001:00001d64       ?GetWindow@?$IOleInPlaceObjectWindowlessImpl@VCOPOSCashChanger@@@ATL@@UEAAJPEAPEAUHWND__@@@Z 0000000180002d64 f i CashChanger.obj
 0001:00001db8       ?InPlaceDeactivate@?$IOleInPlaceObjectWindowlessImpl@VCOPOSCashChanger@@@ATL@@UEAAJXZ 0000000180002db8 f i CashChanger.obj
 0001:00001dd4       ?UIDeactivate@?$IOleInPlaceObjectWindowlessImpl@VCOPOSCashChanger@@@ATL@@UEAAJXZ 0000000180002dd4 f i CashChanger.obj
 0001:00001df0       ?SetObjectRects@?$IOleInPlaceObjectWindowlessImpl@VCOPOSCashChanger@@@ATL@@UEAAJPEBUtagRECT@@0@Z 0000000180002df0 f i CashChanger.obj
 0001:00001e0c       ?OnWindowMessage@?$IOleInPlaceObjectWindowlessImpl@VCOPOSCashChanger@@@ATL@@UEAAJI_K_JPEA_J@Z 0000000180002e0c f i CashChanger.obj
 0001:00001ed4       ?EnumConnectionPoints@?$IConnectionPointContainerImpl@VCOPOSCashChanger@@@ATL@@UEAAJPEAPEAUIEnumConnectionPoints@@@Z 0000000180002ed4 f i CashChanger.obj
 0001:0000211c       ?FindConnectionPoint@?$IConnectionPointContainerImpl@VCOPOSCashChanger@@@ATL@@UEAAJAEBU_GUID@@PEAPEAUIConnectionPoint@@@Z 000000018000311c f i CashChanger.obj
 0001:000021ec       ?IsDirty@?$IPersistStorageImpl@VCOPOSCashChanger@@@ATL@@UEAAJXZ 00000001800031ec f i CashChanger.obj
 0001:0000222c       ?InitNew@?$IPersistStorageImpl@VCOPOSCashChanger@@@ATL@@UEAAJPEAUIStorage@@@Z 000000018000322c f i CashChanger.obj
 0001:0000226c       ?Load@?$IPersistStorageImpl@VCOPOSCashChanger@@@ATL@@UEAAJPEAUIStorage@@@Z 000000018000326c f i CashChanger.obj
 0001:0000230c       ?Save@?$IPersistStorageImpl@VCOPOSCashChanger@@@ATL@@UEAAJPEAUIStorage@@H@Z 000000018000330c f i CashChanger.obj
 0001:000023bc       ?GetPages@?$ISpecifyPropertyPagesImpl@VCOPOSCashChanger@@@ATL@@UEAAJPEAUtagCAUUID@@@Z 00000001800033bc f i CashChanger.obj
 0001:000023c8       ?QuickActivate@?$IQuickActivateImpl@VCOPOSCashChanger@@@ATL@@UEAAJPEAUtagQACONTAINER@@PEAUtagQACONTROL@@@Z 00000001800033c8 f i CashChanger.obj
 0001:000023e4       ?SetContentExtent@?$IQuickActivateImpl@VCOPOSCashChanger@@@ATL@@UEAAJPEAUtagSIZE@@@Z 00000001800033e4 f i CashChanger.obj
 0001:00002418       ?GetContentExtent@?$IQuickActivateImpl@VCOPOSCashChanger@@@ATL@@UEAAJPEAUtagSIZE@@@Z 0000000180003418 f i CashChanger.obj
 0001:00002450       ?GetData@?$IDataObjectImpl@VCOPOSCashChanger@@@ATL@@UEAAJPEAUtagFORMATETC@@PEAUtagSTGMEDIUM@@@Z 0000000180003450 f i CashChanger.obj
 0001:0000246c       ?DAdvise@?$IDataObjectImpl@VCOPOSCashChanger@@@ATL@@UEAAJPEAUtagFORMATETC@@KPEAUIAdviseSink@@PEAK@Z 000000018000346c f i CashChanger.obj
 0001:000024f4       ?DUnadvise@?$IDataObjectImpl@VCOPOSCashChanger@@@ATL@@UEAAJK@Z 00000001800034f4 f i CashChanger.obj
 0001:00002520       ?EnumDAdvise@?$IDataObjectImpl@VCOPOSCashChanger@@@ATL@@UEAAJPEAPEAUIEnumSTATDATA@@@Z 0000000180003520 f i CashChanger.obj
 0001:0000255c       ?GetClassInfoW@?$IProvideClassInfo2Impl@$1?CLSID_OPOSCashChanger@@3U_GUID@@B$1?DIID__IOPOSCashChangerEvents@@3U2@B$1?LIBID_OposCashChanger_CCO@@3U2@B$00$0A@VCComTypeInfoHolder@ATL@@@ATL@@UEAAJPEAPEAUITypeInfo@@@Z 000000018000355c f i CashChanger.obj
 0001:000025b4       ?GetGUID@?$IProvideClassInfo2Impl@$1?CLSID_OPOSCashChanger@@3U_GUID@@B$1?DIID__IOPOSCashChangerEvents@@3U2@B$1?LIBID_OposCashChanger_CCO@@3U2@B$00$0A@VCComTypeInfoHolder@ATL@@@ATL@@UEAAJKPEAU_GUID@@@Z 00000001800035b4 f i CashChanger.obj
 0001:000025e8       _get_startup_argv_mode     00000001800035e8 f i LIBCMT:argv_mode.obj
 0001:000025e8       ?FAccessAllowed@?$IObjectSafetyImpl@VCOPOSCashChanger@@$02@ATL@@MEAAHXZ 00000001800035e8 f i CashChanger.obj
 0001:000025e8       ?AddRef@CRegObject@ATL@@UEAAKXZ 00000001800035e8 f i CashChanger.obj
 0001:000025f0       ?GetInterfaceSafetyOptions@?$IObjectSafetyImpl@VCOPOSCashChanger@@$02@ATL@@UEAAJAEBU_GUID@@PEAK1@Z 00000001800035f0 f i CashChanger.obj
 0001:00002684       ?SetInterfaceSafetyOptions@?$IObjectSafetyImpl@VCOPOSCashChanger@@$02@ATL@@UEAAJAEBU_GUID@@KK@Z 0000000180003684 f i CashChanger.obj
 0001:00002728       ?_LocCPQueryInterface@?$IConnectionPointImpl@VCOPOSCashChanger@@$1?DIID__IOPOSCashChangerEvents@@3U_GUID@@BVCComDynamicUnkArray@ATL@@@ATL@@UEAAJAEBU_GUID@@PEAPEAX@Z 0000000180003728 f i CashChanger.obj
 0001:00002728       ?_LocCPQueryInterface@?$IConnectionPointImpl@VCOPOSCashChanger@@$1?IID_IPropertyNotifySink@@3U_GUID@@BVCComDynamicUnkArray@ATL@@@ATL@@UEAAJAEBU_GUID@@PEAPEAX@Z 0000000180003728 f i CashChanger.obj
 0001:0000279c       ?GetConnectionInterface@?$IConnectionPointImpl@VCOPOSCashChanger@@$1?IID_IPropertyNotifySink@@3U_GUID@@BVCComDynamicUnkArray@ATL@@@ATL@@UEAAJPEAU_GUID@@@Z 000000018000379c f i CashChanger.obj
 0001:000027b8       ?GetConnectionPointContainer@?$IConnectionPointImpl@VCOPOSCashChanger@@$1?IID_IPropertyNotifySink@@3U_GUID@@BVCComDynamicUnkArray@ATL@@@ATL@@UEAAJPEAPEAUIConnectionPointContainer@@@Z 00000001800037b8 f i CashChanger.obj
 0001:000027d8       ?Advise@?$IConnectionPointImpl@VCOPOSCashChanger@@$1?DIID__IOPOSCashChangerEvents@@3U_GUID@@BVCComDynamicUnkArray@ATL@@@ATL@@UEAAJPEAUIUnknown@@PEAK@Z 00000001800037d8 f i CashChanger.obj
 0001:000027d8       ?Advise@?$IConnectionPointImpl@VCOPOSCashChanger@@$1?IID_IPropertyNotifySink@@3U_GUID@@BVCComDynamicUnkArray@ATL@@@ATL@@UEAAJPEAUIUnknown@@PEAK@Z 00000001800037d8 f i CashChanger.obj
 0001:00002894       ?Unadvise@?$IConnectionPointImpl@VCOPOSCashChanger@@$1?DIID__IOPOSCashChangerEvents@@3U_GUID@@BVCComDynamicUnkArray@ATL@@@ATL@@UEAAJK@Z 0000000180003894 f i CashChanger.obj
 0001:00002894       ?Unadvise@?$IConnectionPointImpl@VCOPOSCashChanger@@$1?IID_IPropertyNotifySink@@3U_GUID@@BVCComDynamicUnkArray@ATL@@@ATL@@UEAAJK@Z 0000000180003894 f i CashChanger.obj
 0001:000028fc       ?EnumConnections@?$IConnectionPointImpl@VCOPOSCashChanger@@$1?DIID__IOPOSCashChangerEvents@@3U_GUID@@BVCComDynamicUnkArray@ATL@@@ATL@@UEAAJPEAPEAUIEnumConnections@@@Z 00000001800038fc f i CashChanger.obj
 0001:000028fc       ?EnumConnections@?$IConnectionPointImpl@VCOPOSCashChanger@@$1?IID_IPropertyNotifySink@@3U_GUID@@BVCComDynamicUnkArray@ATL@@@ATL@@UEAAJPEAPEAUIEnumConnections@@@Z 00000001800038fc f i CashChanger.obj
 0001:00002a90       ?Lock@CAtlModule@ATL@@UEAAJXZ 0000000180003a90 f i CashChanger.obj
 0001:00002aa0       ?Unlock@CAtlModule@ATL@@UEAAJXZ 0000000180003aa0 f i CashChanger.obj
 0001:00002aac       ?GetLockCount@CAtlModule@ATL@@UEAAJXZ 0000000180003aac f i CashChanger.obj
 0001:00002ab0       ?GetConnectionInterface@?$IConnectionPointImpl@VCOPOSCashChanger@@$1?DIID__IOPOSCashChangerEvents@@3U_GUID@@BVCComDynamicUnkArray@ATL@@@ATL@@UEAAJPEAU_GUID@@@Z 0000000180003ab0 f i CashChanger.obj
 0001:00002acc       ?GetConnectionPointContainer@?$IConnectionPointImpl@VCOPOSCashChanger@@$1?DIID__IOPOSCashChangerEvents@@3U_GUID@@BVCComDynamicUnkArray@ATL@@@ATL@@UEAAJPEAPEAUIConnectionPointContainer@@@Z 0000000180003acc f i CashChanger.obj
 0001:00002aec       ?GetGITPtr@CAtlModule@ATL@@UEAAJPEAPEAUIGlobalInterfaceTable@@@Z 0000000180003aec f i CashChanger.obj
 0001:00002b5c       ?UpdateRegistry@COPOSCashChanger@@SAJH@Z 0000000180003b5c f i CashChanger.obj
 0001:00002b74       ?ProcessWindowMessage@COPOSCashChanger@@UEAAHPEAUHWND__@@I_K_JAEA_JK@Z 0000000180003b74 f i CashChanger.obj
 0001:00002c04       ?SOData@COPOSCashChanger@@MEAAJJ@Z 0000000180003c04 f i CashChanger.obj
 0001:00002c54       ?SODirectIO@COPOSCashChanger@@MEAAJJPEAJPEAPEA_W@Z 0000000180003c54 f i CashChanger.obj
 0001:00002ccc       ?SOStatusUpdate@COPOSCashChanger@@MEAAJJ@Z 0000000180003ccc f i CashChanger.obj
 0001:00002d1c       ?AddCommonRGSReplacements@?$CAtlModuleT@VCComModule@ATL@@@ATL@@UEAAJPEAUIRegistrarBase@@@Z 0000000180003d1c f i CashChanger.obj
 0001:00002d34       ?UpdateRegistryFromResourceD@CComModule@ATL@@UEAAJPEB_WHPEAU_ATL_REGMAP_ENTRY@2@@Z 0000000180003d34 f i CashChanger.obj
 0001:00002d34       ?UpdateRegistryFromResourceD@CComModule@ATL@@UEAAJIHPEAU_ATL_REGMAP_ENTRY@2@@Z 0000000180003d34 f i CashChanger.obj
 0001:00002d3c       ?UpdateRegistryFromResource@CComModule@ATL@@UEAAJPEB_WHPEAU_ATL_REGMAP_ENTRY@2@@Z 0000000180003d3c f i CashChanger.obj
 0001:00002d44       ?UpdateRegistryFromResource@CComModule@ATL@@UEAAJIHPEAU_ATL_REGMAP_ENTRY@2@@Z 0000000180003d44 f i CashChanger.obj
 0001:00002d4c       ??_GCComModule@ATL@@UEAAPEAXI@Z 0000000180003d4c f i CashChanger.obj
 0001:00002d4c       ??_ECComModule@ATL@@UEAAPEAXI@Z 0000000180003d4c f i CashChanger.obj
 0001:00002d8c       ?CreateInstance@?$CComCreator@V?$CComObjectCached@VCComClassFactory@ATL@@@ATL@@@ATL@@SAJPEAXAEBU_GUID@@PEAPEAX@Z 0000000180003d8c f i CashChanger.obj
 0001:00002eb0       ?CreateInstance@?$CComCreator2@V?$CComCreator@V?$CComObject@VCOPOSCashChanger@@@ATL@@@ATL@@V?$CComCreator@V?$CComAggObject@VCOPOSCashChanger@@@ATL@@@2@@ATL@@SAJPEAXAEBU_GUID@@PEAPEAX@Z 0000000180003eb0 f i CashChanger.obj
 0001:00002ec0       ?AddRef@?$CComObjectCached@VCComClassFactory@ATL@@@ATL@@UEAAKXZ 0000000180003ec0 f i CashChanger.obj
 0001:00002eec       ?Release@?$CComObjectCached@VCComClassFactory@ATL@@@ATL@@UEAAKXZ 0000000180003eec f i CashChanger.obj
 0001:00002f2c       ?QueryInterface@?$CComObjectCached@VCComClassFactory@ATL@@@ATL@@UEAAJAEBU_GUID@@PEAPEAX@Z 0000000180003f2c f i CashChanger.obj
 0001:00002f40       ??_G?$CComObjectCached@VCComClassFactory@ATL@@@ATL@@UEAAPEAXI@Z 0000000180003f40 f i CashChanger.obj
 0001:00002f40       ??_E?$CComObjectCached@VCComClassFactory@ATL@@@ATL@@UEAAPEAXI@Z 0000000180003f40 f i CashChanger.obj
 0001:00002f98       ?Next@?$CComEnumImpl@UIEnumConnectionPoints@@$1?_GUID_b196b285_bab4_101a_b69c_00aa00341d07@@3U__s_GUID@@BPEAUIConnectionPoint@@V?$_CopyInterface@UIConnectionPoint@@@ATL@@@ATL@@UEAAJKPEAPEAUIConnectionPoint@@PEAK@Z 0000000180003f98 f i CashChanger.obj
 0001:0000305c       ?Skip@?$CComEnumImpl@UIEnumConnectionPoints@@$1?_GUID_b196b285_bab4_101a_b69c_00aa00341d07@@3U__s_GUID@@BPEAUIConnectionPoint@@V?$_CopyInterface@UIConnectionPoint@@@ATL@@@ATL@@UEAAJK@Z 000000018000405c f i CashChanger.obj
 0001:00003088       ?Clone@?$CComEnumImpl@UIEnumConnectionPoints@@$1?_GUID_b196b285_bab4_101a_b69c_00aa00341d07@@3U__s_GUID@@BPEAUIConnectionPoint@@V?$_CopyInterface@UIConnectionPoint@@@ATL@@@ATL@@UEAAJPEAPEAUIEnumConnectionPoints@@@Z 0000000180004088 f i CashChanger.obj
 0001:000031b4       ?QueryInterface@?$CComObject@V?$CComEnum@UIEnumConnectionPoints@@$1?_GUID_b196b285_bab4_101a_b69c_00aa00341d07@@3U__s_GUID@@BPEAUIConnectionPoint@@V?$_CopyInterface@UIConnectionPoint@@@ATL@@VCComSingleThreadModel@6@@ATL@@@ATL@@UEAAJAEBU_GUID@@PEAPEAX@Z 00000001800041b4 f i CashChanger.obj
 0001:000031c8       ??_E?$CComObject@V?$CComEnum@UIEnumConnectionPoints@@$1?_GUID_b196b285_bab4_101a_b69c_00aa00341d07@@3U__s_GUID@@BPEAUIConnectionPoint@@V?$_CopyInterface@UIConnectionPoint@@@ATL@@VCComSingleThreadModel@6@@ATL@@@ATL@@UEAAPEAXI@Z 00000001800041c8 f i CashChanger.obj
 0001:000031c8       ??_G?$CComObject@V?$CComEnum@UIEnumConnectionPoints@@$1?_GUID_b196b285_bab4_101a_b69c_00aa00341d07@@3U__s_GUID@@BPEAUIConnectionPoint@@V?$_CopyInterface@UIConnectionPoint@@@ATL@@VCComSingleThreadModel@6@@ATL@@@ATL@@UEAAPEAXI@Z 00000001800041c8 f i CashChanger.obj
 0001:00003220       ?AddReplacement@CRegObject@ATL@@UEAAJPEB_W0@Z 0000000180004220 f i CashChanger.obj
 0001:00003250       ?ClearReplacements@CRegObject@ATL@@UEAAJXZ 0000000180004250 f i CashChanger.obj
 0001:0000325c       ??_ECRegObject@ATL@@UEAAPEAXI@Z 000000018000425c f i CashChanger.obj
 0001:0000325c       ??_GCRegObject@ATL@@UEAAPEAXI@Z 000000018000425c f i CashChanger.obj
 0001:000032dc       ?AddRef@?$CComAggObject@VCOPOSCashChanger@@@ATL@@UEAAKXZ 00000001800042dc f i CashChanger.obj
 0001:000032e8       ?Release@?$CComAggObject@VCOPOSCashChanger@@@ATL@@UEAAKXZ 00000001800042e8 f i CashChanger.obj
 0001:0000333c       ?QueryInterface@?$CComAggObject@VCOPOSCashChanger@@@ATL@@UEAAJAEBU_GUID@@PEAPEAX@Z 000000018000433c f i CashChanger.obj
 0001:0000339c       ?AddRef@?$CComContainedObject@VCOPOSCashChanger@@@ATL@@UEAAKXZ 000000018000439c f i CashChanger.obj
 0001:000033ac       ?Release@?$CComContainedObject@VCOPOSCashChanger@@@ATL@@UEAAKXZ 00000001800043ac f i CashChanger.obj
 0001:000033bc       ?QueryInterface@?$CComContainedObject@VCOPOSCashChanger@@@ATL@@UEAAJAEBU_GUID@@PEAPEAX@Z 00000001800043bc f i CashChanger.obj
 0001:000033cc       ??_G?$CComAggObject@VCOPOSCashChanger@@@ATL@@UEAAPEAXI@Z 00000001800043cc f i CashChanger.obj
 0001:000033cc       ??_E?$CComAggObject@VCOPOSCashChanger@@@ATL@@UEAAPEAXI@Z 00000001800043cc f i CashChanger.obj
 0001:00003424       ?AddRef@?$CComObject@VCOPOSCashChanger@@@ATL@@UEAAKXZ 0000000180004424 f i CashChanger.obj
 0001:00003434       ?Release@?$CComObject@VCOPOSCashChanger@@@ATL@@UEAAKXZ 0000000180004434 f i CashChanger.obj
 0001:0000348c       ?QueryInterface@?$CComObject@VCOPOSCashChanger@@@ATL@@UEAAJAEBU_GUID@@PEAPEAX@Z 000000018000448c f i CashChanger.obj
 0001:000034a0       ?OnDrawAdvanced@CComControlBase@ATL@@UEAAJAEAUATL_DRAWINFO@@@Z 00000001800044a0 f i CashChanger.obj
 0001:0000362c       ??$AtlModuleRegisterWndClassInfoT@VAtlModuleRegisterWndClassInfoParamW@ATL@@@ATL@@YAGPEAU_ATL_BASE_MODULE70@0@PEAU_ATL_WIN_MODULE70@0@PEAU_ATL_WNDCLASSINFOW@0@PEAP6A_JPEAUHWND__@@I_K_J@ZVAtlModuleRegisterWndClassInfoParamW@0@@Z 000000018000462c f i CashChanger.obj
 0001:0000382c       ??0?$CComContainedObject@VCOPOSCashChanger@@@ATL@@QEAA@PEAX@Z 000000018000482c f i CashChanger.obj
 0001:00003948       ??0?$CComObject@VCOPOSCashChanger@@@ATL@@QEAA@PEAX@Z 0000000180004948 f i CashChanger.obj
 0001:00003a60       ??0CAtlModule@ATL@@QEAA@XZ 0000000180004a60 f i CashChanger.obj
 0001:00003ad4       ??1?$CComEnumImpl@UIEnumConnectionPoints@@$1?_GUID_b196b285_bab4_101a_b69c_00aa00341d07@@3U__s_GUID@@BPEAUIConnectionPoint@@V?$_CopyInterface@UIConnectionPoint@@@ATL@@@ATL@@UEAA@XZ 0000000180004ad4 f i CashChanger.obj
 0001:00003b2c       ??1?$CComEnumImpl@UIEnumConnections@@$1?_GUID_b196b287_bab4_101a_b69c_00aa00341d07@@3U__s_GUID@@BUtagCONNECTDATA@@V?$_Copy@UtagCONNECTDATA@@@ATL@@@ATL@@UEAA@XZ 0000000180004b2c f i CashChanger.obj
 0001:00003b84       ??1?$CComObject@VCOPOSCashChanger@@@ATL@@UEAA@XZ 0000000180004b84 f i CashChanger.obj
 0001:00003ca4       ??_G?$CComContainedObject@VCOPOSCashChanger@@@ATL@@UEAAPEAXI@Z 0000000180004ca4 f i CashChanger.obj
 0001:00003ca4       ??_E?$CComContainedObject@VCOPOSCashChanger@@@ATL@@UEAAPEAXI@Z 0000000180004ca4 f i CashChanger.obj
 0001:00003cd8       ??_G?$CComObject@VCOPOSCashChanger@@@ATL@@UEAAPEAXI@Z 0000000180004cd8 f i CashChanger.obj
 0001:00003cd8       ??_E?$CComObject@VCOPOSCashChanger@@@ATL@@UEAAPEAXI@Z 0000000180004cd8 f i CashChanger.obj
 0001:00003d0c       ?Add@?$CSimpleArray@GV?$CSimpleArrayEqualHelper@G@ATL@@@ATL@@QEAAHAEBG@Z 0000000180004d0c f i CashChanger.obj
 0001:00003dac       ?Add@?$CSimpleMap@PEA_WPEA_WVCExpansionVectorEqualHelper@ATL@@@ATL@@QEAAHAEBQEA_W0@Z 0000000180004dac f i CashChanger.obj
 0001:00003e48       ?Add@CComDynamicUnkArray@ATL@@QEAAKPEAUIUnknown@@@Z 0000000180004e48 f i CashChanger.obj
 0001:00003f2c       ?Add@CExpansionVector@ATL@@QEAAHPEB_W0@Z 0000000180004f2c f i CashChanger.obj
 0001:00004060       ?AddTermFunc@CAtlModule@ATL@@QEAAJP6AX_K@Z0@Z 0000000180005060 f i CashChanger.obj
 0001:000040fc       ?AddValue@CRegParser@ATL@@IEAAJAEAVCRegKey@2@PEB_WPEA_W@Z 00000001800050fc f i CashChanger.obj
 0001:0000450c       ?AllocateHeap@?$CTempBuffer@E$0BAA@VCCRTAllocator@ATL@@@ATL@@AEAAX_K@Z 000000018000550c f i CashChanger.obj
 0001:0000450c       ?AllocateHeap@?$CTempBuffer@_W$0EAA@VCCRTAllocator@ATL@@@ATL@@AEAAX_K@Z 000000018000550c f i CashChanger.obj
 0001:0000450c       ?AllocateHeap@?$CTempBuffer@_W$0BAA@VCCRTAllocator@ATL@@@ATL@@AEAAX_K@Z 000000018000550c f i CashChanger.obj
 0001:00004538       ?Append@CParseBuffer@CRegParser@ATL@@QEAAHPEB_WH@Z 0000000180005538 f i CashChanger.obj
 0001:0000466c       ?AtlComModuleGetClassObject@ATL@@YAJPEAU_ATL_COM_MODULE70@1@AEBU_GUID@@1PEAPEAX@Z 000000018000566c f i CashChanger.obj
 0001:000047a8       ?AtlComModuleRegisterServer@ATL@@YAJPEAU_ATL_COM_MODULE70@1@HPEBU_GUID@@@Z 00000001800057a8 f i CashChanger.obj
 0001:00004868       ?AtlComModuleUnregisterServer@ATL@@YAJPEAU_ATL_COM_MODULE70@1@HPEBU_GUID@@@Z 0000000180005868 f i CashChanger.obj
 0001:00004924       ?AtlHiMetricToPixel@ATL@@YAXPEBUtagSIZE@@PEAU2@@Z 0000000180005924 f i CashChanger.obj
 0001:000049d4       ?AtlHresultFromLastError@ATL@@YAJXZ 00000001800059d4 f i CashChanger.obj
 0001:000049f4       ?AtlHresultFromWin32@ATL@@YAJK@Z 00000001800059f4 f i CashChanger.obj
 0001:00004a04       ?AtlInternalOleLoadFromStream@ATL@@YAJPEAUIStream@@AEBU_GUID@@PEAPEAXTClassesAllowedInStream@1@K@Z 0000000180005a04 f i CashChanger.obj
 0001:00004b54       ?AtlInternalQueryInterface@ATL@@YAJPEAXPEBU_ATL_INTMAP_ENTRY@1@AEBU_GUID@@PEAPEAX@Z 0000000180005b54 f i CashChanger.obj
 0001:00004c5c       ?AtlLoadTypeLib@ATL@@YAJPEAUHINSTANCE__@@PEB_WPEAPEA_WPEAPEAUITypeLib@@@Z 0000000180005c5c f i CashChanger.obj
 0001:00004eb8       ?AtlRegisterClassCategoriesHelper@ATL@@YAJAEBU_GUID@@PEBU_ATL_CATMAP_ENTRY@1@H@Z 0000000180005eb8 f i CashChanger.obj
 0001:0000533c       ?AtlRegisterTypeLib@ATL@@YAJPEAUHINSTANCE__@@PEB_W@Z 000000018000633c f i CashChanger.obj
 0001:00005538       ?AtlThrowImpl@ATL@@YAXJ@Z  0000000180006538 f i CashChanger.obj
 0001:0000555c       ?AtlUnRegisterTypeLib@ATL@@YAJPEAUHINSTANCE__@@PEB_W@Z 000000018000655c f i CashChanger.obj
 0001:00005624       ?AtlWinModuleExtractCreateWndData@ATL@@YAPEAXPEAU_ATL_WIN_MODULE70@1@@Z 0000000180006624 f i CashChanger.obj
 0001:000056b0       ?ChToByte@CRegParser@ATL@@KAE_W@Z 00000001800066b0 f i CashChanger.obj
 0001:0000573c       ?Cleanup@CComTypeInfoHolder@ATL@@SAX_K@Z 000000018000673c f i CashChanger.obj
 0001:0000577c       ?ClearReplacements@CExpansionVector@ATL@@QEAAJXZ 000000018000677c f i CashChanger.obj
 0001:00005818       ?CreateInstance@?$CComCreator@V?$CComAggObject@VCOPOSCashChanger@@@ATL@@@ATL@@SAJPEAXAEBU_GUID@@PEAPEAX@Z 0000000180006818 f i CashChanger.obj
 0001:000058fc       ?CreateInstance@?$CComCreator@V?$CComObject@VCOPOSCashChanger@@@ATL@@@ATL@@SAJPEAXAEBU_GUID@@PEAPEAX@Z 00000001800068fc f i CashChanger.obj
 0001:000059bc       ?CreateInstance@?$CComObject@V?$CComEnum@UIEnumConnectionPoints@@$1?_GUID_b196b285_bab4_101a_b69c_00aa00341d07@@3U__s_GUID@@BPEAUIConnectionPoint@@V?$_CopyInterface@UIConnectionPoint@@@ATL@@VCComSingleThreadModel@6@@ATL@@@ATL@@SAJPEAPEAV12@@Z 00000001800069bc f i CashChanger.obj
 0001:00005a4c       ?CreateInstance@?$CComObject@V?$CComEnum@UIEnumConnections@@$1?_GUID_b196b287_bab4_101a_b69c_00aa00341d07@@3U__s_GUID@@BUtagCONNECTDATA@@V?$_Copy@UtagCONNECTDATA@@@ATL@@VCComSingleThreadModel@6@@ATL@@@ATL@@SAJPEAPEAV12@@Z 0000000180006a4c f i CashChanger.obj
 0001:00005adc       ?DefaultReflectionHandler@?$CWindowImplRoot@VCWindow@ATL@@@ATL@@SAHPEAUHWND__@@I_K_JAEA_J@Z 0000000180006adc f i CashChanger.obj
 0001:00005b70       ?DeleteSubKey@CRegKey@ATL@@QEAAJPEB_W@Z 0000000180006b70 f i CashChanger.obj
 0001:00005c08       ?DoEvent@COPOSCashChanger@@IEAAXI_K_J@Z 0000000180006c08 f i CashChanger.obj
 0001:00005cbc       ?DoVerbPrimary@?$IOleObjectImpl@VCOPOSCashChanger@@@ATL@@QEAAJPEBUtagRECT@@PEAUHWND__@@@Z 0000000180006cbc f i CashChanger.obj
 0001:00005de8       ?DoVerbProperties@CComControlBase@ATL@@QEAAJPEBUtagRECT@@PEAUHWND__@@@Z 0000000180006de8 f i CashChanger.obj
 0001:00006010       ?FireTheEvent@?$CProxy_IOPOSEvents@VCOPOSCashChanger@@@@IEAAXPEAVOposVariant@@IAEAJPEB_WJ@Z 0000000180007010 f i CashChanger.obj
 0001:000060fc       ?FireViewChange@CComControlBase@ATL@@QEAAJXZ 00000001800070fc f i CashChanger.obj
 0001:00006160       ?Fire_DataEvent@?$CProxy_IOPOSEvents@VCOPOSCashChanger@@@@QEAAXJ@Z 0000000180007160 f i CashChanger.obj
 0001:0000624c       ?Fire_DirectIOEvent@?$CProxy_IOPOSEvents@VCOPOSCashChanger@@@@QEAAXJPEAJPEAPEA_W@Z 000000018000724c f i CashChanger.obj
 0001:000063ac       ?Fire_StatusUpdateEvent@?$CProxy_IOPOSEvents@VCOPOSCashChanger@@@@QEAAXJ@Z 00000001800073ac f i CashChanger.obj
 0001:00006498       ?FreeHeap@?$CTempBuffer@E$0BAA@VCCRTAllocator@ATL@@@ATL@@AEAAXXZ 0000000180007498 f i CashChanger.obj
 0001:00006498       ?FreeHeap@?$CTempBuffer@_W$0EAA@VCCRTAllocator@ATL@@@ATL@@AEAAXXZ 0000000180007498 f i CashChanger.obj
 0001:00006498       ?FreeHeap@?$CTempBuffer@_W$0BAA@VCCRTAllocator@ATL@@@ATL@@AEAAXXZ 0000000180007498 f i CashChanger.obj
 0001:000064a0       ?GetAmbientLocaleID@CComControlBase@ATL@@QEAAJAEAK@Z 00000001800074a0 f i CashChanger.obj
 0001:00006560       ?GetAmbientUserMode@CComControlBase@ATL@@QEAAJAEAH@Z 0000000180007560 f i CashChanger.obj
 0001:00006630       ?GetClassObject@CComModule@ATL@@QEAAJAEBU_GUID@@0PEAPEAX@Z 0000000180007630 f i CashChanger.obj
 0001:00006724       ?GetConnMap@COPOSCashChanger@@SAPEBU_ATL_CONNMAP_ENTRY@ATL@@PEAH@Z 0000000180007724 f i CashChanger.obj
 0001:000067ac       ?GetIDsOfNames@CComTypeInfoHolder@ATL@@QEAAJAEBU_GUID@@PEAPEA_WIKPEAJ@Z 00000001800077ac f i CashChanger.obj
 0001:0000691c       ?GetPagesHelper@?$ISpecifyPropertyPagesImpl@VCOPOSCashChanger@@@ATL@@IEAAJPEAUtagCAUUID@@PEBUATL_PROPMAP_ENTRY@2@@Z 000000018000791c f i CashChanger.obj
 0001:00006abc       ?GetSizeMax@CComVariant@ATL@@QEBAJPEAT_ULARGE_INTEGER@@@Z 0000000180007abc f i CashChanger.obj
 0001:00006cec       ?GetTI@CComTypeInfoHolder@ATL@@QEAAJK@Z 0000000180007cec f i CashChanger.obj
 0001:00006fd0       ?GetZoomInfo@CComControlBase@ATL@@QEAAXAEAUATL_DRAWINFO@@@Z 0000000180007fd0 f i CashChanger.obj
 0001:00007074       ?HKeyFromString@CRegParser@ATL@@KAPEAUHKEY__@@PEA_W@Z 0000000180008074 f i CashChanger.obj
 0001:000070d8       ?IDataObject_GetData@CComControlBase@ATL@@QEAAJPEAUtagFORMATETC@@PEAUtagSTGMEDIUM@@@Z 00000001800080d8 f i CashChanger.obj
 0001:000072cc       ?IOleInPlaceObject_InPlaceDeactivate@CComControlBase@ATL@@QEAAJXZ 00000001800082cc f i CashChanger.obj
 0001:0000736c       ?IOleInPlaceObject_SetObjectRects@CComControlBase@ATL@@QEAAJPEBUtagRECT@@0@Z 000000018000836c f i CashChanger.obj
 0001:0000745c       ?IOleInPlaceObject_UIDeactivate@CComControlBase@ATL@@QEAAJXZ 000000018000845c f i CashChanger.obj
 0001:00007568       ?IOleObject_Close@CComControlBase@ATL@@QEAAJK@Z 0000000180008568 f i CashChanger.obj
 0001:00007680       ?IOleObject_SetClientSite@CComControlBase@ATL@@QEAAJPEAUIOleClientSite@@@Z 0000000180008680 f i CashChanger.obj
 0001:000076f4       ?IOleObject_SetExtent@CComControlBase@ATL@@QEAAJKPEAUtagSIZE@@@Z 00000001800086f4 f i CashChanger.obj
 0001:0000778c       ?IPSI_GetIPersistStreamInit@?$IPersistStorageImpl@VCOPOSCashChanger@@@ATL@@AEAAPEAUIPersistStreamInit@@XZ 000000018000878c f i CashChanger.obj
 0001:00007874       ?IPersistStreamInit_Load@?$IPersistStreamInitImpl@VCOPOSCashChanger@@@ATL@@QEAAJPEAUIStream@@PEBUATL_PROPMAP_ENTRY@2@@Z 0000000180008874 f i CashChanger.obj
 0001:00007b9c       ?IPersistStreamInit_Save@?$IPersistStreamInitImpl@VCOPOSCashChanger@@@ATL@@QEAAJPEAUIStream@@HPEBUATL_PROPMAP_ENTRY@2@@Z 0000000180008b9c f i CashChanger.obj
 0001:00007e38       ?IQuickActivate_QuickActivate@CComControlBase@ATL@@QEAAJPEAUtagQACONTAINER@@PEAUtagQACONTROL@@@Z 0000000180008e38 f i CashChanger.obj
 0001:000080fc       ?IViewObject_Draw@CComControlBase@ATL@@QEAAJKJPEAXPEAUtagDVTARGETDEVICE@@PEAUHDC__@@2PEBU_RECTL@@3@Z 00000001800090fc f i CashChanger.obj
 0001:00008210       ?InPlaceActivate@CComControlBase@ATL@@QEAAJJPEBUtagRECT@@@Z 0000000180009210 f i CashChanger.obj
 0001:00008540       ?Init@?$CComEnumImpl@UIEnumConnectionPoints@@$1?_GUID_b196b285_bab4_101a_b69c_00aa00341d07@@3U__s_GUID@@BPEAUIConnectionPoint@@V?$_CopyInterface@UIConnectionPoint@@@ATL@@@ATL@@QEAAJPEAPEAUIConnectionPoint@@0PEAUIUnknown@@W4CComEnumFlags@2@@Z 0000000180009540 f i CashChanger.obj
 0001:0000865c       ?Init@?$CComEnumImpl@UIEnumConnections@@$1?_GUID_b196b287_bab4_101a_b69c_00aa00341d07@@3U__s_GUID@@BUtagCONNECTDATA@@V?$_Copy@UtagCONNECTDATA@@@ATL@@@ATL@@QEAAJPEAUtagCONNECTDATA@@0PEAUIUnknown@@W4CComEnumFlags@2@@Z 000000018000965c f i CashChanger.obj
 0001:0000877c       ?IsEqualObject@?$CComPtrBase@UIOleClientSite@@@ATL@@QEAA_NPEAUIUnknown@@@Z 000000018000977c f i CashChanger.obj
 0001:00008808       ?LoadNameCache@CComTypeInfoHolder@ATL@@QEAAJPEAUITypeInfo@@@Z 0000000180009808 f i CashChanger.obj
 0001:00008998       ?Lookup@?$CSimpleMap@PEA_WPEA_WVCExpansionVectorEqualHelper@ATL@@@ATL@@QEBAPEA_WAEBQEA_W@Z 0000000180009998 f i CashChanger.obj
 0001:00008a20       ?NextToken@CRegParser@ATL@@IEAAJPEA_W@Z 0000000180009a20 f i CashChanger.obj
 0001:00008bbc       ?OnKillFocus@CComControlBase@ATL@@QEAA_JI_K_JAEAH@Z 0000000180009bbc f i CashChanger.obj
 0001:00008c58       ?OnMouseActivate@CComControlBase@ATL@@QEAA_JI_K_JAEAH@Z 0000000180009c58 f i CashChanger.obj
 0001:00008cf8       ?OnPaint@CComControlBase@ATL@@QEAA_JI_K_JAEAH@Z 0000000180009cf8 f i CashChanger.obj
 0001:00008de4       ?OnSetFocus@CComControlBase@ATL@@QEAA_JI_K_JAEAH@Z 0000000180009de4 f i CashChanger.obj
 0001:00008eec       ?PreProcessBuffer@CRegParser@ATL@@QEAAJPEA_WPEAPEA_W@Z 0000000180009eec f i CashChanger.obj
 0001:00009274       ?ProcessWindowMessage@?$CComControl@VCOPOSCashChanger@@V?$CWindowImpl@VCOPOSCashChanger@@VCWindow@ATL@@V?$CWinTraits@$0FGAAAAAA@$0A@@3@@ATL@@@ATL@@UEAAHPEAUHWND__@@I_K_JAEA_JK@Z 000000018000a274 f i CashChanger.obj
 0001:00009360       ?ReadFromStream@CComBSTR@ATL@@QEAAJPEAUIStream@@@Z 000000018000a360 f i CashChanger.obj
 0001:000094b0       ?ReadFromStream@CComVariant@ATL@@QEAAJPEAUIStream@@GTClassesAllowedInStream@2@K@Z 000000018000a4b0 f i CashChanger.obj
 0001:000096f4       ?RecurseDeleteKey@CRegKey@ATL@@QEAAJPEB_W@Z 000000018000a6f4 f i CashChanger.obj
 0001:0000984c       ?RegCreateKeyExW@CAtlTransactionManager@ATL@@QEAAJPEAUHKEY__@@PEB_WKPEA_WKKQEAU_SECURITY_ATTRIBUTES@@PEAPEAU3@PEAK@Z 000000018000a84c f i CashChanger.obj
 0001:00009980       ?RegDeleteKeyW@CAtlTransactionManager@ATL@@QEAAJPEAUHKEY__@@PEB_W@Z 000000018000a980 f i CashChanger.obj
 0001:00009a0c       ?RegOpenKeyExW@CAtlTransactionManager@ATL@@QEAAJPEAUHKEY__@@PEB_WKKPEAPEAU3@@Z 000000018000aa0c f i CashChanger.obj
 0001:00009ac4       ?RegisterBuffer@CRegParser@ATL@@QEAAJPEA_WH@Z 000000018000aac4 f i CashChanger.obj
 0001:00009c30       ?RegisterFromResource@CRegObject@ATL@@IEAAJPEB_W00H@Z 000000018000ac30 f i CashChanger.obj
 0001:00009dec       ?RegisterServer@CComModule@ATL@@QEAAJHPEBU_GUID@@@Z 000000018000adec f i CashChanger.obj
 0001:00009ea8       ?RegisterSubkeys@CRegParser@ATL@@IEAAJPEA_WPEAUHKEY__@@HH@Z 000000018000aea8 f i CashChanger.obj
 0001:0000a728       ?SendOnDataChange@CComControlBase@ATL@@QEAAJK@Z 000000018000b728 f i CashChanger.obj
 0001:0000a798       ?SetControlFocus@CComControlBase@ATL@@QEAAHH@Z 000000018000b798 f i CashChanger.obj
 0001:0000a868       ?SkipAssignment@CRegParser@ATL@@IEAAJPEA_W@Z 000000018000b868 f i CashChanger.obj
 0001:0000a920       ?Term@CAtlModule@ATL@@QEAAXXZ 000000018000b920 f i CashChanger.obj
 0001:0000a9d8       ?Term@CComModule@ATL@@QEAAXXZ 000000018000b9d8 f i CashChanger.obj
 0001:0000aa54       ?UnregisterServer@CComModule@ATL@@QEAAJHPEBU_GUID@@@Z 000000018000ba54 f i CashChanger.obj
 0001:0000ab04       ?UpdateRegistryFromResource@CAtlModule@ATL@@QEAAJIHPEAU_ATL_REGMAP_ENTRY@2@@Z 000000018000bb04 f i CashChanger.obj
 0001:0000ae10       ?UpdateRegistryFromResource@CAtlModule@ATL@@QEAAJPEB_WHPEAU_ATL_REGMAP_ENTRY@2@@Z 000000018000be10 f i CashChanger.obj
 0001:0000b134       ?VTFromRegType@CRegParser@ATL@@KAHPEB_WAEAG@Z 000000018000c134 f i CashChanger.obj
 0001:0000b1d0       ?WindowProc@?$CWindowImplBaseT@VCWindow@ATL@@V?$CWinTraits@$0FGAAAAAA@$0A@@2@@ATL@@SA_JPEAUHWND__@@I_K_J@Z 000000018000c1d0 f i CashChanger.obj
 0001:0000b33c       ?WriteToStream@CComVariant@ATL@@QEAAJPEAUIStream@@@Z 000000018000c33c f i CashChanger.obj
 0001:0000b5a8       ?WriteToStream@CComVariant@ATL@@QEAAJPEAUIStream@@G@Z 000000018000c5a8 f i CashChanger.obj
 0001:0000b640       ?_AtlVerifyStackAvailable@_ATL_SAFE_ALLOCA_IMPL@ATL@@YA_N_K@Z 000000018000c640 f i CashChanger.obj
 0001:0000b6c4       ?atlCreate@?$CWindowImpl@VCOPOSCashChanger@@VCWindow@ATL@@V?$CWinTraits@$0FGAAAAAA@$0A@@3@@ATL@@QEAAPEAUHWND__@@PEAU3@V_U_RECT@2@PEB_WKKV_U_MENUorID@2@PEAX@Z 000000018000c6c4 f i CashChanger.obj
 0001:0000b780       ?atlCreate@?$CWindowImplBaseT@VCWindow@ATL@@V?$CWinTraits@$0FGAAAAAA@$0A@@2@@ATL@@QEAAPEAUHWND__@@PEAU3@V_U_RECT@2@PEB_WKKV_U_MENUorID@2@GPEAX@Z 000000018000c780 f i CashChanger.obj
 0001:0000b8f0       ?ocscpy_s@@YA_NPEA_W_KPEB_W@Z 000000018000c8f0 f i CashChanger.obj
 0001:0000b9a0       DllCanUnloadNow            000000018000c9a0 f   CashChanger.obj
 0001:0000b9ac       DllGetClassObject          000000018000c9ac f   CashChanger.obj
 0001:0000b9c4       DllMain                    000000018000c9c4 f   CashChanger.obj
 0001:0000ba6c       DllRegisterServer          000000018000ca6c f   CashChanger.obj
 0001:0000ba80       DllUnregisterServer        000000018000ca80 f   CashChanger.obj
 0001:0000ba94       __local_stdio_printf_options 000000018000ca94 f i CashChanger.obj
 0001:0000ba9c       swprintf_s                 000000018000ca9c f i CashChanger.obj
 0001:0000baf0       ??0COPOSCashChanger@@QEAA@XZ 000000018000caf0 f   CashChangerImpl.obj
 0001:0000bbb4       ??1?$IConnectionPointImpl@VCOPOSCashChanger@@$1?IID_IPropertyNotifySink@@3U_GUID@@BVCComDynamicUnkArray@ATL@@@ATL@@QEAA@XZ 000000018000cbb4 f i CashChangerImpl.obj
 0001:0000bbb4       ??1?$IConnectionPointImpl@VCOPOSCashChanger@@$1?DIID__IOPOSCashChangerEvents@@3U_GUID@@BVCComDynamicUnkArray@ATL@@@ATL@@QEAA@XZ 000000018000cbb4 f i CashChangerImpl.obj
 0001:0000bc10       ??1CComControlBase@ATL@@UEAA@XZ 000000018000cc10 f i CashChangerImpl.obj
 0001:0000bc8c       ??1COPOSCashChanger@@UEAA@XZ 000000018000cc8c f   CashChangerImpl.obj
 0001:0000bcf0       ?AdjustCashCounts@COPOSCashChanger@@UEAAJPEA_WPEAJ@Z 000000018000ccf0 f   CashChangerImpl.obj
 0001:0000bd78       ?BeginDeposit@COPOSCashChanger@@UEAAJPEAJ@Z 000000018000cd78 f   CashChangerImpl.obj
 0001:0000bda0       ?CheckHealth@COPOSCashChanger@@UEAAJJPEAJ@Z 000000018000cda0 f   CashChangerImpl.obj
 0001:0000be1c       ?ClaimDevice@COPOSCashChanger@@UEAAJJPEAJ@Z 000000018000ce1c f   CashChangerImpl.obj
 0001:0000bebc       ?ClearInput@COPOSCashChanger@@UEAAJPEAJ@Z 000000018000cebc f   CashChangerImpl.obj
 0001:0000bee4       ?Close@COPOSCashChanger@@UEAAJPEAJ@Z 000000018000cee4 f   CashChangerImpl.obj
 0001:0000bf9c       ?CompareFirmwareVersion@COPOSCashChanger@@UEAAJPEA_WPEAJ1@Z 000000018000cf9c f   CashChangerImpl.obj
 0001:0000c078       ?DirectIO@COPOSCashChanger@@UEAAJJPEAJPEAPEA_W0@Z 000000018000d078 f   CashChangerImpl.obj
 0001:0000c174       ?DispenseCash@COPOSCashChanger@@UEAAJPEA_WPEAJ@Z 000000018000d174 f   CashChangerImpl.obj
 0001:0000c1fc       ?DispenseChange@COPOSCashChanger@@UEAAJJPEAJ@Z 000000018000d1fc f   CashChangerImpl.obj
 0001:0000c278       ?DoInvoke@COPOSCashChanger@@IEAAJJPEAVOposVariant@@IHPEAJ_N@Z 000000018000d278 f   CashChangerImpl.obj
 0001:0000c3ac       ?EndDeposit@COPOSCashChanger@@UEAAJJPEAJ@Z 000000018000d3ac f   CashChangerImpl.obj
 0001:0000c428       ?EventInit@COPOSCashChanger@@IEAAJXZ 000000018000d428 f i CashChangerImpl.obj
 0001:0000c578       ?EventUninit@COPOSCashChanger@@IEAAXXZ 000000018000d578 f i CashChangerImpl.obj
 0001:0000c5dc       ?EventWindowProc@COPOSCashChanger@@IEAA_JI_K_J@Z 000000018000d5dc f i CashChangerImpl.obj
 0001:0000c6ec       ?FinalConstruct@COPOSCashChanger@@QEAAJXZ 000000018000d6ec f   CashChangerImpl.obj
 0001:0000c728       ?FixDeposit@COPOSCashChanger@@UEAAJPEAJ@Z 000000018000d728 f   CashChangerImpl.obj
 0001:0000c750       ?FreezeEvents@COPOSCashChanger@@MEAAJH@Z 000000018000d750 f   CashChangerImpl.obj
 0001:0000c7bc       ?GetOposProp@COPOSCashChanger@@IEAAJJPEAJJ@Z 000000018000d7bc f   CashChangerImpl.obj
 0001:0000c8d8       ?GetOposProp@COPOSCashChanger@@IEAAJJPEAPEA_WJ@Z 000000018000d8d8 f   CashChangerImpl.obj
 0001:0000ca04       ?OnDraw@COPOSCashChanger@@MEAAJAEAUATL_DRAWINFO@@@Z 000000018000da04 f   CashChangerImpl.obj
 0001:0000caf0       ?Open@COPOSCashChanger@@UEAAJPEA_WPEAJ@Z 000000018000daf0 f   CashChangerImpl.obj
 0001:0000d368       ?PauseDeposit@COPOSCashChanger@@UEAAJJPEAJ@Z 000000018000e368 f   CashChangerImpl.obj
 0001:0000d3e4       ?ReadCashCounts@COPOSCashChanger@@UEAAJPEAPEA_WPEAFPEAJ@Z 000000018000e3e4 f   CashChangerImpl.obj
 0001:0000d4c0       ?ReleaseDevice@COPOSCashChanger@@UEAAJPEAJ@Z 000000018000e4c0 f   CashChangerImpl.obj
 0001:0000d52c       ?ResetStatistics@COPOSCashChanger@@UEAAJPEA_WPEAJ@Z 000000018000e52c f   CashChangerImpl.obj
 0001:0000d5b4       ?RetrieveStatistics@COPOSCashChanger@@UEAAJPEAPEA_WPEAJ@Z 000000018000e5b4 f   CashChangerImpl.obj
 0001:0000d63c       ?SOProcessID@COPOSCashChanger@@UEAAJPEAJ@Z 000000018000e63c f   CashChangerImpl.obj
 0001:0000d658       ?SetCOFreezeEvents@COPOSCashChanger@@IEAAXF@Z 000000018000e658 f   CashChangerImpl.obj
 0001:0000d73c       ?SetOposProp@COPOSCashChanger@@IEAAJJJJ@Z 000000018000e73c f   CashChangerImpl.obj
 0001:0000d89c       ?SetOposProp@COPOSCashChanger@@IEAAJJPEA_WJ@Z 000000018000e89c f   CashChangerImpl.obj
 0001:0000d9f4       ?UpdateFirmware@COPOSCashChanger@@UEAAJPEA_WPEAJ@Z 000000018000e9f4 f   CashChangerImpl.obj
 0001:0000da7c       ?UpdateStatistics@COPOSCashChanger@@UEAAJPEA_WPEAJ@Z 000000018000ea7c f   CashChangerImpl.obj
 0001:0000db04       ?get_AsyncMode@COPOSCashChanger@@UEAAJPEAF@Z 000000018000eb04 f   CashChangerImpl.obj
 0001:0000db38       ?get_AsyncResultCode@COPOSCashChanger@@UEAAJPEAJ@Z 000000018000eb38 f   CashChangerImpl.obj
 0001:0000db4c       ?get_AsyncResultCodeExtended@COPOSCashChanger@@UEAAJPEAJ@Z 000000018000eb4c f   CashChangerImpl.obj
 0001:0000db60       ?get_BinaryConversion@COPOSCashChanger@@UEAAJPEAJ@Z 000000018000eb60 f   CashChangerImpl.obj
 0001:0000db74       ?get_CapCompareFirmwareVersion@COPOSCashChanger@@UEAAJPEAF@Z 000000018000eb74 f   CashChangerImpl.obj
 0001:0000dba8       ?get_CapDeposit@COPOSCashChanger@@UEAAJPEAF@Z 000000018000eba8 f   CashChangerImpl.obj
 0001:0000dbdc       ?get_CapDepositDataEvent@COPOSCashChanger@@UEAAJPEAF@Z 000000018000ebdc f   CashChangerImpl.obj
 0001:0000dc10       ?get_CapDiscrepancy@COPOSCashChanger@@UEAAJPEAF@Z 000000018000ec10 f   CashChangerImpl.obj
 0001:0000dc44       ?get_CapEmptySensor@COPOSCashChanger@@UEAAJPEAF@Z 000000018000ec44 f   CashChangerImpl.obj
 0001:0000dc78       ?get_CapFullSensor@COPOSCashChanger@@UEAAJPEAF@Z 000000018000ec78 f   CashChangerImpl.obj
 0001:0000dcac       ?get_CapJamSensor@COPOSCashChanger@@UEAAJPEAF@Z 000000018000ecac f   CashChangerImpl.obj
 0001:0000dce0       ?get_CapNearEmptySensor@COPOSCashChanger@@UEAAJPEAF@Z 000000018000ece0 f   CashChangerImpl.obj
 0001:0000dd14       ?get_CapNearFullSensor@COPOSCashChanger@@UEAAJPEAF@Z 000000018000ed14 f   CashChangerImpl.obj
 0001:0000dd48       ?get_CapPauseDeposit@COPOSCashChanger@@UEAAJPEAF@Z 000000018000ed48 f   CashChangerImpl.obj
 0001:0000dd7c       ?get_CapPowerReporting@COPOSCashChanger@@UEAAJPEAJ@Z 000000018000ed7c f   CashChangerImpl.obj
 0001:0000dd90       ?get_CapRealTimeData@COPOSCashChanger@@UEAAJPEAF@Z 000000018000ed90 f   CashChangerImpl.obj
 0001:0000ddc4       ?get_CapRepayDeposit@COPOSCashChanger@@UEAAJPEAF@Z 000000018000edc4 f   CashChangerImpl.obj
 0001:0000ddf8       ?get_CapStatisticsReporting@COPOSCashChanger@@UEAAJPEAF@Z 000000018000edf8 f   CashChangerImpl.obj
 0001:0000de2c       ?get_CapUpdateFirmware@COPOSCashChanger@@UEAAJPEAF@Z 000000018000ee2c f   CashChangerImpl.obj
 0001:0000de60       ?get_CapUpdateStatistics@COPOSCashChanger@@UEAAJPEAF@Z 000000018000ee60 f   CashChangerImpl.obj
 0001:0000de94       ?get_CheckHealthText@COPOSCashChanger@@UEAAJPEAPEA_W@Z 000000018000ee94 f   CashChangerImpl.obj
 0001:0000dea8       ?get_Claimed@COPOSCashChanger@@UEAAJPEAF@Z 000000018000eea8 f   CashChangerImpl.obj
 0001:0000dedc       ?get_ControlObjectDescription@COPOSCashChanger@@UEAAJPEAPEA_W@Z 000000018000eedc f   CashChangerImpl.obj
 0001:0000df40       ?get_ControlObjectVersion@COPOSCashChanger@@UEAAJPEAJ@Z 000000018000ef40 f   CashChangerImpl.obj
 0001:0000df4c       ?get_CurrencyCashList@COPOSCashChanger@@UEAAJPEAPEA_W@Z 000000018000ef4c f   CashChangerImpl.obj
 0001:0000df60       ?get_CurrencyCode@COPOSCashChanger@@UEAAJPEAPEA_W@Z 000000018000ef60 f   CashChangerImpl.obj
 0001:0000df74       ?get_CurrencyCodeList@COPOSCashChanger@@UEAAJPEAPEA_W@Z 000000018000ef74 f   CashChangerImpl.obj
 0001:0000df88       ?get_CurrentExit@COPOSCashChanger@@UEAAJPEAJ@Z 000000018000ef88 f   CashChangerImpl.obj
 0001:0000df9c       ?get_CurrentService@COPOSCashChanger@@UEAAJPEAJ@Z 000000018000ef9c f   CashChangerImpl.obj
 0001:0000dfb0       ?get_DataCount@COPOSCashChanger@@UEAAJPEAJ@Z 000000018000efb0 f   CashChangerImpl.obj
 0001:0000dfc4       ?get_DataEventEnabled@COPOSCashChanger@@UEAAJPEAF@Z 000000018000efc4 f   CashChangerImpl.obj
 0001:0000dff8       ?get_DepositAmount@COPOSCashChanger@@UEAAJPEAJ@Z 000000018000eff8 f   CashChangerImpl.obj
 0001:0000e00c       ?get_DepositCashList@COPOSCashChanger@@UEAAJPEAPEA_W@Z 000000018000f00c f   CashChangerImpl.obj
 0001:0000e020       ?get_DepositCodeList@COPOSCashChanger@@UEAAJPEAPEA_W@Z 000000018000f020 f   CashChangerImpl.obj
 0001:0000e034       ?get_DepositCounts@COPOSCashChanger@@UEAAJPEAPEA_W@Z 000000018000f034 f   CashChangerImpl.obj
 0001:0000e048       ?get_DepositStatus@COPOSCashChanger@@UEAAJPEAJ@Z 000000018000f048 f   CashChangerImpl.obj
 0001:0000e05c       ?get_DeviceDescription@COPOSCashChanger@@UEAAJPEAPEA_W@Z 000000018000f05c f   CashChangerImpl.obj
 0001:0000e070       ?get_DeviceEnabled@COPOSCashChanger@@UEAAJPEAF@Z 000000018000f070 f   CashChangerImpl.obj
 0001:0000e0a4       ?get_DeviceExits@COPOSCashChanger@@UEAAJPEAJ@Z 000000018000f0a4 f   CashChangerImpl.obj
 0001:0000e0b8       ?get_DeviceName@COPOSCashChanger@@UEAAJPEAPEA_W@Z 000000018000f0b8 f   CashChangerImpl.obj
 0001:0000e0cc       ?get_DeviceStatus@COPOSCashChanger@@UEAAJPEAJ@Z 000000018000f0cc f   CashChangerImpl.obj
 0001:0000e0e0       ?get_ExitCashList@COPOSCashChanger@@UEAAJPEAPEA_W@Z 000000018000f0e0 f   CashChangerImpl.obj
 0001:0000e0f4       ?get_FreezeEvents@COPOSCashChanger@@UEAAJPEAF@Z 000000018000f0f4 f   CashChangerImpl.obj
 0001:0000e124       ?get_FullStatus@COPOSCashChanger@@UEAAJPEAJ@Z 000000018000f124 f   CashChangerImpl.obj
 0001:0000e138       ?get_OpenResult@COPOSCashChanger@@UEAAJPEAJ@Z 000000018000f138 f   CashChangerImpl.obj
 0001:0000e144       ?get_PowerNotify@COPOSCashChanger@@UEAAJPEAJ@Z 000000018000f144 f   CashChangerImpl.obj
 0001:0000e158       ?get_PowerState@COPOSCashChanger@@UEAAJPEAJ@Z 000000018000f158 f   CashChangerImpl.obj
 0001:0000e16c       ?get_RealTimeDataEnabled@COPOSCashChanger@@UEAAJPEAF@Z 000000018000f16c f   CashChangerImpl.obj
 0001:0000e1a0       ?get_ResultCode@COPOSCashChanger@@UEAAJPEAJ@Z 000000018000f1a0 f   CashChangerImpl.obj
 0001:0000e1dc       ?get_ResultCodeExtended@COPOSCashChanger@@UEAAJPEAJ@Z 000000018000f1dc f   CashChangerImpl.obj
 0001:0000e1f0       ?get_ServiceCount@COPOSCashChanger@@UEAAJPEAJ@Z 000000018000f1f0 f   CashChangerImpl.obj
 0001:0000e204       ?get_ServiceIndex@COPOSCashChanger@@UEAAJPEAJ@Z 000000018000f204 f   CashChangerImpl.obj
 0001:0000e218       ?get_ServiceObjectDescription@COPOSCashChanger@@UEAAJPEAPEA_W@Z 000000018000f218 f   CashChangerImpl.obj
 0001:0000e22c       ?get_ServiceObjectVersion@COPOSCashChanger@@UEAAJPEAJ@Z 000000018000f22c f   CashChangerImpl.obj
 0001:0000e240       ?get_State@COPOSCashChanger@@UEAAJPEAJ@Z 000000018000f240 f   CashChangerImpl.obj
 0001:0000e26c       ?put_AsyncMode@COPOSCashChanger@@UEAAJF@Z 000000018000f26c f   CashChangerImpl.obj
 0001:0000e288       ?put_BinaryConversion@COPOSCashChanger@@UEAAJJ@Z 000000018000f288 f   CashChangerImpl.obj
 0001:0000e29c       ?put_CurrencyCode@COPOSCashChanger@@UEAAJPEA_W@Z 000000018000f29c f   CashChangerImpl.obj
 0001:0000e2b0       ?put_CurrentExit@COPOSCashChanger@@UEAAJJ@Z 000000018000f2b0 f   CashChangerImpl.obj
 0001:0000e2c4       ?put_CurrentService@COPOSCashChanger@@UEAAJJ@Z 000000018000f2c4 f   CashChangerImpl.obj
 0001:0000e2d8       ?put_DataEventEnabled@COPOSCashChanger@@UEAAJF@Z 000000018000f2d8 f   CashChangerImpl.obj
 0001:0000e2f0       ?put_DeviceEnabled@COPOSCashChanger@@UEAAJF@Z 000000018000f2f0 f   CashChangerImpl.obj
 0001:0000e308       ?put_FreezeEvents@COPOSCashChanger@@UEAAJF@Z 000000018000f308 f   CashChangerImpl.obj
 0001:0000e358       ?put_PowerNotify@COPOSCashChanger@@UEAAJJ@Z 000000018000f358 f   CashChangerImpl.obj
 0001:0000e36c       ?put_RealTimeDataEnabled@COPOSCashChanger@@UEAAJF@Z 000000018000f36c f   CashChangerImpl.obj
 0001:0000e388       ?s_EventWindowProc@COPOSCashChanger@@KA_JPEAUHWND__@@I_K_J@Z 000000018000f388 f i CashChangerImpl.obj
 0001:0000e404       ??_U@YAPEAX_K@Z            000000018000f404 f   LIBCMT:new_array.obj
 0001:0000e40c       ??3@YAXPEAX_K@Z            000000018000f40c f   LIBCMT:delete_scalar_size.obj
 0001:0000e40c       ??_V@YAXPEAX@Z             000000018000f40c f   LIBCMT:delete_array.obj
 0001:0000e414       ??_V@YAXPEAX_K@Z           000000018000f414 f   LIBCMT:delete_array_size.obj
 0001:0000e41c       __scrt_acquire_startup_lock 000000018000f41c f   LIBCMT:utility.obj
 0001:0000e458       __scrt_dllmain_after_initialize_c 000000018000f458 f   LIBCMT:utility.obj
 0001:0000e48c       __scrt_dllmain_before_initialize_c 000000018000f48c f   LIBCMT:utility.obj
 0001:0000e4a4       __scrt_dllmain_crt_thread_attach 000000018000f4a4 f   LIBCMT:utility.obj
 0001:0000e4cc       __scrt_dllmain_crt_thread_detach 000000018000f4cc f   LIBCMT:utility.obj
 0001:0000e4e4       __scrt_dllmain_exception_filter 000000018000f4e4 f   LIBCMT:utility.obj
 0001:0000e544       __scrt_dllmain_uninitialize_c 000000018000f544 f   LIBCMT:utility.obj
 0001:0000e574       __scrt_dllmain_uninitialize_critical 000000018000f574 f   LIBCMT:utility.obj
 0001:0000e588       __scrt_initialize_crt      000000018000f588 f   LIBCMT:utility.obj
 0001:0000e5d4       __scrt_initialize_onexit_tables 000000018000f5d4 f   LIBCMT:utility.obj
 0001:0000e660       __scrt_is_nonwritable_in_current_image 000000018000f660 f   LIBCMT:utility.obj
 0001:0000e6f8       __scrt_release_startup_lock 000000018000f6f8 f   LIBCMT:utility.obj
 0001:0000e71c       __scrt_uninitialize_crt    000000018000f71c f   LIBCMT:utility.obj
 0001:0000e748       _onexit                    000000018000f748 f   LIBCMT:utility.obj
 0001:0000e784       atexit                     000000018000f784 f   LIBCMT:utility.obj
 0001:0000e79c       ??3@YAXPEAX@Z              000000018000f79c f   LIBCMT:delete_scalar.obj
 0001:0000e89c       _Init_thread_footer        000000018000f89c f   LIBCMT:thread_safe_statics.obj
 0001:0000e8fc       _Init_thread_header        000000018000f8fc f   LIBCMT:thread_safe_statics.obj
 0001:0000e964       _Init_thread_notify        000000018000f964 f   LIBCMT:thread_safe_statics.obj
 0001:0000e9a8       _Init_thread_wait          000000018000f9a8 f   LIBCMT:thread_safe_statics.obj
 0001:0000ea0c       __raise_securityfailure    000000018000fa0c f   LIBCMT:gs_report.obj
 0001:0000ea40       __report_gsfailure         000000018000fa40 f   LIBCMT:gs_report.obj
 0001:0000eb14       __report_rangecheckfailure 000000018000fb14 f   LIBCMT:gs_report.obj
 0001:0000eb28       __report_securityfailure   000000018000fb28 f   LIBCMT:gs_report.obj
 0001:0000eca8       ??2@YAPEAX_KAEBUnothrow_t@std@@@Z 000000018000fca8 f   LIBCMT:new_scalar_nothrow.obj
 0001:0000ecbc       ??_U@YAPEAX_KAEBUnothrow_t@std@@@Z 000000018000fcbc f   LIBCMT:new_array_nothrow.obj
 0001:0000ecc4       __GSHandlerCheck           000000018000fcc4 f   LIBCMT:gshandler.obj
 0001:0000ece4       __GSHandlerCheckCommon     000000018000fce4 f   LIBCMT:gshandler.obj
 0001:0000ed40       __GSHandlerCheck_SEH       000000018000fd40 f   LIBCMT:gshandlerseh.obj
 0001:0000ede0       _alloca_probe              000000018000fde0 f   LIBCMT:chkstk.obj
 0001:0000ede0       __chkstk                   000000018000fde0 f   LIBCMT:chkstk.obj
 0001:0000ee40       __security_check_cookie    000000018000fe40 f   LIBCMT:amdsecgs.obj
 0001:0000f180       _DllMainCRTStartup         0000000180010180 f   LIBCMT:dll_dllmain.obj
 0001:0000f1c0       ??2@YAPEAX_K@Z             00000001800101c0 f   LIBCMT:new_scalar.obj
 0001:0000f1fc       __isa_available_init       00000001800101fc f   LIBCMT:cpu_disp.obj
 0001:0000f3a0       __scrt_is_ucrt_dll_in_use  00000001800103a0 f   LIBCMT:ucrt_detection.obj
 0001:0000f3ac       __crt_debugger_hook        00000001800103ac f   LIBCMT:utility_desktop.obj
 0001:0000f3b4       __scrt_fastfail            00000001800103b4 f   LIBCMT:utility_desktop.obj
 0001:0000f500       __security_init_cookie     0000000180010500 f   LIBCMT:gs_support.obj
 0001:0000f5ac       ?__scrt_initialize_type_info@@YAXXZ 00000001800105ac f   LIBCMT:tncleanup.obj
 0001:0000f5bc       ?__scrt_uninitialize_type_info@@YAXXZ 00000001800105bc f   LIBCMT:tncleanup.obj
 0001:0000f5c8       __local_stdio_scanf_options 00000001800105c8 f i LIBCMT:default_local_stdio_options.obj
 0001:0000f5d0       __scrt_initialize_default_local_stdio_options 00000001800105d0 f   LIBCMT:default_local_stdio_options.obj
 0001:0000f5ec       __scrt_get_dyn_tls_init_callback 00000001800105ec f   LIBCMT:dyn_tls_init.obj
 0001:0000f5f4       _RTC_Initialize            00000001800105f4 f   LIBCMT:initsect.obj
 0001:0000f630       _RTC_Terminate             0000000180010630 f   LIBCMT:initsect.obj
[...]
 0002:0000c730       $unwind$??$?RV<lambda_2d41944a1d46af3157314b8a01080d33>@@AEAV<lambda_8f455de75cd7d7f24b4096f044d8b9e6>@@V<lambda_aa500f224e6afead328df44964fe2772>@@@?$__crt_seh_guarded_call@X@@QEAAX$$QEAV<lambda_2d41944a1d46af3157314b8a01080d33>@@AEAV<lambda_8f455de75cd7d7f24b4096f044d8b9e6>@@$$QEAV<lambda_aa500f224e6afead328df44964fe2772>@@@Z 0000000180032730     libucrt:per_thread_data.obj
 0002:0000c754       $unwind$__acrt_uninitialize_locale 0000000180032754     libucrt:wsetlocale.obj
 0002:0000c754       $unwind$__acrt_get_sigabrt_handler 0000000180032754     libucrt:signal.obj
 0002:0000c75c       $unwind$??$?RV<lambda_410d79af7f07d98d83a3f525b3859a53>@@AEAV<lambda_3e16ef9562a7dcce91392c22ab16ea36>@@V<lambda_38119f0e861e05405d8a144b9b982f0a>@@@?$__crt_seh_guarded_call@X@@QEAAX$$QEAV<lambda_410d79af7f07d98d83a3f525b3859a53>@@AEAV<lambda_3e16ef9562a7dcce91392c22ab16ea36>@@$$QEAV<lambda_38119f0e861e05405d8a144b9b982f0a>@@@Z 000000018003275c     libucrt:wsetlocale.obj
 0002:0000c784       $unwind$__acrt_initialize_winapi_thunks 0000000180032784     libucrt:winapi_thunks.obj
 0002:0000c784       $unwind$__acrt_fenv_get_control 0000000180032784     libucrt:_fenvutils.obj
 0002:0000c78c       $unwind$__acrt_fp_format   000000018003278c     libucrt:cvt.obj
 0002:0000c79c       $unwind$?fp_format_e_internal@@YAHQEAD_KH_NIQEAU_strflt@@2AEAV__crt_cached_ptd_host@@@Z 000000018003279c     libucrt:cvt.obj
 0002:0000c7b8       $unwind$?fp_format_a@@YAHQEBNPEAD_KQEAD2H_NIW4__acrt_rounding_mode@@AEAV__crt_cached_ptd_host@@@Z 00000001800327b8     libucrt:cvt.obj
 0002:0000c7d4       $unwind$?fp_format_g@@YAHQEBNQEAD_K12H_NIW4__acrt_rounding_mode@@AEAV__crt_cached_ptd_host@@@Z 00000001800327d4     libucrt:cvt.obj
 0002:0000c7ec       $unwind$__acrt_initialize_lowio 00000001800327ec     libucrt:ioinit.obj
 0002:0000c80c       $unwind$??$common_expand_argv_wildcards@D@@YAHQEAPEADQEAPEAPEAD@Z 000000018003280c     libucrt:argv_wildcards.obj
 0002:0000c824       $unwind$__dcrt_get_narrow_environment_from_os 0000000180032824     libucrt:get_environment_from_os.obj
 0002:0000c824       $unwind$??$__acrt_convert_wcs_mbs_cp@_WDV<lambda_d8593a27d1aa8c02be35c86a17d324c4>@@U__crt_win32_buffer_internal_dynamic_resizing@@@@YAHQEB_WAEAV?$__crt_win32_buffer@DU__crt_win32_buffer_internal_dynamic_resizing@@@@AEBV<lambda_d8593a27d1aa8c02be35c86a17d324c4>@@I@Z 0000000180032824     libucrt:argv_wildcards.obj
 0002:0000c83c       $unwind$??$copy_and_add_argument_to_buffer@D@@YAHQEBD0_KAEAV?$argument_list@D@?A0x5f5c8891@@@Z 000000018003283c     libucrt:argv_wildcards.obj
 0002:0000c858       $unwind$??$expand_argument_wildcards@D@@YAHQEAD0AEAV?$argument_list@D@?A0x5f5c8891@@@Z 0000000180032858     libucrt:argv_wildcards.obj
 0002:0000c878       $unwind$__acrt_GetModuleFileNameA 0000000180032878     libucrt:getmodulefilenamea.obj
 0002:0000c894       $unwind$_setmbcp_nolock    0000000180032894     libucrt:mbctype.obj
 0002:0000c8b4       $unwind$?update_thread_multibyte_data_internal@@YAPEAU__crt_multibyte_data@@QEAU__acrt_ptd@@QEAPEAU1@@Z 00000001800328b4     libucrt:mbctype.obj
 0002:0000c8dc       $unwind$?setmbcp_internal@@YAHH_NQEAU__acrt_ptd@@QEAPEAU__crt_multibyte_data@@@Z 00000001800328dc     libucrt:mbctype.obj
 0002:0000c8f4       $unwind$?setSBUpLow@@YAXPEAU__crt_multibyte_data@@@Z 00000001800328f4     libucrt:mbctype.obj
 0002:0000c910       $unwind$??$?RV<lambda_efdfa57d1f175319df784efa44bb7b81>@@AEAV<lambda_5f0a4c1567f8adc6734073e5d1e1b35c>@@V<lambda_2e8a7d3640ea6ccb4c2413664c2db6fd>@@@?$__crt_seh_guarded_call@X@@QEAAX$$QEAV<lambda_efdfa57d1f175319df784efa44bb7b81>@@AEAV<lambda_5f0a4c1567f8adc6734073e5d1e1b35c>@@$$QEAV<lambda_2e8a7d3640ea6ccb4c2413664c2db6fd>@@@Z 0000000180032910     libucrt:mbctype.obj
 0002:0000c934       $unwind$__acrt_WideCharToMultiByte 0000000180032934     libucrt:widechartomultibyte.obj
 0002:0000c940       $unwind$raise              0000000180032940     libucrt:signal.obj
 0002:0000c97c       $unwind$??$?RV<lambda_450d765d439847d4c735a33c368b5fc0>@@AEAV<lambda_44731a7d0e6d81c3e6aa82d741081786>@@V<lambda_601a2a7da3b7a96e9554ac7215c4b07c>@@@?$__crt_seh_guarded_call@P6AXH@Z@@QEAAP6AXH@Z$$QEAV<lambda_450d765d439847d4c735a33c368b5fc0>@@AEAV<lambda_44731a7d0e6d81c3e6aa82d741081786>@@$$QEAV<lambda_601a2a7da3b7a96e9554ac7215c4b07c>@@@Z 000000018003297c     libucrt:signal.obj
 0002:0000c9a0       $unwind$fclose             00000001800329a0     libucrt:fclose.obj
 0002:0000c9a0       $unwind$_fflush_nolock     00000001800329a0     libucrt:fflush.obj
 0002:0000c9b0       $unwind$?common_flush_all@@YAH_N@Z 00000001800329b0     libucrt:fflush.obj
 0002:0000c9b8       $unwind$??$?RV<lambda_842d9ff0dc9ef11c61343bbaebe7f885>@@AEAV<lambda_c5860995281e5c4ce005b3de8f5874ee>@@V<lambda_d90129c13df834fdcbf8d2b88dafcf2d>@@@?$__crt_seh_guarded_call@X@@QEAAX$$QEAV<lambda_842d9ff0dc9ef11c61343bbaebe7f885>@@AEAV<lambda_c5860995281e5c4ce005b3de8f5874ee>@@$$QEAV<lambda_d90129c13df834fdcbf8d2b88dafcf2d>@@@Z 00000001800329b8     libucrt:fflush.obj
 0002:0000c9dc       $unwind$??$?RV<lambda_886d6c58226a84441f68b9f2b8217b83>@@AEAV<lambda_ab61a845afdef5b7c387490eaf3616ee>@@V<lambda_f7f22ab5edc0698d5f6905b0d3f44752>@@@?$__crt_seh_guarded_call@X@@QEAAX$$QEAV<lambda_886d6c58226a84441f68b9f2b8217b83>@@AEAV<lambda_ab61a845afdef5b7c387490eaf3616ee>@@$$QEAV<lambda_f7f22ab5edc0698d5f6905b0d3f44752>@@@Z 00000001800329dc     libucrt:fflush.obj
 0002:0000ca04       $unwind$__acrt_update_thread_locale_data 0000000180032a04     libucrt:locale_refcounting.obj
 0002:0000ca28       $unwind$__acrt_locale_free_monetary 0000000180032a28     libucrt:initmon.obj
 0002:0000ca30       $unwind$__acrt_locale_free_time 0000000180032a30     libucrt:inittime.obj
 0002:0000ca40       $unwind$__acrt_GetStringTypeA 0000000180032a40     libucrt:getstringtypea.obj
 0002:0000ca68       $unwind$__acrt_fp_strflt_to_string 0000000180032a68     libucrt:_fptostr.obj
 0002:0000ca84       $unwind$__acrt_fltout      0000000180032a84     libucrt:cfout.obj
 0002:0000caa4       $unwind$?divide@__crt_strtox@@YA_KAEAUbig_integer@1@AEBU21@@Z 0000000180032aa4     libucrt:cfout.obj
 0002:0000cabc       $chain$0$?divide@__crt_strtox@@YA_KAEAUbig_integer@1@AEBU21@@Z 0000000180032abc     libucrt:cfout.obj
 0002:0000cad0       $chain$1$?divide@__crt_strtox@@YA_KAEAUbig_integer@1@AEBU21@@Z 0000000180032ad0     libucrt:cfout.obj
 0002:0000cae0       $unwind$?__mbsrtowcs_utf8@__crt_mbstring@@YA_KPEA_WPEAPEBD_KPEAU_Mbstatet@@AEAV__crt_cached_ptd_host@@@Z 0000000180032ae0     libucrt:mbrtowc.obj
 0002:0000caf8       $unwind$_fcloseall         0000000180032af8     libucrt:closeall.obj
 0002:0000cb1c       $unwind$__acrt_lowio_destroy_handle_array 0000000180032b1c     libucrt:osfinfo.obj
 0002:0000cb2c       $unwind$__acrt_lowio_ensure_fh_exists 0000000180032b2c     libucrt:osfinfo.obj
 0002:0000cb58       $unwind$qsort              0000000180032b58     libucrt:qsort.obj
 0002:0000cb70       $chain$4$qsort             0000000180032b70     libucrt:qsort.obj
 0002:0000cb94       $chain$5$qsort             0000000180032b94     libucrt:qsort.obj
 0002:0000cba4       $unwind$strpbrk            0000000180032ba4     libucrt:strpbrk.obj
 0002:0000cbb4       $unwind$fallbackMethod     0000000180032bb4     libucrt:strpbrk.obj
 0002:0000cbc4       $unwind$__acrt_LCMapStringA 0000000180032bc4     libucrt:lcmapstringa.obj
 0002:0000cbd4       $unwind$?__acrt_LCMapStringA_stat@@YAHPEAU__crt_locale_pointers@@PEB_WKPEBDHPEADHHH@Z 0000000180032bd4     libucrt:lcmapstringa.obj
 0002:0000cbfc       $unwind$_commit            0000000180032bfc     libucrt:commit.obj
 0002:0000cc04       $unwind$??$?RV<lambda_a37b2b86f63e897a80ea819b0eb08c01>@@AEAV<lambda_38ce7e780aa69e748d6df282ebc68efe>@@V<lambda_99fb1378e971ab6e7edea83e3a7a83a2>@@@?$__crt_seh_guarded_call@H@@QEAAH$$QEAV<lambda_a37b2b86f63e897a80ea819b0eb08c01>@@AEAV<lambda_38ce7e780aa69e748d6df282ebc68efe>@@$$QEAV<lambda_99fb1378e971ab6e7edea83e3a7a83a2>@@@Z 0000000180032c04     libucrt:commit.obj
 0002:0000cc28       $unwind$_write_nolock      0000000180032c28     libucrt:write.obj
 0002:0000cc40       $unwind$_write_internal    0000000180032c40     libucrt:write.obj
 0002:0000cc70       $unwind$?write_double_translated_ansi_nolock@@YA?AUwrite_result@?A0x17268360@@HQEBDIAEAV__crt_cached_ptd_host@@@Z 0000000180032c70     libucrt:write.obj
 0002:0000cc98       $ip2state$?write_double_translated_ansi_nolock@@YA?AUwrite_result@?A0x17268360@@HQEBDIAEAV__crt_cached_ptd_host@@@Z 0000000180032c98     libucrt:write.obj
 0002:0000cca0       $unwind$?write_text_ansi_nolock@@YA?AUwrite_result@?A0x17268360@@HQEBDI@Z 0000000180032ca0     libucrt:write.obj
 0002:0000cca0       $unwind$?write_text_utf16le_nolock@@YA?AUwrite_result@?A0x17268360@@HQEBDI@Z 0000000180032ca0     libucrt:write.obj
 0002:0000ccc0       $unwind$?write_text_utf8_nolock@@YA?AUwrite_result@?A0x17268360@@HQEBDI@Z 0000000180032cc0     libucrt:write.obj
 0002:0000cce8       $xdatasym                  0000000180032ce8     libucrt:log10.obj
 0002:0000ccf4       $unwind$__acrt_fenv_set_control 0000000180032cf4     libucrt:_fenvutils.obj
 0002:0000cd04       $unwind$?__mbrtoc32_utf8@__crt_mbstring@@YA_KPEA_UPEBD_KPEAU_Mbstatet@@AEAV__crt_cached_ptd_host@@@Z 0000000180032d04     libucrt:mbrtoc32.obj
 0002:0000cd20       $unwind$?_fclose_nolock_internal@@YAHQEAU_iobuf@@AEAV__crt_cached_ptd_host@@@Z 0000000180032d20     libucrt:fclose.obj
 0002:0000cd30       $unwind$?_fclose_internal@@YAHQEAU_iobuf@@AEAV__crt_cached_ptd_host@@@Z 0000000180032d30     libucrt:fclose.obj
 0002:0000cd54       $unwind$_putwch_nolock     0000000180032d54     libucrt:putwch.obj
 0002:0000cd5c       $unwind$common_control87   0000000180032d5c     libucrt:ieee.obj
 0002:0000cd88       $unwind$_call_matherr      0000000180032d88     libucrt:libm_error.obj
 0002:0000cd90       $unwind$_handle_error      0000000180032d90     libucrt:libm_error.obj
 0002:0000cdb0       $unwind$__acrt_initialize_fma3 0000000180032db0     libucrt:fma3_available.obj
 0002:0000cdb8       $unwind$_log_special_common 0000000180032db8     libucrt:log_special.obj
 0002:0000cdc4       $unwind$_close_internal    0000000180032dc4     libucrt:close.obj
 0002:0000cdcc       $unwind$??$?RV<lambda_ad8af0d99a0adf03d037d7dffe354bb5>@@AEAV<lambda_c9ba49e555ba839a7b07aa3fbecb7617>@@V<lambda_2f1ebd5d68526518146ae959c9e734c8>@@@?$__crt_seh_guarded_call@H@@QEAAH$$QEAV<lambda_ad8af0d99a0adf03d037d7dffe354bb5>@@AEAV<lambda_c9ba49e555ba839a7b07aa3fbecb7617>@@$$QEAV<lambda_2f1ebd5d68526518146ae959c9e734c8>@@@Z 0000000180032dcc     libucrt:close.obj
 0002:0000cdf0       $xdatasym                  0000000180032df0     libucrt:fpsr.obj
 0002:0000cdf8       $unwind$_raise_exc_ex      0000000180032df8     libucrt:fpexcept.obj
 0002:0000ce0c       $unwind$_ctrlfp            0000000180032e0c     libucrt:fpctrl.obj
 0002:0000ce34       $unwind$_IsNonwritableInCurrentImage 0000000180032e34     LIBCMT:pesect.obj
 0002:0000ce58       $unwind$strrchr            0000000180032e58     libvcruntime:strrchr.obj
 0002:0000cfc0       .edata                     0000000180032fc0     OPOSCashChanger.exp
 0002:0000cfe8       rgpv                       0000000180032fe8     OPOSCashChanger.exp
 0002:0000cff8       rgszName                   0000000180032ff8     OPOSCashChanger.exp
 0002:0000d008       rgwOrd                     0000000180033008     OPOSCashChanger.exp
 0002:0000d010       szName                     0000000180033010     OPOSCashChanger.exp
 0002:0000d024       $N00001                    0000000180033024     OPOSCashChanger.exp
 0002:0000d034       $N00002                    0000000180033034     OPOSCashChanger.exp
 0002:0000d046       $N00003                    0000000180033046     OPOSCashChanger.exp
 0002:0000d058       $N00004                    0000000180033058     OPOSCashChanger.exp
 0002:0000d9a2       .idata$6                   00000001800339a2     kernel32:KERNEL32.dll
 0002:0000dbba       .idata$6                   0000000180033bba     user32:USER32.dll
 0002:0000dcee       .idata$6                   0000000180033cee     gdi32:GDI32.dll
 0002:0000dd94       .idata$6                   0000000180033d94     advapi32:ADVAPI32.dll
 0002:0000deb0       .idata$6                   0000000180033eb0     ole32:ole32.dll
 0002:0000deba       .idata$6                   0000000180033eba     oleaut32:OLEAUT32.dll
 0003:000001c0       ?ObjectMap@@3PAU_ATL_OBJMAP_ENTRY30@ATL@@A 00000001800351c0     CashChanger.obj
 0003:000002d0       ?s_SOMethodNames@@3PAPEADA 00000001800352d0     CashChangerImpl.obj
 0003:000003a0       ?s_RequiredMethodsPerRelease@@3PAHA 00000001800353a0     CashChangerImpl.obj
 0003:00000400       ?__vcrt_flsindex@@3KA      0000000180035400     libvcruntime:per_thread_data.obj
 0003:00000410       ?errno_no_memory@@3HA      0000000180035410     libucrt:errno.obj
 0003:00000414       ?doserrno_no_memory@@3KA   0000000180035414     libucrt:errno.obj
 0003:00000420       ?__acrt_flsindex@@3KA      0000000180035420     libucrt:per_thread_data.obj
 0003:000008e0       _mbctypes                  00000001800358e0     libucrt:mbctype.obj
 0003:000009f0       _mbcasemaps                00000001800359f0     libucrt:mbctype.obj
 0003:00000af0       ?__rgctypeflag@@3PADA      0000000180035af0     libucrt:mbctype.obj
 0003:00000b00       ?__rgcode_page_info@@3PAUcode_page_info@@A 0000000180035b00     libucrt:mbctype.obj
 0003:00000da0       ?dazSupported@?1??common_control87@@9@9 0000000180035da0     libucrt:ieee.obj
 0003:00000db0       ?__dcrt_lowio_console_output_handle@@3PEAXEA 0000000180035db0     libucrt:initcon.obj
 0003:00000dc0       ?dazSupported@?1??_ctrlfp@@9@9 0000000180035dc0     libucrt:fpctrl.obj
 0003:00001010       ?is_initialized_as_dll@@3_NA 0000000180036010     LIBCMT:utility.obj
 0003:00001011       ?module_local_atexit_table_initialized@@3_NA 0000000180036011     LIBCMT:utility.obj
 0003:00001018       ?module_local_atexit_table@@3U_onexit_table_t@@A 0000000180036018     LIBCMT:utility.obj
 0003:00001030       ?module_local_at_quick_exit_table@@3U_onexit_table_t@@A 0000000180036030     LIBCMT:utility.obj
 0003:00001048       ?g_tss_cv@@3U_RTL_CONDITION_VARIABLE@@A 0000000180036048     LIBCMT:thread_safe_statics.obj
 0003:00001050       ?g_tss_event@@3PEAXEA      0000000180036050     LIBCMT:thread_safe_statics.obj
 0003:00001058       ?g_tss_mutex@@3U_RTL_CRITICAL_SECTION@@A 0000000180036058     LIBCMT:thread_safe_statics.obj
 0003:00001080       ?g_sleep_condition_variable_cs@@3P6AHPEAU_RTL_CONDITION_VARIABLE@@PEAU_RTL_CRITICAL_SECTION@@K@ZEA 0000000180036080     LIBCMT:thread_safe_statics.obj
 0003:00001088       ?g_wake_all_condition_variable@@3P6AXPEAU_RTL_CONDITION_VARIABLE@@@ZEA 0000000180036088     LIBCMT:thread_safe_statics.obj
 0003:00001090       GS_ExceptionRecord         0000000180036090     LIBCMT:gs_report.obj
 0003:00001130       GS_ContextRecord           0000000180036130     LIBCMT:gs_report.obj
 0003:00001604       ?__proc_attached@@3HA      0000000180036604     LIBCMT:dll_dllmain.obj
 0003:00001698       ?AllocateData@@3P6APEAUAtlThunkData_t@@XZEA 0000000180036698     atls:atlthunk.obj
 0003:000016a0       ?InitData@@3P6AXPEAUAtlThunkData_t@@PEAX_K@ZEA 00000001800366a0     atls:atlthunk.obj
 0003:000016a8       ?DataToCode@@3P6AP6A_JPEAUHWND__@@I_K_J@ZPEAUAtlThunkData_t@@@ZEA 00000001800366a8     atls:atlthunk.obj
 0003:000016b0       ?FreeData@@3P6AXPEAUAtlThunkData_t@@@ZEA 00000001800366b0     atls:atlthunk.obj
 0003:000016b8       ?Initialized@@3_NA         00000001800366b8     atls:atlthunk.obj
 0003:000016d0       ?__vcrt_startup_thread_ptd@@3U__vcrt_ptd@@A 00000001800366d0     libvcruntime:per_thread_data.obj
 0003:00001750       __vcrt_lock_table          0000000180036750     libvcruntime:locks.obj
 0003:00001778       __vcrt_locks_initialized   0000000180036778     libvcruntime:locks.obj
 0003:000017c0       ?heap@@3V_HeapManager@@A   00000001800367c0     libvcruntime:undname.obj
 0003:000017e8       ?module_handles@@3PAPEAUHINSTANCE__@@A 00000001800367e8     libvcruntime:winapi_downlevel.obj
 0003:00001800       ?function_pointers@@3PAPEAXA 0000000180036800     libvcruntime:winapi_downlevel.obj
 0003:00001828       ?__acrt_invalid_parameter_handler@@3V?$dual_state_global@P6AXPEB_W00I_K@Z@__crt_state_management@@A 0000000180036828     libucrt:invalid_parameter.obj
 0003:00001830       ?c_termination_complete@@3JA 0000000180036830     libucrt:exit.obj
 0003:00001838       ?thread_local_exit_callback_func@@3P6AXPEAXK0@ZEA 0000000180036838     libucrt:exit.obj
 0003:00001850       ?program_name@?1???$common_configure_argv@D@@YAHW4_crt_argv_mode@@@Z@4PADA 0000000180036850     libucrt:argv_parsing.obj
 0003:000019a8       ?__acrt_new_handler@@3V?$dual_state_global@P6AH_K@Z@__crt_state_management@@A 00000001800369a8     libucrt:new_handler.obj
 0003:000019c0       ?module_handles@@3PAPEAUHINSTANCE__@@A 00000001800369c0     libucrt:winapi_thunks.obj
 0003:00001a60       ?encoded_function_pointers@@3PAPEAXA 0000000180036a60     libucrt:winapi_thunks.obj
 0003:00001b50       ?internal_state@?1??_mbtowc_internal@@9@4U_Mbstatet@@A 0000000180036b50     libucrt:mbtowc.obj
 0003:00001b68       ?enable_percent_n@@3_KA    0000000180036b68     libucrt:printf_count_output.obj
 0003:00001f90       ?__acrt_lock_table@@3PAU_RTL_CRITICAL_SECTION@@A 0000000180036f90     libucrt:locks.obj
 0003:000021c0       ?__acrt_locks_initialized@@3IA 00000001800371c0     libucrt:locks.obj
 0003:000021e0       ?fSystemSet@@3HA           00000001800371e0     libucrt:mbctype.obj
 0003:000021e4       ?initialized@?1??__acrt_initialize_multibyte@@9@4_NA 00000001800371e4     libucrt:mbctype.obj
 0003:00002220       ?ctrlc_action@@3V?$dual_state_global@P6AXH@Z@__crt_state_management@@A 0000000180037220     libucrt:signal.obj
 0003:00002228       ?ctrlbreak_action@@3V?$dual_state_global@P6AXH@Z@__crt_state_management@@A 0000000180037228     libucrt:signal.obj
 0003:00002230       ?abort_action@@3V?$dual_state_global@P6AXH@Z@__crt_state_management@@A 0000000180037230     libucrt:signal.obj
 0003:00002238       ?term_action@@3V?$dual_state_global@P6AXH@Z@__crt_state_management@@A 0000000180037238     libucrt:signal.obj
 0003:00002240       ?user_matherr@@3V?$dual_state_global@P6AHPEAU_exception@@@Z@__crt_state_management@@A 0000000180037240     libucrt:matherr.obj
 0003:00002250       ?__acrt_global_new_mode@@3V?$dual_state_global@J@__crt_state_management@@A 0000000180037250     libucrt:new_mode.obj
 0003:00002258       ?internal_pst@?1??__mbrtoc32_utf8@__crt_mbstring@@YA_KPEA_UPEBD_KPEAU_Mbstatet@@AEAV__crt_cached_ptd_host@@@Z@4U3@A 0000000180037258     libucrt:mbrtoc32.obj
 0003:00002260       ?__acrt_app_type@@3W4_crt_app_type@@A 0000000180037260     libucrt:report_runtime_error.obj
 0005:00000000       MoveSmall                  000000018003b000     libvcruntime:memcpy.obj
 0005:00000040       MoveSmallYmm               000000018003b040     libvcruntime:memcpy.obj
 0005:00000064       MoveSmallYmmNT             000000018003b064     libvcruntime:memcpy.obj
 0005:00000088       MoveSmallXmm               000000018003b088     libvcruntime:memcpy.obj
 0005:000000b0       MsetTab                    000000018003b0b0     libvcruntime:memset.obj
 0006:00000220       $R000000                   000000018003c220     CashChanger.res
 0006:00000bc0       $R0009A0                   000000018003cbc0     CashChanger.res
 0006:00000ca8       $R000A88                   000000018003cca8     CashChanger.res
 0006:00000f10       $R000CF0                   000000018003cf10     CashChanger.res
 0006:00001480       $R001260                   000000018003d480     CashChanger.res
 0006:00004f00       $R004CE0                   0000000180040f00     CashChanger.res
 0006:00004f38       $R004D18                   0000000180040f38     CashChanger.res
