 Opos_Constants

 Timestamp is 61e61bd7 (Tue Jan 18 10:45:59 2022)

 Preferred load address is 0000000180000000

 Start         Length     Name                   Class
 0001:00000000 00000110H .text$di                CODE
 0001:00000110 00014c00H .text$mn                CODE
 0001:00014d10 00000040H .text$mn$00             CODE
 0001:00014d50 00000640H .text$x                 CODE
 0001:00015390 000000b8H .text$yd                CODE
 0002:00000000 00000350H .idata$5                DATA
 0002:00000350 00000030H .00cfg                  DATA
 0002:00000380 00000008H .CRT$XCA                DATA
 0002:00000388 00000008H .CRT$XCL                DATA
 0002:00000390 00000010H .CRT$XCU                DATA
 0002:000003a0 00000008H .CRT$XCZ                DATA
 0002:000003a8 00000008H .CRT$XIA                DATA
 0002:000003b0 00000018H .CRT$XIC                DATA
 0002:000003c8 00000008H .CRT$XIZ                DATA
 0002:000003d0 00000008H .CRT$XPA                DATA
 0002:000003d8 00000010H .CRT$XPX                DATA
 0002:000003e8 00000008H .CRT$XPXA               DATA
 0002:000003f0 00000008H .CRT$XPZ                DATA
 0002:000003f8 00000008H .CRT$XTA                DATA
 0002:00000400 00000010H .CRT$XTZ                DATA
 0002:00000408 00000000H .gehcont$y              DATA
 0002:00000408 00000000H .gfids$y                DATA
 0002:00000410 00007ef0H .rdata                  DATA
 0002:00008300 00000000H .rdata$CastGuardVftablesA DATA
 0002:00008300 00000000H .rdata$CastGuardVftablesC DATA
 0002:00008300 00000274H .rdata$r                DATA
 0002:00008574 00000038H .rdata$voltmd           DATA
 0002:000085ac 000003c4H .rdata$zzzdbg           DATA
 0002:00008970 00000008H .rtc$IAA                DATA
 0002:00008978 00000008H .rtc$IZZ                DATA
 0002:00008980 00000008H .rtc$TAA                DATA
 0002:00008988 00000008H .rtc$TZZ                DATA
 0002:00008990 000015e0H .xdata                  DATA
 0002:00009f70 00000150H .xdata$x                DATA
 0002:0000a0c0 00000008H ATL$__a                 DATA
 0002:0000a0c8 00000008H ATL$__z                 DATA
 0002:0000a0d0 000000acH .edata                  DATA
 0002:0000a17c 00000064H .idata$2                DATA
 0002:0000a1e0 00000018H .idata$3                DATA
 0002:0000a1f8 00000350H .idata$4                DATA
 0002:0000a548 000006feH .idata$6                DATA
 0003:00000000 00000a40H .data                   DATA
 0003:00000a40 000000a8H .data$r                 DATA
 0003:00000ae8 00000028H .data$rs                DATA
 0003:00000b10 000012f4H .bss                    DATA
 0004:00000000 000015e4H .pdata                  DATA
 0005:00000000 000000f4H _RDATA                  DATA
 0006:00000000 00000140H .rsrc$01                DATA
 0006:00000140 0001db48H .rsrc$02                DATA

  Address         Publics by Value              Rva+Base               Lib:Object

 0000:00000000       __guard_longjmp_table      0000000000000000     <absolute>
 0000:00000000       ___safe_se_handler_table   0000000000000000     <absolute>
 0000:00000000       __guard_fids_count         0000000000000000     <absolute>
 0000:00000000       __x64_code_ranges_to_entry_points_count 0000000000000000     <absolute>
 0000:00000000       __arm64x_extra_rfe_table   0000000000000000     <absolute>
 0000:00000000       __arm64x_redirection_metadata 0000000000000000     <absolute>
 0000:00000000       __guard_iat_table          0000000000000000     <absolute>
 0000:00000000       __hybrid_code_map          0000000000000000     <absolute>
 0000:00000000       __arm64x_extra_rfe_table_size 0000000000000000     <absolute>
 0000:00000000       ___safe_se_handler_count   0000000000000000     <absolute>
 0000:00000000       __x64_code_ranges_to_entry_points 0000000000000000     <absolute>
 0000:00000000       __guard_iat_count          0000000000000000     <absolute>
 0000:00000000       __guard_longjmp_count      0000000000000000     <absolute>
 0000:00000000       __dynamic_value_reloc_table 0000000000000000     <absolute>
 0000:00000000       __hybrid_auxiliary_iat     0000000000000000     <absolute>
 0000:00000000       __hybrid_auxiliary_iat_copy 0000000000000000     <absolute>
 0000:00000000       __guard_eh_cont_count      0000000000000000     <absolute>
 0000:00000000       __AbsoluteZero             0000000000000000     <absolute>
 0000:00000000       __guard_check_icall_a64n_fptr 0000000000000000     <absolute>
 0000:00000000       __guard_fids_table         0000000000000000     <absolute>
 0000:00000000       __arm64x_redirection_metadata_count 0000000000000000     <absolute>
 0000:00000000       __enclave_config           0000000000000000     <absolute>
 0000:00000000       __guard_eh_cont_table      0000000000000000     <absolute>
 0000:00000000       __arm64x_native_entrypoint 0000000000000000     <absolute>
 0000:00000000       __hybrid_code_map_count    0000000000000000     <absolute>
 0000:00000100       __guard_flags              0000000000000100     <absolute>
 0000:00000000       __ImageBase                0000000180000000     <linker-defined>
 0001:00000110       ?_AtlInitializeCriticalSectionEx@ATL@@YAHPEAU_RTL_CRITICAL_SECTION@@KK@Z 0000000180001110 f i StdAfx.obj
 0001:00000120       ?_AtlRaiseException@ATL@@YAXKK@Z 0000000180001120 f i StdAfx.obj
 0001:00000130       ?Lock@CAtlModule@ATL@@UEAAJXZ 0000000180001130 f i OposConstants.obj
 0001:00000140       ?Unlock@CAtlModule@ATL@@UEAAJXZ 0000000180001140 f i OposConstants.obj
 0001:00000150       ?GetLockCount@CAtlModule@ATL@@UEAAJXZ 0000000180001150 f i OposConstants.obj
 0001:00000160       ?GetGITPtr@CAtlModule@ATL@@UEAAJPEAPEAUIGlobalInterfaceTable@@@Z 0000000180001160 f i OposConstants.obj
 0001:000001e0       ?AddCommonRGSReplacements@?$CAtlModuleT@VCComModule@ATL@@@ATL@@UEAAJPEAUIRegistrarBase@@@Z 00000001800011e0 f i OposConstants.obj
 0001:00000200       ?UpdateRegistryFromResourceD@CComModule@ATL@@UEAAJIHPEAU_ATL_REGMAP_ENTRY@2@@Z 0000000180001200 f i OposConstants.obj
 0001:00000200       ?UpdateRegistryFromResourceD@CComModule@ATL@@UEAAJPEB_WHPEAU_ATL_REGMAP_ENTRY@2@@Z 0000000180001200 f i OposConstants.obj
 0001:00000210       ?UpdateRegistryFromResource@CComModule@ATL@@UEAAJPEB_WHPEAU_ATL_REGMAP_ENTRY@2@@Z 0000000180001210 f i OposConstants.obj
 0001:00000220       ?UpdateRegistryFromResource@CComModule@ATL@@UEAAJIHPEAU_ATL_REGMAP_ENTRY@2@@Z 0000000180001220 f i OposConstants.obj
 0001:00000230       ??_GCComModule@ATL@@UEAAPEAXI@Z 0000000180001230 f i OposConstants.obj
 0001:00000230       ??_ECComModule@ATL@@UEAAPEAXI@Z 0000000180001230 f i OposConstants.obj
 0001:00000270       ?QueryInterface@CRegObject@ATL@@UEAAJAEBU_GUID@@PEAPEAX@Z 0000000180001270 f i OposConstants.obj
 0001:00000280       ?AddRef@CRegObject@ATL@@UEAAKXZ 0000000180001280 f i OposConstants.obj
 0001:00000280       _get_startup_argv_mode     0000000180001280 f i LIBCMT:argv_mode.obj
 0001:00000290       ?Release@CRegObject@ATL@@UEAAKXZ 0000000180001290 f i OposConstants.obj
 0001:000002a0       ?AddReplacement@CRegObject@ATL@@UEAAJPEB_W0@Z 00000001800012a0 f i OposConstants.obj
 0001:000002e0       ?ClearReplacements@CRegObject@ATL@@UEAAJXZ 00000001800012e0 f i OposConstants.obj
 0001:000002f0       ??_ECRegObject@ATL@@UEAAPEAXI@Z 00000001800012f0 f i OposConstants.obj
 0001:000002f0       ??_GCRegObject@ATL@@UEAAPEAXI@Z 00000001800012f0 f i OposConstants.obj
 0001:00000380       ?Add@CExpansionVector@ATL@@QEAAHPEB_W0@Z 0000000180001380 f i OposConstants.obj
 0001:00000530       ?AddValue@CRegParser@ATL@@IEAAJAEAVCRegKey@2@PEB_WPEA_W@Z 0000000180001530 f i OposConstants.obj
 0001:00000a70       ?AllocateHeap@?$CTempBuffer@_W$0BAA@VCCRTAllocator@ATL@@@ATL@@AEAAX_K@Z 0000000180001a70 f i OposConstants.obj
 0001:00000a70       ?AllocateHeap@?$CTempBuffer@_W$0EAA@VCCRTAllocator@ATL@@@ATL@@AEAAX_K@Z 0000000180001a70 f i OposConstants.obj
 0001:00000a70       ?AllocateHeap@?$CTempBuffer@E$0BAA@VCCRTAllocator@ATL@@@ATL@@AEAAX_K@Z 0000000180001a70 f i OposConstants.obj
 0001:00000aa0       ?Append@CParseBuffer@CRegParser@ATL@@QEAAHPEB_WH@Z 0000000180001aa0 f i OposConstants.obj
 0001:00000c00       ?AtlHresultFromLastError@ATL@@YAJXZ 0000000180001c00 f i OposConstants.obj
 0001:00000c20       ?AtlHresultFromWin32@ATL@@YAJK@Z 0000000180001c20 f i OposConstants.obj
 0001:00000c30       ?AtlLoadTypeLib@ATL@@YAJPEAUHINSTANCE__@@PEB_WPEAPEA_WPEAPEAUITypeLib@@@Z 0000000180001c30 f i OposConstants.obj
 0001:00000e70       ?AtlRegisterClassCategoriesHelper@ATL@@YAJAEBU_GUID@@PEBU_ATL_CATMAP_ENTRY@1@H@Z 0000000180001e70 f i OposConstants.obj
 0001:000013c0       ?AtlRegisterTypeLib@ATL@@YAJPEAUHINSTANCE__@@PEB_W@Z 00000001800023c0 f i OposConstants.obj
 0001:000015d0       ?AtlThrowImpl@ATL@@YAXJ@Z  00000001800025d0 f i OposConstants.obj
 0001:00001600       ?AtlUnRegisterTypeLib@ATL@@YAJPEAUHINSTANCE__@@PEB_W@Z 0000000180002600 f i OposConstants.obj
 0001:000016d0       ?ClearReplacements@CExpansionVector@ATL@@QEAAJXZ 00000001800026d0 f i OposConstants.obj
 0001:00001780       ?DeleteSubKey@CRegKey@ATL@@QEAAJPEB_W@Z 0000000180002780 f i OposConstants.obj
 0001:000018b0       ?FreeHeap@?$CTempBuffer@E$0BAA@VCCRTAllocator@ATL@@@ATL@@AEAAXXZ 00000001800028b0 f i OposConstants.obj
 0001:000018b0       ?FreeHeap@?$CTempBuffer@_W$0EAA@VCCRTAllocator@ATL@@@ATL@@AEAAXXZ 00000001800028b0 f i OposConstants.obj
 0001:000018b0       ?FreeHeap@?$CTempBuffer@_W$0BAA@VCCRTAllocator@ATL@@@ATL@@AEAAXXZ 00000001800028b0 f i OposConstants.obj
 0001:000018c0       ?GetClassObject@CComModule@ATL@@QEAAJAEBU_GUID@@0PEAPEAX@Z 00000001800028c0 f i OposConstants.obj
 0001:00001ac0       ?NextToken@CRegParser@ATL@@IEAAJPEA_W@Z 0000000180002ac0 f i OposConstants.obj
 0001:00001c70       ?PreProcessBuffer@CRegParser@ATL@@QEAAJPEA_WPEAPEA_W@Z 0000000180002c70 f i OposConstants.obj
 0001:000020d0       ?RecurseDeleteKey@CRegKey@ATL@@QEAAJPEB_W@Z 00000001800030d0 f i OposConstants.obj
 0001:00002260       ?RegisterBuffer@CRegParser@ATL@@QEAAJPEA_WH@Z 0000000180003260 f i OposConstants.obj
 0001:00002740       ?RegisterFromResource@CRegObject@ATL@@IEAAJPEB_W00H@Z 0000000180003740 f i OposConstants.obj
 0001:00002900       ?RegisterServer@CComModule@ATL@@QEAAJHPEBU_GUID@@@Z 0000000180003900 f i OposConstants.obj
 0001:00002b60       ?RegisterSubkeys@CRegParser@ATL@@IEAAJPEA_WPEAUHKEY__@@HH@Z 0000000180003b60 f i OposConstants.obj
 0001:00003b30       ?SkipAssignment@CRegParser@ATL@@IEAAJPEA_W@Z 0000000180004b30 f i OposConstants.obj
 0001:00003bf0       ?Term@CAtlModule@ATL@@QEAAXXZ 0000000180004bf0 f i OposConstants.obj
 0001:00003cb0       ?Term@CComModule@ATL@@QEAAXXZ 0000000180004cb0 f i OposConstants.obj
 0001:00003dc0       ?UpdateRegistryFromResource@CAtlModule@ATL@@QEAAJIHPEAU_ATL_REGMAP_ENTRY@2@@Z 0000000180004dc0 f i OposConstants.obj
 0001:00004570       ?UpdateRegistryFromResource@CAtlModule@ATL@@QEAAJPEB_WHPEAU_ATL_REGMAP_ENTRY@2@@Z 0000000180005570 f i OposConstants.obj
 0001:00004d40       ?wcscpy_s@Checked@ATL@@YAXPEA_W_KPEB_W@Z 0000000180005d40 f i OposConstants.obj
 0001:00004d90       DllCanUnloadNow            0000000180005d90 f   OposConstants.obj
 0001:00004da0       DllGetClassObject          0000000180005da0 f   OposConstants.obj
 0001:00004dc0       DllMain                    0000000180005dc0 f   OposConstants.obj
 0001:00004e80       DllRegisterServer          0000000180005e80 f   OposConstants.obj
 0001:00004ea0       DllUnregisterServer        0000000180005ea0 f   OposConstants.obj
 0001:00004f68       ??0CAtlBaseModule@ATL@@QEAA@XZ 0000000180005f68 f   atls:atlbase.obj
 0001:00005010       ??1CAtlBaseModule@ATL@@QEAA@XZ 0000000180006010 f   atls:atlbase.obj
 0001:00005044       ??_V@YAXPEAX@Z             0000000180006044 f   LIBCMT:delete_array.obj
 0001:00005044       ??3@YAXPEAX_K@Z            0000000180006044 f   LIBCMT:delete_scalar_size.obj
 0001:0000504c       __scrt_acquire_startup_lock 000000018000604c f   LIBCMT:utility.obj
 0001:00005088       __scrt_dllmain_after_initialize_c 0000000180006088 f   LIBCMT:utility.obj
 0001:000050bc       __scrt_dllmain_before_initialize_c 00000001800060bc f   LIBCMT:utility.obj
 0001:000050d4       __scrt_dllmain_crt_thread_attach 00000001800060d4 f   LIBCMT:utility.obj
 0001:000050fc       __scrt_dllmain_crt_thread_detach 00000001800060fc f   LIBCMT:utility.obj
 0001:00005114       __scrt_dllmain_exception_filter 0000000180006114 f   LIBCMT:utility.obj
 0001:00005174       __scrt_dllmain_uninitialize_c 0000000180006174 f   LIBCMT:utility.obj
 0001:000051a4       __scrt_dllmain_uninitialize_critical 00000001800061a4 f   LIBCMT:utility.obj
 0001:000051b8       __scrt_initialize_crt      00000001800061b8 f   LIBCMT:utility.obj
 0001:00005204       __scrt_initialize_onexit_tables 0000000180006204 f   LIBCMT:utility.obj
 0001:00005290       __scrt_is_nonwritable_in_current_image 0000000180006290 f   LIBCMT:utility.obj
 0001:00005328       __scrt_release_startup_lock 0000000180006328 f   LIBCMT:utility.obj
 0001:0000534c       __scrt_uninitialize_crt    000000018000634c f   LIBCMT:utility.obj
 0001:00005378       _onexit                    0000000180006378 f   LIBCMT:utility.obj
 0001:000053b4       atexit                     00000001800063b4 f   LIBCMT:utility.obj
 0001:000053cc       ??3@YAXPEAX@Z              00000001800063cc f   LIBCMT:delete_scalar.obj
 0001:000053d4       __raise_securityfailure    00000001800063d4 f   LIBCMT:gs_report.obj
 0001:00005408       __report_gsfailure         0000000180006408 f   LIBCMT:gs_report.obj
 0001:000054dc       __report_rangecheckfailure 00000001800064dc f   LIBCMT:gs_report.obj
 0001:000054f0       __report_securityfailure   00000001800064f0 f   LIBCMT:gs_report.obj
 0001:00005670       ??_U@YAPEAX_KAEBUnothrow_t@std@@@Z 0000000180006670 f   LIBCMT:new_array_nothrow.obj
 0001:00005678       __GSHandlerCheck           0000000180006678 f   LIBCMT:gshandler.obj
 0001:00005698       __GSHandlerCheckCommon     0000000180006698 f   LIBCMT:gshandler.obj
 0001:00005710       __chkstk                   0000000180006710 f   LIBCMT:chkstk.obj
 0001:00005710       _alloca_probe              0000000180006710 f   LIBCMT:chkstk.obj
 0001:00005770       __security_check_cookie    0000000180006770 f   LIBCMT:amdsecgs.obj
 0001:00005ab0       _DllMainCRTStartup         0000000180006ab0 f   LIBCMT:dll_dllmain.obj
 0001:00005af0       _guard_check_icall_nop     0000000180006af0 f i LIBCMT:guard_support.obj
 0001:00005af4       __isa_available_init       0000000180006af4 f   LIBCMT:cpu_disp.obj
 0001:00005c98       __scrt_is_ucrt_dll_in_use  0000000180006c98 f   LIBCMT:ucrt_detection.obj
 0001:00005ca4       __crt_debugger_hook        0000000180006ca4 f   LIBCMT:utility_desktop.obj
 0001:00005cac       __scrt_fastfail            0000000180006cac f   LIBCMT:utility_desktop.obj
 0001:00005df8       ??2@YAPEAX_KAEBUnothrow_t@std@@@Z 0000000180006df8 f   LIBCMT:new_scalar_nothrow.obj
 0001:00005e0c       __security_init_cookie     0000000180006e0c f   LIBCMT:gs_support.obj
 0001:00005eb8       ?__scrt_initialize_type_info@@YAXXZ 0000000180006eb8 f   LIBCMT:tncleanup.obj
 0001:00005ec8       ?__scrt_uninitialize_type_info@@YAXXZ 0000000180006ec8 f   LIBCMT:tncleanup.obj
 0001:00005ed4       __local_stdio_printf_options 0000000180006ed4 f i LIBCMT:default_local_stdio_options.obj
 0001:00005edc       __local_stdio_scanf_options 0000000180006edc f i LIBCMT:default_local_stdio_options.obj
 0001:00005ee4       __scrt_initialize_default_local_stdio_options 0000000180006ee4 f   LIBCMT:default_local_stdio_options.obj
 0001:00005f00       __scrt_get_dyn_tls_init_callback 0000000180006f00 f   LIBCMT:dyn_tls_init.obj
 0001:00005f08       _RTC_Initialize            0000000180006f08 f   LIBCMT:initsect.obj
 0001:00005f44       _RTC_Terminate             0000000180006f44 f   LIBCMT:initsect.obj
 0001:00005f80       ??2@YAPEAX_K@Z             0000000180006f80 f   LIBCMT:new_scalar.obj
 0001:00005fbc       ??0bad_alloc@std@@QEAA@AEBV01@@Z 0000000180006fbc f i LIBCMT:throw_bad_alloc.obj
 0001:00005ff8       ??0bad_alloc@std@@QEAA@XZ  0000000180006ff8 f i LIBCMT:throw_bad_alloc.obj
 0001:00006018       ??0bad_array_new_length@std@@QEAA@AEBV01@@Z 0000000180007018 f i LIBCMT:throw_bad_alloc.obj
 0001:00006054       ??0bad_array_new_length@std@@QEAA@XZ 0000000180007054 f i LIBCMT:throw_bad_alloc.obj
 0001:00006074       ??0exception@std@@QEAA@AEBV01@@Z 0000000180007074 f i LIBCMT:throw_bad_alloc.obj
 0001:000060a8       ??1bad_alloc@std@@UEAA@XZ  00000001800070a8 f i LIBCMT:throw_bad_alloc.obj
 0001:000060a8       ??1bad_array_new_length@std@@UEAA@XZ 00000001800070a8 f i LIBCMT:throw_bad_alloc.obj
 0001:000060a8       ??1bad_exception@std@@UEAA@XZ 00000001800070a8 f i libvcruntime:frame.obj
 0001:000060bc       ??_Ebad_alloc@std@@UEAAPEAXI@Z 00000001800070bc f i LIBCMT:throw_bad_alloc.obj
 0001:000060bc       ??_Gbad_exception@std@@UEAAPEAXI@Z 00000001800070bc f i libvcruntime:frame.obj
 0001:000060bc       ??_Ebad_exception@std@@UEAAPEAXI@Z 00000001800070bc f i libvcruntime:frame.obj
 0001:000060bc       ??_Eexception@std@@UEAAPEAXI@Z 00000001800070bc f i LIBCMT:throw_bad_alloc.obj
 0001:000060bc       ??_Gexception@std@@UEAAPEAXI@Z 00000001800070bc f i LIBCMT:throw_bad_alloc.obj
 0001:000060bc       ??_Ebad_array_new_length@std@@UEAAPEAXI@Z 00000001800070bc f i LIBCMT:throw_bad_alloc.obj
 0001:000060bc       ??_Gbad_array_new_length@std@@UEAAPEAXI@Z 00000001800070bc f i LIBCMT:throw_bad_alloc.obj
 0001:000060bc       ??_Gbad_alloc@std@@UEAAPEAXI@Z 00000001800070bc f i LIBCMT:throw_bad_alloc.obj
 0001:00006100       ?__scrt_throw_std_bad_alloc@@YAXXZ 0000000180007100 f   LIBCMT:throw_bad_alloc.obj
 0001:00006120       ?__scrt_throw_std_bad_array_new_length@@YAXXZ 0000000180007120 f   LIBCMT:throw_bad_alloc.obj
 0001:00006140       ?what@exception@std@@UEBAPEBDXZ 0000000180007140 f i LIBCMT:throw_bad_alloc.obj
 0001:00006154       ??_Etype_info@@UEAAPEAXI@Z 0000000180007154 f i LIBCMT:std_type_info_static.obj
 0001:00006154       ??_Gtype_info@@UEAAPEAXI@Z 0000000180007154 f i LIBCMT:std_type_info_static.obj
 0001:00006180       wcsstr                     0000000180007180 f   libvcruntime:wcsstr.obj
 0001:000063b0       memcpy_repmovs             00000001800073b0 f   libvcruntime:memcpy.obj
 0001:000063d0       memmove                    00000001800073d0 f   libvcruntime:memcpy.obj
 0001:000063d0       memcpy                     00000001800073d0 f   libvcruntime:memcpy.obj
 0001:00006a60       memset_repmovs             0000000180007a60 f   libvcruntime:memset.obj
 0001:00006a80       memset                     0000000180007a80 f   libvcruntime:memset.obj
 0001:00006c10       __vcrt_initialize          0000000180007c10 f   libvcruntime:initialization.obj
 0001:00006c38       __vcrt_thread_attach       0000000180007c38 f   libvcruntime:initialization.obj
 0001:00006c4c       __vcrt_thread_detach       0000000180007c4c f   libvcruntime:initialization.obj
 0001:00006c60       __vcrt_uninitialize        0000000180007c60 f   libvcruntime:initialization.obj
 0001:00006c7c       __vcrt_uninitialize_critical 0000000180007c7c f   libvcruntime:initialization.obj
 0001:00006c8c       __C_specific_handler       0000000180007c8c f   libvcruntime:riscchandler.obj
 0001:00006e84       __DestructExceptionObject  0000000180007e84 f   libvcruntime:ehhelpers.obj
 0001:00006ef4       ?_CallMemberFunction0@@YAXQEAX0@Z 0000000180007ef4 f i libvcruntime:ehhelpers.obj
 0001:00006ef8       _IsExceptionObjectToBeDestroyed 0000000180007ef8 f   libvcruntime:ehhelpers.obj
 0001:00006f28       __AdjustPointer            0000000180007f28 f   libvcruntime:ehhelpers.obj
 0001:00006f4c       __FrameUnwindFilter        0000000180007f4c f   libvcruntime:ehhelpers.obj
 0001:00006fb4       __std_terminate            0000000180007fb4 f   libvcruntime:ehhelpers.obj
 0001:00006fc0       ??$_CallSETranslator@V__FrameHandler3@@@@YAHPEAUEHExceptionRecord@@PEA_KPEAU_CONTEXT@@PEAU_xDISPATCHER_CONTEXT@@PEBU_s_FuncInfo@@K1H@Z 0000000180007fc0 f i libvcruntime:risctrnsctrl.obj
 0001:00007014       ??$_CallSETranslator@V__FrameHandler4@@@@YAHPEAUEHExceptionRecord@@PEA_KPEAU_CONTEXT@@PEAU_xDISPATCHER_CONTEXT@@PEAUFuncInfo4@FH4@@K1H@Z 0000000180008014 f i libvcruntime:risctrnsctrl.obj
 0001:00007068       ?CatchTryBlock@__FrameHandler3@@SAPEBU_s_TryBlockMapEntry@@PEBU_s_FuncInfo@@H@Z 0000000180008068 f   libvcruntime:risctrnsctrl.obj
 0001:000070cc       ?DecompFuncInfo@FH4@@YA_JPEAEAEAUFuncInfo4@1@_KH_N@Z 00000001800080cc f i libvcruntime:risctrnsctrl.obj
 0001:000071f0       ?ExecutionInCatch@__FrameHandler3@@SA_NPEAU_xDISPATCHER_CONTEXT@@PEBU_s_FuncInfo@@@Z 00000001800081f0 f   libvcruntime:risctrnsctrl.obj
 0001:0000721c       ?ExecutionInCatch@__FrameHandler4@@SA_NPEAU_xDISPATCHER_CONTEXT@@PEAUFuncInfo4@FH4@@@Z 000000018000821c f   libvcruntime:risctrnsctrl.obj
 0001:00007224       ?FrameUnwindToEmptyState@__FrameHandler3@@SAXPEA_KPEAU_xDISPATCHER_CONTEXT@@PEBU_s_FuncInfo@@@Z 0000000180008224 f   libvcruntime:risctrnsctrl.obj
 0001:00007288       ?FrameUnwindToEmptyState@__FrameHandler4@@SAXPEA_KPEAU_xDISPATCHER_CONTEXT@@PEAUFuncInfo4@FH4@@@Z 0000000180008288 f   libvcruntime:risctrnsctrl.obj
 0001:000072bc       ?GetEstablisherFrame@__FrameHandler3@@SAPEA_KPEA_KPEAU_xDISPATCHER_CONTEXT@@PEBU_s_FuncInfo@@0@Z 00000001800082bc f   libvcruntime:risctrnsctrl.obj
 0001:00007388       ?GetEstablisherFrame@__FrameHandler4@@SAPEA_KPEA_KPEAU_xDISPATCHER_CONTEXT@@PEAUFuncInfo4@FH4@@0@Z 0000000180008388 f   libvcruntime:risctrnsctrl.obj
 0001:000073ac       ?GetRangeOfTrysToCheck@__FrameHandler3@@SA?AU?$pair@Viterator@TryBlockMap@__FrameHandler3@@V123@@std@@AEAVTryBlockMap@1@HPEAU_xDISPATCHER_CONTEXT@@PEBU_s_FuncInfo@@H@Z 00000001800083ac f   libvcruntime:risctrnsctrl.obj
 0001:000074ec       ?GetRangeOfTrysToCheck@__FrameHandler4@@SA?AU?$pair@Viterator@TryBlockMap4@FH4@@V123@@std@@AEAVTryBlockMap4@FH4@@HPEAU_xDISPATCHER_CONTEXT@@PEAUFuncInfo4@5@H@Z 00000001800084ec f   libvcruntime:risctrnsctrl.obj
 0001:00007658       ?UnwindNestedFrames@__FrameHandler3@@SAXPEA_KPEAUEHExceptionRecord@@PEAU_CONTEXT@@0PEAXPEBU_s_FuncInfo@@HHPEBU_s_HandlerType@@PEAU_xDISPATCHER_CONTEXT@@E@Z 0000000180008658 f   libvcruntime:risctrnsctrl.obj
 0001:0000775c       ?UnwindNestedFrames@__FrameHandler4@@SAXPEA_KPEAUEHExceptionRecord@@PEAU_CONTEXT@@0PEAXPEAUFuncInfo4@FH4@@HHPEAUHandlerType4@5@PEAU_xDISPATCHER_CONTEXT@@E@Z 000000018000875c f   libvcruntime:risctrnsctrl.obj
 0001:0000787c       ?setBuffer@TryBlockMap4@FH4@@QEAAXViterator@12@@Z 000000018000887c f i libvcruntime:risctrnsctrl.obj
 0001:00007a40       _CreateFrameInfo           0000000180008a40 f   libvcruntime:risctrnsctrl.obj
 0001:00007a7c       _FindAndUnlinkFrame        0000000180008a7c f   libvcruntime:risctrnsctrl.obj
 0001:00007ad0       _GetImageBase              0000000180008ad0 f   libvcruntime:risctrnsctrl.obj
 0001:00007ae4       _GetThrowImageBase         0000000180008ae4 f   libvcruntime:risctrnsctrl.obj
 0001:00007af8       _SetImageBase              0000000180008af8 f   libvcruntime:risctrnsctrl.obj
 0001:00007b10       _SetThrowImageBase         0000000180008b10 f   libvcruntime:risctrnsctrl.obj
 0001:00007b28       __CxxFrameHandler3         0000000180008b28 f   libvcruntime:risctrnsctrl.obj
 0001:00007bb0       __CxxFrameHandler4         0000000180008bb0 f   libvcruntime:risctrnsctrl.obj
 0001:00007c70       __std_type_info_compare    0000000180008c70 f   libvcruntime:std_type_info.obj
 0001:00007c98       __std_type_info_destroy_list 0000000180008c98 f   libvcruntime:std_type_info.obj
 0001:00007cc4       __std_exception_copy       0000000180008cc4 f   libvcruntime:std_exception.obj
 0001:00007d54       __std_exception_destroy    0000000180008d54 f   libvcruntime:std_exception.obj
 0001:00007d7c       _CxxThrowException         0000000180008d7c f   libvcruntime:throw.obj
 0001:00007e1c       __vcrt_freefls             0000000180008e1c f   libvcruntime:per_thread_data.obj
 0001:00007e3c       __vcrt_freeptd             0000000180008e3c f   libvcruntime:per_thread_data.obj
 0001:00007e8c       __vcrt_getptd              0000000180008e8c f   libvcruntime:per_thread_data.obj
 0001:00007ea8       __vcrt_getptd_noexit       0000000180008ea8 f   libvcruntime:per_thread_data.obj
 0001:00007f68       __vcrt_initialize_ptd      0000000180008f68 f   libvcruntime:per_thread_data.obj
 0001:00007fb0       __vcrt_uninitialize_ptd    0000000180008fb0 f   libvcruntime:per_thread_data.obj
 0001:00007fd4       __vcrt_initialize_locks    0000000180008fd4 f   libvcruntime:locks.obj
 0001:0000801c       __vcrt_uninitialize_locks  000000018000901c f   libvcruntime:locks.obj
 0001:00008070       _NLG_Notify                0000000180009070 f   libvcruntime:notify.obj
 0001:00008090       __NLG_Dispatch2            0000000180009090 f   libvcruntime:notify.obj
 0001:000080a0       __NLG_Return2              00000001800090a0 f   libvcruntime:notify.obj
 0001:000080a4       __except_validate_context_record 00000001800090a4 f   libvcruntime:jbcxrval.obj
 0001:000080dc       ?GetCurrentState@__FrameHandler3@@SAHPEA_KPEAU_xDISPATCHER_CONTEXT@@PEBU_s_FuncInfo@@@Z 00000001800090dc f   libvcruntime:ehstate.obj
 0001:00008104       ?GetUnwindTryBlock@__FrameHandler3@@SAHPEA_KPEAU_xDISPATCHER_CONTEXT@@PEBU_s_FuncInfo@@@Z 0000000180009104 f   libvcruntime:ehstate.obj
 0001:00008130       ?SetState@__FrameHandler3@@SAXPEA_KPEBU_s_FuncInfo@@H@Z 0000000180009130 f   libvcruntime:ehstate.obj
 0001:0000813c       ?SetUnwindTryBlock@__FrameHandler3@@SAXPEA_KPEAU_xDISPATCHER_CONTEXT@@PEBU_s_FuncInfo@@H@Z 000000018000913c f   libvcruntime:ehstate.obj
 0001:00008178       ?StateFromControlPc@__FrameHandler3@@SAHPEBU_s_FuncInfo@@PEAU_xDISPATCHER_CONTEXT@@@Z 0000000180009178 f   libvcruntime:ehstate.obj
 0001:00008180       ?StateFromControlPc@__FrameHandler4@@SAHPEAUFuncInfo4@FH4@@PEAU_xDISPATCHER_CONTEXT@@@Z 0000000180009180 f   libvcruntime:ehstate.obj
 0001:00008188       ?StateFromIp@__FrameHandler3@@SAHPEBU_s_FuncInfo@@PEAU_xDISPATCHER_CONTEXT@@_K@Z 0000000180009188 f   libvcruntime:ehstate.obj
 0001:000081f0       ?StateFromIp@__FrameHandler4@@SAHPEAUFuncInfo4@FH4@@PEAU_xDISPATCHER_CONTEXT@@_K@Z 00000001800091f0 f   libvcruntime:ehstate.obj
 0001:000098f0       ??$TypeMatchHelper@V__FrameHandler3@@@@YAHPEBU_s_HandlerType@@PEBU_s_CatchableType@@PEBU_s_ThrowInfo@@@Z 000000018000a8f0 f i libvcruntime:frame.obj
 0001:00009a30       ??$TypeMatchHelper@V__FrameHandler4@@@@YAHPEAUHandlerType4@FH4@@PEBU_s_CatchableType@@PEBU_s_ThrowInfo@@@Z 000000018000aa30 f i libvcruntime:frame.obj
 0001:00009b74       ??$__InternalCxxFrameHandler@V__FrameHandler3@@@@YA?AW4_EXCEPTION_DISPOSITION@@PEAUEHExceptionRecord@@PEA_KPEAU_CONTEXT@@PEAU_xDISPATCHER_CONTEXT@@PEBU_s_FuncInfo@@H1E@Z 000000018000ab74 f i libvcruntime:frame.obj
 0001:00009dac       ??$__InternalCxxFrameHandler@V__FrameHandler4@@@@YA?AW4_EXCEPTION_DISPOSITION@@PEAUEHExceptionRecord@@PEA_KPEAU_CONTEXT@@PEAU_xDISPATCHER_CONTEXT@@PEAUFuncInfo4@FH4@@H1E@Z 000000018000adac f i libvcruntime:frame.obj
 0001:0000a040       ??0HandlerMap4@FH4@@QEAA@PEBUTryBlockMapEntry4@1@_KH@Z 000000018000b040 f i libvcruntime:frame.obj
 0001:0000a0bc       ??0TryBlockMap4@FH4@@QEAA@PEBUFuncInfo4@1@_K@Z 000000018000b0bc f i libvcruntime:frame.obj
 0001:0000a194       ??0bad_exception@std@@QEAA@AEBV01@@Z 000000018000b194 f i libvcruntime:frame.obj
 0001:0000a1d0       ??0bad_exception@std@@QEAA@XZ 000000018000b1d0 f i libvcruntime:frame.obj
 0001:0000a1f0       ?CxxCallCatchBlock@__FrameHandler3@@SAPEAXPEAU_EXCEPTION_RECORD@@@Z 000000018000b1f0 f   libvcruntime:frame.obj
 0001:0000a3dc       ?CxxCallCatchBlock@__FrameHandler4@@SAPEAXPEAU_EXCEPTION_RECORD@@@Z 000000018000b3dc f   libvcruntime:frame.obj
 0001:0000a62c       ?DecompHandler@HandlerMap4@FH4@@AEAAXXZ 000000018000b62c f i libvcruntime:frame.obj
 0001:0000a878       ?FrameUnwindToState@__FrameHandler3@@SAXPEA_KPEAU_xDISPATCHER_CONTEXT@@PEBU_s_FuncInfo@@H@Z 000000018000b878 f   libvcruntime:frame.obj
 0001:0000aa04       ?FrameUnwindToState@__FrameHandler4@@SAXPEA_KPEAU_xDISPATCHER_CONTEXT@@PEAUFuncInfo4@FH4@@H@Z 000000018000ba04 f   libvcruntime:frame.obj
 0001:0000ad00       ?GetHandlerSearchState@__FrameHandler3@@SAHPEA_KPEAU_xDISPATCHER_CONTEXT@@PEBU_s_FuncInfo@@@Z 000000018000bd00 f i libvcruntime:frame.obj
 0001:0000af10       ?ReadEntry@UWMap4@FH4@@AEAAXPEAPEAE@Z 000000018000bf10 f i libvcruntime:frame.obj
 0001:0000afac       ?_CallMemberFunction1@@YAXQEAX00@Z 000000018000bfac f i libvcruntime:frame.obj
 0001:0000afb8       ?_CallMemberFunction2@@YAXQEAX00H@Z 000000018000bfb8 f i libvcruntime:frame.obj
 0001:0000afc8       ?getStartStop@UWMap4@FH4@@QEAAXHHAEAViterator@12@0@Z 000000018000bfc8 f i libvcruntime:frame.obj
 0001:0000b098       ?getStateFromIterators@UWMap4@FH4@@SAHAEBViterator@12@H0H0@Z 000000018000c098 f i libvcruntime:frame.obj
 0001:0000b2b4       __vcrt_FlsAlloc            000000018000c2b4 f   libvcruntime:winapi_downlevel.obj
 0001:0000b2fc       __vcrt_FlsFree             000000018000c2fc f   libvcruntime:winapi_downlevel.obj
 0001:0000b344       __vcrt_FlsGetValue         000000018000c344 f   libvcruntime:winapi_downlevel.obj
 0001:0000b38c       __vcrt_FlsSetValue         000000018000c38c f   libvcruntime:winapi_downlevel.obj
 0001:0000b3e0       __vcrt_InitializeCriticalSectionEx 000000018000c3e0 f   libvcruntime:winapi_downlevel.obj
 0001:0000b460       _CallSettingFrame          000000018000c460 f   libvcruntime:handlers.obj
 0001:0000b4b0       _CallSettingFrame_LookupContinuationIndex 000000018000c4b0 f   libvcruntime:handlers.obj
 0001:0000b4e0       _CallSettingFrame_NotifyContinuationAddr 000000018000c4e0 f   libvcruntime:handlers.obj
 0001:0000b510       _CallSettingFrameEncoded   000000018000c510 f   libvcruntime:handlers.obj
 0001:0000b558       free                       000000018000c558 f   libucrt:free.obj
 0001:0000b56c       ?get_raw_ptd@__crt_cached_ptd_host@@QEAAPEAU__acrt_ptd@@XZ 000000018000c56c f i libucrt:invalid_parameter.obj
 0001:0000b5d4       ?get_raw_ptd_noexit@__crt_cached_ptd_host@@QEAAPEAU__acrt_ptd@@XZ 000000018000c5d4 f i libucrt:invalid_parameter.obj
 0001:0000b640       ?value@?$dual_state_global@P6AXPEB_W00I_K@Z@__crt_state_management@@QEAAAEAP6AXPEB_W00I_K@ZAEAV__crt_cached_ptd_host@@@Z 000000018000c640 f i libucrt:invalid_parameter.obj
 0001:0000b68c       __acrt_call_reportfault    000000018000c68c f   libucrt:invalid_parameter.obj
 0001:0000b7e8       __acrt_initialize_invalid_parameter_handler 000000018000c7e8 f   libucrt:invalid_parameter.obj
 0001:0000b7f0       _invalid_parameter         000000018000c7f0 f   libucrt:invalid_parameter.obj
 0001:0000b88c       _invalid_parameter_internal 000000018000c88c f   libucrt:invalid_parameter.obj
 0001:0000b95c       _invalid_parameter_noinfo  000000018000c95c f   libucrt:invalid_parameter.obj
 0001:0000b97c       _invoke_watson             000000018000c97c f   libucrt:invalid_parameter.obj
 0001:0000b9c4       __acrt_errno_from_os_error 000000018000c9c4 f   libucrt:errno.obj
 0001:0000ba0c       __acrt_errno_map_os_error  000000018000ca0c f   libucrt:errno.obj
 0001:0000ba54       __acrt_errno_map_os_error_ptd 000000018000ca54 f   libucrt:errno.obj
 0001:0000ba78       __doserrno                 000000018000ca78 f   libucrt:errno.obj
 0001:0000ba98       _errno                     000000018000ca98 f   libucrt:errno.obj
 0001:0000bab8       malloc                     000000018000cab8 f   libucrt:malloc.obj
 0001:0000bac0       _recalloc                  000000018000cac0 f   libucrt:recalloc.obj
 0001:0000bac8       _recalloc_base             000000018000cac8 f   libucrt:recalloc.obj
 0001:0000bb60       wcscat_s                   000000018000cb60 f   libucrt:wcscat_s.obj
 0001:0000bbe4       wcscpy_s                   000000018000cbe4 f   libucrt:wcscpy_s.obj
 0001:0000bc4c       wcsncpy_s                  000000018000cc4c f   libucrt:wcsncpy_s.obj
 0001:0000bd48       _seh_filter_dll            000000018000cd48 f   libucrt:exception_filter.obj
 0001:0000bd5c       _seh_filter_exe            000000018000cd5c f   libucrt:exception_filter.obj
 0001:0000c180       __acrt_initialize_thread_local_exit_callback 000000018000d180 f   libucrt:exit.obj
 0001:0000c188       _cexit                     000000018000d188 f   libucrt:exit.obj
 0001:0000c198       _exit                      000000018000d198 f   libucrt:exit.obj
 0001:0000c1a4       _is_c_termination_complete 000000018000d1a4 f   libucrt:exit.obj
 0001:0000c36c       __acrt_allocate_buffer_for_argv 000000018000d36c f   libucrt:argv_parsing.obj
 0001:0000c3cc       _configure_narrow_argv     000000018000d3cc f   libucrt:argv_parsing.obj
 0001:0000c754       __dcrt_uninitialize_environments_nolock 000000018000d754 f   libucrt:environment_initialization.obj
 0001:0000c798       _initialize_narrow_environment 000000018000d798 f   libucrt:environment_initialization.obj
 0001:0000cae8       _crt_atexit                000000018000dae8 f   libucrt:onexit.obj
 0001:0000caf8       _execute_onexit_table      000000018000daf8 f   libucrt:onexit.obj
 0001:0000cb3c       _initialize_onexit_table   000000018000db3c f   libucrt:onexit.obj
 0001:0000cb64       _register_onexit_function  000000018000db64 f   libucrt:onexit.obj
 0001:0000cbe4       __acrt_uninitialize_command_line 000000018000dbe4 f   libucrt:argv_data.obj
 0001:0000ccdc       __acrt_initialize          000000018000dcdc f   libucrt:initialization.obj
 0001:0000ccf0       __acrt_thread_attach       000000018000dcf0 f   libucrt:initialization.obj
 0001:0000cd04       __acrt_thread_detach       000000018000dd04 f   libucrt:initialization.obj
 0001:0000cd14       __acrt_uninitialize        000000018000dd14 f   libucrt:initialization.obj
 0001:0000cd4c       __acrt_uninitialize_critical 000000018000dd4c f   libucrt:initialization.obj
 0001:0000cd5c       _initterm                  000000018000dd5c f   libucrt:initterm.obj
 0001:0000cda0       _initterm_e                000000018000dda0 f   libucrt:initterm.obj
 0001:0000cde8       terminate                  000000018000dde8 f   libucrt:terminate.obj
 0001:0000ce14       __acrt_initialize_new_handler 000000018000de14 f   libucrt:new_handler.obj
 0001:0000ce1c       _callnewh                  000000018000de1c f   libucrt:new_handler.obj
 0001:0000ce58       _query_new_handler         000000018000de58 f   libucrt:new_handler.obj
 0001:0000ce8c       abort                      000000018000de8c f   libucrt:abort.obj
 0001:0000cee4       strcpy_s                   000000018000dee4 f   libucrt:strcpy_s.obj
 0001:0000cf44       calloc                     000000018000df44 f   libucrt:calloc.obj
 0001:0000cf50       ?update_locale_slow@__crt_cached_ptd_host@@AEAAXXZ 000000018000df50 f i libucrt:output.obj
 0001:0000cfe0       strncmp                    000000018000dfe0 f   libucrt:strncmp.obj
 0001:0000d060       wcsncmp                    000000018000e060 f   libucrt:wcsncmp.obj
 0001:0000d08c       _free_base                 000000018000e08c f   libucrt:free_base.obj
 0001:0000d440       __acrt_freeptd             000000018000e440 f   libucrt:per_thread_data.obj
 0001:0000d484       __acrt_getptd              000000018000e484 f   libucrt:per_thread_data.obj
 0001:0000d558       __acrt_getptd_head         000000018000e558 f   libucrt:per_thread_data.obj
 0001:0000d5fc       __acrt_getptd_noexit       000000018000e5fc f   libucrt:per_thread_data.obj
 0001:0000d6c4       __acrt_getptd_noexit_explicit 000000018000e6c4 f   libucrt:per_thread_data.obj
 0001:0000d784       __acrt_initialize_ptd      000000018000e784 f   libucrt:per_thread_data.obj
 0001:0000d7c0       __acrt_uninitialize_ptd    000000018000e7c0 f   libucrt:per_thread_data.obj
 0001:0000d854       __acrt_set_locale_changed  000000018000e854 f   libucrt:wsetlocale.obj
 0001:0000d860       __acrt_uninitialize_locale 000000018000e860 f   libucrt:wsetlocale.obj
 0001:0000d890       _malloc_base               000000018000e890 f   libucrt:malloc_base.obj
 0001:0000d8f0       _msize_base                000000018000e8f0 f   libucrt:msize.obj
 0001:0000d92c       _realloc_base              000000018000e92c f   libucrt:realloc_base.obj
 0001:0000d9a8       __acrt_initialize_locks    000000018000e9a8 f   libucrt:locks.obj
 0001:0000d9f0       __acrt_lock                000000018000e9f0 f   libucrt:locks.obj
 0001:0000da0c       __acrt_uninitialize_locks  000000018000ea0c f   libucrt:locks.obj
 0001:0000da44       __acrt_unlock              000000018000ea44 f   libucrt:locks.obj
 0001:0000da60       __acrt_get_process_end_policy 000000018000ea60 f   libucrt:win_policies.obj
 0001:0000da9c       _calloc_base               000000018000ea9c f   libucrt:calloc_base.obj
 0001:0000db28       ??$__acrt_convert_wcs_mbs_cp@D_WV<lambda_7c9dea7b4ca7285d2cdb541a38da6275>@@U__crt_win32_buffer_internal_dynamic_resizing@@@@YAHQEBDAEAV?$__crt_win32_buffer@_WU__crt_win32_buffer_internal_dynamic_resizing@@@@AEBV<lambda_7c9dea7b4ca7285d2cdb541a38da6275>@@I@Z 000000018000eb28 f i libucrt:argv_wildcards.obj
 0001:0000dca4       ??$__acrt_convert_wcs_mbs_cp@_WDV<lambda_d8593a27d1aa8c02be35c86a17d324c4>@@U__crt_win32_buffer_internal_dynamic_resizing@@@@YAHQEB_WAEAV?$__crt_win32_buffer@DU__crt_win32_buffer_internal_dynamic_resizing@@@@AEBV<lambda_d8593a27d1aa8c02be35c86a17d324c4>@@I@Z 000000018000eca4 f i libucrt:argv_wildcards.obj
 0001:0000e54c       ??0_LocaleUpdate@@QEAA@QEAU__crt_locale_pointers@@@Z 000000018000f54c f i libucrt:argv_wildcards.obj
 0001:0000e5e8       __acrt_expand_narrow_argv_wildcards 000000018000f5e8 f   libucrt:argv_wildcards.obj
 0001:0000e5f0       ??$__acrt_convert_wcs_mbs_cp@_WDV<lambda_f788ae46380686e8b737efdd8c720d07>@@U__crt_win32_buffer_no_resizing@@@@YAHQEB_WAEAV?$__crt_win32_buffer@DU__crt_win32_buffer_no_resizing@@@@AEBV<lambda_f788ae46380686e8b737efdd8c720d07>@@I@Z 000000018000f5f0 f i libucrt:getmodulefilenamea.obj
 0001:0000e70c       __acrt_GetModuleFileNameA  000000018000f70c f   libucrt:getmodulefilenamea.obj
 0001:0000f028       __acrt_initialize_multibyte 0000000180010028 f   libucrt:mbctype.obj
 0001:0000f088       __acrt_update_thread_multibyte_data 0000000180010088 f   libucrt:mbctype.obj
 0001:0000f0a4       _setmbcp_nolock            00000001800100a4 f   libucrt:mbctype.obj
 0001:0000f3d8       _ismbblead                 00000001800103d8 f   libucrt:ismbbyte.obj
 0001:0000f3ec       __acrt_initialize_command_line 00000001800103ec f   libucrt:argv_data.obj
 0001:0000f414       __acrt_MultiByteToWideChar 0000000180010414 f   libucrt:multibytetowidechar.obj
 0001:0000f470       __acrt_WideCharToMultiByte 0000000180010470 f   libucrt:widechartomultibyte.obj
 0001:0000f520       __dcrt_get_narrow_environment_from_os 0000000180010520 f   libucrt:get_environment_from_os.obj
 0001:0000f7f0       __acrt_AppPolicyGetProcessTerminationMethodInternal 00000001800107f0 f   libucrt:winapi_thunks.obj
 0001:0000f848       __acrt_AreFileApisANSI     0000000180010848 f   libucrt:winapi_thunks.obj
 0001:0000f88c       __acrt_FlsAlloc            000000018001088c f   libucrt:winapi_thunks.obj
 0001:0000f894       __acrt_FlsFree             0000000180010894 f   libucrt:winapi_thunks.obj
 0001:0000f89c       __acrt_FlsGetValue         000000018001089c f   libucrt:winapi_thunks.obj
 0001:0000f8a4       __acrt_FlsSetValue         00000001800108a4 f   libucrt:winapi_thunks.obj
 0001:0000f8ac       __acrt_InitializeCriticalSectionEx 00000001800108ac f   libucrt:winapi_thunks.obj
 0001:0000f91c       __acrt_LCMapStringEx       000000018001091c f   libucrt:winapi_thunks.obj
 0001:0000fa08       __acrt_LocaleNameToLCID    0000000180010a08 f   libucrt:winapi_thunks.obj
 0001:0000fa68       __acrt_initialize_winapi_thunks 0000000180010a68 f   libucrt:winapi_thunks.obj
 0001:0000fa8c       __acrt_uninitialize_winapi_thunks 0000000180010a8c f   libucrt:winapi_thunks.obj
 0001:0000fad0       __acrt_initialize_heap     0000000180010ad0 f   libucrt:heap_handle.obj
 0001:0000faec       __acrt_uninitialize_heap   0000000180010aec f   libucrt:heap_handle.obj
 0001:0000fcf0       __acrt_initialize_lowio    0000000180010cf0 f   libucrt:ioinit.obj
 0001:0000fd2c       __acrt_uninitialize_lowio  0000000180010d2c f   libucrt:ioinit.obj
 0001:0000fd6c       __acrt_execute_initializers 0000000180010d6c f   libucrt:shared_initialization.obj
 0001:0000fe00       __acrt_execute_uninitializers 0000000180010e00 f   libucrt:shared_initialization.obj
 0001:0000fe90       __acrt_get_sigabrt_handler 0000000180010e90 f   libucrt:signal.obj
 0001:0000fec0       __acrt_initialize_signal_handlers 0000000180010ec0 f   libucrt:signal.obj
 0001:0000fee0       raise                      0000000180010ee0 f   libucrt:signal.obj
 0001:00010160       __acrt_has_user_matherr    0000000180011160 f   libucrt:matherr.obj
 0001:00010180       __acrt_initialize_user_matherr 0000000180011180 f   libucrt:matherr.obj
 0001:00010188       __acrt_invoke_user_matherr 0000000180011188 f   libucrt:matherr.obj
 0001:0001039c       __acrt_stdio_flush_nolock  000000018001139c f   libucrt:fflush.obj
 0001:00010428       _fflush_nolock             0000000180011428 f   libucrt:fflush.obj
 0001:000104fc       _flushall                  00000001800114fc f   libucrt:fflush.obj
 0001:00010504       __acrt_initialize_stdio    0000000180011504 f   libucrt:_file.obj
 0001:00010624       __acrt_uninitialize_stdio  0000000180011624 f   libucrt:_file.obj
 0001:00010680       _lock_file                 0000000180011680 f   libucrt:_file.obj
 0001:0001068c       _unlock_file               000000018001168c f   libucrt:_file.obj
 0001:00010698       __acrt_update_locale_info  0000000180011698 f   libucrt:locale_update.obj
 0001:000106cc       __acrt_update_locale_info_explicit 00000001800116cc f   libucrt:locale_update.obj
 0001:00010704       __acrt_update_multibyte_info 0000000180011704 f   libucrt:locale_update.obj
 0001:00010738       __acrt_update_multibyte_info_explicit 0000000180011738 f   libucrt:locale_update.obj
 0001:00010770       _mbtowc_internal           0000000180011770 f   libucrt:mbtowc.obj
 0001:000108e8       _fileno                    00000001800118e8 f   libucrt:fileno.obj
 0001:00010910       __acrt_add_locale_ref      0000000180011910 f   libucrt:locale_refcounting.obj
 0001:0001099c       __acrt_free_locale         000000018001199c f   libucrt:locale_refcounting.obj
 0001:00010b14       __acrt_locale_add_lc_time_reference 0000000180011b14 f   libucrt:locale_refcounting.obj
 0001:00010b3c       __acrt_locale_free_lc_time_if_unreferenced 0000000180011b3c f   libucrt:locale_refcounting.obj
 0001:00010b74       __acrt_locale_release_lc_time_reference 0000000180011b74 f   libucrt:locale_refcounting.obj
 0001:00010b9c       __acrt_release_locale_ref  0000000180011b9c f   libucrt:locale_refcounting.obj
 0001:00010c44       __acrt_update_thread_locale_data 0000000180011c44 f   libucrt:locale_refcounting.obj
 0001:00010cb4       _updatetlocinfoEx_nolock   0000000180011cb4 f   libucrt:locale_refcounting.obj
 0001:00010d1c       __acrt_locale_free_monetary 0000000180011d1c f   libucrt:initmon.obj
 0001:00010e28       __acrt_locale_free_numeric 0000000180011e28 f   libucrt:initnum.obj
 0001:00010ec8       __acrt_locale_free_time    0000000180011ec8 f   libucrt:inittime.obj
 0001:00010fd0       __acrt_GetStringTypeA      0000000180011fd0 f   libucrt:getstringtypea.obj
 0001:0001116c       _query_new_mode            000000018001216c f   libucrt:new_mode.obj
 0001:00011180       qsort                      0000000180012180 f   libucrt:qsort.obj
 0001:00011590       strncpy_s                  0000000180012590 f   libucrt:strncpy_s.obj
 0001:00011720       strpbrk                    0000000180012720 f   libucrt:strpbrk.obj
 0001:00011ae8       _mbsdec                    0000000180012ae8 f   libucrt:mbsdec.obj
 0001:00011af0       _mbsdec_l                  0000000180012af0 f   libucrt:mbsdec.obj
 0001:00011ea4       __acrt_LCMapStringA        0000000180012ea4 f   libucrt:lcmapstringa.obj
 0001:00011f54       __acrt_DownlevelLocaleNameToLCID 0000000180012f54 f   libucrt:lcidtoname_downlevel.obj
 0001:00011ffc       __acrt_lowio_create_handle_array 0000000180012ffc f   libucrt:osfinfo.obj
 0001:000120a4       __acrt_lowio_destroy_handle_array 00000001800130a4 f   libucrt:osfinfo.obj
 0001:000120f4       __acrt_lowio_ensure_fh_exists 00000001800130f4 f   libucrt:osfinfo.obj
 0001:0001219c       __acrt_lowio_lock_fh       000000018001319c f   libucrt:osfinfo.obj
 0001:000121c4       __acrt_lowio_unlock_fh     00000001800131c4 f   libucrt:osfinfo.obj
 0001:000121ec       _free_osfhnd               00000001800131ec f   libucrt:osfinfo.obj
 0001:000122a8       _get_osfhandle             00000001800132a8 f   libucrt:osfinfo.obj
 0001:000123ac       _commit                    00000001800133ac f   libucrt:commit.obj
 0001:00012c5c       _write_internal            0000000180013c5c f   libucrt:write.obj
 0001:00012d84       _write_nolock              0000000180013d84 f   libucrt:write.obj
 0001:00013094       _fcloseall                 0000000180014094 f   libucrt:closeall.obj
 0001:00013148       __acrt_stdio_free_buffer_nolock 0000000180014148 f   libucrt:_freebuf.obj
 0001:00013188       _isatty                    0000000180014188 f   libucrt:isatty.obj
 0001:000131e8       ?__mbrtowc_utf8@__crt_mbstring@@YA_KPEA_WPEBD_KPEAU_Mbstatet@@AEAV__crt_cached_ptd_host@@@Z 00000001800141e8 f   libucrt:mbrtowc.obj
 0001:0001322c       ?__mbsrtowcs_utf8@__crt_mbstring@@YA_KPEA_WPEAPEBD_KPEAU_Mbstatet@@AEAV__crt_cached_ptd_host@@@Z 000000018001422c f   libucrt:mbrtowc.obj
 0001:000133d0       __ascii_wcsnicmp           00000001800143d0 f   libucrt:wcsnicmp.obj
 0001:0001341c       __strncnt                  000000018001441c f   libucrt:strncnt.obj
 0001:00013434       _query_app_type            0000000180014434 f   libucrt:report_runtime_error.obj
 0001:000134e8       _lseeki64_nolock_internal  00000001800144e8 f   libucrt:lseek.obj
 0001:000134f0       _putwch_nolock             00000001800144f0 f   libucrt:putwch.obj
 0001:0001364c       fclose                     000000018001464c f   libucrt:fclose.obj
 0001:000136f0       log10                      00000001800146f0 f   libucrt:log10.obj
 0001:00013c9c       ?reset_and_return@__crt_mbstring@@YA_K_KPEAU_Mbstatet@@@Z 0000000180014c9c f   libucrt:common_utf8.obj
 0001:00013ca4       ?return_illegal_sequence@__crt_mbstring@@YA_KPEAU_Mbstatet@@AEAV__crt_cached_ptd_host@@@Z 0000000180014ca4 f   libucrt:common_utf8.obj
 0001:00013cb8       ?__mbrtoc32_utf8@__crt_mbstring@@YA_KPEA_UPEBD_KPEAU_Mbstatet@@AEAV__crt_cached_ptd_host@@@Z 0000000180014cb8 f   libucrt:mbrtoc32.obj
 0001:00013e94       __dcrt_lowio_ensure_console_output_initialized 0000000180014e94 f   libucrt:initcon.obj
 0001:00013ee8       __dcrt_terminate_console_output 0000000180014ee8 f   libucrt:initcon.obj
 0001:00013f04       __dcrt_write_console       0000000180014f04 f   libucrt:initcon.obj
 0001:0001403c       _close_internal            000000018001503c f   libucrt:close.obj
 0001:00014100       _close_nolock_internal     0000000180015100 f   libucrt:close.obj
 0001:000141d0       ?__acrt_stdio_free_stream@@YAXV__crt_stdio_stream@@@Z 00000001800151d0 f   libucrt:stream.obj
 0001:00014310       _handle_error              0000000180015310 f   libucrt:libm_error.obj
 0001:00014440       __acrt_initialize_fma3     0000000180015440 f   libucrt:fma3_available.obj
 0001:000144b0       _log10_special             00000001800154b0 f   libucrt:log_special.obj
 0001:00014580       _get_fpsr                  0000000180015580 f   libucrt:fpsr.obj
 0001:00014590       _set_fpsr                  0000000180015590 f   libucrt:fpsr.obj
 0001:0001459a       _fclrf                     000000018001559a f   libucrt:fpsr.obj
 0001:000145ae       _frnd                      00000001800155ae f   libucrt:fpsr.obj
 0001:000145d0       _raise_exc                 00000001800155d0 f   libucrt:fpexcept.obj
 0001:000145f8       _raise_exc_ex              00000001800155f8 f   libucrt:fpexcept.obj
 0001:00014908       _set_errno_from_matherr    0000000180015908 f   libucrt:fpexcept.obj
 0001:00014938       _clrfp                     0000000180015938 f   libucrt:fpctrl.obj
 0001:00014958       _ctrlfp                    0000000180015958 f   libucrt:fpctrl.obj
 0001:000149d4       _set_statfp                00000001800159d4 f   libucrt:fpctrl.obj
 0001:000149f4       _statfp                    00000001800159f4 f   libucrt:fpctrl.obj
 0001:00014a10       _FindPESection             0000000180015a10 f   LIBCMT:pesect.obj
 0001:00014a60       _IsNonwritableInCurrentImage 0000000180015a60 f   LIBCMT:pesect.obj
 0001:00014ab0       _ValidateImageBase         0000000180015ab0 f   LIBCMT:pesect.obj
 0001:00014adc       __GSHandlerCheck_SEH       0000000180015adc f   LIBCMT:gshandlerseh.obj
 0001:00014b64       __GSHandlerCheck_EH        0000000180015b64 f   LIBCMT:gshandlereh.obj
 0001:00014be4       __C_specific_handler_noexcept 0000000180015be4 f   libvcruntime:chandler_noexcept.obj
 0001:00014c40       memcmp                     0000000180015c40 f   libvcruntime:memcmp.obj
 0001:00014d20       _guard_dispatch_icall_nop  0000000180015d20 f   LIBCMT:guard_dispatch.obj
 0001:00014d40       _guard_xfg_dispatch_icall_nop 0000000180015d40 f   LIBCMT:guard_xfg_dispatch.obj
 0002:00000000       __imp_RegQueryInfoKeyW     0000000180017000     advapi32:ADVAPI32.dll
 0002:00000008       __imp_RegOpenKeyExW        0000000180017008     advapi32:ADVAPI32.dll
 0002:00000010       __imp_RegEnumKeyExW        0000000180017010     advapi32:ADVAPI32.dll
 0002:00000018       __imp_RegDeleteValueW      0000000180017018     advapi32:ADVAPI32.dll
 0002:00000020       __imp_RegDeleteKeyW        0000000180017020     advapi32:ADVAPI32.dll
 0002:00000028       __imp_RegCreateKeyExW      0000000180017028     advapi32:ADVAPI32.dll
 0002:00000030       __imp_RegCloseKey          0000000180017030     advapi32:ADVAPI32.dll
 0002:00000038       __imp_RegSetValueExW       0000000180017038     advapi32:ADVAPI32.dll
 0002:00000040       \177ADVAPI32_NULL_THUNK_DATA 0000000180017040     advapi32:ADVAPI32.dll
 0002:00000048       __imp_FreeLibrary          0000000180017048     kernel32:KERNEL32.dll
 0002:00000050       __imp_GetModuleFileNameW   0000000180017050     kernel32:KERNEL32.dll
 0002:00000058       __imp_GetModuleHandleW     0000000180017058     kernel32:KERNEL32.dll
 0002:00000060       __imp_GetProcAddress       0000000180017060     kernel32:KERNEL32.dll
 0002:00000068       __imp_LoadLibraryExW       0000000180017068     kernel32:KERNEL32.dll
 0002:00000070       __imp_LoadResource         0000000180017070     kernel32:KERNEL32.dll
 0002:00000078       __imp_DisableThreadLibraryCalls 0000000180017078     kernel32:KERNEL32.dll
 0002:00000080       __imp_FindResourceW        0000000180017080     kernel32:KERNEL32.dll
 0002:00000088       __imp_lstrcmpiW            0000000180017088     kernel32:KERNEL32.dll
 0002:00000090       __imp_MultiByteToWideChar  0000000180017090     kernel32:KERNEL32.dll
 0002:00000098       __imp_WriteConsoleW        0000000180017098     kernel32:KERNEL32.dll
 0002:000000a0       __imp_CloseHandle          00000001800170a0     kernel32:KERNEL32.dll
 0002:000000a8       __imp_CreateFileW          00000001800170a8     kernel32:KERNEL32.dll
 0002:000000b0       __imp_LeaveCriticalSection 00000001800170b0     kernel32:KERNEL32.dll
 0002:000000b8       __imp_EnterCriticalSection 00000001800170b8     kernel32:KERNEL32.dll
 0002:000000c0       __imp_EncodePointer        00000001800170c0     kernel32:KERNEL32.dll
 0002:000000c8       __imp_DeleteCriticalSection 00000001800170c8     kernel32:KERNEL32.dll
 0002:000000d0       __imp_InitializeCriticalSectionEx 00000001800170d0     kernel32:KERNEL32.dll
 0002:000000d8       __imp_GetLastError         00000001800170d8     kernel32:KERNEL32.dll
 0002:000000e0       __imp_RaiseException       00000001800170e0     kernel32:KERNEL32.dll
 0002:000000e8       __imp_SizeofResource       00000001800170e8     kernel32:KERNEL32.dll
 0002:000000f0       __imp_DecodePointer        00000001800170f0     kernel32:KERNEL32.dll
 0002:000000f8       __imp_SetFilePointerEx     00000001800170f8     kernel32:KERNEL32.dll
 0002:00000100       __imp_GetConsoleMode       0000000180017100     kernel32:KERNEL32.dll
 0002:00000108       __imp_GetConsoleOutputCP   0000000180017108     kernel32:KERNEL32.dll
 0002:00000110       __imp_WriteFile            0000000180017110     kernel32:KERNEL32.dll
 0002:00000118       __imp_FlushFileBuffers     0000000180017118     kernel32:KERNEL32.dll
 0002:00000120       __imp_SetStdHandle         0000000180017120     kernel32:KERNEL32.dll
 0002:00000128       __imp_GetStringTypeW       0000000180017128     kernel32:KERNEL32.dll
 0002:00000130       __imp_GetFileType          0000000180017130     kernel32:KERNEL32.dll
 0002:00000138       __imp_GetStdHandle         0000000180017138     kernel32:KERNEL32.dll
 0002:00000140       __imp_GetProcessHeap       0000000180017140     kernel32:KERNEL32.dll
 0002:00000148       __imp_IsDebuggerPresent    0000000180017148     kernel32:KERNEL32.dll
 0002:00000150       __imp_OutputDebugStringW   0000000180017150     kernel32:KERNEL32.dll
 0002:00000158       __imp_RtlCaptureContext    0000000180017158     kernel32:KERNEL32.dll
 0002:00000160       __imp_RtlLookupFunctionEntry 0000000180017160     kernel32:KERNEL32.dll
 0002:00000168       __imp_RtlVirtualUnwind     0000000180017168     kernel32:KERNEL32.dll
 0002:00000170       __imp_UnhandledExceptionFilter 0000000180017170     kernel32:KERNEL32.dll
 0002:00000178       __imp_SetUnhandledExceptionFilter 0000000180017178     kernel32:KERNEL32.dll
 0002:00000180       __imp_GetCurrentProcess    0000000180017180     kernel32:KERNEL32.dll
 0002:00000188       __imp_TerminateProcess     0000000180017188     kernel32:KERNEL32.dll
 0002:00000190       __imp_IsProcessorFeaturePresent 0000000180017190     kernel32:KERNEL32.dll
 0002:00000198       __imp_GetStartupInfoW      0000000180017198     kernel32:KERNEL32.dll
 0002:000001a0       __imp_QueryPerformanceCounter 00000001800171a0     kernel32:KERNEL32.dll
 0002:000001a8       __imp_GetCurrentProcessId  00000001800171a8     kernel32:KERNEL32.dll
 0002:000001b0       __imp_GetCurrentThreadId   00000001800171b0     kernel32:KERNEL32.dll
 0002:000001b8       __imp_GetSystemTimeAsFileTime 00000001800171b8     kernel32:KERNEL32.dll
 0002:000001c0       __imp_InitializeSListHead  00000001800171c0     kernel32:KERNEL32.dll
 0002:000001c8       __imp_RtlUnwindEx          00000001800171c8     kernel32:KERNEL32.dll
 0002:000001d0       __imp_InterlockedFlushSList 00000001800171d0     kernel32:KERNEL32.dll
 0002:000001d8       __imp_RtlPcToFileHeader    00000001800171d8     kernel32:KERNEL32.dll
 0002:000001e0       __imp_SetLastError         00000001800171e0     kernel32:KERNEL32.dll
 0002:000001e8       __imp_InitializeCriticalSectionAndSpinCount 00000001800171e8     kernel32:KERNEL32.dll
 0002:000001f0       __imp_TlsAlloc             00000001800171f0     kernel32:KERNEL32.dll
 0002:000001f8       __imp_TlsGetValue          00000001800171f8     kernel32:KERNEL32.dll
 0002:00000200       __imp_TlsSetValue          0000000180017200     kernel32:KERNEL32.dll
 0002:00000208       __imp_TlsFree              0000000180017208     kernel32:KERNEL32.dll
 0002:00000210       __imp_ExitProcess          0000000180017210     kernel32:KERNEL32.dll
 0002:00000218       __imp_GetModuleHandleExW   0000000180017218     kernel32:KERNEL32.dll
 0002:00000220       __imp_HeapFree             0000000180017220     kernel32:KERNEL32.dll
 0002:00000228       __imp_HeapAlloc            0000000180017228     kernel32:KERNEL32.dll
 0002:00000230       __imp_HeapSize             0000000180017230     kernel32:KERNEL32.dll
 0002:00000238       __imp_HeapReAlloc          0000000180017238     kernel32:KERNEL32.dll
 0002:00000240       __imp_FindClose            0000000180017240     kernel32:KERNEL32.dll
 0002:00000248       __imp_FindFirstFileExW     0000000180017248     kernel32:KERNEL32.dll
 0002:00000250       __imp_FindNextFileW        0000000180017250     kernel32:KERNEL32.dll
 0002:00000258       __imp_IsValidCodePage      0000000180017258     kernel32:KERNEL32.dll
 0002:00000260       __imp_GetACP               0000000180017260     kernel32:KERNEL32.dll
 0002:00000268       __imp_GetOEMCP             0000000180017268     kernel32:KERNEL32.dll
 0002:00000270       __imp_GetCPInfo            0000000180017270     kernel32:KERNEL32.dll
 0002:00000278       __imp_GetCommandLineA      0000000180017278     kernel32:KERNEL32.dll
 0002:00000280       __imp_GetCommandLineW      0000000180017280     kernel32:KERNEL32.dll
 0002:00000288       __imp_WideCharToMultiByte  0000000180017288     kernel32:KERNEL32.dll
 0002:00000290       __imp_GetEnvironmentStringsW 0000000180017290     kernel32:KERNEL32.dll
 0002:00000298       __imp_FreeEnvironmentStringsW 0000000180017298     kernel32:KERNEL32.dll
 0002:000002a0       __imp_FlsAlloc             00000001800172a0     kernel32:KERNEL32.dll
 0002:000002a8       __imp_FlsGetValue          00000001800172a8     kernel32:KERNEL32.dll
 0002:000002b0       __imp_FlsSetValue          00000001800172b0     kernel32:KERNEL32.dll
 0002:000002b8       __imp_FlsFree              00000001800172b8     kernel32:KERNEL32.dll
 0002:000002c0       __imp_LCMapStringW         00000001800172c0     kernel32:KERNEL32.dll
 0002:000002c8       \177KERNEL32_NULL_THUNK_DATA 00000001800172c8     kernel32:KERNEL32.dll
 0002:000002d0       __imp_LoadTypeLib          00000001800172d0     oleaut32:OLEAUT32.dll
 0002:000002d8       __imp_UnRegisterTypeLib    00000001800172d8     oleaut32:OLEAUT32.dll
 0002:000002e0       __imp_SysStringLen         00000001800172e0     oleaut32:OLEAUT32.dll
 0002:000002e8       __imp_SysAllocString       00000001800172e8     oleaut32:OLEAUT32.dll
 0002:000002f0       __imp_SysFreeString        00000001800172f0     oleaut32:OLEAUT32.dll
 0002:000002f8       __imp_VarUI4FromStr        00000001800172f8     oleaut32:OLEAUT32.dll
 0002:00000300       __imp_RegisterTypeLib      0000000180017300     oleaut32:OLEAUT32.dll
 0002:00000308       \177OLEAUT32_NULL_THUNK_DATA 0000000180017308     oleaut32:OLEAUT32.dll
 0002:00000310       __imp_CharNextW            0000000180017310     user32:USER32.dll
 0002:00000318       \177USER32_NULL_THUNK_DATA 0000000180017318     user32:USER32.dll
 0002:00000320       __imp_CoTaskMemRealloc     0000000180017320     ole32:ole32.dll
 0002:00000328       __imp_CoCreateInstance     0000000180017328     ole32:ole32.dll
 0002:00000330       __imp_StringFromGUID2      0000000180017330     ole32:ole32.dll
 0002:00000338       __imp_CoTaskMemAlloc       0000000180017338     ole32:ole32.dll
 0002:00000340       __imp_CoTaskMemFree        0000000180017340     ole32:ole32.dll
 0002:00000348       \177ole32_NULL_THUNK_DATA  0000000180017348     ole32:ole32.dll
 0002:00000350       __guard_check_icall_fptr   0000000180017350     LIBCMT:guard_support.obj
 0002:00000358       __guard_xfg_check_icall_fptr 0000000180017358     LIBCMT:guard_support.obj
 0002:00000360       __guard_dispatch_icall_fptr 0000000180017360     LIBCMT:guard_support.obj
 0002:00000368       __guard_xfg_dispatch_icall_fptr 0000000180017368     LIBCMT:guard_support.obj
 0002:00000370       __guard_xfg_table_dispatch_icall_fptr 0000000180017370     LIBCMT:guard_support.obj
 0002:00000378       __castguard_check_failure_os_handled_fptr 0000000180017378     LIBCMT:guard_support.obj
 0002:00000380       __xc_a                     0000000180017380     LIBCMT:initializers.obj
 0002:000003a0       __xc_z                     00000001800173a0     LIBCMT:initializers.obj
 0002:000003a8       __xi_a                     00000001800173a8     LIBCMT:initializers.obj
 0002:000003b0       __acrt_multibyte_initializer 00000001800173b0     libucrt:multibyte_initializer.obj
 0002:000003b8       __acrt_stdio_initializer   00000001800173b8     libucrt:stdio_initializer.obj
 0002:000003c0       __acrt_tran_fma3_initializer 00000001800173c0     libucrt:fma3_initializer.obj
 0002:000003c8       __xi_z                     00000001800173c8     LIBCMT:initializers.obj
 0002:000003d0       __xp_a                     00000001800173d0     LIBCMT:initializers.obj
 0002:000003d8       __acrt_locale_terminator   00000001800173d8     libucrt:locale_initializer.obj
 0002:000003e0       __dcrt_console_output_terminator 00000001800173e0     libucrt:console_output_initializer.obj
 0002:000003e8       __acrt_stdio_terminator    00000001800173e8     libucrt:stdio_initializer.obj
 0002:000003f0       __xp_z                     00000001800173f0     LIBCMT:initializers.obj
 0002:000003f8       __xt_a                     00000001800173f8     LIBCMT:initializers.obj
 0002:00000400       __xt_z                     0000000180017400     LIBCMT:initializers.obj
 0002:00000410       ??_C@_13HADIAKP@?$AAS@     0000000180017410     StdAfx.obj
 0002:00000414       ??_C@_13LHMFKAAD@?$AAM@    0000000180017414     StdAfx.obj
 0002:00000418       ??_C@_13MKMNOPIJ@?$AAD@    0000000180017418     StdAfx.obj
 0002:0000041c       ??_C@_13OPKGLAFF@?$AAB@    000000018001741c     StdAfx.obj
 0002:00000420       ??_C@_17LLMMEOJD@?$AAV?$AAa?$AAl@ 0000000180017420     StdAfx.obj
 0002:00000428       ??_C@_1BI@JFAIJMHL@?$AAF?$AAo?$AAr?$AAc?$AAe?$AAR?$AAe?$AAm?$AAo?$AAv?$AAe@ 0000000180017428     StdAfx.obj
 0002:00000440       ??_C@_1BC@GCKHIPE@?$AAN?$AAo?$AAR?$AAe?$AAm?$AAo?$AAv?$AAe@ 0000000180017440     StdAfx.obj
 0002:00000458       ??_C@_1O@JDLOHAN@?$AAD?$AAe?$AAl?$AAe?$AAt?$AAe@ 0000000180017458     StdAfx.obj
 0002:00000468       ??_C@_1BK@BIGILECK@?$AAA?$AAd?$AAv?$AAa?$AAp?$AAi?$AA3?$AA2?$AA?4?$AAd?$AAl?$AAl@ 0000000180017468     OposConstants.obj
 0002:00000488       ??_C@_0BI@MNCFCPFK@RegCreateKeyTransactedW@ 0000000180017488     OposConstants.obj
 0002:000004a0       _GUID_00000146_0000_0000_c000_000000000046 00000001800174a0     OposConstants.obj
 0002:000004b0       LIBID_OPOSCONSTANTSLib     00000001800174b0     OposConstants.obj
 0002:000004c0       ??_7CComModule@ATL@@6B@    00000001800174c0     OposConstants.obj
 0002:00000510       ??_C@_1M@KANJNLFF@?$AAC?$AAL?$AAS?$AAI?$AAD@ 0000000180017510     OposConstants.obj
 0002:00000520       ??_C@_1M@EJNEECMJ@?$AAA?$AAp?$AAp?$AAI?$AAD@ 0000000180017520     OposConstants.obj
 0002:00000530       ??_C@_1M@PPPPCDEP@?$AAA?$AAP?$AAP?$AAI?$AAD@ 0000000180017530     OposConstants.obj
 0002:00000540       ?rgszNeverDelete@CRegParser@ATL@@1QBQEB_WB 0000000180017540     OposConstants.obj
 0002:000005a0       ??_7CRegObject@ATL@@6B@    00000001800175a0     OposConstants.obj
 0002:000005d0       ??_C@_1CK@OEKPKBNA@?$AAC?$AAo?$AAm?$AAp?$AAo?$AAn?$AAe?$AAn?$AAt?$AA?5?$AAC?$AAa?$AAt?$AAe?$AAg@ 00000001800175d0     OposConstants.obj
 0002:00000600       ??_C@_1BC@NKMMNMGL@?$AAF?$AAi?$AAl?$AAe?$AAT?$AAy?$AAp?$AAe@ 0000000180017600     OposConstants.obj
 0002:00000618       ??_C@_1BE@EKPAFMCP@?$AAI?$AAn?$AAt?$AAe?$AAr?$AAf?$AAa?$AAc?$AAe@ 0000000180017618     OposConstants.obj
 0002:00000630       ??_C@_1BC@MAICEHGI@?$AAH?$AAa?$AAr?$AAd?$AAw?$AAa?$AAr?$AAe@ 0000000180017630     OposConstants.obj
 0002:00000648       ??_C@_19HLLLM@?$AAM?$AAi?$AAm?$AAe@ 0000000180017648     OposConstants.obj
 0002:00000658       ??_C@_17OMAOINJK@?$AAS?$AAA?$AAM@ 0000000180017658     OposConstants.obj
 0002:00000660       ??_C@_1BC@IBECJAAI@?$AAS?$AAE?$AAC?$AAU?$AAR?$AAI?$AAT?$AAY@ 0000000180017660     OposConstants.obj
 0002:00000678       ??_C@_1O@GBFINDKL@?$AAS?$AAY?$AAS?$AAT?$AAE?$AAM@ 0000000180017678     OposConstants.obj
 0002:00000688       ??_C@_1BC@EAHCMADO@?$AAS?$AAo?$AAf?$AAt?$AAw?$AAa?$AAr?$AAe@ 0000000180017688     OposConstants.obj
 0002:000006a0       ??_C@_1BA@JIHHIEDE@?$AAT?$AAy?$AAp?$AAe?$AAL?$AAi?$AAb@ 00000001800176a0     OposConstants.obj
 0002:000006b0       ?map@?1??HKeyFromString@CRegParser@ATL@@KAPEAUHKEY__@@PEA_W@Z@4QBUkeymap@?1??123@KAPEAU4@0@Z@B 00000001800176b0     OposConstants.obj
 0002:00000790       ??_C@_19NCHLBIN@?$AAH?$AAK?$AAC?$AAR@ 0000000180017790     OposConstants.obj
 0002:000007a0       ??_C@_19JAPAIJDE@?$AAH?$AAK?$AAC?$AAU@ 00000001800177a0     OposConstants.obj
 0002:000007b0       ??_C@_19PEALEEJB@?$AAH?$AAK?$AAL?$AAM@ 00000001800177b0     OposConstants.obj
 0002:000007c0       ??_C@_17PJOJPMPB@?$AAH?$AAK?$AAU@ 00000001800177c0     OposConstants.obj
 0002:000007c8       ??_C@_19PNBHMJPL@?$AAH?$AAK?$AAP?$AAD@ 00000001800177c8     OposConstants.obj
 0002:000007d8       ??_C@_19GFFAIJHG@?$AAH?$AAK?$AAD?$AAD@ 00000001800177d8     OposConstants.obj
 0002:000007e8       ??_C@_19OFICIBHH@?$AAH?$AAK?$AAC?$AAC@ 00000001800177e8     OposConstants.obj
 0002:000007f8       ??_C@_1CE@PACHPJFI@?$AAH?$AAK?$AAE?$AAY?$AA_?$AAC?$AAL?$AAA?$AAS?$AAS?$AAE?$AAS?$AA_?$AAR?$AAO@ 00000001800177f8     OposConstants.obj
 0002:00000820       ??_C@_1CE@HLHNCBPM@?$AAH?$AAK?$AAE?$AAY?$AA_?$AAC?$AAU?$AAR?$AAR?$AAE?$AAN?$AAT?$AA_?$AAU?$AAS@ 0000000180017820     OposConstants.obj
 0002:00000848       ??_C@_1CG@GFBEANJL@?$AAH?$AAK?$AAE?$AAY?$AA_?$AAL?$AAO?$AAC?$AAA?$AAL?$AA_?$AAM?$AAA?$AAC?$AAH@ 0000000180017848     OposConstants.obj
 0002:00000870       ??_C@_1BG@BGODANIO@?$AAH?$AAK?$AAE?$AAY?$AA_?$AAU?$AAS?$AAE?$AAR?$AAS@ 0000000180017870     OposConstants.obj
 0002:00000888       ??_C@_1CM@KHNNAOIC@?$AAH?$AAK?$AAE?$AAY?$AA_?$AAP?$AAE?$AAR?$AAF?$AAO?$AAR?$AAM?$AAA?$AAN?$AAC@ 0000000180017888     OposConstants.obj
 0002:000008b8       ??_C@_1BM@HAGMMHIA@?$AAH?$AAK?$AAE?$AAY?$AA_?$AAD?$AAY?$AAN?$AA_?$AAD?$AAA?$AAT?$AAA@ 00000001800178b8     OposConstants.obj
 0002:000008d8       ??_C@_1CI@BBJOACGG@?$AAH?$AAK?$AAE?$AAY?$AA_?$AAC?$AAU?$AAR?$AAR?$AAE?$AAN?$AAT?$AA_?$AAC?$AAO@ 00000001800178d8     OposConstants.obj
 0002:00000900       ??_C@_1EA@NHKLICFA@?$AAH?$AAK?$AAC?$AAU?$AA?$AN?$AA?6?$AA?$HL?$AA?7?$AAS?$AAo?$AAf?$AAt?$AAw?$AAa?$AAr@ 0000000180017900     OposConstants.obj
 0002:00000940       ??_C@_1BE@LJOLIMEM@?$AA?$AN?$AA?6?$AA?7?$AA?$HN?$AA?$AN?$AA?6?$AA?$HN?$AA?$AN?$AA?6@ 0000000180017940     OposConstants.obj
 0002:00000958       ??_C@_1O@MNLDABAF@?$AAM?$AAo?$AAd?$AAu?$AAl?$AAe@ 0000000180017958     OposConstants.obj
 0002:00000968       ??_C@_1BG@JBACFMF@?$AAM?$AAo?$AAd?$AAu?$AAl?$AAe?$AA_?$AAR?$AAa?$AAw@ 0000000180017968     OposConstants.obj
 0002:00000980       ??_C@_1BC@KAILKFFG@?$AAR?$AAE?$AAG?$AAI?$AAS?$AAT?$AAR?$AAY@ 0000000180017980     OposConstants.obj
 0002:00000994       ??_C@_11LOCGONAA@@         0000000180017994     OposConstants.obj
 0002:00000998       _GUID_00000000_0000_0000_c000_000000000046 0000000180017998     OposConstants.obj
 0002:000009a8       ??_C@_0BG@EKFFMJIO@RegOpenKeyTransactedW@ 00000001800179a8     OposConstants.obj
 0002:000009c0       ??_C@_0BI@HAKLOOGP@RegDeleteKeyTransactedW@ 00000001800179c0     OposConstants.obj
 0002:000009d8       ??_C@_0BA@LILAPHGE@RegDeleteKeyExW@ 00000001800179d8     OposConstants.obj
 0002:000009e8       ??_C@_19ILOCMLCJ@?$AA?4?$AAt?$AAl?$AAb@ 00000001800179e8     OposConstants.obj
 0002:000009f8       _GUID_0002e012_0000_0000_c000_000000000046 00000001800179f8     OposConstants.obj
 0002:00000a08       ??_C@_1O@FHBGLCIO@?$AAC?$AAL?$AAS?$AAI?$AAD?$AA?2@ 0000000180017a08     OposConstants.obj
 0002:00000a18       ??_C@_1CK@IFBKBFAA@?$AA?2?$AAR?$AAe?$AAq?$AAu?$AAi?$AAr?$AAe?$AAd?$AA?5?$AAC?$AAa?$AAt?$AAe?$AAg@ 0000000180017a18     OposConstants.obj
 0002:00000a48       ??_C@_1DA@BIHALFED@?$AA?2?$AAI?$AAm?$AAp?$AAl?$AAe?$AAm?$AAe?$AAn?$AAt?$AAe?$AAd?$AA?5?$AAC?$AAa@ 0000000180017a48     OposConstants.obj
 0002:00000a78       ??_C@_1BK@EDKOLFBJ@?$AAO?$AAL?$AAE?$AAA?$AAU?$AAT?$AA3?$AA2?$AA?4?$AAD?$AAL?$AAL@ 0000000180017a78     OposConstants.obj
 0002:00000a98       ??_C@_0BJ@CNLFOMHB@UnRegisterTypeLibForUser@ 0000000180017a98     OposConstants.obj
 0002:00000ab8       ??_C@_0BH@LBOMMKPJ@RegisterTypeLibForUser@ 0000000180017ab8     OposConstants.obj
 0002:00000ad0       GUID_NULL                  0000000180017ad0     uuid:cguid_i.obj
 0002:00000ae0       CLSID_StdGlobalInterfaceTable 0000000180017ae0     uuid:cguid_i.obj
 0002:00000af0       CLSID_StdComponentCategoriesMgr 0000000180017af0     uuid:ieguids.obj
 0002:00000b00       GUID_ATLVer110             0000000180017b00     atls:atlbase.obj
 0002:00000b10       ??_C@_1IC@ONKHOIDK@?$AAE?$AAR?$AAR?$AAO?$AAR?$AA?5?$AA?3?$AA?5?$AAU?$AAn?$AAa?$AAb?$AAl?$AAe?$AA?5@ 0000000180017b10     atls:atlbase.obj
 0002:00000ba0       __xmm@ffffffffffffffffffffffffffffffff 0000000180017ba0     LIBCMT:utility.obj
 0002:00000bb0       ?nothrow@std@@3Unothrow_t@1@B 0000000180017bb0     LIBCMT:std_nothrow.obj
 0002:00000bc8       _pDefaultRawDllMain        0000000180017bc8     LIBCMT:dll_dllmain.obj
 0002:00000bc8       _pRawDllMain               0000000180017bc8     LIBCMT:dll_dllmain.obj
 0002:00000bd8       ??_7exception@std@@6B@     0000000180017bd8     LIBCMT:throw_bad_alloc.obj
 0002:00000be8       ??_C@_0BC@EOODALEL@Unknown?5exception@ 0000000180017be8     LIBCMT:throw_bad_alloc.obj
 0002:00000c08       ??_7bad_alloc@std@@6B@     0000000180017c08     LIBCMT:throw_bad_alloc.obj
 0002:00000c18       ??_C@_0P@GHFPNOJB@bad?5allocation@ 0000000180017c18     LIBCMT:throw_bad_alloc.obj
 0002:00000c30       ??_7bad_array_new_length@std@@6B@ 0000000180017c30     LIBCMT:throw_bad_alloc.obj
 0002:00000c40       ??_C@_0BF@KINCDENJ@bad?5array?5new?5length@ 0000000180017c40     LIBCMT:throw_bad_alloc.obj
 0002:00000c60       ??_7type_info@@6B@         0000000180017c60     LIBCMT:std_type_info_static.obj
 0002:00000c68       _pDestructExceptionObject  0000000180017c68     libvcruntime:ehhelpers.obj
 0002:00000c70       ?s_negLengthTab@FH4@@3QBCB 0000000180017c70     libvcruntime:risctrnsctrl.obj
 0002:00000c80       ?s_shiftTab@FH4@@3QBEB     0000000180017c80     libvcruntime:risctrnsctrl.obj
 0002:00000dd0       ??_7bad_exception@std@@6B@ 0000000180017dd0     libvcruntime:frame.obj
 0002:00000de0       ??_C@_0O@DPKOEFFH@bad?5exception@ 0000000180017de0     libvcruntime:frame.obj
 0002:00001500       ??_C@_08EHJDFFNH@__based?$CI@ 0000000180018500     libvcruntime:undname.obj
 0002:00001510       ??_C@_07KOLFKCDI@__cdecl@  0000000180018510     libvcruntime:undname.obj
 0002:00001518       ??_C@_08GHMPAG@__pascal@   0000000180018518     libvcruntime:undname.obj
 0002:00001528       ??_C@_09IFJBGAPI@__stdcall@ 0000000180018528     libvcruntime:undname.obj
 0002:00001538       ??_C@_0L@NPHFGOKO@__thiscall@ 0000000180018538     libvcruntime:undname.obj
 0002:00001548       ??_C@_0L@JMKHOMEK@__fastcall@ 0000000180018548     libvcruntime:undname.obj
 0002:00001558       ??_C@_0N@BCKKPABJ@__vectorcall@ 0000000180018558     libvcruntime:undname.obj
 0002:00001568       ??_C@_09HIJEGCPM@__clrcall@ 0000000180018568     libvcruntime:undname.obj
 0002:00001574       ??_C@_06GHPCKEAG@__eabi@   0000000180018574     libvcruntime:undname.obj
 0002:00001580       ??_C@_09IOPIDJLG@__swift_1@ 0000000180018580     libvcruntime:undname.obj
 0002:00001590       ??_C@_09KFNFGKHF@__swift_2@ 0000000180018590     libvcruntime:undname.obj
 0002:000015a0       ??_C@_09LMMOFLDE@__swift_3@ 00000001800185a0     libvcruntime:undname.obj
 0002:000015b0       ??_C@_07JOMMBBKO@__ptr64@  00000001800185b0     libvcruntime:undname.obj
 0002:000015b8       ??_C@_0L@PILCLIHE@__restrict@ 00000001800185b8     libvcruntime:undname.obj
 0002:000015c8       ??_C@_0M@GFIIJFMG@__unaligned@ 00000001800185c8     libvcruntime:undname.obj
 0002:000015d8       ??_C@_09DHDLOLLB@restrict?$CI@ 00000001800185d8     libvcruntime:undname.obj
 0002:000015e2       ??_C@_00CNPNBAHC@@         00000001800185e2     libvcruntime:undname.obj
 0002:000015e4       ??_C@_04NIHEBCM@?5new@     00000001800185e4     libvcruntime:undname.obj
 0002:000015f0       ??_C@_07FPCDHGMM@?5delete@ 00000001800185f0     libvcruntime:undname.obj
 0002:000015f8       ??_C@_01NEMOKFLO@?$DN@     00000001800185f8     libvcruntime:undname.obj
 0002:000015fc       ??_C@_02GPIOPFAK@?$DO?$DO@ 00000001800185fc     libvcruntime:undname.obj
 0002:00001600       ??_C@_02FODMEDOG@?$DM?$DM@ 0000000180018600     libvcruntime:undname.obj
 0002:00001604       ??_C@_01DCLJPIOD@?$CB@     0000000180018604     libvcruntime:undname.obj
 0002:00001608       ??_C@_02EGOFBIJA@?$DN?$DN@ 0000000180018608     libvcruntime:undname.obj
 0002:0000160c       ??_C@_02FDNJECIE@?$CB?$DN@ 000000018001860c     libvcruntime:undname.obj
 0002:00001610       ??_C@_02GPECMEKF@?$FL?$FN@ 0000000180018610     libvcruntime:undname.obj
 0002:00001618       ??_C@_08LHJFAFGD@operator@ 0000000180018618     libvcruntime:undname.obj
 0002:00001624       ??_C@_02HBOOOICD@?9?$DO@   0000000180018624     libvcruntime:undname.obj
 0002:00001628       ??_C@_01NBENCBCI@?$CK@     0000000180018628     libvcruntime:undname.obj
 0002:0000162c       ??_C@_02ECNGHCIF@?$CL?$CL@ 000000018001862c     libvcruntime:undname.obj
 0002:00001630       ??_C@_02BAABKJLB@?9?9@     0000000180018630     libvcruntime:undname.obj
 0002:00001634       ??_C@_01JOAMLHOP@?9@       0000000180018634     libvcruntime:undname.obj
 0002:00001638       ??_C@_01MIFGBAGJ@?$CL@     0000000180018638     libvcruntime:undname.obj
 0002:0000163c       ??_C@_01HNPIGOCE@?$CG@     000000018001863c     libvcruntime:undname.obj
 0002:00001640       ??_C@_03MNHNFDLC@?9?$DO?$CK@ 0000000180018640     libvcruntime:undname.obj
 0002:00001644       ??_C@_01KMDKNFGN@?1@       0000000180018644     libvcruntime:undname.obj
 0002:00001648       ??_C@_01FGNFDNOH@?$CF@     0000000180018648     libvcruntime:undname.obj
 0002:0000164c       ??_C@_01MNNFJEPP@?$DM@     000000018001864c     libvcruntime:undname.obj
 0002:00001650       ??_C@_02EHCHHCKH@?$DM?$DN@ 0000000180018650     libvcruntime:undname.obj
 0002:00001654       ??_C@_01PPODPGHN@?$DO@     0000000180018654     libvcruntime:undname.obj
 0002:00001658       ??_C@_02EEKDKGMJ@?$DO?$DN@ 0000000180018658     libvcruntime:undname.obj
 0002:0000165c       ??_C@_01IHBHIGKO@?0@       000000018001865c     libvcruntime:undname.obj
 0002:00001660       ??_C@_02HCKGKOFO@?$CI?$CJ@ 0000000180018660     libvcruntime:undname.obj
 0002:00001664       ??_C@_01PJKLJHI@?$HO@      0000000180018664     libvcruntime:undname.obj
 0002:00001668       ??_C@_01JKBOJNNK@?$FO@     0000000180018668     libvcruntime:undname.obj
 0002:0000166c       ??_C@_01DNKMNLPK@?$HM@     000000018001866c     libvcruntime:undname.obj
 0002:00001670       ??_C@_02PPKAJPJL@?$CG?$CG@ 0000000180018670     libvcruntime:undname.obj
 0002:00001674       ??_C@_02NONPIBCD@?$HM?$HM@ 0000000180018674     libvcruntime:undname.obj
 0002:00001678       ??_C@_02FPIMKNGF@?$CK?$DN@ 0000000180018678     libvcruntime:undname.obj
 0002:0000167c       ??_C@_02FOEOMHFC@?$CL?$DN@ 000000018001867c     libvcruntime:undname.obj
 0002:00001680       ??_C@_02FKMDLLOA@?9?$DN@   0000000180018680     libvcruntime:undname.obj
 0002:00001684       ??_C@_02FJEHGPIO@?1?$DN@   0000000180018684     libvcruntime:undname.obj
 0002:00001688       ??_C@_02FENAOKFI@?$CF?$DN@ 0000000180018688     libvcruntime:undname.obj
 0002:0000168c       ??_C@_03IKFCCPFF@?$DO?$DO?$DN@ 000000018001868c     libvcruntime:undname.obj
 0002:00001690       ??_C@_03CDNPDDLA@?$DM?$DM?$DN@ 0000000180018690     libvcruntime:undname.obj
 0002:00001694       ??_C@_02FGJGFEAB@?$CG?$DN@ 0000000180018694     libvcruntime:undname.obj
 0002:00001698       ??_C@_02DHLNPPGH@?$HM?$DN@ 0000000180018698     libvcruntime:undname.obj
 0002:0000169c       ??_C@_02MHEGNOJ@?$FO?$DN@  000000018001869c     libvcruntime:undname.obj
 0002:000016a0       ??_C@_09IFPLHPGF@?$GAvftable?8@ 00000001800186a0     libvcruntime:undname.obj
 0002:000016b0       ??_C@_09BLBHBJP@?$GAvbtable?8@ 00000001800186b0     libvcruntime:undname.obj
 0002:000016c0       ??_C@_07FEEIOKP@?$GAvcall?8@ 00000001800186c0     libvcruntime:undname.obj
 0002:000016c8       ??_C@_08LLFFHHDJ@?$GAtypeof?8@ 00000001800186c8     libvcruntime:undname.obj
 0002:000016d8       ??_C@_0BF@KDPPACIK@?$GAlocal?5static?5guard?8@ 00000001800186d8     libvcruntime:undname.obj
 0002:000016f0       ??_C@_08OBABFOLI@?$GAstring?8@ 00000001800186f0     libvcruntime:undname.obj
 0002:00001700       ??_C@_0BD@JDLKDPAB@?$GAvbase?5destructor?8@ 0000000180018700     libvcruntime:undname.obj
 0002:00001718       ??_C@_0BN@DEGPLNFK@?$GAvector?5deleting?5destructor?8@ 0000000180018718     libvcruntime:undname.obj
 0002:00001738       ??_C@_0BO@OBMKPJIG@?$GAdefault?5constructor?5closure?8@ 0000000180018738     libvcruntime:undname.obj
 0002:00001758       ??_C@_0BN@IMDCHIKM@?$GAscalar?5deleting?5destructor?8@ 0000000180018758     libvcruntime:undname.obj
 0002:00001778       ??_C@_0BO@PFGOCPJJ@?$GAvector?5constructor?5iterator?8@ 0000000180018778     libvcruntime:undname.obj
 0002:00001798       ??_C@_0BN@LFPFMEDL@?$GAvector?5destructor?5iterator?8@ 0000000180018798     libvcruntime:undname.obj
 0002:000017b8       ??_C@_0CE@IKBNEHA@?$GAvector?5vbase?5constructor?5itera@ 00000001800187b8     libvcruntime:undname.obj
 0002:000017e0       ??_C@_0BL@NILFHHPC@?$GAvirtual?5displacement?5map?8@ 00000001800187e0     libvcruntime:undname.obj
 0002:00001800       ??_C@_0CB@JONCMFFK@?$GAeh?5vector?5constructor?5iterator@ 0000000180018800     libvcruntime:undname.obj
 0002:00001828       ??_C@_0CA@GCEOPDGL@?$GAeh?5vector?5destructor?5iterator?8@ 0000000180018828     libvcruntime:undname.obj
 0002:00001848       ??_C@_0CH@OOJPLCPH@?$GAeh?5vector?5vbase?5constructor?5it@ 0000000180018848     libvcruntime:undname.obj
 0002:00001870       ??_C@_0BL@LLKPOHJI@?$GAcopy?5constructor?5closure?8@ 0000000180018870     libvcruntime:undname.obj
 0002:00001890       ??_C@_0BA@KBCDOMBN@?$GAudt?5returning?8@ 0000000180018890     libvcruntime:undname.obj
 0002:000018a0       ??_C@_03KLGMFNMG@?$GAEH@   00000001800188a0     libvcruntime:undname.obj
 0002:000018a4       ??_C@_05KHLCHHI@?$GARTTI@  00000001800188a4     libvcruntime:undname.obj
 0002:000018b0       ??_C@_0BA@KKLDJDLB@?$GAlocal?5vftable?8@ 00000001800188b0     libvcruntime:undname.obj
 0002:000018c0       ??_C@_0CE@IIHCMGGL@?$GAlocal?5vftable?5constructor?5clos@ 00000001800188c0     libvcruntime:undname.obj
 0002:000018e4       ??_C@_06FHBGPFGH@?5new?$FL?$FN@ 00000001800188e4     libvcruntime:undname.obj
 0002:000018f0       ??_C@_09LBNFPBCA@?5delete?$FL?$FN@ 00000001800188f0     libvcruntime:undname.obj
 0002:00001900       ??_C@_0P@HJKNJFNN@?$GAomni?5callsig?8@ 0000000180018900     libvcruntime:undname.obj
 0002:00001910       ??_C@_0BL@CNOONJFP@?$GAplacement?5delete?5closure?8@ 0000000180018910     libvcruntime:undname.obj
 0002:00001930       ??_C@_0BN@CKNJLHMB@?$GAplacement?5delete?$FL?$FN?5closure?8@ 0000000180018930     libvcruntime:undname.obj
 0002:00001950       ??_C@_0CG@CFDHKGGD@?$GAmanaged?5vector?5constructor?5ite@ 0000000180018950     libvcruntime:undname.obj
 0002:00001978       ??_C@_0CF@IMGKMJNO@?$GAmanaged?5vector?5destructor?5iter@ 0000000180018978     libvcruntime:undname.obj
 0002:000019a0       ??_C@_0CG@HLDDJMAG@?$GAeh?5vector?5copy?5constructor?5ite@ 00000001800189a0     libvcruntime:undname.obj
 0002:000019c8       ??_C@_0CM@FCBBDIGB@?$GAeh?5vector?5vbase?5copy?5construct@ 00000001800189c8     libvcruntime:undname.obj
 0002:000019f8       ??_C@_0BL@CLIPGLGB@?$GAdynamic?5initializer?5for?5?8@ 00000001800189f8     libvcruntime:undname.obj
 0002:00001a18       ??_C@_0CB@PDBIFEP@?$GAdynamic?5atexit?5destructor?5for?5@ 0000000180018a18     libvcruntime:undname.obj
 0002:00001a40       ??_C@_0CD@CGAJBKEJ@?$GAvector?5copy?5constructor?5iterat@ 0000000180018a40     libvcruntime:undname.obj
 0002:00001a68       ??_C@_0CJ@GJELGAMM@?$GAvector?5vbase?5copy?5constructor?5@ 0000000180018a68     libvcruntime:undname.obj
 0002:00001a98       ??_C@_0CL@FGIJHLCE@?$GAmanaged?5vector?5copy?5constructo@ 0000000180018a98     libvcruntime:undname.obj
 0002:00001ac8       ??_C@_0BM@PMGGMLDN@?$GAlocal?5static?5thread?5guard?8@ 0000000180018ac8     libvcruntime:undname.obj
[...]
 0002:00009804       $unwind$??$?RV<lambda_7777bce6b2f8c936911f934f8298dc43>@@AEAV<lambda_f03950bc5685219e0bcd2087efbe011e>@@V<lambda_3883c3dff614d5e0c5f61bb1ac94921c>@@@?$__crt_seh_guarded_call@H@@QEAAH$$QEAV<lambda_7777bce6b2f8c936911f934f8298dc43>@@AEAV<lambda_f03950bc5685219e0bcd2087efbe011e>@@$$QEAV<lambda_3883c3dff614d5e0c5f61bb1ac94921c>@@@Z 0000000180020804     libucrt:onexit.obj
 0002:00009828       $unwind$terminate          0000000180020828     libucrt:terminate.obj
 0002:00009848       $unwind$_query_new_handler 0000000180020848     libucrt:new_handler.obj
 0002:00009868       $xdatasym                  0000000180020868     libucrt:strncmp.obj
 0002:0000986c       $unwind$_free_base         000000018002086c     libucrt:free_base.obj
 0002:0000986c       $unwind$?destroy_fls@@YAXPEAX@Z 000000018002086c     libucrt:per_thread_data.obj
 0002:0000986c       $unwind$__acrt_locale_free_numeric 000000018002086c     libucrt:initnum.obj
 0002:0000986c       $unwind$__acrt_locale_free_lc_time_if_unreferenced 000000018002086c     libucrt:locale_refcounting.obj
 0002:00009874       $unwind$?construct_ptd_array@@YAXQEAU__acrt_ptd@@@Z 0000000180020874     libucrt:per_thread_data.obj
 0002:0000987c       $unwind$?destroy_ptd_array@@YAXQEAU__acrt_ptd@@@Z 000000018002087c     libucrt:per_thread_data.obj
 0002:00009884       $unwind$??$?RV<lambda_0ae27a3a962d80f24befdcbee591983d>@@AEAV<lambda_8d0ee55de4b1038c4002e0adecdf1839>@@V<lambda_dc504788e8f1664fe9b84e20bfb512f2>@@@?$__crt_seh_guarded_call@X@@QEAAX$$QEAV<lambda_0ae27a3a962d80f24befdcbee591983d>@@AEAV<lambda_8d0ee55de4b1038c4002e0adecdf1839>@@$$QEAV<lambda_dc504788e8f1664fe9b84e20bfb512f2>@@@Z 0000000180020884     libucrt:per_thread_data.obj
 0002:000098a8       $unwind$??$?RV<lambda_aa87e3671a710a21b5dc78c0bdf72e11>@@AEAV<lambda_92619d2358a28f41a33ba319515a20b9>@@V<lambda_6992ecaafeb10aed2b74cb1fae11a551>@@@?$__crt_seh_guarded_call@X@@QEAAX$$QEAV<lambda_aa87e3671a710a21b5dc78c0bdf72e11>@@AEAV<lambda_92619d2358a28f41a33ba319515a20b9>@@$$QEAV<lambda_6992ecaafeb10aed2b74cb1fae11a551>@@@Z 00000001800208a8     libucrt:per_thread_data.obj
 0002:000098cc       $unwind$??$?RV<lambda_f2e299630e499de9f9a165e60fcd3db5>@@AEAV<lambda_2ae9d31cdba2644fcbeaf08da7c24588>@@V<lambda_40d01ff24d0e7b3814fdbdcee8eab3c7>@@@?$__crt_seh_guarded_call@X@@QEAAX$$QEAV<lambda_f2e299630e499de9f9a165e60fcd3db5>@@AEAV<lambda_2ae9d31cdba2644fcbeaf08da7c24588>@@$$QEAV<lambda_40d01ff24d0e7b3814fdbdcee8eab3c7>@@@Z 00000001800208cc     libucrt:per_thread_data.obj
 0002:000098f0       $unwind$??$?RV<lambda_2d41944a1d46af3157314b8a01080d33>@@AEAV<lambda_8f455de75cd7d7f24b4096f044d8b9e6>@@V<lambda_aa500f224e6afead328df44964fe2772>@@@?$__crt_seh_guarded_call@X@@QEAAX$$QEAV<lambda_2d41944a1d46af3157314b8a01080d33>@@AEAV<lambda_8f455de75cd7d7f24b4096f044d8b9e6>@@$$QEAV<lambda_aa500f224e6afead328df44964fe2772>@@@Z 00000001800208f0     libucrt:per_thread_data.obj
 0002:00009914       $unwind$__acrt_uninitialize_locale 0000000180020914     libucrt:wsetlocale.obj
 0002:00009914       $unwind$__acrt_get_sigabrt_handler 0000000180020914     libucrt:signal.obj
 0002:0000991c       $unwind$??$?RV<lambda_410d79af7f07d98d83a3f525b3859a53>@@AEAV<lambda_3e16ef9562a7dcce91392c22ab16ea36>@@V<lambda_38119f0e861e05405d8a144b9b982f0a>@@@?$__crt_seh_guarded_call@X@@QEAAX$$QEAV<lambda_410d79af7f07d98d83a3f525b3859a53>@@AEAV<lambda_3e16ef9562a7dcce91392c22ab16ea36>@@$$QEAV<lambda_38119f0e861e05405d8a144b9b982f0a>@@@Z 000000018002091c     libucrt:wsetlocale.obj
 0002:00009944       $unwind$??$common_expand_argv_wildcards@D@@YAHQEAPEADQEAPEAPEAD@Z 0000000180020944     libucrt:argv_wildcards.obj
 0002:0000995c       $unwind$__dcrt_get_narrow_environment_from_os 000000018002095c     libucrt:get_environment_from_os.obj
 0002:0000995c       $unwind$??$__acrt_convert_wcs_mbs_cp@_WDV<lambda_d8593a27d1aa8c02be35c86a17d324c4>@@U__crt_win32_buffer_internal_dynamic_resizing@@@@YAHQEB_WAEAV?$__crt_win32_buffer@DU__crt_win32_buffer_internal_dynamic_resizing@@@@AEBV<lambda_d8593a27d1aa8c02be35c86a17d324c4>@@I@Z 000000018002095c     libucrt:argv_wildcards.obj
 0002:00009974       $unwind$??$copy_and_add_argument_to_buffer@D@@YAHQEBD0_KAEAV?$argument_list@D@?A0x5f5c8891@@@Z 0000000180020974     libucrt:argv_wildcards.obj
 0002:00009990       $unwind$??$expand_argument_wildcards@D@@YAHQEAD0AEAV?$argument_list@D@?A0x5f5c8891@@@Z 0000000180020990     libucrt:argv_wildcards.obj
 0002:000099b0       $unwind$__acrt_GetModuleFileNameA 00000001800209b0     libucrt:getmodulefilenamea.obj
 0002:000099cc       $unwind$__dcrt_write_console 00000001800209cc     libucrt:initcon.obj
 0002:000099cc       $unwind$??$__acrt_convert_wcs_mbs_cp@_WDV<lambda_f788ae46380686e8b737efdd8c720d07>@@U__crt_win32_buffer_no_resizing@@@@YAHQEB_WAEAV?$__crt_win32_buffer@DU__crt_win32_buffer_no_resizing@@@@AEBV<lambda_f788ae46380686e8b737efdd8c720d07>@@I@Z 00000001800209cc     libucrt:getmodulefilenamea.obj
 0002:000099e0       $unwind$_setmbcp_nolock    00000001800209e0     libucrt:mbctype.obj
 0002:00009a00       $unwind$?update_thread_multibyte_data_internal@@YAPEAU__crt_multibyte_data@@QEAU__acrt_ptd@@QEAPEAU1@@Z 0000000180020a00     libucrt:mbctype.obj
 0002:00009a28       $unwind$?setmbcp_internal@@YAHH_NQEAU__acrt_ptd@@QEAPEAU__crt_multibyte_data@@@Z 0000000180020a28     libucrt:mbctype.obj
 0002:00009a40       $unwind$?setSBUpLow@@YAXPEAU__crt_multibyte_data@@@Z 0000000180020a40     libucrt:mbctype.obj
 0002:00009a5c       $unwind$??$?RV<lambda_efdfa57d1f175319df784efa44bb7b81>@@AEAV<lambda_5f0a4c1567f8adc6734073e5d1e1b35c>@@V<lambda_2e8a7d3640ea6ccb4c2413664c2db6fd>@@@?$__crt_seh_guarded_call@X@@QEAAX$$QEAV<lambda_efdfa57d1f175319df784efa44bb7b81>@@AEAV<lambda_5f0a4c1567f8adc6734073e5d1e1b35c>@@$$QEAV<lambda_2e8a7d3640ea6ccb4c2413664c2db6fd>@@@Z 0000000180020a5c     libucrt:mbctype.obj
 0002:00009a80       $unwind$?x_ismbbtype_l@@YAHPEAU__crt_locale_pointers@@IHH@Z 0000000180020a80     libucrt:ismbbyte.obj
 0002:00009a90       $unwind$__acrt_WideCharToMultiByte 0000000180020a90     libucrt:widechartomultibyte.obj
 0002:00009a9c       $unwind$__acrt_initialize_winapi_thunks 0000000180020a9c     libucrt:winapi_thunks.obj
 0002:00009aa4       $unwind$__acrt_LCMapStringEx 0000000180020aa4     libucrt:winapi_thunks.obj
 0002:00009ab8       $unwind$__acrt_initialize_lowio 0000000180020ab8     libucrt:ioinit.obj
 0002:00009ad8       $unwind$?initialize_inherited_file_handles_nolock@@YAXXZ 0000000180020ad8     libucrt:ioinit.obj
 0002:00009af4       $unwind$raise              0000000180020af4     libucrt:signal.obj
 0002:00009b30       $unwind$??$?RV<lambda_450d765d439847d4c735a33c368b5fc0>@@AEAV<lambda_44731a7d0e6d81c3e6aa82d741081786>@@V<lambda_601a2a7da3b7a96e9554ac7215c4b07c>@@@?$__crt_seh_guarded_call@P6AXH@Z@@QEAAP6AXH@Z$$QEAV<lambda_450d765d439847d4c735a33c368b5fc0>@@AEAV<lambda_44731a7d0e6d81c3e6aa82d741081786>@@$$QEAV<lambda_601a2a7da3b7a96e9554ac7215c4b07c>@@@Z 0000000180020b30     libucrt:signal.obj
 0002:00009b54       $unwind$fclose             0000000180020b54     libucrt:fclose.obj
 0002:00009b54       $unwind$_fflush_nolock     0000000180020b54     libucrt:fflush.obj
 0002:00009b64       $unwind$?common_flush_all@@YAH_N@Z 0000000180020b64     libucrt:fflush.obj
 0002:00009b6c       $unwind$??$?RV<lambda_842d9ff0dc9ef11c61343bbaebe7f885>@@AEAV<lambda_c5860995281e5c4ce005b3de8f5874ee>@@V<lambda_d90129c13df834fdcbf8d2b88dafcf2d>@@@?$__crt_seh_guarded_call@X@@QEAAX$$QEAV<lambda_842d9ff0dc9ef11c61343bbaebe7f885>@@AEAV<lambda_c5860995281e5c4ce005b3de8f5874ee>@@$$QEAV<lambda_d90129c13df834fdcbf8d2b88dafcf2d>@@@Z 0000000180020b6c     libucrt:fflush.obj
 0002:00009b90       $unwind$??$?RV<lambda_886d6c58226a84441f68b9f2b8217b83>@@AEAV<lambda_ab61a845afdef5b7c387490eaf3616ee>@@V<lambda_f7f22ab5edc0698d5f6905b0d3f44752>@@@?$__crt_seh_guarded_call@X@@QEAAX$$QEAV<lambda_886d6c58226a84441f68b9f2b8217b83>@@AEAV<lambda_ab61a845afdef5b7c387490eaf3616ee>@@$$QEAV<lambda_f7f22ab5edc0698d5f6905b0d3f44752>@@@Z 0000000180020b90     libucrt:fflush.obj
 0002:00009bb8       $unwind$__acrt_update_thread_locale_data 0000000180020bb8     libucrt:locale_refcounting.obj
 0002:00009bdc       $unwind$__acrt_locale_free_monetary 0000000180020bdc     libucrt:initmon.obj
 0002:00009be4       $unwind$__acrt_locale_free_time 0000000180020be4     libucrt:inittime.obj
 0002:00009bf4       $unwind$__acrt_GetStringTypeA 0000000180020bf4     libucrt:getstringtypea.obj
 0002:00009c1c       $unwind$qsort              0000000180020c1c     libucrt:qsort.obj
 0002:00009c34       $chain$4$qsort             0000000180020c34     libucrt:qsort.obj
 0002:00009c58       $chain$5$qsort             0000000180020c58     libucrt:qsort.obj
 0002:00009c68       $unwind$strpbrk            0000000180020c68     libucrt:strpbrk.obj
 0002:00009c78       $unwind$fallbackMethod     0000000180020c78     libucrt:strpbrk.obj
 0002:00009c88       $unwind$_mbsdec_l          0000000180020c88     libucrt:mbsdec.obj
 0002:00009c94       $unwind$__acrt_LCMapStringA 0000000180020c94     libucrt:lcmapstringa.obj
 0002:00009ca4       $unwind$?__acrt_LCMapStringA_stat@@YAHPEAU__crt_locale_pointers@@PEB_WKPEBDHPEADHHH@Z 0000000180020ca4     libucrt:lcmapstringa.obj
 0002:00009ccc       $unwind$__acrt_lowio_destroy_handle_array 0000000180020ccc     libucrt:osfinfo.obj
 0002:00009cdc       $unwind$__acrt_lowio_ensure_fh_exists 0000000180020cdc     libucrt:osfinfo.obj
 0002:00009d08       $unwind$_commit            0000000180020d08     libucrt:commit.obj
 0002:00009d10       $unwind$??$?RV<lambda_a37b2b86f63e897a80ea819b0eb08c01>@@AEAV<lambda_38ce7e780aa69e748d6df282ebc68efe>@@V<lambda_99fb1378e971ab6e7edea83e3a7a83a2>@@@?$__crt_seh_guarded_call@H@@QEAAH$$QEAV<lambda_a37b2b86f63e897a80ea819b0eb08c01>@@AEAV<lambda_38ce7e780aa69e748d6df282ebc68efe>@@$$QEAV<lambda_99fb1378e971ab6e7edea83e3a7a83a2>@@@Z 0000000180020d10     libucrt:commit.obj
 0002:00009d34       $unwind$_write_nolock      0000000180020d34     libucrt:write.obj
 0002:00009d4c       $unwind$_write_internal    0000000180020d4c     libucrt:write.obj
 0002:00009d7c       $unwind$?write_double_translated_ansi_nolock@@YA?AUwrite_result@?A0x17268360@@HQEBDIAEAV__crt_cached_ptd_host@@@Z 0000000180020d7c     libucrt:write.obj
 0002:00009da8       $ip2state$?write_double_translated_ansi_nolock@@YA?AUwrite_result@?A0x17268360@@HQEBDIAEAV__crt_cached_ptd_host@@@Z 0000000180020da8     libucrt:write.obj
 0002:00009db0       $unwind$?write_text_ansi_nolock@@YA?AUwrite_result@?A0x17268360@@HQEBDI@Z 0000000180020db0     libucrt:write.obj
 0002:00009db0       $unwind$?write_text_utf16le_nolock@@YA?AUwrite_result@?A0x17268360@@HQEBDI@Z 0000000180020db0     libucrt:write.obj
 0002:00009dd0       $unwind$?write_text_utf8_nolock@@YA?AUwrite_result@?A0x17268360@@HQEBDI@Z 0000000180020dd0     libucrt:write.obj
 0002:00009df4       $unwind$_fcloseall         0000000180020df4     libucrt:closeall.obj
 0002:00009e18       $unwind$?__mbsrtowcs_utf8@__crt_mbstring@@YA_KPEA_WPEAPEBD_KPEAU_Mbstatet@@AEAV__crt_cached_ptd_host@@@Z 0000000180020e18     libucrt:mbrtowc.obj
 0002:00009e30       $unwind$_putwch_nolock     0000000180020e30     libucrt:putwch.obj
 0002:00009e38       $unwind$?_fclose_nolock_internal@@YAHQEAU_iobuf@@AEAV__crt_cached_ptd_host@@@Z 0000000180020e38     libucrt:fclose.obj
 0002:00009e48       $unwind$?_fclose_internal@@YAHQEAU_iobuf@@AEAV__crt_cached_ptd_host@@@Z 0000000180020e48     libucrt:fclose.obj
 0002:00009e70       $xdatasym                  0000000180020e70     libucrt:log10.obj
 0002:00009e7c       $unwind$?__mbrtoc32_utf8@__crt_mbstring@@YA_KPEA_UPEBD_KPEAU_Mbstatet@@AEAV__crt_cached_ptd_host@@@Z 0000000180020e7c     libucrt:mbrtoc32.obj
 0002:00009e98       $unwind$_close_internal    0000000180020e98     libucrt:close.obj
 0002:00009ea0       $unwind$??$?RV<lambda_ad8af0d99a0adf03d037d7dffe354bb5>@@AEAV<lambda_c9ba49e555ba839a7b07aa3fbecb7617>@@V<lambda_2f1ebd5d68526518146ae959c9e734c8>@@@?$__crt_seh_guarded_call@H@@QEAAH$$QEAV<lambda_ad8af0d99a0adf03d037d7dffe354bb5>@@AEAV<lambda_c9ba49e555ba839a7b07aa3fbecb7617>@@$$QEAV<lambda_2f1ebd5d68526518146ae959c9e734c8>@@@Z 0000000180020ea0     libucrt:close.obj
 0002:00009ec4       $unwind$_call_matherr      0000000180020ec4     libucrt:libm_error.obj
 0002:00009ecc       $unwind$_handle_error      0000000180020ecc     libucrt:libm_error.obj
 0002:00009eec       $unwind$__acrt_initialize_fma3 0000000180020eec     libucrt:fma3_available.obj
 0002:00009ef4       $unwind$_log_special_common 0000000180020ef4     libucrt:log_special.obj
 0002:00009f00       $xdatasym                  0000000180020f00     libucrt:fpsr.obj
 0002:00009f08       $unwind$_raise_exc_ex      0000000180020f08     libucrt:fpexcept.obj
 0002:00009f1c       $unwind$_ctrlfp            0000000180020f1c     libucrt:fpctrl.obj
 0002:00009f44       $unwind$_IsNonwritableInCurrentImage 0000000180020f44     LIBCMT:pesect.obj
 0002:00009f68       $xdatasym                  0000000180020f68     libvcruntime:memcmp.obj
 0002:0000a0d0       .edata                     00000001800210d0     Opos_Constants.exp
 0002:0000a0f8       rgpv                       00000001800210f8     Opos_Constants.exp
 0002:0000a108       rgszName                   0000000180021108     Opos_Constants.exp
 0002:0000a118       rgwOrd                     0000000180021118     Opos_Constants.exp
 0002:0000a120       szName                     0000000180021120     Opos_Constants.exp
 0002:0000a133       $N00001                    0000000180021133     Opos_Constants.exp
 0002:0000a143       $N00002                    0000000180021143     Opos_Constants.exp
 0002:0000a155       $N00003                    0000000180021155     Opos_Constants.exp
 0002:0000a167       $N00004                    0000000180021167     Opos_Constants.exp
 0002:0000a6bc       .idata$6                   00000001800216bc     kernel32:KERNEL32.dll
 0002:0000a6d6       .idata$6                   00000001800216d6     user32:USER32.dll
 0002:0000a76a       .idata$6                   000000018002176a     advapi32:ADVAPI32.dll
 0002:0000a7d4       .idata$6                   00000001800217d4     ole32:ole32.dll
 0002:0000a7de       .idata$6                   00000001800217de     oleaut32:OLEAUT32.dll
 0003:00000080       ?__vcrt_flsindex@@3KA      0000000180022080     libvcruntime:per_thread_data.obj
 0003:00000090       ?errno_no_memory@@3HA      0000000180022090     libucrt:errno.obj
 0003:00000094       ?doserrno_no_memory@@3KA   0000000180022094     libucrt:errno.obj
 0003:000000a0       ?__acrt_flsindex@@3KA      00000001800220a0     libucrt:per_thread_data.obj
 0003:00000450       _mbctypes                  0000000180022450     libucrt:mbctype.obj
 0003:00000560       _mbcasemaps                0000000180022560     libucrt:mbctype.obj
 0003:00000660       ?__rgctypeflag@@3PADA      0000000180022660     libucrt:mbctype.obj
 0003:00000670       ?__rgcode_page_info@@3PAUcode_page_info@@A 0000000180022670     libucrt:mbctype.obj
 0003:00000a20       ?__dcrt_lowio_console_output_handle@@3PEAXEA 0000000180022a20     libucrt:initcon.obj
 0003:00000a30       ?dazSupported@?1??_ctrlfp@@9@9 0000000180022a30     libucrt:fpctrl.obj
 0003:00000bb0       ?ObjectMap@@3PAU_ATL_OBJMAP_ENTRY30@ATL@@A 0000000180022bb0     OposConstants.obj
 0003:00000c78       ?is_initialized_as_dll@@3_NA 0000000180022c78     LIBCMT:utility.obj
 0003:00000c79       ?module_local_atexit_table_initialized@@3_NA 0000000180022c79     LIBCMT:utility.obj
 0003:00000c80       ?module_local_atexit_table@@3U_onexit_table_t@@A 0000000180022c80     LIBCMT:utility.obj
 0003:00000c98       ?module_local_at_quick_exit_table@@3U_onexit_table_t@@A 0000000180022c98     LIBCMT:utility.obj
 0003:00000cb0       GS_ExceptionRecord         0000000180022cb0     LIBCMT:gs_report.obj
 0003:00000d50       GS_ContextRecord           0000000180022d50     LIBCMT:gs_report.obj
 0003:00001220       ?__proc_attached@@3HA      0000000180023220     LIBCMT:dll_dllmain.obj
 0003:00001260       ?__vcrt_startup_thread_ptd@@3U__vcrt_ptd@@A 0000000180023260     libvcruntime:per_thread_data.obj
 0003:000012e0       __vcrt_lock_table          00000001800232e0     libvcruntime:locks.obj
 0003:00001308       __vcrt_locks_initialized   0000000180023308     libvcruntime:locks.obj
 0003:00001350       ?heap@@3V_HeapManager@@A   0000000180023350     libvcruntime:undname.obj
 0003:00001378       ?module_handles@@3PAPEAUHINSTANCE__@@A 0000000180023378     libvcruntime:winapi_downlevel.obj
 0003:00001390       ?function_pointers@@3PAPEAXA 0000000180023390     libvcruntime:winapi_downlevel.obj
 0003:000013c0       ?__acrt_invalid_parameter_handler@@3V?$dual_state_global@P6AXPEB_W00I_K@Z@__crt_state_management@@A 00000001800233c0     libucrt:invalid_parameter.obj
 0003:000013c8       ?c_termination_complete@@3JA 00000001800233c8     libucrt:exit.obj
 0003:000013d0       ?thread_local_exit_callback_func@@3P6AXPEAXK0@ZEA 00000001800233d0     libucrt:exit.obj
 0003:000013e0       ?program_name@?1???$common_configure_argv@D@@YAHW4_crt_argv_mode@@@Z@4PADA 00000001800233e0     libucrt:argv_parsing.obj
 0003:00001538       ?__acrt_new_handler@@3V?$dual_state_global@P6AH_K@Z@__crt_state_management@@A 0000000180023538     libucrt:new_handler.obj
 0003:00001550       ?__acrt_lock_table@@3PAU_RTL_CRITICAL_SECTION@@A 0000000180023550     libucrt:locks.obj
 0003:00001780       ?__acrt_locks_initialized@@3IA 0000000180023780     libucrt:locks.obj
 0003:000017a0       ?fSystemSet@@3HA           00000001800237a0     libucrt:mbctype.obj
 0003:000017a4       ?initialized@?1??__acrt_initialize_multibyte@@9@4_NA 00000001800237a4     libucrt:mbctype.obj
 0003:000017e0       ?module_handles@@3PAPEAUHINSTANCE__@@A 00000001800237e0     libucrt:winapi_thunks.obj
 0003:00001880       ?encoded_function_pointers@@3PAPEAXA 0000000180023880     libucrt:winapi_thunks.obj
 0003:00001d88       ?ctrlc_action@@3V?$dual_state_global@P6AXH@Z@__crt_state_management@@A 0000000180023d88     libucrt:signal.obj
 0003:00001d90       ?ctrlbreak_action@@3V?$dual_state_global@P6AXH@Z@__crt_state_management@@A 0000000180023d90     libucrt:signal.obj
 0003:00001d98       ?abort_action@@3V?$dual_state_global@P6AXH@Z@__crt_state_management@@A 0000000180023d98     libucrt:signal.obj
 0003:00001da0       ?term_action@@3V?$dual_state_global@P6AXH@Z@__crt_state_management@@A 0000000180023da0     libucrt:signal.obj
 0003:00001da8       ?user_matherr@@3V?$dual_state_global@P6AHPEAU_exception@@@Z@__crt_state_management@@A 0000000180023da8     libucrt:matherr.obj
 0003:00001dd0       ?internal_state@?1??_mbtowc_internal@@9@4U_Mbstatet@@A 0000000180023dd0     libucrt:mbtowc.obj
 0003:00001de0       ?__acrt_global_new_mode@@3V?$dual_state_global@J@__crt_state_management@@A 0000000180023de0     libucrt:new_mode.obj
 0003:00001de4       ?__acrt_app_type@@3W4_crt_app_type@@A 0000000180023de4     libucrt:report_runtime_error.obj
 0003:00001de8       ?internal_pst@?1??__mbrtoc32_utf8@__crt_mbstring@@YA_KPEA_UPEBD_KPEAU_Mbstatet@@AEAV__crt_cached_ptd_host@@@Z@4U3@A 0000000180023de8     libucrt:mbrtoc32.obj
 0005:00000000       MoveSmall                  0000000180026000     libvcruntime:memcpy.obj
 0005:00000040       MoveSmallYmm               0000000180026040     libvcruntime:memcpy.obj
 0005:00000064       MoveSmallYmmNT             0000000180026064     libvcruntime:memcpy.obj
 0005:00000088       MoveSmallXmm               0000000180026088     libvcruntime:memcpy.obj
 0005:000000b0       MsetTab                    00000001800260b0     libvcruntime:memset.obj
 0006:00000140       $R000000                   0000000180027140     OposConstants.res
 0006:00000aa8       $R000968                   0000000180027aa8     OposConstants.res
 0006:0001dac8       $R01D988                   0000000180044ac8     OposConstants.res
 0006:0001db08       $R01D9C8                   0000000180044b08     OposConstants.res
