 OPOSElectronicJournal

 Timestamp is 5ed457d6 (Mon Jun  1 10:20:22 2020)

 Preferred load address is 0000000180000000

 Start         Length     Name                   Class
 0001:00000000 000000c0H .text$di                CODE
 0001:000000c0 00021ff0H .text$mn                CODE
 0001:000220b0 00000040H .text$mn$00             CODE
 0001:000220f0 000004b0H .text$x                 CODE
 0001:000225a0 00000078H .text$yd                CODE
 0002:00000000 00000618H .idata$5                DATA
 0002:00000618 00000028H .00cfg                  DATA
 0002:00000640 00000008H .CRT$XCA                DATA
 0002:00000648 00000008H .CRT$XCL                DATA
 0002:00000650 00000020H .CRT$XCU                DATA
 0002:00000670 00000008H .CRT$XCZ                DATA
 0002:00000678 00000008H .CRT$XIA                DATA
 0002:00000680 00000020H .CRT$XIC                DATA
 0002:000006a0 00000008H .CRT$XIZ                DATA
 0002:000006a8 00000008H .CRT$XLA                DATA
 0002:000006b0 00000008H .CRT$XLZ                DATA
 0002:000006b8 00000008H .CRT$XPA                DATA
 0002:000006c0 00000010H .CRT$XPX                DATA
 0002:000006d0 00000008H .CRT$XPXA               DATA
 0002:000006d8 00000008H .CRT$XPZ                DATA
 0002:000006e0 00000008H .CRT$XTA                DATA
 0002:000006e8 00000008H .CRT$XTZ                DATA
 0002:000006f0 00000000H .gfids$y                DATA
 0002:000006f0 0000ab60H .rdata                  DATA
 0002:0000b250 00000028H .rdata$T                DATA
 0002:0000b278 00000274H .rdata$r                DATA
 0002:0000b4ec 00000414H .rdata$zzzdbg           DATA
 0002:0000b900 00000008H .rtc$IAA                DATA
 0002:0000b908 00000008H .rtc$IZZ                DATA
 0002:0000b910 00000008H .rtc$TAA                DATA
 0002:0000b918 00000008H .rtc$TZZ                DATA
 0002:0000b920 00000004H .tls                    DATA
 0002:0000b924 00000004H .tls$                   DATA
 0002:0000b928 00000008H .tls$ZZZ                DATA
 0002:0000b930 00001720H .xdata                  DATA
 0002:0000d050 00000150H .xdata$x                DATA
 0002:0000d1a0 00000008H ATL$__a                 DATA
 0002:0000d1a8 00000008H ATL$__z                 DATA
 0002:0000d1b0 000000b4H .edata                  DATA
 0002:0000d264 00000078H .idata$2                DATA
 0002:0000d2dc 00000014H .idata$3                DATA
 0002:0000d2f0 00000618H .idata$4                DATA
 0002:0000d908 00000c2aH .idata$6                DATA
 0003:00000000 00000e18H .data                   DATA
 0003:00000e18 000000c8H .data$r                 DATA
 0003:00000ee0 0000140cH .bss                    DATA
 0004:00000000 00002028H .pdata                  DATA
 0005:00000000 00000094H _RDATA                  DATA
 0006:00000000 00000220H .rsrc$01                DATA
 0006:00000220 000050e8H .rsrc$02                DATA

  Address         Publics by Value              Rva+Base               Lib:Object

 0000:00000000       __guard_fids_count         0000000000000000     <absolute>
 0000:00000000       __x64_code_ranges_to_entry_points 0000000000000000     <absolute>
 0000:00000000       __guard_longjmp_count      0000000000000000     <absolute>
 0000:00000000       __guard_longjmp_table      0000000000000000     <absolute>
 0000:00000000       __hybrid_code_map          0000000000000000     <absolute>
 0000:00000000       __arm64x_redirection_metadata 0000000000000000     <absolute>
 0000:00000000       __guard_iat_count          0000000000000000     <absolute>
 0000:00000000       __guard_eh_cont_count      0000000000000000     <absolute>
 0000:00000000       __guard_iat_table          0000000000000000     <absolute>
 0000:00000000       __arm64x_native_entrypoint 0000000000000000     <absolute>
 0000:00000000       __volatile_metadata        0000000000000000     <absolute>
 0000:00000000       __hybrid_code_map_count    0000000000000000     <absolute>
 0000:00000000       __guard_eh_cont_table      0000000000000000     <absolute>
 0000:00000000       __enclave_config           0000000000000000     <absolute>
 0000:00000000       ___safe_se_handler_count   0000000000000000     <absolute>
 0000:00000000       __AbsoluteZero             0000000000000000     <absolute>
 0000:00000000       ___safe_se_handler_table   0000000000000000     <absolute>
 0000:00000000       __guard_fids_table         0000000000000000     <absolute>
 0000:00000000       __hybrid_auxiliary_iat     0000000000000000     <absolute>
 0000:00000000       __dynamic_value_reloc_table 0000000000000000     <absolute>
 0000:00000100       __guard_flags              0000000000000100     <absolute>
 0000:00000000       __ImageBase                0000000180000000     <linker-defined>
 0001:000000c0       ?DupWide@_CW@@AEAAXXZ      00000001800010c0 f   CWString.obj
 0001:000000e8       ?cw_dup@@YAXPEBDAEAHAEAPEA_W1@Z 00000001800010e8 f   CWString.obj
 0001:000001c8       ?cw_memcpy@@YAHPEA_WPEBDH@Z 00000001800011c8 f   CWString.obj
 0001:00000214       ?cw_strcpy@@YAHPEA_WPEBD@Z 0000000180001214 f   CWString.obj
 0001:00000228       ??0CAtlComModule@ATL@@QEAA@XZ 0000000180001228 f i OposVariant.obj
 0001:000002a8       ??0CAtlWinModule@ATL@@QEAA@XZ 00000001800012a8 f i OposVariant.obj
 0001:00000314       ??0OposDispParms@@QEAA@PEAVOposVariant@@H@Z 0000000180001314 f   OposVariant.obj
 0001:000003bc       ??1OposDispParms@@QEAA@XZ  00000001800013bc f   OposVariant.obj
 0001:000003d4       ??_Estringdispid@CComTypeInfoHolder@ATL@@QEAAPEAXI@Z 00000001800013d4 f i OposVariant.obj
 0001:00000478       ?AtlWinModuleTerm@ATL@@YAJPEAU_ATL_WIN_MODULE70@1@PEAUHINSTANCE__@@@Z 0000000180001478 f i OposVariant.obj
 0001:00000528       ?ChangeBSTR@OposVariant@@QEAAXPEAPEA_WAEAJ@Z 0000000180001528 f   OposVariant.obj
 0001:00000588       ?ChangeCURRENCY@OposVariant@@QEAAXPEATtagCY@@AEAJ@Z 0000000180001588 f   OposVariant.obj
 0001:000005e8       ?ChangeLONG@OposVariant@@QEAAXPEAJAEAJ@Z 00000001800015e8 f   OposVariant.obj
 0001:00000644       ?GetLONG@OposVariant@@QEAAJXZ 0000000180001644 f   OposVariant.obj
 0001:00000668       ?SetBSTR@OposVariant@@QEAAXPEA_WAEAJ@Z 0000000180001668 f   OposVariant.obj
 0001:000006a8       ?SetBSTR_Copy@OposVariant@@QEAAXPEA_WAEAJ@Z 00000001800016a8 f   OposVariant.obj
 0001:00000718       ?SetBSTR_InOutPtr@OposVariant@@QEAA_NPEAPEA_WAEAJ@Z 0000000180001718 f   OposVariant.obj
 0001:00000768       ?SetBSTR_OutPtr@OposVariant@@QEAA_NPEAPEA_WAEAJ@Z 0000000180001768 f   OposVariant.obj
 0001:00000784       ?SetDispatch_Ptr@OposVariant@@QEAAXPEAUIDispatch@@AEAJ@Z 0000000180001784 f   OposVariant.obj
 0001:000007dc       ?SetLONG@OposVariant@@QEAAXJ@Z 00000001800017dc f   OposVariant.obj
 0001:0000080c       ?SetLONG_Ptr@OposVariant@@QEAAXPEAJAEAJ@Z 000000018000180c f   OposVariant.obj
 0001:00000858       ?SetString@OposVariant@@QEAAXPEB_WAEAJ@Z 0000000180001858 f   OposVariant.obj
 0001:000008bc       ?SetVARIANT_BOOL@OposVariant@@QEAAXF@Z 00000001800018bc f   OposVariant.obj
 0001:000008f4       ?Term@CAtlComModule@ATL@@QEAAXXZ 00000001800018f4 f i OposVariant.obj
 0001:00000964       ?_AtlInitializeCriticalSectionEx@ATL@@YAHPEAU_RTL_CRITICAL_SECTION@@KK@Z 0000000180001964 f i OposVariant.obj
 0001:0000096c       ?_AtlRaiseException@ATL@@YAXKK@Z 000000018000196c f i OposVariant.obj
 0001:0000097c       ?GetWindowProc@?$CWindowImplBaseT@VCWindow@ATL@@V?$CWinTraits@$0FGAAAAAA@$0A@@2@@ATL@@UEAAP6A_JPEAUHWND__@@I_K_J@ZXZ 000000018000197c f i ElectronicJournal.obj
 0001:00000984       ?StartWindowProc@?$CWindowImplBaseT@VCWindow@ATL@@V?$CWinTraits@$0FGAAAAAA@$0A@@2@@ATL@@SA_JPEAUHWND__@@I_K_J@Z 0000000180001984 f i ElectronicJournal.obj
 0001:00000a48       ?ObjectMain@CComObjectRootBase@ATL@@SAX_N@Z 0000000180001a48 f i ElectronicJournal.obj
 0001:00000a48       ?OnFinalMessage@?$CWindowImplBaseT@VCWindow@ATL@@V?$CWinTraits@$0FGAAAAAA@$0A@@2@@ATL@@UEAAXPEAUHWND__@@@Z 0000000180001a48 f i ElectronicJournal.obj
 0001:00000a48       _guard_check_icall_nop     0000000180001a48 f i LIBCMT:guard_support.obj
 0001:00000a4c       ?GetTypeInfoCount@?$IDispatchImpl@UIOPOSElectronicJournal@@$1?IID_IOPOSElectronicJournal@@3U_GUID@@B$1?LIBID_OposElectronicJournal_CCO@@3U3@B$00$0A@VCComTypeInfoHolder@ATL@@@ATL@@UEAAJPEAI@Z 0000000180001a4c f i ElectronicJournal.obj
 0001:00000a60       ?GetTypeInfo@?$IDispatchImpl@UIOPOSElectronicJournal@@$1?IID_IOPOSElectronicJournal@@3U_GUID@@B$1?LIBID_OposElectronicJournal_CCO@@3U3@B$00$0A@VCComTypeInfoHolder@ATL@@@ATL@@UEAAJIKPEAPEAUITypeInfo@@@Z 0000000180001a60 f i ElectronicJournal.obj
 0001:00000ac4       ?GetIDsOfNames@?$IDispatchImpl@UIOPOSElectronicJournal@@$1?IID_IOPOSElectronicJournal@@3U_GUID@@B$1?LIBID_OposElectronicJournal_CCO@@3U3@B$00$0A@VCComTypeInfoHolder@ATL@@@ATL@@UEAAJAEBU_GUID@@PEAPEA_WIKPEAJ@Z 0000000180001ac4 f i ElectronicJournal.obj
 0001:00000ad0       ?Invoke@?$IDispatchImpl@UIOPOSElectronicJournal@@$1?IID_IOPOSElectronicJournal@@3U_GUID@@B$1?LIBID_OposElectronicJournal_CCO@@3U3@B$00$0A@VCComTypeInfoHolder@ATL@@@ATL@@UEAAJJAEBU_GUID@@KGPEAUtagDISPPARAMS@@PEAUtagVARIANT@@PEAUtagEXCEPINFO@@PEAI@Z 0000000180001ad0 f i ElectronicJournal.obj
 0001:00000b60       ?CreateControlWindow@?$CComControl@VCOPOSElectronicJournal@@V?$CWindowImpl@VCOPOSElectronicJournal@@VCWindow@ATL@@V?$CWinTraits@$0FGAAAAAA@$0A@@3@@ATL@@@ATL@@UEAAPEAUHWND__@@PEAU3@AEAUtagRECT@@@Z 0000000180001b60 f i ElectronicJournal.obj
 0001:00000b98       ?ControlQueryInterface@?$CComControl@VCOPOSElectronicJournal@@V?$CWindowImpl@VCOPOSElectronicJournal@@VCWindow@ATL@@V?$CWinTraits@$0FGAAAAAA@$0A@@3@@ATL@@@ATL@@UEAAJAEBU_GUID@@PEAPEAX@Z 0000000180001b98 f i ElectronicJournal.obj
 0001:00000bac       ?GetClassID@?$IPersistStreamInitImpl@VCOPOSElectronicJournal@@@ATL@@UEAAJPEAU_GUID@@@Z 0000000180001bac f i ElectronicJournal.obj
 0001:00000bac       ?GetUserClassID@?$IOleObjectImpl@VCOPOSElectronicJournal@@@ATL@@UEAAJPEAU_GUID@@@Z 0000000180001bac f i ElectronicJournal.obj
 0001:00000bac       ?GetClassID@?$IPersistStorageImpl@VCOPOSElectronicJournal@@@ATL@@UEAAJPEAU_GUID@@@Z 0000000180001bac f i ElectronicJournal.obj
 0001:00000bc8       ?IsDirty@?$IPersistStreamInitImpl@VCOPOSElectronicJournal@@@ATL@@UEAAJXZ 0000000180001bc8 f i ElectronicJournal.obj
 0001:00000be4       ?Load@?$IPersistStreamInitImpl@VCOPOSElectronicJournal@@@ATL@@UEAAJPEAUIStream@@@Z 0000000180001be4 f i ElectronicJournal.obj
 0001:00000bfc       ?Save@?$IPersistStreamInitImpl@VCOPOSElectronicJournal@@@ATL@@UEAAJPEAUIStream@@H@Z 0000000180001bfc f i ElectronicJournal.obj
 0001:00000c14       ?GetSizeMax@?$IPersistStreamInitImpl@VCOPOSElectronicJournal@@@ATL@@UEAAJPEAT_ULARGE_INTEGER@@@Z 0000000180001c14 f i ElectronicJournal.obj
 0001:00000e40       ?InitNew@?$IPersistStreamInitImpl@VCOPOSElectronicJournal@@@ATL@@UEAAJXZ 0000000180001e40 f i ElectronicJournal.obj
 0001:00000e58       ?QueryGetData@?$IDataObjectImpl@VCOPOSElectronicJournal@@@ATL@@UEAAJPEAUtagFORMATETC@@@Z 0000000180001e58 f i ElectronicJournal.obj
 0001:00000e58       ?OnMnemonic@?$IOleControlImpl@VCOPOSElectronicJournal@@@ATL@@UEAAJPEAUtagMSG@@@Z 0000000180001e58 f i ElectronicJournal.obj
 0001:00000e58       ?ReactivateAndUndo@?$IOleInPlaceObjectWindowlessImpl@VCOPOSElectronicJournal@@@ATL@@UEAAJXZ 0000000180001e58 f i ElectronicJournal.obj
 0001:00000e58       ?GetCanonicalFormatEtc@?$IDataObjectImpl@VCOPOSElectronicJournal@@@ATL@@UEAAJPEAUtagFORMATETC@@0@Z 0000000180001e58 f i ElectronicJournal.obj
 0001:00000e58       ?GetControlInfo@?$IOleControlImpl@VCOPOSElectronicJournal@@@ATL@@UEAAJPEAUtagCONTROLINFO@@@Z 0000000180001e58 f i ElectronicJournal.obj
 0001:00000e58       ?InitFromData@?$IOleObjectImpl@VCOPOSElectronicJournal@@@ATL@@UEAAJPEAUIDataObject@@HK@Z 0000000180001e58 f i ElectronicJournal.obj
 0001:00000e58       ?SetColorScheme@?$IOleObjectImpl@VCOPOSElectronicJournal@@@ATL@@UEAAJPEAUtagLOGPALETTE@@@Z 0000000180001e58 f i ElectronicJournal.obj
 0001:00000e58       ?GetRect@?$IViewObjectExImpl@VCOPOSElectronicJournal@@@ATL@@UEAAJKPEAU_RECTL@@@Z 0000000180001e58 f i ElectronicJournal.obj
 0001:00000e58       ?EnumFormatEtc@?$IDataObjectImpl@VCOPOSElectronicJournal@@@ATL@@UEAAJKPEAPEAUIEnumFORMATETC@@@Z 0000000180001e58 f i ElectronicJournal.obj
 0001:00000e58       ?GetColorSet@?$IViewObjectExImpl@VCOPOSElectronicJournal@@@ATL@@UEAAJKJPEAXPEAUtagDVTARGETDEVICE@@PEAUHDC__@@PEAPEAUtagLOGPALETTE@@@Z 0000000180001e58 f i ElectronicJournal.obj
 0001:00000e58       ?SetMoniker@?$IOleObjectImpl@VCOPOSElectronicJournal@@@ATL@@UEAAJKPEAUIMoniker@@@Z 0000000180001e58 f i ElectronicJournal.obj
 0001:00000e58       ?GetMoniker@?$IOleObjectImpl@VCOPOSElectronicJournal@@@ATL@@UEAAJKKPEAPEAUIMoniker@@@Z 0000000180001e58 f i ElectronicJournal.obj
 0001:00000e58       ?GetClipboardData@?$IOleObjectImpl@VCOPOSElectronicJournal@@@ATL@@UEAAJKPEAPEAUIDataObject@@@Z 0000000180001e58 f i ElectronicJournal.obj
 0001:00000e58       ?SetData@?$IDataObjectImpl@VCOPOSElectronicJournal@@@ATL@@UEAAJPEAUtagFORMATETC@@PEAUtagSTGMEDIUM@@H@Z 0000000180001e58 f i ElectronicJournal.obj
 0001:00000e58       ?Unfreeze@?$IViewObjectExImpl@VCOPOSElectronicJournal@@@ATL@@UEAAJK@Z 0000000180001e58 f i ElectronicJournal.obj
 0001:00000e58       ?ContextSensitiveHelp@?$IOleInPlaceObjectWindowlessImpl@VCOPOSElectronicJournal@@@ATL@@UEAAJH@Z 0000000180001e58 f i ElectronicJournal.obj
 0001:00000e58       ?ContextSensitiveHelp@?$IOleInPlaceActiveObjectImpl@VCOPOSElectronicJournal@@@ATL@@UEAAJH@Z 0000000180001e58 f i ElectronicJournal.obj
 0001:00000e58       ?GetDataHere@?$IDataObjectImpl@VCOPOSElectronicJournal@@@ATL@@UEAAJPEAUtagFORMATETC@@PEAUtagSTGMEDIUM@@@Z 0000000180001e58 f i ElectronicJournal.obj
 0001:00000e58       ?QueryInterface@CRegObject@ATL@@UEAAJAEBU_GUID@@PEAPEAX@Z 0000000180001e58 f i ElectronicJournal.obj
 0001:00000e58       ?Freeze@?$IViewObjectExImpl@VCOPOSElectronicJournal@@@ATL@@UEAAJKJPEAXPEAK@Z 0000000180001e58 f i ElectronicJournal.obj
 0001:00000e58       ?GetDropTarget@?$IOleInPlaceObjectWindowlessImpl@VCOPOSElectronicJournal@@@ATL@@UEAAJPEAPEAUIDropTarget@@@Z 0000000180001e58 f i ElectronicJournal.obj
 0001:00000e60       ?HandsOffStorage@?$IPersistStorageImpl@VCOPOSElectronicJournal@@@ATL@@UEAAJXZ 0000000180001e60 f i ElectronicJournal.obj
 0001:00000e60       ?Release@CRegObject@ATL@@UEAAKXZ 0000000180001e60 f i ElectronicJournal.obj
 0001:00000e60       ?EnableModeless@?$IOleInPlaceActiveObjectImpl@VCOPOSElectronicJournal@@@ATL@@UEAAJH@Z 0000000180001e60 f i ElectronicJournal.obj
 0001:00000e60       ?OnAmbientPropertyChange@?$IOleControlImpl@VCOPOSElectronicJournal@@@ATL@@UEAAJJ@Z 0000000180001e60 f i ElectronicJournal.obj
 0001:00000e60       ?SaveCompleted@?$IPersistStorageImpl@VCOPOSElectronicJournal@@@ATL@@UEAAJPEAUIStorage@@@Z 0000000180001e60 f i ElectronicJournal.obj
 0001:00000e60       ?GetCategoryMap@CComObjectRootBase@ATL@@SAPEBU_ATL_CATMAP_ENTRY@2@XZ 0000000180001e60 f i ElectronicJournal.obj
 0001:00000e60       ?Update@?$IOleObjectImpl@VCOPOSElectronicJournal@@@ATL@@UEAAJXZ 0000000180001e60 f i ElectronicJournal.obj
 0001:00000e60       ?SetHostNames@?$IOleObjectImpl@VCOPOSElectronicJournal@@@ATL@@UEAAJPEB_W0@Z 0000000180001e60 f i ElectronicJournal.obj
 0001:00000e60       ?GetObjectDescription@?$CComCoClass@VCOPOSElectronicJournal@@$1?CLSID_OPOSElectronicJournal@@3U_GUID@@B@ATL@@SAPEB_WXZ 0000000180001e60 f i ElectronicJournal.obj
 0001:00000e60       ?OnFrameWindowActivate@?$IOleInPlaceActiveObjectImpl@VCOPOSElectronicJournal@@@ATL@@UEAAJH@Z 0000000180001e60 f i ElectronicJournal.obj
 0001:00000e60       ?IsUpToDate@?$IOleObjectImpl@VCOPOSElectronicJournal@@@ATL@@UEAAJXZ 0000000180001e60 f i ElectronicJournal.obj
 0001:00000e60       ?ResizeBorder@?$IOleInPlaceActiveObjectImpl@VCOPOSElectronicJournal@@@ATL@@UEAAJPEBUtagRECT@@PEAUIOleInPlaceUIWindow@@H@Z 0000000180001e60 f i ElectronicJournal.obj
 0001:00000e64       ?SetClientSite@?$IOleObjectImpl@VCOPOSElectronicJournal@@@ATL@@UEAAJPEAUIOleClientSite@@@Z 0000000180001e64 f i ElectronicJournal.obj
 0001:00000e80       ?GetClientSite@?$IOleObjectImpl@VCOPOSElectronicJournal@@@ATL@@UEAAJPEAPEAUIOleClientSite@@@Z 0000000180001e80 f i ElectronicJournal.obj
 0001:00000ec8       ?Close@?$IOleObjectImpl@VCOPOSElectronicJournal@@@ATL@@UEAAJK@Z 0000000180001ec8 f i ElectronicJournal.obj
 0001:00000ee4       ?DoVerb@?$IOleObjectImpl@VCOPOSElectronicJournal@@@ATL@@UEAAJJPEAUtagMSG@@PEAUIOleClientSite@@JPEAUHWND__@@PEBUtagRECT@@@Z 0000000180001ee4 f i ElectronicJournal.obj
 0001:00001088       ?EnumVerbs@?$IOleObjectImpl@VCOPOSElectronicJournal@@@ATL@@UEAAJPEAPEAUIEnumOLEVERB@@@Z 0000000180002088 f i ElectronicJournal.obj
 0001:000010a4       ?GetUserType@?$IOleObjectImpl@VCOPOSElectronicJournal@@@ATL@@UEAAJKPEAPEA_W@Z 00000001800020a4 f i ElectronicJournal.obj
 0001:000010b4       ?SetExtent@?$IOleObjectImpl@VCOPOSElectronicJournal@@@ATL@@UEAAJKPEAUtagSIZE@@@Z 00000001800020b4 f i ElectronicJournal.obj
 0001:000010d0       ?GetExtent@?$IOleObjectImpl@VCOPOSElectronicJournal@@@ATL@@UEAAJKPEAUtagSIZE@@@Z 00000001800020d0 f i ElectronicJournal.obj
 0001:00001100       ?Advise@?$IOleObjectImpl@VCOPOSElectronicJournal@@@ATL@@UEAAJPEAUIAdviseSink@@PEAK@Z 0000000180002100 f i ElectronicJournal.obj
 0001:0000115c       ?Unadvise@?$IOleObjectImpl@VCOPOSElectronicJournal@@@ATL@@UEAAJK@Z 000000018000215c f i ElectronicJournal.obj
 0001:00001194       ?EnumAdvise@?$IOleObjectImpl@VCOPOSElectronicJournal@@@ATL@@UEAAJPEAPEAUIEnumSTATDATA@@@Z 0000000180002194 f i ElectronicJournal.obj
 0001:000011dc       ?GetMiscStatus@?$IOleObjectImpl@VCOPOSElectronicJournal@@@ATL@@UEAAJKPEAK@Z 00000001800021dc f i ElectronicJournal.obj
 0001:000011ec       ?GetWindow@?$IOleInPlaceActiveObjectImpl@VCOPOSElectronicJournal@@@ATL@@UEAAJPEAPEAUHWND__@@@Z 00000001800021ec f i ElectronicJournal.obj
 0001:00001240       ?TranslateAcceleratorW@?$IOleInPlaceActiveObjectImpl@VCOPOSElectronicJournal@@@ATL@@UEAAJPEAUtagMSG@@@Z 0000000180002240 f i ElectronicJournal.obj
 0001:00001334       ?OnDocWindowActivate@?$IOleInPlaceActiveObjectImpl@VCOPOSElectronicJournal@@@ATL@@UEAAJH@Z 0000000180002334 f i ElectronicJournal.obj
 0001:00001360       ?Draw@?$IViewObjectExImpl@VCOPOSElectronicJournal@@@ATL@@UEAAJKJPEAXPEAUtagDVTARGETDEVICE@@PEAUHDC__@@2PEBU_RECTL@@3P6AH_K@Z4@Z 0000000180002360 f i ElectronicJournal.obj
 0001:000013c4       ?SetAdvise@?$IViewObjectExImpl@VCOPOSElectronicJournal@@@ATL@@UEAAJKKPEAUIAdviseSink@@@Z 00000001800023c4 f i ElectronicJournal.obj
 0001:00001418       ?GetAdvise@?$IViewObjectExImpl@VCOPOSElectronicJournal@@@ATL@@UEAAJPEAK0PEAPEAUIAdviseSink@@@Z 0000000180002418 f i ElectronicJournal.obj
 0001:00001454       ?GetExtent@?$IViewObjectExImpl@VCOPOSElectronicJournal@@@ATL@@UEAAJKJPEAUtagDVTARGETDEVICE@@PEAUtagSIZE@@@Z 0000000180002454 f i ElectronicJournal.obj
 0001:00001484       ?GetViewStatus@?$IViewObjectExImpl@VCOPOSElectronicJournal@@@ATL@@UEAAJPEAK@Z 0000000180002484 f i ElectronicJournal.obj
 0001:00001498       ?QueryHitPoint@?$IViewObjectExImpl@VCOPOSElectronicJournal@@@ATL@@UEAAJKPEBUtagRECT@@UtagPOINT@@JPEAK@Z 0000000180002498 f i ElectronicJournal.obj
 0001:000014dc       ?QueryHitRect@?$IViewObjectExImpl@VCOPOSElectronicJournal@@@ATL@@UEAAJKPEBUtagRECT@@0JPEAK@Z 00000001800024dc f i ElectronicJournal.obj
 0001:00001544       ?GetNaturalExtent@?$IViewObjectExImpl@VCOPOSElectronicJournal@@@ATL@@UEAAJKJPEAUtagDVTARGETDEVICE@@PEAUHDC__@@PEAUtagExtentInfo@@PEAUtagSIZE@@@Z 0000000180002544 f i ElectronicJournal.obj
 0001:0000158c       ?GetWindow@?$IOleInPlaceObjectWindowlessImpl@VCOPOSElectronicJournal@@@ATL@@UEAAJPEAPEAUHWND__@@@Z 000000018000258c f i ElectronicJournal.obj
 0001:000015e0       ?InPlaceDeactivate@?$IOleInPlaceObjectWindowlessImpl@VCOPOSElectronicJournal@@@ATL@@UEAAJXZ 00000001800025e0 f i ElectronicJournal.obj
 0001:000015fc       ?UIDeactivate@?$IOleInPlaceObjectWindowlessImpl@VCOPOSElectronicJournal@@@ATL@@UEAAJXZ 00000001800025fc f i ElectronicJournal.obj
 0001:00001618       ?SetObjectRects@?$IOleInPlaceObjectWindowlessImpl@VCOPOSElectronicJournal@@@ATL@@UEAAJPEBUtagRECT@@0@Z 0000000180002618 f i ElectronicJournal.obj
 0001:00001634       ?OnWindowMessage@?$IOleInPlaceObjectWindowlessImpl@VCOPOSElectronicJournal@@@ATL@@UEAAJI_K_JPEA_J@Z 0000000180002634 f i ElectronicJournal.obj
 0001:000016fc       ?EnumConnectionPoints@?$IConnectionPointContainerImpl@VCOPOSElectronicJournal@@@ATL@@UEAAJPEAPEAUIEnumConnectionPoints@@@Z 00000001800026fc f i ElectronicJournal.obj
 0001:00001948       ?FindConnectionPoint@?$IConnectionPointContainerImpl@VCOPOSElectronicJournal@@@ATL@@UEAAJAEBU_GUID@@PEAPEAUIConnectionPoint@@@Z 0000000180002948 f i ElectronicJournal.obj
 0001:00001a18       ?IsDirty@?$IPersistStorageImpl@VCOPOSElectronicJournal@@@ATL@@UEAAJXZ 0000000180002a18 f i ElectronicJournal.obj
 0001:00001a58       ?InitNew@?$IPersistStorageImpl@VCOPOSElectronicJournal@@@ATL@@UEAAJPEAUIStorage@@@Z 0000000180002a58 f i ElectronicJournal.obj
 0001:00001a98       ?Load@?$IPersistStorageImpl@VCOPOSElectronicJournal@@@ATL@@UEAAJPEAUIStorage@@@Z 0000000180002a98 f i ElectronicJournal.obj
 0001:00001b38       ?Save@?$IPersistStorageImpl@VCOPOSElectronicJournal@@@ATL@@UEAAJPEAUIStorage@@H@Z 0000000180002b38 f i ElectronicJournal.obj
 0001:00001be8       ?GetPages@?$ISpecifyPropertyPagesImpl@VCOPOSElectronicJournal@@@ATL@@UEAAJPEAUtagCAUUID@@@Z 0000000180002be8 f i ElectronicJournal.obj
 0001:00001bf4       ?QuickActivate@?$IQuickActivateImpl@VCOPOSElectronicJournal@@@ATL@@UEAAJPEAUtagQACONTAINER@@PEAUtagQACONTROL@@@Z 0000000180002bf4 f i ElectronicJournal.obj
 0001:00001c10       ?SetContentExtent@?$IQuickActivateImpl@VCOPOSElectronicJournal@@@ATL@@UEAAJPEAUtagSIZE@@@Z 0000000180002c10 f i ElectronicJournal.obj
 0001:00001c44       ?GetContentExtent@?$IQuickActivateImpl@VCOPOSElectronicJournal@@@ATL@@UEAAJPEAUtagSIZE@@@Z 0000000180002c44 f i ElectronicJournal.obj
 0001:00001c7c       ?GetData@?$IDataObjectImpl@VCOPOSElectronicJournal@@@ATL@@UEAAJPEAUtagFORMATETC@@PEAUtagSTGMEDIUM@@@Z 0000000180002c7c f i ElectronicJournal.obj
 0001:00001c98       ?DAdvise@?$IDataObjectImpl@VCOPOSElectronicJournal@@@ATL@@UEAAJPEAUtagFORMATETC@@KPEAUIAdviseSink@@PEAK@Z 0000000180002c98 f i ElectronicJournal.obj
 0001:00001d20       ?DUnadvise@?$IDataObjectImpl@VCOPOSElectronicJournal@@@ATL@@UEAAJK@Z 0000000180002d20 f i ElectronicJournal.obj
 0001:00001d4c       ?EnumDAdvise@?$IDataObjectImpl@VCOPOSElectronicJournal@@@ATL@@UEAAJPEAPEAUIEnumSTATDATA@@@Z 0000000180002d4c f i ElectronicJournal.obj
 0001:00001d88       ?GetClassInfoW@?$IProvideClassInfo2Impl@$1?CLSID_OPOSElectronicJournal@@3U_GUID@@B$1?DIID__IOPOSElectronicJournalEvents@@3U2@B$1?LIBID_OposElectronicJournal_CCO@@3U2@B$00$0A@VCComTypeInfoHolder@ATL@@@ATL@@UEAAJPEAPEAUITypeInfo@@@Z 0000000180002d88 f i ElectronicJournal.obj
 0001:00001de0       ?GetGUID@?$IProvideClassInfo2Impl@$1?CLSID_OPOSElectronicJournal@@3U_GUID@@B$1?DIID__IOPOSElectronicJournalEvents@@3U2@B$1?LIBID_OposElectronicJournal_CCO@@3U2@B$00$0A@VCComTypeInfoHolder@ATL@@@ATL@@UEAAJKPEAU_GUID@@@Z 0000000180002de0 f i ElectronicJournal.obj
 0001:00001e14       ?FAccessAllowed@?$IObjectSafetyImpl@VCOPOSElectronicJournal@@$02@ATL@@MEAAHXZ 0000000180002e14 f i ElectronicJournal.obj
 0001:00001e14       ?AddRef@CRegObject@ATL@@UEAAKXZ 0000000180002e14 f i ElectronicJournal.obj
 0001:00001e14       _get_startup_argv_mode     0000000180002e14 f i LIBCMT:argv_mode.obj
 0001:00001e1c       ?GetInterfaceSafetyOptions@?$IObjectSafetyImpl@VCOPOSElectronicJournal@@$02@ATL@@UEAAJAEBU_GUID@@PEAK1@Z 0000000180002e1c f i ElectronicJournal.obj
 0001:00001eb0       ?SetInterfaceSafetyOptions@?$IObjectSafetyImpl@VCOPOSElectronicJournal@@$02@ATL@@UEAAJAEBU_GUID@@KK@Z 0000000180002eb0 f i ElectronicJournal.obj
 0001:00001f54       ?_LocCPQueryInterface@?$IConnectionPointImpl@VCOPOSElectronicJournal@@$1?IID_IPropertyNotifySink@@3U_GUID@@BVCComDynamicUnkArray@ATL@@@ATL@@UEAAJAEBU_GUID@@PEAPEAX@Z 0000000180002f54 f i ElectronicJournal.obj
 0001:00001f54       ?_LocCPQueryInterface@?$IConnectionPointImpl@VCOPOSElectronicJournal@@$1?DIID__IOPOSElectronicJournalEvents@@3U_GUID@@BVCComDynamicUnkArray@ATL@@@ATL@@UEAAJAEBU_GUID@@PEAPEAX@Z 0000000180002f54 f i ElectronicJournal.obj
 0001:00001fc4       ?GetConnectionInterface@?$IConnectionPointImpl@VCOPOSElectronicJournal@@$1?IID_IPropertyNotifySink@@3U_GUID@@BVCComDynamicUnkArray@ATL@@@ATL@@UEAAJPEAU_GUID@@@Z 0000000180002fc4 f i ElectronicJournal.obj
 0001:00001fe0       ?GetConnectionPointContainer@?$IConnectionPointImpl@VCOPOSElectronicJournal@@$1?IID_IPropertyNotifySink@@3U_GUID@@BVCComDynamicUnkArray@ATL@@@ATL@@UEAAJPEAPEAUIConnectionPointContainer@@@Z 0000000180002fe0 f i ElectronicJournal.obj
 0001:00002000       ?Advise@?$IConnectionPointImpl@VCOPOSElectronicJournal@@$1?DIID__IOPOSElectronicJournalEvents@@3U_GUID@@BVCComDynamicUnkArray@ATL@@@ATL@@UEAAJPEAUIUnknown@@PEAK@Z 0000000180003000 f i ElectronicJournal.obj
 0001:00002000       ?Advise@?$IConnectionPointImpl@VCOPOSElectronicJournal@@$1?IID_IPropertyNotifySink@@3U_GUID@@BVCComDynamicUnkArray@ATL@@@ATL@@UEAAJPEAUIUnknown@@PEAK@Z 0000000180003000 f i ElectronicJournal.obj
 0001:000020bc       ?Unadvise@?$IConnectionPointImpl@VCOPOSElectronicJournal@@$1?DIID__IOPOSElectronicJournalEvents@@3U_GUID@@BVCComDynamicUnkArray@ATL@@@ATL@@UEAAJK@Z 00000001800030bc f i ElectronicJournal.obj
 0001:000020bc       ?Unadvise@?$IConnectionPointImpl@VCOPOSElectronicJournal@@$1?IID_IPropertyNotifySink@@3U_GUID@@BVCComDynamicUnkArray@ATL@@@ATL@@UEAAJK@Z 00000001800030bc f i ElectronicJournal.obj
 0001:00002124       ?EnumConnections@?$IConnectionPointImpl@VCOPOSElectronicJournal@@$1?IID_IPropertyNotifySink@@3U_GUID@@BVCComDynamicUnkArray@ATL@@@ATL@@UEAAJPEAPEAUIEnumConnections@@@Z 0000000180003124 f i ElectronicJournal.obj
 0001:00002124       ?EnumConnections@?$IConnectionPointImpl@VCOPOSElectronicJournal@@$1?DIID__IOPOSElectronicJournalEvents@@3U_GUID@@BVCComDynamicUnkArray@ATL@@@ATL@@UEAAJPEAPEAUIEnumConnections@@@Z 0000000180003124 f i ElectronicJournal.obj
 0001:000022d0       ?GetConnectionInterface@?$IConnectionPointImpl@VCOPOSElectronicJournal@@$1?DIID__IOPOSElectronicJournalEvents@@3U_GUID@@BVCComDynamicUnkArray@ATL@@@ATL@@UEAAJPEAU_GUID@@@Z 00000001800032d0 f i ElectronicJournal.obj
 0001:000022ec       ?GetConnectionPointContainer@?$IConnectionPointImpl@VCOPOSElectronicJournal@@$1?DIID__IOPOSElectronicJournalEvents@@3U_GUID@@BVCComDynamicUnkArray@ATL@@@ATL@@UEAAJPEAPEAUIConnectionPointContainer@@@Z 00000001800032ec f i ElectronicJournal.obj
 0001:0000230c       ?UpdateRegistry@COPOSElectronicJournal@@SAJH@Z 000000018000330c f i ElectronicJournal.obj
 0001:00002324       ?ProcessWindowMessage@COPOSElectronicJournal@@UEAAHPEAUHWND__@@I_K_JAEA_JK@Z 0000000180003324 f i ElectronicJournal.obj
 0001:000023ac       ?SOData@COPOSElectronicJournal@@MEAAJJ@Z 00000001800033ac f i ElectronicJournal.obj
 0001:000023fc       ?SODirectIO@COPOSElectronicJournal@@MEAAJJPEAJPEAPEA_W@Z 00000001800033fc f i ElectronicJournal.obj
 0001:00002474       ?SOError@COPOSElectronicJournal@@MEAAJJJJPEAJ@Z 0000000180003474 f i ElectronicJournal.obj
 0001:000024fc       ?SOOutputComplete@COPOSElectronicJournal@@MEAAJJ@Z 00000001800034fc f i ElectronicJournal.obj
 0001:0000254c       ?SOStatusUpdate@COPOSElectronicJournal@@MEAAJJ@Z 000000018000354c f i ElectronicJournal.obj
 0001:0000259c       ?Lock@CAtlModule@ATL@@UEAAJXZ 000000018000359c f i ElectronicJournal.obj
 0001:000025ac       ?Unlock@CAtlModule@ATL@@UEAAJXZ 00000001800035ac f i ElectronicJournal.obj
 0001:000025b8       ?GetLockCount@CAtlModule@ATL@@UEAAJXZ 00000001800035b8 f i ElectronicJournal.obj
 0001:000025bc       ?GetGITPtr@CAtlModule@ATL@@UEAAJPEAPEAUIGlobalInterfaceTable@@@Z 00000001800035bc f i ElectronicJournal.obj
 0001:0000262c       ?AddCommonRGSReplacements@?$CAtlModuleT@VCComModule@ATL@@@ATL@@UEAAJPEAUIRegistrarBase@@@Z 000000018000362c f i ElectronicJournal.obj
 0001:00002644       ?CreateInstance@?$CComCreator@V?$CComObjectCached@VCComClassFactory@ATL@@@ATL@@@ATL@@SAJPEAXAEBU_GUID@@PEAPEAX@Z 0000000180003644 f i ElectronicJournal.obj
 0001:00002768       ?CreateInstance@?$CComCreator2@V?$CComCreator@V?$CComObject@VCOPOSElectronicJournal@@@ATL@@@ATL@@V?$CComCreator@V?$CComAggObject@VCOPOSElectronicJournal@@@ATL@@@2@@ATL@@SAJPEAXAEBU_GUID@@PEAPEAX@Z 0000000180003768 f i ElectronicJournal.obj
 0001:00002778       ?UpdateRegistryFromResourceD@CComModule@ATL@@UEAAJIHPEAU_ATL_REGMAP_ENTRY@2@@Z 0000000180003778 f i ElectronicJournal.obj
 0001:00002778       ?UpdateRegistryFromResourceD@CComModule@ATL@@UEAAJPEB_WHPEAU_ATL_REGMAP_ENTRY@2@@Z 0000000180003778 f i ElectronicJournal.obj
 0001:00002780       ?UpdateRegistryFromResource@CComModule@ATL@@UEAAJPEB_WHPEAU_ATL_REGMAP_ENTRY@2@@Z 0000000180003780 f i ElectronicJournal.obj
 0001:00002788       ?UpdateRegistryFromResource@CComModule@ATL@@UEAAJIHPEAU_ATL_REGMAP_ENTRY@2@@Z 0000000180003788 f i ElectronicJournal.obj
 0001:00002790       ?AddRef@?$CComObjectCached@VCComClassFactory@ATL@@@ATL@@UEAAKXZ 0000000180003790 f i ElectronicJournal.obj
 0001:000027bc       ?Release@?$CComObjectCached@VCComClassFactory@ATL@@@ATL@@UEAAKXZ 00000001800037bc f i ElectronicJournal.obj
 0001:000027fc       ?QueryInterface@?$CComObjectCached@VCComClassFactory@ATL@@@ATL@@UEAAJAEBU_GUID@@PEAPEAX@Z 00000001800037fc f i ElectronicJournal.obj
 0001:00002810       ??_G?$CComObjectCached@VCComClassFactory@ATL@@@ATL@@UEAAPEAXI@Z 0000000180003810 f i ElectronicJournal.obj
 0001:00002810       ??_E?$CComObjectCached@VCComClassFactory@ATL@@@ATL@@UEAAPEAXI@Z 0000000180003810 f i ElectronicJournal.obj
 0001:00002868       ??_ECComModule@ATL@@UEAAPEAXI@Z 0000000180003868 f i ElectronicJournal.obj
 0001:00002868       ??_GCComModule@ATL@@UEAAPEAXI@Z 0000000180003868 f i ElectronicJournal.obj
 0001:000028a8       ?Next@?$CComEnumImpl@UIEnumConnectionPoints@@$1?_GUID_b196b285_bab4_101a_b69c_00aa00341d07@@3U__s_GUID@@BPEAUIConnectionPoint@@V?$_CopyInterface@UIConnectionPoint@@@ATL@@@ATL@@UEAAJKPEAPEAUIConnectionPoint@@PEAK@Z 00000001800038a8 f i ElectronicJournal.obj
 0001:00002974       ?Skip@?$CComEnumImpl@UIEnumConnectionPoints@@$1?_GUID_b196b285_bab4_101a_b69c_00aa00341d07@@3U__s_GUID@@BPEAUIConnectionPoint@@V?$_CopyInterface@UIConnectionPoint@@@ATL@@@ATL@@UEAAJK@Z 0000000180003974 f i ElectronicJournal.obj
 0001:000029a0       ?Reset@?$CComEnumImpl@UIEnumConnections@@$1?_GUID_b196b287_bab4_101a_b69c_00aa00341d07@@3U__s_GUID@@BUtagCONNECTDATA@@V?$_Copy@UtagCONNECTDATA@@@ATL@@@ATL@@UEAAJXZ 00000001800039a0 f i ElectronicJournal.obj
 0001:000029a0       ?Reset@?$CComEnumImpl@UIEnumConnectionPoints@@$1?_GUID_b196b285_bab4_101a_b69c_00aa00341d07@@3U__s_GUID@@BPEAUIConnectionPoint@@V?$_CopyInterface@UIConnectionPoint@@@ATL@@@ATL@@UEAAJXZ 00000001800039a0 f i ElectronicJournal.obj
 0001:000029ac       ?Clone@?$CComEnumImpl@UIEnumConnectionPoints@@$1?_GUID_b196b285_bab4_101a_b69c_00aa00341d07@@3U__s_GUID@@BPEAUIConnectionPoint@@V?$_CopyInterface@UIConnectionPoint@@@ATL@@@ATL@@UEAAJPEAPEAUIEnumConnectionPoints@@@Z 00000001800039ac f i ElectronicJournal.obj
 0001:00002ad8       ?AddRef@?$CComObject@V?$CComEnum@UIEnumConnections@@$1?_GUID_b196b287_bab4_101a_b69c_00aa00341d07@@3U__s_GUID@@BUtagCONNECTDATA@@V?$_Copy@UtagCONNECTDATA@@@ATL@@VCComSingleThreadModel@6@@ATL@@@ATL@@UEAAKXZ 0000000180003ad8 f i ElectronicJournal.obj
 0001:00002ad8       ?AddRef@?$CComObject@V?$CComEnum@UIEnumConnectionPoints@@$1?_GUID_b196b285_bab4_101a_b69c_00aa00341d07@@3U__s_GUID@@BPEAUIConnectionPoint@@V?$_CopyInterface@UIConnectionPoint@@@ATL@@VCComSingleThreadModel@6@@ATL@@@ATL@@UEAAKXZ 0000000180003ad8 f i ElectronicJournal.obj
 0001:00002ae4       ?Release@?$CComObject@V?$CComEnum@UIEnumConnectionPoints@@$1?_GUID_b196b285_bab4_101a_b69c_00aa00341d07@@3U__s_GUID@@BPEAUIConnectionPoint@@V?$_CopyInterface@UIConnectionPoint@@@ATL@@VCComSingleThreadModel@6@@ATL@@@ATL@@UEAAKXZ 0000000180003ae4 f i ElectronicJournal.obj
 0001:00002ae4       ?Release@?$CComObject@V?$CComEnum@UIEnumConnections@@$1?_GUID_b196b287_bab4_101a_b69c_00aa00341d07@@3U__s_GUID@@BUtagCONNECTDATA@@V?$_Copy@UtagCONNECTDATA@@@ATL@@VCComSingleThreadModel@6@@ATL@@@ATL@@UEAAKXZ 0000000180003ae4 f i ElectronicJournal.obj
 0001:00002b38       ?QueryInterface@?$CComObject@V?$CComEnum@UIEnumConnectionPoints@@$1?_GUID_b196b285_bab4_101a_b69c_00aa00341d07@@3U__s_GUID@@BPEAUIConnectionPoint@@V?$_CopyInterface@UIConnectionPoint@@@ATL@@VCComSingleThreadModel@6@@ATL@@@ATL@@UEAAJAEBU_GUID@@PEAPEAX@Z 0000000180003b38 f i ElectronicJournal.obj
 0001:00002b4c       ??_E?$CComObject@V?$CComEnum@UIEnumConnectionPoints@@$1?_GUID_b196b285_bab4_101a_b69c_00aa00341d07@@3U__s_GUID@@BPEAUIConnectionPoint@@V?$_CopyInterface@UIConnectionPoint@@@ATL@@VCComSingleThreadModel@6@@ATL@@@ATL@@UEAAPEAXI@Z 0000000180003b4c f i ElectronicJournal.obj
 0001:00002b4c       ??_G?$CComObject@V?$CComEnum@UIEnumConnectionPoints@@$1?_GUID_b196b285_bab4_101a_b69c_00aa00341d07@@3U__s_GUID@@BPEAUIConnectionPoint@@V?$_CopyInterface@UIConnectionPoint@@@ATL@@VCComSingleThreadModel@6@@ATL@@@ATL@@UEAAPEAXI@Z 0000000180003b4c f i ElectronicJournal.obj
 0001:00002ba4       ?AddReplacement@CRegObject@ATL@@UEAAJPEB_W0@Z 0000000180003ba4 f i ElectronicJournal.obj
 0001:00002bd4       ?ClearReplacements@CRegObject@ATL@@UEAAJXZ 0000000180003bd4 f i ElectronicJournal.obj
 0001:00002be0       ??_ECRegObject@ATL@@UEAAPEAXI@Z 0000000180003be0 f i ElectronicJournal.obj
 0001:00002be0       ??_GCRegObject@ATL@@UEAAPEAXI@Z 0000000180003be0 f i ElectronicJournal.obj
 0001:00002c60       ?AddRef@?$CComAggObject@VCOPOSElectronicJournal@@@ATL@@UEAAKXZ 0000000180003c60 f i ElectronicJournal.obj
 0001:00002c6c       ?Release@?$CComAggObject@VCOPOSElectronicJournal@@@ATL@@UEAAKXZ 0000000180003c6c f i ElectronicJournal.obj
 0001:00002cc0       ?QueryInterface@?$CComAggObject@VCOPOSElectronicJournal@@@ATL@@UEAAJAEBU_GUID@@PEAPEAX@Z 0000000180003cc0 f i ElectronicJournal.obj
 0001:00002d20       ?AddRef@?$CComContainedObject@VCOPOSElectronicJournal@@@ATL@@UEAAKXZ 0000000180003d20 f i ElectronicJournal.obj
 0001:00002d30       ?Release@?$CComContainedObject@VCOPOSElectronicJournal@@@ATL@@UEAAKXZ 0000000180003d30 f i ElectronicJournal.obj
 0001:00002d40       ?QueryInterface@?$CComContainedObject@VCOPOSElectronicJournal@@@ATL@@UEAAJAEBU_GUID@@PEAPEAX@Z 0000000180003d40 f i ElectronicJournal.obj
 0001:00002d50       ??_E?$CComAggObject@VCOPOSElectronicJournal@@@ATL@@UEAAPEAXI@Z 0000000180003d50 f i ElectronicJournal.obj
 0001:00002d50       ??_G?$CComAggObject@VCOPOSElectronicJournal@@@ATL@@UEAAPEAXI@Z 0000000180003d50 f i ElectronicJournal.obj
 0001:00002da8       ?AddRef@?$CComObject@VCOPOSElectronicJournal@@@ATL@@UEAAKXZ 0000000180003da8 f i ElectronicJournal.obj
 0001:00002db8       ?Release@?$CComObject@VCOPOSElectronicJournal@@@ATL@@UEAAKXZ 0000000180003db8 f i ElectronicJournal.obj
 0001:00002e10       ?QueryInterface@?$CComObject@VCOPOSElectronicJournal@@@ATL@@UEAAJAEBU_GUID@@PEAPEAX@Z 0000000180003e10 f i ElectronicJournal.obj
 0001:00002e24       ?OnDrawAdvanced@CComControlBase@ATL@@UEAAJAEAUATL_DRAWINFO@@@Z 0000000180003e24 f i ElectronicJournal.obj
 0001:00002fb0       ?Next@?$CComEnumImpl@UIEnumConnections@@$1?_GUID_b196b287_bab4_101a_b69c_00aa00341d07@@3U__s_GUID@@BUtagCONNECTDATA@@V?$_Copy@UtagCONNECTDATA@@@ATL@@@ATL@@UEAAJKPEAUtagCONNECTDATA@@PEAK@Z 0000000180003fb0 f i ElectronicJournal.obj
 0001:00003084       ?Skip@?$CComEnumImpl@UIEnumConnections@@$1?_GUID_b196b287_bab4_101a_b69c_00aa00341d07@@3U__s_GUID@@BUtagCONNECTDATA@@V?$_Copy@UtagCONNECTDATA@@@ATL@@@ATL@@UEAAJK@Z 0000000180004084 f i ElectronicJournal.obj
 0001:000030b0       ?Clone@?$CComEnumImpl@UIEnumConnections@@$1?_GUID_b196b287_bab4_101a_b69c_00aa00341d07@@3U__s_GUID@@BUtagCONNECTDATA@@V?$_Copy@UtagCONNECTDATA@@@ATL@@@ATL@@UEAAJPEAPEAUIEnumConnections@@@Z 00000001800040b0 f i ElectronicJournal.obj
 0001:000031dc       ?QueryInterface@?$CComObject@V?$CComEnum@UIEnumConnections@@$1?_GUID_b196b287_bab4_101a_b69c_00aa00341d07@@3U__s_GUID@@BUtagCONNECTDATA@@V?$_Copy@UtagCONNECTDATA@@@ATL@@VCComSingleThreadModel@6@@ATL@@@ATL@@UEAAJAEBU_GUID@@PEAPEAX@Z 00000001800041dc f i ElectronicJournal.obj
 0001:000031f0       ??_E?$CComObject@V?$CComEnum@UIEnumConnections@@$1?_GUID_b196b287_bab4_101a_b69c_00aa00341d07@@3U__s_GUID@@BUtagCONNECTDATA@@V?$_Copy@UtagCONNECTDATA@@@ATL@@VCComSingleThreadModel@6@@ATL@@@ATL@@UEAAPEAXI@Z 00000001800041f0 f i ElectronicJournal.obj
 0001:000031f0       ??_G?$CComObject@V?$CComEnum@UIEnumConnections@@$1?_GUID_b196b287_bab4_101a_b69c_00aa00341d07@@3U__s_GUID@@BUtagCONNECTDATA@@V?$_Copy@UtagCONNECTDATA@@@ATL@@VCComSingleThreadModel@6@@ATL@@@ATL@@UEAAPEAXI@Z 00000001800041f0 f i ElectronicJournal.obj
 0001:00003248       ??_E?$CComObject@VCOPOSElectronicJournal@@@ATL@@W7EAAPEAXI@Z 0000000180004248 f i ElectronicJournal.obj
 0001:00003254       ??_E?$CComObject@VCOPOSElectronicJournal@@@ATL@@WHA@EAAPEAXI@Z 0000000180004254 f i ElectronicJournal.obj
 0001:00003260       ?QueryInterface@?$CComObject@VCOPOSElectronicJournal@@@ATL@@WLI@EAAJAEBU_GUID@@PEAPEAX@Z 0000000180004260 f i ElectronicJournal.obj
 0001:0000326c       ?AddRef@?$CComObject@VCOPOSElectronicJournal@@@ATL@@WLI@EAAKXZ 000000018000426c f i ElectronicJournal.obj
 0001:00003278       ?Release@?$CComObject@VCOPOSElectronicJournal@@@ATL@@WLI@EAAKXZ 0000000180004278 f i ElectronicJournal.obj
 0001:00003284       ?QueryInterface@?$CComObject@VCOPOSElectronicJournal@@@ATL@@WMA@EAAJAEBU_GUID@@PEAPEAX@Z 0000000180004284 f i ElectronicJournal.obj
 0001:00003290       ?AddRef@?$CComObject@VCOPOSElectronicJournal@@@ATL@@WMA@EAAKXZ 0000000180004290 f i ElectronicJournal.obj
 0001:0000329c       ?Release@?$CComObject@VCOPOSElectronicJournal@@@ATL@@WMA@EAAKXZ 000000018000429c f i ElectronicJournal.obj
 0001:000032a8       ?QueryInterface@?$CComObject@VCOPOSElectronicJournal@@@ATL@@WMI@EAAJAEBU_GUID@@PEAPEAX@Z 00000001800042a8 f i ElectronicJournal.obj
 0001:000032b4       ?AddRef@?$CComObject@VCOPOSElectronicJournal@@@ATL@@WMI@EAAKXZ 00000001800042b4 f i ElectronicJournal.obj
 0001:000032c0       ?Release@?$CComObject@VCOPOSElectronicJournal@@@ATL@@WMI@EAAKXZ 00000001800042c0 f i ElectronicJournal.obj
 0001:000032cc       ?QueryInterface@?$CComObject@VCOPOSElectronicJournal@@@ATL@@WNA@EAAJAEBU_GUID@@PEAPEAX@Z 00000001800042cc f i ElectronicJournal.obj
 0001:000032d8       ?AddRef@?$CComObject@VCOPOSElectronicJournal@@@ATL@@WNA@EAAKXZ 00000001800042d8 f i ElectronicJournal.obj
 0001:000032e4       ?Release@?$CComObject@VCOPOSElectronicJournal@@@ATL@@WNA@EAAKXZ 00000001800042e4 f i ElectronicJournal.obj
 0001:000032f0       ?QueryInterface@?$CComObject@VCOPOSElectronicJournal@@@ATL@@WNI@EAAJAEBU_GUID@@PEAPEAX@Z 00000001800042f0 f i ElectronicJournal.obj
 0001:000032fc       ?AddRef@?$CComObject@VCOPOSElectronicJournal@@@ATL@@WNI@EAAKXZ 00000001800042fc f i ElectronicJournal.obj
 0001:00003308       ?Release@?$CComObject@VCOPOSElectronicJournal@@@ATL@@WNI@EAAKXZ 0000000180004308 f i ElectronicJournal.obj
 0001:00003314       ?QueryInterface@?$CComObject@VCOPOSElectronicJournal@@@ATL@@WOA@EAAJAEBU_GUID@@PEAPEAX@Z 0000000180004314 f i ElectronicJournal.obj
 0001:00003320       ?AddRef@?$CComObject@VCOPOSElectronicJournal@@@ATL@@WOA@EAAKXZ 0000000180004320 f i ElectronicJournal.obj
 0001:0000332c       ?Release@?$CComObject@VCOPOSElectronicJournal@@@ATL@@WOA@EAAKXZ 000000018000432c f i ElectronicJournal.obj
 0001:00003338       ?QueryInterface@?$CComObject@VCOPOSElectronicJournal@@@ATL@@WOI@EAAJAEBU_GUID@@PEAPEAX@Z 0000000180004338 f i ElectronicJournal.obj
 0001:00003344       ?AddRef@?$CComObject@VCOPOSElectronicJournal@@@ATL@@WOI@EAAKXZ 0000000180004344 f i ElectronicJournal.obj
 0001:00003350       ?Release@?$CComObject@VCOPOSElectronicJournal@@@ATL@@WOI@EAAKXZ 0000000180004350 f i ElectronicJournal.obj
 0001:0000335c       ?QueryInterface@?$CComObject@VCOPOSElectronicJournal@@@ATL@@WPA@EAAJAEBU_GUID@@PEAPEAX@Z 000000018000435c f i ElectronicJournal.obj
 0001:00003368       ?AddRef@?$CComObject@VCOPOSElectronicJournal@@@ATL@@WPA@EAAKXZ 0000000180004368 f i ElectronicJournal.obj
 0001:00003374       ?Release@?$CComObject@VCOPOSElectronicJournal@@@ATL@@WPA@EAAKXZ 0000000180004374 f i ElectronicJournal.obj
 0001:00003380       ?QueryInterface@?$CComObject@VCOPOSElectronicJournal@@@ATL@@WPI@EAAJAEBU_GUID@@PEAPEAX@Z 0000000180004380 f i ElectronicJournal.obj
 0001:0000338c       ?AddRef@?$CComObject@VCOPOSElectronicJournal@@@ATL@@WPI@EAAKXZ 000000018000438c f i ElectronicJournal.obj
 0001:00003398       ?Release@?$CComObject@VCOPOSElectronicJournal@@@ATL@@WPI@EAAKXZ 0000000180004398 f i ElectronicJournal.obj
 0001:000033a4       ?QueryInterface@?$CComObject@VCOPOSElectronicJournal@@@ATL@@WBAA@EAAJAEBU_GUID@@PEAPEAX@Z 00000001800043a4 f i ElectronicJournal.obj
 0001:000033b0       ?AddRef@?$CComObject@VCOPOSElectronicJournal@@@ATL@@WBAA@EAAKXZ 00000001800043b0 f i ElectronicJournal.obj
 0001:000033bc       ?Release@?$CComObject@VCOPOSElectronicJournal@@@ATL@@WBAA@EAAKXZ 00000001800043bc f i ElectronicJournal.obj
 0001:000033c8       ?QueryInterface@?$CComObject@VCOPOSElectronicJournal@@@ATL@@WBAI@EAAJAEBU_GUID@@PEAPEAX@Z 00000001800043c8 f i ElectronicJournal.obj
 0001:000033d4       ?AddRef@?$CComObject@VCOPOSElectronicJournal@@@ATL@@WBAI@EAAKXZ 00000001800043d4 f i ElectronicJournal.obj
 0001:000033e0       ?Release@?$CComObject@VCOPOSElectronicJournal@@@ATL@@WBAI@EAAKXZ 00000001800043e0 f i ElectronicJournal.obj
 0001:000033ec       ?QueryInterface@?$CComObject@VCOPOSElectronicJournal@@@ATL@@WBBA@EAAJAEBU_GUID@@PEAPEAX@Z 00000001800043ec f i ElectronicJournal.obj
 0001:000033f8       ?AddRef@?$CComObject@VCOPOSElectronicJournal@@@ATL@@WBBA@EAAKXZ 00000001800043f8 f i ElectronicJournal.obj
 0001:00003404       ?Release@?$CComObject@VCOPOSElectronicJournal@@@ATL@@WBBA@EAAKXZ 0000000180004404 f i ElectronicJournal.obj
 0001:00003410       ?QueryInterface@?$CComObject@VCOPOSElectronicJournal@@@ATL@@WBBI@EAAJAEBU_GUID@@PEAPEAX@Z 0000000180004410 f i ElectronicJournal.obj
 0001:0000341c       ?AddRef@?$CComObject@VCOPOSElectronicJournal@@@ATL@@WBBI@EAAKXZ 000000018000441c f i ElectronicJournal.obj
 0001:00003428       ?Release@?$CComObject@VCOPOSElectronicJournal@@@ATL@@WBBI@EAAKXZ 0000000180004428 f i ElectronicJournal.obj
 0001:00003434       ?AddRef@?$CComObject@VCOPOSElectronicJournal@@@ATL@@WBCI@EAAKXZ 0000000180004434 f i ElectronicJournal.obj
 0001:00003440       ?Release@?$CComObject@VCOPOSElectronicJournal@@@ATL@@WBCI@EAAKXZ 0000000180004440 f i ElectronicJournal.obj
 0001:0000344c       ?AddRef@?$CComObject@VCOPOSElectronicJournal@@@ATL@@WBEA@EAAKXZ 000000018000444c f i ElectronicJournal.obj
 0001:00003458       ?Release@?$CComObject@VCOPOSElectronicJournal@@@ATL@@WBEA@EAAKXZ 0000000180004458 f i ElectronicJournal.obj
 0001:00003464       ??_E?$CComContainedObject@VCOPOSElectronicJournal@@@ATL@@W7EAAPEAXI@Z 0000000180004464 f i ElectronicJournal.obj
 0001:00003470       ??_E?$CComContainedObject@VCOPOSElectronicJournal@@@ATL@@WHA@EAAPEAXI@Z 0000000180004470 f i ElectronicJournal.obj
 0001:0000347c       ?QueryInterface@?$CComContainedObject@VCOPOSElectronicJournal@@@ATL@@WLI@EAAJAEBU_GUID@@PEAPEAX@Z 000000018000447c f i ElectronicJournal.obj
 0001:00003488       ?AddRef@?$CComContainedObject@VCOPOSElectronicJournal@@@ATL@@WLI@EAAKXZ 0000000180004488 f i ElectronicJournal.obj
 0001:00003494       ?Release@?$CComContainedObject@VCOPOSElectronicJournal@@@ATL@@WLI@EAAKXZ 0000000180004494 f i ElectronicJournal.obj
 0001:000034a0       ?QueryInterface@?$CComContainedObject@VCOPOSElectronicJournal@@@ATL@@WMA@EAAJAEBU_GUID@@PEAPEAX@Z 00000001800044a0 f i ElectronicJournal.obj
 0001:000034ac       ?AddRef@?$CComContainedObject@VCOPOSElectronicJournal@@@ATL@@WMA@EAAKXZ 00000001800044ac f i ElectronicJournal.obj
 0001:000034b8       ?Release@?$CComContainedObject@VCOPOSElectronicJournal@@@ATL@@WMA@EAAKXZ 00000001800044b8 f i ElectronicJournal.obj
 0001:000034c4       ?QueryInterface@?$CComContainedObject@VCOPOSElectronicJournal@@@ATL@@WMI@EAAJAEBU_GUID@@PEAPEAX@Z 00000001800044c4 f i ElectronicJournal.obj
 0001:000034d0       ?AddRef@?$CComContainedObject@VCOPOSElectronicJournal@@@ATL@@WMI@EAAKXZ 00000001800044d0 f i ElectronicJournal.obj
 0001:000034dc       ?Release@?$CComContainedObject@VCOPOSElectronicJournal@@@ATL@@WMI@EAAKXZ 00000001800044dc f i ElectronicJournal.obj
 0001:000034e8       ?QueryInterface@?$CComContainedObject@VCOPOSElectronicJournal@@@ATL@@WNA@EAAJAEBU_GUID@@PEAPEAX@Z 00000001800044e8 f i ElectronicJournal.obj
 0001:000034f4       ?AddRef@?$CComContainedObject@VCOPOSElectronicJournal@@@ATL@@WNA@EAAKXZ 00000001800044f4 f i ElectronicJournal.obj
 0001:00003500       ?Release@?$CComContainedObject@VCOPOSElectronicJournal@@@ATL@@WNA@EAAKXZ 0000000180004500 f i ElectronicJournal.obj
 0001:0000350c       ?QueryInterface@?$CComContainedObject@VCOPOSElectronicJournal@@@ATL@@WNI@EAAJAEBU_GUID@@PEAPEAX@Z 000000018000450c f i ElectronicJournal.obj
 0001:00003518       ?AddRef@?$CComContainedObject@VCOPOSElectronicJournal@@@ATL@@WNI@EAAKXZ 0000000180004518 f i ElectronicJournal.obj
 0001:00003524       ?Release@?$CComContainedObject@VCOPOSElectronicJournal@@@ATL@@WNI@EAAKXZ 0000000180004524 f i ElectronicJournal.obj
 0001:00003530       ?QueryInterface@?$CComContainedObject@VCOPOSElectronicJournal@@@ATL@@WOA@EAAJAEBU_GUID@@PEAPEAX@Z 0000000180004530 f i ElectronicJournal.obj
 0001:0000353c       ?AddRef@?$CComContainedObject@VCOPOSElectronicJournal@@@ATL@@WOA@EAAKXZ 000000018000453c f i ElectronicJournal.obj
 0001:00003548       ?Release@?$CComContainedObject@VCOPOSElectronicJournal@@@ATL@@WOA@EAAKXZ 0000000180004548 f i ElectronicJournal.obj
 0001:00003554       ?QueryInterface@?$CComContainedObject@VCOPOSElectronicJournal@@@ATL@@WOI@EAAJAEBU_GUID@@PEAPEAX@Z 0000000180004554 f i ElectronicJournal.obj
 0001:00003560       ?AddRef@?$CComContainedObject@VCOPOSElectronicJournal@@@ATL@@WOI@EAAKXZ 0000000180004560 f i ElectronicJournal.obj
 0001:0000356c       ?Release@?$CComContainedObject@VCOPOSElectronicJournal@@@ATL@@WOI@EAAKXZ 000000018000456c f i ElectronicJournal.obj
 0001:00003578       ?QueryInterface@?$CComContainedObject@VCOPOSElectronicJournal@@@ATL@@WPA@EAAJAEBU_GUID@@PEAPEAX@Z 0000000180004578 f i ElectronicJournal.obj
 0001:00003584       ?AddRef@?$CComContainedObject@VCOPOSElectronicJournal@@@ATL@@WPA@EAAKXZ 0000000180004584 f i ElectronicJournal.obj
 0001:00003590       ?Release@?$CComContainedObject@VCOPOSElectronicJournal@@@ATL@@WPA@EAAKXZ 0000000180004590 f i ElectronicJournal.obj
 0001:0000359c       ?QueryInterface@?$CComContainedObject@VCOPOSElectronicJournal@@@ATL@@WPI@EAAJAEBU_GUID@@PEAPEAX@Z 000000018000459c f i ElectronicJournal.obj
 0001:000035a8       ?AddRef@?$CComContainedObject@VCOPOSElectronicJournal@@@ATL@@WPI@EAAKXZ 00000001800045a8 f i ElectronicJournal.obj
 0001:000035b4       ?Release@?$CComContainedObject@VCOPOSElectronicJournal@@@ATL@@WPI@EAAKXZ 00000001800045b4 f i ElectronicJournal.obj
 0001:000035c0       ?QueryInterface@?$CComContainedObject@VCOPOSElectronicJournal@@@ATL@@WBAA@EAAJAEBU_GUID@@PEAPEAX@Z 00000001800045c0 f i ElectronicJournal.obj
 0001:000035cc       ?AddRef@?$CComContainedObject@VCOPOSElectronicJournal@@@ATL@@WBAA@EAAKXZ 00000001800045cc f i ElectronicJournal.obj
 0001:000035d8       ?Release@?$CComContainedObject@VCOPOSElectronicJournal@@@ATL@@WBAA@EAAKXZ 00000001800045d8 f i ElectronicJournal.obj
 0001:000035e4       ?QueryInterface@?$CComContainedObject@VCOPOSElectronicJournal@@@ATL@@WBAI@EAAJAEBU_GUID@@PEAPEAX@Z 00000001800045e4 f i ElectronicJournal.obj
 0001:000035f0       ?AddRef@?$CComContainedObject@VCOPOSElectronicJournal@@@ATL@@WBAI@EAAKXZ 00000001800045f0 f i ElectronicJournal.obj
 0001:000035fc       ?Release@?$CComContainedObject@VCOPOSElectronicJournal@@@ATL@@WBAI@EAAKXZ 00000001800045fc f i ElectronicJournal.obj
 0001:00003608       ?QueryInterface@?$CComContainedObject@VCOPOSElectronicJournal@@@ATL@@WBBA@EAAJAEBU_GUID@@PEAPEAX@Z 0000000180004608 f i ElectronicJournal.obj
 0001:00003614       ?AddRef@?$CComContainedObject@VCOPOSElectronicJournal@@@ATL@@WBBA@EAAKXZ 0000000180004614 f i ElectronicJournal.obj
 0001:00003620       ?Release@?$CComContainedObject@VCOPOSElectronicJournal@@@ATL@@WBBA@EAAKXZ 0000000180004620 f i ElectronicJournal.obj
 0001:0000362c       ?QueryInterface@?$CComContainedObject@VCOPOSElectronicJournal@@@ATL@@WBBI@EAAJAEBU_GUID@@PEAPEAX@Z 000000018000462c f i ElectronicJournal.obj
 0001:00003638       ?AddRef@?$CComContainedObject@VCOPOSElectronicJournal@@@ATL@@WBBI@EAAKXZ 0000000180004638 f i ElectronicJournal.obj
 0001:00003644       ?Release@?$CComContainedObject@VCOPOSElectronicJournal@@@ATL@@WBBI@EAAKXZ 0000000180004644 f i ElectronicJournal.obj
 0001:00003650       ?AddRef@?$CComContainedObject@VCOPOSElectronicJournal@@@ATL@@WBCI@EAAKXZ 0000000180004650 f i ElectronicJournal.obj
 0001:0000365c       ?Release@?$CComContainedObject@VCOPOSElectronicJournal@@@ATL@@WBCI@EAAKXZ 000000018000465c f i ElectronicJournal.obj
 0001:00003668       ?AddRef@?$CComContainedObject@VCOPOSElectronicJournal@@@ATL@@WBEA@EAAKXZ 0000000180004668 f i ElectronicJournal.obj
 0001:00003674       ?Release@?$CComContainedObject@VCOPOSElectronicJournal@@@ATL@@WBEA@EAAKXZ 0000000180004674 f i ElectronicJournal.obj
 0001:00003680       ?CreateInstance@CComClassFactory@ATL@@UEAAJPEAUIUnknown@@AEBU_GUID@@PEAPEAX@Z 0000000180004680 f i ElectronicJournal.obj
 0001:000036e0       ?LockServer@CComClassFactory@ATL@@UEAAJH@Z 00000001800046e0 f i ElectronicJournal.obj
 0001:00003704       ??_GCComClassFactory@ATL@@UEAAPEAXI@Z 0000000180004704 f i ElectronicJournal.obj
 0001:00003704       ??_ECComClassFactory@ATL@@UEAAPEAXI@Z 0000000180004704 f i ElectronicJournal.obj
 0001:00003754       ??$AtlModuleRegisterWndClassInfoT@VAtlModuleRegisterWndClassInfoParamW@ATL@@@ATL@@YAGPEAU_ATL_BASE_MODULE70@0@PEAU_ATL_WIN_MODULE70@0@PEAU_ATL_WNDCLASSINFOW@0@PEAP6A_JPEAUHWND__@@I_K_J@ZVAtlModuleRegisterWndClassInfoParamW@0@@Z 0000000180004754 f i ElectronicJournal.obj
 0001:00003954       ??0?$CComContainedObject@VCOPOSElectronicJournal@@@ATL@@QEAA@PEAX@Z 0000000180004954 f i ElectronicJournal.obj
 0001:00003a70       ??0?$CComObject@VCOPOSElectronicJournal@@@ATL@@QEAA@PEAX@Z 0000000180004a70 f i ElectronicJournal.obj
 0001:00003b88       ??0CAtlModule@ATL@@QEAA@XZ 0000000180004b88 f i ElectronicJournal.obj
 0001:00003bfc       ??1?$CComEnumImpl@UIEnumConnectionPoints@@$1?_GUID_b196b285_bab4_101a_b69c_00aa00341d07@@3U__s_GUID@@BPEAUIConnectionPoint@@V?$_CopyInterface@UIConnectionPoint@@@ATL@@@ATL@@UEAA@XZ 0000000180004bfc f i ElectronicJournal.obj
 0001:00003c58       ??1?$CComEnumImpl@UIEnumConnections@@$1?_GUID_b196b287_bab4_101a_b69c_00aa00341d07@@3U__s_GUID@@BUtagCONNECTDATA@@V?$_Copy@UtagCONNECTDATA@@@ATL@@@ATL@@UEAA@XZ 0000000180004c58 f i ElectronicJournal.obj
 0001:00003cb4       ??1?$CComObject@VCOPOSElectronicJournal@@@ATL@@UEAA@XZ 0000000180004cb4 f i ElectronicJournal.obj
 0001:00003dd4       ??_E?$CComContainedObject@VCOPOSElectronicJournal@@@ATL@@UEAAPEAXI@Z 0000000180004dd4 f i ElectronicJournal.obj
 0001:00003dd4       ??_G?$CComContainedObject@VCOPOSElectronicJournal@@@ATL@@UEAAPEAXI@Z 0000000180004dd4 f i ElectronicJournal.obj
 0001:00003e08       ??_G?$CComObject@VCOPOSElectronicJournal@@@ATL@@UEAAPEAXI@Z 0000000180004e08 f i ElectronicJournal.obj
 0001:00003e08       ??_E?$CComObject@VCOPOSElectronicJournal@@@ATL@@UEAAPEAXI@Z 0000000180004e08 f i ElectronicJournal.obj
 0001:00003e3c       ?Add@?$CSimpleArray@GV?$CSimpleArrayEqualHelper@G@ATL@@@ATL@@QEAAHAEBG@Z 0000000180004e3c f i ElectronicJournal.obj
 0001:00003ef0       ?Add@?$CSimpleMap@PEA_WPEA_WVCExpansionVectorEqualHelper@ATL@@@ATL@@QEAAHAEBQEA_W0@Z 0000000180004ef0 f i ElectronicJournal.obj
 0001:00003f90       ?Add@CComDynamicUnkArray@ATL@@QEAAKPEAUIUnknown@@@Z 0000000180004f90 f i ElectronicJournal.obj
 0001:0000407c       ?Add@CExpansionVector@ATL@@QEAAHPEB_W0@Z 000000018000507c f i ElectronicJournal.obj
 0001:000041b0       ?AddTermFunc@CAtlModule@ATL@@QEAAJP6AX_K@Z0@Z 00000001800051b0 f i ElectronicJournal.obj
 0001:0000424c       ?AddValue@CRegParser@ATL@@IEAAJAEAVCRegKey@2@PEB_WPEA_W@Z 000000018000524c f i ElectronicJournal.obj
 0001:00004694       ?AllocateHeap@?$CTempBuffer@E$0BAA@VCCRTAllocator@ATL@@@ATL@@AEAAX_K@Z 0000000180005694 f i ElectronicJournal.obj
 0001:00004694       ?AllocateHeap@?$CTempBuffer@_W$0EAA@VCCRTAllocator@ATL@@@ATL@@AEAAX_K@Z 0000000180005694 f i ElectronicJournal.obj
 0001:00004694       ?AllocateHeap@?$CTempBuffer@_W$0BAA@VCCRTAllocator@ATL@@@ATL@@AEAAX_K@Z 0000000180005694 f i ElectronicJournal.obj
 0001:000046c0       ?Append@CParseBuffer@CRegParser@ATL@@QEAAHPEB_WH@Z 00000001800056c0 f i ElectronicJournal.obj
 0001:00004808       ?AtlComModuleGetClassObject@ATL@@YAJPEAU_ATL_COM_MODULE70@1@AEBU_GUID@@1PEAPEAX@Z 0000000180005808 f i ElectronicJournal.obj
 0001:00004948       ?AtlComModuleRegisterServer@ATL@@YAJPEAU_ATL_COM_MODULE70@1@HPEBU_GUID@@@Z 0000000180005948 f i ElectronicJournal.obj
 0001:00004a08       ?AtlComModuleUnregisterServer@ATL@@YAJPEAU_ATL_COM_MODULE70@1@HPEBU_GUID@@@Z 0000000180005a08 f i ElectronicJournal.obj
 0001:00004ac4       ?AtlHiMetricToPixel@ATL@@YAXPEBUtagSIZE@@PEAU2@@Z 0000000180005ac4 f i ElectronicJournal.obj
 0001:00004b74       ?AtlHresultFromLastError@ATL@@YAJXZ 0000000180005b74 f i ElectronicJournal.obj
 0001:00004b94       ?AtlHresultFromWin32@ATL@@YAJK@Z 0000000180005b94 f i ElectronicJournal.obj
 0001:00004ba4       ?AtlInternalOleLoadFromStream@ATL@@YAJPEAUIStream@@AEBU_GUID@@PEAPEAXTClassesAllowedInStream@1@K@Z 0000000180005ba4 f i ElectronicJournal.obj
 0001:00004ce8       ?AtlInternalQueryInterface@ATL@@YAJPEAXPEBU_ATL_INTMAP_ENTRY@1@AEBU_GUID@@PEAPEAX@Z 0000000180005ce8 f i ElectronicJournal.obj
 0001:00004df0       ?AtlLoadTypeLib@ATL@@YAJPEAUHINSTANCE__@@PEB_WPEAPEA_WPEAPEAUITypeLib@@@Z 0000000180005df0 f i ElectronicJournal.obj
 0001:0000504c       ?AtlRegisterClassCategoriesHelper@ATL@@YAJAEBU_GUID@@PEBU_ATL_CATMAP_ENTRY@1@H@Z 000000018000604c f i ElectronicJournal.obj
 0001:000054d0       ?AtlRegisterTypeLib@ATL@@YAJPEAUHINSTANCE__@@PEB_W@Z 00000001800064d0 f i ElectronicJournal.obj
 0001:000056cc       ?AtlThrowImpl@ATL@@YAXJ@Z  00000001800066cc f i ElectronicJournal.obj
 0001:000056f0       ?AtlUnRegisterTypeLib@ATL@@YAJPEAUHINSTANCE__@@PEB_W@Z 00000001800066f0 f i ElectronicJournal.obj
 0001:000057b8       ?AtlWinModuleExtractCreateWndData@ATL@@YAPEAXPEAU_ATL_WIN_MODULE70@1@@Z 00000001800067b8 f i ElectronicJournal.obj
 0001:00005844       ?Cleanup@CComTypeInfoHolder@ATL@@SAX_K@Z 0000000180006844 f i ElectronicJournal.obj
 0001:00005884       ?ClearReplacements@CExpansionVector@ATL@@QEAAJXZ 0000000180006884 f i ElectronicJournal.obj
 0001:00005920       ?CreateInstance@?$CComCreator@V?$CComAggObject@VCOPOSElectronicJournal@@@ATL@@@ATL@@SAJPEAXAEBU_GUID@@PEAPEAX@Z 0000000180006920 f i ElectronicJournal.obj
 0001:00005a04       ?CreateInstance@?$CComCreator@V?$CComObject@VCOPOSElectronicJournal@@@ATL@@@ATL@@SAJPEAXAEBU_GUID@@PEAPEAX@Z 0000000180006a04 f i ElectronicJournal.obj
 0001:00005ab8       ?CreateInstance@?$CComObject@V?$CComEnum@UIEnumConnectionPoints@@$1?_GUID_b196b285_bab4_101a_b69c_00aa00341d07@@3U__s_GUID@@BPEAUIConnectionPoint@@V?$_CopyInterface@UIConnectionPoint@@@ATL@@VCComSingleThreadModel@6@@ATL@@@ATL@@SAJPEAPEAV12@@Z 0000000180006ab8 f i ElectronicJournal.obj
 0001:00005b48       ?CreateInstance@?$CComObject@V?$CComEnum@UIEnumConnections@@$1?_GUID_b196b287_bab4_101a_b69c_00aa00341d07@@3U__s_GUID@@BUtagCONNECTDATA@@V?$_Copy@UtagCONNECTDATA@@@ATL@@VCComSingleThreadModel@6@@ATL@@@ATL@@SAJPEAPEAV12@@Z 0000000180006b48 f i ElectronicJournal.obj
 0001:00005bd8       ?DefaultReflectionHandler@?$CWindowImplRoot@VCWindow@ATL@@@ATL@@SAHPEAUHWND__@@I_K_JAEA_J@Z 0000000180006bd8 f i ElectronicJournal.obj
 0001:00005c3c       ?DeleteSubKey@CRegKey@ATL@@QEAAJPEB_W@Z 0000000180006c3c f i ElectronicJournal.obj
 0001:00005cd4       ?DoEvent@COPOSElectronicJournal@@IEAAXI_K_J@Z 0000000180006cd4 f i ElectronicJournal.obj
 0001:00005d88       ?DoVerbPrimary@?$IOleObjectImpl@VCOPOSElectronicJournal@@@ATL@@QEAAJPEBUtagRECT@@PEAUHWND__@@@Z 0000000180006d88 f i ElectronicJournal.obj
 0001:00005eb4       ?DoVerbProperties@CComControlBase@ATL@@QEAAJPEBUtagRECT@@PEAUHWND__@@@Z 0000000180006eb4 f i ElectronicJournal.obj
 0001:000060dc       ?FireTheEvent@?$CProxy_IOPOSEvents@VCOPOSElectronicJournal@@@@IEAAXPEAVOposVariant@@IAEAJPEB_WJ@Z 00000001800070dc f i ElectronicJournal.obj
 0001:000061c8       ?FireViewChange@CComControlBase@ATL@@QEAAJXZ 00000001800071c8 f i ElectronicJournal.obj
 0001:0000622c       ?Fire_DataEvent@?$CProxy_IOPOSEvents@VCOPOSElectronicJournal@@@@QEAAXJ@Z 000000018000722c f i ElectronicJournal.obj
 0001:00006318       ?Fire_DirectIOEvent@?$CProxy_IOPOSEvents@VCOPOSElectronicJournal@@@@QEAAXJPEAJPEAPEA_W@Z 0000000180007318 f i ElectronicJournal.obj
 0001:00006478       ?Fire_ErrorEvent@?$CProxy_IOPOSEvents@VCOPOSElectronicJournal@@@@QEAAXJJJPEAJ@Z 0000000180007478 f i ElectronicJournal.obj
 0001:000065ec       ?Fire_OutputCompleteEvent@?$CProxy_IOPOSEvents@VCOPOSElectronicJournal@@@@QEAAXJ@Z 00000001800075ec f i ElectronicJournal.obj
 0001:000066d8       ?Fire_StatusUpdateEvent@?$CProxy_IOPOSEvents@VCOPOSElectronicJournal@@@@QEAAXJ@Z 00000001800076d8 f i ElectronicJournal.obj
 0001:000067c4       ?FreeHeap@?$CTempBuffer@_W$0EAA@VCCRTAllocator@ATL@@@ATL@@AEAAXXZ 00000001800077c4 f i ElectronicJournal.obj
 0001:000067c4       ?FreeHeap@?$CTempBuffer@E$0BAA@VCCRTAllocator@ATL@@@ATL@@AEAAXXZ 00000001800077c4 f i ElectronicJournal.obj
 0001:000067c4       ?FreeHeap@?$CTempBuffer@_W$0BAA@VCCRTAllocator@ATL@@@ATL@@AEAAXXZ 00000001800077c4 f i ElectronicJournal.obj
 0001:000067cc       ?GetAmbientLocaleID@CComControlBase@ATL@@QEAAJAEAK@Z 00000001800077cc f i ElectronicJournal.obj
 0001:0000688c       ?GetAmbientUserMode@CComControlBase@ATL@@QEAAJAEAH@Z 000000018000788c f i ElectronicJournal.obj
 0001:0000695c       ?GetClassObject@CComModule@ATL@@QEAAJAEBU_GUID@@0PEAPEAX@Z 000000018000795c f i ElectronicJournal.obj
 0001:00006a50       ?GetConnMap@COPOSElectronicJournal@@SAPEBU_ATL_CONNMAP_ENTRY@ATL@@PEAH@Z 0000000180007a50 f i ElectronicJournal.obj
 0001:00006ad8       ?GetIDsOfNames@CComTypeInfoHolder@ATL@@QEAAJAEBU_GUID@@PEAPEA_WIKPEAJ@Z 0000000180007ad8 f i ElectronicJournal.obj
 0001:00006c50       ?GetPagesHelper@?$ISpecifyPropertyPagesImpl@VCOPOSElectronicJournal@@@ATL@@IEAAJPEAUtagCAUUID@@PEBUATL_PROPMAP_ENTRY@2@@Z 0000000180007c50 f i ElectronicJournal.obj
 0001:00006df0       ?GetSizeMax@CComVariant@ATL@@QEBAJPEAT_ULARGE_INTEGER@@@Z 0000000180007df0 f i ElectronicJournal.obj
 0001:00007020       ?GetTI@CComTypeInfoHolder@ATL@@QEAAJK@Z 0000000180008020 f i ElectronicJournal.obj
 0001:00007308       ?GetZoomInfo@CComControlBase@ATL@@QEAAXAEAUATL_DRAWINFO@@@Z 0000000180008308 f i ElectronicJournal.obj
 0001:000073ac       ?HKeyFromString@CRegParser@ATL@@KAPEAUHKEY__@@PEA_W@Z 00000001800083ac f i ElectronicJournal.obj
 0001:00007410       ?IDataObject_GetData@CComControlBase@ATL@@QEAAJPEAUtagFORMATETC@@PEAUtagSTGMEDIUM@@@Z 0000000180008410 f i ElectronicJournal.obj
 0001:00007604       ?IOleInPlaceObject_InPlaceDeactivate@CComControlBase@ATL@@QEAAJXZ 0000000180008604 f i ElectronicJournal.obj
 0001:000076a4       ?IOleInPlaceObject_SetObjectRects@CComControlBase@ATL@@QEAAJPEBUtagRECT@@0@Z 00000001800086a4 f i ElectronicJournal.obj
 0001:00007794       ?IOleInPlaceObject_UIDeactivate@CComControlBase@ATL@@QEAAJXZ 0000000180008794 f i ElectronicJournal.obj
 0001:000078a0       ?IOleObject_Close@CComControlBase@ATL@@QEAAJK@Z 00000001800088a0 f i ElectronicJournal.obj
 0001:000079b8       ?IOleObject_SetClientSite@CComControlBase@ATL@@QEAAJPEAUIOleClientSite@@@Z 00000001800089b8 f i ElectronicJournal.obj
 0001:00007a30       ?IOleObject_SetExtent@CComControlBase@ATL@@QEAAJKPEAUtagSIZE@@@Z 0000000180008a30 f i ElectronicJournal.obj
 0001:00007ac8       ?IPSI_GetIPersistStreamInit@?$IPersistStorageImpl@VCOPOSElectronicJournal@@@ATL@@AEAAPEAUIPersistStreamInit@@XZ 0000000180008ac8 f i ElectronicJournal.obj
 0001:00007bb0       ?IPersistStreamInit_Load@?$IPersistStreamInitImpl@VCOPOSElectronicJournal@@@ATL@@QEAAJPEAUIStream@@PEBUATL_PROPMAP_ENTRY@2@@Z 0000000180008bb0 f i ElectronicJournal.obj
 0001:00007edc       ?IPersistStreamInit_Save@?$IPersistStreamInitImpl@VCOPOSElectronicJournal@@@ATL@@QEAAJPEAUIStream@@HPEBUATL_PROPMAP_ENTRY@2@@Z 0000000180008edc f i ElectronicJournal.obj
 0001:0000817c       ?IQuickActivate_QuickActivate@CComControlBase@ATL@@QEAAJPEAUtagQACONTAINER@@PEAUtagQACONTROL@@@Z 000000018000917c f i ElectronicJournal.obj
 0001:00008440       ?IViewObject_Draw@CComControlBase@ATL@@QEAAJKJPEAXPEAUtagDVTARGETDEVICE@@PEAUHDC__@@2PEBU_RECTL@@3@Z 0000000180009440 f i ElectronicJournal.obj
 0001:00008554       ?InPlaceActivate@CComControlBase@ATL@@QEAAJJPEBUtagRECT@@@Z 0000000180009554 f i ElectronicJournal.obj
 0001:00008888       ?Init@?$CComEnumImpl@UIEnumConnectionPoints@@$1?_GUID_b196b285_bab4_101a_b69c_00aa00341d07@@3U__s_GUID@@BPEAUIConnectionPoint@@V?$_CopyInterface@UIConnectionPoint@@@ATL@@@ATL@@QEAAJPEAPEAUIConnectionPoint@@0PEAUIUnknown@@W4CComEnumFlags@2@@Z 0000000180009888 f i ElectronicJournal.obj
 0001:000089a8       ?Init@?$CComEnumImpl@UIEnumConnections@@$1?_GUID_b196b287_bab4_101a_b69c_00aa00341d07@@3U__s_GUID@@BUtagCONNECTDATA@@V?$_Copy@UtagCONNECTDATA@@@ATL@@@ATL@@QEAAJPEAUtagCONNECTDATA@@0PEAUIUnknown@@W4CComEnumFlags@2@@Z 00000001800099a8 f i ElectronicJournal.obj
 0001:00008acc       ?IsEqualObject@?$CComPtrBase@UIOleClientSite@@@ATL@@QEAA_NPEAUIUnknown@@@Z 0000000180009acc f i ElectronicJournal.obj
 0001:00008b58       ?LoadNameCache@CComTypeInfoHolder@ATL@@QEAAJPEAUITypeInfo@@@Z 0000000180009b58 f i ElectronicJournal.obj
 0001:00008cd8       ?Lookup@?$CSimpleMap@PEA_WPEA_WVCExpansionVectorEqualHelper@ATL@@@ATL@@QEBAPEA_WAEBQEA_W@Z 0000000180009cd8 f i ElectronicJournal.obj
 0001:00008d60       ?NextToken@CRegParser@ATL@@IEAAJPEA_W@Z 0000000180009d60 f i ElectronicJournal.obj
 0001:00008f18       ?OnKillFocus@CComControlBase@ATL@@QEAA_JI_K_JAEAH@Z 0000000180009f18 f i ElectronicJournal.obj
 0001:00008fb4       ?OnMouseActivate@CComControlBase@ATL@@QEAA_JI_K_JAEAH@Z 0000000180009fb4 f i ElectronicJournal.obj
 0001:00009054       ?OnPaint@CComControlBase@ATL@@QEAA_JI_K_JAEAH@Z 000000018000a054 f i ElectronicJournal.obj
 0001:00009140       ?OnSetFocus@CComControlBase@ATL@@QEAA_JI_K_JAEAH@Z 000000018000a140 f i ElectronicJournal.obj
 0001:0000923c       ?PreProcessBuffer@CRegParser@ATL@@QEAAJPEA_WPEAPEA_W@Z 000000018000a23c f i ElectronicJournal.obj
 0001:000095c8       ?ProcessWindowMessage@?$CComControl@VCOPOSElectronicJournal@@V?$CWindowImpl@VCOPOSElectronicJournal@@VCWindow@ATL@@V?$CWinTraits@$0FGAAAAAA@$0A@@3@@ATL@@@ATL@@UEAAHPEAUHWND__@@I_K_JAEA_JK@Z 000000018000a5c8 f i ElectronicJournal.obj
 0001:000096ac       ?ReadFromStream@CComBSTR@ATL@@QEAAJPEAUIStream@@@Z 000000018000a6ac f i ElectronicJournal.obj
 0001:000097fc       ?ReadFromStream@CComVariant@ATL@@QEAAJPEAUIStream@@GTClassesAllowedInStream@2@K@Z 000000018000a7fc f i ElectronicJournal.obj
 0001:00009a20       ?RecurseDeleteKey@CRegKey@ATL@@QEAAJPEB_W@Z 000000018000aa20 f i ElectronicJournal.obj
 0001:00009b78       ?RegCreateKeyExW@CAtlTransactionManager@ATL@@QEAAJPEAUHKEY__@@PEB_WKPEA_WKKQEAU_SECURITY_ATTRIBUTES@@PEAPEAU3@PEAK@Z 000000018000ab78 f i ElectronicJournal.obj
 0001:00009cac       ?RegDeleteKeyW@CAtlTransactionManager@ATL@@QEAAJPEAUHKEY__@@PEB_W@Z 000000018000acac f i ElectronicJournal.obj
 0001:00009d38       ?RegOpenKeyExW@CAtlTransactionManager@ATL@@QEAAJPEAUHKEY__@@PEB_WKKPEAPEAU3@@Z 000000018000ad38 f i ElectronicJournal.obj
 0001:00009df0       ?RegisterBuffer@CRegParser@ATL@@QEAAJPEA_WH@Z 000000018000adf0 f i ElectronicJournal.obj
 0001:00009f58       ?RegisterFromResource@CRegObject@ATL@@IEAAJPEB_W00H@Z 000000018000af58 f i ElectronicJournal.obj
 0001:0000a114       ?RegisterServer@CComModule@ATL@@QEAAJHPEBU_GUID@@@Z 000000018000b114 f i ElectronicJournal.obj
 0001:0000a1d4       ?RegisterSubkeys@CRegParser@ATL@@IEAAJPEA_WPEAUHKEY__@@HH@Z 000000018000b1d4 f i ElectronicJournal.obj
 0001:0000aa40       ?SendOnDataChange@CComControlBase@ATL@@QEAAJK@Z 000000018000ba40 f i ElectronicJournal.obj
 0001:0000aab0       ?SetControlFocus@CComControlBase@ATL@@QEAAHH@Z 000000018000bab0 f i ElectronicJournal.obj
 0001:0000ab8c       ?SkipAssignment@CRegParser@ATL@@IEAAJPEA_W@Z 000000018000bb8c f i ElectronicJournal.obj
 0001:0000ac30       ?Term@CAtlModule@ATL@@QEAAXXZ 000000018000bc30 f i ElectronicJournal.obj
 0001:0000acb0       ?Term@CComModule@ATL@@QEAAXXZ 000000018000bcb0 f i ElectronicJournal.obj
 0001:0000ad2c       ?UnregisterServer@CComModule@ATL@@QEAAJHPEBU_GUID@@@Z 000000018000bd2c f i ElectronicJournal.obj
 0001:0000addc       ?UpdateRegistryFromResource@CAtlModule@ATL@@QEAAJIHPEAU_ATL_REGMAP_ENTRY@2@@Z 000000018000bddc f i ElectronicJournal.obj
 0001:0000b0e8       ?UpdateRegistryFromResource@CAtlModule@ATL@@QEAAJPEB_WHPEAU_ATL_REGMAP_ENTRY@2@@Z 000000018000c0e8 f i ElectronicJournal.obj
 0001:0000b40c       ?VTFromRegType@CRegParser@ATL@@KAHPEB_WAEAG@Z 000000018000c40c f i ElectronicJournal.obj
 0001:0000b4a8       ?WindowProc@?$CWindowImplBaseT@VCWindow@ATL@@V?$CWinTraits@$0FGAAAAAA@$0A@@2@@ATL@@SA_JPEAUHWND__@@I_K_J@Z 000000018000c4a8 f i ElectronicJournal.obj
 0001:0000b614       ?WriteToStream@CComVariant@ATL@@QEAAJPEAUIStream@@@Z 000000018000c614 f i ElectronicJournal.obj
 0001:0000b890       ?WriteToStream@CComVariant@ATL@@QEAAJPEAUIStream@@G@Z 000000018000c890 f i ElectronicJournal.obj
 0001:0000b928       ?_AtlVerifyStackAvailable@_ATL_SAFE_ALLOCA_IMPL@ATL@@YA_N_K@Z 000000018000c928 f i ElectronicJournal.obj
 0001:0000b9ac       ?atlCreate@?$CWindowImpl@VCOPOSElectronicJournal@@VCWindow@ATL@@V?$CWinTraits@$0FGAAAAAA@$0A@@3@@ATL@@QEAAPEAUHWND__@@PEAU3@V_U_RECT@2@PEB_WKKV_U_MENUorID@2@PEAX@Z 000000018000c9ac f i ElectronicJournal.obj
 0001:0000ba5c       ?atlCreate@?$CWindowImplBaseT@VCWindow@ATL@@V?$CWinTraits@$0FGAAAAAA@$0A@@2@@ATL@@QEAAPEAUHWND__@@PEAU3@V_U_RECT@2@PEB_WKKV_U_MENUorID@2@GPEAX@Z 000000018000ca5c f i ElectronicJournal.obj
 0001:0000bbcc       ?ocscpy_s@@YA_NPEA_W_KPEB_W@Z 000000018000cbcc f i ElectronicJournal.obj
 0001:0000bc7c       DllCanUnloadNow            000000018000cc7c f   ElectronicJournal.obj
 0001:0000bc88       DllGetClassObject          000000018000cc88 f   ElectronicJournal.obj
 0001:0000bca0       DllMain                    000000018000cca0 f   ElectronicJournal.obj
 0001:0000bd48       DllRegisterServer          000000018000cd48 f   ElectronicJournal.obj
 0001:0000bd5c       DllUnregisterServer        000000018000cd5c f   ElectronicJournal.obj
 0001:0000bd70       __local_stdio_printf_options 000000018000cd70 f i ElectronicJournal.obj
 0001:0000bd78       swprintf_s                 000000018000cd78 f i ElectronicJournal.obj
 0001:0000bdcc       ??0COPOSElectronicJournal@@QEAA@XZ 000000018000cdcc f   ElectronicJournalImpl.obj
 0001:0000be9c       ??1?$IConnectionPointImpl@VCOPOSElectronicJournal@@$1?IID_IPropertyNotifySink@@3U_GUID@@BVCComDynamicUnkArray@ATL@@@ATL@@QEAA@XZ 000000018000ce9c f i ElectronicJournalImpl.obj
 0001:0000be9c       ??1?$IConnectionPointImpl@VCOPOSElectronicJournal@@$1?DIID__IOPOSElectronicJournalEvents@@3U_GUID@@BVCComDynamicUnkArray@ATL@@@ATL@@QEAA@XZ 000000018000ce9c f i ElectronicJournalImpl.obj
 0001:0000bef8       ??1CComControlBase@ATL@@UEAA@XZ 000000018000cef8 f i ElectronicJournalImpl.obj
 0001:0000bf74       ??1COPOSElectronicJournal@@UEAA@XZ 000000018000cf74 f   ElectronicJournalImpl.obj
 0001:0000bfd8       ?AddMarker@COPOSElectronicJournal@@UEAAJPEA_WPEAJ@Z 000000018000cfd8 f   ElectronicJournalImpl.obj
 0001:0000c060       ?CancelPrintContent@COPOSElectronicJournal@@UEAAJPEAJ@Z 000000018000d060 f   ElectronicJournalImpl.obj
 0001:0000c088       ?CancelQueryContent@COPOSElectronicJournal@@UEAAJPEAJ@Z 000000018000d088 f   ElectronicJournalImpl.obj
 0001:0000c0b0       ?CheckHealth@COPOSElectronicJournal@@UEAAJJPEAJ@Z 000000018000d0b0 f   ElectronicJournalImpl.obj
 0001:0000c12c       ?ClaimDevice@COPOSElectronicJournal@@UEAAJJPEAJ@Z 000000018000d12c f   ElectronicJournalImpl.obj
 0001:0000c1cc       ?ClearInput@COPOSElectronicJournal@@UEAAJPEAJ@Z 000000018000d1cc f   ElectronicJournalImpl.obj
 0001:0000c1f4       ?ClearOutput@COPOSElectronicJournal@@UEAAJPEAJ@Z 000000018000d1f4 f   ElectronicJournalImpl.obj
 0001:0000c21c       ?Close@COPOSElectronicJournal@@UEAAJPEAJ@Z 000000018000d21c f   ElectronicJournalImpl.obj
 0001:0000c2d4       ?CompareFirmwareVersion@COPOSElectronicJournal@@UEAAJPEA_WPEAJ1@Z 000000018000d2d4 f   ElectronicJournalImpl.obj
 0001:0000c3b0       ?DirectIO@COPOSElectronicJournal@@UEAAJJPEAJPEAPEA_W0@Z 000000018000d3b0 f   ElectronicJournalImpl.obj
 0001:0000c4ac       ?DoInvoke@COPOSElectronicJournal@@IEAAJJPEAVOposVariant@@IHPEAJ_N@Z 000000018000d4ac f   ElectronicJournalImpl.obj
 0001:0000c5e0       ?EraseMedium@COPOSElectronicJournal@@UEAAJPEAJ@Z 000000018000d5e0 f   ElectronicJournalImpl.obj
 0001:0000c608       ?EventInit@COPOSElectronicJournal@@IEAAJXZ 000000018000d608 f i ElectronicJournalImpl.obj
 0001:0000c750       ?EventUninit@COPOSElectronicJournal@@IEAAXXZ 000000018000d750 f i ElectronicJournalImpl.obj
 0001:0000c7b4       ?EventWindowProc@COPOSElectronicJournal@@IEAA_JI_K_J@Z 000000018000d7b4 f i ElectronicJournalImpl.obj
 0001:0000c978       ?FinalConstruct@COPOSElectronicJournal@@QEAAJXZ 000000018000d978 f   ElectronicJournalImpl.obj
 0001:0000c9b4       ?FreezeEvents@COPOSElectronicJournal@@MEAAJH@Z 000000018000d9b4 f   ElectronicJournalImpl.obj
 0001:0000ca28       ?GetOposProp@COPOSElectronicJournal@@IEAAJJPEAJJ@Z 000000018000da28 f   ElectronicJournalImpl.obj
 0001:0000cb44       ?GetOposProp@COPOSElectronicJournal@@IEAAJJPEAPEA_WJ@Z 000000018000db44 f   ElectronicJournalImpl.obj
 0001:0000cc70       ?InitializeMedium@COPOSElectronicJournal@@UEAAJPEA_WPEAJ@Z 000000018000dc70 f   ElectronicJournalImpl.obj
 0001:0000ccf8       ?OnDraw@COPOSElectronicJournal@@MEAAJAEAUATL_DRAWINFO@@@Z 000000018000dcf8 f   ElectronicJournalImpl.obj
 0001:0000cde4       ?Open@COPOSElectronicJournal@@UEAAJPEA_WPEAJ@Z 000000018000dde4 f   ElectronicJournalImpl.obj
 0001:0000d66c       ?PrintContent@COPOSElectronicJournal@@UEAAJPEA_W0PEAJ@Z 000000018000e66c f   ElectronicJournalImpl.obj
 0001:0000d748       ?PrintContentFile@COPOSElectronicJournal@@UEAAJPEA_WPEAJ@Z 000000018000e748 f   ElectronicJournalImpl.obj
 0001:0000d7d0       ?QueryContent@COPOSElectronicJournal@@UEAAJPEA_W00PEAJ@Z 000000018000e7d0 f   ElectronicJournalImpl.obj
 0001:0000d8bc       ?ReleaseDevice@COPOSElectronicJournal@@UEAAJPEAJ@Z 000000018000e8bc f   ElectronicJournalImpl.obj
 0001:0000d928       ?ResetStatistics@COPOSElectronicJournal@@UEAAJPEA_WPEAJ@Z 000000018000e928 f   ElectronicJournalImpl.obj
 0001:0000d9b0       ?ResumePrintContent@COPOSElectronicJournal@@UEAAJPEAJ@Z 000000018000e9b0 f   ElectronicJournalImpl.obj
 0001:0000d9d8       ?ResumeQueryContent@COPOSElectronicJournal@@UEAAJPEAJ@Z 000000018000e9d8 f   ElectronicJournalImpl.obj
 0001:0000da00       ?RetrieveCurrentMarker@COPOSElectronicJournal@@UEAAJJPEAPEA_WPEAJ@Z 000000018000ea00 f   ElectronicJournalImpl.obj
 0001:0000dad8       ?RetrieveMarker@COPOSElectronicJournal@@UEAAJJJJPEAPEA_WPEAJ@Z 000000018000ead8 f   ElectronicJournalImpl.obj
 0001:0000dbe8       ?RetrieveMarkerByDateTime@COPOSElectronicJournal@@UEAAJJPEA_W0PEAPEA_WPEAJ@Z 000000018000ebe8 f   ElectronicJournalImpl.obj
 0001:0000dcf0       ?RetrieveMarkersDateTime@COPOSElectronicJournal@@UEAAJPEA_WPEAPEA_WPEAJ@Z 000000018000ecf0 f   ElectronicJournalImpl.obj
 0001:0000ddcc       ?RetrieveStatistics@COPOSElectronicJournal@@UEAAJPEAPEA_WPEAJ@Z 000000018000edcc f   ElectronicJournalImpl.obj
 0001:0000de54       ?SOProcessID@COPOSElectronicJournal@@UEAAJPEAJ@Z 000000018000ee54 f   ElectronicJournalImpl.obj
 0001:0000de70       ?SetCOFreezeEvents@COPOSElectronicJournal@@IEAAXF@Z 000000018000ee70 f   ElectronicJournalImpl.obj
 0001:0000df54       ?SetOposProp@COPOSElectronicJournal@@IEAAJJJJ@Z 000000018000ef54 f   ElectronicJournalImpl.obj
 0001:0000e0b4       ?SuspendPrintContent@COPOSElectronicJournal@@UEAAJPEAJ@Z 000000018000f0b4 f   ElectronicJournalImpl.obj
 0001:0000e0dc       ?SuspendQueryContent@COPOSElectronicJournal@@UEAAJPEAJ@Z 000000018000f0dc f   ElectronicJournalImpl.obj
 0001:0000e104       ?UpdateFirmware@COPOSElectronicJournal@@UEAAJPEA_WPEAJ@Z 000000018000f104 f   ElectronicJournalImpl.obj
 0001:0000e18c       ?UpdateStatistics@COPOSElectronicJournal@@UEAAJPEA_WPEAJ@Z 000000018000f18c f   ElectronicJournalImpl.obj
 0001:0000e214       ?get_AsyncMode@COPOSElectronicJournal@@UEAAJPEAF@Z 000000018000f214 f   ElectronicJournalImpl.obj
 0001:0000e248       ?get_AutoDisable@COPOSElectronicJournal@@UEAAJPEAF@Z 000000018000f248 f   ElectronicJournalImpl.obj
 0001:0000e278       ?get_BinaryConversion@COPOSElectronicJournal@@UEAAJPEAJ@Z 000000018000f278 f   ElectronicJournalImpl.obj
 0001:0000e28c       ?get_CapAddMarker@COPOSElectronicJournal@@UEAAJPEAF@Z 000000018000f28c f   ElectronicJournalImpl.obj
 0001:0000e2c0       ?get_CapCompareFirmwareVersion@COPOSElectronicJournal@@UEAAJPEAF@Z 000000018000f2c0 f   ElectronicJournalImpl.obj
 0001:0000e2f4       ?get_CapErasableMedium@COPOSElectronicJournal@@UEAAJPEAF@Z 000000018000f2f4 f   ElectronicJournalImpl.obj
 0001:0000e328       ?get_CapInitializeMedium@COPOSElectronicJournal@@UEAAJPEAF@Z 000000018000f328 f   ElectronicJournalImpl.obj
 0001:0000e35c       ?get_CapMediumIsAvailable@COPOSElectronicJournal@@UEAAJPEAF@Z 000000018000f35c f   ElectronicJournalImpl.obj
 0001:0000e390       ?get_CapPowerReporting@COPOSElectronicJournal@@UEAAJPEAJ@Z 000000018000f390 f   ElectronicJournalImpl.obj
 0001:0000e3a4       ?get_CapPrintContent@COPOSElectronicJournal@@UEAAJPEAF@Z 000000018000f3a4 f   ElectronicJournalImpl.obj
 0001:0000e3d8       ?get_CapPrintContentFile@COPOSElectronicJournal@@UEAAJPEAF@Z 000000018000f3d8 f   ElectronicJournalImpl.obj
 0001:0000e40c       ?get_CapRetrieveCurrentMarker@COPOSElectronicJournal@@UEAAJPEAF@Z 000000018000f40c f   ElectronicJournalImpl.obj
 0001:0000e440       ?get_CapRetrieveMarker@COPOSElectronicJournal@@UEAAJPEAF@Z 000000018000f440 f   ElectronicJournalImpl.obj
 0001:0000e474       ?get_CapRetrieveMarkerByDateTime@COPOSElectronicJournal@@UEAAJPEAF@Z 000000018000f474 f   ElectronicJournalImpl.obj
 0001:0000e4a8       ?get_CapRetrieveMarkersDateTime@COPOSElectronicJournal@@UEAAJPEAF@Z 000000018000f4a8 f   ElectronicJournalImpl.obj
 0001:0000e4dc       ?get_CapStation@COPOSElectronicJournal@@UEAAJPEAJ@Z 000000018000f4dc f   ElectronicJournalImpl.obj
 0001:0000e4f0       ?get_CapStatisticsReporting@COPOSElectronicJournal@@UEAAJPEAF@Z 000000018000f4f0 f   ElectronicJournalImpl.obj
 0001:0000e524       ?get_CapStorageEnabled@COPOSElectronicJournal@@UEAAJPEAF@Z 000000018000f524 f   ElectronicJournalImpl.obj
 0001:0000e558       ?get_CapSuspendPrintContent@COPOSElectronicJournal@@UEAAJPEAF@Z 000000018000f558 f   ElectronicJournalImpl.obj
 0001:0000e58c       ?get_CapSuspendQueryContent@COPOSElectronicJournal@@UEAAJPEAF@Z 000000018000f58c f   ElectronicJournalImpl.obj
 0001:0000e5c0       ?get_CapUpdateFirmware@COPOSElectronicJournal@@UEAAJPEAF@Z 000000018000f5c0 f   ElectronicJournalImpl.obj
 0001:0000e5f4       ?get_CapUpdateStatistics@COPOSElectronicJournal@@UEAAJPEAF@Z 000000018000f5f4 f   ElectronicJournalImpl.obj
 0001:0000e628       ?get_CapWaterMark@COPOSElectronicJournal@@UEAAJPEAF@Z 000000018000f628 f   ElectronicJournalImpl.obj
 0001:0000e65c       ?get_CheckHealthText@COPOSElectronicJournal@@UEAAJPEAPEA_W@Z 000000018000f65c f   ElectronicJournalImpl.obj
 0001:0000e670       ?get_Claimed@COPOSElectronicJournal@@UEAAJPEAF@Z 000000018000f670 f   ElectronicJournalImpl.obj
 0001:0000e6a4       ?get_ControlObjectDescription@COPOSElectronicJournal@@UEAAJPEAPEA_W@Z 000000018000f6a4 f   ElectronicJournalImpl.obj
 0001:0000e708       ?get_ControlObjectVersion@COPOSElectronicJournal@@UEAAJPEAJ@Z 000000018000f708 f   ElectronicJournalImpl.obj
 0001:0000e714       ?get_DataCount@COPOSElectronicJournal@@UEAAJPEAJ@Z 000000018000f714 f   ElectronicJournalImpl.obj
 0001:0000e728       ?get_DataEventEnabled@COPOSElectronicJournal@@UEAAJPEAF@Z 000000018000f728 f   ElectronicJournalImpl.obj
 0001:0000e75c       ?get_DeviceDescription@COPOSElectronicJournal@@UEAAJPEAPEA_W@Z 000000018000f75c f   ElectronicJournalImpl.obj
 0001:0000e770       ?get_DeviceEnabled@COPOSElectronicJournal@@UEAAJPEAF@Z 000000018000f770 f   ElectronicJournalImpl.obj
 0001:0000e7a4       ?get_DeviceName@COPOSElectronicJournal@@UEAAJPEAPEA_W@Z 000000018000f7a4 f   ElectronicJournalImpl.obj
 0001:0000e7b8       ?get_FlagWhenIdle@COPOSElectronicJournal@@UEAAJPEAF@Z 000000018000f7b8 f   ElectronicJournalImpl.obj
 0001:0000e7ec       ?get_FreezeEvents@COPOSElectronicJournal@@UEAAJPEAF@Z 000000018000f7ec f   ElectronicJournalImpl.obj
 0001:0000e81c       ?get_MediumFreeSpace@COPOSElectronicJournal@@UEAAJPEATtagCY@@@Z 000000018000f81c f   ElectronicJournalImpl.obj
 0001:0000e8ec       ?get_MediumID@COPOSElectronicJournal@@UEAAJPEAPEA_W@Z 000000018000f8ec f   ElectronicJournalImpl.obj
 0001:0000e900       ?get_MediumIsAvailable@COPOSElectronicJournal@@UEAAJPEAF@Z 000000018000f900 f   ElectronicJournalImpl.obj
 0001:0000e934       ?get_MediumSize@COPOSElectronicJournal@@UEAAJPEATtagCY@@@Z 000000018000f934 f   ElectronicJournalImpl.obj
 0001:0000ea04       ?get_OpenResult@COPOSElectronicJournal@@UEAAJPEAJ@Z 000000018000fa04 f   ElectronicJournalImpl.obj
 0001:0000ea10       ?get_OutputID@COPOSElectronicJournal@@UEAAJPEAJ@Z 000000018000fa10 f   ElectronicJournalImpl.obj
 0001:0000ea24       ?get_PowerNotify@COPOSElectronicJournal@@UEAAJPEAJ@Z 000000018000fa24 f   ElectronicJournalImpl.obj
 0001:0000ea38       ?get_PowerState@COPOSElectronicJournal@@UEAAJPEAJ@Z 000000018000fa38 f   ElectronicJournalImpl.obj
 0001:0000ea4c       ?get_ResultCode@COPOSElectronicJournal@@UEAAJPEAJ@Z 000000018000fa4c f   ElectronicJournalImpl.obj
 0001:0000ea88       ?get_ResultCodeExtended@COPOSElectronicJournal@@UEAAJPEAJ@Z 000000018000fa88 f   ElectronicJournalImpl.obj
 0001:0000ea9c       ?get_ServiceObjectDescription@COPOSElectronicJournal@@UEAAJPEAPEA_W@Z 000000018000fa9c f   ElectronicJournalImpl.obj
 0001:0000eab0       ?get_ServiceObjectVersion@COPOSElectronicJournal@@UEAAJPEAJ@Z 000000018000fab0 f   ElectronicJournalImpl.obj
 0001:0000eac4       ?get_State@COPOSElectronicJournal@@UEAAJPEAJ@Z 000000018000fac4 f   ElectronicJournalImpl.obj
 0001:0000eaf0       ?get_Station@COPOSElectronicJournal@@UEAAJPEAJ@Z 000000018000faf0 f   ElectronicJournalImpl.obj
 0001:0000eb04       ?get_StorageEnabled@COPOSElectronicJournal@@UEAAJPEAF@Z 000000018000fb04 f   ElectronicJournalImpl.obj
 0001:0000eb38       ?get_Suspended@COPOSElectronicJournal@@UEAAJPEAF@Z 000000018000fb38 f   ElectronicJournalImpl.obj
 0001:0000eb6c       ?get_WaterMark@COPOSElectronicJournal@@UEAAJPEAF@Z 000000018000fb6c f   ElectronicJournalImpl.obj
 0001:0000eba0       ?put_AsyncMode@COPOSElectronicJournal@@UEAAJF@Z 000000018000fba0 f   ElectronicJournalImpl.obj
 0001:0000ebbc       ?put_AutoDisable@COPOSElectronicJournal@@UEAAJF@Z 000000018000fbbc f   ElectronicJournalImpl.obj
 0001:0000ebd4       ?put_BinaryConversion@COPOSElectronicJournal@@UEAAJJ@Z 000000018000fbd4 f   ElectronicJournalImpl.obj
 0001:0000ebe8       ?put_DataEventEnabled@COPOSElectronicJournal@@UEAAJF@Z 000000018000fbe8 f   ElectronicJournalImpl.obj
 0001:0000ec00       ?put_DeviceEnabled@COPOSElectronicJournal@@UEAAJF@Z 000000018000fc00 f   ElectronicJournalImpl.obj
 0001:0000ec18       ?put_FlagWhenIdle@COPOSElectronicJournal@@UEAAJF@Z 000000018000fc18 f   ElectronicJournalImpl.obj
 0001:0000ec34       ?put_FreezeEvents@COPOSElectronicJournal@@UEAAJF@Z 000000018000fc34 f   ElectronicJournalImpl.obj
[...]
 0004:00001950       $pdata$__acrt_fp_format    0000000180037950     libucrt:cvt.obj
 0004:0000195c       $pdata$?fp_format_e_internal@@YAHQEAD_KH_NIQEAU_strflt@@2QEAU__crt_locale_pointers@@@Z 000000018003795c     libucrt:cvt.obj
 0004:00001968       $pdata$?fp_format_e@@YAHQEBNQEAD_K12H_NIQEAU__crt_locale_pointers@@W4__acrt_rounding_mode@@@Z 0000000180037968     libucrt:cvt.obj
 0004:00001974       $pdata$?should_round_up@@YA_NQEBN_KFW4__acrt_rounding_mode@@@Z 0000000180037974     libucrt:cvt.obj
 0004:00001980       $pdata$?fp_format_a@@YAHQEBNPEAD_KQEAD2H_NIQEAU__crt_locale_pointers@@W4__acrt_rounding_mode@@@Z 0000000180037980     libucrt:cvt.obj
 0004:0000198c       $pdata$?fp_format_f_internal@@YAHQEAD_KHQEAU_strflt@@_NQEAU__crt_locale_pointers@@@Z 000000018003798c     libucrt:cvt.obj
 0004:00001998       $pdata$?fp_format_g@@YAHQEBNQEAD_K12H_NIQEAU__crt_locale_pointers@@@Z 0000000180037998     libucrt:cvt.obj
 0004:000019a4       $pdata$_fileno             00000001800379a4     libucrt:fileno.obj
 0004:000019b0       $pdata$__acrt_initialize_stdio 00000001800379b0     libucrt:_file.obj
 0004:000019bc       $pdata$__acrt_uninitialize_stdio 00000001800379bc     libucrt:_file.obj
 0004:000019c8       $pdata$__acrt_uninitialize_locale 00000001800379c8     libucrt:wsetlocale.obj
 0004:000019d4       $pdata$??$?RV<lambda_410d79af7f07d98d83a3f525b3859a53>@@AEAV<lambda_3e16ef9562a7dcce91392c22ab16ea36>@@V<lambda_38119f0e861e05405d8a144b9b982f0a>@@@?$__crt_seh_guarded_call@X@@QEAAX$$QEAV<lambda_410d79af7f07d98d83a3f525b3859a53>@@AEAV<lambda_3e16ef9562a7dcce91392c22ab16ea36>@@$$QEAV<lambda_38119f0e861e05405d8a144b9b982f0a>@@@Z 00000001800379d4     libucrt:wsetlocale.obj
 0004:000019e0       $pdata$?fin$0@?0???$?RV<lambda_410d79af7f07d98d83a3f525b3859a53>@@AEAV<lambda_3e16ef9562a7dcce91392c22ab16ea36>@@V<lambda_38119f0e861e05405d8a144b9b982f0a>@@@?$__crt_seh_guarded_call@X@@QEAAX$$QEAV<lambda_410d79af7f07d98d83a3f525b3859a53>@@AEAV<lambda_3e16ef9562a7dcce91392c22ab16ea36>@@$$QEAV<lambda_38119f0e861e05405d8a144b9b982f0a>@@@Z@4HA 00000001800379e0     libucrt:wsetlocale.obj
 0004:000019ec       $pdata$__acrt_initialize_lowio 00000001800379ec     libucrt:ioinit.obj
 0004:000019f8       $pdata$__acrt_initialize_lowio$fin$0 00000001800379f8     libucrt:ioinit.obj
 0004:000019f8       $pdata$__acrt_lowio_ensure_fh_exists$fin$0 00000001800379f8     libucrt:osfinfo.obj
 0004:00001a04       $pdata$__acrt_uninitialize_lowio 0000000180037a04     libucrt:ioinit.obj
 0004:00001a10       $pdata$?initialize_inherited_file_handles_nolock@@YAXXZ 0000000180037a10     libucrt:ioinit.obj
 0004:00001a1c       $pdata$?initialize_stdio_handles_nolock@@YAXXZ 0000000180037a1c     libucrt:ioinit.obj
 0004:00001a28       $pdata$__acrt_initialize_locks 0000000180037a28     libucrt:locks.obj
 0004:00001a34       $pdata$__acrt_uninitialize_locks 0000000180037a34     libucrt:locks.obj
 0004:00001a40       $pdata$__acrt_get_process_end_policy 0000000180037a40     libucrt:win_policies.obj
 0004:00001a4c       $pdata$??$__acrt_mbs_to_wcs_cp@U__crt_win32_buffer_internal_dynamic_resizing@@@@YAHQEBDAEAV?$__crt_win32_buffer@_WU__crt_win32_buffer_internal_dynamic_resizing@@@@I@Z 0000000180037a4c     libucrt:argv_wildcards.obj
 0004:00001a58       $pdata$??$__acrt_wcs_to_mbs_cp@U__crt_win32_buffer_internal_dynamic_resizing@@@@YAHQEB_WAEAV?$__crt_win32_buffer@DU__crt_win32_buffer_internal_dynamic_resizing@@@@I@Z 0000000180037a58     libucrt:argv_wildcards.obj
 0004:00001a64       $pdata$??$common_expand_argv_wildcards@D@@YAHQEAPEADQEAPEAPEAD@Z 0000000180037a64     libucrt:argv_wildcards.obj
 0004:00001a70       $pdata$??$copy_and_add_argument_to_buffer@D@@YAHQEBD0_KAEAV?$argument_list@D@?A0x5f5c8891@@@Z 0000000180037a70     libucrt:argv_wildcards.obj
 0004:00001a7c       $pdata$??$expand_argument_wildcards@D@@YAHQEAD0AEAV?$argument_list@D@?A0x5f5c8891@@@Z 0000000180037a7c     libucrt:argv_wildcards.obj
 0004:00001a88       $pdata$__acrt_GetModuleFileNameA 0000000180037a88     libucrt:getmodulefilenamea.obj
 0004:00001a94       $pdata$??$__acrt_wcs_to_mbs_cp@U__crt_win32_buffer_no_resizing@@@@YAHQEB_WAEAV?$__crt_win32_buffer@DU__crt_win32_buffer_no_resizing@@@@I@Z 0000000180037a94     libucrt:getmodulefilenamea.obj
 0004:00001aa0       $pdata$__acrt_update_thread_multibyte_data 0000000180037aa0     libucrt:mbctype.obj
 0004:00001aac       $pdata$__acrt_initialize_multibyte 0000000180037aac     libucrt:mbctype.obj
 0004:00001ab8       $pdata$_setmbcp_nolock     0000000180037ab8     libucrt:mbctype.obj
 0004:00001ac4       $pdata$?getSystemCP@@YAHH@Z 0000000180037ac4     libucrt:mbctype.obj
 0004:00001ad0       $pdata$?setSBCS@@YAXPEAU__crt_multibyte_data@@@Z 0000000180037ad0     libucrt:mbctype.obj
 0004:00001adc       $pdata$?update_thread_multibyte_data_internal@@YAPEAU__crt_multibyte_data@@QEAU__acrt_ptd@@QEAPEAU1@@Z 0000000180037adc     libucrt:mbctype.obj
 0004:00001ae8       $pdata$?fin$0@?0??update_thread_multibyte_data_internal@@YAPEAU__crt_multibyte_data@@QEAU__acrt_ptd@@QEAPEAU1@@Z@4HA 0000000180037ae8     libucrt:mbctype.obj
 0004:00001af4       $pdata$?setmbcp_internal@@YAHH_NQEAU__acrt_ptd@@QEAPEAU__crt_multibyte_data@@@Z 0000000180037af4     libucrt:mbctype.obj
 0004:00001b00       $pdata$?setSBUpLow@@YAXPEAU__crt_multibyte_data@@@Z 0000000180037b00     libucrt:mbctype.obj
 0004:00001b0c       $pdata$??$?RV<lambda_efdfa57d1f175319df784efa44bb7b81>@@AEAV<lambda_5f0a4c1567f8adc6734073e5d1e1b35c>@@V<lambda_2e8a7d3640ea6ccb4c2413664c2db6fd>@@@?$__crt_seh_guarded_call@X@@QEAAX$$QEAV<lambda_efdfa57d1f175319df784efa44bb7b81>@@AEAV<lambda_5f0a4c1567f8adc6734073e5d1e1b35c>@@$$QEAV<lambda_2e8a7d3640ea6ccb4c2413664c2db6fd>@@@Z 0000000180037b0c     libucrt:mbctype.obj
 0004:00001b18       $pdata$?x_ismbbtype_l@@YAHPEAU__crt_locale_pointers@@IHH@Z 0000000180037b18     libucrt:ismbbyte.obj
 0004:00001b24       $pdata$__acrt_initialize_command_line 0000000180037b24     libucrt:argv_data.obj
 0004:00001b30       $pdata$__acrt_WideCharToMultiByte 0000000180037b30     libucrt:widechartomultibyte.obj
 0004:00001b3c       $pdata$__dcrt_get_narrow_environment_from_os 0000000180037b3c     libucrt:get_environment_from_os.obj
 0004:00001b48       $pdata$__acrt_initialize_heap 0000000180037b48     libucrt:heap_handle.obj
 0004:00001b54       $pdata$__acrt_execute_initializers 0000000180037b54     libucrt:shared_initialization.obj
 0004:00001b60       $pdata$__acrt_execute_uninitializers 0000000180037b60     libucrt:shared_initialization.obj
 0004:00001b6c       $pdata$__acrt_get_sigabrt_handler 0000000180037b6c     libucrt:signal.obj
 0004:00001b78       $pdata$raise               0000000180037b78     libucrt:signal.obj
 0004:00001b84       $pdata$raise$fin$0         0000000180037b84     libucrt:signal.obj
 0004:00001b90       $pdata$??$?RV<lambda_450d765d439847d4c735a33c368b5fc0>@@AEAV<lambda_44731a7d0e6d81c3e6aa82d741081786>@@V<lambda_601a2a7da3b7a96e9554ac7215c4b07c>@@@?$__crt_seh_guarded_call@P6AXH@Z@@QEAAP6AXH@Z$$QEAV<lambda_450d765d439847d4c735a33c368b5fc0>@@AEAV<lambda_44731a7d0e6d81c3e6aa82d741081786>@@$$QEAV<lambda_601a2a7da3b7a96e9554ac7215c4b07c>@@@Z 0000000180037b90     libucrt:signal.obj
 0004:00001b9c       $pdata$_fflush_nolock      0000000180037b9c     libucrt:fflush.obj
 0004:00001ba8       $pdata$__acrt_stdio_flush_nolock 0000000180037ba8     libucrt:fflush.obj
 0004:00001bb4       $pdata$?common_flush_all@@YAH_N@Z 0000000180037bb4     libucrt:fflush.obj
 0004:00001bc0       $pdata$??$?RV<lambda_842d9ff0dc9ef11c61343bbaebe7f885>@@AEAV<lambda_c5860995281e5c4ce005b3de8f5874ee>@@V<lambda_d90129c13df834fdcbf8d2b88dafcf2d>@@@?$__crt_seh_guarded_call@X@@QEAAX$$QEAV<lambda_842d9ff0dc9ef11c61343bbaebe7f885>@@AEAV<lambda_c5860995281e5c4ce005b3de8f5874ee>@@$$QEAV<lambda_d90129c13df834fdcbf8d2b88dafcf2d>@@@Z 0000000180037bc0     libucrt:fflush.obj
 0004:00001bcc       $pdata$?fin$0@?0???$?RV<lambda_842d9ff0dc9ef11c61343bbaebe7f885>@@AEAV<lambda_c5860995281e5c4ce005b3de8f5874ee>@@V<lambda_d90129c13df834fdcbf8d2b88dafcf2d>@@@?$__crt_seh_guarded_call@X@@QEAAX$$QEAV<lambda_842d9ff0dc9ef11c61343bbaebe7f885>@@AEAV<lambda_c5860995281e5c4ce005b3de8f5874ee>@@$$QEAV<lambda_d90129c13df834fdcbf8d2b88dafcf2d>@@@Z@4HA 0000000180037bcc     libucrt:fflush.obj
 0004:00001bd8       $pdata$??$?RV<lambda_886d6c58226a84441f68b9f2b8217b83>@@AEAV<lambda_ab61a845afdef5b7c387490eaf3616ee>@@V<lambda_f7f22ab5edc0698d5f6905b0d3f44752>@@@?$__crt_seh_guarded_call@X@@QEAAX$$QEAV<lambda_886d6c58226a84441f68b9f2b8217b83>@@AEAV<lambda_ab61a845afdef5b7c387490eaf3616ee>@@$$QEAV<lambda_f7f22ab5edc0698d5f6905b0d3f44752>@@@Z 0000000180037bd8     libucrt:fflush.obj
 0004:00001be4       $pdata$?fin$0@?0???$?RV<lambda_886d6c58226a84441f68b9f2b8217b83>@@AEAV<lambda_ab61a845afdef5b7c387490eaf3616ee>@@V<lambda_f7f22ab5edc0698d5f6905b0d3f44752>@@@?$__crt_seh_guarded_call@X@@QEAAX$$QEAV<lambda_886d6c58226a84441f68b9f2b8217b83>@@AEAV<lambda_ab61a845afdef5b7c387490eaf3616ee>@@$$QEAV<lambda_f7f22ab5edc0698d5f6905b0d3f44752>@@@Z@4HA 0000000180037be4     libucrt:fflush.obj
 0004:00001bf0       $pdata$__pctype_func       0000000180037bf0     libucrt:ctype.obj
 0004:00001bfc       $pdata$iswctype            0000000180037bfc     libucrt:iswctype.obj
 0004:00001c08       $pdata$__acrt_release_locale_ref 0000000180037c08     libucrt:locale_refcounting.obj
 0004:00001c14       $pdata$__acrt_free_locale  0000000180037c14     libucrt:locale_refcounting.obj
 0004:00001c20       $pdata$__acrt_locale_free_lc_time_if_unreferenced 0000000180037c20     libucrt:locale_refcounting.obj
 0004:00001c2c       $pdata$__acrt_update_thread_locale_data 0000000180037c2c     libucrt:locale_refcounting.obj
 0004:00001c38       $pdata$__acrt_update_thread_locale_data$fin$0 0000000180037c38     libucrt:locale_refcounting.obj
 0004:00001c44       $pdata$_updatetlocinfoEx_nolock 0000000180037c44     libucrt:locale_refcounting.obj
 0004:00001c50       $pdata$__acrt_DownlevelLocaleNameToLCID 0000000180037c50     libucrt:lcidtoname_downlevel.obj
 0004:00001c5c       $pdata$_isleadbyte_l       0000000180037c5c     libucrt:_wctype.obj
 0004:00001c68       $pdata$?__mbrtowc_utf8@__crt_mbstring@@YA_KPEA_WPEBD_KPEAU_Mbstatet@@@Z 0000000180037c68     libucrt:mbrtowc.obj
 0004:00001c74       $pdata$?__mbsrtowcs_utf8@__crt_mbstring@@YA_KPEA_WPEAPEBD_KPEAU_Mbstatet@@@Z 0000000180037c74     libucrt:mbrtowc.obj
 0004:00001c80       $pdata$__acrt_fp_strflt_to_string 0000000180037c80     libucrt:_fptostr.obj
 0004:00001c8c       $pdata$memcpy_s            0000000180037c8c     libucrt:cfout.obj
 0004:00001c98       $pdata$__acrt_fltout       0000000180037c98     libucrt:cfout.obj
 0004:00001ca4       $pdata$?divide@__crt_strtox@@YA_KAEAUbig_integer@1@AEBU21@@Z 0000000180037ca4     libucrt:cfout.obj
 0004:00001cb0       $pdata$0$?divide@__crt_strtox@@YA_KAEAUbig_integer@1@AEBU21@@Z 0000000180037cb0     libucrt:cfout.obj
 0004:00001cbc       $pdata$1$?divide@__crt_strtox@@YA_KAEAUbig_integer@1@AEBU21@@Z 0000000180037cbc     libucrt:cfout.obj
 0004:00001cc8       $pdata$fegetround          0000000180037cc8     libucrt:fegetround.obj
 0004:00001cd4       $pdata$_fcloseall          0000000180037cd4     libucrt:closeall.obj
 0004:00001ce0       $pdata$_fcloseall$fin$0    0000000180037ce0     libucrt:closeall.obj
 0004:00001cec       $pdata$__acrt_stdio_free_buffer_nolock 0000000180037cec     libucrt:_freebuf.obj
 0004:00001cf8       $pdata$_isatty             0000000180037cf8     libucrt:isatty.obj
 0004:00001d04       $pdata$__acrt_locale_free_monetary 0000000180037d04     libucrt:initmon.obj
 0004:00001d10       $pdata$__acrt_locale_free_numeric 0000000180037d10     libucrt:initnum.obj
 0004:00001d1c       $pdata$__acrt_locale_free_time 0000000180037d1c     libucrt:inittime.obj
 0004:00001d28       $pdata$?free_crt_array_internal@@YAXQEAPEBX_K@Z 0000000180037d28     libucrt:inittime.obj
 0004:00001d34       $pdata$__acrt_GetStringTypeA 0000000180037d34     libucrt:getstringtypea.obj
 0004:00001d40       $pdata$_get_osfhandle      0000000180037d40     libucrt:osfinfo.obj
 0004:00001d4c       $pdata$_free_osfhnd        0000000180037d4c     libucrt:osfinfo.obj
 0004:00001d58       $pdata$__acrt_lowio_create_handle_array 0000000180037d58     libucrt:osfinfo.obj
 0004:00001d64       $pdata$__acrt_lowio_destroy_handle_array 0000000180037d64     libucrt:osfinfo.obj
 0004:00001d70       $pdata$__acrt_lowio_ensure_fh_exists 0000000180037d70     libucrt:osfinfo.obj
 0004:00001d7c       $pdata$qsort               0000000180037d7c     libucrt:qsort.obj
 0004:00001d88       $pdata$4$qsort             0000000180037d88     libucrt:qsort.obj
 0004:00001d94       $pdata$5$qsort             0000000180037d94     libucrt:qsort.obj
 0004:00001da0       $pdata$strncpy_s           0000000180037da0     libucrt:strncpy_s.obj
 0004:00001dac       $pdata$strpbrk             0000000180037dac     libucrt:strpbrk.obj
 0004:00001db8       $pdata$fallbackMethod      0000000180037db8     libucrt:strpbrk.obj
 0004:00001dc4       $pdata$_mbsdec_l           0000000180037dc4     libucrt:mbsdec.obj
 0004:00001dd0       $pdata$__acrt_LCMapStringA 0000000180037dd0     libucrt:lcmapstringa.obj
 0004:00001ddc       $pdata$?__acrt_LCMapStringA_stat@@YAHPEAU__crt_locale_pointers@@PEB_WKPEBDHPEADHHH@Z 0000000180037ddc     libucrt:lcmapstringa.obj
 0004:00001de8       $pdata$?initialize_multibyte@@YAHXZ 0000000180037de8     libucrt:multibyte_initializer.obj
 0004:00001df4       $pdata$_commit             0000000180037df4     libucrt:commit.obj
 0004:00001e00       $pdata$??$?RV<lambda_a37b2b86f63e897a80ea819b0eb08c01>@@AEAV<lambda_38ce7e780aa69e748d6df282ebc68efe>@@V<lambda_99fb1378e971ab6e7edea83e3a7a83a2>@@@?$__crt_seh_guarded_call@H@@QEAAH$$QEAV<lambda_a37b2b86f63e897a80ea819b0eb08c01>@@AEAV<lambda_38ce7e780aa69e748d6df282ebc68efe>@@$$QEAV<lambda_99fb1378e971ab6e7edea83e3a7a83a2>@@@Z 0000000180037e00     libucrt:commit.obj
 0004:00001e0c       $pdata$?fin$0@?0???$?RV<lambda_751a882b2c74d4b022dec766aa51a29a>@@AEAV<lambda_628dfdc04ba53c8bfc02c9951375f3f5>@@V<lambda_f6c7be5f7998530c34de24c7437d6b54>@@@?$__crt_seh_guarded_call@H@@QEAAH$$QEAV<lambda_751a882b2c74d4b022dec766aa51a29a>@@AEAV<lambda_628dfdc04ba53c8bfc02c9951375f3f5>@@$$QEAV<lambda_f6c7be5f7998530c34de24c7437d6b54>@@@Z@4HA 0000000180037e0c     libucrt:close.obj
 0004:00001e0c       $pdata$?fin$0@?0???$?RV<lambda_a37b2b86f63e897a80ea819b0eb08c01>@@AEAV<lambda_38ce7e780aa69e748d6df282ebc68efe>@@V<lambda_99fb1378e971ab6e7edea83e3a7a83a2>@@@?$__crt_seh_guarded_call@H@@QEAAH$$QEAV<lambda_a37b2b86f63e897a80ea819b0eb08c01>@@AEAV<lambda_38ce7e780aa69e748d6df282ebc68efe>@@$$QEAV<lambda_99fb1378e971ab6e7edea83e3a7a83a2>@@@Z@4HA 0000000180037e0c     libucrt:commit.obj
 0004:00001e18       $pdata$_write              0000000180037e18     libucrt:write.obj
 0004:00001e24       $pdata$_write$fin$0        0000000180037e24     libucrt:write.obj
 0004:00001e30       $pdata$_write_nolock       0000000180037e30     libucrt:write.obj
 0004:00001e3c       $pdata$?write_double_translated_ansi_nolock@@YA?AUwrite_result@?A0x17268360@@HQEBDI@Z 0000000180037e3c     libucrt:write.obj
 0004:00001e48       $pdata$?write_text_ansi_nolock@@YA?AUwrite_result@?A0x17268360@@HQEBDI@Z 0000000180037e48     libucrt:write.obj
 0004:00001e54       $pdata$?write_text_utf16le_nolock@@YA?AUwrite_result@?A0x17268360@@HQEBDI@Z 0000000180037e54     libucrt:write.obj
 0004:00001e60       $pdata$?write_text_utf8_nolock@@YA?AUwrite_result@?A0x17268360@@HQEBDI@Z 0000000180037e60     libucrt:write.obj
 0004:00001e6c       $pdata$?__mbrtoc32_utf8@__crt_mbstring@@YA_KPEA_UPEBD_KPEAU_Mbstatet@@@Z 0000000180037e6c     libucrt:mbrtoc32.obj
 0004:00001e78       $pdata$_controlfp_s        0000000180037e78     libucrt:contrlfp.obj
 0004:00001e84       $pdata$fegetenv            0000000180037e84     libucrt:fegetenv.obj
 0004:00001e90       $pdata$fesetenv            0000000180037e90     libucrt:fesetenv.obj
 0004:00001e9c       $pdata$feholdexcept        0000000180037e9c     libucrt:feholdexcept.obj
 0004:00001eb4       $pdata$__acrt_fenv_set_control 0000000180037eb4     libucrt:_fenvutils.obj
 0004:00001ec0       $pdata$??$common_lseek_nolock@_J@@YA_JH_JH@Z 0000000180037ec0     libucrt:lseek.obj
 0004:00001ecc       $pdata$fclose              0000000180037ecc     libucrt:fclose.obj
 0004:00001ed8       $pdata$fclose$fin$0        0000000180037ed8     libucrt:fclose.obj
 0004:00001ee4       $pdata$_fclose_nolock      0000000180037ee4     libucrt:fclose.obj
 0004:00001ef0       $pdata$_putwch_nolock      0000000180037ef0     libucrt:putwch.obj
 0004:00001efc       $pdata$_clearfp            0000000180037efc     libucrt:ieee.obj
 0004:00001f08       $pdata$common_control87    0000000180037f08     libucrt:ieee.obj
 0004:00001f14       $pdata$_ctrlfp$filt$0      0000000180037f14     libucrt:fpctrl.obj
 0004:00001f14       $pdata$common_control87$filt$0 0000000180037f14     libucrt:ieee.obj
 0004:00001f20       $pdata$_call_matherr       0000000180037f20     libucrt:libm_error.obj
 0004:00001f2c       $pdata$_exception_enabled  0000000180037f2c     libucrt:libm_error.obj
 0004:00001f38       $pdata$_handle_error       0000000180037f38     libucrt:libm_error.obj
 0004:00001f44       $pdata$__acrt_initialize_fma3 0000000180037f44     libucrt:fma3_available.obj
 0004:00001f50       $pdata$_log_special_common 0000000180037f50     libucrt:log_special.obj
 0004:00001f5c       $pdata$_log10_special      0000000180037f5c     libucrt:log_special.obj
 0004:00001f68       $pdata$_close              0000000180037f68     libucrt:close.obj
 0004:00001f74       $pdata$_close_nolock       0000000180037f74     libucrt:close.obj
 0004:00001f80       $pdata$??$?RV<lambda_751a882b2c74d4b022dec766aa51a29a>@@AEAV<lambda_628dfdc04ba53c8bfc02c9951375f3f5>@@V<lambda_f6c7be5f7998530c34de24c7437d6b54>@@@?$__crt_seh_guarded_call@H@@QEAAH$$QEAV<lambda_751a882b2c74d4b022dec766aa51a29a>@@AEAV<lambda_628dfdc04ba53c8bfc02c9951375f3f5>@@$$QEAV<lambda_f6c7be5f7998530c34de24c7437d6b54>@@@Z 0000000180037f80     libucrt:close.obj
 0004:00001f8c       $pdata$__dcrt_lowio_ensure_console_output_initialized 0000000180037f8c     libucrt:initcon.obj
 0004:00001f98       $pdata$__dcrt_write_console 0000000180037f98     libucrt:initcon.obj
 0004:00001fa4       $pdata$__dcrt_terminate_console_output 0000000180037fa4     libucrt:initcon.obj
 0004:00001fbc       $pdata$_set_errno_from_matherr 0000000180037fbc     libucrt:fpexcept.obj
 0004:00001fc8       $pdata$_raise_exc          0000000180037fc8     libucrt:fpexcept.obj
 0004:00001fd4       $pdata$_raise_exc_ex       0000000180037fd4     libucrt:fpexcept.obj
 0004:00001fe0       $pdata$_clrfp              0000000180037fe0     libucrt:fpctrl.obj
 0004:00001fec       $pdata$_ctrlfp             0000000180037fec     libucrt:fpctrl.obj
 0004:00001ff8       $pdata$_statfp             0000000180037ff8     libucrt:fpctrl.obj
 0004:00002004       $pdata$_set_statfp         0000000180038004     libucrt:fpctrl.obj
 0004:00002010       $pdata$_IsNonwritableInCurrentImage 0000000180038010     LIBCMT:pesect.obj
 0004:0000201c       $pdata$_IsNonwritableInCurrentImage$filt$0 000000018003801c     LIBCMT:pesect.obj
 0005:00000000       MoveSmall                  0000000180039000     libvcruntime:memcpy.obj
 0005:00000050       MsetTab                    0000000180039050     libvcruntime:memset.obj
 0006:00000220       $R000000                   000000018003a220     ElectronicJournal.res
 0006:00000be0       $R0009C0                   000000018003abe0     ElectronicJournal.res
 0006:00000cc8       $R000AA8                   000000018003acc8     ElectronicJournal.res
 0006:00000f30       $R000D10                   000000018003af30     ElectronicJournal.res
 0006:00001470       $R001250                   000000018003b470     ElectronicJournal.res
 0006:00005140       $R004F20                   000000018003f140     ElectronicJournal.res
 0006:00005188       $R004F68                   000000018003f188     ElectronicJournal.res
