 OPOSKeylock

 Timestamp is 5d429e61 (Thu Aug  1 17:10:09 2019)

 Preferred load address is 0000000180000000

 Start         Length     Name                   Class
 0001:00000000 000000c0H .text$di                CODE
 0001:000000c0 0001f930H .text$mn                CODE
 0001:0001f9f0 00000020H .text$mn$00             CODE
 0001:0001fa10 00000400H .text$x                 CODE
 0001:0001fe10 000000c0H .text$yd                CODE
 0002:00000000 00000618H .idata$5                DATA
 0002:00000618 00000010H .00cfg                  DATA
 0002:00000628 00000008H .CRT$XCA                DATA
 0002:00000630 00000008H .CRT$XCL                DATA
 0002:00000638 00000020H .CRT$XCU                DATA
 0002:00000658 00000008H .CRT$XCZ                DATA
 0002:00000660 00000008H .CRT$XIA                DATA
 0002:00000668 00000020H .CRT$XIC                DATA
 0002:00000688 00000008H .CRT$XIZ                DATA
 0002:00000690 00000008H .CRT$XLA                DATA
 0002:00000698 00000008H .CRT$XLZ                DATA
 0002:000006a0 00000008H .CRT$XPA                DATA
 0002:000006a8 00000010H .CRT$XPX                DATA
 0002:000006b8 00000008H .CRT$XPXA               DATA
 0002:000006c0 00000008H .CRT$XPZ                DATA
 0002:000006c8 00000008H .CRT$XTA                DATA
 0002:000006d0 00000010H .CRT$XTZ                DATA
 0002:000006d8 00000000H .gfids$y                DATA
 0002:000006e0 00009f78H .rdata                  DATA
 0002:0000a658 00000028H .rdata$T                DATA
 0002:0000a680 00000274H .rdata$r                DATA
 0002:0000a8f4 00000404H .rdata$zzzdbg           DATA
 0002:0000acf8 00000008H .rtc$IAA                DATA
 0002:0000ad00 00000008H .rtc$IZZ                DATA
 0002:0000ad08 00000008H .rtc$TAA                DATA
 0002:0000ad10 00000008H .rtc$TZZ                DATA
 0002:0000ad18 00000004H .tls                    DATA
 0002:0000ad1c 00000004H .tls$                   DATA
 0002:0000ad20 00000008H .tls$ZZZ                DATA
 0002:0000ad28 000015f8H .xdata                  DATA
 0002:0000c320 00000150H .xdata$x                DATA
 0002:0000c470 00000008H ATL$__a                 DATA
 0002:0000c478 00000008H ATL$__z                 DATA
 0002:0000c480 000000a8H .edata                  DATA
 0002:0000c528 00000078H .idata$2                DATA
 0002:0000c5a0 00000018H .idata$3                DATA
 0002:0000c5b8 00000618H .idata$4                DATA
 0002:0000cbd0 00000c24H .idata$6                DATA
 0003:00000000 00000d68H .data                   DATA
 0003:00000d68 000000c8H .data$r                 DATA
 0003:00000e30 0000140cH .bss                    DATA
 0004:00000000 00001df4H .pdata                  DATA
 0005:00000000 00000094H _RDATA                  DATA
 0006:00000000 00000220H .rsrc$01                DATA
 0006:00000220 00003860H .rsrc$02                DATA

  Address         Publics by Value              Rva+Base               Lib:Object

 0000:00000000       __guard_fids_count         0000000000000000     <absolute>
 0000:00000000       __guard_longjmp_count      0000000000000000     <absolute>
 0000:00000000       __hybrid_code_map          0000000000000000     <absolute>
 0000:00000000       __guard_longjmp_table      0000000000000000     <absolute>
 0000:00000000       __guard_iat_count          0000000000000000     <absolute>
 0000:00000000       __volatile_metadata        0000000000000000     <absolute>
 0000:00000000       __guard_iat_table          0000000000000000     <absolute>
 0000:00000000       __hybrid_code_map_count    0000000000000000     <absolute>
 0000:00000000       __enclave_config           0000000000000000     <absolute>
 0000:00000000       ___safe_se_handler_count   0000000000000000     <absolute>
 0000:00000000       __AbsoluteZero             0000000000000000     <absolute>
 0000:00000000       ___safe_se_handler_table   0000000000000000     <absolute>
 0000:00000000       __guard_fids_table         0000000000000000     <absolute>
 0000:00000000       __hybrid_auxiliary_iat     0000000000000000     <absolute>
 0000:00000000       __dynamic_value_reloc_table 0000000000000000     <absolute>
 0000:00000100       __guard_flags              0000000000000100     <absolute>
 0000:00000000       __ImageBase                0000000180000000     <linker-defined>
 0001:000000c0       ?DupWide@_CW@@AEAAXXZ      00000001800010c0 f   CWString.obj
 0001:000000e8       ?cw_dup@@YAXPEBDAEAHAEAPEA_W1@Z 00000001800010e8 f   CWString.obj
 0001:00000194       ?cw_memcpy@@YAHPEA_WPEBDH@Z 0000000180001194 f   CWString.obj
 0001:000001e0       ?cw_strcpy@@YAHPEA_WPEBD@Z 00000001800011e0 f   CWString.obj
 0001:000001f4       ??0CAtlComModule@ATL@@QEAA@XZ 00000001800011f4 f i OposVariant.obj
 0001:00000274       ??0CAtlWinModule@ATL@@QEAA@XZ 0000000180001274 f i OposVariant.obj
 0001:000002e0       ??0OposDispParms@@QEAA@PEAVOposVariant@@H@Z 00000001800012e0 f   OposVariant.obj
 0001:00000388       ??1OposDispParms@@QEAA@XZ  0000000180001388 f   OposVariant.obj
 0001:000003a0       ??_Estringdispid@CComTypeInfoHolder@ATL@@QEAAPEAXI@Z 00000001800013a0 f i OposVariant.obj
 0001:00000444       ?AtlWinModuleTerm@ATL@@YAJPEAU_ATL_WIN_MODULE70@1@PEAUHINSTANCE__@@@Z 0000000180001444 f i OposVariant.obj
 0001:000004f4       ?ChangeBSTR@OposVariant@@QEAAXPEAPEA_WAEAJ@Z 00000001800014f4 f   OposVariant.obj
 0001:00000554       ?ChangeLONG@OposVariant@@QEAAXPEAJAEAJ@Z 0000000180001554 f   OposVariant.obj
 0001:000005b0       ?GetLONG@OposVariant@@QEAAJXZ 00000001800015b0 f   OposVariant.obj
 0001:000005d4       ?SetBSTR@OposVariant@@QEAAXPEA_WAEAJ@Z 00000001800015d4 f   OposVariant.obj
 0001:00000614       ?SetBSTR_Copy@OposVariant@@QEAAXPEA_WAEAJ@Z 0000000180001614 f   OposVariant.obj
 0001:00000684       ?SetBSTR_InOutPtr@OposVariant@@QEAA_NPEAPEA_WAEAJ@Z 0000000180001684 f   OposVariant.obj
 0001:000006d4       ?SetDispatch_Ptr@OposVariant@@QEAAXPEAUIDispatch@@AEAJ@Z 00000001800016d4 f   OposVariant.obj
 0001:0000072c       ?SetLONG@OposVariant@@QEAAXJ@Z 000000018000172c f   OposVariant.obj
 0001:0000075c       ?SetLONG_Ptr@OposVariant@@QEAAXPEAJAEAJ@Z 000000018000175c f   OposVariant.obj
 0001:000007a8       ?SetString@OposVariant@@QEAAXPEB_WAEAJ@Z 00000001800017a8 f   OposVariant.obj
 0001:0000080c       ?SetVARIANT_BOOL@OposVariant@@QEAAXF@Z 000000018000180c f   OposVariant.obj
 0001:00000844       ?Term@CAtlComModule@ATL@@QEAAXXZ 0000000180001844 f i OposVariant.obj
 0001:000008b4       ?_AtlInitializeCriticalSectionEx@ATL@@YAHPEAU_RTL_CRITICAL_SECTION@@KK@Z 00000001800018b4 f i OposVariant.obj
 0001:000008bc       ?_AtlRaiseException@ATL@@YAXKK@Z 00000001800018bc f i OposVariant.obj
 0001:000008cc       ?AddRef@?$CComObjectCached@VCComClassFactory@ATL@@@ATL@@UEAAKXZ 00000001800018cc f i Keylock.obj
 0001:000008f8       ?Release@?$CComObjectCached@VCComClassFactory@ATL@@@ATL@@UEAAKXZ 00000001800018f8 f i Keylock.obj
 0001:00000938       ?QueryInterface@?$CComObjectCached@VCComClassFactory@ATL@@@ATL@@UEAAJAEBU_GUID@@PEAPEAX@Z 0000000180001938 f i Keylock.obj
 0001:0000094c       ??_E?$CComObjectCached@VCComClassFactory@ATL@@@ATL@@UEAAPEAXI@Z 000000018000194c f i Keylock.obj
 0001:0000094c       ??_G?$CComObjectCached@VCComClassFactory@ATL@@@ATL@@UEAAPEAXI@Z 000000018000194c f i Keylock.obj
 0001:000009a4       ?AddRef@?$CComAggObject@VCOPOSKeylock@@@ATL@@UEAAKXZ 00000001800019a4 f i Keylock.obj
 0001:000009b0       ?Release@?$CComAggObject@VCOPOSKeylock@@@ATL@@UEAAKXZ 00000001800019b0 f i Keylock.obj
 0001:00000a04       ?QueryInterface@?$CComAggObject@VCOPOSKeylock@@@ATL@@UEAAJAEBU_GUID@@PEAPEAX@Z 0000000180001a04 f i Keylock.obj
 0001:00000a64       ?AddRef@?$CComContainedObject@VCOPOSKeylock@@@ATL@@UEAAKXZ 0000000180001a64 f i Keylock.obj
 0001:00000a74       ?Release@?$CComContainedObject@VCOPOSKeylock@@@ATL@@UEAAKXZ 0000000180001a74 f i Keylock.obj
 0001:00000a84       ?QueryInterface@?$CComContainedObject@VCOPOSKeylock@@@ATL@@UEAAJAEBU_GUID@@PEAPEAX@Z 0000000180001a84 f i Keylock.obj
 0001:00000a94       ??_G?$CComAggObject@VCOPOSKeylock@@@ATL@@UEAAPEAXI@Z 0000000180001a94 f i Keylock.obj
 0001:00000a94       ??_E?$CComAggObject@VCOPOSKeylock@@@ATL@@UEAAPEAXI@Z 0000000180001a94 f i Keylock.obj
 0001:00000aec       ?AddRef@?$CComObject@VCOPOSKeylock@@@ATL@@UEAAKXZ 0000000180001aec f i Keylock.obj
 0001:00000afc       ?Release@?$CComObject@VCOPOSKeylock@@@ATL@@UEAAKXZ 0000000180001afc f i Keylock.obj
 0001:00000b54       ?QueryInterface@?$CComObject@VCOPOSKeylock@@@ATL@@UEAAJAEBU_GUID@@PEAPEAX@Z 0000000180001b54 f i Keylock.obj
 0001:00000b68       ?Lock@CAtlModule@ATL@@UEAAJXZ 0000000180001b68 f i Keylock.obj
 0001:00000b78       ?Unlock@CAtlModule@ATL@@UEAAJXZ 0000000180001b78 f i Keylock.obj
 0001:00000b84       ?GetLockCount@CAtlModule@ATL@@UEAAJXZ 0000000180001b84 f i Keylock.obj
 0001:00000b88       ?GetGITPtr@CAtlModule@ATL@@UEAAJPEAPEAUIGlobalInterfaceTable@@@Z 0000000180001b88 f i Keylock.obj
 0001:00000bf8       ?AddCommonRGSReplacements@?$CAtlModuleT@VCComModule@ATL@@@ATL@@UEAAJPEAUIRegistrarBase@@@Z 0000000180001bf8 f i Keylock.obj
 0001:00000c10       ?UpdateRegistryFromResourceD@CComModule@ATL@@UEAAJIHPEAU_ATL_REGMAP_ENTRY@2@@Z 0000000180001c10 f i Keylock.obj
 0001:00000c10       ?UpdateRegistryFromResourceD@CComModule@ATL@@UEAAJPEB_WHPEAU_ATL_REGMAP_ENTRY@2@@Z 0000000180001c10 f i Keylock.obj
 0001:00000c18       ?UpdateRegistryFromResource@CComModule@ATL@@UEAAJPEB_WHPEAU_ATL_REGMAP_ENTRY@2@@Z 0000000180001c18 f i Keylock.obj
 0001:00000c20       ?OnDrawAdvanced@CComControlBase@ATL@@UEAAJAEAUATL_DRAWINFO@@@Z 0000000180001c20 f i Keylock.obj
 0001:00000d40       ?UpdateRegistryFromResource@CComModule@ATL@@UEAAJIHPEAU_ATL_REGMAP_ENTRY@2@@Z 0000000180001d40 f i Keylock.obj
 0001:00000d48       ??_ECComModule@ATL@@UEAAPEAXI@Z 0000000180001d48 f i Keylock.obj
 0001:00000d48       ??_GCComModule@ATL@@UEAAPEAXI@Z 0000000180001d48 f i Keylock.obj
 0001:00000dc8       ?Next@?$CComEnumImpl@UIEnumConnections@@$1?_GUID_b196b287_bab4_101a_b69c_00aa00341d07@@3U__s_GUID@@BUtagCONNECTDATA@@V?$_Copy@UtagCONNECTDATA@@@ATL@@@ATL@@UEAAJKPEAUtagCONNECTDATA@@PEAK@Z 0000000180001dc8 f i Keylock.obj
 0001:00000e9c       ?Skip@?$CComEnumImpl@UIEnumConnections@@$1?_GUID_b196b287_bab4_101a_b69c_00aa00341d07@@3U__s_GUID@@BUtagCONNECTDATA@@V?$_Copy@UtagCONNECTDATA@@@ATL@@@ATL@@UEAAJK@Z 0000000180001e9c f i Keylock.obj
 0001:00000ec8       ?Reset@?$CComEnumImpl@UIEnumConnections@@$1?_GUID_b196b287_bab4_101a_b69c_00aa00341d07@@3U__s_GUID@@BUtagCONNECTDATA@@V?$_Copy@UtagCONNECTDATA@@@ATL@@@ATL@@UEAAJXZ 0000000180001ec8 f i Keylock.obj
 0001:00000ec8       ?Reset@?$CComEnumImpl@UIEnumConnectionPoints@@$1?_GUID_b196b285_bab4_101a_b69c_00aa00341d07@@3U__s_GUID@@BPEAUIConnectionPoint@@V?$_CopyInterface@UIConnectionPoint@@@ATL@@@ATL@@UEAAJXZ 0000000180001ec8 f i Keylock.obj
 0001:00000ed4       ?Clone@?$CComEnumImpl@UIEnumConnections@@$1?_GUID_b196b287_bab4_101a_b69c_00aa00341d07@@3U__s_GUID@@BUtagCONNECTDATA@@V?$_Copy@UtagCONNECTDATA@@@ATL@@@ATL@@UEAAJPEAPEAUIEnumConnections@@@Z 0000000180001ed4 f i Keylock.obj
 0001:00001000       ?AddRef@?$CComObject@V?$CComEnum@UIEnumConnections@@$1?_GUID_b196b287_bab4_101a_b69c_00aa00341d07@@3U__s_GUID@@BUtagCONNECTDATA@@V?$_Copy@UtagCONNECTDATA@@@ATL@@VCComSingleThreadModel@6@@ATL@@@ATL@@UEAAKXZ 0000000180002000 f i Keylock.obj
 0001:00001000       ?AddRef@?$CComObject@V?$CComEnum@UIEnumConnectionPoints@@$1?_GUID_b196b285_bab4_101a_b69c_00aa00341d07@@3U__s_GUID@@BPEAUIConnectionPoint@@V?$_CopyInterface@UIConnectionPoint@@@ATL@@VCComSingleThreadModel@6@@ATL@@@ATL@@UEAAKXZ 0000000180002000 f i Keylock.obj
 0001:0000100c       ?Release@?$CComObject@V?$CComEnum@UIEnumConnections@@$1?_GUID_b196b287_bab4_101a_b69c_00aa00341d07@@3U__s_GUID@@BUtagCONNECTDATA@@V?$_Copy@UtagCONNECTDATA@@@ATL@@VCComSingleThreadModel@6@@ATL@@@ATL@@UEAAKXZ 000000018000200c f i Keylock.obj
 0001:0000100c       ?Release@?$CComObject@V?$CComEnum@UIEnumConnectionPoints@@$1?_GUID_b196b285_bab4_101a_b69c_00aa00341d07@@3U__s_GUID@@BPEAUIConnectionPoint@@V?$_CopyInterface@UIConnectionPoint@@@ATL@@VCComSingleThreadModel@6@@ATL@@@ATL@@UEAAKXZ 000000018000200c f i Keylock.obj
 0001:00001060       ?QueryInterface@?$CComObject@V?$CComEnum@UIEnumConnections@@$1?_GUID_b196b287_bab4_101a_b69c_00aa00341d07@@3U__s_GUID@@BUtagCONNECTDATA@@V?$_Copy@UtagCONNECTDATA@@@ATL@@VCComSingleThreadModel@6@@ATL@@@ATL@@UEAAJAEBU_GUID@@PEAPEAX@Z 0000000180002060 f i Keylock.obj
 0001:00001074       ??_G?$CComObject@V?$CComEnum@UIEnumConnections@@$1?_GUID_b196b287_bab4_101a_b69c_00aa00341d07@@3U__s_GUID@@BUtagCONNECTDATA@@V?$_Copy@UtagCONNECTDATA@@@ATL@@VCComSingleThreadModel@6@@ATL@@@ATL@@UEAAPEAXI@Z 0000000180002074 f i Keylock.obj
 0001:00001074       ??_E?$CComObject@V?$CComEnum@UIEnumConnections@@$1?_GUID_b196b287_bab4_101a_b69c_00aa00341d07@@3U__s_GUID@@BUtagCONNECTDATA@@V?$_Copy@UtagCONNECTDATA@@@ATL@@VCComSingleThreadModel@6@@ATL@@@ATL@@UEAAPEAXI@Z 0000000180002074 f i Keylock.obj
 0001:000010cc       ??_E?$CComObject@VCOPOSKeylock@@@ATL@@W7EAAPEAXI@Z 00000001800020cc f i Keylock.obj
 0001:000010d8       ??_E?$CComObject@VCOPOSKeylock@@@ATL@@WHA@EAAPEAXI@Z 00000001800020d8 f i Keylock.obj
 0001:000010e4       ?QueryInterface@?$CComObject@VCOPOSKeylock@@@ATL@@WLI@EAAJAEBU_GUID@@PEAPEAX@Z 00000001800020e4 f i Keylock.obj
 0001:000010f0       ?AddRef@?$CComObject@VCOPOSKeylock@@@ATL@@WLI@EAAKXZ 00000001800020f0 f i Keylock.obj
 0001:000010fc       ?Release@?$CComObject@VCOPOSKeylock@@@ATL@@WLI@EAAKXZ 00000001800020fc f i Keylock.obj
 0001:00001108       ?QueryInterface@?$CComObject@VCOPOSKeylock@@@ATL@@WMA@EAAJAEBU_GUID@@PEAPEAX@Z 0000000180002108 f i Keylock.obj
 0001:00001114       ?AddRef@?$CComObject@VCOPOSKeylock@@@ATL@@WMA@EAAKXZ 0000000180002114 f i Keylock.obj
 0001:00001120       ?Release@?$CComObject@VCOPOSKeylock@@@ATL@@WMA@EAAKXZ 0000000180002120 f i Keylock.obj
 0001:0000112c       ?QueryInterface@?$CComObject@VCOPOSKeylock@@@ATL@@WMI@EAAJAEBU_GUID@@PEAPEAX@Z 000000018000212c f i Keylock.obj
 0001:00001138       ?AddRef@?$CComObject@VCOPOSKeylock@@@ATL@@WMI@EAAKXZ 0000000180002138 f i Keylock.obj
 0001:00001144       ?Release@?$CComObject@VCOPOSKeylock@@@ATL@@WMI@EAAKXZ 0000000180002144 f i Keylock.obj
 0001:00001150       ?QueryInterface@?$CComObject@VCOPOSKeylock@@@ATL@@WNA@EAAJAEBU_GUID@@PEAPEAX@Z 0000000180002150 f i Keylock.obj
 0001:0000115c       ?AddRef@?$CComObject@VCOPOSKeylock@@@ATL@@WNA@EAAKXZ 000000018000215c f i Keylock.obj
 0001:00001168       ?Release@?$CComObject@VCOPOSKeylock@@@ATL@@WNA@EAAKXZ 0000000180002168 f i Keylock.obj
 0001:00001174       ?QueryInterface@?$CComObject@VCOPOSKeylock@@@ATL@@WNI@EAAJAEBU_GUID@@PEAPEAX@Z 0000000180002174 f i Keylock.obj
 0001:00001180       ?AddRef@?$CComObject@VCOPOSKeylock@@@ATL@@WNI@EAAKXZ 0000000180002180 f i Keylock.obj
 0001:0000118c       ?SetColorScheme@?$IOleObjectImpl@VCOPOSKeylock@@@ATL@@UEAAJPEAUtagLOGPALETTE@@@Z 000000018000218c f i Keylock.obj
 0001:0000118c       ?GetClipboardData@?$IOleObjectImpl@VCOPOSKeylock@@@ATL@@UEAAJKPEAPEAUIDataObject@@@Z 000000018000218c f i Keylock.obj
 0001:0000118c       ?GetColorSet@?$IViewObjectExImpl@VCOPOSKeylock@@@ATL@@UEAAJKJPEAXPEAUtagDVTARGETDEVICE@@PEAUHDC__@@PEAPEAUtagLOGPALETTE@@@Z 000000018000218c f i Keylock.obj
 0001:0000118c       ?ContextSensitiveHelp@?$IOleInPlaceObjectWindowlessImpl@VCOPOSKeylock@@@ATL@@UEAAJH@Z 000000018000218c f i Keylock.obj
 0001:0000118c       ?QueryInterface@CRegObject@ATL@@UEAAJAEBU_GUID@@PEAPEAX@Z 000000018000218c f i Keylock.obj
 0001:0000118c       ?GetCanonicalFormatEtc@?$IDataObjectImpl@VCOPOSKeylock@@@ATL@@UEAAJPEAUtagFORMATETC@@0@Z 000000018000218c f i Keylock.obj
 0001:0000118c       ?EnumFormatEtc@?$IDataObjectImpl@VCOPOSKeylock@@@ATL@@UEAAJKPEAPEAUIEnumFORMATETC@@@Z 000000018000218c f i Keylock.obj
 0001:0000118c       ?GetRect@?$IViewObjectExImpl@VCOPOSKeylock@@@ATL@@UEAAJKPEAU_RECTL@@@Z 000000018000218c f i Keylock.obj
 0001:0000118c       ?ContextSensitiveHelp@?$IOleInPlaceActiveObjectImpl@VCOPOSKeylock@@@ATL@@UEAAJH@Z 000000018000218c f i Keylock.obj
 0001:0000118c       ?Freeze@?$IViewObjectExImpl@VCOPOSKeylock@@@ATL@@UEAAJKJPEAXPEAK@Z 000000018000218c f i Keylock.obj
 0001:0000118c       ?SetData@?$IDataObjectImpl@VCOPOSKeylock@@@ATL@@UEAAJPEAUtagFORMATETC@@PEAUtagSTGMEDIUM@@H@Z 000000018000218c f i Keylock.obj
 0001:0000118c       ?QueryGetData@?$IDataObjectImpl@VCOPOSKeylock@@@ATL@@UEAAJPEAUtagFORMATETC@@@Z 000000018000218c f i Keylock.obj
 0001:0000118c       ?SetMoniker@?$IOleObjectImpl@VCOPOSKeylock@@@ATL@@UEAAJKPEAUIMoniker@@@Z 000000018000218c f i Keylock.obj
 0001:0000118c       ?GetDataHere@?$IDataObjectImpl@VCOPOSKeylock@@@ATL@@UEAAJPEAUtagFORMATETC@@PEAUtagSTGMEDIUM@@@Z 000000018000218c f i Keylock.obj
 0001:0000118c       ?GetControlInfo@?$IOleControlImpl@VCOPOSKeylock@@@ATL@@UEAAJPEAUtagCONTROLINFO@@@Z 000000018000218c f i Keylock.obj
 0001:0000118c       ?Unfreeze@?$IViewObjectExImpl@VCOPOSKeylock@@@ATL@@UEAAJK@Z 000000018000218c f i Keylock.obj
 0001:0000118c       ?SODataDummy@COPOSKeylock@@MEAAJJ@Z 000000018000218c f i Keylock.obj
 0001:0000118c       ?OnMnemonic@?$IOleControlImpl@VCOPOSKeylock@@@ATL@@UEAAJPEAUtagMSG@@@Z 000000018000218c f i Keylock.obj
 0001:0000118c       ?InitFromData@?$IOleObjectImpl@VCOPOSKeylock@@@ATL@@UEAAJPEAUIDataObject@@HK@Z 000000018000218c f i Keylock.obj
 0001:0000118c       ?SOErrorDummy@COPOSKeylock@@MEAAJJJJPEAJ@Z 000000018000218c f i Keylock.obj
 0001:0000118c       ?SOOutputCompleteDummy@COPOSKeylock@@MEAAJJ@Z 000000018000218c f i Keylock.obj
 0001:0000118c       ?GetMoniker@?$IOleObjectImpl@VCOPOSKeylock@@@ATL@@UEAAJKKPEAPEAUIMoniker@@@Z 000000018000218c f i Keylock.obj
 0001:0000118c       ?ReactivateAndUndo@?$IOleInPlaceObjectWindowlessImpl@VCOPOSKeylock@@@ATL@@UEAAJXZ 000000018000218c f i Keylock.obj
 0001:0000118c       ?GetDropTarget@?$IOleInPlaceObjectWindowlessImpl@VCOPOSKeylock@@@ATL@@UEAAJPEAPEAUIDropTarget@@@Z 000000018000218c f i Keylock.obj
 0001:00001194       ?Release@?$CComObject@VCOPOSKeylock@@@ATL@@WNI@EAAKXZ 0000000180002194 f i Keylock.obj
 0001:000011a0       ?QueryInterface@?$CComObject@VCOPOSKeylock@@@ATL@@WOA@EAAJAEBU_GUID@@PEAPEAX@Z 00000001800021a0 f i Keylock.obj
 0001:000011ac       _get_startup_argv_mode     00000001800021ac f i LIBCMT:argv_mode.obj
 0001:000011ac       ?FAccessAllowed@?$IObjectSafetyImpl@VCOPOSKeylock@@$02@ATL@@MEAAHXZ 00000001800021ac f i Keylock.obj
 0001:000011ac       ?AddRef@CRegObject@ATL@@UEAAKXZ 00000001800021ac f i Keylock.obj
 0001:000011b4       ?AddRef@?$CComObject@VCOPOSKeylock@@@ATL@@WOA@EAAKXZ 00000001800021b4 f i Keylock.obj
 0001:000011c0       ?Release@?$CComObject@VCOPOSKeylock@@@ATL@@WOA@EAAKXZ 00000001800021c0 f i Keylock.obj
 0001:000011cc       ?GetCategoryMap@CComObjectRootBase@ATL@@SAPEBU_ATL_CATMAP_ENTRY@2@XZ 00000001800021cc f i Keylock.obj
 0001:000011cc       ?ResizeBorder@?$IOleInPlaceActiveObjectImpl@VCOPOSKeylock@@@ATL@@UEAAJPEBUtagRECT@@PEAUIOleInPlaceUIWindow@@H@Z 00000001800021cc f i Keylock.obj
 0001:000011cc       ?SaveCompleted@?$IPersistStorageImpl@VCOPOSKeylock@@@ATL@@UEAAJPEAUIStorage@@@Z 00000001800021cc f i Keylock.obj
 0001:000011cc       ?IsUpToDate@?$IOleObjectImpl@VCOPOSKeylock@@@ATL@@UEAAJXZ 00000001800021cc f i Keylock.obj
 0001:000011cc       ?HandsOffStorage@?$IPersistStorageImpl@VCOPOSKeylock@@@ATL@@UEAAJXZ 00000001800021cc f i Keylock.obj
 0001:000011cc       ?SetHostNames@?$IOleObjectImpl@VCOPOSKeylock@@@ATL@@UEAAJPEB_W0@Z 00000001800021cc f i Keylock.obj
 0001:000011cc       ?Release@CRegObject@ATL@@UEAAKXZ 00000001800021cc f i Keylock.obj
 0001:000011cc       ?GetObjectDescription@?$CComCoClass@VCOPOSKeylock@@$1?CLSID_OPOSKeylock@@3U_GUID@@B@ATL@@SAPEB_WXZ 00000001800021cc f i Keylock.obj
 0001:000011cc       ?EnableModeless@?$IOleInPlaceActiveObjectImpl@VCOPOSKeylock@@@ATL@@UEAAJH@Z 00000001800021cc f i Keylock.obj
 0001:000011cc       ?OnAmbientPropertyChange@?$IOleControlImpl@VCOPOSKeylock@@@ATL@@UEAAJJ@Z 00000001800021cc f i Keylock.obj
 0001:000011cc       ?OnFrameWindowActivate@?$IOleInPlaceActiveObjectImpl@VCOPOSKeylock@@@ATL@@UEAAJH@Z 00000001800021cc f i Keylock.obj
 0001:000011cc       ?Update@?$IOleObjectImpl@VCOPOSKeylock@@@ATL@@UEAAJXZ 00000001800021cc f i Keylock.obj
 0001:000011d0       ?QueryInterface@?$CComObject@VCOPOSKeylock@@@ATL@@WOI@EAAJAEBU_GUID@@PEAPEAX@Z 00000001800021d0 f i Keylock.obj
 0001:000011dc       ?AddRef@?$CComObject@VCOPOSKeylock@@@ATL@@WOI@EAAKXZ 00000001800021dc f i Keylock.obj
 0001:000011e8       ?Release@?$CComObject@VCOPOSKeylock@@@ATL@@WOI@EAAKXZ 00000001800021e8 f i Keylock.obj
 0001:000011f4       ?QueryInterface@?$CComObject@VCOPOSKeylock@@@ATL@@WPA@EAAJAEBU_GUID@@PEAPEAX@Z 00000001800021f4 f i Keylock.obj
 0001:00001200       ?AddRef@?$CComObject@VCOPOSKeylock@@@ATL@@WPA@EAAKXZ 0000000180002200 f i Keylock.obj
 0001:0000120c       ?Release@?$CComObject@VCOPOSKeylock@@@ATL@@WPA@EAAKXZ 000000018000220c f i Keylock.obj
 0001:00001218       ?AddReplacement@CRegObject@ATL@@UEAAJPEB_W0@Z 0000000180002218 f i Keylock.obj
 0001:00001248       ?QueryInterface@?$CComObject@VCOPOSKeylock@@@ATL@@WPI@EAAJAEBU_GUID@@PEAPEAX@Z 0000000180002248 f i Keylock.obj
 0001:00001254       ?ClearReplacements@CRegObject@ATL@@UEAAJXZ 0000000180002254 f i Keylock.obj
 0001:00001260       ?AddRef@?$CComObject@VCOPOSKeylock@@@ATL@@WPI@EAAKXZ 0000000180002260 f i Keylock.obj
 0001:0000126c       ?Release@?$CComObject@VCOPOSKeylock@@@ATL@@WPI@EAAKXZ 000000018000226c f i Keylock.obj
 0001:00001278       ?QueryInterface@?$CComObject@VCOPOSKeylock@@@ATL@@WBAA@EAAJAEBU_GUID@@PEAPEAX@Z 0000000180002278 f i Keylock.obj
 0001:00001284       ?AddRef@?$CComObject@VCOPOSKeylock@@@ATL@@WBAA@EAAKXZ 0000000180002284 f i Keylock.obj
 0001:00001290       ?Release@?$CComObject@VCOPOSKeylock@@@ATL@@WBAA@EAAKXZ 0000000180002290 f i Keylock.obj
 0001:0000129c       ?QueryInterface@?$CComObject@VCOPOSKeylock@@@ATL@@WBAI@EAAJAEBU_GUID@@PEAPEAX@Z 000000018000229c f i Keylock.obj
 0001:000012a8       ?AddRef@?$CComObject@VCOPOSKeylock@@@ATL@@WBAI@EAAKXZ 00000001800022a8 f i Keylock.obj
 0001:000012b4       ?Release@?$CComObject@VCOPOSKeylock@@@ATL@@WBAI@EAAKXZ 00000001800022b4 f i Keylock.obj
 0001:000012c0       ?QueryInterface@?$CComObject@VCOPOSKeylock@@@ATL@@WBBA@EAAJAEBU_GUID@@PEAPEAX@Z 00000001800022c0 f i Keylock.obj
 0001:000012cc       ?AddRef@?$CComObject@VCOPOSKeylock@@@ATL@@WBBA@EAAKXZ 00000001800022cc f i Keylock.obj
 0001:000012d8       ?Release@?$CComObject@VCOPOSKeylock@@@ATL@@WBBA@EAAKXZ 00000001800022d8 f i Keylock.obj
 0001:000012e4       ?QueryInterface@?$CComObject@VCOPOSKeylock@@@ATL@@WBBI@EAAJAEBU_GUID@@PEAPEAX@Z 00000001800022e4 f i Keylock.obj
 0001:000012f0       ?AddRef@?$CComObject@VCOPOSKeylock@@@ATL@@WBBI@EAAKXZ 00000001800022f0 f i Keylock.obj
 0001:000012fc       ?Release@?$CComObject@VCOPOSKeylock@@@ATL@@WBBI@EAAKXZ 00000001800022fc f i Keylock.obj
 0001:00001308       ?AddRef@?$CComObject@VCOPOSKeylock@@@ATL@@WBCI@EAAKXZ 0000000180002308 f i Keylock.obj
 0001:00001314       ?Release@?$CComObject@VCOPOSKeylock@@@ATL@@WBCI@EAAKXZ 0000000180002314 f i Keylock.obj
 0001:00001320       ?AddRef@?$CComObject@VCOPOSKeylock@@@ATL@@WBEA@EAAKXZ 0000000180002320 f i Keylock.obj
 0001:0000132c       ?Release@?$CComObject@VCOPOSKeylock@@@ATL@@WBEA@EAAKXZ 000000018000232c f i Keylock.obj
 0001:00001338       ??_E?$CComContainedObject@VCOPOSKeylock@@@ATL@@W7EAAPEAXI@Z 0000000180002338 f i Keylock.obj
 0001:00001344       ??_E?$CComContainedObject@VCOPOSKeylock@@@ATL@@WHA@EAAPEAXI@Z 0000000180002344 f i Keylock.obj
 0001:00001350       ?QueryInterface@?$CComContainedObject@VCOPOSKeylock@@@ATL@@WLI@EAAJAEBU_GUID@@PEAPEAX@Z 0000000180002350 f i Keylock.obj
 0001:0000135c       ?AddRef@?$CComContainedObject@VCOPOSKeylock@@@ATL@@WLI@EAAKXZ 000000018000235c f i Keylock.obj
 0001:00001368       ?Release@?$CComContainedObject@VCOPOSKeylock@@@ATL@@WLI@EAAKXZ 0000000180002368 f i Keylock.obj
 0001:00001374       ??_ECRegObject@ATL@@UEAAPEAXI@Z 0000000180002374 f i Keylock.obj
 0001:00001374       ??_GCRegObject@ATL@@UEAAPEAXI@Z 0000000180002374 f i Keylock.obj
 0001:000013f4       ?QueryInterface@?$CComContainedObject@VCOPOSKeylock@@@ATL@@WMA@EAAJAEBU_GUID@@PEAPEAX@Z 00000001800023f4 f i Keylock.obj
 0001:00001400       ?AddRef@?$CComContainedObject@VCOPOSKeylock@@@ATL@@WMA@EAAKXZ 0000000180002400 f i Keylock.obj
 0001:0000140c       ?Release@?$CComContainedObject@VCOPOSKeylock@@@ATL@@WMA@EAAKXZ 000000018000240c f i Keylock.obj
 0001:00001418       ?QueryInterface@?$CComContainedObject@VCOPOSKeylock@@@ATL@@WMI@EAAJAEBU_GUID@@PEAPEAX@Z 0000000180002418 f i Keylock.obj
 0001:00001424       ?AddRef@?$CComContainedObject@VCOPOSKeylock@@@ATL@@WMI@EAAKXZ 0000000180002424 f i Keylock.obj
 0001:00001430       ?Release@?$CComContainedObject@VCOPOSKeylock@@@ATL@@WMI@EAAKXZ 0000000180002430 f i Keylock.obj
 0001:0000143c       ?QueryInterface@?$CComContainedObject@VCOPOSKeylock@@@ATL@@WNA@EAAJAEBU_GUID@@PEAPEAX@Z 000000018000243c f i Keylock.obj
 0001:00001448       ?AddRef@?$CComContainedObject@VCOPOSKeylock@@@ATL@@WNA@EAAKXZ 0000000180002448 f i Keylock.obj
 0001:00001454       ?Release@?$CComContainedObject@VCOPOSKeylock@@@ATL@@WNA@EAAKXZ 0000000180002454 f i Keylock.obj
 0001:00001460       ?QueryInterface@?$CComContainedObject@VCOPOSKeylock@@@ATL@@WNI@EAAJAEBU_GUID@@PEAPEAX@Z 0000000180002460 f i Keylock.obj
 0001:0000146c       ?AddRef@?$CComContainedObject@VCOPOSKeylock@@@ATL@@WNI@EAAKXZ 000000018000246c f i Keylock.obj
 0001:00001478       ?Release@?$CComContainedObject@VCOPOSKeylock@@@ATL@@WNI@EAAKXZ 0000000180002478 f i Keylock.obj
 0001:00001484       ?QueryInterface@?$CComContainedObject@VCOPOSKeylock@@@ATL@@WOA@EAAJAEBU_GUID@@PEAPEAX@Z 0000000180002484 f i Keylock.obj
 0001:00001490       ?AddRef@?$CComContainedObject@VCOPOSKeylock@@@ATL@@WOA@EAAKXZ 0000000180002490 f i Keylock.obj
 0001:0000149c       ?Release@?$CComContainedObject@VCOPOSKeylock@@@ATL@@WOA@EAAKXZ 000000018000249c f i Keylock.obj
 0001:000014a8       ?QueryInterface@?$CComContainedObject@VCOPOSKeylock@@@ATL@@WOI@EAAJAEBU_GUID@@PEAPEAX@Z 00000001800024a8 f i Keylock.obj
 0001:000014b4       ?AddRef@?$CComContainedObject@VCOPOSKeylock@@@ATL@@WOI@EAAKXZ 00000001800024b4 f i Keylock.obj
 0001:000014c0       ?Release@?$CComContainedObject@VCOPOSKeylock@@@ATL@@WOI@EAAKXZ 00000001800024c0 f i Keylock.obj
 0001:000014cc       ?QueryInterface@?$CComContainedObject@VCOPOSKeylock@@@ATL@@WPA@EAAJAEBU_GUID@@PEAPEAX@Z 00000001800024cc f i Keylock.obj
 0001:000014d8       ?AddRef@?$CComContainedObject@VCOPOSKeylock@@@ATL@@WPA@EAAKXZ 00000001800024d8 f i Keylock.obj
 0001:000014e4       ?Release@?$CComContainedObject@VCOPOSKeylock@@@ATL@@WPA@EAAKXZ 00000001800024e4 f i Keylock.obj
 0001:000014f0       ?QueryInterface@?$CComContainedObject@VCOPOSKeylock@@@ATL@@WPI@EAAJAEBU_GUID@@PEAPEAX@Z 00000001800024f0 f i Keylock.obj
 0001:000014fc       ?AddRef@?$CComContainedObject@VCOPOSKeylock@@@ATL@@WPI@EAAKXZ 00000001800024fc f i Keylock.obj
 0001:00001508       ?Release@?$CComContainedObject@VCOPOSKeylock@@@ATL@@WPI@EAAKXZ 0000000180002508 f i Keylock.obj
 0001:00001514       ?QueryInterface@?$CComContainedObject@VCOPOSKeylock@@@ATL@@WBAA@EAAJAEBU_GUID@@PEAPEAX@Z 0000000180002514 f i Keylock.obj
 0001:00001520       ?AddRef@?$CComContainedObject@VCOPOSKeylock@@@ATL@@WBAA@EAAKXZ 0000000180002520 f i Keylock.obj
 0001:0000152c       ?Release@?$CComContainedObject@VCOPOSKeylock@@@ATL@@WBAA@EAAKXZ 000000018000252c f i Keylock.obj
 0001:00001538       ?QueryInterface@?$CComContainedObject@VCOPOSKeylock@@@ATL@@WBAI@EAAJAEBU_GUID@@PEAPEAX@Z 0000000180002538 f i Keylock.obj
 0001:00001544       ?AddRef@?$CComContainedObject@VCOPOSKeylock@@@ATL@@WBAI@EAAKXZ 0000000180002544 f i Keylock.obj
 0001:00001550       ?Release@?$CComContainedObject@VCOPOSKeylock@@@ATL@@WBAI@EAAKXZ 0000000180002550 f i Keylock.obj
 0001:0000155c       ?QueryInterface@?$CComContainedObject@VCOPOSKeylock@@@ATL@@WBBA@EAAJAEBU_GUID@@PEAPEAX@Z 000000018000255c f i Keylock.obj
 0001:00001568       ?AddRef@?$CComContainedObject@VCOPOSKeylock@@@ATL@@WBBA@EAAKXZ 0000000180002568 f i Keylock.obj
 0001:00001574       ?Release@?$CComContainedObject@VCOPOSKeylock@@@ATL@@WBBA@EAAKXZ 0000000180002574 f i Keylock.obj
 0001:00001580       ?QueryInterface@?$CComContainedObject@VCOPOSKeylock@@@ATL@@WBBI@EAAJAEBU_GUID@@PEAPEAX@Z 0000000180002580 f i Keylock.obj
 0001:0000158c       ?AddRef@?$CComContainedObject@VCOPOSKeylock@@@ATL@@WBBI@EAAKXZ 000000018000258c f i Keylock.obj
 0001:00001598       ?Release@?$CComContainedObject@VCOPOSKeylock@@@ATL@@WBBI@EAAKXZ 0000000180002598 f i Keylock.obj
 0001:000015a4       ?AddRef@?$CComContainedObject@VCOPOSKeylock@@@ATL@@WBCI@EAAKXZ 00000001800025a4 f i Keylock.obj
 0001:000015b0       ?Release@?$CComContainedObject@VCOPOSKeylock@@@ATL@@WBCI@EAAKXZ 00000001800025b0 f i Keylock.obj
 0001:000015bc       ?AddRef@?$CComContainedObject@VCOPOSKeylock@@@ATL@@WBEA@EAAKXZ 00000001800025bc f i Keylock.obj
 0001:000015c8       ?Release@?$CComContainedObject@VCOPOSKeylock@@@ATL@@WBEA@EAAKXZ 00000001800025c8 f i Keylock.obj
 0001:000015d4       ?GetWindowProc@?$CWindowImplBaseT@VCWindow@ATL@@V?$CWinTraits@$0FGAAAAAA@$0A@@2@@ATL@@UEAAP6A_JPEAUHWND__@@I_K_J@ZXZ 00000001800025d4 f i Keylock.obj
 0001:000015dc       ?StartWindowProc@?$CWindowImplBaseT@VCWindow@ATL@@V?$CWinTraits@$0FGAAAAAA@$0A@@2@@ATL@@SA_JPEAUHWND__@@I_K_J@Z 00000001800025dc f i Keylock.obj
 0001:000016a0       ?OnFinalMessage@?$CWindowImplBaseT@VCWindow@ATL@@V?$CWinTraits@$0FGAAAAAA@$0A@@2@@ATL@@UEAAXPEAUHWND__@@@Z 00000001800026a0 f i Keylock.obj
 0001:000016a0       ?ObjectMain@CComObjectRootBase@ATL@@SAX_N@Z 00000001800026a0 f i Keylock.obj
 0001:000016a0       _guard_check_icall_nop     00000001800026a0 f i LIBCMT:guard_support.obj
 0001:000016a4       ?GetTypeInfoCount@?$IDispatchImpl@UIOPOSKeylock@@$1?IID_IOPOSKeylock@@3U_GUID@@B$1?LIBID_OposKeylock_CCO@@3U3@B$00$0A@VCComTypeInfoHolder@ATL@@@ATL@@UEAAJPEAI@Z 00000001800026a4 f i Keylock.obj
 0001:000016b8       ?GetTypeInfo@?$IDispatchImpl@UIOPOSKeylock@@$1?IID_IOPOSKeylock@@3U_GUID@@B$1?LIBID_OposKeylock_CCO@@3U3@B$00$0A@VCComTypeInfoHolder@ATL@@@ATL@@UEAAJIKPEAPEAUITypeInfo@@@Z 00000001800026b8 f i Keylock.obj
 0001:0000171c       ?GetIDsOfNames@?$IDispatchImpl@UIOPOSKeylock@@$1?IID_IOPOSKeylock@@3U_GUID@@B$1?LIBID_OposKeylock_CCO@@3U3@B$00$0A@VCComTypeInfoHolder@ATL@@@ATL@@UEAAJAEBU_GUID@@PEAPEA_WIKPEAJ@Z 000000018000271c f i Keylock.obj
 0001:00001728       ?Invoke@?$IDispatchImpl@UIOPOSKeylock@@$1?IID_IOPOSKeylock@@3U_GUID@@B$1?LIBID_OposKeylock_CCO@@3U3@B$00$0A@VCComTypeInfoHolder@ATL@@@ATL@@UEAAJJAEBU_GUID@@KGPEAUtagDISPPARAMS@@PEAUtagVARIANT@@PEAUtagEXCEPINFO@@PEAI@Z 0000000180002728 f i Keylock.obj
 0001:000017b8       ?CreateControlWindow@?$CComControl@VCOPOSKeylock@@V?$CWindowImpl@VCOPOSKeylock@@VCWindow@ATL@@V?$CWinTraits@$0FGAAAAAA@$0A@@3@@ATL@@@ATL@@UEAAPEAUHWND__@@PEAU3@AEAUtagRECT@@@Z 00000001800027b8 f i Keylock.obj
 0001:000017f0       ?ControlQueryInterface@?$CComControl@VCOPOSKeylock@@V?$CWindowImpl@VCOPOSKeylock@@VCWindow@ATL@@V?$CWinTraits@$0FGAAAAAA@$0A@@3@@ATL@@@ATL@@UEAAJAEBU_GUID@@PEAPEAX@Z 00000001800027f0 f i Keylock.obj
 0001:00001804       ?GetClassID@?$IPersistStreamInitImpl@VCOPOSKeylock@@@ATL@@UEAAJPEAU_GUID@@@Z 0000000180002804 f i Keylock.obj
 0001:00001804       ?GetClassID@?$IPersistStorageImpl@VCOPOSKeylock@@@ATL@@UEAAJPEAU_GUID@@@Z 0000000180002804 f i Keylock.obj
 0001:00001804       ?GetUserClassID@?$IOleObjectImpl@VCOPOSKeylock@@@ATL@@UEAAJPEAU_GUID@@@Z 0000000180002804 f i Keylock.obj
 0001:00001820       ?IsDirty@?$IPersistStreamInitImpl@VCOPOSKeylock@@@ATL@@UEAAJXZ 0000000180002820 f i Keylock.obj
 0001:0000183c       ?Load@?$IPersistStreamInitImpl@VCOPOSKeylock@@@ATL@@UEAAJPEAUIStream@@@Z 000000018000283c f i Keylock.obj
 0001:0000188c       ?Save@?$IPersistStreamInitImpl@VCOPOSKeylock@@@ATL@@UEAAJPEAUIStream@@H@Z 000000018000288c f i Keylock.obj
 0001:000018f0       ?GetSizeMax@?$IPersistStreamInitImpl@VCOPOSKeylock@@@ATL@@UEAAJPEAT_ULARGE_INTEGER@@@Z 00000001800028f0 f i Keylock.obj
 0001:00001b1c       ?InitNew@?$IPersistStreamInitImpl@VCOPOSKeylock@@@ATL@@UEAAJXZ 0000000180002b1c f i Keylock.obj
 0001:00001b34       ?SetClientSite@?$IOleObjectImpl@VCOPOSKeylock@@@ATL@@UEAAJPEAUIOleClientSite@@@Z 0000000180002b34 f i Keylock.obj
 0001:00001b50       ?GetClientSite@?$IOleObjectImpl@VCOPOSKeylock@@@ATL@@UEAAJPEAPEAUIOleClientSite@@@Z 0000000180002b50 f i Keylock.obj
 0001:00001b98       ?Close@?$IOleObjectImpl@VCOPOSKeylock@@@ATL@@UEAAJK@Z 0000000180002b98 f i Keylock.obj
 0001:00001bb4       ?DoVerb@?$IOleObjectImpl@VCOPOSKeylock@@@ATL@@UEAAJJPEAUtagMSG@@PEAUIOleClientSite@@JPEAUHWND__@@PEBUtagRECT@@@Z 0000000180002bb4 f i Keylock.obj
 0001:00001d58       ?EnumVerbs@?$IOleObjectImpl@VCOPOSKeylock@@@ATL@@UEAAJPEAPEAUIEnumOLEVERB@@@Z 0000000180002d58 f i Keylock.obj
 0001:00001d74       ?GetUserType@?$IOleObjectImpl@VCOPOSKeylock@@@ATL@@UEAAJKPEAPEA_W@Z 0000000180002d74 f i Keylock.obj
 0001:00001d84       ?SetExtent@?$IOleObjectImpl@VCOPOSKeylock@@@ATL@@UEAAJKPEAUtagSIZE@@@Z 0000000180002d84 f i Keylock.obj
 0001:00001da0       ?GetExtent@?$IOleObjectImpl@VCOPOSKeylock@@@ATL@@UEAAJKPEAUtagSIZE@@@Z 0000000180002da0 f i Keylock.obj
 0001:00001dd0       ?Advise@?$IOleObjectImpl@VCOPOSKeylock@@@ATL@@UEAAJPEAUIAdviseSink@@PEAK@Z 0000000180002dd0 f i Keylock.obj
 0001:00001e2c       ?Unadvise@?$IOleObjectImpl@VCOPOSKeylock@@@ATL@@UEAAJK@Z 0000000180002e2c f i Keylock.obj
 0001:00001e64       ?EnumAdvise@?$IOleObjectImpl@VCOPOSKeylock@@@ATL@@UEAAJPEAPEAUIEnumSTATDATA@@@Z 0000000180002e64 f i Keylock.obj
 0001:00001eac       ?GetMiscStatus@?$IOleObjectImpl@VCOPOSKeylock@@@ATL@@UEAAJKPEAK@Z 0000000180002eac f i Keylock.obj
 0001:00001ebc       ?GetWindow@?$IOleInPlaceActiveObjectImpl@VCOPOSKeylock@@@ATL@@UEAAJPEAPEAUHWND__@@@Z 0000000180002ebc f i Keylock.obj
 0001:00001f10       ?TranslateAcceleratorW@?$IOleInPlaceActiveObjectImpl@VCOPOSKeylock@@@ATL@@UEAAJPEAUtagMSG@@@Z 0000000180002f10 f i Keylock.obj
 0001:00002004       ?OnDocWindowActivate@?$IOleInPlaceActiveObjectImpl@VCOPOSKeylock@@@ATL@@UEAAJH@Z 0000000180003004 f i Keylock.obj
 0001:00002030       ?Draw@?$IViewObjectExImpl@VCOPOSKeylock@@@ATL@@UEAAJKJPEAXPEAUtagDVTARGETDEVICE@@PEAUHDC__@@2PEBU_RECTL@@3P6AH_K@Z4@Z 0000000180003030 f i Keylock.obj
 0001:00002094       ?SetAdvise@?$IViewObjectExImpl@VCOPOSKeylock@@@ATL@@UEAAJKKPEAUIAdviseSink@@@Z 0000000180003094 f i Keylock.obj
 0001:000020e8       ?GetAdvise@?$IViewObjectExImpl@VCOPOSKeylock@@@ATL@@UEAAJPEAK0PEAPEAUIAdviseSink@@@Z 00000001800030e8 f i Keylock.obj
 0001:00002124       ?GetExtent@?$IViewObjectExImpl@VCOPOSKeylock@@@ATL@@UEAAJKJPEAUtagDVTARGETDEVICE@@PEAUtagSIZE@@@Z 0000000180003124 f i Keylock.obj
 0001:00002154       ?GetViewStatus@?$IViewObjectExImpl@VCOPOSKeylock@@@ATL@@UEAAJPEAK@Z 0000000180003154 f i Keylock.obj
 0001:00002168       ?QueryHitPoint@?$IViewObjectExImpl@VCOPOSKeylock@@@ATL@@UEAAJKPEBUtagRECT@@UtagPOINT@@JPEAK@Z 0000000180003168 f i Keylock.obj
 0001:000021ac       ?QueryHitRect@?$IViewObjectExImpl@VCOPOSKeylock@@@ATL@@UEAAJKPEBUtagRECT@@0JPEAK@Z 00000001800031ac f i Keylock.obj
 0001:00002214       ?GetNaturalExtent@?$IViewObjectExImpl@VCOPOSKeylock@@@ATL@@UEAAJKJPEAUtagDVTARGETDEVICE@@PEAUHDC__@@PEAUtagExtentInfo@@PEAUtagSIZE@@@Z 0000000180003214 f i Keylock.obj
 0001:0000225c       ?GetWindow@?$IOleInPlaceObjectWindowlessImpl@VCOPOSKeylock@@@ATL@@UEAAJPEAPEAUHWND__@@@Z 000000018000325c f i Keylock.obj
 0001:000022b0       ?InPlaceDeactivate@?$IOleInPlaceObjectWindowlessImpl@VCOPOSKeylock@@@ATL@@UEAAJXZ 00000001800032b0 f i Keylock.obj
 0001:000022cc       ?UIDeactivate@?$IOleInPlaceObjectWindowlessImpl@VCOPOSKeylock@@@ATL@@UEAAJXZ 00000001800032cc f i Keylock.obj
 0001:000022e8       ?SetObjectRects@?$IOleInPlaceObjectWindowlessImpl@VCOPOSKeylock@@@ATL@@UEAAJPEBUtagRECT@@0@Z 00000001800032e8 f i Keylock.obj
 0001:00002304       ?OnWindowMessage@?$IOleInPlaceObjectWindowlessImpl@VCOPOSKeylock@@@ATL@@UEAAJI_K_JPEA_J@Z 0000000180003304 f i Keylock.obj
 0001:000023cc       ?EnumConnectionPoints@?$IConnectionPointContainerImpl@VCOPOSKeylock@@@ATL@@UEAAJPEAPEAUIEnumConnectionPoints@@@Z 00000001800033cc f i Keylock.obj
 0001:000025ec       ?FindConnectionPoint@?$IConnectionPointContainerImpl@VCOPOSKeylock@@@ATL@@UEAAJAEBU_GUID@@PEAPEAUIConnectionPoint@@@Z 00000001800035ec f i Keylock.obj
 0001:000026bc       ?IsDirty@?$IPersistStorageImpl@VCOPOSKeylock@@@ATL@@UEAAJXZ 00000001800036bc f i Keylock.obj
 0001:00002700       ?InitNew@?$IPersistStorageImpl@VCOPOSKeylock@@@ATL@@UEAAJPEAUIStorage@@@Z 0000000180003700 f i Keylock.obj
 0001:00002744       ?Load@?$IPersistStorageImpl@VCOPOSKeylock@@@ATL@@UEAAJPEAUIStorage@@@Z 0000000180003744 f i Keylock.obj
 0001:000027e4       ?Save@?$IPersistStorageImpl@VCOPOSKeylock@@@ATL@@UEAAJPEAUIStorage@@H@Z 00000001800037e4 f i Keylock.obj
 0001:00002894       ?GetPages@?$ISpecifyPropertyPagesImpl@VCOPOSKeylock@@@ATL@@UEAAJPEAUtagCAUUID@@@Z 0000000180003894 f i Keylock.obj
 0001:000028a0       ?QuickActivate@?$IQuickActivateImpl@VCOPOSKeylock@@@ATL@@UEAAJPEAUtagQACONTAINER@@PEAUtagQACONTROL@@@Z 00000001800038a0 f i Keylock.obj
 0001:000028bc       ?SetContentExtent@?$IQuickActivateImpl@VCOPOSKeylock@@@ATL@@UEAAJPEAUtagSIZE@@@Z 00000001800038bc f i Keylock.obj
 0001:000028f0       ?GetContentExtent@?$IQuickActivateImpl@VCOPOSKeylock@@@ATL@@UEAAJPEAUtagSIZE@@@Z 00000001800038f0 f i Keylock.obj
 0001:00002928       ?GetData@?$IDataObjectImpl@VCOPOSKeylock@@@ATL@@UEAAJPEAUtagFORMATETC@@PEAUtagSTGMEDIUM@@@Z 0000000180003928 f i Keylock.obj
 0001:00002944       ?DAdvise@?$IDataObjectImpl@VCOPOSKeylock@@@ATL@@UEAAJPEAUtagFORMATETC@@KPEAUIAdviseSink@@PEAK@Z 0000000180003944 f i Keylock.obj
 0001:000029cc       ?DUnadvise@?$IDataObjectImpl@VCOPOSKeylock@@@ATL@@UEAAJK@Z 00000001800039cc f i Keylock.obj
 0001:000029f8       ?EnumDAdvise@?$IDataObjectImpl@VCOPOSKeylock@@@ATL@@UEAAJPEAPEAUIEnumSTATDATA@@@Z 00000001800039f8 f i Keylock.obj
 0001:00002a34       ?GetClassInfoW@?$IProvideClassInfo2Impl@$1?CLSID_OPOSKeylock@@3U_GUID@@B$1?DIID__IOPOSKeylockEvents@@3U2@B$1?LIBID_OposKeylock_CCO@@3U2@B$00$0A@VCComTypeInfoHolder@ATL@@@ATL@@UEAAJPEAPEAUITypeInfo@@@Z 0000000180003a34 f i Keylock.obj
 0001:00002a8c       ?GetGUID@?$IProvideClassInfo2Impl@$1?CLSID_OPOSKeylock@@3U_GUID@@B$1?DIID__IOPOSKeylockEvents@@3U2@B$1?LIBID_OposKeylock_CCO@@3U2@B$00$0A@VCComTypeInfoHolder@ATL@@@ATL@@UEAAJKPEAU_GUID@@@Z 0000000180003a8c f i Keylock.obj
 0001:00002ac0       ?GetInterfaceSafetyOptions@?$IObjectSafetyImpl@VCOPOSKeylock@@$02@ATL@@UEAAJAEBU_GUID@@PEAK1@Z 0000000180003ac0 f i Keylock.obj
 0001:00002b54       ?SetInterfaceSafetyOptions@?$IObjectSafetyImpl@VCOPOSKeylock@@$02@ATL@@UEAAJAEBU_GUID@@KK@Z 0000000180003b54 f i Keylock.obj
 0001:00002bf8       ?_LocCPQueryInterface@?$IConnectionPointImpl@VCOPOSKeylock@@$1?IID_IPropertyNotifySink@@3U_GUID@@BVCComDynamicUnkArray@ATL@@@ATL@@UEAAJAEBU_GUID@@PEAPEAX@Z 0000000180003bf8 f i Keylock.obj
 0001:00002bf8       ?_LocCPQueryInterface@?$IConnectionPointImpl@VCOPOSKeylock@@$1?DIID__IOPOSKeylockEvents@@3U_GUID@@BVCComDynamicUnkArray@ATL@@@ATL@@UEAAJAEBU_GUID@@PEAPEAX@Z 0000000180003bf8 f i Keylock.obj
 0001:00002c6c       ?GetConnectionInterface@?$IConnectionPointImpl@VCOPOSKeylock@@$1?IID_IPropertyNotifySink@@3U_GUID@@BVCComDynamicUnkArray@ATL@@@ATL@@UEAAJPEAU_GUID@@@Z 0000000180003c6c f i Keylock.obj
 0001:00002c88       ?GetConnectionPointContainer@?$IConnectionPointImpl@VCOPOSKeylock@@$1?IID_IPropertyNotifySink@@3U_GUID@@BVCComDynamicUnkArray@ATL@@@ATL@@UEAAJPEAPEAUIConnectionPointContainer@@@Z 0000000180003c88 f i Keylock.obj
 0001:00002ca8       ?Advise@?$IConnectionPointImpl@VCOPOSKeylock@@$1?IID_IPropertyNotifySink@@3U_GUID@@BVCComDynamicUnkArray@ATL@@@ATL@@UEAAJPEAUIUnknown@@PEAK@Z 0000000180003ca8 f i Keylock.obj
 0001:00002ca8       ?Advise@?$IConnectionPointImpl@VCOPOSKeylock@@$1?DIID__IOPOSKeylockEvents@@3U_GUID@@BVCComDynamicUnkArray@ATL@@@ATL@@UEAAJPEAUIUnknown@@PEAK@Z 0000000180003ca8 f i Keylock.obj
 0001:00002d68       ?Unadvise@?$IConnectionPointImpl@VCOPOSKeylock@@$1?IID_IPropertyNotifySink@@3U_GUID@@BVCComDynamicUnkArray@ATL@@@ATL@@UEAAJK@Z 0000000180003d68 f i Keylock.obj
 0001:00002d68       ?Unadvise@?$IConnectionPointImpl@VCOPOSKeylock@@$1?DIID__IOPOSKeylockEvents@@3U_GUID@@BVCComDynamicUnkArray@ATL@@@ATL@@UEAAJK@Z 0000000180003d68 f i Keylock.obj
 0001:00002de4       ?EnumConnections@?$IConnectionPointImpl@VCOPOSKeylock@@$1?IID_IPropertyNotifySink@@3U_GUID@@BVCComDynamicUnkArray@ATL@@@ATL@@UEAAJPEAPEAUIEnumConnections@@@Z 0000000180003de4 f i Keylock.obj
 0001:00002de4       ?EnumConnections@?$IConnectionPointImpl@VCOPOSKeylock@@$1?DIID__IOPOSKeylockEvents@@3U_GUID@@BVCComDynamicUnkArray@ATL@@@ATL@@UEAAJPEAPEAUIEnumConnections@@@Z 0000000180003de4 f i Keylock.obj
 0001:00002f8c       ?GetConnectionInterface@?$IConnectionPointImpl@VCOPOSKeylock@@$1?DIID__IOPOSKeylockEvents@@3U_GUID@@BVCComDynamicUnkArray@ATL@@@ATL@@UEAAJPEAU_GUID@@@Z 0000000180003f8c f i Keylock.obj
 0001:00002fa8       ?GetConnectionPointContainer@?$IConnectionPointImpl@VCOPOSKeylock@@$1?DIID__IOPOSKeylockEvents@@3U_GUID@@BVCComDynamicUnkArray@ATL@@@ATL@@UEAAJPEAPEAUIConnectionPointContainer@@@Z 0000000180003fa8 f i Keylock.obj
 0001:00002fc8       ?UpdateRegistry@COPOSKeylock@@SAJH@Z 0000000180003fc8 f i Keylock.obj
 0001:00002fe0       ?ProcessWindowMessage@COPOSKeylock@@UEAAHPEAUHWND__@@I_K_JAEA_JK@Z 0000000180003fe0 f i Keylock.obj
 0001:00003068       ?SODirectIO@COPOSKeylock@@MEAAJJPEAJPEAPEA_W@Z 0000000180004068 f i Keylock.obj
 0001:000030e0       ?SOStatusUpdate@COPOSKeylock@@MEAAJJ@Z 00000001800040e0 f i Keylock.obj
 0001:00003130       ?CreateInstance@?$CComCreator@V?$CComObjectCached@VCComClassFactory@ATL@@@ATL@@@ATL@@SAJPEAXAEBU_GUID@@PEAPEAX@Z 0000000180004130 f i Keylock.obj
 0001:00003238       ?CreateInstance@?$CComCreator2@V?$CComCreator@V?$CComObject@VCOPOSKeylock@@@ATL@@@ATL@@V?$CComCreator@V?$CComAggObject@VCOPOSKeylock@@@ATL@@@2@@ATL@@SAJPEAXAEBU_GUID@@PEAPEAX@Z 0000000180004238 f i Keylock.obj
 0001:00003248       ?Next@?$CComEnumImpl@UIEnumConnectionPoints@@$1?_GUID_b196b285_bab4_101a_b69c_00aa00341d07@@3U__s_GUID@@BPEAUIConnectionPoint@@V?$_CopyInterface@UIConnectionPoint@@@ATL@@@ATL@@UEAAJKPEAPEAUIConnectionPoint@@PEAK@Z 0000000180004248 f i Keylock.obj
 0001:00003314       ?Skip@?$CComEnumImpl@UIEnumConnectionPoints@@$1?_GUID_b196b285_bab4_101a_b69c_00aa00341d07@@3U__s_GUID@@BPEAUIConnectionPoint@@V?$_CopyInterface@UIConnectionPoint@@@ATL@@@ATL@@UEAAJK@Z 0000000180004314 f i Keylock.obj
 0001:00003340       ?Clone@?$CComEnumImpl@UIEnumConnectionPoints@@$1?_GUID_b196b285_bab4_101a_b69c_00aa00341d07@@3U__s_GUID@@BPEAUIConnectionPoint@@V?$_CopyInterface@UIConnectionPoint@@@ATL@@@ATL@@UEAAJPEAPEAUIEnumConnectionPoints@@@Z 0000000180004340 f i Keylock.obj
 0001:0000346c       ?QueryInterface@?$CComObject@V?$CComEnum@UIEnumConnectionPoints@@$1?_GUID_b196b285_bab4_101a_b69c_00aa00341d07@@3U__s_GUID@@BPEAUIConnectionPoint@@V?$_CopyInterface@UIConnectionPoint@@@ATL@@VCComSingleThreadModel@6@@ATL@@@ATL@@UEAAJAEBU_GUID@@PEAPEAX@Z 000000018000446c f i Keylock.obj
 0001:00003480       ??_E?$CComObject@V?$CComEnum@UIEnumConnectionPoints@@$1?_GUID_b196b285_bab4_101a_b69c_00aa00341d07@@3U__s_GUID@@BPEAUIConnectionPoint@@V?$_CopyInterface@UIConnectionPoint@@@ATL@@VCComSingleThreadModel@6@@ATL@@@ATL@@UEAAPEAXI@Z 0000000180004480 f i Keylock.obj
 0001:00003480       ??_G?$CComObject@V?$CComEnum@UIEnumConnectionPoints@@$1?_GUID_b196b285_bab4_101a_b69c_00aa00341d07@@3U__s_GUID@@BPEAUIConnectionPoint@@V?$_CopyInterface@UIConnectionPoint@@@ATL@@VCComSingleThreadModel@6@@ATL@@@ATL@@UEAAPEAXI@Z 0000000180004480 f i Keylock.obj
 0001:000034d8       ?CreateInstance@CComClassFactory@ATL@@UEAAJPEAUIUnknown@@AEBU_GUID@@PEAPEAX@Z 00000001800044d8 f i Keylock.obj
 0001:00003538       ?LockServer@CComClassFactory@ATL@@UEAAJH@Z 0000000180004538 f i Keylock.obj
 0001:0000355c       ??_GCComClassFactory@ATL@@UEAAPEAXI@Z 000000018000455c f i Keylock.obj
 0001:0000355c       ??_ECComClassFactory@ATL@@UEAAPEAXI@Z 000000018000455c f i Keylock.obj
 0001:000035ac       ??$AtlModuleRegisterWndClassInfoT@VAtlModuleRegisterWndClassInfoParamW@ATL@@@ATL@@YAGPEAU_ATL_BASE_MODULE70@0@PEAU_ATL_WIN_MODULE70@0@PEAU_ATL_WNDCLASSINFOW@0@PEAP6A_JPEAUHWND__@@I_K_J@ZVAtlModuleRegisterWndClassInfoParamW@0@@Z 00000001800045ac f i Keylock.obj
 0001:000037ac       ??0?$CComContainedObject@VCOPOSKeylock@@@ATL@@QEAA@PEAX@Z 00000001800047ac f i Keylock.obj
 0001:000038c8       ??0?$CComObject@VCOPOSKeylock@@@ATL@@QEAA@PEAX@Z 00000001800048c8 f i Keylock.obj
 0001:000039e0       ??0CAtlModule@ATL@@QEAA@XZ 00000001800049e0 f i Keylock.obj
 0001:00003a54       ??1?$CComEnumImpl@UIEnumConnectionPoints@@$1?_GUID_b196b285_bab4_101a_b69c_00aa00341d07@@3U__s_GUID@@BPEAUIConnectionPoint@@V?$_CopyInterface@UIConnectionPoint@@@ATL@@@ATL@@UEAA@XZ 0000000180004a54 f i Keylock.obj
 0001:00003ab0       ??1?$CComEnumImpl@UIEnumConnections@@$1?_GUID_b196b287_bab4_101a_b69c_00aa00341d07@@3U__s_GUID@@BUtagCONNECTDATA@@V?$_Copy@UtagCONNECTDATA@@@ATL@@@ATL@@UEAA@XZ 0000000180004ab0 f i Keylock.obj
 0001:00003b0c       ??1?$CComObject@VCOPOSKeylock@@@ATL@@UEAA@XZ 0000000180004b0c f i Keylock.obj
 0001:00003c2c       ??_E?$CComContainedObject@VCOPOSKeylock@@@ATL@@UEAAPEAXI@Z 0000000180004c2c f i Keylock.obj
 0001:00003c2c       ??_G?$CComContainedObject@VCOPOSKeylock@@@ATL@@UEAAPEAXI@Z 0000000180004c2c f i Keylock.obj
 0001:00003c60       ??_G?$CComObject@VCOPOSKeylock@@@ATL@@UEAAPEAXI@Z 0000000180004c60 f i Keylock.obj
 0001:00003c60       ??_E?$CComObject@VCOPOSKeylock@@@ATL@@UEAAPEAXI@Z 0000000180004c60 f i Keylock.obj
 0001:00003c94       ?Add@?$CSimpleArray@GV?$CSimpleArrayEqualHelper@G@ATL@@@ATL@@QEAAHAEBG@Z 0000000180004c94 f i Keylock.obj
 0001:00003d48       ?Add@?$CSimpleMap@PEA_WPEA_WVCExpansionVectorEqualHelper@ATL@@@ATL@@QEAAHAEBQEA_W0@Z 0000000180004d48 f i Keylock.obj
 0001:00003de8       ?Add@CComDynamicUnkArray@ATL@@QEAAKPEAUIUnknown@@@Z 0000000180004de8 f i Keylock.obj
 0001:00003ed0       ?Add@CExpansionVector@ATL@@QEAAHPEB_W0@Z 0000000180004ed0 f i Keylock.obj
 0001:00004060       ?AddValue@CRegParser@ATL@@IEAAJAEAVCRegKey@2@PEB_WPEA_W@Z 0000000180005060 f i Keylock.obj
 0001:000044a8       ?AllocateHeap@?$CTempBuffer@_W$0BAA@VCCRTAllocator@ATL@@@ATL@@AEAAX_K@Z 00000001800054a8 f i Keylock.obj
 0001:000044a8       ?AllocateHeap@?$CTempBuffer@E$0BAA@VCCRTAllocator@ATL@@@ATL@@AEAAX_K@Z 00000001800054a8 f i Keylock.obj
 0001:000044a8       ?AllocateHeap@?$CTempBuffer@_W$0EAA@VCCRTAllocator@ATL@@@ATL@@AEAAX_K@Z 00000001800054a8 f i Keylock.obj
 0001:000044d4       ?Append@CParseBuffer@CRegParser@ATL@@QEAAHPEB_WH@Z 00000001800054d4 f i Keylock.obj
 0001:000045ec       ?AtlCallTermFunc@ATL@@YAXPEAU_ATL_MODULE70@1@@Z 00000001800055ec f i Keylock.obj
 0001:00004650       ?AtlComModuleGetClassObject@ATL@@YAJPEAU_ATL_COM_MODULE70@1@AEBU_GUID@@1PEAPEAX@Z 0000000180005650 f i Keylock.obj
 0001:00004790       ?AtlComModuleRegisterServer@ATL@@YAJPEAU_ATL_COM_MODULE70@1@HPEBU_GUID@@@Z 0000000180005790 f i Keylock.obj
 0001:00004850       ?AtlComModuleUnregisterServer@ATL@@YAJPEAU_ATL_COM_MODULE70@1@HPEBU_GUID@@@Z 0000000180005850 f i Keylock.obj
 0001:0000490c       ?AtlCreateTargetDC@ATL@@YAPEAUHDC__@@PEAU2@PEAUtagDVTARGETDEVICE@@@Z 000000018000590c f i Keylock.obj
 0001:00004980       ?AtlHiMetricToPixel@ATL@@YAXPEBUtagSIZE@@PEAU2@@Z 0000000180005980 f i Keylock.obj
 0001:00004a30       ?AtlHresultFromLastError@ATL@@YAJXZ 0000000180005a30 f i Keylock.obj
 0001:00004a50       ?AtlHresultFromWin32@ATL@@YAJK@Z 0000000180005a50 f i Keylock.obj
 0001:00004a60       ?AtlIPersistStreamInit_Load@ATL@@YAJPEAUIStream@@PEBUATL_PROPMAP_ENTRY@1@PEAXPEAUIUnknown@@@Z 0000000180005a60 f i Keylock.obj
 0001:00004c98       ?AtlIPersistStreamInit_Save@ATL@@YAJPEAUIStream@@HPEBUATL_PROPMAP_ENTRY@1@PEAXPEAUIUnknown@@@Z 0000000180005c98 f i Keylock.obj
 0001:00004ed0       ?AtlInternalOleLoadFromStream@ATL@@YAJPEAUIStream@@AEBU_GUID@@PEAPEAXTClassesAllowedInStream@1@K@Z 0000000180005ed0 f i Keylock.obj
 0001:00005014       ?AtlInternalQueryInterface@ATL@@YAJPEAXPEBU_ATL_INTMAP_ENTRY@1@AEBU_GUID@@PEAPEAX@Z 0000000180006014 f i Keylock.obj
 0001:0000511c       ?AtlLoadTypeLib@ATL@@YAJPEAUHINSTANCE__@@PEB_WPEAPEA_WPEAPEAUITypeLib@@@Z 000000018000611c f i Keylock.obj
 0001:00005378       ?AtlModuleAddTermFunc@ATL@@YAJPEAU_ATL_MODULE70@1@P6AX_K@Z1@Z 0000000180006378 f i Keylock.obj
 0001:0000540c       ?AtlRegisterClassCategoriesHelper@ATL@@YAJAEBU_GUID@@PEBU_ATL_CATMAP_ENTRY@1@H@Z 000000018000640c f i Keylock.obj
 0001:00005874       ?AtlRegisterTypeLib@ATL@@YAJPEAUHINSTANCE__@@PEB_W@Z 0000000180006874 f i Keylock.obj
 0001:00005a70       ?AtlThrowImpl@ATL@@YAXJ@Z  0000000180006a70 f i Keylock.obj
 0001:00005a94       ?AtlUnRegisterTypeLib@ATL@@YAJPEAUHINSTANCE__@@PEB_W@Z 0000000180006a94 f i Keylock.obj
 0001:00005b5c       ?AtlWinModuleExtractCreateWndData@ATL@@YAPEAXPEAU_ATL_WIN_MODULE70@1@@Z 0000000180006b5c f i Keylock.obj
 0001:00005be8       ?Cleanup@CComTypeInfoHolder@ATL@@SAX_K@Z 0000000180006be8 f i Keylock.obj
 0001:00005c28       ?ClearReplacements@CExpansionVector@ATL@@QEAAJXZ 0000000180006c28 f i Keylock.obj
 0001:00005cc4       ?CreateInstance@?$CComCreator@V?$CComAggObject@VCOPOSKeylock@@@ATL@@@ATL@@SAJPEAXAEBU_GUID@@PEAPEAX@Z 0000000180006cc4 f i Keylock.obj
 0001:00005d9c       ?CreateInstance@?$CComCreator@V?$CComObject@VCOPOSKeylock@@@ATL@@@ATL@@SAJPEAXAEBU_GUID@@PEAPEAX@Z 0000000180006d9c f i Keylock.obj
 0001:00005e54       ?CreateInstance@?$CComObject@V?$CComEnum@UIEnumConnectionPoints@@$1?_GUID_b196b285_bab4_101a_b69c_00aa00341d07@@3U__s_GUID@@BPEAUIConnectionPoint@@V?$_CopyInterface@UIConnectionPoint@@@ATL@@VCComSingleThreadModel@6@@ATL@@@ATL@@SAJPEAPEAV12@@Z 0000000180006e54 f i Keylock.obj
 0001:00005ee0       ?CreateInstance@?$CComObject@V?$CComEnum@UIEnumConnections@@$1?_GUID_b196b287_bab4_101a_b69c_00aa00341d07@@3U__s_GUID@@BUtagCONNECTDATA@@V?$_Copy@UtagCONNECTDATA@@@ATL@@VCComSingleThreadModel@6@@ATL@@@ATL@@SAJPEAPEAV12@@Z 0000000180006ee0 f i Keylock.obj
 0001:00005f6c       ?DefaultReflectionHandler@?$CWindowImplRoot@VCWindow@ATL@@@ATL@@SAHPEAUHWND__@@I_K_JAEA_J@Z 0000000180006f6c f i Keylock.obj
 0001:00005fd0       ?DeleteSubKey@CRegKey@ATL@@QEAAJPEB_W@Z 0000000180006fd0 f i Keylock.obj
 0001:00006068       ?DoEvent@COPOSKeylock@@IEAAXI_K_J@Z 0000000180007068 f i Keylock.obj
 0001:0000611c       ?DoVerbPrimary@?$IOleObjectImpl@VCOPOSKeylock@@@ATL@@QEAAJPEBUtagRECT@@PEAUHWND__@@@Z 000000018000711c f i Keylock.obj
 0001:00006248       ?DoVerbProperties@CComControlBase@ATL@@QEAAJPEBUtagRECT@@PEAUHWND__@@@Z 0000000180007248 f i Keylock.obj
 0001:00006470       ?FireTheEvent@?$CProxy_IOPOSEvents@VCOPOSKeylock@@@@IEAAXPEAVOposVariant@@IAEAJPEB_WJ@Z 0000000180007470 f i Keylock.obj
 0001:0000655c       ?FireViewChange@CComControlBase@ATL@@QEAAJXZ 000000018000755c f i Keylock.obj
 0001:000065c0       ?Fire_DirectIOEvent@?$CProxy_IOPOSEvents@VCOPOSKeylock@@@@QEAAXJPEAJPEAPEA_W@Z 00000001800075c0 f i Keylock.obj
 0001:00006718       ?Fire_StatusUpdateEvent@?$CProxy_IOPOSEvents@VCOPOSKeylock@@@@QEAAXJ@Z 0000000180007718 f i Keylock.obj
 0001:00006804       ?FreeHeap@?$CTempBuffer@_W$0EAA@VCCRTAllocator@ATL@@@ATL@@AEAAXXZ 0000000180007804 f i Keylock.obj
 0001:00006804       ?FreeHeap@?$CTempBuffer@_W$0BAA@VCCRTAllocator@ATL@@@ATL@@AEAAXXZ 0000000180007804 f i Keylock.obj
 0001:00006804       ?FreeHeap@?$CTempBuffer@E$0BAA@VCCRTAllocator@ATL@@@ATL@@AEAAXXZ 0000000180007804 f i Keylock.obj
 0001:0000680c       ?GetAmbientLocaleID@CComControlBase@ATL@@QEAAJAEAK@Z 000000018000780c f i Keylock.obj
 0001:000068cc       ?GetAmbientUserMode@CComControlBase@ATL@@QEAAJAEAH@Z 00000001800078cc f i Keylock.obj
 0001:0000699c       ?GetClassObject@CComModule@ATL@@QEAAJAEBU_GUID@@0PEAPEAX@Z 000000018000799c f i Keylock.obj
 0001:00006a90       ?GetConnMap@COPOSKeylock@@SAPEBU_ATL_CONNMAP_ENTRY@ATL@@PEAH@Z 0000000180007a90 f i Keylock.obj
 0001:00006b18       ?GetIDsOfNames@CComTypeInfoHolder@ATL@@QEAAJAEBU_GUID@@PEAPEA_WIKPEAJ@Z 0000000180007b18 f i Keylock.obj
 0001:00006c90       ?GetPagesHelper@?$ISpecifyPropertyPagesImpl@VCOPOSKeylock@@@ATL@@IEAAJPEAUtagCAUUID@@PEBUATL_PROPMAP_ENTRY@2@@Z 0000000180007c90 f i Keylock.obj
 0001:00006e30       ?GetSizeMax@CComVariant@ATL@@QEBAJPEAT_ULARGE_INTEGER@@@Z 0000000180007e30 f i Keylock.obj
 0001:00007064       ?GetTI@CComTypeInfoHolder@ATL@@QEAAJK@Z 0000000180008064 f i Keylock.obj
 0001:000072dc       ?GetZoomInfo@CComControlBase@ATL@@QEAAXAEAUATL_DRAWINFO@@@Z 00000001800082dc f i Keylock.obj
 0001:00007380       ?HKeyFromString@CRegParser@ATL@@KAPEAUHKEY__@@PEA_W@Z 0000000180008380 f i Keylock.obj
 0001:000073e4       ?IDataObject_GetData@CComControlBase@ATL@@QEAAJPEAUtagFORMATETC@@PEAUtagSTGMEDIUM@@@Z 00000001800083e4 f i Keylock.obj
 0001:000075d8       ?IOleInPlaceObject_InPlaceDeactivate@CComControlBase@ATL@@QEAAJXZ 00000001800085d8 f i Keylock.obj
 0001:00007678       ?IOleInPlaceObject_SetObjectRects@CComControlBase@ATL@@QEAAJPEBUtagRECT@@0@Z 0000000180008678 f i Keylock.obj
 0001:00007768       ?IOleInPlaceObject_UIDeactivate@CComControlBase@ATL@@QEAAJXZ 0000000180008768 f i Keylock.obj
 0001:00007874       ?IOleObject_Close@CComControlBase@ATL@@QEAAJK@Z 0000000180008874 f i Keylock.obj
 0001:0000798c       ?IOleObject_SetClientSite@CComControlBase@ATL@@QEAAJPEAUIOleClientSite@@@Z 000000018000898c f i Keylock.obj
 0001:00007a04       ?IOleObject_SetExtent@CComControlBase@ATL@@QEAAJKPEAUtagSIZE@@@Z 0000000180008a04 f i Keylock.obj
 0001:00007a9c       ?IPSI_GetIPersistStreamInit@?$IPersistStorageImpl@VCOPOSKeylock@@@ATL@@AEAAPEAUIPersistStreamInit@@XZ 0000000180008a9c f i Keylock.obj
 0001:00007af8       ?IQuickActivate_QuickActivate@CComControlBase@ATL@@QEAAJPEAUtagQACONTAINER@@PEAUtagQACONTROL@@@Z 0000000180008af8 f i Keylock.obj
 0001:00007dbc       ?IViewObject_Draw@CComControlBase@ATL@@QEAAJKJPEAXPEAUtagDVTARGETDEVICE@@PEAUHDC__@@2PEBU_RECTL@@3@Z 0000000180008dbc f i Keylock.obj
 0001:00007ed0       ?InPlaceActivate@CComControlBase@ATL@@QEAAJJPEBUtagRECT@@@Z 0000000180008ed0 f i Keylock.obj
 0001:00008208       ?Init@?$CComEnumImpl@UIEnumConnectionPoints@@$1?_GUID_b196b285_bab4_101a_b69c_00aa00341d07@@3U__s_GUID@@BPEAUIConnectionPoint@@V?$_CopyInterface@UIConnectionPoint@@@ATL@@@ATL@@QEAAJPEAPEAUIConnectionPoint@@0PEAUIUnknown@@W4CComEnumFlags@2@@Z 0000000180009208 f i Keylock.obj
 0001:00008328       ?Init@?$CComEnumImpl@UIEnumConnections@@$1?_GUID_b196b287_bab4_101a_b69c_00aa00341d07@@3U__s_GUID@@BUtagCONNECTDATA@@V?$_Copy@UtagCONNECTDATA@@@ATL@@@ATL@@QEAAJPEAUtagCONNECTDATA@@0PEAUIUnknown@@W4CComEnumFlags@2@@Z 0000000180009328 f i Keylock.obj
 0001:0000844c       ?IsEqualObject@?$CComPtrBase@UIOleClientSite@@@ATL@@QEAA_NPEAUIUnknown@@@Z 000000018000944c f i Keylock.obj
 0001:0000844c       ?IsEqualObject@?$CComPtrBase@UITypeInfo@@@ATL@@QEAA_NPEAUIUnknown@@@Z 000000018000944c f i Keylock.obj
 0001:000084d8       ?LoadNameCache@CComTypeInfoHolder@ATL@@QEAAJPEAUITypeInfo@@@Z 00000001800094d8 f i Keylock.obj
 0001:0000865c       ?Lookup@?$CSimpleMap@PEA_WPEA_WVCExpansionVectorEqualHelper@ATL@@@ATL@@QEBAPEA_WAEBQEA_W@Z 000000018000965c f i Keylock.obj
 0001:000086e8       ?NextToken@CRegParser@ATL@@IEAAJPEA_W@Z 00000001800096e8 f i Keylock.obj
 0001:000088a0       ?OnKillFocus@CComControlBase@ATL@@QEAA_JI_K_JAEAH@Z 00000001800098a0 f i Keylock.obj
 0001:0000893c       ?OnMouseActivate@CComControlBase@ATL@@QEAA_JI_K_JAEAH@Z 000000018000993c f i Keylock.obj
 0001:000089dc       ?OnPaint@CComControlBase@ATL@@QEAA_JI_K_JAEAH@Z 00000001800099dc f i Keylock.obj
 0001:00008ac8       ?OnSetFocus@CComControlBase@ATL@@QEAA_JI_K_JAEAH@Z 0000000180009ac8 f i Keylock.obj
 0001:00008bc4       ?Open@CRegKey@ATL@@QEAAJPEAUHKEY__@@PEB_WK@Z 0000000180009bc4 f i Keylock.obj
 0001:00008c50       ?PreProcessBuffer@CRegParser@ATL@@QEAAJPEA_WPEAPEA_W@Z 0000000180009c50 f i Keylock.obj
 0001:00008fd4       ?ProcessWindowMessage@?$CComControl@VCOPOSKeylock@@V?$CWindowImpl@VCOPOSKeylock@@VCWindow@ATL@@V?$CWinTraits@$0FGAAAAAA@$0A@@3@@ATL@@@ATL@@UEAAHPEAUHWND__@@I_K_JAEA_JK@Z 0000000180009fd4 f i Keylock.obj
 0001:000090b8       ?PutProperty@?$CComPtr@UIDispatch@@@ATL@@SAJPEAUIDispatch@@JPEAUtagVARIANT@@@Z 000000018000a0b8 f i Keylock.obj
 0001:000091bc       ?ReadFromStream@CComBSTR@ATL@@QEAAJPEAUIStream@@@Z 000000018000a1bc f i Keylock.obj
 0001:00009318       ?ReadFromStream@CComVariant@ATL@@QEAAJPEAUIStream@@GTClassesAllowedInStream@2@K@Z 000000018000a318 f i Keylock.obj
 0001:00009528       ?RecurseDeleteKey@CRegKey@ATL@@QEAAJPEB_W@Z 000000018000a528 f i Keylock.obj
 0001:00009634       ?RegCreateKeyExW@CAtlTransactionManager@ATL@@QEAAJPEAUHKEY__@@PEB_WKPEA_WKKQEAU_SECURITY_ATTRIBUTES@@PEAPEAU3@PEAK@Z 000000018000a634 f i Keylock.obj
 0001:00009768       ?RegDeleteKeyW@CAtlTransactionManager@ATL@@QEAAJPEAUHKEY__@@PEB_W@Z 000000018000a768 f i Keylock.obj
 0001:000097f4       ?RegOpenKeyExW@CAtlTransactionManager@ATL@@QEAAJPEAUHKEY__@@PEB_WKKPEAPEAU3@@Z 000000018000a7f4 f i Keylock.obj
 0001:000098ac       ?RegisterBuffer@CRegParser@ATL@@QEAAJPEA_WH@Z 000000018000a8ac f i Keylock.obj
 0001:00009a14       ?RegisterFromResource@CRegObject@ATL@@IEAAJPEB_W00H@Z 000000018000aa14 f i Keylock.obj
 0001:00009bd0       ?RegisterServer@CComModule@ATL@@QEAAJHPEBU_GUID@@@Z 000000018000abd0 f i Keylock.obj
 0001:00009c90       ?RegisterSubkeys@CRegParser@ATL@@IEAAJPEA_WPEAUHKEY__@@HH@Z 000000018000ac90 f i Keylock.obj
 0001:0000a384       ?SendOnDataChange@CComControlBase@ATL@@QEAAJK@Z 000000018000b384 f i Keylock.obj
 0001:0000a3f4       ?SetControlFocus@CComControlBase@ATL@@QEAAHH@Z 000000018000b3f4 f i Keylock.obj
 0001:0000a4d0       ?SkipAssignment@CRegParser@ATL@@IEAAJPEA_W@Z 000000018000b4d0 f i Keylock.obj
 0001:0000a574       ?Term@CComModule@ATL@@QEAAXXZ 000000018000b574 f i Keylock.obj
 0001:0000a620       ?UnregisterServer@CComModule@ATL@@QEAAJHPEBU_GUID@@@Z 000000018000b620 f i Keylock.obj
 0001:0000a6d0       ?UpdateRegistryFromResource@CAtlModule@ATL@@QEAAJIHPEAU_ATL_REGMAP_ENTRY@2@@Z 000000018000b6d0 f i Keylock.obj
 0001:0000aa08       ?UpdateRegistryFromResource@CAtlModule@ATL@@QEAAJPEB_WHPEAU_ATL_REGMAP_ENTRY@2@@Z 000000018000ba08 f i Keylock.obj
 0001:0000ad60       ?VTFromRegType@CRegParser@ATL@@KAHPEB_WAEAG@Z 000000018000bd60 f i Keylock.obj
 0001:0000adfc       ?WindowProc@?$CWindowImplBaseT@VCWindow@ATL@@V?$CWinTraits@$0FGAAAAAA@$0A@@2@@ATL@@SA_JPEAUHWND__@@I_K_J@Z 000000018000bdfc f i Keylock.obj
 0001:0000af68       ?WriteToStream@CComBSTR@ATL@@QEAAJPEAUIStream@@@Z 000000018000bf68 f i Keylock.obj
 0001:0000afe8       ?WriteToStream@CComVariant@ATL@@QEAAJPEAUIStream@@@Z 000000018000bfe8 f i Keylock.obj
 0001:0000b1fc       ?WriteToStream@CComVariant@ATL@@QEAAJPEAUIStream@@G@Z 000000018000c1fc f i Keylock.obj
 0001:0000b294       ?_AtlVerifyStackAvailable@_ATL_SAFE_ALLOCA_IMPL@ATL@@YA_N_K@Z 000000018000c294 f i Keylock.obj
 0001:0000b318       ?atlCreate@?$CWindowImpl@VCOPOSKeylock@@VCWindow@ATL@@V?$CWinTraits@$0FGAAAAAA@$0A@@3@@ATL@@QEAAPEAUHWND__@@PEAU3@V_U_RECT@2@PEB_WKKV_U_MENUorID@2@PEAX@Z 000000018000c318 f i Keylock.obj
 0001:0000b3c8       ?atlCreate@?$CWindowImplBaseT@VCWindow@ATL@@V?$CWinTraits@$0FGAAAAAA@$0A@@2@@ATL@@QEAAPEAUHWND__@@PEAU3@V_U_RECT@2@PEB_WKKV_U_MENUorID@2@GPEAX@Z 000000018000c3c8 f i Keylock.obj
 0001:0000b538       ?atlCreate@CRegKey@ATL@@QEAAJPEAUHKEY__@@PEB_WPEA_WKKPEAU_SECURITY_ATTRIBUTES@@PEAK@Z 000000018000c538 f i Keylock.obj
 0001:0000b624       DllCanUnloadNow            000000018000c624 f   Keylock.obj
 0001:0000b630       DllGetClassObject          000000018000c630 f   Keylock.obj
 0001:0000b648       DllMain                    000000018000c648 f   Keylock.obj
 0001:0000b6f0       DllRegisterServer          000000018000c6f0 f   Keylock.obj
 0001:0000b704       DllUnregisterServer        000000018000c704 f   Keylock.obj
 0001:0000b718       __local_stdio_printf_options 000000018000c718 f i Keylock.obj
 0001:0000b7a8       swprintf_s                 000000018000c7a8 f i Keylock.obj
 0001:0000b7fc       ??0COPOSKeylock@@QEAA@XZ   000000018000c7fc f   KeylockImpl.obj
 0001:0000b8b8       ??1?$IConnectionPointImpl@VCOPOSKeylock@@$1?IID_IPropertyNotifySink@@3U_GUID@@BVCComDynamicUnkArray@ATL@@@ATL@@QEAA@XZ 000000018000c8b8 f i KeylockImpl.obj
 0001:0000b8b8       ??1?$IConnectionPointImpl@VCOPOSKeylock@@$1?DIID__IOPOSKeylockEvents@@3U_GUID@@BVCComDynamicUnkArray@ATL@@@ATL@@QEAA@XZ 000000018000c8b8 f i KeylockImpl.obj
 0001:0000b914       ??1CComControlBase@ATL@@UEAA@XZ 000000018000c914 f i KeylockImpl.obj
 0001:0000b990       ??1COPOSKeylock@@UEAA@XZ   000000018000c990 f   KeylockImpl.obj
 0001:0000b9f4       ?CheckHealth@COPOSKeylock@@UEAAJJPEAJ@Z 000000018000c9f4 f   KeylockImpl.obj
 0001:0000ba70       ?ClaimDevice@COPOSKeylock@@UEAAJJPEAJ@Z 000000018000ca70 f   KeylockImpl.obj
 0001:0000bb08       ?Close@COPOSKeylock@@UEAAJPEAJ@Z 000000018000cb08 f   KeylockImpl.obj
 0001:0000bbc0       ?CompareFirmwareVersion@COPOSKeylock@@UEAAJPEA_WPEAJ1@Z 000000018000cbc0 f   KeylockImpl.obj
 0001:0000bc9c       ?DirectIO@COPOSKeylock@@UEAAJJPEAJPEAPEA_W0@Z 000000018000cc9c f   KeylockImpl.obj
 0001:0000bd98       ?DoInvoke@COPOSKeylock@@IEAAJJPEAVOposVariant@@IHPEAJ_N@Z 000000018000cd98 f   KeylockImpl.obj
 0001:0000becc       ?EventInit@COPOSKeylock@@IEAAJXZ 000000018000cecc f i KeylockImpl.obj
 0001:0000c014       ?EventUninit@COPOSKeylock@@IEAAXXZ 000000018000d014 f i KeylockImpl.obj
 0001:0000c078       ?EventWindowProc@COPOSKeylock@@IEAA_JI_K_J@Z 000000018000d078 f i KeylockImpl.obj
 0001:0000c170       ?FinalConstruct@COPOSKeylock@@QEAAJXZ 000000018000d170 f   KeylockImpl.obj
 0001:0000c1ac       ?FreezeEvents@COPOSKeylock@@MEAAJH@Z 000000018000d1ac f   KeylockImpl.obj
 0001:0000c220       ?GetOposProp@COPOSKeylock@@IEAAJJPEAJJ@Z 000000018000d220 f   KeylockImpl.obj
 0001:0000c33c       ?GetOposProp@COPOSKeylock@@IEAAJJPEAPEA_WJ@Z 000000018000d33c f   KeylockImpl.obj
 0001:0000c468       ?OnDraw@COPOSKeylock@@MEAAJAEAUATL_DRAWINFO@@@Z 000000018000d468 f   KeylockImpl.obj
 0001:0000c554       ?Open@COPOSKeylock@@UEAAJPEA_WPEAJ@Z 000000018000d554 f   KeylockImpl.obj
 0001:0000cddc       ?ReleaseDevice@COPOSKeylock@@UEAAJPEAJ@Z 000000018000dddc f   KeylockImpl.obj
 0001:0000ce20       ?ResetStatistics@COPOSKeylock@@UEAAJPEA_WPEAJ@Z 000000018000de20 f   KeylockImpl.obj
 0001:0000cea8       ?RetrieveStatistics@COPOSKeylock@@UEAAJPEAPEA_WPEAJ@Z 000000018000dea8 f   KeylockImpl.obj
 0001:0000cf30       ?SOProcessID@COPOSKeylock@@UEAAJPEAJ@Z 000000018000df30 f   KeylockImpl.obj
 0001:0000cf4c       ?SetCOFreezeEvents@COPOSKeylock@@IEAAXF@Z 000000018000df4c f   KeylockImpl.obj
 0001:0000d030       ?SetOposProp@COPOSKeylock@@IEAAJJJJ@Z 000000018000e030 f   KeylockImpl.obj
 0001:0000d190       ?UpdateFirmware@COPOSKeylock@@UEAAJPEA_WPEAJ@Z 000000018000e190 f   KeylockImpl.obj
 0001:0000d218       ?UpdateStatistics@COPOSKeylock@@UEAAJPEA_WPEAJ@Z 000000018000e218 f   KeylockImpl.obj
 0001:0000d2a0       ?WaitForKeylockChange@COPOSKeylock@@UEAAJJJPEAJ@Z 000000018000e2a0 f   KeylockImpl.obj
 0001:0000d36c       ?get_BinaryConversion@COPOSKeylock@@UEAAJPEAJ@Z 000000018000e36c f   KeylockImpl.obj
 0001:0000d380       ?get_CapCompareFirmwareVersion@COPOSKeylock@@UEAAJPEAF@Z 000000018000e380 f   KeylockImpl.obj
 0001:0000d3b4       ?get_CapKeylockType@COPOSKeylock@@UEAAJPEAJ@Z 000000018000e3b4 f   KeylockImpl.obj
 0001:0000d3c8       ?get_CapPowerReporting@COPOSKeylock@@UEAAJPEAJ@Z 000000018000e3c8 f   KeylockImpl.obj
 0001:0000d3dc       ?get_CapStatisticsReporting@COPOSKeylock@@UEAAJPEAF@Z 000000018000e3dc f   KeylockImpl.obj
 0001:0000d410       ?get_CapUpdateFirmware@COPOSKeylock@@UEAAJPEAF@Z 000000018000e410 f   KeylockImpl.obj
 0001:0000d444       ?get_CapUpdateStatistics@COPOSKeylock@@UEAAJPEAF@Z 000000018000e444 f   KeylockImpl.obj
 0001:0000d478       ?get_CheckHealthText@COPOSKeylock@@UEAAJPEAPEA_W@Z 000000018000e478 f   KeylockImpl.obj
 0001:0000d488       ?get_Claimed@COPOSKeylock@@UEAAJPEAF@Z 000000018000e488 f   KeylockImpl.obj
 0001:0000d4b8       ?get_ControlObjectDescription@COPOSKeylock@@UEAAJPEAPEA_W@Z 000000018000e4b8 f   KeylockImpl.obj
 0001:0000d51c       ?get_ControlObjectVersion@COPOSKeylock@@UEAAJPEAJ@Z 000000018000e51c f   KeylockImpl.obj
 0001:0000d528       ?get_DeviceDescription@COPOSKeylock@@UEAAJPEAPEA_W@Z 000000018000e528 f   KeylockImpl.obj
 0001:0000d538       ?get_DeviceEnabled@COPOSKeylock@@UEAAJPEAF@Z 000000018000e538 f   KeylockImpl.obj
 0001:0000d568       ?get_DeviceName@COPOSKeylock@@UEAAJPEAPEA_W@Z 000000018000e568 f   KeylockImpl.obj
 0001:0000d578       ?get_ElectronicKeyValue@COPOSKeylock@@UEAAJPEAPEA_W@Z 000000018000e578 f   KeylockImpl.obj
 0001:0000d58c       ?get_FreezeEvents@COPOSKeylock@@UEAAJPEAF@Z 000000018000e58c f   KeylockImpl.obj
 0001:0000d5bc       ?get_KeyPosition@COPOSKeylock@@UEAAJPEAJ@Z 000000018000e5bc f   KeylockImpl.obj
 0001:0000d5cc       ?get_OpenResult@COPOSKeylock@@UEAAJPEAJ@Z 000000018000e5cc f   KeylockImpl.obj
 0001:0000d5d8       ?get_PositionCount@COPOSKeylock@@UEAAJPEAJ@Z 000000018000e5d8 f   KeylockImpl.obj
 0001:0000d5e8       ?get_PowerNotify@COPOSKeylock@@UEAAJPEAJ@Z 000000018000e5e8 f   KeylockImpl.obj
 0001:0000d5fc       ?get_PowerState@COPOSKeylock@@UEAAJPEAJ@Z 000000018000e5fc f   KeylockImpl.obj
 0001:0000d610       ?get_ResultCode@COPOSKeylock@@UEAAJPEAJ@Z 000000018000e610 f   KeylockImpl.obj
 0001:0000d64c       ?get_ResultCodeExtended@COPOSKeylock@@UEAAJPEAJ@Z 000000018000e64c f   KeylockImpl.obj
 0001:0000d65c       ?get_ServiceObjectDescription@COPOSKeylock@@UEAAJPEAPEA_W@Z 000000018000e65c f   KeylockImpl.obj
 0001:0000d66c       ?get_ServiceObjectVersion@COPOSKeylock@@UEAAJPEAJ@Z 000000018000e66c f   KeylockImpl.obj
 0001:0000d67c       ?get_State@COPOSKeylock@@UEAAJPEAJ@Z 000000018000e67c f   KeylockImpl.obj
 0001:0000d6a8       ?put_BinaryConversion@COPOSKeylock@@UEAAJJ@Z 000000018000e6a8 f   KeylockImpl.obj
 0001:0000d6bc       ?put_DeviceEnabled@COPOSKeylock@@UEAAJF@Z 000000018000e6bc f   KeylockImpl.obj
 0001:0000d6d4       ?put_FreezeEvents@COPOSKeylock@@UEAAJF@Z 000000018000e6d4 f   KeylockImpl.obj
 0001:0000d724       ?put_PowerNotify@COPOSKeylock@@UEAAJJ@Z 000000018000e724 f   KeylockImpl.obj
 0001:0000d738       ?s_EventWindowProc@COPOSKeylock@@KA_JPEAUHWND__@@I_K_J@Z 000000018000e738 f i KeylockImpl.obj
 0001:0000d7b4       ??_U@YAPEAX_K@Z            000000018000e7b4 f   LIBCMT:new_array.obj
 0001:0000d7bc       ??_V@YAXPEAX@Z             000000018000e7bc f   LIBCMT:delete_array.obj
 0001:0000d7bc       ??3@YAXPEAX_K@Z            000000018000e7bc f   LIBCMT:delete_scalar_size.obj
 0001:0000d7c4       ??_V@YAXPEAX_K@Z           000000018000e7c4 f   LIBCMT:delete_array_size.obj
 0001:0000d7cc       __scrt_acquire_startup_lock 000000018000e7cc f   LIBCMT:utility.obj
 0001:0000d808       __scrt_dllmain_after_initialize_c 000000018000e808 f   LIBCMT:utility.obj
 0001:0000d83c       __scrt_dllmain_before_initialize_c 000000018000e83c f   LIBCMT:utility.obj
 0001:0000d854       __scrt_dllmain_crt_thread_attach 000000018000e854 f   LIBCMT:utility.obj
 0001:0000d87c       __scrt_dllmain_crt_thread_detach 000000018000e87c f   LIBCMT:utility.obj
 0001:0000d894       __scrt_dllmain_exception_filter 000000018000e894 f   LIBCMT:utility.obj
 0001:0000d8f4       __scrt_dllmain_uninitialize_c 000000018000e8f4 f   LIBCMT:utility.obj
 0001:0000d924       __scrt_dllmain_uninitialize_critical 000000018000e924 f   LIBCMT:utility.obj
 0001:0000d938       __scrt_initialize_crt      000000018000e938 f   LIBCMT:utility.obj
 0001:0000d984       __scrt_initialize_onexit_tables 000000018000e984 f   LIBCMT:utility.obj
 0001:0000da10       __scrt_is_nonwritable_in_current_image 000000018000ea10 f   LIBCMT:utility.obj
 0001:0000daa8       __scrt_release_startup_lock 000000018000eaa8 f   LIBCMT:utility.obj
 0001:0000dacc       __scrt_uninitialize_crt    000000018000eacc f   LIBCMT:utility.obj
 0001:0000daf8       _onexit                    000000018000eaf8 f   LIBCMT:utility.obj
 0001:0000db34       atexit                     000000018000eb34 f   LIBCMT:utility.obj
 0001:0000db4c       ??3@YAXPEAX@Z              000000018000eb4c f   LIBCMT:delete_scalar.obj
 0001:0000dc4c       _Init_thread_footer        000000018000ec4c f   LIBCMT:thread_safe_statics.obj
 0001:0000dcac       _Init_thread_header        000000018000ecac f   LIBCMT:thread_safe_statics.obj
 0001:0000dd14       _Init_thread_notify        000000018000ed14 f   LIBCMT:thread_safe_statics.obj
 0001:0000dd58       _Init_thread_wait          000000018000ed58 f   LIBCMT:thread_safe_statics.obj
 0001:0000ddbc       __raise_securityfailure    000000018000edbc f   LIBCMT:gs_report.obj
 0001:0000ddf0       __report_gsfailure         000000018000edf0 f   LIBCMT:gs_report.obj
 0001:0000dec4       __report_rangecheckfailure 000000018000eec4 f   LIBCMT:gs_report.obj
 0001:0000ded8       __report_securityfailure   000000018000eed8 f   LIBCMT:gs_report.obj
 0001:0000e058       ??2@YAPEAX_KAEBUnothrow_t@std@@@Z 000000018000f058 f   LIBCMT:new_scalar_nothrow.obj
 0001:0000e078       ??_U@YAPEAX_KAEBUnothrow_t@std@@@Z 000000018000f078 f   LIBCMT:new_array_nothrow.obj
 0001:0000e080       __GSHandlerCheck           000000018000f080 f   LIBCMT:gshandler.obj
 0001:0000e0a0       __GSHandlerCheckCommon     000000018000f0a0 f   LIBCMT:gshandler.obj
 0001:0000e0fc       __GSHandlerCheck_SEH       000000018000f0fc f   LIBCMT:gshandlerseh.obj
 0001:0000e1a0       _alloca_probe              000000018000f1a0 f   LIBCMT:chkstk.obj
 0001:0000e1a0       __chkstk                   000000018000f1a0 f   LIBCMT:chkstk.obj
 0001:0000e210       __security_check_cookie    000000018000f210 f   LIBCMT:amdsecgs.obj
 0001:0000e554       _DllMainCRTStartup         000000018000f554 f   LIBCMT:dll_dllmain.obj
 0001:0000e594       ??2@YAPEAX_K@Z             000000018000f594 f   LIBCMT:new_scalar.obj
 0001:0000e5d0       __isa_available_init       000000018000f5d0 f   LIBCMT:cpu_disp.obj
 0001:0000e74c       __scrt_is_ucrt_dll_in_use  000000018000f74c f   LIBCMT:ucrt_detection.obj
 0001:0000e758       __crt_debugger_hook        000000018000f758 f   LIBCMT:utility_desktop.obj
 0001:0000e760       __scrt_fastfail            000000018000f760 f   LIBCMT:utility_desktop.obj
 0001:0000e8ac       __security_init_cookie     000000018000f8ac f   LIBCMT:gs_support.obj
 0001:0000e958       ?__scrt_initialize_type_info@@YAXXZ 000000018000f958 f   LIBCMT:tncleanup.obj
 0001:0000e968       ?__scrt_uninitialize_type_info@@YAXXZ 000000018000f968 f   LIBCMT:tncleanup.obj
 0001:0000e974       __local_stdio_scanf_options 000000018000f974 f i LIBCMT:default_local_stdio_options.obj
 0001:0000e97c       __scrt_initialize_default_local_stdio_options 000000018000f97c f   LIBCMT:default_local_stdio_options.obj
 0001:0000e998       __scrt_get_dyn_tls_init_callback 000000018000f998 f   LIBCMT:dyn_tls_init.obj
 0001:0000e9a0       _RTC_Initialize            000000018000f9a0 f   LIBCMT:initsect.obj
 0001:0000e9dc       _RTC_Terminate             000000018000f9dc f   LIBCMT:initsect.obj
 0001:0000ea18       ??0bad_alloc@std@@QEAA@AEBV01@@Z 000000018000fa18 f i LIBCMT:throw_bad_alloc.obj
 0001:0000ea54       ??0bad_alloc@std@@QEAA@XZ  000000018000fa54 f i LIBCMT:throw_bad_alloc.obj
 0001:0000ea74       ??0bad_array_new_length@std@@QEAA@AEBV01@@Z 000000018000fa74 f i LIBCMT:throw_bad_alloc.obj
 0001:0000eab0       ??0bad_array_new_length@std@@QEAA@XZ 000000018000fab0 f i LIBCMT:throw_bad_alloc.obj
 0001:0000ead0       ??0exception@std@@QEAA@AEBV01@@Z 000000018000fad0 f i LIBCMT:throw_bad_alloc.obj
 0001:0000eb04       ??1bad_exception@std@@UEAA@XZ 000000018000fb04 f i libvcruntime:frame.obj
 0001:0000eb04       ??1bad_array_new_length@std@@UEAA@XZ 000000018000fb04 f i LIBCMT:throw_bad_alloc.obj
 0001:0000eb04       ??1bad_alloc@std@@UEAA@XZ  000000018000fb04 f i LIBCMT:throw_bad_alloc.obj
 0001:0000eb18       ??_Ebad_array_new_length@std@@UEAAPEAXI@Z 000000018000fb18 f i LIBCMT:throw_bad_alloc.obj
 0001:0000eb18       ??_Gexception@std@@UEAAPEAXI@Z 000000018000fb18 f i LIBCMT:throw_bad_alloc.obj
 0001:0000eb18       ??_Ebad_exception@std@@UEAAPEAXI@Z 000000018000fb18 f i libvcruntime:frame.obj
 0001:0000eb18       ??_Ebad_alloc@std@@UEAAPEAXI@Z 000000018000fb18 f i LIBCMT:throw_bad_alloc.obj
 0001:0000eb18       ??_Gbad_array_new_length@std@@UEAAPEAXI@Z 000000018000fb18 f i LIBCMT:throw_bad_alloc.obj
 0001:0000eb18       ??_Eexception@std@@UEAAPEAXI@Z 000000018000fb18 f i LIBCMT:throw_bad_alloc.obj
 0001:0000eb18       ??_Gbad_alloc@std@@UEAAPEAXI@Z 000000018000fb18 f i LIBCMT:throw_bad_alloc.obj
 0001:0000eb18       ??_Gbad_exception@std@@UEAAPEAXI@Z 000000018000fb18 f i libvcruntime:frame.obj
 0001:0000eb5c       ?__scrt_throw_std_bad_alloc@@YAXXZ 000000018000fb5c f   LIBCMT:throw_bad_alloc.obj
 0001:0000eb7c       ?__scrt_throw_std_bad_array_new_length@@YAXXZ 000000018000fb7c f   LIBCMT:throw_bad_alloc.obj
 0001:0000eb9c       ?what@exception@std@@UEBAPEBDXZ 000000018000fb9c f i LIBCMT:throw_bad_alloc.obj
 0001:0000ebb0       ??_Etype_info@@UEAAPEAXI@Z 000000018000fbb0 f i LIBCMT:std_type_info_static.obj
 0001:0000ebb0       ??_Gtype_info@@UEAAPEAXI@Z 000000018000fbb0 f i LIBCMT:std_type_info_static.obj
 0001:0000ebdc       ??0CAtlBaseModule@ATL@@QEAA@XZ 000000018000fbdc f   atls:atlbase.obj
 0001:0000ec84       ??1CAtlBaseModule@ATL@@QEAA@XZ 000000018000fc84 f   atls:atlbase.obj
 0001:0000edb8       ?__AllocStdCallThunk_cmn@@YAPEAXXZ 000000018000fdb8 f   atls:atlthunk.obj
 0001:0000ef10       AtlThunk_AllocateData      000000018000ff10 f   atls:atlthunk.obj
 0001:0000ef8c       AtlThunk_DataToCode        000000018000ff8c f   atls:atlthunk.obj
 0001:0000efe0       AtlThunk_FreeData          000000018000ffe0 f   atls:atlthunk.obj
 0001:0000f040       AtlThunk_InitData          0000000180010040 f   atls:atlthunk.obj
 0001:0000f0e8       _purecall                  00000001800100e8 f   libvcruntime:purevirt.obj
 0001:0000f104       wcsstr                     0000000180010104 f   libvcruntime:wcsstr.obj
 0001:0000f330       memcmp                     0000000180010330 f   libvcruntime:memcmp.obj
 0001:0000f410       memcpy_repmovs             0000000180010410 f   libvcruntime:memcpy.obj
 0001:0000f430       memcpy                     0000000180010430 f   libvcruntime:memcpy.obj
 0001:0000f430       memmove                    0000000180010430 f   libvcruntime:memcpy.obj
 0001:0000f820       memset_repmovs             0000000180010820 f   libvcruntime:memset.obj
 0001:0000f840       memset                     0000000180010840 f   libvcruntime:memset.obj
 0001:0000f9d0       __vcrt_initialize          00000001800109d0 f   libvcruntime:initialization.obj
 0001:0000f9f8       __vcrt_thread_attach       00000001800109f8 f   libvcruntime:initialization.obj
 0001:0000fa0c       __vcrt_thread_detach       0000000180010a0c f   libvcruntime:initialization.obj
 0001:0000fa20       __vcrt_uninitialize        0000000180010a20 f   libvcruntime:initialization.obj
 0001:0000fa3c       __vcrt_uninitialize_critical 0000000180010a3c f   libvcruntime:initialization.obj
 0001:0000fa4c       __C_specific_handler       0000000180010a4c f   libvcruntime:riscchandler.obj
 0001:0000fc58       ??$_CallSETranslator@V__FrameHandler3@@@@YAHPEAUEHExceptionRecord@@PEA_KPEAU_CONTEXT@@PEAU_xDISPATCHER_CONTEXT@@PEBU_s_FuncInfo@@K1@Z 0000000180010c58 f i libvcruntime:risctrnsctrl.obj
 0001:0000fcac       ?CatchTryBlock@__FrameHandler3@@SAPEBU_s_TryBlockMapEntry@@PEBU_s_FuncInfo@@H@Z 0000000180010cac f   libvcruntime:risctrnsctrl.obj
 0001:0000fd00       ?ExecutionInCatch@__FrameHandler3@@SA_NPEAU_xDISPATCHER_CONTEXT@@PEBU_s_FuncInfo@@@Z 0000000180010d00 f   libvcruntime:risctrnsctrl.obj
 0001:0000fd2c       ?FrameUnwindToEmptyState@__FrameHandler3@@SAXPEA_KPEAU_xDISPATCHER_CONTEXT@@PEBU_s_FuncInfo@@@Z 0000000180010d2c f   libvcruntime:risctrnsctrl.obj
 0001:0000fd90       ?GetEstablisherFrame@__FrameHandler3@@SAPEA_KPEA_KPEAU_xDISPATCHER_CONTEXT@@PEBU_s_FuncInfo@@0@Z 0000000180010d90 f   libvcruntime:risctrnsctrl.obj
 0001:0000fe5c       ?GetRangeOfTrysToCheck@__FrameHandler3@@SA?AU?$pair@Viterator@TryBlockMap@__FrameHandler3@@V123@@std@@AEAVTryBlockMap@1@HPEAU_xDISPATCHER_CONTEXT@@PEBU_s_FuncInfo@@H@Z 0000000180010e5c f   libvcruntime:risctrnsctrl.obj
 0001:0000ff9c       ?UnwindNestedFrames@__FrameHandler3@@SAXPEA_KPEAUEHExceptionRecord@@PEAU_CONTEXT@@0PEAXPEBU_s_FuncInfo@@HHPEBU_s_HandlerType@@PEAU_xDISPATCHER_CONTEXT@@E@Z 0000000180010f9c f   libvcruntime:risctrnsctrl.obj
 0001:000100c0       _CreateFrameInfo           00000001800110c0 f   libvcruntime:risctrnsctrl.obj
 0001:000100fc       _FindAndUnlinkFrame        00000001800110fc f   libvcruntime:risctrnsctrl.obj
 0001:00010150       _GetImageBase              0000000180011150 f   libvcruntime:risctrnsctrl.obj
 0001:00010164       _GetThrowImageBase         0000000180011164 f   libvcruntime:risctrnsctrl.obj
 0001:00010178       _SetImageBase              0000000180011178 f   libvcruntime:risctrnsctrl.obj
 0001:00010190       _SetThrowImageBase         0000000180011190 f   libvcruntime:risctrnsctrl.obj
 0001:000101a8       __CxxFrameHandler3         00000001800111a8 f   libvcruntime:risctrnsctrl.obj
 0001:00010230       __std_type_info_compare    0000000180011230 f   libvcruntime:std_type_info.obj
 0001:00010258       __std_type_info_destroy_list 0000000180011258 f   libvcruntime:std_type_info.obj
 0001:00010284       __std_exception_copy       0000000180011284 f   libvcruntime:std_exception.obj
 0001:00010314       __std_exception_destroy    0000000180011314 f   libvcruntime:std_exception.obj
 0001:0001033c       _CxxThrowException         000000018001133c f   libvcruntime:throw.obj
 0001:000103fc       __vcrt_freefls             00000001800113fc f   libvcruntime:per_thread_data.obj
 0001:0001041c       __vcrt_freeptd             000000018001141c f   libvcruntime:per_thread_data.obj
 0001:0001046c       __vcrt_getptd              000000018001146c f   libvcruntime:per_thread_data.obj
 0001:00010488       __vcrt_getptd_noexit       0000000180011488 f   libvcruntime:per_thread_data.obj
 0001:00010548       __vcrt_initialize_ptd      0000000180011548 f   libvcruntime:per_thread_data.obj
 0001:00010590       __vcrt_uninitialize_ptd    0000000180011590 f   libvcruntime:per_thread_data.obj
 0001:000105b4       __vcrt_initialize_locks    00000001800115b4 f   libvcruntime:locks.obj
 0001:000105e8       __vcrt_uninitialize_locks  00000001800115e8 f   libvcruntime:locks.obj
 0001:00010630       _NLG_Notify                0000000180011630 f   libvcruntime:notify.obj
 0001:00010650       __NLG_Dispatch2            0000000180011650 f   libvcruntime:notify.obj
 0001:00010660       __NLG_Return2              0000000180011660 f   libvcruntime:notify.obj
 0001:00010664       __except_validate_context_record 0000000180011664 f   libvcruntime:jbcxrval.obj
 0001:0001069c       __DestructExceptionObject  000000018001169c f   libvcruntime:ehhelpers.obj
 0001:00010710       ?_CallMemberFunction0@@YAXQEAX0@Z 0000000180011710 f i libvcruntime:ehhelpers.obj
 0001:00010714       _IsExceptionObjectToBeDestroyed 0000000180011714 f   libvcruntime:ehhelpers.obj
 0001:00010744       __AdjustPointer            0000000180011744 f   libvcruntime:ehhelpers.obj
 0001:00010768       __FrameUnwindFilter        0000000180011768 f   libvcruntime:ehhelpers.obj
 0001:000107b4       ?GetCurrentState@__FrameHandler3@@SAHPEA_KPEAU_xDISPATCHER_CONTEXT@@PEBU_s_FuncInfo@@@Z 00000001800117b4 f   libvcruntime:ehstate.obj
 0001:000107dc       ?GetUnwindTryBlock@__FrameHandler3@@SAHPEA_KPEAU_xDISPATCHER_CONTEXT@@PEBU_s_FuncInfo@@@Z 00000001800117dc f   libvcruntime:ehstate.obj
 0001:00010808       ?SetState@__FrameHandler3@@SAXPEA_KPEBU_s_FuncInfo@@H@Z 0000000180011808 f   libvcruntime:ehstate.obj
[...]
 0004:00001710       $pdata$__acrt_SetThreadStackGuarantee 0000000180033710     libucrt:winapi_thunks.obj
 0004:0000171c       $pdata$?try_get_function@@YAPEAXW4function_id@?A0x391cf84c@@QEBDQEBW4module_id@2@2@Z 000000018003371c     libucrt:winapi_thunks.obj
 0004:00001728       $pdata$wcstol              0000000180033728     libucrt:strtox.obj
 0004:00001734       $pdata$_mbtowc_l           0000000180033734     libucrt:mbtowc.obj
 0004:00001740       $pdata$__acrt_update_locale_info 0000000180033740     libucrt:locale_update.obj
 0004:0000174c       $pdata$__acrt_update_multibyte_info 000000018003374c     libucrt:locale_update.obj
 0004:00001758       $pdata$__acrt_fp_format    0000000180033758     libucrt:cvt.obj
 0004:00001764       $pdata$?fp_format_e_internal@@YAHQEAD_KH_NIQEAU_strflt@@2QEAU__crt_locale_pointers@@@Z 0000000180033764     libucrt:cvt.obj
 0004:00001770       $pdata$?fp_format_e@@YAHQEBNQEAD_K12H_NIQEAU__crt_locale_pointers@@@Z 0000000180033770     libucrt:cvt.obj
 0004:0000177c       $pdata$?fp_format_a@@YAHQEBNPEAD_KQEAD2H_NIQEAU__crt_locale_pointers@@@Z 000000018003377c     libucrt:cvt.obj
 0004:00001788       $pdata$?fp_format_f_internal@@YAHQEAD_KHQEAU_strflt@@_NQEAU__crt_locale_pointers@@@Z 0000000180033788     libucrt:cvt.obj
 0004:00001794       $pdata$?fp_format_g@@YAHQEBNQEAD_K12H_NIQEAU__crt_locale_pointers@@@Z 0000000180033794     libucrt:cvt.obj
 0004:000017a0       $pdata$_fileno             00000001800337a0     libucrt:fileno.obj
 0004:000017ac       $pdata$__acrt_initialize_stdio 00000001800337ac     libucrt:_file.obj
 0004:000017b8       $pdata$__acrt_uninitialize_stdio 00000001800337b8     libucrt:_file.obj
 0004:000017c4       $pdata$__acrt_uninitialize_locale 00000001800337c4     libucrt:wsetlocale.obj
 0004:000017d0       $pdata$??$?RV<lambda_410d79af7f07d98d83a3f525b3859a53>@@AEAV<lambda_3e16ef9562a7dcce91392c22ab16ea36>@@V<lambda_38119f0e861e05405d8a144b9b982f0a>@@@?$__crt_seh_guarded_call@X@@QEAAX$$QEAV<lambda_410d79af7f07d98d83a3f525b3859a53>@@AEAV<lambda_3e16ef9562a7dcce91392c22ab16ea36>@@$$QEAV<lambda_38119f0e861e05405d8a144b9b982f0a>@@@Z 00000001800337d0     libucrt:wsetlocale.obj
 0004:000017dc       $pdata$?fin$0@?0???$?RV<lambda_410d79af7f07d98d83a3f525b3859a53>@@AEAV<lambda_3e16ef9562a7dcce91392c22ab16ea36>@@V<lambda_38119f0e861e05405d8a144b9b982f0a>@@@?$__crt_seh_guarded_call@X@@QEAAX$$QEAV<lambda_410d79af7f07d98d83a3f525b3859a53>@@AEAV<lambda_3e16ef9562a7dcce91392c22ab16ea36>@@$$QEAV<lambda_38119f0e861e05405d8a144b9b982f0a>@@@Z@4HA 00000001800337dc     libucrt:wsetlocale.obj
 0004:000017e8       $pdata$__acrt_initialize_lowio 00000001800337e8     libucrt:ioinit.obj
 0004:000017f4       $pdata$__acrt_lowio_ensure_fh_exists$fin$0 00000001800337f4     libucrt:osfinfo.obj
 0004:000017f4       $pdata$__acrt_initialize_lowio$fin$0 00000001800337f4     libucrt:ioinit.obj
 0004:00001800       $pdata$__acrt_uninitialize_lowio 0000000180033800     libucrt:ioinit.obj
 0004:0000180c       $pdata$?initialize_inherited_file_handles_nolock@@YAXXZ 000000018003380c     libucrt:ioinit.obj
 0004:00001818       $pdata$?initialize_stdio_handles_nolock@@YAXXZ 0000000180033818     libucrt:ioinit.obj
 0004:00001824       $pdata$__acrt_initialize_locks 0000000180033824     libucrt:locks.obj
 0004:00001830       $pdata$__acrt_uninitialize_locks 0000000180033830     libucrt:locks.obj
 0004:0000183c       $pdata$__acrt_get_process_end_policy 000000018003383c     libucrt:win_policies.obj
 0004:00001848       $pdata$??$__acrt_mbs_to_wcs_cp@U__crt_win32_buffer_internal_dynamic_resizing@@@@YAHQEBDAEAV?$__crt_win32_buffer@_WU__crt_win32_buffer_internal_dynamic_resizing@@@@I@Z 0000000180033848     libucrt:argv_wildcards.obj
 0004:00001854       $pdata$??$__acrt_wcs_to_mbs_cp@U__crt_win32_buffer_internal_dynamic_resizing@@@@YAHQEB_WAEAV?$__crt_win32_buffer@DU__crt_win32_buffer_internal_dynamic_resizing@@@@I@Z 0000000180033854     libucrt:argv_wildcards.obj
 0004:00001860       $pdata$??$common_expand_argv_wildcards@D@@YAHQEAPEADQEAPEAPEAD@Z 0000000180033860     libucrt:argv_wildcards.obj
 0004:0000186c       $pdata$??$copy_and_add_argument_to_buffer@D@@YAHQEBD0_KAEAV?$argument_list@D@?A0x5f5c8891@@@Z 000000018003386c     libucrt:argv_wildcards.obj
 0004:00001878       $pdata$??$expand_argument_wildcards@D@@YAHQEAD0AEAV?$argument_list@D@?A0x5f5c8891@@@Z 0000000180033878     libucrt:argv_wildcards.obj
 0004:00001884       $pdata$__acrt_GetModuleFileNameA 0000000180033884     libucrt:getmodulefilenamea.obj
 0004:00001890       $pdata$??$__acrt_wcs_to_mbs_cp@U__crt_win32_buffer_no_resizing@@@@YAHQEB_WAEAV?$__crt_win32_buffer@DU__crt_win32_buffer_no_resizing@@@@I@Z 0000000180033890     libucrt:getmodulefilenamea.obj
 0004:0000189c       $pdata$__acrt_update_thread_multibyte_data 000000018003389c     libucrt:mbctype.obj
 0004:000018a8       $pdata$__acrt_initialize_multibyte 00000001800338a8     libucrt:mbctype.obj
 0004:000018b4       $pdata$_setmbcp_nolock     00000001800338b4     libucrt:mbctype.obj
 0004:000018c0       $pdata$?getSystemCP@@YAHH@Z 00000001800338c0     libucrt:mbctype.obj
 0004:000018cc       $pdata$?setSBCS@@YAXPEAU__crt_multibyte_data@@@Z 00000001800338cc     libucrt:mbctype.obj
 0004:000018d8       $pdata$?update_thread_multibyte_data_internal@@YAPEAU__crt_multibyte_data@@QEAU__acrt_ptd@@QEAPEAU1@@Z 00000001800338d8     libucrt:mbctype.obj
 0004:000018e4       $pdata$?fin$0@?0??update_thread_multibyte_data_internal@@YAPEAU__crt_multibyte_data@@QEAU__acrt_ptd@@QEAPEAU1@@Z@4HA 00000001800338e4     libucrt:mbctype.obj
 0004:000018f0       $pdata$?setmbcp_internal@@YAHH_NQEAU__acrt_ptd@@QEAPEAU__crt_multibyte_data@@@Z 00000001800338f0     libucrt:mbctype.obj
 0004:000018fc       $pdata$?setSBUpLow@@YAXPEAU__crt_multibyte_data@@@Z 00000001800338fc     libucrt:mbctype.obj
 0004:00001908       $pdata$??$?RV<lambda_efdfa57d1f175319df784efa44bb7b81>@@AEAV<lambda_5f0a4c1567f8adc6734073e5d1e1b35c>@@V<lambda_2e8a7d3640ea6ccb4c2413664c2db6fd>@@@?$__crt_seh_guarded_call@X@@QEAAX$$QEAV<lambda_efdfa57d1f175319df784efa44bb7b81>@@AEAV<lambda_5f0a4c1567f8adc6734073e5d1e1b35c>@@$$QEAV<lambda_2e8a7d3640ea6ccb4c2413664c2db6fd>@@@Z 0000000180033908     libucrt:mbctype.obj
 0004:00001914       $pdata$?x_ismbbtype_l@@YAHPEAU__crt_locale_pointers@@IHH@Z 0000000180033914     libucrt:ismbbyte.obj
 0004:00001920       $pdata$__acrt_initialize_command_line 0000000180033920     libucrt:argv_data.obj
 0004:0000192c       $pdata$__acrt_WideCharToMultiByte 000000018003392c     libucrt:widechartomultibyte.obj
 0004:00001938       $pdata$__dcrt_get_narrow_environment_from_os 0000000180033938     libucrt:get_environment_from_os.obj
 0004:00001944       $pdata$__acrt_initialize_heap 0000000180033944     libucrt:heap_handle.obj
 0004:00001950       $pdata$__acrt_execute_initializers 0000000180033950     libucrt:shared_initialization.obj
 0004:0000195c       $pdata$__acrt_execute_uninitializers 000000018003395c     libucrt:shared_initialization.obj
 0004:00001968       $pdata$__acrt_get_sigabrt_handler 0000000180033968     libucrt:signal.obj
 0004:00001974       $pdata$raise               0000000180033974     libucrt:signal.obj
 0004:00001980       $pdata$raise$fin$0         0000000180033980     libucrt:signal.obj
 0004:0000198c       $pdata$??$?RV<lambda_450d765d439847d4c735a33c368b5fc0>@@AEAV<lambda_44731a7d0e6d81c3e6aa82d741081786>@@V<lambda_601a2a7da3b7a96e9554ac7215c4b07c>@@@?$__crt_seh_guarded_call@P6AXH@Z@@QEAAP6AXH@Z$$QEAV<lambda_450d765d439847d4c735a33c368b5fc0>@@AEAV<lambda_44731a7d0e6d81c3e6aa82d741081786>@@$$QEAV<lambda_601a2a7da3b7a96e9554ac7215c4b07c>@@@Z 000000018003398c     libucrt:signal.obj
 0004:00001998       $pdata$_fflush_nolock      0000000180033998     libucrt:fflush.obj
 0004:000019a4       $pdata$__acrt_stdio_flush_nolock 00000001800339a4     libucrt:fflush.obj
 0004:000019b0       $pdata$?common_flush_all@@YAH_N@Z 00000001800339b0     libucrt:fflush.obj
 0004:000019bc       $pdata$??$?RV<lambda_842d9ff0dc9ef11c61343bbaebe7f885>@@AEAV<lambda_c5860995281e5c4ce005b3de8f5874ee>@@V<lambda_d90129c13df834fdcbf8d2b88dafcf2d>@@@?$__crt_seh_guarded_call@X@@QEAAX$$QEAV<lambda_842d9ff0dc9ef11c61343bbaebe7f885>@@AEAV<lambda_c5860995281e5c4ce005b3de8f5874ee>@@$$QEAV<lambda_d90129c13df834fdcbf8d2b88dafcf2d>@@@Z 00000001800339bc     libucrt:fflush.obj
 0004:000019c8       $pdata$?fin$0@?0???$?RV<lambda_842d9ff0dc9ef11c61343bbaebe7f885>@@AEAV<lambda_c5860995281e5c4ce005b3de8f5874ee>@@V<lambda_d90129c13df834fdcbf8d2b88dafcf2d>@@@?$__crt_seh_guarded_call@X@@QEAAX$$QEAV<lambda_842d9ff0dc9ef11c61343bbaebe7f885>@@AEAV<lambda_c5860995281e5c4ce005b3de8f5874ee>@@$$QEAV<lambda_d90129c13df834fdcbf8d2b88dafcf2d>@@@Z@4HA 00000001800339c8     libucrt:fflush.obj
 0004:000019d4       $pdata$??$?RV<lambda_886d6c58226a84441f68b9f2b8217b83>@@AEAV<lambda_ab61a845afdef5b7c387490eaf3616ee>@@V<lambda_f7f22ab5edc0698d5f6905b0d3f44752>@@@?$__crt_seh_guarded_call@X@@QEAAX$$QEAV<lambda_886d6c58226a84441f68b9f2b8217b83>@@AEAV<lambda_ab61a845afdef5b7c387490eaf3616ee>@@$$QEAV<lambda_f7f22ab5edc0698d5f6905b0d3f44752>@@@Z 00000001800339d4     libucrt:fflush.obj
 0004:000019e0       $pdata$?fin$0@?0???$?RV<lambda_886d6c58226a84441f68b9f2b8217b83>@@AEAV<lambda_ab61a845afdef5b7c387490eaf3616ee>@@V<lambda_f7f22ab5edc0698d5f6905b0d3f44752>@@@?$__crt_seh_guarded_call@X@@QEAAX$$QEAV<lambda_886d6c58226a84441f68b9f2b8217b83>@@AEAV<lambda_ab61a845afdef5b7c387490eaf3616ee>@@$$QEAV<lambda_f7f22ab5edc0698d5f6905b0d3f44752>@@@Z@4HA 00000001800339e0     libucrt:fflush.obj
 0004:000019ec       $pdata$__pctype_func       00000001800339ec     libucrt:ctype.obj
 0004:000019f8       $pdata$iswctype            00000001800339f8     libucrt:iswctype.obj
 0004:00001a04       $pdata$__acrt_release_locale_ref 0000000180033a04     libucrt:locale_refcounting.obj
 0004:00001a10       $pdata$__acrt_free_locale  0000000180033a10     libucrt:locale_refcounting.obj
 0004:00001a1c       $pdata$__acrt_locale_free_lc_time_if_unreferenced 0000000180033a1c     libucrt:locale_refcounting.obj
 0004:00001a28       $pdata$__acrt_update_thread_locale_data 0000000180033a28     libucrt:locale_refcounting.obj
 0004:00001a34       $pdata$__acrt_update_thread_locale_data$fin$0 0000000180033a34     libucrt:locale_refcounting.obj
 0004:00001a40       $pdata$_updatetlocinfoEx_nolock 0000000180033a40     libucrt:locale_refcounting.obj
 0004:00001a4c       $pdata$__acrt_DownlevelLocaleNameToLCID 0000000180033a4c     libucrt:lcidtoname_downlevel.obj
 0004:00001a58       $pdata$_isleadbyte_l       0000000180033a58     libucrt:_wctype.obj
 0004:00001a64       $pdata$?__mbrtowc_utf8@__crt_mbstring@@YA_KPEA_WPEBD_KPEAU_Mbstatet@@@Z 0000000180033a64     libucrt:mbrtowc.obj
 0004:00001a70       $pdata$?__mbsrtowcs_utf8@__crt_mbstring@@YA_KPEA_WPEAPEBD_KPEAU_Mbstatet@@@Z 0000000180033a70     libucrt:mbrtowc.obj
 0004:00001a7c       $pdata$__acrt_fp_strflt_to_string 0000000180033a7c     libucrt:_fptostr.obj
 0004:00001a88       $pdata$__acrt_fltout       0000000180033a88     libucrt:cfout.obj
 0004:00001a94       $pdata$?divide@__crt_strtox@@YA_KAEAUbig_integer@1@AEBU21@@Z 0000000180033a94     libucrt:cfout.obj
 0004:00001aa0       $pdata$0$?divide@__crt_strtox@@YA_KAEAUbig_integer@1@AEBU21@@Z 0000000180033aa0     libucrt:cfout.obj
 0004:00001aac       $pdata$1$?divide@__crt_strtox@@YA_KAEAUbig_integer@1@AEBU21@@Z 0000000180033aac     libucrt:cfout.obj
 0004:00001ab8       $pdata$_fcloseall          0000000180033ab8     libucrt:closeall.obj
 0004:00001ac4       $pdata$_fcloseall$fin$0    0000000180033ac4     libucrt:closeall.obj
 0004:00001ad0       $pdata$__acrt_stdio_free_buffer_nolock 0000000180033ad0     libucrt:_freebuf.obj
 0004:00001adc       $pdata$_isatty             0000000180033adc     libucrt:isatty.obj
 0004:00001ae8       $pdata$__acrt_locale_free_monetary 0000000180033ae8     libucrt:initmon.obj
 0004:00001af4       $pdata$__acrt_locale_free_numeric 0000000180033af4     libucrt:initnum.obj
 0004:00001b00       $pdata$__acrt_locale_free_time 0000000180033b00     libucrt:inittime.obj
 0004:00001b0c       $pdata$?free_crt_array_internal@@YAXQEAPEBX_K@Z 0000000180033b0c     libucrt:inittime.obj
 0004:00001b18       $pdata$__acrt_GetStringTypeA 0000000180033b18     libucrt:getstringtypea.obj
 0004:00001b24       $pdata$_get_osfhandle      0000000180033b24     libucrt:osfinfo.obj
 0004:00001b30       $pdata$_free_osfhnd        0000000180033b30     libucrt:osfinfo.obj
 0004:00001b3c       $pdata$__acrt_lowio_create_handle_array 0000000180033b3c     libucrt:osfinfo.obj
 0004:00001b48       $pdata$__acrt_lowio_destroy_handle_array 0000000180033b48     libucrt:osfinfo.obj
 0004:00001b54       $pdata$__acrt_lowio_ensure_fh_exists 0000000180033b54     libucrt:osfinfo.obj
 0004:00001b60       $pdata$qsort               0000000180033b60     libucrt:qsort.obj
 0004:00001b6c       $pdata$4$qsort             0000000180033b6c     libucrt:qsort.obj
 0004:00001b78       $pdata$5$qsort             0000000180033b78     libucrt:qsort.obj
 0004:00001b84       $pdata$strncpy_s           0000000180033b84     libucrt:strncpy_s.obj
 0004:00001b90       $pdata$strpbrk             0000000180033b90     libucrt:strpbrk.obj
 0004:00001b9c       $pdata$fallbackMethod      0000000180033b9c     libucrt:strpbrk.obj
 0004:00001ba8       $pdata$_mbsdec_l           0000000180033ba8     libucrt:mbsdec.obj
 0004:00001bb4       $pdata$__acrt_LCMapStringA 0000000180033bb4     libucrt:lcmapstringa.obj
 0004:00001bc0       $pdata$?__acrt_LCMapStringA_stat@@YAHPEAU__crt_locale_pointers@@PEB_WKPEBDHPEADHHH@Z 0000000180033bc0     libucrt:lcmapstringa.obj
 0004:00001bcc       $pdata$?initialize_multibyte@@YAHXZ 0000000180033bcc     libucrt:multibyte_initializer.obj
 0004:00001bd8       $pdata$_commit             0000000180033bd8     libucrt:commit.obj
 0004:00001be4       $pdata$??$?RV<lambda_a37b2b86f63e897a80ea819b0eb08c01>@@AEAV<lambda_38ce7e780aa69e748d6df282ebc68efe>@@V<lambda_99fb1378e971ab6e7edea83e3a7a83a2>@@@?$__crt_seh_guarded_call@H@@QEAAH$$QEAV<lambda_a37b2b86f63e897a80ea819b0eb08c01>@@AEAV<lambda_38ce7e780aa69e748d6df282ebc68efe>@@$$QEAV<lambda_99fb1378e971ab6e7edea83e3a7a83a2>@@@Z 0000000180033be4     libucrt:commit.obj
 0004:00001bf0       $pdata$?fin$0@?0???$?RV<lambda_a37b2b86f63e897a80ea819b0eb08c01>@@AEAV<lambda_38ce7e780aa69e748d6df282ebc68efe>@@V<lambda_99fb1378e971ab6e7edea83e3a7a83a2>@@@?$__crt_seh_guarded_call@H@@QEAAH$$QEAV<lambda_a37b2b86f63e897a80ea819b0eb08c01>@@AEAV<lambda_38ce7e780aa69e748d6df282ebc68efe>@@$$QEAV<lambda_99fb1378e971ab6e7edea83e3a7a83a2>@@@Z@4HA 0000000180033bf0     libucrt:commit.obj
 0004:00001bf0       $pdata$?fin$0@?0???$?RV<lambda_751a882b2c74d4b022dec766aa51a29a>@@AEAV<lambda_628dfdc04ba53c8bfc02c9951375f3f5>@@V<lambda_f6c7be5f7998530c34de24c7437d6b54>@@@?$__crt_seh_guarded_call@H@@QEAAH$$QEAV<lambda_751a882b2c74d4b022dec766aa51a29a>@@AEAV<lambda_628dfdc04ba53c8bfc02c9951375f3f5>@@$$QEAV<lambda_f6c7be5f7998530c34de24c7437d6b54>@@@Z@4HA 0000000180033bf0     libucrt:close.obj
 0004:00001bfc       $pdata$_write              0000000180033bfc     libucrt:write.obj
 0004:00001c08       $pdata$_write$fin$0        0000000180033c08     libucrt:write.obj
 0004:00001c14       $pdata$_write_nolock       0000000180033c14     libucrt:write.obj
 0004:00001c20       $pdata$?write_double_translated_ansi_nolock@@YA?AUwrite_result@?A0x17268360@@HQEBDI@Z 0000000180033c20     libucrt:write.obj
 0004:00001c2c       $pdata$?write_text_ansi_nolock@@YA?AUwrite_result@?A0x17268360@@HQEBDI@Z 0000000180033c2c     libucrt:write.obj
 0004:00001c38       $pdata$?write_text_utf16le_nolock@@YA?AUwrite_result@?A0x17268360@@HQEBDI@Z 0000000180033c38     libucrt:write.obj
 0004:00001c44       $pdata$?write_text_utf8_nolock@@YA?AUwrite_result@?A0x17268360@@HQEBDI@Z 0000000180033c44     libucrt:write.obj
 0004:00001c50       $pdata$?__mbrtoc32_utf8@__crt_mbstring@@YA_KPEA_UPEBD_KPEAU_Mbstatet@@@Z 0000000180033c50     libucrt:mbrtoc32.obj
 0004:00001c5c       $pdata$fegetenv            0000000180033c5c     libucrt:fegetenv.obj
 0004:00001c68       $pdata$fesetenv            0000000180033c68     libucrt:fesetenv.obj
 0004:00001c74       $pdata$feholdexcept        0000000180033c74     libucrt:feholdexcept.obj
 0004:00001c8c       $pdata$??$common_lseek_nolock@_J@@YA_JH_JH@Z 0000000180033c8c     libucrt:lseek.obj
 0004:00001c98       $pdata$fclose              0000000180033c98     libucrt:fclose.obj
 0004:00001ca4       $pdata$fclose$fin$0        0000000180033ca4     libucrt:fclose.obj
 0004:00001cb0       $pdata$_fclose_nolock      0000000180033cb0     libucrt:fclose.obj
 0004:00001cbc       $pdata$_putwch_nolock      0000000180033cbc     libucrt:putwch.obj
 0004:00001cc8       $pdata$__acrt_fenv_set_control 0000000180033cc8     libucrt:_fenvutils.obj
 0004:00001cd4       $pdata$_clearfp            0000000180033cd4     libucrt:ieee.obj
 0004:00001ce0       $pdata$_call_matherr       0000000180033ce0     libucrt:libm_error.obj
 0004:00001cec       $pdata$_exception_enabled  0000000180033cec     libucrt:libm_error.obj
 0004:00001cf8       $pdata$_handle_error       0000000180033cf8     libucrt:libm_error.obj
 0004:00001d04       $pdata$__acrt_initialize_fma3 0000000180033d04     libucrt:fma3_available.obj
 0004:00001d10       $pdata$_log_special_common 0000000180033d10     libucrt:log_special.obj
 0004:00001d1c       $pdata$_log10_special      0000000180033d1c     libucrt:log_special.obj
 0004:00001d28       $pdata$_close              0000000180033d28     libucrt:close.obj
 0004:00001d34       $pdata$_close_nolock       0000000180033d34     libucrt:close.obj
 0004:00001d40       $pdata$??$?RV<lambda_751a882b2c74d4b022dec766aa51a29a>@@AEAV<lambda_628dfdc04ba53c8bfc02c9951375f3f5>@@V<lambda_f6c7be5f7998530c34de24c7437d6b54>@@@?$__crt_seh_guarded_call@H@@QEAAH$$QEAV<lambda_751a882b2c74d4b022dec766aa51a29a>@@AEAV<lambda_628dfdc04ba53c8bfc02c9951375f3f5>@@$$QEAV<lambda_f6c7be5f7998530c34de24c7437d6b54>@@@Z 0000000180033d40     libucrt:close.obj
 0004:00001d4c       $pdata$__dcrt_lowio_ensure_console_output_initialized 0000000180033d4c     libucrt:initcon.obj
 0004:00001d58       $pdata$__dcrt_write_console 0000000180033d58     libucrt:initcon.obj
 0004:00001d64       $pdata$__dcrt_terminate_console_output 0000000180033d64     libucrt:initcon.obj
 0004:00001d7c       $pdata$_set_errno_from_matherr 0000000180033d7c     libucrt:fpexcept.obj
 0004:00001d88       $pdata$_raise_exc          0000000180033d88     libucrt:fpexcept.obj
 0004:00001d94       $pdata$_raise_exc_ex       0000000180033d94     libucrt:fpexcept.obj
 0004:00001da0       $pdata$_clrfp              0000000180033da0     libucrt:fpctrl.obj
 0004:00001dac       $pdata$_ctrlfp             0000000180033dac     libucrt:fpctrl.obj
 0004:00001db8       $pdata$_ctrlfp$filt$0      0000000180033db8     libucrt:fpctrl.obj
 0004:00001dc4       $pdata$_statfp             0000000180033dc4     libucrt:fpctrl.obj
 0004:00001dd0       $pdata$_set_statfp         0000000180033dd0     libucrt:fpctrl.obj
 0004:00001ddc       $pdata$_IsNonwritableInCurrentImage 0000000180033ddc     LIBCMT:pesect.obj
 0004:00001de8       $pdata$_IsNonwritableInCurrentImage$filt$0 0000000180033de8     LIBCMT:pesect.obj
 0005:00000000       MoveSmall                  0000000180034000     libvcruntime:memcpy.obj
 0005:00000050       MsetTab                    0000000180034050     libvcruntime:memset.obj
 0006:00000220       $R000000                   0000000180035220     Keylock.res
 0006:00000b80       $R000960                   0000000180035b80     Keylock.res
 0006:00000c68       $R000A48                   0000000180035c68     Keylock.res
 0006:00000ed0       $R000CB0                   0000000180035ed0     Keylock.res
 0006:000013e0       $R0011C0                   00000001800363e0     Keylock.res
 0006:000038d0       $R0036B0                   00000001800388d0     Keylock.res
 0006:00003900       $R0036E0                   0000000180038900     Keylock.res
