 OPOSPOSKeyboard

 Timestamp is 5b863e79 (Wed Aug 29 15:34:33 2018)

 Preferred load address is 0000000180000000

 Start         Length     Name                   Class
 0001:00000000 000000c0H .text$di                CODE
 0001:000000c0 0001f4f0H .text$mn                CODE
 0001:0001f5b0 00000020H .text$mn$00             CODE
 0001:0001f5d0 00000400H .text$x                 CODE
 0001:0001f9d0 000000c0H .text$yd                CODE
 0002:00000000 00000618H .idata$5                DATA
 0002:00000618 00000010H .00cfg                  DATA
 0002:00000628 00000008H .CRT$XCA                DATA
 0002:00000630 00000008H .CRT$XCL                DATA
 0002:00000638 00000020H .CRT$XCU                DATA
 0002:00000658 00000008H .CRT$XCZ                DATA
 0002:00000660 00000008H .CRT$XIA                DATA
 0002:00000668 00000020H .CRT$XIC                DATA
 0002:00000688 00000008H .CRT$XIZ                DATA
 0002:00000690 00000008H .CRT$XLA                DATA
 0002:00000698 00000008H .CRT$XLZ                DATA
 0002:000006a0 00000008H .CRT$XPA                DATA
 0002:000006a8 00000010H .CRT$XPX                DATA
 0002:000006b8 00000008H .CRT$XPXA               DATA
 0002:000006c0 00000008H .CRT$XPZ                DATA
 0002:000006c8 00000008H .CRT$XTA                DATA
 0002:000006d0 00000010H .CRT$XTZ                DATA
 0002:000006d8 00000000H .gfids$y                DATA
 0002:000006e0 00009fe0H .rdata                  DATA
 0002:0000a6c0 00000028H .rdata$T                DATA
 0002:0000a6e8 00000274H .rdata$r                DATA
 0002:0000a95c 000003fcH .rdata$zzzdbg           DATA
 0002:0000ad58 00000008H .rtc$IAA                DATA
 0002:0000ad60 00000008H .rtc$IZZ                DATA
 0002:0000ad68 00000008H .rtc$TAA                DATA
 0002:0000ad70 00000008H .rtc$TZZ                DATA
 0002:0000ad78 00000004H .tls                    DATA
 0002:0000ad7c 00000004H .tls$                   DATA
 0002:0000ad80 00000008H .tls$ZZZ                DATA
 0002:0000ad88 00001698H .xdata                  DATA
 0002:0000c420 00000150H .xdata$x                DATA
 0002:0000c570 00000008H ATL$__a                 DATA
 0002:0000c578 00000008H ATL$__z                 DATA
 0002:0000c580 000000acH .edata                  DATA
 0002:0000c62c 00000078H .idata$2                DATA
 0002:0000c6a4 00000014H .idata$3                DATA
 0002:0000c6b8 00000618H .idata$4                DATA
 0002:0000ccd0 00000c1cH .idata$6                DATA
 0003:00000000 00000c68H .data                   DATA
 0003:00000c68 000000c8H .data$r                 DATA
 0003:00000d30 000013fcH .bss                    DATA
 0004:00000000 00001e78H .pdata                  DATA
 0005:00000000 00000220H .rsrc$01                DATA
 0005:00000220 00003ab8H .rsrc$02                DATA

  Address         Publics by Value              Rva+Base               Lib:Object

 0000:00000000       __guard_fids_count         0000000000000000     <absolute>
 0000:00000000       __hybrid_code_map          0000000000000000     <absolute>
 0000:00000000       __guard_longjmp_count      0000000000000000     <absolute>
 0000:00000000       __guard_iat_count          0000000000000000     <absolute>
 0000:00000000       __guard_longjmp_table      0000000000000000     <absolute>
 0000:00000000       __volatile_metadata        0000000000000000     <absolute>
 0000:00000000       __guard_iat_table          0000000000000000     <absolute>
 0000:00000000       __hybrid_code_map_count    0000000000000000     <absolute>
 0000:00000000       __enclave_config           0000000000000000     <absolute>
 0000:00000000       ___safe_se_handler_count   0000000000000000     <absolute>
 0000:00000000       ___safe_se_handler_table   0000000000000000     <absolute>
 0000:00000000       __guard_fids_table         0000000000000000     <absolute>
 0000:00000000       __hybrid_auxiliary_iat     0000000000000000     <absolute>
 0000:00000000       __dynamic_value_reloc_table 0000000000000000     <absolute>
 0000:00000100       __guard_flags              0000000000000100     <absolute>
 0000:00000000       __ImageBase                0000000180000000     <linker-defined>
 0001:000000c0       ?DupWide@_CW@@AEAAXXZ      00000001800010c0 f   CWString.obj
 0001:000000e8       ?cw_dup@@YAXPEBDAEAHAEAPEA_W1@Z 00000001800010e8 f   CWString.obj
 0001:00000194       ?cw_memcpy@@YAHPEA_WPEBDH@Z 0000000180001194 f   CWString.obj
 0001:000001e0       ?cw_strcpy@@YAHPEA_WPEBD@Z 00000001800011e0 f   CWString.obj
 0001:000001f4       ??0CAtlComModule@ATL@@QEAA@XZ 00000001800011f4 f i OposVariant.obj
 0001:0000027c       ??0CAtlWinModule@ATL@@QEAA@XZ 000000018000127c f i OposVariant.obj
 0001:000002f0       ??0OposDispParms@@QEAA@PEAVOposVariant@@H@Z 00000001800012f0 f   OposVariant.obj
 0001:00000398       ??1OposDispParms@@QEAA@XZ  0000000180001398 f   OposVariant.obj
 0001:000003b0       ??_Estringdispid@CComTypeInfoHolder@ATL@@QEAAPEAXI@Z 00000001800013b0 f i OposVariant.obj
 0001:00000454       ?AtlWinModuleTerm@ATL@@YAJPEAU_ATL_WIN_MODULE70@1@PEAUHINSTANCE__@@@Z 0000000180001454 f i OposVariant.obj
 0001:00000504       ?ChangeBSTR@OposVariant@@QEAAXPEAPEA_WAEAJ@Z 0000000180001504 f   OposVariant.obj
 0001:00000564       ?ChangeLONG@OposVariant@@QEAAXPEAJAEAJ@Z 0000000180001564 f   OposVariant.obj
 0001:000005c0       ?GetLONG@OposVariant@@QEAAJXZ 00000001800015c0 f   OposVariant.obj
 0001:000005e4       ?SetBSTR@OposVariant@@QEAAXPEA_WAEAJ@Z 00000001800015e4 f   OposVariant.obj
 0001:00000624       ?SetBSTR_Copy@OposVariant@@QEAAXPEA_WAEAJ@Z 0000000180001624 f   OposVariant.obj
 0001:00000694       ?SetBSTR_InOutPtr@OposVariant@@QEAA_NPEAPEA_WAEAJ@Z 0000000180001694 f   OposVariant.obj
 0001:000006e4       ?SetDispatch_Ptr@OposVariant@@QEAAXPEAUIDispatch@@AEAJ@Z 00000001800016e4 f   OposVariant.obj
 0001:0000073c       ?SetLONG@OposVariant@@QEAAXJ@Z 000000018000173c f   OposVariant.obj
 0001:0000076c       ?SetLONG_Ptr@OposVariant@@QEAAXPEAJAEAJ@Z 000000018000176c f   OposVariant.obj
 0001:000007b8       ?SetString@OposVariant@@QEAAXPEB_WAEAJ@Z 00000001800017b8 f   OposVariant.obj
 0001:0000081c       ?SetVARIANT_BOOL@OposVariant@@QEAAXF@Z 000000018000181c f   OposVariant.obj
 0001:00000854       ?Term@CAtlComModule@ATL@@QEAAXXZ 0000000180001854 f i OposVariant.obj
 0001:000008c4       ?_AtlInitializeCriticalSectionEx@ATL@@YAHPEAU_RTL_CRITICAL_SECTION@@KK@Z 00000001800018c4 f i OposVariant.obj
 0001:000008cc       ?_AtlRaiseException@ATL@@YAXKK@Z 00000001800018cc f i OposVariant.obj
 0001:000008dc       ?CreateInstance@?$CComCreator@V?$CComObjectCached@VCComClassFactory@ATL@@@ATL@@@ATL@@SAJPEAXAEBU_GUID@@PEAPEAX@Z 00000001800018dc f i POSKeyboard.obj
 0001:000009dc       ?CreateInstance@?$CComCreator2@V?$CComCreator@V?$CComObject@VCOPOSPOSKeyboard@@@ATL@@@ATL@@V?$CComCreator@V?$CComAggObject@VCOPOSPOSKeyboard@@@ATL@@@2@@ATL@@SAJPEAXAEBU_GUID@@PEAPEAX@Z 00000001800019dc f i POSKeyboard.obj
 0001:000009ec       ?SetColorScheme@?$IOleObjectImpl@VCOPOSPOSKeyboard@@@ATL@@UEAAJPEAUtagLOGPALETTE@@@Z 00000001800019ec f i POSKeyboard.obj
 0001:000009ec       ?GetClipboardData@?$IOleObjectImpl@VCOPOSPOSKeyboard@@@ATL@@UEAAJKPEAPEAUIDataObject@@@Z 00000001800019ec f i POSKeyboard.obj
 0001:000009ec       ?SetData@?$IDataObjectImpl@VCOPOSPOSKeyboard@@@ATL@@UEAAJPEAUtagFORMATETC@@PEAUtagSTGMEDIUM@@H@Z 00000001800019ec f i POSKeyboard.obj
 0001:000009ec       ?SOOutputCompleteDummy@COPOSPOSKeyboard@@MEAAJJ@Z 00000001800019ec f i POSKeyboard.obj
 0001:000009ec       ?EnumFormatEtc@?$IDataObjectImpl@VCOPOSPOSKeyboard@@@ATL@@UEAAJKPEAPEAUIEnumFORMATETC@@@Z 00000001800019ec f i POSKeyboard.obj
 0001:000009ec       ?Freeze@?$IViewObjectExImpl@VCOPOSPOSKeyboard@@@ATL@@UEAAJKJPEAXPEAK@Z 00000001800019ec f i POSKeyboard.obj
 0001:000009ec       ?GetCanonicalFormatEtc@?$IDataObjectImpl@VCOPOSPOSKeyboard@@@ATL@@UEAAJPEAUtagFORMATETC@@0@Z 00000001800019ec f i POSKeyboard.obj
 0001:000009ec       ?ContextSensitiveHelp@?$IOleInPlaceActiveObjectImpl@VCOPOSPOSKeyboard@@@ATL@@UEAAJH@Z 00000001800019ec f i POSKeyboard.obj
 0001:000009ec       ?GetDropTarget@?$IOleInPlaceObjectWindowlessImpl@VCOPOSPOSKeyboard@@@ATL@@UEAAJPEAPEAUIDropTarget@@@Z 00000001800019ec f i POSKeyboard.obj
 0001:000009ec       ?GetRect@?$IViewObjectExImpl@VCOPOSPOSKeyboard@@@ATL@@UEAAJKPEAU_RECTL@@@Z 00000001800019ec f i POSKeyboard.obj
 0001:000009ec       ?GetColorSet@?$IViewObjectExImpl@VCOPOSPOSKeyboard@@@ATL@@UEAAJKJPEAXPEAUtagDVTARGETDEVICE@@PEAUHDC__@@PEAPEAUtagLOGPALETTE@@@Z 00000001800019ec f i POSKeyboard.obj
 0001:000009ec       ?GetDataHere@?$IDataObjectImpl@VCOPOSPOSKeyboard@@@ATL@@UEAAJPEAUtagFORMATETC@@PEAUtagSTGMEDIUM@@@Z 00000001800019ec f i POSKeyboard.obj
 0001:000009ec       ?GetControlInfo@?$IOleControlImpl@VCOPOSPOSKeyboard@@@ATL@@UEAAJPEAUtagCONTROLINFO@@@Z 00000001800019ec f i POSKeyboard.obj
 0001:000009ec       ?QueryInterface@CRegObject@ATL@@UEAAJAEBU_GUID@@PEAPEAX@Z 00000001800019ec f i POSKeyboard.obj
 0001:000009ec       ?ContextSensitiveHelp@?$IOleInPlaceObjectWindowlessImpl@VCOPOSPOSKeyboard@@@ATL@@UEAAJH@Z 00000001800019ec f i POSKeyboard.obj
 0001:000009ec       ?Unfreeze@?$IViewObjectExImpl@VCOPOSPOSKeyboard@@@ATL@@UEAAJK@Z 00000001800019ec f i POSKeyboard.obj
 0001:000009ec       ?InitFromData@?$IOleObjectImpl@VCOPOSPOSKeyboard@@@ATL@@UEAAJPEAUIDataObject@@HK@Z 00000001800019ec f i POSKeyboard.obj
 0001:000009ec       ?ReactivateAndUndo@?$IOleInPlaceObjectWindowlessImpl@VCOPOSPOSKeyboard@@@ATL@@UEAAJXZ 00000001800019ec f i POSKeyboard.obj
 0001:000009ec       ?GetMoniker@?$IOleObjectImpl@VCOPOSPOSKeyboard@@@ATL@@UEAAJKKPEAPEAUIMoniker@@@Z 00000001800019ec f i POSKeyboard.obj
 0001:000009ec       ?QueryGetData@?$IDataObjectImpl@VCOPOSPOSKeyboard@@@ATL@@UEAAJPEAUtagFORMATETC@@@Z 00000001800019ec f i POSKeyboard.obj
 0001:000009ec       ?SetMoniker@?$IOleObjectImpl@VCOPOSPOSKeyboard@@@ATL@@UEAAJKPEAUIMoniker@@@Z 00000001800019ec f i POSKeyboard.obj
 0001:000009ec       ?OnMnemonic@?$IOleControlImpl@VCOPOSPOSKeyboard@@@ATL@@UEAAJPEAUtagMSG@@@Z 00000001800019ec f i POSKeyboard.obj
 0001:000009f4       ?AddRef@CRegObject@ATL@@UEAAKXZ 00000001800019f4 f i POSKeyboard.obj
 0001:000009f4       ?FAccessAllowed@?$IObjectSafetyImpl@VCOPOSPOSKeyboard@@$02@ATL@@MEAAHXZ 00000001800019f4 f i POSKeyboard.obj
 0001:000009fc       ?Release@CRegObject@ATL@@UEAAKXZ 00000001800019fc f i POSKeyboard.obj
 0001:000009fc       ?SaveCompleted@?$IPersistStorageImpl@VCOPOSPOSKeyboard@@@ATL@@UEAAJPEAUIStorage@@@Z 00000001800019fc f i POSKeyboard.obj
 0001:000009fc       ?Update@?$IOleObjectImpl@VCOPOSPOSKeyboard@@@ATL@@UEAAJXZ 00000001800019fc f i POSKeyboard.obj
 0001:000009fc       ?HandsOffStorage@?$IPersistStorageImpl@VCOPOSPOSKeyboard@@@ATL@@UEAAJXZ 00000001800019fc f i POSKeyboard.obj
 0001:000009fc       ?OnAmbientPropertyChange@?$IOleControlImpl@VCOPOSPOSKeyboard@@@ATL@@UEAAJJ@Z 00000001800019fc f i POSKeyboard.obj
 0001:000009fc       ?SetHostNames@?$IOleObjectImpl@VCOPOSPOSKeyboard@@@ATL@@UEAAJPEB_W0@Z 00000001800019fc f i POSKeyboard.obj
 0001:000009fc       ?ResizeBorder@?$IOleInPlaceActiveObjectImpl@VCOPOSPOSKeyboard@@@ATL@@UEAAJPEBUtagRECT@@PEAUIOleInPlaceUIWindow@@H@Z 00000001800019fc f i POSKeyboard.obj
 0001:000009fc       ?IsUpToDate@?$IOleObjectImpl@VCOPOSPOSKeyboard@@@ATL@@UEAAJXZ 00000001800019fc f i POSKeyboard.obj
 0001:000009fc       ?EnableModeless@?$IOleInPlaceActiveObjectImpl@VCOPOSPOSKeyboard@@@ATL@@UEAAJH@Z 00000001800019fc f i POSKeyboard.obj
 0001:000009fc       ?OnFrameWindowActivate@?$IOleInPlaceActiveObjectImpl@VCOPOSPOSKeyboard@@@ATL@@UEAAJH@Z 00000001800019fc f i POSKeyboard.obj
 0001:000009fc       ?GetObjectDescription@?$CComCoClass@VCOPOSPOSKeyboard@@$1?CLSID_OPOSPOSKeyboard@@3U_GUID@@B@ATL@@SAPEB_WXZ 00000001800019fc f i POSKeyboard.obj
 0001:000009fc       ?GetCategoryMap@CComObjectRootBase@ATL@@SAPEBU_ATL_CATMAP_ENTRY@2@XZ 00000001800019fc f i POSKeyboard.obj
 0001:00000a00       ?AddReplacement@CRegObject@ATL@@UEAAJPEB_W0@Z 0000000180001a00 f i POSKeyboard.obj
 0001:00000a30       ?ClearReplacements@CRegObject@ATL@@UEAAJXZ 0000000180001a30 f i POSKeyboard.obj
 0001:00000a3c       ?Next@?$CComEnumImpl@UIEnumConnectionPoints@@$1?_GUID_b196b285_bab4_101a_b69c_00aa00341d07@@3U__s_GUID@@BPEAUIConnectionPoint@@V?$_CopyInterface@UIConnectionPoint@@@ATL@@@ATL@@UEAAJKPEAPEAUIConnectionPoint@@PEAK@Z 0000000180001a3c f i POSKeyboard.obj
 0001:00000b08       ?Skip@?$CComEnumImpl@UIEnumConnectionPoints@@$1?_GUID_b196b285_bab4_101a_b69c_00aa00341d07@@3U__s_GUID@@BPEAUIConnectionPoint@@V?$_CopyInterface@UIConnectionPoint@@@ATL@@@ATL@@UEAAJK@Z 0000000180001b08 f i POSKeyboard.obj
 0001:00000b34       ?Reset@?$CComEnumImpl@UIEnumConnections@@$1?_GUID_b196b287_bab4_101a_b69c_00aa00341d07@@3U__s_GUID@@BUtagCONNECTDATA@@V?$_Copy@UtagCONNECTDATA@@@ATL@@@ATL@@UEAAJXZ 0000000180001b34 f i POSKeyboard.obj
 0001:00000b34       ?Reset@?$CComEnumImpl@UIEnumConnectionPoints@@$1?_GUID_b196b285_bab4_101a_b69c_00aa00341d07@@3U__s_GUID@@BPEAUIConnectionPoint@@V?$_CopyInterface@UIConnectionPoint@@@ATL@@@ATL@@UEAAJXZ 0000000180001b34 f i POSKeyboard.obj
 0001:00000b40       ?Clone@?$CComEnumImpl@UIEnumConnectionPoints@@$1?_GUID_b196b285_bab4_101a_b69c_00aa00341d07@@3U__s_GUID@@BPEAUIConnectionPoint@@V?$_CopyInterface@UIConnectionPoint@@@ATL@@@ATL@@UEAAJPEAPEAUIEnumConnectionPoints@@@Z 0000000180001b40 f i POSKeyboard.obj
 0001:00000c68       ??_GCRegObject@ATL@@UEAAPEAXI@Z 0000000180001c68 f i POSKeyboard.obj
 0001:00000c68       ??_ECRegObject@ATL@@UEAAPEAXI@Z 0000000180001c68 f i POSKeyboard.obj
 0001:00000ce8       ?AddRef@?$CComObject@V?$CComEnum@UIEnumConnections@@$1?_GUID_b196b287_bab4_101a_b69c_00aa00341d07@@3U__s_GUID@@BUtagCONNECTDATA@@V?$_Copy@UtagCONNECTDATA@@@ATL@@VCComSingleThreadModel@6@@ATL@@@ATL@@UEAAKXZ 0000000180001ce8 f i POSKeyboard.obj
 0001:00000ce8       ?AddRef@?$CComObject@V?$CComEnum@UIEnumConnectionPoints@@$1?_GUID_b196b285_bab4_101a_b69c_00aa00341d07@@3U__s_GUID@@BPEAUIConnectionPoint@@V?$_CopyInterface@UIConnectionPoint@@@ATL@@VCComSingleThreadModel@6@@ATL@@@ATL@@UEAAKXZ 0000000180001ce8 f i POSKeyboard.obj
 0001:00000cf4       ?Release@?$CComObject@V?$CComEnum@UIEnumConnectionPoints@@$1?_GUID_b196b285_bab4_101a_b69c_00aa00341d07@@3U__s_GUID@@BPEAUIConnectionPoint@@V?$_CopyInterface@UIConnectionPoint@@@ATL@@VCComSingleThreadModel@6@@ATL@@@ATL@@UEAAKXZ 0000000180001cf4 f i POSKeyboard.obj
 0001:00000cf4       ?Release@?$CComObject@V?$CComEnum@UIEnumConnections@@$1?_GUID_b196b287_bab4_101a_b69c_00aa00341d07@@3U__s_GUID@@BUtagCONNECTDATA@@V?$_Copy@UtagCONNECTDATA@@@ATL@@VCComSingleThreadModel@6@@ATL@@@ATL@@UEAAKXZ 0000000180001cf4 f i POSKeyboard.obj
 0001:00000d48       ?QueryInterface@?$CComObject@V?$CComEnum@UIEnumConnectionPoints@@$1?_GUID_b196b285_bab4_101a_b69c_00aa00341d07@@3U__s_GUID@@BPEAUIConnectionPoint@@V?$_CopyInterface@UIConnectionPoint@@@ATL@@VCComSingleThreadModel@6@@ATL@@@ATL@@UEAAJAEBU_GUID@@PEAPEAX@Z 0000000180001d48 f i POSKeyboard.obj
 0001:00000d5c       ??_G?$CComObject@V?$CComEnum@UIEnumConnectionPoints@@$1?_GUID_b196b285_bab4_101a_b69c_00aa00341d07@@3U__s_GUID@@BPEAUIConnectionPoint@@V?$_CopyInterface@UIConnectionPoint@@@ATL@@VCComSingleThreadModel@6@@ATL@@@ATL@@UEAAPEAXI@Z 0000000180001d5c f i POSKeyboard.obj
 0001:00000d5c       ??_E?$CComObject@V?$CComEnum@UIEnumConnectionPoints@@$1?_GUID_b196b285_bab4_101a_b69c_00aa00341d07@@3U__s_GUID@@BPEAUIConnectionPoint@@V?$_CopyInterface@UIConnectionPoint@@@ATL@@VCComSingleThreadModel@6@@ATL@@@ATL@@UEAAPEAXI@Z 0000000180001d5c f i POSKeyboard.obj
 0001:00000db4       ?AddRef@?$CComObjectCached@VCComClassFactory@ATL@@@ATL@@UEAAKXZ 0000000180001db4 f i POSKeyboard.obj
 0001:00000de0       ?Release@?$CComObjectCached@VCComClassFactory@ATL@@@ATL@@UEAAKXZ 0000000180001de0 f i POSKeyboard.obj
 0001:00000e20       ?QueryInterface@?$CComObjectCached@VCComClassFactory@ATL@@@ATL@@UEAAJAEBU_GUID@@PEAPEAX@Z 0000000180001e20 f i POSKeyboard.obj
 0001:00000e34       ??_G?$CComObjectCached@VCComClassFactory@ATL@@@ATL@@UEAAPEAXI@Z 0000000180001e34 f i POSKeyboard.obj
 0001:00000e34       ??_E?$CComObjectCached@VCComClassFactory@ATL@@@ATL@@UEAAPEAXI@Z 0000000180001e34 f i POSKeyboard.obj
 0001:00000e8c       ?AddRef@?$CComAggObject@VCOPOSPOSKeyboard@@@ATL@@UEAAKXZ 0000000180001e8c f i POSKeyboard.obj
 0001:00000e98       ?Release@?$CComAggObject@VCOPOSPOSKeyboard@@@ATL@@UEAAKXZ 0000000180001e98 f i POSKeyboard.obj
 0001:00000eec       ?QueryInterface@?$CComAggObject@VCOPOSPOSKeyboard@@@ATL@@UEAAJAEBU_GUID@@PEAPEAX@Z 0000000180001eec f i POSKeyboard.obj
 0001:00000f4c       ?AddRef@?$CComContainedObject@VCOPOSPOSKeyboard@@@ATL@@UEAAKXZ 0000000180001f4c f i POSKeyboard.obj
 0001:00000f5c       ?Release@?$CComContainedObject@VCOPOSPOSKeyboard@@@ATL@@UEAAKXZ 0000000180001f5c f i POSKeyboard.obj
 0001:00000f6c       ?QueryInterface@?$CComContainedObject@VCOPOSPOSKeyboard@@@ATL@@UEAAJAEBU_GUID@@PEAPEAX@Z 0000000180001f6c f i POSKeyboard.obj
 0001:00000f7c       ??_E?$CComAggObject@VCOPOSPOSKeyboard@@@ATL@@UEAAPEAXI@Z 0000000180001f7c f i POSKeyboard.obj
 0001:00000f7c       ??_G?$CComAggObject@VCOPOSPOSKeyboard@@@ATL@@UEAAPEAXI@Z 0000000180001f7c f i POSKeyboard.obj
 0001:00000fd4       ?AddRef@?$CComObject@VCOPOSPOSKeyboard@@@ATL@@UEAAKXZ 0000000180001fd4 f i POSKeyboard.obj
 0001:00000fe4       ?Release@?$CComObject@VCOPOSPOSKeyboard@@@ATL@@UEAAKXZ 0000000180001fe4 f i POSKeyboard.obj
 0001:0000103c       ?QueryInterface@?$CComObject@VCOPOSPOSKeyboard@@@ATL@@UEAAJAEBU_GUID@@PEAPEAX@Z 000000018000203c f i POSKeyboard.obj
 0001:00001050       ?OnDrawAdvanced@CComControlBase@ATL@@UEAAJAEAUATL_DRAWINFO@@@Z 0000000180002050 f i POSKeyboard.obj
 0001:00001170       ?OnFinalMessage@?$CWindowImplBaseT@VCWindow@ATL@@V?$CWinTraits@$0FGAAAAAA@$0A@@2@@ATL@@UEAAXPEAUHWND__@@@Z 0000000180002170 f i POSKeyboard.obj
 0001:00001170       ?ObjectMain@CComObjectRootBase@ATL@@SAX_N@Z 0000000180002170 f i POSKeyboard.obj
 0001:00001174       ?Next@?$CComEnumImpl@UIEnumConnections@@$1?_GUID_b196b287_bab4_101a_b69c_00aa00341d07@@3U__s_GUID@@BUtagCONNECTDATA@@V?$_Copy@UtagCONNECTDATA@@@ATL@@@ATL@@UEAAJKPEAUtagCONNECTDATA@@PEAK@Z 0000000180002174 f i POSKeyboard.obj
 0001:00001248       ?Skip@?$CComEnumImpl@UIEnumConnections@@$1?_GUID_b196b287_bab4_101a_b69c_00aa00341d07@@3U__s_GUID@@BUtagCONNECTDATA@@V?$_Copy@UtagCONNECTDATA@@@ATL@@@ATL@@UEAAJK@Z 0000000180002248 f i POSKeyboard.obj
 0001:00001274       ?Clone@?$CComEnumImpl@UIEnumConnections@@$1?_GUID_b196b287_bab4_101a_b69c_00aa00341d07@@3U__s_GUID@@BUtagCONNECTDATA@@V?$_Copy@UtagCONNECTDATA@@@ATL@@@ATL@@UEAAJPEAPEAUIEnumConnections@@@Z 0000000180002274 f i POSKeyboard.obj
 0001:0000139c       ?CreateInstance@CComClassFactory@ATL@@UEAAJPEAUIUnknown@@AEBU_GUID@@PEAPEAX@Z 000000018000239c f i POSKeyboard.obj
 0001:000013fc       ?LockServer@CComClassFactory@ATL@@UEAAJH@Z 00000001800023fc f i POSKeyboard.obj
 0001:00001420       ??_GCComClassFactory@ATL@@UEAAPEAXI@Z 0000000180002420 f i POSKeyboard.obj
 0001:00001420       ??_ECComClassFactory@ATL@@UEAAPEAXI@Z 0000000180002420 f i POSKeyboard.obj
 0001:00001470       ?QueryInterface@?$CComObject@V?$CComEnum@UIEnumConnections@@$1?_GUID_b196b287_bab4_101a_b69c_00aa00341d07@@3U__s_GUID@@BUtagCONNECTDATA@@V?$_Copy@UtagCONNECTDATA@@@ATL@@VCComSingleThreadModel@6@@ATL@@@ATL@@UEAAJAEBU_GUID@@PEAPEAX@Z 0000000180002470 f i POSKeyboard.obj
 0001:00001484       ??_G?$CComObject@V?$CComEnum@UIEnumConnections@@$1?_GUID_b196b287_bab4_101a_b69c_00aa00341d07@@3U__s_GUID@@BUtagCONNECTDATA@@V?$_Copy@UtagCONNECTDATA@@@ATL@@VCComSingleThreadModel@6@@ATL@@@ATL@@UEAAPEAXI@Z 0000000180002484 f i POSKeyboard.obj
 0001:00001484       ??_E?$CComObject@V?$CComEnum@UIEnumConnections@@$1?_GUID_b196b287_bab4_101a_b69c_00aa00341d07@@3U__s_GUID@@BUtagCONNECTDATA@@V?$_Copy@UtagCONNECTDATA@@@ATL@@VCComSingleThreadModel@6@@ATL@@@ATL@@UEAAPEAXI@Z 0000000180002484 f i POSKeyboard.obj
 0001:000014dc       ??_E?$CComObject@VCOPOSPOSKeyboard@@@ATL@@W7EAAPEAXI@Z 00000001800024dc f i POSKeyboard.obj
 0001:000014e8       ??_E?$CComObject@VCOPOSPOSKeyboard@@@ATL@@WHA@EAAPEAXI@Z 00000001800024e8 f i POSKeyboard.obj
 0001:000014f4       ?QueryInterface@?$CComObject@VCOPOSPOSKeyboard@@@ATL@@WLI@EAAJAEBU_GUID@@PEAPEAX@Z 00000001800024f4 f i POSKeyboard.obj
 0001:00001500       ?AddRef@?$CComObject@VCOPOSPOSKeyboard@@@ATL@@WLI@EAAKXZ 0000000180002500 f i POSKeyboard.obj
 0001:0000150c       ?Release@?$CComObject@VCOPOSPOSKeyboard@@@ATL@@WLI@EAAKXZ 000000018000250c f i POSKeyboard.obj
 0001:00001518       ?QueryInterface@?$CComObject@VCOPOSPOSKeyboard@@@ATL@@WMA@EAAJAEBU_GUID@@PEAPEAX@Z 0000000180002518 f i POSKeyboard.obj
 0001:00001524       ?AddRef@?$CComObject@VCOPOSPOSKeyboard@@@ATL@@WMA@EAAKXZ 0000000180002524 f i POSKeyboard.obj
 0001:00001530       ?Release@?$CComObject@VCOPOSPOSKeyboard@@@ATL@@WMA@EAAKXZ 0000000180002530 f i POSKeyboard.obj
 0001:0000153c       ?QueryInterface@?$CComObject@VCOPOSPOSKeyboard@@@ATL@@WMI@EAAJAEBU_GUID@@PEAPEAX@Z 000000018000253c f i POSKeyboard.obj
 0001:00001548       ?AddRef@?$CComObject@VCOPOSPOSKeyboard@@@ATL@@WMI@EAAKXZ 0000000180002548 f i POSKeyboard.obj
 0001:00001554       ?Release@?$CComObject@VCOPOSPOSKeyboard@@@ATL@@WMI@EAAKXZ 0000000180002554 f i POSKeyboard.obj
 0001:00001560       ?QueryInterface@?$CComObject@VCOPOSPOSKeyboard@@@ATL@@WNA@EAAJAEBU_GUID@@PEAPEAX@Z 0000000180002560 f i POSKeyboard.obj
 0001:0000156c       ?AddRef@?$CComObject@VCOPOSPOSKeyboard@@@ATL@@WNA@EAAKXZ 000000018000256c f i POSKeyboard.obj
 0001:00001578       ?Release@?$CComObject@VCOPOSPOSKeyboard@@@ATL@@WNA@EAAKXZ 0000000180002578 f i POSKeyboard.obj
 0001:00001584       ?QueryInterface@?$CComObject@VCOPOSPOSKeyboard@@@ATL@@WNI@EAAJAEBU_GUID@@PEAPEAX@Z 0000000180002584 f i POSKeyboard.obj
 0001:00001590       ?AddRef@?$CComObject@VCOPOSPOSKeyboard@@@ATL@@WNI@EAAKXZ 0000000180002590 f i POSKeyboard.obj
 0001:0000159c       ?Release@?$CComObject@VCOPOSPOSKeyboard@@@ATL@@WNI@EAAKXZ 000000018000259c f i POSKeyboard.obj
 0001:000015a8       ?QueryInterface@?$CComObject@VCOPOSPOSKeyboard@@@ATL@@WOA@EAAJAEBU_GUID@@PEAPEAX@Z 00000001800025a8 f i POSKeyboard.obj
 0001:000015b4       ?AddRef@?$CComObject@VCOPOSPOSKeyboard@@@ATL@@WOA@EAAKXZ 00000001800025b4 f i POSKeyboard.obj
 0001:000015c0       ?Release@?$CComObject@VCOPOSPOSKeyboard@@@ATL@@WOA@EAAKXZ 00000001800025c0 f i POSKeyboard.obj
 0001:000015cc       ?QueryInterface@?$CComObject@VCOPOSPOSKeyboard@@@ATL@@WOI@EAAJAEBU_GUID@@PEAPEAX@Z 00000001800025cc f i POSKeyboard.obj
 0001:000015d8       ?AddRef@?$CComObject@VCOPOSPOSKeyboard@@@ATL@@WOI@EAAKXZ 00000001800025d8 f i POSKeyboard.obj
 0001:000015e4       ?Release@?$CComObject@VCOPOSPOSKeyboard@@@ATL@@WOI@EAAKXZ 00000001800025e4 f i POSKeyboard.obj
 0001:000015f0       ?QueryInterface@?$CComObject@VCOPOSPOSKeyboard@@@ATL@@WPA@EAAJAEBU_GUID@@PEAPEAX@Z 00000001800025f0 f i POSKeyboard.obj
 0001:000015fc       ?AddRef@?$CComObject@VCOPOSPOSKeyboard@@@ATL@@WPA@EAAKXZ 00000001800025fc f i POSKeyboard.obj
 0001:00001608       ?Release@?$CComObject@VCOPOSPOSKeyboard@@@ATL@@WPA@EAAKXZ 0000000180002608 f i POSKeyboard.obj
 0001:00001614       ?QueryInterface@?$CComObject@VCOPOSPOSKeyboard@@@ATL@@WPI@EAAJAEBU_GUID@@PEAPEAX@Z 0000000180002614 f i POSKeyboard.obj
 0001:00001620       ?AddRef@?$CComObject@VCOPOSPOSKeyboard@@@ATL@@WPI@EAAKXZ 0000000180002620 f i POSKeyboard.obj
 0001:0000162c       ?Release@?$CComObject@VCOPOSPOSKeyboard@@@ATL@@WPI@EAAKXZ 000000018000262c f i POSKeyboard.obj
 0001:00001638       ?QueryInterface@?$CComObject@VCOPOSPOSKeyboard@@@ATL@@WBAA@EAAJAEBU_GUID@@PEAPEAX@Z 0000000180002638 f i POSKeyboard.obj
 0001:00001644       ?AddRef@?$CComObject@VCOPOSPOSKeyboard@@@ATL@@WBAA@EAAKXZ 0000000180002644 f i POSKeyboard.obj
 0001:00001650       ?Release@?$CComObject@VCOPOSPOSKeyboard@@@ATL@@WBAA@EAAKXZ 0000000180002650 f i POSKeyboard.obj
 0001:0000165c       ?QueryInterface@?$CComObject@VCOPOSPOSKeyboard@@@ATL@@WBAI@EAAJAEBU_GUID@@PEAPEAX@Z 000000018000265c f i POSKeyboard.obj
 0001:00001668       ?AddRef@?$CComObject@VCOPOSPOSKeyboard@@@ATL@@WBAI@EAAKXZ 0000000180002668 f i POSKeyboard.obj
 0001:00001674       ?Release@?$CComObject@VCOPOSPOSKeyboard@@@ATL@@WBAI@EAAKXZ 0000000180002674 f i POSKeyboard.obj
 0001:00001680       ?QueryInterface@?$CComObject@VCOPOSPOSKeyboard@@@ATL@@WBBA@EAAJAEBU_GUID@@PEAPEAX@Z 0000000180002680 f i POSKeyboard.obj
 0001:0000168c       ?AddRef@?$CComObject@VCOPOSPOSKeyboard@@@ATL@@WBBA@EAAKXZ 000000018000268c f i POSKeyboard.obj
 0001:00001698       ?Release@?$CComObject@VCOPOSPOSKeyboard@@@ATL@@WBBA@EAAKXZ 0000000180002698 f i POSKeyboard.obj
 0001:000016a4       ?QueryInterface@?$CComObject@VCOPOSPOSKeyboard@@@ATL@@WBBI@EAAJAEBU_GUID@@PEAPEAX@Z 00000001800026a4 f i POSKeyboard.obj
 0001:000016b0       ?AddRef@?$CComObject@VCOPOSPOSKeyboard@@@ATL@@WBBI@EAAKXZ 00000001800026b0 f i POSKeyboard.obj
 0001:000016bc       ?Release@?$CComObject@VCOPOSPOSKeyboard@@@ATL@@WBBI@EAAKXZ 00000001800026bc f i POSKeyboard.obj
 0001:000016c8       ?AddRef@?$CComObject@VCOPOSPOSKeyboard@@@ATL@@WBCI@EAAKXZ 00000001800026c8 f i POSKeyboard.obj
 0001:000016d4       ?Release@?$CComObject@VCOPOSPOSKeyboard@@@ATL@@WBCI@EAAKXZ 00000001800026d4 f i POSKeyboard.obj
 0001:000016e0       ?AddRef@?$CComObject@VCOPOSPOSKeyboard@@@ATL@@WBEA@EAAKXZ 00000001800026e0 f i POSKeyboard.obj
 0001:000016ec       ?Release@?$CComObject@VCOPOSPOSKeyboard@@@ATL@@WBEA@EAAKXZ 00000001800026ec f i POSKeyboard.obj
 0001:000016f8       ??_E?$CComContainedObject@VCOPOSPOSKeyboard@@@ATL@@W7EAAPEAXI@Z 00000001800026f8 f i POSKeyboard.obj
 0001:00001704       ??_E?$CComContainedObject@VCOPOSPOSKeyboard@@@ATL@@WHA@EAAPEAXI@Z 0000000180002704 f i POSKeyboard.obj
 0001:00001710       ?QueryInterface@?$CComContainedObject@VCOPOSPOSKeyboard@@@ATL@@WLI@EAAJAEBU_GUID@@PEAPEAX@Z 0000000180002710 f i POSKeyboard.obj
 0001:0000171c       ?AddRef@?$CComContainedObject@VCOPOSPOSKeyboard@@@ATL@@WLI@EAAKXZ 000000018000271c f i POSKeyboard.obj
 0001:00001728       ?Release@?$CComContainedObject@VCOPOSPOSKeyboard@@@ATL@@WLI@EAAKXZ 0000000180002728 f i POSKeyboard.obj
 0001:00001734       ?QueryInterface@?$CComContainedObject@VCOPOSPOSKeyboard@@@ATL@@WMA@EAAJAEBU_GUID@@PEAPEAX@Z 0000000180002734 f i POSKeyboard.obj
 0001:00001740       ?AddRef@?$CComContainedObject@VCOPOSPOSKeyboard@@@ATL@@WMA@EAAKXZ 0000000180002740 f i POSKeyboard.obj
 0001:0000174c       ?Release@?$CComContainedObject@VCOPOSPOSKeyboard@@@ATL@@WMA@EAAKXZ 000000018000274c f i POSKeyboard.obj
 0001:00001758       ?QueryInterface@?$CComContainedObject@VCOPOSPOSKeyboard@@@ATL@@WMI@EAAJAEBU_GUID@@PEAPEAX@Z 0000000180002758 f i POSKeyboard.obj
 0001:00001764       ?AddRef@?$CComContainedObject@VCOPOSPOSKeyboard@@@ATL@@WMI@EAAKXZ 0000000180002764 f i POSKeyboard.obj
 0001:00001770       ?Release@?$CComContainedObject@VCOPOSPOSKeyboard@@@ATL@@WMI@EAAKXZ 0000000180002770 f i POSKeyboard.obj
 0001:0000177c       ?QueryInterface@?$CComContainedObject@VCOPOSPOSKeyboard@@@ATL@@WNA@EAAJAEBU_GUID@@PEAPEAX@Z 000000018000277c f i POSKeyboard.obj
 0001:00001788       ?AddRef@?$CComContainedObject@VCOPOSPOSKeyboard@@@ATL@@WNA@EAAKXZ 0000000180002788 f i POSKeyboard.obj
 0001:00001794       ?Release@?$CComContainedObject@VCOPOSPOSKeyboard@@@ATL@@WNA@EAAKXZ 0000000180002794 f i POSKeyboard.obj
 0001:000017a0       ?QueryInterface@?$CComContainedObject@VCOPOSPOSKeyboard@@@ATL@@WNI@EAAJAEBU_GUID@@PEAPEAX@Z 00000001800027a0 f i POSKeyboard.obj
 0001:000017ac       ?AddRef@?$CComContainedObject@VCOPOSPOSKeyboard@@@ATL@@WNI@EAAKXZ 00000001800027ac f i POSKeyboard.obj
 0001:000017b8       ?Release@?$CComContainedObject@VCOPOSPOSKeyboard@@@ATL@@WNI@EAAKXZ 00000001800027b8 f i POSKeyboard.obj
 0001:000017c4       ?QueryInterface@?$CComContainedObject@VCOPOSPOSKeyboard@@@ATL@@WOA@EAAJAEBU_GUID@@PEAPEAX@Z 00000001800027c4 f i POSKeyboard.obj
 0001:000017d0       ?AddRef@?$CComContainedObject@VCOPOSPOSKeyboard@@@ATL@@WOA@EAAKXZ 00000001800027d0 f i POSKeyboard.obj
 0001:000017dc       ?Release@?$CComContainedObject@VCOPOSPOSKeyboard@@@ATL@@WOA@EAAKXZ 00000001800027dc f i POSKeyboard.obj
 0001:000017e8       ?QueryInterface@?$CComContainedObject@VCOPOSPOSKeyboard@@@ATL@@WOI@EAAJAEBU_GUID@@PEAPEAX@Z 00000001800027e8 f i POSKeyboard.obj
 0001:000017f4       ?AddRef@?$CComContainedObject@VCOPOSPOSKeyboard@@@ATL@@WOI@EAAKXZ 00000001800027f4 f i POSKeyboard.obj
 0001:00001800       ?Release@?$CComContainedObject@VCOPOSPOSKeyboard@@@ATL@@WOI@EAAKXZ 0000000180002800 f i POSKeyboard.obj
 0001:0000180c       ?QueryInterface@?$CComContainedObject@VCOPOSPOSKeyboard@@@ATL@@WPA@EAAJAEBU_GUID@@PEAPEAX@Z 000000018000280c f i POSKeyboard.obj
 0001:00001818       ?AddRef@?$CComContainedObject@VCOPOSPOSKeyboard@@@ATL@@WPA@EAAKXZ 0000000180002818 f i POSKeyboard.obj
 0001:00001824       ?Release@?$CComContainedObject@VCOPOSPOSKeyboard@@@ATL@@WPA@EAAKXZ 0000000180002824 f i POSKeyboard.obj
 0001:00001830       ?QueryInterface@?$CComContainedObject@VCOPOSPOSKeyboard@@@ATL@@WPI@EAAJAEBU_GUID@@PEAPEAX@Z 0000000180002830 f i POSKeyboard.obj
 0001:0000183c       ?AddRef@?$CComContainedObject@VCOPOSPOSKeyboard@@@ATL@@WPI@EAAKXZ 000000018000283c f i POSKeyboard.obj
 0001:00001848       ?Release@?$CComContainedObject@VCOPOSPOSKeyboard@@@ATL@@WPI@EAAKXZ 0000000180002848 f i POSKeyboard.obj
 0001:00001854       ?QueryInterface@?$CComContainedObject@VCOPOSPOSKeyboard@@@ATL@@WBAA@EAAJAEBU_GUID@@PEAPEAX@Z 0000000180002854 f i POSKeyboard.obj
 0001:00001860       ?AddRef@?$CComContainedObject@VCOPOSPOSKeyboard@@@ATL@@WBAA@EAAKXZ 0000000180002860 f i POSKeyboard.obj
 0001:0000186c       ?Release@?$CComContainedObject@VCOPOSPOSKeyboard@@@ATL@@WBAA@EAAKXZ 000000018000286c f i POSKeyboard.obj
 0001:00001878       ?QueryInterface@?$CComContainedObject@VCOPOSPOSKeyboard@@@ATL@@WBAI@EAAJAEBU_GUID@@PEAPEAX@Z 0000000180002878 f i POSKeyboard.obj
 0001:00001884       ?AddRef@?$CComContainedObject@VCOPOSPOSKeyboard@@@ATL@@WBAI@EAAKXZ 0000000180002884 f i POSKeyboard.obj
 0001:00001890       ?Release@?$CComContainedObject@VCOPOSPOSKeyboard@@@ATL@@WBAI@EAAKXZ 0000000180002890 f i POSKeyboard.obj
 0001:0000189c       ?QueryInterface@?$CComContainedObject@VCOPOSPOSKeyboard@@@ATL@@WBBA@EAAJAEBU_GUID@@PEAPEAX@Z 000000018000289c f i POSKeyboard.obj
 0001:000018a8       ?AddRef@?$CComContainedObject@VCOPOSPOSKeyboard@@@ATL@@WBBA@EAAKXZ 00000001800028a8 f i POSKeyboard.obj
 0001:000018b4       ?Release@?$CComContainedObject@VCOPOSPOSKeyboard@@@ATL@@WBBA@EAAKXZ 00000001800028b4 f i POSKeyboard.obj
 0001:000018c0       ?QueryInterface@?$CComContainedObject@VCOPOSPOSKeyboard@@@ATL@@WBBI@EAAJAEBU_GUID@@PEAPEAX@Z 00000001800028c0 f i POSKeyboard.obj
 0001:000018cc       ?AddRef@?$CComContainedObject@VCOPOSPOSKeyboard@@@ATL@@WBBI@EAAKXZ 00000001800028cc f i POSKeyboard.obj
 0001:000018d8       ?Release@?$CComContainedObject@VCOPOSPOSKeyboard@@@ATL@@WBBI@EAAKXZ 00000001800028d8 f i POSKeyboard.obj
 0001:000018e4       ?AddRef@?$CComContainedObject@VCOPOSPOSKeyboard@@@ATL@@WBCI@EAAKXZ 00000001800028e4 f i POSKeyboard.obj
 0001:000018f0       ?Release@?$CComContainedObject@VCOPOSPOSKeyboard@@@ATL@@WBCI@EAAKXZ 00000001800028f0 f i POSKeyboard.obj
 0001:000018fc       ?AddRef@?$CComContainedObject@VCOPOSPOSKeyboard@@@ATL@@WBEA@EAAKXZ 00000001800028fc f i POSKeyboard.obj
 0001:00001908       ?Release@?$CComContainedObject@VCOPOSPOSKeyboard@@@ATL@@WBEA@EAAKXZ 0000000180002908 f i POSKeyboard.obj
 0001:00001914       ?GetWindowProc@?$CWindowImplBaseT@VCWindow@ATL@@V?$CWinTraits@$0FGAAAAAA@$0A@@2@@ATL@@UEAAP6A_JPEAUHWND__@@I_K_J@ZXZ 0000000180002914 f i POSKeyboard.obj
 0001:0000191c       ?StartWindowProc@?$CWindowImplBaseT@VCWindow@ATL@@V?$CWinTraits@$0FGAAAAAA@$0A@@2@@ATL@@SA_JPEAUHWND__@@I_K_J@Z 000000018000291c f i POSKeyboard.obj
 0001:000019e0       ?GetTypeInfoCount@?$IDispatchImpl@UIOPOSPOSKeyboard@@$1?IID_IOPOSPOSKeyboard@@3U_GUID@@B$1?LIBID_OposPOSKeyboard_CCO@@3U3@B$00$0A@VCComTypeInfoHolder@ATL@@@ATL@@UEAAJPEAI@Z 00000001800029e0 f i POSKeyboard.obj
 0001:000019f4       ?GetTypeInfo@?$IDispatchImpl@UIOPOSPOSKeyboard@@$1?IID_IOPOSPOSKeyboard@@3U_GUID@@B$1?LIBID_OposPOSKeyboard_CCO@@3U3@B$00$0A@VCComTypeInfoHolder@ATL@@@ATL@@UEAAJIKPEAPEAUITypeInfo@@@Z 00000001800029f4 f i POSKeyboard.obj
 0001:00001a58       ?Lock@CAtlModule@ATL@@UEAAJXZ 0000000180002a58 f i POSKeyboard.obj
 0001:00001a68       ?Unlock@CAtlModule@ATL@@UEAAJXZ 0000000180002a68 f i POSKeyboard.obj
 0001:00001a74       ?GetLockCount@CAtlModule@ATL@@UEAAJXZ 0000000180002a74 f i POSKeyboard.obj
 0001:00001a78       ?GetIDsOfNames@?$IDispatchImpl@UIOPOSPOSKeyboard@@$1?IID_IOPOSPOSKeyboard@@3U_GUID@@B$1?LIBID_OposPOSKeyboard_CCO@@3U3@B$00$0A@VCComTypeInfoHolder@ATL@@@ATL@@UEAAJAEBU_GUID@@PEAPEA_WIKPEAJ@Z 0000000180002a78 f i POSKeyboard.obj
 0001:00001a84       ?GetGITPtr@CAtlModule@ATL@@UEAAJPEAPEAUIGlobalInterfaceTable@@@Z 0000000180002a84 f i POSKeyboard.obj
 0001:00001af4       ?Invoke@?$IDispatchImpl@UIOPOSPOSKeyboard@@$1?IID_IOPOSPOSKeyboard@@3U_GUID@@B$1?LIBID_OposPOSKeyboard_CCO@@3U3@B$00$0A@VCComTypeInfoHolder@ATL@@@ATL@@UEAAJJAEBU_GUID@@KGPEAUtagDISPPARAMS@@PEAUtagVARIANT@@PEAUtagEXCEPINFO@@PEAI@Z 0000000180002af4 f i POSKeyboard.obj
 0001:00001b84       ?CreateControlWindow@?$CComControl@VCOPOSPOSKeyboard@@V?$CWindowImpl@VCOPOSPOSKeyboard@@VCWindow@ATL@@V?$CWinTraits@$0FGAAAAAA@$0A@@3@@ATL@@@ATL@@UEAAPEAUHWND__@@PEAU3@AEAUtagRECT@@@Z 0000000180002b84 f i POSKeyboard.obj
 0001:00001bbc       ?ControlQueryInterface@?$CComControl@VCOPOSPOSKeyboard@@V?$CWindowImpl@VCOPOSPOSKeyboard@@VCWindow@ATL@@V?$CWinTraits@$0FGAAAAAA@$0A@@3@@ATL@@@ATL@@UEAAJAEBU_GUID@@PEAPEAX@Z 0000000180002bbc f i POSKeyboard.obj
 0001:00001bd0       ?GetClassID@?$IPersistStreamInitImpl@VCOPOSPOSKeyboard@@@ATL@@UEAAJPEAU_GUID@@@Z 0000000180002bd0 f i POSKeyboard.obj
 0001:00001bd0       ?GetUserClassID@?$IOleObjectImpl@VCOPOSPOSKeyboard@@@ATL@@UEAAJPEAU_GUID@@@Z 0000000180002bd0 f i POSKeyboard.obj
 0001:00001bd0       ?GetClassID@?$IPersistStorageImpl@VCOPOSPOSKeyboard@@@ATL@@UEAAJPEAU_GUID@@@Z 0000000180002bd0 f i POSKeyboard.obj
 0001:00001bec       ?IsDirty@?$IPersistStreamInitImpl@VCOPOSPOSKeyboard@@@ATL@@UEAAJXZ 0000000180002bec f i POSKeyboard.obj
 0001:00001c08       ?Load@?$IPersistStreamInitImpl@VCOPOSPOSKeyboard@@@ATL@@UEAAJPEAUIStream@@@Z 0000000180002c08 f i POSKeyboard.obj
 0001:00001c58       ?Save@?$IPersistStreamInitImpl@VCOPOSPOSKeyboard@@@ATL@@UEAAJPEAUIStream@@H@Z 0000000180002c58 f i POSKeyboard.obj
 0001:00001cbc       ?GetSizeMax@?$IPersistStreamInitImpl@VCOPOSPOSKeyboard@@@ATL@@UEAAJPEAT_ULARGE_INTEGER@@@Z 0000000180002cbc f i POSKeyboard.obj
 0001:00001ee8       ?InitNew@?$IPersistStreamInitImpl@VCOPOSPOSKeyboard@@@ATL@@UEAAJXZ 0000000180002ee8 f i POSKeyboard.obj
 0001:00001f00       ?SetClientSite@?$IOleObjectImpl@VCOPOSPOSKeyboard@@@ATL@@UEAAJPEAUIOleClientSite@@@Z 0000000180002f00 f i POSKeyboard.obj
 0001:00001f1c       ?GetClientSite@?$IOleObjectImpl@VCOPOSPOSKeyboard@@@ATL@@UEAAJPEAPEAUIOleClientSite@@@Z 0000000180002f1c f i POSKeyboard.obj
 0001:00001f64       ?Close@?$IOleObjectImpl@VCOPOSPOSKeyboard@@@ATL@@UEAAJK@Z 0000000180002f64 f i POSKeyboard.obj
 0001:00001f80       ?DoVerb@?$IOleObjectImpl@VCOPOSPOSKeyboard@@@ATL@@UEAAJJPEAUtagMSG@@PEAUIOleClientSite@@JPEAUHWND__@@PEBUtagRECT@@@Z 0000000180002f80 f i POSKeyboard.obj
 0001:00002124       ?EnumVerbs@?$IOleObjectImpl@VCOPOSPOSKeyboard@@@ATL@@UEAAJPEAPEAUIEnumOLEVERB@@@Z 0000000180003124 f i POSKeyboard.obj
 0001:00002140       ?GetUserType@?$IOleObjectImpl@VCOPOSPOSKeyboard@@@ATL@@UEAAJKPEAPEA_W@Z 0000000180003140 f i POSKeyboard.obj
 0001:00002150       ?SetExtent@?$IOleObjectImpl@VCOPOSPOSKeyboard@@@ATL@@UEAAJKPEAUtagSIZE@@@Z 0000000180003150 f i POSKeyboard.obj
 0001:0000216c       ?GetExtent@?$IOleObjectImpl@VCOPOSPOSKeyboard@@@ATL@@UEAAJKPEAUtagSIZE@@@Z 000000018000316c f i POSKeyboard.obj
 0001:0000219c       ?Advise@?$IOleObjectImpl@VCOPOSPOSKeyboard@@@ATL@@UEAAJPEAUIAdviseSink@@PEAK@Z 000000018000319c f i POSKeyboard.obj
 0001:000021f8       ?Unadvise@?$IOleObjectImpl@VCOPOSPOSKeyboard@@@ATL@@UEAAJK@Z 00000001800031f8 f i POSKeyboard.obj
 0001:00002230       ?EnumAdvise@?$IOleObjectImpl@VCOPOSPOSKeyboard@@@ATL@@UEAAJPEAPEAUIEnumSTATDATA@@@Z 0000000180003230 f i POSKeyboard.obj
 0001:00002278       ?GetMiscStatus@?$IOleObjectImpl@VCOPOSPOSKeyboard@@@ATL@@UEAAJKPEAK@Z 0000000180003278 f i POSKeyboard.obj
 0001:00002288       ?GetWindow@?$IOleInPlaceActiveObjectImpl@VCOPOSPOSKeyboard@@@ATL@@UEAAJPEAPEAUHWND__@@@Z 0000000180003288 f i POSKeyboard.obj
 0001:000022dc       ?TranslateAcceleratorW@?$IOleInPlaceActiveObjectImpl@VCOPOSPOSKeyboard@@@ATL@@UEAAJPEAUtagMSG@@@Z 00000001800032dc f i POSKeyboard.obj
 0001:000023d0       ?OnDocWindowActivate@?$IOleInPlaceActiveObjectImpl@VCOPOSPOSKeyboard@@@ATL@@UEAAJH@Z 00000001800033d0 f i POSKeyboard.obj
 0001:000023fc       ?AddCommonRGSReplacements@?$CAtlModuleT@VCComModule@ATL@@@ATL@@UEAAJPEAUIRegistrarBase@@@Z 00000001800033fc f i POSKeyboard.obj
 0001:00002414       ?Draw@?$IViewObjectExImpl@VCOPOSPOSKeyboard@@@ATL@@UEAAJKJPEAXPEAUtagDVTARGETDEVICE@@PEAUHDC__@@2PEBU_RECTL@@3P6AH_K@Z4@Z 0000000180003414 f i POSKeyboard.obj
 0001:00002478       ?SetAdvise@?$IViewObjectExImpl@VCOPOSPOSKeyboard@@@ATL@@UEAAJKKPEAUIAdviseSink@@@Z 0000000180003478 f i POSKeyboard.obj
 0001:000024cc       ?GetAdvise@?$IViewObjectExImpl@VCOPOSPOSKeyboard@@@ATL@@UEAAJPEAK0PEAPEAUIAdviseSink@@@Z 00000001800034cc f i POSKeyboard.obj
 0001:00002508       ?GetExtent@?$IViewObjectExImpl@VCOPOSPOSKeyboard@@@ATL@@UEAAJKJPEAUtagDVTARGETDEVICE@@PEAUtagSIZE@@@Z 0000000180003508 f i POSKeyboard.obj
 0001:00002538       ?GetViewStatus@?$IViewObjectExImpl@VCOPOSPOSKeyboard@@@ATL@@UEAAJPEAK@Z 0000000180003538 f i POSKeyboard.obj
 0001:0000254c       ?QueryHitPoint@?$IViewObjectExImpl@VCOPOSPOSKeyboard@@@ATL@@UEAAJKPEBUtagRECT@@UtagPOINT@@JPEAK@Z 000000018000354c f i POSKeyboard.obj
 0001:00002590       ?QueryHitRect@?$IViewObjectExImpl@VCOPOSPOSKeyboard@@@ATL@@UEAAJKPEBUtagRECT@@0JPEAK@Z 0000000180003590 f i POSKeyboard.obj
 0001:000025f8       ?GetNaturalExtent@?$IViewObjectExImpl@VCOPOSPOSKeyboard@@@ATL@@UEAAJKJPEAUtagDVTARGETDEVICE@@PEAUHDC__@@PEAUtagExtentInfo@@PEAUtagSIZE@@@Z 00000001800035f8 f i POSKeyboard.obj
 0001:00002640       ?UpdateRegistryFromResourceD@CComModule@ATL@@UEAAJIHPEAU_ATL_REGMAP_ENTRY@2@@Z 0000000180003640 f i POSKeyboard.obj
 0001:00002640       ?UpdateRegistryFromResourceD@CComModule@ATL@@UEAAJPEB_WHPEAU_ATL_REGMAP_ENTRY@2@@Z 0000000180003640 f i POSKeyboard.obj
 0001:00002648       ?GetWindow@?$IOleInPlaceObjectWindowlessImpl@VCOPOSPOSKeyboard@@@ATL@@UEAAJPEAPEAUHWND__@@@Z 0000000180003648 f i POSKeyboard.obj
 0001:0000269c       ?UpdateRegistryFromResource@CComModule@ATL@@UEAAJPEB_WHPEAU_ATL_REGMAP_ENTRY@2@@Z 000000018000369c f i POSKeyboard.obj
 0001:000026a4       ?InPlaceDeactivate@?$IOleInPlaceObjectWindowlessImpl@VCOPOSPOSKeyboard@@@ATL@@UEAAJXZ 00000001800036a4 f i POSKeyboard.obj
 0001:000026c0       ?UpdateRegistryFromResource@CComModule@ATL@@UEAAJIHPEAU_ATL_REGMAP_ENTRY@2@@Z 00000001800036c0 f i POSKeyboard.obj
 0001:000026c8       ?UIDeactivate@?$IOleInPlaceObjectWindowlessImpl@VCOPOSPOSKeyboard@@@ATL@@UEAAJXZ 00000001800036c8 f i POSKeyboard.obj
 0001:000026e4       ?SetObjectRects@?$IOleInPlaceObjectWindowlessImpl@VCOPOSPOSKeyboard@@@ATL@@UEAAJPEBUtagRECT@@0@Z 00000001800036e4 f i POSKeyboard.obj
 0001:00002700       ?OnWindowMessage@?$IOleInPlaceObjectWindowlessImpl@VCOPOSPOSKeyboard@@@ATL@@UEAAJI_K_JPEA_J@Z 0000000180003700 f i POSKeyboard.obj
 0001:000027c8       ?EnumConnectionPoints@?$IConnectionPointContainerImpl@VCOPOSPOSKeyboard@@@ATL@@UEAAJPEAPEAUIEnumConnectionPoints@@@Z 00000001800037c8 f i POSKeyboard.obj
 0001:00002a10       ?FindConnectionPoint@?$IConnectionPointContainerImpl@VCOPOSPOSKeyboard@@@ATL@@UEAAJAEBU_GUID@@PEAPEAUIConnectionPoint@@@Z 0000000180003a10 f i POSKeyboard.obj
 0001:00002ae0       ?IsDirty@?$IPersistStorageImpl@VCOPOSPOSKeyboard@@@ATL@@UEAAJXZ 0000000180003ae0 f i POSKeyboard.obj
 0001:00002b24       ?InitNew@?$IPersistStorageImpl@VCOPOSPOSKeyboard@@@ATL@@UEAAJPEAUIStorage@@@Z 0000000180003b24 f i POSKeyboard.obj
 0001:00002b68       ?Load@?$IPersistStorageImpl@VCOPOSPOSKeyboard@@@ATL@@UEAAJPEAUIStorage@@@Z 0000000180003b68 f i POSKeyboard.obj
 0001:00002c08       ?Save@?$IPersistStorageImpl@VCOPOSPOSKeyboard@@@ATL@@UEAAJPEAUIStorage@@H@Z 0000000180003c08 f i POSKeyboard.obj
 0001:00002cb8       ??_GCComModule@ATL@@UEAAPEAXI@Z 0000000180003cb8 f i POSKeyboard.obj
 0001:00002cb8       ??_ECComModule@ATL@@UEAAPEAXI@Z 0000000180003cb8 f i POSKeyboard.obj
 0001:00002d38       ?GetPages@?$ISpecifyPropertyPagesImpl@VCOPOSPOSKeyboard@@@ATL@@UEAAJPEAUtagCAUUID@@@Z 0000000180003d38 f i POSKeyboard.obj
 0001:00002d44       ?QuickActivate@?$IQuickActivateImpl@VCOPOSPOSKeyboard@@@ATL@@UEAAJPEAUtagQACONTAINER@@PEAUtagQACONTROL@@@Z 0000000180003d44 f i POSKeyboard.obj
 0001:00002d60       ?SetContentExtent@?$IQuickActivateImpl@VCOPOSPOSKeyboard@@@ATL@@UEAAJPEAUtagSIZE@@@Z 0000000180003d60 f i POSKeyboard.obj
 0001:00002d94       ?GetContentExtent@?$IQuickActivateImpl@VCOPOSPOSKeyboard@@@ATL@@UEAAJPEAUtagSIZE@@@Z 0000000180003d94 f i POSKeyboard.obj
 0001:00002dcc       ?GetData@?$IDataObjectImpl@VCOPOSPOSKeyboard@@@ATL@@UEAAJPEAUtagFORMATETC@@PEAUtagSTGMEDIUM@@@Z 0000000180003dcc f i POSKeyboard.obj
 0001:00002de8       ?DAdvise@?$IDataObjectImpl@VCOPOSPOSKeyboard@@@ATL@@UEAAJPEAUtagFORMATETC@@KPEAUIAdviseSink@@PEAK@Z 0000000180003de8 f i POSKeyboard.obj
 0001:00002e70       ?DUnadvise@?$IDataObjectImpl@VCOPOSPOSKeyboard@@@ATL@@UEAAJK@Z 0000000180003e70 f i POSKeyboard.obj
 0001:00002e9c       ?EnumDAdvise@?$IDataObjectImpl@VCOPOSPOSKeyboard@@@ATL@@UEAAJPEAPEAUIEnumSTATDATA@@@Z 0000000180003e9c f i POSKeyboard.obj
 0001:00002ed8       ?GetClassInfoW@?$IProvideClassInfo2Impl@$1?CLSID_OPOSPOSKeyboard@@3U_GUID@@B$1?DIID__IOPOSPOSKeyboardEvents@@3U2@B$1?LIBID_OposPOSKeyboard_CCO@@3U2@B$00$0A@VCComTypeInfoHolder@ATL@@@ATL@@UEAAJPEAPEAUITypeInfo@@@Z 0000000180003ed8 f i POSKeyboard.obj
 0001:00002f30       ?GetGUID@?$IProvideClassInfo2Impl@$1?CLSID_OPOSPOSKeyboard@@3U_GUID@@B$1?DIID__IOPOSPOSKeyboardEvents@@3U2@B$1?LIBID_OposPOSKeyboard_CCO@@3U2@B$00$0A@VCComTypeInfoHolder@ATL@@@ATL@@UEAAJKPEAU_GUID@@@Z 0000000180003f30 f i POSKeyboard.obj
 0001:00002f64       ?GetInterfaceSafetyOptions@?$IObjectSafetyImpl@VCOPOSPOSKeyboard@@$02@ATL@@UEAAJAEBU_GUID@@PEAK1@Z 0000000180003f64 f i POSKeyboard.obj
 0001:00002ff8       ?SetInterfaceSafetyOptions@?$IObjectSafetyImpl@VCOPOSPOSKeyboard@@$02@ATL@@UEAAJAEBU_GUID@@KK@Z 0000000180003ff8 f i POSKeyboard.obj
 0001:0000309c       ?_LocCPQueryInterface@?$IConnectionPointImpl@VCOPOSPOSKeyboard@@$1?IID_IPropertyNotifySink@@3U_GUID@@BVCComDynamicUnkArray@ATL@@@ATL@@UEAAJAEBU_GUID@@PEAPEAX@Z 000000018000409c f i POSKeyboard.obj
 0001:0000309c       ?_LocCPQueryInterface@?$IConnectionPointImpl@VCOPOSPOSKeyboard@@$1?DIID__IOPOSPOSKeyboardEvents@@3U_GUID@@BVCComDynamicUnkArray@ATL@@@ATL@@UEAAJAEBU_GUID@@PEAPEAX@Z 000000018000409c f i POSKeyboard.obj
 0001:00003110       ?GetConnectionInterface@?$IConnectionPointImpl@VCOPOSPOSKeyboard@@$1?IID_IPropertyNotifySink@@3U_GUID@@BVCComDynamicUnkArray@ATL@@@ATL@@UEAAJPEAU_GUID@@@Z 0000000180004110 f i POSKeyboard.obj
 0001:0000312c       ?GetConnectionPointContainer@?$IConnectionPointImpl@VCOPOSPOSKeyboard@@$1?IID_IPropertyNotifySink@@3U_GUID@@BVCComDynamicUnkArray@ATL@@@ATL@@UEAAJPEAPEAUIConnectionPointContainer@@@Z 000000018000412c f i POSKeyboard.obj
 0001:0000314c       ?Advise@?$IConnectionPointImpl@VCOPOSPOSKeyboard@@$1?IID_IPropertyNotifySink@@3U_GUID@@BVCComDynamicUnkArray@ATL@@@ATL@@UEAAJPEAUIUnknown@@PEAK@Z 000000018000414c f i POSKeyboard.obj
 0001:0000314c       ?Advise@?$IConnectionPointImpl@VCOPOSPOSKeyboard@@$1?DIID__IOPOSPOSKeyboardEvents@@3U_GUID@@BVCComDynamicUnkArray@ATL@@@ATL@@UEAAJPEAUIUnknown@@PEAK@Z 000000018000414c f i POSKeyboard.obj
 0001:0000320c       ?Unadvise@?$IConnectionPointImpl@VCOPOSPOSKeyboard@@$1?DIID__IOPOSPOSKeyboardEvents@@3U_GUID@@BVCComDynamicUnkArray@ATL@@@ATL@@UEAAJK@Z 000000018000420c f i POSKeyboard.obj
 0001:0000320c       ?Unadvise@?$IConnectionPointImpl@VCOPOSPOSKeyboard@@$1?IID_IPropertyNotifySink@@3U_GUID@@BVCComDynamicUnkArray@ATL@@@ATL@@UEAAJK@Z 000000018000420c f i POSKeyboard.obj
 0001:00003288       ?EnumConnections@?$IConnectionPointImpl@VCOPOSPOSKeyboard@@$1?DIID__IOPOSPOSKeyboardEvents@@3U_GUID@@BVCComDynamicUnkArray@ATL@@@ATL@@UEAAJPEAPEAUIEnumConnections@@@Z 0000000180004288 f i POSKeyboard.obj
 0001:00003288       ?EnumConnections@?$IConnectionPointImpl@VCOPOSPOSKeyboard@@$1?IID_IPropertyNotifySink@@3U_GUID@@BVCComDynamicUnkArray@ATL@@@ATL@@UEAAJPEAPEAUIEnumConnections@@@Z 0000000180004288 f i POSKeyboard.obj
 0001:00003430       ?GetConnectionInterface@?$IConnectionPointImpl@VCOPOSPOSKeyboard@@$1?DIID__IOPOSPOSKeyboardEvents@@3U_GUID@@BVCComDynamicUnkArray@ATL@@@ATL@@UEAAJPEAU_GUID@@@Z 0000000180004430 f i POSKeyboard.obj
 0001:0000344c       ?GetConnectionPointContainer@?$IConnectionPointImpl@VCOPOSPOSKeyboard@@$1?DIID__IOPOSPOSKeyboardEvents@@3U_GUID@@BVCComDynamicUnkArray@ATL@@@ATL@@UEAAJPEAPEAUIConnectionPointContainer@@@Z 000000018000444c f i POSKeyboard.obj
 0001:0000346c       ?UpdateRegistry@COPOSPOSKeyboard@@SAJH@Z 000000018000446c f i POSKeyboard.obj
 0001:00003484       ?ProcessWindowMessage@COPOSPOSKeyboard@@UEAAHPEAUHWND__@@I_K_JAEA_JK@Z 0000000180004484 f i POSKeyboard.obj
 0001:0000350c       ?SOData@COPOSPOSKeyboard@@MEAAJJ@Z 000000018000450c f i POSKeyboard.obj
 0001:0000355c       ?SODirectIO@COPOSPOSKeyboard@@MEAAJJPEAJPEAPEA_W@Z 000000018000455c f i POSKeyboard.obj
 0001:000035d4       ?SOError@COPOSPOSKeyboard@@MEAAJJJJPEAJ@Z 00000001800045d4 f i POSKeyboard.obj
 0001:0000365c       ?SOStatusUpdate@COPOSPOSKeyboard@@MEAAJJ@Z 000000018000465c f i POSKeyboard.obj
 0001:000036ac       ??$AtlModuleRegisterWndClassInfoT@VAtlModuleRegisterWndClassInfoParamW@ATL@@@ATL@@YAGPEAU_ATL_BASE_MODULE70@0@PEAU_ATL_WIN_MODULE70@0@PEAU_ATL_WNDCLASSINFOW@0@PEAP6A_JPEAUHWND__@@I_K_J@ZVAtlModuleRegisterWndClassInfoParamW@0@@Z 00000001800046ac f i POSKeyboard.obj
 0001:000038ac       ??0?$CComContainedObject@VCOPOSPOSKeyboard@@@ATL@@QEAA@PEAX@Z 00000001800048ac f i POSKeyboard.obj
 0001:000039c8       ??0?$CComObject@VCOPOSPOSKeyboard@@@ATL@@QEAA@PEAX@Z 00000001800049c8 f i POSKeyboard.obj
 0001:00003ae0       ??0CAtlModule@ATL@@QEAA@XZ 0000000180004ae0 f i POSKeyboard.obj
 0001:00003b5c       ??1?$CComEnumImpl@UIEnumConnectionPoints@@$1?_GUID_b196b285_bab4_101a_b69c_00aa00341d07@@3U__s_GUID@@BPEAUIConnectionPoint@@V?$_CopyInterface@UIConnectionPoint@@@ATL@@@ATL@@UEAA@XZ 0000000180004b5c f i POSKeyboard.obj
 0001:00003bb8       ??1?$CComEnumImpl@UIEnumConnections@@$1?_GUID_b196b287_bab4_101a_b69c_00aa00341d07@@3U__s_GUID@@BUtagCONNECTDATA@@V?$_Copy@UtagCONNECTDATA@@@ATL@@@ATL@@UEAA@XZ 0000000180004bb8 f i POSKeyboard.obj
 0001:00003c14       ??1?$CComObject@VCOPOSPOSKeyboard@@@ATL@@UEAA@XZ 0000000180004c14 f i POSKeyboard.obj
 0001:00003d34       ??_E?$CComContainedObject@VCOPOSPOSKeyboard@@@ATL@@UEAAPEAXI@Z 0000000180004d34 f i POSKeyboard.obj
 0001:00003d34       ??_G?$CComContainedObject@VCOPOSPOSKeyboard@@@ATL@@UEAAPEAXI@Z 0000000180004d34 f i POSKeyboard.obj
 0001:00003d68       ??_G?$CComObject@VCOPOSPOSKeyboard@@@ATL@@UEAAPEAXI@Z 0000000180004d68 f i POSKeyboard.obj
 0001:00003d68       ??_E?$CComObject@VCOPOSPOSKeyboard@@@ATL@@UEAAPEAXI@Z 0000000180004d68 f i POSKeyboard.obj
 0001:00003d9c       ?Add@?$CSimpleArray@GV?$CSimpleArrayEqualHelper@G@ATL@@@ATL@@QEAAHAEBG@Z 0000000180004d9c f i POSKeyboard.obj
 0001:00003e50       ?Add@?$CSimpleMap@PEA_WPEA_WVCExpansionVectorEqualHelper@ATL@@@ATL@@QEAAHAEBQEA_W0@Z 0000000180004e50 f i POSKeyboard.obj
 0001:00003ef0       ?Add@CComDynamicUnkArray@ATL@@QEAAKPEAUIUnknown@@@Z 0000000180004ef0 f i POSKeyboard.obj
 0001:00003fe8       ?Add@CExpansionVector@ATL@@QEAAHPEB_W0@Z 0000000180004fe8 f i POSKeyboard.obj
 0001:00004178       ?AddValue@CRegParser@ATL@@IEAAJAEAVCRegKey@2@PEB_WPEA_W@Z 0000000180005178 f i POSKeyboard.obj
 0001:000045c0       ?AllocateHeap@?$CTempBuffer@_W$0BAA@VCCRTAllocator@ATL@@@ATL@@AEAAX_K@Z 00000001800055c0 f i POSKeyboard.obj
 0001:000045c0       ?AllocateHeap@?$CTempBuffer@E$0BAA@VCCRTAllocator@ATL@@@ATL@@AEAAX_K@Z 00000001800055c0 f i POSKeyboard.obj
 0001:000045c0       ?AllocateHeap@?$CTempBuffer@_W$0EAA@VCCRTAllocator@ATL@@@ATL@@AEAAX_K@Z 00000001800055c0 f i POSKeyboard.obj
 0001:000045ec       ?Append@CParseBuffer@CRegParser@ATL@@QEAAHPEB_WH@Z 00000001800055ec f i POSKeyboard.obj
 0001:00004704       ?AtlCallTermFunc@ATL@@YAXPEAU_ATL_MODULE70@1@@Z 0000000180005704 f i POSKeyboard.obj
 0001:00004768       ?AtlComModuleGetClassObject@ATL@@YAJPEAU_ATL_COM_MODULE70@1@AEBU_GUID@@1PEAPEAX@Z 0000000180005768 f i POSKeyboard.obj
 0001:000048a8       ?AtlComModuleRegisterServer@ATL@@YAJPEAU_ATL_COM_MODULE70@1@HPEBU_GUID@@@Z 00000001800058a8 f i POSKeyboard.obj
 0001:00004968       ?AtlComModuleUnregisterServer@ATL@@YAJPEAU_ATL_COM_MODULE70@1@HPEBU_GUID@@@Z 0000000180005968 f i POSKeyboard.obj
 0001:00004a24       ?AtlCreateTargetDC@ATL@@YAPEAUHDC__@@PEAU2@PEAUtagDVTARGETDEVICE@@@Z 0000000180005a24 f i POSKeyboard.obj
 0001:00004a98       ?AtlHiMetricToPixel@ATL@@YAXPEBUtagSIZE@@PEAU2@@Z 0000000180005a98 f i POSKeyboard.obj
 0001:00004b48       ?AtlHresultFromLastError@ATL@@YAJXZ 0000000180005b48 f i POSKeyboard.obj
 0001:00004b68       ?AtlHresultFromWin32@ATL@@YAJK@Z 0000000180005b68 f i POSKeyboard.obj
 0001:00004b78       ?AtlIPersistStreamInit_Load@ATL@@YAJPEAUIStream@@PEBUATL_PROPMAP_ENTRY@1@PEAXPEAUIUnknown@@@Z 0000000180005b78 f i POSKeyboard.obj
 0001:00004db0       ?AtlIPersistStreamInit_Save@ATL@@YAJPEAUIStream@@HPEBUATL_PROPMAP_ENTRY@1@PEAXPEAUIUnknown@@@Z 0000000180005db0 f i POSKeyboard.obj
 0001:00004fec       ?AtlInternalOleLoadFromStream@ATL@@YAJPEAUIStream@@AEBU_GUID@@PEAPEAXTClassesAllowedInStream@1@K@Z 0000000180005fec f i POSKeyboard.obj
 0001:00005130       ?AtlInternalQueryInterface@ATL@@YAJPEAXPEBU_ATL_INTMAP_ENTRY@1@AEBU_GUID@@PEAPEAX@Z 0000000180006130 f i POSKeyboard.obj
 0001:00005238       ?AtlLoadTypeLib@ATL@@YAJPEAUHINSTANCE__@@PEB_WPEAPEA_WPEAPEAUITypeLib@@@Z 0000000180006238 f i POSKeyboard.obj
 0001:00005494       ?AtlModuleAddTermFunc@ATL@@YAJPEAU_ATL_MODULE70@1@P6AX_K@Z1@Z 0000000180006494 f i POSKeyboard.obj
 0001:00005528       ?AtlRegisterClassCategoriesHelper@ATL@@YAJAEBU_GUID@@PEBU_ATL_CATMAP_ENTRY@1@H@Z 0000000180006528 f i POSKeyboard.obj
 0001:0000598c       ?AtlRegisterTypeLib@ATL@@YAJPEAUHINSTANCE__@@PEB_W@Z 000000018000698c f i POSKeyboard.obj
 0001:00005b88       ?AtlThrowImpl@ATL@@YAXJ@Z  0000000180006b88 f i POSKeyboard.obj
 0001:00005bac       ?AtlUnRegisterTypeLib@ATL@@YAJPEAUHINSTANCE__@@PEB_W@Z 0000000180006bac f i POSKeyboard.obj
 0001:00005c74       ?AtlWinModuleExtractCreateWndData@ATL@@YAPEAXPEAU_ATL_WIN_MODULE70@1@@Z 0000000180006c74 f i POSKeyboard.obj
 0001:00005d00       ?Cleanup@CComTypeInfoHolder@ATL@@SAX_K@Z 0000000180006d00 f i POSKeyboard.obj
 0001:00005d40       ?ClearReplacements@CExpansionVector@ATL@@QEAAJXZ 0000000180006d40 f i POSKeyboard.obj
 0001:00005ddc       ?Create@?$CWindowImpl@VCOPOSPOSKeyboard@@VCWindow@ATL@@V?$CWinTraits@$0FGAAAAAA@$0A@@3@@ATL@@QEAAPEAUHWND__@@PEAU3@V_U_RECT@2@PEB_WKKV_U_MENUorID@2@PEAX@Z 0000000180006ddc f i POSKeyboard.obj
 0001:00005e8c       ?Create@?$CWindowImplBaseT@VCWindow@ATL@@V?$CWinTraits@$0FGAAAAAA@$0A@@2@@ATL@@QEAAPEAUHWND__@@PEAU3@V_U_RECT@2@PEB_WKKV_U_MENUorID@2@GPEAX@Z 0000000180006e8c f i POSKeyboard.obj
 0001:00005ffc       ?Create@CRegKey@ATL@@QEAAJPEAUHKEY__@@PEB_WPEA_WKKPEAU_SECURITY_ATTRIBUTES@@PEAK@Z 0000000180006ffc f i POSKeyboard.obj
 0001:000060e0       ?CreateInstance@?$CComCreator@V?$CComAggObject@VCOPOSPOSKeyboard@@@ATL@@@ATL@@SAJPEAXAEBU_GUID@@PEAPEAX@Z 00000001800070e0 f i POSKeyboard.obj
 0001:000061b8       ?CreateInstance@?$CComCreator@V?$CComObject@VCOPOSPOSKeyboard@@@ATL@@@ATL@@SAJPEAXAEBU_GUID@@PEAPEAX@Z 00000001800071b8 f i POSKeyboard.obj
 0001:00006270       ?CreateInstance@?$CComObject@V?$CComEnum@UIEnumConnectionPoints@@$1?_GUID_b196b285_bab4_101a_b69c_00aa00341d07@@3U__s_GUID@@BPEAUIConnectionPoint@@V?$_CopyInterface@UIConnectionPoint@@@ATL@@VCComSingleThreadModel@6@@ATL@@@ATL@@SAJPEAPEAV12@@Z 0000000180007270 f i POSKeyboard.obj
 0001:000062fc       ?CreateInstance@?$CComObject@V?$CComEnum@UIEnumConnections@@$1?_GUID_b196b287_bab4_101a_b69c_00aa00341d07@@3U__s_GUID@@BUtagCONNECTDATA@@V?$_Copy@UtagCONNECTDATA@@@ATL@@VCComSingleThreadModel@6@@ATL@@@ATL@@SAJPEAPEAV12@@Z 00000001800072fc f i POSKeyboard.obj
 0001:00006388       ?DefaultReflectionHandler@?$CWindowImplRoot@VCWindow@ATL@@@ATL@@SAHPEAUHWND__@@I_K_JAEA_J@Z 0000000180007388 f i POSKeyboard.obj
 0001:000063ec       ?DoEvent@COPOSPOSKeyboard@@IEAAXI_K_J@Z 00000001800073ec f i POSKeyboard.obj
 0001:000064a0       ?DoVerbPrimary@?$IOleObjectImpl@VCOPOSPOSKeyboard@@@ATL@@QEAAJPEBUtagRECT@@PEAUHWND__@@@Z 00000001800074a0 f i POSKeyboard.obj
 0001:000065c8       ?DoVerbProperties@CComControlBase@ATL@@QEAAJPEBUtagRECT@@PEAUHWND__@@@Z 00000001800075c8 f i POSKeyboard.obj
 0001:000067f0       ?FireTheEvent@?$CProxy_IOPOSEvents@VCOPOSPOSKeyboard@@@@IEAAXPEAVOposVariant@@IAEAJPEB_WJ@Z 00000001800077f0 f i POSKeyboard.obj
 0001:000068dc       ?FireViewChange@CComControlBase@ATL@@QEAAJXZ 00000001800078dc f i POSKeyboard.obj
 0001:00006940       ?Fire_DataEvent@?$CProxy_IOPOSEvents@VCOPOSPOSKeyboard@@@@QEAAXJ@Z 0000000180007940 f i POSKeyboard.obj
 0001:00006a2c       ?Fire_DirectIOEvent@?$CProxy_IOPOSEvents@VCOPOSPOSKeyboard@@@@QEAAXJPEAJPEAPEA_W@Z 0000000180007a2c f i POSKeyboard.obj
 0001:00006b84       ?Fire_ErrorEvent@?$CProxy_IOPOSEvents@VCOPOSPOSKeyboard@@@@QEAAXJJJPEAJ@Z 0000000180007b84 f i POSKeyboard.obj
 0001:00006cec       ?Fire_StatusUpdateEvent@?$CProxy_IOPOSEvents@VCOPOSPOSKeyboard@@@@QEAAXJ@Z 0000000180007cec f i POSKeyboard.obj
 0001:00006dd8       ?FreeHeap@?$CTempBuffer@_W$0BAA@VCCRTAllocator@ATL@@@ATL@@AEAAXXZ 0000000180007dd8 f i POSKeyboard.obj
 0001:00006dd8       ?FreeHeap@?$CTempBuffer@E$0BAA@VCCRTAllocator@ATL@@@ATL@@AEAAXXZ 0000000180007dd8 f i POSKeyboard.obj
 0001:00006dd8       ?FreeHeap@?$CTempBuffer@_W$0EAA@VCCRTAllocator@ATL@@@ATL@@AEAAXXZ 0000000180007dd8 f i POSKeyboard.obj
 0001:00006de0       ?GetAmbientLocaleID@CComControlBase@ATL@@QEAAJAEAK@Z 0000000180007de0 f i POSKeyboard.obj
 0001:00006ea0       ?GetAmbientUserMode@CComControlBase@ATL@@QEAAJAEAH@Z 0000000180007ea0 f i POSKeyboard.obj
 0001:00006f74       ?GetClassObject@CComModule@ATL@@QEAAJAEBU_GUID@@0PEAPEAX@Z 0000000180007f74 f i POSKeyboard.obj
 0001:00007068       ?GetConnMap@COPOSPOSKeyboard@@SAPEBU_ATL_CONNMAP_ENTRY@ATL@@PEAH@Z 0000000180008068 f i POSKeyboard.obj
 0001:000070f0       ?GetIDsOfNames@CComTypeInfoHolder@ATL@@QEAAJAEBU_GUID@@PEAPEA_WIKPEAJ@Z 00000001800080f0 f i POSKeyboard.obj
 0001:00007268       ?GetPagesHelper@?$ISpecifyPropertyPagesImpl@VCOPOSPOSKeyboard@@@ATL@@IEAAJPEAUtagCAUUID@@PEBUATL_PROPMAP_ENTRY@2@@Z 0000000180008268 f i POSKeyboard.obj
 0001:00007408       ?GetSizeMax@CComVariant@ATL@@QEBAJPEAT_ULARGE_INTEGER@@@Z 0000000180008408 f i POSKeyboard.obj
 0001:0000763c       ?GetTI@CComTypeInfoHolder@ATL@@QEAAJK@Z 000000018000863c f i POSKeyboard.obj
 0001:000078b4       ?GetZoomInfo@CComControlBase@ATL@@QEAAXAEAUATL_DRAWINFO@@@Z 00000001800088b4 f i POSKeyboard.obj
 0001:00007958       ?HKeyFromString@CRegParser@ATL@@KAPEAUHKEY__@@PEA_W@Z 0000000180008958 f i POSKeyboard.obj
 0001:000079bc       ?IDataObject_GetData@CComControlBase@ATL@@QEAAJPEAUtagFORMATETC@@PEAUtagSTGMEDIUM@@@Z 00000001800089bc f i POSKeyboard.obj
 0001:00007bb0       ?IOleInPlaceObject_InPlaceDeactivate@CComControlBase@ATL@@QEAAJXZ 0000000180008bb0 f i POSKeyboard.obj
 0001:00007c50       ?IOleInPlaceObject_SetObjectRects@CComControlBase@ATL@@QEAAJPEBUtagRECT@@0@Z 0000000180008c50 f i POSKeyboard.obj
 0001:00007d40       ?IOleInPlaceObject_UIDeactivate@CComControlBase@ATL@@QEAAJXZ 0000000180008d40 f i POSKeyboard.obj
 0001:00007e4c       ?IOleObject_Close@CComControlBase@ATL@@QEAAJK@Z 0000000180008e4c f i POSKeyboard.obj
 0001:00007f64       ?IOleObject_SetClientSite@CComControlBase@ATL@@QEAAJPEAUIOleClientSite@@@Z 0000000180008f64 f i POSKeyboard.obj
 0001:00007fdc       ?IOleObject_SetExtent@CComControlBase@ATL@@QEAAJKPEAUtagSIZE@@@Z 0000000180008fdc f i POSKeyboard.obj
 0001:00008074       ?IPSI_GetIPersistStreamInit@?$IPersistStorageImpl@VCOPOSPOSKeyboard@@@ATL@@AEAAPEAUIPersistStreamInit@@XZ 0000000180009074 f i POSKeyboard.obj
 0001:000080d0       ?IQuickActivate_QuickActivate@CComControlBase@ATL@@QEAAJPEAUtagQACONTAINER@@PEAUtagQACONTROL@@@Z 00000001800090d0 f i POSKeyboard.obj
 0001:00008394       ?IViewObject_Draw@CComControlBase@ATL@@QEAAJKJPEAXPEAUtagDVTARGETDEVICE@@PEAUHDC__@@2PEBU_RECTL@@3@Z 0000000180009394 f i POSKeyboard.obj
 0001:000084a8       ?InPlaceActivate@CComControlBase@ATL@@QEAAJJPEBUtagRECT@@@Z 00000001800094a8 f i POSKeyboard.obj
 0001:000087e0       ?Init@?$CComEnumImpl@UIEnumConnectionPoints@@$1?_GUID_b196b285_bab4_101a_b69c_00aa00341d07@@3U__s_GUID@@BPEAUIConnectionPoint@@V?$_CopyInterface@UIConnectionPoint@@@ATL@@@ATL@@QEAAJPEAPEAUIConnectionPoint@@0PEAUIUnknown@@W4CComEnumFlags@2@@Z 00000001800097e0 f i POSKeyboard.obj
 0001:00008900       ?Init@?$CComEnumImpl@UIEnumConnections@@$1?_GUID_b196b287_bab4_101a_b69c_00aa00341d07@@3U__s_GUID@@BUtagCONNECTDATA@@V?$_Copy@UtagCONNECTDATA@@@ATL@@@ATL@@QEAAJPEAUtagCONNECTDATA@@0PEAUIUnknown@@W4CComEnumFlags@2@@Z 0000000180009900 f i POSKeyboard.obj
 0001:00008a24       ?IsEqualObject@?$CComPtrBase@UITypeInfo@@@ATL@@QEAA_NPEAUIUnknown@@@Z 0000000180009a24 f i POSKeyboard.obj
 0001:00008a24       ?IsEqualObject@?$CComPtrBase@UIOleClientSite@@@ATL@@QEAA_NPEAUIUnknown@@@Z 0000000180009a24 f i POSKeyboard.obj
 0001:00008ab0       ?LoadNameCache@CComTypeInfoHolder@ATL@@QEAAJPEAUITypeInfo@@@Z 0000000180009ab0 f i POSKeyboard.obj
 0001:00008c34       ?Lookup@?$CSimpleMap@PEA_WPEA_WVCExpansionVectorEqualHelper@ATL@@@ATL@@QEBAPEA_WAEBQEA_W@Z 0000000180009c34 f i POSKeyboard.obj
 0001:00008cc0       ?NextToken@CRegParser@ATL@@IEAAJPEA_W@Z 0000000180009cc0 f i POSKeyboard.obj
 0001:00008e78       ?OnKillFocus@CComControlBase@ATL@@QEAA_JI_K_JAEAH@Z 0000000180009e78 f i POSKeyboard.obj
 0001:00008f14       ?OnMouseActivate@CComControlBase@ATL@@QEAA_JI_K_JAEAH@Z 0000000180009f14 f i POSKeyboard.obj
 0001:00008fb4       ?OnPaint@CComControlBase@ATL@@QEAA_JI_K_JAEAH@Z 0000000180009fb4 f i POSKeyboard.obj
 0001:000090a0       ?OnSetFocus@CComControlBase@ATL@@QEAA_JI_K_JAEAH@Z 000000018000a0a0 f i POSKeyboard.obj
 0001:0000919c       ?Open@CRegKey@ATL@@QEAAJPEAUHKEY__@@PEB_WK@Z 000000018000a19c f i POSKeyboard.obj
 0001:00009218       ?PreProcessBuffer@CRegParser@ATL@@QEAAJPEA_WPEAPEA_W@Z 000000018000a218 f i POSKeyboard.obj
 0001:0000959c       ?ProcessWindowMessage@?$CComControl@VCOPOSPOSKeyboard@@V?$CWindowImpl@VCOPOSPOSKeyboard@@VCWindow@ATL@@V?$CWinTraits@$0FGAAAAAA@$0A@@3@@ATL@@@ATL@@UEAAHPEAUHWND__@@I_K_JAEA_JK@Z 000000018000a59c f i POSKeyboard.obj
 0001:00009680       ?PutProperty@?$CComPtr@UIDispatch@@@ATL@@SAJPEAUIDispatch@@JPEAUtagVARIANT@@@Z 000000018000a680 f i POSKeyboard.obj
 0001:00009784       ?ReadFromStream@CComBSTR@ATL@@QEAAJPEAUIStream@@@Z 000000018000a784 f i POSKeyboard.obj
 0001:000098e0       ?ReadFromStream@CComVariant@ATL@@QEAAJPEAUIStream@@GTClassesAllowedInStream@2@K@Z 000000018000a8e0 f i POSKeyboard.obj
 0001:00009af0       ?RecurseDeleteKey@CRegKey@ATL@@QEAAJPEB_W@Z 000000018000aaf0 f i POSKeyboard.obj
 0001:00009c14       ?RegCreateKeyExW@CAtlTransactionManager@ATL@@QEAAJPEAUHKEY__@@PEB_WKPEA_WKKQEAU_SECURITY_ATTRIBUTES@@PEAPEAU3@PEAK@Z 000000018000ac14 f i POSKeyboard.obj
 0001:00009d48       ?RegDeleteKeyW@CAtlTransactionManager@ATL@@QEAAJPEAUHKEY__@@PEB_W@Z 000000018000ad48 f i POSKeyboard.obj
 0001:00009dd4       ?RegOpenKeyExW@CAtlTransactionManager@ATL@@QEAAJPEAUHKEY__@@PEB_WKKPEAPEAU3@@Z 000000018000add4 f i POSKeyboard.obj
 0001:00009e8c       ?RegisterBuffer@CRegParser@ATL@@QEAAJPEA_WH@Z 000000018000ae8c f i POSKeyboard.obj
 0001:00009ff4       ?RegisterFromResource@CRegObject@ATL@@IEAAJPEB_W00H@Z 000000018000aff4 f i POSKeyboard.obj
 0001:0000a1b0       ?RegisterServer@CComModule@ATL@@QEAAJHPEBU_GUID@@@Z 000000018000b1b0 f i POSKeyboard.obj
 0001:0000a270       ?RegisterSubkeys@CRegParser@ATL@@IEAAJPEA_WPEAUHKEY__@@HH@Z 000000018000b270 f i POSKeyboard.obj
 0001:0000a960       ?SendOnDataChange@CComControlBase@ATL@@QEAAJK@Z 000000018000b960 f i POSKeyboard.obj
 0001:0000a9d0       ?SetControlFocus@CComControlBase@ATL@@QEAAHH@Z 000000018000b9d0 f i POSKeyboard.obj
 0001:0000aaac       ?SkipAssignment@CRegParser@ATL@@IEAAJPEA_W@Z 000000018000baac f i POSKeyboard.obj
 0001:0000ab50       ?Term@CComModule@ATL@@QEAAXXZ 000000018000bb50 f i POSKeyboard.obj
 0001:0000abfc       ?UnregisterServer@CComModule@ATL@@QEAAJHPEBU_GUID@@@Z 000000018000bbfc f i POSKeyboard.obj
 0001:0000acac       ?UpdateRegistryFromResource@CAtlModule@ATL@@QEAAJIHPEAU_ATL_REGMAP_ENTRY@2@@Z 000000018000bcac f i POSKeyboard.obj
 0001:0000afe4       ?UpdateRegistryFromResource@CAtlModule@ATL@@QEAAJPEB_WHPEAU_ATL_REGMAP_ENTRY@2@@Z 000000018000bfe4 f i POSKeyboard.obj
 0001:0000b33c       ?VTFromRegType@CRegParser@ATL@@KAHPEB_WAEAG@Z 000000018000c33c f i POSKeyboard.obj
 0001:0000b3d8       ?WindowProc@?$CWindowImplBaseT@VCWindow@ATL@@V?$CWinTraits@$0FGAAAAAA@$0A@@2@@ATL@@SA_JPEAUHWND__@@I_K_J@Z 000000018000c3d8 f i POSKeyboard.obj
 0001:0000b544       ?WriteToStream@CComBSTR@ATL@@QEAAJPEAUIStream@@@Z 000000018000c544 f i POSKeyboard.obj
 0001:0000b5c4       ?WriteToStream@CComVariant@ATL@@QEAAJPEAUIStream@@@Z 000000018000c5c4 f i POSKeyboard.obj
 0001:0000b7d8       ?WriteToStream@CComVariant@ATL@@QEAAJPEAUIStream@@G@Z 000000018000c7d8 f i POSKeyboard.obj
 0001:0000b870       ?_AtlVerifyStackAvailable@_ATL_SAFE_ALLOCA_IMPL@ATL@@YA_N_K@Z 000000018000c870 f i POSKeyboard.obj
 0001:0000b8f4       DllCanUnloadNow            000000018000c8f4 f   POSKeyboard.obj
 0001:0000b900       DllGetClassObject          000000018000c900 f   POSKeyboard.obj
 0001:0000b918       DllMain                    000000018000c918 f   POSKeyboard.obj
 0001:0000b9c0       DllRegisterServer          000000018000c9c0 f   POSKeyboard.obj
 0001:0000b9d4       DllUnregisterServer        000000018000c9d4 f   POSKeyboard.obj
 0001:0000b9e8       __local_stdio_printf_options 000000018000c9e8 f i POSKeyboard.obj
 0001:0000ba78       swprintf_s                 000000018000ca78 f i POSKeyboard.obj
 0001:0000bacc       ??0COPOSPOSKeyboard@@QEAA@XZ 000000018000cacc f   POSKeyboardImpl.obj
 0001:0000bb94       ??1?$IConnectionPointImpl@VCOPOSPOSKeyboard@@$1?IID_IPropertyNotifySink@@3U_GUID@@BVCComDynamicUnkArray@ATL@@@ATL@@QEAA@XZ 000000018000cb94 f i POSKeyboardImpl.obj
 0001:0000bb94       ??1?$IConnectionPointImpl@VCOPOSPOSKeyboard@@$1?DIID__IOPOSPOSKeyboardEvents@@3U_GUID@@BVCComDynamicUnkArray@ATL@@@ATL@@QEAA@XZ 000000018000cb94 f i POSKeyboardImpl.obj
 0001:0000bbf0       ??1CComControlBase@ATL@@UEAA@XZ 000000018000cbf0 f i POSKeyboardImpl.obj
 0001:0000bc6c       ??1COPOSPOSKeyboard@@UEAA@XZ 000000018000cc6c f   POSKeyboardImpl.obj
 0001:0000bcd0       ?CheckHealth@COPOSPOSKeyboard@@UEAAJJPEAJ@Z 000000018000ccd0 f   POSKeyboardImpl.obj
 0001:0000bd4c       ?ClaimDevice@COPOSPOSKeyboard@@UEAAJJPEAJ@Z 000000018000cd4c f   POSKeyboardImpl.obj
 0001:0000bdec       ?ClearInput@COPOSPOSKeyboard@@UEAAJPEAJ@Z 000000018000cdec f   POSKeyboardImpl.obj
 0001:0000be14       ?Close@COPOSPOSKeyboard@@UEAAJPEAJ@Z 000000018000ce14 f   POSKeyboardImpl.obj
 0001:0000becc       ?CompareFirmwareVersion@COPOSPOSKeyboard@@UEAAJPEA_WPEAJ1@Z 000000018000cecc f   POSKeyboardImpl.obj
 0001:0000bfa8       ?DirectIO@COPOSPOSKeyboard@@UEAAJJPEAJPEAPEA_W0@Z 000000018000cfa8 f   POSKeyboardImpl.obj
 0001:0000c0a4       ?DoInvoke@COPOSPOSKeyboard@@IEAAJJPEAVOposVariant@@IHPEAJ_N@Z 000000018000d0a4 f   POSKeyboardImpl.obj
 0001:0000c1d8       ?EventInit@COPOSPOSKeyboard@@IEAAJXZ 000000018000d1d8 f i POSKeyboardImpl.obj
 0001:0000c320       ?EventUninit@COPOSPOSKeyboard@@IEAAXXZ 000000018000d320 f i POSKeyboardImpl.obj
 0001:0000c384       ?EventWindowProc@COPOSPOSKeyboard@@IEAA_JI_K_J@Z 000000018000d384 f i POSKeyboardImpl.obj
 0001:0000c510       ?FinalConstruct@COPOSPOSKeyboard@@QEAAJXZ 000000018000d510 f   POSKeyboardImpl.obj
 0001:0000c54c       ?FreezeEvents@COPOSPOSKeyboard@@MEAAJH@Z 000000018000d54c f   POSKeyboardImpl.obj
 0001:0000c5c0       ?GetOposProp@COPOSPOSKeyboard@@IEAAJJPEAJJ@Z 000000018000d5c0 f   POSKeyboardImpl.obj
 0001:0000c6dc       ?GetOposProp@COPOSPOSKeyboard@@IEAAJJPEAPEA_WJ@Z 000000018000d6dc f   POSKeyboardImpl.obj
 0001:0000c808       ?OnDraw@COPOSPOSKeyboard@@MEAAJAEAUATL_DRAWINFO@@@Z 000000018000d808 f   POSKeyboardImpl.obj
 0001:0000c8f4       ?Open@COPOSPOSKeyboard@@UEAAJPEA_WPEAJ@Z 000000018000d8f4 f   POSKeyboardImpl.obj
 0001:0000d170       ?ReleaseDevice@COPOSPOSKeyboard@@UEAAJPEAJ@Z 000000018000e170 f   POSKeyboardImpl.obj
 0001:0000d1dc       ?ResetStatistics@COPOSPOSKeyboard@@UEAAJPEA_WPEAJ@Z 000000018000e1dc f   POSKeyboardImpl.obj
 0001:0000d264       ?RetrieveStatistics@COPOSPOSKeyboard@@UEAAJPEAPEA_WPEAJ@Z 000000018000e264 f   POSKeyboardImpl.obj
 0001:0000d2ec       ?SOProcessID@COPOSPOSKeyboard@@UEAAJPEAJ@Z 000000018000e2ec f   POSKeyboardImpl.obj
 0001:0000d308       ?SetCOFreezeEvents@COPOSPOSKeyboard@@IEAAXF@Z 000000018000e308 f   POSKeyboardImpl.obj
 0001:0000d3ec       ?SetOposProp@COPOSPOSKeyboard@@IEAAJJJJ@Z 000000018000e3ec f   POSKeyboardImpl.obj
 0001:0000d54c       ?UpdateFirmware@COPOSPOSKeyboard@@UEAAJPEA_WPEAJ@Z 000000018000e54c f   POSKeyboardImpl.obj
 0001:0000d5d4       ?UpdateStatistics@COPOSPOSKeyboard@@UEAAJPEA_WPEAJ@Z 000000018000e5d4 f   POSKeyboardImpl.obj
 0001:0000d65c       ?get_AutoDisable@COPOSPOSKeyboard@@UEAAJPEAF@Z 000000018000e65c f   POSKeyboardImpl.obj
 0001:0000d690       ?get_BinaryConversion@COPOSPOSKeyboard@@UEAAJPEAJ@Z 000000018000e690 f   POSKeyboardImpl.obj
 0001:0000d6a4       ?get_CapCompareFirmwareVersion@COPOSPOSKeyboard@@UEAAJPEAF@Z 000000018000e6a4 f   POSKeyboardImpl.obj
 0001:0000d6d8       ?get_CapKeyUp@COPOSPOSKeyboard@@UEAAJPEAF@Z 000000018000e6d8 f   POSKeyboardImpl.obj
 0001:0000d70c       ?get_CapPowerReporting@COPOSPOSKeyboard@@UEAAJPEAJ@Z 000000018000e70c f   POSKeyboardImpl.obj
 0001:0000d720       ?get_CapStatisticsReporting@COPOSPOSKeyboard@@UEAAJPEAF@Z 000000018000e720 f   POSKeyboardImpl.obj
 0001:0000d754       ?get_CapUpdateFirmware@COPOSPOSKeyboard@@UEAAJPEAF@Z 000000018000e754 f   POSKeyboardImpl.obj
 0001:0000d788       ?get_CapUpdateStatistics@COPOSPOSKeyboard@@UEAAJPEAF@Z 000000018000e788 f   POSKeyboardImpl.obj
 0001:0000d7bc       ?get_CheckHealthText@COPOSPOSKeyboard@@UEAAJPEAPEA_W@Z 000000018000e7bc f   POSKeyboardImpl.obj
 0001:0000d7d0       ?get_Claimed@COPOSPOSKeyboard@@UEAAJPEAF@Z 000000018000e7d0 f   POSKeyboardImpl.obj
 0001:0000d800       ?get_ControlObjectDescription@COPOSPOSKeyboard@@UEAAJPEAPEA_W@Z 000000018000e800 f   POSKeyboardImpl.obj
 0001:0000d864       ?get_ControlObjectVersion@COPOSPOSKeyboard@@UEAAJPEAJ@Z 000000018000e864 f   POSKeyboardImpl.obj
 0001:0000d870       ?get_DataCount@COPOSPOSKeyboard@@UEAAJPEAJ@Z 000000018000e870 f   POSKeyboardImpl.obj
 0001:0000d884       ?get_DataEventEnabled@COPOSPOSKeyboard@@UEAAJPEAF@Z 000000018000e884 f   POSKeyboardImpl.obj
 0001:0000d8b8       ?get_DeviceDescription@COPOSPOSKeyboard@@UEAAJPEAPEA_W@Z 000000018000e8b8 f   POSKeyboardImpl.obj
 0001:0000d8cc       ?get_DeviceEnabled@COPOSPOSKeyboard@@UEAAJPEAF@Z 000000018000e8cc f   POSKeyboardImpl.obj
 0001:0000d900       ?get_DeviceName@COPOSPOSKeyboard@@UEAAJPEAPEA_W@Z 000000018000e900 f   POSKeyboardImpl.obj
 0001:0000d914       ?get_EventTypes@COPOSPOSKeyboard@@UEAAJPEAJ@Z 000000018000e914 f   POSKeyboardImpl.obj
 0001:0000d928       ?get_FreezeEvents@COPOSPOSKeyboard@@UEAAJPEAF@Z 000000018000e928 f   POSKeyboardImpl.obj
 0001:0000d958       ?get_OpenResult@COPOSPOSKeyboard@@UEAAJPEAJ@Z 000000018000e958 f   POSKeyboardImpl.obj
 0001:0000d964       ?get_POSKeyData@COPOSPOSKeyboard@@UEAAJPEAJ@Z 000000018000e964 f   POSKeyboardImpl.obj
 0001:0000d978       ?get_POSKeyEventType@COPOSPOSKeyboard@@UEAAJPEAJ@Z 000000018000e978 f   POSKeyboardImpl.obj
 0001:0000d98c       ?get_PowerNotify@COPOSPOSKeyboard@@UEAAJPEAJ@Z 000000018000e98c f   POSKeyboardImpl.obj
 0001:0000d9a0       ?get_PowerState@COPOSPOSKeyboard@@UEAAJPEAJ@Z 000000018000e9a0 f   POSKeyboardImpl.obj
 0001:0000d9b4       ?get_ResultCode@COPOSPOSKeyboard@@UEAAJPEAJ@Z 000000018000e9b4 f   POSKeyboardImpl.obj
 0001:0000d9f0       ?get_ResultCodeExtended@COPOSPOSKeyboard@@UEAAJPEAJ@Z 000000018000e9f0 f   POSKeyboardImpl.obj
 0001:0000da04       ?get_ServiceObjectDescription@COPOSPOSKeyboard@@UEAAJPEAPEA_W@Z 000000018000ea04 f   POSKeyboardImpl.obj
 0001:0000da18       ?get_ServiceObjectVersion@COPOSPOSKeyboard@@UEAAJPEAJ@Z 000000018000ea18 f   POSKeyboardImpl.obj
 0001:0000da2c       ?get_State@COPOSPOSKeyboard@@UEAAJPEAJ@Z 000000018000ea2c f   POSKeyboardImpl.obj
 0001:0000da58       ?put_AutoDisable@COPOSPOSKeyboard@@UEAAJF@Z 000000018000ea58 f   POSKeyboardImpl.obj
 0001:0000da70       ?put_BinaryConversion@COPOSPOSKeyboard@@UEAAJJ@Z 000000018000ea70 f   POSKeyboardImpl.obj
 0001:0000da84       ?put_DataEventEnabled@COPOSPOSKeyboard@@UEAAJF@Z 000000018000ea84 f   POSKeyboardImpl.obj
 0001:0000da9c       ?put_DeviceEnabled@COPOSPOSKeyboard@@UEAAJF@Z 000000018000ea9c f   POSKeyboardImpl.obj
 0001:0000dab4       ?put_EventTypes@COPOSPOSKeyboard@@UEAAJJ@Z 000000018000eab4 f   POSKeyboardImpl.obj
 0001:0000dac8       ?put_FreezeEvents@COPOSPOSKeyboard@@UEAAJF@Z 000000018000eac8 f   POSKeyboardImpl.obj
 0001:0000db18       ?put_PowerNotify@COPOSPOSKeyboard@@UEAAJJ@Z 000000018000eb18 f   POSKeyboardImpl.obj
 0001:0000db2c       ?s_EventWindowProc@COPOSPOSKeyboard@@KA_JPEAUHWND__@@I_K_J@Z 000000018000eb2c f i POSKeyboardImpl.obj
 0001:0000dba8       ??_U@YAPEAX_K@Z            000000018000eba8 f   LIBCMT:new_array.obj
 0001:0000dbb0       ??3@YAXPEAX_K@Z            000000018000ebb0 f   LIBCMT:delete_scalar_size.obj
 0001:0000dbb0       ??_V@YAXPEAX@Z             000000018000ebb0 f   LIBCMT:delete_array.obj
 0001:0000dbb8       ??_V@YAXPEAX_K@Z           000000018000ebb8 f   LIBCMT:delete_array_size.obj
 0001:0000dbc0       __scrt_acquire_startup_lock 000000018000ebc0 f   LIBCMT:utility.obj
 0001:0000dbfc       __scrt_dllmain_after_initialize_c 000000018000ebfc f   LIBCMT:utility.obj
 0001:0000dc30       __scrt_dllmain_before_initialize_c 000000018000ec30 f   LIBCMT:utility.obj
 0001:0000dc48       __scrt_dllmain_crt_thread_attach 000000018000ec48 f   LIBCMT:utility.obj
 0001:0000dc70       __scrt_dllmain_crt_thread_detach 000000018000ec70 f   LIBCMT:utility.obj
 0001:0000dc88       __scrt_dllmain_exception_filter 000000018000ec88 f   LIBCMT:utility.obj
 0001:0000dce8       __scrt_dllmain_uninitialize_c 000000018000ece8 f   LIBCMT:utility.obj
 0001:0000dd18       __scrt_dllmain_uninitialize_critical 000000018000ed18 f   LIBCMT:utility.obj
 0001:0000dd2c       __scrt_initialize_crt      000000018000ed2c f   LIBCMT:utility.obj
 0001:0000dd78       __scrt_initialize_onexit_tables 000000018000ed78 f   LIBCMT:utility.obj
 0001:0000de50       __scrt_is_nonwritable_in_current_image 000000018000ee50 f   LIBCMT:utility.obj
 0001:0000deec       __scrt_release_startup_lock 000000018000eeec f   LIBCMT:utility.obj
 0001:0000df10       __scrt_uninitialize_crt    000000018000ef10 f   LIBCMT:utility.obj
 0001:0000df3c       _onexit                    000000018000ef3c f   LIBCMT:utility.obj
 0001:0000df8c       atexit                     000000018000ef8c f   LIBCMT:utility.obj
 0001:0000dfa4       ??3@YAXPEAX@Z              000000018000efa4 f   LIBCMT:delete_scalar.obj
 0001:0000e134       _Init_thread_footer        000000018000f134 f   LIBCMT:thread_safe_statics.obj
 0001:0000e194       _Init_thread_header        000000018000f194 f   LIBCMT:thread_safe_statics.obj
 0001:0000e1fc       _Init_thread_notify        000000018000f1fc f   LIBCMT:thread_safe_statics.obj
 0001:0000e24c       _Init_thread_wait          000000018000f24c f   LIBCMT:thread_safe_statics.obj
 0001:0000e2c4       __raise_securityfailure    000000018000f2c4 f   LIBCMT:gs_report.obj
 0001:0000e2f8       __report_gsfailure         000000018000f2f8 f   LIBCMT:gs_report.obj
 0001:0000e3cc       __report_rangecheckfailure 000000018000f3cc f   LIBCMT:gs_report.obj
 0001:0000e3e0       __report_securityfailure   000000018000f3e0 f   LIBCMT:gs_report.obj
 0001:0000e560       ??2@YAPEAX_KAEBUnothrow_t@std@@@Z 000000018000f560 f   LIBCMT:new_scalar_nothrow.obj
 0001:0000e580       ??_U@YAPEAX_KAEBUnothrow_t@std@@@Z 000000018000f580 f   LIBCMT:new_array_nothrow.obj
 0001:0000e588       __GSHandlerCheck           000000018000f588 f   LIBCMT:_gshandler_.obj
 0001:0000e5a8       __GSHandlerCheckCommon     000000018000f5a8 f   LIBCMT:_gshandler_.obj
 0001:0000e604       __GSHandlerCheck_SEH       000000018000f604 f   LIBCMT:_gshandlerseh_.obj
 0001:0000e6a0       _alloca_probe              000000018000f6a0 f   LIBCMT:_chkstk_.obj
 0001:0000e6a0       __chkstk                   000000018000f6a0 f   LIBCMT:_chkstk_.obj
 0001:0000e710       __security_check_cookie    000000018000f710 f   LIBCMT:_amdsecgs_.obj
 0001:0000ea64       _DllMainCRTStartup         000000018000fa64 f   LIBCMT:dll_dllmain.obj
 0001:0000eaa4       ??2@YAPEAX_K@Z             000000018000faa4 f   LIBCMT:new_scalar.obj
 0001:0000eae0       __isa_available_init       000000018000fae0 f   LIBCMT:_cpu_disp_.obj
 0001:0000ec9c       _get_startup_argv_mode     000000018000fc9c f   LIBCMT:argv_mode.obj
 0001:0000eca4       __scrt_is_ucrt_dll_in_use  000000018000fca4 f   LIBCMT:ucrt_detection.obj
 0001:0000ecb0       __crt_debugger_hook        000000018000fcb0 f   LIBCMT:utility_desktop.obj
 0001:0000ecb8       __scrt_fastfail            000000018000fcb8 f   LIBCMT:utility_desktop.obj
 0001:0000ee04       _guard_check_icall_nop     000000018000fe04 f i LIBCMT:guard_support.obj
 0001:0000ee08       __security_init_cookie     000000018000fe08 f   LIBCMT:gs_support.obj
 0001:0000eeb4       ?__scrt_initialize_type_info@@YAXXZ 000000018000feb4 f   LIBCMT:tncleanup.obj
 0001:0000eec4       ?__scrt_uninitialize_type_info@@YAXXZ 000000018000fec4 f   LIBCMT:tncleanup.obj
 0001:0000eed0       __local_stdio_scanf_options 000000018000fed0 f i LIBCMT:default_local_stdio_options.obj
 0001:0000eed8       __scrt_initialize_default_local_stdio_options 000000018000fed8 f   LIBCMT:default_local_stdio_options.obj
 0001:0000eef4       __scrt_get_dyn_tls_init_callback 000000018000fef4 f   LIBCMT:dyn_tls_init.obj
 0001:0000eefc       _RTC_Initialize            000000018000fefc f   LIBCMT:_initsect_.obj
 0001:0000ef38       _RTC_Terminate             000000018000ff38 f   LIBCMT:_initsect_.obj
 0001:0000ef74       ??0bad_alloc@std@@QEAA@AEBV01@@Z 000000018000ff74 f i LIBCMT:throw_bad_alloc.obj
 0001:0000efb4       ??0bad_alloc@std@@QEAA@XZ  000000018000ffb4 f i LIBCMT:throw_bad_alloc.obj
 0001:0000efd4       ??0bad_array_new_length@std@@QEAA@AEBV01@@Z 000000018000ffd4 f i LIBCMT:throw_bad_alloc.obj
 0001:0000f014       ??0bad_array_new_length@std@@QEAA@XZ 0000000180010014 f i LIBCMT:throw_bad_alloc.obj
 0001:0000f034       ??0exception@std@@QEAA@AEBV01@@Z 0000000180010034 f i LIBCMT:throw_bad_alloc.obj
 0001:0000f06c       ??1bad_array_new_length@std@@UEAA@XZ 000000018001006c f i LIBCMT:throw_bad_alloc.obj
 0001:0000f06c       ??1bad_exception@std@@UEAA@XZ 000000018001006c f i libvcruntime:frame.obj
 0001:0000f06c       ??1bad_alloc@std@@UEAA@XZ  000000018001006c f i LIBCMT:throw_bad_alloc.obj
 0001:0000f080       ??_Gbad_exception@std@@UEAAPEAXI@Z 0000000180010080 f i libvcruntime:frame.obj
 0001:0000f080       ??_Gbad_array_new_length@std@@UEAAPEAXI@Z 0000000180010080 f i LIBCMT:throw_bad_alloc.obj
 0001:0000f080       ??_Eexception@std@@UEAAPEAXI@Z 0000000180010080 f i LIBCMT:throw_bad_alloc.obj
 0001:0000f080       ??_Gexception@std@@UEAAPEAXI@Z 0000000180010080 f i LIBCMT:throw_bad_alloc.obj
 0001:0000f080       ??_Gbad_alloc@std@@UEAAPEAXI@Z 0000000180010080 f i LIBCMT:throw_bad_alloc.obj
 0001:0000f080       ??_Ebad_array_new_length@std@@UEAAPEAXI@Z 0000000180010080 f i LIBCMT:throw_bad_alloc.obj
 0001:0000f080       ??_Ebad_alloc@std@@UEAAPEAXI@Z 0000000180010080 f i LIBCMT:throw_bad_alloc.obj
 0001:0000f080       ??_Ebad_exception@std@@UEAAPEAXI@Z 0000000180010080 f i libvcruntime:frame.obj
 0001:0000f0c4       ?__scrt_throw_std_bad_alloc@@YAXXZ 00000001800100c4 f   LIBCMT:throw_bad_alloc.obj
 0001:0000f0e4       ?__scrt_throw_std_bad_array_new_length@@YAXXZ 00000001800100e4 f   LIBCMT:throw_bad_alloc.obj
 0001:0000f104       ?what@exception@std@@UEBAPEBDXZ 0000000180010104 f i LIBCMT:throw_bad_alloc.obj
 0001:0000f120       ??_Etype_info@@UEAAPEAXI@Z 0000000180010120 f i LIBCMT:std_type_info_static.obj
 0001:0000f120       ??_Gtype_info@@UEAAPEAXI@Z 0000000180010120 f i LIBCMT:std_type_info_static.obj
 0001:0000f14c       ??0CAtlBaseModule@ATL@@QEAA@XZ 000000018001014c f   atls:atlbase.obj
 0001:0000f1f4       ??1CAtlBaseModule@ATL@@QEAA@XZ 00000001800101f4 f   atls:atlbase.obj
 0001:0000f328       ?__AllocStdCallThunk_cmn@@YAPEAXXZ 0000000180010328 f   atls:atlthunk.obj
 0001:0000f480       AtlThunk_AllocateData      0000000180010480 f   atls:atlthunk.obj
 0001:0000f4fc       AtlThunk_DataToCode        00000001800104fc f   atls:atlthunk.obj
 0001:0000f550       AtlThunk_FreeData          0000000180010550 f   atls:atlthunk.obj
 0001:0000f5b0       AtlThunk_InitData          00000001800105b0 f   atls:atlthunk.obj
 0001:0000f670       memset_repmovs             0000000180010670 f   libvcruntime:memset.obj
 0001:0000f690       memset                     0000000180010690 f   libvcruntime:memset.obj
 0001:0000f820       _purecall                  0000000180010820 f   libvcruntime:purevirt.obj
 0001:0000f850       wcsstr                     0000000180010850 f   libvcruntime:wcsstr.obj
 0001:0000fa80       memcmp                     0000000180010a80 f   libvcruntime:memcmp.obj
 0001:0000fb60       memcpy_repmovs             0000000180010b60 f   libvcruntime:memcpy.obj
 0001:0000fb80       memmove                    0000000180010b80 f   libvcruntime:memcpy.obj
 0001:0000fb80       memcpy                     0000000180010b80 f   libvcruntime:memcpy.obj
 0001:0000ffb8       __vcrt_initialize          0000000180010fb8 f   libvcruntime:initialization.obj
 0001:0000ffec       __vcrt_thread_attach       0000000180010fec f   libvcruntime:initialization.obj
 0001:00010000       __vcrt_thread_detach       0000000180011000 f   libvcruntime:initialization.obj
 0001:00010014       __vcrt_uninitialize        0000000180011014 f   libvcruntime:initialization.obj
 0001:00010034       __vcrt_uninitialize_critical 0000000180011034 f   libvcruntime:initialization.obj
 0001:00010044       __C_specific_handler       0000000180011044 f   libvcruntime:_riscchandler_.obj
 0001:00010250       __DestructExceptionObject  0000000180011250 f   libvcruntime:ehhelpers.obj
 0001:000102c4       ?_CallMemberFunction0@@YAXQEAX0@Z 00000001800112c4 f i libvcruntime:ehhelpers.obj
 0001:000102c8       _IsExceptionObjectToBeDestroyed 00000001800112c8 f   libvcruntime:ehhelpers.obj
 0001:000102f8       __AdjustPointer            00000001800112f8 f   libvcruntime:ehhelpers.obj
 0001:0001031c       __FrameUnwindFilter        000000018001131c f   libvcruntime:ehhelpers.obj
 0001:00010368       __std_terminate            0000000180011368 f   libvcruntime:ehhelpers.obj
 0001:00010374       ??$_CallSETranslator@V__FrameHandler3@@@@YAHPEAUEHExceptionRecord@@PEA_KPEAU_CONTEXT@@PEAU_xDISPATCHER_CONTEXT@@PEBU_s_FuncInfo@@K1@Z 0000000180011374 f i libvcruntime:risctrnsctrl.obj
 0001:000103c8       ?CatchTryBlock@__FrameHandler3@@SAPEBU_s_TryBlockMapEntry@@PEBU_s_FuncInfo@@H@Z 00000001800113c8 f   libvcruntime:risctrnsctrl.obj
[...]
 0004:0000174c       $pdata$__acrt_SetThreadStackGuarantee 000000018003374c     libucrt:winapi_thunks.obj
 0004:00001758       $pdata$?try_get_function@@YAPEAXW4function_id@?A0x391cf84c@@QEBDQEBW4module_id@2@2@Z 0000000180033758     libucrt:winapi_thunks.obj
 0004:00001764       $pdata$isdigit             0000000180033764     libucrt:_ctype.obj
 0004:00001770       $pdata$tolower             0000000180033770     libucrt:tolower_toupper.obj
 0004:0000177c       $pdata$_tolower_l          000000018003377c     libucrt:tolower_toupper.obj
 0004:00001788       $pdata$?internal_isupper_l@@YA_NHQEAU__crt_locale_pointers@@@Z 0000000180033788     libucrt:tolower_toupper.obj
 0004:00001794       $pdata$wcstol              0000000180033794     libucrt:strtox.obj
 0004:000017a0       $pdata$_mbtowc_l           00000001800337a0     libucrt:mbtowc.obj
 0004:000017ac       $pdata$wcsnlen             00000001800337ac     libucrt:strnlen.obj
 0004:000017b8       $pdata$__acrt_update_locale_info 00000001800337b8     libucrt:locale_update.obj
 0004:000017c4       $pdata$__acrt_update_multibyte_info 00000001800337c4     libucrt:locale_update.obj
 0004:000017d0       $pdata$__acrt_fp_format    00000001800337d0     libucrt:cvt.obj
 0004:000017dc       $pdata$?fp_format_nan_or_infinity@@YAHW4__acrt_fp_class@@_NPEAD_K1@Z 00000001800337dc     libucrt:cvt.obj
 0004:000017e8       $pdata$?fp_format_e_internal@@YAHQEAD_KH_NIQEAU_strflt@@2QEAU__crt_locale_pointers@@@Z 00000001800337e8     libucrt:cvt.obj
 0004:000017f4       $pdata$?fp_format_e@@YAHQEBNQEAD_K12H_NIQEAU__crt_locale_pointers@@@Z 00000001800337f4     libucrt:cvt.obj
 0004:00001800       $pdata$?fp_format_a@@YAHQEBNPEAD_KQEAD2H_NIQEAU__crt_locale_pointers@@@Z 0000000180033800     libucrt:cvt.obj
 0004:0000180c       $pdata$?fp_format_f_internal@@YAHQEAD_KHQEAU_strflt@@_NQEAU__crt_locale_pointers@@@Z 000000018003380c     libucrt:cvt.obj
 0004:00001818       $pdata$?fp_format_g@@YAHQEBNQEAD_K12H_NIQEAU__crt_locale_pointers@@@Z 0000000180033818     libucrt:cvt.obj
 0004:00001824       $pdata$_fileno             0000000180033824     libucrt:fileno.obj
 0004:00001830       $pdata$__acrt_initialize_stdio 0000000180033830     libucrt:_file.obj
 0004:0000183c       $pdata$__acrt_uninitialize_stdio 000000018003383c     libucrt:_file.obj
 0004:00001848       $pdata$__acrt_uninitialize_locale 0000000180033848     libucrt:wsetlocale.obj
 0004:00001854       $pdata$??$?RV<lambda_410d79af7f07d98d83a3f525b3859a53>@@AEAV<lambda_3e16ef9562a7dcce91392c22ab16ea36>@@V<lambda_38119f0e861e05405d8a144b9b982f0a>@@@?$__crt_seh_guarded_call@X@@QEAAX$$QEAV<lambda_410d79af7f07d98d83a3f525b3859a53>@@AEAV<lambda_3e16ef9562a7dcce91392c22ab16ea36>@@$$QEAV<lambda_38119f0e861e05405d8a144b9b982f0a>@@@Z 0000000180033854     libucrt:wsetlocale.obj
 0004:00001860       $pdata$?fin$0@?0???$?RV<lambda_410d79af7f07d98d83a3f525b3859a53>@@AEAV<lambda_3e16ef9562a7dcce91392c22ab16ea36>@@V<lambda_38119f0e861e05405d8a144b9b982f0a>@@@?$__crt_seh_guarded_call@X@@QEAAX$$QEAV<lambda_410d79af7f07d98d83a3f525b3859a53>@@AEAV<lambda_3e16ef9562a7dcce91392c22ab16ea36>@@$$QEAV<lambda_38119f0e861e05405d8a144b9b982f0a>@@@Z@4HA 0000000180033860     libucrt:wsetlocale.obj
 0004:0000186c       $pdata$__acrt_initialize_lowio 000000018003386c     libucrt:ioinit.obj
 0004:00001878       $pdata$__acrt_lowio_ensure_fh_exists$fin$0 0000000180033878     libucrt:osfinfo.obj
 0004:00001878       $pdata$__acrt_initialize_lowio$fin$0 0000000180033878     libucrt:ioinit.obj
 0004:00001884       $pdata$__acrt_uninitialize_lowio 0000000180033884     libucrt:ioinit.obj
 0004:00001890       $pdata$?initialize_inherited_file_handles_nolock@@YAXXZ 0000000180033890     libucrt:ioinit.obj
 0004:0000189c       $pdata$?initialize_stdio_handles_nolock@@YAXXZ 000000018003389c     libucrt:ioinit.obj
 0004:000018a8       $pdata$__acrt_initialize_locks 00000001800338a8     libucrt:locks.obj
 0004:000018b4       $pdata$__acrt_uninitialize_locks 00000001800338b4     libucrt:locks.obj
 0004:000018c0       $pdata$__acrt_get_process_end_policy 00000001800338c0     libucrt:win_policies.obj
 0004:000018cc       $pdata$??$common_expand_argv_wildcards@D@@YAHQEAPEADQEAPEAPEAD@Z 00000001800338cc     libucrt:argv_wildcards.obj
 0004:000018d8       $pdata$??$copy_and_add_argument_to_buffer@D@@YAHQEBD0_KAEAV?$argument_list@D@?A0x5f5c8891@@@Z 00000001800338d8     libucrt:argv_wildcards.obj
 0004:000018e4       $pdata$??$expand_argument_wildcards@D@@YAHQEAD0AEAV?$argument_list@D@?A0x5f5c8891@@@Z 00000001800338e4     libucrt:argv_wildcards.obj
 0004:000018f0       $pdata$__acrt_update_thread_multibyte_data 00000001800338f0     libucrt:mbctype.obj
 0004:000018fc       $pdata$__acrt_initialize_multibyte 00000001800338fc     libucrt:mbctype.obj
 0004:00001908       $pdata$_setmbcp_nolock     0000000180033908     libucrt:mbctype.obj
 0004:00001914       $pdata$?getSystemCP@@YAHH@Z 0000000180033914     libucrt:mbctype.obj
 0004:00001920       $pdata$?setSBCS@@YAXPEAU__crt_multibyte_data@@@Z 0000000180033920     libucrt:mbctype.obj
 0004:0000192c       $pdata$?setSBUpLow@@YAXPEAU__crt_multibyte_data@@@Z 000000018003392c     libucrt:mbctype.obj
 0004:00001938       $pdata$?update_thread_multibyte_data_internal@@YAPEAU__crt_multibyte_data@@QEAU__acrt_ptd@@QEAU1@@Z 0000000180033938     libucrt:mbctype.obj
 0004:00001944       $pdata$?fin$0@?0??update_thread_multibyte_data_internal@@YAPEAU__crt_multibyte_data@@QEAU__acrt_ptd@@QEAU1@@Z@4HA 0000000180033944     libucrt:mbctype.obj
 0004:00001950       $pdata$?setmbcp_internal@@YAHH_NQEAU__acrt_ptd@@QEAPEAU__crt_multibyte_data@@@Z 0000000180033950     libucrt:mbctype.obj
 0004:0000195c       $pdata$??$?RV<lambda_efdfa57d1f175319df784efa44bb7b81>@@AEAV<lambda_5f0a4c1567f8adc6734073e5d1e1b35c>@@V<lambda_2e8a7d3640ea6ccb4c2413664c2db6fd>@@@?$__crt_seh_guarded_call@X@@QEAAX$$QEAV<lambda_efdfa57d1f175319df784efa44bb7b81>@@AEAV<lambda_5f0a4c1567f8adc6734073e5d1e1b35c>@@$$QEAV<lambda_2e8a7d3640ea6ccb4c2413664c2db6fd>@@@Z 000000018003395c     libucrt:mbctype.obj
 0004:00001968       $pdata$?x_ismbbtype_l@@YAHPEAU__crt_locale_pointers@@IHH@Z 0000000180033968     libucrt:ismbbyte.obj
 0004:00001974       $pdata$__acrt_initialize_command_line 0000000180033974     libucrt:argv_data.obj
 0004:00001980       $pdata$__dcrt_get_narrow_environment_from_os 0000000180033980     libucrt:get_environment_from_os.obj
 0004:0000198c       $pdata$__acrt_initialize_heap 000000018003398c     libucrt:heap_handle.obj
 0004:00001998       $pdata$__acrt_execute_initializers 0000000180033998     libucrt:shared_initialization.obj
 0004:000019a4       $pdata$__acrt_execute_uninitializers 00000001800339a4     libucrt:shared_initialization.obj
 0004:000019b0       $pdata$__acrt_get_sigabrt_handler 00000001800339b0     libucrt:signal.obj
 0004:000019bc       $pdata$raise               00000001800339bc     libucrt:signal.obj
 0004:000019c8       $pdata$raise$fin$0         00000001800339c8     libucrt:signal.obj
 0004:000019d4       $pdata$??$?RV<lambda_450d765d439847d4c735a33c368b5fc0>@@AEAV<lambda_44731a7d0e6d81c3e6aa82d741081786>@@V<lambda_601a2a7da3b7a96e9554ac7215c4b07c>@@@?$__crt_seh_guarded_call@P6AXH@Z@@QEAAP6AXH@Z$$QEAV<lambda_450d765d439847d4c735a33c368b5fc0>@@AEAV<lambda_44731a7d0e6d81c3e6aa82d741081786>@@$$QEAV<lambda_601a2a7da3b7a96e9554ac7215c4b07c>@@@Z 00000001800339d4     libucrt:signal.obj
 0004:000019e0       $pdata$__pctype_func       00000001800339e0     libucrt:ctype.obj
 0004:000019ec       $pdata$iswctype            00000001800339ec     libucrt:iswctype.obj
 0004:000019f8       $pdata$_isctype_l          00000001800339f8     libucrt:isctype.obj
 0004:00001a04       $pdata$__acrt_release_locale_ref 0000000180033a04     libucrt:locale_refcounting.obj
 0004:00001a10       $pdata$__acrt_free_locale  0000000180033a10     libucrt:locale_refcounting.obj
 0004:00001a1c       $pdata$__acrt_locale_free_lc_time_if_unreferenced 0000000180033a1c     libucrt:locale_refcounting.obj
 0004:00001a28       $pdata$__acrt_update_thread_locale_data 0000000180033a28     libucrt:locale_refcounting.obj
 0004:00001a34       $pdata$__acrt_update_thread_locale_data$fin$0 0000000180033a34     libucrt:locale_refcounting.obj
 0004:00001a40       $pdata$_updatetlocinfoEx_nolock 0000000180033a40     libucrt:locale_refcounting.obj
 0004:00001a4c       $pdata$__acrt_DownlevelLocaleNameToLCID 0000000180033a4c     libucrt:lcidtoname_downlevel.obj
 0004:00001a58       $pdata$?GetTableIndexFromLocaleName@@YAHPEB_W@Z 0000000180033a58     libucrt:lcidtoname_downlevel.obj
 0004:00001a64       $pdata$_isleadbyte_l       0000000180033a64     libucrt:_wctype.obj
 0004:00001a70       $pdata$__acrt_LCMapStringA 0000000180033a70     libucrt:lcmapstringa.obj
 0004:00001a7c       $pdata$?__acrt_LCMapStringA_stat@@YAHPEAU__crt_locale_pointers@@PEB_WKPEBDHPEADHHH@Z 0000000180033a7c     libucrt:lcmapstringa.obj
 0004:00001a88       $pdata$__acrt_fp_strflt_to_string 0000000180033a88     libucrt:_fptostr.obj
 0004:00001a94       $pdata$memcpy_s            0000000180033a94     libucrt:cfout.obj
 0004:00001aa0       $pdata$__acrt_fltout       0000000180033aa0     libucrt:cfout.obj
 0004:00001aac       $pdata$?divide@__crt_strtox@@YA_KAEAUbig_integer@1@AEBU21@@Z 0000000180033aac     libucrt:cfout.obj
 0004:00001ab8       $pdata$5$?divide@__crt_strtox@@YA_KAEAUbig_integer@1@AEBU21@@Z 0000000180033ab8     libucrt:cfout.obj
 0004:00001ac4       $pdata$6$?divide@__crt_strtox@@YA_KAEAUbig_integer@1@AEBU21@@Z 0000000180033ac4     libucrt:cfout.obj
 0004:00001ad0       $pdata$_fcloseall          0000000180033ad0     libucrt:closeall.obj
 0004:00001adc       $pdata$_fcloseall$fin$0    0000000180033adc     libucrt:closeall.obj
 0004:00001ae8       $pdata$_fflush_nolock      0000000180033ae8     libucrt:fflush.obj
 0004:00001af4       $pdata$__acrt_stdio_flush_nolock 0000000180033af4     libucrt:fflush.obj
 0004:00001b00       $pdata$?common_flush_all@@YAH_N@Z 0000000180033b00     libucrt:fflush.obj
 0004:00001b0c       $pdata$??$?RV<lambda_842d9ff0dc9ef11c61343bbaebe7f885>@@AEAV<lambda_c5860995281e5c4ce005b3de8f5874ee>@@V<lambda_d90129c13df834fdcbf8d2b88dafcf2d>@@@?$__crt_seh_guarded_call@X@@QEAAX$$QEAV<lambda_842d9ff0dc9ef11c61343bbaebe7f885>@@AEAV<lambda_c5860995281e5c4ce005b3de8f5874ee>@@$$QEAV<lambda_d90129c13df834fdcbf8d2b88dafcf2d>@@@Z 0000000180033b0c     libucrt:fflush.obj
 0004:00001b18       $pdata$?fin$0@?0???$?RV<lambda_842d9ff0dc9ef11c61343bbaebe7f885>@@AEAV<lambda_c5860995281e5c4ce005b3de8f5874ee>@@V<lambda_d90129c13df834fdcbf8d2b88dafcf2d>@@@?$__crt_seh_guarded_call@X@@QEAAX$$QEAV<lambda_842d9ff0dc9ef11c61343bbaebe7f885>@@AEAV<lambda_c5860995281e5c4ce005b3de8f5874ee>@@$$QEAV<lambda_d90129c13df834fdcbf8d2b88dafcf2d>@@@Z@4HA 0000000180033b18     libucrt:fflush.obj
 0004:00001b24       $pdata$??$?RV<lambda_886d6c58226a84441f68b9f2b8217b83>@@AEAV<lambda_ab61a845afdef5b7c387490eaf3616ee>@@V<lambda_f7f22ab5edc0698d5f6905b0d3f44752>@@@?$__crt_seh_guarded_call@X@@QEAAX$$QEAV<lambda_886d6c58226a84441f68b9f2b8217b83>@@AEAV<lambda_ab61a845afdef5b7c387490eaf3616ee>@@$$QEAV<lambda_f7f22ab5edc0698d5f6905b0d3f44752>@@@Z 0000000180033b24     libucrt:fflush.obj
 0004:00001b30       $pdata$?fin$0@?0???$?RV<lambda_886d6c58226a84441f68b9f2b8217b83>@@AEAV<lambda_ab61a845afdef5b7c387490eaf3616ee>@@V<lambda_f7f22ab5edc0698d5f6905b0d3f44752>@@@?$__crt_seh_guarded_call@X@@QEAAX$$QEAV<lambda_886d6c58226a84441f68b9f2b8217b83>@@AEAV<lambda_ab61a845afdef5b7c387490eaf3616ee>@@$$QEAV<lambda_f7f22ab5edc0698d5f6905b0d3f44752>@@@Z@4HA 0000000180033b30     libucrt:fflush.obj
 0004:00001b3c       $pdata$__acrt_stdio_free_buffer_nolock 0000000180033b3c     libucrt:_freebuf.obj
 0004:00001b48       $pdata$_isatty             0000000180033b48     libucrt:isatty.obj
 0004:00001b54       $pdata$__acrt_locale_free_monetary 0000000180033b54     libucrt:initmon.obj
 0004:00001b60       $pdata$__acrt_locale_free_numeric 0000000180033b60     libucrt:initnum.obj
 0004:00001b6c       $pdata$__acrt_locale_free_time 0000000180033b6c     libucrt:inittime.obj
 0004:00001b78       $pdata$?free_crt_array_internal@@YAXQEAPEBX_K@Z 0000000180033b78     libucrt:inittime.obj
 0004:00001b84       $pdata$__acrt_GetStringTypeA 0000000180033b84     libucrt:getstringtypea.obj
 0004:00001b90       $pdata$_get_osfhandle      0000000180033b90     libucrt:osfinfo.obj
 0004:00001b9c       $pdata$_free_osfhnd        0000000180033b9c     libucrt:osfinfo.obj
 0004:00001ba8       $pdata$__acrt_lowio_create_handle_array 0000000180033ba8     libucrt:osfinfo.obj
 0004:00001bb4       $pdata$__acrt_lowio_destroy_handle_array 0000000180033bb4     libucrt:osfinfo.obj
 0004:00001bc0       $pdata$__acrt_lowio_ensure_fh_exists 0000000180033bc0     libucrt:osfinfo.obj
 0004:00001bcc       $pdata$qsort               0000000180033bcc     libucrt:qsort.obj
 0004:00001bd8       $pdata$4$qsort             0000000180033bd8     libucrt:qsort.obj
 0004:00001be4       $pdata$5$qsort             0000000180033be4     libucrt:qsort.obj
 0004:00001bf0       $pdata$?shortsort@@YAXPEAD0_KP6AHPEBX2@Z@Z 0000000180033bf0     libucrt:qsort.obj
 0004:00001bfc       $pdata$2$?shortsort@@YAXPEAD0_KP6AHPEBX2@Z@Z 0000000180033bfc     libucrt:qsort.obj
 0004:00001c08       $pdata$3$?shortsort@@YAXPEAD0_KP6AHPEBX2@Z@Z 0000000180033c08     libucrt:qsort.obj
 0004:00001c14       $pdata$strncpy_s           0000000180033c14     libucrt:strncpy_s.obj
 0004:00001c20       $pdata$strpbrk             0000000180033c20     libucrt:strpbrk.obj
 0004:00001c2c       $pdata$_mbsdec_l           0000000180033c2c     libucrt:mbsdec.obj
 0004:00001c38       $pdata$?initialize_multibyte@@YAHXZ 0000000180033c38     libucrt:multibyte_initializer.obj
 0004:00001c44       $pdata$fegetenv            0000000180033c44     libucrt:fegetenv.obj
 0004:00001c50       $pdata$fesetenv            0000000180033c50     libucrt:fesetenv.obj
 0004:00001c5c       $pdata$feholdexcept        0000000180033c5c     libucrt:feholdexcept.obj
 0004:00001c74       $pdata$_write              0000000180033c74     libucrt:write.obj
 0004:00001c80       $pdata$_write$fin$0        0000000180033c80     libucrt:write.obj
 0004:00001c8c       $pdata$_write_nolock       0000000180033c8c     libucrt:write.obj
 0004:00001c98       $pdata$?write_double_translated_ansi_nolock@@YA?AUwrite_result@?A0x17268360@@HQEBDI@Z 0000000180033c98     libucrt:write.obj
 0004:00001ca4       $pdata$?write_text_ansi_nolock@@YA?AUwrite_result@?A0x17268360@@HQEBDI@Z 0000000180033ca4     libucrt:write.obj
 0004:00001cb0       $pdata$?write_text_utf16le_nolock@@YA?AUwrite_result@?A0x17268360@@HQEBDI@Z 0000000180033cb0     libucrt:write.obj
 0004:00001cbc       $pdata$?write_text_utf8_nolock@@YA?AUwrite_result@?A0x17268360@@HQEBDI@Z 0000000180033cbc     libucrt:write.obj
 0004:00001cc8       $pdata$??$common_lseek_nolock@_J@@YA_JH_JH@Z 0000000180033cc8     libucrt:lseek.obj
 0004:00001cd4       $pdata$fclose              0000000180033cd4     libucrt:fclose.obj
 0004:00001ce0       $pdata$fclose$fin$0        0000000180033ce0     libucrt:fclose.obj
 0004:00001cec       $pdata$_fclose_nolock      0000000180033cec     libucrt:fclose.obj
 0004:00001cf8       $pdata$_commit             0000000180033cf8     libucrt:commit.obj
 0004:00001d04       $pdata$??$?RV<lambda_a37b2b86f63e897a80ea819b0eb08c01>@@AEAV<lambda_38ce7e780aa69e748d6df282ebc68efe>@@V<lambda_99fb1378e971ab6e7edea83e3a7a83a2>@@@?$__crt_seh_guarded_call@H@@QEAAH$$QEAV<lambda_a37b2b86f63e897a80ea819b0eb08c01>@@AEAV<lambda_38ce7e780aa69e748d6df282ebc68efe>@@$$QEAV<lambda_99fb1378e971ab6e7edea83e3a7a83a2>@@@Z 0000000180033d04     libucrt:commit.obj
 0004:00001d10       $pdata$?fin$0@?0???$?RV<lambda_a37b2b86f63e897a80ea819b0eb08c01>@@AEAV<lambda_38ce7e780aa69e748d6df282ebc68efe>@@V<lambda_99fb1378e971ab6e7edea83e3a7a83a2>@@@?$__crt_seh_guarded_call@H@@QEAAH$$QEAV<lambda_a37b2b86f63e897a80ea819b0eb08c01>@@AEAV<lambda_38ce7e780aa69e748d6df282ebc68efe>@@$$QEAV<lambda_99fb1378e971ab6e7edea83e3a7a83a2>@@@Z@4HA 0000000180033d10     libucrt:commit.obj
 0004:00001d10       $pdata$?fin$0@?0???$?RV<lambda_751a882b2c74d4b022dec766aa51a29a>@@AEAV<lambda_628dfdc04ba53c8bfc02c9951375f3f5>@@V<lambda_f6c7be5f7998530c34de24c7437d6b54>@@@?$__crt_seh_guarded_call@H@@QEAAH$$QEAV<lambda_751a882b2c74d4b022dec766aa51a29a>@@AEAV<lambda_628dfdc04ba53c8bfc02c9951375f3f5>@@$$QEAV<lambda_f6c7be5f7998530c34de24c7437d6b54>@@@Z@4HA 0000000180033d10     libucrt:close.obj
 0004:00001d1c       $pdata$_setfpstatusword    0000000180033d1c     libucrt:_fenvutils.obj
 0004:00001d28       $pdata$_getfpcontrolword   0000000180033d28     libucrt:_fenvutils.obj
 0004:00001d34       $pdata$_getfpstatusword    0000000180033d34     libucrt:_fenvutils.obj
 0004:00001d40       $pdata$_clearfp            0000000180033d40     libucrt:ieee.obj
 0004:00001d4c       $pdata$common_control87    0000000180033d4c     libucrt:ieee.obj
 0004:00001d58       $pdata$_ctrlfp$filt$0      0000000180033d58     libucrt:fpctrl.obj
 0004:00001d58       $pdata$common_control87$filt$0 0000000180033d58     libucrt:ieee.obj
 0004:00001d64       $pdata$_call_matherr       0000000180033d64     libucrt:libm_error.obj
 0004:00001d70       $pdata$_exception_enabled  0000000180033d70     libucrt:libm_error.obj
 0004:00001d7c       $pdata$_handle_error       0000000180033d7c     libucrt:libm_error.obj
 0004:00001d88       $pdata$__acrt_initialize_fma3 0000000180033d88     libucrt:fma3_available.obj
 0004:00001d94       $pdata$_log_special_common 0000000180033d94     libucrt:log_special.obj
 0004:00001da0       $pdata$_log10_special      0000000180033da0     libucrt:log_special.obj
 0004:00001dac       $pdata$_putwch_nolock      0000000180033dac     libucrt:putwch.obj
 0004:00001db8       $pdata$_close              0000000180033db8     libucrt:close.obj
 0004:00001dc4       $pdata$_close_nolock       0000000180033dc4     libucrt:close.obj
 0004:00001dd0       $pdata$??$?RV<lambda_751a882b2c74d4b022dec766aa51a29a>@@AEAV<lambda_628dfdc04ba53c8bfc02c9951375f3f5>@@V<lambda_f6c7be5f7998530c34de24c7437d6b54>@@@?$__crt_seh_guarded_call@H@@QEAAH$$QEAV<lambda_751a882b2c74d4b022dec766aa51a29a>@@AEAV<lambda_628dfdc04ba53c8bfc02c9951375f3f5>@@$$QEAV<lambda_f6c7be5f7998530c34de24c7437d6b54>@@@Z 0000000180033dd0     libucrt:close.obj
 0004:00001de8       $pdata$_set_errno_from_matherr 0000000180033de8     libucrt:fpexcept.obj
 0004:00001df4       $pdata$_raise_exc          0000000180033df4     libucrt:fpexcept.obj
 0004:00001e00       $pdata$_raise_exc_ex       0000000180033e00     libucrt:fpexcept.obj
 0004:00001e0c       $pdata$_clrfp              0000000180033e0c     libucrt:fpctrl.obj
 0004:00001e18       $pdata$_ctrlfp             0000000180033e18     libucrt:fpctrl.obj
 0004:00001e24       $pdata$_statfp             0000000180033e24     libucrt:fpctrl.obj
 0004:00001e30       $pdata$_set_statfp         0000000180033e30     libucrt:fpctrl.obj
 0004:00001e3c       $pdata$__dcrt_lowio_initialize_console_output 0000000180033e3c     libucrt:initcon.obj
 0004:00001e48       $pdata$__dcrt_terminate_console_output 0000000180033e48     libucrt:initcon.obj
 0004:00001e54       $pdata$_IsNonwritableInCurrentImage 0000000180033e54     LIBCMT:pesect.obj
 0004:00001e60       $pdata$_IsNonwritableInCurrentImage$filt$0 0000000180033e60     LIBCMT:pesect.obj
 0004:00001e6c       $pdata$strrchr             0000000180033e6c     libvcruntime:strrchr.obj
 0005:00000220       $R000000                   0000000180034220     POSKeyboard.res
 0005:00000b98       $R000978                   0000000180034b98     POSKeyboard.res
 0005:00000c80       $R000A60                   0000000180034c80     POSKeyboard.res
 0005:00000ee8       $R000CC8                   0000000180034ee8     POSKeyboard.res
 0005:00001418       $R0011F8                   0000000180035418     POSKeyboard.res
 0005:00003b20       $R003900                   0000000180037b20     POSKeyboard.res
 0005:00003b58       $R003938                   0000000180037b58     POSKeyboard.res
