 OPOSImageScanner

 Timestamp is 5defa95d (Tue Dec 10 23:19:09 2019)

 Preferred load address is 0000000180000000

 Start         Length     Name                   Class
 0001:00000000 000000c0H .text$di                CODE
 0001:000000c0 00020270H .text$mn                CODE
 0001:00020330 00000020H .text$mn$00             CODE
 0001:00020350 00000490H .text$x                 CODE
 0001:000207e0 00000078H .text$yd                CODE
 0002:00000000 00000618H .idata$5                DATA
 0002:00000618 00000010H .00cfg                  DATA
 0002:00000628 00000008H .CRT$XCA                DATA
 0002:00000630 00000008H .CRT$XCL                DATA
 0002:00000638 00000020H .CRT$XCU                DATA
 0002:00000658 00000008H .CRT$XCZ                DATA
 0002:00000660 00000008H .CRT$XIA                DATA
 0002:00000668 00000020H .CRT$XIC                DATA
 0002:00000688 00000008H .CRT$XIZ                DATA
 0002:00000690 00000008H .CRT$XLA                DATA
 0002:00000698 00000008H .CRT$XLZ                DATA
 0002:000006a0 00000008H .CRT$XPA                DATA
 0002:000006a8 00000010H .CRT$XPX                DATA
 0002:000006b8 00000008H .CRT$XPXA               DATA
 0002:000006c0 00000008H .CRT$XPZ                DATA
 0002:000006c8 00000008H .CRT$XTA                DATA
 0002:000006d0 00000010H .CRT$XTZ                DATA
 0002:000006d8 00000000H .gfids$y                DATA
 0002:000006e0 0000a4d8H .rdata                  DATA
 0002:0000abb8 00000028H .rdata$T                DATA
 0002:0000abe0 00000274H .rdata$r                DATA
 0002:0000ae54 0000040cH .rdata$zzzdbg           DATA
 0002:0000b260 00000008H .rtc$IAA                DATA
 0002:0000b268 00000008H .rtc$IZZ                DATA
 0002:0000b270 00000008H .rtc$TAA                DATA
 0002:0000b278 00000008H .rtc$TZZ                DATA
 0002:0000b280 00000004H .tls                    DATA
 0002:0000b284 00000004H .tls$                   DATA
 0002:0000b288 00000008H .tls$ZZZ                DATA
 0002:0000b290 00001618H .xdata                  DATA
 0002:0000c8a8 00000150H .xdata$x                DATA
 0002:0000c9f8 00000008H ATL$__a                 DATA
 0002:0000ca00 00000010H ATL$__z                 DATA
 0002:0000ca10 000000b0H .edata                  DATA
 0002:0000cac0 00000078H .idata$2                DATA
 0002:0000cb38 00000018H .idata$3                DATA
 0002:0000cb50 00000618H .idata$4                DATA
 0002:0000d168 00000c24H .idata$6                DATA
 0003:00000000 00000d68H .data                   DATA
 0003:00000d68 000000c8H .data$r                 DATA
 0003:00000e30 0000140cH .bss                    DATA
 0004:00000000 00001e84H .pdata                  DATA
 0005:00000000 00000094H _RDATA                  DATA
 0006:00000000 00000220H .rsrc$01                DATA
 0006:00000220 000043c8H .rsrc$02                DATA

  Address         Publics by Value              Rva+Base               Lib:Object

 0000:00000000       __guard_fids_count         0000000000000000     <absolute>
 0000:00000000       __guard_longjmp_count      0000000000000000     <absolute>
 0000:00000000       __guard_longjmp_table      0000000000000000     <absolute>
 0000:00000000       __hybrid_code_map          0000000000000000     <absolute>
 0000:00000000       __guard_iat_count          0000000000000000     <absolute>
 0000:00000000       __volatile_metadata        0000000000000000     <absolute>
 0000:00000000       __guard_iat_table          0000000000000000     <absolute>
 0000:00000000       __hybrid_code_map_count    0000000000000000     <absolute>
 0000:00000000       __enclave_config           0000000000000000     <absolute>
 0000:00000000       ___safe_se_handler_count   0000000000000000     <absolute>
 0000:00000000       __AbsoluteZero             0000000000000000     <absolute>
 0000:00000000       ___safe_se_handler_table   0000000000000000     <absolute>
 0000:00000000       __guard_fids_table         0000000000000000     <absolute>
 0000:00000000       __hybrid_auxiliary_iat     0000000000000000     <absolute>
 0000:00000000       __dynamic_value_reloc_table 0000000000000000     <absolute>
 0000:00000100       __guard_flags              0000000000000100     <absolute>
 0000:00000000       __ImageBase                0000000180000000     <linker-defined>
 0001:000000c0       ?DupWide@_CW@@AEAAXXZ      00000001800010c0 f   CWString.obj
 0001:000000e8       ?cw_dup@@YAXPEBDAEAHAEAPEA_W1@Z 00000001800010e8 f   CWString.obj
 0001:000001c8       ?cw_memcpy@@YAHPEA_WPEBDH@Z 00000001800011c8 f   CWString.obj
 0001:00000214       ?cw_strcpy@@YAHPEA_WPEBD@Z 0000000180001214 f   CWString.obj
 0001:00000228       ??0CAtlComModule@ATL@@QEAA@XZ 0000000180001228 f i OposVariant.obj
 0001:000002a8       ??0CAtlWinModule@ATL@@QEAA@XZ 00000001800012a8 f i OposVariant.obj
 0001:00000314       ??0OposDispParms@@QEAA@PEAVOposVariant@@H@Z 0000000180001314 f   OposVariant.obj
 0001:000003bc       ??1OposDispParms@@QEAA@XZ  00000001800013bc f   OposVariant.obj
 0001:000003d4       ??_Estringdispid@CComTypeInfoHolder@ATL@@QEAAPEAXI@Z 00000001800013d4 f i OposVariant.obj
 0001:00000478       ?AtlWinModuleTerm@ATL@@YAJPEAU_ATL_WIN_MODULE70@1@PEAUHINSTANCE__@@@Z 0000000180001478 f i OposVariant.obj
 0001:00000528       ?ChangeBSTR@OposVariant@@QEAAXPEAPEA_WAEAJ@Z 0000000180001528 f   OposVariant.obj
 0001:00000588       ?ChangeLONG@OposVariant@@QEAAXPEAJAEAJ@Z 0000000180001588 f   OposVariant.obj
 0001:000005e4       ?GetLONG@OposVariant@@QEAAJXZ 00000001800015e4 f   OposVariant.obj
 0001:00000608       ?SetBSTR@OposVariant@@QEAAXPEA_WAEAJ@Z 0000000180001608 f   OposVariant.obj
 0001:00000648       ?SetBSTR_Copy@OposVariant@@QEAAXPEA_WAEAJ@Z 0000000180001648 f   OposVariant.obj
 0001:000006b8       ?SetBSTR_InOutPtr@OposVariant@@QEAA_NPEAPEA_WAEAJ@Z 00000001800016b8 f   OposVariant.obj
 0001:00000708       ?SetDispatch_Ptr@OposVariant@@QEAAXPEAUIDispatch@@AEAJ@Z 0000000180001708 f   OposVariant.obj
 0001:00000760       ?SetLONG@OposVariant@@QEAAXJ@Z 0000000180001760 f   OposVariant.obj
 0001:00000790       ?SetLONG_Ptr@OposVariant@@QEAAXPEAJAEAJ@Z 0000000180001790 f   OposVariant.obj
 0001:000007dc       ?SetString@OposVariant@@QEAAXPEB_WAEAJ@Z 00000001800017dc f   OposVariant.obj
 0001:00000840       ?SetVARIANT_BOOL@OposVariant@@QEAAXF@Z 0000000180001840 f   OposVariant.obj
 0001:00000878       ?Term@CAtlComModule@ATL@@QEAAXXZ 0000000180001878 f i OposVariant.obj
 0001:000008e8       ?_AtlInitializeCriticalSectionEx@ATL@@YAHPEAU_RTL_CRITICAL_SECTION@@KK@Z 00000001800018e8 f i OposVariant.obj
 0001:000008f0       ?_AtlRaiseException@ATL@@YAXKK@Z 00000001800018f0 f i OposVariant.obj
 0001:00000900       ?GetWindowProc@?$CWindowImplBaseT@VCWindow@ATL@@V?$CWinTraits@$0FGAAAAAA@$0A@@2@@ATL@@UEAAP6A_JPEAUHWND__@@I_K_J@ZXZ 0000000180001900 f i ImageScanner.obj
 0001:00000908       ?StartWindowProc@?$CWindowImplBaseT@VCWindow@ATL@@V?$CWinTraits@$0FGAAAAAA@$0A@@2@@ATL@@SA_JPEAUHWND__@@I_K_J@Z 0000000180001908 f i ImageScanner.obj
 0001:000009cc       _guard_check_icall_nop     00000001800019cc f i LIBCMT:guard_support.obj
 0001:000009cc       ?OnFinalMessage@?$CWindowImplBaseT@VCWindow@ATL@@V?$CWinTraits@$0FGAAAAAA@$0A@@2@@ATL@@UEAAXPEAUHWND__@@@Z 00000001800019cc f i ImageScanner.obj
 0001:000009cc       ?ObjectMain@CComObjectRootBase@ATL@@SAX_N@Z 00000001800019cc f i ImageScanner.obj
 0001:000009d0       ?GetTypeInfoCount@?$IDispatchImpl@UIOPOSImageScanner@@$1?IID_IOPOSImageScanner@@3U_GUID@@B$1?LIBID_OposImageScanner_CCO@@3U3@B$00$0A@VCComTypeInfoHolder@ATL@@@ATL@@UEAAJPEAI@Z 00000001800019d0 f i ImageScanner.obj
 0001:000009e4       ?GetTypeInfo@?$IDispatchImpl@UIOPOSImageScanner@@$1?IID_IOPOSImageScanner@@3U_GUID@@B$1?LIBID_OposImageScanner_CCO@@3U3@B$00$0A@VCComTypeInfoHolder@ATL@@@ATL@@UEAAJIKPEAPEAUITypeInfo@@@Z 00000001800019e4 f i ImageScanner.obj
 0001:00000a48       ?GetIDsOfNames@?$IDispatchImpl@UIOPOSImageScanner@@$1?IID_IOPOSImageScanner@@3U_GUID@@B$1?LIBID_OposImageScanner_CCO@@3U3@B$00$0A@VCComTypeInfoHolder@ATL@@@ATL@@UEAAJAEBU_GUID@@PEAPEA_WIKPEAJ@Z 0000000180001a48 f i ImageScanner.obj
 0001:00000a54       ?Invoke@?$IDispatchImpl@UIOPOSImageScanner@@$1?IID_IOPOSImageScanner@@3U_GUID@@B$1?LIBID_OposImageScanner_CCO@@3U3@B$00$0A@VCComTypeInfoHolder@ATL@@@ATL@@UEAAJJAEBU_GUID@@KGPEAUtagDISPPARAMS@@PEAUtagVARIANT@@PEAUtagEXCEPINFO@@PEAI@Z 0000000180001a54 f i ImageScanner.obj
 0001:00000ae4       ?CreateControlWindow@?$CComControl@VCOPOSImageScanner@@V?$CWindowImpl@VCOPOSImageScanner@@VCWindow@ATL@@V?$CWinTraits@$0FGAAAAAA@$0A@@3@@ATL@@@ATL@@UEAAPEAUHWND__@@PEAU3@AEAUtagRECT@@@Z 0000000180001ae4 f i ImageScanner.obj
 0001:00000b1c       ?ControlQueryInterface@?$CComControl@VCOPOSImageScanner@@V?$CWindowImpl@VCOPOSImageScanner@@VCWindow@ATL@@V?$CWinTraits@$0FGAAAAAA@$0A@@3@@ATL@@@ATL@@UEAAJAEBU_GUID@@PEAPEAX@Z 0000000180001b1c f i ImageScanner.obj
 0001:00000b30       ?GetClassID@?$IPersistStorageImpl@VCOPOSImageScanner@@@ATL@@UEAAJPEAU_GUID@@@Z 0000000180001b30 f i ImageScanner.obj
 0001:00000b30       ?GetUserClassID@?$IOleObjectImpl@VCOPOSImageScanner@@@ATL@@UEAAJPEAU_GUID@@@Z 0000000180001b30 f i ImageScanner.obj
 0001:00000b30       ?GetClassID@?$IPersistStreamInitImpl@VCOPOSImageScanner@@@ATL@@UEAAJPEAU_GUID@@@Z 0000000180001b30 f i ImageScanner.obj
 0001:00000b4c       ?IsDirty@?$IPersistStreamInitImpl@VCOPOSImageScanner@@@ATL@@UEAAJXZ 0000000180001b4c f i ImageScanner.obj
 0001:00000b68       ?Load@?$IPersistStreamInitImpl@VCOPOSImageScanner@@@ATL@@UEAAJPEAUIStream@@@Z 0000000180001b68 f i ImageScanner.obj
 0001:00000b80       ?Save@?$IPersistStreamInitImpl@VCOPOSImageScanner@@@ATL@@UEAAJPEAUIStream@@H@Z 0000000180001b80 f i ImageScanner.obj
 0001:00000b98       ?GetSizeMax@?$IPersistStreamInitImpl@VCOPOSImageScanner@@@ATL@@UEAAJPEAT_ULARGE_INTEGER@@@Z 0000000180001b98 f i ImageScanner.obj
 0001:00000dc4       ?InitNew@?$IPersistStreamInitImpl@VCOPOSImageScanner@@@ATL@@UEAAJXZ 0000000180001dc4 f i ImageScanner.obj
 0001:00000ddc       ?ContextSensitiveHelp@?$IOleInPlaceActiveObjectImpl@VCOPOSImageScanner@@@ATL@@UEAAJH@Z 0000000180001ddc f i ImageScanner.obj
 0001:00000ddc       ?GetColorSet@?$IViewObjectExImpl@VCOPOSImageScanner@@@ATL@@UEAAJKJPEAXPEAUtagDVTARGETDEVICE@@PEAUHDC__@@PEAPEAUtagLOGPALETTE@@@Z 0000000180001ddc f i ImageScanner.obj
 0001:00000ddc       ?QueryGetData@?$IDataObjectImpl@VCOPOSImageScanner@@@ATL@@UEAAJPEAUtagFORMATETC@@@Z 0000000180001ddc f i ImageScanner.obj
 0001:00000ddc       ?GetCanonicalFormatEtc@?$IDataObjectImpl@VCOPOSImageScanner@@@ATL@@UEAAJPEAUtagFORMATETC@@0@Z 0000000180001ddc f i ImageScanner.obj
 0001:00000ddc       ?GetMoniker@?$IOleObjectImpl@VCOPOSImageScanner@@@ATL@@UEAAJKKPEAPEAUIMoniker@@@Z 0000000180001ddc f i ImageScanner.obj
 0001:00000ddc       ?EnumFormatEtc@?$IDataObjectImpl@VCOPOSImageScanner@@@ATL@@UEAAJKPEAPEAUIEnumFORMATETC@@@Z 0000000180001ddc f i ImageScanner.obj
 0001:00000ddc       ?GetDropTarget@?$IOleInPlaceObjectWindowlessImpl@VCOPOSImageScanner@@@ATL@@UEAAJPEAPEAUIDropTarget@@@Z 0000000180001ddc f i ImageScanner.obj
 0001:00000ddc       ?GetControlInfo@?$IOleControlImpl@VCOPOSImageScanner@@@ATL@@UEAAJPEAUtagCONTROLINFO@@@Z 0000000180001ddc f i ImageScanner.obj
 0001:00000ddc       ?GetClipboardData@?$IOleObjectImpl@VCOPOSImageScanner@@@ATL@@UEAAJKPEAPEAUIDataObject@@@Z 0000000180001ddc f i ImageScanner.obj
 0001:00000ddc       ?Unfreeze@?$IViewObjectExImpl@VCOPOSImageScanner@@@ATL@@UEAAJK@Z 0000000180001ddc f i ImageScanner.obj
 0001:00000ddc       ?QueryInterface@CRegObject@ATL@@UEAAJAEBU_GUID@@PEAPEAX@Z 0000000180001ddc f i ImageScanner.obj
 0001:00000ddc       ?GetRect@?$IViewObjectExImpl@VCOPOSImageScanner@@@ATL@@UEAAJKPEAU_RECTL@@@Z 0000000180001ddc f i ImageScanner.obj
 0001:00000ddc       ?SetData@?$IDataObjectImpl@VCOPOSImageScanner@@@ATL@@UEAAJPEAUtagFORMATETC@@PEAUtagSTGMEDIUM@@H@Z 0000000180001ddc f i ImageScanner.obj
 0001:00000ddc       ?SetColorScheme@?$IOleObjectImpl@VCOPOSImageScanner@@@ATL@@UEAAJPEAUtagLOGPALETTE@@@Z 0000000180001ddc f i ImageScanner.obj
 0001:00000ddc       ?Freeze@?$IViewObjectExImpl@VCOPOSImageScanner@@@ATL@@UEAAJKJPEAXPEAK@Z 0000000180001ddc f i ImageScanner.obj
 0001:00000ddc       ?SetMoniker@?$IOleObjectImpl@VCOPOSImageScanner@@@ATL@@UEAAJKPEAUIMoniker@@@Z 0000000180001ddc f i ImageScanner.obj
 0001:00000ddc       ?ContextSensitiveHelp@?$IOleInPlaceObjectWindowlessImpl@VCOPOSImageScanner@@@ATL@@UEAAJH@Z 0000000180001ddc f i ImageScanner.obj
 0001:00000ddc       ?InitFromData@?$IOleObjectImpl@VCOPOSImageScanner@@@ATL@@UEAAJPEAUIDataObject@@HK@Z 0000000180001ddc f i ImageScanner.obj
 0001:00000ddc       ?SOOutputCompleteDummy@COPOSImageScanner@@MEAAJJ@Z 0000000180001ddc f i ImageScanner.obj
 0001:00000ddc       ?GetDataHere@?$IDataObjectImpl@VCOPOSImageScanner@@@ATL@@UEAAJPEAUtagFORMATETC@@PEAUtagSTGMEDIUM@@@Z 0000000180001ddc f i ImageScanner.obj
 0001:00000ddc       ?OnMnemonic@?$IOleControlImpl@VCOPOSImageScanner@@@ATL@@UEAAJPEAUtagMSG@@@Z 0000000180001ddc f i ImageScanner.obj
 0001:00000ddc       ?ReactivateAndUndo@?$IOleInPlaceObjectWindowlessImpl@VCOPOSImageScanner@@@ATL@@UEAAJXZ 0000000180001ddc f i ImageScanner.obj
 0001:00000de4       ?SaveCompleted@?$IPersistStorageImpl@VCOPOSImageScanner@@@ATL@@UEAAJPEAUIStorage@@@Z 0000000180001de4 f i ImageScanner.obj
 0001:00000de4       ?HandsOffStorage@?$IPersistStorageImpl@VCOPOSImageScanner@@@ATL@@UEAAJXZ 0000000180001de4 f i ImageScanner.obj
 0001:00000de4       ?GetObjectDescription@?$CComCoClass@VCOPOSImageScanner@@$1?CLSID_OPOSImageScanner@@3U_GUID@@B@ATL@@SAPEB_WXZ 0000000180001de4 f i ImageScanner.obj
 0001:00000de4       ?SetHostNames@?$IOleObjectImpl@VCOPOSImageScanner@@@ATL@@UEAAJPEB_W0@Z 0000000180001de4 f i ImageScanner.obj
 0001:00000de4       ?OnAmbientPropertyChange@?$IOleControlImpl@VCOPOSImageScanner@@@ATL@@UEAAJJ@Z 0000000180001de4 f i ImageScanner.obj
 0001:00000de4       ?OnFrameWindowActivate@?$IOleInPlaceActiveObjectImpl@VCOPOSImageScanner@@@ATL@@UEAAJH@Z 0000000180001de4 f i ImageScanner.obj
 0001:00000de4       ?Release@CRegObject@ATL@@UEAAKXZ 0000000180001de4 f i ImageScanner.obj
 0001:00000de4       ?EnableModeless@?$IOleInPlaceActiveObjectImpl@VCOPOSImageScanner@@@ATL@@UEAAJH@Z 0000000180001de4 f i ImageScanner.obj
 0001:00000de4       ?Update@?$IOleObjectImpl@VCOPOSImageScanner@@@ATL@@UEAAJXZ 0000000180001de4 f i ImageScanner.obj
 0001:00000de4       ?GetCategoryMap@CComObjectRootBase@ATL@@SAPEBU_ATL_CATMAP_ENTRY@2@XZ 0000000180001de4 f i ImageScanner.obj
 0001:00000de4       ?IsUpToDate@?$IOleObjectImpl@VCOPOSImageScanner@@@ATL@@UEAAJXZ 0000000180001de4 f i ImageScanner.obj
 0001:00000de4       ?ResizeBorder@?$IOleInPlaceActiveObjectImpl@VCOPOSImageScanner@@@ATL@@UEAAJPEBUtagRECT@@PEAUIOleInPlaceUIWindow@@H@Z 0000000180001de4 f i ImageScanner.obj
 0001:00000de8       ?SetClientSite@?$IOleObjectImpl@VCOPOSImageScanner@@@ATL@@UEAAJPEAUIOleClientSite@@@Z 0000000180001de8 f i ImageScanner.obj
 0001:00000e04       ?GetClientSite@?$IOleObjectImpl@VCOPOSImageScanner@@@ATL@@UEAAJPEAPEAUIOleClientSite@@@Z 0000000180001e04 f i ImageScanner.obj
 0001:00000e4c       ?Close@?$IOleObjectImpl@VCOPOSImageScanner@@@ATL@@UEAAJK@Z 0000000180001e4c f i ImageScanner.obj
 0001:00000e68       ?DoVerb@?$IOleObjectImpl@VCOPOSImageScanner@@@ATL@@UEAAJJPEAUtagMSG@@PEAUIOleClientSite@@JPEAUHWND__@@PEBUtagRECT@@@Z 0000000180001e68 f i ImageScanner.obj
 0001:0000100c       ?EnumVerbs@?$IOleObjectImpl@VCOPOSImageScanner@@@ATL@@UEAAJPEAPEAUIEnumOLEVERB@@@Z 000000018000200c f i ImageScanner.obj
 0001:00001028       ?GetUserType@?$IOleObjectImpl@VCOPOSImageScanner@@@ATL@@UEAAJKPEAPEA_W@Z 0000000180002028 f i ImageScanner.obj
 0001:00001038       ?SetExtent@?$IOleObjectImpl@VCOPOSImageScanner@@@ATL@@UEAAJKPEAUtagSIZE@@@Z 0000000180002038 f i ImageScanner.obj
 0001:00001054       ?GetExtent@?$IOleObjectImpl@VCOPOSImageScanner@@@ATL@@UEAAJKPEAUtagSIZE@@@Z 0000000180002054 f i ImageScanner.obj
 0001:00001084       ?Advise@?$IOleObjectImpl@VCOPOSImageScanner@@@ATL@@UEAAJPEAUIAdviseSink@@PEAK@Z 0000000180002084 f i ImageScanner.obj
 0001:000010e0       ?Unadvise@?$IOleObjectImpl@VCOPOSImageScanner@@@ATL@@UEAAJK@Z 00000001800020e0 f i ImageScanner.obj
 0001:00001118       ?EnumAdvise@?$IOleObjectImpl@VCOPOSImageScanner@@@ATL@@UEAAJPEAPEAUIEnumSTATDATA@@@Z 0000000180002118 f i ImageScanner.obj
 0001:00001160       ?GetMiscStatus@?$IOleObjectImpl@VCOPOSImageScanner@@@ATL@@UEAAJKPEAK@Z 0000000180002160 f i ImageScanner.obj
 0001:00001170       ?GetWindow@?$IOleInPlaceActiveObjectImpl@VCOPOSImageScanner@@@ATL@@UEAAJPEAPEAUHWND__@@@Z 0000000180002170 f i ImageScanner.obj
 0001:000011c4       ?TranslateAcceleratorW@?$IOleInPlaceActiveObjectImpl@VCOPOSImageScanner@@@ATL@@UEAAJPEAUtagMSG@@@Z 00000001800021c4 f i ImageScanner.obj
 0001:000012b8       ?OnDocWindowActivate@?$IOleInPlaceActiveObjectImpl@VCOPOSImageScanner@@@ATL@@UEAAJH@Z 00000001800022b8 f i ImageScanner.obj
 0001:000012e4       ?Draw@?$IViewObjectExImpl@VCOPOSImageScanner@@@ATL@@UEAAJKJPEAXPEAUtagDVTARGETDEVICE@@PEAUHDC__@@2PEBU_RECTL@@3P6AH_K@Z4@Z 00000001800022e4 f i ImageScanner.obj
 0001:00001348       ?SetAdvise@?$IViewObjectExImpl@VCOPOSImageScanner@@@ATL@@UEAAJKKPEAUIAdviseSink@@@Z 0000000180002348 f i ImageScanner.obj
 0001:0000139c       ?GetAdvise@?$IViewObjectExImpl@VCOPOSImageScanner@@@ATL@@UEAAJPEAK0PEAPEAUIAdviseSink@@@Z 000000018000239c f i ImageScanner.obj
 0001:000013d8       ?GetExtent@?$IViewObjectExImpl@VCOPOSImageScanner@@@ATL@@UEAAJKJPEAUtagDVTARGETDEVICE@@PEAUtagSIZE@@@Z 00000001800023d8 f i ImageScanner.obj
 0001:00001408       ?GetViewStatus@?$IViewObjectExImpl@VCOPOSImageScanner@@@ATL@@UEAAJPEAK@Z 0000000180002408 f i ImageScanner.obj
 0001:0000141c       ?QueryHitPoint@?$IViewObjectExImpl@VCOPOSImageScanner@@@ATL@@UEAAJKPEBUtagRECT@@UtagPOINT@@JPEAK@Z 000000018000241c f i ImageScanner.obj
 0001:00001460       ?QueryHitRect@?$IViewObjectExImpl@VCOPOSImageScanner@@@ATL@@UEAAJKPEBUtagRECT@@0JPEAK@Z 0000000180002460 f i ImageScanner.obj
 0001:000014c8       ?GetNaturalExtent@?$IViewObjectExImpl@VCOPOSImageScanner@@@ATL@@UEAAJKJPEAUtagDVTARGETDEVICE@@PEAUHDC__@@PEAUtagExtentInfo@@PEAUtagSIZE@@@Z 00000001800024c8 f i ImageScanner.obj
 0001:00001510       ?GetWindow@?$IOleInPlaceObjectWindowlessImpl@VCOPOSImageScanner@@@ATL@@UEAAJPEAPEAUHWND__@@@Z 0000000180002510 f i ImageScanner.obj
 0001:00001564       ?InPlaceDeactivate@?$IOleInPlaceObjectWindowlessImpl@VCOPOSImageScanner@@@ATL@@UEAAJXZ 0000000180002564 f i ImageScanner.obj
 0001:00001580       ?UIDeactivate@?$IOleInPlaceObjectWindowlessImpl@VCOPOSImageScanner@@@ATL@@UEAAJXZ 0000000180002580 f i ImageScanner.obj
 0001:0000159c       ?SetObjectRects@?$IOleInPlaceObjectWindowlessImpl@VCOPOSImageScanner@@@ATL@@UEAAJPEBUtagRECT@@0@Z 000000018000259c f i ImageScanner.obj
 0001:000015b8       ?OnWindowMessage@?$IOleInPlaceObjectWindowlessImpl@VCOPOSImageScanner@@@ATL@@UEAAJI_K_JPEA_J@Z 00000001800025b8 f i ImageScanner.obj
 0001:00001680       ?EnumConnectionPoints@?$IConnectionPointContainerImpl@VCOPOSImageScanner@@@ATL@@UEAAJPEAPEAUIEnumConnectionPoints@@@Z 0000000180002680 f i ImageScanner.obj
 0001:000018c4       ?FindConnectionPoint@?$IConnectionPointContainerImpl@VCOPOSImageScanner@@@ATL@@UEAAJAEBU_GUID@@PEAPEAUIConnectionPoint@@@Z 00000001800028c4 f i ImageScanner.obj
 0001:00001994       ?IsDirty@?$IPersistStorageImpl@VCOPOSImageScanner@@@ATL@@UEAAJXZ 0000000180002994 f i ImageScanner.obj
 0001:000019d8       ?InitNew@?$IPersistStorageImpl@VCOPOSImageScanner@@@ATL@@UEAAJPEAUIStorage@@@Z 00000001800029d8 f i ImageScanner.obj
 0001:00001a1c       ?Load@?$IPersistStorageImpl@VCOPOSImageScanner@@@ATL@@UEAAJPEAUIStorage@@@Z 0000000180002a1c f i ImageScanner.obj
 0001:00001abc       ?Save@?$IPersistStorageImpl@VCOPOSImageScanner@@@ATL@@UEAAJPEAUIStorage@@H@Z 0000000180002abc f i ImageScanner.obj
 0001:00001b6c       ?GetPages@?$ISpecifyPropertyPagesImpl@VCOPOSImageScanner@@@ATL@@UEAAJPEAUtagCAUUID@@@Z 0000000180002b6c f i ImageScanner.obj
 0001:00001b78       ?QuickActivate@?$IQuickActivateImpl@VCOPOSImageScanner@@@ATL@@UEAAJPEAUtagQACONTAINER@@PEAUtagQACONTROL@@@Z 0000000180002b78 f i ImageScanner.obj
 0001:00001b94       ?SetContentExtent@?$IQuickActivateImpl@VCOPOSImageScanner@@@ATL@@UEAAJPEAUtagSIZE@@@Z 0000000180002b94 f i ImageScanner.obj
 0001:00001bc8       ?GetContentExtent@?$IQuickActivateImpl@VCOPOSImageScanner@@@ATL@@UEAAJPEAUtagSIZE@@@Z 0000000180002bc8 f i ImageScanner.obj
 0001:00001c00       ?GetData@?$IDataObjectImpl@VCOPOSImageScanner@@@ATL@@UEAAJPEAUtagFORMATETC@@PEAUtagSTGMEDIUM@@@Z 0000000180002c00 f i ImageScanner.obj
 0001:00001c1c       ?DAdvise@?$IDataObjectImpl@VCOPOSImageScanner@@@ATL@@UEAAJPEAUtagFORMATETC@@KPEAUIAdviseSink@@PEAK@Z 0000000180002c1c f i ImageScanner.obj
 0001:00001ca4       ?DUnadvise@?$IDataObjectImpl@VCOPOSImageScanner@@@ATL@@UEAAJK@Z 0000000180002ca4 f i ImageScanner.obj
 0001:00001cd0       ?EnumDAdvise@?$IDataObjectImpl@VCOPOSImageScanner@@@ATL@@UEAAJPEAPEAUIEnumSTATDATA@@@Z 0000000180002cd0 f i ImageScanner.obj
 0001:00001d0c       ?GetClassInfoW@?$IProvideClassInfo2Impl@$1?CLSID_OPOSImageScanner@@3U_GUID@@B$1?DIID__IOPOSImageScannerEvents@@3U2@B$1?LIBID_OposImageScanner_CCO@@3U2@B$00$0A@VCComTypeInfoHolder@ATL@@@ATL@@UEAAJPEAPEAUITypeInfo@@@Z 0000000180002d0c f i ImageScanner.obj
 0001:00001d64       ?GetGUID@?$IProvideClassInfo2Impl@$1?CLSID_OPOSImageScanner@@3U_GUID@@B$1?DIID__IOPOSImageScannerEvents@@3U2@B$1?LIBID_OposImageScanner_CCO@@3U2@B$00$0A@VCComTypeInfoHolder@ATL@@@ATL@@UEAAJKPEAU_GUID@@@Z 0000000180002d64 f i ImageScanner.obj
 0001:00001d98       _get_startup_argv_mode     0000000180002d98 f i LIBCMT:argv_mode.obj
 0001:00001d98       ?AddRef@CRegObject@ATL@@UEAAKXZ 0000000180002d98 f i ImageScanner.obj
 0001:00001d98       ?FAccessAllowed@?$IObjectSafetyImpl@VCOPOSImageScanner@@$02@ATL@@MEAAHXZ 0000000180002d98 f i ImageScanner.obj
 0001:00001da0       ?GetInterfaceSafetyOptions@?$IObjectSafetyImpl@VCOPOSImageScanner@@$02@ATL@@UEAAJAEBU_GUID@@PEAK1@Z 0000000180002da0 f i ImageScanner.obj
 0001:00001e34       ?SetInterfaceSafetyOptions@?$IObjectSafetyImpl@VCOPOSImageScanner@@$02@ATL@@UEAAJAEBU_GUID@@KK@Z 0000000180002e34 f i ImageScanner.obj
 0001:00001ed8       ?_LocCPQueryInterface@?$IConnectionPointImpl@VCOPOSImageScanner@@$1?DIID__IOPOSImageScannerEvents@@3U_GUID@@BVCComDynamicUnkArray@ATL@@@ATL@@UEAAJAEBU_GUID@@PEAPEAX@Z 0000000180002ed8 f i ImageScanner.obj
 0001:00001ed8       ?_LocCPQueryInterface@?$IConnectionPointImpl@VCOPOSImageScanner@@$1?IID_IPropertyNotifySink@@3U_GUID@@BVCComDynamicUnkArray@ATL@@@ATL@@UEAAJAEBU_GUID@@PEAPEAX@Z 0000000180002ed8 f i ImageScanner.obj
 0001:00001f4c       ?GetConnectionInterface@?$IConnectionPointImpl@VCOPOSImageScanner@@$1?IID_IPropertyNotifySink@@3U_GUID@@BVCComDynamicUnkArray@ATL@@@ATL@@UEAAJPEAU_GUID@@@Z 0000000180002f4c f i ImageScanner.obj
 0001:00001f68       ?GetConnectionPointContainer@?$IConnectionPointImpl@VCOPOSImageScanner@@$1?IID_IPropertyNotifySink@@3U_GUID@@BVCComDynamicUnkArray@ATL@@@ATL@@UEAAJPEAPEAUIConnectionPointContainer@@@Z 0000000180002f68 f i ImageScanner.obj
 0001:00001f88       ?Advise@?$IConnectionPointImpl@VCOPOSImageScanner@@$1?IID_IPropertyNotifySink@@3U_GUID@@BVCComDynamicUnkArray@ATL@@@ATL@@UEAAJPEAUIUnknown@@PEAK@Z 0000000180002f88 f i ImageScanner.obj
 0001:00001f88       ?Advise@?$IConnectionPointImpl@VCOPOSImageScanner@@$1?DIID__IOPOSImageScannerEvents@@3U_GUID@@BVCComDynamicUnkArray@ATL@@@ATL@@UEAAJPEAUIUnknown@@PEAK@Z 0000000180002f88 f i ImageScanner.obj
 0001:00002048       ?Unadvise@?$IConnectionPointImpl@VCOPOSImageScanner@@$1?DIID__IOPOSImageScannerEvents@@3U_GUID@@BVCComDynamicUnkArray@ATL@@@ATL@@UEAAJK@Z 0000000180003048 f i ImageScanner.obj
 0001:00002048       ?Unadvise@?$IConnectionPointImpl@VCOPOSImageScanner@@$1?IID_IPropertyNotifySink@@3U_GUID@@BVCComDynamicUnkArray@ATL@@@ATL@@UEAAJK@Z 0000000180003048 f i ImageScanner.obj
 0001:000020c4       ?EnumConnections@?$IConnectionPointImpl@VCOPOSImageScanner@@$1?IID_IPropertyNotifySink@@3U_GUID@@BVCComDynamicUnkArray@ATL@@@ATL@@UEAAJPEAPEAUIEnumConnections@@@Z 00000001800030c4 f i ImageScanner.obj
 0001:000020c4       ?EnumConnections@?$IConnectionPointImpl@VCOPOSImageScanner@@$1?DIID__IOPOSImageScannerEvents@@3U_GUID@@BVCComDynamicUnkArray@ATL@@@ATL@@UEAAJPEAPEAUIEnumConnections@@@Z 00000001800030c4 f i ImageScanner.obj
 0001:0000227c       ?GetConnectionInterface@?$IConnectionPointImpl@VCOPOSImageScanner@@$1?DIID__IOPOSImageScannerEvents@@3U_GUID@@BVCComDynamicUnkArray@ATL@@@ATL@@UEAAJPEAU_GUID@@@Z 000000018000327c f i ImageScanner.obj
 0001:00002298       ?GetConnectionPointContainer@?$IConnectionPointImpl@VCOPOSImageScanner@@$1?DIID__IOPOSImageScannerEvents@@3U_GUID@@BVCComDynamicUnkArray@ATL@@@ATL@@UEAAJPEAPEAUIConnectionPointContainer@@@Z 0000000180003298 f i ImageScanner.obj
 0001:000022b8       ?UpdateRegistry@COPOSImageScanner@@SAJH@Z 00000001800032b8 f i ImageScanner.obj
 0001:000022d0       ?ProcessWindowMessage@COPOSImageScanner@@UEAAHPEAUHWND__@@I_K_JAEA_JK@Z 00000001800032d0 f i ImageScanner.obj
 0001:00002358       ?SOData@COPOSImageScanner@@MEAAJJ@Z 0000000180003358 f i ImageScanner.obj
 0001:000023a8       ?SODirectIO@COPOSImageScanner@@MEAAJJPEAJPEAPEA_W@Z 00000001800033a8 f i ImageScanner.obj
 0001:00002420       ?SOError@COPOSImageScanner@@MEAAJJJJPEAJ@Z 0000000180003420 f i ImageScanner.obj
 0001:000024a8       ?SOStatusUpdate@COPOSImageScanner@@MEAAJJ@Z 00000001800034a8 f i ImageScanner.obj
 0001:000024f8       ?Lock@CAtlModule@ATL@@UEAAJXZ 00000001800034f8 f i ImageScanner.obj
 0001:00002508       ?Unlock@CAtlModule@ATL@@UEAAJXZ 0000000180003508 f i ImageScanner.obj
 0001:00002514       ?GetLockCount@CAtlModule@ATL@@UEAAJXZ 0000000180003514 f i ImageScanner.obj
 0001:00002518       ?GetGITPtr@CAtlModule@ATL@@UEAAJPEAPEAUIGlobalInterfaceTable@@@Z 0000000180003518 f i ImageScanner.obj
 0001:00002588       ?CreateInstance@?$CComCreator@V?$CComObjectCached@VCComClassFactory@ATL@@@ATL@@@ATL@@SAJPEAXAEBU_GUID@@PEAPEAX@Z 0000000180003588 f i ImageScanner.obj
 0001:000026b4       ?CreateInstance@?$CComCreator2@V?$CComCreator@V?$CComObject@VCOPOSImageScanner@@@ATL@@@ATL@@V?$CComCreator@V?$CComAggObject@VCOPOSImageScanner@@@ATL@@@2@@ATL@@SAJPEAXAEBU_GUID@@PEAPEAX@Z 00000001800036b4 f i ImageScanner.obj
 0001:000026c4       ?AddRef@?$CComObjectCached@VCComClassFactory@ATL@@@ATL@@UEAAKXZ 00000001800036c4 f i ImageScanner.obj
 0001:000026f0       ?Release@?$CComObjectCached@VCComClassFactory@ATL@@@ATL@@UEAAKXZ 00000001800036f0 f i ImageScanner.obj
 0001:00002730       ?QueryInterface@?$CComObjectCached@VCComClassFactory@ATL@@@ATL@@UEAAJAEBU_GUID@@PEAPEAX@Z 0000000180003730 f i ImageScanner.obj
 0001:00002744       ??_G?$CComObjectCached@VCComClassFactory@ATL@@@ATL@@UEAAPEAXI@Z 0000000180003744 f i ImageScanner.obj
 0001:00002744       ??_E?$CComObjectCached@VCComClassFactory@ATL@@@ATL@@UEAAPEAXI@Z 0000000180003744 f i ImageScanner.obj
 0001:0000279c       ?AddCommonRGSReplacements@?$CAtlModuleT@VCComModule@ATL@@@ATL@@UEAAJPEAUIRegistrarBase@@@Z 000000018000379c f i ImageScanner.obj
 0001:000027b4       ?UpdateRegistryFromResourceD@CComModule@ATL@@UEAAJIHPEAU_ATL_REGMAP_ENTRY@2@@Z 00000001800037b4 f i ImageScanner.obj
 0001:000027b4       ?UpdateRegistryFromResourceD@CComModule@ATL@@UEAAJPEB_WHPEAU_ATL_REGMAP_ENTRY@2@@Z 00000001800037b4 f i ImageScanner.obj
 0001:000027bc       ?UpdateRegistryFromResource@CComModule@ATL@@UEAAJPEB_WHPEAU_ATL_REGMAP_ENTRY@2@@Z 00000001800037bc f i ImageScanner.obj
 0001:000027c4       ?UpdateRegistryFromResource@CComModule@ATL@@UEAAJIHPEAU_ATL_REGMAP_ENTRY@2@@Z 00000001800037c4 f i ImageScanner.obj
 0001:000027cc       ??_ECComModule@ATL@@UEAAPEAXI@Z 00000001800037cc f i ImageScanner.obj
 0001:000027cc       ??_GCComModule@ATL@@UEAAPEAXI@Z 00000001800037cc f i ImageScanner.obj
 0001:0000280c       ?Next@?$CComEnumImpl@UIEnumConnectionPoints@@$1?_GUID_b196b285_bab4_101a_b69c_00aa00341d07@@3U__s_GUID@@BPEAUIConnectionPoint@@V?$_CopyInterface@UIConnectionPoint@@@ATL@@@ATL@@UEAAJKPEAPEAUIConnectionPoint@@PEAK@Z 000000018000380c f i ImageScanner.obj
 0001:000028d8       ?Skip@?$CComEnumImpl@UIEnumConnectionPoints@@$1?_GUID_b196b285_bab4_101a_b69c_00aa00341d07@@3U__s_GUID@@BPEAUIConnectionPoint@@V?$_CopyInterface@UIConnectionPoint@@@ATL@@@ATL@@UEAAJK@Z 00000001800038d8 f i ImageScanner.obj
 0001:00002904       ?Reset@?$CComEnumImpl@UIEnumConnectionPoints@@$1?_GUID_b196b285_bab4_101a_b69c_00aa00341d07@@3U__s_GUID@@BPEAUIConnectionPoint@@V?$_CopyInterface@UIConnectionPoint@@@ATL@@@ATL@@UEAAJXZ 0000000180003904 f i ImageScanner.obj
 0001:00002904       ?Reset@?$CComEnumImpl@UIEnumConnections@@$1?_GUID_b196b287_bab4_101a_b69c_00aa00341d07@@3U__s_GUID@@BUtagCONNECTDATA@@V?$_Copy@UtagCONNECTDATA@@@ATL@@@ATL@@UEAAJXZ 0000000180003904 f i ImageScanner.obj
 0001:00002910       ?Clone@?$CComEnumImpl@UIEnumConnectionPoints@@$1?_GUID_b196b285_bab4_101a_b69c_00aa00341d07@@3U__s_GUID@@BPEAUIConnectionPoint@@V?$_CopyInterface@UIConnectionPoint@@@ATL@@@ATL@@UEAAJPEAPEAUIEnumConnectionPoints@@@Z 0000000180003910 f i ImageScanner.obj
 0001:00002a3c       ?AddRef@?$CComObject@V?$CComEnum@UIEnumConnections@@$1?_GUID_b196b287_bab4_101a_b69c_00aa00341d07@@3U__s_GUID@@BUtagCONNECTDATA@@V?$_Copy@UtagCONNECTDATA@@@ATL@@VCComSingleThreadModel@6@@ATL@@@ATL@@UEAAKXZ 0000000180003a3c f i ImageScanner.obj
 0001:00002a3c       ?AddRef@?$CComObject@V?$CComEnum@UIEnumConnectionPoints@@$1?_GUID_b196b285_bab4_101a_b69c_00aa00341d07@@3U__s_GUID@@BPEAUIConnectionPoint@@V?$_CopyInterface@UIConnectionPoint@@@ATL@@VCComSingleThreadModel@6@@ATL@@@ATL@@UEAAKXZ 0000000180003a3c f i ImageScanner.obj
 0001:00002a48       ?Release@?$CComObject@V?$CComEnum@UIEnumConnections@@$1?_GUID_b196b287_bab4_101a_b69c_00aa00341d07@@3U__s_GUID@@BUtagCONNECTDATA@@V?$_Copy@UtagCONNECTDATA@@@ATL@@VCComSingleThreadModel@6@@ATL@@@ATL@@UEAAKXZ 0000000180003a48 f i ImageScanner.obj
 0001:00002a48       ?Release@?$CComObject@V?$CComEnum@UIEnumConnectionPoints@@$1?_GUID_b196b285_bab4_101a_b69c_00aa00341d07@@3U__s_GUID@@BPEAUIConnectionPoint@@V?$_CopyInterface@UIConnectionPoint@@@ATL@@VCComSingleThreadModel@6@@ATL@@@ATL@@UEAAKXZ 0000000180003a48 f i ImageScanner.obj
 0001:00002a9c       ?QueryInterface@?$CComObject@V?$CComEnum@UIEnumConnectionPoints@@$1?_GUID_b196b285_bab4_101a_b69c_00aa00341d07@@3U__s_GUID@@BPEAUIConnectionPoint@@V?$_CopyInterface@UIConnectionPoint@@@ATL@@VCComSingleThreadModel@6@@ATL@@@ATL@@UEAAJAEBU_GUID@@PEAPEAX@Z 0000000180003a9c f i ImageScanner.obj
 0001:00002ab0       ??_G?$CComObject@V?$CComEnum@UIEnumConnectionPoints@@$1?_GUID_b196b285_bab4_101a_b69c_00aa00341d07@@3U__s_GUID@@BPEAUIConnectionPoint@@V?$_CopyInterface@UIConnectionPoint@@@ATL@@VCComSingleThreadModel@6@@ATL@@@ATL@@UEAAPEAXI@Z 0000000180003ab0 f i ImageScanner.obj
 0001:00002ab0       ??_E?$CComObject@V?$CComEnum@UIEnumConnectionPoints@@$1?_GUID_b196b285_bab4_101a_b69c_00aa00341d07@@3U__s_GUID@@BPEAUIConnectionPoint@@V?$_CopyInterface@UIConnectionPoint@@@ATL@@VCComSingleThreadModel@6@@ATL@@@ATL@@UEAAPEAXI@Z 0000000180003ab0 f i ImageScanner.obj
 0001:00002b08       ?AddReplacement@CRegObject@ATL@@UEAAJPEB_W0@Z 0000000180003b08 f i ImageScanner.obj
 0001:00002b38       ?ClearReplacements@CRegObject@ATL@@UEAAJXZ 0000000180003b38 f i ImageScanner.obj
 0001:00002b44       ??_GCRegObject@ATL@@UEAAPEAXI@Z 0000000180003b44 f i ImageScanner.obj
 0001:00002b44       ??_ECRegObject@ATL@@UEAAPEAXI@Z 0000000180003b44 f i ImageScanner.obj
 0001:00002bc4       ?AddRef@?$CComAggObject@VCOPOSImageScanner@@@ATL@@UEAAKXZ 0000000180003bc4 f i ImageScanner.obj
 0001:00002bd0       ?Release@?$CComAggObject@VCOPOSImageScanner@@@ATL@@UEAAKXZ 0000000180003bd0 f i ImageScanner.obj
 0001:00002c24       ?QueryInterface@?$CComAggObject@VCOPOSImageScanner@@@ATL@@UEAAJAEBU_GUID@@PEAPEAX@Z 0000000180003c24 f i ImageScanner.obj
 0001:00002c84       ?AddRef@?$CComContainedObject@VCOPOSImageScanner@@@ATL@@UEAAKXZ 0000000180003c84 f i ImageScanner.obj
 0001:00002c94       ?Release@?$CComContainedObject@VCOPOSImageScanner@@@ATL@@UEAAKXZ 0000000180003c94 f i ImageScanner.obj
 0001:00002ca4       ?QueryInterface@?$CComContainedObject@VCOPOSImageScanner@@@ATL@@UEAAJAEBU_GUID@@PEAPEAX@Z 0000000180003ca4 f i ImageScanner.obj
 0001:00002cb4       ??_E?$CComAggObject@VCOPOSImageScanner@@@ATL@@UEAAPEAXI@Z 0000000180003cb4 f i ImageScanner.obj
 0001:00002cb4       ??_G?$CComAggObject@VCOPOSImageScanner@@@ATL@@UEAAPEAXI@Z 0000000180003cb4 f i ImageScanner.obj
 0001:00002d0c       ?AddRef@?$CComObject@VCOPOSImageScanner@@@ATL@@UEAAKXZ 0000000180003d0c f i ImageScanner.obj
 0001:00002d1c       ?Release@?$CComObject@VCOPOSImageScanner@@@ATL@@UEAAKXZ 0000000180003d1c f i ImageScanner.obj
 0001:00002d74       ?QueryInterface@?$CComObject@VCOPOSImageScanner@@@ATL@@UEAAJAEBU_GUID@@PEAPEAX@Z 0000000180003d74 f i ImageScanner.obj
 0001:00002d88       ?OnDrawAdvanced@CComControlBase@ATL@@UEAAJAEAUATL_DRAWINFO@@@Z 0000000180003d88 f i ImageScanner.obj
 0001:00002f14       ?Next@?$CComEnumImpl@UIEnumConnections@@$1?_GUID_b196b287_bab4_101a_b69c_00aa00341d07@@3U__s_GUID@@BUtagCONNECTDATA@@V?$_Copy@UtagCONNECTDATA@@@ATL@@@ATL@@UEAAJKPEAUtagCONNECTDATA@@PEAK@Z 0000000180003f14 f i ImageScanner.obj
 0001:00002fe8       ?Skip@?$CComEnumImpl@UIEnumConnections@@$1?_GUID_b196b287_bab4_101a_b69c_00aa00341d07@@3U__s_GUID@@BUtagCONNECTDATA@@V?$_Copy@UtagCONNECTDATA@@@ATL@@@ATL@@UEAAJK@Z 0000000180003fe8 f i ImageScanner.obj
 0001:00003014       ?Clone@?$CComEnumImpl@UIEnumConnections@@$1?_GUID_b196b287_bab4_101a_b69c_00aa00341d07@@3U__s_GUID@@BUtagCONNECTDATA@@V?$_Copy@UtagCONNECTDATA@@@ATL@@@ATL@@UEAAJPEAPEAUIEnumConnections@@@Z 0000000180004014 f i ImageScanner.obj
 0001:00003140       ?QueryInterface@?$CComObject@V?$CComEnum@UIEnumConnections@@$1?_GUID_b196b287_bab4_101a_b69c_00aa00341d07@@3U__s_GUID@@BUtagCONNECTDATA@@V?$_Copy@UtagCONNECTDATA@@@ATL@@VCComSingleThreadModel@6@@ATL@@@ATL@@UEAAJAEBU_GUID@@PEAPEAX@Z 0000000180004140 f i ImageScanner.obj
 0001:00003154       ??_G?$CComObject@V?$CComEnum@UIEnumConnections@@$1?_GUID_b196b287_bab4_101a_b69c_00aa00341d07@@3U__s_GUID@@BUtagCONNECTDATA@@V?$_Copy@UtagCONNECTDATA@@@ATL@@VCComSingleThreadModel@6@@ATL@@@ATL@@UEAAPEAXI@Z 0000000180004154 f i ImageScanner.obj
 0001:00003154       ??_E?$CComObject@V?$CComEnum@UIEnumConnections@@$1?_GUID_b196b287_bab4_101a_b69c_00aa00341d07@@3U__s_GUID@@BUtagCONNECTDATA@@V?$_Copy@UtagCONNECTDATA@@@ATL@@VCComSingleThreadModel@6@@ATL@@@ATL@@UEAAPEAXI@Z 0000000180004154 f i ImageScanner.obj
 0001:000031ac       ??_E?$CComObject@VCOPOSImageScanner@@@ATL@@W7EAAPEAXI@Z 00000001800041ac f i ImageScanner.obj
 0001:000031b8       ??_E?$CComObject@VCOPOSImageScanner@@@ATL@@WHA@EAAPEAXI@Z 00000001800041b8 f i ImageScanner.obj
 0001:000031c4       ?QueryInterface@?$CComObject@VCOPOSImageScanner@@@ATL@@WLI@EAAJAEBU_GUID@@PEAPEAX@Z 00000001800041c4 f i ImageScanner.obj
 0001:000031d0       ?AddRef@?$CComObject@VCOPOSImageScanner@@@ATL@@WLI@EAAKXZ 00000001800041d0 f i ImageScanner.obj
 0001:000031dc       ?Release@?$CComObject@VCOPOSImageScanner@@@ATL@@WLI@EAAKXZ 00000001800041dc f i ImageScanner.obj
 0001:000031e8       ?QueryInterface@?$CComObject@VCOPOSImageScanner@@@ATL@@WMA@EAAJAEBU_GUID@@PEAPEAX@Z 00000001800041e8 f i ImageScanner.obj
 0001:000031f4       ?AddRef@?$CComObject@VCOPOSImageScanner@@@ATL@@WMA@EAAKXZ 00000001800041f4 f i ImageScanner.obj
 0001:00003200       ?Release@?$CComObject@VCOPOSImageScanner@@@ATL@@WMA@EAAKXZ 0000000180004200 f i ImageScanner.obj
 0001:0000320c       ?QueryInterface@?$CComObject@VCOPOSImageScanner@@@ATL@@WMI@EAAJAEBU_GUID@@PEAPEAX@Z 000000018000420c f i ImageScanner.obj
 0001:00003218       ?AddRef@?$CComObject@VCOPOSImageScanner@@@ATL@@WMI@EAAKXZ 0000000180004218 f i ImageScanner.obj
 0001:00003224       ?Release@?$CComObject@VCOPOSImageScanner@@@ATL@@WMI@EAAKXZ 0000000180004224 f i ImageScanner.obj
 0001:00003230       ?QueryInterface@?$CComObject@VCOPOSImageScanner@@@ATL@@WNA@EAAJAEBU_GUID@@PEAPEAX@Z 0000000180004230 f i ImageScanner.obj
 0001:0000323c       ?AddRef@?$CComObject@VCOPOSImageScanner@@@ATL@@WNA@EAAKXZ 000000018000423c f i ImageScanner.obj
 0001:00003248       ?Release@?$CComObject@VCOPOSImageScanner@@@ATL@@WNA@EAAKXZ 0000000180004248 f i ImageScanner.obj
 0001:00003254       ?QueryInterface@?$CComObject@VCOPOSImageScanner@@@ATL@@WNI@EAAJAEBU_GUID@@PEAPEAX@Z 0000000180004254 f i ImageScanner.obj
 0001:00003260       ?AddRef@?$CComObject@VCOPOSImageScanner@@@ATL@@WNI@EAAKXZ 0000000180004260 f i ImageScanner.obj
 0001:0000326c       ?Release@?$CComObject@VCOPOSImageScanner@@@ATL@@WNI@EAAKXZ 000000018000426c f i ImageScanner.obj
 0001:00003278       ?QueryInterface@?$CComObject@VCOPOSImageScanner@@@ATL@@WOA@EAAJAEBU_GUID@@PEAPEAX@Z 0000000180004278 f i ImageScanner.obj
 0001:00003284       ?AddRef@?$CComObject@VCOPOSImageScanner@@@ATL@@WOA@EAAKXZ 0000000180004284 f i ImageScanner.obj
 0001:00003290       ?Release@?$CComObject@VCOPOSImageScanner@@@ATL@@WOA@EAAKXZ 0000000180004290 f i ImageScanner.obj
 0001:0000329c       ?QueryInterface@?$CComObject@VCOPOSImageScanner@@@ATL@@WOI@EAAJAEBU_GUID@@PEAPEAX@Z 000000018000429c f i ImageScanner.obj
 0001:000032a8       ?AddRef@?$CComObject@VCOPOSImageScanner@@@ATL@@WOI@EAAKXZ 00000001800042a8 f i ImageScanner.obj
 0001:000032b4       ?Release@?$CComObject@VCOPOSImageScanner@@@ATL@@WOI@EAAKXZ 00000001800042b4 f i ImageScanner.obj
 0001:000032c0       ?QueryInterface@?$CComObject@VCOPOSImageScanner@@@ATL@@WPA@EAAJAEBU_GUID@@PEAPEAX@Z 00000001800042c0 f i ImageScanner.obj
 0001:000032cc       ?AddRef@?$CComObject@VCOPOSImageScanner@@@ATL@@WPA@EAAKXZ 00000001800042cc f i ImageScanner.obj
 0001:000032d8       ?Release@?$CComObject@VCOPOSImageScanner@@@ATL@@WPA@EAAKXZ 00000001800042d8 f i ImageScanner.obj
 0001:000032e4       ?QueryInterface@?$CComObject@VCOPOSImageScanner@@@ATL@@WPI@EAAJAEBU_GUID@@PEAPEAX@Z 00000001800042e4 f i ImageScanner.obj
 0001:000032f0       ?AddRef@?$CComObject@VCOPOSImageScanner@@@ATL@@WPI@EAAKXZ 00000001800042f0 f i ImageScanner.obj
 0001:000032fc       ?Release@?$CComObject@VCOPOSImageScanner@@@ATL@@WPI@EAAKXZ 00000001800042fc f i ImageScanner.obj
 0001:00003308       ?QueryInterface@?$CComObject@VCOPOSImageScanner@@@ATL@@WBAA@EAAJAEBU_GUID@@PEAPEAX@Z 0000000180004308 f i ImageScanner.obj
 0001:00003314       ?AddRef@?$CComObject@VCOPOSImageScanner@@@ATL@@WBAA@EAAKXZ 0000000180004314 f i ImageScanner.obj
 0001:00003320       ?Release@?$CComObject@VCOPOSImageScanner@@@ATL@@WBAA@EAAKXZ 0000000180004320 f i ImageScanner.obj
 0001:0000332c       ?QueryInterface@?$CComObject@VCOPOSImageScanner@@@ATL@@WBAI@EAAJAEBU_GUID@@PEAPEAX@Z 000000018000432c f i ImageScanner.obj
 0001:00003338       ?AddRef@?$CComObject@VCOPOSImageScanner@@@ATL@@WBAI@EAAKXZ 0000000180004338 f i ImageScanner.obj
 0001:00003344       ?Release@?$CComObject@VCOPOSImageScanner@@@ATL@@WBAI@EAAKXZ 0000000180004344 f i ImageScanner.obj
 0001:00003350       ?QueryInterface@?$CComObject@VCOPOSImageScanner@@@ATL@@WBBA@EAAJAEBU_GUID@@PEAPEAX@Z 0000000180004350 f i ImageScanner.obj
 0001:0000335c       ?AddRef@?$CComObject@VCOPOSImageScanner@@@ATL@@WBBA@EAAKXZ 000000018000435c f i ImageScanner.obj
 0001:00003368       ?Release@?$CComObject@VCOPOSImageScanner@@@ATL@@WBBA@EAAKXZ 0000000180004368 f i ImageScanner.obj
 0001:00003374       ?QueryInterface@?$CComObject@VCOPOSImageScanner@@@ATL@@WBBI@EAAJAEBU_GUID@@PEAPEAX@Z 0000000180004374 f i ImageScanner.obj
 0001:00003380       ?AddRef@?$CComObject@VCOPOSImageScanner@@@ATL@@WBBI@EAAKXZ 0000000180004380 f i ImageScanner.obj
 0001:0000338c       ?Release@?$CComObject@VCOPOSImageScanner@@@ATL@@WBBI@EAAKXZ 000000018000438c f i ImageScanner.obj
 0001:00003398       ?AddRef@?$CComObject@VCOPOSImageScanner@@@ATL@@WBCI@EAAKXZ 0000000180004398 f i ImageScanner.obj
 0001:000033a4       ?Release@?$CComObject@VCOPOSImageScanner@@@ATL@@WBCI@EAAKXZ 00000001800043a4 f i ImageScanner.obj
 0001:000033b0       ?AddRef@?$CComObject@VCOPOSImageScanner@@@ATL@@WBEA@EAAKXZ 00000001800043b0 f i ImageScanner.obj
 0001:000033bc       ?Release@?$CComObject@VCOPOSImageScanner@@@ATL@@WBEA@EAAKXZ 00000001800043bc f i ImageScanner.obj
 0001:000033c8       ??_E?$CComContainedObject@VCOPOSImageScanner@@@ATL@@W7EAAPEAXI@Z 00000001800043c8 f i ImageScanner.obj
 0001:000033d4       ??_E?$CComContainedObject@VCOPOSImageScanner@@@ATL@@WHA@EAAPEAXI@Z 00000001800043d4 f i ImageScanner.obj
 0001:000033e0       ?QueryInterface@?$CComContainedObject@VCOPOSImageScanner@@@ATL@@WLI@EAAJAEBU_GUID@@PEAPEAX@Z 00000001800043e0 f i ImageScanner.obj
 0001:000033ec       ?AddRef@?$CComContainedObject@VCOPOSImageScanner@@@ATL@@WLI@EAAKXZ 00000001800043ec f i ImageScanner.obj
 0001:000033f8       ?Release@?$CComContainedObject@VCOPOSImageScanner@@@ATL@@WLI@EAAKXZ 00000001800043f8 f i ImageScanner.obj
 0001:00003404       ?QueryInterface@?$CComContainedObject@VCOPOSImageScanner@@@ATL@@WMA@EAAJAEBU_GUID@@PEAPEAX@Z 0000000180004404 f i ImageScanner.obj
 0001:00003410       ?AddRef@?$CComContainedObject@VCOPOSImageScanner@@@ATL@@WMA@EAAKXZ 0000000180004410 f i ImageScanner.obj
 0001:0000341c       ?Release@?$CComContainedObject@VCOPOSImageScanner@@@ATL@@WMA@EAAKXZ 000000018000441c f i ImageScanner.obj
 0001:00003428       ?QueryInterface@?$CComContainedObject@VCOPOSImageScanner@@@ATL@@WMI@EAAJAEBU_GUID@@PEAPEAX@Z 0000000180004428 f i ImageScanner.obj
 0001:00003434       ?AddRef@?$CComContainedObject@VCOPOSImageScanner@@@ATL@@WMI@EAAKXZ 0000000180004434 f i ImageScanner.obj
 0001:00003440       ?Release@?$CComContainedObject@VCOPOSImageScanner@@@ATL@@WMI@EAAKXZ 0000000180004440 f i ImageScanner.obj
 0001:0000344c       ?QueryInterface@?$CComContainedObject@VCOPOSImageScanner@@@ATL@@WNA@EAAJAEBU_GUID@@PEAPEAX@Z 000000018000444c f i ImageScanner.obj
 0001:00003458       ?AddRef@?$CComContainedObject@VCOPOSImageScanner@@@ATL@@WNA@EAAKXZ 0000000180004458 f i ImageScanner.obj
 0001:00003464       ?Release@?$CComContainedObject@VCOPOSImageScanner@@@ATL@@WNA@EAAKXZ 0000000180004464 f i ImageScanner.obj
 0001:00003470       ?QueryInterface@?$CComContainedObject@VCOPOSImageScanner@@@ATL@@WNI@EAAJAEBU_GUID@@PEAPEAX@Z 0000000180004470 f i ImageScanner.obj
 0001:0000347c       ?AddRef@?$CComContainedObject@VCOPOSImageScanner@@@ATL@@WNI@EAAKXZ 000000018000447c f i ImageScanner.obj
 0001:00003488       ?Release@?$CComContainedObject@VCOPOSImageScanner@@@ATL@@WNI@EAAKXZ 0000000180004488 f i ImageScanner.obj
 0001:00003494       ?QueryInterface@?$CComContainedObject@VCOPOSImageScanner@@@ATL@@WOA@EAAJAEBU_GUID@@PEAPEAX@Z 0000000180004494 f i ImageScanner.obj
 0001:000034a0       ?AddRef@?$CComContainedObject@VCOPOSImageScanner@@@ATL@@WOA@EAAKXZ 00000001800044a0 f i ImageScanner.obj
 0001:000034ac       ?Release@?$CComContainedObject@VCOPOSImageScanner@@@ATL@@WOA@EAAKXZ 00000001800044ac f i ImageScanner.obj
 0001:000034b8       ?QueryInterface@?$CComContainedObject@VCOPOSImageScanner@@@ATL@@WOI@EAAJAEBU_GUID@@PEAPEAX@Z 00000001800044b8 f i ImageScanner.obj
 0001:000034c4       ?AddRef@?$CComContainedObject@VCOPOSImageScanner@@@ATL@@WOI@EAAKXZ 00000001800044c4 f i ImageScanner.obj
 0001:000034d0       ?Release@?$CComContainedObject@VCOPOSImageScanner@@@ATL@@WOI@EAAKXZ 00000001800044d0 f i ImageScanner.obj
 0001:000034dc       ?QueryInterface@?$CComContainedObject@VCOPOSImageScanner@@@ATL@@WPA@EAAJAEBU_GUID@@PEAPEAX@Z 00000001800044dc f i ImageScanner.obj
 0001:000034e8       ?AddRef@?$CComContainedObject@VCOPOSImageScanner@@@ATL@@WPA@EAAKXZ 00000001800044e8 f i ImageScanner.obj
 0001:000034f4       ?Release@?$CComContainedObject@VCOPOSImageScanner@@@ATL@@WPA@EAAKXZ 00000001800044f4 f i ImageScanner.obj
 0001:00003500       ?QueryInterface@?$CComContainedObject@VCOPOSImageScanner@@@ATL@@WPI@EAAJAEBU_GUID@@PEAPEAX@Z 0000000180004500 f i ImageScanner.obj
 0001:0000350c       ?AddRef@?$CComContainedObject@VCOPOSImageScanner@@@ATL@@WPI@EAAKXZ 000000018000450c f i ImageScanner.obj
 0001:00003518       ?Release@?$CComContainedObject@VCOPOSImageScanner@@@ATL@@WPI@EAAKXZ 0000000180004518 f i ImageScanner.obj
 0001:00003524       ?QueryInterface@?$CComContainedObject@VCOPOSImageScanner@@@ATL@@WBAA@EAAJAEBU_GUID@@PEAPEAX@Z 0000000180004524 f i ImageScanner.obj
 0001:00003530       ?AddRef@?$CComContainedObject@VCOPOSImageScanner@@@ATL@@WBAA@EAAKXZ 0000000180004530 f i ImageScanner.obj
 0001:0000353c       ?Release@?$CComContainedObject@VCOPOSImageScanner@@@ATL@@WBAA@EAAKXZ 000000018000453c f i ImageScanner.obj
 0001:00003548       ?QueryInterface@?$CComContainedObject@VCOPOSImageScanner@@@ATL@@WBAI@EAAJAEBU_GUID@@PEAPEAX@Z 0000000180004548 f i ImageScanner.obj
 0001:00003554       ?AddRef@?$CComContainedObject@VCOPOSImageScanner@@@ATL@@WBAI@EAAKXZ 0000000180004554 f i ImageScanner.obj
 0001:00003560       ?Release@?$CComContainedObject@VCOPOSImageScanner@@@ATL@@WBAI@EAAKXZ 0000000180004560 f i ImageScanner.obj
 0001:0000356c       ?QueryInterface@?$CComContainedObject@VCOPOSImageScanner@@@ATL@@WBBA@EAAJAEBU_GUID@@PEAPEAX@Z 000000018000456c f i ImageScanner.obj
 0001:00003578       ?AddRef@?$CComContainedObject@VCOPOSImageScanner@@@ATL@@WBBA@EAAKXZ 0000000180004578 f i ImageScanner.obj
 0001:00003584       ?Release@?$CComContainedObject@VCOPOSImageScanner@@@ATL@@WBBA@EAAKXZ 0000000180004584 f i ImageScanner.obj
 0001:00003590       ?QueryInterface@?$CComContainedObject@VCOPOSImageScanner@@@ATL@@WBBI@EAAJAEBU_GUID@@PEAPEAX@Z 0000000180004590 f i ImageScanner.obj
 0001:0000359c       ?AddRef@?$CComContainedObject@VCOPOSImageScanner@@@ATL@@WBBI@EAAKXZ 000000018000459c f i ImageScanner.obj
 0001:000035a8       ?Release@?$CComContainedObject@VCOPOSImageScanner@@@ATL@@WBBI@EAAKXZ 00000001800045a8 f i ImageScanner.obj
 0001:000035b4       ?AddRef@?$CComContainedObject@VCOPOSImageScanner@@@ATL@@WBCI@EAAKXZ 00000001800045b4 f i ImageScanner.obj
 0001:000035c0       ?Release@?$CComContainedObject@VCOPOSImageScanner@@@ATL@@WBCI@EAAKXZ 00000001800045c0 f i ImageScanner.obj
 0001:000035cc       ?AddRef@?$CComContainedObject@VCOPOSImageScanner@@@ATL@@WBEA@EAAKXZ 00000001800045cc f i ImageScanner.obj
 0001:000035d8       ?Release@?$CComContainedObject@VCOPOSImageScanner@@@ATL@@WBEA@EAAKXZ 00000001800045d8 f i ImageScanner.obj
 0001:000035e4       ?CreateInstance@CComClassFactory@ATL@@UEAAJPEAUIUnknown@@AEBU_GUID@@PEAPEAX@Z 00000001800045e4 f i ImageScanner.obj
 0001:00003644       ?LockServer@CComClassFactory@ATL@@UEAAJH@Z 0000000180004644 f i ImageScanner.obj
 0001:00003668       ??_GCComClassFactory@ATL@@UEAAPEAXI@Z 0000000180004668 f i ImageScanner.obj
 0001:00003668       ??_ECComClassFactory@ATL@@UEAAPEAXI@Z 0000000180004668 f i ImageScanner.obj
 0001:000036b8       ??$AtlModuleRegisterWndClassInfoT@VAtlModuleRegisterWndClassInfoParamW@ATL@@@ATL@@YAGPEAU_ATL_BASE_MODULE70@0@PEAU_ATL_WIN_MODULE70@0@PEAU_ATL_WNDCLASSINFOW@0@PEAP6A_JPEAUHWND__@@I_K_J@ZVAtlModuleRegisterWndClassInfoParamW@0@@Z 00000001800046b8 f i ImageScanner.obj
 0001:000038b8       ??0?$CComContainedObject@VCOPOSImageScanner@@@ATL@@QEAA@PEAX@Z 00000001800048b8 f i ImageScanner.obj
 0001:000039d4       ??0?$CComObject@VCOPOSImageScanner@@@ATL@@QEAA@PEAX@Z 00000001800049d4 f i ImageScanner.obj
 0001:00003aec       ??0CAtlModule@ATL@@QEAA@XZ 0000000180004aec f i ImageScanner.obj
 0001:00003b60       ??1?$CComEnumImpl@UIEnumConnectionPoints@@$1?_GUID_b196b285_bab4_101a_b69c_00aa00341d07@@3U__s_GUID@@BPEAUIConnectionPoint@@V?$_CopyInterface@UIConnectionPoint@@@ATL@@@ATL@@UEAA@XZ 0000000180004b60 f i ImageScanner.obj
 0001:00003bbc       ??1?$CComEnumImpl@UIEnumConnections@@$1?_GUID_b196b287_bab4_101a_b69c_00aa00341d07@@3U__s_GUID@@BUtagCONNECTDATA@@V?$_Copy@UtagCONNECTDATA@@@ATL@@@ATL@@UEAA@XZ 0000000180004bbc f i ImageScanner.obj
 0001:00003c18       ??1?$CComObject@VCOPOSImageScanner@@@ATL@@UEAA@XZ 0000000180004c18 f i ImageScanner.obj
 0001:00003d38       ??_G?$CComContainedObject@VCOPOSImageScanner@@@ATL@@UEAAPEAXI@Z 0000000180004d38 f i ImageScanner.obj
 0001:00003d38       ??_E?$CComContainedObject@VCOPOSImageScanner@@@ATL@@UEAAPEAXI@Z 0000000180004d38 f i ImageScanner.obj
 0001:00003d6c       ??_G?$CComObject@VCOPOSImageScanner@@@ATL@@UEAAPEAXI@Z 0000000180004d6c f i ImageScanner.obj
 0001:00003d6c       ??_E?$CComObject@VCOPOSImageScanner@@@ATL@@UEAAPEAXI@Z 0000000180004d6c f i ImageScanner.obj
 0001:00003da0       ?Add@?$CSimpleArray@GV?$CSimpleArrayEqualHelper@G@ATL@@@ATL@@QEAAHAEBG@Z 0000000180004da0 f i ImageScanner.obj
 0001:00003e54       ?Add@?$CSimpleMap@PEA_WPEA_WVCExpansionVectorEqualHelper@ATL@@@ATL@@QEAAHAEBQEA_W0@Z 0000000180004e54 f i ImageScanner.obj
 0001:00003ef4       ?Add@CComDynamicUnkArray@ATL@@QEAAKPEAUIUnknown@@@Z 0000000180004ef4 f i ImageScanner.obj
 0001:00003fdc       ?Add@CExpansionVector@ATL@@QEAAHPEB_W0@Z 0000000180004fdc f i ImageScanner.obj
 0001:00004110       ?AddTermFunc@CAtlModule@ATL@@QEAAJP6AX_K@Z0@Z 0000000180005110 f i ImageScanner.obj
 0001:000041ac       ?AddValue@CRegParser@ATL@@IEAAJAEAVCRegKey@2@PEB_WPEA_W@Z 00000001800051ac f i ImageScanner.obj
 0001:000045f4       ?AllocateHeap@?$CTempBuffer@_W$0BAA@VCCRTAllocator@ATL@@@ATL@@AEAAX_K@Z 00000001800055f4 f i ImageScanner.obj
 0001:000045f4       ?AllocateHeap@?$CTempBuffer@E$0BAA@VCCRTAllocator@ATL@@@ATL@@AEAAX_K@Z 00000001800055f4 f i ImageScanner.obj
 0001:000045f4       ?AllocateHeap@?$CTempBuffer@_W$0EAA@VCCRTAllocator@ATL@@@ATL@@AEAAX_K@Z 00000001800055f4 f i ImageScanner.obj
 0001:00004620       ?Append@CParseBuffer@CRegParser@ATL@@QEAAHPEB_WH@Z 0000000180005620 f i ImageScanner.obj
 0001:00004768       ?AtlComModuleGetClassObject@ATL@@YAJPEAU_ATL_COM_MODULE70@1@AEBU_GUID@@1PEAPEAX@Z 0000000180005768 f i ImageScanner.obj
 0001:000048a8       ?AtlComModuleRegisterServer@ATL@@YAJPEAU_ATL_COM_MODULE70@1@HPEBU_GUID@@@Z 00000001800058a8 f i ImageScanner.obj
 0001:00004968       ?AtlComModuleUnregisterServer@ATL@@YAJPEAU_ATL_COM_MODULE70@1@HPEBU_GUID@@@Z 0000000180005968 f i ImageScanner.obj
 0001:00004a24       ?AtlHiMetricToPixel@ATL@@YAXPEBUtagSIZE@@PEAU2@@Z 0000000180005a24 f i ImageScanner.obj
 0001:00004ad4       ?AtlHresultFromLastError@ATL@@YAJXZ 0000000180005ad4 f i ImageScanner.obj
 0001:00004af4       ?AtlHresultFromWin32@ATL@@YAJK@Z 0000000180005af4 f i ImageScanner.obj
 0001:00004b04       ?AtlInternalOleLoadFromStream@ATL@@YAJPEAUIStream@@AEBU_GUID@@PEAPEAXTClassesAllowedInStream@1@K@Z 0000000180005b04 f i ImageScanner.obj
 0001:00004c48       ?AtlInternalQueryInterface@ATL@@YAJPEAXPEBU_ATL_INTMAP_ENTRY@1@AEBU_GUID@@PEAPEAX@Z 0000000180005c48 f i ImageScanner.obj
 0001:00004d50       ?AtlLoadTypeLib@ATL@@YAJPEAUHINSTANCE__@@PEB_WPEAPEA_WPEAPEAUITypeLib@@@Z 0000000180005d50 f i ImageScanner.obj
 0001:00004fac       ?AtlRegisterClassCategoriesHelper@ATL@@YAJAEBU_GUID@@PEBU_ATL_CATMAP_ENTRY@1@H@Z 0000000180005fac f i ImageScanner.obj
 0001:00005430       ?AtlRegisterTypeLib@ATL@@YAJPEAUHINSTANCE__@@PEB_W@Z 0000000180006430 f i ImageScanner.obj
 0001:0000562c       ?AtlThrowImpl@ATL@@YAXJ@Z  000000018000662c f i ImageScanner.obj
 0001:00005650       ?AtlUnRegisterTypeLib@ATL@@YAJPEAUHINSTANCE__@@PEB_W@Z 0000000180006650 f i ImageScanner.obj
 0001:00005718       ?AtlWinModuleExtractCreateWndData@ATL@@YAPEAXPEAU_ATL_WIN_MODULE70@1@@Z 0000000180006718 f i ImageScanner.obj
 0001:000057a4       ?Cleanup@CComTypeInfoHolder@ATL@@SAX_K@Z 00000001800067a4 f i ImageScanner.obj
 0001:000057e4       ?ClearReplacements@CExpansionVector@ATL@@QEAAJXZ 00000001800067e4 f i ImageScanner.obj
 0001:00005880       ?CreateInstance@?$CComCreator@V?$CComAggObject@VCOPOSImageScanner@@@ATL@@@ATL@@SAJPEAXAEBU_GUID@@PEAPEAX@Z 0000000180006880 f i ImageScanner.obj
 0001:00005970       ?CreateInstance@?$CComCreator@V?$CComObject@VCOPOSImageScanner@@@ATL@@@ATL@@SAJPEAXAEBU_GUID@@PEAPEAX@Z 0000000180006970 f i ImageScanner.obj
 0001:00005a28       ?CreateInstance@?$CComObject@V?$CComEnum@UIEnumConnectionPoints@@$1?_GUID_b196b285_bab4_101a_b69c_00aa00341d07@@3U__s_GUID@@BPEAUIConnectionPoint@@V?$_CopyInterface@UIConnectionPoint@@@ATL@@VCComSingleThreadModel@6@@ATL@@@ATL@@SAJPEAPEAV12@@Z 0000000180006a28 f i ImageScanner.obj
 0001:00005ab4       ?CreateInstance@?$CComObject@V?$CComEnum@UIEnumConnections@@$1?_GUID_b196b287_bab4_101a_b69c_00aa00341d07@@3U__s_GUID@@BUtagCONNECTDATA@@V?$_Copy@UtagCONNECTDATA@@@ATL@@VCComSingleThreadModel@6@@ATL@@@ATL@@SAJPEAPEAV12@@Z 0000000180006ab4 f i ImageScanner.obj
 0001:00005b40       ?DefaultReflectionHandler@?$CWindowImplRoot@VCWindow@ATL@@@ATL@@SAHPEAUHWND__@@I_K_JAEA_J@Z 0000000180006b40 f i ImageScanner.obj
 0001:00005ba4       ?DeleteSubKey@CRegKey@ATL@@QEAAJPEB_W@Z 0000000180006ba4 f i ImageScanner.obj
 0001:00005c3c       ?DoEvent@COPOSImageScanner@@IEAAXI_K_J@Z 0000000180006c3c f i ImageScanner.obj
 0001:00005cf0       ?DoVerbPrimary@?$IOleObjectImpl@VCOPOSImageScanner@@@ATL@@QEAAJPEBUtagRECT@@PEAUHWND__@@@Z 0000000180006cf0 f i ImageScanner.obj
 0001:00005e1c       ?DoVerbProperties@CComControlBase@ATL@@QEAAJPEBUtagRECT@@PEAUHWND__@@@Z 0000000180006e1c f i ImageScanner.obj
 0001:00006044       ?FireTheEvent@?$CProxy_IOPOSEvents@VCOPOSImageScanner@@@@IEAAXPEAVOposVariant@@IAEAJPEB_WJ@Z 0000000180007044 f i ImageScanner.obj
 0001:00006130       ?FireViewChange@CComControlBase@ATL@@QEAAJXZ 0000000180007130 f i ImageScanner.obj
 0001:00006194       ?Fire_DataEvent@?$CProxy_IOPOSEvents@VCOPOSImageScanner@@@@QEAAXJ@Z 0000000180007194 f i ImageScanner.obj
 0001:00006280       ?Fire_DirectIOEvent@?$CProxy_IOPOSEvents@VCOPOSImageScanner@@@@QEAAXJPEAJPEAPEA_W@Z 0000000180007280 f i ImageScanner.obj
 0001:000063d8       ?Fire_ErrorEvent@?$CProxy_IOPOSEvents@VCOPOSImageScanner@@@@QEAAXJJJPEAJ@Z 00000001800073d8 f i ImageScanner.obj
 0001:00006540       ?Fire_StatusUpdateEvent@?$CProxy_IOPOSEvents@VCOPOSImageScanner@@@@QEAAXJ@Z 0000000180007540 f i ImageScanner.obj
 0001:0000662c       ?FreeHeap@?$CTempBuffer@E$0BAA@VCCRTAllocator@ATL@@@ATL@@AEAAXXZ 000000018000762c f i ImageScanner.obj
 0001:0000662c       ?FreeHeap@?$CTempBuffer@_W$0EAA@VCCRTAllocator@ATL@@@ATL@@AEAAXXZ 000000018000762c f i ImageScanner.obj
 0001:0000662c       ?FreeHeap@?$CTempBuffer@_W$0BAA@VCCRTAllocator@ATL@@@ATL@@AEAAXXZ 000000018000762c f i ImageScanner.obj
 0001:00006634       ?GetAmbientLocaleID@CComControlBase@ATL@@QEAAJAEAK@Z 0000000180007634 f i ImageScanner.obj
 0001:000066f4       ?GetAmbientUserMode@CComControlBase@ATL@@QEAAJAEAH@Z 00000001800076f4 f i ImageScanner.obj
 0001:000067c4       ?GetClassObject@CComModule@ATL@@QEAAJAEBU_GUID@@0PEAPEAX@Z 00000001800077c4 f i ImageScanner.obj
 0001:000068b8       ?GetConnMap@COPOSImageScanner@@SAPEBU_ATL_CONNMAP_ENTRY@ATL@@PEAH@Z 00000001800078b8 f i ImageScanner.obj
 0001:00006940       ?GetIDsOfNames@CComTypeInfoHolder@ATL@@QEAAJAEBU_GUID@@PEAPEA_WIKPEAJ@Z 0000000180007940 f i ImageScanner.obj
 0001:00006ab8       ?GetPagesHelper@?$ISpecifyPropertyPagesImpl@VCOPOSImageScanner@@@ATL@@IEAAJPEAUtagCAUUID@@PEBUATL_PROPMAP_ENTRY@2@@Z 0000000180007ab8 f i ImageScanner.obj
 0001:00006c58       ?GetSizeMax@CComVariant@ATL@@QEBAJPEAT_ULARGE_INTEGER@@@Z 0000000180007c58 f i ImageScanner.obj
 0001:00006e8c       ?GetTI@CComTypeInfoHolder@ATL@@QEAAJK@Z 0000000180007e8c f i ImageScanner.obj
 0001:00007184       ?GetZoomInfo@CComControlBase@ATL@@QEAAXAEAUATL_DRAWINFO@@@Z 0000000180008184 f i ImageScanner.obj
 0001:00007228       ?HKeyFromString@CRegParser@ATL@@KAPEAUHKEY__@@PEA_W@Z 0000000180008228 f i ImageScanner.obj
 0001:0000728c       ?IDataObject_GetData@CComControlBase@ATL@@QEAAJPEAUtagFORMATETC@@PEAUtagSTGMEDIUM@@@Z 000000018000828c f i ImageScanner.obj
 0001:00007480       ?IOleInPlaceObject_InPlaceDeactivate@CComControlBase@ATL@@QEAAJXZ 0000000180008480 f i ImageScanner.obj
 0001:00007520       ?IOleInPlaceObject_SetObjectRects@CComControlBase@ATL@@QEAAJPEBUtagRECT@@0@Z 0000000180008520 f i ImageScanner.obj
 0001:00007610       ?IOleInPlaceObject_UIDeactivate@CComControlBase@ATL@@QEAAJXZ 0000000180008610 f i ImageScanner.obj
 0001:0000771c       ?IOleObject_Close@CComControlBase@ATL@@QEAAJK@Z 000000018000871c f i ImageScanner.obj
 0001:00007834       ?IOleObject_SetClientSite@CComControlBase@ATL@@QEAAJPEAUIOleClientSite@@@Z 0000000180008834 f i ImageScanner.obj
 0001:000078ac       ?IOleObject_SetExtent@CComControlBase@ATL@@QEAAJKPEAUtagSIZE@@@Z 00000001800088ac f i ImageScanner.obj
 0001:00007944       ?IPSI_GetIPersistStreamInit@?$IPersistStorageImpl@VCOPOSImageScanner@@@ATL@@AEAAPEAUIPersistStreamInit@@XZ 0000000180008944 f i ImageScanner.obj
 0001:00007a2c       ?IPersistStreamInit_Load@?$IPersistStreamInitImpl@VCOPOSImageScanner@@@ATL@@QEAAJPEAUIStream@@PEBUATL_PROPMAP_ENTRY@2@@Z 0000000180008a2c f i ImageScanner.obj
 0001:00007d60       ?IPersistStreamInit_Save@?$IPersistStreamInitImpl@VCOPOSImageScanner@@@ATL@@QEAAJPEAUIStream@@HPEBUATL_PROPMAP_ENTRY@2@@Z 0000000180008d60 f i ImageScanner.obj
 0001:00008004       ?IQuickActivate_QuickActivate@CComControlBase@ATL@@QEAAJPEAUtagQACONTAINER@@PEAUtagQACONTROL@@@Z 0000000180009004 f i ImageScanner.obj
 0001:000082c8       ?IViewObject_Draw@CComControlBase@ATL@@QEAAJKJPEAXPEAUtagDVTARGETDEVICE@@PEAUHDC__@@2PEBU_RECTL@@3@Z 00000001800092c8 f i ImageScanner.obj
 0001:000083dc       ?InPlaceActivate@CComControlBase@ATL@@QEAAJJPEBUtagRECT@@@Z 00000001800093dc f i ImageScanner.obj
 0001:00008714       ?Init@?$CComEnumImpl@UIEnumConnectionPoints@@$1?_GUID_b196b285_bab4_101a_b69c_00aa00341d07@@3U__s_GUID@@BPEAUIConnectionPoint@@V?$_CopyInterface@UIConnectionPoint@@@ATL@@@ATL@@QEAAJPEAPEAUIConnectionPoint@@0PEAUIUnknown@@W4CComEnumFlags@2@@Z 0000000180009714 f i ImageScanner.obj
 0001:00008834       ?Init@?$CComEnumImpl@UIEnumConnections@@$1?_GUID_b196b287_bab4_101a_b69c_00aa00341d07@@3U__s_GUID@@BUtagCONNECTDATA@@V?$_Copy@UtagCONNECTDATA@@@ATL@@@ATL@@QEAAJPEAUtagCONNECTDATA@@0PEAUIUnknown@@W4CComEnumFlags@2@@Z 0000000180009834 f i ImageScanner.obj
 0001:00008958       ?IsEqualObject@?$CComPtrBase@UIOleClientSite@@@ATL@@QEAA_NPEAUIUnknown@@@Z 0000000180009958 f i ImageScanner.obj
 0001:000089e4       ?LoadNameCache@CComTypeInfoHolder@ATL@@QEAAJPEAUITypeInfo@@@Z 00000001800099e4 f i ImageScanner.obj
 0001:00008b64       ?Lookup@?$CSimpleMap@PEA_WPEA_WVCExpansionVectorEqualHelper@ATL@@@ATL@@QEBAPEA_WAEBQEA_W@Z 0000000180009b64 f i ImageScanner.obj
 0001:00008bf0       ?NextToken@CRegParser@ATL@@IEAAJPEA_W@Z 0000000180009bf0 f i ImageScanner.obj
 0001:00008da8       ?OnKillFocus@CComControlBase@ATL@@QEAA_JI_K_JAEAH@Z 0000000180009da8 f i ImageScanner.obj
 0001:00008e44       ?OnMouseActivate@CComControlBase@ATL@@QEAA_JI_K_JAEAH@Z 0000000180009e44 f i ImageScanner.obj
 0001:00008ee4       ?OnPaint@CComControlBase@ATL@@QEAA_JI_K_JAEAH@Z 0000000180009ee4 f i ImageScanner.obj
 0001:00008fd0       ?OnSetFocus@CComControlBase@ATL@@QEAA_JI_K_JAEAH@Z 0000000180009fd0 f i ImageScanner.obj
 0001:000090cc       ?PreProcessBuffer@CRegParser@ATL@@QEAAJPEA_WPEAPEA_W@Z 000000018000a0cc f i ImageScanner.obj
 0001:00009450       ?ProcessWindowMessage@?$CComControl@VCOPOSImageScanner@@V?$CWindowImpl@VCOPOSImageScanner@@VCWindow@ATL@@V?$CWinTraits@$0FGAAAAAA@$0A@@3@@ATL@@@ATL@@UEAAHPEAUHWND__@@I_K_JAEA_JK@Z 000000018000a450 f i ImageScanner.obj
 0001:00009534       ?ReadFromStream@CComBSTR@ATL@@QEAAJPEAUIStream@@@Z 000000018000a534 f i ImageScanner.obj
 0001:00009690       ?ReadFromStream@CComVariant@ATL@@QEAAJPEAUIStream@@GTClassesAllowedInStream@2@K@Z 000000018000a690 f i ImageScanner.obj
 0001:000098a0       ?RecurseDeleteKey@CRegKey@ATL@@QEAAJPEB_W@Z 000000018000a8a0 f i ImageScanner.obj
 0001:000099f8       ?RegCreateKeyExW@CAtlTransactionManager@ATL@@QEAAJPEAUHKEY__@@PEB_WKPEA_WKKQEAU_SECURITY_ATTRIBUTES@@PEAPEAU3@PEAK@Z 000000018000a9f8 f i ImageScanner.obj
 0001:00009b2c       ?RegDeleteKeyW@CAtlTransactionManager@ATL@@QEAAJPEAUHKEY__@@PEB_W@Z 000000018000ab2c f i ImageScanner.obj
 0001:00009bb8       ?RegOpenKeyExW@CAtlTransactionManager@ATL@@QEAAJPEAUHKEY__@@PEB_WKKPEAPEAU3@@Z 000000018000abb8 f i ImageScanner.obj
 0001:00009c70       ?RegisterBuffer@CRegParser@ATL@@QEAAJPEA_WH@Z 000000018000ac70 f i ImageScanner.obj
 0001:00009dd8       ?RegisterFromResource@CRegObject@ATL@@IEAAJPEB_W00H@Z 000000018000add8 f i ImageScanner.obj
 0001:00009f94       ?RegisterServer@CComModule@ATL@@QEAAJHPEBU_GUID@@@Z 000000018000af94 f i ImageScanner.obj
 0001:0000a054       ?RegisterSubkeys@CRegParser@ATL@@IEAAJPEA_WPEAUHKEY__@@HH@Z 000000018000b054 f i ImageScanner.obj
 0001:0000a8c0       ?SendOnDataChange@CComControlBase@ATL@@QEAAJK@Z 000000018000b8c0 f i ImageScanner.obj
 0001:0000a930       ?SetControlFocus@CComControlBase@ATL@@QEAAHH@Z 000000018000b930 f i ImageScanner.obj
 0001:0000aa0c       ?SkipAssignment@CRegParser@ATL@@IEAAJPEA_W@Z 000000018000ba0c f i ImageScanner.obj
 0001:0000aab0       ?Term@CAtlModule@ATL@@QEAAXXZ 000000018000bab0 f i ImageScanner.obj
 0001:0000ab30       ?Term@CComModule@ATL@@QEAAXXZ 000000018000bb30 f i ImageScanner.obj
 0001:0000abac       ?UnregisterServer@CComModule@ATL@@QEAAJHPEBU_GUID@@@Z 000000018000bbac f i ImageScanner.obj
 0001:0000ac5c       ?UpdateRegistryFromResource@CAtlModule@ATL@@QEAAJIHPEAU_ATL_REGMAP_ENTRY@2@@Z 000000018000bc5c f i ImageScanner.obj
 0001:0000af68       ?UpdateRegistryFromResource@CAtlModule@ATL@@QEAAJPEB_WHPEAU_ATL_REGMAP_ENTRY@2@@Z 000000018000bf68 f i ImageScanner.obj
 0001:0000b28c       ?VTFromRegType@CRegParser@ATL@@KAHPEB_WAEAG@Z 000000018000c28c f i ImageScanner.obj
 0001:0000b328       ?WindowProc@?$CWindowImplBaseT@VCWindow@ATL@@V?$CWinTraits@$0FGAAAAAA@$0A@@2@@ATL@@SA_JPEAUHWND__@@I_K_J@Z 000000018000c328 f i ImageScanner.obj
 0001:0000b494       ?WriteToStream@CComVariant@ATL@@QEAAJPEAUIStream@@@Z 000000018000c494 f i ImageScanner.obj
 0001:0000b6e8       ?WriteToStream@CComVariant@ATL@@QEAAJPEAUIStream@@G@Z 000000018000c6e8 f i ImageScanner.obj
 0001:0000b780       ?_AtlVerifyStackAvailable@_ATL_SAFE_ALLOCA_IMPL@ATL@@YA_N_K@Z 000000018000c780 f i ImageScanner.obj
 0001:0000b804       ?atlCreate@?$CWindowImpl@VCOPOSImageScanner@@VCWindow@ATL@@V?$CWinTraits@$0FGAAAAAA@$0A@@3@@ATL@@QEAAPEAUHWND__@@PEAU3@V_U_RECT@2@PEB_WKKV_U_MENUorID@2@PEAX@Z 000000018000c804 f i ImageScanner.obj
 0001:0000b8b4       ?atlCreate@?$CWindowImplBaseT@VCWindow@ATL@@V?$CWinTraits@$0FGAAAAAA@$0A@@2@@ATL@@QEAAPEAUHWND__@@PEAU3@V_U_RECT@2@PEB_WKKV_U_MENUorID@2@GPEAX@Z 000000018000c8b4 f i ImageScanner.obj
 0001:0000ba24       ?ocscpy_s@@YA_NPEA_W_KPEB_W@Z 000000018000ca24 f i ImageScanner.obj
 0001:0000bad4       DllCanUnloadNow            000000018000cad4 f   ImageScanner.obj
 0001:0000bae0       DllGetClassObject          000000018000cae0 f   ImageScanner.obj
 0001:0000baf8       DllMain                    000000018000caf8 f   ImageScanner.obj
 0001:0000bba0       DllRegisterServer          000000018000cba0 f   ImageScanner.obj
 0001:0000bbb4       DllUnregisterServer        000000018000cbb4 f   ImageScanner.obj
 0001:0000bbc8       __local_stdio_printf_options 000000018000cbc8 f i ImageScanner.obj
 0001:0000bbd0       swprintf_s                 000000018000cbd0 f i ImageScanner.obj
 0001:0000bc24       ??0COPOSImageScanner@@QEAA@XZ 000000018000cc24 f   ImageScannerImpl.obj
 0001:0000bcec       ??1?$IConnectionPointImpl@VCOPOSImageScanner@@$1?IID_IPropertyNotifySink@@3U_GUID@@BVCComDynamicUnkArray@ATL@@@ATL@@QEAA@XZ 000000018000ccec f i ImageScannerImpl.obj
 0001:0000bcec       ??1?$IConnectionPointImpl@VCOPOSImageScanner@@$1?DIID__IOPOSImageScannerEvents@@3U_GUID@@BVCComDynamicUnkArray@ATL@@@ATL@@QEAA@XZ 000000018000ccec f i ImageScannerImpl.obj
 0001:0000bd48       ??1CComControlBase@ATL@@UEAA@XZ 000000018000cd48 f i ImageScannerImpl.obj
 0001:0000bdc4       ??1COPOSImageScanner@@UEAA@XZ 000000018000cdc4 f   ImageScannerImpl.obj
 0001:0000be28       ?CheckHealth@COPOSImageScanner@@UEAAJJPEAJ@Z 000000018000ce28 f   ImageScannerImpl.obj
 0001:0000bea4       ?ClaimDevice@COPOSImageScanner@@UEAAJJPEAJ@Z 000000018000cea4 f   ImageScannerImpl.obj
 0001:0000bf44       ?ClearInput@COPOSImageScanner@@UEAAJPEAJ@Z 000000018000cf44 f   ImageScannerImpl.obj
 0001:0000bf6c       ?ClearInputProperties@COPOSImageScanner@@UEAAJPEAJ@Z 000000018000cf6c f   ImageScannerImpl.obj
 0001:0000bf94       ?Close@COPOSImageScanner@@UEAAJPEAJ@Z 000000018000cf94 f   ImageScannerImpl.obj
 0001:0000c04c       ?CompareFirmwareVersion@COPOSImageScanner@@UEAAJPEA_WPEAJ1@Z 000000018000d04c f   ImageScannerImpl.obj
 0001:0000c128       ?DirectIO@COPOSImageScanner@@UEAAJJPEAJPEAPEA_W0@Z 000000018000d128 f   ImageScannerImpl.obj
 0001:0000c224       ?DoInvoke@COPOSImageScanner@@IEAAJJPEAVOposVariant@@IHPEAJ_N@Z 000000018000d224 f   ImageScannerImpl.obj
 0001:0000c358       ?EventInit@COPOSImageScanner@@IEAAJXZ 000000018000d358 f i ImageScannerImpl.obj
 0001:0000c4a0       ?EventUninit@COPOSImageScanner@@IEAAXXZ 000000018000d4a0 f i ImageScannerImpl.obj
 0001:0000c504       ?EventWindowProc@COPOSImageScanner@@IEAA_JI_K_J@Z 000000018000d504 f i ImageScannerImpl.obj
 0001:0000c690       ?FinalConstruct@COPOSImageScanner@@QEAAJXZ 000000018000d690 f   ImageScannerImpl.obj
 0001:0000c6cc       ?FreezeEvents@COPOSImageScanner@@MEAAJH@Z 000000018000d6cc f   ImageScannerImpl.obj
 0001:0000c740       ?GetOposProp@COPOSImageScanner@@IEAAJJPEAJJ@Z 000000018000d740 f   ImageScannerImpl.obj
 0001:0000c85c       ?GetOposProp@COPOSImageScanner@@IEAAJJPEAPEA_WJ@Z 000000018000d85c f   ImageScannerImpl.obj
 0001:0000c988       ?OnDraw@COPOSImageScanner@@MEAAJAEAUATL_DRAWINFO@@@Z 000000018000d988 f   ImageScannerImpl.obj
 0001:0000ca74       ?Open@COPOSImageScanner@@UEAAJPEA_WPEAJ@Z 000000018000da74 f   ImageScannerImpl.obj
 0001:0000d2fc       ?ReleaseDevice@COPOSImageScanner@@UEAAJPEAJ@Z 000000018000e2fc f   ImageScannerImpl.obj
 0001:0000d368       ?ResetStatistics@COPOSImageScanner@@UEAAJPEA_WPEAJ@Z 000000018000e368 f   ImageScannerImpl.obj
 0001:0000d3f0       ?RetrieveStatistics@COPOSImageScanner@@UEAAJPEAPEA_WPEAJ@Z 000000018000e3f0 f   ImageScannerImpl.obj
 0001:0000d478       ?SOProcessID@COPOSImageScanner@@UEAAJPEAJ@Z 000000018000e478 f   ImageScannerImpl.obj
 0001:0000d494       ?SetCOFreezeEvents@COPOSImageScanner@@IEAAXF@Z 000000018000e494 f   ImageScannerImpl.obj
 0001:0000d578       ?SetOposProp@COPOSImageScanner@@IEAAJJJJ@Z 000000018000e578 f   ImageScannerImpl.obj
 0001:0000d6d8       ?StartSession@COPOSImageScanner@@UEAAJPEAJ@Z 000000018000e6d8 f   ImageScannerImpl.obj
 0001:0000d700       ?StopSession@COPOSImageScanner@@UEAAJPEAJ@Z 000000018000e700 f   ImageScannerImpl.obj
 0001:0000d728       ?UpdateFirmware@COPOSImageScanner@@UEAAJPEA_WPEAJ@Z 000000018000e728 f   ImageScannerImpl.obj
 0001:0000d7b0       ?UpdateStatistics@COPOSImageScanner@@UEAAJPEA_WPEAJ@Z 000000018000e7b0 f   ImageScannerImpl.obj
 0001:0000d838       ?get_AimMode@COPOSImageScanner@@UEAAJPEAF@Z 000000018000e838 f   ImageScannerImpl.obj
 0001:0000d86c       ?get_AutoDisable@COPOSImageScanner@@UEAAJPEAF@Z 000000018000e86c f   ImageScannerImpl.obj
 0001:0000d8a0       ?get_BinaryConversion@COPOSImageScanner@@UEAAJPEAJ@Z 000000018000e8a0 f   ImageScannerImpl.obj
 0001:0000d8b4       ?get_BitsPerPixel@COPOSImageScanner@@UEAAJPEAJ@Z 000000018000e8b4 f   ImageScannerImpl.obj
 0001:0000d8c8       ?get_CapAim@COPOSImageScanner@@UEAAJPEAF@Z 000000018000e8c8 f   ImageScannerImpl.obj
 0001:0000d8fc       ?get_CapCompareFirmwareVersion@COPOSImageScanner@@UEAAJPEAF@Z 000000018000e8fc f   ImageScannerImpl.obj
 0001:0000d930       ?get_CapDecodeData@COPOSImageScanner@@UEAAJPEAF@Z 000000018000e930 f   ImageScannerImpl.obj
 0001:0000d964       ?get_CapHostTriggered@COPOSImageScanner@@UEAAJPEAF@Z 000000018000e964 f   ImageScannerImpl.obj
 0001:0000d998       ?get_CapIlluminate@COPOSImageScanner@@UEAAJPEAF@Z 000000018000e998 f   ImageScannerImpl.obj
 0001:0000d9cc       ?get_CapImageData@COPOSImageScanner@@UEAAJPEAF@Z 000000018000e9cc f   ImageScannerImpl.obj
 0001:0000da00       ?get_CapImageQuality@COPOSImageScanner@@UEAAJPEAF@Z 000000018000ea00 f   ImageScannerImpl.obj
 0001:0000da34       ?get_CapPowerReporting@COPOSImageScanner@@UEAAJPEAJ@Z 000000018000ea34 f   ImageScannerImpl.obj
 0001:0000da48       ?get_CapStatisticsReporting@COPOSImageScanner@@UEAAJPEAF@Z 000000018000ea48 f   ImageScannerImpl.obj
 0001:0000da7c       ?get_CapUpdateFirmware@COPOSImageScanner@@UEAAJPEAF@Z 000000018000ea7c f   ImageScannerImpl.obj
 0001:0000dab0       ?get_CapUpdateStatistics@COPOSImageScanner@@UEAAJPEAF@Z 000000018000eab0 f   ImageScannerImpl.obj
 0001:0000dae4       ?get_CapVideoData@COPOSImageScanner@@UEAAJPEAF@Z 000000018000eae4 f   ImageScannerImpl.obj
 0001:0000db18       ?get_CheckHealthText@COPOSImageScanner@@UEAAJPEAPEA_W@Z 000000018000eb18 f   ImageScannerImpl.obj
 0001:0000db2c       ?get_Claimed@COPOSImageScanner@@UEAAJPEAF@Z 000000018000eb2c f   ImageScannerImpl.obj
 0001:0000db60       ?get_ControlObjectDescription@COPOSImageScanner@@UEAAJPEAPEA_W@Z 000000018000eb60 f   ImageScannerImpl.obj
 0001:0000dbc4       ?get_ControlObjectVersion@COPOSImageScanner@@UEAAJPEAJ@Z 000000018000ebc4 f   ImageScannerImpl.obj
 0001:0000dbd0       ?get_DataCount@COPOSImageScanner@@UEAAJPEAJ@Z 000000018000ebd0 f   ImageScannerImpl.obj
 0001:0000dbe4       ?get_DataEventEnabled@COPOSImageScanner@@UEAAJPEAF@Z 000000018000ebe4 f   ImageScannerImpl.obj
 0001:0000dc18       ?get_DeviceDescription@COPOSImageScanner@@UEAAJPEAPEA_W@Z 000000018000ec18 f   ImageScannerImpl.obj
 0001:0000dc2c       ?get_DeviceEnabled@COPOSImageScanner@@UEAAJPEAF@Z 000000018000ec2c f   ImageScannerImpl.obj
 0001:0000dc60       ?get_DeviceName@COPOSImageScanner@@UEAAJPEAPEA_W@Z 000000018000ec60 f   ImageScannerImpl.obj
 0001:0000dc74       ?get_FrameData@COPOSImageScanner@@UEAAJPEAPEA_W@Z 000000018000ec74 f   ImageScannerImpl.obj
 0001:0000dc88       ?get_FrameType@COPOSImageScanner@@UEAAJPEAJ@Z 000000018000ec88 f   ImageScannerImpl.obj
 0001:0000dc9c       ?get_FreezeEvents@COPOSImageScanner@@UEAAJPEAF@Z 000000018000ec9c f   ImageScannerImpl.obj
 0001:0000dccc       ?get_IlluminateMode@COPOSImageScanner@@UEAAJPEAF@Z 000000018000eccc f   ImageScannerImpl.obj
 0001:0000dd00       ?get_ImageHeight@COPOSImageScanner@@UEAAJPEAJ@Z 000000018000ed00 f   ImageScannerImpl.obj
 0001:0000dd14       ?get_ImageLength@COPOSImageScanner@@UEAAJPEAJ@Z 000000018000ed14 f   ImageScannerImpl.obj
 0001:0000dd28       ?get_ImageMode@COPOSImageScanner@@UEAAJPEAJ@Z 000000018000ed28 f   ImageScannerImpl.obj
 0001:0000dd3c       ?get_ImageQuality@COPOSImageScanner@@UEAAJPEAJ@Z 000000018000ed3c f   ImageScannerImpl.obj
 0001:0000dd50       ?get_ImageType@COPOSImageScanner@@UEAAJPEAJ@Z 000000018000ed50 f   ImageScannerImpl.obj
 0001:0000dd64       ?get_ImageWidth@COPOSImageScanner@@UEAAJPEAJ@Z 000000018000ed64 f   ImageScannerImpl.obj
 0001:0000dd78       ?get_OpenResult@COPOSImageScanner@@UEAAJPEAJ@Z 000000018000ed78 f   ImageScannerImpl.obj
 0001:0000dd84       ?get_PowerNotify@COPOSImageScanner@@UEAAJPEAJ@Z 000000018000ed84 f   ImageScannerImpl.obj
 0001:0000dd98       ?get_PowerState@COPOSImageScanner@@UEAAJPEAJ@Z 000000018000ed98 f   ImageScannerImpl.obj
 0001:0000ddac       ?get_ResultCode@COPOSImageScanner@@UEAAJPEAJ@Z 000000018000edac f   ImageScannerImpl.obj
 0001:0000dde8       ?get_ResultCodeExtended@COPOSImageScanner@@UEAAJPEAJ@Z 000000018000ede8 f   ImageScannerImpl.obj
 0001:0000ddfc       ?get_ServiceObjectDescription@COPOSImageScanner@@UEAAJPEAPEA_W@Z 000000018000edfc f   ImageScannerImpl.obj
 0001:0000de10       ?get_ServiceObjectVersion@COPOSImageScanner@@UEAAJPEAJ@Z 000000018000ee10 f   ImageScannerImpl.obj
 0001:0000de24       ?get_State@COPOSImageScanner@@UEAAJPEAJ@Z 000000018000ee24 f   ImageScannerImpl.obj
 0001:0000de50       ?get_VideoCount@COPOSImageScanner@@UEAAJPEAJ@Z 000000018000ee50 f   ImageScannerImpl.obj
 0001:0000de64       ?get_VideoRate@COPOSImageScanner@@UEAAJPEAJ@Z 000000018000ee64 f   ImageScannerImpl.obj
 0001:0000de78       ?put_AimMode@COPOSImageScanner@@UEAAJF@Z 000000018000ee78 f   ImageScannerImpl.obj
 0001:0000de94       ?put_AutoDisable@COPOSImageScanner@@UEAAJF@Z 000000018000ee94 f   ImageScannerImpl.obj
 0001:0000deac       ?put_BinaryConversion@COPOSImageScanner@@UEAAJJ@Z 000000018000eeac f   ImageScannerImpl.obj
 0001:0000dec0       ?put_DataEventEnabled@COPOSImageScanner@@UEAAJF@Z 000000018000eec0 f   ImageScannerImpl.obj
 0001:0000ded8       ?put_DeviceEnabled@COPOSImageScanner@@UEAAJF@Z 000000018000eed8 f   ImageScannerImpl.obj
 0001:0000def0       ?put_FreezeEvents@COPOSImageScanner@@UEAAJF@Z 000000018000eef0 f   ImageScannerImpl.obj
 0001:0000df40       ?put_IlluminateMode@COPOSImageScanner@@UEAAJF@Z 000000018000ef40 f   ImageScannerImpl.obj
 0001:0000df5c       ?put_ImageMode@COPOSImageScanner@@UEAAJJ@Z 000000018000ef5c f   ImageScannerImpl.obj
 0001:0000df70       ?put_ImageQuality@COPOSImageScanner@@UEAAJJ@Z 000000018000ef70 f   ImageScannerImpl.obj
 0001:0000df84       ?put_PowerNotify@COPOSImageScanner@@UEAAJJ@Z 000000018000ef84 f   ImageScannerImpl.obj
 0001:0000df98       ?put_VideoCount@COPOSImageScanner@@UEAAJJ@Z 000000018000ef98 f   ImageScannerImpl.obj
 0001:0000dfac       ?put_VideoRate@COPOSImageScanner@@UEAAJJ@Z 000000018000efac f   ImageScannerImpl.obj
 0001:0000dfc0       ?s_EventWindowProc@COPOSImageScanner@@KA_JPEAUHWND__@@I_K_J@Z 000000018000efc0 f i ImageScannerImpl.obj
 0001:0000e03c       ??_U@YAPEAX_K@Z            000000018000f03c f   LIBCMT:new_array.obj
 0001:0000e044       ??3@YAXPEAX_K@Z            000000018000f044 f   LIBCMT:delete_scalar_size.obj
 0001:0000e044       ??_V@YAXPEAX@Z             000000018000f044 f   LIBCMT:delete_array.obj
 0001:0000e04c       ??_V@YAXPEAX_K@Z           000000018000f04c f   LIBCMT:delete_array_size.obj
 0001:0000e054       __scrt_acquire_startup_lock 000000018000f054 f   LIBCMT:utility.obj
 0001:0000e090       __scrt_dllmain_after_initialize_c 000000018000f090 f   LIBCMT:utility.obj
 0001:0000e0c4       __scrt_dllmain_before_initialize_c 000000018000f0c4 f   LIBCMT:utility.obj
 0001:0000e0dc       __scrt_dllmain_crt_thread_attach 000000018000f0dc f   LIBCMT:utility.obj
 0001:0000e104       __scrt_dllmain_crt_thread_detach 000000018000f104 f   LIBCMT:utility.obj
 0001:0000e11c       __scrt_dllmain_exception_filter 000000018000f11c f   LIBCMT:utility.obj
 0001:0000e17c       __scrt_dllmain_uninitialize_c 000000018000f17c f   LIBCMT:utility.obj
 0001:0000e1ac       __scrt_dllmain_uninitialize_critical 000000018000f1ac f   LIBCMT:utility.obj
 0001:0000e1c0       __scrt_initialize_crt      000000018000f1c0 f   LIBCMT:utility.obj
 0001:0000e20c       __scrt_initialize_onexit_tables 000000018000f20c f   LIBCMT:utility.obj
 0001:0000e298       __scrt_is_nonwritable_in_current_image 000000018000f298 f   LIBCMT:utility.obj
 0001:0000e330       __scrt_release_startup_lock 000000018000f330 f   LIBCMT:utility.obj
 0001:0000e354       __scrt_uninitialize_crt    000000018000f354 f   LIBCMT:utility.obj
 0001:0000e380       _onexit                    000000018000f380 f   LIBCMT:utility.obj
 0001:0000e3bc       atexit                     000000018000f3bc f   LIBCMT:utility.obj
 0001:0000e3d4       ??3@YAXPEAX@Z              000000018000f3d4 f   LIBCMT:delete_scalar.obj
 0001:0000e4d4       _Init_thread_footer        000000018000f4d4 f   LIBCMT:thread_safe_statics.obj
 0001:0000e534       _Init_thread_header        000000018000f534 f   LIBCMT:thread_safe_statics.obj
 0001:0000e59c       _Init_thread_notify        000000018000f59c f   LIBCMT:thread_safe_statics.obj
 0001:0000e5e0       _Init_thread_wait          000000018000f5e0 f   LIBCMT:thread_safe_statics.obj
 0001:0000e644       __raise_securityfailure    000000018000f644 f   LIBCMT:gs_report.obj
 0001:0000e678       __report_gsfailure         000000018000f678 f   LIBCMT:gs_report.obj
 0001:0000e74c       __report_rangecheckfailure 000000018000f74c f   LIBCMT:gs_report.obj
 0001:0000e760       __report_securityfailure   000000018000f760 f   LIBCMT:gs_report.obj
 0001:0000e8e0       ??2@YAPEAX_KAEBUnothrow_t@std@@@Z 000000018000f8e0 f   LIBCMT:new_scalar_nothrow.obj
 0001:0000e900       ??_U@YAPEAX_KAEBUnothrow_t@std@@@Z 000000018000f900 f   LIBCMT:new_array_nothrow.obj
 0001:0000e908       __GSHandlerCheck           000000018000f908 f   LIBCMT:gshandler.obj
 0001:0000e928       __GSHandlerCheckCommon     000000018000f928 f   LIBCMT:gshandler.obj
 0001:0000e984       __GSHandlerCheck_SEH       000000018000f984 f   LIBCMT:gshandlerseh.obj
 0001:0000ea20       __chkstk                   000000018000fa20 f   LIBCMT:chkstk.obj
 0001:0000ea20       _alloca_probe              000000018000fa20 f   LIBCMT:chkstk.obj
 0001:0000ea90       __security_check_cookie    000000018000fa90 f   LIBCMT:amdsecgs.obj
 0001:0000edd4       _DllMainCRTStartup         000000018000fdd4 f   LIBCMT:dll_dllmain.obj
 0001:0000ee14       ??2@YAPEAX_K@Z             000000018000fe14 f   LIBCMT:new_scalar.obj
 0001:0000ee50       __isa_available_init       000000018000fe50 f   LIBCMT:cpu_disp.obj
 0001:0000eff4       __scrt_is_ucrt_dll_in_use  000000018000fff4 f   LIBCMT:ucrt_detection.obj
 0001:0000f000       __crt_debugger_hook        0000000180010000 f   LIBCMT:utility_desktop.obj
 0001:0000f008       __scrt_fastfail            0000000180010008 f   LIBCMT:utility_desktop.obj
 0001:0000f154       __security_init_cookie     0000000180010154 f   LIBCMT:gs_support.obj
 0001:0000f200       ?__scrt_initialize_type_info@@YAXXZ 0000000180010200 f   LIBCMT:tncleanup.obj
 0001:0000f210       ?__scrt_uninitialize_type_info@@YAXXZ 0000000180010210 f   LIBCMT:tncleanup.obj
 0001:0000f21c       __local_stdio_scanf_options 000000018001021c f i LIBCMT:default_local_stdio_options.obj
 0001:0000f224       __scrt_initialize_default_local_stdio_options 0000000180010224 f   LIBCMT:default_local_stdio_options.obj
 0001:0000f240       __scrt_get_dyn_tls_init_callback 0000000180010240 f   LIBCMT:dyn_tls_init.obj
 0001:0000f248       _RTC_Initialize            0000000180010248 f   LIBCMT:initsect.obj
 0001:0000f284       _RTC_Terminate             0000000180010284 f   LIBCMT:initsect.obj
 0001:0000f2c0       ??0bad_alloc@std@@QEAA@AEBV01@@Z 00000001800102c0 f i LIBCMT:throw_bad_alloc.obj
 0001:0000f2fc       ??0bad_alloc@std@@QEAA@XZ  00000001800102fc f i LIBCMT:throw_bad_alloc.obj
 0001:0000f31c       ??0bad_array_new_length@std@@QEAA@AEBV01@@Z 000000018001031c f i LIBCMT:throw_bad_alloc.obj
 0001:0000f358       ??0bad_array_new_length@std@@QEAA@XZ 0000000180010358 f i LIBCMT:throw_bad_alloc.obj
 0001:0000f378       ??0exception@std@@QEAA@AEBV01@@Z 0000000180010378 f i LIBCMT:throw_bad_alloc.obj
 0001:0000f3ac       ??1bad_alloc@std@@UEAA@XZ  00000001800103ac f i LIBCMT:throw_bad_alloc.obj
 0001:0000f3ac       ??1bad_exception@std@@UEAA@XZ 00000001800103ac f i libvcruntime:frame.obj
 0001:0000f3ac       ??1bad_array_new_length@std@@UEAA@XZ 00000001800103ac f i LIBCMT:throw_bad_alloc.obj
 0001:0000f3c0       ??_Ebad_exception@std@@UEAAPEAXI@Z 00000001800103c0 f i libvcruntime:frame.obj
 0001:0000f3c0       ??_Eexception@std@@UEAAPEAXI@Z 00000001800103c0 f i LIBCMT:throw_bad_alloc.obj
 0001:0000f3c0       ??_Ebad_array_new_length@std@@UEAAPEAXI@Z 00000001800103c0 f i LIBCMT:throw_bad_alloc.obj
 0001:0000f3c0       ??_Gbad_alloc@std@@UEAAPEAXI@Z 00000001800103c0 f i LIBCMT:throw_bad_alloc.obj
 0001:0000f3c0       ??_Gbad_exception@std@@UEAAPEAXI@Z 00000001800103c0 f i libvcruntime:frame.obj
 0001:0000f3c0       ??_Ebad_alloc@std@@UEAAPEAXI@Z 00000001800103c0 f i LIBCMT:throw_bad_alloc.obj
 0001:0000f3c0       ??_Gexception@std@@UEAAPEAXI@Z 00000001800103c0 f i LIBCMT:throw_bad_alloc.obj
 0001:0000f3c0       ??_Gbad_array_new_length@std@@UEAAPEAXI@Z 00000001800103c0 f i LIBCMT:throw_bad_alloc.obj
 0001:0000f404       ?__scrt_throw_std_bad_alloc@@YAXXZ 0000000180010404 f   LIBCMT:throw_bad_alloc.obj
 0001:0000f424       ?__scrt_throw_std_bad_array_new_length@@YAXXZ 0000000180010424 f   LIBCMT:throw_bad_alloc.obj
 0001:0000f444       ?what@exception@std@@UEBAPEBDXZ 0000000180010444 f i LIBCMT:throw_bad_alloc.obj
 0001:0000f460       ??_Etype_info@@UEAAPEAXI@Z 0000000180010460 f i LIBCMT:std_type_info_static.obj
 0001:0000f460       ??_Gtype_info@@UEAAPEAXI@Z 0000000180010460 f i LIBCMT:std_type_info_static.obj
[...]
 0004:000017a0       $pdata$?try_get_function@@YAPEAXW4function_id@?A0x391cf84c@@QEBDQEBW4module_id@2@2@Z 00000001800347a0     libucrt:winapi_thunks.obj
 0004:000017ac       $pdata$wcstol              00000001800347ac     libucrt:strtox.obj
 0004:000017b8       $pdata$_mbtowc_l           00000001800347b8     libucrt:mbtowc.obj
 0004:000017c4       $pdata$__acrt_update_locale_info 00000001800347c4     libucrt:locale_update.obj
 0004:000017d0       $pdata$__acrt_update_multibyte_info 00000001800347d0     libucrt:locale_update.obj
 0004:000017dc       $pdata$__acrt_fp_format    00000001800347dc     libucrt:cvt.obj
 0004:000017e8       $pdata$?fp_format_e_internal@@YAHQEAD_KH_NIQEAU_strflt@@2QEAU__crt_locale_pointers@@@Z 00000001800347e8     libucrt:cvt.obj
 0004:000017f4       $pdata$?fp_format_e@@YAHQEBNQEAD_K12H_NIQEAU__crt_locale_pointers@@@Z 00000001800347f4     libucrt:cvt.obj
 0004:00001800       $pdata$?fp_format_a@@YAHQEBNPEAD_KQEAD2H_NIQEAU__crt_locale_pointers@@@Z 0000000180034800     libucrt:cvt.obj
 0004:0000180c       $pdata$?fp_format_f_internal@@YAHQEAD_KHQEAU_strflt@@_NQEAU__crt_locale_pointers@@@Z 000000018003480c     libucrt:cvt.obj
 0004:00001818       $pdata$?fp_format_g@@YAHQEBNQEAD_K12H_NIQEAU__crt_locale_pointers@@@Z 0000000180034818     libucrt:cvt.obj
 0004:00001824       $pdata$_fileno             0000000180034824     libucrt:fileno.obj
 0004:00001830       $pdata$__acrt_initialize_stdio 0000000180034830     libucrt:_file.obj
 0004:0000183c       $pdata$__acrt_uninitialize_stdio 000000018003483c     libucrt:_file.obj
 0004:00001848       $pdata$__acrt_uninitialize_locale 0000000180034848     libucrt:wsetlocale.obj
 0004:00001854       $pdata$??$?RV<lambda_410d79af7f07d98d83a3f525b3859a53>@@AEAV<lambda_3e16ef9562a7dcce91392c22ab16ea36>@@V<lambda_38119f0e861e05405d8a144b9b982f0a>@@@?$__crt_seh_guarded_call@X@@QEAAX$$QEAV<lambda_410d79af7f07d98d83a3f525b3859a53>@@AEAV<lambda_3e16ef9562a7dcce91392c22ab16ea36>@@$$QEAV<lambda_38119f0e861e05405d8a144b9b982f0a>@@@Z 0000000180034854     libucrt:wsetlocale.obj
 0004:00001860       $pdata$?fin$0@?0???$?RV<lambda_410d79af7f07d98d83a3f525b3859a53>@@AEAV<lambda_3e16ef9562a7dcce91392c22ab16ea36>@@V<lambda_38119f0e861e05405d8a144b9b982f0a>@@@?$__crt_seh_guarded_call@X@@QEAAX$$QEAV<lambda_410d79af7f07d98d83a3f525b3859a53>@@AEAV<lambda_3e16ef9562a7dcce91392c22ab16ea36>@@$$QEAV<lambda_38119f0e861e05405d8a144b9b982f0a>@@@Z@4HA 0000000180034860     libucrt:wsetlocale.obj
 0004:0000186c       $pdata$__acrt_initialize_lowio 000000018003486c     libucrt:ioinit.obj
 0004:00001878       $pdata$__acrt_initialize_lowio$fin$0 0000000180034878     libucrt:ioinit.obj
 0004:00001878       $pdata$__acrt_lowio_ensure_fh_exists$fin$0 0000000180034878     libucrt:osfinfo.obj
 0004:00001884       $pdata$__acrt_uninitialize_lowio 0000000180034884     libucrt:ioinit.obj
 0004:00001890       $pdata$?initialize_inherited_file_handles_nolock@@YAXXZ 0000000180034890     libucrt:ioinit.obj
 0004:0000189c       $pdata$?initialize_stdio_handles_nolock@@YAXXZ 000000018003489c     libucrt:ioinit.obj
 0004:000018a8       $pdata$__acrt_initialize_locks 00000001800348a8     libucrt:locks.obj
 0004:000018b4       $pdata$__acrt_uninitialize_locks 00000001800348b4     libucrt:locks.obj
 0004:000018c0       $pdata$__acrt_get_process_end_policy 00000001800348c0     libucrt:win_policies.obj
 0004:000018cc       $pdata$??$__acrt_mbs_to_wcs_cp@U__crt_win32_buffer_internal_dynamic_resizing@@@@YAHQEBDAEAV?$__crt_win32_buffer@_WU__crt_win32_buffer_internal_dynamic_resizing@@@@I@Z 00000001800348cc     libucrt:argv_wildcards.obj
 0004:000018d8       $pdata$??$__acrt_wcs_to_mbs_cp@U__crt_win32_buffer_internal_dynamic_resizing@@@@YAHQEB_WAEAV?$__crt_win32_buffer@DU__crt_win32_buffer_internal_dynamic_resizing@@@@I@Z 00000001800348d8     libucrt:argv_wildcards.obj
 0004:000018e4       $pdata$??$common_expand_argv_wildcards@D@@YAHQEAPEADQEAPEAPEAD@Z 00000001800348e4     libucrt:argv_wildcards.obj
 0004:000018f0       $pdata$??$copy_and_add_argument_to_buffer@D@@YAHQEBD0_KAEAV?$argument_list@D@?A0x5f5c8891@@@Z 00000001800348f0     libucrt:argv_wildcards.obj
 0004:000018fc       $pdata$??$expand_argument_wildcards@D@@YAHQEAD0AEAV?$argument_list@D@?A0x5f5c8891@@@Z 00000001800348fc     libucrt:argv_wildcards.obj
 0004:00001908       $pdata$__acrt_GetModuleFileNameA 0000000180034908     libucrt:getmodulefilenamea.obj
 0004:00001914       $pdata$??$__acrt_wcs_to_mbs_cp@U__crt_win32_buffer_no_resizing@@@@YAHQEB_WAEAV?$__crt_win32_buffer@DU__crt_win32_buffer_no_resizing@@@@I@Z 0000000180034914     libucrt:getmodulefilenamea.obj
 0004:00001920       $pdata$__acrt_update_thread_multibyte_data 0000000180034920     libucrt:mbctype.obj
 0004:0000192c       $pdata$__acrt_initialize_multibyte 000000018003492c     libucrt:mbctype.obj
 0004:00001938       $pdata$_setmbcp_nolock     0000000180034938     libucrt:mbctype.obj
 0004:00001944       $pdata$?getSystemCP@@YAHH@Z 0000000180034944     libucrt:mbctype.obj
 0004:00001950       $pdata$?setSBCS@@YAXPEAU__crt_multibyte_data@@@Z 0000000180034950     libucrt:mbctype.obj
 0004:0000195c       $pdata$?update_thread_multibyte_data_internal@@YAPEAU__crt_multibyte_data@@QEAU__acrt_ptd@@QEAPEAU1@@Z 000000018003495c     libucrt:mbctype.obj
 0004:00001968       $pdata$?fin$0@?0??update_thread_multibyte_data_internal@@YAPEAU__crt_multibyte_data@@QEAU__acrt_ptd@@QEAPEAU1@@Z@4HA 0000000180034968     libucrt:mbctype.obj
 0004:00001974       $pdata$?setmbcp_internal@@YAHH_NQEAU__acrt_ptd@@QEAPEAU__crt_multibyte_data@@@Z 0000000180034974     libucrt:mbctype.obj
 0004:00001980       $pdata$?setSBUpLow@@YAXPEAU__crt_multibyte_data@@@Z 0000000180034980     libucrt:mbctype.obj
 0004:0000198c       $pdata$??$?RV<lambda_efdfa57d1f175319df784efa44bb7b81>@@AEAV<lambda_5f0a4c1567f8adc6734073e5d1e1b35c>@@V<lambda_2e8a7d3640ea6ccb4c2413664c2db6fd>@@@?$__crt_seh_guarded_call@X@@QEAAX$$QEAV<lambda_efdfa57d1f175319df784efa44bb7b81>@@AEAV<lambda_5f0a4c1567f8adc6734073e5d1e1b35c>@@$$QEAV<lambda_2e8a7d3640ea6ccb4c2413664c2db6fd>@@@Z 000000018003498c     libucrt:mbctype.obj
 0004:00001998       $pdata$?x_ismbbtype_l@@YAHPEAU__crt_locale_pointers@@IHH@Z 0000000180034998     libucrt:ismbbyte.obj
 0004:000019a4       $pdata$__acrt_initialize_command_line 00000001800349a4     libucrt:argv_data.obj
 0004:000019b0       $pdata$__acrt_WideCharToMultiByte 00000001800349b0     libucrt:widechartomultibyte.obj
 0004:000019bc       $pdata$__dcrt_get_narrow_environment_from_os 00000001800349bc     libucrt:get_environment_from_os.obj
 0004:000019c8       $pdata$__acrt_initialize_heap 00000001800349c8     libucrt:heap_handle.obj
 0004:000019d4       $pdata$__acrt_execute_initializers 00000001800349d4     libucrt:shared_initialization.obj
 0004:000019e0       $pdata$__acrt_execute_uninitializers 00000001800349e0     libucrt:shared_initialization.obj
 0004:000019ec       $pdata$__acrt_get_sigabrt_handler 00000001800349ec     libucrt:signal.obj
 0004:000019f8       $pdata$raise               00000001800349f8     libucrt:signal.obj
 0004:00001a04       $pdata$raise$fin$0         0000000180034a04     libucrt:signal.obj
 0004:00001a10       $pdata$??$?RV<lambda_450d765d439847d4c735a33c368b5fc0>@@AEAV<lambda_44731a7d0e6d81c3e6aa82d741081786>@@V<lambda_601a2a7da3b7a96e9554ac7215c4b07c>@@@?$__crt_seh_guarded_call@P6AXH@Z@@QEAAP6AXH@Z$$QEAV<lambda_450d765d439847d4c735a33c368b5fc0>@@AEAV<lambda_44731a7d0e6d81c3e6aa82d741081786>@@$$QEAV<lambda_601a2a7da3b7a96e9554ac7215c4b07c>@@@Z 0000000180034a10     libucrt:signal.obj
 0004:00001a1c       $pdata$_fflush_nolock      0000000180034a1c     libucrt:fflush.obj
 0004:00001a28       $pdata$__acrt_stdio_flush_nolock 0000000180034a28     libucrt:fflush.obj
 0004:00001a34       $pdata$?common_flush_all@@YAH_N@Z 0000000180034a34     libucrt:fflush.obj
 0004:00001a40       $pdata$??$?RV<lambda_842d9ff0dc9ef11c61343bbaebe7f885>@@AEAV<lambda_c5860995281e5c4ce005b3de8f5874ee>@@V<lambda_d90129c13df834fdcbf8d2b88dafcf2d>@@@?$__crt_seh_guarded_call@X@@QEAAX$$QEAV<lambda_842d9ff0dc9ef11c61343bbaebe7f885>@@AEAV<lambda_c5860995281e5c4ce005b3de8f5874ee>@@$$QEAV<lambda_d90129c13df834fdcbf8d2b88dafcf2d>@@@Z 0000000180034a40     libucrt:fflush.obj
 0004:00001a4c       $pdata$?fin$0@?0???$?RV<lambda_842d9ff0dc9ef11c61343bbaebe7f885>@@AEAV<lambda_c5860995281e5c4ce005b3de8f5874ee>@@V<lambda_d90129c13df834fdcbf8d2b88dafcf2d>@@@?$__crt_seh_guarded_call@X@@QEAAX$$QEAV<lambda_842d9ff0dc9ef11c61343bbaebe7f885>@@AEAV<lambda_c5860995281e5c4ce005b3de8f5874ee>@@$$QEAV<lambda_d90129c13df834fdcbf8d2b88dafcf2d>@@@Z@4HA 0000000180034a4c     libucrt:fflush.obj
 0004:00001a58       $pdata$??$?RV<lambda_886d6c58226a84441f68b9f2b8217b83>@@AEAV<lambda_ab61a845afdef5b7c387490eaf3616ee>@@V<lambda_f7f22ab5edc0698d5f6905b0d3f44752>@@@?$__crt_seh_guarded_call@X@@QEAAX$$QEAV<lambda_886d6c58226a84441f68b9f2b8217b83>@@AEAV<lambda_ab61a845afdef5b7c387490eaf3616ee>@@$$QEAV<lambda_f7f22ab5edc0698d5f6905b0d3f44752>@@@Z 0000000180034a58     libucrt:fflush.obj
 0004:00001a64       $pdata$?fin$0@?0???$?RV<lambda_886d6c58226a84441f68b9f2b8217b83>@@AEAV<lambda_ab61a845afdef5b7c387490eaf3616ee>@@V<lambda_f7f22ab5edc0698d5f6905b0d3f44752>@@@?$__crt_seh_guarded_call@X@@QEAAX$$QEAV<lambda_886d6c58226a84441f68b9f2b8217b83>@@AEAV<lambda_ab61a845afdef5b7c387490eaf3616ee>@@$$QEAV<lambda_f7f22ab5edc0698d5f6905b0d3f44752>@@@Z@4HA 0000000180034a64     libucrt:fflush.obj
 0004:00001a70       $pdata$__pctype_func       0000000180034a70     libucrt:ctype.obj
 0004:00001a7c       $pdata$iswctype            0000000180034a7c     libucrt:iswctype.obj
 0004:00001a88       $pdata$__acrt_release_locale_ref 0000000180034a88     libucrt:locale_refcounting.obj
 0004:00001a94       $pdata$__acrt_free_locale  0000000180034a94     libucrt:locale_refcounting.obj
 0004:00001aa0       $pdata$__acrt_locale_free_lc_time_if_unreferenced 0000000180034aa0     libucrt:locale_refcounting.obj
 0004:00001aac       $pdata$__acrt_update_thread_locale_data 0000000180034aac     libucrt:locale_refcounting.obj
 0004:00001ab8       $pdata$__acrt_update_thread_locale_data$fin$0 0000000180034ab8     libucrt:locale_refcounting.obj
 0004:00001ac4       $pdata$_updatetlocinfoEx_nolock 0000000180034ac4     libucrt:locale_refcounting.obj
 0004:00001ad0       $pdata$__acrt_DownlevelLocaleNameToLCID 0000000180034ad0     libucrt:lcidtoname_downlevel.obj
 0004:00001adc       $pdata$_isleadbyte_l       0000000180034adc     libucrt:_wctype.obj
 0004:00001ae8       $pdata$?__mbrtowc_utf8@__crt_mbstring@@YA_KPEA_WPEBD_KPEAU_Mbstatet@@@Z 0000000180034ae8     libucrt:mbrtowc.obj
 0004:00001af4       $pdata$?__mbsrtowcs_utf8@__crt_mbstring@@YA_KPEA_WPEAPEBD_KPEAU_Mbstatet@@@Z 0000000180034af4     libucrt:mbrtowc.obj
 0004:00001b00       $pdata$__acrt_fp_strflt_to_string 0000000180034b00     libucrt:_fptostr.obj
 0004:00001b0c       $pdata$memcpy_s            0000000180034b0c     libucrt:cfout.obj
 0004:00001b18       $pdata$__acrt_fltout       0000000180034b18     libucrt:cfout.obj
 0004:00001b24       $pdata$?divide@__crt_strtox@@YA_KAEAUbig_integer@1@AEBU21@@Z 0000000180034b24     libucrt:cfout.obj
 0004:00001b30       $pdata$0$?divide@__crt_strtox@@YA_KAEAUbig_integer@1@AEBU21@@Z 0000000180034b30     libucrt:cfout.obj
 0004:00001b3c       $pdata$1$?divide@__crt_strtox@@YA_KAEAUbig_integer@1@AEBU21@@Z 0000000180034b3c     libucrt:cfout.obj
 0004:00001b48       $pdata$_fcloseall          0000000180034b48     libucrt:closeall.obj
 0004:00001b54       $pdata$_fcloseall$fin$0    0000000180034b54     libucrt:closeall.obj
 0004:00001b60       $pdata$__acrt_stdio_free_buffer_nolock 0000000180034b60     libucrt:_freebuf.obj
 0004:00001b6c       $pdata$_isatty             0000000180034b6c     libucrt:isatty.obj
 0004:00001b78       $pdata$__acrt_locale_free_monetary 0000000180034b78     libucrt:initmon.obj
 0004:00001b84       $pdata$__acrt_locale_free_numeric 0000000180034b84     libucrt:initnum.obj
 0004:00001b90       $pdata$__acrt_locale_free_time 0000000180034b90     libucrt:inittime.obj
 0004:00001b9c       $pdata$?free_crt_array_internal@@YAXQEAPEBX_K@Z 0000000180034b9c     libucrt:inittime.obj
 0004:00001ba8       $pdata$__acrt_GetStringTypeA 0000000180034ba8     libucrt:getstringtypea.obj
 0004:00001bb4       $pdata$_get_osfhandle      0000000180034bb4     libucrt:osfinfo.obj
 0004:00001bc0       $pdata$_free_osfhnd        0000000180034bc0     libucrt:osfinfo.obj
 0004:00001bcc       $pdata$__acrt_lowio_create_handle_array 0000000180034bcc     libucrt:osfinfo.obj
 0004:00001bd8       $pdata$__acrt_lowio_destroy_handle_array 0000000180034bd8     libucrt:osfinfo.obj
 0004:00001be4       $pdata$__acrt_lowio_ensure_fh_exists 0000000180034be4     libucrt:osfinfo.obj
 0004:00001bf0       $pdata$qsort               0000000180034bf0     libucrt:qsort.obj
 0004:00001bfc       $pdata$4$qsort             0000000180034bfc     libucrt:qsort.obj
 0004:00001c08       $pdata$5$qsort             0000000180034c08     libucrt:qsort.obj
 0004:00001c14       $pdata$strncpy_s           0000000180034c14     libucrt:strncpy_s.obj
 0004:00001c20       $pdata$strpbrk             0000000180034c20     libucrt:strpbrk.obj
 0004:00001c2c       $pdata$fallbackMethod      0000000180034c2c     libucrt:strpbrk.obj
 0004:00001c38       $pdata$_mbsdec_l           0000000180034c38     libucrt:mbsdec.obj
 0004:00001c44       $pdata$__acrt_LCMapStringA 0000000180034c44     libucrt:lcmapstringa.obj
 0004:00001c50       $pdata$?__acrt_LCMapStringA_stat@@YAHPEAU__crt_locale_pointers@@PEB_WKPEBDHPEADHHH@Z 0000000180034c50     libucrt:lcmapstringa.obj
 0004:00001c5c       $pdata$?initialize_multibyte@@YAHXZ 0000000180034c5c     libucrt:multibyte_initializer.obj
 0004:00001c68       $pdata$_commit             0000000180034c68     libucrt:commit.obj
 0004:00001c74       $pdata$??$?RV<lambda_a37b2b86f63e897a80ea819b0eb08c01>@@AEAV<lambda_38ce7e780aa69e748d6df282ebc68efe>@@V<lambda_99fb1378e971ab6e7edea83e3a7a83a2>@@@?$__crt_seh_guarded_call@H@@QEAAH$$QEAV<lambda_a37b2b86f63e897a80ea819b0eb08c01>@@AEAV<lambda_38ce7e780aa69e748d6df282ebc68efe>@@$$QEAV<lambda_99fb1378e971ab6e7edea83e3a7a83a2>@@@Z 0000000180034c74     libucrt:commit.obj
 0004:00001c80       $pdata$?fin$0@?0???$?RV<lambda_751a882b2c74d4b022dec766aa51a29a>@@AEAV<lambda_628dfdc04ba53c8bfc02c9951375f3f5>@@V<lambda_f6c7be5f7998530c34de24c7437d6b54>@@@?$__crt_seh_guarded_call@H@@QEAAH$$QEAV<lambda_751a882b2c74d4b022dec766aa51a29a>@@AEAV<lambda_628dfdc04ba53c8bfc02c9951375f3f5>@@$$QEAV<lambda_f6c7be5f7998530c34de24c7437d6b54>@@@Z@4HA 0000000180034c80     libucrt:close.obj
 0004:00001c80       $pdata$?fin$0@?0???$?RV<lambda_a37b2b86f63e897a80ea819b0eb08c01>@@AEAV<lambda_38ce7e780aa69e748d6df282ebc68efe>@@V<lambda_99fb1378e971ab6e7edea83e3a7a83a2>@@@?$__crt_seh_guarded_call@H@@QEAAH$$QEAV<lambda_a37b2b86f63e897a80ea819b0eb08c01>@@AEAV<lambda_38ce7e780aa69e748d6df282ebc68efe>@@$$QEAV<lambda_99fb1378e971ab6e7edea83e3a7a83a2>@@@Z@4HA 0000000180034c80     libucrt:commit.obj
 0004:00001c8c       $pdata$_write              0000000180034c8c     libucrt:write.obj
 0004:00001c98       $pdata$_write$fin$0        0000000180034c98     libucrt:write.obj
 0004:00001ca4       $pdata$_write_nolock       0000000180034ca4     libucrt:write.obj
 0004:00001cb0       $pdata$?write_double_translated_ansi_nolock@@YA?AUwrite_result@?A0x17268360@@HQEBDI@Z 0000000180034cb0     libucrt:write.obj
 0004:00001cbc       $pdata$?write_text_ansi_nolock@@YA?AUwrite_result@?A0x17268360@@HQEBDI@Z 0000000180034cbc     libucrt:write.obj
 0004:00001cc8       $pdata$?write_text_utf16le_nolock@@YA?AUwrite_result@?A0x17268360@@HQEBDI@Z 0000000180034cc8     libucrt:write.obj
 0004:00001cd4       $pdata$?write_text_utf8_nolock@@YA?AUwrite_result@?A0x17268360@@HQEBDI@Z 0000000180034cd4     libucrt:write.obj
 0004:00001ce0       $pdata$?__mbrtoc32_utf8@__crt_mbstring@@YA_KPEA_UPEBD_KPEAU_Mbstatet@@@Z 0000000180034ce0     libucrt:mbrtoc32.obj
 0004:00001cec       $pdata$fegetenv            0000000180034cec     libucrt:fegetenv.obj
 0004:00001cf8       $pdata$fesetenv            0000000180034cf8     libucrt:fesetenv.obj
 0004:00001d04       $pdata$feholdexcept        0000000180034d04     libucrt:feholdexcept.obj
 0004:00001d1c       $pdata$??$common_lseek_nolock@_J@@YA_JH_JH@Z 0000000180034d1c     libucrt:lseek.obj
 0004:00001d28       $pdata$fclose              0000000180034d28     libucrt:fclose.obj
 0004:00001d34       $pdata$fclose$fin$0        0000000180034d34     libucrt:fclose.obj
 0004:00001d40       $pdata$_fclose_nolock      0000000180034d40     libucrt:fclose.obj
 0004:00001d4c       $pdata$_putwch_nolock      0000000180034d4c     libucrt:putwch.obj
 0004:00001d58       $pdata$__acrt_fenv_set_control 0000000180034d58     libucrt:_fenvutils.obj
 0004:00001d64       $pdata$_clearfp            0000000180034d64     libucrt:ieee.obj
 0004:00001d70       $pdata$_call_matherr       0000000180034d70     libucrt:libm_error.obj
 0004:00001d7c       $pdata$_exception_enabled  0000000180034d7c     libucrt:libm_error.obj
 0004:00001d88       $pdata$_handle_error       0000000180034d88     libucrt:libm_error.obj
 0004:00001d94       $pdata$__acrt_initialize_fma3 0000000180034d94     libucrt:fma3_available.obj
 0004:00001da0       $pdata$_log_special_common 0000000180034da0     libucrt:log_special.obj
 0004:00001dac       $pdata$_log10_special      0000000180034dac     libucrt:log_special.obj
 0004:00001db8       $pdata$_close              0000000180034db8     libucrt:close.obj
 0004:00001dc4       $pdata$_close_nolock       0000000180034dc4     libucrt:close.obj
 0004:00001dd0       $pdata$??$?RV<lambda_751a882b2c74d4b022dec766aa51a29a>@@AEAV<lambda_628dfdc04ba53c8bfc02c9951375f3f5>@@V<lambda_f6c7be5f7998530c34de24c7437d6b54>@@@?$__crt_seh_guarded_call@H@@QEAAH$$QEAV<lambda_751a882b2c74d4b022dec766aa51a29a>@@AEAV<lambda_628dfdc04ba53c8bfc02c9951375f3f5>@@$$QEAV<lambda_f6c7be5f7998530c34de24c7437d6b54>@@@Z 0000000180034dd0     libucrt:close.obj
 0004:00001ddc       $pdata$__dcrt_lowio_ensure_console_output_initialized 0000000180034ddc     libucrt:initcon.obj
 0004:00001de8       $pdata$__dcrt_write_console 0000000180034de8     libucrt:initcon.obj
 0004:00001df4       $pdata$__dcrt_terminate_console_output 0000000180034df4     libucrt:initcon.obj
 0004:00001e0c       $pdata$_set_errno_from_matherr 0000000180034e0c     libucrt:fpexcept.obj
 0004:00001e18       $pdata$_raise_exc          0000000180034e18     libucrt:fpexcept.obj
 0004:00001e24       $pdata$_raise_exc_ex       0000000180034e24     libucrt:fpexcept.obj
 0004:00001e30       $pdata$_clrfp              0000000180034e30     libucrt:fpctrl.obj
 0004:00001e3c       $pdata$_ctrlfp             0000000180034e3c     libucrt:fpctrl.obj
 0004:00001e48       $pdata$_ctrlfp$filt$0      0000000180034e48     libucrt:fpctrl.obj
 0004:00001e54       $pdata$_statfp             0000000180034e54     libucrt:fpctrl.obj
 0004:00001e60       $pdata$_set_statfp         0000000180034e60     libucrt:fpctrl.obj
 0004:00001e6c       $pdata$_IsNonwritableInCurrentImage 0000000180034e6c     LIBCMT:pesect.obj
 0004:00001e78       $pdata$_IsNonwritableInCurrentImage$filt$0 0000000180034e78     LIBCMT:pesect.obj
 0005:00000000       MoveSmall                  0000000180035000     libvcruntime:memcpy.obj
 0005:00000050       MsetTab                    0000000180035050     libvcruntime:memset.obj
 0006:00000220       $R000000                   0000000180036220     ImageScanner.res
 0006:00000bc8       $R0009A8                   0000000180036bc8     ImageScanner.res
 0006:00000cb0       $R000A90                   0000000180036cb0     ImageScanner.res
 0006:00000f18       $R000CF8                   0000000180036f18     ImageScanner.res
 0006:00001430       $R001210                   0000000180037430     ImageScanner.res
 0006:00004430       $R004210                   000000018003a430     ImageScanner.res
 0006:00004468       $R004248                   000000018003a468     ImageScanner.res
