 OPOSBelt

 Timestamp is 5c43fc90 (Sun Jan 20 13:44:00 2019)

 Preferred load address is 0000000180000000

 Start         Length     Name                   Class
 0001:00000000 000000c0H .text$di                CODE
 0001:000000c0 0001f5b0H .text$mn                CODE
 0001:0001f670 00000020H .text$mn$00             CODE
 0001:0001f690 00000410H .text$x                 CODE
 0001:0001faa0 000000c0H .text$yd                CODE
 0002:00000000 00000620H .idata$5                DATA
 0002:00000620 00000010H .00cfg                  DATA
 0002:00000630 00000008H .CRT$XCA                DATA
 0002:00000638 00000008H .CRT$XCL                DATA
 0002:00000640 00000020H .CRT$XCU                DATA
 0002:00000660 00000008H .CRT$XCZ                DATA
 0002:00000668 00000008H .CRT$XIA                DATA
 0002:00000670 00000020H .CRT$XIC                DATA
 0002:00000690 00000008H .CRT$XIZ                DATA
 0002:00000698 00000008H .CRT$XLA                DATA
 0002:000006a0 00000008H .CRT$XLZ                DATA
 0002:000006a8 00000008H .CRT$XPA                DATA
 0002:000006b0 00000010H .CRT$XPX                DATA
 0002:000006c0 00000008H .CRT$XPXA               DATA
 0002:000006c8 00000008H .CRT$XPZ                DATA
 0002:000006d0 00000008H .CRT$XTA                DATA
 0002:000006d8 00000008H .CRT$XTZ                DATA
 0002:000006e0 00000000H .gfids$x                DATA
 0002:000006e0 00000000H .gfids$y                DATA
 0002:000006e0 0000a180H .rdata                  DATA
 0002:0000a860 00000028H .rdata$T                DATA
 0002:0000a888 00000274H .rdata$r                DATA
 0002:0000aafc 000003f4H .rdata$zzzdbg           DATA
 0002:0000aef0 00000008H .rtc$IAA                DATA
 0002:0000aef8 00000008H .rtc$IZZ                DATA
 0002:0000af00 00000008H .rtc$TAA                DATA
 0002:0000af08 00000008H .rtc$TZZ                DATA
 0002:0000af10 00000004H .tls                    DATA
 0002:0000af14 00000004H .tls$                   DATA
 0002:0000af18 00000008H .tls$ZZZ                DATA
 0002:0000af20 00001638H .xdata                  DATA
 0002:0000c558 00000150H .xdata$x                DATA
 0002:0000c6a8 00000008H ATL$__a                 DATA
 0002:0000c6b0 00000010H ATL$__z                 DATA
 0002:0000c6c0 000000a8H .edata                  DATA
 0002:0000c768 00000078H .idata$2                DATA
 0002:0000c7e0 00000018H .idata$3                DATA
 0002:0000c7f8 00000620H .idata$4                DATA
 0002:0000ce18 00000c3aH .idata$6                DATA
 0003:00000000 00000c48H .data                   DATA
 0003:00000c48 000000c8H .data$r                 DATA
 0003:00000d10 000013d4H .bss                    DATA
 0004:00000000 00001ee4H .pdata                  DATA
 0005:00000000 00000220H .rsrc$01                DATA
 0005:00000220 00004470H .rsrc$02                DATA

  Address         Publics by Value              Rva+Base               Lib:Object

 0000:00000000       __guard_fids_count         0000000000000000     <absolute>
 0000:00000000       __guard_longjmp_count      0000000000000000     <absolute>
 0000:00000000       __guard_longjmp_table      0000000000000000     <absolute>
 0000:00000000       __hybrid_code_map          0000000000000000     <absolute>
 0000:00000000       __guard_iat_count          0000000000000000     <absolute>
 0000:00000000       __volatile_metadata        0000000000000000     <absolute>
 0000:00000000       __guard_iat_table          0000000000000000     <absolute>
 0000:00000000       __hybrid_code_map_count    0000000000000000     <absolute>
 0000:00000000       __enclave_config           0000000000000000     <absolute>
 0000:00000000       ___safe_se_handler_count   0000000000000000     <absolute>
 0000:00000000       ___safe_se_handler_table   0000000000000000     <absolute>
 0000:00000000       __guard_fids_table         0000000000000000     <absolute>
 0000:00000000       __hybrid_auxiliary_iat     0000000000000000     <absolute>
 0000:00000000       __dynamic_value_reloc_table 0000000000000000     <absolute>
 0000:00000100       __guard_flags              0000000000000100     <absolute>
 0000:00000000       __ImageBase                0000000180000000     <linker-defined>
 0001:000000c0       ?DupWide@_CW@@AEAAXXZ      00000001800010c0 f   CWString.obj
 0001:000000e8       ?cw_dup@@YAXPEBDAEAHAEAPEA_W1@Z 00000001800010e8 f   CWString.obj
 0001:00000194       ?cw_memcpy@@YAHPEA_WPEBDH@Z 0000000180001194 f   CWString.obj
 0001:000001e0       ?cw_strcpy@@YAHPEA_WPEBD@Z 00000001800011e0 f   CWString.obj
 0001:000001f4       ??0CAtlComModule@ATL@@QEAA@XZ 00000001800011f4 f i OposVariant.obj
 0001:0000027c       ??0CAtlWinModule@ATL@@QEAA@XZ 000000018000127c f i OposVariant.obj
 0001:000002f4       ??0OposDispParms@@QEAA@PEAVOposVariant@@H@Z 00000001800012f4 f   OposVariant.obj
 0001:0000039c       ??1OposDispParms@@QEAA@XZ  000000018000139c f   OposVariant.obj
 0001:000003b4       ??_Estringdispid@CComTypeInfoHolder@ATL@@QEAAPEAXI@Z 00000001800013b4 f i OposVariant.obj
 0001:00000458       ?AtlWinModuleTerm@ATL@@YAJPEAU_ATL_WIN_MODULE70@1@PEAUHINSTANCE__@@@Z 0000000180001458 f i OposVariant.obj
 0001:00000508       ?ChangeBSTR@OposVariant@@QEAAXPEAPEA_WAEAJ@Z 0000000180001508 f   OposVariant.obj
 0001:00000568       ?ChangeLONG@OposVariant@@QEAAXPEAJAEAJ@Z 0000000180001568 f   OposVariant.obj
 0001:000005c4       ?GetLONG@OposVariant@@QEAAJXZ 00000001800015c4 f   OposVariant.obj
 0001:000005e8       ?SetBSTR@OposVariant@@QEAAXPEA_WAEAJ@Z 00000001800015e8 f   OposVariant.obj
 0001:00000628       ?SetBSTR_Copy@OposVariant@@QEAAXPEA_WAEAJ@Z 0000000180001628 f   OposVariant.obj
 0001:00000698       ?SetBSTR_InOutPtr@OposVariant@@QEAA_NPEAPEA_WAEAJ@Z 0000000180001698 f   OposVariant.obj
 0001:000006e8       ?SetDispatch_Ptr@OposVariant@@QEAAXPEAUIDispatch@@AEAJ@Z 00000001800016e8 f   OposVariant.obj
 0001:00000740       ?SetLONG@OposVariant@@QEAAXJ@Z 0000000180001740 f   OposVariant.obj
 0001:00000770       ?SetLONG_Ptr@OposVariant@@QEAAXPEAJAEAJ@Z 0000000180001770 f   OposVariant.obj
 0001:000007bc       ?SetString@OposVariant@@QEAAXPEB_WAEAJ@Z 00000001800017bc f   OposVariant.obj
 0001:00000820       ?SetVARIANT_BOOL@OposVariant@@QEAAXF@Z 0000000180001820 f   OposVariant.obj
 0001:00000858       ?Term@CAtlComModule@ATL@@QEAAXXZ 0000000180001858 f i OposVariant.obj
 0001:000008c8       ?_AtlInitializeCriticalSectionEx@ATL@@YAHPEAU_RTL_CRITICAL_SECTION@@KK@Z 00000001800018c8 f i OposVariant.obj
 0001:000008d0       ?_AtlRaiseException@ATL@@YAXKK@Z 00000001800018d0 f i OposVariant.obj
 0001:000008e0       ?AddRef@?$CComAggObject@VCOPOSBelt@@@ATL@@UEAAKXZ 00000001800018e0 f i Belt.obj
 0001:000008ec       ?Release@?$CComAggObject@VCOPOSBelt@@@ATL@@UEAAKXZ 00000001800018ec f i Belt.obj
 0001:00000940       ?QueryInterface@?$CComAggObject@VCOPOSBelt@@@ATL@@UEAAJAEBU_GUID@@PEAPEAX@Z 0000000180001940 f i Belt.obj
 0001:000009a0       ?AddRef@?$CComContainedObject@VCOPOSBelt@@@ATL@@UEAAKXZ 00000001800019a0 f i Belt.obj
 0001:000009b0       ?Release@?$CComContainedObject@VCOPOSBelt@@@ATL@@UEAAKXZ 00000001800019b0 f i Belt.obj
 0001:000009c0       ?QueryInterface@?$CComContainedObject@VCOPOSBelt@@@ATL@@UEAAJAEBU_GUID@@PEAPEAX@Z 00000001800019c0 f i Belt.obj
 0001:000009d0       ??_E?$CComAggObject@VCOPOSBelt@@@ATL@@UEAAPEAXI@Z 00000001800019d0 f i Belt.obj
 0001:000009d0       ??_G?$CComAggObject@VCOPOSBelt@@@ATL@@UEAAPEAXI@Z 00000001800019d0 f i Belt.obj
 0001:00000a28       ?AddRef@?$CComObject@VCOPOSBelt@@@ATL@@UEAAKXZ 0000000180001a28 f i Belt.obj
 0001:00000a38       ?Release@?$CComObject@VCOPOSBelt@@@ATL@@UEAAKXZ 0000000180001a38 f i Belt.obj
 0001:00000a90       ?QueryInterface@?$CComObject@VCOPOSBelt@@@ATL@@UEAAJAEBU_GUID@@PEAPEAX@Z 0000000180001a90 f i Belt.obj
 0001:00000aa4       ?ObjectMain@CComObjectRootBase@ATL@@SAX_N@Z 0000000180001aa4 f i Belt.obj
 0001:00000aa4       _guard_check_icall_nop     0000000180001aa4 f i LIBCMT:guard_support.obj
 0001:00000aa4       ?OnFinalMessage@?$CWindowImplBaseT@VCWindow@ATL@@V?$CWinTraits@$0FGAAAAAA@$0A@@2@@ATL@@UEAAXPEAUHWND__@@@Z 0000000180001aa4 f i Belt.obj
 0001:00000aa8       ?GetObjectDescription@?$CComCoClass@VCOPOSBelt@@$1?CLSID_OPOSBelt@@3U_GUID@@B@ATL@@SAPEB_WXZ 0000000180001aa8 f i Belt.obj
 0001:00000aa8       ?SaveCompleted@?$IPersistStorageImpl@VCOPOSBelt@@@ATL@@UEAAJPEAUIStorage@@@Z 0000000180001aa8 f i Belt.obj
 0001:00000aa8       ?Release@CRegObject@ATL@@UEAAKXZ 0000000180001aa8 f i Belt.obj
 0001:00000aa8       ?Update@?$IOleObjectImpl@VCOPOSBelt@@@ATL@@UEAAJXZ 0000000180001aa8 f i Belt.obj
 0001:00000aa8       ?OnAmbientPropertyChange@?$IOleControlImpl@VCOPOSBelt@@@ATL@@UEAAJJ@Z 0000000180001aa8 f i Belt.obj
 0001:00000aa8       ?OnFrameWindowActivate@?$IOleInPlaceActiveObjectImpl@VCOPOSBelt@@@ATL@@UEAAJH@Z 0000000180001aa8 f i Belt.obj
 0001:00000aa8       ?EnableModeless@?$IOleInPlaceActiveObjectImpl@VCOPOSBelt@@@ATL@@UEAAJH@Z 0000000180001aa8 f i Belt.obj
 0001:00000aa8       ?SetHostNames@?$IOleObjectImpl@VCOPOSBelt@@@ATL@@UEAAJPEB_W0@Z 0000000180001aa8 f i Belt.obj
 0001:00000aa8       ?IsUpToDate@?$IOleObjectImpl@VCOPOSBelt@@@ATL@@UEAAJXZ 0000000180001aa8 f i Belt.obj
 0001:00000aa8       ?ResizeBorder@?$IOleInPlaceActiveObjectImpl@VCOPOSBelt@@@ATL@@UEAAJPEBUtagRECT@@PEAUIOleInPlaceUIWindow@@H@Z 0000000180001aa8 f i Belt.obj
 0001:00000aa8       ?GetCategoryMap@CComObjectRootBase@ATL@@SAPEBU_ATL_CATMAP_ENTRY@2@XZ 0000000180001aa8 f i Belt.obj
 0001:00000aa8       ?HandsOffStorage@?$IPersistStorageImpl@VCOPOSBelt@@@ATL@@UEAAJXZ 0000000180001aa8 f i Belt.obj
 0001:00000aac       ?OnDrawAdvanced@CComControlBase@ATL@@UEAAJAEAUATL_DRAWINFO@@@Z 0000000180001aac f i Belt.obj
 0001:00000bcc       ?CreateInstance@CComClassFactory@ATL@@UEAAJPEAUIUnknown@@AEBU_GUID@@PEAPEAX@Z 0000000180001bcc f i Belt.obj
 0001:00000c2c       ?LockServer@CComClassFactory@ATL@@UEAAJH@Z 0000000180001c2c f i Belt.obj
 0001:00000c50       ??_ECComClassFactory@ATL@@UEAAPEAXI@Z 0000000180001c50 f i Belt.obj
 0001:00000c50       ??_GCComClassFactory@ATL@@UEAAPEAXI@Z 0000000180001c50 f i Belt.obj
 0001:00000ca0       ?Next@?$CComEnumImpl@UIEnumConnections@@$1?_GUID_b196b287_bab4_101a_b69c_00aa00341d07@@3U__s_GUID@@BUtagCONNECTDATA@@V?$_Copy@UtagCONNECTDATA@@@ATL@@@ATL@@UEAAJKPEAUtagCONNECTDATA@@PEAK@Z 0000000180001ca0 f i Belt.obj
 0001:00000d74       ?Skip@?$CComEnumImpl@UIEnumConnections@@$1?_GUID_b196b287_bab4_101a_b69c_00aa00341d07@@3U__s_GUID@@BUtagCONNECTDATA@@V?$_Copy@UtagCONNECTDATA@@@ATL@@@ATL@@UEAAJK@Z 0000000180001d74 f i Belt.obj
 0001:00000da0       ?Reset@?$CComEnumImpl@UIEnumConnectionPoints@@$1?_GUID_b196b285_bab4_101a_b69c_00aa00341d07@@3U__s_GUID@@BPEAUIConnectionPoint@@V?$_CopyInterface@UIConnectionPoint@@@ATL@@@ATL@@UEAAJXZ 0000000180001da0 f i Belt.obj
 0001:00000da0       ?Reset@?$CComEnumImpl@UIEnumConnections@@$1?_GUID_b196b287_bab4_101a_b69c_00aa00341d07@@3U__s_GUID@@BUtagCONNECTDATA@@V?$_Copy@UtagCONNECTDATA@@@ATL@@@ATL@@UEAAJXZ 0000000180001da0 f i Belt.obj
 0001:00000dac       ?Clone@?$CComEnumImpl@UIEnumConnections@@$1?_GUID_b196b287_bab4_101a_b69c_00aa00341d07@@3U__s_GUID@@BUtagCONNECTDATA@@V?$_Copy@UtagCONNECTDATA@@@ATL@@@ATL@@UEAAJPEAPEAUIEnumConnections@@@Z 0000000180001dac f i Belt.obj
 0001:00000ed4       ?AddRef@?$CComObject@V?$CComEnum@UIEnumConnections@@$1?_GUID_b196b287_bab4_101a_b69c_00aa00341d07@@3U__s_GUID@@BUtagCONNECTDATA@@V?$_Copy@UtagCONNECTDATA@@@ATL@@VCComSingleThreadModel@6@@ATL@@@ATL@@UEAAKXZ 0000000180001ed4 f i Belt.obj
 0001:00000ed4       ?AddRef@?$CComObject@V?$CComEnum@UIEnumConnectionPoints@@$1?_GUID_b196b285_bab4_101a_b69c_00aa00341d07@@3U__s_GUID@@BPEAUIConnectionPoint@@V?$_CopyInterface@UIConnectionPoint@@@ATL@@VCComSingleThreadModel@6@@ATL@@@ATL@@UEAAKXZ 0000000180001ed4 f i Belt.obj
 0001:00000ee0       ?Release@?$CComObject@V?$CComEnum@UIEnumConnections@@$1?_GUID_b196b287_bab4_101a_b69c_00aa00341d07@@3U__s_GUID@@BUtagCONNECTDATA@@V?$_Copy@UtagCONNECTDATA@@@ATL@@VCComSingleThreadModel@6@@ATL@@@ATL@@UEAAKXZ 0000000180001ee0 f i Belt.obj
 0001:00000ee0       ?Release@?$CComObject@V?$CComEnum@UIEnumConnectionPoints@@$1?_GUID_b196b285_bab4_101a_b69c_00aa00341d07@@3U__s_GUID@@BPEAUIConnectionPoint@@V?$_CopyInterface@UIConnectionPoint@@@ATL@@VCComSingleThreadModel@6@@ATL@@@ATL@@UEAAKXZ 0000000180001ee0 f i Belt.obj
 0001:00000f34       ?QueryInterface@?$CComObject@V?$CComEnum@UIEnumConnections@@$1?_GUID_b196b287_bab4_101a_b69c_00aa00341d07@@3U__s_GUID@@BUtagCONNECTDATA@@V?$_Copy@UtagCONNECTDATA@@@ATL@@VCComSingleThreadModel@6@@ATL@@@ATL@@UEAAJAEBU_GUID@@PEAPEAX@Z 0000000180001f34 f i Belt.obj
 0001:00000f48       ??_G?$CComObject@V?$CComEnum@UIEnumConnections@@$1?_GUID_b196b287_bab4_101a_b69c_00aa00341d07@@3U__s_GUID@@BUtagCONNECTDATA@@V?$_Copy@UtagCONNECTDATA@@@ATL@@VCComSingleThreadModel@6@@ATL@@@ATL@@UEAAPEAXI@Z 0000000180001f48 f i Belt.obj
 0001:00000f48       ??_E?$CComObject@V?$CComEnum@UIEnumConnections@@$1?_GUID_b196b287_bab4_101a_b69c_00aa00341d07@@3U__s_GUID@@BUtagCONNECTDATA@@V?$_Copy@UtagCONNECTDATA@@@ATL@@VCComSingleThreadModel@6@@ATL@@@ATL@@UEAAPEAXI@Z 0000000180001f48 f i Belt.obj
 0001:00000fa0       ??_E?$CComObject@VCOPOSBelt@@@ATL@@W7EAAPEAXI@Z 0000000180001fa0 f i Belt.obj
 0001:00000fac       ??_E?$CComObject@VCOPOSBelt@@@ATL@@WHA@EAAPEAXI@Z 0000000180001fac f i Belt.obj
 0001:00000fb8       ?QueryInterface@?$CComObject@VCOPOSBelt@@@ATL@@WLI@EAAJAEBU_GUID@@PEAPEAX@Z 0000000180001fb8 f i Belt.obj
 0001:00000fc4       ?AddRef@?$CComObject@VCOPOSBelt@@@ATL@@WLI@EAAKXZ 0000000180001fc4 f i Belt.obj
 0001:00000fd0       ?Release@?$CComObject@VCOPOSBelt@@@ATL@@WLI@EAAKXZ 0000000180001fd0 f i Belt.obj
 0001:00000fdc       ?QueryInterface@?$CComObject@VCOPOSBelt@@@ATL@@WMA@EAAJAEBU_GUID@@PEAPEAX@Z 0000000180001fdc f i Belt.obj
 0001:00000fe8       ?AddRef@?$CComObject@VCOPOSBelt@@@ATL@@WMA@EAAKXZ 0000000180001fe8 f i Belt.obj
 0001:00000ff4       ?Release@?$CComObject@VCOPOSBelt@@@ATL@@WMA@EAAKXZ 0000000180001ff4 f i Belt.obj
 0001:00001000       ?QueryInterface@?$CComObject@VCOPOSBelt@@@ATL@@WMI@EAAJAEBU_GUID@@PEAPEAX@Z 0000000180002000 f i Belt.obj
 0001:0000100c       ?AddRef@?$CComObject@VCOPOSBelt@@@ATL@@WMI@EAAKXZ 000000018000200c f i Belt.obj
 0001:00001018       ?Release@?$CComObject@VCOPOSBelt@@@ATL@@WMI@EAAKXZ 0000000180002018 f i Belt.obj
 0001:00001024       ?QueryInterface@?$CComObject@VCOPOSBelt@@@ATL@@WNA@EAAJAEBU_GUID@@PEAPEAX@Z 0000000180002024 f i Belt.obj
 0001:00001030       ?AddRef@?$CComObject@VCOPOSBelt@@@ATL@@WNA@EAAKXZ 0000000180002030 f i Belt.obj
 0001:0000103c       ?Release@?$CComObject@VCOPOSBelt@@@ATL@@WNA@EAAKXZ 000000018000203c f i Belt.obj
 0001:00001048       ?QueryInterface@?$CComObject@VCOPOSBelt@@@ATL@@WNI@EAAJAEBU_GUID@@PEAPEAX@Z 0000000180002048 f i Belt.obj
 0001:00001054       ?AddRef@?$CComObject@VCOPOSBelt@@@ATL@@WNI@EAAKXZ 0000000180002054 f i Belt.obj
 0001:00001060       ?Release@?$CComObject@VCOPOSBelt@@@ATL@@WNI@EAAKXZ 0000000180002060 f i Belt.obj
 0001:0000106c       ?QueryInterface@?$CComObject@VCOPOSBelt@@@ATL@@WOA@EAAJAEBU_GUID@@PEAPEAX@Z 000000018000206c f i Belt.obj
 0001:00001078       ?AddRef@?$CComObject@VCOPOSBelt@@@ATL@@WOA@EAAKXZ 0000000180002078 f i Belt.obj
 0001:00001084       ?Release@?$CComObject@VCOPOSBelt@@@ATL@@WOA@EAAKXZ 0000000180002084 f i Belt.obj
 0001:00001090       ?QueryInterface@?$CComObject@VCOPOSBelt@@@ATL@@WOI@EAAJAEBU_GUID@@PEAPEAX@Z 0000000180002090 f i Belt.obj
 0001:0000109c       ?AddRef@?$CComObject@VCOPOSBelt@@@ATL@@WOI@EAAKXZ 000000018000209c f i Belt.obj
 0001:000010a8       ?Release@?$CComObject@VCOPOSBelt@@@ATL@@WOI@EAAKXZ 00000001800020a8 f i Belt.obj
 0001:000010b4       ?QueryInterface@?$CComObject@VCOPOSBelt@@@ATL@@WPA@EAAJAEBU_GUID@@PEAPEAX@Z 00000001800020b4 f i Belt.obj
 0001:000010c0       ?AddRef@?$CComObject@VCOPOSBelt@@@ATL@@WPA@EAAKXZ 00000001800020c0 f i Belt.obj
 0001:000010cc       ?Release@?$CComObject@VCOPOSBelt@@@ATL@@WPA@EAAKXZ 00000001800020cc f i Belt.obj
 0001:000010d8       ?QueryInterface@?$CComObject@VCOPOSBelt@@@ATL@@WPI@EAAJAEBU_GUID@@PEAPEAX@Z 00000001800020d8 f i Belt.obj
 0001:000010e4       ?AddRef@?$CComObject@VCOPOSBelt@@@ATL@@WPI@EAAKXZ 00000001800020e4 f i Belt.obj
 0001:000010f0       ?Release@?$CComObject@VCOPOSBelt@@@ATL@@WPI@EAAKXZ 00000001800020f0 f i Belt.obj
 0001:000010fc       ?QueryInterface@?$CComObject@VCOPOSBelt@@@ATL@@WBAA@EAAJAEBU_GUID@@PEAPEAX@Z 00000001800020fc f i Belt.obj
 0001:00001108       ?AddRef@?$CComObject@VCOPOSBelt@@@ATL@@WBAA@EAAKXZ 0000000180002108 f i Belt.obj
 0001:00001114       ?Release@?$CComObject@VCOPOSBelt@@@ATL@@WBAA@EAAKXZ 0000000180002114 f i Belt.obj
 0001:00001120       ?QueryInterface@?$CComObject@VCOPOSBelt@@@ATL@@WBAI@EAAJAEBU_GUID@@PEAPEAX@Z 0000000180002120 f i Belt.obj
 0001:0000112c       ?AddRef@?$CComObject@VCOPOSBelt@@@ATL@@WBAI@EAAKXZ 000000018000212c f i Belt.obj
 0001:00001138       ?Release@?$CComObject@VCOPOSBelt@@@ATL@@WBAI@EAAKXZ 0000000180002138 f i Belt.obj
 0001:00001144       ?QueryInterface@?$CComObject@VCOPOSBelt@@@ATL@@WBBA@EAAJAEBU_GUID@@PEAPEAX@Z 0000000180002144 f i Belt.obj
 0001:00001150       ?AddRef@?$CComObject@VCOPOSBelt@@@ATL@@WBBA@EAAKXZ 0000000180002150 f i Belt.obj
 0001:0000115c       ?Release@?$CComObject@VCOPOSBelt@@@ATL@@WBBA@EAAKXZ 000000018000215c f i Belt.obj
 0001:00001168       ?QueryInterface@?$CComObject@VCOPOSBelt@@@ATL@@WBBI@EAAJAEBU_GUID@@PEAPEAX@Z 0000000180002168 f i Belt.obj
 0001:00001174       ?AddRef@?$CComObject@VCOPOSBelt@@@ATL@@WBBI@EAAKXZ 0000000180002174 f i Belt.obj
 0001:00001180       ?Release@?$CComObject@VCOPOSBelt@@@ATL@@WBBI@EAAKXZ 0000000180002180 f i Belt.obj
 0001:0000118c       ?AddRef@?$CComObject@VCOPOSBelt@@@ATL@@WBCI@EAAKXZ 000000018000218c f i Belt.obj
 0001:00001198       ?Release@?$CComObject@VCOPOSBelt@@@ATL@@WBCI@EAAKXZ 0000000180002198 f i Belt.obj
 0001:000011a4       ?AddRef@?$CComObject@VCOPOSBelt@@@ATL@@WBEA@EAAKXZ 00000001800021a4 f i Belt.obj
 0001:000011b0       ?Release@?$CComObject@VCOPOSBelt@@@ATL@@WBEA@EAAKXZ 00000001800021b0 f i Belt.obj
 0001:000011bc       ??_E?$CComContainedObject@VCOPOSBelt@@@ATL@@W7EAAPEAXI@Z 00000001800021bc f i Belt.obj
 0001:000011c8       ??_E?$CComContainedObject@VCOPOSBelt@@@ATL@@WHA@EAAPEAXI@Z 00000001800021c8 f i Belt.obj
 0001:000011d4       ?QueryInterface@?$CComContainedObject@VCOPOSBelt@@@ATL@@WLI@EAAJAEBU_GUID@@PEAPEAX@Z 00000001800021d4 f i Belt.obj
 0001:000011e0       ?AddRef@?$CComContainedObject@VCOPOSBelt@@@ATL@@WLI@EAAKXZ 00000001800021e0 f i Belt.obj
 0001:000011ec       ?Release@?$CComContainedObject@VCOPOSBelt@@@ATL@@WLI@EAAKXZ 00000001800021ec f i Belt.obj
 0001:000011f8       ?QueryInterface@?$CComContainedObject@VCOPOSBelt@@@ATL@@WMA@EAAJAEBU_GUID@@PEAPEAX@Z 00000001800021f8 f i Belt.obj
 0001:00001204       ?AddRef@?$CComContainedObject@VCOPOSBelt@@@ATL@@WMA@EAAKXZ 0000000180002204 f i Belt.obj
 0001:00001210       ?Release@?$CComContainedObject@VCOPOSBelt@@@ATL@@WMA@EAAKXZ 0000000180002210 f i Belt.obj
 0001:0000121c       ?QueryInterface@?$CComContainedObject@VCOPOSBelt@@@ATL@@WMI@EAAJAEBU_GUID@@PEAPEAX@Z 000000018000221c f i Belt.obj
 0001:00001228       ?AddRef@?$CComContainedObject@VCOPOSBelt@@@ATL@@WMI@EAAKXZ 0000000180002228 f i Belt.obj
 0001:00001234       ?Release@?$CComContainedObject@VCOPOSBelt@@@ATL@@WMI@EAAKXZ 0000000180002234 f i Belt.obj
 0001:00001240       ?QueryInterface@?$CComContainedObject@VCOPOSBelt@@@ATL@@WNA@EAAJAEBU_GUID@@PEAPEAX@Z 0000000180002240 f i Belt.obj
 0001:0000124c       ?AddRef@?$CComContainedObject@VCOPOSBelt@@@ATL@@WNA@EAAKXZ 000000018000224c f i Belt.obj
 0001:00001258       ?Release@?$CComContainedObject@VCOPOSBelt@@@ATL@@WNA@EAAKXZ 0000000180002258 f i Belt.obj
 0001:00001264       ?QueryInterface@?$CComContainedObject@VCOPOSBelt@@@ATL@@WNI@EAAJAEBU_GUID@@PEAPEAX@Z 0000000180002264 f i Belt.obj
 0001:00001270       ?AddRef@?$CComContainedObject@VCOPOSBelt@@@ATL@@WNI@EAAKXZ 0000000180002270 f i Belt.obj
 0001:0000127c       ?Release@?$CComContainedObject@VCOPOSBelt@@@ATL@@WNI@EAAKXZ 000000018000227c f i Belt.obj
 0001:00001288       ?QueryInterface@?$CComContainedObject@VCOPOSBelt@@@ATL@@WOA@EAAJAEBU_GUID@@PEAPEAX@Z 0000000180002288 f i Belt.obj
 0001:00001294       ?AddRef@?$CComContainedObject@VCOPOSBelt@@@ATL@@WOA@EAAKXZ 0000000180002294 f i Belt.obj
 0001:000012a0       ?Release@?$CComContainedObject@VCOPOSBelt@@@ATL@@WOA@EAAKXZ 00000001800022a0 f i Belt.obj
 0001:000012ac       ?QueryInterface@?$CComContainedObject@VCOPOSBelt@@@ATL@@WOI@EAAJAEBU_GUID@@PEAPEAX@Z 00000001800022ac f i Belt.obj
 0001:000012b8       ?AddRef@?$CComContainedObject@VCOPOSBelt@@@ATL@@WOI@EAAKXZ 00000001800022b8 f i Belt.obj
 0001:000012c4       ?Release@?$CComContainedObject@VCOPOSBelt@@@ATL@@WOI@EAAKXZ 00000001800022c4 f i Belt.obj
 0001:000012d0       ?QueryInterface@?$CComContainedObject@VCOPOSBelt@@@ATL@@WPA@EAAJAEBU_GUID@@PEAPEAX@Z 00000001800022d0 f i Belt.obj
 0001:000012dc       ?AddRef@?$CComContainedObject@VCOPOSBelt@@@ATL@@WPA@EAAKXZ 00000001800022dc f i Belt.obj
 0001:000012e8       ?Release@?$CComContainedObject@VCOPOSBelt@@@ATL@@WPA@EAAKXZ 00000001800022e8 f i Belt.obj
 0001:000012f4       ?QueryInterface@?$CComContainedObject@VCOPOSBelt@@@ATL@@WPI@EAAJAEBU_GUID@@PEAPEAX@Z 00000001800022f4 f i Belt.obj
 0001:00001300       ?AddRef@?$CComContainedObject@VCOPOSBelt@@@ATL@@WPI@EAAKXZ 0000000180002300 f i Belt.obj
 0001:0000130c       ?Release@?$CComContainedObject@VCOPOSBelt@@@ATL@@WPI@EAAKXZ 000000018000230c f i Belt.obj
 0001:00001318       ?QueryInterface@?$CComContainedObject@VCOPOSBelt@@@ATL@@WBAA@EAAJAEBU_GUID@@PEAPEAX@Z 0000000180002318 f i Belt.obj
 0001:00001324       ?AddRef@?$CComContainedObject@VCOPOSBelt@@@ATL@@WBAA@EAAKXZ 0000000180002324 f i Belt.obj
 0001:00001330       ?Release@?$CComContainedObject@VCOPOSBelt@@@ATL@@WBAA@EAAKXZ 0000000180002330 f i Belt.obj
 0001:0000133c       ?QueryInterface@?$CComContainedObject@VCOPOSBelt@@@ATL@@WBAI@EAAJAEBU_GUID@@PEAPEAX@Z 000000018000233c f i Belt.obj
 0001:00001348       ?AddRef@?$CComContainedObject@VCOPOSBelt@@@ATL@@WBAI@EAAKXZ 0000000180002348 f i Belt.obj
 0001:00001354       ?Release@?$CComContainedObject@VCOPOSBelt@@@ATL@@WBAI@EAAKXZ 0000000180002354 f i Belt.obj
 0001:00001360       ?QueryInterface@?$CComContainedObject@VCOPOSBelt@@@ATL@@WBBA@EAAJAEBU_GUID@@PEAPEAX@Z 0000000180002360 f i Belt.obj
 0001:0000136c       ?AddRef@?$CComContainedObject@VCOPOSBelt@@@ATL@@WBBA@EAAKXZ 000000018000236c f i Belt.obj
 0001:00001378       ?Release@?$CComContainedObject@VCOPOSBelt@@@ATL@@WBBA@EAAKXZ 0000000180002378 f i Belt.obj
 0001:00001384       ?QueryInterface@?$CComContainedObject@VCOPOSBelt@@@ATL@@WBBI@EAAJAEBU_GUID@@PEAPEAX@Z 0000000180002384 f i Belt.obj
 0001:00001390       ?AddRef@?$CComContainedObject@VCOPOSBelt@@@ATL@@WBBI@EAAKXZ 0000000180002390 f i Belt.obj
 0001:0000139c       ?Release@?$CComContainedObject@VCOPOSBelt@@@ATL@@WBBI@EAAKXZ 000000018000239c f i Belt.obj
 0001:000013a8       ?AddRef@?$CComContainedObject@VCOPOSBelt@@@ATL@@WBCI@EAAKXZ 00000001800023a8 f i Belt.obj
 0001:000013b4       ?Release@?$CComContainedObject@VCOPOSBelt@@@ATL@@WBCI@EAAKXZ 00000001800023b4 f i Belt.obj
 0001:000013c0       ?AddRef@?$CComContainedObject@VCOPOSBelt@@@ATL@@WBEA@EAAKXZ 00000001800023c0 f i Belt.obj
 0001:000013cc       ?Release@?$CComContainedObject@VCOPOSBelt@@@ATL@@WBEA@EAAKXZ 00000001800023cc f i Belt.obj
 0001:000013d8       ?Lock@CAtlModule@ATL@@UEAAJXZ 00000001800023d8 f i Belt.obj
 0001:000013e8       ?Unlock@CAtlModule@ATL@@UEAAJXZ 00000001800023e8 f i Belt.obj
 0001:000013f4       ?GetLockCount@CAtlModule@ATL@@UEAAJXZ 00000001800023f4 f i Belt.obj
 0001:000013f8       ?GetGITPtr@CAtlModule@ATL@@UEAAJPEAPEAUIGlobalInterfaceTable@@@Z 00000001800023f8 f i Belt.obj
 0001:00001468       ?AddCommonRGSReplacements@?$CAtlModuleT@VCComModule@ATL@@@ATL@@UEAAJPEAUIRegistrarBase@@@Z 0000000180002468 f i Belt.obj
 0001:00001480       ?GetWindowProc@?$CWindowImplBaseT@VCWindow@ATL@@V?$CWinTraits@$0FGAAAAAA@$0A@@2@@ATL@@UEAAP6A_JPEAUHWND__@@I_K_J@ZXZ 0000000180002480 f i Belt.obj
 0001:00001488       ?StartWindowProc@?$CWindowImplBaseT@VCWindow@ATL@@V?$CWinTraits@$0FGAAAAAA@$0A@@2@@ATL@@SA_JPEAUHWND__@@I_K_J@Z 0000000180002488 f i Belt.obj
 0001:0000154c       ?UpdateRegistryFromResourceD@CComModule@ATL@@UEAAJPEB_WHPEAU_ATL_REGMAP_ENTRY@2@@Z 000000018000254c f i Belt.obj
 0001:0000154c       ?UpdateRegistryFromResourceD@CComModule@ATL@@UEAAJIHPEAU_ATL_REGMAP_ENTRY@2@@Z 000000018000254c f i Belt.obj
 0001:00001554       ?UpdateRegistryFromResource@CComModule@ATL@@UEAAJPEB_WHPEAU_ATL_REGMAP_ENTRY@2@@Z 0000000180002554 f i Belt.obj
 0001:0000155c       ?UpdateRegistryFromResource@CComModule@ATL@@UEAAJIHPEAU_ATL_REGMAP_ENTRY@2@@Z 000000018000255c f i Belt.obj
 0001:00001564       ??_ECComModule@ATL@@UEAAPEAXI@Z 0000000180002564 f i Belt.obj
 0001:00001564       ??_GCComModule@ATL@@UEAAPEAXI@Z 0000000180002564 f i Belt.obj
 0001:000015e4       ?GetTypeInfoCount@?$IDispatchImpl@UIOPOSBelt@@$1?IID_IOPOSBelt@@3U_GUID@@B$1?LIBID_OposBelt_CCO@@3U3@B$00$0A@VCComTypeInfoHolder@ATL@@@ATL@@UEAAJPEAI@Z 00000001800025e4 f i Belt.obj
 0001:000015f8       ?GetTypeInfo@?$IDispatchImpl@UIOPOSBelt@@$1?IID_IOPOSBelt@@3U_GUID@@B$1?LIBID_OposBelt_CCO@@3U3@B$00$0A@VCComTypeInfoHolder@ATL@@@ATL@@UEAAJIKPEAPEAUITypeInfo@@@Z 00000001800025f8 f i Belt.obj
 0001:0000165c       ?GetIDsOfNames@?$IDispatchImpl@UIOPOSBelt@@$1?IID_IOPOSBelt@@3U_GUID@@B$1?LIBID_OposBelt_CCO@@3U3@B$00$0A@VCComTypeInfoHolder@ATL@@@ATL@@UEAAJAEBU_GUID@@PEAPEA_WIKPEAJ@Z 000000018000265c f i Belt.obj
 0001:00001668       ?Invoke@?$IDispatchImpl@UIOPOSBelt@@$1?IID_IOPOSBelt@@3U_GUID@@B$1?LIBID_OposBelt_CCO@@3U3@B$00$0A@VCComTypeInfoHolder@ATL@@@ATL@@UEAAJJAEBU_GUID@@KGPEAUtagDISPPARAMS@@PEAUtagVARIANT@@PEAUtagEXCEPINFO@@PEAI@Z 0000000180002668 f i Belt.obj
 0001:000016f8       ?CreateControlWindow@?$CComControl@VCOPOSBelt@@V?$CWindowImpl@VCOPOSBelt@@VCWindow@ATL@@V?$CWinTraits@$0FGAAAAAA@$0A@@3@@ATL@@@ATL@@UEAAPEAUHWND__@@PEAU3@AEAUtagRECT@@@Z 00000001800026f8 f i Belt.obj
 0001:00001730       ?ControlQueryInterface@?$CComControl@VCOPOSBelt@@V?$CWindowImpl@VCOPOSBelt@@VCWindow@ATL@@V?$CWinTraits@$0FGAAAAAA@$0A@@3@@ATL@@@ATL@@UEAAJAEBU_GUID@@PEAPEAX@Z 0000000180002730 f i Belt.obj
 0001:00001744       ?GetClassID@?$IPersistStorageImpl@VCOPOSBelt@@@ATL@@UEAAJPEAU_GUID@@@Z 0000000180002744 f i Belt.obj
 0001:00001744       ?GetUserClassID@?$IOleObjectImpl@VCOPOSBelt@@@ATL@@UEAAJPEAU_GUID@@@Z 0000000180002744 f i Belt.obj
 0001:00001744       ?GetClassID@?$IPersistStreamInitImpl@VCOPOSBelt@@@ATL@@UEAAJPEAU_GUID@@@Z 0000000180002744 f i Belt.obj
 0001:00001760       ?IsDirty@?$IPersistStreamInitImpl@VCOPOSBelt@@@ATL@@UEAAJXZ 0000000180002760 f i Belt.obj
 0001:0000177c       ?Load@?$IPersistStreamInitImpl@VCOPOSBelt@@@ATL@@UEAAJPEAUIStream@@@Z 000000018000277c f i Belt.obj
 0001:000017cc       ?Save@?$IPersistStreamInitImpl@VCOPOSBelt@@@ATL@@UEAAJPEAUIStream@@H@Z 00000001800027cc f i Belt.obj
 0001:00001830       ?GetSizeMax@?$IPersistStreamInitImpl@VCOPOSBelt@@@ATL@@UEAAJPEAT_ULARGE_INTEGER@@@Z 0000000180002830 f i Belt.obj
 0001:00001a5c       ?InitNew@?$IPersistStreamInitImpl@VCOPOSBelt@@@ATL@@UEAAJXZ 0000000180002a5c f i Belt.obj
 0001:00001a74       ?SODataDummy@COPOSBelt@@MEAAJJ@Z 0000000180002a74 f i Belt.obj
 0001:00001a74       ?GetMoniker@?$IOleObjectImpl@VCOPOSBelt@@@ATL@@UEAAJKKPEAPEAUIMoniker@@@Z 0000000180002a74 f i Belt.obj
 0001:00001a74       ?OnMnemonic@?$IOleControlImpl@VCOPOSBelt@@@ATL@@UEAAJPEAUtagMSG@@@Z 0000000180002a74 f i Belt.obj
 0001:00001a74       ?InitFromData@?$IOleObjectImpl@VCOPOSBelt@@@ATL@@UEAAJPEAUIDataObject@@HK@Z 0000000180002a74 f i Belt.obj
 0001:00001a74       ?SetMoniker@?$IOleObjectImpl@VCOPOSBelt@@@ATL@@UEAAJKPEAUIMoniker@@@Z 0000000180002a74 f i Belt.obj
 0001:00001a74       ?Unfreeze@?$IViewObjectExImpl@VCOPOSBelt@@@ATL@@UEAAJK@Z 0000000180002a74 f i Belt.obj
 0001:00001a74       ?SOErrorDummy@COPOSBelt@@MEAAJJJJPEAJ@Z 0000000180002a74 f i Belt.obj
 0001:00001a74       ?ContextSensitiveHelp@?$IOleInPlaceObjectWindowlessImpl@VCOPOSBelt@@@ATL@@UEAAJH@Z 0000000180002a74 f i Belt.obj
 0001:00001a74       ?SOOutputCompleteDummy@COPOSBelt@@MEAAJJ@Z 0000000180002a74 f i Belt.obj
 0001:00001a74       ?Freeze@?$IViewObjectExImpl@VCOPOSBelt@@@ATL@@UEAAJKJPEAXPEAK@Z 0000000180002a74 f i Belt.obj
 0001:00001a74       ?GetDataHere@?$IDataObjectImpl@VCOPOSBelt@@@ATL@@UEAAJPEAUtagFORMATETC@@PEAUtagSTGMEDIUM@@@Z 0000000180002a74 f i Belt.obj
 0001:00001a74       ?GetColorSet@?$IViewObjectExImpl@VCOPOSBelt@@@ATL@@UEAAJKJPEAXPEAUtagDVTARGETDEVICE@@PEAUHDC__@@PEAPEAUtagLOGPALETTE@@@Z 0000000180002a74 f i Belt.obj
 0001:00001a74       ?GetRect@?$IViewObjectExImpl@VCOPOSBelt@@@ATL@@UEAAJKPEAU_RECTL@@@Z 0000000180002a74 f i Belt.obj
 0001:00001a74       ?ContextSensitiveHelp@?$IOleInPlaceActiveObjectImpl@VCOPOSBelt@@@ATL@@UEAAJH@Z 0000000180002a74 f i Belt.obj
 0001:00001a74       ?ReactivateAndUndo@?$IOleInPlaceObjectWindowlessImpl@VCOPOSBelt@@@ATL@@UEAAJXZ 0000000180002a74 f i Belt.obj
 0001:00001a74       ?GetCanonicalFormatEtc@?$IDataObjectImpl@VCOPOSBelt@@@ATL@@UEAAJPEAUtagFORMATETC@@0@Z 0000000180002a74 f i Belt.obj
 0001:00001a74       ?SetColorScheme@?$IOleObjectImpl@VCOPOSBelt@@@ATL@@UEAAJPEAUtagLOGPALETTE@@@Z 0000000180002a74 f i Belt.obj
 0001:00001a74       ?EnumFormatEtc@?$IDataObjectImpl@VCOPOSBelt@@@ATL@@UEAAJKPEAPEAUIEnumFORMATETC@@@Z 0000000180002a74 f i Belt.obj
 0001:00001a74       ?GetControlInfo@?$IOleControlImpl@VCOPOSBelt@@@ATL@@UEAAJPEAUtagCONTROLINFO@@@Z 0000000180002a74 f i Belt.obj
 0001:00001a74       ?QueryInterface@CRegObject@ATL@@UEAAJAEBU_GUID@@PEAPEAX@Z 0000000180002a74 f i Belt.obj
 0001:00001a74       ?QueryGetData@?$IDataObjectImpl@VCOPOSBelt@@@ATL@@UEAAJPEAUtagFORMATETC@@@Z 0000000180002a74 f i Belt.obj
 0001:00001a74       ?GetDropTarget@?$IOleInPlaceObjectWindowlessImpl@VCOPOSBelt@@@ATL@@UEAAJPEAPEAUIDropTarget@@@Z 0000000180002a74 f i Belt.obj
 0001:00001a74       ?SetData@?$IDataObjectImpl@VCOPOSBelt@@@ATL@@UEAAJPEAUtagFORMATETC@@PEAUtagSTGMEDIUM@@H@Z 0000000180002a74 f i Belt.obj
 0001:00001a74       ?GetClipboardData@?$IOleObjectImpl@VCOPOSBelt@@@ATL@@UEAAJKPEAPEAUIDataObject@@@Z 0000000180002a74 f i Belt.obj
 0001:00001a7c       ?SetClientSite@?$IOleObjectImpl@VCOPOSBelt@@@ATL@@UEAAJPEAUIOleClientSite@@@Z 0000000180002a7c f i Belt.obj
 0001:00001a98       ?GetClientSite@?$IOleObjectImpl@VCOPOSBelt@@@ATL@@UEAAJPEAPEAUIOleClientSite@@@Z 0000000180002a98 f i Belt.obj
 0001:00001ae0       ?Close@?$IOleObjectImpl@VCOPOSBelt@@@ATL@@UEAAJK@Z 0000000180002ae0 f i Belt.obj
 0001:00001afc       ?DoVerb@?$IOleObjectImpl@VCOPOSBelt@@@ATL@@UEAAJJPEAUtagMSG@@PEAUIOleClientSite@@JPEAUHWND__@@PEBUtagRECT@@@Z 0000000180002afc f i Belt.obj
 0001:00001ca0       ?EnumVerbs@?$IOleObjectImpl@VCOPOSBelt@@@ATL@@UEAAJPEAPEAUIEnumOLEVERB@@@Z 0000000180002ca0 f i Belt.obj
 0001:00001cbc       ?GetUserType@?$IOleObjectImpl@VCOPOSBelt@@@ATL@@UEAAJKPEAPEA_W@Z 0000000180002cbc f i Belt.obj
 0001:00001ccc       ?SetExtent@?$IOleObjectImpl@VCOPOSBelt@@@ATL@@UEAAJKPEAUtagSIZE@@@Z 0000000180002ccc f i Belt.obj
 0001:00001ce8       ?GetExtent@?$IOleObjectImpl@VCOPOSBelt@@@ATL@@UEAAJKPEAUtagSIZE@@@Z 0000000180002ce8 f i Belt.obj
 0001:00001d18       ?Advise@?$IOleObjectImpl@VCOPOSBelt@@@ATL@@UEAAJPEAUIAdviseSink@@PEAK@Z 0000000180002d18 f i Belt.obj
 0001:00001d74       ?Unadvise@?$IOleObjectImpl@VCOPOSBelt@@@ATL@@UEAAJK@Z 0000000180002d74 f i Belt.obj
 0001:00001dac       ?EnumAdvise@?$IOleObjectImpl@VCOPOSBelt@@@ATL@@UEAAJPEAPEAUIEnumSTATDATA@@@Z 0000000180002dac f i Belt.obj
 0001:00001df4       ?GetMiscStatus@?$IOleObjectImpl@VCOPOSBelt@@@ATL@@UEAAJKPEAK@Z 0000000180002df4 f i Belt.obj
 0001:00001e04       ?GetWindow@?$IOleInPlaceActiveObjectImpl@VCOPOSBelt@@@ATL@@UEAAJPEAPEAUHWND__@@@Z 0000000180002e04 f i Belt.obj
 0001:00001e58       ?TranslateAcceleratorW@?$IOleInPlaceActiveObjectImpl@VCOPOSBelt@@@ATL@@UEAAJPEAUtagMSG@@@Z 0000000180002e58 f i Belt.obj
 0001:00001f4c       ?OnDocWindowActivate@?$IOleInPlaceActiveObjectImpl@VCOPOSBelt@@@ATL@@UEAAJH@Z 0000000180002f4c f i Belt.obj
 0001:00001f78       ?Draw@?$IViewObjectExImpl@VCOPOSBelt@@@ATL@@UEAAJKJPEAXPEAUtagDVTARGETDEVICE@@PEAUHDC__@@2PEBU_RECTL@@3P6AH_K@Z4@Z 0000000180002f78 f i Belt.obj
 0001:00001fdc       ?SetAdvise@?$IViewObjectExImpl@VCOPOSBelt@@@ATL@@UEAAJKKPEAUIAdviseSink@@@Z 0000000180002fdc f i Belt.obj
 0001:00002030       ?GetAdvise@?$IViewObjectExImpl@VCOPOSBelt@@@ATL@@UEAAJPEAK0PEAPEAUIAdviseSink@@@Z 0000000180003030 f i Belt.obj
 0001:0000206c       ?GetExtent@?$IViewObjectExImpl@VCOPOSBelt@@@ATL@@UEAAJKJPEAUtagDVTARGETDEVICE@@PEAUtagSIZE@@@Z 000000018000306c f i Belt.obj
 0001:0000209c       ?GetViewStatus@?$IViewObjectExImpl@VCOPOSBelt@@@ATL@@UEAAJPEAK@Z 000000018000309c f i Belt.obj
 0001:000020b0       ?QueryHitPoint@?$IViewObjectExImpl@VCOPOSBelt@@@ATL@@UEAAJKPEBUtagRECT@@UtagPOINT@@JPEAK@Z 00000001800030b0 f i Belt.obj
 0001:000020f4       ?QueryHitRect@?$IViewObjectExImpl@VCOPOSBelt@@@ATL@@UEAAJKPEBUtagRECT@@0JPEAK@Z 00000001800030f4 f i Belt.obj
 0001:0000215c       ?GetNaturalExtent@?$IViewObjectExImpl@VCOPOSBelt@@@ATL@@UEAAJKJPEAUtagDVTARGETDEVICE@@PEAUHDC__@@PEAUtagExtentInfo@@PEAUtagSIZE@@@Z 000000018000315c f i Belt.obj
 0001:000021a4       ?GetWindow@?$IOleInPlaceObjectWindowlessImpl@VCOPOSBelt@@@ATL@@UEAAJPEAPEAUHWND__@@@Z 00000001800031a4 f i Belt.obj
 0001:000021f8       ?InPlaceDeactivate@?$IOleInPlaceObjectWindowlessImpl@VCOPOSBelt@@@ATL@@UEAAJXZ 00000001800031f8 f i Belt.obj
 0001:00002214       ?UIDeactivate@?$IOleInPlaceObjectWindowlessImpl@VCOPOSBelt@@@ATL@@UEAAJXZ 0000000180003214 f i Belt.obj
 0001:00002230       ?SetObjectRects@?$IOleInPlaceObjectWindowlessImpl@VCOPOSBelt@@@ATL@@UEAAJPEBUtagRECT@@0@Z 0000000180003230 f i Belt.obj
 0001:0000224c       ?OnWindowMessage@?$IOleInPlaceObjectWindowlessImpl@VCOPOSBelt@@@ATL@@UEAAJI_K_JPEA_J@Z 000000018000324c f i Belt.obj
 0001:00002314       ?EnumConnectionPoints@?$IConnectionPointContainerImpl@VCOPOSBelt@@@ATL@@UEAAJPEAPEAUIEnumConnectionPoints@@@Z 0000000180003314 f i Belt.obj
 0001:0000255c       ?FindConnectionPoint@?$IConnectionPointContainerImpl@VCOPOSBelt@@@ATL@@UEAAJAEBU_GUID@@PEAPEAUIConnectionPoint@@@Z 000000018000355c f i Belt.obj
 0001:0000262c       ?IsDirty@?$IPersistStorageImpl@VCOPOSBelt@@@ATL@@UEAAJXZ 000000018000362c f i Belt.obj
 0001:00002670       ?InitNew@?$IPersistStorageImpl@VCOPOSBelt@@@ATL@@UEAAJPEAUIStorage@@@Z 0000000180003670 f i Belt.obj
 0001:000026b4       ?Load@?$IPersistStorageImpl@VCOPOSBelt@@@ATL@@UEAAJPEAUIStorage@@@Z 00000001800036b4 f i Belt.obj
 0001:00002754       ?Save@?$IPersistStorageImpl@VCOPOSBelt@@@ATL@@UEAAJPEAUIStorage@@H@Z 0000000180003754 f i Belt.obj
 0001:00002804       ?GetPages@?$ISpecifyPropertyPagesImpl@VCOPOSBelt@@@ATL@@UEAAJPEAUtagCAUUID@@@Z 0000000180003804 f i Belt.obj
 0001:00002810       ?QuickActivate@?$IQuickActivateImpl@VCOPOSBelt@@@ATL@@UEAAJPEAUtagQACONTAINER@@PEAUtagQACONTROL@@@Z 0000000180003810 f i Belt.obj
 0001:0000282c       ?SetContentExtent@?$IQuickActivateImpl@VCOPOSBelt@@@ATL@@UEAAJPEAUtagSIZE@@@Z 000000018000382c f i Belt.obj
 0001:00002860       ?GetContentExtent@?$IQuickActivateImpl@VCOPOSBelt@@@ATL@@UEAAJPEAUtagSIZE@@@Z 0000000180003860 f i Belt.obj
 0001:00002898       ?GetData@?$IDataObjectImpl@VCOPOSBelt@@@ATL@@UEAAJPEAUtagFORMATETC@@PEAUtagSTGMEDIUM@@@Z 0000000180003898 f i Belt.obj
 0001:000028b4       ?DAdvise@?$IDataObjectImpl@VCOPOSBelt@@@ATL@@UEAAJPEAUtagFORMATETC@@KPEAUIAdviseSink@@PEAK@Z 00000001800038b4 f i Belt.obj
 0001:0000293c       ?DUnadvise@?$IDataObjectImpl@VCOPOSBelt@@@ATL@@UEAAJK@Z 000000018000393c f i Belt.obj
 0001:00002968       ?EnumDAdvise@?$IDataObjectImpl@VCOPOSBelt@@@ATL@@UEAAJPEAPEAUIEnumSTATDATA@@@Z 0000000180003968 f i Belt.obj
 0001:000029a4       ?GetClassInfoW@?$IProvideClassInfo2Impl@$1?CLSID_OPOSBelt@@3U_GUID@@B$1?DIID__IOPOSBeltEvents@@3U2@B$1?LIBID_OposBelt_CCO@@3U2@B$00$0A@VCComTypeInfoHolder@ATL@@@ATL@@UEAAJPEAPEAUITypeInfo@@@Z 00000001800039a4 f i Belt.obj
 0001:000029fc       ?GetGUID@?$IProvideClassInfo2Impl@$1?CLSID_OPOSBelt@@3U_GUID@@B$1?DIID__IOPOSBeltEvents@@3U2@B$1?LIBID_OposBelt_CCO@@3U2@B$00$0A@VCComTypeInfoHolder@ATL@@@ATL@@UEAAJKPEAU_GUID@@@Z 00000001800039fc f i Belt.obj
 0001:00002a30       ?FAccessAllowed@?$IObjectSafetyImpl@VCOPOSBelt@@$02@ATL@@MEAAHXZ 0000000180003a30 f i Belt.obj
 0001:00002a30       _get_startup_argv_mode     0000000180003a30 f i LIBCMT:argv_mode.obj
 0001:00002a30       ?AddRef@CRegObject@ATL@@UEAAKXZ 0000000180003a30 f i Belt.obj
 0001:00002a38       ?GetInterfaceSafetyOptions@?$IObjectSafetyImpl@VCOPOSBelt@@$02@ATL@@UEAAJAEBU_GUID@@PEAK1@Z 0000000180003a38 f i Belt.obj
 0001:00002acc       ?SetInterfaceSafetyOptions@?$IObjectSafetyImpl@VCOPOSBelt@@$02@ATL@@UEAAJAEBU_GUID@@KK@Z 0000000180003acc f i Belt.obj
 0001:00002b70       ?_LocCPQueryInterface@?$IConnectionPointImpl@VCOPOSBelt@@$1?DIID__IOPOSBeltEvents@@3U_GUID@@BVCComDynamicUnkArray@ATL@@@ATL@@UEAAJAEBU_GUID@@PEAPEAX@Z 0000000180003b70 f i Belt.obj
 0001:00002b70       ?_LocCPQueryInterface@?$IConnectionPointImpl@VCOPOSBelt@@$1?IID_IPropertyNotifySink@@3U_GUID@@BVCComDynamicUnkArray@ATL@@@ATL@@UEAAJAEBU_GUID@@PEAPEAX@Z 0000000180003b70 f i Belt.obj
 0001:00002be4       ?GetConnectionInterface@?$IConnectionPointImpl@VCOPOSBelt@@$1?IID_IPropertyNotifySink@@3U_GUID@@BVCComDynamicUnkArray@ATL@@@ATL@@UEAAJPEAU_GUID@@@Z 0000000180003be4 f i Belt.obj
 0001:00002c00       ?GetConnectionPointContainer@?$IConnectionPointImpl@VCOPOSBelt@@$1?IID_IPropertyNotifySink@@3U_GUID@@BVCComDynamicUnkArray@ATL@@@ATL@@UEAAJPEAPEAUIConnectionPointContainer@@@Z 0000000180003c00 f i Belt.obj
 0001:00002c20       ?Advise@?$IConnectionPointImpl@VCOPOSBelt@@$1?DIID__IOPOSBeltEvents@@3U_GUID@@BVCComDynamicUnkArray@ATL@@@ATL@@UEAAJPEAUIUnknown@@PEAK@Z 0000000180003c20 f i Belt.obj
 0001:00002c20       ?Advise@?$IConnectionPointImpl@VCOPOSBelt@@$1?IID_IPropertyNotifySink@@3U_GUID@@BVCComDynamicUnkArray@ATL@@@ATL@@UEAAJPEAUIUnknown@@PEAK@Z 0000000180003c20 f i Belt.obj
 0001:00002ce0       ?Unadvise@?$IConnectionPointImpl@VCOPOSBelt@@$1?DIID__IOPOSBeltEvents@@3U_GUID@@BVCComDynamicUnkArray@ATL@@@ATL@@UEAAJK@Z 0000000180003ce0 f i Belt.obj
 0001:00002ce0       ?Unadvise@?$IConnectionPointImpl@VCOPOSBelt@@$1?IID_IPropertyNotifySink@@3U_GUID@@BVCComDynamicUnkArray@ATL@@@ATL@@UEAAJK@Z 0000000180003ce0 f i Belt.obj
 0001:00002d5c       ?EnumConnections@?$IConnectionPointImpl@VCOPOSBelt@@$1?DIID__IOPOSBeltEvents@@3U_GUID@@BVCComDynamicUnkArray@ATL@@@ATL@@UEAAJPEAPEAUIEnumConnections@@@Z 0000000180003d5c f i Belt.obj
 0001:00002d5c       ?EnumConnections@?$IConnectionPointImpl@VCOPOSBelt@@$1?IID_IPropertyNotifySink@@3U_GUID@@BVCComDynamicUnkArray@ATL@@@ATL@@UEAAJPEAPEAUIEnumConnections@@@Z 0000000180003d5c f i Belt.obj
 0001:00002f04       ?GetConnectionInterface@?$IConnectionPointImpl@VCOPOSBelt@@$1?DIID__IOPOSBeltEvents@@3U_GUID@@BVCComDynamicUnkArray@ATL@@@ATL@@UEAAJPEAU_GUID@@@Z 0000000180003f04 f i Belt.obj
 0001:00002f20       ?GetConnectionPointContainer@?$IConnectionPointImpl@VCOPOSBelt@@$1?DIID__IOPOSBeltEvents@@3U_GUID@@BVCComDynamicUnkArray@ATL@@@ATL@@UEAAJPEAPEAUIConnectionPointContainer@@@Z 0000000180003f20 f i Belt.obj
 0001:00002f40       ?UpdateRegistry@COPOSBelt@@SAJH@Z 0000000180003f40 f i Belt.obj
 0001:00002f58       ?ProcessWindowMessage@COPOSBelt@@UEAAHPEAUHWND__@@I_K_JAEA_JK@Z 0000000180003f58 f i Belt.obj
 0001:00002fe0       ?SODirectIO@COPOSBelt@@MEAAJJPEAJPEAPEA_W@Z 0000000180003fe0 f i Belt.obj
 0001:00003058       ?SOStatusUpdate@COPOSBelt@@MEAAJJ@Z 0000000180004058 f i Belt.obj
 0001:000030a8       ?AddReplacement@CRegObject@ATL@@UEAAJPEB_W0@Z 00000001800040a8 f i Belt.obj
 0001:000030d8       ?ClearReplacements@CRegObject@ATL@@UEAAJXZ 00000001800040d8 f i Belt.obj
 0001:000030e4       ??_GCRegObject@ATL@@UEAAPEAXI@Z 00000001800040e4 f i Belt.obj
 0001:000030e4       ??_ECRegObject@ATL@@UEAAPEAXI@Z 00000001800040e4 f i Belt.obj
 0001:00003164       ?CreateInstance@?$CComCreator@V?$CComObjectCached@VCComClassFactory@ATL@@@ATL@@@ATL@@SAJPEAXAEBU_GUID@@PEAPEAX@Z 0000000180004164 f i Belt.obj
 0001:00003268       ?CreateInstance@?$CComCreator2@V?$CComCreator@V?$CComObject@VCOPOSBelt@@@ATL@@@ATL@@V?$CComCreator@V?$CComAggObject@VCOPOSBelt@@@ATL@@@2@@ATL@@SAJPEAXAEBU_GUID@@PEAPEAX@Z 0000000180004268 f i Belt.obj
 0001:00003278       ?Next@?$CComEnumImpl@UIEnumConnectionPoints@@$1?_GUID_b196b285_bab4_101a_b69c_00aa00341d07@@3U__s_GUID@@BPEAUIConnectionPoint@@V?$_CopyInterface@UIConnectionPoint@@@ATL@@@ATL@@UEAAJKPEAPEAUIConnectionPoint@@PEAK@Z 0000000180004278 f i Belt.obj
 0001:00003344       ?Skip@?$CComEnumImpl@UIEnumConnectionPoints@@$1?_GUID_b196b285_bab4_101a_b69c_00aa00341d07@@3U__s_GUID@@BPEAUIConnectionPoint@@V?$_CopyInterface@UIConnectionPoint@@@ATL@@@ATL@@UEAAJK@Z 0000000180004344 f i Belt.obj
 0001:00003370       ?Clone@?$CComEnumImpl@UIEnumConnectionPoints@@$1?_GUID_b196b285_bab4_101a_b69c_00aa00341d07@@3U__s_GUID@@BPEAUIConnectionPoint@@V?$_CopyInterface@UIConnectionPoint@@@ATL@@@ATL@@UEAAJPEAPEAUIEnumConnectionPoints@@@Z 0000000180004370 f i Belt.obj
 0001:00003498       ?QueryInterface@?$CComObject@V?$CComEnum@UIEnumConnectionPoints@@$1?_GUID_b196b285_bab4_101a_b69c_00aa00341d07@@3U__s_GUID@@BPEAUIConnectionPoint@@V?$_CopyInterface@UIConnectionPoint@@@ATL@@VCComSingleThreadModel@6@@ATL@@@ATL@@UEAAJAEBU_GUID@@PEAPEAX@Z 0000000180004498 f i Belt.obj
 0001:000034ac       ??_E?$CComObject@V?$CComEnum@UIEnumConnectionPoints@@$1?_GUID_b196b285_bab4_101a_b69c_00aa00341d07@@3U__s_GUID@@BPEAUIConnectionPoint@@V?$_CopyInterface@UIConnectionPoint@@@ATL@@VCComSingleThreadModel@6@@ATL@@@ATL@@UEAAPEAXI@Z 00000001800044ac f i Belt.obj
 0001:000034ac       ??_G?$CComObject@V?$CComEnum@UIEnumConnectionPoints@@$1?_GUID_b196b285_bab4_101a_b69c_00aa00341d07@@3U__s_GUID@@BPEAUIConnectionPoint@@V?$_CopyInterface@UIConnectionPoint@@@ATL@@VCComSingleThreadModel@6@@ATL@@@ATL@@UEAAPEAXI@Z 00000001800044ac f i Belt.obj
 0001:00003504       ?AddRef@?$CComObjectCached@VCComClassFactory@ATL@@@ATL@@UEAAKXZ 0000000180004504 f i Belt.obj
 0001:00003530       ?Release@?$CComObjectCached@VCComClassFactory@ATL@@@ATL@@UEAAKXZ 0000000180004530 f i Belt.obj
 0001:00003570       ?QueryInterface@?$CComObjectCached@VCComClassFactory@ATL@@@ATL@@UEAAJAEBU_GUID@@PEAPEAX@Z 0000000180004570 f i Belt.obj
 0001:00003584       ??_E?$CComObjectCached@VCComClassFactory@ATL@@@ATL@@UEAAPEAXI@Z 0000000180004584 f i Belt.obj
 0001:00003584       ??_G?$CComObjectCached@VCComClassFactory@ATL@@@ATL@@UEAAPEAXI@Z 0000000180004584 f i Belt.obj
 0001:000035dc       ??$AtlModuleRegisterWndClassInfoT@VAtlModuleRegisterWndClassInfoParamW@ATL@@@ATL@@YAGPEAU_ATL_BASE_MODULE70@0@PEAU_ATL_WIN_MODULE70@0@PEAU_ATL_WNDCLASSINFOW@0@PEAP6A_JPEAUHWND__@@I_K_J@ZVAtlModuleRegisterWndClassInfoParamW@0@@Z 00000001800045dc f i Belt.obj
 0001:000037dc       ??0?$CComContainedObject@VCOPOSBelt@@@ATL@@QEAA@PEAX@Z 00000001800047dc f i Belt.obj
 0001:000038f8       ??0?$CComObject@VCOPOSBelt@@@ATL@@QEAA@PEAX@Z 00000001800048f8 f i Belt.obj
 0001:00003a10       ??0CAtlModule@ATL@@QEAA@XZ 0000000180004a10 f i Belt.obj
 0001:00003a90       ??1?$CComEnumImpl@UIEnumConnectionPoints@@$1?_GUID_b196b285_bab4_101a_b69c_00aa00341d07@@3U__s_GUID@@BPEAUIConnectionPoint@@V?$_CopyInterface@UIConnectionPoint@@@ATL@@@ATL@@UEAA@XZ 0000000180004a90 f i Belt.obj
 0001:00003aec       ??1?$CComEnumImpl@UIEnumConnections@@$1?_GUID_b196b287_bab4_101a_b69c_00aa00341d07@@3U__s_GUID@@BUtagCONNECTDATA@@V?$_Copy@UtagCONNECTDATA@@@ATL@@@ATL@@UEAA@XZ 0000000180004aec f i Belt.obj
 0001:00003b48       ??1?$CComObject@VCOPOSBelt@@@ATL@@UEAA@XZ 0000000180004b48 f i Belt.obj
 0001:00003c68       ??_E?$CComContainedObject@VCOPOSBelt@@@ATL@@UEAAPEAXI@Z 0000000180004c68 f i Belt.obj
 0001:00003c68       ??_G?$CComContainedObject@VCOPOSBelt@@@ATL@@UEAAPEAXI@Z 0000000180004c68 f i Belt.obj
 0001:00003c9c       ??_G?$CComObject@VCOPOSBelt@@@ATL@@UEAAPEAXI@Z 0000000180004c9c f i Belt.obj
 0001:00003c9c       ??_E?$CComObject@VCOPOSBelt@@@ATL@@UEAAPEAXI@Z 0000000180004c9c f i Belt.obj
 0001:00003cd0       ?Add@?$CSimpleArray@GV?$CSimpleArrayEqualHelper@G@ATL@@@ATL@@QEAAHAEBG@Z 0000000180004cd0 f i Belt.obj
 0001:00003d84       ?Add@?$CSimpleMap@PEA_WPEA_WVCExpansionVectorEqualHelper@ATL@@@ATL@@QEAAHAEBQEA_W0@Z 0000000180004d84 f i Belt.obj
 0001:00003e24       ?Add@CComDynamicUnkArray@ATL@@QEAAKPEAUIUnknown@@@Z 0000000180004e24 f i Belt.obj
 0001:00003f1c       ?Add@CExpansionVector@ATL@@QEAAHPEB_W0@Z 0000000180004f1c f i Belt.obj
 0001:000040ac       ?AddValue@CRegParser@ATL@@IEAAJAEAVCRegKey@2@PEB_WPEA_W@Z 00000001800050ac f i Belt.obj
 0001:000044f4       ?AllocateHeap@?$CTempBuffer@E$0BAA@VCCRTAllocator@ATL@@@ATL@@AEAAX_K@Z 00000001800054f4 f i Belt.obj
 0001:000044f4       ?AllocateHeap@?$CTempBuffer@_W$0EAA@VCCRTAllocator@ATL@@@ATL@@AEAAX_K@Z 00000001800054f4 f i Belt.obj
 0001:000044f4       ?AllocateHeap@?$CTempBuffer@_W$0BAA@VCCRTAllocator@ATL@@@ATL@@AEAAX_K@Z 00000001800054f4 f i Belt.obj
 0001:00004520       ?Append@CParseBuffer@CRegParser@ATL@@QEAAHPEB_WH@Z 0000000180005520 f i Belt.obj
 0001:00004638       ?AtlCallTermFunc@ATL@@YAXPEAU_ATL_MODULE70@1@@Z 0000000180005638 f i Belt.obj
 0001:0000469c       ?AtlComModuleGetClassObject@ATL@@YAJPEAU_ATL_COM_MODULE70@1@AEBU_GUID@@1PEAPEAX@Z 000000018000569c f i Belt.obj
 0001:000047dc       ?AtlComModuleRegisterServer@ATL@@YAJPEAU_ATL_COM_MODULE70@1@HPEBU_GUID@@@Z 00000001800057dc f i Belt.obj
 0001:0000489c       ?AtlComModuleUnregisterServer@ATL@@YAJPEAU_ATL_COM_MODULE70@1@HPEBU_GUID@@@Z 000000018000589c f i Belt.obj
 0001:00004958       ?AtlCreateTargetDC@ATL@@YAPEAUHDC__@@PEAU2@PEAUtagDVTARGETDEVICE@@@Z 0000000180005958 f i Belt.obj
 0001:000049cc       ?AtlHiMetricToPixel@ATL@@YAXPEBUtagSIZE@@PEAU2@@Z 00000001800059cc f i Belt.obj
 0001:00004a7c       ?AtlHresultFromLastError@ATL@@YAJXZ 0000000180005a7c f i Belt.obj
 0001:00004a9c       ?AtlHresultFromWin32@ATL@@YAJK@Z 0000000180005a9c f i Belt.obj
 0001:00004aac       ?AtlIPersistStreamInit_Load@ATL@@YAJPEAUIStream@@PEBUATL_PROPMAP_ENTRY@1@PEAXPEAUIUnknown@@@Z 0000000180005aac f i Belt.obj
 0001:00004ce4       ?AtlIPersistStreamInit_Save@ATL@@YAJPEAUIStream@@HPEBUATL_PROPMAP_ENTRY@1@PEAXPEAUIUnknown@@@Z 0000000180005ce4 f i Belt.obj
 0001:00004f20       ?AtlInternalOleLoadFromStream@ATL@@YAJPEAUIStream@@AEBU_GUID@@PEAPEAXTClassesAllowedInStream@1@K@Z 0000000180005f20 f i Belt.obj
 0001:00005064       ?AtlInternalQueryInterface@ATL@@YAJPEAXPEBU_ATL_INTMAP_ENTRY@1@AEBU_GUID@@PEAPEAX@Z 0000000180006064 f i Belt.obj
 0001:0000516c       ?AtlLoadTypeLib@ATL@@YAJPEAUHINSTANCE__@@PEB_WPEAPEA_WPEAPEAUITypeLib@@@Z 000000018000616c f i Belt.obj
 0001:000053c8       ?AtlModuleAddTermFunc@ATL@@YAJPEAU_ATL_MODULE70@1@P6AX_K@Z1@Z 00000001800063c8 f i Belt.obj
 0001:0000545c       ?AtlRegisterClassCategoriesHelper@ATL@@YAJAEBU_GUID@@PEBU_ATL_CATMAP_ENTRY@1@H@Z 000000018000645c f i Belt.obj
 0001:000058c4       ?AtlRegisterTypeLib@ATL@@YAJPEAUHINSTANCE__@@PEB_W@Z 00000001800068c4 f i Belt.obj
 0001:00005ac0       ?AtlThrowImpl@ATL@@YAXJ@Z  0000000180006ac0 f i Belt.obj
 0001:00005ae4       ?AtlUnRegisterTypeLib@ATL@@YAJPEAUHINSTANCE__@@PEB_W@Z 0000000180006ae4 f i Belt.obj
 0001:00005bac       ?AtlWinModuleExtractCreateWndData@ATL@@YAPEAXPEAU_ATL_WIN_MODULE70@1@@Z 0000000180006bac f i Belt.obj
 0001:00005c38       ?Cleanup@CComTypeInfoHolder@ATL@@SAX_K@Z 0000000180006c38 f i Belt.obj
 0001:00005c78       ?ClearReplacements@CExpansionVector@ATL@@QEAAJXZ 0000000180006c78 f i Belt.obj
 0001:00005d14       ?CreateInstance@?$CComCreator@V?$CComAggObject@VCOPOSBelt@@@ATL@@@ATL@@SAJPEAXAEBU_GUID@@PEAPEAX@Z 0000000180006d14 f i Belt.obj
 0001:00005dec       ?CreateInstance@?$CComCreator@V?$CComObject@VCOPOSBelt@@@ATL@@@ATL@@SAJPEAXAEBU_GUID@@PEAPEAX@Z 0000000180006dec f i Belt.obj
 0001:00005ea4       ?CreateInstance@?$CComObject@V?$CComEnum@UIEnumConnectionPoints@@$1?_GUID_b196b285_bab4_101a_b69c_00aa00341d07@@3U__s_GUID@@BPEAUIConnectionPoint@@V?$_CopyInterface@UIConnectionPoint@@@ATL@@VCComSingleThreadModel@6@@ATL@@@ATL@@SAJPEAPEAV12@@Z 0000000180006ea4 f i Belt.obj
 0001:00005f30       ?CreateInstance@?$CComObject@V?$CComEnum@UIEnumConnections@@$1?_GUID_b196b287_bab4_101a_b69c_00aa00341d07@@3U__s_GUID@@BUtagCONNECTDATA@@V?$_Copy@UtagCONNECTDATA@@@ATL@@VCComSingleThreadModel@6@@ATL@@@ATL@@SAJPEAPEAV12@@Z 0000000180006f30 f i Belt.obj
 0001:00005fbc       ?DefaultReflectionHandler@?$CWindowImplRoot@VCWindow@ATL@@@ATL@@SAHPEAUHWND__@@I_K_JAEA_J@Z 0000000180006fbc f i Belt.obj
 0001:00006020       ?DeleteSubKey@CRegKey@ATL@@QEAAJPEB_W@Z 0000000180007020 f i Belt.obj
 0001:000060b8       ?DoEvent@COPOSBelt@@IEAAXI_K_J@Z 00000001800070b8 f i Belt.obj
 0001:0000616c       ?DoVerbPrimary@?$IOleObjectImpl@VCOPOSBelt@@@ATL@@QEAAJPEBUtagRECT@@PEAUHWND__@@@Z 000000018000716c f i Belt.obj
 0001:00006294       ?DoVerbProperties@CComControlBase@ATL@@QEAAJPEBUtagRECT@@PEAUHWND__@@@Z 0000000180007294 f i Belt.obj
 0001:000064bc       ?FireTheEvent@?$CProxy_IOPOSEvents@VCOPOSBelt@@@@IEAAXPEAVOposVariant@@IAEAJPEB_WJ@Z 00000001800074bc f i Belt.obj
 0001:000065a8       ?FireViewChange@CComControlBase@ATL@@QEAAJXZ 00000001800075a8 f i Belt.obj
 0001:0000660c       ?Fire_DirectIOEvent@?$CProxy_IOPOSEvents@VCOPOSBelt@@@@QEAAXJPEAJPEAPEA_W@Z 000000018000760c f i Belt.obj
 0001:00006764       ?Fire_StatusUpdateEvent@?$CProxy_IOPOSEvents@VCOPOSBelt@@@@QEAAXJ@Z 0000000180007764 f i Belt.obj
 0001:00006850       ?FreeHeap@?$CTempBuffer@E$0BAA@VCCRTAllocator@ATL@@@ATL@@AEAAXXZ 0000000180007850 f i Belt.obj
 0001:00006850       ?FreeHeap@?$CTempBuffer@_W$0BAA@VCCRTAllocator@ATL@@@ATL@@AEAAXXZ 0000000180007850 f i Belt.obj
 0001:00006850       ?FreeHeap@?$CTempBuffer@_W$0EAA@VCCRTAllocator@ATL@@@ATL@@AEAAXXZ 0000000180007850 f i Belt.obj
 0001:00006858       ?GetAmbientLocaleID@CComControlBase@ATL@@QEAAJAEAK@Z 0000000180007858 f i Belt.obj
 0001:00006918       ?GetAmbientUserMode@CComControlBase@ATL@@QEAAJAEAH@Z 0000000180007918 f i Belt.obj
 0001:000069ec       ?GetClassObject@CComModule@ATL@@QEAAJAEBU_GUID@@0PEAPEAX@Z 00000001800079ec f i Belt.obj
 0001:00006ae0       ?GetConnMap@COPOSBelt@@SAPEBU_ATL_CONNMAP_ENTRY@ATL@@PEAH@Z 0000000180007ae0 f i Belt.obj
 0001:00006b68       ?GetIDsOfNames@CComTypeInfoHolder@ATL@@QEAAJAEBU_GUID@@PEAPEA_WIKPEAJ@Z 0000000180007b68 f i Belt.obj
 0001:00006ce0       ?GetPagesHelper@?$ISpecifyPropertyPagesImpl@VCOPOSBelt@@@ATL@@IEAAJPEAUtagCAUUID@@PEBUATL_PROPMAP_ENTRY@2@@Z 0000000180007ce0 f i Belt.obj
 0001:00006e80       ?GetSizeMax@CComVariant@ATL@@QEBAJPEAT_ULARGE_INTEGER@@@Z 0000000180007e80 f i Belt.obj
 0001:000070b4       ?GetTI@CComTypeInfoHolder@ATL@@QEAAJK@Z 00000001800080b4 f i Belt.obj
 0001:0000732c       ?GetZoomInfo@CComControlBase@ATL@@QEAAXAEAUATL_DRAWINFO@@@Z 000000018000832c f i Belt.obj
 0001:000073d0       ?HKeyFromString@CRegParser@ATL@@KAPEAUHKEY__@@PEA_W@Z 00000001800083d0 f i Belt.obj
 0001:00007434       ?IDataObject_GetData@CComControlBase@ATL@@QEAAJPEAUtagFORMATETC@@PEAUtagSTGMEDIUM@@@Z 0000000180008434 f i Belt.obj
 0001:00007628       ?IOleInPlaceObject_InPlaceDeactivate@CComControlBase@ATL@@QEAAJXZ 0000000180008628 f i Belt.obj
 0001:000076c8       ?IOleInPlaceObject_SetObjectRects@CComControlBase@ATL@@QEAAJPEBUtagRECT@@0@Z 00000001800086c8 f i Belt.obj
 0001:000077b8       ?IOleInPlaceObject_UIDeactivate@CComControlBase@ATL@@QEAAJXZ 00000001800087b8 f i Belt.obj
 0001:000078c4       ?IOleObject_Close@CComControlBase@ATL@@QEAAJK@Z 00000001800088c4 f i Belt.obj
 0001:000079dc       ?IOleObject_SetClientSite@CComControlBase@ATL@@QEAAJPEAUIOleClientSite@@@Z 00000001800089dc f i Belt.obj
 0001:00007a54       ?IOleObject_SetExtent@CComControlBase@ATL@@QEAAJKPEAUtagSIZE@@@Z 0000000180008a54 f i Belt.obj
 0001:00007aec       ?IPSI_GetIPersistStreamInit@?$IPersistStorageImpl@VCOPOSBelt@@@ATL@@AEAAPEAUIPersistStreamInit@@XZ 0000000180008aec f i Belt.obj
 0001:00007b48       ?IQuickActivate_QuickActivate@CComControlBase@ATL@@QEAAJPEAUtagQACONTAINER@@PEAUtagQACONTROL@@@Z 0000000180008b48 f i Belt.obj
 0001:00007e0c       ?IViewObject_Draw@CComControlBase@ATL@@QEAAJKJPEAXPEAUtagDVTARGETDEVICE@@PEAUHDC__@@2PEBU_RECTL@@3@Z 0000000180008e0c f i Belt.obj
 0001:00007f20       ?InPlaceActivate@CComControlBase@ATL@@QEAAJJPEBUtagRECT@@@Z 0000000180008f20 f i Belt.obj
 0001:00008258       ?Init@?$CComEnumImpl@UIEnumConnectionPoints@@$1?_GUID_b196b285_bab4_101a_b69c_00aa00341d07@@3U__s_GUID@@BPEAUIConnectionPoint@@V?$_CopyInterface@UIConnectionPoint@@@ATL@@@ATL@@QEAAJPEAPEAUIConnectionPoint@@0PEAUIUnknown@@W4CComEnumFlags@2@@Z 0000000180009258 f i Belt.obj
 0001:00008378       ?Init@?$CComEnumImpl@UIEnumConnections@@$1?_GUID_b196b287_bab4_101a_b69c_00aa00341d07@@3U__s_GUID@@BUtagCONNECTDATA@@V?$_Copy@UtagCONNECTDATA@@@ATL@@@ATL@@QEAAJPEAUtagCONNECTDATA@@0PEAUIUnknown@@W4CComEnumFlags@2@@Z 0000000180009378 f i Belt.obj
 0001:0000849c       ?IsEqualObject@?$CComPtrBase@UIOleClientSite@@@ATL@@QEAA_NPEAUIUnknown@@@Z 000000018000949c f i Belt.obj
 0001:0000849c       ?IsEqualObject@?$CComPtrBase@UITypeInfo@@@ATL@@QEAA_NPEAUIUnknown@@@Z 000000018000949c f i Belt.obj
 0001:00008528       ?LoadNameCache@CComTypeInfoHolder@ATL@@QEAAJPEAUITypeInfo@@@Z 0000000180009528 f i Belt.obj
 0001:000086ac       ?Lookup@?$CSimpleMap@PEA_WPEA_WVCExpansionVectorEqualHelper@ATL@@@ATL@@QEBAPEA_WAEBQEA_W@Z 00000001800096ac f i Belt.obj
 0001:00008738       ?NextToken@CRegParser@ATL@@IEAAJPEA_W@Z 0000000180009738 f i Belt.obj
 0001:000088f0       ?OnKillFocus@CComControlBase@ATL@@QEAA_JI_K_JAEAH@Z 00000001800098f0 f i Belt.obj
 0001:0000898c       ?OnMouseActivate@CComControlBase@ATL@@QEAA_JI_K_JAEAH@Z 000000018000998c f i Belt.obj
 0001:00008a2c       ?OnPaint@CComControlBase@ATL@@QEAA_JI_K_JAEAH@Z 0000000180009a2c f i Belt.obj
 0001:00008b18       ?OnSetFocus@CComControlBase@ATL@@QEAA_JI_K_JAEAH@Z 0000000180009b18 f i Belt.obj
 0001:00008c14       ?Open@CRegKey@ATL@@QEAAJPEAUHKEY__@@PEB_WK@Z 0000000180009c14 f i Belt.obj
 0001:00008ca0       ?PreProcessBuffer@CRegParser@ATL@@QEAAJPEA_WPEAPEA_W@Z 0000000180009ca0 f i Belt.obj
 0001:00009024       ?ProcessWindowMessage@?$CComControl@VCOPOSBelt@@V?$CWindowImpl@VCOPOSBelt@@VCWindow@ATL@@V?$CWinTraits@$0FGAAAAAA@$0A@@3@@ATL@@@ATL@@UEAAHPEAUHWND__@@I_K_JAEA_JK@Z 000000018000a024 f i Belt.obj
 0001:00009108       ?PutProperty@?$CComPtr@UIDispatch@@@ATL@@SAJPEAUIDispatch@@JPEAUtagVARIANT@@@Z 000000018000a108 f i Belt.obj
 0001:0000920c       ?ReadFromStream@CComBSTR@ATL@@QEAAJPEAUIStream@@@Z 000000018000a20c f i Belt.obj
 0001:00009368       ?ReadFromStream@CComVariant@ATL@@QEAAJPEAUIStream@@GTClassesAllowedInStream@2@K@Z 000000018000a368 f i Belt.obj
 0001:00009578       ?RecurseDeleteKey@CRegKey@ATL@@QEAAJPEB_W@Z 000000018000a578 f i Belt.obj
 0001:00009684       ?RegCreateKeyExW@CAtlTransactionManager@ATL@@QEAAJPEAUHKEY__@@PEB_WKPEA_WKKQEAU_SECURITY_ATTRIBUTES@@PEAPEAU3@PEAK@Z 000000018000a684 f i Belt.obj
 0001:000097b8       ?RegDeleteKeyW@CAtlTransactionManager@ATL@@QEAAJPEAUHKEY__@@PEB_W@Z 000000018000a7b8 f i Belt.obj
 0001:00009844       ?RegOpenKeyExW@CAtlTransactionManager@ATL@@QEAAJPEAUHKEY__@@PEB_WKKPEAPEAU3@@Z 000000018000a844 f i Belt.obj
 0001:000098fc       ?RegisterBuffer@CRegParser@ATL@@QEAAJPEA_WH@Z 000000018000a8fc f i Belt.obj
 0001:00009a64       ?RegisterFromResource@CRegObject@ATL@@IEAAJPEB_W00H@Z 000000018000aa64 f i Belt.obj
 0001:00009c20       ?RegisterServer@CComModule@ATL@@QEAAJHPEBU_GUID@@@Z 000000018000ac20 f i Belt.obj
 0001:00009ce0       ?RegisterSubkeys@CRegParser@ATL@@IEAAJPEA_WPEAUHKEY__@@HH@Z 000000018000ace0 f i Belt.obj
 0001:0000a3dc       ?SendOnDataChange@CComControlBase@ATL@@QEAAJK@Z 000000018000b3dc f i Belt.obj
 0001:0000a44c       ?SetControlFocus@CComControlBase@ATL@@QEAAHH@Z 000000018000b44c f i Belt.obj
 0001:0000a528       ?SkipAssignment@CRegParser@ATL@@IEAAJPEA_W@Z 000000018000b528 f i Belt.obj
 0001:0000a5cc       ?Term@CComModule@ATL@@QEAAXXZ 000000018000b5cc f i Belt.obj
 0001:0000a678       ?UnregisterServer@CComModule@ATL@@QEAAJHPEBU_GUID@@@Z 000000018000b678 f i Belt.obj
 0001:0000a728       ?UpdateRegistryFromResource@CAtlModule@ATL@@QEAAJIHPEAU_ATL_REGMAP_ENTRY@2@@Z 000000018000b728 f i Belt.obj
 0001:0000aa60       ?UpdateRegistryFromResource@CAtlModule@ATL@@QEAAJPEB_WHPEAU_ATL_REGMAP_ENTRY@2@@Z 000000018000ba60 f i Belt.obj
 0001:0000adb8       ?VTFromRegType@CRegParser@ATL@@KAHPEB_WAEAG@Z 000000018000bdb8 f i Belt.obj
 0001:0000ae54       ?WindowProc@?$CWindowImplBaseT@VCWindow@ATL@@V?$CWinTraits@$0FGAAAAAA@$0A@@2@@ATL@@SA_JPEAUHWND__@@I_K_J@Z 000000018000be54 f i Belt.obj
 0001:0000afc0       ?WriteToStream@CComBSTR@ATL@@QEAAJPEAUIStream@@@Z 000000018000bfc0 f i Belt.obj
 0001:0000b040       ?WriteToStream@CComVariant@ATL@@QEAAJPEAUIStream@@@Z 000000018000c040 f i Belt.obj
 0001:0000b254       ?WriteToStream@CComVariant@ATL@@QEAAJPEAUIStream@@G@Z 000000018000c254 f i Belt.obj
 0001:0000b2ec       ?_AtlVerifyStackAvailable@_ATL_SAFE_ALLOCA_IMPL@ATL@@YA_N_K@Z 000000018000c2ec f i Belt.obj
 0001:0000b370       ?atlCreate@?$CWindowImpl@VCOPOSBelt@@VCWindow@ATL@@V?$CWinTraits@$0FGAAAAAA@$0A@@3@@ATL@@QEAAPEAUHWND__@@PEAU3@V_U_RECT@2@PEB_WKKV_U_MENUorID@2@PEAX@Z 000000018000c370 f i Belt.obj
 0001:0000b420       ?atlCreate@?$CWindowImplBaseT@VCWindow@ATL@@V?$CWinTraits@$0FGAAAAAA@$0A@@2@@ATL@@QEAAPEAUHWND__@@PEAU3@V_U_RECT@2@PEB_WKKV_U_MENUorID@2@GPEAX@Z 000000018000c420 f i Belt.obj
 0001:0000b590       ?atlCreate@CRegKey@ATL@@QEAAJPEAUHKEY__@@PEB_WPEA_WKKPEAU_SECURITY_ATTRIBUTES@@PEAK@Z 000000018000c590 f i Belt.obj
 0001:0000b67c       DllCanUnloadNow            000000018000c67c f   Belt.obj
 0001:0000b688       DllGetClassObject          000000018000c688 f   Belt.obj
 0001:0000b6a0       DllMain                    000000018000c6a0 f   Belt.obj
 0001:0000b748       DllRegisterServer          000000018000c748 f   Belt.obj
 0001:0000b75c       DllUnregisterServer        000000018000c75c f   Belt.obj
 0001:0000b770       __local_stdio_printf_options 000000018000c770 f i Belt.obj
 0001:0000b800       swprintf_s                 000000018000c800 f i Belt.obj
 0001:0000b854       ??0COPOSBelt@@QEAA@XZ      000000018000c854 f   BeltImpl.obj
 0001:0000b910       ??1?$IConnectionPointImpl@VCOPOSBelt@@$1?DIID__IOPOSBeltEvents@@3U_GUID@@BVCComDynamicUnkArray@ATL@@@ATL@@QEAA@XZ 000000018000c910 f i BeltImpl.obj
 0001:0000b910       ??1?$IConnectionPointImpl@VCOPOSBelt@@$1?IID_IPropertyNotifySink@@3U_GUID@@BVCComDynamicUnkArray@ATL@@@ATL@@QEAA@XZ 000000018000c910 f i BeltImpl.obj
 0001:0000b96c       ??1CComControlBase@ATL@@UEAA@XZ 000000018000c96c f i BeltImpl.obj
 0001:0000b9e8       ??1COPOSBelt@@UEAA@XZ      000000018000c9e8 f   BeltImpl.obj
 0001:0000ba4c       ?AdjustItemCount@COPOSBelt@@UEAAJJJPEAJ@Z 000000018000ca4c f   BeltImpl.obj
 0001:0000bb18       ?CheckHealth@COPOSBelt@@UEAAJJPEAJ@Z 000000018000cb18 f   BeltImpl.obj
 0001:0000bb94       ?ClaimDevice@COPOSBelt@@UEAAJJPEAJ@Z 000000018000cb94 f   BeltImpl.obj
 0001:0000bc34       ?Close@COPOSBelt@@UEAAJPEAJ@Z 000000018000cc34 f   BeltImpl.obj
 0001:0000bcec       ?CompareFirmwareVersion@COPOSBelt@@UEAAJPEA_WPEAJ1@Z 000000018000ccec f   BeltImpl.obj
 0001:0000bdc8       ?DirectIO@COPOSBelt@@UEAAJJPEAJPEAPEA_W0@Z 000000018000cdc8 f   BeltImpl.obj
 0001:0000bec4       ?DoInvoke@COPOSBelt@@IEAAJJPEAVOposVariant@@IHPEAJ_N@Z 000000018000cec4 f   BeltImpl.obj
 0001:0000bff8       ?EventInit@COPOSBelt@@IEAAJXZ 000000018000cff8 f i BeltImpl.obj
 0001:0000c140       ?EventUninit@COPOSBelt@@IEAAXXZ 000000018000d140 f i BeltImpl.obj
 0001:0000c1a4       ?EventWindowProc@COPOSBelt@@IEAA_JI_K_J@Z 000000018000d1a4 f i BeltImpl.obj
 0001:0000c29c       ?FinalConstruct@COPOSBelt@@QEAAJXZ 000000018000d29c f   BeltImpl.obj
 0001:0000c2d8       ?FreezeEvents@COPOSBelt@@MEAAJH@Z 000000018000d2d8 f   BeltImpl.obj
 0001:0000c34c       ?GetOposProp@COPOSBelt@@IEAAJJPEAJJ@Z 000000018000d34c f   BeltImpl.obj
 0001:0000c468       ?GetOposProp@COPOSBelt@@IEAAJJPEAPEA_WJ@Z 000000018000d468 f   BeltImpl.obj
 0001:0000c594       ?MoveBackward@COPOSBelt@@UEAAJJPEAJ@Z 000000018000d594 f   BeltImpl.obj
 0001:0000c610       ?MoveForward@COPOSBelt@@UEAAJJPEAJ@Z 000000018000d610 f   BeltImpl.obj
 0001:0000c68c       ?OnDraw@COPOSBelt@@MEAAJAEAUATL_DRAWINFO@@@Z 000000018000d68c f   BeltImpl.obj
 0001:0000c778       ?Open@COPOSBelt@@UEAAJPEA_WPEAJ@Z 000000018000d778 f   BeltImpl.obj
 0001:0000d000       ?ReleaseDevice@COPOSBelt@@UEAAJPEAJ@Z 000000018000e000 f   BeltImpl.obj
 0001:0000d06c       ?ResetBelt@COPOSBelt@@UEAAJPEAJ@Z 000000018000e06c f   BeltImpl.obj
 0001:0000d094       ?ResetItemCount@COPOSBelt@@UEAAJJPEAJ@Z 000000018000e094 f   BeltImpl.obj
 0001:0000d110       ?ResetStatistics@COPOSBelt@@UEAAJPEA_WPEAJ@Z 000000018000e110 f   BeltImpl.obj
 0001:0000d198       ?RetrieveStatistics@COPOSBelt@@UEAAJPEAPEA_WPEAJ@Z 000000018000e198 f   BeltImpl.obj
 0001:0000d220       ?SOProcessID@COPOSBelt@@UEAAJPEAJ@Z 000000018000e220 f   BeltImpl.obj
 0001:0000d23c       ?SetCOFreezeEvents@COPOSBelt@@IEAAXF@Z 000000018000e23c f   BeltImpl.obj
 0001:0000d320       ?SetOposProp@COPOSBelt@@IEAAJJJJ@Z 000000018000e320 f   BeltImpl.obj
 0001:0000d480       ?StopBelt@COPOSBelt@@UEAAJPEAJ@Z 000000018000e480 f   BeltImpl.obj
 0001:0000d4a8       ?UpdateFirmware@COPOSBelt@@UEAAJPEA_WPEAJ@Z 000000018000e4a8 f   BeltImpl.obj
 0001:0000d530       ?UpdateStatistics@COPOSBelt@@UEAAJPEA_WPEAJ@Z 000000018000e530 f   BeltImpl.obj
 0001:0000d5b8       ?get_AutoStopBackward@COPOSBelt@@UEAAJPEAF@Z 000000018000e5b8 f   BeltImpl.obj
 0001:0000d5ec       ?get_AutoStopBackwardDelayTime@COPOSBelt@@UEAAJPEAJ@Z 000000018000e5ec f   BeltImpl.obj
 0001:0000d600       ?get_AutoStopBackwardItemCount@COPOSBelt@@UEAAJPEAJ@Z 000000018000e600 f   BeltImpl.obj
 0001:0000d614       ?get_AutoStopForward@COPOSBelt@@UEAAJPEAF@Z 000000018000e614 f   BeltImpl.obj
 0001:0000d648       ?get_AutoStopForwardDelayTime@COPOSBelt@@UEAAJPEAJ@Z 000000018000e648 f   BeltImpl.obj
 0001:0000d65c       ?get_AutoStopForwardItemCount@COPOSBelt@@UEAAJPEAJ@Z 000000018000e65c f   BeltImpl.obj
 0001:0000d670       ?get_BinaryConversion@COPOSBelt@@UEAAJPEAJ@Z 000000018000e670 f   BeltImpl.obj
 0001:0000d684       ?get_CapAutoStopBackward@COPOSBelt@@UEAAJPEAF@Z 000000018000e684 f   BeltImpl.obj
 0001:0000d6b8       ?get_CapAutoStopBackwardItemCount@COPOSBelt@@UEAAJPEAF@Z 000000018000e6b8 f   BeltImpl.obj
 0001:0000d6ec       ?get_CapAutoStopForward@COPOSBelt@@UEAAJPEAF@Z 000000018000e6ec f   BeltImpl.obj
 0001:0000d720       ?get_CapAutoStopForwardItemCount@COPOSBelt@@UEAAJPEAF@Z 000000018000e720 f   BeltImpl.obj
 0001:0000d754       ?get_CapCompareFirmwareVersion@COPOSBelt@@UEAAJPEAF@Z 000000018000e754 f   BeltImpl.obj
 0001:0000d788       ?get_CapLightBarrierBackward@COPOSBelt@@UEAAJPEAF@Z 000000018000e788 f   BeltImpl.obj
 0001:0000d7bc       ?get_CapLightBarrierForward@COPOSBelt@@UEAAJPEAF@Z 000000018000e7bc f   BeltImpl.obj
 0001:0000d7f0       ?get_CapMoveBackward@COPOSBelt@@UEAAJPEAF@Z 000000018000e7f0 f   BeltImpl.obj
 0001:0000d824       ?get_CapPowerReporting@COPOSBelt@@UEAAJPEAJ@Z 000000018000e824 f   BeltImpl.obj
 0001:0000d838       ?get_CapSecurityFlapBackward@COPOSBelt@@UEAAJPEAF@Z 000000018000e838 f   BeltImpl.obj
 0001:0000d86c       ?get_CapSecurityFlapForward@COPOSBelt@@UEAAJPEAF@Z 000000018000e86c f   BeltImpl.obj
 0001:0000d8a0       ?get_CapSpeedStepsBackward@COPOSBelt@@UEAAJPEAJ@Z 000000018000e8a0 f   BeltImpl.obj
 0001:0000d8b4       ?get_CapSpeedStepsForward@COPOSBelt@@UEAAJPEAJ@Z 000000018000e8b4 f   BeltImpl.obj
 0001:0000d8c8       ?get_CapStatisticsReporting@COPOSBelt@@UEAAJPEAF@Z 000000018000e8c8 f   BeltImpl.obj
 0001:0000d8fc       ?get_CapUpdateFirmware@COPOSBelt@@UEAAJPEAF@Z 000000018000e8fc f   BeltImpl.obj
 0001:0000d930       ?get_CapUpdateStatistics@COPOSBelt@@UEAAJPEAF@Z 000000018000e930 f   BeltImpl.obj
 0001:0000d964       ?get_CheckHealthText@COPOSBelt@@UEAAJPEAPEA_W@Z 000000018000e964 f   BeltImpl.obj
 0001:0000d978       ?get_Claimed@COPOSBelt@@UEAAJPEAF@Z 000000018000e978 f   BeltImpl.obj
 0001:0000d9ac       ?get_ControlObjectDescription@COPOSBelt@@UEAAJPEAPEA_W@Z 000000018000e9ac f   BeltImpl.obj
 0001:0000da10       ?get_ControlObjectVersion@COPOSBelt@@UEAAJPEAJ@Z 000000018000ea10 f   BeltImpl.obj
 0001:0000da1c       ?get_DeviceDescription@COPOSBelt@@UEAAJPEAPEA_W@Z 000000018000ea1c f   BeltImpl.obj
 0001:0000da30       ?get_DeviceEnabled@COPOSBelt@@UEAAJPEAF@Z 000000018000ea30 f   BeltImpl.obj
 0001:0000da64       ?get_DeviceName@COPOSBelt@@UEAAJPEAPEA_W@Z 000000018000ea64 f   BeltImpl.obj
 0001:0000da78       ?get_FreezeEvents@COPOSBelt@@UEAAJPEAF@Z 000000018000ea78 f   BeltImpl.obj
 0001:0000daa8       ?get_LightBarrierBackwardInterrupted@COPOSBelt@@UEAAJPEAF@Z 000000018000eaa8 f   BeltImpl.obj
 0001:0000dadc       ?get_LightBarrierForwardInterrupted@COPOSBelt@@UEAAJPEAF@Z 000000018000eadc f   BeltImpl.obj
 0001:0000db10       ?get_MotionStatus@COPOSBelt@@UEAAJPEAJ@Z 000000018000eb10 f   BeltImpl.obj
 0001:0000db24       ?get_OpenResult@COPOSBelt@@UEAAJPEAJ@Z 000000018000eb24 f   BeltImpl.obj
 0001:0000db30       ?get_PowerNotify@COPOSBelt@@UEAAJPEAJ@Z 000000018000eb30 f   BeltImpl.obj
 0001:0000db44       ?get_PowerState@COPOSBelt@@UEAAJPEAJ@Z 000000018000eb44 f   BeltImpl.obj
 0001:0000db58       ?get_ResultCode@COPOSBelt@@UEAAJPEAJ@Z 000000018000eb58 f   BeltImpl.obj
 0001:0000db94       ?get_ResultCodeExtended@COPOSBelt@@UEAAJPEAJ@Z 000000018000eb94 f   BeltImpl.obj
 0001:0000dba8       ?get_SecurityFlapBackwardOpened@COPOSBelt@@UEAAJPEAF@Z 000000018000eba8 f   BeltImpl.obj
 0001:0000dbdc       ?get_SecurityFlapForwardOpened@COPOSBelt@@UEAAJPEAF@Z 000000018000ebdc f   BeltImpl.obj
 0001:0000dc10       ?get_ServiceObjectDescription@COPOSBelt@@UEAAJPEAPEA_W@Z 000000018000ec10 f   BeltImpl.obj
 0001:0000dc24       ?get_ServiceObjectVersion@COPOSBelt@@UEAAJPEAJ@Z 000000018000ec24 f   BeltImpl.obj
 0001:0000dc38       ?get_State@COPOSBelt@@UEAAJPEAJ@Z 000000018000ec38 f   BeltImpl.obj
 0001:0000dc64       ?put_AutoStopBackward@COPOSBelt@@UEAAJF@Z 000000018000ec64 f   BeltImpl.obj
 0001:0000dc80       ?put_AutoStopBackwardDelayTime@COPOSBelt@@UEAAJJ@Z 000000018000ec80 f   BeltImpl.obj
 0001:0000dc94       ?put_AutoStopForward@COPOSBelt@@UEAAJF@Z 000000018000ec94 f   BeltImpl.obj
 0001:0000dcb0       ?put_AutoStopForwardDelayTime@COPOSBelt@@UEAAJJ@Z 000000018000ecb0 f   BeltImpl.obj
 0001:0000dcc4       ?put_BinaryConversion@COPOSBelt@@UEAAJJ@Z 000000018000ecc4 f   BeltImpl.obj
 0001:0000dcd8       ?put_DeviceEnabled@COPOSBelt@@UEAAJF@Z 000000018000ecd8 f   BeltImpl.obj
 0001:0000dcf0       ?put_FreezeEvents@COPOSBelt@@UEAAJF@Z 000000018000ecf0 f   BeltImpl.obj
 0001:0000dd40       ?put_PowerNotify@COPOSBelt@@UEAAJJ@Z 000000018000ed40 f   BeltImpl.obj
 0001:0000dd54       ?s_EventWindowProc@COPOSBelt@@KA_JPEAUHWND__@@I_K_J@Z 000000018000ed54 f i BeltImpl.obj
 0001:0000ddd0       ??_U@YAPEAX_K@Z            000000018000edd0 f   LIBCMT:new_array.obj
 0001:0000ddd8       ??_V@YAXPEAX@Z             000000018000edd8 f   LIBCMT:delete_array.obj
 0001:0000ddd8       ??3@YAXPEAX_K@Z            000000018000edd8 f   LIBCMT:delete_scalar_size.obj
 0001:0000dde0       ??_V@YAXPEAX_K@Z           000000018000ede0 f   LIBCMT:delete_array_size.obj
 0001:0000dde8       __scrt_acquire_startup_lock 000000018000ede8 f   LIBCMT:utility.obj
 0001:0000de24       __scrt_dllmain_after_initialize_c 000000018000ee24 f   LIBCMT:utility.obj
 0001:0000de58       __scrt_dllmain_before_initialize_c 000000018000ee58 f   LIBCMT:utility.obj
 0001:0000de70       __scrt_dllmain_crt_thread_attach 000000018000ee70 f   LIBCMT:utility.obj
 0001:0000de98       __scrt_dllmain_crt_thread_detach 000000018000ee98 f   LIBCMT:utility.obj
 0001:0000deb0       __scrt_dllmain_exception_filter 000000018000eeb0 f   LIBCMT:utility.obj
 0001:0000df10       __scrt_dllmain_uninitialize_c 000000018000ef10 f   LIBCMT:utility.obj
 0001:0000df40       __scrt_dllmain_uninitialize_critical 000000018000ef40 f   LIBCMT:utility.obj
 0001:0000df54       __scrt_initialize_crt      000000018000ef54 f   LIBCMT:utility.obj
 0001:0000dfa0       __scrt_initialize_onexit_tables 000000018000efa0 f   LIBCMT:utility.obj
 0001:0000e078       __scrt_is_nonwritable_in_current_image 000000018000f078 f   LIBCMT:utility.obj
 0001:0000e114       __scrt_release_startup_lock 000000018000f114 f   LIBCMT:utility.obj
 0001:0000e138       __scrt_uninitialize_crt    000000018000f138 f   LIBCMT:utility.obj
 0001:0000e164       _onexit                    000000018000f164 f   LIBCMT:utility.obj
 0001:0000e1b4       atexit                     000000018000f1b4 f   LIBCMT:utility.obj
 0001:0000e1cc       ??3@YAXPEAX@Z              000000018000f1cc f   LIBCMT:delete_scalar.obj
 0001:0000e35c       _Init_thread_footer        000000018000f35c f   LIBCMT:thread_safe_statics.obj
 0001:0000e3bc       _Init_thread_header        000000018000f3bc f   LIBCMT:thread_safe_statics.obj
 0001:0000e424       _Init_thread_notify        000000018000f424 f   LIBCMT:thread_safe_statics.obj
 0001:0000e474       _Init_thread_wait          000000018000f474 f   LIBCMT:thread_safe_statics.obj
 0001:0000e4ec       __raise_securityfailure    000000018000f4ec f   LIBCMT:gs_report.obj
 0001:0000e520       __report_gsfailure         000000018000f520 f   LIBCMT:gs_report.obj
 0001:0000e5f4       __report_rangecheckfailure 000000018000f5f4 f   LIBCMT:gs_report.obj
 0001:0000e608       __report_securityfailure   000000018000f608 f   LIBCMT:gs_report.obj
 0001:0000e788       ??2@YAPEAX_KAEBUnothrow_t@std@@@Z 000000018000f788 f   LIBCMT:new_scalar_nothrow.obj
 0001:0000e7a8       ??_U@YAPEAX_KAEBUnothrow_t@std@@@Z 000000018000f7a8 f   LIBCMT:new_array_nothrow.obj
 0001:0000e7b0       __GSHandlerCheck           000000018000f7b0 f   LIBCMT:gshandler.obj
 0001:0000e7d0       __GSHandlerCheckCommon     000000018000f7d0 f   LIBCMT:gshandler.obj
 0001:0000e82c       __GSHandlerCheck_SEH       000000018000f82c f   LIBCMT:gshandlerseh.obj
 0001:0000e8d0       __chkstk                   000000018000f8d0 f   LIBCMT:chkstk.obj
 0001:0000e8d0       _alloca_probe              000000018000f8d0 f   LIBCMT:chkstk.obj
 0001:0000e940       __security_check_cookie    000000018000f940 f   LIBCMT:amdsecgs.obj
 0001:0000ec94       _DllMainCRTStartup         000000018000fc94 f   LIBCMT:dll_dllmain.obj
 0001:0000ecd4       ??2@YAPEAX_K@Z             000000018000fcd4 f   LIBCMT:new_scalar.obj
 0001:0000ed10       __isa_available_init       000000018000fd10 f   LIBCMT:cpu_disp.obj
 0001:0000eecc       __scrt_is_ucrt_dll_in_use  000000018000fecc f   LIBCMT:ucrt_detection.obj
 0001:0000eed8       __crt_debugger_hook        000000018000fed8 f   LIBCMT:utility_desktop.obj
 0001:0000eee0       __scrt_fastfail            000000018000fee0 f   LIBCMT:utility_desktop.obj
 0001:0000f02c       __security_init_cookie     000000018001002c f   LIBCMT:gs_support.obj
 0001:0000f0d8       ?__scrt_initialize_type_info@@YAXXZ 00000001800100d8 f   LIBCMT:tncleanup.obj
 0001:0000f0e8       ?__scrt_uninitialize_type_info@@YAXXZ 00000001800100e8 f   LIBCMT:tncleanup.obj
 0001:0000f0f4       __local_stdio_scanf_options 00000001800100f4 f i LIBCMT:default_local_stdio_options.obj
 0001:0000f0fc       __scrt_initialize_default_local_stdio_options 00000001800100fc f   LIBCMT:default_local_stdio_options.obj
 0001:0000f118       __scrt_get_dyn_tls_init_callback 0000000180010118 f   LIBCMT:dyn_tls_init.obj
 0001:0000f120       _RTC_Initialize            0000000180010120 f   LIBCMT:initsect.obj
 0001:0000f15c       _RTC_Terminate             000000018001015c f   LIBCMT:initsect.obj
 0001:0000f198       ??0bad_alloc@std@@QEAA@AEBV01@@Z 0000000180010198 f i LIBCMT:throw_bad_alloc.obj
 0001:0000f1d8       ??0bad_alloc@std@@QEAA@XZ  00000001800101d8 f i LIBCMT:throw_bad_alloc.obj
 0001:0000f1f8       ??0bad_array_new_length@std@@QEAA@AEBV01@@Z 00000001800101f8 f i LIBCMT:throw_bad_alloc.obj
 0001:0000f238       ??0bad_array_new_length@std@@QEAA@XZ 0000000180010238 f i LIBCMT:throw_bad_alloc.obj
 0001:0000f258       ??0exception@std@@QEAA@AEBV01@@Z 0000000180010258 f i LIBCMT:throw_bad_alloc.obj
 0001:0000f290       ??1bad_array_new_length@std@@UEAA@XZ 0000000180010290 f i LIBCMT:throw_bad_alloc.obj
 0001:0000f290       ??1bad_exception@std@@UEAA@XZ 0000000180010290 f i libvcruntime:frame.obj
 0001:0000f290       ??1bad_alloc@std@@UEAA@XZ  0000000180010290 f i LIBCMT:throw_bad_alloc.obj
 0001:0000f2a4       ??_Gbad_alloc@std@@UEAAPEAXI@Z 00000001800102a4 f i LIBCMT:throw_bad_alloc.obj
 0001:0000f2a4       ??_Gbad_array_new_length@std@@UEAAPEAXI@Z 00000001800102a4 f i LIBCMT:throw_bad_alloc.obj
 0001:0000f2a4       ??_Eexception@std@@UEAAPEAXI@Z 00000001800102a4 f i LIBCMT:throw_bad_alloc.obj
 0001:0000f2a4       ??_Ebad_alloc@std@@UEAAPEAXI@Z 00000001800102a4 f i LIBCMT:throw_bad_alloc.obj
 0001:0000f2a4       ??_Ebad_exception@std@@UEAAPEAXI@Z 00000001800102a4 f i libvcruntime:frame.obj
 0001:0000f2a4       ??_Gbad_exception@std@@UEAAPEAXI@Z 00000001800102a4 f i libvcruntime:frame.obj
 0001:0000f2a4       ??_Gexception@std@@UEAAPEAXI@Z 00000001800102a4 f i LIBCMT:throw_bad_alloc.obj
 0001:0000f2a4       ??_Ebad_array_new_length@std@@UEAAPEAXI@Z 00000001800102a4 f i LIBCMT:throw_bad_alloc.obj
 0001:0000f2e8       ?__scrt_throw_std_bad_alloc@@YAXXZ 00000001800102e8 f   LIBCMT:throw_bad_alloc.obj
 0001:0000f308       ?__scrt_throw_std_bad_array_new_length@@YAXXZ 0000000180010308 f   LIBCMT:throw_bad_alloc.obj
 0001:0000f328       ?what@exception@std@@UEBAPEBDXZ 0000000180010328 f i LIBCMT:throw_bad_alloc.obj
 0001:0000f340       ??_Gtype_info@@UEAAPEAXI@Z 0000000180010340 f i LIBCMT:std_type_info_static.obj
 0001:0000f340       ??_Etype_info@@UEAAPEAXI@Z 0000000180010340 f i LIBCMT:std_type_info_static.obj
 0001:0000f36c       ??0CAtlBaseModule@ATL@@QEAA@XZ 000000018001036c f   atls:atlbase.obj
 0001:0000f414       ??1CAtlBaseModule@ATL@@QEAA@XZ 0000000180010414 f   atls:atlbase.obj
 0001:0000f548       ?__AllocStdCallThunk_cmn@@YAPEAXXZ 0000000180010548 f   atls:atlthunk.obj
 0001:0000f6a0       AtlThunk_AllocateData      00000001800106a0 f   atls:atlthunk.obj
 0001:0000f71c       AtlThunk_DataToCode        000000018001071c f   atls:atlthunk.obj
 0001:0000f770       AtlThunk_FreeData          0000000180010770 f   atls:atlthunk.obj
 0001:0000f7d0       AtlThunk_InitData          00000001800107d0 f   atls:atlthunk.obj
 0001:0000f890       memset_repmovs             0000000180010890 f   libvcruntime:memset.obj
 0001:0000f8b0       memset                     00000001800108b0 f   libvcruntime:memset.obj
 0001:0000fa40       _purecall                  0000000180010a40 f   libvcruntime:purevirt.obj
 0001:0000fa70       wcsstr                     0000000180010a70 f   libvcruntime:wcsstr.obj
 0001:0000fca0       memcmp                     0000000180010ca0 f   libvcruntime:memcmp.obj
 0001:0000fd80       memcpy_repmovs             0000000180010d80 f   libvcruntime:memcpy.obj
 0001:0000fda0       memmove                    0000000180010da0 f   libvcruntime:memcpy.obj
 0001:0000fda0       memcpy                     0000000180010da0 f   libvcruntime:memcpy.obj
 0001:000101d8       __vcrt_initialize          00000001800111d8 f   libvcruntime:initialization.obj
 0001:0001020c       __vcrt_thread_attach       000000018001120c f   libvcruntime:initialization.obj
 0001:00010220       __vcrt_thread_detach       0000000180011220 f   libvcruntime:initialization.obj
 0001:00010234       __vcrt_uninitialize        0000000180011234 f   libvcruntime:initialization.obj
 0001:00010254       __vcrt_uninitialize_critical 0000000180011254 f   libvcruntime:initialization.obj
 0001:00010264       __C_specific_handler       0000000180011264 f   libvcruntime:riscchandler.obj
 0001:00010470       __DestructExceptionObject  0000000180011470 f   libvcruntime:ehhelpers.obj
 0001:000104e4       ?_CallMemberFunction0@@YAXQEAX0@Z 00000001800114e4 f i libvcruntime:ehhelpers.obj
 0001:000104e8       _IsExceptionObjectToBeDestroyed 00000001800114e8 f   libvcruntime:ehhelpers.obj
 0001:00010518       __AdjustPointer            0000000180011518 f   libvcruntime:ehhelpers.obj
 0001:0001053c       __FrameUnwindFilter        000000018001153c f   libvcruntime:ehhelpers.obj
 0001:00010588       __std_terminate            0000000180011588 f   libvcruntime:ehhelpers.obj
 0001:00010594       ??$_CallSETranslator@V__FrameHandler3@@@@YAHPEAUEHExceptionRecord@@PEA_KPEAU_CONTEXT@@PEAU_xDISPATCHER_CONTEXT@@PEBU_s_FuncInfo@@K1@Z 0000000180011594 f i libvcruntime:risctrnsctrl.obj
 0001:000105e8       ?CatchTryBlock@__FrameHandler3@@SAPEBU_s_TryBlockMapEntry@@PEBU_s_FuncInfo@@H@Z 00000001800115e8 f   libvcruntime:risctrnsctrl.obj
 0001:00010640       ?ExecutionInCatch@__FrameHandler3@@SA_NPEAU_xDISPATCHER_CONTEXT@@PEBU_s_FuncInfo@@@Z 0000000180011640 f   libvcruntime:risctrnsctrl.obj
 0001:0001066c       ?FrameUnwindToEmptyState@__FrameHandler3@@SAXPEA_KPEAU_xDISPATCHER_CONTEXT@@PEBU_s_FuncInfo@@@Z 000000018001166c f   libvcruntime:risctrnsctrl.obj
 0001:000106d0       ?GetEstablisherFrame@__FrameHandler3@@SAPEA_KPEA_KPEAU_xDISPATCHER_CONTEXT@@PEBU_s_FuncInfo@@0@Z 00000001800116d0 f   libvcruntime:risctrnsctrl.obj
 0001:0001079c       ?GetRangeOfTrysToCheck@__FrameHandler3@@SA?AU?$pair@Viterator@TryBlockMap@__FrameHandler3@@V123@@std@@AEAVTryBlockMap@1@HH@Z 000000018001179c f   libvcruntime:risctrnsctrl.obj
 0001:000108f8       ?UnwindNestedFrames@__FrameHandler3@@SAXPEA_KPEAUEHExceptionRecord@@PEAU_CONTEXT@@0PEAXPEBU_s_FuncInfo@@HHPEBU_s_HandlerType@@PEAU_xDISPATCHER_CONTEXT@@E@Z 00000001800118f8 f   libvcruntime:risctrnsctrl.obj
 0001:00010a1c       _CreateFrameInfo           0000000180011a1c f   libvcruntime:risctrnsctrl.obj
 0001:00010a58       _FindAndUnlinkFrame        0000000180011a58 f   libvcruntime:risctrnsctrl.obj
 0001:00010aac       _GetImageBase              0000000180011aac f   libvcruntime:risctrnsctrl.obj
 0001:00010ac0       _GetThrowImageBase         0000000180011ac0 f   libvcruntime:risctrnsctrl.obj
 0001:00010ad4       _SetImageBase              0000000180011ad4 f   libvcruntime:risctrnsctrl.obj
 0001:00010aec       _SetThrowImageBase         0000000180011aec f   libvcruntime:risctrnsctrl.obj
 0001:00010b04       __CxxFrameHandler3         0000000180011b04 f   libvcruntime:risctrnsctrl.obj
 0001:00010b84       __std_type_info_compare    0000000180011b84 f   libvcruntime:std_type_info.obj
 0001:00010bac       __std_type_info_destroy_list 0000000180011bac f   libvcruntime:std_type_info.obj
 0001:00010bd8       __std_exception_copy       0000000180011bd8 f   libvcruntime:std_exception.obj
 0001:00010c68       __std_exception_destroy    0000000180011c68 f   libvcruntime:std_exception.obj
 0001:00010c90       _CxxThrowException         0000000180011c90 f   libvcruntime:throw.obj
 0001:00010d50       __vcrt_initialize_pure_virtual_call_handler 0000000180011d50 f   libvcruntime:purevirt_data.obj
 0001:00010d60       __vcrt_freefls             0000000180011d60 f   libvcruntime:per_thread_data.obj
 0001:00010d80       __vcrt_freeptd             0000000180011d80 f   libvcruntime:per_thread_data.obj
 0001:00010dd0       __vcrt_getptd              0000000180011dd0 f   libvcruntime:per_thread_data.obj
 0001:00010dec       __vcrt_getptd_noexit       0000000180011dec f   libvcruntime:per_thread_data.obj
 0001:00010eb8       __vcrt_initialize_ptd      0000000180011eb8 f   libvcruntime:per_thread_data.obj
 0001:00010f0c       __vcrt_uninitialize_ptd    0000000180011f0c f   libvcruntime:per_thread_data.obj
 0001:00010f30       __vcrt_initialize_locks    0000000180011f30 f   libvcruntime:locks.obj
 0001:00010f78       __vcrt_uninitialize_locks  0000000180011f78 f   libvcruntime:locks.obj
 0001:00011188       __vcrt_FlsAlloc            0000000180012188 f   libvcruntime:winapi_downlevel.obj
 0001:000111d0       __vcrt_FlsFree             00000001800121d0 f   libvcruntime:winapi_downlevel.obj
 0001:00011218       __vcrt_FlsGetValue         0000000180012218 f   libvcruntime:winapi_downlevel.obj
[...]
 0004:0000171c       $pdata$??$?RV<lambda_46352004c1216016012b18bd6f87e700>@@AEAV<lambda_3bd07e1a1191394380780325891bf33f>@@V<lambda_334532d3f185bcaa59b5be82d7d22bff>@@@?$__crt_seh_guarded_call@X@@QEAAX$$QEAV<lambda_46352004c1216016012b18bd6f87e700>@@AEAV<lambda_3bd07e1a1191394380780325891bf33f>@@$$QEAV<lambda_334532d3f185bcaa59b5be82d7d22bff>@@@Z 000000018003371c     libucrt:per_thread_data.obj
 0004:00001728       $pdata$??$?RV<lambda_fb3a7dec4e47f37f22dae91bb15c9095>@@AEAV<lambda_698284760c8add0bfb0756c19673e34b>@@V<lambda_dfb8eca1e75fef3034a8fb18dd509707>@@@?$__crt_seh_guarded_call@X@@QEAAX$$QEAV<lambda_fb3a7dec4e47f37f22dae91bb15c9095>@@AEAV<lambda_698284760c8add0bfb0756c19673e34b>@@$$QEAV<lambda_dfb8eca1e75fef3034a8fb18dd509707>@@@Z 0000000180033728     libucrt:per_thread_data.obj
 0004:00001734       $pdata$_calloc_base        0000000180033734     libucrt:calloc_base.obj
 0004:00001740       $pdata$_malloc_base        0000000180033740     libucrt:malloc_base.obj
 0004:0000174c       $pdata$_msize              000000018003374c     libucrt:msize.obj
 0004:00001758       $pdata$_realloc_base       0000000180033758     libucrt:realloc_base.obj
 0004:00001764       $pdata$__acrt_FlsAlloc     0000000180033764     libucrt:winapi_thunks.obj
 0004:00001770       $pdata$__acrt_FlsFree      0000000180033770     libucrt:winapi_thunks.obj
 0004:0000177c       $pdata$__acrt_FlsGetValue  000000018003377c     libucrt:winapi_thunks.obj
 0004:00001788       $pdata$__acrt_FlsSetValue  0000000180033788     libucrt:winapi_thunks.obj
 0004:00001794       $pdata$__acrt_initialize_winapi_thunks 0000000180033794     libucrt:winapi_thunks.obj
 0004:000017a0       $pdata$__acrt_uninitialize_winapi_thunks 00000001800337a0     libucrt:winapi_thunks.obj
 0004:000017ac       $pdata$__acrt_InitializeCriticalSectionEx 00000001800337ac     libucrt:winapi_thunks.obj
 0004:000017b8       $pdata$__acrt_LCMapStringEx 00000001800337b8     libucrt:winapi_thunks.obj
 0004:000017c4       $pdata$__acrt_LocaleNameToLCID 00000001800337c4     libucrt:winapi_thunks.obj
 0004:000017d0       $pdata$__acrt_SetThreadStackGuarantee 00000001800337d0     libucrt:winapi_thunks.obj
 0004:000017dc       $pdata$__acrt_is_packaged_app 00000001800337dc     libucrt:winapi_thunks.obj
 0004:000017e8       $pdata$?try_get_function@@YAPEAXW4function_id@?A0x63058377@@QEBDQEBW4module_id@2@2@Z 00000001800337e8     libucrt:winapi_thunks.obj
 0004:000017f4       $pdata$isdigit             00000001800337f4     libucrt:_ctype.obj
 0004:00001800       $pdata$tolower             0000000180033800     libucrt:tolower_toupper.obj
 0004:0000180c       $pdata$_tolower_l          000000018003380c     libucrt:tolower_toupper.obj
 0004:00001818       $pdata$?internal_isupper_l@@YA_NHQEAU__crt_locale_pointers@@@Z 0000000180033818     libucrt:tolower_toupper.obj
 0004:00001824       $pdata$wcstol              0000000180033824     libucrt:strtox.obj
 0004:00001830       $pdata$_mbtowc_l           0000000180033830     libucrt:mbtowc.obj
 0004:0000183c       $pdata$wcsnlen             000000018003383c     libucrt:strnlen.obj
 0004:00001848       $pdata$__acrt_update_locale_info 0000000180033848     libucrt:locale_update.obj
 0004:00001854       $pdata$__acrt_update_multibyte_info 0000000180033854     libucrt:locale_update.obj
 0004:00001860       $pdata$__acrt_fp_format    0000000180033860     libucrt:cvt.obj
 0004:0000186c       $pdata$?fp_format_nan_or_infinity@@YAHW4__acrt_fp_class@@_NPEAD_K1@Z 000000018003386c     libucrt:cvt.obj
 0004:00001878       $pdata$?fp_format_e_internal@@YAHQEAD_KH_NIQEAU_strflt@@2QEAU__crt_locale_pointers@@@Z 0000000180033878     libucrt:cvt.obj
 0004:00001884       $pdata$?fp_format_e@@YAHQEBNQEAD_K12H_NIQEAU__crt_locale_pointers@@@Z 0000000180033884     libucrt:cvt.obj
 0004:00001890       $pdata$?fp_format_a@@YAHQEBNPEAD_KQEAD2H_NIQEAU__crt_locale_pointers@@@Z 0000000180033890     libucrt:cvt.obj
 0004:0000189c       $pdata$?fp_format_f_internal@@YAHQEAD_KHQEAU_strflt@@_NQEAU__crt_locale_pointers@@@Z 000000018003389c     libucrt:cvt.obj
 0004:000018a8       $pdata$?fp_format_g@@YAHQEBNQEAD_K12H_NIQEAU__crt_locale_pointers@@@Z 00000001800338a8     libucrt:cvt.obj
 0004:000018b4       $pdata$_fileno             00000001800338b4     libucrt:fileno.obj
 0004:000018c0       $pdata$__acrt_initialize_stdio 00000001800338c0     libucrt:_file.obj
 0004:000018cc       $pdata$__acrt_uninitialize_stdio 00000001800338cc     libucrt:_file.obj
 0004:000018d8       $pdata$__acrt_uninitialize_locale 00000001800338d8     libucrt:wsetlocale.obj
 0004:000018e4       $pdata$__acrt_update_thread_locale_data$fin$0 00000001800338e4     libucrt:locale_refcounting.obj
 0004:000018e4       $pdata$__acrt_uninitialize_locale$fin$0 00000001800338e4     libucrt:wsetlocale.obj
 0004:000018f0       $pdata$__acrt_initialize_lowio 00000001800338f0     libucrt:ioinit.obj
 0004:000018fc       $pdata$__acrt_initialize_lowio$fin$0 00000001800338fc     libucrt:ioinit.obj
 0004:000018fc       $pdata$__acrt_lowio_ensure_fh_exists$fin$0 00000001800338fc     libucrt:osfinfo.obj
 0004:00001908       $pdata$__acrt_uninitialize_lowio 0000000180033908     libucrt:ioinit.obj
 0004:00001914       $pdata$?initialize_inherited_file_handles_nolock@@YAXXZ 0000000180033914     libucrt:ioinit.obj
 0004:00001920       $pdata$?initialize_stdio_handles_nolock@@YAXXZ 0000000180033920     libucrt:ioinit.obj
 0004:0000192c       $pdata$__acrt_initialize_locks 000000018003392c     libucrt:locks.obj
 0004:00001938       $pdata$__acrt_uninitialize_locks 0000000180033938     libucrt:locks.obj
 0004:00001944       $pdata$??$common_expand_argv_wildcards@D@@YAHQEAPEADQEAPEAPEAD@Z 0000000180033944     libucrt:argv_wildcards.obj
 0004:00001950       $pdata$?expand_if_necessary@?$argument_list@D@?A0xca0879c4@@AEAAHXZ 0000000180033950     libucrt:argv_wildcards.obj
 0004:0000195c       $pdata$??$copy_and_add_argument_to_buffer@D@@YAHQEBD0_KAEAV?$argument_list@D@?A0xca0879c4@@@Z 000000018003395c     libucrt:argv_wildcards.obj
 0004:00001968       $pdata$??$expand_argument_wildcards@D@@YAHQEAD0AEAV?$argument_list@D@?A0xca0879c4@@@Z 0000000180033968     libucrt:argv_wildcards.obj
 0004:00001974       $pdata$__acrt_update_thread_multibyte_data 0000000180033974     libucrt:mbctype.obj
 0004:00001980       $pdata$__acrt_update_thread_multibyte_data$fin$0 0000000180033980     libucrt:mbctype.obj
 0004:0000198c       $pdata$__acrt_initialize_multibyte 000000018003398c     libucrt:mbctype.obj
 0004:00001998       $pdata$_setmbcp_nolock     0000000180033998     libucrt:mbctype.obj
 0004:000019a4       $pdata$?getSystemCP@@YAHH@Z 00000001800339a4     libucrt:mbctype.obj
 0004:000019b0       $pdata$?setSBCS@@YAXPEAU__crt_multibyte_data@@@Z 00000001800339b0     libucrt:mbctype.obj
 0004:000019bc       $pdata$?setSBUpLow@@YAXPEAU__crt_multibyte_data@@@Z 00000001800339bc     libucrt:mbctype.obj
 0004:000019c8       $pdata$?setmbcp_internal@@YAHH_N@Z 00000001800339c8     libucrt:mbctype.obj
 0004:000019d4       $pdata$??R<lambda_ad1ced32f4ac17aa236e5ef05d6b3b7c>@@QEBAXXZ 00000001800339d4     libucrt:mbctype.obj
 0004:000019e0       $pdata$??$?RV<lambda_99476a1ad63dd22509b5d3e65b0ffc95>@@AEAV<lambda_ad1ced32f4ac17aa236e5ef05d6b3b7c>@@V<lambda_f7424dd8d45958661754dc4f2697e9c3>@@@?$__crt_seh_guarded_call@X@@QEAAX$$QEAV<lambda_99476a1ad63dd22509b5d3e65b0ffc95>@@AEAV<lambda_ad1ced32f4ac17aa236e5ef05d6b3b7c>@@$$QEAV<lambda_f7424dd8d45958661754dc4f2697e9c3>@@@Z 00000001800339e0     libucrt:mbctype.obj
 0004:000019ec       $pdata$?x_ismbbtype_l@@YAHPEAU__crt_locale_pointers@@IHH@Z 00000001800339ec     libucrt:ismbbyte.obj
 0004:000019f8       $pdata$__acrt_initialize_command_line 00000001800339f8     libucrt:argv_data.obj
 0004:00001a04       $pdata$__dcrt_get_narrow_environment_from_os 0000000180033a04     libucrt:get_environment_from_os.obj
 0004:00001a10       $pdata$__acrt_initialize_heap 0000000180033a10     libucrt:heap_handle.obj
 0004:00001a1c       $pdata$__acrt_execute_initializers 0000000180033a1c     libucrt:shared_initialization.obj
 0004:00001a28       $pdata$__acrt_execute_uninitializers 0000000180033a28     libucrt:shared_initialization.obj
 0004:00001a34       $pdata$__acrt_get_sigabrt_handler 0000000180033a34     libucrt:signal.obj
 0004:00001a40       $pdata$raise               0000000180033a40     libucrt:signal.obj
 0004:00001a4c       $pdata$raise$fin$0         0000000180033a4c     libucrt:signal.obj
 0004:00001a58       $pdata$??$?RV<lambda_c36588078e9f5dfd39652860aa6b3aaf>@@AEAV<lambda_ec61778202f4f5fc7e7711acc23c3bca>@@V<lambda_dc9d2797ccde5d239b4a0efae8ebd7db>@@@?$__crt_seh_guarded_call@P6AXH@Z@@QEAAP6AXH@Z$$QEAV<lambda_c36588078e9f5dfd39652860aa6b3aaf>@@AEAV<lambda_ec61778202f4f5fc7e7711acc23c3bca>@@$$QEAV<lambda_dc9d2797ccde5d239b4a0efae8ebd7db>@@@Z 0000000180033a58     libucrt:signal.obj
 0004:00001a64       $pdata$__acrt_invoke_user_matherr 0000000180033a64     libucrt:matherr.obj
 0004:00001a70       $pdata$__pctype_func       0000000180033a70     libucrt:ctype.obj
 0004:00001a7c       $pdata$iswctype            0000000180033a7c     libucrt:iswctype.obj
 0004:00001a88       $pdata$_isctype_l          0000000180033a88     libucrt:isctype.obj
 0004:00001a94       $pdata$__acrt_release_locale_ref 0000000180033a94     libucrt:locale_refcounting.obj
 0004:00001aa0       $pdata$__acrt_free_locale  0000000180033aa0     libucrt:locale_refcounting.obj
 0004:00001aac       $pdata$__acrt_locale_free_lc_time_if_unreferenced 0000000180033aac     libucrt:locale_refcounting.obj
 0004:00001ab8       $pdata$__acrt_update_thread_locale_data 0000000180033ab8     libucrt:locale_refcounting.obj
 0004:00001ac4       $pdata$_updatetlocinfoEx_nolock 0000000180033ac4     libucrt:locale_refcounting.obj
 0004:00001ad0       $pdata$__acrt_DownlevelLocaleNameToLCID 0000000180033ad0     libucrt:lcidtoname_downlevel.obj
 0004:00001adc       $pdata$?GetTableIndexFromLocaleName@@YAHPEB_W@Z 0000000180033adc     libucrt:lcidtoname_downlevel.obj
 0004:00001ae8       $pdata$_isleadbyte_l       0000000180033ae8     libucrt:_wctype.obj
 0004:00001af4       $pdata$__acrt_LCMapStringA 0000000180033af4     libucrt:lcmapstringa.obj
 0004:00001b00       $pdata$?__acrt_LCMapStringA_stat@@YAHPEAU__crt_locale_pointers@@PEB_WKPEBDHPEADHHH@Z 0000000180033b00     libucrt:lcmapstringa.obj
 0004:00001b0c       $pdata$__acrt_fp_strflt_to_string 0000000180033b0c     libucrt:_fptostr.obj
 0004:00001b18       $pdata$memcpy_s            0000000180033b18     libucrt:cfout.obj
 0004:00001b24       $pdata$__acrt_fltout       0000000180033b24     libucrt:cfout.obj
 0004:00001b30       $pdata$?divide@__crt_strtox@@YA_KAEAUbig_integer@1@AEBU21@@Z 0000000180033b30     libucrt:cfout.obj
 0004:00001b3c       $pdata$5$?divide@__crt_strtox@@YA_KAEAUbig_integer@1@AEBU21@@Z 0000000180033b3c     libucrt:cfout.obj
 0004:00001b48       $pdata$6$?divide@__crt_strtox@@YA_KAEAUbig_integer@1@AEBU21@@Z 0000000180033b48     libucrt:cfout.obj
 0004:00001b54       $pdata$_fcloseall          0000000180033b54     libucrt:closeall.obj
 0004:00001b60       $pdata$_fcloseall$fin$0    0000000180033b60     libucrt:closeall.obj
 0004:00001b6c       $pdata$_fflush_nolock      0000000180033b6c     libucrt:fflush.obj
 0004:00001b78       $pdata$__acrt_stdio_flush_nolock 0000000180033b78     libucrt:fflush.obj
 0004:00001b84       $pdata$common_flush_all    0000000180033b84     libucrt:fflush.obj
 0004:00001b90       $pdata$common_flush_all$fin$0 0000000180033b90     libucrt:fflush.obj
 0004:00001b9c       $pdata$common_flush_all$fin$1 0000000180033b9c     libucrt:fflush.obj
 0004:00001ba8       $pdata$__acrt_stdio_free_buffer_nolock 0000000180033ba8     libucrt:_freebuf.obj
 0004:00001bb4       $pdata$_isatty             0000000180033bb4     libucrt:isatty.obj
 0004:00001bc0       $pdata$__acrt_locale_free_monetary 0000000180033bc0     libucrt:initmon.obj
 0004:00001bcc       $pdata$__acrt_locale_free_numeric 0000000180033bcc     libucrt:initnum.obj
 0004:00001bd8       $pdata$__acrt_locale_free_time 0000000180033bd8     libucrt:inittime.obj
 0004:00001be4       $pdata$?free_crt_array_internal@@YAXQEAPEBX_K@Z 0000000180033be4     libucrt:inittime.obj
 0004:00001bf0       $pdata$__acrt_GetStringTypeA 0000000180033bf0     libucrt:getstringtypea.obj
 0004:00001bfc       $pdata$_get_osfhandle      0000000180033bfc     libucrt:osfinfo.obj
 0004:00001c08       $pdata$_free_osfhnd        0000000180033c08     libucrt:osfinfo.obj
 0004:00001c14       $pdata$__acrt_lowio_create_handle_array 0000000180033c14     libucrt:osfinfo.obj
 0004:00001c20       $pdata$__acrt_lowio_destroy_handle_array 0000000180033c20     libucrt:osfinfo.obj
 0004:00001c2c       $pdata$__acrt_lowio_ensure_fh_exists 0000000180033c2c     libucrt:osfinfo.obj
 0004:00001c38       $pdata$qsort               0000000180033c38     libucrt:qsort.obj
 0004:00001c44       $pdata$4$qsort             0000000180033c44     libucrt:qsort.obj
 0004:00001c50       $pdata$5$qsort             0000000180033c50     libucrt:qsort.obj
 0004:00001c5c       $pdata$?shortsort@@YAXPEAD0_KP6AHPEBX2@Z@Z 0000000180033c5c     libucrt:qsort.obj
 0004:00001c68       $pdata$2$?shortsort@@YAXPEAD0_KP6AHPEBX2@Z@Z 0000000180033c68     libucrt:qsort.obj
 0004:00001c74       $pdata$3$?shortsort@@YAXPEAD0_KP6AHPEBX2@Z@Z 0000000180033c74     libucrt:qsort.obj
 0004:00001c80       $pdata$strncpy_s           0000000180033c80     libucrt:strncpy_s.obj
 0004:00001c8c       $pdata$strpbrk             0000000180033c8c     libucrt:strpbrk.obj
 0004:00001c98       $pdata$_mbsdec_l           0000000180033c98     libucrt:mbsdec.obj
 0004:00001ca4       $pdata$?initialize_multibyte@@YAHXZ 0000000180033ca4     libucrt:multibyte_initializer.obj
 0004:00001cb0       $pdata$fegetenv            0000000180033cb0     libucrt:fegetenv.obj
 0004:00001cbc       $pdata$fesetenv            0000000180033cbc     libucrt:fesetenv.obj
 0004:00001cc8       $pdata$feholdexcept        0000000180033cc8     libucrt:feholdexcept.obj
 0004:00001ce0       $pdata$_write              0000000180033ce0     libucrt:write.obj
 0004:00001cec       $pdata$_write$fin$0        0000000180033cec     libucrt:write.obj
 0004:00001cf8       $pdata$_write_nolock       0000000180033cf8     libucrt:write.obj
 0004:00001d04       $pdata$?write_double_translated_ansi_nolock@@YA?AUwrite_result@?A0x9c548279@@HQEBDI@Z 0000000180033d04     libucrt:write.obj
 0004:00001d10       $pdata$?write_text_ansi_nolock@@YA?AUwrite_result@?A0x9c548279@@HQEBDI@Z 0000000180033d10     libucrt:write.obj
 0004:00001d1c       $pdata$?write_text_utf16le_nolock@@YA?AUwrite_result@?A0x9c548279@@HQEBDI@Z 0000000180033d1c     libucrt:write.obj
 0004:00001d28       $pdata$?write_text_utf8_nolock@@YA?AUwrite_result@?A0x9c548279@@HQEBDI@Z 0000000180033d28     libucrt:write.obj
 0004:00001d34       $pdata$??$common_lseek_nolock@_J@@YA_JH_JH@Z 0000000180033d34     libucrt:lseek.obj
 0004:00001d40       $pdata$fclose              0000000180033d40     libucrt:fclose.obj
 0004:00001d4c       $pdata$fclose$fin$0        0000000180033d4c     libucrt:fclose.obj
 0004:00001d58       $pdata$_fclose_nolock      0000000180033d58     libucrt:fclose.obj
 0004:00001d64       $pdata$_commit             0000000180033d64     libucrt:commit.obj
 0004:00001d70       $pdata$??$?RV<lambda_b521505b218e5242e90febf6bfebc422>@@AEAV<lambda_6978c1fb23f02e42e1d9e99668cc68aa>@@V<lambda_314360699dd331753a4119843814e9a7>@@@?$__crt_seh_guarded_call@H@@QEAAH$$QEAV<lambda_b521505b218e5242e90febf6bfebc422>@@AEAV<lambda_6978c1fb23f02e42e1d9e99668cc68aa>@@$$QEAV<lambda_314360699dd331753a4119843814e9a7>@@@Z 0000000180033d70     libucrt:commit.obj
 0004:00001d7c       $pdata$?fin$0@?0???$?RV<lambda_b521505b218e5242e90febf6bfebc422>@@AEAV<lambda_6978c1fb23f02e42e1d9e99668cc68aa>@@V<lambda_314360699dd331753a4119843814e9a7>@@@?$__crt_seh_guarded_call@H@@QEAAH$$QEAV<lambda_b521505b218e5242e90febf6bfebc422>@@AEAV<lambda_6978c1fb23f02e42e1d9e99668cc68aa>@@$$QEAV<lambda_314360699dd331753a4119843814e9a7>@@@Z@4HA 0000000180033d7c     libucrt:commit.obj
 0004:00001d7c       $pdata$?fin$0@?0???$?RV<lambda_bfedae4ebbf01fab1bb6dcc6a9e276e0>@@AEAV<lambda_2fe9b910cf3cbf4a0ab98a02ba45b3ec>@@V<lambda_237c231691f317818eb88cc1d5d642d6>@@@?$__crt_seh_guarded_call@H@@QEAAH$$QEAV<lambda_bfedae4ebbf01fab1bb6dcc6a9e276e0>@@AEAV<lambda_2fe9b910cf3cbf4a0ab98a02ba45b3ec>@@$$QEAV<lambda_237c231691f317818eb88cc1d5d642d6>@@@Z@4HA 0000000180033d7c     libucrt:close.obj
 0004:00001d88       $pdata$_setfpstatusword    0000000180033d88     libucrt:_fenvutils.obj
 0004:00001d94       $pdata$_getfpcontrolword   0000000180033d94     libucrt:_fenvutils.obj
 0004:00001da0       $pdata$_getfpstatusword    0000000180033da0     libucrt:_fenvutils.obj
 0004:00001dac       $pdata$_clearfp            0000000180033dac     libucrt:ieee.obj
 0004:00001db8       $pdata$common_control87    0000000180033db8     libucrt:ieee.obj
 0004:00001dc4       $pdata$common_control87$filt$0 0000000180033dc4     libucrt:ieee.obj
 0004:00001dc4       $pdata$_ctrlfp$filt$0      0000000180033dc4     libucrt:fpctrl.obj
 0004:00001dd0       $pdata$_call_matherr       0000000180033dd0     libucrt:libm_error.obj
 0004:00001ddc       $pdata$_exception_enabled  0000000180033ddc     libucrt:libm_error.obj
 0004:00001de8       $pdata$_handle_error       0000000180033de8     libucrt:libm_error.obj
 0004:00001df4       $pdata$__acrt_initialize_fma3 0000000180033df4     libucrt:fma3_available.obj
 0004:00001e00       $pdata$_log_special_common 0000000180033e00     libucrt:log_special.obj
 0004:00001e0c       $pdata$_log10_special      0000000180033e0c     libucrt:log_special.obj
 0004:00001e18       $pdata$_putwch_nolock      0000000180033e18     libucrt:putwch.obj
 0004:00001e24       $pdata$_close              0000000180033e24     libucrt:close.obj
 0004:00001e30       $pdata$_close_nolock       0000000180033e30     libucrt:close.obj
 0004:00001e3c       $pdata$??$?RV<lambda_bfedae4ebbf01fab1bb6dcc6a9e276e0>@@AEAV<lambda_2fe9b910cf3cbf4a0ab98a02ba45b3ec>@@V<lambda_237c231691f317818eb88cc1d5d642d6>@@@?$__crt_seh_guarded_call@H@@QEAAH$$QEAV<lambda_bfedae4ebbf01fab1bb6dcc6a9e276e0>@@AEAV<lambda_2fe9b910cf3cbf4a0ab98a02ba45b3ec>@@$$QEAV<lambda_237c231691f317818eb88cc1d5d642d6>@@@Z 0000000180033e3c     libucrt:close.obj
 0004:00001e54       $pdata$_set_errno_from_matherr 0000000180033e54     libucrt:fpexcept.obj
 0004:00001e60       $pdata$_raise_exc          0000000180033e60     libucrt:fpexcept.obj
 0004:00001e6c       $pdata$_raise_exc_ex       0000000180033e6c     libucrt:fpexcept.obj
 0004:00001e78       $pdata$_clrfp              0000000180033e78     libucrt:fpctrl.obj
 0004:00001e84       $pdata$_ctrlfp             0000000180033e84     libucrt:fpctrl.obj
 0004:00001e90       $pdata$_statfp             0000000180033e90     libucrt:fpctrl.obj
 0004:00001e9c       $pdata$_set_statfp         0000000180033e9c     libucrt:fpctrl.obj
 0004:00001ea8       $pdata$__dcrt_lowio_initialize_console_output 0000000180033ea8     libucrt:initcon.obj
 0004:00001eb4       $pdata$__dcrt_terminate_console_output 0000000180033eb4     libucrt:initcon.obj
 0004:00001ec0       $pdata$_IsNonwritableInCurrentImage 0000000180033ec0     LIBCMT:pesect.obj
 0004:00001ecc       $pdata$_IsNonwritableInCurrentImage$filt$0 0000000180033ecc     LIBCMT:pesect.obj
 0004:00001ed8       $pdata$strrchr             0000000180033ed8     libvcruntime:strrchr.obj
 0005:00000220       $R000000                   0000000180034220     Belt.res
 0005:00000b70       $R000950                   0000000180034b70     Belt.res
 0005:00000c58       $R000A38                   0000000180034c58     Belt.res
 0005:00000ec0       $R000CA0                   0000000180034ec0     Belt.res
 0005:00001360       $R001140                   0000000180035360     Belt.res
 0005:000044e8       $R0042C8                   00000001800384e8     Belt.res
 0005:00004510       $R0042F0                   0000000180038510     Belt.res
