 OPOSFiscalPrinter

 Timestamp is 5c43fddf (Sun Jan 20 13:49:35 2019)

 Preferred load address is 0000000180000000

 Start         Length     Name                   Class
 0001:00000000 000000c0H .text$di                CODE
 0001:000000c0 00022e60H .text$mn                CODE
 0001:00022f20 00000020H .text$mn$00             CODE
 0001:00022f40 00000410H .text$x                 CODE
 0001:00023350 000000c0H .text$yd                CODE
 0002:00000000 00000620H .idata$5                DATA
 0002:00000620 00000010H .00cfg                  DATA
 0002:00000630 00000008H .CRT$XCA                DATA
 0002:00000638 00000008H .CRT$XCL                DATA
 0002:00000640 00000020H .CRT$XCU                DATA
 0002:00000660 00000008H .CRT$XCZ                DATA
 0002:00000668 00000008H .CRT$XIA                DATA
 0002:00000670 00000020H .CRT$XIC                DATA
 0002:00000690 00000008H .CRT$XIZ                DATA
 0002:00000698 00000008H .CRT$XLA                DATA
 0002:000006a0 00000008H .CRT$XLZ                DATA
 0002:000006a8 00000008H .CRT$XPA                DATA
 0002:000006b0 00000010H .CRT$XPX                DATA
 0002:000006c0 00000008H .CRT$XPXA               DATA
 0002:000006c8 00000008H .CRT$XPZ                DATA
 0002:000006d0 00000008H .CRT$XTA                DATA
 0002:000006d8 00000008H .CRT$XTZ                DATA
 0002:000006e0 00000000H .gfids$x                DATA
 0002:000006e0 00000000H .gfids$y                DATA
 0002:000006e0 0000b020H .rdata                  DATA
 0002:0000b700 00000028H .rdata$T                DATA
 0002:0000b728 00000274H .rdata$r                DATA
 0002:0000b99c 000003fcH .rdata$zzzdbg           DATA
 0002:0000bd98 00000008H .rtc$IAA                DATA
 0002:0000bda0 00000008H .rtc$IZZ                DATA
 0002:0000bda8 00000008H .rtc$TAA                DATA
 0002:0000bdb0 00000008H .rtc$TZZ                DATA
 0002:0000bdb8 00000004H .tls                    DATA
 0002:0000bdbc 00000004H .tls$                   DATA
 0002:0000bdc0 00000008H .tls$ZZZ                DATA
 0002:0000bdc8 00001708H .xdata                  DATA
 0002:0000d4d0 00000150H .xdata$x                DATA
 0002:0000d620 00000008H ATL$__a                 DATA
 0002:0000d628 00000008H ATL$__z                 DATA
 0002:0000d630 000000b0H .edata                  DATA
 0002:0000d6e0 00000078H .idata$2                DATA
 0002:0000d758 00000018H .idata$3                DATA
 0002:0000d770 00000620H .idata$4                DATA
 0002:0000dd90 00000c3aH .idata$6                DATA
 0003:00000000 00000e68H .data                   DATA
 0003:00000e68 000000c8H .data$r                 DATA
 0003:00000f30 000013d4H .bss                    DATA
 0004:00000000 0000246cH .pdata                  DATA
 0005:00000000 00000220H .rsrc$01                DATA
 0005:00000220 000097f8H .rsrc$02                DATA

  Address         Publics by Value              Rva+Base               Lib:Object

 0000:00000000       __guard_fids_count         0000000000000000     <absolute>
 0000:00000000       __guard_longjmp_count      0000000000000000     <absolute>
 0000:00000000       __guard_longjmp_table      0000000000000000     <absolute>
 0000:00000000       __hybrid_code_map          0000000000000000     <absolute>
 0000:00000000       __guard_iat_count          0000000000000000     <absolute>
 0000:00000000       __guard_iat_table          0000000000000000     <absolute>
 0000:00000000       __volatile_metadata        0000000000000000     <absolute>
 0000:00000000       __hybrid_code_map_count    0000000000000000     <absolute>
 0000:00000000       __enclave_config           0000000000000000     <absolute>
 0000:00000000       ___safe_se_handler_count   0000000000000000     <absolute>
 0000:00000000       ___safe_se_handler_table   0000000000000000     <absolute>
 0000:00000000       __guard_fids_table         0000000000000000     <absolute>
 0000:00000000       __hybrid_auxiliary_iat     0000000000000000     <absolute>
 0000:00000000       __dynamic_value_reloc_table 0000000000000000     <absolute>
 0000:00000100       __guard_flags              0000000000000100     <absolute>
 0000:00000000       __ImageBase                0000000180000000     <linker-defined>
 0001:000000c0       ?DupWide@_CW@@AEAAXXZ      00000001800010c0 f   CWString.obj
 0001:000000e8       ?cw_dup@@YAXPEBDAEAHAEAPEA_W1@Z 00000001800010e8 f   CWString.obj
 0001:00000194       ?cw_memcpy@@YAHPEA_WPEBDH@Z 0000000180001194 f   CWString.obj
 0001:000001e0       ?cw_strcpy@@YAHPEA_WPEBD@Z 00000001800011e0 f   CWString.obj
 0001:000001f4       ??0CAtlComModule@ATL@@QEAA@XZ 00000001800011f4 f i OposVariant.obj
 0001:0000027c       ??0CAtlWinModule@ATL@@QEAA@XZ 000000018000127c f i OposVariant.obj
 0001:000002f4       ??0OposDispParms@@QEAA@PEAVOposVariant@@H@Z 00000001800012f4 f   OposVariant.obj
 0001:0000039c       ??1OposDispParms@@QEAA@XZ  000000018000139c f   OposVariant.obj
 0001:000003b4       ??_Estringdispid@CComTypeInfoHolder@ATL@@QEAAPEAXI@Z 00000001800013b4 f i OposVariant.obj
 0001:00000458       ?AtlWinModuleTerm@ATL@@YAJPEAU_ATL_WIN_MODULE70@1@PEAUHINSTANCE__@@@Z 0000000180001458 f i OposVariant.obj
 0001:00000508       ?ChangeBSTR@OposVariant@@QEAAXPEAPEA_WAEAJ@Z 0000000180001508 f   OposVariant.obj
 0001:00000568       ?ChangeLONG@OposVariant@@QEAAXPEAJAEAJ@Z 0000000180001568 f   OposVariant.obj
 0001:000005c4       ?GetLONG@OposVariant@@QEAAJXZ 00000001800015c4 f   OposVariant.obj
 0001:000005e8       ?SetBSTR@OposVariant@@QEAAXPEA_WAEAJ@Z 00000001800015e8 f   OposVariant.obj
 0001:00000628       ?SetBSTR_Copy@OposVariant@@QEAAXPEA_WAEAJ@Z 0000000180001628 f   OposVariant.obj
 0001:00000698       ?SetBSTR_InOutPtr@OposVariant@@QEAA_NPEAPEA_WAEAJ@Z 0000000180001698 f   OposVariant.obj
 0001:000006e8       ?SetBSTR_OutPtr@OposVariant@@QEAA_NPEAPEA_WAEAJ@Z 00000001800016e8 f   OposVariant.obj
 0001:00000704       ?SetCURRENCY@OposVariant@@QEAAXTtagCY@@@Z 0000000180001704 f   OposVariant.obj
 0001:00000738       ?SetDispatch_Ptr@OposVariant@@QEAAXPEAUIDispatch@@AEAJ@Z 0000000180001738 f   OposVariant.obj
 0001:00000790       ?SetLONG@OposVariant@@QEAAXJ@Z 0000000180001790 f   OposVariant.obj
 0001:000007c0       ?SetLONG_Ptr@OposVariant@@QEAAXPEAJAEAJ@Z 00000001800017c0 f   OposVariant.obj
 0001:0000080c       ?SetString@OposVariant@@QEAAXPEB_WAEAJ@Z 000000018000180c f   OposVariant.obj
 0001:00000870       ?SetVARIANT_BOOL@OposVariant@@QEAAXF@Z 0000000180001870 f   OposVariant.obj
 0001:000008a8       ?Term@CAtlComModule@ATL@@QEAAXXZ 00000001800018a8 f i OposVariant.obj
 0001:00000918       ?_AtlInitializeCriticalSectionEx@ATL@@YAHPEAU_RTL_CRITICAL_SECTION@@KK@Z 0000000180001918 f i OposVariant.obj
 0001:00000920       ?_AtlRaiseException@ATL@@YAXKK@Z 0000000180001920 f i OposVariant.obj
 0001:00000930       ?Next@?$CComEnumImpl@UIEnumConnectionPoints@@$1?_GUID_b196b285_bab4_101a_b69c_00aa00341d07@@3U__s_GUID@@BPEAUIConnectionPoint@@V?$_CopyInterface@UIConnectionPoint@@@ATL@@@ATL@@UEAAJKPEAPEAUIConnectionPoint@@PEAK@Z 0000000180001930 f i FiscalPrinter.obj
 0001:000009fc       ?Skip@?$CComEnumImpl@UIEnumConnectionPoints@@$1?_GUID_b196b285_bab4_101a_b69c_00aa00341d07@@3U__s_GUID@@BPEAUIConnectionPoint@@V?$_CopyInterface@UIConnectionPoint@@@ATL@@@ATL@@UEAAJK@Z 00000001800019fc f i FiscalPrinter.obj
 0001:00000a28       ?Reset@?$CComEnumImpl@UIEnumConnectionPoints@@$1?_GUID_b196b285_bab4_101a_b69c_00aa00341d07@@3U__s_GUID@@BPEAUIConnectionPoint@@V?$_CopyInterface@UIConnectionPoint@@@ATL@@@ATL@@UEAAJXZ 0000000180001a28 f i FiscalPrinter.obj
 0001:00000a28       ?Reset@?$CComEnumImpl@UIEnumConnections@@$1?_GUID_b196b287_bab4_101a_b69c_00aa00341d07@@3U__s_GUID@@BUtagCONNECTDATA@@V?$_Copy@UtagCONNECTDATA@@@ATL@@@ATL@@UEAAJXZ 0000000180001a28 f i FiscalPrinter.obj
 0001:00000a34       ?Clone@?$CComEnumImpl@UIEnumConnectionPoints@@$1?_GUID_b196b285_bab4_101a_b69c_00aa00341d07@@3U__s_GUID@@BPEAUIConnectionPoint@@V?$_CopyInterface@UIConnectionPoint@@@ATL@@@ATL@@UEAAJPEAPEAUIEnumConnectionPoints@@@Z 0000000180001a34 f i FiscalPrinter.obj
 0001:00000b5c       ?AddRef@?$CComObject@V?$CComEnum@UIEnumConnectionPoints@@$1?_GUID_b196b285_bab4_101a_b69c_00aa00341d07@@3U__s_GUID@@BPEAUIConnectionPoint@@V?$_CopyInterface@UIConnectionPoint@@@ATL@@VCComSingleThreadModel@6@@ATL@@@ATL@@UEAAKXZ 0000000180001b5c f i FiscalPrinter.obj
 0001:00000b5c       ?AddRef@?$CComObject@V?$CComEnum@UIEnumConnections@@$1?_GUID_b196b287_bab4_101a_b69c_00aa00341d07@@3U__s_GUID@@BUtagCONNECTDATA@@V?$_Copy@UtagCONNECTDATA@@@ATL@@VCComSingleThreadModel@6@@ATL@@@ATL@@UEAAKXZ 0000000180001b5c f i FiscalPrinter.obj
 0001:00000b68       ?Release@?$CComObject@V?$CComEnum@UIEnumConnections@@$1?_GUID_b196b287_bab4_101a_b69c_00aa00341d07@@3U__s_GUID@@BUtagCONNECTDATA@@V?$_Copy@UtagCONNECTDATA@@@ATL@@VCComSingleThreadModel@6@@ATL@@@ATL@@UEAAKXZ 0000000180001b68 f i FiscalPrinter.obj
 0001:00000b68       ?Release@?$CComObject@V?$CComEnum@UIEnumConnectionPoints@@$1?_GUID_b196b285_bab4_101a_b69c_00aa00341d07@@3U__s_GUID@@BPEAUIConnectionPoint@@V?$_CopyInterface@UIConnectionPoint@@@ATL@@VCComSingleThreadModel@6@@ATL@@@ATL@@UEAAKXZ 0000000180001b68 f i FiscalPrinter.obj
 0001:00000bbc       ?QueryInterface@?$CComObject@V?$CComEnum@UIEnumConnectionPoints@@$1?_GUID_b196b285_bab4_101a_b69c_00aa00341d07@@3U__s_GUID@@BPEAUIConnectionPoint@@V?$_CopyInterface@UIConnectionPoint@@@ATL@@VCComSingleThreadModel@6@@ATL@@@ATL@@UEAAJAEBU_GUID@@PEAPEAX@Z 0000000180001bbc f i FiscalPrinter.obj
 0001:00000bd0       ??_E?$CComObject@V?$CComEnum@UIEnumConnectionPoints@@$1?_GUID_b196b285_bab4_101a_b69c_00aa00341d07@@3U__s_GUID@@BPEAUIConnectionPoint@@V?$_CopyInterface@UIConnectionPoint@@@ATL@@VCComSingleThreadModel@6@@ATL@@@ATL@@UEAAPEAXI@Z 0000000180001bd0 f i FiscalPrinter.obj
 0001:00000bd0       ??_G?$CComObject@V?$CComEnum@UIEnumConnectionPoints@@$1?_GUID_b196b285_bab4_101a_b69c_00aa00341d07@@3U__s_GUID@@BPEAUIConnectionPoint@@V?$_CopyInterface@UIConnectionPoint@@@ATL@@VCComSingleThreadModel@6@@ATL@@@ATL@@UEAAPEAXI@Z 0000000180001bd0 f i FiscalPrinter.obj
 0001:00000c28       ?ObjectMain@CComObjectRootBase@ATL@@SAX_N@Z 0000000180001c28 f i FiscalPrinter.obj
 0001:00000c28       _guard_check_icall_nop     0000000180001c28 f i LIBCMT:guard_support.obj
 0001:00000c28       ?OnFinalMessage@?$CWindowImplBaseT@VCWindow@ATL@@V?$CWinTraits@$0FGAAAAAA@$0A@@2@@ATL@@UEAAXPEAUHWND__@@@Z 0000000180001c28 f i FiscalPrinter.obj
 0001:00000c2c       ?SaveCompleted@?$IPersistStorageImpl@VCOPOSFiscalPrinter@@@ATL@@UEAAJPEAUIStorage@@@Z 0000000180001c2c f i FiscalPrinter.obj
 0001:00000c2c       ?ResizeBorder@?$IOleInPlaceActiveObjectImpl@VCOPOSFiscalPrinter@@@ATL@@UEAAJPEBUtagRECT@@PEAUIOleInPlaceUIWindow@@H@Z 0000000180001c2c f i FiscalPrinter.obj
 0001:00000c2c       ?IsUpToDate@?$IOleObjectImpl@VCOPOSFiscalPrinter@@@ATL@@UEAAJXZ 0000000180001c2c f i FiscalPrinter.obj
 0001:00000c2c       ?OnAmbientPropertyChange@?$IOleControlImpl@VCOPOSFiscalPrinter@@@ATL@@UEAAJJ@Z 0000000180001c2c f i FiscalPrinter.obj
 0001:00000c2c       ?Update@?$IOleObjectImpl@VCOPOSFiscalPrinter@@@ATL@@UEAAJXZ 0000000180001c2c f i FiscalPrinter.obj
 0001:00000c2c       ?OnFrameWindowActivate@?$IOleInPlaceActiveObjectImpl@VCOPOSFiscalPrinter@@@ATL@@UEAAJH@Z 0000000180001c2c f i FiscalPrinter.obj
 0001:00000c2c       ?EnableModeless@?$IOleInPlaceActiveObjectImpl@VCOPOSFiscalPrinter@@@ATL@@UEAAJH@Z 0000000180001c2c f i FiscalPrinter.obj
 0001:00000c2c       ?SetHostNames@?$IOleObjectImpl@VCOPOSFiscalPrinter@@@ATL@@UEAAJPEB_W0@Z 0000000180001c2c f i FiscalPrinter.obj
 0001:00000c2c       ?GetObjectDescription@?$CComCoClass@VCOPOSFiscalPrinter@@$1?CLSID_OPOSFiscalPrinter@@3U_GUID@@B@ATL@@SAPEB_WXZ 0000000180001c2c f i FiscalPrinter.obj
 0001:00000c2c       ?HandsOffStorage@?$IPersistStorageImpl@VCOPOSFiscalPrinter@@@ATL@@UEAAJXZ 0000000180001c2c f i FiscalPrinter.obj
 0001:00000c2c       ?Release@CRegObject@ATL@@UEAAKXZ 0000000180001c2c f i FiscalPrinter.obj
 0001:00000c2c       ?GetCategoryMap@CComObjectRootBase@ATL@@SAPEBU_ATL_CATMAP_ENTRY@2@XZ 0000000180001c2c f i FiscalPrinter.obj
 0001:00000c30       ?OnDrawAdvanced@CComControlBase@ATL@@UEAAJAEAUATL_DRAWINFO@@@Z 0000000180001c30 f i FiscalPrinter.obj
 0001:00000d50       ?AddRef@?$CComObjectCached@VCComClassFactory@ATL@@@ATL@@UEAAKXZ 0000000180001d50 f i FiscalPrinter.obj
 0001:00000d7c       ?Release@?$CComObjectCached@VCComClassFactory@ATL@@@ATL@@UEAAKXZ 0000000180001d7c f i FiscalPrinter.obj
 0001:00000dbc       ?QueryInterface@?$CComObjectCached@VCComClassFactory@ATL@@@ATL@@UEAAJAEBU_GUID@@PEAPEAX@Z 0000000180001dbc f i FiscalPrinter.obj
 0001:00000dd0       ??_E?$CComObjectCached@VCComClassFactory@ATL@@@ATL@@UEAAPEAXI@Z 0000000180001dd0 f i FiscalPrinter.obj
 0001:00000dd0       ??_G?$CComObjectCached@VCComClassFactory@ATL@@@ATL@@UEAAPEAXI@Z 0000000180001dd0 f i FiscalPrinter.obj
 0001:00000e28       ?CreateInstance@CComClassFactory@ATL@@UEAAJPEAUIUnknown@@AEBU_GUID@@PEAPEAX@Z 0000000180001e28 f i FiscalPrinter.obj
 0001:00000e88       ?LockServer@CComClassFactory@ATL@@UEAAJH@Z 0000000180001e88 f i FiscalPrinter.obj
 0001:00000eac       ??_ECComClassFactory@ATL@@UEAAPEAXI@Z 0000000180001eac f i FiscalPrinter.obj
 0001:00000eac       ??_GCComClassFactory@ATL@@UEAAPEAXI@Z 0000000180001eac f i FiscalPrinter.obj
 0001:00000efc       ?AddRef@?$CComAggObject@VCOPOSFiscalPrinter@@@ATL@@UEAAKXZ 0000000180001efc f i FiscalPrinter.obj
 0001:00000f08       ?Release@?$CComAggObject@VCOPOSFiscalPrinter@@@ATL@@UEAAKXZ 0000000180001f08 f i FiscalPrinter.obj
 0001:00000f5c       ?QueryInterface@?$CComAggObject@VCOPOSFiscalPrinter@@@ATL@@UEAAJAEBU_GUID@@PEAPEAX@Z 0000000180001f5c f i FiscalPrinter.obj
 0001:00000fbc       ?AddRef@?$CComContainedObject@VCOPOSFiscalPrinter@@@ATL@@UEAAKXZ 0000000180001fbc f i FiscalPrinter.obj
 0001:00000fcc       ?Release@?$CComContainedObject@VCOPOSFiscalPrinter@@@ATL@@UEAAKXZ 0000000180001fcc f i FiscalPrinter.obj
 0001:00000fdc       ?QueryInterface@?$CComContainedObject@VCOPOSFiscalPrinter@@@ATL@@UEAAJAEBU_GUID@@PEAPEAX@Z 0000000180001fdc f i FiscalPrinter.obj
 0001:00000fec       ??_E?$CComAggObject@VCOPOSFiscalPrinter@@@ATL@@UEAAPEAXI@Z 0000000180001fec f i FiscalPrinter.obj
 0001:00000fec       ??_G?$CComAggObject@VCOPOSFiscalPrinter@@@ATL@@UEAAPEAXI@Z 0000000180001fec f i FiscalPrinter.obj
 0001:00001044       ?AddRef@?$CComObject@VCOPOSFiscalPrinter@@@ATL@@UEAAKXZ 0000000180002044 f i FiscalPrinter.obj
 0001:00001054       ?Release@?$CComObject@VCOPOSFiscalPrinter@@@ATL@@UEAAKXZ 0000000180002054 f i FiscalPrinter.obj
 0001:000010ac       ?QueryInterface@?$CComObject@VCOPOSFiscalPrinter@@@ATL@@UEAAJAEBU_GUID@@PEAPEAX@Z 00000001800020ac f i FiscalPrinter.obj
 0001:000010c0       ?Lock@CAtlModule@ATL@@UEAAJXZ 00000001800020c0 f i FiscalPrinter.obj
 0001:000010d0       ?Unlock@CAtlModule@ATL@@UEAAJXZ 00000001800020d0 f i FiscalPrinter.obj
 0001:000010dc       ?GetLockCount@CAtlModule@ATL@@UEAAJXZ 00000001800020dc f i FiscalPrinter.obj
 0001:000010e0       ?GetGITPtr@CAtlModule@ATL@@UEAAJPEAPEAUIGlobalInterfaceTable@@@Z 00000001800020e0 f i FiscalPrinter.obj
 0001:00001150       ?Next@?$CComEnumImpl@UIEnumConnections@@$1?_GUID_b196b287_bab4_101a_b69c_00aa00341d07@@3U__s_GUID@@BUtagCONNECTDATA@@V?$_Copy@UtagCONNECTDATA@@@ATL@@@ATL@@UEAAJKPEAUtagCONNECTDATA@@PEAK@Z 0000000180002150 f i FiscalPrinter.obj
 0001:00001224       ?Skip@?$CComEnumImpl@UIEnumConnections@@$1?_GUID_b196b287_bab4_101a_b69c_00aa00341d07@@3U__s_GUID@@BUtagCONNECTDATA@@V?$_Copy@UtagCONNECTDATA@@@ATL@@@ATL@@UEAAJK@Z 0000000180002224 f i FiscalPrinter.obj
 0001:00001250       ?Clone@?$CComEnumImpl@UIEnumConnections@@$1?_GUID_b196b287_bab4_101a_b69c_00aa00341d07@@3U__s_GUID@@BUtagCONNECTDATA@@V?$_Copy@UtagCONNECTDATA@@@ATL@@@ATL@@UEAAJPEAPEAUIEnumConnections@@@Z 0000000180002250 f i FiscalPrinter.obj
 0001:00001378       ?AddCommonRGSReplacements@?$CAtlModuleT@VCComModule@ATL@@@ATL@@UEAAJPEAUIRegistrarBase@@@Z 0000000180002378 f i FiscalPrinter.obj
 0001:00001390       ?QueryInterface@?$CComObject@V?$CComEnum@UIEnumConnections@@$1?_GUID_b196b287_bab4_101a_b69c_00aa00341d07@@3U__s_GUID@@BUtagCONNECTDATA@@V?$_Copy@UtagCONNECTDATA@@@ATL@@VCComSingleThreadModel@6@@ATL@@@ATL@@UEAAJAEBU_GUID@@PEAPEAX@Z 0000000180002390 f i FiscalPrinter.obj
 0001:000013a4       ??_E?$CComObject@V?$CComEnum@UIEnumConnections@@$1?_GUID_b196b287_bab4_101a_b69c_00aa00341d07@@3U__s_GUID@@BUtagCONNECTDATA@@V?$_Copy@UtagCONNECTDATA@@@ATL@@VCComSingleThreadModel@6@@ATL@@@ATL@@UEAAPEAXI@Z 00000001800023a4 f i FiscalPrinter.obj
 0001:000013a4       ??_G?$CComObject@V?$CComEnum@UIEnumConnections@@$1?_GUID_b196b287_bab4_101a_b69c_00aa00341d07@@3U__s_GUID@@BUtagCONNECTDATA@@V?$_Copy@UtagCONNECTDATA@@@ATL@@VCComSingleThreadModel@6@@ATL@@@ATL@@UEAAPEAXI@Z 00000001800023a4 f i FiscalPrinter.obj
 0001:000013fc       ?GetWindowProc@?$CWindowImplBaseT@VCWindow@ATL@@V?$CWinTraits@$0FGAAAAAA@$0A@@2@@ATL@@UEAAP6A_JPEAUHWND__@@I_K_J@ZXZ 00000001800023fc f i FiscalPrinter.obj
 0001:00001404       ?StartWindowProc@?$CWindowImplBaseT@VCWindow@ATL@@V?$CWinTraits@$0FGAAAAAA@$0A@@2@@ATL@@SA_JPEAUHWND__@@I_K_J@Z 0000000180002404 f i FiscalPrinter.obj
 0001:000014c8       ?UpdateRegistryFromResourceD@CComModule@ATL@@UEAAJIHPEAU_ATL_REGMAP_ENTRY@2@@Z 00000001800024c8 f i FiscalPrinter.obj
 0001:000014c8       ?UpdateRegistryFromResourceD@CComModule@ATL@@UEAAJPEB_WHPEAU_ATL_REGMAP_ENTRY@2@@Z 00000001800024c8 f i FiscalPrinter.obj
 0001:000014d0       ?UpdateRegistryFromResource@CComModule@ATL@@UEAAJPEB_WHPEAU_ATL_REGMAP_ENTRY@2@@Z 00000001800024d0 f i FiscalPrinter.obj
 0001:000014d8       ?UpdateRegistryFromResource@CComModule@ATL@@UEAAJIHPEAU_ATL_REGMAP_ENTRY@2@@Z 00000001800024d8 f i FiscalPrinter.obj
 0001:000014e0       ??_GCComModule@ATL@@UEAAPEAXI@Z 00000001800024e0 f i FiscalPrinter.obj
 0001:000014e0       ??_ECComModule@ATL@@UEAAPEAXI@Z 00000001800024e0 f i FiscalPrinter.obj
 0001:00001560       ??_E?$CComObject@VCOPOSFiscalPrinter@@@ATL@@W7EAAPEAXI@Z 0000000180002560 f i FiscalPrinter.obj
 0001:0000156c       ??_E?$CComObject@VCOPOSFiscalPrinter@@@ATL@@WHA@EAAPEAXI@Z 000000018000256c f i FiscalPrinter.obj
 0001:00001578       ?QueryInterface@?$CComObject@VCOPOSFiscalPrinter@@@ATL@@WLI@EAAJAEBU_GUID@@PEAPEAX@Z 0000000180002578 f i FiscalPrinter.obj
 0001:00001584       ?AddRef@?$CComObject@VCOPOSFiscalPrinter@@@ATL@@WLI@EAAKXZ 0000000180002584 f i FiscalPrinter.obj
 0001:00001590       ?Release@?$CComObject@VCOPOSFiscalPrinter@@@ATL@@WLI@EAAKXZ 0000000180002590 f i FiscalPrinter.obj
 0001:0000159c       ?QueryInterface@?$CComObject@VCOPOSFiscalPrinter@@@ATL@@WMA@EAAJAEBU_GUID@@PEAPEAX@Z 000000018000259c f i FiscalPrinter.obj
 0001:000015a8       ?AddRef@?$CComObject@VCOPOSFiscalPrinter@@@ATL@@WMA@EAAKXZ 00000001800025a8 f i FiscalPrinter.obj
 0001:000015b4       ?Release@?$CComObject@VCOPOSFiscalPrinter@@@ATL@@WMA@EAAKXZ 00000001800025b4 f i FiscalPrinter.obj
 0001:000015c0       ?QueryInterface@?$CComObject@VCOPOSFiscalPrinter@@@ATL@@WMI@EAAJAEBU_GUID@@PEAPEAX@Z 00000001800025c0 f i FiscalPrinter.obj
 0001:000015cc       ?AddRef@?$CComObject@VCOPOSFiscalPrinter@@@ATL@@WMI@EAAKXZ 00000001800025cc f i FiscalPrinter.obj
 0001:000015d8       ?Release@?$CComObject@VCOPOSFiscalPrinter@@@ATL@@WMI@EAAKXZ 00000001800025d8 f i FiscalPrinter.obj
 0001:000015e4       ?QueryInterface@?$CComObject@VCOPOSFiscalPrinter@@@ATL@@WNA@EAAJAEBU_GUID@@PEAPEAX@Z 00000001800025e4 f i FiscalPrinter.obj
 0001:000015f0       ?AddRef@?$CComObject@VCOPOSFiscalPrinter@@@ATL@@WNA@EAAKXZ 00000001800025f0 f i FiscalPrinter.obj
 0001:000015fc       ?Release@?$CComObject@VCOPOSFiscalPrinter@@@ATL@@WNA@EAAKXZ 00000001800025fc f i FiscalPrinter.obj
 0001:00001608       ?QueryInterface@?$CComObject@VCOPOSFiscalPrinter@@@ATL@@WNI@EAAJAEBU_GUID@@PEAPEAX@Z 0000000180002608 f i FiscalPrinter.obj
 0001:00001614       ?AddRef@?$CComObject@VCOPOSFiscalPrinter@@@ATL@@WNI@EAAKXZ 0000000180002614 f i FiscalPrinter.obj
 0001:00001620       ?Release@?$CComObject@VCOPOSFiscalPrinter@@@ATL@@WNI@EAAKXZ 0000000180002620 f i FiscalPrinter.obj
 0001:0000162c       ?QueryInterface@?$CComObject@VCOPOSFiscalPrinter@@@ATL@@WOA@EAAJAEBU_GUID@@PEAPEAX@Z 000000018000262c f i FiscalPrinter.obj
 0001:00001638       ?AddRef@?$CComObject@VCOPOSFiscalPrinter@@@ATL@@WOA@EAAKXZ 0000000180002638 f i FiscalPrinter.obj
 0001:00001644       ?Release@?$CComObject@VCOPOSFiscalPrinter@@@ATL@@WOA@EAAKXZ 0000000180002644 f i FiscalPrinter.obj
 0001:00001650       ?QueryInterface@?$CComObject@VCOPOSFiscalPrinter@@@ATL@@WOI@EAAJAEBU_GUID@@PEAPEAX@Z 0000000180002650 f i FiscalPrinter.obj
 0001:0000165c       ?AddRef@?$CComObject@VCOPOSFiscalPrinter@@@ATL@@WOI@EAAKXZ 000000018000265c f i FiscalPrinter.obj
 0001:00001668       ?Release@?$CComObject@VCOPOSFiscalPrinter@@@ATL@@WOI@EAAKXZ 0000000180002668 f i FiscalPrinter.obj
 0001:00001674       ?QueryInterface@?$CComObject@VCOPOSFiscalPrinter@@@ATL@@WPA@EAAJAEBU_GUID@@PEAPEAX@Z 0000000180002674 f i FiscalPrinter.obj
 0001:00001680       ?AddRef@?$CComObject@VCOPOSFiscalPrinter@@@ATL@@WPA@EAAKXZ 0000000180002680 f i FiscalPrinter.obj
 0001:0000168c       ?Release@?$CComObject@VCOPOSFiscalPrinter@@@ATL@@WPA@EAAKXZ 000000018000268c f i FiscalPrinter.obj
 0001:00001698       ?QueryInterface@?$CComObject@VCOPOSFiscalPrinter@@@ATL@@WPI@EAAJAEBU_GUID@@PEAPEAX@Z 0000000180002698 f i FiscalPrinter.obj
 0001:000016a4       ?AddRef@?$CComObject@VCOPOSFiscalPrinter@@@ATL@@WPI@EAAKXZ 00000001800026a4 f i FiscalPrinter.obj
 0001:000016b0       ?Release@?$CComObject@VCOPOSFiscalPrinter@@@ATL@@WPI@EAAKXZ 00000001800026b0 f i FiscalPrinter.obj
 0001:000016bc       ?QueryInterface@?$CComObject@VCOPOSFiscalPrinter@@@ATL@@WBAA@EAAJAEBU_GUID@@PEAPEAX@Z 00000001800026bc f i FiscalPrinter.obj
 0001:000016c8       ?AddRef@?$CComObject@VCOPOSFiscalPrinter@@@ATL@@WBAA@EAAKXZ 00000001800026c8 f i FiscalPrinter.obj
 0001:000016d4       ?Release@?$CComObject@VCOPOSFiscalPrinter@@@ATL@@WBAA@EAAKXZ 00000001800026d4 f i FiscalPrinter.obj
 0001:000016e0       ?QueryInterface@?$CComObject@VCOPOSFiscalPrinter@@@ATL@@WBAI@EAAJAEBU_GUID@@PEAPEAX@Z 00000001800026e0 f i FiscalPrinter.obj
 0001:000016ec       ?AddRef@?$CComObject@VCOPOSFiscalPrinter@@@ATL@@WBAI@EAAKXZ 00000001800026ec f i FiscalPrinter.obj
 0001:000016f8       ?Release@?$CComObject@VCOPOSFiscalPrinter@@@ATL@@WBAI@EAAKXZ 00000001800026f8 f i FiscalPrinter.obj
 0001:00001704       ?QueryInterface@?$CComObject@VCOPOSFiscalPrinter@@@ATL@@WBBA@EAAJAEBU_GUID@@PEAPEAX@Z 0000000180002704 f i FiscalPrinter.obj
 0001:00001710       ?AddRef@?$CComObject@VCOPOSFiscalPrinter@@@ATL@@WBBA@EAAKXZ 0000000180002710 f i FiscalPrinter.obj
 0001:0000171c       ?Release@?$CComObject@VCOPOSFiscalPrinter@@@ATL@@WBBA@EAAKXZ 000000018000271c f i FiscalPrinter.obj
 0001:00001728       ?QueryInterface@?$CComObject@VCOPOSFiscalPrinter@@@ATL@@WBBI@EAAJAEBU_GUID@@PEAPEAX@Z 0000000180002728 f i FiscalPrinter.obj
 0001:00001734       ?AddRef@?$CComObject@VCOPOSFiscalPrinter@@@ATL@@WBBI@EAAKXZ 0000000180002734 f i FiscalPrinter.obj
 0001:00001740       ?Release@?$CComObject@VCOPOSFiscalPrinter@@@ATL@@WBBI@EAAKXZ 0000000180002740 f i FiscalPrinter.obj
 0001:0000174c       ?AddRef@?$CComObject@VCOPOSFiscalPrinter@@@ATL@@WBCI@EAAKXZ 000000018000274c f i FiscalPrinter.obj
 0001:00001758       ?Release@?$CComObject@VCOPOSFiscalPrinter@@@ATL@@WBCI@EAAKXZ 0000000180002758 f i FiscalPrinter.obj
 0001:00001764       ?AddRef@?$CComObject@VCOPOSFiscalPrinter@@@ATL@@WBEA@EAAKXZ 0000000180002764 f i FiscalPrinter.obj
 0001:00001770       ?Release@?$CComObject@VCOPOSFiscalPrinter@@@ATL@@WBEA@EAAKXZ 0000000180002770 f i FiscalPrinter.obj
 0001:0000177c       ??_E?$CComContainedObject@VCOPOSFiscalPrinter@@@ATL@@W7EAAPEAXI@Z 000000018000277c f i FiscalPrinter.obj
 0001:00001788       ??_E?$CComContainedObject@VCOPOSFiscalPrinter@@@ATL@@WHA@EAAPEAXI@Z 0000000180002788 f i FiscalPrinter.obj
 0001:00001794       ?QueryInterface@?$CComContainedObject@VCOPOSFiscalPrinter@@@ATL@@WLI@EAAJAEBU_GUID@@PEAPEAX@Z 0000000180002794 f i FiscalPrinter.obj
 0001:000017a0       ?AddRef@?$CComContainedObject@VCOPOSFiscalPrinter@@@ATL@@WLI@EAAKXZ 00000001800027a0 f i FiscalPrinter.obj
 0001:000017ac       ?Release@?$CComContainedObject@VCOPOSFiscalPrinter@@@ATL@@WLI@EAAKXZ 00000001800027ac f i FiscalPrinter.obj
 0001:000017b8       ?QueryInterface@?$CComContainedObject@VCOPOSFiscalPrinter@@@ATL@@WMA@EAAJAEBU_GUID@@PEAPEAX@Z 00000001800027b8 f i FiscalPrinter.obj
 0001:000017c4       ?AddRef@?$CComContainedObject@VCOPOSFiscalPrinter@@@ATL@@WMA@EAAKXZ 00000001800027c4 f i FiscalPrinter.obj
 0001:000017d0       ?Release@?$CComContainedObject@VCOPOSFiscalPrinter@@@ATL@@WMA@EAAKXZ 00000001800027d0 f i FiscalPrinter.obj
 0001:000017dc       ?QueryInterface@?$CComContainedObject@VCOPOSFiscalPrinter@@@ATL@@WMI@EAAJAEBU_GUID@@PEAPEAX@Z 00000001800027dc f i FiscalPrinter.obj
 0001:000017e8       ?AddRef@?$CComContainedObject@VCOPOSFiscalPrinter@@@ATL@@WMI@EAAKXZ 00000001800027e8 f i FiscalPrinter.obj
 0001:000017f4       ?Release@?$CComContainedObject@VCOPOSFiscalPrinter@@@ATL@@WMI@EAAKXZ 00000001800027f4 f i FiscalPrinter.obj
 0001:00001800       ?QueryInterface@?$CComContainedObject@VCOPOSFiscalPrinter@@@ATL@@WNA@EAAJAEBU_GUID@@PEAPEAX@Z 0000000180002800 f i FiscalPrinter.obj
 0001:0000180c       ?AddRef@?$CComContainedObject@VCOPOSFiscalPrinter@@@ATL@@WNA@EAAKXZ 000000018000280c f i FiscalPrinter.obj
 0001:00001818       ?Release@?$CComContainedObject@VCOPOSFiscalPrinter@@@ATL@@WNA@EAAKXZ 0000000180002818 f i FiscalPrinter.obj
 0001:00001824       ?QueryInterface@?$CComContainedObject@VCOPOSFiscalPrinter@@@ATL@@WNI@EAAJAEBU_GUID@@PEAPEAX@Z 0000000180002824 f i FiscalPrinter.obj
 0001:00001830       ?AddRef@?$CComContainedObject@VCOPOSFiscalPrinter@@@ATL@@WNI@EAAKXZ 0000000180002830 f i FiscalPrinter.obj
 0001:0000183c       ?Release@?$CComContainedObject@VCOPOSFiscalPrinter@@@ATL@@WNI@EAAKXZ 000000018000283c f i FiscalPrinter.obj
 0001:00001848       ?QueryInterface@?$CComContainedObject@VCOPOSFiscalPrinter@@@ATL@@WOA@EAAJAEBU_GUID@@PEAPEAX@Z 0000000180002848 f i FiscalPrinter.obj
 0001:00001854       ?AddRef@?$CComContainedObject@VCOPOSFiscalPrinter@@@ATL@@WOA@EAAKXZ 0000000180002854 f i FiscalPrinter.obj
 0001:00001860       ?Release@?$CComContainedObject@VCOPOSFiscalPrinter@@@ATL@@WOA@EAAKXZ 0000000180002860 f i FiscalPrinter.obj
 0001:0000186c       ?QueryInterface@?$CComContainedObject@VCOPOSFiscalPrinter@@@ATL@@WOI@EAAJAEBU_GUID@@PEAPEAX@Z 000000018000286c f i FiscalPrinter.obj
 0001:00001878       ?AddRef@?$CComContainedObject@VCOPOSFiscalPrinter@@@ATL@@WOI@EAAKXZ 0000000180002878 f i FiscalPrinter.obj
 0001:00001884       ?Release@?$CComContainedObject@VCOPOSFiscalPrinter@@@ATL@@WOI@EAAKXZ 0000000180002884 f i FiscalPrinter.obj
 0001:00001890       ?QueryInterface@?$CComContainedObject@VCOPOSFiscalPrinter@@@ATL@@WPA@EAAJAEBU_GUID@@PEAPEAX@Z 0000000180002890 f i FiscalPrinter.obj
 0001:0000189c       ?AddRef@?$CComContainedObject@VCOPOSFiscalPrinter@@@ATL@@WPA@EAAKXZ 000000018000289c f i FiscalPrinter.obj
 0001:000018a8       ?Release@?$CComContainedObject@VCOPOSFiscalPrinter@@@ATL@@WPA@EAAKXZ 00000001800028a8 f i FiscalPrinter.obj
 0001:000018b4       ?QueryInterface@?$CComContainedObject@VCOPOSFiscalPrinter@@@ATL@@WPI@EAAJAEBU_GUID@@PEAPEAX@Z 00000001800028b4 f i FiscalPrinter.obj
 0001:000018c0       ?AddRef@?$CComContainedObject@VCOPOSFiscalPrinter@@@ATL@@WPI@EAAKXZ 00000001800028c0 f i FiscalPrinter.obj
 0001:000018cc       ?Release@?$CComContainedObject@VCOPOSFiscalPrinter@@@ATL@@WPI@EAAKXZ 00000001800028cc f i FiscalPrinter.obj
 0001:000018d8       ?QueryInterface@?$CComContainedObject@VCOPOSFiscalPrinter@@@ATL@@WBAA@EAAJAEBU_GUID@@PEAPEAX@Z 00000001800028d8 f i FiscalPrinter.obj
 0001:000018e4       ?AddRef@?$CComContainedObject@VCOPOSFiscalPrinter@@@ATL@@WBAA@EAAKXZ 00000001800028e4 f i FiscalPrinter.obj
 0001:000018f0       ?Release@?$CComContainedObject@VCOPOSFiscalPrinter@@@ATL@@WBAA@EAAKXZ 00000001800028f0 f i FiscalPrinter.obj
 0001:000018fc       ?QueryInterface@?$CComContainedObject@VCOPOSFiscalPrinter@@@ATL@@WBAI@EAAJAEBU_GUID@@PEAPEAX@Z 00000001800028fc f i FiscalPrinter.obj
 0001:00001908       ?AddRef@?$CComContainedObject@VCOPOSFiscalPrinter@@@ATL@@WBAI@EAAKXZ 0000000180002908 f i FiscalPrinter.obj
 0001:00001914       ?Release@?$CComContainedObject@VCOPOSFiscalPrinter@@@ATL@@WBAI@EAAKXZ 0000000180002914 f i FiscalPrinter.obj
 0001:00001920       ?QueryInterface@?$CComContainedObject@VCOPOSFiscalPrinter@@@ATL@@WBBA@EAAJAEBU_GUID@@PEAPEAX@Z 0000000180002920 f i FiscalPrinter.obj
 0001:0000192c       ?AddRef@?$CComContainedObject@VCOPOSFiscalPrinter@@@ATL@@WBBA@EAAKXZ 000000018000292c f i FiscalPrinter.obj
 0001:00001938       ?Release@?$CComContainedObject@VCOPOSFiscalPrinter@@@ATL@@WBBA@EAAKXZ 0000000180002938 f i FiscalPrinter.obj
 0001:00001944       ?QueryInterface@?$CComContainedObject@VCOPOSFiscalPrinter@@@ATL@@WBBI@EAAJAEBU_GUID@@PEAPEAX@Z 0000000180002944 f i FiscalPrinter.obj
 0001:00001950       ?AddRef@?$CComContainedObject@VCOPOSFiscalPrinter@@@ATL@@WBBI@EAAKXZ 0000000180002950 f i FiscalPrinter.obj
 0001:0000195c       ?Release@?$CComContainedObject@VCOPOSFiscalPrinter@@@ATL@@WBBI@EAAKXZ 000000018000295c f i FiscalPrinter.obj
 0001:00001968       ?AddRef@?$CComContainedObject@VCOPOSFiscalPrinter@@@ATL@@WBCI@EAAKXZ 0000000180002968 f i FiscalPrinter.obj
 0001:00001974       ?Release@?$CComContainedObject@VCOPOSFiscalPrinter@@@ATL@@WBCI@EAAKXZ 0000000180002974 f i FiscalPrinter.obj
 0001:00001980       ?AddRef@?$CComContainedObject@VCOPOSFiscalPrinter@@@ATL@@WBEA@EAAKXZ 0000000180002980 f i FiscalPrinter.obj
 0001:0000198c       ?Release@?$CComContainedObject@VCOPOSFiscalPrinter@@@ATL@@WBEA@EAAKXZ 000000018000298c f i FiscalPrinter.obj
 0001:00001998       ?Freeze@?$IViewObjectExImpl@VCOPOSFiscalPrinter@@@ATL@@UEAAJKJPEAXPEAK@Z 0000000180002998 f i FiscalPrinter.obj
 0001:00001998       ?GetRect@?$IViewObjectExImpl@VCOPOSFiscalPrinter@@@ATL@@UEAAJKPEAU_RECTL@@@Z 0000000180002998 f i FiscalPrinter.obj
 0001:00001998       ?GetMoniker@?$IOleObjectImpl@VCOPOSFiscalPrinter@@@ATL@@UEAAJKKPEAPEAUIMoniker@@@Z 0000000180002998 f i FiscalPrinter.obj
 0001:00001998       ?GetColorSet@?$IViewObjectExImpl@VCOPOSFiscalPrinter@@@ATL@@UEAAJKJPEAXPEAUtagDVTARGETDEVICE@@PEAUHDC__@@PEAPEAUtagLOGPALETTE@@@Z 0000000180002998 f i FiscalPrinter.obj
 0001:00001998       ?SetData@?$IDataObjectImpl@VCOPOSFiscalPrinter@@@ATL@@UEAAJPEAUtagFORMATETC@@PEAUtagSTGMEDIUM@@H@Z 0000000180002998 f i FiscalPrinter.obj
 0001:00001998       ?GetDataHere@?$IDataObjectImpl@VCOPOSFiscalPrinter@@@ATL@@UEAAJPEAUtagFORMATETC@@PEAUtagSTGMEDIUM@@@Z 0000000180002998 f i FiscalPrinter.obj
 0001:00001998       ?Unfreeze@?$IViewObjectExImpl@VCOPOSFiscalPrinter@@@ATL@@UEAAJK@Z 0000000180002998 f i FiscalPrinter.obj
 0001:00001998       ?EnumFormatEtc@?$IDataObjectImpl@VCOPOSFiscalPrinter@@@ATL@@UEAAJKPEAPEAUIEnumFORMATETC@@@Z 0000000180002998 f i FiscalPrinter.obj
 0001:00001998       ?InitFromData@?$IOleObjectImpl@VCOPOSFiscalPrinter@@@ATL@@UEAAJPEAUIDataObject@@HK@Z 0000000180002998 f i FiscalPrinter.obj
 0001:00001998       ?SetMoniker@?$IOleObjectImpl@VCOPOSFiscalPrinter@@@ATL@@UEAAJKPEAUIMoniker@@@Z 0000000180002998 f i FiscalPrinter.obj
 0001:00001998       ?GetDropTarget@?$IOleInPlaceObjectWindowlessImpl@VCOPOSFiscalPrinter@@@ATL@@UEAAJPEAPEAUIDropTarget@@@Z 0000000180002998 f i FiscalPrinter.obj
 0001:00001998       ?OnMnemonic@?$IOleControlImpl@VCOPOSFiscalPrinter@@@ATL@@UEAAJPEAUtagMSG@@@Z 0000000180002998 f i FiscalPrinter.obj
 0001:00001998       ?ReactivateAndUndo@?$IOleInPlaceObjectWindowlessImpl@VCOPOSFiscalPrinter@@@ATL@@UEAAJXZ 0000000180002998 f i FiscalPrinter.obj
 0001:00001998       ?SetColorScheme@?$IOleObjectImpl@VCOPOSFiscalPrinter@@@ATL@@UEAAJPEAUtagLOGPALETTE@@@Z 0000000180002998 f i FiscalPrinter.obj
 0001:00001998       ?QueryGetData@?$IDataObjectImpl@VCOPOSFiscalPrinter@@@ATL@@UEAAJPEAUtagFORMATETC@@@Z 0000000180002998 f i FiscalPrinter.obj
 0001:00001998       ?QueryInterface@CRegObject@ATL@@UEAAJAEBU_GUID@@PEAPEAX@Z 0000000180002998 f i FiscalPrinter.obj
 0001:00001998       ?GetCanonicalFormatEtc@?$IDataObjectImpl@VCOPOSFiscalPrinter@@@ATL@@UEAAJPEAUtagFORMATETC@@0@Z 0000000180002998 f i FiscalPrinter.obj
 0001:00001998       ?SODataDummy@COPOSFiscalPrinter@@MEAAJJ@Z 0000000180002998 f i FiscalPrinter.obj
 0001:00001998       ?ContextSensitiveHelp@?$IOleInPlaceActiveObjectImpl@VCOPOSFiscalPrinter@@@ATL@@UEAAJH@Z 0000000180002998 f i FiscalPrinter.obj
 0001:00001998       ?ContextSensitiveHelp@?$IOleInPlaceObjectWindowlessImpl@VCOPOSFiscalPrinter@@@ATL@@UEAAJH@Z 0000000180002998 f i FiscalPrinter.obj
 0001:00001998       ?GetClipboardData@?$IOleObjectImpl@VCOPOSFiscalPrinter@@@ATL@@UEAAJKPEAPEAUIDataObject@@@Z 0000000180002998 f i FiscalPrinter.obj
 0001:00001998       ?GetControlInfo@?$IOleControlImpl@VCOPOSFiscalPrinter@@@ATL@@UEAAJPEAUtagCONTROLINFO@@@Z 0000000180002998 f i FiscalPrinter.obj
 0001:000019a0       ?AddRef@CRegObject@ATL@@UEAAKXZ 00000001800029a0 f i FiscalPrinter.obj
 0001:000019a0       _get_startup_argv_mode     00000001800029a0 f i LIBCMT:argv_mode.obj
 0001:000019a0       ?FAccessAllowed@?$IObjectSafetyImpl@VCOPOSFiscalPrinter@@$02@ATL@@MEAAHXZ 00000001800029a0 f i FiscalPrinter.obj
 0001:000019a8       ?AddReplacement@CRegObject@ATL@@UEAAJPEB_W0@Z 00000001800029a8 f i FiscalPrinter.obj
 0001:000019d8       ?ClearReplacements@CRegObject@ATL@@UEAAJXZ 00000001800029d8 f i FiscalPrinter.obj
 0001:000019e4       ??_GCRegObject@ATL@@UEAAPEAXI@Z 00000001800029e4 f i FiscalPrinter.obj
 0001:000019e4       ??_ECRegObject@ATL@@UEAAPEAXI@Z 00000001800029e4 f i FiscalPrinter.obj
 0001:00001a64       ?GetTypeInfoCount@?$IDispatchImpl@UIOPOSFiscalPrinter@@$1?IID_IOPOSFiscalPrinter@@3U_GUID@@B$1?LIBID_OposFiscalPrinter_CCO@@3U3@B$00$0A@VCComTypeInfoHolder@ATL@@@ATL@@UEAAJPEAI@Z 0000000180002a64 f i FiscalPrinter.obj
 0001:00001a78       ?GetTypeInfo@?$IDispatchImpl@UIOPOSFiscalPrinter@@$1?IID_IOPOSFiscalPrinter@@3U_GUID@@B$1?LIBID_OposFiscalPrinter_CCO@@3U3@B$00$0A@VCComTypeInfoHolder@ATL@@@ATL@@UEAAJIKPEAPEAUITypeInfo@@@Z 0000000180002a78 f i FiscalPrinter.obj
 0001:00001adc       ?GetIDsOfNames@?$IDispatchImpl@UIOPOSFiscalPrinter@@$1?IID_IOPOSFiscalPrinter@@3U_GUID@@B$1?LIBID_OposFiscalPrinter_CCO@@3U3@B$00$0A@VCComTypeInfoHolder@ATL@@@ATL@@UEAAJAEBU_GUID@@PEAPEA_WIKPEAJ@Z 0000000180002adc f i FiscalPrinter.obj
 0001:00001ae8       ?Invoke@?$IDispatchImpl@UIOPOSFiscalPrinter@@$1?IID_IOPOSFiscalPrinter@@3U_GUID@@B$1?LIBID_OposFiscalPrinter_CCO@@3U3@B$00$0A@VCComTypeInfoHolder@ATL@@@ATL@@UEAAJJAEBU_GUID@@KGPEAUtagDISPPARAMS@@PEAUtagVARIANT@@PEAUtagEXCEPINFO@@PEAI@Z 0000000180002ae8 f i FiscalPrinter.obj
 0001:00001b78       ?CreateControlWindow@?$CComControl@VCOPOSFiscalPrinter@@V?$CWindowImpl@VCOPOSFiscalPrinter@@VCWindow@ATL@@V?$CWinTraits@$0FGAAAAAA@$0A@@3@@ATL@@@ATL@@UEAAPEAUHWND__@@PEAU3@AEAUtagRECT@@@Z 0000000180002b78 f i FiscalPrinter.obj
 0001:00001bb0       ?ControlQueryInterface@?$CComControl@VCOPOSFiscalPrinter@@V?$CWindowImpl@VCOPOSFiscalPrinter@@VCWindow@ATL@@V?$CWinTraits@$0FGAAAAAA@$0A@@3@@ATL@@@ATL@@UEAAJAEBU_GUID@@PEAPEAX@Z 0000000180002bb0 f i FiscalPrinter.obj
 0001:00001bc4       ?GetClassID@?$IPersistStreamInitImpl@VCOPOSFiscalPrinter@@@ATL@@UEAAJPEAU_GUID@@@Z 0000000180002bc4 f i FiscalPrinter.obj
 0001:00001bc4       ?GetClassID@?$IPersistStorageImpl@VCOPOSFiscalPrinter@@@ATL@@UEAAJPEAU_GUID@@@Z 0000000180002bc4 f i FiscalPrinter.obj
 0001:00001bc4       ?GetUserClassID@?$IOleObjectImpl@VCOPOSFiscalPrinter@@@ATL@@UEAAJPEAU_GUID@@@Z 0000000180002bc4 f i FiscalPrinter.obj
 0001:00001be0       ?IsDirty@?$IPersistStreamInitImpl@VCOPOSFiscalPrinter@@@ATL@@UEAAJXZ 0000000180002be0 f i FiscalPrinter.obj
 0001:00001bfc       ?Load@?$IPersistStreamInitImpl@VCOPOSFiscalPrinter@@@ATL@@UEAAJPEAUIStream@@@Z 0000000180002bfc f i FiscalPrinter.obj
 0001:00001c4c       ?Save@?$IPersistStreamInitImpl@VCOPOSFiscalPrinter@@@ATL@@UEAAJPEAUIStream@@H@Z 0000000180002c4c f i FiscalPrinter.obj
 0001:00001cb0       ?GetSizeMax@?$IPersistStreamInitImpl@VCOPOSFiscalPrinter@@@ATL@@UEAAJPEAT_ULARGE_INTEGER@@@Z 0000000180002cb0 f i FiscalPrinter.obj
 0001:00001edc       ?InitNew@?$IPersistStreamInitImpl@VCOPOSFiscalPrinter@@@ATL@@UEAAJXZ 0000000180002edc f i FiscalPrinter.obj
 0001:00001ef4       ?SetClientSite@?$IOleObjectImpl@VCOPOSFiscalPrinter@@@ATL@@UEAAJPEAUIOleClientSite@@@Z 0000000180002ef4 f i FiscalPrinter.obj
 0001:00001f10       ?GetClientSite@?$IOleObjectImpl@VCOPOSFiscalPrinter@@@ATL@@UEAAJPEAPEAUIOleClientSite@@@Z 0000000180002f10 f i FiscalPrinter.obj
 0001:00001f58       ?Close@?$IOleObjectImpl@VCOPOSFiscalPrinter@@@ATL@@UEAAJK@Z 0000000180002f58 f i FiscalPrinter.obj
 0001:00001f74       ?DoVerb@?$IOleObjectImpl@VCOPOSFiscalPrinter@@@ATL@@UEAAJJPEAUtagMSG@@PEAUIOleClientSite@@JPEAUHWND__@@PEBUtagRECT@@@Z 0000000180002f74 f i FiscalPrinter.obj
 0001:00002118       ?EnumVerbs@?$IOleObjectImpl@VCOPOSFiscalPrinter@@@ATL@@UEAAJPEAPEAUIEnumOLEVERB@@@Z 0000000180003118 f i FiscalPrinter.obj
 0001:00002134       ?GetUserType@?$IOleObjectImpl@VCOPOSFiscalPrinter@@@ATL@@UEAAJKPEAPEA_W@Z 0000000180003134 f i FiscalPrinter.obj
 0001:00002144       ?SetExtent@?$IOleObjectImpl@VCOPOSFiscalPrinter@@@ATL@@UEAAJKPEAUtagSIZE@@@Z 0000000180003144 f i FiscalPrinter.obj
 0001:00002160       ?GetExtent@?$IOleObjectImpl@VCOPOSFiscalPrinter@@@ATL@@UEAAJKPEAUtagSIZE@@@Z 0000000180003160 f i FiscalPrinter.obj
 0001:00002190       ?Advise@?$IOleObjectImpl@VCOPOSFiscalPrinter@@@ATL@@UEAAJPEAUIAdviseSink@@PEAK@Z 0000000180003190 f i FiscalPrinter.obj
 0001:000021ec       ?Unadvise@?$IOleObjectImpl@VCOPOSFiscalPrinter@@@ATL@@UEAAJK@Z 00000001800031ec f i FiscalPrinter.obj
 0001:00002224       ?EnumAdvise@?$IOleObjectImpl@VCOPOSFiscalPrinter@@@ATL@@UEAAJPEAPEAUIEnumSTATDATA@@@Z 0000000180003224 f i FiscalPrinter.obj
 0001:0000226c       ?GetMiscStatus@?$IOleObjectImpl@VCOPOSFiscalPrinter@@@ATL@@UEAAJKPEAK@Z 000000018000326c f i FiscalPrinter.obj
 0001:0000227c       ?GetWindow@?$IOleInPlaceActiveObjectImpl@VCOPOSFiscalPrinter@@@ATL@@UEAAJPEAPEAUHWND__@@@Z 000000018000327c f i FiscalPrinter.obj
 0001:000022d0       ?TranslateAcceleratorW@?$IOleInPlaceActiveObjectImpl@VCOPOSFiscalPrinter@@@ATL@@UEAAJPEAUtagMSG@@@Z 00000001800032d0 f i FiscalPrinter.obj
 0001:000023c4       ?OnDocWindowActivate@?$IOleInPlaceActiveObjectImpl@VCOPOSFiscalPrinter@@@ATL@@UEAAJH@Z 00000001800033c4 f i FiscalPrinter.obj
 0001:000023f0       ?Draw@?$IViewObjectExImpl@VCOPOSFiscalPrinter@@@ATL@@UEAAJKJPEAXPEAUtagDVTARGETDEVICE@@PEAUHDC__@@2PEBU_RECTL@@3P6AH_K@Z4@Z 00000001800033f0 f i FiscalPrinter.obj
 0001:00002454       ?SetAdvise@?$IViewObjectExImpl@VCOPOSFiscalPrinter@@@ATL@@UEAAJKKPEAUIAdviseSink@@@Z 0000000180003454 f i FiscalPrinter.obj
 0001:000024a8       ?GetAdvise@?$IViewObjectExImpl@VCOPOSFiscalPrinter@@@ATL@@UEAAJPEAK0PEAPEAUIAdviseSink@@@Z 00000001800034a8 f i FiscalPrinter.obj
 0001:000024e4       ?GetExtent@?$IViewObjectExImpl@VCOPOSFiscalPrinter@@@ATL@@UEAAJKJPEAUtagDVTARGETDEVICE@@PEAUtagSIZE@@@Z 00000001800034e4 f i FiscalPrinter.obj
 0001:00002514       ?GetViewStatus@?$IViewObjectExImpl@VCOPOSFiscalPrinter@@@ATL@@UEAAJPEAK@Z 0000000180003514 f i FiscalPrinter.obj
 0001:00002528       ?QueryHitPoint@?$IViewObjectExImpl@VCOPOSFiscalPrinter@@@ATL@@UEAAJKPEBUtagRECT@@UtagPOINT@@JPEAK@Z 0000000180003528 f i FiscalPrinter.obj
 0001:0000256c       ?QueryHitRect@?$IViewObjectExImpl@VCOPOSFiscalPrinter@@@ATL@@UEAAJKPEBUtagRECT@@0JPEAK@Z 000000018000356c f i FiscalPrinter.obj
 0001:000025d4       ?GetNaturalExtent@?$IViewObjectExImpl@VCOPOSFiscalPrinter@@@ATL@@UEAAJKJPEAUtagDVTARGETDEVICE@@PEAUHDC__@@PEAUtagExtentInfo@@PEAUtagSIZE@@@Z 00000001800035d4 f i FiscalPrinter.obj
 0001:0000261c       ?GetWindow@?$IOleInPlaceObjectWindowlessImpl@VCOPOSFiscalPrinter@@@ATL@@UEAAJPEAPEAUHWND__@@@Z 000000018000361c f i FiscalPrinter.obj
 0001:00002670       ?InPlaceDeactivate@?$IOleInPlaceObjectWindowlessImpl@VCOPOSFiscalPrinter@@@ATL@@UEAAJXZ 0000000180003670 f i FiscalPrinter.obj
 0001:0000268c       ?UIDeactivate@?$IOleInPlaceObjectWindowlessImpl@VCOPOSFiscalPrinter@@@ATL@@UEAAJXZ 000000018000368c f i FiscalPrinter.obj
 0001:000026a8       ?SetObjectRects@?$IOleInPlaceObjectWindowlessImpl@VCOPOSFiscalPrinter@@@ATL@@UEAAJPEBUtagRECT@@0@Z 00000001800036a8 f i FiscalPrinter.obj
 0001:000026c4       ?OnWindowMessage@?$IOleInPlaceObjectWindowlessImpl@VCOPOSFiscalPrinter@@@ATL@@UEAAJI_K_JPEA_J@Z 00000001800036c4 f i FiscalPrinter.obj
 0001:0000278c       ?EnumConnectionPoints@?$IConnectionPointContainerImpl@VCOPOSFiscalPrinter@@@ATL@@UEAAJPEAPEAUIEnumConnectionPoints@@@Z 000000018000378c f i FiscalPrinter.obj
 0001:000029d4       ?FindConnectionPoint@?$IConnectionPointContainerImpl@VCOPOSFiscalPrinter@@@ATL@@UEAAJAEBU_GUID@@PEAPEAUIConnectionPoint@@@Z 00000001800039d4 f i FiscalPrinter.obj
 0001:00002aa4       ?IsDirty@?$IPersistStorageImpl@VCOPOSFiscalPrinter@@@ATL@@UEAAJXZ 0000000180003aa4 f i FiscalPrinter.obj
 0001:00002ae8       ?InitNew@?$IPersistStorageImpl@VCOPOSFiscalPrinter@@@ATL@@UEAAJPEAUIStorage@@@Z 0000000180003ae8 f i FiscalPrinter.obj
 0001:00002b2c       ?Load@?$IPersistStorageImpl@VCOPOSFiscalPrinter@@@ATL@@UEAAJPEAUIStorage@@@Z 0000000180003b2c f i FiscalPrinter.obj
 0001:00002bcc       ?Save@?$IPersistStorageImpl@VCOPOSFiscalPrinter@@@ATL@@UEAAJPEAUIStorage@@H@Z 0000000180003bcc f i FiscalPrinter.obj
 0001:00002c7c       ?GetPages@?$ISpecifyPropertyPagesImpl@VCOPOSFiscalPrinter@@@ATL@@UEAAJPEAUtagCAUUID@@@Z 0000000180003c7c f i FiscalPrinter.obj
 0001:00002c88       ?QuickActivate@?$IQuickActivateImpl@VCOPOSFiscalPrinter@@@ATL@@UEAAJPEAUtagQACONTAINER@@PEAUtagQACONTROL@@@Z 0000000180003c88 f i FiscalPrinter.obj
 0001:00002ca4       ?SetContentExtent@?$IQuickActivateImpl@VCOPOSFiscalPrinter@@@ATL@@UEAAJPEAUtagSIZE@@@Z 0000000180003ca4 f i FiscalPrinter.obj
 0001:00002cd8       ?GetContentExtent@?$IQuickActivateImpl@VCOPOSFiscalPrinter@@@ATL@@UEAAJPEAUtagSIZE@@@Z 0000000180003cd8 f i FiscalPrinter.obj
 0001:00002d10       ?GetData@?$IDataObjectImpl@VCOPOSFiscalPrinter@@@ATL@@UEAAJPEAUtagFORMATETC@@PEAUtagSTGMEDIUM@@@Z 0000000180003d10 f i FiscalPrinter.obj
 0001:00002d2c       ?DAdvise@?$IDataObjectImpl@VCOPOSFiscalPrinter@@@ATL@@UEAAJPEAUtagFORMATETC@@KPEAUIAdviseSink@@PEAK@Z 0000000180003d2c f i FiscalPrinter.obj
 0001:00002db4       ?DUnadvise@?$IDataObjectImpl@VCOPOSFiscalPrinter@@@ATL@@UEAAJK@Z 0000000180003db4 f i FiscalPrinter.obj
 0001:00002de0       ?EnumDAdvise@?$IDataObjectImpl@VCOPOSFiscalPrinter@@@ATL@@UEAAJPEAPEAUIEnumSTATDATA@@@Z 0000000180003de0 f i FiscalPrinter.obj
 0001:00002e1c       ?GetClassInfoW@?$IProvideClassInfo2Impl@$1?CLSID_OPOSFiscalPrinter@@3U_GUID@@B$1?DIID__IOPOSFiscalPrinterEvents@@3U2@B$1?LIBID_OposFiscalPrinter_CCO@@3U2@B$00$0A@VCComTypeInfoHolder@ATL@@@ATL@@UEAAJPEAPEAUITypeInfo@@@Z 0000000180003e1c f i FiscalPrinter.obj
 0001:00002e74       ?GetGUID@?$IProvideClassInfo2Impl@$1?CLSID_OPOSFiscalPrinter@@3U_GUID@@B$1?DIID__IOPOSFiscalPrinterEvents@@3U2@B$1?LIBID_OposFiscalPrinter_CCO@@3U2@B$00$0A@VCComTypeInfoHolder@ATL@@@ATL@@UEAAJKPEAU_GUID@@@Z 0000000180003e74 f i FiscalPrinter.obj
 0001:00002ea8       ?GetInterfaceSafetyOptions@?$IObjectSafetyImpl@VCOPOSFiscalPrinter@@$02@ATL@@UEAAJAEBU_GUID@@PEAK1@Z 0000000180003ea8 f i FiscalPrinter.obj
 0001:00002f3c       ?SetInterfaceSafetyOptions@?$IObjectSafetyImpl@VCOPOSFiscalPrinter@@$02@ATL@@UEAAJAEBU_GUID@@KK@Z 0000000180003f3c f i FiscalPrinter.obj
 0001:00002fe0       ?_LocCPQueryInterface@?$IConnectionPointImpl@VCOPOSFiscalPrinter@@$1?IID_IPropertyNotifySink@@3U_GUID@@BVCComDynamicUnkArray@ATL@@@ATL@@UEAAJAEBU_GUID@@PEAPEAX@Z 0000000180003fe0 f i FiscalPrinter.obj
 0001:00002fe0       ?_LocCPQueryInterface@?$IConnectionPointImpl@VCOPOSFiscalPrinter@@$1?DIID__IOPOSFiscalPrinterEvents@@3U_GUID@@BVCComDynamicUnkArray@ATL@@@ATL@@UEAAJAEBU_GUID@@PEAPEAX@Z 0000000180003fe0 f i FiscalPrinter.obj
 0001:00003054       ?GetConnectionInterface@?$IConnectionPointImpl@VCOPOSFiscalPrinter@@$1?IID_IPropertyNotifySink@@3U_GUID@@BVCComDynamicUnkArray@ATL@@@ATL@@UEAAJPEAU_GUID@@@Z 0000000180004054 f i FiscalPrinter.obj
 0001:00003070       ?GetConnectionPointContainer@?$IConnectionPointImpl@VCOPOSFiscalPrinter@@$1?IID_IPropertyNotifySink@@3U_GUID@@BVCComDynamicUnkArray@ATL@@@ATL@@UEAAJPEAPEAUIConnectionPointContainer@@@Z 0000000180004070 f i FiscalPrinter.obj
 0001:00003090       ?Advise@?$IConnectionPointImpl@VCOPOSFiscalPrinter@@$1?IID_IPropertyNotifySink@@3U_GUID@@BVCComDynamicUnkArray@ATL@@@ATL@@UEAAJPEAUIUnknown@@PEAK@Z 0000000180004090 f i FiscalPrinter.obj
 0001:00003090       ?Advise@?$IConnectionPointImpl@VCOPOSFiscalPrinter@@$1?DIID__IOPOSFiscalPrinterEvents@@3U_GUID@@BVCComDynamicUnkArray@ATL@@@ATL@@UEAAJPEAUIUnknown@@PEAK@Z 0000000180004090 f i FiscalPrinter.obj
 0001:00003150       ?Unadvise@?$IConnectionPointImpl@VCOPOSFiscalPrinter@@$1?IID_IPropertyNotifySink@@3U_GUID@@BVCComDynamicUnkArray@ATL@@@ATL@@UEAAJK@Z 0000000180004150 f i FiscalPrinter.obj
 0001:00003150       ?Unadvise@?$IConnectionPointImpl@VCOPOSFiscalPrinter@@$1?DIID__IOPOSFiscalPrinterEvents@@3U_GUID@@BVCComDynamicUnkArray@ATL@@@ATL@@UEAAJK@Z 0000000180004150 f i FiscalPrinter.obj
 0001:000031cc       ?EnumConnections@?$IConnectionPointImpl@VCOPOSFiscalPrinter@@$1?DIID__IOPOSFiscalPrinterEvents@@3U_GUID@@BVCComDynamicUnkArray@ATL@@@ATL@@UEAAJPEAPEAUIEnumConnections@@@Z 00000001800041cc f i FiscalPrinter.obj
 0001:000031cc       ?EnumConnections@?$IConnectionPointImpl@VCOPOSFiscalPrinter@@$1?IID_IPropertyNotifySink@@3U_GUID@@BVCComDynamicUnkArray@ATL@@@ATL@@UEAAJPEAPEAUIEnumConnections@@@Z 00000001800041cc f i FiscalPrinter.obj
 0001:00003374       ?GetConnectionInterface@?$IConnectionPointImpl@VCOPOSFiscalPrinter@@$1?DIID__IOPOSFiscalPrinterEvents@@3U_GUID@@BVCComDynamicUnkArray@ATL@@@ATL@@UEAAJPEAU_GUID@@@Z 0000000180004374 f i FiscalPrinter.obj
 0001:00003390       ?GetConnectionPointContainer@?$IConnectionPointImpl@VCOPOSFiscalPrinter@@$1?DIID__IOPOSFiscalPrinterEvents@@3U_GUID@@BVCComDynamicUnkArray@ATL@@@ATL@@UEAAJPEAPEAUIConnectionPointContainer@@@Z 0000000180004390 f i FiscalPrinter.obj
 0001:000033b0       ?UpdateRegistry@COPOSFiscalPrinter@@SAJH@Z 00000001800043b0 f i FiscalPrinter.obj
 0001:000033c8       ?ProcessWindowMessage@COPOSFiscalPrinter@@UEAAHPEAUHWND__@@I_K_JAEA_JK@Z 00000001800043c8 f i FiscalPrinter.obj
 0001:00003450       ?SODirectIO@COPOSFiscalPrinter@@MEAAJJPEAJPEAPEA_W@Z 0000000180004450 f i FiscalPrinter.obj
 0001:000034c8       ?SOError@COPOSFiscalPrinter@@MEAAJJJJPEAJ@Z 00000001800044c8 f i FiscalPrinter.obj
 0001:00003550       ?SOOutputComplete@COPOSFiscalPrinter@@MEAAJJ@Z 0000000180004550 f i FiscalPrinter.obj
 0001:000035a0       ?SOStatusUpdate@COPOSFiscalPrinter@@MEAAJJ@Z 00000001800045a0 f i FiscalPrinter.obj
 0001:000035f0       ?CreateInstance@?$CComCreator@V?$CComObjectCached@VCComClassFactory@ATL@@@ATL@@@ATL@@SAJPEAXAEBU_GUID@@PEAPEAX@Z 00000001800045f0 f i FiscalPrinter.obj
 0001:000036f4       ?CreateInstance@?$CComCreator2@V?$CComCreator@V?$CComObject@VCOPOSFiscalPrinter@@@ATL@@@ATL@@V?$CComCreator@V?$CComAggObject@VCOPOSFiscalPrinter@@@ATL@@@2@@ATL@@SAJPEAXAEBU_GUID@@PEAPEAX@Z 00000001800046f4 f i FiscalPrinter.obj
 0001:00003704       ??$AtlModuleRegisterWndClassInfoT@VAtlModuleRegisterWndClassInfoParamW@ATL@@@ATL@@YAGPEAU_ATL_BASE_MODULE70@0@PEAU_ATL_WIN_MODULE70@0@PEAU_ATL_WNDCLASSINFOW@0@PEAP6A_JPEAUHWND__@@I_K_J@ZVAtlModuleRegisterWndClassInfoParamW@0@@Z 0000000180004704 f i FiscalPrinter.obj
 0001:00003904       ??0?$CComContainedObject@VCOPOSFiscalPrinter@@@ATL@@QEAA@PEAX@Z 0000000180004904 f i FiscalPrinter.obj
 0001:00003a20       ??0?$CComObject@VCOPOSFiscalPrinter@@@ATL@@QEAA@PEAX@Z 0000000180004a20 f i FiscalPrinter.obj
 0001:00003b38       ??0CAtlModule@ATL@@QEAA@XZ 0000000180004b38 f i FiscalPrinter.obj
 0001:00003bb8       ??1?$CComEnumImpl@UIEnumConnectionPoints@@$1?_GUID_b196b285_bab4_101a_b69c_00aa00341d07@@3U__s_GUID@@BPEAUIConnectionPoint@@V?$_CopyInterface@UIConnectionPoint@@@ATL@@@ATL@@UEAA@XZ 0000000180004bb8 f i FiscalPrinter.obj
 0001:00003c14       ??1?$CComEnumImpl@UIEnumConnections@@$1?_GUID_b196b287_bab4_101a_b69c_00aa00341d07@@3U__s_GUID@@BUtagCONNECTDATA@@V?$_Copy@UtagCONNECTDATA@@@ATL@@@ATL@@UEAA@XZ 0000000180004c14 f i FiscalPrinter.obj
 0001:00003c70       ??1?$CComObject@VCOPOSFiscalPrinter@@@ATL@@UEAA@XZ 0000000180004c70 f i FiscalPrinter.obj
 0001:00003d90       ??_E?$CComContainedObject@VCOPOSFiscalPrinter@@@ATL@@UEAAPEAXI@Z 0000000180004d90 f i FiscalPrinter.obj
 0001:00003d90       ??_G?$CComContainedObject@VCOPOSFiscalPrinter@@@ATL@@UEAAPEAXI@Z 0000000180004d90 f i FiscalPrinter.obj
 0001:00003dc4       ??_E?$CComObject@VCOPOSFiscalPrinter@@@ATL@@UEAAPEAXI@Z 0000000180004dc4 f i FiscalPrinter.obj
 0001:00003dc4       ??_G?$CComObject@VCOPOSFiscalPrinter@@@ATL@@UEAAPEAXI@Z 0000000180004dc4 f i FiscalPrinter.obj
 0001:00003df8       ?Add@?$CSimpleArray@GV?$CSimpleArrayEqualHelper@G@ATL@@@ATL@@QEAAHAEBG@Z 0000000180004df8 f i FiscalPrinter.obj
 0001:00003eac       ?Add@?$CSimpleMap@PEA_WPEA_WVCExpansionVectorEqualHelper@ATL@@@ATL@@QEAAHAEBQEA_W0@Z 0000000180004eac f i FiscalPrinter.obj
 0001:00003f4c       ?Add@CComDynamicUnkArray@ATL@@QEAAKPEAUIUnknown@@@Z 0000000180004f4c f i FiscalPrinter.obj
 0001:00004044       ?Add@CExpansionVector@ATL@@QEAAHPEB_W0@Z 0000000180005044 f i FiscalPrinter.obj
 0001:000041d4       ?AddValue@CRegParser@ATL@@IEAAJAEAVCRegKey@2@PEB_WPEA_W@Z 00000001800051d4 f i FiscalPrinter.obj
 0001:0000461c       ?AllocateHeap@?$CTempBuffer@_W$0EAA@VCCRTAllocator@ATL@@@ATL@@AEAAX_K@Z 000000018000561c f i FiscalPrinter.obj
 0001:0000461c       ?AllocateHeap@?$CTempBuffer@_W$0BAA@VCCRTAllocator@ATL@@@ATL@@AEAAX_K@Z 000000018000561c f i FiscalPrinter.obj
 0001:0000461c       ?AllocateHeap@?$CTempBuffer@E$0BAA@VCCRTAllocator@ATL@@@ATL@@AEAAX_K@Z 000000018000561c f i FiscalPrinter.obj
 0001:00004648       ?Append@CParseBuffer@CRegParser@ATL@@QEAAHPEB_WH@Z 0000000180005648 f i FiscalPrinter.obj
 0001:00004760       ?AtlCallTermFunc@ATL@@YAXPEAU_ATL_MODULE70@1@@Z 0000000180005760 f i FiscalPrinter.obj
 0001:000047c4       ?AtlComModuleGetClassObject@ATL@@YAJPEAU_ATL_COM_MODULE70@1@AEBU_GUID@@1PEAPEAX@Z 00000001800057c4 f i FiscalPrinter.obj
 0001:00004904       ?AtlComModuleRegisterServer@ATL@@YAJPEAU_ATL_COM_MODULE70@1@HPEBU_GUID@@@Z 0000000180005904 f i FiscalPrinter.obj
 0001:000049c4       ?AtlComModuleUnregisterServer@ATL@@YAJPEAU_ATL_COM_MODULE70@1@HPEBU_GUID@@@Z 00000001800059c4 f i FiscalPrinter.obj
 0001:00004a80       ?AtlCreateTargetDC@ATL@@YAPEAUHDC__@@PEAU2@PEAUtagDVTARGETDEVICE@@@Z 0000000180005a80 f i FiscalPrinter.obj
 0001:00004af4       ?AtlHiMetricToPixel@ATL@@YAXPEBUtagSIZE@@PEAU2@@Z 0000000180005af4 f i FiscalPrinter.obj
 0001:00004ba4       ?AtlHresultFromLastError@ATL@@YAJXZ 0000000180005ba4 f i FiscalPrinter.obj
 0001:00004bc4       ?AtlHresultFromWin32@ATL@@YAJK@Z 0000000180005bc4 f i FiscalPrinter.obj
 0001:00004bd4       ?AtlIPersistStreamInit_Load@ATL@@YAJPEAUIStream@@PEBUATL_PROPMAP_ENTRY@1@PEAXPEAUIUnknown@@@Z 0000000180005bd4 f i FiscalPrinter.obj
 0001:00004e0c       ?AtlIPersistStreamInit_Save@ATL@@YAJPEAUIStream@@HPEBUATL_PROPMAP_ENTRY@1@PEAXPEAUIUnknown@@@Z 0000000180005e0c f i FiscalPrinter.obj
 0001:00005048       ?AtlInternalOleLoadFromStream@ATL@@YAJPEAUIStream@@AEBU_GUID@@PEAPEAXTClassesAllowedInStream@1@K@Z 0000000180006048 f i FiscalPrinter.obj
 0001:0000518c       ?AtlInternalQueryInterface@ATL@@YAJPEAXPEBU_ATL_INTMAP_ENTRY@1@AEBU_GUID@@PEAPEAX@Z 000000018000618c f i FiscalPrinter.obj
 0001:00005294       ?AtlLoadTypeLib@ATL@@YAJPEAUHINSTANCE__@@PEB_WPEAPEA_WPEAPEAUITypeLib@@@Z 0000000180006294 f i FiscalPrinter.obj
 0001:000054f0       ?AtlModuleAddTermFunc@ATL@@YAJPEAU_ATL_MODULE70@1@P6AX_K@Z1@Z 00000001800064f0 f i FiscalPrinter.obj
 0001:00005584       ?AtlRegisterClassCategoriesHelper@ATL@@YAJAEBU_GUID@@PEBU_ATL_CATMAP_ENTRY@1@H@Z 0000000180006584 f i FiscalPrinter.obj
 0001:000059ec       ?AtlRegisterTypeLib@ATL@@YAJPEAUHINSTANCE__@@PEB_W@Z 00000001800069ec f i FiscalPrinter.obj
 0001:00005be8       ?AtlThrowImpl@ATL@@YAXJ@Z  0000000180006be8 f i FiscalPrinter.obj
 0001:00005c0c       ?AtlUnRegisterTypeLib@ATL@@YAJPEAUHINSTANCE__@@PEB_W@Z 0000000180006c0c f i FiscalPrinter.obj
 0001:00005cd4       ?AtlWinModuleExtractCreateWndData@ATL@@YAPEAXPEAU_ATL_WIN_MODULE70@1@@Z 0000000180006cd4 f i FiscalPrinter.obj
 0001:00005d60       ?Cleanup@CComTypeInfoHolder@ATL@@SAX_K@Z 0000000180006d60 f i FiscalPrinter.obj
 0001:00005da0       ?ClearReplacements@CExpansionVector@ATL@@QEAAJXZ 0000000180006da0 f i FiscalPrinter.obj
 0001:00005e3c       ?CreateInstance@?$CComCreator@V?$CComAggObject@VCOPOSFiscalPrinter@@@ATL@@@ATL@@SAJPEAXAEBU_GUID@@PEAPEAX@Z 0000000180006e3c f i FiscalPrinter.obj
 0001:00005f14       ?CreateInstance@?$CComCreator@V?$CComObject@VCOPOSFiscalPrinter@@@ATL@@@ATL@@SAJPEAXAEBU_GUID@@PEAPEAX@Z 0000000180006f14 f i FiscalPrinter.obj
 0001:00005fcc       ?CreateInstance@?$CComObject@V?$CComEnum@UIEnumConnectionPoints@@$1?_GUID_b196b285_bab4_101a_b69c_00aa00341d07@@3U__s_GUID@@BPEAUIConnectionPoint@@V?$_CopyInterface@UIConnectionPoint@@@ATL@@VCComSingleThreadModel@6@@ATL@@@ATL@@SAJPEAPEAV12@@Z 0000000180006fcc f i FiscalPrinter.obj
 0001:00006058       ?CreateInstance@?$CComObject@V?$CComEnum@UIEnumConnections@@$1?_GUID_b196b287_bab4_101a_b69c_00aa00341d07@@3U__s_GUID@@BUtagCONNECTDATA@@V?$_Copy@UtagCONNECTDATA@@@ATL@@VCComSingleThreadModel@6@@ATL@@@ATL@@SAJPEAPEAV12@@Z 0000000180007058 f i FiscalPrinter.obj
 0001:000060e4       ?DefaultReflectionHandler@?$CWindowImplRoot@VCWindow@ATL@@@ATL@@SAHPEAUHWND__@@I_K_JAEA_J@Z 00000001800070e4 f i FiscalPrinter.obj
 0001:00006148       ?DeleteSubKey@CRegKey@ATL@@QEAAJPEB_W@Z 0000000180007148 f i FiscalPrinter.obj
 0001:000061e0       ?DoEvent@COPOSFiscalPrinter@@IEAAXI_K_J@Z 00000001800071e0 f i FiscalPrinter.obj
 0001:00006294       ?DoVerbPrimary@?$IOleObjectImpl@VCOPOSFiscalPrinter@@@ATL@@QEAAJPEBUtagRECT@@PEAUHWND__@@@Z 0000000180007294 f i FiscalPrinter.obj
 0001:000063bc       ?DoVerbProperties@CComControlBase@ATL@@QEAAJPEBUtagRECT@@PEAUHWND__@@@Z 00000001800073bc f i FiscalPrinter.obj
 0001:000065e4       ?FireTheEvent@?$CProxy_IOPOSEvents@VCOPOSFiscalPrinter@@@@IEAAXPEAVOposVariant@@IAEAJPEB_WJ@Z 00000001800075e4 f i FiscalPrinter.obj
 0001:000066d0       ?FireViewChange@CComControlBase@ATL@@QEAAJXZ 00000001800076d0 f i FiscalPrinter.obj
 0001:00006734       ?Fire_DirectIOEvent@?$CProxy_IOPOSEvents@VCOPOSFiscalPrinter@@@@QEAAXJPEAJPEAPEA_W@Z 0000000180007734 f i FiscalPrinter.obj
 0001:0000688c       ?Fire_ErrorEvent@?$CProxy_IOPOSEvents@VCOPOSFiscalPrinter@@@@QEAAXJJJPEAJ@Z 000000018000788c f i FiscalPrinter.obj
 0001:000069f4       ?Fire_OutputCompleteEvent@?$CProxy_IOPOSEvents@VCOPOSFiscalPrinter@@@@QEAAXJ@Z 00000001800079f4 f i FiscalPrinter.obj
 0001:00006ae0       ?Fire_StatusUpdateEvent@?$CProxy_IOPOSEvents@VCOPOSFiscalPrinter@@@@QEAAXJ@Z 0000000180007ae0 f i FiscalPrinter.obj
 0001:00006bcc       ?FreeHeap@?$CTempBuffer@_W$0BAA@VCCRTAllocator@ATL@@@ATL@@AEAAXXZ 0000000180007bcc f i FiscalPrinter.obj
 0001:00006bcc       ?FreeHeap@?$CTempBuffer@_W$0EAA@VCCRTAllocator@ATL@@@ATL@@AEAAXXZ 0000000180007bcc f i FiscalPrinter.obj
 0001:00006bcc       ?FreeHeap@?$CTempBuffer@E$0BAA@VCCRTAllocator@ATL@@@ATL@@AEAAXXZ 0000000180007bcc f i FiscalPrinter.obj
 0001:00006bd4       ?GetAmbientLocaleID@CComControlBase@ATL@@QEAAJAEAK@Z 0000000180007bd4 f i FiscalPrinter.obj
 0001:00006c94       ?GetAmbientUserMode@CComControlBase@ATL@@QEAAJAEAH@Z 0000000180007c94 f i FiscalPrinter.obj
 0001:00006d68       ?GetClassObject@CComModule@ATL@@QEAAJAEBU_GUID@@0PEAPEAX@Z 0000000180007d68 f i FiscalPrinter.obj
 0001:00006e5c       ?GetConnMap@COPOSFiscalPrinter@@SAPEBU_ATL_CONNMAP_ENTRY@ATL@@PEAH@Z 0000000180007e5c f i FiscalPrinter.obj
 0001:00006ee4       ?GetIDsOfNames@CComTypeInfoHolder@ATL@@QEAAJAEBU_GUID@@PEAPEA_WIKPEAJ@Z 0000000180007ee4 f i FiscalPrinter.obj
 0001:0000705c       ?GetPagesHelper@?$ISpecifyPropertyPagesImpl@VCOPOSFiscalPrinter@@@ATL@@IEAAJPEAUtagCAUUID@@PEBUATL_PROPMAP_ENTRY@2@@Z 000000018000805c f i FiscalPrinter.obj
 0001:000071fc       ?GetSizeMax@CComVariant@ATL@@QEBAJPEAT_ULARGE_INTEGER@@@Z 00000001800081fc f i FiscalPrinter.obj
 0001:00007430       ?GetTI@CComTypeInfoHolder@ATL@@QEAAJK@Z 0000000180008430 f i FiscalPrinter.obj
 0001:000076a8       ?GetZoomInfo@CComControlBase@ATL@@QEAAXAEAUATL_DRAWINFO@@@Z 00000001800086a8 f i FiscalPrinter.obj
 0001:0000774c       ?HKeyFromString@CRegParser@ATL@@KAPEAUHKEY__@@PEA_W@Z 000000018000874c f i FiscalPrinter.obj
 0001:000077b0       ?IDataObject_GetData@CComControlBase@ATL@@QEAAJPEAUtagFORMATETC@@PEAUtagSTGMEDIUM@@@Z 00000001800087b0 f i FiscalPrinter.obj
 0001:000079a4       ?IOleInPlaceObject_InPlaceDeactivate@CComControlBase@ATL@@QEAAJXZ 00000001800089a4 f i FiscalPrinter.obj
 0001:00007a44       ?IOleInPlaceObject_SetObjectRects@CComControlBase@ATL@@QEAAJPEBUtagRECT@@0@Z 0000000180008a44 f i FiscalPrinter.obj
 0001:00007b34       ?IOleInPlaceObject_UIDeactivate@CComControlBase@ATL@@QEAAJXZ 0000000180008b34 f i FiscalPrinter.obj
 0001:00007c40       ?IOleObject_Close@CComControlBase@ATL@@QEAAJK@Z 0000000180008c40 f i FiscalPrinter.obj
 0001:00007d58       ?IOleObject_SetClientSite@CComControlBase@ATL@@QEAAJPEAUIOleClientSite@@@Z 0000000180008d58 f i FiscalPrinter.obj
 0001:00007dd0       ?IOleObject_SetExtent@CComControlBase@ATL@@QEAAJKPEAUtagSIZE@@@Z 0000000180008dd0 f i FiscalPrinter.obj
 0001:00007e68       ?IPSI_GetIPersistStreamInit@?$IPersistStorageImpl@VCOPOSFiscalPrinter@@@ATL@@AEAAPEAUIPersistStreamInit@@XZ 0000000180008e68 f i FiscalPrinter.obj
 0001:00007ec4       ?IQuickActivate_QuickActivate@CComControlBase@ATL@@QEAAJPEAUtagQACONTAINER@@PEAUtagQACONTROL@@@Z 0000000180008ec4 f i FiscalPrinter.obj
 0001:00008188       ?IViewObject_Draw@CComControlBase@ATL@@QEAAJKJPEAXPEAUtagDVTARGETDEVICE@@PEAUHDC__@@2PEBU_RECTL@@3@Z 0000000180009188 f i FiscalPrinter.obj
 0001:0000829c       ?InPlaceActivate@CComControlBase@ATL@@QEAAJJPEBUtagRECT@@@Z 000000018000929c f i FiscalPrinter.obj
 0001:000085d4       ?Init@?$CComEnumImpl@UIEnumConnectionPoints@@$1?_GUID_b196b285_bab4_101a_b69c_00aa00341d07@@3U__s_GUID@@BPEAUIConnectionPoint@@V?$_CopyInterface@UIConnectionPoint@@@ATL@@@ATL@@QEAAJPEAPEAUIConnectionPoint@@0PEAUIUnknown@@W4CComEnumFlags@2@@Z 00000001800095d4 f i FiscalPrinter.obj
 0001:000086f4       ?Init@?$CComEnumImpl@UIEnumConnections@@$1?_GUID_b196b287_bab4_101a_b69c_00aa00341d07@@3U__s_GUID@@BUtagCONNECTDATA@@V?$_Copy@UtagCONNECTDATA@@@ATL@@@ATL@@QEAAJPEAUtagCONNECTDATA@@0PEAUIUnknown@@W4CComEnumFlags@2@@Z 00000001800096f4 f i FiscalPrinter.obj
 0001:00008818       ?IsEqualObject@?$CComPtrBase@UIOleClientSite@@@ATL@@QEAA_NPEAUIUnknown@@@Z 0000000180009818 f i FiscalPrinter.obj
 0001:00008818       ?IsEqualObject@?$CComPtrBase@UITypeInfo@@@ATL@@QEAA_NPEAUIUnknown@@@Z 0000000180009818 f i FiscalPrinter.obj
 0001:000088a4       ?LoadNameCache@CComTypeInfoHolder@ATL@@QEAAJPEAUITypeInfo@@@Z 00000001800098a4 f i FiscalPrinter.obj
 0001:00008a28       ?Lookup@?$CSimpleMap@PEA_WPEA_WVCExpansionVectorEqualHelper@ATL@@@ATL@@QEBAPEA_WAEBQEA_W@Z 0000000180009a28 f i FiscalPrinter.obj
 0001:00008ab4       ?NextToken@CRegParser@ATL@@IEAAJPEA_W@Z 0000000180009ab4 f i FiscalPrinter.obj
 0001:00008c6c       ?OnKillFocus@CComControlBase@ATL@@QEAA_JI_K_JAEAH@Z 0000000180009c6c f i FiscalPrinter.obj
 0001:00008d08       ?OnMouseActivate@CComControlBase@ATL@@QEAA_JI_K_JAEAH@Z 0000000180009d08 f i FiscalPrinter.obj
 0001:00008da8       ?OnPaint@CComControlBase@ATL@@QEAA_JI_K_JAEAH@Z 0000000180009da8 f i FiscalPrinter.obj
 0001:00008e94       ?OnSetFocus@CComControlBase@ATL@@QEAA_JI_K_JAEAH@Z 0000000180009e94 f i FiscalPrinter.obj
 0001:00008f90       ?Open@CRegKey@ATL@@QEAAJPEAUHKEY__@@PEB_WK@Z 0000000180009f90 f i FiscalPrinter.obj
 0001:0000901c       ?PreProcessBuffer@CRegParser@ATL@@QEAAJPEA_WPEAPEA_W@Z 000000018000a01c f i FiscalPrinter.obj
 0001:000093a0       ?ProcessWindowMessage@?$CComControl@VCOPOSFiscalPrinter@@V?$CWindowImpl@VCOPOSFiscalPrinter@@VCWindow@ATL@@V?$CWinTraits@$0FGAAAAAA@$0A@@3@@ATL@@@ATL@@UEAAHPEAUHWND__@@I_K_JAEA_JK@Z 000000018000a3a0 f i FiscalPrinter.obj
 0001:00009484       ?PutProperty@?$CComPtr@UIDispatch@@@ATL@@SAJPEAUIDispatch@@JPEAUtagVARIANT@@@Z 000000018000a484 f i FiscalPrinter.obj
 0001:00009588       ?ReadFromStream@CComBSTR@ATL@@QEAAJPEAUIStream@@@Z 000000018000a588 f i FiscalPrinter.obj
 0001:000096e4       ?ReadFromStream@CComVariant@ATL@@QEAAJPEAUIStream@@GTClassesAllowedInStream@2@K@Z 000000018000a6e4 f i FiscalPrinter.obj
 0001:000098f4       ?RecurseDeleteKey@CRegKey@ATL@@QEAAJPEB_W@Z 000000018000a8f4 f i FiscalPrinter.obj
 0001:00009a00       ?RegCreateKeyExW@CAtlTransactionManager@ATL@@QEAAJPEAUHKEY__@@PEB_WKPEA_WKKQEAU_SECURITY_ATTRIBUTES@@PEAPEAU3@PEAK@Z 000000018000aa00 f i FiscalPrinter.obj
 0001:00009b34       ?RegDeleteKeyW@CAtlTransactionManager@ATL@@QEAAJPEAUHKEY__@@PEB_W@Z 000000018000ab34 f i FiscalPrinter.obj
 0001:00009bc0       ?RegOpenKeyExW@CAtlTransactionManager@ATL@@QEAAJPEAUHKEY__@@PEB_WKKPEAPEAU3@@Z 000000018000abc0 f i FiscalPrinter.obj
 0001:00009c78       ?RegisterBuffer@CRegParser@ATL@@QEAAJPEA_WH@Z 000000018000ac78 f i FiscalPrinter.obj
 0001:00009de0       ?RegisterFromResource@CRegObject@ATL@@IEAAJPEB_W00H@Z 000000018000ade0 f i FiscalPrinter.obj
 0001:00009f9c       ?RegisterServer@CComModule@ATL@@QEAAJHPEBU_GUID@@@Z 000000018000af9c f i FiscalPrinter.obj
 0001:0000a05c       ?RegisterSubkeys@CRegParser@ATL@@IEAAJPEA_WPEAUHKEY__@@HH@Z 000000018000b05c f i FiscalPrinter.obj
 0001:0000a758       ?SendOnDataChange@CComControlBase@ATL@@QEAAJK@Z 000000018000b758 f i FiscalPrinter.obj
 0001:0000a7c8       ?SetControlFocus@CComControlBase@ATL@@QEAAHH@Z 000000018000b7c8 f i FiscalPrinter.obj
 0001:0000a8a4       ?SkipAssignment@CRegParser@ATL@@IEAAJPEA_W@Z 000000018000b8a4 f i FiscalPrinter.obj
 0001:0000a948       ?Term@CComModule@ATL@@QEAAXXZ 000000018000b948 f i FiscalPrinter.obj
 0001:0000a9f4       ?UnregisterServer@CComModule@ATL@@QEAAJHPEBU_GUID@@@Z 000000018000b9f4 f i FiscalPrinter.obj
 0001:0000aaa4       ?UpdateRegistryFromResource@CAtlModule@ATL@@QEAAJIHPEAU_ATL_REGMAP_ENTRY@2@@Z 000000018000baa4 f i FiscalPrinter.obj
 0001:0000addc       ?UpdateRegistryFromResource@CAtlModule@ATL@@QEAAJPEB_WHPEAU_ATL_REGMAP_ENTRY@2@@Z 000000018000bddc f i FiscalPrinter.obj
 0001:0000b134       ?VTFromRegType@CRegParser@ATL@@KAHPEB_WAEAG@Z 000000018000c134 f i FiscalPrinter.obj
 0001:0000b1d0       ?WindowProc@?$CWindowImplBaseT@VCWindow@ATL@@V?$CWinTraits@$0FGAAAAAA@$0A@@2@@ATL@@SA_JPEAUHWND__@@I_K_J@Z 000000018000c1d0 f i FiscalPrinter.obj
 0001:0000b33c       ?WriteToStream@CComBSTR@ATL@@QEAAJPEAUIStream@@@Z 000000018000c33c f i FiscalPrinter.obj
 0001:0000b3bc       ?WriteToStream@CComVariant@ATL@@QEAAJPEAUIStream@@@Z 000000018000c3bc f i FiscalPrinter.obj
 0001:0000b5d0       ?WriteToStream@CComVariant@ATL@@QEAAJPEAUIStream@@G@Z 000000018000c5d0 f i FiscalPrinter.obj
 0001:0000b668       ?_AtlVerifyStackAvailable@_ATL_SAFE_ALLOCA_IMPL@ATL@@YA_N_K@Z 000000018000c668 f i FiscalPrinter.obj
 0001:0000b6ec       ?atlCreate@?$CWindowImpl@VCOPOSFiscalPrinter@@VCWindow@ATL@@V?$CWinTraits@$0FGAAAAAA@$0A@@3@@ATL@@QEAAPEAUHWND__@@PEAU3@V_U_RECT@2@PEB_WKKV_U_MENUorID@2@PEAX@Z 000000018000c6ec f i FiscalPrinter.obj
 0001:0000b79c       ?atlCreate@?$CWindowImplBaseT@VCWindow@ATL@@V?$CWinTraits@$0FGAAAAAA@$0A@@2@@ATL@@QEAAPEAUHWND__@@PEAU3@V_U_RECT@2@PEB_WKKV_U_MENUorID@2@GPEAX@Z 000000018000c79c f i FiscalPrinter.obj
 0001:0000b90c       ?atlCreate@CRegKey@ATL@@QEAAJPEAUHKEY__@@PEB_WPEA_WKKPEAU_SECURITY_ATTRIBUTES@@PEAK@Z 000000018000c90c f i FiscalPrinter.obj
 0001:0000b9f8       DllCanUnloadNow            000000018000c9f8 f   FiscalPrinter.obj
 0001:0000ba04       DllGetClassObject          000000018000ca04 f   FiscalPrinter.obj
 0001:0000ba1c       DllMain                    000000018000ca1c f   FiscalPrinter.obj
 0001:0000bac4       DllRegisterServer          000000018000cac4 f   FiscalPrinter.obj
 0001:0000bad8       DllUnregisterServer        000000018000cad8 f   FiscalPrinter.obj
 0001:0000baec       __local_stdio_printf_options 000000018000caec f i FiscalPrinter.obj
 0001:0000bb7c       swprintf_s                 000000018000cb7c f i FiscalPrinter.obj
 0001:0000bbd0       ??0COPOSFiscalPrinter@@QEAA@XZ 000000018000cbd0 f   FiscalPrinterImpl.obj
 0001:0000bc98       ??1?$IConnectionPointImpl@VCOPOSFiscalPrinter@@$1?IID_IPropertyNotifySink@@3U_GUID@@BVCComDynamicUnkArray@ATL@@@ATL@@QEAA@XZ 000000018000cc98 f i FiscalPrinterImpl.obj
 0001:0000bc98       ??1?$IConnectionPointImpl@VCOPOSFiscalPrinter@@$1?DIID__IOPOSFiscalPrinterEvents@@3U_GUID@@BVCComDynamicUnkArray@ATL@@@ATL@@QEAA@XZ 000000018000cc98 f i FiscalPrinterImpl.obj
 0001:0000bcf4       ??1CComControlBase@ATL@@UEAA@XZ 000000018000ccf4 f i FiscalPrinterImpl.obj
 0001:0000bd70       ??1COPOSFiscalPrinter@@UEAA@XZ 000000018000cd70 f   FiscalPrinterImpl.obj
 0001:0000bdd4       ?BeginFiscalDocument@COPOSFiscalPrinter@@UEAAJJPEAJ@Z 000000018000cdd4 f   FiscalPrinterImpl.obj
 0001:0000be50       ?BeginFiscalReceipt@COPOSFiscalPrinter@@UEAAJFPEAJ@Z 000000018000ce50 f   FiscalPrinterImpl.obj
 0001:0000becc       ?BeginFixedOutput@COPOSFiscalPrinter@@UEAAJJJPEAJ@Z 000000018000cecc f   FiscalPrinterImpl.obj
 0001:0000bf98       ?BeginInsertion@COPOSFiscalPrinter@@UEAAJJPEAJ@Z 000000018000cf98 f   FiscalPrinterImpl.obj
 0001:0000c014       ?BeginItemList@COPOSFiscalPrinter@@UEAAJJPEAJ@Z 000000018000d014 f   FiscalPrinterImpl.obj
 0001:0000c090       ?BeginNonFiscal@COPOSFiscalPrinter@@UEAAJPEAJ@Z 000000018000d090 f   FiscalPrinterImpl.obj
 0001:0000c0b8       ?BeginRemoval@COPOSFiscalPrinter@@UEAAJJPEAJ@Z 000000018000d0b8 f   FiscalPrinterImpl.obj
 0001:0000c134       ?BeginTraining@COPOSFiscalPrinter@@UEAAJPEAJ@Z 000000018000d134 f   FiscalPrinterImpl.obj
 0001:0000c15c       ?CheckHealth@COPOSFiscalPrinter@@UEAAJJPEAJ@Z 000000018000d15c f   FiscalPrinterImpl.obj
 0001:0000c1d8       ?ClaimDevice@COPOSFiscalPrinter@@UEAAJJPEAJ@Z 000000018000d1d8 f   FiscalPrinterImpl.obj
 0001:0000c278       ?ClearError@COPOSFiscalPrinter@@UEAAJPEAJ@Z 000000018000d278 f   FiscalPrinterImpl.obj
 0001:0000c2a0       ?ClearOutput@COPOSFiscalPrinter@@UEAAJPEAJ@Z 000000018000d2a0 f   FiscalPrinterImpl.obj
 0001:0000c2c8       ?Close@COPOSFiscalPrinter@@UEAAJPEAJ@Z 000000018000d2c8 f   FiscalPrinterImpl.obj
 0001:0000c380       ?CompareFirmwareVersion@COPOSFiscalPrinter@@UEAAJPEA_WPEAJ1@Z 000000018000d380 f   FiscalPrinterImpl.obj
 0001:0000c45c       ?DirectIO@COPOSFiscalPrinter@@UEAAJJPEAJPEAPEA_W0@Z 000000018000d45c f   FiscalPrinterImpl.obj
 0001:0000c558       ?DoInvoke@COPOSFiscalPrinter@@IEAAJJPEAVOposVariant@@IHPEAJ_N@Z 000000018000d558 f   FiscalPrinterImpl.obj
 0001:0000c68c       ?EndFiscalDocument@COPOSFiscalPrinter@@UEAAJPEAJ@Z 000000018000d68c f   FiscalPrinterImpl.obj
 0001:0000c6b4       ?EndFiscalReceipt@COPOSFiscalPrinter@@UEAAJFPEAJ@Z 000000018000d6b4 f   FiscalPrinterImpl.obj
 0001:0000c730       ?EndFixedOutput@COPOSFiscalPrinter@@UEAAJPEAJ@Z 000000018000d730 f   FiscalPrinterImpl.obj
 0001:0000c758       ?EndInsertion@COPOSFiscalPrinter@@UEAAJPEAJ@Z 000000018000d758 f   FiscalPrinterImpl.obj
 0001:0000c780       ?EndItemList@COPOSFiscalPrinter@@UEAAJPEAJ@Z 000000018000d780 f   FiscalPrinterImpl.obj
 0001:0000c7a8       ?EndNonFiscal@COPOSFiscalPrinter@@UEAAJPEAJ@Z 000000018000d7a8 f   FiscalPrinterImpl.obj
 0001:0000c7d0       ?EndRemoval@COPOSFiscalPrinter@@UEAAJPEAJ@Z 000000018000d7d0 f   FiscalPrinterImpl.obj
 0001:0000c7f8       ?EndTraining@COPOSFiscalPrinter@@UEAAJPEAJ@Z 000000018000d7f8 f   FiscalPrinterImpl.obj
 0001:0000c820       ?EventInit@COPOSFiscalPrinter@@IEAAJXZ 000000018000d820 f i FiscalPrinterImpl.obj
 0001:0000c968       ?EventUninit@COPOSFiscalPrinter@@IEAAXXZ 000000018000d968 f i FiscalPrinterImpl.obj
 0001:0000c9cc       ?EventWindowProc@COPOSFiscalPrinter@@IEAA_JI_K_J@Z 000000018000d9cc f i FiscalPrinterImpl.obj
 0001:0000cb64       ?FinalConstruct@COPOSFiscalPrinter@@QEAAJXZ 000000018000db64 f   FiscalPrinterImpl.obj
 0001:0000cba0       ?FreezeEvents@COPOSFiscalPrinter@@MEAAJH@Z 000000018000dba0 f   FiscalPrinterImpl.obj
 0001:0000cc14       ?GetData@COPOSFiscalPrinter@@UEAAJJPEAJPEAPEA_W0@Z 000000018000dc14 f   FiscalPrinterImpl.obj
 0001:0000cd10       ?GetDate@COPOSFiscalPrinter@@UEAAJPEAPEA_WPEAJ@Z 000000018000dd10 f   FiscalPrinterImpl.obj
 0001:0000cd98       ?GetOposProp@COPOSFiscalPrinter@@IEAAJJPEAJJ@Z 000000018000dd98 f   FiscalPrinterImpl.obj
 0001:0000ceb4       ?GetOposProp@COPOSFiscalPrinter@@IEAAJJPEAPEA_WJ@Z 000000018000deb4 f   FiscalPrinterImpl.obj
 0001:0000cfe0       ?GetTotalizer@COPOSFiscalPrinter@@UEAAJJJPEAPEA_WPEAJ@Z 000000018000dfe0 f   FiscalPrinterImpl.obj
 0001:0000d0d8       ?GetVatEntry@COPOSFiscalPrinter@@UEAAJJJPEAJ0@Z 000000018000e0d8 f   FiscalPrinterImpl.obj
 0001:0000d1d0       ?OnDraw@COPOSFiscalPrinter@@MEAAJAEAUATL_DRAWINFO@@@Z 000000018000e1d0 f   FiscalPrinterImpl.obj
 0001:0000d2bc       ?Open@COPOSFiscalPrinter@@UEAAJPEA_WPEAJ@Z 000000018000e2bc f   FiscalPrinterImpl.obj
 0001:0000db38       ?PrintDuplicateReceipt@COPOSFiscalPrinter@@UEAAJPEAJ@Z 000000018000eb38 f   FiscalPrinterImpl.obj
 0001:0000db60       ?PrintFiscalDocumentLine@COPOSFiscalPrinter@@UEAAJPEA_WPEAJ@Z 000000018000eb60 f   FiscalPrinterImpl.obj
 0001:0000dbe8       ?PrintFixedOutput@COPOSFiscalPrinter@@UEAAJJJPEA_WPEAJ@Z 000000018000ebe8 f   FiscalPrinterImpl.obj
 0001:0000dce0       ?PrintNormal@COPOSFiscalPrinter@@UEAAJJPEA_WPEAJ@Z 000000018000ece0 f   FiscalPrinterImpl.obj
 0001:0000ddb8       ?PrintPeriodicTotalsReport@COPOSFiscalPrinter@@UEAAJPEA_W0PEAJ@Z 000000018000edb8 f   FiscalPrinterImpl.obj
 0001:0000de94       ?PrintPowerLossReport@COPOSFiscalPrinter@@UEAAJPEAJ@Z 000000018000ee94 f   FiscalPrinterImpl.obj
 0001:0000debc       ?PrintRecCash@COPOSFiscalPrinter@@UEAAJTtagCY@@PEAJ@Z 000000018000eebc f   FiscalPrinterImpl.obj
 0001:0000df38       ?PrintRecItem@COPOSFiscalPrinter@@UEAAJPEA_WTtagCY@@JJ10PEAJ@Z 000000018000ef38 f   FiscalPrinterImpl.obj
 0001:0000e064       ?PrintRecItemAdjustment@COPOSFiscalPrinter@@UEAAJJPEA_WTtagCY@@JPEAJ@Z 000000018000f064 f   FiscalPrinterImpl.obj
 0001:0000e158       ?PrintRecItemAdjustmentVoid@COPOSFiscalPrinter@@UEAAJJPEA_WTtagCY@@JPEAJ@Z 000000018000f158 f   FiscalPrinterImpl.obj
 0001:0000e24c       ?PrintRecItemFuel@COPOSFiscalPrinter@@UEAAJPEA_WTtagCY@@JJ1010PEAJ@Z 000000018000f24c f   FiscalPrinterImpl.obj
 0001:0000e3a0       ?PrintRecItemFuelVoid@COPOSFiscalPrinter@@UEAAJPEA_WTtagCY@@J1PEAJ@Z 000000018000f3a0 f   FiscalPrinterImpl.obj
 0001:0000e494       ?PrintRecItemRefund@COPOSFiscalPrinter@@UEAAJPEA_WTtagCY@@JJ10PEAJ@Z 000000018000f494 f   FiscalPrinterImpl.obj
 0001:0000e5c0       ?PrintRecItemRefundVoid@COPOSFiscalPrinter@@UEAAJPEA_WTtagCY@@JJ10PEAJ@Z 000000018000f5c0 f   FiscalPrinterImpl.obj
 0001:0000e6ec       ?PrintRecItemVoid@COPOSFiscalPrinter@@UEAAJPEA_WTtagCY@@JJ10PEAJ@Z 000000018000f6ec f   FiscalPrinterImpl.obj
 0001:0000e818       ?PrintRecMessage@COPOSFiscalPrinter@@UEAAJPEA_WPEAJ@Z 000000018000f818 f   FiscalPrinterImpl.obj
 0001:0000e8a0       ?PrintRecNotPaid@COPOSFiscalPrinter@@UEAAJPEA_WTtagCY@@PEAJ@Z 000000018000f8a0 f   FiscalPrinterImpl.obj
 0001:0000e978       ?PrintRecPackageAdjustVoid@COPOSFiscalPrinter@@UEAAJJPEA_WPEAJ@Z 000000018000f978 f   FiscalPrinterImpl.obj
 0001:0000ea50       ?PrintRecPackageAdjustment@COPOSFiscalPrinter@@UEAAJJPEA_W0PEAJ@Z 000000018000fa50 f   FiscalPrinterImpl.obj
 0001:0000eb4c       ?PrintRecRefund@COPOSFiscalPrinter@@UEAAJPEA_WTtagCY@@JPEAJ@Z 000000018000fb4c f   FiscalPrinterImpl.obj
 0001:0000ec44       ?PrintRecRefundVoid@COPOSFiscalPrinter@@UEAAJPEA_WTtagCY@@JPEAJ@Z 000000018000fc44 f   FiscalPrinterImpl.obj
 0001:0000ed3c       ?PrintRecSubtotal@COPOSFiscalPrinter@@UEAAJTtagCY@@PEAJ@Z 000000018000fd3c f   FiscalPrinterImpl.obj
 0001:0000edb8       ?PrintRecSubtotalAdjustVoid@COPOSFiscalPrinter@@UEAAJJTtagCY@@PEAJ@Z 000000018000fdb8 f   FiscalPrinterImpl.obj
 0001:0000ee84       ?PrintRecSubtotalAdjustment@COPOSFiscalPrinter@@UEAAJJPEA_WTtagCY@@PEAJ@Z 000000018000fe84 f   FiscalPrinterImpl.obj
 0001:0000ef7c       ?PrintRecTaxID@COPOSFiscalPrinter@@UEAAJPEA_WPEAJ@Z 000000018000ff7c f   FiscalPrinterImpl.obj
 0001:0000f004       ?PrintRecTotal@COPOSFiscalPrinter@@UEAAJTtagCY@@0PEA_WPEAJ@Z 0000000180010004 f   FiscalPrinterImpl.obj
 0001:0000f0fc       ?PrintRecVoid@COPOSFiscalPrinter@@UEAAJPEA_WPEAJ@Z 00000001800100fc f   FiscalPrinterImpl.obj
 0001:0000f184       ?PrintRecVoidItem@COPOSFiscalPrinter@@UEAAJPEA_WTtagCY@@JJ1JPEAJ@Z 0000000180010184 f   FiscalPrinterImpl.obj
 0001:0000f2a0       ?PrintReport@COPOSFiscalPrinter@@UEAAJJPEA_W0PEAJ@Z 00000001800102a0 f   FiscalPrinterImpl.obj
 0001:0000f39c       ?PrintXReport@COPOSFiscalPrinter@@UEAAJPEAJ@Z 000000018001039c f   FiscalPrinterImpl.obj
 0001:0000f3c4       ?PrintZReport@COPOSFiscalPrinter@@UEAAJPEAJ@Z 00000001800103c4 f   FiscalPrinterImpl.obj
 0001:0000f3ec       ?ReleaseDevice@COPOSFiscalPrinter@@UEAAJPEAJ@Z 00000001800103ec f   FiscalPrinterImpl.obj
 0001:0000f458       ?ResetPrinterW@COPOSFiscalPrinter@@UEAAJPEAJ@Z 0000000180010458 f   FiscalPrinterImpl.obj
 0001:0000f480       ?ResetStatistics@COPOSFiscalPrinter@@UEAAJPEA_WPEAJ@Z 0000000180010480 f   FiscalPrinterImpl.obj
 0001:0000f508       ?RetrieveStatistics@COPOSFiscalPrinter@@UEAAJPEAPEA_WPEAJ@Z 0000000180010508 f   FiscalPrinterImpl.obj
 0001:0000f590       ?SOProcessID@COPOSFiscalPrinter@@UEAAJPEAJ@Z 0000000180010590 f   FiscalPrinterImpl.obj
 0001:0000f5ac       ?SetCOFreezeEvents@COPOSFiscalPrinter@@IEAAXF@Z 00000001800105ac f   FiscalPrinterImpl.obj
 0001:0000f690       ?SetCurrency@COPOSFiscalPrinter@@UEAAJJPEAJ@Z 0000000180010690 f   FiscalPrinterImpl.obj
 0001:0000f70c       ?SetDate@COPOSFiscalPrinter@@UEAAJPEA_WPEAJ@Z 000000018001070c f   FiscalPrinterImpl.obj
 0001:0000f794       ?SetHeaderLine@COPOSFiscalPrinter@@UEAAJJPEA_WFPEAJ@Z 0000000180010794 f   FiscalPrinterImpl.obj
 0001:0000f88c       ?SetOposProp@COPOSFiscalPrinter@@IEAAJJJJ@Z 000000018001088c f   FiscalPrinterImpl.obj
 0001:0000f9ec       ?SetOposProp@COPOSFiscalPrinter@@IEAAJJPEA_WJ@Z 00000001800109ec f   FiscalPrinterImpl.obj
 0001:0000fb44       ?SetPOSID@COPOSFiscalPrinter@@UEAAJPEA_W0PEAJ@Z 0000000180010b44 f   FiscalPrinterImpl.obj
 0001:0000fc20       ?SetStoreFiscalID@COPOSFiscalPrinter@@UEAAJPEA_WPEAJ@Z 0000000180010c20 f   FiscalPrinterImpl.obj
 0001:0000fca8       ?SetTrailerLine@COPOSFiscalPrinter@@UEAAJJPEA_WFPEAJ@Z 0000000180010ca8 f   FiscalPrinterImpl.obj
 0001:0000fda0       ?SetVatTable@COPOSFiscalPrinter@@UEAAJPEAJ@Z 0000000180010da0 f   FiscalPrinterImpl.obj
 0001:0000fdc8       ?SetVatValue@COPOSFiscalPrinter@@UEAAJJPEA_WPEAJ@Z 0000000180010dc8 f   FiscalPrinterImpl.obj
 0001:0000fea0       ?UpdateFirmware@COPOSFiscalPrinter@@UEAAJPEA_WPEAJ@Z 0000000180010ea0 f   FiscalPrinterImpl.obj
 0001:0000ff28       ?UpdateStatistics@COPOSFiscalPrinter@@UEAAJPEA_WPEAJ@Z 0000000180010f28 f   FiscalPrinterImpl.obj
 0001:0000ffb0       ?VerifyItem@COPOSFiscalPrinter@@UEAAJPEA_WJPEAJ@Z 0000000180010fb0 f   FiscalPrinterImpl.obj
 0001:00010088       ?get_ActualCurrency@COPOSFiscalPrinter@@UEAAJPEAJ@Z 0000000180011088 f   FiscalPrinterImpl.obj
 0001:0001009c       ?get_AdditionalHeader@COPOSFiscalPrinter@@UEAAJPEAPEA_W@Z 000000018001109c f   FiscalPrinterImpl.obj
 0001:000100b0       ?get_AdditionalTrailer@COPOSFiscalPrinter@@UEAAJPEAPEA_W@Z 00000001800110b0 f   FiscalPrinterImpl.obj
 0001:000100c4       ?get_AmountDecimalPlaces@COPOSFiscalPrinter@@UEAAJPEAJ@Z 00000001800110c4 f   FiscalPrinterImpl.obj
 0001:000100d8       ?get_AsyncMode@COPOSFiscalPrinter@@UEAAJPEAF@Z 00000001800110d8 f   FiscalPrinterImpl.obj
 0001:0001010c       ?get_BinaryConversion@COPOSFiscalPrinter@@UEAAJPEAJ@Z 000000018001110c f   FiscalPrinterImpl.obj
 0001:00010120       ?get_CapAdditionalHeader@COPOSFiscalPrinter@@UEAAJPEAF@Z 0000000180011120 f   FiscalPrinterImpl.obj
 0001:00010154       ?get_CapAdditionalLines@COPOSFiscalPrinter@@UEAAJPEAF@Z 0000000180011154 f   FiscalPrinterImpl.obj
 0001:00010188       ?get_CapAdditionalTrailer@COPOSFiscalPrinter@@UEAAJPEAF@Z 0000000180011188 f   FiscalPrinterImpl.obj
 0001:000101bc       ?get_CapAmountAdjustment@COPOSFiscalPrinter@@UEAAJPEAF@Z 00000001800111bc f   FiscalPrinterImpl.obj
 0001:000101f0       ?get_CapAmountNotPaid@COPOSFiscalPrinter@@UEAAJPEAF@Z 00000001800111f0 f   FiscalPrinterImpl.obj
 0001:00010224       ?get_CapChangeDue@COPOSFiscalPrinter@@UEAAJPEAF@Z 0000000180011224 f   FiscalPrinterImpl.obj
 0001:00010258       ?get_CapCheckTotal@COPOSFiscalPrinter@@UEAAJPEAF@Z 0000000180011258 f   FiscalPrinterImpl.obj
 0001:0001028c       ?get_CapCompareFirmwareVersion@COPOSFiscalPrinter@@UEAAJPEAF@Z 000000018001128c f   FiscalPrinterImpl.obj
 0001:000102c0       ?get_CapCoverSensor@COPOSFiscalPrinter@@UEAAJPEAF@Z 00000001800112c0 f   FiscalPrinterImpl.obj
 0001:000102f4       ?get_CapDoubleWidth@COPOSFiscalPrinter@@UEAAJPEAF@Z 00000001800112f4 f   FiscalPrinterImpl.obj
 0001:00010328       ?get_CapDuplicateReceipt@COPOSFiscalPrinter@@UEAAJPEAF@Z 0000000180011328 f   FiscalPrinterImpl.obj
 0001:0001035c       ?get_CapEmptyReceiptIsVoidable@COPOSFiscalPrinter@@UEAAJPEAF@Z 000000018001135c f   FiscalPrinterImpl.obj
 0001:00010390       ?get_CapFiscalReceiptStation@COPOSFiscalPrinter@@UEAAJPEAF@Z 0000000180011390 f   FiscalPrinterImpl.obj
 0001:000103c4       ?get_CapFiscalReceiptType@COPOSFiscalPrinter@@UEAAJPEAF@Z 00000001800113c4 f   FiscalPrinterImpl.obj
 0001:000103f8       ?get_CapFixedOutput@COPOSFiscalPrinter@@UEAAJPEAF@Z 00000001800113f8 f   FiscalPrinterImpl.obj
 0001:0001042c       ?get_CapHasVatTable@COPOSFiscalPrinter@@UEAAJPEAF@Z 000000018001142c f   FiscalPrinterImpl.obj
 0001:00010460       ?get_CapIndependentHeader@COPOSFiscalPrinter@@UEAAJPEAF@Z 0000000180011460 f   FiscalPrinterImpl.obj
 0001:00010494       ?get_CapItemList@COPOSFiscalPrinter@@UEAAJPEAF@Z 0000000180011494 f   FiscalPrinterImpl.obj
 0001:000104c8       ?get_CapJrnEmptySensor@COPOSFiscalPrinter@@UEAAJPEAF@Z 00000001800114c8 f   FiscalPrinterImpl.obj
 0001:000104fc       ?get_CapJrnNearEndSensor@COPOSFiscalPrinter@@UEAAJPEAF@Z 00000001800114fc f   FiscalPrinterImpl.obj
 0001:00010530       ?get_CapJrnPresent@COPOSFiscalPrinter@@UEAAJPEAF@Z 0000000180011530 f   FiscalPrinterImpl.obj
 0001:00010564       ?get_CapMultiContractor@COPOSFiscalPrinter@@UEAAJPEAF@Z 0000000180011564 f   FiscalPrinterImpl.obj
 0001:00010598       ?get_CapNonFiscalMode@COPOSFiscalPrinter@@UEAAJPEAF@Z 0000000180011598 f   FiscalPrinterImpl.obj
 0001:000105cc       ?get_CapOnlyVoidLastItem@COPOSFiscalPrinter@@UEAAJPEAF@Z 00000001800115cc f   FiscalPrinterImpl.obj
 0001:00010600       ?get_CapOrderAdjustmentFirst@COPOSFiscalPrinter@@UEAAJPEAF@Z 0000000180011600 f   FiscalPrinterImpl.obj
 0001:00010634       ?get_CapPackageAdjustment@COPOSFiscalPrinter@@UEAAJPEAF@Z 0000000180011634 f   FiscalPrinterImpl.obj
 0001:00010668       ?get_CapPercentAdjustment@COPOSFiscalPrinter@@UEAAJPEAF@Z 0000000180011668 f   FiscalPrinterImpl.obj
 0001:0001069c       ?get_CapPositiveAdjustment@COPOSFiscalPrinter@@UEAAJPEAF@Z 000000018001169c f   FiscalPrinterImpl.obj
 0001:000106d0       ?get_CapPositiveSubtotalAdjustment@COPOSFiscalPrinter@@UEAAJPEAF@Z 00000001800116d0 f   FiscalPrinterImpl.obj
 0001:00010704       ?get_CapPostPreLine@COPOSFiscalPrinter@@UEAAJPEAF@Z 0000000180011704 f   FiscalPrinterImpl.obj
 0001:00010738       ?get_CapPowerLossReport@COPOSFiscalPrinter@@UEAAJPEAF@Z 0000000180011738 f   FiscalPrinterImpl.obj
 0001:0001076c       ?get_CapPowerReporting@COPOSFiscalPrinter@@UEAAJPEAJ@Z 000000018001176c f   FiscalPrinterImpl.obj
 0001:00010780       ?get_CapPredefinedPaymentLines@COPOSFiscalPrinter@@UEAAJPEAF@Z 0000000180011780 f   FiscalPrinterImpl.obj
[...]
 0004:00001cb0       $pdata$??$?RV<lambda_fb3a7dec4e47f37f22dae91bb15c9095>@@AEAV<lambda_698284760c8add0bfb0756c19673e34b>@@V<lambda_dfb8eca1e75fef3034a8fb18dd509707>@@@?$__crt_seh_guarded_call@X@@QEAAX$$QEAV<lambda_fb3a7dec4e47f37f22dae91bb15c9095>@@AEAV<lambda_698284760c8add0bfb0756c19673e34b>@@$$QEAV<lambda_dfb8eca1e75fef3034a8fb18dd509707>@@@Z 0000000180038cb0     libucrt:per_thread_data.obj
 0004:00001cbc       $pdata$_calloc_base        0000000180038cbc     libucrt:calloc_base.obj
 0004:00001cc8       $pdata$_malloc_base        0000000180038cc8     libucrt:malloc_base.obj
 0004:00001cd4       $pdata$_msize              0000000180038cd4     libucrt:msize.obj
 0004:00001ce0       $pdata$_realloc_base       0000000180038ce0     libucrt:realloc_base.obj
 0004:00001cec       $pdata$__acrt_FlsAlloc     0000000180038cec     libucrt:winapi_thunks.obj
 0004:00001cf8       $pdata$__acrt_FlsFree      0000000180038cf8     libucrt:winapi_thunks.obj
 0004:00001d04       $pdata$__acrt_FlsGetValue  0000000180038d04     libucrt:winapi_thunks.obj
 0004:00001d10       $pdata$__acrt_FlsSetValue  0000000180038d10     libucrt:winapi_thunks.obj
 0004:00001d1c       $pdata$__acrt_initialize_winapi_thunks 0000000180038d1c     libucrt:winapi_thunks.obj
 0004:00001d28       $pdata$__acrt_uninitialize_winapi_thunks 0000000180038d28     libucrt:winapi_thunks.obj
 0004:00001d34       $pdata$__acrt_InitializeCriticalSectionEx 0000000180038d34     libucrt:winapi_thunks.obj
 0004:00001d40       $pdata$__acrt_LCMapStringEx 0000000180038d40     libucrt:winapi_thunks.obj
 0004:00001d4c       $pdata$__acrt_LocaleNameToLCID 0000000180038d4c     libucrt:winapi_thunks.obj
 0004:00001d58       $pdata$__acrt_SetThreadStackGuarantee 0000000180038d58     libucrt:winapi_thunks.obj
 0004:00001d64       $pdata$__acrt_is_packaged_app 0000000180038d64     libucrt:winapi_thunks.obj
 0004:00001d70       $pdata$?try_get_function@@YAPEAXW4function_id@?A0x63058377@@QEBDQEBW4module_id@2@2@Z 0000000180038d70     libucrt:winapi_thunks.obj
 0004:00001d7c       $pdata$isdigit             0000000180038d7c     libucrt:_ctype.obj
 0004:00001d88       $pdata$tolower             0000000180038d88     libucrt:tolower_toupper.obj
 0004:00001d94       $pdata$_tolower_l          0000000180038d94     libucrt:tolower_toupper.obj
 0004:00001da0       $pdata$?internal_isupper_l@@YA_NHQEAU__crt_locale_pointers@@@Z 0000000180038da0     libucrt:tolower_toupper.obj
 0004:00001dac       $pdata$wcstol              0000000180038dac     libucrt:strtox.obj
 0004:00001db8       $pdata$_mbtowc_l           0000000180038db8     libucrt:mbtowc.obj
 0004:00001dc4       $pdata$wcsnlen             0000000180038dc4     libucrt:strnlen.obj
 0004:00001dd0       $pdata$__acrt_update_locale_info 0000000180038dd0     libucrt:locale_update.obj
 0004:00001ddc       $pdata$__acrt_update_multibyte_info 0000000180038ddc     libucrt:locale_update.obj
 0004:00001de8       $pdata$__acrt_fp_format    0000000180038de8     libucrt:cvt.obj
 0004:00001df4       $pdata$?fp_format_nan_or_infinity@@YAHW4__acrt_fp_class@@_NPEAD_K1@Z 0000000180038df4     libucrt:cvt.obj
 0004:00001e00       $pdata$?fp_format_e_internal@@YAHQEAD_KH_NIQEAU_strflt@@2QEAU__crt_locale_pointers@@@Z 0000000180038e00     libucrt:cvt.obj
 0004:00001e0c       $pdata$?fp_format_e@@YAHQEBNQEAD_K12H_NIQEAU__crt_locale_pointers@@@Z 0000000180038e0c     libucrt:cvt.obj
 0004:00001e18       $pdata$?fp_format_a@@YAHQEBNPEAD_KQEAD2H_NIQEAU__crt_locale_pointers@@@Z 0000000180038e18     libucrt:cvt.obj
 0004:00001e24       $pdata$?fp_format_f_internal@@YAHQEAD_KHQEAU_strflt@@_NQEAU__crt_locale_pointers@@@Z 0000000180038e24     libucrt:cvt.obj
 0004:00001e30       $pdata$?fp_format_g@@YAHQEBNQEAD_K12H_NIQEAU__crt_locale_pointers@@@Z 0000000180038e30     libucrt:cvt.obj
 0004:00001e3c       $pdata$_fileno             0000000180038e3c     libucrt:fileno.obj
 0004:00001e48       $pdata$__acrt_initialize_stdio 0000000180038e48     libucrt:_file.obj
 0004:00001e54       $pdata$__acrt_uninitialize_stdio 0000000180038e54     libucrt:_file.obj
 0004:00001e60       $pdata$__acrt_uninitialize_locale 0000000180038e60     libucrt:wsetlocale.obj
 0004:00001e6c       $pdata$__acrt_update_thread_locale_data$fin$0 0000000180038e6c     libucrt:locale_refcounting.obj
 0004:00001e6c       $pdata$__acrt_uninitialize_locale$fin$0 0000000180038e6c     libucrt:wsetlocale.obj
 0004:00001e78       $pdata$__acrt_initialize_lowio 0000000180038e78     libucrt:ioinit.obj
 0004:00001e84       $pdata$__acrt_initialize_lowio$fin$0 0000000180038e84     libucrt:ioinit.obj
 0004:00001e84       $pdata$__acrt_lowio_ensure_fh_exists$fin$0 0000000180038e84     libucrt:osfinfo.obj
 0004:00001e90       $pdata$__acrt_uninitialize_lowio 0000000180038e90     libucrt:ioinit.obj
 0004:00001e9c       $pdata$?initialize_inherited_file_handles_nolock@@YAXXZ 0000000180038e9c     libucrt:ioinit.obj
 0004:00001ea8       $pdata$?initialize_stdio_handles_nolock@@YAXXZ 0000000180038ea8     libucrt:ioinit.obj
 0004:00001eb4       $pdata$__acrt_initialize_locks 0000000180038eb4     libucrt:locks.obj
 0004:00001ec0       $pdata$__acrt_uninitialize_locks 0000000180038ec0     libucrt:locks.obj
 0004:00001ecc       $pdata$??$common_expand_argv_wildcards@D@@YAHQEAPEADQEAPEAPEAD@Z 0000000180038ecc     libucrt:argv_wildcards.obj
 0004:00001ed8       $pdata$?expand_if_necessary@?$argument_list@D@?A0xca0879c4@@AEAAHXZ 0000000180038ed8     libucrt:argv_wildcards.obj
 0004:00001ee4       $pdata$??$copy_and_add_argument_to_buffer@D@@YAHQEBD0_KAEAV?$argument_list@D@?A0xca0879c4@@@Z 0000000180038ee4     libucrt:argv_wildcards.obj
 0004:00001ef0       $pdata$??$expand_argument_wildcards@D@@YAHQEAD0AEAV?$argument_list@D@?A0xca0879c4@@@Z 0000000180038ef0     libucrt:argv_wildcards.obj
 0004:00001efc       $pdata$__acrt_update_thread_multibyte_data 0000000180038efc     libucrt:mbctype.obj
 0004:00001f08       $pdata$__acrt_update_thread_multibyte_data$fin$0 0000000180038f08     libucrt:mbctype.obj
 0004:00001f14       $pdata$__acrt_initialize_multibyte 0000000180038f14     libucrt:mbctype.obj
 0004:00001f20       $pdata$_setmbcp_nolock     0000000180038f20     libucrt:mbctype.obj
 0004:00001f2c       $pdata$?getSystemCP@@YAHH@Z 0000000180038f2c     libucrt:mbctype.obj
 0004:00001f38       $pdata$?setSBCS@@YAXPEAU__crt_multibyte_data@@@Z 0000000180038f38     libucrt:mbctype.obj
 0004:00001f44       $pdata$?setSBUpLow@@YAXPEAU__crt_multibyte_data@@@Z 0000000180038f44     libucrt:mbctype.obj
 0004:00001f50       $pdata$?setmbcp_internal@@YAHH_N@Z 0000000180038f50     libucrt:mbctype.obj
 0004:00001f5c       $pdata$??R<lambda_ad1ced32f4ac17aa236e5ef05d6b3b7c>@@QEBAXXZ 0000000180038f5c     libucrt:mbctype.obj
 0004:00001f68       $pdata$??$?RV<lambda_99476a1ad63dd22509b5d3e65b0ffc95>@@AEAV<lambda_ad1ced32f4ac17aa236e5ef05d6b3b7c>@@V<lambda_f7424dd8d45958661754dc4f2697e9c3>@@@?$__crt_seh_guarded_call@X@@QEAAX$$QEAV<lambda_99476a1ad63dd22509b5d3e65b0ffc95>@@AEAV<lambda_ad1ced32f4ac17aa236e5ef05d6b3b7c>@@$$QEAV<lambda_f7424dd8d45958661754dc4f2697e9c3>@@@Z 0000000180038f68     libucrt:mbctype.obj
 0004:00001f74       $pdata$?x_ismbbtype_l@@YAHPEAU__crt_locale_pointers@@IHH@Z 0000000180038f74     libucrt:ismbbyte.obj
 0004:00001f80       $pdata$__acrt_initialize_command_line 0000000180038f80     libucrt:argv_data.obj
 0004:00001f8c       $pdata$__dcrt_get_narrow_environment_from_os 0000000180038f8c     libucrt:get_environment_from_os.obj
 0004:00001f98       $pdata$__acrt_initialize_heap 0000000180038f98     libucrt:heap_handle.obj
 0004:00001fa4       $pdata$__acrt_execute_initializers 0000000180038fa4     libucrt:shared_initialization.obj
 0004:00001fb0       $pdata$__acrt_execute_uninitializers 0000000180038fb0     libucrt:shared_initialization.obj
 0004:00001fbc       $pdata$__acrt_get_sigabrt_handler 0000000180038fbc     libucrt:signal.obj
 0004:00001fc8       $pdata$raise               0000000180038fc8     libucrt:signal.obj
 0004:00001fd4       $pdata$raise$fin$0         0000000180038fd4     libucrt:signal.obj
 0004:00001fe0       $pdata$??$?RV<lambda_c36588078e9f5dfd39652860aa6b3aaf>@@AEAV<lambda_ec61778202f4f5fc7e7711acc23c3bca>@@V<lambda_dc9d2797ccde5d239b4a0efae8ebd7db>@@@?$__crt_seh_guarded_call@P6AXH@Z@@QEAAP6AXH@Z$$QEAV<lambda_c36588078e9f5dfd39652860aa6b3aaf>@@AEAV<lambda_ec61778202f4f5fc7e7711acc23c3bca>@@$$QEAV<lambda_dc9d2797ccde5d239b4a0efae8ebd7db>@@@Z 0000000180038fe0     libucrt:signal.obj
 0004:00001fec       $pdata$__acrt_invoke_user_matherr 0000000180038fec     libucrt:matherr.obj
 0004:00001ff8       $pdata$__pctype_func       0000000180038ff8     libucrt:ctype.obj
 0004:00002004       $pdata$iswctype            0000000180039004     libucrt:iswctype.obj
 0004:00002010       $pdata$_isctype_l          0000000180039010     libucrt:isctype.obj
 0004:0000201c       $pdata$__acrt_release_locale_ref 000000018003901c     libucrt:locale_refcounting.obj
 0004:00002028       $pdata$__acrt_free_locale  0000000180039028     libucrt:locale_refcounting.obj
 0004:00002034       $pdata$__acrt_locale_free_lc_time_if_unreferenced 0000000180039034     libucrt:locale_refcounting.obj
 0004:00002040       $pdata$__acrt_update_thread_locale_data 0000000180039040     libucrt:locale_refcounting.obj
 0004:0000204c       $pdata$_updatetlocinfoEx_nolock 000000018003904c     libucrt:locale_refcounting.obj
 0004:00002058       $pdata$__acrt_DownlevelLocaleNameToLCID 0000000180039058     libucrt:lcidtoname_downlevel.obj
 0004:00002064       $pdata$?GetTableIndexFromLocaleName@@YAHPEB_W@Z 0000000180039064     libucrt:lcidtoname_downlevel.obj
 0004:00002070       $pdata$_isleadbyte_l       0000000180039070     libucrt:_wctype.obj
 0004:0000207c       $pdata$__acrt_LCMapStringA 000000018003907c     libucrt:lcmapstringa.obj
 0004:00002088       $pdata$?__acrt_LCMapStringA_stat@@YAHPEAU__crt_locale_pointers@@PEB_WKPEBDHPEADHHH@Z 0000000180039088     libucrt:lcmapstringa.obj
 0004:00002094       $pdata$__acrt_fp_strflt_to_string 0000000180039094     libucrt:_fptostr.obj
 0004:000020a0       $pdata$memcpy_s            00000001800390a0     libucrt:cfout.obj
 0004:000020ac       $pdata$__acrt_fltout       00000001800390ac     libucrt:cfout.obj
 0004:000020b8       $pdata$?divide@__crt_strtox@@YA_KAEAUbig_integer@1@AEBU21@@Z 00000001800390b8     libucrt:cfout.obj
 0004:000020c4       $pdata$5$?divide@__crt_strtox@@YA_KAEAUbig_integer@1@AEBU21@@Z 00000001800390c4     libucrt:cfout.obj
 0004:000020d0       $pdata$6$?divide@__crt_strtox@@YA_KAEAUbig_integer@1@AEBU21@@Z 00000001800390d0     libucrt:cfout.obj
 0004:000020dc       $pdata$_fcloseall          00000001800390dc     libucrt:closeall.obj
 0004:000020e8       $pdata$_fcloseall$fin$0    00000001800390e8     libucrt:closeall.obj
 0004:000020f4       $pdata$_fflush_nolock      00000001800390f4     libucrt:fflush.obj
 0004:00002100       $pdata$__acrt_stdio_flush_nolock 0000000180039100     libucrt:fflush.obj
 0004:0000210c       $pdata$common_flush_all    000000018003910c     libucrt:fflush.obj
 0004:00002118       $pdata$common_flush_all$fin$0 0000000180039118     libucrt:fflush.obj
 0004:00002124       $pdata$common_flush_all$fin$1 0000000180039124     libucrt:fflush.obj
 0004:00002130       $pdata$__acrt_stdio_free_buffer_nolock 0000000180039130     libucrt:_freebuf.obj
 0004:0000213c       $pdata$_isatty             000000018003913c     libucrt:isatty.obj
 0004:00002148       $pdata$__acrt_locale_free_monetary 0000000180039148     libucrt:initmon.obj
 0004:00002154       $pdata$__acrt_locale_free_numeric 0000000180039154     libucrt:initnum.obj
 0004:00002160       $pdata$__acrt_locale_free_time 0000000180039160     libucrt:inittime.obj
 0004:0000216c       $pdata$?free_crt_array_internal@@YAXQEAPEBX_K@Z 000000018003916c     libucrt:inittime.obj
 0004:00002178       $pdata$__acrt_GetStringTypeA 0000000180039178     libucrt:getstringtypea.obj
 0004:00002184       $pdata$_get_osfhandle      0000000180039184     libucrt:osfinfo.obj
 0004:00002190       $pdata$_free_osfhnd        0000000180039190     libucrt:osfinfo.obj
 0004:0000219c       $pdata$__acrt_lowio_create_handle_array 000000018003919c     libucrt:osfinfo.obj
 0004:000021a8       $pdata$__acrt_lowio_destroy_handle_array 00000001800391a8     libucrt:osfinfo.obj
 0004:000021b4       $pdata$__acrt_lowio_ensure_fh_exists 00000001800391b4     libucrt:osfinfo.obj
 0004:000021c0       $pdata$qsort               00000001800391c0     libucrt:qsort.obj
 0004:000021cc       $pdata$4$qsort             00000001800391cc     libucrt:qsort.obj
 0004:000021d8       $pdata$5$qsort             00000001800391d8     libucrt:qsort.obj
 0004:000021e4       $pdata$?shortsort@@YAXPEAD0_KP6AHPEBX2@Z@Z 00000001800391e4     libucrt:qsort.obj
 0004:000021f0       $pdata$2$?shortsort@@YAXPEAD0_KP6AHPEBX2@Z@Z 00000001800391f0     libucrt:qsort.obj
 0004:000021fc       $pdata$3$?shortsort@@YAXPEAD0_KP6AHPEBX2@Z@Z 00000001800391fc     libucrt:qsort.obj
 0004:00002208       $pdata$strncpy_s           0000000180039208     libucrt:strncpy_s.obj
 0004:00002214       $pdata$strpbrk             0000000180039214     libucrt:strpbrk.obj
 0004:00002220       $pdata$_mbsdec_l           0000000180039220     libucrt:mbsdec.obj
 0004:0000222c       $pdata$?initialize_multibyte@@YAHXZ 000000018003922c     libucrt:multibyte_initializer.obj
 0004:00002238       $pdata$fegetenv            0000000180039238     libucrt:fegetenv.obj
 0004:00002244       $pdata$fesetenv            0000000180039244     libucrt:fesetenv.obj
 0004:00002250       $pdata$feholdexcept        0000000180039250     libucrt:feholdexcept.obj
 0004:00002268       $pdata$_write              0000000180039268     libucrt:write.obj
 0004:00002274       $pdata$_write$fin$0        0000000180039274     libucrt:write.obj
 0004:00002280       $pdata$_write_nolock       0000000180039280     libucrt:write.obj
 0004:0000228c       $pdata$?write_double_translated_ansi_nolock@@YA?AUwrite_result@?A0x9c548279@@HQEBDI@Z 000000018003928c     libucrt:write.obj
 0004:00002298       $pdata$?write_text_ansi_nolock@@YA?AUwrite_result@?A0x9c548279@@HQEBDI@Z 0000000180039298     libucrt:write.obj
 0004:000022a4       $pdata$?write_text_utf16le_nolock@@YA?AUwrite_result@?A0x9c548279@@HQEBDI@Z 00000001800392a4     libucrt:write.obj
 0004:000022b0       $pdata$?write_text_utf8_nolock@@YA?AUwrite_result@?A0x9c548279@@HQEBDI@Z 00000001800392b0     libucrt:write.obj
 0004:000022bc       $pdata$??$common_lseek_nolock@_J@@YA_JH_JH@Z 00000001800392bc     libucrt:lseek.obj
 0004:000022c8       $pdata$fclose              00000001800392c8     libucrt:fclose.obj
 0004:000022d4       $pdata$fclose$fin$0        00000001800392d4     libucrt:fclose.obj
 0004:000022e0       $pdata$_fclose_nolock      00000001800392e0     libucrt:fclose.obj
 0004:000022ec       $pdata$_commit             00000001800392ec     libucrt:commit.obj
 0004:000022f8       $pdata$??$?RV<lambda_b521505b218e5242e90febf6bfebc422>@@AEAV<lambda_6978c1fb23f02e42e1d9e99668cc68aa>@@V<lambda_314360699dd331753a4119843814e9a7>@@@?$__crt_seh_guarded_call@H@@QEAAH$$QEAV<lambda_b521505b218e5242e90febf6bfebc422>@@AEAV<lambda_6978c1fb23f02e42e1d9e99668cc68aa>@@$$QEAV<lambda_314360699dd331753a4119843814e9a7>@@@Z 00000001800392f8     libucrt:commit.obj
 0004:00002304       $pdata$?fin$0@?0???$?RV<lambda_b521505b218e5242e90febf6bfebc422>@@AEAV<lambda_6978c1fb23f02e42e1d9e99668cc68aa>@@V<lambda_314360699dd331753a4119843814e9a7>@@@?$__crt_seh_guarded_call@H@@QEAAH$$QEAV<lambda_b521505b218e5242e90febf6bfebc422>@@AEAV<lambda_6978c1fb23f02e42e1d9e99668cc68aa>@@$$QEAV<lambda_314360699dd331753a4119843814e9a7>@@@Z@4HA 0000000180039304     libucrt:commit.obj
 0004:00002304       $pdata$?fin$0@?0???$?RV<lambda_bfedae4ebbf01fab1bb6dcc6a9e276e0>@@AEAV<lambda_2fe9b910cf3cbf4a0ab98a02ba45b3ec>@@V<lambda_237c231691f317818eb88cc1d5d642d6>@@@?$__crt_seh_guarded_call@H@@QEAAH$$QEAV<lambda_bfedae4ebbf01fab1bb6dcc6a9e276e0>@@AEAV<lambda_2fe9b910cf3cbf4a0ab98a02ba45b3ec>@@$$QEAV<lambda_237c231691f317818eb88cc1d5d642d6>@@@Z@4HA 0000000180039304     libucrt:close.obj
 0004:00002310       $pdata$_setfpstatusword    0000000180039310     libucrt:_fenvutils.obj
 0004:0000231c       $pdata$_getfpcontrolword   000000018003931c     libucrt:_fenvutils.obj
 0004:00002328       $pdata$_getfpstatusword    0000000180039328     libucrt:_fenvutils.obj
 0004:00002334       $pdata$_clearfp            0000000180039334     libucrt:ieee.obj
 0004:00002340       $pdata$common_control87    0000000180039340     libucrt:ieee.obj
 0004:0000234c       $pdata$common_control87$filt$0 000000018003934c     libucrt:ieee.obj
 0004:0000234c       $pdata$_ctrlfp$filt$0      000000018003934c     libucrt:fpctrl.obj
 0004:00002358       $pdata$_call_matherr       0000000180039358     libucrt:libm_error.obj
 0004:00002364       $pdata$_exception_enabled  0000000180039364     libucrt:libm_error.obj
 0004:00002370       $pdata$_handle_error       0000000180039370     libucrt:libm_error.obj
 0004:0000237c       $pdata$__acrt_initialize_fma3 000000018003937c     libucrt:fma3_available.obj
 0004:00002388       $pdata$_log_special_common 0000000180039388     libucrt:log_special.obj
 0004:00002394       $pdata$_log10_special      0000000180039394     libucrt:log_special.obj
 0004:000023a0       $pdata$_putwch_nolock      00000001800393a0     libucrt:putwch.obj
 0004:000023ac       $pdata$_close              00000001800393ac     libucrt:close.obj
 0004:000023b8       $pdata$_close_nolock       00000001800393b8     libucrt:close.obj
 0004:000023c4       $pdata$??$?RV<lambda_bfedae4ebbf01fab1bb6dcc6a9e276e0>@@AEAV<lambda_2fe9b910cf3cbf4a0ab98a02ba45b3ec>@@V<lambda_237c231691f317818eb88cc1d5d642d6>@@@?$__crt_seh_guarded_call@H@@QEAAH$$QEAV<lambda_bfedae4ebbf01fab1bb6dcc6a9e276e0>@@AEAV<lambda_2fe9b910cf3cbf4a0ab98a02ba45b3ec>@@$$QEAV<lambda_237c231691f317818eb88cc1d5d642d6>@@@Z 00000001800393c4     libucrt:close.obj
 0004:000023dc       $pdata$_set_errno_from_matherr 00000001800393dc     libucrt:fpexcept.obj
 0004:000023e8       $pdata$_raise_exc          00000001800393e8     libucrt:fpexcept.obj
 0004:000023f4       $pdata$_raise_exc_ex       00000001800393f4     libucrt:fpexcept.obj
 0004:00002400       $pdata$_clrfp              0000000180039400     libucrt:fpctrl.obj
 0004:0000240c       $pdata$_ctrlfp             000000018003940c     libucrt:fpctrl.obj
 0004:00002418       $pdata$_statfp             0000000180039418     libucrt:fpctrl.obj
 0004:00002424       $pdata$_set_statfp         0000000180039424     libucrt:fpctrl.obj
 0004:00002430       $pdata$__dcrt_lowio_initialize_console_output 0000000180039430     libucrt:initcon.obj
 0004:0000243c       $pdata$__dcrt_terminate_console_output 000000018003943c     libucrt:initcon.obj
 0004:00002448       $pdata$_IsNonwritableInCurrentImage 0000000180039448     LIBCMT:pesect.obj
 0004:00002454       $pdata$_IsNonwritableInCurrentImage$filt$0 0000000180039454     LIBCMT:pesect.obj
 0004:00002460       $pdata$strrchr             0000000180039460     libvcruntime:strrchr.obj
 0005:00000220       $R000000                   000000018003a220     FiscalPrinter.res
 0005:00000ba0       $R000980                   000000018003aba0     FiscalPrinter.res
 0005:00000c88       $R000A68                   000000018003ac88     FiscalPrinter.res
 0005:00000ef0       $R000CD0                   000000018003aef0     FiscalPrinter.res
 0005:00001468       $R001248                   000000018003b468     FiscalPrinter.res
 0005:00009858       $R009638                   0000000180043858     FiscalPrinter.res
 0005:00009898       $R009678                   0000000180043898     FiscalPrinter.res
