 OPOSCoinAcceptor

 Timestamp is 61a758ad (Wed Dec  1 20:12:45 2021)

 Preferred load address is 0000000180000000

 Start         Length     Name                   Class
 0001:00000000 000000c0H .text$di                CODE
 0001:000000c0 00023d50H .text$mn                CODE
 0001:00023e10 00000040H .text$mn$00             CODE
 0001:00023e50 00000660H .text$x                 CODE
 0001:000244b0 00000078H .text$yd                CODE
 0002:00000000 00000638H .idata$5                DATA
 0002:00000638 00000030H .00cfg                  DATA
 0002:00000668 00000008H .CRT$XCA                DATA
 0002:00000670 00000008H .CRT$XCL                DATA
 0002:00000678 00000020H .CRT$XCU                DATA
 0002:00000698 00000008H .CRT$XCZ                DATA
 0002:000006a0 00000008H .CRT$XIA                DATA
 0002:000006a8 00000020H .CRT$XIC                DATA
 0002:000006c8 00000008H .CRT$XIZ                DATA
 0002:000006d0 00000008H .CRT$XLA                DATA
 0002:000006d8 00000008H .CRT$XLZ                DATA
 0002:000006e0 00000008H .CRT$XPA                DATA
 0002:000006e8 00000010H .CRT$XPX                DATA
 0002:000006f8 00000008H .CRT$XPXA               DATA
 0002:00000700 00000008H .CRT$XPZ                DATA
 0002:00000708 00000008H .CRT$XTA                DATA
 0002:00000710 00000010H .CRT$XTZ                DATA
 0002:00000718 00000000H .gehcont$y              DATA
 0002:00000718 00000000H .gfids$y                DATA
 0002:00000720 0000a4e0H .rdata                  DATA
 0002:0000ac00 00000000H .rdata$CastGuardVftablesA DATA
 0002:0000ac00 00000000H .rdata$CastGuardVftablesC DATA
 0002:0000ac00 00000028H .rdata$T                DATA
 0002:0000ac28 00000274H .rdata$r                DATA
 0002:0000ae9c 00000048H .rdata$voltmd           DATA
 0002:0000aee4 0000043cH .rdata$zzzdbg           DATA
 0002:0000b320 00000008H .rtc$IAA                DATA
 0002:0000b328 00000008H .rtc$IZZ                DATA
 0002:0000b330 00000008H .rtc$TAA                DATA
 0002:0000b338 00000008H .rtc$TZZ                DATA
 0002:0000b340 00000004H .tls                    DATA
 0002:0000b344 00000004H .tls$                   DATA
 0002:0000b348 00000008H .tls$ZZZ                DATA
 0002:0000b350 00001918H .xdata                  DATA
 0002:0000cc68 00000150H .xdata$x                DATA
 0002:0000cdb8 00000008H ATL$__a                 DATA
 0002:0000cdc0 00000010H ATL$__z                 DATA
 0002:0000cdd0 000000b0H .edata                  DATA
 0002:0000ce80 00000078H .idata$2                DATA
 0002:0000cef8 00000018H .idata$3                DATA
 0002:0000cf10 00000638H .idata$4                DATA
 0002:0000d548 00000c5cH .idata$6                DATA
 0003:00000000 00000d98H .data                   DATA
 0003:00000d98 000000a8H .data$r                 DATA
 0003:00000e40 00000020H .data$rs                DATA
 0003:00000e60 000013ecH .bss                    DATA
 0004:00000000 00002064H .pdata                  DATA
 0005:00000000 000000f4H _RDATA                  DATA
 0006:00000000 00000220H .rsrc$01                DATA
 0006:00000220 000040c8H .rsrc$02                DATA

  Address         Publics by Value              Rva+Base               Lib:Object

 0000:00000000       ___safe_se_handler_table   0000000000000000     <absolute>
 0000:00000000       __guard_longjmp_table      0000000000000000     <absolute>
 0000:00000000       __x64_code_ranges_to_entry_points 0000000000000000     <absolute>
 0000:00000000       __arm64x_redirection_metadata 0000000000000000     <absolute>
 0000:00000000       __guard_iat_table          0000000000000000     <absolute>
 0000:00000000       __guard_fids_count         0000000000000000     <absolute>
 0000:00000000       __arm64x_extra_rfe_table   0000000000000000     <absolute>
 0000:00000000       __guard_iat_count          0000000000000000     <absolute>
 0000:00000000       __guard_longjmp_count      0000000000000000     <absolute>
 0000:00000000       __dynamic_value_reloc_table 0000000000000000     <absolute>
 0000:00000000       __x64_code_ranges_to_entry_points_count 0000000000000000     <absolute>
 0000:00000000       __hybrid_code_map          0000000000000000     <absolute>
 0000:00000000       __hybrid_auxiliary_iat     0000000000000000     <absolute>
 0000:00000000       __arm64x_extra_rfe_table_size 0000000000000000     <absolute>
 0000:00000000       __hybrid_auxiliary_iat_copy 0000000000000000     <absolute>
 0000:00000000       ___safe_se_handler_count   0000000000000000     <absolute>
 0000:00000000       __AbsoluteZero             0000000000000000     <absolute>
 0000:00000000       __guard_check_icall_a64n_fptr 0000000000000000     <absolute>
 0000:00000000       __guard_eh_cont_count      0000000000000000     <absolute>
 0000:00000000       __guard_fids_table         0000000000000000     <absolute>
 0000:00000000       __arm64x_redirection_metadata_count 0000000000000000     <absolute>
 0000:00000000       __enclave_config           0000000000000000     <absolute>
 0000:00000000       __guard_eh_cont_table      0000000000000000     <absolute>
 0000:00000000       __arm64x_native_entrypoint 0000000000000000     <absolute>
 0000:00000000       __hybrid_code_map_count    0000000000000000     <absolute>
 0000:00000100       __guard_flags              0000000000000100     <absolute>
 0000:00000000       __ImageBase                0000000180000000     <linker-defined>
 0001:000000c0       ?DupWide@_CW@@AEAAXXZ      00000001800010c0 f   CWString.obj
 0001:000000e8       ?cw_dup@@YAXPEBDAEAHAEAPEA_W1@Z 00000001800010e8 f   CWString.obj
 0001:000001c8       ?cw_memcpy@@YAHPEA_WPEBDH@Z 00000001800011c8 f   CWString.obj
 0001:00000214       ?cw_strcpy@@YAHPEA_WPEBD@Z 0000000180001214 f   CWString.obj
 0001:00000228       ??0CAtlComModule@ATL@@QEAA@XZ 0000000180001228 f i OposVariant.obj
 0001:000002a8       ??0CAtlWinModule@ATL@@QEAA@XZ 00000001800012a8 f i OposVariant.obj
 0001:00000314       ??0OposDispParms@@QEAA@PEAVOposVariant@@H@Z 0000000180001314 f   OposVariant.obj
 0001:000003bc       ??1OposDispParms@@QEAA@XZ  00000001800013bc f   OposVariant.obj
 0001:000003d4       ??_Estringdispid@CComTypeInfoHolder@ATL@@QEAAPEAXI@Z 00000001800013d4 f i OposVariant.obj
 0001:00000478       ?AtlWinModuleTerm@ATL@@YAJPEAU_ATL_WIN_MODULE70@1@PEAUHINSTANCE__@@@Z 0000000180001478 f i OposVariant.obj
 0001:00000528       ?ChangeBSTR@OposVariant@@QEAAXPEAPEA_WAEAJ@Z 0000000180001528 f   OposVariant.obj
 0001:00000588       ?ChangeLONG@OposVariant@@QEAAXPEAJAEAJ@Z 0000000180001588 f   OposVariant.obj
 0001:000005e4       ?GetLONG@OposVariant@@QEAAJXZ 00000001800015e4 f   OposVariant.obj
 0001:00000608       ?SetBSTR@OposVariant@@QEAAXPEA_WAEAJ@Z 0000000180001608 f   OposVariant.obj
 0001:00000648       ?SetBSTR_Copy@OposVariant@@QEAAXPEA_WAEAJ@Z 0000000180001648 f   OposVariant.obj
 0001:000006b8       ?SetBSTR_InOutPtr@OposVariant@@QEAA_NPEAPEA_WAEAJ@Z 00000001800016b8 f   OposVariant.obj
 0001:00000708       ?SetBSTR_OutPtr@OposVariant@@QEAA_NPEAPEA_WAEAJ@Z 0000000180001708 f   OposVariant.obj
 0001:00000724       ?SetDispatch_Ptr@OposVariant@@QEAAXPEAUIDispatch@@AEAJ@Z 0000000180001724 f   OposVariant.obj
 0001:0000077c       ?SetLONG@OposVariant@@QEAAXJ@Z 000000018000177c f   OposVariant.obj
 0001:000007ac       ?SetLONG_Ptr@OposVariant@@QEAAXPEAJAEAJ@Z 00000001800017ac f   OposVariant.obj
 0001:000007f8       ?SetString@OposVariant@@QEAAXPEB_WAEAJ@Z 00000001800017f8 f   OposVariant.obj
 0001:0000085c       ?SetVARIANT_BOOL@OposVariant@@QEAAXF@Z 000000018000185c f   OposVariant.obj
 0001:00000894       ?SetVARIANT_BOOL_Ptr@OposVariant@@QEAAXPEAFAEAJ@Z 0000000180001894 f   OposVariant.obj
 0001:000008e0       ?Term@CAtlComModule@ATL@@QEAAXXZ 00000001800018e0 f i OposVariant.obj
 0001:00000950       ?_AtlInitializeCriticalSectionEx@ATL@@YAHPEAU_RTL_CRITICAL_SECTION@@KK@Z 0000000180001950 f i OposVariant.obj
 0001:00000958       ?_AtlRaiseException@ATL@@YAXKK@Z 0000000180001958 f i OposVariant.obj
 0001:00000968       ?Next@?$CComEnumImpl@UIEnumConnections@@$1?_GUID_b196b287_bab4_101a_b69c_00aa00341d07@@3U__s_GUID@@BUtagCONNECTDATA@@V?$_Copy@UtagCONNECTDATA@@@ATL@@@ATL@@UEAAJKPEAUtagCONNECTDATA@@PEAK@Z 0000000180001968 f i CoinAcceptor.obj
 0001:00000a30       ?Skip@?$CComEnumImpl@UIEnumConnections@@$1?_GUID_b196b287_bab4_101a_b69c_00aa00341d07@@3U__s_GUID@@BUtagCONNECTDATA@@V?$_Copy@UtagCONNECTDATA@@@ATL@@@ATL@@UEAAJK@Z 0000000180001a30 f i CoinAcceptor.obj
 0001:00000a5c       ?Reset@?$CComEnumImpl@UIEnumConnectionPoints@@$1?_GUID_b196b285_bab4_101a_b69c_00aa00341d07@@3U__s_GUID@@BPEAUIConnectionPoint@@V?$_CopyInterface@UIConnectionPoint@@@ATL@@@ATL@@UEAAJXZ 0000000180001a5c f i CoinAcceptor.obj
 0001:00000a5c       ?Reset@?$CComEnumImpl@UIEnumConnections@@$1?_GUID_b196b287_bab4_101a_b69c_00aa00341d07@@3U__s_GUID@@BUtagCONNECTDATA@@V?$_Copy@UtagCONNECTDATA@@@ATL@@@ATL@@UEAAJXZ 0000000180001a5c f i CoinAcceptor.obj
 0001:00000a68       ?Clone@?$CComEnumImpl@UIEnumConnections@@$1?_GUID_b196b287_bab4_101a_b69c_00aa00341d07@@3U__s_GUID@@BUtagCONNECTDATA@@V?$_Copy@UtagCONNECTDATA@@@ATL@@@ATL@@UEAAJPEAPEAUIEnumConnections@@@Z 0000000180001a68 f i CoinAcceptor.obj
 0001:00000b94       ?AddRef@?$CComObject@V?$CComEnum@UIEnumConnectionPoints@@$1?_GUID_b196b285_bab4_101a_b69c_00aa00341d07@@3U__s_GUID@@BPEAUIConnectionPoint@@V?$_CopyInterface@UIConnectionPoint@@@ATL@@VCComSingleThreadModel@6@@ATL@@@ATL@@UEAAKXZ 0000000180001b94 f i CoinAcceptor.obj
 0001:00000b94       ?AddRef@?$CComObject@V?$CComEnum@UIEnumConnections@@$1?_GUID_b196b287_bab4_101a_b69c_00aa00341d07@@3U__s_GUID@@BUtagCONNECTDATA@@V?$_Copy@UtagCONNECTDATA@@@ATL@@VCComSingleThreadModel@6@@ATL@@@ATL@@UEAAKXZ 0000000180001b94 f i CoinAcceptor.obj
 0001:00000ba0       ?Release@?$CComObject@V?$CComEnum@UIEnumConnectionPoints@@$1?_GUID_b196b285_bab4_101a_b69c_00aa00341d07@@3U__s_GUID@@BPEAUIConnectionPoint@@V?$_CopyInterface@UIConnectionPoint@@@ATL@@VCComSingleThreadModel@6@@ATL@@@ATL@@UEAAKXZ 0000000180001ba0 f i CoinAcceptor.obj
 0001:00000ba0       ?Release@?$CComObject@V?$CComEnum@UIEnumConnections@@$1?_GUID_b196b287_bab4_101a_b69c_00aa00341d07@@3U__s_GUID@@BUtagCONNECTDATA@@V?$_Copy@UtagCONNECTDATA@@@ATL@@VCComSingleThreadModel@6@@ATL@@@ATL@@UEAAKXZ 0000000180001ba0 f i CoinAcceptor.obj
 0001:00000bf4       ?QueryInterface@?$CComObject@V?$CComEnum@UIEnumConnections@@$1?_GUID_b196b287_bab4_101a_b69c_00aa00341d07@@3U__s_GUID@@BUtagCONNECTDATA@@V?$_Copy@UtagCONNECTDATA@@@ATL@@VCComSingleThreadModel@6@@ATL@@@ATL@@UEAAJAEBU_GUID@@PEAPEAX@Z 0000000180001bf4 f i CoinAcceptor.obj
 0001:00000c08       ??_E?$CComObject@V?$CComEnum@UIEnumConnections@@$1?_GUID_b196b287_bab4_101a_b69c_00aa00341d07@@3U__s_GUID@@BUtagCONNECTDATA@@V?$_Copy@UtagCONNECTDATA@@@ATL@@VCComSingleThreadModel@6@@ATL@@@ATL@@UEAAPEAXI@Z 0000000180001c08 f i CoinAcceptor.obj
 0001:00000c08       ??_G?$CComObject@V?$CComEnum@UIEnumConnections@@$1?_GUID_b196b287_bab4_101a_b69c_00aa00341d07@@3U__s_GUID@@BUtagCONNECTDATA@@V?$_Copy@UtagCONNECTDATA@@@ATL@@VCComSingleThreadModel@6@@ATL@@@ATL@@UEAAPEAXI@Z 0000000180001c08 f i CoinAcceptor.obj
 0001:00000c60       _guard_check_icall_nop     0000000180001c60 f i LIBCMT:guard_support.obj
 0001:00000c60       ?ObjectMain@CComObjectRootBase@ATL@@SAX_N@Z 0000000180001c60 f i CoinAcceptor.obj
 0001:00000c60       ?OnFinalMessage@?$CWindowImplBaseT@VCWindow@ATL@@V?$CWinTraits@$0FGAAAAAA@$0A@@2@@ATL@@UEAAXPEAUHWND__@@@Z 0000000180001c60 f i CoinAcceptor.obj
 0001:00000c64       ?Release@CRegObject@ATL@@UEAAKXZ 0000000180001c64 f i CoinAcceptor.obj
 0001:00000c64       ?Update@?$IOleObjectImpl@VCOPOSCoinAcceptor@@@ATL@@UEAAJXZ 0000000180001c64 f i CoinAcceptor.obj
 0001:00000c64       ?GetObjectDescription@?$CComCoClass@VCOPOSCoinAcceptor@@$1?CLSID_OPOSCoinAcceptor@@3U_GUID@@B@ATL@@SAPEB_WXZ 0000000180001c64 f i CoinAcceptor.obj
 0001:00000c64       ?ResizeBorder@?$IOleInPlaceActiveObjectImpl@VCOPOSCoinAcceptor@@@ATL@@UEAAJPEBUtagRECT@@PEAUIOleInPlaceUIWindow@@H@Z 0000000180001c64 f i CoinAcceptor.obj
 0001:00000c64       ?SaveCompleted@?$IPersistStorageImpl@VCOPOSCoinAcceptor@@@ATL@@UEAAJPEAUIStorage@@@Z 0000000180001c64 f i CoinAcceptor.obj
 0001:00000c64       ?OnAmbientPropertyChange@?$IOleControlImpl@VCOPOSCoinAcceptor@@@ATL@@UEAAJJ@Z 0000000180001c64 f i CoinAcceptor.obj
 0001:00000c64       ?SetHostNames@?$IOleObjectImpl@VCOPOSCoinAcceptor@@@ATL@@UEAAJPEB_W0@Z 0000000180001c64 f i CoinAcceptor.obj
 0001:00000c64       ?HandsOffStorage@?$IPersistStorageImpl@VCOPOSCoinAcceptor@@@ATL@@UEAAJXZ 0000000180001c64 f i CoinAcceptor.obj
 0001:00000c64       ?IsUpToDate@?$IOleObjectImpl@VCOPOSCoinAcceptor@@@ATL@@UEAAJXZ 0000000180001c64 f i CoinAcceptor.obj
 0001:00000c64       ?EnableModeless@?$IOleInPlaceActiveObjectImpl@VCOPOSCoinAcceptor@@@ATL@@UEAAJH@Z 0000000180001c64 f i CoinAcceptor.obj
 0001:00000c64       ?GetCategoryMap@CComObjectRootBase@ATL@@SAPEBU_ATL_CATMAP_ENTRY@2@XZ 0000000180001c64 f i CoinAcceptor.obj
 0001:00000c64       ?OnFrameWindowActivate@?$IOleInPlaceActiveObjectImpl@VCOPOSCoinAcceptor@@@ATL@@UEAAJH@Z 0000000180001c64 f i CoinAcceptor.obj
 0001:00000c68       ??_E?$CComObject@VCOPOSCoinAcceptor@@@ATL@@W7EAAPEAXI@Z 0000000180001c68 f i CoinAcceptor.obj
 0001:00000c74       ??_E?$CComObject@VCOPOSCoinAcceptor@@@ATL@@WHA@EAAPEAXI@Z 0000000180001c74 f i CoinAcceptor.obj
 0001:00000c80       ?QueryInterface@?$CComObject@VCOPOSCoinAcceptor@@@ATL@@WLI@EAAJAEBU_GUID@@PEAPEAX@Z 0000000180001c80 f i CoinAcceptor.obj
 0001:00000c8c       ?AddRef@?$CComObject@VCOPOSCoinAcceptor@@@ATL@@WLI@EAAKXZ 0000000180001c8c f i CoinAcceptor.obj
 0001:00000c98       ?Release@?$CComObject@VCOPOSCoinAcceptor@@@ATL@@WLI@EAAKXZ 0000000180001c98 f i CoinAcceptor.obj
 0001:00000ca4       ?QueryInterface@?$CComObject@VCOPOSCoinAcceptor@@@ATL@@WMA@EAAJAEBU_GUID@@PEAPEAX@Z 0000000180001ca4 f i CoinAcceptor.obj
 0001:00000cb0       ?AddRef@?$CComObject@VCOPOSCoinAcceptor@@@ATL@@WMA@EAAKXZ 0000000180001cb0 f i CoinAcceptor.obj
 0001:00000cbc       ?Release@?$CComObject@VCOPOSCoinAcceptor@@@ATL@@WMA@EAAKXZ 0000000180001cbc f i CoinAcceptor.obj
 0001:00000cc8       ?QueryInterface@?$CComObject@VCOPOSCoinAcceptor@@@ATL@@WMI@EAAJAEBU_GUID@@PEAPEAX@Z 0000000180001cc8 f i CoinAcceptor.obj
 0001:00000cd4       ?AddRef@?$CComObject@VCOPOSCoinAcceptor@@@ATL@@WMI@EAAKXZ 0000000180001cd4 f i CoinAcceptor.obj
 0001:00000ce0       ?Release@?$CComObject@VCOPOSCoinAcceptor@@@ATL@@WMI@EAAKXZ 0000000180001ce0 f i CoinAcceptor.obj
 0001:00000cec       ?QueryInterface@?$CComObject@VCOPOSCoinAcceptor@@@ATL@@WNA@EAAJAEBU_GUID@@PEAPEAX@Z 0000000180001cec f i CoinAcceptor.obj
 0001:00000cf8       ?AddRef@?$CComObject@VCOPOSCoinAcceptor@@@ATL@@WNA@EAAKXZ 0000000180001cf8 f i CoinAcceptor.obj
 0001:00000d04       ?Release@?$CComObject@VCOPOSCoinAcceptor@@@ATL@@WNA@EAAKXZ 0000000180001d04 f i CoinAcceptor.obj
 0001:00000d10       ?QueryInterface@?$CComObject@VCOPOSCoinAcceptor@@@ATL@@WNI@EAAJAEBU_GUID@@PEAPEAX@Z 0000000180001d10 f i CoinAcceptor.obj
 0001:00000d1c       ?AddRef@?$CComObject@VCOPOSCoinAcceptor@@@ATL@@WNI@EAAKXZ 0000000180001d1c f i CoinAcceptor.obj
 0001:00000d28       ?Release@?$CComObject@VCOPOSCoinAcceptor@@@ATL@@WNI@EAAKXZ 0000000180001d28 f i CoinAcceptor.obj
 0001:00000d34       ?QueryInterface@?$CComObject@VCOPOSCoinAcceptor@@@ATL@@WOA@EAAJAEBU_GUID@@PEAPEAX@Z 0000000180001d34 f i CoinAcceptor.obj
 0001:00000d40       ?AddRef@?$CComObject@VCOPOSCoinAcceptor@@@ATL@@WOA@EAAKXZ 0000000180001d40 f i CoinAcceptor.obj
 0001:00000d4c       ?Release@?$CComObject@VCOPOSCoinAcceptor@@@ATL@@WOA@EAAKXZ 0000000180001d4c f i CoinAcceptor.obj
 0001:00000d58       ?QueryInterface@?$CComObject@VCOPOSCoinAcceptor@@@ATL@@WOI@EAAJAEBU_GUID@@PEAPEAX@Z 0000000180001d58 f i CoinAcceptor.obj
 0001:00000d64       ?AddRef@?$CComObject@VCOPOSCoinAcceptor@@@ATL@@WOI@EAAKXZ 0000000180001d64 f i CoinAcceptor.obj
 0001:00000d70       ?Release@?$CComObject@VCOPOSCoinAcceptor@@@ATL@@WOI@EAAKXZ 0000000180001d70 f i CoinAcceptor.obj
 0001:00000d7c       ?QueryInterface@?$CComObject@VCOPOSCoinAcceptor@@@ATL@@WPA@EAAJAEBU_GUID@@PEAPEAX@Z 0000000180001d7c f i CoinAcceptor.obj
 0001:00000d88       ?AddRef@?$CComObject@VCOPOSCoinAcceptor@@@ATL@@WPA@EAAKXZ 0000000180001d88 f i CoinAcceptor.obj
 0001:00000d94       ?Release@?$CComObject@VCOPOSCoinAcceptor@@@ATL@@WPA@EAAKXZ 0000000180001d94 f i CoinAcceptor.obj
 0001:00000da0       ?QueryInterface@?$CComObject@VCOPOSCoinAcceptor@@@ATL@@WPI@EAAJAEBU_GUID@@PEAPEAX@Z 0000000180001da0 f i CoinAcceptor.obj
 0001:00000dac       ?AddRef@?$CComObject@VCOPOSCoinAcceptor@@@ATL@@WPI@EAAKXZ 0000000180001dac f i CoinAcceptor.obj
 0001:00000db8       ?Release@?$CComObject@VCOPOSCoinAcceptor@@@ATL@@WPI@EAAKXZ 0000000180001db8 f i CoinAcceptor.obj
 0001:00000dc4       ?QueryInterface@?$CComObject@VCOPOSCoinAcceptor@@@ATL@@WBAA@EAAJAEBU_GUID@@PEAPEAX@Z 0000000180001dc4 f i CoinAcceptor.obj
 0001:00000dd0       ?AddRef@?$CComObject@VCOPOSCoinAcceptor@@@ATL@@WBAA@EAAKXZ 0000000180001dd0 f i CoinAcceptor.obj
 0001:00000ddc       ?Release@?$CComObject@VCOPOSCoinAcceptor@@@ATL@@WBAA@EAAKXZ 0000000180001ddc f i CoinAcceptor.obj
 0001:00000de8       ?QueryInterface@?$CComObject@VCOPOSCoinAcceptor@@@ATL@@WBAI@EAAJAEBU_GUID@@PEAPEAX@Z 0000000180001de8 f i CoinAcceptor.obj
 0001:00000df4       ?AddRef@?$CComObject@VCOPOSCoinAcceptor@@@ATL@@WBAI@EAAKXZ 0000000180001df4 f i CoinAcceptor.obj
 0001:00000e00       ?Release@?$CComObject@VCOPOSCoinAcceptor@@@ATL@@WBAI@EAAKXZ 0000000180001e00 f i CoinAcceptor.obj
 0001:00000e0c       ?QueryInterface@?$CComObject@VCOPOSCoinAcceptor@@@ATL@@WBBA@EAAJAEBU_GUID@@PEAPEAX@Z 0000000180001e0c f i CoinAcceptor.obj
 0001:00000e18       ?AddRef@?$CComObject@VCOPOSCoinAcceptor@@@ATL@@WBBA@EAAKXZ 0000000180001e18 f i CoinAcceptor.obj
 0001:00000e24       ?Release@?$CComObject@VCOPOSCoinAcceptor@@@ATL@@WBBA@EAAKXZ 0000000180001e24 f i CoinAcceptor.obj
 0001:00000e30       ?QueryInterface@?$CComObject@VCOPOSCoinAcceptor@@@ATL@@WBBI@EAAJAEBU_GUID@@PEAPEAX@Z 0000000180001e30 f i CoinAcceptor.obj
 0001:00000e3c       ?AddRef@?$CComObject@VCOPOSCoinAcceptor@@@ATL@@WBBI@EAAKXZ 0000000180001e3c f i CoinAcceptor.obj
 0001:00000e48       ?Release@?$CComObject@VCOPOSCoinAcceptor@@@ATL@@WBBI@EAAKXZ 0000000180001e48 f i CoinAcceptor.obj
 0001:00000e54       ?AddRef@?$CComObject@VCOPOSCoinAcceptor@@@ATL@@WBCI@EAAKXZ 0000000180001e54 f i CoinAcceptor.obj
 0001:00000e60       ?Release@?$CComObject@VCOPOSCoinAcceptor@@@ATL@@WBCI@EAAKXZ 0000000180001e60 f i CoinAcceptor.obj
 0001:00000e6c       ?AddRef@?$CComObject@VCOPOSCoinAcceptor@@@ATL@@WBEA@EAAKXZ 0000000180001e6c f i CoinAcceptor.obj
 0001:00000e78       ?Release@?$CComObject@VCOPOSCoinAcceptor@@@ATL@@WBEA@EAAKXZ 0000000180001e78 f i CoinAcceptor.obj
 0001:00000e84       ??_E?$CComContainedObject@VCOPOSCoinAcceptor@@@ATL@@W7EAAPEAXI@Z 0000000180001e84 f i CoinAcceptor.obj
 0001:00000e90       ??_E?$CComContainedObject@VCOPOSCoinAcceptor@@@ATL@@WHA@EAAPEAXI@Z 0000000180001e90 f i CoinAcceptor.obj
 0001:00000e9c       ?QueryInterface@?$CComContainedObject@VCOPOSCoinAcceptor@@@ATL@@WLI@EAAJAEBU_GUID@@PEAPEAX@Z 0000000180001e9c f i CoinAcceptor.obj
 0001:00000ea8       ?AddRef@?$CComContainedObject@VCOPOSCoinAcceptor@@@ATL@@WLI@EAAKXZ 0000000180001ea8 f i CoinAcceptor.obj
 0001:00000eb4       ?Release@?$CComContainedObject@VCOPOSCoinAcceptor@@@ATL@@WLI@EAAKXZ 0000000180001eb4 f i CoinAcceptor.obj
 0001:00000ec0       ?QueryInterface@?$CComContainedObject@VCOPOSCoinAcceptor@@@ATL@@WMA@EAAJAEBU_GUID@@PEAPEAX@Z 0000000180001ec0 f i CoinAcceptor.obj
 0001:00000ecc       ?AddRef@?$CComContainedObject@VCOPOSCoinAcceptor@@@ATL@@WMA@EAAKXZ 0000000180001ecc f i CoinAcceptor.obj
 0001:00000ed8       ?Release@?$CComContainedObject@VCOPOSCoinAcceptor@@@ATL@@WMA@EAAKXZ 0000000180001ed8 f i CoinAcceptor.obj
 0001:00000ee4       ?QueryInterface@?$CComContainedObject@VCOPOSCoinAcceptor@@@ATL@@WMI@EAAJAEBU_GUID@@PEAPEAX@Z 0000000180001ee4 f i CoinAcceptor.obj
 0001:00000ef0       ?AddRef@?$CComContainedObject@VCOPOSCoinAcceptor@@@ATL@@WMI@EAAKXZ 0000000180001ef0 f i CoinAcceptor.obj
 0001:00000efc       ?Release@?$CComContainedObject@VCOPOSCoinAcceptor@@@ATL@@WMI@EAAKXZ 0000000180001efc f i CoinAcceptor.obj
 0001:00000f08       ?QueryInterface@?$CComContainedObject@VCOPOSCoinAcceptor@@@ATL@@WNA@EAAJAEBU_GUID@@PEAPEAX@Z 0000000180001f08 f i CoinAcceptor.obj
 0001:00000f14       ?AddRef@?$CComContainedObject@VCOPOSCoinAcceptor@@@ATL@@WNA@EAAKXZ 0000000180001f14 f i CoinAcceptor.obj
 0001:00000f20       ?Release@?$CComContainedObject@VCOPOSCoinAcceptor@@@ATL@@WNA@EAAKXZ 0000000180001f20 f i CoinAcceptor.obj
 0001:00000f2c       ?QueryInterface@?$CComContainedObject@VCOPOSCoinAcceptor@@@ATL@@WNI@EAAJAEBU_GUID@@PEAPEAX@Z 0000000180001f2c f i CoinAcceptor.obj
 0001:00000f38       ?AddRef@?$CComContainedObject@VCOPOSCoinAcceptor@@@ATL@@WNI@EAAKXZ 0000000180001f38 f i CoinAcceptor.obj
 0001:00000f44       ?Release@?$CComContainedObject@VCOPOSCoinAcceptor@@@ATL@@WNI@EAAKXZ 0000000180001f44 f i CoinAcceptor.obj
 0001:00000f50       ?QueryInterface@?$CComContainedObject@VCOPOSCoinAcceptor@@@ATL@@WOA@EAAJAEBU_GUID@@PEAPEAX@Z 0000000180001f50 f i CoinAcceptor.obj
 0001:00000f5c       ?AddRef@?$CComContainedObject@VCOPOSCoinAcceptor@@@ATL@@WOA@EAAKXZ 0000000180001f5c f i CoinAcceptor.obj
 0001:00000f68       ?Release@?$CComContainedObject@VCOPOSCoinAcceptor@@@ATL@@WOA@EAAKXZ 0000000180001f68 f i CoinAcceptor.obj
 0001:00000f74       ?QueryInterface@?$CComContainedObject@VCOPOSCoinAcceptor@@@ATL@@WOI@EAAJAEBU_GUID@@PEAPEAX@Z 0000000180001f74 f i CoinAcceptor.obj
 0001:00000f80       ?AddRef@?$CComContainedObject@VCOPOSCoinAcceptor@@@ATL@@WOI@EAAKXZ 0000000180001f80 f i CoinAcceptor.obj
 0001:00000f8c       ?Release@?$CComContainedObject@VCOPOSCoinAcceptor@@@ATL@@WOI@EAAKXZ 0000000180001f8c f i CoinAcceptor.obj
 0001:00000f98       ?QueryInterface@?$CComContainedObject@VCOPOSCoinAcceptor@@@ATL@@WPA@EAAJAEBU_GUID@@PEAPEAX@Z 0000000180001f98 f i CoinAcceptor.obj
 0001:00000fa4       ?AddRef@?$CComContainedObject@VCOPOSCoinAcceptor@@@ATL@@WPA@EAAKXZ 0000000180001fa4 f i CoinAcceptor.obj
 0001:00000fb0       ?Release@?$CComContainedObject@VCOPOSCoinAcceptor@@@ATL@@WPA@EAAKXZ 0000000180001fb0 f i CoinAcceptor.obj
 0001:00000fbc       ?QueryInterface@?$CComContainedObject@VCOPOSCoinAcceptor@@@ATL@@WPI@EAAJAEBU_GUID@@PEAPEAX@Z 0000000180001fbc f i CoinAcceptor.obj
 0001:00000fc8       ?AddRef@?$CComContainedObject@VCOPOSCoinAcceptor@@@ATL@@WPI@EAAKXZ 0000000180001fc8 f i CoinAcceptor.obj
 0001:00000fd4       ?Release@?$CComContainedObject@VCOPOSCoinAcceptor@@@ATL@@WPI@EAAKXZ 0000000180001fd4 f i CoinAcceptor.obj
 0001:00000fe0       ?QueryInterface@?$CComContainedObject@VCOPOSCoinAcceptor@@@ATL@@WBAA@EAAJAEBU_GUID@@PEAPEAX@Z 0000000180001fe0 f i CoinAcceptor.obj
 0001:00000fec       ?AddRef@?$CComContainedObject@VCOPOSCoinAcceptor@@@ATL@@WBAA@EAAKXZ 0000000180001fec f i CoinAcceptor.obj
 0001:00000ff8       ?Release@?$CComContainedObject@VCOPOSCoinAcceptor@@@ATL@@WBAA@EAAKXZ 0000000180001ff8 f i CoinAcceptor.obj
 0001:00001004       ?QueryInterface@?$CComContainedObject@VCOPOSCoinAcceptor@@@ATL@@WBAI@EAAJAEBU_GUID@@PEAPEAX@Z 0000000180002004 f i CoinAcceptor.obj
 0001:00001010       ?AddRef@?$CComContainedObject@VCOPOSCoinAcceptor@@@ATL@@WBAI@EAAKXZ 0000000180002010 f i CoinAcceptor.obj
 0001:0000101c       ?Release@?$CComContainedObject@VCOPOSCoinAcceptor@@@ATL@@WBAI@EAAKXZ 000000018000201c f i CoinAcceptor.obj
 0001:00001028       ?QueryInterface@?$CComContainedObject@VCOPOSCoinAcceptor@@@ATL@@WBBA@EAAJAEBU_GUID@@PEAPEAX@Z 0000000180002028 f i CoinAcceptor.obj
 0001:00001034       ?AddRef@?$CComContainedObject@VCOPOSCoinAcceptor@@@ATL@@WBBA@EAAKXZ 0000000180002034 f i CoinAcceptor.obj
 0001:00001040       ?Release@?$CComContainedObject@VCOPOSCoinAcceptor@@@ATL@@WBBA@EAAKXZ 0000000180002040 f i CoinAcceptor.obj
 0001:0000104c       ?QueryInterface@?$CComContainedObject@VCOPOSCoinAcceptor@@@ATL@@WBBI@EAAJAEBU_GUID@@PEAPEAX@Z 000000018000204c f i CoinAcceptor.obj
 0001:00001058       ?AddRef@?$CComContainedObject@VCOPOSCoinAcceptor@@@ATL@@WBBI@EAAKXZ 0000000180002058 f i CoinAcceptor.obj
 0001:00001064       ?Release@?$CComContainedObject@VCOPOSCoinAcceptor@@@ATL@@WBBI@EAAKXZ 0000000180002064 f i CoinAcceptor.obj
 0001:00001070       ?AddRef@?$CComContainedObject@VCOPOSCoinAcceptor@@@ATL@@WBCI@EAAKXZ 0000000180002070 f i CoinAcceptor.obj
 0001:0000107c       ?Release@?$CComContainedObject@VCOPOSCoinAcceptor@@@ATL@@WBCI@EAAKXZ 000000018000207c f i CoinAcceptor.obj
 0001:00001088       ?AddRef@?$CComContainedObject@VCOPOSCoinAcceptor@@@ATL@@WBEA@EAAKXZ 0000000180002088 f i CoinAcceptor.obj
 0001:00001094       ?Release@?$CComContainedObject@VCOPOSCoinAcceptor@@@ATL@@WBEA@EAAKXZ 0000000180002094 f i CoinAcceptor.obj
 0001:000010a0       ?CreateInstance@CComClassFactory@ATL@@UEAAJPEAUIUnknown@@AEBU_GUID@@PEAPEAX@Z 00000001800020a0 f i CoinAcceptor.obj
 0001:00001100       ?LockServer@CComClassFactory@ATL@@UEAAJH@Z 0000000180002100 f i CoinAcceptor.obj
 0001:00001124       ??_ECComClassFactory@ATL@@UEAAPEAXI@Z 0000000180002124 f i CoinAcceptor.obj
 0001:00001124       ??_GCComClassFactory@ATL@@UEAAPEAXI@Z 0000000180002124 f i CoinAcceptor.obj
 0001:00001174       ?GetWindowProc@?$CWindowImplBaseT@VCWindow@ATL@@V?$CWinTraits@$0FGAAAAAA@$0A@@2@@ATL@@UEAAP6A_JPEAUHWND__@@I_K_J@ZXZ 0000000180002174 f i CoinAcceptor.obj
 0001:0000117c       ?StartWindowProc@?$CWindowImplBaseT@VCWindow@ATL@@V?$CWinTraits@$0FGAAAAAA@$0A@@2@@ATL@@SA_JPEAUHWND__@@I_K_J@Z 000000018000217c f i CoinAcceptor.obj
 0001:00001230       ?GetTypeInfoCount@?$IDispatchImpl@UIOPOSCoinAcceptor@@$1?IID_IOPOSCoinAcceptor@@3U_GUID@@B$1?LIBID_OposCoinAcceptor_CCO@@3U3@B$00$0A@VCComTypeInfoHolder@ATL@@@ATL@@UEAAJPEAI@Z 0000000180002230 f i CoinAcceptor.obj
 0001:00001244       ?GetTypeInfo@?$IDispatchImpl@UIOPOSCoinAcceptor@@$1?IID_IOPOSCoinAcceptor@@3U_GUID@@B$1?LIBID_OposCoinAcceptor_CCO@@3U3@B$00$0A@VCComTypeInfoHolder@ATL@@@ATL@@UEAAJIKPEAPEAUITypeInfo@@@Z 0000000180002244 f i CoinAcceptor.obj
 0001:000012a8       ?GetIDsOfNames@?$IDispatchImpl@UIOPOSCoinAcceptor@@$1?IID_IOPOSCoinAcceptor@@3U_GUID@@B$1?LIBID_OposCoinAcceptor_CCO@@3U3@B$00$0A@VCComTypeInfoHolder@ATL@@@ATL@@UEAAJAEBU_GUID@@PEAPEA_WIKPEAJ@Z 00000001800022a8 f i CoinAcceptor.obj
 0001:000012b4       ?Invoke@?$IDispatchImpl@UIOPOSCoinAcceptor@@$1?IID_IOPOSCoinAcceptor@@3U_GUID@@B$1?LIBID_OposCoinAcceptor_CCO@@3U3@B$00$0A@VCComTypeInfoHolder@ATL@@@ATL@@UEAAJJAEBU_GUID@@KGPEAUtagDISPPARAMS@@PEAUtagVARIANT@@PEAUtagEXCEPINFO@@PEAI@Z 00000001800022b4 f i CoinAcceptor.obj
 0001:00001344       ?CreateControlWindow@?$CComControl@VCOPOSCoinAcceptor@@V?$CWindowImpl@VCOPOSCoinAcceptor@@VCWindow@ATL@@V?$CWinTraits@$0FGAAAAAA@$0A@@3@@ATL@@@ATL@@UEAAPEAUHWND__@@PEAU3@AEAUtagRECT@@@Z 0000000180002344 f i CoinAcceptor.obj
 0001:0000137c       ?ControlQueryInterface@?$CComControl@VCOPOSCoinAcceptor@@V?$CWindowImpl@VCOPOSCoinAcceptor@@VCWindow@ATL@@V?$CWinTraits@$0FGAAAAAA@$0A@@3@@ATL@@@ATL@@UEAAJAEBU_GUID@@PEAPEAX@Z 000000018000237c f i CoinAcceptor.obj
 0001:00001390       ?GetUserClassID@?$IOleObjectImpl@VCOPOSCoinAcceptor@@@ATL@@UEAAJPEAU_GUID@@@Z 0000000180002390 f i CoinAcceptor.obj
 0001:00001390       ?GetClassID@?$IPersistStorageImpl@VCOPOSCoinAcceptor@@@ATL@@UEAAJPEAU_GUID@@@Z 0000000180002390 f i CoinAcceptor.obj
 0001:00001390       ?GetClassID@?$IPersistStreamInitImpl@VCOPOSCoinAcceptor@@@ATL@@UEAAJPEAU_GUID@@@Z 0000000180002390 f i CoinAcceptor.obj
 0001:000013ac       ?IsDirty@?$IPersistStreamInitImpl@VCOPOSCoinAcceptor@@@ATL@@UEAAJXZ 00000001800023ac f i CoinAcceptor.obj
 0001:000013c8       ?Load@?$IPersistStreamInitImpl@VCOPOSCoinAcceptor@@@ATL@@UEAAJPEAUIStream@@@Z 00000001800023c8 f i CoinAcceptor.obj
 0001:000013e0       ?Save@?$IPersistStreamInitImpl@VCOPOSCoinAcceptor@@@ATL@@UEAAJPEAUIStream@@H@Z 00000001800023e0 f i CoinAcceptor.obj
 0001:000013f8       ?GetSizeMax@?$IPersistStreamInitImpl@VCOPOSCoinAcceptor@@@ATL@@UEAAJPEAT_ULARGE_INTEGER@@@Z 00000001800023f8 f i CoinAcceptor.obj
 0001:0000161c       ?InitNew@?$IPersistStreamInitImpl@VCOPOSCoinAcceptor@@@ATL@@UEAAJXZ 000000018000261c f i CoinAcceptor.obj
 0001:00001634       ?QueryInterface@CRegObject@ATL@@UEAAJAEBU_GUID@@PEAPEAX@Z 0000000180002634 f i CoinAcceptor.obj
 0001:00001634       ?GetClipboardData@?$IOleObjectImpl@VCOPOSCoinAcceptor@@@ATL@@UEAAJKPEAPEAUIDataObject@@@Z 0000000180002634 f i CoinAcceptor.obj
 0001:00001634       ?GetMoniker@?$IOleObjectImpl@VCOPOSCoinAcceptor@@@ATL@@UEAAJKKPEAPEAUIMoniker@@@Z 0000000180002634 f i CoinAcceptor.obj
 0001:00001634       ?SetColorScheme@?$IOleObjectImpl@VCOPOSCoinAcceptor@@@ATL@@UEAAJPEAUtagLOGPALETTE@@@Z 0000000180002634 f i CoinAcceptor.obj
 0001:00001634       ?Unfreeze@?$IViewObjectExImpl@VCOPOSCoinAcceptor@@@ATL@@UEAAJK@Z 0000000180002634 f i CoinAcceptor.obj
 0001:00001634       ?SOOutputCompleteDummy@COPOSCoinAcceptor@@MEAAJJ@Z 0000000180002634 f i CoinAcceptor.obj
 0001:00001634       ?SetMoniker@?$IOleObjectImpl@VCOPOSCoinAcceptor@@@ATL@@UEAAJKPEAUIMoniker@@@Z 0000000180002634 f i CoinAcceptor.obj
 0001:00001634       ?ReactivateAndUndo@?$IOleInPlaceObjectWindowlessImpl@VCOPOSCoinAcceptor@@@ATL@@UEAAJXZ 0000000180002634 f i CoinAcceptor.obj
 0001:00001634       ?SetData@?$IDataObjectImpl@VCOPOSCoinAcceptor@@@ATL@@UEAAJPEAUtagFORMATETC@@PEAUtagSTGMEDIUM@@H@Z 0000000180002634 f i CoinAcceptor.obj
 0001:00001634       ?Freeze@?$IViewObjectExImpl@VCOPOSCoinAcceptor@@@ATL@@UEAAJKJPEAXPEAK@Z 0000000180002634 f i CoinAcceptor.obj
 0001:00001634       ?InitFromData@?$IOleObjectImpl@VCOPOSCoinAcceptor@@@ATL@@UEAAJPEAUIDataObject@@HK@Z 0000000180002634 f i CoinAcceptor.obj
 0001:00001634       ?SOErrorDummy@COPOSCoinAcceptor@@MEAAJJJJPEAJ@Z 0000000180002634 f i CoinAcceptor.obj
 0001:00001634       ?EnumFormatEtc@?$IDataObjectImpl@VCOPOSCoinAcceptor@@@ATL@@UEAAJKPEAPEAUIEnumFORMATETC@@@Z 0000000180002634 f i CoinAcceptor.obj
 0001:00001634       ?ContextSensitiveHelp@?$IOleInPlaceObjectWindowlessImpl@VCOPOSCoinAcceptor@@@ATL@@UEAAJH@Z 0000000180002634 f i CoinAcceptor.obj
 0001:00001634       ?QueryGetData@?$IDataObjectImpl@VCOPOSCoinAcceptor@@@ATL@@UEAAJPEAUtagFORMATETC@@@Z 0000000180002634 f i CoinAcceptor.obj
 0001:00001634       ?GetColorSet@?$IViewObjectExImpl@VCOPOSCoinAcceptor@@@ATL@@UEAAJKJPEAXPEAUtagDVTARGETDEVICE@@PEAUHDC__@@PEAPEAUtagLOGPALETTE@@@Z 0000000180002634 f i CoinAcceptor.obj
 0001:00001634       ?OnMnemonic@?$IOleControlImpl@VCOPOSCoinAcceptor@@@ATL@@UEAAJPEAUtagMSG@@@Z 0000000180002634 f i CoinAcceptor.obj
 0001:00001634       ?GetRect@?$IViewObjectExImpl@VCOPOSCoinAcceptor@@@ATL@@UEAAJKPEAU_RECTL@@@Z 0000000180002634 f i CoinAcceptor.obj
 0001:00001634       ?GetDataHere@?$IDataObjectImpl@VCOPOSCoinAcceptor@@@ATL@@UEAAJPEAUtagFORMATETC@@PEAUtagSTGMEDIUM@@@Z 0000000180002634 f i CoinAcceptor.obj
 0001:00001634       ?ContextSensitiveHelp@?$IOleInPlaceActiveObjectImpl@VCOPOSCoinAcceptor@@@ATL@@UEAAJH@Z 0000000180002634 f i CoinAcceptor.obj
 0001:00001634       ?GetCanonicalFormatEtc@?$IDataObjectImpl@VCOPOSCoinAcceptor@@@ATL@@UEAAJPEAUtagFORMATETC@@0@Z 0000000180002634 f i CoinAcceptor.obj
 0001:00001634       ?GetDropTarget@?$IOleInPlaceObjectWindowlessImpl@VCOPOSCoinAcceptor@@@ATL@@UEAAJPEAPEAUIDropTarget@@@Z 0000000180002634 f i CoinAcceptor.obj
 0001:00001634       ?GetControlInfo@?$IOleControlImpl@VCOPOSCoinAcceptor@@@ATL@@UEAAJPEAUtagCONTROLINFO@@@Z 0000000180002634 f i CoinAcceptor.obj
 0001:0000163c       ?SetClientSite@?$IOleObjectImpl@VCOPOSCoinAcceptor@@@ATL@@UEAAJPEAUIOleClientSite@@@Z 000000018000263c f i CoinAcceptor.obj
 0001:00001658       ?GetClientSite@?$IOleObjectImpl@VCOPOSCoinAcceptor@@@ATL@@UEAAJPEAPEAUIOleClientSite@@@Z 0000000180002658 f i CoinAcceptor.obj
 0001:000016a0       ?Close@?$IOleObjectImpl@VCOPOSCoinAcceptor@@@ATL@@UEAAJK@Z 00000001800026a0 f i CoinAcceptor.obj
 0001:000016bc       ?DoVerb@?$IOleObjectImpl@VCOPOSCoinAcceptor@@@ATL@@UEAAJJPEAUtagMSG@@PEAUIOleClientSite@@JPEAUHWND__@@PEBUtagRECT@@@Z 00000001800026bc f i CoinAcceptor.obj
 0001:00001860       ?EnumVerbs@?$IOleObjectImpl@VCOPOSCoinAcceptor@@@ATL@@UEAAJPEAPEAUIEnumOLEVERB@@@Z 0000000180002860 f i CoinAcceptor.obj
 0001:0000187c       ?GetUserType@?$IOleObjectImpl@VCOPOSCoinAcceptor@@@ATL@@UEAAJKPEAPEA_W@Z 000000018000287c f i CoinAcceptor.obj
 0001:0000188c       ?SetExtent@?$IOleObjectImpl@VCOPOSCoinAcceptor@@@ATL@@UEAAJKPEAUtagSIZE@@@Z 000000018000288c f i CoinAcceptor.obj
 0001:000018a8       ?GetExtent@?$IOleObjectImpl@VCOPOSCoinAcceptor@@@ATL@@UEAAJKPEAUtagSIZE@@@Z 00000001800028a8 f i CoinAcceptor.obj
 0001:000018d8       ?Advise@?$IOleObjectImpl@VCOPOSCoinAcceptor@@@ATL@@UEAAJPEAUIAdviseSink@@PEAK@Z 00000001800028d8 f i CoinAcceptor.obj
 0001:00001934       ?Unadvise@?$IOleObjectImpl@VCOPOSCoinAcceptor@@@ATL@@UEAAJK@Z 0000000180002934 f i CoinAcceptor.obj
 0001:0000196c       ?EnumAdvise@?$IOleObjectImpl@VCOPOSCoinAcceptor@@@ATL@@UEAAJPEAPEAUIEnumSTATDATA@@@Z 000000018000296c f i CoinAcceptor.obj
 0001:000019b4       ?GetMiscStatus@?$IOleObjectImpl@VCOPOSCoinAcceptor@@@ATL@@UEAAJKPEAK@Z 00000001800029b4 f i CoinAcceptor.obj
 0001:000019c4       ?GetWindow@?$IOleInPlaceActiveObjectImpl@VCOPOSCoinAcceptor@@@ATL@@UEAAJPEAPEAUHWND__@@@Z 00000001800029c4 f i CoinAcceptor.obj
 0001:00001a18       ?TranslateAcceleratorW@?$IOleInPlaceActiveObjectImpl@VCOPOSCoinAcceptor@@@ATL@@UEAAJPEAUtagMSG@@@Z 0000000180002a18 f i CoinAcceptor.obj
 0001:00001b0c       ?OnDocWindowActivate@?$IOleInPlaceActiveObjectImpl@VCOPOSCoinAcceptor@@@ATL@@UEAAJH@Z 0000000180002b0c f i CoinAcceptor.obj
 0001:00001b38       ?Draw@?$IViewObjectExImpl@VCOPOSCoinAcceptor@@@ATL@@UEAAJKJPEAXPEAUtagDVTARGETDEVICE@@PEAUHDC__@@2PEBU_RECTL@@3P6AH_K@Z4@Z 0000000180002b38 f i CoinAcceptor.obj
 0001:00001b9c       ?SetAdvise@?$IViewObjectExImpl@VCOPOSCoinAcceptor@@@ATL@@UEAAJKKPEAUIAdviseSink@@@Z 0000000180002b9c f i CoinAcceptor.obj
 0001:00001bf0       ?GetAdvise@?$IViewObjectExImpl@VCOPOSCoinAcceptor@@@ATL@@UEAAJPEAK0PEAPEAUIAdviseSink@@@Z 0000000180002bf0 f i CoinAcceptor.obj
 0001:00001c2c       ?GetExtent@?$IViewObjectExImpl@VCOPOSCoinAcceptor@@@ATL@@UEAAJKJPEAUtagDVTARGETDEVICE@@PEAUtagSIZE@@@Z 0000000180002c2c f i CoinAcceptor.obj
 0001:00001c5c       ?GetViewStatus@?$IViewObjectExImpl@VCOPOSCoinAcceptor@@@ATL@@UEAAJPEAK@Z 0000000180002c5c f i CoinAcceptor.obj
 0001:00001c70       ?QueryHitPoint@?$IViewObjectExImpl@VCOPOSCoinAcceptor@@@ATL@@UEAAJKPEBUtagRECT@@UtagPOINT@@JPEAK@Z 0000000180002c70 f i CoinAcceptor.obj
 0001:00001cb4       ?QueryHitRect@?$IViewObjectExImpl@VCOPOSCoinAcceptor@@@ATL@@UEAAJKPEBUtagRECT@@0JPEAK@Z 0000000180002cb4 f i CoinAcceptor.obj
 0001:00001d1c       ?GetNaturalExtent@?$IViewObjectExImpl@VCOPOSCoinAcceptor@@@ATL@@UEAAJKJPEAUtagDVTARGETDEVICE@@PEAUHDC__@@PEAUtagExtentInfo@@PEAUtagSIZE@@@Z 0000000180002d1c f i CoinAcceptor.obj
 0001:00001d64       ?GetWindow@?$IOleInPlaceObjectWindowlessImpl@VCOPOSCoinAcceptor@@@ATL@@UEAAJPEAPEAUHWND__@@@Z 0000000180002d64 f i CoinAcceptor.obj
 0001:00001db8       ?InPlaceDeactivate@?$IOleInPlaceObjectWindowlessImpl@VCOPOSCoinAcceptor@@@ATL@@UEAAJXZ 0000000180002db8 f i CoinAcceptor.obj
 0001:00001dd4       ?UIDeactivate@?$IOleInPlaceObjectWindowlessImpl@VCOPOSCoinAcceptor@@@ATL@@UEAAJXZ 0000000180002dd4 f i CoinAcceptor.obj
 0001:00001df0       ?SetObjectRects@?$IOleInPlaceObjectWindowlessImpl@VCOPOSCoinAcceptor@@@ATL@@UEAAJPEBUtagRECT@@0@Z 0000000180002df0 f i CoinAcceptor.obj
 0001:00001e0c       ?OnWindowMessage@?$IOleInPlaceObjectWindowlessImpl@VCOPOSCoinAcceptor@@@ATL@@UEAAJI_K_JPEA_J@Z 0000000180002e0c f i CoinAcceptor.obj
 0001:00001ed4       ?EnumConnectionPoints@?$IConnectionPointContainerImpl@VCOPOSCoinAcceptor@@@ATL@@UEAAJPEAPEAUIEnumConnectionPoints@@@Z 0000000180002ed4 f i CoinAcceptor.obj
 0001:0000211c       ?FindConnectionPoint@?$IConnectionPointContainerImpl@VCOPOSCoinAcceptor@@@ATL@@UEAAJAEBU_GUID@@PEAPEAUIConnectionPoint@@@Z 000000018000311c f i CoinAcceptor.obj
 0001:000021ec       ?IsDirty@?$IPersistStorageImpl@VCOPOSCoinAcceptor@@@ATL@@UEAAJXZ 00000001800031ec f i CoinAcceptor.obj
 0001:0000222c       ?InitNew@?$IPersistStorageImpl@VCOPOSCoinAcceptor@@@ATL@@UEAAJPEAUIStorage@@@Z 000000018000322c f i CoinAcceptor.obj
 0001:0000226c       ?Load@?$IPersistStorageImpl@VCOPOSCoinAcceptor@@@ATL@@UEAAJPEAUIStorage@@@Z 000000018000326c f i CoinAcceptor.obj
 0001:0000230c       ?Save@?$IPersistStorageImpl@VCOPOSCoinAcceptor@@@ATL@@UEAAJPEAUIStorage@@H@Z 000000018000330c f i CoinAcceptor.obj
 0001:000023bc       ?GetPages@?$ISpecifyPropertyPagesImpl@VCOPOSCoinAcceptor@@@ATL@@UEAAJPEAUtagCAUUID@@@Z 00000001800033bc f i CoinAcceptor.obj
 0001:000023c8       ?QuickActivate@?$IQuickActivateImpl@VCOPOSCoinAcceptor@@@ATL@@UEAAJPEAUtagQACONTAINER@@PEAUtagQACONTROL@@@Z 00000001800033c8 f i CoinAcceptor.obj
 0001:000023e4       ?SetContentExtent@?$IQuickActivateImpl@VCOPOSCoinAcceptor@@@ATL@@UEAAJPEAUtagSIZE@@@Z 00000001800033e4 f i CoinAcceptor.obj
 0001:00002418       ?GetContentExtent@?$IQuickActivateImpl@VCOPOSCoinAcceptor@@@ATL@@UEAAJPEAUtagSIZE@@@Z 0000000180003418 f i CoinAcceptor.obj
 0001:00002450       ?GetData@?$IDataObjectImpl@VCOPOSCoinAcceptor@@@ATL@@UEAAJPEAUtagFORMATETC@@PEAUtagSTGMEDIUM@@@Z 0000000180003450 f i CoinAcceptor.obj
 0001:0000246c       ?DAdvise@?$IDataObjectImpl@VCOPOSCoinAcceptor@@@ATL@@UEAAJPEAUtagFORMATETC@@KPEAUIAdviseSink@@PEAK@Z 000000018000346c f i CoinAcceptor.obj
 0001:000024f4       ?DUnadvise@?$IDataObjectImpl@VCOPOSCoinAcceptor@@@ATL@@UEAAJK@Z 00000001800034f4 f i CoinAcceptor.obj
 0001:00002520       ?EnumDAdvise@?$IDataObjectImpl@VCOPOSCoinAcceptor@@@ATL@@UEAAJPEAPEAUIEnumSTATDATA@@@Z 0000000180003520 f i CoinAcceptor.obj
 0001:0000255c       ?GetClassInfoW@?$IProvideClassInfo2Impl@$1?CLSID_OPOSCoinAcceptor@@3U_GUID@@B$1?DIID__IOPOSCoinAcceptorEvents@@3U2@B$1?LIBID_OposCoinAcceptor_CCO@@3U2@B$00$0A@VCComTypeInfoHolder@ATL@@@ATL@@UEAAJPEAPEAUITypeInfo@@@Z 000000018000355c f i CoinAcceptor.obj
 0001:000025b4       ?GetGUID@?$IProvideClassInfo2Impl@$1?CLSID_OPOSCoinAcceptor@@3U_GUID@@B$1?DIID__IOPOSCoinAcceptorEvents@@3U2@B$1?LIBID_OposCoinAcceptor_CCO@@3U2@B$00$0A@VCComTypeInfoHolder@ATL@@@ATL@@UEAAJKPEAU_GUID@@@Z 00000001800035b4 f i CoinAcceptor.obj
 0001:000025e8       ?AddRef@CRegObject@ATL@@UEAAKXZ 00000001800035e8 f i CoinAcceptor.obj
 0001:000025e8       _get_startup_argv_mode     00000001800035e8 f i LIBCMT:argv_mode.obj
 0001:000025e8       ?FAccessAllowed@?$IObjectSafetyImpl@VCOPOSCoinAcceptor@@$02@ATL@@MEAAHXZ 00000001800035e8 f i CoinAcceptor.obj
 0001:000025f0       ?GetInterfaceSafetyOptions@?$IObjectSafetyImpl@VCOPOSCoinAcceptor@@$02@ATL@@UEAAJAEBU_GUID@@PEAK1@Z 00000001800035f0 f i CoinAcceptor.obj
 0001:00002684       ?SetInterfaceSafetyOptions@?$IObjectSafetyImpl@VCOPOSCoinAcceptor@@$02@ATL@@UEAAJAEBU_GUID@@KK@Z 0000000180003684 f i CoinAcceptor.obj
 0001:00002728       ?_LocCPQueryInterface@?$IConnectionPointImpl@VCOPOSCoinAcceptor@@$1?IID_IPropertyNotifySink@@3U_GUID@@BVCComDynamicUnkArray@ATL@@@ATL@@UEAAJAEBU_GUID@@PEAPEAX@Z 0000000180003728 f i CoinAcceptor.obj
 0001:00002728       ?_LocCPQueryInterface@?$IConnectionPointImpl@VCOPOSCoinAcceptor@@$1?DIID__IOPOSCoinAcceptorEvents@@3U_GUID@@BVCComDynamicUnkArray@ATL@@@ATL@@UEAAJAEBU_GUID@@PEAPEAX@Z 0000000180003728 f i CoinAcceptor.obj
 0001:0000279c       ?GetConnectionInterface@?$IConnectionPointImpl@VCOPOSCoinAcceptor@@$1?IID_IPropertyNotifySink@@3U_GUID@@BVCComDynamicUnkArray@ATL@@@ATL@@UEAAJPEAU_GUID@@@Z 000000018000379c f i CoinAcceptor.obj
 0001:000027b8       ?GetConnectionPointContainer@?$IConnectionPointImpl@VCOPOSCoinAcceptor@@$1?IID_IPropertyNotifySink@@3U_GUID@@BVCComDynamicUnkArray@ATL@@@ATL@@UEAAJPEAPEAUIConnectionPointContainer@@@Z 00000001800037b8 f i CoinAcceptor.obj
 0001:000027d8       ?Advise@?$IConnectionPointImpl@VCOPOSCoinAcceptor@@$1?IID_IPropertyNotifySink@@3U_GUID@@BVCComDynamicUnkArray@ATL@@@ATL@@UEAAJPEAUIUnknown@@PEAK@Z 00000001800037d8 f i CoinAcceptor.obj
 0001:000027d8       ?Advise@?$IConnectionPointImpl@VCOPOSCoinAcceptor@@$1?DIID__IOPOSCoinAcceptorEvents@@3U_GUID@@BVCComDynamicUnkArray@ATL@@@ATL@@UEAAJPEAUIUnknown@@PEAK@Z 00000001800037d8 f i CoinAcceptor.obj
 0001:00002894       ?Unadvise@?$IConnectionPointImpl@VCOPOSCoinAcceptor@@$1?DIID__IOPOSCoinAcceptorEvents@@3U_GUID@@BVCComDynamicUnkArray@ATL@@@ATL@@UEAAJK@Z 0000000180003894 f i CoinAcceptor.obj
 0001:00002894       ?Unadvise@?$IConnectionPointImpl@VCOPOSCoinAcceptor@@$1?IID_IPropertyNotifySink@@3U_GUID@@BVCComDynamicUnkArray@ATL@@@ATL@@UEAAJK@Z 0000000180003894 f i CoinAcceptor.obj
 0001:000028fc       ?EnumConnections@?$IConnectionPointImpl@VCOPOSCoinAcceptor@@$1?IID_IPropertyNotifySink@@3U_GUID@@BVCComDynamicUnkArray@ATL@@@ATL@@UEAAJPEAPEAUIEnumConnections@@@Z 00000001800038fc f i CoinAcceptor.obj
 0001:000028fc       ?EnumConnections@?$IConnectionPointImpl@VCOPOSCoinAcceptor@@$1?DIID__IOPOSCoinAcceptorEvents@@3U_GUID@@BVCComDynamicUnkArray@ATL@@@ATL@@UEAAJPEAPEAUIEnumConnections@@@Z 00000001800038fc f i CoinAcceptor.obj
 0001:00002a90       ?GetConnectionInterface@?$IConnectionPointImpl@VCOPOSCoinAcceptor@@$1?DIID__IOPOSCoinAcceptorEvents@@3U_GUID@@BVCComDynamicUnkArray@ATL@@@ATL@@UEAAJPEAU_GUID@@@Z 0000000180003a90 f i CoinAcceptor.obj
 0001:00002aac       ?GetConnectionPointContainer@?$IConnectionPointImpl@VCOPOSCoinAcceptor@@$1?DIID__IOPOSCoinAcceptorEvents@@3U_GUID@@BVCComDynamicUnkArray@ATL@@@ATL@@UEAAJPEAPEAUIConnectionPointContainer@@@Z 0000000180003aac f i CoinAcceptor.obj
 0001:00002acc       ?Lock@CAtlModule@ATL@@UEAAJXZ 0000000180003acc f i CoinAcceptor.obj
 0001:00002adc       ?Unlock@CAtlModule@ATL@@UEAAJXZ 0000000180003adc f i CoinAcceptor.obj
 0001:00002ae8       ?GetLockCount@CAtlModule@ATL@@UEAAJXZ 0000000180003ae8 f i CoinAcceptor.obj
 0001:00002aec       ?GetGITPtr@CAtlModule@ATL@@UEAAJPEAPEAUIGlobalInterfaceTable@@@Z 0000000180003aec f i CoinAcceptor.obj
 0001:00002b5c       ?UpdateRegistry@COPOSCoinAcceptor@@SAJH@Z 0000000180003b5c f i CoinAcceptor.obj
 0001:00002b74       ?ProcessWindowMessage@COPOSCoinAcceptor@@UEAAHPEAUHWND__@@I_K_JAEA_JK@Z 0000000180003b74 f i CoinAcceptor.obj
 0001:00002c04       ?SOData@COPOSCoinAcceptor@@MEAAJJ@Z 0000000180003c04 f i CoinAcceptor.obj
 0001:00002c54       ?SODirectIO@COPOSCoinAcceptor@@MEAAJJPEAJPEAPEA_W@Z 0000000180003c54 f i CoinAcceptor.obj
 0001:00002ccc       ?SOStatusUpdate@COPOSCoinAcceptor@@MEAAJJ@Z 0000000180003ccc f i CoinAcceptor.obj
 0001:00002d1c       ?AddCommonRGSReplacements@?$CAtlModuleT@VCComModule@ATL@@@ATL@@UEAAJPEAUIRegistrarBase@@@Z 0000000180003d1c f i CoinAcceptor.obj
 0001:00002d34       ?UpdateRegistryFromResourceD@CComModule@ATL@@UEAAJPEB_WHPEAU_ATL_REGMAP_ENTRY@2@@Z 0000000180003d34 f i CoinAcceptor.obj
 0001:00002d34       ?UpdateRegistryFromResourceD@CComModule@ATL@@UEAAJIHPEAU_ATL_REGMAP_ENTRY@2@@Z 0000000180003d34 f i CoinAcceptor.obj
 0001:00002d3c       ?UpdateRegistryFromResource@CComModule@ATL@@UEAAJPEB_WHPEAU_ATL_REGMAP_ENTRY@2@@Z 0000000180003d3c f i CoinAcceptor.obj
 0001:00002d44       ?UpdateRegistryFromResource@CComModule@ATL@@UEAAJIHPEAU_ATL_REGMAP_ENTRY@2@@Z 0000000180003d44 f i CoinAcceptor.obj
 0001:00002d4c       ??_ECComModule@ATL@@UEAAPEAXI@Z 0000000180003d4c f i CoinAcceptor.obj
 0001:00002d4c       ??_GCComModule@ATL@@UEAAPEAXI@Z 0000000180003d4c f i CoinAcceptor.obj
 0001:00002d8c       ?CreateInstance@?$CComCreator@V?$CComObjectCached@VCComClassFactory@ATL@@@ATL@@@ATL@@SAJPEAXAEBU_GUID@@PEAPEAX@Z 0000000180003d8c f i CoinAcceptor.obj
 0001:00002eb0       ?CreateInstance@?$CComCreator2@V?$CComCreator@V?$CComObject@VCOPOSCoinAcceptor@@@ATL@@@ATL@@V?$CComCreator@V?$CComAggObject@VCOPOSCoinAcceptor@@@ATL@@@2@@ATL@@SAJPEAXAEBU_GUID@@PEAPEAX@Z 0000000180003eb0 f i CoinAcceptor.obj
 0001:00002ec0       ?AddRef@?$CComObjectCached@VCComClassFactory@ATL@@@ATL@@UEAAKXZ 0000000180003ec0 f i CoinAcceptor.obj
 0001:00002eec       ?Release@?$CComObjectCached@VCComClassFactory@ATL@@@ATL@@UEAAKXZ 0000000180003eec f i CoinAcceptor.obj
 0001:00002f2c       ?QueryInterface@?$CComObjectCached@VCComClassFactory@ATL@@@ATL@@UEAAJAEBU_GUID@@PEAPEAX@Z 0000000180003f2c f i CoinAcceptor.obj
 0001:00002f40       ??_E?$CComObjectCached@VCComClassFactory@ATL@@@ATL@@UEAAPEAXI@Z 0000000180003f40 f i CoinAcceptor.obj
 0001:00002f40       ??_G?$CComObjectCached@VCComClassFactory@ATL@@@ATL@@UEAAPEAXI@Z 0000000180003f40 f i CoinAcceptor.obj
 0001:00002f98       ?Next@?$CComEnumImpl@UIEnumConnectionPoints@@$1?_GUID_b196b285_bab4_101a_b69c_00aa00341d07@@3U__s_GUID@@BPEAUIConnectionPoint@@V?$_CopyInterface@UIConnectionPoint@@@ATL@@@ATL@@UEAAJKPEAPEAUIConnectionPoint@@PEAK@Z 0000000180003f98 f i CoinAcceptor.obj
 0001:0000305c       ?Skip@?$CComEnumImpl@UIEnumConnectionPoints@@$1?_GUID_b196b285_bab4_101a_b69c_00aa00341d07@@3U__s_GUID@@BPEAUIConnectionPoint@@V?$_CopyInterface@UIConnectionPoint@@@ATL@@@ATL@@UEAAJK@Z 000000018000405c f i CoinAcceptor.obj
 0001:00003088       ?Clone@?$CComEnumImpl@UIEnumConnectionPoints@@$1?_GUID_b196b285_bab4_101a_b69c_00aa00341d07@@3U__s_GUID@@BPEAUIConnectionPoint@@V?$_CopyInterface@UIConnectionPoint@@@ATL@@@ATL@@UEAAJPEAPEAUIEnumConnectionPoints@@@Z 0000000180004088 f i CoinAcceptor.obj
 0001:000031b4       ?QueryInterface@?$CComObject@V?$CComEnum@UIEnumConnectionPoints@@$1?_GUID_b196b285_bab4_101a_b69c_00aa00341d07@@3U__s_GUID@@BPEAUIConnectionPoint@@V?$_CopyInterface@UIConnectionPoint@@@ATL@@VCComSingleThreadModel@6@@ATL@@@ATL@@UEAAJAEBU_GUID@@PEAPEAX@Z 00000001800041b4 f i CoinAcceptor.obj
 0001:000031c8       ??_G?$CComObject@V?$CComEnum@UIEnumConnectionPoints@@$1?_GUID_b196b285_bab4_101a_b69c_00aa00341d07@@3U__s_GUID@@BPEAUIConnectionPoint@@V?$_CopyInterface@UIConnectionPoint@@@ATL@@VCComSingleThreadModel@6@@ATL@@@ATL@@UEAAPEAXI@Z 00000001800041c8 f i CoinAcceptor.obj
 0001:000031c8       ??_E?$CComObject@V?$CComEnum@UIEnumConnectionPoints@@$1?_GUID_b196b285_bab4_101a_b69c_00aa00341d07@@3U__s_GUID@@BPEAUIConnectionPoint@@V?$_CopyInterface@UIConnectionPoint@@@ATL@@VCComSingleThreadModel@6@@ATL@@@ATL@@UEAAPEAXI@Z 00000001800041c8 f i CoinAcceptor.obj
 0001:00003220       ?AddReplacement@CRegObject@ATL@@UEAAJPEB_W0@Z 0000000180004220 f i CoinAcceptor.obj
 0001:00003250       ?ClearReplacements@CRegObject@ATL@@UEAAJXZ 0000000180004250 f i CoinAcceptor.obj
 0001:0000325c       ??_GCRegObject@ATL@@UEAAPEAXI@Z 000000018000425c f i CoinAcceptor.obj
 0001:0000325c       ??_ECRegObject@ATL@@UEAAPEAXI@Z 000000018000425c f i CoinAcceptor.obj
 0001:000032dc       ?AddRef@?$CComAggObject@VCOPOSCoinAcceptor@@@ATL@@UEAAKXZ 00000001800042dc f i CoinAcceptor.obj
 0001:000032e8       ?Release@?$CComAggObject@VCOPOSCoinAcceptor@@@ATL@@UEAAKXZ 00000001800042e8 f i CoinAcceptor.obj
 0001:0000333c       ?QueryInterface@?$CComAggObject@VCOPOSCoinAcceptor@@@ATL@@UEAAJAEBU_GUID@@PEAPEAX@Z 000000018000433c f i CoinAcceptor.obj
 0001:0000339c       ?AddRef@?$CComContainedObject@VCOPOSCoinAcceptor@@@ATL@@UEAAKXZ 000000018000439c f i CoinAcceptor.obj
 0001:000033ac       ?Release@?$CComContainedObject@VCOPOSCoinAcceptor@@@ATL@@UEAAKXZ 00000001800043ac f i CoinAcceptor.obj
 0001:000033bc       ?QueryInterface@?$CComContainedObject@VCOPOSCoinAcceptor@@@ATL@@UEAAJAEBU_GUID@@PEAPEAX@Z 00000001800043bc f i CoinAcceptor.obj
 0001:000033cc       ??_E?$CComAggObject@VCOPOSCoinAcceptor@@@ATL@@UEAAPEAXI@Z 00000001800043cc f i CoinAcceptor.obj
 0001:000033cc       ??_G?$CComAggObject@VCOPOSCoinAcceptor@@@ATL@@UEAAPEAXI@Z 00000001800043cc f i CoinAcceptor.obj
 0001:00003424       ?AddRef@?$CComObject@VCOPOSCoinAcceptor@@@ATL@@UEAAKXZ 0000000180004424 f i CoinAcceptor.obj
 0001:00003434       ?Release@?$CComObject@VCOPOSCoinAcceptor@@@ATL@@UEAAKXZ 0000000180004434 f i CoinAcceptor.obj
 0001:0000348c       ?QueryInterface@?$CComObject@VCOPOSCoinAcceptor@@@ATL@@UEAAJAEBU_GUID@@PEAPEAX@Z 000000018000448c f i CoinAcceptor.obj
 0001:000034a0       ?OnDrawAdvanced@CComControlBase@ATL@@UEAAJAEAUATL_DRAWINFO@@@Z 00000001800044a0 f i CoinAcceptor.obj
 0001:0000362c       ??$AtlModuleRegisterWndClassInfoT@VAtlModuleRegisterWndClassInfoParamW@ATL@@@ATL@@YAGPEAU_ATL_BASE_MODULE70@0@PEAU_ATL_WIN_MODULE70@0@PEAU_ATL_WNDCLASSINFOW@0@PEAP6A_JPEAUHWND__@@I_K_J@ZVAtlModuleRegisterWndClassInfoParamW@0@@Z 000000018000462c f i CoinAcceptor.obj
 0001:0000382c       ??0?$CComContainedObject@VCOPOSCoinAcceptor@@@ATL@@QEAA@PEAX@Z 000000018000482c f i CoinAcceptor.obj
 0001:00003948       ??0?$CComObject@VCOPOSCoinAcceptor@@@ATL@@QEAA@PEAX@Z 0000000180004948 f i CoinAcceptor.obj
 0001:00003a60       ??0CAtlModule@ATL@@QEAA@XZ 0000000180004a60 f i CoinAcceptor.obj
 0001:00003ad4       ??1?$CComEnumImpl@UIEnumConnectionPoints@@$1?_GUID_b196b285_bab4_101a_b69c_00aa00341d07@@3U__s_GUID@@BPEAUIConnectionPoint@@V?$_CopyInterface@UIConnectionPoint@@@ATL@@@ATL@@UEAA@XZ 0000000180004ad4 f i CoinAcceptor.obj
 0001:00003b2c       ??1?$CComEnumImpl@UIEnumConnections@@$1?_GUID_b196b287_bab4_101a_b69c_00aa00341d07@@3U__s_GUID@@BUtagCONNECTDATA@@V?$_Copy@UtagCONNECTDATA@@@ATL@@@ATL@@UEAA@XZ 0000000180004b2c f i CoinAcceptor.obj
 0001:00003b84       ??1?$CComObject@VCOPOSCoinAcceptor@@@ATL@@UEAA@XZ 0000000180004b84 f i CoinAcceptor.obj
 0001:00003ca4       ??_G?$CComContainedObject@VCOPOSCoinAcceptor@@@ATL@@UEAAPEAXI@Z 0000000180004ca4 f i CoinAcceptor.obj
 0001:00003ca4       ??_E?$CComContainedObject@VCOPOSCoinAcceptor@@@ATL@@UEAAPEAXI@Z 0000000180004ca4 f i CoinAcceptor.obj
 0001:00003cd8       ??_G?$CComObject@VCOPOSCoinAcceptor@@@ATL@@UEAAPEAXI@Z 0000000180004cd8 f i CoinAcceptor.obj
 0001:00003cd8       ??_E?$CComObject@VCOPOSCoinAcceptor@@@ATL@@UEAAPEAXI@Z 0000000180004cd8 f i CoinAcceptor.obj
 0001:00003d0c       ?Add@?$CSimpleArray@GV?$CSimpleArrayEqualHelper@G@ATL@@@ATL@@QEAAHAEBG@Z 0000000180004d0c f i CoinAcceptor.obj
 0001:00003dac       ?Add@?$CSimpleMap@PEA_WPEA_WVCExpansionVectorEqualHelper@ATL@@@ATL@@QEAAHAEBQEA_W0@Z 0000000180004dac f i CoinAcceptor.obj
 0001:00003e48       ?Add@CComDynamicUnkArray@ATL@@QEAAKPEAUIUnknown@@@Z 0000000180004e48 f i CoinAcceptor.obj
 0001:00003f2c       ?Add@CExpansionVector@ATL@@QEAAHPEB_W0@Z 0000000180004f2c f i CoinAcceptor.obj
 0001:00004060       ?AddTermFunc@CAtlModule@ATL@@QEAAJP6AX_K@Z0@Z 0000000180005060 f i CoinAcceptor.obj
 0001:000040fc       ?AddValue@CRegParser@ATL@@IEAAJAEAVCRegKey@2@PEB_WPEA_W@Z 00000001800050fc f i CoinAcceptor.obj
 0001:0000450c       ?AllocateHeap@?$CTempBuffer@_W$0EAA@VCCRTAllocator@ATL@@@ATL@@AEAAX_K@Z 000000018000550c f i CoinAcceptor.obj
 0001:0000450c       ?AllocateHeap@?$CTempBuffer@E$0BAA@VCCRTAllocator@ATL@@@ATL@@AEAAX_K@Z 000000018000550c f i CoinAcceptor.obj
 0001:0000450c       ?AllocateHeap@?$CTempBuffer@_W$0BAA@VCCRTAllocator@ATL@@@ATL@@AEAAX_K@Z 000000018000550c f i CoinAcceptor.obj
 0001:00004538       ?Append@CParseBuffer@CRegParser@ATL@@QEAAHPEB_WH@Z 0000000180005538 f i CoinAcceptor.obj
 0001:0000466c       ?AtlComModuleGetClassObject@ATL@@YAJPEAU_ATL_COM_MODULE70@1@AEBU_GUID@@1PEAPEAX@Z 000000018000566c f i CoinAcceptor.obj
 0001:000047a8       ?AtlComModuleRegisterServer@ATL@@YAJPEAU_ATL_COM_MODULE70@1@HPEBU_GUID@@@Z 00000001800057a8 f i CoinAcceptor.obj
 0001:00004868       ?AtlComModuleUnregisterServer@ATL@@YAJPEAU_ATL_COM_MODULE70@1@HPEBU_GUID@@@Z 0000000180005868 f i CoinAcceptor.obj
 0001:00004924       ?AtlHiMetricToPixel@ATL@@YAXPEBUtagSIZE@@PEAU2@@Z 0000000180005924 f i CoinAcceptor.obj
 0001:000049d4       ?AtlHresultFromLastError@ATL@@YAJXZ 00000001800059d4 f i CoinAcceptor.obj
 0001:000049f4       ?AtlHresultFromWin32@ATL@@YAJK@Z 00000001800059f4 f i CoinAcceptor.obj
 0001:00004a04       ?AtlInternalOleLoadFromStream@ATL@@YAJPEAUIStream@@AEBU_GUID@@PEAPEAXTClassesAllowedInStream@1@K@Z 0000000180005a04 f i CoinAcceptor.obj
 0001:00004b54       ?AtlInternalQueryInterface@ATL@@YAJPEAXPEBU_ATL_INTMAP_ENTRY@1@AEBU_GUID@@PEAPEAX@Z 0000000180005b54 f i CoinAcceptor.obj
 0001:00004c5c       ?AtlLoadTypeLib@ATL@@YAJPEAUHINSTANCE__@@PEB_WPEAPEA_WPEAPEAUITypeLib@@@Z 0000000180005c5c f i CoinAcceptor.obj
 0001:00004eb8       ?AtlRegisterClassCategoriesHelper@ATL@@YAJAEBU_GUID@@PEBU_ATL_CATMAP_ENTRY@1@H@Z 0000000180005eb8 f i CoinAcceptor.obj
 0001:0000533c       ?AtlRegisterTypeLib@ATL@@YAJPEAUHINSTANCE__@@PEB_W@Z 000000018000633c f i CoinAcceptor.obj
 0001:00005538       ?AtlThrowImpl@ATL@@YAXJ@Z  0000000180006538 f i CoinAcceptor.obj
 0001:0000555c       ?AtlUnRegisterTypeLib@ATL@@YAJPEAUHINSTANCE__@@PEB_W@Z 000000018000655c f i CoinAcceptor.obj
 0001:00005624       ?AtlWinModuleExtractCreateWndData@ATL@@YAPEAXPEAU_ATL_WIN_MODULE70@1@@Z 0000000180006624 f i CoinAcceptor.obj
 0001:000056b0       ?ChToByte@CRegParser@ATL@@KAE_W@Z 00000001800066b0 f i CoinAcceptor.obj
 0001:0000573c       ?Cleanup@CComTypeInfoHolder@ATL@@SAX_K@Z 000000018000673c f i CoinAcceptor.obj
 0001:0000577c       ?ClearReplacements@CExpansionVector@ATL@@QEAAJXZ 000000018000677c f i CoinAcceptor.obj
 0001:00005818       ?CreateInstance@?$CComCreator@V?$CComAggObject@VCOPOSCoinAcceptor@@@ATL@@@ATL@@SAJPEAXAEBU_GUID@@PEAPEAX@Z 0000000180006818 f i CoinAcceptor.obj
 0001:000058fc       ?CreateInstance@?$CComCreator@V?$CComObject@VCOPOSCoinAcceptor@@@ATL@@@ATL@@SAJPEAXAEBU_GUID@@PEAPEAX@Z 00000001800068fc f i CoinAcceptor.obj
 0001:000059bc       ?CreateInstance@?$CComObject@V?$CComEnum@UIEnumConnectionPoints@@$1?_GUID_b196b285_bab4_101a_b69c_00aa00341d07@@3U__s_GUID@@BPEAUIConnectionPoint@@V?$_CopyInterface@UIConnectionPoint@@@ATL@@VCComSingleThreadModel@6@@ATL@@@ATL@@SAJPEAPEAV12@@Z 00000001800069bc f i CoinAcceptor.obj
 0001:00005a4c       ?CreateInstance@?$CComObject@V?$CComEnum@UIEnumConnections@@$1?_GUID_b196b287_bab4_101a_b69c_00aa00341d07@@3U__s_GUID@@BUtagCONNECTDATA@@V?$_Copy@UtagCONNECTDATA@@@ATL@@VCComSingleThreadModel@6@@ATL@@@ATL@@SAJPEAPEAV12@@Z 0000000180006a4c f i CoinAcceptor.obj
 0001:00005adc       ?DefaultReflectionHandler@?$CWindowImplRoot@VCWindow@ATL@@@ATL@@SAHPEAUHWND__@@I_K_JAEA_J@Z 0000000180006adc f i CoinAcceptor.obj
 0001:00005b70       ?DeleteSubKey@CRegKey@ATL@@QEAAJPEB_W@Z 0000000180006b70 f i CoinAcceptor.obj
 0001:00005c08       ?DoEvent@COPOSCoinAcceptor@@IEAAXI_K_J@Z 0000000180006c08 f i CoinAcceptor.obj
 0001:00005cbc       ?DoVerbPrimary@?$IOleObjectImpl@VCOPOSCoinAcceptor@@@ATL@@QEAAJPEBUtagRECT@@PEAUHWND__@@@Z 0000000180006cbc f i CoinAcceptor.obj
 0001:00005de8       ?DoVerbProperties@CComControlBase@ATL@@QEAAJPEBUtagRECT@@PEAUHWND__@@@Z 0000000180006de8 f i CoinAcceptor.obj
 0001:00006010       ?FireTheEvent@?$CProxy_IOPOSEvents@VCOPOSCoinAcceptor@@@@IEAAXPEAVOposVariant@@IAEAJPEB_WJ@Z 0000000180007010 f i CoinAcceptor.obj
 0001:000060fc       ?FireViewChange@CComControlBase@ATL@@QEAAJXZ 00000001800070fc f i CoinAcceptor.obj
 0001:00006160       ?Fire_DataEvent@?$CProxy_IOPOSEvents@VCOPOSCoinAcceptor@@@@QEAAXJ@Z 0000000180007160 f i CoinAcceptor.obj
 0001:0000624c       ?Fire_DirectIOEvent@?$CProxy_IOPOSEvents@VCOPOSCoinAcceptor@@@@QEAAXJPEAJPEAPEA_W@Z 000000018000724c f i CoinAcceptor.obj
 0001:000063ac       ?Fire_StatusUpdateEvent@?$CProxy_IOPOSEvents@VCOPOSCoinAcceptor@@@@QEAAXJ@Z 00000001800073ac f i CoinAcceptor.obj
 0001:00006498       ?FreeHeap@?$CTempBuffer@_W$0EAA@VCCRTAllocator@ATL@@@ATL@@AEAAXXZ 0000000180007498 f i CoinAcceptor.obj
 0001:00006498       ?FreeHeap@?$CTempBuffer@_W$0BAA@VCCRTAllocator@ATL@@@ATL@@AEAAXXZ 0000000180007498 f i CoinAcceptor.obj
 0001:00006498       ?FreeHeap@?$CTempBuffer@E$0BAA@VCCRTAllocator@ATL@@@ATL@@AEAAXXZ 0000000180007498 f i CoinAcceptor.obj
 0001:000064a0       ?GetAmbientLocaleID@CComControlBase@ATL@@QEAAJAEAK@Z 00000001800074a0 f i CoinAcceptor.obj
 0001:00006560       ?GetAmbientUserMode@CComControlBase@ATL@@QEAAJAEAH@Z 0000000180007560 f i CoinAcceptor.obj
 0001:00006630       ?GetClassObject@CComModule@ATL@@QEAAJAEBU_GUID@@0PEAPEAX@Z 0000000180007630 f i CoinAcceptor.obj
 0001:00006724       ?GetConnMap@COPOSCoinAcceptor@@SAPEBU_ATL_CONNMAP_ENTRY@ATL@@PEAH@Z 0000000180007724 f i CoinAcceptor.obj
 0001:000067ac       ?GetIDsOfNames@CComTypeInfoHolder@ATL@@QEAAJAEBU_GUID@@PEAPEA_WIKPEAJ@Z 00000001800077ac f i CoinAcceptor.obj
 0001:0000691c       ?GetPagesHelper@?$ISpecifyPropertyPagesImpl@VCOPOSCoinAcceptor@@@ATL@@IEAAJPEAUtagCAUUID@@PEBUATL_PROPMAP_ENTRY@2@@Z 000000018000791c f i CoinAcceptor.obj
 0001:00006abc       ?GetSizeMax@CComVariant@ATL@@QEBAJPEAT_ULARGE_INTEGER@@@Z 0000000180007abc f i CoinAcceptor.obj
 0001:00006cec       ?GetTI@CComTypeInfoHolder@ATL@@QEAAJK@Z 0000000180007cec f i CoinAcceptor.obj
 0001:00006fd0       ?GetZoomInfo@CComControlBase@ATL@@QEAAXAEAUATL_DRAWINFO@@@Z 0000000180007fd0 f i CoinAcceptor.obj
 0001:00007074       ?HKeyFromString@CRegParser@ATL@@KAPEAUHKEY__@@PEA_W@Z 0000000180008074 f i CoinAcceptor.obj
 0001:000070d8       ?IDataObject_GetData@CComControlBase@ATL@@QEAAJPEAUtagFORMATETC@@PEAUtagSTGMEDIUM@@@Z 00000001800080d8 f i CoinAcceptor.obj
 0001:000072cc       ?IOleInPlaceObject_InPlaceDeactivate@CComControlBase@ATL@@QEAAJXZ 00000001800082cc f i CoinAcceptor.obj
 0001:0000736c       ?IOleInPlaceObject_SetObjectRects@CComControlBase@ATL@@QEAAJPEBUtagRECT@@0@Z 000000018000836c f i CoinAcceptor.obj
 0001:0000745c       ?IOleInPlaceObject_UIDeactivate@CComControlBase@ATL@@QEAAJXZ 000000018000845c f i CoinAcceptor.obj
 0001:00007568       ?IOleObject_Close@CComControlBase@ATL@@QEAAJK@Z 0000000180008568 f i CoinAcceptor.obj
 0001:00007680       ?IOleObject_SetClientSite@CComControlBase@ATL@@QEAAJPEAUIOleClientSite@@@Z 0000000180008680 f i CoinAcceptor.obj
 0001:000076f4       ?IOleObject_SetExtent@CComControlBase@ATL@@QEAAJKPEAUtagSIZE@@@Z 00000001800086f4 f i CoinAcceptor.obj
 0001:0000778c       ?IPSI_GetIPersistStreamInit@?$IPersistStorageImpl@VCOPOSCoinAcceptor@@@ATL@@AEAAPEAUIPersistStreamInit@@XZ 000000018000878c f i CoinAcceptor.obj
 0001:00007874       ?IPersistStreamInit_Load@?$IPersistStreamInitImpl@VCOPOSCoinAcceptor@@@ATL@@QEAAJPEAUIStream@@PEBUATL_PROPMAP_ENTRY@2@@Z 0000000180008874 f i CoinAcceptor.obj
 0001:00007b9c       ?IPersistStreamInit_Save@?$IPersistStreamInitImpl@VCOPOSCoinAcceptor@@@ATL@@QEAAJPEAUIStream@@HPEBUATL_PROPMAP_ENTRY@2@@Z 0000000180008b9c f i CoinAcceptor.obj
 0001:00007e38       ?IQuickActivate_QuickActivate@CComControlBase@ATL@@QEAAJPEAUtagQACONTAINER@@PEAUtagQACONTROL@@@Z 0000000180008e38 f i CoinAcceptor.obj
 0001:000080fc       ?IViewObject_Draw@CComControlBase@ATL@@QEAAJKJPEAXPEAUtagDVTARGETDEVICE@@PEAUHDC__@@2PEBU_RECTL@@3@Z 00000001800090fc f i CoinAcceptor.obj
 0001:00008210       ?InPlaceActivate@CComControlBase@ATL@@QEAAJJPEBUtagRECT@@@Z 0000000180009210 f i CoinAcceptor.obj
 0001:00008540       ?Init@?$CComEnumImpl@UIEnumConnectionPoints@@$1?_GUID_b196b285_bab4_101a_b69c_00aa00341d07@@3U__s_GUID@@BPEAUIConnectionPoint@@V?$_CopyInterface@UIConnectionPoint@@@ATL@@@ATL@@QEAAJPEAPEAUIConnectionPoint@@0PEAUIUnknown@@W4CComEnumFlags@2@@Z 0000000180009540 f i CoinAcceptor.obj
 0001:0000865c       ?Init@?$CComEnumImpl@UIEnumConnections@@$1?_GUID_b196b287_bab4_101a_b69c_00aa00341d07@@3U__s_GUID@@BUtagCONNECTDATA@@V?$_Copy@UtagCONNECTDATA@@@ATL@@@ATL@@QEAAJPEAUtagCONNECTDATA@@0PEAUIUnknown@@W4CComEnumFlags@2@@Z 000000018000965c f i CoinAcceptor.obj
 0001:0000877c       ?IsEqualObject@?$CComPtrBase@UIOleClientSite@@@ATL@@QEAA_NPEAUIUnknown@@@Z 000000018000977c f i CoinAcceptor.obj
 0001:00008808       ?LoadNameCache@CComTypeInfoHolder@ATL@@QEAAJPEAUITypeInfo@@@Z 0000000180009808 f i CoinAcceptor.obj
 0001:00008998       ?Lookup@?$CSimpleMap@PEA_WPEA_WVCExpansionVectorEqualHelper@ATL@@@ATL@@QEBAPEA_WAEBQEA_W@Z 0000000180009998 f i CoinAcceptor.obj
 0001:00008a20       ?NextToken@CRegParser@ATL@@IEAAJPEA_W@Z 0000000180009a20 f i CoinAcceptor.obj
 0001:00008bbc       ?OnKillFocus@CComControlBase@ATL@@QEAA_JI_K_JAEAH@Z 0000000180009bbc f i CoinAcceptor.obj
 0001:00008c58       ?OnMouseActivate@CComControlBase@ATL@@QEAA_JI_K_JAEAH@Z 0000000180009c58 f i CoinAcceptor.obj
 0001:00008cf8       ?OnPaint@CComControlBase@ATL@@QEAA_JI_K_JAEAH@Z 0000000180009cf8 f i CoinAcceptor.obj
 0001:00008de4       ?OnSetFocus@CComControlBase@ATL@@QEAA_JI_K_JAEAH@Z 0000000180009de4 f i CoinAcceptor.obj
 0001:00008eec       ?PreProcessBuffer@CRegParser@ATL@@QEAAJPEA_WPEAPEA_W@Z 0000000180009eec f i CoinAcceptor.obj
 0001:00009274       ?ProcessWindowMessage@?$CComControl@VCOPOSCoinAcceptor@@V?$CWindowImpl@VCOPOSCoinAcceptor@@VCWindow@ATL@@V?$CWinTraits@$0FGAAAAAA@$0A@@3@@ATL@@@ATL@@UEAAHPEAUHWND__@@I_K_JAEA_JK@Z 000000018000a274 f i CoinAcceptor.obj
 0001:00009360       ?ReadFromStream@CComBSTR@ATL@@QEAAJPEAUIStream@@@Z 000000018000a360 f i CoinAcceptor.obj
 0001:000094b0       ?ReadFromStream@CComVariant@ATL@@QEAAJPEAUIStream@@GTClassesAllowedInStream@2@K@Z 000000018000a4b0 f i CoinAcceptor.obj
 0001:000096f4       ?RecurseDeleteKey@CRegKey@ATL@@QEAAJPEB_W@Z 000000018000a6f4 f i CoinAcceptor.obj
 0001:0000984c       ?RegCreateKeyExW@CAtlTransactionManager@ATL@@QEAAJPEAUHKEY__@@PEB_WKPEA_WKKQEAU_SECURITY_ATTRIBUTES@@PEAPEAU3@PEAK@Z 000000018000a84c f i CoinAcceptor.obj
 0001:00009980       ?RegDeleteKeyW@CAtlTransactionManager@ATL@@QEAAJPEAUHKEY__@@PEB_W@Z 000000018000a980 f i CoinAcceptor.obj
 0001:00009a0c       ?RegOpenKeyExW@CAtlTransactionManager@ATL@@QEAAJPEAUHKEY__@@PEB_WKKPEAPEAU3@@Z 000000018000aa0c f i CoinAcceptor.obj
 0001:00009ac4       ?RegisterBuffer@CRegParser@ATL@@QEAAJPEA_WH@Z 000000018000aac4 f i CoinAcceptor.obj
 0001:00009c30       ?RegisterFromResource@CRegObject@ATL@@IEAAJPEB_W00H@Z 000000018000ac30 f i CoinAcceptor.obj
 0001:00009dec       ?RegisterServer@CComModule@ATL@@QEAAJHPEBU_GUID@@@Z 000000018000adec f i CoinAcceptor.obj
 0001:00009ea8       ?RegisterSubkeys@CRegParser@ATL@@IEAAJPEA_WPEAUHKEY__@@HH@Z 000000018000aea8 f i CoinAcceptor.obj
 0001:0000a728       ?SendOnDataChange@CComControlBase@ATL@@QEAAJK@Z 000000018000b728 f i CoinAcceptor.obj
 0001:0000a798       ?SetControlFocus@CComControlBase@ATL@@QEAAHH@Z 000000018000b798 f i CoinAcceptor.obj
 0001:0000a868       ?SkipAssignment@CRegParser@ATL@@IEAAJPEA_W@Z 000000018000b868 f i CoinAcceptor.obj
 0001:0000a920       ?Term@CAtlModule@ATL@@QEAAXXZ 000000018000b920 f i CoinAcceptor.obj
 0001:0000a9d8       ?Term@CComModule@ATL@@QEAAXXZ 000000018000b9d8 f i CoinAcceptor.obj
 0001:0000aa54       ?UnregisterServer@CComModule@ATL@@QEAAJHPEBU_GUID@@@Z 000000018000ba54 f i CoinAcceptor.obj
 0001:0000ab04       ?UpdateRegistryFromResource@CAtlModule@ATL@@QEAAJIHPEAU_ATL_REGMAP_ENTRY@2@@Z 000000018000bb04 f i CoinAcceptor.obj
 0001:0000ae10       ?UpdateRegistryFromResource@CAtlModule@ATL@@QEAAJPEB_WHPEAU_ATL_REGMAP_ENTRY@2@@Z 000000018000be10 f i CoinAcceptor.obj
 0001:0000b134       ?VTFromRegType@CRegParser@ATL@@KAHPEB_WAEAG@Z 000000018000c134 f i CoinAcceptor.obj
 0001:0000b1d0       ?WindowProc@?$CWindowImplBaseT@VCWindow@ATL@@V?$CWinTraits@$0FGAAAAAA@$0A@@2@@ATL@@SA_JPEAUHWND__@@I_K_J@Z 000000018000c1d0 f i CoinAcceptor.obj
 0001:0000b33c       ?WriteToStream@CComVariant@ATL@@QEAAJPEAUIStream@@@Z 000000018000c33c f i CoinAcceptor.obj
 0001:0000b5a8       ?WriteToStream@CComVariant@ATL@@QEAAJPEAUIStream@@G@Z 000000018000c5a8 f i CoinAcceptor.obj
 0001:0000b640       ?_AtlVerifyStackAvailable@_ATL_SAFE_ALLOCA_IMPL@ATL@@YA_N_K@Z 000000018000c640 f i CoinAcceptor.obj
 0001:0000b6c4       ?atlCreate@?$CWindowImpl@VCOPOSCoinAcceptor@@VCWindow@ATL@@V?$CWinTraits@$0FGAAAAAA@$0A@@3@@ATL@@QEAAPEAUHWND__@@PEAU3@V_U_RECT@2@PEB_WKKV_U_MENUorID@2@PEAX@Z 000000018000c6c4 f i CoinAcceptor.obj
 0001:0000b780       ?atlCreate@?$CWindowImplBaseT@VCWindow@ATL@@V?$CWinTraits@$0FGAAAAAA@$0A@@2@@ATL@@QEAAPEAUHWND__@@PEAU3@V_U_RECT@2@PEB_WKKV_U_MENUorID@2@GPEAX@Z 000000018000c780 f i CoinAcceptor.obj
 0001:0000b8f0       ?ocscpy_s@@YA_NPEA_W_KPEB_W@Z 000000018000c8f0 f i CoinAcceptor.obj
 0001:0000b9a0       DllCanUnloadNow            000000018000c9a0 f   CoinAcceptor.obj
 0001:0000b9ac       DllGetClassObject          000000018000c9ac f   CoinAcceptor.obj
 0001:0000b9c4       DllMain                    000000018000c9c4 f   CoinAcceptor.obj
 0001:0000ba6c       DllRegisterServer          000000018000ca6c f   CoinAcceptor.obj
 0001:0000ba80       DllUnregisterServer        000000018000ca80 f   CoinAcceptor.obj
 0001:0000ba94       __local_stdio_printf_options 000000018000ca94 f i CoinAcceptor.obj
 0001:0000ba9c       swprintf_s                 000000018000ca9c f i CoinAcceptor.obj
 0001:0000baf0       ??0COPOSCoinAcceptor@@QEAA@XZ 000000018000caf0 f   CoinAcceptorImpl.obj
 0001:0000bbb4       ??1?$IConnectionPointImpl@VCOPOSCoinAcceptor@@$1?IID_IPropertyNotifySink@@3U_GUID@@BVCComDynamicUnkArray@ATL@@@ATL@@QEAA@XZ 000000018000cbb4 f i CoinAcceptorImpl.obj
 0001:0000bbb4       ??1?$IConnectionPointImpl@VCOPOSCoinAcceptor@@$1?DIID__IOPOSCoinAcceptorEvents@@3U_GUID@@BVCComDynamicUnkArray@ATL@@@ATL@@QEAA@XZ 000000018000cbb4 f i CoinAcceptorImpl.obj
 0001:0000bc10       ??1CComControlBase@ATL@@UEAA@XZ 000000018000cc10 f i CoinAcceptorImpl.obj
 0001:0000bc8c       ??1COPOSCoinAcceptor@@UEAA@XZ 000000018000cc8c f   CoinAcceptorImpl.obj
 0001:0000bcf0       ?AdjustCashCounts@COPOSCoinAcceptor@@UEAAJPEA_WPEAJ@Z 000000018000ccf0 f   CoinAcceptorImpl.obj
 0001:0000bd78       ?BeginDeposit@COPOSCoinAcceptor@@UEAAJPEAJ@Z 000000018000cd78 f   CoinAcceptorImpl.obj
 0001:0000bda0       ?CheckHealth@COPOSCoinAcceptor@@UEAAJJPEAJ@Z 000000018000cda0 f   CoinAcceptorImpl.obj
 0001:0000be1c       ?ClaimDevice@COPOSCoinAcceptor@@UEAAJJPEAJ@Z 000000018000ce1c f   CoinAcceptorImpl.obj
 0001:0000bebc       ?ClearInput@COPOSCoinAcceptor@@UEAAJPEAJ@Z 000000018000cebc f   CoinAcceptorImpl.obj
 0001:0000bee4       ?Close@COPOSCoinAcceptor@@UEAAJPEAJ@Z 000000018000cee4 f   CoinAcceptorImpl.obj
 0001:0000bf9c       ?CompareFirmwareVersion@COPOSCoinAcceptor@@UEAAJPEA_WPEAJ1@Z 000000018000cf9c f   CoinAcceptorImpl.obj
 0001:0000c078       ?DirectIO@COPOSCoinAcceptor@@UEAAJJPEAJPEAPEA_W0@Z 000000018000d078 f   CoinAcceptorImpl.obj
 0001:0000c174       ?DoInvoke@COPOSCoinAcceptor@@IEAAJJPEAVOposVariant@@IHPEAJ_N@Z 000000018000d174 f   CoinAcceptorImpl.obj
 0001:0000c2a8       ?EndDeposit@COPOSCoinAcceptor@@UEAAJJPEAJ@Z 000000018000d2a8 f   CoinAcceptorImpl.obj
 0001:0000c324       ?EventInit@COPOSCoinAcceptor@@IEAAJXZ 000000018000d324 f i CoinAcceptorImpl.obj
 0001:0000c474       ?EventUninit@COPOSCoinAcceptor@@IEAAXXZ 000000018000d474 f i CoinAcceptorImpl.obj
 0001:0000c4d8       ?EventWindowProc@COPOSCoinAcceptor@@IEAA_JI_K_J@Z 000000018000d4d8 f i CoinAcceptorImpl.obj
 0001:0000c5e8       ?FinalConstruct@COPOSCoinAcceptor@@QEAAJXZ 000000018000d5e8 f   CoinAcceptorImpl.obj
 0001:0000c624       ?FixDeposit@COPOSCoinAcceptor@@UEAAJPEAJ@Z 000000018000d624 f   CoinAcceptorImpl.obj
 0001:0000c64c       ?FreezeEvents@COPOSCoinAcceptor@@MEAAJH@Z 000000018000d64c f   CoinAcceptorImpl.obj
 0001:0000c6b8       ?GetOposProp@COPOSCoinAcceptor@@IEAAJJPEAJJ@Z 000000018000d6b8 f   CoinAcceptorImpl.obj
 0001:0000c7d4       ?GetOposProp@COPOSCoinAcceptor@@IEAAJJPEAPEA_WJ@Z 000000018000d7d4 f   CoinAcceptorImpl.obj
 0001:0000c900       ?OnDraw@COPOSCoinAcceptor@@MEAAJAEAUATL_DRAWINFO@@@Z 000000018000d900 f   CoinAcceptorImpl.obj
 0001:0000c9ec       ?Open@COPOSCoinAcceptor@@UEAAJPEA_WPEAJ@Z 000000018000d9ec f   CoinAcceptorImpl.obj
 0001:0000d25c       ?PauseDeposit@COPOSCoinAcceptor@@UEAAJJPEAJ@Z 000000018000e25c f   CoinAcceptorImpl.obj
 0001:0000d2d8       ?ReadCashCounts@COPOSCoinAcceptor@@UEAAJPEAPEA_WPEAFPEAJ@Z 000000018000e2d8 f   CoinAcceptorImpl.obj
 0001:0000d3b4       ?ReleaseDevice@COPOSCoinAcceptor@@UEAAJPEAJ@Z 000000018000e3b4 f   CoinAcceptorImpl.obj
 0001:0000d420       ?ResetStatistics@COPOSCoinAcceptor@@UEAAJPEA_WPEAJ@Z 000000018000e420 f   CoinAcceptorImpl.obj
 0001:0000d4a8       ?RetrieveStatistics@COPOSCoinAcceptor@@UEAAJPEAPEA_WPEAJ@Z 000000018000e4a8 f   CoinAcceptorImpl.obj
 0001:0000d530       ?SOProcessID@COPOSCoinAcceptor@@UEAAJPEAJ@Z 000000018000e530 f   CoinAcceptorImpl.obj
 0001:0000d54c       ?SetCOFreezeEvents@COPOSCoinAcceptor@@IEAAXF@Z 000000018000e54c f   CoinAcceptorImpl.obj
 0001:0000d630       ?SetOposProp@COPOSCoinAcceptor@@IEAAJJJJ@Z 000000018000e630 f   CoinAcceptorImpl.obj
 0001:0000d790       ?SetOposProp@COPOSCoinAcceptor@@IEAAJJPEA_WJ@Z 000000018000e790 f   CoinAcceptorImpl.obj
 0001:0000d8e8       ?UpdateFirmware@COPOSCoinAcceptor@@UEAAJPEA_WPEAJ@Z 000000018000e8e8 f   CoinAcceptorImpl.obj
 0001:0000d970       ?UpdateStatistics@COPOSCoinAcceptor@@UEAAJPEA_WPEAJ@Z 000000018000e970 f   CoinAcceptorImpl.obj
 0001:0000d9f8       ?get_BinaryConversion@COPOSCoinAcceptor@@UEAAJPEAJ@Z 000000018000e9f8 f   CoinAcceptorImpl.obj
 0001:0000da0c       ?get_CapCompareFirmwareVersion@COPOSCoinAcceptor@@UEAAJPEAF@Z 000000018000ea0c f   CoinAcceptorImpl.obj
 0001:0000da40       ?get_CapDiscrepancy@COPOSCoinAcceptor@@UEAAJPEAF@Z 000000018000ea40 f   CoinAcceptorImpl.obj
 0001:0000da74       ?get_CapFullSensor@COPOSCoinAcceptor@@UEAAJPEAF@Z 000000018000ea74 f   CoinAcceptorImpl.obj
 0001:0000daa8       ?get_CapJamSensor@COPOSCoinAcceptor@@UEAAJPEAF@Z 000000018000eaa8 f   CoinAcceptorImpl.obj
 0001:0000dadc       ?get_CapNearFullSensor@COPOSCoinAcceptor@@UEAAJPEAF@Z 000000018000eadc f   CoinAcceptorImpl.obj
 0001:0000db10       ?get_CapPauseDeposit@COPOSCoinAcceptor@@UEAAJPEAF@Z 000000018000eb10 f   CoinAcceptorImpl.obj
 0001:0000db44       ?get_CapPowerReporting@COPOSCoinAcceptor@@UEAAJPEAJ@Z 000000018000eb44 f   CoinAcceptorImpl.obj
 0001:0000db58       ?get_CapRealTimeData@COPOSCoinAcceptor@@UEAAJPEAF@Z 000000018000eb58 f   CoinAcceptorImpl.obj
 0001:0000db8c       ?get_CapStatisticsReporting@COPOSCoinAcceptor@@UEAAJPEAF@Z 000000018000eb8c f   CoinAcceptorImpl.obj
 0001:0000dbc0       ?get_CapUpdateFirmware@COPOSCoinAcceptor@@UEAAJPEAF@Z 000000018000ebc0 f   CoinAcceptorImpl.obj
 0001:0000dbf4       ?get_CapUpdateStatistics@COPOSCoinAcceptor@@UEAAJPEAF@Z 000000018000ebf4 f   CoinAcceptorImpl.obj
 0001:0000dc28       ?get_CheckHealthText@COPOSCoinAcceptor@@UEAAJPEAPEA_W@Z 000000018000ec28 f   CoinAcceptorImpl.obj
 0001:0000dc3c       ?get_Claimed@COPOSCoinAcceptor@@UEAAJPEAF@Z 000000018000ec3c f   CoinAcceptorImpl.obj
 0001:0000dc70       ?get_ControlObjectDescription@COPOSCoinAcceptor@@UEAAJPEAPEA_W@Z 000000018000ec70 f   CoinAcceptorImpl.obj
 0001:0000dcd4       ?get_ControlObjectVersion@COPOSCoinAcceptor@@UEAAJPEAJ@Z 000000018000ecd4 f   CoinAcceptorImpl.obj
 0001:0000dce0       ?get_CurrencyCode@COPOSCoinAcceptor@@UEAAJPEAPEA_W@Z 000000018000ece0 f   CoinAcceptorImpl.obj
 0001:0000dcf4       ?get_DataCount@COPOSCoinAcceptor@@UEAAJPEAJ@Z 000000018000ecf4 f   CoinAcceptorImpl.obj
 0001:0000dd08       ?get_DataEventEnabled@COPOSCoinAcceptor@@UEAAJPEAF@Z 000000018000ed08 f   CoinAcceptorImpl.obj
 0001:0000dd3c       ?get_DepositAmount@COPOSCoinAcceptor@@UEAAJPEAJ@Z 000000018000ed3c f   CoinAcceptorImpl.obj
 0001:0000dd50       ?get_DepositCashList@COPOSCoinAcceptor@@UEAAJPEAPEA_W@Z 000000018000ed50 f   CoinAcceptorImpl.obj
 0001:0000dd64       ?get_DepositCodeList@COPOSCoinAcceptor@@UEAAJPEAPEA_W@Z 000000018000ed64 f   CoinAcceptorImpl.obj
 0001:0000dd78       ?get_DepositCounts@COPOSCoinAcceptor@@UEAAJPEAPEA_W@Z 000000018000ed78 f   CoinAcceptorImpl.obj
 0001:0000dd8c       ?get_DepositStatus@COPOSCoinAcceptor@@UEAAJPEAJ@Z 000000018000ed8c f   CoinAcceptorImpl.obj
 0001:0000dda0       ?get_DeviceDescription@COPOSCoinAcceptor@@UEAAJPEAPEA_W@Z 000000018000eda0 f   CoinAcceptorImpl.obj
 0001:0000ddb4       ?get_DeviceEnabled@COPOSCoinAcceptor@@UEAAJPEAF@Z 000000018000edb4 f   CoinAcceptorImpl.obj
 0001:0000dde8       ?get_DeviceName@COPOSCoinAcceptor@@UEAAJPEAPEA_W@Z 000000018000ede8 f   CoinAcceptorImpl.obj
 0001:0000ddfc       ?get_FreezeEvents@COPOSCoinAcceptor@@UEAAJPEAF@Z 000000018000edfc f   CoinAcceptorImpl.obj
 0001:0000de2c       ?get_FullStatus@COPOSCoinAcceptor@@UEAAJPEAJ@Z 000000018000ee2c f   CoinAcceptorImpl.obj
 0001:0000de40       ?get_OpenResult@COPOSCoinAcceptor@@UEAAJPEAJ@Z 000000018000ee40 f   CoinAcceptorImpl.obj
 0001:0000de4c       ?get_PowerNotify@COPOSCoinAcceptor@@UEAAJPEAJ@Z 000000018000ee4c f   CoinAcceptorImpl.obj
 0001:0000de60       ?get_PowerState@COPOSCoinAcceptor@@UEAAJPEAJ@Z 000000018000ee60 f   CoinAcceptorImpl.obj
 0001:0000de74       ?get_RealTimeDataEnabled@COPOSCoinAcceptor@@UEAAJPEAF@Z 000000018000ee74 f   CoinAcceptorImpl.obj
 0001:0000dea8       ?get_ResultCode@COPOSCoinAcceptor@@UEAAJPEAJ@Z 000000018000eea8 f   CoinAcceptorImpl.obj
 0001:0000dee4       ?get_ResultCodeExtended@COPOSCoinAcceptor@@UEAAJPEAJ@Z 000000018000eee4 f   CoinAcceptorImpl.obj
 0001:0000def8       ?get_ServiceObjectDescription@COPOSCoinAcceptor@@UEAAJPEAPEA_W@Z 000000018000eef8 f   CoinAcceptorImpl.obj
 0001:0000df0c       ?get_ServiceObjectVersion@COPOSCoinAcceptor@@UEAAJPEAJ@Z 000000018000ef0c f   CoinAcceptorImpl.obj
 0001:0000df20       ?get_State@COPOSCoinAcceptor@@UEAAJPEAJ@Z 000000018000ef20 f   CoinAcceptorImpl.obj
 0001:0000df4c       ?put_BinaryConversion@COPOSCoinAcceptor@@UEAAJJ@Z 000000018000ef4c f   CoinAcceptorImpl.obj
 0001:0000df60       ?put_CurrencyCode@COPOSCoinAcceptor@@UEAAJPEA_W@Z 000000018000ef60 f   CoinAcceptorImpl.obj
 0001:0000df74       ?put_DataEventEnabled@COPOSCoinAcceptor@@UEAAJF@Z 000000018000ef74 f   CoinAcceptorImpl.obj
 0001:0000df8c       ?put_DeviceEnabled@COPOSCoinAcceptor@@UEAAJF@Z 000000018000ef8c f   CoinAcceptorImpl.obj
 0001:0000dfa4       ?put_FreezeEvents@COPOSCoinAcceptor@@UEAAJF@Z 000000018000efa4 f   CoinAcceptorImpl.obj
 0001:0000dff4       ?put_PowerNotify@COPOSCoinAcceptor@@UEAAJJ@Z 000000018000eff4 f   CoinAcceptorImpl.obj
 0001:0000e008       ?s_EventWindowProc@COPOSCoinAcceptor@@KA_JPEAUHWND__@@I_K_J@Z 000000018000f008 f i CoinAcceptorImpl.obj
 0001:0000e084       ??_U@YAPEAX_K@Z            000000018000f084 f   LIBCMT:new_array.obj
 0001:0000e08c       ??_V@YAXPEAX@Z             000000018000f08c f   LIBCMT:delete_array.obj
 0001:0000e08c       ??3@YAXPEAX_K@Z            000000018000f08c f   LIBCMT:delete_scalar_size.obj
 0001:0000e094       ??_V@YAXPEAX_K@Z           000000018000f094 f   LIBCMT:delete_array_size.obj
 0001:0000e09c       __scrt_acquire_startup_lock 000000018000f09c f   LIBCMT:utility.obj
 0001:0000e0d8       __scrt_dllmain_after_initialize_c 000000018000f0d8 f   LIBCMT:utility.obj
 0001:0000e10c       __scrt_dllmain_before_initialize_c 000000018000f10c f   LIBCMT:utility.obj
 0001:0000e124       __scrt_dllmain_crt_thread_attach 000000018000f124 f   LIBCMT:utility.obj
 0001:0000e14c       __scrt_dllmain_crt_thread_detach 000000018000f14c f   LIBCMT:utility.obj
 0001:0000e164       __scrt_dllmain_exception_filter 000000018000f164 f   LIBCMT:utility.obj
 0001:0000e1c4       __scrt_dllmain_uninitialize_c 000000018000f1c4 f   LIBCMT:utility.obj
 0001:0000e1f4       __scrt_dllmain_uninitialize_critical 000000018000f1f4 f   LIBCMT:utility.obj
 0001:0000e208       __scrt_initialize_crt      000000018000f208 f   LIBCMT:utility.obj
 0001:0000e254       __scrt_initialize_onexit_tables 000000018000f254 f   LIBCMT:utility.obj
 0001:0000e2e0       __scrt_is_nonwritable_in_current_image 000000018000f2e0 f   LIBCMT:utility.obj
 0001:0000e378       __scrt_release_startup_lock 000000018000f378 f   LIBCMT:utility.obj
 0001:0000e39c       __scrt_uninitialize_crt    000000018000f39c f   LIBCMT:utility.obj
 0001:0000e3c8       _onexit                    000000018000f3c8 f   LIBCMT:utility.obj
 0001:0000e404       atexit                     000000018000f404 f   LIBCMT:utility.obj
 0001:0000e41c       ??3@YAXPEAX@Z              000000018000f41c f   LIBCMT:delete_scalar.obj
 0001:0000e51c       _Init_thread_footer        000000018000f51c f   LIBCMT:thread_safe_statics.obj
 0001:0000e57c       _Init_thread_header        000000018000f57c f   LIBCMT:thread_safe_statics.obj
 0001:0000e5e4       _Init_thread_notify        000000018000f5e4 f   LIBCMT:thread_safe_statics.obj
 0001:0000e628       _Init_thread_wait          000000018000f628 f   LIBCMT:thread_safe_statics.obj
 0001:0000e68c       __raise_securityfailure    000000018000f68c f   LIBCMT:gs_report.obj
 0001:0000e6c0       __report_gsfailure         000000018000f6c0 f   LIBCMT:gs_report.obj
 0001:0000e794       __report_rangecheckfailure 000000018000f794 f   LIBCMT:gs_report.obj
 0001:0000e7a8       __report_securityfailure   000000018000f7a8 f   LIBCMT:gs_report.obj
 0001:0000e928       ??2@YAPEAX_KAEBUnothrow_t@std@@@Z 000000018000f928 f   LIBCMT:new_scalar_nothrow.obj
 0001:0000e93c       ??_U@YAPEAX_KAEBUnothrow_t@std@@@Z 000000018000f93c f   LIBCMT:new_array_nothrow.obj
 0001:0000e944       __GSHandlerCheck           000000018000f944 f   LIBCMT:gshandler.obj
 0001:0000e964       __GSHandlerCheckCommon     000000018000f964 f   LIBCMT:gshandler.obj
 0001:0000e9c0       __GSHandlerCheck_SEH       000000018000f9c0 f   LIBCMT:gshandlerseh.obj
 0001:0000ea60       _alloca_probe              000000018000fa60 f   LIBCMT:chkstk.obj
 0001:0000ea60       __chkstk                   000000018000fa60 f   LIBCMT:chkstk.obj
 0001:0000eac0       __security_check_cookie    000000018000fac0 f   LIBCMT:amdsecgs.obj
 0001:0000ee00       _DllMainCRTStartup         000000018000fe00 f   LIBCMT:dll_dllmain.obj
 0001:0000ee40       ??2@YAPEAX_K@Z             000000018000fe40 f   LIBCMT:new_scalar.obj
 0001:0000ee7c       __isa_available_init       000000018000fe7c f   LIBCMT:cpu_disp.obj
 0001:0000f020       __scrt_is_ucrt_dll_in_use  0000000180010020 f   LIBCMT:ucrt_detection.obj
 0001:0000f02c       __crt_debugger_hook        000000018001002c f   LIBCMT:utility_desktop.obj
 0001:0000f034       __scrt_fastfail            0000000180010034 f   LIBCMT:utility_desktop.obj
 0001:0000f180       __security_init_cookie     0000000180010180 f   LIBCMT:gs_support.obj
 0001:0000f22c       ?__scrt_initialize_type_info@@YAXXZ 000000018001022c f   LIBCMT:tncleanup.obj
 0001:0000f23c       ?__scrt_uninitialize_type_info@@YAXXZ 000000018001023c f   LIBCMT:tncleanup.obj
 0001:0000f248       __local_stdio_scanf_options 0000000180010248 f i LIBCMT:default_local_stdio_options.obj
 0001:0000f250       __scrt_initialize_default_local_stdio_options 0000000180010250 f   LIBCMT:default_local_stdio_options.obj
 0001:0000f26c       __scrt_get_dyn_tls_init_callback 000000018001026c f   LIBCMT:dyn_tls_init.obj
 0001:0000f274       _RTC_Initialize            0000000180010274 f   LIBCMT:initsect.obj
 0001:0000f2b0       _RTC_Terminate             00000001800102b0 f   LIBCMT:initsect.obj
 0001:0000f2ec       ??0bad_alloc@std@@QEAA@AEBV01@@Z 00000001800102ec f i LIBCMT:throw_bad_alloc.obj
 0001:0000f328       ??0bad_alloc@std@@QEAA@XZ  0000000180010328 f i LIBCMT:throw_bad_alloc.obj
 0001:0000f348       ??0bad_array_new_length@std@@QEAA@AEBV01@@Z 0000000180010348 f i LIBCMT:throw_bad_alloc.obj
 0001:0000f384       ??0bad_array_new_length@std@@QEAA@XZ 0000000180010384 f i LIBCMT:throw_bad_alloc.obj
 0001:0000f3a4       ??0exception@std@@QEAA@AEBV01@@Z 00000001800103a4 f i LIBCMT:throw_bad_alloc.obj
 0001:0000f3d8       ??1bad_exception@std@@UEAA@XZ 00000001800103d8 f i libvcruntime:frame.obj
 0001:0000f3d8       ??1bad_alloc@std@@UEAA@XZ  00000001800103d8 f i LIBCMT:throw_bad_alloc.obj
 0001:0000f3d8       ??1bad_array_new_length@std@@UEAA@XZ 00000001800103d8 f i LIBCMT:throw_bad_alloc.obj
 0001:0000f3ec       ??_Eexception@std@@UEAAPEAXI@Z 00000001800103ec f i LIBCMT:throw_bad_alloc.obj
 0001:0000f3ec       ??_Gbad_exception@std@@UEAAPEAXI@Z 00000001800103ec f i libvcruntime:frame.obj
 0001:0000f3ec       ??_Gbad_alloc@std@@UEAAPEAXI@Z 00000001800103ec f i LIBCMT:throw_bad_alloc.obj
 0001:0000f3ec       ??_Ebad_array_new_length@std@@UEAAPEAXI@Z 00000001800103ec f i LIBCMT:throw_bad_alloc.obj
 0001:0000f3ec       ??_Ebad_alloc@std@@UEAAPEAXI@Z 00000001800103ec f i LIBCMT:throw_bad_alloc.obj
 0001:0000f3ec       ??_Ebad_exception@std@@UEAAPEAXI@Z 00000001800103ec f i libvcruntime:frame.obj
 0001:0000f3ec       ??_Gexception@std@@UEAAPEAXI@Z 00000001800103ec f i LIBCMT:throw_bad_alloc.obj
 0001:0000f3ec       ??_Gbad_array_new_length@std@@UEAAPEAXI@Z 00000001800103ec f i LIBCMT:throw_bad_alloc.obj
 0001:0000f430       ?__scrt_throw_std_bad_alloc@@YAXXZ 0000000180010430 f   LIBCMT:throw_bad_alloc.obj
[...]
 0002:0000c538       $unwind$??$?RV<lambda_2d41944a1d46af3157314b8a01080d33>@@AEAV<lambda_8f455de75cd7d7f24b4096f044d8b9e6>@@V<lambda_aa500f224e6afead328df44964fe2772>@@@?$__crt_seh_guarded_call@X@@QEAAX$$QEAV<lambda_2d41944a1d46af3157314b8a01080d33>@@AEAV<lambda_8f455de75cd7d7f24b4096f044d8b9e6>@@$$QEAV<lambda_aa500f224e6afead328df44964fe2772>@@@Z 0000000180032538     libucrt:per_thread_data.obj
 0002:0000c55c       $unwind$__acrt_uninitialize_locale 000000018003255c     libucrt:wsetlocale.obj
 0002:0000c55c       $unwind$__acrt_get_sigabrt_handler 000000018003255c     libucrt:signal.obj
 0002:0000c564       $unwind$??$?RV<lambda_410d79af7f07d98d83a3f525b3859a53>@@AEAV<lambda_3e16ef9562a7dcce91392c22ab16ea36>@@V<lambda_38119f0e861e05405d8a144b9b982f0a>@@@?$__crt_seh_guarded_call@X@@QEAAX$$QEAV<lambda_410d79af7f07d98d83a3f525b3859a53>@@AEAV<lambda_3e16ef9562a7dcce91392c22ab16ea36>@@$$QEAV<lambda_38119f0e861e05405d8a144b9b982f0a>@@@Z 0000000180032564     libucrt:wsetlocale.obj
 0002:0000c58c       $unwind$__acrt_initialize_winapi_thunks 000000018003258c     libucrt:winapi_thunks.obj
 0002:0000c58c       $unwind$__acrt_fenv_get_control 000000018003258c     libucrt:_fenvutils.obj
 0002:0000c594       $unwind$__acrt_fp_format   0000000180032594     libucrt:cvt.obj
 0002:0000c5a4       $unwind$?fp_format_e_internal@@YAHQEAD_KH_NIQEAU_strflt@@2AEAV__crt_cached_ptd_host@@@Z 00000001800325a4     libucrt:cvt.obj
 0002:0000c5c0       $unwind$?fp_format_a@@YAHQEBNPEAD_KQEAD2H_NIW4__acrt_rounding_mode@@AEAV__crt_cached_ptd_host@@@Z 00000001800325c0     libucrt:cvt.obj
 0002:0000c5dc       $unwind$?fp_format_g@@YAHQEBNQEAD_K12H_NIW4__acrt_rounding_mode@@AEAV__crt_cached_ptd_host@@@Z 00000001800325dc     libucrt:cvt.obj
 0002:0000c5f4       $unwind$__acrt_initialize_lowio 00000001800325f4     libucrt:ioinit.obj
 0002:0000c614       $unwind$??$common_expand_argv_wildcards@D@@YAHQEAPEADQEAPEAPEAD@Z 0000000180032614     libucrt:argv_wildcards.obj
 0002:0000c62c       $unwind$__dcrt_get_narrow_environment_from_os 000000018003262c     libucrt:get_environment_from_os.obj
 0002:0000c62c       $unwind$??$__acrt_convert_wcs_mbs_cp@_WDV<lambda_d8593a27d1aa8c02be35c86a17d324c4>@@U__crt_win32_buffer_internal_dynamic_resizing@@@@YAHQEB_WAEAV?$__crt_win32_buffer@DU__crt_win32_buffer_internal_dynamic_resizing@@@@AEBV<lambda_d8593a27d1aa8c02be35c86a17d324c4>@@I@Z 000000018003262c     libucrt:argv_wildcards.obj
 0002:0000c644       $unwind$??$copy_and_add_argument_to_buffer@D@@YAHQEBD0_KAEAV?$argument_list@D@?A0x5f5c8891@@@Z 0000000180032644     libucrt:argv_wildcards.obj
 0002:0000c660       $unwind$??$expand_argument_wildcards@D@@YAHQEAD0AEAV?$argument_list@D@?A0x5f5c8891@@@Z 0000000180032660     libucrt:argv_wildcards.obj
 0002:0000c680       $unwind$__acrt_GetModuleFileNameA 0000000180032680     libucrt:getmodulefilenamea.obj
 0002:0000c69c       $unwind$_setmbcp_nolock    000000018003269c     libucrt:mbctype.obj
 0002:0000c6bc       $unwind$?update_thread_multibyte_data_internal@@YAPEAU__crt_multibyte_data@@QEAU__acrt_ptd@@QEAPEAU1@@Z 00000001800326bc     libucrt:mbctype.obj
 0002:0000c6e4       $unwind$?setmbcp_internal@@YAHH_NQEAU__acrt_ptd@@QEAPEAU__crt_multibyte_data@@@Z 00000001800326e4     libucrt:mbctype.obj
 0002:0000c6fc       $unwind$?setSBUpLow@@YAXPEAU__crt_multibyte_data@@@Z 00000001800326fc     libucrt:mbctype.obj
 0002:0000c718       $unwind$??$?RV<lambda_efdfa57d1f175319df784efa44bb7b81>@@AEAV<lambda_5f0a4c1567f8adc6734073e5d1e1b35c>@@V<lambda_2e8a7d3640ea6ccb4c2413664c2db6fd>@@@?$__crt_seh_guarded_call@X@@QEAAX$$QEAV<lambda_efdfa57d1f175319df784efa44bb7b81>@@AEAV<lambda_5f0a4c1567f8adc6734073e5d1e1b35c>@@$$QEAV<lambda_2e8a7d3640ea6ccb4c2413664c2db6fd>@@@Z 0000000180032718     libucrt:mbctype.obj
 0002:0000c73c       $unwind$__acrt_WideCharToMultiByte 000000018003273c     libucrt:widechartomultibyte.obj
 0002:0000c748       $unwind$raise              0000000180032748     libucrt:signal.obj
 0002:0000c784       $unwind$??$?RV<lambda_450d765d439847d4c735a33c368b5fc0>@@AEAV<lambda_44731a7d0e6d81c3e6aa82d741081786>@@V<lambda_601a2a7da3b7a96e9554ac7215c4b07c>@@@?$__crt_seh_guarded_call@P6AXH@Z@@QEAAP6AXH@Z$$QEAV<lambda_450d765d439847d4c735a33c368b5fc0>@@AEAV<lambda_44731a7d0e6d81c3e6aa82d741081786>@@$$QEAV<lambda_601a2a7da3b7a96e9554ac7215c4b07c>@@@Z 0000000180032784     libucrt:signal.obj
 0002:0000c7a8       $unwind$fclose             00000001800327a8     libucrt:fclose.obj
 0002:0000c7a8       $unwind$_fflush_nolock     00000001800327a8     libucrt:fflush.obj
 0002:0000c7b8       $unwind$?common_flush_all@@YAH_N@Z 00000001800327b8     libucrt:fflush.obj
 0002:0000c7c0       $unwind$??$?RV<lambda_842d9ff0dc9ef11c61343bbaebe7f885>@@AEAV<lambda_c5860995281e5c4ce005b3de8f5874ee>@@V<lambda_d90129c13df834fdcbf8d2b88dafcf2d>@@@?$__crt_seh_guarded_call@X@@QEAAX$$QEAV<lambda_842d9ff0dc9ef11c61343bbaebe7f885>@@AEAV<lambda_c5860995281e5c4ce005b3de8f5874ee>@@$$QEAV<lambda_d90129c13df834fdcbf8d2b88dafcf2d>@@@Z 00000001800327c0     libucrt:fflush.obj
 0002:0000c7e4       $unwind$??$?RV<lambda_886d6c58226a84441f68b9f2b8217b83>@@AEAV<lambda_ab61a845afdef5b7c387490eaf3616ee>@@V<lambda_f7f22ab5edc0698d5f6905b0d3f44752>@@@?$__crt_seh_guarded_call@X@@QEAAX$$QEAV<lambda_886d6c58226a84441f68b9f2b8217b83>@@AEAV<lambda_ab61a845afdef5b7c387490eaf3616ee>@@$$QEAV<lambda_f7f22ab5edc0698d5f6905b0d3f44752>@@@Z 00000001800327e4     libucrt:fflush.obj
 0002:0000c80c       $unwind$__acrt_update_thread_locale_data 000000018003280c     libucrt:locale_refcounting.obj
 0002:0000c830       $unwind$__acrt_locale_free_monetary 0000000180032830     libucrt:initmon.obj
 0002:0000c838       $unwind$__acrt_locale_free_time 0000000180032838     libucrt:inittime.obj
 0002:0000c848       $unwind$__acrt_GetStringTypeA 0000000180032848     libucrt:getstringtypea.obj
 0002:0000c870       $unwind$__acrt_fp_strflt_to_string 0000000180032870     libucrt:_fptostr.obj
 0002:0000c88c       $unwind$__acrt_fltout      000000018003288c     libucrt:cfout.obj
 0002:0000c8ac       $unwind$?divide@__crt_strtox@@YA_KAEAUbig_integer@1@AEBU21@@Z 00000001800328ac     libucrt:cfout.obj
 0002:0000c8c4       $chain$0$?divide@__crt_strtox@@YA_KAEAUbig_integer@1@AEBU21@@Z 00000001800328c4     libucrt:cfout.obj
 0002:0000c8d8       $chain$1$?divide@__crt_strtox@@YA_KAEAUbig_integer@1@AEBU21@@Z 00000001800328d8     libucrt:cfout.obj
 0002:0000c8e8       $unwind$?__mbsrtowcs_utf8@__crt_mbstring@@YA_KPEA_WPEAPEBD_KPEAU_Mbstatet@@AEAV__crt_cached_ptd_host@@@Z 00000001800328e8     libucrt:mbrtowc.obj
 0002:0000c900       $unwind$_fcloseall         0000000180032900     libucrt:closeall.obj
 0002:0000c924       $unwind$__acrt_lowio_destroy_handle_array 0000000180032924     libucrt:osfinfo.obj
 0002:0000c934       $unwind$__acrt_lowio_ensure_fh_exists 0000000180032934     libucrt:osfinfo.obj
 0002:0000c960       $unwind$qsort              0000000180032960     libucrt:qsort.obj
 0002:0000c978       $chain$4$qsort             0000000180032978     libucrt:qsort.obj
 0002:0000c99c       $chain$5$qsort             000000018003299c     libucrt:qsort.obj
 0002:0000c9ac       $unwind$strpbrk            00000001800329ac     libucrt:strpbrk.obj
 0002:0000c9bc       $unwind$fallbackMethod     00000001800329bc     libucrt:strpbrk.obj
 0002:0000c9cc       $unwind$__acrt_LCMapStringA 00000001800329cc     libucrt:lcmapstringa.obj
 0002:0000c9dc       $unwind$?__acrt_LCMapStringA_stat@@YAHPEAU__crt_locale_pointers@@PEB_WKPEBDHPEADHHH@Z 00000001800329dc     libucrt:lcmapstringa.obj
 0002:0000ca04       $unwind$_commit            0000000180032a04     libucrt:commit.obj
 0002:0000ca0c       $unwind$??$?RV<lambda_a37b2b86f63e897a80ea819b0eb08c01>@@AEAV<lambda_38ce7e780aa69e748d6df282ebc68efe>@@V<lambda_99fb1378e971ab6e7edea83e3a7a83a2>@@@?$__crt_seh_guarded_call@H@@QEAAH$$QEAV<lambda_a37b2b86f63e897a80ea819b0eb08c01>@@AEAV<lambda_38ce7e780aa69e748d6df282ebc68efe>@@$$QEAV<lambda_99fb1378e971ab6e7edea83e3a7a83a2>@@@Z 0000000180032a0c     libucrt:commit.obj
 0002:0000ca30       $unwind$_write_nolock      0000000180032a30     libucrt:write.obj
 0002:0000ca48       $unwind$_write_internal    0000000180032a48     libucrt:write.obj
 0002:0000ca78       $unwind$?write_double_translated_ansi_nolock@@YA?AUwrite_result@?A0x17268360@@HQEBDIAEAV__crt_cached_ptd_host@@@Z 0000000180032a78     libucrt:write.obj
 0002:0000caa0       $ip2state$?write_double_translated_ansi_nolock@@YA?AUwrite_result@?A0x17268360@@HQEBDIAEAV__crt_cached_ptd_host@@@Z 0000000180032aa0     libucrt:write.obj
 0002:0000caa8       $unwind$?write_text_ansi_nolock@@YA?AUwrite_result@?A0x17268360@@HQEBDI@Z 0000000180032aa8     libucrt:write.obj
 0002:0000caa8       $unwind$?write_text_utf16le_nolock@@YA?AUwrite_result@?A0x17268360@@HQEBDI@Z 0000000180032aa8     libucrt:write.obj
 0002:0000cac8       $unwind$?write_text_utf8_nolock@@YA?AUwrite_result@?A0x17268360@@HQEBDI@Z 0000000180032ac8     libucrt:write.obj
 0002:0000caf0       $xdatasym                  0000000180032af0     libucrt:log10.obj
 0002:0000cafc       $unwind$__acrt_fenv_set_control 0000000180032afc     libucrt:_fenvutils.obj
 0002:0000cb0c       $unwind$?__mbrtoc32_utf8@__crt_mbstring@@YA_KPEA_UPEBD_KPEAU_Mbstatet@@AEAV__crt_cached_ptd_host@@@Z 0000000180032b0c     libucrt:mbrtoc32.obj
 0002:0000cb28       $unwind$?_fclose_nolock_internal@@YAHQEAU_iobuf@@AEAV__crt_cached_ptd_host@@@Z 0000000180032b28     libucrt:fclose.obj
 0002:0000cb38       $unwind$?_fclose_internal@@YAHQEAU_iobuf@@AEAV__crt_cached_ptd_host@@@Z 0000000180032b38     libucrt:fclose.obj
 0002:0000cb5c       $unwind$_putwch_nolock     0000000180032b5c     libucrt:putwch.obj
 0002:0000cb64       $unwind$common_control87   0000000180032b64     libucrt:ieee.obj
 0002:0000cb90       $unwind$_call_matherr      0000000180032b90     libucrt:libm_error.obj
 0002:0000cb98       $unwind$_handle_error      0000000180032b98     libucrt:libm_error.obj
 0002:0000cbb8       $unwind$__acrt_initialize_fma3 0000000180032bb8     libucrt:fma3_available.obj
 0002:0000cbc0       $unwind$_log_special_common 0000000180032bc0     libucrt:log_special.obj
 0002:0000cbcc       $unwind$_close_internal    0000000180032bcc     libucrt:close.obj
 0002:0000cbd4       $unwind$??$?RV<lambda_ad8af0d99a0adf03d037d7dffe354bb5>@@AEAV<lambda_c9ba49e555ba839a7b07aa3fbecb7617>@@V<lambda_2f1ebd5d68526518146ae959c9e734c8>@@@?$__crt_seh_guarded_call@H@@QEAAH$$QEAV<lambda_ad8af0d99a0adf03d037d7dffe354bb5>@@AEAV<lambda_c9ba49e555ba839a7b07aa3fbecb7617>@@$$QEAV<lambda_2f1ebd5d68526518146ae959c9e734c8>@@@Z 0000000180032bd4     libucrt:close.obj
 0002:0000cbf8       $xdatasym                  0000000180032bf8     libucrt:fpsr.obj
 0002:0000cc00       $unwind$_raise_exc_ex      0000000180032c00     libucrt:fpexcept.obj
 0002:0000cc14       $unwind$_ctrlfp            0000000180032c14     libucrt:fpctrl.obj
 0002:0000cc3c       $unwind$_IsNonwritableInCurrentImage 0000000180032c3c     LIBCMT:pesect.obj
 0002:0000cc60       $unwind$strrchr            0000000180032c60     libvcruntime:strrchr.obj
 0002:0000cdd0       .edata                     0000000180032dd0     OPOSCoinAcceptor.exp
 0002:0000cdf8       rgpv                       0000000180032df8     OPOSCoinAcceptor.exp
 0002:0000ce08       rgszName                   0000000180032e08     OPOSCoinAcceptor.exp
 0002:0000ce18       rgwOrd                     0000000180032e18     OPOSCoinAcceptor.exp
 0002:0000ce20       szName                     0000000180032e20     OPOSCoinAcceptor.exp
 0002:0000ce35       $N00001                    0000000180032e35     OPOSCoinAcceptor.exp
 0002:0000ce45       $N00002                    0000000180032e45     OPOSCoinAcceptor.exp
 0002:0000ce57       $N00003                    0000000180032e57     OPOSCoinAcceptor.exp
 0002:0000ce69       $N00004                    0000000180032e69     OPOSCoinAcceptor.exp
 0002:0000d7ba       .idata$6                   00000001800337ba     kernel32:KERNEL32.dll
 0002:0000d9d2       .idata$6                   00000001800339d2     user32:USER32.dll
 0002:0000db06       .idata$6                   0000000180033b06     gdi32:GDI32.dll
 0002:0000dbac       .idata$6                   0000000180033bac     advapi32:ADVAPI32.dll
 0002:0000dcc8       .idata$6                   0000000180033cc8     ole32:ole32.dll
 0002:0000dcd2       .idata$6                   0000000180033cd2     oleaut32:OLEAUT32.dll
 0003:000001c0       ?ObjectMap@@3PAU_ATL_OBJMAP_ENTRY30@ATL@@A 00000001800351c0     CoinAcceptor.obj
 0003:000002cc       ?s_RequiredMethodsPerRelease@@3PAHA 00000001800352cc     CoinAcceptorImpl.obj
 0003:000002d0       ?s_SOMethodNames@@3PAPEADA 00000001800352d0     CoinAcceptorImpl.obj
 0003:000003d0       ?__vcrt_flsindex@@3KA      00000001800353d0     libvcruntime:per_thread_data.obj
 0003:000003e0       ?errno_no_memory@@3HA      00000001800353e0     libucrt:errno.obj
 0003:000003e4       ?doserrno_no_memory@@3KA   00000001800353e4     libucrt:errno.obj
 0003:000003f0       ?__acrt_flsindex@@3KA      00000001800353f0     libucrt:per_thread_data.obj
 0003:000008b0       _mbctypes                  00000001800358b0     libucrt:mbctype.obj
 0003:000009c0       _mbcasemaps                00000001800359c0     libucrt:mbctype.obj
 0003:00000ac0       ?__rgctypeflag@@3PADA      0000000180035ac0     libucrt:mbctype.obj
 0003:00000ad0       ?__rgcode_page_info@@3PAUcode_page_info@@A 0000000180035ad0     libucrt:mbctype.obj
 0003:00000d70       ?dazSupported@?1??common_control87@@9@9 0000000180035d70     libucrt:ieee.obj
 0003:00000d80       ?__dcrt_lowio_console_output_handle@@3PEAXEA 0000000180035d80     libucrt:initcon.obj
 0003:00000d90       ?dazSupported@?1??_ctrlfp@@9@9 0000000180035d90     libucrt:fpctrl.obj
 0003:00000fe0       ?is_initialized_as_dll@@3_NA 0000000180035fe0     LIBCMT:utility.obj
 0003:00000fe1       ?module_local_atexit_table_initialized@@3_NA 0000000180035fe1     LIBCMT:utility.obj
 0003:00000fe8       ?module_local_atexit_table@@3U_onexit_table_t@@A 0000000180035fe8     LIBCMT:utility.obj
 0003:00001000       ?module_local_at_quick_exit_table@@3U_onexit_table_t@@A 0000000180036000     LIBCMT:utility.obj
 0003:00001018       ?g_tss_cv@@3U_RTL_CONDITION_VARIABLE@@A 0000000180036018     LIBCMT:thread_safe_statics.obj
 0003:00001020       ?g_tss_event@@3PEAXEA      0000000180036020     LIBCMT:thread_safe_statics.obj
 0003:00001028       ?g_tss_mutex@@3U_RTL_CRITICAL_SECTION@@A 0000000180036028     LIBCMT:thread_safe_statics.obj
 0003:00001050       ?g_sleep_condition_variable_cs@@3P6AHPEAU_RTL_CONDITION_VARIABLE@@PEAU_RTL_CRITICAL_SECTION@@K@ZEA 0000000180036050     LIBCMT:thread_safe_statics.obj
 0003:00001058       ?g_wake_all_condition_variable@@3P6AXPEAU_RTL_CONDITION_VARIABLE@@@ZEA 0000000180036058     LIBCMT:thread_safe_statics.obj
 0003:00001060       GS_ExceptionRecord         0000000180036060     LIBCMT:gs_report.obj
 0003:00001100       GS_ContextRecord           0000000180036100     LIBCMT:gs_report.obj
 0003:000015d4       ?__proc_attached@@3HA      00000001800365d4     LIBCMT:dll_dllmain.obj
 0003:00001668       ?AllocateData@@3P6APEAUAtlThunkData_t@@XZEA 0000000180036668     atls:atlthunk.obj
 0003:00001670       ?InitData@@3P6AXPEAUAtlThunkData_t@@PEAX_K@ZEA 0000000180036670     atls:atlthunk.obj
 0003:00001678       ?DataToCode@@3P6AP6A_JPEAUHWND__@@I_K_J@ZPEAUAtlThunkData_t@@@ZEA 0000000180036678     atls:atlthunk.obj
 0003:00001680       ?FreeData@@3P6AXPEAUAtlThunkData_t@@@ZEA 0000000180036680     atls:atlthunk.obj
 0003:00001688       ?Initialized@@3_NA         0000000180036688     atls:atlthunk.obj
 0003:000016a0       ?__vcrt_startup_thread_ptd@@3U__vcrt_ptd@@A 00000001800366a0     libvcruntime:per_thread_data.obj
 0003:00001720       __vcrt_lock_table          0000000180036720     libvcruntime:locks.obj
 0003:00001748       __vcrt_locks_initialized   0000000180036748     libvcruntime:locks.obj
 0003:00001790       ?heap@@3V_HeapManager@@A   0000000180036790     libvcruntime:undname.obj
 0003:000017b8       ?module_handles@@3PAPEAUHINSTANCE__@@A 00000001800367b8     libvcruntime:winapi_downlevel.obj
 0003:000017d0       ?function_pointers@@3PAPEAXA 00000001800367d0     libvcruntime:winapi_downlevel.obj
 0003:000017f8       ?__acrt_invalid_parameter_handler@@3V?$dual_state_global@P6AXPEB_W00I_K@Z@__crt_state_management@@A 00000001800367f8     libucrt:invalid_parameter.obj
 0003:00001800       ?c_termination_complete@@3JA 0000000180036800     libucrt:exit.obj
 0003:00001808       ?thread_local_exit_callback_func@@3P6AXPEAXK0@ZEA 0000000180036808     libucrt:exit.obj
 0003:00001820       ?program_name@?1???$common_configure_argv@D@@YAHW4_crt_argv_mode@@@Z@4PADA 0000000180036820     libucrt:argv_parsing.obj
 0003:00001978       ?__acrt_new_handler@@3V?$dual_state_global@P6AH_K@Z@__crt_state_management@@A 0000000180036978     libucrt:new_handler.obj
 0003:00001990       ?module_handles@@3PAPEAUHINSTANCE__@@A 0000000180036990     libucrt:winapi_thunks.obj
 0003:00001a30       ?encoded_function_pointers@@3PAPEAXA 0000000180036a30     libucrt:winapi_thunks.obj
 0003:00001b20       ?internal_state@?1??_mbtowc_internal@@9@4U_Mbstatet@@A 0000000180036b20     libucrt:mbtowc.obj
 0003:00001b38       ?enable_percent_n@@3_KA    0000000180036b38     libucrt:printf_count_output.obj
 0003:00001f60       ?__acrt_lock_table@@3PAU_RTL_CRITICAL_SECTION@@A 0000000180036f60     libucrt:locks.obj
 0003:00002190       ?__acrt_locks_initialized@@3IA 0000000180037190     libucrt:locks.obj
 0003:000021b0       ?fSystemSet@@3HA           00000001800371b0     libucrt:mbctype.obj
 0003:000021b4       ?initialized@?1??__acrt_initialize_multibyte@@9@4_NA 00000001800371b4     libucrt:mbctype.obj
 0003:000021f0       ?ctrlc_action@@3V?$dual_state_global@P6AXH@Z@__crt_state_management@@A 00000001800371f0     libucrt:signal.obj
 0003:000021f8       ?ctrlbreak_action@@3V?$dual_state_global@P6AXH@Z@__crt_state_management@@A 00000001800371f8     libucrt:signal.obj
 0003:00002200       ?abort_action@@3V?$dual_state_global@P6AXH@Z@__crt_state_management@@A 0000000180037200     libucrt:signal.obj
 0003:00002208       ?term_action@@3V?$dual_state_global@P6AXH@Z@__crt_state_management@@A 0000000180037208     libucrt:signal.obj
 0003:00002210       ?user_matherr@@3V?$dual_state_global@P6AHPEAU_exception@@@Z@__crt_state_management@@A 0000000180037210     libucrt:matherr.obj
 0003:00002220       ?__acrt_global_new_mode@@3V?$dual_state_global@J@__crt_state_management@@A 0000000180037220     libucrt:new_mode.obj
 0003:00002228       ?internal_pst@?1??__mbrtoc32_utf8@__crt_mbstring@@YA_KPEA_UPEBD_KPEAU_Mbstatet@@AEAV__crt_cached_ptd_host@@@Z@4U3@A 0000000180037228     libucrt:mbrtoc32.obj
 0003:00002230       ?__acrt_app_type@@3W4_crt_app_type@@A 0000000180037230     libucrt:report_runtime_error.obj
 0005:00000000       MoveSmall                  000000018003b000     libvcruntime:memcpy.obj
 0005:00000040       MoveSmallYmm               000000018003b040     libvcruntime:memcpy.obj
 0005:00000064       MoveSmallYmmNT             000000018003b064     libvcruntime:memcpy.obj
 0005:00000088       MoveSmallXmm               000000018003b088     libvcruntime:memcpy.obj
 0005:000000b0       MsetTab                    000000018003b0b0     libvcruntime:memset.obj
 0006:00000220       $R000000                   000000018003c220     CoinAcceptor.res
 0006:00000bc8       $R0009A8                   000000018003cbc8     CoinAcceptor.res
 0006:00000cb0       $R000A90                   000000018003ccb0     CoinAcceptor.res
 0006:00000f18       $R000CF8                   000000018003cf18     CoinAcceptor.res
 0006:00001430       $R001210                   000000018003d430     CoinAcceptor.res
 0006:00004130       $R003F10                   0000000180040130     CoinAcceptor.res
 0006:00004168       $R003F48                   0000000180040168     CoinAcceptor.res
