 OPOSPINPad

 Timestamp is 5d429ef9 (Thu Aug  1 17:12:41 2019)

 Preferred load address is 0000000180000000

 Start         Length     Name                   Class
 0001:00000000 000000c0H .text$di                CODE
 0001:000000c0 00020770H .text$mn                CODE
 0001:00020830 00000020H .text$mn$00             CODE
 0001:00020850 00000400H .text$x                 CODE
 0001:00020c50 000000c0H .text$yd                CODE
 0002:00000000 00000618H .idata$5                DATA
 0002:00000618 00000010H .00cfg                  DATA
 0002:00000628 00000008H .CRT$XCA                DATA
 0002:00000630 00000008H .CRT$XCL                DATA
 0002:00000638 00000020H .CRT$XCU                DATA
 0002:00000658 00000008H .CRT$XCZ                DATA
 0002:00000660 00000008H .CRT$XIA                DATA
 0002:00000668 00000020H .CRT$XIC                DATA
 0002:00000688 00000008H .CRT$XIZ                DATA
 0002:00000690 00000008H .CRT$XLA                DATA
 0002:00000698 00000008H .CRT$XLZ                DATA
 0002:000006a0 00000008H .CRT$XPA                DATA
 0002:000006a8 00000010H .CRT$XPX                DATA
 0002:000006b8 00000008H .CRT$XPXA               DATA
 0002:000006c0 00000008H .CRT$XPZ                DATA
 0002:000006c8 00000008H .CRT$XTA                DATA
 0002:000006d0 00000010H .CRT$XTZ                DATA
 0002:000006d8 00000000H .gfids$y                DATA
 0002:000006e0 0000a2e8H .rdata                  DATA
 0002:0000a9c8 00000028H .rdata$T                DATA
 0002:0000a9f0 00000274H .rdata$r                DATA
 0002:0000ac64 00000404H .rdata$zzzdbg           DATA
 0002:0000b068 00000008H .rtc$IAA                DATA
 0002:0000b070 00000008H .rtc$IZZ                DATA
 0002:0000b078 00000008H .rtc$TAA                DATA
 0002:0000b080 00000008H .rtc$TZZ                DATA
 0002:0000b088 00000004H .tls                    DATA
 0002:0000b08c 00000004H .tls$                   DATA
 0002:0000b090 00000008H .tls$ZZZ                DATA
 0002:0000b098 00001660H .xdata                  DATA
 0002:0000c6f8 00000150H .xdata$x                DATA
 0002:0000c848 00000008H ATL$__a                 DATA
 0002:0000c850 00000010H ATL$__z                 DATA
 0002:0000c860 000000a8H .edata                  DATA
 0002:0000c908 00000078H .idata$2                DATA
 0002:0000c980 00000018H .idata$3                DATA
 0002:0000c998 00000618H .idata$4                DATA
 0002:0000cfb0 00000c24H .idata$6                DATA
 0003:00000000 00000d98H .data                   DATA
 0003:00000d98 000000c8H .data$r                 DATA
 0003:00000e60 0000140cH .bss                    DATA
 0004:00000000 00001efcH .pdata                  DATA
 0005:00000000 00000094H _RDATA                  DATA
 0006:00000000 00000220H .rsrc$01                DATA
 0006:00000220 00004b30H .rsrc$02                DATA

  Address         Publics by Value              Rva+Base               Lib:Object

 0000:00000000       __guard_fids_count         0000000000000000     <absolute>
 0000:00000000       __guard_longjmp_count      0000000000000000     <absolute>
 0000:00000000       __guard_longjmp_table      0000000000000000     <absolute>
 0000:00000000       __hybrid_code_map          0000000000000000     <absolute>
 0000:00000000       __guard_iat_count          0000000000000000     <absolute>
 0000:00000000       __guard_iat_table          0000000000000000     <absolute>
 0000:00000000       __volatile_metadata        0000000000000000     <absolute>
 0000:00000000       __hybrid_code_map_count    0000000000000000     <absolute>
 0000:00000000       __enclave_config           0000000000000000     <absolute>
 0000:00000000       ___safe_se_handler_count   0000000000000000     <absolute>
 0000:00000000       __AbsoluteZero             0000000000000000     <absolute>
 0000:00000000       ___safe_se_handler_table   0000000000000000     <absolute>
 0000:00000000       __guard_fids_table         0000000000000000     <absolute>
 0000:00000000       __hybrid_auxiliary_iat     0000000000000000     <absolute>
 0000:00000000       __dynamic_value_reloc_table 0000000000000000     <absolute>
 0000:00000100       __guard_flags              0000000000000100     <absolute>
 0000:00000000       __ImageBase                0000000180000000     <linker-defined>
 0001:000000c0       ?DupWide@_CW@@AEAAXXZ      00000001800010c0 f   CWString.obj
 0001:000000e8       ?cw_dup@@YAXPEBDAEAHAEAPEA_W1@Z 00000001800010e8 f   CWString.obj
 0001:00000194       ?cw_memcpy@@YAHPEA_WPEBDH@Z 0000000180001194 f   CWString.obj
 0001:000001e0       ?cw_strcpy@@YAHPEA_WPEBD@Z 00000001800011e0 f   CWString.obj
 0001:000001f4       ??0CAtlComModule@ATL@@QEAA@XZ 00000001800011f4 f i OposVariant.obj
 0001:00000274       ??0CAtlWinModule@ATL@@QEAA@XZ 0000000180001274 f i OposVariant.obj
 0001:000002e0       ??0OposDispParms@@QEAA@PEAVOposVariant@@H@Z 00000001800012e0 f   OposVariant.obj
 0001:00000388       ??1OposDispParms@@QEAA@XZ  0000000180001388 f   OposVariant.obj
 0001:000003a0       ??_Estringdispid@CComTypeInfoHolder@ATL@@QEAAPEAXI@Z 00000001800013a0 f i OposVariant.obj
 0001:00000444       ?AtlWinModuleTerm@ATL@@YAJPEAU_ATL_WIN_MODULE70@1@PEAUHINSTANCE__@@@Z 0000000180001444 f i OposVariant.obj
 0001:000004f4       ?ChangeBSTR@OposVariant@@QEAAXPEAPEA_WAEAJ@Z 00000001800014f4 f   OposVariant.obj
 0001:00000554       ?ChangeCURRENCY@OposVariant@@QEAAXPEATtagCY@@AEAJ@Z 0000000180001554 f   OposVariant.obj
 0001:000005b4       ?ChangeLONG@OposVariant@@QEAAXPEAJAEAJ@Z 00000001800015b4 f   OposVariant.obj
 0001:00000610       ?GetLONG@OposVariant@@QEAAJXZ 0000000180001610 f   OposVariant.obj
 0001:00000634       ?SetBSTR@OposVariant@@QEAAXPEA_WAEAJ@Z 0000000180001634 f   OposVariant.obj
 0001:00000674       ?SetBSTR_Copy@OposVariant@@QEAAXPEA_WAEAJ@Z 0000000180001674 f   OposVariant.obj
 0001:000006e4       ?SetBSTR_InOutPtr@OposVariant@@QEAA_NPEAPEA_WAEAJ@Z 00000001800016e4 f   OposVariant.obj
 0001:00000734       ?SetBSTR_OutPtr@OposVariant@@QEAA_NPEAPEA_WAEAJ@Z 0000000180001734 f   OposVariant.obj
 0001:00000750       ?SetCURRENCY@OposVariant@@QEAAXTtagCY@@@Z 0000000180001750 f   OposVariant.obj
 0001:00000784       ?SetDispatch_Ptr@OposVariant@@QEAAXPEAUIDispatch@@AEAJ@Z 0000000180001784 f   OposVariant.obj
 0001:000007dc       ?SetLONG@OposVariant@@QEAAXJ@Z 00000001800017dc f   OposVariant.obj
 0001:0000080c       ?SetLONG_Ptr@OposVariant@@QEAAXPEAJAEAJ@Z 000000018000180c f   OposVariant.obj
 0001:00000858       ?SetString@OposVariant@@QEAAXPEB_WAEAJ@Z 0000000180001858 f   OposVariant.obj
 0001:000008bc       ?SetVARIANT_BOOL@OposVariant@@QEAAXF@Z 00000001800018bc f   OposVariant.obj
 0001:000008f4       ?Term@CAtlComModule@ATL@@QEAAXXZ 00000001800018f4 f i OposVariant.obj
 0001:00000964       ?_AtlInitializeCriticalSectionEx@ATL@@YAHPEAU_RTL_CRITICAL_SECTION@@KK@Z 0000000180001964 f i OposVariant.obj
 0001:0000096c       ?_AtlRaiseException@ATL@@YAXKK@Z 000000018000196c f i OposVariant.obj
 0001:0000097c       ?AddRef@?$CComObjectCached@VCComClassFactory@ATL@@@ATL@@UEAAKXZ 000000018000197c f i PINPad.obj
 0001:000009a8       ?Release@?$CComObjectCached@VCComClassFactory@ATL@@@ATL@@UEAAKXZ 00000001800019a8 f i PINPad.obj
 0001:000009e8       ?QueryInterface@?$CComObjectCached@VCComClassFactory@ATL@@@ATL@@UEAAJAEBU_GUID@@PEAPEAX@Z 00000001800019e8 f i PINPad.obj
 0001:000009fc       ??_E?$CComObjectCached@VCComClassFactory@ATL@@@ATL@@UEAAPEAXI@Z 00000001800019fc f i PINPad.obj
 0001:000009fc       ??_G?$CComObjectCached@VCComClassFactory@ATL@@@ATL@@UEAAPEAXI@Z 00000001800019fc f i PINPad.obj
 0001:00000a54       ?AddRef@?$CComAggObject@VCOPOSPINPad@@@ATL@@UEAAKXZ 0000000180001a54 f i PINPad.obj
 0001:00000a60       ?Release@?$CComAggObject@VCOPOSPINPad@@@ATL@@UEAAKXZ 0000000180001a60 f i PINPad.obj
 0001:00000ab4       ?QueryInterface@?$CComAggObject@VCOPOSPINPad@@@ATL@@UEAAJAEBU_GUID@@PEAPEAX@Z 0000000180001ab4 f i PINPad.obj
 0001:00000b14       ?AddRef@?$CComContainedObject@VCOPOSPINPad@@@ATL@@UEAAKXZ 0000000180001b14 f i PINPad.obj
 0001:00000b24       ?Release@?$CComContainedObject@VCOPOSPINPad@@@ATL@@UEAAKXZ 0000000180001b24 f i PINPad.obj
 0001:00000b34       ?QueryInterface@?$CComContainedObject@VCOPOSPINPad@@@ATL@@UEAAJAEBU_GUID@@PEAPEAX@Z 0000000180001b34 f i PINPad.obj
 0001:00000b44       ??_G?$CComAggObject@VCOPOSPINPad@@@ATL@@UEAAPEAXI@Z 0000000180001b44 f i PINPad.obj
 0001:00000b44       ??_E?$CComAggObject@VCOPOSPINPad@@@ATL@@UEAAPEAXI@Z 0000000180001b44 f i PINPad.obj
 0001:00000b9c       ?AddRef@?$CComObject@VCOPOSPINPad@@@ATL@@UEAAKXZ 0000000180001b9c f i PINPad.obj
 0001:00000bac       ?Release@?$CComObject@VCOPOSPINPad@@@ATL@@UEAAKXZ 0000000180001bac f i PINPad.obj
 0001:00000c04       ?QueryInterface@?$CComObject@VCOPOSPINPad@@@ATL@@UEAAJAEBU_GUID@@PEAPEAX@Z 0000000180001c04 f i PINPad.obj
 0001:00000c18       ?Lock@CAtlModule@ATL@@UEAAJXZ 0000000180001c18 f i PINPad.obj
 0001:00000c28       ?Unlock@CAtlModule@ATL@@UEAAJXZ 0000000180001c28 f i PINPad.obj
 0001:00000c34       ?GetLockCount@CAtlModule@ATL@@UEAAJXZ 0000000180001c34 f i PINPad.obj
 0001:00000c38       ?GetGITPtr@CAtlModule@ATL@@UEAAJPEAPEAUIGlobalInterfaceTable@@@Z 0000000180001c38 f i PINPad.obj
 0001:00000ca8       ?AddCommonRGSReplacements@?$CAtlModuleT@VCComModule@ATL@@@ATL@@UEAAJPEAUIRegistrarBase@@@Z 0000000180001ca8 f i PINPad.obj
 0001:00000cc0       ?UpdateRegistryFromResourceD@CComModule@ATL@@UEAAJPEB_WHPEAU_ATL_REGMAP_ENTRY@2@@Z 0000000180001cc0 f i PINPad.obj
 0001:00000cc0       ?UpdateRegistryFromResourceD@CComModule@ATL@@UEAAJIHPEAU_ATL_REGMAP_ENTRY@2@@Z 0000000180001cc0 f i PINPad.obj
 0001:00000cc8       ?UpdateRegistryFromResource@CComModule@ATL@@UEAAJPEB_WHPEAU_ATL_REGMAP_ENTRY@2@@Z 0000000180001cc8 f i PINPad.obj
 0001:00000cd0       ?OnDrawAdvanced@CComControlBase@ATL@@UEAAJAEAUATL_DRAWINFO@@@Z 0000000180001cd0 f i PINPad.obj
 0001:00000df0       ?UpdateRegistryFromResource@CComModule@ATL@@UEAAJIHPEAU_ATL_REGMAP_ENTRY@2@@Z 0000000180001df0 f i PINPad.obj
 0001:00000df8       ??_GCComModule@ATL@@UEAAPEAXI@Z 0000000180001df8 f i PINPad.obj
 0001:00000df8       ??_ECComModule@ATL@@UEAAPEAXI@Z 0000000180001df8 f i PINPad.obj
 0001:00000e78       ?Next@?$CComEnumImpl@UIEnumConnections@@$1?_GUID_b196b287_bab4_101a_b69c_00aa00341d07@@3U__s_GUID@@BUtagCONNECTDATA@@V?$_Copy@UtagCONNECTDATA@@@ATL@@@ATL@@UEAAJKPEAUtagCONNECTDATA@@PEAK@Z 0000000180001e78 f i PINPad.obj
 0001:00000f4c       ?Skip@?$CComEnumImpl@UIEnumConnections@@$1?_GUID_b196b287_bab4_101a_b69c_00aa00341d07@@3U__s_GUID@@BUtagCONNECTDATA@@V?$_Copy@UtagCONNECTDATA@@@ATL@@@ATL@@UEAAJK@Z 0000000180001f4c f i PINPad.obj
 0001:00000f78       ?Reset@?$CComEnumImpl@UIEnumConnectionPoints@@$1?_GUID_b196b285_bab4_101a_b69c_00aa00341d07@@3U__s_GUID@@BPEAUIConnectionPoint@@V?$_CopyInterface@UIConnectionPoint@@@ATL@@@ATL@@UEAAJXZ 0000000180001f78 f i PINPad.obj
 0001:00000f78       ?Reset@?$CComEnumImpl@UIEnumConnections@@$1?_GUID_b196b287_bab4_101a_b69c_00aa00341d07@@3U__s_GUID@@BUtagCONNECTDATA@@V?$_Copy@UtagCONNECTDATA@@@ATL@@@ATL@@UEAAJXZ 0000000180001f78 f i PINPad.obj
 0001:00000f84       ?Clone@?$CComEnumImpl@UIEnumConnections@@$1?_GUID_b196b287_bab4_101a_b69c_00aa00341d07@@3U__s_GUID@@BUtagCONNECTDATA@@V?$_Copy@UtagCONNECTDATA@@@ATL@@@ATL@@UEAAJPEAPEAUIEnumConnections@@@Z 0000000180001f84 f i PINPad.obj
 0001:000010b0       ?AddRef@?$CComObject@V?$CComEnum@UIEnumConnectionPoints@@$1?_GUID_b196b285_bab4_101a_b69c_00aa00341d07@@3U__s_GUID@@BPEAUIConnectionPoint@@V?$_CopyInterface@UIConnectionPoint@@@ATL@@VCComSingleThreadModel@6@@ATL@@@ATL@@UEAAKXZ 00000001800020b0 f i PINPad.obj
 0001:000010b0       ?AddRef@?$CComObject@V?$CComEnum@UIEnumConnections@@$1?_GUID_b196b287_bab4_101a_b69c_00aa00341d07@@3U__s_GUID@@BUtagCONNECTDATA@@V?$_Copy@UtagCONNECTDATA@@@ATL@@VCComSingleThreadModel@6@@ATL@@@ATL@@UEAAKXZ 00000001800020b0 f i PINPad.obj
 0001:000010bc       ?Release@?$CComObject@V?$CComEnum@UIEnumConnectionPoints@@$1?_GUID_b196b285_bab4_101a_b69c_00aa00341d07@@3U__s_GUID@@BPEAUIConnectionPoint@@V?$_CopyInterface@UIConnectionPoint@@@ATL@@VCComSingleThreadModel@6@@ATL@@@ATL@@UEAAKXZ 00000001800020bc f i PINPad.obj
 0001:000010bc       ?Release@?$CComObject@V?$CComEnum@UIEnumConnections@@$1?_GUID_b196b287_bab4_101a_b69c_00aa00341d07@@3U__s_GUID@@BUtagCONNECTDATA@@V?$_Copy@UtagCONNECTDATA@@@ATL@@VCComSingleThreadModel@6@@ATL@@@ATL@@UEAAKXZ 00000001800020bc f i PINPad.obj
 0001:00001110       ?QueryInterface@?$CComObject@V?$CComEnum@UIEnumConnections@@$1?_GUID_b196b287_bab4_101a_b69c_00aa00341d07@@3U__s_GUID@@BUtagCONNECTDATA@@V?$_Copy@UtagCONNECTDATA@@@ATL@@VCComSingleThreadModel@6@@ATL@@@ATL@@UEAAJAEBU_GUID@@PEAPEAX@Z 0000000180002110 f i PINPad.obj
 0001:00001124       ??_G?$CComObject@V?$CComEnum@UIEnumConnections@@$1?_GUID_b196b287_bab4_101a_b69c_00aa00341d07@@3U__s_GUID@@BUtagCONNECTDATA@@V?$_Copy@UtagCONNECTDATA@@@ATL@@VCComSingleThreadModel@6@@ATL@@@ATL@@UEAAPEAXI@Z 0000000180002124 f i PINPad.obj
 0001:00001124       ??_E?$CComObject@V?$CComEnum@UIEnumConnections@@$1?_GUID_b196b287_bab4_101a_b69c_00aa00341d07@@3U__s_GUID@@BUtagCONNECTDATA@@V?$_Copy@UtagCONNECTDATA@@@ATL@@VCComSingleThreadModel@6@@ATL@@@ATL@@UEAAPEAXI@Z 0000000180002124 f i PINPad.obj
 0001:0000117c       ?GetControlInfo@?$IOleControlImpl@VCOPOSPINPad@@@ATL@@UEAAJPEAUtagCONTROLINFO@@@Z 000000018000217c f i PINPad.obj
 0001:0000117c       ?Unfreeze@?$IViewObjectExImpl@VCOPOSPINPad@@@ATL@@UEAAJK@Z 000000018000217c f i PINPad.obj
 0001:0000117c       ?GetClipboardData@?$IOleObjectImpl@VCOPOSPINPad@@@ATL@@UEAAJKPEAPEAUIDataObject@@@Z 000000018000217c f i PINPad.obj
 0001:0000117c       ?GetDropTarget@?$IOleInPlaceObjectWindowlessImpl@VCOPOSPINPad@@@ATL@@UEAAJPEAPEAUIDropTarget@@@Z 000000018000217c f i PINPad.obj
 0001:0000117c       ?ReactivateAndUndo@?$IOleInPlaceObjectWindowlessImpl@VCOPOSPINPad@@@ATL@@UEAAJXZ 000000018000217c f i PINPad.obj
 0001:0000117c       ?Freeze@?$IViewObjectExImpl@VCOPOSPINPad@@@ATL@@UEAAJKJPEAXPEAK@Z 000000018000217c f i PINPad.obj
 0001:0000117c       ?SetMoniker@?$IOleObjectImpl@VCOPOSPINPad@@@ATL@@UEAAJKPEAUIMoniker@@@Z 000000018000217c f i PINPad.obj
 0001:0000117c       ?OnMnemonic@?$IOleControlImpl@VCOPOSPINPad@@@ATL@@UEAAJPEAUtagMSG@@@Z 000000018000217c f i PINPad.obj
 0001:0000117c       ?QueryGetData@?$IDataObjectImpl@VCOPOSPINPad@@@ATL@@UEAAJPEAUtagFORMATETC@@@Z 000000018000217c f i PINPad.obj
 0001:0000117c       ?SetColorScheme@?$IOleObjectImpl@VCOPOSPINPad@@@ATL@@UEAAJPEAUtagLOGPALETTE@@@Z 000000018000217c f i PINPad.obj
 0001:0000117c       ?SOOutputCompleteDummy@COPOSPINPad@@MEAAJJ@Z 000000018000217c f i PINPad.obj
 0001:0000117c       ?GetColorSet@?$IViewObjectExImpl@VCOPOSPINPad@@@ATL@@UEAAJKJPEAXPEAUtagDVTARGETDEVICE@@PEAUHDC__@@PEAPEAUtagLOGPALETTE@@@Z 000000018000217c f i PINPad.obj
 0001:0000117c       ?ContextSensitiveHelp@?$IOleInPlaceActiveObjectImpl@VCOPOSPINPad@@@ATL@@UEAAJH@Z 000000018000217c f i PINPad.obj
 0001:0000117c       ?GetCanonicalFormatEtc@?$IDataObjectImpl@VCOPOSPINPad@@@ATL@@UEAAJPEAUtagFORMATETC@@0@Z 000000018000217c f i PINPad.obj
 0001:0000117c       ?ContextSensitiveHelp@?$IOleInPlaceObjectWindowlessImpl@VCOPOSPINPad@@@ATL@@UEAAJH@Z 000000018000217c f i PINPad.obj
 0001:0000117c       ?GetMoniker@?$IOleObjectImpl@VCOPOSPINPad@@@ATL@@UEAAJKKPEAPEAUIMoniker@@@Z 000000018000217c f i PINPad.obj
 0001:0000117c       ?SetData@?$IDataObjectImpl@VCOPOSPINPad@@@ATL@@UEAAJPEAUtagFORMATETC@@PEAUtagSTGMEDIUM@@H@Z 000000018000217c f i PINPad.obj
 0001:0000117c       ?InitFromData@?$IOleObjectImpl@VCOPOSPINPad@@@ATL@@UEAAJPEAUIDataObject@@HK@Z 000000018000217c f i PINPad.obj
 0001:0000117c       ?QueryInterface@CRegObject@ATL@@UEAAJAEBU_GUID@@PEAPEAX@Z 000000018000217c f i PINPad.obj
 0001:0000117c       ?EnumFormatEtc@?$IDataObjectImpl@VCOPOSPINPad@@@ATL@@UEAAJKPEAPEAUIEnumFORMATETC@@@Z 000000018000217c f i PINPad.obj
 0001:0000117c       ?GetRect@?$IViewObjectExImpl@VCOPOSPINPad@@@ATL@@UEAAJKPEAU_RECTL@@@Z 000000018000217c f i PINPad.obj
 0001:0000117c       ?GetDataHere@?$IDataObjectImpl@VCOPOSPINPad@@@ATL@@UEAAJPEAUtagFORMATETC@@PEAUtagSTGMEDIUM@@@Z 000000018000217c f i PINPad.obj
 0001:00001184       _get_startup_argv_mode     0000000180002184 f i LIBCMT:argv_mode.obj
 0001:00001184       ?AddRef@CRegObject@ATL@@UEAAKXZ 0000000180002184 f i PINPad.obj
 0001:00001184       ?FAccessAllowed@?$IObjectSafetyImpl@VCOPOSPINPad@@$02@ATL@@MEAAHXZ 0000000180002184 f i PINPad.obj
 0001:0000118c       ?Release@CRegObject@ATL@@UEAAKXZ 000000018000218c f i PINPad.obj
 0001:0000118c       ?GetObjectDescription@?$CComCoClass@VCOPOSPINPad@@$1?CLSID_OPOSPINPad@@3U_GUID@@B@ATL@@SAPEB_WXZ 000000018000218c f i PINPad.obj
 0001:0000118c       ?EnableModeless@?$IOleInPlaceActiveObjectImpl@VCOPOSPINPad@@@ATL@@UEAAJH@Z 000000018000218c f i PINPad.obj
 0001:0000118c       ?SaveCompleted@?$IPersistStorageImpl@VCOPOSPINPad@@@ATL@@UEAAJPEAUIStorage@@@Z 000000018000218c f i PINPad.obj
 0001:0000118c       ?GetCategoryMap@CComObjectRootBase@ATL@@SAPEBU_ATL_CATMAP_ENTRY@2@XZ 000000018000218c f i PINPad.obj
 0001:0000118c       ?SetHostNames@?$IOleObjectImpl@VCOPOSPINPad@@@ATL@@UEAAJPEB_W0@Z 000000018000218c f i PINPad.obj
 0001:0000118c       ?OnFrameWindowActivate@?$IOleInPlaceActiveObjectImpl@VCOPOSPINPad@@@ATL@@UEAAJH@Z 000000018000218c f i PINPad.obj
 0001:0000118c       ?OnAmbientPropertyChange@?$IOleControlImpl@VCOPOSPINPad@@@ATL@@UEAAJJ@Z 000000018000218c f i PINPad.obj
 0001:0000118c       ?IsUpToDate@?$IOleObjectImpl@VCOPOSPINPad@@@ATL@@UEAAJXZ 000000018000218c f i PINPad.obj
 0001:0000118c       ?Update@?$IOleObjectImpl@VCOPOSPINPad@@@ATL@@UEAAJXZ 000000018000218c f i PINPad.obj
 0001:0000118c       ?ResizeBorder@?$IOleInPlaceActiveObjectImpl@VCOPOSPINPad@@@ATL@@UEAAJPEBUtagRECT@@PEAUIOleInPlaceUIWindow@@H@Z 000000018000218c f i PINPad.obj
 0001:0000118c       ?HandsOffStorage@?$IPersistStorageImpl@VCOPOSPINPad@@@ATL@@UEAAJXZ 000000018000218c f i PINPad.obj
 0001:00001190       ?AddReplacement@CRegObject@ATL@@UEAAJPEB_W0@Z 0000000180002190 f i PINPad.obj
 0001:000011c0       ?ClearReplacements@CRegObject@ATL@@UEAAJXZ 00000001800021c0 f i PINPad.obj
 0001:000011cc       ??_GCRegObject@ATL@@UEAAPEAXI@Z 00000001800021cc f i PINPad.obj
 0001:000011cc       ??_ECRegObject@ATL@@UEAAPEAXI@Z 00000001800021cc f i PINPad.obj
 0001:0000124c       ??_E?$CComObject@VCOPOSPINPad@@@ATL@@W7EAAPEAXI@Z 000000018000224c f i PINPad.obj
 0001:00001258       ??_E?$CComObject@VCOPOSPINPad@@@ATL@@WHA@EAAPEAXI@Z 0000000180002258 f i PINPad.obj
 0001:00001264       ?QueryInterface@?$CComObject@VCOPOSPINPad@@@ATL@@WLI@EAAJAEBU_GUID@@PEAPEAX@Z 0000000180002264 f i PINPad.obj
 0001:00001270       ?AddRef@?$CComObject@VCOPOSPINPad@@@ATL@@WLI@EAAKXZ 0000000180002270 f i PINPad.obj
 0001:0000127c       ?Release@?$CComObject@VCOPOSPINPad@@@ATL@@WLI@EAAKXZ 000000018000227c f i PINPad.obj
 0001:00001288       ?QueryInterface@?$CComObject@VCOPOSPINPad@@@ATL@@WMA@EAAJAEBU_GUID@@PEAPEAX@Z 0000000180002288 f i PINPad.obj
 0001:00001294       ?AddRef@?$CComObject@VCOPOSPINPad@@@ATL@@WMA@EAAKXZ 0000000180002294 f i PINPad.obj
 0001:000012a0       ?Release@?$CComObject@VCOPOSPINPad@@@ATL@@WMA@EAAKXZ 00000001800022a0 f i PINPad.obj
 0001:000012ac       ?QueryInterface@?$CComObject@VCOPOSPINPad@@@ATL@@WMI@EAAJAEBU_GUID@@PEAPEAX@Z 00000001800022ac f i PINPad.obj
 0001:000012b8       ?AddRef@?$CComObject@VCOPOSPINPad@@@ATL@@WMI@EAAKXZ 00000001800022b8 f i PINPad.obj
 0001:000012c4       ?Release@?$CComObject@VCOPOSPINPad@@@ATL@@WMI@EAAKXZ 00000001800022c4 f i PINPad.obj
 0001:000012d0       ?QueryInterface@?$CComObject@VCOPOSPINPad@@@ATL@@WNA@EAAJAEBU_GUID@@PEAPEAX@Z 00000001800022d0 f i PINPad.obj
 0001:000012dc       ?AddRef@?$CComObject@VCOPOSPINPad@@@ATL@@WNA@EAAKXZ 00000001800022dc f i PINPad.obj
 0001:000012e8       ?Release@?$CComObject@VCOPOSPINPad@@@ATL@@WNA@EAAKXZ 00000001800022e8 f i PINPad.obj
 0001:000012f4       ?QueryInterface@?$CComObject@VCOPOSPINPad@@@ATL@@WNI@EAAJAEBU_GUID@@PEAPEAX@Z 00000001800022f4 f i PINPad.obj
 0001:00001300       ?AddRef@?$CComObject@VCOPOSPINPad@@@ATL@@WNI@EAAKXZ 0000000180002300 f i PINPad.obj
 0001:0000130c       ?Release@?$CComObject@VCOPOSPINPad@@@ATL@@WNI@EAAKXZ 000000018000230c f i PINPad.obj
 0001:00001318       ?QueryInterface@?$CComObject@VCOPOSPINPad@@@ATL@@WOA@EAAJAEBU_GUID@@PEAPEAX@Z 0000000180002318 f i PINPad.obj
 0001:00001324       ?AddRef@?$CComObject@VCOPOSPINPad@@@ATL@@WOA@EAAKXZ 0000000180002324 f i PINPad.obj
 0001:00001330       ?Release@?$CComObject@VCOPOSPINPad@@@ATL@@WOA@EAAKXZ 0000000180002330 f i PINPad.obj
 0001:0000133c       ?QueryInterface@?$CComObject@VCOPOSPINPad@@@ATL@@WOI@EAAJAEBU_GUID@@PEAPEAX@Z 000000018000233c f i PINPad.obj
 0001:00001348       ?AddRef@?$CComObject@VCOPOSPINPad@@@ATL@@WOI@EAAKXZ 0000000180002348 f i PINPad.obj
 0001:00001354       ?Release@?$CComObject@VCOPOSPINPad@@@ATL@@WOI@EAAKXZ 0000000180002354 f i PINPad.obj
 0001:00001360       ?QueryInterface@?$CComObject@VCOPOSPINPad@@@ATL@@WPA@EAAJAEBU_GUID@@PEAPEAX@Z 0000000180002360 f i PINPad.obj
 0001:0000136c       ?AddRef@?$CComObject@VCOPOSPINPad@@@ATL@@WPA@EAAKXZ 000000018000236c f i PINPad.obj
 0001:00001378       ?Release@?$CComObject@VCOPOSPINPad@@@ATL@@WPA@EAAKXZ 0000000180002378 f i PINPad.obj
 0001:00001384       ?QueryInterface@?$CComObject@VCOPOSPINPad@@@ATL@@WPI@EAAJAEBU_GUID@@PEAPEAX@Z 0000000180002384 f i PINPad.obj
 0001:00001390       ?AddRef@?$CComObject@VCOPOSPINPad@@@ATL@@WPI@EAAKXZ 0000000180002390 f i PINPad.obj
 0001:0000139c       ?Release@?$CComObject@VCOPOSPINPad@@@ATL@@WPI@EAAKXZ 000000018000239c f i PINPad.obj
 0001:000013a8       ?QueryInterface@?$CComObject@VCOPOSPINPad@@@ATL@@WBAA@EAAJAEBU_GUID@@PEAPEAX@Z 00000001800023a8 f i PINPad.obj
 0001:000013b4       ?AddRef@?$CComObject@VCOPOSPINPad@@@ATL@@WBAA@EAAKXZ 00000001800023b4 f i PINPad.obj
 0001:000013c0       ?Release@?$CComObject@VCOPOSPINPad@@@ATL@@WBAA@EAAKXZ 00000001800023c0 f i PINPad.obj
 0001:000013cc       ?QueryInterface@?$CComObject@VCOPOSPINPad@@@ATL@@WBAI@EAAJAEBU_GUID@@PEAPEAX@Z 00000001800023cc f i PINPad.obj
 0001:000013d8       ?AddRef@?$CComObject@VCOPOSPINPad@@@ATL@@WBAI@EAAKXZ 00000001800023d8 f i PINPad.obj
 0001:000013e4       ?Release@?$CComObject@VCOPOSPINPad@@@ATL@@WBAI@EAAKXZ 00000001800023e4 f i PINPad.obj
 0001:000013f0       ?QueryInterface@?$CComObject@VCOPOSPINPad@@@ATL@@WBBA@EAAJAEBU_GUID@@PEAPEAX@Z 00000001800023f0 f i PINPad.obj
 0001:000013fc       ?AddRef@?$CComObject@VCOPOSPINPad@@@ATL@@WBBA@EAAKXZ 00000001800023fc f i PINPad.obj
 0001:00001408       ?Release@?$CComObject@VCOPOSPINPad@@@ATL@@WBBA@EAAKXZ 0000000180002408 f i PINPad.obj
 0001:00001414       ?QueryInterface@?$CComObject@VCOPOSPINPad@@@ATL@@WBBI@EAAJAEBU_GUID@@PEAPEAX@Z 0000000180002414 f i PINPad.obj
 0001:00001420       ?AddRef@?$CComObject@VCOPOSPINPad@@@ATL@@WBBI@EAAKXZ 0000000180002420 f i PINPad.obj
 0001:0000142c       ?Release@?$CComObject@VCOPOSPINPad@@@ATL@@WBBI@EAAKXZ 000000018000242c f i PINPad.obj
 0001:00001438       ?AddRef@?$CComObject@VCOPOSPINPad@@@ATL@@WBCI@EAAKXZ 0000000180002438 f i PINPad.obj
 0001:00001444       ?Release@?$CComObject@VCOPOSPINPad@@@ATL@@WBCI@EAAKXZ 0000000180002444 f i PINPad.obj
 0001:00001450       ?AddRef@?$CComObject@VCOPOSPINPad@@@ATL@@WBEA@EAAKXZ 0000000180002450 f i PINPad.obj
 0001:0000145c       ?Release@?$CComObject@VCOPOSPINPad@@@ATL@@WBEA@EAAKXZ 000000018000245c f i PINPad.obj
 0001:00001468       ??_E?$CComContainedObject@VCOPOSPINPad@@@ATL@@W7EAAPEAXI@Z 0000000180002468 f i PINPad.obj
 0001:00001474       ??_E?$CComContainedObject@VCOPOSPINPad@@@ATL@@WHA@EAAPEAXI@Z 0000000180002474 f i PINPad.obj
 0001:00001480       ?QueryInterface@?$CComContainedObject@VCOPOSPINPad@@@ATL@@WLI@EAAJAEBU_GUID@@PEAPEAX@Z 0000000180002480 f i PINPad.obj
 0001:0000148c       ?AddRef@?$CComContainedObject@VCOPOSPINPad@@@ATL@@WLI@EAAKXZ 000000018000248c f i PINPad.obj
 0001:00001498       ?Release@?$CComContainedObject@VCOPOSPINPad@@@ATL@@WLI@EAAKXZ 0000000180002498 f i PINPad.obj
 0001:000014a4       ?QueryInterface@?$CComContainedObject@VCOPOSPINPad@@@ATL@@WMA@EAAJAEBU_GUID@@PEAPEAX@Z 00000001800024a4 f i PINPad.obj
 0001:000014b0       ?AddRef@?$CComContainedObject@VCOPOSPINPad@@@ATL@@WMA@EAAKXZ 00000001800024b0 f i PINPad.obj
 0001:000014bc       ?Release@?$CComContainedObject@VCOPOSPINPad@@@ATL@@WMA@EAAKXZ 00000001800024bc f i PINPad.obj
 0001:000014c8       ?QueryInterface@?$CComContainedObject@VCOPOSPINPad@@@ATL@@WMI@EAAJAEBU_GUID@@PEAPEAX@Z 00000001800024c8 f i PINPad.obj
 0001:000014d4       ?AddRef@?$CComContainedObject@VCOPOSPINPad@@@ATL@@WMI@EAAKXZ 00000001800024d4 f i PINPad.obj
 0001:000014e0       ?Release@?$CComContainedObject@VCOPOSPINPad@@@ATL@@WMI@EAAKXZ 00000001800024e0 f i PINPad.obj
 0001:000014ec       ?QueryInterface@?$CComContainedObject@VCOPOSPINPad@@@ATL@@WNA@EAAJAEBU_GUID@@PEAPEAX@Z 00000001800024ec f i PINPad.obj
 0001:000014f8       ?AddRef@?$CComContainedObject@VCOPOSPINPad@@@ATL@@WNA@EAAKXZ 00000001800024f8 f i PINPad.obj
 0001:00001504       ?Release@?$CComContainedObject@VCOPOSPINPad@@@ATL@@WNA@EAAKXZ 0000000180002504 f i PINPad.obj
 0001:00001510       ?QueryInterface@?$CComContainedObject@VCOPOSPINPad@@@ATL@@WNI@EAAJAEBU_GUID@@PEAPEAX@Z 0000000180002510 f i PINPad.obj
 0001:0000151c       ?AddRef@?$CComContainedObject@VCOPOSPINPad@@@ATL@@WNI@EAAKXZ 000000018000251c f i PINPad.obj
 0001:00001528       ?Release@?$CComContainedObject@VCOPOSPINPad@@@ATL@@WNI@EAAKXZ 0000000180002528 f i PINPad.obj
 0001:00001534       ?QueryInterface@?$CComContainedObject@VCOPOSPINPad@@@ATL@@WOA@EAAJAEBU_GUID@@PEAPEAX@Z 0000000180002534 f i PINPad.obj
 0001:00001540       ?AddRef@?$CComContainedObject@VCOPOSPINPad@@@ATL@@WOA@EAAKXZ 0000000180002540 f i PINPad.obj
 0001:0000154c       ?Release@?$CComContainedObject@VCOPOSPINPad@@@ATL@@WOA@EAAKXZ 000000018000254c f i PINPad.obj
 0001:00001558       ?QueryInterface@?$CComContainedObject@VCOPOSPINPad@@@ATL@@WOI@EAAJAEBU_GUID@@PEAPEAX@Z 0000000180002558 f i PINPad.obj
 0001:00001564       ?AddRef@?$CComContainedObject@VCOPOSPINPad@@@ATL@@WOI@EAAKXZ 0000000180002564 f i PINPad.obj
 0001:00001570       ?Release@?$CComContainedObject@VCOPOSPINPad@@@ATL@@WOI@EAAKXZ 0000000180002570 f i PINPad.obj
 0001:0000157c       ?QueryInterface@?$CComContainedObject@VCOPOSPINPad@@@ATL@@WPA@EAAJAEBU_GUID@@PEAPEAX@Z 000000018000257c f i PINPad.obj
 0001:00001588       ?AddRef@?$CComContainedObject@VCOPOSPINPad@@@ATL@@WPA@EAAKXZ 0000000180002588 f i PINPad.obj
 0001:00001594       ?Release@?$CComContainedObject@VCOPOSPINPad@@@ATL@@WPA@EAAKXZ 0000000180002594 f i PINPad.obj
 0001:000015a0       ?QueryInterface@?$CComContainedObject@VCOPOSPINPad@@@ATL@@WPI@EAAJAEBU_GUID@@PEAPEAX@Z 00000001800025a0 f i PINPad.obj
 0001:000015ac       ?AddRef@?$CComContainedObject@VCOPOSPINPad@@@ATL@@WPI@EAAKXZ 00000001800025ac f i PINPad.obj
 0001:000015b8       ?Release@?$CComContainedObject@VCOPOSPINPad@@@ATL@@WPI@EAAKXZ 00000001800025b8 f i PINPad.obj
 0001:000015c4       ?QueryInterface@?$CComContainedObject@VCOPOSPINPad@@@ATL@@WBAA@EAAJAEBU_GUID@@PEAPEAX@Z 00000001800025c4 f i PINPad.obj
 0001:000015d0       ?AddRef@?$CComContainedObject@VCOPOSPINPad@@@ATL@@WBAA@EAAKXZ 00000001800025d0 f i PINPad.obj
 0001:000015dc       ?Release@?$CComContainedObject@VCOPOSPINPad@@@ATL@@WBAA@EAAKXZ 00000001800025dc f i PINPad.obj
 0001:000015e8       ?QueryInterface@?$CComContainedObject@VCOPOSPINPad@@@ATL@@WBAI@EAAJAEBU_GUID@@PEAPEAX@Z 00000001800025e8 f i PINPad.obj
 0001:000015f4       ?AddRef@?$CComContainedObject@VCOPOSPINPad@@@ATL@@WBAI@EAAKXZ 00000001800025f4 f i PINPad.obj
 0001:00001600       ?Release@?$CComContainedObject@VCOPOSPINPad@@@ATL@@WBAI@EAAKXZ 0000000180002600 f i PINPad.obj
 0001:0000160c       ?QueryInterface@?$CComContainedObject@VCOPOSPINPad@@@ATL@@WBBA@EAAJAEBU_GUID@@PEAPEAX@Z 000000018000260c f i PINPad.obj
 0001:00001618       ?AddRef@?$CComContainedObject@VCOPOSPINPad@@@ATL@@WBBA@EAAKXZ 0000000180002618 f i PINPad.obj
 0001:00001624       ?Release@?$CComContainedObject@VCOPOSPINPad@@@ATL@@WBBA@EAAKXZ 0000000180002624 f i PINPad.obj
 0001:00001630       ?QueryInterface@?$CComContainedObject@VCOPOSPINPad@@@ATL@@WBBI@EAAJAEBU_GUID@@PEAPEAX@Z 0000000180002630 f i PINPad.obj
 0001:0000163c       ?AddRef@?$CComContainedObject@VCOPOSPINPad@@@ATL@@WBBI@EAAKXZ 000000018000263c f i PINPad.obj
 0001:00001648       ?Release@?$CComContainedObject@VCOPOSPINPad@@@ATL@@WBBI@EAAKXZ 0000000180002648 f i PINPad.obj
 0001:00001654       ?AddRef@?$CComContainedObject@VCOPOSPINPad@@@ATL@@WBCI@EAAKXZ 0000000180002654 f i PINPad.obj
 0001:00001660       ?Release@?$CComContainedObject@VCOPOSPINPad@@@ATL@@WBCI@EAAKXZ 0000000180002660 f i PINPad.obj
 0001:0000166c       ?AddRef@?$CComContainedObject@VCOPOSPINPad@@@ATL@@WBEA@EAAKXZ 000000018000266c f i PINPad.obj
 0001:00001678       ?Release@?$CComContainedObject@VCOPOSPINPad@@@ATL@@WBEA@EAAKXZ 0000000180002678 f i PINPad.obj
 0001:00001684       ?GetWindowProc@?$CWindowImplBaseT@VCWindow@ATL@@V?$CWinTraits@$0FGAAAAAA@$0A@@2@@ATL@@UEAAP6A_JPEAUHWND__@@I_K_J@ZXZ 0000000180002684 f i PINPad.obj
 0001:0000168c       ?StartWindowProc@?$CWindowImplBaseT@VCWindow@ATL@@V?$CWinTraits@$0FGAAAAAA@$0A@@2@@ATL@@SA_JPEAUHWND__@@I_K_J@Z 000000018000268c f i PINPad.obj
 0001:00001750       ?OnFinalMessage@?$CWindowImplBaseT@VCWindow@ATL@@V?$CWinTraits@$0FGAAAAAA@$0A@@2@@ATL@@UEAAXPEAUHWND__@@@Z 0000000180002750 f i PINPad.obj
 0001:00001750       _guard_check_icall_nop     0000000180002750 f i LIBCMT:guard_support.obj
 0001:00001750       ?ObjectMain@CComObjectRootBase@ATL@@SAX_N@Z 0000000180002750 f i PINPad.obj
 0001:00001754       ?GetTypeInfoCount@?$IDispatchImpl@UIOPOSPINPad@@$1?IID_IOPOSPINPad@@3U_GUID@@B$1?LIBID_OposPINPad_CCO@@3U3@B$00$0A@VCComTypeInfoHolder@ATL@@@ATL@@UEAAJPEAI@Z 0000000180002754 f i PINPad.obj
 0001:00001768       ?GetTypeInfo@?$IDispatchImpl@UIOPOSPINPad@@$1?IID_IOPOSPINPad@@3U_GUID@@B$1?LIBID_OposPINPad_CCO@@3U3@B$00$0A@VCComTypeInfoHolder@ATL@@@ATL@@UEAAJIKPEAPEAUITypeInfo@@@Z 0000000180002768 f i PINPad.obj
 0001:000017cc       ?GetIDsOfNames@?$IDispatchImpl@UIOPOSPINPad@@$1?IID_IOPOSPINPad@@3U_GUID@@B$1?LIBID_OposPINPad_CCO@@3U3@B$00$0A@VCComTypeInfoHolder@ATL@@@ATL@@UEAAJAEBU_GUID@@PEAPEA_WIKPEAJ@Z 00000001800027cc f i PINPad.obj
 0001:000017d8       ?Invoke@?$IDispatchImpl@UIOPOSPINPad@@$1?IID_IOPOSPINPad@@3U_GUID@@B$1?LIBID_OposPINPad_CCO@@3U3@B$00$0A@VCComTypeInfoHolder@ATL@@@ATL@@UEAAJJAEBU_GUID@@KGPEAUtagDISPPARAMS@@PEAUtagVARIANT@@PEAUtagEXCEPINFO@@PEAI@Z 00000001800027d8 f i PINPad.obj
 0001:00001868       ?CreateControlWindow@?$CComControl@VCOPOSPINPad@@V?$CWindowImpl@VCOPOSPINPad@@VCWindow@ATL@@V?$CWinTraits@$0FGAAAAAA@$0A@@3@@ATL@@@ATL@@UEAAPEAUHWND__@@PEAU3@AEAUtagRECT@@@Z 0000000180002868 f i PINPad.obj
 0001:000018a0       ?ControlQueryInterface@?$CComControl@VCOPOSPINPad@@V?$CWindowImpl@VCOPOSPINPad@@VCWindow@ATL@@V?$CWinTraits@$0FGAAAAAA@$0A@@3@@ATL@@@ATL@@UEAAJAEBU_GUID@@PEAPEAX@Z 00000001800028a0 f i PINPad.obj
 0001:000018b4       ?GetClassID@?$IPersistStreamInitImpl@VCOPOSPINPad@@@ATL@@UEAAJPEAU_GUID@@@Z 00000001800028b4 f i PINPad.obj
 0001:000018b4       ?GetUserClassID@?$IOleObjectImpl@VCOPOSPINPad@@@ATL@@UEAAJPEAU_GUID@@@Z 00000001800028b4 f i PINPad.obj
 0001:000018b4       ?GetClassID@?$IPersistStorageImpl@VCOPOSPINPad@@@ATL@@UEAAJPEAU_GUID@@@Z 00000001800028b4 f i PINPad.obj
 0001:000018d0       ?IsDirty@?$IPersistStreamInitImpl@VCOPOSPINPad@@@ATL@@UEAAJXZ 00000001800028d0 f i PINPad.obj
 0001:000018ec       ?Load@?$IPersistStreamInitImpl@VCOPOSPINPad@@@ATL@@UEAAJPEAUIStream@@@Z 00000001800028ec f i PINPad.obj
 0001:0000193c       ?Save@?$IPersistStreamInitImpl@VCOPOSPINPad@@@ATL@@UEAAJPEAUIStream@@H@Z 000000018000293c f i PINPad.obj
 0001:000019a0       ?GetSizeMax@?$IPersistStreamInitImpl@VCOPOSPINPad@@@ATL@@UEAAJPEAT_ULARGE_INTEGER@@@Z 00000001800029a0 f i PINPad.obj
 0001:00001bcc       ?InitNew@?$IPersistStreamInitImpl@VCOPOSPINPad@@@ATL@@UEAAJXZ 0000000180002bcc f i PINPad.obj
 0001:00001be4       ?SetClientSite@?$IOleObjectImpl@VCOPOSPINPad@@@ATL@@UEAAJPEAUIOleClientSite@@@Z 0000000180002be4 f i PINPad.obj
 0001:00001c00       ?GetClientSite@?$IOleObjectImpl@VCOPOSPINPad@@@ATL@@UEAAJPEAPEAUIOleClientSite@@@Z 0000000180002c00 f i PINPad.obj
 0001:00001c48       ?Close@?$IOleObjectImpl@VCOPOSPINPad@@@ATL@@UEAAJK@Z 0000000180002c48 f i PINPad.obj
 0001:00001c64       ?DoVerb@?$IOleObjectImpl@VCOPOSPINPad@@@ATL@@UEAAJJPEAUtagMSG@@PEAUIOleClientSite@@JPEAUHWND__@@PEBUtagRECT@@@Z 0000000180002c64 f i PINPad.obj
 0001:00001e08       ?EnumVerbs@?$IOleObjectImpl@VCOPOSPINPad@@@ATL@@UEAAJPEAPEAUIEnumOLEVERB@@@Z 0000000180002e08 f i PINPad.obj
 0001:00001e24       ?GetUserType@?$IOleObjectImpl@VCOPOSPINPad@@@ATL@@UEAAJKPEAPEA_W@Z 0000000180002e24 f i PINPad.obj
 0001:00001e34       ?SetExtent@?$IOleObjectImpl@VCOPOSPINPad@@@ATL@@UEAAJKPEAUtagSIZE@@@Z 0000000180002e34 f i PINPad.obj
 0001:00001e50       ?GetExtent@?$IOleObjectImpl@VCOPOSPINPad@@@ATL@@UEAAJKPEAUtagSIZE@@@Z 0000000180002e50 f i PINPad.obj
 0001:00001e80       ?Advise@?$IOleObjectImpl@VCOPOSPINPad@@@ATL@@UEAAJPEAUIAdviseSink@@PEAK@Z 0000000180002e80 f i PINPad.obj
 0001:00001edc       ?Unadvise@?$IOleObjectImpl@VCOPOSPINPad@@@ATL@@UEAAJK@Z 0000000180002edc f i PINPad.obj
 0001:00001f14       ?EnumAdvise@?$IOleObjectImpl@VCOPOSPINPad@@@ATL@@UEAAJPEAPEAUIEnumSTATDATA@@@Z 0000000180002f14 f i PINPad.obj
 0001:00001f5c       ?GetMiscStatus@?$IOleObjectImpl@VCOPOSPINPad@@@ATL@@UEAAJKPEAK@Z 0000000180002f5c f i PINPad.obj
 0001:00001f6c       ?GetWindow@?$IOleInPlaceActiveObjectImpl@VCOPOSPINPad@@@ATL@@UEAAJPEAPEAUHWND__@@@Z 0000000180002f6c f i PINPad.obj
 0001:00001fc0       ?TranslateAcceleratorW@?$IOleInPlaceActiveObjectImpl@VCOPOSPINPad@@@ATL@@UEAAJPEAUtagMSG@@@Z 0000000180002fc0 f i PINPad.obj
 0001:000020b4       ?OnDocWindowActivate@?$IOleInPlaceActiveObjectImpl@VCOPOSPINPad@@@ATL@@UEAAJH@Z 00000001800030b4 f i PINPad.obj
 0001:000020e0       ?Draw@?$IViewObjectExImpl@VCOPOSPINPad@@@ATL@@UEAAJKJPEAXPEAUtagDVTARGETDEVICE@@PEAUHDC__@@2PEBU_RECTL@@3P6AH_K@Z4@Z 00000001800030e0 f i PINPad.obj
 0001:00002144       ?SetAdvise@?$IViewObjectExImpl@VCOPOSPINPad@@@ATL@@UEAAJKKPEAUIAdviseSink@@@Z 0000000180003144 f i PINPad.obj
 0001:00002198       ?GetAdvise@?$IViewObjectExImpl@VCOPOSPINPad@@@ATL@@UEAAJPEAK0PEAPEAUIAdviseSink@@@Z 0000000180003198 f i PINPad.obj
 0001:000021d4       ?GetExtent@?$IViewObjectExImpl@VCOPOSPINPad@@@ATL@@UEAAJKJPEAUtagDVTARGETDEVICE@@PEAUtagSIZE@@@Z 00000001800031d4 f i PINPad.obj
 0001:00002204       ?GetViewStatus@?$IViewObjectExImpl@VCOPOSPINPad@@@ATL@@UEAAJPEAK@Z 0000000180003204 f i PINPad.obj
 0001:00002218       ?QueryHitPoint@?$IViewObjectExImpl@VCOPOSPINPad@@@ATL@@UEAAJKPEBUtagRECT@@UtagPOINT@@JPEAK@Z 0000000180003218 f i PINPad.obj
 0001:0000225c       ?QueryHitRect@?$IViewObjectExImpl@VCOPOSPINPad@@@ATL@@UEAAJKPEBUtagRECT@@0JPEAK@Z 000000018000325c f i PINPad.obj
 0001:000022c4       ?GetNaturalExtent@?$IViewObjectExImpl@VCOPOSPINPad@@@ATL@@UEAAJKJPEAUtagDVTARGETDEVICE@@PEAUHDC__@@PEAUtagExtentInfo@@PEAUtagSIZE@@@Z 00000001800032c4 f i PINPad.obj
 0001:0000230c       ?GetWindow@?$IOleInPlaceObjectWindowlessImpl@VCOPOSPINPad@@@ATL@@UEAAJPEAPEAUHWND__@@@Z 000000018000330c f i PINPad.obj
 0001:00002360       ?InPlaceDeactivate@?$IOleInPlaceObjectWindowlessImpl@VCOPOSPINPad@@@ATL@@UEAAJXZ 0000000180003360 f i PINPad.obj
 0001:0000237c       ?UIDeactivate@?$IOleInPlaceObjectWindowlessImpl@VCOPOSPINPad@@@ATL@@UEAAJXZ 000000018000337c f i PINPad.obj
 0001:00002398       ?SetObjectRects@?$IOleInPlaceObjectWindowlessImpl@VCOPOSPINPad@@@ATL@@UEAAJPEBUtagRECT@@0@Z 0000000180003398 f i PINPad.obj
 0001:000023b4       ?OnWindowMessage@?$IOleInPlaceObjectWindowlessImpl@VCOPOSPINPad@@@ATL@@UEAAJI_K_JPEA_J@Z 00000001800033b4 f i PINPad.obj
 0001:0000247c       ?EnumConnectionPoints@?$IConnectionPointContainerImpl@VCOPOSPINPad@@@ATL@@UEAAJPEAPEAUIEnumConnectionPoints@@@Z 000000018000347c f i PINPad.obj
 0001:0000269c       ?FindConnectionPoint@?$IConnectionPointContainerImpl@VCOPOSPINPad@@@ATL@@UEAAJAEBU_GUID@@PEAPEAUIConnectionPoint@@@Z 000000018000369c f i PINPad.obj
 0001:0000276c       ?IsDirty@?$IPersistStorageImpl@VCOPOSPINPad@@@ATL@@UEAAJXZ 000000018000376c f i PINPad.obj
 0001:000027b0       ?InitNew@?$IPersistStorageImpl@VCOPOSPINPad@@@ATL@@UEAAJPEAUIStorage@@@Z 00000001800037b0 f i PINPad.obj
 0001:000027f4       ?Load@?$IPersistStorageImpl@VCOPOSPINPad@@@ATL@@UEAAJPEAUIStorage@@@Z 00000001800037f4 f i PINPad.obj
 0001:00002894       ?Save@?$IPersistStorageImpl@VCOPOSPINPad@@@ATL@@UEAAJPEAUIStorage@@H@Z 0000000180003894 f i PINPad.obj
 0001:00002944       ?GetPages@?$ISpecifyPropertyPagesImpl@VCOPOSPINPad@@@ATL@@UEAAJPEAUtagCAUUID@@@Z 0000000180003944 f i PINPad.obj
 0001:00002950       ?QuickActivate@?$IQuickActivateImpl@VCOPOSPINPad@@@ATL@@UEAAJPEAUtagQACONTAINER@@PEAUtagQACONTROL@@@Z 0000000180003950 f i PINPad.obj
 0001:0000296c       ?SetContentExtent@?$IQuickActivateImpl@VCOPOSPINPad@@@ATL@@UEAAJPEAUtagSIZE@@@Z 000000018000396c f i PINPad.obj
 0001:000029a0       ?GetContentExtent@?$IQuickActivateImpl@VCOPOSPINPad@@@ATL@@UEAAJPEAUtagSIZE@@@Z 00000001800039a0 f i PINPad.obj
 0001:000029d8       ?GetData@?$IDataObjectImpl@VCOPOSPINPad@@@ATL@@UEAAJPEAUtagFORMATETC@@PEAUtagSTGMEDIUM@@@Z 00000001800039d8 f i PINPad.obj
 0001:000029f4       ?DAdvise@?$IDataObjectImpl@VCOPOSPINPad@@@ATL@@UEAAJPEAUtagFORMATETC@@KPEAUIAdviseSink@@PEAK@Z 00000001800039f4 f i PINPad.obj
 0001:00002a7c       ?DUnadvise@?$IDataObjectImpl@VCOPOSPINPad@@@ATL@@UEAAJK@Z 0000000180003a7c f i PINPad.obj
 0001:00002aa8       ?EnumDAdvise@?$IDataObjectImpl@VCOPOSPINPad@@@ATL@@UEAAJPEAPEAUIEnumSTATDATA@@@Z 0000000180003aa8 f i PINPad.obj
 0001:00002ae4       ?GetClassInfoW@?$IProvideClassInfo2Impl@$1?CLSID_OPOSPINPad@@3U_GUID@@B$1?DIID__IOPOSPINPadEvents@@3U2@B$1?LIBID_OposPINPad_CCO@@3U2@B$00$0A@VCComTypeInfoHolder@ATL@@@ATL@@UEAAJPEAPEAUITypeInfo@@@Z 0000000180003ae4 f i PINPad.obj
 0001:00002b3c       ?GetGUID@?$IProvideClassInfo2Impl@$1?CLSID_OPOSPINPad@@3U_GUID@@B$1?DIID__IOPOSPINPadEvents@@3U2@B$1?LIBID_OposPINPad_CCO@@3U2@B$00$0A@VCComTypeInfoHolder@ATL@@@ATL@@UEAAJKPEAU_GUID@@@Z 0000000180003b3c f i PINPad.obj
 0001:00002b70       ?GetInterfaceSafetyOptions@?$IObjectSafetyImpl@VCOPOSPINPad@@$02@ATL@@UEAAJAEBU_GUID@@PEAK1@Z 0000000180003b70 f i PINPad.obj
 0001:00002c04       ?SetInterfaceSafetyOptions@?$IObjectSafetyImpl@VCOPOSPINPad@@$02@ATL@@UEAAJAEBU_GUID@@KK@Z 0000000180003c04 f i PINPad.obj
 0001:00002ca8       ?_LocCPQueryInterface@?$IConnectionPointImpl@VCOPOSPINPad@@$1?IID_IPropertyNotifySink@@3U_GUID@@BVCComDynamicUnkArray@ATL@@@ATL@@UEAAJAEBU_GUID@@PEAPEAX@Z 0000000180003ca8 f i PINPad.obj
 0001:00002ca8       ?_LocCPQueryInterface@?$IConnectionPointImpl@VCOPOSPINPad@@$1?DIID__IOPOSPINPadEvents@@3U_GUID@@BVCComDynamicUnkArray@ATL@@@ATL@@UEAAJAEBU_GUID@@PEAPEAX@Z 0000000180003ca8 f i PINPad.obj
 0001:00002d1c       ?GetConnectionInterface@?$IConnectionPointImpl@VCOPOSPINPad@@$1?IID_IPropertyNotifySink@@3U_GUID@@BVCComDynamicUnkArray@ATL@@@ATL@@UEAAJPEAU_GUID@@@Z 0000000180003d1c f i PINPad.obj
 0001:00002d38       ?GetConnectionPointContainer@?$IConnectionPointImpl@VCOPOSPINPad@@$1?IID_IPropertyNotifySink@@3U_GUID@@BVCComDynamicUnkArray@ATL@@@ATL@@UEAAJPEAPEAUIConnectionPointContainer@@@Z 0000000180003d38 f i PINPad.obj
 0001:00002d58       ?Advise@?$IConnectionPointImpl@VCOPOSPINPad@@$1?IID_IPropertyNotifySink@@3U_GUID@@BVCComDynamicUnkArray@ATL@@@ATL@@UEAAJPEAUIUnknown@@PEAK@Z 0000000180003d58 f i PINPad.obj
 0001:00002d58       ?Advise@?$IConnectionPointImpl@VCOPOSPINPad@@$1?DIID__IOPOSPINPadEvents@@3U_GUID@@BVCComDynamicUnkArray@ATL@@@ATL@@UEAAJPEAUIUnknown@@PEAK@Z 0000000180003d58 f i PINPad.obj
 0001:00002e18       ?Unadvise@?$IConnectionPointImpl@VCOPOSPINPad@@$1?DIID__IOPOSPINPadEvents@@3U_GUID@@BVCComDynamicUnkArray@ATL@@@ATL@@UEAAJK@Z 0000000180003e18 f i PINPad.obj
 0001:00002e18       ?Unadvise@?$IConnectionPointImpl@VCOPOSPINPad@@$1?IID_IPropertyNotifySink@@3U_GUID@@BVCComDynamicUnkArray@ATL@@@ATL@@UEAAJK@Z 0000000180003e18 f i PINPad.obj
 0001:00002e94       ?EnumConnections@?$IConnectionPointImpl@VCOPOSPINPad@@$1?IID_IPropertyNotifySink@@3U_GUID@@BVCComDynamicUnkArray@ATL@@@ATL@@UEAAJPEAPEAUIEnumConnections@@@Z 0000000180003e94 f i PINPad.obj
 0001:00002e94       ?EnumConnections@?$IConnectionPointImpl@VCOPOSPINPad@@$1?DIID__IOPOSPINPadEvents@@3U_GUID@@BVCComDynamicUnkArray@ATL@@@ATL@@UEAAJPEAPEAUIEnumConnections@@@Z 0000000180003e94 f i PINPad.obj
 0001:0000303c       ?GetConnectionInterface@?$IConnectionPointImpl@VCOPOSPINPad@@$1?DIID__IOPOSPINPadEvents@@3U_GUID@@BVCComDynamicUnkArray@ATL@@@ATL@@UEAAJPEAU_GUID@@@Z 000000018000403c f i PINPad.obj
 0001:00003058       ?GetConnectionPointContainer@?$IConnectionPointImpl@VCOPOSPINPad@@$1?DIID__IOPOSPINPadEvents@@3U_GUID@@BVCComDynamicUnkArray@ATL@@@ATL@@UEAAJPEAPEAUIConnectionPointContainer@@@Z 0000000180004058 f i PINPad.obj
 0001:00003078       ?UpdateRegistry@COPOSPINPad@@SAJH@Z 0000000180004078 f i PINPad.obj
 0001:00003090       ?ProcessWindowMessage@COPOSPINPad@@UEAAHPEAUHWND__@@I_K_JAEA_JK@Z 0000000180004090 f i PINPad.obj
 0001:00003118       ?SOData@COPOSPINPad@@MEAAJJ@Z 0000000180004118 f i PINPad.obj
 0001:00003168       ?SODirectIO@COPOSPINPad@@MEAAJJPEAJPEAPEA_W@Z 0000000180004168 f i PINPad.obj
 0001:000031e0       ?SOError@COPOSPINPad@@MEAAJJJJPEAJ@Z 00000001800041e0 f i PINPad.obj
 0001:00003268       ?SOStatusUpdate@COPOSPINPad@@MEAAJJ@Z 0000000180004268 f i PINPad.obj
 0001:000032b8       ?CreateInstance@?$CComCreator@V?$CComObjectCached@VCComClassFactory@ATL@@@ATL@@@ATL@@SAJPEAXAEBU_GUID@@PEAPEAX@Z 00000001800042b8 f i PINPad.obj
 0001:000033c0       ?CreateInstance@?$CComCreator2@V?$CComCreator@V?$CComObject@VCOPOSPINPad@@@ATL@@@ATL@@V?$CComCreator@V?$CComAggObject@VCOPOSPINPad@@@ATL@@@2@@ATL@@SAJPEAXAEBU_GUID@@PEAPEAX@Z 00000001800043c0 f i PINPad.obj
 0001:000033d0       ?Next@?$CComEnumImpl@UIEnumConnectionPoints@@$1?_GUID_b196b285_bab4_101a_b69c_00aa00341d07@@3U__s_GUID@@BPEAUIConnectionPoint@@V?$_CopyInterface@UIConnectionPoint@@@ATL@@@ATL@@UEAAJKPEAPEAUIConnectionPoint@@PEAK@Z 00000001800043d0 f i PINPad.obj
 0001:0000349c       ?Skip@?$CComEnumImpl@UIEnumConnectionPoints@@$1?_GUID_b196b285_bab4_101a_b69c_00aa00341d07@@3U__s_GUID@@BPEAUIConnectionPoint@@V?$_CopyInterface@UIConnectionPoint@@@ATL@@@ATL@@UEAAJK@Z 000000018000449c f i PINPad.obj
 0001:000034c8       ?Clone@?$CComEnumImpl@UIEnumConnectionPoints@@$1?_GUID_b196b285_bab4_101a_b69c_00aa00341d07@@3U__s_GUID@@BPEAUIConnectionPoint@@V?$_CopyInterface@UIConnectionPoint@@@ATL@@@ATL@@UEAAJPEAPEAUIEnumConnectionPoints@@@Z 00000001800044c8 f i PINPad.obj
 0001:000035f4       ?QueryInterface@?$CComObject@V?$CComEnum@UIEnumConnectionPoints@@$1?_GUID_b196b285_bab4_101a_b69c_00aa00341d07@@3U__s_GUID@@BPEAUIConnectionPoint@@V?$_CopyInterface@UIConnectionPoint@@@ATL@@VCComSingleThreadModel@6@@ATL@@@ATL@@UEAAJAEBU_GUID@@PEAPEAX@Z 00000001800045f4 f i PINPad.obj
 0001:00003608       ??_G?$CComObject@V?$CComEnum@UIEnumConnectionPoints@@$1?_GUID_b196b285_bab4_101a_b69c_00aa00341d07@@3U__s_GUID@@BPEAUIConnectionPoint@@V?$_CopyInterface@UIConnectionPoint@@@ATL@@VCComSingleThreadModel@6@@ATL@@@ATL@@UEAAPEAXI@Z 0000000180004608 f i PINPad.obj
 0001:00003608       ??_E?$CComObject@V?$CComEnum@UIEnumConnectionPoints@@$1?_GUID_b196b285_bab4_101a_b69c_00aa00341d07@@3U__s_GUID@@BPEAUIConnectionPoint@@V?$_CopyInterface@UIConnectionPoint@@@ATL@@VCComSingleThreadModel@6@@ATL@@@ATL@@UEAAPEAXI@Z 0000000180004608 f i PINPad.obj
 0001:00003660       ?CreateInstance@CComClassFactory@ATL@@UEAAJPEAUIUnknown@@AEBU_GUID@@PEAPEAX@Z 0000000180004660 f i PINPad.obj
 0001:000036c0       ?LockServer@CComClassFactory@ATL@@UEAAJH@Z 00000001800046c0 f i PINPad.obj
 0001:000036e4       ??_GCComClassFactory@ATL@@UEAAPEAXI@Z 00000001800046e4 f i PINPad.obj
 0001:000036e4       ??_ECComClassFactory@ATL@@UEAAPEAXI@Z 00000001800046e4 f i PINPad.obj
 0001:00003734       ??$AtlModuleRegisterWndClassInfoT@VAtlModuleRegisterWndClassInfoParamW@ATL@@@ATL@@YAGPEAU_ATL_BASE_MODULE70@0@PEAU_ATL_WIN_MODULE70@0@PEAU_ATL_WNDCLASSINFOW@0@PEAP6A_JPEAUHWND__@@I_K_J@ZVAtlModuleRegisterWndClassInfoParamW@0@@Z 0000000180004734 f i PINPad.obj
 0001:00003934       ??0?$CComContainedObject@VCOPOSPINPad@@@ATL@@QEAA@PEAX@Z 0000000180004934 f i PINPad.obj
 0001:00003a50       ??0?$CComObject@VCOPOSPINPad@@@ATL@@QEAA@PEAX@Z 0000000180004a50 f i PINPad.obj
 0001:00003b68       ??0CAtlModule@ATL@@QEAA@XZ 0000000180004b68 f i PINPad.obj
 0001:00003bdc       ??1?$CComEnumImpl@UIEnumConnectionPoints@@$1?_GUID_b196b285_bab4_101a_b69c_00aa00341d07@@3U__s_GUID@@BPEAUIConnectionPoint@@V?$_CopyInterface@UIConnectionPoint@@@ATL@@@ATL@@UEAA@XZ 0000000180004bdc f i PINPad.obj
 0001:00003c38       ??1?$CComEnumImpl@UIEnumConnections@@$1?_GUID_b196b287_bab4_101a_b69c_00aa00341d07@@3U__s_GUID@@BUtagCONNECTDATA@@V?$_Copy@UtagCONNECTDATA@@@ATL@@@ATL@@UEAA@XZ 0000000180004c38 f i PINPad.obj
 0001:00003c94       ??1?$CComObject@VCOPOSPINPad@@@ATL@@UEAA@XZ 0000000180004c94 f i PINPad.obj
 0001:00003db4       ??_E?$CComContainedObject@VCOPOSPINPad@@@ATL@@UEAAPEAXI@Z 0000000180004db4 f i PINPad.obj
 0001:00003db4       ??_G?$CComContainedObject@VCOPOSPINPad@@@ATL@@UEAAPEAXI@Z 0000000180004db4 f i PINPad.obj
 0001:00003de8       ??_E?$CComObject@VCOPOSPINPad@@@ATL@@UEAAPEAXI@Z 0000000180004de8 f i PINPad.obj
 0001:00003de8       ??_G?$CComObject@VCOPOSPINPad@@@ATL@@UEAAPEAXI@Z 0000000180004de8 f i PINPad.obj
 0001:00003e1c       ?Add@?$CSimpleArray@GV?$CSimpleArrayEqualHelper@G@ATL@@@ATL@@QEAAHAEBG@Z 0000000180004e1c f i PINPad.obj
 0001:00003ed0       ?Add@?$CSimpleMap@PEA_WPEA_WVCExpansionVectorEqualHelper@ATL@@@ATL@@QEAAHAEBQEA_W0@Z 0000000180004ed0 f i PINPad.obj
 0001:00003f70       ?Add@CComDynamicUnkArray@ATL@@QEAAKPEAUIUnknown@@@Z 0000000180004f70 f i PINPad.obj
 0001:00004058       ?Add@CExpansionVector@ATL@@QEAAHPEB_W0@Z 0000000180005058 f i PINPad.obj
 0001:000041e8       ?AddValue@CRegParser@ATL@@IEAAJAEAVCRegKey@2@PEB_WPEA_W@Z 00000001800051e8 f i PINPad.obj
 0001:00004630       ?AllocateHeap@?$CTempBuffer@_W$0BAA@VCCRTAllocator@ATL@@@ATL@@AEAAX_K@Z 0000000180005630 f i PINPad.obj
 0001:00004630       ?AllocateHeap@?$CTempBuffer@E$0BAA@VCCRTAllocator@ATL@@@ATL@@AEAAX_K@Z 0000000180005630 f i PINPad.obj
 0001:00004630       ?AllocateHeap@?$CTempBuffer@_W$0EAA@VCCRTAllocator@ATL@@@ATL@@AEAAX_K@Z 0000000180005630 f i PINPad.obj
 0001:0000465c       ?Append@CParseBuffer@CRegParser@ATL@@QEAAHPEB_WH@Z 000000018000565c f i PINPad.obj
 0001:00004774       ?AtlCallTermFunc@ATL@@YAXPEAU_ATL_MODULE70@1@@Z 0000000180005774 f i PINPad.obj
 0001:000047d8       ?AtlComModuleGetClassObject@ATL@@YAJPEAU_ATL_COM_MODULE70@1@AEBU_GUID@@1PEAPEAX@Z 00000001800057d8 f i PINPad.obj
 0001:00004918       ?AtlComModuleRegisterServer@ATL@@YAJPEAU_ATL_COM_MODULE70@1@HPEBU_GUID@@@Z 0000000180005918 f i PINPad.obj
 0001:000049d8       ?AtlComModuleUnregisterServer@ATL@@YAJPEAU_ATL_COM_MODULE70@1@HPEBU_GUID@@@Z 00000001800059d8 f i PINPad.obj
 0001:00004a94       ?AtlCreateTargetDC@ATL@@YAPEAUHDC__@@PEAU2@PEAUtagDVTARGETDEVICE@@@Z 0000000180005a94 f i PINPad.obj
 0001:00004b08       ?AtlHiMetricToPixel@ATL@@YAXPEBUtagSIZE@@PEAU2@@Z 0000000180005b08 f i PINPad.obj
 0001:00004bb8       ?AtlHresultFromLastError@ATL@@YAJXZ 0000000180005bb8 f i PINPad.obj
 0001:00004bd8       ?AtlHresultFromWin32@ATL@@YAJK@Z 0000000180005bd8 f i PINPad.obj
 0001:00004be8       ?AtlIPersistStreamInit_Load@ATL@@YAJPEAUIStream@@PEBUATL_PROPMAP_ENTRY@1@PEAXPEAUIUnknown@@@Z 0000000180005be8 f i PINPad.obj
 0001:00004e20       ?AtlIPersistStreamInit_Save@ATL@@YAJPEAUIStream@@HPEBUATL_PROPMAP_ENTRY@1@PEAXPEAUIUnknown@@@Z 0000000180005e20 f i PINPad.obj
 0001:00005058       ?AtlInternalOleLoadFromStream@ATL@@YAJPEAUIStream@@AEBU_GUID@@PEAPEAXTClassesAllowedInStream@1@K@Z 0000000180006058 f i PINPad.obj
 0001:0000519c       ?AtlInternalQueryInterface@ATL@@YAJPEAXPEBU_ATL_INTMAP_ENTRY@1@AEBU_GUID@@PEAPEAX@Z 000000018000619c f i PINPad.obj
 0001:000052a4       ?AtlLoadTypeLib@ATL@@YAJPEAUHINSTANCE__@@PEB_WPEAPEA_WPEAPEAUITypeLib@@@Z 00000001800062a4 f i PINPad.obj
 0001:00005500       ?AtlModuleAddTermFunc@ATL@@YAJPEAU_ATL_MODULE70@1@P6AX_K@Z1@Z 0000000180006500 f i PINPad.obj
 0001:00005594       ?AtlRegisterClassCategoriesHelper@ATL@@YAJAEBU_GUID@@PEBU_ATL_CATMAP_ENTRY@1@H@Z 0000000180006594 f i PINPad.obj
 0001:000059fc       ?AtlRegisterTypeLib@ATL@@YAJPEAUHINSTANCE__@@PEB_W@Z 00000001800069fc f i PINPad.obj
 0001:00005bf8       ?AtlThrowImpl@ATL@@YAXJ@Z  0000000180006bf8 f i PINPad.obj
 0001:00005c1c       ?AtlUnRegisterTypeLib@ATL@@YAJPEAUHINSTANCE__@@PEB_W@Z 0000000180006c1c f i PINPad.obj
 0001:00005ce4       ?AtlWinModuleExtractCreateWndData@ATL@@YAPEAXPEAU_ATL_WIN_MODULE70@1@@Z 0000000180006ce4 f i PINPad.obj
 0001:00005d70       ?Cleanup@CComTypeInfoHolder@ATL@@SAX_K@Z 0000000180006d70 f i PINPad.obj
 0001:00005db0       ?ClearReplacements@CExpansionVector@ATL@@QEAAJXZ 0000000180006db0 f i PINPad.obj
 0001:00005e4c       ?CreateInstance@?$CComCreator@V?$CComAggObject@VCOPOSPINPad@@@ATL@@@ATL@@SAJPEAXAEBU_GUID@@PEAPEAX@Z 0000000180006e4c f i PINPad.obj
 0001:00005f24       ?CreateInstance@?$CComCreator@V?$CComObject@VCOPOSPINPad@@@ATL@@@ATL@@SAJPEAXAEBU_GUID@@PEAPEAX@Z 0000000180006f24 f i PINPad.obj
 0001:00005fdc       ?CreateInstance@?$CComObject@V?$CComEnum@UIEnumConnectionPoints@@$1?_GUID_b196b285_bab4_101a_b69c_00aa00341d07@@3U__s_GUID@@BPEAUIConnectionPoint@@V?$_CopyInterface@UIConnectionPoint@@@ATL@@VCComSingleThreadModel@6@@ATL@@@ATL@@SAJPEAPEAV12@@Z 0000000180006fdc f i PINPad.obj
 0001:00006068       ?CreateInstance@?$CComObject@V?$CComEnum@UIEnumConnections@@$1?_GUID_b196b287_bab4_101a_b69c_00aa00341d07@@3U__s_GUID@@BUtagCONNECTDATA@@V?$_Copy@UtagCONNECTDATA@@@ATL@@VCComSingleThreadModel@6@@ATL@@@ATL@@SAJPEAPEAV12@@Z 0000000180007068 f i PINPad.obj
 0001:000060f4       ?DefaultReflectionHandler@?$CWindowImplRoot@VCWindow@ATL@@@ATL@@SAHPEAUHWND__@@I_K_JAEA_J@Z 00000001800070f4 f i PINPad.obj
 0001:00006158       ?DeleteSubKey@CRegKey@ATL@@QEAAJPEB_W@Z 0000000180007158 f i PINPad.obj
 0001:000061f0       ?DoEvent@COPOSPINPad@@IEAAXI_K_J@Z 00000001800071f0 f i PINPad.obj
 0001:000062a4       ?DoVerbPrimary@?$IOleObjectImpl@VCOPOSPINPad@@@ATL@@QEAAJPEBUtagRECT@@PEAUHWND__@@@Z 00000001800072a4 f i PINPad.obj
 0001:000063d0       ?DoVerbProperties@CComControlBase@ATL@@QEAAJPEBUtagRECT@@PEAUHWND__@@@Z 00000001800073d0 f i PINPad.obj
 0001:000065f8       ?FireTheEvent@?$CProxy_IOPOSEvents@VCOPOSPINPad@@@@IEAAXPEAVOposVariant@@IAEAJPEB_WJ@Z 00000001800075f8 f i PINPad.obj
 0001:000066e4       ?FireViewChange@CComControlBase@ATL@@QEAAJXZ 00000001800076e4 f i PINPad.obj
 0001:00006748       ?Fire_DataEvent@?$CProxy_IOPOSEvents@VCOPOSPINPad@@@@QEAAXJ@Z 0000000180007748 f i PINPad.obj
 0001:00006834       ?Fire_DirectIOEvent@?$CProxy_IOPOSEvents@VCOPOSPINPad@@@@QEAAXJPEAJPEAPEA_W@Z 0000000180007834 f i PINPad.obj
 0001:0000698c       ?Fire_ErrorEvent@?$CProxy_IOPOSEvents@VCOPOSPINPad@@@@QEAAXJJJPEAJ@Z 000000018000798c f i PINPad.obj
 0001:00006af4       ?Fire_StatusUpdateEvent@?$CProxy_IOPOSEvents@VCOPOSPINPad@@@@QEAAXJ@Z 0000000180007af4 f i PINPad.obj
 0001:00006be0       ?FreeHeap@?$CTempBuffer@_W$0BAA@VCCRTAllocator@ATL@@@ATL@@AEAAXXZ 0000000180007be0 f i PINPad.obj
 0001:00006be0       ?FreeHeap@?$CTempBuffer@E$0BAA@VCCRTAllocator@ATL@@@ATL@@AEAAXXZ 0000000180007be0 f i PINPad.obj
 0001:00006be0       ?FreeHeap@?$CTempBuffer@_W$0EAA@VCCRTAllocator@ATL@@@ATL@@AEAAXXZ 0000000180007be0 f i PINPad.obj
 0001:00006be8       ?GetAmbientLocaleID@CComControlBase@ATL@@QEAAJAEAK@Z 0000000180007be8 f i PINPad.obj
 0001:00006ca8       ?GetAmbientUserMode@CComControlBase@ATL@@QEAAJAEAH@Z 0000000180007ca8 f i PINPad.obj
 0001:00006d78       ?GetClassObject@CComModule@ATL@@QEAAJAEBU_GUID@@0PEAPEAX@Z 0000000180007d78 f i PINPad.obj
 0001:00006e6c       ?GetConnMap@COPOSPINPad@@SAPEBU_ATL_CONNMAP_ENTRY@ATL@@PEAH@Z 0000000180007e6c f i PINPad.obj
 0001:00006ef4       ?GetIDsOfNames@CComTypeInfoHolder@ATL@@QEAAJAEBU_GUID@@PEAPEA_WIKPEAJ@Z 0000000180007ef4 f i PINPad.obj
 0001:0000706c       ?GetPagesHelper@?$ISpecifyPropertyPagesImpl@VCOPOSPINPad@@@ATL@@IEAAJPEAUtagCAUUID@@PEBUATL_PROPMAP_ENTRY@2@@Z 000000018000806c f i PINPad.obj
 0001:0000720c       ?GetSizeMax@CComVariant@ATL@@QEBAJPEAT_ULARGE_INTEGER@@@Z 000000018000820c f i PINPad.obj
 0001:00007440       ?GetTI@CComTypeInfoHolder@ATL@@QEAAJK@Z 0000000180008440 f i PINPad.obj
 0001:000076b8       ?GetZoomInfo@CComControlBase@ATL@@QEAAXAEAUATL_DRAWINFO@@@Z 00000001800086b8 f i PINPad.obj
 0001:0000775c       ?HKeyFromString@CRegParser@ATL@@KAPEAUHKEY__@@PEA_W@Z 000000018000875c f i PINPad.obj
 0001:000077c0       ?IDataObject_GetData@CComControlBase@ATL@@QEAAJPEAUtagFORMATETC@@PEAUtagSTGMEDIUM@@@Z 00000001800087c0 f i PINPad.obj
 0001:000079b4       ?IOleInPlaceObject_InPlaceDeactivate@CComControlBase@ATL@@QEAAJXZ 00000001800089b4 f i PINPad.obj
 0001:00007a54       ?IOleInPlaceObject_SetObjectRects@CComControlBase@ATL@@QEAAJPEBUtagRECT@@0@Z 0000000180008a54 f i PINPad.obj
 0001:00007b44       ?IOleInPlaceObject_UIDeactivate@CComControlBase@ATL@@QEAAJXZ 0000000180008b44 f i PINPad.obj
 0001:00007c50       ?IOleObject_Close@CComControlBase@ATL@@QEAAJK@Z 0000000180008c50 f i PINPad.obj
 0001:00007d68       ?IOleObject_SetClientSite@CComControlBase@ATL@@QEAAJPEAUIOleClientSite@@@Z 0000000180008d68 f i PINPad.obj
 0001:00007de0       ?IOleObject_SetExtent@CComControlBase@ATL@@QEAAJKPEAUtagSIZE@@@Z 0000000180008de0 f i PINPad.obj
 0001:00007e78       ?IPSI_GetIPersistStreamInit@?$IPersistStorageImpl@VCOPOSPINPad@@@ATL@@AEAAPEAUIPersistStreamInit@@XZ 0000000180008e78 f i PINPad.obj
 0001:00007ed4       ?IQuickActivate_QuickActivate@CComControlBase@ATL@@QEAAJPEAUtagQACONTAINER@@PEAUtagQACONTROL@@@Z 0000000180008ed4 f i PINPad.obj
 0001:00008198       ?IViewObject_Draw@CComControlBase@ATL@@QEAAJKJPEAXPEAUtagDVTARGETDEVICE@@PEAUHDC__@@2PEBU_RECTL@@3@Z 0000000180009198 f i PINPad.obj
 0001:000082ac       ?InPlaceActivate@CComControlBase@ATL@@QEAAJJPEBUtagRECT@@@Z 00000001800092ac f i PINPad.obj
 0001:000085e4       ?Init@?$CComEnumImpl@UIEnumConnectionPoints@@$1?_GUID_b196b285_bab4_101a_b69c_00aa00341d07@@3U__s_GUID@@BPEAUIConnectionPoint@@V?$_CopyInterface@UIConnectionPoint@@@ATL@@@ATL@@QEAAJPEAPEAUIConnectionPoint@@0PEAUIUnknown@@W4CComEnumFlags@2@@Z 00000001800095e4 f i PINPad.obj
 0001:00008704       ?Init@?$CComEnumImpl@UIEnumConnections@@$1?_GUID_b196b287_bab4_101a_b69c_00aa00341d07@@3U__s_GUID@@BUtagCONNECTDATA@@V?$_Copy@UtagCONNECTDATA@@@ATL@@@ATL@@QEAAJPEAUtagCONNECTDATA@@0PEAUIUnknown@@W4CComEnumFlags@2@@Z 0000000180009704 f i PINPad.obj
 0001:00008828       ?IsEqualObject@?$CComPtrBase@UITypeInfo@@@ATL@@QEAA_NPEAUIUnknown@@@Z 0000000180009828 f i PINPad.obj
 0001:00008828       ?IsEqualObject@?$CComPtrBase@UIOleClientSite@@@ATL@@QEAA_NPEAUIUnknown@@@Z 0000000180009828 f i PINPad.obj
 0001:000088b4       ?LoadNameCache@CComTypeInfoHolder@ATL@@QEAAJPEAUITypeInfo@@@Z 00000001800098b4 f i PINPad.obj
 0001:00008a38       ?Lookup@?$CSimpleMap@PEA_WPEA_WVCExpansionVectorEqualHelper@ATL@@@ATL@@QEBAPEA_WAEBQEA_W@Z 0000000180009a38 f i PINPad.obj
 0001:00008ac4       ?NextToken@CRegParser@ATL@@IEAAJPEA_W@Z 0000000180009ac4 f i PINPad.obj
 0001:00008c7c       ?OnKillFocus@CComControlBase@ATL@@QEAA_JI_K_JAEAH@Z 0000000180009c7c f i PINPad.obj
 0001:00008d18       ?OnMouseActivate@CComControlBase@ATL@@QEAA_JI_K_JAEAH@Z 0000000180009d18 f i PINPad.obj
 0001:00008db8       ?OnPaint@CComControlBase@ATL@@QEAA_JI_K_JAEAH@Z 0000000180009db8 f i PINPad.obj
 0001:00008ea4       ?OnSetFocus@CComControlBase@ATL@@QEAA_JI_K_JAEAH@Z 0000000180009ea4 f i PINPad.obj
 0001:00008fa0       ?Open@CRegKey@ATL@@QEAAJPEAUHKEY__@@PEB_WK@Z 0000000180009fa0 f i PINPad.obj
 0001:0000902c       ?PreProcessBuffer@CRegParser@ATL@@QEAAJPEA_WPEAPEA_W@Z 000000018000a02c f i PINPad.obj
 0001:000093b0       ?ProcessWindowMessage@?$CComControl@VCOPOSPINPad@@V?$CWindowImpl@VCOPOSPINPad@@VCWindow@ATL@@V?$CWinTraits@$0FGAAAAAA@$0A@@3@@ATL@@@ATL@@UEAAHPEAUHWND__@@I_K_JAEA_JK@Z 000000018000a3b0 f i PINPad.obj
 0001:00009494       ?PutProperty@?$CComPtr@UIDispatch@@@ATL@@SAJPEAUIDispatch@@JPEAUtagVARIANT@@@Z 000000018000a494 f i PINPad.obj
 0001:00009598       ?ReadFromStream@CComBSTR@ATL@@QEAAJPEAUIStream@@@Z 000000018000a598 f i PINPad.obj
 0001:000096f4       ?ReadFromStream@CComVariant@ATL@@QEAAJPEAUIStream@@GTClassesAllowedInStream@2@K@Z 000000018000a6f4 f i PINPad.obj
 0001:00009904       ?RecurseDeleteKey@CRegKey@ATL@@QEAAJPEB_W@Z 000000018000a904 f i PINPad.obj
 0001:00009a10       ?RegCreateKeyExW@CAtlTransactionManager@ATL@@QEAAJPEAUHKEY__@@PEB_WKPEA_WKKQEAU_SECURITY_ATTRIBUTES@@PEAPEAU3@PEAK@Z 000000018000aa10 f i PINPad.obj
 0001:00009b44       ?RegDeleteKeyW@CAtlTransactionManager@ATL@@QEAAJPEAUHKEY__@@PEB_W@Z 000000018000ab44 f i PINPad.obj
 0001:00009bd0       ?RegOpenKeyExW@CAtlTransactionManager@ATL@@QEAAJPEAUHKEY__@@PEB_WKKPEAPEAU3@@Z 000000018000abd0 f i PINPad.obj
 0001:00009c88       ?RegisterBuffer@CRegParser@ATL@@QEAAJPEA_WH@Z 000000018000ac88 f i PINPad.obj
 0001:00009df0       ?RegisterFromResource@CRegObject@ATL@@IEAAJPEB_W00H@Z 000000018000adf0 f i PINPad.obj
 0001:00009fac       ?RegisterServer@CComModule@ATL@@QEAAJHPEBU_GUID@@@Z 000000018000afac f i PINPad.obj
 0001:0000a06c       ?RegisterSubkeys@CRegParser@ATL@@IEAAJPEA_WPEAUHKEY__@@HH@Z 000000018000b06c f i PINPad.obj
 0001:0000a760       ?SendOnDataChange@CComControlBase@ATL@@QEAAJK@Z 000000018000b760 f i PINPad.obj
 0001:0000a7d0       ?SetControlFocus@CComControlBase@ATL@@QEAAHH@Z 000000018000b7d0 f i PINPad.obj
 0001:0000a8ac       ?SkipAssignment@CRegParser@ATL@@IEAAJPEA_W@Z 000000018000b8ac f i PINPad.obj
 0001:0000a950       ?Term@CComModule@ATL@@QEAAXXZ 000000018000b950 f i PINPad.obj
 0001:0000a9fc       ?UnregisterServer@CComModule@ATL@@QEAAJHPEBU_GUID@@@Z 000000018000b9fc f i PINPad.obj
 0001:0000aaac       ?UpdateRegistryFromResource@CAtlModule@ATL@@QEAAJIHPEAU_ATL_REGMAP_ENTRY@2@@Z 000000018000baac f i PINPad.obj
 0001:0000ade4       ?UpdateRegistryFromResource@CAtlModule@ATL@@QEAAJPEB_WHPEAU_ATL_REGMAP_ENTRY@2@@Z 000000018000bde4 f i PINPad.obj
 0001:0000b13c       ?VTFromRegType@CRegParser@ATL@@KAHPEB_WAEAG@Z 000000018000c13c f i PINPad.obj
 0001:0000b1d8       ?WindowProc@?$CWindowImplBaseT@VCWindow@ATL@@V?$CWinTraits@$0FGAAAAAA@$0A@@2@@ATL@@SA_JPEAUHWND__@@I_K_J@Z 000000018000c1d8 f i PINPad.obj
 0001:0000b344       ?WriteToStream@CComBSTR@ATL@@QEAAJPEAUIStream@@@Z 000000018000c344 f i PINPad.obj
 0001:0000b3c4       ?WriteToStream@CComVariant@ATL@@QEAAJPEAUIStream@@@Z 000000018000c3c4 f i PINPad.obj
 0001:0000b5d8       ?WriteToStream@CComVariant@ATL@@QEAAJPEAUIStream@@G@Z 000000018000c5d8 f i PINPad.obj
 0001:0000b670       ?_AtlVerifyStackAvailable@_ATL_SAFE_ALLOCA_IMPL@ATL@@YA_N_K@Z 000000018000c670 f i PINPad.obj
 0001:0000b6f4       ?atlCreate@?$CWindowImpl@VCOPOSPINPad@@VCWindow@ATL@@V?$CWinTraits@$0FGAAAAAA@$0A@@3@@ATL@@QEAAPEAUHWND__@@PEAU3@V_U_RECT@2@PEB_WKKV_U_MENUorID@2@PEAX@Z 000000018000c6f4 f i PINPad.obj
 0001:0000b7a4       ?atlCreate@?$CWindowImplBaseT@VCWindow@ATL@@V?$CWinTraits@$0FGAAAAAA@$0A@@2@@ATL@@QEAAPEAUHWND__@@PEAU3@V_U_RECT@2@PEB_WKKV_U_MENUorID@2@GPEAX@Z 000000018000c7a4 f i PINPad.obj
 0001:0000b914       ?atlCreate@CRegKey@ATL@@QEAAJPEAUHKEY__@@PEB_WPEA_WKKPEAU_SECURITY_ATTRIBUTES@@PEAK@Z 000000018000c914 f i PINPad.obj
 0001:0000ba00       DllCanUnloadNow            000000018000ca00 f   PINPad.obj
 0001:0000ba0c       DllGetClassObject          000000018000ca0c f   PINPad.obj
 0001:0000ba24       DllMain                    000000018000ca24 f   PINPad.obj
 0001:0000bacc       DllRegisterServer          000000018000cacc f   PINPad.obj
 0001:0000bae0       DllUnregisterServer        000000018000cae0 f   PINPad.obj
 0001:0000baf4       __local_stdio_printf_options 000000018000caf4 f i PINPad.obj
 0001:0000bb84       swprintf_s                 000000018000cb84 f i PINPad.obj
 0001:0000bbd8       ??0COPOSPINPad@@QEAA@XZ    000000018000cbd8 f   PINPadImpl.obj
 0001:0000bca0       ??1?$IConnectionPointImpl@VCOPOSPINPad@@$1?IID_IPropertyNotifySink@@3U_GUID@@BVCComDynamicUnkArray@ATL@@@ATL@@QEAA@XZ 000000018000cca0 f i PINPadImpl.obj
 0001:0000bca0       ??1?$IConnectionPointImpl@VCOPOSPINPad@@$1?DIID__IOPOSPINPadEvents@@3U_GUID@@BVCComDynamicUnkArray@ATL@@@ATL@@QEAA@XZ 000000018000cca0 f i PINPadImpl.obj
 0001:0000bcfc       ??1CComControlBase@ATL@@UEAA@XZ 000000018000ccfc f i PINPadImpl.obj
 0001:0000bd78       ??1COPOSPINPad@@UEAA@XZ    000000018000cd78 f   PINPadImpl.obj
 0001:0000bddc       ?BeginEFTTransaction@COPOSPINPad@@UEAAJPEA_WJPEAJ@Z 000000018000cddc f   PINPadImpl.obj
 0001:0000beb4       ?CheckHealth@COPOSPINPad@@UEAAJJPEAJ@Z 000000018000ceb4 f   PINPadImpl.obj
 0001:0000bf30       ?ClaimDevice@COPOSPINPad@@UEAAJJPEAJ@Z 000000018000cf30 f   PINPadImpl.obj
 0001:0000bfd0       ?ClearInput@COPOSPINPad@@UEAAJPEAJ@Z 000000018000cfd0 f   PINPadImpl.obj
 0001:0000bff8       ?ClearInputProperties@COPOSPINPad@@UEAAJPEAJ@Z 000000018000cff8 f   PINPadImpl.obj
 0001:0000c020       ?Close@COPOSPINPad@@UEAAJPEAJ@Z 000000018000d020 f   PINPadImpl.obj
 0001:0000c0d8       ?CompareFirmwareVersion@COPOSPINPad@@UEAAJPEA_WPEAJ1@Z 000000018000d0d8 f   PINPadImpl.obj
 0001:0000c1b4       ?ComputeMAC@COPOSPINPad@@UEAAJPEA_WPEAPEA_WPEAJ@Z 000000018000d1b4 f   PINPadImpl.obj
 0001:0000c290       ?DirectIO@COPOSPINPad@@UEAAJJPEAJPEAPEA_W0@Z 000000018000d290 f   PINPadImpl.obj
 0001:0000c38c       ?DoInvoke@COPOSPINPad@@IEAAJJPEAVOposVariant@@IHPEAJ_N@Z 000000018000d38c f   PINPadImpl.obj
 0001:0000c4c0       ?EnablePINEntry@COPOSPINPad@@UEAAJPEAJ@Z 000000018000d4c0 f   PINPadImpl.obj
 0001:0000c4e8       ?EndEFTTransaction@COPOSPINPad@@UEAAJJPEAJ@Z 000000018000d4e8 f   PINPadImpl.obj
 0001:0000c564       ?EventInit@COPOSPINPad@@IEAAJXZ 000000018000d564 f i PINPadImpl.obj
 0001:0000c6ac       ?EventUninit@COPOSPINPad@@IEAAXXZ 000000018000d6ac f i PINPadImpl.obj
 0001:0000c710       ?EventWindowProc@COPOSPINPad@@IEAA_JI_K_J@Z 000000018000d710 f i PINPadImpl.obj
 0001:0000c89c       ?FinalConstruct@COPOSPINPad@@QEAAJXZ 000000018000d89c f   PINPadImpl.obj
 0001:0000c8d8       ?FreezeEvents@COPOSPINPad@@MEAAJH@Z 000000018000d8d8 f   PINPadImpl.obj
 0001:0000c94c       ?GetOposProp@COPOSPINPad@@IEAAJJPEAJJ@Z 000000018000d94c f   PINPadImpl.obj
 0001:0000ca68       ?GetOposProp@COPOSPINPad@@IEAAJJPEAPEA_WJ@Z 000000018000da68 f   PINPadImpl.obj
 0001:0000cb94       ?OnDraw@COPOSPINPad@@MEAAJAEAUATL_DRAWINFO@@@Z 000000018000db94 f   PINPadImpl.obj
 0001:0000cc80       ?Open@COPOSPINPad@@UEAAJPEA_WPEAJ@Z 000000018000dc80 f   PINPadImpl.obj
 0001:0000d4fc       ?ReleaseDevice@COPOSPINPad@@UEAAJPEAJ@Z 000000018000e4fc f   PINPadImpl.obj
 0001:0000d568       ?ResetStatistics@COPOSPINPad@@UEAAJPEA_WPEAJ@Z 000000018000e568 f   PINPadImpl.obj
 0001:0000d5f0       ?RetrieveStatistics@COPOSPINPad@@UEAAJPEAPEA_WPEAJ@Z 000000018000e5f0 f   PINPadImpl.obj
 0001:0000d678       ?SOProcessID@COPOSPINPad@@UEAAJPEAJ@Z 000000018000e678 f   PINPadImpl.obj
 0001:0000d694       ?SetCOFreezeEvents@COPOSPINPad@@IEAAXF@Z 000000018000e694 f   PINPadImpl.obj
 0001:0000d778       ?SetOposProp@COPOSPINPad@@IEAAJJJJ@Z 000000018000e778 f   PINPadImpl.obj
 0001:0000d8d8       ?SetOposProp@COPOSPINPad@@IEAAJJPEA_WJ@Z 000000018000e8d8 f   PINPadImpl.obj
 0001:0000da30       ?UpdateFirmware@COPOSPINPad@@UEAAJPEA_WPEAJ@Z 000000018000ea30 f   PINPadImpl.obj
 0001:0000dab8       ?UpdateKey@COPOSPINPad@@UEAAJJPEA_WPEAJ@Z 000000018000eab8 f   PINPadImpl.obj
 0001:0000db90       ?UpdateStatistics@COPOSPINPad@@UEAAJPEA_WPEAJ@Z 000000018000eb90 f   PINPadImpl.obj
 0001:0000dc18       ?VerifyMAC@COPOSPINPad@@UEAAJPEA_WPEAJ@Z 000000018000ec18 f   PINPadImpl.obj
 0001:0000dca0       ?get_AccountNumber@COPOSPINPad@@UEAAJPEAPEA_W@Z 000000018000eca0 f   PINPadImpl.obj
 0001:0000dcb4       ?get_AdditionalSecurityInformation@COPOSPINPad@@UEAAJPEAPEA_W@Z 000000018000ecb4 f   PINPadImpl.obj
 0001:0000dcc8       ?get_Amount@COPOSPINPad@@UEAAJPEATtagCY@@@Z 000000018000ecc8 f   PINPadImpl.obj
 0001:0000dd98       ?get_AvailableLanguagesList@COPOSPINPad@@UEAAJPEAPEA_W@Z 000000018000ed98 f   PINPadImpl.obj
 0001:0000ddac       ?get_AvailablePromptsList@COPOSPINPad@@UEAAJPEAPEA_W@Z 000000018000edac f   PINPadImpl.obj
 0001:0000ddc0       ?get_BinaryConversion@COPOSPINPad@@UEAAJPEAJ@Z 000000018000edc0 f   PINPadImpl.obj
 0001:0000ddd4       ?get_CapCompareFirmwareVersion@COPOSPINPad@@UEAAJPEAF@Z 000000018000edd4 f   PINPadImpl.obj
 0001:0000de08       ?get_CapDisplay@COPOSPINPad@@UEAAJPEAJ@Z 000000018000ee08 f   PINPadImpl.obj
 0001:0000de1c       ?get_CapKeyboard@COPOSPINPad@@UEAAJPEAF@Z 000000018000ee1c f   PINPadImpl.obj
 0001:0000de50       ?get_CapLanguage@COPOSPINPad@@UEAAJPEAJ@Z 000000018000ee50 f   PINPadImpl.obj
 0001:0000de64       ?get_CapMACCalculation@COPOSPINPad@@UEAAJPEAF@Z 000000018000ee64 f   PINPadImpl.obj
 0001:0000de98       ?get_CapPowerReporting@COPOSPINPad@@UEAAJPEAJ@Z 000000018000ee98 f   PINPadImpl.obj
 0001:0000deac       ?get_CapStatisticsReporting@COPOSPINPad@@UEAAJPEAF@Z 000000018000eeac f   PINPadImpl.obj
 0001:0000dee0       ?get_CapTone@COPOSPINPad@@UEAAJPEAF@Z 000000018000eee0 f   PINPadImpl.obj
 0001:0000df14       ?get_CapUpdateFirmware@COPOSPINPad@@UEAAJPEAF@Z 000000018000ef14 f   PINPadImpl.obj
 0001:0000df48       ?get_CapUpdateStatistics@COPOSPINPad@@UEAAJPEAF@Z 000000018000ef48 f   PINPadImpl.obj
 0001:0000df7c       ?get_CheckHealthText@COPOSPINPad@@UEAAJPEAPEA_W@Z 000000018000ef7c f   PINPadImpl.obj
 0001:0000df90       ?get_Claimed@COPOSPINPad@@UEAAJPEAF@Z 000000018000ef90 f   PINPadImpl.obj
 0001:0000dfc4       ?get_ControlObjectDescription@COPOSPINPad@@UEAAJPEAPEA_W@Z 000000018000efc4 f   PINPadImpl.obj
 0001:0000e028       ?get_ControlObjectVersion@COPOSPINPad@@UEAAJPEAJ@Z 000000018000f028 f   PINPadImpl.obj
 0001:0000e034       ?get_DataCount@COPOSPINPad@@UEAAJPEAJ@Z 000000018000f034 f   PINPadImpl.obj
 0001:0000e048       ?get_DataEventEnabled@COPOSPINPad@@UEAAJPEAF@Z 000000018000f048 f   PINPadImpl.obj
 0001:0000e07c       ?get_DeviceDescription@COPOSPINPad@@UEAAJPEAPEA_W@Z 000000018000f07c f   PINPadImpl.obj
 0001:0000e090       ?get_DeviceEnabled@COPOSPINPad@@UEAAJPEAF@Z 000000018000f090 f   PINPadImpl.obj
 0001:0000e0c0       ?get_DeviceName@COPOSPINPad@@UEAAJPEAPEA_W@Z 000000018000f0c0 f   PINPadImpl.obj
 0001:0000e0d4       ?get_EncryptedPIN@COPOSPINPad@@UEAAJPEAPEA_W@Z 000000018000f0d4 f   PINPadImpl.obj
 0001:0000e0e8       ?get_FreezeEvents@COPOSPINPad@@UEAAJPEAF@Z 000000018000f0e8 f   PINPadImpl.obj
 0001:0000e118       ?get_MaximumPINLength@COPOSPINPad@@UEAAJPEAJ@Z 000000018000f118 f   PINPadImpl.obj
 0001:0000e12c       ?get_MerchantID@COPOSPINPad@@UEAAJPEAPEA_W@Z 000000018000f12c f   PINPadImpl.obj
 0001:0000e140       ?get_MinimumPINLength@COPOSPINPad@@UEAAJPEAJ@Z 000000018000f140 f   PINPadImpl.obj
 0001:0000e154       ?get_OpenResult@COPOSPINPad@@UEAAJPEAJ@Z 000000018000f154 f   PINPadImpl.obj
 0001:0000e160       ?get_PINEntryEnabled@COPOSPINPad@@UEAAJPEAF@Z 000000018000f160 f   PINPadImpl.obj
 0001:0000e194       ?get_PowerNotify@COPOSPINPad@@UEAAJPEAJ@Z 000000018000f194 f   PINPadImpl.obj
 0001:0000e1a8       ?get_PowerState@COPOSPINPad@@UEAAJPEAJ@Z 000000018000f1a8 f   PINPadImpl.obj
 0001:0000e1bc       ?get_Prompt@COPOSPINPad@@UEAAJPEAJ@Z 000000018000f1bc f   PINPadImpl.obj
 0001:0000e1d0       ?get_PromptLanguage@COPOSPINPad@@UEAAJPEAJ@Z 000000018000f1d0 f   PINPadImpl.obj
 0001:0000e1e4       ?get_ResultCode@COPOSPINPad@@UEAAJPEAJ@Z 000000018000f1e4 f   PINPadImpl.obj
 0001:0000e220       ?get_ResultCodeExtended@COPOSPINPad@@UEAAJPEAJ@Z 000000018000f220 f   PINPadImpl.obj
 0001:0000e234       ?get_ServiceObjectDescription@COPOSPINPad@@UEAAJPEAPEA_W@Z 000000018000f234 f   PINPadImpl.obj
 0001:0000e248       ?get_ServiceObjectVersion@COPOSPINPad@@UEAAJPEAJ@Z 000000018000f248 f   PINPadImpl.obj
 0001:0000e25c       ?get_State@COPOSPINPad@@UEAAJPEAJ@Z 000000018000f25c f   PINPadImpl.obj
 0001:0000e288       ?get_TerminalID@COPOSPINPad@@UEAAJPEAPEA_W@Z 000000018000f288 f   PINPadImpl.obj
 0001:0000e29c       ?get_Track1Data@COPOSPINPad@@UEAAJPEAPEA_W@Z 000000018000f29c f   PINPadImpl.obj
 0001:0000e2b0       ?get_Track2Data@COPOSPINPad@@UEAAJPEAPEA_W@Z 000000018000f2b0 f   PINPadImpl.obj
 0001:0000e2c4       ?get_Track3Data@COPOSPINPad@@UEAAJPEAPEA_W@Z 000000018000f2c4 f   PINPadImpl.obj
 0001:0000e2d8       ?get_Track4Data@COPOSPINPad@@UEAAJPEAPEA_W@Z 000000018000f2d8 f   PINPadImpl.obj
 0001:0000e2ec       ?get_TransactionType@COPOSPINPad@@UEAAJPEAJ@Z 000000018000f2ec f   PINPadImpl.obj
 0001:0000e300       ?put_AccountNumber@COPOSPINPad@@UEAAJPEA_W@Z 000000018000f300 f   PINPadImpl.obj
 0001:0000e314       ?put_Amount@COPOSPINPad@@UEAAJTtagCY@@@Z 000000018000f314 f   PINPadImpl.obj
 0001:0000e400       ?put_BinaryConversion@COPOSPINPad@@UEAAJJ@Z 000000018000f400 f   PINPadImpl.obj
 0001:0000e414       ?put_DataEventEnabled@COPOSPINPad@@UEAAJF@Z 000000018000f414 f   PINPadImpl.obj
 0001:0000e42c       ?put_DeviceEnabled@COPOSPINPad@@UEAAJF@Z 000000018000f42c f   PINPadImpl.obj
 0001:0000e444       ?put_FreezeEvents@COPOSPINPad@@UEAAJF@Z 000000018000f444 f   PINPadImpl.obj
 0001:0000e494       ?put_MaximumPINLength@COPOSPINPad@@UEAAJJ@Z 000000018000f494 f   PINPadImpl.obj
 0001:0000e4a8       ?put_MerchantID@COPOSPINPad@@UEAAJPEA_W@Z 000000018000f4a8 f   PINPadImpl.obj
 0001:0000e4bc       ?put_MinimumPINLength@COPOSPINPad@@UEAAJJ@Z 000000018000f4bc f   PINPadImpl.obj
 0001:0000e4d0       ?put_PowerNotify@COPOSPINPad@@UEAAJJ@Z 000000018000f4d0 f   PINPadImpl.obj
 0001:0000e4e4       ?put_Prompt@COPOSPINPad@@UEAAJJ@Z 000000018000f4e4 f   PINPadImpl.obj
 0001:0000e4f8       ?put_PromptLanguage@COPOSPINPad@@UEAAJJ@Z 000000018000f4f8 f   PINPadImpl.obj
 0001:0000e50c       ?put_TerminalID@COPOSPINPad@@UEAAJPEA_W@Z 000000018000f50c f   PINPadImpl.obj
 0001:0000e520       ?put_Track1Data@COPOSPINPad@@UEAAJPEA_W@Z 000000018000f520 f   PINPadImpl.obj
 0001:0000e534       ?put_Track2Data@COPOSPINPad@@UEAAJPEA_W@Z 000000018000f534 f   PINPadImpl.obj
 0001:0000e548       ?put_Track3Data@COPOSPINPad@@UEAAJPEA_W@Z 000000018000f548 f   PINPadImpl.obj
 0001:0000e55c       ?put_Track4Data@COPOSPINPad@@UEAAJPEA_W@Z 000000018000f55c f   PINPadImpl.obj
 0001:0000e570       ?put_TransactionType@COPOSPINPad@@UEAAJJ@Z 000000018000f570 f   PINPadImpl.obj
 0001:0000e584       ?s_EventWindowProc@COPOSPINPad@@KA_JPEAUHWND__@@I_K_J@Z 000000018000f584 f i PINPadImpl.obj
 0001:0000e600       ??_U@YAPEAX_K@Z            000000018000f600 f   LIBCMT:new_array.obj
 0001:0000e608       ??3@YAXPEAX_K@Z            000000018000f608 f   LIBCMT:delete_scalar_size.obj
 0001:0000e608       ??_V@YAXPEAX@Z             000000018000f608 f   LIBCMT:delete_array.obj
 0001:0000e610       ??_V@YAXPEAX_K@Z           000000018000f610 f   LIBCMT:delete_array_size.obj
 0001:0000e618       __scrt_acquire_startup_lock 000000018000f618 f   LIBCMT:utility.obj
 0001:0000e654       __scrt_dllmain_after_initialize_c 000000018000f654 f   LIBCMT:utility.obj
 0001:0000e688       __scrt_dllmain_before_initialize_c 000000018000f688 f   LIBCMT:utility.obj
 0001:0000e6a0       __scrt_dllmain_crt_thread_attach 000000018000f6a0 f   LIBCMT:utility.obj
 0001:0000e6c8       __scrt_dllmain_crt_thread_detach 000000018000f6c8 f   LIBCMT:utility.obj
 0001:0000e6e0       __scrt_dllmain_exception_filter 000000018000f6e0 f   LIBCMT:utility.obj
 0001:0000e740       __scrt_dllmain_uninitialize_c 000000018000f740 f   LIBCMT:utility.obj
 0001:0000e770       __scrt_dllmain_uninitialize_critical 000000018000f770 f   LIBCMT:utility.obj
 0001:0000e784       __scrt_initialize_crt      000000018000f784 f   LIBCMT:utility.obj
 0001:0000e7d0       __scrt_initialize_onexit_tables 000000018000f7d0 f   LIBCMT:utility.obj
 0001:0000e85c       __scrt_is_nonwritable_in_current_image 000000018000f85c f   LIBCMT:utility.obj
 0001:0000e8f4       __scrt_release_startup_lock 000000018000f8f4 f   LIBCMT:utility.obj
 0001:0000e918       __scrt_uninitialize_crt    000000018000f918 f   LIBCMT:utility.obj
 0001:0000e944       _onexit                    000000018000f944 f   LIBCMT:utility.obj
 0001:0000e980       atexit                     000000018000f980 f   LIBCMT:utility.obj
 0001:0000e998       ??3@YAXPEAX@Z              000000018000f998 f   LIBCMT:delete_scalar.obj
 0001:0000ea98       _Init_thread_footer        000000018000fa98 f   LIBCMT:thread_safe_statics.obj
 0001:0000eaf8       _Init_thread_header        000000018000faf8 f   LIBCMT:thread_safe_statics.obj
 0001:0000eb60       _Init_thread_notify        000000018000fb60 f   LIBCMT:thread_safe_statics.obj
 0001:0000eba4       _Init_thread_wait          000000018000fba4 f   LIBCMT:thread_safe_statics.obj
 0001:0000ec08       __raise_securityfailure    000000018000fc08 f   LIBCMT:gs_report.obj
 0001:0000ec3c       __report_gsfailure         000000018000fc3c f   LIBCMT:gs_report.obj
 0001:0000ed10       __report_rangecheckfailure 000000018000fd10 f   LIBCMT:gs_report.obj
 0001:0000ed24       __report_securityfailure   000000018000fd24 f   LIBCMT:gs_report.obj
 0001:0000eea4       ??2@YAPEAX_KAEBUnothrow_t@std@@@Z 000000018000fea4 f   LIBCMT:new_scalar_nothrow.obj
 0001:0000eec4       ??_U@YAPEAX_KAEBUnothrow_t@std@@@Z 000000018000fec4 f   LIBCMT:new_array_nothrow.obj
 0001:0000eecc       __GSHandlerCheck           000000018000fecc f   LIBCMT:gshandler.obj
 0001:0000eeec       __GSHandlerCheckCommon     000000018000feec f   LIBCMT:gshandler.obj
 0001:0000ef48       __GSHandlerCheck_SEH       000000018000ff48 f   LIBCMT:gshandlerseh.obj
 0001:0000efe0       _alloca_probe              000000018000ffe0 f   LIBCMT:chkstk.obj
 0001:0000efe0       __chkstk                   000000018000ffe0 f   LIBCMT:chkstk.obj
 0001:0000f050       __security_check_cookie    0000000180010050 f   LIBCMT:amdsecgs.obj
 0001:0000f394       _DllMainCRTStartup         0000000180010394 f   LIBCMT:dll_dllmain.obj
 0001:0000f3d4       ??2@YAPEAX_K@Z             00000001800103d4 f   LIBCMT:new_scalar.obj
 0001:0000f410       __isa_available_init       0000000180010410 f   LIBCMT:cpu_disp.obj
 0001:0000f58c       __scrt_is_ucrt_dll_in_use  000000018001058c f   LIBCMT:ucrt_detection.obj
 0001:0000f598       __crt_debugger_hook        0000000180010598 f   LIBCMT:utility_desktop.obj
 0001:0000f5a0       __scrt_fastfail            00000001800105a0 f   LIBCMT:utility_desktop.obj
 0001:0000f6ec       __security_init_cookie     00000001800106ec f   LIBCMT:gs_support.obj
 0001:0000f798       ?__scrt_initialize_type_info@@YAXXZ 0000000180010798 f   LIBCMT:tncleanup.obj
 0001:0000f7a8       ?__scrt_uninitialize_type_info@@YAXXZ 00000001800107a8 f   LIBCMT:tncleanup.obj
 0001:0000f7b4       __local_stdio_scanf_options 00000001800107b4 f i LIBCMT:default_local_stdio_options.obj
 0001:0000f7bc       __scrt_initialize_default_local_stdio_options 00000001800107bc f   LIBCMT:default_local_stdio_options.obj
 0001:0000f7d8       __scrt_get_dyn_tls_init_callback 00000001800107d8 f   LIBCMT:dyn_tls_init.obj
 0001:0000f7e0       _RTC_Initialize            00000001800107e0 f   LIBCMT:initsect.obj
 0001:0000f81c       _RTC_Terminate             000000018001081c f   LIBCMT:initsect.obj
 0001:0000f858       ??0bad_alloc@std@@QEAA@AEBV01@@Z 0000000180010858 f i LIBCMT:throw_bad_alloc.obj
 0001:0000f894       ??0bad_alloc@std@@QEAA@XZ  0000000180010894 f i LIBCMT:throw_bad_alloc.obj
 0001:0000f8b4       ??0bad_array_new_length@std@@QEAA@AEBV01@@Z 00000001800108b4 f i LIBCMT:throw_bad_alloc.obj
 0001:0000f8f0       ??0bad_array_new_length@std@@QEAA@XZ 00000001800108f0 f i LIBCMT:throw_bad_alloc.obj
 0001:0000f910       ??0exception@std@@QEAA@AEBV01@@Z 0000000180010910 f i LIBCMT:throw_bad_alloc.obj
 0001:0000f944       ??1bad_array_new_length@std@@UEAA@XZ 0000000180010944 f i LIBCMT:throw_bad_alloc.obj
 0001:0000f944       ??1bad_alloc@std@@UEAA@XZ  0000000180010944 f i LIBCMT:throw_bad_alloc.obj
 0001:0000f944       ??1bad_exception@std@@UEAA@XZ 0000000180010944 f i libvcruntime:frame.obj
 0001:0000f958       ??_Gbad_array_new_length@std@@UEAAPEAXI@Z 0000000180010958 f i LIBCMT:throw_bad_alloc.obj
 0001:0000f958       ??_Gbad_alloc@std@@UEAAPEAXI@Z 0000000180010958 f i LIBCMT:throw_bad_alloc.obj
 0001:0000f958       ??_Gbad_exception@std@@UEAAPEAXI@Z 0000000180010958 f i libvcruntime:frame.obj
 0001:0000f958       ??_Eexception@std@@UEAAPEAXI@Z 0000000180010958 f i LIBCMT:throw_bad_alloc.obj
 0001:0000f958       ??_Gexception@std@@UEAAPEAXI@Z 0000000180010958 f i LIBCMT:throw_bad_alloc.obj
 0001:0000f958       ??_Ebad_alloc@std@@UEAAPEAXI@Z 0000000180010958 f i LIBCMT:throw_bad_alloc.obj
 0001:0000f958       ??_Ebad_array_new_length@std@@UEAAPEAXI@Z 0000000180010958 f i LIBCMT:throw_bad_alloc.obj
 0001:0000f958       ??_Ebad_exception@std@@UEAAPEAXI@Z 0000000180010958 f i libvcruntime:frame.obj
 0001:0000f99c       ?__scrt_throw_std_bad_alloc@@YAXXZ 000000018001099c f   LIBCMT:throw_bad_alloc.obj
 0001:0000f9bc       ?__scrt_throw_std_bad_array_new_length@@YAXXZ 00000001800109bc f   LIBCMT:throw_bad_alloc.obj
 0001:0000f9dc       ?what@exception@std@@UEBAPEBDXZ 00000001800109dc f i LIBCMT:throw_bad_alloc.obj
 0001:0000f9f0       ??_Etype_info@@UEAAPEAXI@Z 00000001800109f0 f i LIBCMT:std_type_info_static.obj
 0001:0000f9f0       ??_Gtype_info@@UEAAPEAXI@Z 00000001800109f0 f i LIBCMT:std_type_info_static.obj
 0001:0000fa1c       ??0CAtlBaseModule@ATL@@QEAA@XZ 0000000180010a1c f   atls:atlbase.obj
 0001:0000fac4       ??1CAtlBaseModule@ATL@@QEAA@XZ 0000000180010ac4 f   atls:atlbase.obj
 0001:0000fbf8       ?__AllocStdCallThunk_cmn@@YAPEAXXZ 0000000180010bf8 f   atls:atlthunk.obj
 0001:0000fd50       AtlThunk_AllocateData      0000000180010d50 f   atls:atlthunk.obj
 0001:0000fdcc       AtlThunk_DataToCode        0000000180010dcc f   atls:atlthunk.obj
 0001:0000fe20       AtlThunk_FreeData          0000000180010e20 f   atls:atlthunk.obj
 0001:0000fe80       AtlThunk_InitData          0000000180010e80 f   atls:atlthunk.obj
 0001:0000ff28       _purecall                  0000000180010f28 f   libvcruntime:purevirt.obj
 0001:0000ff44       wcsstr                     0000000180010f44 f   libvcruntime:wcsstr.obj
 0001:00010170       memcmp                     0000000180011170 f   libvcruntime:memcmp.obj
 0001:00010250       memcpy_repmovs             0000000180011250 f   libvcruntime:memcpy.obj
 0001:00010270       memcpy                     0000000180011270 f   libvcruntime:memcpy.obj
 0001:00010270       memmove                    0000000180011270 f   libvcruntime:memcpy.obj
 0001:00010660       memset_repmovs             0000000180011660 f   libvcruntime:memset.obj
 0001:00010680       memset                     0000000180011680 f   libvcruntime:memset.obj
 0001:00010810       __vcrt_initialize          0000000180011810 f   libvcruntime:initialization.obj
 0001:00010838       __vcrt_thread_attach       0000000180011838 f   libvcruntime:initialization.obj
 0001:0001084c       __vcrt_thread_detach       000000018001184c f   libvcruntime:initialization.obj
 0001:00010860       __vcrt_uninitialize        0000000180011860 f   libvcruntime:initialization.obj
 0001:0001087c       __vcrt_uninitialize_critical 000000018001187c f   libvcruntime:initialization.obj
 0001:0001088c       __C_specific_handler       000000018001188c f   libvcruntime:riscchandler.obj
 0001:00010a98       ??$_CallSETranslator@V__FrameHandler3@@@@YAHPEAUEHExceptionRecord@@PEA_KPEAU_CONTEXT@@PEAU_xDISPATCHER_CONTEXT@@PEBU_s_FuncInfo@@K1@Z 0000000180011a98 f i libvcruntime:risctrnsctrl.obj
 0001:00010aec       ?CatchTryBlock@__FrameHandler3@@SAPEBU_s_TryBlockMapEntry@@PEBU_s_FuncInfo@@H@Z 0000000180011aec f   libvcruntime:risctrnsctrl.obj
 0001:00010b40       ?ExecutionInCatch@__FrameHandler3@@SA_NPEAU_xDISPATCHER_CONTEXT@@PEBU_s_FuncInfo@@@Z 0000000180011b40 f   libvcruntime:risctrnsctrl.obj
[...]
 0004:00001818       $pdata$__acrt_SetThreadStackGuarantee 0000000180034818     libucrt:winapi_thunks.obj
 0004:00001824       $pdata$?try_get_function@@YAPEAXW4function_id@?A0x391cf84c@@QEBDQEBW4module_id@2@2@Z 0000000180034824     libucrt:winapi_thunks.obj
 0004:00001830       $pdata$wcstol              0000000180034830     libucrt:strtox.obj
 0004:0000183c       $pdata$_mbtowc_l           000000018003483c     libucrt:mbtowc.obj
 0004:00001848       $pdata$__acrt_update_locale_info 0000000180034848     libucrt:locale_update.obj
 0004:00001854       $pdata$__acrt_update_multibyte_info 0000000180034854     libucrt:locale_update.obj
 0004:00001860       $pdata$__acrt_fp_format    0000000180034860     libucrt:cvt.obj
 0004:0000186c       $pdata$?fp_format_e_internal@@YAHQEAD_KH_NIQEAU_strflt@@2QEAU__crt_locale_pointers@@@Z 000000018003486c     libucrt:cvt.obj
 0004:00001878       $pdata$?fp_format_e@@YAHQEBNQEAD_K12H_NIQEAU__crt_locale_pointers@@@Z 0000000180034878     libucrt:cvt.obj
 0004:00001884       $pdata$?fp_format_a@@YAHQEBNPEAD_KQEAD2H_NIQEAU__crt_locale_pointers@@@Z 0000000180034884     libucrt:cvt.obj
 0004:00001890       $pdata$?fp_format_f_internal@@YAHQEAD_KHQEAU_strflt@@_NQEAU__crt_locale_pointers@@@Z 0000000180034890     libucrt:cvt.obj
 0004:0000189c       $pdata$?fp_format_g@@YAHQEBNQEAD_K12H_NIQEAU__crt_locale_pointers@@@Z 000000018003489c     libucrt:cvt.obj
 0004:000018a8       $pdata$_fileno             00000001800348a8     libucrt:fileno.obj
 0004:000018b4       $pdata$__acrt_initialize_stdio 00000001800348b4     libucrt:_file.obj
 0004:000018c0       $pdata$__acrt_uninitialize_stdio 00000001800348c0     libucrt:_file.obj
 0004:000018cc       $pdata$__acrt_uninitialize_locale 00000001800348cc     libucrt:wsetlocale.obj
 0004:000018d8       $pdata$??$?RV<lambda_410d79af7f07d98d83a3f525b3859a53>@@AEAV<lambda_3e16ef9562a7dcce91392c22ab16ea36>@@V<lambda_38119f0e861e05405d8a144b9b982f0a>@@@?$__crt_seh_guarded_call@X@@QEAAX$$QEAV<lambda_410d79af7f07d98d83a3f525b3859a53>@@AEAV<lambda_3e16ef9562a7dcce91392c22ab16ea36>@@$$QEAV<lambda_38119f0e861e05405d8a144b9b982f0a>@@@Z 00000001800348d8     libucrt:wsetlocale.obj
 0004:000018e4       $pdata$?fin$0@?0???$?RV<lambda_410d79af7f07d98d83a3f525b3859a53>@@AEAV<lambda_3e16ef9562a7dcce91392c22ab16ea36>@@V<lambda_38119f0e861e05405d8a144b9b982f0a>@@@?$__crt_seh_guarded_call@X@@QEAAX$$QEAV<lambda_410d79af7f07d98d83a3f525b3859a53>@@AEAV<lambda_3e16ef9562a7dcce91392c22ab16ea36>@@$$QEAV<lambda_38119f0e861e05405d8a144b9b982f0a>@@@Z@4HA 00000001800348e4     libucrt:wsetlocale.obj
 0004:000018f0       $pdata$__acrt_initialize_lowio 00000001800348f0     libucrt:ioinit.obj
 0004:000018fc       $pdata$__acrt_lowio_ensure_fh_exists$fin$0 00000001800348fc     libucrt:osfinfo.obj
 0004:000018fc       $pdata$__acrt_initialize_lowio$fin$0 00000001800348fc     libucrt:ioinit.obj
 0004:00001908       $pdata$__acrt_uninitialize_lowio 0000000180034908     libucrt:ioinit.obj
 0004:00001914       $pdata$?initialize_inherited_file_handles_nolock@@YAXXZ 0000000180034914     libucrt:ioinit.obj
 0004:00001920       $pdata$?initialize_stdio_handles_nolock@@YAXXZ 0000000180034920     libucrt:ioinit.obj
 0004:0000192c       $pdata$__acrt_initialize_locks 000000018003492c     libucrt:locks.obj
 0004:00001938       $pdata$__acrt_uninitialize_locks 0000000180034938     libucrt:locks.obj
 0004:00001944       $pdata$__acrt_get_process_end_policy 0000000180034944     libucrt:win_policies.obj
 0004:00001950       $pdata$??$__acrt_mbs_to_wcs_cp@U__crt_win32_buffer_internal_dynamic_resizing@@@@YAHQEBDAEAV?$__crt_win32_buffer@_WU__crt_win32_buffer_internal_dynamic_resizing@@@@I@Z 0000000180034950     libucrt:argv_wildcards.obj
 0004:0000195c       $pdata$??$__acrt_wcs_to_mbs_cp@U__crt_win32_buffer_internal_dynamic_resizing@@@@YAHQEB_WAEAV?$__crt_win32_buffer@DU__crt_win32_buffer_internal_dynamic_resizing@@@@I@Z 000000018003495c     libucrt:argv_wildcards.obj
 0004:00001968       $pdata$??$common_expand_argv_wildcards@D@@YAHQEAPEADQEAPEAPEAD@Z 0000000180034968     libucrt:argv_wildcards.obj
 0004:00001974       $pdata$??$copy_and_add_argument_to_buffer@D@@YAHQEBD0_KAEAV?$argument_list@D@?A0x5f5c8891@@@Z 0000000180034974     libucrt:argv_wildcards.obj
 0004:00001980       $pdata$??$expand_argument_wildcards@D@@YAHQEAD0AEAV?$argument_list@D@?A0x5f5c8891@@@Z 0000000180034980     libucrt:argv_wildcards.obj
 0004:0000198c       $pdata$__acrt_GetModuleFileNameA 000000018003498c     libucrt:getmodulefilenamea.obj
 0004:00001998       $pdata$??$__acrt_wcs_to_mbs_cp@U__crt_win32_buffer_no_resizing@@@@YAHQEB_WAEAV?$__crt_win32_buffer@DU__crt_win32_buffer_no_resizing@@@@I@Z 0000000180034998     libucrt:getmodulefilenamea.obj
 0004:000019a4       $pdata$__acrt_update_thread_multibyte_data 00000001800349a4     libucrt:mbctype.obj
 0004:000019b0       $pdata$__acrt_initialize_multibyte 00000001800349b0     libucrt:mbctype.obj
 0004:000019bc       $pdata$_setmbcp_nolock     00000001800349bc     libucrt:mbctype.obj
 0004:000019c8       $pdata$?getSystemCP@@YAHH@Z 00000001800349c8     libucrt:mbctype.obj
 0004:000019d4       $pdata$?setSBCS@@YAXPEAU__crt_multibyte_data@@@Z 00000001800349d4     libucrt:mbctype.obj
 0004:000019e0       $pdata$?update_thread_multibyte_data_internal@@YAPEAU__crt_multibyte_data@@QEAU__acrt_ptd@@QEAPEAU1@@Z 00000001800349e0     libucrt:mbctype.obj
 0004:000019ec       $pdata$?fin$0@?0??update_thread_multibyte_data_internal@@YAPEAU__crt_multibyte_data@@QEAU__acrt_ptd@@QEAPEAU1@@Z@4HA 00000001800349ec     libucrt:mbctype.obj
 0004:000019f8       $pdata$?setmbcp_internal@@YAHH_NQEAU__acrt_ptd@@QEAPEAU__crt_multibyte_data@@@Z 00000001800349f8     libucrt:mbctype.obj
 0004:00001a04       $pdata$?setSBUpLow@@YAXPEAU__crt_multibyte_data@@@Z 0000000180034a04     libucrt:mbctype.obj
 0004:00001a10       $pdata$??$?RV<lambda_efdfa57d1f175319df784efa44bb7b81>@@AEAV<lambda_5f0a4c1567f8adc6734073e5d1e1b35c>@@V<lambda_2e8a7d3640ea6ccb4c2413664c2db6fd>@@@?$__crt_seh_guarded_call@X@@QEAAX$$QEAV<lambda_efdfa57d1f175319df784efa44bb7b81>@@AEAV<lambda_5f0a4c1567f8adc6734073e5d1e1b35c>@@$$QEAV<lambda_2e8a7d3640ea6ccb4c2413664c2db6fd>@@@Z 0000000180034a10     libucrt:mbctype.obj
 0004:00001a1c       $pdata$?x_ismbbtype_l@@YAHPEAU__crt_locale_pointers@@IHH@Z 0000000180034a1c     libucrt:ismbbyte.obj
 0004:00001a28       $pdata$__acrt_initialize_command_line 0000000180034a28     libucrt:argv_data.obj
 0004:00001a34       $pdata$__acrt_WideCharToMultiByte 0000000180034a34     libucrt:widechartomultibyte.obj
 0004:00001a40       $pdata$__dcrt_get_narrow_environment_from_os 0000000180034a40     libucrt:get_environment_from_os.obj
 0004:00001a4c       $pdata$__acrt_initialize_heap 0000000180034a4c     libucrt:heap_handle.obj
 0004:00001a58       $pdata$__acrt_execute_initializers 0000000180034a58     libucrt:shared_initialization.obj
 0004:00001a64       $pdata$__acrt_execute_uninitializers 0000000180034a64     libucrt:shared_initialization.obj
 0004:00001a70       $pdata$__acrt_get_sigabrt_handler 0000000180034a70     libucrt:signal.obj
 0004:00001a7c       $pdata$raise               0000000180034a7c     libucrt:signal.obj
 0004:00001a88       $pdata$raise$fin$0         0000000180034a88     libucrt:signal.obj
 0004:00001a94       $pdata$??$?RV<lambda_450d765d439847d4c735a33c368b5fc0>@@AEAV<lambda_44731a7d0e6d81c3e6aa82d741081786>@@V<lambda_601a2a7da3b7a96e9554ac7215c4b07c>@@@?$__crt_seh_guarded_call@P6AXH@Z@@QEAAP6AXH@Z$$QEAV<lambda_450d765d439847d4c735a33c368b5fc0>@@AEAV<lambda_44731a7d0e6d81c3e6aa82d741081786>@@$$QEAV<lambda_601a2a7da3b7a96e9554ac7215c4b07c>@@@Z 0000000180034a94     libucrt:signal.obj
 0004:00001aa0       $pdata$_fflush_nolock      0000000180034aa0     libucrt:fflush.obj
 0004:00001aac       $pdata$__acrt_stdio_flush_nolock 0000000180034aac     libucrt:fflush.obj
 0004:00001ab8       $pdata$?common_flush_all@@YAH_N@Z 0000000180034ab8     libucrt:fflush.obj
 0004:00001ac4       $pdata$??$?RV<lambda_842d9ff0dc9ef11c61343bbaebe7f885>@@AEAV<lambda_c5860995281e5c4ce005b3de8f5874ee>@@V<lambda_d90129c13df834fdcbf8d2b88dafcf2d>@@@?$__crt_seh_guarded_call@X@@QEAAX$$QEAV<lambda_842d9ff0dc9ef11c61343bbaebe7f885>@@AEAV<lambda_c5860995281e5c4ce005b3de8f5874ee>@@$$QEAV<lambda_d90129c13df834fdcbf8d2b88dafcf2d>@@@Z 0000000180034ac4     libucrt:fflush.obj
 0004:00001ad0       $pdata$?fin$0@?0???$?RV<lambda_842d9ff0dc9ef11c61343bbaebe7f885>@@AEAV<lambda_c5860995281e5c4ce005b3de8f5874ee>@@V<lambda_d90129c13df834fdcbf8d2b88dafcf2d>@@@?$__crt_seh_guarded_call@X@@QEAAX$$QEAV<lambda_842d9ff0dc9ef11c61343bbaebe7f885>@@AEAV<lambda_c5860995281e5c4ce005b3de8f5874ee>@@$$QEAV<lambda_d90129c13df834fdcbf8d2b88dafcf2d>@@@Z@4HA 0000000180034ad0     libucrt:fflush.obj
 0004:00001adc       $pdata$??$?RV<lambda_886d6c58226a84441f68b9f2b8217b83>@@AEAV<lambda_ab61a845afdef5b7c387490eaf3616ee>@@V<lambda_f7f22ab5edc0698d5f6905b0d3f44752>@@@?$__crt_seh_guarded_call@X@@QEAAX$$QEAV<lambda_886d6c58226a84441f68b9f2b8217b83>@@AEAV<lambda_ab61a845afdef5b7c387490eaf3616ee>@@$$QEAV<lambda_f7f22ab5edc0698d5f6905b0d3f44752>@@@Z 0000000180034adc     libucrt:fflush.obj
 0004:00001ae8       $pdata$?fin$0@?0???$?RV<lambda_886d6c58226a84441f68b9f2b8217b83>@@AEAV<lambda_ab61a845afdef5b7c387490eaf3616ee>@@V<lambda_f7f22ab5edc0698d5f6905b0d3f44752>@@@?$__crt_seh_guarded_call@X@@QEAAX$$QEAV<lambda_886d6c58226a84441f68b9f2b8217b83>@@AEAV<lambda_ab61a845afdef5b7c387490eaf3616ee>@@$$QEAV<lambda_f7f22ab5edc0698d5f6905b0d3f44752>@@@Z@4HA 0000000180034ae8     libucrt:fflush.obj
 0004:00001af4       $pdata$__pctype_func       0000000180034af4     libucrt:ctype.obj
 0004:00001b00       $pdata$iswctype            0000000180034b00     libucrt:iswctype.obj
 0004:00001b0c       $pdata$__acrt_release_locale_ref 0000000180034b0c     libucrt:locale_refcounting.obj
 0004:00001b18       $pdata$__acrt_free_locale  0000000180034b18     libucrt:locale_refcounting.obj
 0004:00001b24       $pdata$__acrt_locale_free_lc_time_if_unreferenced 0000000180034b24     libucrt:locale_refcounting.obj
 0004:00001b30       $pdata$__acrt_update_thread_locale_data 0000000180034b30     libucrt:locale_refcounting.obj
 0004:00001b3c       $pdata$__acrt_update_thread_locale_data$fin$0 0000000180034b3c     libucrt:locale_refcounting.obj
 0004:00001b48       $pdata$_updatetlocinfoEx_nolock 0000000180034b48     libucrt:locale_refcounting.obj
 0004:00001b54       $pdata$__acrt_DownlevelLocaleNameToLCID 0000000180034b54     libucrt:lcidtoname_downlevel.obj
 0004:00001b60       $pdata$_isleadbyte_l       0000000180034b60     libucrt:_wctype.obj
 0004:00001b6c       $pdata$?__mbrtowc_utf8@__crt_mbstring@@YA_KPEA_WPEBD_KPEAU_Mbstatet@@@Z 0000000180034b6c     libucrt:mbrtowc.obj
 0004:00001b78       $pdata$?__mbsrtowcs_utf8@__crt_mbstring@@YA_KPEA_WPEAPEBD_KPEAU_Mbstatet@@@Z 0000000180034b78     libucrt:mbrtowc.obj
 0004:00001b84       $pdata$__acrt_fp_strflt_to_string 0000000180034b84     libucrt:_fptostr.obj
 0004:00001b90       $pdata$__acrt_fltout       0000000180034b90     libucrt:cfout.obj
 0004:00001b9c       $pdata$?divide@__crt_strtox@@YA_KAEAUbig_integer@1@AEBU21@@Z 0000000180034b9c     libucrt:cfout.obj
 0004:00001ba8       $pdata$0$?divide@__crt_strtox@@YA_KAEAUbig_integer@1@AEBU21@@Z 0000000180034ba8     libucrt:cfout.obj
 0004:00001bb4       $pdata$1$?divide@__crt_strtox@@YA_KAEAUbig_integer@1@AEBU21@@Z 0000000180034bb4     libucrt:cfout.obj
 0004:00001bc0       $pdata$_fcloseall          0000000180034bc0     libucrt:closeall.obj
 0004:00001bcc       $pdata$_fcloseall$fin$0    0000000180034bcc     libucrt:closeall.obj
 0004:00001bd8       $pdata$__acrt_stdio_free_buffer_nolock 0000000180034bd8     libucrt:_freebuf.obj
 0004:00001be4       $pdata$_isatty             0000000180034be4     libucrt:isatty.obj
 0004:00001bf0       $pdata$__acrt_locale_free_monetary 0000000180034bf0     libucrt:initmon.obj
 0004:00001bfc       $pdata$__acrt_locale_free_numeric 0000000180034bfc     libucrt:initnum.obj
 0004:00001c08       $pdata$__acrt_locale_free_time 0000000180034c08     libucrt:inittime.obj
 0004:00001c14       $pdata$?free_crt_array_internal@@YAXQEAPEBX_K@Z 0000000180034c14     libucrt:inittime.obj
 0004:00001c20       $pdata$__acrt_GetStringTypeA 0000000180034c20     libucrt:getstringtypea.obj
 0004:00001c2c       $pdata$_get_osfhandle      0000000180034c2c     libucrt:osfinfo.obj
 0004:00001c38       $pdata$_free_osfhnd        0000000180034c38     libucrt:osfinfo.obj
 0004:00001c44       $pdata$__acrt_lowio_create_handle_array 0000000180034c44     libucrt:osfinfo.obj
 0004:00001c50       $pdata$__acrt_lowio_destroy_handle_array 0000000180034c50     libucrt:osfinfo.obj
 0004:00001c5c       $pdata$__acrt_lowio_ensure_fh_exists 0000000180034c5c     libucrt:osfinfo.obj
 0004:00001c68       $pdata$qsort               0000000180034c68     libucrt:qsort.obj
 0004:00001c74       $pdata$4$qsort             0000000180034c74     libucrt:qsort.obj
 0004:00001c80       $pdata$5$qsort             0000000180034c80     libucrt:qsort.obj
 0004:00001c8c       $pdata$strncpy_s           0000000180034c8c     libucrt:strncpy_s.obj
 0004:00001c98       $pdata$strpbrk             0000000180034c98     libucrt:strpbrk.obj
 0004:00001ca4       $pdata$fallbackMethod      0000000180034ca4     libucrt:strpbrk.obj
 0004:00001cb0       $pdata$_mbsdec_l           0000000180034cb0     libucrt:mbsdec.obj
 0004:00001cbc       $pdata$__acrt_LCMapStringA 0000000180034cbc     libucrt:lcmapstringa.obj
 0004:00001cc8       $pdata$?__acrt_LCMapStringA_stat@@YAHPEAU__crt_locale_pointers@@PEB_WKPEBDHPEADHHH@Z 0000000180034cc8     libucrt:lcmapstringa.obj
 0004:00001cd4       $pdata$?initialize_multibyte@@YAHXZ 0000000180034cd4     libucrt:multibyte_initializer.obj
 0004:00001ce0       $pdata$_commit             0000000180034ce0     libucrt:commit.obj
 0004:00001cec       $pdata$??$?RV<lambda_a37b2b86f63e897a80ea819b0eb08c01>@@AEAV<lambda_38ce7e780aa69e748d6df282ebc68efe>@@V<lambda_99fb1378e971ab6e7edea83e3a7a83a2>@@@?$__crt_seh_guarded_call@H@@QEAAH$$QEAV<lambda_a37b2b86f63e897a80ea819b0eb08c01>@@AEAV<lambda_38ce7e780aa69e748d6df282ebc68efe>@@$$QEAV<lambda_99fb1378e971ab6e7edea83e3a7a83a2>@@@Z 0000000180034cec     libucrt:commit.obj
 0004:00001cf8       $pdata$?fin$0@?0???$?RV<lambda_a37b2b86f63e897a80ea819b0eb08c01>@@AEAV<lambda_38ce7e780aa69e748d6df282ebc68efe>@@V<lambda_99fb1378e971ab6e7edea83e3a7a83a2>@@@?$__crt_seh_guarded_call@H@@QEAAH$$QEAV<lambda_a37b2b86f63e897a80ea819b0eb08c01>@@AEAV<lambda_38ce7e780aa69e748d6df282ebc68efe>@@$$QEAV<lambda_99fb1378e971ab6e7edea83e3a7a83a2>@@@Z@4HA 0000000180034cf8     libucrt:commit.obj
 0004:00001cf8       $pdata$?fin$0@?0???$?RV<lambda_751a882b2c74d4b022dec766aa51a29a>@@AEAV<lambda_628dfdc04ba53c8bfc02c9951375f3f5>@@V<lambda_f6c7be5f7998530c34de24c7437d6b54>@@@?$__crt_seh_guarded_call@H@@QEAAH$$QEAV<lambda_751a882b2c74d4b022dec766aa51a29a>@@AEAV<lambda_628dfdc04ba53c8bfc02c9951375f3f5>@@$$QEAV<lambda_f6c7be5f7998530c34de24c7437d6b54>@@@Z@4HA 0000000180034cf8     libucrt:close.obj
 0004:00001d04       $pdata$_write              0000000180034d04     libucrt:write.obj
 0004:00001d10       $pdata$_write$fin$0        0000000180034d10     libucrt:write.obj
 0004:00001d1c       $pdata$_write_nolock       0000000180034d1c     libucrt:write.obj
 0004:00001d28       $pdata$?write_double_translated_ansi_nolock@@YA?AUwrite_result@?A0x17268360@@HQEBDI@Z 0000000180034d28     libucrt:write.obj
 0004:00001d34       $pdata$?write_text_ansi_nolock@@YA?AUwrite_result@?A0x17268360@@HQEBDI@Z 0000000180034d34     libucrt:write.obj
 0004:00001d40       $pdata$?write_text_utf16le_nolock@@YA?AUwrite_result@?A0x17268360@@HQEBDI@Z 0000000180034d40     libucrt:write.obj
 0004:00001d4c       $pdata$?write_text_utf8_nolock@@YA?AUwrite_result@?A0x17268360@@HQEBDI@Z 0000000180034d4c     libucrt:write.obj
 0004:00001d58       $pdata$?__mbrtoc32_utf8@__crt_mbstring@@YA_KPEA_UPEBD_KPEAU_Mbstatet@@@Z 0000000180034d58     libucrt:mbrtoc32.obj
 0004:00001d64       $pdata$fegetenv            0000000180034d64     libucrt:fegetenv.obj
 0004:00001d70       $pdata$fesetenv            0000000180034d70     libucrt:fesetenv.obj
 0004:00001d7c       $pdata$feholdexcept        0000000180034d7c     libucrt:feholdexcept.obj
 0004:00001d94       $pdata$??$common_lseek_nolock@_J@@YA_JH_JH@Z 0000000180034d94     libucrt:lseek.obj
 0004:00001da0       $pdata$fclose              0000000180034da0     libucrt:fclose.obj
 0004:00001dac       $pdata$fclose$fin$0        0000000180034dac     libucrt:fclose.obj
 0004:00001db8       $pdata$_fclose_nolock      0000000180034db8     libucrt:fclose.obj
 0004:00001dc4       $pdata$_putwch_nolock      0000000180034dc4     libucrt:putwch.obj
 0004:00001dd0       $pdata$__acrt_fenv_set_control 0000000180034dd0     libucrt:_fenvutils.obj
 0004:00001ddc       $pdata$_clearfp            0000000180034ddc     libucrt:ieee.obj
 0004:00001de8       $pdata$_call_matherr       0000000180034de8     libucrt:libm_error.obj
 0004:00001df4       $pdata$_exception_enabled  0000000180034df4     libucrt:libm_error.obj
 0004:00001e00       $pdata$_handle_error       0000000180034e00     libucrt:libm_error.obj
 0004:00001e0c       $pdata$__acrt_initialize_fma3 0000000180034e0c     libucrt:fma3_available.obj
 0004:00001e18       $pdata$_log_special_common 0000000180034e18     libucrt:log_special.obj
 0004:00001e24       $pdata$_log10_special      0000000180034e24     libucrt:log_special.obj
 0004:00001e30       $pdata$_close              0000000180034e30     libucrt:close.obj
 0004:00001e3c       $pdata$_close_nolock       0000000180034e3c     libucrt:close.obj
 0004:00001e48       $pdata$??$?RV<lambda_751a882b2c74d4b022dec766aa51a29a>@@AEAV<lambda_628dfdc04ba53c8bfc02c9951375f3f5>@@V<lambda_f6c7be5f7998530c34de24c7437d6b54>@@@?$__crt_seh_guarded_call@H@@QEAAH$$QEAV<lambda_751a882b2c74d4b022dec766aa51a29a>@@AEAV<lambda_628dfdc04ba53c8bfc02c9951375f3f5>@@$$QEAV<lambda_f6c7be5f7998530c34de24c7437d6b54>@@@Z 0000000180034e48     libucrt:close.obj
 0004:00001e54       $pdata$__dcrt_lowio_ensure_console_output_initialized 0000000180034e54     libucrt:initcon.obj
 0004:00001e60       $pdata$__dcrt_write_console 0000000180034e60     libucrt:initcon.obj
 0004:00001e6c       $pdata$__dcrt_terminate_console_output 0000000180034e6c     libucrt:initcon.obj
 0004:00001e84       $pdata$_set_errno_from_matherr 0000000180034e84     libucrt:fpexcept.obj
 0004:00001e90       $pdata$_raise_exc          0000000180034e90     libucrt:fpexcept.obj
 0004:00001e9c       $pdata$_raise_exc_ex       0000000180034e9c     libucrt:fpexcept.obj
 0004:00001ea8       $pdata$_clrfp              0000000180034ea8     libucrt:fpctrl.obj
 0004:00001eb4       $pdata$_ctrlfp             0000000180034eb4     libucrt:fpctrl.obj
 0004:00001ec0       $pdata$_ctrlfp$filt$0      0000000180034ec0     libucrt:fpctrl.obj
 0004:00001ecc       $pdata$_statfp             0000000180034ecc     libucrt:fpctrl.obj
 0004:00001ed8       $pdata$_set_statfp         0000000180034ed8     libucrt:fpctrl.obj
 0004:00001ee4       $pdata$_IsNonwritableInCurrentImage 0000000180034ee4     LIBCMT:pesect.obj
 0004:00001ef0       $pdata$_IsNonwritableInCurrentImage$filt$0 0000000180034ef0     LIBCMT:pesect.obj
 0005:00000000       MoveSmall                  0000000180035000     libvcruntime:memcpy.obj
 0005:00000050       MsetTab                    0000000180035050     libvcruntime:memset.obj
 0006:00000220       $R000000                   0000000180036220     PINPad.res
 0006:00000b78       $R000958                   0000000180036b78     PINPad.res
 0006:00000c60       $R000A40                   0000000180036c60     PINPad.res
 0006:00000ec8       $R000CA8                   0000000180036ec8     PINPad.res
 0006:000013d0       $R0011B0                   00000001800373d0     PINPad.res
 0006:00004ba0       $R004980                   000000018003aba0     PINPad.res
 0006:00004bd0       $R0049B0                   000000018003abd0     PINPad.res
