 OPOSCoinDispenser

 Timestamp is 61a758a6 (Wed Dec  1 20:12:38 2021)

 Preferred load address is 0000000180000000

 Start         Length     Name                   Class
 0001:00000000 000000c0H .text$di                CODE
 0001:000000c0 00023790H .text$mn                CODE
 0001:00023850 00000040H .text$mn$00             CODE
 0001:00023890 00000660H .text$x                 CODE
 0001:00023ef0 00000078H .text$yd                CODE
 0002:00000000 00000638H .idata$5                DATA
 0002:00000638 00000030H .00cfg                  DATA
 0002:00000668 00000008H .CRT$XCA                DATA
 0002:00000670 00000008H .CRT$XCL                DATA
 0002:00000678 00000020H .CRT$XCU                DATA
 0002:00000698 00000008H .CRT$XCZ                DATA
 0002:000006a0 00000008H .CRT$XIA                DATA
 0002:000006a8 00000020H .CRT$XIC                DATA
 0002:000006c8 00000008H .CRT$XIZ                DATA
 0002:000006d0 00000008H .CRT$XLA                DATA
 0002:000006d8 00000008H .CRT$XLZ                DATA
 0002:000006e0 00000008H .CRT$XPA                DATA
 0002:000006e8 00000010H .CRT$XPX                DATA
 0002:000006f8 00000008H .CRT$XPXA               DATA
 0002:00000700 00000008H .CRT$XPZ                DATA
 0002:00000708 00000008H .CRT$XTA                DATA
 0002:00000710 00000010H .CRT$XTZ                DATA
 0002:00000718 00000000H .gehcont$y              DATA
 0002:00000718 00000000H .gfids$y                DATA
 0002:00000720 0000a3e0H .rdata                  DATA
 0002:0000ab00 00000000H .rdata$CastGuardVftablesA DATA
 0002:0000ab00 00000000H .rdata$CastGuardVftablesC DATA
 0002:0000ab00 00000028H .rdata$T                DATA
 0002:0000ab28 00000274H .rdata$r                DATA
 0002:0000ad9c 00000048H .rdata$voltmd           DATA
 0002:0000ade4 0000043cH .rdata$zzzdbg           DATA
 0002:0000b220 00000008H .rtc$IAA                DATA
 0002:0000b228 00000008H .rtc$IZZ                DATA
 0002:0000b230 00000008H .rtc$TAA                DATA
 0002:0000b238 00000008H .rtc$TZZ                DATA
 0002:0000b240 00000004H .tls                    DATA
 0002:0000b244 00000004H .tls$                   DATA
 0002:0000b248 00000008H .tls$ZZZ                DATA
 0002:0000b250 00001900H .xdata                  DATA
 0002:0000cb50 00000150H .xdata$x                DATA
 0002:0000cca0 00000008H ATL$__a                 DATA
 0002:0000cca8 00000008H ATL$__z                 DATA
 0002:0000ccb0 000000b0H .edata                  DATA
 0002:0000cd60 00000078H .idata$2                DATA
 0002:0000cdd8 00000018H .idata$3                DATA
 0002:0000cdf0 00000638H .idata$4                DATA
 0002:0000d428 00000c5cH .idata$6                DATA
 0003:00000000 00000db8H .data                   DATA
 0003:00000db8 000000a8H .data$r                 DATA
 0003:00000e60 00000020H .data$rs                DATA
 0003:00000e80 000013ecH .bss                    DATA
 0004:00000000 00001fd4H .pdata                  DATA
 0005:00000000 000000f4H _RDATA                  DATA
 0006:00000000 00000220H .rsrc$01                DATA
 0006:00000220 00003af8H .rsrc$02                DATA

  Address         Publics by Value              Rva+Base               Lib:Object

 0000:00000000       ___safe_se_handler_table   0000000000000000     <absolute>
 0000:00000000       __guard_longjmp_table      0000000000000000     <absolute>
 0000:00000000       __x64_code_ranges_to_entry_points 0000000000000000     <absolute>
 0000:00000000       __arm64x_redirection_metadata 0000000000000000     <absolute>
 0000:00000000       __guard_iat_table          0000000000000000     <absolute>
 0000:00000000       __guard_fids_count         0000000000000000     <absolute>
 0000:00000000       __arm64x_extra_rfe_table   0000000000000000     <absolute>
 0000:00000000       __guard_iat_count          0000000000000000     <absolute>
 0000:00000000       __guard_longjmp_count      0000000000000000     <absolute>
 0000:00000000       __dynamic_value_reloc_table 0000000000000000     <absolute>
 0000:00000000       __x64_code_ranges_to_entry_points_count 0000000000000000     <absolute>
 0000:00000000       __hybrid_code_map          0000000000000000     <absolute>
 0000:00000000       __hybrid_auxiliary_iat     0000000000000000     <absolute>
 0000:00000000       __hybrid_auxiliary_iat_copy 0000000000000000     <absolute>
 0000:00000000       __arm64x_extra_rfe_table_size 0000000000000000     <absolute>
 0000:00000000       ___safe_se_handler_count   0000000000000000     <absolute>
 0000:00000000       __AbsoluteZero             0000000000000000     <absolute>
 0000:00000000       __guard_check_icall_a64n_fptr 0000000000000000     <absolute>
 0000:00000000       __guard_eh_cont_count      0000000000000000     <absolute>
 0000:00000000       __guard_fids_table         0000000000000000     <absolute>
 0000:00000000       __arm64x_redirection_metadata_count 0000000000000000     <absolute>
 0000:00000000       __enclave_config           0000000000000000     <absolute>
 0000:00000000       __guard_eh_cont_table      0000000000000000     <absolute>
 0000:00000000       __arm64x_native_entrypoint 0000000000000000     <absolute>
 0000:00000000       __hybrid_code_map_count    0000000000000000     <absolute>
 0000:00000100       __guard_flags              0000000000000100     <absolute>
 0000:00000000       __ImageBase                0000000180000000     <linker-defined>
 0001:000000c0       ?DupWide@_CW@@AEAAXXZ      00000001800010c0 f   CWString.obj
 0001:000000e8       ?cw_dup@@YAXPEBDAEAHAEAPEA_W1@Z 00000001800010e8 f   CWString.obj
 0001:000001c8       ?cw_memcpy@@YAHPEA_WPEBDH@Z 00000001800011c8 f   CWString.obj
 0001:00000214       ?cw_strcpy@@YAHPEA_WPEBD@Z 0000000180001214 f   CWString.obj
 0001:00000228       ??0CAtlComModule@ATL@@QEAA@XZ 0000000180001228 f i OposVariant.obj
 0001:000002a8       ??0CAtlWinModule@ATL@@QEAA@XZ 00000001800012a8 f i OposVariant.obj
 0001:00000314       ??0OposDispParms@@QEAA@PEAVOposVariant@@H@Z 0000000180001314 f   OposVariant.obj
 0001:000003bc       ??1OposDispParms@@QEAA@XZ  00000001800013bc f   OposVariant.obj
 0001:000003d4       ??_Estringdispid@CComTypeInfoHolder@ATL@@QEAAPEAXI@Z 00000001800013d4 f i OposVariant.obj
 0001:00000478       ?AtlWinModuleTerm@ATL@@YAJPEAU_ATL_WIN_MODULE70@1@PEAUHINSTANCE__@@@Z 0000000180001478 f i OposVariant.obj
 0001:00000528       ?ChangeBSTR@OposVariant@@QEAAXPEAPEA_WAEAJ@Z 0000000180001528 f   OposVariant.obj
 0001:00000588       ?ChangeLONG@OposVariant@@QEAAXPEAJAEAJ@Z 0000000180001588 f   OposVariant.obj
 0001:000005e4       ?GetLONG@OposVariant@@QEAAJXZ 00000001800015e4 f   OposVariant.obj
 0001:00000608       ?SetBSTR@OposVariant@@QEAAXPEA_WAEAJ@Z 0000000180001608 f   OposVariant.obj
 0001:00000648       ?SetBSTR_Copy@OposVariant@@QEAAXPEA_WAEAJ@Z 0000000180001648 f   OposVariant.obj
 0001:000006b8       ?SetBSTR_InOutPtr@OposVariant@@QEAA_NPEAPEA_WAEAJ@Z 00000001800016b8 f   OposVariant.obj
 0001:00000708       ?SetBSTR_OutPtr@OposVariant@@QEAA_NPEAPEA_WAEAJ@Z 0000000180001708 f   OposVariant.obj
 0001:00000724       ?SetDispatch_Ptr@OposVariant@@QEAAXPEAUIDispatch@@AEAJ@Z 0000000180001724 f   OposVariant.obj
 0001:0000077c       ?SetLONG@OposVariant@@QEAAXJ@Z 000000018000177c f   OposVariant.obj
 0001:000007ac       ?SetLONG_Ptr@OposVariant@@QEAAXPEAJAEAJ@Z 00000001800017ac f   OposVariant.obj
 0001:000007f8       ?SetString@OposVariant@@QEAAXPEB_WAEAJ@Z 00000001800017f8 f   OposVariant.obj
 0001:0000085c       ?SetVARIANT_BOOL@OposVariant@@QEAAXF@Z 000000018000185c f   OposVariant.obj
 0001:00000894       ?SetVARIANT_BOOL_Ptr@OposVariant@@QEAAXPEAFAEAJ@Z 0000000180001894 f   OposVariant.obj
 0001:000008e0       ?Term@CAtlComModule@ATL@@QEAAXXZ 00000001800018e0 f i OposVariant.obj
 0001:00000950       ?_AtlInitializeCriticalSectionEx@ATL@@YAHPEAU_RTL_CRITICAL_SECTION@@KK@Z 0000000180001950 f i OposVariant.obj
 0001:00000958       ?_AtlRaiseException@ATL@@YAXKK@Z 0000000180001958 f i OposVariant.obj
 0001:00000968       ?Next@?$CComEnumImpl@UIEnumConnections@@$1?_GUID_b196b287_bab4_101a_b69c_00aa00341d07@@3U__s_GUID@@BUtagCONNECTDATA@@V?$_Copy@UtagCONNECTDATA@@@ATL@@@ATL@@UEAAJKPEAUtagCONNECTDATA@@PEAK@Z 0000000180001968 f i CoinDispenser.obj
 0001:00000a30       ?Skip@?$CComEnumImpl@UIEnumConnections@@$1?_GUID_b196b287_bab4_101a_b69c_00aa00341d07@@3U__s_GUID@@BUtagCONNECTDATA@@V?$_Copy@UtagCONNECTDATA@@@ATL@@@ATL@@UEAAJK@Z 0000000180001a30 f i CoinDispenser.obj
 0001:00000a5c       ?Reset@?$CComEnumImpl@UIEnumConnections@@$1?_GUID_b196b287_bab4_101a_b69c_00aa00341d07@@3U__s_GUID@@BUtagCONNECTDATA@@V?$_Copy@UtagCONNECTDATA@@@ATL@@@ATL@@UEAAJXZ 0000000180001a5c f i CoinDispenser.obj
 0001:00000a5c       ?Reset@?$CComEnumImpl@UIEnumConnectionPoints@@$1?_GUID_b196b285_bab4_101a_b69c_00aa00341d07@@3U__s_GUID@@BPEAUIConnectionPoint@@V?$_CopyInterface@UIConnectionPoint@@@ATL@@@ATL@@UEAAJXZ 0000000180001a5c f i CoinDispenser.obj
 0001:00000a68       ?Clone@?$CComEnumImpl@UIEnumConnections@@$1?_GUID_b196b287_bab4_101a_b69c_00aa00341d07@@3U__s_GUID@@BUtagCONNECTDATA@@V?$_Copy@UtagCONNECTDATA@@@ATL@@@ATL@@UEAAJPEAPEAUIEnumConnections@@@Z 0000000180001a68 f i CoinDispenser.obj
 0001:00000b94       ?AddRef@?$CComObject@V?$CComEnum@UIEnumConnections@@$1?_GUID_b196b287_bab4_101a_b69c_00aa00341d07@@3U__s_GUID@@BUtagCONNECTDATA@@V?$_Copy@UtagCONNECTDATA@@@ATL@@VCComSingleThreadModel@6@@ATL@@@ATL@@UEAAKXZ 0000000180001b94 f i CoinDispenser.obj
 0001:00000b94       ?AddRef@?$CComObject@V?$CComEnum@UIEnumConnectionPoints@@$1?_GUID_b196b285_bab4_101a_b69c_00aa00341d07@@3U__s_GUID@@BPEAUIConnectionPoint@@V?$_CopyInterface@UIConnectionPoint@@@ATL@@VCComSingleThreadModel@6@@ATL@@@ATL@@UEAAKXZ 0000000180001b94 f i CoinDispenser.obj
 0001:00000ba0       ?Release@?$CComObject@V?$CComEnum@UIEnumConnections@@$1?_GUID_b196b287_bab4_101a_b69c_00aa00341d07@@3U__s_GUID@@BUtagCONNECTDATA@@V?$_Copy@UtagCONNECTDATA@@@ATL@@VCComSingleThreadModel@6@@ATL@@@ATL@@UEAAKXZ 0000000180001ba0 f i CoinDispenser.obj
 0001:00000ba0       ?Release@?$CComObject@V?$CComEnum@UIEnumConnectionPoints@@$1?_GUID_b196b285_bab4_101a_b69c_00aa00341d07@@3U__s_GUID@@BPEAUIConnectionPoint@@V?$_CopyInterface@UIConnectionPoint@@@ATL@@VCComSingleThreadModel@6@@ATL@@@ATL@@UEAAKXZ 0000000180001ba0 f i CoinDispenser.obj
 0001:00000bf4       ?QueryInterface@?$CComObject@V?$CComEnum@UIEnumConnections@@$1?_GUID_b196b287_bab4_101a_b69c_00aa00341d07@@3U__s_GUID@@BUtagCONNECTDATA@@V?$_Copy@UtagCONNECTDATA@@@ATL@@VCComSingleThreadModel@6@@ATL@@@ATL@@UEAAJAEBU_GUID@@PEAPEAX@Z 0000000180001bf4 f i CoinDispenser.obj
 0001:00000c08       ??_G?$CComObject@V?$CComEnum@UIEnumConnections@@$1?_GUID_b196b287_bab4_101a_b69c_00aa00341d07@@3U__s_GUID@@BUtagCONNECTDATA@@V?$_Copy@UtagCONNECTDATA@@@ATL@@VCComSingleThreadModel@6@@ATL@@@ATL@@UEAAPEAXI@Z 0000000180001c08 f i CoinDispenser.obj
 0001:00000c08       ??_E?$CComObject@V?$CComEnum@UIEnumConnections@@$1?_GUID_b196b287_bab4_101a_b69c_00aa00341d07@@3U__s_GUID@@BUtagCONNECTDATA@@V?$_Copy@UtagCONNECTDATA@@@ATL@@VCComSingleThreadModel@6@@ATL@@@ATL@@UEAAPEAXI@Z 0000000180001c08 f i CoinDispenser.obj
 0001:00000c60       ?ObjectMain@CComObjectRootBase@ATL@@SAX_N@Z 0000000180001c60 f i CoinDispenser.obj
 0001:00000c60       _guard_check_icall_nop     0000000180001c60 f i LIBCMT:guard_support.obj
 0001:00000c60       ?OnFinalMessage@?$CWindowImplBaseT@VCWindow@ATL@@V?$CWinTraits@$0FGAAAAAA@$0A@@2@@ATL@@UEAAXPEAUHWND__@@@Z 0000000180001c60 f i CoinDispenser.obj
 0001:00000c64       ?SaveCompleted@?$IPersistStorageImpl@VCOPOSCoinDispenser@@@ATL@@UEAAJPEAUIStorage@@@Z 0000000180001c64 f i CoinDispenser.obj
 0001:00000c64       ?Release@CRegObject@ATL@@UEAAKXZ 0000000180001c64 f i CoinDispenser.obj
 0001:00000c64       ?Update@?$IOleObjectImpl@VCOPOSCoinDispenser@@@ATL@@UEAAJXZ 0000000180001c64 f i CoinDispenser.obj
 0001:00000c64       ?HandsOffStorage@?$IPersistStorageImpl@VCOPOSCoinDispenser@@@ATL@@UEAAJXZ 0000000180001c64 f i CoinDispenser.obj
 0001:00000c64       ?OnAmbientPropertyChange@?$IOleControlImpl@VCOPOSCoinDispenser@@@ATL@@UEAAJJ@Z 0000000180001c64 f i CoinDispenser.obj
 0001:00000c64       ?IsUpToDate@?$IOleObjectImpl@VCOPOSCoinDispenser@@@ATL@@UEAAJXZ 0000000180001c64 f i CoinDispenser.obj
 0001:00000c64       ?GetObjectDescription@?$CComCoClass@VCOPOSCoinDispenser@@$1?CLSID_OPOSCoinDispenser@@3U_GUID@@B@ATL@@SAPEB_WXZ 0000000180001c64 f i CoinDispenser.obj
 0001:00000c64       ?GetCategoryMap@CComObjectRootBase@ATL@@SAPEBU_ATL_CATMAP_ENTRY@2@XZ 0000000180001c64 f i CoinDispenser.obj
 0001:00000c64       ?OnFrameWindowActivate@?$IOleInPlaceActiveObjectImpl@VCOPOSCoinDispenser@@@ATL@@UEAAJH@Z 0000000180001c64 f i CoinDispenser.obj
 0001:00000c64       ?SetHostNames@?$IOleObjectImpl@VCOPOSCoinDispenser@@@ATL@@UEAAJPEB_W0@Z 0000000180001c64 f i CoinDispenser.obj
 0001:00000c64       ?ResizeBorder@?$IOleInPlaceActiveObjectImpl@VCOPOSCoinDispenser@@@ATL@@UEAAJPEBUtagRECT@@PEAUIOleInPlaceUIWindow@@H@Z 0000000180001c64 f i CoinDispenser.obj
 0001:00000c64       ?EnableModeless@?$IOleInPlaceActiveObjectImpl@VCOPOSCoinDispenser@@@ATL@@UEAAJH@Z 0000000180001c64 f i CoinDispenser.obj
 0001:00000c68       ??_E?$CComObject@VCOPOSCoinDispenser@@@ATL@@W7EAAPEAXI@Z 0000000180001c68 f i CoinDispenser.obj
 0001:00000c74       ??_E?$CComObject@VCOPOSCoinDispenser@@@ATL@@WHA@EAAPEAXI@Z 0000000180001c74 f i CoinDispenser.obj
 0001:00000c80       ?QueryInterface@?$CComObject@VCOPOSCoinDispenser@@@ATL@@WLI@EAAJAEBU_GUID@@PEAPEAX@Z 0000000180001c80 f i CoinDispenser.obj
 0001:00000c8c       ?AddRef@?$CComObject@VCOPOSCoinDispenser@@@ATL@@WLI@EAAKXZ 0000000180001c8c f i CoinDispenser.obj
 0001:00000c98       ?Release@?$CComObject@VCOPOSCoinDispenser@@@ATL@@WLI@EAAKXZ 0000000180001c98 f i CoinDispenser.obj
 0001:00000ca4       ?QueryInterface@?$CComObject@VCOPOSCoinDispenser@@@ATL@@WMA@EAAJAEBU_GUID@@PEAPEAX@Z 0000000180001ca4 f i CoinDispenser.obj
 0001:00000cb0       ?AddRef@?$CComObject@VCOPOSCoinDispenser@@@ATL@@WMA@EAAKXZ 0000000180001cb0 f i CoinDispenser.obj
 0001:00000cbc       ?Release@?$CComObject@VCOPOSCoinDispenser@@@ATL@@WMA@EAAKXZ 0000000180001cbc f i CoinDispenser.obj
 0001:00000cc8       ?QueryInterface@?$CComObject@VCOPOSCoinDispenser@@@ATL@@WMI@EAAJAEBU_GUID@@PEAPEAX@Z 0000000180001cc8 f i CoinDispenser.obj
 0001:00000cd4       ?AddRef@?$CComObject@VCOPOSCoinDispenser@@@ATL@@WMI@EAAKXZ 0000000180001cd4 f i CoinDispenser.obj
 0001:00000ce0       ?Release@?$CComObject@VCOPOSCoinDispenser@@@ATL@@WMI@EAAKXZ 0000000180001ce0 f i CoinDispenser.obj
 0001:00000cec       ?QueryInterface@?$CComObject@VCOPOSCoinDispenser@@@ATL@@WNA@EAAJAEBU_GUID@@PEAPEAX@Z 0000000180001cec f i CoinDispenser.obj
 0001:00000cf8       ?AddRef@?$CComObject@VCOPOSCoinDispenser@@@ATL@@WNA@EAAKXZ 0000000180001cf8 f i CoinDispenser.obj
 0001:00000d04       ?Release@?$CComObject@VCOPOSCoinDispenser@@@ATL@@WNA@EAAKXZ 0000000180001d04 f i CoinDispenser.obj
 0001:00000d10       ?QueryInterface@?$CComObject@VCOPOSCoinDispenser@@@ATL@@WNI@EAAJAEBU_GUID@@PEAPEAX@Z 0000000180001d10 f i CoinDispenser.obj
 0001:00000d1c       ?AddRef@?$CComObject@VCOPOSCoinDispenser@@@ATL@@WNI@EAAKXZ 0000000180001d1c f i CoinDispenser.obj
 0001:00000d28       ?Release@?$CComObject@VCOPOSCoinDispenser@@@ATL@@WNI@EAAKXZ 0000000180001d28 f i CoinDispenser.obj
 0001:00000d34       ?QueryInterface@?$CComObject@VCOPOSCoinDispenser@@@ATL@@WOA@EAAJAEBU_GUID@@PEAPEAX@Z 0000000180001d34 f i CoinDispenser.obj
 0001:00000d40       ?AddRef@?$CComObject@VCOPOSCoinDispenser@@@ATL@@WOA@EAAKXZ 0000000180001d40 f i CoinDispenser.obj
 0001:00000d4c       ?Release@?$CComObject@VCOPOSCoinDispenser@@@ATL@@WOA@EAAKXZ 0000000180001d4c f i CoinDispenser.obj
 0001:00000d58       ?QueryInterface@?$CComObject@VCOPOSCoinDispenser@@@ATL@@WOI@EAAJAEBU_GUID@@PEAPEAX@Z 0000000180001d58 f i CoinDispenser.obj
 0001:00000d64       ?AddRef@?$CComObject@VCOPOSCoinDispenser@@@ATL@@WOI@EAAKXZ 0000000180001d64 f i CoinDispenser.obj
 0001:00000d70       ?Release@?$CComObject@VCOPOSCoinDispenser@@@ATL@@WOI@EAAKXZ 0000000180001d70 f i CoinDispenser.obj
 0001:00000d7c       ?QueryInterface@?$CComObject@VCOPOSCoinDispenser@@@ATL@@WPA@EAAJAEBU_GUID@@PEAPEAX@Z 0000000180001d7c f i CoinDispenser.obj
 0001:00000d88       ?AddRef@?$CComObject@VCOPOSCoinDispenser@@@ATL@@WPA@EAAKXZ 0000000180001d88 f i CoinDispenser.obj
 0001:00000d94       ?Release@?$CComObject@VCOPOSCoinDispenser@@@ATL@@WPA@EAAKXZ 0000000180001d94 f i CoinDispenser.obj
 0001:00000da0       ?QueryInterface@?$CComObject@VCOPOSCoinDispenser@@@ATL@@WPI@EAAJAEBU_GUID@@PEAPEAX@Z 0000000180001da0 f i CoinDispenser.obj
 0001:00000dac       ?AddRef@?$CComObject@VCOPOSCoinDispenser@@@ATL@@WPI@EAAKXZ 0000000180001dac f i CoinDispenser.obj
 0001:00000db8       ?Release@?$CComObject@VCOPOSCoinDispenser@@@ATL@@WPI@EAAKXZ 0000000180001db8 f i CoinDispenser.obj
 0001:00000dc4       ?QueryInterface@?$CComObject@VCOPOSCoinDispenser@@@ATL@@WBAA@EAAJAEBU_GUID@@PEAPEAX@Z 0000000180001dc4 f i CoinDispenser.obj
 0001:00000dd0       ?AddRef@?$CComObject@VCOPOSCoinDispenser@@@ATL@@WBAA@EAAKXZ 0000000180001dd0 f i CoinDispenser.obj
 0001:00000ddc       ?Release@?$CComObject@VCOPOSCoinDispenser@@@ATL@@WBAA@EAAKXZ 0000000180001ddc f i CoinDispenser.obj
 0001:00000de8       ?QueryInterface@?$CComObject@VCOPOSCoinDispenser@@@ATL@@WBAI@EAAJAEBU_GUID@@PEAPEAX@Z 0000000180001de8 f i CoinDispenser.obj
 0001:00000df4       ?AddRef@?$CComObject@VCOPOSCoinDispenser@@@ATL@@WBAI@EAAKXZ 0000000180001df4 f i CoinDispenser.obj
 0001:00000e00       ?Release@?$CComObject@VCOPOSCoinDispenser@@@ATL@@WBAI@EAAKXZ 0000000180001e00 f i CoinDispenser.obj
 0001:00000e0c       ?QueryInterface@?$CComObject@VCOPOSCoinDispenser@@@ATL@@WBBA@EAAJAEBU_GUID@@PEAPEAX@Z 0000000180001e0c f i CoinDispenser.obj
 0001:00000e18       ?AddRef@?$CComObject@VCOPOSCoinDispenser@@@ATL@@WBBA@EAAKXZ 0000000180001e18 f i CoinDispenser.obj
 0001:00000e24       ?Release@?$CComObject@VCOPOSCoinDispenser@@@ATL@@WBBA@EAAKXZ 0000000180001e24 f i CoinDispenser.obj
 0001:00000e30       ?QueryInterface@?$CComObject@VCOPOSCoinDispenser@@@ATL@@WBBI@EAAJAEBU_GUID@@PEAPEAX@Z 0000000180001e30 f i CoinDispenser.obj
 0001:00000e3c       ?AddRef@?$CComObject@VCOPOSCoinDispenser@@@ATL@@WBBI@EAAKXZ 0000000180001e3c f i CoinDispenser.obj
 0001:00000e48       ?Release@?$CComObject@VCOPOSCoinDispenser@@@ATL@@WBBI@EAAKXZ 0000000180001e48 f i CoinDispenser.obj
 0001:00000e54       ?AddRef@?$CComObject@VCOPOSCoinDispenser@@@ATL@@WBCI@EAAKXZ 0000000180001e54 f i CoinDispenser.obj
 0001:00000e60       ?Release@?$CComObject@VCOPOSCoinDispenser@@@ATL@@WBCI@EAAKXZ 0000000180001e60 f i CoinDispenser.obj
 0001:00000e6c       ?AddRef@?$CComObject@VCOPOSCoinDispenser@@@ATL@@WBEA@EAAKXZ 0000000180001e6c f i CoinDispenser.obj
 0001:00000e78       ?Release@?$CComObject@VCOPOSCoinDispenser@@@ATL@@WBEA@EAAKXZ 0000000180001e78 f i CoinDispenser.obj
 0001:00000e84       ??_E?$CComContainedObject@VCOPOSCoinDispenser@@@ATL@@W7EAAPEAXI@Z 0000000180001e84 f i CoinDispenser.obj
 0001:00000e90       ??_E?$CComContainedObject@VCOPOSCoinDispenser@@@ATL@@WHA@EAAPEAXI@Z 0000000180001e90 f i CoinDispenser.obj
 0001:00000e9c       ?QueryInterface@?$CComContainedObject@VCOPOSCoinDispenser@@@ATL@@WLI@EAAJAEBU_GUID@@PEAPEAX@Z 0000000180001e9c f i CoinDispenser.obj
 0001:00000ea8       ?AddRef@?$CComContainedObject@VCOPOSCoinDispenser@@@ATL@@WLI@EAAKXZ 0000000180001ea8 f i CoinDispenser.obj
 0001:00000eb4       ?Release@?$CComContainedObject@VCOPOSCoinDispenser@@@ATL@@WLI@EAAKXZ 0000000180001eb4 f i CoinDispenser.obj
 0001:00000ec0       ?QueryInterface@?$CComContainedObject@VCOPOSCoinDispenser@@@ATL@@WMA@EAAJAEBU_GUID@@PEAPEAX@Z 0000000180001ec0 f i CoinDispenser.obj
 0001:00000ecc       ?AddRef@?$CComContainedObject@VCOPOSCoinDispenser@@@ATL@@WMA@EAAKXZ 0000000180001ecc f i CoinDispenser.obj
 0001:00000ed8       ?Release@?$CComContainedObject@VCOPOSCoinDispenser@@@ATL@@WMA@EAAKXZ 0000000180001ed8 f i CoinDispenser.obj
 0001:00000ee4       ?QueryInterface@?$CComContainedObject@VCOPOSCoinDispenser@@@ATL@@WMI@EAAJAEBU_GUID@@PEAPEAX@Z 0000000180001ee4 f i CoinDispenser.obj
 0001:00000ef0       ?AddRef@?$CComContainedObject@VCOPOSCoinDispenser@@@ATL@@WMI@EAAKXZ 0000000180001ef0 f i CoinDispenser.obj
 0001:00000efc       ?Release@?$CComContainedObject@VCOPOSCoinDispenser@@@ATL@@WMI@EAAKXZ 0000000180001efc f i CoinDispenser.obj
 0001:00000f08       ?QueryInterface@?$CComContainedObject@VCOPOSCoinDispenser@@@ATL@@WNA@EAAJAEBU_GUID@@PEAPEAX@Z 0000000180001f08 f i CoinDispenser.obj
 0001:00000f14       ?AddRef@?$CComContainedObject@VCOPOSCoinDispenser@@@ATL@@WNA@EAAKXZ 0000000180001f14 f i CoinDispenser.obj
 0001:00000f20       ?Release@?$CComContainedObject@VCOPOSCoinDispenser@@@ATL@@WNA@EAAKXZ 0000000180001f20 f i CoinDispenser.obj
 0001:00000f2c       ?QueryInterface@?$CComContainedObject@VCOPOSCoinDispenser@@@ATL@@WNI@EAAJAEBU_GUID@@PEAPEAX@Z 0000000180001f2c f i CoinDispenser.obj
 0001:00000f38       ?AddRef@?$CComContainedObject@VCOPOSCoinDispenser@@@ATL@@WNI@EAAKXZ 0000000180001f38 f i CoinDispenser.obj
 0001:00000f44       ?Release@?$CComContainedObject@VCOPOSCoinDispenser@@@ATL@@WNI@EAAKXZ 0000000180001f44 f i CoinDispenser.obj
 0001:00000f50       ?QueryInterface@?$CComContainedObject@VCOPOSCoinDispenser@@@ATL@@WOA@EAAJAEBU_GUID@@PEAPEAX@Z 0000000180001f50 f i CoinDispenser.obj
 0001:00000f5c       ?AddRef@?$CComContainedObject@VCOPOSCoinDispenser@@@ATL@@WOA@EAAKXZ 0000000180001f5c f i CoinDispenser.obj
 0001:00000f68       ?Release@?$CComContainedObject@VCOPOSCoinDispenser@@@ATL@@WOA@EAAKXZ 0000000180001f68 f i CoinDispenser.obj
 0001:00000f74       ?QueryInterface@?$CComContainedObject@VCOPOSCoinDispenser@@@ATL@@WOI@EAAJAEBU_GUID@@PEAPEAX@Z 0000000180001f74 f i CoinDispenser.obj
 0001:00000f80       ?AddRef@?$CComContainedObject@VCOPOSCoinDispenser@@@ATL@@WOI@EAAKXZ 0000000180001f80 f i CoinDispenser.obj
 0001:00000f8c       ?Release@?$CComContainedObject@VCOPOSCoinDispenser@@@ATL@@WOI@EAAKXZ 0000000180001f8c f i CoinDispenser.obj
 0001:00000f98       ?QueryInterface@?$CComContainedObject@VCOPOSCoinDispenser@@@ATL@@WPA@EAAJAEBU_GUID@@PEAPEAX@Z 0000000180001f98 f i CoinDispenser.obj
 0001:00000fa4       ?AddRef@?$CComContainedObject@VCOPOSCoinDispenser@@@ATL@@WPA@EAAKXZ 0000000180001fa4 f i CoinDispenser.obj
 0001:00000fb0       ?Release@?$CComContainedObject@VCOPOSCoinDispenser@@@ATL@@WPA@EAAKXZ 0000000180001fb0 f i CoinDispenser.obj
 0001:00000fbc       ?QueryInterface@?$CComContainedObject@VCOPOSCoinDispenser@@@ATL@@WPI@EAAJAEBU_GUID@@PEAPEAX@Z 0000000180001fbc f i CoinDispenser.obj
 0001:00000fc8       ?AddRef@?$CComContainedObject@VCOPOSCoinDispenser@@@ATL@@WPI@EAAKXZ 0000000180001fc8 f i CoinDispenser.obj
 0001:00000fd4       ?Release@?$CComContainedObject@VCOPOSCoinDispenser@@@ATL@@WPI@EAAKXZ 0000000180001fd4 f i CoinDispenser.obj
 0001:00000fe0       ?QueryInterface@?$CComContainedObject@VCOPOSCoinDispenser@@@ATL@@WBAA@EAAJAEBU_GUID@@PEAPEAX@Z 0000000180001fe0 f i CoinDispenser.obj
 0001:00000fec       ?AddRef@?$CComContainedObject@VCOPOSCoinDispenser@@@ATL@@WBAA@EAAKXZ 0000000180001fec f i CoinDispenser.obj
 0001:00000ff8       ?Release@?$CComContainedObject@VCOPOSCoinDispenser@@@ATL@@WBAA@EAAKXZ 0000000180001ff8 f i CoinDispenser.obj
 0001:00001004       ?QueryInterface@?$CComContainedObject@VCOPOSCoinDispenser@@@ATL@@WBAI@EAAJAEBU_GUID@@PEAPEAX@Z 0000000180002004 f i CoinDispenser.obj
 0001:00001010       ?AddRef@?$CComContainedObject@VCOPOSCoinDispenser@@@ATL@@WBAI@EAAKXZ 0000000180002010 f i CoinDispenser.obj
 0001:0000101c       ?Release@?$CComContainedObject@VCOPOSCoinDispenser@@@ATL@@WBAI@EAAKXZ 000000018000201c f i CoinDispenser.obj
 0001:00001028       ?QueryInterface@?$CComContainedObject@VCOPOSCoinDispenser@@@ATL@@WBBA@EAAJAEBU_GUID@@PEAPEAX@Z 0000000180002028 f i CoinDispenser.obj
 0001:00001034       ?AddRef@?$CComContainedObject@VCOPOSCoinDispenser@@@ATL@@WBBA@EAAKXZ 0000000180002034 f i CoinDispenser.obj
 0001:00001040       ?Release@?$CComContainedObject@VCOPOSCoinDispenser@@@ATL@@WBBA@EAAKXZ 0000000180002040 f i CoinDispenser.obj
 0001:0000104c       ?QueryInterface@?$CComContainedObject@VCOPOSCoinDispenser@@@ATL@@WBBI@EAAJAEBU_GUID@@PEAPEAX@Z 000000018000204c f i CoinDispenser.obj
 0001:00001058       ?AddRef@?$CComContainedObject@VCOPOSCoinDispenser@@@ATL@@WBBI@EAAKXZ 0000000180002058 f i CoinDispenser.obj
 0001:00001064       ?Release@?$CComContainedObject@VCOPOSCoinDispenser@@@ATL@@WBBI@EAAKXZ 0000000180002064 f i CoinDispenser.obj
 0001:00001070       ?AddRef@?$CComContainedObject@VCOPOSCoinDispenser@@@ATL@@WBCI@EAAKXZ 0000000180002070 f i CoinDispenser.obj
 0001:0000107c       ?Release@?$CComContainedObject@VCOPOSCoinDispenser@@@ATL@@WBCI@EAAKXZ 000000018000207c f i CoinDispenser.obj
 0001:00001088       ?AddRef@?$CComContainedObject@VCOPOSCoinDispenser@@@ATL@@WBEA@EAAKXZ 0000000180002088 f i CoinDispenser.obj
 0001:00001094       ?Release@?$CComContainedObject@VCOPOSCoinDispenser@@@ATL@@WBEA@EAAKXZ 0000000180002094 f i CoinDispenser.obj
 0001:000010a0       ?CreateInstance@CComClassFactory@ATL@@UEAAJPEAUIUnknown@@AEBU_GUID@@PEAPEAX@Z 00000001800020a0 f i CoinDispenser.obj
 0001:00001100       ?LockServer@CComClassFactory@ATL@@UEAAJH@Z 0000000180002100 f i CoinDispenser.obj
 0001:00001124       ??_ECComClassFactory@ATL@@UEAAPEAXI@Z 0000000180002124 f i CoinDispenser.obj
 0001:00001124       ??_GCComClassFactory@ATL@@UEAAPEAXI@Z 0000000180002124 f i CoinDispenser.obj
 0001:00001174       ?GetWindowProc@?$CWindowImplBaseT@VCWindow@ATL@@V?$CWinTraits@$0FGAAAAAA@$0A@@2@@ATL@@UEAAP6A_JPEAUHWND__@@I_K_J@ZXZ 0000000180002174 f i CoinDispenser.obj
 0001:0000117c       ?StartWindowProc@?$CWindowImplBaseT@VCWindow@ATL@@V?$CWinTraits@$0FGAAAAAA@$0A@@2@@ATL@@SA_JPEAUHWND__@@I_K_J@Z 000000018000217c f i CoinDispenser.obj
 0001:00001230       ?GetTypeInfoCount@?$IDispatchImpl@UIOPOSCoinDispenser@@$1?IID_IOPOSCoinDispenser@@3U_GUID@@B$1?LIBID_OposCoinDispenser_CCO@@3U3@B$00$0A@VCComTypeInfoHolder@ATL@@@ATL@@UEAAJPEAI@Z 0000000180002230 f i CoinDispenser.obj
 0001:00001244       ?GetTypeInfo@?$IDispatchImpl@UIOPOSCoinDispenser@@$1?IID_IOPOSCoinDispenser@@3U_GUID@@B$1?LIBID_OposCoinDispenser_CCO@@3U3@B$00$0A@VCComTypeInfoHolder@ATL@@@ATL@@UEAAJIKPEAPEAUITypeInfo@@@Z 0000000180002244 f i CoinDispenser.obj
 0001:000012a8       ?GetIDsOfNames@?$IDispatchImpl@UIOPOSCoinDispenser@@$1?IID_IOPOSCoinDispenser@@3U_GUID@@B$1?LIBID_OposCoinDispenser_CCO@@3U3@B$00$0A@VCComTypeInfoHolder@ATL@@@ATL@@UEAAJAEBU_GUID@@PEAPEA_WIKPEAJ@Z 00000001800022a8 f i CoinDispenser.obj
 0001:000012b4       ?Invoke@?$IDispatchImpl@UIOPOSCoinDispenser@@$1?IID_IOPOSCoinDispenser@@3U_GUID@@B$1?LIBID_OposCoinDispenser_CCO@@3U3@B$00$0A@VCComTypeInfoHolder@ATL@@@ATL@@UEAAJJAEBU_GUID@@KGPEAUtagDISPPARAMS@@PEAUtagVARIANT@@PEAUtagEXCEPINFO@@PEAI@Z 00000001800022b4 f i CoinDispenser.obj
 0001:00001344       ?CreateControlWindow@?$CComControl@VCOPOSCoinDispenser@@V?$CWindowImpl@VCOPOSCoinDispenser@@VCWindow@ATL@@V?$CWinTraits@$0FGAAAAAA@$0A@@3@@ATL@@@ATL@@UEAAPEAUHWND__@@PEAU3@AEAUtagRECT@@@Z 0000000180002344 f i CoinDispenser.obj
 0001:0000137c       ?ControlQueryInterface@?$CComControl@VCOPOSCoinDispenser@@V?$CWindowImpl@VCOPOSCoinDispenser@@VCWindow@ATL@@V?$CWinTraits@$0FGAAAAAA@$0A@@3@@ATL@@@ATL@@UEAAJAEBU_GUID@@PEAPEAX@Z 000000018000237c f i CoinDispenser.obj
 0001:00001390       ?GetUserClassID@?$IOleObjectImpl@VCOPOSCoinDispenser@@@ATL@@UEAAJPEAU_GUID@@@Z 0000000180002390 f i CoinDispenser.obj
 0001:00001390       ?GetClassID@?$IPersistStorageImpl@VCOPOSCoinDispenser@@@ATL@@UEAAJPEAU_GUID@@@Z 0000000180002390 f i CoinDispenser.obj
 0001:00001390       ?GetClassID@?$IPersistStreamInitImpl@VCOPOSCoinDispenser@@@ATL@@UEAAJPEAU_GUID@@@Z 0000000180002390 f i CoinDispenser.obj
 0001:000013ac       ?IsDirty@?$IPersistStreamInitImpl@VCOPOSCoinDispenser@@@ATL@@UEAAJXZ 00000001800023ac f i CoinDispenser.obj
 0001:000013c8       ?Load@?$IPersistStreamInitImpl@VCOPOSCoinDispenser@@@ATL@@UEAAJPEAUIStream@@@Z 00000001800023c8 f i CoinDispenser.obj
 0001:000013e0       ?Save@?$IPersistStreamInitImpl@VCOPOSCoinDispenser@@@ATL@@UEAAJPEAUIStream@@H@Z 00000001800023e0 f i CoinDispenser.obj
 0001:000013f8       ?GetSizeMax@?$IPersistStreamInitImpl@VCOPOSCoinDispenser@@@ATL@@UEAAJPEAT_ULARGE_INTEGER@@@Z 00000001800023f8 f i CoinDispenser.obj
 0001:0000161c       ?InitNew@?$IPersistStreamInitImpl@VCOPOSCoinDispenser@@@ATL@@UEAAJXZ 000000018000261c f i CoinDispenser.obj
 0001:00001634       ?InitFromData@?$IOleObjectImpl@VCOPOSCoinDispenser@@@ATL@@UEAAJPEAUIDataObject@@HK@Z 0000000180002634 f i CoinDispenser.obj
 0001:00001634       ?SetMoniker@?$IOleObjectImpl@VCOPOSCoinDispenser@@@ATL@@UEAAJKPEAUIMoniker@@@Z 0000000180002634 f i CoinDispenser.obj
 0001:00001634       ?GetDropTarget@?$IOleInPlaceObjectWindowlessImpl@VCOPOSCoinDispenser@@@ATL@@UEAAJPEAPEAUIDropTarget@@@Z 0000000180002634 f i CoinDispenser.obj
 0001:00001634       ?GetRect@?$IViewObjectExImpl@VCOPOSCoinDispenser@@@ATL@@UEAAJKPEAU_RECTL@@@Z 0000000180002634 f i CoinDispenser.obj
 0001:00001634       ?QueryGetData@?$IDataObjectImpl@VCOPOSCoinDispenser@@@ATL@@UEAAJPEAUtagFORMATETC@@@Z 0000000180002634 f i CoinDispenser.obj
 0001:00001634       ?SetColorScheme@?$IOleObjectImpl@VCOPOSCoinDispenser@@@ATL@@UEAAJPEAUtagLOGPALETTE@@@Z 0000000180002634 f i CoinDispenser.obj
 0001:00001634       ?ReactivateAndUndo@?$IOleInPlaceObjectWindowlessImpl@VCOPOSCoinDispenser@@@ATL@@UEAAJXZ 0000000180002634 f i CoinDispenser.obj
 0001:00001634       ?SOErrorDummy@COPOSCoinDispenser@@MEAAJJJJPEAJ@Z 0000000180002634 f i CoinDispenser.obj
 0001:00001634       ?GetControlInfo@?$IOleControlImpl@VCOPOSCoinDispenser@@@ATL@@UEAAJPEAUtagCONTROLINFO@@@Z 0000000180002634 f i CoinDispenser.obj
 0001:00001634       ?GetMoniker@?$IOleObjectImpl@VCOPOSCoinDispenser@@@ATL@@UEAAJKKPEAPEAUIMoniker@@@Z 0000000180002634 f i CoinDispenser.obj
 0001:00001634       ?ContextSensitiveHelp@?$IOleInPlaceActiveObjectImpl@VCOPOSCoinDispenser@@@ATL@@UEAAJH@Z 0000000180002634 f i CoinDispenser.obj
 0001:00001634       ?QueryInterface@CRegObject@ATL@@UEAAJAEBU_GUID@@PEAPEAX@Z 0000000180002634 f i CoinDispenser.obj
 0001:00001634       ?GetClipboardData@?$IOleObjectImpl@VCOPOSCoinDispenser@@@ATL@@UEAAJKPEAPEAUIDataObject@@@Z 0000000180002634 f i CoinDispenser.obj
 0001:00001634       ?GetDataHere@?$IDataObjectImpl@VCOPOSCoinDispenser@@@ATL@@UEAAJPEAUtagFORMATETC@@PEAUtagSTGMEDIUM@@@Z 0000000180002634 f i CoinDispenser.obj
 0001:00001634       ?SOOutputCompleteDummy@COPOSCoinDispenser@@MEAAJJ@Z 0000000180002634 f i CoinDispenser.obj
 0001:00001634       ?ContextSensitiveHelp@?$IOleInPlaceObjectWindowlessImpl@VCOPOSCoinDispenser@@@ATL@@UEAAJH@Z 0000000180002634 f i CoinDispenser.obj
 0001:00001634       ?SODataDummy@COPOSCoinDispenser@@MEAAJJ@Z 0000000180002634 f i CoinDispenser.obj
 0001:00001634       ?GetColorSet@?$IViewObjectExImpl@VCOPOSCoinDispenser@@@ATL@@UEAAJKJPEAXPEAUtagDVTARGETDEVICE@@PEAUHDC__@@PEAPEAUtagLOGPALETTE@@@Z 0000000180002634 f i CoinDispenser.obj
 0001:00001634       ?GetCanonicalFormatEtc@?$IDataObjectImpl@VCOPOSCoinDispenser@@@ATL@@UEAAJPEAUtagFORMATETC@@0@Z 0000000180002634 f i CoinDispenser.obj
 0001:00001634       ?Unfreeze@?$IViewObjectExImpl@VCOPOSCoinDispenser@@@ATL@@UEAAJK@Z 0000000180002634 f i CoinDispenser.obj
 0001:00001634       ?Freeze@?$IViewObjectExImpl@VCOPOSCoinDispenser@@@ATL@@UEAAJKJPEAXPEAK@Z 0000000180002634 f i CoinDispenser.obj
 0001:00001634       ?SetData@?$IDataObjectImpl@VCOPOSCoinDispenser@@@ATL@@UEAAJPEAUtagFORMATETC@@PEAUtagSTGMEDIUM@@H@Z 0000000180002634 f i CoinDispenser.obj
 0001:00001634       ?EnumFormatEtc@?$IDataObjectImpl@VCOPOSCoinDispenser@@@ATL@@UEAAJKPEAPEAUIEnumFORMATETC@@@Z 0000000180002634 f i CoinDispenser.obj
 0001:00001634       ?OnMnemonic@?$IOleControlImpl@VCOPOSCoinDispenser@@@ATL@@UEAAJPEAUtagMSG@@@Z 0000000180002634 f i CoinDispenser.obj
 0001:0000163c       ?SetClientSite@?$IOleObjectImpl@VCOPOSCoinDispenser@@@ATL@@UEAAJPEAUIOleClientSite@@@Z 000000018000263c f i CoinDispenser.obj
 0001:00001658       ?GetClientSite@?$IOleObjectImpl@VCOPOSCoinDispenser@@@ATL@@UEAAJPEAPEAUIOleClientSite@@@Z 0000000180002658 f i CoinDispenser.obj
 0001:000016a0       ?Close@?$IOleObjectImpl@VCOPOSCoinDispenser@@@ATL@@UEAAJK@Z 00000001800026a0 f i CoinDispenser.obj
 0001:000016bc       ?DoVerb@?$IOleObjectImpl@VCOPOSCoinDispenser@@@ATL@@UEAAJJPEAUtagMSG@@PEAUIOleClientSite@@JPEAUHWND__@@PEBUtagRECT@@@Z 00000001800026bc f i CoinDispenser.obj
 0001:00001860       ?EnumVerbs@?$IOleObjectImpl@VCOPOSCoinDispenser@@@ATL@@UEAAJPEAPEAUIEnumOLEVERB@@@Z 0000000180002860 f i CoinDispenser.obj
 0001:0000187c       ?GetUserType@?$IOleObjectImpl@VCOPOSCoinDispenser@@@ATL@@UEAAJKPEAPEA_W@Z 000000018000287c f i CoinDispenser.obj
 0001:0000188c       ?SetExtent@?$IOleObjectImpl@VCOPOSCoinDispenser@@@ATL@@UEAAJKPEAUtagSIZE@@@Z 000000018000288c f i CoinDispenser.obj
 0001:000018a8       ?GetExtent@?$IOleObjectImpl@VCOPOSCoinDispenser@@@ATL@@UEAAJKPEAUtagSIZE@@@Z 00000001800028a8 f i CoinDispenser.obj
 0001:000018d8       ?Advise@?$IOleObjectImpl@VCOPOSCoinDispenser@@@ATL@@UEAAJPEAUIAdviseSink@@PEAK@Z 00000001800028d8 f i CoinDispenser.obj
 0001:00001934       ?Unadvise@?$IOleObjectImpl@VCOPOSCoinDispenser@@@ATL@@UEAAJK@Z 0000000180002934 f i CoinDispenser.obj
 0001:0000196c       ?EnumAdvise@?$IOleObjectImpl@VCOPOSCoinDispenser@@@ATL@@UEAAJPEAPEAUIEnumSTATDATA@@@Z 000000018000296c f i CoinDispenser.obj
 0001:000019b4       ?GetMiscStatus@?$IOleObjectImpl@VCOPOSCoinDispenser@@@ATL@@UEAAJKPEAK@Z 00000001800029b4 f i CoinDispenser.obj
 0001:000019c4       ?GetWindow@?$IOleInPlaceActiveObjectImpl@VCOPOSCoinDispenser@@@ATL@@UEAAJPEAPEAUHWND__@@@Z 00000001800029c4 f i CoinDispenser.obj
 0001:00001a18       ?TranslateAcceleratorW@?$IOleInPlaceActiveObjectImpl@VCOPOSCoinDispenser@@@ATL@@UEAAJPEAUtagMSG@@@Z 0000000180002a18 f i CoinDispenser.obj
 0001:00001b0c       ?OnDocWindowActivate@?$IOleInPlaceActiveObjectImpl@VCOPOSCoinDispenser@@@ATL@@UEAAJH@Z 0000000180002b0c f i CoinDispenser.obj
 0001:00001b38       ?Draw@?$IViewObjectExImpl@VCOPOSCoinDispenser@@@ATL@@UEAAJKJPEAXPEAUtagDVTARGETDEVICE@@PEAUHDC__@@2PEBU_RECTL@@3P6AH_K@Z4@Z 0000000180002b38 f i CoinDispenser.obj
 0001:00001b9c       ?SetAdvise@?$IViewObjectExImpl@VCOPOSCoinDispenser@@@ATL@@UEAAJKKPEAUIAdviseSink@@@Z 0000000180002b9c f i CoinDispenser.obj
 0001:00001bf0       ?GetAdvise@?$IViewObjectExImpl@VCOPOSCoinDispenser@@@ATL@@UEAAJPEAK0PEAPEAUIAdviseSink@@@Z 0000000180002bf0 f i CoinDispenser.obj
 0001:00001c2c       ?GetExtent@?$IViewObjectExImpl@VCOPOSCoinDispenser@@@ATL@@UEAAJKJPEAUtagDVTARGETDEVICE@@PEAUtagSIZE@@@Z 0000000180002c2c f i CoinDispenser.obj
 0001:00001c5c       ?GetViewStatus@?$IViewObjectExImpl@VCOPOSCoinDispenser@@@ATL@@UEAAJPEAK@Z 0000000180002c5c f i CoinDispenser.obj
 0001:00001c70       ?QueryHitPoint@?$IViewObjectExImpl@VCOPOSCoinDispenser@@@ATL@@UEAAJKPEBUtagRECT@@UtagPOINT@@JPEAK@Z 0000000180002c70 f i CoinDispenser.obj
 0001:00001cb4       ?QueryHitRect@?$IViewObjectExImpl@VCOPOSCoinDispenser@@@ATL@@UEAAJKPEBUtagRECT@@0JPEAK@Z 0000000180002cb4 f i CoinDispenser.obj
 0001:00001d1c       ?GetNaturalExtent@?$IViewObjectExImpl@VCOPOSCoinDispenser@@@ATL@@UEAAJKJPEAUtagDVTARGETDEVICE@@PEAUHDC__@@PEAUtagExtentInfo@@PEAUtagSIZE@@@Z 0000000180002d1c f i CoinDispenser.obj
 0001:00001d64       ?GetWindow@?$IOleInPlaceObjectWindowlessImpl@VCOPOSCoinDispenser@@@ATL@@UEAAJPEAPEAUHWND__@@@Z 0000000180002d64 f i CoinDispenser.obj
 0001:00001db8       ?InPlaceDeactivate@?$IOleInPlaceObjectWindowlessImpl@VCOPOSCoinDispenser@@@ATL@@UEAAJXZ 0000000180002db8 f i CoinDispenser.obj
 0001:00001dd4       ?UIDeactivate@?$IOleInPlaceObjectWindowlessImpl@VCOPOSCoinDispenser@@@ATL@@UEAAJXZ 0000000180002dd4 f i CoinDispenser.obj
 0001:00001df0       ?SetObjectRects@?$IOleInPlaceObjectWindowlessImpl@VCOPOSCoinDispenser@@@ATL@@UEAAJPEBUtagRECT@@0@Z 0000000180002df0 f i CoinDispenser.obj
 0001:00001e0c       ?OnWindowMessage@?$IOleInPlaceObjectWindowlessImpl@VCOPOSCoinDispenser@@@ATL@@UEAAJI_K_JPEA_J@Z 0000000180002e0c f i CoinDispenser.obj
 0001:00001ed4       ?EnumConnectionPoints@?$IConnectionPointContainerImpl@VCOPOSCoinDispenser@@@ATL@@UEAAJPEAPEAUIEnumConnectionPoints@@@Z 0000000180002ed4 f i CoinDispenser.obj
 0001:0000211c       ?FindConnectionPoint@?$IConnectionPointContainerImpl@VCOPOSCoinDispenser@@@ATL@@UEAAJAEBU_GUID@@PEAPEAUIConnectionPoint@@@Z 000000018000311c f i CoinDispenser.obj
 0001:000021ec       ?IsDirty@?$IPersistStorageImpl@VCOPOSCoinDispenser@@@ATL@@UEAAJXZ 00000001800031ec f i CoinDispenser.obj
 0001:0000222c       ?InitNew@?$IPersistStorageImpl@VCOPOSCoinDispenser@@@ATL@@UEAAJPEAUIStorage@@@Z 000000018000322c f i CoinDispenser.obj
 0001:0000226c       ?Load@?$IPersistStorageImpl@VCOPOSCoinDispenser@@@ATL@@UEAAJPEAUIStorage@@@Z 000000018000326c f i CoinDispenser.obj
 0001:0000230c       ?Save@?$IPersistStorageImpl@VCOPOSCoinDispenser@@@ATL@@UEAAJPEAUIStorage@@H@Z 000000018000330c f i CoinDispenser.obj
 0001:000023bc       ?GetPages@?$ISpecifyPropertyPagesImpl@VCOPOSCoinDispenser@@@ATL@@UEAAJPEAUtagCAUUID@@@Z 00000001800033bc f i CoinDispenser.obj
 0001:000023c8       ?QuickActivate@?$IQuickActivateImpl@VCOPOSCoinDispenser@@@ATL@@UEAAJPEAUtagQACONTAINER@@PEAUtagQACONTROL@@@Z 00000001800033c8 f i CoinDispenser.obj
 0001:000023e4       ?SetContentExtent@?$IQuickActivateImpl@VCOPOSCoinDispenser@@@ATL@@UEAAJPEAUtagSIZE@@@Z 00000001800033e4 f i CoinDispenser.obj
 0001:00002418       ?GetContentExtent@?$IQuickActivateImpl@VCOPOSCoinDispenser@@@ATL@@UEAAJPEAUtagSIZE@@@Z 0000000180003418 f i CoinDispenser.obj
 0001:00002450       ?GetData@?$IDataObjectImpl@VCOPOSCoinDispenser@@@ATL@@UEAAJPEAUtagFORMATETC@@PEAUtagSTGMEDIUM@@@Z 0000000180003450 f i CoinDispenser.obj
 0001:0000246c       ?DAdvise@?$IDataObjectImpl@VCOPOSCoinDispenser@@@ATL@@UEAAJPEAUtagFORMATETC@@KPEAUIAdviseSink@@PEAK@Z 000000018000346c f i CoinDispenser.obj
 0001:000024f4       ?DUnadvise@?$IDataObjectImpl@VCOPOSCoinDispenser@@@ATL@@UEAAJK@Z 00000001800034f4 f i CoinDispenser.obj
 0001:00002520       ?EnumDAdvise@?$IDataObjectImpl@VCOPOSCoinDispenser@@@ATL@@UEAAJPEAPEAUIEnumSTATDATA@@@Z 0000000180003520 f i CoinDispenser.obj
 0001:0000255c       ?GetClassInfoW@?$IProvideClassInfo2Impl@$1?CLSID_OPOSCoinDispenser@@3U_GUID@@B$1?DIID__IOPOSCoinDispenserEvents@@3U2@B$1?LIBID_OposCoinDispenser_CCO@@3U2@B$00$0A@VCComTypeInfoHolder@ATL@@@ATL@@UEAAJPEAPEAUITypeInfo@@@Z 000000018000355c f i CoinDispenser.obj
 0001:000025b4       ?GetGUID@?$IProvideClassInfo2Impl@$1?CLSID_OPOSCoinDispenser@@3U_GUID@@B$1?DIID__IOPOSCoinDispenserEvents@@3U2@B$1?LIBID_OposCoinDispenser_CCO@@3U2@B$00$0A@VCComTypeInfoHolder@ATL@@@ATL@@UEAAJKPEAU_GUID@@@Z 00000001800035b4 f i CoinDispenser.obj
 0001:000025e8       ?AddRef@CRegObject@ATL@@UEAAKXZ 00000001800035e8 f i CoinDispenser.obj
 0001:000025e8       ?FAccessAllowed@?$IObjectSafetyImpl@VCOPOSCoinDispenser@@$02@ATL@@MEAAHXZ 00000001800035e8 f i CoinDispenser.obj
 0001:000025e8       _get_startup_argv_mode     00000001800035e8 f i LIBCMT:argv_mode.obj
 0001:000025f0       ?GetInterfaceSafetyOptions@?$IObjectSafetyImpl@VCOPOSCoinDispenser@@$02@ATL@@UEAAJAEBU_GUID@@PEAK1@Z 00000001800035f0 f i CoinDispenser.obj
 0001:00002684       ?SetInterfaceSafetyOptions@?$IObjectSafetyImpl@VCOPOSCoinDispenser@@$02@ATL@@UEAAJAEBU_GUID@@KK@Z 0000000180003684 f i CoinDispenser.obj
 0001:00002728       ?_LocCPQueryInterface@?$IConnectionPointImpl@VCOPOSCoinDispenser@@$1?DIID__IOPOSCoinDispenserEvents@@3U_GUID@@BVCComDynamicUnkArray@ATL@@@ATL@@UEAAJAEBU_GUID@@PEAPEAX@Z 0000000180003728 f i CoinDispenser.obj
 0001:00002728       ?_LocCPQueryInterface@?$IConnectionPointImpl@VCOPOSCoinDispenser@@$1?IID_IPropertyNotifySink@@3U_GUID@@BVCComDynamicUnkArray@ATL@@@ATL@@UEAAJAEBU_GUID@@PEAPEAX@Z 0000000180003728 f i CoinDispenser.obj
 0001:0000279c       ?GetConnectionInterface@?$IConnectionPointImpl@VCOPOSCoinDispenser@@$1?IID_IPropertyNotifySink@@3U_GUID@@BVCComDynamicUnkArray@ATL@@@ATL@@UEAAJPEAU_GUID@@@Z 000000018000379c f i CoinDispenser.obj
 0001:000027b8       ?GetConnectionPointContainer@?$IConnectionPointImpl@VCOPOSCoinDispenser@@$1?IID_IPropertyNotifySink@@3U_GUID@@BVCComDynamicUnkArray@ATL@@@ATL@@UEAAJPEAPEAUIConnectionPointContainer@@@Z 00000001800037b8 f i CoinDispenser.obj
 0001:000027d8       ?Advise@?$IConnectionPointImpl@VCOPOSCoinDispenser@@$1?DIID__IOPOSCoinDispenserEvents@@3U_GUID@@BVCComDynamicUnkArray@ATL@@@ATL@@UEAAJPEAUIUnknown@@PEAK@Z 00000001800037d8 f i CoinDispenser.obj
 0001:000027d8       ?Advise@?$IConnectionPointImpl@VCOPOSCoinDispenser@@$1?IID_IPropertyNotifySink@@3U_GUID@@BVCComDynamicUnkArray@ATL@@@ATL@@UEAAJPEAUIUnknown@@PEAK@Z 00000001800037d8 f i CoinDispenser.obj
 0001:00002894       ?Unadvise@?$IConnectionPointImpl@VCOPOSCoinDispenser@@$1?DIID__IOPOSCoinDispenserEvents@@3U_GUID@@BVCComDynamicUnkArray@ATL@@@ATL@@UEAAJK@Z 0000000180003894 f i CoinDispenser.obj
 0001:00002894       ?Unadvise@?$IConnectionPointImpl@VCOPOSCoinDispenser@@$1?IID_IPropertyNotifySink@@3U_GUID@@BVCComDynamicUnkArray@ATL@@@ATL@@UEAAJK@Z 0000000180003894 f i CoinDispenser.obj
 0001:000028fc       ?EnumConnections@?$IConnectionPointImpl@VCOPOSCoinDispenser@@$1?DIID__IOPOSCoinDispenserEvents@@3U_GUID@@BVCComDynamicUnkArray@ATL@@@ATL@@UEAAJPEAPEAUIEnumConnections@@@Z 00000001800038fc f i CoinDispenser.obj
 0001:000028fc       ?EnumConnections@?$IConnectionPointImpl@VCOPOSCoinDispenser@@$1?IID_IPropertyNotifySink@@3U_GUID@@BVCComDynamicUnkArray@ATL@@@ATL@@UEAAJPEAPEAUIEnumConnections@@@Z 00000001800038fc f i CoinDispenser.obj
 0001:00002a90       ?GetConnectionInterface@?$IConnectionPointImpl@VCOPOSCoinDispenser@@$1?DIID__IOPOSCoinDispenserEvents@@3U_GUID@@BVCComDynamicUnkArray@ATL@@@ATL@@UEAAJPEAU_GUID@@@Z 0000000180003a90 f i CoinDispenser.obj
 0001:00002aac       ?GetConnectionPointContainer@?$IConnectionPointImpl@VCOPOSCoinDispenser@@$1?DIID__IOPOSCoinDispenserEvents@@3U_GUID@@BVCComDynamicUnkArray@ATL@@@ATL@@UEAAJPEAPEAUIConnectionPointContainer@@@Z 0000000180003aac f i CoinDispenser.obj
 0001:00002acc       ?Lock@CAtlModule@ATL@@UEAAJXZ 0000000180003acc f i CoinDispenser.obj
 0001:00002adc       ?Unlock@CAtlModule@ATL@@UEAAJXZ 0000000180003adc f i CoinDispenser.obj
 0001:00002ae8       ?GetLockCount@CAtlModule@ATL@@UEAAJXZ 0000000180003ae8 f i CoinDispenser.obj
 0001:00002aec       ?GetGITPtr@CAtlModule@ATL@@UEAAJPEAPEAUIGlobalInterfaceTable@@@Z 0000000180003aec f i CoinDispenser.obj
 0001:00002b5c       ?UpdateRegistry@COPOSCoinDispenser@@SAJH@Z 0000000180003b5c f i CoinDispenser.obj
 0001:00002b74       ?ProcessWindowMessage@COPOSCoinDispenser@@UEAAHPEAUHWND__@@I_K_JAEA_JK@Z 0000000180003b74 f i CoinDispenser.obj
 0001:00002c04       ?SODirectIO@COPOSCoinDispenser@@MEAAJJPEAJPEAPEA_W@Z 0000000180003c04 f i CoinDispenser.obj
 0001:00002c7c       ?SOStatusUpdate@COPOSCoinDispenser@@MEAAJJ@Z 0000000180003c7c f i CoinDispenser.obj
 0001:00002ccc       ?AddCommonRGSReplacements@?$CAtlModuleT@VCComModule@ATL@@@ATL@@UEAAJPEAUIRegistrarBase@@@Z 0000000180003ccc f i CoinDispenser.obj
 0001:00002ce4       ?UpdateRegistryFromResourceD@CComModule@ATL@@UEAAJIHPEAU_ATL_REGMAP_ENTRY@2@@Z 0000000180003ce4 f i CoinDispenser.obj
 0001:00002ce4       ?UpdateRegistryFromResourceD@CComModule@ATL@@UEAAJPEB_WHPEAU_ATL_REGMAP_ENTRY@2@@Z 0000000180003ce4 f i CoinDispenser.obj
 0001:00002cec       ?UpdateRegistryFromResource@CComModule@ATL@@UEAAJPEB_WHPEAU_ATL_REGMAP_ENTRY@2@@Z 0000000180003cec f i CoinDispenser.obj
 0001:00002cf4       ?UpdateRegistryFromResource@CComModule@ATL@@UEAAJIHPEAU_ATL_REGMAP_ENTRY@2@@Z 0000000180003cf4 f i CoinDispenser.obj
 0001:00002cfc       ??_ECComModule@ATL@@UEAAPEAXI@Z 0000000180003cfc f i CoinDispenser.obj
 0001:00002cfc       ??_GCComModule@ATL@@UEAAPEAXI@Z 0000000180003cfc f i CoinDispenser.obj
 0001:00002d3c       ?CreateInstance@?$CComCreator@V?$CComObjectCached@VCComClassFactory@ATL@@@ATL@@@ATL@@SAJPEAXAEBU_GUID@@PEAPEAX@Z 0000000180003d3c f i CoinDispenser.obj
 0001:00002e60       ?CreateInstance@?$CComCreator2@V?$CComCreator@V?$CComObject@VCOPOSCoinDispenser@@@ATL@@@ATL@@V?$CComCreator@V?$CComAggObject@VCOPOSCoinDispenser@@@ATL@@@2@@ATL@@SAJPEAXAEBU_GUID@@PEAPEAX@Z 0000000180003e60 f i CoinDispenser.obj
 0001:00002e70       ?AddRef@?$CComObjectCached@VCComClassFactory@ATL@@@ATL@@UEAAKXZ 0000000180003e70 f i CoinDispenser.obj
 0001:00002e9c       ?Release@?$CComObjectCached@VCComClassFactory@ATL@@@ATL@@UEAAKXZ 0000000180003e9c f i CoinDispenser.obj
 0001:00002edc       ?QueryInterface@?$CComObjectCached@VCComClassFactory@ATL@@@ATL@@UEAAJAEBU_GUID@@PEAPEAX@Z 0000000180003edc f i CoinDispenser.obj
 0001:00002ef0       ??_E?$CComObjectCached@VCComClassFactory@ATL@@@ATL@@UEAAPEAXI@Z 0000000180003ef0 f i CoinDispenser.obj
 0001:00002ef0       ??_G?$CComObjectCached@VCComClassFactory@ATL@@@ATL@@UEAAPEAXI@Z 0000000180003ef0 f i CoinDispenser.obj
 0001:00002f48       ?Next@?$CComEnumImpl@UIEnumConnectionPoints@@$1?_GUID_b196b285_bab4_101a_b69c_00aa00341d07@@3U__s_GUID@@BPEAUIConnectionPoint@@V?$_CopyInterface@UIConnectionPoint@@@ATL@@@ATL@@UEAAJKPEAPEAUIConnectionPoint@@PEAK@Z 0000000180003f48 f i CoinDispenser.obj
 0001:0000300c       ?Skip@?$CComEnumImpl@UIEnumConnectionPoints@@$1?_GUID_b196b285_bab4_101a_b69c_00aa00341d07@@3U__s_GUID@@BPEAUIConnectionPoint@@V?$_CopyInterface@UIConnectionPoint@@@ATL@@@ATL@@UEAAJK@Z 000000018000400c f i CoinDispenser.obj
 0001:00003038       ?Clone@?$CComEnumImpl@UIEnumConnectionPoints@@$1?_GUID_b196b285_bab4_101a_b69c_00aa00341d07@@3U__s_GUID@@BPEAUIConnectionPoint@@V?$_CopyInterface@UIConnectionPoint@@@ATL@@@ATL@@UEAAJPEAPEAUIEnumConnectionPoints@@@Z 0000000180004038 f i CoinDispenser.obj
 0001:00003164       ?QueryInterface@?$CComObject@V?$CComEnum@UIEnumConnectionPoints@@$1?_GUID_b196b285_bab4_101a_b69c_00aa00341d07@@3U__s_GUID@@BPEAUIConnectionPoint@@V?$_CopyInterface@UIConnectionPoint@@@ATL@@VCComSingleThreadModel@6@@ATL@@@ATL@@UEAAJAEBU_GUID@@PEAPEAX@Z 0000000180004164 f i CoinDispenser.obj
 0001:00003178       ??_G?$CComObject@V?$CComEnum@UIEnumConnectionPoints@@$1?_GUID_b196b285_bab4_101a_b69c_00aa00341d07@@3U__s_GUID@@BPEAUIConnectionPoint@@V?$_CopyInterface@UIConnectionPoint@@@ATL@@VCComSingleThreadModel@6@@ATL@@@ATL@@UEAAPEAXI@Z 0000000180004178 f i CoinDispenser.obj
 0001:00003178       ??_E?$CComObject@V?$CComEnum@UIEnumConnectionPoints@@$1?_GUID_b196b285_bab4_101a_b69c_00aa00341d07@@3U__s_GUID@@BPEAUIConnectionPoint@@V?$_CopyInterface@UIConnectionPoint@@@ATL@@VCComSingleThreadModel@6@@ATL@@@ATL@@UEAAPEAXI@Z 0000000180004178 f i CoinDispenser.obj
 0001:000031d0       ?AddReplacement@CRegObject@ATL@@UEAAJPEB_W0@Z 00000001800041d0 f i CoinDispenser.obj
 0001:00003200       ?ClearReplacements@CRegObject@ATL@@UEAAJXZ 0000000180004200 f i CoinDispenser.obj
 0001:0000320c       ??_GCRegObject@ATL@@UEAAPEAXI@Z 000000018000420c f i CoinDispenser.obj
 0001:0000320c       ??_ECRegObject@ATL@@UEAAPEAXI@Z 000000018000420c f i CoinDispenser.obj
 0001:0000328c       ?AddRef@?$CComAggObject@VCOPOSCoinDispenser@@@ATL@@UEAAKXZ 000000018000428c f i CoinDispenser.obj
 0001:00003298       ?Release@?$CComAggObject@VCOPOSCoinDispenser@@@ATL@@UEAAKXZ 0000000180004298 f i CoinDispenser.obj
 0001:000032ec       ?QueryInterface@?$CComAggObject@VCOPOSCoinDispenser@@@ATL@@UEAAJAEBU_GUID@@PEAPEAX@Z 00000001800042ec f i CoinDispenser.obj
 0001:0000334c       ?AddRef@?$CComContainedObject@VCOPOSCoinDispenser@@@ATL@@UEAAKXZ 000000018000434c f i CoinDispenser.obj
 0001:0000335c       ?Release@?$CComContainedObject@VCOPOSCoinDispenser@@@ATL@@UEAAKXZ 000000018000435c f i CoinDispenser.obj
 0001:0000336c       ?QueryInterface@?$CComContainedObject@VCOPOSCoinDispenser@@@ATL@@UEAAJAEBU_GUID@@PEAPEAX@Z 000000018000436c f i CoinDispenser.obj
 0001:0000337c       ??_G?$CComAggObject@VCOPOSCoinDispenser@@@ATL@@UEAAPEAXI@Z 000000018000437c f i CoinDispenser.obj
 0001:0000337c       ??_E?$CComAggObject@VCOPOSCoinDispenser@@@ATL@@UEAAPEAXI@Z 000000018000437c f i CoinDispenser.obj
 0001:000033d4       ?AddRef@?$CComObject@VCOPOSCoinDispenser@@@ATL@@UEAAKXZ 00000001800043d4 f i CoinDispenser.obj
 0001:000033e4       ?Release@?$CComObject@VCOPOSCoinDispenser@@@ATL@@UEAAKXZ 00000001800043e4 f i CoinDispenser.obj
 0001:0000343c       ?QueryInterface@?$CComObject@VCOPOSCoinDispenser@@@ATL@@UEAAJAEBU_GUID@@PEAPEAX@Z 000000018000443c f i CoinDispenser.obj
 0001:00003450       ?OnDrawAdvanced@CComControlBase@ATL@@UEAAJAEAUATL_DRAWINFO@@@Z 0000000180004450 f i CoinDispenser.obj
 0001:000035dc       ??$AtlModuleRegisterWndClassInfoT@VAtlModuleRegisterWndClassInfoParamW@ATL@@@ATL@@YAGPEAU_ATL_BASE_MODULE70@0@PEAU_ATL_WIN_MODULE70@0@PEAU_ATL_WNDCLASSINFOW@0@PEAP6A_JPEAUHWND__@@I_K_J@ZVAtlModuleRegisterWndClassInfoParamW@0@@Z 00000001800045dc f i CoinDispenser.obj
 0001:000037dc       ??0?$CComContainedObject@VCOPOSCoinDispenser@@@ATL@@QEAA@PEAX@Z 00000001800047dc f i CoinDispenser.obj
 0001:000038f8       ??0?$CComObject@VCOPOSCoinDispenser@@@ATL@@QEAA@PEAX@Z 00000001800048f8 f i CoinDispenser.obj
 0001:00003a10       ??0CAtlModule@ATL@@QEAA@XZ 0000000180004a10 f i CoinDispenser.obj
 0001:00003a84       ??1?$CComEnumImpl@UIEnumConnectionPoints@@$1?_GUID_b196b285_bab4_101a_b69c_00aa00341d07@@3U__s_GUID@@BPEAUIConnectionPoint@@V?$_CopyInterface@UIConnectionPoint@@@ATL@@@ATL@@UEAA@XZ 0000000180004a84 f i CoinDispenser.obj
 0001:00003adc       ??1?$CComEnumImpl@UIEnumConnections@@$1?_GUID_b196b287_bab4_101a_b69c_00aa00341d07@@3U__s_GUID@@BUtagCONNECTDATA@@V?$_Copy@UtagCONNECTDATA@@@ATL@@@ATL@@UEAA@XZ 0000000180004adc f i CoinDispenser.obj
 0001:00003b34       ??1?$CComObject@VCOPOSCoinDispenser@@@ATL@@UEAA@XZ 0000000180004b34 f i CoinDispenser.obj
 0001:00003c54       ??_E?$CComContainedObject@VCOPOSCoinDispenser@@@ATL@@UEAAPEAXI@Z 0000000180004c54 f i CoinDispenser.obj
 0001:00003c54       ??_G?$CComContainedObject@VCOPOSCoinDispenser@@@ATL@@UEAAPEAXI@Z 0000000180004c54 f i CoinDispenser.obj
 0001:00003c88       ??_E?$CComObject@VCOPOSCoinDispenser@@@ATL@@UEAAPEAXI@Z 0000000180004c88 f i CoinDispenser.obj
 0001:00003c88       ??_G?$CComObject@VCOPOSCoinDispenser@@@ATL@@UEAAPEAXI@Z 0000000180004c88 f i CoinDispenser.obj
 0001:00003cbc       ?Add@?$CSimpleArray@GV?$CSimpleArrayEqualHelper@G@ATL@@@ATL@@QEAAHAEBG@Z 0000000180004cbc f i CoinDispenser.obj
 0001:00003d5c       ?Add@?$CSimpleMap@PEA_WPEA_WVCExpansionVectorEqualHelper@ATL@@@ATL@@QEAAHAEBQEA_W0@Z 0000000180004d5c f i CoinDispenser.obj
 0001:00003df8       ?Add@CComDynamicUnkArray@ATL@@QEAAKPEAUIUnknown@@@Z 0000000180004df8 f i CoinDispenser.obj
 0001:00003edc       ?Add@CExpansionVector@ATL@@QEAAHPEB_W0@Z 0000000180004edc f i CoinDispenser.obj
 0001:00004010       ?AddTermFunc@CAtlModule@ATL@@QEAAJP6AX_K@Z0@Z 0000000180005010 f i CoinDispenser.obj
 0001:000040ac       ?AddValue@CRegParser@ATL@@IEAAJAEAVCRegKey@2@PEB_WPEA_W@Z 00000001800050ac f i CoinDispenser.obj
 0001:000044bc       ?AllocateHeap@?$CTempBuffer@_W$0EAA@VCCRTAllocator@ATL@@@ATL@@AEAAX_K@Z 00000001800054bc f i CoinDispenser.obj
 0001:000044bc       ?AllocateHeap@?$CTempBuffer@_W$0BAA@VCCRTAllocator@ATL@@@ATL@@AEAAX_K@Z 00000001800054bc f i CoinDispenser.obj
 0001:000044bc       ?AllocateHeap@?$CTempBuffer@E$0BAA@VCCRTAllocator@ATL@@@ATL@@AEAAX_K@Z 00000001800054bc f i CoinDispenser.obj
 0001:000044e8       ?Append@CParseBuffer@CRegParser@ATL@@QEAAHPEB_WH@Z 00000001800054e8 f i CoinDispenser.obj
 0001:0000461c       ?AtlComModuleGetClassObject@ATL@@YAJPEAU_ATL_COM_MODULE70@1@AEBU_GUID@@1PEAPEAX@Z 000000018000561c f i CoinDispenser.obj
 0001:00004758       ?AtlComModuleRegisterServer@ATL@@YAJPEAU_ATL_COM_MODULE70@1@HPEBU_GUID@@@Z 0000000180005758 f i CoinDispenser.obj
 0001:00004818       ?AtlComModuleUnregisterServer@ATL@@YAJPEAU_ATL_COM_MODULE70@1@HPEBU_GUID@@@Z 0000000180005818 f i CoinDispenser.obj
 0001:000048d4       ?AtlHiMetricToPixel@ATL@@YAXPEBUtagSIZE@@PEAU2@@Z 00000001800058d4 f i CoinDispenser.obj
 0001:00004984       ?AtlHresultFromLastError@ATL@@YAJXZ 0000000180005984 f i CoinDispenser.obj
 0001:000049a4       ?AtlHresultFromWin32@ATL@@YAJK@Z 00000001800059a4 f i CoinDispenser.obj
 0001:000049b4       ?AtlInternalOleLoadFromStream@ATL@@YAJPEAUIStream@@AEBU_GUID@@PEAPEAXTClassesAllowedInStream@1@K@Z 00000001800059b4 f i CoinDispenser.obj
 0001:00004b04       ?AtlInternalQueryInterface@ATL@@YAJPEAXPEBU_ATL_INTMAP_ENTRY@1@AEBU_GUID@@PEAPEAX@Z 0000000180005b04 f i CoinDispenser.obj
 0001:00004c0c       ?AtlLoadTypeLib@ATL@@YAJPEAUHINSTANCE__@@PEB_WPEAPEA_WPEAPEAUITypeLib@@@Z 0000000180005c0c f i CoinDispenser.obj
 0001:00004e68       ?AtlRegisterClassCategoriesHelper@ATL@@YAJAEBU_GUID@@PEBU_ATL_CATMAP_ENTRY@1@H@Z 0000000180005e68 f i CoinDispenser.obj
 0001:000052ec       ?AtlRegisterTypeLib@ATL@@YAJPEAUHINSTANCE__@@PEB_W@Z 00000001800062ec f i CoinDispenser.obj
 0001:000054e8       ?AtlThrowImpl@ATL@@YAXJ@Z  00000001800064e8 f i CoinDispenser.obj
 0001:0000550c       ?AtlUnRegisterTypeLib@ATL@@YAJPEAUHINSTANCE__@@PEB_W@Z 000000018000650c f i CoinDispenser.obj
 0001:000055d4       ?AtlWinModuleExtractCreateWndData@ATL@@YAPEAXPEAU_ATL_WIN_MODULE70@1@@Z 00000001800065d4 f i CoinDispenser.obj
 0001:00005660       ?ChToByte@CRegParser@ATL@@KAE_W@Z 0000000180006660 f i CoinDispenser.obj
 0001:000056ec       ?Cleanup@CComTypeInfoHolder@ATL@@SAX_K@Z 00000001800066ec f i CoinDispenser.obj
 0001:0000572c       ?ClearReplacements@CExpansionVector@ATL@@QEAAJXZ 000000018000672c f i CoinDispenser.obj
 0001:000057c8       ?CreateInstance@?$CComCreator@V?$CComAggObject@VCOPOSCoinDispenser@@@ATL@@@ATL@@SAJPEAXAEBU_GUID@@PEAPEAX@Z 00000001800067c8 f i CoinDispenser.obj
 0001:000058ac       ?CreateInstance@?$CComCreator@V?$CComObject@VCOPOSCoinDispenser@@@ATL@@@ATL@@SAJPEAXAEBU_GUID@@PEAPEAX@Z 00000001800068ac f i CoinDispenser.obj
 0001:0000596c       ?CreateInstance@?$CComObject@V?$CComEnum@UIEnumConnectionPoints@@$1?_GUID_b196b285_bab4_101a_b69c_00aa00341d07@@3U__s_GUID@@BPEAUIConnectionPoint@@V?$_CopyInterface@UIConnectionPoint@@@ATL@@VCComSingleThreadModel@6@@ATL@@@ATL@@SAJPEAPEAV12@@Z 000000018000696c f i CoinDispenser.obj
 0001:000059fc       ?CreateInstance@?$CComObject@V?$CComEnum@UIEnumConnections@@$1?_GUID_b196b287_bab4_101a_b69c_00aa00341d07@@3U__s_GUID@@BUtagCONNECTDATA@@V?$_Copy@UtagCONNECTDATA@@@ATL@@VCComSingleThreadModel@6@@ATL@@@ATL@@SAJPEAPEAV12@@Z 00000001800069fc f i CoinDispenser.obj
 0001:00005a8c       ?DefaultReflectionHandler@?$CWindowImplRoot@VCWindow@ATL@@@ATL@@SAHPEAUHWND__@@I_K_JAEA_J@Z 0000000180006a8c f i CoinDispenser.obj
 0001:00005b20       ?DeleteSubKey@CRegKey@ATL@@QEAAJPEB_W@Z 0000000180006b20 f i CoinDispenser.obj
 0001:00005bb8       ?DoEvent@COPOSCoinDispenser@@IEAAXI_K_J@Z 0000000180006bb8 f i CoinDispenser.obj
 0001:00005c6c       ?DoVerbPrimary@?$IOleObjectImpl@VCOPOSCoinDispenser@@@ATL@@QEAAJPEBUtagRECT@@PEAUHWND__@@@Z 0000000180006c6c f i CoinDispenser.obj
 0001:00005d98       ?DoVerbProperties@CComControlBase@ATL@@QEAAJPEBUtagRECT@@PEAUHWND__@@@Z 0000000180006d98 f i CoinDispenser.obj
 0001:00005fc0       ?FireTheEvent@?$CProxy_IOPOSEvents@VCOPOSCoinDispenser@@@@IEAAXPEAVOposVariant@@IAEAJPEB_WJ@Z 0000000180006fc0 f i CoinDispenser.obj
 0001:000060ac       ?FireViewChange@CComControlBase@ATL@@QEAAJXZ 00000001800070ac f i CoinDispenser.obj
 0001:00006110       ?Fire_DirectIOEvent@?$CProxy_IOPOSEvents@VCOPOSCoinDispenser@@@@QEAAXJPEAJPEAPEA_W@Z 0000000180007110 f i CoinDispenser.obj
 0001:00006270       ?Fire_StatusUpdateEvent@?$CProxy_IOPOSEvents@VCOPOSCoinDispenser@@@@QEAAXJ@Z 0000000180007270 f i CoinDispenser.obj
 0001:0000635c       ?FreeHeap@?$CTempBuffer@_W$0BAA@VCCRTAllocator@ATL@@@ATL@@AEAAXXZ 000000018000735c f i CoinDispenser.obj
 0001:0000635c       ?FreeHeap@?$CTempBuffer@E$0BAA@VCCRTAllocator@ATL@@@ATL@@AEAAXXZ 000000018000735c f i CoinDispenser.obj
 0001:0000635c       ?FreeHeap@?$CTempBuffer@_W$0EAA@VCCRTAllocator@ATL@@@ATL@@AEAAXXZ 000000018000735c f i CoinDispenser.obj
 0001:00006364       ?GetAmbientLocaleID@CComControlBase@ATL@@QEAAJAEAK@Z 0000000180007364 f i CoinDispenser.obj
 0001:00006424       ?GetAmbientUserMode@CComControlBase@ATL@@QEAAJAEAH@Z 0000000180007424 f i CoinDispenser.obj
 0001:000064f4       ?GetClassObject@CComModule@ATL@@QEAAJAEBU_GUID@@0PEAPEAX@Z 00000001800074f4 f i CoinDispenser.obj
 0001:000065e8       ?GetConnMap@COPOSCoinDispenser@@SAPEBU_ATL_CONNMAP_ENTRY@ATL@@PEAH@Z 00000001800075e8 f i CoinDispenser.obj
 0001:00006670       ?GetIDsOfNames@CComTypeInfoHolder@ATL@@QEAAJAEBU_GUID@@PEAPEA_WIKPEAJ@Z 0000000180007670 f i CoinDispenser.obj
 0001:000067e0       ?GetPagesHelper@?$ISpecifyPropertyPagesImpl@VCOPOSCoinDispenser@@@ATL@@IEAAJPEAUtagCAUUID@@PEBUATL_PROPMAP_ENTRY@2@@Z 00000001800077e0 f i CoinDispenser.obj
 0001:00006980       ?GetSizeMax@CComVariant@ATL@@QEBAJPEAT_ULARGE_INTEGER@@@Z 0000000180007980 f i CoinDispenser.obj
 0001:00006bb0       ?GetTI@CComTypeInfoHolder@ATL@@QEAAJK@Z 0000000180007bb0 f i CoinDispenser.obj
 0001:00006e94       ?GetZoomInfo@CComControlBase@ATL@@QEAAXAEAUATL_DRAWINFO@@@Z 0000000180007e94 f i CoinDispenser.obj
 0001:00006f38       ?HKeyFromString@CRegParser@ATL@@KAPEAUHKEY__@@PEA_W@Z 0000000180007f38 f i CoinDispenser.obj
 0001:00006f9c       ?IDataObject_GetData@CComControlBase@ATL@@QEAAJPEAUtagFORMATETC@@PEAUtagSTGMEDIUM@@@Z 0000000180007f9c f i CoinDispenser.obj
 0001:00007190       ?IOleInPlaceObject_InPlaceDeactivate@CComControlBase@ATL@@QEAAJXZ 0000000180008190 f i CoinDispenser.obj
 0001:00007230       ?IOleInPlaceObject_SetObjectRects@CComControlBase@ATL@@QEAAJPEBUtagRECT@@0@Z 0000000180008230 f i CoinDispenser.obj
 0001:00007320       ?IOleInPlaceObject_UIDeactivate@CComControlBase@ATL@@QEAAJXZ 0000000180008320 f i CoinDispenser.obj
 0001:0000742c       ?IOleObject_Close@CComControlBase@ATL@@QEAAJK@Z 000000018000842c f i CoinDispenser.obj
 0001:00007544       ?IOleObject_SetClientSite@CComControlBase@ATL@@QEAAJPEAUIOleClientSite@@@Z 0000000180008544 f i CoinDispenser.obj
 0001:000075b8       ?IOleObject_SetExtent@CComControlBase@ATL@@QEAAJKPEAUtagSIZE@@@Z 00000001800085b8 f i CoinDispenser.obj
 0001:00007650       ?IPSI_GetIPersistStreamInit@?$IPersistStorageImpl@VCOPOSCoinDispenser@@@ATL@@AEAAPEAUIPersistStreamInit@@XZ 0000000180008650 f i CoinDispenser.obj
 0001:00007738       ?IPersistStreamInit_Load@?$IPersistStreamInitImpl@VCOPOSCoinDispenser@@@ATL@@QEAAJPEAUIStream@@PEBUATL_PROPMAP_ENTRY@2@@Z 0000000180008738 f i CoinDispenser.obj
 0001:00007a60       ?IPersistStreamInit_Save@?$IPersistStreamInitImpl@VCOPOSCoinDispenser@@@ATL@@QEAAJPEAUIStream@@HPEBUATL_PROPMAP_ENTRY@2@@Z 0000000180008a60 f i CoinDispenser.obj
 0001:00007cfc       ?IQuickActivate_QuickActivate@CComControlBase@ATL@@QEAAJPEAUtagQACONTAINER@@PEAUtagQACONTROL@@@Z 0000000180008cfc f i CoinDispenser.obj
 0001:00007fc0       ?IViewObject_Draw@CComControlBase@ATL@@QEAAJKJPEAXPEAUtagDVTARGETDEVICE@@PEAUHDC__@@2PEBU_RECTL@@3@Z 0000000180008fc0 f i CoinDispenser.obj
 0001:000080d4       ?InPlaceActivate@CComControlBase@ATL@@QEAAJJPEBUtagRECT@@@Z 00000001800090d4 f i CoinDispenser.obj
 0001:00008404       ?Init@?$CComEnumImpl@UIEnumConnectionPoints@@$1?_GUID_b196b285_bab4_101a_b69c_00aa00341d07@@3U__s_GUID@@BPEAUIConnectionPoint@@V?$_CopyInterface@UIConnectionPoint@@@ATL@@@ATL@@QEAAJPEAPEAUIConnectionPoint@@0PEAUIUnknown@@W4CComEnumFlags@2@@Z 0000000180009404 f i CoinDispenser.obj
 0001:00008520       ?Init@?$CComEnumImpl@UIEnumConnections@@$1?_GUID_b196b287_bab4_101a_b69c_00aa00341d07@@3U__s_GUID@@BUtagCONNECTDATA@@V?$_Copy@UtagCONNECTDATA@@@ATL@@@ATL@@QEAAJPEAUtagCONNECTDATA@@0PEAUIUnknown@@W4CComEnumFlags@2@@Z 0000000180009520 f i CoinDispenser.obj
 0001:00008640       ?IsEqualObject@?$CComPtrBase@UIOleClientSite@@@ATL@@QEAA_NPEAUIUnknown@@@Z 0000000180009640 f i CoinDispenser.obj
 0001:000086cc       ?LoadNameCache@CComTypeInfoHolder@ATL@@QEAAJPEAUITypeInfo@@@Z 00000001800096cc f i CoinDispenser.obj
 0001:0000885c       ?Lookup@?$CSimpleMap@PEA_WPEA_WVCExpansionVectorEqualHelper@ATL@@@ATL@@QEBAPEA_WAEBQEA_W@Z 000000018000985c f i CoinDispenser.obj
 0001:000088e4       ?NextToken@CRegParser@ATL@@IEAAJPEA_W@Z 00000001800098e4 f i CoinDispenser.obj
 0001:00008a80       ?OnKillFocus@CComControlBase@ATL@@QEAA_JI_K_JAEAH@Z 0000000180009a80 f i CoinDispenser.obj
 0001:00008b1c       ?OnMouseActivate@CComControlBase@ATL@@QEAA_JI_K_JAEAH@Z 0000000180009b1c f i CoinDispenser.obj
 0001:00008bbc       ?OnPaint@CComControlBase@ATL@@QEAA_JI_K_JAEAH@Z 0000000180009bbc f i CoinDispenser.obj
 0001:00008ca8       ?OnSetFocus@CComControlBase@ATL@@QEAA_JI_K_JAEAH@Z 0000000180009ca8 f i CoinDispenser.obj
 0001:00008db0       ?PreProcessBuffer@CRegParser@ATL@@QEAAJPEA_WPEAPEA_W@Z 0000000180009db0 f i CoinDispenser.obj
 0001:00009138       ?ProcessWindowMessage@?$CComControl@VCOPOSCoinDispenser@@V?$CWindowImpl@VCOPOSCoinDispenser@@VCWindow@ATL@@V?$CWinTraits@$0FGAAAAAA@$0A@@3@@ATL@@@ATL@@UEAAHPEAUHWND__@@I_K_JAEA_JK@Z 000000018000a138 f i CoinDispenser.obj
 0001:00009224       ?ReadFromStream@CComBSTR@ATL@@QEAAJPEAUIStream@@@Z 000000018000a224 f i CoinDispenser.obj
 0001:00009374       ?ReadFromStream@CComVariant@ATL@@QEAAJPEAUIStream@@GTClassesAllowedInStream@2@K@Z 000000018000a374 f i CoinDispenser.obj
 0001:000095b8       ?RecurseDeleteKey@CRegKey@ATL@@QEAAJPEB_W@Z 000000018000a5b8 f i CoinDispenser.obj
 0001:00009710       ?RegCreateKeyExW@CAtlTransactionManager@ATL@@QEAAJPEAUHKEY__@@PEB_WKPEA_WKKQEAU_SECURITY_ATTRIBUTES@@PEAPEAU3@PEAK@Z 000000018000a710 f i CoinDispenser.obj
 0001:00009844       ?RegDeleteKeyW@CAtlTransactionManager@ATL@@QEAAJPEAUHKEY__@@PEB_W@Z 000000018000a844 f i CoinDispenser.obj
 0001:000098d0       ?RegOpenKeyExW@CAtlTransactionManager@ATL@@QEAAJPEAUHKEY__@@PEB_WKKPEAPEAU3@@Z 000000018000a8d0 f i CoinDispenser.obj
 0001:00009988       ?RegisterBuffer@CRegParser@ATL@@QEAAJPEA_WH@Z 000000018000a988 f i CoinDispenser.obj
 0001:00009af4       ?RegisterFromResource@CRegObject@ATL@@IEAAJPEB_W00H@Z 000000018000aaf4 f i CoinDispenser.obj
 0001:00009cb0       ?RegisterServer@CComModule@ATL@@QEAAJHPEBU_GUID@@@Z 000000018000acb0 f i CoinDispenser.obj
 0001:00009d6c       ?RegisterSubkeys@CRegParser@ATL@@IEAAJPEA_WPEAUHKEY__@@HH@Z 000000018000ad6c f i CoinDispenser.obj
 0001:0000a5ec       ?SendOnDataChange@CComControlBase@ATL@@QEAAJK@Z 000000018000b5ec f i CoinDispenser.obj
 0001:0000a65c       ?SetControlFocus@CComControlBase@ATL@@QEAAHH@Z 000000018000b65c f i CoinDispenser.obj
 0001:0000a72c       ?SkipAssignment@CRegParser@ATL@@IEAAJPEA_W@Z 000000018000b72c f i CoinDispenser.obj
 0001:0000a7e4       ?Term@CAtlModule@ATL@@QEAAXXZ 000000018000b7e4 f i CoinDispenser.obj
 0001:0000a89c       ?Term@CComModule@ATL@@QEAAXXZ 000000018000b89c f i CoinDispenser.obj
 0001:0000a918       ?UnregisterServer@CComModule@ATL@@QEAAJHPEBU_GUID@@@Z 000000018000b918 f i CoinDispenser.obj
 0001:0000a9c8       ?UpdateRegistryFromResource@CAtlModule@ATL@@QEAAJIHPEAU_ATL_REGMAP_ENTRY@2@@Z 000000018000b9c8 f i CoinDispenser.obj
 0001:0000acd4       ?UpdateRegistryFromResource@CAtlModule@ATL@@QEAAJPEB_WHPEAU_ATL_REGMAP_ENTRY@2@@Z 000000018000bcd4 f i CoinDispenser.obj
 0001:0000aff8       ?VTFromRegType@CRegParser@ATL@@KAHPEB_WAEAG@Z 000000018000bff8 f i CoinDispenser.obj
 0001:0000b094       ?WindowProc@?$CWindowImplBaseT@VCWindow@ATL@@V?$CWinTraits@$0FGAAAAAA@$0A@@2@@ATL@@SA_JPEAUHWND__@@I_K_J@Z 000000018000c094 f i CoinDispenser.obj
 0001:0000b200       ?WriteToStream@CComVariant@ATL@@QEAAJPEAUIStream@@@Z 000000018000c200 f i CoinDispenser.obj
 0001:0000b46c       ?WriteToStream@CComVariant@ATL@@QEAAJPEAUIStream@@G@Z 000000018000c46c f i CoinDispenser.obj
 0001:0000b504       ?_AtlVerifyStackAvailable@_ATL_SAFE_ALLOCA_IMPL@ATL@@YA_N_K@Z 000000018000c504 f i CoinDispenser.obj
 0001:0000b588       ?atlCreate@?$CWindowImpl@VCOPOSCoinDispenser@@VCWindow@ATL@@V?$CWinTraits@$0FGAAAAAA@$0A@@3@@ATL@@QEAAPEAUHWND__@@PEAU3@V_U_RECT@2@PEB_WKKV_U_MENUorID@2@PEAX@Z 000000018000c588 f i CoinDispenser.obj
 0001:0000b644       ?atlCreate@?$CWindowImplBaseT@VCWindow@ATL@@V?$CWinTraits@$0FGAAAAAA@$0A@@2@@ATL@@QEAAPEAUHWND__@@PEAU3@V_U_RECT@2@PEB_WKKV_U_MENUorID@2@GPEAX@Z 000000018000c644 f i CoinDispenser.obj
 0001:0000b7b4       ?ocscpy_s@@YA_NPEA_W_KPEB_W@Z 000000018000c7b4 f i CoinDispenser.obj
 0001:0000b864       DllCanUnloadNow            000000018000c864 f   CoinDispenser.obj
 0001:0000b870       DllGetClassObject          000000018000c870 f   CoinDispenser.obj
 0001:0000b888       DllMain                    000000018000c888 f   CoinDispenser.obj
 0001:0000b930       DllRegisterServer          000000018000c930 f   CoinDispenser.obj
 0001:0000b944       DllUnregisterServer        000000018000c944 f   CoinDispenser.obj
 0001:0000b958       __local_stdio_printf_options 000000018000c958 f i CoinDispenser.obj
 0001:0000b960       swprintf_s                 000000018000c960 f i CoinDispenser.obj
 0001:0000b9b4       ??0COPOSCoinDispenser@@QEAA@XZ 000000018000c9b4 f   CoinDispenserImpl.obj
 0001:0000ba70       ??1?$IConnectionPointImpl@VCOPOSCoinDispenser@@$1?IID_IPropertyNotifySink@@3U_GUID@@BVCComDynamicUnkArray@ATL@@@ATL@@QEAA@XZ 000000018000ca70 f i CoinDispenserImpl.obj
 0001:0000ba70       ??1?$IConnectionPointImpl@VCOPOSCoinDispenser@@$1?DIID__IOPOSCoinDispenserEvents@@3U_GUID@@BVCComDynamicUnkArray@ATL@@@ATL@@QEAA@XZ 000000018000ca70 f i CoinDispenserImpl.obj
 0001:0000bacc       ??1CComControlBase@ATL@@UEAA@XZ 000000018000cacc f i CoinDispenserImpl.obj
 0001:0000bb48       ??1COPOSCoinDispenser@@UEAA@XZ 000000018000cb48 f   CoinDispenserImpl.obj
 0001:0000bbac       ?AdjustCashCounts@COPOSCoinDispenser@@UEAAJPEA_WPEAJ@Z 000000018000cbac f   CoinDispenserImpl.obj
 0001:0000bc34       ?CheckHealth@COPOSCoinDispenser@@UEAAJJPEAJ@Z 000000018000cc34 f   CoinDispenserImpl.obj
 0001:0000bcb0       ?ClaimDevice@COPOSCoinDispenser@@UEAAJJPEAJ@Z 000000018000ccb0 f   CoinDispenserImpl.obj
 0001:0000bd50       ?Close@COPOSCoinDispenser@@UEAAJPEAJ@Z 000000018000cd50 f   CoinDispenserImpl.obj
 0001:0000be08       ?CompareFirmwareVersion@COPOSCoinDispenser@@UEAAJPEA_WPEAJ1@Z 000000018000ce08 f   CoinDispenserImpl.obj
 0001:0000bee4       ?DirectIO@COPOSCoinDispenser@@UEAAJJPEAJPEAPEA_W0@Z 000000018000cee4 f   CoinDispenserImpl.obj
 0001:0000bfe0       ?DispenseChange@COPOSCoinDispenser@@UEAAJJPEAJ@Z 000000018000cfe0 f   CoinDispenserImpl.obj
 0001:0000c05c       ?DoInvoke@COPOSCoinDispenser@@IEAAJJPEAVOposVariant@@IHPEAJ_N@Z 000000018000d05c f   CoinDispenserImpl.obj
 0001:0000c190       ?EventInit@COPOSCoinDispenser@@IEAAJXZ 000000018000d190 f i CoinDispenserImpl.obj
 0001:0000c2e0       ?EventUninit@COPOSCoinDispenser@@IEAAXXZ 000000018000d2e0 f i CoinDispenserImpl.obj
 0001:0000c344       ?EventWindowProc@COPOSCoinDispenser@@IEAA_JI_K_J@Z 000000018000d344 f i CoinDispenserImpl.obj
 0001:0000c408       ?FinalConstruct@COPOSCoinDispenser@@QEAAJXZ 000000018000d408 f   CoinDispenserImpl.obj
 0001:0000c444       ?FreezeEvents@COPOSCoinDispenser@@MEAAJH@Z 000000018000d444 f   CoinDispenserImpl.obj
 0001:0000c4b0       ?GetOposProp@COPOSCoinDispenser@@IEAAJJPEAJJ@Z 000000018000d4b0 f   CoinDispenserImpl.obj
 0001:0000c5cc       ?GetOposProp@COPOSCoinDispenser@@IEAAJJPEAPEA_WJ@Z 000000018000d5cc f   CoinDispenserImpl.obj
 0001:0000c6f8       ?OnDraw@COPOSCoinDispenser@@MEAAJAEAUATL_DRAWINFO@@@Z 000000018000d6f8 f   CoinDispenserImpl.obj
 0001:0000c7e4       ?Open@COPOSCoinDispenser@@UEAAJPEA_WPEAJ@Z 000000018000d7e4 f   CoinDispenserImpl.obj
 0001:0000d058       ?ReadCashCounts@COPOSCoinDispenser@@UEAAJPEAPEA_WPEAFPEAJ@Z 000000018000e058 f   CoinDispenserImpl.obj
 0001:0000d134       ?ReleaseDevice@COPOSCoinDispenser@@UEAAJPEAJ@Z 000000018000e134 f   CoinDispenserImpl.obj
 0001:0000d1a0       ?ResetStatistics@COPOSCoinDispenser@@UEAAJPEA_WPEAJ@Z 000000018000e1a0 f   CoinDispenserImpl.obj
 0001:0000d228       ?RetrieveStatistics@COPOSCoinDispenser@@UEAAJPEAPEA_WPEAJ@Z 000000018000e228 f   CoinDispenserImpl.obj
 0001:0000d2b0       ?SOProcessID@COPOSCoinDispenser@@UEAAJPEAJ@Z 000000018000e2b0 f   CoinDispenserImpl.obj
 0001:0000d2cc       ?SetCOFreezeEvents@COPOSCoinDispenser@@IEAAXF@Z 000000018000e2cc f   CoinDispenserImpl.obj
 0001:0000d3b0       ?SetOposProp@COPOSCoinDispenser@@IEAAJJJJ@Z 000000018000e3b0 f   CoinDispenserImpl.obj
 0001:0000d510       ?UpdateFirmware@COPOSCoinDispenser@@UEAAJPEA_WPEAJ@Z 000000018000e510 f   CoinDispenserImpl.obj
 0001:0000d598       ?UpdateStatistics@COPOSCoinDispenser@@UEAAJPEA_WPEAJ@Z 000000018000e598 f   CoinDispenserImpl.obj
 0001:0000d620       ?get_BinaryConversion@COPOSCoinDispenser@@UEAAJPEAJ@Z 000000018000e620 f   CoinDispenserImpl.obj
 0001:0000d634       ?get_CapCompareFirmwareVersion@COPOSCoinDispenser@@UEAAJPEAF@Z 000000018000e634 f   CoinDispenserImpl.obj
 0001:0000d668       ?get_CapEmptySensor@COPOSCoinDispenser@@UEAAJPEAF@Z 000000018000e668 f   CoinDispenserImpl.obj
 0001:0000d698       ?get_CapJamSensor@COPOSCoinDispenser@@UEAAJPEAF@Z 000000018000e698 f   CoinDispenserImpl.obj
 0001:0000d6c8       ?get_CapNearEmptySensor@COPOSCoinDispenser@@UEAAJPEAF@Z 000000018000e6c8 f   CoinDispenserImpl.obj
 0001:0000d6f8       ?get_CapPowerReporting@COPOSCoinDispenser@@UEAAJPEAJ@Z 000000018000e6f8 f   CoinDispenserImpl.obj
 0001:0000d70c       ?get_CapStatisticsReporting@COPOSCoinDispenser@@UEAAJPEAF@Z 000000018000e70c f   CoinDispenserImpl.obj
 0001:0000d740       ?get_CapUpdateFirmware@COPOSCoinDispenser@@UEAAJPEAF@Z 000000018000e740 f   CoinDispenserImpl.obj
 0001:0000d774       ?get_CapUpdateStatistics@COPOSCoinDispenser@@UEAAJPEAF@Z 000000018000e774 f   CoinDispenserImpl.obj
 0001:0000d7a8       ?get_CheckHealthText@COPOSCoinDispenser@@UEAAJPEAPEA_W@Z 000000018000e7a8 f   CoinDispenserImpl.obj
 0001:0000d7b8       ?get_Claimed@COPOSCoinDispenser@@UEAAJPEAF@Z 000000018000e7b8 f   CoinDispenserImpl.obj
 0001:0000d7e8       ?get_ControlObjectDescription@COPOSCoinDispenser@@UEAAJPEAPEA_W@Z 000000018000e7e8 f   CoinDispenserImpl.obj
 0001:0000d84c       ?get_ControlObjectVersion@COPOSCoinDispenser@@UEAAJPEAJ@Z 000000018000e84c f   CoinDispenserImpl.obj
 0001:0000d858       ?get_DeviceDescription@COPOSCoinDispenser@@UEAAJPEAPEA_W@Z 000000018000e858 f   CoinDispenserImpl.obj
 0001:0000d868       ?get_DeviceEnabled@COPOSCoinDispenser@@UEAAJPEAF@Z 000000018000e868 f   CoinDispenserImpl.obj
 0001:0000d898       ?get_DeviceName@COPOSCoinDispenser@@UEAAJPEAPEA_W@Z 000000018000e898 f   CoinDispenserImpl.obj
 0001:0000d8a8       ?get_DispenserStatus@COPOSCoinDispenser@@UEAAJPEAJ@Z 000000018000e8a8 f   CoinDispenserImpl.obj
 0001:0000d8b8       ?get_FreezeEvents@COPOSCoinDispenser@@UEAAJPEAF@Z 000000018000e8b8 f   CoinDispenserImpl.obj
 0001:0000d8e8       ?get_OpenResult@COPOSCoinDispenser@@UEAAJPEAJ@Z 000000018000e8e8 f   CoinDispenserImpl.obj
 0001:0000d8f4       ?get_PowerNotify@COPOSCoinDispenser@@UEAAJPEAJ@Z 000000018000e8f4 f   CoinDispenserImpl.obj
 0001:0000d908       ?get_PowerState@COPOSCoinDispenser@@UEAAJPEAJ@Z 000000018000e908 f   CoinDispenserImpl.obj
 0001:0000d91c       ?get_ResultCode@COPOSCoinDispenser@@UEAAJPEAJ@Z 000000018000e91c f   CoinDispenserImpl.obj
 0001:0000d958       ?get_ResultCodeExtended@COPOSCoinDispenser@@UEAAJPEAJ@Z 000000018000e958 f   CoinDispenserImpl.obj
 0001:0000d968       ?get_ServiceObjectDescription@COPOSCoinDispenser@@UEAAJPEAPEA_W@Z 000000018000e968 f   CoinDispenserImpl.obj
 0001:0000d978       ?get_ServiceObjectVersion@COPOSCoinDispenser@@UEAAJPEAJ@Z 000000018000e978 f   CoinDispenserImpl.obj
 0001:0000d988       ?get_State@COPOSCoinDispenser@@UEAAJPEAJ@Z 000000018000e988 f   CoinDispenserImpl.obj
 0001:0000d9b4       ?put_BinaryConversion@COPOSCoinDispenser@@UEAAJJ@Z 000000018000e9b4 f   CoinDispenserImpl.obj
 0001:0000d9c8       ?put_DeviceEnabled@COPOSCoinDispenser@@UEAAJF@Z 000000018000e9c8 f   CoinDispenserImpl.obj
 0001:0000d9e0       ?put_FreezeEvents@COPOSCoinDispenser@@UEAAJF@Z 000000018000e9e0 f   CoinDispenserImpl.obj
 0001:0000da30       ?put_PowerNotify@COPOSCoinDispenser@@UEAAJJ@Z 000000018000ea30 f   CoinDispenserImpl.obj
 0001:0000da44       ?s_EventWindowProc@COPOSCoinDispenser@@KA_JPEAUHWND__@@I_K_J@Z 000000018000ea44 f i CoinDispenserImpl.obj
 0001:0000dac0       ??_U@YAPEAX_K@Z            000000018000eac0 f   LIBCMT:new_array.obj
 0001:0000dac8       ??_V@YAXPEAX@Z             000000018000eac8 f   LIBCMT:delete_array.obj
 0001:0000dac8       ??3@YAXPEAX_K@Z            000000018000eac8 f   LIBCMT:delete_scalar_size.obj
 0001:0000dad0       ??_V@YAXPEAX_K@Z           000000018000ead0 f   LIBCMT:delete_array_size.obj
 0001:0000dad8       __scrt_acquire_startup_lock 000000018000ead8 f   LIBCMT:utility.obj
 0001:0000db14       __scrt_dllmain_after_initialize_c 000000018000eb14 f   LIBCMT:utility.obj
 0001:0000db48       __scrt_dllmain_before_initialize_c 000000018000eb48 f   LIBCMT:utility.obj
 0001:0000db60       __scrt_dllmain_crt_thread_attach 000000018000eb60 f   LIBCMT:utility.obj
 0001:0000db88       __scrt_dllmain_crt_thread_detach 000000018000eb88 f   LIBCMT:utility.obj
 0001:0000dba0       __scrt_dllmain_exception_filter 000000018000eba0 f   LIBCMT:utility.obj
 0001:0000dc00       __scrt_dllmain_uninitialize_c 000000018000ec00 f   LIBCMT:utility.obj
 0001:0000dc30       __scrt_dllmain_uninitialize_critical 000000018000ec30 f   LIBCMT:utility.obj
 0001:0000dc44       __scrt_initialize_crt      000000018000ec44 f   LIBCMT:utility.obj
 0001:0000dc90       __scrt_initialize_onexit_tables 000000018000ec90 f   LIBCMT:utility.obj
 0001:0000dd1c       __scrt_is_nonwritable_in_current_image 000000018000ed1c f   LIBCMT:utility.obj
 0001:0000ddb4       __scrt_release_startup_lock 000000018000edb4 f   LIBCMT:utility.obj
 0001:0000ddd8       __scrt_uninitialize_crt    000000018000edd8 f   LIBCMT:utility.obj
 0001:0000de04       _onexit                    000000018000ee04 f   LIBCMT:utility.obj
 0001:0000de40       atexit                     000000018000ee40 f   LIBCMT:utility.obj
 0001:0000de58       ??3@YAXPEAX@Z              000000018000ee58 f   LIBCMT:delete_scalar.obj
 0001:0000df58       _Init_thread_footer        000000018000ef58 f   LIBCMT:thread_safe_statics.obj
 0001:0000dfb8       _Init_thread_header        000000018000efb8 f   LIBCMT:thread_safe_statics.obj
 0001:0000e020       _Init_thread_notify        000000018000f020 f   LIBCMT:thread_safe_statics.obj
 0001:0000e064       _Init_thread_wait          000000018000f064 f   LIBCMT:thread_safe_statics.obj
 0001:0000e0c8       __raise_securityfailure    000000018000f0c8 f   LIBCMT:gs_report.obj
 0001:0000e0fc       __report_gsfailure         000000018000f0fc f   LIBCMT:gs_report.obj
 0001:0000e1d0       __report_rangecheckfailure 000000018000f1d0 f   LIBCMT:gs_report.obj
 0001:0000e1e4       __report_securityfailure   000000018000f1e4 f   LIBCMT:gs_report.obj
 0001:0000e364       ??2@YAPEAX_KAEBUnothrow_t@std@@@Z 000000018000f364 f   LIBCMT:new_scalar_nothrow.obj
 0001:0000e378       ??_U@YAPEAX_KAEBUnothrow_t@std@@@Z 000000018000f378 f   LIBCMT:new_array_nothrow.obj
 0001:0000e380       __GSHandlerCheck           000000018000f380 f   LIBCMT:gshandler.obj
 0001:0000e3a0       __GSHandlerCheckCommon     000000018000f3a0 f   LIBCMT:gshandler.obj
 0001:0000e3fc       __GSHandlerCheck_SEH       000000018000f3fc f   LIBCMT:gshandlerseh.obj
 0001:0000e4a0       __chkstk                   000000018000f4a0 f   LIBCMT:chkstk.obj
 0001:0000e4a0       _alloca_probe              000000018000f4a0 f   LIBCMT:chkstk.obj
 0001:0000e500       __security_check_cookie    000000018000f500 f   LIBCMT:amdsecgs.obj
 0001:0000e840       _DllMainCRTStartup         000000018000f840 f   LIBCMT:dll_dllmain.obj
 0001:0000e880       ??2@YAPEAX_K@Z             000000018000f880 f   LIBCMT:new_scalar.obj
 0001:0000e8bc       __isa_available_init       000000018000f8bc f   LIBCMT:cpu_disp.obj
 0001:0000ea60       __scrt_is_ucrt_dll_in_use  000000018000fa60 f   LIBCMT:ucrt_detection.obj
 0001:0000ea6c       __crt_debugger_hook        000000018000fa6c f   LIBCMT:utility_desktop.obj
 0001:0000ea74       __scrt_fastfail            000000018000fa74 f   LIBCMT:utility_desktop.obj
 0001:0000ebc0       __security_init_cookie     000000018000fbc0 f   LIBCMT:gs_support.obj
 0001:0000ec6c       ?__scrt_initialize_type_info@@YAXXZ 000000018000fc6c f   LIBCMT:tncleanup.obj
 0001:0000ec7c       ?__scrt_uninitialize_type_info@@YAXXZ 000000018000fc7c f   LIBCMT:tncleanup.obj
 0001:0000ec88       __local_stdio_scanf_options 000000018000fc88 f i LIBCMT:default_local_stdio_options.obj
 0001:0000ec90       __scrt_initialize_default_local_stdio_options 000000018000fc90 f   LIBCMT:default_local_stdio_options.obj
 0001:0000ecac       __scrt_get_dyn_tls_init_callback 000000018000fcac f   LIBCMT:dyn_tls_init.obj
 0001:0000ecb4       _RTC_Initialize            000000018000fcb4 f   LIBCMT:initsect.obj
 0001:0000ecf0       _RTC_Terminate             000000018000fcf0 f   LIBCMT:initsect.obj
 0001:0000ed2c       ??0bad_alloc@std@@QEAA@AEBV01@@Z 000000018000fd2c f i LIBCMT:throw_bad_alloc.obj
 0001:0000ed68       ??0bad_alloc@std@@QEAA@XZ  000000018000fd68 f i LIBCMT:throw_bad_alloc.obj
 0001:0000ed88       ??0bad_array_new_length@std@@QEAA@AEBV01@@Z 000000018000fd88 f i LIBCMT:throw_bad_alloc.obj
 0001:0000edc4       ??0bad_array_new_length@std@@QEAA@XZ 000000018000fdc4 f i LIBCMT:throw_bad_alloc.obj
 0001:0000ede4       ??0exception@std@@QEAA@AEBV01@@Z 000000018000fde4 f i LIBCMT:throw_bad_alloc.obj
 0001:0000ee18       ??1bad_exception@std@@UEAA@XZ 000000018000fe18 f i libvcruntime:frame.obj
 0001:0000ee18       ??1bad_alloc@std@@UEAA@XZ  000000018000fe18 f i LIBCMT:throw_bad_alloc.obj
 0001:0000ee18       ??1bad_array_new_length@std@@UEAA@XZ 000000018000fe18 f i LIBCMT:throw_bad_alloc.obj
 0001:0000ee2c       ??_Ebad_array_new_length@std@@UEAAPEAXI@Z 000000018000fe2c f i LIBCMT:throw_bad_alloc.obj
 0001:0000ee2c       ??_Gbad_alloc@std@@UEAAPEAXI@Z 000000018000fe2c f i LIBCMT:throw_bad_alloc.obj
 0001:0000ee2c       ??_Gbad_exception@std@@UEAAPEAXI@Z 000000018000fe2c f i libvcruntime:frame.obj
 0001:0000ee2c       ??_Eexception@std@@UEAAPEAXI@Z 000000018000fe2c f i LIBCMT:throw_bad_alloc.obj
 0001:0000ee2c       ??_Gbad_array_new_length@std@@UEAAPEAXI@Z 000000018000fe2c f i LIBCMT:throw_bad_alloc.obj
 0001:0000ee2c       ??_Ebad_exception@std@@UEAAPEAXI@Z 000000018000fe2c f i libvcruntime:frame.obj
 0001:0000ee2c       ??_Ebad_alloc@std@@UEAAPEAXI@Z 000000018000fe2c f i LIBCMT:throw_bad_alloc.obj
 0001:0000ee2c       ??_Gexception@std@@UEAAPEAXI@Z 000000018000fe2c f i LIBCMT:throw_bad_alloc.obj
 0001:0000ee70       ?__scrt_throw_std_bad_alloc@@YAXXZ 000000018000fe70 f   LIBCMT:throw_bad_alloc.obj
 0001:0000ee90       ?__scrt_throw_std_bad_array_new_length@@YAXXZ 000000018000fe90 f   LIBCMT:throw_bad_alloc.obj
 0001:0000eeb0       ?what@exception@std@@UEBAPEBDXZ 000000018000feb0 f i LIBCMT:throw_bad_alloc.obj
 0001:0000eed0       ??_Gtype_info@@UEAAPEAXI@Z 000000018000fed0 f i LIBCMT:std_type_info_static.obj
 0001:0000eed0       ??_Etype_info@@UEAAPEAXI@Z 000000018000fed0 f i LIBCMT:std_type_info_static.obj
 0001:0000eefc       ??0CAtlBaseModule@ATL@@QEAA@XZ 000000018000fefc f   atls:atlbase.obj
 0001:0000efa4       ??1CAtlBaseModule@ATL@@QEAA@XZ 000000018000ffa4 f   atls:atlbase.obj
 0001:0000f0d8       ?__AllocStdCallThunk_cmn@@YAPEAXXZ 00000001800100d8 f   atls:atlthunk.obj
 0001:0000f230       AtlThunk_AllocateData      0000000180010230 f   atls:atlthunk.obj
 0001:0000f2ac       AtlThunk_DataToCode        00000001800102ac f   atls:atlthunk.obj
 0001:0000f300       AtlThunk_FreeData          0000000180010300 f   atls:atlthunk.obj
 0001:0000f360       AtlThunk_InitData          0000000180010360 f   atls:atlthunk.obj
 0001:0000f408       _get_purecall_handler      0000000180010408 f   libvcruntime:purevirt.obj
 0001:0000f414       _purecall                  0000000180010414 f   libvcruntime:purevirt.obj
 0001:0000f430       wcsstr                     0000000180010430 f   libvcruntime:wcsstr.obj
 0001:0000f660       memcmp                     0000000180010660 f   libvcruntime:memcmp.obj
 0001:0000f740       memcpy_repmovs             0000000180010740 f   libvcruntime:memcpy.obj
[...]
 0002:0000c420       $unwind$??$?RV<lambda_2d41944a1d46af3157314b8a01080d33>@@AEAV<lambda_8f455de75cd7d7f24b4096f044d8b9e6>@@V<lambda_aa500f224e6afead328df44964fe2772>@@@?$__crt_seh_guarded_call@X@@QEAAX$$QEAV<lambda_2d41944a1d46af3157314b8a01080d33>@@AEAV<lambda_8f455de75cd7d7f24b4096f044d8b9e6>@@$$QEAV<lambda_aa500f224e6afead328df44964fe2772>@@@Z 0000000180031420     libucrt:per_thread_data.obj
 0002:0000c444       $unwind$__acrt_uninitialize_locale 0000000180031444     libucrt:wsetlocale.obj
 0002:0000c444       $unwind$__acrt_get_sigabrt_handler 0000000180031444     libucrt:signal.obj
 0002:0000c44c       $unwind$??$?RV<lambda_410d79af7f07d98d83a3f525b3859a53>@@AEAV<lambda_3e16ef9562a7dcce91392c22ab16ea36>@@V<lambda_38119f0e861e05405d8a144b9b982f0a>@@@?$__crt_seh_guarded_call@X@@QEAAX$$QEAV<lambda_410d79af7f07d98d83a3f525b3859a53>@@AEAV<lambda_3e16ef9562a7dcce91392c22ab16ea36>@@$$QEAV<lambda_38119f0e861e05405d8a144b9b982f0a>@@@Z 000000018003144c     libucrt:wsetlocale.obj
 0002:0000c474       $unwind$__acrt_initialize_winapi_thunks 0000000180031474     libucrt:winapi_thunks.obj
 0002:0000c474       $unwind$__acrt_fenv_get_control 0000000180031474     libucrt:_fenvutils.obj
 0002:0000c47c       $unwind$__acrt_fp_format   000000018003147c     libucrt:cvt.obj
 0002:0000c48c       $unwind$?fp_format_e_internal@@YAHQEAD_KH_NIQEAU_strflt@@2AEAV__crt_cached_ptd_host@@@Z 000000018003148c     libucrt:cvt.obj
 0002:0000c4a8       $unwind$?fp_format_a@@YAHQEBNPEAD_KQEAD2H_NIW4__acrt_rounding_mode@@AEAV__crt_cached_ptd_host@@@Z 00000001800314a8     libucrt:cvt.obj
 0002:0000c4c4       $unwind$?fp_format_g@@YAHQEBNQEAD_K12H_NIW4__acrt_rounding_mode@@AEAV__crt_cached_ptd_host@@@Z 00000001800314c4     libucrt:cvt.obj
 0002:0000c4dc       $unwind$__acrt_initialize_lowio 00000001800314dc     libucrt:ioinit.obj
 0002:0000c4fc       $unwind$??$common_expand_argv_wildcards@D@@YAHQEAPEADQEAPEAPEAD@Z 00000001800314fc     libucrt:argv_wildcards.obj
 0002:0000c514       $unwind$__dcrt_get_narrow_environment_from_os 0000000180031514     libucrt:get_environment_from_os.obj
 0002:0000c514       $unwind$??$__acrt_convert_wcs_mbs_cp@_WDV<lambda_d8593a27d1aa8c02be35c86a17d324c4>@@U__crt_win32_buffer_internal_dynamic_resizing@@@@YAHQEB_WAEAV?$__crt_win32_buffer@DU__crt_win32_buffer_internal_dynamic_resizing@@@@AEBV<lambda_d8593a27d1aa8c02be35c86a17d324c4>@@I@Z 0000000180031514     libucrt:argv_wildcards.obj
 0002:0000c52c       $unwind$??$copy_and_add_argument_to_buffer@D@@YAHQEBD0_KAEAV?$argument_list@D@?A0x5f5c8891@@@Z 000000018003152c     libucrt:argv_wildcards.obj
 0002:0000c548       $unwind$??$expand_argument_wildcards@D@@YAHQEAD0AEAV?$argument_list@D@?A0x5f5c8891@@@Z 0000000180031548     libucrt:argv_wildcards.obj
 0002:0000c568       $unwind$__acrt_GetModuleFileNameA 0000000180031568     libucrt:getmodulefilenamea.obj
 0002:0000c584       $unwind$_setmbcp_nolock    0000000180031584     libucrt:mbctype.obj
 0002:0000c5a4       $unwind$?update_thread_multibyte_data_internal@@YAPEAU__crt_multibyte_data@@QEAU__acrt_ptd@@QEAPEAU1@@Z 00000001800315a4     libucrt:mbctype.obj
 0002:0000c5cc       $unwind$?setmbcp_internal@@YAHH_NQEAU__acrt_ptd@@QEAPEAU__crt_multibyte_data@@@Z 00000001800315cc     libucrt:mbctype.obj
 0002:0000c5e4       $unwind$?setSBUpLow@@YAXPEAU__crt_multibyte_data@@@Z 00000001800315e4     libucrt:mbctype.obj
 0002:0000c600       $unwind$??$?RV<lambda_efdfa57d1f175319df784efa44bb7b81>@@AEAV<lambda_5f0a4c1567f8adc6734073e5d1e1b35c>@@V<lambda_2e8a7d3640ea6ccb4c2413664c2db6fd>@@@?$__crt_seh_guarded_call@X@@QEAAX$$QEAV<lambda_efdfa57d1f175319df784efa44bb7b81>@@AEAV<lambda_5f0a4c1567f8adc6734073e5d1e1b35c>@@$$QEAV<lambda_2e8a7d3640ea6ccb4c2413664c2db6fd>@@@Z 0000000180031600     libucrt:mbctype.obj
 0002:0000c624       $unwind$__acrt_WideCharToMultiByte 0000000180031624     libucrt:widechartomultibyte.obj
 0002:0000c630       $unwind$raise              0000000180031630     libucrt:signal.obj
 0002:0000c66c       $unwind$??$?RV<lambda_450d765d439847d4c735a33c368b5fc0>@@AEAV<lambda_44731a7d0e6d81c3e6aa82d741081786>@@V<lambda_601a2a7da3b7a96e9554ac7215c4b07c>@@@?$__crt_seh_guarded_call@P6AXH@Z@@QEAAP6AXH@Z$$QEAV<lambda_450d765d439847d4c735a33c368b5fc0>@@AEAV<lambda_44731a7d0e6d81c3e6aa82d741081786>@@$$QEAV<lambda_601a2a7da3b7a96e9554ac7215c4b07c>@@@Z 000000018003166c     libucrt:signal.obj
 0002:0000c690       $unwind$fclose             0000000180031690     libucrt:fclose.obj
 0002:0000c690       $unwind$_fflush_nolock     0000000180031690     libucrt:fflush.obj
 0002:0000c6a0       $unwind$?common_flush_all@@YAH_N@Z 00000001800316a0     libucrt:fflush.obj
 0002:0000c6a8       $unwind$??$?RV<lambda_842d9ff0dc9ef11c61343bbaebe7f885>@@AEAV<lambda_c5860995281e5c4ce005b3de8f5874ee>@@V<lambda_d90129c13df834fdcbf8d2b88dafcf2d>@@@?$__crt_seh_guarded_call@X@@QEAAX$$QEAV<lambda_842d9ff0dc9ef11c61343bbaebe7f885>@@AEAV<lambda_c5860995281e5c4ce005b3de8f5874ee>@@$$QEAV<lambda_d90129c13df834fdcbf8d2b88dafcf2d>@@@Z 00000001800316a8     libucrt:fflush.obj
 0002:0000c6cc       $unwind$??$?RV<lambda_886d6c58226a84441f68b9f2b8217b83>@@AEAV<lambda_ab61a845afdef5b7c387490eaf3616ee>@@V<lambda_f7f22ab5edc0698d5f6905b0d3f44752>@@@?$__crt_seh_guarded_call@X@@QEAAX$$QEAV<lambda_886d6c58226a84441f68b9f2b8217b83>@@AEAV<lambda_ab61a845afdef5b7c387490eaf3616ee>@@$$QEAV<lambda_f7f22ab5edc0698d5f6905b0d3f44752>@@@Z 00000001800316cc     libucrt:fflush.obj
 0002:0000c6f4       $unwind$__acrt_update_thread_locale_data 00000001800316f4     libucrt:locale_refcounting.obj
 0002:0000c718       $unwind$__acrt_locale_free_monetary 0000000180031718     libucrt:initmon.obj
 0002:0000c720       $unwind$__acrt_locale_free_time 0000000180031720     libucrt:inittime.obj
 0002:0000c730       $unwind$__acrt_GetStringTypeA 0000000180031730     libucrt:getstringtypea.obj
 0002:0000c758       $unwind$__acrt_fp_strflt_to_string 0000000180031758     libucrt:_fptostr.obj
 0002:0000c774       $unwind$__acrt_fltout      0000000180031774     libucrt:cfout.obj
 0002:0000c794       $unwind$?divide@__crt_strtox@@YA_KAEAUbig_integer@1@AEBU21@@Z 0000000180031794     libucrt:cfout.obj
 0002:0000c7ac       $chain$0$?divide@__crt_strtox@@YA_KAEAUbig_integer@1@AEBU21@@Z 00000001800317ac     libucrt:cfout.obj
 0002:0000c7c0       $chain$1$?divide@__crt_strtox@@YA_KAEAUbig_integer@1@AEBU21@@Z 00000001800317c0     libucrt:cfout.obj
 0002:0000c7d0       $unwind$?__mbsrtowcs_utf8@__crt_mbstring@@YA_KPEA_WPEAPEBD_KPEAU_Mbstatet@@AEAV__crt_cached_ptd_host@@@Z 00000001800317d0     libucrt:mbrtowc.obj
 0002:0000c7e8       $unwind$_fcloseall         00000001800317e8     libucrt:closeall.obj
 0002:0000c80c       $unwind$__acrt_lowio_destroy_handle_array 000000018003180c     libucrt:osfinfo.obj
 0002:0000c81c       $unwind$__acrt_lowio_ensure_fh_exists 000000018003181c     libucrt:osfinfo.obj
 0002:0000c848       $unwind$qsort              0000000180031848     libucrt:qsort.obj
 0002:0000c860       $chain$4$qsort             0000000180031860     libucrt:qsort.obj
 0002:0000c884       $chain$5$qsort             0000000180031884     libucrt:qsort.obj
 0002:0000c894       $unwind$strpbrk            0000000180031894     libucrt:strpbrk.obj
 0002:0000c8a4       $unwind$fallbackMethod     00000001800318a4     libucrt:strpbrk.obj
 0002:0000c8b4       $unwind$__acrt_LCMapStringA 00000001800318b4     libucrt:lcmapstringa.obj
 0002:0000c8c4       $unwind$?__acrt_LCMapStringA_stat@@YAHPEAU__crt_locale_pointers@@PEB_WKPEBDHPEADHHH@Z 00000001800318c4     libucrt:lcmapstringa.obj
 0002:0000c8ec       $unwind$_commit            00000001800318ec     libucrt:commit.obj
 0002:0000c8f4       $unwind$??$?RV<lambda_a37b2b86f63e897a80ea819b0eb08c01>@@AEAV<lambda_38ce7e780aa69e748d6df282ebc68efe>@@V<lambda_99fb1378e971ab6e7edea83e3a7a83a2>@@@?$__crt_seh_guarded_call@H@@QEAAH$$QEAV<lambda_a37b2b86f63e897a80ea819b0eb08c01>@@AEAV<lambda_38ce7e780aa69e748d6df282ebc68efe>@@$$QEAV<lambda_99fb1378e971ab6e7edea83e3a7a83a2>@@@Z 00000001800318f4     libucrt:commit.obj
 0002:0000c918       $unwind$_write_nolock      0000000180031918     libucrt:write.obj
 0002:0000c930       $unwind$_write_internal    0000000180031930     libucrt:write.obj
 0002:0000c960       $unwind$?write_double_translated_ansi_nolock@@YA?AUwrite_result@?A0x17268360@@HQEBDIAEAV__crt_cached_ptd_host@@@Z 0000000180031960     libucrt:write.obj
 0002:0000c988       $ip2state$?write_double_translated_ansi_nolock@@YA?AUwrite_result@?A0x17268360@@HQEBDIAEAV__crt_cached_ptd_host@@@Z 0000000180031988     libucrt:write.obj
 0002:0000c990       $unwind$?write_text_ansi_nolock@@YA?AUwrite_result@?A0x17268360@@HQEBDI@Z 0000000180031990     libucrt:write.obj
 0002:0000c990       $unwind$?write_text_utf16le_nolock@@YA?AUwrite_result@?A0x17268360@@HQEBDI@Z 0000000180031990     libucrt:write.obj
 0002:0000c9b0       $unwind$?write_text_utf8_nolock@@YA?AUwrite_result@?A0x17268360@@HQEBDI@Z 00000001800319b0     libucrt:write.obj
 0002:0000c9d8       $xdatasym                  00000001800319d8     libucrt:log10.obj
 0002:0000c9e4       $unwind$__acrt_fenv_set_control 00000001800319e4     libucrt:_fenvutils.obj
 0002:0000c9f4       $unwind$?__mbrtoc32_utf8@__crt_mbstring@@YA_KPEA_UPEBD_KPEAU_Mbstatet@@AEAV__crt_cached_ptd_host@@@Z 00000001800319f4     libucrt:mbrtoc32.obj
 0002:0000ca10       $unwind$?_fclose_nolock_internal@@YAHQEAU_iobuf@@AEAV__crt_cached_ptd_host@@@Z 0000000180031a10     libucrt:fclose.obj
 0002:0000ca20       $unwind$?_fclose_internal@@YAHQEAU_iobuf@@AEAV__crt_cached_ptd_host@@@Z 0000000180031a20     libucrt:fclose.obj
 0002:0000ca44       $unwind$_putwch_nolock     0000000180031a44     libucrt:putwch.obj
 0002:0000ca4c       $unwind$common_control87   0000000180031a4c     libucrt:ieee.obj
 0002:0000ca78       $unwind$_call_matherr      0000000180031a78     libucrt:libm_error.obj
 0002:0000ca80       $unwind$_handle_error      0000000180031a80     libucrt:libm_error.obj
 0002:0000caa0       $unwind$__acrt_initialize_fma3 0000000180031aa0     libucrt:fma3_available.obj
 0002:0000caa8       $unwind$_log_special_common 0000000180031aa8     libucrt:log_special.obj
 0002:0000cab4       $unwind$_close_internal    0000000180031ab4     libucrt:close.obj
 0002:0000cabc       $unwind$??$?RV<lambda_ad8af0d99a0adf03d037d7dffe354bb5>@@AEAV<lambda_c9ba49e555ba839a7b07aa3fbecb7617>@@V<lambda_2f1ebd5d68526518146ae959c9e734c8>@@@?$__crt_seh_guarded_call@H@@QEAAH$$QEAV<lambda_ad8af0d99a0adf03d037d7dffe354bb5>@@AEAV<lambda_c9ba49e555ba839a7b07aa3fbecb7617>@@$$QEAV<lambda_2f1ebd5d68526518146ae959c9e734c8>@@@Z 0000000180031abc     libucrt:close.obj
 0002:0000cae0       $xdatasym                  0000000180031ae0     libucrt:fpsr.obj
 0002:0000cae8       $unwind$_raise_exc_ex      0000000180031ae8     libucrt:fpexcept.obj
 0002:0000cafc       $unwind$_ctrlfp            0000000180031afc     libucrt:fpctrl.obj
 0002:0000cb24       $unwind$_IsNonwritableInCurrentImage 0000000180031b24     LIBCMT:pesect.obj
 0002:0000cb48       $unwind$strrchr            0000000180031b48     libvcruntime:strrchr.obj
 0002:0000ccb0       .edata                     0000000180031cb0     OPOSCoinDispenser.exp
 0002:0000ccd8       rgpv                       0000000180031cd8     OPOSCoinDispenser.exp
 0002:0000cce8       rgszName                   0000000180031ce8     OPOSCoinDispenser.exp
 0002:0000ccf8       rgwOrd                     0000000180031cf8     OPOSCoinDispenser.exp
 0002:0000cd00       szName                     0000000180031d00     OPOSCoinDispenser.exp
 0002:0000cd16       $N00001                    0000000180031d16     OPOSCoinDispenser.exp
 0002:0000cd26       $N00002                    0000000180031d26     OPOSCoinDispenser.exp
 0002:0000cd38       $N00003                    0000000180031d38     OPOSCoinDispenser.exp
 0002:0000cd4a       $N00004                    0000000180031d4a     OPOSCoinDispenser.exp
 0002:0000d69a       .idata$6                   000000018003269a     kernel32:KERNEL32.dll
 0002:0000d8b2       .idata$6                   00000001800328b2     user32:USER32.dll
 0002:0000d9e6       .idata$6                   00000001800329e6     gdi32:GDI32.dll
 0002:0000da8c       .idata$6                   0000000180032a8c     advapi32:ADVAPI32.dll
 0002:0000dba8       .idata$6                   0000000180032ba8     ole32:ole32.dll
 0002:0000dbb2       .idata$6                   0000000180032bb2     oleaut32:OLEAUT32.dll
 0003:000001c0       ?ObjectMap@@3PAU_ATL_OBJMAP_ENTRY30@ATL@@A 00000001800341c0     CoinDispenser.obj
 0003:000002e0       ?s_SOMethodNames@@3PAPEADA 00000001800342e0     CoinDispenserImpl.obj
 0003:00000380       ?s_RequiredMethodsPerRelease@@3PAHA 0000000180034380     CoinDispenserImpl.obj
 0003:000003f0       ?__vcrt_flsindex@@3KA      00000001800343f0     libvcruntime:per_thread_data.obj
 0003:00000400       ?errno_no_memory@@3HA      0000000180034400     libucrt:errno.obj
 0003:00000404       ?doserrno_no_memory@@3KA   0000000180034404     libucrt:errno.obj
 0003:00000410       ?__acrt_flsindex@@3KA      0000000180034410     libucrt:per_thread_data.obj
 0003:000008d0       _mbctypes                  00000001800348d0     libucrt:mbctype.obj
 0003:000009e0       _mbcasemaps                00000001800349e0     libucrt:mbctype.obj
 0003:00000ae0       ?__rgctypeflag@@3PADA      0000000180034ae0     libucrt:mbctype.obj
 0003:00000af0       ?__rgcode_page_info@@3PAUcode_page_info@@A 0000000180034af0     libucrt:mbctype.obj
 0003:00000d90       ?dazSupported@?1??common_control87@@9@9 0000000180034d90     libucrt:ieee.obj
 0003:00000da0       ?__dcrt_lowio_console_output_handle@@3PEAXEA 0000000180034da0     libucrt:initcon.obj
 0003:00000db0       ?dazSupported@?1??_ctrlfp@@9@9 0000000180034db0     libucrt:fpctrl.obj
 0003:00001000       ?is_initialized_as_dll@@3_NA 0000000180035000     LIBCMT:utility.obj
 0003:00001001       ?module_local_atexit_table_initialized@@3_NA 0000000180035001     LIBCMT:utility.obj
 0003:00001008       ?module_local_atexit_table@@3U_onexit_table_t@@A 0000000180035008     LIBCMT:utility.obj
 0003:00001020       ?module_local_at_quick_exit_table@@3U_onexit_table_t@@A 0000000180035020     LIBCMT:utility.obj
 0003:00001038       ?g_tss_cv@@3U_RTL_CONDITION_VARIABLE@@A 0000000180035038     LIBCMT:thread_safe_statics.obj
 0003:00001040       ?g_tss_event@@3PEAXEA      0000000180035040     LIBCMT:thread_safe_statics.obj
 0003:00001048       ?g_tss_mutex@@3U_RTL_CRITICAL_SECTION@@A 0000000180035048     LIBCMT:thread_safe_statics.obj
 0003:00001070       ?g_sleep_condition_variable_cs@@3P6AHPEAU_RTL_CONDITION_VARIABLE@@PEAU_RTL_CRITICAL_SECTION@@K@ZEA 0000000180035070     LIBCMT:thread_safe_statics.obj
 0003:00001078       ?g_wake_all_condition_variable@@3P6AXPEAU_RTL_CONDITION_VARIABLE@@@ZEA 0000000180035078     LIBCMT:thread_safe_statics.obj
 0003:00001080       GS_ExceptionRecord         0000000180035080     LIBCMT:gs_report.obj
 0003:00001120       GS_ContextRecord           0000000180035120     LIBCMT:gs_report.obj
 0003:000015f4       ?__proc_attached@@3HA      00000001800355f4     LIBCMT:dll_dllmain.obj
 0003:00001688       ?AllocateData@@3P6APEAUAtlThunkData_t@@XZEA 0000000180035688     atls:atlthunk.obj
 0003:00001690       ?InitData@@3P6AXPEAUAtlThunkData_t@@PEAX_K@ZEA 0000000180035690     atls:atlthunk.obj
 0003:00001698       ?DataToCode@@3P6AP6A_JPEAUHWND__@@I_K_J@ZPEAUAtlThunkData_t@@@ZEA 0000000180035698     atls:atlthunk.obj
 0003:000016a0       ?FreeData@@3P6AXPEAUAtlThunkData_t@@@ZEA 00000001800356a0     atls:atlthunk.obj
 0003:000016a8       ?Initialized@@3_NA         00000001800356a8     atls:atlthunk.obj
 0003:000016c0       ?__vcrt_startup_thread_ptd@@3U__vcrt_ptd@@A 00000001800356c0     libvcruntime:per_thread_data.obj
 0003:00001740       __vcrt_lock_table          0000000180035740     libvcruntime:locks.obj
 0003:00001768       __vcrt_locks_initialized   0000000180035768     libvcruntime:locks.obj
 0003:000017b0       ?heap@@3V_HeapManager@@A   00000001800357b0     libvcruntime:undname.obj
 0003:000017d8       ?module_handles@@3PAPEAUHINSTANCE__@@A 00000001800357d8     libvcruntime:winapi_downlevel.obj
 0003:000017f0       ?function_pointers@@3PAPEAXA 00000001800357f0     libvcruntime:winapi_downlevel.obj
 0003:00001818       ?__acrt_invalid_parameter_handler@@3V?$dual_state_global@P6AXPEB_W00I_K@Z@__crt_state_management@@A 0000000180035818     libucrt:invalid_parameter.obj
 0003:00001820       ?c_termination_complete@@3JA 0000000180035820     libucrt:exit.obj
 0003:00001828       ?thread_local_exit_callback_func@@3P6AXPEAXK0@ZEA 0000000180035828     libucrt:exit.obj
 0003:00001840       ?program_name@?1???$common_configure_argv@D@@YAHW4_crt_argv_mode@@@Z@4PADA 0000000180035840     libucrt:argv_parsing.obj
 0003:00001998       ?__acrt_new_handler@@3V?$dual_state_global@P6AH_K@Z@__crt_state_management@@A 0000000180035998     libucrt:new_handler.obj
 0003:000019b0       ?module_handles@@3PAPEAUHINSTANCE__@@A 00000001800359b0     libucrt:winapi_thunks.obj
 0003:00001a50       ?encoded_function_pointers@@3PAPEAXA 0000000180035a50     libucrt:winapi_thunks.obj
 0003:00001b40       ?internal_state@?1??_mbtowc_internal@@9@4U_Mbstatet@@A 0000000180035b40     libucrt:mbtowc.obj
 0003:00001b58       ?enable_percent_n@@3_KA    0000000180035b58     libucrt:printf_count_output.obj
 0003:00001f80       ?__acrt_lock_table@@3PAU_RTL_CRITICAL_SECTION@@A 0000000180035f80     libucrt:locks.obj
 0003:000021b0       ?__acrt_locks_initialized@@3IA 00000001800361b0     libucrt:locks.obj
 0003:000021d0       ?fSystemSet@@3HA           00000001800361d0     libucrt:mbctype.obj
 0003:000021d4       ?initialized@?1??__acrt_initialize_multibyte@@9@4_NA 00000001800361d4     libucrt:mbctype.obj
 0003:00002210       ?ctrlc_action@@3V?$dual_state_global@P6AXH@Z@__crt_state_management@@A 0000000180036210     libucrt:signal.obj
 0003:00002218       ?ctrlbreak_action@@3V?$dual_state_global@P6AXH@Z@__crt_state_management@@A 0000000180036218     libucrt:signal.obj
 0003:00002220       ?abort_action@@3V?$dual_state_global@P6AXH@Z@__crt_state_management@@A 0000000180036220     libucrt:signal.obj
 0003:00002228       ?term_action@@3V?$dual_state_global@P6AXH@Z@__crt_state_management@@A 0000000180036228     libucrt:signal.obj
 0003:00002230       ?user_matherr@@3V?$dual_state_global@P6AHPEAU_exception@@@Z@__crt_state_management@@A 0000000180036230     libucrt:matherr.obj
 0003:00002240       ?__acrt_global_new_mode@@3V?$dual_state_global@J@__crt_state_management@@A 0000000180036240     libucrt:new_mode.obj
 0003:00002248       ?internal_pst@?1??__mbrtoc32_utf8@__crt_mbstring@@YA_KPEA_UPEBD_KPEAU_Mbstatet@@AEAV__crt_cached_ptd_host@@@Z@4U3@A 0000000180036248     libucrt:mbrtoc32.obj
 0003:00002250       ?__acrt_app_type@@3W4_crt_app_type@@A 0000000180036250     libucrt:report_runtime_error.obj
 0005:00000000       MoveSmall                  0000000180039000     libvcruntime:memcpy.obj
 0005:00000040       MoveSmallYmm               0000000180039040     libvcruntime:memcpy.obj
 0005:00000064       MoveSmallYmmNT             0000000180039064     libvcruntime:memcpy.obj
 0005:00000088       MoveSmallXmm               0000000180039088     libvcruntime:memcpy.obj
 0005:000000b0       MsetTab                    00000001800390b0     libvcruntime:memset.obj
 0006:00000220       $R000000                   000000018003a220     CoinDispenser.res
 0006:00000bc8       $R0009A8                   000000018003abc8     CoinDispenser.res
 0006:00000cb0       $R000A90                   000000018003acb0     CoinDispenser.res
 0006:00000f18       $R000CF8                   000000018003af18     CoinDispenser.res
 0006:00001498       $R001278                   000000018003b498     CoinDispenser.res
 0006:00003b58       $R003938                   000000018003db58     CoinDispenser.res
 0006:00003b98       $R003978                   000000018003db98     CoinDispenser.res
