 OPOSElectronicValueRW

 Timestamp is 5ed457ef (Mon Jun  1 10:20:47 2020)

 Preferred load address is 0000000180000000

 Start         Length     Name                   Class
 0001:00000000 000000c0H .text$di                CODE
 0001:000000c0 00024200H .text$mn                CODE
 0001:000242c0 00000040H .text$mn$00             CODE
 0001:00024300 000004b0H .text$x                 CODE
 0001:000247b0 00000078H .text$yd                CODE
 0002:00000000 00000618H .idata$5                DATA
 0002:00000618 00000028H .00cfg                  DATA
 0002:00000640 00000008H .CRT$XCA                DATA
 0002:00000648 00000008H .CRT$XCL                DATA
 0002:00000650 00000020H .CRT$XCU                DATA
 0002:00000670 00000008H .CRT$XCZ                DATA
 0002:00000678 00000008H .CRT$XIA                DATA
 0002:00000680 00000020H .CRT$XIC                DATA
 0002:000006a0 00000008H .CRT$XIZ                DATA
 0002:000006a8 00000008H .CRT$XLA                DATA
 0002:000006b0 00000008H .CRT$XLZ                DATA
 0002:000006b8 00000008H .CRT$XPA                DATA
 0002:000006c0 00000010H .CRT$XPX                DATA
 0002:000006d0 00000008H .CRT$XPXA               DATA
 0002:000006d8 00000008H .CRT$XPZ                DATA
 0002:000006e0 00000008H .CRT$XTA                DATA
 0002:000006e8 00000008H .CRT$XTZ                DATA
 0002:000006f0 00000000H .gfids$y                DATA
 0002:000006f0 0000b3c0H .rdata                  DATA
 0002:0000bab0 00000028H .rdata$T                DATA
 0002:0000bad8 00000274H .rdata$r                DATA
 0002:0000bd4c 00000414H .rdata$zzzdbg           DATA
 0002:0000c160 00000008H .rtc$IAA                DATA
 0002:0000c168 00000008H .rtc$IZZ                DATA
 0002:0000c170 00000008H .rtc$TAA                DATA
 0002:0000c178 00000008H .rtc$TZZ                DATA
 0002:0000c180 00000004H .tls                    DATA
 0002:0000c184 00000004H .tls$                   DATA
 0002:0000c188 00000008H .tls$ZZZ                DATA
 0002:0000c190 00001730H .xdata                  DATA
 0002:0000d8c0 00000150H .xdata$x                DATA
 0002:0000da10 00000008H ATL$__a                 DATA
 0002:0000da18 00000008H ATL$__z                 DATA
 0002:0000da20 000000b4H .edata                  DATA
 0002:0000dad4 00000078H .idata$2                DATA
 0002:0000db4c 00000014H .idata$3                DATA
 0002:0000db60 00000618H .idata$4                DATA
 0002:0000e178 00000c2aH .idata$6                DATA
 0003:00000000 00000f18H .data                   DATA
 0003:00000f18 000000c8H .data$r                 DATA
 0003:00000fe0 0000140cH .bss                    DATA
 0004:00000000 00002268H .pdata                  DATA
 0005:00000000 00000094H _RDATA                  DATA
 0006:00000000 00000220H .rsrc$01                DATA
 0006:00000220 00007ef8H .rsrc$02                DATA

  Address         Publics by Value              Rva+Base               Lib:Object

 0000:00000000       __guard_fids_count         0000000000000000     <absolute>
 0000:00000000       __x64_code_ranges_to_entry_points 0000000000000000     <absolute>
 0000:00000000       __guard_longjmp_count      0000000000000000     <absolute>
 0000:00000000       __guard_longjmp_table      0000000000000000     <absolute>
 0000:00000000       __arm64x_redirection_metadata 0000000000000000     <absolute>
 0000:00000000       __hybrid_code_map          0000000000000000     <absolute>
 0000:00000000       __guard_iat_count          0000000000000000     <absolute>
 0000:00000000       __guard_iat_table          0000000000000000     <absolute>
 0000:00000000       __guard_eh_cont_count      0000000000000000     <absolute>
 0000:00000000       __arm64x_native_entrypoint 0000000000000000     <absolute>
 0000:00000000       __volatile_metadata        0000000000000000     <absolute>
 0000:00000000       __hybrid_code_map_count    0000000000000000     <absolute>
 0000:00000000       __guard_eh_cont_table      0000000000000000     <absolute>
 0000:00000000       __enclave_config           0000000000000000     <absolute>
 0000:00000000       ___safe_se_handler_count   0000000000000000     <absolute>
 0000:00000000       __AbsoluteZero             0000000000000000     <absolute>
 0000:00000000       ___safe_se_handler_table   0000000000000000     <absolute>
 0000:00000000       __dynamic_value_reloc_table 0000000000000000     <absolute>
 0000:00000000       __guard_fids_table         0000000000000000     <absolute>
 0000:00000000       __hybrid_auxiliary_iat     0000000000000000     <absolute>
 0000:00000100       __guard_flags              0000000000000100     <absolute>
 0000:00000000       __ImageBase                0000000180000000     <linker-defined>
 0001:000000c0       ?DupWide@_CW@@AEAAXXZ      00000001800010c0 f   CWString.obj
 0001:000000e8       ?cw_dup@@YAXPEBDAEAHAEAPEA_W1@Z 00000001800010e8 f   CWString.obj
 0001:000001c8       ?cw_memcpy@@YAHPEA_WPEBDH@Z 00000001800011c8 f   CWString.obj
 0001:00000214       ?cw_strcpy@@YAHPEA_WPEBD@Z 0000000180001214 f   CWString.obj
 0001:00000228       ??0CAtlComModule@ATL@@QEAA@XZ 0000000180001228 f i OposVariant.obj
 0001:000002a8       ??0CAtlWinModule@ATL@@QEAA@XZ 00000001800012a8 f i OposVariant.obj
 0001:00000314       ??0OposDispParms@@QEAA@PEAVOposVariant@@H@Z 0000000180001314 f   OposVariant.obj
 0001:000003bc       ??1OposDispParms@@QEAA@XZ  00000001800013bc f   OposVariant.obj
 0001:000003d4       ??_Estringdispid@CComTypeInfoHolder@ATL@@QEAAPEAXI@Z 00000001800013d4 f i OposVariant.obj
 0001:00000478       ?AtlWinModuleTerm@ATL@@YAJPEAU_ATL_WIN_MODULE70@1@PEAUHINSTANCE__@@@Z 0000000180001478 f i OposVariant.obj
 0001:00000528       ?ChangeBSTR@OposVariant@@QEAAXPEAPEA_WAEAJ@Z 0000000180001528 f   OposVariant.obj
 0001:00000588       ?ChangeCURRENCY@OposVariant@@QEAAXPEATtagCY@@AEAJ@Z 0000000180001588 f   OposVariant.obj
 0001:000005e8       ?ChangeLONG@OposVariant@@QEAAXPEAJAEAJ@Z 00000001800015e8 f   OposVariant.obj
 0001:00000644       ?GetLONG@OposVariant@@QEAAJXZ 0000000180001644 f   OposVariant.obj
 0001:00000668       ?SetBSTR@OposVariant@@QEAAXPEA_WAEAJ@Z 0000000180001668 f   OposVariant.obj
 0001:000006a8       ?SetBSTR_Copy@OposVariant@@QEAAXPEA_WAEAJ@Z 00000001800016a8 f   OposVariant.obj
 0001:00000718       ?SetBSTR_InOutPtr@OposVariant@@QEAA_NPEAPEA_WAEAJ@Z 0000000180001718 f   OposVariant.obj
 0001:00000768       ?SetCURRENCY@OposVariant@@QEAAXTtagCY@@@Z 0000000180001768 f   OposVariant.obj
 0001:0000079c       ?SetDispatch_Ptr@OposVariant@@QEAAXPEAUIDispatch@@AEAJ@Z 000000018000179c f   OposVariant.obj
 0001:000007f4       ?SetLONG@OposVariant@@QEAAXJ@Z 00000001800017f4 f   OposVariant.obj
 0001:00000824       ?SetLONG_Ptr@OposVariant@@QEAAXPEAJAEAJ@Z 0000000180001824 f   OposVariant.obj
 0001:00000870       ?SetString@OposVariant@@QEAAXPEB_WAEAJ@Z 0000000180001870 f   OposVariant.obj
 0001:000008d4       ?SetVARIANT_BOOL@OposVariant@@QEAAXF@Z 00000001800018d4 f   OposVariant.obj
 0001:0000090c       ?Term@CAtlComModule@ATL@@QEAAXXZ 000000018000190c f i OposVariant.obj
 0001:0000097c       ?_AtlInitializeCriticalSectionEx@ATL@@YAHPEAU_RTL_CRITICAL_SECTION@@KK@Z 000000018000197c f i OposVariant.obj
 0001:00000984       ?_AtlRaiseException@ATL@@YAXKK@Z 0000000180001984 f i OposVariant.obj
 0001:00000994       ?GetWindowProc@?$CWindowImplBaseT@VCWindow@ATL@@V?$CWinTraits@$0FGAAAAAA@$0A@@2@@ATL@@UEAAP6A_JPEAUHWND__@@I_K_J@ZXZ 0000000180001994 f i ElectronicValueRW.obj
 0001:0000099c       ?StartWindowProc@?$CWindowImplBaseT@VCWindow@ATL@@V?$CWinTraits@$0FGAAAAAA@$0A@@2@@ATL@@SA_JPEAUHWND__@@I_K_J@Z 000000018000199c f i ElectronicValueRW.obj
 0001:00000a60       ??_E?$CComObject@VCOPOSElectronicValueRW@@@ATL@@W7EAAPEAXI@Z 0000000180001a60 f i ElectronicValueRW.obj
 0001:00000a6c       ??_E?$CComObject@VCOPOSElectronicValueRW@@@ATL@@WHA@EAAPEAXI@Z 0000000180001a6c f i ElectronicValueRW.obj
 0001:00000a78       ?QueryInterface@?$CComObject@VCOPOSElectronicValueRW@@@ATL@@WLI@EAAJAEBU_GUID@@PEAPEAX@Z 0000000180001a78 f i ElectronicValueRW.obj
 0001:00000a84       ?AddRef@?$CComObject@VCOPOSElectronicValueRW@@@ATL@@WLI@EAAKXZ 0000000180001a84 f i ElectronicValueRW.obj
 0001:00000a90       ?Release@?$CComObject@VCOPOSElectronicValueRW@@@ATL@@WLI@EAAKXZ 0000000180001a90 f i ElectronicValueRW.obj
 0001:00000a9c       ?QueryInterface@?$CComObject@VCOPOSElectronicValueRW@@@ATL@@WMA@EAAJAEBU_GUID@@PEAPEAX@Z 0000000180001a9c f i ElectronicValueRW.obj
 0001:00000aa8       ?AddRef@?$CComObject@VCOPOSElectronicValueRW@@@ATL@@WMA@EAAKXZ 0000000180001aa8 f i ElectronicValueRW.obj
 0001:00000ab4       ?Release@?$CComObject@VCOPOSElectronicValueRW@@@ATL@@WMA@EAAKXZ 0000000180001ab4 f i ElectronicValueRW.obj
 0001:00000ac0       ?QueryInterface@?$CComObject@VCOPOSElectronicValueRW@@@ATL@@WMI@EAAJAEBU_GUID@@PEAPEAX@Z 0000000180001ac0 f i ElectronicValueRW.obj
 0001:00000acc       ?AddRef@?$CComObject@VCOPOSElectronicValueRW@@@ATL@@WMI@EAAKXZ 0000000180001acc f i ElectronicValueRW.obj
 0001:00000ad8       ?Release@?$CComObject@VCOPOSElectronicValueRW@@@ATL@@WMI@EAAKXZ 0000000180001ad8 f i ElectronicValueRW.obj
 0001:00000ae4       ?QueryInterface@?$CComObject@VCOPOSElectronicValueRW@@@ATL@@WNA@EAAJAEBU_GUID@@PEAPEAX@Z 0000000180001ae4 f i ElectronicValueRW.obj
 0001:00000af0       ?AddRef@?$CComObject@VCOPOSElectronicValueRW@@@ATL@@WNA@EAAKXZ 0000000180001af0 f i ElectronicValueRW.obj
 0001:00000afc       ?Release@?$CComObject@VCOPOSElectronicValueRW@@@ATL@@WNA@EAAKXZ 0000000180001afc f i ElectronicValueRW.obj
 0001:00000b08       ?QueryInterface@?$CComObject@VCOPOSElectronicValueRW@@@ATL@@WNI@EAAJAEBU_GUID@@PEAPEAX@Z 0000000180001b08 f i ElectronicValueRW.obj
 0001:00000b14       ?ObjectMain@CComObjectRootBase@ATL@@SAX_N@Z 0000000180001b14 f i ElectronicValueRW.obj
 0001:00000b14       ?OnFinalMessage@?$CWindowImplBaseT@VCWindow@ATL@@V?$CWinTraits@$0FGAAAAAA@$0A@@2@@ATL@@UEAAXPEAUHWND__@@@Z 0000000180001b14 f i ElectronicValueRW.obj
 0001:00000b14       _guard_check_icall_nop     0000000180001b14 f i LIBCMT:guard_support.obj
 0001:00000b18       ?AddRef@?$CComObject@VCOPOSElectronicValueRW@@@ATL@@WNI@EAAKXZ 0000000180001b18 f i ElectronicValueRW.obj
 0001:00000b24       ?Release@?$CComObject@VCOPOSElectronicValueRW@@@ATL@@WNI@EAAKXZ 0000000180001b24 f i ElectronicValueRW.obj
 0001:00000b30       ?QueryInterface@?$CComObject@VCOPOSElectronicValueRW@@@ATL@@WOA@EAAJAEBU_GUID@@PEAPEAX@Z 0000000180001b30 f i ElectronicValueRW.obj
 0001:00000b3c       ?AddRef@?$CComObject@VCOPOSElectronicValueRW@@@ATL@@WOA@EAAKXZ 0000000180001b3c f i ElectronicValueRW.obj
 0001:00000b48       ?Release@?$CComObject@VCOPOSElectronicValueRW@@@ATL@@WOA@EAAKXZ 0000000180001b48 f i ElectronicValueRW.obj
 0001:00000b54       ?QueryInterface@?$CComObject@VCOPOSElectronicValueRW@@@ATL@@WOI@EAAJAEBU_GUID@@PEAPEAX@Z 0000000180001b54 f i ElectronicValueRW.obj
 0001:00000b60       ?AddRef@?$CComObject@VCOPOSElectronicValueRW@@@ATL@@WOI@EAAKXZ 0000000180001b60 f i ElectronicValueRW.obj
 0001:00000b6c       ?Release@?$CComObject@VCOPOSElectronicValueRW@@@ATL@@WOI@EAAKXZ 0000000180001b6c f i ElectronicValueRW.obj
 0001:00000b78       ?QueryInterface@?$CComObject@VCOPOSElectronicValueRW@@@ATL@@WPA@EAAJAEBU_GUID@@PEAPEAX@Z 0000000180001b78 f i ElectronicValueRW.obj
 0001:00000b84       ?AddRef@?$CComObject@VCOPOSElectronicValueRW@@@ATL@@WPA@EAAKXZ 0000000180001b84 f i ElectronicValueRW.obj
 0001:00000b90       ?Release@?$CComObject@VCOPOSElectronicValueRW@@@ATL@@WPA@EAAKXZ 0000000180001b90 f i ElectronicValueRW.obj
 0001:00000b9c       ?QueryInterface@?$CComObject@VCOPOSElectronicValueRW@@@ATL@@WPI@EAAJAEBU_GUID@@PEAPEAX@Z 0000000180001b9c f i ElectronicValueRW.obj
 0001:00000ba8       ?AddRef@?$CComObject@VCOPOSElectronicValueRW@@@ATL@@WPI@EAAKXZ 0000000180001ba8 f i ElectronicValueRW.obj
 0001:00000bb4       ?Release@?$CComObject@VCOPOSElectronicValueRW@@@ATL@@WPI@EAAKXZ 0000000180001bb4 f i ElectronicValueRW.obj
 0001:00000bc0       ?QueryInterface@?$CComObject@VCOPOSElectronicValueRW@@@ATL@@WBAA@EAAJAEBU_GUID@@PEAPEAX@Z 0000000180001bc0 f i ElectronicValueRW.obj
 0001:00000bcc       ?AddRef@?$CComObject@VCOPOSElectronicValueRW@@@ATL@@WBAA@EAAKXZ 0000000180001bcc f i ElectronicValueRW.obj
 0001:00000bd8       ?Release@?$CComObject@VCOPOSElectronicValueRW@@@ATL@@WBAA@EAAKXZ 0000000180001bd8 f i ElectronicValueRW.obj
 0001:00000be4       ?QueryInterface@?$CComObject@VCOPOSElectronicValueRW@@@ATL@@WBAI@EAAJAEBU_GUID@@PEAPEAX@Z 0000000180001be4 f i ElectronicValueRW.obj
 0001:00000bf0       ?AddRef@?$CComObject@VCOPOSElectronicValueRW@@@ATL@@WBAI@EAAKXZ 0000000180001bf0 f i ElectronicValueRW.obj
 0001:00000bfc       ?Release@?$CComObject@VCOPOSElectronicValueRW@@@ATL@@WBAI@EAAKXZ 0000000180001bfc f i ElectronicValueRW.obj
 0001:00000c08       ?QueryInterface@?$CComObject@VCOPOSElectronicValueRW@@@ATL@@WBBA@EAAJAEBU_GUID@@PEAPEAX@Z 0000000180001c08 f i ElectronicValueRW.obj
 0001:00000c14       ?AddRef@?$CComObject@VCOPOSElectronicValueRW@@@ATL@@WBBA@EAAKXZ 0000000180001c14 f i ElectronicValueRW.obj
 0001:00000c20       ?Release@?$CComObject@VCOPOSElectronicValueRW@@@ATL@@WBBA@EAAKXZ 0000000180001c20 f i ElectronicValueRW.obj
 0001:00000c2c       ?QueryInterface@?$CComObject@VCOPOSElectronicValueRW@@@ATL@@WBBI@EAAJAEBU_GUID@@PEAPEAX@Z 0000000180001c2c f i ElectronicValueRW.obj
 0001:00000c38       ?AddRef@?$CComObject@VCOPOSElectronicValueRW@@@ATL@@WBBI@EAAKXZ 0000000180001c38 f i ElectronicValueRW.obj
 0001:00000c44       ?Release@?$CComObject@VCOPOSElectronicValueRW@@@ATL@@WBBI@EAAKXZ 0000000180001c44 f i ElectronicValueRW.obj
 0001:00000c50       ?AddRef@?$CComObject@VCOPOSElectronicValueRW@@@ATL@@WBCI@EAAKXZ 0000000180001c50 f i ElectronicValueRW.obj
 0001:00000c5c       ?Release@?$CComObject@VCOPOSElectronicValueRW@@@ATL@@WBCI@EAAKXZ 0000000180001c5c f i ElectronicValueRW.obj
 0001:00000c68       ?AddRef@?$CComObject@VCOPOSElectronicValueRW@@@ATL@@WBEA@EAAKXZ 0000000180001c68 f i ElectronicValueRW.obj
 0001:00000c74       ?Release@?$CComObject@VCOPOSElectronicValueRW@@@ATL@@WBEA@EAAKXZ 0000000180001c74 f i ElectronicValueRW.obj
 0001:00000c80       ??_E?$CComContainedObject@VCOPOSElectronicValueRW@@@ATL@@W7EAAPEAXI@Z 0000000180001c80 f i ElectronicValueRW.obj
 0001:00000c8c       ??_E?$CComContainedObject@VCOPOSElectronicValueRW@@@ATL@@WHA@EAAPEAXI@Z 0000000180001c8c f i ElectronicValueRW.obj
 0001:00000c98       ?QueryInterface@?$CComContainedObject@VCOPOSElectronicValueRW@@@ATL@@WLI@EAAJAEBU_GUID@@PEAPEAX@Z 0000000180001c98 f i ElectronicValueRW.obj
 0001:00000ca4       ?AddRef@?$CComContainedObject@VCOPOSElectronicValueRW@@@ATL@@WLI@EAAKXZ 0000000180001ca4 f i ElectronicValueRW.obj
 0001:00000cb0       ?Release@?$CComContainedObject@VCOPOSElectronicValueRW@@@ATL@@WLI@EAAKXZ 0000000180001cb0 f i ElectronicValueRW.obj
 0001:00000cbc       ?QueryInterface@?$CComContainedObject@VCOPOSElectronicValueRW@@@ATL@@WMA@EAAJAEBU_GUID@@PEAPEAX@Z 0000000180001cbc f i ElectronicValueRW.obj
 0001:00000cc8       ?AddRef@?$CComContainedObject@VCOPOSElectronicValueRW@@@ATL@@WMA@EAAKXZ 0000000180001cc8 f i ElectronicValueRW.obj
 0001:00000cd4       ?Release@?$CComContainedObject@VCOPOSElectronicValueRW@@@ATL@@WMA@EAAKXZ 0000000180001cd4 f i ElectronicValueRW.obj
 0001:00000ce0       ?QueryInterface@?$CComContainedObject@VCOPOSElectronicValueRW@@@ATL@@WMI@EAAJAEBU_GUID@@PEAPEAX@Z 0000000180001ce0 f i ElectronicValueRW.obj
 0001:00000cec       ?AddRef@?$CComContainedObject@VCOPOSElectronicValueRW@@@ATL@@WMI@EAAKXZ 0000000180001cec f i ElectronicValueRW.obj
 0001:00000cf8       ?Release@?$CComContainedObject@VCOPOSElectronicValueRW@@@ATL@@WMI@EAAKXZ 0000000180001cf8 f i ElectronicValueRW.obj
 0001:00000d04       ?QueryInterface@?$CComContainedObject@VCOPOSElectronicValueRW@@@ATL@@WNA@EAAJAEBU_GUID@@PEAPEAX@Z 0000000180001d04 f i ElectronicValueRW.obj
 0001:00000d10       ?AddRef@?$CComContainedObject@VCOPOSElectronicValueRW@@@ATL@@WNA@EAAKXZ 0000000180001d10 f i ElectronicValueRW.obj
 0001:00000d1c       ?Release@?$CComContainedObject@VCOPOSElectronicValueRW@@@ATL@@WNA@EAAKXZ 0000000180001d1c f i ElectronicValueRW.obj
 0001:00000d28       ?QueryInterface@?$CComContainedObject@VCOPOSElectronicValueRW@@@ATL@@WNI@EAAJAEBU_GUID@@PEAPEAX@Z 0000000180001d28 f i ElectronicValueRW.obj
 0001:00000d34       ?AddRef@?$CComContainedObject@VCOPOSElectronicValueRW@@@ATL@@WNI@EAAKXZ 0000000180001d34 f i ElectronicValueRW.obj
 0001:00000d40       ?Release@?$CComContainedObject@VCOPOSElectronicValueRW@@@ATL@@WNI@EAAKXZ 0000000180001d40 f i ElectronicValueRW.obj
 0001:00000d4c       ?QueryInterface@?$CComContainedObject@VCOPOSElectronicValueRW@@@ATL@@WOA@EAAJAEBU_GUID@@PEAPEAX@Z 0000000180001d4c f i ElectronicValueRW.obj
 0001:00000d58       ?AddRef@?$CComContainedObject@VCOPOSElectronicValueRW@@@ATL@@WOA@EAAKXZ 0000000180001d58 f i ElectronicValueRW.obj
 0001:00000d64       ?Release@?$CComContainedObject@VCOPOSElectronicValueRW@@@ATL@@WOA@EAAKXZ 0000000180001d64 f i ElectronicValueRW.obj
 0001:00000d70       ?QueryInterface@?$CComContainedObject@VCOPOSElectronicValueRW@@@ATL@@WOI@EAAJAEBU_GUID@@PEAPEAX@Z 0000000180001d70 f i ElectronicValueRW.obj
 0001:00000d7c       ?AddRef@?$CComContainedObject@VCOPOSElectronicValueRW@@@ATL@@WOI@EAAKXZ 0000000180001d7c f i ElectronicValueRW.obj
 0001:00000d88       ?Release@?$CComContainedObject@VCOPOSElectronicValueRW@@@ATL@@WOI@EAAKXZ 0000000180001d88 f i ElectronicValueRW.obj
 0001:00000d94       ?QueryInterface@?$CComContainedObject@VCOPOSElectronicValueRW@@@ATL@@WPA@EAAJAEBU_GUID@@PEAPEAX@Z 0000000180001d94 f i ElectronicValueRW.obj
 0001:00000da0       ?AddRef@?$CComContainedObject@VCOPOSElectronicValueRW@@@ATL@@WPA@EAAKXZ 0000000180001da0 f i ElectronicValueRW.obj
 0001:00000dac       ?Release@?$CComContainedObject@VCOPOSElectronicValueRW@@@ATL@@WPA@EAAKXZ 0000000180001dac f i ElectronicValueRW.obj
 0001:00000db8       ?QueryInterface@?$CComContainedObject@VCOPOSElectronicValueRW@@@ATL@@WPI@EAAJAEBU_GUID@@PEAPEAX@Z 0000000180001db8 f i ElectronicValueRW.obj
 0001:00000dc4       ?AddRef@?$CComContainedObject@VCOPOSElectronicValueRW@@@ATL@@WPI@EAAKXZ 0000000180001dc4 f i ElectronicValueRW.obj
 0001:00000dd0       ?Release@?$CComContainedObject@VCOPOSElectronicValueRW@@@ATL@@WPI@EAAKXZ 0000000180001dd0 f i ElectronicValueRW.obj
 0001:00000ddc       ?QueryInterface@?$CComContainedObject@VCOPOSElectronicValueRW@@@ATL@@WBAA@EAAJAEBU_GUID@@PEAPEAX@Z 0000000180001ddc f i ElectronicValueRW.obj
 0001:00000de8       ?AddRef@?$CComContainedObject@VCOPOSElectronicValueRW@@@ATL@@WBAA@EAAKXZ 0000000180001de8 f i ElectronicValueRW.obj
 0001:00000df4       ?Release@?$CComContainedObject@VCOPOSElectronicValueRW@@@ATL@@WBAA@EAAKXZ 0000000180001df4 f i ElectronicValueRW.obj
 0001:00000e00       ?QueryInterface@?$CComContainedObject@VCOPOSElectronicValueRW@@@ATL@@WBAI@EAAJAEBU_GUID@@PEAPEAX@Z 0000000180001e00 f i ElectronicValueRW.obj
 0001:00000e0c       ?AddRef@?$CComContainedObject@VCOPOSElectronicValueRW@@@ATL@@WBAI@EAAKXZ 0000000180001e0c f i ElectronicValueRW.obj
 0001:00000e18       ?Release@?$CComContainedObject@VCOPOSElectronicValueRW@@@ATL@@WBAI@EAAKXZ 0000000180001e18 f i ElectronicValueRW.obj
 0001:00000e24       ?QueryInterface@?$CComContainedObject@VCOPOSElectronicValueRW@@@ATL@@WBBA@EAAJAEBU_GUID@@PEAPEAX@Z 0000000180001e24 f i ElectronicValueRW.obj
 0001:00000e30       ?AddRef@?$CComContainedObject@VCOPOSElectronicValueRW@@@ATL@@WBBA@EAAKXZ 0000000180001e30 f i ElectronicValueRW.obj
 0001:00000e3c       ?Release@?$CComContainedObject@VCOPOSElectronicValueRW@@@ATL@@WBBA@EAAKXZ 0000000180001e3c f i ElectronicValueRW.obj
 0001:00000e48       ?QueryInterface@?$CComContainedObject@VCOPOSElectronicValueRW@@@ATL@@WBBI@EAAJAEBU_GUID@@PEAPEAX@Z 0000000180001e48 f i ElectronicValueRW.obj
 0001:00000e54       ?AddRef@?$CComContainedObject@VCOPOSElectronicValueRW@@@ATL@@WBBI@EAAKXZ 0000000180001e54 f i ElectronicValueRW.obj
 0001:00000e60       ?Release@?$CComContainedObject@VCOPOSElectronicValueRW@@@ATL@@WBBI@EAAKXZ 0000000180001e60 f i ElectronicValueRW.obj
 0001:00000e6c       ?AddRef@?$CComContainedObject@VCOPOSElectronicValueRW@@@ATL@@WBCI@EAAKXZ 0000000180001e6c f i ElectronicValueRW.obj
 0001:00000e78       ?Release@?$CComContainedObject@VCOPOSElectronicValueRW@@@ATL@@WBCI@EAAKXZ 0000000180001e78 f i ElectronicValueRW.obj
 0001:00000e84       ?AddRef@?$CComContainedObject@VCOPOSElectronicValueRW@@@ATL@@WBEA@EAAKXZ 0000000180001e84 f i ElectronicValueRW.obj
 0001:00000e90       ?Release@?$CComContainedObject@VCOPOSElectronicValueRW@@@ATL@@WBEA@EAAKXZ 0000000180001e90 f i ElectronicValueRW.obj
 0001:00000e9c       ?GetTypeInfoCount@?$IDispatchImpl@UIOPOSElectronicValueRW@@$1?IID_IOPOSElectronicValueRW@@3U_GUID@@B$1?LIBID_OposElectronicValueRW_CCO@@3U3@B$00$0A@VCComTypeInfoHolder@ATL@@@ATL@@UEAAJPEAI@Z 0000000180001e9c f i ElectronicValueRW.obj
 0001:00000eb0       ?GetTypeInfo@?$IDispatchImpl@UIOPOSElectronicValueRW@@$1?IID_IOPOSElectronicValueRW@@3U_GUID@@B$1?LIBID_OposElectronicValueRW_CCO@@3U3@B$00$0A@VCComTypeInfoHolder@ATL@@@ATL@@UEAAJIKPEAPEAUITypeInfo@@@Z 0000000180001eb0 f i ElectronicValueRW.obj
 0001:00000f14       ?GetIDsOfNames@?$IDispatchImpl@UIOPOSElectronicValueRW@@$1?IID_IOPOSElectronicValueRW@@3U_GUID@@B$1?LIBID_OposElectronicValueRW_CCO@@3U3@B$00$0A@VCComTypeInfoHolder@ATL@@@ATL@@UEAAJAEBU_GUID@@PEAPEA_WIKPEAJ@Z 0000000180001f14 f i ElectronicValueRW.obj
 0001:00000f20       ?Invoke@?$IDispatchImpl@UIOPOSElectronicValueRW@@$1?IID_IOPOSElectronicValueRW@@3U_GUID@@B$1?LIBID_OposElectronicValueRW_CCO@@3U3@B$00$0A@VCComTypeInfoHolder@ATL@@@ATL@@UEAAJJAEBU_GUID@@KGPEAUtagDISPPARAMS@@PEAUtagVARIANT@@PEAUtagEXCEPINFO@@PEAI@Z 0000000180001f20 f i ElectronicValueRW.obj
 0001:00000fb0       ?CreateControlWindow@?$CComControl@VCOPOSElectronicValueRW@@V?$CWindowImpl@VCOPOSElectronicValueRW@@VCWindow@ATL@@V?$CWinTraits@$0FGAAAAAA@$0A@@3@@ATL@@@ATL@@UEAAPEAUHWND__@@PEAU3@AEAUtagRECT@@@Z 0000000180001fb0 f i ElectronicValueRW.obj
 0001:00000fe8       ?ControlQueryInterface@?$CComControl@VCOPOSElectronicValueRW@@V?$CWindowImpl@VCOPOSElectronicValueRW@@VCWindow@ATL@@V?$CWinTraits@$0FGAAAAAA@$0A@@3@@ATL@@@ATL@@UEAAJAEBU_GUID@@PEAPEAX@Z 0000000180001fe8 f i ElectronicValueRW.obj
 0001:00000ffc       ?GetUserClassID@?$IOleObjectImpl@VCOPOSElectronicValueRW@@@ATL@@UEAAJPEAU_GUID@@@Z 0000000180001ffc f i ElectronicValueRW.obj
 0001:00000ffc       ?GetClassID@?$IPersistStorageImpl@VCOPOSElectronicValueRW@@@ATL@@UEAAJPEAU_GUID@@@Z 0000000180001ffc f i ElectronicValueRW.obj
 0001:00000ffc       ?GetClassID@?$IPersistStreamInitImpl@VCOPOSElectronicValueRW@@@ATL@@UEAAJPEAU_GUID@@@Z 0000000180001ffc f i ElectronicValueRW.obj
 0001:00001018       ?IsDirty@?$IPersistStreamInitImpl@VCOPOSElectronicValueRW@@@ATL@@UEAAJXZ 0000000180002018 f i ElectronicValueRW.obj
 0001:00001034       ?Load@?$IPersistStreamInitImpl@VCOPOSElectronicValueRW@@@ATL@@UEAAJPEAUIStream@@@Z 0000000180002034 f i ElectronicValueRW.obj
 0001:0000104c       ?Save@?$IPersistStreamInitImpl@VCOPOSElectronicValueRW@@@ATL@@UEAAJPEAUIStream@@H@Z 000000018000204c f i ElectronicValueRW.obj
 0001:00001064       ?GetSizeMax@?$IPersistStreamInitImpl@VCOPOSElectronicValueRW@@@ATL@@UEAAJPEAT_ULARGE_INTEGER@@@Z 0000000180002064 f i ElectronicValueRW.obj
 0001:00001290       ?InitNew@?$IPersistStreamInitImpl@VCOPOSElectronicValueRW@@@ATL@@UEAAJXZ 0000000180002290 f i ElectronicValueRW.obj
 0001:000012a8       ?QueryInterface@CRegObject@ATL@@UEAAJAEBU_GUID@@PEAPEAX@Z 00000001800022a8 f i ElectronicValueRW.obj
 0001:000012a8       ?SetData@?$IDataObjectImpl@VCOPOSElectronicValueRW@@@ATL@@UEAAJPEAUtagFORMATETC@@PEAUtagSTGMEDIUM@@H@Z 00000001800022a8 f i ElectronicValueRW.obj
 0001:000012a8       ?GetControlInfo@?$IOleControlImpl@VCOPOSElectronicValueRW@@@ATL@@UEAAJPEAUtagCONTROLINFO@@@Z 00000001800022a8 f i ElectronicValueRW.obj
 0001:000012a8       ?EnumFormatEtc@?$IDataObjectImpl@VCOPOSElectronicValueRW@@@ATL@@UEAAJKPEAPEAUIEnumFORMATETC@@@Z 00000001800022a8 f i ElectronicValueRW.obj
 0001:000012a8       ?Unfreeze@?$IViewObjectExImpl@VCOPOSElectronicValueRW@@@ATL@@UEAAJK@Z 00000001800022a8 f i ElectronicValueRW.obj
 0001:000012a8       ?GetDropTarget@?$IOleInPlaceObjectWindowlessImpl@VCOPOSElectronicValueRW@@@ATL@@UEAAJPEAPEAUIDropTarget@@@Z 00000001800022a8 f i ElectronicValueRW.obj
 0001:000012a8       ?GetClipboardData@?$IOleObjectImpl@VCOPOSElectronicValueRW@@@ATL@@UEAAJKPEAPEAUIDataObject@@@Z 00000001800022a8 f i ElectronicValueRW.obj
 0001:000012a8       ?GetDataHere@?$IDataObjectImpl@VCOPOSElectronicValueRW@@@ATL@@UEAAJPEAUtagFORMATETC@@PEAUtagSTGMEDIUM@@@Z 00000001800022a8 f i ElectronicValueRW.obj
 0001:000012a8       ?QueryGetData@?$IDataObjectImpl@VCOPOSElectronicValueRW@@@ATL@@UEAAJPEAUtagFORMATETC@@@Z 00000001800022a8 f i ElectronicValueRW.obj
 0001:000012a8       ?SetMoniker@?$IOleObjectImpl@VCOPOSElectronicValueRW@@@ATL@@UEAAJKPEAUIMoniker@@@Z 00000001800022a8 f i ElectronicValueRW.obj
 0001:000012a8       ?ContextSensitiveHelp@?$IOleInPlaceActiveObjectImpl@VCOPOSElectronicValueRW@@@ATL@@UEAAJH@Z 00000001800022a8 f i ElectronicValueRW.obj
 0001:000012a8       ?SetColorScheme@?$IOleObjectImpl@VCOPOSElectronicValueRW@@@ATL@@UEAAJPEAUtagLOGPALETTE@@@Z 00000001800022a8 f i ElectronicValueRW.obj
 0001:000012a8       ?GetCanonicalFormatEtc@?$IDataObjectImpl@VCOPOSElectronicValueRW@@@ATL@@UEAAJPEAUtagFORMATETC@@0@Z 00000001800022a8 f i ElectronicValueRW.obj
 0001:000012a8       ?GetRect@?$IViewObjectExImpl@VCOPOSElectronicValueRW@@@ATL@@UEAAJKPEAU_RECTL@@@Z 00000001800022a8 f i ElectronicValueRW.obj
 0001:000012a8       ?GetColorSet@?$IViewObjectExImpl@VCOPOSElectronicValueRW@@@ATL@@UEAAJKJPEAXPEAUtagDVTARGETDEVICE@@PEAUHDC__@@PEAPEAUtagLOGPALETTE@@@Z 00000001800022a8 f i ElectronicValueRW.obj
 0001:000012a8       ?OnMnemonic@?$IOleControlImpl@VCOPOSElectronicValueRW@@@ATL@@UEAAJPEAUtagMSG@@@Z 00000001800022a8 f i ElectronicValueRW.obj
 0001:000012a8       ?GetMoniker@?$IOleObjectImpl@VCOPOSElectronicValueRW@@@ATL@@UEAAJKKPEAPEAUIMoniker@@@Z 00000001800022a8 f i ElectronicValueRW.obj
 0001:000012a8       ?Freeze@?$IViewObjectExImpl@VCOPOSElectronicValueRW@@@ATL@@UEAAJKJPEAXPEAK@Z 00000001800022a8 f i ElectronicValueRW.obj
 0001:000012a8       ?ReactivateAndUndo@?$IOleInPlaceObjectWindowlessImpl@VCOPOSElectronicValueRW@@@ATL@@UEAAJXZ 00000001800022a8 f i ElectronicValueRW.obj
 0001:000012a8       ?ContextSensitiveHelp@?$IOleInPlaceObjectWindowlessImpl@VCOPOSElectronicValueRW@@@ATL@@UEAAJH@Z 00000001800022a8 f i ElectronicValueRW.obj
 0001:000012a8       ?InitFromData@?$IOleObjectImpl@VCOPOSElectronicValueRW@@@ATL@@UEAAJPEAUIDataObject@@HK@Z 00000001800022a8 f i ElectronicValueRW.obj
 0001:000012b0       ?ResizeBorder@?$IOleInPlaceActiveObjectImpl@VCOPOSElectronicValueRW@@@ATL@@UEAAJPEBUtagRECT@@PEAUIOleInPlaceUIWindow@@H@Z 00000001800022b0 f i ElectronicValueRW.obj
 0001:000012b0       ?SaveCompleted@?$IPersistStorageImpl@VCOPOSElectronicValueRW@@@ATL@@UEAAJPEAUIStorage@@@Z 00000001800022b0 f i ElectronicValueRW.obj
 0001:000012b0       ?GetCategoryMap@CComObjectRootBase@ATL@@SAPEBU_ATL_CATMAP_ENTRY@2@XZ 00000001800022b0 f i ElectronicValueRW.obj
 0001:000012b0       ?SetHostNames@?$IOleObjectImpl@VCOPOSElectronicValueRW@@@ATL@@UEAAJPEB_W0@Z 00000001800022b0 f i ElectronicValueRW.obj
 0001:000012b0       ?GetObjectDescription@?$CComCoClass@VCOPOSElectronicValueRW@@$1?CLSID_OPOSElectronicValueRW@@3U_GUID@@B@ATL@@SAPEB_WXZ 00000001800022b0 f i ElectronicValueRW.obj
 0001:000012b0       ?OnAmbientPropertyChange@?$IOleControlImpl@VCOPOSElectronicValueRW@@@ATL@@UEAAJJ@Z 00000001800022b0 f i ElectronicValueRW.obj
 0001:000012b0       ?Update@?$IOleObjectImpl@VCOPOSElectronicValueRW@@@ATL@@UEAAJXZ 00000001800022b0 f i ElectronicValueRW.obj
 0001:000012b0       ?HandsOffStorage@?$IPersistStorageImpl@VCOPOSElectronicValueRW@@@ATL@@UEAAJXZ 00000001800022b0 f i ElectronicValueRW.obj
 0001:000012b0       ?Release@CRegObject@ATL@@UEAAKXZ 00000001800022b0 f i ElectronicValueRW.obj
 0001:000012b0       ?EnableModeless@?$IOleInPlaceActiveObjectImpl@VCOPOSElectronicValueRW@@@ATL@@UEAAJH@Z 00000001800022b0 f i ElectronicValueRW.obj
 0001:000012b0       ?OnFrameWindowActivate@?$IOleInPlaceActiveObjectImpl@VCOPOSElectronicValueRW@@@ATL@@UEAAJH@Z 00000001800022b0 f i ElectronicValueRW.obj
 0001:000012b0       ?IsUpToDate@?$IOleObjectImpl@VCOPOSElectronicValueRW@@@ATL@@UEAAJXZ 00000001800022b0 f i ElectronicValueRW.obj
 0001:000012b4       ?SetClientSite@?$IOleObjectImpl@VCOPOSElectronicValueRW@@@ATL@@UEAAJPEAUIOleClientSite@@@Z 00000001800022b4 f i ElectronicValueRW.obj
 0001:000012d0       ?GetClientSite@?$IOleObjectImpl@VCOPOSElectronicValueRW@@@ATL@@UEAAJPEAPEAUIOleClientSite@@@Z 00000001800022d0 f i ElectronicValueRW.obj
 0001:00001318       ?Close@?$IOleObjectImpl@VCOPOSElectronicValueRW@@@ATL@@UEAAJK@Z 0000000180002318 f i ElectronicValueRW.obj
 0001:00001334       ?DoVerb@?$IOleObjectImpl@VCOPOSElectronicValueRW@@@ATL@@UEAAJJPEAUtagMSG@@PEAUIOleClientSite@@JPEAUHWND__@@PEBUtagRECT@@@Z 0000000180002334 f i ElectronicValueRW.obj
 0001:000014d8       ?EnumVerbs@?$IOleObjectImpl@VCOPOSElectronicValueRW@@@ATL@@UEAAJPEAPEAUIEnumOLEVERB@@@Z 00000001800024d8 f i ElectronicValueRW.obj
 0001:000014f4       ?GetUserType@?$IOleObjectImpl@VCOPOSElectronicValueRW@@@ATL@@UEAAJKPEAPEA_W@Z 00000001800024f4 f i ElectronicValueRW.obj
 0001:00001504       ?SetExtent@?$IOleObjectImpl@VCOPOSElectronicValueRW@@@ATL@@UEAAJKPEAUtagSIZE@@@Z 0000000180002504 f i ElectronicValueRW.obj
 0001:00001520       ?GetExtent@?$IOleObjectImpl@VCOPOSElectronicValueRW@@@ATL@@UEAAJKPEAUtagSIZE@@@Z 0000000180002520 f i ElectronicValueRW.obj
 0001:00001550       ?Advise@?$IOleObjectImpl@VCOPOSElectronicValueRW@@@ATL@@UEAAJPEAUIAdviseSink@@PEAK@Z 0000000180002550 f i ElectronicValueRW.obj
 0001:000015ac       ?Unadvise@?$IOleObjectImpl@VCOPOSElectronicValueRW@@@ATL@@UEAAJK@Z 00000001800025ac f i ElectronicValueRW.obj
 0001:000015e4       ?EnumAdvise@?$IOleObjectImpl@VCOPOSElectronicValueRW@@@ATL@@UEAAJPEAPEAUIEnumSTATDATA@@@Z 00000001800025e4 f i ElectronicValueRW.obj
 0001:0000162c       ?GetMiscStatus@?$IOleObjectImpl@VCOPOSElectronicValueRW@@@ATL@@UEAAJKPEAK@Z 000000018000262c f i ElectronicValueRW.obj
 0001:0000163c       ?GetWindow@?$IOleInPlaceActiveObjectImpl@VCOPOSElectronicValueRW@@@ATL@@UEAAJPEAPEAUHWND__@@@Z 000000018000263c f i ElectronicValueRW.obj
 0001:00001690       ?TranslateAcceleratorW@?$IOleInPlaceActiveObjectImpl@VCOPOSElectronicValueRW@@@ATL@@UEAAJPEAUtagMSG@@@Z 0000000180002690 f i ElectronicValueRW.obj
 0001:00001784       ?OnDocWindowActivate@?$IOleInPlaceActiveObjectImpl@VCOPOSElectronicValueRW@@@ATL@@UEAAJH@Z 0000000180002784 f i ElectronicValueRW.obj
 0001:000017b0       ?Draw@?$IViewObjectExImpl@VCOPOSElectronicValueRW@@@ATL@@UEAAJKJPEAXPEAUtagDVTARGETDEVICE@@PEAUHDC__@@2PEBU_RECTL@@3P6AH_K@Z4@Z 00000001800027b0 f i ElectronicValueRW.obj
 0001:00001814       ?SetAdvise@?$IViewObjectExImpl@VCOPOSElectronicValueRW@@@ATL@@UEAAJKKPEAUIAdviseSink@@@Z 0000000180002814 f i ElectronicValueRW.obj
 0001:00001868       ?GetAdvise@?$IViewObjectExImpl@VCOPOSElectronicValueRW@@@ATL@@UEAAJPEAK0PEAPEAUIAdviseSink@@@Z 0000000180002868 f i ElectronicValueRW.obj
 0001:000018a4       ?GetExtent@?$IViewObjectExImpl@VCOPOSElectronicValueRW@@@ATL@@UEAAJKJPEAUtagDVTARGETDEVICE@@PEAUtagSIZE@@@Z 00000001800028a4 f i ElectronicValueRW.obj
 0001:000018d4       ?GetViewStatus@?$IViewObjectExImpl@VCOPOSElectronicValueRW@@@ATL@@UEAAJPEAK@Z 00000001800028d4 f i ElectronicValueRW.obj
 0001:000018e8       ?QueryHitPoint@?$IViewObjectExImpl@VCOPOSElectronicValueRW@@@ATL@@UEAAJKPEBUtagRECT@@UtagPOINT@@JPEAK@Z 00000001800028e8 f i ElectronicValueRW.obj
 0001:0000192c       ?QueryHitRect@?$IViewObjectExImpl@VCOPOSElectronicValueRW@@@ATL@@UEAAJKPEBUtagRECT@@0JPEAK@Z 000000018000292c f i ElectronicValueRW.obj
 0001:00001994       ?GetNaturalExtent@?$IViewObjectExImpl@VCOPOSElectronicValueRW@@@ATL@@UEAAJKJPEAUtagDVTARGETDEVICE@@PEAUHDC__@@PEAUtagExtentInfo@@PEAUtagSIZE@@@Z 0000000180002994 f i ElectronicValueRW.obj
 0001:000019dc       ?GetWindow@?$IOleInPlaceObjectWindowlessImpl@VCOPOSElectronicValueRW@@@ATL@@UEAAJPEAPEAUHWND__@@@Z 00000001800029dc f i ElectronicValueRW.obj
 0001:00001a30       ?InPlaceDeactivate@?$IOleInPlaceObjectWindowlessImpl@VCOPOSElectronicValueRW@@@ATL@@UEAAJXZ 0000000180002a30 f i ElectronicValueRW.obj
 0001:00001a4c       ?UIDeactivate@?$IOleInPlaceObjectWindowlessImpl@VCOPOSElectronicValueRW@@@ATL@@UEAAJXZ 0000000180002a4c f i ElectronicValueRW.obj
 0001:00001a68       ?SetObjectRects@?$IOleInPlaceObjectWindowlessImpl@VCOPOSElectronicValueRW@@@ATL@@UEAAJPEBUtagRECT@@0@Z 0000000180002a68 f i ElectronicValueRW.obj
 0001:00001a84       ?OnWindowMessage@?$IOleInPlaceObjectWindowlessImpl@VCOPOSElectronicValueRW@@@ATL@@UEAAJI_K_JPEA_J@Z 0000000180002a84 f i ElectronicValueRW.obj
 0001:00001b4c       ?EnumConnectionPoints@?$IConnectionPointContainerImpl@VCOPOSElectronicValueRW@@@ATL@@UEAAJPEAPEAUIEnumConnectionPoints@@@Z 0000000180002b4c f i ElectronicValueRW.obj
 0001:00001d98       ?FindConnectionPoint@?$IConnectionPointContainerImpl@VCOPOSElectronicValueRW@@@ATL@@UEAAJAEBU_GUID@@PEAPEAUIConnectionPoint@@@Z 0000000180002d98 f i ElectronicValueRW.obj
 0001:00001e68       ?Lock@CAtlModule@ATL@@UEAAJXZ 0000000180002e68 f i ElectronicValueRW.obj
 0001:00001e78       ?Unlock@CAtlModule@ATL@@UEAAJXZ 0000000180002e78 f i ElectronicValueRW.obj
 0001:00001e84       ?GetLockCount@CAtlModule@ATL@@UEAAJXZ 0000000180002e84 f i ElectronicValueRW.obj
 0001:00001e88       ?IsDirty@?$IPersistStorageImpl@VCOPOSElectronicValueRW@@@ATL@@UEAAJXZ 0000000180002e88 f i ElectronicValueRW.obj
 0001:00001ec8       ?InitNew@?$IPersistStorageImpl@VCOPOSElectronicValueRW@@@ATL@@UEAAJPEAUIStorage@@@Z 0000000180002ec8 f i ElectronicValueRW.obj
 0001:00001f08       ?GetGITPtr@CAtlModule@ATL@@UEAAJPEAPEAUIGlobalInterfaceTable@@@Z 0000000180002f08 f i ElectronicValueRW.obj
 0001:00001f78       ?Load@?$IPersistStorageImpl@VCOPOSElectronicValueRW@@@ATL@@UEAAJPEAUIStorage@@@Z 0000000180002f78 f i ElectronicValueRW.obj
 0001:00002018       ?Save@?$IPersistStorageImpl@VCOPOSElectronicValueRW@@@ATL@@UEAAJPEAUIStorage@@H@Z 0000000180003018 f i ElectronicValueRW.obj
 0001:000020c8       ?GetPages@?$ISpecifyPropertyPagesImpl@VCOPOSElectronicValueRW@@@ATL@@UEAAJPEAUtagCAUUID@@@Z 00000001800030c8 f i ElectronicValueRW.obj
 0001:000020d4       ?QuickActivate@?$IQuickActivateImpl@VCOPOSElectronicValueRW@@@ATL@@UEAAJPEAUtagQACONTAINER@@PEAUtagQACONTROL@@@Z 00000001800030d4 f i ElectronicValueRW.obj
 0001:000020f0       ?SetContentExtent@?$IQuickActivateImpl@VCOPOSElectronicValueRW@@@ATL@@UEAAJPEAUtagSIZE@@@Z 00000001800030f0 f i ElectronicValueRW.obj
 0001:00002124       ?GetContentExtent@?$IQuickActivateImpl@VCOPOSElectronicValueRW@@@ATL@@UEAAJPEAUtagSIZE@@@Z 0000000180003124 f i ElectronicValueRW.obj
 0001:0000215c       ?GetData@?$IDataObjectImpl@VCOPOSElectronicValueRW@@@ATL@@UEAAJPEAUtagFORMATETC@@PEAUtagSTGMEDIUM@@@Z 000000018000315c f i ElectronicValueRW.obj
 0001:00002178       ?DAdvise@?$IDataObjectImpl@VCOPOSElectronicValueRW@@@ATL@@UEAAJPEAUtagFORMATETC@@KPEAUIAdviseSink@@PEAK@Z 0000000180003178 f i ElectronicValueRW.obj
 0001:00002200       ?DUnadvise@?$IDataObjectImpl@VCOPOSElectronicValueRW@@@ATL@@UEAAJK@Z 0000000180003200 f i ElectronicValueRW.obj
 0001:0000222c       ?EnumDAdvise@?$IDataObjectImpl@VCOPOSElectronicValueRW@@@ATL@@UEAAJPEAPEAUIEnumSTATDATA@@@Z 000000018000322c f i ElectronicValueRW.obj
 0001:00002268       ?GetClassInfoW@?$IProvideClassInfo2Impl@$1?CLSID_OPOSElectronicValueRW@@3U_GUID@@B$1?DIID__IOPOSElectronicValueRWEvents@@3U2@B$1?LIBID_OposElectronicValueRW_CCO@@3U2@B$00$0A@VCComTypeInfoHolder@ATL@@@ATL@@UEAAJPEAPEAUITypeInfo@@@Z 0000000180003268 f i ElectronicValueRW.obj
 0001:000022c0       ?GetGUID@?$IProvideClassInfo2Impl@$1?CLSID_OPOSElectronicValueRW@@3U_GUID@@B$1?DIID__IOPOSElectronicValueRWEvents@@3U2@B$1?LIBID_OposElectronicValueRW_CCO@@3U2@B$00$0A@VCComTypeInfoHolder@ATL@@@ATL@@UEAAJKPEAU_GUID@@@Z 00000001800032c0 f i ElectronicValueRW.obj
 0001:000022f4       ?FAccessAllowed@?$IObjectSafetyImpl@VCOPOSElectronicValueRW@@$02@ATL@@MEAAHXZ 00000001800032f4 f i ElectronicValueRW.obj
 0001:000022f4       _get_startup_argv_mode     00000001800032f4 f i LIBCMT:argv_mode.obj
 0001:000022f4       ?AddRef@CRegObject@ATL@@UEAAKXZ 00000001800032f4 f i ElectronicValueRW.obj
 0001:000022fc       ?GetInterfaceSafetyOptions@?$IObjectSafetyImpl@VCOPOSElectronicValueRW@@$02@ATL@@UEAAJAEBU_GUID@@PEAK1@Z 00000001800032fc f i ElectronicValueRW.obj
 0001:00002390       ?SetInterfaceSafetyOptions@?$IObjectSafetyImpl@VCOPOSElectronicValueRW@@$02@ATL@@UEAAJAEBU_GUID@@KK@Z 0000000180003390 f i ElectronicValueRW.obj
 0001:00002434       ?_LocCPQueryInterface@?$IConnectionPointImpl@VCOPOSElectronicValueRW@@$1?DIID__IOPOSElectronicValueRWEvents@@3U_GUID@@BVCComDynamicUnkArray@ATL@@@ATL@@UEAAJAEBU_GUID@@PEAPEAX@Z 0000000180003434 f i ElectronicValueRW.obj
 0001:00002434       ?_LocCPQueryInterface@?$IConnectionPointImpl@VCOPOSElectronicValueRW@@$1?IID_IPropertyNotifySink@@3U_GUID@@BVCComDynamicUnkArray@ATL@@@ATL@@UEAAJAEBU_GUID@@PEAPEAX@Z 0000000180003434 f i ElectronicValueRW.obj
 0001:000024a4       ?GetConnectionInterface@?$IConnectionPointImpl@VCOPOSElectronicValueRW@@$1?IID_IPropertyNotifySink@@3U_GUID@@BVCComDynamicUnkArray@ATL@@@ATL@@UEAAJPEAU_GUID@@@Z 00000001800034a4 f i ElectronicValueRW.obj
 0001:000024c0       ?GetConnectionPointContainer@?$IConnectionPointImpl@VCOPOSElectronicValueRW@@$1?IID_IPropertyNotifySink@@3U_GUID@@BVCComDynamicUnkArray@ATL@@@ATL@@UEAAJPEAPEAUIConnectionPointContainer@@@Z 00000001800034c0 f i ElectronicValueRW.obj
 0001:000024e0       ?Advise@?$IConnectionPointImpl@VCOPOSElectronicValueRW@@$1?DIID__IOPOSElectronicValueRWEvents@@3U_GUID@@BVCComDynamicUnkArray@ATL@@@ATL@@UEAAJPEAUIUnknown@@PEAK@Z 00000001800034e0 f i ElectronicValueRW.obj
 0001:000024e0       ?Advise@?$IConnectionPointImpl@VCOPOSElectronicValueRW@@$1?IID_IPropertyNotifySink@@3U_GUID@@BVCComDynamicUnkArray@ATL@@@ATL@@UEAAJPEAUIUnknown@@PEAK@Z 00000001800034e0 f i ElectronicValueRW.obj
 0001:0000259c       ?Unadvise@?$IConnectionPointImpl@VCOPOSElectronicValueRW@@$1?DIID__IOPOSElectronicValueRWEvents@@3U_GUID@@BVCComDynamicUnkArray@ATL@@@ATL@@UEAAJK@Z 000000018000359c f i ElectronicValueRW.obj
 0001:0000259c       ?Unadvise@?$IConnectionPointImpl@VCOPOSElectronicValueRW@@$1?IID_IPropertyNotifySink@@3U_GUID@@BVCComDynamicUnkArray@ATL@@@ATL@@UEAAJK@Z 000000018000359c f i ElectronicValueRW.obj
 0001:00002604       ?EnumConnections@?$IConnectionPointImpl@VCOPOSElectronicValueRW@@$1?IID_IPropertyNotifySink@@3U_GUID@@BVCComDynamicUnkArray@ATL@@@ATL@@UEAAJPEAPEAUIEnumConnections@@@Z 0000000180003604 f i ElectronicValueRW.obj
 0001:00002604       ?EnumConnections@?$IConnectionPointImpl@VCOPOSElectronicValueRW@@$1?DIID__IOPOSElectronicValueRWEvents@@3U_GUID@@BVCComDynamicUnkArray@ATL@@@ATL@@UEAAJPEAPEAUIEnumConnections@@@Z 0000000180003604 f i ElectronicValueRW.obj
 0001:000027b0       ?AddCommonRGSReplacements@?$CAtlModuleT@VCComModule@ATL@@@ATL@@UEAAJPEAUIRegistrarBase@@@Z 00000001800037b0 f i ElectronicValueRW.obj
 0001:000027c8       ?GetConnectionInterface@?$IConnectionPointImpl@VCOPOSElectronicValueRW@@$1?DIID__IOPOSElectronicValueRWEvents@@3U_GUID@@BVCComDynamicUnkArray@ATL@@@ATL@@UEAAJPEAU_GUID@@@Z 00000001800037c8 f i ElectronicValueRW.obj
 0001:000027e4       ?GetConnectionPointContainer@?$IConnectionPointImpl@VCOPOSElectronicValueRW@@$1?DIID__IOPOSElectronicValueRWEvents@@3U_GUID@@BVCComDynamicUnkArray@ATL@@@ATL@@UEAAJPEAPEAUIConnectionPointContainer@@@Z 00000001800037e4 f i ElectronicValueRW.obj
 0001:00002804       ?UpdateRegistryFromResourceD@CComModule@ATL@@UEAAJIHPEAU_ATL_REGMAP_ENTRY@2@@Z 0000000180003804 f i ElectronicValueRW.obj
 0001:00002804       ?UpdateRegistryFromResourceD@CComModule@ATL@@UEAAJPEB_WHPEAU_ATL_REGMAP_ENTRY@2@@Z 0000000180003804 f i ElectronicValueRW.obj
 0001:0000280c       ?UpdateRegistryFromResource@CComModule@ATL@@UEAAJPEB_WHPEAU_ATL_REGMAP_ENTRY@2@@Z 000000018000380c f i ElectronicValueRW.obj
 0001:00002814       ?UpdateRegistryFromResource@CComModule@ATL@@UEAAJIHPEAU_ATL_REGMAP_ENTRY@2@@Z 0000000180003814 f i ElectronicValueRW.obj
 0001:0000281c       ??_ECComModule@ATL@@UEAAPEAXI@Z 000000018000381c f i ElectronicValueRW.obj
 0001:0000281c       ??_GCComModule@ATL@@UEAAPEAXI@Z 000000018000381c f i ElectronicValueRW.obj
 0001:0000285c       ?UpdateRegistry@COPOSElectronicValueRW@@SAJH@Z 000000018000385c f i ElectronicValueRW.obj
 0001:00002874       ?ProcessWindowMessage@COPOSElectronicValueRW@@UEAAHPEAUHWND__@@I_K_JAEA_JK@Z 0000000180003874 f i ElectronicValueRW.obj
 0001:000028fc       ?SOData@COPOSElectronicValueRW@@MEAAJJ@Z 00000001800038fc f i ElectronicValueRW.obj
 0001:0000294c       ?SODirectIO@COPOSElectronicValueRW@@MEAAJJPEAJPEAPEA_W@Z 000000018000394c f i ElectronicValueRW.obj
 0001:000029c4       ?SOError@COPOSElectronicValueRW@@MEAAJJJJPEAJ@Z 00000001800039c4 f i ElectronicValueRW.obj
 0001:00002a4c       ?SOOutputComplete@COPOSElectronicValueRW@@MEAAJJ@Z 0000000180003a4c f i ElectronicValueRW.obj
 0001:00002a9c       ?SOStatusUpdate@COPOSElectronicValueRW@@MEAAJJ@Z 0000000180003a9c f i ElectronicValueRW.obj
 0001:00002aec       ?SOTransition@COPOSElectronicValueRW@@MEAAJJPEAJPEAPEA_W@Z 0000000180003aec f i ElectronicValueRW.obj
 0001:00002b64       ?CreateInstance@?$CComCreator@V?$CComObjectCached@VCComClassFactory@ATL@@@ATL@@@ATL@@SAJPEAXAEBU_GUID@@PEAPEAX@Z 0000000180003b64 f i ElectronicValueRW.obj
 0001:00002c88       ?CreateInstance@?$CComCreator2@V?$CComCreator@V?$CComObject@VCOPOSElectronicValueRW@@@ATL@@@ATL@@V?$CComCreator@V?$CComAggObject@VCOPOSElectronicValueRW@@@ATL@@@2@@ATL@@SAJPEAXAEBU_GUID@@PEAPEAX@Z 0000000180003c88 f i ElectronicValueRW.obj
 0001:00002c98       ?AddRef@?$CComObjectCached@VCComClassFactory@ATL@@@ATL@@UEAAKXZ 0000000180003c98 f i ElectronicValueRW.obj
 0001:00002cc4       ?Release@?$CComObjectCached@VCComClassFactory@ATL@@@ATL@@UEAAKXZ 0000000180003cc4 f i ElectronicValueRW.obj
 0001:00002d04       ?QueryInterface@?$CComObjectCached@VCComClassFactory@ATL@@@ATL@@UEAAJAEBU_GUID@@PEAPEAX@Z 0000000180003d04 f i ElectronicValueRW.obj
 0001:00002d18       ??_G?$CComObjectCached@VCComClassFactory@ATL@@@ATL@@UEAAPEAXI@Z 0000000180003d18 f i ElectronicValueRW.obj
 0001:00002d18       ??_E?$CComObjectCached@VCComClassFactory@ATL@@@ATL@@UEAAPEAXI@Z 0000000180003d18 f i ElectronicValueRW.obj
 0001:00002d70       ?AddReplacement@CRegObject@ATL@@UEAAJPEB_W0@Z 0000000180003d70 f i ElectronicValueRW.obj
 0001:00002da0       ?ClearReplacements@CRegObject@ATL@@UEAAJXZ 0000000180003da0 f i ElectronicValueRW.obj
 0001:00002dac       ?Next@?$CComEnumImpl@UIEnumConnectionPoints@@$1?_GUID_b196b285_bab4_101a_b69c_00aa00341d07@@3U__s_GUID@@BPEAUIConnectionPoint@@V?$_CopyInterface@UIConnectionPoint@@@ATL@@@ATL@@UEAAJKPEAPEAUIConnectionPoint@@PEAK@Z 0000000180003dac f i ElectronicValueRW.obj
 0001:00002e78       ?Skip@?$CComEnumImpl@UIEnumConnectionPoints@@$1?_GUID_b196b285_bab4_101a_b69c_00aa00341d07@@3U__s_GUID@@BPEAUIConnectionPoint@@V?$_CopyInterface@UIConnectionPoint@@@ATL@@@ATL@@UEAAJK@Z 0000000180003e78 f i ElectronicValueRW.obj
 0001:00002ea4       ?Reset@?$CComEnumImpl@UIEnumConnections@@$1?_GUID_b196b287_bab4_101a_b69c_00aa00341d07@@3U__s_GUID@@BUtagCONNECTDATA@@V?$_Copy@UtagCONNECTDATA@@@ATL@@@ATL@@UEAAJXZ 0000000180003ea4 f i ElectronicValueRW.obj
 0001:00002ea4       ?Reset@?$CComEnumImpl@UIEnumConnectionPoints@@$1?_GUID_b196b285_bab4_101a_b69c_00aa00341d07@@3U__s_GUID@@BPEAUIConnectionPoint@@V?$_CopyInterface@UIConnectionPoint@@@ATL@@@ATL@@UEAAJXZ 0000000180003ea4 f i ElectronicValueRW.obj
 0001:00002eb0       ?Clone@?$CComEnumImpl@UIEnumConnectionPoints@@$1?_GUID_b196b285_bab4_101a_b69c_00aa00341d07@@3U__s_GUID@@BPEAUIConnectionPoint@@V?$_CopyInterface@UIConnectionPoint@@@ATL@@@ATL@@UEAAJPEAPEAUIEnumConnectionPoints@@@Z 0000000180003eb0 f i ElectronicValueRW.obj
 0001:00002fdc       ??_GCRegObject@ATL@@UEAAPEAXI@Z 0000000180003fdc f i ElectronicValueRW.obj
 0001:00002fdc       ??_ECRegObject@ATL@@UEAAPEAXI@Z 0000000180003fdc f i ElectronicValueRW.obj
 0001:0000305c       ?AddRef@?$CComObject@V?$CComEnum@UIEnumConnectionPoints@@$1?_GUID_b196b285_bab4_101a_b69c_00aa00341d07@@3U__s_GUID@@BPEAUIConnectionPoint@@V?$_CopyInterface@UIConnectionPoint@@@ATL@@VCComSingleThreadModel@6@@ATL@@@ATL@@UEAAKXZ 000000018000405c f i ElectronicValueRW.obj
 0001:0000305c       ?AddRef@?$CComObject@V?$CComEnum@UIEnumConnections@@$1?_GUID_b196b287_bab4_101a_b69c_00aa00341d07@@3U__s_GUID@@BUtagCONNECTDATA@@V?$_Copy@UtagCONNECTDATA@@@ATL@@VCComSingleThreadModel@6@@ATL@@@ATL@@UEAAKXZ 000000018000405c f i ElectronicValueRW.obj
 0001:00003068       ?Release@?$CComObject@V?$CComEnum@UIEnumConnectionPoints@@$1?_GUID_b196b285_bab4_101a_b69c_00aa00341d07@@3U__s_GUID@@BPEAUIConnectionPoint@@V?$_CopyInterface@UIConnectionPoint@@@ATL@@VCComSingleThreadModel@6@@ATL@@@ATL@@UEAAKXZ 0000000180004068 f i ElectronicValueRW.obj
 0001:00003068       ?Release@?$CComObject@V?$CComEnum@UIEnumConnections@@$1?_GUID_b196b287_bab4_101a_b69c_00aa00341d07@@3U__s_GUID@@BUtagCONNECTDATA@@V?$_Copy@UtagCONNECTDATA@@@ATL@@VCComSingleThreadModel@6@@ATL@@@ATL@@UEAAKXZ 0000000180004068 f i ElectronicValueRW.obj
 0001:000030bc       ?QueryInterface@?$CComObject@V?$CComEnum@UIEnumConnectionPoints@@$1?_GUID_b196b285_bab4_101a_b69c_00aa00341d07@@3U__s_GUID@@BPEAUIConnectionPoint@@V?$_CopyInterface@UIConnectionPoint@@@ATL@@VCComSingleThreadModel@6@@ATL@@@ATL@@UEAAJAEBU_GUID@@PEAPEAX@Z 00000001800040bc f i ElectronicValueRW.obj
 0001:000030d0       ??_E?$CComObject@V?$CComEnum@UIEnumConnectionPoints@@$1?_GUID_b196b285_bab4_101a_b69c_00aa00341d07@@3U__s_GUID@@BPEAUIConnectionPoint@@V?$_CopyInterface@UIConnectionPoint@@@ATL@@VCComSingleThreadModel@6@@ATL@@@ATL@@UEAAPEAXI@Z 00000001800040d0 f i ElectronicValueRW.obj
 0001:000030d0       ??_G?$CComObject@V?$CComEnum@UIEnumConnectionPoints@@$1?_GUID_b196b285_bab4_101a_b69c_00aa00341d07@@3U__s_GUID@@BPEAUIConnectionPoint@@V?$_CopyInterface@UIConnectionPoint@@@ATL@@VCComSingleThreadModel@6@@ATL@@@ATL@@UEAAPEAXI@Z 00000001800040d0 f i ElectronicValueRW.obj
 0001:00003128       ?OnDrawAdvanced@CComControlBase@ATL@@UEAAJAEAUATL_DRAWINFO@@@Z 0000000180004128 f i ElectronicValueRW.obj
 0001:000032b4       ?AddRef@?$CComAggObject@VCOPOSElectronicValueRW@@@ATL@@UEAAKXZ 00000001800042b4 f i ElectronicValueRW.obj
 0001:000032c0       ?Release@?$CComAggObject@VCOPOSElectronicValueRW@@@ATL@@UEAAKXZ 00000001800042c0 f i ElectronicValueRW.obj
 0001:00003314       ?QueryInterface@?$CComAggObject@VCOPOSElectronicValueRW@@@ATL@@UEAAJAEBU_GUID@@PEAPEAX@Z 0000000180004314 f i ElectronicValueRW.obj
 0001:00003374       ?AddRef@?$CComContainedObject@VCOPOSElectronicValueRW@@@ATL@@UEAAKXZ 0000000180004374 f i ElectronicValueRW.obj
 0001:00003384       ?Release@?$CComContainedObject@VCOPOSElectronicValueRW@@@ATL@@UEAAKXZ 0000000180004384 f i ElectronicValueRW.obj
 0001:00003394       ?QueryInterface@?$CComContainedObject@VCOPOSElectronicValueRW@@@ATL@@UEAAJAEBU_GUID@@PEAPEAX@Z 0000000180004394 f i ElectronicValueRW.obj
 0001:000033a4       ??_E?$CComAggObject@VCOPOSElectronicValueRW@@@ATL@@UEAAPEAXI@Z 00000001800043a4 f i ElectronicValueRW.obj
 0001:000033a4       ??_G?$CComAggObject@VCOPOSElectronicValueRW@@@ATL@@UEAAPEAXI@Z 00000001800043a4 f i ElectronicValueRW.obj
 0001:000033fc       ?AddRef@?$CComObject@VCOPOSElectronicValueRW@@@ATL@@UEAAKXZ 00000001800043fc f i ElectronicValueRW.obj
 0001:0000340c       ?Release@?$CComObject@VCOPOSElectronicValueRW@@@ATL@@UEAAKXZ 000000018000440c f i ElectronicValueRW.obj
 0001:00003464       ?QueryInterface@?$CComObject@VCOPOSElectronicValueRW@@@ATL@@UEAAJAEBU_GUID@@PEAPEAX@Z 0000000180004464 f i ElectronicValueRW.obj
 0001:00003478       ?Next@?$CComEnumImpl@UIEnumConnections@@$1?_GUID_b196b287_bab4_101a_b69c_00aa00341d07@@3U__s_GUID@@BUtagCONNECTDATA@@V?$_Copy@UtagCONNECTDATA@@@ATL@@@ATL@@UEAAJKPEAUtagCONNECTDATA@@PEAK@Z 0000000180004478 f i ElectronicValueRW.obj
 0001:0000354c       ?Skip@?$CComEnumImpl@UIEnumConnections@@$1?_GUID_b196b287_bab4_101a_b69c_00aa00341d07@@3U__s_GUID@@BUtagCONNECTDATA@@V?$_Copy@UtagCONNECTDATA@@@ATL@@@ATL@@UEAAJK@Z 000000018000454c f i ElectronicValueRW.obj
 0001:00003578       ?Clone@?$CComEnumImpl@UIEnumConnections@@$1?_GUID_b196b287_bab4_101a_b69c_00aa00341d07@@3U__s_GUID@@BUtagCONNECTDATA@@V?$_Copy@UtagCONNECTDATA@@@ATL@@@ATL@@UEAAJPEAPEAUIEnumConnections@@@Z 0000000180004578 f i ElectronicValueRW.obj
 0001:000036a4       ?QueryInterface@?$CComObject@V?$CComEnum@UIEnumConnections@@$1?_GUID_b196b287_bab4_101a_b69c_00aa00341d07@@3U__s_GUID@@BUtagCONNECTDATA@@V?$_Copy@UtagCONNECTDATA@@@ATL@@VCComSingleThreadModel@6@@ATL@@@ATL@@UEAAJAEBU_GUID@@PEAPEAX@Z 00000001800046a4 f i ElectronicValueRW.obj
 0001:000036b8       ??_G?$CComObject@V?$CComEnum@UIEnumConnections@@$1?_GUID_b196b287_bab4_101a_b69c_00aa00341d07@@3U__s_GUID@@BUtagCONNECTDATA@@V?$_Copy@UtagCONNECTDATA@@@ATL@@VCComSingleThreadModel@6@@ATL@@@ATL@@UEAAPEAXI@Z 00000001800046b8 f i ElectronicValueRW.obj
 0001:000036b8       ??_E?$CComObject@V?$CComEnum@UIEnumConnections@@$1?_GUID_b196b287_bab4_101a_b69c_00aa00341d07@@3U__s_GUID@@BUtagCONNECTDATA@@V?$_Copy@UtagCONNECTDATA@@@ATL@@VCComSingleThreadModel@6@@ATL@@@ATL@@UEAAPEAXI@Z 00000001800046b8 f i ElectronicValueRW.obj
 0001:00003710       ?CreateInstance@CComClassFactory@ATL@@UEAAJPEAUIUnknown@@AEBU_GUID@@PEAPEAX@Z 0000000180004710 f i ElectronicValueRW.obj
 0001:00003770       ?LockServer@CComClassFactory@ATL@@UEAAJH@Z 0000000180004770 f i ElectronicValueRW.obj
 0001:00003794       ??_GCComClassFactory@ATL@@UEAAPEAXI@Z 0000000180004794 f i ElectronicValueRW.obj
 0001:00003794       ??_ECComClassFactory@ATL@@UEAAPEAXI@Z 0000000180004794 f i ElectronicValueRW.obj
 0001:000037e4       ??$AtlModuleRegisterWndClassInfoT@VAtlModuleRegisterWndClassInfoParamW@ATL@@@ATL@@YAGPEAU_ATL_BASE_MODULE70@0@PEAU_ATL_WIN_MODULE70@0@PEAU_ATL_WNDCLASSINFOW@0@PEAP6A_JPEAUHWND__@@I_K_J@ZVAtlModuleRegisterWndClassInfoParamW@0@@Z 00000001800047e4 f i ElectronicValueRW.obj
 0001:000039e4       ??0?$CComContainedObject@VCOPOSElectronicValueRW@@@ATL@@QEAA@PEAX@Z 00000001800049e4 f i ElectronicValueRW.obj
 0001:00003b00       ??0?$CComObject@VCOPOSElectronicValueRW@@@ATL@@QEAA@PEAX@Z 0000000180004b00 f i ElectronicValueRW.obj
 0001:00003c18       ??0CAtlModule@ATL@@QEAA@XZ 0000000180004c18 f i ElectronicValueRW.obj
 0001:00003c8c       ??1?$CComEnumImpl@UIEnumConnectionPoints@@$1?_GUID_b196b285_bab4_101a_b69c_00aa00341d07@@3U__s_GUID@@BPEAUIConnectionPoint@@V?$_CopyInterface@UIConnectionPoint@@@ATL@@@ATL@@UEAA@XZ 0000000180004c8c f i ElectronicValueRW.obj
 0001:00003ce8       ??1?$CComEnumImpl@UIEnumConnections@@$1?_GUID_b196b287_bab4_101a_b69c_00aa00341d07@@3U__s_GUID@@BUtagCONNECTDATA@@V?$_Copy@UtagCONNECTDATA@@@ATL@@@ATL@@UEAA@XZ 0000000180004ce8 f i ElectronicValueRW.obj
 0001:00003d44       ??1?$CComObject@VCOPOSElectronicValueRW@@@ATL@@UEAA@XZ 0000000180004d44 f i ElectronicValueRW.obj
 0001:00003e64       ??_G?$CComContainedObject@VCOPOSElectronicValueRW@@@ATL@@UEAAPEAXI@Z 0000000180004e64 f i ElectronicValueRW.obj
 0001:00003e64       ??_E?$CComContainedObject@VCOPOSElectronicValueRW@@@ATL@@UEAAPEAXI@Z 0000000180004e64 f i ElectronicValueRW.obj
 0001:00003e98       ??_G?$CComObject@VCOPOSElectronicValueRW@@@ATL@@UEAAPEAXI@Z 0000000180004e98 f i ElectronicValueRW.obj
 0001:00003e98       ??_E?$CComObject@VCOPOSElectronicValueRW@@@ATL@@UEAAPEAXI@Z 0000000180004e98 f i ElectronicValueRW.obj
 0001:00003ecc       ?Add@?$CSimpleArray@GV?$CSimpleArrayEqualHelper@G@ATL@@@ATL@@QEAAHAEBG@Z 0000000180004ecc f i ElectronicValueRW.obj
 0001:00003f80       ?Add@?$CSimpleMap@PEA_WPEA_WVCExpansionVectorEqualHelper@ATL@@@ATL@@QEAAHAEBQEA_W0@Z 0000000180004f80 f i ElectronicValueRW.obj
 0001:00004020       ?Add@CComDynamicUnkArray@ATL@@QEAAKPEAUIUnknown@@@Z 0000000180005020 f i ElectronicValueRW.obj
 0001:0000410c       ?Add@CExpansionVector@ATL@@QEAAHPEB_W0@Z 000000018000510c f i ElectronicValueRW.obj
 0001:00004240       ?AddTermFunc@CAtlModule@ATL@@QEAAJP6AX_K@Z0@Z 0000000180005240 f i ElectronicValueRW.obj
 0001:000042dc       ?AddValue@CRegParser@ATL@@IEAAJAEAVCRegKey@2@PEB_WPEA_W@Z 00000001800052dc f i ElectronicValueRW.obj
 0001:00004724       ?AllocateHeap@?$CTempBuffer@_W$0EAA@VCCRTAllocator@ATL@@@ATL@@AEAAX_K@Z 0000000180005724 f i ElectronicValueRW.obj
 0001:00004724       ?AllocateHeap@?$CTempBuffer@E$0BAA@VCCRTAllocator@ATL@@@ATL@@AEAAX_K@Z 0000000180005724 f i ElectronicValueRW.obj
 0001:00004724       ?AllocateHeap@?$CTempBuffer@_W$0BAA@VCCRTAllocator@ATL@@@ATL@@AEAAX_K@Z 0000000180005724 f i ElectronicValueRW.obj
 0001:00004750       ?Append@CParseBuffer@CRegParser@ATL@@QEAAHPEB_WH@Z 0000000180005750 f i ElectronicValueRW.obj
 0001:00004898       ?AtlComModuleGetClassObject@ATL@@YAJPEAU_ATL_COM_MODULE70@1@AEBU_GUID@@1PEAPEAX@Z 0000000180005898 f i ElectronicValueRW.obj
 0001:000049d8       ?AtlComModuleRegisterServer@ATL@@YAJPEAU_ATL_COM_MODULE70@1@HPEBU_GUID@@@Z 00000001800059d8 f i ElectronicValueRW.obj
 0001:00004a98       ?AtlComModuleUnregisterServer@ATL@@YAJPEAU_ATL_COM_MODULE70@1@HPEBU_GUID@@@Z 0000000180005a98 f i ElectronicValueRW.obj
 0001:00004b54       ?AtlHiMetricToPixel@ATL@@YAXPEBUtagSIZE@@PEAU2@@Z 0000000180005b54 f i ElectronicValueRW.obj
 0001:00004c04       ?AtlHresultFromLastError@ATL@@YAJXZ 0000000180005c04 f i ElectronicValueRW.obj
 0001:00004c24       ?AtlHresultFromWin32@ATL@@YAJK@Z 0000000180005c24 f i ElectronicValueRW.obj
 0001:00004c34       ?AtlInternalOleLoadFromStream@ATL@@YAJPEAUIStream@@AEBU_GUID@@PEAPEAXTClassesAllowedInStream@1@K@Z 0000000180005c34 f i ElectronicValueRW.obj
 0001:00004d78       ?AtlInternalQueryInterface@ATL@@YAJPEAXPEBU_ATL_INTMAP_ENTRY@1@AEBU_GUID@@PEAPEAX@Z 0000000180005d78 f i ElectronicValueRW.obj
 0001:00004e80       ?AtlLoadTypeLib@ATL@@YAJPEAUHINSTANCE__@@PEB_WPEAPEA_WPEAPEAUITypeLib@@@Z 0000000180005e80 f i ElectronicValueRW.obj
 0001:000050dc       ?AtlRegisterClassCategoriesHelper@ATL@@YAJAEBU_GUID@@PEBU_ATL_CATMAP_ENTRY@1@H@Z 00000001800060dc f i ElectronicValueRW.obj
 0001:00005560       ?AtlRegisterTypeLib@ATL@@YAJPEAUHINSTANCE__@@PEB_W@Z 0000000180006560 f i ElectronicValueRW.obj
 0001:0000575c       ?AtlThrowImpl@ATL@@YAXJ@Z  000000018000675c f i ElectronicValueRW.obj
 0001:00005780       ?AtlUnRegisterTypeLib@ATL@@YAJPEAUHINSTANCE__@@PEB_W@Z 0000000180006780 f i ElectronicValueRW.obj
 0001:00005848       ?AtlWinModuleExtractCreateWndData@ATL@@YAPEAXPEAU_ATL_WIN_MODULE70@1@@Z 0000000180006848 f i ElectronicValueRW.obj
 0001:000058d4       ?Cleanup@CComTypeInfoHolder@ATL@@SAX_K@Z 00000001800068d4 f i ElectronicValueRW.obj
 0001:00005914       ?ClearReplacements@CExpansionVector@ATL@@QEAAJXZ 0000000180006914 f i ElectronicValueRW.obj
 0001:000059b0       ?CreateInstance@?$CComCreator@V?$CComAggObject@VCOPOSElectronicValueRW@@@ATL@@@ATL@@SAJPEAXAEBU_GUID@@PEAPEAX@Z 00000001800069b0 f i ElectronicValueRW.obj
 0001:00005a94       ?CreateInstance@?$CComCreator@V?$CComObject@VCOPOSElectronicValueRW@@@ATL@@@ATL@@SAJPEAXAEBU_GUID@@PEAPEAX@Z 0000000180006a94 f i ElectronicValueRW.obj
 0001:00005b48       ?CreateInstance@?$CComObject@V?$CComEnum@UIEnumConnectionPoints@@$1?_GUID_b196b285_bab4_101a_b69c_00aa00341d07@@3U__s_GUID@@BPEAUIConnectionPoint@@V?$_CopyInterface@UIConnectionPoint@@@ATL@@VCComSingleThreadModel@6@@ATL@@@ATL@@SAJPEAPEAV12@@Z 0000000180006b48 f i ElectronicValueRW.obj
 0001:00005bd8       ?CreateInstance@?$CComObject@V?$CComEnum@UIEnumConnections@@$1?_GUID_b196b287_bab4_101a_b69c_00aa00341d07@@3U__s_GUID@@BUtagCONNECTDATA@@V?$_Copy@UtagCONNECTDATA@@@ATL@@VCComSingleThreadModel@6@@ATL@@@ATL@@SAJPEAPEAV12@@Z 0000000180006bd8 f i ElectronicValueRW.obj
 0001:00005c68       ?DefaultReflectionHandler@?$CWindowImplRoot@VCWindow@ATL@@@ATL@@SAHPEAUHWND__@@I_K_JAEA_J@Z 0000000180006c68 f i ElectronicValueRW.obj
 0001:00005ccc       ?DeleteSubKey@CRegKey@ATL@@QEAAJPEB_W@Z 0000000180006ccc f i ElectronicValueRW.obj
 0001:00005d64       ?DoEvent@COPOSElectronicValueRW@@IEAAXI_K_J@Z 0000000180006d64 f i ElectronicValueRW.obj
 0001:00005e18       ?DoVerbPrimary@?$IOleObjectImpl@VCOPOSElectronicValueRW@@@ATL@@QEAAJPEBUtagRECT@@PEAUHWND__@@@Z 0000000180006e18 f i ElectronicValueRW.obj
 0001:00005f44       ?DoVerbProperties@CComControlBase@ATL@@QEAAJPEBUtagRECT@@PEAUHWND__@@@Z 0000000180006f44 f i ElectronicValueRW.obj
 0001:0000616c       ?FireTheEvent@?$CProxy_IOPOSEvents@VCOPOSElectronicValueRW@@@@IEAAXPEAVOposVariant@@IAEAJPEB_WJ@Z 000000018000716c f i ElectronicValueRW.obj
 0001:00006258       ?FireViewChange@CComControlBase@ATL@@QEAAJXZ 0000000180007258 f i ElectronicValueRW.obj
 0001:000062bc       ?Fire_DataEvent@?$CProxy_IOPOSEvents@VCOPOSElectronicValueRW@@@@QEAAXJ@Z 00000001800072bc f i ElectronicValueRW.obj
 0001:000063a8       ?Fire_DirectIOEvent@?$CProxy_IOPOSEvents@VCOPOSElectronicValueRW@@@@QEAAXJPEAJPEAPEA_W@Z 00000001800073a8 f i ElectronicValueRW.obj
 0001:00006508       ?Fire_ErrorEvent@?$CProxy_IOPOSEvents@VCOPOSElectronicValueRW@@@@QEAAXJJJPEAJ@Z 0000000180007508 f i ElectronicValueRW.obj
 0001:0000667c       ?Fire_OutputCompleteEvent@?$CProxy_IOPOSEvents@VCOPOSElectronicValueRW@@@@QEAAXJ@Z 000000018000767c f i ElectronicValueRW.obj
 0001:00006768       ?Fire_StatusUpdateEvent@?$CProxy_IOPOSEvents@VCOPOSElectronicValueRW@@@@QEAAXJ@Z 0000000180007768 f i ElectronicValueRW.obj
 0001:00006854       ?Fire_TransitionEvent@?$CProxy_IOPOSEvents@VCOPOSElectronicValueRW@@@@QEAAXJPEAJPEAPEA_W@Z 0000000180007854 f i ElectronicValueRW.obj
 0001:000069b4       ?FreeHeap@?$CTempBuffer@_W$0EAA@VCCRTAllocator@ATL@@@ATL@@AEAAXXZ 00000001800079b4 f i ElectronicValueRW.obj
 0001:000069b4       ?FreeHeap@?$CTempBuffer@E$0BAA@VCCRTAllocator@ATL@@@ATL@@AEAAXXZ 00000001800079b4 f i ElectronicValueRW.obj
 0001:000069b4       ?FreeHeap@?$CTempBuffer@_W$0BAA@VCCRTAllocator@ATL@@@ATL@@AEAAXXZ 00000001800079b4 f i ElectronicValueRW.obj
 0001:000069bc       ?GetAmbientLocaleID@CComControlBase@ATL@@QEAAJAEAK@Z 00000001800079bc f i ElectronicValueRW.obj
 0001:00006a7c       ?GetAmbientUserMode@CComControlBase@ATL@@QEAAJAEAH@Z 0000000180007a7c f i ElectronicValueRW.obj
 0001:00006b4c       ?GetClassObject@CComModule@ATL@@QEAAJAEBU_GUID@@0PEAPEAX@Z 0000000180007b4c f i ElectronicValueRW.obj
 0001:00006c40       ?GetConnMap@COPOSElectronicValueRW@@SAPEBU_ATL_CONNMAP_ENTRY@ATL@@PEAH@Z 0000000180007c40 f i ElectronicValueRW.obj
 0001:00006cc8       ?GetIDsOfNames@CComTypeInfoHolder@ATL@@QEAAJAEBU_GUID@@PEAPEA_WIKPEAJ@Z 0000000180007cc8 f i ElectronicValueRW.obj
 0001:00006e40       ?GetPagesHelper@?$ISpecifyPropertyPagesImpl@VCOPOSElectronicValueRW@@@ATL@@IEAAJPEAUtagCAUUID@@PEBUATL_PROPMAP_ENTRY@2@@Z 0000000180007e40 f i ElectronicValueRW.obj
 0001:00006fe0       ?GetSizeMax@CComVariant@ATL@@QEBAJPEAT_ULARGE_INTEGER@@@Z 0000000180007fe0 f i ElectronicValueRW.obj
 0001:00007210       ?GetTI@CComTypeInfoHolder@ATL@@QEAAJK@Z 0000000180008210 f i ElectronicValueRW.obj
 0001:000074f8       ?GetZoomInfo@CComControlBase@ATL@@QEAAXAEAUATL_DRAWINFO@@@Z 00000001800084f8 f i ElectronicValueRW.obj
 0001:0000759c       ?HKeyFromString@CRegParser@ATL@@KAPEAUHKEY__@@PEA_W@Z 000000018000859c f i ElectronicValueRW.obj
 0001:00007600       ?IDataObject_GetData@CComControlBase@ATL@@QEAAJPEAUtagFORMATETC@@PEAUtagSTGMEDIUM@@@Z 0000000180008600 f i ElectronicValueRW.obj
 0001:000077f4       ?IOleInPlaceObject_InPlaceDeactivate@CComControlBase@ATL@@QEAAJXZ 00000001800087f4 f i ElectronicValueRW.obj
 0001:00007894       ?IOleInPlaceObject_SetObjectRects@CComControlBase@ATL@@QEAAJPEBUtagRECT@@0@Z 0000000180008894 f i ElectronicValueRW.obj
 0001:00007984       ?IOleInPlaceObject_UIDeactivate@CComControlBase@ATL@@QEAAJXZ 0000000180008984 f i ElectronicValueRW.obj
 0001:00007a90       ?IOleObject_Close@CComControlBase@ATL@@QEAAJK@Z 0000000180008a90 f i ElectronicValueRW.obj
 0001:00007ba8       ?IOleObject_SetClientSite@CComControlBase@ATL@@QEAAJPEAUIOleClientSite@@@Z 0000000180008ba8 f i ElectronicValueRW.obj
 0001:00007c20       ?IOleObject_SetExtent@CComControlBase@ATL@@QEAAJKPEAUtagSIZE@@@Z 0000000180008c20 f i ElectronicValueRW.obj
 0001:00007cb8       ?IPSI_GetIPersistStreamInit@?$IPersistStorageImpl@VCOPOSElectronicValueRW@@@ATL@@AEAAPEAUIPersistStreamInit@@XZ 0000000180008cb8 f i ElectronicValueRW.obj
 0001:00007da0       ?IPersistStreamInit_Load@?$IPersistStreamInitImpl@VCOPOSElectronicValueRW@@@ATL@@QEAAJPEAUIStream@@PEBUATL_PROPMAP_ENTRY@2@@Z 0000000180008da0 f i ElectronicValueRW.obj
 0001:000080cc       ?IPersistStreamInit_Save@?$IPersistStreamInitImpl@VCOPOSElectronicValueRW@@@ATL@@QEAAJPEAUIStream@@HPEBUATL_PROPMAP_ENTRY@2@@Z 00000001800090cc f i ElectronicValueRW.obj
 0001:0000836c       ?IQuickActivate_QuickActivate@CComControlBase@ATL@@QEAAJPEAUtagQACONTAINER@@PEAUtagQACONTROL@@@Z 000000018000936c f i ElectronicValueRW.obj
 0001:00008630       ?IViewObject_Draw@CComControlBase@ATL@@QEAAJKJPEAXPEAUtagDVTARGETDEVICE@@PEAUHDC__@@2PEBU_RECTL@@3@Z 0000000180009630 f i ElectronicValueRW.obj
 0001:00008744       ?InPlaceActivate@CComControlBase@ATL@@QEAAJJPEBUtagRECT@@@Z 0000000180009744 f i ElectronicValueRW.obj
 0001:00008a78       ?Init@?$CComEnumImpl@UIEnumConnectionPoints@@$1?_GUID_b196b285_bab4_101a_b69c_00aa00341d07@@3U__s_GUID@@BPEAUIConnectionPoint@@V?$_CopyInterface@UIConnectionPoint@@@ATL@@@ATL@@QEAAJPEAPEAUIConnectionPoint@@0PEAUIUnknown@@W4CComEnumFlags@2@@Z 0000000180009a78 f i ElectronicValueRW.obj
 0001:00008b98       ?Init@?$CComEnumImpl@UIEnumConnections@@$1?_GUID_b196b287_bab4_101a_b69c_00aa00341d07@@3U__s_GUID@@BUtagCONNECTDATA@@V?$_Copy@UtagCONNECTDATA@@@ATL@@@ATL@@QEAAJPEAUtagCONNECTDATA@@0PEAUIUnknown@@W4CComEnumFlags@2@@Z 0000000180009b98 f i ElectronicValueRW.obj
 0001:00008cbc       ?IsEqualObject@?$CComPtrBase@UIOleClientSite@@@ATL@@QEAA_NPEAUIUnknown@@@Z 0000000180009cbc f i ElectronicValueRW.obj
 0001:00008d48       ?LoadNameCache@CComTypeInfoHolder@ATL@@QEAAJPEAUITypeInfo@@@Z 0000000180009d48 f i ElectronicValueRW.obj
 0001:00008ec8       ?Lookup@?$CSimpleMap@PEA_WPEA_WVCExpansionVectorEqualHelper@ATL@@@ATL@@QEBAPEA_WAEBQEA_W@Z 0000000180009ec8 f i ElectronicValueRW.obj
 0001:00008f50       ?NextToken@CRegParser@ATL@@IEAAJPEA_W@Z 0000000180009f50 f i ElectronicValueRW.obj
 0001:00009108       ?OnKillFocus@CComControlBase@ATL@@QEAA_JI_K_JAEAH@Z 000000018000a108 f i ElectronicValueRW.obj
 0001:000091a4       ?OnMouseActivate@CComControlBase@ATL@@QEAA_JI_K_JAEAH@Z 000000018000a1a4 f i ElectronicValueRW.obj
 0001:00009244       ?OnPaint@CComControlBase@ATL@@QEAA_JI_K_JAEAH@Z 000000018000a244 f i ElectronicValueRW.obj
 0001:00009330       ?OnSetFocus@CComControlBase@ATL@@QEAA_JI_K_JAEAH@Z 000000018000a330 f i ElectronicValueRW.obj
 0001:0000942c       ?PreProcessBuffer@CRegParser@ATL@@QEAAJPEA_WPEAPEA_W@Z 000000018000a42c f i ElectronicValueRW.obj
 0001:000097b8       ?ProcessWindowMessage@?$CComControl@VCOPOSElectronicValueRW@@V?$CWindowImpl@VCOPOSElectronicValueRW@@VCWindow@ATL@@V?$CWinTraits@$0FGAAAAAA@$0A@@3@@ATL@@@ATL@@UEAAHPEAUHWND__@@I_K_JAEA_JK@Z 000000018000a7b8 f i ElectronicValueRW.obj
 0001:0000989c       ?ReadFromStream@CComBSTR@ATL@@QEAAJPEAUIStream@@@Z 000000018000a89c f i ElectronicValueRW.obj
 0001:000099ec       ?ReadFromStream@CComVariant@ATL@@QEAAJPEAUIStream@@GTClassesAllowedInStream@2@K@Z 000000018000a9ec f i ElectronicValueRW.obj
 0001:00009c10       ?RecurseDeleteKey@CRegKey@ATL@@QEAAJPEB_W@Z 000000018000ac10 f i ElectronicValueRW.obj
 0001:00009d68       ?RegCreateKeyExW@CAtlTransactionManager@ATL@@QEAAJPEAUHKEY__@@PEB_WKPEA_WKKQEAU_SECURITY_ATTRIBUTES@@PEAPEAU3@PEAK@Z 000000018000ad68 f i ElectronicValueRW.obj
 0001:00009e9c       ?RegDeleteKeyW@CAtlTransactionManager@ATL@@QEAAJPEAUHKEY__@@PEB_W@Z 000000018000ae9c f i ElectronicValueRW.obj
 0001:00009f28       ?RegOpenKeyExW@CAtlTransactionManager@ATL@@QEAAJPEAUHKEY__@@PEB_WKKPEAPEAU3@@Z 000000018000af28 f i ElectronicValueRW.obj
 0001:00009fe0       ?RegisterBuffer@CRegParser@ATL@@QEAAJPEA_WH@Z 000000018000afe0 f i ElectronicValueRW.obj
 0001:0000a148       ?RegisterFromResource@CRegObject@ATL@@IEAAJPEB_W00H@Z 000000018000b148 f i ElectronicValueRW.obj
 0001:0000a304       ?RegisterServer@CComModule@ATL@@QEAAJHPEBU_GUID@@@Z 000000018000b304 f i ElectronicValueRW.obj
 0001:0000a3c4       ?RegisterSubkeys@CRegParser@ATL@@IEAAJPEA_WPEAUHKEY__@@HH@Z 000000018000b3c4 f i ElectronicValueRW.obj
 0001:0000ac30       ?SendOnDataChange@CComControlBase@ATL@@QEAAJK@Z 000000018000bc30 f i ElectronicValueRW.obj
 0001:0000aca0       ?SetControlFocus@CComControlBase@ATL@@QEAAHH@Z 000000018000bca0 f i ElectronicValueRW.obj
 0001:0000ad7c       ?SkipAssignment@CRegParser@ATL@@IEAAJPEA_W@Z 000000018000bd7c f i ElectronicValueRW.obj
 0001:0000ae20       ?Term@CAtlModule@ATL@@QEAAXXZ 000000018000be20 f i ElectronicValueRW.obj
 0001:0000aea0       ?Term@CComModule@ATL@@QEAAXXZ 000000018000bea0 f i ElectronicValueRW.obj
 0001:0000af1c       ?UnregisterServer@CComModule@ATL@@QEAAJHPEBU_GUID@@@Z 000000018000bf1c f i ElectronicValueRW.obj
 0001:0000afcc       ?UpdateRegistryFromResource@CAtlModule@ATL@@QEAAJIHPEAU_ATL_REGMAP_ENTRY@2@@Z 000000018000bfcc f i ElectronicValueRW.obj
 0001:0000b2d8       ?UpdateRegistryFromResource@CAtlModule@ATL@@QEAAJPEB_WHPEAU_ATL_REGMAP_ENTRY@2@@Z 000000018000c2d8 f i ElectronicValueRW.obj
 0001:0000b5fc       ?VTFromRegType@CRegParser@ATL@@KAHPEB_WAEAG@Z 000000018000c5fc f i ElectronicValueRW.obj
 0001:0000b698       ?WindowProc@?$CWindowImplBaseT@VCWindow@ATL@@V?$CWinTraits@$0FGAAAAAA@$0A@@2@@ATL@@SA_JPEAUHWND__@@I_K_J@Z 000000018000c698 f i ElectronicValueRW.obj
 0001:0000b804       ?WriteToStream@CComVariant@ATL@@QEAAJPEAUIStream@@@Z 000000018000c804 f i ElectronicValueRW.obj
 0001:0000ba80       ?WriteToStream@CComVariant@ATL@@QEAAJPEAUIStream@@G@Z 000000018000ca80 f i ElectronicValueRW.obj
 0001:0000bb18       ?_AtlVerifyStackAvailable@_ATL_SAFE_ALLOCA_IMPL@ATL@@YA_N_K@Z 000000018000cb18 f i ElectronicValueRW.obj
 0001:0000bb9c       ?atlCreate@?$CWindowImpl@VCOPOSElectronicValueRW@@VCWindow@ATL@@V?$CWinTraits@$0FGAAAAAA@$0A@@3@@ATL@@QEAAPEAUHWND__@@PEAU3@V_U_RECT@2@PEB_WKKV_U_MENUorID@2@PEAX@Z 000000018000cb9c f i ElectronicValueRW.obj
 0001:0000bc4c       ?atlCreate@?$CWindowImplBaseT@VCWindow@ATL@@V?$CWinTraits@$0FGAAAAAA@$0A@@2@@ATL@@QEAAPEAUHWND__@@PEAU3@V_U_RECT@2@PEB_WKKV_U_MENUorID@2@GPEAX@Z 000000018000cc4c f i ElectronicValueRW.obj
 0001:0000bdbc       ?ocscpy_s@@YA_NPEA_W_KPEB_W@Z 000000018000cdbc f i ElectronicValueRW.obj
 0001:0000be6c       DllCanUnloadNow            000000018000ce6c f   ElectronicValueRW.obj
 0001:0000be78       DllGetClassObject          000000018000ce78 f   ElectronicValueRW.obj
 0001:0000be90       DllMain                    000000018000ce90 f   ElectronicValueRW.obj
 0001:0000bf38       DllRegisterServer          000000018000cf38 f   ElectronicValueRW.obj
 0001:0000bf4c       DllUnregisterServer        000000018000cf4c f   ElectronicValueRW.obj
 0001:0000bf60       __local_stdio_printf_options 000000018000cf60 f i ElectronicValueRW.obj
 0001:0000bf68       swprintf_s                 000000018000cf68 f i ElectronicValueRW.obj
 0001:0000bfbc       ??0COPOSElectronicValueRW@@QEAA@XZ 000000018000cfbc f   ElectronicValueRWImpl.obj
 0001:0000c090       ??1?$IConnectionPointImpl@VCOPOSElectronicValueRW@@$1?IID_IPropertyNotifySink@@3U_GUID@@BVCComDynamicUnkArray@ATL@@@ATL@@QEAA@XZ 000000018000d090 f i ElectronicValueRWImpl.obj
 0001:0000c090       ??1?$IConnectionPointImpl@VCOPOSElectronicValueRW@@$1?DIID__IOPOSElectronicValueRWEvents@@3U_GUID@@BVCComDynamicUnkArray@ATL@@@ATL@@QEAA@XZ 000000018000d090 f i ElectronicValueRWImpl.obj
 0001:0000c0ec       ??1CComControlBase@ATL@@UEAA@XZ 000000018000d0ec f i ElectronicValueRWImpl.obj
 0001:0000c168       ??1COPOSElectronicValueRW@@UEAA@XZ 000000018000d168 f   ElectronicValueRWImpl.obj
 0001:0000c1cc       ?AccessDailyLog@COPOSElectronicValueRW@@UEAAJJJJPEAJ@Z 000000018000d1cc f   ElectronicValueRWImpl.obj
 0001:0000c2b4       ?AccessData@COPOSElectronicValueRW@@UEAAJJPEAJPEAPEA_W0@Z 000000018000d2b4 f   ElectronicValueRWImpl.obj
 0001:0000c3b0       ?AccessLog@COPOSElectronicValueRW@@UEAAJJJJPEAJ@Z 000000018000d3b0 f   ElectronicValueRWImpl.obj
 0001:0000c498       ?ActivateEVService@COPOSElectronicValueRW@@UEAAJPEAJPEAPEA_W0@Z 000000018000d498 f   ElectronicValueRWImpl.obj
 0001:0000c574       ?ActivateService@COPOSElectronicValueRW@@UEAAJPEAJPEAPEA_W0@Z 000000018000d574 f   ElectronicValueRWImpl.obj
 0001:0000c650       ?AddValue@COPOSElectronicValueRW@@UEAAJJJPEAJ@Z 000000018000d650 f   ElectronicValueRWImpl.obj
 0001:0000c71c       ?AuthorizeCompletion@COPOSElectronicValueRW@@UEAAJJTtagCY@@0JPEAJ@Z 000000018000d71c f   ElectronicValueRWImpl.obj
 0001:0000c81c       ?AuthorizePreSales@COPOSElectronicValueRW@@UEAAJJTtagCY@@0JPEAJ@Z 000000018000d81c f   ElectronicValueRWImpl.obj
 0001:0000c91c       ?AuthorizeRefund@COPOSElectronicValueRW@@UEAAJJTtagCY@@0JPEAJ@Z 000000018000d91c f   ElectronicValueRWImpl.obj
 0001:0000ca1c       ?AuthorizeSales@COPOSElectronicValueRW@@UEAAJJTtagCY@@0JPEAJ@Z 000000018000da1c f   ElectronicValueRWImpl.obj
 0001:0000cb1c       ?AuthorizeVoid@COPOSElectronicValueRW@@UEAAJJTtagCY@@0JPEAJ@Z 000000018000db1c f   ElectronicValueRWImpl.obj
 0001:0000cc1c       ?AuthorizeVoidPreSales@COPOSElectronicValueRW@@UEAAJJTtagCY@@0JPEAJ@Z 000000018000dc1c f   ElectronicValueRWImpl.obj
 0001:0000cd1c       ?BeginDetection@COPOSElectronicValueRW@@UEAAJJJPEAJ@Z 000000018000dd1c f   ElectronicValueRWImpl.obj
 0001:0000cde8       ?BeginRemoval@COPOSElectronicValueRW@@UEAAJJPEAJ@Z 000000018000dde8 f   ElectronicValueRWImpl.obj
 0001:0000ce64       ?CancelValue@COPOSElectronicValueRW@@UEAAJJJPEAJ@Z 000000018000de64 f   ElectronicValueRWImpl.obj
 0001:0000cf30       ?CaptureCard@COPOSElectronicValueRW@@UEAAJPEAJ@Z 000000018000df30 f   ElectronicValueRWImpl.obj
 0001:0000cf58       ?CashDeposit@COPOSElectronicValueRW@@UEAAJJTtagCY@@JPEAJ@Z 000000018000df58 f   ElectronicValueRWImpl.obj
 0001:0000d044       ?CheckCard@COPOSElectronicValueRW@@UEAAJJJPEAJ@Z 000000018000e044 f   ElectronicValueRWImpl.obj
 0001:0000d110       ?CheckHealth@COPOSElectronicValueRW@@UEAAJJPEAJ@Z 000000018000e110 f   ElectronicValueRWImpl.obj
 0001:0000d18c       ?CheckServiceRegistrationToMedium@COPOSElectronicValueRW@@UEAAJJJPEAJ@Z 000000018000e18c f   ElectronicValueRWImpl.obj
 0001:0000d258       ?ClaimDevice@COPOSElectronicValueRW@@UEAAJJPEAJ@Z 000000018000e258 f   ElectronicValueRWImpl.obj
 0001:0000d2f8       ?ClearInput@COPOSElectronicValueRW@@UEAAJPEAJ@Z 000000018000e2f8 f   ElectronicValueRWImpl.obj
 0001:0000d320       ?ClearInputProperties@COPOSElectronicValueRW@@UEAAJPEAJ@Z 000000018000e320 f   ElectronicValueRWImpl.obj
 0001:0000d348       ?ClearOutput@COPOSElectronicValueRW@@UEAAJPEAJ@Z 000000018000e348 f   ElectronicValueRWImpl.obj
 0001:0000d370       ?ClearParameterInformation@COPOSElectronicValueRW@@UEAAJPEAJ@Z 000000018000e370 f   ElectronicValueRWImpl.obj
 0001:0000d398       ?Close@COPOSElectronicValueRW@@UEAAJPEAJ@Z 000000018000e398 f   ElectronicValueRWImpl.obj
 0001:0000d450       ?CloseDailyEVService@COPOSElectronicValueRW@@UEAAJPEAJPEAPEA_W0@Z 000000018000e450 f   ElectronicValueRWImpl.obj
 0001:0000d52c       ?CompareFirmwareVersion@COPOSElectronicValueRW@@UEAAJPEA_WPEAJ1@Z 000000018000e52c f   ElectronicValueRWImpl.obj
 0001:0000d608       ?DeactivateEVService@COPOSElectronicValueRW@@UEAAJPEAJPEAPEA_W0@Z 000000018000e608 f   ElectronicValueRWImpl.obj
 0001:0000d6e4       ?DirectIO@COPOSElectronicValueRW@@UEAAJJPEAJPEAPEA_W0@Z 000000018000e6e4 f   ElectronicValueRWImpl.obj
 0001:0000d7e0       ?DoInvoke@COPOSElectronicValueRW@@IEAAJJPEAVOposVariant@@IHPEAJ_N@Z 000000018000e7e0 f   ElectronicValueRWImpl.obj
 0001:0000d914       ?EndDetection@COPOSElectronicValueRW@@UEAAJPEAJ@Z 000000018000e914 f   ElectronicValueRWImpl.obj
 0001:0000d93c       ?EndRemoval@COPOSElectronicValueRW@@UEAAJPEAJ@Z 000000018000e93c f   ElectronicValueRWImpl.obj
 0001:0000d964       ?EnumerateCardServices@COPOSElectronicValueRW@@UEAAJPEAJ@Z 000000018000e964 f   ElectronicValueRWImpl.obj
 0001:0000d98c       ?EventInit@COPOSElectronicValueRW@@IEAAJXZ 000000018000e98c f i ElectronicValueRWImpl.obj
 0001:0000dad4       ?EventUninit@COPOSElectronicValueRW@@IEAAXXZ 000000018000ead4 f i ElectronicValueRWImpl.obj
 0001:0000db38       ?EventWindowProc@COPOSElectronicValueRW@@IEAA_JI_K_J@Z 000000018000eb38 f i ElectronicValueRWImpl.obj
 0001:0000dd50       ?FinalConstruct@COPOSElectronicValueRW@@QEAAJXZ 000000018000ed50 f   ElectronicValueRWImpl.obj
 0001:0000dd8c       ?FreezeEvents@COPOSElectronicValueRW@@MEAAJH@Z 000000018000ed8c f   ElectronicValueRWImpl.obj
 0001:0000de00       ?GetOposProp@COPOSElectronicValueRW@@IEAAJJPEAJJ@Z 000000018000ee00 f   ElectronicValueRWImpl.obj
 0001:0000df1c       ?GetOposProp@COPOSElectronicValueRW@@IEAAJJPEAPEA_WJ@Z 000000018000ef1c f   ElectronicValueRWImpl.obj
 0001:0000e048       ?LockTerminal@COPOSElectronicValueRW@@UEAAJPEAJ@Z 000000018000f048 f   ElectronicValueRWImpl.obj
 0001:0000e070       ?OnDraw@COPOSElectronicValueRW@@MEAAJAEAUATL_DRAWINFO@@@Z 000000018000f070 f   ElectronicValueRWImpl.obj
 0001:0000e15c       ?Open@COPOSElectronicValueRW@@UEAAJPEA_WPEAJ@Z 000000018000f15c f   ElectronicValueRWImpl.obj
 0001:0000ea00       ?OpenDailyEVService@COPOSElectronicValueRW@@UEAAJPEAJPEAPEA_W0@Z 000000018000fa00 f   ElectronicValueRWImpl.obj
 0001:0000eadc       ?QueryLastSuccessfulTransactionResult@COPOSElectronicValueRW@@UEAAJPEAJ@Z 000000018000fadc f   ElectronicValueRWImpl.obj
 0001:0000eb04       ?ReadValue@COPOSElectronicValueRW@@UEAAJJJPEAJ@Z 000000018000fb04 f   ElectronicValueRWImpl.obj
 0001:0000ebd0       ?RegisterServiceToMedium@COPOSElectronicValueRW@@UEAAJJJPEAJ@Z 000000018000fbd0 f   ElectronicValueRWImpl.obj
 0001:0000ec9c       ?ReleaseDevice@COPOSElectronicValueRW@@UEAAJPEAJ@Z 000000018000fc9c f   ElectronicValueRWImpl.obj
 0001:0000ed08       ?ResetStatistics@COPOSElectronicValueRW@@UEAAJPEA_WPEAJ@Z 000000018000fd08 f   ElectronicValueRWImpl.obj
 0001:0000ed90       ?RetrieveResultInformation@COPOSElectronicValueRW@@UEAAJPEA_WPEAPEA_WPEAJ@Z 000000018000fd90 f   ElectronicValueRWImpl.obj
 0001:0000ee6c       ?RetrieveStatistics@COPOSElectronicValueRW@@UEAAJPEAPEA_WPEAJ@Z 000000018000fe6c f   ElectronicValueRWImpl.obj
 0001:0000eef4       ?SOProcessID@COPOSElectronicValueRW@@UEAAJPEAJ@Z 000000018000fef4 f   ElectronicValueRWImpl.obj
 0001:0000ef10       ?SetCOFreezeEvents@COPOSElectronicValueRW@@IEAAXF@Z 000000018000ff10 f   ElectronicValueRWImpl.obj
 0001:0000eff4       ?SetOposProp@COPOSElectronicValueRW@@IEAAJJJJ@Z 000000018000fff4 f   ElectronicValueRWImpl.obj
 0001:0000f154       ?SetOposProp@COPOSElectronicValueRW@@IEAAJJPEA_WJ@Z 0000000180010154 f   ElectronicValueRWImpl.obj
 0001:0000f2ac       ?SetParameterInformation@COPOSElectronicValueRW@@UEAAJPEA_W0PEAJ@Z 00000001800102ac f   ElectronicValueRWImpl.obj
 0001:0000f388       ?SubtractValue@COPOSElectronicValueRW@@UEAAJJJPEAJ@Z 0000000180010388 f   ElectronicValueRWImpl.obj
 0001:0000f454       ?TransactionAccess@COPOSElectronicValueRW@@UEAAJJPEAJ@Z 0000000180010454 f   ElectronicValueRWImpl.obj
 0001:0000f4d0       ?UnlockTerminal@COPOSElectronicValueRW@@UEAAJPEAJ@Z 00000001800104d0 f   ElectronicValueRWImpl.obj
 0001:0000f4f8       ?UnregisterServiceToMedium@COPOSElectronicValueRW@@UEAAJJJPEAJ@Z 00000001800104f8 f   ElectronicValueRWImpl.obj
 0001:0000f5c4       ?UpdateData@COPOSElectronicValueRW@@UEAAJJPEAJPEAPEA_W0@Z 00000001800105c4 f   ElectronicValueRWImpl.obj
 0001:0000f6c0       ?UpdateFirmware@COPOSElectronicValueRW@@UEAAJPEA_WPEAJ@Z 00000001800106c0 f   ElectronicValueRWImpl.obj
 0001:0000f748       ?UpdateKey@COPOSElectronicValueRW@@UEAAJPEAJPEAPEA_W0@Z 0000000180010748 f   ElectronicValueRWImpl.obj
 0001:0000f824       ?UpdateStatistics@COPOSElectronicValueRW@@UEAAJPEA_WPEAJ@Z 0000000180010824 f   ElectronicValueRWImpl.obj
 0001:0000f8ac       ?WriteValue@COPOSElectronicValueRW@@UEAAJJJPEAJ@Z 00000001800108ac f   ElectronicValueRWImpl.obj
 0001:0000f978       ?get_AccountNumber@COPOSElectronicValueRW@@UEAAJPEAPEA_W@Z 0000000180010978 f   ElectronicValueRWImpl.obj
 0001:0000f98c       ?get_AdditionalSecurityInformation@COPOSElectronicValueRW@@UEAAJPEAPEA_W@Z 000000018001098c f   ElectronicValueRWImpl.obj
 0001:0000f9a0       ?get_Amount@COPOSElectronicValueRW@@UEAAJPEATtagCY@@@Z 00000001800109a0 f   ElectronicValueRWImpl.obj
 0001:0000fa70       ?get_ApprovalCode@COPOSElectronicValueRW@@UEAAJPEAPEA_W@Z 0000000180010a70 f   ElectronicValueRWImpl.obj
 0001:0000fa84       ?get_AsyncMode@COPOSElectronicValueRW@@UEAAJPEAF@Z 0000000180010a84 f   ElectronicValueRWImpl.obj
 0001:0000fab8       ?get_AutoDisable@COPOSElectronicValueRW@@UEAAJPEAF@Z 0000000180010ab8 f   ElectronicValueRWImpl.obj
 0001:0000faec       ?get_Balance@COPOSElectronicValueRW@@UEAAJPEATtagCY@@@Z 0000000180010aec f   ElectronicValueRWImpl.obj
 0001:0000fbbc       ?get_BalanceOfPoint@COPOSElectronicValueRW@@UEAAJPEATtagCY@@@Z 0000000180010bbc f   ElectronicValueRWImpl.obj
 0001:0000fc8c       ?get_BinaryConversion@COPOSElectronicValueRW@@UEAAJPEAJ@Z 0000000180010c8c f   ElectronicValueRWImpl.obj
 0001:0000fca0       ?get_CapActivateService@COPOSElectronicValueRW@@UEAAJPEAF@Z 0000000180010ca0 f   ElectronicValueRWImpl.obj
 0001:0000fcd4       ?get_CapAddValue@COPOSElectronicValueRW@@UEAAJPEAF@Z 0000000180010cd4 f   ElectronicValueRWImpl.obj
 0001:0000fd08       ?get_CapAdditionalSecurityInformation@COPOSElectronicValueRW@@UEAAJPEAF@Z 0000000180010d08 f   ElectronicValueRWImpl.obj
 0001:0000fd3c       ?get_CapAuthorizeCompletion@COPOSElectronicValueRW@@UEAAJPEAF@Z 0000000180010d3c f   ElectronicValueRWImpl.obj
 0001:0000fd70       ?get_CapAuthorizePreSales@COPOSElectronicValueRW@@UEAAJPEAF@Z 0000000180010d70 f   ElectronicValueRWImpl.obj
 0001:0000fda4       ?get_CapAuthorizeRefund@COPOSElectronicValueRW@@UEAAJPEAF@Z 0000000180010da4 f   ElectronicValueRWImpl.obj
 0001:0000fdd8       ?get_CapAuthorizeVoid@COPOSElectronicValueRW@@UEAAJPEAF@Z 0000000180010dd8 f   ElectronicValueRWImpl.obj
 0001:0000fe0c       ?get_CapAuthorizeVoidPreSales@COPOSElectronicValueRW@@UEAAJPEAF@Z 0000000180010e0c f   ElectronicValueRWImpl.obj
 0001:0000fe40       ?get_CapCancelValue@COPOSElectronicValueRW@@UEAAJPEAF@Z 0000000180010e40 f   ElectronicValueRWImpl.obj
 0001:0000fe74       ?get_CapCardSensor@COPOSElectronicValueRW@@UEAAJPEAJ@Z 0000000180010e74 f   ElectronicValueRWImpl.obj
 0001:0000fe88       ?get_CapCashDeposit@COPOSElectronicValueRW@@UEAAJPEAF@Z 0000000180010e88 f   ElectronicValueRWImpl.obj
 0001:0000febc       ?get_CapCenterResultCode@COPOSElectronicValueRW@@UEAAJPEAF@Z 0000000180010ebc f   ElectronicValueRWImpl.obj
 0001:0000fef0       ?get_CapCheckCard@COPOSElectronicValueRW@@UEAAJPEAF@Z 0000000180010ef0 f   ElectronicValueRWImpl.obj
 0001:0000ff24       ?get_CapCompareFirmwareVersion@COPOSElectronicValueRW@@UEAAJPEAF@Z 0000000180010f24 f   ElectronicValueRWImpl.obj
 0001:0000ff58       ?get_CapDailyLog@COPOSElectronicValueRW@@UEAAJPEAJ@Z 0000000180010f58 f   ElectronicValueRWImpl.obj
 0001:0000ff6c       ?get_CapDetectionControl@COPOSElectronicValueRW@@UEAAJPEAJ@Z 0000000180010f6c f   ElectronicValueRWImpl.obj
 0001:0000ff80       ?get_CapElectronicMoney@COPOSElectronicValueRW@@UEAAJPEAF@Z 0000000180010f80 f   ElectronicValueRWImpl.obj
 0001:0000ffb4       ?get_CapEnumerateCardServices@COPOSElectronicValueRW@@UEAAJPEAF@Z 0000000180010fb4 f   ElectronicValueRWImpl.obj
 0001:0000ffe8       ?get_CapIndirectTransactionLog@COPOSElectronicValueRW@@UEAAJPEAF@Z 0000000180010fe8 f   ElectronicValueRWImpl.obj
 0001:0001001c       ?get_CapInstallments@COPOSElectronicValueRW@@UEAAJPEAF@Z 000000018001101c f   ElectronicValueRWImpl.obj
 0001:00010050       ?get_CapLockTerminal@COPOSElectronicValueRW@@UEAAJPEAF@Z 0000000180011050 f   ElectronicValueRWImpl.obj
[...]
 0004:00001b90       $pdata$__acrt_fp_format    0000000180039b90     libucrt:cvt.obj
 0004:00001b9c       $pdata$?fp_format_e_internal@@YAHQEAD_KH_NIQEAU_strflt@@2QEAU__crt_locale_pointers@@@Z 0000000180039b9c     libucrt:cvt.obj
 0004:00001ba8       $pdata$?fp_format_e@@YAHQEBNQEAD_K12H_NIQEAU__crt_locale_pointers@@W4__acrt_rounding_mode@@@Z 0000000180039ba8     libucrt:cvt.obj
 0004:00001bb4       $pdata$?should_round_up@@YA_NQEBN_KFW4__acrt_rounding_mode@@@Z 0000000180039bb4     libucrt:cvt.obj
 0004:00001bc0       $pdata$?fp_format_a@@YAHQEBNPEAD_KQEAD2H_NIQEAU__crt_locale_pointers@@W4__acrt_rounding_mode@@@Z 0000000180039bc0     libucrt:cvt.obj
 0004:00001bcc       $pdata$?fp_format_f_internal@@YAHQEAD_KHQEAU_strflt@@_NQEAU__crt_locale_pointers@@@Z 0000000180039bcc     libucrt:cvt.obj
 0004:00001bd8       $pdata$?fp_format_g@@YAHQEBNQEAD_K12H_NIQEAU__crt_locale_pointers@@@Z 0000000180039bd8     libucrt:cvt.obj
 0004:00001be4       $pdata$_fileno             0000000180039be4     libucrt:fileno.obj
 0004:00001bf0       $pdata$__acrt_initialize_stdio 0000000180039bf0     libucrt:_file.obj
 0004:00001bfc       $pdata$__acrt_uninitialize_stdio 0000000180039bfc     libucrt:_file.obj
 0004:00001c08       $pdata$__acrt_uninitialize_locale 0000000180039c08     libucrt:wsetlocale.obj
 0004:00001c14       $pdata$??$?RV<lambda_410d79af7f07d98d83a3f525b3859a53>@@AEAV<lambda_3e16ef9562a7dcce91392c22ab16ea36>@@V<lambda_38119f0e861e05405d8a144b9b982f0a>@@@?$__crt_seh_guarded_call@X@@QEAAX$$QEAV<lambda_410d79af7f07d98d83a3f525b3859a53>@@AEAV<lambda_3e16ef9562a7dcce91392c22ab16ea36>@@$$QEAV<lambda_38119f0e861e05405d8a144b9b982f0a>@@@Z 0000000180039c14     libucrt:wsetlocale.obj
 0004:00001c20       $pdata$?fin$0@?0???$?RV<lambda_410d79af7f07d98d83a3f525b3859a53>@@AEAV<lambda_3e16ef9562a7dcce91392c22ab16ea36>@@V<lambda_38119f0e861e05405d8a144b9b982f0a>@@@?$__crt_seh_guarded_call@X@@QEAAX$$QEAV<lambda_410d79af7f07d98d83a3f525b3859a53>@@AEAV<lambda_3e16ef9562a7dcce91392c22ab16ea36>@@$$QEAV<lambda_38119f0e861e05405d8a144b9b982f0a>@@@Z@4HA 0000000180039c20     libucrt:wsetlocale.obj
 0004:00001c2c       $pdata$__acrt_initialize_lowio 0000000180039c2c     libucrt:ioinit.obj
 0004:00001c38       $pdata$__acrt_initialize_lowio$fin$0 0000000180039c38     libucrt:ioinit.obj
 0004:00001c38       $pdata$__acrt_lowio_ensure_fh_exists$fin$0 0000000180039c38     libucrt:osfinfo.obj
 0004:00001c44       $pdata$__acrt_uninitialize_lowio 0000000180039c44     libucrt:ioinit.obj
 0004:00001c50       $pdata$?initialize_inherited_file_handles_nolock@@YAXXZ 0000000180039c50     libucrt:ioinit.obj
 0004:00001c5c       $pdata$?initialize_stdio_handles_nolock@@YAXXZ 0000000180039c5c     libucrt:ioinit.obj
 0004:00001c68       $pdata$__acrt_initialize_locks 0000000180039c68     libucrt:locks.obj
 0004:00001c74       $pdata$__acrt_uninitialize_locks 0000000180039c74     libucrt:locks.obj
 0004:00001c80       $pdata$__acrt_get_process_end_policy 0000000180039c80     libucrt:win_policies.obj
 0004:00001c8c       $pdata$??$__acrt_mbs_to_wcs_cp@U__crt_win32_buffer_internal_dynamic_resizing@@@@YAHQEBDAEAV?$__crt_win32_buffer@_WU__crt_win32_buffer_internal_dynamic_resizing@@@@I@Z 0000000180039c8c     libucrt:argv_wildcards.obj
 0004:00001c98       $pdata$??$__acrt_wcs_to_mbs_cp@U__crt_win32_buffer_internal_dynamic_resizing@@@@YAHQEB_WAEAV?$__crt_win32_buffer@DU__crt_win32_buffer_internal_dynamic_resizing@@@@I@Z 0000000180039c98     libucrt:argv_wildcards.obj
 0004:00001ca4       $pdata$??$common_expand_argv_wildcards@D@@YAHQEAPEADQEAPEAPEAD@Z 0000000180039ca4     libucrt:argv_wildcards.obj
 0004:00001cb0       $pdata$??$copy_and_add_argument_to_buffer@D@@YAHQEBD0_KAEAV?$argument_list@D@?A0x5f5c8891@@@Z 0000000180039cb0     libucrt:argv_wildcards.obj
 0004:00001cbc       $pdata$??$expand_argument_wildcards@D@@YAHQEAD0AEAV?$argument_list@D@?A0x5f5c8891@@@Z 0000000180039cbc     libucrt:argv_wildcards.obj
 0004:00001cc8       $pdata$__acrt_GetModuleFileNameA 0000000180039cc8     libucrt:getmodulefilenamea.obj
 0004:00001cd4       $pdata$??$__acrt_wcs_to_mbs_cp@U__crt_win32_buffer_no_resizing@@@@YAHQEB_WAEAV?$__crt_win32_buffer@DU__crt_win32_buffer_no_resizing@@@@I@Z 0000000180039cd4     libucrt:getmodulefilenamea.obj
 0004:00001ce0       $pdata$__acrt_update_thread_multibyte_data 0000000180039ce0     libucrt:mbctype.obj
 0004:00001cec       $pdata$__acrt_initialize_multibyte 0000000180039cec     libucrt:mbctype.obj
 0004:00001cf8       $pdata$_setmbcp_nolock     0000000180039cf8     libucrt:mbctype.obj
 0004:00001d04       $pdata$?getSystemCP@@YAHH@Z 0000000180039d04     libucrt:mbctype.obj
 0004:00001d10       $pdata$?setSBCS@@YAXPEAU__crt_multibyte_data@@@Z 0000000180039d10     libucrt:mbctype.obj
 0004:00001d1c       $pdata$?update_thread_multibyte_data_internal@@YAPEAU__crt_multibyte_data@@QEAU__acrt_ptd@@QEAPEAU1@@Z 0000000180039d1c     libucrt:mbctype.obj
 0004:00001d28       $pdata$?fin$0@?0??update_thread_multibyte_data_internal@@YAPEAU__crt_multibyte_data@@QEAU__acrt_ptd@@QEAPEAU1@@Z@4HA 0000000180039d28     libucrt:mbctype.obj
 0004:00001d34       $pdata$?setmbcp_internal@@YAHH_NQEAU__acrt_ptd@@QEAPEAU__crt_multibyte_data@@@Z 0000000180039d34     libucrt:mbctype.obj
 0004:00001d40       $pdata$?setSBUpLow@@YAXPEAU__crt_multibyte_data@@@Z 0000000180039d40     libucrt:mbctype.obj
 0004:00001d4c       $pdata$??$?RV<lambda_efdfa57d1f175319df784efa44bb7b81>@@AEAV<lambda_5f0a4c1567f8adc6734073e5d1e1b35c>@@V<lambda_2e8a7d3640ea6ccb4c2413664c2db6fd>@@@?$__crt_seh_guarded_call@X@@QEAAX$$QEAV<lambda_efdfa57d1f175319df784efa44bb7b81>@@AEAV<lambda_5f0a4c1567f8adc6734073e5d1e1b35c>@@$$QEAV<lambda_2e8a7d3640ea6ccb4c2413664c2db6fd>@@@Z 0000000180039d4c     libucrt:mbctype.obj
 0004:00001d58       $pdata$?x_ismbbtype_l@@YAHPEAU__crt_locale_pointers@@IHH@Z 0000000180039d58     libucrt:ismbbyte.obj
 0004:00001d64       $pdata$__acrt_initialize_command_line 0000000180039d64     libucrt:argv_data.obj
 0004:00001d70       $pdata$__acrt_WideCharToMultiByte 0000000180039d70     libucrt:widechartomultibyte.obj
 0004:00001d7c       $pdata$__dcrt_get_narrow_environment_from_os 0000000180039d7c     libucrt:get_environment_from_os.obj
 0004:00001d88       $pdata$__acrt_initialize_heap 0000000180039d88     libucrt:heap_handle.obj
 0004:00001d94       $pdata$__acrt_execute_initializers 0000000180039d94     libucrt:shared_initialization.obj
 0004:00001da0       $pdata$__acrt_execute_uninitializers 0000000180039da0     libucrt:shared_initialization.obj
 0004:00001dac       $pdata$__acrt_get_sigabrt_handler 0000000180039dac     libucrt:signal.obj
 0004:00001db8       $pdata$raise               0000000180039db8     libucrt:signal.obj
 0004:00001dc4       $pdata$raise$fin$0         0000000180039dc4     libucrt:signal.obj
 0004:00001dd0       $pdata$??$?RV<lambda_450d765d439847d4c735a33c368b5fc0>@@AEAV<lambda_44731a7d0e6d81c3e6aa82d741081786>@@V<lambda_601a2a7da3b7a96e9554ac7215c4b07c>@@@?$__crt_seh_guarded_call@P6AXH@Z@@QEAAP6AXH@Z$$QEAV<lambda_450d765d439847d4c735a33c368b5fc0>@@AEAV<lambda_44731a7d0e6d81c3e6aa82d741081786>@@$$QEAV<lambda_601a2a7da3b7a96e9554ac7215c4b07c>@@@Z 0000000180039dd0     libucrt:signal.obj
 0004:00001ddc       $pdata$_fflush_nolock      0000000180039ddc     libucrt:fflush.obj
 0004:00001de8       $pdata$__acrt_stdio_flush_nolock 0000000180039de8     libucrt:fflush.obj
 0004:00001df4       $pdata$?common_flush_all@@YAH_N@Z 0000000180039df4     libucrt:fflush.obj
 0004:00001e00       $pdata$??$?RV<lambda_842d9ff0dc9ef11c61343bbaebe7f885>@@AEAV<lambda_c5860995281e5c4ce005b3de8f5874ee>@@V<lambda_d90129c13df834fdcbf8d2b88dafcf2d>@@@?$__crt_seh_guarded_call@X@@QEAAX$$QEAV<lambda_842d9ff0dc9ef11c61343bbaebe7f885>@@AEAV<lambda_c5860995281e5c4ce005b3de8f5874ee>@@$$QEAV<lambda_d90129c13df834fdcbf8d2b88dafcf2d>@@@Z 0000000180039e00     libucrt:fflush.obj
 0004:00001e0c       $pdata$?fin$0@?0???$?RV<lambda_842d9ff0dc9ef11c61343bbaebe7f885>@@AEAV<lambda_c5860995281e5c4ce005b3de8f5874ee>@@V<lambda_d90129c13df834fdcbf8d2b88dafcf2d>@@@?$__crt_seh_guarded_call@X@@QEAAX$$QEAV<lambda_842d9ff0dc9ef11c61343bbaebe7f885>@@AEAV<lambda_c5860995281e5c4ce005b3de8f5874ee>@@$$QEAV<lambda_d90129c13df834fdcbf8d2b88dafcf2d>@@@Z@4HA 0000000180039e0c     libucrt:fflush.obj
 0004:00001e18       $pdata$??$?RV<lambda_886d6c58226a84441f68b9f2b8217b83>@@AEAV<lambda_ab61a845afdef5b7c387490eaf3616ee>@@V<lambda_f7f22ab5edc0698d5f6905b0d3f44752>@@@?$__crt_seh_guarded_call@X@@QEAAX$$QEAV<lambda_886d6c58226a84441f68b9f2b8217b83>@@AEAV<lambda_ab61a845afdef5b7c387490eaf3616ee>@@$$QEAV<lambda_f7f22ab5edc0698d5f6905b0d3f44752>@@@Z 0000000180039e18     libucrt:fflush.obj
 0004:00001e24       $pdata$?fin$0@?0???$?RV<lambda_886d6c58226a84441f68b9f2b8217b83>@@AEAV<lambda_ab61a845afdef5b7c387490eaf3616ee>@@V<lambda_f7f22ab5edc0698d5f6905b0d3f44752>@@@?$__crt_seh_guarded_call@X@@QEAAX$$QEAV<lambda_886d6c58226a84441f68b9f2b8217b83>@@AEAV<lambda_ab61a845afdef5b7c387490eaf3616ee>@@$$QEAV<lambda_f7f22ab5edc0698d5f6905b0d3f44752>@@@Z@4HA 0000000180039e24     libucrt:fflush.obj
 0004:00001e30       $pdata$__pctype_func       0000000180039e30     libucrt:ctype.obj
 0004:00001e3c       $pdata$iswctype            0000000180039e3c     libucrt:iswctype.obj
 0004:00001e48       $pdata$__acrt_release_locale_ref 0000000180039e48     libucrt:locale_refcounting.obj
 0004:00001e54       $pdata$__acrt_free_locale  0000000180039e54     libucrt:locale_refcounting.obj
 0004:00001e60       $pdata$__acrt_locale_free_lc_time_if_unreferenced 0000000180039e60     libucrt:locale_refcounting.obj
 0004:00001e6c       $pdata$__acrt_update_thread_locale_data 0000000180039e6c     libucrt:locale_refcounting.obj
 0004:00001e78       $pdata$__acrt_update_thread_locale_data$fin$0 0000000180039e78     libucrt:locale_refcounting.obj
 0004:00001e84       $pdata$_updatetlocinfoEx_nolock 0000000180039e84     libucrt:locale_refcounting.obj
 0004:00001e90       $pdata$__acrt_DownlevelLocaleNameToLCID 0000000180039e90     libucrt:lcidtoname_downlevel.obj
 0004:00001e9c       $pdata$_isleadbyte_l       0000000180039e9c     libucrt:_wctype.obj
 0004:00001ea8       $pdata$?__mbrtowc_utf8@__crt_mbstring@@YA_KPEA_WPEBD_KPEAU_Mbstatet@@@Z 0000000180039ea8     libucrt:mbrtowc.obj
 0004:00001eb4       $pdata$?__mbsrtowcs_utf8@__crt_mbstring@@YA_KPEA_WPEAPEBD_KPEAU_Mbstatet@@@Z 0000000180039eb4     libucrt:mbrtowc.obj
 0004:00001ec0       $pdata$__acrt_fp_strflt_to_string 0000000180039ec0     libucrt:_fptostr.obj
 0004:00001ecc       $pdata$memcpy_s            0000000180039ecc     libucrt:cfout.obj
 0004:00001ed8       $pdata$__acrt_fltout       0000000180039ed8     libucrt:cfout.obj
 0004:00001ee4       $pdata$?divide@__crt_strtox@@YA_KAEAUbig_integer@1@AEBU21@@Z 0000000180039ee4     libucrt:cfout.obj
 0004:00001ef0       $pdata$0$?divide@__crt_strtox@@YA_KAEAUbig_integer@1@AEBU21@@Z 0000000180039ef0     libucrt:cfout.obj
 0004:00001efc       $pdata$1$?divide@__crt_strtox@@YA_KAEAUbig_integer@1@AEBU21@@Z 0000000180039efc     libucrt:cfout.obj
 0004:00001f08       $pdata$fegetround          0000000180039f08     libucrt:fegetround.obj
 0004:00001f14       $pdata$_fcloseall          0000000180039f14     libucrt:closeall.obj
 0004:00001f20       $pdata$_fcloseall$fin$0    0000000180039f20     libucrt:closeall.obj
 0004:00001f2c       $pdata$__acrt_stdio_free_buffer_nolock 0000000180039f2c     libucrt:_freebuf.obj
 0004:00001f38       $pdata$_isatty             0000000180039f38     libucrt:isatty.obj
 0004:00001f44       $pdata$__acrt_locale_free_monetary 0000000180039f44     libucrt:initmon.obj
 0004:00001f50       $pdata$__acrt_locale_free_numeric 0000000180039f50     libucrt:initnum.obj
 0004:00001f5c       $pdata$__acrt_locale_free_time 0000000180039f5c     libucrt:inittime.obj
 0004:00001f68       $pdata$?free_crt_array_internal@@YAXQEAPEBX_K@Z 0000000180039f68     libucrt:inittime.obj
 0004:00001f74       $pdata$__acrt_GetStringTypeA 0000000180039f74     libucrt:getstringtypea.obj
 0004:00001f80       $pdata$_get_osfhandle      0000000180039f80     libucrt:osfinfo.obj
 0004:00001f8c       $pdata$_free_osfhnd        0000000180039f8c     libucrt:osfinfo.obj
 0004:00001f98       $pdata$__acrt_lowio_create_handle_array 0000000180039f98     libucrt:osfinfo.obj
 0004:00001fa4       $pdata$__acrt_lowio_destroy_handle_array 0000000180039fa4     libucrt:osfinfo.obj
 0004:00001fb0       $pdata$__acrt_lowio_ensure_fh_exists 0000000180039fb0     libucrt:osfinfo.obj
 0004:00001fbc       $pdata$qsort               0000000180039fbc     libucrt:qsort.obj
 0004:00001fc8       $pdata$4$qsort             0000000180039fc8     libucrt:qsort.obj
 0004:00001fd4       $pdata$5$qsort             0000000180039fd4     libucrt:qsort.obj
 0004:00001fe0       $pdata$strncpy_s           0000000180039fe0     libucrt:strncpy_s.obj
 0004:00001fec       $pdata$strpbrk             0000000180039fec     libucrt:strpbrk.obj
 0004:00001ff8       $pdata$fallbackMethod      0000000180039ff8     libucrt:strpbrk.obj
 0004:00002004       $pdata$_mbsdec_l           000000018003a004     libucrt:mbsdec.obj
 0004:00002010       $pdata$__acrt_LCMapStringA 000000018003a010     libucrt:lcmapstringa.obj
 0004:0000201c       $pdata$?__acrt_LCMapStringA_stat@@YAHPEAU__crt_locale_pointers@@PEB_WKPEBDHPEADHHH@Z 000000018003a01c     libucrt:lcmapstringa.obj
 0004:00002028       $pdata$?initialize_multibyte@@YAHXZ 000000018003a028     libucrt:multibyte_initializer.obj
 0004:00002034       $pdata$_commit             000000018003a034     libucrt:commit.obj
 0004:00002040       $pdata$??$?RV<lambda_a37b2b86f63e897a80ea819b0eb08c01>@@AEAV<lambda_38ce7e780aa69e748d6df282ebc68efe>@@V<lambda_99fb1378e971ab6e7edea83e3a7a83a2>@@@?$__crt_seh_guarded_call@H@@QEAAH$$QEAV<lambda_a37b2b86f63e897a80ea819b0eb08c01>@@AEAV<lambda_38ce7e780aa69e748d6df282ebc68efe>@@$$QEAV<lambda_99fb1378e971ab6e7edea83e3a7a83a2>@@@Z 000000018003a040     libucrt:commit.obj
 0004:0000204c       $pdata$?fin$0@?0???$?RV<lambda_751a882b2c74d4b022dec766aa51a29a>@@AEAV<lambda_628dfdc04ba53c8bfc02c9951375f3f5>@@V<lambda_f6c7be5f7998530c34de24c7437d6b54>@@@?$__crt_seh_guarded_call@H@@QEAAH$$QEAV<lambda_751a882b2c74d4b022dec766aa51a29a>@@AEAV<lambda_628dfdc04ba53c8bfc02c9951375f3f5>@@$$QEAV<lambda_f6c7be5f7998530c34de24c7437d6b54>@@@Z@4HA 000000018003a04c     libucrt:close.obj
 0004:0000204c       $pdata$?fin$0@?0???$?RV<lambda_a37b2b86f63e897a80ea819b0eb08c01>@@AEAV<lambda_38ce7e780aa69e748d6df282ebc68efe>@@V<lambda_99fb1378e971ab6e7edea83e3a7a83a2>@@@?$__crt_seh_guarded_call@H@@QEAAH$$QEAV<lambda_a37b2b86f63e897a80ea819b0eb08c01>@@AEAV<lambda_38ce7e780aa69e748d6df282ebc68efe>@@$$QEAV<lambda_99fb1378e971ab6e7edea83e3a7a83a2>@@@Z@4HA 000000018003a04c     libucrt:commit.obj
 0004:00002058       $pdata$_write              000000018003a058     libucrt:write.obj
 0004:00002064       $pdata$_write$fin$0        000000018003a064     libucrt:write.obj
 0004:00002070       $pdata$_write_nolock       000000018003a070     libucrt:write.obj
 0004:0000207c       $pdata$?write_double_translated_ansi_nolock@@YA?AUwrite_result@?A0x17268360@@HQEBDI@Z 000000018003a07c     libucrt:write.obj
 0004:00002088       $pdata$?write_text_ansi_nolock@@YA?AUwrite_result@?A0x17268360@@HQEBDI@Z 000000018003a088     libucrt:write.obj
 0004:00002094       $pdata$?write_text_utf16le_nolock@@YA?AUwrite_result@?A0x17268360@@HQEBDI@Z 000000018003a094     libucrt:write.obj
 0004:000020a0       $pdata$?write_text_utf8_nolock@@YA?AUwrite_result@?A0x17268360@@HQEBDI@Z 000000018003a0a0     libucrt:write.obj
 0004:000020ac       $pdata$?__mbrtoc32_utf8@__crt_mbstring@@YA_KPEA_UPEBD_KPEAU_Mbstatet@@@Z 000000018003a0ac     libucrt:mbrtoc32.obj
 0004:000020b8       $pdata$_controlfp_s        000000018003a0b8     libucrt:contrlfp.obj
 0004:000020c4       $pdata$fegetenv            000000018003a0c4     libucrt:fegetenv.obj
 0004:000020d0       $pdata$fesetenv            000000018003a0d0     libucrt:fesetenv.obj
 0004:000020dc       $pdata$feholdexcept        000000018003a0dc     libucrt:feholdexcept.obj
 0004:000020f4       $pdata$__acrt_fenv_set_control 000000018003a0f4     libucrt:_fenvutils.obj
 0004:00002100       $pdata$??$common_lseek_nolock@_J@@YA_JH_JH@Z 000000018003a100     libucrt:lseek.obj
 0004:0000210c       $pdata$fclose              000000018003a10c     libucrt:fclose.obj
 0004:00002118       $pdata$fclose$fin$0        000000018003a118     libucrt:fclose.obj
 0004:00002124       $pdata$_fclose_nolock      000000018003a124     libucrt:fclose.obj
 0004:00002130       $pdata$_putwch_nolock      000000018003a130     libucrt:putwch.obj
 0004:0000213c       $pdata$_clearfp            000000018003a13c     libucrt:ieee.obj
 0004:00002148       $pdata$common_control87    000000018003a148     libucrt:ieee.obj
 0004:00002154       $pdata$_ctrlfp$filt$0      000000018003a154     libucrt:fpctrl.obj
 0004:00002154       $pdata$common_control87$filt$0 000000018003a154     libucrt:ieee.obj
 0004:00002160       $pdata$_call_matherr       000000018003a160     libucrt:libm_error.obj
 0004:0000216c       $pdata$_exception_enabled  000000018003a16c     libucrt:libm_error.obj
 0004:00002178       $pdata$_handle_error       000000018003a178     libucrt:libm_error.obj
 0004:00002184       $pdata$__acrt_initialize_fma3 000000018003a184     libucrt:fma3_available.obj
 0004:00002190       $pdata$_log_special_common 000000018003a190     libucrt:log_special.obj
 0004:0000219c       $pdata$_log10_special      000000018003a19c     libucrt:log_special.obj
 0004:000021a8       $pdata$_close              000000018003a1a8     libucrt:close.obj
 0004:000021b4       $pdata$_close_nolock       000000018003a1b4     libucrt:close.obj
 0004:000021c0       $pdata$??$?RV<lambda_751a882b2c74d4b022dec766aa51a29a>@@AEAV<lambda_628dfdc04ba53c8bfc02c9951375f3f5>@@V<lambda_f6c7be5f7998530c34de24c7437d6b54>@@@?$__crt_seh_guarded_call@H@@QEAAH$$QEAV<lambda_751a882b2c74d4b022dec766aa51a29a>@@AEAV<lambda_628dfdc04ba53c8bfc02c9951375f3f5>@@$$QEAV<lambda_f6c7be5f7998530c34de24c7437d6b54>@@@Z 000000018003a1c0     libucrt:close.obj
 0004:000021cc       $pdata$__dcrt_lowio_ensure_console_output_initialized 000000018003a1cc     libucrt:initcon.obj
 0004:000021d8       $pdata$__dcrt_write_console 000000018003a1d8     libucrt:initcon.obj
 0004:000021e4       $pdata$__dcrt_terminate_console_output 000000018003a1e4     libucrt:initcon.obj
 0004:000021fc       $pdata$_set_errno_from_matherr 000000018003a1fc     libucrt:fpexcept.obj
 0004:00002208       $pdata$_raise_exc          000000018003a208     libucrt:fpexcept.obj
 0004:00002214       $pdata$_raise_exc_ex       000000018003a214     libucrt:fpexcept.obj
 0004:00002220       $pdata$_clrfp              000000018003a220     libucrt:fpctrl.obj
 0004:0000222c       $pdata$_ctrlfp             000000018003a22c     libucrt:fpctrl.obj
 0004:00002238       $pdata$_statfp             000000018003a238     libucrt:fpctrl.obj
 0004:00002244       $pdata$_set_statfp         000000018003a244     libucrt:fpctrl.obj
 0004:00002250       $pdata$_IsNonwritableInCurrentImage 000000018003a250     LIBCMT:pesect.obj
 0004:0000225c       $pdata$_IsNonwritableInCurrentImage$filt$0 000000018003a25c     LIBCMT:pesect.obj
 0005:00000000       MoveSmall                  000000018003b000     libvcruntime:memcpy.obj
 0005:00000050       MsetTab                    000000018003b050     libvcruntime:memset.obj
 0006:00000220       $R000000                   000000018003c220     ElectronicValueRW.res
 0006:00000be0       $R0009C0                   000000018003cbe0     ElectronicValueRW.res
 0006:00000cc8       $R000AA8                   000000018003ccc8     ElectronicValueRW.res
 0006:00000f30       $R000D10                   000000018003cf30     ElectronicValueRW.res
 0006:00001470       $R001250                   000000018003d470     ElectronicValueRW.res
 0006:00007f50       $R007D30                   0000000180043f50     ElectronicValueRW.res
 0006:00007f98       $R007D78                   0000000180043f98     ElectronicValueRW.res
