 OPOSCashChanger

 Timestamp is 5b863caf (Wed Aug 29 15:26:55 2018)

 Preferred load address is 0000000180000000

 Start         Length     Name                   Class
 0001:00000000 000000c0H .text$di                CODE
 0001:000000c0 0001fbe0H .text$mn                CODE
 0001:0001fca0 00000020H .text$mn$00             CODE
 0001:0001fcc0 00000400H .text$x                 CODE
 0001:000200c0 000000c0H .text$yd                CODE
 0002:00000000 00000618H .idata$5                DATA
 0002:00000618 00000010H .00cfg                  DATA
 0002:00000628 00000008H .CRT$XCA                DATA
 0002:00000630 00000008H .CRT$XCL                DATA
 0002:00000638 00000020H .CRT$XCU                DATA
 0002:00000658 00000008H .CRT$XCZ                DATA
 0002:00000660 00000008H .CRT$XIA                DATA
 0002:00000668 00000020H .CRT$XIC                DATA
 0002:00000688 00000008H .CRT$XIZ                DATA
 0002:00000690 00000008H .CRT$XLA                DATA
 0002:00000698 00000008H .CRT$XLZ                DATA
 0002:000006a0 00000008H .CRT$XPA                DATA
 0002:000006a8 00000010H .CRT$XPX                DATA
 0002:000006b8 00000008H .CRT$XPXA               DATA
 0002:000006c0 00000008H .CRT$XPZ                DATA
 0002:000006c8 00000008H .CRT$XTA                DATA
 0002:000006d0 00000010H .CRT$XTZ                DATA
 0002:000006d8 00000000H .gfids$y                DATA
 0002:000006e0 0000a2c0H .rdata                  DATA
 0002:0000a9a0 00000028H .rdata$T                DATA
 0002:0000a9c8 00000274H .rdata$r                DATA
 0002:0000ac3c 000003fcH .rdata$zzzdbg           DATA
 0002:0000b038 00000008H .rtc$IAA                DATA
 0002:0000b040 00000008H .rtc$IZZ                DATA
 0002:0000b048 00000008H .rtc$TAA                DATA
 0002:0000b050 00000008H .rtc$TZZ                DATA
 0002:0000b058 00000004H .tls                    DATA
 0002:0000b05c 00000004H .tls$                   DATA
 0002:0000b060 00000008H .tls$ZZZ                DATA
 0002:0000b068 00001690H .xdata                  DATA
 0002:0000c6f8 00000150H .xdata$x                DATA
 0002:0000c848 00000008H ATL$__a                 DATA
 0002:0000c850 00000010H ATL$__z                 DATA
 0002:0000c860 000000acH .edata                  DATA
 0002:0000c90c 00000078H .idata$2                DATA
 0002:0000c984 00000014H .idata$3                DATA
 0002:0000c998 00000618H .idata$4                DATA
 0002:0000cfb0 00000c1cH .idata$6                DATA
 0003:00000000 00000ca8H .data                   DATA
 0003:00000ca8 000000c8H .data$r                 DATA
 0003:00000d70 000013fcH .bss                    DATA
 0004:00000000 00001f68H .pdata                  DATA
 0005:00000000 00000220H .rsrc$01                DATA
 0005:00000220 00004e20H .rsrc$02                DATA

  Address         Publics by Value              Rva+Base               Lib:Object

 0000:00000000       __guard_fids_count         0000000000000000     <absolute>
 0000:00000000       __hybrid_code_map          0000000000000000     <absolute>
 0000:00000000       __guard_longjmp_count      0000000000000000     <absolute>
 0000:00000000       __guard_iat_count          0000000000000000     <absolute>
 0000:00000000       __guard_longjmp_table      0000000000000000     <absolute>
 0000:00000000       __volatile_metadata        0000000000000000     <absolute>
 0000:00000000       __guard_iat_table          0000000000000000     <absolute>
 0000:00000000       __hybrid_code_map_count    0000000000000000     <absolute>
 0000:00000000       __enclave_config           0000000000000000     <absolute>
 0000:00000000       ___safe_se_handler_count   0000000000000000     <absolute>
 0000:00000000       ___safe_se_handler_table   0000000000000000     <absolute>
 0000:00000000       __guard_fids_table         0000000000000000     <absolute>
 0000:00000000       __hybrid_auxiliary_iat     0000000000000000     <absolute>
 0000:00000000       __dynamic_value_reloc_table 0000000000000000     <absolute>
 0000:00000100       __guard_flags              0000000000000100     <absolute>
 0000:00000000       __ImageBase                0000000180000000     <linker-defined>
 0001:000000c0       ?DupWide@_CW@@AEAAXXZ      00000001800010c0 f   CWString.obj
 0001:000000e8       ?cw_dup@@YAXPEBDAEAHAEAPEA_W1@Z 00000001800010e8 f   CWString.obj
 0001:00000194       ?cw_memcpy@@YAHPEA_WPEBDH@Z 0000000180001194 f   CWString.obj
 0001:000001e0       ?cw_strcpy@@YAHPEA_WPEBD@Z 00000001800011e0 f   CWString.obj
 0001:000001f4       ??0CAtlComModule@ATL@@QEAA@XZ 00000001800011f4 f i OposVariant.obj
 0001:0000027c       ??0CAtlWinModule@ATL@@QEAA@XZ 000000018000127c f i OposVariant.obj
 0001:000002f0       ??0OposDispParms@@QEAA@PEAVOposVariant@@H@Z 00000001800012f0 f   OposVariant.obj
 0001:00000398       ??1OposDispParms@@QEAA@XZ  0000000180001398 f   OposVariant.obj
 0001:000003b0       ??_Estringdispid@CComTypeInfoHolder@ATL@@QEAAPEAXI@Z 00000001800013b0 f i OposVariant.obj
 0001:00000454       ?AtlWinModuleTerm@ATL@@YAJPEAU_ATL_WIN_MODULE70@1@PEAUHINSTANCE__@@@Z 0000000180001454 f i OposVariant.obj
 0001:00000504       ?ChangeBSTR@OposVariant@@QEAAXPEAPEA_WAEAJ@Z 0000000180001504 f   OposVariant.obj
 0001:00000564       ?ChangeLONG@OposVariant@@QEAAXPEAJAEAJ@Z 0000000180001564 f   OposVariant.obj
 0001:000005c0       ?GetLONG@OposVariant@@QEAAJXZ 00000001800015c0 f   OposVariant.obj
 0001:000005e4       ?SetBSTR@OposVariant@@QEAAXPEA_WAEAJ@Z 00000001800015e4 f   OposVariant.obj
 0001:00000624       ?SetBSTR_Copy@OposVariant@@QEAAXPEA_WAEAJ@Z 0000000180001624 f   OposVariant.obj
 0001:00000694       ?SetBSTR_InOutPtr@OposVariant@@QEAA_NPEAPEA_WAEAJ@Z 0000000180001694 f   OposVariant.obj
 0001:000006e4       ?SetBSTR_OutPtr@OposVariant@@QEAA_NPEAPEA_WAEAJ@Z 00000001800016e4 f   OposVariant.obj
 0001:00000700       ?SetDispatch_Ptr@OposVariant@@QEAAXPEAUIDispatch@@AEAJ@Z 0000000180001700 f   OposVariant.obj
 0001:00000758       ?SetLONG@OposVariant@@QEAAXJ@Z 0000000180001758 f   OposVariant.obj
 0001:00000788       ?SetLONG_Ptr@OposVariant@@QEAAXPEAJAEAJ@Z 0000000180001788 f   OposVariant.obj
 0001:000007d4       ?SetString@OposVariant@@QEAAXPEB_WAEAJ@Z 00000001800017d4 f   OposVariant.obj
 0001:00000838       ?SetVARIANT_BOOL@OposVariant@@QEAAXF@Z 0000000180001838 f   OposVariant.obj
 0001:00000870       ?SetVARIANT_BOOL_Ptr@OposVariant@@QEAAXPEAFAEAJ@Z 0000000180001870 f   OposVariant.obj
 0001:000008bc       ?Term@CAtlComModule@ATL@@QEAAXXZ 00000001800018bc f i OposVariant.obj
 0001:0000092c       ?_AtlInitializeCriticalSectionEx@ATL@@YAHPEAU_RTL_CRITICAL_SECTION@@KK@Z 000000018000192c f i OposVariant.obj
 0001:00000934       ?_AtlRaiseException@ATL@@YAXKK@Z 0000000180001934 f i OposVariant.obj
 0001:00000944       ?CreateInstance@?$CComCreator@V?$CComObjectCached@VCComClassFactory@ATL@@@ATL@@@ATL@@SAJPEAXAEBU_GUID@@PEAPEAX@Z 0000000180001944 f i CashChanger.obj
 0001:00000a44       ?CreateInstance@?$CComCreator2@V?$CComCreator@V?$CComObject@VCOPOSCashChanger@@@ATL@@@ATL@@V?$CComCreator@V?$CComAggObject@VCOPOSCashChanger@@@ATL@@@2@@ATL@@SAJPEAXAEBU_GUID@@PEAPEAX@Z 0000000180001a44 f i CashChanger.obj
 0001:00000a54       ?QueryGetData@?$IDataObjectImpl@VCOPOSCashChanger@@@ATL@@UEAAJPEAUtagFORMATETC@@@Z 0000000180001a54 f i CashChanger.obj
 0001:00000a54       ?InitFromData@?$IOleObjectImpl@VCOPOSCashChanger@@@ATL@@UEAAJPEAUIDataObject@@HK@Z 0000000180001a54 f i CashChanger.obj
 0001:00000a54       ?SetMoniker@?$IOleObjectImpl@VCOPOSCashChanger@@@ATL@@UEAAJKPEAUIMoniker@@@Z 0000000180001a54 f i CashChanger.obj
 0001:00000a54       ?SOErrorDummy@COPOSCashChanger@@MEAAJJJJPEAJ@Z 0000000180001a54 f i CashChanger.obj
 0001:00000a54       ?GetControlInfo@?$IOleControlImpl@VCOPOSCashChanger@@@ATL@@UEAAJPEAUtagCONTROLINFO@@@Z 0000000180001a54 f i CashChanger.obj
 0001:00000a54       ?GetColorSet@?$IViewObjectExImpl@VCOPOSCashChanger@@@ATL@@UEAAJKJPEAXPEAUtagDVTARGETDEVICE@@PEAUHDC__@@PEAPEAUtagLOGPALETTE@@@Z 0000000180001a54 f i CashChanger.obj
 0001:00000a54       ?SetData@?$IDataObjectImpl@VCOPOSCashChanger@@@ATL@@UEAAJPEAUtagFORMATETC@@PEAUtagSTGMEDIUM@@H@Z 0000000180001a54 f i CashChanger.obj
 0001:00000a54       ?GetCanonicalFormatEtc@?$IDataObjectImpl@VCOPOSCashChanger@@@ATL@@UEAAJPEAUtagFORMATETC@@0@Z 0000000180001a54 f i CashChanger.obj
 0001:00000a54       ?GetClipboardData@?$IOleObjectImpl@VCOPOSCashChanger@@@ATL@@UEAAJKPEAPEAUIDataObject@@@Z 0000000180001a54 f i CashChanger.obj
 0001:00000a54       ?Unfreeze@?$IViewObjectExImpl@VCOPOSCashChanger@@@ATL@@UEAAJK@Z 0000000180001a54 f i CashChanger.obj
 0001:00000a54       ?GetDataHere@?$IDataObjectImpl@VCOPOSCashChanger@@@ATL@@UEAAJPEAUtagFORMATETC@@PEAUtagSTGMEDIUM@@@Z 0000000180001a54 f i CashChanger.obj
 0001:00000a54       ?GetMoniker@?$IOleObjectImpl@VCOPOSCashChanger@@@ATL@@UEAAJKKPEAPEAUIMoniker@@@Z 0000000180001a54 f i CashChanger.obj
 0001:00000a54       ?GetDropTarget@?$IOleInPlaceObjectWindowlessImpl@VCOPOSCashChanger@@@ATL@@UEAAJPEAPEAUIDropTarget@@@Z 0000000180001a54 f i CashChanger.obj
 0001:00000a54       ?QueryInterface@CRegObject@ATL@@UEAAJAEBU_GUID@@PEAPEAX@Z 0000000180001a54 f i CashChanger.obj
 0001:00000a54       ?ContextSensitiveHelp@?$IOleInPlaceObjectWindowlessImpl@VCOPOSCashChanger@@@ATL@@UEAAJH@Z 0000000180001a54 f i CashChanger.obj
 0001:00000a54       ?GetRect@?$IViewObjectExImpl@VCOPOSCashChanger@@@ATL@@UEAAJKPEAU_RECTL@@@Z 0000000180001a54 f i CashChanger.obj
 0001:00000a54       ?SOOutputCompleteDummy@COPOSCashChanger@@MEAAJJ@Z 0000000180001a54 f i CashChanger.obj
 0001:00000a54       ?SetColorScheme@?$IOleObjectImpl@VCOPOSCashChanger@@@ATL@@UEAAJPEAUtagLOGPALETTE@@@Z 0000000180001a54 f i CashChanger.obj
 0001:00000a54       ?OnMnemonic@?$IOleControlImpl@VCOPOSCashChanger@@@ATL@@UEAAJPEAUtagMSG@@@Z 0000000180001a54 f i CashChanger.obj
 0001:00000a54       ?ContextSensitiveHelp@?$IOleInPlaceActiveObjectImpl@VCOPOSCashChanger@@@ATL@@UEAAJH@Z 0000000180001a54 f i CashChanger.obj
 0001:00000a54       ?ReactivateAndUndo@?$IOleInPlaceObjectWindowlessImpl@VCOPOSCashChanger@@@ATL@@UEAAJXZ 0000000180001a54 f i CashChanger.obj
 0001:00000a54       ?EnumFormatEtc@?$IDataObjectImpl@VCOPOSCashChanger@@@ATL@@UEAAJKPEAPEAUIEnumFORMATETC@@@Z 0000000180001a54 f i CashChanger.obj
 0001:00000a54       ?Freeze@?$IViewObjectExImpl@VCOPOSCashChanger@@@ATL@@UEAAJKJPEAXPEAK@Z 0000000180001a54 f i CashChanger.obj
 0001:00000a5c       ?FAccessAllowed@?$IObjectSafetyImpl@VCOPOSCashChanger@@$02@ATL@@MEAAHXZ 0000000180001a5c f i CashChanger.obj
 0001:00000a5c       ?AddRef@CRegObject@ATL@@UEAAKXZ 0000000180001a5c f i CashChanger.obj
 0001:00000a64       ?Release@CRegObject@ATL@@UEAAKXZ 0000000180001a64 f i CashChanger.obj
 0001:00000a64       ?OnAmbientPropertyChange@?$IOleControlImpl@VCOPOSCashChanger@@@ATL@@UEAAJJ@Z 0000000180001a64 f i CashChanger.obj
 0001:00000a64       ?Update@?$IOleObjectImpl@VCOPOSCashChanger@@@ATL@@UEAAJXZ 0000000180001a64 f i CashChanger.obj
 0001:00000a64       ?SetHostNames@?$IOleObjectImpl@VCOPOSCashChanger@@@ATL@@UEAAJPEB_W0@Z 0000000180001a64 f i CashChanger.obj
 0001:00000a64       ?IsUpToDate@?$IOleObjectImpl@VCOPOSCashChanger@@@ATL@@UEAAJXZ 0000000180001a64 f i CashChanger.obj
 0001:00000a64       ?OnFrameWindowActivate@?$IOleInPlaceActiveObjectImpl@VCOPOSCashChanger@@@ATL@@UEAAJH@Z 0000000180001a64 f i CashChanger.obj
 0001:00000a64       ?EnableModeless@?$IOleInPlaceActiveObjectImpl@VCOPOSCashChanger@@@ATL@@UEAAJH@Z 0000000180001a64 f i CashChanger.obj
 0001:00000a64       ?GetCategoryMap@CComObjectRootBase@ATL@@SAPEBU_ATL_CATMAP_ENTRY@2@XZ 0000000180001a64 f i CashChanger.obj
 0001:00000a64       ?SaveCompleted@?$IPersistStorageImpl@VCOPOSCashChanger@@@ATL@@UEAAJPEAUIStorage@@@Z 0000000180001a64 f i CashChanger.obj
 0001:00000a64       ?HandsOffStorage@?$IPersistStorageImpl@VCOPOSCashChanger@@@ATL@@UEAAJXZ 0000000180001a64 f i CashChanger.obj
 0001:00000a64       ?ResizeBorder@?$IOleInPlaceActiveObjectImpl@VCOPOSCashChanger@@@ATL@@UEAAJPEBUtagRECT@@PEAUIOleInPlaceUIWindow@@H@Z 0000000180001a64 f i CashChanger.obj
 0001:00000a64       ?GetObjectDescription@?$CComCoClass@VCOPOSCashChanger@@$1?CLSID_OPOSCashChanger@@3U_GUID@@B@ATL@@SAPEB_WXZ 0000000180001a64 f i CashChanger.obj
 0001:00000a68       ?AddReplacement@CRegObject@ATL@@UEAAJPEB_W0@Z 0000000180001a68 f i CashChanger.obj
 0001:00000a98       ?ClearReplacements@CRegObject@ATL@@UEAAJXZ 0000000180001a98 f i CashChanger.obj
 0001:00000aa4       ??_ECRegObject@ATL@@UEAAPEAXI@Z 0000000180001aa4 f i CashChanger.obj
 0001:00000aa4       ??_GCRegObject@ATL@@UEAAPEAXI@Z 0000000180001aa4 f i CashChanger.obj
 0001:00000b24       ?Next@?$CComEnumImpl@UIEnumConnectionPoints@@$1?_GUID_b196b285_bab4_101a_b69c_00aa00341d07@@3U__s_GUID@@BPEAUIConnectionPoint@@V?$_CopyInterface@UIConnectionPoint@@@ATL@@@ATL@@UEAAJKPEAPEAUIConnectionPoint@@PEAK@Z 0000000180001b24 f i CashChanger.obj
 0001:00000bf0       ?Skip@?$CComEnumImpl@UIEnumConnectionPoints@@$1?_GUID_b196b285_bab4_101a_b69c_00aa00341d07@@3U__s_GUID@@BPEAUIConnectionPoint@@V?$_CopyInterface@UIConnectionPoint@@@ATL@@@ATL@@UEAAJK@Z 0000000180001bf0 f i CashChanger.obj
 0001:00000c1c       ?Reset@?$CComEnumImpl@UIEnumConnectionPoints@@$1?_GUID_b196b285_bab4_101a_b69c_00aa00341d07@@3U__s_GUID@@BPEAUIConnectionPoint@@V?$_CopyInterface@UIConnectionPoint@@@ATL@@@ATL@@UEAAJXZ 0000000180001c1c f i CashChanger.obj
 0001:00000c1c       ?Reset@?$CComEnumImpl@UIEnumConnections@@$1?_GUID_b196b287_bab4_101a_b69c_00aa00341d07@@3U__s_GUID@@BUtagCONNECTDATA@@V?$_Copy@UtagCONNECTDATA@@@ATL@@@ATL@@UEAAJXZ 0000000180001c1c f i CashChanger.obj
 0001:00000c28       ?Clone@?$CComEnumImpl@UIEnumConnectionPoints@@$1?_GUID_b196b285_bab4_101a_b69c_00aa00341d07@@3U__s_GUID@@BPEAUIConnectionPoint@@V?$_CopyInterface@UIConnectionPoint@@@ATL@@@ATL@@UEAAJPEAPEAUIEnumConnectionPoints@@@Z 0000000180001c28 f i CashChanger.obj
 0001:00000d50       ?AddRef@?$CComObject@V?$CComEnum@UIEnumConnections@@$1?_GUID_b196b287_bab4_101a_b69c_00aa00341d07@@3U__s_GUID@@BUtagCONNECTDATA@@V?$_Copy@UtagCONNECTDATA@@@ATL@@VCComSingleThreadModel@6@@ATL@@@ATL@@UEAAKXZ 0000000180001d50 f i CashChanger.obj
 0001:00000d50       ?AddRef@?$CComObject@V?$CComEnum@UIEnumConnectionPoints@@$1?_GUID_b196b285_bab4_101a_b69c_00aa00341d07@@3U__s_GUID@@BPEAUIConnectionPoint@@V?$_CopyInterface@UIConnectionPoint@@@ATL@@VCComSingleThreadModel@6@@ATL@@@ATL@@UEAAKXZ 0000000180001d50 f i CashChanger.obj
 0001:00000d5c       ?Release@?$CComObject@V?$CComEnum@UIEnumConnectionPoints@@$1?_GUID_b196b285_bab4_101a_b69c_00aa00341d07@@3U__s_GUID@@BPEAUIConnectionPoint@@V?$_CopyInterface@UIConnectionPoint@@@ATL@@VCComSingleThreadModel@6@@ATL@@@ATL@@UEAAKXZ 0000000180001d5c f i CashChanger.obj
 0001:00000d5c       ?Release@?$CComObject@V?$CComEnum@UIEnumConnections@@$1?_GUID_b196b287_bab4_101a_b69c_00aa00341d07@@3U__s_GUID@@BUtagCONNECTDATA@@V?$_Copy@UtagCONNECTDATA@@@ATL@@VCComSingleThreadModel@6@@ATL@@@ATL@@UEAAKXZ 0000000180001d5c f i CashChanger.obj
 0001:00000db0       ?QueryInterface@?$CComObject@V?$CComEnum@UIEnumConnectionPoints@@$1?_GUID_b196b285_bab4_101a_b69c_00aa00341d07@@3U__s_GUID@@BPEAUIConnectionPoint@@V?$_CopyInterface@UIConnectionPoint@@@ATL@@VCComSingleThreadModel@6@@ATL@@@ATL@@UEAAJAEBU_GUID@@PEAPEAX@Z 0000000180001db0 f i CashChanger.obj
 0001:00000dc4       ??_E?$CComObject@V?$CComEnum@UIEnumConnectionPoints@@$1?_GUID_b196b285_bab4_101a_b69c_00aa00341d07@@3U__s_GUID@@BPEAUIConnectionPoint@@V?$_CopyInterface@UIConnectionPoint@@@ATL@@VCComSingleThreadModel@6@@ATL@@@ATL@@UEAAPEAXI@Z 0000000180001dc4 f i CashChanger.obj
 0001:00000dc4       ??_G?$CComObject@V?$CComEnum@UIEnumConnectionPoints@@$1?_GUID_b196b285_bab4_101a_b69c_00aa00341d07@@3U__s_GUID@@BPEAUIConnectionPoint@@V?$_CopyInterface@UIConnectionPoint@@@ATL@@VCComSingleThreadModel@6@@ATL@@@ATL@@UEAAPEAXI@Z 0000000180001dc4 f i CashChanger.obj
 0001:00000e1c       ?AddRef@?$CComObjectCached@VCComClassFactory@ATL@@@ATL@@UEAAKXZ 0000000180001e1c f i CashChanger.obj
 0001:00000e48       ?Release@?$CComObjectCached@VCComClassFactory@ATL@@@ATL@@UEAAKXZ 0000000180001e48 f i CashChanger.obj
 0001:00000e88       ?QueryInterface@?$CComObjectCached@VCComClassFactory@ATL@@@ATL@@UEAAJAEBU_GUID@@PEAPEAX@Z 0000000180001e88 f i CashChanger.obj
 0001:00000e9c       ??_E?$CComObjectCached@VCComClassFactory@ATL@@@ATL@@UEAAPEAXI@Z 0000000180001e9c f i CashChanger.obj
 0001:00000e9c       ??_G?$CComObjectCached@VCComClassFactory@ATL@@@ATL@@UEAAPEAXI@Z 0000000180001e9c f i CashChanger.obj
 0001:00000ef4       ?AddRef@?$CComAggObject@VCOPOSCashChanger@@@ATL@@UEAAKXZ 0000000180001ef4 f i CashChanger.obj
 0001:00000f00       ?Release@?$CComAggObject@VCOPOSCashChanger@@@ATL@@UEAAKXZ 0000000180001f00 f i CashChanger.obj
 0001:00000f54       ?QueryInterface@?$CComAggObject@VCOPOSCashChanger@@@ATL@@UEAAJAEBU_GUID@@PEAPEAX@Z 0000000180001f54 f i CashChanger.obj
 0001:00000fb4       ?AddRef@?$CComContainedObject@VCOPOSCashChanger@@@ATL@@UEAAKXZ 0000000180001fb4 f i CashChanger.obj
 0001:00000fc4       ?Release@?$CComContainedObject@VCOPOSCashChanger@@@ATL@@UEAAKXZ 0000000180001fc4 f i CashChanger.obj
 0001:00000fd4       ?QueryInterface@?$CComContainedObject@VCOPOSCashChanger@@@ATL@@UEAAJAEBU_GUID@@PEAPEAX@Z 0000000180001fd4 f i CashChanger.obj
 0001:00000fe4       ??_G?$CComAggObject@VCOPOSCashChanger@@@ATL@@UEAAPEAXI@Z 0000000180001fe4 f i CashChanger.obj
 0001:00000fe4       ??_E?$CComAggObject@VCOPOSCashChanger@@@ATL@@UEAAPEAXI@Z 0000000180001fe4 f i CashChanger.obj
 0001:0000103c       ?AddRef@?$CComObject@VCOPOSCashChanger@@@ATL@@UEAAKXZ 000000018000203c f i CashChanger.obj
 0001:0000104c       ?Release@?$CComObject@VCOPOSCashChanger@@@ATL@@UEAAKXZ 000000018000204c f i CashChanger.obj
 0001:000010a4       ?QueryInterface@?$CComObject@VCOPOSCashChanger@@@ATL@@UEAAJAEBU_GUID@@PEAPEAX@Z 00000001800020a4 f i CashChanger.obj
 0001:000010b8       ?OnDrawAdvanced@CComControlBase@ATL@@UEAAJAEAUATL_DRAWINFO@@@Z 00000001800020b8 f i CashChanger.obj
 0001:000011d8       ?ObjectMain@CComObjectRootBase@ATL@@SAX_N@Z 00000001800021d8 f i CashChanger.obj
 0001:000011d8       ?OnFinalMessage@?$CWindowImplBaseT@VCWindow@ATL@@V?$CWinTraits@$0FGAAAAAA@$0A@@2@@ATL@@UEAAXPEAUHWND__@@@Z 00000001800021d8 f i CashChanger.obj
 0001:000011dc       ?CreateInstance@CComClassFactory@ATL@@UEAAJPEAUIUnknown@@AEBU_GUID@@PEAPEAX@Z 00000001800021dc f i CashChanger.obj
 0001:0000123c       ?LockServer@CComClassFactory@ATL@@UEAAJH@Z 000000018000223c f i CashChanger.obj
 0001:00001260       ??_ECComClassFactory@ATL@@UEAAPEAXI@Z 0000000180002260 f i CashChanger.obj
 0001:00001260       ??_GCComClassFactory@ATL@@UEAAPEAXI@Z 0000000180002260 f i CashChanger.obj
 0001:000012b0       ?Next@?$CComEnumImpl@UIEnumConnections@@$1?_GUID_b196b287_bab4_101a_b69c_00aa00341d07@@3U__s_GUID@@BUtagCONNECTDATA@@V?$_Copy@UtagCONNECTDATA@@@ATL@@@ATL@@UEAAJKPEAUtagCONNECTDATA@@PEAK@Z 00000001800022b0 f i CashChanger.obj
 0001:00001384       ?Skip@?$CComEnumImpl@UIEnumConnections@@$1?_GUID_b196b287_bab4_101a_b69c_00aa00341d07@@3U__s_GUID@@BUtagCONNECTDATA@@V?$_Copy@UtagCONNECTDATA@@@ATL@@@ATL@@UEAAJK@Z 0000000180002384 f i CashChanger.obj
 0001:000013b0       ?Clone@?$CComEnumImpl@UIEnumConnections@@$1?_GUID_b196b287_bab4_101a_b69c_00aa00341d07@@3U__s_GUID@@BUtagCONNECTDATA@@V?$_Copy@UtagCONNECTDATA@@@ATL@@@ATL@@UEAAJPEAPEAUIEnumConnections@@@Z 00000001800023b0 f i CashChanger.obj
 0001:000014d8       ?QueryInterface@?$CComObject@V?$CComEnum@UIEnumConnections@@$1?_GUID_b196b287_bab4_101a_b69c_00aa00341d07@@3U__s_GUID@@BUtagCONNECTDATA@@V?$_Copy@UtagCONNECTDATA@@@ATL@@VCComSingleThreadModel@6@@ATL@@@ATL@@UEAAJAEBU_GUID@@PEAPEAX@Z 00000001800024d8 f i CashChanger.obj
 0001:000014ec       ??_E?$CComObject@V?$CComEnum@UIEnumConnections@@$1?_GUID_b196b287_bab4_101a_b69c_00aa00341d07@@3U__s_GUID@@BUtagCONNECTDATA@@V?$_Copy@UtagCONNECTDATA@@@ATL@@VCComSingleThreadModel@6@@ATL@@@ATL@@UEAAPEAXI@Z 00000001800024ec f i CashChanger.obj
 0001:000014ec       ??_G?$CComObject@V?$CComEnum@UIEnumConnections@@$1?_GUID_b196b287_bab4_101a_b69c_00aa00341d07@@3U__s_GUID@@BUtagCONNECTDATA@@V?$_Copy@UtagCONNECTDATA@@@ATL@@VCComSingleThreadModel@6@@ATL@@@ATL@@UEAAPEAXI@Z 00000001800024ec f i CashChanger.obj
 0001:00001544       ??_E?$CComObject@VCOPOSCashChanger@@@ATL@@W7EAAPEAXI@Z 0000000180002544 f i CashChanger.obj
 0001:00001550       ??_E?$CComObject@VCOPOSCashChanger@@@ATL@@WHA@EAAPEAXI@Z 0000000180002550 f i CashChanger.obj
 0001:0000155c       ?QueryInterface@?$CComObject@VCOPOSCashChanger@@@ATL@@WLI@EAAJAEBU_GUID@@PEAPEAX@Z 000000018000255c f i CashChanger.obj
 0001:00001568       ?AddRef@?$CComObject@VCOPOSCashChanger@@@ATL@@WLI@EAAKXZ 0000000180002568 f i CashChanger.obj
 0001:00001574       ?Release@?$CComObject@VCOPOSCashChanger@@@ATL@@WLI@EAAKXZ 0000000180002574 f i CashChanger.obj
 0001:00001580       ?QueryInterface@?$CComObject@VCOPOSCashChanger@@@ATL@@WMA@EAAJAEBU_GUID@@PEAPEAX@Z 0000000180002580 f i CashChanger.obj
 0001:0000158c       ?AddRef@?$CComObject@VCOPOSCashChanger@@@ATL@@WMA@EAAKXZ 000000018000258c f i CashChanger.obj
 0001:00001598       ?Release@?$CComObject@VCOPOSCashChanger@@@ATL@@WMA@EAAKXZ 0000000180002598 f i CashChanger.obj
 0001:000015a4       ?QueryInterface@?$CComObject@VCOPOSCashChanger@@@ATL@@WMI@EAAJAEBU_GUID@@PEAPEAX@Z 00000001800025a4 f i CashChanger.obj
 0001:000015b0       ?AddRef@?$CComObject@VCOPOSCashChanger@@@ATL@@WMI@EAAKXZ 00000001800025b0 f i CashChanger.obj
 0001:000015bc       ?Release@?$CComObject@VCOPOSCashChanger@@@ATL@@WMI@EAAKXZ 00000001800025bc f i CashChanger.obj
 0001:000015c8       ?QueryInterface@?$CComObject@VCOPOSCashChanger@@@ATL@@WNA@EAAJAEBU_GUID@@PEAPEAX@Z 00000001800025c8 f i CashChanger.obj
 0001:000015d4       ?AddRef@?$CComObject@VCOPOSCashChanger@@@ATL@@WNA@EAAKXZ 00000001800025d4 f i CashChanger.obj
 0001:000015e0       ?Release@?$CComObject@VCOPOSCashChanger@@@ATL@@WNA@EAAKXZ 00000001800025e0 f i CashChanger.obj
 0001:000015ec       ?QueryInterface@?$CComObject@VCOPOSCashChanger@@@ATL@@WNI@EAAJAEBU_GUID@@PEAPEAX@Z 00000001800025ec f i CashChanger.obj
 0001:000015f8       ?AddRef@?$CComObject@VCOPOSCashChanger@@@ATL@@WNI@EAAKXZ 00000001800025f8 f i CashChanger.obj
 0001:00001604       ?Release@?$CComObject@VCOPOSCashChanger@@@ATL@@WNI@EAAKXZ 0000000180002604 f i CashChanger.obj
 0001:00001610       ?QueryInterface@?$CComObject@VCOPOSCashChanger@@@ATL@@WOA@EAAJAEBU_GUID@@PEAPEAX@Z 0000000180002610 f i CashChanger.obj
 0001:0000161c       ?AddRef@?$CComObject@VCOPOSCashChanger@@@ATL@@WOA@EAAKXZ 000000018000261c f i CashChanger.obj
 0001:00001628       ?Release@?$CComObject@VCOPOSCashChanger@@@ATL@@WOA@EAAKXZ 0000000180002628 f i CashChanger.obj
 0001:00001634       ?QueryInterface@?$CComObject@VCOPOSCashChanger@@@ATL@@WOI@EAAJAEBU_GUID@@PEAPEAX@Z 0000000180002634 f i CashChanger.obj
 0001:00001640       ?AddRef@?$CComObject@VCOPOSCashChanger@@@ATL@@WOI@EAAKXZ 0000000180002640 f i CashChanger.obj
 0001:0000164c       ?Release@?$CComObject@VCOPOSCashChanger@@@ATL@@WOI@EAAKXZ 000000018000264c f i CashChanger.obj
 0001:00001658       ?QueryInterface@?$CComObject@VCOPOSCashChanger@@@ATL@@WPA@EAAJAEBU_GUID@@PEAPEAX@Z 0000000180002658 f i CashChanger.obj
 0001:00001664       ?AddRef@?$CComObject@VCOPOSCashChanger@@@ATL@@WPA@EAAKXZ 0000000180002664 f i CashChanger.obj
 0001:00001670       ?Release@?$CComObject@VCOPOSCashChanger@@@ATL@@WPA@EAAKXZ 0000000180002670 f i CashChanger.obj
 0001:0000167c       ?QueryInterface@?$CComObject@VCOPOSCashChanger@@@ATL@@WPI@EAAJAEBU_GUID@@PEAPEAX@Z 000000018000267c f i CashChanger.obj
 0001:00001688       ?AddRef@?$CComObject@VCOPOSCashChanger@@@ATL@@WPI@EAAKXZ 0000000180002688 f i CashChanger.obj
 0001:00001694       ?Release@?$CComObject@VCOPOSCashChanger@@@ATL@@WPI@EAAKXZ 0000000180002694 f i CashChanger.obj
 0001:000016a0       ?QueryInterface@?$CComObject@VCOPOSCashChanger@@@ATL@@WBAA@EAAJAEBU_GUID@@PEAPEAX@Z 00000001800026a0 f i CashChanger.obj
 0001:000016ac       ?AddRef@?$CComObject@VCOPOSCashChanger@@@ATL@@WBAA@EAAKXZ 00000001800026ac f i CashChanger.obj
 0001:000016b8       ?Release@?$CComObject@VCOPOSCashChanger@@@ATL@@WBAA@EAAKXZ 00000001800026b8 f i CashChanger.obj
 0001:000016c4       ?QueryInterface@?$CComObject@VCOPOSCashChanger@@@ATL@@WBAI@EAAJAEBU_GUID@@PEAPEAX@Z 00000001800026c4 f i CashChanger.obj
 0001:000016d0       ?AddRef@?$CComObject@VCOPOSCashChanger@@@ATL@@WBAI@EAAKXZ 00000001800026d0 f i CashChanger.obj
 0001:000016dc       ?Release@?$CComObject@VCOPOSCashChanger@@@ATL@@WBAI@EAAKXZ 00000001800026dc f i CashChanger.obj
 0001:000016e8       ?QueryInterface@?$CComObject@VCOPOSCashChanger@@@ATL@@WBBA@EAAJAEBU_GUID@@PEAPEAX@Z 00000001800026e8 f i CashChanger.obj
 0001:000016f4       ?AddRef@?$CComObject@VCOPOSCashChanger@@@ATL@@WBBA@EAAKXZ 00000001800026f4 f i CashChanger.obj
 0001:00001700       ?Release@?$CComObject@VCOPOSCashChanger@@@ATL@@WBBA@EAAKXZ 0000000180002700 f i CashChanger.obj
 0001:0000170c       ?QueryInterface@?$CComObject@VCOPOSCashChanger@@@ATL@@WBBI@EAAJAEBU_GUID@@PEAPEAX@Z 000000018000270c f i CashChanger.obj
 0001:00001718       ?AddRef@?$CComObject@VCOPOSCashChanger@@@ATL@@WBBI@EAAKXZ 0000000180002718 f i CashChanger.obj
 0001:00001724       ?Release@?$CComObject@VCOPOSCashChanger@@@ATL@@WBBI@EAAKXZ 0000000180002724 f i CashChanger.obj
 0001:00001730       ?AddRef@?$CComObject@VCOPOSCashChanger@@@ATL@@WBCI@EAAKXZ 0000000180002730 f i CashChanger.obj
 0001:0000173c       ?Release@?$CComObject@VCOPOSCashChanger@@@ATL@@WBCI@EAAKXZ 000000018000273c f i CashChanger.obj
 0001:00001748       ?AddRef@?$CComObject@VCOPOSCashChanger@@@ATL@@WBEA@EAAKXZ 0000000180002748 f i CashChanger.obj
 0001:00001754       ?Release@?$CComObject@VCOPOSCashChanger@@@ATL@@WBEA@EAAKXZ 0000000180002754 f i CashChanger.obj
 0001:00001760       ??_E?$CComContainedObject@VCOPOSCashChanger@@@ATL@@W7EAAPEAXI@Z 0000000180002760 f i CashChanger.obj
 0001:0000176c       ??_E?$CComContainedObject@VCOPOSCashChanger@@@ATL@@WHA@EAAPEAXI@Z 000000018000276c f i CashChanger.obj
 0001:00001778       ?QueryInterface@?$CComContainedObject@VCOPOSCashChanger@@@ATL@@WLI@EAAJAEBU_GUID@@PEAPEAX@Z 0000000180002778 f i CashChanger.obj
 0001:00001784       ?AddRef@?$CComContainedObject@VCOPOSCashChanger@@@ATL@@WLI@EAAKXZ 0000000180002784 f i CashChanger.obj
 0001:00001790       ?Release@?$CComContainedObject@VCOPOSCashChanger@@@ATL@@WLI@EAAKXZ 0000000180002790 f i CashChanger.obj
 0001:0000179c       ?QueryInterface@?$CComContainedObject@VCOPOSCashChanger@@@ATL@@WMA@EAAJAEBU_GUID@@PEAPEAX@Z 000000018000279c f i CashChanger.obj
 0001:000017a8       ?AddRef@?$CComContainedObject@VCOPOSCashChanger@@@ATL@@WMA@EAAKXZ 00000001800027a8 f i CashChanger.obj
 0001:000017b4       ?Release@?$CComContainedObject@VCOPOSCashChanger@@@ATL@@WMA@EAAKXZ 00000001800027b4 f i CashChanger.obj
 0001:000017c0       ?QueryInterface@?$CComContainedObject@VCOPOSCashChanger@@@ATL@@WMI@EAAJAEBU_GUID@@PEAPEAX@Z 00000001800027c0 f i CashChanger.obj
 0001:000017cc       ?AddRef@?$CComContainedObject@VCOPOSCashChanger@@@ATL@@WMI@EAAKXZ 00000001800027cc f i CashChanger.obj
 0001:000017d8       ?Release@?$CComContainedObject@VCOPOSCashChanger@@@ATL@@WMI@EAAKXZ 00000001800027d8 f i CashChanger.obj
 0001:000017e4       ?QueryInterface@?$CComContainedObject@VCOPOSCashChanger@@@ATL@@WNA@EAAJAEBU_GUID@@PEAPEAX@Z 00000001800027e4 f i CashChanger.obj
 0001:000017f0       ?AddRef@?$CComContainedObject@VCOPOSCashChanger@@@ATL@@WNA@EAAKXZ 00000001800027f0 f i CashChanger.obj
 0001:000017fc       ?Release@?$CComContainedObject@VCOPOSCashChanger@@@ATL@@WNA@EAAKXZ 00000001800027fc f i CashChanger.obj
 0001:00001808       ?QueryInterface@?$CComContainedObject@VCOPOSCashChanger@@@ATL@@WNI@EAAJAEBU_GUID@@PEAPEAX@Z 0000000180002808 f i CashChanger.obj
 0001:00001814       ?AddRef@?$CComContainedObject@VCOPOSCashChanger@@@ATL@@WNI@EAAKXZ 0000000180002814 f i CashChanger.obj
 0001:00001820       ?Release@?$CComContainedObject@VCOPOSCashChanger@@@ATL@@WNI@EAAKXZ 0000000180002820 f i CashChanger.obj
 0001:0000182c       ?QueryInterface@?$CComContainedObject@VCOPOSCashChanger@@@ATL@@WOA@EAAJAEBU_GUID@@PEAPEAX@Z 000000018000282c f i CashChanger.obj
 0001:00001838       ?AddRef@?$CComContainedObject@VCOPOSCashChanger@@@ATL@@WOA@EAAKXZ 0000000180002838 f i CashChanger.obj
 0001:00001844       ?Release@?$CComContainedObject@VCOPOSCashChanger@@@ATL@@WOA@EAAKXZ 0000000180002844 f i CashChanger.obj
 0001:00001850       ?QueryInterface@?$CComContainedObject@VCOPOSCashChanger@@@ATL@@WOI@EAAJAEBU_GUID@@PEAPEAX@Z 0000000180002850 f i CashChanger.obj
 0001:0000185c       ?AddRef@?$CComContainedObject@VCOPOSCashChanger@@@ATL@@WOI@EAAKXZ 000000018000285c f i CashChanger.obj
 0001:00001868       ?Release@?$CComContainedObject@VCOPOSCashChanger@@@ATL@@WOI@EAAKXZ 0000000180002868 f i CashChanger.obj
 0001:00001874       ?QueryInterface@?$CComContainedObject@VCOPOSCashChanger@@@ATL@@WPA@EAAJAEBU_GUID@@PEAPEAX@Z 0000000180002874 f i CashChanger.obj
 0001:00001880       ?AddRef@?$CComContainedObject@VCOPOSCashChanger@@@ATL@@WPA@EAAKXZ 0000000180002880 f i CashChanger.obj
 0001:0000188c       ?Release@?$CComContainedObject@VCOPOSCashChanger@@@ATL@@WPA@EAAKXZ 000000018000288c f i CashChanger.obj
 0001:00001898       ?QueryInterface@?$CComContainedObject@VCOPOSCashChanger@@@ATL@@WPI@EAAJAEBU_GUID@@PEAPEAX@Z 0000000180002898 f i CashChanger.obj
 0001:000018a4       ?AddRef@?$CComContainedObject@VCOPOSCashChanger@@@ATL@@WPI@EAAKXZ 00000001800028a4 f i CashChanger.obj
 0001:000018b0       ?Release@?$CComContainedObject@VCOPOSCashChanger@@@ATL@@WPI@EAAKXZ 00000001800028b0 f i CashChanger.obj
 0001:000018bc       ?QueryInterface@?$CComContainedObject@VCOPOSCashChanger@@@ATL@@WBAA@EAAJAEBU_GUID@@PEAPEAX@Z 00000001800028bc f i CashChanger.obj
 0001:000018c8       ?AddRef@?$CComContainedObject@VCOPOSCashChanger@@@ATL@@WBAA@EAAKXZ 00000001800028c8 f i CashChanger.obj
 0001:000018d4       ?Release@?$CComContainedObject@VCOPOSCashChanger@@@ATL@@WBAA@EAAKXZ 00000001800028d4 f i CashChanger.obj
 0001:000018e0       ?QueryInterface@?$CComContainedObject@VCOPOSCashChanger@@@ATL@@WBAI@EAAJAEBU_GUID@@PEAPEAX@Z 00000001800028e0 f i CashChanger.obj
 0001:000018ec       ?AddRef@?$CComContainedObject@VCOPOSCashChanger@@@ATL@@WBAI@EAAKXZ 00000001800028ec f i CashChanger.obj
 0001:000018f8       ?Release@?$CComContainedObject@VCOPOSCashChanger@@@ATL@@WBAI@EAAKXZ 00000001800028f8 f i CashChanger.obj
 0001:00001904       ?QueryInterface@?$CComContainedObject@VCOPOSCashChanger@@@ATL@@WBBA@EAAJAEBU_GUID@@PEAPEAX@Z 0000000180002904 f i CashChanger.obj
 0001:00001910       ?AddRef@?$CComContainedObject@VCOPOSCashChanger@@@ATL@@WBBA@EAAKXZ 0000000180002910 f i CashChanger.obj
 0001:0000191c       ?Release@?$CComContainedObject@VCOPOSCashChanger@@@ATL@@WBBA@EAAKXZ 000000018000291c f i CashChanger.obj
 0001:00001928       ?QueryInterface@?$CComContainedObject@VCOPOSCashChanger@@@ATL@@WBBI@EAAJAEBU_GUID@@PEAPEAX@Z 0000000180002928 f i CashChanger.obj
 0001:00001934       ?AddRef@?$CComContainedObject@VCOPOSCashChanger@@@ATL@@WBBI@EAAKXZ 0000000180002934 f i CashChanger.obj
 0001:00001940       ?Release@?$CComContainedObject@VCOPOSCashChanger@@@ATL@@WBBI@EAAKXZ 0000000180002940 f i CashChanger.obj
 0001:0000194c       ?AddRef@?$CComContainedObject@VCOPOSCashChanger@@@ATL@@WBCI@EAAKXZ 000000018000294c f i CashChanger.obj
 0001:00001958       ?Release@?$CComContainedObject@VCOPOSCashChanger@@@ATL@@WBCI@EAAKXZ 0000000180002958 f i CashChanger.obj
 0001:00001964       ?AddRef@?$CComContainedObject@VCOPOSCashChanger@@@ATL@@WBEA@EAAKXZ 0000000180002964 f i CashChanger.obj
 0001:00001970       ?Release@?$CComContainedObject@VCOPOSCashChanger@@@ATL@@WBEA@EAAKXZ 0000000180002970 f i CashChanger.obj
 0001:0000197c       ?GetWindowProc@?$CWindowImplBaseT@VCWindow@ATL@@V?$CWinTraits@$0FGAAAAAA@$0A@@2@@ATL@@UEAAP6A_JPEAUHWND__@@I_K_J@ZXZ 000000018000297c f i CashChanger.obj
 0001:00001984       ?StartWindowProc@?$CWindowImplBaseT@VCWindow@ATL@@V?$CWinTraits@$0FGAAAAAA@$0A@@2@@ATL@@SA_JPEAUHWND__@@I_K_J@Z 0000000180002984 f i CashChanger.obj
 0001:00001a48       ?Lock@CAtlModule@ATL@@UEAAJXZ 0000000180002a48 f i CashChanger.obj
 0001:00001a58       ?Unlock@CAtlModule@ATL@@UEAAJXZ 0000000180002a58 f i CashChanger.obj
 0001:00001a64       ?GetLockCount@CAtlModule@ATL@@UEAAJXZ 0000000180002a64 f i CashChanger.obj
 0001:00001a68       ?GetGITPtr@CAtlModule@ATL@@UEAAJPEAPEAUIGlobalInterfaceTable@@@Z 0000000180002a68 f i CashChanger.obj
 0001:00001ad8       ?GetTypeInfoCount@?$IDispatchImpl@UIOPOSCashChanger@@$1?IID_IOPOSCashChanger@@3U_GUID@@B$1?LIBID_OposCashChanger_CCO@@3U3@B$00$0A@VCComTypeInfoHolder@ATL@@@ATL@@UEAAJPEAI@Z 0000000180002ad8 f i CashChanger.obj
 0001:00001aec       ?GetTypeInfo@?$IDispatchImpl@UIOPOSCashChanger@@$1?IID_IOPOSCashChanger@@3U_GUID@@B$1?LIBID_OposCashChanger_CCO@@3U3@B$00$0A@VCComTypeInfoHolder@ATL@@@ATL@@UEAAJIKPEAPEAUITypeInfo@@@Z 0000000180002aec f i CashChanger.obj
 0001:00001b50       ?GetIDsOfNames@?$IDispatchImpl@UIOPOSCashChanger@@$1?IID_IOPOSCashChanger@@3U_GUID@@B$1?LIBID_OposCashChanger_CCO@@3U3@B$00$0A@VCComTypeInfoHolder@ATL@@@ATL@@UEAAJAEBU_GUID@@PEAPEA_WIKPEAJ@Z 0000000180002b50 f i CashChanger.obj
 0001:00001b5c       ?Invoke@?$IDispatchImpl@UIOPOSCashChanger@@$1?IID_IOPOSCashChanger@@3U_GUID@@B$1?LIBID_OposCashChanger_CCO@@3U3@B$00$0A@VCComTypeInfoHolder@ATL@@@ATL@@UEAAJJAEBU_GUID@@KGPEAUtagDISPPARAMS@@PEAUtagVARIANT@@PEAUtagEXCEPINFO@@PEAI@Z 0000000180002b5c f i CashChanger.obj
 0001:00001bec       ?CreateControlWindow@?$CComControl@VCOPOSCashChanger@@V?$CWindowImpl@VCOPOSCashChanger@@VCWindow@ATL@@V?$CWinTraits@$0FGAAAAAA@$0A@@3@@ATL@@@ATL@@UEAAPEAUHWND__@@PEAU3@AEAUtagRECT@@@Z 0000000180002bec f i CashChanger.obj
 0001:00001c24       ?ControlQueryInterface@?$CComControl@VCOPOSCashChanger@@V?$CWindowImpl@VCOPOSCashChanger@@VCWindow@ATL@@V?$CWinTraits@$0FGAAAAAA@$0A@@3@@ATL@@@ATL@@UEAAJAEBU_GUID@@PEAPEAX@Z 0000000180002c24 f i CashChanger.obj
 0001:00001c38       ?GetUserClassID@?$IOleObjectImpl@VCOPOSCashChanger@@@ATL@@UEAAJPEAU_GUID@@@Z 0000000180002c38 f i CashChanger.obj
 0001:00001c38       ?GetClassID@?$IPersistStreamInitImpl@VCOPOSCashChanger@@@ATL@@UEAAJPEAU_GUID@@@Z 0000000180002c38 f i CashChanger.obj
 0001:00001c38       ?GetClassID@?$IPersistStorageImpl@VCOPOSCashChanger@@@ATL@@UEAAJPEAU_GUID@@@Z 0000000180002c38 f i CashChanger.obj
 0001:00001c54       ?IsDirty@?$IPersistStreamInitImpl@VCOPOSCashChanger@@@ATL@@UEAAJXZ 0000000180002c54 f i CashChanger.obj
 0001:00001c70       ?Load@?$IPersistStreamInitImpl@VCOPOSCashChanger@@@ATL@@UEAAJPEAUIStream@@@Z 0000000180002c70 f i CashChanger.obj
 0001:00001cc0       ?Save@?$IPersistStreamInitImpl@VCOPOSCashChanger@@@ATL@@UEAAJPEAUIStream@@H@Z 0000000180002cc0 f i CashChanger.obj
 0001:00001d24       ?GetSizeMax@?$IPersistStreamInitImpl@VCOPOSCashChanger@@@ATL@@UEAAJPEAT_ULARGE_INTEGER@@@Z 0000000180002d24 f i CashChanger.obj
 0001:00001f50       ?InitNew@?$IPersistStreamInitImpl@VCOPOSCashChanger@@@ATL@@UEAAJXZ 0000000180002f50 f i CashChanger.obj
 0001:00001f68       ?SetClientSite@?$IOleObjectImpl@VCOPOSCashChanger@@@ATL@@UEAAJPEAUIOleClientSite@@@Z 0000000180002f68 f i CashChanger.obj
 0001:00001f84       ?GetClientSite@?$IOleObjectImpl@VCOPOSCashChanger@@@ATL@@UEAAJPEAPEAUIOleClientSite@@@Z 0000000180002f84 f i CashChanger.obj
 0001:00001fcc       ?Close@?$IOleObjectImpl@VCOPOSCashChanger@@@ATL@@UEAAJK@Z 0000000180002fcc f i CashChanger.obj
 0001:00001fe8       ?AddCommonRGSReplacements@?$CAtlModuleT@VCComModule@ATL@@@ATL@@UEAAJPEAUIRegistrarBase@@@Z 0000000180002fe8 f i CashChanger.obj
 0001:00002000       ?DoVerb@?$IOleObjectImpl@VCOPOSCashChanger@@@ATL@@UEAAJJPEAUtagMSG@@PEAUIOleClientSite@@JPEAUHWND__@@PEBUtagRECT@@@Z 0000000180003000 f i CashChanger.obj
 0001:000021a4       ?EnumVerbs@?$IOleObjectImpl@VCOPOSCashChanger@@@ATL@@UEAAJPEAPEAUIEnumOLEVERB@@@Z 00000001800031a4 f i CashChanger.obj
 0001:000021c0       ?GetUserType@?$IOleObjectImpl@VCOPOSCashChanger@@@ATL@@UEAAJKPEAPEA_W@Z 00000001800031c0 f i CashChanger.obj
 0001:000021d0       ?SetExtent@?$IOleObjectImpl@VCOPOSCashChanger@@@ATL@@UEAAJKPEAUtagSIZE@@@Z 00000001800031d0 f i CashChanger.obj
 0001:000021ec       ?GetExtent@?$IOleObjectImpl@VCOPOSCashChanger@@@ATL@@UEAAJKPEAUtagSIZE@@@Z 00000001800031ec f i CashChanger.obj
 0001:0000221c       ?Advise@?$IOleObjectImpl@VCOPOSCashChanger@@@ATL@@UEAAJPEAUIAdviseSink@@PEAK@Z 000000018000321c f i CashChanger.obj
 0001:00002278       ?Unadvise@?$IOleObjectImpl@VCOPOSCashChanger@@@ATL@@UEAAJK@Z 0000000180003278 f i CashChanger.obj
 0001:000022b0       ?EnumAdvise@?$IOleObjectImpl@VCOPOSCashChanger@@@ATL@@UEAAJPEAPEAUIEnumSTATDATA@@@Z 00000001800032b0 f i CashChanger.obj
 0001:000022f8       ?GetMiscStatus@?$IOleObjectImpl@VCOPOSCashChanger@@@ATL@@UEAAJKPEAK@Z 00000001800032f8 f i CashChanger.obj
 0001:00002308       ?GetWindow@?$IOleInPlaceActiveObjectImpl@VCOPOSCashChanger@@@ATL@@UEAAJPEAPEAUHWND__@@@Z 0000000180003308 f i CashChanger.obj
 0001:0000235c       ?TranslateAcceleratorW@?$IOleInPlaceActiveObjectImpl@VCOPOSCashChanger@@@ATL@@UEAAJPEAUtagMSG@@@Z 000000018000335c f i CashChanger.obj
 0001:00002450       ?OnDocWindowActivate@?$IOleInPlaceActiveObjectImpl@VCOPOSCashChanger@@@ATL@@UEAAJH@Z 0000000180003450 f i CashChanger.obj
 0001:0000247c       ?UpdateRegistryFromResourceD@CComModule@ATL@@UEAAJIHPEAU_ATL_REGMAP_ENTRY@2@@Z 000000018000347c f i CashChanger.obj
 0001:0000247c       ?UpdateRegistryFromResourceD@CComModule@ATL@@UEAAJPEB_WHPEAU_ATL_REGMAP_ENTRY@2@@Z 000000018000347c f i CashChanger.obj
 0001:00002484       ?UpdateRegistryFromResource@CComModule@ATL@@UEAAJPEB_WHPEAU_ATL_REGMAP_ENTRY@2@@Z 0000000180003484 f i CashChanger.obj
 0001:0000248c       ?UpdateRegistryFromResource@CComModule@ATL@@UEAAJIHPEAU_ATL_REGMAP_ENTRY@2@@Z 000000018000348c f i CashChanger.obj
 0001:00002494       ?Draw@?$IViewObjectExImpl@VCOPOSCashChanger@@@ATL@@UEAAJKJPEAXPEAUtagDVTARGETDEVICE@@PEAUHDC__@@2PEBU_RECTL@@3P6AH_K@Z4@Z 0000000180003494 f i CashChanger.obj
 0001:000024f8       ?SetAdvise@?$IViewObjectExImpl@VCOPOSCashChanger@@@ATL@@UEAAJKKPEAUIAdviseSink@@@Z 00000001800034f8 f i CashChanger.obj
 0001:0000254c       ?GetAdvise@?$IViewObjectExImpl@VCOPOSCashChanger@@@ATL@@UEAAJPEAK0PEAPEAUIAdviseSink@@@Z 000000018000354c f i CashChanger.obj
 0001:00002588       ?GetExtent@?$IViewObjectExImpl@VCOPOSCashChanger@@@ATL@@UEAAJKJPEAUtagDVTARGETDEVICE@@PEAUtagSIZE@@@Z 0000000180003588 f i CashChanger.obj
 0001:000025b8       ?GetViewStatus@?$IViewObjectExImpl@VCOPOSCashChanger@@@ATL@@UEAAJPEAK@Z 00000001800035b8 f i CashChanger.obj
 0001:000025cc       ?QueryHitPoint@?$IViewObjectExImpl@VCOPOSCashChanger@@@ATL@@UEAAJKPEBUtagRECT@@UtagPOINT@@JPEAK@Z 00000001800035cc f i CashChanger.obj
 0001:00002610       ?QueryHitRect@?$IViewObjectExImpl@VCOPOSCashChanger@@@ATL@@UEAAJKPEBUtagRECT@@0JPEAK@Z 0000000180003610 f i CashChanger.obj
 0001:00002678       ?GetNaturalExtent@?$IViewObjectExImpl@VCOPOSCashChanger@@@ATL@@UEAAJKJPEAUtagDVTARGETDEVICE@@PEAUHDC__@@PEAUtagExtentInfo@@PEAUtagSIZE@@@Z 0000000180003678 f i CashChanger.obj
 0001:000026c0       ??_ECComModule@ATL@@UEAAPEAXI@Z 00000001800036c0 f i CashChanger.obj
 0001:000026c0       ??_GCComModule@ATL@@UEAAPEAXI@Z 00000001800036c0 f i CashChanger.obj
 0001:00002740       ?GetWindow@?$IOleInPlaceObjectWindowlessImpl@VCOPOSCashChanger@@@ATL@@UEAAJPEAPEAUHWND__@@@Z 0000000180003740 f i CashChanger.obj
 0001:00002794       ?InPlaceDeactivate@?$IOleInPlaceObjectWindowlessImpl@VCOPOSCashChanger@@@ATL@@UEAAJXZ 0000000180003794 f i CashChanger.obj
 0001:000027b0       ?UIDeactivate@?$IOleInPlaceObjectWindowlessImpl@VCOPOSCashChanger@@@ATL@@UEAAJXZ 00000001800037b0 f i CashChanger.obj
 0001:000027cc       ?SetObjectRects@?$IOleInPlaceObjectWindowlessImpl@VCOPOSCashChanger@@@ATL@@UEAAJPEBUtagRECT@@0@Z 00000001800037cc f i CashChanger.obj
 0001:000027e8       ?OnWindowMessage@?$IOleInPlaceObjectWindowlessImpl@VCOPOSCashChanger@@@ATL@@UEAAJI_K_JPEA_J@Z 00000001800037e8 f i CashChanger.obj
 0001:000028b0       ?EnumConnectionPoints@?$IConnectionPointContainerImpl@VCOPOSCashChanger@@@ATL@@UEAAJPEAPEAUIEnumConnectionPoints@@@Z 00000001800038b0 f i CashChanger.obj
 0001:00002af8       ?FindConnectionPoint@?$IConnectionPointContainerImpl@VCOPOSCashChanger@@@ATL@@UEAAJAEBU_GUID@@PEAPEAUIConnectionPoint@@@Z 0000000180003af8 f i CashChanger.obj
 0001:00002bc8       ?IsDirty@?$IPersistStorageImpl@VCOPOSCashChanger@@@ATL@@UEAAJXZ 0000000180003bc8 f i CashChanger.obj
 0001:00002c0c       ?InitNew@?$IPersistStorageImpl@VCOPOSCashChanger@@@ATL@@UEAAJPEAUIStorage@@@Z 0000000180003c0c f i CashChanger.obj
 0001:00002c50       ?Load@?$IPersistStorageImpl@VCOPOSCashChanger@@@ATL@@UEAAJPEAUIStorage@@@Z 0000000180003c50 f i CashChanger.obj
 0001:00002cf0       ?Save@?$IPersistStorageImpl@VCOPOSCashChanger@@@ATL@@UEAAJPEAUIStorage@@H@Z 0000000180003cf0 f i CashChanger.obj
 0001:00002da0       ?GetPages@?$ISpecifyPropertyPagesImpl@VCOPOSCashChanger@@@ATL@@UEAAJPEAUtagCAUUID@@@Z 0000000180003da0 f i CashChanger.obj
 0001:00002dac       ?QuickActivate@?$IQuickActivateImpl@VCOPOSCashChanger@@@ATL@@UEAAJPEAUtagQACONTAINER@@PEAUtagQACONTROL@@@Z 0000000180003dac f i CashChanger.obj
 0001:00002dc8       ?SetContentExtent@?$IQuickActivateImpl@VCOPOSCashChanger@@@ATL@@UEAAJPEAUtagSIZE@@@Z 0000000180003dc8 f i CashChanger.obj
 0001:00002dfc       ?GetContentExtent@?$IQuickActivateImpl@VCOPOSCashChanger@@@ATL@@UEAAJPEAUtagSIZE@@@Z 0000000180003dfc f i CashChanger.obj
 0001:00002e34       ?GetData@?$IDataObjectImpl@VCOPOSCashChanger@@@ATL@@UEAAJPEAUtagFORMATETC@@PEAUtagSTGMEDIUM@@@Z 0000000180003e34 f i CashChanger.obj
 0001:00002e50       ?DAdvise@?$IDataObjectImpl@VCOPOSCashChanger@@@ATL@@UEAAJPEAUtagFORMATETC@@KPEAUIAdviseSink@@PEAK@Z 0000000180003e50 f i CashChanger.obj
 0001:00002ed8       ?DUnadvise@?$IDataObjectImpl@VCOPOSCashChanger@@@ATL@@UEAAJK@Z 0000000180003ed8 f i CashChanger.obj
 0001:00002f04       ?EnumDAdvise@?$IDataObjectImpl@VCOPOSCashChanger@@@ATL@@UEAAJPEAPEAUIEnumSTATDATA@@@Z 0000000180003f04 f i CashChanger.obj
 0001:00002f40       ?GetClassInfoW@?$IProvideClassInfo2Impl@$1?CLSID_OPOSCashChanger@@3U_GUID@@B$1?DIID__IOPOSCashChangerEvents@@3U2@B$1?LIBID_OposCashChanger_CCO@@3U2@B$00$0A@VCComTypeInfoHolder@ATL@@@ATL@@UEAAJPEAPEAUITypeInfo@@@Z 0000000180003f40 f i CashChanger.obj
 0001:00002f98       ?GetGUID@?$IProvideClassInfo2Impl@$1?CLSID_OPOSCashChanger@@3U_GUID@@B$1?DIID__IOPOSCashChangerEvents@@3U2@B$1?LIBID_OposCashChanger_CCO@@3U2@B$00$0A@VCComTypeInfoHolder@ATL@@@ATL@@UEAAJKPEAU_GUID@@@Z 0000000180003f98 f i CashChanger.obj
 0001:00002fcc       ?GetInterfaceSafetyOptions@?$IObjectSafetyImpl@VCOPOSCashChanger@@$02@ATL@@UEAAJAEBU_GUID@@PEAK1@Z 0000000180003fcc f i CashChanger.obj
 0001:00003060       ?SetInterfaceSafetyOptions@?$IObjectSafetyImpl@VCOPOSCashChanger@@$02@ATL@@UEAAJAEBU_GUID@@KK@Z 0000000180004060 f i CashChanger.obj
 0001:00003104       ?_LocCPQueryInterface@?$IConnectionPointImpl@VCOPOSCashChanger@@$1?IID_IPropertyNotifySink@@3U_GUID@@BVCComDynamicUnkArray@ATL@@@ATL@@UEAAJAEBU_GUID@@PEAPEAX@Z 0000000180004104 f i CashChanger.obj
 0001:00003104       ?_LocCPQueryInterface@?$IConnectionPointImpl@VCOPOSCashChanger@@$1?DIID__IOPOSCashChangerEvents@@3U_GUID@@BVCComDynamicUnkArray@ATL@@@ATL@@UEAAJAEBU_GUID@@PEAPEAX@Z 0000000180004104 f i CashChanger.obj
 0001:00003178       ?GetConnectionInterface@?$IConnectionPointImpl@VCOPOSCashChanger@@$1?IID_IPropertyNotifySink@@3U_GUID@@BVCComDynamicUnkArray@ATL@@@ATL@@UEAAJPEAU_GUID@@@Z 0000000180004178 f i CashChanger.obj
 0001:00003194       ?GetConnectionPointContainer@?$IConnectionPointImpl@VCOPOSCashChanger@@$1?IID_IPropertyNotifySink@@3U_GUID@@BVCComDynamicUnkArray@ATL@@@ATL@@UEAAJPEAPEAUIConnectionPointContainer@@@Z 0000000180004194 f i CashChanger.obj
 0001:000031b4       ?Advise@?$IConnectionPointImpl@VCOPOSCashChanger@@$1?IID_IPropertyNotifySink@@3U_GUID@@BVCComDynamicUnkArray@ATL@@@ATL@@UEAAJPEAUIUnknown@@PEAK@Z 00000001800041b4 f i CashChanger.obj
 0001:000031b4       ?Advise@?$IConnectionPointImpl@VCOPOSCashChanger@@$1?DIID__IOPOSCashChangerEvents@@3U_GUID@@BVCComDynamicUnkArray@ATL@@@ATL@@UEAAJPEAUIUnknown@@PEAK@Z 00000001800041b4 f i CashChanger.obj
 0001:00003274       ?Unadvise@?$IConnectionPointImpl@VCOPOSCashChanger@@$1?IID_IPropertyNotifySink@@3U_GUID@@BVCComDynamicUnkArray@ATL@@@ATL@@UEAAJK@Z 0000000180004274 f i CashChanger.obj
 0001:00003274       ?Unadvise@?$IConnectionPointImpl@VCOPOSCashChanger@@$1?DIID__IOPOSCashChangerEvents@@3U_GUID@@BVCComDynamicUnkArray@ATL@@@ATL@@UEAAJK@Z 0000000180004274 f i CashChanger.obj
 0001:000032f0       ?EnumConnections@?$IConnectionPointImpl@VCOPOSCashChanger@@$1?IID_IPropertyNotifySink@@3U_GUID@@BVCComDynamicUnkArray@ATL@@@ATL@@UEAAJPEAPEAUIEnumConnections@@@Z 00000001800042f0 f i CashChanger.obj
 0001:000032f0       ?EnumConnections@?$IConnectionPointImpl@VCOPOSCashChanger@@$1?DIID__IOPOSCashChangerEvents@@3U_GUID@@BVCComDynamicUnkArray@ATL@@@ATL@@UEAAJPEAPEAUIEnumConnections@@@Z 00000001800042f0 f i CashChanger.obj
 0001:00003498       ?GetConnectionInterface@?$IConnectionPointImpl@VCOPOSCashChanger@@$1?DIID__IOPOSCashChangerEvents@@3U_GUID@@BVCComDynamicUnkArray@ATL@@@ATL@@UEAAJPEAU_GUID@@@Z 0000000180004498 f i CashChanger.obj
 0001:000034b4       ?GetConnectionPointContainer@?$IConnectionPointImpl@VCOPOSCashChanger@@$1?DIID__IOPOSCashChangerEvents@@3U_GUID@@BVCComDynamicUnkArray@ATL@@@ATL@@UEAAJPEAPEAUIConnectionPointContainer@@@Z 00000001800044b4 f i CashChanger.obj
 0001:000034d4       ?UpdateRegistry@COPOSCashChanger@@SAJH@Z 00000001800044d4 f i CashChanger.obj
 0001:000034ec       ?ProcessWindowMessage@COPOSCashChanger@@UEAAHPEAUHWND__@@I_K_JAEA_JK@Z 00000001800044ec f i CashChanger.obj
 0001:00003574       ?SOData@COPOSCashChanger@@MEAAJJ@Z 0000000180004574 f i CashChanger.obj
 0001:000035c4       ?SODirectIO@COPOSCashChanger@@MEAAJJPEAJPEAPEA_W@Z 00000001800045c4 f i CashChanger.obj
 0001:0000363c       ?SOStatusUpdate@COPOSCashChanger@@MEAAJJ@Z 000000018000463c f i CashChanger.obj
 0001:0000368c       ??$AtlModuleRegisterWndClassInfoT@VAtlModuleRegisterWndClassInfoParamW@ATL@@@ATL@@YAGPEAU_ATL_BASE_MODULE70@0@PEAU_ATL_WIN_MODULE70@0@PEAU_ATL_WNDCLASSINFOW@0@PEAP6A_JPEAUHWND__@@I_K_J@ZVAtlModuleRegisterWndClassInfoParamW@0@@Z 000000018000468c f i CashChanger.obj
 0001:0000388c       ??0?$CComContainedObject@VCOPOSCashChanger@@@ATL@@QEAA@PEAX@Z 000000018000488c f i CashChanger.obj
 0001:000039a8       ??0?$CComObject@VCOPOSCashChanger@@@ATL@@QEAA@PEAX@Z 00000001800049a8 f i CashChanger.obj
 0001:00003ac0       ??0CAtlModule@ATL@@QEAA@XZ 0000000180004ac0 f i CashChanger.obj
 0001:00003b3c       ??1?$CComEnumImpl@UIEnumConnectionPoints@@$1?_GUID_b196b285_bab4_101a_b69c_00aa00341d07@@3U__s_GUID@@BPEAUIConnectionPoint@@V?$_CopyInterface@UIConnectionPoint@@@ATL@@@ATL@@UEAA@XZ 0000000180004b3c f i CashChanger.obj
 0001:00003b98       ??1?$CComEnumImpl@UIEnumConnections@@$1?_GUID_b196b287_bab4_101a_b69c_00aa00341d07@@3U__s_GUID@@BUtagCONNECTDATA@@V?$_Copy@UtagCONNECTDATA@@@ATL@@@ATL@@UEAA@XZ 0000000180004b98 f i CashChanger.obj
 0001:00003bf4       ??1?$CComObject@VCOPOSCashChanger@@@ATL@@UEAA@XZ 0000000180004bf4 f i CashChanger.obj
 0001:00003d14       ??_E?$CComContainedObject@VCOPOSCashChanger@@@ATL@@UEAAPEAXI@Z 0000000180004d14 f i CashChanger.obj
 0001:00003d14       ??_G?$CComContainedObject@VCOPOSCashChanger@@@ATL@@UEAAPEAXI@Z 0000000180004d14 f i CashChanger.obj
 0001:00003d48       ??_E?$CComObject@VCOPOSCashChanger@@@ATL@@UEAAPEAXI@Z 0000000180004d48 f i CashChanger.obj
 0001:00003d48       ??_G?$CComObject@VCOPOSCashChanger@@@ATL@@UEAAPEAXI@Z 0000000180004d48 f i CashChanger.obj
 0001:00003d7c       ?Add@?$CSimpleArray@GV?$CSimpleArrayEqualHelper@G@ATL@@@ATL@@QEAAHAEBG@Z 0000000180004d7c f i CashChanger.obj
 0001:00003e30       ?Add@?$CSimpleMap@PEA_WPEA_WVCExpansionVectorEqualHelper@ATL@@@ATL@@QEAAHAEBQEA_W0@Z 0000000180004e30 f i CashChanger.obj
 0001:00003ed0       ?Add@CComDynamicUnkArray@ATL@@QEAAKPEAUIUnknown@@@Z 0000000180004ed0 f i CashChanger.obj
 0001:00003fc8       ?Add@CExpansionVector@ATL@@QEAAHPEB_W0@Z 0000000180004fc8 f i CashChanger.obj
 0001:00004158       ?AddValue@CRegParser@ATL@@IEAAJAEAVCRegKey@2@PEB_WPEA_W@Z 0000000180005158 f i CashChanger.obj
 0001:000045a0       ?AllocateHeap@?$CTempBuffer@_W$0EAA@VCCRTAllocator@ATL@@@ATL@@AEAAX_K@Z 00000001800055a0 f i CashChanger.obj
 0001:000045a0       ?AllocateHeap@?$CTempBuffer@E$0BAA@VCCRTAllocator@ATL@@@ATL@@AEAAX_K@Z 00000001800055a0 f i CashChanger.obj
 0001:000045a0       ?AllocateHeap@?$CTempBuffer@_W$0BAA@VCCRTAllocator@ATL@@@ATL@@AEAAX_K@Z 00000001800055a0 f i CashChanger.obj
 0001:000045cc       ?Append@CParseBuffer@CRegParser@ATL@@QEAAHPEB_WH@Z 00000001800055cc f i CashChanger.obj
 0001:000046e4       ?AtlCallTermFunc@ATL@@YAXPEAU_ATL_MODULE70@1@@Z 00000001800056e4 f i CashChanger.obj
 0001:00004748       ?AtlComModuleGetClassObject@ATL@@YAJPEAU_ATL_COM_MODULE70@1@AEBU_GUID@@1PEAPEAX@Z 0000000180005748 f i CashChanger.obj
 0001:00004888       ?AtlComModuleRegisterServer@ATL@@YAJPEAU_ATL_COM_MODULE70@1@HPEBU_GUID@@@Z 0000000180005888 f i CashChanger.obj
 0001:00004948       ?AtlComModuleUnregisterServer@ATL@@YAJPEAU_ATL_COM_MODULE70@1@HPEBU_GUID@@@Z 0000000180005948 f i CashChanger.obj
 0001:00004a04       ?AtlCreateTargetDC@ATL@@YAPEAUHDC__@@PEAU2@PEAUtagDVTARGETDEVICE@@@Z 0000000180005a04 f i CashChanger.obj
 0001:00004a78       ?AtlHiMetricToPixel@ATL@@YAXPEBUtagSIZE@@PEAU2@@Z 0000000180005a78 f i CashChanger.obj
 0001:00004b28       ?AtlHresultFromLastError@ATL@@YAJXZ 0000000180005b28 f i CashChanger.obj
 0001:00004b48       ?AtlHresultFromWin32@ATL@@YAJK@Z 0000000180005b48 f i CashChanger.obj
 0001:00004b58       ?AtlIPersistStreamInit_Load@ATL@@YAJPEAUIStream@@PEBUATL_PROPMAP_ENTRY@1@PEAXPEAUIUnknown@@@Z 0000000180005b58 f i CashChanger.obj
 0001:00004d90       ?AtlIPersistStreamInit_Save@ATL@@YAJPEAUIStream@@HPEBUATL_PROPMAP_ENTRY@1@PEAXPEAUIUnknown@@@Z 0000000180005d90 f i CashChanger.obj
 0001:00004fcc       ?AtlInternalOleLoadFromStream@ATL@@YAJPEAUIStream@@AEBU_GUID@@PEAPEAXTClassesAllowedInStream@1@K@Z 0000000180005fcc f i CashChanger.obj
 0001:00005110       ?AtlInternalQueryInterface@ATL@@YAJPEAXPEBU_ATL_INTMAP_ENTRY@1@AEBU_GUID@@PEAPEAX@Z 0000000180006110 f i CashChanger.obj
 0001:00005218       ?AtlLoadTypeLib@ATL@@YAJPEAUHINSTANCE__@@PEB_WPEAPEA_WPEAPEAUITypeLib@@@Z 0000000180006218 f i CashChanger.obj
 0001:00005474       ?AtlModuleAddTermFunc@ATL@@YAJPEAU_ATL_MODULE70@1@P6AX_K@Z1@Z 0000000180006474 f i CashChanger.obj
 0001:00005508       ?AtlRegisterClassCategoriesHelper@ATL@@YAJAEBU_GUID@@PEBU_ATL_CATMAP_ENTRY@1@H@Z 0000000180006508 f i CashChanger.obj
 0001:0000596c       ?AtlRegisterTypeLib@ATL@@YAJPEAUHINSTANCE__@@PEB_W@Z 000000018000696c f i CashChanger.obj
 0001:00005b68       ?AtlThrowImpl@ATL@@YAXJ@Z  0000000180006b68 f i CashChanger.obj
 0001:00005b8c       ?AtlUnRegisterTypeLib@ATL@@YAJPEAUHINSTANCE__@@PEB_W@Z 0000000180006b8c f i CashChanger.obj
 0001:00005c54       ?AtlWinModuleExtractCreateWndData@ATL@@YAPEAXPEAU_ATL_WIN_MODULE70@1@@Z 0000000180006c54 f i CashChanger.obj
 0001:00005ce0       ?Cleanup@CComTypeInfoHolder@ATL@@SAX_K@Z 0000000180006ce0 f i CashChanger.obj
 0001:00005d20       ?ClearReplacements@CExpansionVector@ATL@@QEAAJXZ 0000000180006d20 f i CashChanger.obj
 0001:00005dbc       ?Create@?$CWindowImpl@VCOPOSCashChanger@@VCWindow@ATL@@V?$CWinTraits@$0FGAAAAAA@$0A@@3@@ATL@@QEAAPEAUHWND__@@PEAU3@V_U_RECT@2@PEB_WKKV_U_MENUorID@2@PEAX@Z 0000000180006dbc f i CashChanger.obj
 0001:00005e6c       ?Create@?$CWindowImplBaseT@VCWindow@ATL@@V?$CWinTraits@$0FGAAAAAA@$0A@@2@@ATL@@QEAAPEAUHWND__@@PEAU3@V_U_RECT@2@PEB_WKKV_U_MENUorID@2@GPEAX@Z 0000000180006e6c f i CashChanger.obj
 0001:00005fdc       ?Create@CRegKey@ATL@@QEAAJPEAUHKEY__@@PEB_WPEA_WKKPEAU_SECURITY_ATTRIBUTES@@PEAK@Z 0000000180006fdc f i CashChanger.obj
 0001:000060c0       ?CreateInstance@?$CComCreator@V?$CComAggObject@VCOPOSCashChanger@@@ATL@@@ATL@@SAJPEAXAEBU_GUID@@PEAPEAX@Z 00000001800070c0 f i CashChanger.obj
 0001:00006198       ?CreateInstance@?$CComCreator@V?$CComObject@VCOPOSCashChanger@@@ATL@@@ATL@@SAJPEAXAEBU_GUID@@PEAPEAX@Z 0000000180007198 f i CashChanger.obj
 0001:00006250       ?CreateInstance@?$CComObject@V?$CComEnum@UIEnumConnectionPoints@@$1?_GUID_b196b285_bab4_101a_b69c_00aa00341d07@@3U__s_GUID@@BPEAUIConnectionPoint@@V?$_CopyInterface@UIConnectionPoint@@@ATL@@VCComSingleThreadModel@6@@ATL@@@ATL@@SAJPEAPEAV12@@Z 0000000180007250 f i CashChanger.obj
 0001:000062dc       ?CreateInstance@?$CComObject@V?$CComEnum@UIEnumConnections@@$1?_GUID_b196b287_bab4_101a_b69c_00aa00341d07@@3U__s_GUID@@BUtagCONNECTDATA@@V?$_Copy@UtagCONNECTDATA@@@ATL@@VCComSingleThreadModel@6@@ATL@@@ATL@@SAJPEAPEAV12@@Z 00000001800072dc f i CashChanger.obj
 0001:00006368       ?DefaultReflectionHandler@?$CWindowImplRoot@VCWindow@ATL@@@ATL@@SAHPEAUHWND__@@I_K_JAEA_J@Z 0000000180007368 f i CashChanger.obj
 0001:000063cc       ?DoEvent@COPOSCashChanger@@IEAAXI_K_J@Z 00000001800073cc f i CashChanger.obj
 0001:00006480       ?DoVerbPrimary@?$IOleObjectImpl@VCOPOSCashChanger@@@ATL@@QEAAJPEBUtagRECT@@PEAUHWND__@@@Z 0000000180007480 f i CashChanger.obj
 0001:000065a8       ?DoVerbProperties@CComControlBase@ATL@@QEAAJPEBUtagRECT@@PEAUHWND__@@@Z 00000001800075a8 f i CashChanger.obj
 0001:000067d0       ?FireTheEvent@?$CProxy_IOPOSEvents@VCOPOSCashChanger@@@@IEAAXPEAVOposVariant@@IAEAJPEB_WJ@Z 00000001800077d0 f i CashChanger.obj
 0001:000068bc       ?FireViewChange@CComControlBase@ATL@@QEAAJXZ 00000001800078bc f i CashChanger.obj
 0001:00006920       ?Fire_DataEvent@?$CProxy_IOPOSEvents@VCOPOSCashChanger@@@@QEAAXJ@Z 0000000180007920 f i CashChanger.obj
 0001:00006a0c       ?Fire_DirectIOEvent@?$CProxy_IOPOSEvents@VCOPOSCashChanger@@@@QEAAXJPEAJPEAPEA_W@Z 0000000180007a0c f i CashChanger.obj
 0001:00006b64       ?Fire_StatusUpdateEvent@?$CProxy_IOPOSEvents@VCOPOSCashChanger@@@@QEAAXJ@Z 0000000180007b64 f i CashChanger.obj
 0001:00006c50       ?FreeHeap@?$CTempBuffer@E$0BAA@VCCRTAllocator@ATL@@@ATL@@AEAAXXZ 0000000180007c50 f i CashChanger.obj
 0001:00006c50       ?FreeHeap@?$CTempBuffer@_W$0BAA@VCCRTAllocator@ATL@@@ATL@@AEAAXXZ 0000000180007c50 f i CashChanger.obj
 0001:00006c50       ?FreeHeap@?$CTempBuffer@_W$0EAA@VCCRTAllocator@ATL@@@ATL@@AEAAXXZ 0000000180007c50 f i CashChanger.obj
 0001:00006c58       ?GetAmbientLocaleID@CComControlBase@ATL@@QEAAJAEAK@Z 0000000180007c58 f i CashChanger.obj
 0001:00006d18       ?GetAmbientUserMode@CComControlBase@ATL@@QEAAJAEAH@Z 0000000180007d18 f i CashChanger.obj
 0001:00006dec       ?GetClassObject@CComModule@ATL@@QEAAJAEBU_GUID@@0PEAPEAX@Z 0000000180007dec f i CashChanger.obj
 0001:00006ee0       ?GetConnMap@COPOSCashChanger@@SAPEBU_ATL_CONNMAP_ENTRY@ATL@@PEAH@Z 0000000180007ee0 f i CashChanger.obj
 0001:00006f68       ?GetIDsOfNames@CComTypeInfoHolder@ATL@@QEAAJAEBU_GUID@@PEAPEA_WIKPEAJ@Z 0000000180007f68 f i CashChanger.obj
 0001:000070e0       ?GetPagesHelper@?$ISpecifyPropertyPagesImpl@VCOPOSCashChanger@@@ATL@@IEAAJPEAUtagCAUUID@@PEBUATL_PROPMAP_ENTRY@2@@Z 00000001800080e0 f i CashChanger.obj
 0001:00007280       ?GetSizeMax@CComVariant@ATL@@QEBAJPEAT_ULARGE_INTEGER@@@Z 0000000180008280 f i CashChanger.obj
 0001:000074b4       ?GetTI@CComTypeInfoHolder@ATL@@QEAAJK@Z 00000001800084b4 f i CashChanger.obj
 0001:0000772c       ?GetZoomInfo@CComControlBase@ATL@@QEAAXAEAUATL_DRAWINFO@@@Z 000000018000872c f i CashChanger.obj
 0001:000077d0       ?HKeyFromString@CRegParser@ATL@@KAPEAUHKEY__@@PEA_W@Z 00000001800087d0 f i CashChanger.obj
 0001:00007834       ?IDataObject_GetData@CComControlBase@ATL@@QEAAJPEAUtagFORMATETC@@PEAUtagSTGMEDIUM@@@Z 0000000180008834 f i CashChanger.obj
 0001:00007a28       ?IOleInPlaceObject_InPlaceDeactivate@CComControlBase@ATL@@QEAAJXZ 0000000180008a28 f i CashChanger.obj
 0001:00007ac8       ?IOleInPlaceObject_SetObjectRects@CComControlBase@ATL@@QEAAJPEBUtagRECT@@0@Z 0000000180008ac8 f i CashChanger.obj
 0001:00007bb8       ?IOleInPlaceObject_UIDeactivate@CComControlBase@ATL@@QEAAJXZ 0000000180008bb8 f i CashChanger.obj
 0001:00007cc4       ?IOleObject_Close@CComControlBase@ATL@@QEAAJK@Z 0000000180008cc4 f i CashChanger.obj
 0001:00007ddc       ?IOleObject_SetClientSite@CComControlBase@ATL@@QEAAJPEAUIOleClientSite@@@Z 0000000180008ddc f i CashChanger.obj
 0001:00007e54       ?IOleObject_SetExtent@CComControlBase@ATL@@QEAAJKPEAUtagSIZE@@@Z 0000000180008e54 f i CashChanger.obj
 0001:00007eec       ?IPSI_GetIPersistStreamInit@?$IPersistStorageImpl@VCOPOSCashChanger@@@ATL@@AEAAPEAUIPersistStreamInit@@XZ 0000000180008eec f i CashChanger.obj
 0001:00007f48       ?IQuickActivate_QuickActivate@CComControlBase@ATL@@QEAAJPEAUtagQACONTAINER@@PEAUtagQACONTROL@@@Z 0000000180008f48 f i CashChanger.obj
 0001:0000820c       ?IViewObject_Draw@CComControlBase@ATL@@QEAAJKJPEAXPEAUtagDVTARGETDEVICE@@PEAUHDC__@@2PEBU_RECTL@@3@Z 000000018000920c f i CashChanger.obj
 0001:00008320       ?InPlaceActivate@CComControlBase@ATL@@QEAAJJPEBUtagRECT@@@Z 0000000180009320 f i CashChanger.obj
 0001:00008658       ?Init@?$CComEnumImpl@UIEnumConnectionPoints@@$1?_GUID_b196b285_bab4_101a_b69c_00aa00341d07@@3U__s_GUID@@BPEAUIConnectionPoint@@V?$_CopyInterface@UIConnectionPoint@@@ATL@@@ATL@@QEAAJPEAPEAUIConnectionPoint@@0PEAUIUnknown@@W4CComEnumFlags@2@@Z 0000000180009658 f i CashChanger.obj
 0001:00008778       ?Init@?$CComEnumImpl@UIEnumConnections@@$1?_GUID_b196b287_bab4_101a_b69c_00aa00341d07@@3U__s_GUID@@BUtagCONNECTDATA@@V?$_Copy@UtagCONNECTDATA@@@ATL@@@ATL@@QEAAJPEAUtagCONNECTDATA@@0PEAUIUnknown@@W4CComEnumFlags@2@@Z 0000000180009778 f i CashChanger.obj
 0001:0000889c       ?IsEqualObject@?$CComPtrBase@UITypeInfo@@@ATL@@QEAA_NPEAUIUnknown@@@Z 000000018000989c f i CashChanger.obj
 0001:0000889c       ?IsEqualObject@?$CComPtrBase@UIOleClientSite@@@ATL@@QEAA_NPEAUIUnknown@@@Z 000000018000989c f i CashChanger.obj
 0001:00008928       ?LoadNameCache@CComTypeInfoHolder@ATL@@QEAAJPEAUITypeInfo@@@Z 0000000180009928 f i CashChanger.obj
 0001:00008aac       ?Lookup@?$CSimpleMap@PEA_WPEA_WVCExpansionVectorEqualHelper@ATL@@@ATL@@QEBAPEA_WAEBQEA_W@Z 0000000180009aac f i CashChanger.obj
 0001:00008b38       ?NextToken@CRegParser@ATL@@IEAAJPEA_W@Z 0000000180009b38 f i CashChanger.obj
 0001:00008cf0       ?OnKillFocus@CComControlBase@ATL@@QEAA_JI_K_JAEAH@Z 0000000180009cf0 f i CashChanger.obj
 0001:00008d8c       ?OnMouseActivate@CComControlBase@ATL@@QEAA_JI_K_JAEAH@Z 0000000180009d8c f i CashChanger.obj
 0001:00008e2c       ?OnPaint@CComControlBase@ATL@@QEAA_JI_K_JAEAH@Z 0000000180009e2c f i CashChanger.obj
 0001:00008f18       ?OnSetFocus@CComControlBase@ATL@@QEAA_JI_K_JAEAH@Z 0000000180009f18 f i CashChanger.obj
 0001:00009014       ?Open@CRegKey@ATL@@QEAAJPEAUHKEY__@@PEB_WK@Z 000000018000a014 f i CashChanger.obj
 0001:00009090       ?PreProcessBuffer@CRegParser@ATL@@QEAAJPEA_WPEAPEA_W@Z 000000018000a090 f i CashChanger.obj
 0001:00009414       ?ProcessWindowMessage@?$CComControl@VCOPOSCashChanger@@V?$CWindowImpl@VCOPOSCashChanger@@VCWindow@ATL@@V?$CWinTraits@$0FGAAAAAA@$0A@@3@@ATL@@@ATL@@UEAAHPEAUHWND__@@I_K_JAEA_JK@Z 000000018000a414 f i CashChanger.obj
 0001:000094f8       ?PutProperty@?$CComPtr@UIDispatch@@@ATL@@SAJPEAUIDispatch@@JPEAUtagVARIANT@@@Z 000000018000a4f8 f i CashChanger.obj
 0001:000095fc       ?ReadFromStream@CComBSTR@ATL@@QEAAJPEAUIStream@@@Z 000000018000a5fc f i CashChanger.obj
 0001:00009758       ?ReadFromStream@CComVariant@ATL@@QEAAJPEAUIStream@@GTClassesAllowedInStream@2@K@Z 000000018000a758 f i CashChanger.obj
 0001:00009968       ?RecurseDeleteKey@CRegKey@ATL@@QEAAJPEB_W@Z 000000018000a968 f i CashChanger.obj
 0001:00009a8c       ?RegCreateKeyExW@CAtlTransactionManager@ATL@@QEAAJPEAUHKEY__@@PEB_WKPEA_WKKQEAU_SECURITY_ATTRIBUTES@@PEAPEAU3@PEAK@Z 000000018000aa8c f i CashChanger.obj
 0001:00009bc0       ?RegDeleteKeyW@CAtlTransactionManager@ATL@@QEAAJPEAUHKEY__@@PEB_W@Z 000000018000abc0 f i CashChanger.obj
 0001:00009c4c       ?RegOpenKeyExW@CAtlTransactionManager@ATL@@QEAAJPEAUHKEY__@@PEB_WKKPEAPEAU3@@Z 000000018000ac4c f i CashChanger.obj
 0001:00009d04       ?RegisterBuffer@CRegParser@ATL@@QEAAJPEA_WH@Z 000000018000ad04 f i CashChanger.obj
 0001:00009e6c       ?RegisterFromResource@CRegObject@ATL@@IEAAJPEB_W00H@Z 000000018000ae6c f i CashChanger.obj
 0001:0000a028       ?RegisterServer@CComModule@ATL@@QEAAJHPEBU_GUID@@@Z 000000018000b028 f i CashChanger.obj
 0001:0000a0e8       ?RegisterSubkeys@CRegParser@ATL@@IEAAJPEA_WPEAUHKEY__@@HH@Z 000000018000b0e8 f i CashChanger.obj
 0001:0000a7d8       ?SendOnDataChange@CComControlBase@ATL@@QEAAJK@Z 000000018000b7d8 f i CashChanger.obj
 0001:0000a848       ?SetControlFocus@CComControlBase@ATL@@QEAAHH@Z 000000018000b848 f i CashChanger.obj
 0001:0000a924       ?SkipAssignment@CRegParser@ATL@@IEAAJPEA_W@Z 000000018000b924 f i CashChanger.obj
 0001:0000a9c8       ?Term@CComModule@ATL@@QEAAXXZ 000000018000b9c8 f i CashChanger.obj
 0001:0000aa74       ?UnregisterServer@CComModule@ATL@@QEAAJHPEBU_GUID@@@Z 000000018000ba74 f i CashChanger.obj
 0001:0000ab24       ?UpdateRegistryFromResource@CAtlModule@ATL@@QEAAJIHPEAU_ATL_REGMAP_ENTRY@2@@Z 000000018000bb24 f i CashChanger.obj
 0001:0000ae5c       ?UpdateRegistryFromResource@CAtlModule@ATL@@QEAAJPEB_WHPEAU_ATL_REGMAP_ENTRY@2@@Z 000000018000be5c f i CashChanger.obj
 0001:0000b1b4       ?VTFromRegType@CRegParser@ATL@@KAHPEB_WAEAG@Z 000000018000c1b4 f i CashChanger.obj
 0001:0000b250       ?WindowProc@?$CWindowImplBaseT@VCWindow@ATL@@V?$CWinTraits@$0FGAAAAAA@$0A@@2@@ATL@@SA_JPEAUHWND__@@I_K_J@Z 000000018000c250 f i CashChanger.obj
 0001:0000b3bc       ?WriteToStream@CComBSTR@ATL@@QEAAJPEAUIStream@@@Z 000000018000c3bc f i CashChanger.obj
 0001:0000b43c       ?WriteToStream@CComVariant@ATL@@QEAAJPEAUIStream@@@Z 000000018000c43c f i CashChanger.obj
 0001:0000b650       ?WriteToStream@CComVariant@ATL@@QEAAJPEAUIStream@@G@Z 000000018000c650 f i CashChanger.obj
 0001:0000b6e8       ?_AtlVerifyStackAvailable@_ATL_SAFE_ALLOCA_IMPL@ATL@@YA_N_K@Z 000000018000c6e8 f i CashChanger.obj
 0001:0000b76c       DllCanUnloadNow            000000018000c76c f   CashChanger.obj
 0001:0000b778       DllGetClassObject          000000018000c778 f   CashChanger.obj
 0001:0000b790       DllMain                    000000018000c790 f   CashChanger.obj
 0001:0000b838       DllRegisterServer          000000018000c838 f   CashChanger.obj
 0001:0000b84c       DllUnregisterServer        000000018000c84c f   CashChanger.obj
 0001:0000b860       __local_stdio_printf_options 000000018000c860 f i CashChanger.obj
 0001:0000b8f0       swprintf_s                 000000018000c8f0 f i CashChanger.obj
 0001:0000b944       ??0COPOSCashChanger@@QEAA@XZ 000000018000c944 f   CashChangerImpl.obj
 0001:0000ba08       ??1?$IConnectionPointImpl@VCOPOSCashChanger@@$1?IID_IPropertyNotifySink@@3U_GUID@@BVCComDynamicUnkArray@ATL@@@ATL@@QEAA@XZ 000000018000ca08 f i CashChangerImpl.obj
 0001:0000ba08       ??1?$IConnectionPointImpl@VCOPOSCashChanger@@$1?DIID__IOPOSCashChangerEvents@@3U_GUID@@BVCComDynamicUnkArray@ATL@@@ATL@@QEAA@XZ 000000018000ca08 f i CashChangerImpl.obj
 0001:0000ba64       ??1CComControlBase@ATL@@UEAA@XZ 000000018000ca64 f i CashChangerImpl.obj
 0001:0000bae0       ??1COPOSCashChanger@@UEAA@XZ 000000018000cae0 f   CashChangerImpl.obj
 0001:0000bb44       ?AdjustCashCounts@COPOSCashChanger@@UEAAJPEA_WPEAJ@Z 000000018000cb44 f   CashChangerImpl.obj
 0001:0000bbcc       ?BeginDeposit@COPOSCashChanger@@UEAAJPEAJ@Z 000000018000cbcc f   CashChangerImpl.obj
 0001:0000bbf4       ?CheckHealth@COPOSCashChanger@@UEAAJJPEAJ@Z 000000018000cbf4 f   CashChangerImpl.obj
 0001:0000bc70       ?ClaimDevice@COPOSCashChanger@@UEAAJJPEAJ@Z 000000018000cc70 f   CashChangerImpl.obj
 0001:0000bd10       ?ClearInput@COPOSCashChanger@@UEAAJPEAJ@Z 000000018000cd10 f   CashChangerImpl.obj
 0001:0000bd38       ?Close@COPOSCashChanger@@UEAAJPEAJ@Z 000000018000cd38 f   CashChangerImpl.obj
 0001:0000bdf0       ?CompareFirmwareVersion@COPOSCashChanger@@UEAAJPEA_WPEAJ1@Z 000000018000cdf0 f   CashChangerImpl.obj
 0001:0000becc       ?DirectIO@COPOSCashChanger@@UEAAJJPEAJPEAPEA_W0@Z 000000018000cecc f   CashChangerImpl.obj
 0001:0000bfc8       ?DispenseCash@COPOSCashChanger@@UEAAJPEA_WPEAJ@Z 000000018000cfc8 f   CashChangerImpl.obj
 0001:0000c050       ?DispenseChange@COPOSCashChanger@@UEAAJJPEAJ@Z 000000018000d050 f   CashChangerImpl.obj
 0001:0000c0cc       ?DoInvoke@COPOSCashChanger@@IEAAJJPEAVOposVariant@@IHPEAJ_N@Z 000000018000d0cc f   CashChangerImpl.obj
 0001:0000c200       ?EndDeposit@COPOSCashChanger@@UEAAJJPEAJ@Z 000000018000d200 f   CashChangerImpl.obj
 0001:0000c27c       ?EventInit@COPOSCashChanger@@IEAAJXZ 000000018000d27c f i CashChangerImpl.obj
 0001:0000c3c4       ?EventUninit@COPOSCashChanger@@IEAAXXZ 000000018000d3c4 f i CashChangerImpl.obj
 0001:0000c428       ?EventWindowProc@COPOSCashChanger@@IEAA_JI_K_J@Z 000000018000d428 f i CashChangerImpl.obj
 0001:0000c55c       ?FinalConstruct@COPOSCashChanger@@QEAAJXZ 000000018000d55c f   CashChangerImpl.obj
 0001:0000c598       ?FixDeposit@COPOSCashChanger@@UEAAJPEAJ@Z 000000018000d598 f   CashChangerImpl.obj
 0001:0000c5c0       ?FreezeEvents@COPOSCashChanger@@MEAAJH@Z 000000018000d5c0 f   CashChangerImpl.obj
 0001:0000c634       ?GetOposProp@COPOSCashChanger@@IEAAJJPEAJJ@Z 000000018000d634 f   CashChangerImpl.obj
 0001:0000c750       ?GetOposProp@COPOSCashChanger@@IEAAJJPEAPEA_WJ@Z 000000018000d750 f   CashChangerImpl.obj
 0001:0000c87c       ?OnDraw@COPOSCashChanger@@MEAAJAEAUATL_DRAWINFO@@@Z 000000018000d87c f   CashChangerImpl.obj
 0001:0000c968       ?Open@COPOSCashChanger@@UEAAJPEA_WPEAJ@Z 000000018000d968 f   CashChangerImpl.obj
 0001:0000d1f4       ?PauseDeposit@COPOSCashChanger@@UEAAJJPEAJ@Z 000000018000e1f4 f   CashChangerImpl.obj
 0001:0000d270       ?ReadCashCounts@COPOSCashChanger@@UEAAJPEAPEA_WPEAFPEAJ@Z 000000018000e270 f   CashChangerImpl.obj
 0001:0000d34c       ?ReleaseDevice@COPOSCashChanger@@UEAAJPEAJ@Z 000000018000e34c f   CashChangerImpl.obj
 0001:0000d3b8       ?ResetStatistics@COPOSCashChanger@@UEAAJPEA_WPEAJ@Z 000000018000e3b8 f   CashChangerImpl.obj
 0001:0000d440       ?RetrieveStatistics@COPOSCashChanger@@UEAAJPEAPEA_WPEAJ@Z 000000018000e440 f   CashChangerImpl.obj
 0001:0000d4c8       ?SOProcessID@COPOSCashChanger@@UEAAJPEAJ@Z 000000018000e4c8 f   CashChangerImpl.obj
 0001:0000d4e4       ?SetCOFreezeEvents@COPOSCashChanger@@IEAAXF@Z 000000018000e4e4 f   CashChangerImpl.obj
 0001:0000d5c8       ?SetOposProp@COPOSCashChanger@@IEAAJJJJ@Z 000000018000e5c8 f   CashChangerImpl.obj
 0001:0000d728       ?SetOposProp@COPOSCashChanger@@IEAAJJPEA_WJ@Z 000000018000e728 f   CashChangerImpl.obj
 0001:0000d880       ?UpdateFirmware@COPOSCashChanger@@UEAAJPEA_WPEAJ@Z 000000018000e880 f   CashChangerImpl.obj
 0001:0000d908       ?UpdateStatistics@COPOSCashChanger@@UEAAJPEA_WPEAJ@Z 000000018000e908 f   CashChangerImpl.obj
 0001:0000d990       ?get_AsyncMode@COPOSCashChanger@@UEAAJPEAF@Z 000000018000e990 f   CashChangerImpl.obj
 0001:0000d9c4       ?get_AsyncResultCode@COPOSCashChanger@@UEAAJPEAJ@Z 000000018000e9c4 f   CashChangerImpl.obj
 0001:0000d9d8       ?get_AsyncResultCodeExtended@COPOSCashChanger@@UEAAJPEAJ@Z 000000018000e9d8 f   CashChangerImpl.obj
 0001:0000d9ec       ?get_BinaryConversion@COPOSCashChanger@@UEAAJPEAJ@Z 000000018000e9ec f   CashChangerImpl.obj
 0001:0000da00       ?get_CapCompareFirmwareVersion@COPOSCashChanger@@UEAAJPEAF@Z 000000018000ea00 f   CashChangerImpl.obj
 0001:0000da34       ?get_CapDeposit@COPOSCashChanger@@UEAAJPEAF@Z 000000018000ea34 f   CashChangerImpl.obj
 0001:0000da68       ?get_CapDepositDataEvent@COPOSCashChanger@@UEAAJPEAF@Z 000000018000ea68 f   CashChangerImpl.obj
 0001:0000da9c       ?get_CapDiscrepancy@COPOSCashChanger@@UEAAJPEAF@Z 000000018000ea9c f   CashChangerImpl.obj
 0001:0000dad0       ?get_CapEmptySensor@COPOSCashChanger@@UEAAJPEAF@Z 000000018000ead0 f   CashChangerImpl.obj
 0001:0000db04       ?get_CapFullSensor@COPOSCashChanger@@UEAAJPEAF@Z 000000018000eb04 f   CashChangerImpl.obj
 0001:0000db38       ?get_CapJamSensor@COPOSCashChanger@@UEAAJPEAF@Z 000000018000eb38 f   CashChangerImpl.obj
 0001:0000db6c       ?get_CapNearEmptySensor@COPOSCashChanger@@UEAAJPEAF@Z 000000018000eb6c f   CashChangerImpl.obj
 0001:0000dba0       ?get_CapNearFullSensor@COPOSCashChanger@@UEAAJPEAF@Z 000000018000eba0 f   CashChangerImpl.obj
 0001:0000dbd4       ?get_CapPauseDeposit@COPOSCashChanger@@UEAAJPEAF@Z 000000018000ebd4 f   CashChangerImpl.obj
 0001:0000dc08       ?get_CapPowerReporting@COPOSCashChanger@@UEAAJPEAJ@Z 000000018000ec08 f   CashChangerImpl.obj
 0001:0000dc1c       ?get_CapRealTimeData@COPOSCashChanger@@UEAAJPEAF@Z 000000018000ec1c f   CashChangerImpl.obj
 0001:0000dc50       ?get_CapRepayDeposit@COPOSCashChanger@@UEAAJPEAF@Z 000000018000ec50 f   CashChangerImpl.obj
 0001:0000dc84       ?get_CapStatisticsReporting@COPOSCashChanger@@UEAAJPEAF@Z 000000018000ec84 f   CashChangerImpl.obj
 0001:0000dcb8       ?get_CapUpdateFirmware@COPOSCashChanger@@UEAAJPEAF@Z 000000018000ecb8 f   CashChangerImpl.obj
 0001:0000dcec       ?get_CapUpdateStatistics@COPOSCashChanger@@UEAAJPEAF@Z 000000018000ecec f   CashChangerImpl.obj
 0001:0000dd20       ?get_CheckHealthText@COPOSCashChanger@@UEAAJPEAPEA_W@Z 000000018000ed20 f   CashChangerImpl.obj
 0001:0000dd34       ?get_Claimed@COPOSCashChanger@@UEAAJPEAF@Z 000000018000ed34 f   CashChangerImpl.obj
 0001:0000dd68       ?get_ControlObjectDescription@COPOSCashChanger@@UEAAJPEAPEA_W@Z 000000018000ed68 f   CashChangerImpl.obj
 0001:0000ddcc       ?get_ControlObjectVersion@COPOSCashChanger@@UEAAJPEAJ@Z 000000018000edcc f   CashChangerImpl.obj
 0001:0000ddd8       ?get_CurrencyCashList@COPOSCashChanger@@UEAAJPEAPEA_W@Z 000000018000edd8 f   CashChangerImpl.obj
 0001:0000ddec       ?get_CurrencyCode@COPOSCashChanger@@UEAAJPEAPEA_W@Z 000000018000edec f   CashChangerImpl.obj
 0001:0000de00       ?get_CurrencyCodeList@COPOSCashChanger@@UEAAJPEAPEA_W@Z 000000018000ee00 f   CashChangerImpl.obj
 0001:0000de14       ?get_CurrentExit@COPOSCashChanger@@UEAAJPEAJ@Z 000000018000ee14 f   CashChangerImpl.obj
 0001:0000de28       ?get_CurrentService@COPOSCashChanger@@UEAAJPEAJ@Z 000000018000ee28 f   CashChangerImpl.obj
 0001:0000de3c       ?get_DataCount@COPOSCashChanger@@UEAAJPEAJ@Z 000000018000ee3c f   CashChangerImpl.obj
 0001:0000de50       ?get_DataEventEnabled@COPOSCashChanger@@UEAAJPEAF@Z 000000018000ee50 f   CashChangerImpl.obj
 0001:0000de84       ?get_DepositAmount@COPOSCashChanger@@UEAAJPEAJ@Z 000000018000ee84 f   CashChangerImpl.obj
 0001:0000de98       ?get_DepositCashList@COPOSCashChanger@@UEAAJPEAPEA_W@Z 000000018000ee98 f   CashChangerImpl.obj
 0001:0000deac       ?get_DepositCodeList@COPOSCashChanger@@UEAAJPEAPEA_W@Z 000000018000eeac f   CashChangerImpl.obj
 0001:0000dec0       ?get_DepositCounts@COPOSCashChanger@@UEAAJPEAPEA_W@Z 000000018000eec0 f   CashChangerImpl.obj
 0001:0000ded4       ?get_DepositStatus@COPOSCashChanger@@UEAAJPEAJ@Z 000000018000eed4 f   CashChangerImpl.obj
 0001:0000dee8       ?get_DeviceDescription@COPOSCashChanger@@UEAAJPEAPEA_W@Z 000000018000eee8 f   CashChangerImpl.obj
 0001:0000defc       ?get_DeviceEnabled@COPOSCashChanger@@UEAAJPEAF@Z 000000018000eefc f   CashChangerImpl.obj
 0001:0000df30       ?get_DeviceExits@COPOSCashChanger@@UEAAJPEAJ@Z 000000018000ef30 f   CashChangerImpl.obj
 0001:0000df44       ?get_DeviceName@COPOSCashChanger@@UEAAJPEAPEA_W@Z 000000018000ef44 f   CashChangerImpl.obj
 0001:0000df58       ?get_DeviceStatus@COPOSCashChanger@@UEAAJPEAJ@Z 000000018000ef58 f   CashChangerImpl.obj
 0001:0000df6c       ?get_ExitCashList@COPOSCashChanger@@UEAAJPEAPEA_W@Z 000000018000ef6c f   CashChangerImpl.obj
 0001:0000df80       ?get_FreezeEvents@COPOSCashChanger@@UEAAJPEAF@Z 000000018000ef80 f   CashChangerImpl.obj
 0001:0000dfb0       ?get_FullStatus@COPOSCashChanger@@UEAAJPEAJ@Z 000000018000efb0 f   CashChangerImpl.obj
 0001:0000dfc4       ?get_OpenResult@COPOSCashChanger@@UEAAJPEAJ@Z 000000018000efc4 f   CashChangerImpl.obj
 0001:0000dfd0       ?get_PowerNotify@COPOSCashChanger@@UEAAJPEAJ@Z 000000018000efd0 f   CashChangerImpl.obj
 0001:0000dfe4       ?get_PowerState@COPOSCashChanger@@UEAAJPEAJ@Z 000000018000efe4 f   CashChangerImpl.obj
 0001:0000dff8       ?get_RealTimeDataEnabled@COPOSCashChanger@@UEAAJPEAF@Z 000000018000eff8 f   CashChangerImpl.obj
 0001:0000e02c       ?get_ResultCode@COPOSCashChanger@@UEAAJPEAJ@Z 000000018000f02c f   CashChangerImpl.obj
 0001:0000e068       ?get_ResultCodeExtended@COPOSCashChanger@@UEAAJPEAJ@Z 000000018000f068 f   CashChangerImpl.obj
 0001:0000e07c       ?get_ServiceCount@COPOSCashChanger@@UEAAJPEAJ@Z 000000018000f07c f   CashChangerImpl.obj
 0001:0000e090       ?get_ServiceIndex@COPOSCashChanger@@UEAAJPEAJ@Z 000000018000f090 f   CashChangerImpl.obj
 0001:0000e0a4       ?get_ServiceObjectDescription@COPOSCashChanger@@UEAAJPEAPEA_W@Z 000000018000f0a4 f   CashChangerImpl.obj
 0001:0000e0b8       ?get_ServiceObjectVersion@COPOSCashChanger@@UEAAJPEAJ@Z 000000018000f0b8 f   CashChangerImpl.obj
 0001:0000e0cc       ?get_State@COPOSCashChanger@@UEAAJPEAJ@Z 000000018000f0cc f   CashChangerImpl.obj
 0001:0000e0f8       ?put_AsyncMode@COPOSCashChanger@@UEAAJF@Z 000000018000f0f8 f   CashChangerImpl.obj
 0001:0000e114       ?put_BinaryConversion@COPOSCashChanger@@UEAAJJ@Z 000000018000f114 f   CashChangerImpl.obj
 0001:0000e128       ?put_CurrencyCode@COPOSCashChanger@@UEAAJPEA_W@Z 000000018000f128 f   CashChangerImpl.obj
 0001:0000e13c       ?put_CurrentExit@COPOSCashChanger@@UEAAJJ@Z 000000018000f13c f   CashChangerImpl.obj
 0001:0000e150       ?put_CurrentService@COPOSCashChanger@@UEAAJJ@Z 000000018000f150 f   CashChangerImpl.obj
 0001:0000e164       ?put_DataEventEnabled@COPOSCashChanger@@UEAAJF@Z 000000018000f164 f   CashChangerImpl.obj
 0001:0000e17c       ?put_DeviceEnabled@COPOSCashChanger@@UEAAJF@Z 000000018000f17c f   CashChangerImpl.obj
 0001:0000e194       ?put_FreezeEvents@COPOSCashChanger@@UEAAJF@Z 000000018000f194 f   CashChangerImpl.obj
 0001:0000e1e4       ?put_PowerNotify@COPOSCashChanger@@UEAAJJ@Z 000000018000f1e4 f   CashChangerImpl.obj
 0001:0000e1f8       ?put_RealTimeDataEnabled@COPOSCashChanger@@UEAAJF@Z 000000018000f1f8 f   CashChangerImpl.obj
 0001:0000e214       ?s_EventWindowProc@COPOSCashChanger@@KA_JPEAUHWND__@@I_K_J@Z 000000018000f214 f i CashChangerImpl.obj
 0001:0000e290       ??_U@YAPEAX_K@Z            000000018000f290 f   LIBCMT:new_array.obj
 0001:0000e298       ??_V@YAXPEAX@Z             000000018000f298 f   LIBCMT:delete_array.obj
 0001:0000e298       ??3@YAXPEAX_K@Z            000000018000f298 f   LIBCMT:delete_scalar_size.obj
 0001:0000e2a0       ??_V@YAXPEAX_K@Z           000000018000f2a0 f   LIBCMT:delete_array_size.obj
 0001:0000e2a8       __scrt_acquire_startup_lock 000000018000f2a8 f   LIBCMT:utility.obj
 0001:0000e2e4       __scrt_dllmain_after_initialize_c 000000018000f2e4 f   LIBCMT:utility.obj
 0001:0000e318       __scrt_dllmain_before_initialize_c 000000018000f318 f   LIBCMT:utility.obj
 0001:0000e330       __scrt_dllmain_crt_thread_attach 000000018000f330 f   LIBCMT:utility.obj
 0001:0000e358       __scrt_dllmain_crt_thread_detach 000000018000f358 f   LIBCMT:utility.obj
 0001:0000e370       __scrt_dllmain_exception_filter 000000018000f370 f   LIBCMT:utility.obj
 0001:0000e3d0       __scrt_dllmain_uninitialize_c 000000018000f3d0 f   LIBCMT:utility.obj
 0001:0000e400       __scrt_dllmain_uninitialize_critical 000000018000f400 f   LIBCMT:utility.obj
 0001:0000e414       __scrt_initialize_crt      000000018000f414 f   LIBCMT:utility.obj
 0001:0000e460       __scrt_initialize_onexit_tables 000000018000f460 f   LIBCMT:utility.obj
 0001:0000e538       __scrt_is_nonwritable_in_current_image 000000018000f538 f   LIBCMT:utility.obj
 0001:0000e5d4       __scrt_release_startup_lock 000000018000f5d4 f   LIBCMT:utility.obj
 0001:0000e5f8       __scrt_uninitialize_crt    000000018000f5f8 f   LIBCMT:utility.obj
 0001:0000e624       _onexit                    000000018000f624 f   LIBCMT:utility.obj
 0001:0000e674       atexit                     000000018000f674 f   LIBCMT:utility.obj
 0001:0000e68c       ??3@YAXPEAX@Z              000000018000f68c f   LIBCMT:delete_scalar.obj
 0001:0000e81c       _Init_thread_footer        000000018000f81c f   LIBCMT:thread_safe_statics.obj
 0001:0000e87c       _Init_thread_header        000000018000f87c f   LIBCMT:thread_safe_statics.obj
 0001:0000e8e4       _Init_thread_notify        000000018000f8e4 f   LIBCMT:thread_safe_statics.obj
 0001:0000e934       _Init_thread_wait          000000018000f934 f   LIBCMT:thread_safe_statics.obj
 0001:0000e9ac       __raise_securityfailure    000000018000f9ac f   LIBCMT:gs_report.obj
 0001:0000e9e0       __report_gsfailure         000000018000f9e0 f   LIBCMT:gs_report.obj
 0001:0000eab4       __report_rangecheckfailure 000000018000fab4 f   LIBCMT:gs_report.obj
 0001:0000eac8       __report_securityfailure   000000018000fac8 f   LIBCMT:gs_report.obj
 0001:0000ec48       ??2@YAPEAX_KAEBUnothrow_t@std@@@Z 000000018000fc48 f   LIBCMT:new_scalar_nothrow.obj
 0001:0000ec68       ??_U@YAPEAX_KAEBUnothrow_t@std@@@Z 000000018000fc68 f   LIBCMT:new_array_nothrow.obj
 0001:0000ec70       __GSHandlerCheck           000000018000fc70 f   LIBCMT:_gshandler_.obj
 0001:0000ec90       __GSHandlerCheckCommon     000000018000fc90 f   LIBCMT:_gshandler_.obj
 0001:0000ecec       __GSHandlerCheck_SEH       000000018000fcec f   LIBCMT:_gshandlerseh_.obj
 0001:0000ed90       __chkstk                   000000018000fd90 f   LIBCMT:_chkstk_.obj
 0001:0000ed90       _alloca_probe              000000018000fd90 f   LIBCMT:_chkstk_.obj
 0001:0000ee00       __security_check_cookie    000000018000fe00 f   LIBCMT:_amdsecgs_.obj
 0001:0000f154       _DllMainCRTStartup         0000000180010154 f   LIBCMT:dll_dllmain.obj
 0001:0000f194       ??2@YAPEAX_K@Z             0000000180010194 f   LIBCMT:new_scalar.obj
 0001:0000f1d0       __isa_available_init       00000001800101d0 f   LIBCMT:_cpu_disp_.obj
 0001:0000f38c       _get_startup_argv_mode     000000018001038c f   LIBCMT:argv_mode.obj
 0001:0000f394       __scrt_is_ucrt_dll_in_use  0000000180010394 f   LIBCMT:ucrt_detection.obj
 0001:0000f3a0       __crt_debugger_hook        00000001800103a0 f   LIBCMT:utility_desktop.obj
 0001:0000f3a8       __scrt_fastfail            00000001800103a8 f   LIBCMT:utility_desktop.obj
 0001:0000f4f4       _guard_check_icall_nop     00000001800104f4 f i LIBCMT:guard_support.obj
 0001:0000f4f8       __security_init_cookie     00000001800104f8 f   LIBCMT:gs_support.obj
 0001:0000f5a4       ?__scrt_initialize_type_info@@YAXXZ 00000001800105a4 f   LIBCMT:tncleanup.obj
 0001:0000f5b4       ?__scrt_uninitialize_type_info@@YAXXZ 00000001800105b4 f   LIBCMT:tncleanup.obj
 0001:0000f5c0       __local_stdio_scanf_options 00000001800105c0 f i LIBCMT:default_local_stdio_options.obj
 0001:0000f5c8       __scrt_initialize_default_local_stdio_options 00000001800105c8 f   LIBCMT:default_local_stdio_options.obj
 0001:0000f5e4       __scrt_get_dyn_tls_init_callback 00000001800105e4 f   LIBCMT:dyn_tls_init.obj
 0001:0000f5ec       _RTC_Initialize            00000001800105ec f   LIBCMT:_initsect_.obj
 0001:0000f628       _RTC_Terminate             0000000180010628 f   LIBCMT:_initsect_.obj
 0001:0000f664       ??0bad_alloc@std@@QEAA@AEBV01@@Z 0000000180010664 f i LIBCMT:throw_bad_alloc.obj
 0001:0000f6a4       ??0bad_alloc@std@@QEAA@XZ  00000001800106a4 f i LIBCMT:throw_bad_alloc.obj
 0001:0000f6c4       ??0bad_array_new_length@std@@QEAA@AEBV01@@Z 00000001800106c4 f i LIBCMT:throw_bad_alloc.obj
 0001:0000f704       ??0bad_array_new_length@std@@QEAA@XZ 0000000180010704 f i LIBCMT:throw_bad_alloc.obj
 0001:0000f724       ??0exception@std@@QEAA@AEBV01@@Z 0000000180010724 f i LIBCMT:throw_bad_alloc.obj
 0001:0000f75c       ??1bad_exception@std@@UEAA@XZ 000000018001075c f i libvcruntime:frame.obj
 0001:0000f75c       ??1bad_alloc@std@@UEAA@XZ  000000018001075c f i LIBCMT:throw_bad_alloc.obj
 0001:0000f75c       ??1bad_array_new_length@std@@UEAA@XZ 000000018001075c f i LIBCMT:throw_bad_alloc.obj
[...]
 0004:0000183c       $pdata$__acrt_SetThreadStackGuarantee 000000018003483c     libucrt:winapi_thunks.obj
 0004:00001848       $pdata$?try_get_function@@YAPEAXW4function_id@?A0x391cf84c@@QEBDQEBW4module_id@2@2@Z 0000000180034848     libucrt:winapi_thunks.obj
 0004:00001854       $pdata$isdigit             0000000180034854     libucrt:_ctype.obj
 0004:00001860       $pdata$tolower             0000000180034860     libucrt:tolower_toupper.obj
 0004:0000186c       $pdata$_tolower_l          000000018003486c     libucrt:tolower_toupper.obj
 0004:00001878       $pdata$?internal_isupper_l@@YA_NHQEAU__crt_locale_pointers@@@Z 0000000180034878     libucrt:tolower_toupper.obj
 0004:00001884       $pdata$wcstol              0000000180034884     libucrt:strtox.obj
 0004:00001890       $pdata$_mbtowc_l           0000000180034890     libucrt:mbtowc.obj
 0004:0000189c       $pdata$wcsnlen             000000018003489c     libucrt:strnlen.obj
 0004:000018a8       $pdata$__acrt_update_locale_info 00000001800348a8     libucrt:locale_update.obj
 0004:000018b4       $pdata$__acrt_update_multibyte_info 00000001800348b4     libucrt:locale_update.obj
 0004:000018c0       $pdata$__acrt_fp_format    00000001800348c0     libucrt:cvt.obj
 0004:000018cc       $pdata$?fp_format_nan_or_infinity@@YAHW4__acrt_fp_class@@_NPEAD_K1@Z 00000001800348cc     libucrt:cvt.obj
 0004:000018d8       $pdata$?fp_format_e_internal@@YAHQEAD_KH_NIQEAU_strflt@@2QEAU__crt_locale_pointers@@@Z 00000001800348d8     libucrt:cvt.obj
 0004:000018e4       $pdata$?fp_format_e@@YAHQEBNQEAD_K12H_NIQEAU__crt_locale_pointers@@@Z 00000001800348e4     libucrt:cvt.obj
 0004:000018f0       $pdata$?fp_format_a@@YAHQEBNPEAD_KQEAD2H_NIQEAU__crt_locale_pointers@@@Z 00000001800348f0     libucrt:cvt.obj
 0004:000018fc       $pdata$?fp_format_f_internal@@YAHQEAD_KHQEAU_strflt@@_NQEAU__crt_locale_pointers@@@Z 00000001800348fc     libucrt:cvt.obj
 0004:00001908       $pdata$?fp_format_g@@YAHQEBNQEAD_K12H_NIQEAU__crt_locale_pointers@@@Z 0000000180034908     libucrt:cvt.obj
 0004:00001914       $pdata$_fileno             0000000180034914     libucrt:fileno.obj
 0004:00001920       $pdata$__acrt_initialize_stdio 0000000180034920     libucrt:_file.obj
 0004:0000192c       $pdata$__acrt_uninitialize_stdio 000000018003492c     libucrt:_file.obj
 0004:00001938       $pdata$__acrt_uninitialize_locale 0000000180034938     libucrt:wsetlocale.obj
 0004:00001944       $pdata$??$?RV<lambda_410d79af7f07d98d83a3f525b3859a53>@@AEAV<lambda_3e16ef9562a7dcce91392c22ab16ea36>@@V<lambda_38119f0e861e05405d8a144b9b982f0a>@@@?$__crt_seh_guarded_call@X@@QEAAX$$QEAV<lambda_410d79af7f07d98d83a3f525b3859a53>@@AEAV<lambda_3e16ef9562a7dcce91392c22ab16ea36>@@$$QEAV<lambda_38119f0e861e05405d8a144b9b982f0a>@@@Z 0000000180034944     libucrt:wsetlocale.obj
 0004:00001950       $pdata$?fin$0@?0???$?RV<lambda_410d79af7f07d98d83a3f525b3859a53>@@AEAV<lambda_3e16ef9562a7dcce91392c22ab16ea36>@@V<lambda_38119f0e861e05405d8a144b9b982f0a>@@@?$__crt_seh_guarded_call@X@@QEAAX$$QEAV<lambda_410d79af7f07d98d83a3f525b3859a53>@@AEAV<lambda_3e16ef9562a7dcce91392c22ab16ea36>@@$$QEAV<lambda_38119f0e861e05405d8a144b9b982f0a>@@@Z@4HA 0000000180034950     libucrt:wsetlocale.obj
 0004:0000195c       $pdata$__acrt_initialize_lowio 000000018003495c     libucrt:ioinit.obj
 0004:00001968       $pdata$__acrt_initialize_lowio$fin$0 0000000180034968     libucrt:ioinit.obj
 0004:00001968       $pdata$__acrt_lowio_ensure_fh_exists$fin$0 0000000180034968     libucrt:osfinfo.obj
 0004:00001974       $pdata$__acrt_uninitialize_lowio 0000000180034974     libucrt:ioinit.obj
 0004:00001980       $pdata$?initialize_inherited_file_handles_nolock@@YAXXZ 0000000180034980     libucrt:ioinit.obj
 0004:0000198c       $pdata$?initialize_stdio_handles_nolock@@YAXXZ 000000018003498c     libucrt:ioinit.obj
 0004:00001998       $pdata$__acrt_initialize_locks 0000000180034998     libucrt:locks.obj
 0004:000019a4       $pdata$__acrt_uninitialize_locks 00000001800349a4     libucrt:locks.obj
 0004:000019b0       $pdata$__acrt_get_process_end_policy 00000001800349b0     libucrt:win_policies.obj
 0004:000019bc       $pdata$??$common_expand_argv_wildcards@D@@YAHQEAPEADQEAPEAPEAD@Z 00000001800349bc     libucrt:argv_wildcards.obj
 0004:000019c8       $pdata$??$copy_and_add_argument_to_buffer@D@@YAHQEBD0_KAEAV?$argument_list@D@?A0x5f5c8891@@@Z 00000001800349c8     libucrt:argv_wildcards.obj
 0004:000019d4       $pdata$??$expand_argument_wildcards@D@@YAHQEAD0AEAV?$argument_list@D@?A0x5f5c8891@@@Z 00000001800349d4     libucrt:argv_wildcards.obj
 0004:000019e0       $pdata$__acrt_update_thread_multibyte_data 00000001800349e0     libucrt:mbctype.obj
 0004:000019ec       $pdata$__acrt_initialize_multibyte 00000001800349ec     libucrt:mbctype.obj
 0004:000019f8       $pdata$_setmbcp_nolock     00000001800349f8     libucrt:mbctype.obj
 0004:00001a04       $pdata$?getSystemCP@@YAHH@Z 0000000180034a04     libucrt:mbctype.obj
 0004:00001a10       $pdata$?setSBCS@@YAXPEAU__crt_multibyte_data@@@Z 0000000180034a10     libucrt:mbctype.obj
 0004:00001a1c       $pdata$?setSBUpLow@@YAXPEAU__crt_multibyte_data@@@Z 0000000180034a1c     libucrt:mbctype.obj
 0004:00001a28       $pdata$?update_thread_multibyte_data_internal@@YAPEAU__crt_multibyte_data@@QEAU__acrt_ptd@@QEAU1@@Z 0000000180034a28     libucrt:mbctype.obj
 0004:00001a34       $pdata$?fin$0@?0??update_thread_multibyte_data_internal@@YAPEAU__crt_multibyte_data@@QEAU__acrt_ptd@@QEAU1@@Z@4HA 0000000180034a34     libucrt:mbctype.obj
 0004:00001a40       $pdata$?setmbcp_internal@@YAHH_NQEAU__acrt_ptd@@QEAPEAU__crt_multibyte_data@@@Z 0000000180034a40     libucrt:mbctype.obj
 0004:00001a4c       $pdata$??$?RV<lambda_efdfa57d1f175319df784efa44bb7b81>@@AEAV<lambda_5f0a4c1567f8adc6734073e5d1e1b35c>@@V<lambda_2e8a7d3640ea6ccb4c2413664c2db6fd>@@@?$__crt_seh_guarded_call@X@@QEAAX$$QEAV<lambda_efdfa57d1f175319df784efa44bb7b81>@@AEAV<lambda_5f0a4c1567f8adc6734073e5d1e1b35c>@@$$QEAV<lambda_2e8a7d3640ea6ccb4c2413664c2db6fd>@@@Z 0000000180034a4c     libucrt:mbctype.obj
 0004:00001a58       $pdata$?x_ismbbtype_l@@YAHPEAU__crt_locale_pointers@@IHH@Z 0000000180034a58     libucrt:ismbbyte.obj
 0004:00001a64       $pdata$__acrt_initialize_command_line 0000000180034a64     libucrt:argv_data.obj
 0004:00001a70       $pdata$__dcrt_get_narrow_environment_from_os 0000000180034a70     libucrt:get_environment_from_os.obj
 0004:00001a7c       $pdata$__acrt_initialize_heap 0000000180034a7c     libucrt:heap_handle.obj
 0004:00001a88       $pdata$__acrt_execute_initializers 0000000180034a88     libucrt:shared_initialization.obj
 0004:00001a94       $pdata$__acrt_execute_uninitializers 0000000180034a94     libucrt:shared_initialization.obj
 0004:00001aa0       $pdata$__acrt_get_sigabrt_handler 0000000180034aa0     libucrt:signal.obj
 0004:00001aac       $pdata$raise               0000000180034aac     libucrt:signal.obj
 0004:00001ab8       $pdata$raise$fin$0         0000000180034ab8     libucrt:signal.obj
 0004:00001ac4       $pdata$??$?RV<lambda_450d765d439847d4c735a33c368b5fc0>@@AEAV<lambda_44731a7d0e6d81c3e6aa82d741081786>@@V<lambda_601a2a7da3b7a96e9554ac7215c4b07c>@@@?$__crt_seh_guarded_call@P6AXH@Z@@QEAAP6AXH@Z$$QEAV<lambda_450d765d439847d4c735a33c368b5fc0>@@AEAV<lambda_44731a7d0e6d81c3e6aa82d741081786>@@$$QEAV<lambda_601a2a7da3b7a96e9554ac7215c4b07c>@@@Z 0000000180034ac4     libucrt:signal.obj
 0004:00001ad0       $pdata$__pctype_func       0000000180034ad0     libucrt:ctype.obj
 0004:00001adc       $pdata$iswctype            0000000180034adc     libucrt:iswctype.obj
 0004:00001ae8       $pdata$_isctype_l          0000000180034ae8     libucrt:isctype.obj
 0004:00001af4       $pdata$__acrt_release_locale_ref 0000000180034af4     libucrt:locale_refcounting.obj
 0004:00001b00       $pdata$__acrt_free_locale  0000000180034b00     libucrt:locale_refcounting.obj
 0004:00001b0c       $pdata$__acrt_locale_free_lc_time_if_unreferenced 0000000180034b0c     libucrt:locale_refcounting.obj
 0004:00001b18       $pdata$__acrt_update_thread_locale_data 0000000180034b18     libucrt:locale_refcounting.obj
 0004:00001b24       $pdata$__acrt_update_thread_locale_data$fin$0 0000000180034b24     libucrt:locale_refcounting.obj
 0004:00001b30       $pdata$_updatetlocinfoEx_nolock 0000000180034b30     libucrt:locale_refcounting.obj
 0004:00001b3c       $pdata$__acrt_DownlevelLocaleNameToLCID 0000000180034b3c     libucrt:lcidtoname_downlevel.obj
 0004:00001b48       $pdata$?GetTableIndexFromLocaleName@@YAHPEB_W@Z 0000000180034b48     libucrt:lcidtoname_downlevel.obj
 0004:00001b54       $pdata$_isleadbyte_l       0000000180034b54     libucrt:_wctype.obj
 0004:00001b60       $pdata$__acrt_LCMapStringA 0000000180034b60     libucrt:lcmapstringa.obj
 0004:00001b6c       $pdata$?__acrt_LCMapStringA_stat@@YAHPEAU__crt_locale_pointers@@PEB_WKPEBDHPEADHHH@Z 0000000180034b6c     libucrt:lcmapstringa.obj
 0004:00001b78       $pdata$__acrt_fp_strflt_to_string 0000000180034b78     libucrt:_fptostr.obj
 0004:00001b84       $pdata$memcpy_s            0000000180034b84     libucrt:cfout.obj
 0004:00001b90       $pdata$__acrt_fltout       0000000180034b90     libucrt:cfout.obj
 0004:00001b9c       $pdata$?divide@__crt_strtox@@YA_KAEAUbig_integer@1@AEBU21@@Z 0000000180034b9c     libucrt:cfout.obj
 0004:00001ba8       $pdata$5$?divide@__crt_strtox@@YA_KAEAUbig_integer@1@AEBU21@@Z 0000000180034ba8     libucrt:cfout.obj
 0004:00001bb4       $pdata$6$?divide@__crt_strtox@@YA_KAEAUbig_integer@1@AEBU21@@Z 0000000180034bb4     libucrt:cfout.obj
 0004:00001bc0       $pdata$_fcloseall          0000000180034bc0     libucrt:closeall.obj
 0004:00001bcc       $pdata$_fcloseall$fin$0    0000000180034bcc     libucrt:closeall.obj
 0004:00001bd8       $pdata$_fflush_nolock      0000000180034bd8     libucrt:fflush.obj
 0004:00001be4       $pdata$__acrt_stdio_flush_nolock 0000000180034be4     libucrt:fflush.obj
 0004:00001bf0       $pdata$?common_flush_all@@YAH_N@Z 0000000180034bf0     libucrt:fflush.obj
 0004:00001bfc       $pdata$??$?RV<lambda_842d9ff0dc9ef11c61343bbaebe7f885>@@AEAV<lambda_c5860995281e5c4ce005b3de8f5874ee>@@V<lambda_d90129c13df834fdcbf8d2b88dafcf2d>@@@?$__crt_seh_guarded_call@X@@QEAAX$$QEAV<lambda_842d9ff0dc9ef11c61343bbaebe7f885>@@AEAV<lambda_c5860995281e5c4ce005b3de8f5874ee>@@$$QEAV<lambda_d90129c13df834fdcbf8d2b88dafcf2d>@@@Z 0000000180034bfc     libucrt:fflush.obj
 0004:00001c08       $pdata$?fin$0@?0???$?RV<lambda_842d9ff0dc9ef11c61343bbaebe7f885>@@AEAV<lambda_c5860995281e5c4ce005b3de8f5874ee>@@V<lambda_d90129c13df834fdcbf8d2b88dafcf2d>@@@?$__crt_seh_guarded_call@X@@QEAAX$$QEAV<lambda_842d9ff0dc9ef11c61343bbaebe7f885>@@AEAV<lambda_c5860995281e5c4ce005b3de8f5874ee>@@$$QEAV<lambda_d90129c13df834fdcbf8d2b88dafcf2d>@@@Z@4HA 0000000180034c08     libucrt:fflush.obj
 0004:00001c14       $pdata$??$?RV<lambda_886d6c58226a84441f68b9f2b8217b83>@@AEAV<lambda_ab61a845afdef5b7c387490eaf3616ee>@@V<lambda_f7f22ab5edc0698d5f6905b0d3f44752>@@@?$__crt_seh_guarded_call@X@@QEAAX$$QEAV<lambda_886d6c58226a84441f68b9f2b8217b83>@@AEAV<lambda_ab61a845afdef5b7c387490eaf3616ee>@@$$QEAV<lambda_f7f22ab5edc0698d5f6905b0d3f44752>@@@Z 0000000180034c14     libucrt:fflush.obj
 0004:00001c20       $pdata$?fin$0@?0???$?RV<lambda_886d6c58226a84441f68b9f2b8217b83>@@AEAV<lambda_ab61a845afdef5b7c387490eaf3616ee>@@V<lambda_f7f22ab5edc0698d5f6905b0d3f44752>@@@?$__crt_seh_guarded_call@X@@QEAAX$$QEAV<lambda_886d6c58226a84441f68b9f2b8217b83>@@AEAV<lambda_ab61a845afdef5b7c387490eaf3616ee>@@$$QEAV<lambda_f7f22ab5edc0698d5f6905b0d3f44752>@@@Z@4HA 0000000180034c20     libucrt:fflush.obj
 0004:00001c2c       $pdata$__acrt_stdio_free_buffer_nolock 0000000180034c2c     libucrt:_freebuf.obj
 0004:00001c38       $pdata$_isatty             0000000180034c38     libucrt:isatty.obj
 0004:00001c44       $pdata$__acrt_locale_free_monetary 0000000180034c44     libucrt:initmon.obj
 0004:00001c50       $pdata$__acrt_locale_free_numeric 0000000180034c50     libucrt:initnum.obj
 0004:00001c5c       $pdata$__acrt_locale_free_time 0000000180034c5c     libucrt:inittime.obj
 0004:00001c68       $pdata$?free_crt_array_internal@@YAXQEAPEBX_K@Z 0000000180034c68     libucrt:inittime.obj
 0004:00001c74       $pdata$__acrt_GetStringTypeA 0000000180034c74     libucrt:getstringtypea.obj
 0004:00001c80       $pdata$_get_osfhandle      0000000180034c80     libucrt:osfinfo.obj
 0004:00001c8c       $pdata$_free_osfhnd        0000000180034c8c     libucrt:osfinfo.obj
 0004:00001c98       $pdata$__acrt_lowio_create_handle_array 0000000180034c98     libucrt:osfinfo.obj
 0004:00001ca4       $pdata$__acrt_lowio_destroy_handle_array 0000000180034ca4     libucrt:osfinfo.obj
 0004:00001cb0       $pdata$__acrt_lowio_ensure_fh_exists 0000000180034cb0     libucrt:osfinfo.obj
 0004:00001cbc       $pdata$qsort               0000000180034cbc     libucrt:qsort.obj
 0004:00001cc8       $pdata$4$qsort             0000000180034cc8     libucrt:qsort.obj
 0004:00001cd4       $pdata$5$qsort             0000000180034cd4     libucrt:qsort.obj
 0004:00001ce0       $pdata$?shortsort@@YAXPEAD0_KP6AHPEBX2@Z@Z 0000000180034ce0     libucrt:qsort.obj
 0004:00001cec       $pdata$2$?shortsort@@YAXPEAD0_KP6AHPEBX2@Z@Z 0000000180034cec     libucrt:qsort.obj
 0004:00001cf8       $pdata$3$?shortsort@@YAXPEAD0_KP6AHPEBX2@Z@Z 0000000180034cf8     libucrt:qsort.obj
 0004:00001d04       $pdata$strncpy_s           0000000180034d04     libucrt:strncpy_s.obj
 0004:00001d10       $pdata$strpbrk             0000000180034d10     libucrt:strpbrk.obj
 0004:00001d1c       $pdata$_mbsdec_l           0000000180034d1c     libucrt:mbsdec.obj
 0004:00001d28       $pdata$?initialize_multibyte@@YAHXZ 0000000180034d28     libucrt:multibyte_initializer.obj
 0004:00001d34       $pdata$fegetenv            0000000180034d34     libucrt:fegetenv.obj
 0004:00001d40       $pdata$fesetenv            0000000180034d40     libucrt:fesetenv.obj
 0004:00001d4c       $pdata$feholdexcept        0000000180034d4c     libucrt:feholdexcept.obj
 0004:00001d64       $pdata$_write              0000000180034d64     libucrt:write.obj
 0004:00001d70       $pdata$_write$fin$0        0000000180034d70     libucrt:write.obj
 0004:00001d7c       $pdata$_write_nolock       0000000180034d7c     libucrt:write.obj
 0004:00001d88       $pdata$?write_double_translated_ansi_nolock@@YA?AUwrite_result@?A0x17268360@@HQEBDI@Z 0000000180034d88     libucrt:write.obj
 0004:00001d94       $pdata$?write_text_ansi_nolock@@YA?AUwrite_result@?A0x17268360@@HQEBDI@Z 0000000180034d94     libucrt:write.obj
 0004:00001da0       $pdata$?write_text_utf16le_nolock@@YA?AUwrite_result@?A0x17268360@@HQEBDI@Z 0000000180034da0     libucrt:write.obj
 0004:00001dac       $pdata$?write_text_utf8_nolock@@YA?AUwrite_result@?A0x17268360@@HQEBDI@Z 0000000180034dac     libucrt:write.obj
 0004:00001db8       $pdata$??$common_lseek_nolock@_J@@YA_JH_JH@Z 0000000180034db8     libucrt:lseek.obj
 0004:00001dc4       $pdata$fclose              0000000180034dc4     libucrt:fclose.obj
 0004:00001dd0       $pdata$fclose$fin$0        0000000180034dd0     libucrt:fclose.obj
 0004:00001ddc       $pdata$_fclose_nolock      0000000180034ddc     libucrt:fclose.obj
 0004:00001de8       $pdata$_commit             0000000180034de8     libucrt:commit.obj
 0004:00001df4       $pdata$??$?RV<lambda_a37b2b86f63e897a80ea819b0eb08c01>@@AEAV<lambda_38ce7e780aa69e748d6df282ebc68efe>@@V<lambda_99fb1378e971ab6e7edea83e3a7a83a2>@@@?$__crt_seh_guarded_call@H@@QEAAH$$QEAV<lambda_a37b2b86f63e897a80ea819b0eb08c01>@@AEAV<lambda_38ce7e780aa69e748d6df282ebc68efe>@@$$QEAV<lambda_99fb1378e971ab6e7edea83e3a7a83a2>@@@Z 0000000180034df4     libucrt:commit.obj
 0004:00001e00       $pdata$?fin$0@?0???$?RV<lambda_a37b2b86f63e897a80ea819b0eb08c01>@@AEAV<lambda_38ce7e780aa69e748d6df282ebc68efe>@@V<lambda_99fb1378e971ab6e7edea83e3a7a83a2>@@@?$__crt_seh_guarded_call@H@@QEAAH$$QEAV<lambda_a37b2b86f63e897a80ea819b0eb08c01>@@AEAV<lambda_38ce7e780aa69e748d6df282ebc68efe>@@$$QEAV<lambda_99fb1378e971ab6e7edea83e3a7a83a2>@@@Z@4HA 0000000180034e00     libucrt:commit.obj
 0004:00001e00       $pdata$?fin$0@?0???$?RV<lambda_751a882b2c74d4b022dec766aa51a29a>@@AEAV<lambda_628dfdc04ba53c8bfc02c9951375f3f5>@@V<lambda_f6c7be5f7998530c34de24c7437d6b54>@@@?$__crt_seh_guarded_call@H@@QEAAH$$QEAV<lambda_751a882b2c74d4b022dec766aa51a29a>@@AEAV<lambda_628dfdc04ba53c8bfc02c9951375f3f5>@@$$QEAV<lambda_f6c7be5f7998530c34de24c7437d6b54>@@@Z@4HA 0000000180034e00     libucrt:close.obj
 0004:00001e0c       $pdata$_setfpstatusword    0000000180034e0c     libucrt:_fenvutils.obj
 0004:00001e18       $pdata$_getfpcontrolword   0000000180034e18     libucrt:_fenvutils.obj
 0004:00001e24       $pdata$_getfpstatusword    0000000180034e24     libucrt:_fenvutils.obj
 0004:00001e30       $pdata$_clearfp            0000000180034e30     libucrt:ieee.obj
 0004:00001e3c       $pdata$common_control87    0000000180034e3c     libucrt:ieee.obj
 0004:00001e48       $pdata$_ctrlfp$filt$0      0000000180034e48     libucrt:fpctrl.obj
 0004:00001e48       $pdata$common_control87$filt$0 0000000180034e48     libucrt:ieee.obj
 0004:00001e54       $pdata$_call_matherr       0000000180034e54     libucrt:libm_error.obj
 0004:00001e60       $pdata$_exception_enabled  0000000180034e60     libucrt:libm_error.obj
 0004:00001e6c       $pdata$_handle_error       0000000180034e6c     libucrt:libm_error.obj
 0004:00001e78       $pdata$__acrt_initialize_fma3 0000000180034e78     libucrt:fma3_available.obj
 0004:00001e84       $pdata$_log_special_common 0000000180034e84     libucrt:log_special.obj
 0004:00001e90       $pdata$_log10_special      0000000180034e90     libucrt:log_special.obj
 0004:00001e9c       $pdata$_putwch_nolock      0000000180034e9c     libucrt:putwch.obj
 0004:00001ea8       $pdata$_close              0000000180034ea8     libucrt:close.obj
 0004:00001eb4       $pdata$_close_nolock       0000000180034eb4     libucrt:close.obj
 0004:00001ec0       $pdata$??$?RV<lambda_751a882b2c74d4b022dec766aa51a29a>@@AEAV<lambda_628dfdc04ba53c8bfc02c9951375f3f5>@@V<lambda_f6c7be5f7998530c34de24c7437d6b54>@@@?$__crt_seh_guarded_call@H@@QEAAH$$QEAV<lambda_751a882b2c74d4b022dec766aa51a29a>@@AEAV<lambda_628dfdc04ba53c8bfc02c9951375f3f5>@@$$QEAV<lambda_f6c7be5f7998530c34de24c7437d6b54>@@@Z 0000000180034ec0     libucrt:close.obj
 0004:00001ed8       $pdata$_set_errno_from_matherr 0000000180034ed8     libucrt:fpexcept.obj
 0004:00001ee4       $pdata$_raise_exc          0000000180034ee4     libucrt:fpexcept.obj
 0004:00001ef0       $pdata$_raise_exc_ex       0000000180034ef0     libucrt:fpexcept.obj
 0004:00001efc       $pdata$_clrfp              0000000180034efc     libucrt:fpctrl.obj
 0004:00001f08       $pdata$_ctrlfp             0000000180034f08     libucrt:fpctrl.obj
 0004:00001f14       $pdata$_statfp             0000000180034f14     libucrt:fpctrl.obj
 0004:00001f20       $pdata$_set_statfp         0000000180034f20     libucrt:fpctrl.obj
 0004:00001f2c       $pdata$__dcrt_lowio_initialize_console_output 0000000180034f2c     libucrt:initcon.obj
 0004:00001f38       $pdata$__dcrt_terminate_console_output 0000000180034f38     libucrt:initcon.obj
 0004:00001f44       $pdata$_IsNonwritableInCurrentImage 0000000180034f44     LIBCMT:pesect.obj
 0004:00001f50       $pdata$_IsNonwritableInCurrentImage$filt$0 0000000180034f50     LIBCMT:pesect.obj
 0004:00001f5c       $pdata$strrchr             0000000180034f5c     libvcruntime:strrchr.obj
 0005:00000220       $R000000                   0000000180035220     CashChanger.res
 0005:00000b98       $R000978                   0000000180035b98     CashChanger.res
 0005:00000c80       $R000A60                   0000000180035c80     CashChanger.res
 0005:00000ee8       $R000CC8                   0000000180035ee8     CashChanger.res
 0005:00001418       $R0011F8                   0000000180036418     CashChanger.res
 0005:00004e88       $R004C68                   0000000180039e88     CashChanger.res
 0005:00004ec0       $R004CA0                   0000000180039ec0     CashChanger.res
