 OPOSSmartCardRW

 Timestamp is 61a75805 (Wed Dec  1 20:09:57 2021)

 Preferred load address is 0000000180000000

 Start         Length     Name                   Class
 0001:00000000 000000c0H .text$di                CODE
 0001:000000c0 00023fd0H .text$mn                CODE
 0001:00024090 00000040H .text$mn$00             CODE
 0001:000240d0 00000660H .text$x                 CODE
 0001:00024730 00000078H .text$yd                CODE
 0002:00000000 00000638H .idata$5                DATA
 0002:00000638 00000030H .00cfg                  DATA
 0002:00000668 00000008H .CRT$XCA                DATA
 0002:00000670 00000008H .CRT$XCL                DATA
 0002:00000678 00000020H .CRT$XCU                DATA
 0002:00000698 00000008H .CRT$XCZ                DATA
 0002:000006a0 00000008H .CRT$XIA                DATA
 0002:000006a8 00000020H .CRT$XIC                DATA
 0002:000006c8 00000008H .CRT$XIZ                DATA
 0002:000006d0 00000008H .CRT$XLA                DATA
 0002:000006d8 00000008H .CRT$XLZ                DATA
 0002:000006e0 00000008H .CRT$XPA                DATA
 0002:000006e8 00000010H .CRT$XPX                DATA
 0002:000006f8 00000008H .CRT$XPXA               DATA
 0002:00000700 00000008H .CRT$XPZ                DATA
 0002:00000708 00000008H .CRT$XTA                DATA
 0002:00000710 00000010H .CRT$XTZ                DATA
 0002:00000718 00000000H .gehcont$y              DATA
 0002:00000718 00000000H .gfids$y                DATA
 0002:00000720 0000a560H .rdata                  DATA
 0002:0000ac80 00000000H .rdata$CastGuardVftablesA DATA
 0002:0000ac80 00000000H .rdata$CastGuardVftablesC DATA
 0002:0000ac80 00000028H .rdata$T                DATA
 0002:0000aca8 00000274H .rdata$r                DATA
 0002:0000af1c 00000048H .rdata$voltmd           DATA
 0002:0000af64 00000434H .rdata$zzzdbg           DATA
 0002:0000b398 00000008H .rtc$IAA                DATA
 0002:0000b3a0 00000008H .rtc$IZZ                DATA
 0002:0000b3a8 00000008H .rtc$TAA                DATA
 0002:0000b3b0 00000008H .rtc$TZZ                DATA
 0002:0000b3b8 00000004H .tls                    DATA
 0002:0000b3bc 00000004H .tls$                   DATA
 0002:0000b3c0 00000008H .tls$ZZZ                DATA
 0002:0000b3c8 00001920H .xdata                  DATA
 0002:0000cce8 00000150H .xdata$x                DATA
 0002:0000ce38 00000008H ATL$__a                 DATA
 0002:0000ce40 00000010H ATL$__z                 DATA
 0002:0000ce50 000000acH .edata                  DATA
 0002:0000cefc 00000078H .idata$2                DATA
 0002:0000cf74 00000014H .idata$3                DATA
 0002:0000cf88 00000638H .idata$4                DATA
 0002:0000d5c0 00000c5cH .idata$6                DATA
 0003:00000000 00000db8H .data                   DATA
 0003:00000db8 000000a8H .data$r                 DATA
 0003:00000e60 00000020H .data$rs                DATA
 0003:00000e80 000013ecH .bss                    DATA
 0004:00000000 0000204cH .pdata                  DATA
 0005:00000000 000000f4H _RDATA                  DATA
 0006:00000000 00000220H .rsrc$01                DATA
 0006:00000220 000043f0H .rsrc$02                DATA

  Address         Publics by Value              Rva+Base               Lib:Object

 0000:00000000       ___safe_se_handler_table   0000000000000000     <absolute>
 0000:00000000       __guard_longjmp_table      0000000000000000     <absolute>
 0000:00000000       __x64_code_ranges_to_entry_points 0000000000000000     <absolute>
 0000:00000000       __arm64x_redirection_metadata 0000000000000000     <absolute>
 0000:00000000       __guard_iat_table          0000000000000000     <absolute>
 0000:00000000       __guard_fids_count         0000000000000000     <absolute>
 0000:00000000       __arm64x_extra_rfe_table   0000000000000000     <absolute>
 0000:00000000       __guard_iat_count          0000000000000000     <absolute>
 0000:00000000       __guard_longjmp_count      0000000000000000     <absolute>
 0000:00000000       __dynamic_value_reloc_table 0000000000000000     <absolute>
 0000:00000000       __x64_code_ranges_to_entry_points_count 0000000000000000     <absolute>
 0000:00000000       __hybrid_code_map          0000000000000000     <absolute>
 0000:00000000       __hybrid_auxiliary_iat     0000000000000000     <absolute>
 0000:00000000       __hybrid_auxiliary_iat_copy 0000000000000000     <absolute>
 0000:00000000       __arm64x_extra_rfe_table_size 0000000000000000     <absolute>
 0000:00000000       ___safe_se_handler_count   0000000000000000     <absolute>
 0000:00000000       __AbsoluteZero             0000000000000000     <absolute>
 0000:00000000       __guard_check_icall_a64n_fptr 0000000000000000     <absolute>
 0000:00000000       __guard_eh_cont_count      0000000000000000     <absolute>
 0000:00000000       __guard_fids_table         0000000000000000     <absolute>
 0000:00000000       __arm64x_redirection_metadata_count 0000000000000000     <absolute>
 0000:00000000       __enclave_config           0000000000000000     <absolute>
 0000:00000000       __guard_eh_cont_table      0000000000000000     <absolute>
 0000:00000000       __arm64x_native_entrypoint 0000000000000000     <absolute>
 0000:00000000       __hybrid_code_map_count    0000000000000000     <absolute>
 0000:00000100       __guard_flags              0000000000000100     <absolute>
 0000:00000000       __ImageBase                0000000180000000     <linker-defined>
 0001:000000c0       ?DupWide@_CW@@AEAAXXZ      00000001800010c0 f   CWString.obj
 0001:000000e8       ?cw_dup@@YAXPEBDAEAHAEAPEA_W1@Z 00000001800010e8 f   CWString.obj
 0001:000001c8       ?cw_memcpy@@YAHPEA_WPEBDH@Z 00000001800011c8 f   CWString.obj
 0001:00000214       ?cw_strcpy@@YAHPEA_WPEBD@Z 0000000180001214 f   CWString.obj
 0001:00000228       ??0CAtlComModule@ATL@@QEAA@XZ 0000000180001228 f i OposVariant.obj
 0001:000002a8       ??0CAtlWinModule@ATL@@QEAA@XZ 00000001800012a8 f i OposVariant.obj
 0001:00000314       ??0OposDispParms@@QEAA@PEAVOposVariant@@H@Z 0000000180001314 f   OposVariant.obj
 0001:000003bc       ??1OposDispParms@@QEAA@XZ  00000001800013bc f   OposVariant.obj
 0001:000003d4       ??_Estringdispid@CComTypeInfoHolder@ATL@@QEAAPEAXI@Z 00000001800013d4 f i OposVariant.obj
 0001:00000478       ?AtlWinModuleTerm@ATL@@YAJPEAU_ATL_WIN_MODULE70@1@PEAUHINSTANCE__@@@Z 0000000180001478 f i OposVariant.obj
 0001:00000528       ?ChangeBSTR@OposVariant@@QEAAXPEAPEA_WAEAJ@Z 0000000180001528 f   OposVariant.obj
 0001:00000588       ?ChangeLONG@OposVariant@@QEAAXPEAJAEAJ@Z 0000000180001588 f   OposVariant.obj
 0001:000005e4       ?GetLONG@OposVariant@@QEAAJXZ 00000001800015e4 f   OposVariant.obj
 0001:00000608       ?SetBSTR@OposVariant@@QEAAXPEA_WAEAJ@Z 0000000180001608 f   OposVariant.obj
 0001:00000648       ?SetBSTR_Copy@OposVariant@@QEAAXPEA_WAEAJ@Z 0000000180001648 f   OposVariant.obj
 0001:000006b8       ?SetBSTR_InOutPtr@OposVariant@@QEAA_NPEAPEA_WAEAJ@Z 00000001800016b8 f   OposVariant.obj
 0001:00000708       ?SetDispatch_Ptr@OposVariant@@QEAAXPEAUIDispatch@@AEAJ@Z 0000000180001708 f   OposVariant.obj
 0001:00000760       ?SetLONG@OposVariant@@QEAAXJ@Z 0000000180001760 f   OposVariant.obj
 0001:00000790       ?SetLONG_Ptr@OposVariant@@QEAAXPEAJAEAJ@Z 0000000180001790 f   OposVariant.obj
 0001:000007dc       ?SetString@OposVariant@@QEAAXPEB_WAEAJ@Z 00000001800017dc f   OposVariant.obj
 0001:00000840       ?SetVARIANT_BOOL@OposVariant@@QEAAXF@Z 0000000180001840 f   OposVariant.obj
 0001:00000878       ?Term@CAtlComModule@ATL@@QEAAXXZ 0000000180001878 f i OposVariant.obj
 0001:000008e8       ?_AtlInitializeCriticalSectionEx@ATL@@YAHPEAU_RTL_CRITICAL_SECTION@@KK@Z 00000001800018e8 f i OposVariant.obj
 0001:000008f0       ?_AtlRaiseException@ATL@@YAXKK@Z 00000001800018f0 f i OposVariant.obj
 0001:00000900       ?Next@?$CComEnumImpl@UIEnumConnections@@$1?_GUID_b196b287_bab4_101a_b69c_00aa00341d07@@3U__s_GUID@@BUtagCONNECTDATA@@V?$_Copy@UtagCONNECTDATA@@@ATL@@@ATL@@UEAAJKPEAUtagCONNECTDATA@@PEAK@Z 0000000180001900 f i SmartCardRW.obj
 0001:000009c8       ?Skip@?$CComEnumImpl@UIEnumConnections@@$1?_GUID_b196b287_bab4_101a_b69c_00aa00341d07@@3U__s_GUID@@BUtagCONNECTDATA@@V?$_Copy@UtagCONNECTDATA@@@ATL@@@ATL@@UEAAJK@Z 00000001800019c8 f i SmartCardRW.obj
 0001:000009f4       ?Reset@?$CComEnumImpl@UIEnumConnectionPoints@@$1?_GUID_b196b285_bab4_101a_b69c_00aa00341d07@@3U__s_GUID@@BPEAUIConnectionPoint@@V?$_CopyInterface@UIConnectionPoint@@@ATL@@@ATL@@UEAAJXZ 00000001800019f4 f i SmartCardRW.obj
 0001:000009f4       ?Reset@?$CComEnumImpl@UIEnumConnections@@$1?_GUID_b196b287_bab4_101a_b69c_00aa00341d07@@3U__s_GUID@@BUtagCONNECTDATA@@V?$_Copy@UtagCONNECTDATA@@@ATL@@@ATL@@UEAAJXZ 00000001800019f4 f i SmartCardRW.obj
 0001:00000a00       ?Clone@?$CComEnumImpl@UIEnumConnections@@$1?_GUID_b196b287_bab4_101a_b69c_00aa00341d07@@3U__s_GUID@@BUtagCONNECTDATA@@V?$_Copy@UtagCONNECTDATA@@@ATL@@@ATL@@UEAAJPEAPEAUIEnumConnections@@@Z 0000000180001a00 f i SmartCardRW.obj
 0001:00000b2c       ?AddRef@?$CComObject@V?$CComEnum@UIEnumConnections@@$1?_GUID_b196b287_bab4_101a_b69c_00aa00341d07@@3U__s_GUID@@BUtagCONNECTDATA@@V?$_Copy@UtagCONNECTDATA@@@ATL@@VCComSingleThreadModel@6@@ATL@@@ATL@@UEAAKXZ 0000000180001b2c f i SmartCardRW.obj
 0001:00000b2c       ?AddRef@?$CComObject@V?$CComEnum@UIEnumConnectionPoints@@$1?_GUID_b196b285_bab4_101a_b69c_00aa00341d07@@3U__s_GUID@@BPEAUIConnectionPoint@@V?$_CopyInterface@UIConnectionPoint@@@ATL@@VCComSingleThreadModel@6@@ATL@@@ATL@@UEAAKXZ 0000000180001b2c f i SmartCardRW.obj
 0001:00000b38       ?Release@?$CComObject@V?$CComEnum@UIEnumConnections@@$1?_GUID_b196b287_bab4_101a_b69c_00aa00341d07@@3U__s_GUID@@BUtagCONNECTDATA@@V?$_Copy@UtagCONNECTDATA@@@ATL@@VCComSingleThreadModel@6@@ATL@@@ATL@@UEAAKXZ 0000000180001b38 f i SmartCardRW.obj
 0001:00000b38       ?Release@?$CComObject@V?$CComEnum@UIEnumConnectionPoints@@$1?_GUID_b196b285_bab4_101a_b69c_00aa00341d07@@3U__s_GUID@@BPEAUIConnectionPoint@@V?$_CopyInterface@UIConnectionPoint@@@ATL@@VCComSingleThreadModel@6@@ATL@@@ATL@@UEAAKXZ 0000000180001b38 f i SmartCardRW.obj
 0001:00000b8c       ?QueryInterface@?$CComObject@V?$CComEnum@UIEnumConnections@@$1?_GUID_b196b287_bab4_101a_b69c_00aa00341d07@@3U__s_GUID@@BUtagCONNECTDATA@@V?$_Copy@UtagCONNECTDATA@@@ATL@@VCComSingleThreadModel@6@@ATL@@@ATL@@UEAAJAEBU_GUID@@PEAPEAX@Z 0000000180001b8c f i SmartCardRW.obj
 0001:00000ba0       ??_E?$CComObject@V?$CComEnum@UIEnumConnections@@$1?_GUID_b196b287_bab4_101a_b69c_00aa00341d07@@3U__s_GUID@@BUtagCONNECTDATA@@V?$_Copy@UtagCONNECTDATA@@@ATL@@VCComSingleThreadModel@6@@ATL@@@ATL@@UEAAPEAXI@Z 0000000180001ba0 f i SmartCardRW.obj
 0001:00000ba0       ??_G?$CComObject@V?$CComEnum@UIEnumConnections@@$1?_GUID_b196b287_bab4_101a_b69c_00aa00341d07@@3U__s_GUID@@BUtagCONNECTDATA@@V?$_Copy@UtagCONNECTDATA@@@ATL@@VCComSingleThreadModel@6@@ATL@@@ATL@@UEAAPEAXI@Z 0000000180001ba0 f i SmartCardRW.obj
 0001:00000bf8       ?ObjectMain@CComObjectRootBase@ATL@@SAX_N@Z 0000000180001bf8 f i SmartCardRW.obj
 0001:00000bf8       _guard_check_icall_nop     0000000180001bf8 f i LIBCMT:guard_support.obj
 0001:00000bf8       ?OnFinalMessage@?$CWindowImplBaseT@VCWindow@ATL@@V?$CWinTraits@$0FGAAAAAA@$0A@@2@@ATL@@UEAAXPEAUHWND__@@@Z 0000000180001bf8 f i SmartCardRW.obj
 0001:00000bfc       ?ResizeBorder@?$IOleInPlaceActiveObjectImpl@VCOPOSSmartCardRW@@@ATL@@UEAAJPEBUtagRECT@@PEAUIOleInPlaceUIWindow@@H@Z 0000000180001bfc f i SmartCardRW.obj
 0001:00000bfc       ?OnAmbientPropertyChange@?$IOleControlImpl@VCOPOSSmartCardRW@@@ATL@@UEAAJJ@Z 0000000180001bfc f i SmartCardRW.obj
 0001:00000bfc       ?SaveCompleted@?$IPersistStorageImpl@VCOPOSSmartCardRW@@@ATL@@UEAAJPEAUIStorage@@@Z 0000000180001bfc f i SmartCardRW.obj
 0001:00000bfc       ?SetHostNames@?$IOleObjectImpl@VCOPOSSmartCardRW@@@ATL@@UEAAJPEB_W0@Z 0000000180001bfc f i SmartCardRW.obj
 0001:00000bfc       ?GetCategoryMap@CComObjectRootBase@ATL@@SAPEBU_ATL_CATMAP_ENTRY@2@XZ 0000000180001bfc f i SmartCardRW.obj
 0001:00000bfc       ?IsUpToDate@?$IOleObjectImpl@VCOPOSSmartCardRW@@@ATL@@UEAAJXZ 0000000180001bfc f i SmartCardRW.obj
 0001:00000bfc       ?Release@CRegObject@ATL@@UEAAKXZ 0000000180001bfc f i SmartCardRW.obj
 0001:00000bfc       ?HandsOffStorage@?$IPersistStorageImpl@VCOPOSSmartCardRW@@@ATL@@UEAAJXZ 0000000180001bfc f i SmartCardRW.obj
 0001:00000bfc       ?OnFrameWindowActivate@?$IOleInPlaceActiveObjectImpl@VCOPOSSmartCardRW@@@ATL@@UEAAJH@Z 0000000180001bfc f i SmartCardRW.obj
 0001:00000bfc       ?EnableModeless@?$IOleInPlaceActiveObjectImpl@VCOPOSSmartCardRW@@@ATL@@UEAAJH@Z 0000000180001bfc f i SmartCardRW.obj
 0001:00000bfc       ?GetObjectDescription@?$CComCoClass@VCOPOSSmartCardRW@@$1?CLSID_OPOSSmartCardRW@@3U_GUID@@B@ATL@@SAPEB_WXZ 0000000180001bfc f i SmartCardRW.obj
 0001:00000bfc       ?Update@?$IOleObjectImpl@VCOPOSSmartCardRW@@@ATL@@UEAAJXZ 0000000180001bfc f i SmartCardRW.obj
 0001:00000c00       ??_E?$CComObject@VCOPOSSmartCardRW@@@ATL@@W7EAAPEAXI@Z 0000000180001c00 f i SmartCardRW.obj
 0001:00000c0c       ??_E?$CComObject@VCOPOSSmartCardRW@@@ATL@@WHA@EAAPEAXI@Z 0000000180001c0c f i SmartCardRW.obj
 0001:00000c18       ?QueryInterface@?$CComObject@VCOPOSSmartCardRW@@@ATL@@WLI@EAAJAEBU_GUID@@PEAPEAX@Z 0000000180001c18 f i SmartCardRW.obj
 0001:00000c24       ?AddRef@?$CComObject@VCOPOSSmartCardRW@@@ATL@@WLI@EAAKXZ 0000000180001c24 f i SmartCardRW.obj
 0001:00000c30       ?Release@?$CComObject@VCOPOSSmartCardRW@@@ATL@@WLI@EAAKXZ 0000000180001c30 f i SmartCardRW.obj
 0001:00000c3c       ?QueryInterface@?$CComObject@VCOPOSSmartCardRW@@@ATL@@WMA@EAAJAEBU_GUID@@PEAPEAX@Z 0000000180001c3c f i SmartCardRW.obj
 0001:00000c48       ?AddRef@?$CComObject@VCOPOSSmartCardRW@@@ATL@@WMA@EAAKXZ 0000000180001c48 f i SmartCardRW.obj
 0001:00000c54       ?Release@?$CComObject@VCOPOSSmartCardRW@@@ATL@@WMA@EAAKXZ 0000000180001c54 f i SmartCardRW.obj
 0001:00000c60       ?QueryInterface@?$CComObject@VCOPOSSmartCardRW@@@ATL@@WMI@EAAJAEBU_GUID@@PEAPEAX@Z 0000000180001c60 f i SmartCardRW.obj
 0001:00000c6c       ?AddRef@?$CComObject@VCOPOSSmartCardRW@@@ATL@@WMI@EAAKXZ 0000000180001c6c f i SmartCardRW.obj
 0001:00000c78       ?Release@?$CComObject@VCOPOSSmartCardRW@@@ATL@@WMI@EAAKXZ 0000000180001c78 f i SmartCardRW.obj
 0001:00000c84       ?QueryInterface@?$CComObject@VCOPOSSmartCardRW@@@ATL@@WNA@EAAJAEBU_GUID@@PEAPEAX@Z 0000000180001c84 f i SmartCardRW.obj
 0001:00000c90       ?AddRef@?$CComObject@VCOPOSSmartCardRW@@@ATL@@WNA@EAAKXZ 0000000180001c90 f i SmartCardRW.obj
 0001:00000c9c       ?Release@?$CComObject@VCOPOSSmartCardRW@@@ATL@@WNA@EAAKXZ 0000000180001c9c f i SmartCardRW.obj
 0001:00000ca8       ?QueryInterface@?$CComObject@VCOPOSSmartCardRW@@@ATL@@WNI@EAAJAEBU_GUID@@PEAPEAX@Z 0000000180001ca8 f i SmartCardRW.obj
 0001:00000cb4       ?AddRef@?$CComObject@VCOPOSSmartCardRW@@@ATL@@WNI@EAAKXZ 0000000180001cb4 f i SmartCardRW.obj
 0001:00000cc0       ?Release@?$CComObject@VCOPOSSmartCardRW@@@ATL@@WNI@EAAKXZ 0000000180001cc0 f i SmartCardRW.obj
 0001:00000ccc       ?QueryInterface@?$CComObject@VCOPOSSmartCardRW@@@ATL@@WOA@EAAJAEBU_GUID@@PEAPEAX@Z 0000000180001ccc f i SmartCardRW.obj
 0001:00000cd8       ?AddRef@?$CComObject@VCOPOSSmartCardRW@@@ATL@@WOA@EAAKXZ 0000000180001cd8 f i SmartCardRW.obj
 0001:00000ce4       ?Release@?$CComObject@VCOPOSSmartCardRW@@@ATL@@WOA@EAAKXZ 0000000180001ce4 f i SmartCardRW.obj
 0001:00000cf0       ?QueryInterface@?$CComObject@VCOPOSSmartCardRW@@@ATL@@WOI@EAAJAEBU_GUID@@PEAPEAX@Z 0000000180001cf0 f i SmartCardRW.obj
 0001:00000cfc       ?AddRef@?$CComObject@VCOPOSSmartCardRW@@@ATL@@WOI@EAAKXZ 0000000180001cfc f i SmartCardRW.obj
 0001:00000d08       ?Release@?$CComObject@VCOPOSSmartCardRW@@@ATL@@WOI@EAAKXZ 0000000180001d08 f i SmartCardRW.obj
 0001:00000d14       ?QueryInterface@?$CComObject@VCOPOSSmartCardRW@@@ATL@@WPA@EAAJAEBU_GUID@@PEAPEAX@Z 0000000180001d14 f i SmartCardRW.obj
 0001:00000d20       ?AddRef@?$CComObject@VCOPOSSmartCardRW@@@ATL@@WPA@EAAKXZ 0000000180001d20 f i SmartCardRW.obj
 0001:00000d2c       ?Release@?$CComObject@VCOPOSSmartCardRW@@@ATL@@WPA@EAAKXZ 0000000180001d2c f i SmartCardRW.obj
 0001:00000d38       ?QueryInterface@?$CComObject@VCOPOSSmartCardRW@@@ATL@@WPI@EAAJAEBU_GUID@@PEAPEAX@Z 0000000180001d38 f i SmartCardRW.obj
 0001:00000d44       ?AddRef@?$CComObject@VCOPOSSmartCardRW@@@ATL@@WPI@EAAKXZ 0000000180001d44 f i SmartCardRW.obj
 0001:00000d50       ?Release@?$CComObject@VCOPOSSmartCardRW@@@ATL@@WPI@EAAKXZ 0000000180001d50 f i SmartCardRW.obj
 0001:00000d5c       ?QueryInterface@?$CComObject@VCOPOSSmartCardRW@@@ATL@@WBAA@EAAJAEBU_GUID@@PEAPEAX@Z 0000000180001d5c f i SmartCardRW.obj
 0001:00000d68       ?AddRef@?$CComObject@VCOPOSSmartCardRW@@@ATL@@WBAA@EAAKXZ 0000000180001d68 f i SmartCardRW.obj
 0001:00000d74       ?Release@?$CComObject@VCOPOSSmartCardRW@@@ATL@@WBAA@EAAKXZ 0000000180001d74 f i SmartCardRW.obj
 0001:00000d80       ?QueryInterface@?$CComObject@VCOPOSSmartCardRW@@@ATL@@WBAI@EAAJAEBU_GUID@@PEAPEAX@Z 0000000180001d80 f i SmartCardRW.obj
 0001:00000d8c       ?AddRef@?$CComObject@VCOPOSSmartCardRW@@@ATL@@WBAI@EAAKXZ 0000000180001d8c f i SmartCardRW.obj
 0001:00000d98       ?Release@?$CComObject@VCOPOSSmartCardRW@@@ATL@@WBAI@EAAKXZ 0000000180001d98 f i SmartCardRW.obj
 0001:00000da4       ?QueryInterface@?$CComObject@VCOPOSSmartCardRW@@@ATL@@WBBA@EAAJAEBU_GUID@@PEAPEAX@Z 0000000180001da4 f i SmartCardRW.obj
 0001:00000db0       ?CreateInstance@CComClassFactory@ATL@@UEAAJPEAUIUnknown@@AEBU_GUID@@PEAPEAX@Z 0000000180001db0 f i SmartCardRW.obj
 0001:00000e10       ?AddRef@?$CComObject@VCOPOSSmartCardRW@@@ATL@@WBBA@EAAKXZ 0000000180001e10 f i SmartCardRW.obj
 0001:00000e1c       ?Release@?$CComObject@VCOPOSSmartCardRW@@@ATL@@WBBA@EAAKXZ 0000000180001e1c f i SmartCardRW.obj
 0001:00000e28       ?LockServer@CComClassFactory@ATL@@UEAAJH@Z 0000000180001e28 f i SmartCardRW.obj
 0001:00000e4c       ?QueryInterface@?$CComObject@VCOPOSSmartCardRW@@@ATL@@WBBI@EAAJAEBU_GUID@@PEAPEAX@Z 0000000180001e4c f i SmartCardRW.obj
 0001:00000e58       ?AddRef@?$CComObject@VCOPOSSmartCardRW@@@ATL@@WBBI@EAAKXZ 0000000180001e58 f i SmartCardRW.obj
 0001:00000e64       ?Release@?$CComObject@VCOPOSSmartCardRW@@@ATL@@WBBI@EAAKXZ 0000000180001e64 f i SmartCardRW.obj
 0001:00000e70       ?AddRef@?$CComObject@VCOPOSSmartCardRW@@@ATL@@WBCI@EAAKXZ 0000000180001e70 f i SmartCardRW.obj
 0001:00000e7c       ?Release@?$CComObject@VCOPOSSmartCardRW@@@ATL@@WBCI@EAAKXZ 0000000180001e7c f i SmartCardRW.obj
 0001:00000e88       ?AddRef@?$CComObject@VCOPOSSmartCardRW@@@ATL@@WBEA@EAAKXZ 0000000180001e88 f i SmartCardRW.obj
 0001:00000e94       ?Release@?$CComObject@VCOPOSSmartCardRW@@@ATL@@WBEA@EAAKXZ 0000000180001e94 f i SmartCardRW.obj
 0001:00000ea0       ??_GCComClassFactory@ATL@@UEAAPEAXI@Z 0000000180001ea0 f i SmartCardRW.obj
 0001:00000ea0       ??_ECComClassFactory@ATL@@UEAAPEAXI@Z 0000000180001ea0 f i SmartCardRW.obj
 0001:00000ef0       ??_E?$CComContainedObject@VCOPOSSmartCardRW@@@ATL@@W7EAAPEAXI@Z 0000000180001ef0 f i SmartCardRW.obj
 0001:00000efc       ??_E?$CComContainedObject@VCOPOSSmartCardRW@@@ATL@@WHA@EAAPEAXI@Z 0000000180001efc f i SmartCardRW.obj
 0001:00000f08       ?QueryInterface@?$CComContainedObject@VCOPOSSmartCardRW@@@ATL@@WLI@EAAJAEBU_GUID@@PEAPEAX@Z 0000000180001f08 f i SmartCardRW.obj
 0001:00000f14       ?AddRef@?$CComContainedObject@VCOPOSSmartCardRW@@@ATL@@WLI@EAAKXZ 0000000180001f14 f i SmartCardRW.obj
 0001:00000f20       ?Release@?$CComContainedObject@VCOPOSSmartCardRW@@@ATL@@WLI@EAAKXZ 0000000180001f20 f i SmartCardRW.obj
 0001:00000f2c       ?QueryInterface@?$CComContainedObject@VCOPOSSmartCardRW@@@ATL@@WMA@EAAJAEBU_GUID@@PEAPEAX@Z 0000000180001f2c f i SmartCardRW.obj
 0001:00000f38       ?AddRef@?$CComContainedObject@VCOPOSSmartCardRW@@@ATL@@WMA@EAAKXZ 0000000180001f38 f i SmartCardRW.obj
 0001:00000f44       ?Release@?$CComContainedObject@VCOPOSSmartCardRW@@@ATL@@WMA@EAAKXZ 0000000180001f44 f i SmartCardRW.obj
 0001:00000f50       ?QueryInterface@?$CComContainedObject@VCOPOSSmartCardRW@@@ATL@@WMI@EAAJAEBU_GUID@@PEAPEAX@Z 0000000180001f50 f i SmartCardRW.obj
 0001:00000f5c       ?AddRef@?$CComContainedObject@VCOPOSSmartCardRW@@@ATL@@WMI@EAAKXZ 0000000180001f5c f i SmartCardRW.obj
 0001:00000f68       ?Release@?$CComContainedObject@VCOPOSSmartCardRW@@@ATL@@WMI@EAAKXZ 0000000180001f68 f i SmartCardRW.obj
 0001:00000f74       ?QueryInterface@?$CComContainedObject@VCOPOSSmartCardRW@@@ATL@@WNA@EAAJAEBU_GUID@@PEAPEAX@Z 0000000180001f74 f i SmartCardRW.obj
 0001:00000f80       ?AddRef@?$CComContainedObject@VCOPOSSmartCardRW@@@ATL@@WNA@EAAKXZ 0000000180001f80 f i SmartCardRW.obj
 0001:00000f8c       ?Release@?$CComContainedObject@VCOPOSSmartCardRW@@@ATL@@WNA@EAAKXZ 0000000180001f8c f i SmartCardRW.obj
 0001:00000f98       ?QueryInterface@?$CComContainedObject@VCOPOSSmartCardRW@@@ATL@@WNI@EAAJAEBU_GUID@@PEAPEAX@Z 0000000180001f98 f i SmartCardRW.obj
 0001:00000fa4       ?AddRef@?$CComContainedObject@VCOPOSSmartCardRW@@@ATL@@WNI@EAAKXZ 0000000180001fa4 f i SmartCardRW.obj
 0001:00000fb0       ?Release@?$CComContainedObject@VCOPOSSmartCardRW@@@ATL@@WNI@EAAKXZ 0000000180001fb0 f i SmartCardRW.obj
 0001:00000fbc       ?QueryInterface@?$CComContainedObject@VCOPOSSmartCardRW@@@ATL@@WOA@EAAJAEBU_GUID@@PEAPEAX@Z 0000000180001fbc f i SmartCardRW.obj
 0001:00000fc8       ?AddRef@?$CComContainedObject@VCOPOSSmartCardRW@@@ATL@@WOA@EAAKXZ 0000000180001fc8 f i SmartCardRW.obj
 0001:00000fd4       ?Release@?$CComContainedObject@VCOPOSSmartCardRW@@@ATL@@WOA@EAAKXZ 0000000180001fd4 f i SmartCardRW.obj
 0001:00000fe0       ?QueryInterface@?$CComContainedObject@VCOPOSSmartCardRW@@@ATL@@WOI@EAAJAEBU_GUID@@PEAPEAX@Z 0000000180001fe0 f i SmartCardRW.obj
 0001:00000fec       ?AddRef@?$CComContainedObject@VCOPOSSmartCardRW@@@ATL@@WOI@EAAKXZ 0000000180001fec f i SmartCardRW.obj
 0001:00000ff8       ?Release@?$CComContainedObject@VCOPOSSmartCardRW@@@ATL@@WOI@EAAKXZ 0000000180001ff8 f i SmartCardRW.obj
 0001:00001004       ?QueryInterface@?$CComContainedObject@VCOPOSSmartCardRW@@@ATL@@WPA@EAAJAEBU_GUID@@PEAPEAX@Z 0000000180002004 f i SmartCardRW.obj
 0001:00001010       ?AddRef@?$CComContainedObject@VCOPOSSmartCardRW@@@ATL@@WPA@EAAKXZ 0000000180002010 f i SmartCardRW.obj
 0001:0000101c       ?Release@?$CComContainedObject@VCOPOSSmartCardRW@@@ATL@@WPA@EAAKXZ 000000018000201c f i SmartCardRW.obj
 0001:00001028       ?QueryInterface@?$CComContainedObject@VCOPOSSmartCardRW@@@ATL@@WPI@EAAJAEBU_GUID@@PEAPEAX@Z 0000000180002028 f i SmartCardRW.obj
 0001:00001034       ?AddRef@?$CComContainedObject@VCOPOSSmartCardRW@@@ATL@@WPI@EAAKXZ 0000000180002034 f i SmartCardRW.obj
 0001:00001040       ?Release@?$CComContainedObject@VCOPOSSmartCardRW@@@ATL@@WPI@EAAKXZ 0000000180002040 f i SmartCardRW.obj
 0001:0000104c       ?QueryInterface@?$CComContainedObject@VCOPOSSmartCardRW@@@ATL@@WBAA@EAAJAEBU_GUID@@PEAPEAX@Z 000000018000204c f i SmartCardRW.obj
 0001:00001058       ?AddRef@?$CComContainedObject@VCOPOSSmartCardRW@@@ATL@@WBAA@EAAKXZ 0000000180002058 f i SmartCardRW.obj
 0001:00001064       ?Release@?$CComContainedObject@VCOPOSSmartCardRW@@@ATL@@WBAA@EAAKXZ 0000000180002064 f i SmartCardRW.obj
 0001:00001070       ?QueryInterface@?$CComContainedObject@VCOPOSSmartCardRW@@@ATL@@WBAI@EAAJAEBU_GUID@@PEAPEAX@Z 0000000180002070 f i SmartCardRW.obj
 0001:0000107c       ?AddRef@?$CComContainedObject@VCOPOSSmartCardRW@@@ATL@@WBAI@EAAKXZ 000000018000207c f i SmartCardRW.obj
 0001:00001088       ?Release@?$CComContainedObject@VCOPOSSmartCardRW@@@ATL@@WBAI@EAAKXZ 0000000180002088 f i SmartCardRW.obj
 0001:00001094       ?QueryInterface@?$CComContainedObject@VCOPOSSmartCardRW@@@ATL@@WBBA@EAAJAEBU_GUID@@PEAPEAX@Z 0000000180002094 f i SmartCardRW.obj
 0001:000010a0       ?AddRef@?$CComContainedObject@VCOPOSSmartCardRW@@@ATL@@WBBA@EAAKXZ 00000001800020a0 f i SmartCardRW.obj
 0001:000010ac       ?Release@?$CComContainedObject@VCOPOSSmartCardRW@@@ATL@@WBBA@EAAKXZ 00000001800020ac f i SmartCardRW.obj
 0001:000010b8       ?QueryInterface@?$CComContainedObject@VCOPOSSmartCardRW@@@ATL@@WBBI@EAAJAEBU_GUID@@PEAPEAX@Z 00000001800020b8 f i SmartCardRW.obj
 0001:000010c4       ?AddRef@?$CComContainedObject@VCOPOSSmartCardRW@@@ATL@@WBBI@EAAKXZ 00000001800020c4 f i SmartCardRW.obj
 0001:000010d0       ?Release@?$CComContainedObject@VCOPOSSmartCardRW@@@ATL@@WBBI@EAAKXZ 00000001800020d0 f i SmartCardRW.obj
 0001:000010dc       ?AddRef@?$CComContainedObject@VCOPOSSmartCardRW@@@ATL@@WBCI@EAAKXZ 00000001800020dc f i SmartCardRW.obj
 0001:000010e8       ?Release@?$CComContainedObject@VCOPOSSmartCardRW@@@ATL@@WBCI@EAAKXZ 00000001800020e8 f i SmartCardRW.obj
 0001:000010f4       ?AddRef@?$CComContainedObject@VCOPOSSmartCardRW@@@ATL@@WBEA@EAAKXZ 00000001800020f4 f i SmartCardRW.obj
 0001:00001100       ?Release@?$CComContainedObject@VCOPOSSmartCardRW@@@ATL@@WBEA@EAAKXZ 0000000180002100 f i SmartCardRW.obj
 0001:0000110c       ?GetWindowProc@?$CWindowImplBaseT@VCWindow@ATL@@V?$CWinTraits@$0FGAAAAAA@$0A@@2@@ATL@@UEAAP6A_JPEAUHWND__@@I_K_J@ZXZ 000000018000210c f i SmartCardRW.obj
 0001:00001114       ?StartWindowProc@?$CWindowImplBaseT@VCWindow@ATL@@V?$CWinTraits@$0FGAAAAAA@$0A@@2@@ATL@@SA_JPEAUHWND__@@I_K_J@Z 0000000180002114 f i SmartCardRW.obj
 0001:000011c8       ?GetTypeInfoCount@?$IDispatchImpl@UIOPOSSmartCardRW@@$1?IID_IOPOSSmartCardRW@@3U_GUID@@B$1?LIBID_OposSmartCardRW_CCO@@3U3@B$00$0A@VCComTypeInfoHolder@ATL@@@ATL@@UEAAJPEAI@Z 00000001800021c8 f i SmartCardRW.obj
 0001:000011dc       ?GetTypeInfo@?$IDispatchImpl@UIOPOSSmartCardRW@@$1?IID_IOPOSSmartCardRW@@3U_GUID@@B$1?LIBID_OposSmartCardRW_CCO@@3U3@B$00$0A@VCComTypeInfoHolder@ATL@@@ATL@@UEAAJIKPEAPEAUITypeInfo@@@Z 00000001800021dc f i SmartCardRW.obj
 0001:00001240       ?GetIDsOfNames@?$IDispatchImpl@UIOPOSSmartCardRW@@$1?IID_IOPOSSmartCardRW@@3U_GUID@@B$1?LIBID_OposSmartCardRW_CCO@@3U3@B$00$0A@VCComTypeInfoHolder@ATL@@@ATL@@UEAAJAEBU_GUID@@PEAPEA_WIKPEAJ@Z 0000000180002240 f i SmartCardRW.obj
 0001:0000124c       ?Invoke@?$IDispatchImpl@UIOPOSSmartCardRW@@$1?IID_IOPOSSmartCardRW@@3U_GUID@@B$1?LIBID_OposSmartCardRW_CCO@@3U3@B$00$0A@VCComTypeInfoHolder@ATL@@@ATL@@UEAAJJAEBU_GUID@@KGPEAUtagDISPPARAMS@@PEAUtagVARIANT@@PEAUtagEXCEPINFO@@PEAI@Z 000000018000224c f i SmartCardRW.obj
 0001:000012dc       ?CreateControlWindow@?$CComControl@VCOPOSSmartCardRW@@V?$CWindowImpl@VCOPOSSmartCardRW@@VCWindow@ATL@@V?$CWinTraits@$0FGAAAAAA@$0A@@3@@ATL@@@ATL@@UEAAPEAUHWND__@@PEAU3@AEAUtagRECT@@@Z 00000001800022dc f i SmartCardRW.obj
 0001:00001314       ?ControlQueryInterface@?$CComControl@VCOPOSSmartCardRW@@V?$CWindowImpl@VCOPOSSmartCardRW@@VCWindow@ATL@@V?$CWinTraits@$0FGAAAAAA@$0A@@3@@ATL@@@ATL@@UEAAJAEBU_GUID@@PEAPEAX@Z 0000000180002314 f i SmartCardRW.obj
 0001:00001328       ?GetClassID@?$IPersistStorageImpl@VCOPOSSmartCardRW@@@ATL@@UEAAJPEAU_GUID@@@Z 0000000180002328 f i SmartCardRW.obj
 0001:00001328       ?GetUserClassID@?$IOleObjectImpl@VCOPOSSmartCardRW@@@ATL@@UEAAJPEAU_GUID@@@Z 0000000180002328 f i SmartCardRW.obj
 0001:00001328       ?GetClassID@?$IPersistStreamInitImpl@VCOPOSSmartCardRW@@@ATL@@UEAAJPEAU_GUID@@@Z 0000000180002328 f i SmartCardRW.obj
 0001:00001344       ?IsDirty@?$IPersistStreamInitImpl@VCOPOSSmartCardRW@@@ATL@@UEAAJXZ 0000000180002344 f i SmartCardRW.obj
 0001:00001360       ?Load@?$IPersistStreamInitImpl@VCOPOSSmartCardRW@@@ATL@@UEAAJPEAUIStream@@@Z 0000000180002360 f i SmartCardRW.obj
 0001:00001378       ?Save@?$IPersistStreamInitImpl@VCOPOSSmartCardRW@@@ATL@@UEAAJPEAUIStream@@H@Z 0000000180002378 f i SmartCardRW.obj
 0001:00001390       ?GetSizeMax@?$IPersistStreamInitImpl@VCOPOSSmartCardRW@@@ATL@@UEAAJPEAT_ULARGE_INTEGER@@@Z 0000000180002390 f i SmartCardRW.obj
 0001:000015b4       ?InitNew@?$IPersistStreamInitImpl@VCOPOSSmartCardRW@@@ATL@@UEAAJXZ 00000001800025b4 f i SmartCardRW.obj
 0001:000015cc       ?GetColorSet@?$IViewObjectExImpl@VCOPOSSmartCardRW@@@ATL@@UEAAJKJPEAXPEAUtagDVTARGETDEVICE@@PEAUHDC__@@PEAPEAUtagLOGPALETTE@@@Z 00000001800025cc f i SmartCardRW.obj
 0001:000015cc       ?GetCanonicalFormatEtc@?$IDataObjectImpl@VCOPOSSmartCardRW@@@ATL@@UEAAJPEAUtagFORMATETC@@0@Z 00000001800025cc f i SmartCardRW.obj
 0001:000015cc       ?SetMoniker@?$IOleObjectImpl@VCOPOSSmartCardRW@@@ATL@@UEAAJKPEAUIMoniker@@@Z 00000001800025cc f i SmartCardRW.obj
 0001:000015cc       ?EnumFormatEtc@?$IDataObjectImpl@VCOPOSSmartCardRW@@@ATL@@UEAAJKPEAPEAUIEnumFORMATETC@@@Z 00000001800025cc f i SmartCardRW.obj
 0001:000015cc       ?GetDataHere@?$IDataObjectImpl@VCOPOSSmartCardRW@@@ATL@@UEAAJPEAUtagFORMATETC@@PEAUtagSTGMEDIUM@@@Z 00000001800025cc f i SmartCardRW.obj
 0001:000015cc       ?InitFromData@?$IOleObjectImpl@VCOPOSSmartCardRW@@@ATL@@UEAAJPEAUIDataObject@@HK@Z 00000001800025cc f i SmartCardRW.obj
 0001:000015cc       ?OnMnemonic@?$IOleControlImpl@VCOPOSSmartCardRW@@@ATL@@UEAAJPEAUtagMSG@@@Z 00000001800025cc f i SmartCardRW.obj
 0001:000015cc       ?Unfreeze@?$IViewObjectExImpl@VCOPOSSmartCardRW@@@ATL@@UEAAJK@Z 00000001800025cc f i SmartCardRW.obj
 0001:000015cc       ?GetMoniker@?$IOleObjectImpl@VCOPOSSmartCardRW@@@ATL@@UEAAJKKPEAPEAUIMoniker@@@Z 00000001800025cc f i SmartCardRW.obj
 0001:000015cc       ?SetData@?$IDataObjectImpl@VCOPOSSmartCardRW@@@ATL@@UEAAJPEAUtagFORMATETC@@PEAUtagSTGMEDIUM@@H@Z 00000001800025cc f i SmartCardRW.obj
 0001:000015cc       ?ContextSensitiveHelp@?$IOleInPlaceObjectWindowlessImpl@VCOPOSSmartCardRW@@@ATL@@UEAAJH@Z 00000001800025cc f i SmartCardRW.obj
 0001:000015cc       ?QueryInterface@CRegObject@ATL@@UEAAJAEBU_GUID@@PEAPEAX@Z 00000001800025cc f i SmartCardRW.obj
 0001:000015cc       ?SetColorScheme@?$IOleObjectImpl@VCOPOSSmartCardRW@@@ATL@@UEAAJPEAUtagLOGPALETTE@@@Z 00000001800025cc f i SmartCardRW.obj
 0001:000015cc       ?GetControlInfo@?$IOleControlImpl@VCOPOSSmartCardRW@@@ATL@@UEAAJPEAUtagCONTROLINFO@@@Z 00000001800025cc f i SmartCardRW.obj
 0001:000015cc       ?Freeze@?$IViewObjectExImpl@VCOPOSSmartCardRW@@@ATL@@UEAAJKJPEAXPEAK@Z 00000001800025cc f i SmartCardRW.obj
 0001:000015cc       ?GetRect@?$IViewObjectExImpl@VCOPOSSmartCardRW@@@ATL@@UEAAJKPEAU_RECTL@@@Z 00000001800025cc f i SmartCardRW.obj
 0001:000015cc       ?ReactivateAndUndo@?$IOleInPlaceObjectWindowlessImpl@VCOPOSSmartCardRW@@@ATL@@UEAAJXZ 00000001800025cc f i SmartCardRW.obj
 0001:000015cc       ?ContextSensitiveHelp@?$IOleInPlaceActiveObjectImpl@VCOPOSSmartCardRW@@@ATL@@UEAAJH@Z 00000001800025cc f i SmartCardRW.obj
 0001:000015cc       ?QueryGetData@?$IDataObjectImpl@VCOPOSSmartCardRW@@@ATL@@UEAAJPEAUtagFORMATETC@@@Z 00000001800025cc f i SmartCardRW.obj
 0001:000015cc       ?GetDropTarget@?$IOleInPlaceObjectWindowlessImpl@VCOPOSSmartCardRW@@@ATL@@UEAAJPEAPEAUIDropTarget@@@Z 00000001800025cc f i SmartCardRW.obj
 0001:000015cc       ?GetClipboardData@?$IOleObjectImpl@VCOPOSSmartCardRW@@@ATL@@UEAAJKPEAPEAUIDataObject@@@Z 00000001800025cc f i SmartCardRW.obj
 0001:000015d4       ?SetClientSite@?$IOleObjectImpl@VCOPOSSmartCardRW@@@ATL@@UEAAJPEAUIOleClientSite@@@Z 00000001800025d4 f i SmartCardRW.obj
 0001:000015f0       ?GetClientSite@?$IOleObjectImpl@VCOPOSSmartCardRW@@@ATL@@UEAAJPEAPEAUIOleClientSite@@@Z 00000001800025f0 f i SmartCardRW.obj
 0001:00001638       ?Close@?$IOleObjectImpl@VCOPOSSmartCardRW@@@ATL@@UEAAJK@Z 0000000180002638 f i SmartCardRW.obj
 0001:00001654       ?DoVerb@?$IOleObjectImpl@VCOPOSSmartCardRW@@@ATL@@UEAAJJPEAUtagMSG@@PEAUIOleClientSite@@JPEAUHWND__@@PEBUtagRECT@@@Z 0000000180002654 f i SmartCardRW.obj
 0001:000017f8       ?EnumVerbs@?$IOleObjectImpl@VCOPOSSmartCardRW@@@ATL@@UEAAJPEAPEAUIEnumOLEVERB@@@Z 00000001800027f8 f i SmartCardRW.obj
 0001:00001814       ?GetUserType@?$IOleObjectImpl@VCOPOSSmartCardRW@@@ATL@@UEAAJKPEAPEA_W@Z 0000000180002814 f i SmartCardRW.obj
 0001:00001824       ?SetExtent@?$IOleObjectImpl@VCOPOSSmartCardRW@@@ATL@@UEAAJKPEAUtagSIZE@@@Z 0000000180002824 f i SmartCardRW.obj
 0001:00001840       ?GetExtent@?$IOleObjectImpl@VCOPOSSmartCardRW@@@ATL@@UEAAJKPEAUtagSIZE@@@Z 0000000180002840 f i SmartCardRW.obj
 0001:00001870       ?Advise@?$IOleObjectImpl@VCOPOSSmartCardRW@@@ATL@@UEAAJPEAUIAdviseSink@@PEAK@Z 0000000180002870 f i SmartCardRW.obj
 0001:000018cc       ?Unadvise@?$IOleObjectImpl@VCOPOSSmartCardRW@@@ATL@@UEAAJK@Z 00000001800028cc f i SmartCardRW.obj
 0001:00001904       ?EnumAdvise@?$IOleObjectImpl@VCOPOSSmartCardRW@@@ATL@@UEAAJPEAPEAUIEnumSTATDATA@@@Z 0000000180002904 f i SmartCardRW.obj
 0001:0000194c       ?GetMiscStatus@?$IOleObjectImpl@VCOPOSSmartCardRW@@@ATL@@UEAAJKPEAK@Z 000000018000294c f i SmartCardRW.obj
 0001:0000195c       ?GetWindow@?$IOleInPlaceActiveObjectImpl@VCOPOSSmartCardRW@@@ATL@@UEAAJPEAPEAUHWND__@@@Z 000000018000295c f i SmartCardRW.obj
 0001:000019b0       ?TranslateAcceleratorW@?$IOleInPlaceActiveObjectImpl@VCOPOSSmartCardRW@@@ATL@@UEAAJPEAUtagMSG@@@Z 00000001800029b0 f i SmartCardRW.obj
 0001:00001aa4       ?OnDocWindowActivate@?$IOleInPlaceActiveObjectImpl@VCOPOSSmartCardRW@@@ATL@@UEAAJH@Z 0000000180002aa4 f i SmartCardRW.obj
 0001:00001ad0       ?Draw@?$IViewObjectExImpl@VCOPOSSmartCardRW@@@ATL@@UEAAJKJPEAXPEAUtagDVTARGETDEVICE@@PEAUHDC__@@2PEBU_RECTL@@3P6AH_K@Z4@Z 0000000180002ad0 f i SmartCardRW.obj
 0001:00001b34       ?SetAdvise@?$IViewObjectExImpl@VCOPOSSmartCardRW@@@ATL@@UEAAJKKPEAUIAdviseSink@@@Z 0000000180002b34 f i SmartCardRW.obj
 0001:00001b88       ?GetAdvise@?$IViewObjectExImpl@VCOPOSSmartCardRW@@@ATL@@UEAAJPEAK0PEAPEAUIAdviseSink@@@Z 0000000180002b88 f i SmartCardRW.obj
 0001:00001bc4       ?GetExtent@?$IViewObjectExImpl@VCOPOSSmartCardRW@@@ATL@@UEAAJKJPEAUtagDVTARGETDEVICE@@PEAUtagSIZE@@@Z 0000000180002bc4 f i SmartCardRW.obj
 0001:00001bf4       ?GetViewStatus@?$IViewObjectExImpl@VCOPOSSmartCardRW@@@ATL@@UEAAJPEAK@Z 0000000180002bf4 f i SmartCardRW.obj
 0001:00001c08       ?QueryHitPoint@?$IViewObjectExImpl@VCOPOSSmartCardRW@@@ATL@@UEAAJKPEBUtagRECT@@UtagPOINT@@JPEAK@Z 0000000180002c08 f i SmartCardRW.obj
 0001:00001c4c       ?QueryHitRect@?$IViewObjectExImpl@VCOPOSSmartCardRW@@@ATL@@UEAAJKPEBUtagRECT@@0JPEAK@Z 0000000180002c4c f i SmartCardRW.obj
 0001:00001cb4       ?GetNaturalExtent@?$IViewObjectExImpl@VCOPOSSmartCardRW@@@ATL@@UEAAJKJPEAUtagDVTARGETDEVICE@@PEAUHDC__@@PEAUtagExtentInfo@@PEAUtagSIZE@@@Z 0000000180002cb4 f i SmartCardRW.obj
 0001:00001cfc       ?GetWindow@?$IOleInPlaceObjectWindowlessImpl@VCOPOSSmartCardRW@@@ATL@@UEAAJPEAPEAUHWND__@@@Z 0000000180002cfc f i SmartCardRW.obj
 0001:00001d50       ?InPlaceDeactivate@?$IOleInPlaceObjectWindowlessImpl@VCOPOSSmartCardRW@@@ATL@@UEAAJXZ 0000000180002d50 f i SmartCardRW.obj
 0001:00001d6c       ?UIDeactivate@?$IOleInPlaceObjectWindowlessImpl@VCOPOSSmartCardRW@@@ATL@@UEAAJXZ 0000000180002d6c f i SmartCardRW.obj
 0001:00001d88       ?SetObjectRects@?$IOleInPlaceObjectWindowlessImpl@VCOPOSSmartCardRW@@@ATL@@UEAAJPEBUtagRECT@@0@Z 0000000180002d88 f i SmartCardRW.obj
 0001:00001da4       ?OnWindowMessage@?$IOleInPlaceObjectWindowlessImpl@VCOPOSSmartCardRW@@@ATL@@UEAAJI_K_JPEA_J@Z 0000000180002da4 f i SmartCardRW.obj
 0001:00001e6c       ?EnumConnectionPoints@?$IConnectionPointContainerImpl@VCOPOSSmartCardRW@@@ATL@@UEAAJPEAPEAUIEnumConnectionPoints@@@Z 0000000180002e6c f i SmartCardRW.obj
 0001:000020b4       ?FindConnectionPoint@?$IConnectionPointContainerImpl@VCOPOSSmartCardRW@@@ATL@@UEAAJAEBU_GUID@@PEAPEAUIConnectionPoint@@@Z 00000001800030b4 f i SmartCardRW.obj
 0001:00002184       ?IsDirty@?$IPersistStorageImpl@VCOPOSSmartCardRW@@@ATL@@UEAAJXZ 0000000180003184 f i SmartCardRW.obj
 0001:000021c4       ?InitNew@?$IPersistStorageImpl@VCOPOSSmartCardRW@@@ATL@@UEAAJPEAUIStorage@@@Z 00000001800031c4 f i SmartCardRW.obj
 0001:00002204       ?Load@?$IPersistStorageImpl@VCOPOSSmartCardRW@@@ATL@@UEAAJPEAUIStorage@@@Z 0000000180003204 f i SmartCardRW.obj
 0001:000022a4       ?Save@?$IPersistStorageImpl@VCOPOSSmartCardRW@@@ATL@@UEAAJPEAUIStorage@@H@Z 00000001800032a4 f i SmartCardRW.obj
 0001:00002354       ?GetPages@?$ISpecifyPropertyPagesImpl@VCOPOSSmartCardRW@@@ATL@@UEAAJPEAUtagCAUUID@@@Z 0000000180003354 f i SmartCardRW.obj
 0001:00002360       ?QuickActivate@?$IQuickActivateImpl@VCOPOSSmartCardRW@@@ATL@@UEAAJPEAUtagQACONTAINER@@PEAUtagQACONTROL@@@Z 0000000180003360 f i SmartCardRW.obj
 0001:0000237c       ?SetContentExtent@?$IQuickActivateImpl@VCOPOSSmartCardRW@@@ATL@@UEAAJPEAUtagSIZE@@@Z 000000018000337c f i SmartCardRW.obj
 0001:000023b0       ?GetContentExtent@?$IQuickActivateImpl@VCOPOSSmartCardRW@@@ATL@@UEAAJPEAUtagSIZE@@@Z 00000001800033b0 f i SmartCardRW.obj
 0001:000023e8       ?GetData@?$IDataObjectImpl@VCOPOSSmartCardRW@@@ATL@@UEAAJPEAUtagFORMATETC@@PEAUtagSTGMEDIUM@@@Z 00000001800033e8 f i SmartCardRW.obj
 0001:00002404       ?DAdvise@?$IDataObjectImpl@VCOPOSSmartCardRW@@@ATL@@UEAAJPEAUtagFORMATETC@@KPEAUIAdviseSink@@PEAK@Z 0000000180003404 f i SmartCardRW.obj
 0001:0000248c       ?DUnadvise@?$IDataObjectImpl@VCOPOSSmartCardRW@@@ATL@@UEAAJK@Z 000000018000348c f i SmartCardRW.obj
 0001:000024b8       ?EnumDAdvise@?$IDataObjectImpl@VCOPOSSmartCardRW@@@ATL@@UEAAJPEAPEAUIEnumSTATDATA@@@Z 00000001800034b8 f i SmartCardRW.obj
 0001:000024f4       ?GetClassInfoW@?$IProvideClassInfo2Impl@$1?CLSID_OPOSSmartCardRW@@3U_GUID@@B$1?DIID__IOPOSSmartCardRWEvents@@3U2@B$1?LIBID_OposSmartCardRW_CCO@@3U2@B$00$0A@VCComTypeInfoHolder@ATL@@@ATL@@UEAAJPEAPEAUITypeInfo@@@Z 00000001800034f4 f i SmartCardRW.obj
 0001:0000254c       ?GetGUID@?$IProvideClassInfo2Impl@$1?CLSID_OPOSSmartCardRW@@3U_GUID@@B$1?DIID__IOPOSSmartCardRWEvents@@3U2@B$1?LIBID_OposSmartCardRW_CCO@@3U2@B$00$0A@VCComTypeInfoHolder@ATL@@@ATL@@UEAAJKPEAU_GUID@@@Z 000000018000354c f i SmartCardRW.obj
 0001:00002580       _get_startup_argv_mode     0000000180003580 f i LIBCMT:argv_mode.obj
 0001:00002580       ?AddRef@CRegObject@ATL@@UEAAKXZ 0000000180003580 f i SmartCardRW.obj
 0001:00002580       ?FAccessAllowed@?$IObjectSafetyImpl@VCOPOSSmartCardRW@@$02@ATL@@MEAAHXZ 0000000180003580 f i SmartCardRW.obj
 0001:00002588       ?GetInterfaceSafetyOptions@?$IObjectSafetyImpl@VCOPOSSmartCardRW@@$02@ATL@@UEAAJAEBU_GUID@@PEAK1@Z 0000000180003588 f i SmartCardRW.obj
 0001:0000261c       ?SetInterfaceSafetyOptions@?$IObjectSafetyImpl@VCOPOSSmartCardRW@@$02@ATL@@UEAAJAEBU_GUID@@KK@Z 000000018000361c f i SmartCardRW.obj
 0001:000026c0       ?_LocCPQueryInterface@?$IConnectionPointImpl@VCOPOSSmartCardRW@@$1?IID_IPropertyNotifySink@@3U_GUID@@BVCComDynamicUnkArray@ATL@@@ATL@@UEAAJAEBU_GUID@@PEAPEAX@Z 00000001800036c0 f i SmartCardRW.obj
 0001:000026c0       ?_LocCPQueryInterface@?$IConnectionPointImpl@VCOPOSSmartCardRW@@$1?DIID__IOPOSSmartCardRWEvents@@3U_GUID@@BVCComDynamicUnkArray@ATL@@@ATL@@UEAAJAEBU_GUID@@PEAPEAX@Z 00000001800036c0 f i SmartCardRW.obj
 0001:00002734       ?GetConnectionInterface@?$IConnectionPointImpl@VCOPOSSmartCardRW@@$1?IID_IPropertyNotifySink@@3U_GUID@@BVCComDynamicUnkArray@ATL@@@ATL@@UEAAJPEAU_GUID@@@Z 0000000180003734 f i SmartCardRW.obj
 0001:00002750       ?GetConnectionPointContainer@?$IConnectionPointImpl@VCOPOSSmartCardRW@@$1?IID_IPropertyNotifySink@@3U_GUID@@BVCComDynamicUnkArray@ATL@@@ATL@@UEAAJPEAPEAUIConnectionPointContainer@@@Z 0000000180003750 f i SmartCardRW.obj
 0001:00002770       ?Advise@?$IConnectionPointImpl@VCOPOSSmartCardRW@@$1?IID_IPropertyNotifySink@@3U_GUID@@BVCComDynamicUnkArray@ATL@@@ATL@@UEAAJPEAUIUnknown@@PEAK@Z 0000000180003770 f i SmartCardRW.obj
 0001:00002770       ?Advise@?$IConnectionPointImpl@VCOPOSSmartCardRW@@$1?DIID__IOPOSSmartCardRWEvents@@3U_GUID@@BVCComDynamicUnkArray@ATL@@@ATL@@UEAAJPEAUIUnknown@@PEAK@Z 0000000180003770 f i SmartCardRW.obj
 0001:0000282c       ?Unadvise@?$IConnectionPointImpl@VCOPOSSmartCardRW@@$1?DIID__IOPOSSmartCardRWEvents@@3U_GUID@@BVCComDynamicUnkArray@ATL@@@ATL@@UEAAJK@Z 000000018000382c f i SmartCardRW.obj
 0001:0000282c       ?Unadvise@?$IConnectionPointImpl@VCOPOSSmartCardRW@@$1?IID_IPropertyNotifySink@@3U_GUID@@BVCComDynamicUnkArray@ATL@@@ATL@@UEAAJK@Z 000000018000382c f i SmartCardRW.obj
 0001:00002894       ?EnumConnections@?$IConnectionPointImpl@VCOPOSSmartCardRW@@$1?DIID__IOPOSSmartCardRWEvents@@3U_GUID@@BVCComDynamicUnkArray@ATL@@@ATL@@UEAAJPEAPEAUIEnumConnections@@@Z 0000000180003894 f i SmartCardRW.obj
 0001:00002894       ?EnumConnections@?$IConnectionPointImpl@VCOPOSSmartCardRW@@$1?IID_IPropertyNotifySink@@3U_GUID@@BVCComDynamicUnkArray@ATL@@@ATL@@UEAAJPEAPEAUIEnumConnections@@@Z 0000000180003894 f i SmartCardRW.obj
 0001:00002a28       ?GetConnectionInterface@?$IConnectionPointImpl@VCOPOSSmartCardRW@@$1?DIID__IOPOSSmartCardRWEvents@@3U_GUID@@BVCComDynamicUnkArray@ATL@@@ATL@@UEAAJPEAU_GUID@@@Z 0000000180003a28 f i SmartCardRW.obj
 0001:00002a44       ?GetConnectionPointContainer@?$IConnectionPointImpl@VCOPOSSmartCardRW@@$1?DIID__IOPOSSmartCardRWEvents@@3U_GUID@@BVCComDynamicUnkArray@ATL@@@ATL@@UEAAJPEAPEAUIConnectionPointContainer@@@Z 0000000180003a44 f i SmartCardRW.obj
 0001:00002a64       ?Lock@CAtlModule@ATL@@UEAAJXZ 0000000180003a64 f i SmartCardRW.obj
 0001:00002a74       ?Unlock@CAtlModule@ATL@@UEAAJXZ 0000000180003a74 f i SmartCardRW.obj
 0001:00002a80       ?GetLockCount@CAtlModule@ATL@@UEAAJXZ 0000000180003a80 f i SmartCardRW.obj
 0001:00002a84       ?GetGITPtr@CAtlModule@ATL@@UEAAJPEAPEAUIGlobalInterfaceTable@@@Z 0000000180003a84 f i SmartCardRW.obj
 0001:00002af4       ?UpdateRegistry@COPOSSmartCardRW@@SAJH@Z 0000000180003af4 f i SmartCardRW.obj
 0001:00002b0c       ?ProcessWindowMessage@COPOSSmartCardRW@@UEAAHPEAUHWND__@@I_K_JAEA_JK@Z 0000000180003b0c f i SmartCardRW.obj
 0001:00002b9c       ?SOData@COPOSSmartCardRW@@MEAAJJ@Z 0000000180003b9c f i SmartCardRW.obj
 0001:00002bec       ?SODirectIO@COPOSSmartCardRW@@MEAAJJPEAJPEAPEA_W@Z 0000000180003bec f i SmartCardRW.obj
 0001:00002c64       ?SOError@COPOSSmartCardRW@@MEAAJJJJPEAJ@Z 0000000180003c64 f i SmartCardRW.obj
 0001:00002cec       ?SOOutputComplete@COPOSSmartCardRW@@MEAAJJ@Z 0000000180003cec f i SmartCardRW.obj
 0001:00002d3c       ?SOStatusUpdate@COPOSSmartCardRW@@MEAAJJ@Z 0000000180003d3c f i SmartCardRW.obj
 0001:00002d8c       ?AddCommonRGSReplacements@?$CAtlModuleT@VCComModule@ATL@@@ATL@@UEAAJPEAUIRegistrarBase@@@Z 0000000180003d8c f i SmartCardRW.obj
 0001:00002da4       ?UpdateRegistryFromResourceD@CComModule@ATL@@UEAAJIHPEAU_ATL_REGMAP_ENTRY@2@@Z 0000000180003da4 f i SmartCardRW.obj
 0001:00002da4       ?UpdateRegistryFromResourceD@CComModule@ATL@@UEAAJPEB_WHPEAU_ATL_REGMAP_ENTRY@2@@Z 0000000180003da4 f i SmartCardRW.obj
 0001:00002dac       ?UpdateRegistryFromResource@CComModule@ATL@@UEAAJPEB_WHPEAU_ATL_REGMAP_ENTRY@2@@Z 0000000180003dac f i SmartCardRW.obj
 0001:00002db4       ?UpdateRegistryFromResource@CComModule@ATL@@UEAAJIHPEAU_ATL_REGMAP_ENTRY@2@@Z 0000000180003db4 f i SmartCardRW.obj
 0001:00002dbc       ??_ECComModule@ATL@@UEAAPEAXI@Z 0000000180003dbc f i SmartCardRW.obj
 0001:00002dbc       ??_GCComModule@ATL@@UEAAPEAXI@Z 0000000180003dbc f i SmartCardRW.obj
 0001:00002dfc       ?CreateInstance@?$CComCreator@V?$CComObjectCached@VCComClassFactory@ATL@@@ATL@@@ATL@@SAJPEAXAEBU_GUID@@PEAPEAX@Z 0000000180003dfc f i SmartCardRW.obj
 0001:00002f20       ?CreateInstance@?$CComCreator2@V?$CComCreator@V?$CComObject@VCOPOSSmartCardRW@@@ATL@@@ATL@@V?$CComCreator@V?$CComAggObject@VCOPOSSmartCardRW@@@ATL@@@2@@ATL@@SAJPEAXAEBU_GUID@@PEAPEAX@Z 0000000180003f20 f i SmartCardRW.obj
 0001:00002f30       ?AddRef@?$CComObjectCached@VCComClassFactory@ATL@@@ATL@@UEAAKXZ 0000000180003f30 f i SmartCardRW.obj
 0001:00002f5c       ?Release@?$CComObjectCached@VCComClassFactory@ATL@@@ATL@@UEAAKXZ 0000000180003f5c f i SmartCardRW.obj
 0001:00002f9c       ?QueryInterface@?$CComObjectCached@VCComClassFactory@ATL@@@ATL@@UEAAJAEBU_GUID@@PEAPEAX@Z 0000000180003f9c f i SmartCardRW.obj
 0001:00002fb0       ??_G?$CComObjectCached@VCComClassFactory@ATL@@@ATL@@UEAAPEAXI@Z 0000000180003fb0 f i SmartCardRW.obj
 0001:00002fb0       ??_E?$CComObjectCached@VCComClassFactory@ATL@@@ATL@@UEAAPEAXI@Z 0000000180003fb0 f i SmartCardRW.obj
 0001:00003008       ?Next@?$CComEnumImpl@UIEnumConnectionPoints@@$1?_GUID_b196b285_bab4_101a_b69c_00aa00341d07@@3U__s_GUID@@BPEAUIConnectionPoint@@V?$_CopyInterface@UIConnectionPoint@@@ATL@@@ATL@@UEAAJKPEAPEAUIConnectionPoint@@PEAK@Z 0000000180004008 f i SmartCardRW.obj
 0001:000030cc       ?Skip@?$CComEnumImpl@UIEnumConnectionPoints@@$1?_GUID_b196b285_bab4_101a_b69c_00aa00341d07@@3U__s_GUID@@BPEAUIConnectionPoint@@V?$_CopyInterface@UIConnectionPoint@@@ATL@@@ATL@@UEAAJK@Z 00000001800040cc f i SmartCardRW.obj
 0001:000030f8       ?Clone@?$CComEnumImpl@UIEnumConnectionPoints@@$1?_GUID_b196b285_bab4_101a_b69c_00aa00341d07@@3U__s_GUID@@BPEAUIConnectionPoint@@V?$_CopyInterface@UIConnectionPoint@@@ATL@@@ATL@@UEAAJPEAPEAUIEnumConnectionPoints@@@Z 00000001800040f8 f i SmartCardRW.obj
 0001:00003224       ?QueryInterface@?$CComObject@V?$CComEnum@UIEnumConnectionPoints@@$1?_GUID_b196b285_bab4_101a_b69c_00aa00341d07@@3U__s_GUID@@BPEAUIConnectionPoint@@V?$_CopyInterface@UIConnectionPoint@@@ATL@@VCComSingleThreadModel@6@@ATL@@@ATL@@UEAAJAEBU_GUID@@PEAPEAX@Z 0000000180004224 f i SmartCardRW.obj
 0001:00003238       ??_E?$CComObject@V?$CComEnum@UIEnumConnectionPoints@@$1?_GUID_b196b285_bab4_101a_b69c_00aa00341d07@@3U__s_GUID@@BPEAUIConnectionPoint@@V?$_CopyInterface@UIConnectionPoint@@@ATL@@VCComSingleThreadModel@6@@ATL@@@ATL@@UEAAPEAXI@Z 0000000180004238 f i SmartCardRW.obj
 0001:00003238       ??_G?$CComObject@V?$CComEnum@UIEnumConnectionPoints@@$1?_GUID_b196b285_bab4_101a_b69c_00aa00341d07@@3U__s_GUID@@BPEAUIConnectionPoint@@V?$_CopyInterface@UIConnectionPoint@@@ATL@@VCComSingleThreadModel@6@@ATL@@@ATL@@UEAAPEAXI@Z 0000000180004238 f i SmartCardRW.obj
 0001:00003290       ?AddReplacement@CRegObject@ATL@@UEAAJPEB_W0@Z 0000000180004290 f i SmartCardRW.obj
 0001:000032c0       ?ClearReplacements@CRegObject@ATL@@UEAAJXZ 00000001800042c0 f i SmartCardRW.obj
 0001:000032cc       ??_GCRegObject@ATL@@UEAAPEAXI@Z 00000001800042cc f i SmartCardRW.obj
 0001:000032cc       ??_ECRegObject@ATL@@UEAAPEAXI@Z 00000001800042cc f i SmartCardRW.obj
 0001:0000334c       ?AddRef@?$CComAggObject@VCOPOSSmartCardRW@@@ATL@@UEAAKXZ 000000018000434c f i SmartCardRW.obj
 0001:00003358       ?Release@?$CComAggObject@VCOPOSSmartCardRW@@@ATL@@UEAAKXZ 0000000180004358 f i SmartCardRW.obj
 0001:000033ac       ?QueryInterface@?$CComAggObject@VCOPOSSmartCardRW@@@ATL@@UEAAJAEBU_GUID@@PEAPEAX@Z 00000001800043ac f i SmartCardRW.obj
 0001:0000340c       ?AddRef@?$CComContainedObject@VCOPOSSmartCardRW@@@ATL@@UEAAKXZ 000000018000440c f i SmartCardRW.obj
 0001:0000341c       ?Release@?$CComContainedObject@VCOPOSSmartCardRW@@@ATL@@UEAAKXZ 000000018000441c f i SmartCardRW.obj
 0001:0000342c       ?QueryInterface@?$CComContainedObject@VCOPOSSmartCardRW@@@ATL@@UEAAJAEBU_GUID@@PEAPEAX@Z 000000018000442c f i SmartCardRW.obj
 0001:0000343c       ??_G?$CComAggObject@VCOPOSSmartCardRW@@@ATL@@UEAAPEAXI@Z 000000018000443c f i SmartCardRW.obj
 0001:0000343c       ??_E?$CComAggObject@VCOPOSSmartCardRW@@@ATL@@UEAAPEAXI@Z 000000018000443c f i SmartCardRW.obj
 0001:00003494       ?AddRef@?$CComObject@VCOPOSSmartCardRW@@@ATL@@UEAAKXZ 0000000180004494 f i SmartCardRW.obj
 0001:000034a4       ?Release@?$CComObject@VCOPOSSmartCardRW@@@ATL@@UEAAKXZ 00000001800044a4 f i SmartCardRW.obj
 0001:000034fc       ?QueryInterface@?$CComObject@VCOPOSSmartCardRW@@@ATL@@UEAAJAEBU_GUID@@PEAPEAX@Z 00000001800044fc f i SmartCardRW.obj
 0001:00003510       ?OnDrawAdvanced@CComControlBase@ATL@@UEAAJAEAUATL_DRAWINFO@@@Z 0000000180004510 f i SmartCardRW.obj
 0001:0000369c       ??$AtlModuleRegisterWndClassInfoT@VAtlModuleRegisterWndClassInfoParamW@ATL@@@ATL@@YAGPEAU_ATL_BASE_MODULE70@0@PEAU_ATL_WIN_MODULE70@0@PEAU_ATL_WNDCLASSINFOW@0@PEAP6A_JPEAUHWND__@@I_K_J@ZVAtlModuleRegisterWndClassInfoParamW@0@@Z 000000018000469c f i SmartCardRW.obj
 0001:0000389c       ??0?$CComContainedObject@VCOPOSSmartCardRW@@@ATL@@QEAA@PEAX@Z 000000018000489c f i SmartCardRW.obj
 0001:000039b8       ??0?$CComObject@VCOPOSSmartCardRW@@@ATL@@QEAA@PEAX@Z 00000001800049b8 f i SmartCardRW.obj
 0001:00003ad0       ??0CAtlModule@ATL@@QEAA@XZ 0000000180004ad0 f i SmartCardRW.obj
 0001:00003b44       ??1?$CComEnumImpl@UIEnumConnectionPoints@@$1?_GUID_b196b285_bab4_101a_b69c_00aa00341d07@@3U__s_GUID@@BPEAUIConnectionPoint@@V?$_CopyInterface@UIConnectionPoint@@@ATL@@@ATL@@UEAA@XZ 0000000180004b44 f i SmartCardRW.obj
 0001:00003b9c       ??1?$CComEnumImpl@UIEnumConnections@@$1?_GUID_b196b287_bab4_101a_b69c_00aa00341d07@@3U__s_GUID@@BUtagCONNECTDATA@@V?$_Copy@UtagCONNECTDATA@@@ATL@@@ATL@@UEAA@XZ 0000000180004b9c f i SmartCardRW.obj
 0001:00003bf4       ??1?$CComObject@VCOPOSSmartCardRW@@@ATL@@UEAA@XZ 0000000180004bf4 f i SmartCardRW.obj
 0001:00003d14       ??_G?$CComContainedObject@VCOPOSSmartCardRW@@@ATL@@UEAAPEAXI@Z 0000000180004d14 f i SmartCardRW.obj
 0001:00003d14       ??_E?$CComContainedObject@VCOPOSSmartCardRW@@@ATL@@UEAAPEAXI@Z 0000000180004d14 f i SmartCardRW.obj
 0001:00003d48       ??_G?$CComObject@VCOPOSSmartCardRW@@@ATL@@UEAAPEAXI@Z 0000000180004d48 f i SmartCardRW.obj
 0001:00003d48       ??_E?$CComObject@VCOPOSSmartCardRW@@@ATL@@UEAAPEAXI@Z 0000000180004d48 f i SmartCardRW.obj
 0001:00003d7c       ?Add@?$CSimpleArray@GV?$CSimpleArrayEqualHelper@G@ATL@@@ATL@@QEAAHAEBG@Z 0000000180004d7c f i SmartCardRW.obj
 0001:00003e1c       ?Add@?$CSimpleMap@PEA_WPEA_WVCExpansionVectorEqualHelper@ATL@@@ATL@@QEAAHAEBQEA_W0@Z 0000000180004e1c f i SmartCardRW.obj
 0001:00003eb8       ?Add@CComDynamicUnkArray@ATL@@QEAAKPEAUIUnknown@@@Z 0000000180004eb8 f i SmartCardRW.obj
 0001:00003f9c       ?Add@CExpansionVector@ATL@@QEAAHPEB_W0@Z 0000000180004f9c f i SmartCardRW.obj
 0001:000040d0       ?AddTermFunc@CAtlModule@ATL@@QEAAJP6AX_K@Z0@Z 00000001800050d0 f i SmartCardRW.obj
 0001:0000416c       ?AddValue@CRegParser@ATL@@IEAAJAEAVCRegKey@2@PEB_WPEA_W@Z 000000018000516c f i SmartCardRW.obj
 0001:0000457c       ?AllocateHeap@?$CTempBuffer@_W$0EAA@VCCRTAllocator@ATL@@@ATL@@AEAAX_K@Z 000000018000557c f i SmartCardRW.obj
 0001:0000457c       ?AllocateHeap@?$CTempBuffer@_W$0BAA@VCCRTAllocator@ATL@@@ATL@@AEAAX_K@Z 000000018000557c f i SmartCardRW.obj
 0001:0000457c       ?AllocateHeap@?$CTempBuffer@E$0BAA@VCCRTAllocator@ATL@@@ATL@@AEAAX_K@Z 000000018000557c f i SmartCardRW.obj
 0001:000045a8       ?Append@CParseBuffer@CRegParser@ATL@@QEAAHPEB_WH@Z 00000001800055a8 f i SmartCardRW.obj
 0001:000046dc       ?AtlComModuleGetClassObject@ATL@@YAJPEAU_ATL_COM_MODULE70@1@AEBU_GUID@@1PEAPEAX@Z 00000001800056dc f i SmartCardRW.obj
 0001:00004818       ?AtlComModuleRegisterServer@ATL@@YAJPEAU_ATL_COM_MODULE70@1@HPEBU_GUID@@@Z 0000000180005818 f i SmartCardRW.obj
 0001:000048d8       ?AtlComModuleUnregisterServer@ATL@@YAJPEAU_ATL_COM_MODULE70@1@HPEBU_GUID@@@Z 00000001800058d8 f i SmartCardRW.obj
 0001:00004994       ?AtlHiMetricToPixel@ATL@@YAXPEBUtagSIZE@@PEAU2@@Z 0000000180005994 f i SmartCardRW.obj
 0001:00004a44       ?AtlHresultFromLastError@ATL@@YAJXZ 0000000180005a44 f i SmartCardRW.obj
 0001:00004a64       ?AtlHresultFromWin32@ATL@@YAJK@Z 0000000180005a64 f i SmartCardRW.obj
 0001:00004a74       ?AtlInternalOleLoadFromStream@ATL@@YAJPEAUIStream@@AEBU_GUID@@PEAPEAXTClassesAllowedInStream@1@K@Z 0000000180005a74 f i SmartCardRW.obj
 0001:00004bc4       ?AtlInternalQueryInterface@ATL@@YAJPEAXPEBU_ATL_INTMAP_ENTRY@1@AEBU_GUID@@PEAPEAX@Z 0000000180005bc4 f i SmartCardRW.obj
 0001:00004ccc       ?AtlLoadTypeLib@ATL@@YAJPEAUHINSTANCE__@@PEB_WPEAPEA_WPEAPEAUITypeLib@@@Z 0000000180005ccc f i SmartCardRW.obj
 0001:00004f28       ?AtlRegisterClassCategoriesHelper@ATL@@YAJAEBU_GUID@@PEBU_ATL_CATMAP_ENTRY@1@H@Z 0000000180005f28 f i SmartCardRW.obj
 0001:000053ac       ?AtlRegisterTypeLib@ATL@@YAJPEAUHINSTANCE__@@PEB_W@Z 00000001800063ac f i SmartCardRW.obj
 0001:000055a8       ?AtlThrowImpl@ATL@@YAXJ@Z  00000001800065a8 f i SmartCardRW.obj
 0001:000055cc       ?AtlUnRegisterTypeLib@ATL@@YAJPEAUHINSTANCE__@@PEB_W@Z 00000001800065cc f i SmartCardRW.obj
 0001:00005694       ?AtlWinModuleExtractCreateWndData@ATL@@YAPEAXPEAU_ATL_WIN_MODULE70@1@@Z 0000000180006694 f i SmartCardRW.obj
 0001:00005720       ?ChToByte@CRegParser@ATL@@KAE_W@Z 0000000180006720 f i SmartCardRW.obj
 0001:000057ac       ?Cleanup@CComTypeInfoHolder@ATL@@SAX_K@Z 00000001800067ac f i SmartCardRW.obj
 0001:000057ec       ?ClearReplacements@CExpansionVector@ATL@@QEAAJXZ 00000001800067ec f i SmartCardRW.obj
 0001:00005888       ?CreateInstance@?$CComCreator@V?$CComAggObject@VCOPOSSmartCardRW@@@ATL@@@ATL@@SAJPEAXAEBU_GUID@@PEAPEAX@Z 0000000180006888 f i SmartCardRW.obj
 0001:0000596c       ?CreateInstance@?$CComCreator@V?$CComObject@VCOPOSSmartCardRW@@@ATL@@@ATL@@SAJPEAXAEBU_GUID@@PEAPEAX@Z 000000018000696c f i SmartCardRW.obj
 0001:00005a2c       ?CreateInstance@?$CComObject@V?$CComEnum@UIEnumConnectionPoints@@$1?_GUID_b196b285_bab4_101a_b69c_00aa00341d07@@3U__s_GUID@@BPEAUIConnectionPoint@@V?$_CopyInterface@UIConnectionPoint@@@ATL@@VCComSingleThreadModel@6@@ATL@@@ATL@@SAJPEAPEAV12@@Z 0000000180006a2c f i SmartCardRW.obj
 0001:00005abc       ?CreateInstance@?$CComObject@V?$CComEnum@UIEnumConnections@@$1?_GUID_b196b287_bab4_101a_b69c_00aa00341d07@@3U__s_GUID@@BUtagCONNECTDATA@@V?$_Copy@UtagCONNECTDATA@@@ATL@@VCComSingleThreadModel@6@@ATL@@@ATL@@SAJPEAPEAV12@@Z 0000000180006abc f i SmartCardRW.obj
 0001:00005b4c       ?DefaultReflectionHandler@?$CWindowImplRoot@VCWindow@ATL@@@ATL@@SAHPEAUHWND__@@I_K_JAEA_J@Z 0000000180006b4c f i SmartCardRW.obj
 0001:00005be0       ?DeleteSubKey@CRegKey@ATL@@QEAAJPEB_W@Z 0000000180006be0 f i SmartCardRW.obj
 0001:00005c78       ?DoEvent@COPOSSmartCardRW@@IEAAXI_K_J@Z 0000000180006c78 f i SmartCardRW.obj
 0001:00005d2c       ?DoVerbPrimary@?$IOleObjectImpl@VCOPOSSmartCardRW@@@ATL@@QEAAJPEBUtagRECT@@PEAUHWND__@@@Z 0000000180006d2c f i SmartCardRW.obj
 0001:00005e58       ?DoVerbProperties@CComControlBase@ATL@@QEAAJPEBUtagRECT@@PEAUHWND__@@@Z 0000000180006e58 f i SmartCardRW.obj
 0001:00006080       ?FireTheEvent@?$CProxy_IOPOSEvents@VCOPOSSmartCardRW@@@@IEAAXPEAVOposVariant@@IAEAJPEB_WJ@Z 0000000180007080 f i SmartCardRW.obj
 0001:0000616c       ?FireViewChange@CComControlBase@ATL@@QEAAJXZ 000000018000716c f i SmartCardRW.obj
 0001:000061d0       ?Fire_DataEvent@?$CProxy_IOPOSEvents@VCOPOSSmartCardRW@@@@QEAAXJ@Z 00000001800071d0 f i SmartCardRW.obj
 0001:000062bc       ?Fire_DirectIOEvent@?$CProxy_IOPOSEvents@VCOPOSSmartCardRW@@@@QEAAXJPEAJPEAPEA_W@Z 00000001800072bc f i SmartCardRW.obj
 0001:0000641c       ?Fire_ErrorEvent@?$CProxy_IOPOSEvents@VCOPOSSmartCardRW@@@@QEAAXJJJPEAJ@Z 000000018000741c f i SmartCardRW.obj
 0001:00006590       ?Fire_OutputCompleteEvent@?$CProxy_IOPOSEvents@VCOPOSSmartCardRW@@@@QEAAXJ@Z 0000000180007590 f i SmartCardRW.obj
 0001:0000667c       ?Fire_StatusUpdateEvent@?$CProxy_IOPOSEvents@VCOPOSSmartCardRW@@@@QEAAXJ@Z 000000018000767c f i SmartCardRW.obj
 0001:00006768       ?FreeHeap@?$CTempBuffer@_W$0EAA@VCCRTAllocator@ATL@@@ATL@@AEAAXXZ 0000000180007768 f i SmartCardRW.obj
 0001:00006768       ?FreeHeap@?$CTempBuffer@_W$0BAA@VCCRTAllocator@ATL@@@ATL@@AEAAXXZ 0000000180007768 f i SmartCardRW.obj
 0001:00006768       ?FreeHeap@?$CTempBuffer@E$0BAA@VCCRTAllocator@ATL@@@ATL@@AEAAXXZ 0000000180007768 f i SmartCardRW.obj
 0001:00006770       ?GetAmbientLocaleID@CComControlBase@ATL@@QEAAJAEAK@Z 0000000180007770 f i SmartCardRW.obj
 0001:00006830       ?GetAmbientUserMode@CComControlBase@ATL@@QEAAJAEAH@Z 0000000180007830 f i SmartCardRW.obj
 0001:00006900       ?GetClassObject@CComModule@ATL@@QEAAJAEBU_GUID@@0PEAPEAX@Z 0000000180007900 f i SmartCardRW.obj
 0001:000069f4       ?GetConnMap@COPOSSmartCardRW@@SAPEBU_ATL_CONNMAP_ENTRY@ATL@@PEAH@Z 00000001800079f4 f i SmartCardRW.obj
 0001:00006a7c       ?GetIDsOfNames@CComTypeInfoHolder@ATL@@QEAAJAEBU_GUID@@PEAPEA_WIKPEAJ@Z 0000000180007a7c f i SmartCardRW.obj
 0001:00006bec       ?GetPagesHelper@?$ISpecifyPropertyPagesImpl@VCOPOSSmartCardRW@@@ATL@@IEAAJPEAUtagCAUUID@@PEBUATL_PROPMAP_ENTRY@2@@Z 0000000180007bec f i SmartCardRW.obj
 0001:00006d8c       ?GetSizeMax@CComVariant@ATL@@QEBAJPEAT_ULARGE_INTEGER@@@Z 0000000180007d8c f i SmartCardRW.obj
 0001:00006fbc       ?GetTI@CComTypeInfoHolder@ATL@@QEAAJK@Z 0000000180007fbc f i SmartCardRW.obj
 0001:000072a0       ?GetZoomInfo@CComControlBase@ATL@@QEAAXAEAUATL_DRAWINFO@@@Z 00000001800082a0 f i SmartCardRW.obj
 0001:00007344       ?HKeyFromString@CRegParser@ATL@@KAPEAUHKEY__@@PEA_W@Z 0000000180008344 f i SmartCardRW.obj
 0001:000073a8       ?IDataObject_GetData@CComControlBase@ATL@@QEAAJPEAUtagFORMATETC@@PEAUtagSTGMEDIUM@@@Z 00000001800083a8 f i SmartCardRW.obj
 0001:0000759c       ?IOleInPlaceObject_InPlaceDeactivate@CComControlBase@ATL@@QEAAJXZ 000000018000859c f i SmartCardRW.obj
 0001:0000763c       ?IOleInPlaceObject_SetObjectRects@CComControlBase@ATL@@QEAAJPEBUtagRECT@@0@Z 000000018000863c f i SmartCardRW.obj
 0001:0000772c       ?IOleInPlaceObject_UIDeactivate@CComControlBase@ATL@@QEAAJXZ 000000018000872c f i SmartCardRW.obj
 0001:00007838       ?IOleObject_Close@CComControlBase@ATL@@QEAAJK@Z 0000000180008838 f i SmartCardRW.obj
 0001:00007950       ?IOleObject_SetClientSite@CComControlBase@ATL@@QEAAJPEAUIOleClientSite@@@Z 0000000180008950 f i SmartCardRW.obj
 0001:000079c4       ?IOleObject_SetExtent@CComControlBase@ATL@@QEAAJKPEAUtagSIZE@@@Z 00000001800089c4 f i SmartCardRW.obj
 0001:00007a5c       ?IPSI_GetIPersistStreamInit@?$IPersistStorageImpl@VCOPOSSmartCardRW@@@ATL@@AEAAPEAUIPersistStreamInit@@XZ 0000000180008a5c f i SmartCardRW.obj
 0001:00007b44       ?IPersistStreamInit_Load@?$IPersistStreamInitImpl@VCOPOSSmartCardRW@@@ATL@@QEAAJPEAUIStream@@PEBUATL_PROPMAP_ENTRY@2@@Z 0000000180008b44 f i SmartCardRW.obj
 0001:00007e6c       ?IPersistStreamInit_Save@?$IPersistStreamInitImpl@VCOPOSSmartCardRW@@@ATL@@QEAAJPEAUIStream@@HPEBUATL_PROPMAP_ENTRY@2@@Z 0000000180008e6c f i SmartCardRW.obj
 0001:00008108       ?IQuickActivate_QuickActivate@CComControlBase@ATL@@QEAAJPEAUtagQACONTAINER@@PEAUtagQACONTROL@@@Z 0000000180009108 f i SmartCardRW.obj
 0001:000083cc       ?IViewObject_Draw@CComControlBase@ATL@@QEAAJKJPEAXPEAUtagDVTARGETDEVICE@@PEAUHDC__@@2PEBU_RECTL@@3@Z 00000001800093cc f i SmartCardRW.obj
 0001:000084e0       ?InPlaceActivate@CComControlBase@ATL@@QEAAJJPEBUtagRECT@@@Z 00000001800094e0 f i SmartCardRW.obj
 0001:00008810       ?Init@?$CComEnumImpl@UIEnumConnectionPoints@@$1?_GUID_b196b285_bab4_101a_b69c_00aa00341d07@@3U__s_GUID@@BPEAUIConnectionPoint@@V?$_CopyInterface@UIConnectionPoint@@@ATL@@@ATL@@QEAAJPEAPEAUIConnectionPoint@@0PEAUIUnknown@@W4CComEnumFlags@2@@Z 0000000180009810 f i SmartCardRW.obj
 0001:0000892c       ?Init@?$CComEnumImpl@UIEnumConnections@@$1?_GUID_b196b287_bab4_101a_b69c_00aa00341d07@@3U__s_GUID@@BUtagCONNECTDATA@@V?$_Copy@UtagCONNECTDATA@@@ATL@@@ATL@@QEAAJPEAUtagCONNECTDATA@@0PEAUIUnknown@@W4CComEnumFlags@2@@Z 000000018000992c f i SmartCardRW.obj
 0001:00008a4c       ?IsEqualObject@?$CComPtrBase@UIOleClientSite@@@ATL@@QEAA_NPEAUIUnknown@@@Z 0000000180009a4c f i SmartCardRW.obj
 0001:00008ad8       ?LoadNameCache@CComTypeInfoHolder@ATL@@QEAAJPEAUITypeInfo@@@Z 0000000180009ad8 f i SmartCardRW.obj
 0001:00008c68       ?Lookup@?$CSimpleMap@PEA_WPEA_WVCExpansionVectorEqualHelper@ATL@@@ATL@@QEBAPEA_WAEBQEA_W@Z 0000000180009c68 f i SmartCardRW.obj
 0001:00008cf0       ?NextToken@CRegParser@ATL@@IEAAJPEA_W@Z 0000000180009cf0 f i SmartCardRW.obj
 0001:00008e8c       ?OnKillFocus@CComControlBase@ATL@@QEAA_JI_K_JAEAH@Z 0000000180009e8c f i SmartCardRW.obj
 0001:00008f28       ?OnMouseActivate@CComControlBase@ATL@@QEAA_JI_K_JAEAH@Z 0000000180009f28 f i SmartCardRW.obj
 0001:00008fc8       ?OnPaint@CComControlBase@ATL@@QEAA_JI_K_JAEAH@Z 0000000180009fc8 f i SmartCardRW.obj
 0001:000090b4       ?OnSetFocus@CComControlBase@ATL@@QEAA_JI_K_JAEAH@Z 000000018000a0b4 f i SmartCardRW.obj
 0001:000091bc       ?PreProcessBuffer@CRegParser@ATL@@QEAAJPEA_WPEAPEA_W@Z 000000018000a1bc f i SmartCardRW.obj
 0001:00009544       ?ProcessWindowMessage@?$CComControl@VCOPOSSmartCardRW@@V?$CWindowImpl@VCOPOSSmartCardRW@@VCWindow@ATL@@V?$CWinTraits@$0FGAAAAAA@$0A@@3@@ATL@@@ATL@@UEAAHPEAUHWND__@@I_K_JAEA_JK@Z 000000018000a544 f i SmartCardRW.obj
 0001:00009630       ?ReadFromStream@CComBSTR@ATL@@QEAAJPEAUIStream@@@Z 000000018000a630 f i SmartCardRW.obj
 0001:00009780       ?ReadFromStream@CComVariant@ATL@@QEAAJPEAUIStream@@GTClassesAllowedInStream@2@K@Z 000000018000a780 f i SmartCardRW.obj
 0001:000099c4       ?RecurseDeleteKey@CRegKey@ATL@@QEAAJPEB_W@Z 000000018000a9c4 f i SmartCardRW.obj
 0001:00009b1c       ?RegCreateKeyExW@CAtlTransactionManager@ATL@@QEAAJPEAUHKEY__@@PEB_WKPEA_WKKQEAU_SECURITY_ATTRIBUTES@@PEAPEAU3@PEAK@Z 000000018000ab1c f i SmartCardRW.obj
 0001:00009c50       ?RegDeleteKeyW@CAtlTransactionManager@ATL@@QEAAJPEAUHKEY__@@PEB_W@Z 000000018000ac50 f i SmartCardRW.obj
 0001:00009cdc       ?RegOpenKeyExW@CAtlTransactionManager@ATL@@QEAAJPEAUHKEY__@@PEB_WKKPEAPEAU3@@Z 000000018000acdc f i SmartCardRW.obj
 0001:00009d94       ?RegisterBuffer@CRegParser@ATL@@QEAAJPEA_WH@Z 000000018000ad94 f i SmartCardRW.obj
 0001:00009f00       ?RegisterFromResource@CRegObject@ATL@@IEAAJPEB_W00H@Z 000000018000af00 f i SmartCardRW.obj
 0001:0000a0bc       ?RegisterServer@CComModule@ATL@@QEAAJHPEBU_GUID@@@Z 000000018000b0bc f i SmartCardRW.obj
 0001:0000a178       ?RegisterSubkeys@CRegParser@ATL@@IEAAJPEA_WPEAUHKEY__@@HH@Z 000000018000b178 f i SmartCardRW.obj
 0001:0000a9f8       ?SendOnDataChange@CComControlBase@ATL@@QEAAJK@Z 000000018000b9f8 f i SmartCardRW.obj
 0001:0000aa68       ?SetControlFocus@CComControlBase@ATL@@QEAAHH@Z 000000018000ba68 f i SmartCardRW.obj
 0001:0000ab38       ?SkipAssignment@CRegParser@ATL@@IEAAJPEA_W@Z 000000018000bb38 f i SmartCardRW.obj
 0001:0000abf0       ?Term@CAtlModule@ATL@@QEAAXXZ 000000018000bbf0 f i SmartCardRW.obj
 0001:0000aca8       ?Term@CComModule@ATL@@QEAAXXZ 000000018000bca8 f i SmartCardRW.obj
 0001:0000ad24       ?UnregisterServer@CComModule@ATL@@QEAAJHPEBU_GUID@@@Z 000000018000bd24 f i SmartCardRW.obj
 0001:0000add4       ?UpdateRegistryFromResource@CAtlModule@ATL@@QEAAJIHPEAU_ATL_REGMAP_ENTRY@2@@Z 000000018000bdd4 f i SmartCardRW.obj
 0001:0000b0e0       ?UpdateRegistryFromResource@CAtlModule@ATL@@QEAAJPEB_WHPEAU_ATL_REGMAP_ENTRY@2@@Z 000000018000c0e0 f i SmartCardRW.obj
 0001:0000b404       ?VTFromRegType@CRegParser@ATL@@KAHPEB_WAEAG@Z 000000018000c404 f i SmartCardRW.obj
 0001:0000b4a0       ?WindowProc@?$CWindowImplBaseT@VCWindow@ATL@@V?$CWinTraits@$0FGAAAAAA@$0A@@2@@ATL@@SA_JPEAUHWND__@@I_K_J@Z 000000018000c4a0 f i SmartCardRW.obj
 0001:0000b60c       ?WriteToStream@CComVariant@ATL@@QEAAJPEAUIStream@@@Z 000000018000c60c f i SmartCardRW.obj
 0001:0000b878       ?WriteToStream@CComVariant@ATL@@QEAAJPEAUIStream@@G@Z 000000018000c878 f i SmartCardRW.obj
 0001:0000b910       ?_AtlVerifyStackAvailable@_ATL_SAFE_ALLOCA_IMPL@ATL@@YA_N_K@Z 000000018000c910 f i SmartCardRW.obj
 0001:0000b994       ?atlCreate@?$CWindowImpl@VCOPOSSmartCardRW@@VCWindow@ATL@@V?$CWinTraits@$0FGAAAAAA@$0A@@3@@ATL@@QEAAPEAUHWND__@@PEAU3@V_U_RECT@2@PEB_WKKV_U_MENUorID@2@PEAX@Z 000000018000c994 f i SmartCardRW.obj
 0001:0000ba50       ?atlCreate@?$CWindowImplBaseT@VCWindow@ATL@@V?$CWinTraits@$0FGAAAAAA@$0A@@2@@ATL@@QEAAPEAUHWND__@@PEAU3@V_U_RECT@2@PEB_WKKV_U_MENUorID@2@GPEAX@Z 000000018000ca50 f i SmartCardRW.obj
 0001:0000bbc0       ?ocscpy_s@@YA_NPEA_W_KPEB_W@Z 000000018000cbc0 f i SmartCardRW.obj
 0001:0000bc70       DllCanUnloadNow            000000018000cc70 f   SmartCardRW.obj
 0001:0000bc7c       DllGetClassObject          000000018000cc7c f   SmartCardRW.obj
 0001:0000bc94       DllMain                    000000018000cc94 f   SmartCardRW.obj
 0001:0000bd3c       DllRegisterServer          000000018000cd3c f   SmartCardRW.obj
 0001:0000bd50       DllUnregisterServer        000000018000cd50 f   SmartCardRW.obj
 0001:0000bd64       __local_stdio_printf_options 000000018000cd64 f i SmartCardRW.obj
 0001:0000bd6c       swprintf_s                 000000018000cd6c f i SmartCardRW.obj
 0001:0000bdc0       ??0COPOSSmartCardRW@@QEAA@XZ 000000018000cdc0 f   SmartCardRWImpl.obj
 0001:0000be90       ??1?$IConnectionPointImpl@VCOPOSSmartCardRW@@$1?DIID__IOPOSSmartCardRWEvents@@3U_GUID@@BVCComDynamicUnkArray@ATL@@@ATL@@QEAA@XZ 000000018000ce90 f i SmartCardRWImpl.obj
 0001:0000be90       ??1?$IConnectionPointImpl@VCOPOSSmartCardRW@@$1?IID_IPropertyNotifySink@@3U_GUID@@BVCComDynamicUnkArray@ATL@@@ATL@@QEAA@XZ 000000018000ce90 f i SmartCardRWImpl.obj
 0001:0000beec       ??1CComControlBase@ATL@@UEAA@XZ 000000018000ceec f i SmartCardRWImpl.obj
 0001:0000bf68       ??1COPOSSmartCardRW@@UEAA@XZ 000000018000cf68 f   SmartCardRWImpl.obj
 0001:0000bfcc       ?BeginInsertion@COPOSSmartCardRW@@UEAAJJPEAJ@Z 000000018000cfcc f   SmartCardRWImpl.obj
 0001:0000c048       ?BeginRemoval@COPOSSmartCardRW@@UEAAJJPEAJ@Z 000000018000d048 f   SmartCardRWImpl.obj
 0001:0000c0c4       ?CheckHealth@COPOSSmartCardRW@@UEAAJJPEAJ@Z 000000018000d0c4 f   SmartCardRWImpl.obj
 0001:0000c140       ?ClaimDevice@COPOSSmartCardRW@@UEAAJJPEAJ@Z 000000018000d140 f   SmartCardRWImpl.obj
 0001:0000c1e0       ?ClearInput@COPOSSmartCardRW@@UEAAJPEAJ@Z 000000018000d1e0 f   SmartCardRWImpl.obj
 0001:0000c208       ?ClearInputProperties@COPOSSmartCardRW@@UEAAJPEAJ@Z 000000018000d208 f   SmartCardRWImpl.obj
 0001:0000c230       ?ClearOutput@COPOSSmartCardRW@@UEAAJPEAJ@Z 000000018000d230 f   SmartCardRWImpl.obj
 0001:0000c258       ?Close@COPOSSmartCardRW@@UEAAJPEAJ@Z 000000018000d258 f   SmartCardRWImpl.obj
 0001:0000c310       ?CompareFirmwareVersion@COPOSSmartCardRW@@UEAAJPEA_WPEAJ1@Z 000000018000d310 f   SmartCardRWImpl.obj
 0001:0000c3ec       ?DirectIO@COPOSSmartCardRW@@UEAAJJPEAJPEAPEA_W0@Z 000000018000d3ec f   SmartCardRWImpl.obj
 0001:0000c4e8       ?DoInvoke@COPOSSmartCardRW@@IEAAJJPEAVOposVariant@@IHPEAJ_N@Z 000000018000d4e8 f   SmartCardRWImpl.obj
 0001:0000c61c       ?EndInsertion@COPOSSmartCardRW@@UEAAJPEAJ@Z 000000018000d61c f   SmartCardRWImpl.obj
 0001:0000c644       ?EndRemoval@COPOSSmartCardRW@@UEAAJPEAJ@Z 000000018000d644 f   SmartCardRWImpl.obj
 0001:0000c66c       ?EventInit@COPOSSmartCardRW@@IEAAJXZ 000000018000d66c f i SmartCardRWImpl.obj
 0001:0000c7bc       ?EventUninit@COPOSSmartCardRW@@IEAAXXZ 000000018000d7bc f i SmartCardRWImpl.obj
 0001:0000c820       ?EventWindowProc@COPOSSmartCardRW@@IEAA_JI_K_J@Z 000000018000d820 f i SmartCardRWImpl.obj
 0001:0000c9e4       ?FinalConstruct@COPOSSmartCardRW@@QEAAJXZ 000000018000d9e4 f   SmartCardRWImpl.obj
 0001:0000ca20       ?FreezeEvents@COPOSSmartCardRW@@MEAAJH@Z 000000018000da20 f   SmartCardRWImpl.obj
 0001:0000ca8c       ?GetOposProp@COPOSSmartCardRW@@IEAAJJPEAJJ@Z 000000018000da8c f   SmartCardRWImpl.obj
 0001:0000cba8       ?GetOposProp@COPOSSmartCardRW@@IEAAJJPEAPEA_WJ@Z 000000018000dba8 f   SmartCardRWImpl.obj
 0001:0000ccd4       ?OnDraw@COPOSSmartCardRW@@MEAAJAEAUATL_DRAWINFO@@@Z 000000018000dcd4 f   SmartCardRWImpl.obj
 0001:0000cdc0       ?Open@COPOSSmartCardRW@@UEAAJPEA_WPEAJ@Z 000000018000ddc0 f   SmartCardRWImpl.obj
 0001:0000d628       ?ReadData@COPOSSmartCardRW@@UEAAJJPEAJPEAPEA_W0@Z 000000018000e628 f   SmartCardRWImpl.obj
 0001:0000d724       ?ReleaseDevice@COPOSSmartCardRW@@UEAAJPEAJ@Z 000000018000e724 f   SmartCardRWImpl.obj
 0001:0000d790       ?ResetStatistics@COPOSSmartCardRW@@UEAAJPEA_WPEAJ@Z 000000018000e790 f   SmartCardRWImpl.obj
 0001:0000d818       ?RetrieveStatistics@COPOSSmartCardRW@@UEAAJPEAPEA_WPEAJ@Z 000000018000e818 f   SmartCardRWImpl.obj
 0001:0000d8a0       ?SOProcessID@COPOSSmartCardRW@@UEAAJPEAJ@Z 000000018000e8a0 f   SmartCardRWImpl.obj
 0001:0000d8bc       ?SetCOFreezeEvents@COPOSSmartCardRW@@IEAAXF@Z 000000018000e8bc f   SmartCardRWImpl.obj
 0001:0000d9a0       ?SetOposProp@COPOSSmartCardRW@@IEAAJJJJ@Z 000000018000e9a0 f   SmartCardRWImpl.obj
 0001:0000db00       ?UpdateFirmware@COPOSSmartCardRW@@UEAAJPEA_WPEAJ@Z 000000018000eb00 f   SmartCardRWImpl.obj
 0001:0000db88       ?UpdateStatistics@COPOSSmartCardRW@@UEAAJPEA_WPEAJ@Z 000000018000eb88 f   SmartCardRWImpl.obj
 0001:0000dc10       ?WriteData@COPOSSmartCardRW@@UEAAJJJPEA_WPEAJ@Z 000000018000ec10 f   SmartCardRWImpl.obj
 0001:0000dd08       ?get_BinaryConversion@COPOSSmartCardRW@@UEAAJPEAJ@Z 000000018000ed08 f   SmartCardRWImpl.obj
 0001:0000dd1c       ?get_CapCardErrorDetection@COPOSSmartCardRW@@UEAAJPEAF@Z 000000018000ed1c f   SmartCardRWImpl.obj
 0001:0000dd50       ?get_CapCompareFirmwareVersion@COPOSSmartCardRW@@UEAAJPEAF@Z 000000018000ed50 f   SmartCardRWImpl.obj
 0001:0000dd84       ?get_CapInterfaceMode@COPOSSmartCardRW@@UEAAJPEAJ@Z 000000018000ed84 f   SmartCardRWImpl.obj
 0001:0000dd98       ?get_CapIsoEmvMode@COPOSSmartCardRW@@UEAAJPEAJ@Z 000000018000ed98 f   SmartCardRWImpl.obj
 0001:0000ddac       ?get_CapPowerReporting@COPOSSmartCardRW@@UEAAJPEAJ@Z 000000018000edac f   SmartCardRWImpl.obj
 0001:0000ddc0       ?get_CapSCPresentSensor@COPOSSmartCardRW@@UEAAJPEAJ@Z 000000018000edc0 f   SmartCardRWImpl.obj
 0001:0000ddd4       ?get_CapSCSlots@COPOSSmartCardRW@@UEAAJPEAJ@Z 000000018000edd4 f   SmartCardRWImpl.obj
 0001:0000dde8       ?get_CapStatisticsReporting@COPOSSmartCardRW@@UEAAJPEAF@Z 000000018000ede8 f   SmartCardRWImpl.obj
 0001:0000de1c       ?get_CapTransmissionProtocol@COPOSSmartCardRW@@UEAAJPEAJ@Z 000000018000ee1c f   SmartCardRWImpl.obj
 0001:0000de30       ?get_CapUpdateFirmware@COPOSSmartCardRW@@UEAAJPEAF@Z 000000018000ee30 f   SmartCardRWImpl.obj
 0001:0000de64       ?get_CapUpdateStatistics@COPOSSmartCardRW@@UEAAJPEAF@Z 000000018000ee64 f   SmartCardRWImpl.obj
 0001:0000de98       ?get_CheckHealthText@COPOSSmartCardRW@@UEAAJPEAPEA_W@Z 000000018000ee98 f   SmartCardRWImpl.obj
 0001:0000deac       ?get_Claimed@COPOSSmartCardRW@@UEAAJPEAF@Z 000000018000eeac f   SmartCardRWImpl.obj
 0001:0000dee0       ?get_ControlObjectDescription@COPOSSmartCardRW@@UEAAJPEAPEA_W@Z 000000018000eee0 f   SmartCardRWImpl.obj
 0001:0000df44       ?get_ControlObjectVersion@COPOSSmartCardRW@@UEAAJPEAJ@Z 000000018000ef44 f   SmartCardRWImpl.obj
 0001:0000df50       ?get_DataCount@COPOSSmartCardRW@@UEAAJPEAJ@Z 000000018000ef50 f   SmartCardRWImpl.obj
 0001:0000df64       ?get_DataEventEnabled@COPOSSmartCardRW@@UEAAJPEAF@Z 000000018000ef64 f   SmartCardRWImpl.obj
 0001:0000df98       ?get_DeviceDescription@COPOSSmartCardRW@@UEAAJPEAPEA_W@Z 000000018000ef98 f   SmartCardRWImpl.obj
 0001:0000dfac       ?get_DeviceEnabled@COPOSSmartCardRW@@UEAAJPEAF@Z 000000018000efac f   SmartCardRWImpl.obj
 0001:0000dfe0       ?get_DeviceName@COPOSSmartCardRW@@UEAAJPEAPEA_W@Z 000000018000efe0 f   SmartCardRWImpl.obj
 0001:0000dff4       ?get_FreezeEvents@COPOSSmartCardRW@@UEAAJPEAF@Z 000000018000eff4 f   SmartCardRWImpl.obj
 0001:0000e024       ?get_InterfaceMode@COPOSSmartCardRW@@UEAAJPEAJ@Z 000000018000f024 f   SmartCardRWImpl.obj
 0001:0000e038       ?get_IsoEmvMode@COPOSSmartCardRW@@UEAAJPEAJ@Z 000000018000f038 f   SmartCardRWImpl.obj
 0001:0000e04c       ?get_OpenResult@COPOSSmartCardRW@@UEAAJPEAJ@Z 000000018000f04c f   SmartCardRWImpl.obj
 0001:0000e058       ?get_OutputID@COPOSSmartCardRW@@UEAAJPEAJ@Z 000000018000f058 f   SmartCardRWImpl.obj
 0001:0000e06c       ?get_PowerNotify@COPOSSmartCardRW@@UEAAJPEAJ@Z 000000018000f06c f   SmartCardRWImpl.obj
 0001:0000e080       ?get_PowerState@COPOSSmartCardRW@@UEAAJPEAJ@Z 000000018000f080 f   SmartCardRWImpl.obj
 0001:0000e094       ?get_ResultCode@COPOSSmartCardRW@@UEAAJPEAJ@Z 000000018000f094 f   SmartCardRWImpl.obj
 0001:0000e0d0       ?get_ResultCodeExtended@COPOSSmartCardRW@@UEAAJPEAJ@Z 000000018000f0d0 f   SmartCardRWImpl.obj
 0001:0000e0e4       ?get_SCPresentSensor@COPOSSmartCardRW@@UEAAJPEAJ@Z 000000018000f0e4 f   SmartCardRWImpl.obj
 0001:0000e0f8       ?get_SCSlot@COPOSSmartCardRW@@UEAAJPEAJ@Z 000000018000f0f8 f   SmartCardRWImpl.obj
 0001:0000e10c       ?get_ServiceObjectDescription@COPOSSmartCardRW@@UEAAJPEAPEA_W@Z 000000018000f10c f   SmartCardRWImpl.obj
 0001:0000e120       ?get_ServiceObjectVersion@COPOSSmartCardRW@@UEAAJPEAJ@Z 000000018000f120 f   SmartCardRWImpl.obj
 0001:0000e134       ?get_State@COPOSSmartCardRW@@UEAAJPEAJ@Z 000000018000f134 f   SmartCardRWImpl.obj
 0001:0000e160       ?get_TransactionInProgress@COPOSSmartCardRW@@UEAAJPEAF@Z 000000018000f160 f   SmartCardRWImpl.obj
 0001:0000e194       ?get_TransmissionProtocol@COPOSSmartCardRW@@UEAAJPEAJ@Z 000000018000f194 f   SmartCardRWImpl.obj
 0001:0000e1a8       ?put_BinaryConversion@COPOSSmartCardRW@@UEAAJJ@Z 000000018000f1a8 f   SmartCardRWImpl.obj
 0001:0000e1bc       ?put_DataEventEnabled@COPOSSmartCardRW@@UEAAJF@Z 000000018000f1bc f   SmartCardRWImpl.obj
 0001:0000e1d4       ?put_DeviceEnabled@COPOSSmartCardRW@@UEAAJF@Z 000000018000f1d4 f   SmartCardRWImpl.obj
 0001:0000e1ec       ?put_FreezeEvents@COPOSSmartCardRW@@UEAAJF@Z 000000018000f1ec f   SmartCardRWImpl.obj
 0001:0000e23c       ?put_InterfaceMode@COPOSSmartCardRW@@UEAAJJ@Z 000000018000f23c f   SmartCardRWImpl.obj
 0001:0000e250       ?put_IsoEmvMode@COPOSSmartCardRW@@UEAAJJ@Z 000000018000f250 f   SmartCardRWImpl.obj
 0001:0000e264       ?put_PowerNotify@COPOSSmartCardRW@@UEAAJJ@Z 000000018000f264 f   SmartCardRWImpl.obj
 0001:0000e278       ?put_SCSlot@COPOSSmartCardRW@@UEAAJJ@Z 000000018000f278 f   SmartCardRWImpl.obj
 0001:0000e28c       ?s_EventWindowProc@COPOSSmartCardRW@@KA_JPEAUHWND__@@I_K_J@Z 000000018000f28c f i SmartCardRWImpl.obj
 0001:0000e308       ??_U@YAPEAX_K@Z            000000018000f308 f   LIBCMT:new_array.obj
 0001:0000e310       ??3@YAXPEAX_K@Z            000000018000f310 f   LIBCMT:delete_scalar_size.obj
 0001:0000e310       ??_V@YAXPEAX@Z             000000018000f310 f   LIBCMT:delete_array.obj
 0001:0000e318       ??_V@YAXPEAX_K@Z           000000018000f318 f   LIBCMT:delete_array_size.obj
 0001:0000e320       __scrt_acquire_startup_lock 000000018000f320 f   LIBCMT:utility.obj
 0001:0000e35c       __scrt_dllmain_after_initialize_c 000000018000f35c f   LIBCMT:utility.obj
 0001:0000e390       __scrt_dllmain_before_initialize_c 000000018000f390 f   LIBCMT:utility.obj
 0001:0000e3a8       __scrt_dllmain_crt_thread_attach 000000018000f3a8 f   LIBCMT:utility.obj
 0001:0000e3d0       __scrt_dllmain_crt_thread_detach 000000018000f3d0 f   LIBCMT:utility.obj
 0001:0000e3e8       __scrt_dllmain_exception_filter 000000018000f3e8 f   LIBCMT:utility.obj
 0001:0000e448       __scrt_dllmain_uninitialize_c 000000018000f448 f   LIBCMT:utility.obj
 0001:0000e478       __scrt_dllmain_uninitialize_critical 000000018000f478 f   LIBCMT:utility.obj
 0001:0000e48c       __scrt_initialize_crt      000000018000f48c f   LIBCMT:utility.obj
 0001:0000e4d8       __scrt_initialize_onexit_tables 000000018000f4d8 f   LIBCMT:utility.obj
 0001:0000e564       __scrt_is_nonwritable_in_current_image 000000018000f564 f   LIBCMT:utility.obj
 0001:0000e5fc       __scrt_release_startup_lock 000000018000f5fc f   LIBCMT:utility.obj
 0001:0000e620       __scrt_uninitialize_crt    000000018000f620 f   LIBCMT:utility.obj
 0001:0000e64c       _onexit                    000000018000f64c f   LIBCMT:utility.obj
 0001:0000e688       atexit                     000000018000f688 f   LIBCMT:utility.obj
 0001:0000e6a0       ??3@YAXPEAX@Z              000000018000f6a0 f   LIBCMT:delete_scalar.obj
 0001:0000e7a0       _Init_thread_footer        000000018000f7a0 f   LIBCMT:thread_safe_statics.obj
 0001:0000e800       _Init_thread_header        000000018000f800 f   LIBCMT:thread_safe_statics.obj
 0001:0000e868       _Init_thread_notify        000000018000f868 f   LIBCMT:thread_safe_statics.obj
 0001:0000e8ac       _Init_thread_wait          000000018000f8ac f   LIBCMT:thread_safe_statics.obj
 0001:0000e910       __raise_securityfailure    000000018000f910 f   LIBCMT:gs_report.obj
 0001:0000e944       __report_gsfailure         000000018000f944 f   LIBCMT:gs_report.obj
 0001:0000ea18       __report_rangecheckfailure 000000018000fa18 f   LIBCMT:gs_report.obj
 0001:0000ea2c       __report_securityfailure   000000018000fa2c f   LIBCMT:gs_report.obj
 0001:0000ebac       ??2@YAPEAX_KAEBUnothrow_t@std@@@Z 000000018000fbac f   LIBCMT:new_scalar_nothrow.obj
 0001:0000ebc0       ??_U@YAPEAX_KAEBUnothrow_t@std@@@Z 000000018000fbc0 f   LIBCMT:new_array_nothrow.obj
 0001:0000ebc8       __GSHandlerCheck           000000018000fbc8 f   LIBCMT:gshandler.obj
 0001:0000ebe8       __GSHandlerCheckCommon     000000018000fbe8 f   LIBCMT:gshandler.obj
 0001:0000ec44       __GSHandlerCheck_SEH       000000018000fc44 f   LIBCMT:gshandlerseh.obj
 0001:0000ece0       _alloca_probe              000000018000fce0 f   LIBCMT:chkstk.obj
 0001:0000ece0       __chkstk                   000000018000fce0 f   LIBCMT:chkstk.obj
 0001:0000ed40       __security_check_cookie    000000018000fd40 f   LIBCMT:amdsecgs.obj
 0001:0000f080       _DllMainCRTStartup         0000000180010080 f   LIBCMT:dll_dllmain.obj
 0001:0000f0c0       ??2@YAPEAX_K@Z             00000001800100c0 f   LIBCMT:new_scalar.obj
 0001:0000f0fc       __isa_available_init       00000001800100fc f   LIBCMT:cpu_disp.obj
 0001:0000f2a0       __scrt_is_ucrt_dll_in_use  00000001800102a0 f   LIBCMT:ucrt_detection.obj
 0001:0000f2ac       __crt_debugger_hook        00000001800102ac f   LIBCMT:utility_desktop.obj
 0001:0000f2b4       __scrt_fastfail            00000001800102b4 f   LIBCMT:utility_desktop.obj
 0001:0000f400       __security_init_cookie     0000000180010400 f   LIBCMT:gs_support.obj
 0001:0000f4ac       ?__scrt_initialize_type_info@@YAXXZ 00000001800104ac f   LIBCMT:tncleanup.obj
 0001:0000f4bc       ?__scrt_uninitialize_type_info@@YAXXZ 00000001800104bc f   LIBCMT:tncleanup.obj
 0001:0000f4c8       __local_stdio_scanf_options 00000001800104c8 f i LIBCMT:default_local_stdio_options.obj
 0001:0000f4d0       __scrt_initialize_default_local_stdio_options 00000001800104d0 f   LIBCMT:default_local_stdio_options.obj
 0001:0000f4ec       __scrt_get_dyn_tls_init_callback 00000001800104ec f   LIBCMT:dyn_tls_init.obj
 0001:0000f4f4       _RTC_Initialize            00000001800104f4 f   LIBCMT:initsect.obj
 0001:0000f530       _RTC_Terminate             0000000180010530 f   LIBCMT:initsect.obj
 0001:0000f56c       ??0bad_alloc@std@@QEAA@AEBV01@@Z 000000018001056c f i LIBCMT:throw_bad_alloc.obj
 0001:0000f5a8       ??0bad_alloc@std@@QEAA@XZ  00000001800105a8 f i LIBCMT:throw_bad_alloc.obj
 0001:0000f5c8       ??0bad_array_new_length@std@@QEAA@AEBV01@@Z 00000001800105c8 f i LIBCMT:throw_bad_alloc.obj
 0001:0000f604       ??0bad_array_new_length@std@@QEAA@XZ 0000000180010604 f i LIBCMT:throw_bad_alloc.obj
 0001:0000f624       ??0exception@std@@QEAA@AEBV01@@Z 0000000180010624 f i LIBCMT:throw_bad_alloc.obj
 0001:0000f658       ??1bad_alloc@std@@UEAA@XZ  0000000180010658 f i LIBCMT:throw_bad_alloc.obj
 0001:0000f658       ??1bad_exception@std@@UEAA@XZ 0000000180010658 f i libvcruntime:frame.obj
 0001:0000f658       ??1bad_array_new_length@std@@UEAA@XZ 0000000180010658 f i LIBCMT:throw_bad_alloc.obj
 0001:0000f66c       ??_Gexception@std@@UEAAPEAXI@Z 000000018001066c f i LIBCMT:throw_bad_alloc.obj
 0001:0000f66c       ??_Gbad_array_new_length@std@@UEAAPEAXI@Z 000000018001066c f i LIBCMT:throw_bad_alloc.obj
 0001:0000f66c       ??_Ebad_alloc@std@@UEAAPEAXI@Z 000000018001066c f i LIBCMT:throw_bad_alloc.obj
 0001:0000f66c       ??_Ebad_exception@std@@UEAAPEAXI@Z 000000018001066c f i libvcruntime:frame.obj
 0001:0000f66c       ??_Eexception@std@@UEAAPEAXI@Z 000000018001066c f i LIBCMT:throw_bad_alloc.obj
 0001:0000f66c       ??_Gbad_alloc@std@@UEAAPEAXI@Z 000000018001066c f i LIBCMT:throw_bad_alloc.obj
 0001:0000f66c       ??_Gbad_exception@std@@UEAAPEAXI@Z 000000018001066c f i libvcruntime:frame.obj
 0001:0000f66c       ??_Ebad_array_new_length@std@@UEAAPEAXI@Z 000000018001066c f i LIBCMT:throw_bad_alloc.obj
 0001:0000f6b0       ?__scrt_throw_std_bad_alloc@@YAXXZ 00000001800106b0 f   LIBCMT:throw_bad_alloc.obj
 0001:0000f6d0       ?__scrt_throw_std_bad_array_new_length@@YAXXZ 00000001800106d0 f   LIBCMT:throw_bad_alloc.obj
 0001:0000f6f0       ?what@exception@std@@UEBAPEBDXZ 00000001800106f0 f i LIBCMT:throw_bad_alloc.obj
 0001:0000f710       ??_Gtype_info@@UEAAPEAXI@Z 0000000180010710 f i LIBCMT:std_type_info_static.obj
 0001:0000f710       ??_Etype_info@@UEAAPEAXI@Z 0000000180010710 f i LIBCMT:std_type_info_static.obj
 0001:0000f73c       ??0CAtlBaseModule@ATL@@QEAA@XZ 000000018001073c f   atls:atlbase.obj
 0001:0000f7e4       ??1CAtlBaseModule@ATL@@QEAA@XZ 00000001800107e4 f   atls:atlbase.obj
[...]
 0002:0000c5b8       $unwind$??$?RV<lambda_2d41944a1d46af3157314b8a01080d33>@@AEAV<lambda_8f455de75cd7d7f24b4096f044d8b9e6>@@V<lambda_aa500f224e6afead328df44964fe2772>@@@?$__crt_seh_guarded_call@X@@QEAAX$$QEAV<lambda_2d41944a1d46af3157314b8a01080d33>@@AEAV<lambda_8f455de75cd7d7f24b4096f044d8b9e6>@@$$QEAV<lambda_aa500f224e6afead328df44964fe2772>@@@Z 00000001800325b8     libucrt:per_thread_data.obj
 0002:0000c5dc       $unwind$__acrt_uninitialize_locale 00000001800325dc     libucrt:wsetlocale.obj
 0002:0000c5dc       $unwind$__acrt_get_sigabrt_handler 00000001800325dc     libucrt:signal.obj
 0002:0000c5e4       $unwind$??$?RV<lambda_410d79af7f07d98d83a3f525b3859a53>@@AEAV<lambda_3e16ef9562a7dcce91392c22ab16ea36>@@V<lambda_38119f0e861e05405d8a144b9b982f0a>@@@?$__crt_seh_guarded_call@X@@QEAAX$$QEAV<lambda_410d79af7f07d98d83a3f525b3859a53>@@AEAV<lambda_3e16ef9562a7dcce91392c22ab16ea36>@@$$QEAV<lambda_38119f0e861e05405d8a144b9b982f0a>@@@Z 00000001800325e4     libucrt:wsetlocale.obj
 0002:0000c60c       $unwind$__acrt_initialize_winapi_thunks 000000018003260c     libucrt:winapi_thunks.obj
 0002:0000c60c       $unwind$__acrt_fenv_get_control 000000018003260c     libucrt:_fenvutils.obj
 0002:0000c614       $unwind$__acrt_fp_format   0000000180032614     libucrt:cvt.obj
 0002:0000c624       $unwind$?fp_format_e_internal@@YAHQEAD_KH_NIQEAU_strflt@@2AEAV__crt_cached_ptd_host@@@Z 0000000180032624     libucrt:cvt.obj
 0002:0000c640       $unwind$?fp_format_a@@YAHQEBNPEAD_KQEAD2H_NIW4__acrt_rounding_mode@@AEAV__crt_cached_ptd_host@@@Z 0000000180032640     libucrt:cvt.obj
 0002:0000c65c       $unwind$?fp_format_g@@YAHQEBNQEAD_K12H_NIW4__acrt_rounding_mode@@AEAV__crt_cached_ptd_host@@@Z 000000018003265c     libucrt:cvt.obj
 0002:0000c674       $unwind$__acrt_initialize_lowio 0000000180032674     libucrt:ioinit.obj
 0002:0000c694       $unwind$??$common_expand_argv_wildcards@D@@YAHQEAPEADQEAPEAPEAD@Z 0000000180032694     libucrt:argv_wildcards.obj
 0002:0000c6ac       $unwind$__dcrt_get_narrow_environment_from_os 00000001800326ac     libucrt:get_environment_from_os.obj
 0002:0000c6ac       $unwind$??$__acrt_convert_wcs_mbs_cp@_WDV<lambda_d8593a27d1aa8c02be35c86a17d324c4>@@U__crt_win32_buffer_internal_dynamic_resizing@@@@YAHQEB_WAEAV?$__crt_win32_buffer@DU__crt_win32_buffer_internal_dynamic_resizing@@@@AEBV<lambda_d8593a27d1aa8c02be35c86a17d324c4>@@I@Z 00000001800326ac     libucrt:argv_wildcards.obj
 0002:0000c6c4       $unwind$??$copy_and_add_argument_to_buffer@D@@YAHQEBD0_KAEAV?$argument_list@D@?A0x5f5c8891@@@Z 00000001800326c4     libucrt:argv_wildcards.obj
 0002:0000c6e0       $unwind$??$expand_argument_wildcards@D@@YAHQEAD0AEAV?$argument_list@D@?A0x5f5c8891@@@Z 00000001800326e0     libucrt:argv_wildcards.obj
 0002:0000c700       $unwind$__acrt_GetModuleFileNameA 0000000180032700     libucrt:getmodulefilenamea.obj
 0002:0000c71c       $unwind$_setmbcp_nolock    000000018003271c     libucrt:mbctype.obj
 0002:0000c73c       $unwind$?update_thread_multibyte_data_internal@@YAPEAU__crt_multibyte_data@@QEAU__acrt_ptd@@QEAPEAU1@@Z 000000018003273c     libucrt:mbctype.obj
 0002:0000c764       $unwind$?setmbcp_internal@@YAHH_NQEAU__acrt_ptd@@QEAPEAU__crt_multibyte_data@@@Z 0000000180032764     libucrt:mbctype.obj
 0002:0000c77c       $unwind$?setSBUpLow@@YAXPEAU__crt_multibyte_data@@@Z 000000018003277c     libucrt:mbctype.obj
 0002:0000c798       $unwind$??$?RV<lambda_efdfa57d1f175319df784efa44bb7b81>@@AEAV<lambda_5f0a4c1567f8adc6734073e5d1e1b35c>@@V<lambda_2e8a7d3640ea6ccb4c2413664c2db6fd>@@@?$__crt_seh_guarded_call@X@@QEAAX$$QEAV<lambda_efdfa57d1f175319df784efa44bb7b81>@@AEAV<lambda_5f0a4c1567f8adc6734073e5d1e1b35c>@@$$QEAV<lambda_2e8a7d3640ea6ccb4c2413664c2db6fd>@@@Z 0000000180032798     libucrt:mbctype.obj
 0002:0000c7bc       $unwind$__acrt_WideCharToMultiByte 00000001800327bc     libucrt:widechartomultibyte.obj
 0002:0000c7c8       $unwind$raise              00000001800327c8     libucrt:signal.obj
 0002:0000c804       $unwind$??$?RV<lambda_450d765d439847d4c735a33c368b5fc0>@@AEAV<lambda_44731a7d0e6d81c3e6aa82d741081786>@@V<lambda_601a2a7da3b7a96e9554ac7215c4b07c>@@@?$__crt_seh_guarded_call@P6AXH@Z@@QEAAP6AXH@Z$$QEAV<lambda_450d765d439847d4c735a33c368b5fc0>@@AEAV<lambda_44731a7d0e6d81c3e6aa82d741081786>@@$$QEAV<lambda_601a2a7da3b7a96e9554ac7215c4b07c>@@@Z 0000000180032804     libucrt:signal.obj
 0002:0000c828       $unwind$fclose             0000000180032828     libucrt:fclose.obj
 0002:0000c828       $unwind$_fflush_nolock     0000000180032828     libucrt:fflush.obj
 0002:0000c838       $unwind$?common_flush_all@@YAH_N@Z 0000000180032838     libucrt:fflush.obj
 0002:0000c840       $unwind$??$?RV<lambda_842d9ff0dc9ef11c61343bbaebe7f885>@@AEAV<lambda_c5860995281e5c4ce005b3de8f5874ee>@@V<lambda_d90129c13df834fdcbf8d2b88dafcf2d>@@@?$__crt_seh_guarded_call@X@@QEAAX$$QEAV<lambda_842d9ff0dc9ef11c61343bbaebe7f885>@@AEAV<lambda_c5860995281e5c4ce005b3de8f5874ee>@@$$QEAV<lambda_d90129c13df834fdcbf8d2b88dafcf2d>@@@Z 0000000180032840     libucrt:fflush.obj
 0002:0000c864       $unwind$??$?RV<lambda_886d6c58226a84441f68b9f2b8217b83>@@AEAV<lambda_ab61a845afdef5b7c387490eaf3616ee>@@V<lambda_f7f22ab5edc0698d5f6905b0d3f44752>@@@?$__crt_seh_guarded_call@X@@QEAAX$$QEAV<lambda_886d6c58226a84441f68b9f2b8217b83>@@AEAV<lambda_ab61a845afdef5b7c387490eaf3616ee>@@$$QEAV<lambda_f7f22ab5edc0698d5f6905b0d3f44752>@@@Z 0000000180032864     libucrt:fflush.obj
 0002:0000c88c       $unwind$__acrt_update_thread_locale_data 000000018003288c     libucrt:locale_refcounting.obj
 0002:0000c8b0       $unwind$__acrt_locale_free_monetary 00000001800328b0     libucrt:initmon.obj
 0002:0000c8b8       $unwind$__acrt_locale_free_time 00000001800328b8     libucrt:inittime.obj
 0002:0000c8c8       $unwind$__acrt_GetStringTypeA 00000001800328c8     libucrt:getstringtypea.obj
 0002:0000c8f0       $unwind$__acrt_fp_strflt_to_string 00000001800328f0     libucrt:_fptostr.obj
 0002:0000c90c       $unwind$__acrt_fltout      000000018003290c     libucrt:cfout.obj
 0002:0000c92c       $unwind$?divide@__crt_strtox@@YA_KAEAUbig_integer@1@AEBU21@@Z 000000018003292c     libucrt:cfout.obj
 0002:0000c944       $chain$0$?divide@__crt_strtox@@YA_KAEAUbig_integer@1@AEBU21@@Z 0000000180032944     libucrt:cfout.obj
 0002:0000c958       $chain$1$?divide@__crt_strtox@@YA_KAEAUbig_integer@1@AEBU21@@Z 0000000180032958     libucrt:cfout.obj
 0002:0000c968       $unwind$?__mbsrtowcs_utf8@__crt_mbstring@@YA_KPEA_WPEAPEBD_KPEAU_Mbstatet@@AEAV__crt_cached_ptd_host@@@Z 0000000180032968     libucrt:mbrtowc.obj
 0002:0000c980       $unwind$_fcloseall         0000000180032980     libucrt:closeall.obj
 0002:0000c9a4       $unwind$__acrt_lowio_destroy_handle_array 00000001800329a4     libucrt:osfinfo.obj
 0002:0000c9b4       $unwind$__acrt_lowio_ensure_fh_exists 00000001800329b4     libucrt:osfinfo.obj
 0002:0000c9e0       $unwind$qsort              00000001800329e0     libucrt:qsort.obj
 0002:0000c9f8       $chain$4$qsort             00000001800329f8     libucrt:qsort.obj
 0002:0000ca1c       $chain$5$qsort             0000000180032a1c     libucrt:qsort.obj
 0002:0000ca2c       $unwind$strpbrk            0000000180032a2c     libucrt:strpbrk.obj
 0002:0000ca3c       $unwind$fallbackMethod     0000000180032a3c     libucrt:strpbrk.obj
 0002:0000ca4c       $unwind$__acrt_LCMapStringA 0000000180032a4c     libucrt:lcmapstringa.obj
 0002:0000ca5c       $unwind$?__acrt_LCMapStringA_stat@@YAHPEAU__crt_locale_pointers@@PEB_WKPEBDHPEADHHH@Z 0000000180032a5c     libucrt:lcmapstringa.obj
 0002:0000ca84       $unwind$_commit            0000000180032a84     libucrt:commit.obj
 0002:0000ca8c       $unwind$??$?RV<lambda_a37b2b86f63e897a80ea819b0eb08c01>@@AEAV<lambda_38ce7e780aa69e748d6df282ebc68efe>@@V<lambda_99fb1378e971ab6e7edea83e3a7a83a2>@@@?$__crt_seh_guarded_call@H@@QEAAH$$QEAV<lambda_a37b2b86f63e897a80ea819b0eb08c01>@@AEAV<lambda_38ce7e780aa69e748d6df282ebc68efe>@@$$QEAV<lambda_99fb1378e971ab6e7edea83e3a7a83a2>@@@Z 0000000180032a8c     libucrt:commit.obj
 0002:0000cab0       $unwind$_write_nolock      0000000180032ab0     libucrt:write.obj
 0002:0000cac8       $unwind$_write_internal    0000000180032ac8     libucrt:write.obj
 0002:0000caf8       $unwind$?write_double_translated_ansi_nolock@@YA?AUwrite_result@?A0x17268360@@HQEBDIAEAV__crt_cached_ptd_host@@@Z 0000000180032af8     libucrt:write.obj
 0002:0000cb20       $ip2state$?write_double_translated_ansi_nolock@@YA?AUwrite_result@?A0x17268360@@HQEBDIAEAV__crt_cached_ptd_host@@@Z 0000000180032b20     libucrt:write.obj
 0002:0000cb28       $unwind$?write_text_ansi_nolock@@YA?AUwrite_result@?A0x17268360@@HQEBDI@Z 0000000180032b28     libucrt:write.obj
 0002:0000cb28       $unwind$?write_text_utf16le_nolock@@YA?AUwrite_result@?A0x17268360@@HQEBDI@Z 0000000180032b28     libucrt:write.obj
 0002:0000cb48       $unwind$?write_text_utf8_nolock@@YA?AUwrite_result@?A0x17268360@@HQEBDI@Z 0000000180032b48     libucrt:write.obj
 0002:0000cb70       $xdatasym                  0000000180032b70     libucrt:log10.obj
 0002:0000cb7c       $unwind$__acrt_fenv_set_control 0000000180032b7c     libucrt:_fenvutils.obj
 0002:0000cb8c       $unwind$?__mbrtoc32_utf8@__crt_mbstring@@YA_KPEA_UPEBD_KPEAU_Mbstatet@@AEAV__crt_cached_ptd_host@@@Z 0000000180032b8c     libucrt:mbrtoc32.obj
 0002:0000cba8       $unwind$?_fclose_nolock_internal@@YAHQEAU_iobuf@@AEAV__crt_cached_ptd_host@@@Z 0000000180032ba8     libucrt:fclose.obj
 0002:0000cbb8       $unwind$?_fclose_internal@@YAHQEAU_iobuf@@AEAV__crt_cached_ptd_host@@@Z 0000000180032bb8     libucrt:fclose.obj
 0002:0000cbdc       $unwind$_putwch_nolock     0000000180032bdc     libucrt:putwch.obj
 0002:0000cbe4       $unwind$common_control87   0000000180032be4     libucrt:ieee.obj
 0002:0000cc10       $unwind$_call_matherr      0000000180032c10     libucrt:libm_error.obj
 0002:0000cc18       $unwind$_handle_error      0000000180032c18     libucrt:libm_error.obj
 0002:0000cc38       $unwind$__acrt_initialize_fma3 0000000180032c38     libucrt:fma3_available.obj
 0002:0000cc40       $unwind$_log_special_common 0000000180032c40     libucrt:log_special.obj
 0002:0000cc4c       $unwind$_close_internal    0000000180032c4c     libucrt:close.obj
 0002:0000cc54       $unwind$??$?RV<lambda_ad8af0d99a0adf03d037d7dffe354bb5>@@AEAV<lambda_c9ba49e555ba839a7b07aa3fbecb7617>@@V<lambda_2f1ebd5d68526518146ae959c9e734c8>@@@?$__crt_seh_guarded_call@H@@QEAAH$$QEAV<lambda_ad8af0d99a0adf03d037d7dffe354bb5>@@AEAV<lambda_c9ba49e555ba839a7b07aa3fbecb7617>@@$$QEAV<lambda_2f1ebd5d68526518146ae959c9e734c8>@@@Z 0000000180032c54     libucrt:close.obj
 0002:0000cc78       $xdatasym                  0000000180032c78     libucrt:fpsr.obj
 0002:0000cc80       $unwind$_raise_exc_ex      0000000180032c80     libucrt:fpexcept.obj
 0002:0000cc94       $unwind$_ctrlfp            0000000180032c94     libucrt:fpctrl.obj
 0002:0000ccbc       $unwind$_IsNonwritableInCurrentImage 0000000180032cbc     LIBCMT:pesect.obj
 0002:0000cce0       $unwind$strrchr            0000000180032ce0     libvcruntime:strrchr.obj
 0002:0000ce50       .edata                     0000000180032e50     OPOSSmartCardRW.exp
 0002:0000ce78       rgpv                       0000000180032e78     OPOSSmartCardRW.exp
 0002:0000ce88       rgszName                   0000000180032e88     OPOSSmartCardRW.exp
 0002:0000ce98       rgwOrd                     0000000180032e98     OPOSSmartCardRW.exp
 0002:0000cea0       szName                     0000000180032ea0     OPOSSmartCardRW.exp
 0002:0000ceb4       $N00001                    0000000180032eb4     OPOSSmartCardRW.exp
 0002:0000cec4       $N00002                    0000000180032ec4     OPOSSmartCardRW.exp
 0002:0000ced6       $N00003                    0000000180032ed6     OPOSSmartCardRW.exp
 0002:0000cee8       $N00004                    0000000180032ee8     OPOSSmartCardRW.exp
 0002:0000d832       .idata$6                   0000000180033832     kernel32:KERNEL32.dll
 0002:0000da4a       .idata$6                   0000000180033a4a     user32:USER32.dll
 0002:0000db7e       .idata$6                   0000000180033b7e     gdi32:GDI32.dll
 0002:0000dc24       .idata$6                   0000000180033c24     advapi32:ADVAPI32.dll
 0002:0000dd40       .idata$6                   0000000180033d40     ole32:ole32.dll
 0002:0000dd4a       .idata$6                   0000000180033d4a     oleaut32:OLEAUT32.dll
 0003:000001c0       ?ObjectMap@@3PAU_ATL_OBJMAP_ENTRY30@ATL@@A 00000001800351c0     SmartCardRW.obj
 0003:000002d0       ?s_SOMethodNames@@3PAPEADA 00000001800352d0     SmartCardRWImpl.obj
 0003:000003a0       ?s_RequiredMethodsPerRelease@@3PAHA 00000001800353a0     SmartCardRWImpl.obj
 0003:000003f0       ?__vcrt_flsindex@@3KA      00000001800353f0     libvcruntime:per_thread_data.obj
 0003:00000400       ?errno_no_memory@@3HA      0000000180035400     libucrt:errno.obj
 0003:00000404       ?doserrno_no_memory@@3KA   0000000180035404     libucrt:errno.obj
 0003:00000410       ?__acrt_flsindex@@3KA      0000000180035410     libucrt:per_thread_data.obj
 0003:000008d0       _mbctypes                  00000001800358d0     libucrt:mbctype.obj
 0003:000009e0       _mbcasemaps                00000001800359e0     libucrt:mbctype.obj
 0003:00000ae0       ?__rgctypeflag@@3PADA      0000000180035ae0     libucrt:mbctype.obj
 0003:00000af0       ?__rgcode_page_info@@3PAUcode_page_info@@A 0000000180035af0     libucrt:mbctype.obj
 0003:00000d90       ?dazSupported@?1??common_control87@@9@9 0000000180035d90     libucrt:ieee.obj
 0003:00000da0       ?__dcrt_lowio_console_output_handle@@3PEAXEA 0000000180035da0     libucrt:initcon.obj
 0003:00000db0       ?dazSupported@?1??_ctrlfp@@9@9 0000000180035db0     libucrt:fpctrl.obj
 0003:00001000       ?is_initialized_as_dll@@3_NA 0000000180036000     LIBCMT:utility.obj
 0003:00001001       ?module_local_atexit_table_initialized@@3_NA 0000000180036001     LIBCMT:utility.obj
 0003:00001008       ?module_local_atexit_table@@3U_onexit_table_t@@A 0000000180036008     LIBCMT:utility.obj
 0003:00001020       ?module_local_at_quick_exit_table@@3U_onexit_table_t@@A 0000000180036020     LIBCMT:utility.obj
 0003:00001038       ?g_tss_cv@@3U_RTL_CONDITION_VARIABLE@@A 0000000180036038     LIBCMT:thread_safe_statics.obj
 0003:00001040       ?g_tss_event@@3PEAXEA      0000000180036040     LIBCMT:thread_safe_statics.obj
 0003:00001048       ?g_tss_mutex@@3U_RTL_CRITICAL_SECTION@@A 0000000180036048     LIBCMT:thread_safe_statics.obj
 0003:00001070       ?g_sleep_condition_variable_cs@@3P6AHPEAU_RTL_CONDITION_VARIABLE@@PEAU_RTL_CRITICAL_SECTION@@K@ZEA 0000000180036070     LIBCMT:thread_safe_statics.obj
 0003:00001078       ?g_wake_all_condition_variable@@3P6AXPEAU_RTL_CONDITION_VARIABLE@@@ZEA 0000000180036078     LIBCMT:thread_safe_statics.obj
 0003:00001080       GS_ExceptionRecord         0000000180036080     LIBCMT:gs_report.obj
 0003:00001120       GS_ContextRecord           0000000180036120     LIBCMT:gs_report.obj
 0003:000015f4       ?__proc_attached@@3HA      00000001800365f4     LIBCMT:dll_dllmain.obj
 0003:00001688       ?AllocateData@@3P6APEAUAtlThunkData_t@@XZEA 0000000180036688     atls:atlthunk.obj
 0003:00001690       ?InitData@@3P6AXPEAUAtlThunkData_t@@PEAX_K@ZEA 0000000180036690     atls:atlthunk.obj
 0003:00001698       ?DataToCode@@3P6AP6A_JPEAUHWND__@@I_K_J@ZPEAUAtlThunkData_t@@@ZEA 0000000180036698     atls:atlthunk.obj
 0003:000016a0       ?FreeData@@3P6AXPEAUAtlThunkData_t@@@ZEA 00000001800366a0     atls:atlthunk.obj
 0003:000016a8       ?Initialized@@3_NA         00000001800366a8     atls:atlthunk.obj
 0003:000016c0       ?__vcrt_startup_thread_ptd@@3U__vcrt_ptd@@A 00000001800366c0     libvcruntime:per_thread_data.obj
 0003:00001740       __vcrt_lock_table          0000000180036740     libvcruntime:locks.obj
 0003:00001768       __vcrt_locks_initialized   0000000180036768     libvcruntime:locks.obj
 0003:000017b0       ?heap@@3V_HeapManager@@A   00000001800367b0     libvcruntime:undname.obj
 0003:000017d8       ?module_handles@@3PAPEAUHINSTANCE__@@A 00000001800367d8     libvcruntime:winapi_downlevel.obj
 0003:000017f0       ?function_pointers@@3PAPEAXA 00000001800367f0     libvcruntime:winapi_downlevel.obj
 0003:00001818       ?__acrt_invalid_parameter_handler@@3V?$dual_state_global@P6AXPEB_W00I_K@Z@__crt_state_management@@A 0000000180036818     libucrt:invalid_parameter.obj
 0003:00001820       ?c_termination_complete@@3JA 0000000180036820     libucrt:exit.obj
 0003:00001828       ?thread_local_exit_callback_func@@3P6AXPEAXK0@ZEA 0000000180036828     libucrt:exit.obj
 0003:00001840       ?program_name@?1???$common_configure_argv@D@@YAHW4_crt_argv_mode@@@Z@4PADA 0000000180036840     libucrt:argv_parsing.obj
 0003:00001998       ?__acrt_new_handler@@3V?$dual_state_global@P6AH_K@Z@__crt_state_management@@A 0000000180036998     libucrt:new_handler.obj
 0003:000019b0       ?module_handles@@3PAPEAUHINSTANCE__@@A 00000001800369b0     libucrt:winapi_thunks.obj
 0003:00001a50       ?encoded_function_pointers@@3PAPEAXA 0000000180036a50     libucrt:winapi_thunks.obj
 0003:00001b40       ?internal_state@?1??_mbtowc_internal@@9@4U_Mbstatet@@A 0000000180036b40     libucrt:mbtowc.obj
 0003:00001b58       ?enable_percent_n@@3_KA    0000000180036b58     libucrt:printf_count_output.obj
 0003:00001f80       ?__acrt_lock_table@@3PAU_RTL_CRITICAL_SECTION@@A 0000000180036f80     libucrt:locks.obj
 0003:000021b0       ?__acrt_locks_initialized@@3IA 00000001800371b0     libucrt:locks.obj
 0003:000021d0       ?fSystemSet@@3HA           00000001800371d0     libucrt:mbctype.obj
 0003:000021d4       ?initialized@?1??__acrt_initialize_multibyte@@9@4_NA 00000001800371d4     libucrt:mbctype.obj
 0003:00002210       ?ctrlc_action@@3V?$dual_state_global@P6AXH@Z@__crt_state_management@@A 0000000180037210     libucrt:signal.obj
 0003:00002218       ?ctrlbreak_action@@3V?$dual_state_global@P6AXH@Z@__crt_state_management@@A 0000000180037218     libucrt:signal.obj
 0003:00002220       ?abort_action@@3V?$dual_state_global@P6AXH@Z@__crt_state_management@@A 0000000180037220     libucrt:signal.obj
 0003:00002228       ?term_action@@3V?$dual_state_global@P6AXH@Z@__crt_state_management@@A 0000000180037228     libucrt:signal.obj
 0003:00002230       ?user_matherr@@3V?$dual_state_global@P6AHPEAU_exception@@@Z@__crt_state_management@@A 0000000180037230     libucrt:matherr.obj
 0003:00002240       ?__acrt_global_new_mode@@3V?$dual_state_global@J@__crt_state_management@@A 0000000180037240     libucrt:new_mode.obj
 0003:00002248       ?internal_pst@?1??__mbrtoc32_utf8@__crt_mbstring@@YA_KPEA_UPEBD_KPEAU_Mbstatet@@AEAV__crt_cached_ptd_host@@@Z@4U3@A 0000000180037248     libucrt:mbrtoc32.obj
 0003:00002250       ?__acrt_app_type@@3W4_crt_app_type@@A 0000000180037250     libucrt:report_runtime_error.obj
 0005:00000000       MoveSmall                  000000018003b000     libvcruntime:memcpy.obj
 0005:00000040       MoveSmallYmm               000000018003b040     libvcruntime:memcpy.obj
 0005:00000064       MoveSmallYmmNT             000000018003b064     libvcruntime:memcpy.obj
 0005:00000088       MoveSmallXmm               000000018003b088     libvcruntime:memcpy.obj
 0005:000000b0       MsetTab                    000000018003b0b0     libvcruntime:memset.obj
 0006:00000220       $R000000                   000000018003c220     SmartCardRW.res
 0006:00000bc0       $R0009A0                   000000018003cbc0     SmartCardRW.res
 0006:00000ca8       $R000A88                   000000018003cca8     SmartCardRW.res
 0006:00000f10       $R000CF0                   000000018003cf10     SmartCardRW.res
 0006:00001420       $R001200                   000000018003d420     SmartCardRW.res
 0006:00004458       $R004238                   0000000180040458     SmartCardRW.res
 0006:00004490       $R004270                   0000000180040490     SmartCardRW.res
