 OPOSCashChanger

 Timestamp is 5c443743 (Sun Jan 20 17:54:27 2019)

 Preferred load address is 0000000180000000

 Start         Length     Name                   Class
 0001:00000000 000000c0H .text$di                CODE
 0001:000000c0 0001fb20H .text$mn                CODE
 0001:0001fbe0 00000020H .text$mn$00             CODE
 0001:0001fc00 00000410H .text$x                 CODE
 0001:00020010 000000c0H .text$yd                CODE
 0002:00000000 00000620H .idata$5                DATA
 0002:00000620 00000010H .00cfg                  DATA
 0002:00000630 00000008H .CRT$XCA                DATA
 0002:00000638 00000008H .CRT$XCL                DATA
 0002:00000640 00000020H .CRT$XCU                DATA
 0002:00000660 00000008H .CRT$XCZ                DATA
 0002:00000668 00000008H .CRT$XIA                DATA
 0002:00000670 00000020H .CRT$XIC                DATA
 0002:00000690 00000008H .CRT$XIZ                DATA
 0002:00000698 00000008H .CRT$XLA                DATA
 0002:000006a0 00000008H .CRT$XLZ                DATA
 0002:000006a8 00000008H .CRT$XPA                DATA
 0002:000006b0 00000010H .CRT$XPX                DATA
 0002:000006c0 00000008H .CRT$XPXA               DATA
 0002:000006c8 00000008H .CRT$XPZ                DATA
 0002:000006d0 00000008H .CRT$XTA                DATA
 0002:000006d8 00000008H .CRT$XTZ                DATA
 0002:000006e0 00000000H .gfids$x                DATA
 0002:000006e0 00000000H .gfids$y                DATA
 0002:000006e0 0000a370H .rdata                  DATA
 0002:0000aa50 00000028H .rdata$T                DATA
 0002:0000aa78 00000274H .rdata$r                DATA
 0002:0000acec 000003fcH .rdata$zzzdbg           DATA
 0002:0000b0e8 00000008H .rtc$IAA                DATA
 0002:0000b0f0 00000008H .rtc$IZZ                DATA
 0002:0000b0f8 00000008H .rtc$TAA                DATA
 0002:0000b100 00000008H .rtc$TZZ                DATA
 0002:0000b108 00000004H .tls                    DATA
 0002:0000b10c 00000004H .tls$                   DATA
 0002:0000b110 00000008H .tls$ZZZ                DATA
 0002:0000b118 00001638H .xdata                  DATA
 0002:0000c750 00000150H .xdata$x                DATA
 0002:0000c8a0 00000008H ATL$__a                 DATA
 0002:0000c8a8 00000008H ATL$__z                 DATA
 0002:0000c8b0 000000acH .edata                  DATA
 0002:0000c95c 00000078H .idata$2                DATA
 0002:0000c9d4 00000014H .idata$3                DATA
 0002:0000c9e8 00000620H .idata$4                DATA
 0002:0000d008 00000c3aH .idata$6                DATA
 0003:00000000 00000ca8H .data                   DATA
 0003:00000ca8 000000c8H .data$r                 DATA
 0003:00000d70 000013d4H .bss                    DATA
 0004:00000000 00001f38H .pdata                  DATA
 0005:00000000 00000220H .rsrc$01                DATA
 0005:00000220 00004e20H .rsrc$02                DATA

  Address         Publics by Value              Rva+Base               Lib:Object

 0000:00000000       __guard_fids_count         0000000000000000     <absolute>
 0000:00000000       __guard_longjmp_count      0000000000000000     <absolute>
 0000:00000000       __guard_longjmp_table      0000000000000000     <absolute>
 0000:00000000       __hybrid_code_map          0000000000000000     <absolute>
 0000:00000000       __guard_iat_count          0000000000000000     <absolute>
 0000:00000000       __guard_iat_table          0000000000000000     <absolute>
 0000:00000000       __volatile_metadata        0000000000000000     <absolute>
 0000:00000000       __hybrid_code_map_count    0000000000000000     <absolute>
 0000:00000000       __enclave_config           0000000000000000     <absolute>
 0000:00000000       ___safe_se_handler_count   0000000000000000     <absolute>
 0000:00000000       ___safe_se_handler_table   0000000000000000     <absolute>
 0000:00000000       __guard_fids_table         0000000000000000     <absolute>
 0000:00000000       __hybrid_auxiliary_iat     0000000000000000     <absolute>
 0000:00000000       __dynamic_value_reloc_table 0000000000000000     <absolute>
 0000:00000100       __guard_flags              0000000000000100     <absolute>
 0000:00000000       __ImageBase                0000000180000000     <linker-defined>
 0001:000000c0       ?DupWide@_CW@@AEAAXXZ      00000001800010c0 f   CWString.obj
 0001:000000e8       ?cw_dup@@YAXPEBDAEAHAEAPEA_W1@Z 00000001800010e8 f   CWString.obj
 0001:00000194       ?cw_memcpy@@YAHPEA_WPEBDH@Z 0000000180001194 f   CWString.obj
 0001:000001e0       ?cw_strcpy@@YAHPEA_WPEBD@Z 00000001800011e0 f   CWString.obj
 0001:000001f4       ??0CAtlComModule@ATL@@QEAA@XZ 00000001800011f4 f i OposVariant.obj
 0001:0000027c       ??0CAtlWinModule@ATL@@QEAA@XZ 000000018000127c f i OposVariant.obj
 0001:000002f4       ??0OposDispParms@@QEAA@PEAVOposVariant@@H@Z 00000001800012f4 f   OposVariant.obj
 0001:0000039c       ??1OposDispParms@@QEAA@XZ  000000018000139c f   OposVariant.obj
 0001:000003b4       ??_Estringdispid@CComTypeInfoHolder@ATL@@QEAAPEAXI@Z 00000001800013b4 f i OposVariant.obj
 0001:00000458       ?AtlWinModuleTerm@ATL@@YAJPEAU_ATL_WIN_MODULE70@1@PEAUHINSTANCE__@@@Z 0000000180001458 f i OposVariant.obj
 0001:00000508       ?ChangeBSTR@OposVariant@@QEAAXPEAPEA_WAEAJ@Z 0000000180001508 f   OposVariant.obj
 0001:00000568       ?ChangeLONG@OposVariant@@QEAAXPEAJAEAJ@Z 0000000180001568 f   OposVariant.obj
 0001:000005c4       ?GetLONG@OposVariant@@QEAAJXZ 00000001800015c4 f   OposVariant.obj
 0001:000005e8       ?SetBSTR@OposVariant@@QEAAXPEA_WAEAJ@Z 00000001800015e8 f   OposVariant.obj
 0001:00000628       ?SetBSTR_Copy@OposVariant@@QEAAXPEA_WAEAJ@Z 0000000180001628 f   OposVariant.obj
 0001:00000698       ?SetBSTR_InOutPtr@OposVariant@@QEAA_NPEAPEA_WAEAJ@Z 0000000180001698 f   OposVariant.obj
 0001:000006e8       ?SetBSTR_OutPtr@OposVariant@@QEAA_NPEAPEA_WAEAJ@Z 00000001800016e8 f   OposVariant.obj
 0001:00000704       ?SetDispatch_Ptr@OposVariant@@QEAAXPEAUIDispatch@@AEAJ@Z 0000000180001704 f   OposVariant.obj
 0001:0000075c       ?SetLONG@OposVariant@@QEAAXJ@Z 000000018000175c f   OposVariant.obj
 0001:0000078c       ?SetLONG_Ptr@OposVariant@@QEAAXPEAJAEAJ@Z 000000018000178c f   OposVariant.obj
 0001:000007d8       ?SetString@OposVariant@@QEAAXPEB_WAEAJ@Z 00000001800017d8 f   OposVariant.obj
 0001:0000083c       ?SetVARIANT_BOOL@OposVariant@@QEAAXF@Z 000000018000183c f   OposVariant.obj
 0001:00000874       ?SetVARIANT_BOOL_Ptr@OposVariant@@QEAAXPEAFAEAJ@Z 0000000180001874 f   OposVariant.obj
 0001:000008c0       ?Term@CAtlComModule@ATL@@QEAAXXZ 00000001800018c0 f i OposVariant.obj
 0001:00000930       ?_AtlInitializeCriticalSectionEx@ATL@@YAHPEAU_RTL_CRITICAL_SECTION@@KK@Z 0000000180001930 f i OposVariant.obj
 0001:00000938       ?_AtlRaiseException@ATL@@YAXKK@Z 0000000180001938 f i OposVariant.obj
 0001:00000948       ?AddRef@?$CComAggObject@VCOPOSCashChanger@@@ATL@@UEAAKXZ 0000000180001948 f i CashChanger.obj
 0001:00000954       ?Release@?$CComAggObject@VCOPOSCashChanger@@@ATL@@UEAAKXZ 0000000180001954 f i CashChanger.obj
 0001:000009a8       ?QueryInterface@?$CComAggObject@VCOPOSCashChanger@@@ATL@@UEAAJAEBU_GUID@@PEAPEAX@Z 00000001800019a8 f i CashChanger.obj
 0001:00000a08       ?AddRef@?$CComContainedObject@VCOPOSCashChanger@@@ATL@@UEAAKXZ 0000000180001a08 f i CashChanger.obj
 0001:00000a18       ?Release@?$CComContainedObject@VCOPOSCashChanger@@@ATL@@UEAAKXZ 0000000180001a18 f i CashChanger.obj
 0001:00000a28       ?QueryInterface@?$CComContainedObject@VCOPOSCashChanger@@@ATL@@UEAAJAEBU_GUID@@PEAPEAX@Z 0000000180001a28 f i CashChanger.obj
 0001:00000a38       ??_E?$CComAggObject@VCOPOSCashChanger@@@ATL@@UEAAPEAXI@Z 0000000180001a38 f i CashChanger.obj
 0001:00000a38       ??_G?$CComAggObject@VCOPOSCashChanger@@@ATL@@UEAAPEAXI@Z 0000000180001a38 f i CashChanger.obj
 0001:00000a90       ?AddRef@?$CComObject@VCOPOSCashChanger@@@ATL@@UEAAKXZ 0000000180001a90 f i CashChanger.obj
 0001:00000aa0       ?Release@?$CComObject@VCOPOSCashChanger@@@ATL@@UEAAKXZ 0000000180001aa0 f i CashChanger.obj
 0001:00000af8       ?QueryInterface@?$CComObject@VCOPOSCashChanger@@@ATL@@UEAAJAEBU_GUID@@PEAPEAX@Z 0000000180001af8 f i CashChanger.obj
 0001:00000b0c       ?ObjectMain@CComObjectRootBase@ATL@@SAX_N@Z 0000000180001b0c f i CashChanger.obj
 0001:00000b0c       ?OnFinalMessage@?$CWindowImplBaseT@VCWindow@ATL@@V?$CWinTraits@$0FGAAAAAA@$0A@@2@@ATL@@UEAAXPEAUHWND__@@@Z 0000000180001b0c f i CashChanger.obj
 0001:00000b0c       _guard_check_icall_nop     0000000180001b0c f i LIBCMT:guard_support.obj
 0001:00000b10       ?Update@?$IOleObjectImpl@VCOPOSCashChanger@@@ATL@@UEAAJXZ 0000000180001b10 f i CashChanger.obj
 0001:00000b10       ?GetCategoryMap@CComObjectRootBase@ATL@@SAPEBU_ATL_CATMAP_ENTRY@2@XZ 0000000180001b10 f i CashChanger.obj
 0001:00000b10       ?SetHostNames@?$IOleObjectImpl@VCOPOSCashChanger@@@ATL@@UEAAJPEB_W0@Z 0000000180001b10 f i CashChanger.obj
 0001:00000b10       ?OnAmbientPropertyChange@?$IOleControlImpl@VCOPOSCashChanger@@@ATL@@UEAAJJ@Z 0000000180001b10 f i CashChanger.obj
 0001:00000b10       ?IsUpToDate@?$IOleObjectImpl@VCOPOSCashChanger@@@ATL@@UEAAJXZ 0000000180001b10 f i CashChanger.obj
 0001:00000b10       ?Release@CRegObject@ATL@@UEAAKXZ 0000000180001b10 f i CashChanger.obj
 0001:00000b10       ?EnableModeless@?$IOleInPlaceActiveObjectImpl@VCOPOSCashChanger@@@ATL@@UEAAJH@Z 0000000180001b10 f i CashChanger.obj
 0001:00000b10       ?SaveCompleted@?$IPersistStorageImpl@VCOPOSCashChanger@@@ATL@@UEAAJPEAUIStorage@@@Z 0000000180001b10 f i CashChanger.obj
 0001:00000b10       ?HandsOffStorage@?$IPersistStorageImpl@VCOPOSCashChanger@@@ATL@@UEAAJXZ 0000000180001b10 f i CashChanger.obj
 0001:00000b10       ?OnFrameWindowActivate@?$IOleInPlaceActiveObjectImpl@VCOPOSCashChanger@@@ATL@@UEAAJH@Z 0000000180001b10 f i CashChanger.obj
 0001:00000b10       ?GetObjectDescription@?$CComCoClass@VCOPOSCashChanger@@$1?CLSID_OPOSCashChanger@@3U_GUID@@B@ATL@@SAPEB_WXZ 0000000180001b10 f i CashChanger.obj
 0001:00000b10       ?ResizeBorder@?$IOleInPlaceActiveObjectImpl@VCOPOSCashChanger@@@ATL@@UEAAJPEBUtagRECT@@PEAUIOleInPlaceUIWindow@@H@Z 0000000180001b10 f i CashChanger.obj
 0001:00000b14       ?OnDrawAdvanced@CComControlBase@ATL@@UEAAJAEAUATL_DRAWINFO@@@Z 0000000180001b14 f i CashChanger.obj
 0001:00000c34       ?CreateInstance@CComClassFactory@ATL@@UEAAJPEAUIUnknown@@AEBU_GUID@@PEAPEAX@Z 0000000180001c34 f i CashChanger.obj
 0001:00000c94       ?LockServer@CComClassFactory@ATL@@UEAAJH@Z 0000000180001c94 f i CashChanger.obj
 0001:00000cb8       ??_GCComClassFactory@ATL@@UEAAPEAXI@Z 0000000180001cb8 f i CashChanger.obj
 0001:00000cb8       ??_ECComClassFactory@ATL@@UEAAPEAXI@Z 0000000180001cb8 f i CashChanger.obj
 0001:00000d08       ?Next@?$CComEnumImpl@UIEnumConnections@@$1?_GUID_b196b287_bab4_101a_b69c_00aa00341d07@@3U__s_GUID@@BUtagCONNECTDATA@@V?$_Copy@UtagCONNECTDATA@@@ATL@@@ATL@@UEAAJKPEAUtagCONNECTDATA@@PEAK@Z 0000000180001d08 f i CashChanger.obj
 0001:00000ddc       ?Skip@?$CComEnumImpl@UIEnumConnections@@$1?_GUID_b196b287_bab4_101a_b69c_00aa00341d07@@3U__s_GUID@@BUtagCONNECTDATA@@V?$_Copy@UtagCONNECTDATA@@@ATL@@@ATL@@UEAAJK@Z 0000000180001ddc f i CashChanger.obj
 0001:00000e08       ?Reset@?$CComEnumImpl@UIEnumConnections@@$1?_GUID_b196b287_bab4_101a_b69c_00aa00341d07@@3U__s_GUID@@BUtagCONNECTDATA@@V?$_Copy@UtagCONNECTDATA@@@ATL@@@ATL@@UEAAJXZ 0000000180001e08 f i CashChanger.obj
 0001:00000e08       ?Reset@?$CComEnumImpl@UIEnumConnectionPoints@@$1?_GUID_b196b285_bab4_101a_b69c_00aa00341d07@@3U__s_GUID@@BPEAUIConnectionPoint@@V?$_CopyInterface@UIConnectionPoint@@@ATL@@@ATL@@UEAAJXZ 0000000180001e08 f i CashChanger.obj
 0001:00000e14       ?Clone@?$CComEnumImpl@UIEnumConnections@@$1?_GUID_b196b287_bab4_101a_b69c_00aa00341d07@@3U__s_GUID@@BUtagCONNECTDATA@@V?$_Copy@UtagCONNECTDATA@@@ATL@@@ATL@@UEAAJPEAPEAUIEnumConnections@@@Z 0000000180001e14 f i CashChanger.obj
 0001:00000f3c       ?AddRef@?$CComObject@V?$CComEnum@UIEnumConnections@@$1?_GUID_b196b287_bab4_101a_b69c_00aa00341d07@@3U__s_GUID@@BUtagCONNECTDATA@@V?$_Copy@UtagCONNECTDATA@@@ATL@@VCComSingleThreadModel@6@@ATL@@@ATL@@UEAAKXZ 0000000180001f3c f i CashChanger.obj
 0001:00000f3c       ?AddRef@?$CComObject@V?$CComEnum@UIEnumConnectionPoints@@$1?_GUID_b196b285_bab4_101a_b69c_00aa00341d07@@3U__s_GUID@@BPEAUIConnectionPoint@@V?$_CopyInterface@UIConnectionPoint@@@ATL@@VCComSingleThreadModel@6@@ATL@@@ATL@@UEAAKXZ 0000000180001f3c f i CashChanger.obj
 0001:00000f48       ?Release@?$CComObject@V?$CComEnum@UIEnumConnectionPoints@@$1?_GUID_b196b285_bab4_101a_b69c_00aa00341d07@@3U__s_GUID@@BPEAUIConnectionPoint@@V?$_CopyInterface@UIConnectionPoint@@@ATL@@VCComSingleThreadModel@6@@ATL@@@ATL@@UEAAKXZ 0000000180001f48 f i CashChanger.obj
 0001:00000f48       ?Release@?$CComObject@V?$CComEnum@UIEnumConnections@@$1?_GUID_b196b287_bab4_101a_b69c_00aa00341d07@@3U__s_GUID@@BUtagCONNECTDATA@@V?$_Copy@UtagCONNECTDATA@@@ATL@@VCComSingleThreadModel@6@@ATL@@@ATL@@UEAAKXZ 0000000180001f48 f i CashChanger.obj
 0001:00000f9c       ?QueryInterface@?$CComObject@V?$CComEnum@UIEnumConnections@@$1?_GUID_b196b287_bab4_101a_b69c_00aa00341d07@@3U__s_GUID@@BUtagCONNECTDATA@@V?$_Copy@UtagCONNECTDATA@@@ATL@@VCComSingleThreadModel@6@@ATL@@@ATL@@UEAAJAEBU_GUID@@PEAPEAX@Z 0000000180001f9c f i CashChanger.obj
 0001:00000fb0       ??_E?$CComObject@V?$CComEnum@UIEnumConnections@@$1?_GUID_b196b287_bab4_101a_b69c_00aa00341d07@@3U__s_GUID@@BUtagCONNECTDATA@@V?$_Copy@UtagCONNECTDATA@@@ATL@@VCComSingleThreadModel@6@@ATL@@@ATL@@UEAAPEAXI@Z 0000000180001fb0 f i CashChanger.obj
 0001:00000fb0       ??_G?$CComObject@V?$CComEnum@UIEnumConnections@@$1?_GUID_b196b287_bab4_101a_b69c_00aa00341d07@@3U__s_GUID@@BUtagCONNECTDATA@@V?$_Copy@UtagCONNECTDATA@@@ATL@@VCComSingleThreadModel@6@@ATL@@@ATL@@UEAAPEAXI@Z 0000000180001fb0 f i CashChanger.obj
 0001:00001008       ??_E?$CComObject@VCOPOSCashChanger@@@ATL@@W7EAAPEAXI@Z 0000000180002008 f i CashChanger.obj
 0001:00001014       ??_E?$CComObject@VCOPOSCashChanger@@@ATL@@WHA@EAAPEAXI@Z 0000000180002014 f i CashChanger.obj
 0001:00001020       ?QueryInterface@?$CComObject@VCOPOSCashChanger@@@ATL@@WLI@EAAJAEBU_GUID@@PEAPEAX@Z 0000000180002020 f i CashChanger.obj
 0001:0000102c       ?AddRef@?$CComObject@VCOPOSCashChanger@@@ATL@@WLI@EAAKXZ 000000018000202c f i CashChanger.obj
 0001:00001038       ?Release@?$CComObject@VCOPOSCashChanger@@@ATL@@WLI@EAAKXZ 0000000180002038 f i CashChanger.obj
 0001:00001044       ?QueryInterface@?$CComObject@VCOPOSCashChanger@@@ATL@@WMA@EAAJAEBU_GUID@@PEAPEAX@Z 0000000180002044 f i CashChanger.obj
 0001:00001050       ?AddRef@?$CComObject@VCOPOSCashChanger@@@ATL@@WMA@EAAKXZ 0000000180002050 f i CashChanger.obj
 0001:0000105c       ?Release@?$CComObject@VCOPOSCashChanger@@@ATL@@WMA@EAAKXZ 000000018000205c f i CashChanger.obj
 0001:00001068       ?QueryInterface@?$CComObject@VCOPOSCashChanger@@@ATL@@WMI@EAAJAEBU_GUID@@PEAPEAX@Z 0000000180002068 f i CashChanger.obj
 0001:00001074       ?AddRef@?$CComObject@VCOPOSCashChanger@@@ATL@@WMI@EAAKXZ 0000000180002074 f i CashChanger.obj
 0001:00001080       ?Release@?$CComObject@VCOPOSCashChanger@@@ATL@@WMI@EAAKXZ 0000000180002080 f i CashChanger.obj
 0001:0000108c       ?QueryInterface@?$CComObject@VCOPOSCashChanger@@@ATL@@WNA@EAAJAEBU_GUID@@PEAPEAX@Z 000000018000208c f i CashChanger.obj
 0001:00001098       ?AddRef@?$CComObject@VCOPOSCashChanger@@@ATL@@WNA@EAAKXZ 0000000180002098 f i CashChanger.obj
 0001:000010a4       ?Release@?$CComObject@VCOPOSCashChanger@@@ATL@@WNA@EAAKXZ 00000001800020a4 f i CashChanger.obj
 0001:000010b0       ?QueryInterface@?$CComObject@VCOPOSCashChanger@@@ATL@@WNI@EAAJAEBU_GUID@@PEAPEAX@Z 00000001800020b0 f i CashChanger.obj
 0001:000010bc       ?AddRef@?$CComObject@VCOPOSCashChanger@@@ATL@@WNI@EAAKXZ 00000001800020bc f i CashChanger.obj
 0001:000010c8       ?Release@?$CComObject@VCOPOSCashChanger@@@ATL@@WNI@EAAKXZ 00000001800020c8 f i CashChanger.obj
 0001:000010d4       ?QueryInterface@?$CComObject@VCOPOSCashChanger@@@ATL@@WOA@EAAJAEBU_GUID@@PEAPEAX@Z 00000001800020d4 f i CashChanger.obj
 0001:000010e0       ?AddRef@?$CComObject@VCOPOSCashChanger@@@ATL@@WOA@EAAKXZ 00000001800020e0 f i CashChanger.obj
 0001:000010ec       ?Release@?$CComObject@VCOPOSCashChanger@@@ATL@@WOA@EAAKXZ 00000001800020ec f i CashChanger.obj
 0001:000010f8       ?QueryInterface@?$CComObject@VCOPOSCashChanger@@@ATL@@WOI@EAAJAEBU_GUID@@PEAPEAX@Z 00000001800020f8 f i CashChanger.obj
 0001:00001104       ?AddRef@?$CComObject@VCOPOSCashChanger@@@ATL@@WOI@EAAKXZ 0000000180002104 f i CashChanger.obj
 0001:00001110       ?Release@?$CComObject@VCOPOSCashChanger@@@ATL@@WOI@EAAKXZ 0000000180002110 f i CashChanger.obj
 0001:0000111c       ?QueryInterface@?$CComObject@VCOPOSCashChanger@@@ATL@@WPA@EAAJAEBU_GUID@@PEAPEAX@Z 000000018000211c f i CashChanger.obj
 0001:00001128       ?AddRef@?$CComObject@VCOPOSCashChanger@@@ATL@@WPA@EAAKXZ 0000000180002128 f i CashChanger.obj
 0001:00001134       ?Release@?$CComObject@VCOPOSCashChanger@@@ATL@@WPA@EAAKXZ 0000000180002134 f i CashChanger.obj
 0001:00001140       ?QueryInterface@?$CComObject@VCOPOSCashChanger@@@ATL@@WPI@EAAJAEBU_GUID@@PEAPEAX@Z 0000000180002140 f i CashChanger.obj
 0001:0000114c       ?AddRef@?$CComObject@VCOPOSCashChanger@@@ATL@@WPI@EAAKXZ 000000018000214c f i CashChanger.obj
 0001:00001158       ?Release@?$CComObject@VCOPOSCashChanger@@@ATL@@WPI@EAAKXZ 0000000180002158 f i CashChanger.obj
 0001:00001164       ?QueryInterface@?$CComObject@VCOPOSCashChanger@@@ATL@@WBAA@EAAJAEBU_GUID@@PEAPEAX@Z 0000000180002164 f i CashChanger.obj
 0001:00001170       ?AddRef@?$CComObject@VCOPOSCashChanger@@@ATL@@WBAA@EAAKXZ 0000000180002170 f i CashChanger.obj
 0001:0000117c       ?Release@?$CComObject@VCOPOSCashChanger@@@ATL@@WBAA@EAAKXZ 000000018000217c f i CashChanger.obj
 0001:00001188       ?QueryInterface@?$CComObject@VCOPOSCashChanger@@@ATL@@WBAI@EAAJAEBU_GUID@@PEAPEAX@Z 0000000180002188 f i CashChanger.obj
 0001:00001194       ?AddRef@?$CComObject@VCOPOSCashChanger@@@ATL@@WBAI@EAAKXZ 0000000180002194 f i CashChanger.obj
 0001:000011a0       ?Release@?$CComObject@VCOPOSCashChanger@@@ATL@@WBAI@EAAKXZ 00000001800021a0 f i CashChanger.obj
 0001:000011ac       ?QueryInterface@?$CComObject@VCOPOSCashChanger@@@ATL@@WBBA@EAAJAEBU_GUID@@PEAPEAX@Z 00000001800021ac f i CashChanger.obj
 0001:000011b8       ?AddRef@?$CComObject@VCOPOSCashChanger@@@ATL@@WBBA@EAAKXZ 00000001800021b8 f i CashChanger.obj
 0001:000011c4       ?Release@?$CComObject@VCOPOSCashChanger@@@ATL@@WBBA@EAAKXZ 00000001800021c4 f i CashChanger.obj
 0001:000011d0       ?QueryInterface@?$CComObject@VCOPOSCashChanger@@@ATL@@WBBI@EAAJAEBU_GUID@@PEAPEAX@Z 00000001800021d0 f i CashChanger.obj
 0001:000011dc       ?AddRef@?$CComObject@VCOPOSCashChanger@@@ATL@@WBBI@EAAKXZ 00000001800021dc f i CashChanger.obj
 0001:000011e8       ?Release@?$CComObject@VCOPOSCashChanger@@@ATL@@WBBI@EAAKXZ 00000001800021e8 f i CashChanger.obj
 0001:000011f4       ?AddRef@?$CComObject@VCOPOSCashChanger@@@ATL@@WBCI@EAAKXZ 00000001800021f4 f i CashChanger.obj
 0001:00001200       ?Release@?$CComObject@VCOPOSCashChanger@@@ATL@@WBCI@EAAKXZ 0000000180002200 f i CashChanger.obj
 0001:0000120c       ?AddRef@?$CComObject@VCOPOSCashChanger@@@ATL@@WBEA@EAAKXZ 000000018000220c f i CashChanger.obj
 0001:00001218       ?Release@?$CComObject@VCOPOSCashChanger@@@ATL@@WBEA@EAAKXZ 0000000180002218 f i CashChanger.obj
 0001:00001224       ??_E?$CComContainedObject@VCOPOSCashChanger@@@ATL@@W7EAAPEAXI@Z 0000000180002224 f i CashChanger.obj
 0001:00001230       ??_E?$CComContainedObject@VCOPOSCashChanger@@@ATL@@WHA@EAAPEAXI@Z 0000000180002230 f i CashChanger.obj
 0001:0000123c       ?QueryInterface@?$CComContainedObject@VCOPOSCashChanger@@@ATL@@WLI@EAAJAEBU_GUID@@PEAPEAX@Z 000000018000223c f i CashChanger.obj
 0001:00001248       ?AddRef@?$CComContainedObject@VCOPOSCashChanger@@@ATL@@WLI@EAAKXZ 0000000180002248 f i CashChanger.obj
 0001:00001254       ?Release@?$CComContainedObject@VCOPOSCashChanger@@@ATL@@WLI@EAAKXZ 0000000180002254 f i CashChanger.obj
 0001:00001260       ?QueryInterface@?$CComContainedObject@VCOPOSCashChanger@@@ATL@@WMA@EAAJAEBU_GUID@@PEAPEAX@Z 0000000180002260 f i CashChanger.obj
 0001:0000126c       ?AddRef@?$CComContainedObject@VCOPOSCashChanger@@@ATL@@WMA@EAAKXZ 000000018000226c f i CashChanger.obj
 0001:00001278       ?Release@?$CComContainedObject@VCOPOSCashChanger@@@ATL@@WMA@EAAKXZ 0000000180002278 f i CashChanger.obj
 0001:00001284       ?QueryInterface@?$CComContainedObject@VCOPOSCashChanger@@@ATL@@WMI@EAAJAEBU_GUID@@PEAPEAX@Z 0000000180002284 f i CashChanger.obj
 0001:00001290       ?AddRef@?$CComContainedObject@VCOPOSCashChanger@@@ATL@@WMI@EAAKXZ 0000000180002290 f i CashChanger.obj
 0001:0000129c       ?Release@?$CComContainedObject@VCOPOSCashChanger@@@ATL@@WMI@EAAKXZ 000000018000229c f i CashChanger.obj
 0001:000012a8       ?QueryInterface@?$CComContainedObject@VCOPOSCashChanger@@@ATL@@WNA@EAAJAEBU_GUID@@PEAPEAX@Z 00000001800022a8 f i CashChanger.obj
 0001:000012b4       ?AddRef@?$CComContainedObject@VCOPOSCashChanger@@@ATL@@WNA@EAAKXZ 00000001800022b4 f i CashChanger.obj
 0001:000012c0       ?Release@?$CComContainedObject@VCOPOSCashChanger@@@ATL@@WNA@EAAKXZ 00000001800022c0 f i CashChanger.obj
 0001:000012cc       ?QueryInterface@?$CComContainedObject@VCOPOSCashChanger@@@ATL@@WNI@EAAJAEBU_GUID@@PEAPEAX@Z 00000001800022cc f i CashChanger.obj
 0001:000012d8       ?AddRef@?$CComContainedObject@VCOPOSCashChanger@@@ATL@@WNI@EAAKXZ 00000001800022d8 f i CashChanger.obj
 0001:000012e4       ?Release@?$CComContainedObject@VCOPOSCashChanger@@@ATL@@WNI@EAAKXZ 00000001800022e4 f i CashChanger.obj
 0001:000012f0       ?QueryInterface@?$CComContainedObject@VCOPOSCashChanger@@@ATL@@WOA@EAAJAEBU_GUID@@PEAPEAX@Z 00000001800022f0 f i CashChanger.obj
 0001:000012fc       ?AddRef@?$CComContainedObject@VCOPOSCashChanger@@@ATL@@WOA@EAAKXZ 00000001800022fc f i CashChanger.obj
 0001:00001308       ?Release@?$CComContainedObject@VCOPOSCashChanger@@@ATL@@WOA@EAAKXZ 0000000180002308 f i CashChanger.obj
 0001:00001314       ?QueryInterface@?$CComContainedObject@VCOPOSCashChanger@@@ATL@@WOI@EAAJAEBU_GUID@@PEAPEAX@Z 0000000180002314 f i CashChanger.obj
 0001:00001320       ?AddRef@?$CComContainedObject@VCOPOSCashChanger@@@ATL@@WOI@EAAKXZ 0000000180002320 f i CashChanger.obj
 0001:0000132c       ?Release@?$CComContainedObject@VCOPOSCashChanger@@@ATL@@WOI@EAAKXZ 000000018000232c f i CashChanger.obj
 0001:00001338       ?QueryInterface@?$CComContainedObject@VCOPOSCashChanger@@@ATL@@WPA@EAAJAEBU_GUID@@PEAPEAX@Z 0000000180002338 f i CashChanger.obj
 0001:00001344       ?AddRef@?$CComContainedObject@VCOPOSCashChanger@@@ATL@@WPA@EAAKXZ 0000000180002344 f i CashChanger.obj
 0001:00001350       ?Release@?$CComContainedObject@VCOPOSCashChanger@@@ATL@@WPA@EAAKXZ 0000000180002350 f i CashChanger.obj
 0001:0000135c       ?QueryInterface@?$CComContainedObject@VCOPOSCashChanger@@@ATL@@WPI@EAAJAEBU_GUID@@PEAPEAX@Z 000000018000235c f i CashChanger.obj
 0001:00001368       ?AddRef@?$CComContainedObject@VCOPOSCashChanger@@@ATL@@WPI@EAAKXZ 0000000180002368 f i CashChanger.obj
 0001:00001374       ?Release@?$CComContainedObject@VCOPOSCashChanger@@@ATL@@WPI@EAAKXZ 0000000180002374 f i CashChanger.obj
 0001:00001380       ?QueryInterface@?$CComContainedObject@VCOPOSCashChanger@@@ATL@@WBAA@EAAJAEBU_GUID@@PEAPEAX@Z 0000000180002380 f i CashChanger.obj
 0001:0000138c       ?AddRef@?$CComContainedObject@VCOPOSCashChanger@@@ATL@@WBAA@EAAKXZ 000000018000238c f i CashChanger.obj
 0001:00001398       ?Release@?$CComContainedObject@VCOPOSCashChanger@@@ATL@@WBAA@EAAKXZ 0000000180002398 f i CashChanger.obj
 0001:000013a4       ?QueryInterface@?$CComContainedObject@VCOPOSCashChanger@@@ATL@@WBAI@EAAJAEBU_GUID@@PEAPEAX@Z 00000001800023a4 f i CashChanger.obj
 0001:000013b0       ?AddRef@?$CComContainedObject@VCOPOSCashChanger@@@ATL@@WBAI@EAAKXZ 00000001800023b0 f i CashChanger.obj
 0001:000013bc       ?Release@?$CComContainedObject@VCOPOSCashChanger@@@ATL@@WBAI@EAAKXZ 00000001800023bc f i CashChanger.obj
 0001:000013c8       ?QueryInterface@?$CComContainedObject@VCOPOSCashChanger@@@ATL@@WBBA@EAAJAEBU_GUID@@PEAPEAX@Z 00000001800023c8 f i CashChanger.obj
 0001:000013d4       ?AddRef@?$CComContainedObject@VCOPOSCashChanger@@@ATL@@WBBA@EAAKXZ 00000001800023d4 f i CashChanger.obj
 0001:000013e0       ?Release@?$CComContainedObject@VCOPOSCashChanger@@@ATL@@WBBA@EAAKXZ 00000001800023e0 f i CashChanger.obj
 0001:000013ec       ?QueryInterface@?$CComContainedObject@VCOPOSCashChanger@@@ATL@@WBBI@EAAJAEBU_GUID@@PEAPEAX@Z 00000001800023ec f i CashChanger.obj
 0001:000013f8       ?AddRef@?$CComContainedObject@VCOPOSCashChanger@@@ATL@@WBBI@EAAKXZ 00000001800023f8 f i CashChanger.obj
 0001:00001404       ?Release@?$CComContainedObject@VCOPOSCashChanger@@@ATL@@WBBI@EAAKXZ 0000000180002404 f i CashChanger.obj
 0001:00001410       ?AddRef@?$CComContainedObject@VCOPOSCashChanger@@@ATL@@WBCI@EAAKXZ 0000000180002410 f i CashChanger.obj
 0001:0000141c       ?Release@?$CComContainedObject@VCOPOSCashChanger@@@ATL@@WBCI@EAAKXZ 000000018000241c f i CashChanger.obj
 0001:00001428       ?AddRef@?$CComContainedObject@VCOPOSCashChanger@@@ATL@@WBEA@EAAKXZ 0000000180002428 f i CashChanger.obj
 0001:00001434       ?Release@?$CComContainedObject@VCOPOSCashChanger@@@ATL@@WBEA@EAAKXZ 0000000180002434 f i CashChanger.obj
 0001:00001440       ?Lock@CAtlModule@ATL@@UEAAJXZ 0000000180002440 f i CashChanger.obj
 0001:00001450       ?Unlock@CAtlModule@ATL@@UEAAJXZ 0000000180002450 f i CashChanger.obj
 0001:0000145c       ?GetLockCount@CAtlModule@ATL@@UEAAJXZ 000000018000245c f i CashChanger.obj
 0001:00001460       ?GetGITPtr@CAtlModule@ATL@@UEAAJPEAPEAUIGlobalInterfaceTable@@@Z 0000000180002460 f i CashChanger.obj
 0001:000014d0       ?AddCommonRGSReplacements@?$CAtlModuleT@VCComModule@ATL@@@ATL@@UEAAJPEAUIRegistrarBase@@@Z 00000001800024d0 f i CashChanger.obj
 0001:000014e8       ?GetWindowProc@?$CWindowImplBaseT@VCWindow@ATL@@V?$CWinTraits@$0FGAAAAAA@$0A@@2@@ATL@@UEAAP6A_JPEAUHWND__@@I_K_J@ZXZ 00000001800024e8 f i CashChanger.obj
 0001:000014f0       ?StartWindowProc@?$CWindowImplBaseT@VCWindow@ATL@@V?$CWinTraits@$0FGAAAAAA@$0A@@2@@ATL@@SA_JPEAUHWND__@@I_K_J@Z 00000001800024f0 f i CashChanger.obj
 0001:000015b4       ?UpdateRegistryFromResourceD@CComModule@ATL@@UEAAJIHPEAU_ATL_REGMAP_ENTRY@2@@Z 00000001800025b4 f i CashChanger.obj
 0001:000015b4       ?UpdateRegistryFromResourceD@CComModule@ATL@@UEAAJPEB_WHPEAU_ATL_REGMAP_ENTRY@2@@Z 00000001800025b4 f i CashChanger.obj
 0001:000015bc       ?UpdateRegistryFromResource@CComModule@ATL@@UEAAJPEB_WHPEAU_ATL_REGMAP_ENTRY@2@@Z 00000001800025bc f i CashChanger.obj
 0001:000015c4       ?UpdateRegistryFromResource@CComModule@ATL@@UEAAJIHPEAU_ATL_REGMAP_ENTRY@2@@Z 00000001800025c4 f i CashChanger.obj
 0001:000015cc       ??_GCComModule@ATL@@UEAAPEAXI@Z 00000001800025cc f i CashChanger.obj
 0001:000015cc       ??_ECComModule@ATL@@UEAAPEAXI@Z 00000001800025cc f i CashChanger.obj
 0001:0000164c       ?GetTypeInfoCount@?$IDispatchImpl@UIOPOSCashChanger@@$1?IID_IOPOSCashChanger@@3U_GUID@@B$1?LIBID_OposCashChanger_CCO@@3U3@B$00$0A@VCComTypeInfoHolder@ATL@@@ATL@@UEAAJPEAI@Z 000000018000264c f i CashChanger.obj
 0001:00001660       ?GetTypeInfo@?$IDispatchImpl@UIOPOSCashChanger@@$1?IID_IOPOSCashChanger@@3U_GUID@@B$1?LIBID_OposCashChanger_CCO@@3U3@B$00$0A@VCComTypeInfoHolder@ATL@@@ATL@@UEAAJIKPEAPEAUITypeInfo@@@Z 0000000180002660 f i CashChanger.obj
 0001:000016c4       ?GetIDsOfNames@?$IDispatchImpl@UIOPOSCashChanger@@$1?IID_IOPOSCashChanger@@3U_GUID@@B$1?LIBID_OposCashChanger_CCO@@3U3@B$00$0A@VCComTypeInfoHolder@ATL@@@ATL@@UEAAJAEBU_GUID@@PEAPEA_WIKPEAJ@Z 00000001800026c4 f i CashChanger.obj
 0001:000016d0       ?Invoke@?$IDispatchImpl@UIOPOSCashChanger@@$1?IID_IOPOSCashChanger@@3U_GUID@@B$1?LIBID_OposCashChanger_CCO@@3U3@B$00$0A@VCComTypeInfoHolder@ATL@@@ATL@@UEAAJJAEBU_GUID@@KGPEAUtagDISPPARAMS@@PEAUtagVARIANT@@PEAUtagEXCEPINFO@@PEAI@Z 00000001800026d0 f i CashChanger.obj
 0001:00001760       ?CreateControlWindow@?$CComControl@VCOPOSCashChanger@@V?$CWindowImpl@VCOPOSCashChanger@@VCWindow@ATL@@V?$CWinTraits@$0FGAAAAAA@$0A@@3@@ATL@@@ATL@@UEAAPEAUHWND__@@PEAU3@AEAUtagRECT@@@Z 0000000180002760 f i CashChanger.obj
 0001:00001798       ?ControlQueryInterface@?$CComControl@VCOPOSCashChanger@@V?$CWindowImpl@VCOPOSCashChanger@@VCWindow@ATL@@V?$CWinTraits@$0FGAAAAAA@$0A@@3@@ATL@@@ATL@@UEAAJAEBU_GUID@@PEAPEAX@Z 0000000180002798 f i CashChanger.obj
 0001:000017ac       ?GetUserClassID@?$IOleObjectImpl@VCOPOSCashChanger@@@ATL@@UEAAJPEAU_GUID@@@Z 00000001800027ac f i CashChanger.obj
 0001:000017ac       ?GetClassID@?$IPersistStreamInitImpl@VCOPOSCashChanger@@@ATL@@UEAAJPEAU_GUID@@@Z 00000001800027ac f i CashChanger.obj
 0001:000017ac       ?GetClassID@?$IPersistStorageImpl@VCOPOSCashChanger@@@ATL@@UEAAJPEAU_GUID@@@Z 00000001800027ac f i CashChanger.obj
 0001:000017c8       ?IsDirty@?$IPersistStreamInitImpl@VCOPOSCashChanger@@@ATL@@UEAAJXZ 00000001800027c8 f i CashChanger.obj
 0001:000017e4       ?Load@?$IPersistStreamInitImpl@VCOPOSCashChanger@@@ATL@@UEAAJPEAUIStream@@@Z 00000001800027e4 f i CashChanger.obj
 0001:00001834       ?Save@?$IPersistStreamInitImpl@VCOPOSCashChanger@@@ATL@@UEAAJPEAUIStream@@H@Z 0000000180002834 f i CashChanger.obj
 0001:00001898       ?GetSizeMax@?$IPersistStreamInitImpl@VCOPOSCashChanger@@@ATL@@UEAAJPEAT_ULARGE_INTEGER@@@Z 0000000180002898 f i CashChanger.obj
 0001:00001ac4       ?InitNew@?$IPersistStreamInitImpl@VCOPOSCashChanger@@@ATL@@UEAAJXZ 0000000180002ac4 f i CashChanger.obj
 0001:00001adc       ?GetClipboardData@?$IOleObjectImpl@VCOPOSCashChanger@@@ATL@@UEAAJKPEAPEAUIDataObject@@@Z 0000000180002adc f i CashChanger.obj
 0001:00001adc       ?GetDropTarget@?$IOleInPlaceObjectWindowlessImpl@VCOPOSCashChanger@@@ATL@@UEAAJPEAPEAUIDropTarget@@@Z 0000000180002adc f i CashChanger.obj
 0001:00001adc       ?InitFromData@?$IOleObjectImpl@VCOPOSCashChanger@@@ATL@@UEAAJPEAUIDataObject@@HK@Z 0000000180002adc f i CashChanger.obj
 0001:00001adc       ?SOOutputCompleteDummy@COPOSCashChanger@@MEAAJJ@Z 0000000180002adc f i CashChanger.obj
 0001:00001adc       ?GetControlInfo@?$IOleControlImpl@VCOPOSCashChanger@@@ATL@@UEAAJPEAUtagCONTROLINFO@@@Z 0000000180002adc f i CashChanger.obj
 0001:00001adc       ?ReactivateAndUndo@?$IOleInPlaceObjectWindowlessImpl@VCOPOSCashChanger@@@ATL@@UEAAJXZ 0000000180002adc f i CashChanger.obj
 0001:00001adc       ?GetDataHere@?$IDataObjectImpl@VCOPOSCashChanger@@@ATL@@UEAAJPEAUtagFORMATETC@@PEAUtagSTGMEDIUM@@@Z 0000000180002adc f i CashChanger.obj
 0001:00001adc       ?ContextSensitiveHelp@?$IOleInPlaceActiveObjectImpl@VCOPOSCashChanger@@@ATL@@UEAAJH@Z 0000000180002adc f i CashChanger.obj
 0001:00001adc       ?SOErrorDummy@COPOSCashChanger@@MEAAJJJJPEAJ@Z 0000000180002adc f i CashChanger.obj
 0001:00001adc       ?QueryInterface@CRegObject@ATL@@UEAAJAEBU_GUID@@PEAPEAX@Z 0000000180002adc f i CashChanger.obj
 0001:00001adc       ?SetMoniker@?$IOleObjectImpl@VCOPOSCashChanger@@@ATL@@UEAAJKPEAUIMoniker@@@Z 0000000180002adc f i CashChanger.obj
 0001:00001adc       ?GetMoniker@?$IOleObjectImpl@VCOPOSCashChanger@@@ATL@@UEAAJKKPEAPEAUIMoniker@@@Z 0000000180002adc f i CashChanger.obj
 0001:00001adc       ?QueryGetData@?$IDataObjectImpl@VCOPOSCashChanger@@@ATL@@UEAAJPEAUtagFORMATETC@@@Z 0000000180002adc f i CashChanger.obj
 0001:00001adc       ?ContextSensitiveHelp@?$IOleInPlaceObjectWindowlessImpl@VCOPOSCashChanger@@@ATL@@UEAAJH@Z 0000000180002adc f i CashChanger.obj
 0001:00001adc       ?GetCanonicalFormatEtc@?$IDataObjectImpl@VCOPOSCashChanger@@@ATL@@UEAAJPEAUtagFORMATETC@@0@Z 0000000180002adc f i CashChanger.obj
 0001:00001adc       ?SetColorScheme@?$IOleObjectImpl@VCOPOSCashChanger@@@ATL@@UEAAJPEAUtagLOGPALETTE@@@Z 0000000180002adc f i CashChanger.obj
 0001:00001adc       ?OnMnemonic@?$IOleControlImpl@VCOPOSCashChanger@@@ATL@@UEAAJPEAUtagMSG@@@Z 0000000180002adc f i CashChanger.obj
 0001:00001adc       ?Unfreeze@?$IViewObjectExImpl@VCOPOSCashChanger@@@ATL@@UEAAJK@Z 0000000180002adc f i CashChanger.obj
 0001:00001adc       ?GetColorSet@?$IViewObjectExImpl@VCOPOSCashChanger@@@ATL@@UEAAJKJPEAXPEAUtagDVTARGETDEVICE@@PEAUHDC__@@PEAPEAUtagLOGPALETTE@@@Z 0000000180002adc f i CashChanger.obj
 0001:00001adc       ?EnumFormatEtc@?$IDataObjectImpl@VCOPOSCashChanger@@@ATL@@UEAAJKPEAPEAUIEnumFORMATETC@@@Z 0000000180002adc f i CashChanger.obj
 0001:00001adc       ?Freeze@?$IViewObjectExImpl@VCOPOSCashChanger@@@ATL@@UEAAJKJPEAXPEAK@Z 0000000180002adc f i CashChanger.obj
 0001:00001adc       ?GetRect@?$IViewObjectExImpl@VCOPOSCashChanger@@@ATL@@UEAAJKPEAU_RECTL@@@Z 0000000180002adc f i CashChanger.obj
 0001:00001adc       ?SetData@?$IDataObjectImpl@VCOPOSCashChanger@@@ATL@@UEAAJPEAUtagFORMATETC@@PEAUtagSTGMEDIUM@@H@Z 0000000180002adc f i CashChanger.obj
 0001:00001ae4       ?SetClientSite@?$IOleObjectImpl@VCOPOSCashChanger@@@ATL@@UEAAJPEAUIOleClientSite@@@Z 0000000180002ae4 f i CashChanger.obj
 0001:00001b00       ?GetClientSite@?$IOleObjectImpl@VCOPOSCashChanger@@@ATL@@UEAAJPEAPEAUIOleClientSite@@@Z 0000000180002b00 f i CashChanger.obj
 0001:00001b48       ?Close@?$IOleObjectImpl@VCOPOSCashChanger@@@ATL@@UEAAJK@Z 0000000180002b48 f i CashChanger.obj
 0001:00001b64       ?DoVerb@?$IOleObjectImpl@VCOPOSCashChanger@@@ATL@@UEAAJJPEAUtagMSG@@PEAUIOleClientSite@@JPEAUHWND__@@PEBUtagRECT@@@Z 0000000180002b64 f i CashChanger.obj
 0001:00001d08       ?EnumVerbs@?$IOleObjectImpl@VCOPOSCashChanger@@@ATL@@UEAAJPEAPEAUIEnumOLEVERB@@@Z 0000000180002d08 f i CashChanger.obj
 0001:00001d24       ?GetUserType@?$IOleObjectImpl@VCOPOSCashChanger@@@ATL@@UEAAJKPEAPEA_W@Z 0000000180002d24 f i CashChanger.obj
 0001:00001d34       ?SetExtent@?$IOleObjectImpl@VCOPOSCashChanger@@@ATL@@UEAAJKPEAUtagSIZE@@@Z 0000000180002d34 f i CashChanger.obj
 0001:00001d50       ?GetExtent@?$IOleObjectImpl@VCOPOSCashChanger@@@ATL@@UEAAJKPEAUtagSIZE@@@Z 0000000180002d50 f i CashChanger.obj
 0001:00001d80       ?Advise@?$IOleObjectImpl@VCOPOSCashChanger@@@ATL@@UEAAJPEAUIAdviseSink@@PEAK@Z 0000000180002d80 f i CashChanger.obj
 0001:00001ddc       ?Unadvise@?$IOleObjectImpl@VCOPOSCashChanger@@@ATL@@UEAAJK@Z 0000000180002ddc f i CashChanger.obj
 0001:00001e14       ?EnumAdvise@?$IOleObjectImpl@VCOPOSCashChanger@@@ATL@@UEAAJPEAPEAUIEnumSTATDATA@@@Z 0000000180002e14 f i CashChanger.obj
 0001:00001e5c       ?GetMiscStatus@?$IOleObjectImpl@VCOPOSCashChanger@@@ATL@@UEAAJKPEAK@Z 0000000180002e5c f i CashChanger.obj
 0001:00001e6c       ?GetWindow@?$IOleInPlaceActiveObjectImpl@VCOPOSCashChanger@@@ATL@@UEAAJPEAPEAUHWND__@@@Z 0000000180002e6c f i CashChanger.obj
 0001:00001ec0       ?TranslateAcceleratorW@?$IOleInPlaceActiveObjectImpl@VCOPOSCashChanger@@@ATL@@UEAAJPEAUtagMSG@@@Z 0000000180002ec0 f i CashChanger.obj
 0001:00001fb4       ?OnDocWindowActivate@?$IOleInPlaceActiveObjectImpl@VCOPOSCashChanger@@@ATL@@UEAAJH@Z 0000000180002fb4 f i CashChanger.obj
 0001:00001fe0       ?Draw@?$IViewObjectExImpl@VCOPOSCashChanger@@@ATL@@UEAAJKJPEAXPEAUtagDVTARGETDEVICE@@PEAUHDC__@@2PEBU_RECTL@@3P6AH_K@Z4@Z 0000000180002fe0 f i CashChanger.obj
 0001:00002044       ?SetAdvise@?$IViewObjectExImpl@VCOPOSCashChanger@@@ATL@@UEAAJKKPEAUIAdviseSink@@@Z 0000000180003044 f i CashChanger.obj
 0001:00002098       ?GetAdvise@?$IViewObjectExImpl@VCOPOSCashChanger@@@ATL@@UEAAJPEAK0PEAPEAUIAdviseSink@@@Z 0000000180003098 f i CashChanger.obj
 0001:000020d4       ?GetExtent@?$IViewObjectExImpl@VCOPOSCashChanger@@@ATL@@UEAAJKJPEAUtagDVTARGETDEVICE@@PEAUtagSIZE@@@Z 00000001800030d4 f i CashChanger.obj
 0001:00002104       ?GetViewStatus@?$IViewObjectExImpl@VCOPOSCashChanger@@@ATL@@UEAAJPEAK@Z 0000000180003104 f i CashChanger.obj
 0001:00002118       ?QueryHitPoint@?$IViewObjectExImpl@VCOPOSCashChanger@@@ATL@@UEAAJKPEBUtagRECT@@UtagPOINT@@JPEAK@Z 0000000180003118 f i CashChanger.obj
 0001:0000215c       ?QueryHitRect@?$IViewObjectExImpl@VCOPOSCashChanger@@@ATL@@UEAAJKPEBUtagRECT@@0JPEAK@Z 000000018000315c f i CashChanger.obj
 0001:000021c4       ?GetNaturalExtent@?$IViewObjectExImpl@VCOPOSCashChanger@@@ATL@@UEAAJKJPEAUtagDVTARGETDEVICE@@PEAUHDC__@@PEAUtagExtentInfo@@PEAUtagSIZE@@@Z 00000001800031c4 f i CashChanger.obj
 0001:0000220c       ?GetWindow@?$IOleInPlaceObjectWindowlessImpl@VCOPOSCashChanger@@@ATL@@UEAAJPEAPEAUHWND__@@@Z 000000018000320c f i CashChanger.obj
 0001:00002260       ?InPlaceDeactivate@?$IOleInPlaceObjectWindowlessImpl@VCOPOSCashChanger@@@ATL@@UEAAJXZ 0000000180003260 f i CashChanger.obj
 0001:0000227c       ?UIDeactivate@?$IOleInPlaceObjectWindowlessImpl@VCOPOSCashChanger@@@ATL@@UEAAJXZ 000000018000327c f i CashChanger.obj
 0001:00002298       ?SetObjectRects@?$IOleInPlaceObjectWindowlessImpl@VCOPOSCashChanger@@@ATL@@UEAAJPEBUtagRECT@@0@Z 0000000180003298 f i CashChanger.obj
 0001:000022b4       ?OnWindowMessage@?$IOleInPlaceObjectWindowlessImpl@VCOPOSCashChanger@@@ATL@@UEAAJI_K_JPEA_J@Z 00000001800032b4 f i CashChanger.obj
 0001:0000237c       ?EnumConnectionPoints@?$IConnectionPointContainerImpl@VCOPOSCashChanger@@@ATL@@UEAAJPEAPEAUIEnumConnectionPoints@@@Z 000000018000337c f i CashChanger.obj
 0001:000025c4       ?FindConnectionPoint@?$IConnectionPointContainerImpl@VCOPOSCashChanger@@@ATL@@UEAAJAEBU_GUID@@PEAPEAUIConnectionPoint@@@Z 00000001800035c4 f i CashChanger.obj
 0001:00002694       ?IsDirty@?$IPersistStorageImpl@VCOPOSCashChanger@@@ATL@@UEAAJXZ 0000000180003694 f i CashChanger.obj
 0001:000026d8       ?InitNew@?$IPersistStorageImpl@VCOPOSCashChanger@@@ATL@@UEAAJPEAUIStorage@@@Z 00000001800036d8 f i CashChanger.obj
 0001:0000271c       ?Load@?$IPersistStorageImpl@VCOPOSCashChanger@@@ATL@@UEAAJPEAUIStorage@@@Z 000000018000371c f i CashChanger.obj
 0001:000027bc       ?Save@?$IPersistStorageImpl@VCOPOSCashChanger@@@ATL@@UEAAJPEAUIStorage@@H@Z 00000001800037bc f i CashChanger.obj
 0001:0000286c       ?GetPages@?$ISpecifyPropertyPagesImpl@VCOPOSCashChanger@@@ATL@@UEAAJPEAUtagCAUUID@@@Z 000000018000386c f i CashChanger.obj
 0001:00002878       ?QuickActivate@?$IQuickActivateImpl@VCOPOSCashChanger@@@ATL@@UEAAJPEAUtagQACONTAINER@@PEAUtagQACONTROL@@@Z 0000000180003878 f i CashChanger.obj
 0001:00002894       ?SetContentExtent@?$IQuickActivateImpl@VCOPOSCashChanger@@@ATL@@UEAAJPEAUtagSIZE@@@Z 0000000180003894 f i CashChanger.obj
 0001:000028c8       ?GetContentExtent@?$IQuickActivateImpl@VCOPOSCashChanger@@@ATL@@UEAAJPEAUtagSIZE@@@Z 00000001800038c8 f i CashChanger.obj
 0001:00002900       ?GetData@?$IDataObjectImpl@VCOPOSCashChanger@@@ATL@@UEAAJPEAUtagFORMATETC@@PEAUtagSTGMEDIUM@@@Z 0000000180003900 f i CashChanger.obj
 0001:0000291c       ?DAdvise@?$IDataObjectImpl@VCOPOSCashChanger@@@ATL@@UEAAJPEAUtagFORMATETC@@KPEAUIAdviseSink@@PEAK@Z 000000018000391c f i CashChanger.obj
 0001:000029a4       ?DUnadvise@?$IDataObjectImpl@VCOPOSCashChanger@@@ATL@@UEAAJK@Z 00000001800039a4 f i CashChanger.obj
 0001:000029d0       ?EnumDAdvise@?$IDataObjectImpl@VCOPOSCashChanger@@@ATL@@UEAAJPEAPEAUIEnumSTATDATA@@@Z 00000001800039d0 f i CashChanger.obj
 0001:00002a0c       ?GetClassInfoW@?$IProvideClassInfo2Impl@$1?CLSID_OPOSCashChanger@@3U_GUID@@B$1?DIID__IOPOSCashChangerEvents@@3U2@B$1?LIBID_OposCashChanger_CCO@@3U2@B$00$0A@VCComTypeInfoHolder@ATL@@@ATL@@UEAAJPEAPEAUITypeInfo@@@Z 0000000180003a0c f i CashChanger.obj
 0001:00002a64       ?GetGUID@?$IProvideClassInfo2Impl@$1?CLSID_OPOSCashChanger@@3U_GUID@@B$1?DIID__IOPOSCashChangerEvents@@3U2@B$1?LIBID_OposCashChanger_CCO@@3U2@B$00$0A@VCComTypeInfoHolder@ATL@@@ATL@@UEAAJKPEAU_GUID@@@Z 0000000180003a64 f i CashChanger.obj
 0001:00002a98       ?FAccessAllowed@?$IObjectSafetyImpl@VCOPOSCashChanger@@$02@ATL@@MEAAHXZ 0000000180003a98 f i CashChanger.obj
 0001:00002a98       _get_startup_argv_mode     0000000180003a98 f i LIBCMT:argv_mode.obj
 0001:00002a98       ?AddRef@CRegObject@ATL@@UEAAKXZ 0000000180003a98 f i CashChanger.obj
 0001:00002aa0       ?GetInterfaceSafetyOptions@?$IObjectSafetyImpl@VCOPOSCashChanger@@$02@ATL@@UEAAJAEBU_GUID@@PEAK1@Z 0000000180003aa0 f i CashChanger.obj
 0001:00002b34       ?SetInterfaceSafetyOptions@?$IObjectSafetyImpl@VCOPOSCashChanger@@$02@ATL@@UEAAJAEBU_GUID@@KK@Z 0000000180003b34 f i CashChanger.obj
 0001:00002bd8       ?_LocCPQueryInterface@?$IConnectionPointImpl@VCOPOSCashChanger@@$1?IID_IPropertyNotifySink@@3U_GUID@@BVCComDynamicUnkArray@ATL@@@ATL@@UEAAJAEBU_GUID@@PEAPEAX@Z 0000000180003bd8 f i CashChanger.obj
 0001:00002bd8       ?_LocCPQueryInterface@?$IConnectionPointImpl@VCOPOSCashChanger@@$1?DIID__IOPOSCashChangerEvents@@3U_GUID@@BVCComDynamicUnkArray@ATL@@@ATL@@UEAAJAEBU_GUID@@PEAPEAX@Z 0000000180003bd8 f i CashChanger.obj
 0001:00002c4c       ?GetConnectionInterface@?$IConnectionPointImpl@VCOPOSCashChanger@@$1?IID_IPropertyNotifySink@@3U_GUID@@BVCComDynamicUnkArray@ATL@@@ATL@@UEAAJPEAU_GUID@@@Z 0000000180003c4c f i CashChanger.obj
 0001:00002c68       ?GetConnectionPointContainer@?$IConnectionPointImpl@VCOPOSCashChanger@@$1?IID_IPropertyNotifySink@@3U_GUID@@BVCComDynamicUnkArray@ATL@@@ATL@@UEAAJPEAPEAUIConnectionPointContainer@@@Z 0000000180003c68 f i CashChanger.obj
 0001:00002c88       ?Advise@?$IConnectionPointImpl@VCOPOSCashChanger@@$1?IID_IPropertyNotifySink@@3U_GUID@@BVCComDynamicUnkArray@ATL@@@ATL@@UEAAJPEAUIUnknown@@PEAK@Z 0000000180003c88 f i CashChanger.obj
 0001:00002c88       ?Advise@?$IConnectionPointImpl@VCOPOSCashChanger@@$1?DIID__IOPOSCashChangerEvents@@3U_GUID@@BVCComDynamicUnkArray@ATL@@@ATL@@UEAAJPEAUIUnknown@@PEAK@Z 0000000180003c88 f i CashChanger.obj
 0001:00002d48       ?Unadvise@?$IConnectionPointImpl@VCOPOSCashChanger@@$1?DIID__IOPOSCashChangerEvents@@3U_GUID@@BVCComDynamicUnkArray@ATL@@@ATL@@UEAAJK@Z 0000000180003d48 f i CashChanger.obj
 0001:00002d48       ?Unadvise@?$IConnectionPointImpl@VCOPOSCashChanger@@$1?IID_IPropertyNotifySink@@3U_GUID@@BVCComDynamicUnkArray@ATL@@@ATL@@UEAAJK@Z 0000000180003d48 f i CashChanger.obj
 0001:00002dc4       ?EnumConnections@?$IConnectionPointImpl@VCOPOSCashChanger@@$1?DIID__IOPOSCashChangerEvents@@3U_GUID@@BVCComDynamicUnkArray@ATL@@@ATL@@UEAAJPEAPEAUIEnumConnections@@@Z 0000000180003dc4 f i CashChanger.obj
 0001:00002dc4       ?EnumConnections@?$IConnectionPointImpl@VCOPOSCashChanger@@$1?IID_IPropertyNotifySink@@3U_GUID@@BVCComDynamicUnkArray@ATL@@@ATL@@UEAAJPEAPEAUIEnumConnections@@@Z 0000000180003dc4 f i CashChanger.obj
 0001:00002f6c       ?GetConnectionInterface@?$IConnectionPointImpl@VCOPOSCashChanger@@$1?DIID__IOPOSCashChangerEvents@@3U_GUID@@BVCComDynamicUnkArray@ATL@@@ATL@@UEAAJPEAU_GUID@@@Z 0000000180003f6c f i CashChanger.obj
 0001:00002f88       ?GetConnectionPointContainer@?$IConnectionPointImpl@VCOPOSCashChanger@@$1?DIID__IOPOSCashChangerEvents@@3U_GUID@@BVCComDynamicUnkArray@ATL@@@ATL@@UEAAJPEAPEAUIConnectionPointContainer@@@Z 0000000180003f88 f i CashChanger.obj
 0001:00002fa8       ?UpdateRegistry@COPOSCashChanger@@SAJH@Z 0000000180003fa8 f i CashChanger.obj
 0001:00002fc0       ?ProcessWindowMessage@COPOSCashChanger@@UEAAHPEAUHWND__@@I_K_JAEA_JK@Z 0000000180003fc0 f i CashChanger.obj
 0001:00003048       ?SOData@COPOSCashChanger@@MEAAJJ@Z 0000000180004048 f i CashChanger.obj
 0001:00003098       ?SODirectIO@COPOSCashChanger@@MEAAJJPEAJPEAPEA_W@Z 0000000180004098 f i CashChanger.obj
 0001:00003110       ?SOStatusUpdate@COPOSCashChanger@@MEAAJJ@Z 0000000180004110 f i CashChanger.obj
 0001:00003160       ?AddReplacement@CRegObject@ATL@@UEAAJPEB_W0@Z 0000000180004160 f i CashChanger.obj
 0001:00003190       ?ClearReplacements@CRegObject@ATL@@UEAAJXZ 0000000180004190 f i CashChanger.obj
 0001:0000319c       ??_ECRegObject@ATL@@UEAAPEAXI@Z 000000018000419c f i CashChanger.obj
 0001:0000319c       ??_GCRegObject@ATL@@UEAAPEAXI@Z 000000018000419c f i CashChanger.obj
 0001:0000321c       ?CreateInstance@?$CComCreator@V?$CComObjectCached@VCComClassFactory@ATL@@@ATL@@@ATL@@SAJPEAXAEBU_GUID@@PEAPEAX@Z 000000018000421c f i CashChanger.obj
 0001:00003320       ?CreateInstance@?$CComCreator2@V?$CComCreator@V?$CComObject@VCOPOSCashChanger@@@ATL@@@ATL@@V?$CComCreator@V?$CComAggObject@VCOPOSCashChanger@@@ATL@@@2@@ATL@@SAJPEAXAEBU_GUID@@PEAPEAX@Z 0000000180004320 f i CashChanger.obj
 0001:00003330       ?Next@?$CComEnumImpl@UIEnumConnectionPoints@@$1?_GUID_b196b285_bab4_101a_b69c_00aa00341d07@@3U__s_GUID@@BPEAUIConnectionPoint@@V?$_CopyInterface@UIConnectionPoint@@@ATL@@@ATL@@UEAAJKPEAPEAUIConnectionPoint@@PEAK@Z 0000000180004330 f i CashChanger.obj
 0001:000033fc       ?Skip@?$CComEnumImpl@UIEnumConnectionPoints@@$1?_GUID_b196b285_bab4_101a_b69c_00aa00341d07@@3U__s_GUID@@BPEAUIConnectionPoint@@V?$_CopyInterface@UIConnectionPoint@@@ATL@@@ATL@@UEAAJK@Z 00000001800043fc f i CashChanger.obj
 0001:00003428       ?Clone@?$CComEnumImpl@UIEnumConnectionPoints@@$1?_GUID_b196b285_bab4_101a_b69c_00aa00341d07@@3U__s_GUID@@BPEAUIConnectionPoint@@V?$_CopyInterface@UIConnectionPoint@@@ATL@@@ATL@@UEAAJPEAPEAUIEnumConnectionPoints@@@Z 0000000180004428 f i CashChanger.obj
 0001:00003550       ?QueryInterface@?$CComObject@V?$CComEnum@UIEnumConnectionPoints@@$1?_GUID_b196b285_bab4_101a_b69c_00aa00341d07@@3U__s_GUID@@BPEAUIConnectionPoint@@V?$_CopyInterface@UIConnectionPoint@@@ATL@@VCComSingleThreadModel@6@@ATL@@@ATL@@UEAAJAEBU_GUID@@PEAPEAX@Z 0000000180004550 f i CashChanger.obj
 0001:00003564       ??_E?$CComObject@V?$CComEnum@UIEnumConnectionPoints@@$1?_GUID_b196b285_bab4_101a_b69c_00aa00341d07@@3U__s_GUID@@BPEAUIConnectionPoint@@V?$_CopyInterface@UIConnectionPoint@@@ATL@@VCComSingleThreadModel@6@@ATL@@@ATL@@UEAAPEAXI@Z 0000000180004564 f i CashChanger.obj
 0001:00003564       ??_G?$CComObject@V?$CComEnum@UIEnumConnectionPoints@@$1?_GUID_b196b285_bab4_101a_b69c_00aa00341d07@@3U__s_GUID@@BPEAUIConnectionPoint@@V?$_CopyInterface@UIConnectionPoint@@@ATL@@VCComSingleThreadModel@6@@ATL@@@ATL@@UEAAPEAXI@Z 0000000180004564 f i CashChanger.obj
 0001:000035bc       ?AddRef@?$CComObjectCached@VCComClassFactory@ATL@@@ATL@@UEAAKXZ 00000001800045bc f i CashChanger.obj
 0001:000035e8       ?Release@?$CComObjectCached@VCComClassFactory@ATL@@@ATL@@UEAAKXZ 00000001800045e8 f i CashChanger.obj
 0001:00003628       ?QueryInterface@?$CComObjectCached@VCComClassFactory@ATL@@@ATL@@UEAAJAEBU_GUID@@PEAPEAX@Z 0000000180004628 f i CashChanger.obj
 0001:0000363c       ??_E?$CComObjectCached@VCComClassFactory@ATL@@@ATL@@UEAAPEAXI@Z 000000018000463c f i CashChanger.obj
 0001:0000363c       ??_G?$CComObjectCached@VCComClassFactory@ATL@@@ATL@@UEAAPEAXI@Z 000000018000463c f i CashChanger.obj
 0001:00003694       ??$AtlModuleRegisterWndClassInfoT@VAtlModuleRegisterWndClassInfoParamW@ATL@@@ATL@@YAGPEAU_ATL_BASE_MODULE70@0@PEAU_ATL_WIN_MODULE70@0@PEAU_ATL_WNDCLASSINFOW@0@PEAP6A_JPEAUHWND__@@I_K_J@ZVAtlModuleRegisterWndClassInfoParamW@0@@Z 0000000180004694 f i CashChanger.obj
 0001:00003894       ??0?$CComContainedObject@VCOPOSCashChanger@@@ATL@@QEAA@PEAX@Z 0000000180004894 f i CashChanger.obj
 0001:000039b0       ??0?$CComObject@VCOPOSCashChanger@@@ATL@@QEAA@PEAX@Z 00000001800049b0 f i CashChanger.obj
 0001:00003ac8       ??0CAtlModule@ATL@@QEAA@XZ 0000000180004ac8 f i CashChanger.obj
 0001:00003b48       ??1?$CComEnumImpl@UIEnumConnectionPoints@@$1?_GUID_b196b285_bab4_101a_b69c_00aa00341d07@@3U__s_GUID@@BPEAUIConnectionPoint@@V?$_CopyInterface@UIConnectionPoint@@@ATL@@@ATL@@UEAA@XZ 0000000180004b48 f i CashChanger.obj
 0001:00003ba4       ??1?$CComEnumImpl@UIEnumConnections@@$1?_GUID_b196b287_bab4_101a_b69c_00aa00341d07@@3U__s_GUID@@BUtagCONNECTDATA@@V?$_Copy@UtagCONNECTDATA@@@ATL@@@ATL@@UEAA@XZ 0000000180004ba4 f i CashChanger.obj
 0001:00003c00       ??1?$CComObject@VCOPOSCashChanger@@@ATL@@UEAA@XZ 0000000180004c00 f i CashChanger.obj
 0001:00003d20       ??_G?$CComContainedObject@VCOPOSCashChanger@@@ATL@@UEAAPEAXI@Z 0000000180004d20 f i CashChanger.obj
 0001:00003d20       ??_E?$CComContainedObject@VCOPOSCashChanger@@@ATL@@UEAAPEAXI@Z 0000000180004d20 f i CashChanger.obj
 0001:00003d54       ??_G?$CComObject@VCOPOSCashChanger@@@ATL@@UEAAPEAXI@Z 0000000180004d54 f i CashChanger.obj
 0001:00003d54       ??_E?$CComObject@VCOPOSCashChanger@@@ATL@@UEAAPEAXI@Z 0000000180004d54 f i CashChanger.obj
 0001:00003d88       ?Add@?$CSimpleArray@GV?$CSimpleArrayEqualHelper@G@ATL@@@ATL@@QEAAHAEBG@Z 0000000180004d88 f i CashChanger.obj
 0001:00003e3c       ?Add@?$CSimpleMap@PEA_WPEA_WVCExpansionVectorEqualHelper@ATL@@@ATL@@QEAAHAEBQEA_W0@Z 0000000180004e3c f i CashChanger.obj
 0001:00003edc       ?Add@CComDynamicUnkArray@ATL@@QEAAKPEAUIUnknown@@@Z 0000000180004edc f i CashChanger.obj
 0001:00003fd4       ?Add@CExpansionVector@ATL@@QEAAHPEB_W0@Z 0000000180004fd4 f i CashChanger.obj
 0001:00004164       ?AddValue@CRegParser@ATL@@IEAAJAEAVCRegKey@2@PEB_WPEA_W@Z 0000000180005164 f i CashChanger.obj
 0001:000045ac       ?AllocateHeap@?$CTempBuffer@_W$0BAA@VCCRTAllocator@ATL@@@ATL@@AEAAX_K@Z 00000001800055ac f i CashChanger.obj
 0001:000045ac       ?AllocateHeap@?$CTempBuffer@_W$0EAA@VCCRTAllocator@ATL@@@ATL@@AEAAX_K@Z 00000001800055ac f i CashChanger.obj
 0001:000045ac       ?AllocateHeap@?$CTempBuffer@E$0BAA@VCCRTAllocator@ATL@@@ATL@@AEAAX_K@Z 00000001800055ac f i CashChanger.obj
 0001:000045d8       ?Append@CParseBuffer@CRegParser@ATL@@QEAAHPEB_WH@Z 00000001800055d8 f i CashChanger.obj
 0001:000046f0       ?AtlCallTermFunc@ATL@@YAXPEAU_ATL_MODULE70@1@@Z 00000001800056f0 f i CashChanger.obj
 0001:00004754       ?AtlComModuleGetClassObject@ATL@@YAJPEAU_ATL_COM_MODULE70@1@AEBU_GUID@@1PEAPEAX@Z 0000000180005754 f i CashChanger.obj
 0001:00004894       ?AtlComModuleRegisterServer@ATL@@YAJPEAU_ATL_COM_MODULE70@1@HPEBU_GUID@@@Z 0000000180005894 f i CashChanger.obj
 0001:00004954       ?AtlComModuleUnregisterServer@ATL@@YAJPEAU_ATL_COM_MODULE70@1@HPEBU_GUID@@@Z 0000000180005954 f i CashChanger.obj
 0001:00004a10       ?AtlCreateTargetDC@ATL@@YAPEAUHDC__@@PEAU2@PEAUtagDVTARGETDEVICE@@@Z 0000000180005a10 f i CashChanger.obj
 0001:00004a84       ?AtlHiMetricToPixel@ATL@@YAXPEBUtagSIZE@@PEAU2@@Z 0000000180005a84 f i CashChanger.obj
 0001:00004b34       ?AtlHresultFromLastError@ATL@@YAJXZ 0000000180005b34 f i CashChanger.obj
 0001:00004b54       ?AtlHresultFromWin32@ATL@@YAJK@Z 0000000180005b54 f i CashChanger.obj
 0001:00004b64       ?AtlIPersistStreamInit_Load@ATL@@YAJPEAUIStream@@PEBUATL_PROPMAP_ENTRY@1@PEAXPEAUIUnknown@@@Z 0000000180005b64 f i CashChanger.obj
 0001:00004d9c       ?AtlIPersistStreamInit_Save@ATL@@YAJPEAUIStream@@HPEBUATL_PROPMAP_ENTRY@1@PEAXPEAUIUnknown@@@Z 0000000180005d9c f i CashChanger.obj
 0001:00004fd8       ?AtlInternalOleLoadFromStream@ATL@@YAJPEAUIStream@@AEBU_GUID@@PEAPEAXTClassesAllowedInStream@1@K@Z 0000000180005fd8 f i CashChanger.obj
 0001:0000511c       ?AtlInternalQueryInterface@ATL@@YAJPEAXPEBU_ATL_INTMAP_ENTRY@1@AEBU_GUID@@PEAPEAX@Z 000000018000611c f i CashChanger.obj
 0001:00005224       ?AtlLoadTypeLib@ATL@@YAJPEAUHINSTANCE__@@PEB_WPEAPEA_WPEAPEAUITypeLib@@@Z 0000000180006224 f i CashChanger.obj
 0001:00005480       ?AtlModuleAddTermFunc@ATL@@YAJPEAU_ATL_MODULE70@1@P6AX_K@Z1@Z 0000000180006480 f i CashChanger.obj
 0001:00005514       ?AtlRegisterClassCategoriesHelper@ATL@@YAJAEBU_GUID@@PEBU_ATL_CATMAP_ENTRY@1@H@Z 0000000180006514 f i CashChanger.obj
 0001:0000597c       ?AtlRegisterTypeLib@ATL@@YAJPEAUHINSTANCE__@@PEB_W@Z 000000018000697c f i CashChanger.obj
 0001:00005b78       ?AtlThrowImpl@ATL@@YAXJ@Z  0000000180006b78 f i CashChanger.obj
 0001:00005b9c       ?AtlUnRegisterTypeLib@ATL@@YAJPEAUHINSTANCE__@@PEB_W@Z 0000000180006b9c f i CashChanger.obj
 0001:00005c64       ?AtlWinModuleExtractCreateWndData@ATL@@YAPEAXPEAU_ATL_WIN_MODULE70@1@@Z 0000000180006c64 f i CashChanger.obj
 0001:00005cf0       ?Cleanup@CComTypeInfoHolder@ATL@@SAX_K@Z 0000000180006cf0 f i CashChanger.obj
 0001:00005d30       ?ClearReplacements@CExpansionVector@ATL@@QEAAJXZ 0000000180006d30 f i CashChanger.obj
 0001:00005dcc       ?CreateInstance@?$CComCreator@V?$CComAggObject@VCOPOSCashChanger@@@ATL@@@ATL@@SAJPEAXAEBU_GUID@@PEAPEAX@Z 0000000180006dcc f i CashChanger.obj
 0001:00005ea4       ?CreateInstance@?$CComCreator@V?$CComObject@VCOPOSCashChanger@@@ATL@@@ATL@@SAJPEAXAEBU_GUID@@PEAPEAX@Z 0000000180006ea4 f i CashChanger.obj
 0001:00005f5c       ?CreateInstance@?$CComObject@V?$CComEnum@UIEnumConnectionPoints@@$1?_GUID_b196b285_bab4_101a_b69c_00aa00341d07@@3U__s_GUID@@BPEAUIConnectionPoint@@V?$_CopyInterface@UIConnectionPoint@@@ATL@@VCComSingleThreadModel@6@@ATL@@@ATL@@SAJPEAPEAV12@@Z 0000000180006f5c f i CashChanger.obj
 0001:00005fe8       ?CreateInstance@?$CComObject@V?$CComEnum@UIEnumConnections@@$1?_GUID_b196b287_bab4_101a_b69c_00aa00341d07@@3U__s_GUID@@BUtagCONNECTDATA@@V?$_Copy@UtagCONNECTDATA@@@ATL@@VCComSingleThreadModel@6@@ATL@@@ATL@@SAJPEAPEAV12@@Z 0000000180006fe8 f i CashChanger.obj
 0001:00006074       ?DefaultReflectionHandler@?$CWindowImplRoot@VCWindow@ATL@@@ATL@@SAHPEAUHWND__@@I_K_JAEA_J@Z 0000000180007074 f i CashChanger.obj
 0001:000060d8       ?DeleteSubKey@CRegKey@ATL@@QEAAJPEB_W@Z 00000001800070d8 f i CashChanger.obj
 0001:00006170       ?DoEvent@COPOSCashChanger@@IEAAXI_K_J@Z 0000000180007170 f i CashChanger.obj
 0001:00006224       ?DoVerbPrimary@?$IOleObjectImpl@VCOPOSCashChanger@@@ATL@@QEAAJPEBUtagRECT@@PEAUHWND__@@@Z 0000000180007224 f i CashChanger.obj
 0001:0000634c       ?DoVerbProperties@CComControlBase@ATL@@QEAAJPEBUtagRECT@@PEAUHWND__@@@Z 000000018000734c f i CashChanger.obj
 0001:00006574       ?FireTheEvent@?$CProxy_IOPOSEvents@VCOPOSCashChanger@@@@IEAAXPEAVOposVariant@@IAEAJPEB_WJ@Z 0000000180007574 f i CashChanger.obj
 0001:00006660       ?FireViewChange@CComControlBase@ATL@@QEAAJXZ 0000000180007660 f i CashChanger.obj
 0001:000066c4       ?Fire_DataEvent@?$CProxy_IOPOSEvents@VCOPOSCashChanger@@@@QEAAXJ@Z 00000001800076c4 f i CashChanger.obj
 0001:000067b0       ?Fire_DirectIOEvent@?$CProxy_IOPOSEvents@VCOPOSCashChanger@@@@QEAAXJPEAJPEAPEA_W@Z 00000001800077b0 f i CashChanger.obj
 0001:00006908       ?Fire_StatusUpdateEvent@?$CProxy_IOPOSEvents@VCOPOSCashChanger@@@@QEAAXJ@Z 0000000180007908 f i CashChanger.obj
 0001:000069f4       ?FreeHeap@?$CTempBuffer@E$0BAA@VCCRTAllocator@ATL@@@ATL@@AEAAXXZ 00000001800079f4 f i CashChanger.obj
 0001:000069f4       ?FreeHeap@?$CTempBuffer@_W$0EAA@VCCRTAllocator@ATL@@@ATL@@AEAAXXZ 00000001800079f4 f i CashChanger.obj
 0001:000069f4       ?FreeHeap@?$CTempBuffer@_W$0BAA@VCCRTAllocator@ATL@@@ATL@@AEAAXXZ 00000001800079f4 f i CashChanger.obj
 0001:000069fc       ?GetAmbientLocaleID@CComControlBase@ATL@@QEAAJAEAK@Z 00000001800079fc f i CashChanger.obj
 0001:00006abc       ?GetAmbientUserMode@CComControlBase@ATL@@QEAAJAEAH@Z 0000000180007abc f i CashChanger.obj
 0001:00006b90       ?GetClassObject@CComModule@ATL@@QEAAJAEBU_GUID@@0PEAPEAX@Z 0000000180007b90 f i CashChanger.obj
 0001:00006c84       ?GetConnMap@COPOSCashChanger@@SAPEBU_ATL_CONNMAP_ENTRY@ATL@@PEAH@Z 0000000180007c84 f i CashChanger.obj
 0001:00006d0c       ?GetIDsOfNames@CComTypeInfoHolder@ATL@@QEAAJAEBU_GUID@@PEAPEA_WIKPEAJ@Z 0000000180007d0c f i CashChanger.obj
 0001:00006e84       ?GetPagesHelper@?$ISpecifyPropertyPagesImpl@VCOPOSCashChanger@@@ATL@@IEAAJPEAUtagCAUUID@@PEBUATL_PROPMAP_ENTRY@2@@Z 0000000180007e84 f i CashChanger.obj
 0001:00007024       ?GetSizeMax@CComVariant@ATL@@QEBAJPEAT_ULARGE_INTEGER@@@Z 0000000180008024 f i CashChanger.obj
 0001:00007258       ?GetTI@CComTypeInfoHolder@ATL@@QEAAJK@Z 0000000180008258 f i CashChanger.obj
 0001:000074d0       ?GetZoomInfo@CComControlBase@ATL@@QEAAXAEAUATL_DRAWINFO@@@Z 00000001800084d0 f i CashChanger.obj
 0001:00007574       ?HKeyFromString@CRegParser@ATL@@KAPEAUHKEY__@@PEA_W@Z 0000000180008574 f i CashChanger.obj
 0001:000075d8       ?IDataObject_GetData@CComControlBase@ATL@@QEAAJPEAUtagFORMATETC@@PEAUtagSTGMEDIUM@@@Z 00000001800085d8 f i CashChanger.obj
 0001:000077cc       ?IOleInPlaceObject_InPlaceDeactivate@CComControlBase@ATL@@QEAAJXZ 00000001800087cc f i CashChanger.obj
 0001:0000786c       ?IOleInPlaceObject_SetObjectRects@CComControlBase@ATL@@QEAAJPEBUtagRECT@@0@Z 000000018000886c f i CashChanger.obj
 0001:0000795c       ?IOleInPlaceObject_UIDeactivate@CComControlBase@ATL@@QEAAJXZ 000000018000895c f i CashChanger.obj
 0001:00007a68       ?IOleObject_Close@CComControlBase@ATL@@QEAAJK@Z 0000000180008a68 f i CashChanger.obj
 0001:00007b80       ?IOleObject_SetClientSite@CComControlBase@ATL@@QEAAJPEAUIOleClientSite@@@Z 0000000180008b80 f i CashChanger.obj
 0001:00007bf8       ?IOleObject_SetExtent@CComControlBase@ATL@@QEAAJKPEAUtagSIZE@@@Z 0000000180008bf8 f i CashChanger.obj
 0001:00007c90       ?IPSI_GetIPersistStreamInit@?$IPersistStorageImpl@VCOPOSCashChanger@@@ATL@@AEAAPEAUIPersistStreamInit@@XZ 0000000180008c90 f i CashChanger.obj
 0001:00007cec       ?IQuickActivate_QuickActivate@CComControlBase@ATL@@QEAAJPEAUtagQACONTAINER@@PEAUtagQACONTROL@@@Z 0000000180008cec f i CashChanger.obj
 0001:00007fb0       ?IViewObject_Draw@CComControlBase@ATL@@QEAAJKJPEAXPEAUtagDVTARGETDEVICE@@PEAUHDC__@@2PEBU_RECTL@@3@Z 0000000180008fb0 f i CashChanger.obj
 0001:000080c4       ?InPlaceActivate@CComControlBase@ATL@@QEAAJJPEBUtagRECT@@@Z 00000001800090c4 f i CashChanger.obj
 0001:000083fc       ?Init@?$CComEnumImpl@UIEnumConnectionPoints@@$1?_GUID_b196b285_bab4_101a_b69c_00aa00341d07@@3U__s_GUID@@BPEAUIConnectionPoint@@V?$_CopyInterface@UIConnectionPoint@@@ATL@@@ATL@@QEAAJPEAPEAUIConnectionPoint@@0PEAUIUnknown@@W4CComEnumFlags@2@@Z 00000001800093fc f i CashChanger.obj
 0001:0000851c       ?Init@?$CComEnumImpl@UIEnumConnections@@$1?_GUID_b196b287_bab4_101a_b69c_00aa00341d07@@3U__s_GUID@@BUtagCONNECTDATA@@V?$_Copy@UtagCONNECTDATA@@@ATL@@@ATL@@QEAAJPEAUtagCONNECTDATA@@0PEAUIUnknown@@W4CComEnumFlags@2@@Z 000000018000951c f i CashChanger.obj
 0001:00008640       ?IsEqualObject@?$CComPtrBase@UIOleClientSite@@@ATL@@QEAA_NPEAUIUnknown@@@Z 0000000180009640 f i CashChanger.obj
 0001:00008640       ?IsEqualObject@?$CComPtrBase@UITypeInfo@@@ATL@@QEAA_NPEAUIUnknown@@@Z 0000000180009640 f i CashChanger.obj
 0001:000086cc       ?LoadNameCache@CComTypeInfoHolder@ATL@@QEAAJPEAUITypeInfo@@@Z 00000001800096cc f i CashChanger.obj
 0001:00008850       ?Lookup@?$CSimpleMap@PEA_WPEA_WVCExpansionVectorEqualHelper@ATL@@@ATL@@QEBAPEA_WAEBQEA_W@Z 0000000180009850 f i CashChanger.obj
 0001:000088dc       ?NextToken@CRegParser@ATL@@IEAAJPEA_W@Z 00000001800098dc f i CashChanger.obj
 0001:00008a94       ?OnKillFocus@CComControlBase@ATL@@QEAA_JI_K_JAEAH@Z 0000000180009a94 f i CashChanger.obj
 0001:00008b30       ?OnMouseActivate@CComControlBase@ATL@@QEAA_JI_K_JAEAH@Z 0000000180009b30 f i CashChanger.obj
 0001:00008bd0       ?OnPaint@CComControlBase@ATL@@QEAA_JI_K_JAEAH@Z 0000000180009bd0 f i CashChanger.obj
 0001:00008cbc       ?OnSetFocus@CComControlBase@ATL@@QEAA_JI_K_JAEAH@Z 0000000180009cbc f i CashChanger.obj
 0001:00008db8       ?Open@CRegKey@ATL@@QEAAJPEAUHKEY__@@PEB_WK@Z 0000000180009db8 f i CashChanger.obj
 0001:00008e44       ?PreProcessBuffer@CRegParser@ATL@@QEAAJPEA_WPEAPEA_W@Z 0000000180009e44 f i CashChanger.obj
 0001:000091c8       ?ProcessWindowMessage@?$CComControl@VCOPOSCashChanger@@V?$CWindowImpl@VCOPOSCashChanger@@VCWindow@ATL@@V?$CWinTraits@$0FGAAAAAA@$0A@@3@@ATL@@@ATL@@UEAAHPEAUHWND__@@I_K_JAEA_JK@Z 000000018000a1c8 f i CashChanger.obj
 0001:000092ac       ?PutProperty@?$CComPtr@UIDispatch@@@ATL@@SAJPEAUIDispatch@@JPEAUtagVARIANT@@@Z 000000018000a2ac f i CashChanger.obj
 0001:000093b0       ?ReadFromStream@CComBSTR@ATL@@QEAAJPEAUIStream@@@Z 000000018000a3b0 f i CashChanger.obj
 0001:0000950c       ?ReadFromStream@CComVariant@ATL@@QEAAJPEAUIStream@@GTClassesAllowedInStream@2@K@Z 000000018000a50c f i CashChanger.obj
 0001:0000971c       ?RecurseDeleteKey@CRegKey@ATL@@QEAAJPEB_W@Z 000000018000a71c f i CashChanger.obj
 0001:00009828       ?RegCreateKeyExW@CAtlTransactionManager@ATL@@QEAAJPEAUHKEY__@@PEB_WKPEA_WKKQEAU_SECURITY_ATTRIBUTES@@PEAPEAU3@PEAK@Z 000000018000a828 f i CashChanger.obj
 0001:0000995c       ?RegDeleteKeyW@CAtlTransactionManager@ATL@@QEAAJPEAUHKEY__@@PEB_W@Z 000000018000a95c f i CashChanger.obj
 0001:000099e8       ?RegOpenKeyExW@CAtlTransactionManager@ATL@@QEAAJPEAUHKEY__@@PEB_WKKPEAPEAU3@@Z 000000018000a9e8 f i CashChanger.obj
 0001:00009aa0       ?RegisterBuffer@CRegParser@ATL@@QEAAJPEA_WH@Z 000000018000aaa0 f i CashChanger.obj
 0001:00009c08       ?RegisterFromResource@CRegObject@ATL@@IEAAJPEB_W00H@Z 000000018000ac08 f i CashChanger.obj
 0001:00009dc4       ?RegisterServer@CComModule@ATL@@QEAAJHPEBU_GUID@@@Z 000000018000adc4 f i CashChanger.obj
 0001:00009e84       ?RegisterSubkeys@CRegParser@ATL@@IEAAJPEA_WPEAUHKEY__@@HH@Z 000000018000ae84 f i CashChanger.obj
 0001:0000a580       ?SendOnDataChange@CComControlBase@ATL@@QEAAJK@Z 000000018000b580 f i CashChanger.obj
 0001:0000a5f0       ?SetControlFocus@CComControlBase@ATL@@QEAAHH@Z 000000018000b5f0 f i CashChanger.obj
 0001:0000a6cc       ?SkipAssignment@CRegParser@ATL@@IEAAJPEA_W@Z 000000018000b6cc f i CashChanger.obj
 0001:0000a770       ?Term@CComModule@ATL@@QEAAXXZ 000000018000b770 f i CashChanger.obj
 0001:0000a81c       ?UnregisterServer@CComModule@ATL@@QEAAJHPEBU_GUID@@@Z 000000018000b81c f i CashChanger.obj
 0001:0000a8cc       ?UpdateRegistryFromResource@CAtlModule@ATL@@QEAAJIHPEAU_ATL_REGMAP_ENTRY@2@@Z 000000018000b8cc f i CashChanger.obj
 0001:0000ac04       ?UpdateRegistryFromResource@CAtlModule@ATL@@QEAAJPEB_WHPEAU_ATL_REGMAP_ENTRY@2@@Z 000000018000bc04 f i CashChanger.obj
 0001:0000af5c       ?VTFromRegType@CRegParser@ATL@@KAHPEB_WAEAG@Z 000000018000bf5c f i CashChanger.obj
 0001:0000aff8       ?WindowProc@?$CWindowImplBaseT@VCWindow@ATL@@V?$CWinTraits@$0FGAAAAAA@$0A@@2@@ATL@@SA_JPEAUHWND__@@I_K_J@Z 000000018000bff8 f i CashChanger.obj
 0001:0000b164       ?WriteToStream@CComBSTR@ATL@@QEAAJPEAUIStream@@@Z 000000018000c164 f i CashChanger.obj
 0001:0000b1e4       ?WriteToStream@CComVariant@ATL@@QEAAJPEAUIStream@@@Z 000000018000c1e4 f i CashChanger.obj
 0001:0000b3f8       ?WriteToStream@CComVariant@ATL@@QEAAJPEAUIStream@@G@Z 000000018000c3f8 f i CashChanger.obj
 0001:0000b490       ?_AtlVerifyStackAvailable@_ATL_SAFE_ALLOCA_IMPL@ATL@@YA_N_K@Z 000000018000c490 f i CashChanger.obj
 0001:0000b514       ?atlCreate@?$CWindowImpl@VCOPOSCashChanger@@VCWindow@ATL@@V?$CWinTraits@$0FGAAAAAA@$0A@@3@@ATL@@QEAAPEAUHWND__@@PEAU3@V_U_RECT@2@PEB_WKKV_U_MENUorID@2@PEAX@Z 000000018000c514 f i CashChanger.obj
 0001:0000b5c4       ?atlCreate@?$CWindowImplBaseT@VCWindow@ATL@@V?$CWinTraits@$0FGAAAAAA@$0A@@2@@ATL@@QEAAPEAUHWND__@@PEAU3@V_U_RECT@2@PEB_WKKV_U_MENUorID@2@GPEAX@Z 000000018000c5c4 f i CashChanger.obj
 0001:0000b734       ?atlCreate@CRegKey@ATL@@QEAAJPEAUHKEY__@@PEB_WPEA_WKKPEAU_SECURITY_ATTRIBUTES@@PEAK@Z 000000018000c734 f i CashChanger.obj
 0001:0000b820       DllCanUnloadNow            000000018000c820 f   CashChanger.obj
 0001:0000b82c       DllGetClassObject          000000018000c82c f   CashChanger.obj
 0001:0000b844       DllMain                    000000018000c844 f   CashChanger.obj
 0001:0000b8ec       DllRegisterServer          000000018000c8ec f   CashChanger.obj
 0001:0000b900       DllUnregisterServer        000000018000c900 f   CashChanger.obj
 0001:0000b914       __local_stdio_printf_options 000000018000c914 f i CashChanger.obj
 0001:0000b9a4       swprintf_s                 000000018000c9a4 f i CashChanger.obj
 0001:0000b9f8       ??0COPOSCashChanger@@QEAA@XZ 000000018000c9f8 f   CashChangerImpl.obj
 0001:0000babc       ??1?$IConnectionPointImpl@VCOPOSCashChanger@@$1?IID_IPropertyNotifySink@@3U_GUID@@BVCComDynamicUnkArray@ATL@@@ATL@@QEAA@XZ 000000018000cabc f i CashChangerImpl.obj
 0001:0000babc       ??1?$IConnectionPointImpl@VCOPOSCashChanger@@$1?DIID__IOPOSCashChangerEvents@@3U_GUID@@BVCComDynamicUnkArray@ATL@@@ATL@@QEAA@XZ 000000018000cabc f i CashChangerImpl.obj
 0001:0000bb18       ??1CComControlBase@ATL@@UEAA@XZ 000000018000cb18 f i CashChangerImpl.obj
 0001:0000bb94       ??1COPOSCashChanger@@UEAA@XZ 000000018000cb94 f   CashChangerImpl.obj
 0001:0000bbf8       ?AdjustCashCounts@COPOSCashChanger@@UEAAJPEA_WPEAJ@Z 000000018000cbf8 f   CashChangerImpl.obj
 0001:0000bc80       ?BeginDeposit@COPOSCashChanger@@UEAAJPEAJ@Z 000000018000cc80 f   CashChangerImpl.obj
 0001:0000bca8       ?CheckHealth@COPOSCashChanger@@UEAAJJPEAJ@Z 000000018000cca8 f   CashChangerImpl.obj
 0001:0000bd24       ?ClaimDevice@COPOSCashChanger@@UEAAJJPEAJ@Z 000000018000cd24 f   CashChangerImpl.obj
 0001:0000bdc4       ?ClearInput@COPOSCashChanger@@UEAAJPEAJ@Z 000000018000cdc4 f   CashChangerImpl.obj
 0001:0000bdec       ?Close@COPOSCashChanger@@UEAAJPEAJ@Z 000000018000cdec f   CashChangerImpl.obj
 0001:0000bea4       ?CompareFirmwareVersion@COPOSCashChanger@@UEAAJPEA_WPEAJ1@Z 000000018000cea4 f   CashChangerImpl.obj
 0001:0000bf80       ?DirectIO@COPOSCashChanger@@UEAAJJPEAJPEAPEA_W0@Z 000000018000cf80 f   CashChangerImpl.obj
 0001:0000c07c       ?DispenseCash@COPOSCashChanger@@UEAAJPEA_WPEAJ@Z 000000018000d07c f   CashChangerImpl.obj
 0001:0000c104       ?DispenseChange@COPOSCashChanger@@UEAAJJPEAJ@Z 000000018000d104 f   CashChangerImpl.obj
 0001:0000c180       ?DoInvoke@COPOSCashChanger@@IEAAJJPEAVOposVariant@@IHPEAJ_N@Z 000000018000d180 f   CashChangerImpl.obj
 0001:0000c2b4       ?EndDeposit@COPOSCashChanger@@UEAAJJPEAJ@Z 000000018000d2b4 f   CashChangerImpl.obj
 0001:0000c330       ?EventInit@COPOSCashChanger@@IEAAJXZ 000000018000d330 f i CashChangerImpl.obj
 0001:0000c478       ?EventUninit@COPOSCashChanger@@IEAAXXZ 000000018000d478 f i CashChangerImpl.obj
 0001:0000c4dc       ?EventWindowProc@COPOSCashChanger@@IEAA_JI_K_J@Z 000000018000d4dc f i CashChangerImpl.obj
 0001:0000c610       ?FinalConstruct@COPOSCashChanger@@QEAAJXZ 000000018000d610 f   CashChangerImpl.obj
 0001:0000c64c       ?FixDeposit@COPOSCashChanger@@UEAAJPEAJ@Z 000000018000d64c f   CashChangerImpl.obj
 0001:0000c674       ?FreezeEvents@COPOSCashChanger@@MEAAJH@Z 000000018000d674 f   CashChangerImpl.obj
 0001:0000c6e8       ?GetOposProp@COPOSCashChanger@@IEAAJJPEAJJ@Z 000000018000d6e8 f   CashChangerImpl.obj
 0001:0000c804       ?GetOposProp@COPOSCashChanger@@IEAAJJPEAPEA_WJ@Z 000000018000d804 f   CashChangerImpl.obj
 0001:0000c930       ?OnDraw@COPOSCashChanger@@MEAAJAEAUATL_DRAWINFO@@@Z 000000018000d930 f   CashChangerImpl.obj
 0001:0000ca1c       ?Open@COPOSCashChanger@@UEAAJPEA_WPEAJ@Z 000000018000da1c f   CashChangerImpl.obj
 0001:0000d2a8       ?PauseDeposit@COPOSCashChanger@@UEAAJJPEAJ@Z 000000018000e2a8 f   CashChangerImpl.obj
 0001:0000d324       ?ReadCashCounts@COPOSCashChanger@@UEAAJPEAPEA_WPEAFPEAJ@Z 000000018000e324 f   CashChangerImpl.obj
 0001:0000d400       ?ReleaseDevice@COPOSCashChanger@@UEAAJPEAJ@Z 000000018000e400 f   CashChangerImpl.obj
 0001:0000d46c       ?ResetStatistics@COPOSCashChanger@@UEAAJPEA_WPEAJ@Z 000000018000e46c f   CashChangerImpl.obj
 0001:0000d4f4       ?RetrieveStatistics@COPOSCashChanger@@UEAAJPEAPEA_WPEAJ@Z 000000018000e4f4 f   CashChangerImpl.obj
 0001:0000d57c       ?SOProcessID@COPOSCashChanger@@UEAAJPEAJ@Z 000000018000e57c f   CashChangerImpl.obj
 0001:0000d598       ?SetCOFreezeEvents@COPOSCashChanger@@IEAAXF@Z 000000018000e598 f   CashChangerImpl.obj
 0001:0000d67c       ?SetOposProp@COPOSCashChanger@@IEAAJJJJ@Z 000000018000e67c f   CashChangerImpl.obj
 0001:0000d7dc       ?SetOposProp@COPOSCashChanger@@IEAAJJPEA_WJ@Z 000000018000e7dc f   CashChangerImpl.obj
 0001:0000d934       ?UpdateFirmware@COPOSCashChanger@@UEAAJPEA_WPEAJ@Z 000000018000e934 f   CashChangerImpl.obj
 0001:0000d9bc       ?UpdateStatistics@COPOSCashChanger@@UEAAJPEA_WPEAJ@Z 000000018000e9bc f   CashChangerImpl.obj
 0001:0000da44       ?get_AsyncMode@COPOSCashChanger@@UEAAJPEAF@Z 000000018000ea44 f   CashChangerImpl.obj
 0001:0000da78       ?get_AsyncResultCode@COPOSCashChanger@@UEAAJPEAJ@Z 000000018000ea78 f   CashChangerImpl.obj
 0001:0000da8c       ?get_AsyncResultCodeExtended@COPOSCashChanger@@UEAAJPEAJ@Z 000000018000ea8c f   CashChangerImpl.obj
 0001:0000daa0       ?get_BinaryConversion@COPOSCashChanger@@UEAAJPEAJ@Z 000000018000eaa0 f   CashChangerImpl.obj
 0001:0000dab4       ?get_CapCompareFirmwareVersion@COPOSCashChanger@@UEAAJPEAF@Z 000000018000eab4 f   CashChangerImpl.obj
 0001:0000dae8       ?get_CapDeposit@COPOSCashChanger@@UEAAJPEAF@Z 000000018000eae8 f   CashChangerImpl.obj
 0001:0000db1c       ?get_CapDepositDataEvent@COPOSCashChanger@@UEAAJPEAF@Z 000000018000eb1c f   CashChangerImpl.obj
 0001:0000db50       ?get_CapDiscrepancy@COPOSCashChanger@@UEAAJPEAF@Z 000000018000eb50 f   CashChangerImpl.obj
 0001:0000db84       ?get_CapEmptySensor@COPOSCashChanger@@UEAAJPEAF@Z 000000018000eb84 f   CashChangerImpl.obj
 0001:0000dbb8       ?get_CapFullSensor@COPOSCashChanger@@UEAAJPEAF@Z 000000018000ebb8 f   CashChangerImpl.obj
 0001:0000dbec       ?get_CapJamSensor@COPOSCashChanger@@UEAAJPEAF@Z 000000018000ebec f   CashChangerImpl.obj
 0001:0000dc20       ?get_CapNearEmptySensor@COPOSCashChanger@@UEAAJPEAF@Z 000000018000ec20 f   CashChangerImpl.obj
 0001:0000dc54       ?get_CapNearFullSensor@COPOSCashChanger@@UEAAJPEAF@Z 000000018000ec54 f   CashChangerImpl.obj
 0001:0000dc88       ?get_CapPauseDeposit@COPOSCashChanger@@UEAAJPEAF@Z 000000018000ec88 f   CashChangerImpl.obj
 0001:0000dcbc       ?get_CapPowerReporting@COPOSCashChanger@@UEAAJPEAJ@Z 000000018000ecbc f   CashChangerImpl.obj
 0001:0000dcd0       ?get_CapRealTimeData@COPOSCashChanger@@UEAAJPEAF@Z 000000018000ecd0 f   CashChangerImpl.obj
 0001:0000dd04       ?get_CapRepayDeposit@COPOSCashChanger@@UEAAJPEAF@Z 000000018000ed04 f   CashChangerImpl.obj
 0001:0000dd38       ?get_CapStatisticsReporting@COPOSCashChanger@@UEAAJPEAF@Z 000000018000ed38 f   CashChangerImpl.obj
 0001:0000dd6c       ?get_CapUpdateFirmware@COPOSCashChanger@@UEAAJPEAF@Z 000000018000ed6c f   CashChangerImpl.obj
 0001:0000dda0       ?get_CapUpdateStatistics@COPOSCashChanger@@UEAAJPEAF@Z 000000018000eda0 f   CashChangerImpl.obj
 0001:0000ddd4       ?get_CheckHealthText@COPOSCashChanger@@UEAAJPEAPEA_W@Z 000000018000edd4 f   CashChangerImpl.obj
 0001:0000dde8       ?get_Claimed@COPOSCashChanger@@UEAAJPEAF@Z 000000018000ede8 f   CashChangerImpl.obj
 0001:0000de1c       ?get_ControlObjectDescription@COPOSCashChanger@@UEAAJPEAPEA_W@Z 000000018000ee1c f   CashChangerImpl.obj
 0001:0000de80       ?get_ControlObjectVersion@COPOSCashChanger@@UEAAJPEAJ@Z 000000018000ee80 f   CashChangerImpl.obj
 0001:0000de8c       ?get_CurrencyCashList@COPOSCashChanger@@UEAAJPEAPEA_W@Z 000000018000ee8c f   CashChangerImpl.obj
 0001:0000dea0       ?get_CurrencyCode@COPOSCashChanger@@UEAAJPEAPEA_W@Z 000000018000eea0 f   CashChangerImpl.obj
 0001:0000deb4       ?get_CurrencyCodeList@COPOSCashChanger@@UEAAJPEAPEA_W@Z 000000018000eeb4 f   CashChangerImpl.obj
 0001:0000dec8       ?get_CurrentExit@COPOSCashChanger@@UEAAJPEAJ@Z 000000018000eec8 f   CashChangerImpl.obj
 0001:0000dedc       ?get_CurrentService@COPOSCashChanger@@UEAAJPEAJ@Z 000000018000eedc f   CashChangerImpl.obj
 0001:0000def0       ?get_DataCount@COPOSCashChanger@@UEAAJPEAJ@Z 000000018000eef0 f   CashChangerImpl.obj
 0001:0000df04       ?get_DataEventEnabled@COPOSCashChanger@@UEAAJPEAF@Z 000000018000ef04 f   CashChangerImpl.obj
 0001:0000df38       ?get_DepositAmount@COPOSCashChanger@@UEAAJPEAJ@Z 000000018000ef38 f   CashChangerImpl.obj
 0001:0000df4c       ?get_DepositCashList@COPOSCashChanger@@UEAAJPEAPEA_W@Z 000000018000ef4c f   CashChangerImpl.obj
 0001:0000df60       ?get_DepositCodeList@COPOSCashChanger@@UEAAJPEAPEA_W@Z 000000018000ef60 f   CashChangerImpl.obj
 0001:0000df74       ?get_DepositCounts@COPOSCashChanger@@UEAAJPEAPEA_W@Z 000000018000ef74 f   CashChangerImpl.obj
 0001:0000df88       ?get_DepositStatus@COPOSCashChanger@@UEAAJPEAJ@Z 000000018000ef88 f   CashChangerImpl.obj
 0001:0000df9c       ?get_DeviceDescription@COPOSCashChanger@@UEAAJPEAPEA_W@Z 000000018000ef9c f   CashChangerImpl.obj
 0001:0000dfb0       ?get_DeviceEnabled@COPOSCashChanger@@UEAAJPEAF@Z 000000018000efb0 f   CashChangerImpl.obj
 0001:0000dfe4       ?get_DeviceExits@COPOSCashChanger@@UEAAJPEAJ@Z 000000018000efe4 f   CashChangerImpl.obj
 0001:0000dff8       ?get_DeviceName@COPOSCashChanger@@UEAAJPEAPEA_W@Z 000000018000eff8 f   CashChangerImpl.obj
 0001:0000e00c       ?get_DeviceStatus@COPOSCashChanger@@UEAAJPEAJ@Z 000000018000f00c f   CashChangerImpl.obj
 0001:0000e020       ?get_ExitCashList@COPOSCashChanger@@UEAAJPEAPEA_W@Z 000000018000f020 f   CashChangerImpl.obj
 0001:0000e034       ?get_FreezeEvents@COPOSCashChanger@@UEAAJPEAF@Z 000000018000f034 f   CashChangerImpl.obj
 0001:0000e064       ?get_FullStatus@COPOSCashChanger@@UEAAJPEAJ@Z 000000018000f064 f   CashChangerImpl.obj
 0001:0000e078       ?get_OpenResult@COPOSCashChanger@@UEAAJPEAJ@Z 000000018000f078 f   CashChangerImpl.obj
 0001:0000e084       ?get_PowerNotify@COPOSCashChanger@@UEAAJPEAJ@Z 000000018000f084 f   CashChangerImpl.obj
 0001:0000e098       ?get_PowerState@COPOSCashChanger@@UEAAJPEAJ@Z 000000018000f098 f   CashChangerImpl.obj
 0001:0000e0ac       ?get_RealTimeDataEnabled@COPOSCashChanger@@UEAAJPEAF@Z 000000018000f0ac f   CashChangerImpl.obj
 0001:0000e0e0       ?get_ResultCode@COPOSCashChanger@@UEAAJPEAJ@Z 000000018000f0e0 f   CashChangerImpl.obj
 0001:0000e11c       ?get_ResultCodeExtended@COPOSCashChanger@@UEAAJPEAJ@Z 000000018000f11c f   CashChangerImpl.obj
 0001:0000e130       ?get_ServiceCount@COPOSCashChanger@@UEAAJPEAJ@Z 000000018000f130 f   CashChangerImpl.obj
 0001:0000e144       ?get_ServiceIndex@COPOSCashChanger@@UEAAJPEAJ@Z 000000018000f144 f   CashChangerImpl.obj
 0001:0000e158       ?get_ServiceObjectDescription@COPOSCashChanger@@UEAAJPEAPEA_W@Z 000000018000f158 f   CashChangerImpl.obj
 0001:0000e16c       ?get_ServiceObjectVersion@COPOSCashChanger@@UEAAJPEAJ@Z 000000018000f16c f   CashChangerImpl.obj
 0001:0000e180       ?get_State@COPOSCashChanger@@UEAAJPEAJ@Z 000000018000f180 f   CashChangerImpl.obj
 0001:0000e1ac       ?put_AsyncMode@COPOSCashChanger@@UEAAJF@Z 000000018000f1ac f   CashChangerImpl.obj
 0001:0000e1c8       ?put_BinaryConversion@COPOSCashChanger@@UEAAJJ@Z 000000018000f1c8 f   CashChangerImpl.obj
 0001:0000e1dc       ?put_CurrencyCode@COPOSCashChanger@@UEAAJPEA_W@Z 000000018000f1dc f   CashChangerImpl.obj
 0001:0000e1f0       ?put_CurrentExit@COPOSCashChanger@@UEAAJJ@Z 000000018000f1f0 f   CashChangerImpl.obj
 0001:0000e204       ?put_CurrentService@COPOSCashChanger@@UEAAJJ@Z 000000018000f204 f   CashChangerImpl.obj
 0001:0000e218       ?put_DataEventEnabled@COPOSCashChanger@@UEAAJF@Z 000000018000f218 f   CashChangerImpl.obj
 0001:0000e230       ?put_DeviceEnabled@COPOSCashChanger@@UEAAJF@Z 000000018000f230 f   CashChangerImpl.obj
 0001:0000e248       ?put_FreezeEvents@COPOSCashChanger@@UEAAJF@Z 000000018000f248 f   CashChangerImpl.obj
 0001:0000e298       ?put_PowerNotify@COPOSCashChanger@@UEAAJJ@Z 000000018000f298 f   CashChangerImpl.obj
 0001:0000e2ac       ?put_RealTimeDataEnabled@COPOSCashChanger@@UEAAJF@Z 000000018000f2ac f   CashChangerImpl.obj
 0001:0000e2c8       ?s_EventWindowProc@COPOSCashChanger@@KA_JPEAUHWND__@@I_K_J@Z 000000018000f2c8 f i CashChangerImpl.obj
 0001:0000e344       ??_U@YAPEAX_K@Z            000000018000f344 f   LIBCMT:new_array.obj
 0001:0000e34c       ??3@YAXPEAX_K@Z            000000018000f34c f   LIBCMT:delete_scalar_size.obj
 0001:0000e34c       ??_V@YAXPEAX@Z             000000018000f34c f   LIBCMT:delete_array.obj
 0001:0000e354       ??_V@YAXPEAX_K@Z           000000018000f354 f   LIBCMT:delete_array_size.obj
 0001:0000e35c       __scrt_acquire_startup_lock 000000018000f35c f   LIBCMT:utility.obj
 0001:0000e398       __scrt_dllmain_after_initialize_c 000000018000f398 f   LIBCMT:utility.obj
 0001:0000e3cc       __scrt_dllmain_before_initialize_c 000000018000f3cc f   LIBCMT:utility.obj
 0001:0000e3e4       __scrt_dllmain_crt_thread_attach 000000018000f3e4 f   LIBCMT:utility.obj
 0001:0000e40c       __scrt_dllmain_crt_thread_detach 000000018000f40c f   LIBCMT:utility.obj
 0001:0000e424       __scrt_dllmain_exception_filter 000000018000f424 f   LIBCMT:utility.obj
 0001:0000e484       __scrt_dllmain_uninitialize_c 000000018000f484 f   LIBCMT:utility.obj
 0001:0000e4b4       __scrt_dllmain_uninitialize_critical 000000018000f4b4 f   LIBCMT:utility.obj
 0001:0000e4c8       __scrt_initialize_crt      000000018000f4c8 f   LIBCMT:utility.obj
 0001:0000e514       __scrt_initialize_onexit_tables 000000018000f514 f   LIBCMT:utility.obj
 0001:0000e5ec       __scrt_is_nonwritable_in_current_image 000000018000f5ec f   LIBCMT:utility.obj
 0001:0000e688       __scrt_release_startup_lock 000000018000f688 f   LIBCMT:utility.obj
 0001:0000e6ac       __scrt_uninitialize_crt    000000018000f6ac f   LIBCMT:utility.obj
 0001:0000e6d8       _onexit                    000000018000f6d8 f   LIBCMT:utility.obj
 0001:0000e728       atexit                     000000018000f728 f   LIBCMT:utility.obj
 0001:0000e740       ??3@YAXPEAX@Z              000000018000f740 f   LIBCMT:delete_scalar.obj
 0001:0000e8d0       _Init_thread_footer        000000018000f8d0 f   LIBCMT:thread_safe_statics.obj
 0001:0000e930       _Init_thread_header        000000018000f930 f   LIBCMT:thread_safe_statics.obj
 0001:0000e998       _Init_thread_notify        000000018000f998 f   LIBCMT:thread_safe_statics.obj
 0001:0000e9e8       _Init_thread_wait          000000018000f9e8 f   LIBCMT:thread_safe_statics.obj
 0001:0000ea60       __raise_securityfailure    000000018000fa60 f   LIBCMT:gs_report.obj
 0001:0000ea94       __report_gsfailure         000000018000fa94 f   LIBCMT:gs_report.obj
 0001:0000eb68       __report_rangecheckfailure 000000018000fb68 f   LIBCMT:gs_report.obj
 0001:0000eb7c       __report_securityfailure   000000018000fb7c f   LIBCMT:gs_report.obj
 0001:0000ecfc       ??2@YAPEAX_KAEBUnothrow_t@std@@@Z 000000018000fcfc f   LIBCMT:new_scalar_nothrow.obj
 0001:0000ed1c       ??_U@YAPEAX_KAEBUnothrow_t@std@@@Z 000000018000fd1c f   LIBCMT:new_array_nothrow.obj
 0001:0000ed24       __GSHandlerCheck           000000018000fd24 f   LIBCMT:gshandler.obj
 0001:0000ed44       __GSHandlerCheckCommon     000000018000fd44 f   LIBCMT:gshandler.obj
 0001:0000eda0       __GSHandlerCheck_SEH       000000018000fda0 f   LIBCMT:gshandlerseh.obj
 0001:0000ee40       _alloca_probe              000000018000fe40 f   LIBCMT:chkstk.obj
 0001:0000ee40       __chkstk                   000000018000fe40 f   LIBCMT:chkstk.obj
 0001:0000eeb0       __security_check_cookie    000000018000feb0 f   LIBCMT:amdsecgs.obj
 0001:0000f204       _DllMainCRTStartup         0000000180010204 f   LIBCMT:dll_dllmain.obj
 0001:0000f244       ??2@YAPEAX_K@Z             0000000180010244 f   LIBCMT:new_scalar.obj
 0001:0000f280       __isa_available_init       0000000180010280 f   LIBCMT:cpu_disp.obj
 0001:0000f43c       __scrt_is_ucrt_dll_in_use  000000018001043c f   LIBCMT:ucrt_detection.obj
 0001:0000f448       __crt_debugger_hook        0000000180010448 f   LIBCMT:utility_desktop.obj
 0001:0000f450       __scrt_fastfail            0000000180010450 f   LIBCMT:utility_desktop.obj
 0001:0000f59c       __security_init_cookie     000000018001059c f   LIBCMT:gs_support.obj
 0001:0000f648       ?__scrt_initialize_type_info@@YAXXZ 0000000180010648 f   LIBCMT:tncleanup.obj
 0001:0000f658       ?__scrt_uninitialize_type_info@@YAXXZ 0000000180010658 f   LIBCMT:tncleanup.obj
 0001:0000f664       __local_stdio_scanf_options 0000000180010664 f i LIBCMT:default_local_stdio_options.obj
 0001:0000f66c       __scrt_initialize_default_local_stdio_options 000000018001066c f   LIBCMT:default_local_stdio_options.obj
 0001:0000f688       __scrt_get_dyn_tls_init_callback 0000000180010688 f   LIBCMT:dyn_tls_init.obj
 0001:0000f690       _RTC_Initialize            0000000180010690 f   LIBCMT:initsect.obj
 0001:0000f6cc       _RTC_Terminate             00000001800106cc f   LIBCMT:initsect.obj
 0001:0000f708       ??0bad_alloc@std@@QEAA@AEBV01@@Z 0000000180010708 f i LIBCMT:throw_bad_alloc.obj
 0001:0000f748       ??0bad_alloc@std@@QEAA@XZ  0000000180010748 f i LIBCMT:throw_bad_alloc.obj
 0001:0000f768       ??0bad_array_new_length@std@@QEAA@AEBV01@@Z 0000000180010768 f i LIBCMT:throw_bad_alloc.obj
 0001:0000f7a8       ??0bad_array_new_length@std@@QEAA@XZ 00000001800107a8 f i LIBCMT:throw_bad_alloc.obj
 0001:0000f7c8       ??0exception@std@@QEAA@AEBV01@@Z 00000001800107c8 f i LIBCMT:throw_bad_alloc.obj
 0001:0000f800       ??1bad_exception@std@@UEAA@XZ 0000000180010800 f i libvcruntime:frame.obj
[...]
 0004:0000177c       $pdata$??$?RV<lambda_fb3a7dec4e47f37f22dae91bb15c9095>@@AEAV<lambda_698284760c8add0bfb0756c19673e34b>@@V<lambda_dfb8eca1e75fef3034a8fb18dd509707>@@@?$__crt_seh_guarded_call@X@@QEAAX$$QEAV<lambda_fb3a7dec4e47f37f22dae91bb15c9095>@@AEAV<lambda_698284760c8add0bfb0756c19673e34b>@@$$QEAV<lambda_dfb8eca1e75fef3034a8fb18dd509707>@@@Z 000000018003477c     libucrt:per_thread_data.obj
 0004:00001788       $pdata$_calloc_base        0000000180034788     libucrt:calloc_base.obj
 0004:00001794       $pdata$_malloc_base        0000000180034794     libucrt:malloc_base.obj
 0004:000017a0       $pdata$_msize              00000001800347a0     libucrt:msize.obj
 0004:000017ac       $pdata$_realloc_base       00000001800347ac     libucrt:realloc_base.obj
 0004:000017b8       $pdata$__acrt_FlsAlloc     00000001800347b8     libucrt:winapi_thunks.obj
 0004:000017c4       $pdata$__acrt_FlsFree      00000001800347c4     libucrt:winapi_thunks.obj
 0004:000017d0       $pdata$__acrt_FlsGetValue  00000001800347d0     libucrt:winapi_thunks.obj
 0004:000017dc       $pdata$__acrt_FlsSetValue  00000001800347dc     libucrt:winapi_thunks.obj
 0004:000017e8       $pdata$__acrt_initialize_winapi_thunks 00000001800347e8     libucrt:winapi_thunks.obj
 0004:000017f4       $pdata$__acrt_uninitialize_winapi_thunks 00000001800347f4     libucrt:winapi_thunks.obj
 0004:00001800       $pdata$__acrt_InitializeCriticalSectionEx 0000000180034800     libucrt:winapi_thunks.obj
 0004:0000180c       $pdata$__acrt_LCMapStringEx 000000018003480c     libucrt:winapi_thunks.obj
 0004:00001818       $pdata$__acrt_LocaleNameToLCID 0000000180034818     libucrt:winapi_thunks.obj
 0004:00001824       $pdata$__acrt_SetThreadStackGuarantee 0000000180034824     libucrt:winapi_thunks.obj
 0004:00001830       $pdata$__acrt_is_packaged_app 0000000180034830     libucrt:winapi_thunks.obj
 0004:0000183c       $pdata$?try_get_function@@YAPEAXW4function_id@?A0x63058377@@QEBDQEBW4module_id@2@2@Z 000000018003483c     libucrt:winapi_thunks.obj
 0004:00001848       $pdata$isdigit             0000000180034848     libucrt:_ctype.obj
 0004:00001854       $pdata$tolower             0000000180034854     libucrt:tolower_toupper.obj
 0004:00001860       $pdata$_tolower_l          0000000180034860     libucrt:tolower_toupper.obj
 0004:0000186c       $pdata$?internal_isupper_l@@YA_NHQEAU__crt_locale_pointers@@@Z 000000018003486c     libucrt:tolower_toupper.obj
 0004:00001878       $pdata$wcstol              0000000180034878     libucrt:strtox.obj
 0004:00001884       $pdata$_mbtowc_l           0000000180034884     libucrt:mbtowc.obj
 0004:00001890       $pdata$wcsnlen             0000000180034890     libucrt:strnlen.obj
 0004:0000189c       $pdata$__acrt_update_locale_info 000000018003489c     libucrt:locale_update.obj
 0004:000018a8       $pdata$__acrt_update_multibyte_info 00000001800348a8     libucrt:locale_update.obj
 0004:000018b4       $pdata$__acrt_fp_format    00000001800348b4     libucrt:cvt.obj
 0004:000018c0       $pdata$?fp_format_nan_or_infinity@@YAHW4__acrt_fp_class@@_NPEAD_K1@Z 00000001800348c0     libucrt:cvt.obj
 0004:000018cc       $pdata$?fp_format_e_internal@@YAHQEAD_KH_NIQEAU_strflt@@2QEAU__crt_locale_pointers@@@Z 00000001800348cc     libucrt:cvt.obj
 0004:000018d8       $pdata$?fp_format_e@@YAHQEBNQEAD_K12H_NIQEAU__crt_locale_pointers@@@Z 00000001800348d8     libucrt:cvt.obj
 0004:000018e4       $pdata$?fp_format_a@@YAHQEBNPEAD_KQEAD2H_NIQEAU__crt_locale_pointers@@@Z 00000001800348e4     libucrt:cvt.obj
 0004:000018f0       $pdata$?fp_format_f_internal@@YAHQEAD_KHQEAU_strflt@@_NQEAU__crt_locale_pointers@@@Z 00000001800348f0     libucrt:cvt.obj
 0004:000018fc       $pdata$?fp_format_g@@YAHQEBNQEAD_K12H_NIQEAU__crt_locale_pointers@@@Z 00000001800348fc     libucrt:cvt.obj
 0004:00001908       $pdata$_fileno             0000000180034908     libucrt:fileno.obj
 0004:00001914       $pdata$__acrt_initialize_stdio 0000000180034914     libucrt:_file.obj
 0004:00001920       $pdata$__acrt_uninitialize_stdio 0000000180034920     libucrt:_file.obj
 0004:0000192c       $pdata$__acrt_uninitialize_locale 000000018003492c     libucrt:wsetlocale.obj
 0004:00001938       $pdata$__acrt_update_thread_locale_data$fin$0 0000000180034938     libucrt:locale_refcounting.obj
 0004:00001938       $pdata$__acrt_uninitialize_locale$fin$0 0000000180034938     libucrt:wsetlocale.obj
 0004:00001944       $pdata$__acrt_initialize_lowio 0000000180034944     libucrt:ioinit.obj
 0004:00001950       $pdata$__acrt_lowio_ensure_fh_exists$fin$0 0000000180034950     libucrt:osfinfo.obj
 0004:00001950       $pdata$__acrt_initialize_lowio$fin$0 0000000180034950     libucrt:ioinit.obj
 0004:0000195c       $pdata$__acrt_uninitialize_lowio 000000018003495c     libucrt:ioinit.obj
 0004:00001968       $pdata$?initialize_inherited_file_handles_nolock@@YAXXZ 0000000180034968     libucrt:ioinit.obj
 0004:00001974       $pdata$?initialize_stdio_handles_nolock@@YAXXZ 0000000180034974     libucrt:ioinit.obj
 0004:00001980       $pdata$__acrt_initialize_locks 0000000180034980     libucrt:locks.obj
 0004:0000198c       $pdata$__acrt_uninitialize_locks 000000018003498c     libucrt:locks.obj
 0004:00001998       $pdata$??$common_expand_argv_wildcards@D@@YAHQEAPEADQEAPEAPEAD@Z 0000000180034998     libucrt:argv_wildcards.obj
 0004:000019a4       $pdata$?expand_if_necessary@?$argument_list@D@?A0xca0879c4@@AEAAHXZ 00000001800349a4     libucrt:argv_wildcards.obj
 0004:000019b0       $pdata$??$copy_and_add_argument_to_buffer@D@@YAHQEBD0_KAEAV?$argument_list@D@?A0xca0879c4@@@Z 00000001800349b0     libucrt:argv_wildcards.obj
 0004:000019bc       $pdata$??$expand_argument_wildcards@D@@YAHQEAD0AEAV?$argument_list@D@?A0xca0879c4@@@Z 00000001800349bc     libucrt:argv_wildcards.obj
 0004:000019c8       $pdata$__acrt_update_thread_multibyte_data 00000001800349c8     libucrt:mbctype.obj
 0004:000019d4       $pdata$__acrt_update_thread_multibyte_data$fin$0 00000001800349d4     libucrt:mbctype.obj
 0004:000019e0       $pdata$__acrt_initialize_multibyte 00000001800349e0     libucrt:mbctype.obj
 0004:000019ec       $pdata$_setmbcp_nolock     00000001800349ec     libucrt:mbctype.obj
 0004:000019f8       $pdata$?getSystemCP@@YAHH@Z 00000001800349f8     libucrt:mbctype.obj
 0004:00001a04       $pdata$?setSBCS@@YAXPEAU__crt_multibyte_data@@@Z 0000000180034a04     libucrt:mbctype.obj
 0004:00001a10       $pdata$?setSBUpLow@@YAXPEAU__crt_multibyte_data@@@Z 0000000180034a10     libucrt:mbctype.obj
 0004:00001a1c       $pdata$?setmbcp_internal@@YAHH_N@Z 0000000180034a1c     libucrt:mbctype.obj
 0004:00001a28       $pdata$??R<lambda_ad1ced32f4ac17aa236e5ef05d6b3b7c>@@QEBAXXZ 0000000180034a28     libucrt:mbctype.obj
 0004:00001a34       $pdata$??$?RV<lambda_99476a1ad63dd22509b5d3e65b0ffc95>@@AEAV<lambda_ad1ced32f4ac17aa236e5ef05d6b3b7c>@@V<lambda_f7424dd8d45958661754dc4f2697e9c3>@@@?$__crt_seh_guarded_call@X@@QEAAX$$QEAV<lambda_99476a1ad63dd22509b5d3e65b0ffc95>@@AEAV<lambda_ad1ced32f4ac17aa236e5ef05d6b3b7c>@@$$QEAV<lambda_f7424dd8d45958661754dc4f2697e9c3>@@@Z 0000000180034a34     libucrt:mbctype.obj
 0004:00001a40       $pdata$?x_ismbbtype_l@@YAHPEAU__crt_locale_pointers@@IHH@Z 0000000180034a40     libucrt:ismbbyte.obj
 0004:00001a4c       $pdata$__acrt_initialize_command_line 0000000180034a4c     libucrt:argv_data.obj
 0004:00001a58       $pdata$__dcrt_get_narrow_environment_from_os 0000000180034a58     libucrt:get_environment_from_os.obj
 0004:00001a64       $pdata$__acrt_initialize_heap 0000000180034a64     libucrt:heap_handle.obj
 0004:00001a70       $pdata$__acrt_execute_initializers 0000000180034a70     libucrt:shared_initialization.obj
 0004:00001a7c       $pdata$__acrt_execute_uninitializers 0000000180034a7c     libucrt:shared_initialization.obj
 0004:00001a88       $pdata$__acrt_get_sigabrt_handler 0000000180034a88     libucrt:signal.obj
 0004:00001a94       $pdata$raise               0000000180034a94     libucrt:signal.obj
 0004:00001aa0       $pdata$raise$fin$0         0000000180034aa0     libucrt:signal.obj
 0004:00001aac       $pdata$??$?RV<lambda_c36588078e9f5dfd39652860aa6b3aaf>@@AEAV<lambda_ec61778202f4f5fc7e7711acc23c3bca>@@V<lambda_dc9d2797ccde5d239b4a0efae8ebd7db>@@@?$__crt_seh_guarded_call@P6AXH@Z@@QEAAP6AXH@Z$$QEAV<lambda_c36588078e9f5dfd39652860aa6b3aaf>@@AEAV<lambda_ec61778202f4f5fc7e7711acc23c3bca>@@$$QEAV<lambda_dc9d2797ccde5d239b4a0efae8ebd7db>@@@Z 0000000180034aac     libucrt:signal.obj
 0004:00001ab8       $pdata$__acrt_invoke_user_matherr 0000000180034ab8     libucrt:matherr.obj
 0004:00001ac4       $pdata$__pctype_func       0000000180034ac4     libucrt:ctype.obj
 0004:00001ad0       $pdata$iswctype            0000000180034ad0     libucrt:iswctype.obj
 0004:00001adc       $pdata$_isctype_l          0000000180034adc     libucrt:isctype.obj
 0004:00001ae8       $pdata$__acrt_release_locale_ref 0000000180034ae8     libucrt:locale_refcounting.obj
 0004:00001af4       $pdata$__acrt_free_locale  0000000180034af4     libucrt:locale_refcounting.obj
 0004:00001b00       $pdata$__acrt_locale_free_lc_time_if_unreferenced 0000000180034b00     libucrt:locale_refcounting.obj
 0004:00001b0c       $pdata$__acrt_update_thread_locale_data 0000000180034b0c     libucrt:locale_refcounting.obj
 0004:00001b18       $pdata$_updatetlocinfoEx_nolock 0000000180034b18     libucrt:locale_refcounting.obj
 0004:00001b24       $pdata$__acrt_DownlevelLocaleNameToLCID 0000000180034b24     libucrt:lcidtoname_downlevel.obj
 0004:00001b30       $pdata$?GetTableIndexFromLocaleName@@YAHPEB_W@Z 0000000180034b30     libucrt:lcidtoname_downlevel.obj
 0004:00001b3c       $pdata$_isleadbyte_l       0000000180034b3c     libucrt:_wctype.obj
 0004:00001b48       $pdata$__acrt_LCMapStringA 0000000180034b48     libucrt:lcmapstringa.obj
 0004:00001b54       $pdata$?__acrt_LCMapStringA_stat@@YAHPEAU__crt_locale_pointers@@PEB_WKPEBDHPEADHHH@Z 0000000180034b54     libucrt:lcmapstringa.obj
 0004:00001b60       $pdata$__acrt_fp_strflt_to_string 0000000180034b60     libucrt:_fptostr.obj
 0004:00001b6c       $pdata$memcpy_s            0000000180034b6c     libucrt:cfout.obj
 0004:00001b78       $pdata$__acrt_fltout       0000000180034b78     libucrt:cfout.obj
 0004:00001b84       $pdata$?divide@__crt_strtox@@YA_KAEAUbig_integer@1@AEBU21@@Z 0000000180034b84     libucrt:cfout.obj
 0004:00001b90       $pdata$5$?divide@__crt_strtox@@YA_KAEAUbig_integer@1@AEBU21@@Z 0000000180034b90     libucrt:cfout.obj
 0004:00001b9c       $pdata$6$?divide@__crt_strtox@@YA_KAEAUbig_integer@1@AEBU21@@Z 0000000180034b9c     libucrt:cfout.obj
 0004:00001ba8       $pdata$_fcloseall          0000000180034ba8     libucrt:closeall.obj
 0004:00001bb4       $pdata$_fcloseall$fin$0    0000000180034bb4     libucrt:closeall.obj
 0004:00001bc0       $pdata$_fflush_nolock      0000000180034bc0     libucrt:fflush.obj
 0004:00001bcc       $pdata$__acrt_stdio_flush_nolock 0000000180034bcc     libucrt:fflush.obj
 0004:00001bd8       $pdata$common_flush_all    0000000180034bd8     libucrt:fflush.obj
 0004:00001be4       $pdata$common_flush_all$fin$0 0000000180034be4     libucrt:fflush.obj
 0004:00001bf0       $pdata$common_flush_all$fin$1 0000000180034bf0     libucrt:fflush.obj
 0004:00001bfc       $pdata$__acrt_stdio_free_buffer_nolock 0000000180034bfc     libucrt:_freebuf.obj
 0004:00001c08       $pdata$_isatty             0000000180034c08     libucrt:isatty.obj
 0004:00001c14       $pdata$__acrt_locale_free_monetary 0000000180034c14     libucrt:initmon.obj
 0004:00001c20       $pdata$__acrt_locale_free_numeric 0000000180034c20     libucrt:initnum.obj
 0004:00001c2c       $pdata$__acrt_locale_free_time 0000000180034c2c     libucrt:inittime.obj
 0004:00001c38       $pdata$?free_crt_array_internal@@YAXQEAPEBX_K@Z 0000000180034c38     libucrt:inittime.obj
 0004:00001c44       $pdata$__acrt_GetStringTypeA 0000000180034c44     libucrt:getstringtypea.obj
 0004:00001c50       $pdata$_get_osfhandle      0000000180034c50     libucrt:osfinfo.obj
 0004:00001c5c       $pdata$_free_osfhnd        0000000180034c5c     libucrt:osfinfo.obj
 0004:00001c68       $pdata$__acrt_lowio_create_handle_array 0000000180034c68     libucrt:osfinfo.obj
 0004:00001c74       $pdata$__acrt_lowio_destroy_handle_array 0000000180034c74     libucrt:osfinfo.obj
 0004:00001c80       $pdata$__acrt_lowio_ensure_fh_exists 0000000180034c80     libucrt:osfinfo.obj
 0004:00001c8c       $pdata$qsort               0000000180034c8c     libucrt:qsort.obj
 0004:00001c98       $pdata$4$qsort             0000000180034c98     libucrt:qsort.obj
 0004:00001ca4       $pdata$5$qsort             0000000180034ca4     libucrt:qsort.obj
 0004:00001cb0       $pdata$?shortsort@@YAXPEAD0_KP6AHPEBX2@Z@Z 0000000180034cb0     libucrt:qsort.obj
 0004:00001cbc       $pdata$2$?shortsort@@YAXPEAD0_KP6AHPEBX2@Z@Z 0000000180034cbc     libucrt:qsort.obj
 0004:00001cc8       $pdata$3$?shortsort@@YAXPEAD0_KP6AHPEBX2@Z@Z 0000000180034cc8     libucrt:qsort.obj
 0004:00001cd4       $pdata$strncpy_s           0000000180034cd4     libucrt:strncpy_s.obj
 0004:00001ce0       $pdata$strpbrk             0000000180034ce0     libucrt:strpbrk.obj
 0004:00001cec       $pdata$_mbsdec_l           0000000180034cec     libucrt:mbsdec.obj
 0004:00001cf8       $pdata$?initialize_multibyte@@YAHXZ 0000000180034cf8     libucrt:multibyte_initializer.obj
 0004:00001d04       $pdata$fegetenv            0000000180034d04     libucrt:fegetenv.obj
 0004:00001d10       $pdata$fesetenv            0000000180034d10     libucrt:fesetenv.obj
 0004:00001d1c       $pdata$feholdexcept        0000000180034d1c     libucrt:feholdexcept.obj
 0004:00001d34       $pdata$_write              0000000180034d34     libucrt:write.obj
 0004:00001d40       $pdata$_write$fin$0        0000000180034d40     libucrt:write.obj
 0004:00001d4c       $pdata$_write_nolock       0000000180034d4c     libucrt:write.obj
 0004:00001d58       $pdata$?write_double_translated_ansi_nolock@@YA?AUwrite_result@?A0x9c548279@@HQEBDI@Z 0000000180034d58     libucrt:write.obj
 0004:00001d64       $pdata$?write_text_ansi_nolock@@YA?AUwrite_result@?A0x9c548279@@HQEBDI@Z 0000000180034d64     libucrt:write.obj
 0004:00001d70       $pdata$?write_text_utf16le_nolock@@YA?AUwrite_result@?A0x9c548279@@HQEBDI@Z 0000000180034d70     libucrt:write.obj
 0004:00001d7c       $pdata$?write_text_utf8_nolock@@YA?AUwrite_result@?A0x9c548279@@HQEBDI@Z 0000000180034d7c     libucrt:write.obj
 0004:00001d88       $pdata$??$common_lseek_nolock@_J@@YA_JH_JH@Z 0000000180034d88     libucrt:lseek.obj
 0004:00001d94       $pdata$fclose              0000000180034d94     libucrt:fclose.obj
 0004:00001da0       $pdata$fclose$fin$0        0000000180034da0     libucrt:fclose.obj
 0004:00001dac       $pdata$_fclose_nolock      0000000180034dac     libucrt:fclose.obj
 0004:00001db8       $pdata$_commit             0000000180034db8     libucrt:commit.obj
 0004:00001dc4       $pdata$??$?RV<lambda_b521505b218e5242e90febf6bfebc422>@@AEAV<lambda_6978c1fb23f02e42e1d9e99668cc68aa>@@V<lambda_314360699dd331753a4119843814e9a7>@@@?$__crt_seh_guarded_call@H@@QEAAH$$QEAV<lambda_b521505b218e5242e90febf6bfebc422>@@AEAV<lambda_6978c1fb23f02e42e1d9e99668cc68aa>@@$$QEAV<lambda_314360699dd331753a4119843814e9a7>@@@Z 0000000180034dc4     libucrt:commit.obj
 0004:00001dd0       $pdata$?fin$0@?0???$?RV<lambda_bfedae4ebbf01fab1bb6dcc6a9e276e0>@@AEAV<lambda_2fe9b910cf3cbf4a0ab98a02ba45b3ec>@@V<lambda_237c231691f317818eb88cc1d5d642d6>@@@?$__crt_seh_guarded_call@H@@QEAAH$$QEAV<lambda_bfedae4ebbf01fab1bb6dcc6a9e276e0>@@AEAV<lambda_2fe9b910cf3cbf4a0ab98a02ba45b3ec>@@$$QEAV<lambda_237c231691f317818eb88cc1d5d642d6>@@@Z@4HA 0000000180034dd0     libucrt:close.obj
 0004:00001dd0       $pdata$?fin$0@?0???$?RV<lambda_b521505b218e5242e90febf6bfebc422>@@AEAV<lambda_6978c1fb23f02e42e1d9e99668cc68aa>@@V<lambda_314360699dd331753a4119843814e9a7>@@@?$__crt_seh_guarded_call@H@@QEAAH$$QEAV<lambda_b521505b218e5242e90febf6bfebc422>@@AEAV<lambda_6978c1fb23f02e42e1d9e99668cc68aa>@@$$QEAV<lambda_314360699dd331753a4119843814e9a7>@@@Z@4HA 0000000180034dd0     libucrt:commit.obj
 0004:00001ddc       $pdata$_setfpstatusword    0000000180034ddc     libucrt:_fenvutils.obj
 0004:00001de8       $pdata$_getfpcontrolword   0000000180034de8     libucrt:_fenvutils.obj
 0004:00001df4       $pdata$_getfpstatusword    0000000180034df4     libucrt:_fenvutils.obj
 0004:00001e00       $pdata$_clearfp            0000000180034e00     libucrt:ieee.obj
 0004:00001e0c       $pdata$common_control87    0000000180034e0c     libucrt:ieee.obj
 0004:00001e18       $pdata$_ctrlfp$filt$0      0000000180034e18     libucrt:fpctrl.obj
 0004:00001e18       $pdata$common_control87$filt$0 0000000180034e18     libucrt:ieee.obj
 0004:00001e24       $pdata$_call_matherr       0000000180034e24     libucrt:libm_error.obj
 0004:00001e30       $pdata$_exception_enabled  0000000180034e30     libucrt:libm_error.obj
 0004:00001e3c       $pdata$_handle_error       0000000180034e3c     libucrt:libm_error.obj
 0004:00001e48       $pdata$__acrt_initialize_fma3 0000000180034e48     libucrt:fma3_available.obj
 0004:00001e54       $pdata$_log_special_common 0000000180034e54     libucrt:log_special.obj
 0004:00001e60       $pdata$_log10_special      0000000180034e60     libucrt:log_special.obj
 0004:00001e6c       $pdata$_putwch_nolock      0000000180034e6c     libucrt:putwch.obj
 0004:00001e78       $pdata$_close              0000000180034e78     libucrt:close.obj
 0004:00001e84       $pdata$_close_nolock       0000000180034e84     libucrt:close.obj
 0004:00001e90       $pdata$??$?RV<lambda_bfedae4ebbf01fab1bb6dcc6a9e276e0>@@AEAV<lambda_2fe9b910cf3cbf4a0ab98a02ba45b3ec>@@V<lambda_237c231691f317818eb88cc1d5d642d6>@@@?$__crt_seh_guarded_call@H@@QEAAH$$QEAV<lambda_bfedae4ebbf01fab1bb6dcc6a9e276e0>@@AEAV<lambda_2fe9b910cf3cbf4a0ab98a02ba45b3ec>@@$$QEAV<lambda_237c231691f317818eb88cc1d5d642d6>@@@Z 0000000180034e90     libucrt:close.obj
 0004:00001ea8       $pdata$_set_errno_from_matherr 0000000180034ea8     libucrt:fpexcept.obj
 0004:00001eb4       $pdata$_raise_exc          0000000180034eb4     libucrt:fpexcept.obj
 0004:00001ec0       $pdata$_raise_exc_ex       0000000180034ec0     libucrt:fpexcept.obj
 0004:00001ecc       $pdata$_clrfp              0000000180034ecc     libucrt:fpctrl.obj
 0004:00001ed8       $pdata$_ctrlfp             0000000180034ed8     libucrt:fpctrl.obj
 0004:00001ee4       $pdata$_statfp             0000000180034ee4     libucrt:fpctrl.obj
 0004:00001ef0       $pdata$_set_statfp         0000000180034ef0     libucrt:fpctrl.obj
 0004:00001efc       $pdata$__dcrt_lowio_initialize_console_output 0000000180034efc     libucrt:initcon.obj
 0004:00001f08       $pdata$__dcrt_terminate_console_output 0000000180034f08     libucrt:initcon.obj
 0004:00001f14       $pdata$_IsNonwritableInCurrentImage 0000000180034f14     LIBCMT:pesect.obj
 0004:00001f20       $pdata$_IsNonwritableInCurrentImage$filt$0 0000000180034f20     LIBCMT:pesect.obj
 0004:00001f2c       $pdata$strrchr             0000000180034f2c     libvcruntime:strrchr.obj
 0005:00000220       $R000000                   0000000180035220     CashChanger.res
 0005:00000b98       $R000978                   0000000180035b98     CashChanger.res
 0005:00000c80       $R000A60                   0000000180035c80     CashChanger.res
 0005:00000ee8       $R000CC8                   0000000180035ee8     CashChanger.res
 0005:00001418       $R0011F8                   0000000180036418     CashChanger.res
 0005:00004e88       $R004C68                   0000000180039e88     CashChanger.res
 0005:00004ec0       $R004CA0                   0000000180039ec0     CashChanger.res
