 OPOSTotals

 Timestamp is 5ed45a2c (Mon Jun  1 10:30:20 2020)

 Preferred load address is 0000000180000000

 Start         Length     Name                   Class
 0001:00000000 000000c0H .text$di                CODE
 0001:000000c0 000214a0H .text$mn                CODE
 0001:00021560 00000040H .text$mn$00             CODE
 0001:000215a0 000004b0H .text$x                 CODE
 0001:00021a50 00000078H .text$yd                CODE
 0002:00000000 00000618H .idata$5                DATA
 0002:00000618 00000028H .00cfg                  DATA
 0002:00000640 00000008H .CRT$XCA                DATA
 0002:00000648 00000008H .CRT$XCL                DATA
 0002:00000650 00000020H .CRT$XCU                DATA
 0002:00000670 00000008H .CRT$XCZ                DATA
 0002:00000678 00000008H .CRT$XIA                DATA
 0002:00000680 00000020H .CRT$XIC                DATA
 0002:000006a0 00000008H .CRT$XIZ                DATA
 0002:000006a8 00000008H .CRT$XLA                DATA
 0002:000006b0 00000008H .CRT$XLZ                DATA
 0002:000006b8 00000008H .CRT$XPA                DATA
 0002:000006c0 00000010H .CRT$XPX                DATA
 0002:000006d0 00000008H .CRT$XPXA               DATA
 0002:000006d8 00000008H .CRT$XPZ                DATA
 0002:000006e0 00000008H .CRT$XTA                DATA
 0002:000006e8 00000008H .CRT$XTZ                DATA
 0002:000006f0 00000000H .gfids$y                DATA
 0002:000006f0 0000a870H .rdata                  DATA
 0002:0000af60 00000028H .rdata$T                DATA
 0002:0000af88 00000274H .rdata$r                DATA
 0002:0000b1fc 00000404H .rdata$zzzdbg           DATA
 0002:0000b600 00000008H .rtc$IAA                DATA
 0002:0000b608 00000008H .rtc$IZZ                DATA
 0002:0000b610 00000008H .rtc$TAA                DATA
 0002:0000b618 00000008H .rtc$TZZ                DATA
 0002:0000b620 00000004H .tls                    DATA
 0002:0000b624 00000004H .tls$                   DATA
 0002:0000b628 00000008H .tls$ZZZ                DATA
 0002:0000b630 000016e8H .xdata                  DATA
 0002:0000cd18 00000150H .xdata$x                DATA
 0002:0000ce68 00000008H ATL$__a                 DATA
 0002:0000ce70 00000010H ATL$__z                 DATA
 0002:0000ce80 000000a8H .edata                  DATA
 0002:0000cf28 00000078H .idata$2                DATA
 0002:0000cfa0 00000018H .idata$3                DATA
 0002:0000cfb8 00000618H .idata$4                DATA
 0002:0000d5d0 00000c2aH .idata$6                DATA
 0003:00000000 00000de8H .data                   DATA
 0003:00000de8 000000c8H .data$r                 DATA
 0003:00000eb0 0000140cH .bss                    DATA
 0004:00000000 00001ec0H .pdata                  DATA
 0005:00000000 00000094H _RDATA                  DATA
 0006:00000000 00000220H .rsrc$01                DATA
 0006:00000220 000040f0H .rsrc$02                DATA

  Address         Publics by Value              Rva+Base               Lib:Object

 0000:00000000       __guard_fids_count         0000000000000000     <absolute>
 0000:00000000       __x64_code_ranges_to_entry_points 0000000000000000     <absolute>
 0000:00000000       __guard_longjmp_count      0000000000000000     <absolute>
 0000:00000000       __guard_longjmp_table      0000000000000000     <absolute>
 0000:00000000       __hybrid_code_map          0000000000000000     <absolute>
 0000:00000000       __arm64x_redirection_metadata 0000000000000000     <absolute>
 0000:00000000       __guard_iat_count          0000000000000000     <absolute>
 0000:00000000       __guard_eh_cont_count      0000000000000000     <absolute>
 0000:00000000       __arm64x_native_entrypoint 0000000000000000     <absolute>
 0000:00000000       __volatile_metadata        0000000000000000     <absolute>
 0000:00000000       __guard_iat_table          0000000000000000     <absolute>
 0000:00000000       __hybrid_code_map_count    0000000000000000     <absolute>
 0000:00000000       __guard_eh_cont_table      0000000000000000     <absolute>
 0000:00000000       __enclave_config           0000000000000000     <absolute>
 0000:00000000       ___safe_se_handler_count   0000000000000000     <absolute>
 0000:00000000       __AbsoluteZero             0000000000000000     <absolute>
 0000:00000000       ___safe_se_handler_table   0000000000000000     <absolute>
 0000:00000000       __dynamic_value_reloc_table 0000000000000000     <absolute>
 0000:00000000       __guard_fids_table         0000000000000000     <absolute>
 0000:00000000       __hybrid_auxiliary_iat     0000000000000000     <absolute>
 0000:00000100       __guard_flags              0000000000000100     <absolute>
 0000:00000000       __ImageBase                0000000180000000     <linker-defined>
 0001:000000c0       ?DupWide@_CW@@AEAAXXZ      00000001800010c0 f   CWString.obj
 0001:000000e8       ?cw_dup@@YAXPEBDAEAHAEAPEA_W1@Z 00000001800010e8 f   CWString.obj
 0001:000001c8       ?cw_memcpy@@YAHPEA_WPEBDH@Z 00000001800011c8 f   CWString.obj
 0001:00000214       ?cw_strcpy@@YAHPEA_WPEBD@Z 0000000180001214 f   CWString.obj
 0001:00000228       ??0CAtlComModule@ATL@@QEAA@XZ 0000000180001228 f i OposVariant.obj
 0001:000002a8       ??0CAtlWinModule@ATL@@QEAA@XZ 00000001800012a8 f i OposVariant.obj
 0001:00000314       ??0OposDispParms@@QEAA@PEAVOposVariant@@H@Z 0000000180001314 f   OposVariant.obj
 0001:000003bc       ??1OposDispParms@@QEAA@XZ  00000001800013bc f   OposVariant.obj
 0001:000003d4       ??_Estringdispid@CComTypeInfoHolder@ATL@@QEAAPEAXI@Z 00000001800013d4 f i OposVariant.obj
 0001:00000478       ?AtlWinModuleTerm@ATL@@YAJPEAU_ATL_WIN_MODULE70@1@PEAUHINSTANCE__@@@Z 0000000180001478 f i OposVariant.obj
 0001:00000528       ?ChangeBSTR@OposVariant@@QEAAXPEAPEA_WAEAJ@Z 0000000180001528 f   OposVariant.obj
 0001:00000588       ?ChangeLONG@OposVariant@@QEAAXPEAJAEAJ@Z 0000000180001588 f   OposVariant.obj
 0001:000005e4       ?GetLONG@OposVariant@@QEAAJXZ 00000001800015e4 f   OposVariant.obj
 0001:00000608       ?SetBSTR@OposVariant@@QEAAXPEA_WAEAJ@Z 0000000180001608 f   OposVariant.obj
 0001:00000648       ?SetBSTR_Copy@OposVariant@@QEAAXPEA_WAEAJ@Z 0000000180001648 f   OposVariant.obj
 0001:000006b8       ?SetBSTR_InOutPtr@OposVariant@@QEAA_NPEAPEA_WAEAJ@Z 00000001800016b8 f   OposVariant.obj
 0001:00000708       ?SetBSTR_OutPtr@OposVariant@@QEAA_NPEAPEA_WAEAJ@Z 0000000180001708 f   OposVariant.obj
 0001:00000724       ?SetDispatch_Ptr@OposVariant@@QEAAXPEAUIDispatch@@AEAJ@Z 0000000180001724 f   OposVariant.obj
 0001:0000077c       ?SetLONG@OposVariant@@QEAAXJ@Z 000000018000177c f   OposVariant.obj
 0001:000007ac       ?SetLONG_Ptr@OposVariant@@QEAAXPEAJAEAJ@Z 00000001800017ac f   OposVariant.obj
 0001:000007f8       ?SetString@OposVariant@@QEAAXPEB_WAEAJ@Z 00000001800017f8 f   OposVariant.obj
 0001:0000085c       ?SetVARIANT_BOOL@OposVariant@@QEAAXF@Z 000000018000185c f   OposVariant.obj
 0001:00000894       ?Term@CAtlComModule@ATL@@QEAAXXZ 0000000180001894 f i OposVariant.obj
 0001:00000904       ?_AtlInitializeCriticalSectionEx@ATL@@YAHPEAU_RTL_CRITICAL_SECTION@@KK@Z 0000000180001904 f i OposVariant.obj
 0001:0000090c       ?_AtlRaiseException@ATL@@YAXKK@Z 000000018000190c f i OposVariant.obj
 0001:0000091c       ?GetWindowProc@?$CWindowImplBaseT@VCWindow@ATL@@V?$CWinTraits@$0FGAAAAAA@$0A@@2@@ATL@@UEAAP6A_JPEAUHWND__@@I_K_J@ZXZ 000000018000191c f i Totals.obj
 0001:00000924       ?StartWindowProc@?$CWindowImplBaseT@VCWindow@ATL@@V?$CWinTraits@$0FGAAAAAA@$0A@@2@@ATL@@SA_JPEAUHWND__@@I_K_J@Z 0000000180001924 f i Totals.obj
 0001:000009e8       ?OnFinalMessage@?$CWindowImplBaseT@VCWindow@ATL@@V?$CWinTraits@$0FGAAAAAA@$0A@@2@@ATL@@UEAAXPEAUHWND__@@@Z 00000001800019e8 f i Totals.obj
 0001:000009e8       ?ObjectMain@CComObjectRootBase@ATL@@SAX_N@Z 00000001800019e8 f i Totals.obj
 0001:000009e8       _guard_check_icall_nop     00000001800019e8 f i LIBCMT:guard_support.obj
 0001:000009ec       ?GetTypeInfoCount@?$IDispatchImpl@UIOPOSTotals@@$1?IID_IOPOSTotals@@3U_GUID@@B$1?LIBID_OposTotals_CCO@@3U3@B$00$0A@VCComTypeInfoHolder@ATL@@@ATL@@UEAAJPEAI@Z 00000001800019ec f i Totals.obj
 0001:00000a00       ?GetTypeInfo@?$IDispatchImpl@UIOPOSTotals@@$1?IID_IOPOSTotals@@3U_GUID@@B$1?LIBID_OposTotals_CCO@@3U3@B$00$0A@VCComTypeInfoHolder@ATL@@@ATL@@UEAAJIKPEAPEAUITypeInfo@@@Z 0000000180001a00 f i Totals.obj
 0001:00000a64       ?GetIDsOfNames@?$IDispatchImpl@UIOPOSTotals@@$1?IID_IOPOSTotals@@3U_GUID@@B$1?LIBID_OposTotals_CCO@@3U3@B$00$0A@VCComTypeInfoHolder@ATL@@@ATL@@UEAAJAEBU_GUID@@PEAPEA_WIKPEAJ@Z 0000000180001a64 f i Totals.obj
 0001:00000a70       ?Invoke@?$IDispatchImpl@UIOPOSTotals@@$1?IID_IOPOSTotals@@3U_GUID@@B$1?LIBID_OposTotals_CCO@@3U3@B$00$0A@VCComTypeInfoHolder@ATL@@@ATL@@UEAAJJAEBU_GUID@@KGPEAUtagDISPPARAMS@@PEAUtagVARIANT@@PEAUtagEXCEPINFO@@PEAI@Z 0000000180001a70 f i Totals.obj
 0001:00000b00       ?CreateControlWindow@?$CComControl@VCOPOSTotals@@V?$CWindowImpl@VCOPOSTotals@@VCWindow@ATL@@V?$CWinTraits@$0FGAAAAAA@$0A@@3@@ATL@@@ATL@@UEAAPEAUHWND__@@PEAU3@AEAUtagRECT@@@Z 0000000180001b00 f i Totals.obj
 0001:00000b38       ?ControlQueryInterface@?$CComControl@VCOPOSTotals@@V?$CWindowImpl@VCOPOSTotals@@VCWindow@ATL@@V?$CWinTraits@$0FGAAAAAA@$0A@@3@@ATL@@@ATL@@UEAAJAEBU_GUID@@PEAPEAX@Z 0000000180001b38 f i Totals.obj
 0001:00000b4c       ?GetClassID@?$IPersistStreamInitImpl@VCOPOSTotals@@@ATL@@UEAAJPEAU_GUID@@@Z 0000000180001b4c f i Totals.obj
 0001:00000b4c       ?GetUserClassID@?$IOleObjectImpl@VCOPOSTotals@@@ATL@@UEAAJPEAU_GUID@@@Z 0000000180001b4c f i Totals.obj
 0001:00000b4c       ?GetClassID@?$IPersistStorageImpl@VCOPOSTotals@@@ATL@@UEAAJPEAU_GUID@@@Z 0000000180001b4c f i Totals.obj
 0001:00000b68       ?IsDirty@?$IPersistStreamInitImpl@VCOPOSTotals@@@ATL@@UEAAJXZ 0000000180001b68 f i Totals.obj
 0001:00000b84       ?Load@?$IPersistStreamInitImpl@VCOPOSTotals@@@ATL@@UEAAJPEAUIStream@@@Z 0000000180001b84 f i Totals.obj
 0001:00000b9c       ?Save@?$IPersistStreamInitImpl@VCOPOSTotals@@@ATL@@UEAAJPEAUIStream@@H@Z 0000000180001b9c f i Totals.obj
 0001:00000bb4       ?GetSizeMax@?$IPersistStreamInitImpl@VCOPOSTotals@@@ATL@@UEAAJPEAT_ULARGE_INTEGER@@@Z 0000000180001bb4 f i Totals.obj
 0001:00000de0       ?InitNew@?$IPersistStreamInitImpl@VCOPOSTotals@@@ATL@@UEAAJXZ 0000000180001de0 f i Totals.obj
 0001:00000df8       ?Freeze@?$IViewObjectExImpl@VCOPOSTotals@@@ATL@@UEAAJKJPEAXPEAK@Z 0000000180001df8 f i Totals.obj
 0001:00000df8       ?GetMoniker@?$IOleObjectImpl@VCOPOSTotals@@@ATL@@UEAAJKKPEAPEAUIMoniker@@@Z 0000000180001df8 f i Totals.obj
 0001:00000df8       ?EnumFormatEtc@?$IDataObjectImpl@VCOPOSTotals@@@ATL@@UEAAJKPEAPEAUIEnumFORMATETC@@@Z 0000000180001df8 f i Totals.obj
 0001:00000df8       ?SODataDummy@COPOSTotals@@MEAAJJ@Z 0000000180001df8 f i Totals.obj
 0001:00000df8       ?GetCanonicalFormatEtc@?$IDataObjectImpl@VCOPOSTotals@@@ATL@@UEAAJPEAUtagFORMATETC@@0@Z 0000000180001df8 f i Totals.obj
 0001:00000df8       ?ReactivateAndUndo@?$IOleInPlaceObjectWindowlessImpl@VCOPOSTotals@@@ATL@@UEAAJXZ 0000000180001df8 f i Totals.obj
 0001:00000df8       ?SetMoniker@?$IOleObjectImpl@VCOPOSTotals@@@ATL@@UEAAJKPEAUIMoniker@@@Z 0000000180001df8 f i Totals.obj
 0001:00000df8       ?GetControlInfo@?$IOleControlImpl@VCOPOSTotals@@@ATL@@UEAAJPEAUtagCONTROLINFO@@@Z 0000000180001df8 f i Totals.obj
 0001:00000df8       ?GetRect@?$IViewObjectExImpl@VCOPOSTotals@@@ATL@@UEAAJKPEAU_RECTL@@@Z 0000000180001df8 f i Totals.obj
 0001:00000df8       ?GetDropTarget@?$IOleInPlaceObjectWindowlessImpl@VCOPOSTotals@@@ATL@@UEAAJPEAPEAUIDropTarget@@@Z 0000000180001df8 f i Totals.obj
 0001:00000df8       ?QueryGetData@?$IDataObjectImpl@VCOPOSTotals@@@ATL@@UEAAJPEAUtagFORMATETC@@@Z 0000000180001df8 f i Totals.obj
 0001:00000df8       ?SOOutputCompleteDummy@COPOSTotals@@MEAAJJ@Z 0000000180001df8 f i Totals.obj
 0001:00000df8       ?QueryInterface@CRegObject@ATL@@UEAAJAEBU_GUID@@PEAPEAX@Z 0000000180001df8 f i Totals.obj
 0001:00000df8       ?InitFromData@?$IOleObjectImpl@VCOPOSTotals@@@ATL@@UEAAJPEAUIDataObject@@HK@Z 0000000180001df8 f i Totals.obj
 0001:00000df8       ?GetClipboardData@?$IOleObjectImpl@VCOPOSTotals@@@ATL@@UEAAJKPEAPEAUIDataObject@@@Z 0000000180001df8 f i Totals.obj
 0001:00000df8       ?SOErrorDummy@COPOSTotals@@MEAAJJJJPEAJ@Z 0000000180001df8 f i Totals.obj
 0001:00000df8       ?ContextSensitiveHelp@?$IOleInPlaceActiveObjectImpl@VCOPOSTotals@@@ATL@@UEAAJH@Z 0000000180001df8 f i Totals.obj
 0001:00000df8       ?SetColorScheme@?$IOleObjectImpl@VCOPOSTotals@@@ATL@@UEAAJPEAUtagLOGPALETTE@@@Z 0000000180001df8 f i Totals.obj
 0001:00000df8       ?GetColorSet@?$IViewObjectExImpl@VCOPOSTotals@@@ATL@@UEAAJKJPEAXPEAUtagDVTARGETDEVICE@@PEAUHDC__@@PEAPEAUtagLOGPALETTE@@@Z 0000000180001df8 f i Totals.obj
 0001:00000df8       ?OnMnemonic@?$IOleControlImpl@VCOPOSTotals@@@ATL@@UEAAJPEAUtagMSG@@@Z 0000000180001df8 f i Totals.obj
 0001:00000df8       ?SetData@?$IDataObjectImpl@VCOPOSTotals@@@ATL@@UEAAJPEAUtagFORMATETC@@PEAUtagSTGMEDIUM@@H@Z 0000000180001df8 f i Totals.obj
 0001:00000df8       ?ContextSensitiveHelp@?$IOleInPlaceObjectWindowlessImpl@VCOPOSTotals@@@ATL@@UEAAJH@Z 0000000180001df8 f i Totals.obj
 0001:00000df8       ?GetDataHere@?$IDataObjectImpl@VCOPOSTotals@@@ATL@@UEAAJPEAUtagFORMATETC@@PEAUtagSTGMEDIUM@@@Z 0000000180001df8 f i Totals.obj
 0001:00000df8       ?Unfreeze@?$IViewObjectExImpl@VCOPOSTotals@@@ATL@@UEAAJK@Z 0000000180001df8 f i Totals.obj
 0001:00000e00       ?GetObjectDescription@?$CComCoClass@VCOPOSTotals@@$1?CLSID_OPOSTotals@@3U_GUID@@B@ATL@@SAPEB_WXZ 0000000180001e00 f i Totals.obj
 0001:00000e00       ?OnAmbientPropertyChange@?$IOleControlImpl@VCOPOSTotals@@@ATL@@UEAAJJ@Z 0000000180001e00 f i Totals.obj
 0001:00000e00       ?Release@CRegObject@ATL@@UEAAKXZ 0000000180001e00 f i Totals.obj
 0001:00000e00       ?SetHostNames@?$IOleObjectImpl@VCOPOSTotals@@@ATL@@UEAAJPEB_W0@Z 0000000180001e00 f i Totals.obj
 0001:00000e00       ?SaveCompleted@?$IPersistStorageImpl@VCOPOSTotals@@@ATL@@UEAAJPEAUIStorage@@@Z 0000000180001e00 f i Totals.obj
 0001:00000e00       ?EnableModeless@?$IOleInPlaceActiveObjectImpl@VCOPOSTotals@@@ATL@@UEAAJH@Z 0000000180001e00 f i Totals.obj
 0001:00000e00       ?IsUpToDate@?$IOleObjectImpl@VCOPOSTotals@@@ATL@@UEAAJXZ 0000000180001e00 f i Totals.obj
 0001:00000e00       ?OnFrameWindowActivate@?$IOleInPlaceActiveObjectImpl@VCOPOSTotals@@@ATL@@UEAAJH@Z 0000000180001e00 f i Totals.obj
 0001:00000e00       ?ResizeBorder@?$IOleInPlaceActiveObjectImpl@VCOPOSTotals@@@ATL@@UEAAJPEBUtagRECT@@PEAUIOleInPlaceUIWindow@@H@Z 0000000180001e00 f i Totals.obj
 0001:00000e00       ?Update@?$IOleObjectImpl@VCOPOSTotals@@@ATL@@UEAAJXZ 0000000180001e00 f i Totals.obj
 0001:00000e00       ?HandsOffStorage@?$IPersistStorageImpl@VCOPOSTotals@@@ATL@@UEAAJXZ 0000000180001e00 f i Totals.obj
 0001:00000e00       ?GetCategoryMap@CComObjectRootBase@ATL@@SAPEBU_ATL_CATMAP_ENTRY@2@XZ 0000000180001e00 f i Totals.obj
 0001:00000e04       ?SetClientSite@?$IOleObjectImpl@VCOPOSTotals@@@ATL@@UEAAJPEAUIOleClientSite@@@Z 0000000180001e04 f i Totals.obj
 0001:00000e20       ?GetClientSite@?$IOleObjectImpl@VCOPOSTotals@@@ATL@@UEAAJPEAPEAUIOleClientSite@@@Z 0000000180001e20 f i Totals.obj
 0001:00000e68       ?Close@?$IOleObjectImpl@VCOPOSTotals@@@ATL@@UEAAJK@Z 0000000180001e68 f i Totals.obj
 0001:00000e84       ?DoVerb@?$IOleObjectImpl@VCOPOSTotals@@@ATL@@UEAAJJPEAUtagMSG@@PEAUIOleClientSite@@JPEAUHWND__@@PEBUtagRECT@@@Z 0000000180001e84 f i Totals.obj
 0001:00001028       ?EnumVerbs@?$IOleObjectImpl@VCOPOSTotals@@@ATL@@UEAAJPEAPEAUIEnumOLEVERB@@@Z 0000000180002028 f i Totals.obj
 0001:00001044       ?GetUserType@?$IOleObjectImpl@VCOPOSTotals@@@ATL@@UEAAJKPEAPEA_W@Z 0000000180002044 f i Totals.obj
 0001:00001054       ?SetExtent@?$IOleObjectImpl@VCOPOSTotals@@@ATL@@UEAAJKPEAUtagSIZE@@@Z 0000000180002054 f i Totals.obj
 0001:00001070       ?GetExtent@?$IOleObjectImpl@VCOPOSTotals@@@ATL@@UEAAJKPEAUtagSIZE@@@Z 0000000180002070 f i Totals.obj
 0001:000010a0       ?Advise@?$IOleObjectImpl@VCOPOSTotals@@@ATL@@UEAAJPEAUIAdviseSink@@PEAK@Z 00000001800020a0 f i Totals.obj
 0001:000010fc       ?Unadvise@?$IOleObjectImpl@VCOPOSTotals@@@ATL@@UEAAJK@Z 00000001800020fc f i Totals.obj
 0001:00001134       ?EnumAdvise@?$IOleObjectImpl@VCOPOSTotals@@@ATL@@UEAAJPEAPEAUIEnumSTATDATA@@@Z 0000000180002134 f i Totals.obj
 0001:0000117c       ?GetMiscStatus@?$IOleObjectImpl@VCOPOSTotals@@@ATL@@UEAAJKPEAK@Z 000000018000217c f i Totals.obj
 0001:0000118c       ?GetWindow@?$IOleInPlaceActiveObjectImpl@VCOPOSTotals@@@ATL@@UEAAJPEAPEAUHWND__@@@Z 000000018000218c f i Totals.obj
 0001:000011e0       ?TranslateAcceleratorW@?$IOleInPlaceActiveObjectImpl@VCOPOSTotals@@@ATL@@UEAAJPEAUtagMSG@@@Z 00000001800021e0 f i Totals.obj
 0001:000012d4       ?OnDocWindowActivate@?$IOleInPlaceActiveObjectImpl@VCOPOSTotals@@@ATL@@UEAAJH@Z 00000001800022d4 f i Totals.obj
 0001:00001300       ?Draw@?$IViewObjectExImpl@VCOPOSTotals@@@ATL@@UEAAJKJPEAXPEAUtagDVTARGETDEVICE@@PEAUHDC__@@2PEBU_RECTL@@3P6AH_K@Z4@Z 0000000180002300 f i Totals.obj
 0001:00001364       ?SetAdvise@?$IViewObjectExImpl@VCOPOSTotals@@@ATL@@UEAAJKKPEAUIAdviseSink@@@Z 0000000180002364 f i Totals.obj
 0001:000013b8       ?GetAdvise@?$IViewObjectExImpl@VCOPOSTotals@@@ATL@@UEAAJPEAK0PEAPEAUIAdviseSink@@@Z 00000001800023b8 f i Totals.obj
 0001:000013f4       ?GetExtent@?$IViewObjectExImpl@VCOPOSTotals@@@ATL@@UEAAJKJPEAUtagDVTARGETDEVICE@@PEAUtagSIZE@@@Z 00000001800023f4 f i Totals.obj
 0001:00001424       ?GetViewStatus@?$IViewObjectExImpl@VCOPOSTotals@@@ATL@@UEAAJPEAK@Z 0000000180002424 f i Totals.obj
 0001:00001438       ?QueryHitPoint@?$IViewObjectExImpl@VCOPOSTotals@@@ATL@@UEAAJKPEBUtagRECT@@UtagPOINT@@JPEAK@Z 0000000180002438 f i Totals.obj
 0001:0000147c       ?QueryHitRect@?$IViewObjectExImpl@VCOPOSTotals@@@ATL@@UEAAJKPEBUtagRECT@@0JPEAK@Z 000000018000247c f i Totals.obj
 0001:000014e4       ?GetNaturalExtent@?$IViewObjectExImpl@VCOPOSTotals@@@ATL@@UEAAJKJPEAUtagDVTARGETDEVICE@@PEAUHDC__@@PEAUtagExtentInfo@@PEAUtagSIZE@@@Z 00000001800024e4 f i Totals.obj
 0001:0000152c       ?GetWindow@?$IOleInPlaceObjectWindowlessImpl@VCOPOSTotals@@@ATL@@UEAAJPEAPEAUHWND__@@@Z 000000018000252c f i Totals.obj
 0001:00001580       ?InPlaceDeactivate@?$IOleInPlaceObjectWindowlessImpl@VCOPOSTotals@@@ATL@@UEAAJXZ 0000000180002580 f i Totals.obj
 0001:0000159c       ?UIDeactivate@?$IOleInPlaceObjectWindowlessImpl@VCOPOSTotals@@@ATL@@UEAAJXZ 000000018000259c f i Totals.obj
 0001:000015b8       ?SetObjectRects@?$IOleInPlaceObjectWindowlessImpl@VCOPOSTotals@@@ATL@@UEAAJPEBUtagRECT@@0@Z 00000001800025b8 f i Totals.obj
 0001:000015d4       ?OnWindowMessage@?$IOleInPlaceObjectWindowlessImpl@VCOPOSTotals@@@ATL@@UEAAJI_K_JPEA_J@Z 00000001800025d4 f i Totals.obj
 0001:0000169c       ?EnumConnectionPoints@?$IConnectionPointContainerImpl@VCOPOSTotals@@@ATL@@UEAAJPEAPEAUIEnumConnectionPoints@@@Z 000000018000269c f i Totals.obj
 0001:000018e8       ?FindConnectionPoint@?$IConnectionPointContainerImpl@VCOPOSTotals@@@ATL@@UEAAJAEBU_GUID@@PEAPEAUIConnectionPoint@@@Z 00000001800028e8 f i Totals.obj
 0001:000019b8       ?IsDirty@?$IPersistStorageImpl@VCOPOSTotals@@@ATL@@UEAAJXZ 00000001800029b8 f i Totals.obj
 0001:000019f8       ?InitNew@?$IPersistStorageImpl@VCOPOSTotals@@@ATL@@UEAAJPEAUIStorage@@@Z 00000001800029f8 f i Totals.obj
 0001:00001a38       ?Load@?$IPersistStorageImpl@VCOPOSTotals@@@ATL@@UEAAJPEAUIStorage@@@Z 0000000180002a38 f i Totals.obj
 0001:00001ad8       ?Save@?$IPersistStorageImpl@VCOPOSTotals@@@ATL@@UEAAJPEAUIStorage@@H@Z 0000000180002ad8 f i Totals.obj
 0001:00001b88       ?GetPages@?$ISpecifyPropertyPagesImpl@VCOPOSTotals@@@ATL@@UEAAJPEAUtagCAUUID@@@Z 0000000180002b88 f i Totals.obj
 0001:00001b94       ?QuickActivate@?$IQuickActivateImpl@VCOPOSTotals@@@ATL@@UEAAJPEAUtagQACONTAINER@@PEAUtagQACONTROL@@@Z 0000000180002b94 f i Totals.obj
 0001:00001bb0       ?SetContentExtent@?$IQuickActivateImpl@VCOPOSTotals@@@ATL@@UEAAJPEAUtagSIZE@@@Z 0000000180002bb0 f i Totals.obj
 0001:00001be4       ?GetContentExtent@?$IQuickActivateImpl@VCOPOSTotals@@@ATL@@UEAAJPEAUtagSIZE@@@Z 0000000180002be4 f i Totals.obj
 0001:00001c1c       ?GetData@?$IDataObjectImpl@VCOPOSTotals@@@ATL@@UEAAJPEAUtagFORMATETC@@PEAUtagSTGMEDIUM@@@Z 0000000180002c1c f i Totals.obj
 0001:00001c38       ?DAdvise@?$IDataObjectImpl@VCOPOSTotals@@@ATL@@UEAAJPEAUtagFORMATETC@@KPEAUIAdviseSink@@PEAK@Z 0000000180002c38 f i Totals.obj
 0001:00001cc0       ?DUnadvise@?$IDataObjectImpl@VCOPOSTotals@@@ATL@@UEAAJK@Z 0000000180002cc0 f i Totals.obj
 0001:00001cec       ?EnumDAdvise@?$IDataObjectImpl@VCOPOSTotals@@@ATL@@UEAAJPEAPEAUIEnumSTATDATA@@@Z 0000000180002cec f i Totals.obj
 0001:00001d28       ?GetClassInfoW@?$IProvideClassInfo2Impl@$1?CLSID_OPOSTotals@@3U_GUID@@B$1?DIID__IOPOSTotalsEvents@@3U2@B$1?LIBID_OposTotals_CCO@@3U2@B$00$0A@VCComTypeInfoHolder@ATL@@@ATL@@UEAAJPEAPEAUITypeInfo@@@Z 0000000180002d28 f i Totals.obj
 0001:00001d80       ?GetGUID@?$IProvideClassInfo2Impl@$1?CLSID_OPOSTotals@@3U_GUID@@B$1?DIID__IOPOSTotalsEvents@@3U2@B$1?LIBID_OposTotals_CCO@@3U2@B$00$0A@VCComTypeInfoHolder@ATL@@@ATL@@UEAAJKPEAU_GUID@@@Z 0000000180002d80 f i Totals.obj
 0001:00001db4       _get_startup_argv_mode     0000000180002db4 f i LIBCMT:argv_mode.obj
 0001:00001db4       ?AddRef@CRegObject@ATL@@UEAAKXZ 0000000180002db4 f i Totals.obj
 0001:00001db4       ?FAccessAllowed@?$IObjectSafetyImpl@VCOPOSTotals@@$02@ATL@@MEAAHXZ 0000000180002db4 f i Totals.obj
 0001:00001dbc       ?GetInterfaceSafetyOptions@?$IObjectSafetyImpl@VCOPOSTotals@@$02@ATL@@UEAAJAEBU_GUID@@PEAK1@Z 0000000180002dbc f i Totals.obj
 0001:00001e50       ?SetInterfaceSafetyOptions@?$IObjectSafetyImpl@VCOPOSTotals@@$02@ATL@@UEAAJAEBU_GUID@@KK@Z 0000000180002e50 f i Totals.obj
 0001:00001ef4       ?_LocCPQueryInterface@?$IConnectionPointImpl@VCOPOSTotals@@$1?DIID__IOPOSTotalsEvents@@3U_GUID@@BVCComDynamicUnkArray@ATL@@@ATL@@UEAAJAEBU_GUID@@PEAPEAX@Z 0000000180002ef4 f i Totals.obj
 0001:00001ef4       ?_LocCPQueryInterface@?$IConnectionPointImpl@VCOPOSTotals@@$1?IID_IPropertyNotifySink@@3U_GUID@@BVCComDynamicUnkArray@ATL@@@ATL@@UEAAJAEBU_GUID@@PEAPEAX@Z 0000000180002ef4 f i Totals.obj
 0001:00001f64       ?GetConnectionInterface@?$IConnectionPointImpl@VCOPOSTotals@@$1?IID_IPropertyNotifySink@@3U_GUID@@BVCComDynamicUnkArray@ATL@@@ATL@@UEAAJPEAU_GUID@@@Z 0000000180002f64 f i Totals.obj
 0001:00001f80       ?GetConnectionPointContainer@?$IConnectionPointImpl@VCOPOSTotals@@$1?IID_IPropertyNotifySink@@3U_GUID@@BVCComDynamicUnkArray@ATL@@@ATL@@UEAAJPEAPEAUIConnectionPointContainer@@@Z 0000000180002f80 f i Totals.obj
 0001:00001fa0       ?Advise@?$IConnectionPointImpl@VCOPOSTotals@@$1?DIID__IOPOSTotalsEvents@@3U_GUID@@BVCComDynamicUnkArray@ATL@@@ATL@@UEAAJPEAUIUnknown@@PEAK@Z 0000000180002fa0 f i Totals.obj
 0001:00001fa0       ?Advise@?$IConnectionPointImpl@VCOPOSTotals@@$1?IID_IPropertyNotifySink@@3U_GUID@@BVCComDynamicUnkArray@ATL@@@ATL@@UEAAJPEAUIUnknown@@PEAK@Z 0000000180002fa0 f i Totals.obj
 0001:0000205c       ?Unadvise@?$IConnectionPointImpl@VCOPOSTotals@@$1?DIID__IOPOSTotalsEvents@@3U_GUID@@BVCComDynamicUnkArray@ATL@@@ATL@@UEAAJK@Z 000000018000305c f i Totals.obj
 0001:0000205c       ?Unadvise@?$IConnectionPointImpl@VCOPOSTotals@@$1?IID_IPropertyNotifySink@@3U_GUID@@BVCComDynamicUnkArray@ATL@@@ATL@@UEAAJK@Z 000000018000305c f i Totals.obj
 0001:000020c4       ?EnumConnections@?$IConnectionPointImpl@VCOPOSTotals@@$1?DIID__IOPOSTotalsEvents@@3U_GUID@@BVCComDynamicUnkArray@ATL@@@ATL@@UEAAJPEAPEAUIEnumConnections@@@Z 00000001800030c4 f i Totals.obj
 0001:000020c4       ?EnumConnections@?$IConnectionPointImpl@VCOPOSTotals@@$1?IID_IPropertyNotifySink@@3U_GUID@@BVCComDynamicUnkArray@ATL@@@ATL@@UEAAJPEAPEAUIEnumConnections@@@Z 00000001800030c4 f i Totals.obj
 0001:00002270       ?GetConnectionInterface@?$IConnectionPointImpl@VCOPOSTotals@@$1?DIID__IOPOSTotalsEvents@@3U_GUID@@BVCComDynamicUnkArray@ATL@@@ATL@@UEAAJPEAU_GUID@@@Z 0000000180003270 f i Totals.obj
 0001:0000228c       ?GetConnectionPointContainer@?$IConnectionPointImpl@VCOPOSTotals@@$1?DIID__IOPOSTotalsEvents@@3U_GUID@@BVCComDynamicUnkArray@ATL@@@ATL@@UEAAJPEAPEAUIConnectionPointContainer@@@Z 000000018000328c f i Totals.obj
 0001:000022ac       ?UpdateRegistry@COPOSTotals@@SAJH@Z 00000001800032ac f i Totals.obj
 0001:000022c4       ?ProcessWindowMessage@COPOSTotals@@UEAAHPEAUHWND__@@I_K_JAEA_JK@Z 00000001800032c4 f i Totals.obj
 0001:0000234c       ?SODirectIO@COPOSTotals@@MEAAJJPEAJPEAPEA_W@Z 000000018000334c f i Totals.obj
 0001:000023c4       ?SOStatusUpdate@COPOSTotals@@MEAAJJ@Z 00000001800033c4 f i Totals.obj
 0001:00002414       ?Lock@CAtlModule@ATL@@UEAAJXZ 0000000180003414 f i Totals.obj
 0001:00002424       ?Unlock@CAtlModule@ATL@@UEAAJXZ 0000000180003424 f i Totals.obj
 0001:00002430       ?GetLockCount@CAtlModule@ATL@@UEAAJXZ 0000000180003430 f i Totals.obj
 0001:00002434       ?GetGITPtr@CAtlModule@ATL@@UEAAJPEAPEAUIGlobalInterfaceTable@@@Z 0000000180003434 f i Totals.obj
 0001:000024a4       ?CreateInstance@?$CComCreator@V?$CComObjectCached@VCComClassFactory@ATL@@@ATL@@@ATL@@SAJPEAXAEBU_GUID@@PEAPEAX@Z 00000001800034a4 f i Totals.obj
 0001:000025c8       ?CreateInstance@?$CComCreator2@V?$CComCreator@V?$CComObject@VCOPOSTotals@@@ATL@@@ATL@@V?$CComCreator@V?$CComAggObject@VCOPOSTotals@@@ATL@@@2@@ATL@@SAJPEAXAEBU_GUID@@PEAPEAX@Z 00000001800035c8 f i Totals.obj
 0001:000025d8       ?AddCommonRGSReplacements@?$CAtlModuleT@VCComModule@ATL@@@ATL@@UEAAJPEAUIRegistrarBase@@@Z 00000001800035d8 f i Totals.obj
 0001:000025f0       ?AddRef@?$CComObjectCached@VCComClassFactory@ATL@@@ATL@@UEAAKXZ 00000001800035f0 f i Totals.obj
 0001:0000261c       ?Release@?$CComObjectCached@VCComClassFactory@ATL@@@ATL@@UEAAKXZ 000000018000361c f i Totals.obj
 0001:0000265c       ?QueryInterface@?$CComObjectCached@VCComClassFactory@ATL@@@ATL@@UEAAJAEBU_GUID@@PEAPEAX@Z 000000018000365c f i Totals.obj
 0001:00002670       ??_E?$CComObjectCached@VCComClassFactory@ATL@@@ATL@@UEAAPEAXI@Z 0000000180003670 f i Totals.obj
 0001:00002670       ??_G?$CComObjectCached@VCComClassFactory@ATL@@@ATL@@UEAAPEAXI@Z 0000000180003670 f i Totals.obj
 0001:000026c8       ?UpdateRegistryFromResourceD@CComModule@ATL@@UEAAJPEB_WHPEAU_ATL_REGMAP_ENTRY@2@@Z 00000001800036c8 f i Totals.obj
 0001:000026c8       ?UpdateRegistryFromResourceD@CComModule@ATL@@UEAAJIHPEAU_ATL_REGMAP_ENTRY@2@@Z 00000001800036c8 f i Totals.obj
 0001:000026d0       ?UpdateRegistryFromResource@CComModule@ATL@@UEAAJPEB_WHPEAU_ATL_REGMAP_ENTRY@2@@Z 00000001800036d0 f i Totals.obj
 0001:000026d8       ?UpdateRegistryFromResource@CComModule@ATL@@UEAAJIHPEAU_ATL_REGMAP_ENTRY@2@@Z 00000001800036d8 f i Totals.obj
 0001:000026e0       ??_ECComModule@ATL@@UEAAPEAXI@Z 00000001800036e0 f i Totals.obj
 0001:000026e0       ??_GCComModule@ATL@@UEAAPEAXI@Z 00000001800036e0 f i Totals.obj
 0001:00002720       ?Next@?$CComEnumImpl@UIEnumConnectionPoints@@$1?_GUID_b196b285_bab4_101a_b69c_00aa00341d07@@3U__s_GUID@@BPEAUIConnectionPoint@@V?$_CopyInterface@UIConnectionPoint@@@ATL@@@ATL@@UEAAJKPEAPEAUIConnectionPoint@@PEAK@Z 0000000180003720 f i Totals.obj
 0001:000027ec       ?Skip@?$CComEnumImpl@UIEnumConnectionPoints@@$1?_GUID_b196b285_bab4_101a_b69c_00aa00341d07@@3U__s_GUID@@BPEAUIConnectionPoint@@V?$_CopyInterface@UIConnectionPoint@@@ATL@@@ATL@@UEAAJK@Z 00000001800037ec f i Totals.obj
 0001:00002818       ?Reset@?$CComEnumImpl@UIEnumConnections@@$1?_GUID_b196b287_bab4_101a_b69c_00aa00341d07@@3U__s_GUID@@BUtagCONNECTDATA@@V?$_Copy@UtagCONNECTDATA@@@ATL@@@ATL@@UEAAJXZ 0000000180003818 f i Totals.obj
 0001:00002818       ?Reset@?$CComEnumImpl@UIEnumConnectionPoints@@$1?_GUID_b196b285_bab4_101a_b69c_00aa00341d07@@3U__s_GUID@@BPEAUIConnectionPoint@@V?$_CopyInterface@UIConnectionPoint@@@ATL@@@ATL@@UEAAJXZ 0000000180003818 f i Totals.obj
 0001:00002824       ?Clone@?$CComEnumImpl@UIEnumConnectionPoints@@$1?_GUID_b196b285_bab4_101a_b69c_00aa00341d07@@3U__s_GUID@@BPEAUIConnectionPoint@@V?$_CopyInterface@UIConnectionPoint@@@ATL@@@ATL@@UEAAJPEAPEAUIEnumConnectionPoints@@@Z 0000000180003824 f i Totals.obj
 0001:00002950       ?AddRef@?$CComObject@V?$CComEnum@UIEnumConnectionPoints@@$1?_GUID_b196b285_bab4_101a_b69c_00aa00341d07@@3U__s_GUID@@BPEAUIConnectionPoint@@V?$_CopyInterface@UIConnectionPoint@@@ATL@@VCComSingleThreadModel@6@@ATL@@@ATL@@UEAAKXZ 0000000180003950 f i Totals.obj
 0001:00002950       ?AddRef@?$CComObject@V?$CComEnum@UIEnumConnections@@$1?_GUID_b196b287_bab4_101a_b69c_00aa00341d07@@3U__s_GUID@@BUtagCONNECTDATA@@V?$_Copy@UtagCONNECTDATA@@@ATL@@VCComSingleThreadModel@6@@ATL@@@ATL@@UEAAKXZ 0000000180003950 f i Totals.obj
 0001:0000295c       ?Release@?$CComObject@V?$CComEnum@UIEnumConnections@@$1?_GUID_b196b287_bab4_101a_b69c_00aa00341d07@@3U__s_GUID@@BUtagCONNECTDATA@@V?$_Copy@UtagCONNECTDATA@@@ATL@@VCComSingleThreadModel@6@@ATL@@@ATL@@UEAAKXZ 000000018000395c f i Totals.obj
 0001:0000295c       ?Release@?$CComObject@V?$CComEnum@UIEnumConnectionPoints@@$1?_GUID_b196b285_bab4_101a_b69c_00aa00341d07@@3U__s_GUID@@BPEAUIConnectionPoint@@V?$_CopyInterface@UIConnectionPoint@@@ATL@@VCComSingleThreadModel@6@@ATL@@@ATL@@UEAAKXZ 000000018000395c f i Totals.obj
 0001:000029b0       ?QueryInterface@?$CComObject@V?$CComEnum@UIEnumConnectionPoints@@$1?_GUID_b196b285_bab4_101a_b69c_00aa00341d07@@3U__s_GUID@@BPEAUIConnectionPoint@@V?$_CopyInterface@UIConnectionPoint@@@ATL@@VCComSingleThreadModel@6@@ATL@@@ATL@@UEAAJAEBU_GUID@@PEAPEAX@Z 00000001800039b0 f i Totals.obj
 0001:000029c4       ??_G?$CComObject@V?$CComEnum@UIEnumConnectionPoints@@$1?_GUID_b196b285_bab4_101a_b69c_00aa00341d07@@3U__s_GUID@@BPEAUIConnectionPoint@@V?$_CopyInterface@UIConnectionPoint@@@ATL@@VCComSingleThreadModel@6@@ATL@@@ATL@@UEAAPEAXI@Z 00000001800039c4 f i Totals.obj
 0001:000029c4       ??_E?$CComObject@V?$CComEnum@UIEnumConnectionPoints@@$1?_GUID_b196b285_bab4_101a_b69c_00aa00341d07@@3U__s_GUID@@BPEAUIConnectionPoint@@V?$_CopyInterface@UIConnectionPoint@@@ATL@@VCComSingleThreadModel@6@@ATL@@@ATL@@UEAAPEAXI@Z 00000001800039c4 f i Totals.obj
 0001:00002a1c       ?AddReplacement@CRegObject@ATL@@UEAAJPEB_W0@Z 0000000180003a1c f i Totals.obj
 0001:00002a4c       ?ClearReplacements@CRegObject@ATL@@UEAAJXZ 0000000180003a4c f i Totals.obj
 0001:00002a58       ??_ECRegObject@ATL@@UEAAPEAXI@Z 0000000180003a58 f i Totals.obj
 0001:00002a58       ??_GCRegObject@ATL@@UEAAPEAXI@Z 0000000180003a58 f i Totals.obj
 0001:00002ad8       ?AddRef@?$CComAggObject@VCOPOSTotals@@@ATL@@UEAAKXZ 0000000180003ad8 f i Totals.obj
 0001:00002ae4       ?Release@?$CComAggObject@VCOPOSTotals@@@ATL@@UEAAKXZ 0000000180003ae4 f i Totals.obj
 0001:00002b38       ?QueryInterface@?$CComAggObject@VCOPOSTotals@@@ATL@@UEAAJAEBU_GUID@@PEAPEAX@Z 0000000180003b38 f i Totals.obj
 0001:00002b98       ?AddRef@?$CComContainedObject@VCOPOSTotals@@@ATL@@UEAAKXZ 0000000180003b98 f i Totals.obj
 0001:00002ba8       ?Release@?$CComContainedObject@VCOPOSTotals@@@ATL@@UEAAKXZ 0000000180003ba8 f i Totals.obj
 0001:00002bb8       ?QueryInterface@?$CComContainedObject@VCOPOSTotals@@@ATL@@UEAAJAEBU_GUID@@PEAPEAX@Z 0000000180003bb8 f i Totals.obj
 0001:00002bc8       ??_G?$CComAggObject@VCOPOSTotals@@@ATL@@UEAAPEAXI@Z 0000000180003bc8 f i Totals.obj
 0001:00002bc8       ??_E?$CComAggObject@VCOPOSTotals@@@ATL@@UEAAPEAXI@Z 0000000180003bc8 f i Totals.obj
 0001:00002c20       ?AddRef@?$CComObject@VCOPOSTotals@@@ATL@@UEAAKXZ 0000000180003c20 f i Totals.obj
 0001:00002c30       ?Release@?$CComObject@VCOPOSTotals@@@ATL@@UEAAKXZ 0000000180003c30 f i Totals.obj
 0001:00002c88       ?QueryInterface@?$CComObject@VCOPOSTotals@@@ATL@@UEAAJAEBU_GUID@@PEAPEAX@Z 0000000180003c88 f i Totals.obj
 0001:00002c9c       ?OnDrawAdvanced@CComControlBase@ATL@@UEAAJAEAUATL_DRAWINFO@@@Z 0000000180003c9c f i Totals.obj
 0001:00002e28       ?Next@?$CComEnumImpl@UIEnumConnections@@$1?_GUID_b196b287_bab4_101a_b69c_00aa00341d07@@3U__s_GUID@@BUtagCONNECTDATA@@V?$_Copy@UtagCONNECTDATA@@@ATL@@@ATL@@UEAAJKPEAUtagCONNECTDATA@@PEAK@Z 0000000180003e28 f i Totals.obj
 0001:00002efc       ?Skip@?$CComEnumImpl@UIEnumConnections@@$1?_GUID_b196b287_bab4_101a_b69c_00aa00341d07@@3U__s_GUID@@BUtagCONNECTDATA@@V?$_Copy@UtagCONNECTDATA@@@ATL@@@ATL@@UEAAJK@Z 0000000180003efc f i Totals.obj
 0001:00002f28       ?Clone@?$CComEnumImpl@UIEnumConnections@@$1?_GUID_b196b287_bab4_101a_b69c_00aa00341d07@@3U__s_GUID@@BUtagCONNECTDATA@@V?$_Copy@UtagCONNECTDATA@@@ATL@@@ATL@@UEAAJPEAPEAUIEnumConnections@@@Z 0000000180003f28 f i Totals.obj
 0001:00003054       ?QueryInterface@?$CComObject@V?$CComEnum@UIEnumConnections@@$1?_GUID_b196b287_bab4_101a_b69c_00aa00341d07@@3U__s_GUID@@BUtagCONNECTDATA@@V?$_Copy@UtagCONNECTDATA@@@ATL@@VCComSingleThreadModel@6@@ATL@@@ATL@@UEAAJAEBU_GUID@@PEAPEAX@Z 0000000180004054 f i Totals.obj
 0001:00003068       ??_E?$CComObject@V?$CComEnum@UIEnumConnections@@$1?_GUID_b196b287_bab4_101a_b69c_00aa00341d07@@3U__s_GUID@@BUtagCONNECTDATA@@V?$_Copy@UtagCONNECTDATA@@@ATL@@VCComSingleThreadModel@6@@ATL@@@ATL@@UEAAPEAXI@Z 0000000180004068 f i Totals.obj
 0001:00003068       ??_G?$CComObject@V?$CComEnum@UIEnumConnections@@$1?_GUID_b196b287_bab4_101a_b69c_00aa00341d07@@3U__s_GUID@@BUtagCONNECTDATA@@V?$_Copy@UtagCONNECTDATA@@@ATL@@VCComSingleThreadModel@6@@ATL@@@ATL@@UEAAPEAXI@Z 0000000180004068 f i Totals.obj
 0001:000030c0       ??_E?$CComObject@VCOPOSTotals@@@ATL@@W7EAAPEAXI@Z 00000001800040c0 f i Totals.obj
 0001:000030cc       ??_E?$CComObject@VCOPOSTotals@@@ATL@@WHA@EAAPEAXI@Z 00000001800040cc f i Totals.obj
 0001:000030d8       ?QueryInterface@?$CComObject@VCOPOSTotals@@@ATL@@WLI@EAAJAEBU_GUID@@PEAPEAX@Z 00000001800040d8 f i Totals.obj
 0001:000030e4       ?AddRef@?$CComObject@VCOPOSTotals@@@ATL@@WLI@EAAKXZ 00000001800040e4 f i Totals.obj
 0001:000030f0       ?Release@?$CComObject@VCOPOSTotals@@@ATL@@WLI@EAAKXZ 00000001800040f0 f i Totals.obj
 0001:000030fc       ?QueryInterface@?$CComObject@VCOPOSTotals@@@ATL@@WMA@EAAJAEBU_GUID@@PEAPEAX@Z 00000001800040fc f i Totals.obj
 0001:00003108       ?AddRef@?$CComObject@VCOPOSTotals@@@ATL@@WMA@EAAKXZ 0000000180004108 f i Totals.obj
 0001:00003114       ?Release@?$CComObject@VCOPOSTotals@@@ATL@@WMA@EAAKXZ 0000000180004114 f i Totals.obj
 0001:00003120       ?QueryInterface@?$CComObject@VCOPOSTotals@@@ATL@@WMI@EAAJAEBU_GUID@@PEAPEAX@Z 0000000180004120 f i Totals.obj
 0001:0000312c       ?AddRef@?$CComObject@VCOPOSTotals@@@ATL@@WMI@EAAKXZ 000000018000412c f i Totals.obj
 0001:00003138       ?Release@?$CComObject@VCOPOSTotals@@@ATL@@WMI@EAAKXZ 0000000180004138 f i Totals.obj
 0001:00003144       ?QueryInterface@?$CComObject@VCOPOSTotals@@@ATL@@WNA@EAAJAEBU_GUID@@PEAPEAX@Z 0000000180004144 f i Totals.obj
 0001:00003150       ?AddRef@?$CComObject@VCOPOSTotals@@@ATL@@WNA@EAAKXZ 0000000180004150 f i Totals.obj
 0001:0000315c       ?Release@?$CComObject@VCOPOSTotals@@@ATL@@WNA@EAAKXZ 000000018000415c f i Totals.obj
 0001:00003168       ?QueryInterface@?$CComObject@VCOPOSTotals@@@ATL@@WNI@EAAJAEBU_GUID@@PEAPEAX@Z 0000000180004168 f i Totals.obj
 0001:00003174       ?AddRef@?$CComObject@VCOPOSTotals@@@ATL@@WNI@EAAKXZ 0000000180004174 f i Totals.obj
 0001:00003180       ?Release@?$CComObject@VCOPOSTotals@@@ATL@@WNI@EAAKXZ 0000000180004180 f i Totals.obj
 0001:0000318c       ?QueryInterface@?$CComObject@VCOPOSTotals@@@ATL@@WOA@EAAJAEBU_GUID@@PEAPEAX@Z 000000018000418c f i Totals.obj
 0001:00003198       ?AddRef@?$CComObject@VCOPOSTotals@@@ATL@@WOA@EAAKXZ 0000000180004198 f i Totals.obj
 0001:000031a4       ?Release@?$CComObject@VCOPOSTotals@@@ATL@@WOA@EAAKXZ 00000001800041a4 f i Totals.obj
 0001:000031b0       ?QueryInterface@?$CComObject@VCOPOSTotals@@@ATL@@WOI@EAAJAEBU_GUID@@PEAPEAX@Z 00000001800041b0 f i Totals.obj
 0001:000031bc       ?AddRef@?$CComObject@VCOPOSTotals@@@ATL@@WOI@EAAKXZ 00000001800041bc f i Totals.obj
 0001:000031c8       ?Release@?$CComObject@VCOPOSTotals@@@ATL@@WOI@EAAKXZ 00000001800041c8 f i Totals.obj
 0001:000031d4       ?QueryInterface@?$CComObject@VCOPOSTotals@@@ATL@@WPA@EAAJAEBU_GUID@@PEAPEAX@Z 00000001800041d4 f i Totals.obj
 0001:000031e0       ?AddRef@?$CComObject@VCOPOSTotals@@@ATL@@WPA@EAAKXZ 00000001800041e0 f i Totals.obj
 0001:000031ec       ?Release@?$CComObject@VCOPOSTotals@@@ATL@@WPA@EAAKXZ 00000001800041ec f i Totals.obj
 0001:000031f8       ?QueryInterface@?$CComObject@VCOPOSTotals@@@ATL@@WPI@EAAJAEBU_GUID@@PEAPEAX@Z 00000001800041f8 f i Totals.obj
 0001:00003204       ?AddRef@?$CComObject@VCOPOSTotals@@@ATL@@WPI@EAAKXZ 0000000180004204 f i Totals.obj
 0001:00003210       ?Release@?$CComObject@VCOPOSTotals@@@ATL@@WPI@EAAKXZ 0000000180004210 f i Totals.obj
 0001:0000321c       ?QueryInterface@?$CComObject@VCOPOSTotals@@@ATL@@WBAA@EAAJAEBU_GUID@@PEAPEAX@Z 000000018000421c f i Totals.obj
 0001:00003228       ?AddRef@?$CComObject@VCOPOSTotals@@@ATL@@WBAA@EAAKXZ 0000000180004228 f i Totals.obj
 0001:00003234       ?Release@?$CComObject@VCOPOSTotals@@@ATL@@WBAA@EAAKXZ 0000000180004234 f i Totals.obj
 0001:00003240       ?QueryInterface@?$CComObject@VCOPOSTotals@@@ATL@@WBAI@EAAJAEBU_GUID@@PEAPEAX@Z 0000000180004240 f i Totals.obj
 0001:0000324c       ?AddRef@?$CComObject@VCOPOSTotals@@@ATL@@WBAI@EAAKXZ 000000018000424c f i Totals.obj
 0001:00003258       ?Release@?$CComObject@VCOPOSTotals@@@ATL@@WBAI@EAAKXZ 0000000180004258 f i Totals.obj
 0001:00003264       ?QueryInterface@?$CComObject@VCOPOSTotals@@@ATL@@WBBA@EAAJAEBU_GUID@@PEAPEAX@Z 0000000180004264 f i Totals.obj
 0001:00003270       ?AddRef@?$CComObject@VCOPOSTotals@@@ATL@@WBBA@EAAKXZ 0000000180004270 f i Totals.obj
 0001:0000327c       ?Release@?$CComObject@VCOPOSTotals@@@ATL@@WBBA@EAAKXZ 000000018000427c f i Totals.obj
 0001:00003288       ?QueryInterface@?$CComObject@VCOPOSTotals@@@ATL@@WBBI@EAAJAEBU_GUID@@PEAPEAX@Z 0000000180004288 f i Totals.obj
 0001:00003294       ?AddRef@?$CComObject@VCOPOSTotals@@@ATL@@WBBI@EAAKXZ 0000000180004294 f i Totals.obj
 0001:000032a0       ?Release@?$CComObject@VCOPOSTotals@@@ATL@@WBBI@EAAKXZ 00000001800042a0 f i Totals.obj
 0001:000032ac       ?AddRef@?$CComObject@VCOPOSTotals@@@ATL@@WBCI@EAAKXZ 00000001800042ac f i Totals.obj
 0001:000032b8       ?Release@?$CComObject@VCOPOSTotals@@@ATL@@WBCI@EAAKXZ 00000001800042b8 f i Totals.obj
 0001:000032c4       ?AddRef@?$CComObject@VCOPOSTotals@@@ATL@@WBEA@EAAKXZ 00000001800042c4 f i Totals.obj
 0001:000032d0       ?Release@?$CComObject@VCOPOSTotals@@@ATL@@WBEA@EAAKXZ 00000001800042d0 f i Totals.obj
 0001:000032dc       ??_E?$CComContainedObject@VCOPOSTotals@@@ATL@@W7EAAPEAXI@Z 00000001800042dc f i Totals.obj
 0001:000032e8       ??_E?$CComContainedObject@VCOPOSTotals@@@ATL@@WHA@EAAPEAXI@Z 00000001800042e8 f i Totals.obj
 0001:000032f4       ?QueryInterface@?$CComContainedObject@VCOPOSTotals@@@ATL@@WLI@EAAJAEBU_GUID@@PEAPEAX@Z 00000001800042f4 f i Totals.obj
 0001:00003300       ?AddRef@?$CComContainedObject@VCOPOSTotals@@@ATL@@WLI@EAAKXZ 0000000180004300 f i Totals.obj
 0001:0000330c       ?Release@?$CComContainedObject@VCOPOSTotals@@@ATL@@WLI@EAAKXZ 000000018000430c f i Totals.obj
 0001:00003318       ?QueryInterface@?$CComContainedObject@VCOPOSTotals@@@ATL@@WMA@EAAJAEBU_GUID@@PEAPEAX@Z 0000000180004318 f i Totals.obj
 0001:00003324       ?AddRef@?$CComContainedObject@VCOPOSTotals@@@ATL@@WMA@EAAKXZ 0000000180004324 f i Totals.obj
 0001:00003330       ?Release@?$CComContainedObject@VCOPOSTotals@@@ATL@@WMA@EAAKXZ 0000000180004330 f i Totals.obj
 0001:0000333c       ?QueryInterface@?$CComContainedObject@VCOPOSTotals@@@ATL@@WMI@EAAJAEBU_GUID@@PEAPEAX@Z 000000018000433c f i Totals.obj
 0001:00003348       ?AddRef@?$CComContainedObject@VCOPOSTotals@@@ATL@@WMI@EAAKXZ 0000000180004348 f i Totals.obj
 0001:00003354       ?Release@?$CComContainedObject@VCOPOSTotals@@@ATL@@WMI@EAAKXZ 0000000180004354 f i Totals.obj
 0001:00003360       ?QueryInterface@?$CComContainedObject@VCOPOSTotals@@@ATL@@WNA@EAAJAEBU_GUID@@PEAPEAX@Z 0000000180004360 f i Totals.obj
 0001:0000336c       ?AddRef@?$CComContainedObject@VCOPOSTotals@@@ATL@@WNA@EAAKXZ 000000018000436c f i Totals.obj
 0001:00003378       ?Release@?$CComContainedObject@VCOPOSTotals@@@ATL@@WNA@EAAKXZ 0000000180004378 f i Totals.obj
 0001:00003384       ?QueryInterface@?$CComContainedObject@VCOPOSTotals@@@ATL@@WNI@EAAJAEBU_GUID@@PEAPEAX@Z 0000000180004384 f i Totals.obj
 0001:00003390       ?AddRef@?$CComContainedObject@VCOPOSTotals@@@ATL@@WNI@EAAKXZ 0000000180004390 f i Totals.obj
 0001:0000339c       ?Release@?$CComContainedObject@VCOPOSTotals@@@ATL@@WNI@EAAKXZ 000000018000439c f i Totals.obj
 0001:000033a8       ?QueryInterface@?$CComContainedObject@VCOPOSTotals@@@ATL@@WOA@EAAJAEBU_GUID@@PEAPEAX@Z 00000001800043a8 f i Totals.obj
 0001:000033b4       ?AddRef@?$CComContainedObject@VCOPOSTotals@@@ATL@@WOA@EAAKXZ 00000001800043b4 f i Totals.obj
 0001:000033c0       ?Release@?$CComContainedObject@VCOPOSTotals@@@ATL@@WOA@EAAKXZ 00000001800043c0 f i Totals.obj
 0001:000033cc       ?QueryInterface@?$CComContainedObject@VCOPOSTotals@@@ATL@@WOI@EAAJAEBU_GUID@@PEAPEAX@Z 00000001800043cc f i Totals.obj
 0001:000033d8       ?AddRef@?$CComContainedObject@VCOPOSTotals@@@ATL@@WOI@EAAKXZ 00000001800043d8 f i Totals.obj
 0001:000033e4       ?Release@?$CComContainedObject@VCOPOSTotals@@@ATL@@WOI@EAAKXZ 00000001800043e4 f i Totals.obj
 0001:000033f0       ?QueryInterface@?$CComContainedObject@VCOPOSTotals@@@ATL@@WPA@EAAJAEBU_GUID@@PEAPEAX@Z 00000001800043f0 f i Totals.obj
 0001:000033fc       ?AddRef@?$CComContainedObject@VCOPOSTotals@@@ATL@@WPA@EAAKXZ 00000001800043fc f i Totals.obj
 0001:00003408       ?Release@?$CComContainedObject@VCOPOSTotals@@@ATL@@WPA@EAAKXZ 0000000180004408 f i Totals.obj
 0001:00003414       ?QueryInterface@?$CComContainedObject@VCOPOSTotals@@@ATL@@WPI@EAAJAEBU_GUID@@PEAPEAX@Z 0000000180004414 f i Totals.obj
 0001:00003420       ?AddRef@?$CComContainedObject@VCOPOSTotals@@@ATL@@WPI@EAAKXZ 0000000180004420 f i Totals.obj
 0001:0000342c       ?Release@?$CComContainedObject@VCOPOSTotals@@@ATL@@WPI@EAAKXZ 000000018000442c f i Totals.obj
 0001:00003438       ?QueryInterface@?$CComContainedObject@VCOPOSTotals@@@ATL@@WBAA@EAAJAEBU_GUID@@PEAPEAX@Z 0000000180004438 f i Totals.obj
 0001:00003444       ?AddRef@?$CComContainedObject@VCOPOSTotals@@@ATL@@WBAA@EAAKXZ 0000000180004444 f i Totals.obj
 0001:00003450       ?Release@?$CComContainedObject@VCOPOSTotals@@@ATL@@WBAA@EAAKXZ 0000000180004450 f i Totals.obj
 0001:0000345c       ?QueryInterface@?$CComContainedObject@VCOPOSTotals@@@ATL@@WBAI@EAAJAEBU_GUID@@PEAPEAX@Z 000000018000445c f i Totals.obj
 0001:00003468       ?AddRef@?$CComContainedObject@VCOPOSTotals@@@ATL@@WBAI@EAAKXZ 0000000180004468 f i Totals.obj
 0001:00003474       ?Release@?$CComContainedObject@VCOPOSTotals@@@ATL@@WBAI@EAAKXZ 0000000180004474 f i Totals.obj
 0001:00003480       ?QueryInterface@?$CComContainedObject@VCOPOSTotals@@@ATL@@WBBA@EAAJAEBU_GUID@@PEAPEAX@Z 0000000180004480 f i Totals.obj
 0001:0000348c       ?AddRef@?$CComContainedObject@VCOPOSTotals@@@ATL@@WBBA@EAAKXZ 000000018000448c f i Totals.obj
 0001:00003498       ?Release@?$CComContainedObject@VCOPOSTotals@@@ATL@@WBBA@EAAKXZ 0000000180004498 f i Totals.obj
 0001:000034a4       ?QueryInterface@?$CComContainedObject@VCOPOSTotals@@@ATL@@WBBI@EAAJAEBU_GUID@@PEAPEAX@Z 00000001800044a4 f i Totals.obj
 0001:000034b0       ?AddRef@?$CComContainedObject@VCOPOSTotals@@@ATL@@WBBI@EAAKXZ 00000001800044b0 f i Totals.obj
 0001:000034bc       ?Release@?$CComContainedObject@VCOPOSTotals@@@ATL@@WBBI@EAAKXZ 00000001800044bc f i Totals.obj
 0001:000034c8       ?AddRef@?$CComContainedObject@VCOPOSTotals@@@ATL@@WBCI@EAAKXZ 00000001800044c8 f i Totals.obj
 0001:000034d4       ?Release@?$CComContainedObject@VCOPOSTotals@@@ATL@@WBCI@EAAKXZ 00000001800044d4 f i Totals.obj
 0001:000034e0       ?AddRef@?$CComContainedObject@VCOPOSTotals@@@ATL@@WBEA@EAAKXZ 00000001800044e0 f i Totals.obj
 0001:000034ec       ?Release@?$CComContainedObject@VCOPOSTotals@@@ATL@@WBEA@EAAKXZ 00000001800044ec f i Totals.obj
 0001:000034f8       ?CreateInstance@CComClassFactory@ATL@@UEAAJPEAUIUnknown@@AEBU_GUID@@PEAPEAX@Z 00000001800044f8 f i Totals.obj
 0001:00003558       ?LockServer@CComClassFactory@ATL@@UEAAJH@Z 0000000180004558 f i Totals.obj
 0001:0000357c       ??_ECComClassFactory@ATL@@UEAAPEAXI@Z 000000018000457c f i Totals.obj
 0001:0000357c       ??_GCComClassFactory@ATL@@UEAAPEAXI@Z 000000018000457c f i Totals.obj
 0001:000035cc       ??$AtlModuleRegisterWndClassInfoT@VAtlModuleRegisterWndClassInfoParamW@ATL@@@ATL@@YAGPEAU_ATL_BASE_MODULE70@0@PEAU_ATL_WIN_MODULE70@0@PEAU_ATL_WNDCLASSINFOW@0@PEAP6A_JPEAUHWND__@@I_K_J@ZVAtlModuleRegisterWndClassInfoParamW@0@@Z 00000001800045cc f i Totals.obj
 0001:000037cc       ??0?$CComContainedObject@VCOPOSTotals@@@ATL@@QEAA@PEAX@Z 00000001800047cc f i Totals.obj
 0001:000038e8       ??0?$CComObject@VCOPOSTotals@@@ATL@@QEAA@PEAX@Z 00000001800048e8 f i Totals.obj
 0001:00003a00       ??0CAtlModule@ATL@@QEAA@XZ 0000000180004a00 f i Totals.obj
 0001:00003a74       ??1?$CComEnumImpl@UIEnumConnectionPoints@@$1?_GUID_b196b285_bab4_101a_b69c_00aa00341d07@@3U__s_GUID@@BPEAUIConnectionPoint@@V?$_CopyInterface@UIConnectionPoint@@@ATL@@@ATL@@UEAA@XZ 0000000180004a74 f i Totals.obj
 0001:00003ad0       ??1?$CComEnumImpl@UIEnumConnections@@$1?_GUID_b196b287_bab4_101a_b69c_00aa00341d07@@3U__s_GUID@@BUtagCONNECTDATA@@V?$_Copy@UtagCONNECTDATA@@@ATL@@@ATL@@UEAA@XZ 0000000180004ad0 f i Totals.obj
 0001:00003b2c       ??1?$CComObject@VCOPOSTotals@@@ATL@@UEAA@XZ 0000000180004b2c f i Totals.obj
 0001:00003c4c       ??_G?$CComContainedObject@VCOPOSTotals@@@ATL@@UEAAPEAXI@Z 0000000180004c4c f i Totals.obj
 0001:00003c4c       ??_E?$CComContainedObject@VCOPOSTotals@@@ATL@@UEAAPEAXI@Z 0000000180004c4c f i Totals.obj
 0001:00003c80       ??_E?$CComObject@VCOPOSTotals@@@ATL@@UEAAPEAXI@Z 0000000180004c80 f i Totals.obj
 0001:00003c80       ??_G?$CComObject@VCOPOSTotals@@@ATL@@UEAAPEAXI@Z 0000000180004c80 f i Totals.obj
 0001:00003cb4       ?Add@?$CSimpleArray@GV?$CSimpleArrayEqualHelper@G@ATL@@@ATL@@QEAAHAEBG@Z 0000000180004cb4 f i Totals.obj
 0001:00003d68       ?Add@?$CSimpleMap@PEA_WPEA_WVCExpansionVectorEqualHelper@ATL@@@ATL@@QEAAHAEBQEA_W0@Z 0000000180004d68 f i Totals.obj
 0001:00003e08       ?Add@CComDynamicUnkArray@ATL@@QEAAKPEAUIUnknown@@@Z 0000000180004e08 f i Totals.obj
 0001:00003ef4       ?Add@CExpansionVector@ATL@@QEAAHPEB_W0@Z 0000000180004ef4 f i Totals.obj
 0001:00004028       ?AddTermFunc@CAtlModule@ATL@@QEAAJP6AX_K@Z0@Z 0000000180005028 f i Totals.obj
 0001:000040c4       ?AddValue@CRegParser@ATL@@IEAAJAEAVCRegKey@2@PEB_WPEA_W@Z 00000001800050c4 f i Totals.obj
 0001:0000450c       ?AllocateHeap@?$CTempBuffer@E$0BAA@VCCRTAllocator@ATL@@@ATL@@AEAAX_K@Z 000000018000550c f i Totals.obj
 0001:0000450c       ?AllocateHeap@?$CTempBuffer@_W$0EAA@VCCRTAllocator@ATL@@@ATL@@AEAAX_K@Z 000000018000550c f i Totals.obj
 0001:0000450c       ?AllocateHeap@?$CTempBuffer@_W$0BAA@VCCRTAllocator@ATL@@@ATL@@AEAAX_K@Z 000000018000550c f i Totals.obj
 0001:00004538       ?Append@CParseBuffer@CRegParser@ATL@@QEAAHPEB_WH@Z 0000000180005538 f i Totals.obj
 0001:00004680       ?AtlComModuleGetClassObject@ATL@@YAJPEAU_ATL_COM_MODULE70@1@AEBU_GUID@@1PEAPEAX@Z 0000000180005680 f i Totals.obj
 0001:000047c0       ?AtlComModuleRegisterServer@ATL@@YAJPEAU_ATL_COM_MODULE70@1@HPEBU_GUID@@@Z 00000001800057c0 f i Totals.obj
 0001:00004880       ?AtlComModuleUnregisterServer@ATL@@YAJPEAU_ATL_COM_MODULE70@1@HPEBU_GUID@@@Z 0000000180005880 f i Totals.obj
 0001:0000493c       ?AtlHiMetricToPixel@ATL@@YAXPEBUtagSIZE@@PEAU2@@Z 000000018000593c f i Totals.obj
 0001:000049ec       ?AtlHresultFromLastError@ATL@@YAJXZ 00000001800059ec f i Totals.obj
 0001:00004a0c       ?AtlHresultFromWin32@ATL@@YAJK@Z 0000000180005a0c f i Totals.obj
 0001:00004a1c       ?AtlInternalOleLoadFromStream@ATL@@YAJPEAUIStream@@AEBU_GUID@@PEAPEAXTClassesAllowedInStream@1@K@Z 0000000180005a1c f i Totals.obj
 0001:00004b60       ?AtlInternalQueryInterface@ATL@@YAJPEAXPEBU_ATL_INTMAP_ENTRY@1@AEBU_GUID@@PEAPEAX@Z 0000000180005b60 f i Totals.obj
 0001:00004c68       ?AtlLoadTypeLib@ATL@@YAJPEAUHINSTANCE__@@PEB_WPEAPEA_WPEAPEAUITypeLib@@@Z 0000000180005c68 f i Totals.obj
 0001:00004ec4       ?AtlRegisterClassCategoriesHelper@ATL@@YAJAEBU_GUID@@PEBU_ATL_CATMAP_ENTRY@1@H@Z 0000000180005ec4 f i Totals.obj
 0001:00005348       ?AtlRegisterTypeLib@ATL@@YAJPEAUHINSTANCE__@@PEB_W@Z 0000000180006348 f i Totals.obj
 0001:00005544       ?AtlThrowImpl@ATL@@YAXJ@Z  0000000180006544 f i Totals.obj
 0001:00005568       ?AtlUnRegisterTypeLib@ATL@@YAJPEAUHINSTANCE__@@PEB_W@Z 0000000180006568 f i Totals.obj
 0001:00005630       ?AtlWinModuleExtractCreateWndData@ATL@@YAPEAXPEAU_ATL_WIN_MODULE70@1@@Z 0000000180006630 f i Totals.obj
 0001:000056bc       ?Cleanup@CComTypeInfoHolder@ATL@@SAX_K@Z 00000001800066bc f i Totals.obj
 0001:000056fc       ?ClearReplacements@CExpansionVector@ATL@@QEAAJXZ 00000001800066fc f i Totals.obj
 0001:00005798       ?CreateInstance@?$CComCreator@V?$CComAggObject@VCOPOSTotals@@@ATL@@@ATL@@SAJPEAXAEBU_GUID@@PEAPEAX@Z 0000000180006798 f i Totals.obj
 0001:0000587c       ?CreateInstance@?$CComCreator@V?$CComObject@VCOPOSTotals@@@ATL@@@ATL@@SAJPEAXAEBU_GUID@@PEAPEAX@Z 000000018000687c f i Totals.obj
 0001:00005930       ?CreateInstance@?$CComObject@V?$CComEnum@UIEnumConnectionPoints@@$1?_GUID_b196b285_bab4_101a_b69c_00aa00341d07@@3U__s_GUID@@BPEAUIConnectionPoint@@V?$_CopyInterface@UIConnectionPoint@@@ATL@@VCComSingleThreadModel@6@@ATL@@@ATL@@SAJPEAPEAV12@@Z 0000000180006930 f i Totals.obj
 0001:000059c0       ?CreateInstance@?$CComObject@V?$CComEnum@UIEnumConnections@@$1?_GUID_b196b287_bab4_101a_b69c_00aa00341d07@@3U__s_GUID@@BUtagCONNECTDATA@@V?$_Copy@UtagCONNECTDATA@@@ATL@@VCComSingleThreadModel@6@@ATL@@@ATL@@SAJPEAPEAV12@@Z 00000001800069c0 f i Totals.obj
 0001:00005a50       ?DefaultReflectionHandler@?$CWindowImplRoot@VCWindow@ATL@@@ATL@@SAHPEAUHWND__@@I_K_JAEA_J@Z 0000000180006a50 f i Totals.obj
 0001:00005ab4       ?DeleteSubKey@CRegKey@ATL@@QEAAJPEB_W@Z 0000000180006ab4 f i Totals.obj
 0001:00005b4c       ?DoEvent@COPOSTotals@@IEAAXI_K_J@Z 0000000180006b4c f i Totals.obj
 0001:00005c00       ?DoVerbPrimary@?$IOleObjectImpl@VCOPOSTotals@@@ATL@@QEAAJPEBUtagRECT@@PEAUHWND__@@@Z 0000000180006c00 f i Totals.obj
 0001:00005d2c       ?DoVerbProperties@CComControlBase@ATL@@QEAAJPEBUtagRECT@@PEAUHWND__@@@Z 0000000180006d2c f i Totals.obj
 0001:00005f54       ?FireTheEvent@?$CProxy_IOPOSEvents@VCOPOSTotals@@@@IEAAXPEAVOposVariant@@IAEAJPEB_WJ@Z 0000000180006f54 f i Totals.obj
 0001:00006040       ?FireViewChange@CComControlBase@ATL@@QEAAJXZ 0000000180007040 f i Totals.obj
 0001:000060a4       ?Fire_DirectIOEvent@?$CProxy_IOPOSEvents@VCOPOSTotals@@@@QEAAXJPEAJPEAPEA_W@Z 00000001800070a4 f i Totals.obj
 0001:00006204       ?Fire_StatusUpdateEvent@?$CProxy_IOPOSEvents@VCOPOSTotals@@@@QEAAXJ@Z 0000000180007204 f i Totals.obj
 0001:000062f0       ?FreeHeap@?$CTempBuffer@E$0BAA@VCCRTAllocator@ATL@@@ATL@@AEAAXXZ 00000001800072f0 f i Totals.obj
 0001:000062f0       ?FreeHeap@?$CTempBuffer@_W$0EAA@VCCRTAllocator@ATL@@@ATL@@AEAAXXZ 00000001800072f0 f i Totals.obj
 0001:000062f0       ?FreeHeap@?$CTempBuffer@_W$0BAA@VCCRTAllocator@ATL@@@ATL@@AEAAXXZ 00000001800072f0 f i Totals.obj
 0001:000062f8       ?GetAmbientLocaleID@CComControlBase@ATL@@QEAAJAEAK@Z 00000001800072f8 f i Totals.obj
 0001:000063b8       ?GetAmbientUserMode@CComControlBase@ATL@@QEAAJAEAH@Z 00000001800073b8 f i Totals.obj
 0001:00006488       ?GetClassObject@CComModule@ATL@@QEAAJAEBU_GUID@@0PEAPEAX@Z 0000000180007488 f i Totals.obj
 0001:0000657c       ?GetConnMap@COPOSTotals@@SAPEBU_ATL_CONNMAP_ENTRY@ATL@@PEAH@Z 000000018000757c f i Totals.obj
 0001:00006604       ?GetIDsOfNames@CComTypeInfoHolder@ATL@@QEAAJAEBU_GUID@@PEAPEA_WIKPEAJ@Z 0000000180007604 f i Totals.obj
 0001:0000677c       ?GetPagesHelper@?$ISpecifyPropertyPagesImpl@VCOPOSTotals@@@ATL@@IEAAJPEAUtagCAUUID@@PEBUATL_PROPMAP_ENTRY@2@@Z 000000018000777c f i Totals.obj
 0001:0000691c       ?GetSizeMax@CComVariant@ATL@@QEBAJPEAT_ULARGE_INTEGER@@@Z 000000018000791c f i Totals.obj
 0001:00006b4c       ?GetTI@CComTypeInfoHolder@ATL@@QEAAJK@Z 0000000180007b4c f i Totals.obj
 0001:00006e34       ?GetZoomInfo@CComControlBase@ATL@@QEAAXAEAUATL_DRAWINFO@@@Z 0000000180007e34 f i Totals.obj
 0001:00006ed8       ?HKeyFromString@CRegParser@ATL@@KAPEAUHKEY__@@PEA_W@Z 0000000180007ed8 f i Totals.obj
 0001:00006f3c       ?IDataObject_GetData@CComControlBase@ATL@@QEAAJPEAUtagFORMATETC@@PEAUtagSTGMEDIUM@@@Z 0000000180007f3c f i Totals.obj
 0001:00007130       ?IOleInPlaceObject_InPlaceDeactivate@CComControlBase@ATL@@QEAAJXZ 0000000180008130 f i Totals.obj
 0001:000071d0       ?IOleInPlaceObject_SetObjectRects@CComControlBase@ATL@@QEAAJPEBUtagRECT@@0@Z 00000001800081d0 f i Totals.obj
 0001:000072c0       ?IOleInPlaceObject_UIDeactivate@CComControlBase@ATL@@QEAAJXZ 00000001800082c0 f i Totals.obj
 0001:000073cc       ?IOleObject_Close@CComControlBase@ATL@@QEAAJK@Z 00000001800083cc f i Totals.obj
 0001:000074e4       ?IOleObject_SetClientSite@CComControlBase@ATL@@QEAAJPEAUIOleClientSite@@@Z 00000001800084e4 f i Totals.obj
 0001:0000755c       ?IOleObject_SetExtent@CComControlBase@ATL@@QEAAJKPEAUtagSIZE@@@Z 000000018000855c f i Totals.obj
 0001:000075f4       ?IPSI_GetIPersistStreamInit@?$IPersistStorageImpl@VCOPOSTotals@@@ATL@@AEAAPEAUIPersistStreamInit@@XZ 00000001800085f4 f i Totals.obj
 0001:000076dc       ?IPersistStreamInit_Load@?$IPersistStreamInitImpl@VCOPOSTotals@@@ATL@@QEAAJPEAUIStream@@PEBUATL_PROPMAP_ENTRY@2@@Z 00000001800086dc f i Totals.obj
 0001:00007a08       ?IPersistStreamInit_Save@?$IPersistStreamInitImpl@VCOPOSTotals@@@ATL@@QEAAJPEAUIStream@@HPEBUATL_PROPMAP_ENTRY@2@@Z 0000000180008a08 f i Totals.obj
 0001:00007ca8       ?IQuickActivate_QuickActivate@CComControlBase@ATL@@QEAAJPEAUtagQACONTAINER@@PEAUtagQACONTROL@@@Z 0000000180008ca8 f i Totals.obj
 0001:00007f6c       ?IViewObject_Draw@CComControlBase@ATL@@QEAAJKJPEAXPEAUtagDVTARGETDEVICE@@PEAUHDC__@@2PEBU_RECTL@@3@Z 0000000180008f6c f i Totals.obj
 0001:00008080       ?InPlaceActivate@CComControlBase@ATL@@QEAAJJPEBUtagRECT@@@Z 0000000180009080 f i Totals.obj
 0001:000083b4       ?Init@?$CComEnumImpl@UIEnumConnectionPoints@@$1?_GUID_b196b285_bab4_101a_b69c_00aa00341d07@@3U__s_GUID@@BPEAUIConnectionPoint@@V?$_CopyInterface@UIConnectionPoint@@@ATL@@@ATL@@QEAAJPEAPEAUIConnectionPoint@@0PEAUIUnknown@@W4CComEnumFlags@2@@Z 00000001800093b4 f i Totals.obj
 0001:000084d4       ?Init@?$CComEnumImpl@UIEnumConnections@@$1?_GUID_b196b287_bab4_101a_b69c_00aa00341d07@@3U__s_GUID@@BUtagCONNECTDATA@@V?$_Copy@UtagCONNECTDATA@@@ATL@@@ATL@@QEAAJPEAUtagCONNECTDATA@@0PEAUIUnknown@@W4CComEnumFlags@2@@Z 00000001800094d4 f i Totals.obj
 0001:000085f8       ?IsEqualObject@?$CComPtrBase@UIOleClientSite@@@ATL@@QEAA_NPEAUIUnknown@@@Z 00000001800095f8 f i Totals.obj
 0001:00008684       ?LoadNameCache@CComTypeInfoHolder@ATL@@QEAAJPEAUITypeInfo@@@Z 0000000180009684 f i Totals.obj
 0001:00008804       ?Lookup@?$CSimpleMap@PEA_WPEA_WVCExpansionVectorEqualHelper@ATL@@@ATL@@QEBAPEA_WAEBQEA_W@Z 0000000180009804 f i Totals.obj
 0001:0000888c       ?NextToken@CRegParser@ATL@@IEAAJPEA_W@Z 000000018000988c f i Totals.obj
 0001:00008a44       ?OnKillFocus@CComControlBase@ATL@@QEAA_JI_K_JAEAH@Z 0000000180009a44 f i Totals.obj
 0001:00008ae0       ?OnMouseActivate@CComControlBase@ATL@@QEAA_JI_K_JAEAH@Z 0000000180009ae0 f i Totals.obj
 0001:00008b80       ?OnPaint@CComControlBase@ATL@@QEAA_JI_K_JAEAH@Z 0000000180009b80 f i Totals.obj
 0001:00008c6c       ?OnSetFocus@CComControlBase@ATL@@QEAA_JI_K_JAEAH@Z 0000000180009c6c f i Totals.obj
 0001:00008d68       ?PreProcessBuffer@CRegParser@ATL@@QEAAJPEA_WPEAPEA_W@Z 0000000180009d68 f i Totals.obj
 0001:000090f4       ?ProcessWindowMessage@?$CComControl@VCOPOSTotals@@V?$CWindowImpl@VCOPOSTotals@@VCWindow@ATL@@V?$CWinTraits@$0FGAAAAAA@$0A@@3@@ATL@@@ATL@@UEAAHPEAUHWND__@@I_K_JAEA_JK@Z 000000018000a0f4 f i Totals.obj
 0001:000091d8       ?ReadFromStream@CComBSTR@ATL@@QEAAJPEAUIStream@@@Z 000000018000a1d8 f i Totals.obj
 0001:00009328       ?ReadFromStream@CComVariant@ATL@@QEAAJPEAUIStream@@GTClassesAllowedInStream@2@K@Z 000000018000a328 f i Totals.obj
 0001:0000954c       ?RecurseDeleteKey@CRegKey@ATL@@QEAAJPEB_W@Z 000000018000a54c f i Totals.obj
 0001:000096a4       ?RegCreateKeyExW@CAtlTransactionManager@ATL@@QEAAJPEAUHKEY__@@PEB_WKPEA_WKKQEAU_SECURITY_ATTRIBUTES@@PEAPEAU3@PEAK@Z 000000018000a6a4 f i Totals.obj
 0001:000097d8       ?RegDeleteKeyW@CAtlTransactionManager@ATL@@QEAAJPEAUHKEY__@@PEB_W@Z 000000018000a7d8 f i Totals.obj
 0001:00009864       ?RegOpenKeyExW@CAtlTransactionManager@ATL@@QEAAJPEAUHKEY__@@PEB_WKKPEAPEAU3@@Z 000000018000a864 f i Totals.obj
 0001:0000991c       ?RegisterBuffer@CRegParser@ATL@@QEAAJPEA_WH@Z 000000018000a91c f i Totals.obj
 0001:00009a84       ?RegisterFromResource@CRegObject@ATL@@IEAAJPEB_W00H@Z 000000018000aa84 f i Totals.obj
 0001:00009c40       ?RegisterServer@CComModule@ATL@@QEAAJHPEBU_GUID@@@Z 000000018000ac40 f i Totals.obj
 0001:00009d00       ?RegisterSubkeys@CRegParser@ATL@@IEAAJPEA_WPEAUHKEY__@@HH@Z 000000018000ad00 f i Totals.obj
 0001:0000a56c       ?SendOnDataChange@CComControlBase@ATL@@QEAAJK@Z 000000018000b56c f i Totals.obj
 0001:0000a5dc       ?SetControlFocus@CComControlBase@ATL@@QEAAHH@Z 000000018000b5dc f i Totals.obj
 0001:0000a6b8       ?SkipAssignment@CRegParser@ATL@@IEAAJPEA_W@Z 000000018000b6b8 f i Totals.obj
 0001:0000a75c       ?Term@CAtlModule@ATL@@QEAAXXZ 000000018000b75c f i Totals.obj
 0001:0000a7dc       ?Term@CComModule@ATL@@QEAAXXZ 000000018000b7dc f i Totals.obj
 0001:0000a858       ?UnregisterServer@CComModule@ATL@@QEAAJHPEBU_GUID@@@Z 000000018000b858 f i Totals.obj
 0001:0000a908       ?UpdateRegistryFromResource@CAtlModule@ATL@@QEAAJIHPEAU_ATL_REGMAP_ENTRY@2@@Z 000000018000b908 f i Totals.obj
 0001:0000ac14       ?UpdateRegistryFromResource@CAtlModule@ATL@@QEAAJPEB_WHPEAU_ATL_REGMAP_ENTRY@2@@Z 000000018000bc14 f i Totals.obj
 0001:0000af38       ?VTFromRegType@CRegParser@ATL@@KAHPEB_WAEAG@Z 000000018000bf38 f i Totals.obj
 0001:0000afd4       ?WindowProc@?$CWindowImplBaseT@VCWindow@ATL@@V?$CWinTraits@$0FGAAAAAA@$0A@@2@@ATL@@SA_JPEAUHWND__@@I_K_J@Z 000000018000bfd4 f i Totals.obj
 0001:0000b140       ?WriteToStream@CComVariant@ATL@@QEAAJPEAUIStream@@@Z 000000018000c140 f i Totals.obj
 0001:0000b3bc       ?WriteToStream@CComVariant@ATL@@QEAAJPEAUIStream@@G@Z 000000018000c3bc f i Totals.obj
 0001:0000b454       ?_AtlVerifyStackAvailable@_ATL_SAFE_ALLOCA_IMPL@ATL@@YA_N_K@Z 000000018000c454 f i Totals.obj
 0001:0000b4d8       ?atlCreate@?$CWindowImpl@VCOPOSTotals@@VCWindow@ATL@@V?$CWinTraits@$0FGAAAAAA@$0A@@3@@ATL@@QEAAPEAUHWND__@@PEAU3@V_U_RECT@2@PEB_WKKV_U_MENUorID@2@PEAX@Z 000000018000c4d8 f i Totals.obj
 0001:0000b588       ?atlCreate@?$CWindowImplBaseT@VCWindow@ATL@@V?$CWinTraits@$0FGAAAAAA@$0A@@2@@ATL@@QEAAPEAUHWND__@@PEAU3@V_U_RECT@2@PEB_WKKV_U_MENUorID@2@GPEAX@Z 000000018000c588 f i Totals.obj
 0001:0000b6f8       ?ocscpy_s@@YA_NPEA_W_KPEB_W@Z 000000018000c6f8 f i Totals.obj
 0001:0000b7a8       DllCanUnloadNow            000000018000c7a8 f   Totals.obj
 0001:0000b7b4       DllGetClassObject          000000018000c7b4 f   Totals.obj
 0001:0000b7cc       DllMain                    000000018000c7cc f   Totals.obj
 0001:0000b874       DllRegisterServer          000000018000c874 f   Totals.obj
 0001:0000b888       DllUnregisterServer        000000018000c888 f   Totals.obj
 0001:0000b89c       __local_stdio_printf_options 000000018000c89c f i Totals.obj
 0001:0000b8a4       swprintf_s                 000000018000c8a4 f i Totals.obj
 0001:0000b8f8       ??0COPOSTotals@@QEAA@XZ    000000018000c8f8 f   TotalsImpl.obj
 0001:0000b9b4       ??1?$IConnectionPointImpl@VCOPOSTotals@@$1?IID_IPropertyNotifySink@@3U_GUID@@BVCComDynamicUnkArray@ATL@@@ATL@@QEAA@XZ 000000018000c9b4 f i TotalsImpl.obj
 0001:0000b9b4       ??1?$IConnectionPointImpl@VCOPOSTotals@@$1?DIID__IOPOSTotalsEvents@@3U_GUID@@BVCComDynamicUnkArray@ATL@@@ATL@@QEAA@XZ 000000018000c9b4 f i TotalsImpl.obj
 0001:0000ba10       ??1CComControlBase@ATL@@UEAA@XZ 000000018000ca10 f i TotalsImpl.obj
 0001:0000ba8c       ??1COPOSTotals@@UEAA@XZ    000000018000ca8c f   TotalsImpl.obj
 0001:0000baf0       ?BeginTrans@COPOSTotals@@UEAAJPEAJ@Z 000000018000caf0 f   TotalsImpl.obj
 0001:0000bb18       ?CheckHealth@COPOSTotals@@UEAAJJPEAJ@Z 000000018000cb18 f   TotalsImpl.obj
 0001:0000bb94       ?ClaimDevice@COPOSTotals@@UEAAJJPEAJ@Z 000000018000cb94 f   TotalsImpl.obj
 0001:0000bc2c       ?ClaimFile@COPOSTotals@@UEAAJJJPEAJ@Z 000000018000cc2c f   TotalsImpl.obj
 0001:0000bcf8       ?Close@COPOSTotals@@UEAAJPEAJ@Z 000000018000ccf8 f   TotalsImpl.obj
 0001:0000bdb0       ?CommitTrans@COPOSTotals@@UEAAJPEAJ@Z 000000018000cdb0 f   TotalsImpl.obj
 0001:0000bdd8       ?CompareFirmwareVersion@COPOSTotals@@UEAAJPEA_WPEAJ1@Z 000000018000cdd8 f   TotalsImpl.obj
 0001:0000beb4       ?Create@COPOSTotals@@UEAAJPEA_WPEAJJF1@Z 000000018000ceb4 f   TotalsImpl.obj
 0001:0000bfb0       ?Delete@COPOSTotals@@UEAAJPEA_WPEAJ@Z 000000018000cfb0 f   TotalsImpl.obj
 0001:0000c038       ?DirectIO@COPOSTotals@@UEAAJJPEAJPEAPEA_W0@Z 000000018000d038 f   TotalsImpl.obj
 0001:0000c134       ?DoInvoke@COPOSTotals@@IEAAJJPEAVOposVariant@@IHPEAJ_N@Z 000000018000d134 f   TotalsImpl.obj
 0001:0000c268       ?EventInit@COPOSTotals@@IEAAJXZ 000000018000d268 f i TotalsImpl.obj
 0001:0000c3b0       ?EventUninit@COPOSTotals@@IEAAXXZ 000000018000d3b0 f i TotalsImpl.obj
 0001:0000c414       ?EventWindowProc@COPOSTotals@@IEAA_JI_K_J@Z 000000018000d414 f i TotalsImpl.obj
 0001:0000c4d8       ?FinalConstruct@COPOSTotals@@QEAAJXZ 000000018000d4d8 f   TotalsImpl.obj
 0001:0000c514       ?Find@COPOSTotals@@UEAAJPEA_WPEAJ11@Z 000000018000d514 f   TotalsImpl.obj
 0001:0000c600       ?FindByIndex@COPOSTotals@@UEAAJJPEAPEA_WPEAJ@Z 000000018000d600 f   TotalsImpl.obj
 0001:0000c6d8       ?FreezeEvents@COPOSTotals@@MEAAJH@Z 000000018000d6d8 f   TotalsImpl.obj
 0001:0000c74c       ?GetOposProp@COPOSTotals@@IEAAJJPEAJJ@Z 000000018000d74c f   TotalsImpl.obj
 0001:0000c868       ?GetOposProp@COPOSTotals@@IEAAJJPEAPEA_WJ@Z 000000018000d868 f   TotalsImpl.obj
 0001:0000c994       ?OnDraw@COPOSTotals@@MEAAJAEAUATL_DRAWINFO@@@Z 000000018000d994 f   TotalsImpl.obj
 0001:0000ca80       ?Open@COPOSTotals@@UEAAJPEA_WPEAJ@Z 000000018000da80 f   TotalsImpl.obj
 0001:0000d308       ?Read@COPOSTotals@@UEAAJJPEAPEA_WJJPEAJ@Z 000000018000e308 f   TotalsImpl.obj
 0001:0000d414       ?RecalculateValidationData@COPOSTotals@@UEAAJJPEAJ@Z 000000018000e414 f   TotalsImpl.obj
 0001:0000d490       ?ReleaseDevice@COPOSTotals@@UEAAJPEAJ@Z 000000018000e490 f   TotalsImpl.obj
 0001:0000d4d4       ?ReleaseFile@COPOSTotals@@UEAAJJPEAJ@Z 000000018000e4d4 f   TotalsImpl.obj
 0001:0000d550       ?Rename@COPOSTotals@@UEAAJJPEA_WPEAJ@Z 000000018000e550 f   TotalsImpl.obj
 0001:0000d628       ?ResetStatistics@COPOSTotals@@UEAAJPEA_WPEAJ@Z 000000018000e628 f   TotalsImpl.obj
 0001:0000d6b0       ?RetrieveStatistics@COPOSTotals@@UEAAJPEAPEA_WPEAJ@Z 000000018000e6b0 f   TotalsImpl.obj
 0001:0000d738       ?Rollback@COPOSTotals@@UEAAJPEAJ@Z 000000018000e738 f   TotalsImpl.obj
 0001:0000d760       ?SOProcessID@COPOSTotals@@UEAAJPEAJ@Z 000000018000e760 f   TotalsImpl.obj
 0001:0000d77c       ?SetAll@COPOSTotals@@UEAAJJJPEAJ@Z 000000018000e77c f   TotalsImpl.obj
 0001:0000d848       ?SetCOFreezeEvents@COPOSTotals@@IEAAXF@Z 000000018000e848 f   TotalsImpl.obj
 0001:0000d92c       ?SetOposProp@COPOSTotals@@IEAAJJJJ@Z 000000018000e92c f   TotalsImpl.obj
 0001:0000da8c       ?UpdateFirmware@COPOSTotals@@UEAAJPEA_WPEAJ@Z 000000018000ea8c f   TotalsImpl.obj
 0001:0000db14       ?UpdateStatistics@COPOSTotals@@UEAAJPEA_WPEAJ@Z 000000018000eb14 f   TotalsImpl.obj
 0001:0000db9c       ?ValidateData@COPOSTotals@@UEAAJJPEAJ@Z 000000018000eb9c f   TotalsImpl.obj
 0001:0000dc18       ?Write@COPOSTotals@@UEAAJJPEA_WJJPEAJ@Z 000000018000ec18 f   TotalsImpl.obj
 0001:0000dd24       ?get_BinaryConversion@COPOSTotals@@UEAAJPEAJ@Z 000000018000ed24 f   TotalsImpl.obj
 0001:0000dd38       ?get_CapCompareFirmwareVersion@COPOSTotals@@UEAAJPEAF@Z 000000018000ed38 f   TotalsImpl.obj
 0001:0000dd6c       ?get_CapErrorDetection@COPOSTotals@@UEAAJPEAF@Z 000000018000ed6c f   TotalsImpl.obj
 0001:0000dd9c       ?get_CapPowerReporting@COPOSTotals@@UEAAJPEAJ@Z 000000018000ed9c f   TotalsImpl.obj
 0001:0000ddb0       ?get_CapSingleFile@COPOSTotals@@UEAAJPEAF@Z 000000018000edb0 f   TotalsImpl.obj
 0001:0000dde0       ?get_CapStatisticsReporting@COPOSTotals@@UEAAJPEAF@Z 000000018000ede0 f   TotalsImpl.obj
 0001:0000de14       ?get_CapTransactions@COPOSTotals@@UEAAJPEAF@Z 000000018000ee14 f   TotalsImpl.obj
 0001:0000de44       ?get_CapUpdateFirmware@COPOSTotals@@UEAAJPEAF@Z 000000018000ee44 f   TotalsImpl.obj
 0001:0000de78       ?get_CapUpdateStatistics@COPOSTotals@@UEAAJPEAF@Z 000000018000ee78 f   TotalsImpl.obj
 0001:0000deac       ?get_CheckHealthText@COPOSTotals@@UEAAJPEAPEA_W@Z 000000018000eeac f   TotalsImpl.obj
 0001:0000debc       ?get_Claimed@COPOSTotals@@UEAAJPEAF@Z 000000018000eebc f   TotalsImpl.obj
 0001:0000deec       ?get_ControlObjectDescription@COPOSTotals@@UEAAJPEAPEA_W@Z 000000018000eeec f   TotalsImpl.obj
 0001:0000df50       ?get_ControlObjectVersion@COPOSTotals@@UEAAJPEAJ@Z 000000018000ef50 f   TotalsImpl.obj
 0001:0000df5c       ?get_DeviceDescription@COPOSTotals@@UEAAJPEAPEA_W@Z 000000018000ef5c f   TotalsImpl.obj
 0001:0000df6c       ?get_DeviceEnabled@COPOSTotals@@UEAAJPEAF@Z 000000018000ef6c f   TotalsImpl.obj
 0001:0000df9c       ?get_DeviceName@COPOSTotals@@UEAAJPEAPEA_W@Z 000000018000ef9c f   TotalsImpl.obj
 0001:0000dfac       ?get_FreeData@COPOSTotals@@UEAAJPEAJ@Z 000000018000efac f   TotalsImpl.obj
 0001:0000dfbc       ?get_FreezeEvents@COPOSTotals@@UEAAJPEAF@Z 000000018000efbc f   TotalsImpl.obj
 0001:0000dfec       ?get_NumberOfFiles@COPOSTotals@@UEAAJPEAJ@Z 000000018000efec f   TotalsImpl.obj
 0001:0000dffc       ?get_OpenResult@COPOSTotals@@UEAAJPEAJ@Z 000000018000effc f   TotalsImpl.obj
 0001:0000e008       ?get_PowerNotify@COPOSTotals@@UEAAJPEAJ@Z 000000018000f008 f   TotalsImpl.obj
 0001:0000e01c       ?get_PowerState@COPOSTotals@@UEAAJPEAJ@Z 000000018000f01c f   TotalsImpl.obj
 0001:0000e030       ?get_ResultCode@COPOSTotals@@UEAAJPEAJ@Z 000000018000f030 f   TotalsImpl.obj
 0001:0000e06c       ?get_ResultCodeExtended@COPOSTotals@@UEAAJPEAJ@Z 000000018000f06c f   TotalsImpl.obj
 0001:0000e07c       ?get_ServiceObjectDescription@COPOSTotals@@UEAAJPEAPEA_W@Z 000000018000f07c f   TotalsImpl.obj
 0001:0000e08c       ?get_ServiceObjectVersion@COPOSTotals@@UEAAJPEAJ@Z 000000018000f08c f   TotalsImpl.obj
 0001:0000e09c       ?get_State@COPOSTotals@@UEAAJPEAJ@Z 000000018000f09c f   TotalsImpl.obj
 0001:0000e0c8       ?get_TotalsSize@COPOSTotals@@UEAAJPEAJ@Z 000000018000f0c8 f   TotalsImpl.obj
 0001:0000e0d8       ?get_TransactionInProgress@COPOSTotals@@UEAAJPEAF@Z 000000018000f0d8 f   TotalsImpl.obj
 0001:0000e108       ?put_BinaryConversion@COPOSTotals@@UEAAJJ@Z 000000018000f108 f   TotalsImpl.obj
 0001:0000e11c       ?put_DeviceEnabled@COPOSTotals@@UEAAJF@Z 000000018000f11c f   TotalsImpl.obj
 0001:0000e134       ?put_FreezeEvents@COPOSTotals@@UEAAJF@Z 000000018000f134 f   TotalsImpl.obj
 0001:0000e184       ?put_PowerNotify@COPOSTotals@@UEAAJJ@Z 000000018000f184 f   TotalsImpl.obj
 0001:0000e198       ?s_EventWindowProc@COPOSTotals@@KA_JPEAUHWND__@@I_K_J@Z 000000018000f198 f i TotalsImpl.obj
 0001:0000e214       ??_U@YAPEAX_K@Z            000000018000f214 f   LIBCMT:new_array.obj
 0001:0000e21c       ??_V@YAXPEAX@Z             000000018000f21c f   LIBCMT:delete_array.obj
 0001:0000e21c       ??3@YAXPEAX_K@Z            000000018000f21c f   LIBCMT:delete_scalar_size.obj
 0001:0000e224       ??_V@YAXPEAX_K@Z           000000018000f224 f   LIBCMT:delete_array_size.obj
 0001:0000e22c       __scrt_acquire_startup_lock 000000018000f22c f   LIBCMT:utility.obj
 0001:0000e268       __scrt_dllmain_after_initialize_c 000000018000f268 f   LIBCMT:utility.obj
 0001:0000e29c       __scrt_dllmain_before_initialize_c 000000018000f29c f   LIBCMT:utility.obj
 0001:0000e2b4       __scrt_dllmain_crt_thread_attach 000000018000f2b4 f   LIBCMT:utility.obj
 0001:0000e2dc       __scrt_dllmain_crt_thread_detach 000000018000f2dc f   LIBCMT:utility.obj
 0001:0000e2f4       __scrt_dllmain_exception_filter 000000018000f2f4 f   LIBCMT:utility.obj
 0001:0000e354       __scrt_dllmain_uninitialize_c 000000018000f354 f   LIBCMT:utility.obj
 0001:0000e384       __scrt_dllmain_uninitialize_critical 000000018000f384 f   LIBCMT:utility.obj
 0001:0000e398       __scrt_initialize_crt      000000018000f398 f   LIBCMT:utility.obj
 0001:0000e3e4       __scrt_initialize_onexit_tables 000000018000f3e4 f   LIBCMT:utility.obj
 0001:0000e470       __scrt_is_nonwritable_in_current_image 000000018000f470 f   LIBCMT:utility.obj
 0001:0000e508       __scrt_release_startup_lock 000000018000f508 f   LIBCMT:utility.obj
 0001:0000e52c       __scrt_uninitialize_crt    000000018000f52c f   LIBCMT:utility.obj
 0001:0000e558       _onexit                    000000018000f558 f   LIBCMT:utility.obj
 0001:0000e594       atexit                     000000018000f594 f   LIBCMT:utility.obj
 0001:0000e5ac       ??3@YAXPEAX@Z              000000018000f5ac f   LIBCMT:delete_scalar.obj
 0001:0000e6ac       _Init_thread_footer        000000018000f6ac f   LIBCMT:thread_safe_statics.obj
 0001:0000e70c       _Init_thread_header        000000018000f70c f   LIBCMT:thread_safe_statics.obj
 0001:0000e774       _Init_thread_notify        000000018000f774 f   LIBCMT:thread_safe_statics.obj
 0001:0000e7b8       _Init_thread_wait          000000018000f7b8 f   LIBCMT:thread_safe_statics.obj
 0001:0000e81c       __raise_securityfailure    000000018000f81c f   LIBCMT:gs_report.obj
 0001:0000e850       __report_gsfailure         000000018000f850 f   LIBCMT:gs_report.obj
 0001:0000e924       __report_rangecheckfailure 000000018000f924 f   LIBCMT:gs_report.obj
 0001:0000e938       __report_securityfailure   000000018000f938 f   LIBCMT:gs_report.obj
 0001:0000eab8       ??2@YAPEAX_KAEBUnothrow_t@std@@@Z 000000018000fab8 f   LIBCMT:new_scalar_nothrow.obj
 0001:0000eacc       ??_U@YAPEAX_KAEBUnothrow_t@std@@@Z 000000018000facc f   LIBCMT:new_array_nothrow.obj
 0001:0000ead4       __GSHandlerCheck           000000018000fad4 f   LIBCMT:gshandler.obj
 0001:0000eaf4       __GSHandlerCheckCommon     000000018000faf4 f   LIBCMT:gshandler.obj
 0001:0000eb50       __GSHandlerCheck_SEH       000000018000fb50 f   LIBCMT:gshandlerseh.obj
 0001:0000ebf0       _alloca_probe              000000018000fbf0 f   LIBCMT:chkstk.obj
 0001:0000ebf0       __chkstk                   000000018000fbf0 f   LIBCMT:chkstk.obj
 0001:0000ec60       __security_check_cookie    000000018000fc60 f   LIBCMT:amdsecgs.obj
 0001:0000efa4       _DllMainCRTStartup         000000018000ffa4 f   LIBCMT:dll_dllmain.obj
 0001:0000efe4       ??2@YAPEAX_K@Z             000000018000ffe4 f   LIBCMT:new_scalar.obj
 0001:0000f020       __isa_available_init       0000000180010020 f   LIBCMT:cpu_disp.obj
 0001:0000f1c4       __scrt_is_ucrt_dll_in_use  00000001800101c4 f   LIBCMT:ucrt_detection.obj
 0001:0000f1d0       __crt_debugger_hook        00000001800101d0 f   LIBCMT:utility_desktop.obj
 0001:0000f1d8       __scrt_fastfail            00000001800101d8 f   LIBCMT:utility_desktop.obj
 0001:0000f324       __security_init_cookie     0000000180010324 f   LIBCMT:gs_support.obj
 0001:0000f3d0       ?__scrt_initialize_type_info@@YAXXZ 00000001800103d0 f   LIBCMT:tncleanup.obj
 0001:0000f3e0       ?__scrt_uninitialize_type_info@@YAXXZ 00000001800103e0 f   LIBCMT:tncleanup.obj
 0001:0000f3ec       __local_stdio_scanf_options 00000001800103ec f i LIBCMT:default_local_stdio_options.obj
 0001:0000f3f4       __scrt_initialize_default_local_stdio_options 00000001800103f4 f   LIBCMT:default_local_stdio_options.obj
 0001:0000f410       __scrt_get_dyn_tls_init_callback 0000000180010410 f   LIBCMT:dyn_tls_init.obj
 0001:0000f418       _RTC_Initialize            0000000180010418 f   LIBCMT:initsect.obj
 0001:0000f454       _RTC_Terminate             0000000180010454 f   LIBCMT:initsect.obj
 0001:0000f490       ??0bad_alloc@std@@QEAA@AEBV01@@Z 0000000180010490 f i LIBCMT:throw_bad_alloc.obj
 0001:0000f4cc       ??0bad_alloc@std@@QEAA@XZ  00000001800104cc f i LIBCMT:throw_bad_alloc.obj
 0001:0000f4ec       ??0bad_array_new_length@std@@QEAA@AEBV01@@Z 00000001800104ec f i LIBCMT:throw_bad_alloc.obj
 0001:0000f528       ??0bad_array_new_length@std@@QEAA@XZ 0000000180010528 f i LIBCMT:throw_bad_alloc.obj
 0001:0000f548       ??0exception@std@@QEAA@AEBV01@@Z 0000000180010548 f i LIBCMT:throw_bad_alloc.obj
 0001:0000f57c       ??1bad_exception@std@@UEAA@XZ 000000018001057c f i libvcruntime:frame.obj
 0001:0000f57c       ??1bad_alloc@std@@UEAA@XZ  000000018001057c f i LIBCMT:throw_bad_alloc.obj
 0001:0000f57c       ??1bad_array_new_length@std@@UEAA@XZ 000000018001057c f i LIBCMT:throw_bad_alloc.obj
 0001:0000f590       ??_Gbad_alloc@std@@UEAAPEAXI@Z 0000000180010590 f i LIBCMT:throw_bad_alloc.obj
 0001:0000f590       ??_Gbad_exception@std@@UEAAPEAXI@Z 0000000180010590 f i libvcruntime:frame.obj
 0001:0000f590       ??_Ebad_exception@std@@UEAAPEAXI@Z 0000000180010590 f i libvcruntime:frame.obj
 0001:0000f590       ??_Gbad_array_new_length@std@@UEAAPEAXI@Z 0000000180010590 f i LIBCMT:throw_bad_alloc.obj
 0001:0000f590       ??_Gexception@std@@UEAAPEAXI@Z 0000000180010590 f i LIBCMT:throw_bad_alloc.obj
 0001:0000f590       ??_Ebad_array_new_length@std@@UEAAPEAXI@Z 0000000180010590 f i LIBCMT:throw_bad_alloc.obj
 0001:0000f590       ??_Ebad_alloc@std@@UEAAPEAXI@Z 0000000180010590 f i LIBCMT:throw_bad_alloc.obj
 0001:0000f590       ??_Eexception@std@@UEAAPEAXI@Z 0000000180010590 f i LIBCMT:throw_bad_alloc.obj
 0001:0000f5d4       ?__scrt_throw_std_bad_alloc@@YAXXZ 00000001800105d4 f   LIBCMT:throw_bad_alloc.obj
 0001:0000f5f4       ?__scrt_throw_std_bad_array_new_length@@YAXXZ 00000001800105f4 f   LIBCMT:throw_bad_alloc.obj
 0001:0000f614       ?what@exception@std@@UEBAPEBDXZ 0000000180010614 f i LIBCMT:throw_bad_alloc.obj
 0001:0000f630       ??_Etype_info@@UEAAPEAXI@Z 0000000180010630 f i LIBCMT:std_type_info_static.obj
 0001:0000f630       ??_Gtype_info@@UEAAPEAXI@Z 0000000180010630 f i LIBCMT:std_type_info_static.obj
 0001:0000f65c       ??0CAtlBaseModule@ATL@@QEAA@XZ 000000018001065c f   atls:atlbase.obj
 0001:0000f704       ??1CAtlBaseModule@ATL@@QEAA@XZ 0000000180010704 f   atls:atlbase.obj
 0001:0000f838       ?__AllocStdCallThunk_cmn@@YAPEAXXZ 0000000180010838 f   atls:atlthunk.obj
 0001:0000f990       AtlThunk_AllocateData      0000000180010990 f   atls:atlthunk.obj
 0001:0000fa0c       AtlThunk_DataToCode        0000000180010a0c f   atls:atlthunk.obj
 0001:0000fa60       AtlThunk_FreeData          0000000180010a60 f   atls:atlthunk.obj
 0001:0000fac0       AtlThunk_InitData          0000000180010ac0 f   atls:atlthunk.obj
 0001:0000fb68       _get_purecall_handler      0000000180010b68 f   libvcruntime:purevirt.obj
 0001:0000fb70       _purecall                  0000000180010b70 f   libvcruntime:purevirt.obj
 0001:0000fb8c       wcsstr                     0000000180010b8c f   libvcruntime:wcsstr.obj
 0001:0000fdc0       memcmp                     0000000180010dc0 f   libvcruntime:memcmp.obj
 0001:0000fea0       memcpy_repmovs             0000000180010ea0 f   libvcruntime:memcpy.obj
 0001:0000fec0       memmove                    0000000180010ec0 f   libvcruntime:memcpy.obj
 0001:0000fec0       memcpy                     0000000180010ec0 f   libvcruntime:memcpy.obj
 0001:000102b0       memset_repmovs             00000001800112b0 f   libvcruntime:memset.obj
 0001:000102d0       memset                     00000001800112d0 f   libvcruntime:memset.obj
 0001:00010460       __vcrt_initialize          0000000180011460 f   libvcruntime:initialization.obj
 0001:00010488       __vcrt_thread_attach       0000000180011488 f   libvcruntime:initialization.obj
 0001:0001049c       __vcrt_thread_detach       000000018001149c f   libvcruntime:initialization.obj
 0001:000104b0       __vcrt_uninitialize        00000001800114b0 f   libvcruntime:initialization.obj
 0001:000104cc       __vcrt_uninitialize_critical 00000001800114cc f   libvcruntime:initialization.obj
 0001:000104dc       __C_specific_handler       00000001800114dc f   libvcruntime:riscchandler.obj
 0001:000106e8       ??$_CallSETranslator@V__FrameHandler4@@@@YAHPEAUEHExceptionRecord@@PEA_KPEAU_CONTEXT@@PEAU_xDISPATCHER_CONTEXT@@PEAUFuncInfo4@FH4@@K1H@Z 00000001800116e8 f i libvcruntime:risctrnsctrl.obj
 0001:0001073c       ?DecompFuncInfo@FH4@@YA_JPEAEAEAUFuncInfo4@1@_KH_N@Z 000000018001173c f i libvcruntime:risctrnsctrl.obj
 0001:00010860       ?ExecutionInCatch@__FrameHandler4@@SA_NPEAU_xDISPATCHER_CONTEXT@@PEAUFuncInfo4@FH4@@@Z 0000000180011860 f   libvcruntime:risctrnsctrl.obj
 0001:00010868       ?FrameUnwindToEmptyState@__FrameHandler4@@SAXPEA_KPEAU_xDISPATCHER_CONTEXT@@PEAUFuncInfo4@FH4@@@Z 0000000180011868 f   libvcruntime:risctrnsctrl.obj
 0001:0001089c       ?GetEstablisherFrame@__FrameHandler4@@SAPEA_KPEA_KPEAU_xDISPATCHER_CONTEXT@@PEAUFuncInfo4@FH4@@0@Z 000000018001189c f   libvcruntime:risctrnsctrl.obj
 0001:000108c0       ?GetRangeOfTrysToCheck@__FrameHandler4@@SA?AU?$pair@Viterator@TryBlockMap4@FH4@@V123@@std@@AEAVTryBlockMap4@FH4@@HPEAU_xDISPATCHER_CONTEXT@@PEAUFuncInfo4@5@H@Z 00000001800118c0 f   libvcruntime:risctrnsctrl.obj
 0001:00010a1c       ?UnwindNestedFrames@__FrameHandler4@@SAXPEA_KPEAUEHExceptionRecord@@PEAU_CONTEXT@@0PEAXPEAUFuncInfo4@FH4@@HHPEAUHandlerType4@5@PEAU_xDISPATCHER_CONTEXT@@E@Z 0000000180011a1c f   libvcruntime:risctrnsctrl.obj
 0001:00010b3c       ?setBuffer@TryBlockMap4@FH4@@QEAAXViterator@12@@Z 0000000180011b3c f i libvcruntime:risctrnsctrl.obj
 0001:00010d00       _CreateFrameInfo           0000000180011d00 f   libvcruntime:risctrnsctrl.obj
 0001:00010d3c       _FindAndUnlinkFrame        0000000180011d3c f   libvcruntime:risctrnsctrl.obj
 0001:00010d90       _GetImageBase              0000000180011d90 f   libvcruntime:risctrnsctrl.obj
 0001:00010da4       _GetThrowImageBase         0000000180011da4 f   libvcruntime:risctrnsctrl.obj
 0001:00010db8       _SetImageBase              0000000180011db8 f   libvcruntime:risctrnsctrl.obj
 0001:00010dd0       _SetThrowImageBase         0000000180011dd0 f   libvcruntime:risctrnsctrl.obj
 0001:00010de8       __CxxFrameHandler4         0000000180011de8 f   libvcruntime:risctrnsctrl.obj
 0001:00010ea8       __DestructExceptionObject  0000000180011ea8 f   libvcruntime:ehhelpers.obj
 0001:00010f18       ?_CallMemberFunction0@@YAXQEAX0@Z 0000000180011f18 f i libvcruntime:ehhelpers.obj
 0001:00010f1c       _IsExceptionObjectToBeDestroyed 0000000180011f1c f   libvcruntime:ehhelpers.obj
 0001:00010f4c       __AdjustPointer            0000000180011f4c f   libvcruntime:ehhelpers.obj
 0001:00010f70       __FrameUnwindFilter        0000000180011f70 f   libvcruntime:ehhelpers.obj
 0001:00010fd8       __std_type_info_compare    0000000180011fd8 f   libvcruntime:std_type_info.obj
 0001:00011000       __std_type_info_destroy_list 0000000180012000 f   libvcruntime:std_type_info.obj
 0001:0001102c       __std_exception_copy       000000018001202c f   libvcruntime:std_exception.obj
 0001:000110bc       __std_exception_destroy    00000001800120bc f   libvcruntime:std_exception.obj
 0001:000110e4       _CxxThrowException         00000001800120e4 f   libvcruntime:throw.obj
 0001:00011184       __vcrt_freefls             0000000180012184 f   libvcruntime:per_thread_data.obj
 0001:000111a4       __vcrt_freeptd             00000001800121a4 f   libvcruntime:per_thread_data.obj
 0001:000111f4       __vcrt_getptd              00000001800121f4 f   libvcruntime:per_thread_data.obj
 0001:00011210       __vcrt_getptd_noexit       0000000180012210 f   libvcruntime:per_thread_data.obj
 0001:000112d0       __vcrt_initialize_ptd      00000001800122d0 f   libvcruntime:per_thread_data.obj
 0001:00011318       __vcrt_uninitialize_ptd    0000000180012318 f   libvcruntime:per_thread_data.obj
 0001:0001133c       __vcrt_initialize_locks    000000018001233c f   libvcruntime:locks.obj
[...]
 0004:000017e8       $pdata$__acrt_fp_format    00000001800367e8     libucrt:cvt.obj
 0004:000017f4       $pdata$?fp_format_e_internal@@YAHQEAD_KH_NIQEAU_strflt@@2QEAU__crt_locale_pointers@@@Z 00000001800367f4     libucrt:cvt.obj
 0004:00001800       $pdata$?fp_format_e@@YAHQEBNQEAD_K12H_NIQEAU__crt_locale_pointers@@W4__acrt_rounding_mode@@@Z 0000000180036800     libucrt:cvt.obj
 0004:0000180c       $pdata$?should_round_up@@YA_NQEBN_KFW4__acrt_rounding_mode@@@Z 000000018003680c     libucrt:cvt.obj
 0004:00001818       $pdata$?fp_format_a@@YAHQEBNPEAD_KQEAD2H_NIQEAU__crt_locale_pointers@@W4__acrt_rounding_mode@@@Z 0000000180036818     libucrt:cvt.obj
 0004:00001824       $pdata$?fp_format_f_internal@@YAHQEAD_KHQEAU_strflt@@_NQEAU__crt_locale_pointers@@@Z 0000000180036824     libucrt:cvt.obj
 0004:00001830       $pdata$?fp_format_g@@YAHQEBNQEAD_K12H_NIQEAU__crt_locale_pointers@@@Z 0000000180036830     libucrt:cvt.obj
 0004:0000183c       $pdata$_fileno             000000018003683c     libucrt:fileno.obj
 0004:00001848       $pdata$__acrt_initialize_stdio 0000000180036848     libucrt:_file.obj
 0004:00001854       $pdata$__acrt_uninitialize_stdio 0000000180036854     libucrt:_file.obj
 0004:00001860       $pdata$__acrt_uninitialize_locale 0000000180036860     libucrt:wsetlocale.obj
 0004:0000186c       $pdata$??$?RV<lambda_410d79af7f07d98d83a3f525b3859a53>@@AEAV<lambda_3e16ef9562a7dcce91392c22ab16ea36>@@V<lambda_38119f0e861e05405d8a144b9b982f0a>@@@?$__crt_seh_guarded_call@X@@QEAAX$$QEAV<lambda_410d79af7f07d98d83a3f525b3859a53>@@AEAV<lambda_3e16ef9562a7dcce91392c22ab16ea36>@@$$QEAV<lambda_38119f0e861e05405d8a144b9b982f0a>@@@Z 000000018003686c     libucrt:wsetlocale.obj
 0004:00001878       $pdata$?fin$0@?0???$?RV<lambda_410d79af7f07d98d83a3f525b3859a53>@@AEAV<lambda_3e16ef9562a7dcce91392c22ab16ea36>@@V<lambda_38119f0e861e05405d8a144b9b982f0a>@@@?$__crt_seh_guarded_call@X@@QEAAX$$QEAV<lambda_410d79af7f07d98d83a3f525b3859a53>@@AEAV<lambda_3e16ef9562a7dcce91392c22ab16ea36>@@$$QEAV<lambda_38119f0e861e05405d8a144b9b982f0a>@@@Z@4HA 0000000180036878     libucrt:wsetlocale.obj
 0004:00001884       $pdata$__acrt_initialize_lowio 0000000180036884     libucrt:ioinit.obj
 0004:00001890       $pdata$__acrt_initialize_lowio$fin$0 0000000180036890     libucrt:ioinit.obj
 0004:00001890       $pdata$__acrt_lowio_ensure_fh_exists$fin$0 0000000180036890     libucrt:osfinfo.obj
 0004:0000189c       $pdata$__acrt_uninitialize_lowio 000000018003689c     libucrt:ioinit.obj
 0004:000018a8       $pdata$?initialize_inherited_file_handles_nolock@@YAXXZ 00000001800368a8     libucrt:ioinit.obj
 0004:000018b4       $pdata$?initialize_stdio_handles_nolock@@YAXXZ 00000001800368b4     libucrt:ioinit.obj
 0004:000018c0       $pdata$__acrt_initialize_locks 00000001800368c0     libucrt:locks.obj
 0004:000018cc       $pdata$__acrt_uninitialize_locks 00000001800368cc     libucrt:locks.obj
 0004:000018d8       $pdata$__acrt_get_process_end_policy 00000001800368d8     libucrt:win_policies.obj
 0004:000018e4       $pdata$??$__acrt_mbs_to_wcs_cp@U__crt_win32_buffer_internal_dynamic_resizing@@@@YAHQEBDAEAV?$__crt_win32_buffer@_WU__crt_win32_buffer_internal_dynamic_resizing@@@@I@Z 00000001800368e4     libucrt:argv_wildcards.obj
 0004:000018f0       $pdata$??$__acrt_wcs_to_mbs_cp@U__crt_win32_buffer_internal_dynamic_resizing@@@@YAHQEB_WAEAV?$__crt_win32_buffer@DU__crt_win32_buffer_internal_dynamic_resizing@@@@I@Z 00000001800368f0     libucrt:argv_wildcards.obj
 0004:000018fc       $pdata$??$common_expand_argv_wildcards@D@@YAHQEAPEADQEAPEAPEAD@Z 00000001800368fc     libucrt:argv_wildcards.obj
 0004:00001908       $pdata$??$copy_and_add_argument_to_buffer@D@@YAHQEBD0_KAEAV?$argument_list@D@?A0x5f5c8891@@@Z 0000000180036908     libucrt:argv_wildcards.obj
 0004:00001914       $pdata$??$expand_argument_wildcards@D@@YAHQEAD0AEAV?$argument_list@D@?A0x5f5c8891@@@Z 0000000180036914     libucrt:argv_wildcards.obj
 0004:00001920       $pdata$__acrt_GetModuleFileNameA 0000000180036920     libucrt:getmodulefilenamea.obj
 0004:0000192c       $pdata$??$__acrt_wcs_to_mbs_cp@U__crt_win32_buffer_no_resizing@@@@YAHQEB_WAEAV?$__crt_win32_buffer@DU__crt_win32_buffer_no_resizing@@@@I@Z 000000018003692c     libucrt:getmodulefilenamea.obj
 0004:00001938       $pdata$__acrt_update_thread_multibyte_data 0000000180036938     libucrt:mbctype.obj
 0004:00001944       $pdata$__acrt_initialize_multibyte 0000000180036944     libucrt:mbctype.obj
 0004:00001950       $pdata$_setmbcp_nolock     0000000180036950     libucrt:mbctype.obj
 0004:0000195c       $pdata$?getSystemCP@@YAHH@Z 000000018003695c     libucrt:mbctype.obj
 0004:00001968       $pdata$?setSBCS@@YAXPEAU__crt_multibyte_data@@@Z 0000000180036968     libucrt:mbctype.obj
 0004:00001974       $pdata$?update_thread_multibyte_data_internal@@YAPEAU__crt_multibyte_data@@QEAU__acrt_ptd@@QEAPEAU1@@Z 0000000180036974     libucrt:mbctype.obj
 0004:00001980       $pdata$?fin$0@?0??update_thread_multibyte_data_internal@@YAPEAU__crt_multibyte_data@@QEAU__acrt_ptd@@QEAPEAU1@@Z@4HA 0000000180036980     libucrt:mbctype.obj
 0004:0000198c       $pdata$?setmbcp_internal@@YAHH_NQEAU__acrt_ptd@@QEAPEAU__crt_multibyte_data@@@Z 000000018003698c     libucrt:mbctype.obj
 0004:00001998       $pdata$?setSBUpLow@@YAXPEAU__crt_multibyte_data@@@Z 0000000180036998     libucrt:mbctype.obj
 0004:000019a4       $pdata$??$?RV<lambda_efdfa57d1f175319df784efa44bb7b81>@@AEAV<lambda_5f0a4c1567f8adc6734073e5d1e1b35c>@@V<lambda_2e8a7d3640ea6ccb4c2413664c2db6fd>@@@?$__crt_seh_guarded_call@X@@QEAAX$$QEAV<lambda_efdfa57d1f175319df784efa44bb7b81>@@AEAV<lambda_5f0a4c1567f8adc6734073e5d1e1b35c>@@$$QEAV<lambda_2e8a7d3640ea6ccb4c2413664c2db6fd>@@@Z 00000001800369a4     libucrt:mbctype.obj
 0004:000019b0       $pdata$?x_ismbbtype_l@@YAHPEAU__crt_locale_pointers@@IHH@Z 00000001800369b0     libucrt:ismbbyte.obj
 0004:000019bc       $pdata$__acrt_initialize_command_line 00000001800369bc     libucrt:argv_data.obj
 0004:000019c8       $pdata$__acrt_WideCharToMultiByte 00000001800369c8     libucrt:widechartomultibyte.obj
 0004:000019d4       $pdata$__dcrt_get_narrow_environment_from_os 00000001800369d4     libucrt:get_environment_from_os.obj
 0004:000019e0       $pdata$__acrt_initialize_heap 00000001800369e0     libucrt:heap_handle.obj
 0004:000019ec       $pdata$__acrt_execute_initializers 00000001800369ec     libucrt:shared_initialization.obj
 0004:000019f8       $pdata$__acrt_execute_uninitializers 00000001800369f8     libucrt:shared_initialization.obj
 0004:00001a04       $pdata$__acrt_get_sigabrt_handler 0000000180036a04     libucrt:signal.obj
 0004:00001a10       $pdata$raise               0000000180036a10     libucrt:signal.obj
 0004:00001a1c       $pdata$raise$fin$0         0000000180036a1c     libucrt:signal.obj
 0004:00001a28       $pdata$??$?RV<lambda_450d765d439847d4c735a33c368b5fc0>@@AEAV<lambda_44731a7d0e6d81c3e6aa82d741081786>@@V<lambda_601a2a7da3b7a96e9554ac7215c4b07c>@@@?$__crt_seh_guarded_call@P6AXH@Z@@QEAAP6AXH@Z$$QEAV<lambda_450d765d439847d4c735a33c368b5fc0>@@AEAV<lambda_44731a7d0e6d81c3e6aa82d741081786>@@$$QEAV<lambda_601a2a7da3b7a96e9554ac7215c4b07c>@@@Z 0000000180036a28     libucrt:signal.obj
 0004:00001a34       $pdata$_fflush_nolock      0000000180036a34     libucrt:fflush.obj
 0004:00001a40       $pdata$__acrt_stdio_flush_nolock 0000000180036a40     libucrt:fflush.obj
 0004:00001a4c       $pdata$?common_flush_all@@YAH_N@Z 0000000180036a4c     libucrt:fflush.obj
 0004:00001a58       $pdata$??$?RV<lambda_842d9ff0dc9ef11c61343bbaebe7f885>@@AEAV<lambda_c5860995281e5c4ce005b3de8f5874ee>@@V<lambda_d90129c13df834fdcbf8d2b88dafcf2d>@@@?$__crt_seh_guarded_call@X@@QEAAX$$QEAV<lambda_842d9ff0dc9ef11c61343bbaebe7f885>@@AEAV<lambda_c5860995281e5c4ce005b3de8f5874ee>@@$$QEAV<lambda_d90129c13df834fdcbf8d2b88dafcf2d>@@@Z 0000000180036a58     libucrt:fflush.obj
 0004:00001a64       $pdata$?fin$0@?0???$?RV<lambda_842d9ff0dc9ef11c61343bbaebe7f885>@@AEAV<lambda_c5860995281e5c4ce005b3de8f5874ee>@@V<lambda_d90129c13df834fdcbf8d2b88dafcf2d>@@@?$__crt_seh_guarded_call@X@@QEAAX$$QEAV<lambda_842d9ff0dc9ef11c61343bbaebe7f885>@@AEAV<lambda_c5860995281e5c4ce005b3de8f5874ee>@@$$QEAV<lambda_d90129c13df834fdcbf8d2b88dafcf2d>@@@Z@4HA 0000000180036a64     libucrt:fflush.obj
 0004:00001a70       $pdata$??$?RV<lambda_886d6c58226a84441f68b9f2b8217b83>@@AEAV<lambda_ab61a845afdef5b7c387490eaf3616ee>@@V<lambda_f7f22ab5edc0698d5f6905b0d3f44752>@@@?$__crt_seh_guarded_call@X@@QEAAX$$QEAV<lambda_886d6c58226a84441f68b9f2b8217b83>@@AEAV<lambda_ab61a845afdef5b7c387490eaf3616ee>@@$$QEAV<lambda_f7f22ab5edc0698d5f6905b0d3f44752>@@@Z 0000000180036a70     libucrt:fflush.obj
 0004:00001a7c       $pdata$?fin$0@?0???$?RV<lambda_886d6c58226a84441f68b9f2b8217b83>@@AEAV<lambda_ab61a845afdef5b7c387490eaf3616ee>@@V<lambda_f7f22ab5edc0698d5f6905b0d3f44752>@@@?$__crt_seh_guarded_call@X@@QEAAX$$QEAV<lambda_886d6c58226a84441f68b9f2b8217b83>@@AEAV<lambda_ab61a845afdef5b7c387490eaf3616ee>@@$$QEAV<lambda_f7f22ab5edc0698d5f6905b0d3f44752>@@@Z@4HA 0000000180036a7c     libucrt:fflush.obj
 0004:00001a88       $pdata$__pctype_func       0000000180036a88     libucrt:ctype.obj
 0004:00001a94       $pdata$iswctype            0000000180036a94     libucrt:iswctype.obj
 0004:00001aa0       $pdata$__acrt_release_locale_ref 0000000180036aa0     libucrt:locale_refcounting.obj
 0004:00001aac       $pdata$__acrt_free_locale  0000000180036aac     libucrt:locale_refcounting.obj
 0004:00001ab8       $pdata$__acrt_locale_free_lc_time_if_unreferenced 0000000180036ab8     libucrt:locale_refcounting.obj
 0004:00001ac4       $pdata$__acrt_update_thread_locale_data 0000000180036ac4     libucrt:locale_refcounting.obj
 0004:00001ad0       $pdata$__acrt_update_thread_locale_data$fin$0 0000000180036ad0     libucrt:locale_refcounting.obj
 0004:00001adc       $pdata$_updatetlocinfoEx_nolock 0000000180036adc     libucrt:locale_refcounting.obj
 0004:00001ae8       $pdata$__acrt_DownlevelLocaleNameToLCID 0000000180036ae8     libucrt:lcidtoname_downlevel.obj
 0004:00001af4       $pdata$_isleadbyte_l       0000000180036af4     libucrt:_wctype.obj
 0004:00001b00       $pdata$?__mbrtowc_utf8@__crt_mbstring@@YA_KPEA_WPEBD_KPEAU_Mbstatet@@@Z 0000000180036b00     libucrt:mbrtowc.obj
 0004:00001b0c       $pdata$?__mbsrtowcs_utf8@__crt_mbstring@@YA_KPEA_WPEAPEBD_KPEAU_Mbstatet@@@Z 0000000180036b0c     libucrt:mbrtowc.obj
 0004:00001b18       $pdata$__acrt_fp_strflt_to_string 0000000180036b18     libucrt:_fptostr.obj
 0004:00001b24       $pdata$memcpy_s            0000000180036b24     libucrt:cfout.obj
 0004:00001b30       $pdata$__acrt_fltout       0000000180036b30     libucrt:cfout.obj
 0004:00001b3c       $pdata$?divide@__crt_strtox@@YA_KAEAUbig_integer@1@AEBU21@@Z 0000000180036b3c     libucrt:cfout.obj
 0004:00001b48       $pdata$0$?divide@__crt_strtox@@YA_KAEAUbig_integer@1@AEBU21@@Z 0000000180036b48     libucrt:cfout.obj
 0004:00001b54       $pdata$1$?divide@__crt_strtox@@YA_KAEAUbig_integer@1@AEBU21@@Z 0000000180036b54     libucrt:cfout.obj
 0004:00001b60       $pdata$fegetround          0000000180036b60     libucrt:fegetround.obj
 0004:00001b6c       $pdata$_fcloseall          0000000180036b6c     libucrt:closeall.obj
 0004:00001b78       $pdata$_fcloseall$fin$0    0000000180036b78     libucrt:closeall.obj
 0004:00001b84       $pdata$__acrt_stdio_free_buffer_nolock 0000000180036b84     libucrt:_freebuf.obj
 0004:00001b90       $pdata$_isatty             0000000180036b90     libucrt:isatty.obj
 0004:00001b9c       $pdata$__acrt_locale_free_monetary 0000000180036b9c     libucrt:initmon.obj
 0004:00001ba8       $pdata$__acrt_locale_free_numeric 0000000180036ba8     libucrt:initnum.obj
 0004:00001bb4       $pdata$__acrt_locale_free_time 0000000180036bb4     libucrt:inittime.obj
 0004:00001bc0       $pdata$?free_crt_array_internal@@YAXQEAPEBX_K@Z 0000000180036bc0     libucrt:inittime.obj
 0004:00001bcc       $pdata$__acrt_GetStringTypeA 0000000180036bcc     libucrt:getstringtypea.obj
 0004:00001bd8       $pdata$_get_osfhandle      0000000180036bd8     libucrt:osfinfo.obj
 0004:00001be4       $pdata$_free_osfhnd        0000000180036be4     libucrt:osfinfo.obj
 0004:00001bf0       $pdata$__acrt_lowio_create_handle_array 0000000180036bf0     libucrt:osfinfo.obj
 0004:00001bfc       $pdata$__acrt_lowio_destroy_handle_array 0000000180036bfc     libucrt:osfinfo.obj
 0004:00001c08       $pdata$__acrt_lowio_ensure_fh_exists 0000000180036c08     libucrt:osfinfo.obj
 0004:00001c14       $pdata$qsort               0000000180036c14     libucrt:qsort.obj
 0004:00001c20       $pdata$4$qsort             0000000180036c20     libucrt:qsort.obj
 0004:00001c2c       $pdata$5$qsort             0000000180036c2c     libucrt:qsort.obj
 0004:00001c38       $pdata$strncpy_s           0000000180036c38     libucrt:strncpy_s.obj
 0004:00001c44       $pdata$strpbrk             0000000180036c44     libucrt:strpbrk.obj
 0004:00001c50       $pdata$fallbackMethod      0000000180036c50     libucrt:strpbrk.obj
 0004:00001c5c       $pdata$_mbsdec_l           0000000180036c5c     libucrt:mbsdec.obj
 0004:00001c68       $pdata$__acrt_LCMapStringA 0000000180036c68     libucrt:lcmapstringa.obj
 0004:00001c74       $pdata$?__acrt_LCMapStringA_stat@@YAHPEAU__crt_locale_pointers@@PEB_WKPEBDHPEADHHH@Z 0000000180036c74     libucrt:lcmapstringa.obj
 0004:00001c80       $pdata$?initialize_multibyte@@YAHXZ 0000000180036c80     libucrt:multibyte_initializer.obj
 0004:00001c8c       $pdata$_commit             0000000180036c8c     libucrt:commit.obj
 0004:00001c98       $pdata$??$?RV<lambda_a37b2b86f63e897a80ea819b0eb08c01>@@AEAV<lambda_38ce7e780aa69e748d6df282ebc68efe>@@V<lambda_99fb1378e971ab6e7edea83e3a7a83a2>@@@?$__crt_seh_guarded_call@H@@QEAAH$$QEAV<lambda_a37b2b86f63e897a80ea819b0eb08c01>@@AEAV<lambda_38ce7e780aa69e748d6df282ebc68efe>@@$$QEAV<lambda_99fb1378e971ab6e7edea83e3a7a83a2>@@@Z 0000000180036c98     libucrt:commit.obj
 0004:00001ca4       $pdata$?fin$0@?0???$?RV<lambda_751a882b2c74d4b022dec766aa51a29a>@@AEAV<lambda_628dfdc04ba53c8bfc02c9951375f3f5>@@V<lambda_f6c7be5f7998530c34de24c7437d6b54>@@@?$__crt_seh_guarded_call@H@@QEAAH$$QEAV<lambda_751a882b2c74d4b022dec766aa51a29a>@@AEAV<lambda_628dfdc04ba53c8bfc02c9951375f3f5>@@$$QEAV<lambda_f6c7be5f7998530c34de24c7437d6b54>@@@Z@4HA 0000000180036ca4     libucrt:close.obj
 0004:00001ca4       $pdata$?fin$0@?0???$?RV<lambda_a37b2b86f63e897a80ea819b0eb08c01>@@AEAV<lambda_38ce7e780aa69e748d6df282ebc68efe>@@V<lambda_99fb1378e971ab6e7edea83e3a7a83a2>@@@?$__crt_seh_guarded_call@H@@QEAAH$$QEAV<lambda_a37b2b86f63e897a80ea819b0eb08c01>@@AEAV<lambda_38ce7e780aa69e748d6df282ebc68efe>@@$$QEAV<lambda_99fb1378e971ab6e7edea83e3a7a83a2>@@@Z@4HA 0000000180036ca4     libucrt:commit.obj
 0004:00001cb0       $pdata$_write              0000000180036cb0     libucrt:write.obj
 0004:00001cbc       $pdata$_write$fin$0        0000000180036cbc     libucrt:write.obj
 0004:00001cc8       $pdata$_write_nolock       0000000180036cc8     libucrt:write.obj
 0004:00001cd4       $pdata$?write_double_translated_ansi_nolock@@YA?AUwrite_result@?A0x17268360@@HQEBDI@Z 0000000180036cd4     libucrt:write.obj
 0004:00001ce0       $pdata$?write_text_ansi_nolock@@YA?AUwrite_result@?A0x17268360@@HQEBDI@Z 0000000180036ce0     libucrt:write.obj
 0004:00001cec       $pdata$?write_text_utf16le_nolock@@YA?AUwrite_result@?A0x17268360@@HQEBDI@Z 0000000180036cec     libucrt:write.obj
 0004:00001cf8       $pdata$?write_text_utf8_nolock@@YA?AUwrite_result@?A0x17268360@@HQEBDI@Z 0000000180036cf8     libucrt:write.obj
 0004:00001d04       $pdata$?__mbrtoc32_utf8@__crt_mbstring@@YA_KPEA_UPEBD_KPEAU_Mbstatet@@@Z 0000000180036d04     libucrt:mbrtoc32.obj
 0004:00001d10       $pdata$_controlfp_s        0000000180036d10     libucrt:contrlfp.obj
 0004:00001d1c       $pdata$fegetenv            0000000180036d1c     libucrt:fegetenv.obj
 0004:00001d28       $pdata$fesetenv            0000000180036d28     libucrt:fesetenv.obj
 0004:00001d34       $pdata$feholdexcept        0000000180036d34     libucrt:feholdexcept.obj
 0004:00001d4c       $pdata$__acrt_fenv_set_control 0000000180036d4c     libucrt:_fenvutils.obj
 0004:00001d58       $pdata$??$common_lseek_nolock@_J@@YA_JH_JH@Z 0000000180036d58     libucrt:lseek.obj
 0004:00001d64       $pdata$fclose              0000000180036d64     libucrt:fclose.obj
 0004:00001d70       $pdata$fclose$fin$0        0000000180036d70     libucrt:fclose.obj
 0004:00001d7c       $pdata$_fclose_nolock      0000000180036d7c     libucrt:fclose.obj
 0004:00001d88       $pdata$_putwch_nolock      0000000180036d88     libucrt:putwch.obj
 0004:00001d94       $pdata$_clearfp            0000000180036d94     libucrt:ieee.obj
 0004:00001da0       $pdata$common_control87    0000000180036da0     libucrt:ieee.obj
 0004:00001dac       $pdata$_ctrlfp$filt$0      0000000180036dac     libucrt:fpctrl.obj
 0004:00001dac       $pdata$common_control87$filt$0 0000000180036dac     libucrt:ieee.obj
 0004:00001db8       $pdata$_call_matherr       0000000180036db8     libucrt:libm_error.obj
 0004:00001dc4       $pdata$_exception_enabled  0000000180036dc4     libucrt:libm_error.obj
 0004:00001dd0       $pdata$_handle_error       0000000180036dd0     libucrt:libm_error.obj
 0004:00001ddc       $pdata$__acrt_initialize_fma3 0000000180036ddc     libucrt:fma3_available.obj
 0004:00001de8       $pdata$_log_special_common 0000000180036de8     libucrt:log_special.obj
 0004:00001df4       $pdata$_log10_special      0000000180036df4     libucrt:log_special.obj
 0004:00001e00       $pdata$_close              0000000180036e00     libucrt:close.obj
 0004:00001e0c       $pdata$_close_nolock       0000000180036e0c     libucrt:close.obj
 0004:00001e18       $pdata$??$?RV<lambda_751a882b2c74d4b022dec766aa51a29a>@@AEAV<lambda_628dfdc04ba53c8bfc02c9951375f3f5>@@V<lambda_f6c7be5f7998530c34de24c7437d6b54>@@@?$__crt_seh_guarded_call@H@@QEAAH$$QEAV<lambda_751a882b2c74d4b022dec766aa51a29a>@@AEAV<lambda_628dfdc04ba53c8bfc02c9951375f3f5>@@$$QEAV<lambda_f6c7be5f7998530c34de24c7437d6b54>@@@Z 0000000180036e18     libucrt:close.obj
 0004:00001e24       $pdata$__dcrt_lowio_ensure_console_output_initialized 0000000180036e24     libucrt:initcon.obj
 0004:00001e30       $pdata$__dcrt_write_console 0000000180036e30     libucrt:initcon.obj
 0004:00001e3c       $pdata$__dcrt_terminate_console_output 0000000180036e3c     libucrt:initcon.obj
 0004:00001e54       $pdata$_set_errno_from_matherr 0000000180036e54     libucrt:fpexcept.obj
 0004:00001e60       $pdata$_raise_exc          0000000180036e60     libucrt:fpexcept.obj
 0004:00001e6c       $pdata$_raise_exc_ex       0000000180036e6c     libucrt:fpexcept.obj
 0004:00001e78       $pdata$_clrfp              0000000180036e78     libucrt:fpctrl.obj
 0004:00001e84       $pdata$_ctrlfp             0000000180036e84     libucrt:fpctrl.obj
 0004:00001e90       $pdata$_statfp             0000000180036e90     libucrt:fpctrl.obj
 0004:00001e9c       $pdata$_set_statfp         0000000180036e9c     libucrt:fpctrl.obj
 0004:00001ea8       $pdata$_IsNonwritableInCurrentImage 0000000180036ea8     LIBCMT:pesect.obj
 0004:00001eb4       $pdata$_IsNonwritableInCurrentImage$filt$0 0000000180036eb4     LIBCMT:pesect.obj
 0005:00000000       MoveSmall                  0000000180037000     libvcruntime:memcpy.obj
 0005:00000050       MsetTab                    0000000180037050     libvcruntime:memset.obj
 0006:00000220       $R000000                   0000000180038220     Totals.res
 0006:00000ba0       $R000980                   0000000180038ba0     Totals.res
 0006:00000c88       $R000A68                   0000000180038c88     Totals.res
 0006:00000ef0       $R000CD0                   0000000180038ef0     Totals.res
 0006:00001438       $R001218                   0000000180039438     Totals.res
 0006:00004160       $R003F40                   000000018003c160     Totals.res
 0006:00004190       $R003F70                   000000018003c190     Totals.res
