 OPOSSmartCardRW

 Timestamp is 5c43ffe0 (Sun Jan 20 13:58:08 2019)

 Preferred load address is 0000000180000000

 Start         Length     Name                   Class
 0001:00000000 000000c0H .text$di                CODE
 0001:000000c0 0001fa10H .text$mn                CODE
 0001:0001fad0 00000020H .text$mn$00             CODE
 0001:0001faf0 00000410H .text$x                 CODE
 0001:0001ff00 000000c0H .text$yd                CODE
 0002:00000000 00000620H .idata$5                DATA
 0002:00000620 00000010H .00cfg                  DATA
 0002:00000630 00000008H .CRT$XCA                DATA
 0002:00000638 00000008H .CRT$XCL                DATA
 0002:00000640 00000020H .CRT$XCU                DATA
 0002:00000660 00000008H .CRT$XCZ                DATA
 0002:00000668 00000008H .CRT$XIA                DATA
 0002:00000670 00000020H .CRT$XIC                DATA
 0002:00000690 00000008H .CRT$XIZ                DATA
 0002:00000698 00000008H .CRT$XLA                DATA
 0002:000006a0 00000008H .CRT$XLZ                DATA
 0002:000006a8 00000008H .CRT$XPA                DATA
 0002:000006b0 00000010H .CRT$XPX                DATA
 0002:000006c0 00000008H .CRT$XPXA               DATA
 0002:000006c8 00000008H .CRT$XPZ                DATA
 0002:000006d0 00000008H .CRT$XTA                DATA
 0002:000006d8 00000008H .CRT$XTZ                DATA
 0002:000006e0 00000000H .gfids$x                DATA
 0002:000006e0 00000000H .gfids$y                DATA
 0002:000006e0 0000a240H .rdata                  DATA
 0002:0000a920 00000028H .rdata$T                DATA
 0002:0000a948 00000274H .rdata$r                DATA
 0002:0000abbc 000003fcH .rdata$zzzdbg           DATA
 0002:0000afb8 00000008H .rtc$IAA                DATA
 0002:0000afc0 00000008H .rtc$IZZ                DATA
 0002:0000afc8 00000008H .rtc$TAA                DATA
 0002:0000afd0 00000008H .rtc$TZZ                DATA
 0002:0000afd8 00000004H .tls                    DATA
 0002:0000afdc 00000004H .tls$                   DATA
 0002:0000afe0 00000008H .tls$ZZZ                DATA
 0002:0000afe8 00001650H .xdata                  DATA
 0002:0000c638 00000150H .xdata$x                DATA
 0002:0000c788 00000008H ATL$__a                 DATA
 0002:0000c790 00000010H ATL$__z                 DATA
 0002:0000c7a0 000000acH .edata                  DATA
 0002:0000c84c 00000078H .idata$2                DATA
 0002:0000c8c4 00000014H .idata$3                DATA
 0002:0000c8d8 00000620H .idata$4                DATA
 0002:0000cef8 00000c3aH .idata$6                DATA
 0003:00000000 00000c98H .data                   DATA
 0003:00000c98 000000c8H .data$r                 DATA
 0003:00000d60 000013d4H .bss                    DATA
 0004:00000000 00001ec0H .pdata                  DATA
 0005:00000000 00000220H .rsrc$01                DATA
 0005:00000220 00004380H .rsrc$02                DATA

  Address         Publics by Value              Rva+Base               Lib:Object

 0000:00000000       __guard_fids_count         0000000000000000     <absolute>
 0000:00000000       __guard_longjmp_count      0000000000000000     <absolute>
 0000:00000000       __guard_longjmp_table      0000000000000000     <absolute>
 0000:00000000       __hybrid_code_map          0000000000000000     <absolute>
 0000:00000000       __guard_iat_count          0000000000000000     <absolute>
 0000:00000000       __guard_iat_table          0000000000000000     <absolute>
 0000:00000000       __volatile_metadata        0000000000000000     <absolute>
 0000:00000000       __hybrid_code_map_count    0000000000000000     <absolute>
 0000:00000000       __enclave_config           0000000000000000     <absolute>
 0000:00000000       ___safe_se_handler_count   0000000000000000     <absolute>
 0000:00000000       ___safe_se_handler_table   0000000000000000     <absolute>
 0000:00000000       __guard_fids_table         0000000000000000     <absolute>
 0000:00000000       __hybrid_auxiliary_iat     0000000000000000     <absolute>
 0000:00000000       __dynamic_value_reloc_table 0000000000000000     <absolute>
 0000:00000100       __guard_flags              0000000000000100     <absolute>
 0000:00000000       __ImageBase                0000000180000000     <linker-defined>
 0001:000000c0       ?DupWide@_CW@@AEAAXXZ      00000001800010c0 f   CWString.obj
 0001:000000e8       ?cw_dup@@YAXPEBDAEAHAEAPEA_W1@Z 00000001800010e8 f   CWString.obj
 0001:00000194       ?cw_memcpy@@YAHPEA_WPEBDH@Z 0000000180001194 f   CWString.obj
 0001:000001e0       ?cw_strcpy@@YAHPEA_WPEBD@Z 00000001800011e0 f   CWString.obj
 0001:000001f4       ??0CAtlComModule@ATL@@QEAA@XZ 00000001800011f4 f i OposVariant.obj
 0001:0000027c       ??0CAtlWinModule@ATL@@QEAA@XZ 000000018000127c f i OposVariant.obj
 0001:000002f4       ??0OposDispParms@@QEAA@PEAVOposVariant@@H@Z 00000001800012f4 f   OposVariant.obj
 0001:0000039c       ??1OposDispParms@@QEAA@XZ  000000018000139c f   OposVariant.obj
 0001:000003b4       ??_Estringdispid@CComTypeInfoHolder@ATL@@QEAAPEAXI@Z 00000001800013b4 f i OposVariant.obj
 0001:00000458       ?AtlWinModuleTerm@ATL@@YAJPEAU_ATL_WIN_MODULE70@1@PEAUHINSTANCE__@@@Z 0000000180001458 f i OposVariant.obj
 0001:00000508       ?ChangeBSTR@OposVariant@@QEAAXPEAPEA_WAEAJ@Z 0000000180001508 f   OposVariant.obj
 0001:00000568       ?ChangeLONG@OposVariant@@QEAAXPEAJAEAJ@Z 0000000180001568 f   OposVariant.obj
 0001:000005c4       ?GetLONG@OposVariant@@QEAAJXZ 00000001800015c4 f   OposVariant.obj
 0001:000005e8       ?SetBSTR@OposVariant@@QEAAXPEA_WAEAJ@Z 00000001800015e8 f   OposVariant.obj
 0001:00000628       ?SetBSTR_Copy@OposVariant@@QEAAXPEA_WAEAJ@Z 0000000180001628 f   OposVariant.obj
 0001:00000698       ?SetBSTR_InOutPtr@OposVariant@@QEAA_NPEAPEA_WAEAJ@Z 0000000180001698 f   OposVariant.obj
 0001:000006e8       ?SetDispatch_Ptr@OposVariant@@QEAAXPEAUIDispatch@@AEAJ@Z 00000001800016e8 f   OposVariant.obj
 0001:00000740       ?SetLONG@OposVariant@@QEAAXJ@Z 0000000180001740 f   OposVariant.obj
 0001:00000770       ?SetLONG_Ptr@OposVariant@@QEAAXPEAJAEAJ@Z 0000000180001770 f   OposVariant.obj
 0001:000007bc       ?SetString@OposVariant@@QEAAXPEB_WAEAJ@Z 00000001800017bc f   OposVariant.obj
 0001:00000820       ?SetVARIANT_BOOL@OposVariant@@QEAAXF@Z 0000000180001820 f   OposVariant.obj
 0001:00000858       ?Term@CAtlComModule@ATL@@QEAAXXZ 0000000180001858 f i OposVariant.obj
 0001:000008c8       ?_AtlInitializeCriticalSectionEx@ATL@@YAHPEAU_RTL_CRITICAL_SECTION@@KK@Z 00000001800018c8 f i OposVariant.obj
 0001:000008d0       ?_AtlRaiseException@ATL@@YAXKK@Z 00000001800018d0 f i OposVariant.obj
 0001:000008e0       ?AddRef@?$CComAggObject@VCOPOSSmartCardRW@@@ATL@@UEAAKXZ 00000001800018e0 f i SmartCardRW.obj
 0001:000008ec       ?Release@?$CComAggObject@VCOPOSSmartCardRW@@@ATL@@UEAAKXZ 00000001800018ec f i SmartCardRW.obj
 0001:00000940       ?QueryInterface@?$CComAggObject@VCOPOSSmartCardRW@@@ATL@@UEAAJAEBU_GUID@@PEAPEAX@Z 0000000180001940 f i SmartCardRW.obj
 0001:000009a0       ?AddRef@?$CComContainedObject@VCOPOSSmartCardRW@@@ATL@@UEAAKXZ 00000001800019a0 f i SmartCardRW.obj
 0001:000009b0       ?Release@?$CComContainedObject@VCOPOSSmartCardRW@@@ATL@@UEAAKXZ 00000001800019b0 f i SmartCardRW.obj
 0001:000009c0       ?QueryInterface@?$CComContainedObject@VCOPOSSmartCardRW@@@ATL@@UEAAJAEBU_GUID@@PEAPEAX@Z 00000001800019c0 f i SmartCardRW.obj
 0001:000009d0       ??_E?$CComAggObject@VCOPOSSmartCardRW@@@ATL@@UEAAPEAXI@Z 00000001800019d0 f i SmartCardRW.obj
 0001:000009d0       ??_G?$CComAggObject@VCOPOSSmartCardRW@@@ATL@@UEAAPEAXI@Z 00000001800019d0 f i SmartCardRW.obj
 0001:00000a28       ?AddRef@?$CComObject@VCOPOSSmartCardRW@@@ATL@@UEAAKXZ 0000000180001a28 f i SmartCardRW.obj
 0001:00000a38       ?Release@?$CComObject@VCOPOSSmartCardRW@@@ATL@@UEAAKXZ 0000000180001a38 f i SmartCardRW.obj
 0001:00000a90       ?QueryInterface@?$CComObject@VCOPOSSmartCardRW@@@ATL@@UEAAJAEBU_GUID@@PEAPEAX@Z 0000000180001a90 f i SmartCardRW.obj
 0001:00000aa4       _guard_check_icall_nop     0000000180001aa4 f i LIBCMT:guard_support.obj
 0001:00000aa4       ?OnFinalMessage@?$CWindowImplBaseT@VCWindow@ATL@@V?$CWinTraits@$0FGAAAAAA@$0A@@2@@ATL@@UEAAXPEAUHWND__@@@Z 0000000180001aa4 f i SmartCardRW.obj
 0001:00000aa4       ?ObjectMain@CComObjectRootBase@ATL@@SAX_N@Z 0000000180001aa4 f i SmartCardRW.obj
 0001:00000aa8       ?SetHostNames@?$IOleObjectImpl@VCOPOSSmartCardRW@@@ATL@@UEAAJPEB_W0@Z 0000000180001aa8 f i SmartCardRW.obj
 0001:00000aa8       ?IsUpToDate@?$IOleObjectImpl@VCOPOSSmartCardRW@@@ATL@@UEAAJXZ 0000000180001aa8 f i SmartCardRW.obj
 0001:00000aa8       ?GetObjectDescription@?$CComCoClass@VCOPOSSmartCardRW@@$1?CLSID_OPOSSmartCardRW@@3U_GUID@@B@ATL@@SAPEB_WXZ 0000000180001aa8 f i SmartCardRW.obj
 0001:00000aa8       ?OnAmbientPropertyChange@?$IOleControlImpl@VCOPOSSmartCardRW@@@ATL@@UEAAJJ@Z 0000000180001aa8 f i SmartCardRW.obj
 0001:00000aa8       ?SaveCompleted@?$IPersistStorageImpl@VCOPOSSmartCardRW@@@ATL@@UEAAJPEAUIStorage@@@Z 0000000180001aa8 f i SmartCardRW.obj
 0001:00000aa8       ?Update@?$IOleObjectImpl@VCOPOSSmartCardRW@@@ATL@@UEAAJXZ 0000000180001aa8 f i SmartCardRW.obj
 0001:00000aa8       ?EnableModeless@?$IOleInPlaceActiveObjectImpl@VCOPOSSmartCardRW@@@ATL@@UEAAJH@Z 0000000180001aa8 f i SmartCardRW.obj
 0001:00000aa8       ?HandsOffStorage@?$IPersistStorageImpl@VCOPOSSmartCardRW@@@ATL@@UEAAJXZ 0000000180001aa8 f i SmartCardRW.obj
 0001:00000aa8       ?OnFrameWindowActivate@?$IOleInPlaceActiveObjectImpl@VCOPOSSmartCardRW@@@ATL@@UEAAJH@Z 0000000180001aa8 f i SmartCardRW.obj
 0001:00000aa8       ?GetCategoryMap@CComObjectRootBase@ATL@@SAPEBU_ATL_CATMAP_ENTRY@2@XZ 0000000180001aa8 f i SmartCardRW.obj
 0001:00000aa8       ?ResizeBorder@?$IOleInPlaceActiveObjectImpl@VCOPOSSmartCardRW@@@ATL@@UEAAJPEBUtagRECT@@PEAUIOleInPlaceUIWindow@@H@Z 0000000180001aa8 f i SmartCardRW.obj
 0001:00000aa8       ?Release@CRegObject@ATL@@UEAAKXZ 0000000180001aa8 f i SmartCardRW.obj
 0001:00000aac       ?OnDrawAdvanced@CComControlBase@ATL@@UEAAJAEAUATL_DRAWINFO@@@Z 0000000180001aac f i SmartCardRW.obj
 0001:00000bcc       ?CreateInstance@CComClassFactory@ATL@@UEAAJPEAUIUnknown@@AEBU_GUID@@PEAPEAX@Z 0000000180001bcc f i SmartCardRW.obj
 0001:00000c2c       ?LockServer@CComClassFactory@ATL@@UEAAJH@Z 0000000180001c2c f i SmartCardRW.obj
 0001:00000c50       ??_GCComClassFactory@ATL@@UEAAPEAXI@Z 0000000180001c50 f i SmartCardRW.obj
 0001:00000c50       ??_ECComClassFactory@ATL@@UEAAPEAXI@Z 0000000180001c50 f i SmartCardRW.obj
 0001:00000ca0       ?Next@?$CComEnumImpl@UIEnumConnections@@$1?_GUID_b196b287_bab4_101a_b69c_00aa00341d07@@3U__s_GUID@@BUtagCONNECTDATA@@V?$_Copy@UtagCONNECTDATA@@@ATL@@@ATL@@UEAAJKPEAUtagCONNECTDATA@@PEAK@Z 0000000180001ca0 f i SmartCardRW.obj
 0001:00000d74       ?Skip@?$CComEnumImpl@UIEnumConnections@@$1?_GUID_b196b287_bab4_101a_b69c_00aa00341d07@@3U__s_GUID@@BUtagCONNECTDATA@@V?$_Copy@UtagCONNECTDATA@@@ATL@@@ATL@@UEAAJK@Z 0000000180001d74 f i SmartCardRW.obj
 0001:00000da0       ?Reset@?$CComEnumImpl@UIEnumConnections@@$1?_GUID_b196b287_bab4_101a_b69c_00aa00341d07@@3U__s_GUID@@BUtagCONNECTDATA@@V?$_Copy@UtagCONNECTDATA@@@ATL@@@ATL@@UEAAJXZ 0000000180001da0 f i SmartCardRW.obj
 0001:00000da0       ?Reset@?$CComEnumImpl@UIEnumConnectionPoints@@$1?_GUID_b196b285_bab4_101a_b69c_00aa00341d07@@3U__s_GUID@@BPEAUIConnectionPoint@@V?$_CopyInterface@UIConnectionPoint@@@ATL@@@ATL@@UEAAJXZ 0000000180001da0 f i SmartCardRW.obj
 0001:00000dac       ?Clone@?$CComEnumImpl@UIEnumConnections@@$1?_GUID_b196b287_bab4_101a_b69c_00aa00341d07@@3U__s_GUID@@BUtagCONNECTDATA@@V?$_Copy@UtagCONNECTDATA@@@ATL@@@ATL@@UEAAJPEAPEAUIEnumConnections@@@Z 0000000180001dac f i SmartCardRW.obj
 0001:00000ed4       ?AddRef@?$CComObject@V?$CComEnum@UIEnumConnectionPoints@@$1?_GUID_b196b285_bab4_101a_b69c_00aa00341d07@@3U__s_GUID@@BPEAUIConnectionPoint@@V?$_CopyInterface@UIConnectionPoint@@@ATL@@VCComSingleThreadModel@6@@ATL@@@ATL@@UEAAKXZ 0000000180001ed4 f i SmartCardRW.obj
 0001:00000ed4       ?AddRef@?$CComObject@V?$CComEnum@UIEnumConnections@@$1?_GUID_b196b287_bab4_101a_b69c_00aa00341d07@@3U__s_GUID@@BUtagCONNECTDATA@@V?$_Copy@UtagCONNECTDATA@@@ATL@@VCComSingleThreadModel@6@@ATL@@@ATL@@UEAAKXZ 0000000180001ed4 f i SmartCardRW.obj
 0001:00000ee0       ?Release@?$CComObject@V?$CComEnum@UIEnumConnectionPoints@@$1?_GUID_b196b285_bab4_101a_b69c_00aa00341d07@@3U__s_GUID@@BPEAUIConnectionPoint@@V?$_CopyInterface@UIConnectionPoint@@@ATL@@VCComSingleThreadModel@6@@ATL@@@ATL@@UEAAKXZ 0000000180001ee0 f i SmartCardRW.obj
 0001:00000ee0       ?Release@?$CComObject@V?$CComEnum@UIEnumConnections@@$1?_GUID_b196b287_bab4_101a_b69c_00aa00341d07@@3U__s_GUID@@BUtagCONNECTDATA@@V?$_Copy@UtagCONNECTDATA@@@ATL@@VCComSingleThreadModel@6@@ATL@@@ATL@@UEAAKXZ 0000000180001ee0 f i SmartCardRW.obj
 0001:00000f34       ?QueryInterface@?$CComObject@V?$CComEnum@UIEnumConnections@@$1?_GUID_b196b287_bab4_101a_b69c_00aa00341d07@@3U__s_GUID@@BUtagCONNECTDATA@@V?$_Copy@UtagCONNECTDATA@@@ATL@@VCComSingleThreadModel@6@@ATL@@@ATL@@UEAAJAEBU_GUID@@PEAPEAX@Z 0000000180001f34 f i SmartCardRW.obj
 0001:00000f48       ??_G?$CComObject@V?$CComEnum@UIEnumConnections@@$1?_GUID_b196b287_bab4_101a_b69c_00aa00341d07@@3U__s_GUID@@BUtagCONNECTDATA@@V?$_Copy@UtagCONNECTDATA@@@ATL@@VCComSingleThreadModel@6@@ATL@@@ATL@@UEAAPEAXI@Z 0000000180001f48 f i SmartCardRW.obj
 0001:00000f48       ??_E?$CComObject@V?$CComEnum@UIEnumConnections@@$1?_GUID_b196b287_bab4_101a_b69c_00aa00341d07@@3U__s_GUID@@BUtagCONNECTDATA@@V?$_Copy@UtagCONNECTDATA@@@ATL@@VCComSingleThreadModel@6@@ATL@@@ATL@@UEAAPEAXI@Z 0000000180001f48 f i SmartCardRW.obj
 0001:00000fa0       ??_E?$CComObject@VCOPOSSmartCardRW@@@ATL@@W7EAAPEAXI@Z 0000000180001fa0 f i SmartCardRW.obj
 0001:00000fac       ??_E?$CComObject@VCOPOSSmartCardRW@@@ATL@@WHA@EAAPEAXI@Z 0000000180001fac f i SmartCardRW.obj
 0001:00000fb8       ?QueryInterface@?$CComObject@VCOPOSSmartCardRW@@@ATL@@WLI@EAAJAEBU_GUID@@PEAPEAX@Z 0000000180001fb8 f i SmartCardRW.obj
 0001:00000fc4       ?AddRef@?$CComObject@VCOPOSSmartCardRW@@@ATL@@WLI@EAAKXZ 0000000180001fc4 f i SmartCardRW.obj
 0001:00000fd0       ?Release@?$CComObject@VCOPOSSmartCardRW@@@ATL@@WLI@EAAKXZ 0000000180001fd0 f i SmartCardRW.obj
 0001:00000fdc       ?QueryInterface@?$CComObject@VCOPOSSmartCardRW@@@ATL@@WMA@EAAJAEBU_GUID@@PEAPEAX@Z 0000000180001fdc f i SmartCardRW.obj
 0001:00000fe8       ?AddRef@?$CComObject@VCOPOSSmartCardRW@@@ATL@@WMA@EAAKXZ 0000000180001fe8 f i SmartCardRW.obj
 0001:00000ff4       ?Release@?$CComObject@VCOPOSSmartCardRW@@@ATL@@WMA@EAAKXZ 0000000180001ff4 f i SmartCardRW.obj
 0001:00001000       ?QueryInterface@?$CComObject@VCOPOSSmartCardRW@@@ATL@@WMI@EAAJAEBU_GUID@@PEAPEAX@Z 0000000180002000 f i SmartCardRW.obj
 0001:0000100c       ?AddRef@?$CComObject@VCOPOSSmartCardRW@@@ATL@@WMI@EAAKXZ 000000018000200c f i SmartCardRW.obj
 0001:00001018       ?Release@?$CComObject@VCOPOSSmartCardRW@@@ATL@@WMI@EAAKXZ 0000000180002018 f i SmartCardRW.obj
 0001:00001024       ?QueryInterface@?$CComObject@VCOPOSSmartCardRW@@@ATL@@WNA@EAAJAEBU_GUID@@PEAPEAX@Z 0000000180002024 f i SmartCardRW.obj
 0001:00001030       ?AddRef@?$CComObject@VCOPOSSmartCardRW@@@ATL@@WNA@EAAKXZ 0000000180002030 f i SmartCardRW.obj
 0001:0000103c       ?Release@?$CComObject@VCOPOSSmartCardRW@@@ATL@@WNA@EAAKXZ 000000018000203c f i SmartCardRW.obj
 0001:00001048       ?QueryInterface@?$CComObject@VCOPOSSmartCardRW@@@ATL@@WNI@EAAJAEBU_GUID@@PEAPEAX@Z 0000000180002048 f i SmartCardRW.obj
 0001:00001054       ?AddRef@?$CComObject@VCOPOSSmartCardRW@@@ATL@@WNI@EAAKXZ 0000000180002054 f i SmartCardRW.obj
 0001:00001060       ?Release@?$CComObject@VCOPOSSmartCardRW@@@ATL@@WNI@EAAKXZ 0000000180002060 f i SmartCardRW.obj
 0001:0000106c       ?QueryInterface@?$CComObject@VCOPOSSmartCardRW@@@ATL@@WOA@EAAJAEBU_GUID@@PEAPEAX@Z 000000018000206c f i SmartCardRW.obj
 0001:00001078       ?AddRef@?$CComObject@VCOPOSSmartCardRW@@@ATL@@WOA@EAAKXZ 0000000180002078 f i SmartCardRW.obj
 0001:00001084       ?Release@?$CComObject@VCOPOSSmartCardRW@@@ATL@@WOA@EAAKXZ 0000000180002084 f i SmartCardRW.obj
 0001:00001090       ?QueryInterface@?$CComObject@VCOPOSSmartCardRW@@@ATL@@WOI@EAAJAEBU_GUID@@PEAPEAX@Z 0000000180002090 f i SmartCardRW.obj
 0001:0000109c       ?AddRef@?$CComObject@VCOPOSSmartCardRW@@@ATL@@WOI@EAAKXZ 000000018000209c f i SmartCardRW.obj
 0001:000010a8       ?Release@?$CComObject@VCOPOSSmartCardRW@@@ATL@@WOI@EAAKXZ 00000001800020a8 f i SmartCardRW.obj
 0001:000010b4       ?QueryInterface@?$CComObject@VCOPOSSmartCardRW@@@ATL@@WPA@EAAJAEBU_GUID@@PEAPEAX@Z 00000001800020b4 f i SmartCardRW.obj
 0001:000010c0       ?AddRef@?$CComObject@VCOPOSSmartCardRW@@@ATL@@WPA@EAAKXZ 00000001800020c0 f i SmartCardRW.obj
 0001:000010cc       ?Release@?$CComObject@VCOPOSSmartCardRW@@@ATL@@WPA@EAAKXZ 00000001800020cc f i SmartCardRW.obj
 0001:000010d8       ?QueryInterface@?$CComObject@VCOPOSSmartCardRW@@@ATL@@WPI@EAAJAEBU_GUID@@PEAPEAX@Z 00000001800020d8 f i SmartCardRW.obj
 0001:000010e4       ?AddRef@?$CComObject@VCOPOSSmartCardRW@@@ATL@@WPI@EAAKXZ 00000001800020e4 f i SmartCardRW.obj
 0001:000010f0       ?Release@?$CComObject@VCOPOSSmartCardRW@@@ATL@@WPI@EAAKXZ 00000001800020f0 f i SmartCardRW.obj
 0001:000010fc       ?QueryInterface@?$CComObject@VCOPOSSmartCardRW@@@ATL@@WBAA@EAAJAEBU_GUID@@PEAPEAX@Z 00000001800020fc f i SmartCardRW.obj
 0001:00001108       ?AddRef@?$CComObject@VCOPOSSmartCardRW@@@ATL@@WBAA@EAAKXZ 0000000180002108 f i SmartCardRW.obj
 0001:00001114       ?Release@?$CComObject@VCOPOSSmartCardRW@@@ATL@@WBAA@EAAKXZ 0000000180002114 f i SmartCardRW.obj
 0001:00001120       ?QueryInterface@?$CComObject@VCOPOSSmartCardRW@@@ATL@@WBAI@EAAJAEBU_GUID@@PEAPEAX@Z 0000000180002120 f i SmartCardRW.obj
 0001:0000112c       ?AddRef@?$CComObject@VCOPOSSmartCardRW@@@ATL@@WBAI@EAAKXZ 000000018000212c f i SmartCardRW.obj
 0001:00001138       ?Release@?$CComObject@VCOPOSSmartCardRW@@@ATL@@WBAI@EAAKXZ 0000000180002138 f i SmartCardRW.obj
 0001:00001144       ?QueryInterface@?$CComObject@VCOPOSSmartCardRW@@@ATL@@WBBA@EAAJAEBU_GUID@@PEAPEAX@Z 0000000180002144 f i SmartCardRW.obj
 0001:00001150       ?AddRef@?$CComObject@VCOPOSSmartCardRW@@@ATL@@WBBA@EAAKXZ 0000000180002150 f i SmartCardRW.obj
 0001:0000115c       ?Release@?$CComObject@VCOPOSSmartCardRW@@@ATL@@WBBA@EAAKXZ 000000018000215c f i SmartCardRW.obj
 0001:00001168       ?QueryInterface@?$CComObject@VCOPOSSmartCardRW@@@ATL@@WBBI@EAAJAEBU_GUID@@PEAPEAX@Z 0000000180002168 f i SmartCardRW.obj
 0001:00001174       ?AddRef@?$CComObject@VCOPOSSmartCardRW@@@ATL@@WBBI@EAAKXZ 0000000180002174 f i SmartCardRW.obj
 0001:00001180       ?Release@?$CComObject@VCOPOSSmartCardRW@@@ATL@@WBBI@EAAKXZ 0000000180002180 f i SmartCardRW.obj
 0001:0000118c       ?AddRef@?$CComObject@VCOPOSSmartCardRW@@@ATL@@WBCI@EAAKXZ 000000018000218c f i SmartCardRW.obj
 0001:00001198       ?Release@?$CComObject@VCOPOSSmartCardRW@@@ATL@@WBCI@EAAKXZ 0000000180002198 f i SmartCardRW.obj
 0001:000011a4       ?AddRef@?$CComObject@VCOPOSSmartCardRW@@@ATL@@WBEA@EAAKXZ 00000001800021a4 f i SmartCardRW.obj
 0001:000011b0       ?Release@?$CComObject@VCOPOSSmartCardRW@@@ATL@@WBEA@EAAKXZ 00000001800021b0 f i SmartCardRW.obj
 0001:000011bc       ??_E?$CComContainedObject@VCOPOSSmartCardRW@@@ATL@@W7EAAPEAXI@Z 00000001800021bc f i SmartCardRW.obj
 0001:000011c8       ??_E?$CComContainedObject@VCOPOSSmartCardRW@@@ATL@@WHA@EAAPEAXI@Z 00000001800021c8 f i SmartCardRW.obj
 0001:000011d4       ?QueryInterface@?$CComContainedObject@VCOPOSSmartCardRW@@@ATL@@WLI@EAAJAEBU_GUID@@PEAPEAX@Z 00000001800021d4 f i SmartCardRW.obj
 0001:000011e0       ?AddRef@?$CComContainedObject@VCOPOSSmartCardRW@@@ATL@@WLI@EAAKXZ 00000001800021e0 f i SmartCardRW.obj
 0001:000011ec       ?Release@?$CComContainedObject@VCOPOSSmartCardRW@@@ATL@@WLI@EAAKXZ 00000001800021ec f i SmartCardRW.obj
 0001:000011f8       ?QueryInterface@?$CComContainedObject@VCOPOSSmartCardRW@@@ATL@@WMA@EAAJAEBU_GUID@@PEAPEAX@Z 00000001800021f8 f i SmartCardRW.obj
 0001:00001204       ?AddRef@?$CComContainedObject@VCOPOSSmartCardRW@@@ATL@@WMA@EAAKXZ 0000000180002204 f i SmartCardRW.obj
 0001:00001210       ?Release@?$CComContainedObject@VCOPOSSmartCardRW@@@ATL@@WMA@EAAKXZ 0000000180002210 f i SmartCardRW.obj
 0001:0000121c       ?QueryInterface@?$CComContainedObject@VCOPOSSmartCardRW@@@ATL@@WMI@EAAJAEBU_GUID@@PEAPEAX@Z 000000018000221c f i SmartCardRW.obj
 0001:00001228       ?AddRef@?$CComContainedObject@VCOPOSSmartCardRW@@@ATL@@WMI@EAAKXZ 0000000180002228 f i SmartCardRW.obj
 0001:00001234       ?Release@?$CComContainedObject@VCOPOSSmartCardRW@@@ATL@@WMI@EAAKXZ 0000000180002234 f i SmartCardRW.obj
 0001:00001240       ?QueryInterface@?$CComContainedObject@VCOPOSSmartCardRW@@@ATL@@WNA@EAAJAEBU_GUID@@PEAPEAX@Z 0000000180002240 f i SmartCardRW.obj
 0001:0000124c       ?AddRef@?$CComContainedObject@VCOPOSSmartCardRW@@@ATL@@WNA@EAAKXZ 000000018000224c f i SmartCardRW.obj
 0001:00001258       ?Release@?$CComContainedObject@VCOPOSSmartCardRW@@@ATL@@WNA@EAAKXZ 0000000180002258 f i SmartCardRW.obj
 0001:00001264       ?QueryInterface@?$CComContainedObject@VCOPOSSmartCardRW@@@ATL@@WNI@EAAJAEBU_GUID@@PEAPEAX@Z 0000000180002264 f i SmartCardRW.obj
 0001:00001270       ?AddRef@?$CComContainedObject@VCOPOSSmartCardRW@@@ATL@@WNI@EAAKXZ 0000000180002270 f i SmartCardRW.obj
 0001:0000127c       ?Release@?$CComContainedObject@VCOPOSSmartCardRW@@@ATL@@WNI@EAAKXZ 000000018000227c f i SmartCardRW.obj
 0001:00001288       ?QueryInterface@?$CComContainedObject@VCOPOSSmartCardRW@@@ATL@@WOA@EAAJAEBU_GUID@@PEAPEAX@Z 0000000180002288 f i SmartCardRW.obj
 0001:00001294       ?AddRef@?$CComContainedObject@VCOPOSSmartCardRW@@@ATL@@WOA@EAAKXZ 0000000180002294 f i SmartCardRW.obj
 0001:000012a0       ?Release@?$CComContainedObject@VCOPOSSmartCardRW@@@ATL@@WOA@EAAKXZ 00000001800022a0 f i SmartCardRW.obj
 0001:000012ac       ?QueryInterface@?$CComContainedObject@VCOPOSSmartCardRW@@@ATL@@WOI@EAAJAEBU_GUID@@PEAPEAX@Z 00000001800022ac f i SmartCardRW.obj
 0001:000012b8       ?AddRef@?$CComContainedObject@VCOPOSSmartCardRW@@@ATL@@WOI@EAAKXZ 00000001800022b8 f i SmartCardRW.obj
 0001:000012c4       ?Release@?$CComContainedObject@VCOPOSSmartCardRW@@@ATL@@WOI@EAAKXZ 00000001800022c4 f i SmartCardRW.obj
 0001:000012d0       ?QueryInterface@?$CComContainedObject@VCOPOSSmartCardRW@@@ATL@@WPA@EAAJAEBU_GUID@@PEAPEAX@Z 00000001800022d0 f i SmartCardRW.obj
 0001:000012dc       ?AddRef@?$CComContainedObject@VCOPOSSmartCardRW@@@ATL@@WPA@EAAKXZ 00000001800022dc f i SmartCardRW.obj
 0001:000012e8       ?Release@?$CComContainedObject@VCOPOSSmartCardRW@@@ATL@@WPA@EAAKXZ 00000001800022e8 f i SmartCardRW.obj
 0001:000012f4       ?QueryInterface@?$CComContainedObject@VCOPOSSmartCardRW@@@ATL@@WPI@EAAJAEBU_GUID@@PEAPEAX@Z 00000001800022f4 f i SmartCardRW.obj
 0001:00001300       ?AddRef@?$CComContainedObject@VCOPOSSmartCardRW@@@ATL@@WPI@EAAKXZ 0000000180002300 f i SmartCardRW.obj
 0001:0000130c       ?Release@?$CComContainedObject@VCOPOSSmartCardRW@@@ATL@@WPI@EAAKXZ 000000018000230c f i SmartCardRW.obj
 0001:00001318       ?QueryInterface@?$CComContainedObject@VCOPOSSmartCardRW@@@ATL@@WBAA@EAAJAEBU_GUID@@PEAPEAX@Z 0000000180002318 f i SmartCardRW.obj
 0001:00001324       ?AddRef@?$CComContainedObject@VCOPOSSmartCardRW@@@ATL@@WBAA@EAAKXZ 0000000180002324 f i SmartCardRW.obj
 0001:00001330       ?Release@?$CComContainedObject@VCOPOSSmartCardRW@@@ATL@@WBAA@EAAKXZ 0000000180002330 f i SmartCardRW.obj
 0001:0000133c       ?QueryInterface@?$CComContainedObject@VCOPOSSmartCardRW@@@ATL@@WBAI@EAAJAEBU_GUID@@PEAPEAX@Z 000000018000233c f i SmartCardRW.obj
 0001:00001348       ?AddRef@?$CComContainedObject@VCOPOSSmartCardRW@@@ATL@@WBAI@EAAKXZ 0000000180002348 f i SmartCardRW.obj
 0001:00001354       ?Release@?$CComContainedObject@VCOPOSSmartCardRW@@@ATL@@WBAI@EAAKXZ 0000000180002354 f i SmartCardRW.obj
 0001:00001360       ?QueryInterface@?$CComContainedObject@VCOPOSSmartCardRW@@@ATL@@WBBA@EAAJAEBU_GUID@@PEAPEAX@Z 0000000180002360 f i SmartCardRW.obj
 0001:0000136c       ?AddRef@?$CComContainedObject@VCOPOSSmartCardRW@@@ATL@@WBBA@EAAKXZ 000000018000236c f i SmartCardRW.obj
 0001:00001378       ?Release@?$CComContainedObject@VCOPOSSmartCardRW@@@ATL@@WBBA@EAAKXZ 0000000180002378 f i SmartCardRW.obj
 0001:00001384       ?QueryInterface@?$CComContainedObject@VCOPOSSmartCardRW@@@ATL@@WBBI@EAAJAEBU_GUID@@PEAPEAX@Z 0000000180002384 f i SmartCardRW.obj
 0001:00001390       ?AddRef@?$CComContainedObject@VCOPOSSmartCardRW@@@ATL@@WBBI@EAAKXZ 0000000180002390 f i SmartCardRW.obj
 0001:0000139c       ?Release@?$CComContainedObject@VCOPOSSmartCardRW@@@ATL@@WBBI@EAAKXZ 000000018000239c f i SmartCardRW.obj
 0001:000013a8       ?AddRef@?$CComContainedObject@VCOPOSSmartCardRW@@@ATL@@WBCI@EAAKXZ 00000001800023a8 f i SmartCardRW.obj
 0001:000013b4       ?Release@?$CComContainedObject@VCOPOSSmartCardRW@@@ATL@@WBCI@EAAKXZ 00000001800023b4 f i SmartCardRW.obj
 0001:000013c0       ?AddRef@?$CComContainedObject@VCOPOSSmartCardRW@@@ATL@@WBEA@EAAKXZ 00000001800023c0 f i SmartCardRW.obj
 0001:000013cc       ?Release@?$CComContainedObject@VCOPOSSmartCardRW@@@ATL@@WBEA@EAAKXZ 00000001800023cc f i SmartCardRW.obj
 0001:000013d8       ?Lock@CAtlModule@ATL@@UEAAJXZ 00000001800023d8 f i SmartCardRW.obj
 0001:000013e8       ?Unlock@CAtlModule@ATL@@UEAAJXZ 00000001800023e8 f i SmartCardRW.obj
 0001:000013f4       ?GetLockCount@CAtlModule@ATL@@UEAAJXZ 00000001800023f4 f i SmartCardRW.obj
 0001:000013f8       ?GetGITPtr@CAtlModule@ATL@@UEAAJPEAPEAUIGlobalInterfaceTable@@@Z 00000001800023f8 f i SmartCardRW.obj
 0001:00001468       ?AddCommonRGSReplacements@?$CAtlModuleT@VCComModule@ATL@@@ATL@@UEAAJPEAUIRegistrarBase@@@Z 0000000180002468 f i SmartCardRW.obj
 0001:00001480       ?GetWindowProc@?$CWindowImplBaseT@VCWindow@ATL@@V?$CWinTraits@$0FGAAAAAA@$0A@@2@@ATL@@UEAAP6A_JPEAUHWND__@@I_K_J@ZXZ 0000000180002480 f i SmartCardRW.obj
 0001:00001488       ?StartWindowProc@?$CWindowImplBaseT@VCWindow@ATL@@V?$CWinTraits@$0FGAAAAAA@$0A@@2@@ATL@@SA_JPEAUHWND__@@I_K_J@Z 0000000180002488 f i SmartCardRW.obj
 0001:0000154c       ?UpdateRegistryFromResourceD@CComModule@ATL@@UEAAJPEB_WHPEAU_ATL_REGMAP_ENTRY@2@@Z 000000018000254c f i SmartCardRW.obj
 0001:0000154c       ?UpdateRegistryFromResourceD@CComModule@ATL@@UEAAJIHPEAU_ATL_REGMAP_ENTRY@2@@Z 000000018000254c f i SmartCardRW.obj
 0001:00001554       ?UpdateRegistryFromResource@CComModule@ATL@@UEAAJPEB_WHPEAU_ATL_REGMAP_ENTRY@2@@Z 0000000180002554 f i SmartCardRW.obj
 0001:0000155c       ?UpdateRegistryFromResource@CComModule@ATL@@UEAAJIHPEAU_ATL_REGMAP_ENTRY@2@@Z 000000018000255c f i SmartCardRW.obj
 0001:00001564       ??_GCComModule@ATL@@UEAAPEAXI@Z 0000000180002564 f i SmartCardRW.obj
 0001:00001564       ??_ECComModule@ATL@@UEAAPEAXI@Z 0000000180002564 f i SmartCardRW.obj
 0001:000015e4       ?GetTypeInfoCount@?$IDispatchImpl@UIOPOSSmartCardRW@@$1?IID_IOPOSSmartCardRW@@3U_GUID@@B$1?LIBID_OposSmartCardRW_CCO@@3U3@B$00$0A@VCComTypeInfoHolder@ATL@@@ATL@@UEAAJPEAI@Z 00000001800025e4 f i SmartCardRW.obj
 0001:000015f8       ?GetTypeInfo@?$IDispatchImpl@UIOPOSSmartCardRW@@$1?IID_IOPOSSmartCardRW@@3U_GUID@@B$1?LIBID_OposSmartCardRW_CCO@@3U3@B$00$0A@VCComTypeInfoHolder@ATL@@@ATL@@UEAAJIKPEAPEAUITypeInfo@@@Z 00000001800025f8 f i SmartCardRW.obj
 0001:0000165c       ?GetIDsOfNames@?$IDispatchImpl@UIOPOSSmartCardRW@@$1?IID_IOPOSSmartCardRW@@3U_GUID@@B$1?LIBID_OposSmartCardRW_CCO@@3U3@B$00$0A@VCComTypeInfoHolder@ATL@@@ATL@@UEAAJAEBU_GUID@@PEAPEA_WIKPEAJ@Z 000000018000265c f i SmartCardRW.obj
 0001:00001668       ?Invoke@?$IDispatchImpl@UIOPOSSmartCardRW@@$1?IID_IOPOSSmartCardRW@@3U_GUID@@B$1?LIBID_OposSmartCardRW_CCO@@3U3@B$00$0A@VCComTypeInfoHolder@ATL@@@ATL@@UEAAJJAEBU_GUID@@KGPEAUtagDISPPARAMS@@PEAUtagVARIANT@@PEAUtagEXCEPINFO@@PEAI@Z 0000000180002668 f i SmartCardRW.obj
 0001:000016f8       ?CreateControlWindow@?$CComControl@VCOPOSSmartCardRW@@V?$CWindowImpl@VCOPOSSmartCardRW@@VCWindow@ATL@@V?$CWinTraits@$0FGAAAAAA@$0A@@3@@ATL@@@ATL@@UEAAPEAUHWND__@@PEAU3@AEAUtagRECT@@@Z 00000001800026f8 f i SmartCardRW.obj
 0001:00001730       ?ControlQueryInterface@?$CComControl@VCOPOSSmartCardRW@@V?$CWindowImpl@VCOPOSSmartCardRW@@VCWindow@ATL@@V?$CWinTraits@$0FGAAAAAA@$0A@@3@@ATL@@@ATL@@UEAAJAEBU_GUID@@PEAPEAX@Z 0000000180002730 f i SmartCardRW.obj
 0001:00001744       ?GetUserClassID@?$IOleObjectImpl@VCOPOSSmartCardRW@@@ATL@@UEAAJPEAU_GUID@@@Z 0000000180002744 f i SmartCardRW.obj
 0001:00001744       ?GetClassID@?$IPersistStreamInitImpl@VCOPOSSmartCardRW@@@ATL@@UEAAJPEAU_GUID@@@Z 0000000180002744 f i SmartCardRW.obj
 0001:00001744       ?GetClassID@?$IPersistStorageImpl@VCOPOSSmartCardRW@@@ATL@@UEAAJPEAU_GUID@@@Z 0000000180002744 f i SmartCardRW.obj
 0001:00001760       ?IsDirty@?$IPersistStreamInitImpl@VCOPOSSmartCardRW@@@ATL@@UEAAJXZ 0000000180002760 f i SmartCardRW.obj
 0001:0000177c       ?Load@?$IPersistStreamInitImpl@VCOPOSSmartCardRW@@@ATL@@UEAAJPEAUIStream@@@Z 000000018000277c f i SmartCardRW.obj
 0001:000017cc       ?Save@?$IPersistStreamInitImpl@VCOPOSSmartCardRW@@@ATL@@UEAAJPEAUIStream@@H@Z 00000001800027cc f i SmartCardRW.obj
 0001:00001830       ?GetSizeMax@?$IPersistStreamInitImpl@VCOPOSSmartCardRW@@@ATL@@UEAAJPEAT_ULARGE_INTEGER@@@Z 0000000180002830 f i SmartCardRW.obj
 0001:00001a5c       ?InitNew@?$IPersistStreamInitImpl@VCOPOSSmartCardRW@@@ATL@@UEAAJXZ 0000000180002a5c f i SmartCardRW.obj
 0001:00001a74       ?ContextSensitiveHelp@?$IOleInPlaceObjectWindowlessImpl@VCOPOSSmartCardRW@@@ATL@@UEAAJH@Z 0000000180002a74 f i SmartCardRW.obj
 0001:00001a74       ?GetCanonicalFormatEtc@?$IDataObjectImpl@VCOPOSSmartCardRW@@@ATL@@UEAAJPEAUtagFORMATETC@@0@Z 0000000180002a74 f i SmartCardRW.obj
 0001:00001a74       ?QueryInterface@CRegObject@ATL@@UEAAJAEBU_GUID@@PEAPEAX@Z 0000000180002a74 f i SmartCardRW.obj
 0001:00001a74       ?GetDropTarget@?$IOleInPlaceObjectWindowlessImpl@VCOPOSSmartCardRW@@@ATL@@UEAAJPEAPEAUIDropTarget@@@Z 0000000180002a74 f i SmartCardRW.obj
 0001:00001a74       ?ReactivateAndUndo@?$IOleInPlaceObjectWindowlessImpl@VCOPOSSmartCardRW@@@ATL@@UEAAJXZ 0000000180002a74 f i SmartCardRW.obj
 0001:00001a74       ?Freeze@?$IViewObjectExImpl@VCOPOSSmartCardRW@@@ATL@@UEAAJKJPEAXPEAK@Z 0000000180002a74 f i SmartCardRW.obj
 0001:00001a74       ?EnumFormatEtc@?$IDataObjectImpl@VCOPOSSmartCardRW@@@ATL@@UEAAJKPEAPEAUIEnumFORMATETC@@@Z 0000000180002a74 f i SmartCardRW.obj
 0001:00001a74       ?GetColorSet@?$IViewObjectExImpl@VCOPOSSmartCardRW@@@ATL@@UEAAJKJPEAXPEAUtagDVTARGETDEVICE@@PEAUHDC__@@PEAPEAUtagLOGPALETTE@@@Z 0000000180002a74 f i SmartCardRW.obj
 0001:00001a74       ?GetClipboardData@?$IOleObjectImpl@VCOPOSSmartCardRW@@@ATL@@UEAAJKPEAPEAUIDataObject@@@Z 0000000180002a74 f i SmartCardRW.obj
 0001:00001a74       ?GetMoniker@?$IOleObjectImpl@VCOPOSSmartCardRW@@@ATL@@UEAAJKKPEAPEAUIMoniker@@@Z 0000000180002a74 f i SmartCardRW.obj
 0001:00001a74       ?QueryGetData@?$IDataObjectImpl@VCOPOSSmartCardRW@@@ATL@@UEAAJPEAUtagFORMATETC@@@Z 0000000180002a74 f i SmartCardRW.obj
 0001:00001a74       ?SetColorScheme@?$IOleObjectImpl@VCOPOSSmartCardRW@@@ATL@@UEAAJPEAUtagLOGPALETTE@@@Z 0000000180002a74 f i SmartCardRW.obj
 0001:00001a74       ?SetMoniker@?$IOleObjectImpl@VCOPOSSmartCardRW@@@ATL@@UEAAJKPEAUIMoniker@@@Z 0000000180002a74 f i SmartCardRW.obj
 0001:00001a74       ?ContextSensitiveHelp@?$IOleInPlaceActiveObjectImpl@VCOPOSSmartCardRW@@@ATL@@UEAAJH@Z 0000000180002a74 f i SmartCardRW.obj
 0001:00001a74       ?InitFromData@?$IOleObjectImpl@VCOPOSSmartCardRW@@@ATL@@UEAAJPEAUIDataObject@@HK@Z 0000000180002a74 f i SmartCardRW.obj
 0001:00001a74       ?GetRect@?$IViewObjectExImpl@VCOPOSSmartCardRW@@@ATL@@UEAAJKPEAU_RECTL@@@Z 0000000180002a74 f i SmartCardRW.obj
 0001:00001a74       ?OnMnemonic@?$IOleControlImpl@VCOPOSSmartCardRW@@@ATL@@UEAAJPEAUtagMSG@@@Z 0000000180002a74 f i SmartCardRW.obj
 0001:00001a74       ?SetData@?$IDataObjectImpl@VCOPOSSmartCardRW@@@ATL@@UEAAJPEAUtagFORMATETC@@PEAUtagSTGMEDIUM@@H@Z 0000000180002a74 f i SmartCardRW.obj
 0001:00001a74       ?GetControlInfo@?$IOleControlImpl@VCOPOSSmartCardRW@@@ATL@@UEAAJPEAUtagCONTROLINFO@@@Z 0000000180002a74 f i SmartCardRW.obj
 0001:00001a74       ?GetDataHere@?$IDataObjectImpl@VCOPOSSmartCardRW@@@ATL@@UEAAJPEAUtagFORMATETC@@PEAUtagSTGMEDIUM@@@Z 0000000180002a74 f i SmartCardRW.obj
 0001:00001a74       ?Unfreeze@?$IViewObjectExImpl@VCOPOSSmartCardRW@@@ATL@@UEAAJK@Z 0000000180002a74 f i SmartCardRW.obj
 0001:00001a7c       ?SetClientSite@?$IOleObjectImpl@VCOPOSSmartCardRW@@@ATL@@UEAAJPEAUIOleClientSite@@@Z 0000000180002a7c f i SmartCardRW.obj
 0001:00001a98       ?GetClientSite@?$IOleObjectImpl@VCOPOSSmartCardRW@@@ATL@@UEAAJPEAPEAUIOleClientSite@@@Z 0000000180002a98 f i SmartCardRW.obj
 0001:00001ae0       ?Close@?$IOleObjectImpl@VCOPOSSmartCardRW@@@ATL@@UEAAJK@Z 0000000180002ae0 f i SmartCardRW.obj
 0001:00001afc       ?DoVerb@?$IOleObjectImpl@VCOPOSSmartCardRW@@@ATL@@UEAAJJPEAUtagMSG@@PEAUIOleClientSite@@JPEAUHWND__@@PEBUtagRECT@@@Z 0000000180002afc f i SmartCardRW.obj
 0001:00001ca0       ?EnumVerbs@?$IOleObjectImpl@VCOPOSSmartCardRW@@@ATL@@UEAAJPEAPEAUIEnumOLEVERB@@@Z 0000000180002ca0 f i SmartCardRW.obj
 0001:00001cbc       ?GetUserType@?$IOleObjectImpl@VCOPOSSmartCardRW@@@ATL@@UEAAJKPEAPEA_W@Z 0000000180002cbc f i SmartCardRW.obj
 0001:00001ccc       ?SetExtent@?$IOleObjectImpl@VCOPOSSmartCardRW@@@ATL@@UEAAJKPEAUtagSIZE@@@Z 0000000180002ccc f i SmartCardRW.obj
 0001:00001ce8       ?GetExtent@?$IOleObjectImpl@VCOPOSSmartCardRW@@@ATL@@UEAAJKPEAUtagSIZE@@@Z 0000000180002ce8 f i SmartCardRW.obj
 0001:00001d18       ?Advise@?$IOleObjectImpl@VCOPOSSmartCardRW@@@ATL@@UEAAJPEAUIAdviseSink@@PEAK@Z 0000000180002d18 f i SmartCardRW.obj
 0001:00001d74       ?Unadvise@?$IOleObjectImpl@VCOPOSSmartCardRW@@@ATL@@UEAAJK@Z 0000000180002d74 f i SmartCardRW.obj
 0001:00001dac       ?EnumAdvise@?$IOleObjectImpl@VCOPOSSmartCardRW@@@ATL@@UEAAJPEAPEAUIEnumSTATDATA@@@Z 0000000180002dac f i SmartCardRW.obj
 0001:00001df4       ?GetMiscStatus@?$IOleObjectImpl@VCOPOSSmartCardRW@@@ATL@@UEAAJKPEAK@Z 0000000180002df4 f i SmartCardRW.obj
 0001:00001e04       ?GetWindow@?$IOleInPlaceActiveObjectImpl@VCOPOSSmartCardRW@@@ATL@@UEAAJPEAPEAUHWND__@@@Z 0000000180002e04 f i SmartCardRW.obj
 0001:00001e58       ?TranslateAcceleratorW@?$IOleInPlaceActiveObjectImpl@VCOPOSSmartCardRW@@@ATL@@UEAAJPEAUtagMSG@@@Z 0000000180002e58 f i SmartCardRW.obj
 0001:00001f4c       ?OnDocWindowActivate@?$IOleInPlaceActiveObjectImpl@VCOPOSSmartCardRW@@@ATL@@UEAAJH@Z 0000000180002f4c f i SmartCardRW.obj
 0001:00001f78       ?Draw@?$IViewObjectExImpl@VCOPOSSmartCardRW@@@ATL@@UEAAJKJPEAXPEAUtagDVTARGETDEVICE@@PEAUHDC__@@2PEBU_RECTL@@3P6AH_K@Z4@Z 0000000180002f78 f i SmartCardRW.obj
 0001:00001fdc       ?SetAdvise@?$IViewObjectExImpl@VCOPOSSmartCardRW@@@ATL@@UEAAJKKPEAUIAdviseSink@@@Z 0000000180002fdc f i SmartCardRW.obj
 0001:00002030       ?GetAdvise@?$IViewObjectExImpl@VCOPOSSmartCardRW@@@ATL@@UEAAJPEAK0PEAPEAUIAdviseSink@@@Z 0000000180003030 f i SmartCardRW.obj
 0001:0000206c       ?GetExtent@?$IViewObjectExImpl@VCOPOSSmartCardRW@@@ATL@@UEAAJKJPEAUtagDVTARGETDEVICE@@PEAUtagSIZE@@@Z 000000018000306c f i SmartCardRW.obj
 0001:0000209c       ?GetViewStatus@?$IViewObjectExImpl@VCOPOSSmartCardRW@@@ATL@@UEAAJPEAK@Z 000000018000309c f i SmartCardRW.obj
 0001:000020b0       ?QueryHitPoint@?$IViewObjectExImpl@VCOPOSSmartCardRW@@@ATL@@UEAAJKPEBUtagRECT@@UtagPOINT@@JPEAK@Z 00000001800030b0 f i SmartCardRW.obj
 0001:000020f4       ?QueryHitRect@?$IViewObjectExImpl@VCOPOSSmartCardRW@@@ATL@@UEAAJKPEBUtagRECT@@0JPEAK@Z 00000001800030f4 f i SmartCardRW.obj
 0001:0000215c       ?GetNaturalExtent@?$IViewObjectExImpl@VCOPOSSmartCardRW@@@ATL@@UEAAJKJPEAUtagDVTARGETDEVICE@@PEAUHDC__@@PEAUtagExtentInfo@@PEAUtagSIZE@@@Z 000000018000315c f i SmartCardRW.obj
 0001:000021a4       ?GetWindow@?$IOleInPlaceObjectWindowlessImpl@VCOPOSSmartCardRW@@@ATL@@UEAAJPEAPEAUHWND__@@@Z 00000001800031a4 f i SmartCardRW.obj
 0001:000021f8       ?InPlaceDeactivate@?$IOleInPlaceObjectWindowlessImpl@VCOPOSSmartCardRW@@@ATL@@UEAAJXZ 00000001800031f8 f i SmartCardRW.obj
 0001:00002214       ?UIDeactivate@?$IOleInPlaceObjectWindowlessImpl@VCOPOSSmartCardRW@@@ATL@@UEAAJXZ 0000000180003214 f i SmartCardRW.obj
 0001:00002230       ?SetObjectRects@?$IOleInPlaceObjectWindowlessImpl@VCOPOSSmartCardRW@@@ATL@@UEAAJPEBUtagRECT@@0@Z 0000000180003230 f i SmartCardRW.obj
 0001:0000224c       ?OnWindowMessage@?$IOleInPlaceObjectWindowlessImpl@VCOPOSSmartCardRW@@@ATL@@UEAAJI_K_JPEA_J@Z 000000018000324c f i SmartCardRW.obj
 0001:00002314       ?EnumConnectionPoints@?$IConnectionPointContainerImpl@VCOPOSSmartCardRW@@@ATL@@UEAAJPEAPEAUIEnumConnectionPoints@@@Z 0000000180003314 f i SmartCardRW.obj
 0001:0000255c       ?FindConnectionPoint@?$IConnectionPointContainerImpl@VCOPOSSmartCardRW@@@ATL@@UEAAJAEBU_GUID@@PEAPEAUIConnectionPoint@@@Z 000000018000355c f i SmartCardRW.obj
 0001:0000262c       ?IsDirty@?$IPersistStorageImpl@VCOPOSSmartCardRW@@@ATL@@UEAAJXZ 000000018000362c f i SmartCardRW.obj
 0001:00002670       ?InitNew@?$IPersistStorageImpl@VCOPOSSmartCardRW@@@ATL@@UEAAJPEAUIStorage@@@Z 0000000180003670 f i SmartCardRW.obj
 0001:000026b4       ?Load@?$IPersistStorageImpl@VCOPOSSmartCardRW@@@ATL@@UEAAJPEAUIStorage@@@Z 00000001800036b4 f i SmartCardRW.obj
 0001:00002754       ?Save@?$IPersistStorageImpl@VCOPOSSmartCardRW@@@ATL@@UEAAJPEAUIStorage@@H@Z 0000000180003754 f i SmartCardRW.obj
 0001:00002804       ?GetPages@?$ISpecifyPropertyPagesImpl@VCOPOSSmartCardRW@@@ATL@@UEAAJPEAUtagCAUUID@@@Z 0000000180003804 f i SmartCardRW.obj
 0001:00002810       ?QuickActivate@?$IQuickActivateImpl@VCOPOSSmartCardRW@@@ATL@@UEAAJPEAUtagQACONTAINER@@PEAUtagQACONTROL@@@Z 0000000180003810 f i SmartCardRW.obj
 0001:0000282c       ?SetContentExtent@?$IQuickActivateImpl@VCOPOSSmartCardRW@@@ATL@@UEAAJPEAUtagSIZE@@@Z 000000018000382c f i SmartCardRW.obj
 0001:00002860       ?GetContentExtent@?$IQuickActivateImpl@VCOPOSSmartCardRW@@@ATL@@UEAAJPEAUtagSIZE@@@Z 0000000180003860 f i SmartCardRW.obj
 0001:00002898       ?GetData@?$IDataObjectImpl@VCOPOSSmartCardRW@@@ATL@@UEAAJPEAUtagFORMATETC@@PEAUtagSTGMEDIUM@@@Z 0000000180003898 f i SmartCardRW.obj
 0001:000028b4       ?DAdvise@?$IDataObjectImpl@VCOPOSSmartCardRW@@@ATL@@UEAAJPEAUtagFORMATETC@@KPEAUIAdviseSink@@PEAK@Z 00000001800038b4 f i SmartCardRW.obj
 0001:0000293c       ?DUnadvise@?$IDataObjectImpl@VCOPOSSmartCardRW@@@ATL@@UEAAJK@Z 000000018000393c f i SmartCardRW.obj
 0001:00002968       ?EnumDAdvise@?$IDataObjectImpl@VCOPOSSmartCardRW@@@ATL@@UEAAJPEAPEAUIEnumSTATDATA@@@Z 0000000180003968 f i SmartCardRW.obj
 0001:000029a4       ?GetClassInfoW@?$IProvideClassInfo2Impl@$1?CLSID_OPOSSmartCardRW@@3U_GUID@@B$1?DIID__IOPOSSmartCardRWEvents@@3U2@B$1?LIBID_OposSmartCardRW_CCO@@3U2@B$00$0A@VCComTypeInfoHolder@ATL@@@ATL@@UEAAJPEAPEAUITypeInfo@@@Z 00000001800039a4 f i SmartCardRW.obj
 0001:000029fc       ?GetGUID@?$IProvideClassInfo2Impl@$1?CLSID_OPOSSmartCardRW@@3U_GUID@@B$1?DIID__IOPOSSmartCardRWEvents@@3U2@B$1?LIBID_OposSmartCardRW_CCO@@3U2@B$00$0A@VCComTypeInfoHolder@ATL@@@ATL@@UEAAJKPEAU_GUID@@@Z 00000001800039fc f i SmartCardRW.obj
 0001:00002a30       ?AddRef@CRegObject@ATL@@UEAAKXZ 0000000180003a30 f i SmartCardRW.obj
 0001:00002a30       _get_startup_argv_mode     0000000180003a30 f i LIBCMT:argv_mode.obj
 0001:00002a30       ?FAccessAllowed@?$IObjectSafetyImpl@VCOPOSSmartCardRW@@$02@ATL@@MEAAHXZ 0000000180003a30 f i SmartCardRW.obj
 0001:00002a38       ?GetInterfaceSafetyOptions@?$IObjectSafetyImpl@VCOPOSSmartCardRW@@$02@ATL@@UEAAJAEBU_GUID@@PEAK1@Z 0000000180003a38 f i SmartCardRW.obj
 0001:00002acc       ?SetInterfaceSafetyOptions@?$IObjectSafetyImpl@VCOPOSSmartCardRW@@$02@ATL@@UEAAJAEBU_GUID@@KK@Z 0000000180003acc f i SmartCardRW.obj
 0001:00002b70       ?_LocCPQueryInterface@?$IConnectionPointImpl@VCOPOSSmartCardRW@@$1?DIID__IOPOSSmartCardRWEvents@@3U_GUID@@BVCComDynamicUnkArray@ATL@@@ATL@@UEAAJAEBU_GUID@@PEAPEAX@Z 0000000180003b70 f i SmartCardRW.obj
 0001:00002b70       ?_LocCPQueryInterface@?$IConnectionPointImpl@VCOPOSSmartCardRW@@$1?IID_IPropertyNotifySink@@3U_GUID@@BVCComDynamicUnkArray@ATL@@@ATL@@UEAAJAEBU_GUID@@PEAPEAX@Z 0000000180003b70 f i SmartCardRW.obj
 0001:00002be4       ?GetConnectionInterface@?$IConnectionPointImpl@VCOPOSSmartCardRW@@$1?IID_IPropertyNotifySink@@3U_GUID@@BVCComDynamicUnkArray@ATL@@@ATL@@UEAAJPEAU_GUID@@@Z 0000000180003be4 f i SmartCardRW.obj
 0001:00002c00       ?GetConnectionPointContainer@?$IConnectionPointImpl@VCOPOSSmartCardRW@@$1?IID_IPropertyNotifySink@@3U_GUID@@BVCComDynamicUnkArray@ATL@@@ATL@@UEAAJPEAPEAUIConnectionPointContainer@@@Z 0000000180003c00 f i SmartCardRW.obj
 0001:00002c20       ?Advise@?$IConnectionPointImpl@VCOPOSSmartCardRW@@$1?IID_IPropertyNotifySink@@3U_GUID@@BVCComDynamicUnkArray@ATL@@@ATL@@UEAAJPEAUIUnknown@@PEAK@Z 0000000180003c20 f i SmartCardRW.obj
 0001:00002c20       ?Advise@?$IConnectionPointImpl@VCOPOSSmartCardRW@@$1?DIID__IOPOSSmartCardRWEvents@@3U_GUID@@BVCComDynamicUnkArray@ATL@@@ATL@@UEAAJPEAUIUnknown@@PEAK@Z 0000000180003c20 f i SmartCardRW.obj
 0001:00002ce0       ?Unadvise@?$IConnectionPointImpl@VCOPOSSmartCardRW@@$1?IID_IPropertyNotifySink@@3U_GUID@@BVCComDynamicUnkArray@ATL@@@ATL@@UEAAJK@Z 0000000180003ce0 f i SmartCardRW.obj
 0001:00002ce0       ?Unadvise@?$IConnectionPointImpl@VCOPOSSmartCardRW@@$1?DIID__IOPOSSmartCardRWEvents@@3U_GUID@@BVCComDynamicUnkArray@ATL@@@ATL@@UEAAJK@Z 0000000180003ce0 f i SmartCardRW.obj
 0001:00002d5c       ?EnumConnections@?$IConnectionPointImpl@VCOPOSSmartCardRW@@$1?DIID__IOPOSSmartCardRWEvents@@3U_GUID@@BVCComDynamicUnkArray@ATL@@@ATL@@UEAAJPEAPEAUIEnumConnections@@@Z 0000000180003d5c f i SmartCardRW.obj
 0001:00002d5c       ?EnumConnections@?$IConnectionPointImpl@VCOPOSSmartCardRW@@$1?IID_IPropertyNotifySink@@3U_GUID@@BVCComDynamicUnkArray@ATL@@@ATL@@UEAAJPEAPEAUIEnumConnections@@@Z 0000000180003d5c f i SmartCardRW.obj
 0001:00002f04       ?GetConnectionInterface@?$IConnectionPointImpl@VCOPOSSmartCardRW@@$1?DIID__IOPOSSmartCardRWEvents@@3U_GUID@@BVCComDynamicUnkArray@ATL@@@ATL@@UEAAJPEAU_GUID@@@Z 0000000180003f04 f i SmartCardRW.obj
 0001:00002f20       ?GetConnectionPointContainer@?$IConnectionPointImpl@VCOPOSSmartCardRW@@$1?DIID__IOPOSSmartCardRWEvents@@3U_GUID@@BVCComDynamicUnkArray@ATL@@@ATL@@UEAAJPEAPEAUIConnectionPointContainer@@@Z 0000000180003f20 f i SmartCardRW.obj
 0001:00002f40       ?UpdateRegistry@COPOSSmartCardRW@@SAJH@Z 0000000180003f40 f i SmartCardRW.obj
 0001:00002f58       ?ProcessWindowMessage@COPOSSmartCardRW@@UEAAHPEAUHWND__@@I_K_JAEA_JK@Z 0000000180003f58 f i SmartCardRW.obj
 0001:00002fe0       ?SOData@COPOSSmartCardRW@@MEAAJJ@Z 0000000180003fe0 f i SmartCardRW.obj
 0001:00003030       ?SODirectIO@COPOSSmartCardRW@@MEAAJJPEAJPEAPEA_W@Z 0000000180004030 f i SmartCardRW.obj
 0001:000030a8       ?SOError@COPOSSmartCardRW@@MEAAJJJJPEAJ@Z 00000001800040a8 f i SmartCardRW.obj
 0001:00003130       ?SOOutputComplete@COPOSSmartCardRW@@MEAAJJ@Z 0000000180004130 f i SmartCardRW.obj
 0001:00003180       ?SOStatusUpdate@COPOSSmartCardRW@@MEAAJJ@Z 0000000180004180 f i SmartCardRW.obj
 0001:000031d0       ?AddReplacement@CRegObject@ATL@@UEAAJPEB_W0@Z 00000001800041d0 f i SmartCardRW.obj
 0001:00003200       ?ClearReplacements@CRegObject@ATL@@UEAAJXZ 0000000180004200 f i SmartCardRW.obj
 0001:0000320c       ??_ECRegObject@ATL@@UEAAPEAXI@Z 000000018000420c f i SmartCardRW.obj
 0001:0000320c       ??_GCRegObject@ATL@@UEAAPEAXI@Z 000000018000420c f i SmartCardRW.obj
 0001:0000328c       ?CreateInstance@?$CComCreator@V?$CComObjectCached@VCComClassFactory@ATL@@@ATL@@@ATL@@SAJPEAXAEBU_GUID@@PEAPEAX@Z 000000018000428c f i SmartCardRW.obj
 0001:00003390       ?CreateInstance@?$CComCreator2@V?$CComCreator@V?$CComObject@VCOPOSSmartCardRW@@@ATL@@@ATL@@V?$CComCreator@V?$CComAggObject@VCOPOSSmartCardRW@@@ATL@@@2@@ATL@@SAJPEAXAEBU_GUID@@PEAPEAX@Z 0000000180004390 f i SmartCardRW.obj
 0001:000033a0       ?Next@?$CComEnumImpl@UIEnumConnectionPoints@@$1?_GUID_b196b285_bab4_101a_b69c_00aa00341d07@@3U__s_GUID@@BPEAUIConnectionPoint@@V?$_CopyInterface@UIConnectionPoint@@@ATL@@@ATL@@UEAAJKPEAPEAUIConnectionPoint@@PEAK@Z 00000001800043a0 f i SmartCardRW.obj
 0001:0000346c       ?Skip@?$CComEnumImpl@UIEnumConnectionPoints@@$1?_GUID_b196b285_bab4_101a_b69c_00aa00341d07@@3U__s_GUID@@BPEAUIConnectionPoint@@V?$_CopyInterface@UIConnectionPoint@@@ATL@@@ATL@@UEAAJK@Z 000000018000446c f i SmartCardRW.obj
 0001:00003498       ?Clone@?$CComEnumImpl@UIEnumConnectionPoints@@$1?_GUID_b196b285_bab4_101a_b69c_00aa00341d07@@3U__s_GUID@@BPEAUIConnectionPoint@@V?$_CopyInterface@UIConnectionPoint@@@ATL@@@ATL@@UEAAJPEAPEAUIEnumConnectionPoints@@@Z 0000000180004498 f i SmartCardRW.obj
 0001:000035c0       ?QueryInterface@?$CComObject@V?$CComEnum@UIEnumConnectionPoints@@$1?_GUID_b196b285_bab4_101a_b69c_00aa00341d07@@3U__s_GUID@@BPEAUIConnectionPoint@@V?$_CopyInterface@UIConnectionPoint@@@ATL@@VCComSingleThreadModel@6@@ATL@@@ATL@@UEAAJAEBU_GUID@@PEAPEAX@Z 00000001800045c0 f i SmartCardRW.obj
 0001:000035d4       ??_G?$CComObject@V?$CComEnum@UIEnumConnectionPoints@@$1?_GUID_b196b285_bab4_101a_b69c_00aa00341d07@@3U__s_GUID@@BPEAUIConnectionPoint@@V?$_CopyInterface@UIConnectionPoint@@@ATL@@VCComSingleThreadModel@6@@ATL@@@ATL@@UEAAPEAXI@Z 00000001800045d4 f i SmartCardRW.obj
 0001:000035d4       ??_E?$CComObject@V?$CComEnum@UIEnumConnectionPoints@@$1?_GUID_b196b285_bab4_101a_b69c_00aa00341d07@@3U__s_GUID@@BPEAUIConnectionPoint@@V?$_CopyInterface@UIConnectionPoint@@@ATL@@VCComSingleThreadModel@6@@ATL@@@ATL@@UEAAPEAXI@Z 00000001800045d4 f i SmartCardRW.obj
 0001:0000362c       ?AddRef@?$CComObjectCached@VCComClassFactory@ATL@@@ATL@@UEAAKXZ 000000018000462c f i SmartCardRW.obj
 0001:00003658       ?Release@?$CComObjectCached@VCComClassFactory@ATL@@@ATL@@UEAAKXZ 0000000180004658 f i SmartCardRW.obj
 0001:00003698       ?QueryInterface@?$CComObjectCached@VCComClassFactory@ATL@@@ATL@@UEAAJAEBU_GUID@@PEAPEAX@Z 0000000180004698 f i SmartCardRW.obj
 0001:000036ac       ??_G?$CComObjectCached@VCComClassFactory@ATL@@@ATL@@UEAAPEAXI@Z 00000001800046ac f i SmartCardRW.obj
 0001:000036ac       ??_E?$CComObjectCached@VCComClassFactory@ATL@@@ATL@@UEAAPEAXI@Z 00000001800046ac f i SmartCardRW.obj
 0001:00003704       ??$AtlModuleRegisterWndClassInfoT@VAtlModuleRegisterWndClassInfoParamW@ATL@@@ATL@@YAGPEAU_ATL_BASE_MODULE70@0@PEAU_ATL_WIN_MODULE70@0@PEAU_ATL_WNDCLASSINFOW@0@PEAP6A_JPEAUHWND__@@I_K_J@ZVAtlModuleRegisterWndClassInfoParamW@0@@Z 0000000180004704 f i SmartCardRW.obj
 0001:00003904       ??0?$CComContainedObject@VCOPOSSmartCardRW@@@ATL@@QEAA@PEAX@Z 0000000180004904 f i SmartCardRW.obj
 0001:00003a20       ??0?$CComObject@VCOPOSSmartCardRW@@@ATL@@QEAA@PEAX@Z 0000000180004a20 f i SmartCardRW.obj
 0001:00003b38       ??0CAtlModule@ATL@@QEAA@XZ 0000000180004b38 f i SmartCardRW.obj
 0001:00003bb8       ??1?$CComEnumImpl@UIEnumConnectionPoints@@$1?_GUID_b196b285_bab4_101a_b69c_00aa00341d07@@3U__s_GUID@@BPEAUIConnectionPoint@@V?$_CopyInterface@UIConnectionPoint@@@ATL@@@ATL@@UEAA@XZ 0000000180004bb8 f i SmartCardRW.obj
 0001:00003c14       ??1?$CComEnumImpl@UIEnumConnections@@$1?_GUID_b196b287_bab4_101a_b69c_00aa00341d07@@3U__s_GUID@@BUtagCONNECTDATA@@V?$_Copy@UtagCONNECTDATA@@@ATL@@@ATL@@UEAA@XZ 0000000180004c14 f i SmartCardRW.obj
 0001:00003c70       ??1?$CComObject@VCOPOSSmartCardRW@@@ATL@@UEAA@XZ 0000000180004c70 f i SmartCardRW.obj
 0001:00003d90       ??_E?$CComContainedObject@VCOPOSSmartCardRW@@@ATL@@UEAAPEAXI@Z 0000000180004d90 f i SmartCardRW.obj
 0001:00003d90       ??_G?$CComContainedObject@VCOPOSSmartCardRW@@@ATL@@UEAAPEAXI@Z 0000000180004d90 f i SmartCardRW.obj
 0001:00003dc4       ??_G?$CComObject@VCOPOSSmartCardRW@@@ATL@@UEAAPEAXI@Z 0000000180004dc4 f i SmartCardRW.obj
 0001:00003dc4       ??_E?$CComObject@VCOPOSSmartCardRW@@@ATL@@UEAAPEAXI@Z 0000000180004dc4 f i SmartCardRW.obj
 0001:00003df8       ?Add@?$CSimpleArray@GV?$CSimpleArrayEqualHelper@G@ATL@@@ATL@@QEAAHAEBG@Z 0000000180004df8 f i SmartCardRW.obj
 0001:00003eac       ?Add@?$CSimpleMap@PEA_WPEA_WVCExpansionVectorEqualHelper@ATL@@@ATL@@QEAAHAEBQEA_W0@Z 0000000180004eac f i SmartCardRW.obj
 0001:00003f4c       ?Add@CComDynamicUnkArray@ATL@@QEAAKPEAUIUnknown@@@Z 0000000180004f4c f i SmartCardRW.obj
 0001:00004044       ?Add@CExpansionVector@ATL@@QEAAHPEB_W0@Z 0000000180005044 f i SmartCardRW.obj
 0001:000041d4       ?AddValue@CRegParser@ATL@@IEAAJAEAVCRegKey@2@PEB_WPEA_W@Z 00000001800051d4 f i SmartCardRW.obj
 0001:0000461c       ?AllocateHeap@?$CTempBuffer@E$0BAA@VCCRTAllocator@ATL@@@ATL@@AEAAX_K@Z 000000018000561c f i SmartCardRW.obj
 0001:0000461c       ?AllocateHeap@?$CTempBuffer@_W$0BAA@VCCRTAllocator@ATL@@@ATL@@AEAAX_K@Z 000000018000561c f i SmartCardRW.obj
 0001:0000461c       ?AllocateHeap@?$CTempBuffer@_W$0EAA@VCCRTAllocator@ATL@@@ATL@@AEAAX_K@Z 000000018000561c f i SmartCardRW.obj
 0001:00004648       ?Append@CParseBuffer@CRegParser@ATL@@QEAAHPEB_WH@Z 0000000180005648 f i SmartCardRW.obj
 0001:00004760       ?AtlCallTermFunc@ATL@@YAXPEAU_ATL_MODULE70@1@@Z 0000000180005760 f i SmartCardRW.obj
 0001:000047c4       ?AtlComModuleGetClassObject@ATL@@YAJPEAU_ATL_COM_MODULE70@1@AEBU_GUID@@1PEAPEAX@Z 00000001800057c4 f i SmartCardRW.obj
 0001:00004904       ?AtlComModuleRegisterServer@ATL@@YAJPEAU_ATL_COM_MODULE70@1@HPEBU_GUID@@@Z 0000000180005904 f i SmartCardRW.obj
 0001:000049c4       ?AtlComModuleUnregisterServer@ATL@@YAJPEAU_ATL_COM_MODULE70@1@HPEBU_GUID@@@Z 00000001800059c4 f i SmartCardRW.obj
 0001:00004a80       ?AtlCreateTargetDC@ATL@@YAPEAUHDC__@@PEAU2@PEAUtagDVTARGETDEVICE@@@Z 0000000180005a80 f i SmartCardRW.obj
 0001:00004af4       ?AtlHiMetricToPixel@ATL@@YAXPEBUtagSIZE@@PEAU2@@Z 0000000180005af4 f i SmartCardRW.obj
 0001:00004ba4       ?AtlHresultFromLastError@ATL@@YAJXZ 0000000180005ba4 f i SmartCardRW.obj
 0001:00004bc4       ?AtlHresultFromWin32@ATL@@YAJK@Z 0000000180005bc4 f i SmartCardRW.obj
 0001:00004bd4       ?AtlIPersistStreamInit_Load@ATL@@YAJPEAUIStream@@PEBUATL_PROPMAP_ENTRY@1@PEAXPEAUIUnknown@@@Z 0000000180005bd4 f i SmartCardRW.obj
 0001:00004e0c       ?AtlIPersistStreamInit_Save@ATL@@YAJPEAUIStream@@HPEBUATL_PROPMAP_ENTRY@1@PEAXPEAUIUnknown@@@Z 0000000180005e0c f i SmartCardRW.obj
 0001:00005048       ?AtlInternalOleLoadFromStream@ATL@@YAJPEAUIStream@@AEBU_GUID@@PEAPEAXTClassesAllowedInStream@1@K@Z 0000000180006048 f i SmartCardRW.obj
 0001:0000518c       ?AtlInternalQueryInterface@ATL@@YAJPEAXPEBU_ATL_INTMAP_ENTRY@1@AEBU_GUID@@PEAPEAX@Z 000000018000618c f i SmartCardRW.obj
 0001:00005294       ?AtlLoadTypeLib@ATL@@YAJPEAUHINSTANCE__@@PEB_WPEAPEA_WPEAPEAUITypeLib@@@Z 0000000180006294 f i SmartCardRW.obj
 0001:000054f0       ?AtlModuleAddTermFunc@ATL@@YAJPEAU_ATL_MODULE70@1@P6AX_K@Z1@Z 00000001800064f0 f i SmartCardRW.obj
 0001:00005584       ?AtlRegisterClassCategoriesHelper@ATL@@YAJAEBU_GUID@@PEBU_ATL_CATMAP_ENTRY@1@H@Z 0000000180006584 f i SmartCardRW.obj
 0001:000059ec       ?AtlRegisterTypeLib@ATL@@YAJPEAUHINSTANCE__@@PEB_W@Z 00000001800069ec f i SmartCardRW.obj
 0001:00005be8       ?AtlThrowImpl@ATL@@YAXJ@Z  0000000180006be8 f i SmartCardRW.obj
 0001:00005c0c       ?AtlUnRegisterTypeLib@ATL@@YAJPEAUHINSTANCE__@@PEB_W@Z 0000000180006c0c f i SmartCardRW.obj
 0001:00005cd4       ?AtlWinModuleExtractCreateWndData@ATL@@YAPEAXPEAU_ATL_WIN_MODULE70@1@@Z 0000000180006cd4 f i SmartCardRW.obj
 0001:00005d60       ?Cleanup@CComTypeInfoHolder@ATL@@SAX_K@Z 0000000180006d60 f i SmartCardRW.obj
 0001:00005da0       ?ClearReplacements@CExpansionVector@ATL@@QEAAJXZ 0000000180006da0 f i SmartCardRW.obj
 0001:00005e3c       ?CreateInstance@?$CComCreator@V?$CComAggObject@VCOPOSSmartCardRW@@@ATL@@@ATL@@SAJPEAXAEBU_GUID@@PEAPEAX@Z 0000000180006e3c f i SmartCardRW.obj
 0001:00005f14       ?CreateInstance@?$CComCreator@V?$CComObject@VCOPOSSmartCardRW@@@ATL@@@ATL@@SAJPEAXAEBU_GUID@@PEAPEAX@Z 0000000180006f14 f i SmartCardRW.obj
 0001:00005fcc       ?CreateInstance@?$CComObject@V?$CComEnum@UIEnumConnectionPoints@@$1?_GUID_b196b285_bab4_101a_b69c_00aa00341d07@@3U__s_GUID@@BPEAUIConnectionPoint@@V?$_CopyInterface@UIConnectionPoint@@@ATL@@VCComSingleThreadModel@6@@ATL@@@ATL@@SAJPEAPEAV12@@Z 0000000180006fcc f i SmartCardRW.obj
 0001:00006058       ?CreateInstance@?$CComObject@V?$CComEnum@UIEnumConnections@@$1?_GUID_b196b287_bab4_101a_b69c_00aa00341d07@@3U__s_GUID@@BUtagCONNECTDATA@@V?$_Copy@UtagCONNECTDATA@@@ATL@@VCComSingleThreadModel@6@@ATL@@@ATL@@SAJPEAPEAV12@@Z 0000000180007058 f i SmartCardRW.obj
 0001:000060e4       ?DefaultReflectionHandler@?$CWindowImplRoot@VCWindow@ATL@@@ATL@@SAHPEAUHWND__@@I_K_JAEA_J@Z 00000001800070e4 f i SmartCardRW.obj
 0001:00006148       ?DeleteSubKey@CRegKey@ATL@@QEAAJPEB_W@Z 0000000180007148 f i SmartCardRW.obj
 0001:000061e0       ?DoEvent@COPOSSmartCardRW@@IEAAXI_K_J@Z 00000001800071e0 f i SmartCardRW.obj
 0001:00006294       ?DoVerbPrimary@?$IOleObjectImpl@VCOPOSSmartCardRW@@@ATL@@QEAAJPEBUtagRECT@@PEAUHWND__@@@Z 0000000180007294 f i SmartCardRW.obj
 0001:000063bc       ?DoVerbProperties@CComControlBase@ATL@@QEAAJPEBUtagRECT@@PEAUHWND__@@@Z 00000001800073bc f i SmartCardRW.obj
 0001:000065e4       ?FireTheEvent@?$CProxy_IOPOSEvents@VCOPOSSmartCardRW@@@@IEAAXPEAVOposVariant@@IAEAJPEB_WJ@Z 00000001800075e4 f i SmartCardRW.obj
 0001:000066d0       ?FireViewChange@CComControlBase@ATL@@QEAAJXZ 00000001800076d0 f i SmartCardRW.obj
 0001:00006734       ?Fire_DataEvent@?$CProxy_IOPOSEvents@VCOPOSSmartCardRW@@@@QEAAXJ@Z 0000000180007734 f i SmartCardRW.obj
 0001:00006820       ?Fire_DirectIOEvent@?$CProxy_IOPOSEvents@VCOPOSSmartCardRW@@@@QEAAXJPEAJPEAPEA_W@Z 0000000180007820 f i SmartCardRW.obj
 0001:00006978       ?Fire_ErrorEvent@?$CProxy_IOPOSEvents@VCOPOSSmartCardRW@@@@QEAAXJJJPEAJ@Z 0000000180007978 f i SmartCardRW.obj
 0001:00006ae0       ?Fire_OutputCompleteEvent@?$CProxy_IOPOSEvents@VCOPOSSmartCardRW@@@@QEAAXJ@Z 0000000180007ae0 f i SmartCardRW.obj
 0001:00006bcc       ?Fire_StatusUpdateEvent@?$CProxy_IOPOSEvents@VCOPOSSmartCardRW@@@@QEAAXJ@Z 0000000180007bcc f i SmartCardRW.obj
 0001:00006cb8       ?FreeHeap@?$CTempBuffer@_W$0BAA@VCCRTAllocator@ATL@@@ATL@@AEAAXXZ 0000000180007cb8 f i SmartCardRW.obj
 0001:00006cb8       ?FreeHeap@?$CTempBuffer@_W$0EAA@VCCRTAllocator@ATL@@@ATL@@AEAAXXZ 0000000180007cb8 f i SmartCardRW.obj
 0001:00006cb8       ?FreeHeap@?$CTempBuffer@E$0BAA@VCCRTAllocator@ATL@@@ATL@@AEAAXXZ 0000000180007cb8 f i SmartCardRW.obj
 0001:00006cc0       ?GetAmbientLocaleID@CComControlBase@ATL@@QEAAJAEAK@Z 0000000180007cc0 f i SmartCardRW.obj
 0001:00006d80       ?GetAmbientUserMode@CComControlBase@ATL@@QEAAJAEAH@Z 0000000180007d80 f i SmartCardRW.obj
 0001:00006e54       ?GetClassObject@CComModule@ATL@@QEAAJAEBU_GUID@@0PEAPEAX@Z 0000000180007e54 f i SmartCardRW.obj
 0001:00006f48       ?GetConnMap@COPOSSmartCardRW@@SAPEBU_ATL_CONNMAP_ENTRY@ATL@@PEAH@Z 0000000180007f48 f i SmartCardRW.obj
 0001:00006fd0       ?GetIDsOfNames@CComTypeInfoHolder@ATL@@QEAAJAEBU_GUID@@PEAPEA_WIKPEAJ@Z 0000000180007fd0 f i SmartCardRW.obj
 0001:00007148       ?GetPagesHelper@?$ISpecifyPropertyPagesImpl@VCOPOSSmartCardRW@@@ATL@@IEAAJPEAUtagCAUUID@@PEBUATL_PROPMAP_ENTRY@2@@Z 0000000180008148 f i SmartCardRW.obj
 0001:000072e8       ?GetSizeMax@CComVariant@ATL@@QEBAJPEAT_ULARGE_INTEGER@@@Z 00000001800082e8 f i SmartCardRW.obj
 0001:0000751c       ?GetTI@CComTypeInfoHolder@ATL@@QEAAJK@Z 000000018000851c f i SmartCardRW.obj
 0001:00007794       ?GetZoomInfo@CComControlBase@ATL@@QEAAXAEAUATL_DRAWINFO@@@Z 0000000180008794 f i SmartCardRW.obj
 0001:00007838       ?HKeyFromString@CRegParser@ATL@@KAPEAUHKEY__@@PEA_W@Z 0000000180008838 f i SmartCardRW.obj
 0001:0000789c       ?IDataObject_GetData@CComControlBase@ATL@@QEAAJPEAUtagFORMATETC@@PEAUtagSTGMEDIUM@@@Z 000000018000889c f i SmartCardRW.obj
 0001:00007a90       ?IOleInPlaceObject_InPlaceDeactivate@CComControlBase@ATL@@QEAAJXZ 0000000180008a90 f i SmartCardRW.obj
 0001:00007b30       ?IOleInPlaceObject_SetObjectRects@CComControlBase@ATL@@QEAAJPEBUtagRECT@@0@Z 0000000180008b30 f i SmartCardRW.obj
 0001:00007c20       ?IOleInPlaceObject_UIDeactivate@CComControlBase@ATL@@QEAAJXZ 0000000180008c20 f i SmartCardRW.obj
 0001:00007d2c       ?IOleObject_Close@CComControlBase@ATL@@QEAAJK@Z 0000000180008d2c f i SmartCardRW.obj
 0001:00007e44       ?IOleObject_SetClientSite@CComControlBase@ATL@@QEAAJPEAUIOleClientSite@@@Z 0000000180008e44 f i SmartCardRW.obj
 0001:00007ebc       ?IOleObject_SetExtent@CComControlBase@ATL@@QEAAJKPEAUtagSIZE@@@Z 0000000180008ebc f i SmartCardRW.obj
 0001:00007f54       ?IPSI_GetIPersistStreamInit@?$IPersistStorageImpl@VCOPOSSmartCardRW@@@ATL@@AEAAPEAUIPersistStreamInit@@XZ 0000000180008f54 f i SmartCardRW.obj
 0001:00007fb0       ?IQuickActivate_QuickActivate@CComControlBase@ATL@@QEAAJPEAUtagQACONTAINER@@PEAUtagQACONTROL@@@Z 0000000180008fb0 f i SmartCardRW.obj
 0001:00008274       ?IViewObject_Draw@CComControlBase@ATL@@QEAAJKJPEAXPEAUtagDVTARGETDEVICE@@PEAUHDC__@@2PEBU_RECTL@@3@Z 0000000180009274 f i SmartCardRW.obj
 0001:00008388       ?InPlaceActivate@CComControlBase@ATL@@QEAAJJPEBUtagRECT@@@Z 0000000180009388 f i SmartCardRW.obj
 0001:000086c0       ?Init@?$CComEnumImpl@UIEnumConnectionPoints@@$1?_GUID_b196b285_bab4_101a_b69c_00aa00341d07@@3U__s_GUID@@BPEAUIConnectionPoint@@V?$_CopyInterface@UIConnectionPoint@@@ATL@@@ATL@@QEAAJPEAPEAUIConnectionPoint@@0PEAUIUnknown@@W4CComEnumFlags@2@@Z 00000001800096c0 f i SmartCardRW.obj
 0001:000087e0       ?Init@?$CComEnumImpl@UIEnumConnections@@$1?_GUID_b196b287_bab4_101a_b69c_00aa00341d07@@3U__s_GUID@@BUtagCONNECTDATA@@V?$_Copy@UtagCONNECTDATA@@@ATL@@@ATL@@QEAAJPEAUtagCONNECTDATA@@0PEAUIUnknown@@W4CComEnumFlags@2@@Z 00000001800097e0 f i SmartCardRW.obj
 0001:00008904       ?IsEqualObject@?$CComPtrBase@UIOleClientSite@@@ATL@@QEAA_NPEAUIUnknown@@@Z 0000000180009904 f i SmartCardRW.obj
 0001:00008904       ?IsEqualObject@?$CComPtrBase@UITypeInfo@@@ATL@@QEAA_NPEAUIUnknown@@@Z 0000000180009904 f i SmartCardRW.obj
 0001:00008990       ?LoadNameCache@CComTypeInfoHolder@ATL@@QEAAJPEAUITypeInfo@@@Z 0000000180009990 f i SmartCardRW.obj
 0001:00008b14       ?Lookup@?$CSimpleMap@PEA_WPEA_WVCExpansionVectorEqualHelper@ATL@@@ATL@@QEBAPEA_WAEBQEA_W@Z 0000000180009b14 f i SmartCardRW.obj
 0001:00008ba0       ?NextToken@CRegParser@ATL@@IEAAJPEA_W@Z 0000000180009ba0 f i SmartCardRW.obj
 0001:00008d58       ?OnKillFocus@CComControlBase@ATL@@QEAA_JI_K_JAEAH@Z 0000000180009d58 f i SmartCardRW.obj
 0001:00008df4       ?OnMouseActivate@CComControlBase@ATL@@QEAA_JI_K_JAEAH@Z 0000000180009df4 f i SmartCardRW.obj
 0001:00008e94       ?OnPaint@CComControlBase@ATL@@QEAA_JI_K_JAEAH@Z 0000000180009e94 f i SmartCardRW.obj
 0001:00008f80       ?OnSetFocus@CComControlBase@ATL@@QEAA_JI_K_JAEAH@Z 0000000180009f80 f i SmartCardRW.obj
 0001:0000907c       ?Open@CRegKey@ATL@@QEAAJPEAUHKEY__@@PEB_WK@Z 000000018000a07c f i SmartCardRW.obj
 0001:00009108       ?PreProcessBuffer@CRegParser@ATL@@QEAAJPEA_WPEAPEA_W@Z 000000018000a108 f i SmartCardRW.obj
 0001:0000948c       ?ProcessWindowMessage@?$CComControl@VCOPOSSmartCardRW@@V?$CWindowImpl@VCOPOSSmartCardRW@@VCWindow@ATL@@V?$CWinTraits@$0FGAAAAAA@$0A@@3@@ATL@@@ATL@@UEAAHPEAUHWND__@@I_K_JAEA_JK@Z 000000018000a48c f i SmartCardRW.obj
 0001:00009570       ?PutProperty@?$CComPtr@UIDispatch@@@ATL@@SAJPEAUIDispatch@@JPEAUtagVARIANT@@@Z 000000018000a570 f i SmartCardRW.obj
 0001:00009674       ?ReadFromStream@CComBSTR@ATL@@QEAAJPEAUIStream@@@Z 000000018000a674 f i SmartCardRW.obj
 0001:000097d0       ?ReadFromStream@CComVariant@ATL@@QEAAJPEAUIStream@@GTClassesAllowedInStream@2@K@Z 000000018000a7d0 f i SmartCardRW.obj
 0001:000099e0       ?RecurseDeleteKey@CRegKey@ATL@@QEAAJPEB_W@Z 000000018000a9e0 f i SmartCardRW.obj
 0001:00009aec       ?RegCreateKeyExW@CAtlTransactionManager@ATL@@QEAAJPEAUHKEY__@@PEB_WKPEA_WKKQEAU_SECURITY_ATTRIBUTES@@PEAPEAU3@PEAK@Z 000000018000aaec f i SmartCardRW.obj
 0001:00009c20       ?RegDeleteKeyW@CAtlTransactionManager@ATL@@QEAAJPEAUHKEY__@@PEB_W@Z 000000018000ac20 f i SmartCardRW.obj
 0001:00009cac       ?RegOpenKeyExW@CAtlTransactionManager@ATL@@QEAAJPEAUHKEY__@@PEB_WKKPEAPEAU3@@Z 000000018000acac f i SmartCardRW.obj
 0001:00009d64       ?RegisterBuffer@CRegParser@ATL@@QEAAJPEA_WH@Z 000000018000ad64 f i SmartCardRW.obj
 0001:00009ecc       ?RegisterFromResource@CRegObject@ATL@@IEAAJPEB_W00H@Z 000000018000aecc f i SmartCardRW.obj
 0001:0000a088       ?RegisterServer@CComModule@ATL@@QEAAJHPEBU_GUID@@@Z 000000018000b088 f i SmartCardRW.obj
 0001:0000a148       ?RegisterSubkeys@CRegParser@ATL@@IEAAJPEA_WPEAUHKEY__@@HH@Z 000000018000b148 f i SmartCardRW.obj
 0001:0000a844       ?SendOnDataChange@CComControlBase@ATL@@QEAAJK@Z 000000018000b844 f i SmartCardRW.obj
 0001:0000a8b4       ?SetControlFocus@CComControlBase@ATL@@QEAAHH@Z 000000018000b8b4 f i SmartCardRW.obj
 0001:0000a990       ?SkipAssignment@CRegParser@ATL@@IEAAJPEA_W@Z 000000018000b990 f i SmartCardRW.obj
 0001:0000aa34       ?Term@CComModule@ATL@@QEAAXXZ 000000018000ba34 f i SmartCardRW.obj
 0001:0000aae0       ?UnregisterServer@CComModule@ATL@@QEAAJHPEBU_GUID@@@Z 000000018000bae0 f i SmartCardRW.obj
 0001:0000ab90       ?UpdateRegistryFromResource@CAtlModule@ATL@@QEAAJIHPEAU_ATL_REGMAP_ENTRY@2@@Z 000000018000bb90 f i SmartCardRW.obj
 0001:0000aec8       ?UpdateRegistryFromResource@CAtlModule@ATL@@QEAAJPEB_WHPEAU_ATL_REGMAP_ENTRY@2@@Z 000000018000bec8 f i SmartCardRW.obj
 0001:0000b220       ?VTFromRegType@CRegParser@ATL@@KAHPEB_WAEAG@Z 000000018000c220 f i SmartCardRW.obj
 0001:0000b2bc       ?WindowProc@?$CWindowImplBaseT@VCWindow@ATL@@V?$CWinTraits@$0FGAAAAAA@$0A@@2@@ATL@@SA_JPEAUHWND__@@I_K_J@Z 000000018000c2bc f i SmartCardRW.obj
 0001:0000b428       ?WriteToStream@CComBSTR@ATL@@QEAAJPEAUIStream@@@Z 000000018000c428 f i SmartCardRW.obj
 0001:0000b4a8       ?WriteToStream@CComVariant@ATL@@QEAAJPEAUIStream@@@Z 000000018000c4a8 f i SmartCardRW.obj
 0001:0000b6bc       ?WriteToStream@CComVariant@ATL@@QEAAJPEAUIStream@@G@Z 000000018000c6bc f i SmartCardRW.obj
 0001:0000b754       ?_AtlVerifyStackAvailable@_ATL_SAFE_ALLOCA_IMPL@ATL@@YA_N_K@Z 000000018000c754 f i SmartCardRW.obj
 0001:0000b7d8       ?atlCreate@?$CWindowImpl@VCOPOSSmartCardRW@@VCWindow@ATL@@V?$CWinTraits@$0FGAAAAAA@$0A@@3@@ATL@@QEAAPEAUHWND__@@PEAU3@V_U_RECT@2@PEB_WKKV_U_MENUorID@2@PEAX@Z 000000018000c7d8 f i SmartCardRW.obj
 0001:0000b888       ?atlCreate@?$CWindowImplBaseT@VCWindow@ATL@@V?$CWinTraits@$0FGAAAAAA@$0A@@2@@ATL@@QEAAPEAUHWND__@@PEAU3@V_U_RECT@2@PEB_WKKV_U_MENUorID@2@GPEAX@Z 000000018000c888 f i SmartCardRW.obj
 0001:0000b9f8       ?atlCreate@CRegKey@ATL@@QEAAJPEAUHKEY__@@PEB_WPEA_WKKPEAU_SECURITY_ATTRIBUTES@@PEAK@Z 000000018000c9f8 f i SmartCardRW.obj
 0001:0000bae4       DllCanUnloadNow            000000018000cae4 f   SmartCardRW.obj
 0001:0000baf0       DllGetClassObject          000000018000caf0 f   SmartCardRW.obj
 0001:0000bb08       DllMain                    000000018000cb08 f   SmartCardRW.obj
 0001:0000bbb0       DllRegisterServer          000000018000cbb0 f   SmartCardRW.obj
 0001:0000bbc4       DllUnregisterServer        000000018000cbc4 f   SmartCardRW.obj
 0001:0000bbd8       __local_stdio_printf_options 000000018000cbd8 f i SmartCardRW.obj
 0001:0000bc68       swprintf_s                 000000018000cc68 f i SmartCardRW.obj
 0001:0000bcbc       ??0COPOSSmartCardRW@@QEAA@XZ 000000018000ccbc f   SmartCardRWImpl.obj
 0001:0000bd8c       ??1?$IConnectionPointImpl@VCOPOSSmartCardRW@@$1?DIID__IOPOSSmartCardRWEvents@@3U_GUID@@BVCComDynamicUnkArray@ATL@@@ATL@@QEAA@XZ 000000018000cd8c f i SmartCardRWImpl.obj
 0001:0000bd8c       ??1?$IConnectionPointImpl@VCOPOSSmartCardRW@@$1?IID_IPropertyNotifySink@@3U_GUID@@BVCComDynamicUnkArray@ATL@@@ATL@@QEAA@XZ 000000018000cd8c f i SmartCardRWImpl.obj
 0001:0000bde8       ??1CComControlBase@ATL@@UEAA@XZ 000000018000cde8 f i SmartCardRWImpl.obj
 0001:0000be64       ??1COPOSSmartCardRW@@UEAA@XZ 000000018000ce64 f   SmartCardRWImpl.obj
 0001:0000bec8       ?BeginInsertion@COPOSSmartCardRW@@UEAAJJPEAJ@Z 000000018000cec8 f   SmartCardRWImpl.obj
 0001:0000bf44       ?BeginRemoval@COPOSSmartCardRW@@UEAAJJPEAJ@Z 000000018000cf44 f   SmartCardRWImpl.obj
 0001:0000bfc0       ?CheckHealth@COPOSSmartCardRW@@UEAAJJPEAJ@Z 000000018000cfc0 f   SmartCardRWImpl.obj
 0001:0000c03c       ?ClaimDevice@COPOSSmartCardRW@@UEAAJJPEAJ@Z 000000018000d03c f   SmartCardRWImpl.obj
 0001:0000c0dc       ?ClearInput@COPOSSmartCardRW@@UEAAJPEAJ@Z 000000018000d0dc f   SmartCardRWImpl.obj
 0001:0000c104       ?ClearInputProperties@COPOSSmartCardRW@@UEAAJPEAJ@Z 000000018000d104 f   SmartCardRWImpl.obj
 0001:0000c12c       ?ClearOutput@COPOSSmartCardRW@@UEAAJPEAJ@Z 000000018000d12c f   SmartCardRWImpl.obj
 0001:0000c154       ?Close@COPOSSmartCardRW@@UEAAJPEAJ@Z 000000018000d154 f   SmartCardRWImpl.obj
 0001:0000c20c       ?CompareFirmwareVersion@COPOSSmartCardRW@@UEAAJPEA_WPEAJ1@Z 000000018000d20c f   SmartCardRWImpl.obj
 0001:0000c2e8       ?DirectIO@COPOSSmartCardRW@@UEAAJJPEAJPEAPEA_W0@Z 000000018000d2e8 f   SmartCardRWImpl.obj
 0001:0000c3e4       ?DoInvoke@COPOSSmartCardRW@@IEAAJJPEAVOposVariant@@IHPEAJ_N@Z 000000018000d3e4 f   SmartCardRWImpl.obj
 0001:0000c518       ?EndInsertion@COPOSSmartCardRW@@UEAAJPEAJ@Z 000000018000d518 f   SmartCardRWImpl.obj
 0001:0000c540       ?EndRemoval@COPOSSmartCardRW@@UEAAJPEAJ@Z 000000018000d540 f   SmartCardRWImpl.obj
 0001:0000c568       ?EventInit@COPOSSmartCardRW@@IEAAJXZ 000000018000d568 f i SmartCardRWImpl.obj
 0001:0000c6b0       ?EventUninit@COPOSSmartCardRW@@IEAAXXZ 000000018000d6b0 f i SmartCardRWImpl.obj
 0001:0000c714       ?EventWindowProc@COPOSSmartCardRW@@IEAA_JI_K_J@Z 000000018000d714 f i SmartCardRWImpl.obj
 0001:0000c8f0       ?FinalConstruct@COPOSSmartCardRW@@QEAAJXZ 000000018000d8f0 f   SmartCardRWImpl.obj
 0001:0000c92c       ?FreezeEvents@COPOSSmartCardRW@@MEAAJH@Z 000000018000d92c f   SmartCardRWImpl.obj
 0001:0000c9a0       ?GetOposProp@COPOSSmartCardRW@@IEAAJJPEAJJ@Z 000000018000d9a0 f   SmartCardRWImpl.obj
 0001:0000cabc       ?GetOposProp@COPOSSmartCardRW@@IEAAJJPEAPEA_WJ@Z 000000018000dabc f   SmartCardRWImpl.obj
 0001:0000cbe8       ?OnDraw@COPOSSmartCardRW@@MEAAJAEAUATL_DRAWINFO@@@Z 000000018000dbe8 f   SmartCardRWImpl.obj
 0001:0000ccd4       ?Open@COPOSSmartCardRW@@UEAAJPEA_WPEAJ@Z 000000018000dcd4 f   SmartCardRWImpl.obj
 0001:0000d550       ?ReadData@COPOSSmartCardRW@@UEAAJJPEAJPEAPEA_W0@Z 000000018000e550 f   SmartCardRWImpl.obj
 0001:0000d64c       ?ReleaseDevice@COPOSSmartCardRW@@UEAAJPEAJ@Z 000000018000e64c f   SmartCardRWImpl.obj
 0001:0000d6b8       ?ResetStatistics@COPOSSmartCardRW@@UEAAJPEA_WPEAJ@Z 000000018000e6b8 f   SmartCardRWImpl.obj
 0001:0000d740       ?RetrieveStatistics@COPOSSmartCardRW@@UEAAJPEAPEA_WPEAJ@Z 000000018000e740 f   SmartCardRWImpl.obj
 0001:0000d7c8       ?SOProcessID@COPOSSmartCardRW@@UEAAJPEAJ@Z 000000018000e7c8 f   SmartCardRWImpl.obj
 0001:0000d7e4       ?SetCOFreezeEvents@COPOSSmartCardRW@@IEAAXF@Z 000000018000e7e4 f   SmartCardRWImpl.obj
 0001:0000d8c8       ?SetOposProp@COPOSSmartCardRW@@IEAAJJJJ@Z 000000018000e8c8 f   SmartCardRWImpl.obj
 0001:0000da28       ?UpdateFirmware@COPOSSmartCardRW@@UEAAJPEA_WPEAJ@Z 000000018000ea28 f   SmartCardRWImpl.obj
 0001:0000dab0       ?UpdateStatistics@COPOSSmartCardRW@@UEAAJPEA_WPEAJ@Z 000000018000eab0 f   SmartCardRWImpl.obj
 0001:0000db38       ?WriteData@COPOSSmartCardRW@@UEAAJJJPEA_WPEAJ@Z 000000018000eb38 f   SmartCardRWImpl.obj
 0001:0000dc30       ?get_BinaryConversion@COPOSSmartCardRW@@UEAAJPEAJ@Z 000000018000ec30 f   SmartCardRWImpl.obj
 0001:0000dc44       ?get_CapCardErrorDetection@COPOSSmartCardRW@@UEAAJPEAF@Z 000000018000ec44 f   SmartCardRWImpl.obj
 0001:0000dc78       ?get_CapCompareFirmwareVersion@COPOSSmartCardRW@@UEAAJPEAF@Z 000000018000ec78 f   SmartCardRWImpl.obj
 0001:0000dcac       ?get_CapInterfaceMode@COPOSSmartCardRW@@UEAAJPEAJ@Z 000000018000ecac f   SmartCardRWImpl.obj
 0001:0000dcc0       ?get_CapIsoEmvMode@COPOSSmartCardRW@@UEAAJPEAJ@Z 000000018000ecc0 f   SmartCardRWImpl.obj
 0001:0000dcd4       ?get_CapPowerReporting@COPOSSmartCardRW@@UEAAJPEAJ@Z 000000018000ecd4 f   SmartCardRWImpl.obj
 0001:0000dce8       ?get_CapSCPresentSensor@COPOSSmartCardRW@@UEAAJPEAJ@Z 000000018000ece8 f   SmartCardRWImpl.obj
 0001:0000dcfc       ?get_CapSCSlots@COPOSSmartCardRW@@UEAAJPEAJ@Z 000000018000ecfc f   SmartCardRWImpl.obj
 0001:0000dd10       ?get_CapStatisticsReporting@COPOSSmartCardRW@@UEAAJPEAF@Z 000000018000ed10 f   SmartCardRWImpl.obj
 0001:0000dd44       ?get_CapTransmissionProtocol@COPOSSmartCardRW@@UEAAJPEAJ@Z 000000018000ed44 f   SmartCardRWImpl.obj
 0001:0000dd58       ?get_CapUpdateFirmware@COPOSSmartCardRW@@UEAAJPEAF@Z 000000018000ed58 f   SmartCardRWImpl.obj
 0001:0000dd8c       ?get_CapUpdateStatistics@COPOSSmartCardRW@@UEAAJPEAF@Z 000000018000ed8c f   SmartCardRWImpl.obj
 0001:0000ddc0       ?get_CheckHealthText@COPOSSmartCardRW@@UEAAJPEAPEA_W@Z 000000018000edc0 f   SmartCardRWImpl.obj
 0001:0000ddd4       ?get_Claimed@COPOSSmartCardRW@@UEAAJPEAF@Z 000000018000edd4 f   SmartCardRWImpl.obj
 0001:0000de08       ?get_ControlObjectDescription@COPOSSmartCardRW@@UEAAJPEAPEA_W@Z 000000018000ee08 f   SmartCardRWImpl.obj
 0001:0000de6c       ?get_ControlObjectVersion@COPOSSmartCardRW@@UEAAJPEAJ@Z 000000018000ee6c f   SmartCardRWImpl.obj
 0001:0000de78       ?get_DataCount@COPOSSmartCardRW@@UEAAJPEAJ@Z 000000018000ee78 f   SmartCardRWImpl.obj
 0001:0000de8c       ?get_DataEventEnabled@COPOSSmartCardRW@@UEAAJPEAF@Z 000000018000ee8c f   SmartCardRWImpl.obj
 0001:0000dec0       ?get_DeviceDescription@COPOSSmartCardRW@@UEAAJPEAPEA_W@Z 000000018000eec0 f   SmartCardRWImpl.obj
 0001:0000ded4       ?get_DeviceEnabled@COPOSSmartCardRW@@UEAAJPEAF@Z 000000018000eed4 f   SmartCardRWImpl.obj
 0001:0000df08       ?get_DeviceName@COPOSSmartCardRW@@UEAAJPEAPEA_W@Z 000000018000ef08 f   SmartCardRWImpl.obj
 0001:0000df1c       ?get_FreezeEvents@COPOSSmartCardRW@@UEAAJPEAF@Z 000000018000ef1c f   SmartCardRWImpl.obj
 0001:0000df4c       ?get_InterfaceMode@COPOSSmartCardRW@@UEAAJPEAJ@Z 000000018000ef4c f   SmartCardRWImpl.obj
 0001:0000df60       ?get_IsoEmvMode@COPOSSmartCardRW@@UEAAJPEAJ@Z 000000018000ef60 f   SmartCardRWImpl.obj
 0001:0000df74       ?get_OpenResult@COPOSSmartCardRW@@UEAAJPEAJ@Z 000000018000ef74 f   SmartCardRWImpl.obj
 0001:0000df80       ?get_OutputID@COPOSSmartCardRW@@UEAAJPEAJ@Z 000000018000ef80 f   SmartCardRWImpl.obj
 0001:0000df94       ?get_PowerNotify@COPOSSmartCardRW@@UEAAJPEAJ@Z 000000018000ef94 f   SmartCardRWImpl.obj
 0001:0000dfa8       ?get_PowerState@COPOSSmartCardRW@@UEAAJPEAJ@Z 000000018000efa8 f   SmartCardRWImpl.obj
 0001:0000dfbc       ?get_ResultCode@COPOSSmartCardRW@@UEAAJPEAJ@Z 000000018000efbc f   SmartCardRWImpl.obj
 0001:0000dff8       ?get_ResultCodeExtended@COPOSSmartCardRW@@UEAAJPEAJ@Z 000000018000eff8 f   SmartCardRWImpl.obj
 0001:0000e00c       ?get_SCPresentSensor@COPOSSmartCardRW@@UEAAJPEAJ@Z 000000018000f00c f   SmartCardRWImpl.obj
 0001:0000e020       ?get_SCSlot@COPOSSmartCardRW@@UEAAJPEAJ@Z 000000018000f020 f   SmartCardRWImpl.obj
 0001:0000e034       ?get_ServiceObjectDescription@COPOSSmartCardRW@@UEAAJPEAPEA_W@Z 000000018000f034 f   SmartCardRWImpl.obj
 0001:0000e048       ?get_ServiceObjectVersion@COPOSSmartCardRW@@UEAAJPEAJ@Z 000000018000f048 f   SmartCardRWImpl.obj
 0001:0000e05c       ?get_State@COPOSSmartCardRW@@UEAAJPEAJ@Z 000000018000f05c f   SmartCardRWImpl.obj
 0001:0000e088       ?get_TransactionInProgress@COPOSSmartCardRW@@UEAAJPEAF@Z 000000018000f088 f   SmartCardRWImpl.obj
 0001:0000e0bc       ?get_TransmissionProtocol@COPOSSmartCardRW@@UEAAJPEAJ@Z 000000018000f0bc f   SmartCardRWImpl.obj
 0001:0000e0d0       ?put_BinaryConversion@COPOSSmartCardRW@@UEAAJJ@Z 000000018000f0d0 f   SmartCardRWImpl.obj
 0001:0000e0e4       ?put_DataEventEnabled@COPOSSmartCardRW@@UEAAJF@Z 000000018000f0e4 f   SmartCardRWImpl.obj
 0001:0000e0fc       ?put_DeviceEnabled@COPOSSmartCardRW@@UEAAJF@Z 000000018000f0fc f   SmartCardRWImpl.obj
 0001:0000e114       ?put_FreezeEvents@COPOSSmartCardRW@@UEAAJF@Z 000000018000f114 f   SmartCardRWImpl.obj
 0001:0000e164       ?put_InterfaceMode@COPOSSmartCardRW@@UEAAJJ@Z 000000018000f164 f   SmartCardRWImpl.obj
 0001:0000e178       ?put_IsoEmvMode@COPOSSmartCardRW@@UEAAJJ@Z 000000018000f178 f   SmartCardRWImpl.obj
 0001:0000e18c       ?put_PowerNotify@COPOSSmartCardRW@@UEAAJJ@Z 000000018000f18c f   SmartCardRWImpl.obj
 0001:0000e1a0       ?put_SCSlot@COPOSSmartCardRW@@UEAAJJ@Z 000000018000f1a0 f   SmartCardRWImpl.obj
 0001:0000e1b4       ?s_EventWindowProc@COPOSSmartCardRW@@KA_JPEAUHWND__@@I_K_J@Z 000000018000f1b4 f i SmartCardRWImpl.obj
 0001:0000e230       ??_U@YAPEAX_K@Z            000000018000f230 f   LIBCMT:new_array.obj
 0001:0000e238       ??_V@YAXPEAX@Z             000000018000f238 f   LIBCMT:delete_array.obj
 0001:0000e238       ??3@YAXPEAX_K@Z            000000018000f238 f   LIBCMT:delete_scalar_size.obj
 0001:0000e240       ??_V@YAXPEAX_K@Z           000000018000f240 f   LIBCMT:delete_array_size.obj
 0001:0000e248       __scrt_acquire_startup_lock 000000018000f248 f   LIBCMT:utility.obj
 0001:0000e284       __scrt_dllmain_after_initialize_c 000000018000f284 f   LIBCMT:utility.obj
 0001:0000e2b8       __scrt_dllmain_before_initialize_c 000000018000f2b8 f   LIBCMT:utility.obj
 0001:0000e2d0       __scrt_dllmain_crt_thread_attach 000000018000f2d0 f   LIBCMT:utility.obj
 0001:0000e2f8       __scrt_dllmain_crt_thread_detach 000000018000f2f8 f   LIBCMT:utility.obj
 0001:0000e310       __scrt_dllmain_exception_filter 000000018000f310 f   LIBCMT:utility.obj
 0001:0000e370       __scrt_dllmain_uninitialize_c 000000018000f370 f   LIBCMT:utility.obj
 0001:0000e3a0       __scrt_dllmain_uninitialize_critical 000000018000f3a0 f   LIBCMT:utility.obj
 0001:0000e3b4       __scrt_initialize_crt      000000018000f3b4 f   LIBCMT:utility.obj
 0001:0000e400       __scrt_initialize_onexit_tables 000000018000f400 f   LIBCMT:utility.obj
 0001:0000e4d8       __scrt_is_nonwritable_in_current_image 000000018000f4d8 f   LIBCMT:utility.obj
 0001:0000e574       __scrt_release_startup_lock 000000018000f574 f   LIBCMT:utility.obj
 0001:0000e598       __scrt_uninitialize_crt    000000018000f598 f   LIBCMT:utility.obj
 0001:0000e5c4       _onexit                    000000018000f5c4 f   LIBCMT:utility.obj
 0001:0000e614       atexit                     000000018000f614 f   LIBCMT:utility.obj
 0001:0000e62c       ??3@YAXPEAX@Z              000000018000f62c f   LIBCMT:delete_scalar.obj
 0001:0000e7bc       _Init_thread_footer        000000018000f7bc f   LIBCMT:thread_safe_statics.obj
 0001:0000e81c       _Init_thread_header        000000018000f81c f   LIBCMT:thread_safe_statics.obj
 0001:0000e884       _Init_thread_notify        000000018000f884 f   LIBCMT:thread_safe_statics.obj
 0001:0000e8d4       _Init_thread_wait          000000018000f8d4 f   LIBCMT:thread_safe_statics.obj
 0001:0000e94c       __raise_securityfailure    000000018000f94c f   LIBCMT:gs_report.obj
 0001:0000e980       __report_gsfailure         000000018000f980 f   LIBCMT:gs_report.obj
 0001:0000ea54       __report_rangecheckfailure 000000018000fa54 f   LIBCMT:gs_report.obj
 0001:0000ea68       __report_securityfailure   000000018000fa68 f   LIBCMT:gs_report.obj
 0001:0000ebe8       ??2@YAPEAX_KAEBUnothrow_t@std@@@Z 000000018000fbe8 f   LIBCMT:new_scalar_nothrow.obj
 0001:0000ec08       ??_U@YAPEAX_KAEBUnothrow_t@std@@@Z 000000018000fc08 f   LIBCMT:new_array_nothrow.obj
 0001:0000ec10       __GSHandlerCheck           000000018000fc10 f   LIBCMT:gshandler.obj
 0001:0000ec30       __GSHandlerCheckCommon     000000018000fc30 f   LIBCMT:gshandler.obj
 0001:0000ec8c       __GSHandlerCheck_SEH       000000018000fc8c f   LIBCMT:gshandlerseh.obj
 0001:0000ed30       __chkstk                   000000018000fd30 f   LIBCMT:chkstk.obj
 0001:0000ed30       _alloca_probe              000000018000fd30 f   LIBCMT:chkstk.obj
 0001:0000eda0       __security_check_cookie    000000018000fda0 f   LIBCMT:amdsecgs.obj
 0001:0000f0f4       _DllMainCRTStartup         00000001800100f4 f   LIBCMT:dll_dllmain.obj
 0001:0000f134       ??2@YAPEAX_K@Z             0000000180010134 f   LIBCMT:new_scalar.obj
 0001:0000f170       __isa_available_init       0000000180010170 f   LIBCMT:cpu_disp.obj
 0001:0000f32c       __scrt_is_ucrt_dll_in_use  000000018001032c f   LIBCMT:ucrt_detection.obj
 0001:0000f338       __crt_debugger_hook        0000000180010338 f   LIBCMT:utility_desktop.obj
 0001:0000f340       __scrt_fastfail            0000000180010340 f   LIBCMT:utility_desktop.obj
 0001:0000f48c       __security_init_cookie     000000018001048c f   LIBCMT:gs_support.obj
 0001:0000f538       ?__scrt_initialize_type_info@@YAXXZ 0000000180010538 f   LIBCMT:tncleanup.obj
 0001:0000f548       ?__scrt_uninitialize_type_info@@YAXXZ 0000000180010548 f   LIBCMT:tncleanup.obj
 0001:0000f554       __local_stdio_scanf_options 0000000180010554 f i LIBCMT:default_local_stdio_options.obj
 0001:0000f55c       __scrt_initialize_default_local_stdio_options 000000018001055c f   LIBCMT:default_local_stdio_options.obj
 0001:0000f578       __scrt_get_dyn_tls_init_callback 0000000180010578 f   LIBCMT:dyn_tls_init.obj
 0001:0000f580       _RTC_Initialize            0000000180010580 f   LIBCMT:initsect.obj
 0001:0000f5bc       _RTC_Terminate             00000001800105bc f   LIBCMT:initsect.obj
 0001:0000f5f8       ??0bad_alloc@std@@QEAA@AEBV01@@Z 00000001800105f8 f i LIBCMT:throw_bad_alloc.obj
 0001:0000f638       ??0bad_alloc@std@@QEAA@XZ  0000000180010638 f i LIBCMT:throw_bad_alloc.obj
 0001:0000f658       ??0bad_array_new_length@std@@QEAA@AEBV01@@Z 0000000180010658 f i LIBCMT:throw_bad_alloc.obj
 0001:0000f698       ??0bad_array_new_length@std@@QEAA@XZ 0000000180010698 f i LIBCMT:throw_bad_alloc.obj
 0001:0000f6b8       ??0exception@std@@QEAA@AEBV01@@Z 00000001800106b8 f i LIBCMT:throw_bad_alloc.obj
 0001:0000f6f0       ??1bad_exception@std@@UEAA@XZ 00000001800106f0 f i libvcruntime:frame.obj
 0001:0000f6f0       ??1bad_alloc@std@@UEAA@XZ  00000001800106f0 f i LIBCMT:throw_bad_alloc.obj
 0001:0000f6f0       ??1bad_array_new_length@std@@UEAA@XZ 00000001800106f0 f i LIBCMT:throw_bad_alloc.obj
 0001:0000f704       ??_Gbad_exception@std@@UEAAPEAXI@Z 0000000180010704 f i libvcruntime:frame.obj
 0001:0000f704       ??_Gbad_alloc@std@@UEAAPEAXI@Z 0000000180010704 f i LIBCMT:throw_bad_alloc.obj
 0001:0000f704       ??_Ebad_alloc@std@@UEAAPEAXI@Z 0000000180010704 f i LIBCMT:throw_bad_alloc.obj
 0001:0000f704       ??_Gbad_array_new_length@std@@UEAAPEAXI@Z 0000000180010704 f i LIBCMT:throw_bad_alloc.obj
 0001:0000f704       ??_Gexception@std@@UEAAPEAXI@Z 0000000180010704 f i LIBCMT:throw_bad_alloc.obj
 0001:0000f704       ??_Ebad_array_new_length@std@@UEAAPEAXI@Z 0000000180010704 f i LIBCMT:throw_bad_alloc.obj
 0001:0000f704       ??_Ebad_exception@std@@UEAAPEAXI@Z 0000000180010704 f i libvcruntime:frame.obj
 0001:0000f704       ??_Eexception@std@@UEAAPEAXI@Z 0000000180010704 f i LIBCMT:throw_bad_alloc.obj
 0001:0000f748       ?__scrt_throw_std_bad_alloc@@YAXXZ 0000000180010748 f   LIBCMT:throw_bad_alloc.obj
 0001:0000f768       ?__scrt_throw_std_bad_array_new_length@@YAXXZ 0000000180010768 f   LIBCMT:throw_bad_alloc.obj
 0001:0000f788       ?what@exception@std@@UEBAPEBDXZ 0000000180010788 f i LIBCMT:throw_bad_alloc.obj
 0001:0000f7a0       ??_Gtype_info@@UEAAPEAXI@Z 00000001800107a0 f i LIBCMT:std_type_info_static.obj
 0001:0000f7a0       ??_Etype_info@@UEAAPEAXI@Z 00000001800107a0 f i LIBCMT:std_type_info_static.obj
 0001:0000f7cc       ??0CAtlBaseModule@ATL@@QEAA@XZ 00000001800107cc f   atls:atlbase.obj
 0001:0000f874       ??1CAtlBaseModule@ATL@@QEAA@XZ 0000000180010874 f   atls:atlbase.obj
 0001:0000f9a8       ?__AllocStdCallThunk_cmn@@YAPEAXXZ 00000001800109a8 f   atls:atlthunk.obj
 0001:0000fb00       AtlThunk_AllocateData      0000000180010b00 f   atls:atlthunk.obj
 0001:0000fb7c       AtlThunk_DataToCode        0000000180010b7c f   atls:atlthunk.obj
 0001:0000fbd0       AtlThunk_FreeData          0000000180010bd0 f   atls:atlthunk.obj
 0001:0000fc30       AtlThunk_InitData          0000000180010c30 f   atls:atlthunk.obj
 0001:0000fcf0       memset_repmovs             0000000180010cf0 f   libvcruntime:memset.obj
 0001:0000fd10       memset                     0000000180010d10 f   libvcruntime:memset.obj
[...]
 0004:00001704       $pdata$??$?RV<lambda_fb3a7dec4e47f37f22dae91bb15c9095>@@AEAV<lambda_698284760c8add0bfb0756c19673e34b>@@V<lambda_dfb8eca1e75fef3034a8fb18dd509707>@@@?$__crt_seh_guarded_call@X@@QEAAX$$QEAV<lambda_fb3a7dec4e47f37f22dae91bb15c9095>@@AEAV<lambda_698284760c8add0bfb0756c19673e34b>@@$$QEAV<lambda_dfb8eca1e75fef3034a8fb18dd509707>@@@Z 0000000180033704     libucrt:per_thread_data.obj
 0004:00001710       $pdata$_calloc_base        0000000180033710     libucrt:calloc_base.obj
 0004:0000171c       $pdata$_malloc_base        000000018003371c     libucrt:malloc_base.obj
 0004:00001728       $pdata$_msize              0000000180033728     libucrt:msize.obj
 0004:00001734       $pdata$_realloc_base       0000000180033734     libucrt:realloc_base.obj
 0004:00001740       $pdata$__acrt_FlsAlloc     0000000180033740     libucrt:winapi_thunks.obj
 0004:0000174c       $pdata$__acrt_FlsFree      000000018003374c     libucrt:winapi_thunks.obj
 0004:00001758       $pdata$__acrt_FlsGetValue  0000000180033758     libucrt:winapi_thunks.obj
 0004:00001764       $pdata$__acrt_FlsSetValue  0000000180033764     libucrt:winapi_thunks.obj
 0004:00001770       $pdata$__acrt_initialize_winapi_thunks 0000000180033770     libucrt:winapi_thunks.obj
 0004:0000177c       $pdata$__acrt_uninitialize_winapi_thunks 000000018003377c     libucrt:winapi_thunks.obj
 0004:00001788       $pdata$__acrt_InitializeCriticalSectionEx 0000000180033788     libucrt:winapi_thunks.obj
 0004:00001794       $pdata$__acrt_LCMapStringEx 0000000180033794     libucrt:winapi_thunks.obj
 0004:000017a0       $pdata$__acrt_LocaleNameToLCID 00000001800337a0     libucrt:winapi_thunks.obj
 0004:000017ac       $pdata$__acrt_SetThreadStackGuarantee 00000001800337ac     libucrt:winapi_thunks.obj
 0004:000017b8       $pdata$__acrt_is_packaged_app 00000001800337b8     libucrt:winapi_thunks.obj
 0004:000017c4       $pdata$?try_get_function@@YAPEAXW4function_id@?A0x63058377@@QEBDQEBW4module_id@2@2@Z 00000001800337c4     libucrt:winapi_thunks.obj
 0004:000017d0       $pdata$isdigit             00000001800337d0     libucrt:_ctype.obj
 0004:000017dc       $pdata$tolower             00000001800337dc     libucrt:tolower_toupper.obj
 0004:000017e8       $pdata$_tolower_l          00000001800337e8     libucrt:tolower_toupper.obj
 0004:000017f4       $pdata$?internal_isupper_l@@YA_NHQEAU__crt_locale_pointers@@@Z 00000001800337f4     libucrt:tolower_toupper.obj
 0004:00001800       $pdata$wcstol              0000000180033800     libucrt:strtox.obj
 0004:0000180c       $pdata$_mbtowc_l           000000018003380c     libucrt:mbtowc.obj
 0004:00001818       $pdata$wcsnlen             0000000180033818     libucrt:strnlen.obj
 0004:00001824       $pdata$__acrt_update_locale_info 0000000180033824     libucrt:locale_update.obj
 0004:00001830       $pdata$__acrt_update_multibyte_info 0000000180033830     libucrt:locale_update.obj
 0004:0000183c       $pdata$__acrt_fp_format    000000018003383c     libucrt:cvt.obj
 0004:00001848       $pdata$?fp_format_nan_or_infinity@@YAHW4__acrt_fp_class@@_NPEAD_K1@Z 0000000180033848     libucrt:cvt.obj
 0004:00001854       $pdata$?fp_format_e_internal@@YAHQEAD_KH_NIQEAU_strflt@@2QEAU__crt_locale_pointers@@@Z 0000000180033854     libucrt:cvt.obj
 0004:00001860       $pdata$?fp_format_e@@YAHQEBNQEAD_K12H_NIQEAU__crt_locale_pointers@@@Z 0000000180033860     libucrt:cvt.obj
 0004:0000186c       $pdata$?fp_format_a@@YAHQEBNPEAD_KQEAD2H_NIQEAU__crt_locale_pointers@@@Z 000000018003386c     libucrt:cvt.obj
 0004:00001878       $pdata$?fp_format_f_internal@@YAHQEAD_KHQEAU_strflt@@_NQEAU__crt_locale_pointers@@@Z 0000000180033878     libucrt:cvt.obj
 0004:00001884       $pdata$?fp_format_g@@YAHQEBNQEAD_K12H_NIQEAU__crt_locale_pointers@@@Z 0000000180033884     libucrt:cvt.obj
 0004:00001890       $pdata$_fileno             0000000180033890     libucrt:fileno.obj
 0004:0000189c       $pdata$__acrt_initialize_stdio 000000018003389c     libucrt:_file.obj
 0004:000018a8       $pdata$__acrt_uninitialize_stdio 00000001800338a8     libucrt:_file.obj
 0004:000018b4       $pdata$__acrt_uninitialize_locale 00000001800338b4     libucrt:wsetlocale.obj
 0004:000018c0       $pdata$__acrt_uninitialize_locale$fin$0 00000001800338c0     libucrt:wsetlocale.obj
 0004:000018c0       $pdata$__acrt_update_thread_locale_data$fin$0 00000001800338c0     libucrt:locale_refcounting.obj
 0004:000018cc       $pdata$__acrt_initialize_lowio 00000001800338cc     libucrt:ioinit.obj
 0004:000018d8       $pdata$__acrt_initialize_lowio$fin$0 00000001800338d8     libucrt:ioinit.obj
 0004:000018d8       $pdata$__acrt_lowio_ensure_fh_exists$fin$0 00000001800338d8     libucrt:osfinfo.obj
 0004:000018e4       $pdata$__acrt_uninitialize_lowio 00000001800338e4     libucrt:ioinit.obj
 0004:000018f0       $pdata$?initialize_inherited_file_handles_nolock@@YAXXZ 00000001800338f0     libucrt:ioinit.obj
 0004:000018fc       $pdata$?initialize_stdio_handles_nolock@@YAXXZ 00000001800338fc     libucrt:ioinit.obj
 0004:00001908       $pdata$__acrt_initialize_locks 0000000180033908     libucrt:locks.obj
 0004:00001914       $pdata$__acrt_uninitialize_locks 0000000180033914     libucrt:locks.obj
 0004:00001920       $pdata$??$common_expand_argv_wildcards@D@@YAHQEAPEADQEAPEAPEAD@Z 0000000180033920     libucrt:argv_wildcards.obj
 0004:0000192c       $pdata$?expand_if_necessary@?$argument_list@D@?A0xca0879c4@@AEAAHXZ 000000018003392c     libucrt:argv_wildcards.obj
 0004:00001938       $pdata$??$copy_and_add_argument_to_buffer@D@@YAHQEBD0_KAEAV?$argument_list@D@?A0xca0879c4@@@Z 0000000180033938     libucrt:argv_wildcards.obj
 0004:00001944       $pdata$??$expand_argument_wildcards@D@@YAHQEAD0AEAV?$argument_list@D@?A0xca0879c4@@@Z 0000000180033944     libucrt:argv_wildcards.obj
 0004:00001950       $pdata$__acrt_update_thread_multibyte_data 0000000180033950     libucrt:mbctype.obj
 0004:0000195c       $pdata$__acrt_update_thread_multibyte_data$fin$0 000000018003395c     libucrt:mbctype.obj
 0004:00001968       $pdata$__acrt_initialize_multibyte 0000000180033968     libucrt:mbctype.obj
 0004:00001974       $pdata$_setmbcp_nolock     0000000180033974     libucrt:mbctype.obj
 0004:00001980       $pdata$?getSystemCP@@YAHH@Z 0000000180033980     libucrt:mbctype.obj
 0004:0000198c       $pdata$?setSBCS@@YAXPEAU__crt_multibyte_data@@@Z 000000018003398c     libucrt:mbctype.obj
 0004:00001998       $pdata$?setSBUpLow@@YAXPEAU__crt_multibyte_data@@@Z 0000000180033998     libucrt:mbctype.obj
 0004:000019a4       $pdata$?setmbcp_internal@@YAHH_N@Z 00000001800339a4     libucrt:mbctype.obj
 0004:000019b0       $pdata$??R<lambda_ad1ced32f4ac17aa236e5ef05d6b3b7c>@@QEBAXXZ 00000001800339b0     libucrt:mbctype.obj
 0004:000019bc       $pdata$??$?RV<lambda_99476a1ad63dd22509b5d3e65b0ffc95>@@AEAV<lambda_ad1ced32f4ac17aa236e5ef05d6b3b7c>@@V<lambda_f7424dd8d45958661754dc4f2697e9c3>@@@?$__crt_seh_guarded_call@X@@QEAAX$$QEAV<lambda_99476a1ad63dd22509b5d3e65b0ffc95>@@AEAV<lambda_ad1ced32f4ac17aa236e5ef05d6b3b7c>@@$$QEAV<lambda_f7424dd8d45958661754dc4f2697e9c3>@@@Z 00000001800339bc     libucrt:mbctype.obj
 0004:000019c8       $pdata$?x_ismbbtype_l@@YAHPEAU__crt_locale_pointers@@IHH@Z 00000001800339c8     libucrt:ismbbyte.obj
 0004:000019d4       $pdata$__acrt_initialize_command_line 00000001800339d4     libucrt:argv_data.obj
 0004:000019e0       $pdata$__dcrt_get_narrow_environment_from_os 00000001800339e0     libucrt:get_environment_from_os.obj
 0004:000019ec       $pdata$__acrt_initialize_heap 00000001800339ec     libucrt:heap_handle.obj
 0004:000019f8       $pdata$__acrt_execute_initializers 00000001800339f8     libucrt:shared_initialization.obj
 0004:00001a04       $pdata$__acrt_execute_uninitializers 0000000180033a04     libucrt:shared_initialization.obj
 0004:00001a10       $pdata$__acrt_get_sigabrt_handler 0000000180033a10     libucrt:signal.obj
 0004:00001a1c       $pdata$raise               0000000180033a1c     libucrt:signal.obj
 0004:00001a28       $pdata$raise$fin$0         0000000180033a28     libucrt:signal.obj
 0004:00001a34       $pdata$??$?RV<lambda_c36588078e9f5dfd39652860aa6b3aaf>@@AEAV<lambda_ec61778202f4f5fc7e7711acc23c3bca>@@V<lambda_dc9d2797ccde5d239b4a0efae8ebd7db>@@@?$__crt_seh_guarded_call@P6AXH@Z@@QEAAP6AXH@Z$$QEAV<lambda_c36588078e9f5dfd39652860aa6b3aaf>@@AEAV<lambda_ec61778202f4f5fc7e7711acc23c3bca>@@$$QEAV<lambda_dc9d2797ccde5d239b4a0efae8ebd7db>@@@Z 0000000180033a34     libucrt:signal.obj
 0004:00001a40       $pdata$__acrt_invoke_user_matherr 0000000180033a40     libucrt:matherr.obj
 0004:00001a4c       $pdata$__pctype_func       0000000180033a4c     libucrt:ctype.obj
 0004:00001a58       $pdata$iswctype            0000000180033a58     libucrt:iswctype.obj
 0004:00001a64       $pdata$_isctype_l          0000000180033a64     libucrt:isctype.obj
 0004:00001a70       $pdata$__acrt_release_locale_ref 0000000180033a70     libucrt:locale_refcounting.obj
 0004:00001a7c       $pdata$__acrt_free_locale  0000000180033a7c     libucrt:locale_refcounting.obj
 0004:00001a88       $pdata$__acrt_locale_free_lc_time_if_unreferenced 0000000180033a88     libucrt:locale_refcounting.obj
 0004:00001a94       $pdata$__acrt_update_thread_locale_data 0000000180033a94     libucrt:locale_refcounting.obj
 0004:00001aa0       $pdata$_updatetlocinfoEx_nolock 0000000180033aa0     libucrt:locale_refcounting.obj
 0004:00001aac       $pdata$__acrt_DownlevelLocaleNameToLCID 0000000180033aac     libucrt:lcidtoname_downlevel.obj
 0004:00001ab8       $pdata$?GetTableIndexFromLocaleName@@YAHPEB_W@Z 0000000180033ab8     libucrt:lcidtoname_downlevel.obj
 0004:00001ac4       $pdata$_isleadbyte_l       0000000180033ac4     libucrt:_wctype.obj
 0004:00001ad0       $pdata$__acrt_LCMapStringA 0000000180033ad0     libucrt:lcmapstringa.obj
 0004:00001adc       $pdata$?__acrt_LCMapStringA_stat@@YAHPEAU__crt_locale_pointers@@PEB_WKPEBDHPEADHHH@Z 0000000180033adc     libucrt:lcmapstringa.obj
 0004:00001ae8       $pdata$__acrt_fp_strflt_to_string 0000000180033ae8     libucrt:_fptostr.obj
 0004:00001af4       $pdata$memcpy_s            0000000180033af4     libucrt:cfout.obj
 0004:00001b00       $pdata$__acrt_fltout       0000000180033b00     libucrt:cfout.obj
 0004:00001b0c       $pdata$?divide@__crt_strtox@@YA_KAEAUbig_integer@1@AEBU21@@Z 0000000180033b0c     libucrt:cfout.obj
 0004:00001b18       $pdata$5$?divide@__crt_strtox@@YA_KAEAUbig_integer@1@AEBU21@@Z 0000000180033b18     libucrt:cfout.obj
 0004:00001b24       $pdata$6$?divide@__crt_strtox@@YA_KAEAUbig_integer@1@AEBU21@@Z 0000000180033b24     libucrt:cfout.obj
 0004:00001b30       $pdata$_fcloseall          0000000180033b30     libucrt:closeall.obj
 0004:00001b3c       $pdata$_fcloseall$fin$0    0000000180033b3c     libucrt:closeall.obj
 0004:00001b48       $pdata$_fflush_nolock      0000000180033b48     libucrt:fflush.obj
 0004:00001b54       $pdata$__acrt_stdio_flush_nolock 0000000180033b54     libucrt:fflush.obj
 0004:00001b60       $pdata$common_flush_all    0000000180033b60     libucrt:fflush.obj
 0004:00001b6c       $pdata$common_flush_all$fin$0 0000000180033b6c     libucrt:fflush.obj
 0004:00001b78       $pdata$common_flush_all$fin$1 0000000180033b78     libucrt:fflush.obj
 0004:00001b84       $pdata$__acrt_stdio_free_buffer_nolock 0000000180033b84     libucrt:_freebuf.obj
 0004:00001b90       $pdata$_isatty             0000000180033b90     libucrt:isatty.obj
 0004:00001b9c       $pdata$__acrt_locale_free_monetary 0000000180033b9c     libucrt:initmon.obj
 0004:00001ba8       $pdata$__acrt_locale_free_numeric 0000000180033ba8     libucrt:initnum.obj
 0004:00001bb4       $pdata$__acrt_locale_free_time 0000000180033bb4     libucrt:inittime.obj
 0004:00001bc0       $pdata$?free_crt_array_internal@@YAXQEAPEBX_K@Z 0000000180033bc0     libucrt:inittime.obj
 0004:00001bcc       $pdata$__acrt_GetStringTypeA 0000000180033bcc     libucrt:getstringtypea.obj
 0004:00001bd8       $pdata$_get_osfhandle      0000000180033bd8     libucrt:osfinfo.obj
 0004:00001be4       $pdata$_free_osfhnd        0000000180033be4     libucrt:osfinfo.obj
 0004:00001bf0       $pdata$__acrt_lowio_create_handle_array 0000000180033bf0     libucrt:osfinfo.obj
 0004:00001bfc       $pdata$__acrt_lowio_destroy_handle_array 0000000180033bfc     libucrt:osfinfo.obj
 0004:00001c08       $pdata$__acrt_lowio_ensure_fh_exists 0000000180033c08     libucrt:osfinfo.obj
 0004:00001c14       $pdata$qsort               0000000180033c14     libucrt:qsort.obj
 0004:00001c20       $pdata$4$qsort             0000000180033c20     libucrt:qsort.obj
 0004:00001c2c       $pdata$5$qsort             0000000180033c2c     libucrt:qsort.obj
 0004:00001c38       $pdata$?shortsort@@YAXPEAD0_KP6AHPEBX2@Z@Z 0000000180033c38     libucrt:qsort.obj
 0004:00001c44       $pdata$2$?shortsort@@YAXPEAD0_KP6AHPEBX2@Z@Z 0000000180033c44     libucrt:qsort.obj
 0004:00001c50       $pdata$3$?shortsort@@YAXPEAD0_KP6AHPEBX2@Z@Z 0000000180033c50     libucrt:qsort.obj
 0004:00001c5c       $pdata$strncpy_s           0000000180033c5c     libucrt:strncpy_s.obj
 0004:00001c68       $pdata$strpbrk             0000000180033c68     libucrt:strpbrk.obj
 0004:00001c74       $pdata$_mbsdec_l           0000000180033c74     libucrt:mbsdec.obj
 0004:00001c80       $pdata$?initialize_multibyte@@YAHXZ 0000000180033c80     libucrt:multibyte_initializer.obj
 0004:00001c8c       $pdata$fegetenv            0000000180033c8c     libucrt:fegetenv.obj
 0004:00001c98       $pdata$fesetenv            0000000180033c98     libucrt:fesetenv.obj
 0004:00001ca4       $pdata$feholdexcept        0000000180033ca4     libucrt:feholdexcept.obj
 0004:00001cbc       $pdata$_write              0000000180033cbc     libucrt:write.obj
 0004:00001cc8       $pdata$_write$fin$0        0000000180033cc8     libucrt:write.obj
 0004:00001cd4       $pdata$_write_nolock       0000000180033cd4     libucrt:write.obj
 0004:00001ce0       $pdata$?write_double_translated_ansi_nolock@@YA?AUwrite_result@?A0x9c548279@@HQEBDI@Z 0000000180033ce0     libucrt:write.obj
 0004:00001cec       $pdata$?write_text_ansi_nolock@@YA?AUwrite_result@?A0x9c548279@@HQEBDI@Z 0000000180033cec     libucrt:write.obj
 0004:00001cf8       $pdata$?write_text_utf16le_nolock@@YA?AUwrite_result@?A0x9c548279@@HQEBDI@Z 0000000180033cf8     libucrt:write.obj
 0004:00001d04       $pdata$?write_text_utf8_nolock@@YA?AUwrite_result@?A0x9c548279@@HQEBDI@Z 0000000180033d04     libucrt:write.obj
 0004:00001d10       $pdata$??$common_lseek_nolock@_J@@YA_JH_JH@Z 0000000180033d10     libucrt:lseek.obj
 0004:00001d1c       $pdata$fclose              0000000180033d1c     libucrt:fclose.obj
 0004:00001d28       $pdata$fclose$fin$0        0000000180033d28     libucrt:fclose.obj
 0004:00001d34       $pdata$_fclose_nolock      0000000180033d34     libucrt:fclose.obj
 0004:00001d40       $pdata$_commit             0000000180033d40     libucrt:commit.obj
 0004:00001d4c       $pdata$??$?RV<lambda_b521505b218e5242e90febf6bfebc422>@@AEAV<lambda_6978c1fb23f02e42e1d9e99668cc68aa>@@V<lambda_314360699dd331753a4119843814e9a7>@@@?$__crt_seh_guarded_call@H@@QEAAH$$QEAV<lambda_b521505b218e5242e90febf6bfebc422>@@AEAV<lambda_6978c1fb23f02e42e1d9e99668cc68aa>@@$$QEAV<lambda_314360699dd331753a4119843814e9a7>@@@Z 0000000180033d4c     libucrt:commit.obj
 0004:00001d58       $pdata$?fin$0@?0???$?RV<lambda_b521505b218e5242e90febf6bfebc422>@@AEAV<lambda_6978c1fb23f02e42e1d9e99668cc68aa>@@V<lambda_314360699dd331753a4119843814e9a7>@@@?$__crt_seh_guarded_call@H@@QEAAH$$QEAV<lambda_b521505b218e5242e90febf6bfebc422>@@AEAV<lambda_6978c1fb23f02e42e1d9e99668cc68aa>@@$$QEAV<lambda_314360699dd331753a4119843814e9a7>@@@Z@4HA 0000000180033d58     libucrt:commit.obj
 0004:00001d58       $pdata$?fin$0@?0???$?RV<lambda_bfedae4ebbf01fab1bb6dcc6a9e276e0>@@AEAV<lambda_2fe9b910cf3cbf4a0ab98a02ba45b3ec>@@V<lambda_237c231691f317818eb88cc1d5d642d6>@@@?$__crt_seh_guarded_call@H@@QEAAH$$QEAV<lambda_bfedae4ebbf01fab1bb6dcc6a9e276e0>@@AEAV<lambda_2fe9b910cf3cbf4a0ab98a02ba45b3ec>@@$$QEAV<lambda_237c231691f317818eb88cc1d5d642d6>@@@Z@4HA 0000000180033d58     libucrt:close.obj
 0004:00001d64       $pdata$_setfpstatusword    0000000180033d64     libucrt:_fenvutils.obj
 0004:00001d70       $pdata$_getfpcontrolword   0000000180033d70     libucrt:_fenvutils.obj
 0004:00001d7c       $pdata$_getfpstatusword    0000000180033d7c     libucrt:_fenvutils.obj
 0004:00001d88       $pdata$_clearfp            0000000180033d88     libucrt:ieee.obj
 0004:00001d94       $pdata$common_control87    0000000180033d94     libucrt:ieee.obj
 0004:00001da0       $pdata$_ctrlfp$filt$0      0000000180033da0     libucrt:fpctrl.obj
 0004:00001da0       $pdata$common_control87$filt$0 0000000180033da0     libucrt:ieee.obj
 0004:00001dac       $pdata$_call_matherr       0000000180033dac     libucrt:libm_error.obj
 0004:00001db8       $pdata$_exception_enabled  0000000180033db8     libucrt:libm_error.obj
 0004:00001dc4       $pdata$_handle_error       0000000180033dc4     libucrt:libm_error.obj
 0004:00001dd0       $pdata$__acrt_initialize_fma3 0000000180033dd0     libucrt:fma3_available.obj
 0004:00001ddc       $pdata$_log_special_common 0000000180033ddc     libucrt:log_special.obj
 0004:00001de8       $pdata$_log10_special      0000000180033de8     libucrt:log_special.obj
 0004:00001df4       $pdata$_putwch_nolock      0000000180033df4     libucrt:putwch.obj
 0004:00001e00       $pdata$_close              0000000180033e00     libucrt:close.obj
 0004:00001e0c       $pdata$_close_nolock       0000000180033e0c     libucrt:close.obj
 0004:00001e18       $pdata$??$?RV<lambda_bfedae4ebbf01fab1bb6dcc6a9e276e0>@@AEAV<lambda_2fe9b910cf3cbf4a0ab98a02ba45b3ec>@@V<lambda_237c231691f317818eb88cc1d5d642d6>@@@?$__crt_seh_guarded_call@H@@QEAAH$$QEAV<lambda_bfedae4ebbf01fab1bb6dcc6a9e276e0>@@AEAV<lambda_2fe9b910cf3cbf4a0ab98a02ba45b3ec>@@$$QEAV<lambda_237c231691f317818eb88cc1d5d642d6>@@@Z 0000000180033e18     libucrt:close.obj
 0004:00001e30       $pdata$_set_errno_from_matherr 0000000180033e30     libucrt:fpexcept.obj
 0004:00001e3c       $pdata$_raise_exc          0000000180033e3c     libucrt:fpexcept.obj
 0004:00001e48       $pdata$_raise_exc_ex       0000000180033e48     libucrt:fpexcept.obj
 0004:00001e54       $pdata$_clrfp              0000000180033e54     libucrt:fpctrl.obj
 0004:00001e60       $pdata$_ctrlfp             0000000180033e60     libucrt:fpctrl.obj
 0004:00001e6c       $pdata$_statfp             0000000180033e6c     libucrt:fpctrl.obj
 0004:00001e78       $pdata$_set_statfp         0000000180033e78     libucrt:fpctrl.obj
 0004:00001e84       $pdata$__dcrt_lowio_initialize_console_output 0000000180033e84     libucrt:initcon.obj
 0004:00001e90       $pdata$__dcrt_terminate_console_output 0000000180033e90     libucrt:initcon.obj
 0004:00001e9c       $pdata$_IsNonwritableInCurrentImage 0000000180033e9c     LIBCMT:pesect.obj
 0004:00001ea8       $pdata$_IsNonwritableInCurrentImage$filt$0 0000000180033ea8     LIBCMT:pesect.obj
 0004:00001eb4       $pdata$strrchr             0000000180033eb4     libvcruntime:strrchr.obj
 0005:00000220       $R000000                   0000000180034220     SmartCardRW.res
 0005:00000b98       $R000978                   0000000180034b98     SmartCardRW.res
 0005:00000c80       $R000A60                   0000000180034c80     SmartCardRW.res
 0005:00000ee8       $R000CC8                   0000000180034ee8     SmartCardRW.res
 0005:000013c0       $R0011A0                   00000001800353c0     SmartCardRW.res
 0005:000043e8       $R0041C8                   00000001800383e8     SmartCardRW.res
 0005:00004420       $R004200                   0000000180038420     SmartCardRW.res
