 OPOSRemoteOrderDisplay

 Timestamp is 5defaa9e (Tue Dec 10 23:24:30 2019)

 Preferred load address is 0000000180000000

 Start         Length     Name                   Class
 0001:00000000 000000c0H .text$di                CODE
 0001:000000c0 000213b0H .text$mn                CODE
 0001:00021470 00000020H .text$mn$00             CODE
 0001:00021490 00000490H .text$x                 CODE
 0001:00021920 00000078H .text$yd                CODE
 0002:00000000 00000618H .idata$5                DATA
 0002:00000618 00000010H .00cfg                  DATA
 0002:00000628 00000008H .CRT$XCA                DATA
 0002:00000630 00000008H .CRT$XCL                DATA
 0002:00000638 00000020H .CRT$XCU                DATA
 0002:00000658 00000008H .CRT$XCZ                DATA
 0002:00000660 00000008H .CRT$XIA                DATA
 0002:00000668 00000020H .CRT$XIC                DATA
 0002:00000688 00000008H .CRT$XIZ                DATA
 0002:00000690 00000008H .CRT$XLA                DATA
 0002:00000698 00000008H .CRT$XLZ                DATA
 0002:000006a0 00000008H .CRT$XPA                DATA
 0002:000006a8 00000010H .CRT$XPX                DATA
 0002:000006b8 00000008H .CRT$XPXA               DATA
 0002:000006c0 00000008H .CRT$XPZ                DATA
 0002:000006c8 00000008H .CRT$XTA                DATA
 0002:000006d0 00000010H .CRT$XTZ                DATA
 0002:000006d8 00000000H .gfids$y                DATA
 0002:000006e0 0000a7e8H .rdata                  DATA
 0002:0000aec8 00000028H .rdata$T                DATA
 0002:0000aef0 00000274H .rdata$r                DATA
 0002:0000b164 00000414H .rdata$zzzdbg           DATA
 0002:0000b578 00000008H .rtc$IAA                DATA
 0002:0000b580 00000008H .rtc$IZZ                DATA
 0002:0000b588 00000008H .rtc$TAA                DATA
 0002:0000b590 00000008H .rtc$TZZ                DATA
 0002:0000b598 00000004H .tls                    DATA
 0002:0000b59c 00000004H .tls$                   DATA
 0002:0000b5a0 00000008H .tls$ZZZ                DATA
 0002:0000b5a8 000016e0H .xdata                  DATA
 0002:0000cc88 00000150H .xdata$x                DATA
 0002:0000cdd8 00000008H ATL$__a                 DATA
 0002:0000cde0 00000010H ATL$__z                 DATA
 0002:0000cdf0 000000b4H .edata                  DATA
 0002:0000cea4 00000078H .idata$2                DATA
 0002:0000cf1c 00000014H .idata$3                DATA
 0002:0000cf30 00000618H .idata$4                DATA
 0002:0000d548 00000c24H .idata$6                DATA
 0003:00000000 00000e18H .data                   DATA
 0003:00000e18 000000c8H .data$r                 DATA
 0003:00000ee0 0000140cH .bss                    DATA
 0004:00000000 00001f20H .pdata                  DATA
 0005:00000000 00000094H _RDATA                  DATA
 0006:00000000 00000220H .rsrc$01                DATA
 0006:00000220 000056b0H .rsrc$02                DATA

  Address         Publics by Value              Rva+Base               Lib:Object

 0000:00000000       __guard_fids_count         0000000000000000     <absolute>
 0000:00000000       __guard_longjmp_count      0000000000000000     <absolute>
 0000:00000000       __guard_longjmp_table      0000000000000000     <absolute>
 0000:00000000       __hybrid_code_map          0000000000000000     <absolute>
 0000:00000000       __guard_iat_count          0000000000000000     <absolute>
 0000:00000000       __guard_iat_table          0000000000000000     <absolute>
 0000:00000000       __volatile_metadata        0000000000000000     <absolute>
 0000:00000000       __hybrid_code_map_count    0000000000000000     <absolute>
 0000:00000000       __enclave_config           0000000000000000     <absolute>
 0000:00000000       ___safe_se_handler_count   0000000000000000     <absolute>
 0000:00000000       __AbsoluteZero             0000000000000000     <absolute>
 0000:00000000       ___safe_se_handler_table   0000000000000000     <absolute>
 0000:00000000       __guard_fids_table         0000000000000000     <absolute>
 0000:00000000       __hybrid_auxiliary_iat     0000000000000000     <absolute>
 0000:00000000       __dynamic_value_reloc_table 0000000000000000     <absolute>
 0000:00000100       __guard_flags              0000000000000100     <absolute>
 0000:00000000       __ImageBase                0000000180000000     <linker-defined>
 0001:000000c0       ?DupWide@_CW@@AEAAXXZ      00000001800010c0 f   CWString.obj
 0001:000000e8       ?cw_dup@@YAXPEBDAEAHAEAPEA_W1@Z 00000001800010e8 f   CWString.obj
 0001:000001c8       ?cw_memcpy@@YAHPEA_WPEBDH@Z 00000001800011c8 f   CWString.obj
 0001:00000214       ?cw_strcpy@@YAHPEA_WPEBD@Z 0000000180001214 f   CWString.obj
 0001:00000228       ??0CAtlComModule@ATL@@QEAA@XZ 0000000180001228 f i OposVariant.obj
 0001:000002a8       ??0CAtlWinModule@ATL@@QEAA@XZ 00000001800012a8 f i OposVariant.obj
 0001:00000314       ??0OposDispParms@@QEAA@PEAVOposVariant@@H@Z 0000000180001314 f   OposVariant.obj
 0001:000003bc       ??1OposDispParms@@QEAA@XZ  00000001800013bc f   OposVariant.obj
 0001:000003d4       ??_Estringdispid@CComTypeInfoHolder@ATL@@QEAAPEAXI@Z 00000001800013d4 f i OposVariant.obj
 0001:00000478       ?AtlWinModuleTerm@ATL@@YAJPEAU_ATL_WIN_MODULE70@1@PEAUHINSTANCE__@@@Z 0000000180001478 f i OposVariant.obj
 0001:00000528       ?ChangeBSTR@OposVariant@@QEAAXPEAPEA_WAEAJ@Z 0000000180001528 f   OposVariant.obj
 0001:00000588       ?ChangeLONG@OposVariant@@QEAAXPEAJAEAJ@Z 0000000180001588 f   OposVariant.obj
 0001:000005e4       ?GetLONG@OposVariant@@QEAAJXZ 00000001800015e4 f   OposVariant.obj
 0001:00000608       ?SetBSTR@OposVariant@@QEAAXPEA_WAEAJ@Z 0000000180001608 f   OposVariant.obj
 0001:00000648       ?SetBSTR_Copy@OposVariant@@QEAAXPEA_WAEAJ@Z 0000000180001648 f   OposVariant.obj
 0001:000006b8       ?SetBSTR_InOutPtr@OposVariant@@QEAA_NPEAPEA_WAEAJ@Z 00000001800016b8 f   OposVariant.obj
 0001:00000708       ?SetDispatch_Ptr@OposVariant@@QEAAXPEAUIDispatch@@AEAJ@Z 0000000180001708 f   OposVariant.obj
 0001:00000760       ?SetLONG@OposVariant@@QEAAXJ@Z 0000000180001760 f   OposVariant.obj
 0001:00000790       ?SetLONG_Ptr@OposVariant@@QEAAXPEAJAEAJ@Z 0000000180001790 f   OposVariant.obj
 0001:000007dc       ?SetString@OposVariant@@QEAAXPEB_WAEAJ@Z 00000001800017dc f   OposVariant.obj
 0001:00000840       ?SetVARIANT_BOOL@OposVariant@@QEAAXF@Z 0000000180001840 f   OposVariant.obj
 0001:00000878       ?Term@CAtlComModule@ATL@@QEAAXXZ 0000000180001878 f i OposVariant.obj
 0001:000008e8       ?_AtlInitializeCriticalSectionEx@ATL@@YAHPEAU_RTL_CRITICAL_SECTION@@KK@Z 00000001800018e8 f i OposVariant.obj
 0001:000008f0       ?_AtlRaiseException@ATL@@YAXKK@Z 00000001800018f0 f i OposVariant.obj
 0001:00000900       ?GetWindowProc@?$CWindowImplBaseT@VCWindow@ATL@@V?$CWinTraits@$0FGAAAAAA@$0A@@2@@ATL@@UEAAP6A_JPEAUHWND__@@I_K_J@ZXZ 0000000180001900 f i RemoteOrderDisplay.obj
 0001:00000908       ?StartWindowProc@?$CWindowImplBaseT@VCWindow@ATL@@V?$CWinTraits@$0FGAAAAAA@$0A@@2@@ATL@@SA_JPEAUHWND__@@I_K_J@Z 0000000180001908 f i RemoteOrderDisplay.obj
 0001:000009cc       ?ObjectMain@CComObjectRootBase@ATL@@SAX_N@Z 00000001800019cc f i RemoteOrderDisplay.obj
 0001:000009cc       ?OnFinalMessage@?$CWindowImplBaseT@VCWindow@ATL@@V?$CWinTraits@$0FGAAAAAA@$0A@@2@@ATL@@UEAAXPEAUHWND__@@@Z 00000001800019cc f i RemoteOrderDisplay.obj
 0001:000009cc       _guard_check_icall_nop     00000001800019cc f i LIBCMT:guard_support.obj
 0001:000009d0       ?GetTypeInfoCount@?$IDispatchImpl@UIOPOSRemoteOrderDisplay@@$1?IID_IOPOSRemoteOrderDisplay@@3U_GUID@@B$1?LIBID_OposRemoteOrderDisplay_CCO@@3U3@B$00$0A@VCComTypeInfoHolder@ATL@@@ATL@@UEAAJPEAI@Z 00000001800019d0 f i RemoteOrderDisplay.obj
 0001:000009e4       ?GetTypeInfo@?$IDispatchImpl@UIOPOSRemoteOrderDisplay@@$1?IID_IOPOSRemoteOrderDisplay@@3U_GUID@@B$1?LIBID_OposRemoteOrderDisplay_CCO@@3U3@B$00$0A@VCComTypeInfoHolder@ATL@@@ATL@@UEAAJIKPEAPEAUITypeInfo@@@Z 00000001800019e4 f i RemoteOrderDisplay.obj
 0001:00000a48       ?GetIDsOfNames@?$IDispatchImpl@UIOPOSRemoteOrderDisplay@@$1?IID_IOPOSRemoteOrderDisplay@@3U_GUID@@B$1?LIBID_OposRemoteOrderDisplay_CCO@@3U3@B$00$0A@VCComTypeInfoHolder@ATL@@@ATL@@UEAAJAEBU_GUID@@PEAPEA_WIKPEAJ@Z 0000000180001a48 f i RemoteOrderDisplay.obj
 0001:00000a54       ?Invoke@?$IDispatchImpl@UIOPOSRemoteOrderDisplay@@$1?IID_IOPOSRemoteOrderDisplay@@3U_GUID@@B$1?LIBID_OposRemoteOrderDisplay_CCO@@3U3@B$00$0A@VCComTypeInfoHolder@ATL@@@ATL@@UEAAJJAEBU_GUID@@KGPEAUtagDISPPARAMS@@PEAUtagVARIANT@@PEAUtagEXCEPINFO@@PEAI@Z 0000000180001a54 f i RemoteOrderDisplay.obj
 0001:00000ae4       ?CreateControlWindow@?$CComControl@VCOPOSRemoteOrderDisplay@@V?$CWindowImpl@VCOPOSRemoteOrderDisplay@@VCWindow@ATL@@V?$CWinTraits@$0FGAAAAAA@$0A@@3@@ATL@@@ATL@@UEAAPEAUHWND__@@PEAU3@AEAUtagRECT@@@Z 0000000180001ae4 f i RemoteOrderDisplay.obj
 0001:00000b1c       ?ControlQueryInterface@?$CComControl@VCOPOSRemoteOrderDisplay@@V?$CWindowImpl@VCOPOSRemoteOrderDisplay@@VCWindow@ATL@@V?$CWinTraits@$0FGAAAAAA@$0A@@3@@ATL@@@ATL@@UEAAJAEBU_GUID@@PEAPEAX@Z 0000000180001b1c f i RemoteOrderDisplay.obj
 0001:00000b30       ?GetClassID@?$IPersistStorageImpl@VCOPOSRemoteOrderDisplay@@@ATL@@UEAAJPEAU_GUID@@@Z 0000000180001b30 f i RemoteOrderDisplay.obj
 0001:00000b30       ?GetClassID@?$IPersistStreamInitImpl@VCOPOSRemoteOrderDisplay@@@ATL@@UEAAJPEAU_GUID@@@Z 0000000180001b30 f i RemoteOrderDisplay.obj
 0001:00000b30       ?GetUserClassID@?$IOleObjectImpl@VCOPOSRemoteOrderDisplay@@@ATL@@UEAAJPEAU_GUID@@@Z 0000000180001b30 f i RemoteOrderDisplay.obj
 0001:00000b4c       ?IsDirty@?$IPersistStreamInitImpl@VCOPOSRemoteOrderDisplay@@@ATL@@UEAAJXZ 0000000180001b4c f i RemoteOrderDisplay.obj
 0001:00000b68       ?Load@?$IPersistStreamInitImpl@VCOPOSRemoteOrderDisplay@@@ATL@@UEAAJPEAUIStream@@@Z 0000000180001b68 f i RemoteOrderDisplay.obj
 0001:00000b80       ?Save@?$IPersistStreamInitImpl@VCOPOSRemoteOrderDisplay@@@ATL@@UEAAJPEAUIStream@@H@Z 0000000180001b80 f i RemoteOrderDisplay.obj
 0001:00000b98       ?GetSizeMax@?$IPersistStreamInitImpl@VCOPOSRemoteOrderDisplay@@@ATL@@UEAAJPEAT_ULARGE_INTEGER@@@Z 0000000180001b98 f i RemoteOrderDisplay.obj
 0001:00000dc4       ?InitNew@?$IPersistStreamInitImpl@VCOPOSRemoteOrderDisplay@@@ATL@@UEAAJXZ 0000000180001dc4 f i RemoteOrderDisplay.obj
 0001:00000ddc       ?GetDataHere@?$IDataObjectImpl@VCOPOSRemoteOrderDisplay@@@ATL@@UEAAJPEAUtagFORMATETC@@PEAUtagSTGMEDIUM@@@Z 0000000180001ddc f i RemoteOrderDisplay.obj
 0001:00000ddc       ?ContextSensitiveHelp@?$IOleInPlaceActiveObjectImpl@VCOPOSRemoteOrderDisplay@@@ATL@@UEAAJH@Z 0000000180001ddc f i RemoteOrderDisplay.obj
 0001:00000ddc       ?GetMoniker@?$IOleObjectImpl@VCOPOSRemoteOrderDisplay@@@ATL@@UEAAJKKPEAPEAUIMoniker@@@Z 0000000180001ddc f i RemoteOrderDisplay.obj
 0001:00000ddc       ?EnumFormatEtc@?$IDataObjectImpl@VCOPOSRemoteOrderDisplay@@@ATL@@UEAAJKPEAPEAUIEnumFORMATETC@@@Z 0000000180001ddc f i RemoteOrderDisplay.obj
 0001:00000ddc       ?GetCanonicalFormatEtc@?$IDataObjectImpl@VCOPOSRemoteOrderDisplay@@@ATL@@UEAAJPEAUtagFORMATETC@@0@Z 0000000180001ddc f i RemoteOrderDisplay.obj
 0001:00000ddc       ?SetMoniker@?$IOleObjectImpl@VCOPOSRemoteOrderDisplay@@@ATL@@UEAAJKPEAUIMoniker@@@Z 0000000180001ddc f i RemoteOrderDisplay.obj
 0001:00000ddc       ?QueryInterface@CRegObject@ATL@@UEAAJAEBU_GUID@@PEAPEAX@Z 0000000180001ddc f i RemoteOrderDisplay.obj
 0001:00000ddc       ?GetColorSet@?$IViewObjectExImpl@VCOPOSRemoteOrderDisplay@@@ATL@@UEAAJKJPEAXPEAUtagDVTARGETDEVICE@@PEAUHDC__@@PEAPEAUtagLOGPALETTE@@@Z 0000000180001ddc f i RemoteOrderDisplay.obj
 0001:00000ddc       ?GetClipboardData@?$IOleObjectImpl@VCOPOSRemoteOrderDisplay@@@ATL@@UEAAJKPEAPEAUIDataObject@@@Z 0000000180001ddc f i RemoteOrderDisplay.obj
 0001:00000ddc       ?GetControlInfo@?$IOleControlImpl@VCOPOSRemoteOrderDisplay@@@ATL@@UEAAJPEAUtagCONTROLINFO@@@Z 0000000180001ddc f i RemoteOrderDisplay.obj
 0001:00000ddc       ?Unfreeze@?$IViewObjectExImpl@VCOPOSRemoteOrderDisplay@@@ATL@@UEAAJK@Z 0000000180001ddc f i RemoteOrderDisplay.obj
 0001:00000ddc       ?Freeze@?$IViewObjectExImpl@VCOPOSRemoteOrderDisplay@@@ATL@@UEAAJKJPEAXPEAK@Z 0000000180001ddc f i RemoteOrderDisplay.obj
 0001:00000ddc       ?ReactivateAndUndo@?$IOleInPlaceObjectWindowlessImpl@VCOPOSRemoteOrderDisplay@@@ATL@@UEAAJXZ 0000000180001ddc f i RemoteOrderDisplay.obj
 0001:00000ddc       ?ContextSensitiveHelp@?$IOleInPlaceObjectWindowlessImpl@VCOPOSRemoteOrderDisplay@@@ATL@@UEAAJH@Z 0000000180001ddc f i RemoteOrderDisplay.obj
 0001:00000ddc       ?GetRect@?$IViewObjectExImpl@VCOPOSRemoteOrderDisplay@@@ATL@@UEAAJKPEAU_RECTL@@@Z 0000000180001ddc f i RemoteOrderDisplay.obj
 0001:00000ddc       ?InitFromData@?$IOleObjectImpl@VCOPOSRemoteOrderDisplay@@@ATL@@UEAAJPEAUIDataObject@@HK@Z 0000000180001ddc f i RemoteOrderDisplay.obj
 0001:00000ddc       ?QueryGetData@?$IDataObjectImpl@VCOPOSRemoteOrderDisplay@@@ATL@@UEAAJPEAUtagFORMATETC@@@Z 0000000180001ddc f i RemoteOrderDisplay.obj
 0001:00000ddc       ?SetColorScheme@?$IOleObjectImpl@VCOPOSRemoteOrderDisplay@@@ATL@@UEAAJPEAUtagLOGPALETTE@@@Z 0000000180001ddc f i RemoteOrderDisplay.obj
 0001:00000ddc       ?SetData@?$IDataObjectImpl@VCOPOSRemoteOrderDisplay@@@ATL@@UEAAJPEAUtagFORMATETC@@PEAUtagSTGMEDIUM@@H@Z 0000000180001ddc f i RemoteOrderDisplay.obj
 0001:00000ddc       ?GetDropTarget@?$IOleInPlaceObjectWindowlessImpl@VCOPOSRemoteOrderDisplay@@@ATL@@UEAAJPEAPEAUIDropTarget@@@Z 0000000180001ddc f i RemoteOrderDisplay.obj
 0001:00000ddc       ?OnMnemonic@?$IOleControlImpl@VCOPOSRemoteOrderDisplay@@@ATL@@UEAAJPEAUtagMSG@@@Z 0000000180001ddc f i RemoteOrderDisplay.obj
 0001:00000de4       ?OnFrameWindowActivate@?$IOleInPlaceActiveObjectImpl@VCOPOSRemoteOrderDisplay@@@ATL@@UEAAJH@Z 0000000180001de4 f i RemoteOrderDisplay.obj
 0001:00000de4       ?EnableModeless@?$IOleInPlaceActiveObjectImpl@VCOPOSRemoteOrderDisplay@@@ATL@@UEAAJH@Z 0000000180001de4 f i RemoteOrderDisplay.obj
 0001:00000de4       ?Update@?$IOleObjectImpl@VCOPOSRemoteOrderDisplay@@@ATL@@UEAAJXZ 0000000180001de4 f i RemoteOrderDisplay.obj
 0001:00000de4       ?SetHostNames@?$IOleObjectImpl@VCOPOSRemoteOrderDisplay@@@ATL@@UEAAJPEB_W0@Z 0000000180001de4 f i RemoteOrderDisplay.obj
 0001:00000de4       ?GetCategoryMap@CComObjectRootBase@ATL@@SAPEBU_ATL_CATMAP_ENTRY@2@XZ 0000000180001de4 f i RemoteOrderDisplay.obj
 0001:00000de4       ?OnAmbientPropertyChange@?$IOleControlImpl@VCOPOSRemoteOrderDisplay@@@ATL@@UEAAJJ@Z 0000000180001de4 f i RemoteOrderDisplay.obj
 0001:00000de4       ?ResizeBorder@?$IOleInPlaceActiveObjectImpl@VCOPOSRemoteOrderDisplay@@@ATL@@UEAAJPEBUtagRECT@@PEAUIOleInPlaceUIWindow@@H@Z 0000000180001de4 f i RemoteOrderDisplay.obj
 0001:00000de4       ?GetObjectDescription@?$CComCoClass@VCOPOSRemoteOrderDisplay@@$1?CLSID_OPOSRemoteOrderDisplay@@3U_GUID@@B@ATL@@SAPEB_WXZ 0000000180001de4 f i RemoteOrderDisplay.obj
 0001:00000de4       ?HandsOffStorage@?$IPersistStorageImpl@VCOPOSRemoteOrderDisplay@@@ATL@@UEAAJXZ 0000000180001de4 f i RemoteOrderDisplay.obj
 0001:00000de4       ?SaveCompleted@?$IPersistStorageImpl@VCOPOSRemoteOrderDisplay@@@ATL@@UEAAJPEAUIStorage@@@Z 0000000180001de4 f i RemoteOrderDisplay.obj
 0001:00000de4       ?IsUpToDate@?$IOleObjectImpl@VCOPOSRemoteOrderDisplay@@@ATL@@UEAAJXZ 0000000180001de4 f i RemoteOrderDisplay.obj
 0001:00000de4       ?Release@CRegObject@ATL@@UEAAKXZ 0000000180001de4 f i RemoteOrderDisplay.obj
 0001:00000de8       ?SetClientSite@?$IOleObjectImpl@VCOPOSRemoteOrderDisplay@@@ATL@@UEAAJPEAUIOleClientSite@@@Z 0000000180001de8 f i RemoteOrderDisplay.obj
 0001:00000e04       ?GetClientSite@?$IOleObjectImpl@VCOPOSRemoteOrderDisplay@@@ATL@@UEAAJPEAPEAUIOleClientSite@@@Z 0000000180001e04 f i RemoteOrderDisplay.obj
 0001:00000e4c       ?Close@?$IOleObjectImpl@VCOPOSRemoteOrderDisplay@@@ATL@@UEAAJK@Z 0000000180001e4c f i RemoteOrderDisplay.obj
 0001:00000e68       ?DoVerb@?$IOleObjectImpl@VCOPOSRemoteOrderDisplay@@@ATL@@UEAAJJPEAUtagMSG@@PEAUIOleClientSite@@JPEAUHWND__@@PEBUtagRECT@@@Z 0000000180001e68 f i RemoteOrderDisplay.obj
 0001:0000100c       ?EnumVerbs@?$IOleObjectImpl@VCOPOSRemoteOrderDisplay@@@ATL@@UEAAJPEAPEAUIEnumOLEVERB@@@Z 000000018000200c f i RemoteOrderDisplay.obj
 0001:00001028       ?GetUserType@?$IOleObjectImpl@VCOPOSRemoteOrderDisplay@@@ATL@@UEAAJKPEAPEA_W@Z 0000000180002028 f i RemoteOrderDisplay.obj
 0001:00001038       ?SetExtent@?$IOleObjectImpl@VCOPOSRemoteOrderDisplay@@@ATL@@UEAAJKPEAUtagSIZE@@@Z 0000000180002038 f i RemoteOrderDisplay.obj
 0001:00001054       ?GetExtent@?$IOleObjectImpl@VCOPOSRemoteOrderDisplay@@@ATL@@UEAAJKPEAUtagSIZE@@@Z 0000000180002054 f i RemoteOrderDisplay.obj
 0001:00001084       ?Advise@?$IOleObjectImpl@VCOPOSRemoteOrderDisplay@@@ATL@@UEAAJPEAUIAdviseSink@@PEAK@Z 0000000180002084 f i RemoteOrderDisplay.obj
 0001:000010e0       ?Unadvise@?$IOleObjectImpl@VCOPOSRemoteOrderDisplay@@@ATL@@UEAAJK@Z 00000001800020e0 f i RemoteOrderDisplay.obj
 0001:00001118       ?EnumAdvise@?$IOleObjectImpl@VCOPOSRemoteOrderDisplay@@@ATL@@UEAAJPEAPEAUIEnumSTATDATA@@@Z 0000000180002118 f i RemoteOrderDisplay.obj
 0001:00001160       ?GetMiscStatus@?$IOleObjectImpl@VCOPOSRemoteOrderDisplay@@@ATL@@UEAAJKPEAK@Z 0000000180002160 f i RemoteOrderDisplay.obj
 0001:00001170       ?GetWindow@?$IOleInPlaceActiveObjectImpl@VCOPOSRemoteOrderDisplay@@@ATL@@UEAAJPEAPEAUHWND__@@@Z 0000000180002170 f i RemoteOrderDisplay.obj
 0001:000011c4       ?TranslateAcceleratorW@?$IOleInPlaceActiveObjectImpl@VCOPOSRemoteOrderDisplay@@@ATL@@UEAAJPEAUtagMSG@@@Z 00000001800021c4 f i RemoteOrderDisplay.obj
 0001:000012b8       ?OnDocWindowActivate@?$IOleInPlaceActiveObjectImpl@VCOPOSRemoteOrderDisplay@@@ATL@@UEAAJH@Z 00000001800022b8 f i RemoteOrderDisplay.obj
 0001:000012e4       ?Draw@?$IViewObjectExImpl@VCOPOSRemoteOrderDisplay@@@ATL@@UEAAJKJPEAXPEAUtagDVTARGETDEVICE@@PEAUHDC__@@2PEBU_RECTL@@3P6AH_K@Z4@Z 00000001800022e4 f i RemoteOrderDisplay.obj
 0001:00001348       ?SetAdvise@?$IViewObjectExImpl@VCOPOSRemoteOrderDisplay@@@ATL@@UEAAJKKPEAUIAdviseSink@@@Z 0000000180002348 f i RemoteOrderDisplay.obj
 0001:0000139c       ?GetAdvise@?$IViewObjectExImpl@VCOPOSRemoteOrderDisplay@@@ATL@@UEAAJPEAK0PEAPEAUIAdviseSink@@@Z 000000018000239c f i RemoteOrderDisplay.obj
 0001:000013d8       ?GetExtent@?$IViewObjectExImpl@VCOPOSRemoteOrderDisplay@@@ATL@@UEAAJKJPEAUtagDVTARGETDEVICE@@PEAUtagSIZE@@@Z 00000001800023d8 f i RemoteOrderDisplay.obj
 0001:00001408       ?GetViewStatus@?$IViewObjectExImpl@VCOPOSRemoteOrderDisplay@@@ATL@@UEAAJPEAK@Z 0000000180002408 f i RemoteOrderDisplay.obj
 0001:0000141c       ?QueryHitPoint@?$IViewObjectExImpl@VCOPOSRemoteOrderDisplay@@@ATL@@UEAAJKPEBUtagRECT@@UtagPOINT@@JPEAK@Z 000000018000241c f i RemoteOrderDisplay.obj
 0001:00001460       ?QueryHitRect@?$IViewObjectExImpl@VCOPOSRemoteOrderDisplay@@@ATL@@UEAAJKPEBUtagRECT@@0JPEAK@Z 0000000180002460 f i RemoteOrderDisplay.obj
 0001:000014c8       ?GetNaturalExtent@?$IViewObjectExImpl@VCOPOSRemoteOrderDisplay@@@ATL@@UEAAJKJPEAUtagDVTARGETDEVICE@@PEAUHDC__@@PEAUtagExtentInfo@@PEAUtagSIZE@@@Z 00000001800024c8 f i RemoteOrderDisplay.obj
 0001:00001510       ?GetWindow@?$IOleInPlaceObjectWindowlessImpl@VCOPOSRemoteOrderDisplay@@@ATL@@UEAAJPEAPEAUHWND__@@@Z 0000000180002510 f i RemoteOrderDisplay.obj
 0001:00001564       ?InPlaceDeactivate@?$IOleInPlaceObjectWindowlessImpl@VCOPOSRemoteOrderDisplay@@@ATL@@UEAAJXZ 0000000180002564 f i RemoteOrderDisplay.obj
 0001:00001580       ?UIDeactivate@?$IOleInPlaceObjectWindowlessImpl@VCOPOSRemoteOrderDisplay@@@ATL@@UEAAJXZ 0000000180002580 f i RemoteOrderDisplay.obj
 0001:0000159c       ?SetObjectRects@?$IOleInPlaceObjectWindowlessImpl@VCOPOSRemoteOrderDisplay@@@ATL@@UEAAJPEBUtagRECT@@0@Z 000000018000259c f i RemoteOrderDisplay.obj
 0001:000015b8       ?OnWindowMessage@?$IOleInPlaceObjectWindowlessImpl@VCOPOSRemoteOrderDisplay@@@ATL@@UEAAJI_K_JPEA_J@Z 00000001800025b8 f i RemoteOrderDisplay.obj
 0001:00001680       ?EnumConnectionPoints@?$IConnectionPointContainerImpl@VCOPOSRemoteOrderDisplay@@@ATL@@UEAAJPEAPEAUIEnumConnectionPoints@@@Z 0000000180002680 f i RemoteOrderDisplay.obj
 0001:000018c4       ?FindConnectionPoint@?$IConnectionPointContainerImpl@VCOPOSRemoteOrderDisplay@@@ATL@@UEAAJAEBU_GUID@@PEAPEAUIConnectionPoint@@@Z 00000001800028c4 f i RemoteOrderDisplay.obj
 0001:00001994       ?IsDirty@?$IPersistStorageImpl@VCOPOSRemoteOrderDisplay@@@ATL@@UEAAJXZ 0000000180002994 f i RemoteOrderDisplay.obj
 0001:000019d8       ?InitNew@?$IPersistStorageImpl@VCOPOSRemoteOrderDisplay@@@ATL@@UEAAJPEAUIStorage@@@Z 00000001800029d8 f i RemoteOrderDisplay.obj
 0001:00001a1c       ?Load@?$IPersistStorageImpl@VCOPOSRemoteOrderDisplay@@@ATL@@UEAAJPEAUIStorage@@@Z 0000000180002a1c f i RemoteOrderDisplay.obj
 0001:00001abc       ?Save@?$IPersistStorageImpl@VCOPOSRemoteOrderDisplay@@@ATL@@UEAAJPEAUIStorage@@H@Z 0000000180002abc f i RemoteOrderDisplay.obj
 0001:00001b6c       ?GetPages@?$ISpecifyPropertyPagesImpl@VCOPOSRemoteOrderDisplay@@@ATL@@UEAAJPEAUtagCAUUID@@@Z 0000000180002b6c f i RemoteOrderDisplay.obj
 0001:00001b78       ?QuickActivate@?$IQuickActivateImpl@VCOPOSRemoteOrderDisplay@@@ATL@@UEAAJPEAUtagQACONTAINER@@PEAUtagQACONTROL@@@Z 0000000180002b78 f i RemoteOrderDisplay.obj
 0001:00001b94       ?SetContentExtent@?$IQuickActivateImpl@VCOPOSRemoteOrderDisplay@@@ATL@@UEAAJPEAUtagSIZE@@@Z 0000000180002b94 f i RemoteOrderDisplay.obj
 0001:00001bc8       ?GetContentExtent@?$IQuickActivateImpl@VCOPOSRemoteOrderDisplay@@@ATL@@UEAAJPEAUtagSIZE@@@Z 0000000180002bc8 f i RemoteOrderDisplay.obj
 0001:00001c00       ?GetData@?$IDataObjectImpl@VCOPOSRemoteOrderDisplay@@@ATL@@UEAAJPEAUtagFORMATETC@@PEAUtagSTGMEDIUM@@@Z 0000000180002c00 f i RemoteOrderDisplay.obj
 0001:00001c1c       ?DAdvise@?$IDataObjectImpl@VCOPOSRemoteOrderDisplay@@@ATL@@UEAAJPEAUtagFORMATETC@@KPEAUIAdviseSink@@PEAK@Z 0000000180002c1c f i RemoteOrderDisplay.obj
 0001:00001ca4       ?DUnadvise@?$IDataObjectImpl@VCOPOSRemoteOrderDisplay@@@ATL@@UEAAJK@Z 0000000180002ca4 f i RemoteOrderDisplay.obj
 0001:00001cd0       ?EnumDAdvise@?$IDataObjectImpl@VCOPOSRemoteOrderDisplay@@@ATL@@UEAAJPEAPEAUIEnumSTATDATA@@@Z 0000000180002cd0 f i RemoteOrderDisplay.obj
 0001:00001d0c       ?GetClassInfoW@?$IProvideClassInfo2Impl@$1?CLSID_OPOSRemoteOrderDisplay@@3U_GUID@@B$1?DIID__IOPOSRemoteOrderDisplayEvents@@3U2@B$1?LIBID_OposRemoteOrderDisplay_CCO@@3U2@B$00$0A@VCComTypeInfoHolder@ATL@@@ATL@@UEAAJPEAPEAUITypeInfo@@@Z 0000000180002d0c f i RemoteOrderDisplay.obj
 0001:00001d64       ?GetGUID@?$IProvideClassInfo2Impl@$1?CLSID_OPOSRemoteOrderDisplay@@3U_GUID@@B$1?DIID__IOPOSRemoteOrderDisplayEvents@@3U2@B$1?LIBID_OposRemoteOrderDisplay_CCO@@3U2@B$00$0A@VCComTypeInfoHolder@ATL@@@ATL@@UEAAJKPEAU_GUID@@@Z 0000000180002d64 f i RemoteOrderDisplay.obj
 0001:00001d98       ?FAccessAllowed@?$IObjectSafetyImpl@VCOPOSRemoteOrderDisplay@@$02@ATL@@MEAAHXZ 0000000180002d98 f i RemoteOrderDisplay.obj
 0001:00001d98       ?AddRef@CRegObject@ATL@@UEAAKXZ 0000000180002d98 f i RemoteOrderDisplay.obj
 0001:00001d98       _get_startup_argv_mode     0000000180002d98 f i LIBCMT:argv_mode.obj
 0001:00001da0       ?GetInterfaceSafetyOptions@?$IObjectSafetyImpl@VCOPOSRemoteOrderDisplay@@$02@ATL@@UEAAJAEBU_GUID@@PEAK1@Z 0000000180002da0 f i RemoteOrderDisplay.obj
 0001:00001e34       ?SetInterfaceSafetyOptions@?$IObjectSafetyImpl@VCOPOSRemoteOrderDisplay@@$02@ATL@@UEAAJAEBU_GUID@@KK@Z 0000000180002e34 f i RemoteOrderDisplay.obj
 0001:00001ed8       ?_LocCPQueryInterface@?$IConnectionPointImpl@VCOPOSRemoteOrderDisplay@@$1?IID_IPropertyNotifySink@@3U_GUID@@BVCComDynamicUnkArray@ATL@@@ATL@@UEAAJAEBU_GUID@@PEAPEAX@Z 0000000180002ed8 f i RemoteOrderDisplay.obj
 0001:00001ed8       ?_LocCPQueryInterface@?$IConnectionPointImpl@VCOPOSRemoteOrderDisplay@@$1?DIID__IOPOSRemoteOrderDisplayEvents@@3U_GUID@@BVCComDynamicUnkArray@ATL@@@ATL@@UEAAJAEBU_GUID@@PEAPEAX@Z 0000000180002ed8 f i RemoteOrderDisplay.obj
 0001:00001f4c       ?GetConnectionInterface@?$IConnectionPointImpl@VCOPOSRemoteOrderDisplay@@$1?IID_IPropertyNotifySink@@3U_GUID@@BVCComDynamicUnkArray@ATL@@@ATL@@UEAAJPEAU_GUID@@@Z 0000000180002f4c f i RemoteOrderDisplay.obj
 0001:00001f68       ?GetConnectionPointContainer@?$IConnectionPointImpl@VCOPOSRemoteOrderDisplay@@$1?IID_IPropertyNotifySink@@3U_GUID@@BVCComDynamicUnkArray@ATL@@@ATL@@UEAAJPEAPEAUIConnectionPointContainer@@@Z 0000000180002f68 f i RemoteOrderDisplay.obj
 0001:00001f88       ?Advise@?$IConnectionPointImpl@VCOPOSRemoteOrderDisplay@@$1?IID_IPropertyNotifySink@@3U_GUID@@BVCComDynamicUnkArray@ATL@@@ATL@@UEAAJPEAUIUnknown@@PEAK@Z 0000000180002f88 f i RemoteOrderDisplay.obj
 0001:00001f88       ?Advise@?$IConnectionPointImpl@VCOPOSRemoteOrderDisplay@@$1?DIID__IOPOSRemoteOrderDisplayEvents@@3U_GUID@@BVCComDynamicUnkArray@ATL@@@ATL@@UEAAJPEAUIUnknown@@PEAK@Z 0000000180002f88 f i RemoteOrderDisplay.obj
 0001:00002048       ?Unadvise@?$IConnectionPointImpl@VCOPOSRemoteOrderDisplay@@$1?IID_IPropertyNotifySink@@3U_GUID@@BVCComDynamicUnkArray@ATL@@@ATL@@UEAAJK@Z 0000000180003048 f i RemoteOrderDisplay.obj
 0001:00002048       ?Unadvise@?$IConnectionPointImpl@VCOPOSRemoteOrderDisplay@@$1?DIID__IOPOSRemoteOrderDisplayEvents@@3U_GUID@@BVCComDynamicUnkArray@ATL@@@ATL@@UEAAJK@Z 0000000180003048 f i RemoteOrderDisplay.obj
 0001:000020c4       ?EnumConnections@?$IConnectionPointImpl@VCOPOSRemoteOrderDisplay@@$1?IID_IPropertyNotifySink@@3U_GUID@@BVCComDynamicUnkArray@ATL@@@ATL@@UEAAJPEAPEAUIEnumConnections@@@Z 00000001800030c4 f i RemoteOrderDisplay.obj
 0001:000020c4       ?EnumConnections@?$IConnectionPointImpl@VCOPOSRemoteOrderDisplay@@$1?DIID__IOPOSRemoteOrderDisplayEvents@@3U_GUID@@BVCComDynamicUnkArray@ATL@@@ATL@@UEAAJPEAPEAUIEnumConnections@@@Z 00000001800030c4 f i RemoteOrderDisplay.obj
 0001:0000227c       ?GetConnectionInterface@?$IConnectionPointImpl@VCOPOSRemoteOrderDisplay@@$1?DIID__IOPOSRemoteOrderDisplayEvents@@3U_GUID@@BVCComDynamicUnkArray@ATL@@@ATL@@UEAAJPEAU_GUID@@@Z 000000018000327c f i RemoteOrderDisplay.obj
 0001:00002298       ?GetConnectionPointContainer@?$IConnectionPointImpl@VCOPOSRemoteOrderDisplay@@$1?DIID__IOPOSRemoteOrderDisplayEvents@@3U_GUID@@BVCComDynamicUnkArray@ATL@@@ATL@@UEAAJPEAPEAUIConnectionPointContainer@@@Z 0000000180003298 f i RemoteOrderDisplay.obj
 0001:000022b8       ?UpdateRegistry@COPOSRemoteOrderDisplay@@SAJH@Z 00000001800032b8 f i RemoteOrderDisplay.obj
 0001:000022d0       ?ProcessWindowMessage@COPOSRemoteOrderDisplay@@UEAAHPEAUHWND__@@I_K_JAEA_JK@Z 00000001800032d0 f i RemoteOrderDisplay.obj
 0001:00002358       ?SOData@COPOSRemoteOrderDisplay@@MEAAJJ@Z 0000000180003358 f i RemoteOrderDisplay.obj
 0001:000023a8       ?SODirectIO@COPOSRemoteOrderDisplay@@MEAAJJPEAJPEAPEA_W@Z 00000001800033a8 f i RemoteOrderDisplay.obj
 0001:00002420       ?SOError@COPOSRemoteOrderDisplay@@MEAAJJJJPEAJ@Z 0000000180003420 f i RemoteOrderDisplay.obj
 0001:000024a8       ?SOOutputComplete@COPOSRemoteOrderDisplay@@MEAAJJ@Z 00000001800034a8 f i RemoteOrderDisplay.obj
 0001:000024f8       ?SOStatusUpdate@COPOSRemoteOrderDisplay@@MEAAJJ@Z 00000001800034f8 f i RemoteOrderDisplay.obj
 0001:00002548       ?Lock@CAtlModule@ATL@@UEAAJXZ 0000000180003548 f i RemoteOrderDisplay.obj
 0001:00002558       ?Unlock@CAtlModule@ATL@@UEAAJXZ 0000000180003558 f i RemoteOrderDisplay.obj
 0001:00002564       ?GetLockCount@CAtlModule@ATL@@UEAAJXZ 0000000180003564 f i RemoteOrderDisplay.obj
 0001:00002568       ?GetGITPtr@CAtlModule@ATL@@UEAAJPEAPEAUIGlobalInterfaceTable@@@Z 0000000180003568 f i RemoteOrderDisplay.obj
 0001:000025d8       ?AddCommonRGSReplacements@?$CAtlModuleT@VCComModule@ATL@@@ATL@@UEAAJPEAUIRegistrarBase@@@Z 00000001800035d8 f i RemoteOrderDisplay.obj
 0001:000025f0       ?UpdateRegistryFromResourceD@CComModule@ATL@@UEAAJPEB_WHPEAU_ATL_REGMAP_ENTRY@2@@Z 00000001800035f0 f i RemoteOrderDisplay.obj
 0001:000025f0       ?UpdateRegistryFromResourceD@CComModule@ATL@@UEAAJIHPEAU_ATL_REGMAP_ENTRY@2@@Z 00000001800035f0 f i RemoteOrderDisplay.obj
 0001:000025f8       ?UpdateRegistryFromResource@CComModule@ATL@@UEAAJPEB_WHPEAU_ATL_REGMAP_ENTRY@2@@Z 00000001800035f8 f i RemoteOrderDisplay.obj
 0001:00002600       ?UpdateRegistryFromResource@CComModule@ATL@@UEAAJIHPEAU_ATL_REGMAP_ENTRY@2@@Z 0000000180003600 f i RemoteOrderDisplay.obj
 0001:00002608       ?CreateInstance@?$CComCreator@V?$CComObjectCached@VCComClassFactory@ATL@@@ATL@@@ATL@@SAJPEAXAEBU_GUID@@PEAPEAX@Z 0000000180003608 f i RemoteOrderDisplay.obj
 0001:00002734       ?CreateInstance@?$CComCreator2@V?$CComCreator@V?$CComObject@VCOPOSRemoteOrderDisplay@@@ATL@@@ATL@@V?$CComCreator@V?$CComAggObject@VCOPOSRemoteOrderDisplay@@@ATL@@@2@@ATL@@SAJPEAXAEBU_GUID@@PEAPEAX@Z 0000000180003734 f i RemoteOrderDisplay.obj
 0001:00002744       ??_GCComModule@ATL@@UEAAPEAXI@Z 0000000180003744 f i RemoteOrderDisplay.obj
 0001:00002744       ??_ECComModule@ATL@@UEAAPEAXI@Z 0000000180003744 f i RemoteOrderDisplay.obj
 0001:00002784       ?AddRef@?$CComObjectCached@VCComClassFactory@ATL@@@ATL@@UEAAKXZ 0000000180003784 f i RemoteOrderDisplay.obj
 0001:000027b0       ?Release@?$CComObjectCached@VCComClassFactory@ATL@@@ATL@@UEAAKXZ 00000001800037b0 f i RemoteOrderDisplay.obj
 0001:000027f0       ?QueryInterface@?$CComObjectCached@VCComClassFactory@ATL@@@ATL@@UEAAJAEBU_GUID@@PEAPEAX@Z 00000001800037f0 f i RemoteOrderDisplay.obj
 0001:00002804       ??_E?$CComObjectCached@VCComClassFactory@ATL@@@ATL@@UEAAPEAXI@Z 0000000180003804 f i RemoteOrderDisplay.obj
 0001:00002804       ??_G?$CComObjectCached@VCComClassFactory@ATL@@@ATL@@UEAAPEAXI@Z 0000000180003804 f i RemoteOrderDisplay.obj
 0001:0000285c       ?Next@?$CComEnumImpl@UIEnumConnectionPoints@@$1?_GUID_b196b285_bab4_101a_b69c_00aa00341d07@@3U__s_GUID@@BPEAUIConnectionPoint@@V?$_CopyInterface@UIConnectionPoint@@@ATL@@@ATL@@UEAAJKPEAPEAUIConnectionPoint@@PEAK@Z 000000018000385c f i RemoteOrderDisplay.obj
 0001:00002928       ?Skip@?$CComEnumImpl@UIEnumConnectionPoints@@$1?_GUID_b196b285_bab4_101a_b69c_00aa00341d07@@3U__s_GUID@@BPEAUIConnectionPoint@@V?$_CopyInterface@UIConnectionPoint@@@ATL@@@ATL@@UEAAJK@Z 0000000180003928 f i RemoteOrderDisplay.obj
 0001:00002954       ?Reset@?$CComEnumImpl@UIEnumConnections@@$1?_GUID_b196b287_bab4_101a_b69c_00aa00341d07@@3U__s_GUID@@BUtagCONNECTDATA@@V?$_Copy@UtagCONNECTDATA@@@ATL@@@ATL@@UEAAJXZ 0000000180003954 f i RemoteOrderDisplay.obj
 0001:00002954       ?Reset@?$CComEnumImpl@UIEnumConnectionPoints@@$1?_GUID_b196b285_bab4_101a_b69c_00aa00341d07@@3U__s_GUID@@BPEAUIConnectionPoint@@V?$_CopyInterface@UIConnectionPoint@@@ATL@@@ATL@@UEAAJXZ 0000000180003954 f i RemoteOrderDisplay.obj
 0001:00002960       ?Clone@?$CComEnumImpl@UIEnumConnectionPoints@@$1?_GUID_b196b285_bab4_101a_b69c_00aa00341d07@@3U__s_GUID@@BPEAUIConnectionPoint@@V?$_CopyInterface@UIConnectionPoint@@@ATL@@@ATL@@UEAAJPEAPEAUIEnumConnectionPoints@@@Z 0000000180003960 f i RemoteOrderDisplay.obj
 0001:00002a8c       ?AddRef@?$CComObject@V?$CComEnum@UIEnumConnections@@$1?_GUID_b196b287_bab4_101a_b69c_00aa00341d07@@3U__s_GUID@@BUtagCONNECTDATA@@V?$_Copy@UtagCONNECTDATA@@@ATL@@VCComSingleThreadModel@6@@ATL@@@ATL@@UEAAKXZ 0000000180003a8c f i RemoteOrderDisplay.obj
 0001:00002a8c       ?AddRef@?$CComObject@V?$CComEnum@UIEnumConnectionPoints@@$1?_GUID_b196b285_bab4_101a_b69c_00aa00341d07@@3U__s_GUID@@BPEAUIConnectionPoint@@V?$_CopyInterface@UIConnectionPoint@@@ATL@@VCComSingleThreadModel@6@@ATL@@@ATL@@UEAAKXZ 0000000180003a8c f i RemoteOrderDisplay.obj
 0001:00002a98       ?Release@?$CComObject@V?$CComEnum@UIEnumConnections@@$1?_GUID_b196b287_bab4_101a_b69c_00aa00341d07@@3U__s_GUID@@BUtagCONNECTDATA@@V?$_Copy@UtagCONNECTDATA@@@ATL@@VCComSingleThreadModel@6@@ATL@@@ATL@@UEAAKXZ 0000000180003a98 f i RemoteOrderDisplay.obj
 0001:00002a98       ?Release@?$CComObject@V?$CComEnum@UIEnumConnectionPoints@@$1?_GUID_b196b285_bab4_101a_b69c_00aa00341d07@@3U__s_GUID@@BPEAUIConnectionPoint@@V?$_CopyInterface@UIConnectionPoint@@@ATL@@VCComSingleThreadModel@6@@ATL@@@ATL@@UEAAKXZ 0000000180003a98 f i RemoteOrderDisplay.obj
 0001:00002aec       ?QueryInterface@?$CComObject@V?$CComEnum@UIEnumConnectionPoints@@$1?_GUID_b196b285_bab4_101a_b69c_00aa00341d07@@3U__s_GUID@@BPEAUIConnectionPoint@@V?$_CopyInterface@UIConnectionPoint@@@ATL@@VCComSingleThreadModel@6@@ATL@@@ATL@@UEAAJAEBU_GUID@@PEAPEAX@Z 0000000180003aec f i RemoteOrderDisplay.obj
 0001:00002b00       ??_E?$CComObject@V?$CComEnum@UIEnumConnectionPoints@@$1?_GUID_b196b285_bab4_101a_b69c_00aa00341d07@@3U__s_GUID@@BPEAUIConnectionPoint@@V?$_CopyInterface@UIConnectionPoint@@@ATL@@VCComSingleThreadModel@6@@ATL@@@ATL@@UEAAPEAXI@Z 0000000180003b00 f i RemoteOrderDisplay.obj
 0001:00002b00       ??_G?$CComObject@V?$CComEnum@UIEnumConnectionPoints@@$1?_GUID_b196b285_bab4_101a_b69c_00aa00341d07@@3U__s_GUID@@BPEAUIConnectionPoint@@V?$_CopyInterface@UIConnectionPoint@@@ATL@@VCComSingleThreadModel@6@@ATL@@@ATL@@UEAAPEAXI@Z 0000000180003b00 f i RemoteOrderDisplay.obj
 0001:00002b58       ?AddReplacement@CRegObject@ATL@@UEAAJPEB_W0@Z 0000000180003b58 f i RemoteOrderDisplay.obj
 0001:00002b88       ?ClearReplacements@CRegObject@ATL@@UEAAJXZ 0000000180003b88 f i RemoteOrderDisplay.obj
 0001:00002b94       ??_ECRegObject@ATL@@UEAAPEAXI@Z 0000000180003b94 f i RemoteOrderDisplay.obj
 0001:00002b94       ??_GCRegObject@ATL@@UEAAPEAXI@Z 0000000180003b94 f i RemoteOrderDisplay.obj
 0001:00002c14       ?AddRef@?$CComAggObject@VCOPOSRemoteOrderDisplay@@@ATL@@UEAAKXZ 0000000180003c14 f i RemoteOrderDisplay.obj
 0001:00002c20       ?Release@?$CComAggObject@VCOPOSRemoteOrderDisplay@@@ATL@@UEAAKXZ 0000000180003c20 f i RemoteOrderDisplay.obj
 0001:00002c74       ?QueryInterface@?$CComAggObject@VCOPOSRemoteOrderDisplay@@@ATL@@UEAAJAEBU_GUID@@PEAPEAX@Z 0000000180003c74 f i RemoteOrderDisplay.obj
 0001:00002cd4       ?AddRef@?$CComContainedObject@VCOPOSRemoteOrderDisplay@@@ATL@@UEAAKXZ 0000000180003cd4 f i RemoteOrderDisplay.obj
 0001:00002ce4       ?Release@?$CComContainedObject@VCOPOSRemoteOrderDisplay@@@ATL@@UEAAKXZ 0000000180003ce4 f i RemoteOrderDisplay.obj
 0001:00002cf4       ?QueryInterface@?$CComContainedObject@VCOPOSRemoteOrderDisplay@@@ATL@@UEAAJAEBU_GUID@@PEAPEAX@Z 0000000180003cf4 f i RemoteOrderDisplay.obj
 0001:00002d04       ??_G?$CComAggObject@VCOPOSRemoteOrderDisplay@@@ATL@@UEAAPEAXI@Z 0000000180003d04 f i RemoteOrderDisplay.obj
 0001:00002d04       ??_E?$CComAggObject@VCOPOSRemoteOrderDisplay@@@ATL@@UEAAPEAXI@Z 0000000180003d04 f i RemoteOrderDisplay.obj
 0001:00002d5c       ?AddRef@?$CComObject@VCOPOSRemoteOrderDisplay@@@ATL@@UEAAKXZ 0000000180003d5c f i RemoteOrderDisplay.obj
 0001:00002d6c       ?Release@?$CComObject@VCOPOSRemoteOrderDisplay@@@ATL@@UEAAKXZ 0000000180003d6c f i RemoteOrderDisplay.obj
 0001:00002dc4       ?QueryInterface@?$CComObject@VCOPOSRemoteOrderDisplay@@@ATL@@UEAAJAEBU_GUID@@PEAPEAX@Z 0000000180003dc4 f i RemoteOrderDisplay.obj
 0001:00002dd8       ?OnDrawAdvanced@CComControlBase@ATL@@UEAAJAEAUATL_DRAWINFO@@@Z 0000000180003dd8 f i RemoteOrderDisplay.obj
 0001:00002f64       ?Next@?$CComEnumImpl@UIEnumConnections@@$1?_GUID_b196b287_bab4_101a_b69c_00aa00341d07@@3U__s_GUID@@BUtagCONNECTDATA@@V?$_Copy@UtagCONNECTDATA@@@ATL@@@ATL@@UEAAJKPEAUtagCONNECTDATA@@PEAK@Z 0000000180003f64 f i RemoteOrderDisplay.obj
 0001:00003038       ?Skip@?$CComEnumImpl@UIEnumConnections@@$1?_GUID_b196b287_bab4_101a_b69c_00aa00341d07@@3U__s_GUID@@BUtagCONNECTDATA@@V?$_Copy@UtagCONNECTDATA@@@ATL@@@ATL@@UEAAJK@Z 0000000180004038 f i RemoteOrderDisplay.obj
 0001:00003064       ?Clone@?$CComEnumImpl@UIEnumConnections@@$1?_GUID_b196b287_bab4_101a_b69c_00aa00341d07@@3U__s_GUID@@BUtagCONNECTDATA@@V?$_Copy@UtagCONNECTDATA@@@ATL@@@ATL@@UEAAJPEAPEAUIEnumConnections@@@Z 0000000180004064 f i RemoteOrderDisplay.obj
 0001:00003190       ?QueryInterface@?$CComObject@V?$CComEnum@UIEnumConnections@@$1?_GUID_b196b287_bab4_101a_b69c_00aa00341d07@@3U__s_GUID@@BUtagCONNECTDATA@@V?$_Copy@UtagCONNECTDATA@@@ATL@@VCComSingleThreadModel@6@@ATL@@@ATL@@UEAAJAEBU_GUID@@PEAPEAX@Z 0000000180004190 f i RemoteOrderDisplay.obj
 0001:000031a4       ??_G?$CComObject@V?$CComEnum@UIEnumConnections@@$1?_GUID_b196b287_bab4_101a_b69c_00aa00341d07@@3U__s_GUID@@BUtagCONNECTDATA@@V?$_Copy@UtagCONNECTDATA@@@ATL@@VCComSingleThreadModel@6@@ATL@@@ATL@@UEAAPEAXI@Z 00000001800041a4 f i RemoteOrderDisplay.obj
 0001:000031a4       ??_E?$CComObject@V?$CComEnum@UIEnumConnections@@$1?_GUID_b196b287_bab4_101a_b69c_00aa00341d07@@3U__s_GUID@@BUtagCONNECTDATA@@V?$_Copy@UtagCONNECTDATA@@@ATL@@VCComSingleThreadModel@6@@ATL@@@ATL@@UEAAPEAXI@Z 00000001800041a4 f i RemoteOrderDisplay.obj
 0001:000031fc       ??_E?$CComObject@VCOPOSRemoteOrderDisplay@@@ATL@@W7EAAPEAXI@Z 00000001800041fc f i RemoteOrderDisplay.obj
 0001:00003208       ??_E?$CComObject@VCOPOSRemoteOrderDisplay@@@ATL@@WHA@EAAPEAXI@Z 0000000180004208 f i RemoteOrderDisplay.obj
 0001:00003214       ?QueryInterface@?$CComObject@VCOPOSRemoteOrderDisplay@@@ATL@@WLI@EAAJAEBU_GUID@@PEAPEAX@Z 0000000180004214 f i RemoteOrderDisplay.obj
 0001:00003220       ?AddRef@?$CComObject@VCOPOSRemoteOrderDisplay@@@ATL@@WLI@EAAKXZ 0000000180004220 f i RemoteOrderDisplay.obj
 0001:0000322c       ?Release@?$CComObject@VCOPOSRemoteOrderDisplay@@@ATL@@WLI@EAAKXZ 000000018000422c f i RemoteOrderDisplay.obj
 0001:00003238       ?QueryInterface@?$CComObject@VCOPOSRemoteOrderDisplay@@@ATL@@WMA@EAAJAEBU_GUID@@PEAPEAX@Z 0000000180004238 f i RemoteOrderDisplay.obj
 0001:00003244       ?AddRef@?$CComObject@VCOPOSRemoteOrderDisplay@@@ATL@@WMA@EAAKXZ 0000000180004244 f i RemoteOrderDisplay.obj
 0001:00003250       ?Release@?$CComObject@VCOPOSRemoteOrderDisplay@@@ATL@@WMA@EAAKXZ 0000000180004250 f i RemoteOrderDisplay.obj
 0001:0000325c       ?QueryInterface@?$CComObject@VCOPOSRemoteOrderDisplay@@@ATL@@WMI@EAAJAEBU_GUID@@PEAPEAX@Z 000000018000425c f i RemoteOrderDisplay.obj
 0001:00003268       ?AddRef@?$CComObject@VCOPOSRemoteOrderDisplay@@@ATL@@WMI@EAAKXZ 0000000180004268 f i RemoteOrderDisplay.obj
 0001:00003274       ?Release@?$CComObject@VCOPOSRemoteOrderDisplay@@@ATL@@WMI@EAAKXZ 0000000180004274 f i RemoteOrderDisplay.obj
 0001:00003280       ?QueryInterface@?$CComObject@VCOPOSRemoteOrderDisplay@@@ATL@@WNA@EAAJAEBU_GUID@@PEAPEAX@Z 0000000180004280 f i RemoteOrderDisplay.obj
 0001:0000328c       ?AddRef@?$CComObject@VCOPOSRemoteOrderDisplay@@@ATL@@WNA@EAAKXZ 000000018000428c f i RemoteOrderDisplay.obj
 0001:00003298       ?Release@?$CComObject@VCOPOSRemoteOrderDisplay@@@ATL@@WNA@EAAKXZ 0000000180004298 f i RemoteOrderDisplay.obj
 0001:000032a4       ?QueryInterface@?$CComObject@VCOPOSRemoteOrderDisplay@@@ATL@@WNI@EAAJAEBU_GUID@@PEAPEAX@Z 00000001800042a4 f i RemoteOrderDisplay.obj
 0001:000032b0       ?AddRef@?$CComObject@VCOPOSRemoteOrderDisplay@@@ATL@@WNI@EAAKXZ 00000001800042b0 f i RemoteOrderDisplay.obj
 0001:000032bc       ?Release@?$CComObject@VCOPOSRemoteOrderDisplay@@@ATL@@WNI@EAAKXZ 00000001800042bc f i RemoteOrderDisplay.obj
 0001:000032c8       ?QueryInterface@?$CComObject@VCOPOSRemoteOrderDisplay@@@ATL@@WOA@EAAJAEBU_GUID@@PEAPEAX@Z 00000001800042c8 f i RemoteOrderDisplay.obj
 0001:000032d4       ?AddRef@?$CComObject@VCOPOSRemoteOrderDisplay@@@ATL@@WOA@EAAKXZ 00000001800042d4 f i RemoteOrderDisplay.obj
 0001:000032e0       ?Release@?$CComObject@VCOPOSRemoteOrderDisplay@@@ATL@@WOA@EAAKXZ 00000001800042e0 f i RemoteOrderDisplay.obj
 0001:000032ec       ?QueryInterface@?$CComObject@VCOPOSRemoteOrderDisplay@@@ATL@@WOI@EAAJAEBU_GUID@@PEAPEAX@Z 00000001800042ec f i RemoteOrderDisplay.obj
 0001:000032f8       ?AddRef@?$CComObject@VCOPOSRemoteOrderDisplay@@@ATL@@WOI@EAAKXZ 00000001800042f8 f i RemoteOrderDisplay.obj
 0001:00003304       ?Release@?$CComObject@VCOPOSRemoteOrderDisplay@@@ATL@@WOI@EAAKXZ 0000000180004304 f i RemoteOrderDisplay.obj
 0001:00003310       ?QueryInterface@?$CComObject@VCOPOSRemoteOrderDisplay@@@ATL@@WPA@EAAJAEBU_GUID@@PEAPEAX@Z 0000000180004310 f i RemoteOrderDisplay.obj
 0001:0000331c       ?AddRef@?$CComObject@VCOPOSRemoteOrderDisplay@@@ATL@@WPA@EAAKXZ 000000018000431c f i RemoteOrderDisplay.obj
 0001:00003328       ?Release@?$CComObject@VCOPOSRemoteOrderDisplay@@@ATL@@WPA@EAAKXZ 0000000180004328 f i RemoteOrderDisplay.obj
 0001:00003334       ?QueryInterface@?$CComObject@VCOPOSRemoteOrderDisplay@@@ATL@@WPI@EAAJAEBU_GUID@@PEAPEAX@Z 0000000180004334 f i RemoteOrderDisplay.obj
 0001:00003340       ?AddRef@?$CComObject@VCOPOSRemoteOrderDisplay@@@ATL@@WPI@EAAKXZ 0000000180004340 f i RemoteOrderDisplay.obj
 0001:0000334c       ?Release@?$CComObject@VCOPOSRemoteOrderDisplay@@@ATL@@WPI@EAAKXZ 000000018000434c f i RemoteOrderDisplay.obj
 0001:00003358       ?QueryInterface@?$CComObject@VCOPOSRemoteOrderDisplay@@@ATL@@WBAA@EAAJAEBU_GUID@@PEAPEAX@Z 0000000180004358 f i RemoteOrderDisplay.obj
 0001:00003364       ?AddRef@?$CComObject@VCOPOSRemoteOrderDisplay@@@ATL@@WBAA@EAAKXZ 0000000180004364 f i RemoteOrderDisplay.obj
 0001:00003370       ?Release@?$CComObject@VCOPOSRemoteOrderDisplay@@@ATL@@WBAA@EAAKXZ 0000000180004370 f i RemoteOrderDisplay.obj
 0001:0000337c       ?QueryInterface@?$CComObject@VCOPOSRemoteOrderDisplay@@@ATL@@WBAI@EAAJAEBU_GUID@@PEAPEAX@Z 000000018000437c f i RemoteOrderDisplay.obj
 0001:00003388       ?AddRef@?$CComObject@VCOPOSRemoteOrderDisplay@@@ATL@@WBAI@EAAKXZ 0000000180004388 f i RemoteOrderDisplay.obj
 0001:00003394       ?Release@?$CComObject@VCOPOSRemoteOrderDisplay@@@ATL@@WBAI@EAAKXZ 0000000180004394 f i RemoteOrderDisplay.obj
 0001:000033a0       ?QueryInterface@?$CComObject@VCOPOSRemoteOrderDisplay@@@ATL@@WBBA@EAAJAEBU_GUID@@PEAPEAX@Z 00000001800043a0 f i RemoteOrderDisplay.obj
 0001:000033ac       ?AddRef@?$CComObject@VCOPOSRemoteOrderDisplay@@@ATL@@WBBA@EAAKXZ 00000001800043ac f i RemoteOrderDisplay.obj
 0001:000033b8       ?Release@?$CComObject@VCOPOSRemoteOrderDisplay@@@ATL@@WBBA@EAAKXZ 00000001800043b8 f i RemoteOrderDisplay.obj
 0001:000033c4       ?QueryInterface@?$CComObject@VCOPOSRemoteOrderDisplay@@@ATL@@WBBI@EAAJAEBU_GUID@@PEAPEAX@Z 00000001800043c4 f i RemoteOrderDisplay.obj
 0001:000033d0       ?AddRef@?$CComObject@VCOPOSRemoteOrderDisplay@@@ATL@@WBBI@EAAKXZ 00000001800043d0 f i RemoteOrderDisplay.obj
 0001:000033dc       ?Release@?$CComObject@VCOPOSRemoteOrderDisplay@@@ATL@@WBBI@EAAKXZ 00000001800043dc f i RemoteOrderDisplay.obj
 0001:000033e8       ?AddRef@?$CComObject@VCOPOSRemoteOrderDisplay@@@ATL@@WBCI@EAAKXZ 00000001800043e8 f i RemoteOrderDisplay.obj
 0001:000033f4       ?Release@?$CComObject@VCOPOSRemoteOrderDisplay@@@ATL@@WBCI@EAAKXZ 00000001800043f4 f i RemoteOrderDisplay.obj
 0001:00003400       ?AddRef@?$CComObject@VCOPOSRemoteOrderDisplay@@@ATL@@WBEA@EAAKXZ 0000000180004400 f i RemoteOrderDisplay.obj
 0001:0000340c       ?Release@?$CComObject@VCOPOSRemoteOrderDisplay@@@ATL@@WBEA@EAAKXZ 000000018000440c f i RemoteOrderDisplay.obj
 0001:00003418       ??_E?$CComContainedObject@VCOPOSRemoteOrderDisplay@@@ATL@@W7EAAPEAXI@Z 0000000180004418 f i RemoteOrderDisplay.obj
 0001:00003424       ??_E?$CComContainedObject@VCOPOSRemoteOrderDisplay@@@ATL@@WHA@EAAPEAXI@Z 0000000180004424 f i RemoteOrderDisplay.obj
 0001:00003430       ?QueryInterface@?$CComContainedObject@VCOPOSRemoteOrderDisplay@@@ATL@@WLI@EAAJAEBU_GUID@@PEAPEAX@Z 0000000180004430 f i RemoteOrderDisplay.obj
 0001:0000343c       ?AddRef@?$CComContainedObject@VCOPOSRemoteOrderDisplay@@@ATL@@WLI@EAAKXZ 000000018000443c f i RemoteOrderDisplay.obj
 0001:00003448       ?Release@?$CComContainedObject@VCOPOSRemoteOrderDisplay@@@ATL@@WLI@EAAKXZ 0000000180004448 f i RemoteOrderDisplay.obj
 0001:00003454       ?QueryInterface@?$CComContainedObject@VCOPOSRemoteOrderDisplay@@@ATL@@WMA@EAAJAEBU_GUID@@PEAPEAX@Z 0000000180004454 f i RemoteOrderDisplay.obj
 0001:00003460       ?AddRef@?$CComContainedObject@VCOPOSRemoteOrderDisplay@@@ATL@@WMA@EAAKXZ 0000000180004460 f i RemoteOrderDisplay.obj
 0001:0000346c       ?Release@?$CComContainedObject@VCOPOSRemoteOrderDisplay@@@ATL@@WMA@EAAKXZ 000000018000446c f i RemoteOrderDisplay.obj
 0001:00003478       ?QueryInterface@?$CComContainedObject@VCOPOSRemoteOrderDisplay@@@ATL@@WMI@EAAJAEBU_GUID@@PEAPEAX@Z 0000000180004478 f i RemoteOrderDisplay.obj
 0001:00003484       ?AddRef@?$CComContainedObject@VCOPOSRemoteOrderDisplay@@@ATL@@WMI@EAAKXZ 0000000180004484 f i RemoteOrderDisplay.obj
 0001:00003490       ?Release@?$CComContainedObject@VCOPOSRemoteOrderDisplay@@@ATL@@WMI@EAAKXZ 0000000180004490 f i RemoteOrderDisplay.obj
 0001:0000349c       ?QueryInterface@?$CComContainedObject@VCOPOSRemoteOrderDisplay@@@ATL@@WNA@EAAJAEBU_GUID@@PEAPEAX@Z 000000018000449c f i RemoteOrderDisplay.obj
 0001:000034a8       ?AddRef@?$CComContainedObject@VCOPOSRemoteOrderDisplay@@@ATL@@WNA@EAAKXZ 00000001800044a8 f i RemoteOrderDisplay.obj
 0001:000034b4       ?Release@?$CComContainedObject@VCOPOSRemoteOrderDisplay@@@ATL@@WNA@EAAKXZ 00000001800044b4 f i RemoteOrderDisplay.obj
 0001:000034c0       ?QueryInterface@?$CComContainedObject@VCOPOSRemoteOrderDisplay@@@ATL@@WNI@EAAJAEBU_GUID@@PEAPEAX@Z 00000001800044c0 f i RemoteOrderDisplay.obj
 0001:000034cc       ?AddRef@?$CComContainedObject@VCOPOSRemoteOrderDisplay@@@ATL@@WNI@EAAKXZ 00000001800044cc f i RemoteOrderDisplay.obj
 0001:000034d8       ?Release@?$CComContainedObject@VCOPOSRemoteOrderDisplay@@@ATL@@WNI@EAAKXZ 00000001800044d8 f i RemoteOrderDisplay.obj
 0001:000034e4       ?QueryInterface@?$CComContainedObject@VCOPOSRemoteOrderDisplay@@@ATL@@WOA@EAAJAEBU_GUID@@PEAPEAX@Z 00000001800044e4 f i RemoteOrderDisplay.obj
 0001:000034f0       ?AddRef@?$CComContainedObject@VCOPOSRemoteOrderDisplay@@@ATL@@WOA@EAAKXZ 00000001800044f0 f i RemoteOrderDisplay.obj
 0001:000034fc       ?Release@?$CComContainedObject@VCOPOSRemoteOrderDisplay@@@ATL@@WOA@EAAKXZ 00000001800044fc f i RemoteOrderDisplay.obj
 0001:00003508       ?QueryInterface@?$CComContainedObject@VCOPOSRemoteOrderDisplay@@@ATL@@WOI@EAAJAEBU_GUID@@PEAPEAX@Z 0000000180004508 f i RemoteOrderDisplay.obj
 0001:00003514       ?AddRef@?$CComContainedObject@VCOPOSRemoteOrderDisplay@@@ATL@@WOI@EAAKXZ 0000000180004514 f i RemoteOrderDisplay.obj
 0001:00003520       ?Release@?$CComContainedObject@VCOPOSRemoteOrderDisplay@@@ATL@@WOI@EAAKXZ 0000000180004520 f i RemoteOrderDisplay.obj
 0001:0000352c       ?QueryInterface@?$CComContainedObject@VCOPOSRemoteOrderDisplay@@@ATL@@WPA@EAAJAEBU_GUID@@PEAPEAX@Z 000000018000452c f i RemoteOrderDisplay.obj
 0001:00003538       ?AddRef@?$CComContainedObject@VCOPOSRemoteOrderDisplay@@@ATL@@WPA@EAAKXZ 0000000180004538 f i RemoteOrderDisplay.obj
 0001:00003544       ?Release@?$CComContainedObject@VCOPOSRemoteOrderDisplay@@@ATL@@WPA@EAAKXZ 0000000180004544 f i RemoteOrderDisplay.obj
 0001:00003550       ?QueryInterface@?$CComContainedObject@VCOPOSRemoteOrderDisplay@@@ATL@@WPI@EAAJAEBU_GUID@@PEAPEAX@Z 0000000180004550 f i RemoteOrderDisplay.obj
 0001:0000355c       ?AddRef@?$CComContainedObject@VCOPOSRemoteOrderDisplay@@@ATL@@WPI@EAAKXZ 000000018000455c f i RemoteOrderDisplay.obj
 0001:00003568       ?Release@?$CComContainedObject@VCOPOSRemoteOrderDisplay@@@ATL@@WPI@EAAKXZ 0000000180004568 f i RemoteOrderDisplay.obj
 0001:00003574       ?QueryInterface@?$CComContainedObject@VCOPOSRemoteOrderDisplay@@@ATL@@WBAA@EAAJAEBU_GUID@@PEAPEAX@Z 0000000180004574 f i RemoteOrderDisplay.obj
 0001:00003580       ?AddRef@?$CComContainedObject@VCOPOSRemoteOrderDisplay@@@ATL@@WBAA@EAAKXZ 0000000180004580 f i RemoteOrderDisplay.obj
 0001:0000358c       ?Release@?$CComContainedObject@VCOPOSRemoteOrderDisplay@@@ATL@@WBAA@EAAKXZ 000000018000458c f i RemoteOrderDisplay.obj
 0001:00003598       ?QueryInterface@?$CComContainedObject@VCOPOSRemoteOrderDisplay@@@ATL@@WBAI@EAAJAEBU_GUID@@PEAPEAX@Z 0000000180004598 f i RemoteOrderDisplay.obj
 0001:000035a4       ?AddRef@?$CComContainedObject@VCOPOSRemoteOrderDisplay@@@ATL@@WBAI@EAAKXZ 00000001800045a4 f i RemoteOrderDisplay.obj
 0001:000035b0       ?Release@?$CComContainedObject@VCOPOSRemoteOrderDisplay@@@ATL@@WBAI@EAAKXZ 00000001800045b0 f i RemoteOrderDisplay.obj
 0001:000035bc       ?QueryInterface@?$CComContainedObject@VCOPOSRemoteOrderDisplay@@@ATL@@WBBA@EAAJAEBU_GUID@@PEAPEAX@Z 00000001800045bc f i RemoteOrderDisplay.obj
 0001:000035c8       ?AddRef@?$CComContainedObject@VCOPOSRemoteOrderDisplay@@@ATL@@WBBA@EAAKXZ 00000001800045c8 f i RemoteOrderDisplay.obj
 0001:000035d4       ?Release@?$CComContainedObject@VCOPOSRemoteOrderDisplay@@@ATL@@WBBA@EAAKXZ 00000001800045d4 f i RemoteOrderDisplay.obj
 0001:000035e0       ?QueryInterface@?$CComContainedObject@VCOPOSRemoteOrderDisplay@@@ATL@@WBBI@EAAJAEBU_GUID@@PEAPEAX@Z 00000001800045e0 f i RemoteOrderDisplay.obj
 0001:000035ec       ?AddRef@?$CComContainedObject@VCOPOSRemoteOrderDisplay@@@ATL@@WBBI@EAAKXZ 00000001800045ec f i RemoteOrderDisplay.obj
 0001:000035f8       ?Release@?$CComContainedObject@VCOPOSRemoteOrderDisplay@@@ATL@@WBBI@EAAKXZ 00000001800045f8 f i RemoteOrderDisplay.obj
 0001:00003604       ?AddRef@?$CComContainedObject@VCOPOSRemoteOrderDisplay@@@ATL@@WBCI@EAAKXZ 0000000180004604 f i RemoteOrderDisplay.obj
 0001:00003610       ?Release@?$CComContainedObject@VCOPOSRemoteOrderDisplay@@@ATL@@WBCI@EAAKXZ 0000000180004610 f i RemoteOrderDisplay.obj
 0001:0000361c       ?AddRef@?$CComContainedObject@VCOPOSRemoteOrderDisplay@@@ATL@@WBEA@EAAKXZ 000000018000461c f i RemoteOrderDisplay.obj
 0001:00003628       ?Release@?$CComContainedObject@VCOPOSRemoteOrderDisplay@@@ATL@@WBEA@EAAKXZ 0000000180004628 f i RemoteOrderDisplay.obj
 0001:00003634       ?CreateInstance@CComClassFactory@ATL@@UEAAJPEAUIUnknown@@AEBU_GUID@@PEAPEAX@Z 0000000180004634 f i RemoteOrderDisplay.obj
 0001:00003694       ?LockServer@CComClassFactory@ATL@@UEAAJH@Z 0000000180004694 f i RemoteOrderDisplay.obj
 0001:000036b8       ??_GCComClassFactory@ATL@@UEAAPEAXI@Z 00000001800046b8 f i RemoteOrderDisplay.obj
 0001:000036b8       ??_ECComClassFactory@ATL@@UEAAPEAXI@Z 00000001800046b8 f i RemoteOrderDisplay.obj
 0001:00003708       ??$AtlModuleRegisterWndClassInfoT@VAtlModuleRegisterWndClassInfoParamW@ATL@@@ATL@@YAGPEAU_ATL_BASE_MODULE70@0@PEAU_ATL_WIN_MODULE70@0@PEAU_ATL_WNDCLASSINFOW@0@PEAP6A_JPEAUHWND__@@I_K_J@ZVAtlModuleRegisterWndClassInfoParamW@0@@Z 0000000180004708 f i RemoteOrderDisplay.obj
 0001:00003908       ??0?$CComContainedObject@VCOPOSRemoteOrderDisplay@@@ATL@@QEAA@PEAX@Z 0000000180004908 f i RemoteOrderDisplay.obj
 0001:00003a24       ??0?$CComObject@VCOPOSRemoteOrderDisplay@@@ATL@@QEAA@PEAX@Z 0000000180004a24 f i RemoteOrderDisplay.obj
 0001:00003b3c       ??0CAtlModule@ATL@@QEAA@XZ 0000000180004b3c f i RemoteOrderDisplay.obj
 0001:00003bb0       ??1?$CComEnumImpl@UIEnumConnectionPoints@@$1?_GUID_b196b285_bab4_101a_b69c_00aa00341d07@@3U__s_GUID@@BPEAUIConnectionPoint@@V?$_CopyInterface@UIConnectionPoint@@@ATL@@@ATL@@UEAA@XZ 0000000180004bb0 f i RemoteOrderDisplay.obj
 0001:00003c0c       ??1?$CComEnumImpl@UIEnumConnections@@$1?_GUID_b196b287_bab4_101a_b69c_00aa00341d07@@3U__s_GUID@@BUtagCONNECTDATA@@V?$_Copy@UtagCONNECTDATA@@@ATL@@@ATL@@UEAA@XZ 0000000180004c0c f i RemoteOrderDisplay.obj
 0001:00003c68       ??1?$CComObject@VCOPOSRemoteOrderDisplay@@@ATL@@UEAA@XZ 0000000180004c68 f i RemoteOrderDisplay.obj
 0001:00003d88       ??_E?$CComContainedObject@VCOPOSRemoteOrderDisplay@@@ATL@@UEAAPEAXI@Z 0000000180004d88 f i RemoteOrderDisplay.obj
 0001:00003d88       ??_G?$CComContainedObject@VCOPOSRemoteOrderDisplay@@@ATL@@UEAAPEAXI@Z 0000000180004d88 f i RemoteOrderDisplay.obj
 0001:00003dbc       ??_E?$CComObject@VCOPOSRemoteOrderDisplay@@@ATL@@UEAAPEAXI@Z 0000000180004dbc f i RemoteOrderDisplay.obj
 0001:00003dbc       ??_G?$CComObject@VCOPOSRemoteOrderDisplay@@@ATL@@UEAAPEAXI@Z 0000000180004dbc f i RemoteOrderDisplay.obj
 0001:00003df0       ?Add@?$CSimpleArray@GV?$CSimpleArrayEqualHelper@G@ATL@@@ATL@@QEAAHAEBG@Z 0000000180004df0 f i RemoteOrderDisplay.obj
 0001:00003ea4       ?Add@?$CSimpleMap@PEA_WPEA_WVCExpansionVectorEqualHelper@ATL@@@ATL@@QEAAHAEBQEA_W0@Z 0000000180004ea4 f i RemoteOrderDisplay.obj
 0001:00003f44       ?Add@CComDynamicUnkArray@ATL@@QEAAKPEAUIUnknown@@@Z 0000000180004f44 f i RemoteOrderDisplay.obj
 0001:0000402c       ?Add@CExpansionVector@ATL@@QEAAHPEB_W0@Z 000000018000502c f i RemoteOrderDisplay.obj
 0001:00004160       ?AddTermFunc@CAtlModule@ATL@@QEAAJP6AX_K@Z0@Z 0000000180005160 f i RemoteOrderDisplay.obj
 0001:000041fc       ?AddValue@CRegParser@ATL@@IEAAJAEAVCRegKey@2@PEB_WPEA_W@Z 00000001800051fc f i RemoteOrderDisplay.obj
 0001:00004644       ?AllocateHeap@?$CTempBuffer@E$0BAA@VCCRTAllocator@ATL@@@ATL@@AEAAX_K@Z 0000000180005644 f i RemoteOrderDisplay.obj
 0001:00004644       ?AllocateHeap@?$CTempBuffer@_W$0BAA@VCCRTAllocator@ATL@@@ATL@@AEAAX_K@Z 0000000180005644 f i RemoteOrderDisplay.obj
 0001:00004644       ?AllocateHeap@?$CTempBuffer@_W$0EAA@VCCRTAllocator@ATL@@@ATL@@AEAAX_K@Z 0000000180005644 f i RemoteOrderDisplay.obj
 0001:00004670       ?Append@CParseBuffer@CRegParser@ATL@@QEAAHPEB_WH@Z 0000000180005670 f i RemoteOrderDisplay.obj
 0001:000047b8       ?AtlComModuleGetClassObject@ATL@@YAJPEAU_ATL_COM_MODULE70@1@AEBU_GUID@@1PEAPEAX@Z 00000001800057b8 f i RemoteOrderDisplay.obj
 0001:000048f8       ?AtlComModuleRegisterServer@ATL@@YAJPEAU_ATL_COM_MODULE70@1@HPEBU_GUID@@@Z 00000001800058f8 f i RemoteOrderDisplay.obj
 0001:000049b8       ?AtlComModuleUnregisterServer@ATL@@YAJPEAU_ATL_COM_MODULE70@1@HPEBU_GUID@@@Z 00000001800059b8 f i RemoteOrderDisplay.obj
 0001:00004a74       ?AtlHiMetricToPixel@ATL@@YAXPEBUtagSIZE@@PEAU2@@Z 0000000180005a74 f i RemoteOrderDisplay.obj
 0001:00004b24       ?AtlHresultFromLastError@ATL@@YAJXZ 0000000180005b24 f i RemoteOrderDisplay.obj
 0001:00004b44       ?AtlHresultFromWin32@ATL@@YAJK@Z 0000000180005b44 f i RemoteOrderDisplay.obj
 0001:00004b54       ?AtlInternalOleLoadFromStream@ATL@@YAJPEAUIStream@@AEBU_GUID@@PEAPEAXTClassesAllowedInStream@1@K@Z 0000000180005b54 f i RemoteOrderDisplay.obj
 0001:00004c98       ?AtlInternalQueryInterface@ATL@@YAJPEAXPEBU_ATL_INTMAP_ENTRY@1@AEBU_GUID@@PEAPEAX@Z 0000000180005c98 f i RemoteOrderDisplay.obj
 0001:00004da0       ?AtlLoadTypeLib@ATL@@YAJPEAUHINSTANCE__@@PEB_WPEAPEA_WPEAPEAUITypeLib@@@Z 0000000180005da0 f i RemoteOrderDisplay.obj
 0001:00004ffc       ?AtlRegisterClassCategoriesHelper@ATL@@YAJAEBU_GUID@@PEBU_ATL_CATMAP_ENTRY@1@H@Z 0000000180005ffc f i RemoteOrderDisplay.obj
 0001:00005480       ?AtlRegisterTypeLib@ATL@@YAJPEAUHINSTANCE__@@PEB_W@Z 0000000180006480 f i RemoteOrderDisplay.obj
 0001:0000567c       ?AtlThrowImpl@ATL@@YAXJ@Z  000000018000667c f i RemoteOrderDisplay.obj
 0001:000056a0       ?AtlUnRegisterTypeLib@ATL@@YAJPEAUHINSTANCE__@@PEB_W@Z 00000001800066a0 f i RemoteOrderDisplay.obj
 0001:00005768       ?AtlWinModuleExtractCreateWndData@ATL@@YAPEAXPEAU_ATL_WIN_MODULE70@1@@Z 0000000180006768 f i RemoteOrderDisplay.obj
 0001:000057f4       ?Cleanup@CComTypeInfoHolder@ATL@@SAX_K@Z 00000001800067f4 f i RemoteOrderDisplay.obj
 0001:00005834       ?ClearReplacements@CExpansionVector@ATL@@QEAAJXZ 0000000180006834 f i RemoteOrderDisplay.obj
 0001:000058d0       ?CreateInstance@?$CComCreator@V?$CComAggObject@VCOPOSRemoteOrderDisplay@@@ATL@@@ATL@@SAJPEAXAEBU_GUID@@PEAPEAX@Z 00000001800068d0 f i RemoteOrderDisplay.obj
 0001:000059c0       ?CreateInstance@?$CComCreator@V?$CComObject@VCOPOSRemoteOrderDisplay@@@ATL@@@ATL@@SAJPEAXAEBU_GUID@@PEAPEAX@Z 00000001800069c0 f i RemoteOrderDisplay.obj
 0001:00005a78       ?CreateInstance@?$CComObject@V?$CComEnum@UIEnumConnectionPoints@@$1?_GUID_b196b285_bab4_101a_b69c_00aa00341d07@@3U__s_GUID@@BPEAUIConnectionPoint@@V?$_CopyInterface@UIConnectionPoint@@@ATL@@VCComSingleThreadModel@6@@ATL@@@ATL@@SAJPEAPEAV12@@Z 0000000180006a78 f i RemoteOrderDisplay.obj
 0001:00005b04       ?CreateInstance@?$CComObject@V?$CComEnum@UIEnumConnections@@$1?_GUID_b196b287_bab4_101a_b69c_00aa00341d07@@3U__s_GUID@@BUtagCONNECTDATA@@V?$_Copy@UtagCONNECTDATA@@@ATL@@VCComSingleThreadModel@6@@ATL@@@ATL@@SAJPEAPEAV12@@Z 0000000180006b04 f i RemoteOrderDisplay.obj
 0001:00005b90       ?DefaultReflectionHandler@?$CWindowImplRoot@VCWindow@ATL@@@ATL@@SAHPEAUHWND__@@I_K_JAEA_J@Z 0000000180006b90 f i RemoteOrderDisplay.obj
 0001:00005bf4       ?DeleteSubKey@CRegKey@ATL@@QEAAJPEB_W@Z 0000000180006bf4 f i RemoteOrderDisplay.obj
 0001:00005c8c       ?DoEvent@COPOSRemoteOrderDisplay@@IEAAXI_K_J@Z 0000000180006c8c f i RemoteOrderDisplay.obj
 0001:00005d40       ?DoVerbPrimary@?$IOleObjectImpl@VCOPOSRemoteOrderDisplay@@@ATL@@QEAAJPEBUtagRECT@@PEAUHWND__@@@Z 0000000180006d40 f i RemoteOrderDisplay.obj
 0001:00005e6c       ?DoVerbProperties@CComControlBase@ATL@@QEAAJPEBUtagRECT@@PEAUHWND__@@@Z 0000000180006e6c f i RemoteOrderDisplay.obj
 0001:00006094       ?FireTheEvent@?$CProxy_IOPOSEvents@VCOPOSRemoteOrderDisplay@@@@IEAAXPEAVOposVariant@@IAEAJPEB_WJ@Z 0000000180007094 f i RemoteOrderDisplay.obj
 0001:00006180       ?FireViewChange@CComControlBase@ATL@@QEAAJXZ 0000000180007180 f i RemoteOrderDisplay.obj
 0001:000061e4       ?Fire_DataEvent@?$CProxy_IOPOSEvents@VCOPOSRemoteOrderDisplay@@@@QEAAXJ@Z 00000001800071e4 f i RemoteOrderDisplay.obj
 0001:000062d0       ?Fire_DirectIOEvent@?$CProxy_IOPOSEvents@VCOPOSRemoteOrderDisplay@@@@QEAAXJPEAJPEAPEA_W@Z 00000001800072d0 f i RemoteOrderDisplay.obj
 0001:00006428       ?Fire_ErrorEvent@?$CProxy_IOPOSEvents@VCOPOSRemoteOrderDisplay@@@@QEAAXJJJPEAJ@Z 0000000180007428 f i RemoteOrderDisplay.obj
 0001:00006590       ?Fire_OutputCompleteEvent@?$CProxy_IOPOSEvents@VCOPOSRemoteOrderDisplay@@@@QEAAXJ@Z 0000000180007590 f i RemoteOrderDisplay.obj
 0001:0000667c       ?Fire_StatusUpdateEvent@?$CProxy_IOPOSEvents@VCOPOSRemoteOrderDisplay@@@@QEAAXJ@Z 000000018000767c f i RemoteOrderDisplay.obj
 0001:00006768       ?FreeHeap@?$CTempBuffer@E$0BAA@VCCRTAllocator@ATL@@@ATL@@AEAAXXZ 0000000180007768 f i RemoteOrderDisplay.obj
 0001:00006768       ?FreeHeap@?$CTempBuffer@_W$0BAA@VCCRTAllocator@ATL@@@ATL@@AEAAXXZ 0000000180007768 f i RemoteOrderDisplay.obj
 0001:00006768       ?FreeHeap@?$CTempBuffer@_W$0EAA@VCCRTAllocator@ATL@@@ATL@@AEAAXXZ 0000000180007768 f i RemoteOrderDisplay.obj
 0001:00006770       ?GetAmbientLocaleID@CComControlBase@ATL@@QEAAJAEAK@Z 0000000180007770 f i RemoteOrderDisplay.obj
 0001:00006830       ?GetAmbientUserMode@CComControlBase@ATL@@QEAAJAEAH@Z 0000000180007830 f i RemoteOrderDisplay.obj
 0001:00006900       ?GetClassObject@CComModule@ATL@@QEAAJAEBU_GUID@@0PEAPEAX@Z 0000000180007900 f i RemoteOrderDisplay.obj
 0001:000069f4       ?GetConnMap@COPOSRemoteOrderDisplay@@SAPEBU_ATL_CONNMAP_ENTRY@ATL@@PEAH@Z 00000001800079f4 f i RemoteOrderDisplay.obj
 0001:00006a7c       ?GetIDsOfNames@CComTypeInfoHolder@ATL@@QEAAJAEBU_GUID@@PEAPEA_WIKPEAJ@Z 0000000180007a7c f i RemoteOrderDisplay.obj
 0001:00006bf4       ?GetPagesHelper@?$ISpecifyPropertyPagesImpl@VCOPOSRemoteOrderDisplay@@@ATL@@IEAAJPEAUtagCAUUID@@PEBUATL_PROPMAP_ENTRY@2@@Z 0000000180007bf4 f i RemoteOrderDisplay.obj
 0001:00006d94       ?GetSizeMax@CComVariant@ATL@@QEBAJPEAT_ULARGE_INTEGER@@@Z 0000000180007d94 f i RemoteOrderDisplay.obj
 0001:00006fc8       ?GetTI@CComTypeInfoHolder@ATL@@QEAAJK@Z 0000000180007fc8 f i RemoteOrderDisplay.obj
 0001:000072c0       ?GetZoomInfo@CComControlBase@ATL@@QEAAXAEAUATL_DRAWINFO@@@Z 00000001800082c0 f i RemoteOrderDisplay.obj
 0001:00007364       ?HKeyFromString@CRegParser@ATL@@KAPEAUHKEY__@@PEA_W@Z 0000000180008364 f i RemoteOrderDisplay.obj
 0001:000073c8       ?IDataObject_GetData@CComControlBase@ATL@@QEAAJPEAUtagFORMATETC@@PEAUtagSTGMEDIUM@@@Z 00000001800083c8 f i RemoteOrderDisplay.obj
 0001:000075bc       ?IOleInPlaceObject_InPlaceDeactivate@CComControlBase@ATL@@QEAAJXZ 00000001800085bc f i RemoteOrderDisplay.obj
 0001:0000765c       ?IOleInPlaceObject_SetObjectRects@CComControlBase@ATL@@QEAAJPEBUtagRECT@@0@Z 000000018000865c f i RemoteOrderDisplay.obj
 0001:0000774c       ?IOleInPlaceObject_UIDeactivate@CComControlBase@ATL@@QEAAJXZ 000000018000874c f i RemoteOrderDisplay.obj
 0001:00007858       ?IOleObject_Close@CComControlBase@ATL@@QEAAJK@Z 0000000180008858 f i RemoteOrderDisplay.obj
 0001:00007970       ?IOleObject_SetClientSite@CComControlBase@ATL@@QEAAJPEAUIOleClientSite@@@Z 0000000180008970 f i RemoteOrderDisplay.obj
 0001:000079e8       ?IOleObject_SetExtent@CComControlBase@ATL@@QEAAJKPEAUtagSIZE@@@Z 00000001800089e8 f i RemoteOrderDisplay.obj
 0001:00007a80       ?IPSI_GetIPersistStreamInit@?$IPersistStorageImpl@VCOPOSRemoteOrderDisplay@@@ATL@@AEAAPEAUIPersistStreamInit@@XZ 0000000180008a80 f i RemoteOrderDisplay.obj
 0001:00007b68       ?IPersistStreamInit_Load@?$IPersistStreamInitImpl@VCOPOSRemoteOrderDisplay@@@ATL@@QEAAJPEAUIStream@@PEBUATL_PROPMAP_ENTRY@2@@Z 0000000180008b68 f i RemoteOrderDisplay.obj
 0001:00007e9c       ?IPersistStreamInit_Save@?$IPersistStreamInitImpl@VCOPOSRemoteOrderDisplay@@@ATL@@QEAAJPEAUIStream@@HPEBUATL_PROPMAP_ENTRY@2@@Z 0000000180008e9c f i RemoteOrderDisplay.obj
 0001:00008140       ?IQuickActivate_QuickActivate@CComControlBase@ATL@@QEAAJPEAUtagQACONTAINER@@PEAUtagQACONTROL@@@Z 0000000180009140 f i RemoteOrderDisplay.obj
 0001:00008404       ?IViewObject_Draw@CComControlBase@ATL@@QEAAJKJPEAXPEAUtagDVTARGETDEVICE@@PEAUHDC__@@2PEBU_RECTL@@3@Z 0000000180009404 f i RemoteOrderDisplay.obj
 0001:00008518       ?InPlaceActivate@CComControlBase@ATL@@QEAAJJPEBUtagRECT@@@Z 0000000180009518 f i RemoteOrderDisplay.obj
 0001:00008850       ?Init@?$CComEnumImpl@UIEnumConnectionPoints@@$1?_GUID_b196b285_bab4_101a_b69c_00aa00341d07@@3U__s_GUID@@BPEAUIConnectionPoint@@V?$_CopyInterface@UIConnectionPoint@@@ATL@@@ATL@@QEAAJPEAPEAUIConnectionPoint@@0PEAUIUnknown@@W4CComEnumFlags@2@@Z 0000000180009850 f i RemoteOrderDisplay.obj
 0001:00008970       ?Init@?$CComEnumImpl@UIEnumConnections@@$1?_GUID_b196b287_bab4_101a_b69c_00aa00341d07@@3U__s_GUID@@BUtagCONNECTDATA@@V?$_Copy@UtagCONNECTDATA@@@ATL@@@ATL@@QEAAJPEAUtagCONNECTDATA@@0PEAUIUnknown@@W4CComEnumFlags@2@@Z 0000000180009970 f i RemoteOrderDisplay.obj
 0001:00008a94       ?IsEqualObject@?$CComPtrBase@UIOleClientSite@@@ATL@@QEAA_NPEAUIUnknown@@@Z 0000000180009a94 f i RemoteOrderDisplay.obj
 0001:00008b20       ?LoadNameCache@CComTypeInfoHolder@ATL@@QEAAJPEAUITypeInfo@@@Z 0000000180009b20 f i RemoteOrderDisplay.obj
 0001:00008ca0       ?Lookup@?$CSimpleMap@PEA_WPEA_WVCExpansionVectorEqualHelper@ATL@@@ATL@@QEBAPEA_WAEBQEA_W@Z 0000000180009ca0 f i RemoteOrderDisplay.obj
 0001:00008d2c       ?NextToken@CRegParser@ATL@@IEAAJPEA_W@Z 0000000180009d2c f i RemoteOrderDisplay.obj
 0001:00008ee4       ?OnKillFocus@CComControlBase@ATL@@QEAA_JI_K_JAEAH@Z 0000000180009ee4 f i RemoteOrderDisplay.obj
 0001:00008f80       ?OnMouseActivate@CComControlBase@ATL@@QEAA_JI_K_JAEAH@Z 0000000180009f80 f i RemoteOrderDisplay.obj
 0001:00009020       ?OnPaint@CComControlBase@ATL@@QEAA_JI_K_JAEAH@Z 000000018000a020 f i RemoteOrderDisplay.obj
 0001:0000910c       ?OnSetFocus@CComControlBase@ATL@@QEAA_JI_K_JAEAH@Z 000000018000a10c f i RemoteOrderDisplay.obj
 0001:00009208       ?PreProcessBuffer@CRegParser@ATL@@QEAAJPEA_WPEAPEA_W@Z 000000018000a208 f i RemoteOrderDisplay.obj
 0001:0000958c       ?ProcessWindowMessage@?$CComControl@VCOPOSRemoteOrderDisplay@@V?$CWindowImpl@VCOPOSRemoteOrderDisplay@@VCWindow@ATL@@V?$CWinTraits@$0FGAAAAAA@$0A@@3@@ATL@@@ATL@@UEAAHPEAUHWND__@@I_K_JAEA_JK@Z 000000018000a58c f i RemoteOrderDisplay.obj
 0001:00009670       ?ReadFromStream@CComBSTR@ATL@@QEAAJPEAUIStream@@@Z 000000018000a670 f i RemoteOrderDisplay.obj
 0001:000097cc       ?ReadFromStream@CComVariant@ATL@@QEAAJPEAUIStream@@GTClassesAllowedInStream@2@K@Z 000000018000a7cc f i RemoteOrderDisplay.obj
 0001:000099dc       ?RecurseDeleteKey@CRegKey@ATL@@QEAAJPEB_W@Z 000000018000a9dc f i RemoteOrderDisplay.obj
 0001:00009b34       ?RegCreateKeyExW@CAtlTransactionManager@ATL@@QEAAJPEAUHKEY__@@PEB_WKPEA_WKKQEAU_SECURITY_ATTRIBUTES@@PEAPEAU3@PEAK@Z 000000018000ab34 f i RemoteOrderDisplay.obj
 0001:00009c68       ?RegDeleteKeyW@CAtlTransactionManager@ATL@@QEAAJPEAUHKEY__@@PEB_W@Z 000000018000ac68 f i RemoteOrderDisplay.obj
 0001:00009cf4       ?RegOpenKeyExW@CAtlTransactionManager@ATL@@QEAAJPEAUHKEY__@@PEB_WKKPEAPEAU3@@Z 000000018000acf4 f i RemoteOrderDisplay.obj
 0001:00009dac       ?RegisterBuffer@CRegParser@ATL@@QEAAJPEA_WH@Z 000000018000adac f i RemoteOrderDisplay.obj
 0001:00009f14       ?RegisterFromResource@CRegObject@ATL@@IEAAJPEB_W00H@Z 000000018000af14 f i RemoteOrderDisplay.obj
 0001:0000a0d0       ?RegisterServer@CComModule@ATL@@QEAAJHPEBU_GUID@@@Z 000000018000b0d0 f i RemoteOrderDisplay.obj
 0001:0000a190       ?RegisterSubkeys@CRegParser@ATL@@IEAAJPEA_WPEAUHKEY__@@HH@Z 000000018000b190 f i RemoteOrderDisplay.obj
 0001:0000a9fc       ?SendOnDataChange@CComControlBase@ATL@@QEAAJK@Z 000000018000b9fc f i RemoteOrderDisplay.obj
 0001:0000aa6c       ?SetControlFocus@CComControlBase@ATL@@QEAAHH@Z 000000018000ba6c f i RemoteOrderDisplay.obj
 0001:0000ab48       ?SkipAssignment@CRegParser@ATL@@IEAAJPEA_W@Z 000000018000bb48 f i RemoteOrderDisplay.obj
 0001:0000abec       ?Term@CAtlModule@ATL@@QEAAXXZ 000000018000bbec f i RemoteOrderDisplay.obj
 0001:0000ac6c       ?Term@CComModule@ATL@@QEAAXXZ 000000018000bc6c f i RemoteOrderDisplay.obj
 0001:0000ace8       ?UnregisterServer@CComModule@ATL@@QEAAJHPEBU_GUID@@@Z 000000018000bce8 f i RemoteOrderDisplay.obj
 0001:0000ad98       ?UpdateRegistryFromResource@CAtlModule@ATL@@QEAAJIHPEAU_ATL_REGMAP_ENTRY@2@@Z 000000018000bd98 f i RemoteOrderDisplay.obj
 0001:0000b0a4       ?UpdateRegistryFromResource@CAtlModule@ATL@@QEAAJPEB_WHPEAU_ATL_REGMAP_ENTRY@2@@Z 000000018000c0a4 f i RemoteOrderDisplay.obj
 0001:0000b3c8       ?VTFromRegType@CRegParser@ATL@@KAHPEB_WAEAG@Z 000000018000c3c8 f i RemoteOrderDisplay.obj
 0001:0000b464       ?WindowProc@?$CWindowImplBaseT@VCWindow@ATL@@V?$CWinTraits@$0FGAAAAAA@$0A@@2@@ATL@@SA_JPEAUHWND__@@I_K_J@Z 000000018000c464 f i RemoteOrderDisplay.obj
 0001:0000b5d0       ?WriteToStream@CComVariant@ATL@@QEAAJPEAUIStream@@@Z 000000018000c5d0 f i RemoteOrderDisplay.obj
 0001:0000b824       ?WriteToStream@CComVariant@ATL@@QEAAJPEAUIStream@@G@Z 000000018000c824 f i RemoteOrderDisplay.obj
 0001:0000b8bc       ?_AtlVerifyStackAvailable@_ATL_SAFE_ALLOCA_IMPL@ATL@@YA_N_K@Z 000000018000c8bc f i RemoteOrderDisplay.obj
 0001:0000b940       ?atlCreate@?$CWindowImpl@VCOPOSRemoteOrderDisplay@@VCWindow@ATL@@V?$CWinTraits@$0FGAAAAAA@$0A@@3@@ATL@@QEAAPEAUHWND__@@PEAU3@V_U_RECT@2@PEB_WKKV_U_MENUorID@2@PEAX@Z 000000018000c940 f i RemoteOrderDisplay.obj
 0001:0000b9f0       ?atlCreate@?$CWindowImplBaseT@VCWindow@ATL@@V?$CWinTraits@$0FGAAAAAA@$0A@@2@@ATL@@QEAAPEAUHWND__@@PEAU3@V_U_RECT@2@PEB_WKKV_U_MENUorID@2@GPEAX@Z 000000018000c9f0 f i RemoteOrderDisplay.obj
 0001:0000bb60       ?ocscpy_s@@YA_NPEA_W_KPEB_W@Z 000000018000cb60 f i RemoteOrderDisplay.obj
 0001:0000bc10       DllCanUnloadNow            000000018000cc10 f   RemoteOrderDisplay.obj
 0001:0000bc1c       DllGetClassObject          000000018000cc1c f   RemoteOrderDisplay.obj
 0001:0000bc34       DllMain                    000000018000cc34 f   RemoteOrderDisplay.obj
 0001:0000bcdc       DllRegisterServer          000000018000ccdc f   RemoteOrderDisplay.obj
 0001:0000bcf0       DllUnregisterServer        000000018000ccf0 f   RemoteOrderDisplay.obj
 0001:0000bd04       __local_stdio_printf_options 000000018000cd04 f i RemoteOrderDisplay.obj
 0001:0000bd0c       swprintf_s                 000000018000cd0c f i RemoteOrderDisplay.obj
 0001:0000bd60       ??0COPOSRemoteOrderDisplay@@QEAA@XZ 000000018000cd60 f   RemoteOrderDisplayImpl.obj
 0001:0000be30       ??1?$IConnectionPointImpl@VCOPOSRemoteOrderDisplay@@$1?IID_IPropertyNotifySink@@3U_GUID@@BVCComDynamicUnkArray@ATL@@@ATL@@QEAA@XZ 000000018000ce30 f i RemoteOrderDisplayImpl.obj
 0001:0000be30       ??1?$IConnectionPointImpl@VCOPOSRemoteOrderDisplay@@$1?DIID__IOPOSRemoteOrderDisplayEvents@@3U_GUID@@BVCComDynamicUnkArray@ATL@@@ATL@@QEAA@XZ 000000018000ce30 f i RemoteOrderDisplayImpl.obj
 0001:0000be8c       ??1CComControlBase@ATL@@UEAA@XZ 000000018000ce8c f i RemoteOrderDisplayImpl.obj
 0001:0000bf08       ??1COPOSRemoteOrderDisplay@@UEAA@XZ 000000018000cf08 f   RemoteOrderDisplayImpl.obj
 0001:0000bf6c       ?CheckHealth@COPOSRemoteOrderDisplay@@UEAAJJPEAJ@Z 000000018000cf6c f   RemoteOrderDisplayImpl.obj
 0001:0000bfe8       ?ClaimDevice@COPOSRemoteOrderDisplay@@UEAAJJPEAJ@Z 000000018000cfe8 f   RemoteOrderDisplayImpl.obj
 0001:0000c088       ?ClearInput@COPOSRemoteOrderDisplay@@UEAAJPEAJ@Z 000000018000d088 f   RemoteOrderDisplayImpl.obj
 0001:0000c0b0       ?ClearOutput@COPOSRemoteOrderDisplay@@UEAAJPEAJ@Z 000000018000d0b0 f   RemoteOrderDisplayImpl.obj
 0001:0000c0d8       ?ClearVideo@COPOSRemoteOrderDisplay@@UEAAJJJPEAJ@Z 000000018000d0d8 f   RemoteOrderDisplayImpl.obj
 0001:0000c1a4       ?ClearVideoRegion@COPOSRemoteOrderDisplay@@UEAAJJJJJJJPEAJ@Z 000000018000d1a4 f   RemoteOrderDisplayImpl.obj
 0001:0000c2c8       ?Close@COPOSRemoteOrderDisplay@@UEAAJPEAJ@Z 000000018000d2c8 f   RemoteOrderDisplayImpl.obj
 0001:0000c380       ?CompareFirmwareVersion@COPOSRemoteOrderDisplay@@UEAAJPEA_WPEAJ1@Z 000000018000d380 f   RemoteOrderDisplayImpl.obj
 0001:0000c45c       ?ControlClock@COPOSRemoteOrderDisplay@@UEAAJJJJJJJJJJJPEAJ@Z 000000018000d45c f   RemoteOrderDisplayImpl.obj
 0001:0000c5b4       ?ControlCursor@COPOSRemoteOrderDisplay@@UEAAJJJPEAJ@Z 000000018000d5b4 f   RemoteOrderDisplayImpl.obj
 0001:0000c680       ?CopyVideoRegion@COPOSRemoteOrderDisplay@@UEAAJJJJJJJJPEAJ@Z 000000018000d680 f   RemoteOrderDisplayImpl.obj
 0001:0000c7b8       ?DirectIO@COPOSRemoteOrderDisplay@@UEAAJJPEAJPEAPEA_W0@Z 000000018000d7b8 f   RemoteOrderDisplayImpl.obj
 0001:0000c8b4       ?DisplayData@COPOSRemoteOrderDisplay@@UEAAJJJJJPEA_WPEAJ@Z 000000018000d8b4 f   RemoteOrderDisplayImpl.obj
 0001:0000c9c4       ?DoInvoke@COPOSRemoteOrderDisplay@@IEAAJJPEAVOposVariant@@IHPEAJ_N@Z 000000018000d9c4 f   RemoteOrderDisplayImpl.obj
 0001:0000caf8       ?DrawBox@COPOSRemoteOrderDisplay@@UEAAJJJJJJJJPEAJ@Z 000000018000daf8 f   RemoteOrderDisplayImpl.obj
 0001:0000cc30       ?EventInit@COPOSRemoteOrderDisplay@@IEAAJXZ 000000018000dc30 f i RemoteOrderDisplayImpl.obj
 0001:0000cd78       ?EventUninit@COPOSRemoteOrderDisplay@@IEAAXXZ 000000018000dd78 f i RemoteOrderDisplayImpl.obj
 0001:0000cddc       ?EventWindowProc@COPOSRemoteOrderDisplay@@IEAA_JI_K_J@Z 000000018000dddc f i RemoteOrderDisplayImpl.obj
 0001:0000cfb8       ?FinalConstruct@COPOSRemoteOrderDisplay@@QEAAJXZ 000000018000dfb8 f   RemoteOrderDisplayImpl.obj
 0001:0000cff4       ?FreeVideoRegion@COPOSRemoteOrderDisplay@@UEAAJJJPEAJ@Z 000000018000dff4 f   RemoteOrderDisplayImpl.obj
 0001:0000d0c0       ?FreezeEvents@COPOSRemoteOrderDisplay@@MEAAJH@Z 000000018000e0c0 f   RemoteOrderDisplayImpl.obj
 0001:0000d134       ?GetOposProp@COPOSRemoteOrderDisplay@@IEAAJJPEAJJ@Z 000000018000e134 f   RemoteOrderDisplayImpl.obj
 0001:0000d250       ?GetOposProp@COPOSRemoteOrderDisplay@@IEAAJJPEAPEA_WJ@Z 000000018000e250 f   RemoteOrderDisplayImpl.obj
 0001:0000d37c       ?OnDraw@COPOSRemoteOrderDisplay@@MEAAJAEAUATL_DRAWINFO@@@Z 000000018000e37c f   RemoteOrderDisplayImpl.obj
 0001:0000d468       ?Open@COPOSRemoteOrderDisplay@@UEAAJPEA_WPEAJ@Z 000000018000e468 f   RemoteOrderDisplayImpl.obj
 0001:0000dcf4       ?ReleaseDevice@COPOSRemoteOrderDisplay@@UEAAJPEAJ@Z 000000018000ecf4 f   RemoteOrderDisplayImpl.obj
 0001:0000dd60       ?ResetStatistics@COPOSRemoteOrderDisplay@@UEAAJPEA_WPEAJ@Z 000000018000ed60 f   RemoteOrderDisplayImpl.obj
 0001:0000dde8       ?ResetVideo@COPOSRemoteOrderDisplay@@UEAAJJPEAJ@Z 000000018000ede8 f   RemoteOrderDisplayImpl.obj
 0001:0000de64       ?RestoreVideoRegion@COPOSRemoteOrderDisplay@@UEAAJJJJJPEAJ@Z 000000018000ee64 f   RemoteOrderDisplayImpl.obj
 0001:0000df60       ?RetrieveStatistics@COPOSRemoteOrderDisplay@@UEAAJPEAPEA_WPEAJ@Z 000000018000ef60 f   RemoteOrderDisplayImpl.obj
 0001:0000dfe8       ?SOProcessID@COPOSRemoteOrderDisplay@@UEAAJPEAJ@Z 000000018000efe8 f   RemoteOrderDisplayImpl.obj
 0001:0000e004       ?SaveVideoRegion@COPOSRemoteOrderDisplay@@UEAAJJJJJJJPEAJ@Z 000000018000f004 f   RemoteOrderDisplayImpl.obj
 0001:0000e128       ?SelectCharacterSet@COPOSRemoteOrderDisplay@@UEAAJJJPEAJ@Z 000000018000f128 f   RemoteOrderDisplayImpl.obj
 0001:0000e1f4       ?SetCOFreezeEvents@COPOSRemoteOrderDisplay@@IEAAXF@Z 000000018000f1f4 f   RemoteOrderDisplayImpl.obj
 0001:0000e2d8       ?SetCursor@COPOSRemoteOrderDisplay@@UEAAJJJJPEAJ@Z 000000018000f2d8 f   RemoteOrderDisplayImpl.obj
 0001:0000e3c0       ?SetOposProp@COPOSRemoteOrderDisplay@@IEAAJJJJ@Z 000000018000f3c0 f   RemoteOrderDisplayImpl.obj
 0001:0000e520       ?TransactionDisplay@COPOSRemoteOrderDisplay@@UEAAJJJPEAJ@Z 000000018000f520 f   RemoteOrderDisplayImpl.obj
 0001:0000e5ec       ?UpdateFirmware@COPOSRemoteOrderDisplay@@UEAAJPEA_WPEAJ@Z 000000018000f5ec f   RemoteOrderDisplayImpl.obj
 0001:0000e674       ?UpdateStatistics@COPOSRemoteOrderDisplay@@UEAAJPEA_WPEAJ@Z 000000018000f674 f   RemoteOrderDisplayImpl.obj
 0001:0000e6fc       ?UpdateVideoRegionAttribute@COPOSRemoteOrderDisplay@@UEAAJJJJJJJJPEAJ@Z 000000018000f6fc f   RemoteOrderDisplayImpl.obj
 0001:0000e834       ?VideoSound@COPOSRemoteOrderDisplay@@UEAAJJJJJJPEAJ@Z 000000018000f834 f   RemoteOrderDisplayImpl.obj
 0001:0000e944       ?get_AsyncMode@COPOSRemoteOrderDisplay@@UEAAJPEAF@Z 000000018000f944 f   RemoteOrderDisplayImpl.obj
 0001:0000e978       ?get_AutoToneDuration@COPOSRemoteOrderDisplay@@UEAAJPEAJ@Z 000000018000f978 f   RemoteOrderDisplayImpl.obj
 0001:0000e98c       ?get_AutoToneFrequency@COPOSRemoteOrderDisplay@@UEAAJPEAJ@Z 000000018000f98c f   RemoteOrderDisplayImpl.obj
 0001:0000e9a0       ?get_BinaryConversion@COPOSRemoteOrderDisplay@@UEAAJPEAJ@Z 000000018000f9a0 f   RemoteOrderDisplayImpl.obj
 0001:0000e9b4       ?get_CapCompareFirmwareVersion@COPOSRemoteOrderDisplay@@UEAAJPEAF@Z 000000018000f9b4 f   RemoteOrderDisplayImpl.obj
 0001:0000e9e8       ?get_CapMapCharacterSet@COPOSRemoteOrderDisplay@@UEAAJPEAF@Z 000000018000f9e8 f   RemoteOrderDisplayImpl.obj
 0001:0000ea1c       ?get_CapPowerReporting@COPOSRemoteOrderDisplay@@UEAAJPEAJ@Z 000000018000fa1c f   RemoteOrderDisplayImpl.obj
 0001:0000ea30       ?get_CapSelectCharacterSet@COPOSRemoteOrderDisplay@@UEAAJPEAF@Z 000000018000fa30 f   RemoteOrderDisplayImpl.obj
 0001:0000ea64       ?get_CapStatisticsReporting@COPOSRemoteOrderDisplay@@UEAAJPEAF@Z 000000018000fa64 f   RemoteOrderDisplayImpl.obj
 0001:0000ea98       ?get_CapTone@COPOSRemoteOrderDisplay@@UEAAJPEAF@Z 000000018000fa98 f   RemoteOrderDisplayImpl.obj
 0001:0000eacc       ?get_CapTouch@COPOSRemoteOrderDisplay@@UEAAJPEAF@Z 000000018000facc f   RemoteOrderDisplayImpl.obj
 0001:0000eb00       ?get_CapTransaction@COPOSRemoteOrderDisplay@@UEAAJPEAF@Z 000000018000fb00 f   RemoteOrderDisplayImpl.obj
 0001:0000eb34       ?get_CapUpdateFirmware@COPOSRemoteOrderDisplay@@UEAAJPEAF@Z 000000018000fb34 f   RemoteOrderDisplayImpl.obj
 0001:0000eb68       ?get_CapUpdateStatistics@COPOSRemoteOrderDisplay@@UEAAJPEAF@Z 000000018000fb68 f   RemoteOrderDisplayImpl.obj
 0001:0000eb9c       ?get_CharacterSet@COPOSRemoteOrderDisplay@@UEAAJPEAJ@Z 000000018000fb9c f   RemoteOrderDisplayImpl.obj
 0001:0000ebb0       ?get_CharacterSetList@COPOSRemoteOrderDisplay@@UEAAJPEAPEA_W@Z 000000018000fbb0 f   RemoteOrderDisplayImpl.obj
 0001:0000ebc4       ?get_CheckHealthText@COPOSRemoteOrderDisplay@@UEAAJPEAPEA_W@Z 000000018000fbc4 f   RemoteOrderDisplayImpl.obj
 0001:0000ebd8       ?get_Claimed@COPOSRemoteOrderDisplay@@UEAAJPEAF@Z 000000018000fbd8 f   RemoteOrderDisplayImpl.obj
 0001:0000ec0c       ?get_Clocks@COPOSRemoteOrderDisplay@@UEAAJPEAJ@Z 000000018000fc0c f   RemoteOrderDisplayImpl.obj
 0001:0000ec20       ?get_ControlObjectDescription@COPOSRemoteOrderDisplay@@UEAAJPEAPEA_W@Z 000000018000fc20 f   RemoteOrderDisplayImpl.obj
 0001:0000ec84       ?get_ControlObjectVersion@COPOSRemoteOrderDisplay@@UEAAJPEAJ@Z 000000018000fc84 f   RemoteOrderDisplayImpl.obj
 0001:0000ec90       ?get_CurrentUnitID@COPOSRemoteOrderDisplay@@UEAAJPEAJ@Z 000000018000fc90 f   RemoteOrderDisplayImpl.obj
 0001:0000eca4       ?get_DataCount@COPOSRemoteOrderDisplay@@UEAAJPEAJ@Z 000000018000fca4 f   RemoteOrderDisplayImpl.obj
 0001:0000ecb8       ?get_DataEventEnabled@COPOSRemoteOrderDisplay@@UEAAJPEAF@Z 000000018000fcb8 f   RemoteOrderDisplayImpl.obj
 0001:0000ecec       ?get_DeviceDescription@COPOSRemoteOrderDisplay@@UEAAJPEAPEA_W@Z 000000018000fcec f   RemoteOrderDisplayImpl.obj
 0001:0000ed00       ?get_DeviceEnabled@COPOSRemoteOrderDisplay@@UEAAJPEAF@Z 000000018000fd00 f   RemoteOrderDisplayImpl.obj
 0001:0000ed30       ?get_DeviceName@COPOSRemoteOrderDisplay@@UEAAJPEAPEA_W@Z 000000018000fd30 f   RemoteOrderDisplayImpl.obj
 0001:0000ed44       ?get_ErrorString@COPOSRemoteOrderDisplay@@UEAAJPEAPEA_W@Z 000000018000fd44 f   RemoteOrderDisplayImpl.obj
 0001:0000ed58       ?get_ErrorUnits@COPOSRemoteOrderDisplay@@UEAAJPEAJ@Z 000000018000fd58 f   RemoteOrderDisplayImpl.obj
 0001:0000ed6c       ?get_EventString@COPOSRemoteOrderDisplay@@UEAAJPEAPEA_W@Z 000000018000fd6c f   RemoteOrderDisplayImpl.obj
 0001:0000ed80       ?get_EventType@COPOSRemoteOrderDisplay@@UEAAJPEAJ@Z 000000018000fd80 f   RemoteOrderDisplayImpl.obj
 0001:0000ed94       ?get_EventUnitID@COPOSRemoteOrderDisplay@@UEAAJPEAJ@Z 000000018000fd94 f   RemoteOrderDisplayImpl.obj
 0001:0000eda8       ?get_EventUnits@COPOSRemoteOrderDisplay@@UEAAJPEAJ@Z 000000018000fda8 f   RemoteOrderDisplayImpl.obj
 0001:0000edbc       ?get_FreezeEvents@COPOSRemoteOrderDisplay@@UEAAJPEAF@Z 000000018000fdbc f   RemoteOrderDisplayImpl.obj
 0001:0000edec       ?get_MapCharacterSet@COPOSRemoteOrderDisplay@@UEAAJPEAF@Z 000000018000fdec f   RemoteOrderDisplayImpl.obj
 0001:0000ee20       ?get_OpenResult@COPOSRemoteOrderDisplay@@UEAAJPEAJ@Z 000000018000fe20 f   RemoteOrderDisplayImpl.obj
 0001:0000ee2c       ?get_OutputID@COPOSRemoteOrderDisplay@@UEAAJPEAJ@Z 000000018000fe2c f   RemoteOrderDisplayImpl.obj
 0001:0000ee40       ?get_PowerNotify@COPOSRemoteOrderDisplay@@UEAAJPEAJ@Z 000000018000fe40 f   RemoteOrderDisplayImpl.obj
 0001:0000ee54       ?get_PowerState@COPOSRemoteOrderDisplay@@UEAAJPEAJ@Z 000000018000fe54 f   RemoteOrderDisplayImpl.obj
 0001:0000ee68       ?get_ResultCode@COPOSRemoteOrderDisplay@@UEAAJPEAJ@Z 000000018000fe68 f   RemoteOrderDisplayImpl.obj
 0001:0000eea4       ?get_ResultCodeExtended@COPOSRemoteOrderDisplay@@UEAAJPEAJ@Z 000000018000fea4 f   RemoteOrderDisplayImpl.obj
 0001:0000eeb8       ?get_ServiceObjectDescription@COPOSRemoteOrderDisplay@@UEAAJPEAPEA_W@Z 000000018000feb8 f   RemoteOrderDisplayImpl.obj
 0001:0000eecc       ?get_ServiceObjectVersion@COPOSRemoteOrderDisplay@@UEAAJPEAJ@Z 000000018000fecc f   RemoteOrderDisplayImpl.obj
 0001:0000eee0       ?get_State@COPOSRemoteOrderDisplay@@UEAAJPEAJ@Z 000000018000fee0 f   RemoteOrderDisplayImpl.obj
 0001:0000ef0c       ?get_SystemClocks@COPOSRemoteOrderDisplay@@UEAAJPEAJ@Z 000000018000ff0c f   RemoteOrderDisplayImpl.obj
 0001:0000ef20       ?get_SystemVideoSaveBuffers@COPOSRemoteOrderDisplay@@UEAAJPEAJ@Z 000000018000ff20 f   RemoteOrderDisplayImpl.obj
 0001:0000ef34       ?get_Timeout@COPOSRemoteOrderDisplay@@UEAAJPEAJ@Z 000000018000ff34 f   RemoteOrderDisplayImpl.obj
 0001:0000ef48       ?get_UnitsOnline@COPOSRemoteOrderDisplay@@UEAAJPEAJ@Z 000000018000ff48 f   RemoteOrderDisplayImpl.obj
 0001:0000ef5c       ?get_VideoDataCount@COPOSRemoteOrderDisplay@@UEAAJPEAJ@Z 000000018000ff5c f   RemoteOrderDisplayImpl.obj
 0001:0000ef70       ?get_VideoMode@COPOSRemoteOrderDisplay@@UEAAJPEAJ@Z 000000018000ff70 f   RemoteOrderDisplayImpl.obj
 0001:0000ef84       ?get_VideoModesList@COPOSRemoteOrderDisplay@@UEAAJPEAPEA_W@Z 000000018000ff84 f   RemoteOrderDisplayImpl.obj
 0001:0000ef98       ?get_VideoSaveBuffers@COPOSRemoteOrderDisplay@@UEAAJPEAJ@Z 000000018000ff98 f   RemoteOrderDisplayImpl.obj
 0001:0000efac       ?put_AsyncMode@COPOSRemoteOrderDisplay@@UEAAJF@Z 000000018000ffac f   RemoteOrderDisplayImpl.obj
 0001:0000efc8       ?put_AutoToneDuration@COPOSRemoteOrderDisplay@@UEAAJJ@Z 000000018000ffc8 f   RemoteOrderDisplayImpl.obj
 0001:0000efdc       ?put_AutoToneFrequency@COPOSRemoteOrderDisplay@@UEAAJJ@Z 000000018000ffdc f   RemoteOrderDisplayImpl.obj
 0001:0000eff0       ?put_BinaryConversion@COPOSRemoteOrderDisplay@@UEAAJJ@Z 000000018000fff0 f   RemoteOrderDisplayImpl.obj
 0001:0000f004       ?put_CurrentUnitID@COPOSRemoteOrderDisplay@@UEAAJJ@Z 0000000180010004 f   RemoteOrderDisplayImpl.obj
[...]
 0004:00001848       $pdata$wcstol              0000000180036848     libucrt:strtox.obj
 0004:00001854       $pdata$_mbtowc_l           0000000180036854     libucrt:mbtowc.obj
 0004:00001860       $pdata$__acrt_update_locale_info 0000000180036860     libucrt:locale_update.obj
 0004:0000186c       $pdata$__acrt_update_multibyte_info 000000018003686c     libucrt:locale_update.obj
 0004:00001878       $pdata$__acrt_fp_format    0000000180036878     libucrt:cvt.obj
 0004:00001884       $pdata$?fp_format_e_internal@@YAHQEAD_KH_NIQEAU_strflt@@2QEAU__crt_locale_pointers@@@Z 0000000180036884     libucrt:cvt.obj
 0004:00001890       $pdata$?fp_format_e@@YAHQEBNQEAD_K12H_NIQEAU__crt_locale_pointers@@@Z 0000000180036890     libucrt:cvt.obj
 0004:0000189c       $pdata$?fp_format_a@@YAHQEBNPEAD_KQEAD2H_NIQEAU__crt_locale_pointers@@@Z 000000018003689c     libucrt:cvt.obj
 0004:000018a8       $pdata$?fp_format_f_internal@@YAHQEAD_KHQEAU_strflt@@_NQEAU__crt_locale_pointers@@@Z 00000001800368a8     libucrt:cvt.obj
 0004:000018b4       $pdata$?fp_format_g@@YAHQEBNQEAD_K12H_NIQEAU__crt_locale_pointers@@@Z 00000001800368b4     libucrt:cvt.obj
 0004:000018c0       $pdata$_fileno             00000001800368c0     libucrt:fileno.obj
 0004:000018cc       $pdata$__acrt_initialize_stdio 00000001800368cc     libucrt:_file.obj
 0004:000018d8       $pdata$__acrt_uninitialize_stdio 00000001800368d8     libucrt:_file.obj
 0004:000018e4       $pdata$__acrt_uninitialize_locale 00000001800368e4     libucrt:wsetlocale.obj
 0004:000018f0       $pdata$??$?RV<lambda_410d79af7f07d98d83a3f525b3859a53>@@AEAV<lambda_3e16ef9562a7dcce91392c22ab16ea36>@@V<lambda_38119f0e861e05405d8a144b9b982f0a>@@@?$__crt_seh_guarded_call@X@@QEAAX$$QEAV<lambda_410d79af7f07d98d83a3f525b3859a53>@@AEAV<lambda_3e16ef9562a7dcce91392c22ab16ea36>@@$$QEAV<lambda_38119f0e861e05405d8a144b9b982f0a>@@@Z 00000001800368f0     libucrt:wsetlocale.obj
 0004:000018fc       $pdata$?fin$0@?0???$?RV<lambda_410d79af7f07d98d83a3f525b3859a53>@@AEAV<lambda_3e16ef9562a7dcce91392c22ab16ea36>@@V<lambda_38119f0e861e05405d8a144b9b982f0a>@@@?$__crt_seh_guarded_call@X@@QEAAX$$QEAV<lambda_410d79af7f07d98d83a3f525b3859a53>@@AEAV<lambda_3e16ef9562a7dcce91392c22ab16ea36>@@$$QEAV<lambda_38119f0e861e05405d8a144b9b982f0a>@@@Z@4HA 00000001800368fc     libucrt:wsetlocale.obj
 0004:00001908       $pdata$__acrt_initialize_lowio 0000000180036908     libucrt:ioinit.obj
 0004:00001914       $pdata$__acrt_initialize_lowio$fin$0 0000000180036914     libucrt:ioinit.obj
 0004:00001914       $pdata$__acrt_lowio_ensure_fh_exists$fin$0 0000000180036914     libucrt:osfinfo.obj
 0004:00001920       $pdata$__acrt_uninitialize_lowio 0000000180036920     libucrt:ioinit.obj
 0004:0000192c       $pdata$?initialize_inherited_file_handles_nolock@@YAXXZ 000000018003692c     libucrt:ioinit.obj
 0004:00001938       $pdata$?initialize_stdio_handles_nolock@@YAXXZ 0000000180036938     libucrt:ioinit.obj
 0004:00001944       $pdata$__acrt_initialize_locks 0000000180036944     libucrt:locks.obj
 0004:00001950       $pdata$__acrt_uninitialize_locks 0000000180036950     libucrt:locks.obj
 0004:0000195c       $pdata$__acrt_get_process_end_policy 000000018003695c     libucrt:win_policies.obj
 0004:00001968       $pdata$??$__acrt_mbs_to_wcs_cp@U__crt_win32_buffer_internal_dynamic_resizing@@@@YAHQEBDAEAV?$__crt_win32_buffer@_WU__crt_win32_buffer_internal_dynamic_resizing@@@@I@Z 0000000180036968     libucrt:argv_wildcards.obj
 0004:00001974       $pdata$??$__acrt_wcs_to_mbs_cp@U__crt_win32_buffer_internal_dynamic_resizing@@@@YAHQEB_WAEAV?$__crt_win32_buffer@DU__crt_win32_buffer_internal_dynamic_resizing@@@@I@Z 0000000180036974     libucrt:argv_wildcards.obj
 0004:00001980       $pdata$??$common_expand_argv_wildcards@D@@YAHQEAPEADQEAPEAPEAD@Z 0000000180036980     libucrt:argv_wildcards.obj
 0004:0000198c       $pdata$??$copy_and_add_argument_to_buffer@D@@YAHQEBD0_KAEAV?$argument_list@D@?A0x5f5c8891@@@Z 000000018003698c     libucrt:argv_wildcards.obj
 0004:00001998       $pdata$??$expand_argument_wildcards@D@@YAHQEAD0AEAV?$argument_list@D@?A0x5f5c8891@@@Z 0000000180036998     libucrt:argv_wildcards.obj
 0004:000019a4       $pdata$__acrt_GetModuleFileNameA 00000001800369a4     libucrt:getmodulefilenamea.obj
 0004:000019b0       $pdata$??$__acrt_wcs_to_mbs_cp@U__crt_win32_buffer_no_resizing@@@@YAHQEB_WAEAV?$__crt_win32_buffer@DU__crt_win32_buffer_no_resizing@@@@I@Z 00000001800369b0     libucrt:getmodulefilenamea.obj
 0004:000019bc       $pdata$__acrt_update_thread_multibyte_data 00000001800369bc     libucrt:mbctype.obj
 0004:000019c8       $pdata$__acrt_initialize_multibyte 00000001800369c8     libucrt:mbctype.obj
 0004:000019d4       $pdata$_setmbcp_nolock     00000001800369d4     libucrt:mbctype.obj
 0004:000019e0       $pdata$?getSystemCP@@YAHH@Z 00000001800369e0     libucrt:mbctype.obj
 0004:000019ec       $pdata$?setSBCS@@YAXPEAU__crt_multibyte_data@@@Z 00000001800369ec     libucrt:mbctype.obj
 0004:000019f8       $pdata$?update_thread_multibyte_data_internal@@YAPEAU__crt_multibyte_data@@QEAU__acrt_ptd@@QEAPEAU1@@Z 00000001800369f8     libucrt:mbctype.obj
 0004:00001a04       $pdata$?fin$0@?0??update_thread_multibyte_data_internal@@YAPEAU__crt_multibyte_data@@QEAU__acrt_ptd@@QEAPEAU1@@Z@4HA 0000000180036a04     libucrt:mbctype.obj
 0004:00001a10       $pdata$?setmbcp_internal@@YAHH_NQEAU__acrt_ptd@@QEAPEAU__crt_multibyte_data@@@Z 0000000180036a10     libucrt:mbctype.obj
 0004:00001a1c       $pdata$?setSBUpLow@@YAXPEAU__crt_multibyte_data@@@Z 0000000180036a1c     libucrt:mbctype.obj
 0004:00001a28       $pdata$??$?RV<lambda_efdfa57d1f175319df784efa44bb7b81>@@AEAV<lambda_5f0a4c1567f8adc6734073e5d1e1b35c>@@V<lambda_2e8a7d3640ea6ccb4c2413664c2db6fd>@@@?$__crt_seh_guarded_call@X@@QEAAX$$QEAV<lambda_efdfa57d1f175319df784efa44bb7b81>@@AEAV<lambda_5f0a4c1567f8adc6734073e5d1e1b35c>@@$$QEAV<lambda_2e8a7d3640ea6ccb4c2413664c2db6fd>@@@Z 0000000180036a28     libucrt:mbctype.obj
 0004:00001a34       $pdata$?x_ismbbtype_l@@YAHPEAU__crt_locale_pointers@@IHH@Z 0000000180036a34     libucrt:ismbbyte.obj
 0004:00001a40       $pdata$__acrt_initialize_command_line 0000000180036a40     libucrt:argv_data.obj
 0004:00001a4c       $pdata$__acrt_WideCharToMultiByte 0000000180036a4c     libucrt:widechartomultibyte.obj
 0004:00001a58       $pdata$__dcrt_get_narrow_environment_from_os 0000000180036a58     libucrt:get_environment_from_os.obj
 0004:00001a64       $pdata$__acrt_initialize_heap 0000000180036a64     libucrt:heap_handle.obj
 0004:00001a70       $pdata$__acrt_execute_initializers 0000000180036a70     libucrt:shared_initialization.obj
 0004:00001a7c       $pdata$__acrt_execute_uninitializers 0000000180036a7c     libucrt:shared_initialization.obj
 0004:00001a88       $pdata$__acrt_get_sigabrt_handler 0000000180036a88     libucrt:signal.obj
 0004:00001a94       $pdata$raise               0000000180036a94     libucrt:signal.obj
 0004:00001aa0       $pdata$raise$fin$0         0000000180036aa0     libucrt:signal.obj
 0004:00001aac       $pdata$??$?RV<lambda_450d765d439847d4c735a33c368b5fc0>@@AEAV<lambda_44731a7d0e6d81c3e6aa82d741081786>@@V<lambda_601a2a7da3b7a96e9554ac7215c4b07c>@@@?$__crt_seh_guarded_call@P6AXH@Z@@QEAAP6AXH@Z$$QEAV<lambda_450d765d439847d4c735a33c368b5fc0>@@AEAV<lambda_44731a7d0e6d81c3e6aa82d741081786>@@$$QEAV<lambda_601a2a7da3b7a96e9554ac7215c4b07c>@@@Z 0000000180036aac     libucrt:signal.obj
 0004:00001ab8       $pdata$_fflush_nolock      0000000180036ab8     libucrt:fflush.obj
 0004:00001ac4       $pdata$__acrt_stdio_flush_nolock 0000000180036ac4     libucrt:fflush.obj
 0004:00001ad0       $pdata$?common_flush_all@@YAH_N@Z 0000000180036ad0     libucrt:fflush.obj
 0004:00001adc       $pdata$??$?RV<lambda_842d9ff0dc9ef11c61343bbaebe7f885>@@AEAV<lambda_c5860995281e5c4ce005b3de8f5874ee>@@V<lambda_d90129c13df834fdcbf8d2b88dafcf2d>@@@?$__crt_seh_guarded_call@X@@QEAAX$$QEAV<lambda_842d9ff0dc9ef11c61343bbaebe7f885>@@AEAV<lambda_c5860995281e5c4ce005b3de8f5874ee>@@$$QEAV<lambda_d90129c13df834fdcbf8d2b88dafcf2d>@@@Z 0000000180036adc     libucrt:fflush.obj
 0004:00001ae8       $pdata$?fin$0@?0???$?RV<lambda_842d9ff0dc9ef11c61343bbaebe7f885>@@AEAV<lambda_c5860995281e5c4ce005b3de8f5874ee>@@V<lambda_d90129c13df834fdcbf8d2b88dafcf2d>@@@?$__crt_seh_guarded_call@X@@QEAAX$$QEAV<lambda_842d9ff0dc9ef11c61343bbaebe7f885>@@AEAV<lambda_c5860995281e5c4ce005b3de8f5874ee>@@$$QEAV<lambda_d90129c13df834fdcbf8d2b88dafcf2d>@@@Z@4HA 0000000180036ae8     libucrt:fflush.obj
 0004:00001af4       $pdata$??$?RV<lambda_886d6c58226a84441f68b9f2b8217b83>@@AEAV<lambda_ab61a845afdef5b7c387490eaf3616ee>@@V<lambda_f7f22ab5edc0698d5f6905b0d3f44752>@@@?$__crt_seh_guarded_call@X@@QEAAX$$QEAV<lambda_886d6c58226a84441f68b9f2b8217b83>@@AEAV<lambda_ab61a845afdef5b7c387490eaf3616ee>@@$$QEAV<lambda_f7f22ab5edc0698d5f6905b0d3f44752>@@@Z 0000000180036af4     libucrt:fflush.obj
 0004:00001b00       $pdata$?fin$0@?0???$?RV<lambda_886d6c58226a84441f68b9f2b8217b83>@@AEAV<lambda_ab61a845afdef5b7c387490eaf3616ee>@@V<lambda_f7f22ab5edc0698d5f6905b0d3f44752>@@@?$__crt_seh_guarded_call@X@@QEAAX$$QEAV<lambda_886d6c58226a84441f68b9f2b8217b83>@@AEAV<lambda_ab61a845afdef5b7c387490eaf3616ee>@@$$QEAV<lambda_f7f22ab5edc0698d5f6905b0d3f44752>@@@Z@4HA 0000000180036b00     libucrt:fflush.obj
 0004:00001b0c       $pdata$__pctype_func       0000000180036b0c     libucrt:ctype.obj
 0004:00001b18       $pdata$iswctype            0000000180036b18     libucrt:iswctype.obj
 0004:00001b24       $pdata$__acrt_release_locale_ref 0000000180036b24     libucrt:locale_refcounting.obj
 0004:00001b30       $pdata$__acrt_free_locale  0000000180036b30     libucrt:locale_refcounting.obj
 0004:00001b3c       $pdata$__acrt_locale_free_lc_time_if_unreferenced 0000000180036b3c     libucrt:locale_refcounting.obj
 0004:00001b48       $pdata$__acrt_update_thread_locale_data 0000000180036b48     libucrt:locale_refcounting.obj
 0004:00001b54       $pdata$__acrt_update_thread_locale_data$fin$0 0000000180036b54     libucrt:locale_refcounting.obj
 0004:00001b60       $pdata$_updatetlocinfoEx_nolock 0000000180036b60     libucrt:locale_refcounting.obj
 0004:00001b6c       $pdata$__acrt_DownlevelLocaleNameToLCID 0000000180036b6c     libucrt:lcidtoname_downlevel.obj
 0004:00001b78       $pdata$_isleadbyte_l       0000000180036b78     libucrt:_wctype.obj
 0004:00001b84       $pdata$?__mbrtowc_utf8@__crt_mbstring@@YA_KPEA_WPEBD_KPEAU_Mbstatet@@@Z 0000000180036b84     libucrt:mbrtowc.obj
 0004:00001b90       $pdata$?__mbsrtowcs_utf8@__crt_mbstring@@YA_KPEA_WPEAPEBD_KPEAU_Mbstatet@@@Z 0000000180036b90     libucrt:mbrtowc.obj
 0004:00001b9c       $pdata$__acrt_fp_strflt_to_string 0000000180036b9c     libucrt:_fptostr.obj
 0004:00001ba8       $pdata$memcpy_s            0000000180036ba8     libucrt:cfout.obj
 0004:00001bb4       $pdata$__acrt_fltout       0000000180036bb4     libucrt:cfout.obj
 0004:00001bc0       $pdata$?divide@__crt_strtox@@YA_KAEAUbig_integer@1@AEBU21@@Z 0000000180036bc0     libucrt:cfout.obj
 0004:00001bcc       $pdata$0$?divide@__crt_strtox@@YA_KAEAUbig_integer@1@AEBU21@@Z 0000000180036bcc     libucrt:cfout.obj
 0004:00001bd8       $pdata$1$?divide@__crt_strtox@@YA_KAEAUbig_integer@1@AEBU21@@Z 0000000180036bd8     libucrt:cfout.obj
 0004:00001be4       $pdata$_fcloseall          0000000180036be4     libucrt:closeall.obj
 0004:00001bf0       $pdata$_fcloseall$fin$0    0000000180036bf0     libucrt:closeall.obj
 0004:00001bfc       $pdata$__acrt_stdio_free_buffer_nolock 0000000180036bfc     libucrt:_freebuf.obj
 0004:00001c08       $pdata$_isatty             0000000180036c08     libucrt:isatty.obj
 0004:00001c14       $pdata$__acrt_locale_free_monetary 0000000180036c14     libucrt:initmon.obj
 0004:00001c20       $pdata$__acrt_locale_free_numeric 0000000180036c20     libucrt:initnum.obj
 0004:00001c2c       $pdata$__acrt_locale_free_time 0000000180036c2c     libucrt:inittime.obj
 0004:00001c38       $pdata$?free_crt_array_internal@@YAXQEAPEBX_K@Z 0000000180036c38     libucrt:inittime.obj
 0004:00001c44       $pdata$__acrt_GetStringTypeA 0000000180036c44     libucrt:getstringtypea.obj
 0004:00001c50       $pdata$_get_osfhandle      0000000180036c50     libucrt:osfinfo.obj
 0004:00001c5c       $pdata$_free_osfhnd        0000000180036c5c     libucrt:osfinfo.obj
 0004:00001c68       $pdata$__acrt_lowio_create_handle_array 0000000180036c68     libucrt:osfinfo.obj
 0004:00001c74       $pdata$__acrt_lowio_destroy_handle_array 0000000180036c74     libucrt:osfinfo.obj
 0004:00001c80       $pdata$__acrt_lowio_ensure_fh_exists 0000000180036c80     libucrt:osfinfo.obj
 0004:00001c8c       $pdata$qsort               0000000180036c8c     libucrt:qsort.obj
 0004:00001c98       $pdata$4$qsort             0000000180036c98     libucrt:qsort.obj
 0004:00001ca4       $pdata$5$qsort             0000000180036ca4     libucrt:qsort.obj
 0004:00001cb0       $pdata$strncpy_s           0000000180036cb0     libucrt:strncpy_s.obj
 0004:00001cbc       $pdata$strpbrk             0000000180036cbc     libucrt:strpbrk.obj
 0004:00001cc8       $pdata$fallbackMethod      0000000180036cc8     libucrt:strpbrk.obj
 0004:00001cd4       $pdata$_mbsdec_l           0000000180036cd4     libucrt:mbsdec.obj
 0004:00001ce0       $pdata$__acrt_LCMapStringA 0000000180036ce0     libucrt:lcmapstringa.obj
 0004:00001cec       $pdata$?__acrt_LCMapStringA_stat@@YAHPEAU__crt_locale_pointers@@PEB_WKPEBDHPEADHHH@Z 0000000180036cec     libucrt:lcmapstringa.obj
 0004:00001cf8       $pdata$?initialize_multibyte@@YAHXZ 0000000180036cf8     libucrt:multibyte_initializer.obj
 0004:00001d04       $pdata$_commit             0000000180036d04     libucrt:commit.obj
 0004:00001d10       $pdata$??$?RV<lambda_a37b2b86f63e897a80ea819b0eb08c01>@@AEAV<lambda_38ce7e780aa69e748d6df282ebc68efe>@@V<lambda_99fb1378e971ab6e7edea83e3a7a83a2>@@@?$__crt_seh_guarded_call@H@@QEAAH$$QEAV<lambda_a37b2b86f63e897a80ea819b0eb08c01>@@AEAV<lambda_38ce7e780aa69e748d6df282ebc68efe>@@$$QEAV<lambda_99fb1378e971ab6e7edea83e3a7a83a2>@@@Z 0000000180036d10     libucrt:commit.obj
 0004:00001d1c       $pdata$?fin$0@?0???$?RV<lambda_751a882b2c74d4b022dec766aa51a29a>@@AEAV<lambda_628dfdc04ba53c8bfc02c9951375f3f5>@@V<lambda_f6c7be5f7998530c34de24c7437d6b54>@@@?$__crt_seh_guarded_call@H@@QEAAH$$QEAV<lambda_751a882b2c74d4b022dec766aa51a29a>@@AEAV<lambda_628dfdc04ba53c8bfc02c9951375f3f5>@@$$QEAV<lambda_f6c7be5f7998530c34de24c7437d6b54>@@@Z@4HA 0000000180036d1c     libucrt:close.obj
 0004:00001d1c       $pdata$?fin$0@?0???$?RV<lambda_a37b2b86f63e897a80ea819b0eb08c01>@@AEAV<lambda_38ce7e780aa69e748d6df282ebc68efe>@@V<lambda_99fb1378e971ab6e7edea83e3a7a83a2>@@@?$__crt_seh_guarded_call@H@@QEAAH$$QEAV<lambda_a37b2b86f63e897a80ea819b0eb08c01>@@AEAV<lambda_38ce7e780aa69e748d6df282ebc68efe>@@$$QEAV<lambda_99fb1378e971ab6e7edea83e3a7a83a2>@@@Z@4HA 0000000180036d1c     libucrt:commit.obj
 0004:00001d28       $pdata$_write              0000000180036d28     libucrt:write.obj
 0004:00001d34       $pdata$_write$fin$0        0000000180036d34     libucrt:write.obj
 0004:00001d40       $pdata$_write_nolock       0000000180036d40     libucrt:write.obj
 0004:00001d4c       $pdata$?write_double_translated_ansi_nolock@@YA?AUwrite_result@?A0x17268360@@HQEBDI@Z 0000000180036d4c     libucrt:write.obj
 0004:00001d58       $pdata$?write_text_ansi_nolock@@YA?AUwrite_result@?A0x17268360@@HQEBDI@Z 0000000180036d58     libucrt:write.obj
 0004:00001d64       $pdata$?write_text_utf16le_nolock@@YA?AUwrite_result@?A0x17268360@@HQEBDI@Z 0000000180036d64     libucrt:write.obj
 0004:00001d70       $pdata$?write_text_utf8_nolock@@YA?AUwrite_result@?A0x17268360@@HQEBDI@Z 0000000180036d70     libucrt:write.obj
 0004:00001d7c       $pdata$?__mbrtoc32_utf8@__crt_mbstring@@YA_KPEA_UPEBD_KPEAU_Mbstatet@@@Z 0000000180036d7c     libucrt:mbrtoc32.obj
 0004:00001d88       $pdata$fegetenv            0000000180036d88     libucrt:fegetenv.obj
 0004:00001d94       $pdata$fesetenv            0000000180036d94     libucrt:fesetenv.obj
 0004:00001da0       $pdata$feholdexcept        0000000180036da0     libucrt:feholdexcept.obj
 0004:00001db8       $pdata$??$common_lseek_nolock@_J@@YA_JH_JH@Z 0000000180036db8     libucrt:lseek.obj
 0004:00001dc4       $pdata$fclose              0000000180036dc4     libucrt:fclose.obj
 0004:00001dd0       $pdata$fclose$fin$0        0000000180036dd0     libucrt:fclose.obj
 0004:00001ddc       $pdata$_fclose_nolock      0000000180036ddc     libucrt:fclose.obj
 0004:00001de8       $pdata$_putwch_nolock      0000000180036de8     libucrt:putwch.obj
 0004:00001df4       $pdata$__acrt_fenv_set_control 0000000180036df4     libucrt:_fenvutils.obj
 0004:00001e00       $pdata$_clearfp            0000000180036e00     libucrt:ieee.obj
 0004:00001e0c       $pdata$_call_matherr       0000000180036e0c     libucrt:libm_error.obj
 0004:00001e18       $pdata$_exception_enabled  0000000180036e18     libucrt:libm_error.obj
 0004:00001e24       $pdata$_handle_error       0000000180036e24     libucrt:libm_error.obj
 0004:00001e30       $pdata$__acrt_initialize_fma3 0000000180036e30     libucrt:fma3_available.obj
 0004:00001e3c       $pdata$_log_special_common 0000000180036e3c     libucrt:log_special.obj
 0004:00001e48       $pdata$_log10_special      0000000180036e48     libucrt:log_special.obj
 0004:00001e54       $pdata$_close              0000000180036e54     libucrt:close.obj
 0004:00001e60       $pdata$_close_nolock       0000000180036e60     libucrt:close.obj
 0004:00001e6c       $pdata$??$?RV<lambda_751a882b2c74d4b022dec766aa51a29a>@@AEAV<lambda_628dfdc04ba53c8bfc02c9951375f3f5>@@V<lambda_f6c7be5f7998530c34de24c7437d6b54>@@@?$__crt_seh_guarded_call@H@@QEAAH$$QEAV<lambda_751a882b2c74d4b022dec766aa51a29a>@@AEAV<lambda_628dfdc04ba53c8bfc02c9951375f3f5>@@$$QEAV<lambda_f6c7be5f7998530c34de24c7437d6b54>@@@Z 0000000180036e6c     libucrt:close.obj
 0004:00001e78       $pdata$__dcrt_lowio_ensure_console_output_initialized 0000000180036e78     libucrt:initcon.obj
 0004:00001e84       $pdata$__dcrt_write_console 0000000180036e84     libucrt:initcon.obj
 0004:00001e90       $pdata$__dcrt_terminate_console_output 0000000180036e90     libucrt:initcon.obj
 0004:00001ea8       $pdata$_set_errno_from_matherr 0000000180036ea8     libucrt:fpexcept.obj
 0004:00001eb4       $pdata$_raise_exc          0000000180036eb4     libucrt:fpexcept.obj
 0004:00001ec0       $pdata$_raise_exc_ex       0000000180036ec0     libucrt:fpexcept.obj
 0004:00001ecc       $pdata$_clrfp              0000000180036ecc     libucrt:fpctrl.obj
 0004:00001ed8       $pdata$_ctrlfp             0000000180036ed8     libucrt:fpctrl.obj
 0004:00001ee4       $pdata$_ctrlfp$filt$0      0000000180036ee4     libucrt:fpctrl.obj
 0004:00001ef0       $pdata$_statfp             0000000180036ef0     libucrt:fpctrl.obj
 0004:00001efc       $pdata$_set_statfp         0000000180036efc     libucrt:fpctrl.obj
 0004:00001f08       $pdata$_IsNonwritableInCurrentImage 0000000180036f08     LIBCMT:pesect.obj
 0004:00001f14       $pdata$_IsNonwritableInCurrentImage$filt$0 0000000180036f14     LIBCMT:pesect.obj
 0005:00000000       MoveSmall                  0000000180037000     libvcruntime:memcpy.obj
 0005:00000050       MsetTab                    0000000180037050     libvcruntime:memset.obj
 0006:00000220       $R000000                   0000000180038220     RemoteOrderDisplay.res
 0006:00000be8       $R0009C8                   0000000180038be8     RemoteOrderDisplay.res
 0006:00000cd0       $R000AB0                   0000000180038cd0     RemoteOrderDisplay.res
 0006:00000f38       $R000D18                   0000000180038f38     RemoteOrderDisplay.res
 0006:000014e0       $R0012C0                   00000001800394e0     RemoteOrderDisplay.res
 0006:00005708       $R0054E8                   000000018003d708     RemoteOrderDisplay.res
 0006:00005750       $R005530                   000000018003d750     RemoteOrderDisplay.res
