 OPOSElectronicValueRW

 Timestamp is 5c43fdc5 (Sun Jan 20 13:49:09 2019)

 Preferred load address is 0000000180000000

 Start         Length     Name                   Class
 0001:00000000 000000c0H .text$di                CODE
 0001:000000c0 000226e0H .text$mn                CODE
 0001:000227a0 00000020H .text$mn$00             CODE
 0001:000227c0 00000410H .text$x                 CODE
 0001:00022bd0 000000c0H .text$yd                CODE
 0002:00000000 00000620H .idata$5                DATA
 0002:00000620 00000010H .00cfg                  DATA
 0002:00000630 00000008H .CRT$XCA                DATA
 0002:00000638 00000008H .CRT$XCL                DATA
 0002:00000640 00000020H .CRT$XCU                DATA
 0002:00000660 00000008H .CRT$XCZ                DATA
 0002:00000668 00000008H .CRT$XIA                DATA
 0002:00000670 00000020H .CRT$XIC                DATA
 0002:00000690 00000008H .CRT$XIZ                DATA
 0002:00000698 00000008H .CRT$XLA                DATA
 0002:000006a0 00000008H .CRT$XLZ                DATA
 0002:000006a8 00000008H .CRT$XPA                DATA
 0002:000006b0 00000010H .CRT$XPX                DATA
 0002:000006c0 00000008H .CRT$XPXA               DATA
 0002:000006c8 00000008H .CRT$XPZ                DATA
 0002:000006d0 00000008H .CRT$XTA                DATA
 0002:000006d8 00000008H .CRT$XTZ                DATA
 0002:000006e0 00000000H .gfids$x                DATA
 0002:000006e0 00000000H .gfids$y                DATA
 0002:000006e0 0000acf0H .rdata                  DATA
 0002:0000b3d0 00000028H .rdata$T                DATA
 0002:0000b3f8 00000274H .rdata$r                DATA
 0002:0000b66c 00000404H .rdata$zzzdbg           DATA
 0002:0000ba70 00000008H .rtc$IAA                DATA
 0002:0000ba78 00000008H .rtc$IZZ                DATA
 0002:0000ba80 00000008H .rtc$TAA                DATA
 0002:0000ba88 00000008H .rtc$TZZ                DATA
 0002:0000ba90 00000004H .tls                    DATA
 0002:0000ba94 00000004H .tls$                   DATA
 0002:0000ba98 00000008H .tls$ZZZ                DATA
 0002:0000baa0 000016d8H .xdata                  DATA
 0002:0000d178 00000150H .xdata$x                DATA
 0002:0000d2c8 00000008H ATL$__a                 DATA
 0002:0000d2d0 00000010H ATL$__z                 DATA
 0002:0000d2e0 000000b4H .edata                  DATA
 0002:0000d394 00000078H .idata$2                DATA
 0002:0000d40c 00000014H .idata$3                DATA
 0002:0000d420 00000620H .idata$4                DATA
 0002:0000da40 00000c3aH .idata$6                DATA
 0003:00000000 00000df8H .data                   DATA
 0003:00000df8 000000c8H .data$r                 DATA
 0003:00000ec0 000013d4H .bss                    DATA
 0004:00000000 00002280H .pdata                  DATA
 0005:00000000 00000220H .rsrc$01                DATA
 0005:00000220 00007e88H .rsrc$02                DATA

  Address         Publics by Value              Rva+Base               Lib:Object

 0000:00000000       __guard_fids_count         0000000000000000     <absolute>
 0000:00000000       __guard_longjmp_count      0000000000000000     <absolute>
 0000:00000000       __guard_longjmp_table      0000000000000000     <absolute>
 0000:00000000       __hybrid_code_map          0000000000000000     <absolute>
 0000:00000000       __guard_iat_count          0000000000000000     <absolute>
 0000:00000000       __guard_iat_table          0000000000000000     <absolute>
 0000:00000000       __volatile_metadata        0000000000000000     <absolute>
 0000:00000000       __hybrid_code_map_count    0000000000000000     <absolute>
 0000:00000000       __enclave_config           0000000000000000     <absolute>
 0000:00000000       ___safe_se_handler_count   0000000000000000     <absolute>
 0000:00000000       ___safe_se_handler_table   0000000000000000     <absolute>
 0000:00000000       __guard_fids_table         0000000000000000     <absolute>
 0000:00000000       __hybrid_auxiliary_iat     0000000000000000     <absolute>
 0000:00000000       __dynamic_value_reloc_table 0000000000000000     <absolute>
 0000:00000100       __guard_flags              0000000000000100     <absolute>
 0000:00000000       __ImageBase                0000000180000000     <linker-defined>
 0001:000000c0       ?DupWide@_CW@@AEAAXXZ      00000001800010c0 f   CWString.obj
 0001:000000e8       ?cw_dup@@YAXPEBDAEAHAEAPEA_W1@Z 00000001800010e8 f   CWString.obj
 0001:00000194       ?cw_memcpy@@YAHPEA_WPEBDH@Z 0000000180001194 f   CWString.obj
 0001:000001e0       ?cw_strcpy@@YAHPEA_WPEBD@Z 00000001800011e0 f   CWString.obj
 0001:000001f4       ??0CAtlComModule@ATL@@QEAA@XZ 00000001800011f4 f i OposVariant.obj
 0001:0000027c       ??0CAtlWinModule@ATL@@QEAA@XZ 000000018000127c f i OposVariant.obj
 0001:000002f4       ??0OposDispParms@@QEAA@PEAVOposVariant@@H@Z 00000001800012f4 f   OposVariant.obj
 0001:0000039c       ??1OposDispParms@@QEAA@XZ  000000018000139c f   OposVariant.obj
 0001:000003b4       ??_Estringdispid@CComTypeInfoHolder@ATL@@QEAAPEAXI@Z 00000001800013b4 f i OposVariant.obj
 0001:00000458       ?AtlWinModuleTerm@ATL@@YAJPEAU_ATL_WIN_MODULE70@1@PEAUHINSTANCE__@@@Z 0000000180001458 f i OposVariant.obj
 0001:00000508       ?ChangeBSTR@OposVariant@@QEAAXPEAPEA_WAEAJ@Z 0000000180001508 f   OposVariant.obj
 0001:00000568       ?ChangeCURRENCY@OposVariant@@QEAAXPEATtagCY@@AEAJ@Z 0000000180001568 f   OposVariant.obj
 0001:000005c8       ?ChangeLONG@OposVariant@@QEAAXPEAJAEAJ@Z 00000001800015c8 f   OposVariant.obj
 0001:00000624       ?GetLONG@OposVariant@@QEAAJXZ 0000000180001624 f   OposVariant.obj
 0001:00000648       ?SetBSTR@OposVariant@@QEAAXPEA_WAEAJ@Z 0000000180001648 f   OposVariant.obj
 0001:00000688       ?SetBSTR_Copy@OposVariant@@QEAAXPEA_WAEAJ@Z 0000000180001688 f   OposVariant.obj
 0001:000006f8       ?SetBSTR_InOutPtr@OposVariant@@QEAA_NPEAPEA_WAEAJ@Z 00000001800016f8 f   OposVariant.obj
 0001:00000748       ?SetCURRENCY@OposVariant@@QEAAXTtagCY@@@Z 0000000180001748 f   OposVariant.obj
 0001:0000077c       ?SetDispatch_Ptr@OposVariant@@QEAAXPEAUIDispatch@@AEAJ@Z 000000018000177c f   OposVariant.obj
 0001:000007d4       ?SetLONG@OposVariant@@QEAAXJ@Z 00000001800017d4 f   OposVariant.obj
 0001:00000804       ?SetLONG_Ptr@OposVariant@@QEAAXPEAJAEAJ@Z 0000000180001804 f   OposVariant.obj
 0001:00000850       ?SetString@OposVariant@@QEAAXPEB_WAEAJ@Z 0000000180001850 f   OposVariant.obj
 0001:000008b4       ?SetVARIANT_BOOL@OposVariant@@QEAAXF@Z 00000001800018b4 f   OposVariant.obj
 0001:000008ec       ?Term@CAtlComModule@ATL@@QEAAXXZ 00000001800018ec f i OposVariant.obj
 0001:0000095c       ?_AtlInitializeCriticalSectionEx@ATL@@YAHPEAU_RTL_CRITICAL_SECTION@@KK@Z 000000018000195c f i OposVariant.obj
 0001:00000964       ?_AtlRaiseException@ATL@@YAXKK@Z 0000000180001964 f i OposVariant.obj
 0001:00000974       ?AddRef@?$CComObjectCached@VCComClassFactory@ATL@@@ATL@@UEAAKXZ 0000000180001974 f i ElectronicValueRW.obj
 0001:000009a0       ?Release@?$CComObjectCached@VCComClassFactory@ATL@@@ATL@@UEAAKXZ 00000001800019a0 f i ElectronicValueRW.obj
 0001:000009e0       ?QueryInterface@?$CComObjectCached@VCComClassFactory@ATL@@@ATL@@UEAAJAEBU_GUID@@PEAPEAX@Z 00000001800019e0 f i ElectronicValueRW.obj
 0001:000009f4       ??_G?$CComObjectCached@VCComClassFactory@ATL@@@ATL@@UEAAPEAXI@Z 00000001800019f4 f i ElectronicValueRW.obj
 0001:000009f4       ??_E?$CComObjectCached@VCComClassFactory@ATL@@@ATL@@UEAAPEAXI@Z 00000001800019f4 f i ElectronicValueRW.obj
 0001:00000a4c       ?ObjectMain@CComObjectRootBase@ATL@@SAX_N@Z 0000000180001a4c f i ElectronicValueRW.obj
 0001:00000a4c       _guard_check_icall_nop     0000000180001a4c f i LIBCMT:guard_support.obj
 0001:00000a4c       ?OnFinalMessage@?$CWindowImplBaseT@VCWindow@ATL@@V?$CWinTraits@$0FGAAAAAA@$0A@@2@@ATL@@UEAAXPEAUHWND__@@@Z 0000000180001a4c f i ElectronicValueRW.obj
 0001:00000a50       ?GetCategoryMap@CComObjectRootBase@ATL@@SAPEBU_ATL_CATMAP_ENTRY@2@XZ 0000000180001a50 f i ElectronicValueRW.obj
 0001:00000a50       ?HandsOffStorage@?$IPersistStorageImpl@VCOPOSElectronicValueRW@@@ATL@@UEAAJXZ 0000000180001a50 f i ElectronicValueRW.obj
 0001:00000a50       ?GetObjectDescription@?$CComCoClass@VCOPOSElectronicValueRW@@$1?CLSID_OPOSElectronicValueRW@@3U_GUID@@B@ATL@@SAPEB_WXZ 0000000180001a50 f i ElectronicValueRW.obj
 0001:00000a50       ?SetHostNames@?$IOleObjectImpl@VCOPOSElectronicValueRW@@@ATL@@UEAAJPEB_W0@Z 0000000180001a50 f i ElectronicValueRW.obj
 0001:00000a50       ?EnableModeless@?$IOleInPlaceActiveObjectImpl@VCOPOSElectronicValueRW@@@ATL@@UEAAJH@Z 0000000180001a50 f i ElectronicValueRW.obj
 0001:00000a50       ?OnAmbientPropertyChange@?$IOleControlImpl@VCOPOSElectronicValueRW@@@ATL@@UEAAJJ@Z 0000000180001a50 f i ElectronicValueRW.obj
 0001:00000a50       ?ResizeBorder@?$IOleInPlaceActiveObjectImpl@VCOPOSElectronicValueRW@@@ATL@@UEAAJPEBUtagRECT@@PEAUIOleInPlaceUIWindow@@H@Z 0000000180001a50 f i ElectronicValueRW.obj
 0001:00000a50       ?Update@?$IOleObjectImpl@VCOPOSElectronicValueRW@@@ATL@@UEAAJXZ 0000000180001a50 f i ElectronicValueRW.obj
 0001:00000a50       ?IsUpToDate@?$IOleObjectImpl@VCOPOSElectronicValueRW@@@ATL@@UEAAJXZ 0000000180001a50 f i ElectronicValueRW.obj
 0001:00000a50       ?SaveCompleted@?$IPersistStorageImpl@VCOPOSElectronicValueRW@@@ATL@@UEAAJPEAUIStorage@@@Z 0000000180001a50 f i ElectronicValueRW.obj
 0001:00000a50       ?Release@CRegObject@ATL@@UEAAKXZ 0000000180001a50 f i ElectronicValueRW.obj
 0001:00000a50       ?OnFrameWindowActivate@?$IOleInPlaceActiveObjectImpl@VCOPOSElectronicValueRW@@@ATL@@UEAAJH@Z 0000000180001a50 f i ElectronicValueRW.obj
 0001:00000a54       ?AddRef@?$CComAggObject@VCOPOSElectronicValueRW@@@ATL@@UEAAKXZ 0000000180001a54 f i ElectronicValueRW.obj
 0001:00000a60       ?Release@?$CComAggObject@VCOPOSElectronicValueRW@@@ATL@@UEAAKXZ 0000000180001a60 f i ElectronicValueRW.obj
 0001:00000ab4       ?QueryInterface@?$CComAggObject@VCOPOSElectronicValueRW@@@ATL@@UEAAJAEBU_GUID@@PEAPEAX@Z 0000000180001ab4 f i ElectronicValueRW.obj
 0001:00000b14       ?OnDrawAdvanced@CComControlBase@ATL@@UEAAJAEAUATL_DRAWINFO@@@Z 0000000180001b14 f i ElectronicValueRW.obj
 0001:00000c34       ?AddRef@?$CComContainedObject@VCOPOSElectronicValueRW@@@ATL@@UEAAKXZ 0000000180001c34 f i ElectronicValueRW.obj
 0001:00000c44       ?Release@?$CComContainedObject@VCOPOSElectronicValueRW@@@ATL@@UEAAKXZ 0000000180001c44 f i ElectronicValueRW.obj
 0001:00000c54       ?QueryInterface@?$CComContainedObject@VCOPOSElectronicValueRW@@@ATL@@UEAAJAEBU_GUID@@PEAPEAX@Z 0000000180001c54 f i ElectronicValueRW.obj
 0001:00000c64       ??_G?$CComAggObject@VCOPOSElectronicValueRW@@@ATL@@UEAAPEAXI@Z 0000000180001c64 f i ElectronicValueRW.obj
 0001:00000c64       ??_E?$CComAggObject@VCOPOSElectronicValueRW@@@ATL@@UEAAPEAXI@Z 0000000180001c64 f i ElectronicValueRW.obj
 0001:00000cbc       ?AddRef@?$CComObject@VCOPOSElectronicValueRW@@@ATL@@UEAAKXZ 0000000180001cbc f i ElectronicValueRW.obj
 0001:00000ccc       ?Release@?$CComObject@VCOPOSElectronicValueRW@@@ATL@@UEAAKXZ 0000000180001ccc f i ElectronicValueRW.obj
 0001:00000d24       ?QueryInterface@?$CComObject@VCOPOSElectronicValueRW@@@ATL@@UEAAJAEBU_GUID@@PEAPEAX@Z 0000000180001d24 f i ElectronicValueRW.obj
 0001:00000d38       ?CreateInstance@CComClassFactory@ATL@@UEAAJPEAUIUnknown@@AEBU_GUID@@PEAPEAX@Z 0000000180001d38 f i ElectronicValueRW.obj
 0001:00000d98       ?LockServer@CComClassFactory@ATL@@UEAAJH@Z 0000000180001d98 f i ElectronicValueRW.obj
 0001:00000dbc       ??_GCComClassFactory@ATL@@UEAAPEAXI@Z 0000000180001dbc f i ElectronicValueRW.obj
 0001:00000dbc       ??_ECComClassFactory@ATL@@UEAAPEAXI@Z 0000000180001dbc f i ElectronicValueRW.obj
 0001:00000e0c       ?Next@?$CComEnumImpl@UIEnumConnections@@$1?_GUID_b196b287_bab4_101a_b69c_00aa00341d07@@3U__s_GUID@@BUtagCONNECTDATA@@V?$_Copy@UtagCONNECTDATA@@@ATL@@@ATL@@UEAAJKPEAUtagCONNECTDATA@@PEAK@Z 0000000180001e0c f i ElectronicValueRW.obj
 0001:00000ee0       ?Skip@?$CComEnumImpl@UIEnumConnections@@$1?_GUID_b196b287_bab4_101a_b69c_00aa00341d07@@3U__s_GUID@@BUtagCONNECTDATA@@V?$_Copy@UtagCONNECTDATA@@@ATL@@@ATL@@UEAAJK@Z 0000000180001ee0 f i ElectronicValueRW.obj
 0001:00000f0c       ?Reset@?$CComEnumImpl@UIEnumConnections@@$1?_GUID_b196b287_bab4_101a_b69c_00aa00341d07@@3U__s_GUID@@BUtagCONNECTDATA@@V?$_Copy@UtagCONNECTDATA@@@ATL@@@ATL@@UEAAJXZ 0000000180001f0c f i ElectronicValueRW.obj
 0001:00000f0c       ?Reset@?$CComEnumImpl@UIEnumConnectionPoints@@$1?_GUID_b196b285_bab4_101a_b69c_00aa00341d07@@3U__s_GUID@@BPEAUIConnectionPoint@@V?$_CopyInterface@UIConnectionPoint@@@ATL@@@ATL@@UEAAJXZ 0000000180001f0c f i ElectronicValueRW.obj
 0001:00000f18       ?Clone@?$CComEnumImpl@UIEnumConnections@@$1?_GUID_b196b287_bab4_101a_b69c_00aa00341d07@@3U__s_GUID@@BUtagCONNECTDATA@@V?$_Copy@UtagCONNECTDATA@@@ATL@@@ATL@@UEAAJPEAPEAUIEnumConnections@@@Z 0000000180001f18 f i ElectronicValueRW.obj
 0001:00001040       ?AddRef@?$CComObject@V?$CComEnum@UIEnumConnections@@$1?_GUID_b196b287_bab4_101a_b69c_00aa00341d07@@3U__s_GUID@@BUtagCONNECTDATA@@V?$_Copy@UtagCONNECTDATA@@@ATL@@VCComSingleThreadModel@6@@ATL@@@ATL@@UEAAKXZ 0000000180002040 f i ElectronicValueRW.obj
 0001:00001040       ?AddRef@?$CComObject@V?$CComEnum@UIEnumConnectionPoints@@$1?_GUID_b196b285_bab4_101a_b69c_00aa00341d07@@3U__s_GUID@@BPEAUIConnectionPoint@@V?$_CopyInterface@UIConnectionPoint@@@ATL@@VCComSingleThreadModel@6@@ATL@@@ATL@@UEAAKXZ 0000000180002040 f i ElectronicValueRW.obj
 0001:0000104c       ?Release@?$CComObject@V?$CComEnum@UIEnumConnections@@$1?_GUID_b196b287_bab4_101a_b69c_00aa00341d07@@3U__s_GUID@@BUtagCONNECTDATA@@V?$_Copy@UtagCONNECTDATA@@@ATL@@VCComSingleThreadModel@6@@ATL@@@ATL@@UEAAKXZ 000000018000204c f i ElectronicValueRW.obj
 0001:0000104c       ?Release@?$CComObject@V?$CComEnum@UIEnumConnectionPoints@@$1?_GUID_b196b285_bab4_101a_b69c_00aa00341d07@@3U__s_GUID@@BPEAUIConnectionPoint@@V?$_CopyInterface@UIConnectionPoint@@@ATL@@VCComSingleThreadModel@6@@ATL@@@ATL@@UEAAKXZ 000000018000204c f i ElectronicValueRW.obj
 0001:000010a0       ?QueryInterface@?$CComObject@V?$CComEnum@UIEnumConnections@@$1?_GUID_b196b287_bab4_101a_b69c_00aa00341d07@@3U__s_GUID@@BUtagCONNECTDATA@@V?$_Copy@UtagCONNECTDATA@@@ATL@@VCComSingleThreadModel@6@@ATL@@@ATL@@UEAAJAEBU_GUID@@PEAPEAX@Z 00000001800020a0 f i ElectronicValueRW.obj
 0001:000010b4       ??_G?$CComObject@V?$CComEnum@UIEnumConnections@@$1?_GUID_b196b287_bab4_101a_b69c_00aa00341d07@@3U__s_GUID@@BUtagCONNECTDATA@@V?$_Copy@UtagCONNECTDATA@@@ATL@@VCComSingleThreadModel@6@@ATL@@@ATL@@UEAAPEAXI@Z 00000001800020b4 f i ElectronicValueRW.obj
 0001:000010b4       ??_E?$CComObject@V?$CComEnum@UIEnumConnections@@$1?_GUID_b196b287_bab4_101a_b69c_00aa00341d07@@3U__s_GUID@@BUtagCONNECTDATA@@V?$_Copy@UtagCONNECTDATA@@@ATL@@VCComSingleThreadModel@6@@ATL@@@ATL@@UEAAPEAXI@Z 00000001800020b4 f i ElectronicValueRW.obj
 0001:0000110c       ?Lock@CAtlModule@ATL@@UEAAJXZ 000000018000210c f i ElectronicValueRW.obj
 0001:0000111c       ?Unlock@CAtlModule@ATL@@UEAAJXZ 000000018000211c f i ElectronicValueRW.obj
 0001:00001128       ?GetLockCount@CAtlModule@ATL@@UEAAJXZ 0000000180002128 f i ElectronicValueRW.obj
 0001:0000112c       ?GetGITPtr@CAtlModule@ATL@@UEAAJPEAPEAUIGlobalInterfaceTable@@@Z 000000018000212c f i ElectronicValueRW.obj
 0001:0000119c       ?AddCommonRGSReplacements@?$CAtlModuleT@VCComModule@ATL@@@ATL@@UEAAJPEAUIRegistrarBase@@@Z 000000018000219c f i ElectronicValueRW.obj
 0001:000011b4       ?GetWindowProc@?$CWindowImplBaseT@VCWindow@ATL@@V?$CWinTraits@$0FGAAAAAA@$0A@@2@@ATL@@UEAAP6A_JPEAUHWND__@@I_K_J@ZXZ 00000001800021b4 f i ElectronicValueRW.obj
 0001:000011bc       ?StartWindowProc@?$CWindowImplBaseT@VCWindow@ATL@@V?$CWinTraits@$0FGAAAAAA@$0A@@2@@ATL@@SA_JPEAUHWND__@@I_K_J@Z 00000001800021bc f i ElectronicValueRW.obj
 0001:00001280       ?UpdateRegistryFromResourceD@CComModule@ATL@@UEAAJIHPEAU_ATL_REGMAP_ENTRY@2@@Z 0000000180002280 f i ElectronicValueRW.obj
 0001:00001280       ?UpdateRegistryFromResourceD@CComModule@ATL@@UEAAJPEB_WHPEAU_ATL_REGMAP_ENTRY@2@@Z 0000000180002280 f i ElectronicValueRW.obj
 0001:00001288       ?UpdateRegistryFromResource@CComModule@ATL@@UEAAJPEB_WHPEAU_ATL_REGMAP_ENTRY@2@@Z 0000000180002288 f i ElectronicValueRW.obj
 0001:00001290       ?UpdateRegistryFromResource@CComModule@ATL@@UEAAJIHPEAU_ATL_REGMAP_ENTRY@2@@Z 0000000180002290 f i ElectronicValueRW.obj
 0001:00001298       ??_E?$CComObject@VCOPOSElectronicValueRW@@@ATL@@W7EAAPEAXI@Z 0000000180002298 f i ElectronicValueRW.obj
 0001:000012a4       ??_E?$CComObject@VCOPOSElectronicValueRW@@@ATL@@WHA@EAAPEAXI@Z 00000001800022a4 f i ElectronicValueRW.obj
 0001:000012b0       ?QueryInterface@?$CComObject@VCOPOSElectronicValueRW@@@ATL@@WLI@EAAJAEBU_GUID@@PEAPEAX@Z 00000001800022b0 f i ElectronicValueRW.obj
 0001:000012bc       ?AddRef@?$CComObject@VCOPOSElectronicValueRW@@@ATL@@WLI@EAAKXZ 00000001800022bc f i ElectronicValueRW.obj
 0001:000012c8       ?Release@?$CComObject@VCOPOSElectronicValueRW@@@ATL@@WLI@EAAKXZ 00000001800022c8 f i ElectronicValueRW.obj
 0001:000012d4       ?QueryInterface@?$CComObject@VCOPOSElectronicValueRW@@@ATL@@WMA@EAAJAEBU_GUID@@PEAPEAX@Z 00000001800022d4 f i ElectronicValueRW.obj
 0001:000012e0       ?AddRef@?$CComObject@VCOPOSElectronicValueRW@@@ATL@@WMA@EAAKXZ 00000001800022e0 f i ElectronicValueRW.obj
 0001:000012ec       ?Release@?$CComObject@VCOPOSElectronicValueRW@@@ATL@@WMA@EAAKXZ 00000001800022ec f i ElectronicValueRW.obj
 0001:000012f8       ?QueryInterface@?$CComObject@VCOPOSElectronicValueRW@@@ATL@@WMI@EAAJAEBU_GUID@@PEAPEAX@Z 00000001800022f8 f i ElectronicValueRW.obj
 0001:00001304       ?AddRef@?$CComObject@VCOPOSElectronicValueRW@@@ATL@@WMI@EAAKXZ 0000000180002304 f i ElectronicValueRW.obj
 0001:00001310       ?Release@?$CComObject@VCOPOSElectronicValueRW@@@ATL@@WMI@EAAKXZ 0000000180002310 f i ElectronicValueRW.obj
 0001:0000131c       ?QueryInterface@?$CComObject@VCOPOSElectronicValueRW@@@ATL@@WNA@EAAJAEBU_GUID@@PEAPEAX@Z 000000018000231c f i ElectronicValueRW.obj
 0001:00001328       ?AddRef@?$CComObject@VCOPOSElectronicValueRW@@@ATL@@WNA@EAAKXZ 0000000180002328 f i ElectronicValueRW.obj
 0001:00001334       ?Release@?$CComObject@VCOPOSElectronicValueRW@@@ATL@@WNA@EAAKXZ 0000000180002334 f i ElectronicValueRW.obj
 0001:00001340       ?QueryInterface@?$CComObject@VCOPOSElectronicValueRW@@@ATL@@WNI@EAAJAEBU_GUID@@PEAPEAX@Z 0000000180002340 f i ElectronicValueRW.obj
 0001:0000134c       ?AddRef@?$CComObject@VCOPOSElectronicValueRW@@@ATL@@WNI@EAAKXZ 000000018000234c f i ElectronicValueRW.obj
 0001:00001358       ?Release@?$CComObject@VCOPOSElectronicValueRW@@@ATL@@WNI@EAAKXZ 0000000180002358 f i ElectronicValueRW.obj
 0001:00001364       ?QueryInterface@?$CComObject@VCOPOSElectronicValueRW@@@ATL@@WOA@EAAJAEBU_GUID@@PEAPEAX@Z 0000000180002364 f i ElectronicValueRW.obj
 0001:00001370       ?AddRef@?$CComObject@VCOPOSElectronicValueRW@@@ATL@@WOA@EAAKXZ 0000000180002370 f i ElectronicValueRW.obj
 0001:0000137c       ?Release@?$CComObject@VCOPOSElectronicValueRW@@@ATL@@WOA@EAAKXZ 000000018000237c f i ElectronicValueRW.obj
 0001:00001388       ?QueryInterface@?$CComObject@VCOPOSElectronicValueRW@@@ATL@@WOI@EAAJAEBU_GUID@@PEAPEAX@Z 0000000180002388 f i ElectronicValueRW.obj
 0001:00001394       ?AddRef@?$CComObject@VCOPOSElectronicValueRW@@@ATL@@WOI@EAAKXZ 0000000180002394 f i ElectronicValueRW.obj
 0001:000013a0       ?Release@?$CComObject@VCOPOSElectronicValueRW@@@ATL@@WOI@EAAKXZ 00000001800023a0 f i ElectronicValueRW.obj
 0001:000013ac       ?QueryInterface@?$CComObject@VCOPOSElectronicValueRW@@@ATL@@WPA@EAAJAEBU_GUID@@PEAPEAX@Z 00000001800023ac f i ElectronicValueRW.obj
 0001:000013b8       ?AddRef@?$CComObject@VCOPOSElectronicValueRW@@@ATL@@WPA@EAAKXZ 00000001800023b8 f i ElectronicValueRW.obj
 0001:000013c4       ?Release@?$CComObject@VCOPOSElectronicValueRW@@@ATL@@WPA@EAAKXZ 00000001800023c4 f i ElectronicValueRW.obj
 0001:000013d0       ?QueryInterface@?$CComObject@VCOPOSElectronicValueRW@@@ATL@@WPI@EAAJAEBU_GUID@@PEAPEAX@Z 00000001800023d0 f i ElectronicValueRW.obj
 0001:000013dc       ?AddRef@?$CComObject@VCOPOSElectronicValueRW@@@ATL@@WPI@EAAKXZ 00000001800023dc f i ElectronicValueRW.obj
 0001:000013e8       ?Release@?$CComObject@VCOPOSElectronicValueRW@@@ATL@@WPI@EAAKXZ 00000001800023e8 f i ElectronicValueRW.obj
 0001:000013f4       ?QueryInterface@?$CComObject@VCOPOSElectronicValueRW@@@ATL@@WBAA@EAAJAEBU_GUID@@PEAPEAX@Z 00000001800023f4 f i ElectronicValueRW.obj
 0001:00001400       ?AddRef@?$CComObject@VCOPOSElectronicValueRW@@@ATL@@WBAA@EAAKXZ 0000000180002400 f i ElectronicValueRW.obj
 0001:0000140c       ?Release@?$CComObject@VCOPOSElectronicValueRW@@@ATL@@WBAA@EAAKXZ 000000018000240c f i ElectronicValueRW.obj
 0001:00001418       ?QueryInterface@?$CComObject@VCOPOSElectronicValueRW@@@ATL@@WBAI@EAAJAEBU_GUID@@PEAPEAX@Z 0000000180002418 f i ElectronicValueRW.obj
 0001:00001424       ?AddRef@?$CComObject@VCOPOSElectronicValueRW@@@ATL@@WBAI@EAAKXZ 0000000180002424 f i ElectronicValueRW.obj
 0001:00001430       ?Release@?$CComObject@VCOPOSElectronicValueRW@@@ATL@@WBAI@EAAKXZ 0000000180002430 f i ElectronicValueRW.obj
 0001:0000143c       ?QueryInterface@?$CComObject@VCOPOSElectronicValueRW@@@ATL@@WBBA@EAAJAEBU_GUID@@PEAPEAX@Z 000000018000243c f i ElectronicValueRW.obj
 0001:00001448       ?AddRef@?$CComObject@VCOPOSElectronicValueRW@@@ATL@@WBBA@EAAKXZ 0000000180002448 f i ElectronicValueRW.obj
 0001:00001454       ?Release@?$CComObject@VCOPOSElectronicValueRW@@@ATL@@WBBA@EAAKXZ 0000000180002454 f i ElectronicValueRW.obj
 0001:00001460       ?QueryInterface@?$CComObject@VCOPOSElectronicValueRW@@@ATL@@WBBI@EAAJAEBU_GUID@@PEAPEAX@Z 0000000180002460 f i ElectronicValueRW.obj
 0001:0000146c       ?AddRef@?$CComObject@VCOPOSElectronicValueRW@@@ATL@@WBBI@EAAKXZ 000000018000246c f i ElectronicValueRW.obj
 0001:00001478       ?Release@?$CComObject@VCOPOSElectronicValueRW@@@ATL@@WBBI@EAAKXZ 0000000180002478 f i ElectronicValueRW.obj
 0001:00001484       ?AddRef@?$CComObject@VCOPOSElectronicValueRW@@@ATL@@WBCI@EAAKXZ 0000000180002484 f i ElectronicValueRW.obj
 0001:00001490       ?Release@?$CComObject@VCOPOSElectronicValueRW@@@ATL@@WBCI@EAAKXZ 0000000180002490 f i ElectronicValueRW.obj
 0001:0000149c       ?AddRef@?$CComObject@VCOPOSElectronicValueRW@@@ATL@@WBEA@EAAKXZ 000000018000249c f i ElectronicValueRW.obj
 0001:000014a8       ?Release@?$CComObject@VCOPOSElectronicValueRW@@@ATL@@WBEA@EAAKXZ 00000001800024a8 f i ElectronicValueRW.obj
 0001:000014b4       ??_ECComModule@ATL@@UEAAPEAXI@Z 00000001800024b4 f i ElectronicValueRW.obj
 0001:000014b4       ??_GCComModule@ATL@@UEAAPEAXI@Z 00000001800024b4 f i ElectronicValueRW.obj
 0001:00001534       ??_E?$CComContainedObject@VCOPOSElectronicValueRW@@@ATL@@W7EAAPEAXI@Z 0000000180002534 f i ElectronicValueRW.obj
 0001:00001540       ??_E?$CComContainedObject@VCOPOSElectronicValueRW@@@ATL@@WHA@EAAPEAXI@Z 0000000180002540 f i ElectronicValueRW.obj
 0001:0000154c       ?QueryInterface@?$CComContainedObject@VCOPOSElectronicValueRW@@@ATL@@WLI@EAAJAEBU_GUID@@PEAPEAX@Z 000000018000254c f i ElectronicValueRW.obj
 0001:00001558       ?AddRef@?$CComContainedObject@VCOPOSElectronicValueRW@@@ATL@@WLI@EAAKXZ 0000000180002558 f i ElectronicValueRW.obj
 0001:00001564       ?Release@?$CComContainedObject@VCOPOSElectronicValueRW@@@ATL@@WLI@EAAKXZ 0000000180002564 f i ElectronicValueRW.obj
 0001:00001570       ?QueryInterface@?$CComContainedObject@VCOPOSElectronicValueRW@@@ATL@@WMA@EAAJAEBU_GUID@@PEAPEAX@Z 0000000180002570 f i ElectronicValueRW.obj
 0001:0000157c       ?AddRef@?$CComContainedObject@VCOPOSElectronicValueRW@@@ATL@@WMA@EAAKXZ 000000018000257c f i ElectronicValueRW.obj
 0001:00001588       ?Release@?$CComContainedObject@VCOPOSElectronicValueRW@@@ATL@@WMA@EAAKXZ 0000000180002588 f i ElectronicValueRW.obj
 0001:00001594       ?QueryInterface@?$CComContainedObject@VCOPOSElectronicValueRW@@@ATL@@WMI@EAAJAEBU_GUID@@PEAPEAX@Z 0000000180002594 f i ElectronicValueRW.obj
 0001:000015a0       ?AddRef@?$CComContainedObject@VCOPOSElectronicValueRW@@@ATL@@WMI@EAAKXZ 00000001800025a0 f i ElectronicValueRW.obj
 0001:000015ac       ?Release@?$CComContainedObject@VCOPOSElectronicValueRW@@@ATL@@WMI@EAAKXZ 00000001800025ac f i ElectronicValueRW.obj
 0001:000015b8       ?QueryInterface@?$CComContainedObject@VCOPOSElectronicValueRW@@@ATL@@WNA@EAAJAEBU_GUID@@PEAPEAX@Z 00000001800025b8 f i ElectronicValueRW.obj
 0001:000015c4       ?AddRef@?$CComContainedObject@VCOPOSElectronicValueRW@@@ATL@@WNA@EAAKXZ 00000001800025c4 f i ElectronicValueRW.obj
 0001:000015d0       ?Release@?$CComContainedObject@VCOPOSElectronicValueRW@@@ATL@@WNA@EAAKXZ 00000001800025d0 f i ElectronicValueRW.obj
 0001:000015dc       ?QueryInterface@?$CComContainedObject@VCOPOSElectronicValueRW@@@ATL@@WNI@EAAJAEBU_GUID@@PEAPEAX@Z 00000001800025dc f i ElectronicValueRW.obj
 0001:000015e8       ?AddRef@?$CComContainedObject@VCOPOSElectronicValueRW@@@ATL@@WNI@EAAKXZ 00000001800025e8 f i ElectronicValueRW.obj
 0001:000015f4       ?Release@?$CComContainedObject@VCOPOSElectronicValueRW@@@ATL@@WNI@EAAKXZ 00000001800025f4 f i ElectronicValueRW.obj
 0001:00001600       ?QueryInterface@?$CComContainedObject@VCOPOSElectronicValueRW@@@ATL@@WOA@EAAJAEBU_GUID@@PEAPEAX@Z 0000000180002600 f i ElectronicValueRW.obj
 0001:0000160c       ?AddRef@?$CComContainedObject@VCOPOSElectronicValueRW@@@ATL@@WOA@EAAKXZ 000000018000260c f i ElectronicValueRW.obj
 0001:00001618       ?Release@?$CComContainedObject@VCOPOSElectronicValueRW@@@ATL@@WOA@EAAKXZ 0000000180002618 f i ElectronicValueRW.obj
 0001:00001624       ?QueryInterface@?$CComContainedObject@VCOPOSElectronicValueRW@@@ATL@@WOI@EAAJAEBU_GUID@@PEAPEAX@Z 0000000180002624 f i ElectronicValueRW.obj
 0001:00001630       ?AddRef@?$CComContainedObject@VCOPOSElectronicValueRW@@@ATL@@WOI@EAAKXZ 0000000180002630 f i ElectronicValueRW.obj
 0001:0000163c       ?Release@?$CComContainedObject@VCOPOSElectronicValueRW@@@ATL@@WOI@EAAKXZ 000000018000263c f i ElectronicValueRW.obj
 0001:00001648       ?QueryInterface@?$CComContainedObject@VCOPOSElectronicValueRW@@@ATL@@WPA@EAAJAEBU_GUID@@PEAPEAX@Z 0000000180002648 f i ElectronicValueRW.obj
 0001:00001654       ?AddRef@?$CComContainedObject@VCOPOSElectronicValueRW@@@ATL@@WPA@EAAKXZ 0000000180002654 f i ElectronicValueRW.obj
 0001:00001660       ?Release@?$CComContainedObject@VCOPOSElectronicValueRW@@@ATL@@WPA@EAAKXZ 0000000180002660 f i ElectronicValueRW.obj
 0001:0000166c       ?QueryInterface@?$CComContainedObject@VCOPOSElectronicValueRW@@@ATL@@WPI@EAAJAEBU_GUID@@PEAPEAX@Z 000000018000266c f i ElectronicValueRW.obj
 0001:00001678       ?AddRef@?$CComContainedObject@VCOPOSElectronicValueRW@@@ATL@@WPI@EAAKXZ 0000000180002678 f i ElectronicValueRW.obj
 0001:00001684       ?Release@?$CComContainedObject@VCOPOSElectronicValueRW@@@ATL@@WPI@EAAKXZ 0000000180002684 f i ElectronicValueRW.obj
 0001:00001690       ?QueryInterface@?$CComContainedObject@VCOPOSElectronicValueRW@@@ATL@@WBAA@EAAJAEBU_GUID@@PEAPEAX@Z 0000000180002690 f i ElectronicValueRW.obj
 0001:0000169c       ?AddRef@?$CComContainedObject@VCOPOSElectronicValueRW@@@ATL@@WBAA@EAAKXZ 000000018000269c f i ElectronicValueRW.obj
 0001:000016a8       ?Release@?$CComContainedObject@VCOPOSElectronicValueRW@@@ATL@@WBAA@EAAKXZ 00000001800026a8 f i ElectronicValueRW.obj
 0001:000016b4       ?QueryInterface@?$CComContainedObject@VCOPOSElectronicValueRW@@@ATL@@WBAI@EAAJAEBU_GUID@@PEAPEAX@Z 00000001800026b4 f i ElectronicValueRW.obj
 0001:000016c0       ?AddRef@?$CComContainedObject@VCOPOSElectronicValueRW@@@ATL@@WBAI@EAAKXZ 00000001800026c0 f i ElectronicValueRW.obj
 0001:000016cc       ?Release@?$CComContainedObject@VCOPOSElectronicValueRW@@@ATL@@WBAI@EAAKXZ 00000001800026cc f i ElectronicValueRW.obj
 0001:000016d8       ?QueryInterface@?$CComContainedObject@VCOPOSElectronicValueRW@@@ATL@@WBBA@EAAJAEBU_GUID@@PEAPEAX@Z 00000001800026d8 f i ElectronicValueRW.obj
 0001:000016e4       ?AddRef@?$CComContainedObject@VCOPOSElectronicValueRW@@@ATL@@WBBA@EAAKXZ 00000001800026e4 f i ElectronicValueRW.obj
 0001:000016f0       ?Release@?$CComContainedObject@VCOPOSElectronicValueRW@@@ATL@@WBBA@EAAKXZ 00000001800026f0 f i ElectronicValueRW.obj
 0001:000016fc       ?QueryInterface@?$CComContainedObject@VCOPOSElectronicValueRW@@@ATL@@WBBI@EAAJAEBU_GUID@@PEAPEAX@Z 00000001800026fc f i ElectronicValueRW.obj
 0001:00001708       ?AddRef@?$CComContainedObject@VCOPOSElectronicValueRW@@@ATL@@WBBI@EAAKXZ 0000000180002708 f i ElectronicValueRW.obj
 0001:00001714       ?Release@?$CComContainedObject@VCOPOSElectronicValueRW@@@ATL@@WBBI@EAAKXZ 0000000180002714 f i ElectronicValueRW.obj
 0001:00001720       ?AddRef@?$CComContainedObject@VCOPOSElectronicValueRW@@@ATL@@WBCI@EAAKXZ 0000000180002720 f i ElectronicValueRW.obj
 0001:0000172c       ?Release@?$CComContainedObject@VCOPOSElectronicValueRW@@@ATL@@WBCI@EAAKXZ 000000018000272c f i ElectronicValueRW.obj
 0001:00001738       ?AddRef@?$CComContainedObject@VCOPOSElectronicValueRW@@@ATL@@WBEA@EAAKXZ 0000000180002738 f i ElectronicValueRW.obj
 0001:00001744       ?Release@?$CComContainedObject@VCOPOSElectronicValueRW@@@ATL@@WBEA@EAAKXZ 0000000180002744 f i ElectronicValueRW.obj
 0001:00001750       ?GetTypeInfoCount@?$IDispatchImpl@UIOPOSElectronicValueRW@@$1?IID_IOPOSElectronicValueRW@@3U_GUID@@B$1?LIBID_OposElectronicValueRW_CCO@@3U3@B$00$0A@VCComTypeInfoHolder@ATL@@@ATL@@UEAAJPEAI@Z 0000000180002750 f i ElectronicValueRW.obj
 0001:00001764       ?GetTypeInfo@?$IDispatchImpl@UIOPOSElectronicValueRW@@$1?IID_IOPOSElectronicValueRW@@3U_GUID@@B$1?LIBID_OposElectronicValueRW_CCO@@3U3@B$00$0A@VCComTypeInfoHolder@ATL@@@ATL@@UEAAJIKPEAPEAUITypeInfo@@@Z 0000000180002764 f i ElectronicValueRW.obj
 0001:000017c8       ?GetIDsOfNames@?$IDispatchImpl@UIOPOSElectronicValueRW@@$1?IID_IOPOSElectronicValueRW@@3U_GUID@@B$1?LIBID_OposElectronicValueRW_CCO@@3U3@B$00$0A@VCComTypeInfoHolder@ATL@@@ATL@@UEAAJAEBU_GUID@@PEAPEA_WIKPEAJ@Z 00000001800027c8 f i ElectronicValueRW.obj
 0001:000017d4       ?Invoke@?$IDispatchImpl@UIOPOSElectronicValueRW@@$1?IID_IOPOSElectronicValueRW@@3U_GUID@@B$1?LIBID_OposElectronicValueRW_CCO@@3U3@B$00$0A@VCComTypeInfoHolder@ATL@@@ATL@@UEAAJJAEBU_GUID@@KGPEAUtagDISPPARAMS@@PEAUtagVARIANT@@PEAUtagEXCEPINFO@@PEAI@Z 00000001800027d4 f i ElectronicValueRW.obj
 0001:00001864       ?CreateControlWindow@?$CComControl@VCOPOSElectronicValueRW@@V?$CWindowImpl@VCOPOSElectronicValueRW@@VCWindow@ATL@@V?$CWinTraits@$0FGAAAAAA@$0A@@3@@ATL@@@ATL@@UEAAPEAUHWND__@@PEAU3@AEAUtagRECT@@@Z 0000000180002864 f i ElectronicValueRW.obj
 0001:0000189c       ?ControlQueryInterface@?$CComControl@VCOPOSElectronicValueRW@@V?$CWindowImpl@VCOPOSElectronicValueRW@@VCWindow@ATL@@V?$CWinTraits@$0FGAAAAAA@$0A@@3@@ATL@@@ATL@@UEAAJAEBU_GUID@@PEAPEAX@Z 000000018000289c f i ElectronicValueRW.obj
 0001:000018b0       ?GetClassID@?$IPersistStreamInitImpl@VCOPOSElectronicValueRW@@@ATL@@UEAAJPEAU_GUID@@@Z 00000001800028b0 f i ElectronicValueRW.obj
 0001:000018b0       ?GetClassID@?$IPersistStorageImpl@VCOPOSElectronicValueRW@@@ATL@@UEAAJPEAU_GUID@@@Z 00000001800028b0 f i ElectronicValueRW.obj
 0001:000018b0       ?GetUserClassID@?$IOleObjectImpl@VCOPOSElectronicValueRW@@@ATL@@UEAAJPEAU_GUID@@@Z 00000001800028b0 f i ElectronicValueRW.obj
 0001:000018cc       ?IsDirty@?$IPersistStreamInitImpl@VCOPOSElectronicValueRW@@@ATL@@UEAAJXZ 00000001800028cc f i ElectronicValueRW.obj
 0001:000018e8       ?Load@?$IPersistStreamInitImpl@VCOPOSElectronicValueRW@@@ATL@@UEAAJPEAUIStream@@@Z 00000001800028e8 f i ElectronicValueRW.obj
 0001:00001938       ?Save@?$IPersistStreamInitImpl@VCOPOSElectronicValueRW@@@ATL@@UEAAJPEAUIStream@@H@Z 0000000180002938 f i ElectronicValueRW.obj
 0001:0000199c       ?GetSizeMax@?$IPersistStreamInitImpl@VCOPOSElectronicValueRW@@@ATL@@UEAAJPEAT_ULARGE_INTEGER@@@Z 000000018000299c f i ElectronicValueRW.obj
 0001:00001bc8       ?InitNew@?$IPersistStreamInitImpl@VCOPOSElectronicValueRW@@@ATL@@UEAAJXZ 0000000180002bc8 f i ElectronicValueRW.obj
 0001:00001be0       ?SetColorScheme@?$IOleObjectImpl@VCOPOSElectronicValueRW@@@ATL@@UEAAJPEAUtagLOGPALETTE@@@Z 0000000180002be0 f i ElectronicValueRW.obj
 0001:00001be0       ?SetData@?$IDataObjectImpl@VCOPOSElectronicValueRW@@@ATL@@UEAAJPEAUtagFORMATETC@@PEAUtagSTGMEDIUM@@H@Z 0000000180002be0 f i ElectronicValueRW.obj
 0001:00001be0       ?GetRect@?$IViewObjectExImpl@VCOPOSElectronicValueRW@@@ATL@@UEAAJKPEAU_RECTL@@@Z 0000000180002be0 f i ElectronicValueRW.obj
 0001:00001be0       ?ReactivateAndUndo@?$IOleInPlaceObjectWindowlessImpl@VCOPOSElectronicValueRW@@@ATL@@UEAAJXZ 0000000180002be0 f i ElectronicValueRW.obj
 0001:00001be0       ?EnumFormatEtc@?$IDataObjectImpl@VCOPOSElectronicValueRW@@@ATL@@UEAAJKPEAPEAUIEnumFORMATETC@@@Z 0000000180002be0 f i ElectronicValueRW.obj
 0001:00001be0       ?GetDataHere@?$IDataObjectImpl@VCOPOSElectronicValueRW@@@ATL@@UEAAJPEAUtagFORMATETC@@PEAUtagSTGMEDIUM@@@Z 0000000180002be0 f i ElectronicValueRW.obj
 0001:00001be0       ?OnMnemonic@?$IOleControlImpl@VCOPOSElectronicValueRW@@@ATL@@UEAAJPEAUtagMSG@@@Z 0000000180002be0 f i ElectronicValueRW.obj
 0001:00001be0       ?QueryInterface@CRegObject@ATL@@UEAAJAEBU_GUID@@PEAPEAX@Z 0000000180002be0 f i ElectronicValueRW.obj
 0001:00001be0       ?ContextSensitiveHelp@?$IOleInPlaceActiveObjectImpl@VCOPOSElectronicValueRW@@@ATL@@UEAAJH@Z 0000000180002be0 f i ElectronicValueRW.obj
 0001:00001be0       ?ContextSensitiveHelp@?$IOleInPlaceObjectWindowlessImpl@VCOPOSElectronicValueRW@@@ATL@@UEAAJH@Z 0000000180002be0 f i ElectronicValueRW.obj
 0001:00001be0       ?Unfreeze@?$IViewObjectExImpl@VCOPOSElectronicValueRW@@@ATL@@UEAAJK@Z 0000000180002be0 f i ElectronicValueRW.obj
 0001:00001be0       ?SetMoniker@?$IOleObjectImpl@VCOPOSElectronicValueRW@@@ATL@@UEAAJKPEAUIMoniker@@@Z 0000000180002be0 f i ElectronicValueRW.obj
 0001:00001be0       ?GetClipboardData@?$IOleObjectImpl@VCOPOSElectronicValueRW@@@ATL@@UEAAJKPEAPEAUIDataObject@@@Z 0000000180002be0 f i ElectronicValueRW.obj
 0001:00001be0       ?GetControlInfo@?$IOleControlImpl@VCOPOSElectronicValueRW@@@ATL@@UEAAJPEAUtagCONTROLINFO@@@Z 0000000180002be0 f i ElectronicValueRW.obj
 0001:00001be0       ?GetMoniker@?$IOleObjectImpl@VCOPOSElectronicValueRW@@@ATL@@UEAAJKKPEAPEAUIMoniker@@@Z 0000000180002be0 f i ElectronicValueRW.obj
 0001:00001be0       ?QueryGetData@?$IDataObjectImpl@VCOPOSElectronicValueRW@@@ATL@@UEAAJPEAUtagFORMATETC@@@Z 0000000180002be0 f i ElectronicValueRW.obj
 0001:00001be0       ?Freeze@?$IViewObjectExImpl@VCOPOSElectronicValueRW@@@ATL@@UEAAJKJPEAXPEAK@Z 0000000180002be0 f i ElectronicValueRW.obj
 0001:00001be0       ?GetColorSet@?$IViewObjectExImpl@VCOPOSElectronicValueRW@@@ATL@@UEAAJKJPEAXPEAUtagDVTARGETDEVICE@@PEAUHDC__@@PEAPEAUtagLOGPALETTE@@@Z 0000000180002be0 f i ElectronicValueRW.obj
 0001:00001be0       ?GetCanonicalFormatEtc@?$IDataObjectImpl@VCOPOSElectronicValueRW@@@ATL@@UEAAJPEAUtagFORMATETC@@0@Z 0000000180002be0 f i ElectronicValueRW.obj
 0001:00001be0       ?GetDropTarget@?$IOleInPlaceObjectWindowlessImpl@VCOPOSElectronicValueRW@@@ATL@@UEAAJPEAPEAUIDropTarget@@@Z 0000000180002be0 f i ElectronicValueRW.obj
 0001:00001be0       ?InitFromData@?$IOleObjectImpl@VCOPOSElectronicValueRW@@@ATL@@UEAAJPEAUIDataObject@@HK@Z 0000000180002be0 f i ElectronicValueRW.obj
 0001:00001be8       ?SetClientSite@?$IOleObjectImpl@VCOPOSElectronicValueRW@@@ATL@@UEAAJPEAUIOleClientSite@@@Z 0000000180002be8 f i ElectronicValueRW.obj
 0001:00001c04       ?GetClientSite@?$IOleObjectImpl@VCOPOSElectronicValueRW@@@ATL@@UEAAJPEAPEAUIOleClientSite@@@Z 0000000180002c04 f i ElectronicValueRW.obj
 0001:00001c4c       ?Close@?$IOleObjectImpl@VCOPOSElectronicValueRW@@@ATL@@UEAAJK@Z 0000000180002c4c f i ElectronicValueRW.obj
 0001:00001c68       ?DoVerb@?$IOleObjectImpl@VCOPOSElectronicValueRW@@@ATL@@UEAAJJPEAUtagMSG@@PEAUIOleClientSite@@JPEAUHWND__@@PEBUtagRECT@@@Z 0000000180002c68 f i ElectronicValueRW.obj
 0001:00001e0c       ?EnumVerbs@?$IOleObjectImpl@VCOPOSElectronicValueRW@@@ATL@@UEAAJPEAPEAUIEnumOLEVERB@@@Z 0000000180002e0c f i ElectronicValueRW.obj
 0001:00001e28       ?GetUserType@?$IOleObjectImpl@VCOPOSElectronicValueRW@@@ATL@@UEAAJKPEAPEA_W@Z 0000000180002e28 f i ElectronicValueRW.obj
 0001:00001e38       ?SetExtent@?$IOleObjectImpl@VCOPOSElectronicValueRW@@@ATL@@UEAAJKPEAUtagSIZE@@@Z 0000000180002e38 f i ElectronicValueRW.obj
 0001:00001e54       ?GetExtent@?$IOleObjectImpl@VCOPOSElectronicValueRW@@@ATL@@UEAAJKPEAUtagSIZE@@@Z 0000000180002e54 f i ElectronicValueRW.obj
 0001:00001e84       ?Advise@?$IOleObjectImpl@VCOPOSElectronicValueRW@@@ATL@@UEAAJPEAUIAdviseSink@@PEAK@Z 0000000180002e84 f i ElectronicValueRW.obj
 0001:00001ee0       ?Unadvise@?$IOleObjectImpl@VCOPOSElectronicValueRW@@@ATL@@UEAAJK@Z 0000000180002ee0 f i ElectronicValueRW.obj
 0001:00001f18       ?EnumAdvise@?$IOleObjectImpl@VCOPOSElectronicValueRW@@@ATL@@UEAAJPEAPEAUIEnumSTATDATA@@@Z 0000000180002f18 f i ElectronicValueRW.obj
 0001:00001f60       ?GetMiscStatus@?$IOleObjectImpl@VCOPOSElectronicValueRW@@@ATL@@UEAAJKPEAK@Z 0000000180002f60 f i ElectronicValueRW.obj
 0001:00001f70       ?GetWindow@?$IOleInPlaceActiveObjectImpl@VCOPOSElectronicValueRW@@@ATL@@UEAAJPEAPEAUHWND__@@@Z 0000000180002f70 f i ElectronicValueRW.obj
 0001:00001fc4       ?TranslateAcceleratorW@?$IOleInPlaceActiveObjectImpl@VCOPOSElectronicValueRW@@@ATL@@UEAAJPEAUtagMSG@@@Z 0000000180002fc4 f i ElectronicValueRW.obj
 0001:000020b8       ?OnDocWindowActivate@?$IOleInPlaceActiveObjectImpl@VCOPOSElectronicValueRW@@@ATL@@UEAAJH@Z 00000001800030b8 f i ElectronicValueRW.obj
 0001:000020e4       ?FAccessAllowed@?$IObjectSafetyImpl@VCOPOSElectronicValueRW@@$02@ATL@@MEAAHXZ 00000001800030e4 f i ElectronicValueRW.obj
 0001:000020e4       _get_startup_argv_mode     00000001800030e4 f i LIBCMT:argv_mode.obj
 0001:000020e4       ?AddRef@CRegObject@ATL@@UEAAKXZ 00000001800030e4 f i ElectronicValueRW.obj
 0001:000020ec       ?AddReplacement@CRegObject@ATL@@UEAAJPEB_W0@Z 00000001800030ec f i ElectronicValueRW.obj
 0001:0000211c       ?ClearReplacements@CRegObject@ATL@@UEAAJXZ 000000018000311c f i ElectronicValueRW.obj
 0001:00002128       ?Draw@?$IViewObjectExImpl@VCOPOSElectronicValueRW@@@ATL@@UEAAJKJPEAXPEAUtagDVTARGETDEVICE@@PEAUHDC__@@2PEBU_RECTL@@3P6AH_K@Z4@Z 0000000180003128 f i ElectronicValueRW.obj
 0001:0000218c       ?SetAdvise@?$IViewObjectExImpl@VCOPOSElectronicValueRW@@@ATL@@UEAAJKKPEAUIAdviseSink@@@Z 000000018000318c f i ElectronicValueRW.obj
 0001:000021e0       ?GetAdvise@?$IViewObjectExImpl@VCOPOSElectronicValueRW@@@ATL@@UEAAJPEAK0PEAPEAUIAdviseSink@@@Z 00000001800031e0 f i ElectronicValueRW.obj
 0001:0000221c       ?GetExtent@?$IViewObjectExImpl@VCOPOSElectronicValueRW@@@ATL@@UEAAJKJPEAUtagDVTARGETDEVICE@@PEAUtagSIZE@@@Z 000000018000321c f i ElectronicValueRW.obj
 0001:0000224c       ?GetViewStatus@?$IViewObjectExImpl@VCOPOSElectronicValueRW@@@ATL@@UEAAJPEAK@Z 000000018000324c f i ElectronicValueRW.obj
 0001:00002260       ?QueryHitPoint@?$IViewObjectExImpl@VCOPOSElectronicValueRW@@@ATL@@UEAAJKPEBUtagRECT@@UtagPOINT@@JPEAK@Z 0000000180003260 f i ElectronicValueRW.obj
 0001:000022a4       ?QueryHitRect@?$IViewObjectExImpl@VCOPOSElectronicValueRW@@@ATL@@UEAAJKPEBUtagRECT@@0JPEAK@Z 00000001800032a4 f i ElectronicValueRW.obj
 0001:0000230c       ??_ECRegObject@ATL@@UEAAPEAXI@Z 000000018000330c f i ElectronicValueRW.obj
 0001:0000230c       ??_GCRegObject@ATL@@UEAAPEAXI@Z 000000018000330c f i ElectronicValueRW.obj
 0001:0000238c       ?GetNaturalExtent@?$IViewObjectExImpl@VCOPOSElectronicValueRW@@@ATL@@UEAAJKJPEAUtagDVTARGETDEVICE@@PEAUHDC__@@PEAUtagExtentInfo@@PEAUtagSIZE@@@Z 000000018000338c f i ElectronicValueRW.obj
 0001:000023d4       ?GetWindow@?$IOleInPlaceObjectWindowlessImpl@VCOPOSElectronicValueRW@@@ATL@@UEAAJPEAPEAUHWND__@@@Z 00000001800033d4 f i ElectronicValueRW.obj
 0001:00002428       ?InPlaceDeactivate@?$IOleInPlaceObjectWindowlessImpl@VCOPOSElectronicValueRW@@@ATL@@UEAAJXZ 0000000180003428 f i ElectronicValueRW.obj
 0001:00002444       ?UIDeactivate@?$IOleInPlaceObjectWindowlessImpl@VCOPOSElectronicValueRW@@@ATL@@UEAAJXZ 0000000180003444 f i ElectronicValueRW.obj
 0001:00002460       ?SetObjectRects@?$IOleInPlaceObjectWindowlessImpl@VCOPOSElectronicValueRW@@@ATL@@UEAAJPEBUtagRECT@@0@Z 0000000180003460 f i ElectronicValueRW.obj
 0001:0000247c       ?OnWindowMessage@?$IOleInPlaceObjectWindowlessImpl@VCOPOSElectronicValueRW@@@ATL@@UEAAJI_K_JPEA_J@Z 000000018000347c f i ElectronicValueRW.obj
 0001:00002544       ?EnumConnectionPoints@?$IConnectionPointContainerImpl@VCOPOSElectronicValueRW@@@ATL@@UEAAJPEAPEAUIEnumConnectionPoints@@@Z 0000000180003544 f i ElectronicValueRW.obj
 0001:0000278c       ?FindConnectionPoint@?$IConnectionPointContainerImpl@VCOPOSElectronicValueRW@@@ATL@@UEAAJAEBU_GUID@@PEAPEAUIConnectionPoint@@@Z 000000018000378c f i ElectronicValueRW.obj
 0001:0000285c       ?IsDirty@?$IPersistStorageImpl@VCOPOSElectronicValueRW@@@ATL@@UEAAJXZ 000000018000385c f i ElectronicValueRW.obj
 0001:000028a0       ?InitNew@?$IPersistStorageImpl@VCOPOSElectronicValueRW@@@ATL@@UEAAJPEAUIStorage@@@Z 00000001800038a0 f i ElectronicValueRW.obj
 0001:000028e4       ?Load@?$IPersistStorageImpl@VCOPOSElectronicValueRW@@@ATL@@UEAAJPEAUIStorage@@@Z 00000001800038e4 f i ElectronicValueRW.obj
 0001:00002984       ?Save@?$IPersistStorageImpl@VCOPOSElectronicValueRW@@@ATL@@UEAAJPEAUIStorage@@H@Z 0000000180003984 f i ElectronicValueRW.obj
 0001:00002a34       ?GetPages@?$ISpecifyPropertyPagesImpl@VCOPOSElectronicValueRW@@@ATL@@UEAAJPEAUtagCAUUID@@@Z 0000000180003a34 f i ElectronicValueRW.obj
 0001:00002a40       ?QuickActivate@?$IQuickActivateImpl@VCOPOSElectronicValueRW@@@ATL@@UEAAJPEAUtagQACONTAINER@@PEAUtagQACONTROL@@@Z 0000000180003a40 f i ElectronicValueRW.obj
 0001:00002a5c       ?SetContentExtent@?$IQuickActivateImpl@VCOPOSElectronicValueRW@@@ATL@@UEAAJPEAUtagSIZE@@@Z 0000000180003a5c f i ElectronicValueRW.obj
 0001:00002a90       ?GetContentExtent@?$IQuickActivateImpl@VCOPOSElectronicValueRW@@@ATL@@UEAAJPEAUtagSIZE@@@Z 0000000180003a90 f i ElectronicValueRW.obj
 0001:00002ac8       ?GetData@?$IDataObjectImpl@VCOPOSElectronicValueRW@@@ATL@@UEAAJPEAUtagFORMATETC@@PEAUtagSTGMEDIUM@@@Z 0000000180003ac8 f i ElectronicValueRW.obj
 0001:00002ae4       ?DAdvise@?$IDataObjectImpl@VCOPOSElectronicValueRW@@@ATL@@UEAAJPEAUtagFORMATETC@@KPEAUIAdviseSink@@PEAK@Z 0000000180003ae4 f i ElectronicValueRW.obj
 0001:00002b6c       ?DUnadvise@?$IDataObjectImpl@VCOPOSElectronicValueRW@@@ATL@@UEAAJK@Z 0000000180003b6c f i ElectronicValueRW.obj
 0001:00002b98       ?EnumDAdvise@?$IDataObjectImpl@VCOPOSElectronicValueRW@@@ATL@@UEAAJPEAPEAUIEnumSTATDATA@@@Z 0000000180003b98 f i ElectronicValueRW.obj
 0001:00002bd4       ?GetClassInfoW@?$IProvideClassInfo2Impl@$1?CLSID_OPOSElectronicValueRW@@3U_GUID@@B$1?DIID__IOPOSElectronicValueRWEvents@@3U2@B$1?LIBID_OposElectronicValueRW_CCO@@3U2@B$00$0A@VCComTypeInfoHolder@ATL@@@ATL@@UEAAJPEAPEAUITypeInfo@@@Z 0000000180003bd4 f i ElectronicValueRW.obj
 0001:00002c2c       ?GetGUID@?$IProvideClassInfo2Impl@$1?CLSID_OPOSElectronicValueRW@@3U_GUID@@B$1?DIID__IOPOSElectronicValueRWEvents@@3U2@B$1?LIBID_OposElectronicValueRW_CCO@@3U2@B$00$0A@VCComTypeInfoHolder@ATL@@@ATL@@UEAAJKPEAU_GUID@@@Z 0000000180003c2c f i ElectronicValueRW.obj
 0001:00002c60       ?GetInterfaceSafetyOptions@?$IObjectSafetyImpl@VCOPOSElectronicValueRW@@$02@ATL@@UEAAJAEBU_GUID@@PEAK1@Z 0000000180003c60 f i ElectronicValueRW.obj
 0001:00002cf4       ?SetInterfaceSafetyOptions@?$IObjectSafetyImpl@VCOPOSElectronicValueRW@@$02@ATL@@UEAAJAEBU_GUID@@KK@Z 0000000180003cf4 f i ElectronicValueRW.obj
 0001:00002d98       ?_LocCPQueryInterface@?$IConnectionPointImpl@VCOPOSElectronicValueRW@@$1?IID_IPropertyNotifySink@@3U_GUID@@BVCComDynamicUnkArray@ATL@@@ATL@@UEAAJAEBU_GUID@@PEAPEAX@Z 0000000180003d98 f i ElectronicValueRW.obj
 0001:00002d98       ?_LocCPQueryInterface@?$IConnectionPointImpl@VCOPOSElectronicValueRW@@$1?DIID__IOPOSElectronicValueRWEvents@@3U_GUID@@BVCComDynamicUnkArray@ATL@@@ATL@@UEAAJAEBU_GUID@@PEAPEAX@Z 0000000180003d98 f i ElectronicValueRW.obj
 0001:00002e0c       ?GetConnectionInterface@?$IConnectionPointImpl@VCOPOSElectronicValueRW@@$1?IID_IPropertyNotifySink@@3U_GUID@@BVCComDynamicUnkArray@ATL@@@ATL@@UEAAJPEAU_GUID@@@Z 0000000180003e0c f i ElectronicValueRW.obj
 0001:00002e28       ?GetConnectionPointContainer@?$IConnectionPointImpl@VCOPOSElectronicValueRW@@$1?IID_IPropertyNotifySink@@3U_GUID@@BVCComDynamicUnkArray@ATL@@@ATL@@UEAAJPEAPEAUIConnectionPointContainer@@@Z 0000000180003e28 f i ElectronicValueRW.obj
 0001:00002e48       ?Advise@?$IConnectionPointImpl@VCOPOSElectronicValueRW@@$1?DIID__IOPOSElectronicValueRWEvents@@3U_GUID@@BVCComDynamicUnkArray@ATL@@@ATL@@UEAAJPEAUIUnknown@@PEAK@Z 0000000180003e48 f i ElectronicValueRW.obj
 0001:00002e48       ?Advise@?$IConnectionPointImpl@VCOPOSElectronicValueRW@@$1?IID_IPropertyNotifySink@@3U_GUID@@BVCComDynamicUnkArray@ATL@@@ATL@@UEAAJPEAUIUnknown@@PEAK@Z 0000000180003e48 f i ElectronicValueRW.obj
 0001:00002f08       ?Unadvise@?$IConnectionPointImpl@VCOPOSElectronicValueRW@@$1?IID_IPropertyNotifySink@@3U_GUID@@BVCComDynamicUnkArray@ATL@@@ATL@@UEAAJK@Z 0000000180003f08 f i ElectronicValueRW.obj
 0001:00002f08       ?Unadvise@?$IConnectionPointImpl@VCOPOSElectronicValueRW@@$1?DIID__IOPOSElectronicValueRWEvents@@3U_GUID@@BVCComDynamicUnkArray@ATL@@@ATL@@UEAAJK@Z 0000000180003f08 f i ElectronicValueRW.obj
 0001:00002f84       ?EnumConnections@?$IConnectionPointImpl@VCOPOSElectronicValueRW@@$1?IID_IPropertyNotifySink@@3U_GUID@@BVCComDynamicUnkArray@ATL@@@ATL@@UEAAJPEAPEAUIEnumConnections@@@Z 0000000180003f84 f i ElectronicValueRW.obj
 0001:00002f84       ?EnumConnections@?$IConnectionPointImpl@VCOPOSElectronicValueRW@@$1?DIID__IOPOSElectronicValueRWEvents@@3U_GUID@@BVCComDynamicUnkArray@ATL@@@ATL@@UEAAJPEAPEAUIEnumConnections@@@Z 0000000180003f84 f i ElectronicValueRW.obj
 0001:0000312c       ?GetConnectionInterface@?$IConnectionPointImpl@VCOPOSElectronicValueRW@@$1?DIID__IOPOSElectronicValueRWEvents@@3U_GUID@@BVCComDynamicUnkArray@ATL@@@ATL@@UEAAJPEAU_GUID@@@Z 000000018000412c f i ElectronicValueRW.obj
 0001:00003148       ?GetConnectionPointContainer@?$IConnectionPointImpl@VCOPOSElectronicValueRW@@$1?DIID__IOPOSElectronicValueRWEvents@@3U_GUID@@BVCComDynamicUnkArray@ATL@@@ATL@@UEAAJPEAPEAUIConnectionPointContainer@@@Z 0000000180004148 f i ElectronicValueRW.obj
 0001:00003168       ?UpdateRegistry@COPOSElectronicValueRW@@SAJH@Z 0000000180004168 f i ElectronicValueRW.obj
 0001:00003180       ?ProcessWindowMessage@COPOSElectronicValueRW@@UEAAHPEAUHWND__@@I_K_JAEA_JK@Z 0000000180004180 f i ElectronicValueRW.obj
 0001:00003208       ?SOData@COPOSElectronicValueRW@@MEAAJJ@Z 0000000180004208 f i ElectronicValueRW.obj
 0001:00003258       ?SODirectIO@COPOSElectronicValueRW@@MEAAJJPEAJPEAPEA_W@Z 0000000180004258 f i ElectronicValueRW.obj
 0001:000032d0       ?SOError@COPOSElectronicValueRW@@MEAAJJJJPEAJ@Z 00000001800042d0 f i ElectronicValueRW.obj
 0001:00003358       ?SOOutputComplete@COPOSElectronicValueRW@@MEAAJJ@Z 0000000180004358 f i ElectronicValueRW.obj
 0001:000033a8       ?SOStatusUpdate@COPOSElectronicValueRW@@MEAAJJ@Z 00000001800043a8 f i ElectronicValueRW.obj
 0001:000033f8       ?SOTransition@COPOSElectronicValueRW@@MEAAJJPEAJPEAPEA_W@Z 00000001800043f8 f i ElectronicValueRW.obj
 0001:00003470       ?CreateInstance@?$CComCreator@V?$CComObjectCached@VCComClassFactory@ATL@@@ATL@@@ATL@@SAJPEAXAEBU_GUID@@PEAPEAX@Z 0000000180004470 f i ElectronicValueRW.obj
 0001:00003574       ?CreateInstance@?$CComCreator2@V?$CComCreator@V?$CComObject@VCOPOSElectronicValueRW@@@ATL@@@ATL@@V?$CComCreator@V?$CComAggObject@VCOPOSElectronicValueRW@@@ATL@@@2@@ATL@@SAJPEAXAEBU_GUID@@PEAPEAX@Z 0000000180004574 f i ElectronicValueRW.obj
 0001:00003584       ?Next@?$CComEnumImpl@UIEnumConnectionPoints@@$1?_GUID_b196b285_bab4_101a_b69c_00aa00341d07@@3U__s_GUID@@BPEAUIConnectionPoint@@V?$_CopyInterface@UIConnectionPoint@@@ATL@@@ATL@@UEAAJKPEAPEAUIConnectionPoint@@PEAK@Z 0000000180004584 f i ElectronicValueRW.obj
 0001:00003650       ?Skip@?$CComEnumImpl@UIEnumConnectionPoints@@$1?_GUID_b196b285_bab4_101a_b69c_00aa00341d07@@3U__s_GUID@@BPEAUIConnectionPoint@@V?$_CopyInterface@UIConnectionPoint@@@ATL@@@ATL@@UEAAJK@Z 0000000180004650 f i ElectronicValueRW.obj
 0001:0000367c       ?Clone@?$CComEnumImpl@UIEnumConnectionPoints@@$1?_GUID_b196b285_bab4_101a_b69c_00aa00341d07@@3U__s_GUID@@BPEAUIConnectionPoint@@V?$_CopyInterface@UIConnectionPoint@@@ATL@@@ATL@@UEAAJPEAPEAUIEnumConnectionPoints@@@Z 000000018000467c f i ElectronicValueRW.obj
 0001:000037a4       ?QueryInterface@?$CComObject@V?$CComEnum@UIEnumConnectionPoints@@$1?_GUID_b196b285_bab4_101a_b69c_00aa00341d07@@3U__s_GUID@@BPEAUIConnectionPoint@@V?$_CopyInterface@UIConnectionPoint@@@ATL@@VCComSingleThreadModel@6@@ATL@@@ATL@@UEAAJAEBU_GUID@@PEAPEAX@Z 00000001800047a4 f i ElectronicValueRW.obj
 0001:000037b8       ??_E?$CComObject@V?$CComEnum@UIEnumConnectionPoints@@$1?_GUID_b196b285_bab4_101a_b69c_00aa00341d07@@3U__s_GUID@@BPEAUIConnectionPoint@@V?$_CopyInterface@UIConnectionPoint@@@ATL@@VCComSingleThreadModel@6@@ATL@@@ATL@@UEAAPEAXI@Z 00000001800047b8 f i ElectronicValueRW.obj
 0001:000037b8       ??_G?$CComObject@V?$CComEnum@UIEnumConnectionPoints@@$1?_GUID_b196b285_bab4_101a_b69c_00aa00341d07@@3U__s_GUID@@BPEAUIConnectionPoint@@V?$_CopyInterface@UIConnectionPoint@@@ATL@@VCComSingleThreadModel@6@@ATL@@@ATL@@UEAAPEAXI@Z 00000001800047b8 f i ElectronicValueRW.obj
 0001:00003810       ??$AtlModuleRegisterWndClassInfoT@VAtlModuleRegisterWndClassInfoParamW@ATL@@@ATL@@YAGPEAU_ATL_BASE_MODULE70@0@PEAU_ATL_WIN_MODULE70@0@PEAU_ATL_WNDCLASSINFOW@0@PEAP6A_JPEAUHWND__@@I_K_J@ZVAtlModuleRegisterWndClassInfoParamW@0@@Z 0000000180004810 f i ElectronicValueRW.obj
 0001:00003a10       ??0?$CComContainedObject@VCOPOSElectronicValueRW@@@ATL@@QEAA@PEAX@Z 0000000180004a10 f i ElectronicValueRW.obj
 0001:00003b2c       ??0?$CComObject@VCOPOSElectronicValueRW@@@ATL@@QEAA@PEAX@Z 0000000180004b2c f i ElectronicValueRW.obj
 0001:00003c44       ??0CAtlModule@ATL@@QEAA@XZ 0000000180004c44 f i ElectronicValueRW.obj
 0001:00003cc4       ??1?$CComEnumImpl@UIEnumConnectionPoints@@$1?_GUID_b196b285_bab4_101a_b69c_00aa00341d07@@3U__s_GUID@@BPEAUIConnectionPoint@@V?$_CopyInterface@UIConnectionPoint@@@ATL@@@ATL@@UEAA@XZ 0000000180004cc4 f i ElectronicValueRW.obj
 0001:00003d20       ??1?$CComEnumImpl@UIEnumConnections@@$1?_GUID_b196b287_bab4_101a_b69c_00aa00341d07@@3U__s_GUID@@BUtagCONNECTDATA@@V?$_Copy@UtagCONNECTDATA@@@ATL@@@ATL@@UEAA@XZ 0000000180004d20 f i ElectronicValueRW.obj
 0001:00003d7c       ??1?$CComObject@VCOPOSElectronicValueRW@@@ATL@@UEAA@XZ 0000000180004d7c f i ElectronicValueRW.obj
 0001:00003e9c       ??_E?$CComContainedObject@VCOPOSElectronicValueRW@@@ATL@@UEAAPEAXI@Z 0000000180004e9c f i ElectronicValueRW.obj
 0001:00003e9c       ??_G?$CComContainedObject@VCOPOSElectronicValueRW@@@ATL@@UEAAPEAXI@Z 0000000180004e9c f i ElectronicValueRW.obj
 0001:00003ed0       ??_E?$CComObject@VCOPOSElectronicValueRW@@@ATL@@UEAAPEAXI@Z 0000000180004ed0 f i ElectronicValueRW.obj
 0001:00003ed0       ??_G?$CComObject@VCOPOSElectronicValueRW@@@ATL@@UEAAPEAXI@Z 0000000180004ed0 f i ElectronicValueRW.obj
 0001:00003f04       ?Add@?$CSimpleArray@GV?$CSimpleArrayEqualHelper@G@ATL@@@ATL@@QEAAHAEBG@Z 0000000180004f04 f i ElectronicValueRW.obj
 0001:00003fb8       ?Add@?$CSimpleMap@PEA_WPEA_WVCExpansionVectorEqualHelper@ATL@@@ATL@@QEAAHAEBQEA_W0@Z 0000000180004fb8 f i ElectronicValueRW.obj
 0001:00004058       ?Add@CComDynamicUnkArray@ATL@@QEAAKPEAUIUnknown@@@Z 0000000180005058 f i ElectronicValueRW.obj
 0001:00004150       ?Add@CExpansionVector@ATL@@QEAAHPEB_W0@Z 0000000180005150 f i ElectronicValueRW.obj
 0001:000042e0       ?AddValue@CRegParser@ATL@@IEAAJAEAVCRegKey@2@PEB_WPEA_W@Z 00000001800052e0 f i ElectronicValueRW.obj
 0001:00004728       ?AllocateHeap@?$CTempBuffer@_W$0EAA@VCCRTAllocator@ATL@@@ATL@@AEAAX_K@Z 0000000180005728 f i ElectronicValueRW.obj
 0001:00004728       ?AllocateHeap@?$CTempBuffer@_W$0BAA@VCCRTAllocator@ATL@@@ATL@@AEAAX_K@Z 0000000180005728 f i ElectronicValueRW.obj
 0001:00004728       ?AllocateHeap@?$CTempBuffer@E$0BAA@VCCRTAllocator@ATL@@@ATL@@AEAAX_K@Z 0000000180005728 f i ElectronicValueRW.obj
 0001:00004754       ?Append@CParseBuffer@CRegParser@ATL@@QEAAHPEB_WH@Z 0000000180005754 f i ElectronicValueRW.obj
 0001:0000486c       ?AtlCallTermFunc@ATL@@YAXPEAU_ATL_MODULE70@1@@Z 000000018000586c f i ElectronicValueRW.obj
 0001:000048d0       ?AtlComModuleGetClassObject@ATL@@YAJPEAU_ATL_COM_MODULE70@1@AEBU_GUID@@1PEAPEAX@Z 00000001800058d0 f i ElectronicValueRW.obj
 0001:00004a10       ?AtlComModuleRegisterServer@ATL@@YAJPEAU_ATL_COM_MODULE70@1@HPEBU_GUID@@@Z 0000000180005a10 f i ElectronicValueRW.obj
 0001:00004ad0       ?AtlComModuleUnregisterServer@ATL@@YAJPEAU_ATL_COM_MODULE70@1@HPEBU_GUID@@@Z 0000000180005ad0 f i ElectronicValueRW.obj
 0001:00004b8c       ?AtlCreateTargetDC@ATL@@YAPEAUHDC__@@PEAU2@PEAUtagDVTARGETDEVICE@@@Z 0000000180005b8c f i ElectronicValueRW.obj
 0001:00004c00       ?AtlHiMetricToPixel@ATL@@YAXPEBUtagSIZE@@PEAU2@@Z 0000000180005c00 f i ElectronicValueRW.obj
 0001:00004cb0       ?AtlHresultFromLastError@ATL@@YAJXZ 0000000180005cb0 f i ElectronicValueRW.obj
 0001:00004cd0       ?AtlHresultFromWin32@ATL@@YAJK@Z 0000000180005cd0 f i ElectronicValueRW.obj
 0001:00004ce0       ?AtlIPersistStreamInit_Load@ATL@@YAJPEAUIStream@@PEBUATL_PROPMAP_ENTRY@1@PEAXPEAUIUnknown@@@Z 0000000180005ce0 f i ElectronicValueRW.obj
 0001:00004f18       ?AtlIPersistStreamInit_Save@ATL@@YAJPEAUIStream@@HPEBUATL_PROPMAP_ENTRY@1@PEAXPEAUIUnknown@@@Z 0000000180005f18 f i ElectronicValueRW.obj
 0001:00005154       ?AtlInternalOleLoadFromStream@ATL@@YAJPEAUIStream@@AEBU_GUID@@PEAPEAXTClassesAllowedInStream@1@K@Z 0000000180006154 f i ElectronicValueRW.obj
 0001:00005298       ?AtlInternalQueryInterface@ATL@@YAJPEAXPEBU_ATL_INTMAP_ENTRY@1@AEBU_GUID@@PEAPEAX@Z 0000000180006298 f i ElectronicValueRW.obj
 0001:000053a0       ?AtlLoadTypeLib@ATL@@YAJPEAUHINSTANCE__@@PEB_WPEAPEA_WPEAPEAUITypeLib@@@Z 00000001800063a0 f i ElectronicValueRW.obj
 0001:000055fc       ?AtlModuleAddTermFunc@ATL@@YAJPEAU_ATL_MODULE70@1@P6AX_K@Z1@Z 00000001800065fc f i ElectronicValueRW.obj
 0001:00005690       ?AtlRegisterClassCategoriesHelper@ATL@@YAJAEBU_GUID@@PEBU_ATL_CATMAP_ENTRY@1@H@Z 0000000180006690 f i ElectronicValueRW.obj
 0001:00005af8       ?AtlRegisterTypeLib@ATL@@YAJPEAUHINSTANCE__@@PEB_W@Z 0000000180006af8 f i ElectronicValueRW.obj
 0001:00005cf4       ?AtlThrowImpl@ATL@@YAXJ@Z  0000000180006cf4 f i ElectronicValueRW.obj
 0001:00005d18       ?AtlUnRegisterTypeLib@ATL@@YAJPEAUHINSTANCE__@@PEB_W@Z 0000000180006d18 f i ElectronicValueRW.obj
 0001:00005de0       ?AtlWinModuleExtractCreateWndData@ATL@@YAPEAXPEAU_ATL_WIN_MODULE70@1@@Z 0000000180006de0 f i ElectronicValueRW.obj
 0001:00005e6c       ?Cleanup@CComTypeInfoHolder@ATL@@SAX_K@Z 0000000180006e6c f i ElectronicValueRW.obj
 0001:00005eac       ?ClearReplacements@CExpansionVector@ATL@@QEAAJXZ 0000000180006eac f i ElectronicValueRW.obj
 0001:00005f48       ?CreateInstance@?$CComCreator@V?$CComAggObject@VCOPOSElectronicValueRW@@@ATL@@@ATL@@SAJPEAXAEBU_GUID@@PEAPEAX@Z 0000000180006f48 f i ElectronicValueRW.obj
 0001:00006020       ?CreateInstance@?$CComCreator@V?$CComObject@VCOPOSElectronicValueRW@@@ATL@@@ATL@@SAJPEAXAEBU_GUID@@PEAPEAX@Z 0000000180007020 f i ElectronicValueRW.obj
 0001:000060d8       ?CreateInstance@?$CComObject@V?$CComEnum@UIEnumConnectionPoints@@$1?_GUID_b196b285_bab4_101a_b69c_00aa00341d07@@3U__s_GUID@@BPEAUIConnectionPoint@@V?$_CopyInterface@UIConnectionPoint@@@ATL@@VCComSingleThreadModel@6@@ATL@@@ATL@@SAJPEAPEAV12@@Z 00000001800070d8 f i ElectronicValueRW.obj
 0001:00006164       ?CreateInstance@?$CComObject@V?$CComEnum@UIEnumConnections@@$1?_GUID_b196b287_bab4_101a_b69c_00aa00341d07@@3U__s_GUID@@BUtagCONNECTDATA@@V?$_Copy@UtagCONNECTDATA@@@ATL@@VCComSingleThreadModel@6@@ATL@@@ATL@@SAJPEAPEAV12@@Z 0000000180007164 f i ElectronicValueRW.obj
 0001:000061f0       ?DefaultReflectionHandler@?$CWindowImplRoot@VCWindow@ATL@@@ATL@@SAHPEAUHWND__@@I_K_JAEA_J@Z 00000001800071f0 f i ElectronicValueRW.obj
 0001:00006254       ?DeleteSubKey@CRegKey@ATL@@QEAAJPEB_W@Z 0000000180007254 f i ElectronicValueRW.obj
 0001:000062ec       ?DoEvent@COPOSElectronicValueRW@@IEAAXI_K_J@Z 00000001800072ec f i ElectronicValueRW.obj
 0001:000063a0       ?DoVerbPrimary@?$IOleObjectImpl@VCOPOSElectronicValueRW@@@ATL@@QEAAJPEBUtagRECT@@PEAUHWND__@@@Z 00000001800073a0 f i ElectronicValueRW.obj
 0001:000064c8       ?DoVerbProperties@CComControlBase@ATL@@QEAAJPEBUtagRECT@@PEAUHWND__@@@Z 00000001800074c8 f i ElectronicValueRW.obj
 0001:000066f0       ?FireTheEvent@?$CProxy_IOPOSEvents@VCOPOSElectronicValueRW@@@@IEAAXPEAVOposVariant@@IAEAJPEB_WJ@Z 00000001800076f0 f i ElectronicValueRW.obj
 0001:000067dc       ?FireViewChange@CComControlBase@ATL@@QEAAJXZ 00000001800077dc f i ElectronicValueRW.obj
 0001:00006840       ?Fire_DataEvent@?$CProxy_IOPOSEvents@VCOPOSElectronicValueRW@@@@QEAAXJ@Z 0000000180007840 f i ElectronicValueRW.obj
 0001:0000692c       ?Fire_DirectIOEvent@?$CProxy_IOPOSEvents@VCOPOSElectronicValueRW@@@@QEAAXJPEAJPEAPEA_W@Z 000000018000792c f i ElectronicValueRW.obj
 0001:00006a84       ?Fire_ErrorEvent@?$CProxy_IOPOSEvents@VCOPOSElectronicValueRW@@@@QEAAXJJJPEAJ@Z 0000000180007a84 f i ElectronicValueRW.obj
 0001:00006bec       ?Fire_OutputCompleteEvent@?$CProxy_IOPOSEvents@VCOPOSElectronicValueRW@@@@QEAAXJ@Z 0000000180007bec f i ElectronicValueRW.obj
 0001:00006cd8       ?Fire_StatusUpdateEvent@?$CProxy_IOPOSEvents@VCOPOSElectronicValueRW@@@@QEAAXJ@Z 0000000180007cd8 f i ElectronicValueRW.obj
 0001:00006dc4       ?Fire_TransitionEvent@?$CProxy_IOPOSEvents@VCOPOSElectronicValueRW@@@@QEAAXJPEAJPEAPEA_W@Z 0000000180007dc4 f i ElectronicValueRW.obj
 0001:00006f1c       ?FreeHeap@?$CTempBuffer@_W$0BAA@VCCRTAllocator@ATL@@@ATL@@AEAAXXZ 0000000180007f1c f i ElectronicValueRW.obj
 0001:00006f1c       ?FreeHeap@?$CTempBuffer@_W$0EAA@VCCRTAllocator@ATL@@@ATL@@AEAAXXZ 0000000180007f1c f i ElectronicValueRW.obj
 0001:00006f1c       ?FreeHeap@?$CTempBuffer@E$0BAA@VCCRTAllocator@ATL@@@ATL@@AEAAXXZ 0000000180007f1c f i ElectronicValueRW.obj
 0001:00006f24       ?GetAmbientLocaleID@CComControlBase@ATL@@QEAAJAEAK@Z 0000000180007f24 f i ElectronicValueRW.obj
 0001:00006fe4       ?GetAmbientUserMode@CComControlBase@ATL@@QEAAJAEAH@Z 0000000180007fe4 f i ElectronicValueRW.obj
 0001:000070b8       ?GetClassObject@CComModule@ATL@@QEAAJAEBU_GUID@@0PEAPEAX@Z 00000001800080b8 f i ElectronicValueRW.obj
 0001:000071ac       ?GetConnMap@COPOSElectronicValueRW@@SAPEBU_ATL_CONNMAP_ENTRY@ATL@@PEAH@Z 00000001800081ac f i ElectronicValueRW.obj
 0001:00007234       ?GetIDsOfNames@CComTypeInfoHolder@ATL@@QEAAJAEBU_GUID@@PEAPEA_WIKPEAJ@Z 0000000180008234 f i ElectronicValueRW.obj
 0001:000073ac       ?GetPagesHelper@?$ISpecifyPropertyPagesImpl@VCOPOSElectronicValueRW@@@ATL@@IEAAJPEAUtagCAUUID@@PEBUATL_PROPMAP_ENTRY@2@@Z 00000001800083ac f i ElectronicValueRW.obj
 0001:0000754c       ?GetSizeMax@CComVariant@ATL@@QEBAJPEAT_ULARGE_INTEGER@@@Z 000000018000854c f i ElectronicValueRW.obj
 0001:00007780       ?GetTI@CComTypeInfoHolder@ATL@@QEAAJK@Z 0000000180008780 f i ElectronicValueRW.obj
 0001:000079f8       ?GetZoomInfo@CComControlBase@ATL@@QEAAXAEAUATL_DRAWINFO@@@Z 00000001800089f8 f i ElectronicValueRW.obj
 0001:00007a9c       ?HKeyFromString@CRegParser@ATL@@KAPEAUHKEY__@@PEA_W@Z 0000000180008a9c f i ElectronicValueRW.obj
 0001:00007b00       ?IDataObject_GetData@CComControlBase@ATL@@QEAAJPEAUtagFORMATETC@@PEAUtagSTGMEDIUM@@@Z 0000000180008b00 f i ElectronicValueRW.obj
 0001:00007cf4       ?IOleInPlaceObject_InPlaceDeactivate@CComControlBase@ATL@@QEAAJXZ 0000000180008cf4 f i ElectronicValueRW.obj
 0001:00007d94       ?IOleInPlaceObject_SetObjectRects@CComControlBase@ATL@@QEAAJPEBUtagRECT@@0@Z 0000000180008d94 f i ElectronicValueRW.obj
 0001:00007e84       ?IOleInPlaceObject_UIDeactivate@CComControlBase@ATL@@QEAAJXZ 0000000180008e84 f i ElectronicValueRW.obj
 0001:00007f90       ?IOleObject_Close@CComControlBase@ATL@@QEAAJK@Z 0000000180008f90 f i ElectronicValueRW.obj
 0001:000080a8       ?IOleObject_SetClientSite@CComControlBase@ATL@@QEAAJPEAUIOleClientSite@@@Z 00000001800090a8 f i ElectronicValueRW.obj
 0001:00008120       ?IOleObject_SetExtent@CComControlBase@ATL@@QEAAJKPEAUtagSIZE@@@Z 0000000180009120 f i ElectronicValueRW.obj
 0001:000081b8       ?IPSI_GetIPersistStreamInit@?$IPersistStorageImpl@VCOPOSElectronicValueRW@@@ATL@@AEAAPEAUIPersistStreamInit@@XZ 00000001800091b8 f i ElectronicValueRW.obj
 0001:00008214       ?IQuickActivate_QuickActivate@CComControlBase@ATL@@QEAAJPEAUtagQACONTAINER@@PEAUtagQACONTROL@@@Z 0000000180009214 f i ElectronicValueRW.obj
 0001:000084d8       ?IViewObject_Draw@CComControlBase@ATL@@QEAAJKJPEAXPEAUtagDVTARGETDEVICE@@PEAUHDC__@@2PEBU_RECTL@@3@Z 00000001800094d8 f i ElectronicValueRW.obj
 0001:000085ec       ?InPlaceActivate@CComControlBase@ATL@@QEAAJJPEBUtagRECT@@@Z 00000001800095ec f i ElectronicValueRW.obj
 0001:00008924       ?Init@?$CComEnumImpl@UIEnumConnectionPoints@@$1?_GUID_b196b285_bab4_101a_b69c_00aa00341d07@@3U__s_GUID@@BPEAUIConnectionPoint@@V?$_CopyInterface@UIConnectionPoint@@@ATL@@@ATL@@QEAAJPEAPEAUIConnectionPoint@@0PEAUIUnknown@@W4CComEnumFlags@2@@Z 0000000180009924 f i ElectronicValueRW.obj
 0001:00008a44       ?Init@?$CComEnumImpl@UIEnumConnections@@$1?_GUID_b196b287_bab4_101a_b69c_00aa00341d07@@3U__s_GUID@@BUtagCONNECTDATA@@V?$_Copy@UtagCONNECTDATA@@@ATL@@@ATL@@QEAAJPEAUtagCONNECTDATA@@0PEAUIUnknown@@W4CComEnumFlags@2@@Z 0000000180009a44 f i ElectronicValueRW.obj
 0001:00008b68       ?IsEqualObject@?$CComPtrBase@UITypeInfo@@@ATL@@QEAA_NPEAUIUnknown@@@Z 0000000180009b68 f i ElectronicValueRW.obj
 0001:00008b68       ?IsEqualObject@?$CComPtrBase@UIOleClientSite@@@ATL@@QEAA_NPEAUIUnknown@@@Z 0000000180009b68 f i ElectronicValueRW.obj
 0001:00008bf4       ?LoadNameCache@CComTypeInfoHolder@ATL@@QEAAJPEAUITypeInfo@@@Z 0000000180009bf4 f i ElectronicValueRW.obj
 0001:00008d78       ?Lookup@?$CSimpleMap@PEA_WPEA_WVCExpansionVectorEqualHelper@ATL@@@ATL@@QEBAPEA_WAEBQEA_W@Z 0000000180009d78 f i ElectronicValueRW.obj
 0001:00008e04       ?NextToken@CRegParser@ATL@@IEAAJPEA_W@Z 0000000180009e04 f i ElectronicValueRW.obj
 0001:00008fbc       ?OnKillFocus@CComControlBase@ATL@@QEAA_JI_K_JAEAH@Z 0000000180009fbc f i ElectronicValueRW.obj
 0001:00009058       ?OnMouseActivate@CComControlBase@ATL@@QEAA_JI_K_JAEAH@Z 000000018000a058 f i ElectronicValueRW.obj
 0001:000090f8       ?OnPaint@CComControlBase@ATL@@QEAA_JI_K_JAEAH@Z 000000018000a0f8 f i ElectronicValueRW.obj
 0001:000091e4       ?OnSetFocus@CComControlBase@ATL@@QEAA_JI_K_JAEAH@Z 000000018000a1e4 f i ElectronicValueRW.obj
 0001:000092e0       ?Open@CRegKey@ATL@@QEAAJPEAUHKEY__@@PEB_WK@Z 000000018000a2e0 f i ElectronicValueRW.obj
 0001:0000936c       ?PreProcessBuffer@CRegParser@ATL@@QEAAJPEA_WPEAPEA_W@Z 000000018000a36c f i ElectronicValueRW.obj
 0001:000096f0       ?ProcessWindowMessage@?$CComControl@VCOPOSElectronicValueRW@@V?$CWindowImpl@VCOPOSElectronicValueRW@@VCWindow@ATL@@V?$CWinTraits@$0FGAAAAAA@$0A@@3@@ATL@@@ATL@@UEAAHPEAUHWND__@@I_K_JAEA_JK@Z 000000018000a6f0 f i ElectronicValueRW.obj
 0001:000097d4       ?PutProperty@?$CComPtr@UIDispatch@@@ATL@@SAJPEAUIDispatch@@JPEAUtagVARIANT@@@Z 000000018000a7d4 f i ElectronicValueRW.obj
 0001:000098d8       ?ReadFromStream@CComBSTR@ATL@@QEAAJPEAUIStream@@@Z 000000018000a8d8 f i ElectronicValueRW.obj
 0001:00009a34       ?ReadFromStream@CComVariant@ATL@@QEAAJPEAUIStream@@GTClassesAllowedInStream@2@K@Z 000000018000aa34 f i ElectronicValueRW.obj
 0001:00009c44       ?RecurseDeleteKey@CRegKey@ATL@@QEAAJPEB_W@Z 000000018000ac44 f i ElectronicValueRW.obj
 0001:00009d50       ?RegCreateKeyExW@CAtlTransactionManager@ATL@@QEAAJPEAUHKEY__@@PEB_WKPEA_WKKQEAU_SECURITY_ATTRIBUTES@@PEAPEAU3@PEAK@Z 000000018000ad50 f i ElectronicValueRW.obj
 0001:00009e84       ?RegDeleteKeyW@CAtlTransactionManager@ATL@@QEAAJPEAUHKEY__@@PEB_W@Z 000000018000ae84 f i ElectronicValueRW.obj
 0001:00009f10       ?RegOpenKeyExW@CAtlTransactionManager@ATL@@QEAAJPEAUHKEY__@@PEB_WKKPEAPEAU3@@Z 000000018000af10 f i ElectronicValueRW.obj
 0001:00009fc8       ?RegisterBuffer@CRegParser@ATL@@QEAAJPEA_WH@Z 000000018000afc8 f i ElectronicValueRW.obj
 0001:0000a130       ?RegisterFromResource@CRegObject@ATL@@IEAAJPEB_W00H@Z 000000018000b130 f i ElectronicValueRW.obj
 0001:0000a2ec       ?RegisterServer@CComModule@ATL@@QEAAJHPEBU_GUID@@@Z 000000018000b2ec f i ElectronicValueRW.obj
 0001:0000a3ac       ?RegisterSubkeys@CRegParser@ATL@@IEAAJPEA_WPEAUHKEY__@@HH@Z 000000018000b3ac f i ElectronicValueRW.obj
 0001:0000aaa8       ?SendOnDataChange@CComControlBase@ATL@@QEAAJK@Z 000000018000baa8 f i ElectronicValueRW.obj
 0001:0000ab18       ?SetControlFocus@CComControlBase@ATL@@QEAAHH@Z 000000018000bb18 f i ElectronicValueRW.obj
 0001:0000abf4       ?SkipAssignment@CRegParser@ATL@@IEAAJPEA_W@Z 000000018000bbf4 f i ElectronicValueRW.obj
 0001:0000ac98       ?Term@CComModule@ATL@@QEAAXXZ 000000018000bc98 f i ElectronicValueRW.obj
 0001:0000ad44       ?UnregisterServer@CComModule@ATL@@QEAAJHPEBU_GUID@@@Z 000000018000bd44 f i ElectronicValueRW.obj
 0001:0000adf4       ?UpdateRegistryFromResource@CAtlModule@ATL@@QEAAJIHPEAU_ATL_REGMAP_ENTRY@2@@Z 000000018000bdf4 f i ElectronicValueRW.obj
 0001:0000b12c       ?UpdateRegistryFromResource@CAtlModule@ATL@@QEAAJPEB_WHPEAU_ATL_REGMAP_ENTRY@2@@Z 000000018000c12c f i ElectronicValueRW.obj
 0001:0000b484       ?VTFromRegType@CRegParser@ATL@@KAHPEB_WAEAG@Z 000000018000c484 f i ElectronicValueRW.obj
 0001:0000b520       ?WindowProc@?$CWindowImplBaseT@VCWindow@ATL@@V?$CWinTraits@$0FGAAAAAA@$0A@@2@@ATL@@SA_JPEAUHWND__@@I_K_J@Z 000000018000c520 f i ElectronicValueRW.obj
 0001:0000b68c       ?WriteToStream@CComBSTR@ATL@@QEAAJPEAUIStream@@@Z 000000018000c68c f i ElectronicValueRW.obj
 0001:0000b70c       ?WriteToStream@CComVariant@ATL@@QEAAJPEAUIStream@@@Z 000000018000c70c f i ElectronicValueRW.obj
 0001:0000b920       ?WriteToStream@CComVariant@ATL@@QEAAJPEAUIStream@@G@Z 000000018000c920 f i ElectronicValueRW.obj
 0001:0000b9b8       ?_AtlVerifyStackAvailable@_ATL_SAFE_ALLOCA_IMPL@ATL@@YA_N_K@Z 000000018000c9b8 f i ElectronicValueRW.obj
 0001:0000ba3c       ?atlCreate@?$CWindowImpl@VCOPOSElectronicValueRW@@VCWindow@ATL@@V?$CWinTraits@$0FGAAAAAA@$0A@@3@@ATL@@QEAAPEAUHWND__@@PEAU3@V_U_RECT@2@PEB_WKKV_U_MENUorID@2@PEAX@Z 000000018000ca3c f i ElectronicValueRW.obj
 0001:0000baec       ?atlCreate@?$CWindowImplBaseT@VCWindow@ATL@@V?$CWinTraits@$0FGAAAAAA@$0A@@2@@ATL@@QEAAPEAUHWND__@@PEAU3@V_U_RECT@2@PEB_WKKV_U_MENUorID@2@GPEAX@Z 000000018000caec f i ElectronicValueRW.obj
 0001:0000bc5c       ?atlCreate@CRegKey@ATL@@QEAAJPEAUHKEY__@@PEB_WPEA_WKKPEAU_SECURITY_ATTRIBUTES@@PEAK@Z 000000018000cc5c f i ElectronicValueRW.obj
 0001:0000bd48       DllCanUnloadNow            000000018000cd48 f   ElectronicValueRW.obj
 0001:0000bd54       DllGetClassObject          000000018000cd54 f   ElectronicValueRW.obj
 0001:0000bd6c       DllMain                    000000018000cd6c f   ElectronicValueRW.obj
 0001:0000be14       DllRegisterServer          000000018000ce14 f   ElectronicValueRW.obj
 0001:0000be28       DllUnregisterServer        000000018000ce28 f   ElectronicValueRW.obj
 0001:0000be3c       __local_stdio_printf_options 000000018000ce3c f i ElectronicValueRW.obj
 0001:0000becc       swprintf_s                 000000018000cecc f i ElectronicValueRW.obj
 0001:0000bf20       ??0COPOSElectronicValueRW@@QEAA@XZ 000000018000cf20 f   ElectronicValueRWImpl.obj
 0001:0000bff4       ??1?$IConnectionPointImpl@VCOPOSElectronicValueRW@@$1?IID_IPropertyNotifySink@@3U_GUID@@BVCComDynamicUnkArray@ATL@@@ATL@@QEAA@XZ 000000018000cff4 f i ElectronicValueRWImpl.obj
 0001:0000bff4       ??1?$IConnectionPointImpl@VCOPOSElectronicValueRW@@$1?DIID__IOPOSElectronicValueRWEvents@@3U_GUID@@BVCComDynamicUnkArray@ATL@@@ATL@@QEAA@XZ 000000018000cff4 f i ElectronicValueRWImpl.obj
 0001:0000c050       ??1CComControlBase@ATL@@UEAA@XZ 000000018000d050 f i ElectronicValueRWImpl.obj
 0001:0000c0cc       ??1COPOSElectronicValueRW@@UEAA@XZ 000000018000d0cc f   ElectronicValueRWImpl.obj
 0001:0000c130       ?AccessDailyLog@COPOSElectronicValueRW@@UEAAJJJJPEAJ@Z 000000018000d130 f   ElectronicValueRWImpl.obj
 0001:0000c218       ?AccessData@COPOSElectronicValueRW@@UEAAJJPEAJPEAPEA_W0@Z 000000018000d218 f   ElectronicValueRWImpl.obj
 0001:0000c314       ?AccessLog@COPOSElectronicValueRW@@UEAAJJJJPEAJ@Z 000000018000d314 f   ElectronicValueRWImpl.obj
 0001:0000c3fc       ?ActivateEVService@COPOSElectronicValueRW@@UEAAJPEAJPEAPEA_W0@Z 000000018000d3fc f   ElectronicValueRWImpl.obj
 0001:0000c4d8       ?ActivateService@COPOSElectronicValueRW@@UEAAJPEAJPEAPEA_W0@Z 000000018000d4d8 f   ElectronicValueRWImpl.obj
 0001:0000c5b4       ?AddValue@COPOSElectronicValueRW@@UEAAJJJPEAJ@Z 000000018000d5b4 f   ElectronicValueRWImpl.obj
 0001:0000c680       ?AuthorizeCompletion@COPOSElectronicValueRW@@UEAAJJTtagCY@@0JPEAJ@Z 000000018000d680 f   ElectronicValueRWImpl.obj
 0001:0000c780       ?AuthorizePreSales@COPOSElectronicValueRW@@UEAAJJTtagCY@@0JPEAJ@Z 000000018000d780 f   ElectronicValueRWImpl.obj
 0001:0000c880       ?AuthorizeRefund@COPOSElectronicValueRW@@UEAAJJTtagCY@@0JPEAJ@Z 000000018000d880 f   ElectronicValueRWImpl.obj
 0001:0000c980       ?AuthorizeSales@COPOSElectronicValueRW@@UEAAJJTtagCY@@0JPEAJ@Z 000000018000d980 f   ElectronicValueRWImpl.obj
 0001:0000ca80       ?AuthorizeVoid@COPOSElectronicValueRW@@UEAAJJTtagCY@@0JPEAJ@Z 000000018000da80 f   ElectronicValueRWImpl.obj
 0001:0000cb80       ?AuthorizeVoidPreSales@COPOSElectronicValueRW@@UEAAJJTtagCY@@0JPEAJ@Z 000000018000db80 f   ElectronicValueRWImpl.obj
 0001:0000cc80       ?BeginDetection@COPOSElectronicValueRW@@UEAAJJJPEAJ@Z 000000018000dc80 f   ElectronicValueRWImpl.obj
 0001:0000cd4c       ?BeginRemoval@COPOSElectronicValueRW@@UEAAJJPEAJ@Z 000000018000dd4c f   ElectronicValueRWImpl.obj
 0001:0000cdc8       ?CancelValue@COPOSElectronicValueRW@@UEAAJJJPEAJ@Z 000000018000ddc8 f   ElectronicValueRWImpl.obj
 0001:0000ce94       ?CaptureCard@COPOSElectronicValueRW@@UEAAJPEAJ@Z 000000018000de94 f   ElectronicValueRWImpl.obj
 0001:0000cebc       ?CashDeposit@COPOSElectronicValueRW@@UEAAJJTtagCY@@JPEAJ@Z 000000018000debc f   ElectronicValueRWImpl.obj
 0001:0000cfa8       ?CheckCard@COPOSElectronicValueRW@@UEAAJJJPEAJ@Z 000000018000dfa8 f   ElectronicValueRWImpl.obj
 0001:0000d074       ?CheckHealth@COPOSElectronicValueRW@@UEAAJJPEAJ@Z 000000018000e074 f   ElectronicValueRWImpl.obj
 0001:0000d0f0       ?CheckServiceRegistrationToMedium@COPOSElectronicValueRW@@UEAAJJJPEAJ@Z 000000018000e0f0 f   ElectronicValueRWImpl.obj
 0001:0000d1bc       ?ClaimDevice@COPOSElectronicValueRW@@UEAAJJPEAJ@Z 000000018000e1bc f   ElectronicValueRWImpl.obj
 0001:0000d25c       ?ClearInput@COPOSElectronicValueRW@@UEAAJPEAJ@Z 000000018000e25c f   ElectronicValueRWImpl.obj
 0001:0000d284       ?ClearInputProperties@COPOSElectronicValueRW@@UEAAJPEAJ@Z 000000018000e284 f   ElectronicValueRWImpl.obj
 0001:0000d2ac       ?ClearOutput@COPOSElectronicValueRW@@UEAAJPEAJ@Z 000000018000e2ac f   ElectronicValueRWImpl.obj
 0001:0000d2d4       ?ClearParameterInformation@COPOSElectronicValueRW@@UEAAJPEAJ@Z 000000018000e2d4 f   ElectronicValueRWImpl.obj
 0001:0000d2fc       ?Close@COPOSElectronicValueRW@@UEAAJPEAJ@Z 000000018000e2fc f   ElectronicValueRWImpl.obj
 0001:0000d3b4       ?CloseDailyEVService@COPOSElectronicValueRW@@UEAAJPEAJPEAPEA_W0@Z 000000018000e3b4 f   ElectronicValueRWImpl.obj
 0001:0000d490       ?CompareFirmwareVersion@COPOSElectronicValueRW@@UEAAJPEA_WPEAJ1@Z 000000018000e490 f   ElectronicValueRWImpl.obj
 0001:0000d56c       ?DeactivateEVService@COPOSElectronicValueRW@@UEAAJPEAJPEAPEA_W0@Z 000000018000e56c f   ElectronicValueRWImpl.obj
 0001:0000d648       ?DirectIO@COPOSElectronicValueRW@@UEAAJJPEAJPEAPEA_W0@Z 000000018000e648 f   ElectronicValueRWImpl.obj
 0001:0000d744       ?DoInvoke@COPOSElectronicValueRW@@IEAAJJPEAVOposVariant@@IHPEAJ_N@Z 000000018000e744 f   ElectronicValueRWImpl.obj
 0001:0000d878       ?EndDetection@COPOSElectronicValueRW@@UEAAJPEAJ@Z 000000018000e878 f   ElectronicValueRWImpl.obj
 0001:0000d8a0       ?EndRemoval@COPOSElectronicValueRW@@UEAAJPEAJ@Z 000000018000e8a0 f   ElectronicValueRWImpl.obj
 0001:0000d8c8       ?EnumerateCardServices@COPOSElectronicValueRW@@UEAAJPEAJ@Z 000000018000e8c8 f   ElectronicValueRWImpl.obj
 0001:0000d8f0       ?EventInit@COPOSElectronicValueRW@@IEAAJXZ 000000018000e8f0 f i ElectronicValueRWImpl.obj
 0001:0000da38       ?EventUninit@COPOSElectronicValueRW@@IEAAXXZ 000000018000ea38 f i ElectronicValueRWImpl.obj
 0001:0000da9c       ?EventWindowProc@COPOSElectronicValueRW@@IEAA_JI_K_J@Z 000000018000ea9c f i ElectronicValueRWImpl.obj
 0001:0000dce0       ?FinalConstruct@COPOSElectronicValueRW@@QEAAJXZ 000000018000ece0 f   ElectronicValueRWImpl.obj
 0001:0000dd1c       ?FreezeEvents@COPOSElectronicValueRW@@MEAAJH@Z 000000018000ed1c f   ElectronicValueRWImpl.obj
 0001:0000dd90       ?GetOposProp@COPOSElectronicValueRW@@IEAAJJPEAJJ@Z 000000018000ed90 f   ElectronicValueRWImpl.obj
 0001:0000deac       ?GetOposProp@COPOSElectronicValueRW@@IEAAJJPEAPEA_WJ@Z 000000018000eeac f   ElectronicValueRWImpl.obj
 0001:0000dfd8       ?LockTerminal@COPOSElectronicValueRW@@UEAAJPEAJ@Z 000000018000efd8 f   ElectronicValueRWImpl.obj
 0001:0000e000       ?OnDraw@COPOSElectronicValueRW@@MEAAJAEAUATL_DRAWINFO@@@Z 000000018000f000 f   ElectronicValueRWImpl.obj
 0001:0000e0ec       ?Open@COPOSElectronicValueRW@@UEAAJPEA_WPEAJ@Z 000000018000f0ec f   ElectronicValueRWImpl.obj
 0001:0000e990       ?OpenDailyEVService@COPOSElectronicValueRW@@UEAAJPEAJPEAPEA_W0@Z 000000018000f990 f   ElectronicValueRWImpl.obj
 0001:0000ea6c       ?QueryLastSuccessfulTransactionResult@COPOSElectronicValueRW@@UEAAJPEAJ@Z 000000018000fa6c f   ElectronicValueRWImpl.obj
 0001:0000ea94       ?ReadValue@COPOSElectronicValueRW@@UEAAJJJPEAJ@Z 000000018000fa94 f   ElectronicValueRWImpl.obj
 0001:0000eb60       ?RegisterServiceToMedium@COPOSElectronicValueRW@@UEAAJJJPEAJ@Z 000000018000fb60 f   ElectronicValueRWImpl.obj
 0001:0000ec2c       ?ReleaseDevice@COPOSElectronicValueRW@@UEAAJPEAJ@Z 000000018000fc2c f   ElectronicValueRWImpl.obj
 0001:0000ec98       ?ResetStatistics@COPOSElectronicValueRW@@UEAAJPEA_WPEAJ@Z 000000018000fc98 f   ElectronicValueRWImpl.obj
 0001:0000ed20       ?RetrieveResultInformation@COPOSElectronicValueRW@@UEAAJPEA_WPEAPEA_WPEAJ@Z 000000018000fd20 f   ElectronicValueRWImpl.obj
 0001:0000edfc       ?RetrieveStatistics@COPOSElectronicValueRW@@UEAAJPEAPEA_WPEAJ@Z 000000018000fdfc f   ElectronicValueRWImpl.obj
 0001:0000ee84       ?SOProcessID@COPOSElectronicValueRW@@UEAAJPEAJ@Z 000000018000fe84 f   ElectronicValueRWImpl.obj
 0001:0000eea0       ?SetCOFreezeEvents@COPOSElectronicValueRW@@IEAAXF@Z 000000018000fea0 f   ElectronicValueRWImpl.obj
 0001:0000ef84       ?SetOposProp@COPOSElectronicValueRW@@IEAAJJJJ@Z 000000018000ff84 f   ElectronicValueRWImpl.obj
 0001:0000f0e4       ?SetOposProp@COPOSElectronicValueRW@@IEAAJJPEA_WJ@Z 00000001800100e4 f   ElectronicValueRWImpl.obj
 0001:0000f23c       ?SetParameterInformation@COPOSElectronicValueRW@@UEAAJPEA_W0PEAJ@Z 000000018001023c f   ElectronicValueRWImpl.obj
 0001:0000f318       ?SubtractValue@COPOSElectronicValueRW@@UEAAJJJPEAJ@Z 0000000180010318 f   ElectronicValueRWImpl.obj
 0001:0000f3e4       ?TransactionAccess@COPOSElectronicValueRW@@UEAAJJPEAJ@Z 00000001800103e4 f   ElectronicValueRWImpl.obj
 0001:0000f460       ?UnlockTerminal@COPOSElectronicValueRW@@UEAAJPEAJ@Z 0000000180010460 f   ElectronicValueRWImpl.obj
 0001:0000f488       ?UnregisterServiceToMedium@COPOSElectronicValueRW@@UEAAJJJPEAJ@Z 0000000180010488 f   ElectronicValueRWImpl.obj
 0001:0000f554       ?UpdateData@COPOSElectronicValueRW@@UEAAJJPEAJPEAPEA_W0@Z 0000000180010554 f   ElectronicValueRWImpl.obj
 0001:0000f650       ?UpdateFirmware@COPOSElectronicValueRW@@UEAAJPEA_WPEAJ@Z 0000000180010650 f   ElectronicValueRWImpl.obj
 0001:0000f6d8       ?UpdateKey@COPOSElectronicValueRW@@UEAAJPEAJPEAPEA_W0@Z 00000001800106d8 f   ElectronicValueRWImpl.obj
 0001:0000f7b4       ?UpdateStatistics@COPOSElectronicValueRW@@UEAAJPEA_WPEAJ@Z 00000001800107b4 f   ElectronicValueRWImpl.obj
 0001:0000f83c       ?WriteValue@COPOSElectronicValueRW@@UEAAJJJPEAJ@Z 000000018001083c f   ElectronicValueRWImpl.obj
 0001:0000f908       ?get_AccountNumber@COPOSElectronicValueRW@@UEAAJPEAPEA_W@Z 0000000180010908 f   ElectronicValueRWImpl.obj
 0001:0000f91c       ?get_AdditionalSecurityInformation@COPOSElectronicValueRW@@UEAAJPEAPEA_W@Z 000000018001091c f   ElectronicValueRWImpl.obj
 0001:0000f930       ?get_Amount@COPOSElectronicValueRW@@UEAAJPEATtagCY@@@Z 0000000180010930 f   ElectronicValueRWImpl.obj
 0001:0000fa00       ?get_ApprovalCode@COPOSElectronicValueRW@@UEAAJPEAPEA_W@Z 0000000180010a00 f   ElectronicValueRWImpl.obj
 0001:0000fa14       ?get_AsyncMode@COPOSElectronicValueRW@@UEAAJPEAF@Z 0000000180010a14 f   ElectronicValueRWImpl.obj
 0001:0000fa48       ?get_AutoDisable@COPOSElectronicValueRW@@UEAAJPEAF@Z 0000000180010a48 f   ElectronicValueRWImpl.obj
 0001:0000fa7c       ?get_Balance@COPOSElectronicValueRW@@UEAAJPEATtagCY@@@Z 0000000180010a7c f   ElectronicValueRWImpl.obj
 0001:0000fb4c       ?get_BalanceOfPoint@COPOSElectronicValueRW@@UEAAJPEATtagCY@@@Z 0000000180010b4c f   ElectronicValueRWImpl.obj
 0001:0000fc1c       ?get_BinaryConversion@COPOSElectronicValueRW@@UEAAJPEAJ@Z 0000000180010c1c f   ElectronicValueRWImpl.obj
 0001:0000fc30       ?get_CapActivateService@COPOSElectronicValueRW@@UEAAJPEAF@Z 0000000180010c30 f   ElectronicValueRWImpl.obj
 0001:0000fc64       ?get_CapAddValue@COPOSElectronicValueRW@@UEAAJPEAF@Z 0000000180010c64 f   ElectronicValueRWImpl.obj
 0001:0000fc98       ?get_CapAdditionalSecurityInformation@COPOSElectronicValueRW@@UEAAJPEAF@Z 0000000180010c98 f   ElectronicValueRWImpl.obj
 0001:0000fccc       ?get_CapAuthorizeCompletion@COPOSElectronicValueRW@@UEAAJPEAF@Z 0000000180010ccc f   ElectronicValueRWImpl.obj
 0001:0000fd00       ?get_CapAuthorizePreSales@COPOSElectronicValueRW@@UEAAJPEAF@Z 0000000180010d00 f   ElectronicValueRWImpl.obj
 0001:0000fd34       ?get_CapAuthorizeRefund@COPOSElectronicValueRW@@UEAAJPEAF@Z 0000000180010d34 f   ElectronicValueRWImpl.obj
 0001:0000fd68       ?get_CapAuthorizeVoid@COPOSElectronicValueRW@@UEAAJPEAF@Z 0000000180010d68 f   ElectronicValueRWImpl.obj
 0001:0000fd9c       ?get_CapAuthorizeVoidPreSales@COPOSElectronicValueRW@@UEAAJPEAF@Z 0000000180010d9c f   ElectronicValueRWImpl.obj
 0001:0000fdd0       ?get_CapCancelValue@COPOSElectronicValueRW@@UEAAJPEAF@Z 0000000180010dd0 f   ElectronicValueRWImpl.obj
 0001:0000fe04       ?get_CapCardSensor@COPOSElectronicValueRW@@UEAAJPEAJ@Z 0000000180010e04 f   ElectronicValueRWImpl.obj
 0001:0000fe18       ?get_CapCashDeposit@COPOSElectronicValueRW@@UEAAJPEAF@Z 0000000180010e18 f   ElectronicValueRWImpl.obj
 0001:0000fe4c       ?get_CapCenterResultCode@COPOSElectronicValueRW@@UEAAJPEAF@Z 0000000180010e4c f   ElectronicValueRWImpl.obj
 0001:0000fe80       ?get_CapCheckCard@COPOSElectronicValueRW@@UEAAJPEAF@Z 0000000180010e80 f   ElectronicValueRWImpl.obj
 0001:0000feb4       ?get_CapCompareFirmwareVersion@COPOSElectronicValueRW@@UEAAJPEAF@Z 0000000180010eb4 f   ElectronicValueRWImpl.obj
 0001:0000fee8       ?get_CapDailyLog@COPOSElectronicValueRW@@UEAAJPEAJ@Z 0000000180010ee8 f   ElectronicValueRWImpl.obj
 0001:0000fefc       ?get_CapDetectionControl@COPOSElectronicValueRW@@UEAAJPEAJ@Z 0000000180010efc f   ElectronicValueRWImpl.obj
 0001:0000ff10       ?get_CapElectronicMoney@COPOSElectronicValueRW@@UEAAJPEAF@Z 0000000180010f10 f   ElectronicValueRWImpl.obj
 0001:0000ff44       ?get_CapEnumerateCardServices@COPOSElectronicValueRW@@UEAAJPEAF@Z 0000000180010f44 f   ElectronicValueRWImpl.obj
 0001:0000ff78       ?get_CapIndirectTransactionLog@COPOSElectronicValueRW@@UEAAJPEAF@Z 0000000180010f78 f   ElectronicValueRWImpl.obj
 0001:0000ffac       ?get_CapInstallments@COPOSElectronicValueRW@@UEAAJPEAF@Z 0000000180010fac f   ElectronicValueRWImpl.obj
[...]
 0004:00001ac4       $pdata$??$?RV<lambda_fb3a7dec4e47f37f22dae91bb15c9095>@@AEAV<lambda_698284760c8add0bfb0756c19673e34b>@@V<lambda_dfb8eca1e75fef3034a8fb18dd509707>@@@?$__crt_seh_guarded_call@X@@QEAAX$$QEAV<lambda_fb3a7dec4e47f37f22dae91bb15c9095>@@AEAV<lambda_698284760c8add0bfb0756c19673e34b>@@$$QEAV<lambda_dfb8eca1e75fef3034a8fb18dd509707>@@@Z 0000000180037ac4     libucrt:per_thread_data.obj
 0004:00001ad0       $pdata$_calloc_base        0000000180037ad0     libucrt:calloc_base.obj
 0004:00001adc       $pdata$_malloc_base        0000000180037adc     libucrt:malloc_base.obj
 0004:00001ae8       $pdata$_msize              0000000180037ae8     libucrt:msize.obj
 0004:00001af4       $pdata$_realloc_base       0000000180037af4     libucrt:realloc_base.obj
 0004:00001b00       $pdata$__acrt_FlsAlloc     0000000180037b00     libucrt:winapi_thunks.obj
 0004:00001b0c       $pdata$__acrt_FlsFree      0000000180037b0c     libucrt:winapi_thunks.obj
 0004:00001b18       $pdata$__acrt_FlsGetValue  0000000180037b18     libucrt:winapi_thunks.obj
 0004:00001b24       $pdata$__acrt_FlsSetValue  0000000180037b24     libucrt:winapi_thunks.obj
 0004:00001b30       $pdata$__acrt_initialize_winapi_thunks 0000000180037b30     libucrt:winapi_thunks.obj
 0004:00001b3c       $pdata$__acrt_uninitialize_winapi_thunks 0000000180037b3c     libucrt:winapi_thunks.obj
 0004:00001b48       $pdata$__acrt_InitializeCriticalSectionEx 0000000180037b48     libucrt:winapi_thunks.obj
 0004:00001b54       $pdata$__acrt_LCMapStringEx 0000000180037b54     libucrt:winapi_thunks.obj
 0004:00001b60       $pdata$__acrt_LocaleNameToLCID 0000000180037b60     libucrt:winapi_thunks.obj
 0004:00001b6c       $pdata$__acrt_SetThreadStackGuarantee 0000000180037b6c     libucrt:winapi_thunks.obj
 0004:00001b78       $pdata$__acrt_is_packaged_app 0000000180037b78     libucrt:winapi_thunks.obj
 0004:00001b84       $pdata$?try_get_function@@YAPEAXW4function_id@?A0x63058377@@QEBDQEBW4module_id@2@2@Z 0000000180037b84     libucrt:winapi_thunks.obj
 0004:00001b90       $pdata$isdigit             0000000180037b90     libucrt:_ctype.obj
 0004:00001b9c       $pdata$tolower             0000000180037b9c     libucrt:tolower_toupper.obj
 0004:00001ba8       $pdata$_tolower_l          0000000180037ba8     libucrt:tolower_toupper.obj
 0004:00001bb4       $pdata$?internal_isupper_l@@YA_NHQEAU__crt_locale_pointers@@@Z 0000000180037bb4     libucrt:tolower_toupper.obj
 0004:00001bc0       $pdata$wcstol              0000000180037bc0     libucrt:strtox.obj
 0004:00001bcc       $pdata$_mbtowc_l           0000000180037bcc     libucrt:mbtowc.obj
 0004:00001bd8       $pdata$wcsnlen             0000000180037bd8     libucrt:strnlen.obj
 0004:00001be4       $pdata$__acrt_update_locale_info 0000000180037be4     libucrt:locale_update.obj
 0004:00001bf0       $pdata$__acrt_update_multibyte_info 0000000180037bf0     libucrt:locale_update.obj
 0004:00001bfc       $pdata$__acrt_fp_format    0000000180037bfc     libucrt:cvt.obj
 0004:00001c08       $pdata$?fp_format_nan_or_infinity@@YAHW4__acrt_fp_class@@_NPEAD_K1@Z 0000000180037c08     libucrt:cvt.obj
 0004:00001c14       $pdata$?fp_format_e_internal@@YAHQEAD_KH_NIQEAU_strflt@@2QEAU__crt_locale_pointers@@@Z 0000000180037c14     libucrt:cvt.obj
 0004:00001c20       $pdata$?fp_format_e@@YAHQEBNQEAD_K12H_NIQEAU__crt_locale_pointers@@@Z 0000000180037c20     libucrt:cvt.obj
 0004:00001c2c       $pdata$?fp_format_a@@YAHQEBNPEAD_KQEAD2H_NIQEAU__crt_locale_pointers@@@Z 0000000180037c2c     libucrt:cvt.obj
 0004:00001c38       $pdata$?fp_format_f_internal@@YAHQEAD_KHQEAU_strflt@@_NQEAU__crt_locale_pointers@@@Z 0000000180037c38     libucrt:cvt.obj
 0004:00001c44       $pdata$?fp_format_g@@YAHQEBNQEAD_K12H_NIQEAU__crt_locale_pointers@@@Z 0000000180037c44     libucrt:cvt.obj
 0004:00001c50       $pdata$_fileno             0000000180037c50     libucrt:fileno.obj
 0004:00001c5c       $pdata$__acrt_initialize_stdio 0000000180037c5c     libucrt:_file.obj
 0004:00001c68       $pdata$__acrt_uninitialize_stdio 0000000180037c68     libucrt:_file.obj
 0004:00001c74       $pdata$__acrt_uninitialize_locale 0000000180037c74     libucrt:wsetlocale.obj
 0004:00001c80       $pdata$__acrt_update_thread_locale_data$fin$0 0000000180037c80     libucrt:locale_refcounting.obj
 0004:00001c80       $pdata$__acrt_uninitialize_locale$fin$0 0000000180037c80     libucrt:wsetlocale.obj
 0004:00001c8c       $pdata$__acrt_initialize_lowio 0000000180037c8c     libucrt:ioinit.obj
 0004:00001c98       $pdata$__acrt_initialize_lowio$fin$0 0000000180037c98     libucrt:ioinit.obj
 0004:00001c98       $pdata$__acrt_lowio_ensure_fh_exists$fin$0 0000000180037c98     libucrt:osfinfo.obj
 0004:00001ca4       $pdata$__acrt_uninitialize_lowio 0000000180037ca4     libucrt:ioinit.obj
 0004:00001cb0       $pdata$?initialize_inherited_file_handles_nolock@@YAXXZ 0000000180037cb0     libucrt:ioinit.obj
 0004:00001cbc       $pdata$?initialize_stdio_handles_nolock@@YAXXZ 0000000180037cbc     libucrt:ioinit.obj
 0004:00001cc8       $pdata$__acrt_initialize_locks 0000000180037cc8     libucrt:locks.obj
 0004:00001cd4       $pdata$__acrt_uninitialize_locks 0000000180037cd4     libucrt:locks.obj
 0004:00001ce0       $pdata$??$common_expand_argv_wildcards@D@@YAHQEAPEADQEAPEAPEAD@Z 0000000180037ce0     libucrt:argv_wildcards.obj
 0004:00001cec       $pdata$?expand_if_necessary@?$argument_list@D@?A0xca0879c4@@AEAAHXZ 0000000180037cec     libucrt:argv_wildcards.obj
 0004:00001cf8       $pdata$??$copy_and_add_argument_to_buffer@D@@YAHQEBD0_KAEAV?$argument_list@D@?A0xca0879c4@@@Z 0000000180037cf8     libucrt:argv_wildcards.obj
 0004:00001d04       $pdata$??$expand_argument_wildcards@D@@YAHQEAD0AEAV?$argument_list@D@?A0xca0879c4@@@Z 0000000180037d04     libucrt:argv_wildcards.obj
 0004:00001d10       $pdata$__acrt_update_thread_multibyte_data 0000000180037d10     libucrt:mbctype.obj
 0004:00001d1c       $pdata$__acrt_update_thread_multibyte_data$fin$0 0000000180037d1c     libucrt:mbctype.obj
 0004:00001d28       $pdata$__acrt_initialize_multibyte 0000000180037d28     libucrt:mbctype.obj
 0004:00001d34       $pdata$_setmbcp_nolock     0000000180037d34     libucrt:mbctype.obj
 0004:00001d40       $pdata$?getSystemCP@@YAHH@Z 0000000180037d40     libucrt:mbctype.obj
 0004:00001d4c       $pdata$?setSBCS@@YAXPEAU__crt_multibyte_data@@@Z 0000000180037d4c     libucrt:mbctype.obj
 0004:00001d58       $pdata$?setSBUpLow@@YAXPEAU__crt_multibyte_data@@@Z 0000000180037d58     libucrt:mbctype.obj
 0004:00001d64       $pdata$?setmbcp_internal@@YAHH_N@Z 0000000180037d64     libucrt:mbctype.obj
 0004:00001d70       $pdata$??R<lambda_ad1ced32f4ac17aa236e5ef05d6b3b7c>@@QEBAXXZ 0000000180037d70     libucrt:mbctype.obj
 0004:00001d7c       $pdata$??$?RV<lambda_99476a1ad63dd22509b5d3e65b0ffc95>@@AEAV<lambda_ad1ced32f4ac17aa236e5ef05d6b3b7c>@@V<lambda_f7424dd8d45958661754dc4f2697e9c3>@@@?$__crt_seh_guarded_call@X@@QEAAX$$QEAV<lambda_99476a1ad63dd22509b5d3e65b0ffc95>@@AEAV<lambda_ad1ced32f4ac17aa236e5ef05d6b3b7c>@@$$QEAV<lambda_f7424dd8d45958661754dc4f2697e9c3>@@@Z 0000000180037d7c     libucrt:mbctype.obj
 0004:00001d88       $pdata$?x_ismbbtype_l@@YAHPEAU__crt_locale_pointers@@IHH@Z 0000000180037d88     libucrt:ismbbyte.obj
 0004:00001d94       $pdata$__acrt_initialize_command_line 0000000180037d94     libucrt:argv_data.obj
 0004:00001da0       $pdata$__dcrt_get_narrow_environment_from_os 0000000180037da0     libucrt:get_environment_from_os.obj
 0004:00001dac       $pdata$__acrt_initialize_heap 0000000180037dac     libucrt:heap_handle.obj
 0004:00001db8       $pdata$__acrt_execute_initializers 0000000180037db8     libucrt:shared_initialization.obj
 0004:00001dc4       $pdata$__acrt_execute_uninitializers 0000000180037dc4     libucrt:shared_initialization.obj
 0004:00001dd0       $pdata$__acrt_get_sigabrt_handler 0000000180037dd0     libucrt:signal.obj
 0004:00001ddc       $pdata$raise               0000000180037ddc     libucrt:signal.obj
 0004:00001de8       $pdata$raise$fin$0         0000000180037de8     libucrt:signal.obj
 0004:00001df4       $pdata$??$?RV<lambda_c36588078e9f5dfd39652860aa6b3aaf>@@AEAV<lambda_ec61778202f4f5fc7e7711acc23c3bca>@@V<lambda_dc9d2797ccde5d239b4a0efae8ebd7db>@@@?$__crt_seh_guarded_call@P6AXH@Z@@QEAAP6AXH@Z$$QEAV<lambda_c36588078e9f5dfd39652860aa6b3aaf>@@AEAV<lambda_ec61778202f4f5fc7e7711acc23c3bca>@@$$QEAV<lambda_dc9d2797ccde5d239b4a0efae8ebd7db>@@@Z 0000000180037df4     libucrt:signal.obj
 0004:00001e00       $pdata$__acrt_invoke_user_matherr 0000000180037e00     libucrt:matherr.obj
 0004:00001e0c       $pdata$__pctype_func       0000000180037e0c     libucrt:ctype.obj
 0004:00001e18       $pdata$iswctype            0000000180037e18     libucrt:iswctype.obj
 0004:00001e24       $pdata$_isctype_l          0000000180037e24     libucrt:isctype.obj
 0004:00001e30       $pdata$__acrt_release_locale_ref 0000000180037e30     libucrt:locale_refcounting.obj
 0004:00001e3c       $pdata$__acrt_free_locale  0000000180037e3c     libucrt:locale_refcounting.obj
 0004:00001e48       $pdata$__acrt_locale_free_lc_time_if_unreferenced 0000000180037e48     libucrt:locale_refcounting.obj
 0004:00001e54       $pdata$__acrt_update_thread_locale_data 0000000180037e54     libucrt:locale_refcounting.obj
 0004:00001e60       $pdata$_updatetlocinfoEx_nolock 0000000180037e60     libucrt:locale_refcounting.obj
 0004:00001e6c       $pdata$__acrt_DownlevelLocaleNameToLCID 0000000180037e6c     libucrt:lcidtoname_downlevel.obj
 0004:00001e78       $pdata$?GetTableIndexFromLocaleName@@YAHPEB_W@Z 0000000180037e78     libucrt:lcidtoname_downlevel.obj
 0004:00001e84       $pdata$_isleadbyte_l       0000000180037e84     libucrt:_wctype.obj
 0004:00001e90       $pdata$__acrt_LCMapStringA 0000000180037e90     libucrt:lcmapstringa.obj
 0004:00001e9c       $pdata$?__acrt_LCMapStringA_stat@@YAHPEAU__crt_locale_pointers@@PEB_WKPEBDHPEADHHH@Z 0000000180037e9c     libucrt:lcmapstringa.obj
 0004:00001ea8       $pdata$__acrt_fp_strflt_to_string 0000000180037ea8     libucrt:_fptostr.obj
 0004:00001eb4       $pdata$memcpy_s            0000000180037eb4     libucrt:cfout.obj
 0004:00001ec0       $pdata$__acrt_fltout       0000000180037ec0     libucrt:cfout.obj
 0004:00001ecc       $pdata$?divide@__crt_strtox@@YA_KAEAUbig_integer@1@AEBU21@@Z 0000000180037ecc     libucrt:cfout.obj
 0004:00001ed8       $pdata$5$?divide@__crt_strtox@@YA_KAEAUbig_integer@1@AEBU21@@Z 0000000180037ed8     libucrt:cfout.obj
 0004:00001ee4       $pdata$6$?divide@__crt_strtox@@YA_KAEAUbig_integer@1@AEBU21@@Z 0000000180037ee4     libucrt:cfout.obj
 0004:00001ef0       $pdata$_fcloseall          0000000180037ef0     libucrt:closeall.obj
 0004:00001efc       $pdata$_fcloseall$fin$0    0000000180037efc     libucrt:closeall.obj
 0004:00001f08       $pdata$_fflush_nolock      0000000180037f08     libucrt:fflush.obj
 0004:00001f14       $pdata$__acrt_stdio_flush_nolock 0000000180037f14     libucrt:fflush.obj
 0004:00001f20       $pdata$common_flush_all    0000000180037f20     libucrt:fflush.obj
 0004:00001f2c       $pdata$common_flush_all$fin$0 0000000180037f2c     libucrt:fflush.obj
 0004:00001f38       $pdata$common_flush_all$fin$1 0000000180037f38     libucrt:fflush.obj
 0004:00001f44       $pdata$__acrt_stdio_free_buffer_nolock 0000000180037f44     libucrt:_freebuf.obj
 0004:00001f50       $pdata$_isatty             0000000180037f50     libucrt:isatty.obj
 0004:00001f5c       $pdata$__acrt_locale_free_monetary 0000000180037f5c     libucrt:initmon.obj
 0004:00001f68       $pdata$__acrt_locale_free_numeric 0000000180037f68     libucrt:initnum.obj
 0004:00001f74       $pdata$__acrt_locale_free_time 0000000180037f74     libucrt:inittime.obj
 0004:00001f80       $pdata$?free_crt_array_internal@@YAXQEAPEBX_K@Z 0000000180037f80     libucrt:inittime.obj
 0004:00001f8c       $pdata$__acrt_GetStringTypeA 0000000180037f8c     libucrt:getstringtypea.obj
 0004:00001f98       $pdata$_get_osfhandle      0000000180037f98     libucrt:osfinfo.obj
 0004:00001fa4       $pdata$_free_osfhnd        0000000180037fa4     libucrt:osfinfo.obj
 0004:00001fb0       $pdata$__acrt_lowio_create_handle_array 0000000180037fb0     libucrt:osfinfo.obj
 0004:00001fbc       $pdata$__acrt_lowio_destroy_handle_array 0000000180037fbc     libucrt:osfinfo.obj
 0004:00001fc8       $pdata$__acrt_lowio_ensure_fh_exists 0000000180037fc8     libucrt:osfinfo.obj
 0004:00001fd4       $pdata$qsort               0000000180037fd4     libucrt:qsort.obj
 0004:00001fe0       $pdata$4$qsort             0000000180037fe0     libucrt:qsort.obj
 0004:00001fec       $pdata$5$qsort             0000000180037fec     libucrt:qsort.obj
 0004:00001ff8       $pdata$?shortsort@@YAXPEAD0_KP6AHPEBX2@Z@Z 0000000180037ff8     libucrt:qsort.obj
 0004:00002004       $pdata$2$?shortsort@@YAXPEAD0_KP6AHPEBX2@Z@Z 0000000180038004     libucrt:qsort.obj
 0004:00002010       $pdata$3$?shortsort@@YAXPEAD0_KP6AHPEBX2@Z@Z 0000000180038010     libucrt:qsort.obj
 0004:0000201c       $pdata$strncpy_s           000000018003801c     libucrt:strncpy_s.obj
 0004:00002028       $pdata$strpbrk             0000000180038028     libucrt:strpbrk.obj
 0004:00002034       $pdata$_mbsdec_l           0000000180038034     libucrt:mbsdec.obj
 0004:00002040       $pdata$?initialize_multibyte@@YAHXZ 0000000180038040     libucrt:multibyte_initializer.obj
 0004:0000204c       $pdata$fegetenv            000000018003804c     libucrt:fegetenv.obj
 0004:00002058       $pdata$fesetenv            0000000180038058     libucrt:fesetenv.obj
 0004:00002064       $pdata$feholdexcept        0000000180038064     libucrt:feholdexcept.obj
 0004:0000207c       $pdata$_write              000000018003807c     libucrt:write.obj
 0004:00002088       $pdata$_write$fin$0        0000000180038088     libucrt:write.obj
 0004:00002094       $pdata$_write_nolock       0000000180038094     libucrt:write.obj
 0004:000020a0       $pdata$?write_double_translated_ansi_nolock@@YA?AUwrite_result@?A0x9c548279@@HQEBDI@Z 00000001800380a0     libucrt:write.obj
 0004:000020ac       $pdata$?write_text_ansi_nolock@@YA?AUwrite_result@?A0x9c548279@@HQEBDI@Z 00000001800380ac     libucrt:write.obj
 0004:000020b8       $pdata$?write_text_utf16le_nolock@@YA?AUwrite_result@?A0x9c548279@@HQEBDI@Z 00000001800380b8     libucrt:write.obj
 0004:000020c4       $pdata$?write_text_utf8_nolock@@YA?AUwrite_result@?A0x9c548279@@HQEBDI@Z 00000001800380c4     libucrt:write.obj
 0004:000020d0       $pdata$??$common_lseek_nolock@_J@@YA_JH_JH@Z 00000001800380d0     libucrt:lseek.obj
 0004:000020dc       $pdata$fclose              00000001800380dc     libucrt:fclose.obj
 0004:000020e8       $pdata$fclose$fin$0        00000001800380e8     libucrt:fclose.obj
 0004:000020f4       $pdata$_fclose_nolock      00000001800380f4     libucrt:fclose.obj
 0004:00002100       $pdata$_commit             0000000180038100     libucrt:commit.obj
 0004:0000210c       $pdata$??$?RV<lambda_b521505b218e5242e90febf6bfebc422>@@AEAV<lambda_6978c1fb23f02e42e1d9e99668cc68aa>@@V<lambda_314360699dd331753a4119843814e9a7>@@@?$__crt_seh_guarded_call@H@@QEAAH$$QEAV<lambda_b521505b218e5242e90febf6bfebc422>@@AEAV<lambda_6978c1fb23f02e42e1d9e99668cc68aa>@@$$QEAV<lambda_314360699dd331753a4119843814e9a7>@@@Z 000000018003810c     libucrt:commit.obj
 0004:00002118       $pdata$?fin$0@?0???$?RV<lambda_b521505b218e5242e90febf6bfebc422>@@AEAV<lambda_6978c1fb23f02e42e1d9e99668cc68aa>@@V<lambda_314360699dd331753a4119843814e9a7>@@@?$__crt_seh_guarded_call@H@@QEAAH$$QEAV<lambda_b521505b218e5242e90febf6bfebc422>@@AEAV<lambda_6978c1fb23f02e42e1d9e99668cc68aa>@@$$QEAV<lambda_314360699dd331753a4119843814e9a7>@@@Z@4HA 0000000180038118     libucrt:commit.obj
 0004:00002118       $pdata$?fin$0@?0???$?RV<lambda_bfedae4ebbf01fab1bb6dcc6a9e276e0>@@AEAV<lambda_2fe9b910cf3cbf4a0ab98a02ba45b3ec>@@V<lambda_237c231691f317818eb88cc1d5d642d6>@@@?$__crt_seh_guarded_call@H@@QEAAH$$QEAV<lambda_bfedae4ebbf01fab1bb6dcc6a9e276e0>@@AEAV<lambda_2fe9b910cf3cbf4a0ab98a02ba45b3ec>@@$$QEAV<lambda_237c231691f317818eb88cc1d5d642d6>@@@Z@4HA 0000000180038118     libucrt:close.obj
 0004:00002124       $pdata$_setfpstatusword    0000000180038124     libucrt:_fenvutils.obj
 0004:00002130       $pdata$_getfpcontrolword   0000000180038130     libucrt:_fenvutils.obj
 0004:0000213c       $pdata$_getfpstatusword    000000018003813c     libucrt:_fenvutils.obj
 0004:00002148       $pdata$_clearfp            0000000180038148     libucrt:ieee.obj
 0004:00002154       $pdata$common_control87    0000000180038154     libucrt:ieee.obj
 0004:00002160       $pdata$common_control87$filt$0 0000000180038160     libucrt:ieee.obj
 0004:00002160       $pdata$_ctrlfp$filt$0      0000000180038160     libucrt:fpctrl.obj
 0004:0000216c       $pdata$_call_matherr       000000018003816c     libucrt:libm_error.obj
 0004:00002178       $pdata$_exception_enabled  0000000180038178     libucrt:libm_error.obj
 0004:00002184       $pdata$_handle_error       0000000180038184     libucrt:libm_error.obj
 0004:00002190       $pdata$__acrt_initialize_fma3 0000000180038190     libucrt:fma3_available.obj
 0004:0000219c       $pdata$_log_special_common 000000018003819c     libucrt:log_special.obj
 0004:000021a8       $pdata$_log10_special      00000001800381a8     libucrt:log_special.obj
 0004:000021b4       $pdata$_putwch_nolock      00000001800381b4     libucrt:putwch.obj
 0004:000021c0       $pdata$_close              00000001800381c0     libucrt:close.obj
 0004:000021cc       $pdata$_close_nolock       00000001800381cc     libucrt:close.obj
 0004:000021d8       $pdata$??$?RV<lambda_bfedae4ebbf01fab1bb6dcc6a9e276e0>@@AEAV<lambda_2fe9b910cf3cbf4a0ab98a02ba45b3ec>@@V<lambda_237c231691f317818eb88cc1d5d642d6>@@@?$__crt_seh_guarded_call@H@@QEAAH$$QEAV<lambda_bfedae4ebbf01fab1bb6dcc6a9e276e0>@@AEAV<lambda_2fe9b910cf3cbf4a0ab98a02ba45b3ec>@@$$QEAV<lambda_237c231691f317818eb88cc1d5d642d6>@@@Z 00000001800381d8     libucrt:close.obj
 0004:000021f0       $pdata$_set_errno_from_matherr 00000001800381f0     libucrt:fpexcept.obj
 0004:000021fc       $pdata$_raise_exc          00000001800381fc     libucrt:fpexcept.obj
 0004:00002208       $pdata$_raise_exc_ex       0000000180038208     libucrt:fpexcept.obj
 0004:00002214       $pdata$_clrfp              0000000180038214     libucrt:fpctrl.obj
 0004:00002220       $pdata$_ctrlfp             0000000180038220     libucrt:fpctrl.obj
 0004:0000222c       $pdata$_statfp             000000018003822c     libucrt:fpctrl.obj
 0004:00002238       $pdata$_set_statfp         0000000180038238     libucrt:fpctrl.obj
 0004:00002244       $pdata$__dcrt_lowio_initialize_console_output 0000000180038244     libucrt:initcon.obj
 0004:00002250       $pdata$__dcrt_terminate_console_output 0000000180038250     libucrt:initcon.obj
 0004:0000225c       $pdata$_IsNonwritableInCurrentImage 000000018003825c     LIBCMT:pesect.obj
 0004:00002268       $pdata$_IsNonwritableInCurrentImage$filt$0 0000000180038268     LIBCMT:pesect.obj
 0004:00002274       $pdata$strrchr             0000000180038274     libvcruntime:strrchr.obj
 0005:00000220       $R000000                   0000000180039220     ElectronicValueRW.res
 0005:00000bb8       $R000998                   0000000180039bb8     ElectronicValueRW.res
 0005:00000ca0       $R000A80                   0000000180039ca0     ElectronicValueRW.res
 0005:00000f08       $R000CE8                   0000000180039f08     ElectronicValueRW.res
 0005:00001410       $R0011F0                   000000018003a410     ElectronicValueRW.res
 0005:00007ee0       $R007CC0                   0000000180040ee0     ElectronicValueRW.res
 0005:00007f28       $R007D08                   0000000180040f28     ElectronicValueRW.res
