 OPOSMSR

 Timestamp is 600f7979 (Tue Jan 26 11:07:53 2021)

 Preferred load address is 0000000180000000

 Start         Length     Name                   Class
 0001:00000000 000000c0H .text$di                CODE
 0001:000000c0 00021a50H .text$mn                CODE
 0001:00021b10 00000040H .text$mn$00             CODE
 0001:00021b50 000004b0H .text$x                 CODE
 0001:00022000 00000078H .text$yd                CODE
 0002:00000000 00000620H .idata$5                DATA
 0002:00000620 00000028H .00cfg                  DATA
 0002:00000648 00000008H .CRT$XCA                DATA
 0002:00000650 00000008H .CRT$XCL                DATA
 0002:00000658 00000020H .CRT$XCU                DATA
 0002:00000678 00000008H .CRT$XCZ                DATA
 0002:00000680 00000008H .CRT$XIA                DATA
 0002:00000688 00000020H .CRT$XIC                DATA
 0002:000006a8 00000008H .CRT$XIZ                DATA
 0002:000006b0 00000008H .CRT$XLA                DATA
 0002:000006b8 00000008H .CRT$XLZ                DATA
 0002:000006c0 00000008H .CRT$XPA                DATA
 0002:000006c8 00000010H .CRT$XPX                DATA
 0002:000006d8 00000008H .CRT$XPXA               DATA
 0002:000006e0 00000008H .CRT$XPZ                DATA
 0002:000006e8 00000008H .CRT$XTA                DATA
 0002:000006f0 00000010H .CRT$XTZ                DATA
 0002:000006f8 00000000H .gehcont$y              DATA
 0002:000006f8 00000000H .gfids$y                DATA
 0002:00000700 0000ac00H .rdata                  DATA
 0002:0000b300 00000000H .rdata$CastGuardVftablesA DATA
 0002:0000b300 00000000H .rdata$CastGuardVftablesC DATA
 0002:0000b300 00000028H .rdata$T                DATA
 0002:0000b328 00000274H .rdata$r                DATA
 0002:0000b59c 00000404H .rdata$zzzdbg           DATA
 0002:0000b9a0 00000008H .rtc$IAA                DATA
 0002:0000b9a8 00000008H .rtc$IZZ                DATA
 0002:0000b9b0 00000008H .rtc$TAA                DATA
 0002:0000b9b8 00000008H .rtc$TZZ                DATA
 0002:0000b9c0 00000004H .tls                    DATA
 0002:0000b9c4 00000004H .tls$                   DATA
 0002:0000b9c8 00000008H .tls$ZZZ                DATA
 0002:0000b9d0 000016c8H .xdata                  DATA
 0002:0000d098 00000150H .xdata$x                DATA
 0002:0000d1e8 00000008H ATL$__a                 DATA
 0002:0000d1f0 00000010H ATL$__z                 DATA
 0002:0000d200 000000a4H .edata                  DATA
 0002:0000d2a4 00000078H .idata$2                DATA
 0002:0000d31c 00000014H .idata$3                DATA
 0002:0000d330 00000620H .idata$4                DATA
 0002:0000d950 00000c2aH .idata$6                DATA
 0003:00000000 00000db8H .data                   DATA
 0003:00000db8 000000c8H .data$r                 DATA
 0003:00000e80 0000141cH .bss                    DATA
 0004:00000000 00001f08H .pdata                  DATA
 0005:00000000 00000094H _RDATA                  DATA
 0006:00000000 00000220H .rsrc$01                DATA
 0006:00000220 00005b88H .rsrc$02                DATA

  Address         Publics by Value              Rva+Base               Lib:Object

 0000:00000000       __guard_longjmp_table      0000000000000000     <absolute>
 0000:00000000       __x64_code_ranges_to_entry_points 0000000000000000     <absolute>
 0000:00000000       __x64_code_ranges_to_entry_points_count 0000000000000000     <absolute>
 0000:00000000       __guard_fids_count         0000000000000000     <absolute>
 0000:00000000       __arm64x_redirection_metadata 0000000000000000     <absolute>
 0000:00000000       __arm64x_extra_rfe_table   0000000000000000     <absolute>
 0000:00000000       __guard_iat_table          0000000000000000     <absolute>
 0000:00000000       __hybrid_code_map          0000000000000000     <absolute>
 0000:00000000       __volatile_metadata        0000000000000000     <absolute>
 0000:00000000       __guard_iat_count          0000000000000000     <absolute>
 0000:00000000       __arm64x_extra_rfe_table_size 0000000000000000     <absolute>
 0000:00000000       __guard_longjmp_count      0000000000000000     <absolute>
 0000:00000000       ___safe_se_handler_count   0000000000000000     <absolute>
 0000:00000000       ___safe_se_handler_table   0000000000000000     <absolute>
 0000:00000000       __dynamic_value_reloc_table 0000000000000000     <absolute>
 0000:00000000       __hybrid_auxiliary_iat     0000000000000000     <absolute>
 0000:00000000       __AbsoluteZero             0000000000000000     <absolute>
 0000:00000000       __guard_eh_cont_count      0000000000000000     <absolute>
 0000:00000000       __guard_fids_table         0000000000000000     <absolute>
 0000:00000000       __arm64x_redirection_metadata_count 0000000000000000     <absolute>
 0000:00000000       __enclave_config           0000000000000000     <absolute>
 0000:00000000       __guard_eh_cont_table      0000000000000000     <absolute>
 0000:00000000       __arm64x_native_entrypoint 0000000000000000     <absolute>
 0000:00000000       __hybrid_code_map_count    0000000000000000     <absolute>
 0000:00000100       __guard_flags              0000000000000100     <absolute>
 0000:00000000       __ImageBase                0000000180000000     <linker-defined>
 0001:000000c0       ?DupWide@_CW@@AEAAXXZ      00000001800010c0 f   CWString.obj
 0001:000000e8       ?cw_dup@@YAXPEBDAEAHAEAPEA_W1@Z 00000001800010e8 f   CWString.obj
 0001:000001c8       ?cw_memcpy@@YAHPEA_WPEBDH@Z 00000001800011c8 f   CWString.obj
 0001:00000214       ?cw_strcpy@@YAHPEA_WPEBD@Z 0000000180001214 f   CWString.obj
 0001:00000228       ??0CAtlComModule@ATL@@QEAA@XZ 0000000180001228 f i OposVariant.obj
 0001:000002a8       ??0CAtlWinModule@ATL@@QEAA@XZ 00000001800012a8 f i OposVariant.obj
 0001:00000314       ??0OposDispParms@@QEAA@PEAVOposVariant@@H@Z 0000000180001314 f   OposVariant.obj
 0001:000003bc       ??1OposDispParms@@QEAA@XZ  00000001800013bc f   OposVariant.obj
 0001:000003d4       ??_Estringdispid@CComTypeInfoHolder@ATL@@QEAAPEAXI@Z 00000001800013d4 f i OposVariant.obj
 0001:00000478       ?AtlWinModuleTerm@ATL@@YAJPEAU_ATL_WIN_MODULE70@1@PEAUHINSTANCE__@@@Z 0000000180001478 f i OposVariant.obj
 0001:00000528       ?ChangeBSTR@OposVariant@@QEAAXPEAPEA_WAEAJ@Z 0000000180001528 f   OposVariant.obj
 0001:00000588       ?ChangeLONG@OposVariant@@QEAAXPEAJAEAJ@Z 0000000180001588 f   OposVariant.obj
 0001:000005e4       ?GetLONG@OposVariant@@QEAAJXZ 00000001800015e4 f   OposVariant.obj
 0001:00000608       ?SetBSTR@OposVariant@@QEAAXPEA_WAEAJ@Z 0000000180001608 f   OposVariant.obj
 0001:00000648       ?SetBSTR_Copy@OposVariant@@QEAAXPEA_WAEAJ@Z 0000000180001648 f   OposVariant.obj
 0001:000006b8       ?SetBSTR_InOutPtr@OposVariant@@QEAA_NPEAPEA_WAEAJ@Z 00000001800016b8 f   OposVariant.obj
 0001:00000708       ?SetBSTR_OutPtr@OposVariant@@QEAA_NPEAPEA_WAEAJ@Z 0000000180001708 f   OposVariant.obj
 0001:00000724       ?SetDispatch_Ptr@OposVariant@@QEAAXPEAUIDispatch@@AEAJ@Z 0000000180001724 f   OposVariant.obj
 0001:0000077c       ?SetLONG@OposVariant@@QEAAXJ@Z 000000018000177c f   OposVariant.obj
 0001:000007ac       ?SetLONG_Ptr@OposVariant@@QEAAXPEAJAEAJ@Z 00000001800017ac f   OposVariant.obj
 0001:000007f8       ?SetString@OposVariant@@QEAAXPEB_WAEAJ@Z 00000001800017f8 f   OposVariant.obj
 0001:0000085c       ?SetVARIANT@OposVariant@@QEAAXAEAUtagVARIANT@@GAEAJ@Z 000000018000185c f   OposVariant.obj
 0001:000008cc       ?SetVARIANT_BOOL@OposVariant@@QEAAXF@Z 00000001800018cc f   OposVariant.obj
 0001:00000904       ?Term@CAtlComModule@ATL@@QEAAXXZ 0000000180001904 f i OposVariant.obj
 0001:00000974       ?_AtlInitializeCriticalSectionEx@ATL@@YAHPEAU_RTL_CRITICAL_SECTION@@KK@Z 0000000180001974 f i OposVariant.obj
 0001:0000097c       ?_AtlRaiseException@ATL@@YAXKK@Z 000000018000197c f i OposVariant.obj
 0001:0000098c       ?GetWindowProc@?$CWindowImplBaseT@VCWindow@ATL@@V?$CWinTraits@$0FGAAAAAA@$0A@@2@@ATL@@UEAAP6A_JPEAUHWND__@@I_K_J@ZXZ 000000018000198c f i MSR.obj
 0001:00000994       ?StartWindowProc@?$CWindowImplBaseT@VCWindow@ATL@@V?$CWinTraits@$0FGAAAAAA@$0A@@2@@ATL@@SA_JPEAUHWND__@@I_K_J@Z 0000000180001994 f i MSR.obj
 0001:00000a58       _guard_check_icall_nop     0000000180001a58 f i LIBCMT:guard_support.obj
 0001:00000a58       ?ObjectMain@CComObjectRootBase@ATL@@SAX_N@Z 0000000180001a58 f i MSR.obj
 0001:00000a58       ?OnFinalMessage@?$CWindowImplBaseT@VCWindow@ATL@@V?$CWinTraits@$0FGAAAAAA@$0A@@2@@ATL@@UEAAXPEAUHWND__@@@Z 0000000180001a58 f i MSR.obj
 0001:00000a5c       ?GetTypeInfoCount@?$IDispatchImpl@UIOPOSMSR@@$1?IID_IOPOSMSR@@3U_GUID@@B$1?LIBID_OposMSR_CCO@@3U3@B$00$0A@VCComTypeInfoHolder@ATL@@@ATL@@UEAAJPEAI@Z 0000000180001a5c f i MSR.obj
 0001:00000a70       ?GetTypeInfo@?$IDispatchImpl@UIOPOSMSR@@$1?IID_IOPOSMSR@@3U_GUID@@B$1?LIBID_OposMSR_CCO@@3U3@B$00$0A@VCComTypeInfoHolder@ATL@@@ATL@@UEAAJIKPEAPEAUITypeInfo@@@Z 0000000180001a70 f i MSR.obj
 0001:00000ad4       ?GetIDsOfNames@?$IDispatchImpl@UIOPOSMSR@@$1?IID_IOPOSMSR@@3U_GUID@@B$1?LIBID_OposMSR_CCO@@3U3@B$00$0A@VCComTypeInfoHolder@ATL@@@ATL@@UEAAJAEBU_GUID@@PEAPEA_WIKPEAJ@Z 0000000180001ad4 f i MSR.obj
 0001:00000ae0       ?Invoke@?$IDispatchImpl@UIOPOSMSR@@$1?IID_IOPOSMSR@@3U_GUID@@B$1?LIBID_OposMSR_CCO@@3U3@B$00$0A@VCComTypeInfoHolder@ATL@@@ATL@@UEAAJJAEBU_GUID@@KGPEAUtagDISPPARAMS@@PEAUtagVARIANT@@PEAUtagEXCEPINFO@@PEAI@Z 0000000180001ae0 f i MSR.obj
 0001:00000b70       ?CreateControlWindow@?$CComControl@VCOPOSMSR@@V?$CWindowImpl@VCOPOSMSR@@VCWindow@ATL@@V?$CWinTraits@$0FGAAAAAA@$0A@@3@@ATL@@@ATL@@UEAAPEAUHWND__@@PEAU3@AEAUtagRECT@@@Z 0000000180001b70 f i MSR.obj
 0001:00000ba8       ?ControlQueryInterface@?$CComControl@VCOPOSMSR@@V?$CWindowImpl@VCOPOSMSR@@VCWindow@ATL@@V?$CWinTraits@$0FGAAAAAA@$0A@@3@@ATL@@@ATL@@UEAAJAEBU_GUID@@PEAPEAX@Z 0000000180001ba8 f i MSR.obj
 0001:00000bbc       ?GetClassID@?$IPersistStreamInitImpl@VCOPOSMSR@@@ATL@@UEAAJPEAU_GUID@@@Z 0000000180001bbc f i MSR.obj
 0001:00000bbc       ?GetClassID@?$IPersistStorageImpl@VCOPOSMSR@@@ATL@@UEAAJPEAU_GUID@@@Z 0000000180001bbc f i MSR.obj
 0001:00000bbc       ?GetUserClassID@?$IOleObjectImpl@VCOPOSMSR@@@ATL@@UEAAJPEAU_GUID@@@Z 0000000180001bbc f i MSR.obj
 0001:00000bd8       ?IsDirty@?$IPersistStreamInitImpl@VCOPOSMSR@@@ATL@@UEAAJXZ 0000000180001bd8 f i MSR.obj
 0001:00000bf4       ?Load@?$IPersistStreamInitImpl@VCOPOSMSR@@@ATL@@UEAAJPEAUIStream@@@Z 0000000180001bf4 f i MSR.obj
 0001:00000c0c       ?Save@?$IPersistStreamInitImpl@VCOPOSMSR@@@ATL@@UEAAJPEAUIStream@@H@Z 0000000180001c0c f i MSR.obj
 0001:00000c24       ?GetSizeMax@?$IPersistStreamInitImpl@VCOPOSMSR@@@ATL@@UEAAJPEAT_ULARGE_INTEGER@@@Z 0000000180001c24 f i MSR.obj
 0001:00000e50       ?InitNew@?$IPersistStreamInitImpl@VCOPOSMSR@@@ATL@@UEAAJXZ 0000000180001e50 f i MSR.obj
 0001:00000e68       ?SetData@?$IDataObjectImpl@VCOPOSMSR@@@ATL@@UEAAJPEAUtagFORMATETC@@PEAUtagSTGMEDIUM@@H@Z 0000000180001e68 f i MSR.obj
 0001:00000e68       ?ContextSensitiveHelp@?$IOleInPlaceObjectWindowlessImpl@VCOPOSMSR@@@ATL@@UEAAJH@Z 0000000180001e68 f i MSR.obj
 0001:00000e68       ?GetMoniker@?$IOleObjectImpl@VCOPOSMSR@@@ATL@@UEAAJKKPEAPEAUIMoniker@@@Z 0000000180001e68 f i MSR.obj
 0001:00000e68       ?GetDropTarget@?$IOleInPlaceObjectWindowlessImpl@VCOPOSMSR@@@ATL@@UEAAJPEAPEAUIDropTarget@@@Z 0000000180001e68 f i MSR.obj
 0001:00000e68       ?InitFromData@?$IOleObjectImpl@VCOPOSMSR@@@ATL@@UEAAJPEAUIDataObject@@HK@Z 0000000180001e68 f i MSR.obj
 0001:00000e68       ?SetColorScheme@?$IOleObjectImpl@VCOPOSMSR@@@ATL@@UEAAJPEAUtagLOGPALETTE@@@Z 0000000180001e68 f i MSR.obj
 0001:00000e68       ?Freeze@?$IViewObjectExImpl@VCOPOSMSR@@@ATL@@UEAAJKJPEAXPEAK@Z 0000000180001e68 f i MSR.obj
 0001:00000e68       ?GetCanonicalFormatEtc@?$IDataObjectImpl@VCOPOSMSR@@@ATL@@UEAAJPEAUtagFORMATETC@@0@Z 0000000180001e68 f i MSR.obj
 0001:00000e68       ?ReactivateAndUndo@?$IOleInPlaceObjectWindowlessImpl@VCOPOSMSR@@@ATL@@UEAAJXZ 0000000180001e68 f i MSR.obj
 0001:00000e68       ?EnumFormatEtc@?$IDataObjectImpl@VCOPOSMSR@@@ATL@@UEAAJKPEAPEAUIEnumFORMATETC@@@Z 0000000180001e68 f i MSR.obj
 0001:00000e68       ?ContextSensitiveHelp@?$IOleInPlaceActiveObjectImpl@VCOPOSMSR@@@ATL@@UEAAJH@Z 0000000180001e68 f i MSR.obj
 0001:00000e68       ?QueryInterface@CRegObject@ATL@@UEAAJAEBU_GUID@@PEAPEAX@Z 0000000180001e68 f i MSR.obj
 0001:00000e68       ?GetColorSet@?$IViewObjectExImpl@VCOPOSMSR@@@ATL@@UEAAJKJPEAXPEAUtagDVTARGETDEVICE@@PEAUHDC__@@PEAPEAUtagLOGPALETTE@@@Z 0000000180001e68 f i MSR.obj
 0001:00000e68       ?SOOutputCompleteDummy@COPOSMSR@@MEAAJJ@Z 0000000180001e68 f i MSR.obj
 0001:00000e68       ?QueryGetData@?$IDataObjectImpl@VCOPOSMSR@@@ATL@@UEAAJPEAUtagFORMATETC@@@Z 0000000180001e68 f i MSR.obj
 0001:00000e68       ?SetMoniker@?$IOleObjectImpl@VCOPOSMSR@@@ATL@@UEAAJKPEAUIMoniker@@@Z 0000000180001e68 f i MSR.obj
 0001:00000e68       ?OnMnemonic@?$IOleControlImpl@VCOPOSMSR@@@ATL@@UEAAJPEAUtagMSG@@@Z 0000000180001e68 f i MSR.obj
 0001:00000e68       ?GetDataHere@?$IDataObjectImpl@VCOPOSMSR@@@ATL@@UEAAJPEAUtagFORMATETC@@PEAUtagSTGMEDIUM@@@Z 0000000180001e68 f i MSR.obj
 0001:00000e68       ?GetRect@?$IViewObjectExImpl@VCOPOSMSR@@@ATL@@UEAAJKPEAU_RECTL@@@Z 0000000180001e68 f i MSR.obj
 0001:00000e68       ?Unfreeze@?$IViewObjectExImpl@VCOPOSMSR@@@ATL@@UEAAJK@Z 0000000180001e68 f i MSR.obj
 0001:00000e68       ?GetClipboardData@?$IOleObjectImpl@VCOPOSMSR@@@ATL@@UEAAJKPEAPEAUIDataObject@@@Z 0000000180001e68 f i MSR.obj
 0001:00000e68       ?GetControlInfo@?$IOleControlImpl@VCOPOSMSR@@@ATL@@UEAAJPEAUtagCONTROLINFO@@@Z 0000000180001e68 f i MSR.obj
 0001:00000e70       ?ResizeBorder@?$IOleInPlaceActiveObjectImpl@VCOPOSMSR@@@ATL@@UEAAJPEBUtagRECT@@PEAUIOleInPlaceUIWindow@@H@Z 0000000180001e70 f i MSR.obj
 0001:00000e70       ?EnableModeless@?$IOleInPlaceActiveObjectImpl@VCOPOSMSR@@@ATL@@UEAAJH@Z 0000000180001e70 f i MSR.obj
 0001:00000e70       ?SaveCompleted@?$IPersistStorageImpl@VCOPOSMSR@@@ATL@@UEAAJPEAUIStorage@@@Z 0000000180001e70 f i MSR.obj
 0001:00000e70       ?Release@CRegObject@ATL@@UEAAKXZ 0000000180001e70 f i MSR.obj
 0001:00000e70       ?SetHostNames@?$IOleObjectImpl@VCOPOSMSR@@@ATL@@UEAAJPEB_W0@Z 0000000180001e70 f i MSR.obj
 0001:00000e70       ?IsUpToDate@?$IOleObjectImpl@VCOPOSMSR@@@ATL@@UEAAJXZ 0000000180001e70 f i MSR.obj
 0001:00000e70       ?GetCategoryMap@CComObjectRootBase@ATL@@SAPEBU_ATL_CATMAP_ENTRY@2@XZ 0000000180001e70 f i MSR.obj
 0001:00000e70       ?Update@?$IOleObjectImpl@VCOPOSMSR@@@ATL@@UEAAJXZ 0000000180001e70 f i MSR.obj
 0001:00000e70       ?OnAmbientPropertyChange@?$IOleControlImpl@VCOPOSMSR@@@ATL@@UEAAJJ@Z 0000000180001e70 f i MSR.obj
 0001:00000e70       ?GetObjectDescription@?$CComCoClass@VCOPOSMSR@@$1?CLSID_OPOSMSR@@3U_GUID@@B@ATL@@SAPEB_WXZ 0000000180001e70 f i MSR.obj
 0001:00000e70       ?OnFrameWindowActivate@?$IOleInPlaceActiveObjectImpl@VCOPOSMSR@@@ATL@@UEAAJH@Z 0000000180001e70 f i MSR.obj
 0001:00000e70       ?HandsOffStorage@?$IPersistStorageImpl@VCOPOSMSR@@@ATL@@UEAAJXZ 0000000180001e70 f i MSR.obj
 0001:00000e74       ?SetClientSite@?$IOleObjectImpl@VCOPOSMSR@@@ATL@@UEAAJPEAUIOleClientSite@@@Z 0000000180001e74 f i MSR.obj
 0001:00000e90       ?GetClientSite@?$IOleObjectImpl@VCOPOSMSR@@@ATL@@UEAAJPEAPEAUIOleClientSite@@@Z 0000000180001e90 f i MSR.obj
 0001:00000ed8       ?Close@?$IOleObjectImpl@VCOPOSMSR@@@ATL@@UEAAJK@Z 0000000180001ed8 f i MSR.obj
 0001:00000ef4       ?DoVerb@?$IOleObjectImpl@VCOPOSMSR@@@ATL@@UEAAJJPEAUtagMSG@@PEAUIOleClientSite@@JPEAUHWND__@@PEBUtagRECT@@@Z 0000000180001ef4 f i MSR.obj
 0001:00001098       ?EnumVerbs@?$IOleObjectImpl@VCOPOSMSR@@@ATL@@UEAAJPEAPEAUIEnumOLEVERB@@@Z 0000000180002098 f i MSR.obj
 0001:000010b4       ?GetUserType@?$IOleObjectImpl@VCOPOSMSR@@@ATL@@UEAAJKPEAPEA_W@Z 00000001800020b4 f i MSR.obj
 0001:000010c4       ?SetExtent@?$IOleObjectImpl@VCOPOSMSR@@@ATL@@UEAAJKPEAUtagSIZE@@@Z 00000001800020c4 f i MSR.obj
 0001:000010e0       ?GetExtent@?$IOleObjectImpl@VCOPOSMSR@@@ATL@@UEAAJKPEAUtagSIZE@@@Z 00000001800020e0 f i MSR.obj
 0001:00001110       ?Advise@?$IOleObjectImpl@VCOPOSMSR@@@ATL@@UEAAJPEAUIAdviseSink@@PEAK@Z 0000000180002110 f i MSR.obj
 0001:0000116c       ?Unadvise@?$IOleObjectImpl@VCOPOSMSR@@@ATL@@UEAAJK@Z 000000018000216c f i MSR.obj
 0001:000011a4       ?EnumAdvise@?$IOleObjectImpl@VCOPOSMSR@@@ATL@@UEAAJPEAPEAUIEnumSTATDATA@@@Z 00000001800021a4 f i MSR.obj
 0001:000011ec       ?GetMiscStatus@?$IOleObjectImpl@VCOPOSMSR@@@ATL@@UEAAJKPEAK@Z 00000001800021ec f i MSR.obj
 0001:000011fc       ?GetWindow@?$IOleInPlaceActiveObjectImpl@VCOPOSMSR@@@ATL@@UEAAJPEAPEAUHWND__@@@Z 00000001800021fc f i MSR.obj
 0001:00001250       ?TranslateAcceleratorW@?$IOleInPlaceActiveObjectImpl@VCOPOSMSR@@@ATL@@UEAAJPEAUtagMSG@@@Z 0000000180002250 f i MSR.obj
 0001:00001344       ?OnDocWindowActivate@?$IOleInPlaceActiveObjectImpl@VCOPOSMSR@@@ATL@@UEAAJH@Z 0000000180002344 f i MSR.obj
 0001:00001370       ?Draw@?$IViewObjectExImpl@VCOPOSMSR@@@ATL@@UEAAJKJPEAXPEAUtagDVTARGETDEVICE@@PEAUHDC__@@2PEBU_RECTL@@3P6AH_K@Z4@Z 0000000180002370 f i MSR.obj
 0001:000013d4       ?SetAdvise@?$IViewObjectExImpl@VCOPOSMSR@@@ATL@@UEAAJKKPEAUIAdviseSink@@@Z 00000001800023d4 f i MSR.obj
 0001:00001428       ?GetAdvise@?$IViewObjectExImpl@VCOPOSMSR@@@ATL@@UEAAJPEAK0PEAPEAUIAdviseSink@@@Z 0000000180002428 f i MSR.obj
 0001:00001464       ?GetExtent@?$IViewObjectExImpl@VCOPOSMSR@@@ATL@@UEAAJKJPEAUtagDVTARGETDEVICE@@PEAUtagSIZE@@@Z 0000000180002464 f i MSR.obj
 0001:00001494       ?GetViewStatus@?$IViewObjectExImpl@VCOPOSMSR@@@ATL@@UEAAJPEAK@Z 0000000180002494 f i MSR.obj
 0001:000014a8       ?QueryHitPoint@?$IViewObjectExImpl@VCOPOSMSR@@@ATL@@UEAAJKPEBUtagRECT@@UtagPOINT@@JPEAK@Z 00000001800024a8 f i MSR.obj
 0001:000014ec       ?QueryHitRect@?$IViewObjectExImpl@VCOPOSMSR@@@ATL@@UEAAJKPEBUtagRECT@@0JPEAK@Z 00000001800024ec f i MSR.obj
 0001:00001554       ?GetNaturalExtent@?$IViewObjectExImpl@VCOPOSMSR@@@ATL@@UEAAJKJPEAUtagDVTARGETDEVICE@@PEAUHDC__@@PEAUtagExtentInfo@@PEAUtagSIZE@@@Z 0000000180002554 f i MSR.obj
 0001:0000159c       ?GetWindow@?$IOleInPlaceObjectWindowlessImpl@VCOPOSMSR@@@ATL@@UEAAJPEAPEAUHWND__@@@Z 000000018000259c f i MSR.obj
 0001:000015f0       ?InPlaceDeactivate@?$IOleInPlaceObjectWindowlessImpl@VCOPOSMSR@@@ATL@@UEAAJXZ 00000001800025f0 f i MSR.obj
 0001:0000160c       ?UIDeactivate@?$IOleInPlaceObjectWindowlessImpl@VCOPOSMSR@@@ATL@@UEAAJXZ 000000018000260c f i MSR.obj
 0001:00001628       ?SetObjectRects@?$IOleInPlaceObjectWindowlessImpl@VCOPOSMSR@@@ATL@@UEAAJPEBUtagRECT@@0@Z 0000000180002628 f i MSR.obj
 0001:00001644       ?OnWindowMessage@?$IOleInPlaceObjectWindowlessImpl@VCOPOSMSR@@@ATL@@UEAAJI_K_JPEA_J@Z 0000000180002644 f i MSR.obj
 0001:0000170c       ?EnumConnectionPoints@?$IConnectionPointContainerImpl@VCOPOSMSR@@@ATL@@UEAAJPEAPEAUIEnumConnectionPoints@@@Z 000000018000270c f i MSR.obj
 0001:00001958       ?FindConnectionPoint@?$IConnectionPointContainerImpl@VCOPOSMSR@@@ATL@@UEAAJAEBU_GUID@@PEAPEAUIConnectionPoint@@@Z 0000000180002958 f i MSR.obj
 0001:00001a28       ?IsDirty@?$IPersistStorageImpl@VCOPOSMSR@@@ATL@@UEAAJXZ 0000000180002a28 f i MSR.obj
 0001:00001a68       ?InitNew@?$IPersistStorageImpl@VCOPOSMSR@@@ATL@@UEAAJPEAUIStorage@@@Z 0000000180002a68 f i MSR.obj
 0001:00001aa8       ?Load@?$IPersistStorageImpl@VCOPOSMSR@@@ATL@@UEAAJPEAUIStorage@@@Z 0000000180002aa8 f i MSR.obj
 0001:00001b48       ?Save@?$IPersistStorageImpl@VCOPOSMSR@@@ATL@@UEAAJPEAUIStorage@@H@Z 0000000180002b48 f i MSR.obj
 0001:00001bf8       ?GetPages@?$ISpecifyPropertyPagesImpl@VCOPOSMSR@@@ATL@@UEAAJPEAUtagCAUUID@@@Z 0000000180002bf8 f i MSR.obj
 0001:00001c04       ?QuickActivate@?$IQuickActivateImpl@VCOPOSMSR@@@ATL@@UEAAJPEAUtagQACONTAINER@@PEAUtagQACONTROL@@@Z 0000000180002c04 f i MSR.obj
 0001:00001c20       ?SetContentExtent@?$IQuickActivateImpl@VCOPOSMSR@@@ATL@@UEAAJPEAUtagSIZE@@@Z 0000000180002c20 f i MSR.obj
 0001:00001c54       ?GetContentExtent@?$IQuickActivateImpl@VCOPOSMSR@@@ATL@@UEAAJPEAUtagSIZE@@@Z 0000000180002c54 f i MSR.obj
 0001:00001c8c       ?GetData@?$IDataObjectImpl@VCOPOSMSR@@@ATL@@UEAAJPEAUtagFORMATETC@@PEAUtagSTGMEDIUM@@@Z 0000000180002c8c f i MSR.obj
 0001:00001ca8       ?DAdvise@?$IDataObjectImpl@VCOPOSMSR@@@ATL@@UEAAJPEAUtagFORMATETC@@KPEAUIAdviseSink@@PEAK@Z 0000000180002ca8 f i MSR.obj
 0001:00001d30       ?DUnadvise@?$IDataObjectImpl@VCOPOSMSR@@@ATL@@UEAAJK@Z 0000000180002d30 f i MSR.obj
 0001:00001d5c       ?EnumDAdvise@?$IDataObjectImpl@VCOPOSMSR@@@ATL@@UEAAJPEAPEAUIEnumSTATDATA@@@Z 0000000180002d5c f i MSR.obj
 0001:00001d98       ?GetClassInfoW@?$IProvideClassInfo2Impl@$1?CLSID_OPOSMSR@@3U_GUID@@B$1?DIID__IOPOSMSREvents@@3U2@B$1?LIBID_OposMSR_CCO@@3U2@B$00$0A@VCComTypeInfoHolder@ATL@@@ATL@@UEAAJPEAPEAUITypeInfo@@@Z 0000000180002d98 f i MSR.obj
 0001:00001df0       ?GetGUID@?$IProvideClassInfo2Impl@$1?CLSID_OPOSMSR@@3U_GUID@@B$1?DIID__IOPOSMSREvents@@3U2@B$1?LIBID_OposMSR_CCO@@3U2@B$00$0A@VCComTypeInfoHolder@ATL@@@ATL@@UEAAJKPEAU_GUID@@@Z 0000000180002df0 f i MSR.obj
 0001:00001e24       ?FAccessAllowed@?$IObjectSafetyImpl@VCOPOSMSR@@$02@ATL@@MEAAHXZ 0000000180002e24 f i MSR.obj
 0001:00001e24       _get_startup_argv_mode     0000000180002e24 f i LIBCMT:argv_mode.obj
 0001:00001e24       ?AddRef@CRegObject@ATL@@UEAAKXZ 0000000180002e24 f i MSR.obj
 0001:00001e2c       ?GetInterfaceSafetyOptions@?$IObjectSafetyImpl@VCOPOSMSR@@$02@ATL@@UEAAJAEBU_GUID@@PEAK1@Z 0000000180002e2c f i MSR.obj
 0001:00001ec0       ?SetInterfaceSafetyOptions@?$IObjectSafetyImpl@VCOPOSMSR@@$02@ATL@@UEAAJAEBU_GUID@@KK@Z 0000000180002ec0 f i MSR.obj
 0001:00001f64       ?_LocCPQueryInterface@?$IConnectionPointImpl@VCOPOSMSR@@$1?IID_IPropertyNotifySink@@3U_GUID@@BVCComDynamicUnkArray@ATL@@@ATL@@UEAAJAEBU_GUID@@PEAPEAX@Z 0000000180002f64 f i MSR.obj
 0001:00001f64       ?_LocCPQueryInterface@?$IConnectionPointImpl@VCOPOSMSR@@$1?DIID__IOPOSMSREvents@@3U_GUID@@BVCComDynamicUnkArray@ATL@@@ATL@@UEAAJAEBU_GUID@@PEAPEAX@Z 0000000180002f64 f i MSR.obj
 0001:00001fd4       ?GetConnectionInterface@?$IConnectionPointImpl@VCOPOSMSR@@$1?IID_IPropertyNotifySink@@3U_GUID@@BVCComDynamicUnkArray@ATL@@@ATL@@UEAAJPEAU_GUID@@@Z 0000000180002fd4 f i MSR.obj
 0001:00001ff0       ?GetConnectionPointContainer@?$IConnectionPointImpl@VCOPOSMSR@@$1?IID_IPropertyNotifySink@@3U_GUID@@BVCComDynamicUnkArray@ATL@@@ATL@@UEAAJPEAPEAUIConnectionPointContainer@@@Z 0000000180002ff0 f i MSR.obj
 0001:00002010       ?Advise@?$IConnectionPointImpl@VCOPOSMSR@@$1?DIID__IOPOSMSREvents@@3U_GUID@@BVCComDynamicUnkArray@ATL@@@ATL@@UEAAJPEAUIUnknown@@PEAK@Z 0000000180003010 f i MSR.obj
 0001:00002010       ?Advise@?$IConnectionPointImpl@VCOPOSMSR@@$1?IID_IPropertyNotifySink@@3U_GUID@@BVCComDynamicUnkArray@ATL@@@ATL@@UEAAJPEAUIUnknown@@PEAK@Z 0000000180003010 f i MSR.obj
 0001:000020cc       ?Unadvise@?$IConnectionPointImpl@VCOPOSMSR@@$1?DIID__IOPOSMSREvents@@3U_GUID@@BVCComDynamicUnkArray@ATL@@@ATL@@UEAAJK@Z 00000001800030cc f i MSR.obj
 0001:000020cc       ?Unadvise@?$IConnectionPointImpl@VCOPOSMSR@@$1?IID_IPropertyNotifySink@@3U_GUID@@BVCComDynamicUnkArray@ATL@@@ATL@@UEAAJK@Z 00000001800030cc f i MSR.obj
 0001:00002134       ?EnumConnections@?$IConnectionPointImpl@VCOPOSMSR@@$1?IID_IPropertyNotifySink@@3U_GUID@@BVCComDynamicUnkArray@ATL@@@ATL@@UEAAJPEAPEAUIEnumConnections@@@Z 0000000180003134 f i MSR.obj
 0001:00002134       ?EnumConnections@?$IConnectionPointImpl@VCOPOSMSR@@$1?DIID__IOPOSMSREvents@@3U_GUID@@BVCComDynamicUnkArray@ATL@@@ATL@@UEAAJPEAPEAUIEnumConnections@@@Z 0000000180003134 f i MSR.obj
 0001:000022e0       ?GetConnectionInterface@?$IConnectionPointImpl@VCOPOSMSR@@$1?DIID__IOPOSMSREvents@@3U_GUID@@BVCComDynamicUnkArray@ATL@@@ATL@@UEAAJPEAU_GUID@@@Z 00000001800032e0 f i MSR.obj
 0001:000022fc       ?GetConnectionPointContainer@?$IConnectionPointImpl@VCOPOSMSR@@$1?DIID__IOPOSMSREvents@@3U_GUID@@BVCComDynamicUnkArray@ATL@@@ATL@@UEAAJPEAPEAUIConnectionPointContainer@@@Z 00000001800032fc f i MSR.obj
 0001:0000231c       ?UpdateRegistry@COPOSMSR@@SAJH@Z 000000018000331c f i MSR.obj
 0001:00002334       ?ProcessWindowMessage@COPOSMSR@@UEAAHPEAUHWND__@@I_K_JAEA_JK@Z 0000000180003334 f i MSR.obj
 0001:000023bc       ?SOData@COPOSMSR@@MEAAJJ@Z 00000001800033bc f i MSR.obj
 0001:0000240c       ?SODirectIO@COPOSMSR@@MEAAJJPEAJPEAPEA_W@Z 000000018000340c f i MSR.obj
 0001:00002484       ?SOError@COPOSMSR@@MEAAJJJJPEAJ@Z 0000000180003484 f i MSR.obj
 0001:0000250c       ?SOStatusUpdate@COPOSMSR@@MEAAJJ@Z 000000018000350c f i MSR.obj
 0001:0000255c       ?Lock@CAtlModule@ATL@@UEAAJXZ 000000018000355c f i MSR.obj
 0001:0000256c       ?Unlock@CAtlModule@ATL@@UEAAJXZ 000000018000356c f i MSR.obj
 0001:00002578       ?GetLockCount@CAtlModule@ATL@@UEAAJXZ 0000000180003578 f i MSR.obj
 0001:0000257c       ?GetGITPtr@CAtlModule@ATL@@UEAAJPEAPEAUIGlobalInterfaceTable@@@Z 000000018000357c f i MSR.obj
 0001:000025ec       ?AddCommonRGSReplacements@?$CAtlModuleT@VCComModule@ATL@@@ATL@@UEAAJPEAUIRegistrarBase@@@Z 00000001800035ec f i MSR.obj
 0001:00002604       ?UpdateRegistryFromResourceD@CComModule@ATL@@UEAAJIHPEAU_ATL_REGMAP_ENTRY@2@@Z 0000000180003604 f i MSR.obj
 0001:00002604       ?UpdateRegistryFromResourceD@CComModule@ATL@@UEAAJPEB_WHPEAU_ATL_REGMAP_ENTRY@2@@Z 0000000180003604 f i MSR.obj
 0001:0000260c       ?UpdateRegistryFromResource@CComModule@ATL@@UEAAJPEB_WHPEAU_ATL_REGMAP_ENTRY@2@@Z 000000018000360c f i MSR.obj
 0001:00002614       ?UpdateRegistryFromResource@CComModule@ATL@@UEAAJIHPEAU_ATL_REGMAP_ENTRY@2@@Z 0000000180003614 f i MSR.obj
 0001:0000261c       ??_ECComModule@ATL@@UEAAPEAXI@Z 000000018000361c f i MSR.obj
 0001:0000261c       ??_GCComModule@ATL@@UEAAPEAXI@Z 000000018000361c f i MSR.obj
 0001:0000265c       ?CreateInstance@?$CComCreator@V?$CComObjectCached@VCComClassFactory@ATL@@@ATL@@@ATL@@SAJPEAXAEBU_GUID@@PEAPEAX@Z 000000018000365c f i MSR.obj
 0001:00002780       ?CreateInstance@?$CComCreator2@V?$CComCreator@V?$CComObject@VCOPOSMSR@@@ATL@@@ATL@@V?$CComCreator@V?$CComAggObject@VCOPOSMSR@@@ATL@@@2@@ATL@@SAJPEAXAEBU_GUID@@PEAPEAX@Z 0000000180003780 f i MSR.obj
 0001:00002790       ?AddRef@?$CComObjectCached@VCComClassFactory@ATL@@@ATL@@UEAAKXZ 0000000180003790 f i MSR.obj
 0001:000027bc       ?Release@?$CComObjectCached@VCComClassFactory@ATL@@@ATL@@UEAAKXZ 00000001800037bc f i MSR.obj
 0001:000027fc       ?QueryInterface@?$CComObjectCached@VCComClassFactory@ATL@@@ATL@@UEAAJAEBU_GUID@@PEAPEAX@Z 00000001800037fc f i MSR.obj
 0001:00002810       ??_G?$CComObjectCached@VCComClassFactory@ATL@@@ATL@@UEAAPEAXI@Z 0000000180003810 f i MSR.obj
 0001:00002810       ??_E?$CComObjectCached@VCComClassFactory@ATL@@@ATL@@UEAAPEAXI@Z 0000000180003810 f i MSR.obj
 0001:00002868       ?Next@?$CComEnumImpl@UIEnumConnectionPoints@@$1?_GUID_b196b285_bab4_101a_b69c_00aa00341d07@@3U__s_GUID@@BPEAUIConnectionPoint@@V?$_CopyInterface@UIConnectionPoint@@@ATL@@@ATL@@UEAAJKPEAPEAUIConnectionPoint@@PEAK@Z 0000000180003868 f i MSR.obj
 0001:00002934       ?Skip@?$CComEnumImpl@UIEnumConnectionPoints@@$1?_GUID_b196b285_bab4_101a_b69c_00aa00341d07@@3U__s_GUID@@BPEAUIConnectionPoint@@V?$_CopyInterface@UIConnectionPoint@@@ATL@@@ATL@@UEAAJK@Z 0000000180003934 f i MSR.obj
 0001:00002960       ?Reset@?$CComEnumImpl@UIEnumConnections@@$1?_GUID_b196b287_bab4_101a_b69c_00aa00341d07@@3U__s_GUID@@BUtagCONNECTDATA@@V?$_Copy@UtagCONNECTDATA@@@ATL@@@ATL@@UEAAJXZ 0000000180003960 f i MSR.obj
 0001:00002960       ?Reset@?$CComEnumImpl@UIEnumConnectionPoints@@$1?_GUID_b196b285_bab4_101a_b69c_00aa00341d07@@3U__s_GUID@@BPEAUIConnectionPoint@@V?$_CopyInterface@UIConnectionPoint@@@ATL@@@ATL@@UEAAJXZ 0000000180003960 f i MSR.obj
 0001:0000296c       ?Clone@?$CComEnumImpl@UIEnumConnectionPoints@@$1?_GUID_b196b285_bab4_101a_b69c_00aa00341d07@@3U__s_GUID@@BPEAUIConnectionPoint@@V?$_CopyInterface@UIConnectionPoint@@@ATL@@@ATL@@UEAAJPEAPEAUIEnumConnectionPoints@@@Z 000000018000396c f i MSR.obj
 0001:00002a98       ?AddRef@?$CComObject@V?$CComEnum@UIEnumConnectionPoints@@$1?_GUID_b196b285_bab4_101a_b69c_00aa00341d07@@3U__s_GUID@@BPEAUIConnectionPoint@@V?$_CopyInterface@UIConnectionPoint@@@ATL@@VCComSingleThreadModel@6@@ATL@@@ATL@@UEAAKXZ 0000000180003a98 f i MSR.obj
 0001:00002a98       ?AddRef@?$CComObject@V?$CComEnum@UIEnumConnections@@$1?_GUID_b196b287_bab4_101a_b69c_00aa00341d07@@3U__s_GUID@@BUtagCONNECTDATA@@V?$_Copy@UtagCONNECTDATA@@@ATL@@VCComSingleThreadModel@6@@ATL@@@ATL@@UEAAKXZ 0000000180003a98 f i MSR.obj
 0001:00002aa4       ?Release@?$CComObject@V?$CComEnum@UIEnumConnectionPoints@@$1?_GUID_b196b285_bab4_101a_b69c_00aa00341d07@@3U__s_GUID@@BPEAUIConnectionPoint@@V?$_CopyInterface@UIConnectionPoint@@@ATL@@VCComSingleThreadModel@6@@ATL@@@ATL@@UEAAKXZ 0000000180003aa4 f i MSR.obj
 0001:00002aa4       ?Release@?$CComObject@V?$CComEnum@UIEnumConnections@@$1?_GUID_b196b287_bab4_101a_b69c_00aa00341d07@@3U__s_GUID@@BUtagCONNECTDATA@@V?$_Copy@UtagCONNECTDATA@@@ATL@@VCComSingleThreadModel@6@@ATL@@@ATL@@UEAAKXZ 0000000180003aa4 f i MSR.obj
 0001:00002af8       ?QueryInterface@?$CComObject@V?$CComEnum@UIEnumConnectionPoints@@$1?_GUID_b196b285_bab4_101a_b69c_00aa00341d07@@3U__s_GUID@@BPEAUIConnectionPoint@@V?$_CopyInterface@UIConnectionPoint@@@ATL@@VCComSingleThreadModel@6@@ATL@@@ATL@@UEAAJAEBU_GUID@@PEAPEAX@Z 0000000180003af8 f i MSR.obj
 0001:00002b0c       ??_G?$CComObject@V?$CComEnum@UIEnumConnectionPoints@@$1?_GUID_b196b285_bab4_101a_b69c_00aa00341d07@@3U__s_GUID@@BPEAUIConnectionPoint@@V?$_CopyInterface@UIConnectionPoint@@@ATL@@VCComSingleThreadModel@6@@ATL@@@ATL@@UEAAPEAXI@Z 0000000180003b0c f i MSR.obj
 0001:00002b0c       ??_E?$CComObject@V?$CComEnum@UIEnumConnectionPoints@@$1?_GUID_b196b285_bab4_101a_b69c_00aa00341d07@@3U__s_GUID@@BPEAUIConnectionPoint@@V?$_CopyInterface@UIConnectionPoint@@@ATL@@VCComSingleThreadModel@6@@ATL@@@ATL@@UEAAPEAXI@Z 0000000180003b0c f i MSR.obj
 0001:00002b64       ?AddReplacement@CRegObject@ATL@@UEAAJPEB_W0@Z 0000000180003b64 f i MSR.obj
 0001:00002b94       ?ClearReplacements@CRegObject@ATL@@UEAAJXZ 0000000180003b94 f i MSR.obj
 0001:00002ba0       ??_GCRegObject@ATL@@UEAAPEAXI@Z 0000000180003ba0 f i MSR.obj
 0001:00002ba0       ??_ECRegObject@ATL@@UEAAPEAXI@Z 0000000180003ba0 f i MSR.obj
 0001:00002c20       ?AddRef@?$CComAggObject@VCOPOSMSR@@@ATL@@UEAAKXZ 0000000180003c20 f i MSR.obj
 0001:00002c2c       ?Release@?$CComAggObject@VCOPOSMSR@@@ATL@@UEAAKXZ 0000000180003c2c f i MSR.obj
 0001:00002c80       ?QueryInterface@?$CComAggObject@VCOPOSMSR@@@ATL@@UEAAJAEBU_GUID@@PEAPEAX@Z 0000000180003c80 f i MSR.obj
 0001:00002ce0       ?AddRef@?$CComContainedObject@VCOPOSMSR@@@ATL@@UEAAKXZ 0000000180003ce0 f i MSR.obj
 0001:00002cf0       ?Release@?$CComContainedObject@VCOPOSMSR@@@ATL@@UEAAKXZ 0000000180003cf0 f i MSR.obj
 0001:00002d00       ?QueryInterface@?$CComContainedObject@VCOPOSMSR@@@ATL@@UEAAJAEBU_GUID@@PEAPEAX@Z 0000000180003d00 f i MSR.obj
 0001:00002d10       ??_G?$CComAggObject@VCOPOSMSR@@@ATL@@UEAAPEAXI@Z 0000000180003d10 f i MSR.obj
 0001:00002d10       ??_E?$CComAggObject@VCOPOSMSR@@@ATL@@UEAAPEAXI@Z 0000000180003d10 f i MSR.obj
 0001:00002d68       ?AddRef@?$CComObject@VCOPOSMSR@@@ATL@@UEAAKXZ 0000000180003d68 f i MSR.obj
 0001:00002d78       ?Release@?$CComObject@VCOPOSMSR@@@ATL@@UEAAKXZ 0000000180003d78 f i MSR.obj
 0001:00002dd0       ?QueryInterface@?$CComObject@VCOPOSMSR@@@ATL@@UEAAJAEBU_GUID@@PEAPEAX@Z 0000000180003dd0 f i MSR.obj
 0001:00002de4       ?OnDrawAdvanced@CComControlBase@ATL@@UEAAJAEAUATL_DRAWINFO@@@Z 0000000180003de4 f i MSR.obj
 0001:00002f70       ?Next@?$CComEnumImpl@UIEnumConnections@@$1?_GUID_b196b287_bab4_101a_b69c_00aa00341d07@@3U__s_GUID@@BUtagCONNECTDATA@@V?$_Copy@UtagCONNECTDATA@@@ATL@@@ATL@@UEAAJKPEAUtagCONNECTDATA@@PEAK@Z 0000000180003f70 f i MSR.obj
 0001:00003044       ?Skip@?$CComEnumImpl@UIEnumConnections@@$1?_GUID_b196b287_bab4_101a_b69c_00aa00341d07@@3U__s_GUID@@BUtagCONNECTDATA@@V?$_Copy@UtagCONNECTDATA@@@ATL@@@ATL@@UEAAJK@Z 0000000180004044 f i MSR.obj
 0001:00003070       ?Clone@?$CComEnumImpl@UIEnumConnections@@$1?_GUID_b196b287_bab4_101a_b69c_00aa00341d07@@3U__s_GUID@@BUtagCONNECTDATA@@V?$_Copy@UtagCONNECTDATA@@@ATL@@@ATL@@UEAAJPEAPEAUIEnumConnections@@@Z 0000000180004070 f i MSR.obj
 0001:0000319c       ?QueryInterface@?$CComObject@V?$CComEnum@UIEnumConnections@@$1?_GUID_b196b287_bab4_101a_b69c_00aa00341d07@@3U__s_GUID@@BUtagCONNECTDATA@@V?$_Copy@UtagCONNECTDATA@@@ATL@@VCComSingleThreadModel@6@@ATL@@@ATL@@UEAAJAEBU_GUID@@PEAPEAX@Z 000000018000419c f i MSR.obj
 0001:000031b0       ??_G?$CComObject@V?$CComEnum@UIEnumConnections@@$1?_GUID_b196b287_bab4_101a_b69c_00aa00341d07@@3U__s_GUID@@BUtagCONNECTDATA@@V?$_Copy@UtagCONNECTDATA@@@ATL@@VCComSingleThreadModel@6@@ATL@@@ATL@@UEAAPEAXI@Z 00000001800041b0 f i MSR.obj
 0001:000031b0       ??_E?$CComObject@V?$CComEnum@UIEnumConnections@@$1?_GUID_b196b287_bab4_101a_b69c_00aa00341d07@@3U__s_GUID@@BUtagCONNECTDATA@@V?$_Copy@UtagCONNECTDATA@@@ATL@@VCComSingleThreadModel@6@@ATL@@@ATL@@UEAAPEAXI@Z 00000001800041b0 f i MSR.obj
 0001:00003208       ??_E?$CComObject@VCOPOSMSR@@@ATL@@W7EAAPEAXI@Z 0000000180004208 f i MSR.obj
 0001:00003214       ??_E?$CComObject@VCOPOSMSR@@@ATL@@WHA@EAAPEAXI@Z 0000000180004214 f i MSR.obj
 0001:00003220       ?QueryInterface@?$CComObject@VCOPOSMSR@@@ATL@@WLI@EAAJAEBU_GUID@@PEAPEAX@Z 0000000180004220 f i MSR.obj
 0001:0000322c       ?AddRef@?$CComObject@VCOPOSMSR@@@ATL@@WLI@EAAKXZ 000000018000422c f i MSR.obj
 0001:00003238       ?Release@?$CComObject@VCOPOSMSR@@@ATL@@WLI@EAAKXZ 0000000180004238 f i MSR.obj
 0001:00003244       ?QueryInterface@?$CComObject@VCOPOSMSR@@@ATL@@WMA@EAAJAEBU_GUID@@PEAPEAX@Z 0000000180004244 f i MSR.obj
 0001:00003250       ?AddRef@?$CComObject@VCOPOSMSR@@@ATL@@WMA@EAAKXZ 0000000180004250 f i MSR.obj
 0001:0000325c       ?Release@?$CComObject@VCOPOSMSR@@@ATL@@WMA@EAAKXZ 000000018000425c f i MSR.obj
 0001:00003268       ?QueryInterface@?$CComObject@VCOPOSMSR@@@ATL@@WMI@EAAJAEBU_GUID@@PEAPEAX@Z 0000000180004268 f i MSR.obj
 0001:00003274       ?AddRef@?$CComObject@VCOPOSMSR@@@ATL@@WMI@EAAKXZ 0000000180004274 f i MSR.obj
 0001:00003280       ?Release@?$CComObject@VCOPOSMSR@@@ATL@@WMI@EAAKXZ 0000000180004280 f i MSR.obj
 0001:0000328c       ?QueryInterface@?$CComObject@VCOPOSMSR@@@ATL@@WNA@EAAJAEBU_GUID@@PEAPEAX@Z 000000018000428c f i MSR.obj
 0001:00003298       ?AddRef@?$CComObject@VCOPOSMSR@@@ATL@@WNA@EAAKXZ 0000000180004298 f i MSR.obj
 0001:000032a4       ?Release@?$CComObject@VCOPOSMSR@@@ATL@@WNA@EAAKXZ 00000001800042a4 f i MSR.obj
 0001:000032b0       ?QueryInterface@?$CComObject@VCOPOSMSR@@@ATL@@WNI@EAAJAEBU_GUID@@PEAPEAX@Z 00000001800042b0 f i MSR.obj
 0001:000032bc       ?AddRef@?$CComObject@VCOPOSMSR@@@ATL@@WNI@EAAKXZ 00000001800042bc f i MSR.obj
 0001:000032c8       ?Release@?$CComObject@VCOPOSMSR@@@ATL@@WNI@EAAKXZ 00000001800042c8 f i MSR.obj
 0001:000032d4       ?QueryInterface@?$CComObject@VCOPOSMSR@@@ATL@@WOA@EAAJAEBU_GUID@@PEAPEAX@Z 00000001800042d4 f i MSR.obj
 0001:000032e0       ?AddRef@?$CComObject@VCOPOSMSR@@@ATL@@WOA@EAAKXZ 00000001800042e0 f i MSR.obj
 0001:000032ec       ?Release@?$CComObject@VCOPOSMSR@@@ATL@@WOA@EAAKXZ 00000001800042ec f i MSR.obj
 0001:000032f8       ?QueryInterface@?$CComObject@VCOPOSMSR@@@ATL@@WOI@EAAJAEBU_GUID@@PEAPEAX@Z 00000001800042f8 f i MSR.obj
 0001:00003304       ?AddRef@?$CComObject@VCOPOSMSR@@@ATL@@WOI@EAAKXZ 0000000180004304 f i MSR.obj
 0001:00003310       ?Release@?$CComObject@VCOPOSMSR@@@ATL@@WOI@EAAKXZ 0000000180004310 f i MSR.obj
 0001:0000331c       ?QueryInterface@?$CComObject@VCOPOSMSR@@@ATL@@WPA@EAAJAEBU_GUID@@PEAPEAX@Z 000000018000431c f i MSR.obj
 0001:00003328       ?AddRef@?$CComObject@VCOPOSMSR@@@ATL@@WPA@EAAKXZ 0000000180004328 f i MSR.obj
 0001:00003334       ?Release@?$CComObject@VCOPOSMSR@@@ATL@@WPA@EAAKXZ 0000000180004334 f i MSR.obj
 0001:00003340       ?QueryInterface@?$CComObject@VCOPOSMSR@@@ATL@@WPI@EAAJAEBU_GUID@@PEAPEAX@Z 0000000180004340 f i MSR.obj
 0001:0000334c       ?AddRef@?$CComObject@VCOPOSMSR@@@ATL@@WPI@EAAKXZ 000000018000434c f i MSR.obj
 0001:00003358       ?Release@?$CComObject@VCOPOSMSR@@@ATL@@WPI@EAAKXZ 0000000180004358 f i MSR.obj
 0001:00003364       ?QueryInterface@?$CComObject@VCOPOSMSR@@@ATL@@WBAA@EAAJAEBU_GUID@@PEAPEAX@Z 0000000180004364 f i MSR.obj
 0001:00003370       ?AddRef@?$CComObject@VCOPOSMSR@@@ATL@@WBAA@EAAKXZ 0000000180004370 f i MSR.obj
 0001:0000337c       ?Release@?$CComObject@VCOPOSMSR@@@ATL@@WBAA@EAAKXZ 000000018000437c f i MSR.obj
 0001:00003388       ?QueryInterface@?$CComObject@VCOPOSMSR@@@ATL@@WBAI@EAAJAEBU_GUID@@PEAPEAX@Z 0000000180004388 f i MSR.obj
 0001:00003394       ?AddRef@?$CComObject@VCOPOSMSR@@@ATL@@WBAI@EAAKXZ 0000000180004394 f i MSR.obj
 0001:000033a0       ?Release@?$CComObject@VCOPOSMSR@@@ATL@@WBAI@EAAKXZ 00000001800043a0 f i MSR.obj
 0001:000033ac       ?QueryInterface@?$CComObject@VCOPOSMSR@@@ATL@@WBBA@EAAJAEBU_GUID@@PEAPEAX@Z 00000001800043ac f i MSR.obj
 0001:000033b8       ?AddRef@?$CComObject@VCOPOSMSR@@@ATL@@WBBA@EAAKXZ 00000001800043b8 f i MSR.obj
 0001:000033c4       ?Release@?$CComObject@VCOPOSMSR@@@ATL@@WBBA@EAAKXZ 00000001800043c4 f i MSR.obj
 0001:000033d0       ?QueryInterface@?$CComObject@VCOPOSMSR@@@ATL@@WBBI@EAAJAEBU_GUID@@PEAPEAX@Z 00000001800043d0 f i MSR.obj
 0001:000033dc       ?AddRef@?$CComObject@VCOPOSMSR@@@ATL@@WBBI@EAAKXZ 00000001800043dc f i MSR.obj
 0001:000033e8       ?Release@?$CComObject@VCOPOSMSR@@@ATL@@WBBI@EAAKXZ 00000001800043e8 f i MSR.obj
 0001:000033f4       ?AddRef@?$CComObject@VCOPOSMSR@@@ATL@@WBCI@EAAKXZ 00000001800043f4 f i MSR.obj
 0001:00003400       ?Release@?$CComObject@VCOPOSMSR@@@ATL@@WBCI@EAAKXZ 0000000180004400 f i MSR.obj
 0001:0000340c       ?AddRef@?$CComObject@VCOPOSMSR@@@ATL@@WBEA@EAAKXZ 000000018000440c f i MSR.obj
 0001:00003418       ?Release@?$CComObject@VCOPOSMSR@@@ATL@@WBEA@EAAKXZ 0000000180004418 f i MSR.obj
 0001:00003424       ??_E?$CComContainedObject@VCOPOSMSR@@@ATL@@W7EAAPEAXI@Z 0000000180004424 f i MSR.obj
 0001:00003430       ??_E?$CComContainedObject@VCOPOSMSR@@@ATL@@WHA@EAAPEAXI@Z 0000000180004430 f i MSR.obj
 0001:0000343c       ?QueryInterface@?$CComContainedObject@VCOPOSMSR@@@ATL@@WLI@EAAJAEBU_GUID@@PEAPEAX@Z 000000018000443c f i MSR.obj
 0001:00003448       ?AddRef@?$CComContainedObject@VCOPOSMSR@@@ATL@@WLI@EAAKXZ 0000000180004448 f i MSR.obj
 0001:00003454       ?Release@?$CComContainedObject@VCOPOSMSR@@@ATL@@WLI@EAAKXZ 0000000180004454 f i MSR.obj
 0001:00003460       ?QueryInterface@?$CComContainedObject@VCOPOSMSR@@@ATL@@WMA@EAAJAEBU_GUID@@PEAPEAX@Z 0000000180004460 f i MSR.obj
 0001:0000346c       ?AddRef@?$CComContainedObject@VCOPOSMSR@@@ATL@@WMA@EAAKXZ 000000018000446c f i MSR.obj
 0001:00003478       ?Release@?$CComContainedObject@VCOPOSMSR@@@ATL@@WMA@EAAKXZ 0000000180004478 f i MSR.obj
 0001:00003484       ?QueryInterface@?$CComContainedObject@VCOPOSMSR@@@ATL@@WMI@EAAJAEBU_GUID@@PEAPEAX@Z 0000000180004484 f i MSR.obj
 0001:00003490       ?AddRef@?$CComContainedObject@VCOPOSMSR@@@ATL@@WMI@EAAKXZ 0000000180004490 f i MSR.obj
 0001:0000349c       ?Release@?$CComContainedObject@VCOPOSMSR@@@ATL@@WMI@EAAKXZ 000000018000449c f i MSR.obj
 0001:000034a8       ?QueryInterface@?$CComContainedObject@VCOPOSMSR@@@ATL@@WNA@EAAJAEBU_GUID@@PEAPEAX@Z 00000001800044a8 f i MSR.obj
 0001:000034b4       ?AddRef@?$CComContainedObject@VCOPOSMSR@@@ATL@@WNA@EAAKXZ 00000001800044b4 f i MSR.obj
 0001:000034c0       ?Release@?$CComContainedObject@VCOPOSMSR@@@ATL@@WNA@EAAKXZ 00000001800044c0 f i MSR.obj
 0001:000034cc       ?QueryInterface@?$CComContainedObject@VCOPOSMSR@@@ATL@@WNI@EAAJAEBU_GUID@@PEAPEAX@Z 00000001800044cc f i MSR.obj
 0001:000034d8       ?AddRef@?$CComContainedObject@VCOPOSMSR@@@ATL@@WNI@EAAKXZ 00000001800044d8 f i MSR.obj
 0001:000034e4       ?Release@?$CComContainedObject@VCOPOSMSR@@@ATL@@WNI@EAAKXZ 00000001800044e4 f i MSR.obj
 0001:000034f0       ?QueryInterface@?$CComContainedObject@VCOPOSMSR@@@ATL@@WOA@EAAJAEBU_GUID@@PEAPEAX@Z 00000001800044f0 f i MSR.obj
 0001:000034fc       ?AddRef@?$CComContainedObject@VCOPOSMSR@@@ATL@@WOA@EAAKXZ 00000001800044fc f i MSR.obj
 0001:00003508       ?Release@?$CComContainedObject@VCOPOSMSR@@@ATL@@WOA@EAAKXZ 0000000180004508 f i MSR.obj
 0001:00003514       ?QueryInterface@?$CComContainedObject@VCOPOSMSR@@@ATL@@WOI@EAAJAEBU_GUID@@PEAPEAX@Z 0000000180004514 f i MSR.obj
 0001:00003520       ?AddRef@?$CComContainedObject@VCOPOSMSR@@@ATL@@WOI@EAAKXZ 0000000180004520 f i MSR.obj
 0001:0000352c       ?Release@?$CComContainedObject@VCOPOSMSR@@@ATL@@WOI@EAAKXZ 000000018000452c f i MSR.obj
 0001:00003538       ?QueryInterface@?$CComContainedObject@VCOPOSMSR@@@ATL@@WPA@EAAJAEBU_GUID@@PEAPEAX@Z 0000000180004538 f i MSR.obj
 0001:00003544       ?AddRef@?$CComContainedObject@VCOPOSMSR@@@ATL@@WPA@EAAKXZ 0000000180004544 f i MSR.obj
 0001:00003550       ?Release@?$CComContainedObject@VCOPOSMSR@@@ATL@@WPA@EAAKXZ 0000000180004550 f i MSR.obj
 0001:0000355c       ?QueryInterface@?$CComContainedObject@VCOPOSMSR@@@ATL@@WPI@EAAJAEBU_GUID@@PEAPEAX@Z 000000018000455c f i MSR.obj
 0001:00003568       ?AddRef@?$CComContainedObject@VCOPOSMSR@@@ATL@@WPI@EAAKXZ 0000000180004568 f i MSR.obj
 0001:00003574       ?Release@?$CComContainedObject@VCOPOSMSR@@@ATL@@WPI@EAAKXZ 0000000180004574 f i MSR.obj
 0001:00003580       ?QueryInterface@?$CComContainedObject@VCOPOSMSR@@@ATL@@WBAA@EAAJAEBU_GUID@@PEAPEAX@Z 0000000180004580 f i MSR.obj
 0001:0000358c       ?AddRef@?$CComContainedObject@VCOPOSMSR@@@ATL@@WBAA@EAAKXZ 000000018000458c f i MSR.obj
 0001:00003598       ?Release@?$CComContainedObject@VCOPOSMSR@@@ATL@@WBAA@EAAKXZ 0000000180004598 f i MSR.obj
 0001:000035a4       ?QueryInterface@?$CComContainedObject@VCOPOSMSR@@@ATL@@WBAI@EAAJAEBU_GUID@@PEAPEAX@Z 00000001800045a4 f i MSR.obj
 0001:000035b0       ?AddRef@?$CComContainedObject@VCOPOSMSR@@@ATL@@WBAI@EAAKXZ 00000001800045b0 f i MSR.obj
 0001:000035bc       ?Release@?$CComContainedObject@VCOPOSMSR@@@ATL@@WBAI@EAAKXZ 00000001800045bc f i MSR.obj
 0001:000035c8       ?QueryInterface@?$CComContainedObject@VCOPOSMSR@@@ATL@@WBBA@EAAJAEBU_GUID@@PEAPEAX@Z 00000001800045c8 f i MSR.obj
 0001:000035d4       ?AddRef@?$CComContainedObject@VCOPOSMSR@@@ATL@@WBBA@EAAKXZ 00000001800045d4 f i MSR.obj
 0001:000035e0       ?Release@?$CComContainedObject@VCOPOSMSR@@@ATL@@WBBA@EAAKXZ 00000001800045e0 f i MSR.obj
 0001:000035ec       ?QueryInterface@?$CComContainedObject@VCOPOSMSR@@@ATL@@WBBI@EAAJAEBU_GUID@@PEAPEAX@Z 00000001800045ec f i MSR.obj
 0001:000035f8       ?AddRef@?$CComContainedObject@VCOPOSMSR@@@ATL@@WBBI@EAAKXZ 00000001800045f8 f i MSR.obj
 0001:00003604       ?Release@?$CComContainedObject@VCOPOSMSR@@@ATL@@WBBI@EAAKXZ 0000000180004604 f i MSR.obj
 0001:00003610       ?AddRef@?$CComContainedObject@VCOPOSMSR@@@ATL@@WBCI@EAAKXZ 0000000180004610 f i MSR.obj
 0001:0000361c       ?Release@?$CComContainedObject@VCOPOSMSR@@@ATL@@WBCI@EAAKXZ 000000018000461c f i MSR.obj
 0001:00003628       ?AddRef@?$CComContainedObject@VCOPOSMSR@@@ATL@@WBEA@EAAKXZ 0000000180004628 f i MSR.obj
 0001:00003634       ?Release@?$CComContainedObject@VCOPOSMSR@@@ATL@@WBEA@EAAKXZ 0000000180004634 f i MSR.obj
 0001:00003640       ?CreateInstance@CComClassFactory@ATL@@UEAAJPEAUIUnknown@@AEBU_GUID@@PEAPEAX@Z 0000000180004640 f i MSR.obj
 0001:000036a0       ?LockServer@CComClassFactory@ATL@@UEAAJH@Z 00000001800046a0 f i MSR.obj
 0001:000036c4       ??_ECComClassFactory@ATL@@UEAAPEAXI@Z 00000001800046c4 f i MSR.obj
 0001:000036c4       ??_GCComClassFactory@ATL@@UEAAPEAXI@Z 00000001800046c4 f i MSR.obj
 0001:00003714       ??$AtlModuleRegisterWndClassInfoT@VAtlModuleRegisterWndClassInfoParamW@ATL@@@ATL@@YAGPEAU_ATL_BASE_MODULE70@0@PEAU_ATL_WIN_MODULE70@0@PEAU_ATL_WNDCLASSINFOW@0@PEAP6A_JPEAUHWND__@@I_K_J@ZVAtlModuleRegisterWndClassInfoParamW@0@@Z 0000000180004714 f i MSR.obj
 0001:00003914       ??0?$CComContainedObject@VCOPOSMSR@@@ATL@@QEAA@PEAX@Z 0000000180004914 f i MSR.obj
 0001:00003a30       ??0?$CComObject@VCOPOSMSR@@@ATL@@QEAA@PEAX@Z 0000000180004a30 f i MSR.obj
 0001:00003b48       ??0CAtlModule@ATL@@QEAA@XZ 0000000180004b48 f i MSR.obj
 0001:00003bbc       ??1?$CComEnumImpl@UIEnumConnectionPoints@@$1?_GUID_b196b285_bab4_101a_b69c_00aa00341d07@@3U__s_GUID@@BPEAUIConnectionPoint@@V?$_CopyInterface@UIConnectionPoint@@@ATL@@@ATL@@UEAA@XZ 0000000180004bbc f i MSR.obj
 0001:00003c18       ??1?$CComEnumImpl@UIEnumConnections@@$1?_GUID_b196b287_bab4_101a_b69c_00aa00341d07@@3U__s_GUID@@BUtagCONNECTDATA@@V?$_Copy@UtagCONNECTDATA@@@ATL@@@ATL@@UEAA@XZ 0000000180004c18 f i MSR.obj
 0001:00003c74       ??1?$CComObject@VCOPOSMSR@@@ATL@@UEAA@XZ 0000000180004c74 f i MSR.obj
 0001:00003d94       ??_G?$CComContainedObject@VCOPOSMSR@@@ATL@@UEAAPEAXI@Z 0000000180004d94 f i MSR.obj
 0001:00003d94       ??_E?$CComContainedObject@VCOPOSMSR@@@ATL@@UEAAPEAXI@Z 0000000180004d94 f i MSR.obj
 0001:00003dc8       ??_G?$CComObject@VCOPOSMSR@@@ATL@@UEAAPEAXI@Z 0000000180004dc8 f i MSR.obj
 0001:00003dc8       ??_E?$CComObject@VCOPOSMSR@@@ATL@@UEAAPEAXI@Z 0000000180004dc8 f i MSR.obj
 0001:00003dfc       ?Add@?$CSimpleArray@GV?$CSimpleArrayEqualHelper@G@ATL@@@ATL@@QEAAHAEBG@Z 0000000180004dfc f i MSR.obj
 0001:00003eb0       ?Add@?$CSimpleMap@PEA_WPEA_WVCExpansionVectorEqualHelper@ATL@@@ATL@@QEAAHAEBQEA_W0@Z 0000000180004eb0 f i MSR.obj
 0001:00003f50       ?Add@CComDynamicUnkArray@ATL@@QEAAKPEAUIUnknown@@@Z 0000000180004f50 f i MSR.obj
 0001:0000403c       ?Add@CExpansionVector@ATL@@QEAAHPEB_W0@Z 000000018000503c f i MSR.obj
 0001:00004170       ?AddTermFunc@CAtlModule@ATL@@QEAAJP6AX_K@Z0@Z 0000000180005170 f i MSR.obj
 0001:0000420c       ?AddValue@CRegParser@ATL@@IEAAJAEAVCRegKey@2@PEB_WPEA_W@Z 000000018000520c f i MSR.obj
 0001:00004654       ?AllocateHeap@?$CTempBuffer@_W$0BAA@VCCRTAllocator@ATL@@@ATL@@AEAAX_K@Z 0000000180005654 f i MSR.obj
 0001:00004654       ?AllocateHeap@?$CTempBuffer@E$0BAA@VCCRTAllocator@ATL@@@ATL@@AEAAX_K@Z 0000000180005654 f i MSR.obj
 0001:00004654       ?AllocateHeap@?$CTempBuffer@_W$0EAA@VCCRTAllocator@ATL@@@ATL@@AEAAX_K@Z 0000000180005654 f i MSR.obj
 0001:00004680       ?Append@CParseBuffer@CRegParser@ATL@@QEAAHPEB_WH@Z 0000000180005680 f i MSR.obj
 0001:000047c8       ?AtlComModuleGetClassObject@ATL@@YAJPEAU_ATL_COM_MODULE70@1@AEBU_GUID@@1PEAPEAX@Z 00000001800057c8 f i MSR.obj
 0001:00004908       ?AtlComModuleRegisterServer@ATL@@YAJPEAU_ATL_COM_MODULE70@1@HPEBU_GUID@@@Z 0000000180005908 f i MSR.obj
 0001:000049c8       ?AtlComModuleUnregisterServer@ATL@@YAJPEAU_ATL_COM_MODULE70@1@HPEBU_GUID@@@Z 00000001800059c8 f i MSR.obj
 0001:00004a84       ?AtlHiMetricToPixel@ATL@@YAXPEBUtagSIZE@@PEAU2@@Z 0000000180005a84 f i MSR.obj
 0001:00004b34       ?AtlHresultFromLastError@ATL@@YAJXZ 0000000180005b34 f i MSR.obj
 0001:00004b54       ?AtlHresultFromWin32@ATL@@YAJK@Z 0000000180005b54 f i MSR.obj
 0001:00004b64       ?AtlInternalOleLoadFromStream@ATL@@YAJPEAUIStream@@AEBU_GUID@@PEAPEAXTClassesAllowedInStream@1@K@Z 0000000180005b64 f i MSR.obj
 0001:00004ca8       ?AtlInternalQueryInterface@ATL@@YAJPEAXPEBU_ATL_INTMAP_ENTRY@1@AEBU_GUID@@PEAPEAX@Z 0000000180005ca8 f i MSR.obj
 0001:00004db0       ?AtlLoadTypeLib@ATL@@YAJPEAUHINSTANCE__@@PEB_WPEAPEA_WPEAPEAUITypeLib@@@Z 0000000180005db0 f i MSR.obj
 0001:0000500c       ?AtlRegisterClassCategoriesHelper@ATL@@YAJAEBU_GUID@@PEBU_ATL_CATMAP_ENTRY@1@H@Z 000000018000600c f i MSR.obj
 0001:00005490       ?AtlRegisterTypeLib@ATL@@YAJPEAUHINSTANCE__@@PEB_W@Z 0000000180006490 f i MSR.obj
 0001:0000568c       ?AtlThrowImpl@ATL@@YAXJ@Z  000000018000668c f i MSR.obj
 0001:000056b0       ?AtlUnRegisterTypeLib@ATL@@YAJPEAUHINSTANCE__@@PEB_W@Z 00000001800066b0 f i MSR.obj
 0001:00005778       ?AtlWinModuleExtractCreateWndData@ATL@@YAPEAXPEAU_ATL_WIN_MODULE70@1@@Z 0000000180006778 f i MSR.obj
 0001:00005804       ?Cleanup@CComTypeInfoHolder@ATL@@SAX_K@Z 0000000180006804 f i MSR.obj
 0001:00005844       ?ClearReplacements@CExpansionVector@ATL@@QEAAJXZ 0000000180006844 f i MSR.obj
 0001:000058e0       ?CreateInstance@?$CComCreator@V?$CComAggObject@VCOPOSMSR@@@ATL@@@ATL@@SAJPEAXAEBU_GUID@@PEAPEAX@Z 00000001800068e0 f i MSR.obj
 0001:000059c4       ?CreateInstance@?$CComCreator@V?$CComObject@VCOPOSMSR@@@ATL@@@ATL@@SAJPEAXAEBU_GUID@@PEAPEAX@Z 00000001800069c4 f i MSR.obj
 0001:00005a78       ?CreateInstance@?$CComObject@V?$CComEnum@UIEnumConnectionPoints@@$1?_GUID_b196b285_bab4_101a_b69c_00aa00341d07@@3U__s_GUID@@BPEAUIConnectionPoint@@V?$_CopyInterface@UIConnectionPoint@@@ATL@@VCComSingleThreadModel@6@@ATL@@@ATL@@SAJPEAPEAV12@@Z 0000000180006a78 f i MSR.obj
 0001:00005b08       ?CreateInstance@?$CComObject@V?$CComEnum@UIEnumConnections@@$1?_GUID_b196b287_bab4_101a_b69c_00aa00341d07@@3U__s_GUID@@BUtagCONNECTDATA@@V?$_Copy@UtagCONNECTDATA@@@ATL@@VCComSingleThreadModel@6@@ATL@@@ATL@@SAJPEAPEAV12@@Z 0000000180006b08 f i MSR.obj
 0001:00005b98       ?DefaultReflectionHandler@?$CWindowImplRoot@VCWindow@ATL@@@ATL@@SAHPEAUHWND__@@I_K_JAEA_J@Z 0000000180006b98 f i MSR.obj
 0001:00005bfc       ?DeleteSubKey@CRegKey@ATL@@QEAAJPEB_W@Z 0000000180006bfc f i MSR.obj
 0001:00005c94       ?DoEvent@COPOSMSR@@IEAAXI_K_J@Z 0000000180006c94 f i MSR.obj
 0001:00005d48       ?DoVerbPrimary@?$IOleObjectImpl@VCOPOSMSR@@@ATL@@QEAAJPEBUtagRECT@@PEAUHWND__@@@Z 0000000180006d48 f i MSR.obj
 0001:00005e74       ?DoVerbProperties@CComControlBase@ATL@@QEAAJPEBUtagRECT@@PEAUHWND__@@@Z 0000000180006e74 f i MSR.obj
 0001:0000609c       ?FireTheEvent@?$CProxy_IOPOSEvents@VCOPOSMSR@@@@IEAAXPEAVOposVariant@@IAEAJPEB_WJ@Z 000000018000709c f i MSR.obj
 0001:00006188       ?FireViewChange@CComControlBase@ATL@@QEAAJXZ 0000000180007188 f i MSR.obj
 0001:000061ec       ?Fire_DataEvent@?$CProxy_IOPOSEvents@VCOPOSMSR@@@@QEAAXJ@Z 00000001800071ec f i MSR.obj
 0001:000062d8       ?Fire_DirectIOEvent@?$CProxy_IOPOSEvents@VCOPOSMSR@@@@QEAAXJPEAJPEAPEA_W@Z 00000001800072d8 f i MSR.obj
 0001:00006438       ?Fire_ErrorEvent@?$CProxy_IOPOSEvents@VCOPOSMSR@@@@QEAAXJJJPEAJ@Z 0000000180007438 f i MSR.obj
 0001:000065ac       ?Fire_StatusUpdateEvent@?$CProxy_IOPOSEvents@VCOPOSMSR@@@@QEAAXJ@Z 00000001800075ac f i MSR.obj
 0001:00006698       ?FreeHeap@?$CTempBuffer@E$0BAA@VCCRTAllocator@ATL@@@ATL@@AEAAXXZ 0000000180007698 f i MSR.obj
 0001:00006698       ?FreeHeap@?$CTempBuffer@_W$0BAA@VCCRTAllocator@ATL@@@ATL@@AEAAXXZ 0000000180007698 f i MSR.obj
 0001:00006698       ?FreeHeap@?$CTempBuffer@_W$0EAA@VCCRTAllocator@ATL@@@ATL@@AEAAXXZ 0000000180007698 f i MSR.obj
 0001:000066a0       ?GetAmbientLocaleID@CComControlBase@ATL@@QEAAJAEAK@Z 00000001800076a0 f i MSR.obj
 0001:00006760       ?GetAmbientUserMode@CComControlBase@ATL@@QEAAJAEAH@Z 0000000180007760 f i MSR.obj
 0001:00006830       ?GetClassObject@CComModule@ATL@@QEAAJAEBU_GUID@@0PEAPEAX@Z 0000000180007830 f i MSR.obj
 0001:00006924       ?GetConnMap@COPOSMSR@@SAPEBU_ATL_CONNMAP_ENTRY@ATL@@PEAH@Z 0000000180007924 f i MSR.obj
 0001:000069ac       ?GetIDsOfNames@CComTypeInfoHolder@ATL@@QEAAJAEBU_GUID@@PEAPEA_WIKPEAJ@Z 00000001800079ac f i MSR.obj
 0001:00006b24       ?GetPagesHelper@?$ISpecifyPropertyPagesImpl@VCOPOSMSR@@@ATL@@IEAAJPEAUtagCAUUID@@PEBUATL_PROPMAP_ENTRY@2@@Z 0000000180007b24 f i MSR.obj
 0001:00006cc4       ?GetSizeMax@CComVariant@ATL@@QEBAJPEAT_ULARGE_INTEGER@@@Z 0000000180007cc4 f i MSR.obj
 0001:00006ef4       ?GetTI@CComTypeInfoHolder@ATL@@QEAAJK@Z 0000000180007ef4 f i MSR.obj
 0001:000071dc       ?GetZoomInfo@CComControlBase@ATL@@QEAAXAEAUATL_DRAWINFO@@@Z 00000001800081dc f i MSR.obj
 0001:00007280       ?HKeyFromString@CRegParser@ATL@@KAPEAUHKEY__@@PEA_W@Z 0000000180008280 f i MSR.obj
 0001:000072e4       ?IDataObject_GetData@CComControlBase@ATL@@QEAAJPEAUtagFORMATETC@@PEAUtagSTGMEDIUM@@@Z 00000001800082e4 f i MSR.obj
 0001:000074d8       ?IOleInPlaceObject_InPlaceDeactivate@CComControlBase@ATL@@QEAAJXZ 00000001800084d8 f i MSR.obj
 0001:00007578       ?IOleInPlaceObject_SetObjectRects@CComControlBase@ATL@@QEAAJPEBUtagRECT@@0@Z 0000000180008578 f i MSR.obj
 0001:00007668       ?IOleInPlaceObject_UIDeactivate@CComControlBase@ATL@@QEAAJXZ 0000000180008668 f i MSR.obj
 0001:00007774       ?IOleObject_Close@CComControlBase@ATL@@QEAAJK@Z 0000000180008774 f i MSR.obj
 0001:0000788c       ?IOleObject_SetClientSite@CComControlBase@ATL@@QEAAJPEAUIOleClientSite@@@Z 000000018000888c f i MSR.obj
 0001:00007904       ?IOleObject_SetExtent@CComControlBase@ATL@@QEAAJKPEAUtagSIZE@@@Z 0000000180008904 f i MSR.obj
 0001:0000799c       ?IPSI_GetIPersistStreamInit@?$IPersistStorageImpl@VCOPOSMSR@@@ATL@@AEAAPEAUIPersistStreamInit@@XZ 000000018000899c f i MSR.obj
 0001:00007a84       ?IPersistStreamInit_Load@?$IPersistStreamInitImpl@VCOPOSMSR@@@ATL@@QEAAJPEAUIStream@@PEBUATL_PROPMAP_ENTRY@2@@Z 0000000180008a84 f i MSR.obj
 0001:00007db0       ?IPersistStreamInit_Save@?$IPersistStreamInitImpl@VCOPOSMSR@@@ATL@@QEAAJPEAUIStream@@HPEBUATL_PROPMAP_ENTRY@2@@Z 0000000180008db0 f i MSR.obj
 0001:00008050       ?IQuickActivate_QuickActivate@CComControlBase@ATL@@QEAAJPEAUtagQACONTAINER@@PEAUtagQACONTROL@@@Z 0000000180009050 f i MSR.obj
 0001:00008314       ?IViewObject_Draw@CComControlBase@ATL@@QEAAJKJPEAXPEAUtagDVTARGETDEVICE@@PEAUHDC__@@2PEBU_RECTL@@3@Z 0000000180009314 f i MSR.obj
 0001:00008428       ?InPlaceActivate@CComControlBase@ATL@@QEAAJJPEBUtagRECT@@@Z 0000000180009428 f i MSR.obj
 0001:0000875c       ?Init@?$CComEnumImpl@UIEnumConnectionPoints@@$1?_GUID_b196b285_bab4_101a_b69c_00aa00341d07@@3U__s_GUID@@BPEAUIConnectionPoint@@V?$_CopyInterface@UIConnectionPoint@@@ATL@@@ATL@@QEAAJPEAPEAUIConnectionPoint@@0PEAUIUnknown@@W4CComEnumFlags@2@@Z 000000018000975c f i MSR.obj
 0001:0000887c       ?Init@?$CComEnumImpl@UIEnumConnections@@$1?_GUID_b196b287_bab4_101a_b69c_00aa00341d07@@3U__s_GUID@@BUtagCONNECTDATA@@V?$_Copy@UtagCONNECTDATA@@@ATL@@@ATL@@QEAAJPEAUtagCONNECTDATA@@0PEAUIUnknown@@W4CComEnumFlags@2@@Z 000000018000987c f i MSR.obj
 0001:000089a0       ?IsEqualObject@?$CComPtrBase@UIOleClientSite@@@ATL@@QEAA_NPEAUIUnknown@@@Z 00000001800099a0 f i MSR.obj
 0001:00008a2c       ?LoadNameCache@CComTypeInfoHolder@ATL@@QEAAJPEAUITypeInfo@@@Z 0000000180009a2c f i MSR.obj
 0001:00008bac       ?Lookup@?$CSimpleMap@PEA_WPEA_WVCExpansionVectorEqualHelper@ATL@@@ATL@@QEBAPEA_WAEBQEA_W@Z 0000000180009bac f i MSR.obj
 0001:00008c34       ?NextToken@CRegParser@ATL@@IEAAJPEA_W@Z 0000000180009c34 f i MSR.obj
 0001:00008dec       ?OnKillFocus@CComControlBase@ATL@@QEAA_JI_K_JAEAH@Z 0000000180009dec f i MSR.obj
 0001:00008e88       ?OnMouseActivate@CComControlBase@ATL@@QEAA_JI_K_JAEAH@Z 0000000180009e88 f i MSR.obj
 0001:00008f28       ?OnPaint@CComControlBase@ATL@@QEAA_JI_K_JAEAH@Z 0000000180009f28 f i MSR.obj
 0001:00009014       ?OnSetFocus@CComControlBase@ATL@@QEAA_JI_K_JAEAH@Z 000000018000a014 f i MSR.obj
 0001:00009110       ?PreProcessBuffer@CRegParser@ATL@@QEAAJPEA_WPEAPEA_W@Z 000000018000a110 f i MSR.obj
 0001:0000949c       ?ProcessWindowMessage@?$CComControl@VCOPOSMSR@@V?$CWindowImpl@VCOPOSMSR@@VCWindow@ATL@@V?$CWinTraits@$0FGAAAAAA@$0A@@3@@ATL@@@ATL@@UEAAHPEAUHWND__@@I_K_JAEA_JK@Z 000000018000a49c f i MSR.obj
 0001:00009580       ?ReadFromStream@CComBSTR@ATL@@QEAAJPEAUIStream@@@Z 000000018000a580 f i MSR.obj
 0001:000096d0       ?ReadFromStream@CComVariant@ATL@@QEAAJPEAUIStream@@GTClassesAllowedInStream@2@K@Z 000000018000a6d0 f i MSR.obj
 0001:000098f4       ?RecurseDeleteKey@CRegKey@ATL@@QEAAJPEB_W@Z 000000018000a8f4 f i MSR.obj
 0001:00009a4c       ?RegCreateKeyExW@CAtlTransactionManager@ATL@@QEAAJPEAUHKEY__@@PEB_WKPEA_WKKQEAU_SECURITY_ATTRIBUTES@@PEAPEAU3@PEAK@Z 000000018000aa4c f i MSR.obj
 0001:00009b80       ?RegDeleteKeyW@CAtlTransactionManager@ATL@@QEAAJPEAUHKEY__@@PEB_W@Z 000000018000ab80 f i MSR.obj
 0001:00009c0c       ?RegOpenKeyExW@CAtlTransactionManager@ATL@@QEAAJPEAUHKEY__@@PEB_WKKPEAPEAU3@@Z 000000018000ac0c f i MSR.obj
 0001:00009cc4       ?RegisterBuffer@CRegParser@ATL@@QEAAJPEA_WH@Z 000000018000acc4 f i MSR.obj
 0001:00009e2c       ?RegisterFromResource@CRegObject@ATL@@IEAAJPEB_W00H@Z 000000018000ae2c f i MSR.obj
 0001:00009fe8       ?RegisterServer@CComModule@ATL@@QEAAJHPEBU_GUID@@@Z 000000018000afe8 f i MSR.obj
 0001:0000a0a8       ?RegisterSubkeys@CRegParser@ATL@@IEAAJPEA_WPEAUHKEY__@@HH@Z 000000018000b0a8 f i MSR.obj
 0001:0000a914       ?SendOnDataChange@CComControlBase@ATL@@QEAAJK@Z 000000018000b914 f i MSR.obj
 0001:0000a984       ?SetControlFocus@CComControlBase@ATL@@QEAAHH@Z 000000018000b984 f i MSR.obj
 0001:0000aa60       ?SkipAssignment@CRegParser@ATL@@IEAAJPEA_W@Z 000000018000ba60 f i MSR.obj
 0001:0000ab04       ?Term@CAtlModule@ATL@@QEAAXXZ 000000018000bb04 f i MSR.obj
 0001:0000ab84       ?Term@CComModule@ATL@@QEAAXXZ 000000018000bb84 f i MSR.obj
 0001:0000ac00       ?UnregisterServer@CComModule@ATL@@QEAAJHPEBU_GUID@@@Z 000000018000bc00 f i MSR.obj
 0001:0000acb0       ?UpdateRegistryFromResource@CAtlModule@ATL@@QEAAJIHPEAU_ATL_REGMAP_ENTRY@2@@Z 000000018000bcb0 f i MSR.obj
 0001:0000afbc       ?UpdateRegistryFromResource@CAtlModule@ATL@@QEAAJPEB_WHPEAU_ATL_REGMAP_ENTRY@2@@Z 000000018000bfbc f i MSR.obj
 0001:0000b2e0       ?VTFromRegType@CRegParser@ATL@@KAHPEB_WAEAG@Z 000000018000c2e0 f i MSR.obj
 0001:0000b37c       ?WindowProc@?$CWindowImplBaseT@VCWindow@ATL@@V?$CWinTraits@$0FGAAAAAA@$0A@@2@@ATL@@SA_JPEAUHWND__@@I_K_J@Z 000000018000c37c f i MSR.obj
 0001:0000b4e8       ?WriteToStream@CComVariant@ATL@@QEAAJPEAUIStream@@@Z 000000018000c4e8 f i MSR.obj
 0001:0000b764       ?WriteToStream@CComVariant@ATL@@QEAAJPEAUIStream@@G@Z 000000018000c764 f i MSR.obj
 0001:0000b7fc       ?_AtlVerifyStackAvailable@_ATL_SAFE_ALLOCA_IMPL@ATL@@YA_N_K@Z 000000018000c7fc f i MSR.obj
 0001:0000b880       ?atlCreate@?$CWindowImpl@VCOPOSMSR@@VCWindow@ATL@@V?$CWinTraits@$0FGAAAAAA@$0A@@3@@ATL@@QEAAPEAUHWND__@@PEAU3@V_U_RECT@2@PEB_WKKV_U_MENUorID@2@PEAX@Z 000000018000c880 f i MSR.obj
 0001:0000b934       ?atlCreate@?$CWindowImplBaseT@VCWindow@ATL@@V?$CWinTraits@$0FGAAAAAA@$0A@@2@@ATL@@QEAAPEAUHWND__@@PEAU3@V_U_RECT@2@PEB_WKKV_U_MENUorID@2@GPEAX@Z 000000018000c934 f i MSR.obj
 0001:0000baa4       ?ocscpy_s@@YA_NPEA_W_KPEB_W@Z 000000018000caa4 f i MSR.obj
 0001:0000bb54       DllCanUnloadNow            000000018000cb54 f   MSR.obj
 0001:0000bb60       DllGetClassObject          000000018000cb60 f   MSR.obj
 0001:0000bb78       DllMain                    000000018000cb78 f   MSR.obj
 0001:0000bc20       DllRegisterServer          000000018000cc20 f   MSR.obj
 0001:0000bc34       DllUnregisterServer        000000018000cc34 f   MSR.obj
 0001:0000bc48       __local_stdio_printf_options 000000018000cc48 f i MSR.obj
 0001:0000bc50       swprintf_s                 000000018000cc50 f i MSR.obj
 0001:0000bca4       ??0COPOSMSR@@QEAA@XZ       000000018000cca4 f   MSRImpl.obj
 0001:0000bd6c       ??1?$IConnectionPointImpl@VCOPOSMSR@@$1?DIID__IOPOSMSREvents@@3U_GUID@@BVCComDynamicUnkArray@ATL@@@ATL@@QEAA@XZ 000000018000cd6c f i MSRImpl.obj
 0001:0000bd6c       ??1?$IConnectionPointImpl@VCOPOSMSR@@$1?IID_IPropertyNotifySink@@3U_GUID@@BVCComDynamicUnkArray@ATL@@@ATL@@QEAA@XZ 000000018000cd6c f i MSRImpl.obj
 0001:0000bdc8       ??1CComControlBase@ATL@@UEAA@XZ 000000018000cdc8 f i MSRImpl.obj
 0001:0000be44       ??1COPOSMSR@@UEAA@XZ       000000018000ce44 f   MSRImpl.obj
 0001:0000bea8       ?AuthenticateDevice@COPOSMSR@@UEAAJPEA_WPEAJ@Z 000000018000cea8 f   MSRImpl.obj
 0001:0000bf30       ?CheckHealth@COPOSMSR@@UEAAJJPEAJ@Z 000000018000cf30 f   MSRImpl.obj
 0001:0000bfac       ?ClaimDevice@COPOSMSR@@UEAAJJPEAJ@Z 000000018000cfac f   MSRImpl.obj
 0001:0000c04c       ?ClearInput@COPOSMSR@@UEAAJPEAJ@Z 000000018000d04c f   MSRImpl.obj
 0001:0000c074       ?ClearInputProperties@COPOSMSR@@UEAAJPEAJ@Z 000000018000d074 f   MSRImpl.obj
 0001:0000c09c       ?Close@COPOSMSR@@UEAAJPEAJ@Z 000000018000d09c f   MSRImpl.obj
 0001:0000c154       ?CompareFirmwareVersion@COPOSMSR@@UEAAJPEA_WPEAJ1@Z 000000018000d154 f   MSRImpl.obj
 0001:0000c230       ?DeauthenticateDevice@COPOSMSR@@UEAAJPEA_WPEAJ@Z 000000018000d230 f   MSRImpl.obj
 0001:0000c2b8       ?DirectIO@COPOSMSR@@UEAAJJPEAJPEAPEA_W0@Z 000000018000d2b8 f   MSRImpl.obj
 0001:0000c3b4       ?DoInvoke@COPOSMSR@@IEAAJJPEAVOposVariant@@IHPEAJ_N@Z 000000018000d3b4 f   MSRImpl.obj
 0001:0000c4e8       ?EventInit@COPOSMSR@@IEAAJXZ 000000018000d4e8 f i MSRImpl.obj
 0001:0000c630       ?EventUninit@COPOSMSR@@IEAAXXZ 000000018000d630 f i MSRImpl.obj
 0001:0000c694       ?EventWindowProc@COPOSMSR@@IEAA_JI_K_J@Z 000000018000d694 f i MSRImpl.obj
 0001:0000c80c       ?FinalConstruct@COPOSMSR@@QEAAJXZ 000000018000d80c f   MSRImpl.obj
 0001:0000c848       ?FreezeEvents@COPOSMSR@@MEAAJH@Z 000000018000d848 f   MSRImpl.obj
 0001:0000c8bc       ?GetOposProp@COPOSMSR@@IEAAJJPEAJJ@Z 000000018000d8bc f   MSRImpl.obj
 0001:0000c9d8       ?GetOposProp@COPOSMSR@@IEAAJJPEAPEA_WJ@Z 000000018000d9d8 f   MSRImpl.obj
 0001:0000cb04       ?OnDraw@COPOSMSR@@MEAAJAEAUATL_DRAWINFO@@@Z 000000018000db04 f   MSRImpl.obj
 0001:0000cbf0       ?Open@COPOSMSR@@UEAAJPEA_WPEAJ@Z 000000018000dbf0 f   MSRImpl.obj
 0001:0000d478       ?ReleaseDevice@COPOSMSR@@UEAAJPEAJ@Z 000000018000e478 f   MSRImpl.obj
 0001:0000d4e4       ?ResetStatistics@COPOSMSR@@UEAAJPEA_WPEAJ@Z 000000018000e4e4 f   MSRImpl.obj
 0001:0000d56c       ?RetrieveCardProperty@COPOSMSR@@UEAAJPEA_WPEAPEA_WPEAJ@Z 000000018000e56c f   MSRImpl.obj
 0001:0000d648       ?RetrieveDeviceAuthenticationData@COPOSMSR@@UEAAJPEAPEA_WPEAJ@Z 000000018000e648 f   MSRImpl.obj
 0001:0000d6d0       ?RetrieveStatistics@COPOSMSR@@UEAAJPEAPEA_WPEAJ@Z 000000018000e6d0 f   MSRImpl.obj
 0001:0000d758       ?SOProcessID@COPOSMSR@@UEAAJPEAJ@Z 000000018000e758 f   MSRImpl.obj
 0001:0000d774       ?SetCOFreezeEvents@COPOSMSR@@IEAAXF@Z 000000018000e774 f   MSRImpl.obj
 0001:0000d858       ?SetOposProp@COPOSMSR@@IEAAJJJJ@Z 000000018000e858 f   MSRImpl.obj
 0001:0000d9b8       ?SetOposProp@COPOSMSR@@IEAAJJPEA_WJ@Z 000000018000e9b8 f   MSRImpl.obj
 0001:0000db10       ?UpdateFirmware@COPOSMSR@@UEAAJPEA_WPEAJ@Z 000000018000eb10 f   MSRImpl.obj
 0001:0000db98       ?UpdateKey@COPOSMSR@@UEAAJPEA_W0PEAJ@Z 000000018000eb98 f   MSRImpl.obj
 0001:0000dc74       ?UpdateStatistics@COPOSMSR@@UEAAJPEA_WPEAJ@Z 000000018000ec74 f   MSRImpl.obj
 0001:0000dcfc       ?WriteTracks@COPOSMSR@@UEAAJUtagVARIANT@@JPEAJ@Z 000000018000ecfc f   MSRImpl.obj
 0001:0000ddd8       ?get_AccountNumber@COPOSMSR@@UEAAJPEAPEA_W@Z 000000018000edd8 f   MSRImpl.obj
 0001:0000dde8       ?get_AdditionalSecurityInformation@COPOSMSR@@UEAAJPEAPEA_W@Z 000000018000ede8 f   MSRImpl.obj
 0001:0000ddfc       ?get_AutoDisable@COPOSMSR@@UEAAJPEAF@Z 000000018000edfc f   MSRImpl.obj
 0001:0000de30       ?get_BinaryConversion@COPOSMSR@@UEAAJPEAJ@Z 000000018000ee30 f   MSRImpl.obj
 0001:0000de44       ?get_CapCardAuthentication@COPOSMSR@@UEAAJPEAPEA_W@Z 000000018000ee44 f   MSRImpl.obj
 0001:0000de58       ?get_CapCompareFirmwareVersion@COPOSMSR@@UEAAJPEAF@Z 000000018000ee58 f   MSRImpl.obj
 0001:0000de8c       ?get_CapDataEncryption@COPOSMSR@@UEAAJPEAJ@Z 000000018000ee8c f   MSRImpl.obj
 0001:0000dea0       ?get_CapDeviceAuthentication@COPOSMSR@@UEAAJPEAJ@Z 000000018000eea0 f   MSRImpl.obj
 0001:0000deb4       ?get_CapISO@COPOSMSR@@UEAAJPEAF@Z 000000018000eeb4 f   MSRImpl.obj
 0001:0000dee4       ?get_CapJISOne@COPOSMSR@@UEAAJPEAF@Z 000000018000eee4 f   MSRImpl.obj
 0001:0000df14       ?get_CapJISTwo@COPOSMSR@@UEAAJPEAF@Z 000000018000ef14 f   MSRImpl.obj
 0001:0000df44       ?get_CapPowerReporting@COPOSMSR@@UEAAJPEAJ@Z 000000018000ef44 f   MSRImpl.obj
 0001:0000df58       ?get_CapStatisticsReporting@COPOSMSR@@UEAAJPEAF@Z 000000018000ef58 f   MSRImpl.obj
 0001:0000df8c       ?get_CapTrackDataMasking@COPOSMSR@@UEAAJPEAF@Z 000000018000ef8c f   MSRImpl.obj
 0001:0000dfc0       ?get_CapTransmitSentinels@COPOSMSR@@UEAAJPEAF@Z 000000018000efc0 f   MSRImpl.obj
 0001:0000dff4       ?get_CapUpdateFirmware@COPOSMSR@@UEAAJPEAF@Z 000000018000eff4 f   MSRImpl.obj
 0001:0000e028       ?get_CapUpdateStatistics@COPOSMSR@@UEAAJPEAF@Z 000000018000f028 f   MSRImpl.obj
 0001:0000e05c       ?get_CapWritableTracks@COPOSMSR@@UEAAJPEAJ@Z 000000018000f05c f   MSRImpl.obj
 0001:0000e070       ?get_CardAuthenticationData@COPOSMSR@@UEAAJPEAPEA_W@Z 000000018000f070 f   MSRImpl.obj
 0001:0000e084       ?get_CardAuthenticationDataLength@COPOSMSR@@UEAAJPEAJ@Z 000000018000f084 f   MSRImpl.obj
 0001:0000e098       ?get_CardPropertyList@COPOSMSR@@UEAAJPEAPEA_W@Z 000000018000f098 f   MSRImpl.obj
 0001:0000e0ac       ?get_CardType@COPOSMSR@@UEAAJPEAPEA_W@Z 000000018000f0ac f   MSRImpl.obj
 0001:0000e0c0       ?get_CardTypeList@COPOSMSR@@UEAAJPEAPEA_W@Z 000000018000f0c0 f   MSRImpl.obj
 0001:0000e0d4       ?get_CheckHealthText@COPOSMSR@@UEAAJPEAPEA_W@Z 000000018000f0d4 f   MSRImpl.obj
 0001:0000e0e4       ?get_Claimed@COPOSMSR@@UEAAJPEAF@Z 000000018000f0e4 f   MSRImpl.obj
 0001:0000e114       ?get_ControlObjectDescription@COPOSMSR@@UEAAJPEAPEA_W@Z 000000018000f114 f   MSRImpl.obj
 0001:0000e178       ?get_ControlObjectVersion@COPOSMSR@@UEAAJPEAJ@Z 000000018000f178 f   MSRImpl.obj
 0001:0000e184       ?get_DataCount@COPOSMSR@@UEAAJPEAJ@Z 000000018000f184 f   MSRImpl.obj
 0001:0000e198       ?get_DataEncryptionAlgorithm@COPOSMSR@@UEAAJPEAJ@Z 000000018000f198 f   MSRImpl.obj
 0001:0000e1ac       ?get_DataEventEnabled@COPOSMSR@@UEAAJPEAF@Z 000000018000f1ac f   MSRImpl.obj
 0001:0000e1dc       ?get_DecodeData@COPOSMSR@@UEAAJPEAF@Z 000000018000f1dc f   MSRImpl.obj
 0001:0000e20c       ?get_DeviceAuthenticated@COPOSMSR@@UEAAJPEAF@Z 000000018000f20c f   MSRImpl.obj
 0001:0000e240       ?get_DeviceAuthenticationProtocol@COPOSMSR@@UEAAJPEAJ@Z 000000018000f240 f   MSRImpl.obj
 0001:0000e254       ?get_DeviceDescription@COPOSMSR@@UEAAJPEAPEA_W@Z 000000018000f254 f   MSRImpl.obj
 0001:0000e264       ?get_DeviceEnabled@COPOSMSR@@UEAAJPEAF@Z 000000018000f264 f   MSRImpl.obj
 0001:0000e294       ?get_DeviceName@COPOSMSR@@UEAAJPEAPEA_W@Z 000000018000f294 f   MSRImpl.obj
 0001:0000e2a4       ?get_EncodingMaxLength@COPOSMSR@@UEAAJPEAJ@Z 000000018000f2a4 f   MSRImpl.obj
 0001:0000e2b8       ?get_ErrorReportingType@COPOSMSR@@UEAAJPEAJ@Z 000000018000f2b8 f   MSRImpl.obj
 0001:0000e2cc       ?get_ExpirationDate@COPOSMSR@@UEAAJPEAPEA_W@Z 000000018000f2cc f   MSRImpl.obj
 0001:0000e2dc       ?get_FirstName@COPOSMSR@@UEAAJPEAPEA_W@Z 000000018000f2dc f   MSRImpl.obj
 0001:0000e2ec       ?get_FreezeEvents@COPOSMSR@@UEAAJPEAF@Z 000000018000f2ec f   MSRImpl.obj
 0001:0000e31c       ?get_MiddleInitial@COPOSMSR@@UEAAJPEAPEA_W@Z 000000018000f31c f   MSRImpl.obj
 0001:0000e32c       ?get_OpenResult@COPOSMSR@@UEAAJPEAJ@Z 000000018000f32c f   MSRImpl.obj
 0001:0000e338       ?get_ParseDecodeData@COPOSMSR@@UEAAJPEAF@Z 000000018000f338 f   MSRImpl.obj
 0001:0000e338       ?get_ParseDecodedData@COPOSMSR@@UEAAJPEAF@Z 000000018000f338 f   MSRImpl.obj
 0001:0000e368       ?get_PowerNotify@COPOSMSR@@UEAAJPEAJ@Z 000000018000f368 f   MSRImpl.obj
 0001:0000e37c       ?get_PowerState@COPOSMSR@@UEAAJPEAJ@Z 000000018000f37c f   MSRImpl.obj
 0001:0000e390       ?get_ResultCode@COPOSMSR@@UEAAJPEAJ@Z 000000018000f390 f   MSRImpl.obj
 0001:0000e3cc       ?get_ResultCodeExtended@COPOSMSR@@UEAAJPEAJ@Z 000000018000f3cc f   MSRImpl.obj
 0001:0000e3dc       ?get_ServiceCode@COPOSMSR@@UEAAJPEAPEA_W@Z 000000018000f3dc f   MSRImpl.obj
 0001:0000e3ec       ?get_ServiceObjectDescription@COPOSMSR@@UEAAJPEAPEA_W@Z 000000018000f3ec f   MSRImpl.obj
 0001:0000e3fc       ?get_ServiceObjectVersion@COPOSMSR@@UEAAJPEAJ@Z 000000018000f3fc f   MSRImpl.obj
 0001:0000e40c       ?get_State@COPOSMSR@@UEAAJPEAJ@Z 000000018000f40c f   MSRImpl.obj
 0001:0000e438       ?get_Suffix@COPOSMSR@@UEAAJPEAPEA_W@Z 000000018000f438 f   MSRImpl.obj
 0001:0000e448       ?get_Surname@COPOSMSR@@UEAAJPEAPEA_W@Z 000000018000f448 f   MSRImpl.obj
 0001:0000e458       ?get_Title@COPOSMSR@@UEAAJPEAPEA_W@Z 000000018000f458 f   MSRImpl.obj
 0001:0000e468       ?get_Track1Data@COPOSMSR@@UEAAJPEAPEA_W@Z 000000018000f468 f   MSRImpl.obj
 0001:0000e478       ?get_Track1DiscretionaryData@COPOSMSR@@UEAAJPEAPEA_W@Z 000000018000f478 f   MSRImpl.obj
 0001:0000e488       ?get_Track1EncryptedData@COPOSMSR@@UEAAJPEAPEA_W@Z 000000018000f488 f   MSRImpl.obj
 0001:0000e49c       ?get_Track1EncryptedDataLength@COPOSMSR@@UEAAJPEAJ@Z 000000018000f49c f   MSRImpl.obj
 0001:0000e4b0       ?get_Track2Data@COPOSMSR@@UEAAJPEAPEA_W@Z 000000018000f4b0 f   MSRImpl.obj
 0001:0000e4c0       ?get_Track2DiscretionaryData@COPOSMSR@@UEAAJPEAPEA_W@Z 000000018000f4c0 f   MSRImpl.obj
 0001:0000e4d0       ?get_Track2EncryptedData@COPOSMSR@@UEAAJPEAPEA_W@Z 000000018000f4d0 f   MSRImpl.obj
 0001:0000e4e4       ?get_Track2EncryptedDataLength@COPOSMSR@@UEAAJPEAJ@Z 000000018000f4e4 f   MSRImpl.obj
 0001:0000e4f8       ?get_Track3Data@COPOSMSR@@UEAAJPEAPEA_W@Z 000000018000f4f8 f   MSRImpl.obj
 0001:0000e508       ?get_Track3EncryptedData@COPOSMSR@@UEAAJPEAPEA_W@Z 000000018000f508 f   MSRImpl.obj
 0001:0000e51c       ?get_Track3EncryptedDataLength@COPOSMSR@@UEAAJPEAJ@Z 000000018000f51c f   MSRImpl.obj
 0001:0000e530       ?get_Track4Data@COPOSMSR@@UEAAJPEAPEA_W@Z 000000018000f530 f   MSRImpl.obj
 0001:0000e544       ?get_Track4EncryptedData@COPOSMSR@@UEAAJPEAPEA_W@Z 000000018000f544 f   MSRImpl.obj
 0001:0000e558       ?get_Track4EncryptedDataLength@COPOSMSR@@UEAAJPEAJ@Z 000000018000f558 f   MSRImpl.obj
 0001:0000e56c       ?get_TracksToRead@COPOSMSR@@UEAAJPEAJ@Z 000000018000f56c f   MSRImpl.obj
 0001:0000e57c       ?get_TracksToWrite@COPOSMSR@@UEAAJPEAJ@Z 000000018000f57c f   MSRImpl.obj
 0001:0000e590       ?get_TransmitSentinels@COPOSMSR@@UEAAJPEAF@Z 000000018000f590 f   MSRImpl.obj
 0001:0000e5c4       ?get_WriteCardType@COPOSMSR@@UEAAJPEAPEA_W@Z 000000018000f5c4 f   MSRImpl.obj
 0001:0000e5d8       ?put_AutoDisable@COPOSMSR@@UEAAJF@Z 000000018000f5d8 f   MSRImpl.obj
 0001:0000e5f0       ?put_BinaryConversion@COPOSMSR@@UEAAJJ@Z 000000018000f5f0 f   MSRImpl.obj
 0001:0000e604       ?put_DataEncryptionAlgorithm@COPOSMSR@@UEAAJJ@Z 000000018000f604 f   MSRImpl.obj
 0001:0000e618       ?put_DataEventEnabled@COPOSMSR@@UEAAJF@Z 000000018000f618 f   MSRImpl.obj
 0001:0000e630       ?put_DecodeData@COPOSMSR@@UEAAJF@Z 000000018000f630 f   MSRImpl.obj
 0001:0000e648       ?put_DeviceEnabled@COPOSMSR@@UEAAJF@Z 000000018000f648 f   MSRImpl.obj
 0001:0000e660       ?put_ErrorReportingType@COPOSMSR@@UEAAJJ@Z 000000018000f660 f   MSRImpl.obj
 0001:0000e674       ?put_FreezeEvents@COPOSMSR@@UEAAJF@Z 000000018000f674 f   MSRImpl.obj
 0001:0000e6c4       ?put_ParseDecodeData@COPOSMSR@@UEAAJF@Z 000000018000f6c4 f   MSRImpl.obj
 0001:0000e6c4       ?put_ParseDecodedData@COPOSMSR@@UEAAJF@Z 000000018000f6c4 f   MSRImpl.obj
 0001:0000e6dc       ?put_PowerNotify@COPOSMSR@@UEAAJJ@Z 000000018000f6dc f   MSRImpl.obj
 0001:0000e6f0       ?put_TracksToRead@COPOSMSR@@UEAAJJ@Z 000000018000f6f0 f   MSRImpl.obj
 0001:0000e700       ?put_TracksToWrite@COPOSMSR@@UEAAJJ@Z 000000018000f700 f   MSRImpl.obj
 0001:0000e714       ?put_TransmitSentinels@COPOSMSR@@UEAAJF@Z 000000018000f714 f   MSRImpl.obj
 0001:0000e730       ?put_WriteCardType@COPOSMSR@@UEAAJPEA_W@Z 000000018000f730 f   MSRImpl.obj
 0001:0000e744       ?s_EventWindowProc@COPOSMSR@@KA_JPEAUHWND__@@I_K_J@Z 000000018000f744 f i MSRImpl.obj
 0001:0000e7c0       ??_U@YAPEAX_K@Z            000000018000f7c0 f   LIBCMT:new_array.obj
 0001:0000e7c8       ??_V@YAXPEAX@Z             000000018000f7c8 f   LIBCMT:delete_array.obj
 0001:0000e7c8       ??3@YAXPEAX_K@Z            000000018000f7c8 f   LIBCMT:delete_scalar_size.obj
 0001:0000e7d0       ??_V@YAXPEAX_K@Z           000000018000f7d0 f   LIBCMT:delete_array_size.obj
 0001:0000e7d8       __scrt_acquire_startup_lock 000000018000f7d8 f   LIBCMT:utility.obj
 0001:0000e814       __scrt_dllmain_after_initialize_c 000000018000f814 f   LIBCMT:utility.obj
 0001:0000e848       __scrt_dllmain_before_initialize_c 000000018000f848 f   LIBCMT:utility.obj
 0001:0000e860       __scrt_dllmain_crt_thread_attach 000000018000f860 f   LIBCMT:utility.obj
 0001:0000e888       __scrt_dllmain_crt_thread_detach 000000018000f888 f   LIBCMT:utility.obj
 0001:0000e8a0       __scrt_dllmain_exception_filter 000000018000f8a0 f   LIBCMT:utility.obj
 0001:0000e900       __scrt_dllmain_uninitialize_c 000000018000f900 f   LIBCMT:utility.obj
 0001:0000e930       __scrt_dllmain_uninitialize_critical 000000018000f930 f   LIBCMT:utility.obj
 0001:0000e944       __scrt_initialize_crt      000000018000f944 f   LIBCMT:utility.obj
 0001:0000e990       __scrt_initialize_onexit_tables 000000018000f990 f   LIBCMT:utility.obj
 0001:0000ea1c       __scrt_is_nonwritable_in_current_image 000000018000fa1c f   LIBCMT:utility.obj
 0001:0000eab4       __scrt_release_startup_lock 000000018000fab4 f   LIBCMT:utility.obj
 0001:0000ead8       __scrt_uninitialize_crt    000000018000fad8 f   LIBCMT:utility.obj
 0001:0000eb04       _onexit                    000000018000fb04 f   LIBCMT:utility.obj
 0001:0000eb40       atexit                     000000018000fb40 f   LIBCMT:utility.obj
 0001:0000eb58       ??3@YAXPEAX@Z              000000018000fb58 f   LIBCMT:delete_scalar.obj
 0001:0000ec58       _Init_thread_footer        000000018000fc58 f   LIBCMT:thread_safe_statics.obj
 0001:0000ecb8       _Init_thread_header        000000018000fcb8 f   LIBCMT:thread_safe_statics.obj
 0001:0000ed20       _Init_thread_notify        000000018000fd20 f   LIBCMT:thread_safe_statics.obj
 0001:0000ed64       _Init_thread_wait          000000018000fd64 f   LIBCMT:thread_safe_statics.obj
 0001:0000edc8       __raise_securityfailure    000000018000fdc8 f   LIBCMT:gs_report.obj
 0001:0000edfc       __report_gsfailure         000000018000fdfc f   LIBCMT:gs_report.obj
 0001:0000eed0       __report_rangecheckfailure 000000018000fed0 f   LIBCMT:gs_report.obj
 0001:0000eee4       __report_securityfailure   000000018000fee4 f   LIBCMT:gs_report.obj
 0001:0000f064       ??2@YAPEAX_KAEBUnothrow_t@std@@@Z 0000000180010064 f   LIBCMT:new_scalar_nothrow.obj
 0001:0000f078       ??_U@YAPEAX_KAEBUnothrow_t@std@@@Z 0000000180010078 f   LIBCMT:new_array_nothrow.obj
 0001:0000f080       __GSHandlerCheck           0000000180010080 f   LIBCMT:gshandler.obj
 0001:0000f0a0       __GSHandlerCheckCommon     00000001800100a0 f   LIBCMT:gshandler.obj
 0001:0000f0fc       __GSHandlerCheck_SEH       00000001800100fc f   LIBCMT:gshandlerseh.obj
 0001:0000f1a0       __chkstk                   00000001800101a0 f   LIBCMT:chkstk.obj
 0001:0000f1a0       _alloca_probe              00000001800101a0 f   LIBCMT:chkstk.obj
 0001:0000f210       __security_check_cookie    0000000180010210 f   LIBCMT:amdsecgs.obj
 0001:0000f554       _DllMainCRTStartup         0000000180010554 f   LIBCMT:dll_dllmain.obj
 0001:0000f594       ??2@YAPEAX_K@Z             0000000180010594 f   LIBCMT:new_scalar.obj
 0001:0000f5d0       __isa_available_init       00000001800105d0 f   LIBCMT:cpu_disp.obj
 0001:0000f774       __scrt_is_ucrt_dll_in_use  0000000180010774 f   LIBCMT:ucrt_detection.obj
 0001:0000f780       __crt_debugger_hook        0000000180010780 f   LIBCMT:utility_desktop.obj
 0001:0000f788       __scrt_fastfail            0000000180010788 f   LIBCMT:utility_desktop.obj
 0001:0000f8d4       __security_init_cookie     00000001800108d4 f   LIBCMT:gs_support.obj
 0001:0000f980       ?__scrt_initialize_type_info@@YAXXZ 0000000180010980 f   LIBCMT:tncleanup.obj
 0001:0000f990       ?__scrt_uninitialize_type_info@@YAXXZ 0000000180010990 f   LIBCMT:tncleanup.obj
 0001:0000f99c       __local_stdio_scanf_options 000000018001099c f i LIBCMT:default_local_stdio_options.obj
 0001:0000f9a4       __scrt_initialize_default_local_stdio_options 00000001800109a4 f   LIBCMT:default_local_stdio_options.obj
 0001:0000f9c0       __scrt_get_dyn_tls_init_callback 00000001800109c0 f   LIBCMT:dyn_tls_init.obj
 0001:0000f9c8       _RTC_Initialize            00000001800109c8 f   LIBCMT:initsect.obj
 0001:0000fa04       _RTC_Terminate             0000000180010a04 f   LIBCMT:initsect.obj
 0001:0000fa40       ??0bad_alloc@std@@QEAA@AEBV01@@Z 0000000180010a40 f i LIBCMT:throw_bad_alloc.obj
 0001:0000fa7c       ??0bad_alloc@std@@QEAA@XZ  0000000180010a7c f i LIBCMT:throw_bad_alloc.obj
 0001:0000fa9c       ??0bad_array_new_length@std@@QEAA@AEBV01@@Z 0000000180010a9c f i LIBCMT:throw_bad_alloc.obj
 0001:0000fad8       ??0bad_array_new_length@std@@QEAA@XZ 0000000180010ad8 f i LIBCMT:throw_bad_alloc.obj
 0001:0000faf8       ??0exception@std@@QEAA@AEBV01@@Z 0000000180010af8 f i LIBCMT:throw_bad_alloc.obj
 0001:0000fb2c       ??1bad_array_new_length@std@@UEAA@XZ 0000000180010b2c f i LIBCMT:throw_bad_alloc.obj
 0001:0000fb2c       ??1bad_exception@std@@UEAA@XZ 0000000180010b2c f i libvcruntime:frame.obj
 0001:0000fb2c       ??1bad_alloc@std@@UEAA@XZ  0000000180010b2c f i LIBCMT:throw_bad_alloc.obj
 0001:0000fb40       ??_Ebad_alloc@std@@UEAAPEAXI@Z 0000000180010b40 f i LIBCMT:throw_bad_alloc.obj
 0001:0000fb40       ??_Ebad_exception@std@@UEAAPEAXI@Z 0000000180010b40 f i libvcruntime:frame.obj
 0001:0000fb40       ??_Gbad_alloc@std@@UEAAPEAXI@Z 0000000180010b40 f i LIBCMT:throw_bad_alloc.obj
 0001:0000fb40       ??_Gbad_array_new_length@std@@UEAAPEAXI@Z 0000000180010b40 f i LIBCMT:throw_bad_alloc.obj
 0001:0000fb40       ??_Gexception@std@@UEAAPEAXI@Z 0000000180010b40 f i LIBCMT:throw_bad_alloc.obj
 0001:0000fb40       ??_Eexception@std@@UEAAPEAXI@Z 0000000180010b40 f i LIBCMT:throw_bad_alloc.obj
 0001:0000fb40       ??_Gbad_exception@std@@UEAAPEAXI@Z 0000000180010b40 f i libvcruntime:frame.obj
 0001:0000fb40       ??_Ebad_array_new_length@std@@UEAAPEAXI@Z 0000000180010b40 f i LIBCMT:throw_bad_alloc.obj
 0001:0000fb84       ?__scrt_throw_std_bad_alloc@@YAXXZ 0000000180010b84 f   LIBCMT:throw_bad_alloc.obj
 0001:0000fba4       ?__scrt_throw_std_bad_array_new_length@@YAXXZ 0000000180010ba4 f   LIBCMT:throw_bad_alloc.obj
 0001:0000fbc4       ?what@exception@std@@UEBAPEBDXZ 0000000180010bc4 f i LIBCMT:throw_bad_alloc.obj
 0001:0000fbe0       ??_Gtype_info@@UEAAPEAXI@Z 0000000180010be0 f i LIBCMT:std_type_info_static.obj
 0001:0000fbe0       ??_Etype_info@@UEAAPEAXI@Z 0000000180010be0 f i LIBCMT:std_type_info_static.obj
 0001:0000fc0c       ??0CAtlBaseModule@ATL@@QEAA@XZ 0000000180010c0c f   atls:atlbase.obj
 0001:0000fcb4       ??1CAtlBaseModule@ATL@@QEAA@XZ 0000000180010cb4 f   atls:atlbase.obj
 0001:0000fde8       ?__AllocStdCallThunk_cmn@@YAPEAXXZ 0000000180010de8 f   atls:atlthunk.obj
 0001:0000ff40       AtlThunk_AllocateData      0000000180010f40 f   atls:atlthunk.obj
 0001:0000ffbc       AtlThunk_DataToCode        0000000180010fbc f   atls:atlthunk.obj
 0001:00010010       AtlThunk_FreeData          0000000180011010 f   atls:atlthunk.obj
 0001:00010070       AtlThunk_InitData          0000000180011070 f   atls:atlthunk.obj
 0001:00010118       _get_purecall_handler      0000000180011118 f   libvcruntime:purevirt.obj
 0001:00010120       _purecall                  0000000180011120 f   libvcruntime:purevirt.obj
 0001:0001013c       wcsstr                     000000018001113c f   libvcruntime:wcsstr.obj
 0001:00010370       memcmp                     0000000180011370 f   libvcruntime:memcmp.obj
 0001:00010450       memcpy_repmovs             0000000180011450 f   libvcruntime:memcpy.obj
 0001:00010470       memcpy                     0000000180011470 f   libvcruntime:memcpy.obj
 0001:00010470       memmove                    0000000180011470 f   libvcruntime:memcpy.obj
 0001:00010860       memset_repmovs             0000000180011860 f   libvcruntime:memset.obj
 0001:00010880       memset                     0000000180011880 f   libvcruntime:memset.obj
 0001:00010a10       __vcrt_initialize          0000000180011a10 f   libvcruntime:initialization.obj
 0001:00010a38       __vcrt_thread_attach       0000000180011a38 f   libvcruntime:initialization.obj
 0001:00010a4c       __vcrt_thread_detach       0000000180011a4c f   libvcruntime:initialization.obj
 0001:00010a60       __vcrt_uninitialize        0000000180011a60 f   libvcruntime:initialization.obj
 0001:00010a7c       __vcrt_uninitialize_critical 0000000180011a7c f   libvcruntime:initialization.obj
 0001:00010a8c       __C_specific_handler       0000000180011a8c f   libvcruntime:riscchandler.obj
 0001:00010c98       ??$_CallSETranslator@V__FrameHandler4@@@@YAHPEAUEHExceptionRecord@@PEA_KPEAU_CONTEXT@@PEAU_xDISPATCHER_CONTEXT@@PEAUFuncInfo4@FH4@@K1H@Z 0000000180011c98 f i libvcruntime:risctrnsctrl.obj
[...]
 0002:0000c914       $unwind$_query_new_handler 0000000180030914     libucrt:new_handler.obj
 0002:0000c934       $unwind$terminate          0000000180030934     libucrt:terminate.obj
 0002:0000c954       $unwind$??$parse_integer@KV?$c_string_character_source@_W@__crt_strtox@@@__crt_strtox@@YAKQEAU__crt_locale_pointers@@V?$c_string_character_source@_W@0@H_N@Z 0000000180030954     libucrt:atox.obj
 0002:0000c970       $xdatasym                  0000000180030970     libucrt:strncmp.obj
 0002:0000c974       $unwind$?construct_ptd_array@@YAXQEAU__acrt_ptd@@@Z 0000000180030974     libucrt:per_thread_data.obj
 0002:0000c97c       $unwind$?destroy_ptd_array@@YAXQEAU__acrt_ptd@@@Z 000000018003097c     libucrt:per_thread_data.obj
 0002:0000c984       $unwind$??$?RV<lambda_0ae27a3a962d80f24befdcbee591983d>@@AEAV<lambda_8d0ee55de4b1038c4002e0adecdf1839>@@V<lambda_dc504788e8f1664fe9b84e20bfb512f2>@@@?$__crt_seh_guarded_call@X@@QEAAX$$QEAV<lambda_0ae27a3a962d80f24befdcbee591983d>@@AEAV<lambda_8d0ee55de4b1038c4002e0adecdf1839>@@$$QEAV<lambda_dc504788e8f1664fe9b84e20bfb512f2>@@@Z 0000000180030984     libucrt:per_thread_data.obj
 0002:0000c9a8       $unwind$??$?RV<lambda_aa87e3671a710a21b5dc78c0bdf72e11>@@AEAV<lambda_92619d2358a28f41a33ba319515a20b9>@@V<lambda_6992ecaafeb10aed2b74cb1fae11a551>@@@?$__crt_seh_guarded_call@X@@QEAAX$$QEAV<lambda_aa87e3671a710a21b5dc78c0bdf72e11>@@AEAV<lambda_92619d2358a28f41a33ba319515a20b9>@@$$QEAV<lambda_6992ecaafeb10aed2b74cb1fae11a551>@@@Z 00000001800309a8     libucrt:per_thread_data.obj
 0002:0000c9cc       $unwind$??$?RV<lambda_f2e299630e499de9f9a165e60fcd3db5>@@AEAV<lambda_2ae9d31cdba2644fcbeaf08da7c24588>@@V<lambda_40d01ff24d0e7b3814fdbdcee8eab3c7>@@@?$__crt_seh_guarded_call@X@@QEAAX$$QEAV<lambda_f2e299630e499de9f9a165e60fcd3db5>@@AEAV<lambda_2ae9d31cdba2644fcbeaf08da7c24588>@@$$QEAV<lambda_40d01ff24d0e7b3814fdbdcee8eab3c7>@@@Z 00000001800309cc     libucrt:per_thread_data.obj
 0002:0000c9f0       $unwind$??$?RV<lambda_2d41944a1d46af3157314b8a01080d33>@@AEAV<lambda_8f455de75cd7d7f24b4096f044d8b9e6>@@V<lambda_aa500f224e6afead328df44964fe2772>@@@?$__crt_seh_guarded_call@X@@QEAAX$$QEAV<lambda_2d41944a1d46af3157314b8a01080d33>@@AEAV<lambda_8f455de75cd7d7f24b4096f044d8b9e6>@@$$QEAV<lambda_aa500f224e6afead328df44964fe2772>@@@Z 00000001800309f0     libucrt:per_thread_data.obj
 0002:0000ca14       $unwind$__acrt_initialize_winapi_thunks 0000000180030a14     libucrt:winapi_thunks.obj
 0002:0000ca1c       $unwind$__acrt_fp_format   0000000180030a1c     libucrt:cvt.obj
 0002:0000ca34       $unwind$?fp_format_e_internal@@YAHQEAD_KH_NIQEAU_strflt@@2QEAU__crt_locale_pointers@@@Z 0000000180030a34     libucrt:cvt.obj
 0002:0000ca4c       $unwind$?fp_format_a@@YAHQEBNPEAD_KQEAD2H_NIQEAU__crt_locale_pointers@@W4__acrt_rounding_mode@@@Z 0000000180030a4c     libucrt:cvt.obj
 0002:0000ca68       $unwind$?fp_format_g@@YAHQEBNQEAD_K12H_NIQEAU__crt_locale_pointers@@@Z 0000000180030a68     libucrt:cvt.obj
 0002:0000ca7c       $unwind$__acrt_uninitialize_locale 0000000180030a7c     libucrt:wsetlocale.obj
 0002:0000ca7c       $unwind$__acrt_get_sigabrt_handler 0000000180030a7c     libucrt:signal.obj
 0002:0000ca84       $unwind$??$?RV<lambda_410d79af7f07d98d83a3f525b3859a53>@@AEAV<lambda_3e16ef9562a7dcce91392c22ab16ea36>@@V<lambda_38119f0e861e05405d8a144b9b982f0a>@@@?$__crt_seh_guarded_call@X@@QEAAX$$QEAV<lambda_410d79af7f07d98d83a3f525b3859a53>@@AEAV<lambda_3e16ef9562a7dcce91392c22ab16ea36>@@$$QEAV<lambda_38119f0e861e05405d8a144b9b982f0a>@@@Z 0000000180030a84     libucrt:wsetlocale.obj
 0002:0000caac       $unwind$__acrt_initialize_lowio 0000000180030aac     libucrt:ioinit.obj
 0002:0000cacc       $unwind$??$common_expand_argv_wildcards@D@@YAHQEAPEADQEAPEAPEAD@Z 0000000180030acc     libucrt:argv_wildcards.obj
 0002:0000cae4       $unwind$??$copy_and_add_argument_to_buffer@D@@YAHQEBD0_KAEAV?$argument_list@D@?A0x5f5c8891@@@Z 0000000180030ae4     libucrt:argv_wildcards.obj
 0002:0000cb00       $unwind$??$expand_argument_wildcards@D@@YAHQEAD0AEAV?$argument_list@D@?A0x5f5c8891@@@Z 0000000180030b00     libucrt:argv_wildcards.obj
 0002:0000cb24       $unwind$__acrt_GetModuleFileNameA 0000000180030b24     libucrt:getmodulefilenamea.obj
 0002:0000cb40       $unwind$_setmbcp_nolock    0000000180030b40     libucrt:mbctype.obj
 0002:0000cb60       $unwind$?update_thread_multibyte_data_internal@@YAPEAU__crt_multibyte_data@@QEAU__acrt_ptd@@QEAPEAU1@@Z 0000000180030b60     libucrt:mbctype.obj
 0002:0000cb88       $unwind$?setmbcp_internal@@YAHH_NQEAU__acrt_ptd@@QEAPEAU__crt_multibyte_data@@@Z 0000000180030b88     libucrt:mbctype.obj
 0002:0000cb98       $unwind$?setSBUpLow@@YAXPEAU__crt_multibyte_data@@@Z 0000000180030b98     libucrt:mbctype.obj
 0002:0000cbb4       $unwind$??$?RV<lambda_efdfa57d1f175319df784efa44bb7b81>@@AEAV<lambda_5f0a4c1567f8adc6734073e5d1e1b35c>@@V<lambda_2e8a7d3640ea6ccb4c2413664c2db6fd>@@@?$__crt_seh_guarded_call@X@@QEAAX$$QEAV<lambda_efdfa57d1f175319df784efa44bb7b81>@@AEAV<lambda_5f0a4c1567f8adc6734073e5d1e1b35c>@@$$QEAV<lambda_2e8a7d3640ea6ccb4c2413664c2db6fd>@@@Z 0000000180030bb4     libucrt:mbctype.obj
 0002:0000cbd8       $unwind$__acrt_WideCharToMultiByte 0000000180030bd8     libucrt:widechartomultibyte.obj
 0002:0000cbe4       $unwind$raise              0000000180030be4     libucrt:signal.obj
 0002:0000cc20       $unwind$??$?RV<lambda_450d765d439847d4c735a33c368b5fc0>@@AEAV<lambda_44731a7d0e6d81c3e6aa82d741081786>@@V<lambda_601a2a7da3b7a96e9554ac7215c4b07c>@@@?$__crt_seh_guarded_call@P6AXH@Z@@QEAAP6AXH@Z$$QEAV<lambda_450d765d439847d4c735a33c368b5fc0>@@AEAV<lambda_44731a7d0e6d81c3e6aa82d741081786>@@$$QEAV<lambda_601a2a7da3b7a96e9554ac7215c4b07c>@@@Z 0000000180030c20     libucrt:signal.obj
 0002:0000cc44       $unwind$?common_flush_all@@YAH_N@Z 0000000180030c44     libucrt:fflush.obj
 0002:0000cc4c       $unwind$??$?RV<lambda_842d9ff0dc9ef11c61343bbaebe7f885>@@AEAV<lambda_c5860995281e5c4ce005b3de8f5874ee>@@V<lambda_d90129c13df834fdcbf8d2b88dafcf2d>@@@?$__crt_seh_guarded_call@X@@QEAAX$$QEAV<lambda_842d9ff0dc9ef11c61343bbaebe7f885>@@AEAV<lambda_c5860995281e5c4ce005b3de8f5874ee>@@$$QEAV<lambda_d90129c13df834fdcbf8d2b88dafcf2d>@@@Z 0000000180030c4c     libucrt:fflush.obj
 0002:0000cc70       $unwind$??$?RV<lambda_886d6c58226a84441f68b9f2b8217b83>@@AEAV<lambda_ab61a845afdef5b7c387490eaf3616ee>@@V<lambda_f7f22ab5edc0698d5f6905b0d3f44752>@@@?$__crt_seh_guarded_call@X@@QEAAX$$QEAV<lambda_886d6c58226a84441f68b9f2b8217b83>@@AEAV<lambda_ab61a845afdef5b7c387490eaf3616ee>@@$$QEAV<lambda_f7f22ab5edc0698d5f6905b0d3f44752>@@@Z 0000000180030c70     libucrt:fflush.obj
 0002:0000cc98       $unwind$__acrt_update_thread_locale_data 0000000180030c98     libucrt:locale_refcounting.obj
 0002:0000ccbc       $unwind$?__mbrtowc_utf8@__crt_mbstring@@YA_KPEA_WPEBD_KPEAU_Mbstatet@@@Z 0000000180030cbc     libucrt:mbrtowc.obj
 0002:0000ccc4       $unwind$?__mbsrtowcs_utf8@__crt_mbstring@@YA_KPEA_WPEAPEBD_KPEAU_Mbstatet@@@Z 0000000180030cc4     libucrt:mbrtowc.obj
 0002:0000ccdc       $unwind$__acrt_fltout      0000000180030cdc     libucrt:cfout.obj
 0002:0000ccfc       $unwind$?divide@__crt_strtox@@YA_KAEAUbig_integer@1@AEBU21@@Z 0000000180030cfc     libucrt:cfout.obj
 0002:0000cd14       $chain$0$?divide@__crt_strtox@@YA_KAEAUbig_integer@1@AEBU21@@Z 0000000180030d14     libucrt:cfout.obj
 0002:0000cd28       $chain$1$?divide@__crt_strtox@@YA_KAEAUbig_integer@1@AEBU21@@Z 0000000180030d28     libucrt:cfout.obj
 0002:0000cd38       $unwind$_fcloseall         0000000180030d38     libucrt:closeall.obj
 0002:0000cd5c       $unwind$__acrt_locale_free_monetary 0000000180030d5c     libucrt:initmon.obj
 0002:0000cd64       $unwind$__acrt_locale_free_time 0000000180030d64     libucrt:inittime.obj
 0002:0000cd74       $unwind$__acrt_GetStringTypeA 0000000180030d74     libucrt:getstringtypea.obj
 0002:0000cd9c       $unwind$__acrt_lowio_destroy_handle_array 0000000180030d9c     libucrt:osfinfo.obj
 0002:0000cdac       $unwind$__acrt_lowio_ensure_fh_exists 0000000180030dac     libucrt:osfinfo.obj
 0002:0000cdd8       $unwind$qsort              0000000180030dd8     libucrt:qsort.obj
 0002:0000cdf0       $chain$4$qsort             0000000180030df0     libucrt:qsort.obj
 0002:0000ce14       $chain$5$qsort             0000000180030e14     libucrt:qsort.obj
 0002:0000ce24       $unwind$strpbrk            0000000180030e24     libucrt:strpbrk.obj
 0002:0000ce34       $unwind$fallbackMethod     0000000180030e34     libucrt:strpbrk.obj
 0002:0000ce44       $unwind$__acrt_LCMapStringA 0000000180030e44     libucrt:lcmapstringa.obj
 0002:0000ce54       $unwind$?__acrt_LCMapStringA_stat@@YAHPEAU__crt_locale_pointers@@PEB_WKPEBDHPEADHHH@Z 0000000180030e54     libucrt:lcmapstringa.obj
 0002:0000ce7c       $unwind$_close             0000000180030e7c     libucrt:close.obj
 0002:0000ce7c       $unwind$_commit            0000000180030e7c     libucrt:commit.obj
 0002:0000ce84       $unwind$??$?RV<lambda_a37b2b86f63e897a80ea819b0eb08c01>@@AEAV<lambda_38ce7e780aa69e748d6df282ebc68efe>@@V<lambda_99fb1378e971ab6e7edea83e3a7a83a2>@@@?$__crt_seh_guarded_call@H@@QEAAH$$QEAV<lambda_a37b2b86f63e897a80ea819b0eb08c01>@@AEAV<lambda_38ce7e780aa69e748d6df282ebc68efe>@@$$QEAV<lambda_99fb1378e971ab6e7edea83e3a7a83a2>@@@Z 0000000180030e84     libucrt:commit.obj
 0002:0000cea8       $unwind$_write             0000000180030ea8     libucrt:write.obj
 0002:0000ced8       $unwind$_write_nolock      0000000180030ed8     libucrt:write.obj
 0002:0000cef0       $unwind$?write_double_translated_ansi_nolock@@YA?AUwrite_result@?A0x17268360@@HQEBDI@Z 0000000180030ef0     libucrt:write.obj
 0002:0000cf14       $unwind$?write_text_ansi_nolock@@YA?AUwrite_result@?A0x17268360@@HQEBDI@Z 0000000180030f14     libucrt:write.obj
 0002:0000cf14       $unwind$?write_text_utf16le_nolock@@YA?AUwrite_result@?A0x17268360@@HQEBDI@Z 0000000180030f14     libucrt:write.obj
 0002:0000cf34       $unwind$?write_text_utf8_nolock@@YA?AUwrite_result@?A0x17268360@@HQEBDI@Z 0000000180030f34     libucrt:write.obj
 0002:0000cf58       $xdatasym                  0000000180030f58     libucrt:log10.obj
 0002:0000cf64       $unwind$__acrt_fenv_set_control 0000000180030f64     libucrt:_fenvutils.obj
 0002:0000cf74       $unwind$fclose             0000000180030f74     libucrt:fclose.obj
 0002:0000cf98       $unwind$_putwch_nolock     0000000180030f98     libucrt:putwch.obj
 0002:0000cfa0       $unwind$common_control87   0000000180030fa0     libucrt:ieee.obj
 0002:0000cfcc       $unwind$_call_matherr      0000000180030fcc     libucrt:libm_error.obj
 0002:0000cfd4       $unwind$_handle_error      0000000180030fd4     libucrt:libm_error.obj
 0002:0000cff4       $unwind$__acrt_initialize_fma3 0000000180030ff4     libucrt:fma3_available.obj
 0002:0000cffc       $unwind$_log_special_common 0000000180030ffc     libucrt:log_special.obj
 0002:0000d008       $unwind$??$?RV<lambda_751a882b2c74d4b022dec766aa51a29a>@@AEAV<lambda_628dfdc04ba53c8bfc02c9951375f3f5>@@V<lambda_f6c7be5f7998530c34de24c7437d6b54>@@@?$__crt_seh_guarded_call@H@@QEAAH$$QEAV<lambda_751a882b2c74d4b022dec766aa51a29a>@@AEAV<lambda_628dfdc04ba53c8bfc02c9951375f3f5>@@$$QEAV<lambda_f6c7be5f7998530c34de24c7437d6b54>@@@Z 0000000180031008     libucrt:close.obj
 0002:0000d030       $xdatasym                  0000000180031030     libucrt:fpsr.obj
 0002:0000d038       $unwind$_raise_exc_ex      0000000180031038     libucrt:fpexcept.obj
 0002:0000d04c       $unwind$_ctrlfp            000000018003104c     libucrt:fpctrl.obj
 0002:0000d074       $unwind$_IsNonwritableInCurrentImage 0000000180031074     LIBCMT:pesect.obj
 0002:0000d200       .edata                     0000000180031200     OPOSMSR.exp
 0002:0000d228       rgpv                       0000000180031228     OPOSMSR.exp
 0002:0000d238       rgszName                   0000000180031238     OPOSMSR.exp
 0002:0000d248       rgwOrd                     0000000180031248     OPOSMSR.exp
 0002:0000d250       szName                     0000000180031250     OPOSMSR.exp
 0002:0000d25c       $N00001                    000000018003125c     OPOSMSR.exp
 0002:0000d26c       $N00002                    000000018003126c     OPOSMSR.exp
 0002:0000d27e       $N00003                    000000018003127e     OPOSMSR.exp
 0002:0000d290       $N00004                    0000000180031290     OPOSMSR.exp
 0002:0000dbc2       .idata$6                   0000000180031bc2     kernel32:KERNEL32.dll
 0002:0000ddda       .idata$6                   0000000180031dda     user32:USER32.dll
 0002:0000df0e       .idata$6                   0000000180031f0e     gdi32:GDI32.dll
 0002:0000dfb4       .idata$6                   0000000180031fb4     advapi32:ADVAPI32.dll
 0002:0000e0d0       .idata$6                   00000001800320d0     ole32:ole32.dll
 0002:0000e0da       .idata$6                   00000001800320da     oleaut32:OLEAUT32.dll
 0003:000001c0       ?ObjectMap@@3PAU_ATL_OBJMAP_ENTRY30@ATL@@A 00000001800331c0     MSR.obj
 0003:000002b8       ?s_RequiredMethodsPerRelease@@3PAHA 00000001800332b8     MSRImpl.obj
 0003:000002f0       ?s_SOMethodNames@@3PAPEADA 00000001800332f0     MSRImpl.obj
 0003:000003f0       ?__vcrt_flsindex@@3KA      00000001800333f0     libvcruntime:per_thread_data.obj
 0003:00000400       ?errno_no_memory@@3HA      0000000180033400     libucrt:errno.obj
 0003:00000404       ?doserrno_no_memory@@3KA   0000000180033404     libucrt:errno.obj
 0003:00000410       ?__acrt_flsindex@@3KA      0000000180033410     libucrt:per_thread_data.obj
 0003:000008d0       _mbctypes                  00000001800338d0     libucrt:mbctype.obj
 0003:000009e0       _mbcasemaps                00000001800339e0     libucrt:mbctype.obj
 0003:00000ae0       ?__rgctypeflag@@3PADA      0000000180033ae0     libucrt:mbctype.obj
 0003:00000af0       ?__rgcode_page_info@@3PAUcode_page_info@@A 0000000180033af0     libucrt:mbctype.obj
 0003:00000d90       ?dazSupported@?1??common_control87@@9@9 0000000180033d90     libucrt:ieee.obj
 0003:00000da0       ?__dcrt_lowio_console_output_handle@@3PEAXEA 0000000180033da0     libucrt:initcon.obj
 0003:00000db0       ?dazSupported@?1??_ctrlfp@@9@9 0000000180033db0     libucrt:fpctrl.obj
 0003:00001000       ?is_initialized_as_dll@@3_NA 0000000180034000     LIBCMT:utility.obj
 0003:00001001       ?module_local_atexit_table_initialized@@3_NA 0000000180034001     LIBCMT:utility.obj
 0003:00001008       ?module_local_atexit_table@@3U_onexit_table_t@@A 0000000180034008     LIBCMT:utility.obj
 0003:00001020       ?module_local_at_quick_exit_table@@3U_onexit_table_t@@A 0000000180034020     LIBCMT:utility.obj
 0003:00001038       ?g_tss_cv@@3U_RTL_CONDITION_VARIABLE@@A 0000000180034038     LIBCMT:thread_safe_statics.obj
 0003:00001040       ?g_tss_event@@3PEAXEA      0000000180034040     LIBCMT:thread_safe_statics.obj
 0003:00001048       ?g_tss_mutex@@3U_RTL_CRITICAL_SECTION@@A 0000000180034048     LIBCMT:thread_safe_statics.obj
 0003:00001070       ?g_sleep_condition_variable_cs@@3P6AHPEAU_RTL_CONDITION_VARIABLE@@PEAU_RTL_CRITICAL_SECTION@@K@ZEA 0000000180034070     LIBCMT:thread_safe_statics.obj
 0003:00001078       ?g_wake_all_condition_variable@@3P6AXPEAU_RTL_CONDITION_VARIABLE@@@ZEA 0000000180034078     LIBCMT:thread_safe_statics.obj
 0003:00001080       GS_ExceptionRecord         0000000180034080     LIBCMT:gs_report.obj
 0003:00001120       GS_ContextRecord           0000000180034120     LIBCMT:gs_report.obj
 0003:000015f4       ?__proc_attached@@3HA      00000001800345f4     LIBCMT:dll_dllmain.obj
 0003:00001698       ?AllocateData@@3P6APEAUAtlThunkData_t@@XZEA 0000000180034698     atls:atlthunk.obj
 0003:000016a0       ?InitData@@3P6AXPEAUAtlThunkData_t@@PEAX_K@ZEA 00000001800346a0     atls:atlthunk.obj
 0003:000016a8       ?DataToCode@@3P6AP6A_JPEAUHWND__@@I_K_J@ZPEAUAtlThunkData_t@@@ZEA 00000001800346a8     atls:atlthunk.obj
 0003:000016b0       ?FreeData@@3P6AXPEAUAtlThunkData_t@@@ZEA 00000001800346b0     atls:atlthunk.obj
 0003:000016b8       ?Initialized@@3_NA         00000001800346b8     atls:atlthunk.obj
 0003:000016d0       ?__vcrt_startup_thread_ptd@@3U__vcrt_ptd@@A 00000001800346d0     libvcruntime:per_thread_data.obj
 0003:00001750       __vcrt_lock_table          0000000180034750     libvcruntime:locks.obj
 0003:00001778       __vcrt_locks_initialized   0000000180034778     libvcruntime:locks.obj
 0003:000017c0       ?heap@@3V_HeapManager@@A   00000001800347c0     libvcruntime:undname.obj
 0003:000017e8       ?module_handles@@3PAPEAUHINSTANCE__@@A 00000001800347e8     libvcruntime:winapi_downlevel.obj
 0003:00001800       ?function_pointers@@3PAPEAXA 0000000180034800     libvcruntime:winapi_downlevel.obj
 0003:00001828       ?__acrt_invalid_parameter_handler@@3V?$dual_state_global@P6AXPEB_W00I_K@Z@__crt_state_management@@A 0000000180034828     libucrt:invalid_parameter.obj
 0003:00001830       ?c_termination_complete@@3JA 0000000180034830     libucrt:exit.obj
 0003:00001838       ?thread_local_exit_callback_func@@3P6AXPEAXK0@ZEA 0000000180034838     libucrt:exit.obj
 0003:00001850       ?program_name@?1???$common_configure_argv@D@@YAHW4_crt_argv_mode@@@Z@4PADA 0000000180034850     libucrt:argv_parsing.obj
 0003:000019a8       ?__acrt_new_handler@@3V?$dual_state_global@P6AH_K@Z@__crt_state_management@@A 00000001800349a8     libucrt:new_handler.obj
 0003:000019b0       ?module_handles@@3PAPEAUHINSTANCE__@@A 00000001800349b0     libucrt:winapi_thunks.obj
 0003:00001a50       ?encoded_function_pointers@@3PAPEAXA 0000000180034a50     libucrt:winapi_thunks.obj
 0003:00001b60       ?internal_state@?1??_mbtowc_l@@9@4U_Mbstatet@@A 0000000180034b60     libucrt:mbtowc.obj
 0003:00001b78       ?enable_percent_n@@3_KA    0000000180034b78     libucrt:printf_count_output.obj
 0003:00001fb0       ?__acrt_lock_table@@3PAU_RTL_CRITICAL_SECTION@@A 0000000180034fb0     libucrt:locks.obj
 0003:000021e0       ?__acrt_locks_initialized@@3IA 00000001800351e0     libucrt:locks.obj
 0003:00002200       ?fSystemSet@@3HA           0000000180035200     libucrt:mbctype.obj
 0003:00002204       ?initialized@?1??__acrt_initialize_multibyte@@9@4_NA 0000000180035204     libucrt:mbctype.obj
 0003:00002240       ?ctrlc_action@@3V?$dual_state_global@P6AXH@Z@__crt_state_management@@A 0000000180035240     libucrt:signal.obj
 0003:00002248       ?ctrlbreak_action@@3V?$dual_state_global@P6AXH@Z@__crt_state_management@@A 0000000180035248     libucrt:signal.obj
 0003:00002250       ?abort_action@@3V?$dual_state_global@P6AXH@Z@__crt_state_management@@A 0000000180035250     libucrt:signal.obj
 0003:00002258       ?term_action@@3V?$dual_state_global@P6AXH@Z@__crt_state_management@@A 0000000180035258     libucrt:signal.obj
 0003:00002260       ?user_matherr@@3V?$dual_state_global@P6AHPEAU_exception@@@Z@__crt_state_management@@A 0000000180035260     libucrt:matherr.obj
 0003:00002268       ?__acrt_global_new_mode@@3V?$dual_state_global@J@__crt_state_management@@A 0000000180035268     libucrt:new_mode.obj
 0003:00002278       ?internal_pst@?1??__mbrtoc32_utf8@__crt_mbstring@@YA_KPEA_UPEBD_KPEAU_Mbstatet@@@Z@4U3@A 0000000180035278     libucrt:mbrtoc32.obj
 0003:00002280       ?__acrt_app_type@@3W4_crt_app_type@@A 0000000180035280     libucrt:report_runtime_error.obj
 0005:00000000       MoveSmall                  0000000180038000     libvcruntime:memcpy.obj
 0005:00000050       MsetTab                    0000000180038050     libvcruntime:memset.obj
 0006:00000220       $R000000                   0000000180039220     MSR.res
 0006:00000b90       $R000970                   0000000180039b90     MSR.res
 0006:00000c78       $R000A58                   0000000180039c78     MSR.res
 0006:00000ee0       $R000CC0                   0000000180039ee0     MSR.res
 0006:00001410       $R0011F0                   000000018003a410     MSR.res
 0006:00005c00       $R0059E0                   000000018003ec00     MSR.res
 0006:00005c28       $R005A08                   000000018003ec28     MSR.res
