 OPOSCoinAcceptor

 Timestamp is 5c43fd78 (Sun Jan 20 13:47:52 2019)

 Preferred load address is 0000000180000000

 Start         Length     Name                   Class
 0001:00000000 000000c0H .text$di                CODE
 0001:000000c0 0001f7a0H .text$mn                CODE
 0001:0001f860 00000020H .text$mn$00             CODE
 0001:0001f880 00000410H .text$x                 CODE
 0001:0001fc90 000000c0H .text$yd                CODE
 0002:00000000 00000620H .idata$5                DATA
 0002:00000620 00000010H .00cfg                  DATA
 0002:00000630 00000008H .CRT$XCA                DATA
 0002:00000638 00000008H .CRT$XCL                DATA
 0002:00000640 00000020H .CRT$XCU                DATA
 0002:00000660 00000008H .CRT$XCZ                DATA
 0002:00000668 00000008H .CRT$XIA                DATA
 0002:00000670 00000020H .CRT$XIC                DATA
 0002:00000690 00000008H .CRT$XIZ                DATA
 0002:00000698 00000008H .CRT$XLA                DATA
 0002:000006a0 00000008H .CRT$XLZ                DATA
 0002:000006a8 00000008H .CRT$XPA                DATA
 0002:000006b0 00000010H .CRT$XPX                DATA
 0002:000006c0 00000008H .CRT$XPXA               DATA
 0002:000006c8 00000008H .CRT$XPZ                DATA
 0002:000006d0 00000008H .CRT$XTA                DATA
 0002:000006d8 00000008H .CRT$XTZ                DATA
 0002:000006e0 00000000H .gfids$x                DATA
 0002:000006e0 00000000H .gfids$y                DATA
 0002:000006e0 0000a160H .rdata                  DATA
 0002:0000a840 00000028H .rdata$T                DATA
 0002:0000a868 00000274H .rdata$r                DATA
 0002:0000aadc 000003fcH .rdata$zzzdbg           DATA
 0002:0000aed8 00000008H .rtc$IAA                DATA
 0002:0000aee0 00000008H .rtc$IZZ                DATA
 0002:0000aee8 00000008H .rtc$TAA                DATA
 0002:0000aef0 00000008H .rtc$TZZ                DATA
 0002:0000aef8 00000004H .tls                    DATA
 0002:0000aefc 00000004H .tls$                   DATA
 0002:0000af00 00000008H .tls$ZZZ                DATA
 0002:0000af08 00001638H .xdata                  DATA
 0002:0000c540 00000150H .xdata$x                DATA
 0002:0000c690 00000008H ATL$__a                 DATA
 0002:0000c698 00000008H ATL$__z                 DATA
 0002:0000c6a0 000000b0H .edata                  DATA
 0002:0000c750 00000078H .idata$2                DATA
 0002:0000c7c8 00000018H .idata$3                DATA
 0002:0000c7e0 00000620H .idata$4                DATA
 0002:0000ce00 00000c3aH .idata$6                DATA
 0003:00000000 00000c78H .data                   DATA
 0003:00000c78 000000c8H .data$r                 DATA
 0003:00000d40 000013d4H .bss                    DATA
 0004:00000000 00001ed8H .pdata                  DATA
 0005:00000000 00000220H .rsrc$01                DATA
 0005:00000220 00004058H .rsrc$02                DATA

  Address         Publics by Value              Rva+Base               Lib:Object

 0000:00000000       __guard_fids_count         0000000000000000     <absolute>
 0000:00000000       __guard_longjmp_count      0000000000000000     <absolute>
 0000:00000000       __guard_longjmp_table      0000000000000000     <absolute>
 0000:00000000       __hybrid_code_map          0000000000000000     <absolute>
 0000:00000000       __guard_iat_count          0000000000000000     <absolute>
 0000:00000000       __guard_iat_table          0000000000000000     <absolute>
 0000:00000000       __volatile_metadata        0000000000000000     <absolute>
 0000:00000000       __hybrid_code_map_count    0000000000000000     <absolute>
 0000:00000000       __enclave_config           0000000000000000     <absolute>
 0000:00000000       ___safe_se_handler_count   0000000000000000     <absolute>
 0000:00000000       ___safe_se_handler_table   0000000000000000     <absolute>
 0000:00000000       __guard_fids_table         0000000000000000     <absolute>
 0000:00000000       __hybrid_auxiliary_iat     0000000000000000     <absolute>
 0000:00000000       __dynamic_value_reloc_table 0000000000000000     <absolute>
 0000:00000100       __guard_flags              0000000000000100     <absolute>
 0000:00000000       __ImageBase                0000000180000000     <linker-defined>
 0001:000000c0       ?DupWide@_CW@@AEAAXXZ      00000001800010c0 f   CWString.obj
 0001:000000e8       ?cw_dup@@YAXPEBDAEAHAEAPEA_W1@Z 00000001800010e8 f   CWString.obj
 0001:00000194       ?cw_memcpy@@YAHPEA_WPEBDH@Z 0000000180001194 f   CWString.obj
 0001:000001e0       ?cw_strcpy@@YAHPEA_WPEBD@Z 00000001800011e0 f   CWString.obj
 0001:000001f4       ??0CAtlComModule@ATL@@QEAA@XZ 00000001800011f4 f i OposVariant.obj
 0001:0000027c       ??0CAtlWinModule@ATL@@QEAA@XZ 000000018000127c f i OposVariant.obj
 0001:000002f4       ??0OposDispParms@@QEAA@PEAVOposVariant@@H@Z 00000001800012f4 f   OposVariant.obj
 0001:0000039c       ??1OposDispParms@@QEAA@XZ  000000018000139c f   OposVariant.obj
 0001:000003b4       ??_Estringdispid@CComTypeInfoHolder@ATL@@QEAAPEAXI@Z 00000001800013b4 f i OposVariant.obj
 0001:00000458       ?AtlWinModuleTerm@ATL@@YAJPEAU_ATL_WIN_MODULE70@1@PEAUHINSTANCE__@@@Z 0000000180001458 f i OposVariant.obj
 0001:00000508       ?ChangeBSTR@OposVariant@@QEAAXPEAPEA_WAEAJ@Z 0000000180001508 f   OposVariant.obj
 0001:00000568       ?ChangeLONG@OposVariant@@QEAAXPEAJAEAJ@Z 0000000180001568 f   OposVariant.obj
 0001:000005c4       ?GetLONG@OposVariant@@QEAAJXZ 00000001800015c4 f   OposVariant.obj
 0001:000005e8       ?SetBSTR@OposVariant@@QEAAXPEA_WAEAJ@Z 00000001800015e8 f   OposVariant.obj
 0001:00000628       ?SetBSTR_Copy@OposVariant@@QEAAXPEA_WAEAJ@Z 0000000180001628 f   OposVariant.obj
 0001:00000698       ?SetBSTR_InOutPtr@OposVariant@@QEAA_NPEAPEA_WAEAJ@Z 0000000180001698 f   OposVariant.obj
 0001:000006e8       ?SetBSTR_OutPtr@OposVariant@@QEAA_NPEAPEA_WAEAJ@Z 00000001800016e8 f   OposVariant.obj
 0001:00000704       ?SetDispatch_Ptr@OposVariant@@QEAAXPEAUIDispatch@@AEAJ@Z 0000000180001704 f   OposVariant.obj
 0001:0000075c       ?SetLONG@OposVariant@@QEAAXJ@Z 000000018000175c f   OposVariant.obj
 0001:0000078c       ?SetLONG_Ptr@OposVariant@@QEAAXPEAJAEAJ@Z 000000018000178c f   OposVariant.obj
 0001:000007d8       ?SetString@OposVariant@@QEAAXPEB_WAEAJ@Z 00000001800017d8 f   OposVariant.obj
 0001:0000083c       ?SetVARIANT_BOOL@OposVariant@@QEAAXF@Z 000000018000183c f   OposVariant.obj
 0001:00000874       ?SetVARIANT_BOOL_Ptr@OposVariant@@QEAAXPEAFAEAJ@Z 0000000180001874 f   OposVariant.obj
 0001:000008c0       ?Term@CAtlComModule@ATL@@QEAAXXZ 00000001800018c0 f i OposVariant.obj
 0001:00000930       ?_AtlInitializeCriticalSectionEx@ATL@@YAHPEAU_RTL_CRITICAL_SECTION@@KK@Z 0000000180001930 f i OposVariant.obj
 0001:00000938       ?_AtlRaiseException@ATL@@YAXKK@Z 0000000180001938 f i OposVariant.obj
 0001:00000948       ?AddRef@?$CComAggObject@VCOPOSCoinAcceptor@@@ATL@@UEAAKXZ 0000000180001948 f i CoinAcceptor.obj
 0001:00000954       ?Release@?$CComAggObject@VCOPOSCoinAcceptor@@@ATL@@UEAAKXZ 0000000180001954 f i CoinAcceptor.obj
 0001:000009a8       ?QueryInterface@?$CComAggObject@VCOPOSCoinAcceptor@@@ATL@@UEAAJAEBU_GUID@@PEAPEAX@Z 00000001800019a8 f i CoinAcceptor.obj
 0001:00000a08       ?AddRef@?$CComContainedObject@VCOPOSCoinAcceptor@@@ATL@@UEAAKXZ 0000000180001a08 f i CoinAcceptor.obj
 0001:00000a18       ?Release@?$CComContainedObject@VCOPOSCoinAcceptor@@@ATL@@UEAAKXZ 0000000180001a18 f i CoinAcceptor.obj
 0001:00000a28       ?QueryInterface@?$CComContainedObject@VCOPOSCoinAcceptor@@@ATL@@UEAAJAEBU_GUID@@PEAPEAX@Z 0000000180001a28 f i CoinAcceptor.obj
 0001:00000a38       ??_G?$CComAggObject@VCOPOSCoinAcceptor@@@ATL@@UEAAPEAXI@Z 0000000180001a38 f i CoinAcceptor.obj
 0001:00000a38       ??_E?$CComAggObject@VCOPOSCoinAcceptor@@@ATL@@UEAAPEAXI@Z 0000000180001a38 f i CoinAcceptor.obj
 0001:00000a90       ?AddRef@?$CComObject@VCOPOSCoinAcceptor@@@ATL@@UEAAKXZ 0000000180001a90 f i CoinAcceptor.obj
 0001:00000aa0       ?Release@?$CComObject@VCOPOSCoinAcceptor@@@ATL@@UEAAKXZ 0000000180001aa0 f i CoinAcceptor.obj
 0001:00000af8       ?QueryInterface@?$CComObject@VCOPOSCoinAcceptor@@@ATL@@UEAAJAEBU_GUID@@PEAPEAX@Z 0000000180001af8 f i CoinAcceptor.obj
 0001:00000b0c       _guard_check_icall_nop     0000000180001b0c f i LIBCMT:guard_support.obj
 0001:00000b0c       ?ObjectMain@CComObjectRootBase@ATL@@SAX_N@Z 0000000180001b0c f i CoinAcceptor.obj
 0001:00000b0c       ?OnFinalMessage@?$CWindowImplBaseT@VCWindow@ATL@@V?$CWinTraits@$0FGAAAAAA@$0A@@2@@ATL@@UEAAXPEAUHWND__@@@Z 0000000180001b0c f i CoinAcceptor.obj
 0001:00000b10       ?SetHostNames@?$IOleObjectImpl@VCOPOSCoinAcceptor@@@ATL@@UEAAJPEB_W0@Z 0000000180001b10 f i CoinAcceptor.obj
 0001:00000b10       ?EnableModeless@?$IOleInPlaceActiveObjectImpl@VCOPOSCoinAcceptor@@@ATL@@UEAAJH@Z 0000000180001b10 f i CoinAcceptor.obj
 0001:00000b10       ?IsUpToDate@?$IOleObjectImpl@VCOPOSCoinAcceptor@@@ATL@@UEAAJXZ 0000000180001b10 f i CoinAcceptor.obj
 0001:00000b10       ?SaveCompleted@?$IPersistStorageImpl@VCOPOSCoinAcceptor@@@ATL@@UEAAJPEAUIStorage@@@Z 0000000180001b10 f i CoinAcceptor.obj
 0001:00000b10       ?Update@?$IOleObjectImpl@VCOPOSCoinAcceptor@@@ATL@@UEAAJXZ 0000000180001b10 f i CoinAcceptor.obj
 0001:00000b10       ?GetObjectDescription@?$CComCoClass@VCOPOSCoinAcceptor@@$1?CLSID_OPOSCoinAcceptor@@3U_GUID@@B@ATL@@SAPEB_WXZ 0000000180001b10 f i CoinAcceptor.obj
 0001:00000b10       ?OnAmbientPropertyChange@?$IOleControlImpl@VCOPOSCoinAcceptor@@@ATL@@UEAAJJ@Z 0000000180001b10 f i CoinAcceptor.obj
 0001:00000b10       ?ResizeBorder@?$IOleInPlaceActiveObjectImpl@VCOPOSCoinAcceptor@@@ATL@@UEAAJPEBUtagRECT@@PEAUIOleInPlaceUIWindow@@H@Z 0000000180001b10 f i CoinAcceptor.obj
 0001:00000b10       ?HandsOffStorage@?$IPersistStorageImpl@VCOPOSCoinAcceptor@@@ATL@@UEAAJXZ 0000000180001b10 f i CoinAcceptor.obj
 0001:00000b10       ?Release@CRegObject@ATL@@UEAAKXZ 0000000180001b10 f i CoinAcceptor.obj
 0001:00000b10       ?GetCategoryMap@CComObjectRootBase@ATL@@SAPEBU_ATL_CATMAP_ENTRY@2@XZ 0000000180001b10 f i CoinAcceptor.obj
 0001:00000b10       ?OnFrameWindowActivate@?$IOleInPlaceActiveObjectImpl@VCOPOSCoinAcceptor@@@ATL@@UEAAJH@Z 0000000180001b10 f i CoinAcceptor.obj
 0001:00000b14       ?OnDrawAdvanced@CComControlBase@ATL@@UEAAJAEAUATL_DRAWINFO@@@Z 0000000180001b14 f i CoinAcceptor.obj
 0001:00000c34       ?CreateInstance@CComClassFactory@ATL@@UEAAJPEAUIUnknown@@AEBU_GUID@@PEAPEAX@Z 0000000180001c34 f i CoinAcceptor.obj
 0001:00000c94       ?LockServer@CComClassFactory@ATL@@UEAAJH@Z 0000000180001c94 f i CoinAcceptor.obj
 0001:00000cb8       ??_GCComClassFactory@ATL@@UEAAPEAXI@Z 0000000180001cb8 f i CoinAcceptor.obj
 0001:00000cb8       ??_ECComClassFactory@ATL@@UEAAPEAXI@Z 0000000180001cb8 f i CoinAcceptor.obj
 0001:00000d08       ?Next@?$CComEnumImpl@UIEnumConnections@@$1?_GUID_b196b287_bab4_101a_b69c_00aa00341d07@@3U__s_GUID@@BUtagCONNECTDATA@@V?$_Copy@UtagCONNECTDATA@@@ATL@@@ATL@@UEAAJKPEAUtagCONNECTDATA@@PEAK@Z 0000000180001d08 f i CoinAcceptor.obj
 0001:00000ddc       ?Skip@?$CComEnumImpl@UIEnumConnections@@$1?_GUID_b196b287_bab4_101a_b69c_00aa00341d07@@3U__s_GUID@@BUtagCONNECTDATA@@V?$_Copy@UtagCONNECTDATA@@@ATL@@@ATL@@UEAAJK@Z 0000000180001ddc f i CoinAcceptor.obj
 0001:00000e08       ?Reset@?$CComEnumImpl@UIEnumConnectionPoints@@$1?_GUID_b196b285_bab4_101a_b69c_00aa00341d07@@3U__s_GUID@@BPEAUIConnectionPoint@@V?$_CopyInterface@UIConnectionPoint@@@ATL@@@ATL@@UEAAJXZ 0000000180001e08 f i CoinAcceptor.obj
 0001:00000e08       ?Reset@?$CComEnumImpl@UIEnumConnections@@$1?_GUID_b196b287_bab4_101a_b69c_00aa00341d07@@3U__s_GUID@@BUtagCONNECTDATA@@V?$_Copy@UtagCONNECTDATA@@@ATL@@@ATL@@UEAAJXZ 0000000180001e08 f i CoinAcceptor.obj
 0001:00000e14       ?Clone@?$CComEnumImpl@UIEnumConnections@@$1?_GUID_b196b287_bab4_101a_b69c_00aa00341d07@@3U__s_GUID@@BUtagCONNECTDATA@@V?$_Copy@UtagCONNECTDATA@@@ATL@@@ATL@@UEAAJPEAPEAUIEnumConnections@@@Z 0000000180001e14 f i CoinAcceptor.obj
 0001:00000f3c       ?AddRef@?$CComObject@V?$CComEnum@UIEnumConnectionPoints@@$1?_GUID_b196b285_bab4_101a_b69c_00aa00341d07@@3U__s_GUID@@BPEAUIConnectionPoint@@V?$_CopyInterface@UIConnectionPoint@@@ATL@@VCComSingleThreadModel@6@@ATL@@@ATL@@UEAAKXZ 0000000180001f3c f i CoinAcceptor.obj
 0001:00000f3c       ?AddRef@?$CComObject@V?$CComEnum@UIEnumConnections@@$1?_GUID_b196b287_bab4_101a_b69c_00aa00341d07@@3U__s_GUID@@BUtagCONNECTDATA@@V?$_Copy@UtagCONNECTDATA@@@ATL@@VCComSingleThreadModel@6@@ATL@@@ATL@@UEAAKXZ 0000000180001f3c f i CoinAcceptor.obj
 0001:00000f48       ?Release@?$CComObject@V?$CComEnum@UIEnumConnections@@$1?_GUID_b196b287_bab4_101a_b69c_00aa00341d07@@3U__s_GUID@@BUtagCONNECTDATA@@V?$_Copy@UtagCONNECTDATA@@@ATL@@VCComSingleThreadModel@6@@ATL@@@ATL@@UEAAKXZ 0000000180001f48 f i CoinAcceptor.obj
 0001:00000f48       ?Release@?$CComObject@V?$CComEnum@UIEnumConnectionPoints@@$1?_GUID_b196b285_bab4_101a_b69c_00aa00341d07@@3U__s_GUID@@BPEAUIConnectionPoint@@V?$_CopyInterface@UIConnectionPoint@@@ATL@@VCComSingleThreadModel@6@@ATL@@@ATL@@UEAAKXZ 0000000180001f48 f i CoinAcceptor.obj
 0001:00000f9c       ?QueryInterface@?$CComObject@V?$CComEnum@UIEnumConnections@@$1?_GUID_b196b287_bab4_101a_b69c_00aa00341d07@@3U__s_GUID@@BUtagCONNECTDATA@@V?$_Copy@UtagCONNECTDATA@@@ATL@@VCComSingleThreadModel@6@@ATL@@@ATL@@UEAAJAEBU_GUID@@PEAPEAX@Z 0000000180001f9c f i CoinAcceptor.obj
 0001:00000fb0       ??_E?$CComObject@V?$CComEnum@UIEnumConnections@@$1?_GUID_b196b287_bab4_101a_b69c_00aa00341d07@@3U__s_GUID@@BUtagCONNECTDATA@@V?$_Copy@UtagCONNECTDATA@@@ATL@@VCComSingleThreadModel@6@@ATL@@@ATL@@UEAAPEAXI@Z 0000000180001fb0 f i CoinAcceptor.obj
 0001:00000fb0       ??_G?$CComObject@V?$CComEnum@UIEnumConnections@@$1?_GUID_b196b287_bab4_101a_b69c_00aa00341d07@@3U__s_GUID@@BUtagCONNECTDATA@@V?$_Copy@UtagCONNECTDATA@@@ATL@@VCComSingleThreadModel@6@@ATL@@@ATL@@UEAAPEAXI@Z 0000000180001fb0 f i CoinAcceptor.obj
 0001:00001008       ??_E?$CComObject@VCOPOSCoinAcceptor@@@ATL@@W7EAAPEAXI@Z 0000000180002008 f i CoinAcceptor.obj
 0001:00001014       ??_E?$CComObject@VCOPOSCoinAcceptor@@@ATL@@WHA@EAAPEAXI@Z 0000000180002014 f i CoinAcceptor.obj
 0001:00001020       ?QueryInterface@?$CComObject@VCOPOSCoinAcceptor@@@ATL@@WLI@EAAJAEBU_GUID@@PEAPEAX@Z 0000000180002020 f i CoinAcceptor.obj
 0001:0000102c       ?AddRef@?$CComObject@VCOPOSCoinAcceptor@@@ATL@@WLI@EAAKXZ 000000018000202c f i CoinAcceptor.obj
 0001:00001038       ?Release@?$CComObject@VCOPOSCoinAcceptor@@@ATL@@WLI@EAAKXZ 0000000180002038 f i CoinAcceptor.obj
 0001:00001044       ?QueryInterface@?$CComObject@VCOPOSCoinAcceptor@@@ATL@@WMA@EAAJAEBU_GUID@@PEAPEAX@Z 0000000180002044 f i CoinAcceptor.obj
 0001:00001050       ?AddRef@?$CComObject@VCOPOSCoinAcceptor@@@ATL@@WMA@EAAKXZ 0000000180002050 f i CoinAcceptor.obj
 0001:0000105c       ?Release@?$CComObject@VCOPOSCoinAcceptor@@@ATL@@WMA@EAAKXZ 000000018000205c f i CoinAcceptor.obj
 0001:00001068       ?QueryInterface@?$CComObject@VCOPOSCoinAcceptor@@@ATL@@WMI@EAAJAEBU_GUID@@PEAPEAX@Z 0000000180002068 f i CoinAcceptor.obj
 0001:00001074       ?AddRef@?$CComObject@VCOPOSCoinAcceptor@@@ATL@@WMI@EAAKXZ 0000000180002074 f i CoinAcceptor.obj
 0001:00001080       ?Release@?$CComObject@VCOPOSCoinAcceptor@@@ATL@@WMI@EAAKXZ 0000000180002080 f i CoinAcceptor.obj
 0001:0000108c       ?QueryInterface@?$CComObject@VCOPOSCoinAcceptor@@@ATL@@WNA@EAAJAEBU_GUID@@PEAPEAX@Z 000000018000208c f i CoinAcceptor.obj
 0001:00001098       ?AddRef@?$CComObject@VCOPOSCoinAcceptor@@@ATL@@WNA@EAAKXZ 0000000180002098 f i CoinAcceptor.obj
 0001:000010a4       ?Release@?$CComObject@VCOPOSCoinAcceptor@@@ATL@@WNA@EAAKXZ 00000001800020a4 f i CoinAcceptor.obj
 0001:000010b0       ?QueryInterface@?$CComObject@VCOPOSCoinAcceptor@@@ATL@@WNI@EAAJAEBU_GUID@@PEAPEAX@Z 00000001800020b0 f i CoinAcceptor.obj
 0001:000010bc       ?AddRef@?$CComObject@VCOPOSCoinAcceptor@@@ATL@@WNI@EAAKXZ 00000001800020bc f i CoinAcceptor.obj
 0001:000010c8       ?Release@?$CComObject@VCOPOSCoinAcceptor@@@ATL@@WNI@EAAKXZ 00000001800020c8 f i CoinAcceptor.obj
 0001:000010d4       ?QueryInterface@?$CComObject@VCOPOSCoinAcceptor@@@ATL@@WOA@EAAJAEBU_GUID@@PEAPEAX@Z 00000001800020d4 f i CoinAcceptor.obj
 0001:000010e0       ?AddRef@?$CComObject@VCOPOSCoinAcceptor@@@ATL@@WOA@EAAKXZ 00000001800020e0 f i CoinAcceptor.obj
 0001:000010ec       ?Release@?$CComObject@VCOPOSCoinAcceptor@@@ATL@@WOA@EAAKXZ 00000001800020ec f i CoinAcceptor.obj
 0001:000010f8       ?QueryInterface@?$CComObject@VCOPOSCoinAcceptor@@@ATL@@WOI@EAAJAEBU_GUID@@PEAPEAX@Z 00000001800020f8 f i CoinAcceptor.obj
 0001:00001104       ?AddRef@?$CComObject@VCOPOSCoinAcceptor@@@ATL@@WOI@EAAKXZ 0000000180002104 f i CoinAcceptor.obj
 0001:00001110       ?Release@?$CComObject@VCOPOSCoinAcceptor@@@ATL@@WOI@EAAKXZ 0000000180002110 f i CoinAcceptor.obj
 0001:0000111c       ?QueryInterface@?$CComObject@VCOPOSCoinAcceptor@@@ATL@@WPA@EAAJAEBU_GUID@@PEAPEAX@Z 000000018000211c f i CoinAcceptor.obj
 0001:00001128       ?AddRef@?$CComObject@VCOPOSCoinAcceptor@@@ATL@@WPA@EAAKXZ 0000000180002128 f i CoinAcceptor.obj
 0001:00001134       ?Release@?$CComObject@VCOPOSCoinAcceptor@@@ATL@@WPA@EAAKXZ 0000000180002134 f i CoinAcceptor.obj
 0001:00001140       ?QueryInterface@?$CComObject@VCOPOSCoinAcceptor@@@ATL@@WPI@EAAJAEBU_GUID@@PEAPEAX@Z 0000000180002140 f i CoinAcceptor.obj
 0001:0000114c       ?AddRef@?$CComObject@VCOPOSCoinAcceptor@@@ATL@@WPI@EAAKXZ 000000018000214c f i CoinAcceptor.obj
 0001:00001158       ?Release@?$CComObject@VCOPOSCoinAcceptor@@@ATL@@WPI@EAAKXZ 0000000180002158 f i CoinAcceptor.obj
 0001:00001164       ?QueryInterface@?$CComObject@VCOPOSCoinAcceptor@@@ATL@@WBAA@EAAJAEBU_GUID@@PEAPEAX@Z 0000000180002164 f i CoinAcceptor.obj
 0001:00001170       ?AddRef@?$CComObject@VCOPOSCoinAcceptor@@@ATL@@WBAA@EAAKXZ 0000000180002170 f i CoinAcceptor.obj
 0001:0000117c       ?Release@?$CComObject@VCOPOSCoinAcceptor@@@ATL@@WBAA@EAAKXZ 000000018000217c f i CoinAcceptor.obj
 0001:00001188       ?QueryInterface@?$CComObject@VCOPOSCoinAcceptor@@@ATL@@WBAI@EAAJAEBU_GUID@@PEAPEAX@Z 0000000180002188 f i CoinAcceptor.obj
 0001:00001194       ?AddRef@?$CComObject@VCOPOSCoinAcceptor@@@ATL@@WBAI@EAAKXZ 0000000180002194 f i CoinAcceptor.obj
 0001:000011a0       ?Release@?$CComObject@VCOPOSCoinAcceptor@@@ATL@@WBAI@EAAKXZ 00000001800021a0 f i CoinAcceptor.obj
 0001:000011ac       ?QueryInterface@?$CComObject@VCOPOSCoinAcceptor@@@ATL@@WBBA@EAAJAEBU_GUID@@PEAPEAX@Z 00000001800021ac f i CoinAcceptor.obj
 0001:000011b8       ?AddRef@?$CComObject@VCOPOSCoinAcceptor@@@ATL@@WBBA@EAAKXZ 00000001800021b8 f i CoinAcceptor.obj
 0001:000011c4       ?Release@?$CComObject@VCOPOSCoinAcceptor@@@ATL@@WBBA@EAAKXZ 00000001800021c4 f i CoinAcceptor.obj
 0001:000011d0       ?QueryInterface@?$CComObject@VCOPOSCoinAcceptor@@@ATL@@WBBI@EAAJAEBU_GUID@@PEAPEAX@Z 00000001800021d0 f i CoinAcceptor.obj
 0001:000011dc       ?AddRef@?$CComObject@VCOPOSCoinAcceptor@@@ATL@@WBBI@EAAKXZ 00000001800021dc f i CoinAcceptor.obj
 0001:000011e8       ?Release@?$CComObject@VCOPOSCoinAcceptor@@@ATL@@WBBI@EAAKXZ 00000001800021e8 f i CoinAcceptor.obj
 0001:000011f4       ?AddRef@?$CComObject@VCOPOSCoinAcceptor@@@ATL@@WBCI@EAAKXZ 00000001800021f4 f i CoinAcceptor.obj
 0001:00001200       ?Release@?$CComObject@VCOPOSCoinAcceptor@@@ATL@@WBCI@EAAKXZ 0000000180002200 f i CoinAcceptor.obj
 0001:0000120c       ?AddRef@?$CComObject@VCOPOSCoinAcceptor@@@ATL@@WBEA@EAAKXZ 000000018000220c f i CoinAcceptor.obj
 0001:00001218       ?Release@?$CComObject@VCOPOSCoinAcceptor@@@ATL@@WBEA@EAAKXZ 0000000180002218 f i CoinAcceptor.obj
 0001:00001224       ??_E?$CComContainedObject@VCOPOSCoinAcceptor@@@ATL@@W7EAAPEAXI@Z 0000000180002224 f i CoinAcceptor.obj
 0001:00001230       ??_E?$CComContainedObject@VCOPOSCoinAcceptor@@@ATL@@WHA@EAAPEAXI@Z 0000000180002230 f i CoinAcceptor.obj
 0001:0000123c       ?QueryInterface@?$CComContainedObject@VCOPOSCoinAcceptor@@@ATL@@WLI@EAAJAEBU_GUID@@PEAPEAX@Z 000000018000223c f i CoinAcceptor.obj
 0001:00001248       ?AddRef@?$CComContainedObject@VCOPOSCoinAcceptor@@@ATL@@WLI@EAAKXZ 0000000180002248 f i CoinAcceptor.obj
 0001:00001254       ?Release@?$CComContainedObject@VCOPOSCoinAcceptor@@@ATL@@WLI@EAAKXZ 0000000180002254 f i CoinAcceptor.obj
 0001:00001260       ?QueryInterface@?$CComContainedObject@VCOPOSCoinAcceptor@@@ATL@@WMA@EAAJAEBU_GUID@@PEAPEAX@Z 0000000180002260 f i CoinAcceptor.obj
 0001:0000126c       ?AddRef@?$CComContainedObject@VCOPOSCoinAcceptor@@@ATL@@WMA@EAAKXZ 000000018000226c f i CoinAcceptor.obj
 0001:00001278       ?Release@?$CComContainedObject@VCOPOSCoinAcceptor@@@ATL@@WMA@EAAKXZ 0000000180002278 f i CoinAcceptor.obj
 0001:00001284       ?QueryInterface@?$CComContainedObject@VCOPOSCoinAcceptor@@@ATL@@WMI@EAAJAEBU_GUID@@PEAPEAX@Z 0000000180002284 f i CoinAcceptor.obj
 0001:00001290       ?AddRef@?$CComContainedObject@VCOPOSCoinAcceptor@@@ATL@@WMI@EAAKXZ 0000000180002290 f i CoinAcceptor.obj
 0001:0000129c       ?Release@?$CComContainedObject@VCOPOSCoinAcceptor@@@ATL@@WMI@EAAKXZ 000000018000229c f i CoinAcceptor.obj
 0001:000012a8       ?QueryInterface@?$CComContainedObject@VCOPOSCoinAcceptor@@@ATL@@WNA@EAAJAEBU_GUID@@PEAPEAX@Z 00000001800022a8 f i CoinAcceptor.obj
 0001:000012b4       ?AddRef@?$CComContainedObject@VCOPOSCoinAcceptor@@@ATL@@WNA@EAAKXZ 00000001800022b4 f i CoinAcceptor.obj
 0001:000012c0       ?Release@?$CComContainedObject@VCOPOSCoinAcceptor@@@ATL@@WNA@EAAKXZ 00000001800022c0 f i CoinAcceptor.obj
 0001:000012cc       ?QueryInterface@?$CComContainedObject@VCOPOSCoinAcceptor@@@ATL@@WNI@EAAJAEBU_GUID@@PEAPEAX@Z 00000001800022cc f i CoinAcceptor.obj
 0001:000012d8       ?AddRef@?$CComContainedObject@VCOPOSCoinAcceptor@@@ATL@@WNI@EAAKXZ 00000001800022d8 f i CoinAcceptor.obj
 0001:000012e4       ?Release@?$CComContainedObject@VCOPOSCoinAcceptor@@@ATL@@WNI@EAAKXZ 00000001800022e4 f i CoinAcceptor.obj
 0001:000012f0       ?QueryInterface@?$CComContainedObject@VCOPOSCoinAcceptor@@@ATL@@WOA@EAAJAEBU_GUID@@PEAPEAX@Z 00000001800022f0 f i CoinAcceptor.obj
 0001:000012fc       ?AddRef@?$CComContainedObject@VCOPOSCoinAcceptor@@@ATL@@WOA@EAAKXZ 00000001800022fc f i CoinAcceptor.obj
 0001:00001308       ?Release@?$CComContainedObject@VCOPOSCoinAcceptor@@@ATL@@WOA@EAAKXZ 0000000180002308 f i CoinAcceptor.obj
 0001:00001314       ?QueryInterface@?$CComContainedObject@VCOPOSCoinAcceptor@@@ATL@@WOI@EAAJAEBU_GUID@@PEAPEAX@Z 0000000180002314 f i CoinAcceptor.obj
 0001:00001320       ?AddRef@?$CComContainedObject@VCOPOSCoinAcceptor@@@ATL@@WOI@EAAKXZ 0000000180002320 f i CoinAcceptor.obj
 0001:0000132c       ?Release@?$CComContainedObject@VCOPOSCoinAcceptor@@@ATL@@WOI@EAAKXZ 000000018000232c f i CoinAcceptor.obj
 0001:00001338       ?QueryInterface@?$CComContainedObject@VCOPOSCoinAcceptor@@@ATL@@WPA@EAAJAEBU_GUID@@PEAPEAX@Z 0000000180002338 f i CoinAcceptor.obj
 0001:00001344       ?AddRef@?$CComContainedObject@VCOPOSCoinAcceptor@@@ATL@@WPA@EAAKXZ 0000000180002344 f i CoinAcceptor.obj
 0001:00001350       ?Release@?$CComContainedObject@VCOPOSCoinAcceptor@@@ATL@@WPA@EAAKXZ 0000000180002350 f i CoinAcceptor.obj
 0001:0000135c       ?QueryInterface@?$CComContainedObject@VCOPOSCoinAcceptor@@@ATL@@WPI@EAAJAEBU_GUID@@PEAPEAX@Z 000000018000235c f i CoinAcceptor.obj
 0001:00001368       ?AddRef@?$CComContainedObject@VCOPOSCoinAcceptor@@@ATL@@WPI@EAAKXZ 0000000180002368 f i CoinAcceptor.obj
 0001:00001374       ?Release@?$CComContainedObject@VCOPOSCoinAcceptor@@@ATL@@WPI@EAAKXZ 0000000180002374 f i CoinAcceptor.obj
 0001:00001380       ?QueryInterface@?$CComContainedObject@VCOPOSCoinAcceptor@@@ATL@@WBAA@EAAJAEBU_GUID@@PEAPEAX@Z 0000000180002380 f i CoinAcceptor.obj
 0001:0000138c       ?AddRef@?$CComContainedObject@VCOPOSCoinAcceptor@@@ATL@@WBAA@EAAKXZ 000000018000238c f i CoinAcceptor.obj
 0001:00001398       ?Release@?$CComContainedObject@VCOPOSCoinAcceptor@@@ATL@@WBAA@EAAKXZ 0000000180002398 f i CoinAcceptor.obj
 0001:000013a4       ?QueryInterface@?$CComContainedObject@VCOPOSCoinAcceptor@@@ATL@@WBAI@EAAJAEBU_GUID@@PEAPEAX@Z 00000001800023a4 f i CoinAcceptor.obj
 0001:000013b0       ?AddRef@?$CComContainedObject@VCOPOSCoinAcceptor@@@ATL@@WBAI@EAAKXZ 00000001800023b0 f i CoinAcceptor.obj
 0001:000013bc       ?Release@?$CComContainedObject@VCOPOSCoinAcceptor@@@ATL@@WBAI@EAAKXZ 00000001800023bc f i CoinAcceptor.obj
 0001:000013c8       ?QueryInterface@?$CComContainedObject@VCOPOSCoinAcceptor@@@ATL@@WBBA@EAAJAEBU_GUID@@PEAPEAX@Z 00000001800023c8 f i CoinAcceptor.obj
 0001:000013d4       ?AddRef@?$CComContainedObject@VCOPOSCoinAcceptor@@@ATL@@WBBA@EAAKXZ 00000001800023d4 f i CoinAcceptor.obj
 0001:000013e0       ?Release@?$CComContainedObject@VCOPOSCoinAcceptor@@@ATL@@WBBA@EAAKXZ 00000001800023e0 f i CoinAcceptor.obj
 0001:000013ec       ?QueryInterface@?$CComContainedObject@VCOPOSCoinAcceptor@@@ATL@@WBBI@EAAJAEBU_GUID@@PEAPEAX@Z 00000001800023ec f i CoinAcceptor.obj
 0001:000013f8       ?AddRef@?$CComContainedObject@VCOPOSCoinAcceptor@@@ATL@@WBBI@EAAKXZ 00000001800023f8 f i CoinAcceptor.obj
 0001:00001404       ?Release@?$CComContainedObject@VCOPOSCoinAcceptor@@@ATL@@WBBI@EAAKXZ 0000000180002404 f i CoinAcceptor.obj
 0001:00001410       ?AddRef@?$CComContainedObject@VCOPOSCoinAcceptor@@@ATL@@WBCI@EAAKXZ 0000000180002410 f i CoinAcceptor.obj
 0001:0000141c       ?Release@?$CComContainedObject@VCOPOSCoinAcceptor@@@ATL@@WBCI@EAAKXZ 000000018000241c f i CoinAcceptor.obj
 0001:00001428       ?AddRef@?$CComContainedObject@VCOPOSCoinAcceptor@@@ATL@@WBEA@EAAKXZ 0000000180002428 f i CoinAcceptor.obj
 0001:00001434       ?Release@?$CComContainedObject@VCOPOSCoinAcceptor@@@ATL@@WBEA@EAAKXZ 0000000180002434 f i CoinAcceptor.obj
 0001:00001440       ?Lock@CAtlModule@ATL@@UEAAJXZ 0000000180002440 f i CoinAcceptor.obj
 0001:00001450       ?Unlock@CAtlModule@ATL@@UEAAJXZ 0000000180002450 f i CoinAcceptor.obj
 0001:0000145c       ?GetLockCount@CAtlModule@ATL@@UEAAJXZ 000000018000245c f i CoinAcceptor.obj
 0001:00001460       ?GetGITPtr@CAtlModule@ATL@@UEAAJPEAPEAUIGlobalInterfaceTable@@@Z 0000000180002460 f i CoinAcceptor.obj
 0001:000014d0       ?AddCommonRGSReplacements@?$CAtlModuleT@VCComModule@ATL@@@ATL@@UEAAJPEAUIRegistrarBase@@@Z 00000001800024d0 f i CoinAcceptor.obj
 0001:000014e8       ?GetWindowProc@?$CWindowImplBaseT@VCWindow@ATL@@V?$CWinTraits@$0FGAAAAAA@$0A@@2@@ATL@@UEAAP6A_JPEAUHWND__@@I_K_J@ZXZ 00000001800024e8 f i CoinAcceptor.obj
 0001:000014f0       ?StartWindowProc@?$CWindowImplBaseT@VCWindow@ATL@@V?$CWinTraits@$0FGAAAAAA@$0A@@2@@ATL@@SA_JPEAUHWND__@@I_K_J@Z 00000001800024f0 f i CoinAcceptor.obj
 0001:000015b4       ?UpdateRegistryFromResourceD@CComModule@ATL@@UEAAJIHPEAU_ATL_REGMAP_ENTRY@2@@Z 00000001800025b4 f i CoinAcceptor.obj
 0001:000015b4       ?UpdateRegistryFromResourceD@CComModule@ATL@@UEAAJPEB_WHPEAU_ATL_REGMAP_ENTRY@2@@Z 00000001800025b4 f i CoinAcceptor.obj
 0001:000015bc       ?UpdateRegistryFromResource@CComModule@ATL@@UEAAJPEB_WHPEAU_ATL_REGMAP_ENTRY@2@@Z 00000001800025bc f i CoinAcceptor.obj
 0001:000015c4       ?UpdateRegistryFromResource@CComModule@ATL@@UEAAJIHPEAU_ATL_REGMAP_ENTRY@2@@Z 00000001800025c4 f i CoinAcceptor.obj
 0001:000015cc       ??_ECComModule@ATL@@UEAAPEAXI@Z 00000001800025cc f i CoinAcceptor.obj
 0001:000015cc       ??_GCComModule@ATL@@UEAAPEAXI@Z 00000001800025cc f i CoinAcceptor.obj
 0001:0000164c       ?GetTypeInfoCount@?$IDispatchImpl@UIOPOSCoinAcceptor@@$1?IID_IOPOSCoinAcceptor@@3U_GUID@@B$1?LIBID_OposCoinAcceptor_CCO@@3U3@B$00$0A@VCComTypeInfoHolder@ATL@@@ATL@@UEAAJPEAI@Z 000000018000264c f i CoinAcceptor.obj
 0001:00001660       ?GetTypeInfo@?$IDispatchImpl@UIOPOSCoinAcceptor@@$1?IID_IOPOSCoinAcceptor@@3U_GUID@@B$1?LIBID_OposCoinAcceptor_CCO@@3U3@B$00$0A@VCComTypeInfoHolder@ATL@@@ATL@@UEAAJIKPEAPEAUITypeInfo@@@Z 0000000180002660 f i CoinAcceptor.obj
 0001:000016c4       ?GetIDsOfNames@?$IDispatchImpl@UIOPOSCoinAcceptor@@$1?IID_IOPOSCoinAcceptor@@3U_GUID@@B$1?LIBID_OposCoinAcceptor_CCO@@3U3@B$00$0A@VCComTypeInfoHolder@ATL@@@ATL@@UEAAJAEBU_GUID@@PEAPEA_WIKPEAJ@Z 00000001800026c4 f i CoinAcceptor.obj
 0001:000016d0       ?Invoke@?$IDispatchImpl@UIOPOSCoinAcceptor@@$1?IID_IOPOSCoinAcceptor@@3U_GUID@@B$1?LIBID_OposCoinAcceptor_CCO@@3U3@B$00$0A@VCComTypeInfoHolder@ATL@@@ATL@@UEAAJJAEBU_GUID@@KGPEAUtagDISPPARAMS@@PEAUtagVARIANT@@PEAUtagEXCEPINFO@@PEAI@Z 00000001800026d0 f i CoinAcceptor.obj
 0001:00001760       ?CreateControlWindow@?$CComControl@VCOPOSCoinAcceptor@@V?$CWindowImpl@VCOPOSCoinAcceptor@@VCWindow@ATL@@V?$CWinTraits@$0FGAAAAAA@$0A@@3@@ATL@@@ATL@@UEAAPEAUHWND__@@PEAU3@AEAUtagRECT@@@Z 0000000180002760 f i CoinAcceptor.obj
 0001:00001798       ?ControlQueryInterface@?$CComControl@VCOPOSCoinAcceptor@@V?$CWindowImpl@VCOPOSCoinAcceptor@@VCWindow@ATL@@V?$CWinTraits@$0FGAAAAAA@$0A@@3@@ATL@@@ATL@@UEAAJAEBU_GUID@@PEAPEAX@Z 0000000180002798 f i CoinAcceptor.obj
 0001:000017ac       ?GetClassID@?$IPersistStreamInitImpl@VCOPOSCoinAcceptor@@@ATL@@UEAAJPEAU_GUID@@@Z 00000001800027ac f i CoinAcceptor.obj
 0001:000017ac       ?GetClassID@?$IPersistStorageImpl@VCOPOSCoinAcceptor@@@ATL@@UEAAJPEAU_GUID@@@Z 00000001800027ac f i CoinAcceptor.obj
 0001:000017ac       ?GetUserClassID@?$IOleObjectImpl@VCOPOSCoinAcceptor@@@ATL@@UEAAJPEAU_GUID@@@Z 00000001800027ac f i CoinAcceptor.obj
 0001:000017c8       ?IsDirty@?$IPersistStreamInitImpl@VCOPOSCoinAcceptor@@@ATL@@UEAAJXZ 00000001800027c8 f i CoinAcceptor.obj
 0001:000017e4       ?Load@?$IPersistStreamInitImpl@VCOPOSCoinAcceptor@@@ATL@@UEAAJPEAUIStream@@@Z 00000001800027e4 f i CoinAcceptor.obj
 0001:00001834       ?Save@?$IPersistStreamInitImpl@VCOPOSCoinAcceptor@@@ATL@@UEAAJPEAUIStream@@H@Z 0000000180002834 f i CoinAcceptor.obj
 0001:00001898       ?GetSizeMax@?$IPersistStreamInitImpl@VCOPOSCoinAcceptor@@@ATL@@UEAAJPEAT_ULARGE_INTEGER@@@Z 0000000180002898 f i CoinAcceptor.obj
 0001:00001ac4       ?InitNew@?$IPersistStreamInitImpl@VCOPOSCoinAcceptor@@@ATL@@UEAAJXZ 0000000180002ac4 f i CoinAcceptor.obj
 0001:00001adc       ?GetMoniker@?$IOleObjectImpl@VCOPOSCoinAcceptor@@@ATL@@UEAAJKKPEAPEAUIMoniker@@@Z 0000000180002adc f i CoinAcceptor.obj
 0001:00001adc       ?EnumFormatEtc@?$IDataObjectImpl@VCOPOSCoinAcceptor@@@ATL@@UEAAJKPEAPEAUIEnumFORMATETC@@@Z 0000000180002adc f i CoinAcceptor.obj
 0001:00001adc       ?Unfreeze@?$IViewObjectExImpl@VCOPOSCoinAcceptor@@@ATL@@UEAAJK@Z 0000000180002adc f i CoinAcceptor.obj
 0001:00001adc       ?GetControlInfo@?$IOleControlImpl@VCOPOSCoinAcceptor@@@ATL@@UEAAJPEAUtagCONTROLINFO@@@Z 0000000180002adc f i CoinAcceptor.obj
 0001:00001adc       ?Freeze@?$IViewObjectExImpl@VCOPOSCoinAcceptor@@@ATL@@UEAAJKJPEAXPEAK@Z 0000000180002adc f i CoinAcceptor.obj
 0001:00001adc       ?GetCanonicalFormatEtc@?$IDataObjectImpl@VCOPOSCoinAcceptor@@@ATL@@UEAAJPEAUtagFORMATETC@@0@Z 0000000180002adc f i CoinAcceptor.obj
 0001:00001adc       ?QueryGetData@?$IDataObjectImpl@VCOPOSCoinAcceptor@@@ATL@@UEAAJPEAUtagFORMATETC@@@Z 0000000180002adc f i CoinAcceptor.obj
 0001:00001adc       ?SetData@?$IDataObjectImpl@VCOPOSCoinAcceptor@@@ATL@@UEAAJPEAUtagFORMATETC@@PEAUtagSTGMEDIUM@@H@Z 0000000180002adc f i CoinAcceptor.obj
 0001:00001adc       ?SetColorScheme@?$IOleObjectImpl@VCOPOSCoinAcceptor@@@ATL@@UEAAJPEAUtagLOGPALETTE@@@Z 0000000180002adc f i CoinAcceptor.obj
 0001:00001adc       ?GetDataHere@?$IDataObjectImpl@VCOPOSCoinAcceptor@@@ATL@@UEAAJPEAUtagFORMATETC@@PEAUtagSTGMEDIUM@@@Z 0000000180002adc f i CoinAcceptor.obj
 0001:00001adc       ?InitFromData@?$IOleObjectImpl@VCOPOSCoinAcceptor@@@ATL@@UEAAJPEAUIDataObject@@HK@Z 0000000180002adc f i CoinAcceptor.obj
 0001:00001adc       ?OnMnemonic@?$IOleControlImpl@VCOPOSCoinAcceptor@@@ATL@@UEAAJPEAUtagMSG@@@Z 0000000180002adc f i CoinAcceptor.obj
 0001:00001adc       ?ReactivateAndUndo@?$IOleInPlaceObjectWindowlessImpl@VCOPOSCoinAcceptor@@@ATL@@UEAAJXZ 0000000180002adc f i CoinAcceptor.obj
 0001:00001adc       ?ContextSensitiveHelp@?$IOleInPlaceObjectWindowlessImpl@VCOPOSCoinAcceptor@@@ATL@@UEAAJH@Z 0000000180002adc f i CoinAcceptor.obj
 0001:00001adc       ?GetColorSet@?$IViewObjectExImpl@VCOPOSCoinAcceptor@@@ATL@@UEAAJKJPEAXPEAUtagDVTARGETDEVICE@@PEAUHDC__@@PEAPEAUtagLOGPALETTE@@@Z 0000000180002adc f i CoinAcceptor.obj
 0001:00001adc       ?SetMoniker@?$IOleObjectImpl@VCOPOSCoinAcceptor@@@ATL@@UEAAJKPEAUIMoniker@@@Z 0000000180002adc f i CoinAcceptor.obj
 0001:00001adc       ?GetClipboardData@?$IOleObjectImpl@VCOPOSCoinAcceptor@@@ATL@@UEAAJKPEAPEAUIDataObject@@@Z 0000000180002adc f i CoinAcceptor.obj
 0001:00001adc       ?QueryInterface@CRegObject@ATL@@UEAAJAEBU_GUID@@PEAPEAX@Z 0000000180002adc f i CoinAcceptor.obj
 0001:00001adc       ?GetDropTarget@?$IOleInPlaceObjectWindowlessImpl@VCOPOSCoinAcceptor@@@ATL@@UEAAJPEAPEAUIDropTarget@@@Z 0000000180002adc f i CoinAcceptor.obj
 0001:00001adc       ?ContextSensitiveHelp@?$IOleInPlaceActiveObjectImpl@VCOPOSCoinAcceptor@@@ATL@@UEAAJH@Z 0000000180002adc f i CoinAcceptor.obj
 0001:00001adc       ?SOErrorDummy@COPOSCoinAcceptor@@MEAAJJJJPEAJ@Z 0000000180002adc f i CoinAcceptor.obj
 0001:00001adc       ?SOOutputCompleteDummy@COPOSCoinAcceptor@@MEAAJJ@Z 0000000180002adc f i CoinAcceptor.obj
 0001:00001adc       ?GetRect@?$IViewObjectExImpl@VCOPOSCoinAcceptor@@@ATL@@UEAAJKPEAU_RECTL@@@Z 0000000180002adc f i CoinAcceptor.obj
 0001:00001ae4       ?SetClientSite@?$IOleObjectImpl@VCOPOSCoinAcceptor@@@ATL@@UEAAJPEAUIOleClientSite@@@Z 0000000180002ae4 f i CoinAcceptor.obj
 0001:00001b00       ?GetClientSite@?$IOleObjectImpl@VCOPOSCoinAcceptor@@@ATL@@UEAAJPEAPEAUIOleClientSite@@@Z 0000000180002b00 f i CoinAcceptor.obj
 0001:00001b48       ?Close@?$IOleObjectImpl@VCOPOSCoinAcceptor@@@ATL@@UEAAJK@Z 0000000180002b48 f i CoinAcceptor.obj
 0001:00001b64       ?DoVerb@?$IOleObjectImpl@VCOPOSCoinAcceptor@@@ATL@@UEAAJJPEAUtagMSG@@PEAUIOleClientSite@@JPEAUHWND__@@PEBUtagRECT@@@Z 0000000180002b64 f i CoinAcceptor.obj
 0001:00001d08       ?EnumVerbs@?$IOleObjectImpl@VCOPOSCoinAcceptor@@@ATL@@UEAAJPEAPEAUIEnumOLEVERB@@@Z 0000000180002d08 f i CoinAcceptor.obj
 0001:00001d24       ?GetUserType@?$IOleObjectImpl@VCOPOSCoinAcceptor@@@ATL@@UEAAJKPEAPEA_W@Z 0000000180002d24 f i CoinAcceptor.obj
 0001:00001d34       ?SetExtent@?$IOleObjectImpl@VCOPOSCoinAcceptor@@@ATL@@UEAAJKPEAUtagSIZE@@@Z 0000000180002d34 f i CoinAcceptor.obj
 0001:00001d50       ?GetExtent@?$IOleObjectImpl@VCOPOSCoinAcceptor@@@ATL@@UEAAJKPEAUtagSIZE@@@Z 0000000180002d50 f i CoinAcceptor.obj
 0001:00001d80       ?Advise@?$IOleObjectImpl@VCOPOSCoinAcceptor@@@ATL@@UEAAJPEAUIAdviseSink@@PEAK@Z 0000000180002d80 f i CoinAcceptor.obj
 0001:00001ddc       ?Unadvise@?$IOleObjectImpl@VCOPOSCoinAcceptor@@@ATL@@UEAAJK@Z 0000000180002ddc f i CoinAcceptor.obj
 0001:00001e14       ?EnumAdvise@?$IOleObjectImpl@VCOPOSCoinAcceptor@@@ATL@@UEAAJPEAPEAUIEnumSTATDATA@@@Z 0000000180002e14 f i CoinAcceptor.obj
 0001:00001e5c       ?GetMiscStatus@?$IOleObjectImpl@VCOPOSCoinAcceptor@@@ATL@@UEAAJKPEAK@Z 0000000180002e5c f i CoinAcceptor.obj
 0001:00001e6c       ?GetWindow@?$IOleInPlaceActiveObjectImpl@VCOPOSCoinAcceptor@@@ATL@@UEAAJPEAPEAUHWND__@@@Z 0000000180002e6c f i CoinAcceptor.obj
 0001:00001ec0       ?TranslateAcceleratorW@?$IOleInPlaceActiveObjectImpl@VCOPOSCoinAcceptor@@@ATL@@UEAAJPEAUtagMSG@@@Z 0000000180002ec0 f i CoinAcceptor.obj
 0001:00001fb4       ?OnDocWindowActivate@?$IOleInPlaceActiveObjectImpl@VCOPOSCoinAcceptor@@@ATL@@UEAAJH@Z 0000000180002fb4 f i CoinAcceptor.obj
 0001:00001fe0       ?Draw@?$IViewObjectExImpl@VCOPOSCoinAcceptor@@@ATL@@UEAAJKJPEAXPEAUtagDVTARGETDEVICE@@PEAUHDC__@@2PEBU_RECTL@@3P6AH_K@Z4@Z 0000000180002fe0 f i CoinAcceptor.obj
 0001:00002044       ?SetAdvise@?$IViewObjectExImpl@VCOPOSCoinAcceptor@@@ATL@@UEAAJKKPEAUIAdviseSink@@@Z 0000000180003044 f i CoinAcceptor.obj
 0001:00002098       ?GetAdvise@?$IViewObjectExImpl@VCOPOSCoinAcceptor@@@ATL@@UEAAJPEAK0PEAPEAUIAdviseSink@@@Z 0000000180003098 f i CoinAcceptor.obj
 0001:000020d4       ?GetExtent@?$IViewObjectExImpl@VCOPOSCoinAcceptor@@@ATL@@UEAAJKJPEAUtagDVTARGETDEVICE@@PEAUtagSIZE@@@Z 00000001800030d4 f i CoinAcceptor.obj
 0001:00002104       ?GetViewStatus@?$IViewObjectExImpl@VCOPOSCoinAcceptor@@@ATL@@UEAAJPEAK@Z 0000000180003104 f i CoinAcceptor.obj
 0001:00002118       ?QueryHitPoint@?$IViewObjectExImpl@VCOPOSCoinAcceptor@@@ATL@@UEAAJKPEBUtagRECT@@UtagPOINT@@JPEAK@Z 0000000180003118 f i CoinAcceptor.obj
 0001:0000215c       ?QueryHitRect@?$IViewObjectExImpl@VCOPOSCoinAcceptor@@@ATL@@UEAAJKPEBUtagRECT@@0JPEAK@Z 000000018000315c f i CoinAcceptor.obj
 0001:000021c4       ?GetNaturalExtent@?$IViewObjectExImpl@VCOPOSCoinAcceptor@@@ATL@@UEAAJKJPEAUtagDVTARGETDEVICE@@PEAUHDC__@@PEAUtagExtentInfo@@PEAUtagSIZE@@@Z 00000001800031c4 f i CoinAcceptor.obj
 0001:0000220c       ?GetWindow@?$IOleInPlaceObjectWindowlessImpl@VCOPOSCoinAcceptor@@@ATL@@UEAAJPEAPEAUHWND__@@@Z 000000018000320c f i CoinAcceptor.obj
 0001:00002260       ?InPlaceDeactivate@?$IOleInPlaceObjectWindowlessImpl@VCOPOSCoinAcceptor@@@ATL@@UEAAJXZ 0000000180003260 f i CoinAcceptor.obj
 0001:0000227c       ?UIDeactivate@?$IOleInPlaceObjectWindowlessImpl@VCOPOSCoinAcceptor@@@ATL@@UEAAJXZ 000000018000327c f i CoinAcceptor.obj
 0001:00002298       ?SetObjectRects@?$IOleInPlaceObjectWindowlessImpl@VCOPOSCoinAcceptor@@@ATL@@UEAAJPEBUtagRECT@@0@Z 0000000180003298 f i CoinAcceptor.obj
 0001:000022b4       ?OnWindowMessage@?$IOleInPlaceObjectWindowlessImpl@VCOPOSCoinAcceptor@@@ATL@@UEAAJI_K_JPEA_J@Z 00000001800032b4 f i CoinAcceptor.obj
 0001:0000237c       ?EnumConnectionPoints@?$IConnectionPointContainerImpl@VCOPOSCoinAcceptor@@@ATL@@UEAAJPEAPEAUIEnumConnectionPoints@@@Z 000000018000337c f i CoinAcceptor.obj
 0001:000025c4       ?FindConnectionPoint@?$IConnectionPointContainerImpl@VCOPOSCoinAcceptor@@@ATL@@UEAAJAEBU_GUID@@PEAPEAUIConnectionPoint@@@Z 00000001800035c4 f i CoinAcceptor.obj
 0001:00002694       ?IsDirty@?$IPersistStorageImpl@VCOPOSCoinAcceptor@@@ATL@@UEAAJXZ 0000000180003694 f i CoinAcceptor.obj
 0001:000026d8       ?InitNew@?$IPersistStorageImpl@VCOPOSCoinAcceptor@@@ATL@@UEAAJPEAUIStorage@@@Z 00000001800036d8 f i CoinAcceptor.obj
 0001:0000271c       ?Load@?$IPersistStorageImpl@VCOPOSCoinAcceptor@@@ATL@@UEAAJPEAUIStorage@@@Z 000000018000371c f i CoinAcceptor.obj
 0001:000027bc       ?Save@?$IPersistStorageImpl@VCOPOSCoinAcceptor@@@ATL@@UEAAJPEAUIStorage@@H@Z 00000001800037bc f i CoinAcceptor.obj
 0001:0000286c       ?GetPages@?$ISpecifyPropertyPagesImpl@VCOPOSCoinAcceptor@@@ATL@@UEAAJPEAUtagCAUUID@@@Z 000000018000386c f i CoinAcceptor.obj
 0001:00002878       ?QuickActivate@?$IQuickActivateImpl@VCOPOSCoinAcceptor@@@ATL@@UEAAJPEAUtagQACONTAINER@@PEAUtagQACONTROL@@@Z 0000000180003878 f i CoinAcceptor.obj
 0001:00002894       ?SetContentExtent@?$IQuickActivateImpl@VCOPOSCoinAcceptor@@@ATL@@UEAAJPEAUtagSIZE@@@Z 0000000180003894 f i CoinAcceptor.obj
 0001:000028c8       ?GetContentExtent@?$IQuickActivateImpl@VCOPOSCoinAcceptor@@@ATL@@UEAAJPEAUtagSIZE@@@Z 00000001800038c8 f i CoinAcceptor.obj
 0001:00002900       ?GetData@?$IDataObjectImpl@VCOPOSCoinAcceptor@@@ATL@@UEAAJPEAUtagFORMATETC@@PEAUtagSTGMEDIUM@@@Z 0000000180003900 f i CoinAcceptor.obj
 0001:0000291c       ?DAdvise@?$IDataObjectImpl@VCOPOSCoinAcceptor@@@ATL@@UEAAJPEAUtagFORMATETC@@KPEAUIAdviseSink@@PEAK@Z 000000018000391c f i CoinAcceptor.obj
 0001:000029a4       ?DUnadvise@?$IDataObjectImpl@VCOPOSCoinAcceptor@@@ATL@@UEAAJK@Z 00000001800039a4 f i CoinAcceptor.obj
 0001:000029d0       ?EnumDAdvise@?$IDataObjectImpl@VCOPOSCoinAcceptor@@@ATL@@UEAAJPEAPEAUIEnumSTATDATA@@@Z 00000001800039d0 f i CoinAcceptor.obj
 0001:00002a0c       ?GetClassInfoW@?$IProvideClassInfo2Impl@$1?CLSID_OPOSCoinAcceptor@@3U_GUID@@B$1?DIID__IOPOSCoinAcceptorEvents@@3U2@B$1?LIBID_OposCoinAcceptor_CCO@@3U2@B$00$0A@VCComTypeInfoHolder@ATL@@@ATL@@UEAAJPEAPEAUITypeInfo@@@Z 0000000180003a0c f i CoinAcceptor.obj
 0001:00002a64       ?GetGUID@?$IProvideClassInfo2Impl@$1?CLSID_OPOSCoinAcceptor@@3U_GUID@@B$1?DIID__IOPOSCoinAcceptorEvents@@3U2@B$1?LIBID_OposCoinAcceptor_CCO@@3U2@B$00$0A@VCComTypeInfoHolder@ATL@@@ATL@@UEAAJKPEAU_GUID@@@Z 0000000180003a64 f i CoinAcceptor.obj
 0001:00002a98       ?FAccessAllowed@?$IObjectSafetyImpl@VCOPOSCoinAcceptor@@$02@ATL@@MEAAHXZ 0000000180003a98 f i CoinAcceptor.obj
 0001:00002a98       ?AddRef@CRegObject@ATL@@UEAAKXZ 0000000180003a98 f i CoinAcceptor.obj
 0001:00002a98       _get_startup_argv_mode     0000000180003a98 f i LIBCMT:argv_mode.obj
 0001:00002aa0       ?GetInterfaceSafetyOptions@?$IObjectSafetyImpl@VCOPOSCoinAcceptor@@$02@ATL@@UEAAJAEBU_GUID@@PEAK1@Z 0000000180003aa0 f i CoinAcceptor.obj
 0001:00002b34       ?SetInterfaceSafetyOptions@?$IObjectSafetyImpl@VCOPOSCoinAcceptor@@$02@ATL@@UEAAJAEBU_GUID@@KK@Z 0000000180003b34 f i CoinAcceptor.obj
 0001:00002bd8       ?_LocCPQueryInterface@?$IConnectionPointImpl@VCOPOSCoinAcceptor@@$1?DIID__IOPOSCoinAcceptorEvents@@3U_GUID@@BVCComDynamicUnkArray@ATL@@@ATL@@UEAAJAEBU_GUID@@PEAPEAX@Z 0000000180003bd8 f i CoinAcceptor.obj
 0001:00002bd8       ?_LocCPQueryInterface@?$IConnectionPointImpl@VCOPOSCoinAcceptor@@$1?IID_IPropertyNotifySink@@3U_GUID@@BVCComDynamicUnkArray@ATL@@@ATL@@UEAAJAEBU_GUID@@PEAPEAX@Z 0000000180003bd8 f i CoinAcceptor.obj
 0001:00002c4c       ?GetConnectionInterface@?$IConnectionPointImpl@VCOPOSCoinAcceptor@@$1?IID_IPropertyNotifySink@@3U_GUID@@BVCComDynamicUnkArray@ATL@@@ATL@@UEAAJPEAU_GUID@@@Z 0000000180003c4c f i CoinAcceptor.obj
 0001:00002c68       ?GetConnectionPointContainer@?$IConnectionPointImpl@VCOPOSCoinAcceptor@@$1?IID_IPropertyNotifySink@@3U_GUID@@BVCComDynamicUnkArray@ATL@@@ATL@@UEAAJPEAPEAUIConnectionPointContainer@@@Z 0000000180003c68 f i CoinAcceptor.obj
 0001:00002c88       ?Advise@?$IConnectionPointImpl@VCOPOSCoinAcceptor@@$1?IID_IPropertyNotifySink@@3U_GUID@@BVCComDynamicUnkArray@ATL@@@ATL@@UEAAJPEAUIUnknown@@PEAK@Z 0000000180003c88 f i CoinAcceptor.obj
 0001:00002c88       ?Advise@?$IConnectionPointImpl@VCOPOSCoinAcceptor@@$1?DIID__IOPOSCoinAcceptorEvents@@3U_GUID@@BVCComDynamicUnkArray@ATL@@@ATL@@UEAAJPEAUIUnknown@@PEAK@Z 0000000180003c88 f i CoinAcceptor.obj
 0001:00002d48       ?Unadvise@?$IConnectionPointImpl@VCOPOSCoinAcceptor@@$1?IID_IPropertyNotifySink@@3U_GUID@@BVCComDynamicUnkArray@ATL@@@ATL@@UEAAJK@Z 0000000180003d48 f i CoinAcceptor.obj
 0001:00002d48       ?Unadvise@?$IConnectionPointImpl@VCOPOSCoinAcceptor@@$1?DIID__IOPOSCoinAcceptorEvents@@3U_GUID@@BVCComDynamicUnkArray@ATL@@@ATL@@UEAAJK@Z 0000000180003d48 f i CoinAcceptor.obj
 0001:00002dc4       ?EnumConnections@?$IConnectionPointImpl@VCOPOSCoinAcceptor@@$1?DIID__IOPOSCoinAcceptorEvents@@3U_GUID@@BVCComDynamicUnkArray@ATL@@@ATL@@UEAAJPEAPEAUIEnumConnections@@@Z 0000000180003dc4 f i CoinAcceptor.obj
 0001:00002dc4       ?EnumConnections@?$IConnectionPointImpl@VCOPOSCoinAcceptor@@$1?IID_IPropertyNotifySink@@3U_GUID@@BVCComDynamicUnkArray@ATL@@@ATL@@UEAAJPEAPEAUIEnumConnections@@@Z 0000000180003dc4 f i CoinAcceptor.obj
 0001:00002f6c       ?GetConnectionInterface@?$IConnectionPointImpl@VCOPOSCoinAcceptor@@$1?DIID__IOPOSCoinAcceptorEvents@@3U_GUID@@BVCComDynamicUnkArray@ATL@@@ATL@@UEAAJPEAU_GUID@@@Z 0000000180003f6c f i CoinAcceptor.obj
 0001:00002f88       ?GetConnectionPointContainer@?$IConnectionPointImpl@VCOPOSCoinAcceptor@@$1?DIID__IOPOSCoinAcceptorEvents@@3U_GUID@@BVCComDynamicUnkArray@ATL@@@ATL@@UEAAJPEAPEAUIConnectionPointContainer@@@Z 0000000180003f88 f i CoinAcceptor.obj
 0001:00002fa8       ?UpdateRegistry@COPOSCoinAcceptor@@SAJH@Z 0000000180003fa8 f i CoinAcceptor.obj
 0001:00002fc0       ?ProcessWindowMessage@COPOSCoinAcceptor@@UEAAHPEAUHWND__@@I_K_JAEA_JK@Z 0000000180003fc0 f i CoinAcceptor.obj
 0001:00003048       ?SOData@COPOSCoinAcceptor@@MEAAJJ@Z 0000000180004048 f i CoinAcceptor.obj
 0001:00003098       ?SODirectIO@COPOSCoinAcceptor@@MEAAJJPEAJPEAPEA_W@Z 0000000180004098 f i CoinAcceptor.obj
 0001:00003110       ?SOStatusUpdate@COPOSCoinAcceptor@@MEAAJJ@Z 0000000180004110 f i CoinAcceptor.obj
 0001:00003160       ?AddReplacement@CRegObject@ATL@@UEAAJPEB_W0@Z 0000000180004160 f i CoinAcceptor.obj
 0001:00003190       ?ClearReplacements@CRegObject@ATL@@UEAAJXZ 0000000180004190 f i CoinAcceptor.obj
 0001:0000319c       ??_GCRegObject@ATL@@UEAAPEAXI@Z 000000018000419c f i CoinAcceptor.obj
 0001:0000319c       ??_ECRegObject@ATL@@UEAAPEAXI@Z 000000018000419c f i CoinAcceptor.obj
 0001:0000321c       ?CreateInstance@?$CComCreator@V?$CComObjectCached@VCComClassFactory@ATL@@@ATL@@@ATL@@SAJPEAXAEBU_GUID@@PEAPEAX@Z 000000018000421c f i CoinAcceptor.obj
 0001:00003320       ?CreateInstance@?$CComCreator2@V?$CComCreator@V?$CComObject@VCOPOSCoinAcceptor@@@ATL@@@ATL@@V?$CComCreator@V?$CComAggObject@VCOPOSCoinAcceptor@@@ATL@@@2@@ATL@@SAJPEAXAEBU_GUID@@PEAPEAX@Z 0000000180004320 f i CoinAcceptor.obj
 0001:00003330       ?Next@?$CComEnumImpl@UIEnumConnectionPoints@@$1?_GUID_b196b285_bab4_101a_b69c_00aa00341d07@@3U__s_GUID@@BPEAUIConnectionPoint@@V?$_CopyInterface@UIConnectionPoint@@@ATL@@@ATL@@UEAAJKPEAPEAUIConnectionPoint@@PEAK@Z 0000000180004330 f i CoinAcceptor.obj
 0001:000033fc       ?Skip@?$CComEnumImpl@UIEnumConnectionPoints@@$1?_GUID_b196b285_bab4_101a_b69c_00aa00341d07@@3U__s_GUID@@BPEAUIConnectionPoint@@V?$_CopyInterface@UIConnectionPoint@@@ATL@@@ATL@@UEAAJK@Z 00000001800043fc f i CoinAcceptor.obj
 0001:00003428       ?Clone@?$CComEnumImpl@UIEnumConnectionPoints@@$1?_GUID_b196b285_bab4_101a_b69c_00aa00341d07@@3U__s_GUID@@BPEAUIConnectionPoint@@V?$_CopyInterface@UIConnectionPoint@@@ATL@@@ATL@@UEAAJPEAPEAUIEnumConnectionPoints@@@Z 0000000180004428 f i CoinAcceptor.obj
 0001:00003550       ?QueryInterface@?$CComObject@V?$CComEnum@UIEnumConnectionPoints@@$1?_GUID_b196b285_bab4_101a_b69c_00aa00341d07@@3U__s_GUID@@BPEAUIConnectionPoint@@V?$_CopyInterface@UIConnectionPoint@@@ATL@@VCComSingleThreadModel@6@@ATL@@@ATL@@UEAAJAEBU_GUID@@PEAPEAX@Z 0000000180004550 f i CoinAcceptor.obj
 0001:00003564       ??_E?$CComObject@V?$CComEnum@UIEnumConnectionPoints@@$1?_GUID_b196b285_bab4_101a_b69c_00aa00341d07@@3U__s_GUID@@BPEAUIConnectionPoint@@V?$_CopyInterface@UIConnectionPoint@@@ATL@@VCComSingleThreadModel@6@@ATL@@@ATL@@UEAAPEAXI@Z 0000000180004564 f i CoinAcceptor.obj
 0001:00003564       ??_G?$CComObject@V?$CComEnum@UIEnumConnectionPoints@@$1?_GUID_b196b285_bab4_101a_b69c_00aa00341d07@@3U__s_GUID@@BPEAUIConnectionPoint@@V?$_CopyInterface@UIConnectionPoint@@@ATL@@VCComSingleThreadModel@6@@ATL@@@ATL@@UEAAPEAXI@Z 0000000180004564 f i CoinAcceptor.obj
 0001:000035bc       ?AddRef@?$CComObjectCached@VCComClassFactory@ATL@@@ATL@@UEAAKXZ 00000001800045bc f i CoinAcceptor.obj
 0001:000035e8       ?Release@?$CComObjectCached@VCComClassFactory@ATL@@@ATL@@UEAAKXZ 00000001800045e8 f i CoinAcceptor.obj
 0001:00003628       ?QueryInterface@?$CComObjectCached@VCComClassFactory@ATL@@@ATL@@UEAAJAEBU_GUID@@PEAPEAX@Z 0000000180004628 f i CoinAcceptor.obj
 0001:0000363c       ??_G?$CComObjectCached@VCComClassFactory@ATL@@@ATL@@UEAAPEAXI@Z 000000018000463c f i CoinAcceptor.obj
 0001:0000363c       ??_E?$CComObjectCached@VCComClassFactory@ATL@@@ATL@@UEAAPEAXI@Z 000000018000463c f i CoinAcceptor.obj
 0001:00003694       ??$AtlModuleRegisterWndClassInfoT@VAtlModuleRegisterWndClassInfoParamW@ATL@@@ATL@@YAGPEAU_ATL_BASE_MODULE70@0@PEAU_ATL_WIN_MODULE70@0@PEAU_ATL_WNDCLASSINFOW@0@PEAP6A_JPEAUHWND__@@I_K_J@ZVAtlModuleRegisterWndClassInfoParamW@0@@Z 0000000180004694 f i CoinAcceptor.obj
 0001:00003894       ??0?$CComContainedObject@VCOPOSCoinAcceptor@@@ATL@@QEAA@PEAX@Z 0000000180004894 f i CoinAcceptor.obj
 0001:000039b0       ??0?$CComObject@VCOPOSCoinAcceptor@@@ATL@@QEAA@PEAX@Z 00000001800049b0 f i CoinAcceptor.obj
 0001:00003ac8       ??0CAtlModule@ATL@@QEAA@XZ 0000000180004ac8 f i CoinAcceptor.obj
 0001:00003b48       ??1?$CComEnumImpl@UIEnumConnectionPoints@@$1?_GUID_b196b285_bab4_101a_b69c_00aa00341d07@@3U__s_GUID@@BPEAUIConnectionPoint@@V?$_CopyInterface@UIConnectionPoint@@@ATL@@@ATL@@UEAA@XZ 0000000180004b48 f i CoinAcceptor.obj
 0001:00003ba4       ??1?$CComEnumImpl@UIEnumConnections@@$1?_GUID_b196b287_bab4_101a_b69c_00aa00341d07@@3U__s_GUID@@BUtagCONNECTDATA@@V?$_Copy@UtagCONNECTDATA@@@ATL@@@ATL@@UEAA@XZ 0000000180004ba4 f i CoinAcceptor.obj
 0001:00003c00       ??1?$CComObject@VCOPOSCoinAcceptor@@@ATL@@UEAA@XZ 0000000180004c00 f i CoinAcceptor.obj
 0001:00003d20       ??_G?$CComContainedObject@VCOPOSCoinAcceptor@@@ATL@@UEAAPEAXI@Z 0000000180004d20 f i CoinAcceptor.obj
 0001:00003d20       ??_E?$CComContainedObject@VCOPOSCoinAcceptor@@@ATL@@UEAAPEAXI@Z 0000000180004d20 f i CoinAcceptor.obj
 0001:00003d54       ??_G?$CComObject@VCOPOSCoinAcceptor@@@ATL@@UEAAPEAXI@Z 0000000180004d54 f i CoinAcceptor.obj
 0001:00003d54       ??_E?$CComObject@VCOPOSCoinAcceptor@@@ATL@@UEAAPEAXI@Z 0000000180004d54 f i CoinAcceptor.obj
 0001:00003d88       ?Add@?$CSimpleArray@GV?$CSimpleArrayEqualHelper@G@ATL@@@ATL@@QEAAHAEBG@Z 0000000180004d88 f i CoinAcceptor.obj
 0001:00003e3c       ?Add@?$CSimpleMap@PEA_WPEA_WVCExpansionVectorEqualHelper@ATL@@@ATL@@QEAAHAEBQEA_W0@Z 0000000180004e3c f i CoinAcceptor.obj
 0001:00003edc       ?Add@CComDynamicUnkArray@ATL@@QEAAKPEAUIUnknown@@@Z 0000000180004edc f i CoinAcceptor.obj
 0001:00003fd4       ?Add@CExpansionVector@ATL@@QEAAHPEB_W0@Z 0000000180004fd4 f i CoinAcceptor.obj
 0001:00004164       ?AddValue@CRegParser@ATL@@IEAAJAEAVCRegKey@2@PEB_WPEA_W@Z 0000000180005164 f i CoinAcceptor.obj
 0001:000045ac       ?AllocateHeap@?$CTempBuffer@_W$0EAA@VCCRTAllocator@ATL@@@ATL@@AEAAX_K@Z 00000001800055ac f i CoinAcceptor.obj
 0001:000045ac       ?AllocateHeap@?$CTempBuffer@_W$0BAA@VCCRTAllocator@ATL@@@ATL@@AEAAX_K@Z 00000001800055ac f i CoinAcceptor.obj
 0001:000045ac       ?AllocateHeap@?$CTempBuffer@E$0BAA@VCCRTAllocator@ATL@@@ATL@@AEAAX_K@Z 00000001800055ac f i CoinAcceptor.obj
 0001:000045d8       ?Append@CParseBuffer@CRegParser@ATL@@QEAAHPEB_WH@Z 00000001800055d8 f i CoinAcceptor.obj
 0001:000046f0       ?AtlCallTermFunc@ATL@@YAXPEAU_ATL_MODULE70@1@@Z 00000001800056f0 f i CoinAcceptor.obj
 0001:00004754       ?AtlComModuleGetClassObject@ATL@@YAJPEAU_ATL_COM_MODULE70@1@AEBU_GUID@@1PEAPEAX@Z 0000000180005754 f i CoinAcceptor.obj
 0001:00004894       ?AtlComModuleRegisterServer@ATL@@YAJPEAU_ATL_COM_MODULE70@1@HPEBU_GUID@@@Z 0000000180005894 f i CoinAcceptor.obj
 0001:00004954       ?AtlComModuleUnregisterServer@ATL@@YAJPEAU_ATL_COM_MODULE70@1@HPEBU_GUID@@@Z 0000000180005954 f i CoinAcceptor.obj
 0001:00004a10       ?AtlCreateTargetDC@ATL@@YAPEAUHDC__@@PEAU2@PEAUtagDVTARGETDEVICE@@@Z 0000000180005a10 f i CoinAcceptor.obj
 0001:00004a84       ?AtlHiMetricToPixel@ATL@@YAXPEBUtagSIZE@@PEAU2@@Z 0000000180005a84 f i CoinAcceptor.obj
 0001:00004b34       ?AtlHresultFromLastError@ATL@@YAJXZ 0000000180005b34 f i CoinAcceptor.obj
 0001:00004b54       ?AtlHresultFromWin32@ATL@@YAJK@Z 0000000180005b54 f i CoinAcceptor.obj
 0001:00004b64       ?AtlIPersistStreamInit_Load@ATL@@YAJPEAUIStream@@PEBUATL_PROPMAP_ENTRY@1@PEAXPEAUIUnknown@@@Z 0000000180005b64 f i CoinAcceptor.obj
 0001:00004d9c       ?AtlIPersistStreamInit_Save@ATL@@YAJPEAUIStream@@HPEBUATL_PROPMAP_ENTRY@1@PEAXPEAUIUnknown@@@Z 0000000180005d9c f i CoinAcceptor.obj
 0001:00004fd8       ?AtlInternalOleLoadFromStream@ATL@@YAJPEAUIStream@@AEBU_GUID@@PEAPEAXTClassesAllowedInStream@1@K@Z 0000000180005fd8 f i CoinAcceptor.obj
 0001:0000511c       ?AtlInternalQueryInterface@ATL@@YAJPEAXPEBU_ATL_INTMAP_ENTRY@1@AEBU_GUID@@PEAPEAX@Z 000000018000611c f i CoinAcceptor.obj
 0001:00005224       ?AtlLoadTypeLib@ATL@@YAJPEAUHINSTANCE__@@PEB_WPEAPEA_WPEAPEAUITypeLib@@@Z 0000000180006224 f i CoinAcceptor.obj
 0001:00005480       ?AtlModuleAddTermFunc@ATL@@YAJPEAU_ATL_MODULE70@1@P6AX_K@Z1@Z 0000000180006480 f i CoinAcceptor.obj
 0001:00005514       ?AtlRegisterClassCategoriesHelper@ATL@@YAJAEBU_GUID@@PEBU_ATL_CATMAP_ENTRY@1@H@Z 0000000180006514 f i CoinAcceptor.obj
 0001:0000597c       ?AtlRegisterTypeLib@ATL@@YAJPEAUHINSTANCE__@@PEB_W@Z 000000018000697c f i CoinAcceptor.obj
 0001:00005b78       ?AtlThrowImpl@ATL@@YAXJ@Z  0000000180006b78 f i CoinAcceptor.obj
 0001:00005b9c       ?AtlUnRegisterTypeLib@ATL@@YAJPEAUHINSTANCE__@@PEB_W@Z 0000000180006b9c f i CoinAcceptor.obj
 0001:00005c64       ?AtlWinModuleExtractCreateWndData@ATL@@YAPEAXPEAU_ATL_WIN_MODULE70@1@@Z 0000000180006c64 f i CoinAcceptor.obj
 0001:00005cf0       ?Cleanup@CComTypeInfoHolder@ATL@@SAX_K@Z 0000000180006cf0 f i CoinAcceptor.obj
 0001:00005d30       ?ClearReplacements@CExpansionVector@ATL@@QEAAJXZ 0000000180006d30 f i CoinAcceptor.obj
 0001:00005dcc       ?CreateInstance@?$CComCreator@V?$CComAggObject@VCOPOSCoinAcceptor@@@ATL@@@ATL@@SAJPEAXAEBU_GUID@@PEAPEAX@Z 0000000180006dcc f i CoinAcceptor.obj
 0001:00005ea4       ?CreateInstance@?$CComCreator@V?$CComObject@VCOPOSCoinAcceptor@@@ATL@@@ATL@@SAJPEAXAEBU_GUID@@PEAPEAX@Z 0000000180006ea4 f i CoinAcceptor.obj
 0001:00005f5c       ?CreateInstance@?$CComObject@V?$CComEnum@UIEnumConnectionPoints@@$1?_GUID_b196b285_bab4_101a_b69c_00aa00341d07@@3U__s_GUID@@BPEAUIConnectionPoint@@V?$_CopyInterface@UIConnectionPoint@@@ATL@@VCComSingleThreadModel@6@@ATL@@@ATL@@SAJPEAPEAV12@@Z 0000000180006f5c f i CoinAcceptor.obj
 0001:00005fe8       ?CreateInstance@?$CComObject@V?$CComEnum@UIEnumConnections@@$1?_GUID_b196b287_bab4_101a_b69c_00aa00341d07@@3U__s_GUID@@BUtagCONNECTDATA@@V?$_Copy@UtagCONNECTDATA@@@ATL@@VCComSingleThreadModel@6@@ATL@@@ATL@@SAJPEAPEAV12@@Z 0000000180006fe8 f i CoinAcceptor.obj
 0001:00006074       ?DefaultReflectionHandler@?$CWindowImplRoot@VCWindow@ATL@@@ATL@@SAHPEAUHWND__@@I_K_JAEA_J@Z 0000000180007074 f i CoinAcceptor.obj
 0001:000060d8       ?DeleteSubKey@CRegKey@ATL@@QEAAJPEB_W@Z 00000001800070d8 f i CoinAcceptor.obj
 0001:00006170       ?DoEvent@COPOSCoinAcceptor@@IEAAXI_K_J@Z 0000000180007170 f i CoinAcceptor.obj
 0001:00006224       ?DoVerbPrimary@?$IOleObjectImpl@VCOPOSCoinAcceptor@@@ATL@@QEAAJPEBUtagRECT@@PEAUHWND__@@@Z 0000000180007224 f i CoinAcceptor.obj
 0001:0000634c       ?DoVerbProperties@CComControlBase@ATL@@QEAAJPEBUtagRECT@@PEAUHWND__@@@Z 000000018000734c f i CoinAcceptor.obj
 0001:00006574       ?FireTheEvent@?$CProxy_IOPOSEvents@VCOPOSCoinAcceptor@@@@IEAAXPEAVOposVariant@@IAEAJPEB_WJ@Z 0000000180007574 f i CoinAcceptor.obj
 0001:00006660       ?FireViewChange@CComControlBase@ATL@@QEAAJXZ 0000000180007660 f i CoinAcceptor.obj
 0001:000066c4       ?Fire_DataEvent@?$CProxy_IOPOSEvents@VCOPOSCoinAcceptor@@@@QEAAXJ@Z 00000001800076c4 f i CoinAcceptor.obj
 0001:000067b0       ?Fire_DirectIOEvent@?$CProxy_IOPOSEvents@VCOPOSCoinAcceptor@@@@QEAAXJPEAJPEAPEA_W@Z 00000001800077b0 f i CoinAcceptor.obj
 0001:00006908       ?Fire_StatusUpdateEvent@?$CProxy_IOPOSEvents@VCOPOSCoinAcceptor@@@@QEAAXJ@Z 0000000180007908 f i CoinAcceptor.obj
 0001:000069f4       ?FreeHeap@?$CTempBuffer@E$0BAA@VCCRTAllocator@ATL@@@ATL@@AEAAXXZ 00000001800079f4 f i CoinAcceptor.obj
 0001:000069f4       ?FreeHeap@?$CTempBuffer@_W$0EAA@VCCRTAllocator@ATL@@@ATL@@AEAAXXZ 00000001800079f4 f i CoinAcceptor.obj
 0001:000069f4       ?FreeHeap@?$CTempBuffer@_W$0BAA@VCCRTAllocator@ATL@@@ATL@@AEAAXXZ 00000001800079f4 f i CoinAcceptor.obj
 0001:000069fc       ?GetAmbientLocaleID@CComControlBase@ATL@@QEAAJAEAK@Z 00000001800079fc f i CoinAcceptor.obj
 0001:00006abc       ?GetAmbientUserMode@CComControlBase@ATL@@QEAAJAEAH@Z 0000000180007abc f i CoinAcceptor.obj
 0001:00006b90       ?GetClassObject@CComModule@ATL@@QEAAJAEBU_GUID@@0PEAPEAX@Z 0000000180007b90 f i CoinAcceptor.obj
 0001:00006c84       ?GetConnMap@COPOSCoinAcceptor@@SAPEBU_ATL_CONNMAP_ENTRY@ATL@@PEAH@Z 0000000180007c84 f i CoinAcceptor.obj
 0001:00006d0c       ?GetIDsOfNames@CComTypeInfoHolder@ATL@@QEAAJAEBU_GUID@@PEAPEA_WIKPEAJ@Z 0000000180007d0c f i CoinAcceptor.obj
 0001:00006e84       ?GetPagesHelper@?$ISpecifyPropertyPagesImpl@VCOPOSCoinAcceptor@@@ATL@@IEAAJPEAUtagCAUUID@@PEBUATL_PROPMAP_ENTRY@2@@Z 0000000180007e84 f i CoinAcceptor.obj
 0001:00007024       ?GetSizeMax@CComVariant@ATL@@QEBAJPEAT_ULARGE_INTEGER@@@Z 0000000180008024 f i CoinAcceptor.obj
 0001:00007258       ?GetTI@CComTypeInfoHolder@ATL@@QEAAJK@Z 0000000180008258 f i CoinAcceptor.obj
 0001:000074d0       ?GetZoomInfo@CComControlBase@ATL@@QEAAXAEAUATL_DRAWINFO@@@Z 00000001800084d0 f i CoinAcceptor.obj
 0001:00007574       ?HKeyFromString@CRegParser@ATL@@KAPEAUHKEY__@@PEA_W@Z 0000000180008574 f i CoinAcceptor.obj
 0001:000075d8       ?IDataObject_GetData@CComControlBase@ATL@@QEAAJPEAUtagFORMATETC@@PEAUtagSTGMEDIUM@@@Z 00000001800085d8 f i CoinAcceptor.obj
 0001:000077cc       ?IOleInPlaceObject_InPlaceDeactivate@CComControlBase@ATL@@QEAAJXZ 00000001800087cc f i CoinAcceptor.obj
 0001:0000786c       ?IOleInPlaceObject_SetObjectRects@CComControlBase@ATL@@QEAAJPEBUtagRECT@@0@Z 000000018000886c f i CoinAcceptor.obj
 0001:0000795c       ?IOleInPlaceObject_UIDeactivate@CComControlBase@ATL@@QEAAJXZ 000000018000895c f i CoinAcceptor.obj
 0001:00007a68       ?IOleObject_Close@CComControlBase@ATL@@QEAAJK@Z 0000000180008a68 f i CoinAcceptor.obj
 0001:00007b80       ?IOleObject_SetClientSite@CComControlBase@ATL@@QEAAJPEAUIOleClientSite@@@Z 0000000180008b80 f i CoinAcceptor.obj
 0001:00007bf8       ?IOleObject_SetExtent@CComControlBase@ATL@@QEAAJKPEAUtagSIZE@@@Z 0000000180008bf8 f i CoinAcceptor.obj
 0001:00007c90       ?IPSI_GetIPersistStreamInit@?$IPersistStorageImpl@VCOPOSCoinAcceptor@@@ATL@@AEAAPEAUIPersistStreamInit@@XZ 0000000180008c90 f i CoinAcceptor.obj
 0001:00007cec       ?IQuickActivate_QuickActivate@CComControlBase@ATL@@QEAAJPEAUtagQACONTAINER@@PEAUtagQACONTROL@@@Z 0000000180008cec f i CoinAcceptor.obj
 0001:00007fb0       ?IViewObject_Draw@CComControlBase@ATL@@QEAAJKJPEAXPEAUtagDVTARGETDEVICE@@PEAUHDC__@@2PEBU_RECTL@@3@Z 0000000180008fb0 f i CoinAcceptor.obj
 0001:000080c4       ?InPlaceActivate@CComControlBase@ATL@@QEAAJJPEBUtagRECT@@@Z 00000001800090c4 f i CoinAcceptor.obj
 0001:000083fc       ?Init@?$CComEnumImpl@UIEnumConnectionPoints@@$1?_GUID_b196b285_bab4_101a_b69c_00aa00341d07@@3U__s_GUID@@BPEAUIConnectionPoint@@V?$_CopyInterface@UIConnectionPoint@@@ATL@@@ATL@@QEAAJPEAPEAUIConnectionPoint@@0PEAUIUnknown@@W4CComEnumFlags@2@@Z 00000001800093fc f i CoinAcceptor.obj
 0001:0000851c       ?Init@?$CComEnumImpl@UIEnumConnections@@$1?_GUID_b196b287_bab4_101a_b69c_00aa00341d07@@3U__s_GUID@@BUtagCONNECTDATA@@V?$_Copy@UtagCONNECTDATA@@@ATL@@@ATL@@QEAAJPEAUtagCONNECTDATA@@0PEAUIUnknown@@W4CComEnumFlags@2@@Z 000000018000951c f i CoinAcceptor.obj
 0001:00008640       ?IsEqualObject@?$CComPtrBase@UIOleClientSite@@@ATL@@QEAA_NPEAUIUnknown@@@Z 0000000180009640 f i CoinAcceptor.obj
 0001:00008640       ?IsEqualObject@?$CComPtrBase@UITypeInfo@@@ATL@@QEAA_NPEAUIUnknown@@@Z 0000000180009640 f i CoinAcceptor.obj
 0001:000086cc       ?LoadNameCache@CComTypeInfoHolder@ATL@@QEAAJPEAUITypeInfo@@@Z 00000001800096cc f i CoinAcceptor.obj
 0001:00008850       ?Lookup@?$CSimpleMap@PEA_WPEA_WVCExpansionVectorEqualHelper@ATL@@@ATL@@QEBAPEA_WAEBQEA_W@Z 0000000180009850 f i CoinAcceptor.obj
 0001:000088dc       ?NextToken@CRegParser@ATL@@IEAAJPEA_W@Z 00000001800098dc f i CoinAcceptor.obj
 0001:00008a94       ?OnKillFocus@CComControlBase@ATL@@QEAA_JI_K_JAEAH@Z 0000000180009a94 f i CoinAcceptor.obj
 0001:00008b30       ?OnMouseActivate@CComControlBase@ATL@@QEAA_JI_K_JAEAH@Z 0000000180009b30 f i CoinAcceptor.obj
 0001:00008bd0       ?OnPaint@CComControlBase@ATL@@QEAA_JI_K_JAEAH@Z 0000000180009bd0 f i CoinAcceptor.obj
 0001:00008cbc       ?OnSetFocus@CComControlBase@ATL@@QEAA_JI_K_JAEAH@Z 0000000180009cbc f i CoinAcceptor.obj
 0001:00008db8       ?Open@CRegKey@ATL@@QEAAJPEAUHKEY__@@PEB_WK@Z 0000000180009db8 f i CoinAcceptor.obj
 0001:00008e44       ?PreProcessBuffer@CRegParser@ATL@@QEAAJPEA_WPEAPEA_W@Z 0000000180009e44 f i CoinAcceptor.obj
 0001:000091c8       ?ProcessWindowMessage@?$CComControl@VCOPOSCoinAcceptor@@V?$CWindowImpl@VCOPOSCoinAcceptor@@VCWindow@ATL@@V?$CWinTraits@$0FGAAAAAA@$0A@@3@@ATL@@@ATL@@UEAAHPEAUHWND__@@I_K_JAEA_JK@Z 000000018000a1c8 f i CoinAcceptor.obj
 0001:000092ac       ?PutProperty@?$CComPtr@UIDispatch@@@ATL@@SAJPEAUIDispatch@@JPEAUtagVARIANT@@@Z 000000018000a2ac f i CoinAcceptor.obj
 0001:000093b0       ?ReadFromStream@CComBSTR@ATL@@QEAAJPEAUIStream@@@Z 000000018000a3b0 f i CoinAcceptor.obj
 0001:0000950c       ?ReadFromStream@CComVariant@ATL@@QEAAJPEAUIStream@@GTClassesAllowedInStream@2@K@Z 000000018000a50c f i CoinAcceptor.obj
 0001:0000971c       ?RecurseDeleteKey@CRegKey@ATL@@QEAAJPEB_W@Z 000000018000a71c f i CoinAcceptor.obj
 0001:00009828       ?RegCreateKeyExW@CAtlTransactionManager@ATL@@QEAAJPEAUHKEY__@@PEB_WKPEA_WKKQEAU_SECURITY_ATTRIBUTES@@PEAPEAU3@PEAK@Z 000000018000a828 f i CoinAcceptor.obj
 0001:0000995c       ?RegDeleteKeyW@CAtlTransactionManager@ATL@@QEAAJPEAUHKEY__@@PEB_W@Z 000000018000a95c f i CoinAcceptor.obj
 0001:000099e8       ?RegOpenKeyExW@CAtlTransactionManager@ATL@@QEAAJPEAUHKEY__@@PEB_WKKPEAPEAU3@@Z 000000018000a9e8 f i CoinAcceptor.obj
 0001:00009aa0       ?RegisterBuffer@CRegParser@ATL@@QEAAJPEA_WH@Z 000000018000aaa0 f i CoinAcceptor.obj
 0001:00009c08       ?RegisterFromResource@CRegObject@ATL@@IEAAJPEB_W00H@Z 000000018000ac08 f i CoinAcceptor.obj
 0001:00009dc4       ?RegisterServer@CComModule@ATL@@QEAAJHPEBU_GUID@@@Z 000000018000adc4 f i CoinAcceptor.obj
 0001:00009e84       ?RegisterSubkeys@CRegParser@ATL@@IEAAJPEA_WPEAUHKEY__@@HH@Z 000000018000ae84 f i CoinAcceptor.obj
 0001:0000a580       ?SendOnDataChange@CComControlBase@ATL@@QEAAJK@Z 000000018000b580 f i CoinAcceptor.obj
 0001:0000a5f0       ?SetControlFocus@CComControlBase@ATL@@QEAAHH@Z 000000018000b5f0 f i CoinAcceptor.obj
 0001:0000a6cc       ?SkipAssignment@CRegParser@ATL@@IEAAJPEA_W@Z 000000018000b6cc f i CoinAcceptor.obj
 0001:0000a770       ?Term@CComModule@ATL@@QEAAXXZ 000000018000b770 f i CoinAcceptor.obj
 0001:0000a81c       ?UnregisterServer@CComModule@ATL@@QEAAJHPEBU_GUID@@@Z 000000018000b81c f i CoinAcceptor.obj
 0001:0000a8cc       ?UpdateRegistryFromResource@CAtlModule@ATL@@QEAAJIHPEAU_ATL_REGMAP_ENTRY@2@@Z 000000018000b8cc f i CoinAcceptor.obj
 0001:0000ac04       ?UpdateRegistryFromResource@CAtlModule@ATL@@QEAAJPEB_WHPEAU_ATL_REGMAP_ENTRY@2@@Z 000000018000bc04 f i CoinAcceptor.obj
 0001:0000af5c       ?VTFromRegType@CRegParser@ATL@@KAHPEB_WAEAG@Z 000000018000bf5c f i CoinAcceptor.obj
 0001:0000aff8       ?WindowProc@?$CWindowImplBaseT@VCWindow@ATL@@V?$CWinTraits@$0FGAAAAAA@$0A@@2@@ATL@@SA_JPEAUHWND__@@I_K_J@Z 000000018000bff8 f i CoinAcceptor.obj
 0001:0000b164       ?WriteToStream@CComBSTR@ATL@@QEAAJPEAUIStream@@@Z 000000018000c164 f i CoinAcceptor.obj
 0001:0000b1e4       ?WriteToStream@CComVariant@ATL@@QEAAJPEAUIStream@@@Z 000000018000c1e4 f i CoinAcceptor.obj
 0001:0000b3f8       ?WriteToStream@CComVariant@ATL@@QEAAJPEAUIStream@@G@Z 000000018000c3f8 f i CoinAcceptor.obj
 0001:0000b490       ?_AtlVerifyStackAvailable@_ATL_SAFE_ALLOCA_IMPL@ATL@@YA_N_K@Z 000000018000c490 f i CoinAcceptor.obj
 0001:0000b514       ?atlCreate@?$CWindowImpl@VCOPOSCoinAcceptor@@VCWindow@ATL@@V?$CWinTraits@$0FGAAAAAA@$0A@@3@@ATL@@QEAAPEAUHWND__@@PEAU3@V_U_RECT@2@PEB_WKKV_U_MENUorID@2@PEAX@Z 000000018000c514 f i CoinAcceptor.obj
 0001:0000b5c4       ?atlCreate@?$CWindowImplBaseT@VCWindow@ATL@@V?$CWinTraits@$0FGAAAAAA@$0A@@2@@ATL@@QEAAPEAUHWND__@@PEAU3@V_U_RECT@2@PEB_WKKV_U_MENUorID@2@GPEAX@Z 000000018000c5c4 f i CoinAcceptor.obj
 0001:0000b734       ?atlCreate@CRegKey@ATL@@QEAAJPEAUHKEY__@@PEB_WPEA_WKKPEAU_SECURITY_ATTRIBUTES@@PEAK@Z 000000018000c734 f i CoinAcceptor.obj
 0001:0000b820       DllCanUnloadNow            000000018000c820 f   CoinAcceptor.obj
 0001:0000b82c       DllGetClassObject          000000018000c82c f   CoinAcceptor.obj
 0001:0000b844       DllMain                    000000018000c844 f   CoinAcceptor.obj
 0001:0000b8ec       DllRegisterServer          000000018000c8ec f   CoinAcceptor.obj
 0001:0000b900       DllUnregisterServer        000000018000c900 f   CoinAcceptor.obj
 0001:0000b914       __local_stdio_printf_options 000000018000c914 f i CoinAcceptor.obj
 0001:0000b9a4       swprintf_s                 000000018000c9a4 f i CoinAcceptor.obj
 0001:0000b9f8       ??0COPOSCoinAcceptor@@QEAA@XZ 000000018000c9f8 f   CoinAcceptorImpl.obj
 0001:0000babc       ??1?$IConnectionPointImpl@VCOPOSCoinAcceptor@@$1?DIID__IOPOSCoinAcceptorEvents@@3U_GUID@@BVCComDynamicUnkArray@ATL@@@ATL@@QEAA@XZ 000000018000cabc f i CoinAcceptorImpl.obj
 0001:0000babc       ??1?$IConnectionPointImpl@VCOPOSCoinAcceptor@@$1?IID_IPropertyNotifySink@@3U_GUID@@BVCComDynamicUnkArray@ATL@@@ATL@@QEAA@XZ 000000018000cabc f i CoinAcceptorImpl.obj
 0001:0000bb18       ??1CComControlBase@ATL@@UEAA@XZ 000000018000cb18 f i CoinAcceptorImpl.obj
 0001:0000bb94       ??1COPOSCoinAcceptor@@UEAA@XZ 000000018000cb94 f   CoinAcceptorImpl.obj
 0001:0000bbf8       ?AdjustCashCounts@COPOSCoinAcceptor@@UEAAJPEA_WPEAJ@Z 000000018000cbf8 f   CoinAcceptorImpl.obj
 0001:0000bc80       ?BeginDeposit@COPOSCoinAcceptor@@UEAAJPEAJ@Z 000000018000cc80 f   CoinAcceptorImpl.obj
 0001:0000bca8       ?CheckHealth@COPOSCoinAcceptor@@UEAAJJPEAJ@Z 000000018000cca8 f   CoinAcceptorImpl.obj
 0001:0000bd24       ?ClaimDevice@COPOSCoinAcceptor@@UEAAJJPEAJ@Z 000000018000cd24 f   CoinAcceptorImpl.obj
 0001:0000bdc4       ?ClearInput@COPOSCoinAcceptor@@UEAAJPEAJ@Z 000000018000cdc4 f   CoinAcceptorImpl.obj
 0001:0000bdec       ?Close@COPOSCoinAcceptor@@UEAAJPEAJ@Z 000000018000cdec f   CoinAcceptorImpl.obj
 0001:0000bea4       ?CompareFirmwareVersion@COPOSCoinAcceptor@@UEAAJPEA_WPEAJ1@Z 000000018000cea4 f   CoinAcceptorImpl.obj
 0001:0000bf80       ?DirectIO@COPOSCoinAcceptor@@UEAAJJPEAJPEAPEA_W0@Z 000000018000cf80 f   CoinAcceptorImpl.obj
 0001:0000c07c       ?DoInvoke@COPOSCoinAcceptor@@IEAAJJPEAVOposVariant@@IHPEAJ_N@Z 000000018000d07c f   CoinAcceptorImpl.obj
 0001:0000c1b0       ?EndDeposit@COPOSCoinAcceptor@@UEAAJJPEAJ@Z 000000018000d1b0 f   CoinAcceptorImpl.obj
 0001:0000c22c       ?EventInit@COPOSCoinAcceptor@@IEAAJXZ 000000018000d22c f i CoinAcceptorImpl.obj
 0001:0000c374       ?EventUninit@COPOSCoinAcceptor@@IEAAXXZ 000000018000d374 f i CoinAcceptorImpl.obj
 0001:0000c3d8       ?EventWindowProc@COPOSCoinAcceptor@@IEAA_JI_K_J@Z 000000018000d3d8 f i CoinAcceptorImpl.obj
 0001:0000c50c       ?FinalConstruct@COPOSCoinAcceptor@@QEAAJXZ 000000018000d50c f   CoinAcceptorImpl.obj
 0001:0000c548       ?FixDeposit@COPOSCoinAcceptor@@UEAAJPEAJ@Z 000000018000d548 f   CoinAcceptorImpl.obj
 0001:0000c570       ?FreezeEvents@COPOSCoinAcceptor@@MEAAJH@Z 000000018000d570 f   CoinAcceptorImpl.obj
 0001:0000c5e4       ?GetOposProp@COPOSCoinAcceptor@@IEAAJJPEAJJ@Z 000000018000d5e4 f   CoinAcceptorImpl.obj
 0001:0000c700       ?GetOposProp@COPOSCoinAcceptor@@IEAAJJPEAPEA_WJ@Z 000000018000d700 f   CoinAcceptorImpl.obj
 0001:0000c82c       ?OnDraw@COPOSCoinAcceptor@@MEAAJAEAUATL_DRAWINFO@@@Z 000000018000d82c f   CoinAcceptorImpl.obj
 0001:0000c918       ?Open@COPOSCoinAcceptor@@UEAAJPEA_WPEAJ@Z 000000018000d918 f   CoinAcceptorImpl.obj
 0001:0000d1a0       ?PauseDeposit@COPOSCoinAcceptor@@UEAAJJPEAJ@Z 000000018000e1a0 f   CoinAcceptorImpl.obj
 0001:0000d21c       ?ReadCashCounts@COPOSCoinAcceptor@@UEAAJPEAPEA_WPEAFPEAJ@Z 000000018000e21c f   CoinAcceptorImpl.obj
 0001:0000d2f8       ?ReleaseDevice@COPOSCoinAcceptor@@UEAAJPEAJ@Z 000000018000e2f8 f   CoinAcceptorImpl.obj
 0001:0000d364       ?ResetStatistics@COPOSCoinAcceptor@@UEAAJPEA_WPEAJ@Z 000000018000e364 f   CoinAcceptorImpl.obj
 0001:0000d3ec       ?RetrieveStatistics@COPOSCoinAcceptor@@UEAAJPEAPEA_WPEAJ@Z 000000018000e3ec f   CoinAcceptorImpl.obj
 0001:0000d474       ?SOProcessID@COPOSCoinAcceptor@@UEAAJPEAJ@Z 000000018000e474 f   CoinAcceptorImpl.obj
 0001:0000d490       ?SetCOFreezeEvents@COPOSCoinAcceptor@@IEAAXF@Z 000000018000e490 f   CoinAcceptorImpl.obj
 0001:0000d574       ?SetOposProp@COPOSCoinAcceptor@@IEAAJJJJ@Z 000000018000e574 f   CoinAcceptorImpl.obj
 0001:0000d6d4       ?SetOposProp@COPOSCoinAcceptor@@IEAAJJPEA_WJ@Z 000000018000e6d4 f   CoinAcceptorImpl.obj
 0001:0000d82c       ?UpdateFirmware@COPOSCoinAcceptor@@UEAAJPEA_WPEAJ@Z 000000018000e82c f   CoinAcceptorImpl.obj
 0001:0000d8b4       ?UpdateStatistics@COPOSCoinAcceptor@@UEAAJPEA_WPEAJ@Z 000000018000e8b4 f   CoinAcceptorImpl.obj
 0001:0000d93c       ?get_BinaryConversion@COPOSCoinAcceptor@@UEAAJPEAJ@Z 000000018000e93c f   CoinAcceptorImpl.obj
 0001:0000d950       ?get_CapCompareFirmwareVersion@COPOSCoinAcceptor@@UEAAJPEAF@Z 000000018000e950 f   CoinAcceptorImpl.obj
 0001:0000d984       ?get_CapDiscrepancy@COPOSCoinAcceptor@@UEAAJPEAF@Z 000000018000e984 f   CoinAcceptorImpl.obj
 0001:0000d9b8       ?get_CapFullSensor@COPOSCoinAcceptor@@UEAAJPEAF@Z 000000018000e9b8 f   CoinAcceptorImpl.obj
 0001:0000d9ec       ?get_CapJamSensor@COPOSCoinAcceptor@@UEAAJPEAF@Z 000000018000e9ec f   CoinAcceptorImpl.obj
 0001:0000da20       ?get_CapNearFullSensor@COPOSCoinAcceptor@@UEAAJPEAF@Z 000000018000ea20 f   CoinAcceptorImpl.obj
 0001:0000da54       ?get_CapPauseDeposit@COPOSCoinAcceptor@@UEAAJPEAF@Z 000000018000ea54 f   CoinAcceptorImpl.obj
 0001:0000da88       ?get_CapPowerReporting@COPOSCoinAcceptor@@UEAAJPEAJ@Z 000000018000ea88 f   CoinAcceptorImpl.obj
 0001:0000da9c       ?get_CapRealTimeData@COPOSCoinAcceptor@@UEAAJPEAF@Z 000000018000ea9c f   CoinAcceptorImpl.obj
 0001:0000dad0       ?get_CapStatisticsReporting@COPOSCoinAcceptor@@UEAAJPEAF@Z 000000018000ead0 f   CoinAcceptorImpl.obj
 0001:0000db04       ?get_CapUpdateFirmware@COPOSCoinAcceptor@@UEAAJPEAF@Z 000000018000eb04 f   CoinAcceptorImpl.obj
 0001:0000db38       ?get_CapUpdateStatistics@COPOSCoinAcceptor@@UEAAJPEAF@Z 000000018000eb38 f   CoinAcceptorImpl.obj
 0001:0000db6c       ?get_CheckHealthText@COPOSCoinAcceptor@@UEAAJPEAPEA_W@Z 000000018000eb6c f   CoinAcceptorImpl.obj
 0001:0000db80       ?get_Claimed@COPOSCoinAcceptor@@UEAAJPEAF@Z 000000018000eb80 f   CoinAcceptorImpl.obj
 0001:0000dbb4       ?get_ControlObjectDescription@COPOSCoinAcceptor@@UEAAJPEAPEA_W@Z 000000018000ebb4 f   CoinAcceptorImpl.obj
 0001:0000dc18       ?get_ControlObjectVersion@COPOSCoinAcceptor@@UEAAJPEAJ@Z 000000018000ec18 f   CoinAcceptorImpl.obj
 0001:0000dc24       ?get_CurrencyCode@COPOSCoinAcceptor@@UEAAJPEAPEA_W@Z 000000018000ec24 f   CoinAcceptorImpl.obj
 0001:0000dc38       ?get_DataCount@COPOSCoinAcceptor@@UEAAJPEAJ@Z 000000018000ec38 f   CoinAcceptorImpl.obj
 0001:0000dc4c       ?get_DataEventEnabled@COPOSCoinAcceptor@@UEAAJPEAF@Z 000000018000ec4c f   CoinAcceptorImpl.obj
 0001:0000dc80       ?get_DepositAmount@COPOSCoinAcceptor@@UEAAJPEAJ@Z 000000018000ec80 f   CoinAcceptorImpl.obj
 0001:0000dc94       ?get_DepositCashList@COPOSCoinAcceptor@@UEAAJPEAPEA_W@Z 000000018000ec94 f   CoinAcceptorImpl.obj
 0001:0000dca8       ?get_DepositCodeList@COPOSCoinAcceptor@@UEAAJPEAPEA_W@Z 000000018000eca8 f   CoinAcceptorImpl.obj
 0001:0000dcbc       ?get_DepositCounts@COPOSCoinAcceptor@@UEAAJPEAPEA_W@Z 000000018000ecbc f   CoinAcceptorImpl.obj
 0001:0000dcd0       ?get_DepositStatus@COPOSCoinAcceptor@@UEAAJPEAJ@Z 000000018000ecd0 f   CoinAcceptorImpl.obj
 0001:0000dce4       ?get_DeviceDescription@COPOSCoinAcceptor@@UEAAJPEAPEA_W@Z 000000018000ece4 f   CoinAcceptorImpl.obj
 0001:0000dcf8       ?get_DeviceEnabled@COPOSCoinAcceptor@@UEAAJPEAF@Z 000000018000ecf8 f   CoinAcceptorImpl.obj
 0001:0000dd2c       ?get_DeviceName@COPOSCoinAcceptor@@UEAAJPEAPEA_W@Z 000000018000ed2c f   CoinAcceptorImpl.obj
 0001:0000dd40       ?get_FreezeEvents@COPOSCoinAcceptor@@UEAAJPEAF@Z 000000018000ed40 f   CoinAcceptorImpl.obj
 0001:0000dd70       ?get_FullStatus@COPOSCoinAcceptor@@UEAAJPEAJ@Z 000000018000ed70 f   CoinAcceptorImpl.obj
 0001:0000dd84       ?get_OpenResult@COPOSCoinAcceptor@@UEAAJPEAJ@Z 000000018000ed84 f   CoinAcceptorImpl.obj
 0001:0000dd90       ?get_PowerNotify@COPOSCoinAcceptor@@UEAAJPEAJ@Z 000000018000ed90 f   CoinAcceptorImpl.obj
 0001:0000dda4       ?get_PowerState@COPOSCoinAcceptor@@UEAAJPEAJ@Z 000000018000eda4 f   CoinAcceptorImpl.obj
 0001:0000ddb8       ?get_RealTimeDataEnabled@COPOSCoinAcceptor@@UEAAJPEAF@Z 000000018000edb8 f   CoinAcceptorImpl.obj
 0001:0000ddec       ?get_ResultCode@COPOSCoinAcceptor@@UEAAJPEAJ@Z 000000018000edec f   CoinAcceptorImpl.obj
 0001:0000de28       ?get_ResultCodeExtended@COPOSCoinAcceptor@@UEAAJPEAJ@Z 000000018000ee28 f   CoinAcceptorImpl.obj
 0001:0000de3c       ?get_ServiceObjectDescription@COPOSCoinAcceptor@@UEAAJPEAPEA_W@Z 000000018000ee3c f   CoinAcceptorImpl.obj
 0001:0000de50       ?get_ServiceObjectVersion@COPOSCoinAcceptor@@UEAAJPEAJ@Z 000000018000ee50 f   CoinAcceptorImpl.obj
 0001:0000de64       ?get_State@COPOSCoinAcceptor@@UEAAJPEAJ@Z 000000018000ee64 f   CoinAcceptorImpl.obj
 0001:0000de90       ?put_BinaryConversion@COPOSCoinAcceptor@@UEAAJJ@Z 000000018000ee90 f   CoinAcceptorImpl.obj
 0001:0000dea4       ?put_CurrencyCode@COPOSCoinAcceptor@@UEAAJPEA_W@Z 000000018000eea4 f   CoinAcceptorImpl.obj
 0001:0000deb8       ?put_DataEventEnabled@COPOSCoinAcceptor@@UEAAJF@Z 000000018000eeb8 f   CoinAcceptorImpl.obj
 0001:0000ded0       ?put_DeviceEnabled@COPOSCoinAcceptor@@UEAAJF@Z 000000018000eed0 f   CoinAcceptorImpl.obj
 0001:0000dee8       ?put_FreezeEvents@COPOSCoinAcceptor@@UEAAJF@Z 000000018000eee8 f   CoinAcceptorImpl.obj
 0001:0000df38       ?put_PowerNotify@COPOSCoinAcceptor@@UEAAJJ@Z 000000018000ef38 f   CoinAcceptorImpl.obj
 0001:0000df4c       ?s_EventWindowProc@COPOSCoinAcceptor@@KA_JPEAUHWND__@@I_K_J@Z 000000018000ef4c f i CoinAcceptorImpl.obj
 0001:0000dfc8       ??_U@YAPEAX_K@Z            000000018000efc8 f   LIBCMT:new_array.obj
 0001:0000dfd0       ??3@YAXPEAX_K@Z            000000018000efd0 f   LIBCMT:delete_scalar_size.obj
 0001:0000dfd0       ??_V@YAXPEAX@Z             000000018000efd0 f   LIBCMT:delete_array.obj
 0001:0000dfd8       ??_V@YAXPEAX_K@Z           000000018000efd8 f   LIBCMT:delete_array_size.obj
 0001:0000dfe0       __scrt_acquire_startup_lock 000000018000efe0 f   LIBCMT:utility.obj
 0001:0000e01c       __scrt_dllmain_after_initialize_c 000000018000f01c f   LIBCMT:utility.obj
 0001:0000e050       __scrt_dllmain_before_initialize_c 000000018000f050 f   LIBCMT:utility.obj
 0001:0000e068       __scrt_dllmain_crt_thread_attach 000000018000f068 f   LIBCMT:utility.obj
 0001:0000e090       __scrt_dllmain_crt_thread_detach 000000018000f090 f   LIBCMT:utility.obj
 0001:0000e0a8       __scrt_dllmain_exception_filter 000000018000f0a8 f   LIBCMT:utility.obj
 0001:0000e108       __scrt_dllmain_uninitialize_c 000000018000f108 f   LIBCMT:utility.obj
 0001:0000e138       __scrt_dllmain_uninitialize_critical 000000018000f138 f   LIBCMT:utility.obj
 0001:0000e14c       __scrt_initialize_crt      000000018000f14c f   LIBCMT:utility.obj
 0001:0000e198       __scrt_initialize_onexit_tables 000000018000f198 f   LIBCMT:utility.obj
 0001:0000e270       __scrt_is_nonwritable_in_current_image 000000018000f270 f   LIBCMT:utility.obj
 0001:0000e30c       __scrt_release_startup_lock 000000018000f30c f   LIBCMT:utility.obj
 0001:0000e330       __scrt_uninitialize_crt    000000018000f330 f   LIBCMT:utility.obj
 0001:0000e35c       _onexit                    000000018000f35c f   LIBCMT:utility.obj
 0001:0000e3ac       atexit                     000000018000f3ac f   LIBCMT:utility.obj
 0001:0000e3c4       ??3@YAXPEAX@Z              000000018000f3c4 f   LIBCMT:delete_scalar.obj
 0001:0000e554       _Init_thread_footer        000000018000f554 f   LIBCMT:thread_safe_statics.obj
 0001:0000e5b4       _Init_thread_header        000000018000f5b4 f   LIBCMT:thread_safe_statics.obj
 0001:0000e61c       _Init_thread_notify        000000018000f61c f   LIBCMT:thread_safe_statics.obj
 0001:0000e66c       _Init_thread_wait          000000018000f66c f   LIBCMT:thread_safe_statics.obj
 0001:0000e6e4       __raise_securityfailure    000000018000f6e4 f   LIBCMT:gs_report.obj
 0001:0000e718       __report_gsfailure         000000018000f718 f   LIBCMT:gs_report.obj
 0001:0000e7ec       __report_rangecheckfailure 000000018000f7ec f   LIBCMT:gs_report.obj
 0001:0000e800       __report_securityfailure   000000018000f800 f   LIBCMT:gs_report.obj
 0001:0000e980       ??2@YAPEAX_KAEBUnothrow_t@std@@@Z 000000018000f980 f   LIBCMT:new_scalar_nothrow.obj
 0001:0000e9a0       ??_U@YAPEAX_KAEBUnothrow_t@std@@@Z 000000018000f9a0 f   LIBCMT:new_array_nothrow.obj
 0001:0000e9a8       __GSHandlerCheck           000000018000f9a8 f   LIBCMT:gshandler.obj
 0001:0000e9c8       __GSHandlerCheckCommon     000000018000f9c8 f   LIBCMT:gshandler.obj
 0001:0000ea24       __GSHandlerCheck_SEH       000000018000fa24 f   LIBCMT:gshandlerseh.obj
 0001:0000eac0       _alloca_probe              000000018000fac0 f   LIBCMT:chkstk.obj
 0001:0000eac0       __chkstk                   000000018000fac0 f   LIBCMT:chkstk.obj
 0001:0000eb30       __security_check_cookie    000000018000fb30 f   LIBCMT:amdsecgs.obj
 0001:0000ee84       _DllMainCRTStartup         000000018000fe84 f   LIBCMT:dll_dllmain.obj
 0001:0000eec4       ??2@YAPEAX_K@Z             000000018000fec4 f   LIBCMT:new_scalar.obj
 0001:0000ef00       __isa_available_init       000000018000ff00 f   LIBCMT:cpu_disp.obj
 0001:0000f0bc       __scrt_is_ucrt_dll_in_use  00000001800100bc f   LIBCMT:ucrt_detection.obj
 0001:0000f0c8       __crt_debugger_hook        00000001800100c8 f   LIBCMT:utility_desktop.obj
 0001:0000f0d0       __scrt_fastfail            00000001800100d0 f   LIBCMT:utility_desktop.obj
 0001:0000f21c       __security_init_cookie     000000018001021c f   LIBCMT:gs_support.obj
 0001:0000f2c8       ?__scrt_initialize_type_info@@YAXXZ 00000001800102c8 f   LIBCMT:tncleanup.obj
 0001:0000f2d8       ?__scrt_uninitialize_type_info@@YAXXZ 00000001800102d8 f   LIBCMT:tncleanup.obj
 0001:0000f2e4       __local_stdio_scanf_options 00000001800102e4 f i LIBCMT:default_local_stdio_options.obj
 0001:0000f2ec       __scrt_initialize_default_local_stdio_options 00000001800102ec f   LIBCMT:default_local_stdio_options.obj
 0001:0000f308       __scrt_get_dyn_tls_init_callback 0000000180010308 f   LIBCMT:dyn_tls_init.obj
 0001:0000f310       _RTC_Initialize            0000000180010310 f   LIBCMT:initsect.obj
 0001:0000f34c       _RTC_Terminate             000000018001034c f   LIBCMT:initsect.obj
 0001:0000f388       ??0bad_alloc@std@@QEAA@AEBV01@@Z 0000000180010388 f i LIBCMT:throw_bad_alloc.obj
 0001:0000f3c8       ??0bad_alloc@std@@QEAA@XZ  00000001800103c8 f i LIBCMT:throw_bad_alloc.obj
 0001:0000f3e8       ??0bad_array_new_length@std@@QEAA@AEBV01@@Z 00000001800103e8 f i LIBCMT:throw_bad_alloc.obj
 0001:0000f428       ??0bad_array_new_length@std@@QEAA@XZ 0000000180010428 f i LIBCMT:throw_bad_alloc.obj
 0001:0000f448       ??0exception@std@@QEAA@AEBV01@@Z 0000000180010448 f i LIBCMT:throw_bad_alloc.obj
 0001:0000f480       ??1bad_alloc@std@@UEAA@XZ  0000000180010480 f i LIBCMT:throw_bad_alloc.obj
 0001:0000f480       ??1bad_exception@std@@UEAA@XZ 0000000180010480 f i libvcruntime:frame.obj
 0001:0000f480       ??1bad_array_new_length@std@@UEAA@XZ 0000000180010480 f i LIBCMT:throw_bad_alloc.obj
 0001:0000f494       ??_Gbad_array_new_length@std@@UEAAPEAXI@Z 0000000180010494 f i LIBCMT:throw_bad_alloc.obj
 0001:0000f494       ??_Ebad_exception@std@@UEAAPEAXI@Z 0000000180010494 f i libvcruntime:frame.obj
 0001:0000f494       ??_Gbad_exception@std@@UEAAPEAXI@Z 0000000180010494 f i libvcruntime:frame.obj
 0001:0000f494       ??_Gexception@std@@UEAAPEAXI@Z 0000000180010494 f i LIBCMT:throw_bad_alloc.obj
 0001:0000f494       ??_Ebad_array_new_length@std@@UEAAPEAXI@Z 0000000180010494 f i LIBCMT:throw_bad_alloc.obj
 0001:0000f494       ??_Ebad_alloc@std@@UEAAPEAXI@Z 0000000180010494 f i LIBCMT:throw_bad_alloc.obj
 0001:0000f494       ??_Eexception@std@@UEAAPEAXI@Z 0000000180010494 f i LIBCMT:throw_bad_alloc.obj
 0001:0000f494       ??_Gbad_alloc@std@@UEAAPEAXI@Z 0000000180010494 f i LIBCMT:throw_bad_alloc.obj
 0001:0000f4d8       ?__scrt_throw_std_bad_alloc@@YAXXZ 00000001800104d8 f   LIBCMT:throw_bad_alloc.obj
 0001:0000f4f8       ?__scrt_throw_std_bad_array_new_length@@YAXXZ 00000001800104f8 f   LIBCMT:throw_bad_alloc.obj
 0001:0000f518       ?what@exception@std@@UEBAPEBDXZ 0000000180010518 f i LIBCMT:throw_bad_alloc.obj
 0001:0000f530       ??_Etype_info@@UEAAPEAXI@Z 0000000180010530 f i LIBCMT:std_type_info_static.obj
 0001:0000f530       ??_Gtype_info@@UEAAPEAXI@Z 0000000180010530 f i LIBCMT:std_type_info_static.obj
 0001:0000f55c       ??0CAtlBaseModule@ATL@@QEAA@XZ 000000018001055c f   atls:atlbase.obj
 0001:0000f604       ??1CAtlBaseModule@ATL@@QEAA@XZ 0000000180010604 f   atls:atlbase.obj
 0001:0000f738       ?__AllocStdCallThunk_cmn@@YAPEAXXZ 0000000180010738 f   atls:atlthunk.obj
[...]
 0004:0000171c       $pdata$??$?RV<lambda_fb3a7dec4e47f37f22dae91bb15c9095>@@AEAV<lambda_698284760c8add0bfb0756c19673e34b>@@V<lambda_dfb8eca1e75fef3034a8fb18dd509707>@@@?$__crt_seh_guarded_call@X@@QEAAX$$QEAV<lambda_fb3a7dec4e47f37f22dae91bb15c9095>@@AEAV<lambda_698284760c8add0bfb0756c19673e34b>@@$$QEAV<lambda_dfb8eca1e75fef3034a8fb18dd509707>@@@Z 000000018003371c     libucrt:per_thread_data.obj
 0004:00001728       $pdata$_calloc_base        0000000180033728     libucrt:calloc_base.obj
 0004:00001734       $pdata$_malloc_base        0000000180033734     libucrt:malloc_base.obj
 0004:00001740       $pdata$_msize              0000000180033740     libucrt:msize.obj
 0004:0000174c       $pdata$_realloc_base       000000018003374c     libucrt:realloc_base.obj
 0004:00001758       $pdata$__acrt_FlsAlloc     0000000180033758     libucrt:winapi_thunks.obj
 0004:00001764       $pdata$__acrt_FlsFree      0000000180033764     libucrt:winapi_thunks.obj
 0004:00001770       $pdata$__acrt_FlsGetValue  0000000180033770     libucrt:winapi_thunks.obj
 0004:0000177c       $pdata$__acrt_FlsSetValue  000000018003377c     libucrt:winapi_thunks.obj
 0004:00001788       $pdata$__acrt_initialize_winapi_thunks 0000000180033788     libucrt:winapi_thunks.obj
 0004:00001794       $pdata$__acrt_uninitialize_winapi_thunks 0000000180033794     libucrt:winapi_thunks.obj
 0004:000017a0       $pdata$__acrt_InitializeCriticalSectionEx 00000001800337a0     libucrt:winapi_thunks.obj
 0004:000017ac       $pdata$__acrt_LCMapStringEx 00000001800337ac     libucrt:winapi_thunks.obj
 0004:000017b8       $pdata$__acrt_LocaleNameToLCID 00000001800337b8     libucrt:winapi_thunks.obj
 0004:000017c4       $pdata$__acrt_SetThreadStackGuarantee 00000001800337c4     libucrt:winapi_thunks.obj
 0004:000017d0       $pdata$__acrt_is_packaged_app 00000001800337d0     libucrt:winapi_thunks.obj
 0004:000017dc       $pdata$?try_get_function@@YAPEAXW4function_id@?A0x63058377@@QEBDQEBW4module_id@2@2@Z 00000001800337dc     libucrt:winapi_thunks.obj
 0004:000017e8       $pdata$isdigit             00000001800337e8     libucrt:_ctype.obj
 0004:000017f4       $pdata$tolower             00000001800337f4     libucrt:tolower_toupper.obj
 0004:00001800       $pdata$_tolower_l          0000000180033800     libucrt:tolower_toupper.obj
 0004:0000180c       $pdata$?internal_isupper_l@@YA_NHQEAU__crt_locale_pointers@@@Z 000000018003380c     libucrt:tolower_toupper.obj
 0004:00001818       $pdata$wcstol              0000000180033818     libucrt:strtox.obj
 0004:00001824       $pdata$_mbtowc_l           0000000180033824     libucrt:mbtowc.obj
 0004:00001830       $pdata$wcsnlen             0000000180033830     libucrt:strnlen.obj
 0004:0000183c       $pdata$__acrt_update_locale_info 000000018003383c     libucrt:locale_update.obj
 0004:00001848       $pdata$__acrt_update_multibyte_info 0000000180033848     libucrt:locale_update.obj
 0004:00001854       $pdata$__acrt_fp_format    0000000180033854     libucrt:cvt.obj
 0004:00001860       $pdata$?fp_format_nan_or_infinity@@YAHW4__acrt_fp_class@@_NPEAD_K1@Z 0000000180033860     libucrt:cvt.obj
 0004:0000186c       $pdata$?fp_format_e_internal@@YAHQEAD_KH_NIQEAU_strflt@@2QEAU__crt_locale_pointers@@@Z 000000018003386c     libucrt:cvt.obj
 0004:00001878       $pdata$?fp_format_e@@YAHQEBNQEAD_K12H_NIQEAU__crt_locale_pointers@@@Z 0000000180033878     libucrt:cvt.obj
 0004:00001884       $pdata$?fp_format_a@@YAHQEBNPEAD_KQEAD2H_NIQEAU__crt_locale_pointers@@@Z 0000000180033884     libucrt:cvt.obj
 0004:00001890       $pdata$?fp_format_f_internal@@YAHQEAD_KHQEAU_strflt@@_NQEAU__crt_locale_pointers@@@Z 0000000180033890     libucrt:cvt.obj
 0004:0000189c       $pdata$?fp_format_g@@YAHQEBNQEAD_K12H_NIQEAU__crt_locale_pointers@@@Z 000000018003389c     libucrt:cvt.obj
 0004:000018a8       $pdata$_fileno             00000001800338a8     libucrt:fileno.obj
 0004:000018b4       $pdata$__acrt_initialize_stdio 00000001800338b4     libucrt:_file.obj
 0004:000018c0       $pdata$__acrt_uninitialize_stdio 00000001800338c0     libucrt:_file.obj
 0004:000018cc       $pdata$__acrt_uninitialize_locale 00000001800338cc     libucrt:wsetlocale.obj
 0004:000018d8       $pdata$__acrt_uninitialize_locale$fin$0 00000001800338d8     libucrt:wsetlocale.obj
 0004:000018d8       $pdata$__acrt_update_thread_locale_data$fin$0 00000001800338d8     libucrt:locale_refcounting.obj
 0004:000018e4       $pdata$__acrt_initialize_lowio 00000001800338e4     libucrt:ioinit.obj
 0004:000018f0       $pdata$__acrt_lowio_ensure_fh_exists$fin$0 00000001800338f0     libucrt:osfinfo.obj
 0004:000018f0       $pdata$__acrt_initialize_lowio$fin$0 00000001800338f0     libucrt:ioinit.obj
 0004:000018fc       $pdata$__acrt_uninitialize_lowio 00000001800338fc     libucrt:ioinit.obj
 0004:00001908       $pdata$?initialize_inherited_file_handles_nolock@@YAXXZ 0000000180033908     libucrt:ioinit.obj
 0004:00001914       $pdata$?initialize_stdio_handles_nolock@@YAXXZ 0000000180033914     libucrt:ioinit.obj
 0004:00001920       $pdata$__acrt_initialize_locks 0000000180033920     libucrt:locks.obj
 0004:0000192c       $pdata$__acrt_uninitialize_locks 000000018003392c     libucrt:locks.obj
 0004:00001938       $pdata$??$common_expand_argv_wildcards@D@@YAHQEAPEADQEAPEAPEAD@Z 0000000180033938     libucrt:argv_wildcards.obj
 0004:00001944       $pdata$?expand_if_necessary@?$argument_list@D@?A0xca0879c4@@AEAAHXZ 0000000180033944     libucrt:argv_wildcards.obj
 0004:00001950       $pdata$??$copy_and_add_argument_to_buffer@D@@YAHQEBD0_KAEAV?$argument_list@D@?A0xca0879c4@@@Z 0000000180033950     libucrt:argv_wildcards.obj
 0004:0000195c       $pdata$??$expand_argument_wildcards@D@@YAHQEAD0AEAV?$argument_list@D@?A0xca0879c4@@@Z 000000018003395c     libucrt:argv_wildcards.obj
 0004:00001968       $pdata$__acrt_update_thread_multibyte_data 0000000180033968     libucrt:mbctype.obj
 0004:00001974       $pdata$__acrt_update_thread_multibyte_data$fin$0 0000000180033974     libucrt:mbctype.obj
 0004:00001980       $pdata$__acrt_initialize_multibyte 0000000180033980     libucrt:mbctype.obj
 0004:0000198c       $pdata$_setmbcp_nolock     000000018003398c     libucrt:mbctype.obj
 0004:00001998       $pdata$?getSystemCP@@YAHH@Z 0000000180033998     libucrt:mbctype.obj
 0004:000019a4       $pdata$?setSBCS@@YAXPEAU__crt_multibyte_data@@@Z 00000001800339a4     libucrt:mbctype.obj
 0004:000019b0       $pdata$?setSBUpLow@@YAXPEAU__crt_multibyte_data@@@Z 00000001800339b0     libucrt:mbctype.obj
 0004:000019bc       $pdata$?setmbcp_internal@@YAHH_N@Z 00000001800339bc     libucrt:mbctype.obj
 0004:000019c8       $pdata$??R<lambda_ad1ced32f4ac17aa236e5ef05d6b3b7c>@@QEBAXXZ 00000001800339c8     libucrt:mbctype.obj
 0004:000019d4       $pdata$??$?RV<lambda_99476a1ad63dd22509b5d3e65b0ffc95>@@AEAV<lambda_ad1ced32f4ac17aa236e5ef05d6b3b7c>@@V<lambda_f7424dd8d45958661754dc4f2697e9c3>@@@?$__crt_seh_guarded_call@X@@QEAAX$$QEAV<lambda_99476a1ad63dd22509b5d3e65b0ffc95>@@AEAV<lambda_ad1ced32f4ac17aa236e5ef05d6b3b7c>@@$$QEAV<lambda_f7424dd8d45958661754dc4f2697e9c3>@@@Z 00000001800339d4     libucrt:mbctype.obj
 0004:000019e0       $pdata$?x_ismbbtype_l@@YAHPEAU__crt_locale_pointers@@IHH@Z 00000001800339e0     libucrt:ismbbyte.obj
 0004:000019ec       $pdata$__acrt_initialize_command_line 00000001800339ec     libucrt:argv_data.obj
 0004:000019f8       $pdata$__dcrt_get_narrow_environment_from_os 00000001800339f8     libucrt:get_environment_from_os.obj
 0004:00001a04       $pdata$__acrt_initialize_heap 0000000180033a04     libucrt:heap_handle.obj
 0004:00001a10       $pdata$__acrt_execute_initializers 0000000180033a10     libucrt:shared_initialization.obj
 0004:00001a1c       $pdata$__acrt_execute_uninitializers 0000000180033a1c     libucrt:shared_initialization.obj
 0004:00001a28       $pdata$__acrt_get_sigabrt_handler 0000000180033a28     libucrt:signal.obj
 0004:00001a34       $pdata$raise               0000000180033a34     libucrt:signal.obj
 0004:00001a40       $pdata$raise$fin$0         0000000180033a40     libucrt:signal.obj
 0004:00001a4c       $pdata$??$?RV<lambda_c36588078e9f5dfd39652860aa6b3aaf>@@AEAV<lambda_ec61778202f4f5fc7e7711acc23c3bca>@@V<lambda_dc9d2797ccde5d239b4a0efae8ebd7db>@@@?$__crt_seh_guarded_call@P6AXH@Z@@QEAAP6AXH@Z$$QEAV<lambda_c36588078e9f5dfd39652860aa6b3aaf>@@AEAV<lambda_ec61778202f4f5fc7e7711acc23c3bca>@@$$QEAV<lambda_dc9d2797ccde5d239b4a0efae8ebd7db>@@@Z 0000000180033a4c     libucrt:signal.obj
 0004:00001a58       $pdata$__acrt_invoke_user_matherr 0000000180033a58     libucrt:matherr.obj
 0004:00001a64       $pdata$__pctype_func       0000000180033a64     libucrt:ctype.obj
 0004:00001a70       $pdata$iswctype            0000000180033a70     libucrt:iswctype.obj
 0004:00001a7c       $pdata$_isctype_l          0000000180033a7c     libucrt:isctype.obj
 0004:00001a88       $pdata$__acrt_release_locale_ref 0000000180033a88     libucrt:locale_refcounting.obj
 0004:00001a94       $pdata$__acrt_free_locale  0000000180033a94     libucrt:locale_refcounting.obj
 0004:00001aa0       $pdata$__acrt_locale_free_lc_time_if_unreferenced 0000000180033aa0     libucrt:locale_refcounting.obj
 0004:00001aac       $pdata$__acrt_update_thread_locale_data 0000000180033aac     libucrt:locale_refcounting.obj
 0004:00001ab8       $pdata$_updatetlocinfoEx_nolock 0000000180033ab8     libucrt:locale_refcounting.obj
 0004:00001ac4       $pdata$__acrt_DownlevelLocaleNameToLCID 0000000180033ac4     libucrt:lcidtoname_downlevel.obj
 0004:00001ad0       $pdata$?GetTableIndexFromLocaleName@@YAHPEB_W@Z 0000000180033ad0     libucrt:lcidtoname_downlevel.obj
 0004:00001adc       $pdata$_isleadbyte_l       0000000180033adc     libucrt:_wctype.obj
 0004:00001ae8       $pdata$__acrt_LCMapStringA 0000000180033ae8     libucrt:lcmapstringa.obj
 0004:00001af4       $pdata$?__acrt_LCMapStringA_stat@@YAHPEAU__crt_locale_pointers@@PEB_WKPEBDHPEADHHH@Z 0000000180033af4     libucrt:lcmapstringa.obj
 0004:00001b00       $pdata$__acrt_fp_strflt_to_string 0000000180033b00     libucrt:_fptostr.obj
 0004:00001b0c       $pdata$memcpy_s            0000000180033b0c     libucrt:cfout.obj
 0004:00001b18       $pdata$__acrt_fltout       0000000180033b18     libucrt:cfout.obj
 0004:00001b24       $pdata$?divide@__crt_strtox@@YA_KAEAUbig_integer@1@AEBU21@@Z 0000000180033b24     libucrt:cfout.obj
 0004:00001b30       $pdata$5$?divide@__crt_strtox@@YA_KAEAUbig_integer@1@AEBU21@@Z 0000000180033b30     libucrt:cfout.obj
 0004:00001b3c       $pdata$6$?divide@__crt_strtox@@YA_KAEAUbig_integer@1@AEBU21@@Z 0000000180033b3c     libucrt:cfout.obj
 0004:00001b48       $pdata$_fcloseall          0000000180033b48     libucrt:closeall.obj
 0004:00001b54       $pdata$_fcloseall$fin$0    0000000180033b54     libucrt:closeall.obj
 0004:00001b60       $pdata$_fflush_nolock      0000000180033b60     libucrt:fflush.obj
 0004:00001b6c       $pdata$__acrt_stdio_flush_nolock 0000000180033b6c     libucrt:fflush.obj
 0004:00001b78       $pdata$common_flush_all    0000000180033b78     libucrt:fflush.obj
 0004:00001b84       $pdata$common_flush_all$fin$0 0000000180033b84     libucrt:fflush.obj
 0004:00001b90       $pdata$common_flush_all$fin$1 0000000180033b90     libucrt:fflush.obj
 0004:00001b9c       $pdata$__acrt_stdio_free_buffer_nolock 0000000180033b9c     libucrt:_freebuf.obj
 0004:00001ba8       $pdata$_isatty             0000000180033ba8     libucrt:isatty.obj
 0004:00001bb4       $pdata$__acrt_locale_free_monetary 0000000180033bb4     libucrt:initmon.obj
 0004:00001bc0       $pdata$__acrt_locale_free_numeric 0000000180033bc0     libucrt:initnum.obj
 0004:00001bcc       $pdata$__acrt_locale_free_time 0000000180033bcc     libucrt:inittime.obj
 0004:00001bd8       $pdata$?free_crt_array_internal@@YAXQEAPEBX_K@Z 0000000180033bd8     libucrt:inittime.obj
 0004:00001be4       $pdata$__acrt_GetStringTypeA 0000000180033be4     libucrt:getstringtypea.obj
 0004:00001bf0       $pdata$_get_osfhandle      0000000180033bf0     libucrt:osfinfo.obj
 0004:00001bfc       $pdata$_free_osfhnd        0000000180033bfc     libucrt:osfinfo.obj
 0004:00001c08       $pdata$__acrt_lowio_create_handle_array 0000000180033c08     libucrt:osfinfo.obj
 0004:00001c14       $pdata$__acrt_lowio_destroy_handle_array 0000000180033c14     libucrt:osfinfo.obj
 0004:00001c20       $pdata$__acrt_lowio_ensure_fh_exists 0000000180033c20     libucrt:osfinfo.obj
 0004:00001c2c       $pdata$qsort               0000000180033c2c     libucrt:qsort.obj
 0004:00001c38       $pdata$4$qsort             0000000180033c38     libucrt:qsort.obj
 0004:00001c44       $pdata$5$qsort             0000000180033c44     libucrt:qsort.obj
 0004:00001c50       $pdata$?shortsort@@YAXPEAD0_KP6AHPEBX2@Z@Z 0000000180033c50     libucrt:qsort.obj
 0004:00001c5c       $pdata$2$?shortsort@@YAXPEAD0_KP6AHPEBX2@Z@Z 0000000180033c5c     libucrt:qsort.obj
 0004:00001c68       $pdata$3$?shortsort@@YAXPEAD0_KP6AHPEBX2@Z@Z 0000000180033c68     libucrt:qsort.obj
 0004:00001c74       $pdata$strncpy_s           0000000180033c74     libucrt:strncpy_s.obj
 0004:00001c80       $pdata$strpbrk             0000000180033c80     libucrt:strpbrk.obj
 0004:00001c8c       $pdata$_mbsdec_l           0000000180033c8c     libucrt:mbsdec.obj
 0004:00001c98       $pdata$?initialize_multibyte@@YAHXZ 0000000180033c98     libucrt:multibyte_initializer.obj
 0004:00001ca4       $pdata$fegetenv            0000000180033ca4     libucrt:fegetenv.obj
 0004:00001cb0       $pdata$fesetenv            0000000180033cb0     libucrt:fesetenv.obj
 0004:00001cbc       $pdata$feholdexcept        0000000180033cbc     libucrt:feholdexcept.obj
 0004:00001cd4       $pdata$_write              0000000180033cd4     libucrt:write.obj
 0004:00001ce0       $pdata$_write$fin$0        0000000180033ce0     libucrt:write.obj
 0004:00001cec       $pdata$_write_nolock       0000000180033cec     libucrt:write.obj
 0004:00001cf8       $pdata$?write_double_translated_ansi_nolock@@YA?AUwrite_result@?A0x9c548279@@HQEBDI@Z 0000000180033cf8     libucrt:write.obj
 0004:00001d04       $pdata$?write_text_ansi_nolock@@YA?AUwrite_result@?A0x9c548279@@HQEBDI@Z 0000000180033d04     libucrt:write.obj
 0004:00001d10       $pdata$?write_text_utf16le_nolock@@YA?AUwrite_result@?A0x9c548279@@HQEBDI@Z 0000000180033d10     libucrt:write.obj
 0004:00001d1c       $pdata$?write_text_utf8_nolock@@YA?AUwrite_result@?A0x9c548279@@HQEBDI@Z 0000000180033d1c     libucrt:write.obj
 0004:00001d28       $pdata$??$common_lseek_nolock@_J@@YA_JH_JH@Z 0000000180033d28     libucrt:lseek.obj
 0004:00001d34       $pdata$fclose              0000000180033d34     libucrt:fclose.obj
 0004:00001d40       $pdata$fclose$fin$0        0000000180033d40     libucrt:fclose.obj
 0004:00001d4c       $pdata$_fclose_nolock      0000000180033d4c     libucrt:fclose.obj
 0004:00001d58       $pdata$_commit             0000000180033d58     libucrt:commit.obj
 0004:00001d64       $pdata$??$?RV<lambda_b521505b218e5242e90febf6bfebc422>@@AEAV<lambda_6978c1fb23f02e42e1d9e99668cc68aa>@@V<lambda_314360699dd331753a4119843814e9a7>@@@?$__crt_seh_guarded_call@H@@QEAAH$$QEAV<lambda_b521505b218e5242e90febf6bfebc422>@@AEAV<lambda_6978c1fb23f02e42e1d9e99668cc68aa>@@$$QEAV<lambda_314360699dd331753a4119843814e9a7>@@@Z 0000000180033d64     libucrt:commit.obj
 0004:00001d70       $pdata$?fin$0@?0???$?RV<lambda_bfedae4ebbf01fab1bb6dcc6a9e276e0>@@AEAV<lambda_2fe9b910cf3cbf4a0ab98a02ba45b3ec>@@V<lambda_237c231691f317818eb88cc1d5d642d6>@@@?$__crt_seh_guarded_call@H@@QEAAH$$QEAV<lambda_bfedae4ebbf01fab1bb6dcc6a9e276e0>@@AEAV<lambda_2fe9b910cf3cbf4a0ab98a02ba45b3ec>@@$$QEAV<lambda_237c231691f317818eb88cc1d5d642d6>@@@Z@4HA 0000000180033d70     libucrt:close.obj
 0004:00001d70       $pdata$?fin$0@?0???$?RV<lambda_b521505b218e5242e90febf6bfebc422>@@AEAV<lambda_6978c1fb23f02e42e1d9e99668cc68aa>@@V<lambda_314360699dd331753a4119843814e9a7>@@@?$__crt_seh_guarded_call@H@@QEAAH$$QEAV<lambda_b521505b218e5242e90febf6bfebc422>@@AEAV<lambda_6978c1fb23f02e42e1d9e99668cc68aa>@@$$QEAV<lambda_314360699dd331753a4119843814e9a7>@@@Z@4HA 0000000180033d70     libucrt:commit.obj
 0004:00001d7c       $pdata$_setfpstatusword    0000000180033d7c     libucrt:_fenvutils.obj
 0004:00001d88       $pdata$_getfpcontrolword   0000000180033d88     libucrt:_fenvutils.obj
 0004:00001d94       $pdata$_getfpstatusword    0000000180033d94     libucrt:_fenvutils.obj
 0004:00001da0       $pdata$_clearfp            0000000180033da0     libucrt:ieee.obj
 0004:00001dac       $pdata$common_control87    0000000180033dac     libucrt:ieee.obj
 0004:00001db8       $pdata$common_control87$filt$0 0000000180033db8     libucrt:ieee.obj
 0004:00001db8       $pdata$_ctrlfp$filt$0      0000000180033db8     libucrt:fpctrl.obj
 0004:00001dc4       $pdata$_call_matherr       0000000180033dc4     libucrt:libm_error.obj
 0004:00001dd0       $pdata$_exception_enabled  0000000180033dd0     libucrt:libm_error.obj
 0004:00001ddc       $pdata$_handle_error       0000000180033ddc     libucrt:libm_error.obj
 0004:00001de8       $pdata$__acrt_initialize_fma3 0000000180033de8     libucrt:fma3_available.obj
 0004:00001df4       $pdata$_log_special_common 0000000180033df4     libucrt:log_special.obj
 0004:00001e00       $pdata$_log10_special      0000000180033e00     libucrt:log_special.obj
 0004:00001e0c       $pdata$_putwch_nolock      0000000180033e0c     libucrt:putwch.obj
 0004:00001e18       $pdata$_close              0000000180033e18     libucrt:close.obj
 0004:00001e24       $pdata$_close_nolock       0000000180033e24     libucrt:close.obj
 0004:00001e30       $pdata$??$?RV<lambda_bfedae4ebbf01fab1bb6dcc6a9e276e0>@@AEAV<lambda_2fe9b910cf3cbf4a0ab98a02ba45b3ec>@@V<lambda_237c231691f317818eb88cc1d5d642d6>@@@?$__crt_seh_guarded_call@H@@QEAAH$$QEAV<lambda_bfedae4ebbf01fab1bb6dcc6a9e276e0>@@AEAV<lambda_2fe9b910cf3cbf4a0ab98a02ba45b3ec>@@$$QEAV<lambda_237c231691f317818eb88cc1d5d642d6>@@@Z 0000000180033e30     libucrt:close.obj
 0004:00001e48       $pdata$_set_errno_from_matherr 0000000180033e48     libucrt:fpexcept.obj
 0004:00001e54       $pdata$_raise_exc          0000000180033e54     libucrt:fpexcept.obj
 0004:00001e60       $pdata$_raise_exc_ex       0000000180033e60     libucrt:fpexcept.obj
 0004:00001e6c       $pdata$_clrfp              0000000180033e6c     libucrt:fpctrl.obj
 0004:00001e78       $pdata$_ctrlfp             0000000180033e78     libucrt:fpctrl.obj
 0004:00001e84       $pdata$_statfp             0000000180033e84     libucrt:fpctrl.obj
 0004:00001e90       $pdata$_set_statfp         0000000180033e90     libucrt:fpctrl.obj
 0004:00001e9c       $pdata$__dcrt_lowio_initialize_console_output 0000000180033e9c     libucrt:initcon.obj
 0004:00001ea8       $pdata$__dcrt_terminate_console_output 0000000180033ea8     libucrt:initcon.obj
 0004:00001eb4       $pdata$_IsNonwritableInCurrentImage 0000000180033eb4     LIBCMT:pesect.obj
 0004:00001ec0       $pdata$_IsNonwritableInCurrentImage$filt$0 0000000180033ec0     LIBCMT:pesect.obj
 0004:00001ecc       $pdata$strrchr             0000000180033ecc     libvcruntime:strrchr.obj
 0005:00000220       $R000000                   0000000180034220     CoinAcceptor.res
 0005:00000ba0       $R000980                   0000000180034ba0     CoinAcceptor.res
 0005:00000c88       $R000A68                   0000000180034c88     CoinAcceptor.res
 0005:00000ef0       $R000CD0                   0000000180034ef0     CoinAcceptor.res
 0005:000013d0       $R0011B0                   00000001800353d0     CoinAcceptor.res
 0005:000040c0       $R003EA0                   00000001800380c0     CoinAcceptor.res
 0005:000040f8       $R003ED8                   00000001800380f8     CoinAcceptor.res
