 OPOSSmartCardRW

 Timestamp is 5defab19 (Tue Dec 10 23:26:33 2019)

 Preferred load address is 0000000180000000

 Start         Length     Name                   Class
 0001:00000000 000000c0H .text$di                CODE
 0001:000000c0 00020510H .text$mn                CODE
 0001:000205d0 00000020H .text$mn$00             CODE
 0001:000205f0 00000490H .text$x                 CODE
 0001:00020a80 00000078H .text$yd                CODE
 0002:00000000 00000618H .idata$5                DATA
 0002:00000618 00000010H .00cfg                  DATA
 0002:00000628 00000008H .CRT$XCA                DATA
 0002:00000630 00000008H .CRT$XCL                DATA
 0002:00000638 00000020H .CRT$XCU                DATA
 0002:00000658 00000008H .CRT$XCZ                DATA
 0002:00000660 00000008H .CRT$XIA                DATA
 0002:00000668 00000020H .CRT$XIC                DATA
 0002:00000688 00000008H .CRT$XIZ                DATA
 0002:00000690 00000008H .CRT$XLA                DATA
 0002:00000698 00000008H .CRT$XLZ                DATA
 0002:000006a0 00000008H .CRT$XPA                DATA
 0002:000006a8 00000010H .CRT$XPX                DATA
 0002:000006b8 00000008H .CRT$XPXA               DATA
 0002:000006c0 00000008H .CRT$XPZ                DATA
 0002:000006c8 00000008H .CRT$XTA                DATA
 0002:000006d0 00000010H .CRT$XTZ                DATA
 0002:000006d8 00000000H .gfids$y                DATA
 0002:000006e0 0000a528H .rdata                  DATA
 0002:0000ac08 00000028H .rdata$T                DATA
 0002:0000ac30 00000274H .rdata$r                DATA
 0002:0000aea4 0000040cH .rdata$zzzdbg           DATA
 0002:0000b2b0 00000008H .rtc$IAA                DATA
 0002:0000b2b8 00000008H .rtc$IZZ                DATA
 0002:0000b2c0 00000008H .rtc$TAA                DATA
 0002:0000b2c8 00000008H .rtc$TZZ                DATA
 0002:0000b2d0 00000004H .tls                    DATA
 0002:0000b2d4 00000004H .tls$                   DATA
 0002:0000b2d8 00000008H .tls$ZZZ                DATA
 0002:0000b2e0 00001618H .xdata                  DATA
 0002:0000c8f8 00000150H .xdata$x                DATA
 0002:0000ca48 00000008H ATL$__a                 DATA
 0002:0000ca50 00000010H ATL$__z                 DATA
 0002:0000ca60 000000acH .edata                  DATA
 0002:0000cb0c 00000078H .idata$2                DATA
 0002:0000cb84 00000014H .idata$3                DATA
 0002:0000cb98 00000618H .idata$4                DATA
 0002:0000d1b0 00000c24H .idata$6                DATA
 0003:00000000 00000da8H .data                   DATA
 0003:00000da8 000000c8H .data$r                 DATA
 0003:00000e70 0000140cH .bss                    DATA
 0004:00000000 00001e78H .pdata                  DATA
 0005:00000000 00000094H _RDATA                  DATA
 0006:00000000 00000220H .rsrc$01                DATA
 0006:00000220 000043f0H .rsrc$02                DATA

  Address         Publics by Value              Rva+Base               Lib:Object

 0000:00000000       __guard_fids_count         0000000000000000     <absolute>
 0000:00000000       __guard_longjmp_count      0000000000000000     <absolute>
 0000:00000000       __guard_longjmp_table      0000000000000000     <absolute>
 0000:00000000       __hybrid_code_map          0000000000000000     <absolute>
 0000:00000000       __guard_iat_count          0000000000000000     <absolute>
 0000:00000000       __guard_iat_table          0000000000000000     <absolute>
 0000:00000000       __volatile_metadata        0000000000000000     <absolute>
 0000:00000000       __hybrid_code_map_count    0000000000000000     <absolute>
 0000:00000000       __enclave_config           0000000000000000     <absolute>
 0000:00000000       ___safe_se_handler_count   0000000000000000     <absolute>
 0000:00000000       __AbsoluteZero             0000000000000000     <absolute>
 0000:00000000       ___safe_se_handler_table   0000000000000000     <absolute>
 0000:00000000       __guard_fids_table         0000000000000000     <absolute>
 0000:00000000       __hybrid_auxiliary_iat     0000000000000000     <absolute>
 0000:00000000       __dynamic_value_reloc_table 0000000000000000     <absolute>
 0000:00000100       __guard_flags              0000000000000100     <absolute>
 0000:00000000       __ImageBase                0000000180000000     <linker-defined>
 0001:000000c0       ?DupWide@_CW@@AEAAXXZ      00000001800010c0 f   CWString.obj
 0001:000000e8       ?cw_dup@@YAXPEBDAEAHAEAPEA_W1@Z 00000001800010e8 f   CWString.obj
 0001:000001c8       ?cw_memcpy@@YAHPEA_WPEBDH@Z 00000001800011c8 f   CWString.obj
 0001:00000214       ?cw_strcpy@@YAHPEA_WPEBD@Z 0000000180001214 f   CWString.obj
 0001:00000228       ??0CAtlComModule@ATL@@QEAA@XZ 0000000180001228 f i OposVariant.obj
 0001:000002a8       ??0CAtlWinModule@ATL@@QEAA@XZ 00000001800012a8 f i OposVariant.obj
 0001:00000314       ??0OposDispParms@@QEAA@PEAVOposVariant@@H@Z 0000000180001314 f   OposVariant.obj
 0001:000003bc       ??1OposDispParms@@QEAA@XZ  00000001800013bc f   OposVariant.obj
 0001:000003d4       ??_Estringdispid@CComTypeInfoHolder@ATL@@QEAAPEAXI@Z 00000001800013d4 f i OposVariant.obj
 0001:00000478       ?AtlWinModuleTerm@ATL@@YAJPEAU_ATL_WIN_MODULE70@1@PEAUHINSTANCE__@@@Z 0000000180001478 f i OposVariant.obj
 0001:00000528       ?ChangeBSTR@OposVariant@@QEAAXPEAPEA_WAEAJ@Z 0000000180001528 f   OposVariant.obj
 0001:00000588       ?ChangeLONG@OposVariant@@QEAAXPEAJAEAJ@Z 0000000180001588 f   OposVariant.obj
 0001:000005e4       ?GetLONG@OposVariant@@QEAAJXZ 00000001800015e4 f   OposVariant.obj
 0001:00000608       ?SetBSTR@OposVariant@@QEAAXPEA_WAEAJ@Z 0000000180001608 f   OposVariant.obj
 0001:00000648       ?SetBSTR_Copy@OposVariant@@QEAAXPEA_WAEAJ@Z 0000000180001648 f   OposVariant.obj
 0001:000006b8       ?SetBSTR_InOutPtr@OposVariant@@QEAA_NPEAPEA_WAEAJ@Z 00000001800016b8 f   OposVariant.obj
 0001:00000708       ?SetDispatch_Ptr@OposVariant@@QEAAXPEAUIDispatch@@AEAJ@Z 0000000180001708 f   OposVariant.obj
 0001:00000760       ?SetLONG@OposVariant@@QEAAXJ@Z 0000000180001760 f   OposVariant.obj
 0001:00000790       ?SetLONG_Ptr@OposVariant@@QEAAXPEAJAEAJ@Z 0000000180001790 f   OposVariant.obj
 0001:000007dc       ?SetString@OposVariant@@QEAAXPEB_WAEAJ@Z 00000001800017dc f   OposVariant.obj
 0001:00000840       ?SetVARIANT_BOOL@OposVariant@@QEAAXF@Z 0000000180001840 f   OposVariant.obj
 0001:00000878       ?Term@CAtlComModule@ATL@@QEAAXXZ 0000000180001878 f i OposVariant.obj
 0001:000008e8       ?_AtlInitializeCriticalSectionEx@ATL@@YAHPEAU_RTL_CRITICAL_SECTION@@KK@Z 00000001800018e8 f i OposVariant.obj
 0001:000008f0       ?_AtlRaiseException@ATL@@YAXKK@Z 00000001800018f0 f i OposVariant.obj
 0001:00000900       ?GetWindowProc@?$CWindowImplBaseT@VCWindow@ATL@@V?$CWinTraits@$0FGAAAAAA@$0A@@2@@ATL@@UEAAP6A_JPEAUHWND__@@I_K_J@ZXZ 0000000180001900 f i SmartCardRW.obj
 0001:00000908       ?StartWindowProc@?$CWindowImplBaseT@VCWindow@ATL@@V?$CWinTraits@$0FGAAAAAA@$0A@@2@@ATL@@SA_JPEAUHWND__@@I_K_J@Z 0000000180001908 f i SmartCardRW.obj
 0001:000009cc       _guard_check_icall_nop     00000001800019cc f i LIBCMT:guard_support.obj
 0001:000009cc       ?OnFinalMessage@?$CWindowImplBaseT@VCWindow@ATL@@V?$CWinTraits@$0FGAAAAAA@$0A@@2@@ATL@@UEAAXPEAUHWND__@@@Z 00000001800019cc f i SmartCardRW.obj
 0001:000009cc       ?ObjectMain@CComObjectRootBase@ATL@@SAX_N@Z 00000001800019cc f i SmartCardRW.obj
 0001:000009d0       ?GetTypeInfoCount@?$IDispatchImpl@UIOPOSSmartCardRW@@$1?IID_IOPOSSmartCardRW@@3U_GUID@@B$1?LIBID_OposSmartCardRW_CCO@@3U3@B$00$0A@VCComTypeInfoHolder@ATL@@@ATL@@UEAAJPEAI@Z 00000001800019d0 f i SmartCardRW.obj
 0001:000009e4       ?GetTypeInfo@?$IDispatchImpl@UIOPOSSmartCardRW@@$1?IID_IOPOSSmartCardRW@@3U_GUID@@B$1?LIBID_OposSmartCardRW_CCO@@3U3@B$00$0A@VCComTypeInfoHolder@ATL@@@ATL@@UEAAJIKPEAPEAUITypeInfo@@@Z 00000001800019e4 f i SmartCardRW.obj
 0001:00000a48       ?GetIDsOfNames@?$IDispatchImpl@UIOPOSSmartCardRW@@$1?IID_IOPOSSmartCardRW@@3U_GUID@@B$1?LIBID_OposSmartCardRW_CCO@@3U3@B$00$0A@VCComTypeInfoHolder@ATL@@@ATL@@UEAAJAEBU_GUID@@PEAPEA_WIKPEAJ@Z 0000000180001a48 f i SmartCardRW.obj
 0001:00000a54       ?Invoke@?$IDispatchImpl@UIOPOSSmartCardRW@@$1?IID_IOPOSSmartCardRW@@3U_GUID@@B$1?LIBID_OposSmartCardRW_CCO@@3U3@B$00$0A@VCComTypeInfoHolder@ATL@@@ATL@@UEAAJJAEBU_GUID@@KGPEAUtagDISPPARAMS@@PEAUtagVARIANT@@PEAUtagEXCEPINFO@@PEAI@Z 0000000180001a54 f i SmartCardRW.obj
 0001:00000ae4       ?CreateControlWindow@?$CComControl@VCOPOSSmartCardRW@@V?$CWindowImpl@VCOPOSSmartCardRW@@VCWindow@ATL@@V?$CWinTraits@$0FGAAAAAA@$0A@@3@@ATL@@@ATL@@UEAAPEAUHWND__@@PEAU3@AEAUtagRECT@@@Z 0000000180001ae4 f i SmartCardRW.obj
 0001:00000b1c       ?ControlQueryInterface@?$CComControl@VCOPOSSmartCardRW@@V?$CWindowImpl@VCOPOSSmartCardRW@@VCWindow@ATL@@V?$CWinTraits@$0FGAAAAAA@$0A@@3@@ATL@@@ATL@@UEAAJAEBU_GUID@@PEAPEAX@Z 0000000180001b1c f i SmartCardRW.obj
 0001:00000b30       ?GetUserClassID@?$IOleObjectImpl@VCOPOSSmartCardRW@@@ATL@@UEAAJPEAU_GUID@@@Z 0000000180001b30 f i SmartCardRW.obj
 0001:00000b30       ?GetClassID@?$IPersistStreamInitImpl@VCOPOSSmartCardRW@@@ATL@@UEAAJPEAU_GUID@@@Z 0000000180001b30 f i SmartCardRW.obj
 0001:00000b30       ?GetClassID@?$IPersistStorageImpl@VCOPOSSmartCardRW@@@ATL@@UEAAJPEAU_GUID@@@Z 0000000180001b30 f i SmartCardRW.obj
 0001:00000b4c       ?IsDirty@?$IPersistStreamInitImpl@VCOPOSSmartCardRW@@@ATL@@UEAAJXZ 0000000180001b4c f i SmartCardRW.obj
 0001:00000b68       ?Load@?$IPersistStreamInitImpl@VCOPOSSmartCardRW@@@ATL@@UEAAJPEAUIStream@@@Z 0000000180001b68 f i SmartCardRW.obj
 0001:00000b80       ?Save@?$IPersistStreamInitImpl@VCOPOSSmartCardRW@@@ATL@@UEAAJPEAUIStream@@H@Z 0000000180001b80 f i SmartCardRW.obj
 0001:00000b98       ?GetSizeMax@?$IPersistStreamInitImpl@VCOPOSSmartCardRW@@@ATL@@UEAAJPEAT_ULARGE_INTEGER@@@Z 0000000180001b98 f i SmartCardRW.obj
 0001:00000dc4       ?InitNew@?$IPersistStreamInitImpl@VCOPOSSmartCardRW@@@ATL@@UEAAJXZ 0000000180001dc4 f i SmartCardRW.obj
 0001:00000ddc       ?Freeze@?$IViewObjectExImpl@VCOPOSSmartCardRW@@@ATL@@UEAAJKJPEAXPEAK@Z 0000000180001ddc f i SmartCardRW.obj
 0001:00000ddc       ?GetDropTarget@?$IOleInPlaceObjectWindowlessImpl@VCOPOSSmartCardRW@@@ATL@@UEAAJPEAPEAUIDropTarget@@@Z 0000000180001ddc f i SmartCardRW.obj
 0001:00000ddc       ?EnumFormatEtc@?$IDataObjectImpl@VCOPOSSmartCardRW@@@ATL@@UEAAJKPEAPEAUIEnumFORMATETC@@@Z 0000000180001ddc f i SmartCardRW.obj
 0001:00000ddc       ?SetColorScheme@?$IOleObjectImpl@VCOPOSSmartCardRW@@@ATL@@UEAAJPEAUtagLOGPALETTE@@@Z 0000000180001ddc f i SmartCardRW.obj
 0001:00000ddc       ?SetData@?$IDataObjectImpl@VCOPOSSmartCardRW@@@ATL@@UEAAJPEAUtagFORMATETC@@PEAUtagSTGMEDIUM@@H@Z 0000000180001ddc f i SmartCardRW.obj
 0001:00000ddc       ?Unfreeze@?$IViewObjectExImpl@VCOPOSSmartCardRW@@@ATL@@UEAAJK@Z 0000000180001ddc f i SmartCardRW.obj
 0001:00000ddc       ?InitFromData@?$IOleObjectImpl@VCOPOSSmartCardRW@@@ATL@@UEAAJPEAUIDataObject@@HK@Z 0000000180001ddc f i SmartCardRW.obj
 0001:00000ddc       ?QueryGetData@?$IDataObjectImpl@VCOPOSSmartCardRW@@@ATL@@UEAAJPEAUtagFORMATETC@@@Z 0000000180001ddc f i SmartCardRW.obj
 0001:00000ddc       ?GetColorSet@?$IViewObjectExImpl@VCOPOSSmartCardRW@@@ATL@@UEAAJKJPEAXPEAUtagDVTARGETDEVICE@@PEAUHDC__@@PEAPEAUtagLOGPALETTE@@@Z 0000000180001ddc f i SmartCardRW.obj
 0001:00000ddc       ?OnMnemonic@?$IOleControlImpl@VCOPOSSmartCardRW@@@ATL@@UEAAJPEAUtagMSG@@@Z 0000000180001ddc f i SmartCardRW.obj
 0001:00000ddc       ?ContextSensitiveHelp@?$IOleInPlaceObjectWindowlessImpl@VCOPOSSmartCardRW@@@ATL@@UEAAJH@Z 0000000180001ddc f i SmartCardRW.obj
 0001:00000ddc       ?ContextSensitiveHelp@?$IOleInPlaceActiveObjectImpl@VCOPOSSmartCardRW@@@ATL@@UEAAJH@Z 0000000180001ddc f i SmartCardRW.obj
 0001:00000ddc       ?GetClipboardData@?$IOleObjectImpl@VCOPOSSmartCardRW@@@ATL@@UEAAJKPEAPEAUIDataObject@@@Z 0000000180001ddc f i SmartCardRW.obj
 0001:00000ddc       ?GetMoniker@?$IOleObjectImpl@VCOPOSSmartCardRW@@@ATL@@UEAAJKKPEAPEAUIMoniker@@@Z 0000000180001ddc f i SmartCardRW.obj
 0001:00000ddc       ?SetMoniker@?$IOleObjectImpl@VCOPOSSmartCardRW@@@ATL@@UEAAJKPEAUIMoniker@@@Z 0000000180001ddc f i SmartCardRW.obj
 0001:00000ddc       ?GetCanonicalFormatEtc@?$IDataObjectImpl@VCOPOSSmartCardRW@@@ATL@@UEAAJPEAUtagFORMATETC@@0@Z 0000000180001ddc f i SmartCardRW.obj
 0001:00000ddc       ?GetControlInfo@?$IOleControlImpl@VCOPOSSmartCardRW@@@ATL@@UEAAJPEAUtagCONTROLINFO@@@Z 0000000180001ddc f i SmartCardRW.obj
 0001:00000ddc       ?GetRect@?$IViewObjectExImpl@VCOPOSSmartCardRW@@@ATL@@UEAAJKPEAU_RECTL@@@Z 0000000180001ddc f i SmartCardRW.obj
 0001:00000ddc       ?GetDataHere@?$IDataObjectImpl@VCOPOSSmartCardRW@@@ATL@@UEAAJPEAUtagFORMATETC@@PEAUtagSTGMEDIUM@@@Z 0000000180001ddc f i SmartCardRW.obj
 0001:00000ddc       ?QueryInterface@CRegObject@ATL@@UEAAJAEBU_GUID@@PEAPEAX@Z 0000000180001ddc f i SmartCardRW.obj
 0001:00000ddc       ?ReactivateAndUndo@?$IOleInPlaceObjectWindowlessImpl@VCOPOSSmartCardRW@@@ATL@@UEAAJXZ 0000000180001ddc f i SmartCardRW.obj
 0001:00000de4       ?IsUpToDate@?$IOleObjectImpl@VCOPOSSmartCardRW@@@ATL@@UEAAJXZ 0000000180001de4 f i SmartCardRW.obj
 0001:00000de4       ?OnFrameWindowActivate@?$IOleInPlaceActiveObjectImpl@VCOPOSSmartCardRW@@@ATL@@UEAAJH@Z 0000000180001de4 f i SmartCardRW.obj
 0001:00000de4       ?OnAmbientPropertyChange@?$IOleControlImpl@VCOPOSSmartCardRW@@@ATL@@UEAAJJ@Z 0000000180001de4 f i SmartCardRW.obj
 0001:00000de4       ?HandsOffStorage@?$IPersistStorageImpl@VCOPOSSmartCardRW@@@ATL@@UEAAJXZ 0000000180001de4 f i SmartCardRW.obj
 0001:00000de4       ?Update@?$IOleObjectImpl@VCOPOSSmartCardRW@@@ATL@@UEAAJXZ 0000000180001de4 f i SmartCardRW.obj
 0001:00000de4       ?Release@CRegObject@ATL@@UEAAKXZ 0000000180001de4 f i SmartCardRW.obj
 0001:00000de4       ?SaveCompleted@?$IPersistStorageImpl@VCOPOSSmartCardRW@@@ATL@@UEAAJPEAUIStorage@@@Z 0000000180001de4 f i SmartCardRW.obj
 0001:00000de4       ?GetObjectDescription@?$CComCoClass@VCOPOSSmartCardRW@@$1?CLSID_OPOSSmartCardRW@@3U_GUID@@B@ATL@@SAPEB_WXZ 0000000180001de4 f i SmartCardRW.obj
 0001:00000de4       ?SetHostNames@?$IOleObjectImpl@VCOPOSSmartCardRW@@@ATL@@UEAAJPEB_W0@Z 0000000180001de4 f i SmartCardRW.obj
 0001:00000de4       ?GetCategoryMap@CComObjectRootBase@ATL@@SAPEBU_ATL_CATMAP_ENTRY@2@XZ 0000000180001de4 f i SmartCardRW.obj
 0001:00000de4       ?EnableModeless@?$IOleInPlaceActiveObjectImpl@VCOPOSSmartCardRW@@@ATL@@UEAAJH@Z 0000000180001de4 f i SmartCardRW.obj
 0001:00000de4       ?ResizeBorder@?$IOleInPlaceActiveObjectImpl@VCOPOSSmartCardRW@@@ATL@@UEAAJPEBUtagRECT@@PEAUIOleInPlaceUIWindow@@H@Z 0000000180001de4 f i SmartCardRW.obj
 0001:00000de8       ?SetClientSite@?$IOleObjectImpl@VCOPOSSmartCardRW@@@ATL@@UEAAJPEAUIOleClientSite@@@Z 0000000180001de8 f i SmartCardRW.obj
 0001:00000e04       ?GetClientSite@?$IOleObjectImpl@VCOPOSSmartCardRW@@@ATL@@UEAAJPEAPEAUIOleClientSite@@@Z 0000000180001e04 f i SmartCardRW.obj
 0001:00000e4c       ?Close@?$IOleObjectImpl@VCOPOSSmartCardRW@@@ATL@@UEAAJK@Z 0000000180001e4c f i SmartCardRW.obj
 0001:00000e68       ?DoVerb@?$IOleObjectImpl@VCOPOSSmartCardRW@@@ATL@@UEAAJJPEAUtagMSG@@PEAUIOleClientSite@@JPEAUHWND__@@PEBUtagRECT@@@Z 0000000180001e68 f i SmartCardRW.obj
 0001:0000100c       ?EnumVerbs@?$IOleObjectImpl@VCOPOSSmartCardRW@@@ATL@@UEAAJPEAPEAUIEnumOLEVERB@@@Z 000000018000200c f i SmartCardRW.obj
 0001:00001028       ?GetUserType@?$IOleObjectImpl@VCOPOSSmartCardRW@@@ATL@@UEAAJKPEAPEA_W@Z 0000000180002028 f i SmartCardRW.obj
 0001:00001038       ?SetExtent@?$IOleObjectImpl@VCOPOSSmartCardRW@@@ATL@@UEAAJKPEAUtagSIZE@@@Z 0000000180002038 f i SmartCardRW.obj
 0001:00001054       ?GetExtent@?$IOleObjectImpl@VCOPOSSmartCardRW@@@ATL@@UEAAJKPEAUtagSIZE@@@Z 0000000180002054 f i SmartCardRW.obj
 0001:00001084       ?Advise@?$IOleObjectImpl@VCOPOSSmartCardRW@@@ATL@@UEAAJPEAUIAdviseSink@@PEAK@Z 0000000180002084 f i SmartCardRW.obj
 0001:000010e0       ?Unadvise@?$IOleObjectImpl@VCOPOSSmartCardRW@@@ATL@@UEAAJK@Z 00000001800020e0 f i SmartCardRW.obj
 0001:00001118       ?EnumAdvise@?$IOleObjectImpl@VCOPOSSmartCardRW@@@ATL@@UEAAJPEAPEAUIEnumSTATDATA@@@Z 0000000180002118 f i SmartCardRW.obj
 0001:00001160       ?GetMiscStatus@?$IOleObjectImpl@VCOPOSSmartCardRW@@@ATL@@UEAAJKPEAK@Z 0000000180002160 f i SmartCardRW.obj
 0001:00001170       ?GetWindow@?$IOleInPlaceActiveObjectImpl@VCOPOSSmartCardRW@@@ATL@@UEAAJPEAPEAUHWND__@@@Z 0000000180002170 f i SmartCardRW.obj
 0001:000011c4       ?TranslateAcceleratorW@?$IOleInPlaceActiveObjectImpl@VCOPOSSmartCardRW@@@ATL@@UEAAJPEAUtagMSG@@@Z 00000001800021c4 f i SmartCardRW.obj
 0001:000012b8       ?OnDocWindowActivate@?$IOleInPlaceActiveObjectImpl@VCOPOSSmartCardRW@@@ATL@@UEAAJH@Z 00000001800022b8 f i SmartCardRW.obj
 0001:000012e4       ?Draw@?$IViewObjectExImpl@VCOPOSSmartCardRW@@@ATL@@UEAAJKJPEAXPEAUtagDVTARGETDEVICE@@PEAUHDC__@@2PEBU_RECTL@@3P6AH_K@Z4@Z 00000001800022e4 f i SmartCardRW.obj
 0001:00001348       ?SetAdvise@?$IViewObjectExImpl@VCOPOSSmartCardRW@@@ATL@@UEAAJKKPEAUIAdviseSink@@@Z 0000000180002348 f i SmartCardRW.obj
 0001:0000139c       ?GetAdvise@?$IViewObjectExImpl@VCOPOSSmartCardRW@@@ATL@@UEAAJPEAK0PEAPEAUIAdviseSink@@@Z 000000018000239c f i SmartCardRW.obj
 0001:000013d8       ?GetExtent@?$IViewObjectExImpl@VCOPOSSmartCardRW@@@ATL@@UEAAJKJPEAUtagDVTARGETDEVICE@@PEAUtagSIZE@@@Z 00000001800023d8 f i SmartCardRW.obj
 0001:00001408       ?GetViewStatus@?$IViewObjectExImpl@VCOPOSSmartCardRW@@@ATL@@UEAAJPEAK@Z 0000000180002408 f i SmartCardRW.obj
 0001:0000141c       ?QueryHitPoint@?$IViewObjectExImpl@VCOPOSSmartCardRW@@@ATL@@UEAAJKPEBUtagRECT@@UtagPOINT@@JPEAK@Z 000000018000241c f i SmartCardRW.obj
 0001:00001460       ?QueryHitRect@?$IViewObjectExImpl@VCOPOSSmartCardRW@@@ATL@@UEAAJKPEBUtagRECT@@0JPEAK@Z 0000000180002460 f i SmartCardRW.obj
 0001:000014c8       ?GetNaturalExtent@?$IViewObjectExImpl@VCOPOSSmartCardRW@@@ATL@@UEAAJKJPEAUtagDVTARGETDEVICE@@PEAUHDC__@@PEAUtagExtentInfo@@PEAUtagSIZE@@@Z 00000001800024c8 f i SmartCardRW.obj
 0001:00001510       ?GetWindow@?$IOleInPlaceObjectWindowlessImpl@VCOPOSSmartCardRW@@@ATL@@UEAAJPEAPEAUHWND__@@@Z 0000000180002510 f i SmartCardRW.obj
 0001:00001564       ?InPlaceDeactivate@?$IOleInPlaceObjectWindowlessImpl@VCOPOSSmartCardRW@@@ATL@@UEAAJXZ 0000000180002564 f i SmartCardRW.obj
 0001:00001580       ?UIDeactivate@?$IOleInPlaceObjectWindowlessImpl@VCOPOSSmartCardRW@@@ATL@@UEAAJXZ 0000000180002580 f i SmartCardRW.obj
 0001:0000159c       ?SetObjectRects@?$IOleInPlaceObjectWindowlessImpl@VCOPOSSmartCardRW@@@ATL@@UEAAJPEBUtagRECT@@0@Z 000000018000259c f i SmartCardRW.obj
 0001:000015b8       ?OnWindowMessage@?$IOleInPlaceObjectWindowlessImpl@VCOPOSSmartCardRW@@@ATL@@UEAAJI_K_JPEA_J@Z 00000001800025b8 f i SmartCardRW.obj
 0001:00001680       ?EnumConnectionPoints@?$IConnectionPointContainerImpl@VCOPOSSmartCardRW@@@ATL@@UEAAJPEAPEAUIEnumConnectionPoints@@@Z 0000000180002680 f i SmartCardRW.obj
 0001:000018c4       ?FindConnectionPoint@?$IConnectionPointContainerImpl@VCOPOSSmartCardRW@@@ATL@@UEAAJAEBU_GUID@@PEAPEAUIConnectionPoint@@@Z 00000001800028c4 f i SmartCardRW.obj
 0001:00001994       ?IsDirty@?$IPersistStorageImpl@VCOPOSSmartCardRW@@@ATL@@UEAAJXZ 0000000180002994 f i SmartCardRW.obj
 0001:000019d8       ?InitNew@?$IPersistStorageImpl@VCOPOSSmartCardRW@@@ATL@@UEAAJPEAUIStorage@@@Z 00000001800029d8 f i SmartCardRW.obj
 0001:00001a1c       ?Load@?$IPersistStorageImpl@VCOPOSSmartCardRW@@@ATL@@UEAAJPEAUIStorage@@@Z 0000000180002a1c f i SmartCardRW.obj
 0001:00001abc       ?Save@?$IPersistStorageImpl@VCOPOSSmartCardRW@@@ATL@@UEAAJPEAUIStorage@@H@Z 0000000180002abc f i SmartCardRW.obj
 0001:00001b6c       ?GetPages@?$ISpecifyPropertyPagesImpl@VCOPOSSmartCardRW@@@ATL@@UEAAJPEAUtagCAUUID@@@Z 0000000180002b6c f i SmartCardRW.obj
 0001:00001b78       ?QuickActivate@?$IQuickActivateImpl@VCOPOSSmartCardRW@@@ATL@@UEAAJPEAUtagQACONTAINER@@PEAUtagQACONTROL@@@Z 0000000180002b78 f i SmartCardRW.obj
 0001:00001b94       ?SetContentExtent@?$IQuickActivateImpl@VCOPOSSmartCardRW@@@ATL@@UEAAJPEAUtagSIZE@@@Z 0000000180002b94 f i SmartCardRW.obj
 0001:00001bc8       ?GetContentExtent@?$IQuickActivateImpl@VCOPOSSmartCardRW@@@ATL@@UEAAJPEAUtagSIZE@@@Z 0000000180002bc8 f i SmartCardRW.obj
 0001:00001c00       ?GetData@?$IDataObjectImpl@VCOPOSSmartCardRW@@@ATL@@UEAAJPEAUtagFORMATETC@@PEAUtagSTGMEDIUM@@@Z 0000000180002c00 f i SmartCardRW.obj
 0001:00001c1c       ?DAdvise@?$IDataObjectImpl@VCOPOSSmartCardRW@@@ATL@@UEAAJPEAUtagFORMATETC@@KPEAUIAdviseSink@@PEAK@Z 0000000180002c1c f i SmartCardRW.obj
 0001:00001ca4       ?DUnadvise@?$IDataObjectImpl@VCOPOSSmartCardRW@@@ATL@@UEAAJK@Z 0000000180002ca4 f i SmartCardRW.obj
 0001:00001cd0       ?EnumDAdvise@?$IDataObjectImpl@VCOPOSSmartCardRW@@@ATL@@UEAAJPEAPEAUIEnumSTATDATA@@@Z 0000000180002cd0 f i SmartCardRW.obj
 0001:00001d0c       ?GetClassInfoW@?$IProvideClassInfo2Impl@$1?CLSID_OPOSSmartCardRW@@3U_GUID@@B$1?DIID__IOPOSSmartCardRWEvents@@3U2@B$1?LIBID_OposSmartCardRW_CCO@@3U2@B$00$0A@VCComTypeInfoHolder@ATL@@@ATL@@UEAAJPEAPEAUITypeInfo@@@Z 0000000180002d0c f i SmartCardRW.obj
 0001:00001d64       ?GetGUID@?$IProvideClassInfo2Impl@$1?CLSID_OPOSSmartCardRW@@3U_GUID@@B$1?DIID__IOPOSSmartCardRWEvents@@3U2@B$1?LIBID_OposSmartCardRW_CCO@@3U2@B$00$0A@VCComTypeInfoHolder@ATL@@@ATL@@UEAAJKPEAU_GUID@@@Z 0000000180002d64 f i SmartCardRW.obj
 0001:00001d98       ?AddRef@CRegObject@ATL@@UEAAKXZ 0000000180002d98 f i SmartCardRW.obj
 0001:00001d98       _get_startup_argv_mode     0000000180002d98 f i LIBCMT:argv_mode.obj
 0001:00001d98       ?FAccessAllowed@?$IObjectSafetyImpl@VCOPOSSmartCardRW@@$02@ATL@@MEAAHXZ 0000000180002d98 f i SmartCardRW.obj
 0001:00001da0       ?GetInterfaceSafetyOptions@?$IObjectSafetyImpl@VCOPOSSmartCardRW@@$02@ATL@@UEAAJAEBU_GUID@@PEAK1@Z 0000000180002da0 f i SmartCardRW.obj
 0001:00001e34       ?SetInterfaceSafetyOptions@?$IObjectSafetyImpl@VCOPOSSmartCardRW@@$02@ATL@@UEAAJAEBU_GUID@@KK@Z 0000000180002e34 f i SmartCardRW.obj
 0001:00001ed8       ?_LocCPQueryInterface@?$IConnectionPointImpl@VCOPOSSmartCardRW@@$1?IID_IPropertyNotifySink@@3U_GUID@@BVCComDynamicUnkArray@ATL@@@ATL@@UEAAJAEBU_GUID@@PEAPEAX@Z 0000000180002ed8 f i SmartCardRW.obj
 0001:00001ed8       ?_LocCPQueryInterface@?$IConnectionPointImpl@VCOPOSSmartCardRW@@$1?DIID__IOPOSSmartCardRWEvents@@3U_GUID@@BVCComDynamicUnkArray@ATL@@@ATL@@UEAAJAEBU_GUID@@PEAPEAX@Z 0000000180002ed8 f i SmartCardRW.obj
 0001:00001f4c       ?GetConnectionInterface@?$IConnectionPointImpl@VCOPOSSmartCardRW@@$1?IID_IPropertyNotifySink@@3U_GUID@@BVCComDynamicUnkArray@ATL@@@ATL@@UEAAJPEAU_GUID@@@Z 0000000180002f4c f i SmartCardRW.obj
 0001:00001f68       ?GetConnectionPointContainer@?$IConnectionPointImpl@VCOPOSSmartCardRW@@$1?IID_IPropertyNotifySink@@3U_GUID@@BVCComDynamicUnkArray@ATL@@@ATL@@UEAAJPEAPEAUIConnectionPointContainer@@@Z 0000000180002f68 f i SmartCardRW.obj
 0001:00001f88       ?Advise@?$IConnectionPointImpl@VCOPOSSmartCardRW@@$1?DIID__IOPOSSmartCardRWEvents@@3U_GUID@@BVCComDynamicUnkArray@ATL@@@ATL@@UEAAJPEAUIUnknown@@PEAK@Z 0000000180002f88 f i SmartCardRW.obj
 0001:00001f88       ?Advise@?$IConnectionPointImpl@VCOPOSSmartCardRW@@$1?IID_IPropertyNotifySink@@3U_GUID@@BVCComDynamicUnkArray@ATL@@@ATL@@UEAAJPEAUIUnknown@@PEAK@Z 0000000180002f88 f i SmartCardRW.obj
 0001:00002048       ?Unadvise@?$IConnectionPointImpl@VCOPOSSmartCardRW@@$1?IID_IPropertyNotifySink@@3U_GUID@@BVCComDynamicUnkArray@ATL@@@ATL@@UEAAJK@Z 0000000180003048 f i SmartCardRW.obj
 0001:00002048       ?Unadvise@?$IConnectionPointImpl@VCOPOSSmartCardRW@@$1?DIID__IOPOSSmartCardRWEvents@@3U_GUID@@BVCComDynamicUnkArray@ATL@@@ATL@@UEAAJK@Z 0000000180003048 f i SmartCardRW.obj
 0001:000020c4       ?EnumConnections@?$IConnectionPointImpl@VCOPOSSmartCardRW@@$1?IID_IPropertyNotifySink@@3U_GUID@@BVCComDynamicUnkArray@ATL@@@ATL@@UEAAJPEAPEAUIEnumConnections@@@Z 00000001800030c4 f i SmartCardRW.obj
 0001:000020c4       ?EnumConnections@?$IConnectionPointImpl@VCOPOSSmartCardRW@@$1?DIID__IOPOSSmartCardRWEvents@@3U_GUID@@BVCComDynamicUnkArray@ATL@@@ATL@@UEAAJPEAPEAUIEnumConnections@@@Z 00000001800030c4 f i SmartCardRW.obj
 0001:0000227c       ?GetConnectionInterface@?$IConnectionPointImpl@VCOPOSSmartCardRW@@$1?DIID__IOPOSSmartCardRWEvents@@3U_GUID@@BVCComDynamicUnkArray@ATL@@@ATL@@UEAAJPEAU_GUID@@@Z 000000018000327c f i SmartCardRW.obj
 0001:00002298       ?GetConnectionPointContainer@?$IConnectionPointImpl@VCOPOSSmartCardRW@@$1?DIID__IOPOSSmartCardRWEvents@@3U_GUID@@BVCComDynamicUnkArray@ATL@@@ATL@@UEAAJPEAPEAUIConnectionPointContainer@@@Z 0000000180003298 f i SmartCardRW.obj
 0001:000022b8       ?UpdateRegistry@COPOSSmartCardRW@@SAJH@Z 00000001800032b8 f i SmartCardRW.obj
 0001:000022d0       ?ProcessWindowMessage@COPOSSmartCardRW@@UEAAHPEAUHWND__@@I_K_JAEA_JK@Z 00000001800032d0 f i SmartCardRW.obj
 0001:00002358       ?SOData@COPOSSmartCardRW@@MEAAJJ@Z 0000000180003358 f i SmartCardRW.obj
 0001:000023a8       ?SODirectIO@COPOSSmartCardRW@@MEAAJJPEAJPEAPEA_W@Z 00000001800033a8 f i SmartCardRW.obj
 0001:00002420       ?SOError@COPOSSmartCardRW@@MEAAJJJJPEAJ@Z 0000000180003420 f i SmartCardRW.obj
 0001:000024a8       ?SOOutputComplete@COPOSSmartCardRW@@MEAAJJ@Z 00000001800034a8 f i SmartCardRW.obj
 0001:000024f8       ?SOStatusUpdate@COPOSSmartCardRW@@MEAAJJ@Z 00000001800034f8 f i SmartCardRW.obj
 0001:00002548       ?Lock@CAtlModule@ATL@@UEAAJXZ 0000000180003548 f i SmartCardRW.obj
 0001:00002558       ?Unlock@CAtlModule@ATL@@UEAAJXZ 0000000180003558 f i SmartCardRW.obj
 0001:00002564       ?GetLockCount@CAtlModule@ATL@@UEAAJXZ 0000000180003564 f i SmartCardRW.obj
 0001:00002568       ?GetGITPtr@CAtlModule@ATL@@UEAAJPEAPEAUIGlobalInterfaceTable@@@Z 0000000180003568 f i SmartCardRW.obj
 0001:000025d8       ?CreateInstance@?$CComCreator@V?$CComObjectCached@VCComClassFactory@ATL@@@ATL@@@ATL@@SAJPEAXAEBU_GUID@@PEAPEAX@Z 00000001800035d8 f i SmartCardRW.obj
 0001:00002704       ?CreateInstance@?$CComCreator2@V?$CComCreator@V?$CComObject@VCOPOSSmartCardRW@@@ATL@@@ATL@@V?$CComCreator@V?$CComAggObject@VCOPOSSmartCardRW@@@ATL@@@2@@ATL@@SAJPEAXAEBU_GUID@@PEAPEAX@Z 0000000180003704 f i SmartCardRW.obj
 0001:00002714       ?AddRef@?$CComObjectCached@VCComClassFactory@ATL@@@ATL@@UEAAKXZ 0000000180003714 f i SmartCardRW.obj
 0001:00002740       ?Release@?$CComObjectCached@VCComClassFactory@ATL@@@ATL@@UEAAKXZ 0000000180003740 f i SmartCardRW.obj
 0001:00002780       ?QueryInterface@?$CComObjectCached@VCComClassFactory@ATL@@@ATL@@UEAAJAEBU_GUID@@PEAPEAX@Z 0000000180003780 f i SmartCardRW.obj
 0001:00002794       ??_E?$CComObjectCached@VCComClassFactory@ATL@@@ATL@@UEAAPEAXI@Z 0000000180003794 f i SmartCardRW.obj
 0001:00002794       ??_G?$CComObjectCached@VCComClassFactory@ATL@@@ATL@@UEAAPEAXI@Z 0000000180003794 f i SmartCardRW.obj
 0001:000027ec       ?AddCommonRGSReplacements@?$CAtlModuleT@VCComModule@ATL@@@ATL@@UEAAJPEAUIRegistrarBase@@@Z 00000001800037ec f i SmartCardRW.obj
 0001:00002804       ?UpdateRegistryFromResourceD@CComModule@ATL@@UEAAJIHPEAU_ATL_REGMAP_ENTRY@2@@Z 0000000180003804 f i SmartCardRW.obj
 0001:00002804       ?UpdateRegistryFromResourceD@CComModule@ATL@@UEAAJPEB_WHPEAU_ATL_REGMAP_ENTRY@2@@Z 0000000180003804 f i SmartCardRW.obj
 0001:0000280c       ?UpdateRegistryFromResource@CComModule@ATL@@UEAAJPEB_WHPEAU_ATL_REGMAP_ENTRY@2@@Z 000000018000380c f i SmartCardRW.obj
 0001:00002814       ?UpdateRegistryFromResource@CComModule@ATL@@UEAAJIHPEAU_ATL_REGMAP_ENTRY@2@@Z 0000000180003814 f i SmartCardRW.obj
 0001:0000281c       ??_ECComModule@ATL@@UEAAPEAXI@Z 000000018000381c f i SmartCardRW.obj
 0001:0000281c       ??_GCComModule@ATL@@UEAAPEAXI@Z 000000018000381c f i SmartCardRW.obj
 0001:0000285c       ?Next@?$CComEnumImpl@UIEnumConnectionPoints@@$1?_GUID_b196b285_bab4_101a_b69c_00aa00341d07@@3U__s_GUID@@BPEAUIConnectionPoint@@V?$_CopyInterface@UIConnectionPoint@@@ATL@@@ATL@@UEAAJKPEAPEAUIConnectionPoint@@PEAK@Z 000000018000385c f i SmartCardRW.obj
 0001:00002928       ?Skip@?$CComEnumImpl@UIEnumConnectionPoints@@$1?_GUID_b196b285_bab4_101a_b69c_00aa00341d07@@3U__s_GUID@@BPEAUIConnectionPoint@@V?$_CopyInterface@UIConnectionPoint@@@ATL@@@ATL@@UEAAJK@Z 0000000180003928 f i SmartCardRW.obj
 0001:00002954       ?Reset@?$CComEnumImpl@UIEnumConnections@@$1?_GUID_b196b287_bab4_101a_b69c_00aa00341d07@@3U__s_GUID@@BUtagCONNECTDATA@@V?$_Copy@UtagCONNECTDATA@@@ATL@@@ATL@@UEAAJXZ 0000000180003954 f i SmartCardRW.obj
 0001:00002954       ?Reset@?$CComEnumImpl@UIEnumConnectionPoints@@$1?_GUID_b196b285_bab4_101a_b69c_00aa00341d07@@3U__s_GUID@@BPEAUIConnectionPoint@@V?$_CopyInterface@UIConnectionPoint@@@ATL@@@ATL@@UEAAJXZ 0000000180003954 f i SmartCardRW.obj
 0001:00002960       ?Clone@?$CComEnumImpl@UIEnumConnectionPoints@@$1?_GUID_b196b285_bab4_101a_b69c_00aa00341d07@@3U__s_GUID@@BPEAUIConnectionPoint@@V?$_CopyInterface@UIConnectionPoint@@@ATL@@@ATL@@UEAAJPEAPEAUIEnumConnectionPoints@@@Z 0000000180003960 f i SmartCardRW.obj
 0001:00002a8c       ?AddRef@?$CComObject@V?$CComEnum@UIEnumConnections@@$1?_GUID_b196b287_bab4_101a_b69c_00aa00341d07@@3U__s_GUID@@BUtagCONNECTDATA@@V?$_Copy@UtagCONNECTDATA@@@ATL@@VCComSingleThreadModel@6@@ATL@@@ATL@@UEAAKXZ 0000000180003a8c f i SmartCardRW.obj
 0001:00002a8c       ?AddRef@?$CComObject@V?$CComEnum@UIEnumConnectionPoints@@$1?_GUID_b196b285_bab4_101a_b69c_00aa00341d07@@3U__s_GUID@@BPEAUIConnectionPoint@@V?$_CopyInterface@UIConnectionPoint@@@ATL@@VCComSingleThreadModel@6@@ATL@@@ATL@@UEAAKXZ 0000000180003a8c f i SmartCardRW.obj
 0001:00002a98       ?Release@?$CComObject@V?$CComEnum@UIEnumConnectionPoints@@$1?_GUID_b196b285_bab4_101a_b69c_00aa00341d07@@3U__s_GUID@@BPEAUIConnectionPoint@@V?$_CopyInterface@UIConnectionPoint@@@ATL@@VCComSingleThreadModel@6@@ATL@@@ATL@@UEAAKXZ 0000000180003a98 f i SmartCardRW.obj
 0001:00002a98       ?Release@?$CComObject@V?$CComEnum@UIEnumConnections@@$1?_GUID_b196b287_bab4_101a_b69c_00aa00341d07@@3U__s_GUID@@BUtagCONNECTDATA@@V?$_Copy@UtagCONNECTDATA@@@ATL@@VCComSingleThreadModel@6@@ATL@@@ATL@@UEAAKXZ 0000000180003a98 f i SmartCardRW.obj
 0001:00002aec       ?QueryInterface@?$CComObject@V?$CComEnum@UIEnumConnectionPoints@@$1?_GUID_b196b285_bab4_101a_b69c_00aa00341d07@@3U__s_GUID@@BPEAUIConnectionPoint@@V?$_CopyInterface@UIConnectionPoint@@@ATL@@VCComSingleThreadModel@6@@ATL@@@ATL@@UEAAJAEBU_GUID@@PEAPEAX@Z 0000000180003aec f i SmartCardRW.obj
 0001:00002b00       ??_E?$CComObject@V?$CComEnum@UIEnumConnectionPoints@@$1?_GUID_b196b285_bab4_101a_b69c_00aa00341d07@@3U__s_GUID@@BPEAUIConnectionPoint@@V?$_CopyInterface@UIConnectionPoint@@@ATL@@VCComSingleThreadModel@6@@ATL@@@ATL@@UEAAPEAXI@Z 0000000180003b00 f i SmartCardRW.obj
 0001:00002b00       ??_G?$CComObject@V?$CComEnum@UIEnumConnectionPoints@@$1?_GUID_b196b285_bab4_101a_b69c_00aa00341d07@@3U__s_GUID@@BPEAUIConnectionPoint@@V?$_CopyInterface@UIConnectionPoint@@@ATL@@VCComSingleThreadModel@6@@ATL@@@ATL@@UEAAPEAXI@Z 0000000180003b00 f i SmartCardRW.obj
 0001:00002b58       ?AddReplacement@CRegObject@ATL@@UEAAJPEB_W0@Z 0000000180003b58 f i SmartCardRW.obj
 0001:00002b88       ?ClearReplacements@CRegObject@ATL@@UEAAJXZ 0000000180003b88 f i SmartCardRW.obj
 0001:00002b94       ??_GCRegObject@ATL@@UEAAPEAXI@Z 0000000180003b94 f i SmartCardRW.obj
 0001:00002b94       ??_ECRegObject@ATL@@UEAAPEAXI@Z 0000000180003b94 f i SmartCardRW.obj
 0001:00002c14       ?AddRef@?$CComAggObject@VCOPOSSmartCardRW@@@ATL@@UEAAKXZ 0000000180003c14 f i SmartCardRW.obj
 0001:00002c20       ?Release@?$CComAggObject@VCOPOSSmartCardRW@@@ATL@@UEAAKXZ 0000000180003c20 f i SmartCardRW.obj
 0001:00002c74       ?QueryInterface@?$CComAggObject@VCOPOSSmartCardRW@@@ATL@@UEAAJAEBU_GUID@@PEAPEAX@Z 0000000180003c74 f i SmartCardRW.obj
 0001:00002cd4       ?AddRef@?$CComContainedObject@VCOPOSSmartCardRW@@@ATL@@UEAAKXZ 0000000180003cd4 f i SmartCardRW.obj
 0001:00002ce4       ?Release@?$CComContainedObject@VCOPOSSmartCardRW@@@ATL@@UEAAKXZ 0000000180003ce4 f i SmartCardRW.obj
 0001:00002cf4       ?QueryInterface@?$CComContainedObject@VCOPOSSmartCardRW@@@ATL@@UEAAJAEBU_GUID@@PEAPEAX@Z 0000000180003cf4 f i SmartCardRW.obj
 0001:00002d04       ??_G?$CComAggObject@VCOPOSSmartCardRW@@@ATL@@UEAAPEAXI@Z 0000000180003d04 f i SmartCardRW.obj
 0001:00002d04       ??_E?$CComAggObject@VCOPOSSmartCardRW@@@ATL@@UEAAPEAXI@Z 0000000180003d04 f i SmartCardRW.obj
 0001:00002d5c       ?AddRef@?$CComObject@VCOPOSSmartCardRW@@@ATL@@UEAAKXZ 0000000180003d5c f i SmartCardRW.obj
 0001:00002d6c       ?Release@?$CComObject@VCOPOSSmartCardRW@@@ATL@@UEAAKXZ 0000000180003d6c f i SmartCardRW.obj
 0001:00002dc4       ?QueryInterface@?$CComObject@VCOPOSSmartCardRW@@@ATL@@UEAAJAEBU_GUID@@PEAPEAX@Z 0000000180003dc4 f i SmartCardRW.obj
 0001:00002dd8       ?OnDrawAdvanced@CComControlBase@ATL@@UEAAJAEAUATL_DRAWINFO@@@Z 0000000180003dd8 f i SmartCardRW.obj
 0001:00002f64       ?Next@?$CComEnumImpl@UIEnumConnections@@$1?_GUID_b196b287_bab4_101a_b69c_00aa00341d07@@3U__s_GUID@@BUtagCONNECTDATA@@V?$_Copy@UtagCONNECTDATA@@@ATL@@@ATL@@UEAAJKPEAUtagCONNECTDATA@@PEAK@Z 0000000180003f64 f i SmartCardRW.obj
 0001:00003038       ?Skip@?$CComEnumImpl@UIEnumConnections@@$1?_GUID_b196b287_bab4_101a_b69c_00aa00341d07@@3U__s_GUID@@BUtagCONNECTDATA@@V?$_Copy@UtagCONNECTDATA@@@ATL@@@ATL@@UEAAJK@Z 0000000180004038 f i SmartCardRW.obj
 0001:00003064       ?Clone@?$CComEnumImpl@UIEnumConnections@@$1?_GUID_b196b287_bab4_101a_b69c_00aa00341d07@@3U__s_GUID@@BUtagCONNECTDATA@@V?$_Copy@UtagCONNECTDATA@@@ATL@@@ATL@@UEAAJPEAPEAUIEnumConnections@@@Z 0000000180004064 f i SmartCardRW.obj
 0001:00003190       ?QueryInterface@?$CComObject@V?$CComEnum@UIEnumConnections@@$1?_GUID_b196b287_bab4_101a_b69c_00aa00341d07@@3U__s_GUID@@BUtagCONNECTDATA@@V?$_Copy@UtagCONNECTDATA@@@ATL@@VCComSingleThreadModel@6@@ATL@@@ATL@@UEAAJAEBU_GUID@@PEAPEAX@Z 0000000180004190 f i SmartCardRW.obj
 0001:000031a4       ??_E?$CComObject@V?$CComEnum@UIEnumConnections@@$1?_GUID_b196b287_bab4_101a_b69c_00aa00341d07@@3U__s_GUID@@BUtagCONNECTDATA@@V?$_Copy@UtagCONNECTDATA@@@ATL@@VCComSingleThreadModel@6@@ATL@@@ATL@@UEAAPEAXI@Z 00000001800041a4 f i SmartCardRW.obj
 0001:000031a4       ??_G?$CComObject@V?$CComEnum@UIEnumConnections@@$1?_GUID_b196b287_bab4_101a_b69c_00aa00341d07@@3U__s_GUID@@BUtagCONNECTDATA@@V?$_Copy@UtagCONNECTDATA@@@ATL@@VCComSingleThreadModel@6@@ATL@@@ATL@@UEAAPEAXI@Z 00000001800041a4 f i SmartCardRW.obj
 0001:000031fc       ??_E?$CComObject@VCOPOSSmartCardRW@@@ATL@@W7EAAPEAXI@Z 00000001800041fc f i SmartCardRW.obj
 0001:00003208       ??_E?$CComObject@VCOPOSSmartCardRW@@@ATL@@WHA@EAAPEAXI@Z 0000000180004208 f i SmartCardRW.obj
 0001:00003214       ?QueryInterface@?$CComObject@VCOPOSSmartCardRW@@@ATL@@WLI@EAAJAEBU_GUID@@PEAPEAX@Z 0000000180004214 f i SmartCardRW.obj
 0001:00003220       ?AddRef@?$CComObject@VCOPOSSmartCardRW@@@ATL@@WLI@EAAKXZ 0000000180004220 f i SmartCardRW.obj
 0001:0000322c       ?Release@?$CComObject@VCOPOSSmartCardRW@@@ATL@@WLI@EAAKXZ 000000018000422c f i SmartCardRW.obj
 0001:00003238       ?QueryInterface@?$CComObject@VCOPOSSmartCardRW@@@ATL@@WMA@EAAJAEBU_GUID@@PEAPEAX@Z 0000000180004238 f i SmartCardRW.obj
 0001:00003244       ?AddRef@?$CComObject@VCOPOSSmartCardRW@@@ATL@@WMA@EAAKXZ 0000000180004244 f i SmartCardRW.obj
 0001:00003250       ?Release@?$CComObject@VCOPOSSmartCardRW@@@ATL@@WMA@EAAKXZ 0000000180004250 f i SmartCardRW.obj
 0001:0000325c       ?QueryInterface@?$CComObject@VCOPOSSmartCardRW@@@ATL@@WMI@EAAJAEBU_GUID@@PEAPEAX@Z 000000018000425c f i SmartCardRW.obj
 0001:00003268       ?AddRef@?$CComObject@VCOPOSSmartCardRW@@@ATL@@WMI@EAAKXZ 0000000180004268 f i SmartCardRW.obj
 0001:00003274       ?Release@?$CComObject@VCOPOSSmartCardRW@@@ATL@@WMI@EAAKXZ 0000000180004274 f i SmartCardRW.obj
 0001:00003280       ?QueryInterface@?$CComObject@VCOPOSSmartCardRW@@@ATL@@WNA@EAAJAEBU_GUID@@PEAPEAX@Z 0000000180004280 f i SmartCardRW.obj
 0001:0000328c       ?AddRef@?$CComObject@VCOPOSSmartCardRW@@@ATL@@WNA@EAAKXZ 000000018000428c f i SmartCardRW.obj
 0001:00003298       ?Release@?$CComObject@VCOPOSSmartCardRW@@@ATL@@WNA@EAAKXZ 0000000180004298 f i SmartCardRW.obj
 0001:000032a4       ?QueryInterface@?$CComObject@VCOPOSSmartCardRW@@@ATL@@WNI@EAAJAEBU_GUID@@PEAPEAX@Z 00000001800042a4 f i SmartCardRW.obj
 0001:000032b0       ?AddRef@?$CComObject@VCOPOSSmartCardRW@@@ATL@@WNI@EAAKXZ 00000001800042b0 f i SmartCardRW.obj
 0001:000032bc       ?Release@?$CComObject@VCOPOSSmartCardRW@@@ATL@@WNI@EAAKXZ 00000001800042bc f i SmartCardRW.obj
 0001:000032c8       ?QueryInterface@?$CComObject@VCOPOSSmartCardRW@@@ATL@@WOA@EAAJAEBU_GUID@@PEAPEAX@Z 00000001800042c8 f i SmartCardRW.obj
 0001:000032d4       ?AddRef@?$CComObject@VCOPOSSmartCardRW@@@ATL@@WOA@EAAKXZ 00000001800042d4 f i SmartCardRW.obj
 0001:000032e0       ?Release@?$CComObject@VCOPOSSmartCardRW@@@ATL@@WOA@EAAKXZ 00000001800042e0 f i SmartCardRW.obj
 0001:000032ec       ?QueryInterface@?$CComObject@VCOPOSSmartCardRW@@@ATL@@WOI@EAAJAEBU_GUID@@PEAPEAX@Z 00000001800042ec f i SmartCardRW.obj
 0001:000032f8       ?AddRef@?$CComObject@VCOPOSSmartCardRW@@@ATL@@WOI@EAAKXZ 00000001800042f8 f i SmartCardRW.obj
 0001:00003304       ?Release@?$CComObject@VCOPOSSmartCardRW@@@ATL@@WOI@EAAKXZ 0000000180004304 f i SmartCardRW.obj
 0001:00003310       ?QueryInterface@?$CComObject@VCOPOSSmartCardRW@@@ATL@@WPA@EAAJAEBU_GUID@@PEAPEAX@Z 0000000180004310 f i SmartCardRW.obj
 0001:0000331c       ?AddRef@?$CComObject@VCOPOSSmartCardRW@@@ATL@@WPA@EAAKXZ 000000018000431c f i SmartCardRW.obj
 0001:00003328       ?Release@?$CComObject@VCOPOSSmartCardRW@@@ATL@@WPA@EAAKXZ 0000000180004328 f i SmartCardRW.obj
 0001:00003334       ?QueryInterface@?$CComObject@VCOPOSSmartCardRW@@@ATL@@WPI@EAAJAEBU_GUID@@PEAPEAX@Z 0000000180004334 f i SmartCardRW.obj
 0001:00003340       ?AddRef@?$CComObject@VCOPOSSmartCardRW@@@ATL@@WPI@EAAKXZ 0000000180004340 f i SmartCardRW.obj
 0001:0000334c       ?Release@?$CComObject@VCOPOSSmartCardRW@@@ATL@@WPI@EAAKXZ 000000018000434c f i SmartCardRW.obj
 0001:00003358       ?QueryInterface@?$CComObject@VCOPOSSmartCardRW@@@ATL@@WBAA@EAAJAEBU_GUID@@PEAPEAX@Z 0000000180004358 f i SmartCardRW.obj
 0001:00003364       ?AddRef@?$CComObject@VCOPOSSmartCardRW@@@ATL@@WBAA@EAAKXZ 0000000180004364 f i SmartCardRW.obj
 0001:00003370       ?Release@?$CComObject@VCOPOSSmartCardRW@@@ATL@@WBAA@EAAKXZ 0000000180004370 f i SmartCardRW.obj
 0001:0000337c       ?QueryInterface@?$CComObject@VCOPOSSmartCardRW@@@ATL@@WBAI@EAAJAEBU_GUID@@PEAPEAX@Z 000000018000437c f i SmartCardRW.obj
 0001:00003388       ?AddRef@?$CComObject@VCOPOSSmartCardRW@@@ATL@@WBAI@EAAKXZ 0000000180004388 f i SmartCardRW.obj
 0001:00003394       ?Release@?$CComObject@VCOPOSSmartCardRW@@@ATL@@WBAI@EAAKXZ 0000000180004394 f i SmartCardRW.obj
 0001:000033a0       ?QueryInterface@?$CComObject@VCOPOSSmartCardRW@@@ATL@@WBBA@EAAJAEBU_GUID@@PEAPEAX@Z 00000001800043a0 f i SmartCardRW.obj
 0001:000033ac       ?AddRef@?$CComObject@VCOPOSSmartCardRW@@@ATL@@WBBA@EAAKXZ 00000001800043ac f i SmartCardRW.obj
 0001:000033b8       ?Release@?$CComObject@VCOPOSSmartCardRW@@@ATL@@WBBA@EAAKXZ 00000001800043b8 f i SmartCardRW.obj
 0001:000033c4       ?QueryInterface@?$CComObject@VCOPOSSmartCardRW@@@ATL@@WBBI@EAAJAEBU_GUID@@PEAPEAX@Z 00000001800043c4 f i SmartCardRW.obj
 0001:000033d0       ?AddRef@?$CComObject@VCOPOSSmartCardRW@@@ATL@@WBBI@EAAKXZ 00000001800043d0 f i SmartCardRW.obj
 0001:000033dc       ?Release@?$CComObject@VCOPOSSmartCardRW@@@ATL@@WBBI@EAAKXZ 00000001800043dc f i SmartCardRW.obj
 0001:000033e8       ?AddRef@?$CComObject@VCOPOSSmartCardRW@@@ATL@@WBCI@EAAKXZ 00000001800043e8 f i SmartCardRW.obj
 0001:000033f4       ?Release@?$CComObject@VCOPOSSmartCardRW@@@ATL@@WBCI@EAAKXZ 00000001800043f4 f i SmartCardRW.obj
 0001:00003400       ?AddRef@?$CComObject@VCOPOSSmartCardRW@@@ATL@@WBEA@EAAKXZ 0000000180004400 f i SmartCardRW.obj
 0001:0000340c       ?Release@?$CComObject@VCOPOSSmartCardRW@@@ATL@@WBEA@EAAKXZ 000000018000440c f i SmartCardRW.obj
 0001:00003418       ??_E?$CComContainedObject@VCOPOSSmartCardRW@@@ATL@@W7EAAPEAXI@Z 0000000180004418 f i SmartCardRW.obj
 0001:00003424       ??_E?$CComContainedObject@VCOPOSSmartCardRW@@@ATL@@WHA@EAAPEAXI@Z 0000000180004424 f i SmartCardRW.obj
 0001:00003430       ?QueryInterface@?$CComContainedObject@VCOPOSSmartCardRW@@@ATL@@WLI@EAAJAEBU_GUID@@PEAPEAX@Z 0000000180004430 f i SmartCardRW.obj
 0001:0000343c       ?AddRef@?$CComContainedObject@VCOPOSSmartCardRW@@@ATL@@WLI@EAAKXZ 000000018000443c f i SmartCardRW.obj
 0001:00003448       ?Release@?$CComContainedObject@VCOPOSSmartCardRW@@@ATL@@WLI@EAAKXZ 0000000180004448 f i SmartCardRW.obj
 0001:00003454       ?QueryInterface@?$CComContainedObject@VCOPOSSmartCardRW@@@ATL@@WMA@EAAJAEBU_GUID@@PEAPEAX@Z 0000000180004454 f i SmartCardRW.obj
 0001:00003460       ?AddRef@?$CComContainedObject@VCOPOSSmartCardRW@@@ATL@@WMA@EAAKXZ 0000000180004460 f i SmartCardRW.obj
 0001:0000346c       ?Release@?$CComContainedObject@VCOPOSSmartCardRW@@@ATL@@WMA@EAAKXZ 000000018000446c f i SmartCardRW.obj
 0001:00003478       ?QueryInterface@?$CComContainedObject@VCOPOSSmartCardRW@@@ATL@@WMI@EAAJAEBU_GUID@@PEAPEAX@Z 0000000180004478 f i SmartCardRW.obj
 0001:00003484       ?AddRef@?$CComContainedObject@VCOPOSSmartCardRW@@@ATL@@WMI@EAAKXZ 0000000180004484 f i SmartCardRW.obj
 0001:00003490       ?Release@?$CComContainedObject@VCOPOSSmartCardRW@@@ATL@@WMI@EAAKXZ 0000000180004490 f i SmartCardRW.obj
 0001:0000349c       ?QueryInterface@?$CComContainedObject@VCOPOSSmartCardRW@@@ATL@@WNA@EAAJAEBU_GUID@@PEAPEAX@Z 000000018000449c f i SmartCardRW.obj
 0001:000034a8       ?AddRef@?$CComContainedObject@VCOPOSSmartCardRW@@@ATL@@WNA@EAAKXZ 00000001800044a8 f i SmartCardRW.obj
 0001:000034b4       ?Release@?$CComContainedObject@VCOPOSSmartCardRW@@@ATL@@WNA@EAAKXZ 00000001800044b4 f i SmartCardRW.obj
 0001:000034c0       ?QueryInterface@?$CComContainedObject@VCOPOSSmartCardRW@@@ATL@@WNI@EAAJAEBU_GUID@@PEAPEAX@Z 00000001800044c0 f i SmartCardRW.obj
 0001:000034cc       ?AddRef@?$CComContainedObject@VCOPOSSmartCardRW@@@ATL@@WNI@EAAKXZ 00000001800044cc f i SmartCardRW.obj
 0001:000034d8       ?Release@?$CComContainedObject@VCOPOSSmartCardRW@@@ATL@@WNI@EAAKXZ 00000001800044d8 f i SmartCardRW.obj
 0001:000034e4       ?QueryInterface@?$CComContainedObject@VCOPOSSmartCardRW@@@ATL@@WOA@EAAJAEBU_GUID@@PEAPEAX@Z 00000001800044e4 f i SmartCardRW.obj
 0001:000034f0       ?AddRef@?$CComContainedObject@VCOPOSSmartCardRW@@@ATL@@WOA@EAAKXZ 00000001800044f0 f i SmartCardRW.obj
 0001:000034fc       ?Release@?$CComContainedObject@VCOPOSSmartCardRW@@@ATL@@WOA@EAAKXZ 00000001800044fc f i SmartCardRW.obj
 0001:00003508       ?QueryInterface@?$CComContainedObject@VCOPOSSmartCardRW@@@ATL@@WOI@EAAJAEBU_GUID@@PEAPEAX@Z 0000000180004508 f i SmartCardRW.obj
 0001:00003514       ?AddRef@?$CComContainedObject@VCOPOSSmartCardRW@@@ATL@@WOI@EAAKXZ 0000000180004514 f i SmartCardRW.obj
 0001:00003520       ?Release@?$CComContainedObject@VCOPOSSmartCardRW@@@ATL@@WOI@EAAKXZ 0000000180004520 f i SmartCardRW.obj
 0001:0000352c       ?QueryInterface@?$CComContainedObject@VCOPOSSmartCardRW@@@ATL@@WPA@EAAJAEBU_GUID@@PEAPEAX@Z 000000018000452c f i SmartCardRW.obj
 0001:00003538       ?AddRef@?$CComContainedObject@VCOPOSSmartCardRW@@@ATL@@WPA@EAAKXZ 0000000180004538 f i SmartCardRW.obj
 0001:00003544       ?Release@?$CComContainedObject@VCOPOSSmartCardRW@@@ATL@@WPA@EAAKXZ 0000000180004544 f i SmartCardRW.obj
 0001:00003550       ?QueryInterface@?$CComContainedObject@VCOPOSSmartCardRW@@@ATL@@WPI@EAAJAEBU_GUID@@PEAPEAX@Z 0000000180004550 f i SmartCardRW.obj
 0001:0000355c       ?AddRef@?$CComContainedObject@VCOPOSSmartCardRW@@@ATL@@WPI@EAAKXZ 000000018000455c f i SmartCardRW.obj
 0001:00003568       ?Release@?$CComContainedObject@VCOPOSSmartCardRW@@@ATL@@WPI@EAAKXZ 0000000180004568 f i SmartCardRW.obj
 0001:00003574       ?QueryInterface@?$CComContainedObject@VCOPOSSmartCardRW@@@ATL@@WBAA@EAAJAEBU_GUID@@PEAPEAX@Z 0000000180004574 f i SmartCardRW.obj
 0001:00003580       ?AddRef@?$CComContainedObject@VCOPOSSmartCardRW@@@ATL@@WBAA@EAAKXZ 0000000180004580 f i SmartCardRW.obj
 0001:0000358c       ?Release@?$CComContainedObject@VCOPOSSmartCardRW@@@ATL@@WBAA@EAAKXZ 000000018000458c f i SmartCardRW.obj
 0001:00003598       ?QueryInterface@?$CComContainedObject@VCOPOSSmartCardRW@@@ATL@@WBAI@EAAJAEBU_GUID@@PEAPEAX@Z 0000000180004598 f i SmartCardRW.obj
 0001:000035a4       ?AddRef@?$CComContainedObject@VCOPOSSmartCardRW@@@ATL@@WBAI@EAAKXZ 00000001800045a4 f i SmartCardRW.obj
 0001:000035b0       ?Release@?$CComContainedObject@VCOPOSSmartCardRW@@@ATL@@WBAI@EAAKXZ 00000001800045b0 f i SmartCardRW.obj
 0001:000035bc       ?QueryInterface@?$CComContainedObject@VCOPOSSmartCardRW@@@ATL@@WBBA@EAAJAEBU_GUID@@PEAPEAX@Z 00000001800045bc f i SmartCardRW.obj
 0001:000035c8       ?AddRef@?$CComContainedObject@VCOPOSSmartCardRW@@@ATL@@WBBA@EAAKXZ 00000001800045c8 f i SmartCardRW.obj
 0001:000035d4       ?Release@?$CComContainedObject@VCOPOSSmartCardRW@@@ATL@@WBBA@EAAKXZ 00000001800045d4 f i SmartCardRW.obj
 0001:000035e0       ?QueryInterface@?$CComContainedObject@VCOPOSSmartCardRW@@@ATL@@WBBI@EAAJAEBU_GUID@@PEAPEAX@Z 00000001800045e0 f i SmartCardRW.obj
 0001:000035ec       ?AddRef@?$CComContainedObject@VCOPOSSmartCardRW@@@ATL@@WBBI@EAAKXZ 00000001800045ec f i SmartCardRW.obj
 0001:000035f8       ?Release@?$CComContainedObject@VCOPOSSmartCardRW@@@ATL@@WBBI@EAAKXZ 00000001800045f8 f i SmartCardRW.obj
 0001:00003604       ?AddRef@?$CComContainedObject@VCOPOSSmartCardRW@@@ATL@@WBCI@EAAKXZ 0000000180004604 f i SmartCardRW.obj
 0001:00003610       ?Release@?$CComContainedObject@VCOPOSSmartCardRW@@@ATL@@WBCI@EAAKXZ 0000000180004610 f i SmartCardRW.obj
 0001:0000361c       ?AddRef@?$CComContainedObject@VCOPOSSmartCardRW@@@ATL@@WBEA@EAAKXZ 000000018000461c f i SmartCardRW.obj
 0001:00003628       ?Release@?$CComContainedObject@VCOPOSSmartCardRW@@@ATL@@WBEA@EAAKXZ 0000000180004628 f i SmartCardRW.obj
 0001:00003634       ?CreateInstance@CComClassFactory@ATL@@UEAAJPEAUIUnknown@@AEBU_GUID@@PEAPEAX@Z 0000000180004634 f i SmartCardRW.obj
 0001:00003694       ?LockServer@CComClassFactory@ATL@@UEAAJH@Z 0000000180004694 f i SmartCardRW.obj
 0001:000036b8       ??_GCComClassFactory@ATL@@UEAAPEAXI@Z 00000001800046b8 f i SmartCardRW.obj
 0001:000036b8       ??_ECComClassFactory@ATL@@UEAAPEAXI@Z 00000001800046b8 f i SmartCardRW.obj
 0001:00003708       ??$AtlModuleRegisterWndClassInfoT@VAtlModuleRegisterWndClassInfoParamW@ATL@@@ATL@@YAGPEAU_ATL_BASE_MODULE70@0@PEAU_ATL_WIN_MODULE70@0@PEAU_ATL_WNDCLASSINFOW@0@PEAP6A_JPEAUHWND__@@I_K_J@ZVAtlModuleRegisterWndClassInfoParamW@0@@Z 0000000180004708 f i SmartCardRW.obj
 0001:00003908       ??0?$CComContainedObject@VCOPOSSmartCardRW@@@ATL@@QEAA@PEAX@Z 0000000180004908 f i SmartCardRW.obj
 0001:00003a24       ??0?$CComObject@VCOPOSSmartCardRW@@@ATL@@QEAA@PEAX@Z 0000000180004a24 f i SmartCardRW.obj
 0001:00003b3c       ??0CAtlModule@ATL@@QEAA@XZ 0000000180004b3c f i SmartCardRW.obj
 0001:00003bb0       ??1?$CComEnumImpl@UIEnumConnectionPoints@@$1?_GUID_b196b285_bab4_101a_b69c_00aa00341d07@@3U__s_GUID@@BPEAUIConnectionPoint@@V?$_CopyInterface@UIConnectionPoint@@@ATL@@@ATL@@UEAA@XZ 0000000180004bb0 f i SmartCardRW.obj
 0001:00003c0c       ??1?$CComEnumImpl@UIEnumConnections@@$1?_GUID_b196b287_bab4_101a_b69c_00aa00341d07@@3U__s_GUID@@BUtagCONNECTDATA@@V?$_Copy@UtagCONNECTDATA@@@ATL@@@ATL@@UEAA@XZ 0000000180004c0c f i SmartCardRW.obj
 0001:00003c68       ??1?$CComObject@VCOPOSSmartCardRW@@@ATL@@UEAA@XZ 0000000180004c68 f i SmartCardRW.obj
 0001:00003d88       ??_E?$CComContainedObject@VCOPOSSmartCardRW@@@ATL@@UEAAPEAXI@Z 0000000180004d88 f i SmartCardRW.obj
 0001:00003d88       ??_G?$CComContainedObject@VCOPOSSmartCardRW@@@ATL@@UEAAPEAXI@Z 0000000180004d88 f i SmartCardRW.obj
 0001:00003dbc       ??_G?$CComObject@VCOPOSSmartCardRW@@@ATL@@UEAAPEAXI@Z 0000000180004dbc f i SmartCardRW.obj
 0001:00003dbc       ??_E?$CComObject@VCOPOSSmartCardRW@@@ATL@@UEAAPEAXI@Z 0000000180004dbc f i SmartCardRW.obj
 0001:00003df0       ?Add@?$CSimpleArray@GV?$CSimpleArrayEqualHelper@G@ATL@@@ATL@@QEAAHAEBG@Z 0000000180004df0 f i SmartCardRW.obj
 0001:00003ea4       ?Add@?$CSimpleMap@PEA_WPEA_WVCExpansionVectorEqualHelper@ATL@@@ATL@@QEAAHAEBQEA_W0@Z 0000000180004ea4 f i SmartCardRW.obj
 0001:00003f44       ?Add@CComDynamicUnkArray@ATL@@QEAAKPEAUIUnknown@@@Z 0000000180004f44 f i SmartCardRW.obj
 0001:0000402c       ?Add@CExpansionVector@ATL@@QEAAHPEB_W0@Z 000000018000502c f i SmartCardRW.obj
 0001:00004160       ?AddTermFunc@CAtlModule@ATL@@QEAAJP6AX_K@Z0@Z 0000000180005160 f i SmartCardRW.obj
 0001:000041fc       ?AddValue@CRegParser@ATL@@IEAAJAEAVCRegKey@2@PEB_WPEA_W@Z 00000001800051fc f i SmartCardRW.obj
 0001:00004644       ?AllocateHeap@?$CTempBuffer@_W$0EAA@VCCRTAllocator@ATL@@@ATL@@AEAAX_K@Z 0000000180005644 f i SmartCardRW.obj
 0001:00004644       ?AllocateHeap@?$CTempBuffer@E$0BAA@VCCRTAllocator@ATL@@@ATL@@AEAAX_K@Z 0000000180005644 f i SmartCardRW.obj
 0001:00004644       ?AllocateHeap@?$CTempBuffer@_W$0BAA@VCCRTAllocator@ATL@@@ATL@@AEAAX_K@Z 0000000180005644 f i SmartCardRW.obj
 0001:00004670       ?Append@CParseBuffer@CRegParser@ATL@@QEAAHPEB_WH@Z 0000000180005670 f i SmartCardRW.obj
 0001:000047b8       ?AtlComModuleGetClassObject@ATL@@YAJPEAU_ATL_COM_MODULE70@1@AEBU_GUID@@1PEAPEAX@Z 00000001800057b8 f i SmartCardRW.obj
 0001:000048f8       ?AtlComModuleRegisterServer@ATL@@YAJPEAU_ATL_COM_MODULE70@1@HPEBU_GUID@@@Z 00000001800058f8 f i SmartCardRW.obj
 0001:000049b8       ?AtlComModuleUnregisterServer@ATL@@YAJPEAU_ATL_COM_MODULE70@1@HPEBU_GUID@@@Z 00000001800059b8 f i SmartCardRW.obj
 0001:00004a74       ?AtlHiMetricToPixel@ATL@@YAXPEBUtagSIZE@@PEAU2@@Z 0000000180005a74 f i SmartCardRW.obj
 0001:00004b24       ?AtlHresultFromLastError@ATL@@YAJXZ 0000000180005b24 f i SmartCardRW.obj
 0001:00004b44       ?AtlHresultFromWin32@ATL@@YAJK@Z 0000000180005b44 f i SmartCardRW.obj
 0001:00004b54       ?AtlInternalOleLoadFromStream@ATL@@YAJPEAUIStream@@AEBU_GUID@@PEAPEAXTClassesAllowedInStream@1@K@Z 0000000180005b54 f i SmartCardRW.obj
 0001:00004c98       ?AtlInternalQueryInterface@ATL@@YAJPEAXPEBU_ATL_INTMAP_ENTRY@1@AEBU_GUID@@PEAPEAX@Z 0000000180005c98 f i SmartCardRW.obj
 0001:00004da0       ?AtlLoadTypeLib@ATL@@YAJPEAUHINSTANCE__@@PEB_WPEAPEA_WPEAPEAUITypeLib@@@Z 0000000180005da0 f i SmartCardRW.obj
 0001:00004ffc       ?AtlRegisterClassCategoriesHelper@ATL@@YAJAEBU_GUID@@PEBU_ATL_CATMAP_ENTRY@1@H@Z 0000000180005ffc f i SmartCardRW.obj
 0001:00005480       ?AtlRegisterTypeLib@ATL@@YAJPEAUHINSTANCE__@@PEB_W@Z 0000000180006480 f i SmartCardRW.obj
 0001:0000567c       ?AtlThrowImpl@ATL@@YAXJ@Z  000000018000667c f i SmartCardRW.obj
 0001:000056a0       ?AtlUnRegisterTypeLib@ATL@@YAJPEAUHINSTANCE__@@PEB_W@Z 00000001800066a0 f i SmartCardRW.obj
 0001:00005768       ?AtlWinModuleExtractCreateWndData@ATL@@YAPEAXPEAU_ATL_WIN_MODULE70@1@@Z 0000000180006768 f i SmartCardRW.obj
 0001:000057f4       ?Cleanup@CComTypeInfoHolder@ATL@@SAX_K@Z 00000001800067f4 f i SmartCardRW.obj
 0001:00005834       ?ClearReplacements@CExpansionVector@ATL@@QEAAJXZ 0000000180006834 f i SmartCardRW.obj
 0001:000058d0       ?CreateInstance@?$CComCreator@V?$CComAggObject@VCOPOSSmartCardRW@@@ATL@@@ATL@@SAJPEAXAEBU_GUID@@PEAPEAX@Z 00000001800068d0 f i SmartCardRW.obj
 0001:000059c0       ?CreateInstance@?$CComCreator@V?$CComObject@VCOPOSSmartCardRW@@@ATL@@@ATL@@SAJPEAXAEBU_GUID@@PEAPEAX@Z 00000001800069c0 f i SmartCardRW.obj
 0001:00005a78       ?CreateInstance@?$CComObject@V?$CComEnum@UIEnumConnectionPoints@@$1?_GUID_b196b285_bab4_101a_b69c_00aa00341d07@@3U__s_GUID@@BPEAUIConnectionPoint@@V?$_CopyInterface@UIConnectionPoint@@@ATL@@VCComSingleThreadModel@6@@ATL@@@ATL@@SAJPEAPEAV12@@Z 0000000180006a78 f i SmartCardRW.obj
 0001:00005b04       ?CreateInstance@?$CComObject@V?$CComEnum@UIEnumConnections@@$1?_GUID_b196b287_bab4_101a_b69c_00aa00341d07@@3U__s_GUID@@BUtagCONNECTDATA@@V?$_Copy@UtagCONNECTDATA@@@ATL@@VCComSingleThreadModel@6@@ATL@@@ATL@@SAJPEAPEAV12@@Z 0000000180006b04 f i SmartCardRW.obj
 0001:00005b90       ?DefaultReflectionHandler@?$CWindowImplRoot@VCWindow@ATL@@@ATL@@SAHPEAUHWND__@@I_K_JAEA_J@Z 0000000180006b90 f i SmartCardRW.obj
 0001:00005bf4       ?DeleteSubKey@CRegKey@ATL@@QEAAJPEB_W@Z 0000000180006bf4 f i SmartCardRW.obj
 0001:00005c8c       ?DoEvent@COPOSSmartCardRW@@IEAAXI_K_J@Z 0000000180006c8c f i SmartCardRW.obj
 0001:00005d40       ?DoVerbPrimary@?$IOleObjectImpl@VCOPOSSmartCardRW@@@ATL@@QEAAJPEBUtagRECT@@PEAUHWND__@@@Z 0000000180006d40 f i SmartCardRW.obj
 0001:00005e6c       ?DoVerbProperties@CComControlBase@ATL@@QEAAJPEBUtagRECT@@PEAUHWND__@@@Z 0000000180006e6c f i SmartCardRW.obj
 0001:00006094       ?FireTheEvent@?$CProxy_IOPOSEvents@VCOPOSSmartCardRW@@@@IEAAXPEAVOposVariant@@IAEAJPEB_WJ@Z 0000000180007094 f i SmartCardRW.obj
 0001:00006180       ?FireViewChange@CComControlBase@ATL@@QEAAJXZ 0000000180007180 f i SmartCardRW.obj
 0001:000061e4       ?Fire_DataEvent@?$CProxy_IOPOSEvents@VCOPOSSmartCardRW@@@@QEAAXJ@Z 00000001800071e4 f i SmartCardRW.obj
 0001:000062d0       ?Fire_DirectIOEvent@?$CProxy_IOPOSEvents@VCOPOSSmartCardRW@@@@QEAAXJPEAJPEAPEA_W@Z 00000001800072d0 f i SmartCardRW.obj
 0001:00006428       ?Fire_ErrorEvent@?$CProxy_IOPOSEvents@VCOPOSSmartCardRW@@@@QEAAXJJJPEAJ@Z 0000000180007428 f i SmartCardRW.obj
 0001:00006590       ?Fire_OutputCompleteEvent@?$CProxy_IOPOSEvents@VCOPOSSmartCardRW@@@@QEAAXJ@Z 0000000180007590 f i SmartCardRW.obj
 0001:0000667c       ?Fire_StatusUpdateEvent@?$CProxy_IOPOSEvents@VCOPOSSmartCardRW@@@@QEAAXJ@Z 000000018000767c f i SmartCardRW.obj
 0001:00006768       ?FreeHeap@?$CTempBuffer@_W$0EAA@VCCRTAllocator@ATL@@@ATL@@AEAAXXZ 0000000180007768 f i SmartCardRW.obj
 0001:00006768       ?FreeHeap@?$CTempBuffer@_W$0BAA@VCCRTAllocator@ATL@@@ATL@@AEAAXXZ 0000000180007768 f i SmartCardRW.obj
 0001:00006768       ?FreeHeap@?$CTempBuffer@E$0BAA@VCCRTAllocator@ATL@@@ATL@@AEAAXXZ 0000000180007768 f i SmartCardRW.obj
 0001:00006770       ?GetAmbientLocaleID@CComControlBase@ATL@@QEAAJAEAK@Z 0000000180007770 f i SmartCardRW.obj
 0001:00006830       ?GetAmbientUserMode@CComControlBase@ATL@@QEAAJAEAH@Z 0000000180007830 f i SmartCardRW.obj
 0001:00006900       ?GetClassObject@CComModule@ATL@@QEAAJAEBU_GUID@@0PEAPEAX@Z 0000000180007900 f i SmartCardRW.obj
 0001:000069f4       ?GetConnMap@COPOSSmartCardRW@@SAPEBU_ATL_CONNMAP_ENTRY@ATL@@PEAH@Z 00000001800079f4 f i SmartCardRW.obj
 0001:00006a7c       ?GetIDsOfNames@CComTypeInfoHolder@ATL@@QEAAJAEBU_GUID@@PEAPEA_WIKPEAJ@Z 0000000180007a7c f i SmartCardRW.obj
 0001:00006bf4       ?GetPagesHelper@?$ISpecifyPropertyPagesImpl@VCOPOSSmartCardRW@@@ATL@@IEAAJPEAUtagCAUUID@@PEBUATL_PROPMAP_ENTRY@2@@Z 0000000180007bf4 f i SmartCardRW.obj
 0001:00006d94       ?GetSizeMax@CComVariant@ATL@@QEBAJPEAT_ULARGE_INTEGER@@@Z 0000000180007d94 f i SmartCardRW.obj
 0001:00006fc8       ?GetTI@CComTypeInfoHolder@ATL@@QEAAJK@Z 0000000180007fc8 f i SmartCardRW.obj
 0001:000072c0       ?GetZoomInfo@CComControlBase@ATL@@QEAAXAEAUATL_DRAWINFO@@@Z 00000001800082c0 f i SmartCardRW.obj
 0001:00007364       ?HKeyFromString@CRegParser@ATL@@KAPEAUHKEY__@@PEA_W@Z 0000000180008364 f i SmartCardRW.obj
 0001:000073c8       ?IDataObject_GetData@CComControlBase@ATL@@QEAAJPEAUtagFORMATETC@@PEAUtagSTGMEDIUM@@@Z 00000001800083c8 f i SmartCardRW.obj
 0001:000075bc       ?IOleInPlaceObject_InPlaceDeactivate@CComControlBase@ATL@@QEAAJXZ 00000001800085bc f i SmartCardRW.obj
 0001:0000765c       ?IOleInPlaceObject_SetObjectRects@CComControlBase@ATL@@QEAAJPEBUtagRECT@@0@Z 000000018000865c f i SmartCardRW.obj
 0001:0000774c       ?IOleInPlaceObject_UIDeactivate@CComControlBase@ATL@@QEAAJXZ 000000018000874c f i SmartCardRW.obj
 0001:00007858       ?IOleObject_Close@CComControlBase@ATL@@QEAAJK@Z 0000000180008858 f i SmartCardRW.obj
 0001:00007970       ?IOleObject_SetClientSite@CComControlBase@ATL@@QEAAJPEAUIOleClientSite@@@Z 0000000180008970 f i SmartCardRW.obj
 0001:000079e8       ?IOleObject_SetExtent@CComControlBase@ATL@@QEAAJKPEAUtagSIZE@@@Z 00000001800089e8 f i SmartCardRW.obj
 0001:00007a80       ?IPSI_GetIPersistStreamInit@?$IPersistStorageImpl@VCOPOSSmartCardRW@@@ATL@@AEAAPEAUIPersistStreamInit@@XZ 0000000180008a80 f i SmartCardRW.obj
 0001:00007b68       ?IPersistStreamInit_Load@?$IPersistStreamInitImpl@VCOPOSSmartCardRW@@@ATL@@QEAAJPEAUIStream@@PEBUATL_PROPMAP_ENTRY@2@@Z 0000000180008b68 f i SmartCardRW.obj
 0001:00007e9c       ?IPersistStreamInit_Save@?$IPersistStreamInitImpl@VCOPOSSmartCardRW@@@ATL@@QEAAJPEAUIStream@@HPEBUATL_PROPMAP_ENTRY@2@@Z 0000000180008e9c f i SmartCardRW.obj
 0001:00008140       ?IQuickActivate_QuickActivate@CComControlBase@ATL@@QEAAJPEAUtagQACONTAINER@@PEAUtagQACONTROL@@@Z 0000000180009140 f i SmartCardRW.obj
 0001:00008404       ?IViewObject_Draw@CComControlBase@ATL@@QEAAJKJPEAXPEAUtagDVTARGETDEVICE@@PEAUHDC__@@2PEBU_RECTL@@3@Z 0000000180009404 f i SmartCardRW.obj
 0001:00008518       ?InPlaceActivate@CComControlBase@ATL@@QEAAJJPEBUtagRECT@@@Z 0000000180009518 f i SmartCardRW.obj
 0001:00008850       ?Init@?$CComEnumImpl@UIEnumConnectionPoints@@$1?_GUID_b196b285_bab4_101a_b69c_00aa00341d07@@3U__s_GUID@@BPEAUIConnectionPoint@@V?$_CopyInterface@UIConnectionPoint@@@ATL@@@ATL@@QEAAJPEAPEAUIConnectionPoint@@0PEAUIUnknown@@W4CComEnumFlags@2@@Z 0000000180009850 f i SmartCardRW.obj
 0001:00008970       ?Init@?$CComEnumImpl@UIEnumConnections@@$1?_GUID_b196b287_bab4_101a_b69c_00aa00341d07@@3U__s_GUID@@BUtagCONNECTDATA@@V?$_Copy@UtagCONNECTDATA@@@ATL@@@ATL@@QEAAJPEAUtagCONNECTDATA@@0PEAUIUnknown@@W4CComEnumFlags@2@@Z 0000000180009970 f i SmartCardRW.obj
 0001:00008a94       ?IsEqualObject@?$CComPtrBase@UIOleClientSite@@@ATL@@QEAA_NPEAUIUnknown@@@Z 0000000180009a94 f i SmartCardRW.obj
 0001:00008b20       ?LoadNameCache@CComTypeInfoHolder@ATL@@QEAAJPEAUITypeInfo@@@Z 0000000180009b20 f i SmartCardRW.obj
 0001:00008ca0       ?Lookup@?$CSimpleMap@PEA_WPEA_WVCExpansionVectorEqualHelper@ATL@@@ATL@@QEBAPEA_WAEBQEA_W@Z 0000000180009ca0 f i SmartCardRW.obj
 0001:00008d2c       ?NextToken@CRegParser@ATL@@IEAAJPEA_W@Z 0000000180009d2c f i SmartCardRW.obj
 0001:00008ee4       ?OnKillFocus@CComControlBase@ATL@@QEAA_JI_K_JAEAH@Z 0000000180009ee4 f i SmartCardRW.obj
 0001:00008f80       ?OnMouseActivate@CComControlBase@ATL@@QEAA_JI_K_JAEAH@Z 0000000180009f80 f i SmartCardRW.obj
 0001:00009020       ?OnPaint@CComControlBase@ATL@@QEAA_JI_K_JAEAH@Z 000000018000a020 f i SmartCardRW.obj
 0001:0000910c       ?OnSetFocus@CComControlBase@ATL@@QEAA_JI_K_JAEAH@Z 000000018000a10c f i SmartCardRW.obj
 0001:00009208       ?PreProcessBuffer@CRegParser@ATL@@QEAAJPEA_WPEAPEA_W@Z 000000018000a208 f i SmartCardRW.obj
 0001:0000958c       ?ProcessWindowMessage@?$CComControl@VCOPOSSmartCardRW@@V?$CWindowImpl@VCOPOSSmartCardRW@@VCWindow@ATL@@V?$CWinTraits@$0FGAAAAAA@$0A@@3@@ATL@@@ATL@@UEAAHPEAUHWND__@@I_K_JAEA_JK@Z 000000018000a58c f i SmartCardRW.obj
 0001:00009670       ?ReadFromStream@CComBSTR@ATL@@QEAAJPEAUIStream@@@Z 000000018000a670 f i SmartCardRW.obj
 0001:000097cc       ?ReadFromStream@CComVariant@ATL@@QEAAJPEAUIStream@@GTClassesAllowedInStream@2@K@Z 000000018000a7cc f i SmartCardRW.obj
 0001:000099dc       ?RecurseDeleteKey@CRegKey@ATL@@QEAAJPEB_W@Z 000000018000a9dc f i SmartCardRW.obj
 0001:00009b34       ?RegCreateKeyExW@CAtlTransactionManager@ATL@@QEAAJPEAUHKEY__@@PEB_WKPEA_WKKQEAU_SECURITY_ATTRIBUTES@@PEAPEAU3@PEAK@Z 000000018000ab34 f i SmartCardRW.obj
 0001:00009c68       ?RegDeleteKeyW@CAtlTransactionManager@ATL@@QEAAJPEAUHKEY__@@PEB_W@Z 000000018000ac68 f i SmartCardRW.obj
 0001:00009cf4       ?RegOpenKeyExW@CAtlTransactionManager@ATL@@QEAAJPEAUHKEY__@@PEB_WKKPEAPEAU3@@Z 000000018000acf4 f i SmartCardRW.obj
 0001:00009dac       ?RegisterBuffer@CRegParser@ATL@@QEAAJPEA_WH@Z 000000018000adac f i SmartCardRW.obj
 0001:00009f14       ?RegisterFromResource@CRegObject@ATL@@IEAAJPEB_W00H@Z 000000018000af14 f i SmartCardRW.obj
 0001:0000a0d0       ?RegisterServer@CComModule@ATL@@QEAAJHPEBU_GUID@@@Z 000000018000b0d0 f i SmartCardRW.obj
 0001:0000a190       ?RegisterSubkeys@CRegParser@ATL@@IEAAJPEA_WPEAUHKEY__@@HH@Z 000000018000b190 f i SmartCardRW.obj
 0001:0000a9fc       ?SendOnDataChange@CComControlBase@ATL@@QEAAJK@Z 000000018000b9fc f i SmartCardRW.obj
 0001:0000aa6c       ?SetControlFocus@CComControlBase@ATL@@QEAAHH@Z 000000018000ba6c f i SmartCardRW.obj
 0001:0000ab48       ?SkipAssignment@CRegParser@ATL@@IEAAJPEA_W@Z 000000018000bb48 f i SmartCardRW.obj
 0001:0000abec       ?Term@CAtlModule@ATL@@QEAAXXZ 000000018000bbec f i SmartCardRW.obj
 0001:0000ac6c       ?Term@CComModule@ATL@@QEAAXXZ 000000018000bc6c f i SmartCardRW.obj
 0001:0000ace8       ?UnregisterServer@CComModule@ATL@@QEAAJHPEBU_GUID@@@Z 000000018000bce8 f i SmartCardRW.obj
 0001:0000ad98       ?UpdateRegistryFromResource@CAtlModule@ATL@@QEAAJIHPEAU_ATL_REGMAP_ENTRY@2@@Z 000000018000bd98 f i SmartCardRW.obj
 0001:0000b0a4       ?UpdateRegistryFromResource@CAtlModule@ATL@@QEAAJPEB_WHPEAU_ATL_REGMAP_ENTRY@2@@Z 000000018000c0a4 f i SmartCardRW.obj
 0001:0000b3c8       ?VTFromRegType@CRegParser@ATL@@KAHPEB_WAEAG@Z 000000018000c3c8 f i SmartCardRW.obj
 0001:0000b464       ?WindowProc@?$CWindowImplBaseT@VCWindow@ATL@@V?$CWinTraits@$0FGAAAAAA@$0A@@2@@ATL@@SA_JPEAUHWND__@@I_K_J@Z 000000018000c464 f i SmartCardRW.obj
 0001:0000b5d0       ?WriteToStream@CComVariant@ATL@@QEAAJPEAUIStream@@@Z 000000018000c5d0 f i SmartCardRW.obj
 0001:0000b824       ?WriteToStream@CComVariant@ATL@@QEAAJPEAUIStream@@G@Z 000000018000c824 f i SmartCardRW.obj
 0001:0000b8bc       ?_AtlVerifyStackAvailable@_ATL_SAFE_ALLOCA_IMPL@ATL@@YA_N_K@Z 000000018000c8bc f i SmartCardRW.obj
 0001:0000b940       ?atlCreate@?$CWindowImpl@VCOPOSSmartCardRW@@VCWindow@ATL@@V?$CWinTraits@$0FGAAAAAA@$0A@@3@@ATL@@QEAAPEAUHWND__@@PEAU3@V_U_RECT@2@PEB_WKKV_U_MENUorID@2@PEAX@Z 000000018000c940 f i SmartCardRW.obj
 0001:0000b9f0       ?atlCreate@?$CWindowImplBaseT@VCWindow@ATL@@V?$CWinTraits@$0FGAAAAAA@$0A@@2@@ATL@@QEAAPEAUHWND__@@PEAU3@V_U_RECT@2@PEB_WKKV_U_MENUorID@2@GPEAX@Z 000000018000c9f0 f i SmartCardRW.obj
 0001:0000bb60       ?ocscpy_s@@YA_NPEA_W_KPEB_W@Z 000000018000cb60 f i SmartCardRW.obj
 0001:0000bc10       DllCanUnloadNow            000000018000cc10 f   SmartCardRW.obj
 0001:0000bc1c       DllGetClassObject          000000018000cc1c f   SmartCardRW.obj
 0001:0000bc34       DllMain                    000000018000cc34 f   SmartCardRW.obj
 0001:0000bcdc       DllRegisterServer          000000018000ccdc f   SmartCardRW.obj
 0001:0000bcf0       DllUnregisterServer        000000018000ccf0 f   SmartCardRW.obj
 0001:0000bd04       __local_stdio_printf_options 000000018000cd04 f i SmartCardRW.obj
 0001:0000bd0c       swprintf_s                 000000018000cd0c f i SmartCardRW.obj
 0001:0000bd60       ??0COPOSSmartCardRW@@QEAA@XZ 000000018000cd60 f   SmartCardRWImpl.obj
 0001:0000be30       ??1?$IConnectionPointImpl@VCOPOSSmartCardRW@@$1?IID_IPropertyNotifySink@@3U_GUID@@BVCComDynamicUnkArray@ATL@@@ATL@@QEAA@XZ 000000018000ce30 f i SmartCardRWImpl.obj
 0001:0000be30       ??1?$IConnectionPointImpl@VCOPOSSmartCardRW@@$1?DIID__IOPOSSmartCardRWEvents@@3U_GUID@@BVCComDynamicUnkArray@ATL@@@ATL@@QEAA@XZ 000000018000ce30 f i SmartCardRWImpl.obj
 0001:0000be8c       ??1CComControlBase@ATL@@UEAA@XZ 000000018000ce8c f i SmartCardRWImpl.obj
 0001:0000bf08       ??1COPOSSmartCardRW@@UEAA@XZ 000000018000cf08 f   SmartCardRWImpl.obj
 0001:0000bf6c       ?BeginInsertion@COPOSSmartCardRW@@UEAAJJPEAJ@Z 000000018000cf6c f   SmartCardRWImpl.obj
 0001:0000bfe8       ?BeginRemoval@COPOSSmartCardRW@@UEAAJJPEAJ@Z 000000018000cfe8 f   SmartCardRWImpl.obj
 0001:0000c064       ?CheckHealth@COPOSSmartCardRW@@UEAAJJPEAJ@Z 000000018000d064 f   SmartCardRWImpl.obj
 0001:0000c0e0       ?ClaimDevice@COPOSSmartCardRW@@UEAAJJPEAJ@Z 000000018000d0e0 f   SmartCardRWImpl.obj
 0001:0000c180       ?ClearInput@COPOSSmartCardRW@@UEAAJPEAJ@Z 000000018000d180 f   SmartCardRWImpl.obj
 0001:0000c1a8       ?ClearInputProperties@COPOSSmartCardRW@@UEAAJPEAJ@Z 000000018000d1a8 f   SmartCardRWImpl.obj
 0001:0000c1d0       ?ClearOutput@COPOSSmartCardRW@@UEAAJPEAJ@Z 000000018000d1d0 f   SmartCardRWImpl.obj
 0001:0000c1f8       ?Close@COPOSSmartCardRW@@UEAAJPEAJ@Z 000000018000d1f8 f   SmartCardRWImpl.obj
 0001:0000c2b0       ?CompareFirmwareVersion@COPOSSmartCardRW@@UEAAJPEA_WPEAJ1@Z 000000018000d2b0 f   SmartCardRWImpl.obj
 0001:0000c38c       ?DirectIO@COPOSSmartCardRW@@UEAAJJPEAJPEAPEA_W0@Z 000000018000d38c f   SmartCardRWImpl.obj
 0001:0000c488       ?DoInvoke@COPOSSmartCardRW@@IEAAJJPEAVOposVariant@@IHPEAJ_N@Z 000000018000d488 f   SmartCardRWImpl.obj
 0001:0000c5bc       ?EndInsertion@COPOSSmartCardRW@@UEAAJPEAJ@Z 000000018000d5bc f   SmartCardRWImpl.obj
 0001:0000c5e4       ?EndRemoval@COPOSSmartCardRW@@UEAAJPEAJ@Z 000000018000d5e4 f   SmartCardRWImpl.obj
 0001:0000c60c       ?EventInit@COPOSSmartCardRW@@IEAAJXZ 000000018000d60c f i SmartCardRWImpl.obj
 0001:0000c754       ?EventUninit@COPOSSmartCardRW@@IEAAXXZ 000000018000d754 f i SmartCardRWImpl.obj
 0001:0000c7b8       ?EventWindowProc@COPOSSmartCardRW@@IEAA_JI_K_J@Z 000000018000d7b8 f i SmartCardRWImpl.obj
 0001:0000c994       ?FinalConstruct@COPOSSmartCardRW@@QEAAJXZ 000000018000d994 f   SmartCardRWImpl.obj
 0001:0000c9d0       ?FreezeEvents@COPOSSmartCardRW@@MEAAJH@Z 000000018000d9d0 f   SmartCardRWImpl.obj
 0001:0000ca44       ?GetOposProp@COPOSSmartCardRW@@IEAAJJPEAJJ@Z 000000018000da44 f   SmartCardRWImpl.obj
 0001:0000cb60       ?GetOposProp@COPOSSmartCardRW@@IEAAJJPEAPEA_WJ@Z 000000018000db60 f   SmartCardRWImpl.obj
 0001:0000cc8c       ?OnDraw@COPOSSmartCardRW@@MEAAJAEAUATL_DRAWINFO@@@Z 000000018000dc8c f   SmartCardRWImpl.obj
 0001:0000cd78       ?Open@COPOSSmartCardRW@@UEAAJPEA_WPEAJ@Z 000000018000dd78 f   SmartCardRWImpl.obj
 0001:0000d5f4       ?ReadData@COPOSSmartCardRW@@UEAAJJPEAJPEAPEA_W0@Z 000000018000e5f4 f   SmartCardRWImpl.obj
 0001:0000d6f0       ?ReleaseDevice@COPOSSmartCardRW@@UEAAJPEAJ@Z 000000018000e6f0 f   SmartCardRWImpl.obj
 0001:0000d75c       ?ResetStatistics@COPOSSmartCardRW@@UEAAJPEA_WPEAJ@Z 000000018000e75c f   SmartCardRWImpl.obj
 0001:0000d7e4       ?RetrieveStatistics@COPOSSmartCardRW@@UEAAJPEAPEA_WPEAJ@Z 000000018000e7e4 f   SmartCardRWImpl.obj
 0001:0000d86c       ?SOProcessID@COPOSSmartCardRW@@UEAAJPEAJ@Z 000000018000e86c f   SmartCardRWImpl.obj
 0001:0000d888       ?SetCOFreezeEvents@COPOSSmartCardRW@@IEAAXF@Z 000000018000e888 f   SmartCardRWImpl.obj
 0001:0000d96c       ?SetOposProp@COPOSSmartCardRW@@IEAAJJJJ@Z 000000018000e96c f   SmartCardRWImpl.obj
 0001:0000dacc       ?UpdateFirmware@COPOSSmartCardRW@@UEAAJPEA_WPEAJ@Z 000000018000eacc f   SmartCardRWImpl.obj
 0001:0000db54       ?UpdateStatistics@COPOSSmartCardRW@@UEAAJPEA_WPEAJ@Z 000000018000eb54 f   SmartCardRWImpl.obj
 0001:0000dbdc       ?WriteData@COPOSSmartCardRW@@UEAAJJJPEA_WPEAJ@Z 000000018000ebdc f   SmartCardRWImpl.obj
 0001:0000dcd4       ?get_BinaryConversion@COPOSSmartCardRW@@UEAAJPEAJ@Z 000000018000ecd4 f   SmartCardRWImpl.obj
 0001:0000dce8       ?get_CapCardErrorDetection@COPOSSmartCardRW@@UEAAJPEAF@Z 000000018000ece8 f   SmartCardRWImpl.obj
 0001:0000dd1c       ?get_CapCompareFirmwareVersion@COPOSSmartCardRW@@UEAAJPEAF@Z 000000018000ed1c f   SmartCardRWImpl.obj
 0001:0000dd50       ?get_CapInterfaceMode@COPOSSmartCardRW@@UEAAJPEAJ@Z 000000018000ed50 f   SmartCardRWImpl.obj
 0001:0000dd64       ?get_CapIsoEmvMode@COPOSSmartCardRW@@UEAAJPEAJ@Z 000000018000ed64 f   SmartCardRWImpl.obj
 0001:0000dd78       ?get_CapPowerReporting@COPOSSmartCardRW@@UEAAJPEAJ@Z 000000018000ed78 f   SmartCardRWImpl.obj
 0001:0000dd8c       ?get_CapSCPresentSensor@COPOSSmartCardRW@@UEAAJPEAJ@Z 000000018000ed8c f   SmartCardRWImpl.obj
 0001:0000dda0       ?get_CapSCSlots@COPOSSmartCardRW@@UEAAJPEAJ@Z 000000018000eda0 f   SmartCardRWImpl.obj
 0001:0000ddb4       ?get_CapStatisticsReporting@COPOSSmartCardRW@@UEAAJPEAF@Z 000000018000edb4 f   SmartCardRWImpl.obj
 0001:0000dde8       ?get_CapTransmissionProtocol@COPOSSmartCardRW@@UEAAJPEAJ@Z 000000018000ede8 f   SmartCardRWImpl.obj
 0001:0000ddfc       ?get_CapUpdateFirmware@COPOSSmartCardRW@@UEAAJPEAF@Z 000000018000edfc f   SmartCardRWImpl.obj
 0001:0000de30       ?get_CapUpdateStatistics@COPOSSmartCardRW@@UEAAJPEAF@Z 000000018000ee30 f   SmartCardRWImpl.obj
 0001:0000de64       ?get_CheckHealthText@COPOSSmartCardRW@@UEAAJPEAPEA_W@Z 000000018000ee64 f   SmartCardRWImpl.obj
 0001:0000de78       ?get_Claimed@COPOSSmartCardRW@@UEAAJPEAF@Z 000000018000ee78 f   SmartCardRWImpl.obj
 0001:0000deac       ?get_ControlObjectDescription@COPOSSmartCardRW@@UEAAJPEAPEA_W@Z 000000018000eeac f   SmartCardRWImpl.obj
 0001:0000df10       ?get_ControlObjectVersion@COPOSSmartCardRW@@UEAAJPEAJ@Z 000000018000ef10 f   SmartCardRWImpl.obj
 0001:0000df1c       ?get_DataCount@COPOSSmartCardRW@@UEAAJPEAJ@Z 000000018000ef1c f   SmartCardRWImpl.obj
 0001:0000df30       ?get_DataEventEnabled@COPOSSmartCardRW@@UEAAJPEAF@Z 000000018000ef30 f   SmartCardRWImpl.obj
 0001:0000df64       ?get_DeviceDescription@COPOSSmartCardRW@@UEAAJPEAPEA_W@Z 000000018000ef64 f   SmartCardRWImpl.obj
 0001:0000df78       ?get_DeviceEnabled@COPOSSmartCardRW@@UEAAJPEAF@Z 000000018000ef78 f   SmartCardRWImpl.obj
 0001:0000dfac       ?get_DeviceName@COPOSSmartCardRW@@UEAAJPEAPEA_W@Z 000000018000efac f   SmartCardRWImpl.obj
 0001:0000dfc0       ?get_FreezeEvents@COPOSSmartCardRW@@UEAAJPEAF@Z 000000018000efc0 f   SmartCardRWImpl.obj
 0001:0000dff0       ?get_InterfaceMode@COPOSSmartCardRW@@UEAAJPEAJ@Z 000000018000eff0 f   SmartCardRWImpl.obj
 0001:0000e004       ?get_IsoEmvMode@COPOSSmartCardRW@@UEAAJPEAJ@Z 000000018000f004 f   SmartCardRWImpl.obj
 0001:0000e018       ?get_OpenResult@COPOSSmartCardRW@@UEAAJPEAJ@Z 000000018000f018 f   SmartCardRWImpl.obj
 0001:0000e024       ?get_OutputID@COPOSSmartCardRW@@UEAAJPEAJ@Z 000000018000f024 f   SmartCardRWImpl.obj
 0001:0000e038       ?get_PowerNotify@COPOSSmartCardRW@@UEAAJPEAJ@Z 000000018000f038 f   SmartCardRWImpl.obj
 0001:0000e04c       ?get_PowerState@COPOSSmartCardRW@@UEAAJPEAJ@Z 000000018000f04c f   SmartCardRWImpl.obj
 0001:0000e060       ?get_ResultCode@COPOSSmartCardRW@@UEAAJPEAJ@Z 000000018000f060 f   SmartCardRWImpl.obj
 0001:0000e09c       ?get_ResultCodeExtended@COPOSSmartCardRW@@UEAAJPEAJ@Z 000000018000f09c f   SmartCardRWImpl.obj
 0001:0000e0b0       ?get_SCPresentSensor@COPOSSmartCardRW@@UEAAJPEAJ@Z 000000018000f0b0 f   SmartCardRWImpl.obj
 0001:0000e0c4       ?get_SCSlot@COPOSSmartCardRW@@UEAAJPEAJ@Z 000000018000f0c4 f   SmartCardRWImpl.obj
 0001:0000e0d8       ?get_ServiceObjectDescription@COPOSSmartCardRW@@UEAAJPEAPEA_W@Z 000000018000f0d8 f   SmartCardRWImpl.obj
 0001:0000e0ec       ?get_ServiceObjectVersion@COPOSSmartCardRW@@UEAAJPEAJ@Z 000000018000f0ec f   SmartCardRWImpl.obj
 0001:0000e100       ?get_State@COPOSSmartCardRW@@UEAAJPEAJ@Z 000000018000f100 f   SmartCardRWImpl.obj
 0001:0000e12c       ?get_TransactionInProgress@COPOSSmartCardRW@@UEAAJPEAF@Z 000000018000f12c f   SmartCardRWImpl.obj
 0001:0000e160       ?get_TransmissionProtocol@COPOSSmartCardRW@@UEAAJPEAJ@Z 000000018000f160 f   SmartCardRWImpl.obj
 0001:0000e174       ?put_BinaryConversion@COPOSSmartCardRW@@UEAAJJ@Z 000000018000f174 f   SmartCardRWImpl.obj
 0001:0000e188       ?put_DataEventEnabled@COPOSSmartCardRW@@UEAAJF@Z 000000018000f188 f   SmartCardRWImpl.obj
 0001:0000e1a0       ?put_DeviceEnabled@COPOSSmartCardRW@@UEAAJF@Z 000000018000f1a0 f   SmartCardRWImpl.obj
 0001:0000e1b8       ?put_FreezeEvents@COPOSSmartCardRW@@UEAAJF@Z 000000018000f1b8 f   SmartCardRWImpl.obj
 0001:0000e208       ?put_InterfaceMode@COPOSSmartCardRW@@UEAAJJ@Z 000000018000f208 f   SmartCardRWImpl.obj
 0001:0000e21c       ?put_IsoEmvMode@COPOSSmartCardRW@@UEAAJJ@Z 000000018000f21c f   SmartCardRWImpl.obj
 0001:0000e230       ?put_PowerNotify@COPOSSmartCardRW@@UEAAJJ@Z 000000018000f230 f   SmartCardRWImpl.obj
 0001:0000e244       ?put_SCSlot@COPOSSmartCardRW@@UEAAJJ@Z 000000018000f244 f   SmartCardRWImpl.obj
 0001:0000e258       ?s_EventWindowProc@COPOSSmartCardRW@@KA_JPEAUHWND__@@I_K_J@Z 000000018000f258 f i SmartCardRWImpl.obj
 0001:0000e2d4       ??_U@YAPEAX_K@Z            000000018000f2d4 f   LIBCMT:new_array.obj
 0001:0000e2dc       ??3@YAXPEAX_K@Z            000000018000f2dc f   LIBCMT:delete_scalar_size.obj
 0001:0000e2dc       ??_V@YAXPEAX@Z             000000018000f2dc f   LIBCMT:delete_array.obj
 0001:0000e2e4       ??_V@YAXPEAX_K@Z           000000018000f2e4 f   LIBCMT:delete_array_size.obj
 0001:0000e2ec       __scrt_acquire_startup_lock 000000018000f2ec f   LIBCMT:utility.obj
 0001:0000e328       __scrt_dllmain_after_initialize_c 000000018000f328 f   LIBCMT:utility.obj
 0001:0000e35c       __scrt_dllmain_before_initialize_c 000000018000f35c f   LIBCMT:utility.obj
 0001:0000e374       __scrt_dllmain_crt_thread_attach 000000018000f374 f   LIBCMT:utility.obj
 0001:0000e39c       __scrt_dllmain_crt_thread_detach 000000018000f39c f   LIBCMT:utility.obj
 0001:0000e3b4       __scrt_dllmain_exception_filter 000000018000f3b4 f   LIBCMT:utility.obj
 0001:0000e414       __scrt_dllmain_uninitialize_c 000000018000f414 f   LIBCMT:utility.obj
 0001:0000e444       __scrt_dllmain_uninitialize_critical 000000018000f444 f   LIBCMT:utility.obj
 0001:0000e458       __scrt_initialize_crt      000000018000f458 f   LIBCMT:utility.obj
 0001:0000e4a4       __scrt_initialize_onexit_tables 000000018000f4a4 f   LIBCMT:utility.obj
 0001:0000e530       __scrt_is_nonwritable_in_current_image 000000018000f530 f   LIBCMT:utility.obj
 0001:0000e5c8       __scrt_release_startup_lock 000000018000f5c8 f   LIBCMT:utility.obj
 0001:0000e5ec       __scrt_uninitialize_crt    000000018000f5ec f   LIBCMT:utility.obj
 0001:0000e618       _onexit                    000000018000f618 f   LIBCMT:utility.obj
 0001:0000e654       atexit                     000000018000f654 f   LIBCMT:utility.obj
 0001:0000e66c       ??3@YAXPEAX@Z              000000018000f66c f   LIBCMT:delete_scalar.obj
 0001:0000e76c       _Init_thread_footer        000000018000f76c f   LIBCMT:thread_safe_statics.obj
 0001:0000e7cc       _Init_thread_header        000000018000f7cc f   LIBCMT:thread_safe_statics.obj
 0001:0000e834       _Init_thread_notify        000000018000f834 f   LIBCMT:thread_safe_statics.obj
 0001:0000e878       _Init_thread_wait          000000018000f878 f   LIBCMT:thread_safe_statics.obj
 0001:0000e8dc       __raise_securityfailure    000000018000f8dc f   LIBCMT:gs_report.obj
 0001:0000e910       __report_gsfailure         000000018000f910 f   LIBCMT:gs_report.obj
 0001:0000e9e4       __report_rangecheckfailure 000000018000f9e4 f   LIBCMT:gs_report.obj
 0001:0000e9f8       __report_securityfailure   000000018000f9f8 f   LIBCMT:gs_report.obj
 0001:0000eb78       ??2@YAPEAX_KAEBUnothrow_t@std@@@Z 000000018000fb78 f   LIBCMT:new_scalar_nothrow.obj
 0001:0000eb98       ??_U@YAPEAX_KAEBUnothrow_t@std@@@Z 000000018000fb98 f   LIBCMT:new_array_nothrow.obj
 0001:0000eba0       __GSHandlerCheck           000000018000fba0 f   LIBCMT:gshandler.obj
 0001:0000ebc0       __GSHandlerCheckCommon     000000018000fbc0 f   LIBCMT:gshandler.obj
 0001:0000ec1c       __GSHandlerCheck_SEH       000000018000fc1c f   LIBCMT:gshandlerseh.obj
 0001:0000ecc0       _alloca_probe              000000018000fcc0 f   LIBCMT:chkstk.obj
 0001:0000ecc0       __chkstk                   000000018000fcc0 f   LIBCMT:chkstk.obj
 0001:0000ed30       __security_check_cookie    000000018000fd30 f   LIBCMT:amdsecgs.obj
 0001:0000f074       _DllMainCRTStartup         0000000180010074 f   LIBCMT:dll_dllmain.obj
 0001:0000f0b4       ??2@YAPEAX_K@Z             00000001800100b4 f   LIBCMT:new_scalar.obj
 0001:0000f0f0       __isa_available_init       00000001800100f0 f   LIBCMT:cpu_disp.obj
 0001:0000f294       __scrt_is_ucrt_dll_in_use  0000000180010294 f   LIBCMT:ucrt_detection.obj
 0001:0000f2a0       __crt_debugger_hook        00000001800102a0 f   LIBCMT:utility_desktop.obj
 0001:0000f2a8       __scrt_fastfail            00000001800102a8 f   LIBCMT:utility_desktop.obj
 0001:0000f3f4       __security_init_cookie     00000001800103f4 f   LIBCMT:gs_support.obj
 0001:0000f4a0       ?__scrt_initialize_type_info@@YAXXZ 00000001800104a0 f   LIBCMT:tncleanup.obj
 0001:0000f4b0       ?__scrt_uninitialize_type_info@@YAXXZ 00000001800104b0 f   LIBCMT:tncleanup.obj
 0001:0000f4bc       __local_stdio_scanf_options 00000001800104bc f i LIBCMT:default_local_stdio_options.obj
 0001:0000f4c4       __scrt_initialize_default_local_stdio_options 00000001800104c4 f   LIBCMT:default_local_stdio_options.obj
 0001:0000f4e0       __scrt_get_dyn_tls_init_callback 00000001800104e0 f   LIBCMT:dyn_tls_init.obj
 0001:0000f4e8       _RTC_Initialize            00000001800104e8 f   LIBCMT:initsect.obj
 0001:0000f524       _RTC_Terminate             0000000180010524 f   LIBCMT:initsect.obj
 0001:0000f560       ??0bad_alloc@std@@QEAA@AEBV01@@Z 0000000180010560 f i LIBCMT:throw_bad_alloc.obj
 0001:0000f59c       ??0bad_alloc@std@@QEAA@XZ  000000018001059c f i LIBCMT:throw_bad_alloc.obj
 0001:0000f5bc       ??0bad_array_new_length@std@@QEAA@AEBV01@@Z 00000001800105bc f i LIBCMT:throw_bad_alloc.obj
 0001:0000f5f8       ??0bad_array_new_length@std@@QEAA@XZ 00000001800105f8 f i LIBCMT:throw_bad_alloc.obj
 0001:0000f618       ??0exception@std@@QEAA@AEBV01@@Z 0000000180010618 f i LIBCMT:throw_bad_alloc.obj
 0001:0000f64c       ??1bad_alloc@std@@UEAA@XZ  000000018001064c f i LIBCMT:throw_bad_alloc.obj
 0001:0000f64c       ??1bad_exception@std@@UEAA@XZ 000000018001064c f i libvcruntime:frame.obj
 0001:0000f64c       ??1bad_array_new_length@std@@UEAA@XZ 000000018001064c f i LIBCMT:throw_bad_alloc.obj
 0001:0000f660       ??_Eexception@std@@UEAAPEAXI@Z 0000000180010660 f i LIBCMT:throw_bad_alloc.obj
 0001:0000f660       ??_Gbad_array_new_length@std@@UEAAPEAXI@Z 0000000180010660 f i LIBCMT:throw_bad_alloc.obj
 0001:0000f660       ??_Gbad_exception@std@@UEAAPEAXI@Z 0000000180010660 f i libvcruntime:frame.obj
 0001:0000f660       ??_Gexception@std@@UEAAPEAXI@Z 0000000180010660 f i LIBCMT:throw_bad_alloc.obj
 0001:0000f660       ??_Ebad_exception@std@@UEAAPEAXI@Z 0000000180010660 f i libvcruntime:frame.obj
 0001:0000f660       ??_Gbad_alloc@std@@UEAAPEAXI@Z 0000000180010660 f i LIBCMT:throw_bad_alloc.obj
 0001:0000f660       ??_Ebad_alloc@std@@UEAAPEAXI@Z 0000000180010660 f i LIBCMT:throw_bad_alloc.obj
 0001:0000f660       ??_Ebad_array_new_length@std@@UEAAPEAXI@Z 0000000180010660 f i LIBCMT:throw_bad_alloc.obj
 0001:0000f6a4       ?__scrt_throw_std_bad_alloc@@YAXXZ 00000001800106a4 f   LIBCMT:throw_bad_alloc.obj
 0001:0000f6c4       ?__scrt_throw_std_bad_array_new_length@@YAXXZ 00000001800106c4 f   LIBCMT:throw_bad_alloc.obj
 0001:0000f6e4       ?what@exception@std@@UEBAPEBDXZ 00000001800106e4 f i LIBCMT:throw_bad_alloc.obj
 0001:0000f700       ??_Gtype_info@@UEAAPEAXI@Z 0000000180010700 f i LIBCMT:std_type_info_static.obj
 0001:0000f700       ??_Etype_info@@UEAAPEAXI@Z 0000000180010700 f i LIBCMT:std_type_info_static.obj
 0001:0000f72c       ??0CAtlBaseModule@ATL@@QEAA@XZ 000000018001072c f   atls:atlbase.obj
 0001:0000f7d4       ??1CAtlBaseModule@ATL@@QEAA@XZ 00000001800107d4 f   atls:atlbase.obj
 0001:0000f908       ?__AllocStdCallThunk_cmn@@YAPEAXXZ 0000000180010908 f   atls:atlthunk.obj
 0001:0000fa60       AtlThunk_AllocateData      0000000180010a60 f   atls:atlthunk.obj
 0001:0000fadc       AtlThunk_DataToCode        0000000180010adc f   atls:atlthunk.obj
 0001:0000fb30       AtlThunk_FreeData          0000000180010b30 f   atls:atlthunk.obj
 0001:0000fb90       AtlThunk_InitData          0000000180010b90 f   atls:atlthunk.obj
 0001:0000fc38       _get_purecall_handler      0000000180010c38 f   libvcruntime:purevirt.obj
 0001:0000fc40       _purecall                  0000000180010c40 f   libvcruntime:purevirt.obj
 0001:0000fc5c       wcsstr                     0000000180010c5c f   libvcruntime:wcsstr.obj
 0001:0000fe90       memcmp                     0000000180010e90 f   libvcruntime:memcmp.obj
 0001:0000ff70       memcpy_repmovs             0000000180010f70 f   libvcruntime:memcpy.obj
 0001:0000ff90       memmove                    0000000180010f90 f   libvcruntime:memcpy.obj
 0001:0000ff90       memcpy                     0000000180010f90 f   libvcruntime:memcpy.obj
 0001:00010380       memset_repmovs             0000000180011380 f   libvcruntime:memset.obj
[...]
 0004:00001794       $pdata$?try_get_function@@YAPEAXW4function_id@?A0x391cf84c@@QEBDQEBW4module_id@2@2@Z 0000000180034794     libucrt:winapi_thunks.obj
 0004:000017a0       $pdata$wcstol              00000001800347a0     libucrt:strtox.obj
 0004:000017ac       $pdata$_mbtowc_l           00000001800347ac     libucrt:mbtowc.obj
 0004:000017b8       $pdata$__acrt_update_locale_info 00000001800347b8     libucrt:locale_update.obj
 0004:000017c4       $pdata$__acrt_update_multibyte_info 00000001800347c4     libucrt:locale_update.obj
 0004:000017d0       $pdata$__acrt_fp_format    00000001800347d0     libucrt:cvt.obj
 0004:000017dc       $pdata$?fp_format_e_internal@@YAHQEAD_KH_NIQEAU_strflt@@2QEAU__crt_locale_pointers@@@Z 00000001800347dc     libucrt:cvt.obj
 0004:000017e8       $pdata$?fp_format_e@@YAHQEBNQEAD_K12H_NIQEAU__crt_locale_pointers@@@Z 00000001800347e8     libucrt:cvt.obj
 0004:000017f4       $pdata$?fp_format_a@@YAHQEBNPEAD_KQEAD2H_NIQEAU__crt_locale_pointers@@@Z 00000001800347f4     libucrt:cvt.obj
 0004:00001800       $pdata$?fp_format_f_internal@@YAHQEAD_KHQEAU_strflt@@_NQEAU__crt_locale_pointers@@@Z 0000000180034800     libucrt:cvt.obj
 0004:0000180c       $pdata$?fp_format_g@@YAHQEBNQEAD_K12H_NIQEAU__crt_locale_pointers@@@Z 000000018003480c     libucrt:cvt.obj
 0004:00001818       $pdata$_fileno             0000000180034818     libucrt:fileno.obj
 0004:00001824       $pdata$__acrt_initialize_stdio 0000000180034824     libucrt:_file.obj
 0004:00001830       $pdata$__acrt_uninitialize_stdio 0000000180034830     libucrt:_file.obj
 0004:0000183c       $pdata$__acrt_uninitialize_locale 000000018003483c     libucrt:wsetlocale.obj
 0004:00001848       $pdata$??$?RV<lambda_410d79af7f07d98d83a3f525b3859a53>@@AEAV<lambda_3e16ef9562a7dcce91392c22ab16ea36>@@V<lambda_38119f0e861e05405d8a144b9b982f0a>@@@?$__crt_seh_guarded_call@X@@QEAAX$$QEAV<lambda_410d79af7f07d98d83a3f525b3859a53>@@AEAV<lambda_3e16ef9562a7dcce91392c22ab16ea36>@@$$QEAV<lambda_38119f0e861e05405d8a144b9b982f0a>@@@Z 0000000180034848     libucrt:wsetlocale.obj
 0004:00001854       $pdata$?fin$0@?0???$?RV<lambda_410d79af7f07d98d83a3f525b3859a53>@@AEAV<lambda_3e16ef9562a7dcce91392c22ab16ea36>@@V<lambda_38119f0e861e05405d8a144b9b982f0a>@@@?$__crt_seh_guarded_call@X@@QEAAX$$QEAV<lambda_410d79af7f07d98d83a3f525b3859a53>@@AEAV<lambda_3e16ef9562a7dcce91392c22ab16ea36>@@$$QEAV<lambda_38119f0e861e05405d8a144b9b982f0a>@@@Z@4HA 0000000180034854     libucrt:wsetlocale.obj
 0004:00001860       $pdata$__acrt_initialize_lowio 0000000180034860     libucrt:ioinit.obj
 0004:0000186c       $pdata$__acrt_initialize_lowio$fin$0 000000018003486c     libucrt:ioinit.obj
 0004:0000186c       $pdata$__acrt_lowio_ensure_fh_exists$fin$0 000000018003486c     libucrt:osfinfo.obj
 0004:00001878       $pdata$__acrt_uninitialize_lowio 0000000180034878     libucrt:ioinit.obj
 0004:00001884       $pdata$?initialize_inherited_file_handles_nolock@@YAXXZ 0000000180034884     libucrt:ioinit.obj
 0004:00001890       $pdata$?initialize_stdio_handles_nolock@@YAXXZ 0000000180034890     libucrt:ioinit.obj
 0004:0000189c       $pdata$__acrt_initialize_locks 000000018003489c     libucrt:locks.obj
 0004:000018a8       $pdata$__acrt_uninitialize_locks 00000001800348a8     libucrt:locks.obj
 0004:000018b4       $pdata$__acrt_get_process_end_policy 00000001800348b4     libucrt:win_policies.obj
 0004:000018c0       $pdata$??$__acrt_mbs_to_wcs_cp@U__crt_win32_buffer_internal_dynamic_resizing@@@@YAHQEBDAEAV?$__crt_win32_buffer@_WU__crt_win32_buffer_internal_dynamic_resizing@@@@I@Z 00000001800348c0     libucrt:argv_wildcards.obj
 0004:000018cc       $pdata$??$__acrt_wcs_to_mbs_cp@U__crt_win32_buffer_internal_dynamic_resizing@@@@YAHQEB_WAEAV?$__crt_win32_buffer@DU__crt_win32_buffer_internal_dynamic_resizing@@@@I@Z 00000001800348cc     libucrt:argv_wildcards.obj
 0004:000018d8       $pdata$??$common_expand_argv_wildcards@D@@YAHQEAPEADQEAPEAPEAD@Z 00000001800348d8     libucrt:argv_wildcards.obj
 0004:000018e4       $pdata$??$copy_and_add_argument_to_buffer@D@@YAHQEBD0_KAEAV?$argument_list@D@?A0x5f5c8891@@@Z 00000001800348e4     libucrt:argv_wildcards.obj
 0004:000018f0       $pdata$??$expand_argument_wildcards@D@@YAHQEAD0AEAV?$argument_list@D@?A0x5f5c8891@@@Z 00000001800348f0     libucrt:argv_wildcards.obj
 0004:000018fc       $pdata$__acrt_GetModuleFileNameA 00000001800348fc     libucrt:getmodulefilenamea.obj
 0004:00001908       $pdata$??$__acrt_wcs_to_mbs_cp@U__crt_win32_buffer_no_resizing@@@@YAHQEB_WAEAV?$__crt_win32_buffer@DU__crt_win32_buffer_no_resizing@@@@I@Z 0000000180034908     libucrt:getmodulefilenamea.obj
 0004:00001914       $pdata$__acrt_update_thread_multibyte_data 0000000180034914     libucrt:mbctype.obj
 0004:00001920       $pdata$__acrt_initialize_multibyte 0000000180034920     libucrt:mbctype.obj
 0004:0000192c       $pdata$_setmbcp_nolock     000000018003492c     libucrt:mbctype.obj
 0004:00001938       $pdata$?getSystemCP@@YAHH@Z 0000000180034938     libucrt:mbctype.obj
 0004:00001944       $pdata$?setSBCS@@YAXPEAU__crt_multibyte_data@@@Z 0000000180034944     libucrt:mbctype.obj
 0004:00001950       $pdata$?update_thread_multibyte_data_internal@@YAPEAU__crt_multibyte_data@@QEAU__acrt_ptd@@QEAPEAU1@@Z 0000000180034950     libucrt:mbctype.obj
 0004:0000195c       $pdata$?fin$0@?0??update_thread_multibyte_data_internal@@YAPEAU__crt_multibyte_data@@QEAU__acrt_ptd@@QEAPEAU1@@Z@4HA 000000018003495c     libucrt:mbctype.obj
 0004:00001968       $pdata$?setmbcp_internal@@YAHH_NQEAU__acrt_ptd@@QEAPEAU__crt_multibyte_data@@@Z 0000000180034968     libucrt:mbctype.obj
 0004:00001974       $pdata$?setSBUpLow@@YAXPEAU__crt_multibyte_data@@@Z 0000000180034974     libucrt:mbctype.obj
 0004:00001980       $pdata$??$?RV<lambda_efdfa57d1f175319df784efa44bb7b81>@@AEAV<lambda_5f0a4c1567f8adc6734073e5d1e1b35c>@@V<lambda_2e8a7d3640ea6ccb4c2413664c2db6fd>@@@?$__crt_seh_guarded_call@X@@QEAAX$$QEAV<lambda_efdfa57d1f175319df784efa44bb7b81>@@AEAV<lambda_5f0a4c1567f8adc6734073e5d1e1b35c>@@$$QEAV<lambda_2e8a7d3640ea6ccb4c2413664c2db6fd>@@@Z 0000000180034980     libucrt:mbctype.obj
 0004:0000198c       $pdata$?x_ismbbtype_l@@YAHPEAU__crt_locale_pointers@@IHH@Z 000000018003498c     libucrt:ismbbyte.obj
 0004:00001998       $pdata$__acrt_initialize_command_line 0000000180034998     libucrt:argv_data.obj
 0004:000019a4       $pdata$__acrt_WideCharToMultiByte 00000001800349a4     libucrt:widechartomultibyte.obj
 0004:000019b0       $pdata$__dcrt_get_narrow_environment_from_os 00000001800349b0     libucrt:get_environment_from_os.obj
 0004:000019bc       $pdata$__acrt_initialize_heap 00000001800349bc     libucrt:heap_handle.obj
 0004:000019c8       $pdata$__acrt_execute_initializers 00000001800349c8     libucrt:shared_initialization.obj
 0004:000019d4       $pdata$__acrt_execute_uninitializers 00000001800349d4     libucrt:shared_initialization.obj
 0004:000019e0       $pdata$__acrt_get_sigabrt_handler 00000001800349e0     libucrt:signal.obj
 0004:000019ec       $pdata$raise               00000001800349ec     libucrt:signal.obj
 0004:000019f8       $pdata$raise$fin$0         00000001800349f8     libucrt:signal.obj
 0004:00001a04       $pdata$??$?RV<lambda_450d765d439847d4c735a33c368b5fc0>@@AEAV<lambda_44731a7d0e6d81c3e6aa82d741081786>@@V<lambda_601a2a7da3b7a96e9554ac7215c4b07c>@@@?$__crt_seh_guarded_call@P6AXH@Z@@QEAAP6AXH@Z$$QEAV<lambda_450d765d439847d4c735a33c368b5fc0>@@AEAV<lambda_44731a7d0e6d81c3e6aa82d741081786>@@$$QEAV<lambda_601a2a7da3b7a96e9554ac7215c4b07c>@@@Z 0000000180034a04     libucrt:signal.obj
 0004:00001a10       $pdata$_fflush_nolock      0000000180034a10     libucrt:fflush.obj
 0004:00001a1c       $pdata$__acrt_stdio_flush_nolock 0000000180034a1c     libucrt:fflush.obj
 0004:00001a28       $pdata$?common_flush_all@@YAH_N@Z 0000000180034a28     libucrt:fflush.obj
 0004:00001a34       $pdata$??$?RV<lambda_842d9ff0dc9ef11c61343bbaebe7f885>@@AEAV<lambda_c5860995281e5c4ce005b3de8f5874ee>@@V<lambda_d90129c13df834fdcbf8d2b88dafcf2d>@@@?$__crt_seh_guarded_call@X@@QEAAX$$QEAV<lambda_842d9ff0dc9ef11c61343bbaebe7f885>@@AEAV<lambda_c5860995281e5c4ce005b3de8f5874ee>@@$$QEAV<lambda_d90129c13df834fdcbf8d2b88dafcf2d>@@@Z 0000000180034a34     libucrt:fflush.obj
 0004:00001a40       $pdata$?fin$0@?0???$?RV<lambda_842d9ff0dc9ef11c61343bbaebe7f885>@@AEAV<lambda_c5860995281e5c4ce005b3de8f5874ee>@@V<lambda_d90129c13df834fdcbf8d2b88dafcf2d>@@@?$__crt_seh_guarded_call@X@@QEAAX$$QEAV<lambda_842d9ff0dc9ef11c61343bbaebe7f885>@@AEAV<lambda_c5860995281e5c4ce005b3de8f5874ee>@@$$QEAV<lambda_d90129c13df834fdcbf8d2b88dafcf2d>@@@Z@4HA 0000000180034a40     libucrt:fflush.obj
 0004:00001a4c       $pdata$??$?RV<lambda_886d6c58226a84441f68b9f2b8217b83>@@AEAV<lambda_ab61a845afdef5b7c387490eaf3616ee>@@V<lambda_f7f22ab5edc0698d5f6905b0d3f44752>@@@?$__crt_seh_guarded_call@X@@QEAAX$$QEAV<lambda_886d6c58226a84441f68b9f2b8217b83>@@AEAV<lambda_ab61a845afdef5b7c387490eaf3616ee>@@$$QEAV<lambda_f7f22ab5edc0698d5f6905b0d3f44752>@@@Z 0000000180034a4c     libucrt:fflush.obj
 0004:00001a58       $pdata$?fin$0@?0???$?RV<lambda_886d6c58226a84441f68b9f2b8217b83>@@AEAV<lambda_ab61a845afdef5b7c387490eaf3616ee>@@V<lambda_f7f22ab5edc0698d5f6905b0d3f44752>@@@?$__crt_seh_guarded_call@X@@QEAAX$$QEAV<lambda_886d6c58226a84441f68b9f2b8217b83>@@AEAV<lambda_ab61a845afdef5b7c387490eaf3616ee>@@$$QEAV<lambda_f7f22ab5edc0698d5f6905b0d3f44752>@@@Z@4HA 0000000180034a58     libucrt:fflush.obj
 0004:00001a64       $pdata$__pctype_func       0000000180034a64     libucrt:ctype.obj
 0004:00001a70       $pdata$iswctype            0000000180034a70     libucrt:iswctype.obj
 0004:00001a7c       $pdata$__acrt_release_locale_ref 0000000180034a7c     libucrt:locale_refcounting.obj
 0004:00001a88       $pdata$__acrt_free_locale  0000000180034a88     libucrt:locale_refcounting.obj
 0004:00001a94       $pdata$__acrt_locale_free_lc_time_if_unreferenced 0000000180034a94     libucrt:locale_refcounting.obj
 0004:00001aa0       $pdata$__acrt_update_thread_locale_data 0000000180034aa0     libucrt:locale_refcounting.obj
 0004:00001aac       $pdata$__acrt_update_thread_locale_data$fin$0 0000000180034aac     libucrt:locale_refcounting.obj
 0004:00001ab8       $pdata$_updatetlocinfoEx_nolock 0000000180034ab8     libucrt:locale_refcounting.obj
 0004:00001ac4       $pdata$__acrt_DownlevelLocaleNameToLCID 0000000180034ac4     libucrt:lcidtoname_downlevel.obj
 0004:00001ad0       $pdata$_isleadbyte_l       0000000180034ad0     libucrt:_wctype.obj
 0004:00001adc       $pdata$?__mbrtowc_utf8@__crt_mbstring@@YA_KPEA_WPEBD_KPEAU_Mbstatet@@@Z 0000000180034adc     libucrt:mbrtowc.obj
 0004:00001ae8       $pdata$?__mbsrtowcs_utf8@__crt_mbstring@@YA_KPEA_WPEAPEBD_KPEAU_Mbstatet@@@Z 0000000180034ae8     libucrt:mbrtowc.obj
 0004:00001af4       $pdata$__acrt_fp_strflt_to_string 0000000180034af4     libucrt:_fptostr.obj
 0004:00001b00       $pdata$memcpy_s            0000000180034b00     libucrt:cfout.obj
 0004:00001b0c       $pdata$__acrt_fltout       0000000180034b0c     libucrt:cfout.obj
 0004:00001b18       $pdata$?divide@__crt_strtox@@YA_KAEAUbig_integer@1@AEBU21@@Z 0000000180034b18     libucrt:cfout.obj
 0004:00001b24       $pdata$0$?divide@__crt_strtox@@YA_KAEAUbig_integer@1@AEBU21@@Z 0000000180034b24     libucrt:cfout.obj
 0004:00001b30       $pdata$1$?divide@__crt_strtox@@YA_KAEAUbig_integer@1@AEBU21@@Z 0000000180034b30     libucrt:cfout.obj
 0004:00001b3c       $pdata$_fcloseall          0000000180034b3c     libucrt:closeall.obj
 0004:00001b48       $pdata$_fcloseall$fin$0    0000000180034b48     libucrt:closeall.obj
 0004:00001b54       $pdata$__acrt_stdio_free_buffer_nolock 0000000180034b54     libucrt:_freebuf.obj
 0004:00001b60       $pdata$_isatty             0000000180034b60     libucrt:isatty.obj
 0004:00001b6c       $pdata$__acrt_locale_free_monetary 0000000180034b6c     libucrt:initmon.obj
 0004:00001b78       $pdata$__acrt_locale_free_numeric 0000000180034b78     libucrt:initnum.obj
 0004:00001b84       $pdata$__acrt_locale_free_time 0000000180034b84     libucrt:inittime.obj
 0004:00001b90       $pdata$?free_crt_array_internal@@YAXQEAPEBX_K@Z 0000000180034b90     libucrt:inittime.obj
 0004:00001b9c       $pdata$__acrt_GetStringTypeA 0000000180034b9c     libucrt:getstringtypea.obj
 0004:00001ba8       $pdata$_get_osfhandle      0000000180034ba8     libucrt:osfinfo.obj
 0004:00001bb4       $pdata$_free_osfhnd        0000000180034bb4     libucrt:osfinfo.obj
 0004:00001bc0       $pdata$__acrt_lowio_create_handle_array 0000000180034bc0     libucrt:osfinfo.obj
 0004:00001bcc       $pdata$__acrt_lowio_destroy_handle_array 0000000180034bcc     libucrt:osfinfo.obj
 0004:00001bd8       $pdata$__acrt_lowio_ensure_fh_exists 0000000180034bd8     libucrt:osfinfo.obj
 0004:00001be4       $pdata$qsort               0000000180034be4     libucrt:qsort.obj
 0004:00001bf0       $pdata$4$qsort             0000000180034bf0     libucrt:qsort.obj
 0004:00001bfc       $pdata$5$qsort             0000000180034bfc     libucrt:qsort.obj
 0004:00001c08       $pdata$strncpy_s           0000000180034c08     libucrt:strncpy_s.obj
 0004:00001c14       $pdata$strpbrk             0000000180034c14     libucrt:strpbrk.obj
 0004:00001c20       $pdata$fallbackMethod      0000000180034c20     libucrt:strpbrk.obj
 0004:00001c2c       $pdata$_mbsdec_l           0000000180034c2c     libucrt:mbsdec.obj
 0004:00001c38       $pdata$__acrt_LCMapStringA 0000000180034c38     libucrt:lcmapstringa.obj
 0004:00001c44       $pdata$?__acrt_LCMapStringA_stat@@YAHPEAU__crt_locale_pointers@@PEB_WKPEBDHPEADHHH@Z 0000000180034c44     libucrt:lcmapstringa.obj
 0004:00001c50       $pdata$?initialize_multibyte@@YAHXZ 0000000180034c50     libucrt:multibyte_initializer.obj
 0004:00001c5c       $pdata$_commit             0000000180034c5c     libucrt:commit.obj
 0004:00001c68       $pdata$??$?RV<lambda_a37b2b86f63e897a80ea819b0eb08c01>@@AEAV<lambda_38ce7e780aa69e748d6df282ebc68efe>@@V<lambda_99fb1378e971ab6e7edea83e3a7a83a2>@@@?$__crt_seh_guarded_call@H@@QEAAH$$QEAV<lambda_a37b2b86f63e897a80ea819b0eb08c01>@@AEAV<lambda_38ce7e780aa69e748d6df282ebc68efe>@@$$QEAV<lambda_99fb1378e971ab6e7edea83e3a7a83a2>@@@Z 0000000180034c68     libucrt:commit.obj
 0004:00001c74       $pdata$?fin$0@?0???$?RV<lambda_751a882b2c74d4b022dec766aa51a29a>@@AEAV<lambda_628dfdc04ba53c8bfc02c9951375f3f5>@@V<lambda_f6c7be5f7998530c34de24c7437d6b54>@@@?$__crt_seh_guarded_call@H@@QEAAH$$QEAV<lambda_751a882b2c74d4b022dec766aa51a29a>@@AEAV<lambda_628dfdc04ba53c8bfc02c9951375f3f5>@@$$QEAV<lambda_f6c7be5f7998530c34de24c7437d6b54>@@@Z@4HA 0000000180034c74     libucrt:close.obj
 0004:00001c74       $pdata$?fin$0@?0???$?RV<lambda_a37b2b86f63e897a80ea819b0eb08c01>@@AEAV<lambda_38ce7e780aa69e748d6df282ebc68efe>@@V<lambda_99fb1378e971ab6e7edea83e3a7a83a2>@@@?$__crt_seh_guarded_call@H@@QEAAH$$QEAV<lambda_a37b2b86f63e897a80ea819b0eb08c01>@@AEAV<lambda_38ce7e780aa69e748d6df282ebc68efe>@@$$QEAV<lambda_99fb1378e971ab6e7edea83e3a7a83a2>@@@Z@4HA 0000000180034c74     libucrt:commit.obj
 0004:00001c80       $pdata$_write              0000000180034c80     libucrt:write.obj
 0004:00001c8c       $pdata$_write$fin$0        0000000180034c8c     libucrt:write.obj
 0004:00001c98       $pdata$_write_nolock       0000000180034c98     libucrt:write.obj
 0004:00001ca4       $pdata$?write_double_translated_ansi_nolock@@YA?AUwrite_result@?A0x17268360@@HQEBDI@Z 0000000180034ca4     libucrt:write.obj
 0004:00001cb0       $pdata$?write_text_ansi_nolock@@YA?AUwrite_result@?A0x17268360@@HQEBDI@Z 0000000180034cb0     libucrt:write.obj
 0004:00001cbc       $pdata$?write_text_utf16le_nolock@@YA?AUwrite_result@?A0x17268360@@HQEBDI@Z 0000000180034cbc     libucrt:write.obj
 0004:00001cc8       $pdata$?write_text_utf8_nolock@@YA?AUwrite_result@?A0x17268360@@HQEBDI@Z 0000000180034cc8     libucrt:write.obj
 0004:00001cd4       $pdata$?__mbrtoc32_utf8@__crt_mbstring@@YA_KPEA_UPEBD_KPEAU_Mbstatet@@@Z 0000000180034cd4     libucrt:mbrtoc32.obj
 0004:00001ce0       $pdata$fegetenv            0000000180034ce0     libucrt:fegetenv.obj
 0004:00001cec       $pdata$fesetenv            0000000180034cec     libucrt:fesetenv.obj
 0004:00001cf8       $pdata$feholdexcept        0000000180034cf8     libucrt:feholdexcept.obj
 0004:00001d10       $pdata$??$common_lseek_nolock@_J@@YA_JH_JH@Z 0000000180034d10     libucrt:lseek.obj
 0004:00001d1c       $pdata$fclose              0000000180034d1c     libucrt:fclose.obj
 0004:00001d28       $pdata$fclose$fin$0        0000000180034d28     libucrt:fclose.obj
 0004:00001d34       $pdata$_fclose_nolock      0000000180034d34     libucrt:fclose.obj
 0004:00001d40       $pdata$_putwch_nolock      0000000180034d40     libucrt:putwch.obj
 0004:00001d4c       $pdata$__acrt_fenv_set_control 0000000180034d4c     libucrt:_fenvutils.obj
 0004:00001d58       $pdata$_clearfp            0000000180034d58     libucrt:ieee.obj
 0004:00001d64       $pdata$_call_matherr       0000000180034d64     libucrt:libm_error.obj
 0004:00001d70       $pdata$_exception_enabled  0000000180034d70     libucrt:libm_error.obj
 0004:00001d7c       $pdata$_handle_error       0000000180034d7c     libucrt:libm_error.obj
 0004:00001d88       $pdata$__acrt_initialize_fma3 0000000180034d88     libucrt:fma3_available.obj
 0004:00001d94       $pdata$_log_special_common 0000000180034d94     libucrt:log_special.obj
 0004:00001da0       $pdata$_log10_special      0000000180034da0     libucrt:log_special.obj
 0004:00001dac       $pdata$_close              0000000180034dac     libucrt:close.obj
 0004:00001db8       $pdata$_close_nolock       0000000180034db8     libucrt:close.obj
 0004:00001dc4       $pdata$??$?RV<lambda_751a882b2c74d4b022dec766aa51a29a>@@AEAV<lambda_628dfdc04ba53c8bfc02c9951375f3f5>@@V<lambda_f6c7be5f7998530c34de24c7437d6b54>@@@?$__crt_seh_guarded_call@H@@QEAAH$$QEAV<lambda_751a882b2c74d4b022dec766aa51a29a>@@AEAV<lambda_628dfdc04ba53c8bfc02c9951375f3f5>@@$$QEAV<lambda_f6c7be5f7998530c34de24c7437d6b54>@@@Z 0000000180034dc4     libucrt:close.obj
 0004:00001dd0       $pdata$__dcrt_lowio_ensure_console_output_initialized 0000000180034dd0     libucrt:initcon.obj
 0004:00001ddc       $pdata$__dcrt_write_console 0000000180034ddc     libucrt:initcon.obj
 0004:00001de8       $pdata$__dcrt_terminate_console_output 0000000180034de8     libucrt:initcon.obj
 0004:00001e00       $pdata$_set_errno_from_matherr 0000000180034e00     libucrt:fpexcept.obj
 0004:00001e0c       $pdata$_raise_exc          0000000180034e0c     libucrt:fpexcept.obj
 0004:00001e18       $pdata$_raise_exc_ex       0000000180034e18     libucrt:fpexcept.obj
 0004:00001e24       $pdata$_clrfp              0000000180034e24     libucrt:fpctrl.obj
 0004:00001e30       $pdata$_ctrlfp             0000000180034e30     libucrt:fpctrl.obj
 0004:00001e3c       $pdata$_ctrlfp$filt$0      0000000180034e3c     libucrt:fpctrl.obj
 0004:00001e48       $pdata$_statfp             0000000180034e48     libucrt:fpctrl.obj
 0004:00001e54       $pdata$_set_statfp         0000000180034e54     libucrt:fpctrl.obj
 0004:00001e60       $pdata$_IsNonwritableInCurrentImage 0000000180034e60     LIBCMT:pesect.obj
 0004:00001e6c       $pdata$_IsNonwritableInCurrentImage$filt$0 0000000180034e6c     LIBCMT:pesect.obj
 0005:00000000       MoveSmall                  0000000180035000     libvcruntime:memcpy.obj
 0005:00000050       MsetTab                    0000000180035050     libvcruntime:memset.obj
 0006:00000220       $R000000                   0000000180036220     SmartCardRW.res
 0006:00000bc0       $R0009A0                   0000000180036bc0     SmartCardRW.res
 0006:00000ca8       $R000A88                   0000000180036ca8     SmartCardRW.res
 0006:00000f10       $R000CF0                   0000000180036f10     SmartCardRW.res
 0006:00001420       $R001200                   0000000180037420     SmartCardRW.res
 0006:00004458       $R004238                   000000018003a458     SmartCardRW.res
 0006:00004490       $R004270                   000000018003a490     SmartCardRW.res
