 OPOSKeylock

 Timestamp is 5b863dbe (Wed Aug 29 15:31:26 2018)

 Preferred load address is 0000000180000000

 Start         Length     Name                   Class
 0001:00000000 000000c0H .text$di                CODE
 0001:000000c0 0001f0a0H .text$mn                CODE
 0001:0001f160 00000020H .text$mn$00             CODE
 0001:0001f180 00000400H .text$x                 CODE
 0001:0001f580 000000c0H .text$yd                CODE
 0002:00000000 00000618H .idata$5                DATA
 0002:00000618 00000010H .00cfg                  DATA
 0002:00000628 00000008H .CRT$XCA                DATA
 0002:00000630 00000008H .CRT$XCL                DATA
 0002:00000638 00000020H .CRT$XCU                DATA
 0002:00000658 00000008H .CRT$XCZ                DATA
 0002:00000660 00000008H .CRT$XIA                DATA
 0002:00000668 00000020H .CRT$XIC                DATA
 0002:00000688 00000008H .CRT$XIZ                DATA
 0002:00000690 00000008H .CRT$XLA                DATA
 0002:00000698 00000008H .CRT$XLZ                DATA
 0002:000006a0 00000008H .CRT$XPA                DATA
 0002:000006a8 00000010H .CRT$XPX                DATA
 0002:000006b8 00000008H .CRT$XPXA               DATA
 0002:000006c0 00000008H .CRT$XPZ                DATA
 0002:000006c8 00000008H .CRT$XTA                DATA
 0002:000006d0 00000010H .CRT$XTZ                DATA
 0002:000006d8 00000000H .gfids$y                DATA
 0002:000006e0 00009f80H .rdata                  DATA
 0002:0000a660 00000028H .rdata$T                DATA
 0002:0000a688 00000274H .rdata$r                DATA
 0002:0000a8fc 000003f4H .rdata$zzzdbg           DATA
 0002:0000acf0 00000008H .rtc$IAA                DATA
 0002:0000acf8 00000008H .rtc$IZZ                DATA
 0002:0000ad00 00000008H .rtc$TAA                DATA
 0002:0000ad08 00000008H .rtc$TZZ                DATA
 0002:0000ad10 00000004H .tls                    DATA
 0002:0000ad14 00000004H .tls$                   DATA
 0002:0000ad18 00000008H .tls$ZZZ                DATA
 0002:0000ad20 00001690H .xdata                  DATA
 0002:0000c3b0 00000150H .xdata$x                DATA
 0002:0000c500 00000008H ATL$__a                 DATA
 0002:0000c508 00000008H ATL$__z                 DATA
 0002:0000c510 000000a8H .edata                  DATA
 0002:0000c5b8 00000078H .idata$2                DATA
 0002:0000c630 00000018H .idata$3                DATA
 0002:0000c648 00000618H .idata$4                DATA
 0002:0000cc60 00000c1cH .idata$6                DATA
 0003:00000000 00000c68H .data                   DATA
 0003:00000c68 000000c8H .data$r                 DATA
 0003:00000d30 000013fcH .bss                    DATA
 0004:00000000 00001e24H .pdata                  DATA
 0005:00000000 00000220H .rsrc$01                DATA
 0005:00000220 00003860H .rsrc$02                DATA

  Address         Publics by Value              Rva+Base               Lib:Object

 0000:00000000       __hybrid_code_map_count    0000000000000000     <absolute>
 0000:00000000       __hybrid_code_map          0000000000000000     <absolute>
 0000:00000000       __guard_iat_count          0000000000000000     <absolute>
 0000:00000000       __guard_longjmp_count      0000000000000000     <absolute>
 0000:00000000       __guard_longjmp_table      0000000000000000     <absolute>
 0000:00000000       __volatile_metadata        0000000000000000     <absolute>
 0000:00000000       __guard_iat_table          0000000000000000     <absolute>
 0000:00000000       __guard_fids_count         0000000000000000     <absolute>
 0000:00000000       __enclave_config           0000000000000000     <absolute>
 0000:00000000       ___safe_se_handler_count   0000000000000000     <absolute>
 0000:00000000       ___safe_se_handler_table   0000000000000000     <absolute>
 0000:00000000       __guard_fids_table         0000000000000000     <absolute>
 0000:00000000       __hybrid_auxiliary_iat     0000000000000000     <absolute>
 0000:00000000       __dynamic_value_reloc_table 0000000000000000     <absolute>
 0000:00000100       __guard_flags              0000000000000100     <absolute>
 0000:00000000       __ImageBase                0000000180000000     <linker-defined>
 0001:000000c0       ?DupWide@_CW@@AEAAXXZ      00000001800010c0 f   CWString.obj
 0001:000000e8       ?cw_dup@@YAXPEBDAEAHAEAPEA_W1@Z 00000001800010e8 f   CWString.obj
 0001:00000194       ?cw_memcpy@@YAHPEA_WPEBDH@Z 0000000180001194 f   CWString.obj
 0001:000001e0       ?cw_strcpy@@YAHPEA_WPEBD@Z 00000001800011e0 f   CWString.obj
 0001:000001f4       ??0CAtlComModule@ATL@@QEAA@XZ 00000001800011f4 f i OposVariant.obj
 0001:0000027c       ??0CAtlWinModule@ATL@@QEAA@XZ 000000018000127c f i OposVariant.obj
 0001:000002f0       ??0OposDispParms@@QEAA@PEAVOposVariant@@H@Z 00000001800012f0 f   OposVariant.obj
 0001:00000398       ??1OposDispParms@@QEAA@XZ  0000000180001398 f   OposVariant.obj
 0001:000003b0       ??_Estringdispid@CComTypeInfoHolder@ATL@@QEAAPEAXI@Z 00000001800013b0 f i OposVariant.obj
 0001:00000454       ?AtlWinModuleTerm@ATL@@YAJPEAU_ATL_WIN_MODULE70@1@PEAUHINSTANCE__@@@Z 0000000180001454 f i OposVariant.obj
 0001:00000504       ?ChangeBSTR@OposVariant@@QEAAXPEAPEA_WAEAJ@Z 0000000180001504 f   OposVariant.obj
 0001:00000564       ?ChangeLONG@OposVariant@@QEAAXPEAJAEAJ@Z 0000000180001564 f   OposVariant.obj
 0001:000005c0       ?GetLONG@OposVariant@@QEAAJXZ 00000001800015c0 f   OposVariant.obj
 0001:000005e4       ?SetBSTR@OposVariant@@QEAAXPEA_WAEAJ@Z 00000001800015e4 f   OposVariant.obj
 0001:00000624       ?SetBSTR_Copy@OposVariant@@QEAAXPEA_WAEAJ@Z 0000000180001624 f   OposVariant.obj
 0001:00000694       ?SetBSTR_InOutPtr@OposVariant@@QEAA_NPEAPEA_WAEAJ@Z 0000000180001694 f   OposVariant.obj
 0001:000006e4       ?SetDispatch_Ptr@OposVariant@@QEAAXPEAUIDispatch@@AEAJ@Z 00000001800016e4 f   OposVariant.obj
 0001:0000073c       ?SetLONG@OposVariant@@QEAAXJ@Z 000000018000173c f   OposVariant.obj
 0001:0000076c       ?SetLONG_Ptr@OposVariant@@QEAAXPEAJAEAJ@Z 000000018000176c f   OposVariant.obj
 0001:000007b8       ?SetString@OposVariant@@QEAAXPEB_WAEAJ@Z 00000001800017b8 f   OposVariant.obj
 0001:0000081c       ?SetVARIANT_BOOL@OposVariant@@QEAAXF@Z 000000018000181c f   OposVariant.obj
 0001:00000854       ?Term@CAtlComModule@ATL@@QEAAXXZ 0000000180001854 f i OposVariant.obj
 0001:000008c4       ?_AtlInitializeCriticalSectionEx@ATL@@YAHPEAU_RTL_CRITICAL_SECTION@@KK@Z 00000001800018c4 f i OposVariant.obj
 0001:000008cc       ?_AtlRaiseException@ATL@@YAXKK@Z 00000001800018cc f i OposVariant.obj
 0001:000008dc       ?CreateInstance@?$CComCreator@V?$CComObjectCached@VCComClassFactory@ATL@@@ATL@@@ATL@@SAJPEAXAEBU_GUID@@PEAPEAX@Z 00000001800018dc f i Keylock.obj
 0001:000009dc       ?CreateInstance@?$CComCreator2@V?$CComCreator@V?$CComObject@VCOPOSKeylock@@@ATL@@@ATL@@V?$CComCreator@V?$CComAggObject@VCOPOSKeylock@@@ATL@@@2@@ATL@@SAJPEAXAEBU_GUID@@PEAPEAX@Z 00000001800019dc f i Keylock.obj
 0001:000009ec       ?Next@?$CComEnumImpl@UIEnumConnectionPoints@@$1?_GUID_b196b285_bab4_101a_b69c_00aa00341d07@@3U__s_GUID@@BPEAUIConnectionPoint@@V?$_CopyInterface@UIConnectionPoint@@@ATL@@@ATL@@UEAAJKPEAPEAUIConnectionPoint@@PEAK@Z 00000001800019ec f i Keylock.obj
 0001:00000ab8       ?Skip@?$CComEnumImpl@UIEnumConnectionPoints@@$1?_GUID_b196b285_bab4_101a_b69c_00aa00341d07@@3U__s_GUID@@BPEAUIConnectionPoint@@V?$_CopyInterface@UIConnectionPoint@@@ATL@@@ATL@@UEAAJK@Z 0000000180001ab8 f i Keylock.obj
 0001:00000ae4       ?Reset@?$CComEnumImpl@UIEnumConnections@@$1?_GUID_b196b287_bab4_101a_b69c_00aa00341d07@@3U__s_GUID@@BUtagCONNECTDATA@@V?$_Copy@UtagCONNECTDATA@@@ATL@@@ATL@@UEAAJXZ 0000000180001ae4 f i Keylock.obj
 0001:00000ae4       ?Reset@?$CComEnumImpl@UIEnumConnectionPoints@@$1?_GUID_b196b285_bab4_101a_b69c_00aa00341d07@@3U__s_GUID@@BPEAUIConnectionPoint@@V?$_CopyInterface@UIConnectionPoint@@@ATL@@@ATL@@UEAAJXZ 0000000180001ae4 f i Keylock.obj
 0001:00000af0       ?Clone@?$CComEnumImpl@UIEnumConnectionPoints@@$1?_GUID_b196b285_bab4_101a_b69c_00aa00341d07@@3U__s_GUID@@BPEAUIConnectionPoint@@V?$_CopyInterface@UIConnectionPoint@@@ATL@@@ATL@@UEAAJPEAPEAUIEnumConnectionPoints@@@Z 0000000180001af0 f i Keylock.obj
 0001:00000c18       ?GetCanonicalFormatEtc@?$IDataObjectImpl@VCOPOSKeylock@@@ATL@@UEAAJPEAUtagFORMATETC@@0@Z 0000000180001c18 f i Keylock.obj
 0001:00000c18       ?SOErrorDummy@COPOSKeylock@@MEAAJJJJPEAJ@Z 0000000180001c18 f i Keylock.obj
 0001:00000c18       ?GetMoniker@?$IOleObjectImpl@VCOPOSKeylock@@@ATL@@UEAAJKKPEAPEAUIMoniker@@@Z 0000000180001c18 f i Keylock.obj
 0001:00000c18       ?SOOutputCompleteDummy@COPOSKeylock@@MEAAJJ@Z 0000000180001c18 f i Keylock.obj
 0001:00000c18       ?GetColorSet@?$IViewObjectExImpl@VCOPOSKeylock@@@ATL@@UEAAJKJPEAXPEAUtagDVTARGETDEVICE@@PEAUHDC__@@PEAPEAUtagLOGPALETTE@@@Z 0000000180001c18 f i Keylock.obj
 0001:00000c18       ?SODataDummy@COPOSKeylock@@MEAAJJ@Z 0000000180001c18 f i Keylock.obj
 0001:00000c18       ?GetControlInfo@?$IOleControlImpl@VCOPOSKeylock@@@ATL@@UEAAJPEAUtagCONTROLINFO@@@Z 0000000180001c18 f i Keylock.obj
 0001:00000c18       ?OnMnemonic@?$IOleControlImpl@VCOPOSKeylock@@@ATL@@UEAAJPEAUtagMSG@@@Z 0000000180001c18 f i Keylock.obj
 0001:00000c18       ?GetDataHere@?$IDataObjectImpl@VCOPOSKeylock@@@ATL@@UEAAJPEAUtagFORMATETC@@PEAUtagSTGMEDIUM@@@Z 0000000180001c18 f i Keylock.obj
 0001:00000c18       ?SetData@?$IDataObjectImpl@VCOPOSKeylock@@@ATL@@UEAAJPEAUtagFORMATETC@@PEAUtagSTGMEDIUM@@H@Z 0000000180001c18 f i Keylock.obj
 0001:00000c18       ?ContextSensitiveHelp@?$IOleInPlaceObjectWindowlessImpl@VCOPOSKeylock@@@ATL@@UEAAJH@Z 0000000180001c18 f i Keylock.obj
 0001:00000c18       ?ReactivateAndUndo@?$IOleInPlaceObjectWindowlessImpl@VCOPOSKeylock@@@ATL@@UEAAJXZ 0000000180001c18 f i Keylock.obj
 0001:00000c18       ?GetDropTarget@?$IOleInPlaceObjectWindowlessImpl@VCOPOSKeylock@@@ATL@@UEAAJPEAPEAUIDropTarget@@@Z 0000000180001c18 f i Keylock.obj
 0001:00000c18       ?SetMoniker@?$IOleObjectImpl@VCOPOSKeylock@@@ATL@@UEAAJKPEAUIMoniker@@@Z 0000000180001c18 f i Keylock.obj
 0001:00000c18       ?Unfreeze@?$IViewObjectExImpl@VCOPOSKeylock@@@ATL@@UEAAJK@Z 0000000180001c18 f i Keylock.obj
 0001:00000c18       ?ContextSensitiveHelp@?$IOleInPlaceActiveObjectImpl@VCOPOSKeylock@@@ATL@@UEAAJH@Z 0000000180001c18 f i Keylock.obj
 0001:00000c18       ?InitFromData@?$IOleObjectImpl@VCOPOSKeylock@@@ATL@@UEAAJPEAUIDataObject@@HK@Z 0000000180001c18 f i Keylock.obj
 0001:00000c18       ?QueryGetData@?$IDataObjectImpl@VCOPOSKeylock@@@ATL@@UEAAJPEAUtagFORMATETC@@@Z 0000000180001c18 f i Keylock.obj
 0001:00000c18       ?Freeze@?$IViewObjectExImpl@VCOPOSKeylock@@@ATL@@UEAAJKJPEAXPEAK@Z 0000000180001c18 f i Keylock.obj
 0001:00000c18       ?GetRect@?$IViewObjectExImpl@VCOPOSKeylock@@@ATL@@UEAAJKPEAU_RECTL@@@Z 0000000180001c18 f i Keylock.obj
 0001:00000c18       ?EnumFormatEtc@?$IDataObjectImpl@VCOPOSKeylock@@@ATL@@UEAAJKPEAPEAUIEnumFORMATETC@@@Z 0000000180001c18 f i Keylock.obj
 0001:00000c18       ?QueryInterface@CRegObject@ATL@@UEAAJAEBU_GUID@@PEAPEAX@Z 0000000180001c18 f i Keylock.obj
 0001:00000c18       ?SetColorScheme@?$IOleObjectImpl@VCOPOSKeylock@@@ATL@@UEAAJPEAUtagLOGPALETTE@@@Z 0000000180001c18 f i Keylock.obj
 0001:00000c18       ?GetClipboardData@?$IOleObjectImpl@VCOPOSKeylock@@@ATL@@UEAAJKPEAPEAUIDataObject@@@Z 0000000180001c18 f i Keylock.obj
 0001:00000c20       ?AddRef@CRegObject@ATL@@UEAAKXZ 0000000180001c20 f i Keylock.obj
 0001:00000c20       ?FAccessAllowed@?$IObjectSafetyImpl@VCOPOSKeylock@@$02@ATL@@MEAAHXZ 0000000180001c20 f i Keylock.obj
 0001:00000c28       ?Release@CRegObject@ATL@@UEAAKXZ 0000000180001c28 f i Keylock.obj
 0001:00000c28       ?OnAmbientPropertyChange@?$IOleControlImpl@VCOPOSKeylock@@@ATL@@UEAAJJ@Z 0000000180001c28 f i Keylock.obj
 0001:00000c28       ?GetCategoryMap@CComObjectRootBase@ATL@@SAPEBU_ATL_CATMAP_ENTRY@2@XZ 0000000180001c28 f i Keylock.obj
 0001:00000c28       ?SaveCompleted@?$IPersistStorageImpl@VCOPOSKeylock@@@ATL@@UEAAJPEAUIStorage@@@Z 0000000180001c28 f i Keylock.obj
 0001:00000c28       ?OnFrameWindowActivate@?$IOleInPlaceActiveObjectImpl@VCOPOSKeylock@@@ATL@@UEAAJH@Z 0000000180001c28 f i Keylock.obj
 0001:00000c28       ?IsUpToDate@?$IOleObjectImpl@VCOPOSKeylock@@@ATL@@UEAAJXZ 0000000180001c28 f i Keylock.obj
 0001:00000c28       ?ResizeBorder@?$IOleInPlaceActiveObjectImpl@VCOPOSKeylock@@@ATL@@UEAAJPEBUtagRECT@@PEAUIOleInPlaceUIWindow@@H@Z 0000000180001c28 f i Keylock.obj
 0001:00000c28       ?EnableModeless@?$IOleInPlaceActiveObjectImpl@VCOPOSKeylock@@@ATL@@UEAAJH@Z 0000000180001c28 f i Keylock.obj
 0001:00000c28       ?SetHostNames@?$IOleObjectImpl@VCOPOSKeylock@@@ATL@@UEAAJPEB_W0@Z 0000000180001c28 f i Keylock.obj
 0001:00000c28       ?HandsOffStorage@?$IPersistStorageImpl@VCOPOSKeylock@@@ATL@@UEAAJXZ 0000000180001c28 f i Keylock.obj
 0001:00000c28       ?Update@?$IOleObjectImpl@VCOPOSKeylock@@@ATL@@UEAAJXZ 0000000180001c28 f i Keylock.obj
 0001:00000c28       ?GetObjectDescription@?$CComCoClass@VCOPOSKeylock@@$1?CLSID_OPOSKeylock@@3U_GUID@@B@ATL@@SAPEB_WXZ 0000000180001c28 f i Keylock.obj
 0001:00000c2c       ?AddReplacement@CRegObject@ATL@@UEAAJPEB_W0@Z 0000000180001c2c f i Keylock.obj
 0001:00000c5c       ?ClearReplacements@CRegObject@ATL@@UEAAJXZ 0000000180001c5c f i Keylock.obj
 0001:00000c68       ?AddRef@?$CComObject@V?$CComEnum@UIEnumConnections@@$1?_GUID_b196b287_bab4_101a_b69c_00aa00341d07@@3U__s_GUID@@BUtagCONNECTDATA@@V?$_Copy@UtagCONNECTDATA@@@ATL@@VCComSingleThreadModel@6@@ATL@@@ATL@@UEAAKXZ 0000000180001c68 f i Keylock.obj
 0001:00000c68       ?AddRef@?$CComObject@V?$CComEnum@UIEnumConnectionPoints@@$1?_GUID_b196b285_bab4_101a_b69c_00aa00341d07@@3U__s_GUID@@BPEAUIConnectionPoint@@V?$_CopyInterface@UIConnectionPoint@@@ATL@@VCComSingleThreadModel@6@@ATL@@@ATL@@UEAAKXZ 0000000180001c68 f i Keylock.obj
 0001:00000c74       ?Release@?$CComObject@V?$CComEnum@UIEnumConnections@@$1?_GUID_b196b287_bab4_101a_b69c_00aa00341d07@@3U__s_GUID@@BUtagCONNECTDATA@@V?$_Copy@UtagCONNECTDATA@@@ATL@@VCComSingleThreadModel@6@@ATL@@@ATL@@UEAAKXZ 0000000180001c74 f i Keylock.obj
 0001:00000c74       ?Release@?$CComObject@V?$CComEnum@UIEnumConnectionPoints@@$1?_GUID_b196b285_bab4_101a_b69c_00aa00341d07@@3U__s_GUID@@BPEAUIConnectionPoint@@V?$_CopyInterface@UIConnectionPoint@@@ATL@@VCComSingleThreadModel@6@@ATL@@@ATL@@UEAAKXZ 0000000180001c74 f i Keylock.obj
 0001:00000cc8       ?QueryInterface@?$CComObject@V?$CComEnum@UIEnumConnectionPoints@@$1?_GUID_b196b285_bab4_101a_b69c_00aa00341d07@@3U__s_GUID@@BPEAUIConnectionPoint@@V?$_CopyInterface@UIConnectionPoint@@@ATL@@VCComSingleThreadModel@6@@ATL@@@ATL@@UEAAJAEBU_GUID@@PEAPEAX@Z 0000000180001cc8 f i Keylock.obj
 0001:00000cdc       ??_GCRegObject@ATL@@UEAAPEAXI@Z 0000000180001cdc f i Keylock.obj
 0001:00000cdc       ??_ECRegObject@ATL@@UEAAPEAXI@Z 0000000180001cdc f i Keylock.obj
 0001:00000d5c       ??_G?$CComObject@V?$CComEnum@UIEnumConnectionPoints@@$1?_GUID_b196b285_bab4_101a_b69c_00aa00341d07@@3U__s_GUID@@BPEAUIConnectionPoint@@V?$_CopyInterface@UIConnectionPoint@@@ATL@@VCComSingleThreadModel@6@@ATL@@@ATL@@UEAAPEAXI@Z 0000000180001d5c f i Keylock.obj
 0001:00000d5c       ??_E?$CComObject@V?$CComEnum@UIEnumConnectionPoints@@$1?_GUID_b196b285_bab4_101a_b69c_00aa00341d07@@3U__s_GUID@@BPEAUIConnectionPoint@@V?$_CopyInterface@UIConnectionPoint@@@ATL@@VCComSingleThreadModel@6@@ATL@@@ATL@@UEAAPEAXI@Z 0000000180001d5c f i Keylock.obj
 0001:00000db4       ?AddRef@?$CComObjectCached@VCComClassFactory@ATL@@@ATL@@UEAAKXZ 0000000180001db4 f i Keylock.obj
 0001:00000de0       ?Release@?$CComObjectCached@VCComClassFactory@ATL@@@ATL@@UEAAKXZ 0000000180001de0 f i Keylock.obj
 0001:00000e20       ?QueryInterface@?$CComObjectCached@VCComClassFactory@ATL@@@ATL@@UEAAJAEBU_GUID@@PEAPEAX@Z 0000000180001e20 f i Keylock.obj
 0001:00000e34       ??_G?$CComObjectCached@VCComClassFactory@ATL@@@ATL@@UEAAPEAXI@Z 0000000180001e34 f i Keylock.obj
 0001:00000e34       ??_E?$CComObjectCached@VCComClassFactory@ATL@@@ATL@@UEAAPEAXI@Z 0000000180001e34 f i Keylock.obj
 0001:00000e8c       ?AddRef@?$CComAggObject@VCOPOSKeylock@@@ATL@@UEAAKXZ 0000000180001e8c f i Keylock.obj
 0001:00000e98       ?Release@?$CComAggObject@VCOPOSKeylock@@@ATL@@UEAAKXZ 0000000180001e98 f i Keylock.obj
 0001:00000eec       ?QueryInterface@?$CComAggObject@VCOPOSKeylock@@@ATL@@UEAAJAEBU_GUID@@PEAPEAX@Z 0000000180001eec f i Keylock.obj
 0001:00000f4c       ?AddRef@?$CComContainedObject@VCOPOSKeylock@@@ATL@@UEAAKXZ 0000000180001f4c f i Keylock.obj
 0001:00000f5c       ?Release@?$CComContainedObject@VCOPOSKeylock@@@ATL@@UEAAKXZ 0000000180001f5c f i Keylock.obj
 0001:00000f6c       ?QueryInterface@?$CComContainedObject@VCOPOSKeylock@@@ATL@@UEAAJAEBU_GUID@@PEAPEAX@Z 0000000180001f6c f i Keylock.obj
 0001:00000f7c       ??_E?$CComAggObject@VCOPOSKeylock@@@ATL@@UEAAPEAXI@Z 0000000180001f7c f i Keylock.obj
 0001:00000f7c       ??_G?$CComAggObject@VCOPOSKeylock@@@ATL@@UEAAPEAXI@Z 0000000180001f7c f i Keylock.obj
 0001:00000fd4       ?AddRef@?$CComObject@VCOPOSKeylock@@@ATL@@UEAAKXZ 0000000180001fd4 f i Keylock.obj
 0001:00000fe4       ?Release@?$CComObject@VCOPOSKeylock@@@ATL@@UEAAKXZ 0000000180001fe4 f i Keylock.obj
 0001:0000103c       ?QueryInterface@?$CComObject@VCOPOSKeylock@@@ATL@@UEAAJAEBU_GUID@@PEAPEAX@Z 000000018000203c f i Keylock.obj
 0001:00001050       ?OnDrawAdvanced@CComControlBase@ATL@@UEAAJAEAUATL_DRAWINFO@@@Z 0000000180002050 f i Keylock.obj
 0001:00001170       ?OnFinalMessage@?$CWindowImplBaseT@VCWindow@ATL@@V?$CWinTraits@$0FGAAAAAA@$0A@@2@@ATL@@UEAAXPEAUHWND__@@@Z 0000000180002170 f i Keylock.obj
 0001:00001170       ?ObjectMain@CComObjectRootBase@ATL@@SAX_N@Z 0000000180002170 f i Keylock.obj
 0001:00001174       ?Next@?$CComEnumImpl@UIEnumConnections@@$1?_GUID_b196b287_bab4_101a_b69c_00aa00341d07@@3U__s_GUID@@BUtagCONNECTDATA@@V?$_Copy@UtagCONNECTDATA@@@ATL@@@ATL@@UEAAJKPEAUtagCONNECTDATA@@PEAK@Z 0000000180002174 f i Keylock.obj
 0001:00001248       ?Skip@?$CComEnumImpl@UIEnumConnections@@$1?_GUID_b196b287_bab4_101a_b69c_00aa00341d07@@3U__s_GUID@@BUtagCONNECTDATA@@V?$_Copy@UtagCONNECTDATA@@@ATL@@@ATL@@UEAAJK@Z 0000000180002248 f i Keylock.obj
 0001:00001274       ?Clone@?$CComEnumImpl@UIEnumConnections@@$1?_GUID_b196b287_bab4_101a_b69c_00aa00341d07@@3U__s_GUID@@BUtagCONNECTDATA@@V?$_Copy@UtagCONNECTDATA@@@ATL@@@ATL@@UEAAJPEAPEAUIEnumConnections@@@Z 0000000180002274 f i Keylock.obj
 0001:0000139c       ?QueryInterface@?$CComObject@V?$CComEnum@UIEnumConnections@@$1?_GUID_b196b287_bab4_101a_b69c_00aa00341d07@@3U__s_GUID@@BUtagCONNECTDATA@@V?$_Copy@UtagCONNECTDATA@@@ATL@@VCComSingleThreadModel@6@@ATL@@@ATL@@UEAAJAEBU_GUID@@PEAPEAX@Z 000000018000239c f i Keylock.obj
 0001:000013b0       ??_E?$CComObject@V?$CComEnum@UIEnumConnections@@$1?_GUID_b196b287_bab4_101a_b69c_00aa00341d07@@3U__s_GUID@@BUtagCONNECTDATA@@V?$_Copy@UtagCONNECTDATA@@@ATL@@VCComSingleThreadModel@6@@ATL@@@ATL@@UEAAPEAXI@Z 00000001800023b0 f i Keylock.obj
 0001:000013b0       ??_G?$CComObject@V?$CComEnum@UIEnumConnections@@$1?_GUID_b196b287_bab4_101a_b69c_00aa00341d07@@3U__s_GUID@@BUtagCONNECTDATA@@V?$_Copy@UtagCONNECTDATA@@@ATL@@VCComSingleThreadModel@6@@ATL@@@ATL@@UEAAPEAXI@Z 00000001800023b0 f i Keylock.obj
 0001:00001408       ?CreateInstance@CComClassFactory@ATL@@UEAAJPEAUIUnknown@@AEBU_GUID@@PEAPEAX@Z 0000000180002408 f i Keylock.obj
 0001:00001468       ?LockServer@CComClassFactory@ATL@@UEAAJH@Z 0000000180002468 f i Keylock.obj
 0001:0000148c       ??_ECComClassFactory@ATL@@UEAAPEAXI@Z 000000018000248c f i Keylock.obj
 0001:0000148c       ??_GCComClassFactory@ATL@@UEAAPEAXI@Z 000000018000248c f i Keylock.obj
 0001:000014dc       ??_E?$CComObject@VCOPOSKeylock@@@ATL@@W7EAAPEAXI@Z 00000001800024dc f i Keylock.obj
 0001:000014e8       ??_E?$CComObject@VCOPOSKeylock@@@ATL@@WHA@EAAPEAXI@Z 00000001800024e8 f i Keylock.obj
 0001:000014f4       ?QueryInterface@?$CComObject@VCOPOSKeylock@@@ATL@@WLI@EAAJAEBU_GUID@@PEAPEAX@Z 00000001800024f4 f i Keylock.obj
 0001:00001500       ?AddRef@?$CComObject@VCOPOSKeylock@@@ATL@@WLI@EAAKXZ 0000000180002500 f i Keylock.obj
 0001:0000150c       ?Release@?$CComObject@VCOPOSKeylock@@@ATL@@WLI@EAAKXZ 000000018000250c f i Keylock.obj
 0001:00001518       ?QueryInterface@?$CComObject@VCOPOSKeylock@@@ATL@@WMA@EAAJAEBU_GUID@@PEAPEAX@Z 0000000180002518 f i Keylock.obj
 0001:00001524       ?AddRef@?$CComObject@VCOPOSKeylock@@@ATL@@WMA@EAAKXZ 0000000180002524 f i Keylock.obj
 0001:00001530       ?Release@?$CComObject@VCOPOSKeylock@@@ATL@@WMA@EAAKXZ 0000000180002530 f i Keylock.obj
 0001:0000153c       ?QueryInterface@?$CComObject@VCOPOSKeylock@@@ATL@@WMI@EAAJAEBU_GUID@@PEAPEAX@Z 000000018000253c f i Keylock.obj
 0001:00001548       ?AddRef@?$CComObject@VCOPOSKeylock@@@ATL@@WMI@EAAKXZ 0000000180002548 f i Keylock.obj
 0001:00001554       ?Release@?$CComObject@VCOPOSKeylock@@@ATL@@WMI@EAAKXZ 0000000180002554 f i Keylock.obj
 0001:00001560       ?QueryInterface@?$CComObject@VCOPOSKeylock@@@ATL@@WNA@EAAJAEBU_GUID@@PEAPEAX@Z 0000000180002560 f i Keylock.obj
 0001:0000156c       ?AddRef@?$CComObject@VCOPOSKeylock@@@ATL@@WNA@EAAKXZ 000000018000256c f i Keylock.obj
 0001:00001578       ?Release@?$CComObject@VCOPOSKeylock@@@ATL@@WNA@EAAKXZ 0000000180002578 f i Keylock.obj
 0001:00001584       ?QueryInterface@?$CComObject@VCOPOSKeylock@@@ATL@@WNI@EAAJAEBU_GUID@@PEAPEAX@Z 0000000180002584 f i Keylock.obj
 0001:00001590       ?AddRef@?$CComObject@VCOPOSKeylock@@@ATL@@WNI@EAAKXZ 0000000180002590 f i Keylock.obj
 0001:0000159c       ?Release@?$CComObject@VCOPOSKeylock@@@ATL@@WNI@EAAKXZ 000000018000259c f i Keylock.obj
 0001:000015a8       ?QueryInterface@?$CComObject@VCOPOSKeylock@@@ATL@@WOA@EAAJAEBU_GUID@@PEAPEAX@Z 00000001800025a8 f i Keylock.obj
 0001:000015b4       ?AddRef@?$CComObject@VCOPOSKeylock@@@ATL@@WOA@EAAKXZ 00000001800025b4 f i Keylock.obj
 0001:000015c0       ?Release@?$CComObject@VCOPOSKeylock@@@ATL@@WOA@EAAKXZ 00000001800025c0 f i Keylock.obj
 0001:000015cc       ?QueryInterface@?$CComObject@VCOPOSKeylock@@@ATL@@WOI@EAAJAEBU_GUID@@PEAPEAX@Z 00000001800025cc f i Keylock.obj
 0001:000015d8       ?AddRef@?$CComObject@VCOPOSKeylock@@@ATL@@WOI@EAAKXZ 00000001800025d8 f i Keylock.obj
 0001:000015e4       ?Release@?$CComObject@VCOPOSKeylock@@@ATL@@WOI@EAAKXZ 00000001800025e4 f i Keylock.obj
 0001:000015f0       ?QueryInterface@?$CComObject@VCOPOSKeylock@@@ATL@@WPA@EAAJAEBU_GUID@@PEAPEAX@Z 00000001800025f0 f i Keylock.obj
 0001:000015fc       ?AddRef@?$CComObject@VCOPOSKeylock@@@ATL@@WPA@EAAKXZ 00000001800025fc f i Keylock.obj
 0001:00001608       ?Release@?$CComObject@VCOPOSKeylock@@@ATL@@WPA@EAAKXZ 0000000180002608 f i Keylock.obj
 0001:00001614       ?QueryInterface@?$CComObject@VCOPOSKeylock@@@ATL@@WPI@EAAJAEBU_GUID@@PEAPEAX@Z 0000000180002614 f i Keylock.obj
 0001:00001620       ?AddRef@?$CComObject@VCOPOSKeylock@@@ATL@@WPI@EAAKXZ 0000000180002620 f i Keylock.obj
 0001:0000162c       ?Release@?$CComObject@VCOPOSKeylock@@@ATL@@WPI@EAAKXZ 000000018000262c f i Keylock.obj
 0001:00001638       ?QueryInterface@?$CComObject@VCOPOSKeylock@@@ATL@@WBAA@EAAJAEBU_GUID@@PEAPEAX@Z 0000000180002638 f i Keylock.obj
 0001:00001644       ?AddRef@?$CComObject@VCOPOSKeylock@@@ATL@@WBAA@EAAKXZ 0000000180002644 f i Keylock.obj
 0001:00001650       ?Release@?$CComObject@VCOPOSKeylock@@@ATL@@WBAA@EAAKXZ 0000000180002650 f i Keylock.obj
 0001:0000165c       ?QueryInterface@?$CComObject@VCOPOSKeylock@@@ATL@@WBAI@EAAJAEBU_GUID@@PEAPEAX@Z 000000018000265c f i Keylock.obj
 0001:00001668       ?AddRef@?$CComObject@VCOPOSKeylock@@@ATL@@WBAI@EAAKXZ 0000000180002668 f i Keylock.obj
 0001:00001674       ?Release@?$CComObject@VCOPOSKeylock@@@ATL@@WBAI@EAAKXZ 0000000180002674 f i Keylock.obj
 0001:00001680       ?QueryInterface@?$CComObject@VCOPOSKeylock@@@ATL@@WBBA@EAAJAEBU_GUID@@PEAPEAX@Z 0000000180002680 f i Keylock.obj
 0001:0000168c       ?AddRef@?$CComObject@VCOPOSKeylock@@@ATL@@WBBA@EAAKXZ 000000018000268c f i Keylock.obj
 0001:00001698       ?Release@?$CComObject@VCOPOSKeylock@@@ATL@@WBBA@EAAKXZ 0000000180002698 f i Keylock.obj
 0001:000016a4       ?QueryInterface@?$CComObject@VCOPOSKeylock@@@ATL@@WBBI@EAAJAEBU_GUID@@PEAPEAX@Z 00000001800026a4 f i Keylock.obj
 0001:000016b0       ?AddRef@?$CComObject@VCOPOSKeylock@@@ATL@@WBBI@EAAKXZ 00000001800026b0 f i Keylock.obj
 0001:000016bc       ?Release@?$CComObject@VCOPOSKeylock@@@ATL@@WBBI@EAAKXZ 00000001800026bc f i Keylock.obj
 0001:000016c8       ?AddRef@?$CComObject@VCOPOSKeylock@@@ATL@@WBCI@EAAKXZ 00000001800026c8 f i Keylock.obj
 0001:000016d4       ?Release@?$CComObject@VCOPOSKeylock@@@ATL@@WBCI@EAAKXZ 00000001800026d4 f i Keylock.obj
 0001:000016e0       ?AddRef@?$CComObject@VCOPOSKeylock@@@ATL@@WBEA@EAAKXZ 00000001800026e0 f i Keylock.obj
 0001:000016ec       ?Release@?$CComObject@VCOPOSKeylock@@@ATL@@WBEA@EAAKXZ 00000001800026ec f i Keylock.obj
 0001:000016f8       ??_E?$CComContainedObject@VCOPOSKeylock@@@ATL@@W7EAAPEAXI@Z 00000001800026f8 f i Keylock.obj
 0001:00001704       ??_E?$CComContainedObject@VCOPOSKeylock@@@ATL@@WHA@EAAPEAXI@Z 0000000180002704 f i Keylock.obj
 0001:00001710       ?QueryInterface@?$CComContainedObject@VCOPOSKeylock@@@ATL@@WLI@EAAJAEBU_GUID@@PEAPEAX@Z 0000000180002710 f i Keylock.obj
 0001:0000171c       ?AddRef@?$CComContainedObject@VCOPOSKeylock@@@ATL@@WLI@EAAKXZ 000000018000271c f i Keylock.obj
 0001:00001728       ?Release@?$CComContainedObject@VCOPOSKeylock@@@ATL@@WLI@EAAKXZ 0000000180002728 f i Keylock.obj
 0001:00001734       ?QueryInterface@?$CComContainedObject@VCOPOSKeylock@@@ATL@@WMA@EAAJAEBU_GUID@@PEAPEAX@Z 0000000180002734 f i Keylock.obj
 0001:00001740       ?AddRef@?$CComContainedObject@VCOPOSKeylock@@@ATL@@WMA@EAAKXZ 0000000180002740 f i Keylock.obj
 0001:0000174c       ?Release@?$CComContainedObject@VCOPOSKeylock@@@ATL@@WMA@EAAKXZ 000000018000274c f i Keylock.obj
 0001:00001758       ?QueryInterface@?$CComContainedObject@VCOPOSKeylock@@@ATL@@WMI@EAAJAEBU_GUID@@PEAPEAX@Z 0000000180002758 f i Keylock.obj
 0001:00001764       ?AddRef@?$CComContainedObject@VCOPOSKeylock@@@ATL@@WMI@EAAKXZ 0000000180002764 f i Keylock.obj
 0001:00001770       ?Release@?$CComContainedObject@VCOPOSKeylock@@@ATL@@WMI@EAAKXZ 0000000180002770 f i Keylock.obj
 0001:0000177c       ?QueryInterface@?$CComContainedObject@VCOPOSKeylock@@@ATL@@WNA@EAAJAEBU_GUID@@PEAPEAX@Z 000000018000277c f i Keylock.obj
 0001:00001788       ?AddRef@?$CComContainedObject@VCOPOSKeylock@@@ATL@@WNA@EAAKXZ 0000000180002788 f i Keylock.obj
 0001:00001794       ?Release@?$CComContainedObject@VCOPOSKeylock@@@ATL@@WNA@EAAKXZ 0000000180002794 f i Keylock.obj
 0001:000017a0       ?QueryInterface@?$CComContainedObject@VCOPOSKeylock@@@ATL@@WNI@EAAJAEBU_GUID@@PEAPEAX@Z 00000001800027a0 f i Keylock.obj
 0001:000017ac       ?AddRef@?$CComContainedObject@VCOPOSKeylock@@@ATL@@WNI@EAAKXZ 00000001800027ac f i Keylock.obj
 0001:000017b8       ?Release@?$CComContainedObject@VCOPOSKeylock@@@ATL@@WNI@EAAKXZ 00000001800027b8 f i Keylock.obj
 0001:000017c4       ?QueryInterface@?$CComContainedObject@VCOPOSKeylock@@@ATL@@WOA@EAAJAEBU_GUID@@PEAPEAX@Z 00000001800027c4 f i Keylock.obj
 0001:000017d0       ?AddRef@?$CComContainedObject@VCOPOSKeylock@@@ATL@@WOA@EAAKXZ 00000001800027d0 f i Keylock.obj
 0001:000017dc       ?Release@?$CComContainedObject@VCOPOSKeylock@@@ATL@@WOA@EAAKXZ 00000001800027dc f i Keylock.obj
 0001:000017e8       ?QueryInterface@?$CComContainedObject@VCOPOSKeylock@@@ATL@@WOI@EAAJAEBU_GUID@@PEAPEAX@Z 00000001800027e8 f i Keylock.obj
 0001:000017f4       ?AddRef@?$CComContainedObject@VCOPOSKeylock@@@ATL@@WOI@EAAKXZ 00000001800027f4 f i Keylock.obj
 0001:00001800       ?Release@?$CComContainedObject@VCOPOSKeylock@@@ATL@@WOI@EAAKXZ 0000000180002800 f i Keylock.obj
 0001:0000180c       ?QueryInterface@?$CComContainedObject@VCOPOSKeylock@@@ATL@@WPA@EAAJAEBU_GUID@@PEAPEAX@Z 000000018000280c f i Keylock.obj
 0001:00001818       ?AddRef@?$CComContainedObject@VCOPOSKeylock@@@ATL@@WPA@EAAKXZ 0000000180002818 f i Keylock.obj
 0001:00001824       ?Release@?$CComContainedObject@VCOPOSKeylock@@@ATL@@WPA@EAAKXZ 0000000180002824 f i Keylock.obj
 0001:00001830       ?QueryInterface@?$CComContainedObject@VCOPOSKeylock@@@ATL@@WPI@EAAJAEBU_GUID@@PEAPEAX@Z 0000000180002830 f i Keylock.obj
 0001:0000183c       ?AddRef@?$CComContainedObject@VCOPOSKeylock@@@ATL@@WPI@EAAKXZ 000000018000283c f i Keylock.obj
 0001:00001848       ?Release@?$CComContainedObject@VCOPOSKeylock@@@ATL@@WPI@EAAKXZ 0000000180002848 f i Keylock.obj
 0001:00001854       ?QueryInterface@?$CComContainedObject@VCOPOSKeylock@@@ATL@@WBAA@EAAJAEBU_GUID@@PEAPEAX@Z 0000000180002854 f i Keylock.obj
 0001:00001860       ?AddRef@?$CComContainedObject@VCOPOSKeylock@@@ATL@@WBAA@EAAKXZ 0000000180002860 f i Keylock.obj
 0001:0000186c       ?Release@?$CComContainedObject@VCOPOSKeylock@@@ATL@@WBAA@EAAKXZ 000000018000286c f i Keylock.obj
 0001:00001878       ?QueryInterface@?$CComContainedObject@VCOPOSKeylock@@@ATL@@WBAI@EAAJAEBU_GUID@@PEAPEAX@Z 0000000180002878 f i Keylock.obj
 0001:00001884       ?AddRef@?$CComContainedObject@VCOPOSKeylock@@@ATL@@WBAI@EAAKXZ 0000000180002884 f i Keylock.obj
 0001:00001890       ?Release@?$CComContainedObject@VCOPOSKeylock@@@ATL@@WBAI@EAAKXZ 0000000180002890 f i Keylock.obj
 0001:0000189c       ?QueryInterface@?$CComContainedObject@VCOPOSKeylock@@@ATL@@WBBA@EAAJAEBU_GUID@@PEAPEAX@Z 000000018000289c f i Keylock.obj
 0001:000018a8       ?AddRef@?$CComContainedObject@VCOPOSKeylock@@@ATL@@WBBA@EAAKXZ 00000001800028a8 f i Keylock.obj
 0001:000018b4       ?Release@?$CComContainedObject@VCOPOSKeylock@@@ATL@@WBBA@EAAKXZ 00000001800028b4 f i Keylock.obj
 0001:000018c0       ?QueryInterface@?$CComContainedObject@VCOPOSKeylock@@@ATL@@WBBI@EAAJAEBU_GUID@@PEAPEAX@Z 00000001800028c0 f i Keylock.obj
 0001:000018cc       ?AddRef@?$CComContainedObject@VCOPOSKeylock@@@ATL@@WBBI@EAAKXZ 00000001800028cc f i Keylock.obj
 0001:000018d8       ?Release@?$CComContainedObject@VCOPOSKeylock@@@ATL@@WBBI@EAAKXZ 00000001800028d8 f i Keylock.obj
 0001:000018e4       ?AddRef@?$CComContainedObject@VCOPOSKeylock@@@ATL@@WBCI@EAAKXZ 00000001800028e4 f i Keylock.obj
 0001:000018f0       ?Release@?$CComContainedObject@VCOPOSKeylock@@@ATL@@WBCI@EAAKXZ 00000001800028f0 f i Keylock.obj
 0001:000018fc       ?AddRef@?$CComContainedObject@VCOPOSKeylock@@@ATL@@WBEA@EAAKXZ 00000001800028fc f i Keylock.obj
 0001:00001908       ?Release@?$CComContainedObject@VCOPOSKeylock@@@ATL@@WBEA@EAAKXZ 0000000180002908 f i Keylock.obj
 0001:00001914       ?GetWindowProc@?$CWindowImplBaseT@VCWindow@ATL@@V?$CWinTraits@$0FGAAAAAA@$0A@@2@@ATL@@UEAAP6A_JPEAUHWND__@@I_K_J@ZXZ 0000000180002914 f i Keylock.obj
 0001:0000191c       ?StartWindowProc@?$CWindowImplBaseT@VCWindow@ATL@@V?$CWinTraits@$0FGAAAAAA@$0A@@2@@ATL@@SA_JPEAUHWND__@@I_K_J@Z 000000018000291c f i Keylock.obj
 0001:000019e0       ?GetTypeInfoCount@?$IDispatchImpl@UIOPOSKeylock@@$1?IID_IOPOSKeylock@@3U_GUID@@B$1?LIBID_OposKeylock_CCO@@3U3@B$00$0A@VCComTypeInfoHolder@ATL@@@ATL@@UEAAJPEAI@Z 00000001800029e0 f i Keylock.obj
 0001:000019f4       ?GetTypeInfo@?$IDispatchImpl@UIOPOSKeylock@@$1?IID_IOPOSKeylock@@3U_GUID@@B$1?LIBID_OposKeylock_CCO@@3U3@B$00$0A@VCComTypeInfoHolder@ATL@@@ATL@@UEAAJIKPEAPEAUITypeInfo@@@Z 00000001800029f4 f i Keylock.obj
 0001:00001a58       ?GetIDsOfNames@?$IDispatchImpl@UIOPOSKeylock@@$1?IID_IOPOSKeylock@@3U_GUID@@B$1?LIBID_OposKeylock_CCO@@3U3@B$00$0A@VCComTypeInfoHolder@ATL@@@ATL@@UEAAJAEBU_GUID@@PEAPEA_WIKPEAJ@Z 0000000180002a58 f i Keylock.obj
 0001:00001a64       ?Lock@CAtlModule@ATL@@UEAAJXZ 0000000180002a64 f i Keylock.obj
 0001:00001a74       ?Unlock@CAtlModule@ATL@@UEAAJXZ 0000000180002a74 f i Keylock.obj
 0001:00001a80       ?GetLockCount@CAtlModule@ATL@@UEAAJXZ 0000000180002a80 f i Keylock.obj
 0001:00001a84       ?Invoke@?$IDispatchImpl@UIOPOSKeylock@@$1?IID_IOPOSKeylock@@3U_GUID@@B$1?LIBID_OposKeylock_CCO@@3U3@B$00$0A@VCComTypeInfoHolder@ATL@@@ATL@@UEAAJJAEBU_GUID@@KGPEAUtagDISPPARAMS@@PEAUtagVARIANT@@PEAUtagEXCEPINFO@@PEAI@Z 0000000180002a84 f i Keylock.obj
 0001:00001b14       ?GetGITPtr@CAtlModule@ATL@@UEAAJPEAPEAUIGlobalInterfaceTable@@@Z 0000000180002b14 f i Keylock.obj
 0001:00001b84       ?CreateControlWindow@?$CComControl@VCOPOSKeylock@@V?$CWindowImpl@VCOPOSKeylock@@VCWindow@ATL@@V?$CWinTraits@$0FGAAAAAA@$0A@@3@@ATL@@@ATL@@UEAAPEAUHWND__@@PEAU3@AEAUtagRECT@@@Z 0000000180002b84 f i Keylock.obj
 0001:00001bbc       ?ControlQueryInterface@?$CComControl@VCOPOSKeylock@@V?$CWindowImpl@VCOPOSKeylock@@VCWindow@ATL@@V?$CWinTraits@$0FGAAAAAA@$0A@@3@@ATL@@@ATL@@UEAAJAEBU_GUID@@PEAPEAX@Z 0000000180002bbc f i Keylock.obj
 0001:00001bd0       ?GetClassID@?$IPersistStreamInitImpl@VCOPOSKeylock@@@ATL@@UEAAJPEAU_GUID@@@Z 0000000180002bd0 f i Keylock.obj
 0001:00001bd0       ?GetClassID@?$IPersistStorageImpl@VCOPOSKeylock@@@ATL@@UEAAJPEAU_GUID@@@Z 0000000180002bd0 f i Keylock.obj
 0001:00001bd0       ?GetUserClassID@?$IOleObjectImpl@VCOPOSKeylock@@@ATL@@UEAAJPEAU_GUID@@@Z 0000000180002bd0 f i Keylock.obj
 0001:00001bec       ?IsDirty@?$IPersistStreamInitImpl@VCOPOSKeylock@@@ATL@@UEAAJXZ 0000000180002bec f i Keylock.obj
 0001:00001c08       ?Load@?$IPersistStreamInitImpl@VCOPOSKeylock@@@ATL@@UEAAJPEAUIStream@@@Z 0000000180002c08 f i Keylock.obj
 0001:00001c58       ?Save@?$IPersistStreamInitImpl@VCOPOSKeylock@@@ATL@@UEAAJPEAUIStream@@H@Z 0000000180002c58 f i Keylock.obj
 0001:00001cbc       ?GetSizeMax@?$IPersistStreamInitImpl@VCOPOSKeylock@@@ATL@@UEAAJPEAT_ULARGE_INTEGER@@@Z 0000000180002cbc f i Keylock.obj
 0001:00001ee8       ?InitNew@?$IPersistStreamInitImpl@VCOPOSKeylock@@@ATL@@UEAAJXZ 0000000180002ee8 f i Keylock.obj
 0001:00001f00       ?SetClientSite@?$IOleObjectImpl@VCOPOSKeylock@@@ATL@@UEAAJPEAUIOleClientSite@@@Z 0000000180002f00 f i Keylock.obj
 0001:00001f1c       ?GetClientSite@?$IOleObjectImpl@VCOPOSKeylock@@@ATL@@UEAAJPEAPEAUIOleClientSite@@@Z 0000000180002f1c f i Keylock.obj
 0001:00001f64       ?Close@?$IOleObjectImpl@VCOPOSKeylock@@@ATL@@UEAAJK@Z 0000000180002f64 f i Keylock.obj
 0001:00001f80       ?DoVerb@?$IOleObjectImpl@VCOPOSKeylock@@@ATL@@UEAAJJPEAUtagMSG@@PEAUIOleClientSite@@JPEAUHWND__@@PEBUtagRECT@@@Z 0000000180002f80 f i Keylock.obj
 0001:00002124       ?EnumVerbs@?$IOleObjectImpl@VCOPOSKeylock@@@ATL@@UEAAJPEAPEAUIEnumOLEVERB@@@Z 0000000180003124 f i Keylock.obj
 0001:00002140       ?GetUserType@?$IOleObjectImpl@VCOPOSKeylock@@@ATL@@UEAAJKPEAPEA_W@Z 0000000180003140 f i Keylock.obj
 0001:00002150       ?SetExtent@?$IOleObjectImpl@VCOPOSKeylock@@@ATL@@UEAAJKPEAUtagSIZE@@@Z 0000000180003150 f i Keylock.obj
 0001:0000216c       ?GetExtent@?$IOleObjectImpl@VCOPOSKeylock@@@ATL@@UEAAJKPEAUtagSIZE@@@Z 000000018000316c f i Keylock.obj
 0001:0000219c       ?Advise@?$IOleObjectImpl@VCOPOSKeylock@@@ATL@@UEAAJPEAUIAdviseSink@@PEAK@Z 000000018000319c f i Keylock.obj
 0001:000021f8       ?Unadvise@?$IOleObjectImpl@VCOPOSKeylock@@@ATL@@UEAAJK@Z 00000001800031f8 f i Keylock.obj
 0001:00002230       ?EnumAdvise@?$IOleObjectImpl@VCOPOSKeylock@@@ATL@@UEAAJPEAPEAUIEnumSTATDATA@@@Z 0000000180003230 f i Keylock.obj
 0001:00002278       ?GetMiscStatus@?$IOleObjectImpl@VCOPOSKeylock@@@ATL@@UEAAJKPEAK@Z 0000000180003278 f i Keylock.obj
 0001:00002288       ?GetWindow@?$IOleInPlaceActiveObjectImpl@VCOPOSKeylock@@@ATL@@UEAAJPEAPEAUHWND__@@@Z 0000000180003288 f i Keylock.obj
 0001:000022dc       ?TranslateAcceleratorW@?$IOleInPlaceActiveObjectImpl@VCOPOSKeylock@@@ATL@@UEAAJPEAUtagMSG@@@Z 00000001800032dc f i Keylock.obj
 0001:000023d0       ?OnDocWindowActivate@?$IOleInPlaceActiveObjectImpl@VCOPOSKeylock@@@ATL@@UEAAJH@Z 00000001800033d0 f i Keylock.obj
 0001:000023fc       ?AddCommonRGSReplacements@?$CAtlModuleT@VCComModule@ATL@@@ATL@@UEAAJPEAUIRegistrarBase@@@Z 00000001800033fc f i Keylock.obj
 0001:00002414       ?Draw@?$IViewObjectExImpl@VCOPOSKeylock@@@ATL@@UEAAJKJPEAXPEAUtagDVTARGETDEVICE@@PEAUHDC__@@2PEBU_RECTL@@3P6AH_K@Z4@Z 0000000180003414 f i Keylock.obj
 0001:00002478       ?SetAdvise@?$IViewObjectExImpl@VCOPOSKeylock@@@ATL@@UEAAJKKPEAUIAdviseSink@@@Z 0000000180003478 f i Keylock.obj
 0001:000024cc       ?GetAdvise@?$IViewObjectExImpl@VCOPOSKeylock@@@ATL@@UEAAJPEAK0PEAPEAUIAdviseSink@@@Z 00000001800034cc f i Keylock.obj
 0001:00002508       ?GetExtent@?$IViewObjectExImpl@VCOPOSKeylock@@@ATL@@UEAAJKJPEAUtagDVTARGETDEVICE@@PEAUtagSIZE@@@Z 0000000180003508 f i Keylock.obj
 0001:00002538       ?GetViewStatus@?$IViewObjectExImpl@VCOPOSKeylock@@@ATL@@UEAAJPEAK@Z 0000000180003538 f i Keylock.obj
 0001:0000254c       ?QueryHitPoint@?$IViewObjectExImpl@VCOPOSKeylock@@@ATL@@UEAAJKPEBUtagRECT@@UtagPOINT@@JPEAK@Z 000000018000354c f i Keylock.obj
 0001:00002590       ?QueryHitRect@?$IViewObjectExImpl@VCOPOSKeylock@@@ATL@@UEAAJKPEBUtagRECT@@0JPEAK@Z 0000000180003590 f i Keylock.obj
 0001:000025f8       ?GetNaturalExtent@?$IViewObjectExImpl@VCOPOSKeylock@@@ATL@@UEAAJKJPEAUtagDVTARGETDEVICE@@PEAUHDC__@@PEAUtagExtentInfo@@PEAUtagSIZE@@@Z 00000001800035f8 f i Keylock.obj
 0001:00002640       ?UpdateRegistryFromResourceD@CComModule@ATL@@UEAAJIHPEAU_ATL_REGMAP_ENTRY@2@@Z 0000000180003640 f i Keylock.obj
 0001:00002640       ?UpdateRegistryFromResourceD@CComModule@ATL@@UEAAJPEB_WHPEAU_ATL_REGMAP_ENTRY@2@@Z 0000000180003640 f i Keylock.obj
 0001:00002648       ?GetWindow@?$IOleInPlaceObjectWindowlessImpl@VCOPOSKeylock@@@ATL@@UEAAJPEAPEAUHWND__@@@Z 0000000180003648 f i Keylock.obj
 0001:0000269c       ?InPlaceDeactivate@?$IOleInPlaceObjectWindowlessImpl@VCOPOSKeylock@@@ATL@@UEAAJXZ 000000018000369c f i Keylock.obj
 0001:000026b8       ?UpdateRegistryFromResource@CComModule@ATL@@UEAAJPEB_WHPEAU_ATL_REGMAP_ENTRY@2@@Z 00000001800036b8 f i Keylock.obj
 0001:000026c0       ?UIDeactivate@?$IOleInPlaceObjectWindowlessImpl@VCOPOSKeylock@@@ATL@@UEAAJXZ 00000001800036c0 f i Keylock.obj
 0001:000026dc       ?SetObjectRects@?$IOleInPlaceObjectWindowlessImpl@VCOPOSKeylock@@@ATL@@UEAAJPEBUtagRECT@@0@Z 00000001800036dc f i Keylock.obj
 0001:000026f8       ?UpdateRegistryFromResource@CComModule@ATL@@UEAAJIHPEAU_ATL_REGMAP_ENTRY@2@@Z 00000001800036f8 f i Keylock.obj
 0001:00002700       ?OnWindowMessage@?$IOleInPlaceObjectWindowlessImpl@VCOPOSKeylock@@@ATL@@UEAAJI_K_JPEA_J@Z 0000000180003700 f i Keylock.obj
 0001:000027c8       ?EnumConnectionPoints@?$IConnectionPointContainerImpl@VCOPOSKeylock@@@ATL@@UEAAJPEAPEAUIEnumConnectionPoints@@@Z 00000001800037c8 f i Keylock.obj
 0001:00002a10       ?FindConnectionPoint@?$IConnectionPointContainerImpl@VCOPOSKeylock@@@ATL@@UEAAJAEBU_GUID@@PEAPEAUIConnectionPoint@@@Z 0000000180003a10 f i Keylock.obj
 0001:00002ae0       ?IsDirty@?$IPersistStorageImpl@VCOPOSKeylock@@@ATL@@UEAAJXZ 0000000180003ae0 f i Keylock.obj
 0001:00002b24       ?InitNew@?$IPersistStorageImpl@VCOPOSKeylock@@@ATL@@UEAAJPEAUIStorage@@@Z 0000000180003b24 f i Keylock.obj
 0001:00002b68       ?Load@?$IPersistStorageImpl@VCOPOSKeylock@@@ATL@@UEAAJPEAUIStorage@@@Z 0000000180003b68 f i Keylock.obj
 0001:00002c08       ?Save@?$IPersistStorageImpl@VCOPOSKeylock@@@ATL@@UEAAJPEAUIStorage@@H@Z 0000000180003c08 f i Keylock.obj
 0001:00002cb8       ??_GCComModule@ATL@@UEAAPEAXI@Z 0000000180003cb8 f i Keylock.obj
 0001:00002cb8       ??_ECComModule@ATL@@UEAAPEAXI@Z 0000000180003cb8 f i Keylock.obj
 0001:00002d38       ?GetPages@?$ISpecifyPropertyPagesImpl@VCOPOSKeylock@@@ATL@@UEAAJPEAUtagCAUUID@@@Z 0000000180003d38 f i Keylock.obj
 0001:00002d44       ?QuickActivate@?$IQuickActivateImpl@VCOPOSKeylock@@@ATL@@UEAAJPEAUtagQACONTAINER@@PEAUtagQACONTROL@@@Z 0000000180003d44 f i Keylock.obj
 0001:00002d60       ?SetContentExtent@?$IQuickActivateImpl@VCOPOSKeylock@@@ATL@@UEAAJPEAUtagSIZE@@@Z 0000000180003d60 f i Keylock.obj
 0001:00002d94       ?GetContentExtent@?$IQuickActivateImpl@VCOPOSKeylock@@@ATL@@UEAAJPEAUtagSIZE@@@Z 0000000180003d94 f i Keylock.obj
 0001:00002dcc       ?GetData@?$IDataObjectImpl@VCOPOSKeylock@@@ATL@@UEAAJPEAUtagFORMATETC@@PEAUtagSTGMEDIUM@@@Z 0000000180003dcc f i Keylock.obj
 0001:00002de8       ?DAdvise@?$IDataObjectImpl@VCOPOSKeylock@@@ATL@@UEAAJPEAUtagFORMATETC@@KPEAUIAdviseSink@@PEAK@Z 0000000180003de8 f i Keylock.obj
 0001:00002e70       ?DUnadvise@?$IDataObjectImpl@VCOPOSKeylock@@@ATL@@UEAAJK@Z 0000000180003e70 f i Keylock.obj
 0001:00002e9c       ?EnumDAdvise@?$IDataObjectImpl@VCOPOSKeylock@@@ATL@@UEAAJPEAPEAUIEnumSTATDATA@@@Z 0000000180003e9c f i Keylock.obj
 0001:00002ed8       ?GetClassInfoW@?$IProvideClassInfo2Impl@$1?CLSID_OPOSKeylock@@3U_GUID@@B$1?DIID__IOPOSKeylockEvents@@3U2@B$1?LIBID_OposKeylock_CCO@@3U2@B$00$0A@VCComTypeInfoHolder@ATL@@@ATL@@UEAAJPEAPEAUITypeInfo@@@Z 0000000180003ed8 f i Keylock.obj
 0001:00002f30       ?GetGUID@?$IProvideClassInfo2Impl@$1?CLSID_OPOSKeylock@@3U_GUID@@B$1?DIID__IOPOSKeylockEvents@@3U2@B$1?LIBID_OposKeylock_CCO@@3U2@B$00$0A@VCComTypeInfoHolder@ATL@@@ATL@@UEAAJKPEAU_GUID@@@Z 0000000180003f30 f i Keylock.obj
 0001:00002f64       ?GetInterfaceSafetyOptions@?$IObjectSafetyImpl@VCOPOSKeylock@@$02@ATL@@UEAAJAEBU_GUID@@PEAK1@Z 0000000180003f64 f i Keylock.obj
 0001:00002ff8       ?SetInterfaceSafetyOptions@?$IObjectSafetyImpl@VCOPOSKeylock@@$02@ATL@@UEAAJAEBU_GUID@@KK@Z 0000000180003ff8 f i Keylock.obj
 0001:0000309c       ?_LocCPQueryInterface@?$IConnectionPointImpl@VCOPOSKeylock@@$1?DIID__IOPOSKeylockEvents@@3U_GUID@@BVCComDynamicUnkArray@ATL@@@ATL@@UEAAJAEBU_GUID@@PEAPEAX@Z 000000018000409c f i Keylock.obj
 0001:0000309c       ?_LocCPQueryInterface@?$IConnectionPointImpl@VCOPOSKeylock@@$1?IID_IPropertyNotifySink@@3U_GUID@@BVCComDynamicUnkArray@ATL@@@ATL@@UEAAJAEBU_GUID@@PEAPEAX@Z 000000018000409c f i Keylock.obj
 0001:00003110       ?GetConnectionInterface@?$IConnectionPointImpl@VCOPOSKeylock@@$1?IID_IPropertyNotifySink@@3U_GUID@@BVCComDynamicUnkArray@ATL@@@ATL@@UEAAJPEAU_GUID@@@Z 0000000180004110 f i Keylock.obj
 0001:0000312c       ?GetConnectionPointContainer@?$IConnectionPointImpl@VCOPOSKeylock@@$1?IID_IPropertyNotifySink@@3U_GUID@@BVCComDynamicUnkArray@ATL@@@ATL@@UEAAJPEAPEAUIConnectionPointContainer@@@Z 000000018000412c f i Keylock.obj
 0001:0000314c       ?Advise@?$IConnectionPointImpl@VCOPOSKeylock@@$1?DIID__IOPOSKeylockEvents@@3U_GUID@@BVCComDynamicUnkArray@ATL@@@ATL@@UEAAJPEAUIUnknown@@PEAK@Z 000000018000414c f i Keylock.obj
 0001:0000314c       ?Advise@?$IConnectionPointImpl@VCOPOSKeylock@@$1?IID_IPropertyNotifySink@@3U_GUID@@BVCComDynamicUnkArray@ATL@@@ATL@@UEAAJPEAUIUnknown@@PEAK@Z 000000018000414c f i Keylock.obj
 0001:0000320c       ?Unadvise@?$IConnectionPointImpl@VCOPOSKeylock@@$1?IID_IPropertyNotifySink@@3U_GUID@@BVCComDynamicUnkArray@ATL@@@ATL@@UEAAJK@Z 000000018000420c f i Keylock.obj
 0001:0000320c       ?Unadvise@?$IConnectionPointImpl@VCOPOSKeylock@@$1?DIID__IOPOSKeylockEvents@@3U_GUID@@BVCComDynamicUnkArray@ATL@@@ATL@@UEAAJK@Z 000000018000420c f i Keylock.obj
 0001:00003288       ?EnumConnections@?$IConnectionPointImpl@VCOPOSKeylock@@$1?DIID__IOPOSKeylockEvents@@3U_GUID@@BVCComDynamicUnkArray@ATL@@@ATL@@UEAAJPEAPEAUIEnumConnections@@@Z 0000000180004288 f i Keylock.obj
 0001:00003288       ?EnumConnections@?$IConnectionPointImpl@VCOPOSKeylock@@$1?IID_IPropertyNotifySink@@3U_GUID@@BVCComDynamicUnkArray@ATL@@@ATL@@UEAAJPEAPEAUIEnumConnections@@@Z 0000000180004288 f i Keylock.obj
 0001:00003430       ?GetConnectionInterface@?$IConnectionPointImpl@VCOPOSKeylock@@$1?DIID__IOPOSKeylockEvents@@3U_GUID@@BVCComDynamicUnkArray@ATL@@@ATL@@UEAAJPEAU_GUID@@@Z 0000000180004430 f i Keylock.obj
 0001:0000344c       ?GetConnectionPointContainer@?$IConnectionPointImpl@VCOPOSKeylock@@$1?DIID__IOPOSKeylockEvents@@3U_GUID@@BVCComDynamicUnkArray@ATL@@@ATL@@UEAAJPEAPEAUIConnectionPointContainer@@@Z 000000018000444c f i Keylock.obj
 0001:0000346c       ?UpdateRegistry@COPOSKeylock@@SAJH@Z 000000018000446c f i Keylock.obj
 0001:00003484       ?ProcessWindowMessage@COPOSKeylock@@UEAAHPEAUHWND__@@I_K_JAEA_JK@Z 0000000180004484 f i Keylock.obj
 0001:0000350c       ?SODirectIO@COPOSKeylock@@MEAAJJPEAJPEAPEA_W@Z 000000018000450c f i Keylock.obj
 0001:00003584       ?SOStatusUpdate@COPOSKeylock@@MEAAJJ@Z 0000000180004584 f i Keylock.obj
 0001:000035d4       ??$AtlModuleRegisterWndClassInfoT@VAtlModuleRegisterWndClassInfoParamW@ATL@@@ATL@@YAGPEAU_ATL_BASE_MODULE70@0@PEAU_ATL_WIN_MODULE70@0@PEAU_ATL_WNDCLASSINFOW@0@PEAP6A_JPEAUHWND__@@I_K_J@ZVAtlModuleRegisterWndClassInfoParamW@0@@Z 00000001800045d4 f i Keylock.obj
 0001:000037d4       ??0?$CComContainedObject@VCOPOSKeylock@@@ATL@@QEAA@PEAX@Z 00000001800047d4 f i Keylock.obj
 0001:000038f0       ??0?$CComObject@VCOPOSKeylock@@@ATL@@QEAA@PEAX@Z 00000001800048f0 f i Keylock.obj
 0001:00003a08       ??0CAtlModule@ATL@@QEAA@XZ 0000000180004a08 f i Keylock.obj
 0001:00003a84       ??1?$CComEnumImpl@UIEnumConnectionPoints@@$1?_GUID_b196b285_bab4_101a_b69c_00aa00341d07@@3U__s_GUID@@BPEAUIConnectionPoint@@V?$_CopyInterface@UIConnectionPoint@@@ATL@@@ATL@@UEAA@XZ 0000000180004a84 f i Keylock.obj
 0001:00003ae0       ??1?$CComEnumImpl@UIEnumConnections@@$1?_GUID_b196b287_bab4_101a_b69c_00aa00341d07@@3U__s_GUID@@BUtagCONNECTDATA@@V?$_Copy@UtagCONNECTDATA@@@ATL@@@ATL@@UEAA@XZ 0000000180004ae0 f i Keylock.obj
 0001:00003b3c       ??1?$CComObject@VCOPOSKeylock@@@ATL@@UEAA@XZ 0000000180004b3c f i Keylock.obj
 0001:00003c5c       ??_E?$CComContainedObject@VCOPOSKeylock@@@ATL@@UEAAPEAXI@Z 0000000180004c5c f i Keylock.obj
 0001:00003c5c       ??_G?$CComContainedObject@VCOPOSKeylock@@@ATL@@UEAAPEAXI@Z 0000000180004c5c f i Keylock.obj
 0001:00003c90       ??_E?$CComObject@VCOPOSKeylock@@@ATL@@UEAAPEAXI@Z 0000000180004c90 f i Keylock.obj
 0001:00003c90       ??_G?$CComObject@VCOPOSKeylock@@@ATL@@UEAAPEAXI@Z 0000000180004c90 f i Keylock.obj
 0001:00003cc4       ?Add@?$CSimpleArray@GV?$CSimpleArrayEqualHelper@G@ATL@@@ATL@@QEAAHAEBG@Z 0000000180004cc4 f i Keylock.obj
 0001:00003d78       ?Add@?$CSimpleMap@PEA_WPEA_WVCExpansionVectorEqualHelper@ATL@@@ATL@@QEAAHAEBQEA_W0@Z 0000000180004d78 f i Keylock.obj
 0001:00003e18       ?Add@CComDynamicUnkArray@ATL@@QEAAKPEAUIUnknown@@@Z 0000000180004e18 f i Keylock.obj
 0001:00003f10       ?Add@CExpansionVector@ATL@@QEAAHPEB_W0@Z 0000000180004f10 f i Keylock.obj
 0001:000040a0       ?AddValue@CRegParser@ATL@@IEAAJAEAVCRegKey@2@PEB_WPEA_W@Z 00000001800050a0 f i Keylock.obj
 0001:000044e8       ?AllocateHeap@?$CTempBuffer@_W$0BAA@VCCRTAllocator@ATL@@@ATL@@AEAAX_K@Z 00000001800054e8 f i Keylock.obj
 0001:000044e8       ?AllocateHeap@?$CTempBuffer@_W$0EAA@VCCRTAllocator@ATL@@@ATL@@AEAAX_K@Z 00000001800054e8 f i Keylock.obj
 0001:000044e8       ?AllocateHeap@?$CTempBuffer@E$0BAA@VCCRTAllocator@ATL@@@ATL@@AEAAX_K@Z 00000001800054e8 f i Keylock.obj
 0001:00004514       ?Append@CParseBuffer@CRegParser@ATL@@QEAAHPEB_WH@Z 0000000180005514 f i Keylock.obj
 0001:0000462c       ?AtlCallTermFunc@ATL@@YAXPEAU_ATL_MODULE70@1@@Z 000000018000562c f i Keylock.obj
 0001:00004690       ?AtlComModuleGetClassObject@ATL@@YAJPEAU_ATL_COM_MODULE70@1@AEBU_GUID@@1PEAPEAX@Z 0000000180005690 f i Keylock.obj
 0001:000047d0       ?AtlComModuleRegisterServer@ATL@@YAJPEAU_ATL_COM_MODULE70@1@HPEBU_GUID@@@Z 00000001800057d0 f i Keylock.obj
 0001:00004890       ?AtlComModuleUnregisterServer@ATL@@YAJPEAU_ATL_COM_MODULE70@1@HPEBU_GUID@@@Z 0000000180005890 f i Keylock.obj
 0001:0000494c       ?AtlCreateTargetDC@ATL@@YAPEAUHDC__@@PEAU2@PEAUtagDVTARGETDEVICE@@@Z 000000018000594c f i Keylock.obj
 0001:000049c0       ?AtlHiMetricToPixel@ATL@@YAXPEBUtagSIZE@@PEAU2@@Z 00000001800059c0 f i Keylock.obj
 0001:00004a70       ?AtlHresultFromLastError@ATL@@YAJXZ 0000000180005a70 f i Keylock.obj
 0001:00004a90       ?AtlHresultFromWin32@ATL@@YAJK@Z 0000000180005a90 f i Keylock.obj
 0001:00004aa0       ?AtlIPersistStreamInit_Load@ATL@@YAJPEAUIStream@@PEBUATL_PROPMAP_ENTRY@1@PEAXPEAUIUnknown@@@Z 0000000180005aa0 f i Keylock.obj
 0001:00004cd8       ?AtlIPersistStreamInit_Save@ATL@@YAJPEAUIStream@@HPEBUATL_PROPMAP_ENTRY@1@PEAXPEAUIUnknown@@@Z 0000000180005cd8 f i Keylock.obj
 0001:00004f14       ?AtlInternalOleLoadFromStream@ATL@@YAJPEAUIStream@@AEBU_GUID@@PEAPEAXTClassesAllowedInStream@1@K@Z 0000000180005f14 f i Keylock.obj
 0001:00005058       ?AtlInternalQueryInterface@ATL@@YAJPEAXPEBU_ATL_INTMAP_ENTRY@1@AEBU_GUID@@PEAPEAX@Z 0000000180006058 f i Keylock.obj
 0001:00005160       ?AtlLoadTypeLib@ATL@@YAJPEAUHINSTANCE__@@PEB_WPEAPEA_WPEAPEAUITypeLib@@@Z 0000000180006160 f i Keylock.obj
 0001:000053bc       ?AtlModuleAddTermFunc@ATL@@YAJPEAU_ATL_MODULE70@1@P6AX_K@Z1@Z 00000001800063bc f i Keylock.obj
 0001:00005450       ?AtlRegisterClassCategoriesHelper@ATL@@YAJAEBU_GUID@@PEBU_ATL_CATMAP_ENTRY@1@H@Z 0000000180006450 f i Keylock.obj
 0001:000058b4       ?AtlRegisterTypeLib@ATL@@YAJPEAUHINSTANCE__@@PEB_W@Z 00000001800068b4 f i Keylock.obj
 0001:00005ab0       ?AtlThrowImpl@ATL@@YAXJ@Z  0000000180006ab0 f i Keylock.obj
 0001:00005ad4       ?AtlUnRegisterTypeLib@ATL@@YAJPEAUHINSTANCE__@@PEB_W@Z 0000000180006ad4 f i Keylock.obj
 0001:00005b9c       ?AtlWinModuleExtractCreateWndData@ATL@@YAPEAXPEAU_ATL_WIN_MODULE70@1@@Z 0000000180006b9c f i Keylock.obj
 0001:00005c28       ?Cleanup@CComTypeInfoHolder@ATL@@SAX_K@Z 0000000180006c28 f i Keylock.obj
 0001:00005c68       ?ClearReplacements@CExpansionVector@ATL@@QEAAJXZ 0000000180006c68 f i Keylock.obj
 0001:00005d04       ?Create@?$CWindowImpl@VCOPOSKeylock@@VCWindow@ATL@@V?$CWinTraits@$0FGAAAAAA@$0A@@3@@ATL@@QEAAPEAUHWND__@@PEAU3@V_U_RECT@2@PEB_WKKV_U_MENUorID@2@PEAX@Z 0000000180006d04 f i Keylock.obj
 0001:00005db4       ?Create@?$CWindowImplBaseT@VCWindow@ATL@@V?$CWinTraits@$0FGAAAAAA@$0A@@2@@ATL@@QEAAPEAUHWND__@@PEAU3@V_U_RECT@2@PEB_WKKV_U_MENUorID@2@GPEAX@Z 0000000180006db4 f i Keylock.obj
 0001:00005f24       ?Create@CRegKey@ATL@@QEAAJPEAUHKEY__@@PEB_WPEA_WKKPEAU_SECURITY_ATTRIBUTES@@PEAK@Z 0000000180006f24 f i Keylock.obj
 0001:00006008       ?CreateInstance@?$CComCreator@V?$CComAggObject@VCOPOSKeylock@@@ATL@@@ATL@@SAJPEAXAEBU_GUID@@PEAPEAX@Z 0000000180007008 f i Keylock.obj
 0001:000060e0       ?CreateInstance@?$CComCreator@V?$CComObject@VCOPOSKeylock@@@ATL@@@ATL@@SAJPEAXAEBU_GUID@@PEAPEAX@Z 00000001800070e0 f i Keylock.obj
 0001:00006198       ?CreateInstance@?$CComObject@V?$CComEnum@UIEnumConnectionPoints@@$1?_GUID_b196b285_bab4_101a_b69c_00aa00341d07@@3U__s_GUID@@BPEAUIConnectionPoint@@V?$_CopyInterface@UIConnectionPoint@@@ATL@@VCComSingleThreadModel@6@@ATL@@@ATL@@SAJPEAPEAV12@@Z 0000000180007198 f i Keylock.obj
 0001:00006224       ?CreateInstance@?$CComObject@V?$CComEnum@UIEnumConnections@@$1?_GUID_b196b287_bab4_101a_b69c_00aa00341d07@@3U__s_GUID@@BUtagCONNECTDATA@@V?$_Copy@UtagCONNECTDATA@@@ATL@@VCComSingleThreadModel@6@@ATL@@@ATL@@SAJPEAPEAV12@@Z 0000000180007224 f i Keylock.obj
 0001:000062b0       ?DefaultReflectionHandler@?$CWindowImplRoot@VCWindow@ATL@@@ATL@@SAHPEAUHWND__@@I_K_JAEA_J@Z 00000001800072b0 f i Keylock.obj
 0001:00006314       ?DoEvent@COPOSKeylock@@IEAAXI_K_J@Z 0000000180007314 f i Keylock.obj
 0001:000063c8       ?DoVerbPrimary@?$IOleObjectImpl@VCOPOSKeylock@@@ATL@@QEAAJPEBUtagRECT@@PEAUHWND__@@@Z 00000001800073c8 f i Keylock.obj
 0001:000064f0       ?DoVerbProperties@CComControlBase@ATL@@QEAAJPEBUtagRECT@@PEAUHWND__@@@Z 00000001800074f0 f i Keylock.obj
 0001:00006718       ?FireTheEvent@?$CProxy_IOPOSEvents@VCOPOSKeylock@@@@IEAAXPEAVOposVariant@@IAEAJPEB_WJ@Z 0000000180007718 f i Keylock.obj
 0001:00006804       ?FireViewChange@CComControlBase@ATL@@QEAAJXZ 0000000180007804 f i Keylock.obj
 0001:00006868       ?Fire_DirectIOEvent@?$CProxy_IOPOSEvents@VCOPOSKeylock@@@@QEAAXJPEAJPEAPEA_W@Z 0000000180007868 f i Keylock.obj
 0001:000069c0       ?Fire_StatusUpdateEvent@?$CProxy_IOPOSEvents@VCOPOSKeylock@@@@QEAAXJ@Z 00000001800079c0 f i Keylock.obj
 0001:00006aac       ?FreeHeap@?$CTempBuffer@E$0BAA@VCCRTAllocator@ATL@@@ATL@@AEAAXXZ 0000000180007aac f i Keylock.obj
 0001:00006aac       ?FreeHeap@?$CTempBuffer@_W$0EAA@VCCRTAllocator@ATL@@@ATL@@AEAAXXZ 0000000180007aac f i Keylock.obj
 0001:00006aac       ?FreeHeap@?$CTempBuffer@_W$0BAA@VCCRTAllocator@ATL@@@ATL@@AEAAXXZ 0000000180007aac f i Keylock.obj
 0001:00006ab4       ?GetAmbientLocaleID@CComControlBase@ATL@@QEAAJAEAK@Z 0000000180007ab4 f i Keylock.obj
 0001:00006b74       ?GetAmbientUserMode@CComControlBase@ATL@@QEAAJAEAH@Z 0000000180007b74 f i Keylock.obj
 0001:00006c48       ?GetClassObject@CComModule@ATL@@QEAAJAEBU_GUID@@0PEAPEAX@Z 0000000180007c48 f i Keylock.obj
 0001:00006d3c       ?GetConnMap@COPOSKeylock@@SAPEBU_ATL_CONNMAP_ENTRY@ATL@@PEAH@Z 0000000180007d3c f i Keylock.obj
 0001:00006dc4       ?GetIDsOfNames@CComTypeInfoHolder@ATL@@QEAAJAEBU_GUID@@PEAPEA_WIKPEAJ@Z 0000000180007dc4 f i Keylock.obj
 0001:00006f3c       ?GetPagesHelper@?$ISpecifyPropertyPagesImpl@VCOPOSKeylock@@@ATL@@IEAAJPEAUtagCAUUID@@PEBUATL_PROPMAP_ENTRY@2@@Z 0000000180007f3c f i Keylock.obj
 0001:000070dc       ?GetSizeMax@CComVariant@ATL@@QEBAJPEAT_ULARGE_INTEGER@@@Z 00000001800080dc f i Keylock.obj
 0001:00007310       ?GetTI@CComTypeInfoHolder@ATL@@QEAAJK@Z 0000000180008310 f i Keylock.obj
 0001:00007588       ?GetZoomInfo@CComControlBase@ATL@@QEAAXAEAUATL_DRAWINFO@@@Z 0000000180008588 f i Keylock.obj
 0001:0000762c       ?HKeyFromString@CRegParser@ATL@@KAPEAUHKEY__@@PEA_W@Z 000000018000862c f i Keylock.obj
 0001:00007690       ?IDataObject_GetData@CComControlBase@ATL@@QEAAJPEAUtagFORMATETC@@PEAUtagSTGMEDIUM@@@Z 0000000180008690 f i Keylock.obj
 0001:00007884       ?IOleInPlaceObject_InPlaceDeactivate@CComControlBase@ATL@@QEAAJXZ 0000000180008884 f i Keylock.obj
 0001:00007924       ?IOleInPlaceObject_SetObjectRects@CComControlBase@ATL@@QEAAJPEBUtagRECT@@0@Z 0000000180008924 f i Keylock.obj
 0001:00007a14       ?IOleInPlaceObject_UIDeactivate@CComControlBase@ATL@@QEAAJXZ 0000000180008a14 f i Keylock.obj
 0001:00007b20       ?IOleObject_Close@CComControlBase@ATL@@QEAAJK@Z 0000000180008b20 f i Keylock.obj
 0001:00007c38       ?IOleObject_SetClientSite@CComControlBase@ATL@@QEAAJPEAUIOleClientSite@@@Z 0000000180008c38 f i Keylock.obj
 0001:00007cb0       ?IOleObject_SetExtent@CComControlBase@ATL@@QEAAJKPEAUtagSIZE@@@Z 0000000180008cb0 f i Keylock.obj
 0001:00007d48       ?IPSI_GetIPersistStreamInit@?$IPersistStorageImpl@VCOPOSKeylock@@@ATL@@AEAAPEAUIPersistStreamInit@@XZ 0000000180008d48 f i Keylock.obj
 0001:00007da4       ?IQuickActivate_QuickActivate@CComControlBase@ATL@@QEAAJPEAUtagQACONTAINER@@PEAUtagQACONTROL@@@Z 0000000180008da4 f i Keylock.obj
 0001:00008068       ?IViewObject_Draw@CComControlBase@ATL@@QEAAJKJPEAXPEAUtagDVTARGETDEVICE@@PEAUHDC__@@2PEBU_RECTL@@3@Z 0000000180009068 f i Keylock.obj
 0001:0000817c       ?InPlaceActivate@CComControlBase@ATL@@QEAAJJPEBUtagRECT@@@Z 000000018000917c f i Keylock.obj
 0001:000084b4       ?Init@?$CComEnumImpl@UIEnumConnectionPoints@@$1?_GUID_b196b285_bab4_101a_b69c_00aa00341d07@@3U__s_GUID@@BPEAUIConnectionPoint@@V?$_CopyInterface@UIConnectionPoint@@@ATL@@@ATL@@QEAAJPEAPEAUIConnectionPoint@@0PEAUIUnknown@@W4CComEnumFlags@2@@Z 00000001800094b4 f i Keylock.obj
 0001:000085d4       ?Init@?$CComEnumImpl@UIEnumConnections@@$1?_GUID_b196b287_bab4_101a_b69c_00aa00341d07@@3U__s_GUID@@BUtagCONNECTDATA@@V?$_Copy@UtagCONNECTDATA@@@ATL@@@ATL@@QEAAJPEAUtagCONNECTDATA@@0PEAUIUnknown@@W4CComEnumFlags@2@@Z 00000001800095d4 f i Keylock.obj
 0001:000086f8       ?IsEqualObject@?$CComPtrBase@UITypeInfo@@@ATL@@QEAA_NPEAUIUnknown@@@Z 00000001800096f8 f i Keylock.obj
 0001:000086f8       ?IsEqualObject@?$CComPtrBase@UIOleClientSite@@@ATL@@QEAA_NPEAUIUnknown@@@Z 00000001800096f8 f i Keylock.obj
 0001:00008784       ?LoadNameCache@CComTypeInfoHolder@ATL@@QEAAJPEAUITypeInfo@@@Z 0000000180009784 f i Keylock.obj
 0001:00008908       ?Lookup@?$CSimpleMap@PEA_WPEA_WVCExpansionVectorEqualHelper@ATL@@@ATL@@QEBAPEA_WAEBQEA_W@Z 0000000180009908 f i Keylock.obj
 0001:00008994       ?NextToken@CRegParser@ATL@@IEAAJPEA_W@Z 0000000180009994 f i Keylock.obj
 0001:00008b4c       ?OnKillFocus@CComControlBase@ATL@@QEAA_JI_K_JAEAH@Z 0000000180009b4c f i Keylock.obj
 0001:00008be8       ?OnMouseActivate@CComControlBase@ATL@@QEAA_JI_K_JAEAH@Z 0000000180009be8 f i Keylock.obj
 0001:00008c88       ?OnPaint@CComControlBase@ATL@@QEAA_JI_K_JAEAH@Z 0000000180009c88 f i Keylock.obj
 0001:00008d74       ?OnSetFocus@CComControlBase@ATL@@QEAA_JI_K_JAEAH@Z 0000000180009d74 f i Keylock.obj
 0001:00008e70       ?Open@CRegKey@ATL@@QEAAJPEAUHKEY__@@PEB_WK@Z 0000000180009e70 f i Keylock.obj
 0001:00008eec       ?PreProcessBuffer@CRegParser@ATL@@QEAAJPEA_WPEAPEA_W@Z 0000000180009eec f i Keylock.obj
 0001:00009270       ?ProcessWindowMessage@?$CComControl@VCOPOSKeylock@@V?$CWindowImpl@VCOPOSKeylock@@VCWindow@ATL@@V?$CWinTraits@$0FGAAAAAA@$0A@@3@@ATL@@@ATL@@UEAAHPEAUHWND__@@I_K_JAEA_JK@Z 000000018000a270 f i Keylock.obj
 0001:00009354       ?PutProperty@?$CComPtr@UIDispatch@@@ATL@@SAJPEAUIDispatch@@JPEAUtagVARIANT@@@Z 000000018000a354 f i Keylock.obj
 0001:00009458       ?ReadFromStream@CComBSTR@ATL@@QEAAJPEAUIStream@@@Z 000000018000a458 f i Keylock.obj
 0001:000095b4       ?ReadFromStream@CComVariant@ATL@@QEAAJPEAUIStream@@GTClassesAllowedInStream@2@K@Z 000000018000a5b4 f i Keylock.obj
 0001:000097c4       ?RecurseDeleteKey@CRegKey@ATL@@QEAAJPEB_W@Z 000000018000a7c4 f i Keylock.obj
 0001:000098e8       ?RegCreateKeyExW@CAtlTransactionManager@ATL@@QEAAJPEAUHKEY__@@PEB_WKPEA_WKKQEAU_SECURITY_ATTRIBUTES@@PEAPEAU3@PEAK@Z 000000018000a8e8 f i Keylock.obj
 0001:00009a1c       ?RegDeleteKeyW@CAtlTransactionManager@ATL@@QEAAJPEAUHKEY__@@PEB_W@Z 000000018000aa1c f i Keylock.obj
 0001:00009aa8       ?RegOpenKeyExW@CAtlTransactionManager@ATL@@QEAAJPEAUHKEY__@@PEB_WKKPEAPEAU3@@Z 000000018000aaa8 f i Keylock.obj
 0001:00009b60       ?RegisterBuffer@CRegParser@ATL@@QEAAJPEA_WH@Z 000000018000ab60 f i Keylock.obj
 0001:00009cc8       ?RegisterFromResource@CRegObject@ATL@@IEAAJPEB_W00H@Z 000000018000acc8 f i Keylock.obj
 0001:00009e84       ?RegisterServer@CComModule@ATL@@QEAAJHPEBU_GUID@@@Z 000000018000ae84 f i Keylock.obj
 0001:00009f44       ?RegisterSubkeys@CRegParser@ATL@@IEAAJPEA_WPEAUHKEY__@@HH@Z 000000018000af44 f i Keylock.obj
 0001:0000a634       ?SendOnDataChange@CComControlBase@ATL@@QEAAJK@Z 000000018000b634 f i Keylock.obj
 0001:0000a6a4       ?SetControlFocus@CComControlBase@ATL@@QEAAHH@Z 000000018000b6a4 f i Keylock.obj
 0001:0000a780       ?SkipAssignment@CRegParser@ATL@@IEAAJPEA_W@Z 000000018000b780 f i Keylock.obj
 0001:0000a824       ?Term@CComModule@ATL@@QEAAXXZ 000000018000b824 f i Keylock.obj
 0001:0000a8d0       ?UnregisterServer@CComModule@ATL@@QEAAJHPEBU_GUID@@@Z 000000018000b8d0 f i Keylock.obj
 0001:0000a980       ?UpdateRegistryFromResource@CAtlModule@ATL@@QEAAJIHPEAU_ATL_REGMAP_ENTRY@2@@Z 000000018000b980 f i Keylock.obj
 0001:0000acb8       ?UpdateRegistryFromResource@CAtlModule@ATL@@QEAAJPEB_WHPEAU_ATL_REGMAP_ENTRY@2@@Z 000000018000bcb8 f i Keylock.obj
 0001:0000b010       ?VTFromRegType@CRegParser@ATL@@KAHPEB_WAEAG@Z 000000018000c010 f i Keylock.obj
 0001:0000b0ac       ?WindowProc@?$CWindowImplBaseT@VCWindow@ATL@@V?$CWinTraits@$0FGAAAAAA@$0A@@2@@ATL@@SA_JPEAUHWND__@@I_K_J@Z 000000018000c0ac f i Keylock.obj
 0001:0000b218       ?WriteToStream@CComBSTR@ATL@@QEAAJPEAUIStream@@@Z 000000018000c218 f i Keylock.obj
 0001:0000b298       ?WriteToStream@CComVariant@ATL@@QEAAJPEAUIStream@@@Z 000000018000c298 f i Keylock.obj
 0001:0000b4ac       ?WriteToStream@CComVariant@ATL@@QEAAJPEAUIStream@@G@Z 000000018000c4ac f i Keylock.obj
 0001:0000b544       ?_AtlVerifyStackAvailable@_ATL_SAFE_ALLOCA_IMPL@ATL@@YA_N_K@Z 000000018000c544 f i Keylock.obj
 0001:0000b5c8       DllCanUnloadNow            000000018000c5c8 f   Keylock.obj
 0001:0000b5d4       DllGetClassObject          000000018000c5d4 f   Keylock.obj
 0001:0000b5ec       DllMain                    000000018000c5ec f   Keylock.obj
 0001:0000b694       DllRegisterServer          000000018000c694 f   Keylock.obj
 0001:0000b6a8       DllUnregisterServer        000000018000c6a8 f   Keylock.obj
 0001:0000b6bc       __local_stdio_printf_options 000000018000c6bc f i Keylock.obj
 0001:0000b74c       swprintf_s                 000000018000c74c f i Keylock.obj
 0001:0000b7a0       ??0COPOSKeylock@@QEAA@XZ   000000018000c7a0 f   KeylockImpl.obj
 0001:0000b85c       ??1?$IConnectionPointImpl@VCOPOSKeylock@@$1?DIID__IOPOSKeylockEvents@@3U_GUID@@BVCComDynamicUnkArray@ATL@@@ATL@@QEAA@XZ 000000018000c85c f i KeylockImpl.obj
 0001:0000b85c       ??1?$IConnectionPointImpl@VCOPOSKeylock@@$1?IID_IPropertyNotifySink@@3U_GUID@@BVCComDynamicUnkArray@ATL@@@ATL@@QEAA@XZ 000000018000c85c f i KeylockImpl.obj
 0001:0000b8b8       ??1CComControlBase@ATL@@UEAA@XZ 000000018000c8b8 f i KeylockImpl.obj
 0001:0000b934       ??1COPOSKeylock@@UEAA@XZ   000000018000c934 f   KeylockImpl.obj
 0001:0000b998       ?CheckHealth@COPOSKeylock@@UEAAJJPEAJ@Z 000000018000c998 f   KeylockImpl.obj
 0001:0000ba14       ?ClaimDevice@COPOSKeylock@@UEAAJJPEAJ@Z 000000018000ca14 f   KeylockImpl.obj
 0001:0000baac       ?Close@COPOSKeylock@@UEAAJPEAJ@Z 000000018000caac f   KeylockImpl.obj
 0001:0000bb64       ?CompareFirmwareVersion@COPOSKeylock@@UEAAJPEA_WPEAJ1@Z 000000018000cb64 f   KeylockImpl.obj
 0001:0000bc40       ?DirectIO@COPOSKeylock@@UEAAJJPEAJPEAPEA_W0@Z 000000018000cc40 f   KeylockImpl.obj
 0001:0000bd3c       ?DoInvoke@COPOSKeylock@@IEAAJJPEAVOposVariant@@IHPEAJ_N@Z 000000018000cd3c f   KeylockImpl.obj
 0001:0000be70       ?EventInit@COPOSKeylock@@IEAAJXZ 000000018000ce70 f i KeylockImpl.obj
 0001:0000bfb8       ?EventUninit@COPOSKeylock@@IEAAXXZ 000000018000cfb8 f i KeylockImpl.obj
 0001:0000c01c       ?EventWindowProc@COPOSKeylock@@IEAA_JI_K_J@Z 000000018000d01c f i KeylockImpl.obj
 0001:0000c114       ?FinalConstruct@COPOSKeylock@@QEAAJXZ 000000018000d114 f   KeylockImpl.obj
 0001:0000c150       ?FreezeEvents@COPOSKeylock@@MEAAJH@Z 000000018000d150 f   KeylockImpl.obj
 0001:0000c1c4       ?GetOposProp@COPOSKeylock@@IEAAJJPEAJJ@Z 000000018000d1c4 f   KeylockImpl.obj
 0001:0000c2e0       ?GetOposProp@COPOSKeylock@@IEAAJJPEAPEA_WJ@Z 000000018000d2e0 f   KeylockImpl.obj
 0001:0000c40c       ?OnDraw@COPOSKeylock@@MEAAJAEAUATL_DRAWINFO@@@Z 000000018000d40c f   KeylockImpl.obj
 0001:0000c4f8       ?Open@COPOSKeylock@@UEAAJPEA_WPEAJ@Z 000000018000d4f8 f   KeylockImpl.obj
 0001:0000cd80       ?ReleaseDevice@COPOSKeylock@@UEAAJPEAJ@Z 000000018000dd80 f   KeylockImpl.obj
 0001:0000cdc4       ?ResetStatistics@COPOSKeylock@@UEAAJPEA_WPEAJ@Z 000000018000ddc4 f   KeylockImpl.obj
 0001:0000ce4c       ?RetrieveStatistics@COPOSKeylock@@UEAAJPEAPEA_WPEAJ@Z 000000018000de4c f   KeylockImpl.obj
 0001:0000ced4       ?SOProcessID@COPOSKeylock@@UEAAJPEAJ@Z 000000018000ded4 f   KeylockImpl.obj
 0001:0000cef0       ?SetCOFreezeEvents@COPOSKeylock@@IEAAXF@Z 000000018000def0 f   KeylockImpl.obj
 0001:0000cfd4       ?SetOposProp@COPOSKeylock@@IEAAJJJJ@Z 000000018000dfd4 f   KeylockImpl.obj
 0001:0000d134       ?UpdateFirmware@COPOSKeylock@@UEAAJPEA_WPEAJ@Z 000000018000e134 f   KeylockImpl.obj
 0001:0000d1bc       ?UpdateStatistics@COPOSKeylock@@UEAAJPEA_WPEAJ@Z 000000018000e1bc f   KeylockImpl.obj
 0001:0000d244       ?WaitForKeylockChange@COPOSKeylock@@UEAAJJJPEAJ@Z 000000018000e244 f   KeylockImpl.obj
 0001:0000d310       ?get_BinaryConversion@COPOSKeylock@@UEAAJPEAJ@Z 000000018000e310 f   KeylockImpl.obj
 0001:0000d324       ?get_CapCompareFirmwareVersion@COPOSKeylock@@UEAAJPEAF@Z 000000018000e324 f   KeylockImpl.obj
 0001:0000d358       ?get_CapKeylockType@COPOSKeylock@@UEAAJPEAJ@Z 000000018000e358 f   KeylockImpl.obj
 0001:0000d36c       ?get_CapPowerReporting@COPOSKeylock@@UEAAJPEAJ@Z 000000018000e36c f   KeylockImpl.obj
 0001:0000d380       ?get_CapStatisticsReporting@COPOSKeylock@@UEAAJPEAF@Z 000000018000e380 f   KeylockImpl.obj
 0001:0000d3b4       ?get_CapUpdateFirmware@COPOSKeylock@@UEAAJPEAF@Z 000000018000e3b4 f   KeylockImpl.obj
 0001:0000d3e8       ?get_CapUpdateStatistics@COPOSKeylock@@UEAAJPEAF@Z 000000018000e3e8 f   KeylockImpl.obj
 0001:0000d41c       ?get_CheckHealthText@COPOSKeylock@@UEAAJPEAPEA_W@Z 000000018000e41c f   KeylockImpl.obj
 0001:0000d42c       ?get_Claimed@COPOSKeylock@@UEAAJPEAF@Z 000000018000e42c f   KeylockImpl.obj
 0001:0000d45c       ?get_ControlObjectDescription@COPOSKeylock@@UEAAJPEAPEA_W@Z 000000018000e45c f   KeylockImpl.obj
 0001:0000d4c0       ?get_ControlObjectVersion@COPOSKeylock@@UEAAJPEAJ@Z 000000018000e4c0 f   KeylockImpl.obj
 0001:0000d4cc       ?get_DeviceDescription@COPOSKeylock@@UEAAJPEAPEA_W@Z 000000018000e4cc f   KeylockImpl.obj
 0001:0000d4dc       ?get_DeviceEnabled@COPOSKeylock@@UEAAJPEAF@Z 000000018000e4dc f   KeylockImpl.obj
 0001:0000d50c       ?get_DeviceName@COPOSKeylock@@UEAAJPEAPEA_W@Z 000000018000e50c f   KeylockImpl.obj
 0001:0000d51c       ?get_ElectronicKeyValue@COPOSKeylock@@UEAAJPEAPEA_W@Z 000000018000e51c f   KeylockImpl.obj
 0001:0000d530       ?get_FreezeEvents@COPOSKeylock@@UEAAJPEAF@Z 000000018000e530 f   KeylockImpl.obj
 0001:0000d560       ?get_KeyPosition@COPOSKeylock@@UEAAJPEAJ@Z 000000018000e560 f   KeylockImpl.obj
 0001:0000d570       ?get_OpenResult@COPOSKeylock@@UEAAJPEAJ@Z 000000018000e570 f   KeylockImpl.obj
 0001:0000d57c       ?get_PositionCount@COPOSKeylock@@UEAAJPEAJ@Z 000000018000e57c f   KeylockImpl.obj
 0001:0000d58c       ?get_PowerNotify@COPOSKeylock@@UEAAJPEAJ@Z 000000018000e58c f   KeylockImpl.obj
 0001:0000d5a0       ?get_PowerState@COPOSKeylock@@UEAAJPEAJ@Z 000000018000e5a0 f   KeylockImpl.obj
 0001:0000d5b4       ?get_ResultCode@COPOSKeylock@@UEAAJPEAJ@Z 000000018000e5b4 f   KeylockImpl.obj
 0001:0000d5f0       ?get_ResultCodeExtended@COPOSKeylock@@UEAAJPEAJ@Z 000000018000e5f0 f   KeylockImpl.obj
 0001:0000d600       ?get_ServiceObjectDescription@COPOSKeylock@@UEAAJPEAPEA_W@Z 000000018000e600 f   KeylockImpl.obj
 0001:0000d610       ?get_ServiceObjectVersion@COPOSKeylock@@UEAAJPEAJ@Z 000000018000e610 f   KeylockImpl.obj
 0001:0000d620       ?get_State@COPOSKeylock@@UEAAJPEAJ@Z 000000018000e620 f   KeylockImpl.obj
 0001:0000d64c       ?put_BinaryConversion@COPOSKeylock@@UEAAJJ@Z 000000018000e64c f   KeylockImpl.obj
 0001:0000d660       ?put_DeviceEnabled@COPOSKeylock@@UEAAJF@Z 000000018000e660 f   KeylockImpl.obj
 0001:0000d678       ?put_FreezeEvents@COPOSKeylock@@UEAAJF@Z 000000018000e678 f   KeylockImpl.obj
 0001:0000d6c8       ?put_PowerNotify@COPOSKeylock@@UEAAJJ@Z 000000018000e6c8 f   KeylockImpl.obj
 0001:0000d6dc       ?s_EventWindowProc@COPOSKeylock@@KA_JPEAUHWND__@@I_K_J@Z 000000018000e6dc f i KeylockImpl.obj
 0001:0000d758       ??_U@YAPEAX_K@Z            000000018000e758 f   LIBCMT:new_array.obj
 0001:0000d760       ??_V@YAXPEAX@Z             000000018000e760 f   LIBCMT:delete_array.obj
 0001:0000d760       ??3@YAXPEAX_K@Z            000000018000e760 f   LIBCMT:delete_scalar_size.obj
 0001:0000d768       ??_V@YAXPEAX_K@Z           000000018000e768 f   LIBCMT:delete_array_size.obj
 0001:0000d770       __scrt_acquire_startup_lock 000000018000e770 f   LIBCMT:utility.obj
 0001:0000d7ac       __scrt_dllmain_after_initialize_c 000000018000e7ac f   LIBCMT:utility.obj
 0001:0000d7e0       __scrt_dllmain_before_initialize_c 000000018000e7e0 f   LIBCMT:utility.obj
 0001:0000d7f8       __scrt_dllmain_crt_thread_attach 000000018000e7f8 f   LIBCMT:utility.obj
 0001:0000d820       __scrt_dllmain_crt_thread_detach 000000018000e820 f   LIBCMT:utility.obj
 0001:0000d838       __scrt_dllmain_exception_filter 000000018000e838 f   LIBCMT:utility.obj
 0001:0000d898       __scrt_dllmain_uninitialize_c 000000018000e898 f   LIBCMT:utility.obj
 0001:0000d8c8       __scrt_dllmain_uninitialize_critical 000000018000e8c8 f   LIBCMT:utility.obj
 0001:0000d8dc       __scrt_initialize_crt      000000018000e8dc f   LIBCMT:utility.obj
 0001:0000d928       __scrt_initialize_onexit_tables 000000018000e928 f   LIBCMT:utility.obj
 0001:0000da00       __scrt_is_nonwritable_in_current_image 000000018000ea00 f   LIBCMT:utility.obj
 0001:0000da9c       __scrt_release_startup_lock 000000018000ea9c f   LIBCMT:utility.obj
 0001:0000dac0       __scrt_uninitialize_crt    000000018000eac0 f   LIBCMT:utility.obj
 0001:0000daec       _onexit                    000000018000eaec f   LIBCMT:utility.obj
 0001:0000db3c       atexit                     000000018000eb3c f   LIBCMT:utility.obj
 0001:0000db54       ??3@YAXPEAX@Z              000000018000eb54 f   LIBCMT:delete_scalar.obj
 0001:0000dce4       _Init_thread_footer        000000018000ece4 f   LIBCMT:thread_safe_statics.obj
 0001:0000dd44       _Init_thread_header        000000018000ed44 f   LIBCMT:thread_safe_statics.obj
 0001:0000ddac       _Init_thread_notify        000000018000edac f   LIBCMT:thread_safe_statics.obj
 0001:0000ddfc       _Init_thread_wait          000000018000edfc f   LIBCMT:thread_safe_statics.obj
 0001:0000de74       __raise_securityfailure    000000018000ee74 f   LIBCMT:gs_report.obj
 0001:0000dea8       __report_gsfailure         000000018000eea8 f   LIBCMT:gs_report.obj
 0001:0000df7c       __report_rangecheckfailure 000000018000ef7c f   LIBCMT:gs_report.obj
 0001:0000df90       __report_securityfailure   000000018000ef90 f   LIBCMT:gs_report.obj
 0001:0000e110       ??2@YAPEAX_KAEBUnothrow_t@std@@@Z 000000018000f110 f   LIBCMT:new_scalar_nothrow.obj
 0001:0000e130       ??_U@YAPEAX_KAEBUnothrow_t@std@@@Z 000000018000f130 f   LIBCMT:new_array_nothrow.obj
 0001:0000e138       __GSHandlerCheck           000000018000f138 f   LIBCMT:_gshandler_.obj
 0001:0000e158       __GSHandlerCheckCommon     000000018000f158 f   LIBCMT:_gshandler_.obj
 0001:0000e1b4       __GSHandlerCheck_SEH       000000018000f1b4 f   LIBCMT:_gshandlerseh_.obj
 0001:0000e250       __chkstk                   000000018000f250 f   LIBCMT:_chkstk_.obj
 0001:0000e250       _alloca_probe              000000018000f250 f   LIBCMT:_chkstk_.obj
 0001:0000e2c0       __security_check_cookie    000000018000f2c0 f   LIBCMT:_amdsecgs_.obj
 0001:0000e614       _DllMainCRTStartup         000000018000f614 f   LIBCMT:dll_dllmain.obj
 0001:0000e654       ??2@YAPEAX_K@Z             000000018000f654 f   LIBCMT:new_scalar.obj
 0001:0000e690       __isa_available_init       000000018000f690 f   LIBCMT:_cpu_disp_.obj
 0001:0000e84c       _get_startup_argv_mode     000000018000f84c f   LIBCMT:argv_mode.obj
 0001:0000e854       __scrt_is_ucrt_dll_in_use  000000018000f854 f   LIBCMT:ucrt_detection.obj
 0001:0000e860       __crt_debugger_hook        000000018000f860 f   LIBCMT:utility_desktop.obj
 0001:0000e868       __scrt_fastfail            000000018000f868 f   LIBCMT:utility_desktop.obj
 0001:0000e9b4       _guard_check_icall_nop     000000018000f9b4 f i LIBCMT:guard_support.obj
 0001:0000e9b8       __security_init_cookie     000000018000f9b8 f   LIBCMT:gs_support.obj
 0001:0000ea64       ?__scrt_initialize_type_info@@YAXXZ 000000018000fa64 f   LIBCMT:tncleanup.obj
 0001:0000ea74       ?__scrt_uninitialize_type_info@@YAXXZ 000000018000fa74 f   LIBCMT:tncleanup.obj
 0001:0000ea80       __local_stdio_scanf_options 000000018000fa80 f i LIBCMT:default_local_stdio_options.obj
 0001:0000ea88       __scrt_initialize_default_local_stdio_options 000000018000fa88 f   LIBCMT:default_local_stdio_options.obj
 0001:0000eaa4       __scrt_get_dyn_tls_init_callback 000000018000faa4 f   LIBCMT:dyn_tls_init.obj
 0001:0000eaac       _RTC_Initialize            000000018000faac f   LIBCMT:_initsect_.obj
 0001:0000eae8       _RTC_Terminate             000000018000fae8 f   LIBCMT:_initsect_.obj
 0001:0000eb24       ??0bad_alloc@std@@QEAA@AEBV01@@Z 000000018000fb24 f i LIBCMT:throw_bad_alloc.obj
 0001:0000eb64       ??0bad_alloc@std@@QEAA@XZ  000000018000fb64 f i LIBCMT:throw_bad_alloc.obj
 0001:0000eb84       ??0bad_array_new_length@std@@QEAA@AEBV01@@Z 000000018000fb84 f i LIBCMT:throw_bad_alloc.obj
 0001:0000ebc4       ??0bad_array_new_length@std@@QEAA@XZ 000000018000fbc4 f i LIBCMT:throw_bad_alloc.obj
 0001:0000ebe4       ??0exception@std@@QEAA@AEBV01@@Z 000000018000fbe4 f i LIBCMT:throw_bad_alloc.obj
 0001:0000ec1c       ??1bad_array_new_length@std@@UEAA@XZ 000000018000fc1c f i LIBCMT:throw_bad_alloc.obj
 0001:0000ec1c       ??1bad_alloc@std@@UEAA@XZ  000000018000fc1c f i LIBCMT:throw_bad_alloc.obj
 0001:0000ec1c       ??1bad_exception@std@@UEAA@XZ 000000018000fc1c f i libvcruntime:frame.obj
 0001:0000ec30       ??_Gbad_alloc@std@@UEAAPEAXI@Z 000000018000fc30 f i LIBCMT:throw_bad_alloc.obj
 0001:0000ec30       ??_Gbad_exception@std@@UEAAPEAXI@Z 000000018000fc30 f i libvcruntime:frame.obj
 0001:0000ec30       ??_Ebad_exception@std@@UEAAPEAXI@Z 000000018000fc30 f i libvcruntime:frame.obj
 0001:0000ec30       ??_Ebad_alloc@std@@UEAAPEAXI@Z 000000018000fc30 f i LIBCMT:throw_bad_alloc.obj
 0001:0000ec30       ??_Eexception@std@@UEAAPEAXI@Z 000000018000fc30 f i LIBCMT:throw_bad_alloc.obj
 0001:0000ec30       ??_Gexception@std@@UEAAPEAXI@Z 000000018000fc30 f i LIBCMT:throw_bad_alloc.obj
 0001:0000ec30       ??_Ebad_array_new_length@std@@UEAAPEAXI@Z 000000018000fc30 f i LIBCMT:throw_bad_alloc.obj
 0001:0000ec30       ??_Gbad_array_new_length@std@@UEAAPEAXI@Z 000000018000fc30 f i LIBCMT:throw_bad_alloc.obj
 0001:0000ec74       ?__scrt_throw_std_bad_alloc@@YAXXZ 000000018000fc74 f   LIBCMT:throw_bad_alloc.obj
 0001:0000ec94       ?__scrt_throw_std_bad_array_new_length@@YAXXZ 000000018000fc94 f   LIBCMT:throw_bad_alloc.obj
 0001:0000ecb4       ?what@exception@std@@UEBAPEBDXZ 000000018000fcb4 f i LIBCMT:throw_bad_alloc.obj
 0001:0000ecd0       ??_Etype_info@@UEAAPEAXI@Z 000000018000fcd0 f i LIBCMT:std_type_info_static.obj
 0001:0000ecd0       ??_Gtype_info@@UEAAPEAXI@Z 000000018000fcd0 f i LIBCMT:std_type_info_static.obj
 0001:0000ecfc       ??0CAtlBaseModule@ATL@@QEAA@XZ 000000018000fcfc f   atls:atlbase.obj
 0001:0000eda4       ??1CAtlBaseModule@ATL@@QEAA@XZ 000000018000fda4 f   atls:atlbase.obj
 0001:0000eed8       ?__AllocStdCallThunk_cmn@@YAPEAXXZ 000000018000fed8 f   atls:atlthunk.obj
 0001:0000f030       AtlThunk_AllocateData      0000000180010030 f   atls:atlthunk.obj
 0001:0000f0ac       AtlThunk_DataToCode        00000001800100ac f   atls:atlthunk.obj
 0001:0000f100       AtlThunk_FreeData          0000000180010100 f   atls:atlthunk.obj
 0001:0000f160       AtlThunk_InitData          0000000180010160 f   atls:atlthunk.obj
 0001:0000f220       memset_repmovs             0000000180010220 f   libvcruntime:memset.obj
 0001:0000f240       memset                     0000000180010240 f   libvcruntime:memset.obj
 0001:0000f3d0       _purecall                  00000001800103d0 f   libvcruntime:purevirt.obj
 0001:0000f400       wcsstr                     0000000180010400 f   libvcruntime:wcsstr.obj
 0001:0000f630       memcmp                     0000000180010630 f   libvcruntime:memcmp.obj
 0001:0000f710       memcpy_repmovs             0000000180010710 f   libvcruntime:memcpy.obj
 0001:0000f730       memmove                    0000000180010730 f   libvcruntime:memcpy.obj
 0001:0000f730       memcpy                     0000000180010730 f   libvcruntime:memcpy.obj
 0001:0000fb68       __vcrt_initialize          0000000180010b68 f   libvcruntime:initialization.obj
 0001:0000fb9c       __vcrt_thread_attach       0000000180010b9c f   libvcruntime:initialization.obj
 0001:0000fbb0       __vcrt_thread_detach       0000000180010bb0 f   libvcruntime:initialization.obj
 0001:0000fbc4       __vcrt_uninitialize        0000000180010bc4 f   libvcruntime:initialization.obj
 0001:0000fbe4       __vcrt_uninitialize_critical 0000000180010be4 f   libvcruntime:initialization.obj
 0001:0000fbf4       __C_specific_handler       0000000180010bf4 f   libvcruntime:_riscchandler_.obj
 0001:0000fe00       __DestructExceptionObject  0000000180010e00 f   libvcruntime:ehhelpers.obj
 0001:0000fe74       ?_CallMemberFunction0@@YAXQEAX0@Z 0000000180010e74 f i libvcruntime:ehhelpers.obj
 0001:0000fe78       _IsExceptionObjectToBeDestroyed 0000000180010e78 f   libvcruntime:ehhelpers.obj
 0001:0000fea8       __AdjustPointer            0000000180010ea8 f   libvcruntime:ehhelpers.obj
 0001:0000fecc       __FrameUnwindFilter        0000000180010ecc f   libvcruntime:ehhelpers.obj
 0001:0000ff18       __std_terminate            0000000180010f18 f   libvcruntime:ehhelpers.obj
 0001:0000ff24       ??$_CallSETranslator@V__FrameHandler3@@@@YAHPEAUEHExceptionRecord@@PEA_KPEAU_CONTEXT@@PEAU_xDISPATCHER_CONTEXT@@PEBU_s_FuncInfo@@K1@Z 0000000180010f24 f i libvcruntime:risctrnsctrl.obj
 0001:0000ff78       ?CatchTryBlock@__FrameHandler3@@SAPEBU_s_TryBlockMapEntry@@PEBU_s_FuncInfo@@H@Z 0000000180010f78 f   libvcruntime:risctrnsctrl.obj
 0001:0000ffd0       ?ExecutionInCatch@__FrameHandler3@@SA_NPEAU_xDISPATCHER_CONTEXT@@PEBU_s_FuncInfo@@@Z 0000000180010fd0 f   libvcruntime:risctrnsctrl.obj
 0001:0000fffc       ?FrameUnwindToEmptyState@__FrameHandler3@@SAXPEA_KPEAU_xDISPATCHER_CONTEXT@@PEBU_s_FuncInfo@@@Z 0000000180010ffc f   libvcruntime:risctrnsctrl.obj
 0001:00010060       ?GetEstablisherFrame@__FrameHandler3@@SAPEA_KPEA_KPEAU_xDISPATCHER_CONTEXT@@PEBU_s_FuncInfo@@0@Z 0000000180011060 f   libvcruntime:risctrnsctrl.obj
 0001:0001012c       ?GetRangeOfTrysToCheck@__FrameHandler3@@SA?AU?$pair@Viterator@TryBlockMap@__FrameHandler3@@V123@@std@@AEAVTryBlockMap@1@HH@Z 000000018001112c f   libvcruntime:risctrnsctrl.obj
 0001:00010288       ?UnwindNestedFrames@__FrameHandler3@@SAXPEA_KPEAUEHExceptionRecord@@PEAU_CONTEXT@@0PEAXPEBU_s_FuncInfo@@HHPEBU_s_HandlerType@@PEAU_xDISPATCHER_CONTEXT@@E@Z 0000000180011288 f   libvcruntime:risctrnsctrl.obj
 0001:000103ac       _CreateFrameInfo           00000001800113ac f   libvcruntime:risctrnsctrl.obj
 0001:000103e8       _FindAndUnlinkFrame        00000001800113e8 f   libvcruntime:risctrnsctrl.obj
 0001:0001043c       _GetImageBase              000000018001143c f   libvcruntime:risctrnsctrl.obj
 0001:00010450       _GetThrowImageBase         0000000180011450 f   libvcruntime:risctrnsctrl.obj
 0001:00010464       _SetImageBase              0000000180011464 f   libvcruntime:risctrnsctrl.obj
 0001:0001047c       _SetThrowImageBase         000000018001147c f   libvcruntime:risctrnsctrl.obj
 0001:00010494       __CxxFrameHandler3         0000000180011494 f   libvcruntime:risctrnsctrl.obj
 0001:00010514       __std_type_info_compare    0000000180011514 f   libvcruntime:std_type_info.obj
 0001:0001053c       __std_type_info_destroy_list 000000018001153c f   libvcruntime:std_type_info.obj
 0001:00010568       __std_exception_copy       0000000180011568 f   libvcruntime:std_exception.obj
 0001:000105f8       __std_exception_destroy    00000001800115f8 f   libvcruntime:std_exception.obj
 0001:00010620       _CxxThrowException         0000000180011620 f   libvcruntime:throw.obj
 0001:000106e0       __vcrt_initialize_pure_virtual_call_handler 00000001800116e0 f   libvcruntime:purevirt_data.obj
 0001:000106f0       __vcrt_freefls             00000001800116f0 f   libvcruntime:per_thread_data.obj
 0001:00010710       __vcrt_freeptd             0000000180011710 f   libvcruntime:per_thread_data.obj
 0001:00010760       __vcrt_getptd              0000000180011760 f   libvcruntime:per_thread_data.obj
 0001:0001077c       __vcrt_getptd_noexit       000000018001177c f   libvcruntime:per_thread_data.obj
 0001:00010848       __vcrt_initialize_ptd      0000000180011848 f   libvcruntime:per_thread_data.obj
 0001:0001089c       __vcrt_uninitialize_ptd    000000018001189c f   libvcruntime:per_thread_data.obj
 0001:000108c0       __vcrt_initialize_locks    00000001800118c0 f   libvcruntime:locks.obj
 0001:00010908       __vcrt_uninitialize_locks  0000000180011908 f   libvcruntime:locks.obj
 0001:00010b18       __vcrt_FlsAlloc            0000000180011b18 f   libvcruntime:winapi_downlevel.obj
 0001:00010b60       __vcrt_FlsFree             0000000180011b60 f   libvcruntime:winapi_downlevel.obj
 0001:00010ba8       __vcrt_FlsGetValue         0000000180011ba8 f   libvcruntime:winapi_downlevel.obj
 0001:00010bf0       __vcrt_FlsSetValue         0000000180011bf0 f   libvcruntime:winapi_downlevel.obj
 0001:00010c44       __vcrt_InitializeCriticalSectionEx 0000000180011c44 f   libvcruntime:winapi_downlevel.obj
 0001:00010ca8       __vcrt_initialize_winapi_thunks 0000000180011ca8 f   libvcruntime:winapi_downlevel.obj
 0001:00010cd8       __vcrt_uninitialize_winapi_thunks 0000000180011cd8 f   libvcruntime:winapi_downlevel.obj
 0001:00010d30       _NLG_Notify                0000000180011d30 f   libvcruntime:_notify_.obj
 0001:00010d50       __NLG_Dispatch2            0000000180011d50 f   libvcruntime:_notify_.obj
[...]
 0004:000016f8       $pdata$__acrt_SetThreadStackGuarantee 00000001800336f8     libucrt:winapi_thunks.obj
 0004:00001704       $pdata$?try_get_function@@YAPEAXW4function_id@?A0x391cf84c@@QEBDQEBW4module_id@2@2@Z 0000000180033704     libucrt:winapi_thunks.obj
 0004:00001710       $pdata$isdigit             0000000180033710     libucrt:_ctype.obj
 0004:0000171c       $pdata$tolower             000000018003371c     libucrt:tolower_toupper.obj
 0004:00001728       $pdata$_tolower_l          0000000180033728     libucrt:tolower_toupper.obj
 0004:00001734       $pdata$?internal_isupper_l@@YA_NHQEAU__crt_locale_pointers@@@Z 0000000180033734     libucrt:tolower_toupper.obj
 0004:00001740       $pdata$wcstol              0000000180033740     libucrt:strtox.obj
 0004:0000174c       $pdata$_mbtowc_l           000000018003374c     libucrt:mbtowc.obj
 0004:00001758       $pdata$wcsnlen             0000000180033758     libucrt:strnlen.obj
 0004:00001764       $pdata$__acrt_update_locale_info 0000000180033764     libucrt:locale_update.obj
 0004:00001770       $pdata$__acrt_update_multibyte_info 0000000180033770     libucrt:locale_update.obj
 0004:0000177c       $pdata$__acrt_fp_format    000000018003377c     libucrt:cvt.obj
 0004:00001788       $pdata$?fp_format_nan_or_infinity@@YAHW4__acrt_fp_class@@_NPEAD_K1@Z 0000000180033788     libucrt:cvt.obj
 0004:00001794       $pdata$?fp_format_e_internal@@YAHQEAD_KH_NIQEAU_strflt@@2QEAU__crt_locale_pointers@@@Z 0000000180033794     libucrt:cvt.obj
 0004:000017a0       $pdata$?fp_format_e@@YAHQEBNQEAD_K12H_NIQEAU__crt_locale_pointers@@@Z 00000001800337a0     libucrt:cvt.obj
 0004:000017ac       $pdata$?fp_format_a@@YAHQEBNPEAD_KQEAD2H_NIQEAU__crt_locale_pointers@@@Z 00000001800337ac     libucrt:cvt.obj
 0004:000017b8       $pdata$?fp_format_f_internal@@YAHQEAD_KHQEAU_strflt@@_NQEAU__crt_locale_pointers@@@Z 00000001800337b8     libucrt:cvt.obj
 0004:000017c4       $pdata$?fp_format_g@@YAHQEBNQEAD_K12H_NIQEAU__crt_locale_pointers@@@Z 00000001800337c4     libucrt:cvt.obj
 0004:000017d0       $pdata$_fileno             00000001800337d0     libucrt:fileno.obj
 0004:000017dc       $pdata$__acrt_initialize_stdio 00000001800337dc     libucrt:_file.obj
 0004:000017e8       $pdata$__acrt_uninitialize_stdio 00000001800337e8     libucrt:_file.obj
 0004:000017f4       $pdata$__acrt_uninitialize_locale 00000001800337f4     libucrt:wsetlocale.obj
 0004:00001800       $pdata$??$?RV<lambda_410d79af7f07d98d83a3f525b3859a53>@@AEAV<lambda_3e16ef9562a7dcce91392c22ab16ea36>@@V<lambda_38119f0e861e05405d8a144b9b982f0a>@@@?$__crt_seh_guarded_call@X@@QEAAX$$QEAV<lambda_410d79af7f07d98d83a3f525b3859a53>@@AEAV<lambda_3e16ef9562a7dcce91392c22ab16ea36>@@$$QEAV<lambda_38119f0e861e05405d8a144b9b982f0a>@@@Z 0000000180033800     libucrt:wsetlocale.obj
 0004:0000180c       $pdata$?fin$0@?0???$?RV<lambda_410d79af7f07d98d83a3f525b3859a53>@@AEAV<lambda_3e16ef9562a7dcce91392c22ab16ea36>@@V<lambda_38119f0e861e05405d8a144b9b982f0a>@@@?$__crt_seh_guarded_call@X@@QEAAX$$QEAV<lambda_410d79af7f07d98d83a3f525b3859a53>@@AEAV<lambda_3e16ef9562a7dcce91392c22ab16ea36>@@$$QEAV<lambda_38119f0e861e05405d8a144b9b982f0a>@@@Z@4HA 000000018003380c     libucrt:wsetlocale.obj
 0004:00001818       $pdata$__acrt_initialize_lowio 0000000180033818     libucrt:ioinit.obj
 0004:00001824       $pdata$__acrt_initialize_lowio$fin$0 0000000180033824     libucrt:ioinit.obj
 0004:00001824       $pdata$__acrt_lowio_ensure_fh_exists$fin$0 0000000180033824     libucrt:osfinfo.obj
 0004:00001830       $pdata$__acrt_uninitialize_lowio 0000000180033830     libucrt:ioinit.obj
 0004:0000183c       $pdata$?initialize_inherited_file_handles_nolock@@YAXXZ 000000018003383c     libucrt:ioinit.obj
 0004:00001848       $pdata$?initialize_stdio_handles_nolock@@YAXXZ 0000000180033848     libucrt:ioinit.obj
 0004:00001854       $pdata$__acrt_initialize_locks 0000000180033854     libucrt:locks.obj
 0004:00001860       $pdata$__acrt_uninitialize_locks 0000000180033860     libucrt:locks.obj
 0004:0000186c       $pdata$__acrt_get_process_end_policy 000000018003386c     libucrt:win_policies.obj
 0004:00001878       $pdata$??$common_expand_argv_wildcards@D@@YAHQEAPEADQEAPEAPEAD@Z 0000000180033878     libucrt:argv_wildcards.obj
 0004:00001884       $pdata$??$copy_and_add_argument_to_buffer@D@@YAHQEBD0_KAEAV?$argument_list@D@?A0x5f5c8891@@@Z 0000000180033884     libucrt:argv_wildcards.obj
 0004:00001890       $pdata$??$expand_argument_wildcards@D@@YAHQEAD0AEAV?$argument_list@D@?A0x5f5c8891@@@Z 0000000180033890     libucrt:argv_wildcards.obj
 0004:0000189c       $pdata$__acrt_update_thread_multibyte_data 000000018003389c     libucrt:mbctype.obj
 0004:000018a8       $pdata$__acrt_initialize_multibyte 00000001800338a8     libucrt:mbctype.obj
 0004:000018b4       $pdata$_setmbcp_nolock     00000001800338b4     libucrt:mbctype.obj
 0004:000018c0       $pdata$?getSystemCP@@YAHH@Z 00000001800338c0     libucrt:mbctype.obj
 0004:000018cc       $pdata$?setSBCS@@YAXPEAU__crt_multibyte_data@@@Z 00000001800338cc     libucrt:mbctype.obj
 0004:000018d8       $pdata$?setSBUpLow@@YAXPEAU__crt_multibyte_data@@@Z 00000001800338d8     libucrt:mbctype.obj
 0004:000018e4       $pdata$?update_thread_multibyte_data_internal@@YAPEAU__crt_multibyte_data@@QEAU__acrt_ptd@@QEAU1@@Z 00000001800338e4     libucrt:mbctype.obj
 0004:000018f0       $pdata$?fin$0@?0??update_thread_multibyte_data_internal@@YAPEAU__crt_multibyte_data@@QEAU__acrt_ptd@@QEAU1@@Z@4HA 00000001800338f0     libucrt:mbctype.obj
 0004:000018fc       $pdata$?setmbcp_internal@@YAHH_NQEAU__acrt_ptd@@QEAPEAU__crt_multibyte_data@@@Z 00000001800338fc     libucrt:mbctype.obj
 0004:00001908       $pdata$??$?RV<lambda_efdfa57d1f175319df784efa44bb7b81>@@AEAV<lambda_5f0a4c1567f8adc6734073e5d1e1b35c>@@V<lambda_2e8a7d3640ea6ccb4c2413664c2db6fd>@@@?$__crt_seh_guarded_call@X@@QEAAX$$QEAV<lambda_efdfa57d1f175319df784efa44bb7b81>@@AEAV<lambda_5f0a4c1567f8adc6734073e5d1e1b35c>@@$$QEAV<lambda_2e8a7d3640ea6ccb4c2413664c2db6fd>@@@Z 0000000180033908     libucrt:mbctype.obj
 0004:00001914       $pdata$?x_ismbbtype_l@@YAHPEAU__crt_locale_pointers@@IHH@Z 0000000180033914     libucrt:ismbbyte.obj
 0004:00001920       $pdata$__acrt_initialize_command_line 0000000180033920     libucrt:argv_data.obj
 0004:0000192c       $pdata$__dcrt_get_narrow_environment_from_os 000000018003392c     libucrt:get_environment_from_os.obj
 0004:00001938       $pdata$__acrt_initialize_heap 0000000180033938     libucrt:heap_handle.obj
 0004:00001944       $pdata$__acrt_execute_initializers 0000000180033944     libucrt:shared_initialization.obj
 0004:00001950       $pdata$__acrt_execute_uninitializers 0000000180033950     libucrt:shared_initialization.obj
 0004:0000195c       $pdata$__acrt_get_sigabrt_handler 000000018003395c     libucrt:signal.obj
 0004:00001968       $pdata$raise               0000000180033968     libucrt:signal.obj
 0004:00001974       $pdata$raise$fin$0         0000000180033974     libucrt:signal.obj
 0004:00001980       $pdata$??$?RV<lambda_450d765d439847d4c735a33c368b5fc0>@@AEAV<lambda_44731a7d0e6d81c3e6aa82d741081786>@@V<lambda_601a2a7da3b7a96e9554ac7215c4b07c>@@@?$__crt_seh_guarded_call@P6AXH@Z@@QEAAP6AXH@Z$$QEAV<lambda_450d765d439847d4c735a33c368b5fc0>@@AEAV<lambda_44731a7d0e6d81c3e6aa82d741081786>@@$$QEAV<lambda_601a2a7da3b7a96e9554ac7215c4b07c>@@@Z 0000000180033980     libucrt:signal.obj
 0004:0000198c       $pdata$__pctype_func       000000018003398c     libucrt:ctype.obj
 0004:00001998       $pdata$iswctype            0000000180033998     libucrt:iswctype.obj
 0004:000019a4       $pdata$_isctype_l          00000001800339a4     libucrt:isctype.obj
 0004:000019b0       $pdata$__acrt_release_locale_ref 00000001800339b0     libucrt:locale_refcounting.obj
 0004:000019bc       $pdata$__acrt_free_locale  00000001800339bc     libucrt:locale_refcounting.obj
 0004:000019c8       $pdata$__acrt_locale_free_lc_time_if_unreferenced 00000001800339c8     libucrt:locale_refcounting.obj
 0004:000019d4       $pdata$__acrt_update_thread_locale_data 00000001800339d4     libucrt:locale_refcounting.obj
 0004:000019e0       $pdata$__acrt_update_thread_locale_data$fin$0 00000001800339e0     libucrt:locale_refcounting.obj
 0004:000019ec       $pdata$_updatetlocinfoEx_nolock 00000001800339ec     libucrt:locale_refcounting.obj
 0004:000019f8       $pdata$__acrt_DownlevelLocaleNameToLCID 00000001800339f8     libucrt:lcidtoname_downlevel.obj
 0004:00001a04       $pdata$?GetTableIndexFromLocaleName@@YAHPEB_W@Z 0000000180033a04     libucrt:lcidtoname_downlevel.obj
 0004:00001a10       $pdata$_isleadbyte_l       0000000180033a10     libucrt:_wctype.obj
 0004:00001a1c       $pdata$__acrt_LCMapStringA 0000000180033a1c     libucrt:lcmapstringa.obj
 0004:00001a28       $pdata$?__acrt_LCMapStringA_stat@@YAHPEAU__crt_locale_pointers@@PEB_WKPEBDHPEADHHH@Z 0000000180033a28     libucrt:lcmapstringa.obj
 0004:00001a34       $pdata$__acrt_fp_strflt_to_string 0000000180033a34     libucrt:_fptostr.obj
 0004:00001a40       $pdata$memcpy_s            0000000180033a40     libucrt:cfout.obj
 0004:00001a4c       $pdata$__acrt_fltout       0000000180033a4c     libucrt:cfout.obj
 0004:00001a58       $pdata$?divide@__crt_strtox@@YA_KAEAUbig_integer@1@AEBU21@@Z 0000000180033a58     libucrt:cfout.obj
 0004:00001a64       $pdata$5$?divide@__crt_strtox@@YA_KAEAUbig_integer@1@AEBU21@@Z 0000000180033a64     libucrt:cfout.obj
 0004:00001a70       $pdata$6$?divide@__crt_strtox@@YA_KAEAUbig_integer@1@AEBU21@@Z 0000000180033a70     libucrt:cfout.obj
 0004:00001a7c       $pdata$_fcloseall          0000000180033a7c     libucrt:closeall.obj
 0004:00001a88       $pdata$_fcloseall$fin$0    0000000180033a88     libucrt:closeall.obj
 0004:00001a94       $pdata$_fflush_nolock      0000000180033a94     libucrt:fflush.obj
 0004:00001aa0       $pdata$__acrt_stdio_flush_nolock 0000000180033aa0     libucrt:fflush.obj
 0004:00001aac       $pdata$?common_flush_all@@YAH_N@Z 0000000180033aac     libucrt:fflush.obj
 0004:00001ab8       $pdata$??$?RV<lambda_842d9ff0dc9ef11c61343bbaebe7f885>@@AEAV<lambda_c5860995281e5c4ce005b3de8f5874ee>@@V<lambda_d90129c13df834fdcbf8d2b88dafcf2d>@@@?$__crt_seh_guarded_call@X@@QEAAX$$QEAV<lambda_842d9ff0dc9ef11c61343bbaebe7f885>@@AEAV<lambda_c5860995281e5c4ce005b3de8f5874ee>@@$$QEAV<lambda_d90129c13df834fdcbf8d2b88dafcf2d>@@@Z 0000000180033ab8     libucrt:fflush.obj
 0004:00001ac4       $pdata$?fin$0@?0???$?RV<lambda_842d9ff0dc9ef11c61343bbaebe7f885>@@AEAV<lambda_c5860995281e5c4ce005b3de8f5874ee>@@V<lambda_d90129c13df834fdcbf8d2b88dafcf2d>@@@?$__crt_seh_guarded_call@X@@QEAAX$$QEAV<lambda_842d9ff0dc9ef11c61343bbaebe7f885>@@AEAV<lambda_c5860995281e5c4ce005b3de8f5874ee>@@$$QEAV<lambda_d90129c13df834fdcbf8d2b88dafcf2d>@@@Z@4HA 0000000180033ac4     libucrt:fflush.obj
 0004:00001ad0       $pdata$??$?RV<lambda_886d6c58226a84441f68b9f2b8217b83>@@AEAV<lambda_ab61a845afdef5b7c387490eaf3616ee>@@V<lambda_f7f22ab5edc0698d5f6905b0d3f44752>@@@?$__crt_seh_guarded_call@X@@QEAAX$$QEAV<lambda_886d6c58226a84441f68b9f2b8217b83>@@AEAV<lambda_ab61a845afdef5b7c387490eaf3616ee>@@$$QEAV<lambda_f7f22ab5edc0698d5f6905b0d3f44752>@@@Z 0000000180033ad0     libucrt:fflush.obj
 0004:00001adc       $pdata$?fin$0@?0???$?RV<lambda_886d6c58226a84441f68b9f2b8217b83>@@AEAV<lambda_ab61a845afdef5b7c387490eaf3616ee>@@V<lambda_f7f22ab5edc0698d5f6905b0d3f44752>@@@?$__crt_seh_guarded_call@X@@QEAAX$$QEAV<lambda_886d6c58226a84441f68b9f2b8217b83>@@AEAV<lambda_ab61a845afdef5b7c387490eaf3616ee>@@$$QEAV<lambda_f7f22ab5edc0698d5f6905b0d3f44752>@@@Z@4HA 0000000180033adc     libucrt:fflush.obj
 0004:00001ae8       $pdata$__acrt_stdio_free_buffer_nolock 0000000180033ae8     libucrt:_freebuf.obj
 0004:00001af4       $pdata$_isatty             0000000180033af4     libucrt:isatty.obj
 0004:00001b00       $pdata$__acrt_locale_free_monetary 0000000180033b00     libucrt:initmon.obj
 0004:00001b0c       $pdata$__acrt_locale_free_numeric 0000000180033b0c     libucrt:initnum.obj
 0004:00001b18       $pdata$__acrt_locale_free_time 0000000180033b18     libucrt:inittime.obj
 0004:00001b24       $pdata$?free_crt_array_internal@@YAXQEAPEBX_K@Z 0000000180033b24     libucrt:inittime.obj
 0004:00001b30       $pdata$__acrt_GetStringTypeA 0000000180033b30     libucrt:getstringtypea.obj
 0004:00001b3c       $pdata$_get_osfhandle      0000000180033b3c     libucrt:osfinfo.obj
 0004:00001b48       $pdata$_free_osfhnd        0000000180033b48     libucrt:osfinfo.obj
 0004:00001b54       $pdata$__acrt_lowio_create_handle_array 0000000180033b54     libucrt:osfinfo.obj
 0004:00001b60       $pdata$__acrt_lowio_destroy_handle_array 0000000180033b60     libucrt:osfinfo.obj
 0004:00001b6c       $pdata$__acrt_lowio_ensure_fh_exists 0000000180033b6c     libucrt:osfinfo.obj
 0004:00001b78       $pdata$qsort               0000000180033b78     libucrt:qsort.obj
 0004:00001b84       $pdata$4$qsort             0000000180033b84     libucrt:qsort.obj
 0004:00001b90       $pdata$5$qsort             0000000180033b90     libucrt:qsort.obj
 0004:00001b9c       $pdata$?shortsort@@YAXPEAD0_KP6AHPEBX2@Z@Z 0000000180033b9c     libucrt:qsort.obj
 0004:00001ba8       $pdata$2$?shortsort@@YAXPEAD0_KP6AHPEBX2@Z@Z 0000000180033ba8     libucrt:qsort.obj
 0004:00001bb4       $pdata$3$?shortsort@@YAXPEAD0_KP6AHPEBX2@Z@Z 0000000180033bb4     libucrt:qsort.obj
 0004:00001bc0       $pdata$strncpy_s           0000000180033bc0     libucrt:strncpy_s.obj
 0004:00001bcc       $pdata$strpbrk             0000000180033bcc     libucrt:strpbrk.obj
 0004:00001bd8       $pdata$_mbsdec_l           0000000180033bd8     libucrt:mbsdec.obj
 0004:00001be4       $pdata$?initialize_multibyte@@YAHXZ 0000000180033be4     libucrt:multibyte_initializer.obj
 0004:00001bf0       $pdata$fegetenv            0000000180033bf0     libucrt:fegetenv.obj
 0004:00001bfc       $pdata$fesetenv            0000000180033bfc     libucrt:fesetenv.obj
 0004:00001c08       $pdata$feholdexcept        0000000180033c08     libucrt:feholdexcept.obj
 0004:00001c20       $pdata$_write              0000000180033c20     libucrt:write.obj
 0004:00001c2c       $pdata$_write$fin$0        0000000180033c2c     libucrt:write.obj
 0004:00001c38       $pdata$_write_nolock       0000000180033c38     libucrt:write.obj
 0004:00001c44       $pdata$?write_double_translated_ansi_nolock@@YA?AUwrite_result@?A0x17268360@@HQEBDI@Z 0000000180033c44     libucrt:write.obj
 0004:00001c50       $pdata$?write_text_ansi_nolock@@YA?AUwrite_result@?A0x17268360@@HQEBDI@Z 0000000180033c50     libucrt:write.obj
 0004:00001c5c       $pdata$?write_text_utf16le_nolock@@YA?AUwrite_result@?A0x17268360@@HQEBDI@Z 0000000180033c5c     libucrt:write.obj
 0004:00001c68       $pdata$?write_text_utf8_nolock@@YA?AUwrite_result@?A0x17268360@@HQEBDI@Z 0000000180033c68     libucrt:write.obj
 0004:00001c74       $pdata$??$common_lseek_nolock@_J@@YA_JH_JH@Z 0000000180033c74     libucrt:lseek.obj
 0004:00001c80       $pdata$fclose              0000000180033c80     libucrt:fclose.obj
 0004:00001c8c       $pdata$fclose$fin$0        0000000180033c8c     libucrt:fclose.obj
 0004:00001c98       $pdata$_fclose_nolock      0000000180033c98     libucrt:fclose.obj
 0004:00001ca4       $pdata$_commit             0000000180033ca4     libucrt:commit.obj
 0004:00001cb0       $pdata$??$?RV<lambda_a37b2b86f63e897a80ea819b0eb08c01>@@AEAV<lambda_38ce7e780aa69e748d6df282ebc68efe>@@V<lambda_99fb1378e971ab6e7edea83e3a7a83a2>@@@?$__crt_seh_guarded_call@H@@QEAAH$$QEAV<lambda_a37b2b86f63e897a80ea819b0eb08c01>@@AEAV<lambda_38ce7e780aa69e748d6df282ebc68efe>@@$$QEAV<lambda_99fb1378e971ab6e7edea83e3a7a83a2>@@@Z 0000000180033cb0     libucrt:commit.obj
 0004:00001cbc       $pdata$?fin$0@?0???$?RV<lambda_751a882b2c74d4b022dec766aa51a29a>@@AEAV<lambda_628dfdc04ba53c8bfc02c9951375f3f5>@@V<lambda_f6c7be5f7998530c34de24c7437d6b54>@@@?$__crt_seh_guarded_call@H@@QEAAH$$QEAV<lambda_751a882b2c74d4b022dec766aa51a29a>@@AEAV<lambda_628dfdc04ba53c8bfc02c9951375f3f5>@@$$QEAV<lambda_f6c7be5f7998530c34de24c7437d6b54>@@@Z@4HA 0000000180033cbc     libucrt:close.obj
 0004:00001cbc       $pdata$?fin$0@?0???$?RV<lambda_a37b2b86f63e897a80ea819b0eb08c01>@@AEAV<lambda_38ce7e780aa69e748d6df282ebc68efe>@@V<lambda_99fb1378e971ab6e7edea83e3a7a83a2>@@@?$__crt_seh_guarded_call@H@@QEAAH$$QEAV<lambda_a37b2b86f63e897a80ea819b0eb08c01>@@AEAV<lambda_38ce7e780aa69e748d6df282ebc68efe>@@$$QEAV<lambda_99fb1378e971ab6e7edea83e3a7a83a2>@@@Z@4HA 0000000180033cbc     libucrt:commit.obj
 0004:00001cc8       $pdata$_setfpstatusword    0000000180033cc8     libucrt:_fenvutils.obj
 0004:00001cd4       $pdata$_getfpcontrolword   0000000180033cd4     libucrt:_fenvutils.obj
 0004:00001ce0       $pdata$_getfpstatusword    0000000180033ce0     libucrt:_fenvutils.obj
 0004:00001cec       $pdata$_clearfp            0000000180033cec     libucrt:ieee.obj
 0004:00001cf8       $pdata$common_control87    0000000180033cf8     libucrt:ieee.obj
 0004:00001d04       $pdata$_ctrlfp$filt$0      0000000180033d04     libucrt:fpctrl.obj
 0004:00001d04       $pdata$common_control87$filt$0 0000000180033d04     libucrt:ieee.obj
 0004:00001d10       $pdata$_call_matherr       0000000180033d10     libucrt:libm_error.obj
 0004:00001d1c       $pdata$_exception_enabled  0000000180033d1c     libucrt:libm_error.obj
 0004:00001d28       $pdata$_handle_error       0000000180033d28     libucrt:libm_error.obj
 0004:00001d34       $pdata$__acrt_initialize_fma3 0000000180033d34     libucrt:fma3_available.obj
 0004:00001d40       $pdata$_log_special_common 0000000180033d40     libucrt:log_special.obj
 0004:00001d4c       $pdata$_log10_special      0000000180033d4c     libucrt:log_special.obj
 0004:00001d58       $pdata$_putwch_nolock      0000000180033d58     libucrt:putwch.obj
 0004:00001d64       $pdata$_close              0000000180033d64     libucrt:close.obj
 0004:00001d70       $pdata$_close_nolock       0000000180033d70     libucrt:close.obj
 0004:00001d7c       $pdata$??$?RV<lambda_751a882b2c74d4b022dec766aa51a29a>@@AEAV<lambda_628dfdc04ba53c8bfc02c9951375f3f5>@@V<lambda_f6c7be5f7998530c34de24c7437d6b54>@@@?$__crt_seh_guarded_call@H@@QEAAH$$QEAV<lambda_751a882b2c74d4b022dec766aa51a29a>@@AEAV<lambda_628dfdc04ba53c8bfc02c9951375f3f5>@@$$QEAV<lambda_f6c7be5f7998530c34de24c7437d6b54>@@@Z 0000000180033d7c     libucrt:close.obj
 0004:00001d94       $pdata$_set_errno_from_matherr 0000000180033d94     libucrt:fpexcept.obj
 0004:00001da0       $pdata$_raise_exc          0000000180033da0     libucrt:fpexcept.obj
 0004:00001dac       $pdata$_raise_exc_ex       0000000180033dac     libucrt:fpexcept.obj
 0004:00001db8       $pdata$_clrfp              0000000180033db8     libucrt:fpctrl.obj
 0004:00001dc4       $pdata$_ctrlfp             0000000180033dc4     libucrt:fpctrl.obj
 0004:00001dd0       $pdata$_statfp             0000000180033dd0     libucrt:fpctrl.obj
 0004:00001ddc       $pdata$_set_statfp         0000000180033ddc     libucrt:fpctrl.obj
 0004:00001de8       $pdata$__dcrt_lowio_initialize_console_output 0000000180033de8     libucrt:initcon.obj
 0004:00001df4       $pdata$__dcrt_terminate_console_output 0000000180033df4     libucrt:initcon.obj
 0004:00001e00       $pdata$_IsNonwritableInCurrentImage 0000000180033e00     LIBCMT:pesect.obj
 0004:00001e0c       $pdata$_IsNonwritableInCurrentImage$filt$0 0000000180033e0c     LIBCMT:pesect.obj
 0004:00001e18       $pdata$strrchr             0000000180033e18     libvcruntime:strrchr.obj
 0005:00000220       $R000000                   0000000180034220     Keylock.res
 0005:00000b80       $R000960                   0000000180034b80     Keylock.res
 0005:00000c68       $R000A48                   0000000180034c68     Keylock.res
 0005:00000ed0       $R000CB0                   0000000180034ed0     Keylock.res
 0005:000013e0       $R0011C0                   00000001800353e0     Keylock.res
 0005:000038d0       $R0036B0                   00000001800378d0     Keylock.res
 0005:00003900       $R0036E0                   0000000180037900     Keylock.res
