 OPOSRemoteOrderDisplay

 Timestamp is 5d429f7f (Thu Aug  1 17:14:55 2019)

 Preferred load address is 0000000180000000

 Start         Length     Name                   Class
 0001:00000000 000000c0H .text$di                CODE
 0001:000000c0 00021200H .text$mn                CODE
 0001:000212c0 00000020H .text$mn$00             CODE
 0001:000212e0 00000400H .text$x                 CODE
 0001:000216e0 000000c0H .text$yd                CODE
 0002:00000000 00000618H .idata$5                DATA
 0002:00000618 00000010H .00cfg                  DATA
 0002:00000628 00000008H .CRT$XCA                DATA
 0002:00000630 00000008H .CRT$XCL                DATA
 0002:00000638 00000020H .CRT$XCU                DATA
 0002:00000658 00000008H .CRT$XCZ                DATA
 0002:00000660 00000008H .CRT$XIA                DATA
 0002:00000668 00000020H .CRT$XIC                DATA
 0002:00000688 00000008H .CRT$XIZ                DATA
 0002:00000690 00000008H .CRT$XLA                DATA
 0002:00000698 00000008H .CRT$XLZ                DATA
 0002:000006a0 00000008H .CRT$XPA                DATA
 0002:000006a8 00000010H .CRT$XPX                DATA
 0002:000006b8 00000008H .CRT$XPXA               DATA
 0002:000006c0 00000008H .CRT$XPZ                DATA
 0002:000006c8 00000008H .CRT$XTA                DATA
 0002:000006d0 00000010H .CRT$XTZ                DATA
 0002:000006d8 00000000H .gfids$y                DATA
 0002:000006e0 0000a458H .rdata                  DATA
 0002:0000ab38 00000028H .rdata$T                DATA
 0002:0000ab60 00000274H .rdata$r                DATA
 0002:0000add4 00000414H .rdata$zzzdbg           DATA
 0002:0000b1e8 00000008H .rtc$IAA                DATA
 0002:0000b1f0 00000008H .rtc$IZZ                DATA
 0002:0000b1f8 00000008H .rtc$TAA                DATA
 0002:0000b200 00000008H .rtc$TZZ                DATA
 0002:0000b208 00000004H .tls                    DATA
 0002:0000b20c 00000004H .tls$                   DATA
 0002:0000b210 00000008H .tls$ZZZ                DATA
 0002:0000b218 000016e8H .xdata                  DATA
 0002:0000c900 00000150H .xdata$x                DATA
 0002:0000ca50 00000008H ATL$__a                 DATA
 0002:0000ca58 00000008H ATL$__z                 DATA
 0002:0000ca60 000000b4H .edata                  DATA
 0002:0000cb14 00000078H .idata$2                DATA
 0002:0000cb8c 00000014H .idata$3                DATA
 0002:0000cba0 00000618H .idata$4                DATA
 0002:0000d1b8 00000c24H .idata$6                DATA
 0003:00000000 00000df8H .data                   DATA
 0003:00000df8 000000c8H .data$r                 DATA
 0003:00000ec0 0000140cH .bss                    DATA
 0004:00000000 00001f68H .pdata                  DATA
 0005:00000000 00000094H _RDATA                  DATA
 0006:00000000 00000220H .rsrc$01                DATA
 0006:00000220 00005630H .rsrc$02                DATA

  Address         Publics by Value              Rva+Base               Lib:Object

 0000:00000000       __guard_fids_count         0000000000000000     <absolute>
 0000:00000000       __guard_longjmp_count      0000000000000000     <absolute>
 0000:00000000       __guard_longjmp_table      0000000000000000     <absolute>
 0000:00000000       __hybrid_code_map          0000000000000000     <absolute>
 0000:00000000       __guard_iat_count          0000000000000000     <absolute>
 0000:00000000       __guard_iat_table          0000000000000000     <absolute>
 0000:00000000       __volatile_metadata        0000000000000000     <absolute>
 0000:00000000       __hybrid_code_map_count    0000000000000000     <absolute>
 0000:00000000       __enclave_config           0000000000000000     <absolute>
 0000:00000000       ___safe_se_handler_count   0000000000000000     <absolute>
 0000:00000000       __AbsoluteZero             0000000000000000     <absolute>
 0000:00000000       ___safe_se_handler_table   0000000000000000     <absolute>
 0000:00000000       __guard_fids_table         0000000000000000     <absolute>
 0000:00000000       __hybrid_auxiliary_iat     0000000000000000     <absolute>
 0000:00000000       __dynamic_value_reloc_table 0000000000000000     <absolute>
 0000:00000100       __guard_flags              0000000000000100     <absolute>
 0000:00000000       __ImageBase                0000000180000000     <linker-defined>
 0001:000000c0       ?DupWide@_CW@@AEAAXXZ      00000001800010c0 f   CWString.obj
 0001:000000e8       ?cw_dup@@YAXPEBDAEAHAEAPEA_W1@Z 00000001800010e8 f   CWString.obj
 0001:00000194       ?cw_memcpy@@YAHPEA_WPEBDH@Z 0000000180001194 f   CWString.obj
 0001:000001e0       ?cw_strcpy@@YAHPEA_WPEBD@Z 00000001800011e0 f   CWString.obj
 0001:000001f4       ??0CAtlComModule@ATL@@QEAA@XZ 00000001800011f4 f i OposVariant.obj
 0001:00000274       ??0CAtlWinModule@ATL@@QEAA@XZ 0000000180001274 f i OposVariant.obj
 0001:000002e0       ??0OposDispParms@@QEAA@PEAVOposVariant@@H@Z 00000001800012e0 f   OposVariant.obj
 0001:00000388       ??1OposDispParms@@QEAA@XZ  0000000180001388 f   OposVariant.obj
 0001:000003a0       ??_Estringdispid@CComTypeInfoHolder@ATL@@QEAAPEAXI@Z 00000001800013a0 f i OposVariant.obj
 0001:00000444       ?AtlWinModuleTerm@ATL@@YAJPEAU_ATL_WIN_MODULE70@1@PEAUHINSTANCE__@@@Z 0000000180001444 f i OposVariant.obj
 0001:000004f4       ?ChangeBSTR@OposVariant@@QEAAXPEAPEA_WAEAJ@Z 00000001800014f4 f   OposVariant.obj
 0001:00000554       ?ChangeLONG@OposVariant@@QEAAXPEAJAEAJ@Z 0000000180001554 f   OposVariant.obj
 0001:000005b0       ?GetLONG@OposVariant@@QEAAJXZ 00000001800015b0 f   OposVariant.obj
 0001:000005d4       ?SetBSTR@OposVariant@@QEAAXPEA_WAEAJ@Z 00000001800015d4 f   OposVariant.obj
 0001:00000614       ?SetBSTR_Copy@OposVariant@@QEAAXPEA_WAEAJ@Z 0000000180001614 f   OposVariant.obj
 0001:00000684       ?SetBSTR_InOutPtr@OposVariant@@QEAA_NPEAPEA_WAEAJ@Z 0000000180001684 f   OposVariant.obj
 0001:000006d4       ?SetDispatch_Ptr@OposVariant@@QEAAXPEAUIDispatch@@AEAJ@Z 00000001800016d4 f   OposVariant.obj
 0001:0000072c       ?SetLONG@OposVariant@@QEAAXJ@Z 000000018000172c f   OposVariant.obj
 0001:0000075c       ?SetLONG_Ptr@OposVariant@@QEAAXPEAJAEAJ@Z 000000018000175c f   OposVariant.obj
 0001:000007a8       ?SetString@OposVariant@@QEAAXPEB_WAEAJ@Z 00000001800017a8 f   OposVariant.obj
 0001:0000080c       ?SetVARIANT_BOOL@OposVariant@@QEAAXF@Z 000000018000180c f   OposVariant.obj
 0001:00000844       ?Term@CAtlComModule@ATL@@QEAAXXZ 0000000180001844 f i OposVariant.obj
 0001:000008b4       ?_AtlInitializeCriticalSectionEx@ATL@@YAHPEAU_RTL_CRITICAL_SECTION@@KK@Z 00000001800018b4 f i OposVariant.obj
 0001:000008bc       ?_AtlRaiseException@ATL@@YAXKK@Z 00000001800018bc f i OposVariant.obj
 0001:000008cc       ?AddRef@?$CComObjectCached@VCComClassFactory@ATL@@@ATL@@UEAAKXZ 00000001800018cc f i RemoteOrderDisplay.obj
 0001:000008f8       ?Release@?$CComObjectCached@VCComClassFactory@ATL@@@ATL@@UEAAKXZ 00000001800018f8 f i RemoteOrderDisplay.obj
 0001:00000938       ?QueryInterface@?$CComObjectCached@VCComClassFactory@ATL@@@ATL@@UEAAJAEBU_GUID@@PEAPEAX@Z 0000000180001938 f i RemoteOrderDisplay.obj
 0001:0000094c       ??_E?$CComObjectCached@VCComClassFactory@ATL@@@ATL@@UEAAPEAXI@Z 000000018000194c f i RemoteOrderDisplay.obj
 0001:0000094c       ??_G?$CComObjectCached@VCComClassFactory@ATL@@@ATL@@UEAAPEAXI@Z 000000018000194c f i RemoteOrderDisplay.obj
 0001:000009a4       ?AddRef@?$CComAggObject@VCOPOSRemoteOrderDisplay@@@ATL@@UEAAKXZ 00000001800019a4 f i RemoteOrderDisplay.obj
 0001:000009b0       ?Release@?$CComAggObject@VCOPOSRemoteOrderDisplay@@@ATL@@UEAAKXZ 00000001800019b0 f i RemoteOrderDisplay.obj
 0001:00000a04       ?QueryInterface@?$CComAggObject@VCOPOSRemoteOrderDisplay@@@ATL@@UEAAJAEBU_GUID@@PEAPEAX@Z 0000000180001a04 f i RemoteOrderDisplay.obj
 0001:00000a64       ?AddRef@?$CComContainedObject@VCOPOSRemoteOrderDisplay@@@ATL@@UEAAKXZ 0000000180001a64 f i RemoteOrderDisplay.obj
 0001:00000a74       ?Release@?$CComContainedObject@VCOPOSRemoteOrderDisplay@@@ATL@@UEAAKXZ 0000000180001a74 f i RemoteOrderDisplay.obj
 0001:00000a84       ?QueryInterface@?$CComContainedObject@VCOPOSRemoteOrderDisplay@@@ATL@@UEAAJAEBU_GUID@@PEAPEAX@Z 0000000180001a84 f i RemoteOrderDisplay.obj
 0001:00000a94       ??_G?$CComAggObject@VCOPOSRemoteOrderDisplay@@@ATL@@UEAAPEAXI@Z 0000000180001a94 f i RemoteOrderDisplay.obj
 0001:00000a94       ??_E?$CComAggObject@VCOPOSRemoteOrderDisplay@@@ATL@@UEAAPEAXI@Z 0000000180001a94 f i RemoteOrderDisplay.obj
 0001:00000aec       ?AddRef@?$CComObject@VCOPOSRemoteOrderDisplay@@@ATL@@UEAAKXZ 0000000180001aec f i RemoteOrderDisplay.obj
 0001:00000afc       ?Release@?$CComObject@VCOPOSRemoteOrderDisplay@@@ATL@@UEAAKXZ 0000000180001afc f i RemoteOrderDisplay.obj
 0001:00000b54       ?QueryInterface@?$CComObject@VCOPOSRemoteOrderDisplay@@@ATL@@UEAAJAEBU_GUID@@PEAPEAX@Z 0000000180001b54 f i RemoteOrderDisplay.obj
 0001:00000b68       ?Lock@CAtlModule@ATL@@UEAAJXZ 0000000180001b68 f i RemoteOrderDisplay.obj
 0001:00000b78       ?Unlock@CAtlModule@ATL@@UEAAJXZ 0000000180001b78 f i RemoteOrderDisplay.obj
 0001:00000b84       ?GetLockCount@CAtlModule@ATL@@UEAAJXZ 0000000180001b84 f i RemoteOrderDisplay.obj
 0001:00000b88       ?GetGITPtr@CAtlModule@ATL@@UEAAJPEAPEAUIGlobalInterfaceTable@@@Z 0000000180001b88 f i RemoteOrderDisplay.obj
 0001:00000bf8       ?AddCommonRGSReplacements@?$CAtlModuleT@VCComModule@ATL@@@ATL@@UEAAJPEAUIRegistrarBase@@@Z 0000000180001bf8 f i RemoteOrderDisplay.obj
 0001:00000c10       ?UpdateRegistryFromResourceD@CComModule@ATL@@UEAAJPEB_WHPEAU_ATL_REGMAP_ENTRY@2@@Z 0000000180001c10 f i RemoteOrderDisplay.obj
 0001:00000c10       ?UpdateRegistryFromResourceD@CComModule@ATL@@UEAAJIHPEAU_ATL_REGMAP_ENTRY@2@@Z 0000000180001c10 f i RemoteOrderDisplay.obj
 0001:00000c18       ?UpdateRegistryFromResource@CComModule@ATL@@UEAAJPEB_WHPEAU_ATL_REGMAP_ENTRY@2@@Z 0000000180001c18 f i RemoteOrderDisplay.obj
 0001:00000c20       ?OnDrawAdvanced@CComControlBase@ATL@@UEAAJAEAUATL_DRAWINFO@@@Z 0000000180001c20 f i RemoteOrderDisplay.obj
 0001:00000d40       ?UpdateRegistryFromResource@CComModule@ATL@@UEAAJIHPEAU_ATL_REGMAP_ENTRY@2@@Z 0000000180001d40 f i RemoteOrderDisplay.obj
 0001:00000d48       ??_ECComModule@ATL@@UEAAPEAXI@Z 0000000180001d48 f i RemoteOrderDisplay.obj
 0001:00000d48       ??_GCComModule@ATL@@UEAAPEAXI@Z 0000000180001d48 f i RemoteOrderDisplay.obj
 0001:00000dc8       ?Next@?$CComEnumImpl@UIEnumConnections@@$1?_GUID_b196b287_bab4_101a_b69c_00aa00341d07@@3U__s_GUID@@BUtagCONNECTDATA@@V?$_Copy@UtagCONNECTDATA@@@ATL@@@ATL@@UEAAJKPEAUtagCONNECTDATA@@PEAK@Z 0000000180001dc8 f i RemoteOrderDisplay.obj
 0001:00000e9c       ?Skip@?$CComEnumImpl@UIEnumConnections@@$1?_GUID_b196b287_bab4_101a_b69c_00aa00341d07@@3U__s_GUID@@BUtagCONNECTDATA@@V?$_Copy@UtagCONNECTDATA@@@ATL@@@ATL@@UEAAJK@Z 0000000180001e9c f i RemoteOrderDisplay.obj
 0001:00000ec8       ?Reset@?$CComEnumImpl@UIEnumConnectionPoints@@$1?_GUID_b196b285_bab4_101a_b69c_00aa00341d07@@3U__s_GUID@@BPEAUIConnectionPoint@@V?$_CopyInterface@UIConnectionPoint@@@ATL@@@ATL@@UEAAJXZ 0000000180001ec8 f i RemoteOrderDisplay.obj
 0001:00000ec8       ?Reset@?$CComEnumImpl@UIEnumConnections@@$1?_GUID_b196b287_bab4_101a_b69c_00aa00341d07@@3U__s_GUID@@BUtagCONNECTDATA@@V?$_Copy@UtagCONNECTDATA@@@ATL@@@ATL@@UEAAJXZ 0000000180001ec8 f i RemoteOrderDisplay.obj
 0001:00000ed4       ?Clone@?$CComEnumImpl@UIEnumConnections@@$1?_GUID_b196b287_bab4_101a_b69c_00aa00341d07@@3U__s_GUID@@BUtagCONNECTDATA@@V?$_Copy@UtagCONNECTDATA@@@ATL@@@ATL@@UEAAJPEAPEAUIEnumConnections@@@Z 0000000180001ed4 f i RemoteOrderDisplay.obj
 0001:00001000       ?AddRef@?$CComObject@V?$CComEnum@UIEnumConnectionPoints@@$1?_GUID_b196b285_bab4_101a_b69c_00aa00341d07@@3U__s_GUID@@BPEAUIConnectionPoint@@V?$_CopyInterface@UIConnectionPoint@@@ATL@@VCComSingleThreadModel@6@@ATL@@@ATL@@UEAAKXZ 0000000180002000 f i RemoteOrderDisplay.obj
 0001:00001000       ?AddRef@?$CComObject@V?$CComEnum@UIEnumConnections@@$1?_GUID_b196b287_bab4_101a_b69c_00aa00341d07@@3U__s_GUID@@BUtagCONNECTDATA@@V?$_Copy@UtagCONNECTDATA@@@ATL@@VCComSingleThreadModel@6@@ATL@@@ATL@@UEAAKXZ 0000000180002000 f i RemoteOrderDisplay.obj
 0001:0000100c       ?Release@?$CComObject@V?$CComEnum@UIEnumConnections@@$1?_GUID_b196b287_bab4_101a_b69c_00aa00341d07@@3U__s_GUID@@BUtagCONNECTDATA@@V?$_Copy@UtagCONNECTDATA@@@ATL@@VCComSingleThreadModel@6@@ATL@@@ATL@@UEAAKXZ 000000018000200c f i RemoteOrderDisplay.obj
 0001:0000100c       ?Release@?$CComObject@V?$CComEnum@UIEnumConnectionPoints@@$1?_GUID_b196b285_bab4_101a_b69c_00aa00341d07@@3U__s_GUID@@BPEAUIConnectionPoint@@V?$_CopyInterface@UIConnectionPoint@@@ATL@@VCComSingleThreadModel@6@@ATL@@@ATL@@UEAAKXZ 000000018000200c f i RemoteOrderDisplay.obj
 0001:00001060       ?QueryInterface@?$CComObject@V?$CComEnum@UIEnumConnections@@$1?_GUID_b196b287_bab4_101a_b69c_00aa00341d07@@3U__s_GUID@@BUtagCONNECTDATA@@V?$_Copy@UtagCONNECTDATA@@@ATL@@VCComSingleThreadModel@6@@ATL@@@ATL@@UEAAJAEBU_GUID@@PEAPEAX@Z 0000000180002060 f i RemoteOrderDisplay.obj
 0001:00001074       ??_E?$CComObject@V?$CComEnum@UIEnumConnections@@$1?_GUID_b196b287_bab4_101a_b69c_00aa00341d07@@3U__s_GUID@@BUtagCONNECTDATA@@V?$_Copy@UtagCONNECTDATA@@@ATL@@VCComSingleThreadModel@6@@ATL@@@ATL@@UEAAPEAXI@Z 0000000180002074 f i RemoteOrderDisplay.obj
 0001:00001074       ??_G?$CComObject@V?$CComEnum@UIEnumConnections@@$1?_GUID_b196b287_bab4_101a_b69c_00aa00341d07@@3U__s_GUID@@BUtagCONNECTDATA@@V?$_Copy@UtagCONNECTDATA@@@ATL@@VCComSingleThreadModel@6@@ATL@@@ATL@@UEAAPEAXI@Z 0000000180002074 f i RemoteOrderDisplay.obj
 0001:000010cc       ?QueryGetData@?$IDataObjectImpl@VCOPOSRemoteOrderDisplay@@@ATL@@UEAAJPEAUtagFORMATETC@@@Z 00000001800020cc f i RemoteOrderDisplay.obj
 0001:000010cc       ?InitFromData@?$IOleObjectImpl@VCOPOSRemoteOrderDisplay@@@ATL@@UEAAJPEAUIDataObject@@HK@Z 00000001800020cc f i RemoteOrderDisplay.obj
 0001:000010cc       ?GetDropTarget@?$IOleInPlaceObjectWindowlessImpl@VCOPOSRemoteOrderDisplay@@@ATL@@UEAAJPEAPEAUIDropTarget@@@Z 00000001800020cc f i RemoteOrderDisplay.obj
 0001:000010cc       ?Unfreeze@?$IViewObjectExImpl@VCOPOSRemoteOrderDisplay@@@ATL@@UEAAJK@Z 00000001800020cc f i RemoteOrderDisplay.obj
 0001:000010cc       ?GetColorSet@?$IViewObjectExImpl@VCOPOSRemoteOrderDisplay@@@ATL@@UEAAJKJPEAXPEAUtagDVTARGETDEVICE@@PEAUHDC__@@PEAPEAUtagLOGPALETTE@@@Z 00000001800020cc f i RemoteOrderDisplay.obj
 0001:000010cc       ?EnumFormatEtc@?$IDataObjectImpl@VCOPOSRemoteOrderDisplay@@@ATL@@UEAAJKPEAPEAUIEnumFORMATETC@@@Z 00000001800020cc f i RemoteOrderDisplay.obj
 0001:000010cc       ?OnMnemonic@?$IOleControlImpl@VCOPOSRemoteOrderDisplay@@@ATL@@UEAAJPEAUtagMSG@@@Z 00000001800020cc f i RemoteOrderDisplay.obj
 0001:000010cc       ?SetMoniker@?$IOleObjectImpl@VCOPOSRemoteOrderDisplay@@@ATL@@UEAAJKPEAUIMoniker@@@Z 00000001800020cc f i RemoteOrderDisplay.obj
 0001:000010cc       ?SetData@?$IDataObjectImpl@VCOPOSRemoteOrderDisplay@@@ATL@@UEAAJPEAUtagFORMATETC@@PEAUtagSTGMEDIUM@@H@Z 00000001800020cc f i RemoteOrderDisplay.obj
 0001:000010cc       ?ContextSensitiveHelp@?$IOleInPlaceActiveObjectImpl@VCOPOSRemoteOrderDisplay@@@ATL@@UEAAJH@Z 00000001800020cc f i RemoteOrderDisplay.obj
 0001:000010cc       ?GetCanonicalFormatEtc@?$IDataObjectImpl@VCOPOSRemoteOrderDisplay@@@ATL@@UEAAJPEAUtagFORMATETC@@0@Z 00000001800020cc f i RemoteOrderDisplay.obj
 0001:000010cc       ?Freeze@?$IViewObjectExImpl@VCOPOSRemoteOrderDisplay@@@ATL@@UEAAJKJPEAXPEAK@Z 00000001800020cc f i RemoteOrderDisplay.obj
 0001:000010cc       ?QueryInterface@CRegObject@ATL@@UEAAJAEBU_GUID@@PEAPEAX@Z 00000001800020cc f i RemoteOrderDisplay.obj
 0001:000010cc       ?GetClipboardData@?$IOleObjectImpl@VCOPOSRemoteOrderDisplay@@@ATL@@UEAAJKPEAPEAUIDataObject@@@Z 00000001800020cc f i RemoteOrderDisplay.obj
 0001:000010cc       ?GetControlInfo@?$IOleControlImpl@VCOPOSRemoteOrderDisplay@@@ATL@@UEAAJPEAUtagCONTROLINFO@@@Z 00000001800020cc f i RemoteOrderDisplay.obj
 0001:000010cc       ?GetRect@?$IViewObjectExImpl@VCOPOSRemoteOrderDisplay@@@ATL@@UEAAJKPEAU_RECTL@@@Z 00000001800020cc f i RemoteOrderDisplay.obj
 0001:000010cc       ?ContextSensitiveHelp@?$IOleInPlaceObjectWindowlessImpl@VCOPOSRemoteOrderDisplay@@@ATL@@UEAAJH@Z 00000001800020cc f i RemoteOrderDisplay.obj
 0001:000010cc       ?GetDataHere@?$IDataObjectImpl@VCOPOSRemoteOrderDisplay@@@ATL@@UEAAJPEAUtagFORMATETC@@PEAUtagSTGMEDIUM@@@Z 00000001800020cc f i RemoteOrderDisplay.obj
 0001:000010cc       ?ReactivateAndUndo@?$IOleInPlaceObjectWindowlessImpl@VCOPOSRemoteOrderDisplay@@@ATL@@UEAAJXZ 00000001800020cc f i RemoteOrderDisplay.obj
 0001:000010cc       ?GetMoniker@?$IOleObjectImpl@VCOPOSRemoteOrderDisplay@@@ATL@@UEAAJKKPEAPEAUIMoniker@@@Z 00000001800020cc f i RemoteOrderDisplay.obj
 0001:000010cc       ?SetColorScheme@?$IOleObjectImpl@VCOPOSRemoteOrderDisplay@@@ATL@@UEAAJPEAUtagLOGPALETTE@@@Z 00000001800020cc f i RemoteOrderDisplay.obj
 0001:000010d4       ?FAccessAllowed@?$IObjectSafetyImpl@VCOPOSRemoteOrderDisplay@@$02@ATL@@MEAAHXZ 00000001800020d4 f i RemoteOrderDisplay.obj
 0001:000010d4       ?AddRef@CRegObject@ATL@@UEAAKXZ 00000001800020d4 f i RemoteOrderDisplay.obj
 0001:000010d4       _get_startup_argv_mode     00000001800020d4 f i LIBCMT:argv_mode.obj
 0001:000010dc       ?EnableModeless@?$IOleInPlaceActiveObjectImpl@VCOPOSRemoteOrderDisplay@@@ATL@@UEAAJH@Z 00000001800020dc f i RemoteOrderDisplay.obj
 0001:000010dc       ?ResizeBorder@?$IOleInPlaceActiveObjectImpl@VCOPOSRemoteOrderDisplay@@@ATL@@UEAAJPEBUtagRECT@@PEAUIOleInPlaceUIWindow@@H@Z 00000001800020dc f i RemoteOrderDisplay.obj
 0001:000010dc       ?GetObjectDescription@?$CComCoClass@VCOPOSRemoteOrderDisplay@@$1?CLSID_OPOSRemoteOrderDisplay@@3U_GUID@@B@ATL@@SAPEB_WXZ 00000001800020dc f i RemoteOrderDisplay.obj
 0001:000010dc       ?SaveCompleted@?$IPersistStorageImpl@VCOPOSRemoteOrderDisplay@@@ATL@@UEAAJPEAUIStorage@@@Z 00000001800020dc f i RemoteOrderDisplay.obj
 0001:000010dc       ?Release@CRegObject@ATL@@UEAAKXZ 00000001800020dc f i RemoteOrderDisplay.obj
 0001:000010dc       ?SetHostNames@?$IOleObjectImpl@VCOPOSRemoteOrderDisplay@@@ATL@@UEAAJPEB_W0@Z 00000001800020dc f i RemoteOrderDisplay.obj
 0001:000010dc       ?OnFrameWindowActivate@?$IOleInPlaceActiveObjectImpl@VCOPOSRemoteOrderDisplay@@@ATL@@UEAAJH@Z 00000001800020dc f i RemoteOrderDisplay.obj
 0001:000010dc       ?IsUpToDate@?$IOleObjectImpl@VCOPOSRemoteOrderDisplay@@@ATL@@UEAAJXZ 00000001800020dc f i RemoteOrderDisplay.obj
 0001:000010dc       ?OnAmbientPropertyChange@?$IOleControlImpl@VCOPOSRemoteOrderDisplay@@@ATL@@UEAAJJ@Z 00000001800020dc f i RemoteOrderDisplay.obj
 0001:000010dc       ?HandsOffStorage@?$IPersistStorageImpl@VCOPOSRemoteOrderDisplay@@@ATL@@UEAAJXZ 00000001800020dc f i RemoteOrderDisplay.obj
 0001:000010dc       ?GetCategoryMap@CComObjectRootBase@ATL@@SAPEBU_ATL_CATMAP_ENTRY@2@XZ 00000001800020dc f i RemoteOrderDisplay.obj
 0001:000010dc       ?Update@?$IOleObjectImpl@VCOPOSRemoteOrderDisplay@@@ATL@@UEAAJXZ 00000001800020dc f i RemoteOrderDisplay.obj
 0001:000010e0       ?AddReplacement@CRegObject@ATL@@UEAAJPEB_W0@Z 00000001800020e0 f i RemoteOrderDisplay.obj
 0001:00001110       ?ClearReplacements@CRegObject@ATL@@UEAAJXZ 0000000180002110 f i RemoteOrderDisplay.obj
 0001:0000111c       ??_GCRegObject@ATL@@UEAAPEAXI@Z 000000018000211c f i RemoteOrderDisplay.obj
 0001:0000111c       ??_ECRegObject@ATL@@UEAAPEAXI@Z 000000018000211c f i RemoteOrderDisplay.obj
 0001:0000119c       ??_E?$CComObject@VCOPOSRemoteOrderDisplay@@@ATL@@W7EAAPEAXI@Z 000000018000219c f i RemoteOrderDisplay.obj
 0001:000011a8       ??_E?$CComObject@VCOPOSRemoteOrderDisplay@@@ATL@@WHA@EAAPEAXI@Z 00000001800021a8 f i RemoteOrderDisplay.obj
 0001:000011b4       ?QueryInterface@?$CComObject@VCOPOSRemoteOrderDisplay@@@ATL@@WLI@EAAJAEBU_GUID@@PEAPEAX@Z 00000001800021b4 f i RemoteOrderDisplay.obj
 0001:000011c0       ?AddRef@?$CComObject@VCOPOSRemoteOrderDisplay@@@ATL@@WLI@EAAKXZ 00000001800021c0 f i RemoteOrderDisplay.obj
 0001:000011cc       ?Release@?$CComObject@VCOPOSRemoteOrderDisplay@@@ATL@@WLI@EAAKXZ 00000001800021cc f i RemoteOrderDisplay.obj
 0001:000011d8       ?QueryInterface@?$CComObject@VCOPOSRemoteOrderDisplay@@@ATL@@WMA@EAAJAEBU_GUID@@PEAPEAX@Z 00000001800021d8 f i RemoteOrderDisplay.obj
 0001:000011e4       ?AddRef@?$CComObject@VCOPOSRemoteOrderDisplay@@@ATL@@WMA@EAAKXZ 00000001800021e4 f i RemoteOrderDisplay.obj
 0001:000011f0       ?Release@?$CComObject@VCOPOSRemoteOrderDisplay@@@ATL@@WMA@EAAKXZ 00000001800021f0 f i RemoteOrderDisplay.obj
 0001:000011fc       ?QueryInterface@?$CComObject@VCOPOSRemoteOrderDisplay@@@ATL@@WMI@EAAJAEBU_GUID@@PEAPEAX@Z 00000001800021fc f i RemoteOrderDisplay.obj
 0001:00001208       ?AddRef@?$CComObject@VCOPOSRemoteOrderDisplay@@@ATL@@WMI@EAAKXZ 0000000180002208 f i RemoteOrderDisplay.obj
 0001:00001214       ?Release@?$CComObject@VCOPOSRemoteOrderDisplay@@@ATL@@WMI@EAAKXZ 0000000180002214 f i RemoteOrderDisplay.obj
 0001:00001220       ?QueryInterface@?$CComObject@VCOPOSRemoteOrderDisplay@@@ATL@@WNA@EAAJAEBU_GUID@@PEAPEAX@Z 0000000180002220 f i RemoteOrderDisplay.obj
 0001:0000122c       ?AddRef@?$CComObject@VCOPOSRemoteOrderDisplay@@@ATL@@WNA@EAAKXZ 000000018000222c f i RemoteOrderDisplay.obj
 0001:00001238       ?Release@?$CComObject@VCOPOSRemoteOrderDisplay@@@ATL@@WNA@EAAKXZ 0000000180002238 f i RemoteOrderDisplay.obj
 0001:00001244       ?QueryInterface@?$CComObject@VCOPOSRemoteOrderDisplay@@@ATL@@WNI@EAAJAEBU_GUID@@PEAPEAX@Z 0000000180002244 f i RemoteOrderDisplay.obj
 0001:00001250       ?AddRef@?$CComObject@VCOPOSRemoteOrderDisplay@@@ATL@@WNI@EAAKXZ 0000000180002250 f i RemoteOrderDisplay.obj
 0001:0000125c       ?Release@?$CComObject@VCOPOSRemoteOrderDisplay@@@ATL@@WNI@EAAKXZ 000000018000225c f i RemoteOrderDisplay.obj
 0001:00001268       ?QueryInterface@?$CComObject@VCOPOSRemoteOrderDisplay@@@ATL@@WOA@EAAJAEBU_GUID@@PEAPEAX@Z 0000000180002268 f i RemoteOrderDisplay.obj
 0001:00001274       ?AddRef@?$CComObject@VCOPOSRemoteOrderDisplay@@@ATL@@WOA@EAAKXZ 0000000180002274 f i RemoteOrderDisplay.obj
 0001:00001280       ?Release@?$CComObject@VCOPOSRemoteOrderDisplay@@@ATL@@WOA@EAAKXZ 0000000180002280 f i RemoteOrderDisplay.obj
 0001:0000128c       ?QueryInterface@?$CComObject@VCOPOSRemoteOrderDisplay@@@ATL@@WOI@EAAJAEBU_GUID@@PEAPEAX@Z 000000018000228c f i RemoteOrderDisplay.obj
 0001:00001298       ?AddRef@?$CComObject@VCOPOSRemoteOrderDisplay@@@ATL@@WOI@EAAKXZ 0000000180002298 f i RemoteOrderDisplay.obj
 0001:000012a4       ?Release@?$CComObject@VCOPOSRemoteOrderDisplay@@@ATL@@WOI@EAAKXZ 00000001800022a4 f i RemoteOrderDisplay.obj
 0001:000012b0       ?QueryInterface@?$CComObject@VCOPOSRemoteOrderDisplay@@@ATL@@WPA@EAAJAEBU_GUID@@PEAPEAX@Z 00000001800022b0 f i RemoteOrderDisplay.obj
 0001:000012bc       ?AddRef@?$CComObject@VCOPOSRemoteOrderDisplay@@@ATL@@WPA@EAAKXZ 00000001800022bc f i RemoteOrderDisplay.obj
 0001:000012c8       ?Release@?$CComObject@VCOPOSRemoteOrderDisplay@@@ATL@@WPA@EAAKXZ 00000001800022c8 f i RemoteOrderDisplay.obj
 0001:000012d4       ?QueryInterface@?$CComObject@VCOPOSRemoteOrderDisplay@@@ATL@@WPI@EAAJAEBU_GUID@@PEAPEAX@Z 00000001800022d4 f i RemoteOrderDisplay.obj
 0001:000012e0       ?AddRef@?$CComObject@VCOPOSRemoteOrderDisplay@@@ATL@@WPI@EAAKXZ 00000001800022e0 f i RemoteOrderDisplay.obj
 0001:000012ec       ?Release@?$CComObject@VCOPOSRemoteOrderDisplay@@@ATL@@WPI@EAAKXZ 00000001800022ec f i RemoteOrderDisplay.obj
 0001:000012f8       ?QueryInterface@?$CComObject@VCOPOSRemoteOrderDisplay@@@ATL@@WBAA@EAAJAEBU_GUID@@PEAPEAX@Z 00000001800022f8 f i RemoteOrderDisplay.obj
 0001:00001304       ?AddRef@?$CComObject@VCOPOSRemoteOrderDisplay@@@ATL@@WBAA@EAAKXZ 0000000180002304 f i RemoteOrderDisplay.obj
 0001:00001310       ?Release@?$CComObject@VCOPOSRemoteOrderDisplay@@@ATL@@WBAA@EAAKXZ 0000000180002310 f i RemoteOrderDisplay.obj
 0001:0000131c       ?QueryInterface@?$CComObject@VCOPOSRemoteOrderDisplay@@@ATL@@WBAI@EAAJAEBU_GUID@@PEAPEAX@Z 000000018000231c f i RemoteOrderDisplay.obj
 0001:00001328       ?AddRef@?$CComObject@VCOPOSRemoteOrderDisplay@@@ATL@@WBAI@EAAKXZ 0000000180002328 f i RemoteOrderDisplay.obj
 0001:00001334       ?Release@?$CComObject@VCOPOSRemoteOrderDisplay@@@ATL@@WBAI@EAAKXZ 0000000180002334 f i RemoteOrderDisplay.obj
 0001:00001340       ?QueryInterface@?$CComObject@VCOPOSRemoteOrderDisplay@@@ATL@@WBBA@EAAJAEBU_GUID@@PEAPEAX@Z 0000000180002340 f i RemoteOrderDisplay.obj
 0001:0000134c       ?AddRef@?$CComObject@VCOPOSRemoteOrderDisplay@@@ATL@@WBBA@EAAKXZ 000000018000234c f i RemoteOrderDisplay.obj
 0001:00001358       ?Release@?$CComObject@VCOPOSRemoteOrderDisplay@@@ATL@@WBBA@EAAKXZ 0000000180002358 f i RemoteOrderDisplay.obj
 0001:00001364       ?QueryInterface@?$CComObject@VCOPOSRemoteOrderDisplay@@@ATL@@WBBI@EAAJAEBU_GUID@@PEAPEAX@Z 0000000180002364 f i RemoteOrderDisplay.obj
 0001:00001370       ?AddRef@?$CComObject@VCOPOSRemoteOrderDisplay@@@ATL@@WBBI@EAAKXZ 0000000180002370 f i RemoteOrderDisplay.obj
 0001:0000137c       ?Release@?$CComObject@VCOPOSRemoteOrderDisplay@@@ATL@@WBBI@EAAKXZ 000000018000237c f i RemoteOrderDisplay.obj
 0001:00001388       ?AddRef@?$CComObject@VCOPOSRemoteOrderDisplay@@@ATL@@WBCI@EAAKXZ 0000000180002388 f i RemoteOrderDisplay.obj
 0001:00001394       ?Release@?$CComObject@VCOPOSRemoteOrderDisplay@@@ATL@@WBCI@EAAKXZ 0000000180002394 f i RemoteOrderDisplay.obj
 0001:000013a0       ?AddRef@?$CComObject@VCOPOSRemoteOrderDisplay@@@ATL@@WBEA@EAAKXZ 00000001800023a0 f i RemoteOrderDisplay.obj
 0001:000013ac       ?Release@?$CComObject@VCOPOSRemoteOrderDisplay@@@ATL@@WBEA@EAAKXZ 00000001800023ac f i RemoteOrderDisplay.obj
 0001:000013b8       ??_E?$CComContainedObject@VCOPOSRemoteOrderDisplay@@@ATL@@W7EAAPEAXI@Z 00000001800023b8 f i RemoteOrderDisplay.obj
 0001:000013c4       ??_E?$CComContainedObject@VCOPOSRemoteOrderDisplay@@@ATL@@WHA@EAAPEAXI@Z 00000001800023c4 f i RemoteOrderDisplay.obj
 0001:000013d0       ?QueryInterface@?$CComContainedObject@VCOPOSRemoteOrderDisplay@@@ATL@@WLI@EAAJAEBU_GUID@@PEAPEAX@Z 00000001800023d0 f i RemoteOrderDisplay.obj
 0001:000013dc       ?AddRef@?$CComContainedObject@VCOPOSRemoteOrderDisplay@@@ATL@@WLI@EAAKXZ 00000001800023dc f i RemoteOrderDisplay.obj
 0001:000013e8       ?Release@?$CComContainedObject@VCOPOSRemoteOrderDisplay@@@ATL@@WLI@EAAKXZ 00000001800023e8 f i RemoteOrderDisplay.obj
 0001:000013f4       ?QueryInterface@?$CComContainedObject@VCOPOSRemoteOrderDisplay@@@ATL@@WMA@EAAJAEBU_GUID@@PEAPEAX@Z 00000001800023f4 f i RemoteOrderDisplay.obj
 0001:00001400       ?AddRef@?$CComContainedObject@VCOPOSRemoteOrderDisplay@@@ATL@@WMA@EAAKXZ 0000000180002400 f i RemoteOrderDisplay.obj
 0001:0000140c       ?Release@?$CComContainedObject@VCOPOSRemoteOrderDisplay@@@ATL@@WMA@EAAKXZ 000000018000240c f i RemoteOrderDisplay.obj
 0001:00001418       ?QueryInterface@?$CComContainedObject@VCOPOSRemoteOrderDisplay@@@ATL@@WMI@EAAJAEBU_GUID@@PEAPEAX@Z 0000000180002418 f i RemoteOrderDisplay.obj
 0001:00001424       ?AddRef@?$CComContainedObject@VCOPOSRemoteOrderDisplay@@@ATL@@WMI@EAAKXZ 0000000180002424 f i RemoteOrderDisplay.obj
 0001:00001430       ?Release@?$CComContainedObject@VCOPOSRemoteOrderDisplay@@@ATL@@WMI@EAAKXZ 0000000180002430 f i RemoteOrderDisplay.obj
 0001:0000143c       ?QueryInterface@?$CComContainedObject@VCOPOSRemoteOrderDisplay@@@ATL@@WNA@EAAJAEBU_GUID@@PEAPEAX@Z 000000018000243c f i RemoteOrderDisplay.obj
 0001:00001448       ?AddRef@?$CComContainedObject@VCOPOSRemoteOrderDisplay@@@ATL@@WNA@EAAKXZ 0000000180002448 f i RemoteOrderDisplay.obj
 0001:00001454       ?Release@?$CComContainedObject@VCOPOSRemoteOrderDisplay@@@ATL@@WNA@EAAKXZ 0000000180002454 f i RemoteOrderDisplay.obj
 0001:00001460       ?QueryInterface@?$CComContainedObject@VCOPOSRemoteOrderDisplay@@@ATL@@WNI@EAAJAEBU_GUID@@PEAPEAX@Z 0000000180002460 f i RemoteOrderDisplay.obj
 0001:0000146c       ?AddRef@?$CComContainedObject@VCOPOSRemoteOrderDisplay@@@ATL@@WNI@EAAKXZ 000000018000246c f i RemoteOrderDisplay.obj
 0001:00001478       ?Release@?$CComContainedObject@VCOPOSRemoteOrderDisplay@@@ATL@@WNI@EAAKXZ 0000000180002478 f i RemoteOrderDisplay.obj
 0001:00001484       ?QueryInterface@?$CComContainedObject@VCOPOSRemoteOrderDisplay@@@ATL@@WOA@EAAJAEBU_GUID@@PEAPEAX@Z 0000000180002484 f i RemoteOrderDisplay.obj
 0001:00001490       ?AddRef@?$CComContainedObject@VCOPOSRemoteOrderDisplay@@@ATL@@WOA@EAAKXZ 0000000180002490 f i RemoteOrderDisplay.obj
 0001:0000149c       ?Release@?$CComContainedObject@VCOPOSRemoteOrderDisplay@@@ATL@@WOA@EAAKXZ 000000018000249c f i RemoteOrderDisplay.obj
 0001:000014a8       ?QueryInterface@?$CComContainedObject@VCOPOSRemoteOrderDisplay@@@ATL@@WOI@EAAJAEBU_GUID@@PEAPEAX@Z 00000001800024a8 f i RemoteOrderDisplay.obj
 0001:000014b4       ?AddRef@?$CComContainedObject@VCOPOSRemoteOrderDisplay@@@ATL@@WOI@EAAKXZ 00000001800024b4 f i RemoteOrderDisplay.obj
 0001:000014c0       ?Release@?$CComContainedObject@VCOPOSRemoteOrderDisplay@@@ATL@@WOI@EAAKXZ 00000001800024c0 f i RemoteOrderDisplay.obj
 0001:000014cc       ?QueryInterface@?$CComContainedObject@VCOPOSRemoteOrderDisplay@@@ATL@@WPA@EAAJAEBU_GUID@@PEAPEAX@Z 00000001800024cc f i RemoteOrderDisplay.obj
 0001:000014d8       ?AddRef@?$CComContainedObject@VCOPOSRemoteOrderDisplay@@@ATL@@WPA@EAAKXZ 00000001800024d8 f i RemoteOrderDisplay.obj
 0001:000014e4       ?Release@?$CComContainedObject@VCOPOSRemoteOrderDisplay@@@ATL@@WPA@EAAKXZ 00000001800024e4 f i RemoteOrderDisplay.obj
 0001:000014f0       ?QueryInterface@?$CComContainedObject@VCOPOSRemoteOrderDisplay@@@ATL@@WPI@EAAJAEBU_GUID@@PEAPEAX@Z 00000001800024f0 f i RemoteOrderDisplay.obj
 0001:000014fc       ?AddRef@?$CComContainedObject@VCOPOSRemoteOrderDisplay@@@ATL@@WPI@EAAKXZ 00000001800024fc f i RemoteOrderDisplay.obj
 0001:00001508       ?Release@?$CComContainedObject@VCOPOSRemoteOrderDisplay@@@ATL@@WPI@EAAKXZ 0000000180002508 f i RemoteOrderDisplay.obj
 0001:00001514       ?QueryInterface@?$CComContainedObject@VCOPOSRemoteOrderDisplay@@@ATL@@WBAA@EAAJAEBU_GUID@@PEAPEAX@Z 0000000180002514 f i RemoteOrderDisplay.obj
 0001:00001520       ?AddRef@?$CComContainedObject@VCOPOSRemoteOrderDisplay@@@ATL@@WBAA@EAAKXZ 0000000180002520 f i RemoteOrderDisplay.obj
 0001:0000152c       ?Release@?$CComContainedObject@VCOPOSRemoteOrderDisplay@@@ATL@@WBAA@EAAKXZ 000000018000252c f i RemoteOrderDisplay.obj
 0001:00001538       ?QueryInterface@?$CComContainedObject@VCOPOSRemoteOrderDisplay@@@ATL@@WBAI@EAAJAEBU_GUID@@PEAPEAX@Z 0000000180002538 f i RemoteOrderDisplay.obj
 0001:00001544       ?AddRef@?$CComContainedObject@VCOPOSRemoteOrderDisplay@@@ATL@@WBAI@EAAKXZ 0000000180002544 f i RemoteOrderDisplay.obj
 0001:00001550       ?Release@?$CComContainedObject@VCOPOSRemoteOrderDisplay@@@ATL@@WBAI@EAAKXZ 0000000180002550 f i RemoteOrderDisplay.obj
 0001:0000155c       ?QueryInterface@?$CComContainedObject@VCOPOSRemoteOrderDisplay@@@ATL@@WBBA@EAAJAEBU_GUID@@PEAPEAX@Z 000000018000255c f i RemoteOrderDisplay.obj
 0001:00001568       ?AddRef@?$CComContainedObject@VCOPOSRemoteOrderDisplay@@@ATL@@WBBA@EAAKXZ 0000000180002568 f i RemoteOrderDisplay.obj
 0001:00001574       ?Release@?$CComContainedObject@VCOPOSRemoteOrderDisplay@@@ATL@@WBBA@EAAKXZ 0000000180002574 f i RemoteOrderDisplay.obj
 0001:00001580       ?QueryInterface@?$CComContainedObject@VCOPOSRemoteOrderDisplay@@@ATL@@WBBI@EAAJAEBU_GUID@@PEAPEAX@Z 0000000180002580 f i RemoteOrderDisplay.obj
 0001:0000158c       ?AddRef@?$CComContainedObject@VCOPOSRemoteOrderDisplay@@@ATL@@WBBI@EAAKXZ 000000018000258c f i RemoteOrderDisplay.obj
 0001:00001598       ?Release@?$CComContainedObject@VCOPOSRemoteOrderDisplay@@@ATL@@WBBI@EAAKXZ 0000000180002598 f i RemoteOrderDisplay.obj
 0001:000015a4       ?AddRef@?$CComContainedObject@VCOPOSRemoteOrderDisplay@@@ATL@@WBCI@EAAKXZ 00000001800025a4 f i RemoteOrderDisplay.obj
 0001:000015b0       ?Release@?$CComContainedObject@VCOPOSRemoteOrderDisplay@@@ATL@@WBCI@EAAKXZ 00000001800025b0 f i RemoteOrderDisplay.obj
 0001:000015bc       ?AddRef@?$CComContainedObject@VCOPOSRemoteOrderDisplay@@@ATL@@WBEA@EAAKXZ 00000001800025bc f i RemoteOrderDisplay.obj
 0001:000015c8       ?Release@?$CComContainedObject@VCOPOSRemoteOrderDisplay@@@ATL@@WBEA@EAAKXZ 00000001800025c8 f i RemoteOrderDisplay.obj
 0001:000015d4       ?GetWindowProc@?$CWindowImplBaseT@VCWindow@ATL@@V?$CWinTraits@$0FGAAAAAA@$0A@@2@@ATL@@UEAAP6A_JPEAUHWND__@@I_K_J@ZXZ 00000001800025d4 f i RemoteOrderDisplay.obj
 0001:000015dc       ?StartWindowProc@?$CWindowImplBaseT@VCWindow@ATL@@V?$CWinTraits@$0FGAAAAAA@$0A@@2@@ATL@@SA_JPEAUHWND__@@I_K_J@Z 00000001800025dc f i RemoteOrderDisplay.obj
 0001:000016a0       _guard_check_icall_nop     00000001800026a0 f i LIBCMT:guard_support.obj
 0001:000016a0       ?ObjectMain@CComObjectRootBase@ATL@@SAX_N@Z 00000001800026a0 f i RemoteOrderDisplay.obj
 0001:000016a0       ?OnFinalMessage@?$CWindowImplBaseT@VCWindow@ATL@@V?$CWinTraits@$0FGAAAAAA@$0A@@2@@ATL@@UEAAXPEAUHWND__@@@Z 00000001800026a0 f i RemoteOrderDisplay.obj
 0001:000016a4       ?GetTypeInfoCount@?$IDispatchImpl@UIOPOSRemoteOrderDisplay@@$1?IID_IOPOSRemoteOrderDisplay@@3U_GUID@@B$1?LIBID_OposRemoteOrderDisplay_CCO@@3U3@B$00$0A@VCComTypeInfoHolder@ATL@@@ATL@@UEAAJPEAI@Z 00000001800026a4 f i RemoteOrderDisplay.obj
 0001:000016b8       ?GetTypeInfo@?$IDispatchImpl@UIOPOSRemoteOrderDisplay@@$1?IID_IOPOSRemoteOrderDisplay@@3U_GUID@@B$1?LIBID_OposRemoteOrderDisplay_CCO@@3U3@B$00$0A@VCComTypeInfoHolder@ATL@@@ATL@@UEAAJIKPEAPEAUITypeInfo@@@Z 00000001800026b8 f i RemoteOrderDisplay.obj
 0001:0000171c       ?GetIDsOfNames@?$IDispatchImpl@UIOPOSRemoteOrderDisplay@@$1?IID_IOPOSRemoteOrderDisplay@@3U_GUID@@B$1?LIBID_OposRemoteOrderDisplay_CCO@@3U3@B$00$0A@VCComTypeInfoHolder@ATL@@@ATL@@UEAAJAEBU_GUID@@PEAPEA_WIKPEAJ@Z 000000018000271c f i RemoteOrderDisplay.obj
 0001:00001728       ?Invoke@?$IDispatchImpl@UIOPOSRemoteOrderDisplay@@$1?IID_IOPOSRemoteOrderDisplay@@3U_GUID@@B$1?LIBID_OposRemoteOrderDisplay_CCO@@3U3@B$00$0A@VCComTypeInfoHolder@ATL@@@ATL@@UEAAJJAEBU_GUID@@KGPEAUtagDISPPARAMS@@PEAUtagVARIANT@@PEAUtagEXCEPINFO@@PEAI@Z 0000000180002728 f i RemoteOrderDisplay.obj
 0001:000017b8       ?CreateControlWindow@?$CComControl@VCOPOSRemoteOrderDisplay@@V?$CWindowImpl@VCOPOSRemoteOrderDisplay@@VCWindow@ATL@@V?$CWinTraits@$0FGAAAAAA@$0A@@3@@ATL@@@ATL@@UEAAPEAUHWND__@@PEAU3@AEAUtagRECT@@@Z 00000001800027b8 f i RemoteOrderDisplay.obj
 0001:000017f0       ?ControlQueryInterface@?$CComControl@VCOPOSRemoteOrderDisplay@@V?$CWindowImpl@VCOPOSRemoteOrderDisplay@@VCWindow@ATL@@V?$CWinTraits@$0FGAAAAAA@$0A@@3@@ATL@@@ATL@@UEAAJAEBU_GUID@@PEAPEAX@Z 00000001800027f0 f i RemoteOrderDisplay.obj
 0001:00001804       ?GetClassID@?$IPersistStorageImpl@VCOPOSRemoteOrderDisplay@@@ATL@@UEAAJPEAU_GUID@@@Z 0000000180002804 f i RemoteOrderDisplay.obj
 0001:00001804       ?GetUserClassID@?$IOleObjectImpl@VCOPOSRemoteOrderDisplay@@@ATL@@UEAAJPEAU_GUID@@@Z 0000000180002804 f i RemoteOrderDisplay.obj
 0001:00001804       ?GetClassID@?$IPersistStreamInitImpl@VCOPOSRemoteOrderDisplay@@@ATL@@UEAAJPEAU_GUID@@@Z 0000000180002804 f i RemoteOrderDisplay.obj
 0001:00001820       ?IsDirty@?$IPersistStreamInitImpl@VCOPOSRemoteOrderDisplay@@@ATL@@UEAAJXZ 0000000180002820 f i RemoteOrderDisplay.obj
 0001:0000183c       ?Load@?$IPersistStreamInitImpl@VCOPOSRemoteOrderDisplay@@@ATL@@UEAAJPEAUIStream@@@Z 000000018000283c f i RemoteOrderDisplay.obj
 0001:0000188c       ?Save@?$IPersistStreamInitImpl@VCOPOSRemoteOrderDisplay@@@ATL@@UEAAJPEAUIStream@@H@Z 000000018000288c f i RemoteOrderDisplay.obj
 0001:000018f0       ?GetSizeMax@?$IPersistStreamInitImpl@VCOPOSRemoteOrderDisplay@@@ATL@@UEAAJPEAT_ULARGE_INTEGER@@@Z 00000001800028f0 f i RemoteOrderDisplay.obj
 0001:00001b1c       ?InitNew@?$IPersistStreamInitImpl@VCOPOSRemoteOrderDisplay@@@ATL@@UEAAJXZ 0000000180002b1c f i RemoteOrderDisplay.obj
 0001:00001b34       ?SetClientSite@?$IOleObjectImpl@VCOPOSRemoteOrderDisplay@@@ATL@@UEAAJPEAUIOleClientSite@@@Z 0000000180002b34 f i RemoteOrderDisplay.obj
 0001:00001b50       ?GetClientSite@?$IOleObjectImpl@VCOPOSRemoteOrderDisplay@@@ATL@@UEAAJPEAPEAUIOleClientSite@@@Z 0000000180002b50 f i RemoteOrderDisplay.obj
 0001:00001b98       ?Close@?$IOleObjectImpl@VCOPOSRemoteOrderDisplay@@@ATL@@UEAAJK@Z 0000000180002b98 f i RemoteOrderDisplay.obj
 0001:00001bb4       ?DoVerb@?$IOleObjectImpl@VCOPOSRemoteOrderDisplay@@@ATL@@UEAAJJPEAUtagMSG@@PEAUIOleClientSite@@JPEAUHWND__@@PEBUtagRECT@@@Z 0000000180002bb4 f i RemoteOrderDisplay.obj
 0001:00001d58       ?EnumVerbs@?$IOleObjectImpl@VCOPOSRemoteOrderDisplay@@@ATL@@UEAAJPEAPEAUIEnumOLEVERB@@@Z 0000000180002d58 f i RemoteOrderDisplay.obj
 0001:00001d74       ?GetUserType@?$IOleObjectImpl@VCOPOSRemoteOrderDisplay@@@ATL@@UEAAJKPEAPEA_W@Z 0000000180002d74 f i RemoteOrderDisplay.obj
 0001:00001d84       ?SetExtent@?$IOleObjectImpl@VCOPOSRemoteOrderDisplay@@@ATL@@UEAAJKPEAUtagSIZE@@@Z 0000000180002d84 f i RemoteOrderDisplay.obj
 0001:00001da0       ?GetExtent@?$IOleObjectImpl@VCOPOSRemoteOrderDisplay@@@ATL@@UEAAJKPEAUtagSIZE@@@Z 0000000180002da0 f i RemoteOrderDisplay.obj
 0001:00001dd0       ?Advise@?$IOleObjectImpl@VCOPOSRemoteOrderDisplay@@@ATL@@UEAAJPEAUIAdviseSink@@PEAK@Z 0000000180002dd0 f i RemoteOrderDisplay.obj
 0001:00001e2c       ?Unadvise@?$IOleObjectImpl@VCOPOSRemoteOrderDisplay@@@ATL@@UEAAJK@Z 0000000180002e2c f i RemoteOrderDisplay.obj
 0001:00001e64       ?EnumAdvise@?$IOleObjectImpl@VCOPOSRemoteOrderDisplay@@@ATL@@UEAAJPEAPEAUIEnumSTATDATA@@@Z 0000000180002e64 f i RemoteOrderDisplay.obj
 0001:00001eac       ?GetMiscStatus@?$IOleObjectImpl@VCOPOSRemoteOrderDisplay@@@ATL@@UEAAJKPEAK@Z 0000000180002eac f i RemoteOrderDisplay.obj
 0001:00001ebc       ?GetWindow@?$IOleInPlaceActiveObjectImpl@VCOPOSRemoteOrderDisplay@@@ATL@@UEAAJPEAPEAUHWND__@@@Z 0000000180002ebc f i RemoteOrderDisplay.obj
 0001:00001f10       ?TranslateAcceleratorW@?$IOleInPlaceActiveObjectImpl@VCOPOSRemoteOrderDisplay@@@ATL@@UEAAJPEAUtagMSG@@@Z 0000000180002f10 f i RemoteOrderDisplay.obj
 0001:00002004       ?OnDocWindowActivate@?$IOleInPlaceActiveObjectImpl@VCOPOSRemoteOrderDisplay@@@ATL@@UEAAJH@Z 0000000180003004 f i RemoteOrderDisplay.obj
 0001:00002030       ?Draw@?$IViewObjectExImpl@VCOPOSRemoteOrderDisplay@@@ATL@@UEAAJKJPEAXPEAUtagDVTARGETDEVICE@@PEAUHDC__@@2PEBU_RECTL@@3P6AH_K@Z4@Z 0000000180003030 f i RemoteOrderDisplay.obj
 0001:00002094       ?SetAdvise@?$IViewObjectExImpl@VCOPOSRemoteOrderDisplay@@@ATL@@UEAAJKKPEAUIAdviseSink@@@Z 0000000180003094 f i RemoteOrderDisplay.obj
 0001:000020e8       ?GetAdvise@?$IViewObjectExImpl@VCOPOSRemoteOrderDisplay@@@ATL@@UEAAJPEAK0PEAPEAUIAdviseSink@@@Z 00000001800030e8 f i RemoteOrderDisplay.obj
 0001:00002124       ?GetExtent@?$IViewObjectExImpl@VCOPOSRemoteOrderDisplay@@@ATL@@UEAAJKJPEAUtagDVTARGETDEVICE@@PEAUtagSIZE@@@Z 0000000180003124 f i RemoteOrderDisplay.obj
 0001:00002154       ?GetViewStatus@?$IViewObjectExImpl@VCOPOSRemoteOrderDisplay@@@ATL@@UEAAJPEAK@Z 0000000180003154 f i RemoteOrderDisplay.obj
 0001:00002168       ?QueryHitPoint@?$IViewObjectExImpl@VCOPOSRemoteOrderDisplay@@@ATL@@UEAAJKPEBUtagRECT@@UtagPOINT@@JPEAK@Z 0000000180003168 f i RemoteOrderDisplay.obj
 0001:000021ac       ?QueryHitRect@?$IViewObjectExImpl@VCOPOSRemoteOrderDisplay@@@ATL@@UEAAJKPEBUtagRECT@@0JPEAK@Z 00000001800031ac f i RemoteOrderDisplay.obj
 0001:00002214       ?GetNaturalExtent@?$IViewObjectExImpl@VCOPOSRemoteOrderDisplay@@@ATL@@UEAAJKJPEAUtagDVTARGETDEVICE@@PEAUHDC__@@PEAUtagExtentInfo@@PEAUtagSIZE@@@Z 0000000180003214 f i RemoteOrderDisplay.obj
 0001:0000225c       ?GetWindow@?$IOleInPlaceObjectWindowlessImpl@VCOPOSRemoteOrderDisplay@@@ATL@@UEAAJPEAPEAUHWND__@@@Z 000000018000325c f i RemoteOrderDisplay.obj
 0001:000022b0       ?InPlaceDeactivate@?$IOleInPlaceObjectWindowlessImpl@VCOPOSRemoteOrderDisplay@@@ATL@@UEAAJXZ 00000001800032b0 f i RemoteOrderDisplay.obj
 0001:000022cc       ?UIDeactivate@?$IOleInPlaceObjectWindowlessImpl@VCOPOSRemoteOrderDisplay@@@ATL@@UEAAJXZ 00000001800032cc f i RemoteOrderDisplay.obj
 0001:000022e8       ?SetObjectRects@?$IOleInPlaceObjectWindowlessImpl@VCOPOSRemoteOrderDisplay@@@ATL@@UEAAJPEBUtagRECT@@0@Z 00000001800032e8 f i RemoteOrderDisplay.obj
 0001:00002304       ?OnWindowMessage@?$IOleInPlaceObjectWindowlessImpl@VCOPOSRemoteOrderDisplay@@@ATL@@UEAAJI_K_JPEA_J@Z 0000000180003304 f i RemoteOrderDisplay.obj
 0001:000023cc       ?EnumConnectionPoints@?$IConnectionPointContainerImpl@VCOPOSRemoteOrderDisplay@@@ATL@@UEAAJPEAPEAUIEnumConnectionPoints@@@Z 00000001800033cc f i RemoteOrderDisplay.obj
 0001:000025ec       ?FindConnectionPoint@?$IConnectionPointContainerImpl@VCOPOSRemoteOrderDisplay@@@ATL@@UEAAJAEBU_GUID@@PEAPEAUIConnectionPoint@@@Z 00000001800035ec f i RemoteOrderDisplay.obj
 0001:000026bc       ?IsDirty@?$IPersistStorageImpl@VCOPOSRemoteOrderDisplay@@@ATL@@UEAAJXZ 00000001800036bc f i RemoteOrderDisplay.obj
 0001:00002700       ?InitNew@?$IPersistStorageImpl@VCOPOSRemoteOrderDisplay@@@ATL@@UEAAJPEAUIStorage@@@Z 0000000180003700 f i RemoteOrderDisplay.obj
 0001:00002744       ?Load@?$IPersistStorageImpl@VCOPOSRemoteOrderDisplay@@@ATL@@UEAAJPEAUIStorage@@@Z 0000000180003744 f i RemoteOrderDisplay.obj
 0001:000027e4       ?Save@?$IPersistStorageImpl@VCOPOSRemoteOrderDisplay@@@ATL@@UEAAJPEAUIStorage@@H@Z 00000001800037e4 f i RemoteOrderDisplay.obj
 0001:00002894       ?GetPages@?$ISpecifyPropertyPagesImpl@VCOPOSRemoteOrderDisplay@@@ATL@@UEAAJPEAUtagCAUUID@@@Z 0000000180003894 f i RemoteOrderDisplay.obj
 0001:000028a0       ?QuickActivate@?$IQuickActivateImpl@VCOPOSRemoteOrderDisplay@@@ATL@@UEAAJPEAUtagQACONTAINER@@PEAUtagQACONTROL@@@Z 00000001800038a0 f i RemoteOrderDisplay.obj
 0001:000028bc       ?SetContentExtent@?$IQuickActivateImpl@VCOPOSRemoteOrderDisplay@@@ATL@@UEAAJPEAUtagSIZE@@@Z 00000001800038bc f i RemoteOrderDisplay.obj
 0001:000028f0       ?GetContentExtent@?$IQuickActivateImpl@VCOPOSRemoteOrderDisplay@@@ATL@@UEAAJPEAUtagSIZE@@@Z 00000001800038f0 f i RemoteOrderDisplay.obj
 0001:00002928       ?GetData@?$IDataObjectImpl@VCOPOSRemoteOrderDisplay@@@ATL@@UEAAJPEAUtagFORMATETC@@PEAUtagSTGMEDIUM@@@Z 0000000180003928 f i RemoteOrderDisplay.obj
 0001:00002944       ?DAdvise@?$IDataObjectImpl@VCOPOSRemoteOrderDisplay@@@ATL@@UEAAJPEAUtagFORMATETC@@KPEAUIAdviseSink@@PEAK@Z 0000000180003944 f i RemoteOrderDisplay.obj
 0001:000029cc       ?DUnadvise@?$IDataObjectImpl@VCOPOSRemoteOrderDisplay@@@ATL@@UEAAJK@Z 00000001800039cc f i RemoteOrderDisplay.obj
 0001:000029f8       ?EnumDAdvise@?$IDataObjectImpl@VCOPOSRemoteOrderDisplay@@@ATL@@UEAAJPEAPEAUIEnumSTATDATA@@@Z 00000001800039f8 f i RemoteOrderDisplay.obj
 0001:00002a34       ?GetClassInfoW@?$IProvideClassInfo2Impl@$1?CLSID_OPOSRemoteOrderDisplay@@3U_GUID@@B$1?DIID__IOPOSRemoteOrderDisplayEvents@@3U2@B$1?LIBID_OposRemoteOrderDisplay_CCO@@3U2@B$00$0A@VCComTypeInfoHolder@ATL@@@ATL@@UEAAJPEAPEAUITypeInfo@@@Z 0000000180003a34 f i RemoteOrderDisplay.obj
 0001:00002a8c       ?GetGUID@?$IProvideClassInfo2Impl@$1?CLSID_OPOSRemoteOrderDisplay@@3U_GUID@@B$1?DIID__IOPOSRemoteOrderDisplayEvents@@3U2@B$1?LIBID_OposRemoteOrderDisplay_CCO@@3U2@B$00$0A@VCComTypeInfoHolder@ATL@@@ATL@@UEAAJKPEAU_GUID@@@Z 0000000180003a8c f i RemoteOrderDisplay.obj
 0001:00002ac0       ?GetInterfaceSafetyOptions@?$IObjectSafetyImpl@VCOPOSRemoteOrderDisplay@@$02@ATL@@UEAAJAEBU_GUID@@PEAK1@Z 0000000180003ac0 f i RemoteOrderDisplay.obj
 0001:00002b54       ?SetInterfaceSafetyOptions@?$IObjectSafetyImpl@VCOPOSRemoteOrderDisplay@@$02@ATL@@UEAAJAEBU_GUID@@KK@Z 0000000180003b54 f i RemoteOrderDisplay.obj
 0001:00002bf8       ?_LocCPQueryInterface@?$IConnectionPointImpl@VCOPOSRemoteOrderDisplay@@$1?DIID__IOPOSRemoteOrderDisplayEvents@@3U_GUID@@BVCComDynamicUnkArray@ATL@@@ATL@@UEAAJAEBU_GUID@@PEAPEAX@Z 0000000180003bf8 f i RemoteOrderDisplay.obj
 0001:00002bf8       ?_LocCPQueryInterface@?$IConnectionPointImpl@VCOPOSRemoteOrderDisplay@@$1?IID_IPropertyNotifySink@@3U_GUID@@BVCComDynamicUnkArray@ATL@@@ATL@@UEAAJAEBU_GUID@@PEAPEAX@Z 0000000180003bf8 f i RemoteOrderDisplay.obj
 0001:00002c6c       ?GetConnectionInterface@?$IConnectionPointImpl@VCOPOSRemoteOrderDisplay@@$1?IID_IPropertyNotifySink@@3U_GUID@@BVCComDynamicUnkArray@ATL@@@ATL@@UEAAJPEAU_GUID@@@Z 0000000180003c6c f i RemoteOrderDisplay.obj
 0001:00002c88       ?GetConnectionPointContainer@?$IConnectionPointImpl@VCOPOSRemoteOrderDisplay@@$1?IID_IPropertyNotifySink@@3U_GUID@@BVCComDynamicUnkArray@ATL@@@ATL@@UEAAJPEAPEAUIConnectionPointContainer@@@Z 0000000180003c88 f i RemoteOrderDisplay.obj
 0001:00002ca8       ?Advise@?$IConnectionPointImpl@VCOPOSRemoteOrderDisplay@@$1?IID_IPropertyNotifySink@@3U_GUID@@BVCComDynamicUnkArray@ATL@@@ATL@@UEAAJPEAUIUnknown@@PEAK@Z 0000000180003ca8 f i RemoteOrderDisplay.obj
 0001:00002ca8       ?Advise@?$IConnectionPointImpl@VCOPOSRemoteOrderDisplay@@$1?DIID__IOPOSRemoteOrderDisplayEvents@@3U_GUID@@BVCComDynamicUnkArray@ATL@@@ATL@@UEAAJPEAUIUnknown@@PEAK@Z 0000000180003ca8 f i RemoteOrderDisplay.obj
 0001:00002d68       ?Unadvise@?$IConnectionPointImpl@VCOPOSRemoteOrderDisplay@@$1?IID_IPropertyNotifySink@@3U_GUID@@BVCComDynamicUnkArray@ATL@@@ATL@@UEAAJK@Z 0000000180003d68 f i RemoteOrderDisplay.obj
 0001:00002d68       ?Unadvise@?$IConnectionPointImpl@VCOPOSRemoteOrderDisplay@@$1?DIID__IOPOSRemoteOrderDisplayEvents@@3U_GUID@@BVCComDynamicUnkArray@ATL@@@ATL@@UEAAJK@Z 0000000180003d68 f i RemoteOrderDisplay.obj
 0001:00002de4       ?EnumConnections@?$IConnectionPointImpl@VCOPOSRemoteOrderDisplay@@$1?IID_IPropertyNotifySink@@3U_GUID@@BVCComDynamicUnkArray@ATL@@@ATL@@UEAAJPEAPEAUIEnumConnections@@@Z 0000000180003de4 f i RemoteOrderDisplay.obj
 0001:00002de4       ?EnumConnections@?$IConnectionPointImpl@VCOPOSRemoteOrderDisplay@@$1?DIID__IOPOSRemoteOrderDisplayEvents@@3U_GUID@@BVCComDynamicUnkArray@ATL@@@ATL@@UEAAJPEAPEAUIEnumConnections@@@Z 0000000180003de4 f i RemoteOrderDisplay.obj
 0001:00002f8c       ?GetConnectionInterface@?$IConnectionPointImpl@VCOPOSRemoteOrderDisplay@@$1?DIID__IOPOSRemoteOrderDisplayEvents@@3U_GUID@@BVCComDynamicUnkArray@ATL@@@ATL@@UEAAJPEAU_GUID@@@Z 0000000180003f8c f i RemoteOrderDisplay.obj
 0001:00002fa8       ?GetConnectionPointContainer@?$IConnectionPointImpl@VCOPOSRemoteOrderDisplay@@$1?DIID__IOPOSRemoteOrderDisplayEvents@@3U_GUID@@BVCComDynamicUnkArray@ATL@@@ATL@@UEAAJPEAPEAUIConnectionPointContainer@@@Z 0000000180003fa8 f i RemoteOrderDisplay.obj
 0001:00002fc8       ?UpdateRegistry@COPOSRemoteOrderDisplay@@SAJH@Z 0000000180003fc8 f i RemoteOrderDisplay.obj
 0001:00002fe0       ?ProcessWindowMessage@COPOSRemoteOrderDisplay@@UEAAHPEAUHWND__@@I_K_JAEA_JK@Z 0000000180003fe0 f i RemoteOrderDisplay.obj
 0001:00003068       ?SOData@COPOSRemoteOrderDisplay@@MEAAJJ@Z 0000000180004068 f i RemoteOrderDisplay.obj
 0001:000030b8       ?SODirectIO@COPOSRemoteOrderDisplay@@MEAAJJPEAJPEAPEA_W@Z 00000001800040b8 f i RemoteOrderDisplay.obj
 0001:00003130       ?SOError@COPOSRemoteOrderDisplay@@MEAAJJJJPEAJ@Z 0000000180004130 f i RemoteOrderDisplay.obj
 0001:000031b8       ?SOOutputComplete@COPOSRemoteOrderDisplay@@MEAAJJ@Z 00000001800041b8 f i RemoteOrderDisplay.obj
 0001:00003208       ?SOStatusUpdate@COPOSRemoteOrderDisplay@@MEAAJJ@Z 0000000180004208 f i RemoteOrderDisplay.obj
 0001:00003258       ?CreateInstance@?$CComCreator@V?$CComObjectCached@VCComClassFactory@ATL@@@ATL@@@ATL@@SAJPEAXAEBU_GUID@@PEAPEAX@Z 0000000180004258 f i RemoteOrderDisplay.obj
 0001:00003360       ?CreateInstance@?$CComCreator2@V?$CComCreator@V?$CComObject@VCOPOSRemoteOrderDisplay@@@ATL@@@ATL@@V?$CComCreator@V?$CComAggObject@VCOPOSRemoteOrderDisplay@@@ATL@@@2@@ATL@@SAJPEAXAEBU_GUID@@PEAPEAX@Z 0000000180004360 f i RemoteOrderDisplay.obj
 0001:00003370       ?Next@?$CComEnumImpl@UIEnumConnectionPoints@@$1?_GUID_b196b285_bab4_101a_b69c_00aa00341d07@@3U__s_GUID@@BPEAUIConnectionPoint@@V?$_CopyInterface@UIConnectionPoint@@@ATL@@@ATL@@UEAAJKPEAPEAUIConnectionPoint@@PEAK@Z 0000000180004370 f i RemoteOrderDisplay.obj
 0001:0000343c       ?Skip@?$CComEnumImpl@UIEnumConnectionPoints@@$1?_GUID_b196b285_bab4_101a_b69c_00aa00341d07@@3U__s_GUID@@BPEAUIConnectionPoint@@V?$_CopyInterface@UIConnectionPoint@@@ATL@@@ATL@@UEAAJK@Z 000000018000443c f i RemoteOrderDisplay.obj
 0001:00003468       ?Clone@?$CComEnumImpl@UIEnumConnectionPoints@@$1?_GUID_b196b285_bab4_101a_b69c_00aa00341d07@@3U__s_GUID@@BPEAUIConnectionPoint@@V?$_CopyInterface@UIConnectionPoint@@@ATL@@@ATL@@UEAAJPEAPEAUIEnumConnectionPoints@@@Z 0000000180004468 f i RemoteOrderDisplay.obj
 0001:00003594       ?QueryInterface@?$CComObject@V?$CComEnum@UIEnumConnectionPoints@@$1?_GUID_b196b285_bab4_101a_b69c_00aa00341d07@@3U__s_GUID@@BPEAUIConnectionPoint@@V?$_CopyInterface@UIConnectionPoint@@@ATL@@VCComSingleThreadModel@6@@ATL@@@ATL@@UEAAJAEBU_GUID@@PEAPEAX@Z 0000000180004594 f i RemoteOrderDisplay.obj
 0001:000035a8       ??_G?$CComObject@V?$CComEnum@UIEnumConnectionPoints@@$1?_GUID_b196b285_bab4_101a_b69c_00aa00341d07@@3U__s_GUID@@BPEAUIConnectionPoint@@V?$_CopyInterface@UIConnectionPoint@@@ATL@@VCComSingleThreadModel@6@@ATL@@@ATL@@UEAAPEAXI@Z 00000001800045a8 f i RemoteOrderDisplay.obj
 0001:000035a8       ??_E?$CComObject@V?$CComEnum@UIEnumConnectionPoints@@$1?_GUID_b196b285_bab4_101a_b69c_00aa00341d07@@3U__s_GUID@@BPEAUIConnectionPoint@@V?$_CopyInterface@UIConnectionPoint@@@ATL@@VCComSingleThreadModel@6@@ATL@@@ATL@@UEAAPEAXI@Z 00000001800045a8 f i RemoteOrderDisplay.obj
 0001:00003600       ?CreateInstance@CComClassFactory@ATL@@UEAAJPEAUIUnknown@@AEBU_GUID@@PEAPEAX@Z 0000000180004600 f i RemoteOrderDisplay.obj
 0001:00003660       ?LockServer@CComClassFactory@ATL@@UEAAJH@Z 0000000180004660 f i RemoteOrderDisplay.obj
 0001:00003684       ??_GCComClassFactory@ATL@@UEAAPEAXI@Z 0000000180004684 f i RemoteOrderDisplay.obj
 0001:00003684       ??_ECComClassFactory@ATL@@UEAAPEAXI@Z 0000000180004684 f i RemoteOrderDisplay.obj
 0001:000036d4       ??$AtlModuleRegisterWndClassInfoT@VAtlModuleRegisterWndClassInfoParamW@ATL@@@ATL@@YAGPEAU_ATL_BASE_MODULE70@0@PEAU_ATL_WIN_MODULE70@0@PEAU_ATL_WNDCLASSINFOW@0@PEAP6A_JPEAUHWND__@@I_K_J@ZVAtlModuleRegisterWndClassInfoParamW@0@@Z 00000001800046d4 f i RemoteOrderDisplay.obj
 0001:000038d4       ??0?$CComContainedObject@VCOPOSRemoteOrderDisplay@@@ATL@@QEAA@PEAX@Z 00000001800048d4 f i RemoteOrderDisplay.obj
 0001:000039f0       ??0?$CComObject@VCOPOSRemoteOrderDisplay@@@ATL@@QEAA@PEAX@Z 00000001800049f0 f i RemoteOrderDisplay.obj
 0001:00003b08       ??0CAtlModule@ATL@@QEAA@XZ 0000000180004b08 f i RemoteOrderDisplay.obj
 0001:00003b7c       ??1?$CComEnumImpl@UIEnumConnectionPoints@@$1?_GUID_b196b285_bab4_101a_b69c_00aa00341d07@@3U__s_GUID@@BPEAUIConnectionPoint@@V?$_CopyInterface@UIConnectionPoint@@@ATL@@@ATL@@UEAA@XZ 0000000180004b7c f i RemoteOrderDisplay.obj
 0001:00003bd8       ??1?$CComEnumImpl@UIEnumConnections@@$1?_GUID_b196b287_bab4_101a_b69c_00aa00341d07@@3U__s_GUID@@BUtagCONNECTDATA@@V?$_Copy@UtagCONNECTDATA@@@ATL@@@ATL@@UEAA@XZ 0000000180004bd8 f i RemoteOrderDisplay.obj
 0001:00003c34       ??1?$CComObject@VCOPOSRemoteOrderDisplay@@@ATL@@UEAA@XZ 0000000180004c34 f i RemoteOrderDisplay.obj
 0001:00003d54       ??_E?$CComContainedObject@VCOPOSRemoteOrderDisplay@@@ATL@@UEAAPEAXI@Z 0000000180004d54 f i RemoteOrderDisplay.obj
 0001:00003d54       ??_G?$CComContainedObject@VCOPOSRemoteOrderDisplay@@@ATL@@UEAAPEAXI@Z 0000000180004d54 f i RemoteOrderDisplay.obj
 0001:00003d88       ??_G?$CComObject@VCOPOSRemoteOrderDisplay@@@ATL@@UEAAPEAXI@Z 0000000180004d88 f i RemoteOrderDisplay.obj
 0001:00003d88       ??_E?$CComObject@VCOPOSRemoteOrderDisplay@@@ATL@@UEAAPEAXI@Z 0000000180004d88 f i RemoteOrderDisplay.obj
 0001:00003dbc       ?Add@?$CSimpleArray@GV?$CSimpleArrayEqualHelper@G@ATL@@@ATL@@QEAAHAEBG@Z 0000000180004dbc f i RemoteOrderDisplay.obj
 0001:00003e70       ?Add@?$CSimpleMap@PEA_WPEA_WVCExpansionVectorEqualHelper@ATL@@@ATL@@QEAAHAEBQEA_W0@Z 0000000180004e70 f i RemoteOrderDisplay.obj
 0001:00003f10       ?Add@CComDynamicUnkArray@ATL@@QEAAKPEAUIUnknown@@@Z 0000000180004f10 f i RemoteOrderDisplay.obj
 0001:00003ff8       ?Add@CExpansionVector@ATL@@QEAAHPEB_W0@Z 0000000180004ff8 f i RemoteOrderDisplay.obj
 0001:00004188       ?AddValue@CRegParser@ATL@@IEAAJAEAVCRegKey@2@PEB_WPEA_W@Z 0000000180005188 f i RemoteOrderDisplay.obj
 0001:000045d0       ?AllocateHeap@?$CTempBuffer@_W$0EAA@VCCRTAllocator@ATL@@@ATL@@AEAAX_K@Z 00000001800055d0 f i RemoteOrderDisplay.obj
 0001:000045d0       ?AllocateHeap@?$CTempBuffer@E$0BAA@VCCRTAllocator@ATL@@@ATL@@AEAAX_K@Z 00000001800055d0 f i RemoteOrderDisplay.obj
 0001:000045d0       ?AllocateHeap@?$CTempBuffer@_W$0BAA@VCCRTAllocator@ATL@@@ATL@@AEAAX_K@Z 00000001800055d0 f i RemoteOrderDisplay.obj
 0001:000045fc       ?Append@CParseBuffer@CRegParser@ATL@@QEAAHPEB_WH@Z 00000001800055fc f i RemoteOrderDisplay.obj
 0001:00004714       ?AtlCallTermFunc@ATL@@YAXPEAU_ATL_MODULE70@1@@Z 0000000180005714 f i RemoteOrderDisplay.obj
 0001:00004778       ?AtlComModuleGetClassObject@ATL@@YAJPEAU_ATL_COM_MODULE70@1@AEBU_GUID@@1PEAPEAX@Z 0000000180005778 f i RemoteOrderDisplay.obj
 0001:000048b8       ?AtlComModuleRegisterServer@ATL@@YAJPEAU_ATL_COM_MODULE70@1@HPEBU_GUID@@@Z 00000001800058b8 f i RemoteOrderDisplay.obj
 0001:00004978       ?AtlComModuleUnregisterServer@ATL@@YAJPEAU_ATL_COM_MODULE70@1@HPEBU_GUID@@@Z 0000000180005978 f i RemoteOrderDisplay.obj
 0001:00004a34       ?AtlCreateTargetDC@ATL@@YAPEAUHDC__@@PEAU2@PEAUtagDVTARGETDEVICE@@@Z 0000000180005a34 f i RemoteOrderDisplay.obj
 0001:00004aa8       ?AtlHiMetricToPixel@ATL@@YAXPEBUtagSIZE@@PEAU2@@Z 0000000180005aa8 f i RemoteOrderDisplay.obj
 0001:00004b58       ?AtlHresultFromLastError@ATL@@YAJXZ 0000000180005b58 f i RemoteOrderDisplay.obj
 0001:00004b78       ?AtlHresultFromWin32@ATL@@YAJK@Z 0000000180005b78 f i RemoteOrderDisplay.obj
 0001:00004b88       ?AtlIPersistStreamInit_Load@ATL@@YAJPEAUIStream@@PEBUATL_PROPMAP_ENTRY@1@PEAXPEAUIUnknown@@@Z 0000000180005b88 f i RemoteOrderDisplay.obj
 0001:00004dc0       ?AtlIPersistStreamInit_Save@ATL@@YAJPEAUIStream@@HPEBUATL_PROPMAP_ENTRY@1@PEAXPEAUIUnknown@@@Z 0000000180005dc0 f i RemoteOrderDisplay.obj
 0001:00004ff8       ?AtlInternalOleLoadFromStream@ATL@@YAJPEAUIStream@@AEBU_GUID@@PEAPEAXTClassesAllowedInStream@1@K@Z 0000000180005ff8 f i RemoteOrderDisplay.obj
 0001:0000513c       ?AtlInternalQueryInterface@ATL@@YAJPEAXPEBU_ATL_INTMAP_ENTRY@1@AEBU_GUID@@PEAPEAX@Z 000000018000613c f i RemoteOrderDisplay.obj
 0001:00005244       ?AtlLoadTypeLib@ATL@@YAJPEAUHINSTANCE__@@PEB_WPEAPEA_WPEAPEAUITypeLib@@@Z 0000000180006244 f i RemoteOrderDisplay.obj
 0001:000054a0       ?AtlModuleAddTermFunc@ATL@@YAJPEAU_ATL_MODULE70@1@P6AX_K@Z1@Z 00000001800064a0 f i RemoteOrderDisplay.obj
 0001:00005534       ?AtlRegisterClassCategoriesHelper@ATL@@YAJAEBU_GUID@@PEBU_ATL_CATMAP_ENTRY@1@H@Z 0000000180006534 f i RemoteOrderDisplay.obj
 0001:0000599c       ?AtlRegisterTypeLib@ATL@@YAJPEAUHINSTANCE__@@PEB_W@Z 000000018000699c f i RemoteOrderDisplay.obj
 0001:00005b98       ?AtlThrowImpl@ATL@@YAXJ@Z  0000000180006b98 f i RemoteOrderDisplay.obj
 0001:00005bbc       ?AtlUnRegisterTypeLib@ATL@@YAJPEAUHINSTANCE__@@PEB_W@Z 0000000180006bbc f i RemoteOrderDisplay.obj
 0001:00005c84       ?AtlWinModuleExtractCreateWndData@ATL@@YAPEAXPEAU_ATL_WIN_MODULE70@1@@Z 0000000180006c84 f i RemoteOrderDisplay.obj
 0001:00005d10       ?Cleanup@CComTypeInfoHolder@ATL@@SAX_K@Z 0000000180006d10 f i RemoteOrderDisplay.obj
 0001:00005d50       ?ClearReplacements@CExpansionVector@ATL@@QEAAJXZ 0000000180006d50 f i RemoteOrderDisplay.obj
 0001:00005dec       ?CreateInstance@?$CComCreator@V?$CComAggObject@VCOPOSRemoteOrderDisplay@@@ATL@@@ATL@@SAJPEAXAEBU_GUID@@PEAPEAX@Z 0000000180006dec f i RemoteOrderDisplay.obj
 0001:00005ec4       ?CreateInstance@?$CComCreator@V?$CComObject@VCOPOSRemoteOrderDisplay@@@ATL@@@ATL@@SAJPEAXAEBU_GUID@@PEAPEAX@Z 0000000180006ec4 f i RemoteOrderDisplay.obj
 0001:00005f7c       ?CreateInstance@?$CComObject@V?$CComEnum@UIEnumConnectionPoints@@$1?_GUID_b196b285_bab4_101a_b69c_00aa00341d07@@3U__s_GUID@@BPEAUIConnectionPoint@@V?$_CopyInterface@UIConnectionPoint@@@ATL@@VCComSingleThreadModel@6@@ATL@@@ATL@@SAJPEAPEAV12@@Z 0000000180006f7c f i RemoteOrderDisplay.obj
 0001:00006008       ?CreateInstance@?$CComObject@V?$CComEnum@UIEnumConnections@@$1?_GUID_b196b287_bab4_101a_b69c_00aa00341d07@@3U__s_GUID@@BUtagCONNECTDATA@@V?$_Copy@UtagCONNECTDATA@@@ATL@@VCComSingleThreadModel@6@@ATL@@@ATL@@SAJPEAPEAV12@@Z 0000000180007008 f i RemoteOrderDisplay.obj
 0001:00006094       ?DefaultReflectionHandler@?$CWindowImplRoot@VCWindow@ATL@@@ATL@@SAHPEAUHWND__@@I_K_JAEA_J@Z 0000000180007094 f i RemoteOrderDisplay.obj
 0001:000060f8       ?DeleteSubKey@CRegKey@ATL@@QEAAJPEB_W@Z 00000001800070f8 f i RemoteOrderDisplay.obj
 0001:00006190       ?DoEvent@COPOSRemoteOrderDisplay@@IEAAXI_K_J@Z 0000000180007190 f i RemoteOrderDisplay.obj
 0001:00006244       ?DoVerbPrimary@?$IOleObjectImpl@VCOPOSRemoteOrderDisplay@@@ATL@@QEAAJPEBUtagRECT@@PEAUHWND__@@@Z 0000000180007244 f i RemoteOrderDisplay.obj
 0001:00006370       ?DoVerbProperties@CComControlBase@ATL@@QEAAJPEBUtagRECT@@PEAUHWND__@@@Z 0000000180007370 f i RemoteOrderDisplay.obj
 0001:00006598       ?FireTheEvent@?$CProxy_IOPOSEvents@VCOPOSRemoteOrderDisplay@@@@IEAAXPEAVOposVariant@@IAEAJPEB_WJ@Z 0000000180007598 f i RemoteOrderDisplay.obj
 0001:00006684       ?FireViewChange@CComControlBase@ATL@@QEAAJXZ 0000000180007684 f i RemoteOrderDisplay.obj
 0001:000066e8       ?Fire_DataEvent@?$CProxy_IOPOSEvents@VCOPOSRemoteOrderDisplay@@@@QEAAXJ@Z 00000001800076e8 f i RemoteOrderDisplay.obj
 0001:000067d4       ?Fire_DirectIOEvent@?$CProxy_IOPOSEvents@VCOPOSRemoteOrderDisplay@@@@QEAAXJPEAJPEAPEA_W@Z 00000001800077d4 f i RemoteOrderDisplay.obj
 0001:0000692c       ?Fire_ErrorEvent@?$CProxy_IOPOSEvents@VCOPOSRemoteOrderDisplay@@@@QEAAXJJJPEAJ@Z 000000018000792c f i RemoteOrderDisplay.obj
 0001:00006a94       ?Fire_OutputCompleteEvent@?$CProxy_IOPOSEvents@VCOPOSRemoteOrderDisplay@@@@QEAAXJ@Z 0000000180007a94 f i RemoteOrderDisplay.obj
 0001:00006b80       ?Fire_StatusUpdateEvent@?$CProxy_IOPOSEvents@VCOPOSRemoteOrderDisplay@@@@QEAAXJ@Z 0000000180007b80 f i RemoteOrderDisplay.obj
 0001:00006c6c       ?FreeHeap@?$CTempBuffer@E$0BAA@VCCRTAllocator@ATL@@@ATL@@AEAAXXZ 0000000180007c6c f i RemoteOrderDisplay.obj
 0001:00006c6c       ?FreeHeap@?$CTempBuffer@_W$0EAA@VCCRTAllocator@ATL@@@ATL@@AEAAXXZ 0000000180007c6c f i RemoteOrderDisplay.obj
 0001:00006c6c       ?FreeHeap@?$CTempBuffer@_W$0BAA@VCCRTAllocator@ATL@@@ATL@@AEAAXXZ 0000000180007c6c f i RemoteOrderDisplay.obj
 0001:00006c74       ?GetAmbientLocaleID@CComControlBase@ATL@@QEAAJAEAK@Z 0000000180007c74 f i RemoteOrderDisplay.obj
 0001:00006d34       ?GetAmbientUserMode@CComControlBase@ATL@@QEAAJAEAH@Z 0000000180007d34 f i RemoteOrderDisplay.obj
 0001:00006e04       ?GetClassObject@CComModule@ATL@@QEAAJAEBU_GUID@@0PEAPEAX@Z 0000000180007e04 f i RemoteOrderDisplay.obj
 0001:00006ef8       ?GetConnMap@COPOSRemoteOrderDisplay@@SAPEBU_ATL_CONNMAP_ENTRY@ATL@@PEAH@Z 0000000180007ef8 f i RemoteOrderDisplay.obj
 0001:00006f80       ?GetIDsOfNames@CComTypeInfoHolder@ATL@@QEAAJAEBU_GUID@@PEAPEA_WIKPEAJ@Z 0000000180007f80 f i RemoteOrderDisplay.obj
 0001:000070f8       ?GetPagesHelper@?$ISpecifyPropertyPagesImpl@VCOPOSRemoteOrderDisplay@@@ATL@@IEAAJPEAUtagCAUUID@@PEBUATL_PROPMAP_ENTRY@2@@Z 00000001800080f8 f i RemoteOrderDisplay.obj
 0001:00007298       ?GetSizeMax@CComVariant@ATL@@QEBAJPEAT_ULARGE_INTEGER@@@Z 0000000180008298 f i RemoteOrderDisplay.obj
 0001:000074cc       ?GetTI@CComTypeInfoHolder@ATL@@QEAAJK@Z 00000001800084cc f i RemoteOrderDisplay.obj
 0001:00007744       ?GetZoomInfo@CComControlBase@ATL@@QEAAXAEAUATL_DRAWINFO@@@Z 0000000180008744 f i RemoteOrderDisplay.obj
 0001:000077e8       ?HKeyFromString@CRegParser@ATL@@KAPEAUHKEY__@@PEA_W@Z 00000001800087e8 f i RemoteOrderDisplay.obj
 0001:0000784c       ?IDataObject_GetData@CComControlBase@ATL@@QEAAJPEAUtagFORMATETC@@PEAUtagSTGMEDIUM@@@Z 000000018000884c f i RemoteOrderDisplay.obj
 0001:00007a40       ?IOleInPlaceObject_InPlaceDeactivate@CComControlBase@ATL@@QEAAJXZ 0000000180008a40 f i RemoteOrderDisplay.obj
 0001:00007ae0       ?IOleInPlaceObject_SetObjectRects@CComControlBase@ATL@@QEAAJPEBUtagRECT@@0@Z 0000000180008ae0 f i RemoteOrderDisplay.obj
 0001:00007bd0       ?IOleInPlaceObject_UIDeactivate@CComControlBase@ATL@@QEAAJXZ 0000000180008bd0 f i RemoteOrderDisplay.obj
 0001:00007cdc       ?IOleObject_Close@CComControlBase@ATL@@QEAAJK@Z 0000000180008cdc f i RemoteOrderDisplay.obj
 0001:00007df4       ?IOleObject_SetClientSite@CComControlBase@ATL@@QEAAJPEAUIOleClientSite@@@Z 0000000180008df4 f i RemoteOrderDisplay.obj
 0001:00007e6c       ?IOleObject_SetExtent@CComControlBase@ATL@@QEAAJKPEAUtagSIZE@@@Z 0000000180008e6c f i RemoteOrderDisplay.obj
 0001:00007f04       ?IPSI_GetIPersistStreamInit@?$IPersistStorageImpl@VCOPOSRemoteOrderDisplay@@@ATL@@AEAAPEAUIPersistStreamInit@@XZ 0000000180008f04 f i RemoteOrderDisplay.obj
 0001:00007f60       ?IQuickActivate_QuickActivate@CComControlBase@ATL@@QEAAJPEAUtagQACONTAINER@@PEAUtagQACONTROL@@@Z 0000000180008f60 f i RemoteOrderDisplay.obj
 0001:00008224       ?IViewObject_Draw@CComControlBase@ATL@@QEAAJKJPEAXPEAUtagDVTARGETDEVICE@@PEAUHDC__@@2PEBU_RECTL@@3@Z 0000000180009224 f i RemoteOrderDisplay.obj
 0001:00008338       ?InPlaceActivate@CComControlBase@ATL@@QEAAJJPEBUtagRECT@@@Z 0000000180009338 f i RemoteOrderDisplay.obj
 0001:00008670       ?Init@?$CComEnumImpl@UIEnumConnectionPoints@@$1?_GUID_b196b285_bab4_101a_b69c_00aa00341d07@@3U__s_GUID@@BPEAUIConnectionPoint@@V?$_CopyInterface@UIConnectionPoint@@@ATL@@@ATL@@QEAAJPEAPEAUIConnectionPoint@@0PEAUIUnknown@@W4CComEnumFlags@2@@Z 0000000180009670 f i RemoteOrderDisplay.obj
 0001:00008790       ?Init@?$CComEnumImpl@UIEnumConnections@@$1?_GUID_b196b287_bab4_101a_b69c_00aa00341d07@@3U__s_GUID@@BUtagCONNECTDATA@@V?$_Copy@UtagCONNECTDATA@@@ATL@@@ATL@@QEAAJPEAUtagCONNECTDATA@@0PEAUIUnknown@@W4CComEnumFlags@2@@Z 0000000180009790 f i RemoteOrderDisplay.obj
 0001:000088b4       ?IsEqualObject@?$CComPtrBase@UIOleClientSite@@@ATL@@QEAA_NPEAUIUnknown@@@Z 00000001800098b4 f i RemoteOrderDisplay.obj
 0001:000088b4       ?IsEqualObject@?$CComPtrBase@UITypeInfo@@@ATL@@QEAA_NPEAUIUnknown@@@Z 00000001800098b4 f i RemoteOrderDisplay.obj
 0001:00008940       ?LoadNameCache@CComTypeInfoHolder@ATL@@QEAAJPEAUITypeInfo@@@Z 0000000180009940 f i RemoteOrderDisplay.obj
 0001:00008ac4       ?Lookup@?$CSimpleMap@PEA_WPEA_WVCExpansionVectorEqualHelper@ATL@@@ATL@@QEBAPEA_WAEBQEA_W@Z 0000000180009ac4 f i RemoteOrderDisplay.obj
 0001:00008b50       ?NextToken@CRegParser@ATL@@IEAAJPEA_W@Z 0000000180009b50 f i RemoteOrderDisplay.obj
 0001:00008d08       ?OnKillFocus@CComControlBase@ATL@@QEAA_JI_K_JAEAH@Z 0000000180009d08 f i RemoteOrderDisplay.obj
 0001:00008da4       ?OnMouseActivate@CComControlBase@ATL@@QEAA_JI_K_JAEAH@Z 0000000180009da4 f i RemoteOrderDisplay.obj
 0001:00008e44       ?OnPaint@CComControlBase@ATL@@QEAA_JI_K_JAEAH@Z 0000000180009e44 f i RemoteOrderDisplay.obj
 0001:00008f30       ?OnSetFocus@CComControlBase@ATL@@QEAA_JI_K_JAEAH@Z 0000000180009f30 f i RemoteOrderDisplay.obj
 0001:0000902c       ?Open@CRegKey@ATL@@QEAAJPEAUHKEY__@@PEB_WK@Z 000000018000a02c f i RemoteOrderDisplay.obj
 0001:000090b8       ?PreProcessBuffer@CRegParser@ATL@@QEAAJPEA_WPEAPEA_W@Z 000000018000a0b8 f i RemoteOrderDisplay.obj
 0001:0000943c       ?ProcessWindowMessage@?$CComControl@VCOPOSRemoteOrderDisplay@@V?$CWindowImpl@VCOPOSRemoteOrderDisplay@@VCWindow@ATL@@V?$CWinTraits@$0FGAAAAAA@$0A@@3@@ATL@@@ATL@@UEAAHPEAUHWND__@@I_K_JAEA_JK@Z 000000018000a43c f i RemoteOrderDisplay.obj
 0001:00009520       ?PutProperty@?$CComPtr@UIDispatch@@@ATL@@SAJPEAUIDispatch@@JPEAUtagVARIANT@@@Z 000000018000a520 f i RemoteOrderDisplay.obj
 0001:00009624       ?ReadFromStream@CComBSTR@ATL@@QEAAJPEAUIStream@@@Z 000000018000a624 f i RemoteOrderDisplay.obj
 0001:00009780       ?ReadFromStream@CComVariant@ATL@@QEAAJPEAUIStream@@GTClassesAllowedInStream@2@K@Z 000000018000a780 f i RemoteOrderDisplay.obj
 0001:00009990       ?RecurseDeleteKey@CRegKey@ATL@@QEAAJPEB_W@Z 000000018000a990 f i RemoteOrderDisplay.obj
 0001:00009a9c       ?RegCreateKeyExW@CAtlTransactionManager@ATL@@QEAAJPEAUHKEY__@@PEB_WKPEA_WKKQEAU_SECURITY_ATTRIBUTES@@PEAPEAU3@PEAK@Z 000000018000aa9c f i RemoteOrderDisplay.obj
 0001:00009bd0       ?RegDeleteKeyW@CAtlTransactionManager@ATL@@QEAAJPEAUHKEY__@@PEB_W@Z 000000018000abd0 f i RemoteOrderDisplay.obj
 0001:00009c5c       ?RegOpenKeyExW@CAtlTransactionManager@ATL@@QEAAJPEAUHKEY__@@PEB_WKKPEAPEAU3@@Z 000000018000ac5c f i RemoteOrderDisplay.obj
 0001:00009d14       ?RegisterBuffer@CRegParser@ATL@@QEAAJPEA_WH@Z 000000018000ad14 f i RemoteOrderDisplay.obj
 0001:00009e7c       ?RegisterFromResource@CRegObject@ATL@@IEAAJPEB_W00H@Z 000000018000ae7c f i RemoteOrderDisplay.obj
 0001:0000a038       ?RegisterServer@CComModule@ATL@@QEAAJHPEBU_GUID@@@Z 000000018000b038 f i RemoteOrderDisplay.obj
 0001:0000a0f8       ?RegisterSubkeys@CRegParser@ATL@@IEAAJPEA_WPEAUHKEY__@@HH@Z 000000018000b0f8 f i RemoteOrderDisplay.obj
 0001:0000a7ec       ?SendOnDataChange@CComControlBase@ATL@@QEAAJK@Z 000000018000b7ec f i RemoteOrderDisplay.obj
 0001:0000a85c       ?SetControlFocus@CComControlBase@ATL@@QEAAHH@Z 000000018000b85c f i RemoteOrderDisplay.obj
 0001:0000a938       ?SkipAssignment@CRegParser@ATL@@IEAAJPEA_W@Z 000000018000b938 f i RemoteOrderDisplay.obj
 0001:0000a9dc       ?Term@CComModule@ATL@@QEAAXXZ 000000018000b9dc f i RemoteOrderDisplay.obj
 0001:0000aa88       ?UnregisterServer@CComModule@ATL@@QEAAJHPEBU_GUID@@@Z 000000018000ba88 f i RemoteOrderDisplay.obj
 0001:0000ab38       ?UpdateRegistryFromResource@CAtlModule@ATL@@QEAAJIHPEAU_ATL_REGMAP_ENTRY@2@@Z 000000018000bb38 f i RemoteOrderDisplay.obj
 0001:0000ae70       ?UpdateRegistryFromResource@CAtlModule@ATL@@QEAAJPEB_WHPEAU_ATL_REGMAP_ENTRY@2@@Z 000000018000be70 f i RemoteOrderDisplay.obj
 0001:0000b1c8       ?VTFromRegType@CRegParser@ATL@@KAHPEB_WAEAG@Z 000000018000c1c8 f i RemoteOrderDisplay.obj
 0001:0000b264       ?WindowProc@?$CWindowImplBaseT@VCWindow@ATL@@V?$CWinTraits@$0FGAAAAAA@$0A@@2@@ATL@@SA_JPEAUHWND__@@I_K_J@Z 000000018000c264 f i RemoteOrderDisplay.obj
 0001:0000b3d0       ?WriteToStream@CComBSTR@ATL@@QEAAJPEAUIStream@@@Z 000000018000c3d0 f i RemoteOrderDisplay.obj
 0001:0000b450       ?WriteToStream@CComVariant@ATL@@QEAAJPEAUIStream@@@Z 000000018000c450 f i RemoteOrderDisplay.obj
 0001:0000b664       ?WriteToStream@CComVariant@ATL@@QEAAJPEAUIStream@@G@Z 000000018000c664 f i RemoteOrderDisplay.obj
 0001:0000b6fc       ?_AtlVerifyStackAvailable@_ATL_SAFE_ALLOCA_IMPL@ATL@@YA_N_K@Z 000000018000c6fc f i RemoteOrderDisplay.obj
 0001:0000b780       ?atlCreate@?$CWindowImpl@VCOPOSRemoteOrderDisplay@@VCWindow@ATL@@V?$CWinTraits@$0FGAAAAAA@$0A@@3@@ATL@@QEAAPEAUHWND__@@PEAU3@V_U_RECT@2@PEB_WKKV_U_MENUorID@2@PEAX@Z 000000018000c780 f i RemoteOrderDisplay.obj
 0001:0000b830       ?atlCreate@?$CWindowImplBaseT@VCWindow@ATL@@V?$CWinTraits@$0FGAAAAAA@$0A@@2@@ATL@@QEAAPEAUHWND__@@PEAU3@V_U_RECT@2@PEB_WKKV_U_MENUorID@2@GPEAX@Z 000000018000c830 f i RemoteOrderDisplay.obj
 0001:0000b9a0       ?atlCreate@CRegKey@ATL@@QEAAJPEAUHKEY__@@PEB_WPEA_WKKPEAU_SECURITY_ATTRIBUTES@@PEAK@Z 000000018000c9a0 f i RemoteOrderDisplay.obj
 0001:0000ba8c       DllCanUnloadNow            000000018000ca8c f   RemoteOrderDisplay.obj
 0001:0000ba98       DllGetClassObject          000000018000ca98 f   RemoteOrderDisplay.obj
 0001:0000bab0       DllMain                    000000018000cab0 f   RemoteOrderDisplay.obj
 0001:0000bb58       DllRegisterServer          000000018000cb58 f   RemoteOrderDisplay.obj
 0001:0000bb6c       DllUnregisterServer        000000018000cb6c f   RemoteOrderDisplay.obj
 0001:0000bb80       __local_stdio_printf_options 000000018000cb80 f i RemoteOrderDisplay.obj
 0001:0000bc10       swprintf_s                 000000018000cc10 f i RemoteOrderDisplay.obj
 0001:0000bc64       ??0COPOSRemoteOrderDisplay@@QEAA@XZ 000000018000cc64 f   RemoteOrderDisplayImpl.obj
 0001:0000bd34       ??1?$IConnectionPointImpl@VCOPOSRemoteOrderDisplay@@$1?DIID__IOPOSRemoteOrderDisplayEvents@@3U_GUID@@BVCComDynamicUnkArray@ATL@@@ATL@@QEAA@XZ 000000018000cd34 f i RemoteOrderDisplayImpl.obj
 0001:0000bd34       ??1?$IConnectionPointImpl@VCOPOSRemoteOrderDisplay@@$1?IID_IPropertyNotifySink@@3U_GUID@@BVCComDynamicUnkArray@ATL@@@ATL@@QEAA@XZ 000000018000cd34 f i RemoteOrderDisplayImpl.obj
 0001:0000bd90       ??1CComControlBase@ATL@@UEAA@XZ 000000018000cd90 f i RemoteOrderDisplayImpl.obj
 0001:0000be0c       ??1COPOSRemoteOrderDisplay@@UEAA@XZ 000000018000ce0c f   RemoteOrderDisplayImpl.obj
 0001:0000be70       ?CheckHealth@COPOSRemoteOrderDisplay@@UEAAJJPEAJ@Z 000000018000ce70 f   RemoteOrderDisplayImpl.obj
 0001:0000beec       ?ClaimDevice@COPOSRemoteOrderDisplay@@UEAAJJPEAJ@Z 000000018000ceec f   RemoteOrderDisplayImpl.obj
 0001:0000bf8c       ?ClearInput@COPOSRemoteOrderDisplay@@UEAAJPEAJ@Z 000000018000cf8c f   RemoteOrderDisplayImpl.obj
 0001:0000bfb4       ?ClearOutput@COPOSRemoteOrderDisplay@@UEAAJPEAJ@Z 000000018000cfb4 f   RemoteOrderDisplayImpl.obj
 0001:0000bfdc       ?ClearVideo@COPOSRemoteOrderDisplay@@UEAAJJJPEAJ@Z 000000018000cfdc f   RemoteOrderDisplayImpl.obj
 0001:0000c0a8       ?ClearVideoRegion@COPOSRemoteOrderDisplay@@UEAAJJJJJJJPEAJ@Z 000000018000d0a8 f   RemoteOrderDisplayImpl.obj
 0001:0000c1cc       ?Close@COPOSRemoteOrderDisplay@@UEAAJPEAJ@Z 000000018000d1cc f   RemoteOrderDisplayImpl.obj
 0001:0000c284       ?CompareFirmwareVersion@COPOSRemoteOrderDisplay@@UEAAJPEA_WPEAJ1@Z 000000018000d284 f   RemoteOrderDisplayImpl.obj
 0001:0000c360       ?ControlClock@COPOSRemoteOrderDisplay@@UEAAJJJJJJJJJJJPEAJ@Z 000000018000d360 f   RemoteOrderDisplayImpl.obj
 0001:0000c4b8       ?ControlCursor@COPOSRemoteOrderDisplay@@UEAAJJJPEAJ@Z 000000018000d4b8 f   RemoteOrderDisplayImpl.obj
 0001:0000c584       ?CopyVideoRegion@COPOSRemoteOrderDisplay@@UEAAJJJJJJJJPEAJ@Z 000000018000d584 f   RemoteOrderDisplayImpl.obj
 0001:0000c6bc       ?DirectIO@COPOSRemoteOrderDisplay@@UEAAJJPEAJPEAPEA_W0@Z 000000018000d6bc f   RemoteOrderDisplayImpl.obj
 0001:0000c7b8       ?DisplayData@COPOSRemoteOrderDisplay@@UEAAJJJJJPEA_WPEAJ@Z 000000018000d7b8 f   RemoteOrderDisplayImpl.obj
 0001:0000c8c8       ?DoInvoke@COPOSRemoteOrderDisplay@@IEAAJJPEAVOposVariant@@IHPEAJ_N@Z 000000018000d8c8 f   RemoteOrderDisplayImpl.obj
 0001:0000c9fc       ?DrawBox@COPOSRemoteOrderDisplay@@UEAAJJJJJJJJPEAJ@Z 000000018000d9fc f   RemoteOrderDisplayImpl.obj
 0001:0000cb34       ?EventInit@COPOSRemoteOrderDisplay@@IEAAJXZ 000000018000db34 f i RemoteOrderDisplayImpl.obj
 0001:0000cc7c       ?EventUninit@COPOSRemoteOrderDisplay@@IEAAXXZ 000000018000dc7c f i RemoteOrderDisplayImpl.obj
 0001:0000cce0       ?EventWindowProc@COPOSRemoteOrderDisplay@@IEAA_JI_K_J@Z 000000018000dce0 f i RemoteOrderDisplayImpl.obj
 0001:0000cebc       ?FinalConstruct@COPOSRemoteOrderDisplay@@QEAAJXZ 000000018000debc f   RemoteOrderDisplayImpl.obj
 0001:0000cef8       ?FreeVideoRegion@COPOSRemoteOrderDisplay@@UEAAJJJPEAJ@Z 000000018000def8 f   RemoteOrderDisplayImpl.obj
 0001:0000cfc4       ?FreezeEvents@COPOSRemoteOrderDisplay@@MEAAJH@Z 000000018000dfc4 f   RemoteOrderDisplayImpl.obj
 0001:0000d038       ?GetOposProp@COPOSRemoteOrderDisplay@@IEAAJJPEAJJ@Z 000000018000e038 f   RemoteOrderDisplayImpl.obj
 0001:0000d154       ?GetOposProp@COPOSRemoteOrderDisplay@@IEAAJJPEAPEA_WJ@Z 000000018000e154 f   RemoteOrderDisplayImpl.obj
 0001:0000d280       ?OnDraw@COPOSRemoteOrderDisplay@@MEAAJAEAUATL_DRAWINFO@@@Z 000000018000e280 f   RemoteOrderDisplayImpl.obj
 0001:0000d36c       ?Open@COPOSRemoteOrderDisplay@@UEAAJPEA_WPEAJ@Z 000000018000e36c f   RemoteOrderDisplayImpl.obj
 0001:0000dbf8       ?ReleaseDevice@COPOSRemoteOrderDisplay@@UEAAJPEAJ@Z 000000018000ebf8 f   RemoteOrderDisplayImpl.obj
 0001:0000dc64       ?ResetStatistics@COPOSRemoteOrderDisplay@@UEAAJPEA_WPEAJ@Z 000000018000ec64 f   RemoteOrderDisplayImpl.obj
 0001:0000dcec       ?ResetVideo@COPOSRemoteOrderDisplay@@UEAAJJPEAJ@Z 000000018000ecec f   RemoteOrderDisplayImpl.obj
 0001:0000dd68       ?RestoreVideoRegion@COPOSRemoteOrderDisplay@@UEAAJJJJJPEAJ@Z 000000018000ed68 f   RemoteOrderDisplayImpl.obj
 0001:0000de64       ?RetrieveStatistics@COPOSRemoteOrderDisplay@@UEAAJPEAPEA_WPEAJ@Z 000000018000ee64 f   RemoteOrderDisplayImpl.obj
 0001:0000deec       ?SOProcessID@COPOSRemoteOrderDisplay@@UEAAJPEAJ@Z 000000018000eeec f   RemoteOrderDisplayImpl.obj
 0001:0000df08       ?SaveVideoRegion@COPOSRemoteOrderDisplay@@UEAAJJJJJJJPEAJ@Z 000000018000ef08 f   RemoteOrderDisplayImpl.obj
 0001:0000e02c       ?SelectCharacterSet@COPOSRemoteOrderDisplay@@UEAAJJJPEAJ@Z 000000018000f02c f   RemoteOrderDisplayImpl.obj
 0001:0000e0f8       ?SetCOFreezeEvents@COPOSRemoteOrderDisplay@@IEAAXF@Z 000000018000f0f8 f   RemoteOrderDisplayImpl.obj
 0001:0000e1dc       ?SetCursor@COPOSRemoteOrderDisplay@@UEAAJJJJPEAJ@Z 000000018000f1dc f   RemoteOrderDisplayImpl.obj
 0001:0000e2c4       ?SetOposProp@COPOSRemoteOrderDisplay@@IEAAJJJJ@Z 000000018000f2c4 f   RemoteOrderDisplayImpl.obj
 0001:0000e424       ?TransactionDisplay@COPOSRemoteOrderDisplay@@UEAAJJJPEAJ@Z 000000018000f424 f   RemoteOrderDisplayImpl.obj
 0001:0000e4f0       ?UpdateFirmware@COPOSRemoteOrderDisplay@@UEAAJPEA_WPEAJ@Z 000000018000f4f0 f   RemoteOrderDisplayImpl.obj
 0001:0000e578       ?UpdateStatistics@COPOSRemoteOrderDisplay@@UEAAJPEA_WPEAJ@Z 000000018000f578 f   RemoteOrderDisplayImpl.obj
 0001:0000e600       ?UpdateVideoRegionAttribute@COPOSRemoteOrderDisplay@@UEAAJJJJJJJJPEAJ@Z 000000018000f600 f   RemoteOrderDisplayImpl.obj
 0001:0000e738       ?VideoSound@COPOSRemoteOrderDisplay@@UEAAJJJJJJPEAJ@Z 000000018000f738 f   RemoteOrderDisplayImpl.obj
 0001:0000e848       ?get_AsyncMode@COPOSRemoteOrderDisplay@@UEAAJPEAF@Z 000000018000f848 f   RemoteOrderDisplayImpl.obj
 0001:0000e87c       ?get_AutoToneDuration@COPOSRemoteOrderDisplay@@UEAAJPEAJ@Z 000000018000f87c f   RemoteOrderDisplayImpl.obj
 0001:0000e890       ?get_AutoToneFrequency@COPOSRemoteOrderDisplay@@UEAAJPEAJ@Z 000000018000f890 f   RemoteOrderDisplayImpl.obj
 0001:0000e8a4       ?get_BinaryConversion@COPOSRemoteOrderDisplay@@UEAAJPEAJ@Z 000000018000f8a4 f   RemoteOrderDisplayImpl.obj
 0001:0000e8b8       ?get_CapCompareFirmwareVersion@COPOSRemoteOrderDisplay@@UEAAJPEAF@Z 000000018000f8b8 f   RemoteOrderDisplayImpl.obj
 0001:0000e8ec       ?get_CapMapCharacterSet@COPOSRemoteOrderDisplay@@UEAAJPEAF@Z 000000018000f8ec f   RemoteOrderDisplayImpl.obj
 0001:0000e920       ?get_CapPowerReporting@COPOSRemoteOrderDisplay@@UEAAJPEAJ@Z 000000018000f920 f   RemoteOrderDisplayImpl.obj
 0001:0000e934       ?get_CapSelectCharacterSet@COPOSRemoteOrderDisplay@@UEAAJPEAF@Z 000000018000f934 f   RemoteOrderDisplayImpl.obj
 0001:0000e968       ?get_CapStatisticsReporting@COPOSRemoteOrderDisplay@@UEAAJPEAF@Z 000000018000f968 f   RemoteOrderDisplayImpl.obj
 0001:0000e99c       ?get_CapTone@COPOSRemoteOrderDisplay@@UEAAJPEAF@Z 000000018000f99c f   RemoteOrderDisplayImpl.obj
 0001:0000e9d0       ?get_CapTouch@COPOSRemoteOrderDisplay@@UEAAJPEAF@Z 000000018000f9d0 f   RemoteOrderDisplayImpl.obj
 0001:0000ea04       ?get_CapTransaction@COPOSRemoteOrderDisplay@@UEAAJPEAF@Z 000000018000fa04 f   RemoteOrderDisplayImpl.obj
 0001:0000ea38       ?get_CapUpdateFirmware@COPOSRemoteOrderDisplay@@UEAAJPEAF@Z 000000018000fa38 f   RemoteOrderDisplayImpl.obj
 0001:0000ea6c       ?get_CapUpdateStatistics@COPOSRemoteOrderDisplay@@UEAAJPEAF@Z 000000018000fa6c f   RemoteOrderDisplayImpl.obj
 0001:0000eaa0       ?get_CharacterSet@COPOSRemoteOrderDisplay@@UEAAJPEAJ@Z 000000018000faa0 f   RemoteOrderDisplayImpl.obj
 0001:0000eab4       ?get_CharacterSetList@COPOSRemoteOrderDisplay@@UEAAJPEAPEA_W@Z 000000018000fab4 f   RemoteOrderDisplayImpl.obj
 0001:0000eac8       ?get_CheckHealthText@COPOSRemoteOrderDisplay@@UEAAJPEAPEA_W@Z 000000018000fac8 f   RemoteOrderDisplayImpl.obj
 0001:0000eadc       ?get_Claimed@COPOSRemoteOrderDisplay@@UEAAJPEAF@Z 000000018000fadc f   RemoteOrderDisplayImpl.obj
 0001:0000eb10       ?get_Clocks@COPOSRemoteOrderDisplay@@UEAAJPEAJ@Z 000000018000fb10 f   RemoteOrderDisplayImpl.obj
 0001:0000eb24       ?get_ControlObjectDescription@COPOSRemoteOrderDisplay@@UEAAJPEAPEA_W@Z 000000018000fb24 f   RemoteOrderDisplayImpl.obj
 0001:0000eb88       ?get_ControlObjectVersion@COPOSRemoteOrderDisplay@@UEAAJPEAJ@Z 000000018000fb88 f   RemoteOrderDisplayImpl.obj
 0001:0000eb94       ?get_CurrentUnitID@COPOSRemoteOrderDisplay@@UEAAJPEAJ@Z 000000018000fb94 f   RemoteOrderDisplayImpl.obj
 0001:0000eba8       ?get_DataCount@COPOSRemoteOrderDisplay@@UEAAJPEAJ@Z 000000018000fba8 f   RemoteOrderDisplayImpl.obj
 0001:0000ebbc       ?get_DataEventEnabled@COPOSRemoteOrderDisplay@@UEAAJPEAF@Z 000000018000fbbc f   RemoteOrderDisplayImpl.obj
 0001:0000ebf0       ?get_DeviceDescription@COPOSRemoteOrderDisplay@@UEAAJPEAPEA_W@Z 000000018000fbf0 f   RemoteOrderDisplayImpl.obj
 0001:0000ec04       ?get_DeviceEnabled@COPOSRemoteOrderDisplay@@UEAAJPEAF@Z 000000018000fc04 f   RemoteOrderDisplayImpl.obj
 0001:0000ec34       ?get_DeviceName@COPOSRemoteOrderDisplay@@UEAAJPEAPEA_W@Z 000000018000fc34 f   RemoteOrderDisplayImpl.obj
 0001:0000ec48       ?get_ErrorString@COPOSRemoteOrderDisplay@@UEAAJPEAPEA_W@Z 000000018000fc48 f   RemoteOrderDisplayImpl.obj
 0001:0000ec5c       ?get_ErrorUnits@COPOSRemoteOrderDisplay@@UEAAJPEAJ@Z 000000018000fc5c f   RemoteOrderDisplayImpl.obj
 0001:0000ec70       ?get_EventString@COPOSRemoteOrderDisplay@@UEAAJPEAPEA_W@Z 000000018000fc70 f   RemoteOrderDisplayImpl.obj
 0001:0000ec84       ?get_EventType@COPOSRemoteOrderDisplay@@UEAAJPEAJ@Z 000000018000fc84 f   RemoteOrderDisplayImpl.obj
 0001:0000ec98       ?get_EventUnitID@COPOSRemoteOrderDisplay@@UEAAJPEAJ@Z 000000018000fc98 f   RemoteOrderDisplayImpl.obj
 0001:0000ecac       ?get_EventUnits@COPOSRemoteOrderDisplay@@UEAAJPEAJ@Z 000000018000fcac f   RemoteOrderDisplayImpl.obj
 0001:0000ecc0       ?get_FreezeEvents@COPOSRemoteOrderDisplay@@UEAAJPEAF@Z 000000018000fcc0 f   RemoteOrderDisplayImpl.obj
 0001:0000ecf0       ?get_MapCharacterSet@COPOSRemoteOrderDisplay@@UEAAJPEAF@Z 000000018000fcf0 f   RemoteOrderDisplayImpl.obj
 0001:0000ed24       ?get_OpenResult@COPOSRemoteOrderDisplay@@UEAAJPEAJ@Z 000000018000fd24 f   RemoteOrderDisplayImpl.obj
 0001:0000ed30       ?get_OutputID@COPOSRemoteOrderDisplay@@UEAAJPEAJ@Z 000000018000fd30 f   RemoteOrderDisplayImpl.obj
 0001:0000ed44       ?get_PowerNotify@COPOSRemoteOrderDisplay@@UEAAJPEAJ@Z 000000018000fd44 f   RemoteOrderDisplayImpl.obj
 0001:0000ed58       ?get_PowerState@COPOSRemoteOrderDisplay@@UEAAJPEAJ@Z 000000018000fd58 f   RemoteOrderDisplayImpl.obj
 0001:0000ed6c       ?get_ResultCode@COPOSRemoteOrderDisplay@@UEAAJPEAJ@Z 000000018000fd6c f   RemoteOrderDisplayImpl.obj
 0001:0000eda8       ?get_ResultCodeExtended@COPOSRemoteOrderDisplay@@UEAAJPEAJ@Z 000000018000fda8 f   RemoteOrderDisplayImpl.obj
 0001:0000edbc       ?get_ServiceObjectDescription@COPOSRemoteOrderDisplay@@UEAAJPEAPEA_W@Z 000000018000fdbc f   RemoteOrderDisplayImpl.obj
 0001:0000edd0       ?get_ServiceObjectVersion@COPOSRemoteOrderDisplay@@UEAAJPEAJ@Z 000000018000fdd0 f   RemoteOrderDisplayImpl.obj
 0001:0000ede4       ?get_State@COPOSRemoteOrderDisplay@@UEAAJPEAJ@Z 000000018000fde4 f   RemoteOrderDisplayImpl.obj
 0001:0000ee10       ?get_SystemClocks@COPOSRemoteOrderDisplay@@UEAAJPEAJ@Z 000000018000fe10 f   RemoteOrderDisplayImpl.obj
 0001:0000ee24       ?get_SystemVideoSaveBuffers@COPOSRemoteOrderDisplay@@UEAAJPEAJ@Z 000000018000fe24 f   RemoteOrderDisplayImpl.obj
 0001:0000ee38       ?get_Timeout@COPOSRemoteOrderDisplay@@UEAAJPEAJ@Z 000000018000fe38 f   RemoteOrderDisplayImpl.obj
 0001:0000ee4c       ?get_UnitsOnline@COPOSRemoteOrderDisplay@@UEAAJPEAJ@Z 000000018000fe4c f   RemoteOrderDisplayImpl.obj
 0001:0000ee60       ?get_VideoDataCount@COPOSRemoteOrderDisplay@@UEAAJPEAJ@Z 000000018000fe60 f   RemoteOrderDisplayImpl.obj
 0001:0000ee74       ?get_VideoMode@COPOSRemoteOrderDisplay@@UEAAJPEAJ@Z 000000018000fe74 f   RemoteOrderDisplayImpl.obj
 0001:0000ee88       ?get_VideoModesList@COPOSRemoteOrderDisplay@@UEAAJPEAPEA_W@Z 000000018000fe88 f   RemoteOrderDisplayImpl.obj
 0001:0000ee9c       ?get_VideoSaveBuffers@COPOSRemoteOrderDisplay@@UEAAJPEAJ@Z 000000018000fe9c f   RemoteOrderDisplayImpl.obj
[...]
 0004:00001890       $pdata$?try_get_function@@YAPEAXW4function_id@?A0x391cf84c@@QEBDQEBW4module_id@2@2@Z 0000000180035890     libucrt:winapi_thunks.obj
 0004:0000189c       $pdata$wcstol              000000018003589c     libucrt:strtox.obj
 0004:000018a8       $pdata$_mbtowc_l           00000001800358a8     libucrt:mbtowc.obj
 0004:000018b4       $pdata$__acrt_update_locale_info 00000001800358b4     libucrt:locale_update.obj
 0004:000018c0       $pdata$__acrt_update_multibyte_info 00000001800358c0     libucrt:locale_update.obj
 0004:000018cc       $pdata$__acrt_fp_format    00000001800358cc     libucrt:cvt.obj
 0004:000018d8       $pdata$?fp_format_e_internal@@YAHQEAD_KH_NIQEAU_strflt@@2QEAU__crt_locale_pointers@@@Z 00000001800358d8     libucrt:cvt.obj
 0004:000018e4       $pdata$?fp_format_e@@YAHQEBNQEAD_K12H_NIQEAU__crt_locale_pointers@@@Z 00000001800358e4     libucrt:cvt.obj
 0004:000018f0       $pdata$?fp_format_a@@YAHQEBNPEAD_KQEAD2H_NIQEAU__crt_locale_pointers@@@Z 00000001800358f0     libucrt:cvt.obj
 0004:000018fc       $pdata$?fp_format_f_internal@@YAHQEAD_KHQEAU_strflt@@_NQEAU__crt_locale_pointers@@@Z 00000001800358fc     libucrt:cvt.obj
 0004:00001908       $pdata$?fp_format_g@@YAHQEBNQEAD_K12H_NIQEAU__crt_locale_pointers@@@Z 0000000180035908     libucrt:cvt.obj
 0004:00001914       $pdata$_fileno             0000000180035914     libucrt:fileno.obj
 0004:00001920       $pdata$__acrt_initialize_stdio 0000000180035920     libucrt:_file.obj
 0004:0000192c       $pdata$__acrt_uninitialize_stdio 000000018003592c     libucrt:_file.obj
 0004:00001938       $pdata$__acrt_uninitialize_locale 0000000180035938     libucrt:wsetlocale.obj
 0004:00001944       $pdata$??$?RV<lambda_410d79af7f07d98d83a3f525b3859a53>@@AEAV<lambda_3e16ef9562a7dcce91392c22ab16ea36>@@V<lambda_38119f0e861e05405d8a144b9b982f0a>@@@?$__crt_seh_guarded_call@X@@QEAAX$$QEAV<lambda_410d79af7f07d98d83a3f525b3859a53>@@AEAV<lambda_3e16ef9562a7dcce91392c22ab16ea36>@@$$QEAV<lambda_38119f0e861e05405d8a144b9b982f0a>@@@Z 0000000180035944     libucrt:wsetlocale.obj
 0004:00001950       $pdata$?fin$0@?0???$?RV<lambda_410d79af7f07d98d83a3f525b3859a53>@@AEAV<lambda_3e16ef9562a7dcce91392c22ab16ea36>@@V<lambda_38119f0e861e05405d8a144b9b982f0a>@@@?$__crt_seh_guarded_call@X@@QEAAX$$QEAV<lambda_410d79af7f07d98d83a3f525b3859a53>@@AEAV<lambda_3e16ef9562a7dcce91392c22ab16ea36>@@$$QEAV<lambda_38119f0e861e05405d8a144b9b982f0a>@@@Z@4HA 0000000180035950     libucrt:wsetlocale.obj
 0004:0000195c       $pdata$__acrt_initialize_lowio 000000018003595c     libucrt:ioinit.obj
 0004:00001968       $pdata$__acrt_lowio_ensure_fh_exists$fin$0 0000000180035968     libucrt:osfinfo.obj
 0004:00001968       $pdata$__acrt_initialize_lowio$fin$0 0000000180035968     libucrt:ioinit.obj
 0004:00001974       $pdata$__acrt_uninitialize_lowio 0000000180035974     libucrt:ioinit.obj
 0004:00001980       $pdata$?initialize_inherited_file_handles_nolock@@YAXXZ 0000000180035980     libucrt:ioinit.obj
 0004:0000198c       $pdata$?initialize_stdio_handles_nolock@@YAXXZ 000000018003598c     libucrt:ioinit.obj
 0004:00001998       $pdata$__acrt_initialize_locks 0000000180035998     libucrt:locks.obj
 0004:000019a4       $pdata$__acrt_uninitialize_locks 00000001800359a4     libucrt:locks.obj
 0004:000019b0       $pdata$__acrt_get_process_end_policy 00000001800359b0     libucrt:win_policies.obj
 0004:000019bc       $pdata$??$__acrt_mbs_to_wcs_cp@U__crt_win32_buffer_internal_dynamic_resizing@@@@YAHQEBDAEAV?$__crt_win32_buffer@_WU__crt_win32_buffer_internal_dynamic_resizing@@@@I@Z 00000001800359bc     libucrt:argv_wildcards.obj
 0004:000019c8       $pdata$??$__acrt_wcs_to_mbs_cp@U__crt_win32_buffer_internal_dynamic_resizing@@@@YAHQEB_WAEAV?$__crt_win32_buffer@DU__crt_win32_buffer_internal_dynamic_resizing@@@@I@Z 00000001800359c8     libucrt:argv_wildcards.obj
 0004:000019d4       $pdata$??$common_expand_argv_wildcards@D@@YAHQEAPEADQEAPEAPEAD@Z 00000001800359d4     libucrt:argv_wildcards.obj
 0004:000019e0       $pdata$??$copy_and_add_argument_to_buffer@D@@YAHQEBD0_KAEAV?$argument_list@D@?A0x5f5c8891@@@Z 00000001800359e0     libucrt:argv_wildcards.obj
 0004:000019ec       $pdata$??$expand_argument_wildcards@D@@YAHQEAD0AEAV?$argument_list@D@?A0x5f5c8891@@@Z 00000001800359ec     libucrt:argv_wildcards.obj
 0004:000019f8       $pdata$__acrt_GetModuleFileNameA 00000001800359f8     libucrt:getmodulefilenamea.obj
 0004:00001a04       $pdata$??$__acrt_wcs_to_mbs_cp@U__crt_win32_buffer_no_resizing@@@@YAHQEB_WAEAV?$__crt_win32_buffer@DU__crt_win32_buffer_no_resizing@@@@I@Z 0000000180035a04     libucrt:getmodulefilenamea.obj
 0004:00001a10       $pdata$__acrt_update_thread_multibyte_data 0000000180035a10     libucrt:mbctype.obj
 0004:00001a1c       $pdata$__acrt_initialize_multibyte 0000000180035a1c     libucrt:mbctype.obj
 0004:00001a28       $pdata$_setmbcp_nolock     0000000180035a28     libucrt:mbctype.obj
 0004:00001a34       $pdata$?getSystemCP@@YAHH@Z 0000000180035a34     libucrt:mbctype.obj
 0004:00001a40       $pdata$?setSBCS@@YAXPEAU__crt_multibyte_data@@@Z 0000000180035a40     libucrt:mbctype.obj
 0004:00001a4c       $pdata$?update_thread_multibyte_data_internal@@YAPEAU__crt_multibyte_data@@QEAU__acrt_ptd@@QEAPEAU1@@Z 0000000180035a4c     libucrt:mbctype.obj
 0004:00001a58       $pdata$?fin$0@?0??update_thread_multibyte_data_internal@@YAPEAU__crt_multibyte_data@@QEAU__acrt_ptd@@QEAPEAU1@@Z@4HA 0000000180035a58     libucrt:mbctype.obj
 0004:00001a64       $pdata$?setmbcp_internal@@YAHH_NQEAU__acrt_ptd@@QEAPEAU__crt_multibyte_data@@@Z 0000000180035a64     libucrt:mbctype.obj
 0004:00001a70       $pdata$?setSBUpLow@@YAXPEAU__crt_multibyte_data@@@Z 0000000180035a70     libucrt:mbctype.obj
 0004:00001a7c       $pdata$??$?RV<lambda_efdfa57d1f175319df784efa44bb7b81>@@AEAV<lambda_5f0a4c1567f8adc6734073e5d1e1b35c>@@V<lambda_2e8a7d3640ea6ccb4c2413664c2db6fd>@@@?$__crt_seh_guarded_call@X@@QEAAX$$QEAV<lambda_efdfa57d1f175319df784efa44bb7b81>@@AEAV<lambda_5f0a4c1567f8adc6734073e5d1e1b35c>@@$$QEAV<lambda_2e8a7d3640ea6ccb4c2413664c2db6fd>@@@Z 0000000180035a7c     libucrt:mbctype.obj
 0004:00001a88       $pdata$?x_ismbbtype_l@@YAHPEAU__crt_locale_pointers@@IHH@Z 0000000180035a88     libucrt:ismbbyte.obj
 0004:00001a94       $pdata$__acrt_initialize_command_line 0000000180035a94     libucrt:argv_data.obj
 0004:00001aa0       $pdata$__acrt_WideCharToMultiByte 0000000180035aa0     libucrt:widechartomultibyte.obj
 0004:00001aac       $pdata$__dcrt_get_narrow_environment_from_os 0000000180035aac     libucrt:get_environment_from_os.obj
 0004:00001ab8       $pdata$__acrt_initialize_heap 0000000180035ab8     libucrt:heap_handle.obj
 0004:00001ac4       $pdata$__acrt_execute_initializers 0000000180035ac4     libucrt:shared_initialization.obj
 0004:00001ad0       $pdata$__acrt_execute_uninitializers 0000000180035ad0     libucrt:shared_initialization.obj
 0004:00001adc       $pdata$__acrt_get_sigabrt_handler 0000000180035adc     libucrt:signal.obj
 0004:00001ae8       $pdata$raise               0000000180035ae8     libucrt:signal.obj
 0004:00001af4       $pdata$raise$fin$0         0000000180035af4     libucrt:signal.obj
 0004:00001b00       $pdata$??$?RV<lambda_450d765d439847d4c735a33c368b5fc0>@@AEAV<lambda_44731a7d0e6d81c3e6aa82d741081786>@@V<lambda_601a2a7da3b7a96e9554ac7215c4b07c>@@@?$__crt_seh_guarded_call@P6AXH@Z@@QEAAP6AXH@Z$$QEAV<lambda_450d765d439847d4c735a33c368b5fc0>@@AEAV<lambda_44731a7d0e6d81c3e6aa82d741081786>@@$$QEAV<lambda_601a2a7da3b7a96e9554ac7215c4b07c>@@@Z 0000000180035b00     libucrt:signal.obj
 0004:00001b0c       $pdata$_fflush_nolock      0000000180035b0c     libucrt:fflush.obj
 0004:00001b18       $pdata$__acrt_stdio_flush_nolock 0000000180035b18     libucrt:fflush.obj
 0004:00001b24       $pdata$?common_flush_all@@YAH_N@Z 0000000180035b24     libucrt:fflush.obj
 0004:00001b30       $pdata$??$?RV<lambda_842d9ff0dc9ef11c61343bbaebe7f885>@@AEAV<lambda_c5860995281e5c4ce005b3de8f5874ee>@@V<lambda_d90129c13df834fdcbf8d2b88dafcf2d>@@@?$__crt_seh_guarded_call@X@@QEAAX$$QEAV<lambda_842d9ff0dc9ef11c61343bbaebe7f885>@@AEAV<lambda_c5860995281e5c4ce005b3de8f5874ee>@@$$QEAV<lambda_d90129c13df834fdcbf8d2b88dafcf2d>@@@Z 0000000180035b30     libucrt:fflush.obj
 0004:00001b3c       $pdata$?fin$0@?0???$?RV<lambda_842d9ff0dc9ef11c61343bbaebe7f885>@@AEAV<lambda_c5860995281e5c4ce005b3de8f5874ee>@@V<lambda_d90129c13df834fdcbf8d2b88dafcf2d>@@@?$__crt_seh_guarded_call@X@@QEAAX$$QEAV<lambda_842d9ff0dc9ef11c61343bbaebe7f885>@@AEAV<lambda_c5860995281e5c4ce005b3de8f5874ee>@@$$QEAV<lambda_d90129c13df834fdcbf8d2b88dafcf2d>@@@Z@4HA 0000000180035b3c     libucrt:fflush.obj
 0004:00001b48       $pdata$??$?RV<lambda_886d6c58226a84441f68b9f2b8217b83>@@AEAV<lambda_ab61a845afdef5b7c387490eaf3616ee>@@V<lambda_f7f22ab5edc0698d5f6905b0d3f44752>@@@?$__crt_seh_guarded_call@X@@QEAAX$$QEAV<lambda_886d6c58226a84441f68b9f2b8217b83>@@AEAV<lambda_ab61a845afdef5b7c387490eaf3616ee>@@$$QEAV<lambda_f7f22ab5edc0698d5f6905b0d3f44752>@@@Z 0000000180035b48     libucrt:fflush.obj
 0004:00001b54       $pdata$?fin$0@?0???$?RV<lambda_886d6c58226a84441f68b9f2b8217b83>@@AEAV<lambda_ab61a845afdef5b7c387490eaf3616ee>@@V<lambda_f7f22ab5edc0698d5f6905b0d3f44752>@@@?$__crt_seh_guarded_call@X@@QEAAX$$QEAV<lambda_886d6c58226a84441f68b9f2b8217b83>@@AEAV<lambda_ab61a845afdef5b7c387490eaf3616ee>@@$$QEAV<lambda_f7f22ab5edc0698d5f6905b0d3f44752>@@@Z@4HA 0000000180035b54     libucrt:fflush.obj
 0004:00001b60       $pdata$__pctype_func       0000000180035b60     libucrt:ctype.obj
 0004:00001b6c       $pdata$iswctype            0000000180035b6c     libucrt:iswctype.obj
 0004:00001b78       $pdata$__acrt_release_locale_ref 0000000180035b78     libucrt:locale_refcounting.obj
 0004:00001b84       $pdata$__acrt_free_locale  0000000180035b84     libucrt:locale_refcounting.obj
 0004:00001b90       $pdata$__acrt_locale_free_lc_time_if_unreferenced 0000000180035b90     libucrt:locale_refcounting.obj
 0004:00001b9c       $pdata$__acrt_update_thread_locale_data 0000000180035b9c     libucrt:locale_refcounting.obj
 0004:00001ba8       $pdata$__acrt_update_thread_locale_data$fin$0 0000000180035ba8     libucrt:locale_refcounting.obj
 0004:00001bb4       $pdata$_updatetlocinfoEx_nolock 0000000180035bb4     libucrt:locale_refcounting.obj
 0004:00001bc0       $pdata$__acrt_DownlevelLocaleNameToLCID 0000000180035bc0     libucrt:lcidtoname_downlevel.obj
 0004:00001bcc       $pdata$_isleadbyte_l       0000000180035bcc     libucrt:_wctype.obj
 0004:00001bd8       $pdata$?__mbrtowc_utf8@__crt_mbstring@@YA_KPEA_WPEBD_KPEAU_Mbstatet@@@Z 0000000180035bd8     libucrt:mbrtowc.obj
 0004:00001be4       $pdata$?__mbsrtowcs_utf8@__crt_mbstring@@YA_KPEA_WPEAPEBD_KPEAU_Mbstatet@@@Z 0000000180035be4     libucrt:mbrtowc.obj
 0004:00001bf0       $pdata$__acrt_fp_strflt_to_string 0000000180035bf0     libucrt:_fptostr.obj
 0004:00001bfc       $pdata$__acrt_fltout       0000000180035bfc     libucrt:cfout.obj
 0004:00001c08       $pdata$?divide@__crt_strtox@@YA_KAEAUbig_integer@1@AEBU21@@Z 0000000180035c08     libucrt:cfout.obj
 0004:00001c14       $pdata$0$?divide@__crt_strtox@@YA_KAEAUbig_integer@1@AEBU21@@Z 0000000180035c14     libucrt:cfout.obj
 0004:00001c20       $pdata$1$?divide@__crt_strtox@@YA_KAEAUbig_integer@1@AEBU21@@Z 0000000180035c20     libucrt:cfout.obj
 0004:00001c2c       $pdata$_fcloseall          0000000180035c2c     libucrt:closeall.obj
 0004:00001c38       $pdata$_fcloseall$fin$0    0000000180035c38     libucrt:closeall.obj
 0004:00001c44       $pdata$__acrt_stdio_free_buffer_nolock 0000000180035c44     libucrt:_freebuf.obj
 0004:00001c50       $pdata$_isatty             0000000180035c50     libucrt:isatty.obj
 0004:00001c5c       $pdata$__acrt_locale_free_monetary 0000000180035c5c     libucrt:initmon.obj
 0004:00001c68       $pdata$__acrt_locale_free_numeric 0000000180035c68     libucrt:initnum.obj
 0004:00001c74       $pdata$__acrt_locale_free_time 0000000180035c74     libucrt:inittime.obj
 0004:00001c80       $pdata$?free_crt_array_internal@@YAXQEAPEBX_K@Z 0000000180035c80     libucrt:inittime.obj
 0004:00001c8c       $pdata$__acrt_GetStringTypeA 0000000180035c8c     libucrt:getstringtypea.obj
 0004:00001c98       $pdata$_get_osfhandle      0000000180035c98     libucrt:osfinfo.obj
 0004:00001ca4       $pdata$_free_osfhnd        0000000180035ca4     libucrt:osfinfo.obj
 0004:00001cb0       $pdata$__acrt_lowio_create_handle_array 0000000180035cb0     libucrt:osfinfo.obj
 0004:00001cbc       $pdata$__acrt_lowio_destroy_handle_array 0000000180035cbc     libucrt:osfinfo.obj
 0004:00001cc8       $pdata$__acrt_lowio_ensure_fh_exists 0000000180035cc8     libucrt:osfinfo.obj
 0004:00001cd4       $pdata$qsort               0000000180035cd4     libucrt:qsort.obj
 0004:00001ce0       $pdata$4$qsort             0000000180035ce0     libucrt:qsort.obj
 0004:00001cec       $pdata$5$qsort             0000000180035cec     libucrt:qsort.obj
 0004:00001cf8       $pdata$strncpy_s           0000000180035cf8     libucrt:strncpy_s.obj
 0004:00001d04       $pdata$strpbrk             0000000180035d04     libucrt:strpbrk.obj
 0004:00001d10       $pdata$fallbackMethod      0000000180035d10     libucrt:strpbrk.obj
 0004:00001d1c       $pdata$_mbsdec_l           0000000180035d1c     libucrt:mbsdec.obj
 0004:00001d28       $pdata$__acrt_LCMapStringA 0000000180035d28     libucrt:lcmapstringa.obj
 0004:00001d34       $pdata$?__acrt_LCMapStringA_stat@@YAHPEAU__crt_locale_pointers@@PEB_WKPEBDHPEADHHH@Z 0000000180035d34     libucrt:lcmapstringa.obj
 0004:00001d40       $pdata$?initialize_multibyte@@YAHXZ 0000000180035d40     libucrt:multibyte_initializer.obj
 0004:00001d4c       $pdata$_commit             0000000180035d4c     libucrt:commit.obj
 0004:00001d58       $pdata$??$?RV<lambda_a37b2b86f63e897a80ea819b0eb08c01>@@AEAV<lambda_38ce7e780aa69e748d6df282ebc68efe>@@V<lambda_99fb1378e971ab6e7edea83e3a7a83a2>@@@?$__crt_seh_guarded_call@H@@QEAAH$$QEAV<lambda_a37b2b86f63e897a80ea819b0eb08c01>@@AEAV<lambda_38ce7e780aa69e748d6df282ebc68efe>@@$$QEAV<lambda_99fb1378e971ab6e7edea83e3a7a83a2>@@@Z 0000000180035d58     libucrt:commit.obj
 0004:00001d64       $pdata$?fin$0@?0???$?RV<lambda_a37b2b86f63e897a80ea819b0eb08c01>@@AEAV<lambda_38ce7e780aa69e748d6df282ebc68efe>@@V<lambda_99fb1378e971ab6e7edea83e3a7a83a2>@@@?$__crt_seh_guarded_call@H@@QEAAH$$QEAV<lambda_a37b2b86f63e897a80ea819b0eb08c01>@@AEAV<lambda_38ce7e780aa69e748d6df282ebc68efe>@@$$QEAV<lambda_99fb1378e971ab6e7edea83e3a7a83a2>@@@Z@4HA 0000000180035d64     libucrt:commit.obj
 0004:00001d64       $pdata$?fin$0@?0???$?RV<lambda_751a882b2c74d4b022dec766aa51a29a>@@AEAV<lambda_628dfdc04ba53c8bfc02c9951375f3f5>@@V<lambda_f6c7be5f7998530c34de24c7437d6b54>@@@?$__crt_seh_guarded_call@H@@QEAAH$$QEAV<lambda_751a882b2c74d4b022dec766aa51a29a>@@AEAV<lambda_628dfdc04ba53c8bfc02c9951375f3f5>@@$$QEAV<lambda_f6c7be5f7998530c34de24c7437d6b54>@@@Z@4HA 0000000180035d64     libucrt:close.obj
 0004:00001d70       $pdata$_write              0000000180035d70     libucrt:write.obj
 0004:00001d7c       $pdata$_write$fin$0        0000000180035d7c     libucrt:write.obj
 0004:00001d88       $pdata$_write_nolock       0000000180035d88     libucrt:write.obj
 0004:00001d94       $pdata$?write_double_translated_ansi_nolock@@YA?AUwrite_result@?A0x17268360@@HQEBDI@Z 0000000180035d94     libucrt:write.obj
 0004:00001da0       $pdata$?write_text_ansi_nolock@@YA?AUwrite_result@?A0x17268360@@HQEBDI@Z 0000000180035da0     libucrt:write.obj
 0004:00001dac       $pdata$?write_text_utf16le_nolock@@YA?AUwrite_result@?A0x17268360@@HQEBDI@Z 0000000180035dac     libucrt:write.obj
 0004:00001db8       $pdata$?write_text_utf8_nolock@@YA?AUwrite_result@?A0x17268360@@HQEBDI@Z 0000000180035db8     libucrt:write.obj
 0004:00001dc4       $pdata$?__mbrtoc32_utf8@__crt_mbstring@@YA_KPEA_UPEBD_KPEAU_Mbstatet@@@Z 0000000180035dc4     libucrt:mbrtoc32.obj
 0004:00001dd0       $pdata$fegetenv            0000000180035dd0     libucrt:fegetenv.obj
 0004:00001ddc       $pdata$fesetenv            0000000180035ddc     libucrt:fesetenv.obj
 0004:00001de8       $pdata$feholdexcept        0000000180035de8     libucrt:feholdexcept.obj
 0004:00001e00       $pdata$??$common_lseek_nolock@_J@@YA_JH_JH@Z 0000000180035e00     libucrt:lseek.obj
 0004:00001e0c       $pdata$fclose              0000000180035e0c     libucrt:fclose.obj
 0004:00001e18       $pdata$fclose$fin$0        0000000180035e18     libucrt:fclose.obj
 0004:00001e24       $pdata$_fclose_nolock      0000000180035e24     libucrt:fclose.obj
 0004:00001e30       $pdata$_putwch_nolock      0000000180035e30     libucrt:putwch.obj
 0004:00001e3c       $pdata$__acrt_fenv_set_control 0000000180035e3c     libucrt:_fenvutils.obj
 0004:00001e48       $pdata$_clearfp            0000000180035e48     libucrt:ieee.obj
 0004:00001e54       $pdata$_call_matherr       0000000180035e54     libucrt:libm_error.obj
 0004:00001e60       $pdata$_exception_enabled  0000000180035e60     libucrt:libm_error.obj
 0004:00001e6c       $pdata$_handle_error       0000000180035e6c     libucrt:libm_error.obj
 0004:00001e78       $pdata$__acrt_initialize_fma3 0000000180035e78     libucrt:fma3_available.obj
 0004:00001e84       $pdata$_log_special_common 0000000180035e84     libucrt:log_special.obj
 0004:00001e90       $pdata$_log10_special      0000000180035e90     libucrt:log_special.obj
 0004:00001e9c       $pdata$_close              0000000180035e9c     libucrt:close.obj
 0004:00001ea8       $pdata$_close_nolock       0000000180035ea8     libucrt:close.obj
 0004:00001eb4       $pdata$??$?RV<lambda_751a882b2c74d4b022dec766aa51a29a>@@AEAV<lambda_628dfdc04ba53c8bfc02c9951375f3f5>@@V<lambda_f6c7be5f7998530c34de24c7437d6b54>@@@?$__crt_seh_guarded_call@H@@QEAAH$$QEAV<lambda_751a882b2c74d4b022dec766aa51a29a>@@AEAV<lambda_628dfdc04ba53c8bfc02c9951375f3f5>@@$$QEAV<lambda_f6c7be5f7998530c34de24c7437d6b54>@@@Z 0000000180035eb4     libucrt:close.obj
 0004:00001ec0       $pdata$__dcrt_lowio_ensure_console_output_initialized 0000000180035ec0     libucrt:initcon.obj
 0004:00001ecc       $pdata$__dcrt_write_console 0000000180035ecc     libucrt:initcon.obj
 0004:00001ed8       $pdata$__dcrt_terminate_console_output 0000000180035ed8     libucrt:initcon.obj
 0004:00001ef0       $pdata$_set_errno_from_matherr 0000000180035ef0     libucrt:fpexcept.obj
 0004:00001efc       $pdata$_raise_exc          0000000180035efc     libucrt:fpexcept.obj
 0004:00001f08       $pdata$_raise_exc_ex       0000000180035f08     libucrt:fpexcept.obj
 0004:00001f14       $pdata$_clrfp              0000000180035f14     libucrt:fpctrl.obj
 0004:00001f20       $pdata$_ctrlfp             0000000180035f20     libucrt:fpctrl.obj
 0004:00001f2c       $pdata$_ctrlfp$filt$0      0000000180035f2c     libucrt:fpctrl.obj
 0004:00001f38       $pdata$_statfp             0000000180035f38     libucrt:fpctrl.obj
 0004:00001f44       $pdata$_set_statfp         0000000180035f44     libucrt:fpctrl.obj
 0004:00001f50       $pdata$_IsNonwritableInCurrentImage 0000000180035f50     LIBCMT:pesect.obj
 0004:00001f5c       $pdata$_IsNonwritableInCurrentImage$filt$0 0000000180035f5c     LIBCMT:pesect.obj
 0005:00000000       MoveSmall                  0000000180036000     libvcruntime:memcpy.obj
 0005:00000050       MsetTab                    0000000180036050     libvcruntime:memset.obj
 0006:00000220       $R000000                   0000000180037220     RemoteOrderDisplay.res
 0006:00000bc0       $R0009A0                   0000000180037bc0     RemoteOrderDisplay.res
 0006:00000ca8       $R000A88                   0000000180037ca8     RemoteOrderDisplay.res
 0006:00000f10       $R000CF0                   0000000180037f10     RemoteOrderDisplay.res
 0006:00001478       $R001258                   0000000180038478     RemoteOrderDisplay.res
 0006:00005688       $R005468                   000000018003c688     RemoteOrderDisplay.res
 0006:000056d0       $R0054B0                   000000018003c6d0     RemoteOrderDisplay.res
