 OPOSRemoteOrderDisplay

 Timestamp is 5b863ebd (Wed Aug 29 15:35:41 2018)

 Preferred load address is 0000000180000000

 Start         Length     Name                   Class
 0001:00000000 000000c0H .text$di                CODE
 0001:000000c0 00020970H .text$mn                CODE
 0001:00020a30 00000020H .text$mn$00             CODE
 0001:00020a50 00000400H .text$x                 CODE
 0001:00020e50 000000c0H .text$yd                CODE
 0002:00000000 00000618H .idata$5                DATA
 0002:00000618 00000010H .00cfg                  DATA
 0002:00000628 00000008H .CRT$XCA                DATA
 0002:00000630 00000008H .CRT$XCL                DATA
 0002:00000638 00000020H .CRT$XCU                DATA
 0002:00000658 00000008H .CRT$XCZ                DATA
 0002:00000660 00000008H .CRT$XIA                DATA
 0002:00000668 00000020H .CRT$XIC                DATA
 0002:00000688 00000008H .CRT$XIZ                DATA
 0002:00000690 00000008H .CRT$XLA                DATA
 0002:00000698 00000008H .CRT$XLZ                DATA
 0002:000006a0 00000008H .CRT$XPA                DATA
 0002:000006a8 00000010H .CRT$XPX                DATA
 0002:000006b8 00000008H .CRT$XPXA               DATA
 0002:000006c0 00000008H .CRT$XPZ                DATA
 0002:000006c8 00000008H .CRT$XTA                DATA
 0002:000006d0 00000010H .CRT$XTZ                DATA
 0002:000006d8 00000000H .gfids$y                DATA
 0002:000006e0 0000a460H .rdata                  DATA
 0002:0000ab40 00000028H .rdata$T                DATA
 0002:0000ab68 00000274H .rdata$r                DATA
 0002:0000addc 00000404H .rdata$zzzdbg           DATA
 0002:0000b1e0 00000008H .rtc$IAA                DATA
 0002:0000b1e8 00000008H .rtc$IZZ                DATA
 0002:0000b1f0 00000008H .rtc$TAA                DATA
 0002:0000b1f8 00000008H .rtc$TZZ                DATA
 0002:0000b200 00000004H .tls                    DATA
 0002:0000b204 00000004H .tls$                   DATA
 0002:0000b208 00000008H .tls$ZZZ                DATA
 0002:0000b210 00001778H .xdata                  DATA
 0002:0000c988 00000150H .xdata$x                DATA
 0002:0000cad8 00000008H ATL$__a                 DATA
 0002:0000cae0 00000010H ATL$__z                 DATA
 0002:0000caf0 000000b4H .edata                  DATA
 0002:0000cba4 00000078H .idata$2                DATA
 0002:0000cc1c 00000014H .idata$3                DATA
 0002:0000cc30 00000618H .idata$4                DATA
 0002:0000d248 00000c1cH .idata$6                DATA
 0003:00000000 00000cf8H .data                   DATA
 0003:00000cf8 000000c8H .data$r                 DATA
 0003:00000dc0 000013fcH .bss                    DATA
 0004:00000000 00001f98H .pdata                  DATA
 0005:00000000 00000220H .rsrc$01                DATA
 0005:00000220 00005630H .rsrc$02                DATA

  Address         Publics by Value              Rva+Base               Lib:Object

 0000:00000000       __guard_fids_count         0000000000000000     <absolute>
 0000:00000000       __guard_longjmp_count      0000000000000000     <absolute>
 0000:00000000       __hybrid_code_map          0000000000000000     <absolute>
 0000:00000000       __guard_iat_count          0000000000000000     <absolute>
 0000:00000000       __guard_longjmp_table      0000000000000000     <absolute>
 0000:00000000       __volatile_metadata        0000000000000000     <absolute>
 0000:00000000       __guard_iat_table          0000000000000000     <absolute>
 0000:00000000       __hybrid_code_map_count    0000000000000000     <absolute>
 0000:00000000       __enclave_config           0000000000000000     <absolute>
 0000:00000000       ___safe_se_handler_count   0000000000000000     <absolute>
 0000:00000000       ___safe_se_handler_table   0000000000000000     <absolute>
 0000:00000000       __guard_fids_table         0000000000000000     <absolute>
 0000:00000000       __hybrid_auxiliary_iat     0000000000000000     <absolute>
 0000:00000000       __dynamic_value_reloc_table 0000000000000000     <absolute>
 0000:00000100       __guard_flags              0000000000000100     <absolute>
 0000:00000000       __ImageBase                0000000180000000     <linker-defined>
 0001:000000c0       ?DupWide@_CW@@AEAAXXZ      00000001800010c0 f   CWString.obj
 0001:000000e8       ?cw_dup@@YAXPEBDAEAHAEAPEA_W1@Z 00000001800010e8 f   CWString.obj
 0001:00000194       ?cw_memcpy@@YAHPEA_WPEBDH@Z 0000000180001194 f   CWString.obj
 0001:000001e0       ?cw_strcpy@@YAHPEA_WPEBD@Z 00000001800011e0 f   CWString.obj
 0001:000001f4       ??0CAtlComModule@ATL@@QEAA@XZ 00000001800011f4 f i OposVariant.obj
 0001:0000027c       ??0CAtlWinModule@ATL@@QEAA@XZ 000000018000127c f i OposVariant.obj
 0001:000002f0       ??0OposDispParms@@QEAA@PEAVOposVariant@@H@Z 00000001800012f0 f   OposVariant.obj
 0001:00000398       ??1OposDispParms@@QEAA@XZ  0000000180001398 f   OposVariant.obj
 0001:000003b0       ??_Estringdispid@CComTypeInfoHolder@ATL@@QEAAPEAXI@Z 00000001800013b0 f i OposVariant.obj
 0001:00000454       ?AtlWinModuleTerm@ATL@@YAJPEAU_ATL_WIN_MODULE70@1@PEAUHINSTANCE__@@@Z 0000000180001454 f i OposVariant.obj
 0001:00000504       ?ChangeBSTR@OposVariant@@QEAAXPEAPEA_WAEAJ@Z 0000000180001504 f   OposVariant.obj
 0001:00000564       ?ChangeLONG@OposVariant@@QEAAXPEAJAEAJ@Z 0000000180001564 f   OposVariant.obj
 0001:000005c0       ?GetLONG@OposVariant@@QEAAJXZ 00000001800015c0 f   OposVariant.obj
 0001:000005e4       ?SetBSTR@OposVariant@@QEAAXPEA_WAEAJ@Z 00000001800015e4 f   OposVariant.obj
 0001:00000624       ?SetBSTR_Copy@OposVariant@@QEAAXPEA_WAEAJ@Z 0000000180001624 f   OposVariant.obj
 0001:00000694       ?SetBSTR_InOutPtr@OposVariant@@QEAA_NPEAPEA_WAEAJ@Z 0000000180001694 f   OposVariant.obj
 0001:000006e4       ?SetDispatch_Ptr@OposVariant@@QEAAXPEAUIDispatch@@AEAJ@Z 00000001800016e4 f   OposVariant.obj
 0001:0000073c       ?SetLONG@OposVariant@@QEAAXJ@Z 000000018000173c f   OposVariant.obj
 0001:0000076c       ?SetLONG_Ptr@OposVariant@@QEAAXPEAJAEAJ@Z 000000018000176c f   OposVariant.obj
 0001:000007b8       ?SetString@OposVariant@@QEAAXPEB_WAEAJ@Z 00000001800017b8 f   OposVariant.obj
 0001:0000081c       ?SetVARIANT_BOOL@OposVariant@@QEAAXF@Z 000000018000181c f   OposVariant.obj
 0001:00000854       ?Term@CAtlComModule@ATL@@QEAAXXZ 0000000180001854 f i OposVariant.obj
 0001:000008c4       ?_AtlInitializeCriticalSectionEx@ATL@@YAHPEAU_RTL_CRITICAL_SECTION@@KK@Z 00000001800018c4 f i OposVariant.obj
 0001:000008cc       ?_AtlRaiseException@ATL@@YAXKK@Z 00000001800018cc f i OposVariant.obj
 0001:000008dc       ?ProcessWindowMessage@COPOSRemoteOrderDisplay@@UEAAHPEAUHWND__@@I_K_JAEA_JK@Z 00000001800018dc f i RemoteOrderDisplay.obj
 0001:00000964       ?SOData@COPOSRemoteOrderDisplay@@MEAAJJ@Z 0000000180001964 f i RemoteOrderDisplay.obj
 0001:000009b4       ?SODirectIO@COPOSRemoteOrderDisplay@@MEAAJJPEAJPEAPEA_W@Z 00000001800019b4 f i RemoteOrderDisplay.obj
 0001:00000a2c       ?SOError@COPOSRemoteOrderDisplay@@MEAAJJJJPEAJ@Z 0000000180001a2c f i RemoteOrderDisplay.obj
 0001:00000ab4       ?SOOutputComplete@COPOSRemoteOrderDisplay@@MEAAJJ@Z 0000000180001ab4 f i RemoteOrderDisplay.obj
 0001:00000b04       ?SOStatusUpdate@COPOSRemoteOrderDisplay@@MEAAJJ@Z 0000000180001b04 f i RemoteOrderDisplay.obj
 0001:00000b54       ?GetDropTarget@?$IOleInPlaceObjectWindowlessImpl@VCOPOSRemoteOrderDisplay@@@ATL@@UEAAJPEAPEAUIDropTarget@@@Z 0000000180001b54 f i RemoteOrderDisplay.obj
 0001:00000b54       ?GetCanonicalFormatEtc@?$IDataObjectImpl@VCOPOSRemoteOrderDisplay@@@ATL@@UEAAJPEAUtagFORMATETC@@0@Z 0000000180001b54 f i RemoteOrderDisplay.obj
 0001:00000b54       ?Freeze@?$IViewObjectExImpl@VCOPOSRemoteOrderDisplay@@@ATL@@UEAAJKJPEAXPEAK@Z 0000000180001b54 f i RemoteOrderDisplay.obj
 0001:00000b54       ?GetClipboardData@?$IOleObjectImpl@VCOPOSRemoteOrderDisplay@@@ATL@@UEAAJKPEAPEAUIDataObject@@@Z 0000000180001b54 f i RemoteOrderDisplay.obj
 0001:00000b54       ?OnMnemonic@?$IOleControlImpl@VCOPOSRemoteOrderDisplay@@@ATL@@UEAAJPEAUtagMSG@@@Z 0000000180001b54 f i RemoteOrderDisplay.obj
 0001:00000b54       ?GetMoniker@?$IOleObjectImpl@VCOPOSRemoteOrderDisplay@@@ATL@@UEAAJKKPEAPEAUIMoniker@@@Z 0000000180001b54 f i RemoteOrderDisplay.obj
 0001:00000b54       ?GetRect@?$IViewObjectExImpl@VCOPOSRemoteOrderDisplay@@@ATL@@UEAAJKPEAU_RECTL@@@Z 0000000180001b54 f i RemoteOrderDisplay.obj
 0001:00000b54       ?EnumFormatEtc@?$IDataObjectImpl@VCOPOSRemoteOrderDisplay@@@ATL@@UEAAJKPEAPEAUIEnumFORMATETC@@@Z 0000000180001b54 f i RemoteOrderDisplay.obj
 0001:00000b54       ?GetDataHere@?$IDataObjectImpl@VCOPOSRemoteOrderDisplay@@@ATL@@UEAAJPEAUtagFORMATETC@@PEAUtagSTGMEDIUM@@@Z 0000000180001b54 f i RemoteOrderDisplay.obj
 0001:00000b54       ?ReactivateAndUndo@?$IOleInPlaceObjectWindowlessImpl@VCOPOSRemoteOrderDisplay@@@ATL@@UEAAJXZ 0000000180001b54 f i RemoteOrderDisplay.obj
 0001:00000b54       ?QueryGetData@?$IDataObjectImpl@VCOPOSRemoteOrderDisplay@@@ATL@@UEAAJPEAUtagFORMATETC@@@Z 0000000180001b54 f i RemoteOrderDisplay.obj
 0001:00000b54       ?ContextSensitiveHelp@?$IOleInPlaceObjectWindowlessImpl@VCOPOSRemoteOrderDisplay@@@ATL@@UEAAJH@Z 0000000180001b54 f i RemoteOrderDisplay.obj
 0001:00000b54       ?SetColorScheme@?$IOleObjectImpl@VCOPOSRemoteOrderDisplay@@@ATL@@UEAAJPEAUtagLOGPALETTE@@@Z 0000000180001b54 f i RemoteOrderDisplay.obj
 0001:00000b54       ?SetMoniker@?$IOleObjectImpl@VCOPOSRemoteOrderDisplay@@@ATL@@UEAAJKPEAUIMoniker@@@Z 0000000180001b54 f i RemoteOrderDisplay.obj
 0001:00000b54       ?Unfreeze@?$IViewObjectExImpl@VCOPOSRemoteOrderDisplay@@@ATL@@UEAAJK@Z 0000000180001b54 f i RemoteOrderDisplay.obj
 0001:00000b54       ?ContextSensitiveHelp@?$IOleInPlaceActiveObjectImpl@VCOPOSRemoteOrderDisplay@@@ATL@@UEAAJH@Z 0000000180001b54 f i RemoteOrderDisplay.obj
 0001:00000b54       ?GetControlInfo@?$IOleControlImpl@VCOPOSRemoteOrderDisplay@@@ATL@@UEAAJPEAUtagCONTROLINFO@@@Z 0000000180001b54 f i RemoteOrderDisplay.obj
 0001:00000b54       ?GetColorSet@?$IViewObjectExImpl@VCOPOSRemoteOrderDisplay@@@ATL@@UEAAJKJPEAXPEAUtagDVTARGETDEVICE@@PEAUHDC__@@PEAPEAUtagLOGPALETTE@@@Z 0000000180001b54 f i RemoteOrderDisplay.obj
 0001:00000b54       ?QueryInterface@CRegObject@ATL@@UEAAJAEBU_GUID@@PEAPEAX@Z 0000000180001b54 f i RemoteOrderDisplay.obj
 0001:00000b54       ?SetData@?$IDataObjectImpl@VCOPOSRemoteOrderDisplay@@@ATL@@UEAAJPEAUtagFORMATETC@@PEAUtagSTGMEDIUM@@H@Z 0000000180001b54 f i RemoteOrderDisplay.obj
 0001:00000b54       ?InitFromData@?$IOleObjectImpl@VCOPOSRemoteOrderDisplay@@@ATL@@UEAAJPEAUIDataObject@@HK@Z 0000000180001b54 f i RemoteOrderDisplay.obj
 0001:00000b5c       ?FAccessAllowed@?$IObjectSafetyImpl@VCOPOSRemoteOrderDisplay@@$02@ATL@@MEAAHXZ 0000000180001b5c f i RemoteOrderDisplay.obj
 0001:00000b5c       ?AddRef@CRegObject@ATL@@UEAAKXZ 0000000180001b5c f i RemoteOrderDisplay.obj
 0001:00000b64       ?ResizeBorder@?$IOleInPlaceActiveObjectImpl@VCOPOSRemoteOrderDisplay@@@ATL@@UEAAJPEBUtagRECT@@PEAUIOleInPlaceUIWindow@@H@Z 0000000180001b64 f i RemoteOrderDisplay.obj
 0001:00000b64       ?GetCategoryMap@CComObjectRootBase@ATL@@SAPEBU_ATL_CATMAP_ENTRY@2@XZ 0000000180001b64 f i RemoteOrderDisplay.obj
 0001:00000b64       ?Update@?$IOleObjectImpl@VCOPOSRemoteOrderDisplay@@@ATL@@UEAAJXZ 0000000180001b64 f i RemoteOrderDisplay.obj
 0001:00000b64       ?SetHostNames@?$IOleObjectImpl@VCOPOSRemoteOrderDisplay@@@ATL@@UEAAJPEB_W0@Z 0000000180001b64 f i RemoteOrderDisplay.obj
 0001:00000b64       ?SaveCompleted@?$IPersistStorageImpl@VCOPOSRemoteOrderDisplay@@@ATL@@UEAAJPEAUIStorage@@@Z 0000000180001b64 f i RemoteOrderDisplay.obj
 0001:00000b64       ?OnFrameWindowActivate@?$IOleInPlaceActiveObjectImpl@VCOPOSRemoteOrderDisplay@@@ATL@@UEAAJH@Z 0000000180001b64 f i RemoteOrderDisplay.obj
 0001:00000b64       ?IsUpToDate@?$IOleObjectImpl@VCOPOSRemoteOrderDisplay@@@ATL@@UEAAJXZ 0000000180001b64 f i RemoteOrderDisplay.obj
 0001:00000b64       ?EnableModeless@?$IOleInPlaceActiveObjectImpl@VCOPOSRemoteOrderDisplay@@@ATL@@UEAAJH@Z 0000000180001b64 f i RemoteOrderDisplay.obj
 0001:00000b64       ?Release@CRegObject@ATL@@UEAAKXZ 0000000180001b64 f i RemoteOrderDisplay.obj
 0001:00000b64       ?OnAmbientPropertyChange@?$IOleControlImpl@VCOPOSRemoteOrderDisplay@@@ATL@@UEAAJJ@Z 0000000180001b64 f i RemoteOrderDisplay.obj
 0001:00000b64       ?HandsOffStorage@?$IPersistStorageImpl@VCOPOSRemoteOrderDisplay@@@ATL@@UEAAJXZ 0000000180001b64 f i RemoteOrderDisplay.obj
 0001:00000b64       ?GetObjectDescription@?$CComCoClass@VCOPOSRemoteOrderDisplay@@$1?CLSID_OPOSRemoteOrderDisplay@@3U_GUID@@B@ATL@@SAPEB_WXZ 0000000180001b64 f i RemoteOrderDisplay.obj
 0001:00000b68       ?AddReplacement@CRegObject@ATL@@UEAAJPEB_W0@Z 0000000180001b68 f i RemoteOrderDisplay.obj
 0001:00000b98       ?ClearReplacements@CRegObject@ATL@@UEAAJXZ 0000000180001b98 f i RemoteOrderDisplay.obj
 0001:00000ba4       ?CreateInstance@?$CComCreator@V?$CComObjectCached@VCComClassFactory@ATL@@@ATL@@@ATL@@SAJPEAXAEBU_GUID@@PEAPEAX@Z 0000000180001ba4 f i RemoteOrderDisplay.obj
 0001:00000ca4       ?CreateInstance@?$CComCreator2@V?$CComCreator@V?$CComObject@VCOPOSRemoteOrderDisplay@@@ATL@@@ATL@@V?$CComCreator@V?$CComAggObject@VCOPOSRemoteOrderDisplay@@@ATL@@@2@@ATL@@SAJPEAXAEBU_GUID@@PEAPEAX@Z 0000000180001ca4 f i RemoteOrderDisplay.obj
 0001:00000cb4       ??_GCRegObject@ATL@@UEAAPEAXI@Z 0000000180001cb4 f i RemoteOrderDisplay.obj
 0001:00000cb4       ??_ECRegObject@ATL@@UEAAPEAXI@Z 0000000180001cb4 f i RemoteOrderDisplay.obj
 0001:00000d34       ?Next@?$CComEnumImpl@UIEnumConnectionPoints@@$1?_GUID_b196b285_bab4_101a_b69c_00aa00341d07@@3U__s_GUID@@BPEAUIConnectionPoint@@V?$_CopyInterface@UIConnectionPoint@@@ATL@@@ATL@@UEAAJKPEAPEAUIConnectionPoint@@PEAK@Z 0000000180001d34 f i RemoteOrderDisplay.obj
 0001:00000e00       ?Skip@?$CComEnumImpl@UIEnumConnectionPoints@@$1?_GUID_b196b285_bab4_101a_b69c_00aa00341d07@@3U__s_GUID@@BPEAUIConnectionPoint@@V?$_CopyInterface@UIConnectionPoint@@@ATL@@@ATL@@UEAAJK@Z 0000000180001e00 f i RemoteOrderDisplay.obj
 0001:00000e2c       ?Reset@?$CComEnumImpl@UIEnumConnections@@$1?_GUID_b196b287_bab4_101a_b69c_00aa00341d07@@3U__s_GUID@@BUtagCONNECTDATA@@V?$_Copy@UtagCONNECTDATA@@@ATL@@@ATL@@UEAAJXZ 0000000180001e2c f i RemoteOrderDisplay.obj
 0001:00000e2c       ?Reset@?$CComEnumImpl@UIEnumConnectionPoints@@$1?_GUID_b196b285_bab4_101a_b69c_00aa00341d07@@3U__s_GUID@@BPEAUIConnectionPoint@@V?$_CopyInterface@UIConnectionPoint@@@ATL@@@ATL@@UEAAJXZ 0000000180001e2c f i RemoteOrderDisplay.obj
 0001:00000e38       ?Clone@?$CComEnumImpl@UIEnumConnectionPoints@@$1?_GUID_b196b285_bab4_101a_b69c_00aa00341d07@@3U__s_GUID@@BPEAUIConnectionPoint@@V?$_CopyInterface@UIConnectionPoint@@@ATL@@@ATL@@UEAAJPEAPEAUIEnumConnectionPoints@@@Z 0000000180001e38 f i RemoteOrderDisplay.obj
 0001:00000f60       ?AddRef@?$CComObject@V?$CComEnum@UIEnumConnectionPoints@@$1?_GUID_b196b285_bab4_101a_b69c_00aa00341d07@@3U__s_GUID@@BPEAUIConnectionPoint@@V?$_CopyInterface@UIConnectionPoint@@@ATL@@VCComSingleThreadModel@6@@ATL@@@ATL@@UEAAKXZ 0000000180001f60 f i RemoteOrderDisplay.obj
 0001:00000f60       ?AddRef@?$CComObject@V?$CComEnum@UIEnumConnections@@$1?_GUID_b196b287_bab4_101a_b69c_00aa00341d07@@3U__s_GUID@@BUtagCONNECTDATA@@V?$_Copy@UtagCONNECTDATA@@@ATL@@VCComSingleThreadModel@6@@ATL@@@ATL@@UEAAKXZ 0000000180001f60 f i RemoteOrderDisplay.obj
 0001:00000f6c       ?Release@?$CComObject@V?$CComEnum@UIEnumConnectionPoints@@$1?_GUID_b196b285_bab4_101a_b69c_00aa00341d07@@3U__s_GUID@@BPEAUIConnectionPoint@@V?$_CopyInterface@UIConnectionPoint@@@ATL@@VCComSingleThreadModel@6@@ATL@@@ATL@@UEAAKXZ 0000000180001f6c f i RemoteOrderDisplay.obj
 0001:00000f6c       ?Release@?$CComObject@V?$CComEnum@UIEnumConnections@@$1?_GUID_b196b287_bab4_101a_b69c_00aa00341d07@@3U__s_GUID@@BUtagCONNECTDATA@@V?$_Copy@UtagCONNECTDATA@@@ATL@@VCComSingleThreadModel@6@@ATL@@@ATL@@UEAAKXZ 0000000180001f6c f i RemoteOrderDisplay.obj
 0001:00000fc0       ?QueryInterface@?$CComObject@V?$CComEnum@UIEnumConnectionPoints@@$1?_GUID_b196b285_bab4_101a_b69c_00aa00341d07@@3U__s_GUID@@BPEAUIConnectionPoint@@V?$_CopyInterface@UIConnectionPoint@@@ATL@@VCComSingleThreadModel@6@@ATL@@@ATL@@UEAAJAEBU_GUID@@PEAPEAX@Z 0000000180001fc0 f i RemoteOrderDisplay.obj
 0001:00000fd4       ??_E?$CComObject@V?$CComEnum@UIEnumConnectionPoints@@$1?_GUID_b196b285_bab4_101a_b69c_00aa00341d07@@3U__s_GUID@@BPEAUIConnectionPoint@@V?$_CopyInterface@UIConnectionPoint@@@ATL@@VCComSingleThreadModel@6@@ATL@@@ATL@@UEAAPEAXI@Z 0000000180001fd4 f i RemoteOrderDisplay.obj
 0001:00000fd4       ??_G?$CComObject@V?$CComEnum@UIEnumConnectionPoints@@$1?_GUID_b196b285_bab4_101a_b69c_00aa00341d07@@3U__s_GUID@@BPEAUIConnectionPoint@@V?$_CopyInterface@UIConnectionPoint@@@ATL@@VCComSingleThreadModel@6@@ATL@@@ATL@@UEAAPEAXI@Z 0000000180001fd4 f i RemoteOrderDisplay.obj
 0001:0000102c       ?AddRef@?$CComObjectCached@VCComClassFactory@ATL@@@ATL@@UEAAKXZ 000000018000202c f i RemoteOrderDisplay.obj
 0001:00001058       ?Release@?$CComObjectCached@VCComClassFactory@ATL@@@ATL@@UEAAKXZ 0000000180002058 f i RemoteOrderDisplay.obj
 0001:00001098       ?QueryInterface@?$CComObjectCached@VCComClassFactory@ATL@@@ATL@@UEAAJAEBU_GUID@@PEAPEAX@Z 0000000180002098 f i RemoteOrderDisplay.obj
 0001:000010ac       ??_E?$CComObjectCached@VCComClassFactory@ATL@@@ATL@@UEAAPEAXI@Z 00000001800020ac f i RemoteOrderDisplay.obj
 0001:000010ac       ??_G?$CComObjectCached@VCComClassFactory@ATL@@@ATL@@UEAAPEAXI@Z 00000001800020ac f i RemoteOrderDisplay.obj
 0001:00001104       ?AddRef@?$CComAggObject@VCOPOSRemoteOrderDisplay@@@ATL@@UEAAKXZ 0000000180002104 f i RemoteOrderDisplay.obj
 0001:00001110       ?Release@?$CComAggObject@VCOPOSRemoteOrderDisplay@@@ATL@@UEAAKXZ 0000000180002110 f i RemoteOrderDisplay.obj
 0001:00001164       ?QueryInterface@?$CComAggObject@VCOPOSRemoteOrderDisplay@@@ATL@@UEAAJAEBU_GUID@@PEAPEAX@Z 0000000180002164 f i RemoteOrderDisplay.obj
 0001:000011c4       ?AddRef@?$CComContainedObject@VCOPOSRemoteOrderDisplay@@@ATL@@UEAAKXZ 00000001800021c4 f i RemoteOrderDisplay.obj
 0001:000011d4       ?Release@?$CComContainedObject@VCOPOSRemoteOrderDisplay@@@ATL@@UEAAKXZ 00000001800021d4 f i RemoteOrderDisplay.obj
 0001:000011e4       ?QueryInterface@?$CComContainedObject@VCOPOSRemoteOrderDisplay@@@ATL@@UEAAJAEBU_GUID@@PEAPEAX@Z 00000001800021e4 f i RemoteOrderDisplay.obj
 0001:000011f4       ??_E?$CComAggObject@VCOPOSRemoteOrderDisplay@@@ATL@@UEAAPEAXI@Z 00000001800021f4 f i RemoteOrderDisplay.obj
 0001:000011f4       ??_G?$CComAggObject@VCOPOSRemoteOrderDisplay@@@ATL@@UEAAPEAXI@Z 00000001800021f4 f i RemoteOrderDisplay.obj
 0001:0000124c       ?AddRef@?$CComObject@VCOPOSRemoteOrderDisplay@@@ATL@@UEAAKXZ 000000018000224c f i RemoteOrderDisplay.obj
 0001:0000125c       ?Release@?$CComObject@VCOPOSRemoteOrderDisplay@@@ATL@@UEAAKXZ 000000018000225c f i RemoteOrderDisplay.obj
 0001:000012b4       ?QueryInterface@?$CComObject@VCOPOSRemoteOrderDisplay@@@ATL@@UEAAJAEBU_GUID@@PEAPEAX@Z 00000001800022b4 f i RemoteOrderDisplay.obj
 0001:000012c8       ?OnDrawAdvanced@CComControlBase@ATL@@UEAAJAEAUATL_DRAWINFO@@@Z 00000001800022c8 f i RemoteOrderDisplay.obj
 0001:000013e8       ?OnFinalMessage@?$CWindowImplBaseT@VCWindow@ATL@@V?$CWinTraits@$0FGAAAAAA@$0A@@2@@ATL@@UEAAXPEAUHWND__@@@Z 00000001800023e8 f i RemoteOrderDisplay.obj
 0001:000013e8       ?ObjectMain@CComObjectRootBase@ATL@@SAX_N@Z 00000001800023e8 f i RemoteOrderDisplay.obj
 0001:000013ec       ?CreateInstance@CComClassFactory@ATL@@UEAAJPEAUIUnknown@@AEBU_GUID@@PEAPEAX@Z 00000001800023ec f i RemoteOrderDisplay.obj
 0001:0000144c       ?LockServer@CComClassFactory@ATL@@UEAAJH@Z 000000018000244c f i RemoteOrderDisplay.obj
 0001:00001470       ??_ECComClassFactory@ATL@@UEAAPEAXI@Z 0000000180002470 f i RemoteOrderDisplay.obj
 0001:00001470       ??_GCComClassFactory@ATL@@UEAAPEAXI@Z 0000000180002470 f i RemoteOrderDisplay.obj
 0001:000014c0       ?Next@?$CComEnumImpl@UIEnumConnections@@$1?_GUID_b196b287_bab4_101a_b69c_00aa00341d07@@3U__s_GUID@@BUtagCONNECTDATA@@V?$_Copy@UtagCONNECTDATA@@@ATL@@@ATL@@UEAAJKPEAUtagCONNECTDATA@@PEAK@Z 00000001800024c0 f i RemoteOrderDisplay.obj
 0001:00001594       ?Skip@?$CComEnumImpl@UIEnumConnections@@$1?_GUID_b196b287_bab4_101a_b69c_00aa00341d07@@3U__s_GUID@@BUtagCONNECTDATA@@V?$_Copy@UtagCONNECTDATA@@@ATL@@@ATL@@UEAAJK@Z 0000000180002594 f i RemoteOrderDisplay.obj
 0001:000015c0       ?Clone@?$CComEnumImpl@UIEnumConnections@@$1?_GUID_b196b287_bab4_101a_b69c_00aa00341d07@@3U__s_GUID@@BUtagCONNECTDATA@@V?$_Copy@UtagCONNECTDATA@@@ATL@@@ATL@@UEAAJPEAPEAUIEnumConnections@@@Z 00000001800025c0 f i RemoteOrderDisplay.obj
 0001:000016e8       ?QueryInterface@?$CComObject@V?$CComEnum@UIEnumConnections@@$1?_GUID_b196b287_bab4_101a_b69c_00aa00341d07@@3U__s_GUID@@BUtagCONNECTDATA@@V?$_Copy@UtagCONNECTDATA@@@ATL@@VCComSingleThreadModel@6@@ATL@@@ATL@@UEAAJAEBU_GUID@@PEAPEAX@Z 00000001800026e8 f i RemoteOrderDisplay.obj
 0001:000016fc       ??_E?$CComObject@V?$CComEnum@UIEnumConnections@@$1?_GUID_b196b287_bab4_101a_b69c_00aa00341d07@@3U__s_GUID@@BUtagCONNECTDATA@@V?$_Copy@UtagCONNECTDATA@@@ATL@@VCComSingleThreadModel@6@@ATL@@@ATL@@UEAAPEAXI@Z 00000001800026fc f i RemoteOrderDisplay.obj
 0001:000016fc       ??_G?$CComObject@V?$CComEnum@UIEnumConnections@@$1?_GUID_b196b287_bab4_101a_b69c_00aa00341d07@@3U__s_GUID@@BUtagCONNECTDATA@@V?$_Copy@UtagCONNECTDATA@@@ATL@@VCComSingleThreadModel@6@@ATL@@@ATL@@UEAAPEAXI@Z 00000001800026fc f i RemoteOrderDisplay.obj
 0001:00001754       ??_E?$CComObject@VCOPOSRemoteOrderDisplay@@@ATL@@W7EAAPEAXI@Z 0000000180002754 f i RemoteOrderDisplay.obj
 0001:00001760       ??_E?$CComObject@VCOPOSRemoteOrderDisplay@@@ATL@@WHA@EAAPEAXI@Z 0000000180002760 f i RemoteOrderDisplay.obj
 0001:0000176c       ?QueryInterface@?$CComObject@VCOPOSRemoteOrderDisplay@@@ATL@@WLI@EAAJAEBU_GUID@@PEAPEAX@Z 000000018000276c f i RemoteOrderDisplay.obj
 0001:00001778       ?AddRef@?$CComObject@VCOPOSRemoteOrderDisplay@@@ATL@@WLI@EAAKXZ 0000000180002778 f i RemoteOrderDisplay.obj
 0001:00001784       ?Release@?$CComObject@VCOPOSRemoteOrderDisplay@@@ATL@@WLI@EAAKXZ 0000000180002784 f i RemoteOrderDisplay.obj
 0001:00001790       ?QueryInterface@?$CComObject@VCOPOSRemoteOrderDisplay@@@ATL@@WMA@EAAJAEBU_GUID@@PEAPEAX@Z 0000000180002790 f i RemoteOrderDisplay.obj
 0001:0000179c       ?AddRef@?$CComObject@VCOPOSRemoteOrderDisplay@@@ATL@@WMA@EAAKXZ 000000018000279c f i RemoteOrderDisplay.obj
 0001:000017a8       ?Release@?$CComObject@VCOPOSRemoteOrderDisplay@@@ATL@@WMA@EAAKXZ 00000001800027a8 f i RemoteOrderDisplay.obj
 0001:000017b4       ?QueryInterface@?$CComObject@VCOPOSRemoteOrderDisplay@@@ATL@@WMI@EAAJAEBU_GUID@@PEAPEAX@Z 00000001800027b4 f i RemoteOrderDisplay.obj
 0001:000017c0       ?AddRef@?$CComObject@VCOPOSRemoteOrderDisplay@@@ATL@@WMI@EAAKXZ 00000001800027c0 f i RemoteOrderDisplay.obj
 0001:000017cc       ?Release@?$CComObject@VCOPOSRemoteOrderDisplay@@@ATL@@WMI@EAAKXZ 00000001800027cc f i RemoteOrderDisplay.obj
 0001:000017d8       ?QueryInterface@?$CComObject@VCOPOSRemoteOrderDisplay@@@ATL@@WNA@EAAJAEBU_GUID@@PEAPEAX@Z 00000001800027d8 f i RemoteOrderDisplay.obj
 0001:000017e4       ?AddRef@?$CComObject@VCOPOSRemoteOrderDisplay@@@ATL@@WNA@EAAKXZ 00000001800027e4 f i RemoteOrderDisplay.obj
 0001:000017f0       ?Release@?$CComObject@VCOPOSRemoteOrderDisplay@@@ATL@@WNA@EAAKXZ 00000001800027f0 f i RemoteOrderDisplay.obj
 0001:000017fc       ?QueryInterface@?$CComObject@VCOPOSRemoteOrderDisplay@@@ATL@@WNI@EAAJAEBU_GUID@@PEAPEAX@Z 00000001800027fc f i RemoteOrderDisplay.obj
 0001:00001808       ?AddRef@?$CComObject@VCOPOSRemoteOrderDisplay@@@ATL@@WNI@EAAKXZ 0000000180002808 f i RemoteOrderDisplay.obj
 0001:00001814       ?Release@?$CComObject@VCOPOSRemoteOrderDisplay@@@ATL@@WNI@EAAKXZ 0000000180002814 f i RemoteOrderDisplay.obj
 0001:00001820       ?QueryInterface@?$CComObject@VCOPOSRemoteOrderDisplay@@@ATL@@WOA@EAAJAEBU_GUID@@PEAPEAX@Z 0000000180002820 f i RemoteOrderDisplay.obj
 0001:0000182c       ?AddRef@?$CComObject@VCOPOSRemoteOrderDisplay@@@ATL@@WOA@EAAKXZ 000000018000282c f i RemoteOrderDisplay.obj
 0001:00001838       ?Release@?$CComObject@VCOPOSRemoteOrderDisplay@@@ATL@@WOA@EAAKXZ 0000000180002838 f i RemoteOrderDisplay.obj
 0001:00001844       ?QueryInterface@?$CComObject@VCOPOSRemoteOrderDisplay@@@ATL@@WOI@EAAJAEBU_GUID@@PEAPEAX@Z 0000000180002844 f i RemoteOrderDisplay.obj
 0001:00001850       ?AddRef@?$CComObject@VCOPOSRemoteOrderDisplay@@@ATL@@WOI@EAAKXZ 0000000180002850 f i RemoteOrderDisplay.obj
 0001:0000185c       ?Release@?$CComObject@VCOPOSRemoteOrderDisplay@@@ATL@@WOI@EAAKXZ 000000018000285c f i RemoteOrderDisplay.obj
 0001:00001868       ?QueryInterface@?$CComObject@VCOPOSRemoteOrderDisplay@@@ATL@@WPA@EAAJAEBU_GUID@@PEAPEAX@Z 0000000180002868 f i RemoteOrderDisplay.obj
 0001:00001874       ?AddRef@?$CComObject@VCOPOSRemoteOrderDisplay@@@ATL@@WPA@EAAKXZ 0000000180002874 f i RemoteOrderDisplay.obj
 0001:00001880       ?Release@?$CComObject@VCOPOSRemoteOrderDisplay@@@ATL@@WPA@EAAKXZ 0000000180002880 f i RemoteOrderDisplay.obj
 0001:0000188c       ?QueryInterface@?$CComObject@VCOPOSRemoteOrderDisplay@@@ATL@@WPI@EAAJAEBU_GUID@@PEAPEAX@Z 000000018000288c f i RemoteOrderDisplay.obj
 0001:00001898       ?AddRef@?$CComObject@VCOPOSRemoteOrderDisplay@@@ATL@@WPI@EAAKXZ 0000000180002898 f i RemoteOrderDisplay.obj
 0001:000018a4       ?Release@?$CComObject@VCOPOSRemoteOrderDisplay@@@ATL@@WPI@EAAKXZ 00000001800028a4 f i RemoteOrderDisplay.obj
 0001:000018b0       ?QueryInterface@?$CComObject@VCOPOSRemoteOrderDisplay@@@ATL@@WBAA@EAAJAEBU_GUID@@PEAPEAX@Z 00000001800028b0 f i RemoteOrderDisplay.obj
 0001:000018bc       ?AddRef@?$CComObject@VCOPOSRemoteOrderDisplay@@@ATL@@WBAA@EAAKXZ 00000001800028bc f i RemoteOrderDisplay.obj
 0001:000018c8       ?Release@?$CComObject@VCOPOSRemoteOrderDisplay@@@ATL@@WBAA@EAAKXZ 00000001800028c8 f i RemoteOrderDisplay.obj
 0001:000018d4       ?QueryInterface@?$CComObject@VCOPOSRemoteOrderDisplay@@@ATL@@WBAI@EAAJAEBU_GUID@@PEAPEAX@Z 00000001800028d4 f i RemoteOrderDisplay.obj
 0001:000018e0       ?AddRef@?$CComObject@VCOPOSRemoteOrderDisplay@@@ATL@@WBAI@EAAKXZ 00000001800028e0 f i RemoteOrderDisplay.obj
 0001:000018ec       ?Release@?$CComObject@VCOPOSRemoteOrderDisplay@@@ATL@@WBAI@EAAKXZ 00000001800028ec f i RemoteOrderDisplay.obj
 0001:000018f8       ?QueryInterface@?$CComObject@VCOPOSRemoteOrderDisplay@@@ATL@@WBBA@EAAJAEBU_GUID@@PEAPEAX@Z 00000001800028f8 f i RemoteOrderDisplay.obj
 0001:00001904       ?AddRef@?$CComObject@VCOPOSRemoteOrderDisplay@@@ATL@@WBBA@EAAKXZ 0000000180002904 f i RemoteOrderDisplay.obj
 0001:00001910       ?Release@?$CComObject@VCOPOSRemoteOrderDisplay@@@ATL@@WBBA@EAAKXZ 0000000180002910 f i RemoteOrderDisplay.obj
 0001:0000191c       ?QueryInterface@?$CComObject@VCOPOSRemoteOrderDisplay@@@ATL@@WBBI@EAAJAEBU_GUID@@PEAPEAX@Z 000000018000291c f i RemoteOrderDisplay.obj
 0001:00001928       ?AddRef@?$CComObject@VCOPOSRemoteOrderDisplay@@@ATL@@WBBI@EAAKXZ 0000000180002928 f i RemoteOrderDisplay.obj
 0001:00001934       ?Release@?$CComObject@VCOPOSRemoteOrderDisplay@@@ATL@@WBBI@EAAKXZ 0000000180002934 f i RemoteOrderDisplay.obj
 0001:00001940       ?AddRef@?$CComObject@VCOPOSRemoteOrderDisplay@@@ATL@@WBCI@EAAKXZ 0000000180002940 f i RemoteOrderDisplay.obj
 0001:0000194c       ?Release@?$CComObject@VCOPOSRemoteOrderDisplay@@@ATL@@WBCI@EAAKXZ 000000018000294c f i RemoteOrderDisplay.obj
 0001:00001958       ?AddRef@?$CComObject@VCOPOSRemoteOrderDisplay@@@ATL@@WBEA@EAAKXZ 0000000180002958 f i RemoteOrderDisplay.obj
 0001:00001964       ?Release@?$CComObject@VCOPOSRemoteOrderDisplay@@@ATL@@WBEA@EAAKXZ 0000000180002964 f i RemoteOrderDisplay.obj
 0001:00001970       ??_E?$CComContainedObject@VCOPOSRemoteOrderDisplay@@@ATL@@W7EAAPEAXI@Z 0000000180002970 f i RemoteOrderDisplay.obj
 0001:0000197c       ??_E?$CComContainedObject@VCOPOSRemoteOrderDisplay@@@ATL@@WHA@EAAPEAXI@Z 000000018000297c f i RemoteOrderDisplay.obj
 0001:00001988       ?QueryInterface@?$CComContainedObject@VCOPOSRemoteOrderDisplay@@@ATL@@WLI@EAAJAEBU_GUID@@PEAPEAX@Z 0000000180002988 f i RemoteOrderDisplay.obj
 0001:00001994       ?AddRef@?$CComContainedObject@VCOPOSRemoteOrderDisplay@@@ATL@@WLI@EAAKXZ 0000000180002994 f i RemoteOrderDisplay.obj
 0001:000019a0       ?Release@?$CComContainedObject@VCOPOSRemoteOrderDisplay@@@ATL@@WLI@EAAKXZ 00000001800029a0 f i RemoteOrderDisplay.obj
 0001:000019ac       ?QueryInterface@?$CComContainedObject@VCOPOSRemoteOrderDisplay@@@ATL@@WMA@EAAJAEBU_GUID@@PEAPEAX@Z 00000001800029ac f i RemoteOrderDisplay.obj
 0001:000019b8       ?AddRef@?$CComContainedObject@VCOPOSRemoteOrderDisplay@@@ATL@@WMA@EAAKXZ 00000001800029b8 f i RemoteOrderDisplay.obj
 0001:000019c4       ?Release@?$CComContainedObject@VCOPOSRemoteOrderDisplay@@@ATL@@WMA@EAAKXZ 00000001800029c4 f i RemoteOrderDisplay.obj
 0001:000019d0       ?QueryInterface@?$CComContainedObject@VCOPOSRemoteOrderDisplay@@@ATL@@WMI@EAAJAEBU_GUID@@PEAPEAX@Z 00000001800029d0 f i RemoteOrderDisplay.obj
 0001:000019dc       ?AddRef@?$CComContainedObject@VCOPOSRemoteOrderDisplay@@@ATL@@WMI@EAAKXZ 00000001800029dc f i RemoteOrderDisplay.obj
 0001:000019e8       ?Release@?$CComContainedObject@VCOPOSRemoteOrderDisplay@@@ATL@@WMI@EAAKXZ 00000001800029e8 f i RemoteOrderDisplay.obj
 0001:000019f4       ?QueryInterface@?$CComContainedObject@VCOPOSRemoteOrderDisplay@@@ATL@@WNA@EAAJAEBU_GUID@@PEAPEAX@Z 00000001800029f4 f i RemoteOrderDisplay.obj
 0001:00001a00       ?AddRef@?$CComContainedObject@VCOPOSRemoteOrderDisplay@@@ATL@@WNA@EAAKXZ 0000000180002a00 f i RemoteOrderDisplay.obj
 0001:00001a0c       ?Release@?$CComContainedObject@VCOPOSRemoteOrderDisplay@@@ATL@@WNA@EAAKXZ 0000000180002a0c f i RemoteOrderDisplay.obj
 0001:00001a18       ?QueryInterface@?$CComContainedObject@VCOPOSRemoteOrderDisplay@@@ATL@@WNI@EAAJAEBU_GUID@@PEAPEAX@Z 0000000180002a18 f i RemoteOrderDisplay.obj
 0001:00001a24       ?AddRef@?$CComContainedObject@VCOPOSRemoteOrderDisplay@@@ATL@@WNI@EAAKXZ 0000000180002a24 f i RemoteOrderDisplay.obj
 0001:00001a30       ?Release@?$CComContainedObject@VCOPOSRemoteOrderDisplay@@@ATL@@WNI@EAAKXZ 0000000180002a30 f i RemoteOrderDisplay.obj
 0001:00001a3c       ?QueryInterface@?$CComContainedObject@VCOPOSRemoteOrderDisplay@@@ATL@@WOA@EAAJAEBU_GUID@@PEAPEAX@Z 0000000180002a3c f i RemoteOrderDisplay.obj
 0001:00001a48       ?AddRef@?$CComContainedObject@VCOPOSRemoteOrderDisplay@@@ATL@@WOA@EAAKXZ 0000000180002a48 f i RemoteOrderDisplay.obj
 0001:00001a54       ?Release@?$CComContainedObject@VCOPOSRemoteOrderDisplay@@@ATL@@WOA@EAAKXZ 0000000180002a54 f i RemoteOrderDisplay.obj
 0001:00001a60       ?QueryInterface@?$CComContainedObject@VCOPOSRemoteOrderDisplay@@@ATL@@WOI@EAAJAEBU_GUID@@PEAPEAX@Z 0000000180002a60 f i RemoteOrderDisplay.obj
 0001:00001a6c       ?AddRef@?$CComContainedObject@VCOPOSRemoteOrderDisplay@@@ATL@@WOI@EAAKXZ 0000000180002a6c f i RemoteOrderDisplay.obj
 0001:00001a78       ?Release@?$CComContainedObject@VCOPOSRemoteOrderDisplay@@@ATL@@WOI@EAAKXZ 0000000180002a78 f i RemoteOrderDisplay.obj
 0001:00001a84       ?QueryInterface@?$CComContainedObject@VCOPOSRemoteOrderDisplay@@@ATL@@WPA@EAAJAEBU_GUID@@PEAPEAX@Z 0000000180002a84 f i RemoteOrderDisplay.obj
 0001:00001a90       ?AddRef@?$CComContainedObject@VCOPOSRemoteOrderDisplay@@@ATL@@WPA@EAAKXZ 0000000180002a90 f i RemoteOrderDisplay.obj
 0001:00001a9c       ?Release@?$CComContainedObject@VCOPOSRemoteOrderDisplay@@@ATL@@WPA@EAAKXZ 0000000180002a9c f i RemoteOrderDisplay.obj
 0001:00001aa8       ?QueryInterface@?$CComContainedObject@VCOPOSRemoteOrderDisplay@@@ATL@@WPI@EAAJAEBU_GUID@@PEAPEAX@Z 0000000180002aa8 f i RemoteOrderDisplay.obj
 0001:00001ab4       ?AddRef@?$CComContainedObject@VCOPOSRemoteOrderDisplay@@@ATL@@WPI@EAAKXZ 0000000180002ab4 f i RemoteOrderDisplay.obj
 0001:00001ac0       ?Release@?$CComContainedObject@VCOPOSRemoteOrderDisplay@@@ATL@@WPI@EAAKXZ 0000000180002ac0 f i RemoteOrderDisplay.obj
 0001:00001acc       ?QueryInterface@?$CComContainedObject@VCOPOSRemoteOrderDisplay@@@ATL@@WBAA@EAAJAEBU_GUID@@PEAPEAX@Z 0000000180002acc f i RemoteOrderDisplay.obj
 0001:00001ad8       ?AddRef@?$CComContainedObject@VCOPOSRemoteOrderDisplay@@@ATL@@WBAA@EAAKXZ 0000000180002ad8 f i RemoteOrderDisplay.obj
 0001:00001ae4       ?Release@?$CComContainedObject@VCOPOSRemoteOrderDisplay@@@ATL@@WBAA@EAAKXZ 0000000180002ae4 f i RemoteOrderDisplay.obj
 0001:00001af0       ?QueryInterface@?$CComContainedObject@VCOPOSRemoteOrderDisplay@@@ATL@@WBAI@EAAJAEBU_GUID@@PEAPEAX@Z 0000000180002af0 f i RemoteOrderDisplay.obj
 0001:00001afc       ?AddRef@?$CComContainedObject@VCOPOSRemoteOrderDisplay@@@ATL@@WBAI@EAAKXZ 0000000180002afc f i RemoteOrderDisplay.obj
 0001:00001b08       ?Release@?$CComContainedObject@VCOPOSRemoteOrderDisplay@@@ATL@@WBAI@EAAKXZ 0000000180002b08 f i RemoteOrderDisplay.obj
 0001:00001b14       ?QueryInterface@?$CComContainedObject@VCOPOSRemoteOrderDisplay@@@ATL@@WBBA@EAAJAEBU_GUID@@PEAPEAX@Z 0000000180002b14 f i RemoteOrderDisplay.obj
 0001:00001b20       ?AddRef@?$CComContainedObject@VCOPOSRemoteOrderDisplay@@@ATL@@WBBA@EAAKXZ 0000000180002b20 f i RemoteOrderDisplay.obj
 0001:00001b2c       ?Release@?$CComContainedObject@VCOPOSRemoteOrderDisplay@@@ATL@@WBBA@EAAKXZ 0000000180002b2c f i RemoteOrderDisplay.obj
 0001:00001b38       ?QueryInterface@?$CComContainedObject@VCOPOSRemoteOrderDisplay@@@ATL@@WBBI@EAAJAEBU_GUID@@PEAPEAX@Z 0000000180002b38 f i RemoteOrderDisplay.obj
 0001:00001b44       ?AddRef@?$CComContainedObject@VCOPOSRemoteOrderDisplay@@@ATL@@WBBI@EAAKXZ 0000000180002b44 f i RemoteOrderDisplay.obj
 0001:00001b50       ?Release@?$CComContainedObject@VCOPOSRemoteOrderDisplay@@@ATL@@WBBI@EAAKXZ 0000000180002b50 f i RemoteOrderDisplay.obj
 0001:00001b5c       ?AddRef@?$CComContainedObject@VCOPOSRemoteOrderDisplay@@@ATL@@WBCI@EAAKXZ 0000000180002b5c f i RemoteOrderDisplay.obj
 0001:00001b68       ?Release@?$CComContainedObject@VCOPOSRemoteOrderDisplay@@@ATL@@WBCI@EAAKXZ 0000000180002b68 f i RemoteOrderDisplay.obj
 0001:00001b74       ?AddRef@?$CComContainedObject@VCOPOSRemoteOrderDisplay@@@ATL@@WBEA@EAAKXZ 0000000180002b74 f i RemoteOrderDisplay.obj
 0001:00001b80       ?Release@?$CComContainedObject@VCOPOSRemoteOrderDisplay@@@ATL@@WBEA@EAAKXZ 0000000180002b80 f i RemoteOrderDisplay.obj
 0001:00001b8c       ?GetWindowProc@?$CWindowImplBaseT@VCWindow@ATL@@V?$CWinTraits@$0FGAAAAAA@$0A@@2@@ATL@@UEAAP6A_JPEAUHWND__@@I_K_J@ZXZ 0000000180002b8c f i RemoteOrderDisplay.obj
 0001:00001b94       ?StartWindowProc@?$CWindowImplBaseT@VCWindow@ATL@@V?$CWinTraits@$0FGAAAAAA@$0A@@2@@ATL@@SA_JPEAUHWND__@@I_K_J@Z 0000000180002b94 f i RemoteOrderDisplay.obj
 0001:00001c58       ?Lock@CAtlModule@ATL@@UEAAJXZ 0000000180002c58 f i RemoteOrderDisplay.obj
 0001:00001c68       ?Unlock@CAtlModule@ATL@@UEAAJXZ 0000000180002c68 f i RemoteOrderDisplay.obj
 0001:00001c74       ?GetLockCount@CAtlModule@ATL@@UEAAJXZ 0000000180002c74 f i RemoteOrderDisplay.obj
 0001:00001c78       ?GetGITPtr@CAtlModule@ATL@@UEAAJPEAPEAUIGlobalInterfaceTable@@@Z 0000000180002c78 f i RemoteOrderDisplay.obj
 0001:00001ce8       ?GetTypeInfoCount@?$IDispatchImpl@UIOPOSRemoteOrderDisplay@@$1?IID_IOPOSRemoteOrderDisplay@@3U_GUID@@B$1?LIBID_OposRemoteOrderDisplay_CCO@@3U3@B$00$0A@VCComTypeInfoHolder@ATL@@@ATL@@UEAAJPEAI@Z 0000000180002ce8 f i RemoteOrderDisplay.obj
 0001:00001cfc       ?GetTypeInfo@?$IDispatchImpl@UIOPOSRemoteOrderDisplay@@$1?IID_IOPOSRemoteOrderDisplay@@3U_GUID@@B$1?LIBID_OposRemoteOrderDisplay_CCO@@3U3@B$00$0A@VCComTypeInfoHolder@ATL@@@ATL@@UEAAJIKPEAPEAUITypeInfo@@@Z 0000000180002cfc f i RemoteOrderDisplay.obj
 0001:00001d60       ?GetIDsOfNames@?$IDispatchImpl@UIOPOSRemoteOrderDisplay@@$1?IID_IOPOSRemoteOrderDisplay@@3U_GUID@@B$1?LIBID_OposRemoteOrderDisplay_CCO@@3U3@B$00$0A@VCComTypeInfoHolder@ATL@@@ATL@@UEAAJAEBU_GUID@@PEAPEA_WIKPEAJ@Z 0000000180002d60 f i RemoteOrderDisplay.obj
 0001:00001d6c       ?Invoke@?$IDispatchImpl@UIOPOSRemoteOrderDisplay@@$1?IID_IOPOSRemoteOrderDisplay@@3U_GUID@@B$1?LIBID_OposRemoteOrderDisplay_CCO@@3U3@B$00$0A@VCComTypeInfoHolder@ATL@@@ATL@@UEAAJJAEBU_GUID@@KGPEAUtagDISPPARAMS@@PEAUtagVARIANT@@PEAUtagEXCEPINFO@@PEAI@Z 0000000180002d6c f i RemoteOrderDisplay.obj
 0001:00001dfc       ?CreateControlWindow@?$CComControl@VCOPOSRemoteOrderDisplay@@V?$CWindowImpl@VCOPOSRemoteOrderDisplay@@VCWindow@ATL@@V?$CWinTraits@$0FGAAAAAA@$0A@@3@@ATL@@@ATL@@UEAAPEAUHWND__@@PEAU3@AEAUtagRECT@@@Z 0000000180002dfc f i RemoteOrderDisplay.obj
 0001:00001e34       ?ControlQueryInterface@?$CComControl@VCOPOSRemoteOrderDisplay@@V?$CWindowImpl@VCOPOSRemoteOrderDisplay@@VCWindow@ATL@@V?$CWinTraits@$0FGAAAAAA@$0A@@3@@ATL@@@ATL@@UEAAJAEBU_GUID@@PEAPEAX@Z 0000000180002e34 f i RemoteOrderDisplay.obj
 0001:00001e48       ?AddCommonRGSReplacements@?$CAtlModuleT@VCComModule@ATL@@@ATL@@UEAAJPEAUIRegistrarBase@@@Z 0000000180002e48 f i RemoteOrderDisplay.obj
 0001:00001e60       ?GetClassID@?$IPersistStreamInitImpl@VCOPOSRemoteOrderDisplay@@@ATL@@UEAAJPEAU_GUID@@@Z 0000000180002e60 f i RemoteOrderDisplay.obj
 0001:00001e60       ?GetClassID@?$IPersistStorageImpl@VCOPOSRemoteOrderDisplay@@@ATL@@UEAAJPEAU_GUID@@@Z 0000000180002e60 f i RemoteOrderDisplay.obj
 0001:00001e60       ?GetUserClassID@?$IOleObjectImpl@VCOPOSRemoteOrderDisplay@@@ATL@@UEAAJPEAU_GUID@@@Z 0000000180002e60 f i RemoteOrderDisplay.obj
 0001:00001e7c       ?IsDirty@?$IPersistStreamInitImpl@VCOPOSRemoteOrderDisplay@@@ATL@@UEAAJXZ 0000000180002e7c f i RemoteOrderDisplay.obj
 0001:00001e98       ?Load@?$IPersistStreamInitImpl@VCOPOSRemoteOrderDisplay@@@ATL@@UEAAJPEAUIStream@@@Z 0000000180002e98 f i RemoteOrderDisplay.obj
 0001:00001ee8       ?Save@?$IPersistStreamInitImpl@VCOPOSRemoteOrderDisplay@@@ATL@@UEAAJPEAUIStream@@H@Z 0000000180002ee8 f i RemoteOrderDisplay.obj
 0001:00001f4c       ?GetSizeMax@?$IPersistStreamInitImpl@VCOPOSRemoteOrderDisplay@@@ATL@@UEAAJPEAT_ULARGE_INTEGER@@@Z 0000000180002f4c f i RemoteOrderDisplay.obj
 0001:00002178       ?InitNew@?$IPersistStreamInitImpl@VCOPOSRemoteOrderDisplay@@@ATL@@UEAAJXZ 0000000180003178 f i RemoteOrderDisplay.obj
 0001:00002190       ?SetClientSite@?$IOleObjectImpl@VCOPOSRemoteOrderDisplay@@@ATL@@UEAAJPEAUIOleClientSite@@@Z 0000000180003190 f i RemoteOrderDisplay.obj
 0001:000021ac       ?GetClientSite@?$IOleObjectImpl@VCOPOSRemoteOrderDisplay@@@ATL@@UEAAJPEAPEAUIOleClientSite@@@Z 00000001800031ac f i RemoteOrderDisplay.obj
 0001:000021f4       ?Close@?$IOleObjectImpl@VCOPOSRemoteOrderDisplay@@@ATL@@UEAAJK@Z 00000001800031f4 f i RemoteOrderDisplay.obj
 0001:00002210       ?UpdateRegistryFromResourceD@CComModule@ATL@@UEAAJIHPEAU_ATL_REGMAP_ENTRY@2@@Z 0000000180003210 f i RemoteOrderDisplay.obj
 0001:00002210       ?UpdateRegistryFromResourceD@CComModule@ATL@@UEAAJPEB_WHPEAU_ATL_REGMAP_ENTRY@2@@Z 0000000180003210 f i RemoteOrderDisplay.obj
 0001:00002218       ?UpdateRegistryFromResource@CComModule@ATL@@UEAAJPEB_WHPEAU_ATL_REGMAP_ENTRY@2@@Z 0000000180003218 f i RemoteOrderDisplay.obj
 0001:00002220       ?UpdateRegistryFromResource@CComModule@ATL@@UEAAJIHPEAU_ATL_REGMAP_ENTRY@2@@Z 0000000180003220 f i RemoteOrderDisplay.obj
 0001:00002228       ?DoVerb@?$IOleObjectImpl@VCOPOSRemoteOrderDisplay@@@ATL@@UEAAJJPEAUtagMSG@@PEAUIOleClientSite@@JPEAUHWND__@@PEBUtagRECT@@@Z 0000000180003228 f i RemoteOrderDisplay.obj
 0001:000023cc       ?EnumVerbs@?$IOleObjectImpl@VCOPOSRemoteOrderDisplay@@@ATL@@UEAAJPEAPEAUIEnumOLEVERB@@@Z 00000001800033cc f i RemoteOrderDisplay.obj
 0001:000023e8       ?GetUserType@?$IOleObjectImpl@VCOPOSRemoteOrderDisplay@@@ATL@@UEAAJKPEAPEA_W@Z 00000001800033e8 f i RemoteOrderDisplay.obj
 0001:000023f8       ?SetExtent@?$IOleObjectImpl@VCOPOSRemoteOrderDisplay@@@ATL@@UEAAJKPEAUtagSIZE@@@Z 00000001800033f8 f i RemoteOrderDisplay.obj
 0001:00002414       ?GetExtent@?$IOleObjectImpl@VCOPOSRemoteOrderDisplay@@@ATL@@UEAAJKPEAUtagSIZE@@@Z 0000000180003414 f i RemoteOrderDisplay.obj
 0001:00002444       ?Advise@?$IOleObjectImpl@VCOPOSRemoteOrderDisplay@@@ATL@@UEAAJPEAUIAdviseSink@@PEAK@Z 0000000180003444 f i RemoteOrderDisplay.obj
 0001:000024a0       ?Unadvise@?$IOleObjectImpl@VCOPOSRemoteOrderDisplay@@@ATL@@UEAAJK@Z 00000001800034a0 f i RemoteOrderDisplay.obj
 0001:000024d8       ?EnumAdvise@?$IOleObjectImpl@VCOPOSRemoteOrderDisplay@@@ATL@@UEAAJPEAPEAUIEnumSTATDATA@@@Z 00000001800034d8 f i RemoteOrderDisplay.obj
 0001:00002520       ?GetMiscStatus@?$IOleObjectImpl@VCOPOSRemoteOrderDisplay@@@ATL@@UEAAJKPEAK@Z 0000000180003520 f i RemoteOrderDisplay.obj
 0001:00002530       ?GetWindow@?$IOleInPlaceActiveObjectImpl@VCOPOSRemoteOrderDisplay@@@ATL@@UEAAJPEAPEAUHWND__@@@Z 0000000180003530 f i RemoteOrderDisplay.obj
 0001:00002584       ?TranslateAcceleratorW@?$IOleInPlaceActiveObjectImpl@VCOPOSRemoteOrderDisplay@@@ATL@@UEAAJPEAUtagMSG@@@Z 0000000180003584 f i RemoteOrderDisplay.obj
 0001:00002678       ?OnDocWindowActivate@?$IOleInPlaceActiveObjectImpl@VCOPOSRemoteOrderDisplay@@@ATL@@UEAAJH@Z 0000000180003678 f i RemoteOrderDisplay.obj
 0001:000026a4       ??_ECComModule@ATL@@UEAAPEAXI@Z 00000001800036a4 f i RemoteOrderDisplay.obj
 0001:000026a4       ??_GCComModule@ATL@@UEAAPEAXI@Z 00000001800036a4 f i RemoteOrderDisplay.obj
 0001:00002724       ?Draw@?$IViewObjectExImpl@VCOPOSRemoteOrderDisplay@@@ATL@@UEAAJKJPEAXPEAUtagDVTARGETDEVICE@@PEAUHDC__@@2PEBU_RECTL@@3P6AH_K@Z4@Z 0000000180003724 f i RemoteOrderDisplay.obj
 0001:00002788       ?SetAdvise@?$IViewObjectExImpl@VCOPOSRemoteOrderDisplay@@@ATL@@UEAAJKKPEAUIAdviseSink@@@Z 0000000180003788 f i RemoteOrderDisplay.obj
 0001:000027dc       ?GetAdvise@?$IViewObjectExImpl@VCOPOSRemoteOrderDisplay@@@ATL@@UEAAJPEAK0PEAPEAUIAdviseSink@@@Z 00000001800037dc f i RemoteOrderDisplay.obj
 0001:00002818       ?GetExtent@?$IViewObjectExImpl@VCOPOSRemoteOrderDisplay@@@ATL@@UEAAJKJPEAUtagDVTARGETDEVICE@@PEAUtagSIZE@@@Z 0000000180003818 f i RemoteOrderDisplay.obj
 0001:00002848       ?GetViewStatus@?$IViewObjectExImpl@VCOPOSRemoteOrderDisplay@@@ATL@@UEAAJPEAK@Z 0000000180003848 f i RemoteOrderDisplay.obj
 0001:0000285c       ?QueryHitPoint@?$IViewObjectExImpl@VCOPOSRemoteOrderDisplay@@@ATL@@UEAAJKPEBUtagRECT@@UtagPOINT@@JPEAK@Z 000000018000385c f i RemoteOrderDisplay.obj
 0001:000028a0       ?QueryHitRect@?$IViewObjectExImpl@VCOPOSRemoteOrderDisplay@@@ATL@@UEAAJKPEBUtagRECT@@0JPEAK@Z 00000001800038a0 f i RemoteOrderDisplay.obj
 0001:00002908       ?GetNaturalExtent@?$IViewObjectExImpl@VCOPOSRemoteOrderDisplay@@@ATL@@UEAAJKJPEAUtagDVTARGETDEVICE@@PEAUHDC__@@PEAUtagExtentInfo@@PEAUtagSIZE@@@Z 0000000180003908 f i RemoteOrderDisplay.obj
 0001:00002950       ?GetWindow@?$IOleInPlaceObjectWindowlessImpl@VCOPOSRemoteOrderDisplay@@@ATL@@UEAAJPEAPEAUHWND__@@@Z 0000000180003950 f i RemoteOrderDisplay.obj
 0001:000029a4       ?InPlaceDeactivate@?$IOleInPlaceObjectWindowlessImpl@VCOPOSRemoteOrderDisplay@@@ATL@@UEAAJXZ 00000001800039a4 f i RemoteOrderDisplay.obj
 0001:000029c0       ?UIDeactivate@?$IOleInPlaceObjectWindowlessImpl@VCOPOSRemoteOrderDisplay@@@ATL@@UEAAJXZ 00000001800039c0 f i RemoteOrderDisplay.obj
 0001:000029dc       ?SetObjectRects@?$IOleInPlaceObjectWindowlessImpl@VCOPOSRemoteOrderDisplay@@@ATL@@UEAAJPEBUtagRECT@@0@Z 00000001800039dc f i RemoteOrderDisplay.obj
 0001:000029f8       ?OnWindowMessage@?$IOleInPlaceObjectWindowlessImpl@VCOPOSRemoteOrderDisplay@@@ATL@@UEAAJI_K_JPEA_J@Z 00000001800039f8 f i RemoteOrderDisplay.obj
 0001:00002ac0       ?EnumConnectionPoints@?$IConnectionPointContainerImpl@VCOPOSRemoteOrderDisplay@@@ATL@@UEAAJPEAPEAUIEnumConnectionPoints@@@Z 0000000180003ac0 f i RemoteOrderDisplay.obj
 0001:00002d08       ?FindConnectionPoint@?$IConnectionPointContainerImpl@VCOPOSRemoteOrderDisplay@@@ATL@@UEAAJAEBU_GUID@@PEAPEAUIConnectionPoint@@@Z 0000000180003d08 f i RemoteOrderDisplay.obj
 0001:00002dd8       ?IsDirty@?$IPersistStorageImpl@VCOPOSRemoteOrderDisplay@@@ATL@@UEAAJXZ 0000000180003dd8 f i RemoteOrderDisplay.obj
 0001:00002e1c       ?InitNew@?$IPersistStorageImpl@VCOPOSRemoteOrderDisplay@@@ATL@@UEAAJPEAUIStorage@@@Z 0000000180003e1c f i RemoteOrderDisplay.obj
 0001:00002e60       ?Load@?$IPersistStorageImpl@VCOPOSRemoteOrderDisplay@@@ATL@@UEAAJPEAUIStorage@@@Z 0000000180003e60 f i RemoteOrderDisplay.obj
 0001:00002f00       ?Save@?$IPersistStorageImpl@VCOPOSRemoteOrderDisplay@@@ATL@@UEAAJPEAUIStorage@@H@Z 0000000180003f00 f i RemoteOrderDisplay.obj
 0001:00002fb0       ?GetPages@?$ISpecifyPropertyPagesImpl@VCOPOSRemoteOrderDisplay@@@ATL@@UEAAJPEAUtagCAUUID@@@Z 0000000180003fb0 f i RemoteOrderDisplay.obj
 0001:00002fbc       ?QuickActivate@?$IQuickActivateImpl@VCOPOSRemoteOrderDisplay@@@ATL@@UEAAJPEAUtagQACONTAINER@@PEAUtagQACONTROL@@@Z 0000000180003fbc f i RemoteOrderDisplay.obj
 0001:00002fd8       ?SetContentExtent@?$IQuickActivateImpl@VCOPOSRemoteOrderDisplay@@@ATL@@UEAAJPEAUtagSIZE@@@Z 0000000180003fd8 f i RemoteOrderDisplay.obj
 0001:0000300c       ?GetContentExtent@?$IQuickActivateImpl@VCOPOSRemoteOrderDisplay@@@ATL@@UEAAJPEAUtagSIZE@@@Z 000000018000400c f i RemoteOrderDisplay.obj
 0001:00003044       ?GetData@?$IDataObjectImpl@VCOPOSRemoteOrderDisplay@@@ATL@@UEAAJPEAUtagFORMATETC@@PEAUtagSTGMEDIUM@@@Z 0000000180004044 f i RemoteOrderDisplay.obj
 0001:00003060       ?DAdvise@?$IDataObjectImpl@VCOPOSRemoteOrderDisplay@@@ATL@@UEAAJPEAUtagFORMATETC@@KPEAUIAdviseSink@@PEAK@Z 0000000180004060 f i RemoteOrderDisplay.obj
 0001:000030e8       ?DUnadvise@?$IDataObjectImpl@VCOPOSRemoteOrderDisplay@@@ATL@@UEAAJK@Z 00000001800040e8 f i RemoteOrderDisplay.obj
 0001:00003114       ?EnumDAdvise@?$IDataObjectImpl@VCOPOSRemoteOrderDisplay@@@ATL@@UEAAJPEAPEAUIEnumSTATDATA@@@Z 0000000180004114 f i RemoteOrderDisplay.obj
 0001:00003150       ?GetClassInfoW@?$IProvideClassInfo2Impl@$1?CLSID_OPOSRemoteOrderDisplay@@3U_GUID@@B$1?DIID__IOPOSRemoteOrderDisplayEvents@@3U2@B$1?LIBID_OposRemoteOrderDisplay_CCO@@3U2@B$00$0A@VCComTypeInfoHolder@ATL@@@ATL@@UEAAJPEAPEAUITypeInfo@@@Z 0000000180004150 f i RemoteOrderDisplay.obj
 0001:000031a8       ?GetGUID@?$IProvideClassInfo2Impl@$1?CLSID_OPOSRemoteOrderDisplay@@3U_GUID@@B$1?DIID__IOPOSRemoteOrderDisplayEvents@@3U2@B$1?LIBID_OposRemoteOrderDisplay_CCO@@3U2@B$00$0A@VCComTypeInfoHolder@ATL@@@ATL@@UEAAJKPEAU_GUID@@@Z 00000001800041a8 f i RemoteOrderDisplay.obj
 0001:000031dc       ?GetInterfaceSafetyOptions@?$IObjectSafetyImpl@VCOPOSRemoteOrderDisplay@@$02@ATL@@UEAAJAEBU_GUID@@PEAK1@Z 00000001800041dc f i RemoteOrderDisplay.obj
 0001:00003270       ?SetInterfaceSafetyOptions@?$IObjectSafetyImpl@VCOPOSRemoteOrderDisplay@@$02@ATL@@UEAAJAEBU_GUID@@KK@Z 0000000180004270 f i RemoteOrderDisplay.obj
 0001:00003314       ?_LocCPQueryInterface@?$IConnectionPointImpl@VCOPOSRemoteOrderDisplay@@$1?IID_IPropertyNotifySink@@3U_GUID@@BVCComDynamicUnkArray@ATL@@@ATL@@UEAAJAEBU_GUID@@PEAPEAX@Z 0000000180004314 f i RemoteOrderDisplay.obj
 0001:00003314       ?_LocCPQueryInterface@?$IConnectionPointImpl@VCOPOSRemoteOrderDisplay@@$1?DIID__IOPOSRemoteOrderDisplayEvents@@3U_GUID@@BVCComDynamicUnkArray@ATL@@@ATL@@UEAAJAEBU_GUID@@PEAPEAX@Z 0000000180004314 f i RemoteOrderDisplay.obj
 0001:00003388       ?GetConnectionInterface@?$IConnectionPointImpl@VCOPOSRemoteOrderDisplay@@$1?IID_IPropertyNotifySink@@3U_GUID@@BVCComDynamicUnkArray@ATL@@@ATL@@UEAAJPEAU_GUID@@@Z 0000000180004388 f i RemoteOrderDisplay.obj
 0001:000033a4       ?GetConnectionPointContainer@?$IConnectionPointImpl@VCOPOSRemoteOrderDisplay@@$1?IID_IPropertyNotifySink@@3U_GUID@@BVCComDynamicUnkArray@ATL@@@ATL@@UEAAJPEAPEAUIConnectionPointContainer@@@Z 00000001800043a4 f i RemoteOrderDisplay.obj
 0001:000033c4       ?Advise@?$IConnectionPointImpl@VCOPOSRemoteOrderDisplay@@$1?IID_IPropertyNotifySink@@3U_GUID@@BVCComDynamicUnkArray@ATL@@@ATL@@UEAAJPEAUIUnknown@@PEAK@Z 00000001800043c4 f i RemoteOrderDisplay.obj
 0001:000033c4       ?Advise@?$IConnectionPointImpl@VCOPOSRemoteOrderDisplay@@$1?DIID__IOPOSRemoteOrderDisplayEvents@@3U_GUID@@BVCComDynamicUnkArray@ATL@@@ATL@@UEAAJPEAUIUnknown@@PEAK@Z 00000001800043c4 f i RemoteOrderDisplay.obj
 0001:00003484       ?Unadvise@?$IConnectionPointImpl@VCOPOSRemoteOrderDisplay@@$1?IID_IPropertyNotifySink@@3U_GUID@@BVCComDynamicUnkArray@ATL@@@ATL@@UEAAJK@Z 0000000180004484 f i RemoteOrderDisplay.obj
 0001:00003484       ?Unadvise@?$IConnectionPointImpl@VCOPOSRemoteOrderDisplay@@$1?DIID__IOPOSRemoteOrderDisplayEvents@@3U_GUID@@BVCComDynamicUnkArray@ATL@@@ATL@@UEAAJK@Z 0000000180004484 f i RemoteOrderDisplay.obj
 0001:00003500       ?EnumConnections@?$IConnectionPointImpl@VCOPOSRemoteOrderDisplay@@$1?DIID__IOPOSRemoteOrderDisplayEvents@@3U_GUID@@BVCComDynamicUnkArray@ATL@@@ATL@@UEAAJPEAPEAUIEnumConnections@@@Z 0000000180004500 f i RemoteOrderDisplay.obj
 0001:00003500       ?EnumConnections@?$IConnectionPointImpl@VCOPOSRemoteOrderDisplay@@$1?IID_IPropertyNotifySink@@3U_GUID@@BVCComDynamicUnkArray@ATL@@@ATL@@UEAAJPEAPEAUIEnumConnections@@@Z 0000000180004500 f i RemoteOrderDisplay.obj
 0001:000036a8       ?GetConnectionInterface@?$IConnectionPointImpl@VCOPOSRemoteOrderDisplay@@$1?DIID__IOPOSRemoteOrderDisplayEvents@@3U_GUID@@BVCComDynamicUnkArray@ATL@@@ATL@@UEAAJPEAU_GUID@@@Z 00000001800046a8 f i RemoteOrderDisplay.obj
 0001:000036c4       ?GetConnectionPointContainer@?$IConnectionPointImpl@VCOPOSRemoteOrderDisplay@@$1?DIID__IOPOSRemoteOrderDisplayEvents@@3U_GUID@@BVCComDynamicUnkArray@ATL@@@ATL@@UEAAJPEAPEAUIConnectionPointContainer@@@Z 00000001800046c4 f i RemoteOrderDisplay.obj
 0001:000036e4       ?UpdateRegistry@COPOSRemoteOrderDisplay@@SAJH@Z 00000001800046e4 f i RemoteOrderDisplay.obj
 0001:000036fc       ??$AtlModuleRegisterWndClassInfoT@VAtlModuleRegisterWndClassInfoParamW@ATL@@@ATL@@YAGPEAU_ATL_BASE_MODULE70@0@PEAU_ATL_WIN_MODULE70@0@PEAU_ATL_WNDCLASSINFOW@0@PEAP6A_JPEAUHWND__@@I_K_J@ZVAtlModuleRegisterWndClassInfoParamW@0@@Z 00000001800046fc f i RemoteOrderDisplay.obj
 0001:000038fc       ??0?$CComContainedObject@VCOPOSRemoteOrderDisplay@@@ATL@@QEAA@PEAX@Z 00000001800048fc f i RemoteOrderDisplay.obj
 0001:00003a18       ??0?$CComObject@VCOPOSRemoteOrderDisplay@@@ATL@@QEAA@PEAX@Z 0000000180004a18 f i RemoteOrderDisplay.obj
 0001:00003b30       ??0CAtlModule@ATL@@QEAA@XZ 0000000180004b30 f i RemoteOrderDisplay.obj
 0001:00003bac       ??1?$CComEnumImpl@UIEnumConnectionPoints@@$1?_GUID_b196b285_bab4_101a_b69c_00aa00341d07@@3U__s_GUID@@BPEAUIConnectionPoint@@V?$_CopyInterface@UIConnectionPoint@@@ATL@@@ATL@@UEAA@XZ 0000000180004bac f i RemoteOrderDisplay.obj
 0001:00003c08       ??1?$CComEnumImpl@UIEnumConnections@@$1?_GUID_b196b287_bab4_101a_b69c_00aa00341d07@@3U__s_GUID@@BUtagCONNECTDATA@@V?$_Copy@UtagCONNECTDATA@@@ATL@@@ATL@@UEAA@XZ 0000000180004c08 f i RemoteOrderDisplay.obj
 0001:00003c64       ??1?$CComObject@VCOPOSRemoteOrderDisplay@@@ATL@@UEAA@XZ 0000000180004c64 f i RemoteOrderDisplay.obj
 0001:00003d84       ??_G?$CComContainedObject@VCOPOSRemoteOrderDisplay@@@ATL@@UEAAPEAXI@Z 0000000180004d84 f i RemoteOrderDisplay.obj
 0001:00003d84       ??_E?$CComContainedObject@VCOPOSRemoteOrderDisplay@@@ATL@@UEAAPEAXI@Z 0000000180004d84 f i RemoteOrderDisplay.obj
 0001:00003db8       ??_E?$CComObject@VCOPOSRemoteOrderDisplay@@@ATL@@UEAAPEAXI@Z 0000000180004db8 f i RemoteOrderDisplay.obj
 0001:00003db8       ??_G?$CComObject@VCOPOSRemoteOrderDisplay@@@ATL@@UEAAPEAXI@Z 0000000180004db8 f i RemoteOrderDisplay.obj
 0001:00003dec       ?Add@?$CSimpleArray@GV?$CSimpleArrayEqualHelper@G@ATL@@@ATL@@QEAAHAEBG@Z 0000000180004dec f i RemoteOrderDisplay.obj
 0001:00003ea0       ?Add@?$CSimpleMap@PEA_WPEA_WVCExpansionVectorEqualHelper@ATL@@@ATL@@QEAAHAEBQEA_W0@Z 0000000180004ea0 f i RemoteOrderDisplay.obj
 0001:00003f40       ?Add@CComDynamicUnkArray@ATL@@QEAAKPEAUIUnknown@@@Z 0000000180004f40 f i RemoteOrderDisplay.obj
 0001:00004038       ?Add@CExpansionVector@ATL@@QEAAHPEB_W0@Z 0000000180005038 f i RemoteOrderDisplay.obj
 0001:000041c8       ?AddValue@CRegParser@ATL@@IEAAJAEAVCRegKey@2@PEB_WPEA_W@Z 00000001800051c8 f i RemoteOrderDisplay.obj
 0001:00004610       ?AllocateHeap@?$CTempBuffer@E$0BAA@VCCRTAllocator@ATL@@@ATL@@AEAAX_K@Z 0000000180005610 f i RemoteOrderDisplay.obj
 0001:00004610       ?AllocateHeap@?$CTempBuffer@_W$0EAA@VCCRTAllocator@ATL@@@ATL@@AEAAX_K@Z 0000000180005610 f i RemoteOrderDisplay.obj
 0001:00004610       ?AllocateHeap@?$CTempBuffer@_W$0BAA@VCCRTAllocator@ATL@@@ATL@@AEAAX_K@Z 0000000180005610 f i RemoteOrderDisplay.obj
 0001:0000463c       ?Append@CParseBuffer@CRegParser@ATL@@QEAAHPEB_WH@Z 000000018000563c f i RemoteOrderDisplay.obj
 0001:00004754       ?AtlCallTermFunc@ATL@@YAXPEAU_ATL_MODULE70@1@@Z 0000000180005754 f i RemoteOrderDisplay.obj
 0001:000047b8       ?AtlComModuleGetClassObject@ATL@@YAJPEAU_ATL_COM_MODULE70@1@AEBU_GUID@@1PEAPEAX@Z 00000001800057b8 f i RemoteOrderDisplay.obj
 0001:000048f8       ?AtlComModuleRegisterServer@ATL@@YAJPEAU_ATL_COM_MODULE70@1@HPEBU_GUID@@@Z 00000001800058f8 f i RemoteOrderDisplay.obj
 0001:000049b8       ?AtlComModuleUnregisterServer@ATL@@YAJPEAU_ATL_COM_MODULE70@1@HPEBU_GUID@@@Z 00000001800059b8 f i RemoteOrderDisplay.obj
 0001:00004a74       ?AtlCreateTargetDC@ATL@@YAPEAUHDC__@@PEAU2@PEAUtagDVTARGETDEVICE@@@Z 0000000180005a74 f i RemoteOrderDisplay.obj
 0001:00004ae8       ?AtlHiMetricToPixel@ATL@@YAXPEBUtagSIZE@@PEAU2@@Z 0000000180005ae8 f i RemoteOrderDisplay.obj
 0001:00004b98       ?AtlHresultFromLastError@ATL@@YAJXZ 0000000180005b98 f i RemoteOrderDisplay.obj
 0001:00004bb8       ?AtlHresultFromWin32@ATL@@YAJK@Z 0000000180005bb8 f i RemoteOrderDisplay.obj
 0001:00004bc8       ?AtlIPersistStreamInit_Load@ATL@@YAJPEAUIStream@@PEBUATL_PROPMAP_ENTRY@1@PEAXPEAUIUnknown@@@Z 0000000180005bc8 f i RemoteOrderDisplay.obj
 0001:00004e00       ?AtlIPersistStreamInit_Save@ATL@@YAJPEAUIStream@@HPEBUATL_PROPMAP_ENTRY@1@PEAXPEAUIUnknown@@@Z 0000000180005e00 f i RemoteOrderDisplay.obj
 0001:0000503c       ?AtlInternalOleLoadFromStream@ATL@@YAJPEAUIStream@@AEBU_GUID@@PEAPEAXTClassesAllowedInStream@1@K@Z 000000018000603c f i RemoteOrderDisplay.obj
 0001:00005180       ?AtlInternalQueryInterface@ATL@@YAJPEAXPEBU_ATL_INTMAP_ENTRY@1@AEBU_GUID@@PEAPEAX@Z 0000000180006180 f i RemoteOrderDisplay.obj
 0001:00005288       ?AtlLoadTypeLib@ATL@@YAJPEAUHINSTANCE__@@PEB_WPEAPEA_WPEAPEAUITypeLib@@@Z 0000000180006288 f i RemoteOrderDisplay.obj
 0001:000054e4       ?AtlModuleAddTermFunc@ATL@@YAJPEAU_ATL_MODULE70@1@P6AX_K@Z1@Z 00000001800064e4 f i RemoteOrderDisplay.obj
 0001:00005578       ?AtlRegisterClassCategoriesHelper@ATL@@YAJAEBU_GUID@@PEBU_ATL_CATMAP_ENTRY@1@H@Z 0000000180006578 f i RemoteOrderDisplay.obj
 0001:000059dc       ?AtlRegisterTypeLib@ATL@@YAJPEAUHINSTANCE__@@PEB_W@Z 00000001800069dc f i RemoteOrderDisplay.obj
 0001:00005bd8       ?AtlThrowImpl@ATL@@YAXJ@Z  0000000180006bd8 f i RemoteOrderDisplay.obj
 0001:00005bfc       ?AtlUnRegisterTypeLib@ATL@@YAJPEAUHINSTANCE__@@PEB_W@Z 0000000180006bfc f i RemoteOrderDisplay.obj
 0001:00005cc4       ?AtlWinModuleExtractCreateWndData@ATL@@YAPEAXPEAU_ATL_WIN_MODULE70@1@@Z 0000000180006cc4 f i RemoteOrderDisplay.obj
 0001:00005d50       ?Cleanup@CComTypeInfoHolder@ATL@@SAX_K@Z 0000000180006d50 f i RemoteOrderDisplay.obj
 0001:00005d90       ?ClearReplacements@CExpansionVector@ATL@@QEAAJXZ 0000000180006d90 f i RemoteOrderDisplay.obj
 0001:00005e2c       ?Create@?$CWindowImpl@VCOPOSRemoteOrderDisplay@@VCWindow@ATL@@V?$CWinTraits@$0FGAAAAAA@$0A@@3@@ATL@@QEAAPEAUHWND__@@PEAU3@V_U_RECT@2@PEB_WKKV_U_MENUorID@2@PEAX@Z 0000000180006e2c f i RemoteOrderDisplay.obj
 0001:00005edc       ?Create@?$CWindowImplBaseT@VCWindow@ATL@@V?$CWinTraits@$0FGAAAAAA@$0A@@2@@ATL@@QEAAPEAUHWND__@@PEAU3@V_U_RECT@2@PEB_WKKV_U_MENUorID@2@GPEAX@Z 0000000180006edc f i RemoteOrderDisplay.obj
 0001:0000604c       ?Create@CRegKey@ATL@@QEAAJPEAUHKEY__@@PEB_WPEA_WKKPEAU_SECURITY_ATTRIBUTES@@PEAK@Z 000000018000704c f i RemoteOrderDisplay.obj
 0001:00006130       ?CreateInstance@?$CComCreator@V?$CComAggObject@VCOPOSRemoteOrderDisplay@@@ATL@@@ATL@@SAJPEAXAEBU_GUID@@PEAPEAX@Z 0000000180007130 f i RemoteOrderDisplay.obj
 0001:00006208       ?CreateInstance@?$CComCreator@V?$CComObject@VCOPOSRemoteOrderDisplay@@@ATL@@@ATL@@SAJPEAXAEBU_GUID@@PEAPEAX@Z 0000000180007208 f i RemoteOrderDisplay.obj
 0001:000062c0       ?CreateInstance@?$CComObject@V?$CComEnum@UIEnumConnectionPoints@@$1?_GUID_b196b285_bab4_101a_b69c_00aa00341d07@@3U__s_GUID@@BPEAUIConnectionPoint@@V?$_CopyInterface@UIConnectionPoint@@@ATL@@VCComSingleThreadModel@6@@ATL@@@ATL@@SAJPEAPEAV12@@Z 00000001800072c0 f i RemoteOrderDisplay.obj
 0001:0000634c       ?CreateInstance@?$CComObject@V?$CComEnum@UIEnumConnections@@$1?_GUID_b196b287_bab4_101a_b69c_00aa00341d07@@3U__s_GUID@@BUtagCONNECTDATA@@V?$_Copy@UtagCONNECTDATA@@@ATL@@VCComSingleThreadModel@6@@ATL@@@ATL@@SAJPEAPEAV12@@Z 000000018000734c f i RemoteOrderDisplay.obj
 0001:000063d8       ?DefaultReflectionHandler@?$CWindowImplRoot@VCWindow@ATL@@@ATL@@SAHPEAUHWND__@@I_K_JAEA_J@Z 00000001800073d8 f i RemoteOrderDisplay.obj
 0001:0000643c       ?DoEvent@COPOSRemoteOrderDisplay@@IEAAXI_K_J@Z 000000018000743c f i RemoteOrderDisplay.obj
 0001:000064f0       ?DoVerbPrimary@?$IOleObjectImpl@VCOPOSRemoteOrderDisplay@@@ATL@@QEAAJPEBUtagRECT@@PEAUHWND__@@@Z 00000001800074f0 f i RemoteOrderDisplay.obj
 0001:00006618       ?DoVerbProperties@CComControlBase@ATL@@QEAAJPEBUtagRECT@@PEAUHWND__@@@Z 0000000180007618 f i RemoteOrderDisplay.obj
 0001:00006840       ?FireTheEvent@?$CProxy_IOPOSEvents@VCOPOSRemoteOrderDisplay@@@@IEAAXPEAVOposVariant@@IAEAJPEB_WJ@Z 0000000180007840 f i RemoteOrderDisplay.obj
 0001:0000692c       ?FireViewChange@CComControlBase@ATL@@QEAAJXZ 000000018000792c f i RemoteOrderDisplay.obj
 0001:00006990       ?Fire_DataEvent@?$CProxy_IOPOSEvents@VCOPOSRemoteOrderDisplay@@@@QEAAXJ@Z 0000000180007990 f i RemoteOrderDisplay.obj
 0001:00006a7c       ?Fire_DirectIOEvent@?$CProxy_IOPOSEvents@VCOPOSRemoteOrderDisplay@@@@QEAAXJPEAJPEAPEA_W@Z 0000000180007a7c f i RemoteOrderDisplay.obj
 0001:00006bd4       ?Fire_ErrorEvent@?$CProxy_IOPOSEvents@VCOPOSRemoteOrderDisplay@@@@QEAAXJJJPEAJ@Z 0000000180007bd4 f i RemoteOrderDisplay.obj
 0001:00006d3c       ?Fire_OutputCompleteEvent@?$CProxy_IOPOSEvents@VCOPOSRemoteOrderDisplay@@@@QEAAXJ@Z 0000000180007d3c f i RemoteOrderDisplay.obj
 0001:00006e28       ?Fire_StatusUpdateEvent@?$CProxy_IOPOSEvents@VCOPOSRemoteOrderDisplay@@@@QEAAXJ@Z 0000000180007e28 f i RemoteOrderDisplay.obj
 0001:00006f14       ?FreeHeap@?$CTempBuffer@_W$0BAA@VCCRTAllocator@ATL@@@ATL@@AEAAXXZ 0000000180007f14 f i RemoteOrderDisplay.obj
 0001:00006f14       ?FreeHeap@?$CTempBuffer@E$0BAA@VCCRTAllocator@ATL@@@ATL@@AEAAXXZ 0000000180007f14 f i RemoteOrderDisplay.obj
 0001:00006f14       ?FreeHeap@?$CTempBuffer@_W$0EAA@VCCRTAllocator@ATL@@@ATL@@AEAAXXZ 0000000180007f14 f i RemoteOrderDisplay.obj
 0001:00006f1c       ?GetAmbientLocaleID@CComControlBase@ATL@@QEAAJAEAK@Z 0000000180007f1c f i RemoteOrderDisplay.obj
 0001:00006fdc       ?GetAmbientUserMode@CComControlBase@ATL@@QEAAJAEAH@Z 0000000180007fdc f i RemoteOrderDisplay.obj
 0001:000070b0       ?GetClassObject@CComModule@ATL@@QEAAJAEBU_GUID@@0PEAPEAX@Z 00000001800080b0 f i RemoteOrderDisplay.obj
 0001:000071a4       ?GetConnMap@COPOSRemoteOrderDisplay@@SAPEBU_ATL_CONNMAP_ENTRY@ATL@@PEAH@Z 00000001800081a4 f i RemoteOrderDisplay.obj
 0001:0000722c       ?GetIDsOfNames@CComTypeInfoHolder@ATL@@QEAAJAEBU_GUID@@PEAPEA_WIKPEAJ@Z 000000018000822c f i RemoteOrderDisplay.obj
 0001:000073a4       ?GetPagesHelper@?$ISpecifyPropertyPagesImpl@VCOPOSRemoteOrderDisplay@@@ATL@@IEAAJPEAUtagCAUUID@@PEBUATL_PROPMAP_ENTRY@2@@Z 00000001800083a4 f i RemoteOrderDisplay.obj
 0001:00007544       ?GetSizeMax@CComVariant@ATL@@QEBAJPEAT_ULARGE_INTEGER@@@Z 0000000180008544 f i RemoteOrderDisplay.obj
 0001:00007778       ?GetTI@CComTypeInfoHolder@ATL@@QEAAJK@Z 0000000180008778 f i RemoteOrderDisplay.obj
 0001:000079f0       ?GetZoomInfo@CComControlBase@ATL@@QEAAXAEAUATL_DRAWINFO@@@Z 00000001800089f0 f i RemoteOrderDisplay.obj
 0001:00007a94       ?HKeyFromString@CRegParser@ATL@@KAPEAUHKEY__@@PEA_W@Z 0000000180008a94 f i RemoteOrderDisplay.obj
 0001:00007af8       ?IDataObject_GetData@CComControlBase@ATL@@QEAAJPEAUtagFORMATETC@@PEAUtagSTGMEDIUM@@@Z 0000000180008af8 f i RemoteOrderDisplay.obj
 0001:00007cec       ?IOleInPlaceObject_InPlaceDeactivate@CComControlBase@ATL@@QEAAJXZ 0000000180008cec f i RemoteOrderDisplay.obj
 0001:00007d8c       ?IOleInPlaceObject_SetObjectRects@CComControlBase@ATL@@QEAAJPEBUtagRECT@@0@Z 0000000180008d8c f i RemoteOrderDisplay.obj
 0001:00007e7c       ?IOleInPlaceObject_UIDeactivate@CComControlBase@ATL@@QEAAJXZ 0000000180008e7c f i RemoteOrderDisplay.obj
 0001:00007f88       ?IOleObject_Close@CComControlBase@ATL@@QEAAJK@Z 0000000180008f88 f i RemoteOrderDisplay.obj
 0001:000080a0       ?IOleObject_SetClientSite@CComControlBase@ATL@@QEAAJPEAUIOleClientSite@@@Z 00000001800090a0 f i RemoteOrderDisplay.obj
 0001:00008118       ?IOleObject_SetExtent@CComControlBase@ATL@@QEAAJKPEAUtagSIZE@@@Z 0000000180009118 f i RemoteOrderDisplay.obj
 0001:000081b0       ?IPSI_GetIPersistStreamInit@?$IPersistStorageImpl@VCOPOSRemoteOrderDisplay@@@ATL@@AEAAPEAUIPersistStreamInit@@XZ 00000001800091b0 f i RemoteOrderDisplay.obj
 0001:0000820c       ?IQuickActivate_QuickActivate@CComControlBase@ATL@@QEAAJPEAUtagQACONTAINER@@PEAUtagQACONTROL@@@Z 000000018000920c f i RemoteOrderDisplay.obj
 0001:000084d0       ?IViewObject_Draw@CComControlBase@ATL@@QEAAJKJPEAXPEAUtagDVTARGETDEVICE@@PEAUHDC__@@2PEBU_RECTL@@3@Z 00000001800094d0 f i RemoteOrderDisplay.obj
 0001:000085e4       ?InPlaceActivate@CComControlBase@ATL@@QEAAJJPEBUtagRECT@@@Z 00000001800095e4 f i RemoteOrderDisplay.obj
 0001:0000891c       ?Init@?$CComEnumImpl@UIEnumConnectionPoints@@$1?_GUID_b196b285_bab4_101a_b69c_00aa00341d07@@3U__s_GUID@@BPEAUIConnectionPoint@@V?$_CopyInterface@UIConnectionPoint@@@ATL@@@ATL@@QEAAJPEAPEAUIConnectionPoint@@0PEAUIUnknown@@W4CComEnumFlags@2@@Z 000000018000991c f i RemoteOrderDisplay.obj
 0001:00008a3c       ?Init@?$CComEnumImpl@UIEnumConnections@@$1?_GUID_b196b287_bab4_101a_b69c_00aa00341d07@@3U__s_GUID@@BUtagCONNECTDATA@@V?$_Copy@UtagCONNECTDATA@@@ATL@@@ATL@@QEAAJPEAUtagCONNECTDATA@@0PEAUIUnknown@@W4CComEnumFlags@2@@Z 0000000180009a3c f i RemoteOrderDisplay.obj
 0001:00008b60       ?IsEqualObject@?$CComPtrBase@UITypeInfo@@@ATL@@QEAA_NPEAUIUnknown@@@Z 0000000180009b60 f i RemoteOrderDisplay.obj
 0001:00008b60       ?IsEqualObject@?$CComPtrBase@UIOleClientSite@@@ATL@@QEAA_NPEAUIUnknown@@@Z 0000000180009b60 f i RemoteOrderDisplay.obj
 0001:00008bec       ?LoadNameCache@CComTypeInfoHolder@ATL@@QEAAJPEAUITypeInfo@@@Z 0000000180009bec f i RemoteOrderDisplay.obj
 0001:00008d70       ?Lookup@?$CSimpleMap@PEA_WPEA_WVCExpansionVectorEqualHelper@ATL@@@ATL@@QEBAPEA_WAEBQEA_W@Z 0000000180009d70 f i RemoteOrderDisplay.obj
 0001:00008dfc       ?NextToken@CRegParser@ATL@@IEAAJPEA_W@Z 0000000180009dfc f i RemoteOrderDisplay.obj
 0001:00008fb4       ?OnKillFocus@CComControlBase@ATL@@QEAA_JI_K_JAEAH@Z 0000000180009fb4 f i RemoteOrderDisplay.obj
 0001:00009050       ?OnMouseActivate@CComControlBase@ATL@@QEAA_JI_K_JAEAH@Z 000000018000a050 f i RemoteOrderDisplay.obj
 0001:000090f0       ?OnPaint@CComControlBase@ATL@@QEAA_JI_K_JAEAH@Z 000000018000a0f0 f i RemoteOrderDisplay.obj
 0001:000091dc       ?OnSetFocus@CComControlBase@ATL@@QEAA_JI_K_JAEAH@Z 000000018000a1dc f i RemoteOrderDisplay.obj
 0001:000092d8       ?Open@CRegKey@ATL@@QEAAJPEAUHKEY__@@PEB_WK@Z 000000018000a2d8 f i RemoteOrderDisplay.obj
 0001:00009354       ?PreProcessBuffer@CRegParser@ATL@@QEAAJPEA_WPEAPEA_W@Z 000000018000a354 f i RemoteOrderDisplay.obj
 0001:000096d8       ?ProcessWindowMessage@?$CComControl@VCOPOSRemoteOrderDisplay@@V?$CWindowImpl@VCOPOSRemoteOrderDisplay@@VCWindow@ATL@@V?$CWinTraits@$0FGAAAAAA@$0A@@3@@ATL@@@ATL@@UEAAHPEAUHWND__@@I_K_JAEA_JK@Z 000000018000a6d8 f i RemoteOrderDisplay.obj
 0001:000097bc       ?PutProperty@?$CComPtr@UIDispatch@@@ATL@@SAJPEAUIDispatch@@JPEAUtagVARIANT@@@Z 000000018000a7bc f i RemoteOrderDisplay.obj
 0001:000098c0       ?ReadFromStream@CComBSTR@ATL@@QEAAJPEAUIStream@@@Z 000000018000a8c0 f i RemoteOrderDisplay.obj
 0001:00009a1c       ?ReadFromStream@CComVariant@ATL@@QEAAJPEAUIStream@@GTClassesAllowedInStream@2@K@Z 000000018000aa1c f i RemoteOrderDisplay.obj
 0001:00009c2c       ?RecurseDeleteKey@CRegKey@ATL@@QEAAJPEB_W@Z 000000018000ac2c f i RemoteOrderDisplay.obj
 0001:00009d50       ?RegCreateKeyExW@CAtlTransactionManager@ATL@@QEAAJPEAUHKEY__@@PEB_WKPEA_WKKQEAU_SECURITY_ATTRIBUTES@@PEAPEAU3@PEAK@Z 000000018000ad50 f i RemoteOrderDisplay.obj
 0001:00009e84       ?RegDeleteKeyW@CAtlTransactionManager@ATL@@QEAAJPEAUHKEY__@@PEB_W@Z 000000018000ae84 f i RemoteOrderDisplay.obj
 0001:00009f10       ?RegOpenKeyExW@CAtlTransactionManager@ATL@@QEAAJPEAUHKEY__@@PEB_WKKPEAPEAU3@@Z 000000018000af10 f i RemoteOrderDisplay.obj
 0001:00009fc8       ?RegisterBuffer@CRegParser@ATL@@QEAAJPEA_WH@Z 000000018000afc8 f i RemoteOrderDisplay.obj
 0001:0000a130       ?RegisterFromResource@CRegObject@ATL@@IEAAJPEB_W00H@Z 000000018000b130 f i RemoteOrderDisplay.obj
 0001:0000a2ec       ?RegisterServer@CComModule@ATL@@QEAAJHPEBU_GUID@@@Z 000000018000b2ec f i RemoteOrderDisplay.obj
 0001:0000a3ac       ?RegisterSubkeys@CRegParser@ATL@@IEAAJPEA_WPEAUHKEY__@@HH@Z 000000018000b3ac f i RemoteOrderDisplay.obj
 0001:0000aa9c       ?SendOnDataChange@CComControlBase@ATL@@QEAAJK@Z 000000018000ba9c f i RemoteOrderDisplay.obj
 0001:0000ab0c       ?SetControlFocus@CComControlBase@ATL@@QEAAHH@Z 000000018000bb0c f i RemoteOrderDisplay.obj
 0001:0000abe8       ?SkipAssignment@CRegParser@ATL@@IEAAJPEA_W@Z 000000018000bbe8 f i RemoteOrderDisplay.obj
 0001:0000ac8c       ?Term@CComModule@ATL@@QEAAXXZ 000000018000bc8c f i RemoteOrderDisplay.obj
 0001:0000ad38       ?UnregisterServer@CComModule@ATL@@QEAAJHPEBU_GUID@@@Z 000000018000bd38 f i RemoteOrderDisplay.obj
 0001:0000ade8       ?UpdateRegistryFromResource@CAtlModule@ATL@@QEAAJIHPEAU_ATL_REGMAP_ENTRY@2@@Z 000000018000bde8 f i RemoteOrderDisplay.obj
 0001:0000b120       ?UpdateRegistryFromResource@CAtlModule@ATL@@QEAAJPEB_WHPEAU_ATL_REGMAP_ENTRY@2@@Z 000000018000c120 f i RemoteOrderDisplay.obj
 0001:0000b478       ?VTFromRegType@CRegParser@ATL@@KAHPEB_WAEAG@Z 000000018000c478 f i RemoteOrderDisplay.obj
 0001:0000b514       ?WindowProc@?$CWindowImplBaseT@VCWindow@ATL@@V?$CWinTraits@$0FGAAAAAA@$0A@@2@@ATL@@SA_JPEAUHWND__@@I_K_J@Z 000000018000c514 f i RemoteOrderDisplay.obj
 0001:0000b680       ?WriteToStream@CComBSTR@ATL@@QEAAJPEAUIStream@@@Z 000000018000c680 f i RemoteOrderDisplay.obj
 0001:0000b700       ?WriteToStream@CComVariant@ATL@@QEAAJPEAUIStream@@@Z 000000018000c700 f i RemoteOrderDisplay.obj
 0001:0000b914       ?WriteToStream@CComVariant@ATL@@QEAAJPEAUIStream@@G@Z 000000018000c914 f i RemoteOrderDisplay.obj
 0001:0000b9ac       ?_AtlVerifyStackAvailable@_ATL_SAFE_ALLOCA_IMPL@ATL@@YA_N_K@Z 000000018000c9ac f i RemoteOrderDisplay.obj
 0001:0000ba30       DllCanUnloadNow            000000018000ca30 f   RemoteOrderDisplay.obj
 0001:0000ba3c       DllGetClassObject          000000018000ca3c f   RemoteOrderDisplay.obj
 0001:0000ba54       DllMain                    000000018000ca54 f   RemoteOrderDisplay.obj
 0001:0000bafc       DllRegisterServer          000000018000cafc f   RemoteOrderDisplay.obj
 0001:0000bb10       DllUnregisterServer        000000018000cb10 f   RemoteOrderDisplay.obj
 0001:0000bb24       __local_stdio_printf_options 000000018000cb24 f i RemoteOrderDisplay.obj
 0001:0000bbb4       swprintf_s                 000000018000cbb4 f i RemoteOrderDisplay.obj
 0001:0000bc08       ??0COPOSRemoteOrderDisplay@@QEAA@XZ 000000018000cc08 f   RemoteOrderDisplayImpl.obj
 0001:0000bcd8       ??1?$IConnectionPointImpl@VCOPOSRemoteOrderDisplay@@$1?DIID__IOPOSRemoteOrderDisplayEvents@@3U_GUID@@BVCComDynamicUnkArray@ATL@@@ATL@@QEAA@XZ 000000018000ccd8 f i RemoteOrderDisplayImpl.obj
 0001:0000bcd8       ??1?$IConnectionPointImpl@VCOPOSRemoteOrderDisplay@@$1?IID_IPropertyNotifySink@@3U_GUID@@BVCComDynamicUnkArray@ATL@@@ATL@@QEAA@XZ 000000018000ccd8 f i RemoteOrderDisplayImpl.obj
 0001:0000bd34       ??1CComControlBase@ATL@@UEAA@XZ 000000018000cd34 f i RemoteOrderDisplayImpl.obj
 0001:0000bdb0       ??1COPOSRemoteOrderDisplay@@UEAA@XZ 000000018000cdb0 f   RemoteOrderDisplayImpl.obj
 0001:0000be14       ?CheckHealth@COPOSRemoteOrderDisplay@@UEAAJJPEAJ@Z 000000018000ce14 f   RemoteOrderDisplayImpl.obj
 0001:0000be90       ?ClaimDevice@COPOSRemoteOrderDisplay@@UEAAJJPEAJ@Z 000000018000ce90 f   RemoteOrderDisplayImpl.obj
 0001:0000bf30       ?ClearInput@COPOSRemoteOrderDisplay@@UEAAJPEAJ@Z 000000018000cf30 f   RemoteOrderDisplayImpl.obj
 0001:0000bf58       ?ClearOutput@COPOSRemoteOrderDisplay@@UEAAJPEAJ@Z 000000018000cf58 f   RemoteOrderDisplayImpl.obj
 0001:0000bf80       ?ClearVideo@COPOSRemoteOrderDisplay@@UEAAJJJPEAJ@Z 000000018000cf80 f   RemoteOrderDisplayImpl.obj
 0001:0000c04c       ?ClearVideoRegion@COPOSRemoteOrderDisplay@@UEAAJJJJJJJPEAJ@Z 000000018000d04c f   RemoteOrderDisplayImpl.obj
 0001:0000c170       ?Close@COPOSRemoteOrderDisplay@@UEAAJPEAJ@Z 000000018000d170 f   RemoteOrderDisplayImpl.obj
 0001:0000c228       ?CompareFirmwareVersion@COPOSRemoteOrderDisplay@@UEAAJPEA_WPEAJ1@Z 000000018000d228 f   RemoteOrderDisplayImpl.obj
 0001:0000c304       ?ControlClock@COPOSRemoteOrderDisplay@@UEAAJJJJJJJJJJJPEAJ@Z 000000018000d304 f   RemoteOrderDisplayImpl.obj
 0001:0000c45c       ?ControlCursor@COPOSRemoteOrderDisplay@@UEAAJJJPEAJ@Z 000000018000d45c f   RemoteOrderDisplayImpl.obj
 0001:0000c528       ?CopyVideoRegion@COPOSRemoteOrderDisplay@@UEAAJJJJJJJJPEAJ@Z 000000018000d528 f   RemoteOrderDisplayImpl.obj
 0001:0000c660       ?DirectIO@COPOSRemoteOrderDisplay@@UEAAJJPEAJPEAPEA_W0@Z 000000018000d660 f   RemoteOrderDisplayImpl.obj
 0001:0000c75c       ?DisplayData@COPOSRemoteOrderDisplay@@UEAAJJJJJPEA_WPEAJ@Z 000000018000d75c f   RemoteOrderDisplayImpl.obj
 0001:0000c86c       ?DoInvoke@COPOSRemoteOrderDisplay@@IEAAJJPEAVOposVariant@@IHPEAJ_N@Z 000000018000d86c f   RemoteOrderDisplayImpl.obj
 0001:0000c9a0       ?DrawBox@COPOSRemoteOrderDisplay@@UEAAJJJJJJJJPEAJ@Z 000000018000d9a0 f   RemoteOrderDisplayImpl.obj
 0001:0000cad8       ?EventInit@COPOSRemoteOrderDisplay@@IEAAJXZ 000000018000dad8 f i RemoteOrderDisplayImpl.obj
 0001:0000cc20       ?EventUninit@COPOSRemoteOrderDisplay@@IEAAXXZ 000000018000dc20 f i RemoteOrderDisplayImpl.obj
 0001:0000cc84       ?EventWindowProc@COPOSRemoteOrderDisplay@@IEAA_JI_K_J@Z 000000018000dc84 f i RemoteOrderDisplayImpl.obj
 0001:0000ce60       ?FinalConstruct@COPOSRemoteOrderDisplay@@QEAAJXZ 000000018000de60 f   RemoteOrderDisplayImpl.obj
 0001:0000ce9c       ?FreeVideoRegion@COPOSRemoteOrderDisplay@@UEAAJJJPEAJ@Z 000000018000de9c f   RemoteOrderDisplayImpl.obj
 0001:0000cf68       ?FreezeEvents@COPOSRemoteOrderDisplay@@MEAAJH@Z 000000018000df68 f   RemoteOrderDisplayImpl.obj
 0001:0000cfdc       ?GetOposProp@COPOSRemoteOrderDisplay@@IEAAJJPEAJJ@Z 000000018000dfdc f   RemoteOrderDisplayImpl.obj
 0001:0000d0f8       ?GetOposProp@COPOSRemoteOrderDisplay@@IEAAJJPEAPEA_WJ@Z 000000018000e0f8 f   RemoteOrderDisplayImpl.obj
 0001:0000d224       ?OnDraw@COPOSRemoteOrderDisplay@@MEAAJAEAUATL_DRAWINFO@@@Z 000000018000e224 f   RemoteOrderDisplayImpl.obj
 0001:0000d310       ?Open@COPOSRemoteOrderDisplay@@UEAAJPEA_WPEAJ@Z 000000018000e310 f   RemoteOrderDisplayImpl.obj
 0001:0000db9c       ?ReleaseDevice@COPOSRemoteOrderDisplay@@UEAAJPEAJ@Z 000000018000eb9c f   RemoteOrderDisplayImpl.obj
 0001:0000dc08       ?ResetStatistics@COPOSRemoteOrderDisplay@@UEAAJPEA_WPEAJ@Z 000000018000ec08 f   RemoteOrderDisplayImpl.obj
 0001:0000dc90       ?ResetVideo@COPOSRemoteOrderDisplay@@UEAAJJPEAJ@Z 000000018000ec90 f   RemoteOrderDisplayImpl.obj
 0001:0000dd0c       ?RestoreVideoRegion@COPOSRemoteOrderDisplay@@UEAAJJJJJPEAJ@Z 000000018000ed0c f   RemoteOrderDisplayImpl.obj
 0001:0000de08       ?RetrieveStatistics@COPOSRemoteOrderDisplay@@UEAAJPEAPEA_WPEAJ@Z 000000018000ee08 f   RemoteOrderDisplayImpl.obj
 0001:0000de90       ?SOProcessID@COPOSRemoteOrderDisplay@@UEAAJPEAJ@Z 000000018000ee90 f   RemoteOrderDisplayImpl.obj
 0001:0000deac       ?SaveVideoRegion@COPOSRemoteOrderDisplay@@UEAAJJJJJJJPEAJ@Z 000000018000eeac f   RemoteOrderDisplayImpl.obj
 0001:0000dfd0       ?SelectCharacterSet@COPOSRemoteOrderDisplay@@UEAAJJJPEAJ@Z 000000018000efd0 f   RemoteOrderDisplayImpl.obj
 0001:0000e09c       ?SetCOFreezeEvents@COPOSRemoteOrderDisplay@@IEAAXF@Z 000000018000f09c f   RemoteOrderDisplayImpl.obj
 0001:0000e180       ?SetCursor@COPOSRemoteOrderDisplay@@UEAAJJJJPEAJ@Z 000000018000f180 f   RemoteOrderDisplayImpl.obj
 0001:0000e268       ?SetOposProp@COPOSRemoteOrderDisplay@@IEAAJJJJ@Z 000000018000f268 f   RemoteOrderDisplayImpl.obj
 0001:0000e3c8       ?TransactionDisplay@COPOSRemoteOrderDisplay@@UEAAJJJPEAJ@Z 000000018000f3c8 f   RemoteOrderDisplayImpl.obj
 0001:0000e494       ?UpdateFirmware@COPOSRemoteOrderDisplay@@UEAAJPEA_WPEAJ@Z 000000018000f494 f   RemoteOrderDisplayImpl.obj
 0001:0000e51c       ?UpdateStatistics@COPOSRemoteOrderDisplay@@UEAAJPEA_WPEAJ@Z 000000018000f51c f   RemoteOrderDisplayImpl.obj
 0001:0000e5a4       ?UpdateVideoRegionAttribute@COPOSRemoteOrderDisplay@@UEAAJJJJJJJJPEAJ@Z 000000018000f5a4 f   RemoteOrderDisplayImpl.obj
 0001:0000e6dc       ?VideoSound@COPOSRemoteOrderDisplay@@UEAAJJJJJJPEAJ@Z 000000018000f6dc f   RemoteOrderDisplayImpl.obj
 0001:0000e7ec       ?get_AsyncMode@COPOSRemoteOrderDisplay@@UEAAJPEAF@Z 000000018000f7ec f   RemoteOrderDisplayImpl.obj
 0001:0000e820       ?get_AutoToneDuration@COPOSRemoteOrderDisplay@@UEAAJPEAJ@Z 000000018000f820 f   RemoteOrderDisplayImpl.obj
 0001:0000e834       ?get_AutoToneFrequency@COPOSRemoteOrderDisplay@@UEAAJPEAJ@Z 000000018000f834 f   RemoteOrderDisplayImpl.obj
 0001:0000e848       ?get_BinaryConversion@COPOSRemoteOrderDisplay@@UEAAJPEAJ@Z 000000018000f848 f   RemoteOrderDisplayImpl.obj
 0001:0000e85c       ?get_CapCompareFirmwareVersion@COPOSRemoteOrderDisplay@@UEAAJPEAF@Z 000000018000f85c f   RemoteOrderDisplayImpl.obj
 0001:0000e890       ?get_CapMapCharacterSet@COPOSRemoteOrderDisplay@@UEAAJPEAF@Z 000000018000f890 f   RemoteOrderDisplayImpl.obj
 0001:0000e8c4       ?get_CapPowerReporting@COPOSRemoteOrderDisplay@@UEAAJPEAJ@Z 000000018000f8c4 f   RemoteOrderDisplayImpl.obj
 0001:0000e8d8       ?get_CapSelectCharacterSet@COPOSRemoteOrderDisplay@@UEAAJPEAF@Z 000000018000f8d8 f   RemoteOrderDisplayImpl.obj
 0001:0000e90c       ?get_CapStatisticsReporting@COPOSRemoteOrderDisplay@@UEAAJPEAF@Z 000000018000f90c f   RemoteOrderDisplayImpl.obj
 0001:0000e940       ?get_CapTone@COPOSRemoteOrderDisplay@@UEAAJPEAF@Z 000000018000f940 f   RemoteOrderDisplayImpl.obj
 0001:0000e974       ?get_CapTouch@COPOSRemoteOrderDisplay@@UEAAJPEAF@Z 000000018000f974 f   RemoteOrderDisplayImpl.obj
 0001:0000e9a8       ?get_CapTransaction@COPOSRemoteOrderDisplay@@UEAAJPEAF@Z 000000018000f9a8 f   RemoteOrderDisplayImpl.obj
 0001:0000e9dc       ?get_CapUpdateFirmware@COPOSRemoteOrderDisplay@@UEAAJPEAF@Z 000000018000f9dc f   RemoteOrderDisplayImpl.obj
 0001:0000ea10       ?get_CapUpdateStatistics@COPOSRemoteOrderDisplay@@UEAAJPEAF@Z 000000018000fa10 f   RemoteOrderDisplayImpl.obj
 0001:0000ea44       ?get_CharacterSet@COPOSRemoteOrderDisplay@@UEAAJPEAJ@Z 000000018000fa44 f   RemoteOrderDisplayImpl.obj
 0001:0000ea58       ?get_CharacterSetList@COPOSRemoteOrderDisplay@@UEAAJPEAPEA_W@Z 000000018000fa58 f   RemoteOrderDisplayImpl.obj
 0001:0000ea6c       ?get_CheckHealthText@COPOSRemoteOrderDisplay@@UEAAJPEAPEA_W@Z 000000018000fa6c f   RemoteOrderDisplayImpl.obj
 0001:0000ea80       ?get_Claimed@COPOSRemoteOrderDisplay@@UEAAJPEAF@Z 000000018000fa80 f   RemoteOrderDisplayImpl.obj
 0001:0000eab4       ?get_Clocks@COPOSRemoteOrderDisplay@@UEAAJPEAJ@Z 000000018000fab4 f   RemoteOrderDisplayImpl.obj
 0001:0000eac8       ?get_ControlObjectDescription@COPOSRemoteOrderDisplay@@UEAAJPEAPEA_W@Z 000000018000fac8 f   RemoteOrderDisplayImpl.obj
 0001:0000eb2c       ?get_ControlObjectVersion@COPOSRemoteOrderDisplay@@UEAAJPEAJ@Z 000000018000fb2c f   RemoteOrderDisplayImpl.obj
 0001:0000eb38       ?get_CurrentUnitID@COPOSRemoteOrderDisplay@@UEAAJPEAJ@Z 000000018000fb38 f   RemoteOrderDisplayImpl.obj
 0001:0000eb4c       ?get_DataCount@COPOSRemoteOrderDisplay@@UEAAJPEAJ@Z 000000018000fb4c f   RemoteOrderDisplayImpl.obj
 0001:0000eb60       ?get_DataEventEnabled@COPOSRemoteOrderDisplay@@UEAAJPEAF@Z 000000018000fb60 f   RemoteOrderDisplayImpl.obj
 0001:0000eb94       ?get_DeviceDescription@COPOSRemoteOrderDisplay@@UEAAJPEAPEA_W@Z 000000018000fb94 f   RemoteOrderDisplayImpl.obj
 0001:0000eba8       ?get_DeviceEnabled@COPOSRemoteOrderDisplay@@UEAAJPEAF@Z 000000018000fba8 f   RemoteOrderDisplayImpl.obj
 0001:0000ebd8       ?get_DeviceName@COPOSRemoteOrderDisplay@@UEAAJPEAPEA_W@Z 000000018000fbd8 f   RemoteOrderDisplayImpl.obj
 0001:0000ebec       ?get_ErrorString@COPOSRemoteOrderDisplay@@UEAAJPEAPEA_W@Z 000000018000fbec f   RemoteOrderDisplayImpl.obj
 0001:0000ec00       ?get_ErrorUnits@COPOSRemoteOrderDisplay@@UEAAJPEAJ@Z 000000018000fc00 f   RemoteOrderDisplayImpl.obj
 0001:0000ec14       ?get_EventString@COPOSRemoteOrderDisplay@@UEAAJPEAPEA_W@Z 000000018000fc14 f   RemoteOrderDisplayImpl.obj
 0001:0000ec28       ?get_EventType@COPOSRemoteOrderDisplay@@UEAAJPEAJ@Z 000000018000fc28 f   RemoteOrderDisplayImpl.obj
 0001:0000ec3c       ?get_EventUnitID@COPOSRemoteOrderDisplay@@UEAAJPEAJ@Z 000000018000fc3c f   RemoteOrderDisplayImpl.obj
 0001:0000ec50       ?get_EventUnits@COPOSRemoteOrderDisplay@@UEAAJPEAJ@Z 000000018000fc50 f   RemoteOrderDisplayImpl.obj
 0001:0000ec64       ?get_FreezeEvents@COPOSRemoteOrderDisplay@@UEAAJPEAF@Z 000000018000fc64 f   RemoteOrderDisplayImpl.obj
 0001:0000ec94       ?get_MapCharacterSet@COPOSRemoteOrderDisplay@@UEAAJPEAF@Z 000000018000fc94 f   RemoteOrderDisplayImpl.obj
 0001:0000ecc8       ?get_OpenResult@COPOSRemoteOrderDisplay@@UEAAJPEAJ@Z 000000018000fcc8 f   RemoteOrderDisplayImpl.obj
 0001:0000ecd4       ?get_OutputID@COPOSRemoteOrderDisplay@@UEAAJPEAJ@Z 000000018000fcd4 f   RemoteOrderDisplayImpl.obj
 0001:0000ece8       ?get_PowerNotify@COPOSRemoteOrderDisplay@@UEAAJPEAJ@Z 000000018000fce8 f   RemoteOrderDisplayImpl.obj
 0001:0000ecfc       ?get_PowerState@COPOSRemoteOrderDisplay@@UEAAJPEAJ@Z 000000018000fcfc f   RemoteOrderDisplayImpl.obj
 0001:0000ed10       ?get_ResultCode@COPOSRemoteOrderDisplay@@UEAAJPEAJ@Z 000000018000fd10 f   RemoteOrderDisplayImpl.obj
 0001:0000ed4c       ?get_ResultCodeExtended@COPOSRemoteOrderDisplay@@UEAAJPEAJ@Z 000000018000fd4c f   RemoteOrderDisplayImpl.obj
 0001:0000ed60       ?get_ServiceObjectDescription@COPOSRemoteOrderDisplay@@UEAAJPEAPEA_W@Z 000000018000fd60 f   RemoteOrderDisplayImpl.obj
 0001:0000ed74       ?get_ServiceObjectVersion@COPOSRemoteOrderDisplay@@UEAAJPEAJ@Z 000000018000fd74 f   RemoteOrderDisplayImpl.obj
 0001:0000ed88       ?get_State@COPOSRemoteOrderDisplay@@UEAAJPEAJ@Z 000000018000fd88 f   RemoteOrderDisplayImpl.obj
 0001:0000edb4       ?get_SystemClocks@COPOSRemoteOrderDisplay@@UEAAJPEAJ@Z 000000018000fdb4 f   RemoteOrderDisplayImpl.obj
 0001:0000edc8       ?get_SystemVideoSaveBuffers@COPOSRemoteOrderDisplay@@UEAAJPEAJ@Z 000000018000fdc8 f   RemoteOrderDisplayImpl.obj
 0001:0000eddc       ?get_Timeout@COPOSRemoteOrderDisplay@@UEAAJPEAJ@Z 000000018000fddc f   RemoteOrderDisplayImpl.obj
 0001:0000edf0       ?get_UnitsOnline@COPOSRemoteOrderDisplay@@UEAAJPEAJ@Z 000000018000fdf0 f   RemoteOrderDisplayImpl.obj
 0001:0000ee04       ?get_VideoDataCount@COPOSRemoteOrderDisplay@@UEAAJPEAJ@Z 000000018000fe04 f   RemoteOrderDisplayImpl.obj
 0001:0000ee18       ?get_VideoMode@COPOSRemoteOrderDisplay@@UEAAJPEAJ@Z 000000018000fe18 f   RemoteOrderDisplayImpl.obj
 0001:0000ee2c       ?get_VideoModesList@COPOSRemoteOrderDisplay@@UEAAJPEAPEA_W@Z 000000018000fe2c f   RemoteOrderDisplayImpl.obj
 0001:0000ee40       ?get_VideoSaveBuffers@COPOSRemoteOrderDisplay@@UEAAJPEAJ@Z 000000018000fe40 f   RemoteOrderDisplayImpl.obj
 0001:0000ee54       ?put_AsyncMode@COPOSRemoteOrderDisplay@@UEAAJF@Z 000000018000fe54 f   RemoteOrderDisplayImpl.obj
 0001:0000ee70       ?put_AutoToneDuration@COPOSRemoteOrderDisplay@@UEAAJJ@Z 000000018000fe70 f   RemoteOrderDisplayImpl.obj
 0001:0000ee84       ?put_AutoToneFrequency@COPOSRemoteOrderDisplay@@UEAAJJ@Z 000000018000fe84 f   RemoteOrderDisplayImpl.obj
[...]
 0004:00001878       $pdata$?try_get_function@@YAPEAXW4function_id@?A0x391cf84c@@QEBDQEBW4module_id@2@2@Z 0000000180034878     libucrt:winapi_thunks.obj
 0004:00001884       $pdata$isdigit             0000000180034884     libucrt:_ctype.obj
 0004:00001890       $pdata$tolower             0000000180034890     libucrt:tolower_toupper.obj
 0004:0000189c       $pdata$_tolower_l          000000018003489c     libucrt:tolower_toupper.obj
 0004:000018a8       $pdata$?internal_isupper_l@@YA_NHQEAU__crt_locale_pointers@@@Z 00000001800348a8     libucrt:tolower_toupper.obj
 0004:000018b4       $pdata$wcstol              00000001800348b4     libucrt:strtox.obj
 0004:000018c0       $pdata$_mbtowc_l           00000001800348c0     libucrt:mbtowc.obj
 0004:000018cc       $pdata$wcsnlen             00000001800348cc     libucrt:strnlen.obj
 0004:000018d8       $pdata$__acrt_update_locale_info 00000001800348d8     libucrt:locale_update.obj
 0004:000018e4       $pdata$__acrt_update_multibyte_info 00000001800348e4     libucrt:locale_update.obj
 0004:000018f0       $pdata$__acrt_fp_format    00000001800348f0     libucrt:cvt.obj
 0004:000018fc       $pdata$?fp_format_nan_or_infinity@@YAHW4__acrt_fp_class@@_NPEAD_K1@Z 00000001800348fc     libucrt:cvt.obj
 0004:00001908       $pdata$?fp_format_e_internal@@YAHQEAD_KH_NIQEAU_strflt@@2QEAU__crt_locale_pointers@@@Z 0000000180034908     libucrt:cvt.obj
 0004:00001914       $pdata$?fp_format_e@@YAHQEBNQEAD_K12H_NIQEAU__crt_locale_pointers@@@Z 0000000180034914     libucrt:cvt.obj
 0004:00001920       $pdata$?fp_format_a@@YAHQEBNPEAD_KQEAD2H_NIQEAU__crt_locale_pointers@@@Z 0000000180034920     libucrt:cvt.obj
 0004:0000192c       $pdata$?fp_format_f_internal@@YAHQEAD_KHQEAU_strflt@@_NQEAU__crt_locale_pointers@@@Z 000000018003492c     libucrt:cvt.obj
 0004:00001938       $pdata$?fp_format_g@@YAHQEBNQEAD_K12H_NIQEAU__crt_locale_pointers@@@Z 0000000180034938     libucrt:cvt.obj
 0004:00001944       $pdata$_fileno             0000000180034944     libucrt:fileno.obj
 0004:00001950       $pdata$__acrt_initialize_stdio 0000000180034950     libucrt:_file.obj
 0004:0000195c       $pdata$__acrt_uninitialize_stdio 000000018003495c     libucrt:_file.obj
 0004:00001968       $pdata$__acrt_uninitialize_locale 0000000180034968     libucrt:wsetlocale.obj
 0004:00001974       $pdata$??$?RV<lambda_410d79af7f07d98d83a3f525b3859a53>@@AEAV<lambda_3e16ef9562a7dcce91392c22ab16ea36>@@V<lambda_38119f0e861e05405d8a144b9b982f0a>@@@?$__crt_seh_guarded_call@X@@QEAAX$$QEAV<lambda_410d79af7f07d98d83a3f525b3859a53>@@AEAV<lambda_3e16ef9562a7dcce91392c22ab16ea36>@@$$QEAV<lambda_38119f0e861e05405d8a144b9b982f0a>@@@Z 0000000180034974     libucrt:wsetlocale.obj
 0004:00001980       $pdata$?fin$0@?0???$?RV<lambda_410d79af7f07d98d83a3f525b3859a53>@@AEAV<lambda_3e16ef9562a7dcce91392c22ab16ea36>@@V<lambda_38119f0e861e05405d8a144b9b982f0a>@@@?$__crt_seh_guarded_call@X@@QEAAX$$QEAV<lambda_410d79af7f07d98d83a3f525b3859a53>@@AEAV<lambda_3e16ef9562a7dcce91392c22ab16ea36>@@$$QEAV<lambda_38119f0e861e05405d8a144b9b982f0a>@@@Z@4HA 0000000180034980     libucrt:wsetlocale.obj
 0004:0000198c       $pdata$__acrt_initialize_lowio 000000018003498c     libucrt:ioinit.obj
 0004:00001998       $pdata$__acrt_initialize_lowio$fin$0 0000000180034998     libucrt:ioinit.obj
 0004:00001998       $pdata$__acrt_lowio_ensure_fh_exists$fin$0 0000000180034998     libucrt:osfinfo.obj
 0004:000019a4       $pdata$__acrt_uninitialize_lowio 00000001800349a4     libucrt:ioinit.obj
 0004:000019b0       $pdata$?initialize_inherited_file_handles_nolock@@YAXXZ 00000001800349b0     libucrt:ioinit.obj
 0004:000019bc       $pdata$?initialize_stdio_handles_nolock@@YAXXZ 00000001800349bc     libucrt:ioinit.obj
 0004:000019c8       $pdata$__acrt_initialize_locks 00000001800349c8     libucrt:locks.obj
 0004:000019d4       $pdata$__acrt_uninitialize_locks 00000001800349d4     libucrt:locks.obj
 0004:000019e0       $pdata$__acrt_get_process_end_policy 00000001800349e0     libucrt:win_policies.obj
 0004:000019ec       $pdata$??$common_expand_argv_wildcards@D@@YAHQEAPEADQEAPEAPEAD@Z 00000001800349ec     libucrt:argv_wildcards.obj
 0004:000019f8       $pdata$??$copy_and_add_argument_to_buffer@D@@YAHQEBD0_KAEAV?$argument_list@D@?A0x5f5c8891@@@Z 00000001800349f8     libucrt:argv_wildcards.obj
 0004:00001a04       $pdata$??$expand_argument_wildcards@D@@YAHQEAD0AEAV?$argument_list@D@?A0x5f5c8891@@@Z 0000000180034a04     libucrt:argv_wildcards.obj
 0004:00001a10       $pdata$__acrt_update_thread_multibyte_data 0000000180034a10     libucrt:mbctype.obj
 0004:00001a1c       $pdata$__acrt_initialize_multibyte 0000000180034a1c     libucrt:mbctype.obj
 0004:00001a28       $pdata$_setmbcp_nolock     0000000180034a28     libucrt:mbctype.obj
 0004:00001a34       $pdata$?getSystemCP@@YAHH@Z 0000000180034a34     libucrt:mbctype.obj
 0004:00001a40       $pdata$?setSBCS@@YAXPEAU__crt_multibyte_data@@@Z 0000000180034a40     libucrt:mbctype.obj
 0004:00001a4c       $pdata$?setSBUpLow@@YAXPEAU__crt_multibyte_data@@@Z 0000000180034a4c     libucrt:mbctype.obj
 0004:00001a58       $pdata$?update_thread_multibyte_data_internal@@YAPEAU__crt_multibyte_data@@QEAU__acrt_ptd@@QEAU1@@Z 0000000180034a58     libucrt:mbctype.obj
 0004:00001a64       $pdata$?fin$0@?0??update_thread_multibyte_data_internal@@YAPEAU__crt_multibyte_data@@QEAU__acrt_ptd@@QEAU1@@Z@4HA 0000000180034a64     libucrt:mbctype.obj
 0004:00001a70       $pdata$?setmbcp_internal@@YAHH_NQEAU__acrt_ptd@@QEAPEAU__crt_multibyte_data@@@Z 0000000180034a70     libucrt:mbctype.obj
 0004:00001a7c       $pdata$??$?RV<lambda_efdfa57d1f175319df784efa44bb7b81>@@AEAV<lambda_5f0a4c1567f8adc6734073e5d1e1b35c>@@V<lambda_2e8a7d3640ea6ccb4c2413664c2db6fd>@@@?$__crt_seh_guarded_call@X@@QEAAX$$QEAV<lambda_efdfa57d1f175319df784efa44bb7b81>@@AEAV<lambda_5f0a4c1567f8adc6734073e5d1e1b35c>@@$$QEAV<lambda_2e8a7d3640ea6ccb4c2413664c2db6fd>@@@Z 0000000180034a7c     libucrt:mbctype.obj
 0004:00001a88       $pdata$?x_ismbbtype_l@@YAHPEAU__crt_locale_pointers@@IHH@Z 0000000180034a88     libucrt:ismbbyte.obj
 0004:00001a94       $pdata$__acrt_initialize_command_line 0000000180034a94     libucrt:argv_data.obj
 0004:00001aa0       $pdata$__dcrt_get_narrow_environment_from_os 0000000180034aa0     libucrt:get_environment_from_os.obj
 0004:00001aac       $pdata$__acrt_initialize_heap 0000000180034aac     libucrt:heap_handle.obj
 0004:00001ab8       $pdata$__acrt_execute_initializers 0000000180034ab8     libucrt:shared_initialization.obj
 0004:00001ac4       $pdata$__acrt_execute_uninitializers 0000000180034ac4     libucrt:shared_initialization.obj
 0004:00001ad0       $pdata$__acrt_get_sigabrt_handler 0000000180034ad0     libucrt:signal.obj
 0004:00001adc       $pdata$raise               0000000180034adc     libucrt:signal.obj
 0004:00001ae8       $pdata$raise$fin$0         0000000180034ae8     libucrt:signal.obj
 0004:00001af4       $pdata$??$?RV<lambda_450d765d439847d4c735a33c368b5fc0>@@AEAV<lambda_44731a7d0e6d81c3e6aa82d741081786>@@V<lambda_601a2a7da3b7a96e9554ac7215c4b07c>@@@?$__crt_seh_guarded_call@P6AXH@Z@@QEAAP6AXH@Z$$QEAV<lambda_450d765d439847d4c735a33c368b5fc0>@@AEAV<lambda_44731a7d0e6d81c3e6aa82d741081786>@@$$QEAV<lambda_601a2a7da3b7a96e9554ac7215c4b07c>@@@Z 0000000180034af4     libucrt:signal.obj
 0004:00001b00       $pdata$__pctype_func       0000000180034b00     libucrt:ctype.obj
 0004:00001b0c       $pdata$iswctype            0000000180034b0c     libucrt:iswctype.obj
 0004:00001b18       $pdata$_isctype_l          0000000180034b18     libucrt:isctype.obj
 0004:00001b24       $pdata$__acrt_release_locale_ref 0000000180034b24     libucrt:locale_refcounting.obj
 0004:00001b30       $pdata$__acrt_free_locale  0000000180034b30     libucrt:locale_refcounting.obj
 0004:00001b3c       $pdata$__acrt_locale_free_lc_time_if_unreferenced 0000000180034b3c     libucrt:locale_refcounting.obj
 0004:00001b48       $pdata$__acrt_update_thread_locale_data 0000000180034b48     libucrt:locale_refcounting.obj
 0004:00001b54       $pdata$__acrt_update_thread_locale_data$fin$0 0000000180034b54     libucrt:locale_refcounting.obj
 0004:00001b60       $pdata$_updatetlocinfoEx_nolock 0000000180034b60     libucrt:locale_refcounting.obj
 0004:00001b6c       $pdata$__acrt_DownlevelLocaleNameToLCID 0000000180034b6c     libucrt:lcidtoname_downlevel.obj
 0004:00001b78       $pdata$?GetTableIndexFromLocaleName@@YAHPEB_W@Z 0000000180034b78     libucrt:lcidtoname_downlevel.obj
 0004:00001b84       $pdata$_isleadbyte_l       0000000180034b84     libucrt:_wctype.obj
 0004:00001b90       $pdata$__acrt_LCMapStringA 0000000180034b90     libucrt:lcmapstringa.obj
 0004:00001b9c       $pdata$?__acrt_LCMapStringA_stat@@YAHPEAU__crt_locale_pointers@@PEB_WKPEBDHPEADHHH@Z 0000000180034b9c     libucrt:lcmapstringa.obj
 0004:00001ba8       $pdata$__acrt_fp_strflt_to_string 0000000180034ba8     libucrt:_fptostr.obj
 0004:00001bb4       $pdata$memcpy_s            0000000180034bb4     libucrt:cfout.obj
 0004:00001bc0       $pdata$__acrt_fltout       0000000180034bc0     libucrt:cfout.obj
 0004:00001bcc       $pdata$?divide@__crt_strtox@@YA_KAEAUbig_integer@1@AEBU21@@Z 0000000180034bcc     libucrt:cfout.obj
 0004:00001bd8       $pdata$5$?divide@__crt_strtox@@YA_KAEAUbig_integer@1@AEBU21@@Z 0000000180034bd8     libucrt:cfout.obj
 0004:00001be4       $pdata$6$?divide@__crt_strtox@@YA_KAEAUbig_integer@1@AEBU21@@Z 0000000180034be4     libucrt:cfout.obj
 0004:00001bf0       $pdata$_fcloseall          0000000180034bf0     libucrt:closeall.obj
 0004:00001bfc       $pdata$_fcloseall$fin$0    0000000180034bfc     libucrt:closeall.obj
 0004:00001c08       $pdata$_fflush_nolock      0000000180034c08     libucrt:fflush.obj
 0004:00001c14       $pdata$__acrt_stdio_flush_nolock 0000000180034c14     libucrt:fflush.obj
 0004:00001c20       $pdata$?common_flush_all@@YAH_N@Z 0000000180034c20     libucrt:fflush.obj
 0004:00001c2c       $pdata$??$?RV<lambda_842d9ff0dc9ef11c61343bbaebe7f885>@@AEAV<lambda_c5860995281e5c4ce005b3de8f5874ee>@@V<lambda_d90129c13df834fdcbf8d2b88dafcf2d>@@@?$__crt_seh_guarded_call@X@@QEAAX$$QEAV<lambda_842d9ff0dc9ef11c61343bbaebe7f885>@@AEAV<lambda_c5860995281e5c4ce005b3de8f5874ee>@@$$QEAV<lambda_d90129c13df834fdcbf8d2b88dafcf2d>@@@Z 0000000180034c2c     libucrt:fflush.obj
 0004:00001c38       $pdata$?fin$0@?0???$?RV<lambda_842d9ff0dc9ef11c61343bbaebe7f885>@@AEAV<lambda_c5860995281e5c4ce005b3de8f5874ee>@@V<lambda_d90129c13df834fdcbf8d2b88dafcf2d>@@@?$__crt_seh_guarded_call@X@@QEAAX$$QEAV<lambda_842d9ff0dc9ef11c61343bbaebe7f885>@@AEAV<lambda_c5860995281e5c4ce005b3de8f5874ee>@@$$QEAV<lambda_d90129c13df834fdcbf8d2b88dafcf2d>@@@Z@4HA 0000000180034c38     libucrt:fflush.obj
 0004:00001c44       $pdata$??$?RV<lambda_886d6c58226a84441f68b9f2b8217b83>@@AEAV<lambda_ab61a845afdef5b7c387490eaf3616ee>@@V<lambda_f7f22ab5edc0698d5f6905b0d3f44752>@@@?$__crt_seh_guarded_call@X@@QEAAX$$QEAV<lambda_886d6c58226a84441f68b9f2b8217b83>@@AEAV<lambda_ab61a845afdef5b7c387490eaf3616ee>@@$$QEAV<lambda_f7f22ab5edc0698d5f6905b0d3f44752>@@@Z 0000000180034c44     libucrt:fflush.obj
 0004:00001c50       $pdata$?fin$0@?0???$?RV<lambda_886d6c58226a84441f68b9f2b8217b83>@@AEAV<lambda_ab61a845afdef5b7c387490eaf3616ee>@@V<lambda_f7f22ab5edc0698d5f6905b0d3f44752>@@@?$__crt_seh_guarded_call@X@@QEAAX$$QEAV<lambda_886d6c58226a84441f68b9f2b8217b83>@@AEAV<lambda_ab61a845afdef5b7c387490eaf3616ee>@@$$QEAV<lambda_f7f22ab5edc0698d5f6905b0d3f44752>@@@Z@4HA 0000000180034c50     libucrt:fflush.obj
 0004:00001c5c       $pdata$__acrt_stdio_free_buffer_nolock 0000000180034c5c     libucrt:_freebuf.obj
 0004:00001c68       $pdata$_isatty             0000000180034c68     libucrt:isatty.obj
 0004:00001c74       $pdata$__acrt_locale_free_monetary 0000000180034c74     libucrt:initmon.obj
 0004:00001c80       $pdata$__acrt_locale_free_numeric 0000000180034c80     libucrt:initnum.obj
 0004:00001c8c       $pdata$__acrt_locale_free_time 0000000180034c8c     libucrt:inittime.obj
 0004:00001c98       $pdata$?free_crt_array_internal@@YAXQEAPEBX_K@Z 0000000180034c98     libucrt:inittime.obj
 0004:00001ca4       $pdata$__acrt_GetStringTypeA 0000000180034ca4     libucrt:getstringtypea.obj
 0004:00001cb0       $pdata$_get_osfhandle      0000000180034cb0     libucrt:osfinfo.obj
 0004:00001cbc       $pdata$_free_osfhnd        0000000180034cbc     libucrt:osfinfo.obj
 0004:00001cc8       $pdata$__acrt_lowio_create_handle_array 0000000180034cc8     libucrt:osfinfo.obj
 0004:00001cd4       $pdata$__acrt_lowio_destroy_handle_array 0000000180034cd4     libucrt:osfinfo.obj
 0004:00001ce0       $pdata$__acrt_lowio_ensure_fh_exists 0000000180034ce0     libucrt:osfinfo.obj
 0004:00001cec       $pdata$qsort               0000000180034cec     libucrt:qsort.obj
 0004:00001cf8       $pdata$4$qsort             0000000180034cf8     libucrt:qsort.obj
 0004:00001d04       $pdata$5$qsort             0000000180034d04     libucrt:qsort.obj
 0004:00001d10       $pdata$?shortsort@@YAXPEAD0_KP6AHPEBX2@Z@Z 0000000180034d10     libucrt:qsort.obj
 0004:00001d1c       $pdata$2$?shortsort@@YAXPEAD0_KP6AHPEBX2@Z@Z 0000000180034d1c     libucrt:qsort.obj
 0004:00001d28       $pdata$3$?shortsort@@YAXPEAD0_KP6AHPEBX2@Z@Z 0000000180034d28     libucrt:qsort.obj
 0004:00001d34       $pdata$strncpy_s           0000000180034d34     libucrt:strncpy_s.obj
 0004:00001d40       $pdata$strpbrk             0000000180034d40     libucrt:strpbrk.obj
 0004:00001d4c       $pdata$_mbsdec_l           0000000180034d4c     libucrt:mbsdec.obj
 0004:00001d58       $pdata$?initialize_multibyte@@YAHXZ 0000000180034d58     libucrt:multibyte_initializer.obj
 0004:00001d64       $pdata$fegetenv            0000000180034d64     libucrt:fegetenv.obj
 0004:00001d70       $pdata$fesetenv            0000000180034d70     libucrt:fesetenv.obj
 0004:00001d7c       $pdata$feholdexcept        0000000180034d7c     libucrt:feholdexcept.obj
 0004:00001d94       $pdata$_write              0000000180034d94     libucrt:write.obj
 0004:00001da0       $pdata$_write$fin$0        0000000180034da0     libucrt:write.obj
 0004:00001dac       $pdata$_write_nolock       0000000180034dac     libucrt:write.obj
 0004:00001db8       $pdata$?write_double_translated_ansi_nolock@@YA?AUwrite_result@?A0x17268360@@HQEBDI@Z 0000000180034db8     libucrt:write.obj
 0004:00001dc4       $pdata$?write_text_ansi_nolock@@YA?AUwrite_result@?A0x17268360@@HQEBDI@Z 0000000180034dc4     libucrt:write.obj
 0004:00001dd0       $pdata$?write_text_utf16le_nolock@@YA?AUwrite_result@?A0x17268360@@HQEBDI@Z 0000000180034dd0     libucrt:write.obj
 0004:00001ddc       $pdata$?write_text_utf8_nolock@@YA?AUwrite_result@?A0x17268360@@HQEBDI@Z 0000000180034ddc     libucrt:write.obj
 0004:00001de8       $pdata$??$common_lseek_nolock@_J@@YA_JH_JH@Z 0000000180034de8     libucrt:lseek.obj
 0004:00001df4       $pdata$fclose              0000000180034df4     libucrt:fclose.obj
 0004:00001e00       $pdata$fclose$fin$0        0000000180034e00     libucrt:fclose.obj
 0004:00001e0c       $pdata$_fclose_nolock      0000000180034e0c     libucrt:fclose.obj
 0004:00001e18       $pdata$_commit             0000000180034e18     libucrt:commit.obj
 0004:00001e24       $pdata$??$?RV<lambda_a37b2b86f63e897a80ea819b0eb08c01>@@AEAV<lambda_38ce7e780aa69e748d6df282ebc68efe>@@V<lambda_99fb1378e971ab6e7edea83e3a7a83a2>@@@?$__crt_seh_guarded_call@H@@QEAAH$$QEAV<lambda_a37b2b86f63e897a80ea819b0eb08c01>@@AEAV<lambda_38ce7e780aa69e748d6df282ebc68efe>@@$$QEAV<lambda_99fb1378e971ab6e7edea83e3a7a83a2>@@@Z 0000000180034e24     libucrt:commit.obj
 0004:00001e30       $pdata$?fin$0@?0???$?RV<lambda_a37b2b86f63e897a80ea819b0eb08c01>@@AEAV<lambda_38ce7e780aa69e748d6df282ebc68efe>@@V<lambda_99fb1378e971ab6e7edea83e3a7a83a2>@@@?$__crt_seh_guarded_call@H@@QEAAH$$QEAV<lambda_a37b2b86f63e897a80ea819b0eb08c01>@@AEAV<lambda_38ce7e780aa69e748d6df282ebc68efe>@@$$QEAV<lambda_99fb1378e971ab6e7edea83e3a7a83a2>@@@Z@4HA 0000000180034e30     libucrt:commit.obj
 0004:00001e30       $pdata$?fin$0@?0???$?RV<lambda_751a882b2c74d4b022dec766aa51a29a>@@AEAV<lambda_628dfdc04ba53c8bfc02c9951375f3f5>@@V<lambda_f6c7be5f7998530c34de24c7437d6b54>@@@?$__crt_seh_guarded_call@H@@QEAAH$$QEAV<lambda_751a882b2c74d4b022dec766aa51a29a>@@AEAV<lambda_628dfdc04ba53c8bfc02c9951375f3f5>@@$$QEAV<lambda_f6c7be5f7998530c34de24c7437d6b54>@@@Z@4HA 0000000180034e30     libucrt:close.obj
 0004:00001e3c       $pdata$_setfpstatusword    0000000180034e3c     libucrt:_fenvutils.obj
 0004:00001e48       $pdata$_getfpcontrolword   0000000180034e48     libucrt:_fenvutils.obj
 0004:00001e54       $pdata$_getfpstatusword    0000000180034e54     libucrt:_fenvutils.obj
 0004:00001e60       $pdata$_clearfp            0000000180034e60     libucrt:ieee.obj
 0004:00001e6c       $pdata$common_control87    0000000180034e6c     libucrt:ieee.obj
 0004:00001e78       $pdata$_ctrlfp$filt$0      0000000180034e78     libucrt:fpctrl.obj
 0004:00001e78       $pdata$common_control87$filt$0 0000000180034e78     libucrt:ieee.obj
 0004:00001e84       $pdata$_call_matherr       0000000180034e84     libucrt:libm_error.obj
 0004:00001e90       $pdata$_exception_enabled  0000000180034e90     libucrt:libm_error.obj
 0004:00001e9c       $pdata$_handle_error       0000000180034e9c     libucrt:libm_error.obj
 0004:00001ea8       $pdata$__acrt_initialize_fma3 0000000180034ea8     libucrt:fma3_available.obj
 0004:00001eb4       $pdata$_log_special_common 0000000180034eb4     libucrt:log_special.obj
 0004:00001ec0       $pdata$_log10_special      0000000180034ec0     libucrt:log_special.obj
 0004:00001ecc       $pdata$_putwch_nolock      0000000180034ecc     libucrt:putwch.obj
 0004:00001ed8       $pdata$_close              0000000180034ed8     libucrt:close.obj
 0004:00001ee4       $pdata$_close_nolock       0000000180034ee4     libucrt:close.obj
 0004:00001ef0       $pdata$??$?RV<lambda_751a882b2c74d4b022dec766aa51a29a>@@AEAV<lambda_628dfdc04ba53c8bfc02c9951375f3f5>@@V<lambda_f6c7be5f7998530c34de24c7437d6b54>@@@?$__crt_seh_guarded_call@H@@QEAAH$$QEAV<lambda_751a882b2c74d4b022dec766aa51a29a>@@AEAV<lambda_628dfdc04ba53c8bfc02c9951375f3f5>@@$$QEAV<lambda_f6c7be5f7998530c34de24c7437d6b54>@@@Z 0000000180034ef0     libucrt:close.obj
 0004:00001f08       $pdata$_set_errno_from_matherr 0000000180034f08     libucrt:fpexcept.obj
 0004:00001f14       $pdata$_raise_exc          0000000180034f14     libucrt:fpexcept.obj
 0004:00001f20       $pdata$_raise_exc_ex       0000000180034f20     libucrt:fpexcept.obj
 0004:00001f2c       $pdata$_clrfp              0000000180034f2c     libucrt:fpctrl.obj
 0004:00001f38       $pdata$_ctrlfp             0000000180034f38     libucrt:fpctrl.obj
 0004:00001f44       $pdata$_statfp             0000000180034f44     libucrt:fpctrl.obj
 0004:00001f50       $pdata$_set_statfp         0000000180034f50     libucrt:fpctrl.obj
 0004:00001f5c       $pdata$__dcrt_lowio_initialize_console_output 0000000180034f5c     libucrt:initcon.obj
 0004:00001f68       $pdata$__dcrt_terminate_console_output 0000000180034f68     libucrt:initcon.obj
 0004:00001f74       $pdata$_IsNonwritableInCurrentImage 0000000180034f74     LIBCMT:pesect.obj
 0004:00001f80       $pdata$_IsNonwritableInCurrentImage$filt$0 0000000180034f80     LIBCMT:pesect.obj
 0004:00001f8c       $pdata$strrchr             0000000180034f8c     libvcruntime:strrchr.obj
 0005:00000220       $R000000                   0000000180035220     RemoteOrderDisplay.res
 0005:00000bc0       $R0009A0                   0000000180035bc0     RemoteOrderDisplay.res
 0005:00000ca8       $R000A88                   0000000180035ca8     RemoteOrderDisplay.res
 0005:00000f10       $R000CF0                   0000000180035f10     RemoteOrderDisplay.res
 0005:00001478       $R001258                   0000000180036478     RemoteOrderDisplay.res
 0005:00005688       $R005468                   000000018003a688     RemoteOrderDisplay.res
 0005:000056d0       $R0054B0                   000000018003a6d0     RemoteOrderDisplay.res
