 OPOSMSR

 Timestamp is 5c44390d (Sun Jan 20 18:02:05 2019)

 Preferred load address is 0000000180000000

 Start         Length     Name                   Class
 0001:00000000 000000c0H .text$di                CODE
 0001:000000c0 0001ff10H .text$mn                CODE
 0001:0001ffd0 00000020H .text$mn$00             CODE
 0001:0001fff0 00000410H .text$x                 CODE
 0001:00020400 000000c0H .text$yd                CODE
 0002:00000000 00000628H .idata$5                DATA
 0002:00000628 00000010H .00cfg                  DATA
 0002:00000638 00000008H .CRT$XCA                DATA
 0002:00000640 00000008H .CRT$XCL                DATA
 0002:00000648 00000020H .CRT$XCU                DATA
 0002:00000668 00000008H .CRT$XCZ                DATA
 0002:00000670 00000008H .CRT$XIA                DATA
 0002:00000678 00000020H .CRT$XIC                DATA
 0002:00000698 00000008H .CRT$XIZ                DATA
 0002:000006a0 00000008H .CRT$XLA                DATA
 0002:000006a8 00000008H .CRT$XLZ                DATA
 0002:000006b0 00000008H .CRT$XPA                DATA
 0002:000006b8 00000010H .CRT$XPX                DATA
 0002:000006c8 00000008H .CRT$XPXA               DATA
 0002:000006d0 00000008H .CRT$XPZ                DATA
 0002:000006d8 00000008H .CRT$XTA                DATA
 0002:000006e0 00000010H .CRT$XTZ                DATA
 0002:000006e8 00000000H .gfids$x                DATA
 0002:000006e8 00000000H .gfids$y                DATA
 0002:000006f0 0000a510H .rdata                  DATA
 0002:0000ac00 00000028H .rdata$T                DATA
 0002:0000ac28 00000274H .rdata$r                DATA
 0002:0000ae9c 000003f4H .rdata$zzzdbg           DATA
 0002:0000b290 00000008H .rtc$IAA                DATA
 0002:0000b298 00000008H .rtc$IZZ                DATA
 0002:0000b2a0 00000008H .rtc$TAA                DATA
 0002:0000b2a8 00000008H .rtc$TZZ                DATA
 0002:0000b2b0 00000004H .tls                    DATA
 0002:0000b2b4 00000004H .tls$                   DATA
 0002:0000b2b8 00000008H .tls$ZZZ                DATA
 0002:0000b2c0 00001668H .xdata                  DATA
 0002:0000c928 00000150H .xdata$x                DATA
 0002:0000ca78 00000008H ATL$__a                 DATA
 0002:0000ca80 00000010H ATL$__z                 DATA
 0002:0000ca90 000000a4H .edata                  DATA
 0002:0000cb34 00000078H .idata$2                DATA
 0002:0000cbac 00000014H .idata$3                DATA
 0002:0000cbc0 00000628H .idata$4                DATA
 0002:0000d1e8 00000c3aH .idata$6                DATA
 0003:00000000 00000c98H .data                   DATA
 0003:00000c98 000000c8H .data$r                 DATA
 0003:00000d60 000013d4H .bss                    DATA
 0004:00000000 00001f20H .pdata                  DATA
 0005:00000000 00000220H .rsrc$01                DATA
 0005:00000220 00005b08H .rsrc$02                DATA

  Address         Publics by Value              Rva+Base               Lib:Object

 0000:00000000       __volatile_metadata        0000000000000000     <absolute>
 0000:00000000       __guard_longjmp_count      0000000000000000     <absolute>
 0000:00000000       __guard_longjmp_table      0000000000000000     <absolute>
 0000:00000000       __hybrid_code_map_count    0000000000000000     <absolute>
 0000:00000000       __guard_iat_table          0000000000000000     <absolute>
 0000:00000000       __guard_iat_count          0000000000000000     <absolute>
 0000:00000000       __guard_fids_count         0000000000000000     <absolute>
 0000:00000000       __hybrid_code_map          0000000000000000     <absolute>
 0000:00000000       ___safe_se_handler_count   0000000000000000     <absolute>
 0000:00000000       __enclave_config           0000000000000000     <absolute>
 0000:00000000       ___safe_se_handler_table   0000000000000000     <absolute>
 0000:00000000       __guard_fids_table         0000000000000000     <absolute>
 0000:00000000       __hybrid_auxiliary_iat     0000000000000000     <absolute>
 0000:00000000       __dynamic_value_reloc_table 0000000000000000     <absolute>
 0000:00000100       __guard_flags              0000000000000100     <absolute>
 0000:00000000       __ImageBase                0000000180000000     <linker-defined>
 0001:000000c0       ?DupWide@_CW@@AEAAXXZ      00000001800010c0 f   CWString.obj
 0001:000000e8       ?cw_dup@@YAXPEBDAEAHAEAPEA_W1@Z 00000001800010e8 f   CWString.obj
 0001:00000194       ?cw_memcpy@@YAHPEA_WPEBDH@Z 0000000180001194 f   CWString.obj
 0001:000001e0       ?cw_strcpy@@YAHPEA_WPEBD@Z 00000001800011e0 f   CWString.obj
 0001:000001f4       ??0CAtlComModule@ATL@@QEAA@XZ 00000001800011f4 f i OposVariant.obj
 0001:0000027c       ??0CAtlWinModule@ATL@@QEAA@XZ 000000018000127c f i OposVariant.obj
 0001:000002f4       ??0OposDispParms@@QEAA@PEAVOposVariant@@H@Z 00000001800012f4 f   OposVariant.obj
 0001:0000039c       ??1OposDispParms@@QEAA@XZ  000000018000139c f   OposVariant.obj
 0001:000003b4       ??_Estringdispid@CComTypeInfoHolder@ATL@@QEAAPEAXI@Z 00000001800013b4 f i OposVariant.obj
 0001:00000458       ?AtlWinModuleTerm@ATL@@YAJPEAU_ATL_WIN_MODULE70@1@PEAUHINSTANCE__@@@Z 0000000180001458 f i OposVariant.obj
 0001:00000508       ?ChangeBSTR@OposVariant@@QEAAXPEAPEA_WAEAJ@Z 0000000180001508 f   OposVariant.obj
 0001:00000568       ?ChangeLONG@OposVariant@@QEAAXPEAJAEAJ@Z 0000000180001568 f   OposVariant.obj
 0001:000005c4       ?GetLONG@OposVariant@@QEAAJXZ 00000001800015c4 f   OposVariant.obj
 0001:000005e8       ?SetBSTR@OposVariant@@QEAAXPEA_WAEAJ@Z 00000001800015e8 f   OposVariant.obj
 0001:00000628       ?SetBSTR_Copy@OposVariant@@QEAAXPEA_WAEAJ@Z 0000000180001628 f   OposVariant.obj
 0001:00000698       ?SetBSTR_InOutPtr@OposVariant@@QEAA_NPEAPEA_WAEAJ@Z 0000000180001698 f   OposVariant.obj
 0001:000006e8       ?SetBSTR_OutPtr@OposVariant@@QEAA_NPEAPEA_WAEAJ@Z 00000001800016e8 f   OposVariant.obj
 0001:00000704       ?SetDispatch_Ptr@OposVariant@@QEAAXPEAUIDispatch@@AEAJ@Z 0000000180001704 f   OposVariant.obj
 0001:0000075c       ?SetLONG@OposVariant@@QEAAXJ@Z 000000018000175c f   OposVariant.obj
 0001:0000078c       ?SetLONG_Ptr@OposVariant@@QEAAXPEAJAEAJ@Z 000000018000178c f   OposVariant.obj
 0001:000007d8       ?SetString@OposVariant@@QEAAXPEB_WAEAJ@Z 00000001800017d8 f   OposVariant.obj
 0001:0000083c       ?SetVARIANT@OposVariant@@QEAAXAEAUtagVARIANT@@GAEAJ@Z 000000018000183c f   OposVariant.obj
 0001:000008ac       ?SetVARIANT_BOOL@OposVariant@@QEAAXF@Z 00000001800018ac f   OposVariant.obj
 0001:000008e4       ?Term@CAtlComModule@ATL@@QEAAXXZ 00000001800018e4 f i OposVariant.obj
 0001:00000954       ?_AtlInitializeCriticalSectionEx@ATL@@YAHPEAU_RTL_CRITICAL_SECTION@@KK@Z 0000000180001954 f i OposVariant.obj
 0001:0000095c       ?_AtlRaiseException@ATL@@YAXKK@Z 000000018000195c f i OposVariant.obj
 0001:0000096c       ?AddRef@?$CComObjectCached@VCComClassFactory@ATL@@@ATL@@UEAAKXZ 000000018000196c f i MSR.obj
 0001:00000998       ?Release@?$CComObjectCached@VCComClassFactory@ATL@@@ATL@@UEAAKXZ 0000000180001998 f i MSR.obj
 0001:000009d8       ?QueryInterface@?$CComObjectCached@VCComClassFactory@ATL@@@ATL@@UEAAJAEBU_GUID@@PEAPEAX@Z 00000001800019d8 f i MSR.obj
 0001:000009ec       ??_G?$CComObjectCached@VCComClassFactory@ATL@@@ATL@@UEAAPEAXI@Z 00000001800019ec f i MSR.obj
 0001:000009ec       ??_E?$CComObjectCached@VCComClassFactory@ATL@@@ATL@@UEAAPEAXI@Z 00000001800019ec f i MSR.obj
 0001:00000a44       ?AddRef@?$CComAggObject@VCOPOSMSR@@@ATL@@UEAAKXZ 0000000180001a44 f i MSR.obj
 0001:00000a50       ?Release@?$CComAggObject@VCOPOSMSR@@@ATL@@UEAAKXZ 0000000180001a50 f i MSR.obj
 0001:00000aa4       ?QueryInterface@?$CComAggObject@VCOPOSMSR@@@ATL@@UEAAJAEBU_GUID@@PEAPEAX@Z 0000000180001aa4 f i MSR.obj
 0001:00000b04       ?AddRef@?$CComContainedObject@VCOPOSMSR@@@ATL@@UEAAKXZ 0000000180001b04 f i MSR.obj
 0001:00000b14       ?Release@?$CComContainedObject@VCOPOSMSR@@@ATL@@UEAAKXZ 0000000180001b14 f i MSR.obj
 0001:00000b24       ?QueryInterface@?$CComContainedObject@VCOPOSMSR@@@ATL@@UEAAJAEBU_GUID@@PEAPEAX@Z 0000000180001b24 f i MSR.obj
 0001:00000b34       ??_G?$CComAggObject@VCOPOSMSR@@@ATL@@UEAAPEAXI@Z 0000000180001b34 f i MSR.obj
 0001:00000b34       ??_E?$CComAggObject@VCOPOSMSR@@@ATL@@UEAAPEAXI@Z 0000000180001b34 f i MSR.obj
 0001:00000b8c       ?AddRef@?$CComObject@VCOPOSMSR@@@ATL@@UEAAKXZ 0000000180001b8c f i MSR.obj
 0001:00000b9c       ?Release@?$CComObject@VCOPOSMSR@@@ATL@@UEAAKXZ 0000000180001b9c f i MSR.obj
 0001:00000bf4       ?QueryInterface@?$CComObject@VCOPOSMSR@@@ATL@@UEAAJAEBU_GUID@@PEAPEAX@Z 0000000180001bf4 f i MSR.obj
 0001:00000c08       ?OnFinalMessage@?$CWindowImplBaseT@VCWindow@ATL@@V?$CWinTraits@$0FGAAAAAA@$0A@@2@@ATL@@UEAAXPEAUHWND__@@@Z 0000000180001c08 f i MSR.obj
 0001:00000c08       _guard_check_icall_nop     0000000180001c08 f i LIBCMT:guard_support.obj
 0001:00000c08       ?ObjectMain@CComObjectRootBase@ATL@@SAX_N@Z 0000000180001c08 f i MSR.obj
 0001:00000c0c       ?IsUpToDate@?$IOleObjectImpl@VCOPOSMSR@@@ATL@@UEAAJXZ 0000000180001c0c f i MSR.obj
 0001:00000c0c       ?GetObjectDescription@?$CComCoClass@VCOPOSMSR@@$1?CLSID_OPOSMSR@@3U_GUID@@B@ATL@@SAPEB_WXZ 0000000180001c0c f i MSR.obj
 0001:00000c0c       ?Release@CRegObject@ATL@@UEAAKXZ 0000000180001c0c f i MSR.obj
 0001:00000c0c       ?SaveCompleted@?$IPersistStorageImpl@VCOPOSMSR@@@ATL@@UEAAJPEAUIStorage@@@Z 0000000180001c0c f i MSR.obj
 0001:00000c0c       ?EnableModeless@?$IOleInPlaceActiveObjectImpl@VCOPOSMSR@@@ATL@@UEAAJH@Z 0000000180001c0c f i MSR.obj
 0001:00000c0c       ?Update@?$IOleObjectImpl@VCOPOSMSR@@@ATL@@UEAAJXZ 0000000180001c0c f i MSR.obj
 0001:00000c0c       ?HandsOffStorage@?$IPersistStorageImpl@VCOPOSMSR@@@ATL@@UEAAJXZ 0000000180001c0c f i MSR.obj
 0001:00000c0c       ?ResizeBorder@?$IOleInPlaceActiveObjectImpl@VCOPOSMSR@@@ATL@@UEAAJPEBUtagRECT@@PEAUIOleInPlaceUIWindow@@H@Z 0000000180001c0c f i MSR.obj
 0001:00000c0c       ?OnFrameWindowActivate@?$IOleInPlaceActiveObjectImpl@VCOPOSMSR@@@ATL@@UEAAJH@Z 0000000180001c0c f i MSR.obj
 0001:00000c0c       ?GetCategoryMap@CComObjectRootBase@ATL@@SAPEBU_ATL_CATMAP_ENTRY@2@XZ 0000000180001c0c f i MSR.obj
 0001:00000c0c       ?OnAmbientPropertyChange@?$IOleControlImpl@VCOPOSMSR@@@ATL@@UEAAJJ@Z 0000000180001c0c f i MSR.obj
 0001:00000c0c       ?SetHostNames@?$IOleObjectImpl@VCOPOSMSR@@@ATL@@UEAAJPEB_W0@Z 0000000180001c0c f i MSR.obj
 0001:00000c10       ?OnDrawAdvanced@CComControlBase@ATL@@UEAAJAEAUATL_DRAWINFO@@@Z 0000000180001c10 f i MSR.obj
 0001:00000d30       ?CreateInstance@CComClassFactory@ATL@@UEAAJPEAUIUnknown@@AEBU_GUID@@PEAPEAX@Z 0000000180001d30 f i MSR.obj
 0001:00000d90       ?LockServer@CComClassFactory@ATL@@UEAAJH@Z 0000000180001d90 f i MSR.obj
 0001:00000db4       ??_ECComClassFactory@ATL@@UEAAPEAXI@Z 0000000180001db4 f i MSR.obj
 0001:00000db4       ??_GCComClassFactory@ATL@@UEAAPEAXI@Z 0000000180001db4 f i MSR.obj
 0001:00000e04       ?Next@?$CComEnumImpl@UIEnumConnections@@$1?_GUID_b196b287_bab4_101a_b69c_00aa00341d07@@3U__s_GUID@@BUtagCONNECTDATA@@V?$_Copy@UtagCONNECTDATA@@@ATL@@@ATL@@UEAAJKPEAUtagCONNECTDATA@@PEAK@Z 0000000180001e04 f i MSR.obj
 0001:00000ed8       ?Skip@?$CComEnumImpl@UIEnumConnections@@$1?_GUID_b196b287_bab4_101a_b69c_00aa00341d07@@3U__s_GUID@@BUtagCONNECTDATA@@V?$_Copy@UtagCONNECTDATA@@@ATL@@@ATL@@UEAAJK@Z 0000000180001ed8 f i MSR.obj
 0001:00000f04       ?Reset@?$CComEnumImpl@UIEnumConnections@@$1?_GUID_b196b287_bab4_101a_b69c_00aa00341d07@@3U__s_GUID@@BUtagCONNECTDATA@@V?$_Copy@UtagCONNECTDATA@@@ATL@@@ATL@@UEAAJXZ 0000000180001f04 f i MSR.obj
 0001:00000f04       ?Reset@?$CComEnumImpl@UIEnumConnectionPoints@@$1?_GUID_b196b285_bab4_101a_b69c_00aa00341d07@@3U__s_GUID@@BPEAUIConnectionPoint@@V?$_CopyInterface@UIConnectionPoint@@@ATL@@@ATL@@UEAAJXZ 0000000180001f04 f i MSR.obj
 0001:00000f10       ?Clone@?$CComEnumImpl@UIEnumConnections@@$1?_GUID_b196b287_bab4_101a_b69c_00aa00341d07@@3U__s_GUID@@BUtagCONNECTDATA@@V?$_Copy@UtagCONNECTDATA@@@ATL@@@ATL@@UEAAJPEAPEAUIEnumConnections@@@Z 0000000180001f10 f i MSR.obj
 0001:00001038       ?AddRef@?$CComObject@V?$CComEnum@UIEnumConnectionPoints@@$1?_GUID_b196b285_bab4_101a_b69c_00aa00341d07@@3U__s_GUID@@BPEAUIConnectionPoint@@V?$_CopyInterface@UIConnectionPoint@@@ATL@@VCComSingleThreadModel@6@@ATL@@@ATL@@UEAAKXZ 0000000180002038 f i MSR.obj
 0001:00001038       ?AddRef@?$CComObject@V?$CComEnum@UIEnumConnections@@$1?_GUID_b196b287_bab4_101a_b69c_00aa00341d07@@3U__s_GUID@@BUtagCONNECTDATA@@V?$_Copy@UtagCONNECTDATA@@@ATL@@VCComSingleThreadModel@6@@ATL@@@ATL@@UEAAKXZ 0000000180002038 f i MSR.obj
 0001:00001044       ?Release@?$CComObject@V?$CComEnum@UIEnumConnections@@$1?_GUID_b196b287_bab4_101a_b69c_00aa00341d07@@3U__s_GUID@@BUtagCONNECTDATA@@V?$_Copy@UtagCONNECTDATA@@@ATL@@VCComSingleThreadModel@6@@ATL@@@ATL@@UEAAKXZ 0000000180002044 f i MSR.obj
 0001:00001044       ?Release@?$CComObject@V?$CComEnum@UIEnumConnectionPoints@@$1?_GUID_b196b285_bab4_101a_b69c_00aa00341d07@@3U__s_GUID@@BPEAUIConnectionPoint@@V?$_CopyInterface@UIConnectionPoint@@@ATL@@VCComSingleThreadModel@6@@ATL@@@ATL@@UEAAKXZ 0000000180002044 f i MSR.obj
 0001:00001098       ?QueryInterface@?$CComObject@V?$CComEnum@UIEnumConnections@@$1?_GUID_b196b287_bab4_101a_b69c_00aa00341d07@@3U__s_GUID@@BUtagCONNECTDATA@@V?$_Copy@UtagCONNECTDATA@@@ATL@@VCComSingleThreadModel@6@@ATL@@@ATL@@UEAAJAEBU_GUID@@PEAPEAX@Z 0000000180002098 f i MSR.obj
 0001:000010ac       ??_E?$CComObject@V?$CComEnum@UIEnumConnections@@$1?_GUID_b196b287_bab4_101a_b69c_00aa00341d07@@3U__s_GUID@@BUtagCONNECTDATA@@V?$_Copy@UtagCONNECTDATA@@@ATL@@VCComSingleThreadModel@6@@ATL@@@ATL@@UEAAPEAXI@Z 00000001800020ac f i MSR.obj
 0001:000010ac       ??_G?$CComObject@V?$CComEnum@UIEnumConnections@@$1?_GUID_b196b287_bab4_101a_b69c_00aa00341d07@@3U__s_GUID@@BUtagCONNECTDATA@@V?$_Copy@UtagCONNECTDATA@@@ATL@@VCComSingleThreadModel@6@@ATL@@@ATL@@UEAAPEAXI@Z 00000001800020ac f i MSR.obj
 0001:00001104       ??_E?$CComObject@VCOPOSMSR@@@ATL@@W7EAAPEAXI@Z 0000000180002104 f i MSR.obj
 0001:00001110       ??_E?$CComObject@VCOPOSMSR@@@ATL@@WHA@EAAPEAXI@Z 0000000180002110 f i MSR.obj
 0001:0000111c       ?QueryInterface@?$CComObject@VCOPOSMSR@@@ATL@@WLI@EAAJAEBU_GUID@@PEAPEAX@Z 000000018000211c f i MSR.obj
 0001:00001128       ?AddRef@?$CComObject@VCOPOSMSR@@@ATL@@WLI@EAAKXZ 0000000180002128 f i MSR.obj
 0001:00001134       ?Release@?$CComObject@VCOPOSMSR@@@ATL@@WLI@EAAKXZ 0000000180002134 f i MSR.obj
 0001:00001140       ?QueryInterface@?$CComObject@VCOPOSMSR@@@ATL@@WMA@EAAJAEBU_GUID@@PEAPEAX@Z 0000000180002140 f i MSR.obj
 0001:0000114c       ?AddRef@?$CComObject@VCOPOSMSR@@@ATL@@WMA@EAAKXZ 000000018000214c f i MSR.obj
 0001:00001158       ?Release@?$CComObject@VCOPOSMSR@@@ATL@@WMA@EAAKXZ 0000000180002158 f i MSR.obj
 0001:00001164       ?QueryInterface@?$CComObject@VCOPOSMSR@@@ATL@@WMI@EAAJAEBU_GUID@@PEAPEAX@Z 0000000180002164 f i MSR.obj
 0001:00001170       ?AddRef@?$CComObject@VCOPOSMSR@@@ATL@@WMI@EAAKXZ 0000000180002170 f i MSR.obj
 0001:0000117c       ?Release@?$CComObject@VCOPOSMSR@@@ATL@@WMI@EAAKXZ 000000018000217c f i MSR.obj
 0001:00001188       ?QueryInterface@?$CComObject@VCOPOSMSR@@@ATL@@WNA@EAAJAEBU_GUID@@PEAPEAX@Z 0000000180002188 f i MSR.obj
 0001:00001194       ?AddRef@?$CComObject@VCOPOSMSR@@@ATL@@WNA@EAAKXZ 0000000180002194 f i MSR.obj
 0001:000011a0       ?Release@?$CComObject@VCOPOSMSR@@@ATL@@WNA@EAAKXZ 00000001800021a0 f i MSR.obj
 0001:000011ac       ?QueryInterface@?$CComObject@VCOPOSMSR@@@ATL@@WNI@EAAJAEBU_GUID@@PEAPEAX@Z 00000001800021ac f i MSR.obj
 0001:000011b8       ?AddRef@?$CComObject@VCOPOSMSR@@@ATL@@WNI@EAAKXZ 00000001800021b8 f i MSR.obj
 0001:000011c4       ?Release@?$CComObject@VCOPOSMSR@@@ATL@@WNI@EAAKXZ 00000001800021c4 f i MSR.obj
 0001:000011d0       ?QueryInterface@?$CComObject@VCOPOSMSR@@@ATL@@WOA@EAAJAEBU_GUID@@PEAPEAX@Z 00000001800021d0 f i MSR.obj
 0001:000011dc       ?AddRef@?$CComObject@VCOPOSMSR@@@ATL@@WOA@EAAKXZ 00000001800021dc f i MSR.obj
 0001:000011e8       ?Release@?$CComObject@VCOPOSMSR@@@ATL@@WOA@EAAKXZ 00000001800021e8 f i MSR.obj
 0001:000011f4       ?QueryInterface@?$CComObject@VCOPOSMSR@@@ATL@@WOI@EAAJAEBU_GUID@@PEAPEAX@Z 00000001800021f4 f i MSR.obj
 0001:00001200       ?AddRef@?$CComObject@VCOPOSMSR@@@ATL@@WOI@EAAKXZ 0000000180002200 f i MSR.obj
 0001:0000120c       ?Release@?$CComObject@VCOPOSMSR@@@ATL@@WOI@EAAKXZ 000000018000220c f i MSR.obj
 0001:00001218       ?QueryInterface@?$CComObject@VCOPOSMSR@@@ATL@@WPA@EAAJAEBU_GUID@@PEAPEAX@Z 0000000180002218 f i MSR.obj
 0001:00001224       ?AddRef@?$CComObject@VCOPOSMSR@@@ATL@@WPA@EAAKXZ 0000000180002224 f i MSR.obj
 0001:00001230       ?Release@?$CComObject@VCOPOSMSR@@@ATL@@WPA@EAAKXZ 0000000180002230 f i MSR.obj
 0001:0000123c       ?QueryInterface@?$CComObject@VCOPOSMSR@@@ATL@@WPI@EAAJAEBU_GUID@@PEAPEAX@Z 000000018000223c f i MSR.obj
 0001:00001248       ?AddRef@?$CComObject@VCOPOSMSR@@@ATL@@WPI@EAAKXZ 0000000180002248 f i MSR.obj
 0001:00001254       ?Release@?$CComObject@VCOPOSMSR@@@ATL@@WPI@EAAKXZ 0000000180002254 f i MSR.obj
 0001:00001260       ?QueryInterface@?$CComObject@VCOPOSMSR@@@ATL@@WBAA@EAAJAEBU_GUID@@PEAPEAX@Z 0000000180002260 f i MSR.obj
 0001:0000126c       ?AddRef@?$CComObject@VCOPOSMSR@@@ATL@@WBAA@EAAKXZ 000000018000226c f i MSR.obj
 0001:00001278       ?Release@?$CComObject@VCOPOSMSR@@@ATL@@WBAA@EAAKXZ 0000000180002278 f i MSR.obj
 0001:00001284       ?QueryInterface@?$CComObject@VCOPOSMSR@@@ATL@@WBAI@EAAJAEBU_GUID@@PEAPEAX@Z 0000000180002284 f i MSR.obj
 0001:00001290       ?AddRef@?$CComObject@VCOPOSMSR@@@ATL@@WBAI@EAAKXZ 0000000180002290 f i MSR.obj
 0001:0000129c       ?Release@?$CComObject@VCOPOSMSR@@@ATL@@WBAI@EAAKXZ 000000018000229c f i MSR.obj
 0001:000012a8       ?QueryInterface@?$CComObject@VCOPOSMSR@@@ATL@@WBBA@EAAJAEBU_GUID@@PEAPEAX@Z 00000001800022a8 f i MSR.obj
 0001:000012b4       ?AddRef@?$CComObject@VCOPOSMSR@@@ATL@@WBBA@EAAKXZ 00000001800022b4 f i MSR.obj
 0001:000012c0       ?Release@?$CComObject@VCOPOSMSR@@@ATL@@WBBA@EAAKXZ 00000001800022c0 f i MSR.obj
 0001:000012cc       ?QueryInterface@?$CComObject@VCOPOSMSR@@@ATL@@WBBI@EAAJAEBU_GUID@@PEAPEAX@Z 00000001800022cc f i MSR.obj
 0001:000012d8       ?AddRef@?$CComObject@VCOPOSMSR@@@ATL@@WBBI@EAAKXZ 00000001800022d8 f i MSR.obj
 0001:000012e4       ?Release@?$CComObject@VCOPOSMSR@@@ATL@@WBBI@EAAKXZ 00000001800022e4 f i MSR.obj
 0001:000012f0       ?AddRef@?$CComObject@VCOPOSMSR@@@ATL@@WBCI@EAAKXZ 00000001800022f0 f i MSR.obj
 0001:000012fc       ?Release@?$CComObject@VCOPOSMSR@@@ATL@@WBCI@EAAKXZ 00000001800022fc f i MSR.obj
 0001:00001308       ?AddRef@?$CComObject@VCOPOSMSR@@@ATL@@WBEA@EAAKXZ 0000000180002308 f i MSR.obj
 0001:00001314       ?Release@?$CComObject@VCOPOSMSR@@@ATL@@WBEA@EAAKXZ 0000000180002314 f i MSR.obj
 0001:00001320       ??_E?$CComContainedObject@VCOPOSMSR@@@ATL@@W7EAAPEAXI@Z 0000000180002320 f i MSR.obj
 0001:0000132c       ??_E?$CComContainedObject@VCOPOSMSR@@@ATL@@WHA@EAAPEAXI@Z 000000018000232c f i MSR.obj
 0001:00001338       ?QueryInterface@?$CComContainedObject@VCOPOSMSR@@@ATL@@WLI@EAAJAEBU_GUID@@PEAPEAX@Z 0000000180002338 f i MSR.obj
 0001:00001344       ?AddRef@?$CComContainedObject@VCOPOSMSR@@@ATL@@WLI@EAAKXZ 0000000180002344 f i MSR.obj
 0001:00001350       ?Release@?$CComContainedObject@VCOPOSMSR@@@ATL@@WLI@EAAKXZ 0000000180002350 f i MSR.obj
 0001:0000135c       ?QueryInterface@?$CComContainedObject@VCOPOSMSR@@@ATL@@WMA@EAAJAEBU_GUID@@PEAPEAX@Z 000000018000235c f i MSR.obj
 0001:00001368       ?AddRef@?$CComContainedObject@VCOPOSMSR@@@ATL@@WMA@EAAKXZ 0000000180002368 f i MSR.obj
 0001:00001374       ?Release@?$CComContainedObject@VCOPOSMSR@@@ATL@@WMA@EAAKXZ 0000000180002374 f i MSR.obj
 0001:00001380       ?QueryInterface@?$CComContainedObject@VCOPOSMSR@@@ATL@@WMI@EAAJAEBU_GUID@@PEAPEAX@Z 0000000180002380 f i MSR.obj
 0001:0000138c       ?AddRef@?$CComContainedObject@VCOPOSMSR@@@ATL@@WMI@EAAKXZ 000000018000238c f i MSR.obj
 0001:00001398       ?Release@?$CComContainedObject@VCOPOSMSR@@@ATL@@WMI@EAAKXZ 0000000180002398 f i MSR.obj
 0001:000013a4       ?QueryInterface@?$CComContainedObject@VCOPOSMSR@@@ATL@@WNA@EAAJAEBU_GUID@@PEAPEAX@Z 00000001800023a4 f i MSR.obj
 0001:000013b0       ?AddRef@?$CComContainedObject@VCOPOSMSR@@@ATL@@WNA@EAAKXZ 00000001800023b0 f i MSR.obj
 0001:000013bc       ?Release@?$CComContainedObject@VCOPOSMSR@@@ATL@@WNA@EAAKXZ 00000001800023bc f i MSR.obj
 0001:000013c8       ?QueryInterface@?$CComContainedObject@VCOPOSMSR@@@ATL@@WNI@EAAJAEBU_GUID@@PEAPEAX@Z 00000001800023c8 f i MSR.obj
 0001:000013d4       ?AddRef@?$CComContainedObject@VCOPOSMSR@@@ATL@@WNI@EAAKXZ 00000001800023d4 f i MSR.obj
 0001:000013e0       ?Release@?$CComContainedObject@VCOPOSMSR@@@ATL@@WNI@EAAKXZ 00000001800023e0 f i MSR.obj
 0001:000013ec       ?QueryInterface@?$CComContainedObject@VCOPOSMSR@@@ATL@@WOA@EAAJAEBU_GUID@@PEAPEAX@Z 00000001800023ec f i MSR.obj
 0001:000013f8       ?AddRef@?$CComContainedObject@VCOPOSMSR@@@ATL@@WOA@EAAKXZ 00000001800023f8 f i MSR.obj
 0001:00001404       ?Release@?$CComContainedObject@VCOPOSMSR@@@ATL@@WOA@EAAKXZ 0000000180002404 f i MSR.obj
 0001:00001410       ?QueryInterface@?$CComContainedObject@VCOPOSMSR@@@ATL@@WOI@EAAJAEBU_GUID@@PEAPEAX@Z 0000000180002410 f i MSR.obj
 0001:0000141c       ?AddRef@?$CComContainedObject@VCOPOSMSR@@@ATL@@WOI@EAAKXZ 000000018000241c f i MSR.obj
 0001:00001428       ?Release@?$CComContainedObject@VCOPOSMSR@@@ATL@@WOI@EAAKXZ 0000000180002428 f i MSR.obj
 0001:00001434       ?QueryInterface@?$CComContainedObject@VCOPOSMSR@@@ATL@@WPA@EAAJAEBU_GUID@@PEAPEAX@Z 0000000180002434 f i MSR.obj
 0001:00001440       ?AddRef@?$CComContainedObject@VCOPOSMSR@@@ATL@@WPA@EAAKXZ 0000000180002440 f i MSR.obj
 0001:0000144c       ?Release@?$CComContainedObject@VCOPOSMSR@@@ATL@@WPA@EAAKXZ 000000018000244c f i MSR.obj
 0001:00001458       ?QueryInterface@?$CComContainedObject@VCOPOSMSR@@@ATL@@WPI@EAAJAEBU_GUID@@PEAPEAX@Z 0000000180002458 f i MSR.obj
 0001:00001464       ?AddRef@?$CComContainedObject@VCOPOSMSR@@@ATL@@WPI@EAAKXZ 0000000180002464 f i MSR.obj
 0001:00001470       ?Release@?$CComContainedObject@VCOPOSMSR@@@ATL@@WPI@EAAKXZ 0000000180002470 f i MSR.obj
 0001:0000147c       ?QueryInterface@?$CComContainedObject@VCOPOSMSR@@@ATL@@WBAA@EAAJAEBU_GUID@@PEAPEAX@Z 000000018000247c f i MSR.obj
 0001:00001488       ?AddRef@?$CComContainedObject@VCOPOSMSR@@@ATL@@WBAA@EAAKXZ 0000000180002488 f i MSR.obj
 0001:00001494       ?Release@?$CComContainedObject@VCOPOSMSR@@@ATL@@WBAA@EAAKXZ 0000000180002494 f i MSR.obj
 0001:000014a0       ?QueryInterface@?$CComContainedObject@VCOPOSMSR@@@ATL@@WBAI@EAAJAEBU_GUID@@PEAPEAX@Z 00000001800024a0 f i MSR.obj
 0001:000014ac       ?AddRef@?$CComContainedObject@VCOPOSMSR@@@ATL@@WBAI@EAAKXZ 00000001800024ac f i MSR.obj
 0001:000014b8       ?Release@?$CComContainedObject@VCOPOSMSR@@@ATL@@WBAI@EAAKXZ 00000001800024b8 f i MSR.obj
 0001:000014c4       ?QueryInterface@?$CComContainedObject@VCOPOSMSR@@@ATL@@WBBA@EAAJAEBU_GUID@@PEAPEAX@Z 00000001800024c4 f i MSR.obj
 0001:000014d0       ?AddRef@?$CComContainedObject@VCOPOSMSR@@@ATL@@WBBA@EAAKXZ 00000001800024d0 f i MSR.obj
 0001:000014dc       ?Release@?$CComContainedObject@VCOPOSMSR@@@ATL@@WBBA@EAAKXZ 00000001800024dc f i MSR.obj
 0001:000014e8       ?QueryInterface@?$CComContainedObject@VCOPOSMSR@@@ATL@@WBBI@EAAJAEBU_GUID@@PEAPEAX@Z 00000001800024e8 f i MSR.obj
 0001:000014f4       ?AddRef@?$CComContainedObject@VCOPOSMSR@@@ATL@@WBBI@EAAKXZ 00000001800024f4 f i MSR.obj
 0001:00001500       ?Release@?$CComContainedObject@VCOPOSMSR@@@ATL@@WBBI@EAAKXZ 0000000180002500 f i MSR.obj
 0001:0000150c       ?AddRef@?$CComContainedObject@VCOPOSMSR@@@ATL@@WBCI@EAAKXZ 000000018000250c f i MSR.obj
 0001:00001518       ?Release@?$CComContainedObject@VCOPOSMSR@@@ATL@@WBCI@EAAKXZ 0000000180002518 f i MSR.obj
 0001:00001524       ?AddRef@?$CComContainedObject@VCOPOSMSR@@@ATL@@WBEA@EAAKXZ 0000000180002524 f i MSR.obj
 0001:00001530       ?Release@?$CComContainedObject@VCOPOSMSR@@@ATL@@WBEA@EAAKXZ 0000000180002530 f i MSR.obj
 0001:0000153c       ?Lock@CAtlModule@ATL@@UEAAJXZ 000000018000253c f i MSR.obj
 0001:0000154c       ?Unlock@CAtlModule@ATL@@UEAAJXZ 000000018000254c f i MSR.obj
 0001:00001558       ?GetLockCount@CAtlModule@ATL@@UEAAJXZ 0000000180002558 f i MSR.obj
 0001:0000155c       ?GetGITPtr@CAtlModule@ATL@@UEAAJPEAPEAUIGlobalInterfaceTable@@@Z 000000018000255c f i MSR.obj
 0001:000015cc       ?AddCommonRGSReplacements@?$CAtlModuleT@VCComModule@ATL@@@ATL@@UEAAJPEAUIRegistrarBase@@@Z 00000001800025cc f i MSR.obj
 0001:000015e4       ?GetWindowProc@?$CWindowImplBaseT@VCWindow@ATL@@V?$CWinTraits@$0FGAAAAAA@$0A@@2@@ATL@@UEAAP6A_JPEAUHWND__@@I_K_J@ZXZ 00000001800025e4 f i MSR.obj
 0001:000015ec       ?StartWindowProc@?$CWindowImplBaseT@VCWindow@ATL@@V?$CWinTraits@$0FGAAAAAA@$0A@@2@@ATL@@SA_JPEAUHWND__@@I_K_J@Z 00000001800025ec f i MSR.obj
 0001:000016b0       ?UpdateRegistryFromResourceD@CComModule@ATL@@UEAAJPEB_WHPEAU_ATL_REGMAP_ENTRY@2@@Z 00000001800026b0 f i MSR.obj
 0001:000016b0       ?UpdateRegistryFromResourceD@CComModule@ATL@@UEAAJIHPEAU_ATL_REGMAP_ENTRY@2@@Z 00000001800026b0 f i MSR.obj
 0001:000016b8       ?UpdateRegistryFromResource@CComModule@ATL@@UEAAJPEB_WHPEAU_ATL_REGMAP_ENTRY@2@@Z 00000001800026b8 f i MSR.obj
 0001:000016c0       ?UpdateRegistryFromResource@CComModule@ATL@@UEAAJIHPEAU_ATL_REGMAP_ENTRY@2@@Z 00000001800026c0 f i MSR.obj
 0001:000016c8       ??_GCComModule@ATL@@UEAAPEAXI@Z 00000001800026c8 f i MSR.obj
 0001:000016c8       ??_ECComModule@ATL@@UEAAPEAXI@Z 00000001800026c8 f i MSR.obj
 0001:00001748       ?GetTypeInfoCount@?$IDispatchImpl@UIOPOSMSR@@$1?IID_IOPOSMSR@@3U_GUID@@B$1?LIBID_OposMSR_CCO@@3U3@B$00$0A@VCComTypeInfoHolder@ATL@@@ATL@@UEAAJPEAI@Z 0000000180002748 f i MSR.obj
 0001:0000175c       ?GetTypeInfo@?$IDispatchImpl@UIOPOSMSR@@$1?IID_IOPOSMSR@@3U_GUID@@B$1?LIBID_OposMSR_CCO@@3U3@B$00$0A@VCComTypeInfoHolder@ATL@@@ATL@@UEAAJIKPEAPEAUITypeInfo@@@Z 000000018000275c f i MSR.obj
 0001:000017c0       ?GetIDsOfNames@?$IDispatchImpl@UIOPOSMSR@@$1?IID_IOPOSMSR@@3U_GUID@@B$1?LIBID_OposMSR_CCO@@3U3@B$00$0A@VCComTypeInfoHolder@ATL@@@ATL@@UEAAJAEBU_GUID@@PEAPEA_WIKPEAJ@Z 00000001800027c0 f i MSR.obj
 0001:000017cc       ?Invoke@?$IDispatchImpl@UIOPOSMSR@@$1?IID_IOPOSMSR@@3U_GUID@@B$1?LIBID_OposMSR_CCO@@3U3@B$00$0A@VCComTypeInfoHolder@ATL@@@ATL@@UEAAJJAEBU_GUID@@KGPEAUtagDISPPARAMS@@PEAUtagVARIANT@@PEAUtagEXCEPINFO@@PEAI@Z 00000001800027cc f i MSR.obj
 0001:0000185c       ?CreateControlWindow@?$CComControl@VCOPOSMSR@@V?$CWindowImpl@VCOPOSMSR@@VCWindow@ATL@@V?$CWinTraits@$0FGAAAAAA@$0A@@3@@ATL@@@ATL@@UEAAPEAUHWND__@@PEAU3@AEAUtagRECT@@@Z 000000018000285c f i MSR.obj
 0001:00001894       ?ControlQueryInterface@?$CComControl@VCOPOSMSR@@V?$CWindowImpl@VCOPOSMSR@@VCWindow@ATL@@V?$CWinTraits@$0FGAAAAAA@$0A@@3@@ATL@@@ATL@@UEAAJAEBU_GUID@@PEAPEAX@Z 0000000180002894 f i MSR.obj
 0001:000018a8       ?GetClassID@?$IPersistStreamInitImpl@VCOPOSMSR@@@ATL@@UEAAJPEAU_GUID@@@Z 00000001800028a8 f i MSR.obj
 0001:000018a8       ?GetClassID@?$IPersistStorageImpl@VCOPOSMSR@@@ATL@@UEAAJPEAU_GUID@@@Z 00000001800028a8 f i MSR.obj
 0001:000018a8       ?GetUserClassID@?$IOleObjectImpl@VCOPOSMSR@@@ATL@@UEAAJPEAU_GUID@@@Z 00000001800028a8 f i MSR.obj
 0001:000018c4       ?IsDirty@?$IPersistStreamInitImpl@VCOPOSMSR@@@ATL@@UEAAJXZ 00000001800028c4 f i MSR.obj
 0001:000018e0       ?Load@?$IPersistStreamInitImpl@VCOPOSMSR@@@ATL@@UEAAJPEAUIStream@@@Z 00000001800028e0 f i MSR.obj
 0001:00001930       ?Save@?$IPersistStreamInitImpl@VCOPOSMSR@@@ATL@@UEAAJPEAUIStream@@H@Z 0000000180002930 f i MSR.obj
 0001:00001994       ?GetSizeMax@?$IPersistStreamInitImpl@VCOPOSMSR@@@ATL@@UEAAJPEAT_ULARGE_INTEGER@@@Z 0000000180002994 f i MSR.obj
 0001:00001bc0       ?InitNew@?$IPersistStreamInitImpl@VCOPOSMSR@@@ATL@@UEAAJXZ 0000000180002bc0 f i MSR.obj
 0001:00001bd8       ?GetRect@?$IViewObjectExImpl@VCOPOSMSR@@@ATL@@UEAAJKPEAU_RECTL@@@Z 0000000180002bd8 f i MSR.obj
 0001:00001bd8       ?SetData@?$IDataObjectImpl@VCOPOSMSR@@@ATL@@UEAAJPEAUtagFORMATETC@@PEAUtagSTGMEDIUM@@H@Z 0000000180002bd8 f i MSR.obj
 0001:00001bd8       ?GetColorSet@?$IViewObjectExImpl@VCOPOSMSR@@@ATL@@UEAAJKJPEAXPEAUtagDVTARGETDEVICE@@PEAUHDC__@@PEAPEAUtagLOGPALETTE@@@Z 0000000180002bd8 f i MSR.obj
 0001:00001bd8       ?GetMoniker@?$IOleObjectImpl@VCOPOSMSR@@@ATL@@UEAAJKKPEAPEAUIMoniker@@@Z 0000000180002bd8 f i MSR.obj
 0001:00001bd8       ?GetClipboardData@?$IOleObjectImpl@VCOPOSMSR@@@ATL@@UEAAJKPEAPEAUIDataObject@@@Z 0000000180002bd8 f i MSR.obj
 0001:00001bd8       ?Freeze@?$IViewObjectExImpl@VCOPOSMSR@@@ATL@@UEAAJKJPEAXPEAK@Z 0000000180002bd8 f i MSR.obj
 0001:00001bd8       ?InitFromData@?$IOleObjectImpl@VCOPOSMSR@@@ATL@@UEAAJPEAUIDataObject@@HK@Z 0000000180002bd8 f i MSR.obj
 0001:00001bd8       ?OnMnemonic@?$IOleControlImpl@VCOPOSMSR@@@ATL@@UEAAJPEAUtagMSG@@@Z 0000000180002bd8 f i MSR.obj
 0001:00001bd8       ?ReactivateAndUndo@?$IOleInPlaceObjectWindowlessImpl@VCOPOSMSR@@@ATL@@UEAAJXZ 0000000180002bd8 f i MSR.obj
 0001:00001bd8       ?GetCanonicalFormatEtc@?$IDataObjectImpl@VCOPOSMSR@@@ATL@@UEAAJPEAUtagFORMATETC@@0@Z 0000000180002bd8 f i MSR.obj
 0001:00001bd8       ?GetDataHere@?$IDataObjectImpl@VCOPOSMSR@@@ATL@@UEAAJPEAUtagFORMATETC@@PEAUtagSTGMEDIUM@@@Z 0000000180002bd8 f i MSR.obj
 0001:00001bd8       ?SetMoniker@?$IOleObjectImpl@VCOPOSMSR@@@ATL@@UEAAJKPEAUIMoniker@@@Z 0000000180002bd8 f i MSR.obj
 0001:00001bd8       ?ContextSensitiveHelp@?$IOleInPlaceActiveObjectImpl@VCOPOSMSR@@@ATL@@UEAAJH@Z 0000000180002bd8 f i MSR.obj
 0001:00001bd8       ?ContextSensitiveHelp@?$IOleInPlaceObjectWindowlessImpl@VCOPOSMSR@@@ATL@@UEAAJH@Z 0000000180002bd8 f i MSR.obj
 0001:00001bd8       ?SetColorScheme@?$IOleObjectImpl@VCOPOSMSR@@@ATL@@UEAAJPEAUtagLOGPALETTE@@@Z 0000000180002bd8 f i MSR.obj
 0001:00001bd8       ?Unfreeze@?$IViewObjectExImpl@VCOPOSMSR@@@ATL@@UEAAJK@Z 0000000180002bd8 f i MSR.obj
 0001:00001bd8       ?GetControlInfo@?$IOleControlImpl@VCOPOSMSR@@@ATL@@UEAAJPEAUtagCONTROLINFO@@@Z 0000000180002bd8 f i MSR.obj
 0001:00001bd8       ?SOOutputCompleteDummy@COPOSMSR@@MEAAJJ@Z 0000000180002bd8 f i MSR.obj
 0001:00001bd8       ?GetDropTarget@?$IOleInPlaceObjectWindowlessImpl@VCOPOSMSR@@@ATL@@UEAAJPEAPEAUIDropTarget@@@Z 0000000180002bd8 f i MSR.obj
 0001:00001bd8       ?QueryInterface@CRegObject@ATL@@UEAAJAEBU_GUID@@PEAPEAX@Z 0000000180002bd8 f i MSR.obj
 0001:00001bd8       ?QueryGetData@?$IDataObjectImpl@VCOPOSMSR@@@ATL@@UEAAJPEAUtagFORMATETC@@@Z 0000000180002bd8 f i MSR.obj
 0001:00001bd8       ?EnumFormatEtc@?$IDataObjectImpl@VCOPOSMSR@@@ATL@@UEAAJKPEAPEAUIEnumFORMATETC@@@Z 0000000180002bd8 f i MSR.obj
 0001:00001be0       ?SetClientSite@?$IOleObjectImpl@VCOPOSMSR@@@ATL@@UEAAJPEAUIOleClientSite@@@Z 0000000180002be0 f i MSR.obj
 0001:00001bfc       ?GetClientSite@?$IOleObjectImpl@VCOPOSMSR@@@ATL@@UEAAJPEAPEAUIOleClientSite@@@Z 0000000180002bfc f i MSR.obj
 0001:00001c44       ?Close@?$IOleObjectImpl@VCOPOSMSR@@@ATL@@UEAAJK@Z 0000000180002c44 f i MSR.obj
 0001:00001c60       ?DoVerb@?$IOleObjectImpl@VCOPOSMSR@@@ATL@@UEAAJJPEAUtagMSG@@PEAUIOleClientSite@@JPEAUHWND__@@PEBUtagRECT@@@Z 0000000180002c60 f i MSR.obj
 0001:00001e04       ?EnumVerbs@?$IOleObjectImpl@VCOPOSMSR@@@ATL@@UEAAJPEAPEAUIEnumOLEVERB@@@Z 0000000180002e04 f i MSR.obj
 0001:00001e20       ?GetUserType@?$IOleObjectImpl@VCOPOSMSR@@@ATL@@UEAAJKPEAPEA_W@Z 0000000180002e20 f i MSR.obj
 0001:00001e30       ?SetExtent@?$IOleObjectImpl@VCOPOSMSR@@@ATL@@UEAAJKPEAUtagSIZE@@@Z 0000000180002e30 f i MSR.obj
 0001:00001e4c       ?GetExtent@?$IOleObjectImpl@VCOPOSMSR@@@ATL@@UEAAJKPEAUtagSIZE@@@Z 0000000180002e4c f i MSR.obj
 0001:00001e7c       ?Advise@?$IOleObjectImpl@VCOPOSMSR@@@ATL@@UEAAJPEAUIAdviseSink@@PEAK@Z 0000000180002e7c f i MSR.obj
 0001:00001ed8       ?Unadvise@?$IOleObjectImpl@VCOPOSMSR@@@ATL@@UEAAJK@Z 0000000180002ed8 f i MSR.obj
 0001:00001f10       ?EnumAdvise@?$IOleObjectImpl@VCOPOSMSR@@@ATL@@UEAAJPEAPEAUIEnumSTATDATA@@@Z 0000000180002f10 f i MSR.obj
 0001:00001f58       ?GetMiscStatus@?$IOleObjectImpl@VCOPOSMSR@@@ATL@@UEAAJKPEAK@Z 0000000180002f58 f i MSR.obj
 0001:00001f68       ?GetWindow@?$IOleInPlaceActiveObjectImpl@VCOPOSMSR@@@ATL@@UEAAJPEAPEAUHWND__@@@Z 0000000180002f68 f i MSR.obj
 0001:00001fbc       ?TranslateAcceleratorW@?$IOleInPlaceActiveObjectImpl@VCOPOSMSR@@@ATL@@UEAAJPEAUtagMSG@@@Z 0000000180002fbc f i MSR.obj
 0001:000020b0       ?OnDocWindowActivate@?$IOleInPlaceActiveObjectImpl@VCOPOSMSR@@@ATL@@UEAAJH@Z 00000001800030b0 f i MSR.obj
 0001:000020dc       ?Draw@?$IViewObjectExImpl@VCOPOSMSR@@@ATL@@UEAAJKJPEAXPEAUtagDVTARGETDEVICE@@PEAUHDC__@@2PEBU_RECTL@@3P6AH_K@Z4@Z 00000001800030dc f i MSR.obj
 0001:00002140       ?SetAdvise@?$IViewObjectExImpl@VCOPOSMSR@@@ATL@@UEAAJKKPEAUIAdviseSink@@@Z 0000000180003140 f i MSR.obj
 0001:00002194       ?GetAdvise@?$IViewObjectExImpl@VCOPOSMSR@@@ATL@@UEAAJPEAK0PEAPEAUIAdviseSink@@@Z 0000000180003194 f i MSR.obj
 0001:000021d0       ?GetExtent@?$IViewObjectExImpl@VCOPOSMSR@@@ATL@@UEAAJKJPEAUtagDVTARGETDEVICE@@PEAUtagSIZE@@@Z 00000001800031d0 f i MSR.obj
 0001:00002200       ?GetViewStatus@?$IViewObjectExImpl@VCOPOSMSR@@@ATL@@UEAAJPEAK@Z 0000000180003200 f i MSR.obj
 0001:00002214       ?QueryHitPoint@?$IViewObjectExImpl@VCOPOSMSR@@@ATL@@UEAAJKPEBUtagRECT@@UtagPOINT@@JPEAK@Z 0000000180003214 f i MSR.obj
 0001:00002258       ?QueryHitRect@?$IViewObjectExImpl@VCOPOSMSR@@@ATL@@UEAAJKPEBUtagRECT@@0JPEAK@Z 0000000180003258 f i MSR.obj
 0001:000022c0       ?GetNaturalExtent@?$IViewObjectExImpl@VCOPOSMSR@@@ATL@@UEAAJKJPEAUtagDVTARGETDEVICE@@PEAUHDC__@@PEAUtagExtentInfo@@PEAUtagSIZE@@@Z 00000001800032c0 f i MSR.obj
 0001:00002308       ?GetWindow@?$IOleInPlaceObjectWindowlessImpl@VCOPOSMSR@@@ATL@@UEAAJPEAPEAUHWND__@@@Z 0000000180003308 f i MSR.obj
 0001:0000235c       ?InPlaceDeactivate@?$IOleInPlaceObjectWindowlessImpl@VCOPOSMSR@@@ATL@@UEAAJXZ 000000018000335c f i MSR.obj
 0001:00002378       ?UIDeactivate@?$IOleInPlaceObjectWindowlessImpl@VCOPOSMSR@@@ATL@@UEAAJXZ 0000000180003378 f i MSR.obj
 0001:00002394       ?SetObjectRects@?$IOleInPlaceObjectWindowlessImpl@VCOPOSMSR@@@ATL@@UEAAJPEBUtagRECT@@0@Z 0000000180003394 f i MSR.obj
 0001:000023b0       ?OnWindowMessage@?$IOleInPlaceObjectWindowlessImpl@VCOPOSMSR@@@ATL@@UEAAJI_K_JPEA_J@Z 00000001800033b0 f i MSR.obj
 0001:00002478       ?EnumConnectionPoints@?$IConnectionPointContainerImpl@VCOPOSMSR@@@ATL@@UEAAJPEAPEAUIEnumConnectionPoints@@@Z 0000000180003478 f i MSR.obj
 0001:000026c0       ?FindConnectionPoint@?$IConnectionPointContainerImpl@VCOPOSMSR@@@ATL@@UEAAJAEBU_GUID@@PEAPEAUIConnectionPoint@@@Z 00000001800036c0 f i MSR.obj
 0001:00002790       ?IsDirty@?$IPersistStorageImpl@VCOPOSMSR@@@ATL@@UEAAJXZ 0000000180003790 f i MSR.obj
 0001:000027d4       ?InitNew@?$IPersistStorageImpl@VCOPOSMSR@@@ATL@@UEAAJPEAUIStorage@@@Z 00000001800037d4 f i MSR.obj
 0001:00002818       ?Load@?$IPersistStorageImpl@VCOPOSMSR@@@ATL@@UEAAJPEAUIStorage@@@Z 0000000180003818 f i MSR.obj
 0001:000028b8       ?Save@?$IPersistStorageImpl@VCOPOSMSR@@@ATL@@UEAAJPEAUIStorage@@H@Z 00000001800038b8 f i MSR.obj
 0001:00002968       ?GetPages@?$ISpecifyPropertyPagesImpl@VCOPOSMSR@@@ATL@@UEAAJPEAUtagCAUUID@@@Z 0000000180003968 f i MSR.obj
 0001:00002974       ?QuickActivate@?$IQuickActivateImpl@VCOPOSMSR@@@ATL@@UEAAJPEAUtagQACONTAINER@@PEAUtagQACONTROL@@@Z 0000000180003974 f i MSR.obj
 0001:00002990       ?SetContentExtent@?$IQuickActivateImpl@VCOPOSMSR@@@ATL@@UEAAJPEAUtagSIZE@@@Z 0000000180003990 f i MSR.obj
 0001:000029c4       ?GetContentExtent@?$IQuickActivateImpl@VCOPOSMSR@@@ATL@@UEAAJPEAUtagSIZE@@@Z 00000001800039c4 f i MSR.obj
 0001:000029fc       ?GetData@?$IDataObjectImpl@VCOPOSMSR@@@ATL@@UEAAJPEAUtagFORMATETC@@PEAUtagSTGMEDIUM@@@Z 00000001800039fc f i MSR.obj
 0001:00002a18       ?DAdvise@?$IDataObjectImpl@VCOPOSMSR@@@ATL@@UEAAJPEAUtagFORMATETC@@KPEAUIAdviseSink@@PEAK@Z 0000000180003a18 f i MSR.obj
 0001:00002aa0       ?DUnadvise@?$IDataObjectImpl@VCOPOSMSR@@@ATL@@UEAAJK@Z 0000000180003aa0 f i MSR.obj
 0001:00002acc       ?EnumDAdvise@?$IDataObjectImpl@VCOPOSMSR@@@ATL@@UEAAJPEAPEAUIEnumSTATDATA@@@Z 0000000180003acc f i MSR.obj
 0001:00002b08       ?GetClassInfoW@?$IProvideClassInfo2Impl@$1?CLSID_OPOSMSR@@3U_GUID@@B$1?DIID__IOPOSMSREvents@@3U2@B$1?LIBID_OposMSR_CCO@@3U2@B$00$0A@VCComTypeInfoHolder@ATL@@@ATL@@UEAAJPEAPEAUITypeInfo@@@Z 0000000180003b08 f i MSR.obj
 0001:00002b60       ?GetGUID@?$IProvideClassInfo2Impl@$1?CLSID_OPOSMSR@@3U_GUID@@B$1?DIID__IOPOSMSREvents@@3U2@B$1?LIBID_OposMSR_CCO@@3U2@B$00$0A@VCComTypeInfoHolder@ATL@@@ATL@@UEAAJKPEAU_GUID@@@Z 0000000180003b60 f i MSR.obj
 0001:00002b94       _get_startup_argv_mode     0000000180003b94 f i LIBCMT:argv_mode.obj
 0001:00002b94       ?FAccessAllowed@?$IObjectSafetyImpl@VCOPOSMSR@@$02@ATL@@MEAAHXZ 0000000180003b94 f i MSR.obj
 0001:00002b94       ?AddRef@CRegObject@ATL@@UEAAKXZ 0000000180003b94 f i MSR.obj
 0001:00002b9c       ?GetInterfaceSafetyOptions@?$IObjectSafetyImpl@VCOPOSMSR@@$02@ATL@@UEAAJAEBU_GUID@@PEAK1@Z 0000000180003b9c f i MSR.obj
 0001:00002c30       ?SetInterfaceSafetyOptions@?$IObjectSafetyImpl@VCOPOSMSR@@$02@ATL@@UEAAJAEBU_GUID@@KK@Z 0000000180003c30 f i MSR.obj
 0001:00002cd4       ?_LocCPQueryInterface@?$IConnectionPointImpl@VCOPOSMSR@@$1?IID_IPropertyNotifySink@@3U_GUID@@BVCComDynamicUnkArray@ATL@@@ATL@@UEAAJAEBU_GUID@@PEAPEAX@Z 0000000180003cd4 f i MSR.obj
 0001:00002cd4       ?_LocCPQueryInterface@?$IConnectionPointImpl@VCOPOSMSR@@$1?DIID__IOPOSMSREvents@@3U_GUID@@BVCComDynamicUnkArray@ATL@@@ATL@@UEAAJAEBU_GUID@@PEAPEAX@Z 0000000180003cd4 f i MSR.obj
 0001:00002d48       ?GetConnectionInterface@?$IConnectionPointImpl@VCOPOSMSR@@$1?IID_IPropertyNotifySink@@3U_GUID@@BVCComDynamicUnkArray@ATL@@@ATL@@UEAAJPEAU_GUID@@@Z 0000000180003d48 f i MSR.obj
 0001:00002d64       ?GetConnectionPointContainer@?$IConnectionPointImpl@VCOPOSMSR@@$1?IID_IPropertyNotifySink@@3U_GUID@@BVCComDynamicUnkArray@ATL@@@ATL@@UEAAJPEAPEAUIConnectionPointContainer@@@Z 0000000180003d64 f i MSR.obj
 0001:00002d84       ?Advise@?$IConnectionPointImpl@VCOPOSMSR@@$1?IID_IPropertyNotifySink@@3U_GUID@@BVCComDynamicUnkArray@ATL@@@ATL@@UEAAJPEAUIUnknown@@PEAK@Z 0000000180003d84 f i MSR.obj
 0001:00002d84       ?Advise@?$IConnectionPointImpl@VCOPOSMSR@@$1?DIID__IOPOSMSREvents@@3U_GUID@@BVCComDynamicUnkArray@ATL@@@ATL@@UEAAJPEAUIUnknown@@PEAK@Z 0000000180003d84 f i MSR.obj
 0001:00002e44       ?Unadvise@?$IConnectionPointImpl@VCOPOSMSR@@$1?IID_IPropertyNotifySink@@3U_GUID@@BVCComDynamicUnkArray@ATL@@@ATL@@UEAAJK@Z 0000000180003e44 f i MSR.obj
 0001:00002e44       ?Unadvise@?$IConnectionPointImpl@VCOPOSMSR@@$1?DIID__IOPOSMSREvents@@3U_GUID@@BVCComDynamicUnkArray@ATL@@@ATL@@UEAAJK@Z 0000000180003e44 f i MSR.obj
 0001:00002ec0       ?EnumConnections@?$IConnectionPointImpl@VCOPOSMSR@@$1?DIID__IOPOSMSREvents@@3U_GUID@@BVCComDynamicUnkArray@ATL@@@ATL@@UEAAJPEAPEAUIEnumConnections@@@Z 0000000180003ec0 f i MSR.obj
 0001:00002ec0       ?EnumConnections@?$IConnectionPointImpl@VCOPOSMSR@@$1?IID_IPropertyNotifySink@@3U_GUID@@BVCComDynamicUnkArray@ATL@@@ATL@@UEAAJPEAPEAUIEnumConnections@@@Z 0000000180003ec0 f i MSR.obj
 0001:00003068       ?GetConnectionInterface@?$IConnectionPointImpl@VCOPOSMSR@@$1?DIID__IOPOSMSREvents@@3U_GUID@@BVCComDynamicUnkArray@ATL@@@ATL@@UEAAJPEAU_GUID@@@Z 0000000180004068 f i MSR.obj
 0001:00003084       ?GetConnectionPointContainer@?$IConnectionPointImpl@VCOPOSMSR@@$1?DIID__IOPOSMSREvents@@3U_GUID@@BVCComDynamicUnkArray@ATL@@@ATL@@UEAAJPEAPEAUIConnectionPointContainer@@@Z 0000000180004084 f i MSR.obj
 0001:000030a4       ?UpdateRegistry@COPOSMSR@@SAJH@Z 00000001800040a4 f i MSR.obj
 0001:000030bc       ?ProcessWindowMessage@COPOSMSR@@UEAAHPEAUHWND__@@I_K_JAEA_JK@Z 00000001800040bc f i MSR.obj
 0001:00003144       ?SOData@COPOSMSR@@MEAAJJ@Z 0000000180004144 f i MSR.obj
 0001:00003194       ?SODirectIO@COPOSMSR@@MEAAJJPEAJPEAPEA_W@Z 0000000180004194 f i MSR.obj
 0001:0000320c       ?SOError@COPOSMSR@@MEAAJJJJPEAJ@Z 000000018000420c f i MSR.obj
 0001:00003294       ?SOStatusUpdate@COPOSMSR@@MEAAJJ@Z 0000000180004294 f i MSR.obj
 0001:000032e4       ?AddReplacement@CRegObject@ATL@@UEAAJPEB_W0@Z 00000001800042e4 f i MSR.obj
 0001:00003314       ?ClearReplacements@CRegObject@ATL@@UEAAJXZ 0000000180004314 f i MSR.obj
 0001:00003320       ??_GCRegObject@ATL@@UEAAPEAXI@Z 0000000180004320 f i MSR.obj
 0001:00003320       ??_ECRegObject@ATL@@UEAAPEAXI@Z 0000000180004320 f i MSR.obj
 0001:000033a0       ?CreateInstance@?$CComCreator@V?$CComObjectCached@VCComClassFactory@ATL@@@ATL@@@ATL@@SAJPEAXAEBU_GUID@@PEAPEAX@Z 00000001800043a0 f i MSR.obj
 0001:000034a4       ?CreateInstance@?$CComCreator2@V?$CComCreator@V?$CComObject@VCOPOSMSR@@@ATL@@@ATL@@V?$CComCreator@V?$CComAggObject@VCOPOSMSR@@@ATL@@@2@@ATL@@SAJPEAXAEBU_GUID@@PEAPEAX@Z 00000001800044a4 f i MSR.obj
 0001:000034b4       ?Next@?$CComEnumImpl@UIEnumConnectionPoints@@$1?_GUID_b196b285_bab4_101a_b69c_00aa00341d07@@3U__s_GUID@@BPEAUIConnectionPoint@@V?$_CopyInterface@UIConnectionPoint@@@ATL@@@ATL@@UEAAJKPEAPEAUIConnectionPoint@@PEAK@Z 00000001800044b4 f i MSR.obj
 0001:00003580       ?Skip@?$CComEnumImpl@UIEnumConnectionPoints@@$1?_GUID_b196b285_bab4_101a_b69c_00aa00341d07@@3U__s_GUID@@BPEAUIConnectionPoint@@V?$_CopyInterface@UIConnectionPoint@@@ATL@@@ATL@@UEAAJK@Z 0000000180004580 f i MSR.obj
 0001:000035ac       ?Clone@?$CComEnumImpl@UIEnumConnectionPoints@@$1?_GUID_b196b285_bab4_101a_b69c_00aa00341d07@@3U__s_GUID@@BPEAUIConnectionPoint@@V?$_CopyInterface@UIConnectionPoint@@@ATL@@@ATL@@UEAAJPEAPEAUIEnumConnectionPoints@@@Z 00000001800045ac f i MSR.obj
 0001:000036d4       ?QueryInterface@?$CComObject@V?$CComEnum@UIEnumConnectionPoints@@$1?_GUID_b196b285_bab4_101a_b69c_00aa00341d07@@3U__s_GUID@@BPEAUIConnectionPoint@@V?$_CopyInterface@UIConnectionPoint@@@ATL@@VCComSingleThreadModel@6@@ATL@@@ATL@@UEAAJAEBU_GUID@@PEAPEAX@Z 00000001800046d4 f i MSR.obj
 0001:000036e8       ??_E?$CComObject@V?$CComEnum@UIEnumConnectionPoints@@$1?_GUID_b196b285_bab4_101a_b69c_00aa00341d07@@3U__s_GUID@@BPEAUIConnectionPoint@@V?$_CopyInterface@UIConnectionPoint@@@ATL@@VCComSingleThreadModel@6@@ATL@@@ATL@@UEAAPEAXI@Z 00000001800046e8 f i MSR.obj
 0001:000036e8       ??_G?$CComObject@V?$CComEnum@UIEnumConnectionPoints@@$1?_GUID_b196b285_bab4_101a_b69c_00aa00341d07@@3U__s_GUID@@BPEAUIConnectionPoint@@V?$_CopyInterface@UIConnectionPoint@@@ATL@@VCComSingleThreadModel@6@@ATL@@@ATL@@UEAAPEAXI@Z 00000001800046e8 f i MSR.obj
 0001:00003740       ??$AtlModuleRegisterWndClassInfoT@VAtlModuleRegisterWndClassInfoParamW@ATL@@@ATL@@YAGPEAU_ATL_BASE_MODULE70@0@PEAU_ATL_WIN_MODULE70@0@PEAU_ATL_WNDCLASSINFOW@0@PEAP6A_JPEAUHWND__@@I_K_J@ZVAtlModuleRegisterWndClassInfoParamW@0@@Z 0000000180004740 f i MSR.obj
 0001:00003940       ??0?$CComContainedObject@VCOPOSMSR@@@ATL@@QEAA@PEAX@Z 0000000180004940 f i MSR.obj
 0001:00003a5c       ??0?$CComObject@VCOPOSMSR@@@ATL@@QEAA@PEAX@Z 0000000180004a5c f i MSR.obj
 0001:00003b74       ??0CAtlModule@ATL@@QEAA@XZ 0000000180004b74 f i MSR.obj
 0001:00003bf4       ??1?$CComEnumImpl@UIEnumConnectionPoints@@$1?_GUID_b196b285_bab4_101a_b69c_00aa00341d07@@3U__s_GUID@@BPEAUIConnectionPoint@@V?$_CopyInterface@UIConnectionPoint@@@ATL@@@ATL@@UEAA@XZ 0000000180004bf4 f i MSR.obj
 0001:00003c50       ??1?$CComEnumImpl@UIEnumConnections@@$1?_GUID_b196b287_bab4_101a_b69c_00aa00341d07@@3U__s_GUID@@BUtagCONNECTDATA@@V?$_Copy@UtagCONNECTDATA@@@ATL@@@ATL@@UEAA@XZ 0000000180004c50 f i MSR.obj
 0001:00003cac       ??1?$CComObject@VCOPOSMSR@@@ATL@@UEAA@XZ 0000000180004cac f i MSR.obj
 0001:00003dcc       ??_E?$CComContainedObject@VCOPOSMSR@@@ATL@@UEAAPEAXI@Z 0000000180004dcc f i MSR.obj
 0001:00003dcc       ??_G?$CComContainedObject@VCOPOSMSR@@@ATL@@UEAAPEAXI@Z 0000000180004dcc f i MSR.obj
 0001:00003e00       ??_E?$CComObject@VCOPOSMSR@@@ATL@@UEAAPEAXI@Z 0000000180004e00 f i MSR.obj
 0001:00003e00       ??_G?$CComObject@VCOPOSMSR@@@ATL@@UEAAPEAXI@Z 0000000180004e00 f i MSR.obj
 0001:00003e34       ?Add@?$CSimpleArray@GV?$CSimpleArrayEqualHelper@G@ATL@@@ATL@@QEAAHAEBG@Z 0000000180004e34 f i MSR.obj
 0001:00003ee8       ?Add@?$CSimpleMap@PEA_WPEA_WVCExpansionVectorEqualHelper@ATL@@@ATL@@QEAAHAEBQEA_W0@Z 0000000180004ee8 f i MSR.obj
 0001:00003f88       ?Add@CComDynamicUnkArray@ATL@@QEAAKPEAUIUnknown@@@Z 0000000180004f88 f i MSR.obj
 0001:00004080       ?Add@CExpansionVector@ATL@@QEAAHPEB_W0@Z 0000000180005080 f i MSR.obj
 0001:00004210       ?AddValue@CRegParser@ATL@@IEAAJAEAVCRegKey@2@PEB_WPEA_W@Z 0000000180005210 f i MSR.obj
 0001:00004658       ?AllocateHeap@?$CTempBuffer@_W$0BAA@VCCRTAllocator@ATL@@@ATL@@AEAAX_K@Z 0000000180005658 f i MSR.obj
 0001:00004658       ?AllocateHeap@?$CTempBuffer@_W$0EAA@VCCRTAllocator@ATL@@@ATL@@AEAAX_K@Z 0000000180005658 f i MSR.obj
 0001:00004658       ?AllocateHeap@?$CTempBuffer@E$0BAA@VCCRTAllocator@ATL@@@ATL@@AEAAX_K@Z 0000000180005658 f i MSR.obj
 0001:00004684       ?Append@CParseBuffer@CRegParser@ATL@@QEAAHPEB_WH@Z 0000000180005684 f i MSR.obj
 0001:0000479c       ?AtlCallTermFunc@ATL@@YAXPEAU_ATL_MODULE70@1@@Z 000000018000579c f i MSR.obj
 0001:00004800       ?AtlComModuleGetClassObject@ATL@@YAJPEAU_ATL_COM_MODULE70@1@AEBU_GUID@@1PEAPEAX@Z 0000000180005800 f i MSR.obj
 0001:00004940       ?AtlComModuleRegisterServer@ATL@@YAJPEAU_ATL_COM_MODULE70@1@HPEBU_GUID@@@Z 0000000180005940 f i MSR.obj
 0001:00004a00       ?AtlComModuleUnregisterServer@ATL@@YAJPEAU_ATL_COM_MODULE70@1@HPEBU_GUID@@@Z 0000000180005a00 f i MSR.obj
 0001:00004abc       ?AtlCreateTargetDC@ATL@@YAPEAUHDC__@@PEAU2@PEAUtagDVTARGETDEVICE@@@Z 0000000180005abc f i MSR.obj
 0001:00004b30       ?AtlHiMetricToPixel@ATL@@YAXPEBUtagSIZE@@PEAU2@@Z 0000000180005b30 f i MSR.obj
 0001:00004be0       ?AtlHresultFromLastError@ATL@@YAJXZ 0000000180005be0 f i MSR.obj
 0001:00004c00       ?AtlHresultFromWin32@ATL@@YAJK@Z 0000000180005c00 f i MSR.obj
 0001:00004c10       ?AtlIPersistStreamInit_Load@ATL@@YAJPEAUIStream@@PEBUATL_PROPMAP_ENTRY@1@PEAXPEAUIUnknown@@@Z 0000000180005c10 f i MSR.obj
 0001:00004e48       ?AtlIPersistStreamInit_Save@ATL@@YAJPEAUIStream@@HPEBUATL_PROPMAP_ENTRY@1@PEAXPEAUIUnknown@@@Z 0000000180005e48 f i MSR.obj
 0001:00005084       ?AtlInternalOleLoadFromStream@ATL@@YAJPEAUIStream@@AEBU_GUID@@PEAPEAXTClassesAllowedInStream@1@K@Z 0000000180006084 f i MSR.obj
 0001:000051c8       ?AtlInternalQueryInterface@ATL@@YAJPEAXPEBU_ATL_INTMAP_ENTRY@1@AEBU_GUID@@PEAPEAX@Z 00000001800061c8 f i MSR.obj
 0001:000052d0       ?AtlLoadTypeLib@ATL@@YAJPEAUHINSTANCE__@@PEB_WPEAPEA_WPEAPEAUITypeLib@@@Z 00000001800062d0 f i MSR.obj
 0001:0000552c       ?AtlModuleAddTermFunc@ATL@@YAJPEAU_ATL_MODULE70@1@P6AX_K@Z1@Z 000000018000652c f i MSR.obj
 0001:000055c0       ?AtlRegisterClassCategoriesHelper@ATL@@YAJAEBU_GUID@@PEBU_ATL_CATMAP_ENTRY@1@H@Z 00000001800065c0 f i MSR.obj
 0001:00005a28       ?AtlRegisterTypeLib@ATL@@YAJPEAUHINSTANCE__@@PEB_W@Z 0000000180006a28 f i MSR.obj
 0001:00005c24       ?AtlThrowImpl@ATL@@YAXJ@Z  0000000180006c24 f i MSR.obj
 0001:00005c48       ?AtlUnRegisterTypeLib@ATL@@YAJPEAUHINSTANCE__@@PEB_W@Z 0000000180006c48 f i MSR.obj
 0001:00005d10       ?AtlWinModuleExtractCreateWndData@ATL@@YAPEAXPEAU_ATL_WIN_MODULE70@1@@Z 0000000180006d10 f i MSR.obj
 0001:00005d9c       ?Cleanup@CComTypeInfoHolder@ATL@@SAX_K@Z 0000000180006d9c f i MSR.obj
 0001:00005ddc       ?ClearReplacements@CExpansionVector@ATL@@QEAAJXZ 0000000180006ddc f i MSR.obj
 0001:00005e78       ?CreateInstance@?$CComCreator@V?$CComAggObject@VCOPOSMSR@@@ATL@@@ATL@@SAJPEAXAEBU_GUID@@PEAPEAX@Z 0000000180006e78 f i MSR.obj
 0001:00005f50       ?CreateInstance@?$CComCreator@V?$CComObject@VCOPOSMSR@@@ATL@@@ATL@@SAJPEAXAEBU_GUID@@PEAPEAX@Z 0000000180006f50 f i MSR.obj
 0001:00006008       ?CreateInstance@?$CComObject@V?$CComEnum@UIEnumConnectionPoints@@$1?_GUID_b196b285_bab4_101a_b69c_00aa00341d07@@3U__s_GUID@@BPEAUIConnectionPoint@@V?$_CopyInterface@UIConnectionPoint@@@ATL@@VCComSingleThreadModel@6@@ATL@@@ATL@@SAJPEAPEAV12@@Z 0000000180007008 f i MSR.obj
 0001:00006094       ?CreateInstance@?$CComObject@V?$CComEnum@UIEnumConnections@@$1?_GUID_b196b287_bab4_101a_b69c_00aa00341d07@@3U__s_GUID@@BUtagCONNECTDATA@@V?$_Copy@UtagCONNECTDATA@@@ATL@@VCComSingleThreadModel@6@@ATL@@@ATL@@SAJPEAPEAV12@@Z 0000000180007094 f i MSR.obj
 0001:00006120       ?DefaultReflectionHandler@?$CWindowImplRoot@VCWindow@ATL@@@ATL@@SAHPEAUHWND__@@I_K_JAEA_J@Z 0000000180007120 f i MSR.obj
 0001:00006184       ?DeleteSubKey@CRegKey@ATL@@QEAAJPEB_W@Z 0000000180007184 f i MSR.obj
 0001:0000621c       ?DoEvent@COPOSMSR@@IEAAXI_K_J@Z 000000018000721c f i MSR.obj
 0001:000062d0       ?DoVerbPrimary@?$IOleObjectImpl@VCOPOSMSR@@@ATL@@QEAAJPEBUtagRECT@@PEAUHWND__@@@Z 00000001800072d0 f i MSR.obj
 0001:000063f8       ?DoVerbProperties@CComControlBase@ATL@@QEAAJPEBUtagRECT@@PEAUHWND__@@@Z 00000001800073f8 f i MSR.obj
 0001:00006620       ?FireTheEvent@?$CProxy_IOPOSEvents@VCOPOSMSR@@@@IEAAXPEAVOposVariant@@IAEAJPEB_WJ@Z 0000000180007620 f i MSR.obj
 0001:0000670c       ?FireViewChange@CComControlBase@ATL@@QEAAJXZ 000000018000770c f i MSR.obj
 0001:00006770       ?Fire_DataEvent@?$CProxy_IOPOSEvents@VCOPOSMSR@@@@QEAAXJ@Z 0000000180007770 f i MSR.obj
 0001:0000685c       ?Fire_DirectIOEvent@?$CProxy_IOPOSEvents@VCOPOSMSR@@@@QEAAXJPEAJPEAPEA_W@Z 000000018000785c f i MSR.obj
 0001:000069b4       ?Fire_ErrorEvent@?$CProxy_IOPOSEvents@VCOPOSMSR@@@@QEAAXJJJPEAJ@Z 00000001800079b4 f i MSR.obj
 0001:00006b1c       ?Fire_StatusUpdateEvent@?$CProxy_IOPOSEvents@VCOPOSMSR@@@@QEAAXJ@Z 0000000180007b1c f i MSR.obj
 0001:00006c08       ?FreeHeap@?$CTempBuffer@_W$0BAA@VCCRTAllocator@ATL@@@ATL@@AEAAXXZ 0000000180007c08 f i MSR.obj
 0001:00006c08       ?FreeHeap@?$CTempBuffer@E$0BAA@VCCRTAllocator@ATL@@@ATL@@AEAAXXZ 0000000180007c08 f i MSR.obj
 0001:00006c08       ?FreeHeap@?$CTempBuffer@_W$0EAA@VCCRTAllocator@ATL@@@ATL@@AEAAXXZ 0000000180007c08 f i MSR.obj
 0001:00006c10       ?GetAmbientLocaleID@CComControlBase@ATL@@QEAAJAEAK@Z 0000000180007c10 f i MSR.obj
 0001:00006cd0       ?GetAmbientUserMode@CComControlBase@ATL@@QEAAJAEAH@Z 0000000180007cd0 f i MSR.obj
 0001:00006da4       ?GetClassObject@CComModule@ATL@@QEAAJAEBU_GUID@@0PEAPEAX@Z 0000000180007da4 f i MSR.obj
 0001:00006e98       ?GetConnMap@COPOSMSR@@SAPEBU_ATL_CONNMAP_ENTRY@ATL@@PEAH@Z 0000000180007e98 f i MSR.obj
 0001:00006f20       ?GetIDsOfNames@CComTypeInfoHolder@ATL@@QEAAJAEBU_GUID@@PEAPEA_WIKPEAJ@Z 0000000180007f20 f i MSR.obj
 0001:00007098       ?GetPagesHelper@?$ISpecifyPropertyPagesImpl@VCOPOSMSR@@@ATL@@IEAAJPEAUtagCAUUID@@PEBUATL_PROPMAP_ENTRY@2@@Z 0000000180008098 f i MSR.obj
 0001:00007238       ?GetSizeMax@CComVariant@ATL@@QEBAJPEAT_ULARGE_INTEGER@@@Z 0000000180008238 f i MSR.obj
 0001:0000746c       ?GetTI@CComTypeInfoHolder@ATL@@QEAAJK@Z 000000018000846c f i MSR.obj
 0001:000076e4       ?GetZoomInfo@CComControlBase@ATL@@QEAAXAEAUATL_DRAWINFO@@@Z 00000001800086e4 f i MSR.obj
 0001:00007788       ?HKeyFromString@CRegParser@ATL@@KAPEAUHKEY__@@PEA_W@Z 0000000180008788 f i MSR.obj
 0001:000077ec       ?IDataObject_GetData@CComControlBase@ATL@@QEAAJPEAUtagFORMATETC@@PEAUtagSTGMEDIUM@@@Z 00000001800087ec f i MSR.obj
 0001:000079e0       ?IOleInPlaceObject_InPlaceDeactivate@CComControlBase@ATL@@QEAAJXZ 00000001800089e0 f i MSR.obj
 0001:00007a80       ?IOleInPlaceObject_SetObjectRects@CComControlBase@ATL@@QEAAJPEBUtagRECT@@0@Z 0000000180008a80 f i MSR.obj
 0001:00007b70       ?IOleInPlaceObject_UIDeactivate@CComControlBase@ATL@@QEAAJXZ 0000000180008b70 f i MSR.obj
 0001:00007c7c       ?IOleObject_Close@CComControlBase@ATL@@QEAAJK@Z 0000000180008c7c f i MSR.obj
 0001:00007d94       ?IOleObject_SetClientSite@CComControlBase@ATL@@QEAAJPEAUIOleClientSite@@@Z 0000000180008d94 f i MSR.obj
 0001:00007e0c       ?IOleObject_SetExtent@CComControlBase@ATL@@QEAAJKPEAUtagSIZE@@@Z 0000000180008e0c f i MSR.obj
 0001:00007ea4       ?IPSI_GetIPersistStreamInit@?$IPersistStorageImpl@VCOPOSMSR@@@ATL@@AEAAPEAUIPersistStreamInit@@XZ 0000000180008ea4 f i MSR.obj
 0001:00007f00       ?IQuickActivate_QuickActivate@CComControlBase@ATL@@QEAAJPEAUtagQACONTAINER@@PEAUtagQACONTROL@@@Z 0000000180008f00 f i MSR.obj
 0001:000081c4       ?IViewObject_Draw@CComControlBase@ATL@@QEAAJKJPEAXPEAUtagDVTARGETDEVICE@@PEAUHDC__@@2PEBU_RECTL@@3@Z 00000001800091c4 f i MSR.obj
 0001:000082d8       ?InPlaceActivate@CComControlBase@ATL@@QEAAJJPEBUtagRECT@@@Z 00000001800092d8 f i MSR.obj
 0001:00008610       ?Init@?$CComEnumImpl@UIEnumConnectionPoints@@$1?_GUID_b196b285_bab4_101a_b69c_00aa00341d07@@3U__s_GUID@@BPEAUIConnectionPoint@@V?$_CopyInterface@UIConnectionPoint@@@ATL@@@ATL@@QEAAJPEAPEAUIConnectionPoint@@0PEAUIUnknown@@W4CComEnumFlags@2@@Z 0000000180009610 f i MSR.obj
 0001:00008730       ?Init@?$CComEnumImpl@UIEnumConnections@@$1?_GUID_b196b287_bab4_101a_b69c_00aa00341d07@@3U__s_GUID@@BUtagCONNECTDATA@@V?$_Copy@UtagCONNECTDATA@@@ATL@@@ATL@@QEAAJPEAUtagCONNECTDATA@@0PEAUIUnknown@@W4CComEnumFlags@2@@Z 0000000180009730 f i MSR.obj
 0001:00008854       ?IsEqualObject@?$CComPtrBase@UIOleClientSite@@@ATL@@QEAA_NPEAUIUnknown@@@Z 0000000180009854 f i MSR.obj
 0001:00008854       ?IsEqualObject@?$CComPtrBase@UITypeInfo@@@ATL@@QEAA_NPEAUIUnknown@@@Z 0000000180009854 f i MSR.obj
 0001:000088e0       ?LoadNameCache@CComTypeInfoHolder@ATL@@QEAAJPEAUITypeInfo@@@Z 00000001800098e0 f i MSR.obj
 0001:00008a64       ?Lookup@?$CSimpleMap@PEA_WPEA_WVCExpansionVectorEqualHelper@ATL@@@ATL@@QEBAPEA_WAEBQEA_W@Z 0000000180009a64 f i MSR.obj
 0001:00008af0       ?NextToken@CRegParser@ATL@@IEAAJPEA_W@Z 0000000180009af0 f i MSR.obj
 0001:00008ca8       ?OnKillFocus@CComControlBase@ATL@@QEAA_JI_K_JAEAH@Z 0000000180009ca8 f i MSR.obj
 0001:00008d44       ?OnMouseActivate@CComControlBase@ATL@@QEAA_JI_K_JAEAH@Z 0000000180009d44 f i MSR.obj
 0001:00008de4       ?OnPaint@CComControlBase@ATL@@QEAA_JI_K_JAEAH@Z 0000000180009de4 f i MSR.obj
 0001:00008ed0       ?OnSetFocus@CComControlBase@ATL@@QEAA_JI_K_JAEAH@Z 0000000180009ed0 f i MSR.obj
 0001:00008fcc       ?Open@CRegKey@ATL@@QEAAJPEAUHKEY__@@PEB_WK@Z 0000000180009fcc f i MSR.obj
 0001:00009058       ?PreProcessBuffer@CRegParser@ATL@@QEAAJPEA_WPEAPEA_W@Z 000000018000a058 f i MSR.obj
 0001:000093dc       ?ProcessWindowMessage@?$CComControl@VCOPOSMSR@@V?$CWindowImpl@VCOPOSMSR@@VCWindow@ATL@@V?$CWinTraits@$0FGAAAAAA@$0A@@3@@ATL@@@ATL@@UEAAHPEAUHWND__@@I_K_JAEA_JK@Z 000000018000a3dc f i MSR.obj
 0001:000094c0       ?PutProperty@?$CComPtr@UIDispatch@@@ATL@@SAJPEAUIDispatch@@JPEAUtagVARIANT@@@Z 000000018000a4c0 f i MSR.obj
 0001:000095c4       ?ReadFromStream@CComBSTR@ATL@@QEAAJPEAUIStream@@@Z 000000018000a5c4 f i MSR.obj
 0001:00009720       ?ReadFromStream@CComVariant@ATL@@QEAAJPEAUIStream@@GTClassesAllowedInStream@2@K@Z 000000018000a720 f i MSR.obj
 0001:00009930       ?RecurseDeleteKey@CRegKey@ATL@@QEAAJPEB_W@Z 000000018000a930 f i MSR.obj
 0001:00009a3c       ?RegCreateKeyExW@CAtlTransactionManager@ATL@@QEAAJPEAUHKEY__@@PEB_WKPEA_WKKQEAU_SECURITY_ATTRIBUTES@@PEAPEAU3@PEAK@Z 000000018000aa3c f i MSR.obj
 0001:00009b70       ?RegDeleteKeyW@CAtlTransactionManager@ATL@@QEAAJPEAUHKEY__@@PEB_W@Z 000000018000ab70 f i MSR.obj
 0001:00009bfc       ?RegOpenKeyExW@CAtlTransactionManager@ATL@@QEAAJPEAUHKEY__@@PEB_WKKPEAPEAU3@@Z 000000018000abfc f i MSR.obj
 0001:00009cb4       ?RegisterBuffer@CRegParser@ATL@@QEAAJPEA_WH@Z 000000018000acb4 f i MSR.obj
 0001:00009e1c       ?RegisterFromResource@CRegObject@ATL@@IEAAJPEB_W00H@Z 000000018000ae1c f i MSR.obj
 0001:00009fd8       ?RegisterServer@CComModule@ATL@@QEAAJHPEBU_GUID@@@Z 000000018000afd8 f i MSR.obj
 0001:0000a098       ?RegisterSubkeys@CRegParser@ATL@@IEAAJPEA_WPEAUHKEY__@@HH@Z 000000018000b098 f i MSR.obj
 0001:0000a794       ?SendOnDataChange@CComControlBase@ATL@@QEAAJK@Z 000000018000b794 f i MSR.obj
 0001:0000a804       ?SetControlFocus@CComControlBase@ATL@@QEAAHH@Z 000000018000b804 f i MSR.obj
 0001:0000a8e0       ?SkipAssignment@CRegParser@ATL@@IEAAJPEA_W@Z 000000018000b8e0 f i MSR.obj
 0001:0000a984       ?Term@CComModule@ATL@@QEAAXXZ 000000018000b984 f i MSR.obj
 0001:0000aa30       ?UnregisterServer@CComModule@ATL@@QEAAJHPEBU_GUID@@@Z 000000018000ba30 f i MSR.obj
 0001:0000aae0       ?UpdateRegistryFromResource@CAtlModule@ATL@@QEAAJIHPEAU_ATL_REGMAP_ENTRY@2@@Z 000000018000bae0 f i MSR.obj
 0001:0000ae18       ?UpdateRegistryFromResource@CAtlModule@ATL@@QEAAJPEB_WHPEAU_ATL_REGMAP_ENTRY@2@@Z 000000018000be18 f i MSR.obj
 0001:0000b170       ?VTFromRegType@CRegParser@ATL@@KAHPEB_WAEAG@Z 000000018000c170 f i MSR.obj
 0001:0000b20c       ?WindowProc@?$CWindowImplBaseT@VCWindow@ATL@@V?$CWinTraits@$0FGAAAAAA@$0A@@2@@ATL@@SA_JPEAUHWND__@@I_K_J@Z 000000018000c20c f i MSR.obj
 0001:0000b378       ?WriteToStream@CComBSTR@ATL@@QEAAJPEAUIStream@@@Z 000000018000c378 f i MSR.obj
 0001:0000b3f8       ?WriteToStream@CComVariant@ATL@@QEAAJPEAUIStream@@@Z 000000018000c3f8 f i MSR.obj
 0001:0000b60c       ?WriteToStream@CComVariant@ATL@@QEAAJPEAUIStream@@G@Z 000000018000c60c f i MSR.obj
 0001:0000b6a4       ?_AtlVerifyStackAvailable@_ATL_SAFE_ALLOCA_IMPL@ATL@@YA_N_K@Z 000000018000c6a4 f i MSR.obj
 0001:0000b728       ?atlCreate@?$CWindowImpl@VCOPOSMSR@@VCWindow@ATL@@V?$CWinTraits@$0FGAAAAAA@$0A@@3@@ATL@@QEAAPEAUHWND__@@PEAU3@V_U_RECT@2@PEB_WKKV_U_MENUorID@2@PEAX@Z 000000018000c728 f i MSR.obj
 0001:0000b7d8       ?atlCreate@?$CWindowImplBaseT@VCWindow@ATL@@V?$CWinTraits@$0FGAAAAAA@$0A@@2@@ATL@@QEAAPEAUHWND__@@PEAU3@V_U_RECT@2@PEB_WKKV_U_MENUorID@2@GPEAX@Z 000000018000c7d8 f i MSR.obj
 0001:0000b948       ?atlCreate@CRegKey@ATL@@QEAAJPEAUHKEY__@@PEB_WPEA_WKKPEAU_SECURITY_ATTRIBUTES@@PEAK@Z 000000018000c948 f i MSR.obj
 0001:0000ba34       DllCanUnloadNow            000000018000ca34 f   MSR.obj
 0001:0000ba40       DllGetClassObject          000000018000ca40 f   MSR.obj
 0001:0000ba58       DllMain                    000000018000ca58 f   MSR.obj
 0001:0000bb00       DllRegisterServer          000000018000cb00 f   MSR.obj
 0001:0000bb14       DllUnregisterServer        000000018000cb14 f   MSR.obj
 0001:0000bb28       __local_stdio_printf_options 000000018000cb28 f i MSR.obj
 0001:0000bbb8       swprintf_s                 000000018000cbb8 f i MSR.obj
 0001:0000bc0c       ??0COPOSMSR@@QEAA@XZ       000000018000cc0c f   MSRImpl.obj
 0001:0000bcd4       ??1?$IConnectionPointImpl@VCOPOSMSR@@$1?DIID__IOPOSMSREvents@@3U_GUID@@BVCComDynamicUnkArray@ATL@@@ATL@@QEAA@XZ 000000018000ccd4 f i MSRImpl.obj
 0001:0000bcd4       ??1?$IConnectionPointImpl@VCOPOSMSR@@$1?IID_IPropertyNotifySink@@3U_GUID@@BVCComDynamicUnkArray@ATL@@@ATL@@QEAA@XZ 000000018000ccd4 f i MSRImpl.obj
 0001:0000bd30       ??1CComControlBase@ATL@@UEAA@XZ 000000018000cd30 f i MSRImpl.obj
 0001:0000bdac       ??1COPOSMSR@@UEAA@XZ       000000018000cdac f   MSRImpl.obj
 0001:0000be10       ?AuthenticateDevice@COPOSMSR@@UEAAJPEA_WPEAJ@Z 000000018000ce10 f   MSRImpl.obj
 0001:0000be98       ?CheckHealth@COPOSMSR@@UEAAJJPEAJ@Z 000000018000ce98 f   MSRImpl.obj
 0001:0000bf14       ?ClaimDevice@COPOSMSR@@UEAAJJPEAJ@Z 000000018000cf14 f   MSRImpl.obj
 0001:0000bfb4       ?ClearInput@COPOSMSR@@UEAAJPEAJ@Z 000000018000cfb4 f   MSRImpl.obj
 0001:0000bfdc       ?ClearInputProperties@COPOSMSR@@UEAAJPEAJ@Z 000000018000cfdc f   MSRImpl.obj
 0001:0000c004       ?Close@COPOSMSR@@UEAAJPEAJ@Z 000000018000d004 f   MSRImpl.obj
 0001:0000c0bc       ?CompareFirmwareVersion@COPOSMSR@@UEAAJPEA_WPEAJ1@Z 000000018000d0bc f   MSRImpl.obj
 0001:0000c198       ?DeauthenticateDevice@COPOSMSR@@UEAAJPEA_WPEAJ@Z 000000018000d198 f   MSRImpl.obj
 0001:0000c220       ?DirectIO@COPOSMSR@@UEAAJJPEAJPEAPEA_W0@Z 000000018000d220 f   MSRImpl.obj
 0001:0000c31c       ?DoInvoke@COPOSMSR@@IEAAJJPEAVOposVariant@@IHPEAJ_N@Z 000000018000d31c f   MSRImpl.obj
 0001:0000c450       ?EventInit@COPOSMSR@@IEAAJXZ 000000018000d450 f i MSRImpl.obj
 0001:0000c598       ?EventUninit@COPOSMSR@@IEAAXXZ 000000018000d598 f i MSRImpl.obj
 0001:0000c5fc       ?EventWindowProc@COPOSMSR@@IEAA_JI_K_J@Z 000000018000d5fc f i MSRImpl.obj
 0001:0000c788       ?FinalConstruct@COPOSMSR@@QEAAJXZ 000000018000d788 f   MSRImpl.obj
 0001:0000c7c4       ?FreezeEvents@COPOSMSR@@MEAAJH@Z 000000018000d7c4 f   MSRImpl.obj
 0001:0000c838       ?GetOposProp@COPOSMSR@@IEAAJJPEAJJ@Z 000000018000d838 f   MSRImpl.obj
 0001:0000c954       ?GetOposProp@COPOSMSR@@IEAAJJPEAPEA_WJ@Z 000000018000d954 f   MSRImpl.obj
 0001:0000ca80       ?OnDraw@COPOSMSR@@MEAAJAEAUATL_DRAWINFO@@@Z 000000018000da80 f   MSRImpl.obj
 0001:0000cb6c       ?Open@COPOSMSR@@UEAAJPEA_WPEAJ@Z 000000018000db6c f   MSRImpl.obj
 0001:0000d3f4       ?ReleaseDevice@COPOSMSR@@UEAAJPEAJ@Z 000000018000e3f4 f   MSRImpl.obj
 0001:0000d460       ?ResetStatistics@COPOSMSR@@UEAAJPEA_WPEAJ@Z 000000018000e460 f   MSRImpl.obj
 0001:0000d4e8       ?RetrieveCardProperty@COPOSMSR@@UEAAJPEA_WPEAPEA_WPEAJ@Z 000000018000e4e8 f   MSRImpl.obj
 0001:0000d5c4       ?RetrieveDeviceAuthenticationData@COPOSMSR@@UEAAJPEAPEA_WPEAJ@Z 000000018000e5c4 f   MSRImpl.obj
 0001:0000d64c       ?RetrieveStatistics@COPOSMSR@@UEAAJPEAPEA_WPEAJ@Z 000000018000e64c f   MSRImpl.obj
 0001:0000d6d4       ?SOProcessID@COPOSMSR@@UEAAJPEAJ@Z 000000018000e6d4 f   MSRImpl.obj
 0001:0000d6f0       ?SetCOFreezeEvents@COPOSMSR@@IEAAXF@Z 000000018000e6f0 f   MSRImpl.obj
 0001:0000d7d4       ?SetOposProp@COPOSMSR@@IEAAJJJJ@Z 000000018000e7d4 f   MSRImpl.obj
 0001:0000d934       ?SetOposProp@COPOSMSR@@IEAAJJPEA_WJ@Z 000000018000e934 f   MSRImpl.obj
 0001:0000da8c       ?UpdateFirmware@COPOSMSR@@UEAAJPEA_WPEAJ@Z 000000018000ea8c f   MSRImpl.obj
 0001:0000db14       ?UpdateKey@COPOSMSR@@UEAAJPEA_W0PEAJ@Z 000000018000eb14 f   MSRImpl.obj
 0001:0000dbf0       ?UpdateStatistics@COPOSMSR@@UEAAJPEA_WPEAJ@Z 000000018000ebf0 f   MSRImpl.obj
 0001:0000dc78       ?WriteTracks@COPOSMSR@@UEAAJUtagVARIANT@@JPEAJ@Z 000000018000ec78 f   MSRImpl.obj
 0001:0000dd54       ?get_AccountNumber@COPOSMSR@@UEAAJPEAPEA_W@Z 000000018000ed54 f   MSRImpl.obj
 0001:0000dd64       ?get_AdditionalSecurityInformation@COPOSMSR@@UEAAJPEAPEA_W@Z 000000018000ed64 f   MSRImpl.obj
 0001:0000dd78       ?get_AutoDisable@COPOSMSR@@UEAAJPEAF@Z 000000018000ed78 f   MSRImpl.obj
 0001:0000ddac       ?get_BinaryConversion@COPOSMSR@@UEAAJPEAJ@Z 000000018000edac f   MSRImpl.obj
 0001:0000ddc0       ?get_CapCardAuthentication@COPOSMSR@@UEAAJPEAPEA_W@Z 000000018000edc0 f   MSRImpl.obj
 0001:0000ddd4       ?get_CapCompareFirmwareVersion@COPOSMSR@@UEAAJPEAF@Z 000000018000edd4 f   MSRImpl.obj
 0001:0000de08       ?get_CapDataEncryption@COPOSMSR@@UEAAJPEAJ@Z 000000018000ee08 f   MSRImpl.obj
 0001:0000de1c       ?get_CapDeviceAuthentication@COPOSMSR@@UEAAJPEAJ@Z 000000018000ee1c f   MSRImpl.obj
 0001:0000de30       ?get_CapISO@COPOSMSR@@UEAAJPEAF@Z 000000018000ee30 f   MSRImpl.obj
 0001:0000de60       ?get_CapJISOne@COPOSMSR@@UEAAJPEAF@Z 000000018000ee60 f   MSRImpl.obj
 0001:0000de90       ?get_CapJISTwo@COPOSMSR@@UEAAJPEAF@Z 000000018000ee90 f   MSRImpl.obj
 0001:0000dec0       ?get_CapPowerReporting@COPOSMSR@@UEAAJPEAJ@Z 000000018000eec0 f   MSRImpl.obj
 0001:0000ded4       ?get_CapStatisticsReporting@COPOSMSR@@UEAAJPEAF@Z 000000018000eed4 f   MSRImpl.obj
 0001:0000df08       ?get_CapTrackDataMasking@COPOSMSR@@UEAAJPEAF@Z 000000018000ef08 f   MSRImpl.obj
 0001:0000df3c       ?get_CapTransmitSentinels@COPOSMSR@@UEAAJPEAF@Z 000000018000ef3c f   MSRImpl.obj
 0001:0000df70       ?get_CapUpdateFirmware@COPOSMSR@@UEAAJPEAF@Z 000000018000ef70 f   MSRImpl.obj
 0001:0000dfa4       ?get_CapUpdateStatistics@COPOSMSR@@UEAAJPEAF@Z 000000018000efa4 f   MSRImpl.obj
 0001:0000dfd8       ?get_CapWritableTracks@COPOSMSR@@UEAAJPEAJ@Z 000000018000efd8 f   MSRImpl.obj
 0001:0000dfec       ?get_CardAuthenticationData@COPOSMSR@@UEAAJPEAPEA_W@Z 000000018000efec f   MSRImpl.obj
 0001:0000e000       ?get_CardAuthenticationDataLength@COPOSMSR@@UEAAJPEAJ@Z 000000018000f000 f   MSRImpl.obj
 0001:0000e014       ?get_CardPropertyList@COPOSMSR@@UEAAJPEAPEA_W@Z 000000018000f014 f   MSRImpl.obj
 0001:0000e028       ?get_CardType@COPOSMSR@@UEAAJPEAPEA_W@Z 000000018000f028 f   MSRImpl.obj
 0001:0000e03c       ?get_CardTypeList@COPOSMSR@@UEAAJPEAPEA_W@Z 000000018000f03c f   MSRImpl.obj
 0001:0000e050       ?get_CheckHealthText@COPOSMSR@@UEAAJPEAPEA_W@Z 000000018000f050 f   MSRImpl.obj
 0001:0000e060       ?get_Claimed@COPOSMSR@@UEAAJPEAF@Z 000000018000f060 f   MSRImpl.obj
 0001:0000e090       ?get_ControlObjectDescription@COPOSMSR@@UEAAJPEAPEA_W@Z 000000018000f090 f   MSRImpl.obj
 0001:0000e0f4       ?get_ControlObjectVersion@COPOSMSR@@UEAAJPEAJ@Z 000000018000f0f4 f   MSRImpl.obj
 0001:0000e100       ?get_DataCount@COPOSMSR@@UEAAJPEAJ@Z 000000018000f100 f   MSRImpl.obj
 0001:0000e114       ?get_DataEncryptionAlgorithm@COPOSMSR@@UEAAJPEAJ@Z 000000018000f114 f   MSRImpl.obj
 0001:0000e128       ?get_DataEventEnabled@COPOSMSR@@UEAAJPEAF@Z 000000018000f128 f   MSRImpl.obj
 0001:0000e158       ?get_DecodeData@COPOSMSR@@UEAAJPEAF@Z 000000018000f158 f   MSRImpl.obj
 0001:0000e188       ?get_DeviceAuthenticated@COPOSMSR@@UEAAJPEAF@Z 000000018000f188 f   MSRImpl.obj
 0001:0000e1bc       ?get_DeviceAuthenticationProtocol@COPOSMSR@@UEAAJPEAJ@Z 000000018000f1bc f   MSRImpl.obj
 0001:0000e1d0       ?get_DeviceDescription@COPOSMSR@@UEAAJPEAPEA_W@Z 000000018000f1d0 f   MSRImpl.obj
 0001:0000e1e0       ?get_DeviceEnabled@COPOSMSR@@UEAAJPEAF@Z 000000018000f1e0 f   MSRImpl.obj
 0001:0000e210       ?get_DeviceName@COPOSMSR@@UEAAJPEAPEA_W@Z 000000018000f210 f   MSRImpl.obj
 0001:0000e220       ?get_EncodingMaxLength@COPOSMSR@@UEAAJPEAJ@Z 000000018000f220 f   MSRImpl.obj
 0001:0000e234       ?get_ErrorReportingType@COPOSMSR@@UEAAJPEAJ@Z 000000018000f234 f   MSRImpl.obj
 0001:0000e248       ?get_ExpirationDate@COPOSMSR@@UEAAJPEAPEA_W@Z 000000018000f248 f   MSRImpl.obj
 0001:0000e258       ?get_FirstName@COPOSMSR@@UEAAJPEAPEA_W@Z 000000018000f258 f   MSRImpl.obj
 0001:0000e268       ?get_FreezeEvents@COPOSMSR@@UEAAJPEAF@Z 000000018000f268 f   MSRImpl.obj
 0001:0000e298       ?get_MiddleInitial@COPOSMSR@@UEAAJPEAPEA_W@Z 000000018000f298 f   MSRImpl.obj
 0001:0000e2a8       ?get_OpenResult@COPOSMSR@@UEAAJPEAJ@Z 000000018000f2a8 f   MSRImpl.obj
 0001:0000e2b4       ?get_ParseDecodeData@COPOSMSR@@UEAAJPEAF@Z 000000018000f2b4 f   MSRImpl.obj
 0001:0000e2b4       ?get_ParseDecodedData@COPOSMSR@@UEAAJPEAF@Z 000000018000f2b4 f   MSRImpl.obj
 0001:0000e2e4       ?get_PowerNotify@COPOSMSR@@UEAAJPEAJ@Z 000000018000f2e4 f   MSRImpl.obj
 0001:0000e2f8       ?get_PowerState@COPOSMSR@@UEAAJPEAJ@Z 000000018000f2f8 f   MSRImpl.obj
 0001:0000e30c       ?get_ResultCode@COPOSMSR@@UEAAJPEAJ@Z 000000018000f30c f   MSRImpl.obj
 0001:0000e348       ?get_ResultCodeExtended@COPOSMSR@@UEAAJPEAJ@Z 000000018000f348 f   MSRImpl.obj
 0001:0000e358       ?get_ServiceCode@COPOSMSR@@UEAAJPEAPEA_W@Z 000000018000f358 f   MSRImpl.obj
 0001:0000e368       ?get_ServiceObjectDescription@COPOSMSR@@UEAAJPEAPEA_W@Z 000000018000f368 f   MSRImpl.obj
 0001:0000e378       ?get_ServiceObjectVersion@COPOSMSR@@UEAAJPEAJ@Z 000000018000f378 f   MSRImpl.obj
 0001:0000e388       ?get_State@COPOSMSR@@UEAAJPEAJ@Z 000000018000f388 f   MSRImpl.obj
 0001:0000e3b4       ?get_Suffix@COPOSMSR@@UEAAJPEAPEA_W@Z 000000018000f3b4 f   MSRImpl.obj
 0001:0000e3c4       ?get_Surname@COPOSMSR@@UEAAJPEAPEA_W@Z 000000018000f3c4 f   MSRImpl.obj
 0001:0000e3d4       ?get_Title@COPOSMSR@@UEAAJPEAPEA_W@Z 000000018000f3d4 f   MSRImpl.obj
 0001:0000e3e4       ?get_Track1Data@COPOSMSR@@UEAAJPEAPEA_W@Z 000000018000f3e4 f   MSRImpl.obj
 0001:0000e3f4       ?get_Track1DiscretionaryData@COPOSMSR@@UEAAJPEAPEA_W@Z 000000018000f3f4 f   MSRImpl.obj
 0001:0000e404       ?get_Track1EncryptedData@COPOSMSR@@UEAAJPEAPEA_W@Z 000000018000f404 f   MSRImpl.obj
 0001:0000e418       ?get_Track1EncryptedDataLength@COPOSMSR@@UEAAJPEAJ@Z 000000018000f418 f   MSRImpl.obj
 0001:0000e42c       ?get_Track2Data@COPOSMSR@@UEAAJPEAPEA_W@Z 000000018000f42c f   MSRImpl.obj
 0001:0000e43c       ?get_Track2DiscretionaryData@COPOSMSR@@UEAAJPEAPEA_W@Z 000000018000f43c f   MSRImpl.obj
 0001:0000e44c       ?get_Track2EncryptedData@COPOSMSR@@UEAAJPEAPEA_W@Z 000000018000f44c f   MSRImpl.obj
 0001:0000e460       ?get_Track2EncryptedDataLength@COPOSMSR@@UEAAJPEAJ@Z 000000018000f460 f   MSRImpl.obj
 0001:0000e474       ?get_Track3Data@COPOSMSR@@UEAAJPEAPEA_W@Z 000000018000f474 f   MSRImpl.obj
 0001:0000e484       ?get_Track3EncryptedData@COPOSMSR@@UEAAJPEAPEA_W@Z 000000018000f484 f   MSRImpl.obj
 0001:0000e498       ?get_Track3EncryptedDataLength@COPOSMSR@@UEAAJPEAJ@Z 000000018000f498 f   MSRImpl.obj
 0001:0000e4ac       ?get_Track4Data@COPOSMSR@@UEAAJPEAPEA_W@Z 000000018000f4ac f   MSRImpl.obj
 0001:0000e4c0       ?get_Track4EncryptedData@COPOSMSR@@UEAAJPEAPEA_W@Z 000000018000f4c0 f   MSRImpl.obj
 0001:0000e4d4       ?get_Track4EncryptedDataLength@COPOSMSR@@UEAAJPEAJ@Z 000000018000f4d4 f   MSRImpl.obj
 0001:0000e4e8       ?get_TracksToRead@COPOSMSR@@UEAAJPEAJ@Z 000000018000f4e8 f   MSRImpl.obj
 0001:0000e4f8       ?get_TracksToWrite@COPOSMSR@@UEAAJPEAJ@Z 000000018000f4f8 f   MSRImpl.obj
 0001:0000e50c       ?get_TransmitSentinels@COPOSMSR@@UEAAJPEAF@Z 000000018000f50c f   MSRImpl.obj
 0001:0000e540       ?get_WriteCardType@COPOSMSR@@UEAAJPEAPEA_W@Z 000000018000f540 f   MSRImpl.obj
 0001:0000e554       ?put_AutoDisable@COPOSMSR@@UEAAJF@Z 000000018000f554 f   MSRImpl.obj
 0001:0000e56c       ?put_BinaryConversion@COPOSMSR@@UEAAJJ@Z 000000018000f56c f   MSRImpl.obj
 0001:0000e580       ?put_DataEncryptionAlgorithm@COPOSMSR@@UEAAJJ@Z 000000018000f580 f   MSRImpl.obj
 0001:0000e594       ?put_DataEventEnabled@COPOSMSR@@UEAAJF@Z 000000018000f594 f   MSRImpl.obj
 0001:0000e5ac       ?put_DecodeData@COPOSMSR@@UEAAJF@Z 000000018000f5ac f   MSRImpl.obj
 0001:0000e5c4       ?put_DeviceEnabled@COPOSMSR@@UEAAJF@Z 000000018000f5c4 f   MSRImpl.obj
 0001:0000e5dc       ?put_ErrorReportingType@COPOSMSR@@UEAAJJ@Z 000000018000f5dc f   MSRImpl.obj
 0001:0000e5f0       ?put_FreezeEvents@COPOSMSR@@UEAAJF@Z 000000018000f5f0 f   MSRImpl.obj
 0001:0000e640       ?put_ParseDecodeData@COPOSMSR@@UEAAJF@Z 000000018000f640 f   MSRImpl.obj
 0001:0000e640       ?put_ParseDecodedData@COPOSMSR@@UEAAJF@Z 000000018000f640 f   MSRImpl.obj
 0001:0000e658       ?put_PowerNotify@COPOSMSR@@UEAAJJ@Z 000000018000f658 f   MSRImpl.obj
 0001:0000e66c       ?put_TracksToRead@COPOSMSR@@UEAAJJ@Z 000000018000f66c f   MSRImpl.obj
 0001:0000e67c       ?put_TracksToWrite@COPOSMSR@@UEAAJJ@Z 000000018000f67c f   MSRImpl.obj
 0001:0000e690       ?put_TransmitSentinels@COPOSMSR@@UEAAJF@Z 000000018000f690 f   MSRImpl.obj
 0001:0000e6ac       ?put_WriteCardType@COPOSMSR@@UEAAJPEA_W@Z 000000018000f6ac f   MSRImpl.obj
 0001:0000e6c0       ?s_EventWindowProc@COPOSMSR@@KA_JPEAUHWND__@@I_K_J@Z 000000018000f6c0 f i MSRImpl.obj
 0001:0000e73c       ??_U@YAPEAX_K@Z            000000018000f73c f   LIBCMT:new_array.obj
 0001:0000e744       ??_V@YAXPEAX@Z             000000018000f744 f   LIBCMT:delete_array.obj
 0001:0000e744       ??3@YAXPEAX_K@Z            000000018000f744 f   LIBCMT:delete_scalar_size.obj
 0001:0000e74c       ??_V@YAXPEAX_K@Z           000000018000f74c f   LIBCMT:delete_array_size.obj
 0001:0000e754       __scrt_acquire_startup_lock 000000018000f754 f   LIBCMT:utility.obj
 0001:0000e790       __scrt_dllmain_after_initialize_c 000000018000f790 f   LIBCMT:utility.obj
 0001:0000e7c4       __scrt_dllmain_before_initialize_c 000000018000f7c4 f   LIBCMT:utility.obj
 0001:0000e7dc       __scrt_dllmain_crt_thread_attach 000000018000f7dc f   LIBCMT:utility.obj
 0001:0000e804       __scrt_dllmain_crt_thread_detach 000000018000f804 f   LIBCMT:utility.obj
 0001:0000e81c       __scrt_dllmain_exception_filter 000000018000f81c f   LIBCMT:utility.obj
 0001:0000e87c       __scrt_dllmain_uninitialize_c 000000018000f87c f   LIBCMT:utility.obj
 0001:0000e8ac       __scrt_dllmain_uninitialize_critical 000000018000f8ac f   LIBCMT:utility.obj
 0001:0000e8c0       __scrt_initialize_crt      000000018000f8c0 f   LIBCMT:utility.obj
 0001:0000e90c       __scrt_initialize_onexit_tables 000000018000f90c f   LIBCMT:utility.obj
 0001:0000e9e4       __scrt_is_nonwritable_in_current_image 000000018000f9e4 f   LIBCMT:utility.obj
 0001:0000ea80       __scrt_release_startup_lock 000000018000fa80 f   LIBCMT:utility.obj
 0001:0000eaa4       __scrt_uninitialize_crt    000000018000faa4 f   LIBCMT:utility.obj
 0001:0000ead0       _onexit                    000000018000fad0 f   LIBCMT:utility.obj
 0001:0000eb20       atexit                     000000018000fb20 f   LIBCMT:utility.obj
 0001:0000eb38       ??3@YAXPEAX@Z              000000018000fb38 f   LIBCMT:delete_scalar.obj
 0001:0000ecc8       _Init_thread_footer        000000018000fcc8 f   LIBCMT:thread_safe_statics.obj
 0001:0000ed28       _Init_thread_header        000000018000fd28 f   LIBCMT:thread_safe_statics.obj
 0001:0000ed90       _Init_thread_notify        000000018000fd90 f   LIBCMT:thread_safe_statics.obj
 0001:0000ede0       _Init_thread_wait          000000018000fde0 f   LIBCMT:thread_safe_statics.obj
 0001:0000ee58       __raise_securityfailure    000000018000fe58 f   LIBCMT:gs_report.obj
 0001:0000ee8c       __report_gsfailure         000000018000fe8c f   LIBCMT:gs_report.obj
 0001:0000ef60       __report_rangecheckfailure 000000018000ff60 f   LIBCMT:gs_report.obj
 0001:0000ef74       __report_securityfailure   000000018000ff74 f   LIBCMT:gs_report.obj
 0001:0000f0f4       ??2@YAPEAX_KAEBUnothrow_t@std@@@Z 00000001800100f4 f   LIBCMT:new_scalar_nothrow.obj
 0001:0000f114       ??_U@YAPEAX_KAEBUnothrow_t@std@@@Z 0000000180010114 f   LIBCMT:new_array_nothrow.obj
 0001:0000f11c       __GSHandlerCheck           000000018001011c f   LIBCMT:gshandler.obj
 0001:0000f13c       __GSHandlerCheckCommon     000000018001013c f   LIBCMT:gshandler.obj
 0001:0000f198       __GSHandlerCheck_SEH       0000000180010198 f   LIBCMT:gshandlerseh.obj
 0001:0000f230       __chkstk                   0000000180010230 f   LIBCMT:chkstk.obj
 0001:0000f230       _alloca_probe              0000000180010230 f   LIBCMT:chkstk.obj
 0001:0000f2a0       __security_check_cookie    00000001800102a0 f   LIBCMT:amdsecgs.obj
 0001:0000f5f4       _DllMainCRTStartup         00000001800105f4 f   LIBCMT:dll_dllmain.obj
 0001:0000f634       ??2@YAPEAX_K@Z             0000000180010634 f   LIBCMT:new_scalar.obj
 0001:0000f670       __isa_available_init       0000000180010670 f   LIBCMT:cpu_disp.obj
 0001:0000f82c       __scrt_is_ucrt_dll_in_use  000000018001082c f   LIBCMT:ucrt_detection.obj
 0001:0000f838       __crt_debugger_hook        0000000180010838 f   LIBCMT:utility_desktop.obj
 0001:0000f840       __scrt_fastfail            0000000180010840 f   LIBCMT:utility_desktop.obj
 0001:0000f98c       __security_init_cookie     000000018001098c f   LIBCMT:gs_support.obj
 0001:0000fa38       ?__scrt_initialize_type_info@@YAXXZ 0000000180010a38 f   LIBCMT:tncleanup.obj
 0001:0000fa48       ?__scrt_uninitialize_type_info@@YAXXZ 0000000180010a48 f   LIBCMT:tncleanup.obj
 0001:0000fa54       __local_stdio_scanf_options 0000000180010a54 f i LIBCMT:default_local_stdio_options.obj
 0001:0000fa5c       __scrt_initialize_default_local_stdio_options 0000000180010a5c f   LIBCMT:default_local_stdio_options.obj
 0001:0000fa78       __scrt_get_dyn_tls_init_callback 0000000180010a78 f   LIBCMT:dyn_tls_init.obj
 0001:0000fa80       _RTC_Initialize            0000000180010a80 f   LIBCMT:initsect.obj
 0001:0000fabc       _RTC_Terminate             0000000180010abc f   LIBCMT:initsect.obj
 0001:0000faf8       ??0bad_alloc@std@@QEAA@AEBV01@@Z 0000000180010af8 f i LIBCMT:throw_bad_alloc.obj
 0001:0000fb38       ??0bad_alloc@std@@QEAA@XZ  0000000180010b38 f i LIBCMT:throw_bad_alloc.obj
 0001:0000fb58       ??0bad_array_new_length@std@@QEAA@AEBV01@@Z 0000000180010b58 f i LIBCMT:throw_bad_alloc.obj
 0001:0000fb98       ??0bad_array_new_length@std@@QEAA@XZ 0000000180010b98 f i LIBCMT:throw_bad_alloc.obj
 0001:0000fbb8       ??0exception@std@@QEAA@AEBV01@@Z 0000000180010bb8 f i LIBCMT:throw_bad_alloc.obj
 0001:0000fbf0       ??1bad_alloc@std@@UEAA@XZ  0000000180010bf0 f i LIBCMT:throw_bad_alloc.obj
 0001:0000fbf0       ??1bad_exception@std@@UEAA@XZ 0000000180010bf0 f i libvcruntime:frame.obj
 0001:0000fbf0       ??1bad_array_new_length@std@@UEAA@XZ 0000000180010bf0 f i LIBCMT:throw_bad_alloc.obj
 0001:0000fc04       ??_Gbad_exception@std@@UEAAPEAXI@Z 0000000180010c04 f i libvcruntime:frame.obj
 0001:0000fc04       ??_Ebad_array_new_length@std@@UEAAPEAXI@Z 0000000180010c04 f i LIBCMT:throw_bad_alloc.obj
 0001:0000fc04       ??_Gbad_alloc@std@@UEAAPEAXI@Z 0000000180010c04 f i LIBCMT:throw_bad_alloc.obj
 0001:0000fc04       ??_Gexception@std@@UEAAPEAXI@Z 0000000180010c04 f i LIBCMT:throw_bad_alloc.obj
 0001:0000fc04       ??_Ebad_exception@std@@UEAAPEAXI@Z 0000000180010c04 f i libvcruntime:frame.obj
 0001:0000fc04       ??_Ebad_alloc@std@@UEAAPEAXI@Z 0000000180010c04 f i LIBCMT:throw_bad_alloc.obj
 0001:0000fc04       ??_Eexception@std@@UEAAPEAXI@Z 0000000180010c04 f i LIBCMT:throw_bad_alloc.obj
 0001:0000fc04       ??_Gbad_array_new_length@std@@UEAAPEAXI@Z 0000000180010c04 f i LIBCMT:throw_bad_alloc.obj
 0001:0000fc48       ?__scrt_throw_std_bad_alloc@@YAXXZ 0000000180010c48 f   LIBCMT:throw_bad_alloc.obj
 0001:0000fc68       ?__scrt_throw_std_bad_array_new_length@@YAXXZ 0000000180010c68 f   LIBCMT:throw_bad_alloc.obj
 0001:0000fc88       ?what@exception@std@@UEBAPEBDXZ 0000000180010c88 f i LIBCMT:throw_bad_alloc.obj
 0001:0000fca0       ??_Gtype_info@@UEAAPEAXI@Z 0000000180010ca0 f i LIBCMT:std_type_info_static.obj
 0001:0000fca0       ??_Etype_info@@UEAAPEAXI@Z 0000000180010ca0 f i LIBCMT:std_type_info_static.obj
 0001:0000fccc       ??0CAtlBaseModule@ATL@@QEAA@XZ 0000000180010ccc f   atls:atlbase.obj
 0001:0000fd74       ??1CAtlBaseModule@ATL@@QEAA@XZ 0000000180010d74 f   atls:atlbase.obj
 0001:0000fea8       ?__AllocStdCallThunk_cmn@@YAPEAXXZ 0000000180010ea8 f   atls:atlthunk.obj
 0001:00010000       AtlThunk_AllocateData      0000000180011000 f   atls:atlthunk.obj
 0001:0001007c       AtlThunk_DataToCode        000000018001107c f   atls:atlthunk.obj
 0001:000100d0       AtlThunk_FreeData          00000001800110d0 f   atls:atlthunk.obj
 0001:00010130       AtlThunk_InitData          0000000180011130 f   atls:atlthunk.obj
 0001:000101f0       memset_repmovs             00000001800111f0 f   libvcruntime:memset.obj
 0001:00010210       memset                     0000000180011210 f   libvcruntime:memset.obj
 0001:000103a0       _purecall                  00000001800113a0 f   libvcruntime:purevirt.obj
 0001:000103d0       wcsstr                     00000001800113d0 f   libvcruntime:wcsstr.obj
 0001:00010600       memcmp                     0000000180011600 f   libvcruntime:memcmp.obj
 0001:000106e0       memcpy_repmovs             00000001800116e0 f   libvcruntime:memcpy.obj
 0001:00010700       memcpy                     0000000180011700 f   libvcruntime:memcpy.obj
 0001:00010700       memmove                    0000000180011700 f   libvcruntime:memcpy.obj
 0001:00010b38       __vcrt_initialize          0000000180011b38 f   libvcruntime:initialization.obj
 0001:00010b6c       __vcrt_thread_attach       0000000180011b6c f   libvcruntime:initialization.obj
 0001:00010b80       __vcrt_thread_detach       0000000180011b80 f   libvcruntime:initialization.obj
 0001:00010b94       __vcrt_uninitialize        0000000180011b94 f   libvcruntime:initialization.obj
 0001:00010bb4       __vcrt_uninitialize_critical 0000000180011bb4 f   libvcruntime:initialization.obj
 0001:00010bc4       __C_specific_handler       0000000180011bc4 f   libvcruntime:riscchandler.obj
 0001:00010dd0       __DestructExceptionObject  0000000180011dd0 f   libvcruntime:ehhelpers.obj
 0001:00010e44       ?_CallMemberFunction0@@YAXQEAX0@Z 0000000180011e44 f i libvcruntime:ehhelpers.obj
 0001:00010e48       _IsExceptionObjectToBeDestroyed 0000000180011e48 f   libvcruntime:ehhelpers.obj
 0001:00010e78       __AdjustPointer            0000000180011e78 f   libvcruntime:ehhelpers.obj
 0001:00010e9c       __FrameUnwindFilter        0000000180011e9c f   libvcruntime:ehhelpers.obj
 0001:00010ee8       __std_terminate            0000000180011ee8 f   libvcruntime:ehhelpers.obj
 0001:00010ef4       ??$_CallSETranslator@V__FrameHandler3@@@@YAHPEAUEHExceptionRecord@@PEA_KPEAU_CONTEXT@@PEAU_xDISPATCHER_CONTEXT@@PEBU_s_FuncInfo@@K1@Z 0000000180011ef4 f i libvcruntime:risctrnsctrl.obj
[...]
 0004:00001758       $pdata$??$?RV<lambda_46352004c1216016012b18bd6f87e700>@@AEAV<lambda_3bd07e1a1191394380780325891bf33f>@@V<lambda_334532d3f185bcaa59b5be82d7d22bff>@@@?$__crt_seh_guarded_call@X@@QEAAX$$QEAV<lambda_46352004c1216016012b18bd6f87e700>@@AEAV<lambda_3bd07e1a1191394380780325891bf33f>@@$$QEAV<lambda_334532d3f185bcaa59b5be82d7d22bff>@@@Z 0000000180034758     libucrt:per_thread_data.obj
 0004:00001764       $pdata$??$?RV<lambda_fb3a7dec4e47f37f22dae91bb15c9095>@@AEAV<lambda_698284760c8add0bfb0756c19673e34b>@@V<lambda_dfb8eca1e75fef3034a8fb18dd509707>@@@?$__crt_seh_guarded_call@X@@QEAAX$$QEAV<lambda_fb3a7dec4e47f37f22dae91bb15c9095>@@AEAV<lambda_698284760c8add0bfb0756c19673e34b>@@$$QEAV<lambda_dfb8eca1e75fef3034a8fb18dd509707>@@@Z 0000000180034764     libucrt:per_thread_data.obj
 0004:00001770       $pdata$_calloc_base        0000000180034770     libucrt:calloc_base.obj
 0004:0000177c       $pdata$_malloc_base        000000018003477c     libucrt:malloc_base.obj
 0004:00001788       $pdata$_msize              0000000180034788     libucrt:msize.obj
 0004:00001794       $pdata$_realloc_base       0000000180034794     libucrt:realloc_base.obj
 0004:000017a0       $pdata$__acrt_FlsAlloc     00000001800347a0     libucrt:winapi_thunks.obj
 0004:000017ac       $pdata$__acrt_FlsFree      00000001800347ac     libucrt:winapi_thunks.obj
 0004:000017b8       $pdata$__acrt_FlsGetValue  00000001800347b8     libucrt:winapi_thunks.obj
 0004:000017c4       $pdata$__acrt_FlsSetValue  00000001800347c4     libucrt:winapi_thunks.obj
 0004:000017d0       $pdata$__acrt_initialize_winapi_thunks 00000001800347d0     libucrt:winapi_thunks.obj
 0004:000017dc       $pdata$__acrt_uninitialize_winapi_thunks 00000001800347dc     libucrt:winapi_thunks.obj
 0004:000017e8       $pdata$__acrt_InitializeCriticalSectionEx 00000001800347e8     libucrt:winapi_thunks.obj
 0004:000017f4       $pdata$__acrt_LCMapStringEx 00000001800347f4     libucrt:winapi_thunks.obj
 0004:00001800       $pdata$__acrt_LocaleNameToLCID 0000000180034800     libucrt:winapi_thunks.obj
 0004:0000180c       $pdata$__acrt_SetThreadStackGuarantee 000000018003480c     libucrt:winapi_thunks.obj
 0004:00001818       $pdata$__acrt_is_packaged_app 0000000180034818     libucrt:winapi_thunks.obj
 0004:00001824       $pdata$?try_get_function@@YAPEAXW4function_id@?A0x63058377@@QEBDQEBW4module_id@2@2@Z 0000000180034824     libucrt:winapi_thunks.obj
 0004:00001830       $pdata$isdigit             0000000180034830     libucrt:_ctype.obj
 0004:0000183c       $pdata$tolower             000000018003483c     libucrt:tolower_toupper.obj
 0004:00001848       $pdata$_tolower_l          0000000180034848     libucrt:tolower_toupper.obj
 0004:00001854       $pdata$?internal_isupper_l@@YA_NHQEAU__crt_locale_pointers@@@Z 0000000180034854     libucrt:tolower_toupper.obj
 0004:00001860       $pdata$wcstol              0000000180034860     libucrt:strtox.obj
 0004:0000186c       $pdata$_mbtowc_l           000000018003486c     libucrt:mbtowc.obj
 0004:00001878       $pdata$wcsnlen             0000000180034878     libucrt:strnlen.obj
 0004:00001884       $pdata$__acrt_update_locale_info 0000000180034884     libucrt:locale_update.obj
 0004:00001890       $pdata$__acrt_update_multibyte_info 0000000180034890     libucrt:locale_update.obj
 0004:0000189c       $pdata$__acrt_fp_format    000000018003489c     libucrt:cvt.obj
 0004:000018a8       $pdata$?fp_format_nan_or_infinity@@YAHW4__acrt_fp_class@@_NPEAD_K1@Z 00000001800348a8     libucrt:cvt.obj
 0004:000018b4       $pdata$?fp_format_e_internal@@YAHQEAD_KH_NIQEAU_strflt@@2QEAU__crt_locale_pointers@@@Z 00000001800348b4     libucrt:cvt.obj
 0004:000018c0       $pdata$?fp_format_e@@YAHQEBNQEAD_K12H_NIQEAU__crt_locale_pointers@@@Z 00000001800348c0     libucrt:cvt.obj
 0004:000018cc       $pdata$?fp_format_a@@YAHQEBNPEAD_KQEAD2H_NIQEAU__crt_locale_pointers@@@Z 00000001800348cc     libucrt:cvt.obj
 0004:000018d8       $pdata$?fp_format_f_internal@@YAHQEAD_KHQEAU_strflt@@_NQEAU__crt_locale_pointers@@@Z 00000001800348d8     libucrt:cvt.obj
 0004:000018e4       $pdata$?fp_format_g@@YAHQEBNQEAD_K12H_NIQEAU__crt_locale_pointers@@@Z 00000001800348e4     libucrt:cvt.obj
 0004:000018f0       $pdata$_fileno             00000001800348f0     libucrt:fileno.obj
 0004:000018fc       $pdata$__acrt_initialize_stdio 00000001800348fc     libucrt:_file.obj
 0004:00001908       $pdata$__acrt_uninitialize_stdio 0000000180034908     libucrt:_file.obj
 0004:00001914       $pdata$__acrt_uninitialize_locale 0000000180034914     libucrt:wsetlocale.obj
 0004:00001920       $pdata$__acrt_update_thread_locale_data$fin$0 0000000180034920     libucrt:locale_refcounting.obj
 0004:00001920       $pdata$__acrt_uninitialize_locale$fin$0 0000000180034920     libucrt:wsetlocale.obj
 0004:0000192c       $pdata$__acrt_initialize_lowio 000000018003492c     libucrt:ioinit.obj
 0004:00001938       $pdata$__acrt_lowio_ensure_fh_exists$fin$0 0000000180034938     libucrt:osfinfo.obj
 0004:00001938       $pdata$__acrt_initialize_lowio$fin$0 0000000180034938     libucrt:ioinit.obj
 0004:00001944       $pdata$__acrt_uninitialize_lowio 0000000180034944     libucrt:ioinit.obj
 0004:00001950       $pdata$?initialize_inherited_file_handles_nolock@@YAXXZ 0000000180034950     libucrt:ioinit.obj
 0004:0000195c       $pdata$?initialize_stdio_handles_nolock@@YAXXZ 000000018003495c     libucrt:ioinit.obj
 0004:00001968       $pdata$__acrt_initialize_locks 0000000180034968     libucrt:locks.obj
 0004:00001974       $pdata$__acrt_uninitialize_locks 0000000180034974     libucrt:locks.obj
 0004:00001980       $pdata$??$common_expand_argv_wildcards@D@@YAHQEAPEADQEAPEAPEAD@Z 0000000180034980     libucrt:argv_wildcards.obj
 0004:0000198c       $pdata$?expand_if_necessary@?$argument_list@D@?A0xca0879c4@@AEAAHXZ 000000018003498c     libucrt:argv_wildcards.obj
 0004:00001998       $pdata$??$copy_and_add_argument_to_buffer@D@@YAHQEBD0_KAEAV?$argument_list@D@?A0xca0879c4@@@Z 0000000180034998     libucrt:argv_wildcards.obj
 0004:000019a4       $pdata$??$expand_argument_wildcards@D@@YAHQEAD0AEAV?$argument_list@D@?A0xca0879c4@@@Z 00000001800349a4     libucrt:argv_wildcards.obj
 0004:000019b0       $pdata$__acrt_update_thread_multibyte_data 00000001800349b0     libucrt:mbctype.obj
 0004:000019bc       $pdata$__acrt_update_thread_multibyte_data$fin$0 00000001800349bc     libucrt:mbctype.obj
 0004:000019c8       $pdata$__acrt_initialize_multibyte 00000001800349c8     libucrt:mbctype.obj
 0004:000019d4       $pdata$_setmbcp_nolock     00000001800349d4     libucrt:mbctype.obj
 0004:000019e0       $pdata$?getSystemCP@@YAHH@Z 00000001800349e0     libucrt:mbctype.obj
 0004:000019ec       $pdata$?setSBCS@@YAXPEAU__crt_multibyte_data@@@Z 00000001800349ec     libucrt:mbctype.obj
 0004:000019f8       $pdata$?setSBUpLow@@YAXPEAU__crt_multibyte_data@@@Z 00000001800349f8     libucrt:mbctype.obj
 0004:00001a04       $pdata$?setmbcp_internal@@YAHH_N@Z 0000000180034a04     libucrt:mbctype.obj
 0004:00001a10       $pdata$??R<lambda_ad1ced32f4ac17aa236e5ef05d6b3b7c>@@QEBAXXZ 0000000180034a10     libucrt:mbctype.obj
 0004:00001a1c       $pdata$??$?RV<lambda_99476a1ad63dd22509b5d3e65b0ffc95>@@AEAV<lambda_ad1ced32f4ac17aa236e5ef05d6b3b7c>@@V<lambda_f7424dd8d45958661754dc4f2697e9c3>@@@?$__crt_seh_guarded_call@X@@QEAAX$$QEAV<lambda_99476a1ad63dd22509b5d3e65b0ffc95>@@AEAV<lambda_ad1ced32f4ac17aa236e5ef05d6b3b7c>@@$$QEAV<lambda_f7424dd8d45958661754dc4f2697e9c3>@@@Z 0000000180034a1c     libucrt:mbctype.obj
 0004:00001a28       $pdata$?x_ismbbtype_l@@YAHPEAU__crt_locale_pointers@@IHH@Z 0000000180034a28     libucrt:ismbbyte.obj
 0004:00001a34       $pdata$__acrt_initialize_command_line 0000000180034a34     libucrt:argv_data.obj
 0004:00001a40       $pdata$__dcrt_get_narrow_environment_from_os 0000000180034a40     libucrt:get_environment_from_os.obj
 0004:00001a4c       $pdata$__acrt_initialize_heap 0000000180034a4c     libucrt:heap_handle.obj
 0004:00001a58       $pdata$__acrt_execute_initializers 0000000180034a58     libucrt:shared_initialization.obj
 0004:00001a64       $pdata$__acrt_execute_uninitializers 0000000180034a64     libucrt:shared_initialization.obj
 0004:00001a70       $pdata$__acrt_get_sigabrt_handler 0000000180034a70     libucrt:signal.obj
 0004:00001a7c       $pdata$raise               0000000180034a7c     libucrt:signal.obj
 0004:00001a88       $pdata$raise$fin$0         0000000180034a88     libucrt:signal.obj
 0004:00001a94       $pdata$??$?RV<lambda_c36588078e9f5dfd39652860aa6b3aaf>@@AEAV<lambda_ec61778202f4f5fc7e7711acc23c3bca>@@V<lambda_dc9d2797ccde5d239b4a0efae8ebd7db>@@@?$__crt_seh_guarded_call@P6AXH@Z@@QEAAP6AXH@Z$$QEAV<lambda_c36588078e9f5dfd39652860aa6b3aaf>@@AEAV<lambda_ec61778202f4f5fc7e7711acc23c3bca>@@$$QEAV<lambda_dc9d2797ccde5d239b4a0efae8ebd7db>@@@Z 0000000180034a94     libucrt:signal.obj
 0004:00001aa0       $pdata$__acrt_invoke_user_matherr 0000000180034aa0     libucrt:matherr.obj
 0004:00001aac       $pdata$__pctype_func       0000000180034aac     libucrt:ctype.obj
 0004:00001ab8       $pdata$iswctype            0000000180034ab8     libucrt:iswctype.obj
 0004:00001ac4       $pdata$_isctype_l          0000000180034ac4     libucrt:isctype.obj
 0004:00001ad0       $pdata$__acrt_release_locale_ref 0000000180034ad0     libucrt:locale_refcounting.obj
 0004:00001adc       $pdata$__acrt_free_locale  0000000180034adc     libucrt:locale_refcounting.obj
 0004:00001ae8       $pdata$__acrt_locale_free_lc_time_if_unreferenced 0000000180034ae8     libucrt:locale_refcounting.obj
 0004:00001af4       $pdata$__acrt_update_thread_locale_data 0000000180034af4     libucrt:locale_refcounting.obj
 0004:00001b00       $pdata$_updatetlocinfoEx_nolock 0000000180034b00     libucrt:locale_refcounting.obj
 0004:00001b0c       $pdata$__acrt_DownlevelLocaleNameToLCID 0000000180034b0c     libucrt:lcidtoname_downlevel.obj
 0004:00001b18       $pdata$?GetTableIndexFromLocaleName@@YAHPEB_W@Z 0000000180034b18     libucrt:lcidtoname_downlevel.obj
 0004:00001b24       $pdata$_isleadbyte_l       0000000180034b24     libucrt:_wctype.obj
 0004:00001b30       $pdata$__acrt_LCMapStringA 0000000180034b30     libucrt:lcmapstringa.obj
 0004:00001b3c       $pdata$?__acrt_LCMapStringA_stat@@YAHPEAU__crt_locale_pointers@@PEB_WKPEBDHPEADHHH@Z 0000000180034b3c     libucrt:lcmapstringa.obj
 0004:00001b48       $pdata$__acrt_fp_strflt_to_string 0000000180034b48     libucrt:_fptostr.obj
 0004:00001b54       $pdata$memcpy_s            0000000180034b54     libucrt:cfout.obj
 0004:00001b60       $pdata$__acrt_fltout       0000000180034b60     libucrt:cfout.obj
 0004:00001b6c       $pdata$?divide@__crt_strtox@@YA_KAEAUbig_integer@1@AEBU21@@Z 0000000180034b6c     libucrt:cfout.obj
 0004:00001b78       $pdata$5$?divide@__crt_strtox@@YA_KAEAUbig_integer@1@AEBU21@@Z 0000000180034b78     libucrt:cfout.obj
 0004:00001b84       $pdata$6$?divide@__crt_strtox@@YA_KAEAUbig_integer@1@AEBU21@@Z 0000000180034b84     libucrt:cfout.obj
 0004:00001b90       $pdata$_fcloseall          0000000180034b90     libucrt:closeall.obj
 0004:00001b9c       $pdata$_fcloseall$fin$0    0000000180034b9c     libucrt:closeall.obj
 0004:00001ba8       $pdata$_fflush_nolock      0000000180034ba8     libucrt:fflush.obj
 0004:00001bb4       $pdata$__acrt_stdio_flush_nolock 0000000180034bb4     libucrt:fflush.obj
 0004:00001bc0       $pdata$common_flush_all    0000000180034bc0     libucrt:fflush.obj
 0004:00001bcc       $pdata$common_flush_all$fin$0 0000000180034bcc     libucrt:fflush.obj
 0004:00001bd8       $pdata$common_flush_all$fin$1 0000000180034bd8     libucrt:fflush.obj
 0004:00001be4       $pdata$__acrt_stdio_free_buffer_nolock 0000000180034be4     libucrt:_freebuf.obj
 0004:00001bf0       $pdata$_isatty             0000000180034bf0     libucrt:isatty.obj
 0004:00001bfc       $pdata$__acrt_locale_free_monetary 0000000180034bfc     libucrt:initmon.obj
 0004:00001c08       $pdata$__acrt_locale_free_numeric 0000000180034c08     libucrt:initnum.obj
 0004:00001c14       $pdata$__acrt_locale_free_time 0000000180034c14     libucrt:inittime.obj
 0004:00001c20       $pdata$?free_crt_array_internal@@YAXQEAPEBX_K@Z 0000000180034c20     libucrt:inittime.obj
 0004:00001c2c       $pdata$__acrt_GetStringTypeA 0000000180034c2c     libucrt:getstringtypea.obj
 0004:00001c38       $pdata$_get_osfhandle      0000000180034c38     libucrt:osfinfo.obj
 0004:00001c44       $pdata$_free_osfhnd        0000000180034c44     libucrt:osfinfo.obj
 0004:00001c50       $pdata$__acrt_lowio_create_handle_array 0000000180034c50     libucrt:osfinfo.obj
 0004:00001c5c       $pdata$__acrt_lowio_destroy_handle_array 0000000180034c5c     libucrt:osfinfo.obj
 0004:00001c68       $pdata$__acrt_lowio_ensure_fh_exists 0000000180034c68     libucrt:osfinfo.obj
 0004:00001c74       $pdata$qsort               0000000180034c74     libucrt:qsort.obj
 0004:00001c80       $pdata$4$qsort             0000000180034c80     libucrt:qsort.obj
 0004:00001c8c       $pdata$5$qsort             0000000180034c8c     libucrt:qsort.obj
 0004:00001c98       $pdata$?shortsort@@YAXPEAD0_KP6AHPEBX2@Z@Z 0000000180034c98     libucrt:qsort.obj
 0004:00001ca4       $pdata$2$?shortsort@@YAXPEAD0_KP6AHPEBX2@Z@Z 0000000180034ca4     libucrt:qsort.obj
 0004:00001cb0       $pdata$3$?shortsort@@YAXPEAD0_KP6AHPEBX2@Z@Z 0000000180034cb0     libucrt:qsort.obj
 0004:00001cbc       $pdata$strncpy_s           0000000180034cbc     libucrt:strncpy_s.obj
 0004:00001cc8       $pdata$strpbrk             0000000180034cc8     libucrt:strpbrk.obj
 0004:00001cd4       $pdata$_mbsdec_l           0000000180034cd4     libucrt:mbsdec.obj
 0004:00001ce0       $pdata$?initialize_multibyte@@YAHXZ 0000000180034ce0     libucrt:multibyte_initializer.obj
 0004:00001cec       $pdata$fegetenv            0000000180034cec     libucrt:fegetenv.obj
 0004:00001cf8       $pdata$fesetenv            0000000180034cf8     libucrt:fesetenv.obj
 0004:00001d04       $pdata$feholdexcept        0000000180034d04     libucrt:feholdexcept.obj
 0004:00001d1c       $pdata$_write              0000000180034d1c     libucrt:write.obj
 0004:00001d28       $pdata$_write$fin$0        0000000180034d28     libucrt:write.obj
 0004:00001d34       $pdata$_write_nolock       0000000180034d34     libucrt:write.obj
 0004:00001d40       $pdata$?write_double_translated_ansi_nolock@@YA?AUwrite_result@?A0x9c548279@@HQEBDI@Z 0000000180034d40     libucrt:write.obj
 0004:00001d4c       $pdata$?write_text_ansi_nolock@@YA?AUwrite_result@?A0x9c548279@@HQEBDI@Z 0000000180034d4c     libucrt:write.obj
 0004:00001d58       $pdata$?write_text_utf16le_nolock@@YA?AUwrite_result@?A0x9c548279@@HQEBDI@Z 0000000180034d58     libucrt:write.obj
 0004:00001d64       $pdata$?write_text_utf8_nolock@@YA?AUwrite_result@?A0x9c548279@@HQEBDI@Z 0000000180034d64     libucrt:write.obj
 0004:00001d70       $pdata$??$common_lseek_nolock@_J@@YA_JH_JH@Z 0000000180034d70     libucrt:lseek.obj
 0004:00001d7c       $pdata$fclose              0000000180034d7c     libucrt:fclose.obj
 0004:00001d88       $pdata$fclose$fin$0        0000000180034d88     libucrt:fclose.obj
 0004:00001d94       $pdata$_fclose_nolock      0000000180034d94     libucrt:fclose.obj
 0004:00001da0       $pdata$_commit             0000000180034da0     libucrt:commit.obj
 0004:00001dac       $pdata$??$?RV<lambda_b521505b218e5242e90febf6bfebc422>@@AEAV<lambda_6978c1fb23f02e42e1d9e99668cc68aa>@@V<lambda_314360699dd331753a4119843814e9a7>@@@?$__crt_seh_guarded_call@H@@QEAAH$$QEAV<lambda_b521505b218e5242e90febf6bfebc422>@@AEAV<lambda_6978c1fb23f02e42e1d9e99668cc68aa>@@$$QEAV<lambda_314360699dd331753a4119843814e9a7>@@@Z 0000000180034dac     libucrt:commit.obj
 0004:00001db8       $pdata$?fin$0@?0???$?RV<lambda_bfedae4ebbf01fab1bb6dcc6a9e276e0>@@AEAV<lambda_2fe9b910cf3cbf4a0ab98a02ba45b3ec>@@V<lambda_237c231691f317818eb88cc1d5d642d6>@@@?$__crt_seh_guarded_call@H@@QEAAH$$QEAV<lambda_bfedae4ebbf01fab1bb6dcc6a9e276e0>@@AEAV<lambda_2fe9b910cf3cbf4a0ab98a02ba45b3ec>@@$$QEAV<lambda_237c231691f317818eb88cc1d5d642d6>@@@Z@4HA 0000000180034db8     libucrt:close.obj
 0004:00001db8       $pdata$?fin$0@?0???$?RV<lambda_b521505b218e5242e90febf6bfebc422>@@AEAV<lambda_6978c1fb23f02e42e1d9e99668cc68aa>@@V<lambda_314360699dd331753a4119843814e9a7>@@@?$__crt_seh_guarded_call@H@@QEAAH$$QEAV<lambda_b521505b218e5242e90febf6bfebc422>@@AEAV<lambda_6978c1fb23f02e42e1d9e99668cc68aa>@@$$QEAV<lambda_314360699dd331753a4119843814e9a7>@@@Z@4HA 0000000180034db8     libucrt:commit.obj
 0004:00001dc4       $pdata$_setfpstatusword    0000000180034dc4     libucrt:_fenvutils.obj
 0004:00001dd0       $pdata$_getfpcontrolword   0000000180034dd0     libucrt:_fenvutils.obj
 0004:00001ddc       $pdata$_getfpstatusword    0000000180034ddc     libucrt:_fenvutils.obj
 0004:00001de8       $pdata$_clearfp            0000000180034de8     libucrt:ieee.obj
 0004:00001df4       $pdata$common_control87    0000000180034df4     libucrt:ieee.obj
 0004:00001e00       $pdata$common_control87$filt$0 0000000180034e00     libucrt:ieee.obj
 0004:00001e00       $pdata$_ctrlfp$filt$0      0000000180034e00     libucrt:fpctrl.obj
 0004:00001e0c       $pdata$_call_matherr       0000000180034e0c     libucrt:libm_error.obj
 0004:00001e18       $pdata$_exception_enabled  0000000180034e18     libucrt:libm_error.obj
 0004:00001e24       $pdata$_handle_error       0000000180034e24     libucrt:libm_error.obj
 0004:00001e30       $pdata$__acrt_initialize_fma3 0000000180034e30     libucrt:fma3_available.obj
 0004:00001e3c       $pdata$_log_special_common 0000000180034e3c     libucrt:log_special.obj
 0004:00001e48       $pdata$_log10_special      0000000180034e48     libucrt:log_special.obj
 0004:00001e54       $pdata$_putwch_nolock      0000000180034e54     libucrt:putwch.obj
 0004:00001e60       $pdata$_close              0000000180034e60     libucrt:close.obj
 0004:00001e6c       $pdata$_close_nolock       0000000180034e6c     libucrt:close.obj
 0004:00001e78       $pdata$??$?RV<lambda_bfedae4ebbf01fab1bb6dcc6a9e276e0>@@AEAV<lambda_2fe9b910cf3cbf4a0ab98a02ba45b3ec>@@V<lambda_237c231691f317818eb88cc1d5d642d6>@@@?$__crt_seh_guarded_call@H@@QEAAH$$QEAV<lambda_bfedae4ebbf01fab1bb6dcc6a9e276e0>@@AEAV<lambda_2fe9b910cf3cbf4a0ab98a02ba45b3ec>@@$$QEAV<lambda_237c231691f317818eb88cc1d5d642d6>@@@Z 0000000180034e78     libucrt:close.obj
 0004:00001e90       $pdata$_set_errno_from_matherr 0000000180034e90     libucrt:fpexcept.obj
 0004:00001e9c       $pdata$_raise_exc          0000000180034e9c     libucrt:fpexcept.obj
 0004:00001ea8       $pdata$_raise_exc_ex       0000000180034ea8     libucrt:fpexcept.obj
 0004:00001eb4       $pdata$_clrfp              0000000180034eb4     libucrt:fpctrl.obj
 0004:00001ec0       $pdata$_ctrlfp             0000000180034ec0     libucrt:fpctrl.obj
 0004:00001ecc       $pdata$_statfp             0000000180034ecc     libucrt:fpctrl.obj
 0004:00001ed8       $pdata$_set_statfp         0000000180034ed8     libucrt:fpctrl.obj
 0004:00001ee4       $pdata$__dcrt_lowio_initialize_console_output 0000000180034ee4     libucrt:initcon.obj
 0004:00001ef0       $pdata$__dcrt_terminate_console_output 0000000180034ef0     libucrt:initcon.obj
 0004:00001efc       $pdata$_IsNonwritableInCurrentImage 0000000180034efc     LIBCMT:pesect.obj
 0004:00001f08       $pdata$_IsNonwritableInCurrentImage$filt$0 0000000180034f08     LIBCMT:pesect.obj
 0004:00001f14       $pdata$strrchr             0000000180034f14     libvcruntime:strrchr.obj
 0005:00000220       $R000000                   0000000180035220     MSR.res
 0005:00000b68       $R000948                   0000000180035b68     MSR.res
 0005:00000c50       $R000A30                   0000000180035c50     MSR.res
 0005:00000eb8       $R000C98                   0000000180035eb8     MSR.res
 0005:000013a8       $R001188                   00000001800363a8     MSR.res
 0005:00005b80       $R005960                   000000018003ab80     MSR.res
 0005:00005ba8       $R005988                   000000018003aba8     MSR.res
