 OPOSCoinDispenser

 Timestamp is 5d429da9 (Thu Aug  1 17:07:05 2019)

 Preferred load address is 0000000180000000

 Start         Length     Name                   Class
 0001:00000000 000000c0H .text$di                CODE
 0001:000000c0 0001fb30H .text$mn                CODE
 0001:0001fbf0 00000020H .text$mn$00             CODE
 0001:0001fc10 00000400H .text$x                 CODE
 0001:00020010 000000c0H .text$yd                CODE
 0002:00000000 00000618H .idata$5                DATA
 0002:00000618 00000010H .00cfg                  DATA
 0002:00000628 00000008H .CRT$XCA                DATA
 0002:00000630 00000008H .CRT$XCL                DATA
 0002:00000638 00000020H .CRT$XCU                DATA
 0002:00000658 00000008H .CRT$XCZ                DATA
 0002:00000660 00000008H .CRT$XIA                DATA
 0002:00000668 00000020H .CRT$XIC                DATA
 0002:00000688 00000008H .CRT$XIZ                DATA
 0002:00000690 00000008H .CRT$XLA                DATA
 0002:00000698 00000008H .CRT$XLZ                DATA
 0002:000006a0 00000008H .CRT$XPA                DATA
 0002:000006a8 00000010H .CRT$XPX                DATA
 0002:000006b8 00000008H .CRT$XPXA               DATA
 0002:000006c0 00000008H .CRT$XPZ                DATA
 0002:000006c8 00000008H .CRT$XTA                DATA
 0002:000006d0 00000010H .CRT$XTZ                DATA
 0002:000006d8 00000000H .gfids$y                DATA
 0002:000006e0 00009fb8H .rdata                  DATA
 0002:0000a698 00000028H .rdata$T                DATA
 0002:0000a6c0 00000274H .rdata$r                DATA
 0002:0000a934 0000040cH .rdata$zzzdbg           DATA
 0002:0000ad40 00000008H .rtc$IAA                DATA
 0002:0000ad48 00000008H .rtc$IZZ                DATA
 0002:0000ad50 00000008H .rtc$TAA                DATA
 0002:0000ad58 00000008H .rtc$TZZ                DATA
 0002:0000ad60 00000004H .tls                    DATA
 0002:0000ad64 00000004H .tls$                   DATA
 0002:0000ad68 00000008H .tls$ZZZ                DATA
 0002:0000ad70 000015f8H .xdata                  DATA
 0002:0000c368 00000150H .xdata$x                DATA
 0002:0000c4b8 00000008H ATL$__a                 DATA
 0002:0000c4c0 00000010H ATL$__z                 DATA
 0002:0000c4d0 000000b0H .edata                  DATA
 0002:0000c580 00000078H .idata$2                DATA
 0002:0000c5f8 00000018H .idata$3                DATA
 0002:0000c610 00000618H .idata$4                DATA
 0002:0000cc28 00000c24H .idata$6                DATA
 0003:00000000 00000d88H .data                   DATA
 0003:00000d88 000000c8H .data$r                 DATA
 0003:00000e50 0000140cH .bss                    DATA
 0004:00000000 00001e48H .pdata                  DATA
 0005:00000000 00000094H _RDATA                  DATA
 0006:00000000 00000220H .rsrc$01                DATA
 0006:00000220 00003a80H .rsrc$02                DATA

  Address         Publics by Value              Rva+Base               Lib:Object

 0000:00000000       __guard_fids_count         0000000000000000     <absolute>
 0000:00000000       __guard_longjmp_count      0000000000000000     <absolute>
 0000:00000000       __guard_longjmp_table      0000000000000000     <absolute>
 0000:00000000       __hybrid_code_map          0000000000000000     <absolute>
 0000:00000000       __guard_iat_count          0000000000000000     <absolute>
 0000:00000000       __guard_iat_table          0000000000000000     <absolute>
 0000:00000000       __volatile_metadata        0000000000000000     <absolute>
 0000:00000000       __hybrid_code_map_count    0000000000000000     <absolute>
 0000:00000000       __enclave_config           0000000000000000     <absolute>
 0000:00000000       ___safe_se_handler_count   0000000000000000     <absolute>
 0000:00000000       __AbsoluteZero             0000000000000000     <absolute>
 0000:00000000       ___safe_se_handler_table   0000000000000000     <absolute>
 0000:00000000       __guard_fids_table         0000000000000000     <absolute>
 0000:00000000       __hybrid_auxiliary_iat     0000000000000000     <absolute>
 0000:00000000       __dynamic_value_reloc_table 0000000000000000     <absolute>
 0000:00000100       __guard_flags              0000000000000100     <absolute>
 0000:00000000       __ImageBase                0000000180000000     <linker-defined>
 0001:000000c0       ?DupWide@_CW@@AEAAXXZ      00000001800010c0 f   CWString.obj
 0001:000000e8       ?cw_dup@@YAXPEBDAEAHAEAPEA_W1@Z 00000001800010e8 f   CWString.obj
 0001:00000194       ?cw_memcpy@@YAHPEA_WPEBDH@Z 0000000180001194 f   CWString.obj
 0001:000001e0       ?cw_strcpy@@YAHPEA_WPEBD@Z 00000001800011e0 f   CWString.obj
 0001:000001f4       ??0CAtlComModule@ATL@@QEAA@XZ 00000001800011f4 f i OposVariant.obj
 0001:00000274       ??0CAtlWinModule@ATL@@QEAA@XZ 0000000180001274 f i OposVariant.obj
 0001:000002e0       ??0OposDispParms@@QEAA@PEAVOposVariant@@H@Z 00000001800012e0 f   OposVariant.obj
 0001:00000388       ??1OposDispParms@@QEAA@XZ  0000000180001388 f   OposVariant.obj
 0001:000003a0       ??_Estringdispid@CComTypeInfoHolder@ATL@@QEAAPEAXI@Z 00000001800013a0 f i OposVariant.obj
 0001:00000444       ?AtlWinModuleTerm@ATL@@YAJPEAU_ATL_WIN_MODULE70@1@PEAUHINSTANCE__@@@Z 0000000180001444 f i OposVariant.obj
 0001:000004f4       ?ChangeBSTR@OposVariant@@QEAAXPEAPEA_WAEAJ@Z 00000001800014f4 f   OposVariant.obj
 0001:00000554       ?ChangeLONG@OposVariant@@QEAAXPEAJAEAJ@Z 0000000180001554 f   OposVariant.obj
 0001:000005b0       ?GetLONG@OposVariant@@QEAAJXZ 00000001800015b0 f   OposVariant.obj
 0001:000005d4       ?SetBSTR@OposVariant@@QEAAXPEA_WAEAJ@Z 00000001800015d4 f   OposVariant.obj
 0001:00000614       ?SetBSTR_Copy@OposVariant@@QEAAXPEA_WAEAJ@Z 0000000180001614 f   OposVariant.obj
 0001:00000684       ?SetBSTR_InOutPtr@OposVariant@@QEAA_NPEAPEA_WAEAJ@Z 0000000180001684 f   OposVariant.obj
 0001:000006d4       ?SetBSTR_OutPtr@OposVariant@@QEAA_NPEAPEA_WAEAJ@Z 00000001800016d4 f   OposVariant.obj
 0001:000006f0       ?SetDispatch_Ptr@OposVariant@@QEAAXPEAUIDispatch@@AEAJ@Z 00000001800016f0 f   OposVariant.obj
 0001:00000748       ?SetLONG@OposVariant@@QEAAXJ@Z 0000000180001748 f   OposVariant.obj
 0001:00000778       ?SetLONG_Ptr@OposVariant@@QEAAXPEAJAEAJ@Z 0000000180001778 f   OposVariant.obj
 0001:000007c4       ?SetString@OposVariant@@QEAAXPEB_WAEAJ@Z 00000001800017c4 f   OposVariant.obj
 0001:00000828       ?SetVARIANT_BOOL@OposVariant@@QEAAXF@Z 0000000180001828 f   OposVariant.obj
 0001:00000860       ?SetVARIANT_BOOL_Ptr@OposVariant@@QEAAXPEAFAEAJ@Z 0000000180001860 f   OposVariant.obj
 0001:000008ac       ?Term@CAtlComModule@ATL@@QEAAXXZ 00000001800018ac f i OposVariant.obj
 0001:0000091c       ?_AtlInitializeCriticalSectionEx@ATL@@YAHPEAU_RTL_CRITICAL_SECTION@@KK@Z 000000018000191c f i OposVariant.obj
 0001:00000924       ?_AtlRaiseException@ATL@@YAXKK@Z 0000000180001924 f i OposVariant.obj
 0001:00000934       ?AddRef@?$CComObjectCached@VCComClassFactory@ATL@@@ATL@@UEAAKXZ 0000000180001934 f i CoinDispenser.obj
 0001:00000960       ?Release@?$CComObjectCached@VCComClassFactory@ATL@@@ATL@@UEAAKXZ 0000000180001960 f i CoinDispenser.obj
 0001:000009a0       ?QueryInterface@?$CComObjectCached@VCComClassFactory@ATL@@@ATL@@UEAAJAEBU_GUID@@PEAPEAX@Z 00000001800019a0 f i CoinDispenser.obj
 0001:000009b4       ??_G?$CComObjectCached@VCComClassFactory@ATL@@@ATL@@UEAAPEAXI@Z 00000001800019b4 f i CoinDispenser.obj
 0001:000009b4       ??_E?$CComObjectCached@VCComClassFactory@ATL@@@ATL@@UEAAPEAXI@Z 00000001800019b4 f i CoinDispenser.obj
 0001:00000a0c       ?AddRef@?$CComAggObject@VCOPOSCoinDispenser@@@ATL@@UEAAKXZ 0000000180001a0c f i CoinDispenser.obj
 0001:00000a18       ?Release@?$CComAggObject@VCOPOSCoinDispenser@@@ATL@@UEAAKXZ 0000000180001a18 f i CoinDispenser.obj
 0001:00000a6c       ?QueryInterface@?$CComAggObject@VCOPOSCoinDispenser@@@ATL@@UEAAJAEBU_GUID@@PEAPEAX@Z 0000000180001a6c f i CoinDispenser.obj
 0001:00000acc       ?AddRef@?$CComContainedObject@VCOPOSCoinDispenser@@@ATL@@UEAAKXZ 0000000180001acc f i CoinDispenser.obj
 0001:00000adc       ?Release@?$CComContainedObject@VCOPOSCoinDispenser@@@ATL@@UEAAKXZ 0000000180001adc f i CoinDispenser.obj
 0001:00000aec       ?QueryInterface@?$CComContainedObject@VCOPOSCoinDispenser@@@ATL@@UEAAJAEBU_GUID@@PEAPEAX@Z 0000000180001aec f i CoinDispenser.obj
 0001:00000afc       ??_E?$CComAggObject@VCOPOSCoinDispenser@@@ATL@@UEAAPEAXI@Z 0000000180001afc f i CoinDispenser.obj
 0001:00000afc       ??_G?$CComAggObject@VCOPOSCoinDispenser@@@ATL@@UEAAPEAXI@Z 0000000180001afc f i CoinDispenser.obj
 0001:00000b54       ?AddRef@?$CComObject@VCOPOSCoinDispenser@@@ATL@@UEAAKXZ 0000000180001b54 f i CoinDispenser.obj
 0001:00000b64       ?Release@?$CComObject@VCOPOSCoinDispenser@@@ATL@@UEAAKXZ 0000000180001b64 f i CoinDispenser.obj
 0001:00000bbc       ?QueryInterface@?$CComObject@VCOPOSCoinDispenser@@@ATL@@UEAAJAEBU_GUID@@PEAPEAX@Z 0000000180001bbc f i CoinDispenser.obj
 0001:00000bd0       ?Lock@CAtlModule@ATL@@UEAAJXZ 0000000180001bd0 f i CoinDispenser.obj
 0001:00000be0       ?Unlock@CAtlModule@ATL@@UEAAJXZ 0000000180001be0 f i CoinDispenser.obj
 0001:00000bec       ?GetLockCount@CAtlModule@ATL@@UEAAJXZ 0000000180001bec f i CoinDispenser.obj
 0001:00000bf0       ?GetGITPtr@CAtlModule@ATL@@UEAAJPEAPEAUIGlobalInterfaceTable@@@Z 0000000180001bf0 f i CoinDispenser.obj
 0001:00000c60       ?AddCommonRGSReplacements@?$CAtlModuleT@VCComModule@ATL@@@ATL@@UEAAJPEAUIRegistrarBase@@@Z 0000000180001c60 f i CoinDispenser.obj
 0001:00000c78       ?UpdateRegistryFromResourceD@CComModule@ATL@@UEAAJPEB_WHPEAU_ATL_REGMAP_ENTRY@2@@Z 0000000180001c78 f i CoinDispenser.obj
 0001:00000c78       ?UpdateRegistryFromResourceD@CComModule@ATL@@UEAAJIHPEAU_ATL_REGMAP_ENTRY@2@@Z 0000000180001c78 f i CoinDispenser.obj
 0001:00000c80       ?UpdateRegistryFromResource@CComModule@ATL@@UEAAJPEB_WHPEAU_ATL_REGMAP_ENTRY@2@@Z 0000000180001c80 f i CoinDispenser.obj
 0001:00000c88       ?OnDrawAdvanced@CComControlBase@ATL@@UEAAJAEAUATL_DRAWINFO@@@Z 0000000180001c88 f i CoinDispenser.obj
 0001:00000da8       ?UpdateRegistryFromResource@CComModule@ATL@@UEAAJIHPEAU_ATL_REGMAP_ENTRY@2@@Z 0000000180001da8 f i CoinDispenser.obj
 0001:00000db0       ??_ECComModule@ATL@@UEAAPEAXI@Z 0000000180001db0 f i CoinDispenser.obj
 0001:00000db0       ??_GCComModule@ATL@@UEAAPEAXI@Z 0000000180001db0 f i CoinDispenser.obj
 0001:00000e30       ?Next@?$CComEnumImpl@UIEnumConnections@@$1?_GUID_b196b287_bab4_101a_b69c_00aa00341d07@@3U__s_GUID@@BUtagCONNECTDATA@@V?$_Copy@UtagCONNECTDATA@@@ATL@@@ATL@@UEAAJKPEAUtagCONNECTDATA@@PEAK@Z 0000000180001e30 f i CoinDispenser.obj
 0001:00000f04       ?Skip@?$CComEnumImpl@UIEnumConnections@@$1?_GUID_b196b287_bab4_101a_b69c_00aa00341d07@@3U__s_GUID@@BUtagCONNECTDATA@@V?$_Copy@UtagCONNECTDATA@@@ATL@@@ATL@@UEAAJK@Z 0000000180001f04 f i CoinDispenser.obj
 0001:00000f30       ?Reset@?$CComEnumImpl@UIEnumConnections@@$1?_GUID_b196b287_bab4_101a_b69c_00aa00341d07@@3U__s_GUID@@BUtagCONNECTDATA@@V?$_Copy@UtagCONNECTDATA@@@ATL@@@ATL@@UEAAJXZ 0000000180001f30 f i CoinDispenser.obj
 0001:00000f30       ?Reset@?$CComEnumImpl@UIEnumConnectionPoints@@$1?_GUID_b196b285_bab4_101a_b69c_00aa00341d07@@3U__s_GUID@@BPEAUIConnectionPoint@@V?$_CopyInterface@UIConnectionPoint@@@ATL@@@ATL@@UEAAJXZ 0000000180001f30 f i CoinDispenser.obj
 0001:00000f3c       ?Clone@?$CComEnumImpl@UIEnumConnections@@$1?_GUID_b196b287_bab4_101a_b69c_00aa00341d07@@3U__s_GUID@@BUtagCONNECTDATA@@V?$_Copy@UtagCONNECTDATA@@@ATL@@@ATL@@UEAAJPEAPEAUIEnumConnections@@@Z 0000000180001f3c f i CoinDispenser.obj
 0001:00001068       ?AddRef@?$CComObject@V?$CComEnum@UIEnumConnections@@$1?_GUID_b196b287_bab4_101a_b69c_00aa00341d07@@3U__s_GUID@@BUtagCONNECTDATA@@V?$_Copy@UtagCONNECTDATA@@@ATL@@VCComSingleThreadModel@6@@ATL@@@ATL@@UEAAKXZ 0000000180002068 f i CoinDispenser.obj
 0001:00001068       ?AddRef@?$CComObject@V?$CComEnum@UIEnumConnectionPoints@@$1?_GUID_b196b285_bab4_101a_b69c_00aa00341d07@@3U__s_GUID@@BPEAUIConnectionPoint@@V?$_CopyInterface@UIConnectionPoint@@@ATL@@VCComSingleThreadModel@6@@ATL@@@ATL@@UEAAKXZ 0000000180002068 f i CoinDispenser.obj
 0001:00001074       ?Release@?$CComObject@V?$CComEnum@UIEnumConnectionPoints@@$1?_GUID_b196b285_bab4_101a_b69c_00aa00341d07@@3U__s_GUID@@BPEAUIConnectionPoint@@V?$_CopyInterface@UIConnectionPoint@@@ATL@@VCComSingleThreadModel@6@@ATL@@@ATL@@UEAAKXZ 0000000180002074 f i CoinDispenser.obj
 0001:00001074       ?Release@?$CComObject@V?$CComEnum@UIEnumConnections@@$1?_GUID_b196b287_bab4_101a_b69c_00aa00341d07@@3U__s_GUID@@BUtagCONNECTDATA@@V?$_Copy@UtagCONNECTDATA@@@ATL@@VCComSingleThreadModel@6@@ATL@@@ATL@@UEAAKXZ 0000000180002074 f i CoinDispenser.obj
 0001:000010c8       ?QueryInterface@?$CComObject@V?$CComEnum@UIEnumConnections@@$1?_GUID_b196b287_bab4_101a_b69c_00aa00341d07@@3U__s_GUID@@BUtagCONNECTDATA@@V?$_Copy@UtagCONNECTDATA@@@ATL@@VCComSingleThreadModel@6@@ATL@@@ATL@@UEAAJAEBU_GUID@@PEAPEAX@Z 00000001800020c8 f i CoinDispenser.obj
 0001:000010dc       ??_E?$CComObject@V?$CComEnum@UIEnumConnections@@$1?_GUID_b196b287_bab4_101a_b69c_00aa00341d07@@3U__s_GUID@@BUtagCONNECTDATA@@V?$_Copy@UtagCONNECTDATA@@@ATL@@VCComSingleThreadModel@6@@ATL@@@ATL@@UEAAPEAXI@Z 00000001800020dc f i CoinDispenser.obj
 0001:000010dc       ??_G?$CComObject@V?$CComEnum@UIEnumConnections@@$1?_GUID_b196b287_bab4_101a_b69c_00aa00341d07@@3U__s_GUID@@BUtagCONNECTDATA@@V?$_Copy@UtagCONNECTDATA@@@ATL@@VCComSingleThreadModel@6@@ATL@@@ATL@@UEAAPEAXI@Z 00000001800020dc f i CoinDispenser.obj
 0001:00001134       ??_E?$CComObject@VCOPOSCoinDispenser@@@ATL@@W7EAAPEAXI@Z 0000000180002134 f i CoinDispenser.obj
 0001:00001140       ?GetDropTarget@?$IOleInPlaceObjectWindowlessImpl@VCOPOSCoinDispenser@@@ATL@@UEAAJPEAPEAUIDropTarget@@@Z 0000000180002140 f i CoinDispenser.obj
 0001:00001140       ?GetDataHere@?$IDataObjectImpl@VCOPOSCoinDispenser@@@ATL@@UEAAJPEAUtagFORMATETC@@PEAUtagSTGMEDIUM@@@Z 0000000180002140 f i CoinDispenser.obj
 0001:00001140       ?GetClipboardData@?$IOleObjectImpl@VCOPOSCoinDispenser@@@ATL@@UEAAJKPEAPEAUIDataObject@@@Z 0000000180002140 f i CoinDispenser.obj
 0001:00001140       ?ReactivateAndUndo@?$IOleInPlaceObjectWindowlessImpl@VCOPOSCoinDispenser@@@ATL@@UEAAJXZ 0000000180002140 f i CoinDispenser.obj
 0001:00001140       ?InitFromData@?$IOleObjectImpl@VCOPOSCoinDispenser@@@ATL@@UEAAJPEAUIDataObject@@HK@Z 0000000180002140 f i CoinDispenser.obj
 0001:00001140       ?SetMoniker@?$IOleObjectImpl@VCOPOSCoinDispenser@@@ATL@@UEAAJKPEAUIMoniker@@@Z 0000000180002140 f i CoinDispenser.obj
 0001:00001140       ?QueryInterface@CRegObject@ATL@@UEAAJAEBU_GUID@@PEAPEAX@Z 0000000180002140 f i CoinDispenser.obj
 0001:00001140       ?GetRect@?$IViewObjectExImpl@VCOPOSCoinDispenser@@@ATL@@UEAAJKPEAU_RECTL@@@Z 0000000180002140 f i CoinDispenser.obj
 0001:00001140       ?GetColorSet@?$IViewObjectExImpl@VCOPOSCoinDispenser@@@ATL@@UEAAJKJPEAXPEAUtagDVTARGETDEVICE@@PEAUHDC__@@PEAPEAUtagLOGPALETTE@@@Z 0000000180002140 f i CoinDispenser.obj
 0001:00001140       ?QueryGetData@?$IDataObjectImpl@VCOPOSCoinDispenser@@@ATL@@UEAAJPEAUtagFORMATETC@@@Z 0000000180002140 f i CoinDispenser.obj
 0001:00001140       ?OnMnemonic@?$IOleControlImpl@VCOPOSCoinDispenser@@@ATL@@UEAAJPEAUtagMSG@@@Z 0000000180002140 f i CoinDispenser.obj
 0001:00001140       ?SetData@?$IDataObjectImpl@VCOPOSCoinDispenser@@@ATL@@UEAAJPEAUtagFORMATETC@@PEAUtagSTGMEDIUM@@H@Z 0000000180002140 f i CoinDispenser.obj
 0001:00001140       ?ContextSensitiveHelp@?$IOleInPlaceObjectWindowlessImpl@VCOPOSCoinDispenser@@@ATL@@UEAAJH@Z 0000000180002140 f i CoinDispenser.obj
 0001:00001140       ?SOOutputCompleteDummy@COPOSCoinDispenser@@MEAAJJ@Z 0000000180002140 f i CoinDispenser.obj
 0001:00001140       ?Freeze@?$IViewObjectExImpl@VCOPOSCoinDispenser@@@ATL@@UEAAJKJPEAXPEAK@Z 0000000180002140 f i CoinDispenser.obj
 0001:00001140       ?SODataDummy@COPOSCoinDispenser@@MEAAJJ@Z 0000000180002140 f i CoinDispenser.obj
 0001:00001140       ?GetControlInfo@?$IOleControlImpl@VCOPOSCoinDispenser@@@ATL@@UEAAJPEAUtagCONTROLINFO@@@Z 0000000180002140 f i CoinDispenser.obj
 0001:00001140       ?EnumFormatEtc@?$IDataObjectImpl@VCOPOSCoinDispenser@@@ATL@@UEAAJKPEAPEAUIEnumFORMATETC@@@Z 0000000180002140 f i CoinDispenser.obj
 0001:00001140       ?SetColorScheme@?$IOleObjectImpl@VCOPOSCoinDispenser@@@ATL@@UEAAJPEAUtagLOGPALETTE@@@Z 0000000180002140 f i CoinDispenser.obj
 0001:00001140       ?GetMoniker@?$IOleObjectImpl@VCOPOSCoinDispenser@@@ATL@@UEAAJKKPEAPEAUIMoniker@@@Z 0000000180002140 f i CoinDispenser.obj
 0001:00001140       ?GetCanonicalFormatEtc@?$IDataObjectImpl@VCOPOSCoinDispenser@@@ATL@@UEAAJPEAUtagFORMATETC@@0@Z 0000000180002140 f i CoinDispenser.obj
 0001:00001140       ?ContextSensitiveHelp@?$IOleInPlaceActiveObjectImpl@VCOPOSCoinDispenser@@@ATL@@UEAAJH@Z 0000000180002140 f i CoinDispenser.obj
 0001:00001140       ?SOErrorDummy@COPOSCoinDispenser@@MEAAJJJJPEAJ@Z 0000000180002140 f i CoinDispenser.obj
 0001:00001140       ?Unfreeze@?$IViewObjectExImpl@VCOPOSCoinDispenser@@@ATL@@UEAAJK@Z 0000000180002140 f i CoinDispenser.obj
 0001:00001148       ??_E?$CComObject@VCOPOSCoinDispenser@@@ATL@@WHA@EAAPEAXI@Z 0000000180002148 f i CoinDispenser.obj
 0001:00001154       ?QueryInterface@?$CComObject@VCOPOSCoinDispenser@@@ATL@@WLI@EAAJAEBU_GUID@@PEAPEAX@Z 0000000180002154 f i CoinDispenser.obj
 0001:00001160       _get_startup_argv_mode     0000000180002160 f i LIBCMT:argv_mode.obj
 0001:00001160       ?AddRef@CRegObject@ATL@@UEAAKXZ 0000000180002160 f i CoinDispenser.obj
 0001:00001160       ?FAccessAllowed@?$IObjectSafetyImpl@VCOPOSCoinDispenser@@$02@ATL@@MEAAHXZ 0000000180002160 f i CoinDispenser.obj
 0001:00001168       ?AddRef@?$CComObject@VCOPOSCoinDispenser@@@ATL@@WLI@EAAKXZ 0000000180002168 f i CoinDispenser.obj
 0001:00001174       ?Release@?$CComObject@VCOPOSCoinDispenser@@@ATL@@WLI@EAAKXZ 0000000180002174 f i CoinDispenser.obj
 0001:00001180       ?IsUpToDate@?$IOleObjectImpl@VCOPOSCoinDispenser@@@ATL@@UEAAJXZ 0000000180002180 f i CoinDispenser.obj
 0001:00001180       ?OnFrameWindowActivate@?$IOleInPlaceActiveObjectImpl@VCOPOSCoinDispenser@@@ATL@@UEAAJH@Z 0000000180002180 f i CoinDispenser.obj
 0001:00001180       ?GetCategoryMap@CComObjectRootBase@ATL@@SAPEBU_ATL_CATMAP_ENTRY@2@XZ 0000000180002180 f i CoinDispenser.obj
 0001:00001180       ?Update@?$IOleObjectImpl@VCOPOSCoinDispenser@@@ATL@@UEAAJXZ 0000000180002180 f i CoinDispenser.obj
 0001:00001180       ?SetHostNames@?$IOleObjectImpl@VCOPOSCoinDispenser@@@ATL@@UEAAJPEB_W0@Z 0000000180002180 f i CoinDispenser.obj
 0001:00001180       ?SaveCompleted@?$IPersistStorageImpl@VCOPOSCoinDispenser@@@ATL@@UEAAJPEAUIStorage@@@Z 0000000180002180 f i CoinDispenser.obj
 0001:00001180       ?GetObjectDescription@?$CComCoClass@VCOPOSCoinDispenser@@$1?CLSID_OPOSCoinDispenser@@3U_GUID@@B@ATL@@SAPEB_WXZ 0000000180002180 f i CoinDispenser.obj
 0001:00001180       ?OnAmbientPropertyChange@?$IOleControlImpl@VCOPOSCoinDispenser@@@ATL@@UEAAJJ@Z 0000000180002180 f i CoinDispenser.obj
 0001:00001180       ?HandsOffStorage@?$IPersistStorageImpl@VCOPOSCoinDispenser@@@ATL@@UEAAJXZ 0000000180002180 f i CoinDispenser.obj
 0001:00001180       ?Release@CRegObject@ATL@@UEAAKXZ 0000000180002180 f i CoinDispenser.obj
 0001:00001180       ?EnableModeless@?$IOleInPlaceActiveObjectImpl@VCOPOSCoinDispenser@@@ATL@@UEAAJH@Z 0000000180002180 f i CoinDispenser.obj
 0001:00001180       ?ResizeBorder@?$IOleInPlaceActiveObjectImpl@VCOPOSCoinDispenser@@@ATL@@UEAAJPEBUtagRECT@@PEAUIOleInPlaceUIWindow@@H@Z 0000000180002180 f i CoinDispenser.obj
 0001:00001184       ?QueryInterface@?$CComObject@VCOPOSCoinDispenser@@@ATL@@WMA@EAAJAEBU_GUID@@PEAPEAX@Z 0000000180002184 f i CoinDispenser.obj
 0001:00001190       ?AddRef@?$CComObject@VCOPOSCoinDispenser@@@ATL@@WMA@EAAKXZ 0000000180002190 f i CoinDispenser.obj
 0001:0000119c       ?Release@?$CComObject@VCOPOSCoinDispenser@@@ATL@@WMA@EAAKXZ 000000018000219c f i CoinDispenser.obj
 0001:000011a8       ?QueryInterface@?$CComObject@VCOPOSCoinDispenser@@@ATL@@WMI@EAAJAEBU_GUID@@PEAPEAX@Z 00000001800021a8 f i CoinDispenser.obj
 0001:000011b4       ?AddRef@?$CComObject@VCOPOSCoinDispenser@@@ATL@@WMI@EAAKXZ 00000001800021b4 f i CoinDispenser.obj
 0001:000011c0       ?Release@?$CComObject@VCOPOSCoinDispenser@@@ATL@@WMI@EAAKXZ 00000001800021c0 f i CoinDispenser.obj
 0001:000011cc       ?AddReplacement@CRegObject@ATL@@UEAAJPEB_W0@Z 00000001800021cc f i CoinDispenser.obj
 0001:000011fc       ?QueryInterface@?$CComObject@VCOPOSCoinDispenser@@@ATL@@WNA@EAAJAEBU_GUID@@PEAPEAX@Z 00000001800021fc f i CoinDispenser.obj
 0001:00001208       ?ClearReplacements@CRegObject@ATL@@UEAAJXZ 0000000180002208 f i CoinDispenser.obj
 0001:00001214       ?AddRef@?$CComObject@VCOPOSCoinDispenser@@@ATL@@WNA@EAAKXZ 0000000180002214 f i CoinDispenser.obj
 0001:00001220       ?Release@?$CComObject@VCOPOSCoinDispenser@@@ATL@@WNA@EAAKXZ 0000000180002220 f i CoinDispenser.obj
 0001:0000122c       ?QueryInterface@?$CComObject@VCOPOSCoinDispenser@@@ATL@@WNI@EAAJAEBU_GUID@@PEAPEAX@Z 000000018000222c f i CoinDispenser.obj
 0001:00001238       ?AddRef@?$CComObject@VCOPOSCoinDispenser@@@ATL@@WNI@EAAKXZ 0000000180002238 f i CoinDispenser.obj
 0001:00001244       ?Release@?$CComObject@VCOPOSCoinDispenser@@@ATL@@WNI@EAAKXZ 0000000180002244 f i CoinDispenser.obj
 0001:00001250       ?QueryInterface@?$CComObject@VCOPOSCoinDispenser@@@ATL@@WOA@EAAJAEBU_GUID@@PEAPEAX@Z 0000000180002250 f i CoinDispenser.obj
 0001:0000125c       ?AddRef@?$CComObject@VCOPOSCoinDispenser@@@ATL@@WOA@EAAKXZ 000000018000225c f i CoinDispenser.obj
 0001:00001268       ?Release@?$CComObject@VCOPOSCoinDispenser@@@ATL@@WOA@EAAKXZ 0000000180002268 f i CoinDispenser.obj
 0001:00001274       ?QueryInterface@?$CComObject@VCOPOSCoinDispenser@@@ATL@@WOI@EAAJAEBU_GUID@@PEAPEAX@Z 0000000180002274 f i CoinDispenser.obj
 0001:00001280       ?AddRef@?$CComObject@VCOPOSCoinDispenser@@@ATL@@WOI@EAAKXZ 0000000180002280 f i CoinDispenser.obj
 0001:0000128c       ?Release@?$CComObject@VCOPOSCoinDispenser@@@ATL@@WOI@EAAKXZ 000000018000228c f i CoinDispenser.obj
 0001:00001298       ?QueryInterface@?$CComObject@VCOPOSCoinDispenser@@@ATL@@WPA@EAAJAEBU_GUID@@PEAPEAX@Z 0000000180002298 f i CoinDispenser.obj
 0001:000012a4       ?AddRef@?$CComObject@VCOPOSCoinDispenser@@@ATL@@WPA@EAAKXZ 00000001800022a4 f i CoinDispenser.obj
 0001:000012b0       ?Release@?$CComObject@VCOPOSCoinDispenser@@@ATL@@WPA@EAAKXZ 00000001800022b0 f i CoinDispenser.obj
 0001:000012bc       ?QueryInterface@?$CComObject@VCOPOSCoinDispenser@@@ATL@@WPI@EAAJAEBU_GUID@@PEAPEAX@Z 00000001800022bc f i CoinDispenser.obj
 0001:000012c8       ?AddRef@?$CComObject@VCOPOSCoinDispenser@@@ATL@@WPI@EAAKXZ 00000001800022c8 f i CoinDispenser.obj
 0001:000012d4       ?Release@?$CComObject@VCOPOSCoinDispenser@@@ATL@@WPI@EAAKXZ 00000001800022d4 f i CoinDispenser.obj
 0001:000012e0       ?QueryInterface@?$CComObject@VCOPOSCoinDispenser@@@ATL@@WBAA@EAAJAEBU_GUID@@PEAPEAX@Z 00000001800022e0 f i CoinDispenser.obj
 0001:000012ec       ?AddRef@?$CComObject@VCOPOSCoinDispenser@@@ATL@@WBAA@EAAKXZ 00000001800022ec f i CoinDispenser.obj
 0001:000012f8       ?Release@?$CComObject@VCOPOSCoinDispenser@@@ATL@@WBAA@EAAKXZ 00000001800022f8 f i CoinDispenser.obj
 0001:00001304       ?QueryInterface@?$CComObject@VCOPOSCoinDispenser@@@ATL@@WBAI@EAAJAEBU_GUID@@PEAPEAX@Z 0000000180002304 f i CoinDispenser.obj
 0001:00001310       ?AddRef@?$CComObject@VCOPOSCoinDispenser@@@ATL@@WBAI@EAAKXZ 0000000180002310 f i CoinDispenser.obj
 0001:0000131c       ?Release@?$CComObject@VCOPOSCoinDispenser@@@ATL@@WBAI@EAAKXZ 000000018000231c f i CoinDispenser.obj
 0001:00001328       ?QueryInterface@?$CComObject@VCOPOSCoinDispenser@@@ATL@@WBBA@EAAJAEBU_GUID@@PEAPEAX@Z 0000000180002328 f i CoinDispenser.obj
 0001:00001334       ?AddRef@?$CComObject@VCOPOSCoinDispenser@@@ATL@@WBBA@EAAKXZ 0000000180002334 f i CoinDispenser.obj
 0001:00001340       ?Release@?$CComObject@VCOPOSCoinDispenser@@@ATL@@WBBA@EAAKXZ 0000000180002340 f i CoinDispenser.obj
 0001:0000134c       ?QueryInterface@?$CComObject@VCOPOSCoinDispenser@@@ATL@@WBBI@EAAJAEBU_GUID@@PEAPEAX@Z 000000018000234c f i CoinDispenser.obj
 0001:00001358       ?AddRef@?$CComObject@VCOPOSCoinDispenser@@@ATL@@WBBI@EAAKXZ 0000000180002358 f i CoinDispenser.obj
 0001:00001364       ?Release@?$CComObject@VCOPOSCoinDispenser@@@ATL@@WBBI@EAAKXZ 0000000180002364 f i CoinDispenser.obj
 0001:00001370       ?AddRef@?$CComObject@VCOPOSCoinDispenser@@@ATL@@WBCI@EAAKXZ 0000000180002370 f i CoinDispenser.obj
 0001:0000137c       ?Release@?$CComObject@VCOPOSCoinDispenser@@@ATL@@WBCI@EAAKXZ 000000018000237c f i CoinDispenser.obj
 0001:00001388       ?AddRef@?$CComObject@VCOPOSCoinDispenser@@@ATL@@WBEA@EAAKXZ 0000000180002388 f i CoinDispenser.obj
 0001:00001394       ?Release@?$CComObject@VCOPOSCoinDispenser@@@ATL@@WBEA@EAAKXZ 0000000180002394 f i CoinDispenser.obj
 0001:000013a0       ??_GCRegObject@ATL@@UEAAPEAXI@Z 00000001800023a0 f i CoinDispenser.obj
 0001:000013a0       ??_ECRegObject@ATL@@UEAAPEAXI@Z 00000001800023a0 f i CoinDispenser.obj
 0001:00001420       ??_E?$CComContainedObject@VCOPOSCoinDispenser@@@ATL@@W7EAAPEAXI@Z 0000000180002420 f i CoinDispenser.obj
 0001:0000142c       ??_E?$CComContainedObject@VCOPOSCoinDispenser@@@ATL@@WHA@EAAPEAXI@Z 000000018000242c f i CoinDispenser.obj
 0001:00001438       ?QueryInterface@?$CComContainedObject@VCOPOSCoinDispenser@@@ATL@@WLI@EAAJAEBU_GUID@@PEAPEAX@Z 0000000180002438 f i CoinDispenser.obj
 0001:00001444       ?AddRef@?$CComContainedObject@VCOPOSCoinDispenser@@@ATL@@WLI@EAAKXZ 0000000180002444 f i CoinDispenser.obj
 0001:00001450       ?Release@?$CComContainedObject@VCOPOSCoinDispenser@@@ATL@@WLI@EAAKXZ 0000000180002450 f i CoinDispenser.obj
 0001:0000145c       ?QueryInterface@?$CComContainedObject@VCOPOSCoinDispenser@@@ATL@@WMA@EAAJAEBU_GUID@@PEAPEAX@Z 000000018000245c f i CoinDispenser.obj
 0001:00001468       ?AddRef@?$CComContainedObject@VCOPOSCoinDispenser@@@ATL@@WMA@EAAKXZ 0000000180002468 f i CoinDispenser.obj
 0001:00001474       ?Release@?$CComContainedObject@VCOPOSCoinDispenser@@@ATL@@WMA@EAAKXZ 0000000180002474 f i CoinDispenser.obj
 0001:00001480       ?QueryInterface@?$CComContainedObject@VCOPOSCoinDispenser@@@ATL@@WMI@EAAJAEBU_GUID@@PEAPEAX@Z 0000000180002480 f i CoinDispenser.obj
 0001:0000148c       ?AddRef@?$CComContainedObject@VCOPOSCoinDispenser@@@ATL@@WMI@EAAKXZ 000000018000248c f i CoinDispenser.obj
 0001:00001498       ?Release@?$CComContainedObject@VCOPOSCoinDispenser@@@ATL@@WMI@EAAKXZ 0000000180002498 f i CoinDispenser.obj
 0001:000014a4       ?QueryInterface@?$CComContainedObject@VCOPOSCoinDispenser@@@ATL@@WNA@EAAJAEBU_GUID@@PEAPEAX@Z 00000001800024a4 f i CoinDispenser.obj
 0001:000014b0       ?AddRef@?$CComContainedObject@VCOPOSCoinDispenser@@@ATL@@WNA@EAAKXZ 00000001800024b0 f i CoinDispenser.obj
 0001:000014bc       ?Release@?$CComContainedObject@VCOPOSCoinDispenser@@@ATL@@WNA@EAAKXZ 00000001800024bc f i CoinDispenser.obj
 0001:000014c8       ?QueryInterface@?$CComContainedObject@VCOPOSCoinDispenser@@@ATL@@WNI@EAAJAEBU_GUID@@PEAPEAX@Z 00000001800024c8 f i CoinDispenser.obj
 0001:000014d4       ?AddRef@?$CComContainedObject@VCOPOSCoinDispenser@@@ATL@@WNI@EAAKXZ 00000001800024d4 f i CoinDispenser.obj
 0001:000014e0       ?Release@?$CComContainedObject@VCOPOSCoinDispenser@@@ATL@@WNI@EAAKXZ 00000001800024e0 f i CoinDispenser.obj
 0001:000014ec       ?QueryInterface@?$CComContainedObject@VCOPOSCoinDispenser@@@ATL@@WOA@EAAJAEBU_GUID@@PEAPEAX@Z 00000001800024ec f i CoinDispenser.obj
 0001:000014f8       ?AddRef@?$CComContainedObject@VCOPOSCoinDispenser@@@ATL@@WOA@EAAKXZ 00000001800024f8 f i CoinDispenser.obj
 0001:00001504       ?Release@?$CComContainedObject@VCOPOSCoinDispenser@@@ATL@@WOA@EAAKXZ 0000000180002504 f i CoinDispenser.obj
 0001:00001510       ?QueryInterface@?$CComContainedObject@VCOPOSCoinDispenser@@@ATL@@WOI@EAAJAEBU_GUID@@PEAPEAX@Z 0000000180002510 f i CoinDispenser.obj
 0001:0000151c       ?AddRef@?$CComContainedObject@VCOPOSCoinDispenser@@@ATL@@WOI@EAAKXZ 000000018000251c f i CoinDispenser.obj
 0001:00001528       ?Release@?$CComContainedObject@VCOPOSCoinDispenser@@@ATL@@WOI@EAAKXZ 0000000180002528 f i CoinDispenser.obj
 0001:00001534       ?QueryInterface@?$CComContainedObject@VCOPOSCoinDispenser@@@ATL@@WPA@EAAJAEBU_GUID@@PEAPEAX@Z 0000000180002534 f i CoinDispenser.obj
 0001:00001540       ?AddRef@?$CComContainedObject@VCOPOSCoinDispenser@@@ATL@@WPA@EAAKXZ 0000000180002540 f i CoinDispenser.obj
 0001:0000154c       ?Release@?$CComContainedObject@VCOPOSCoinDispenser@@@ATL@@WPA@EAAKXZ 000000018000254c f i CoinDispenser.obj
 0001:00001558       ?QueryInterface@?$CComContainedObject@VCOPOSCoinDispenser@@@ATL@@WPI@EAAJAEBU_GUID@@PEAPEAX@Z 0000000180002558 f i CoinDispenser.obj
 0001:00001564       ?AddRef@?$CComContainedObject@VCOPOSCoinDispenser@@@ATL@@WPI@EAAKXZ 0000000180002564 f i CoinDispenser.obj
 0001:00001570       ?Release@?$CComContainedObject@VCOPOSCoinDispenser@@@ATL@@WPI@EAAKXZ 0000000180002570 f i CoinDispenser.obj
 0001:0000157c       ?QueryInterface@?$CComContainedObject@VCOPOSCoinDispenser@@@ATL@@WBAA@EAAJAEBU_GUID@@PEAPEAX@Z 000000018000257c f i CoinDispenser.obj
 0001:00001588       ?AddRef@?$CComContainedObject@VCOPOSCoinDispenser@@@ATL@@WBAA@EAAKXZ 0000000180002588 f i CoinDispenser.obj
 0001:00001594       ?Release@?$CComContainedObject@VCOPOSCoinDispenser@@@ATL@@WBAA@EAAKXZ 0000000180002594 f i CoinDispenser.obj
 0001:000015a0       ?QueryInterface@?$CComContainedObject@VCOPOSCoinDispenser@@@ATL@@WBAI@EAAJAEBU_GUID@@PEAPEAX@Z 00000001800025a0 f i CoinDispenser.obj
 0001:000015ac       ?AddRef@?$CComContainedObject@VCOPOSCoinDispenser@@@ATL@@WBAI@EAAKXZ 00000001800025ac f i CoinDispenser.obj
 0001:000015b8       ?Release@?$CComContainedObject@VCOPOSCoinDispenser@@@ATL@@WBAI@EAAKXZ 00000001800025b8 f i CoinDispenser.obj
 0001:000015c4       ?QueryInterface@?$CComContainedObject@VCOPOSCoinDispenser@@@ATL@@WBBA@EAAJAEBU_GUID@@PEAPEAX@Z 00000001800025c4 f i CoinDispenser.obj
 0001:000015d0       ?AddRef@?$CComContainedObject@VCOPOSCoinDispenser@@@ATL@@WBBA@EAAKXZ 00000001800025d0 f i CoinDispenser.obj
 0001:000015dc       ?Release@?$CComContainedObject@VCOPOSCoinDispenser@@@ATL@@WBBA@EAAKXZ 00000001800025dc f i CoinDispenser.obj
 0001:000015e8       ?QueryInterface@?$CComContainedObject@VCOPOSCoinDispenser@@@ATL@@WBBI@EAAJAEBU_GUID@@PEAPEAX@Z 00000001800025e8 f i CoinDispenser.obj
 0001:000015f4       ?AddRef@?$CComContainedObject@VCOPOSCoinDispenser@@@ATL@@WBBI@EAAKXZ 00000001800025f4 f i CoinDispenser.obj
 0001:00001600       ?Release@?$CComContainedObject@VCOPOSCoinDispenser@@@ATL@@WBBI@EAAKXZ 0000000180002600 f i CoinDispenser.obj
 0001:0000160c       ?AddRef@?$CComContainedObject@VCOPOSCoinDispenser@@@ATL@@WBCI@EAAKXZ 000000018000260c f i CoinDispenser.obj
 0001:00001618       ?Release@?$CComContainedObject@VCOPOSCoinDispenser@@@ATL@@WBCI@EAAKXZ 0000000180002618 f i CoinDispenser.obj
 0001:00001624       ?AddRef@?$CComContainedObject@VCOPOSCoinDispenser@@@ATL@@WBEA@EAAKXZ 0000000180002624 f i CoinDispenser.obj
 0001:00001630       ?Release@?$CComContainedObject@VCOPOSCoinDispenser@@@ATL@@WBEA@EAAKXZ 0000000180002630 f i CoinDispenser.obj
 0001:0000163c       ?GetWindowProc@?$CWindowImplBaseT@VCWindow@ATL@@V?$CWinTraits@$0FGAAAAAA@$0A@@2@@ATL@@UEAAP6A_JPEAUHWND__@@I_K_J@ZXZ 000000018000263c f i CoinDispenser.obj
 0001:00001644       ?StartWindowProc@?$CWindowImplBaseT@VCWindow@ATL@@V?$CWinTraits@$0FGAAAAAA@$0A@@2@@ATL@@SA_JPEAUHWND__@@I_K_J@Z 0000000180002644 f i CoinDispenser.obj
 0001:00001708       ?OnFinalMessage@?$CWindowImplBaseT@VCWindow@ATL@@V?$CWinTraits@$0FGAAAAAA@$0A@@2@@ATL@@UEAAXPEAUHWND__@@@Z 0000000180002708 f i CoinDispenser.obj
 0001:00001708       _guard_check_icall_nop     0000000180002708 f i LIBCMT:guard_support.obj
 0001:00001708       ?ObjectMain@CComObjectRootBase@ATL@@SAX_N@Z 0000000180002708 f i CoinDispenser.obj
 0001:0000170c       ?GetTypeInfoCount@?$IDispatchImpl@UIOPOSCoinDispenser@@$1?IID_IOPOSCoinDispenser@@3U_GUID@@B$1?LIBID_OposCoinDispenser_CCO@@3U3@B$00$0A@VCComTypeInfoHolder@ATL@@@ATL@@UEAAJPEAI@Z 000000018000270c f i CoinDispenser.obj
 0001:00001720       ?GetTypeInfo@?$IDispatchImpl@UIOPOSCoinDispenser@@$1?IID_IOPOSCoinDispenser@@3U_GUID@@B$1?LIBID_OposCoinDispenser_CCO@@3U3@B$00$0A@VCComTypeInfoHolder@ATL@@@ATL@@UEAAJIKPEAPEAUITypeInfo@@@Z 0000000180002720 f i CoinDispenser.obj
 0001:00001784       ?GetIDsOfNames@?$IDispatchImpl@UIOPOSCoinDispenser@@$1?IID_IOPOSCoinDispenser@@3U_GUID@@B$1?LIBID_OposCoinDispenser_CCO@@3U3@B$00$0A@VCComTypeInfoHolder@ATL@@@ATL@@UEAAJAEBU_GUID@@PEAPEA_WIKPEAJ@Z 0000000180002784 f i CoinDispenser.obj
 0001:00001790       ?Invoke@?$IDispatchImpl@UIOPOSCoinDispenser@@$1?IID_IOPOSCoinDispenser@@3U_GUID@@B$1?LIBID_OposCoinDispenser_CCO@@3U3@B$00$0A@VCComTypeInfoHolder@ATL@@@ATL@@UEAAJJAEBU_GUID@@KGPEAUtagDISPPARAMS@@PEAUtagVARIANT@@PEAUtagEXCEPINFO@@PEAI@Z 0000000180002790 f i CoinDispenser.obj
 0001:00001820       ?CreateControlWindow@?$CComControl@VCOPOSCoinDispenser@@V?$CWindowImpl@VCOPOSCoinDispenser@@VCWindow@ATL@@V?$CWinTraits@$0FGAAAAAA@$0A@@3@@ATL@@@ATL@@UEAAPEAUHWND__@@PEAU3@AEAUtagRECT@@@Z 0000000180002820 f i CoinDispenser.obj
 0001:00001858       ?ControlQueryInterface@?$CComControl@VCOPOSCoinDispenser@@V?$CWindowImpl@VCOPOSCoinDispenser@@VCWindow@ATL@@V?$CWinTraits@$0FGAAAAAA@$0A@@3@@ATL@@@ATL@@UEAAJAEBU_GUID@@PEAPEAX@Z 0000000180002858 f i CoinDispenser.obj
 0001:0000186c       ?GetUserClassID@?$IOleObjectImpl@VCOPOSCoinDispenser@@@ATL@@UEAAJPEAU_GUID@@@Z 000000018000286c f i CoinDispenser.obj
 0001:0000186c       ?GetClassID@?$IPersistStreamInitImpl@VCOPOSCoinDispenser@@@ATL@@UEAAJPEAU_GUID@@@Z 000000018000286c f i CoinDispenser.obj
 0001:0000186c       ?GetClassID@?$IPersistStorageImpl@VCOPOSCoinDispenser@@@ATL@@UEAAJPEAU_GUID@@@Z 000000018000286c f i CoinDispenser.obj
 0001:00001888       ?IsDirty@?$IPersistStreamInitImpl@VCOPOSCoinDispenser@@@ATL@@UEAAJXZ 0000000180002888 f i CoinDispenser.obj
 0001:000018a4       ?Load@?$IPersistStreamInitImpl@VCOPOSCoinDispenser@@@ATL@@UEAAJPEAUIStream@@@Z 00000001800028a4 f i CoinDispenser.obj
 0001:000018f4       ?Save@?$IPersistStreamInitImpl@VCOPOSCoinDispenser@@@ATL@@UEAAJPEAUIStream@@H@Z 00000001800028f4 f i CoinDispenser.obj
 0001:00001958       ?GetSizeMax@?$IPersistStreamInitImpl@VCOPOSCoinDispenser@@@ATL@@UEAAJPEAT_ULARGE_INTEGER@@@Z 0000000180002958 f i CoinDispenser.obj
 0001:00001b84       ?InitNew@?$IPersistStreamInitImpl@VCOPOSCoinDispenser@@@ATL@@UEAAJXZ 0000000180002b84 f i CoinDispenser.obj
 0001:00001b9c       ?SetClientSite@?$IOleObjectImpl@VCOPOSCoinDispenser@@@ATL@@UEAAJPEAUIOleClientSite@@@Z 0000000180002b9c f i CoinDispenser.obj
 0001:00001bb8       ?GetClientSite@?$IOleObjectImpl@VCOPOSCoinDispenser@@@ATL@@UEAAJPEAPEAUIOleClientSite@@@Z 0000000180002bb8 f i CoinDispenser.obj
 0001:00001c00       ?Close@?$IOleObjectImpl@VCOPOSCoinDispenser@@@ATL@@UEAAJK@Z 0000000180002c00 f i CoinDispenser.obj
 0001:00001c1c       ?DoVerb@?$IOleObjectImpl@VCOPOSCoinDispenser@@@ATL@@UEAAJJPEAUtagMSG@@PEAUIOleClientSite@@JPEAUHWND__@@PEBUtagRECT@@@Z 0000000180002c1c f i CoinDispenser.obj
 0001:00001dc0       ?EnumVerbs@?$IOleObjectImpl@VCOPOSCoinDispenser@@@ATL@@UEAAJPEAPEAUIEnumOLEVERB@@@Z 0000000180002dc0 f i CoinDispenser.obj
 0001:00001ddc       ?GetUserType@?$IOleObjectImpl@VCOPOSCoinDispenser@@@ATL@@UEAAJKPEAPEA_W@Z 0000000180002ddc f i CoinDispenser.obj
 0001:00001dec       ?SetExtent@?$IOleObjectImpl@VCOPOSCoinDispenser@@@ATL@@UEAAJKPEAUtagSIZE@@@Z 0000000180002dec f i CoinDispenser.obj
 0001:00001e08       ?GetExtent@?$IOleObjectImpl@VCOPOSCoinDispenser@@@ATL@@UEAAJKPEAUtagSIZE@@@Z 0000000180002e08 f i CoinDispenser.obj
 0001:00001e38       ?Advise@?$IOleObjectImpl@VCOPOSCoinDispenser@@@ATL@@UEAAJPEAUIAdviseSink@@PEAK@Z 0000000180002e38 f i CoinDispenser.obj
 0001:00001e94       ?Unadvise@?$IOleObjectImpl@VCOPOSCoinDispenser@@@ATL@@UEAAJK@Z 0000000180002e94 f i CoinDispenser.obj
 0001:00001ecc       ?EnumAdvise@?$IOleObjectImpl@VCOPOSCoinDispenser@@@ATL@@UEAAJPEAPEAUIEnumSTATDATA@@@Z 0000000180002ecc f i CoinDispenser.obj
 0001:00001f14       ?GetMiscStatus@?$IOleObjectImpl@VCOPOSCoinDispenser@@@ATL@@UEAAJKPEAK@Z 0000000180002f14 f i CoinDispenser.obj
 0001:00001f24       ?GetWindow@?$IOleInPlaceActiveObjectImpl@VCOPOSCoinDispenser@@@ATL@@UEAAJPEAPEAUHWND__@@@Z 0000000180002f24 f i CoinDispenser.obj
 0001:00001f78       ?TranslateAcceleratorW@?$IOleInPlaceActiveObjectImpl@VCOPOSCoinDispenser@@@ATL@@UEAAJPEAUtagMSG@@@Z 0000000180002f78 f i CoinDispenser.obj
 0001:0000206c       ?OnDocWindowActivate@?$IOleInPlaceActiveObjectImpl@VCOPOSCoinDispenser@@@ATL@@UEAAJH@Z 000000018000306c f i CoinDispenser.obj
 0001:00002098       ?Draw@?$IViewObjectExImpl@VCOPOSCoinDispenser@@@ATL@@UEAAJKJPEAXPEAUtagDVTARGETDEVICE@@PEAUHDC__@@2PEBU_RECTL@@3P6AH_K@Z4@Z 0000000180003098 f i CoinDispenser.obj
 0001:000020fc       ?SetAdvise@?$IViewObjectExImpl@VCOPOSCoinDispenser@@@ATL@@UEAAJKKPEAUIAdviseSink@@@Z 00000001800030fc f i CoinDispenser.obj
 0001:00002150       ?GetAdvise@?$IViewObjectExImpl@VCOPOSCoinDispenser@@@ATL@@UEAAJPEAK0PEAPEAUIAdviseSink@@@Z 0000000180003150 f i CoinDispenser.obj
 0001:0000218c       ?GetExtent@?$IViewObjectExImpl@VCOPOSCoinDispenser@@@ATL@@UEAAJKJPEAUtagDVTARGETDEVICE@@PEAUtagSIZE@@@Z 000000018000318c f i CoinDispenser.obj
 0001:000021bc       ?GetViewStatus@?$IViewObjectExImpl@VCOPOSCoinDispenser@@@ATL@@UEAAJPEAK@Z 00000001800031bc f i CoinDispenser.obj
 0001:000021d0       ?QueryHitPoint@?$IViewObjectExImpl@VCOPOSCoinDispenser@@@ATL@@UEAAJKPEBUtagRECT@@UtagPOINT@@JPEAK@Z 00000001800031d0 f i CoinDispenser.obj
 0001:00002214       ?QueryHitRect@?$IViewObjectExImpl@VCOPOSCoinDispenser@@@ATL@@UEAAJKPEBUtagRECT@@0JPEAK@Z 0000000180003214 f i CoinDispenser.obj
 0001:0000227c       ?GetNaturalExtent@?$IViewObjectExImpl@VCOPOSCoinDispenser@@@ATL@@UEAAJKJPEAUtagDVTARGETDEVICE@@PEAUHDC__@@PEAUtagExtentInfo@@PEAUtagSIZE@@@Z 000000018000327c f i CoinDispenser.obj
 0001:000022c4       ?GetWindow@?$IOleInPlaceObjectWindowlessImpl@VCOPOSCoinDispenser@@@ATL@@UEAAJPEAPEAUHWND__@@@Z 00000001800032c4 f i CoinDispenser.obj
 0001:00002318       ?InPlaceDeactivate@?$IOleInPlaceObjectWindowlessImpl@VCOPOSCoinDispenser@@@ATL@@UEAAJXZ 0000000180003318 f i CoinDispenser.obj
 0001:00002334       ?UIDeactivate@?$IOleInPlaceObjectWindowlessImpl@VCOPOSCoinDispenser@@@ATL@@UEAAJXZ 0000000180003334 f i CoinDispenser.obj
 0001:00002350       ?SetObjectRects@?$IOleInPlaceObjectWindowlessImpl@VCOPOSCoinDispenser@@@ATL@@UEAAJPEBUtagRECT@@0@Z 0000000180003350 f i CoinDispenser.obj
 0001:0000236c       ?OnWindowMessage@?$IOleInPlaceObjectWindowlessImpl@VCOPOSCoinDispenser@@@ATL@@UEAAJI_K_JPEA_J@Z 000000018000336c f i CoinDispenser.obj
 0001:00002434       ?EnumConnectionPoints@?$IConnectionPointContainerImpl@VCOPOSCoinDispenser@@@ATL@@UEAAJPEAPEAUIEnumConnectionPoints@@@Z 0000000180003434 f i CoinDispenser.obj
 0001:00002654       ?FindConnectionPoint@?$IConnectionPointContainerImpl@VCOPOSCoinDispenser@@@ATL@@UEAAJAEBU_GUID@@PEAPEAUIConnectionPoint@@@Z 0000000180003654 f i CoinDispenser.obj
 0001:00002724       ?IsDirty@?$IPersistStorageImpl@VCOPOSCoinDispenser@@@ATL@@UEAAJXZ 0000000180003724 f i CoinDispenser.obj
 0001:00002768       ?InitNew@?$IPersistStorageImpl@VCOPOSCoinDispenser@@@ATL@@UEAAJPEAUIStorage@@@Z 0000000180003768 f i CoinDispenser.obj
 0001:000027ac       ?Load@?$IPersistStorageImpl@VCOPOSCoinDispenser@@@ATL@@UEAAJPEAUIStorage@@@Z 00000001800037ac f i CoinDispenser.obj
 0001:0000284c       ?Save@?$IPersistStorageImpl@VCOPOSCoinDispenser@@@ATL@@UEAAJPEAUIStorage@@H@Z 000000018000384c f i CoinDispenser.obj
 0001:000028fc       ?GetPages@?$ISpecifyPropertyPagesImpl@VCOPOSCoinDispenser@@@ATL@@UEAAJPEAUtagCAUUID@@@Z 00000001800038fc f i CoinDispenser.obj
 0001:00002908       ?QuickActivate@?$IQuickActivateImpl@VCOPOSCoinDispenser@@@ATL@@UEAAJPEAUtagQACONTAINER@@PEAUtagQACONTROL@@@Z 0000000180003908 f i CoinDispenser.obj
 0001:00002924       ?SetContentExtent@?$IQuickActivateImpl@VCOPOSCoinDispenser@@@ATL@@UEAAJPEAUtagSIZE@@@Z 0000000180003924 f i CoinDispenser.obj
 0001:00002958       ?GetContentExtent@?$IQuickActivateImpl@VCOPOSCoinDispenser@@@ATL@@UEAAJPEAUtagSIZE@@@Z 0000000180003958 f i CoinDispenser.obj
 0001:00002990       ?GetData@?$IDataObjectImpl@VCOPOSCoinDispenser@@@ATL@@UEAAJPEAUtagFORMATETC@@PEAUtagSTGMEDIUM@@@Z 0000000180003990 f i CoinDispenser.obj
 0001:000029ac       ?DAdvise@?$IDataObjectImpl@VCOPOSCoinDispenser@@@ATL@@UEAAJPEAUtagFORMATETC@@KPEAUIAdviseSink@@PEAK@Z 00000001800039ac f i CoinDispenser.obj
 0001:00002a34       ?DUnadvise@?$IDataObjectImpl@VCOPOSCoinDispenser@@@ATL@@UEAAJK@Z 0000000180003a34 f i CoinDispenser.obj
 0001:00002a60       ?EnumDAdvise@?$IDataObjectImpl@VCOPOSCoinDispenser@@@ATL@@UEAAJPEAPEAUIEnumSTATDATA@@@Z 0000000180003a60 f i CoinDispenser.obj
 0001:00002a9c       ?GetClassInfoW@?$IProvideClassInfo2Impl@$1?CLSID_OPOSCoinDispenser@@3U_GUID@@B$1?DIID__IOPOSCoinDispenserEvents@@3U2@B$1?LIBID_OposCoinDispenser_CCO@@3U2@B$00$0A@VCComTypeInfoHolder@ATL@@@ATL@@UEAAJPEAPEAUITypeInfo@@@Z 0000000180003a9c f i CoinDispenser.obj
 0001:00002af4       ?GetGUID@?$IProvideClassInfo2Impl@$1?CLSID_OPOSCoinDispenser@@3U_GUID@@B$1?DIID__IOPOSCoinDispenserEvents@@3U2@B$1?LIBID_OposCoinDispenser_CCO@@3U2@B$00$0A@VCComTypeInfoHolder@ATL@@@ATL@@UEAAJKPEAU_GUID@@@Z 0000000180003af4 f i CoinDispenser.obj
 0001:00002b28       ?GetInterfaceSafetyOptions@?$IObjectSafetyImpl@VCOPOSCoinDispenser@@$02@ATL@@UEAAJAEBU_GUID@@PEAK1@Z 0000000180003b28 f i CoinDispenser.obj
 0001:00002bbc       ?SetInterfaceSafetyOptions@?$IObjectSafetyImpl@VCOPOSCoinDispenser@@$02@ATL@@UEAAJAEBU_GUID@@KK@Z 0000000180003bbc f i CoinDispenser.obj
 0001:00002c60       ?_LocCPQueryInterface@?$IConnectionPointImpl@VCOPOSCoinDispenser@@$1?DIID__IOPOSCoinDispenserEvents@@3U_GUID@@BVCComDynamicUnkArray@ATL@@@ATL@@UEAAJAEBU_GUID@@PEAPEAX@Z 0000000180003c60 f i CoinDispenser.obj
 0001:00002c60       ?_LocCPQueryInterface@?$IConnectionPointImpl@VCOPOSCoinDispenser@@$1?IID_IPropertyNotifySink@@3U_GUID@@BVCComDynamicUnkArray@ATL@@@ATL@@UEAAJAEBU_GUID@@PEAPEAX@Z 0000000180003c60 f i CoinDispenser.obj
 0001:00002cd4       ?GetConnectionInterface@?$IConnectionPointImpl@VCOPOSCoinDispenser@@$1?IID_IPropertyNotifySink@@3U_GUID@@BVCComDynamicUnkArray@ATL@@@ATL@@UEAAJPEAU_GUID@@@Z 0000000180003cd4 f i CoinDispenser.obj
 0001:00002cf0       ?GetConnectionPointContainer@?$IConnectionPointImpl@VCOPOSCoinDispenser@@$1?IID_IPropertyNotifySink@@3U_GUID@@BVCComDynamicUnkArray@ATL@@@ATL@@UEAAJPEAPEAUIConnectionPointContainer@@@Z 0000000180003cf0 f i CoinDispenser.obj
 0001:00002d10       ?Advise@?$IConnectionPointImpl@VCOPOSCoinDispenser@@$1?IID_IPropertyNotifySink@@3U_GUID@@BVCComDynamicUnkArray@ATL@@@ATL@@UEAAJPEAUIUnknown@@PEAK@Z 0000000180003d10 f i CoinDispenser.obj
 0001:00002d10       ?Advise@?$IConnectionPointImpl@VCOPOSCoinDispenser@@$1?DIID__IOPOSCoinDispenserEvents@@3U_GUID@@BVCComDynamicUnkArray@ATL@@@ATL@@UEAAJPEAUIUnknown@@PEAK@Z 0000000180003d10 f i CoinDispenser.obj
 0001:00002dd0       ?Unadvise@?$IConnectionPointImpl@VCOPOSCoinDispenser@@$1?IID_IPropertyNotifySink@@3U_GUID@@BVCComDynamicUnkArray@ATL@@@ATL@@UEAAJK@Z 0000000180003dd0 f i CoinDispenser.obj
 0001:00002dd0       ?Unadvise@?$IConnectionPointImpl@VCOPOSCoinDispenser@@$1?DIID__IOPOSCoinDispenserEvents@@3U_GUID@@BVCComDynamicUnkArray@ATL@@@ATL@@UEAAJK@Z 0000000180003dd0 f i CoinDispenser.obj
 0001:00002e4c       ?EnumConnections@?$IConnectionPointImpl@VCOPOSCoinDispenser@@$1?IID_IPropertyNotifySink@@3U_GUID@@BVCComDynamicUnkArray@ATL@@@ATL@@UEAAJPEAPEAUIEnumConnections@@@Z 0000000180003e4c f i CoinDispenser.obj
 0001:00002e4c       ?EnumConnections@?$IConnectionPointImpl@VCOPOSCoinDispenser@@$1?DIID__IOPOSCoinDispenserEvents@@3U_GUID@@BVCComDynamicUnkArray@ATL@@@ATL@@UEAAJPEAPEAUIEnumConnections@@@Z 0000000180003e4c f i CoinDispenser.obj
 0001:00002ff4       ?GetConnectionInterface@?$IConnectionPointImpl@VCOPOSCoinDispenser@@$1?DIID__IOPOSCoinDispenserEvents@@3U_GUID@@BVCComDynamicUnkArray@ATL@@@ATL@@UEAAJPEAU_GUID@@@Z 0000000180003ff4 f i CoinDispenser.obj
 0001:00003010       ?GetConnectionPointContainer@?$IConnectionPointImpl@VCOPOSCoinDispenser@@$1?DIID__IOPOSCoinDispenserEvents@@3U_GUID@@BVCComDynamicUnkArray@ATL@@@ATL@@UEAAJPEAPEAUIConnectionPointContainer@@@Z 0000000180004010 f i CoinDispenser.obj
 0001:00003030       ?UpdateRegistry@COPOSCoinDispenser@@SAJH@Z 0000000180004030 f i CoinDispenser.obj
 0001:00003048       ?ProcessWindowMessage@COPOSCoinDispenser@@UEAAHPEAUHWND__@@I_K_JAEA_JK@Z 0000000180004048 f i CoinDispenser.obj
 0001:000030d0       ?SODirectIO@COPOSCoinDispenser@@MEAAJJPEAJPEAPEA_W@Z 00000001800040d0 f i CoinDispenser.obj
 0001:00003148       ?SOStatusUpdate@COPOSCoinDispenser@@MEAAJJ@Z 0000000180004148 f i CoinDispenser.obj
 0001:00003198       ?CreateInstance@?$CComCreator@V?$CComObjectCached@VCComClassFactory@ATL@@@ATL@@@ATL@@SAJPEAXAEBU_GUID@@PEAPEAX@Z 0000000180004198 f i CoinDispenser.obj
 0001:000032a0       ?CreateInstance@?$CComCreator2@V?$CComCreator@V?$CComObject@VCOPOSCoinDispenser@@@ATL@@@ATL@@V?$CComCreator@V?$CComAggObject@VCOPOSCoinDispenser@@@ATL@@@2@@ATL@@SAJPEAXAEBU_GUID@@PEAPEAX@Z 00000001800042a0 f i CoinDispenser.obj
 0001:000032b0       ?Next@?$CComEnumImpl@UIEnumConnectionPoints@@$1?_GUID_b196b285_bab4_101a_b69c_00aa00341d07@@3U__s_GUID@@BPEAUIConnectionPoint@@V?$_CopyInterface@UIConnectionPoint@@@ATL@@@ATL@@UEAAJKPEAPEAUIConnectionPoint@@PEAK@Z 00000001800042b0 f i CoinDispenser.obj
 0001:0000337c       ?Skip@?$CComEnumImpl@UIEnumConnectionPoints@@$1?_GUID_b196b285_bab4_101a_b69c_00aa00341d07@@3U__s_GUID@@BPEAUIConnectionPoint@@V?$_CopyInterface@UIConnectionPoint@@@ATL@@@ATL@@UEAAJK@Z 000000018000437c f i CoinDispenser.obj
 0001:000033a8       ?Clone@?$CComEnumImpl@UIEnumConnectionPoints@@$1?_GUID_b196b285_bab4_101a_b69c_00aa00341d07@@3U__s_GUID@@BPEAUIConnectionPoint@@V?$_CopyInterface@UIConnectionPoint@@@ATL@@@ATL@@UEAAJPEAPEAUIEnumConnectionPoints@@@Z 00000001800043a8 f i CoinDispenser.obj
 0001:000034d4       ?QueryInterface@?$CComObject@V?$CComEnum@UIEnumConnectionPoints@@$1?_GUID_b196b285_bab4_101a_b69c_00aa00341d07@@3U__s_GUID@@BPEAUIConnectionPoint@@V?$_CopyInterface@UIConnectionPoint@@@ATL@@VCComSingleThreadModel@6@@ATL@@@ATL@@UEAAJAEBU_GUID@@PEAPEAX@Z 00000001800044d4 f i CoinDispenser.obj
 0001:000034e8       ??_E?$CComObject@V?$CComEnum@UIEnumConnectionPoints@@$1?_GUID_b196b285_bab4_101a_b69c_00aa00341d07@@3U__s_GUID@@BPEAUIConnectionPoint@@V?$_CopyInterface@UIConnectionPoint@@@ATL@@VCComSingleThreadModel@6@@ATL@@@ATL@@UEAAPEAXI@Z 00000001800044e8 f i CoinDispenser.obj
 0001:000034e8       ??_G?$CComObject@V?$CComEnum@UIEnumConnectionPoints@@$1?_GUID_b196b285_bab4_101a_b69c_00aa00341d07@@3U__s_GUID@@BPEAUIConnectionPoint@@V?$_CopyInterface@UIConnectionPoint@@@ATL@@VCComSingleThreadModel@6@@ATL@@@ATL@@UEAAPEAXI@Z 00000001800044e8 f i CoinDispenser.obj
 0001:00003540       ?CreateInstance@CComClassFactory@ATL@@UEAAJPEAUIUnknown@@AEBU_GUID@@PEAPEAX@Z 0000000180004540 f i CoinDispenser.obj
 0001:000035a0       ?LockServer@CComClassFactory@ATL@@UEAAJH@Z 00000001800045a0 f i CoinDispenser.obj
 0001:000035c4       ??_ECComClassFactory@ATL@@UEAAPEAXI@Z 00000001800045c4 f i CoinDispenser.obj
 0001:000035c4       ??_GCComClassFactory@ATL@@UEAAPEAXI@Z 00000001800045c4 f i CoinDispenser.obj
 0001:00003614       ??$AtlModuleRegisterWndClassInfoT@VAtlModuleRegisterWndClassInfoParamW@ATL@@@ATL@@YAGPEAU_ATL_BASE_MODULE70@0@PEAU_ATL_WIN_MODULE70@0@PEAU_ATL_WNDCLASSINFOW@0@PEAP6A_JPEAUHWND__@@I_K_J@ZVAtlModuleRegisterWndClassInfoParamW@0@@Z 0000000180004614 f i CoinDispenser.obj
 0001:00003814       ??0?$CComContainedObject@VCOPOSCoinDispenser@@@ATL@@QEAA@PEAX@Z 0000000180004814 f i CoinDispenser.obj
 0001:00003930       ??0?$CComObject@VCOPOSCoinDispenser@@@ATL@@QEAA@PEAX@Z 0000000180004930 f i CoinDispenser.obj
 0001:00003a48       ??0CAtlModule@ATL@@QEAA@XZ 0000000180004a48 f i CoinDispenser.obj
 0001:00003abc       ??1?$CComEnumImpl@UIEnumConnectionPoints@@$1?_GUID_b196b285_bab4_101a_b69c_00aa00341d07@@3U__s_GUID@@BPEAUIConnectionPoint@@V?$_CopyInterface@UIConnectionPoint@@@ATL@@@ATL@@UEAA@XZ 0000000180004abc f i CoinDispenser.obj
 0001:00003b18       ??1?$CComEnumImpl@UIEnumConnections@@$1?_GUID_b196b287_bab4_101a_b69c_00aa00341d07@@3U__s_GUID@@BUtagCONNECTDATA@@V?$_Copy@UtagCONNECTDATA@@@ATL@@@ATL@@UEAA@XZ 0000000180004b18 f i CoinDispenser.obj
 0001:00003b74       ??1?$CComObject@VCOPOSCoinDispenser@@@ATL@@UEAA@XZ 0000000180004b74 f i CoinDispenser.obj
 0001:00003c94       ??_E?$CComContainedObject@VCOPOSCoinDispenser@@@ATL@@UEAAPEAXI@Z 0000000180004c94 f i CoinDispenser.obj
 0001:00003c94       ??_G?$CComContainedObject@VCOPOSCoinDispenser@@@ATL@@UEAAPEAXI@Z 0000000180004c94 f i CoinDispenser.obj
 0001:00003cc8       ??_G?$CComObject@VCOPOSCoinDispenser@@@ATL@@UEAAPEAXI@Z 0000000180004cc8 f i CoinDispenser.obj
 0001:00003cc8       ??_E?$CComObject@VCOPOSCoinDispenser@@@ATL@@UEAAPEAXI@Z 0000000180004cc8 f i CoinDispenser.obj
 0001:00003cfc       ?Add@?$CSimpleArray@GV?$CSimpleArrayEqualHelper@G@ATL@@@ATL@@QEAAHAEBG@Z 0000000180004cfc f i CoinDispenser.obj
 0001:00003db0       ?Add@?$CSimpleMap@PEA_WPEA_WVCExpansionVectorEqualHelper@ATL@@@ATL@@QEAAHAEBQEA_W0@Z 0000000180004db0 f i CoinDispenser.obj
 0001:00003e50       ?Add@CComDynamicUnkArray@ATL@@QEAAKPEAUIUnknown@@@Z 0000000180004e50 f i CoinDispenser.obj
 0001:00003f38       ?Add@CExpansionVector@ATL@@QEAAHPEB_W0@Z 0000000180004f38 f i CoinDispenser.obj
 0001:000040c8       ?AddValue@CRegParser@ATL@@IEAAJAEAVCRegKey@2@PEB_WPEA_W@Z 00000001800050c8 f i CoinDispenser.obj
 0001:00004510       ?AllocateHeap@?$CTempBuffer@_W$0EAA@VCCRTAllocator@ATL@@@ATL@@AEAAX_K@Z 0000000180005510 f i CoinDispenser.obj
 0001:00004510       ?AllocateHeap@?$CTempBuffer@E$0BAA@VCCRTAllocator@ATL@@@ATL@@AEAAX_K@Z 0000000180005510 f i CoinDispenser.obj
 0001:00004510       ?AllocateHeap@?$CTempBuffer@_W$0BAA@VCCRTAllocator@ATL@@@ATL@@AEAAX_K@Z 0000000180005510 f i CoinDispenser.obj
 0001:0000453c       ?Append@CParseBuffer@CRegParser@ATL@@QEAAHPEB_WH@Z 000000018000553c f i CoinDispenser.obj
 0001:00004654       ?AtlCallTermFunc@ATL@@YAXPEAU_ATL_MODULE70@1@@Z 0000000180005654 f i CoinDispenser.obj
 0001:000046b8       ?AtlComModuleGetClassObject@ATL@@YAJPEAU_ATL_COM_MODULE70@1@AEBU_GUID@@1PEAPEAX@Z 00000001800056b8 f i CoinDispenser.obj
 0001:000047f8       ?AtlComModuleRegisterServer@ATL@@YAJPEAU_ATL_COM_MODULE70@1@HPEBU_GUID@@@Z 00000001800057f8 f i CoinDispenser.obj
 0001:000048b8       ?AtlComModuleUnregisterServer@ATL@@YAJPEAU_ATL_COM_MODULE70@1@HPEBU_GUID@@@Z 00000001800058b8 f i CoinDispenser.obj
 0001:00004974       ?AtlCreateTargetDC@ATL@@YAPEAUHDC__@@PEAU2@PEAUtagDVTARGETDEVICE@@@Z 0000000180005974 f i CoinDispenser.obj
 0001:000049e8       ?AtlHiMetricToPixel@ATL@@YAXPEBUtagSIZE@@PEAU2@@Z 00000001800059e8 f i CoinDispenser.obj
 0001:00004a98       ?AtlHresultFromLastError@ATL@@YAJXZ 0000000180005a98 f i CoinDispenser.obj
 0001:00004ab8       ?AtlHresultFromWin32@ATL@@YAJK@Z 0000000180005ab8 f i CoinDispenser.obj
 0001:00004ac8       ?AtlIPersistStreamInit_Load@ATL@@YAJPEAUIStream@@PEBUATL_PROPMAP_ENTRY@1@PEAXPEAUIUnknown@@@Z 0000000180005ac8 f i CoinDispenser.obj
 0001:00004d00       ?AtlIPersistStreamInit_Save@ATL@@YAJPEAUIStream@@HPEBUATL_PROPMAP_ENTRY@1@PEAXPEAUIUnknown@@@Z 0000000180005d00 f i CoinDispenser.obj
 0001:00004f38       ?AtlInternalOleLoadFromStream@ATL@@YAJPEAUIStream@@AEBU_GUID@@PEAPEAXTClassesAllowedInStream@1@K@Z 0000000180005f38 f i CoinDispenser.obj
 0001:0000507c       ?AtlInternalQueryInterface@ATL@@YAJPEAXPEBU_ATL_INTMAP_ENTRY@1@AEBU_GUID@@PEAPEAX@Z 000000018000607c f i CoinDispenser.obj
 0001:00005184       ?AtlLoadTypeLib@ATL@@YAJPEAUHINSTANCE__@@PEB_WPEAPEA_WPEAPEAUITypeLib@@@Z 0000000180006184 f i CoinDispenser.obj
 0001:000053e0       ?AtlModuleAddTermFunc@ATL@@YAJPEAU_ATL_MODULE70@1@P6AX_K@Z1@Z 00000001800063e0 f i CoinDispenser.obj
 0001:00005474       ?AtlRegisterClassCategoriesHelper@ATL@@YAJAEBU_GUID@@PEBU_ATL_CATMAP_ENTRY@1@H@Z 0000000180006474 f i CoinDispenser.obj
 0001:000058dc       ?AtlRegisterTypeLib@ATL@@YAJPEAUHINSTANCE__@@PEB_W@Z 00000001800068dc f i CoinDispenser.obj
 0001:00005ad8       ?AtlThrowImpl@ATL@@YAXJ@Z  0000000180006ad8 f i CoinDispenser.obj
 0001:00005afc       ?AtlUnRegisterTypeLib@ATL@@YAJPEAUHINSTANCE__@@PEB_W@Z 0000000180006afc f i CoinDispenser.obj
 0001:00005bc4       ?AtlWinModuleExtractCreateWndData@ATL@@YAPEAXPEAU_ATL_WIN_MODULE70@1@@Z 0000000180006bc4 f i CoinDispenser.obj
 0001:00005c50       ?Cleanup@CComTypeInfoHolder@ATL@@SAX_K@Z 0000000180006c50 f i CoinDispenser.obj
 0001:00005c90       ?ClearReplacements@CExpansionVector@ATL@@QEAAJXZ 0000000180006c90 f i CoinDispenser.obj
 0001:00005d2c       ?CreateInstance@?$CComCreator@V?$CComAggObject@VCOPOSCoinDispenser@@@ATL@@@ATL@@SAJPEAXAEBU_GUID@@PEAPEAX@Z 0000000180006d2c f i CoinDispenser.obj
 0001:00005e04       ?CreateInstance@?$CComCreator@V?$CComObject@VCOPOSCoinDispenser@@@ATL@@@ATL@@SAJPEAXAEBU_GUID@@PEAPEAX@Z 0000000180006e04 f i CoinDispenser.obj
 0001:00005ebc       ?CreateInstance@?$CComObject@V?$CComEnum@UIEnumConnectionPoints@@$1?_GUID_b196b285_bab4_101a_b69c_00aa00341d07@@3U__s_GUID@@BPEAUIConnectionPoint@@V?$_CopyInterface@UIConnectionPoint@@@ATL@@VCComSingleThreadModel@6@@ATL@@@ATL@@SAJPEAPEAV12@@Z 0000000180006ebc f i CoinDispenser.obj
 0001:00005f48       ?CreateInstance@?$CComObject@V?$CComEnum@UIEnumConnections@@$1?_GUID_b196b287_bab4_101a_b69c_00aa00341d07@@3U__s_GUID@@BUtagCONNECTDATA@@V?$_Copy@UtagCONNECTDATA@@@ATL@@VCComSingleThreadModel@6@@ATL@@@ATL@@SAJPEAPEAV12@@Z 0000000180006f48 f i CoinDispenser.obj
 0001:00005fd4       ?DefaultReflectionHandler@?$CWindowImplRoot@VCWindow@ATL@@@ATL@@SAHPEAUHWND__@@I_K_JAEA_J@Z 0000000180006fd4 f i CoinDispenser.obj
 0001:00006038       ?DeleteSubKey@CRegKey@ATL@@QEAAJPEB_W@Z 0000000180007038 f i CoinDispenser.obj
 0001:000060d0       ?DoEvent@COPOSCoinDispenser@@IEAAXI_K_J@Z 00000001800070d0 f i CoinDispenser.obj
 0001:00006184       ?DoVerbPrimary@?$IOleObjectImpl@VCOPOSCoinDispenser@@@ATL@@QEAAJPEBUtagRECT@@PEAUHWND__@@@Z 0000000180007184 f i CoinDispenser.obj
 0001:000062b0       ?DoVerbProperties@CComControlBase@ATL@@QEAAJPEBUtagRECT@@PEAUHWND__@@@Z 00000001800072b0 f i CoinDispenser.obj
 0001:000064d8       ?FireTheEvent@?$CProxy_IOPOSEvents@VCOPOSCoinDispenser@@@@IEAAXPEAVOposVariant@@IAEAJPEB_WJ@Z 00000001800074d8 f i CoinDispenser.obj
 0001:000065c4       ?FireViewChange@CComControlBase@ATL@@QEAAJXZ 00000001800075c4 f i CoinDispenser.obj
 0001:00006628       ?Fire_DirectIOEvent@?$CProxy_IOPOSEvents@VCOPOSCoinDispenser@@@@QEAAXJPEAJPEAPEA_W@Z 0000000180007628 f i CoinDispenser.obj
 0001:00006780       ?Fire_StatusUpdateEvent@?$CProxy_IOPOSEvents@VCOPOSCoinDispenser@@@@QEAAXJ@Z 0000000180007780 f i CoinDispenser.obj
 0001:0000686c       ?FreeHeap@?$CTempBuffer@_W$0EAA@VCCRTAllocator@ATL@@@ATL@@AEAAXXZ 000000018000786c f i CoinDispenser.obj
 0001:0000686c       ?FreeHeap@?$CTempBuffer@E$0BAA@VCCRTAllocator@ATL@@@ATL@@AEAAXXZ 000000018000786c f i CoinDispenser.obj
 0001:0000686c       ?FreeHeap@?$CTempBuffer@_W$0BAA@VCCRTAllocator@ATL@@@ATL@@AEAAXXZ 000000018000786c f i CoinDispenser.obj
 0001:00006874       ?GetAmbientLocaleID@CComControlBase@ATL@@QEAAJAEAK@Z 0000000180007874 f i CoinDispenser.obj
 0001:00006934       ?GetAmbientUserMode@CComControlBase@ATL@@QEAAJAEAH@Z 0000000180007934 f i CoinDispenser.obj
 0001:00006a04       ?GetClassObject@CComModule@ATL@@QEAAJAEBU_GUID@@0PEAPEAX@Z 0000000180007a04 f i CoinDispenser.obj
 0001:00006af8       ?GetConnMap@COPOSCoinDispenser@@SAPEBU_ATL_CONNMAP_ENTRY@ATL@@PEAH@Z 0000000180007af8 f i CoinDispenser.obj
 0001:00006b80       ?GetIDsOfNames@CComTypeInfoHolder@ATL@@QEAAJAEBU_GUID@@PEAPEA_WIKPEAJ@Z 0000000180007b80 f i CoinDispenser.obj
 0001:00006cf8       ?GetPagesHelper@?$ISpecifyPropertyPagesImpl@VCOPOSCoinDispenser@@@ATL@@IEAAJPEAUtagCAUUID@@PEBUATL_PROPMAP_ENTRY@2@@Z 0000000180007cf8 f i CoinDispenser.obj
 0001:00006e98       ?GetSizeMax@CComVariant@ATL@@QEBAJPEAT_ULARGE_INTEGER@@@Z 0000000180007e98 f i CoinDispenser.obj
 0001:000070cc       ?GetTI@CComTypeInfoHolder@ATL@@QEAAJK@Z 00000001800080cc f i CoinDispenser.obj
 0001:00007344       ?GetZoomInfo@CComControlBase@ATL@@QEAAXAEAUATL_DRAWINFO@@@Z 0000000180008344 f i CoinDispenser.obj
 0001:000073e8       ?HKeyFromString@CRegParser@ATL@@KAPEAUHKEY__@@PEA_W@Z 00000001800083e8 f i CoinDispenser.obj
 0001:0000744c       ?IDataObject_GetData@CComControlBase@ATL@@QEAAJPEAUtagFORMATETC@@PEAUtagSTGMEDIUM@@@Z 000000018000844c f i CoinDispenser.obj
 0001:00007640       ?IOleInPlaceObject_InPlaceDeactivate@CComControlBase@ATL@@QEAAJXZ 0000000180008640 f i CoinDispenser.obj
 0001:000076e0       ?IOleInPlaceObject_SetObjectRects@CComControlBase@ATL@@QEAAJPEBUtagRECT@@0@Z 00000001800086e0 f i CoinDispenser.obj
 0001:000077d0       ?IOleInPlaceObject_UIDeactivate@CComControlBase@ATL@@QEAAJXZ 00000001800087d0 f i CoinDispenser.obj
 0001:000078dc       ?IOleObject_Close@CComControlBase@ATL@@QEAAJK@Z 00000001800088dc f i CoinDispenser.obj
 0001:000079f4       ?IOleObject_SetClientSite@CComControlBase@ATL@@QEAAJPEAUIOleClientSite@@@Z 00000001800089f4 f i CoinDispenser.obj
 0001:00007a6c       ?IOleObject_SetExtent@CComControlBase@ATL@@QEAAJKPEAUtagSIZE@@@Z 0000000180008a6c f i CoinDispenser.obj
 0001:00007b04       ?IPSI_GetIPersistStreamInit@?$IPersistStorageImpl@VCOPOSCoinDispenser@@@ATL@@AEAAPEAUIPersistStreamInit@@XZ 0000000180008b04 f i CoinDispenser.obj
 0001:00007b60       ?IQuickActivate_QuickActivate@CComControlBase@ATL@@QEAAJPEAUtagQACONTAINER@@PEAUtagQACONTROL@@@Z 0000000180008b60 f i CoinDispenser.obj
 0001:00007e24       ?IViewObject_Draw@CComControlBase@ATL@@QEAAJKJPEAXPEAUtagDVTARGETDEVICE@@PEAUHDC__@@2PEBU_RECTL@@3@Z 0000000180008e24 f i CoinDispenser.obj
 0001:00007f38       ?InPlaceActivate@CComControlBase@ATL@@QEAAJJPEBUtagRECT@@@Z 0000000180008f38 f i CoinDispenser.obj
 0001:00008270       ?Init@?$CComEnumImpl@UIEnumConnectionPoints@@$1?_GUID_b196b285_bab4_101a_b69c_00aa00341d07@@3U__s_GUID@@BPEAUIConnectionPoint@@V?$_CopyInterface@UIConnectionPoint@@@ATL@@@ATL@@QEAAJPEAPEAUIConnectionPoint@@0PEAUIUnknown@@W4CComEnumFlags@2@@Z 0000000180009270 f i CoinDispenser.obj
 0001:00008390       ?Init@?$CComEnumImpl@UIEnumConnections@@$1?_GUID_b196b287_bab4_101a_b69c_00aa00341d07@@3U__s_GUID@@BUtagCONNECTDATA@@V?$_Copy@UtagCONNECTDATA@@@ATL@@@ATL@@QEAAJPEAUtagCONNECTDATA@@0PEAUIUnknown@@W4CComEnumFlags@2@@Z 0000000180009390 f i CoinDispenser.obj
 0001:000084b4       ?IsEqualObject@?$CComPtrBase@UIOleClientSite@@@ATL@@QEAA_NPEAUIUnknown@@@Z 00000001800094b4 f i CoinDispenser.obj
 0001:000084b4       ?IsEqualObject@?$CComPtrBase@UITypeInfo@@@ATL@@QEAA_NPEAUIUnknown@@@Z 00000001800094b4 f i CoinDispenser.obj
 0001:00008540       ?LoadNameCache@CComTypeInfoHolder@ATL@@QEAAJPEAUITypeInfo@@@Z 0000000180009540 f i CoinDispenser.obj
 0001:000086c4       ?Lookup@?$CSimpleMap@PEA_WPEA_WVCExpansionVectorEqualHelper@ATL@@@ATL@@QEBAPEA_WAEBQEA_W@Z 00000001800096c4 f i CoinDispenser.obj
 0001:00008750       ?NextToken@CRegParser@ATL@@IEAAJPEA_W@Z 0000000180009750 f i CoinDispenser.obj
 0001:00008908       ?OnKillFocus@CComControlBase@ATL@@QEAA_JI_K_JAEAH@Z 0000000180009908 f i CoinDispenser.obj
 0001:000089a4       ?OnMouseActivate@CComControlBase@ATL@@QEAA_JI_K_JAEAH@Z 00000001800099a4 f i CoinDispenser.obj
 0001:00008a44       ?OnPaint@CComControlBase@ATL@@QEAA_JI_K_JAEAH@Z 0000000180009a44 f i CoinDispenser.obj
 0001:00008b30       ?OnSetFocus@CComControlBase@ATL@@QEAA_JI_K_JAEAH@Z 0000000180009b30 f i CoinDispenser.obj
 0001:00008c2c       ?Open@CRegKey@ATL@@QEAAJPEAUHKEY__@@PEB_WK@Z 0000000180009c2c f i CoinDispenser.obj
 0001:00008cb8       ?PreProcessBuffer@CRegParser@ATL@@QEAAJPEA_WPEAPEA_W@Z 0000000180009cb8 f i CoinDispenser.obj
 0001:0000903c       ?ProcessWindowMessage@?$CComControl@VCOPOSCoinDispenser@@V?$CWindowImpl@VCOPOSCoinDispenser@@VCWindow@ATL@@V?$CWinTraits@$0FGAAAAAA@$0A@@3@@ATL@@@ATL@@UEAAHPEAUHWND__@@I_K_JAEA_JK@Z 000000018000a03c f i CoinDispenser.obj
 0001:00009120       ?PutProperty@?$CComPtr@UIDispatch@@@ATL@@SAJPEAUIDispatch@@JPEAUtagVARIANT@@@Z 000000018000a120 f i CoinDispenser.obj
 0001:00009224       ?ReadFromStream@CComBSTR@ATL@@QEAAJPEAUIStream@@@Z 000000018000a224 f i CoinDispenser.obj
 0001:00009380       ?ReadFromStream@CComVariant@ATL@@QEAAJPEAUIStream@@GTClassesAllowedInStream@2@K@Z 000000018000a380 f i CoinDispenser.obj
 0001:00009590       ?RecurseDeleteKey@CRegKey@ATL@@QEAAJPEB_W@Z 000000018000a590 f i CoinDispenser.obj
 0001:0000969c       ?RegCreateKeyExW@CAtlTransactionManager@ATL@@QEAAJPEAUHKEY__@@PEB_WKPEA_WKKQEAU_SECURITY_ATTRIBUTES@@PEAPEAU3@PEAK@Z 000000018000a69c f i CoinDispenser.obj
 0001:000097d0       ?RegDeleteKeyW@CAtlTransactionManager@ATL@@QEAAJPEAUHKEY__@@PEB_W@Z 000000018000a7d0 f i CoinDispenser.obj
 0001:0000985c       ?RegOpenKeyExW@CAtlTransactionManager@ATL@@QEAAJPEAUHKEY__@@PEB_WKKPEAPEAU3@@Z 000000018000a85c f i CoinDispenser.obj
 0001:00009914       ?RegisterBuffer@CRegParser@ATL@@QEAAJPEA_WH@Z 000000018000a914 f i CoinDispenser.obj
 0001:00009a7c       ?RegisterFromResource@CRegObject@ATL@@IEAAJPEB_W00H@Z 000000018000aa7c f i CoinDispenser.obj
 0001:00009c38       ?RegisterServer@CComModule@ATL@@QEAAJHPEBU_GUID@@@Z 000000018000ac38 f i CoinDispenser.obj
 0001:00009cf8       ?RegisterSubkeys@CRegParser@ATL@@IEAAJPEA_WPEAUHKEY__@@HH@Z 000000018000acf8 f i CoinDispenser.obj
 0001:0000a3ec       ?SendOnDataChange@CComControlBase@ATL@@QEAAJK@Z 000000018000b3ec f i CoinDispenser.obj
 0001:0000a45c       ?SetControlFocus@CComControlBase@ATL@@QEAAHH@Z 000000018000b45c f i CoinDispenser.obj
 0001:0000a538       ?SkipAssignment@CRegParser@ATL@@IEAAJPEA_W@Z 000000018000b538 f i CoinDispenser.obj
 0001:0000a5dc       ?Term@CComModule@ATL@@QEAAXXZ 000000018000b5dc f i CoinDispenser.obj
 0001:0000a688       ?UnregisterServer@CComModule@ATL@@QEAAJHPEBU_GUID@@@Z 000000018000b688 f i CoinDispenser.obj
 0001:0000a738       ?UpdateRegistryFromResource@CAtlModule@ATL@@QEAAJIHPEAU_ATL_REGMAP_ENTRY@2@@Z 000000018000b738 f i CoinDispenser.obj
 0001:0000aa70       ?UpdateRegistryFromResource@CAtlModule@ATL@@QEAAJPEB_WHPEAU_ATL_REGMAP_ENTRY@2@@Z 000000018000ba70 f i CoinDispenser.obj
 0001:0000adc8       ?VTFromRegType@CRegParser@ATL@@KAHPEB_WAEAG@Z 000000018000bdc8 f i CoinDispenser.obj
 0001:0000ae64       ?WindowProc@?$CWindowImplBaseT@VCWindow@ATL@@V?$CWinTraits@$0FGAAAAAA@$0A@@2@@ATL@@SA_JPEAUHWND__@@I_K_J@Z 000000018000be64 f i CoinDispenser.obj
 0001:0000afd0       ?WriteToStream@CComBSTR@ATL@@QEAAJPEAUIStream@@@Z 000000018000bfd0 f i CoinDispenser.obj
 0001:0000b050       ?WriteToStream@CComVariant@ATL@@QEAAJPEAUIStream@@@Z 000000018000c050 f i CoinDispenser.obj
 0001:0000b264       ?WriteToStream@CComVariant@ATL@@QEAAJPEAUIStream@@G@Z 000000018000c264 f i CoinDispenser.obj
 0001:0000b2fc       ?_AtlVerifyStackAvailable@_ATL_SAFE_ALLOCA_IMPL@ATL@@YA_N_K@Z 000000018000c2fc f i CoinDispenser.obj
 0001:0000b380       ?atlCreate@?$CWindowImpl@VCOPOSCoinDispenser@@VCWindow@ATL@@V?$CWinTraits@$0FGAAAAAA@$0A@@3@@ATL@@QEAAPEAUHWND__@@PEAU3@V_U_RECT@2@PEB_WKKV_U_MENUorID@2@PEAX@Z 000000018000c380 f i CoinDispenser.obj
 0001:0000b430       ?atlCreate@?$CWindowImplBaseT@VCWindow@ATL@@V?$CWinTraits@$0FGAAAAAA@$0A@@2@@ATL@@QEAAPEAUHWND__@@PEAU3@V_U_RECT@2@PEB_WKKV_U_MENUorID@2@GPEAX@Z 000000018000c430 f i CoinDispenser.obj
 0001:0000b5a0       ?atlCreate@CRegKey@ATL@@QEAAJPEAUHKEY__@@PEB_WPEA_WKKPEAU_SECURITY_ATTRIBUTES@@PEAK@Z 000000018000c5a0 f i CoinDispenser.obj
 0001:0000b68c       DllCanUnloadNow            000000018000c68c f   CoinDispenser.obj
 0001:0000b698       DllGetClassObject          000000018000c698 f   CoinDispenser.obj
 0001:0000b6b0       DllMain                    000000018000c6b0 f   CoinDispenser.obj
 0001:0000b758       DllRegisterServer          000000018000c758 f   CoinDispenser.obj
 0001:0000b76c       DllUnregisterServer        000000018000c76c f   CoinDispenser.obj
 0001:0000b780       __local_stdio_printf_options 000000018000c780 f i CoinDispenser.obj
 0001:0000b810       swprintf_s                 000000018000c810 f i CoinDispenser.obj
 0001:0000b864       ??0COPOSCoinDispenser@@QEAA@XZ 000000018000c864 f   CoinDispenserImpl.obj
 0001:0000b920       ??1?$IConnectionPointImpl@VCOPOSCoinDispenser@@$1?DIID__IOPOSCoinDispenserEvents@@3U_GUID@@BVCComDynamicUnkArray@ATL@@@ATL@@QEAA@XZ 000000018000c920 f i CoinDispenserImpl.obj
 0001:0000b920       ??1?$IConnectionPointImpl@VCOPOSCoinDispenser@@$1?IID_IPropertyNotifySink@@3U_GUID@@BVCComDynamicUnkArray@ATL@@@ATL@@QEAA@XZ 000000018000c920 f i CoinDispenserImpl.obj
 0001:0000b97c       ??1CComControlBase@ATL@@UEAA@XZ 000000018000c97c f i CoinDispenserImpl.obj
 0001:0000b9f8       ??1COPOSCoinDispenser@@UEAA@XZ 000000018000c9f8 f   CoinDispenserImpl.obj
 0001:0000ba5c       ?AdjustCashCounts@COPOSCoinDispenser@@UEAAJPEA_WPEAJ@Z 000000018000ca5c f   CoinDispenserImpl.obj
 0001:0000bae4       ?CheckHealth@COPOSCoinDispenser@@UEAAJJPEAJ@Z 000000018000cae4 f   CoinDispenserImpl.obj
 0001:0000bb60       ?ClaimDevice@COPOSCoinDispenser@@UEAAJJPEAJ@Z 000000018000cb60 f   CoinDispenserImpl.obj
 0001:0000bc00       ?Close@COPOSCoinDispenser@@UEAAJPEAJ@Z 000000018000cc00 f   CoinDispenserImpl.obj
 0001:0000bcb8       ?CompareFirmwareVersion@COPOSCoinDispenser@@UEAAJPEA_WPEAJ1@Z 000000018000ccb8 f   CoinDispenserImpl.obj
 0001:0000bd94       ?DirectIO@COPOSCoinDispenser@@UEAAJJPEAJPEAPEA_W0@Z 000000018000cd94 f   CoinDispenserImpl.obj
 0001:0000be90       ?DispenseChange@COPOSCoinDispenser@@UEAAJJPEAJ@Z 000000018000ce90 f   CoinDispenserImpl.obj
 0001:0000bf0c       ?DoInvoke@COPOSCoinDispenser@@IEAAJJPEAVOposVariant@@IHPEAJ_N@Z 000000018000cf0c f   CoinDispenserImpl.obj
 0001:0000c040       ?EventInit@COPOSCoinDispenser@@IEAAJXZ 000000018000d040 f i CoinDispenserImpl.obj
 0001:0000c188       ?EventUninit@COPOSCoinDispenser@@IEAAXXZ 000000018000d188 f i CoinDispenserImpl.obj
 0001:0000c1ec       ?EventWindowProc@COPOSCoinDispenser@@IEAA_JI_K_J@Z 000000018000d1ec f i CoinDispenserImpl.obj
 0001:0000c2e4       ?FinalConstruct@COPOSCoinDispenser@@QEAAJXZ 000000018000d2e4 f   CoinDispenserImpl.obj
 0001:0000c320       ?FreezeEvents@COPOSCoinDispenser@@MEAAJH@Z 000000018000d320 f   CoinDispenserImpl.obj
 0001:0000c394       ?GetOposProp@COPOSCoinDispenser@@IEAAJJPEAJJ@Z 000000018000d394 f   CoinDispenserImpl.obj
 0001:0000c4b0       ?GetOposProp@COPOSCoinDispenser@@IEAAJJPEAPEA_WJ@Z 000000018000d4b0 f   CoinDispenserImpl.obj
 0001:0000c5dc       ?OnDraw@COPOSCoinDispenser@@MEAAJAEAUATL_DRAWINFO@@@Z 000000018000d5dc f   CoinDispenserImpl.obj
 0001:0000c6c8       ?Open@COPOSCoinDispenser@@UEAAJPEA_WPEAJ@Z 000000018000d6c8 f   CoinDispenserImpl.obj
 0001:0000cf50       ?ReadCashCounts@COPOSCoinDispenser@@UEAAJPEAPEA_WPEAFPEAJ@Z 000000018000df50 f   CoinDispenserImpl.obj
 0001:0000d02c       ?ReleaseDevice@COPOSCoinDispenser@@UEAAJPEAJ@Z 000000018000e02c f   CoinDispenserImpl.obj
 0001:0000d098       ?ResetStatistics@COPOSCoinDispenser@@UEAAJPEA_WPEAJ@Z 000000018000e098 f   CoinDispenserImpl.obj
 0001:0000d120       ?RetrieveStatistics@COPOSCoinDispenser@@UEAAJPEAPEA_WPEAJ@Z 000000018000e120 f   CoinDispenserImpl.obj
 0001:0000d1a8       ?SOProcessID@COPOSCoinDispenser@@UEAAJPEAJ@Z 000000018000e1a8 f   CoinDispenserImpl.obj
 0001:0000d1c4       ?SetCOFreezeEvents@COPOSCoinDispenser@@IEAAXF@Z 000000018000e1c4 f   CoinDispenserImpl.obj
 0001:0000d2a8       ?SetOposProp@COPOSCoinDispenser@@IEAAJJJJ@Z 000000018000e2a8 f   CoinDispenserImpl.obj
 0001:0000d408       ?UpdateFirmware@COPOSCoinDispenser@@UEAAJPEA_WPEAJ@Z 000000018000e408 f   CoinDispenserImpl.obj
 0001:0000d490       ?UpdateStatistics@COPOSCoinDispenser@@UEAAJPEA_WPEAJ@Z 000000018000e490 f   CoinDispenserImpl.obj
 0001:0000d518       ?get_BinaryConversion@COPOSCoinDispenser@@UEAAJPEAJ@Z 000000018000e518 f   CoinDispenserImpl.obj
 0001:0000d52c       ?get_CapCompareFirmwareVersion@COPOSCoinDispenser@@UEAAJPEAF@Z 000000018000e52c f   CoinDispenserImpl.obj
 0001:0000d560       ?get_CapEmptySensor@COPOSCoinDispenser@@UEAAJPEAF@Z 000000018000e560 f   CoinDispenserImpl.obj
 0001:0000d590       ?get_CapJamSensor@COPOSCoinDispenser@@UEAAJPEAF@Z 000000018000e590 f   CoinDispenserImpl.obj
 0001:0000d5c0       ?get_CapNearEmptySensor@COPOSCoinDispenser@@UEAAJPEAF@Z 000000018000e5c0 f   CoinDispenserImpl.obj
 0001:0000d5f0       ?get_CapPowerReporting@COPOSCoinDispenser@@UEAAJPEAJ@Z 000000018000e5f0 f   CoinDispenserImpl.obj
 0001:0000d604       ?get_CapStatisticsReporting@COPOSCoinDispenser@@UEAAJPEAF@Z 000000018000e604 f   CoinDispenserImpl.obj
 0001:0000d638       ?get_CapUpdateFirmware@COPOSCoinDispenser@@UEAAJPEAF@Z 000000018000e638 f   CoinDispenserImpl.obj
 0001:0000d66c       ?get_CapUpdateStatistics@COPOSCoinDispenser@@UEAAJPEAF@Z 000000018000e66c f   CoinDispenserImpl.obj
 0001:0000d6a0       ?get_CheckHealthText@COPOSCoinDispenser@@UEAAJPEAPEA_W@Z 000000018000e6a0 f   CoinDispenserImpl.obj
 0001:0000d6b0       ?get_Claimed@COPOSCoinDispenser@@UEAAJPEAF@Z 000000018000e6b0 f   CoinDispenserImpl.obj
 0001:0000d6e0       ?get_ControlObjectDescription@COPOSCoinDispenser@@UEAAJPEAPEA_W@Z 000000018000e6e0 f   CoinDispenserImpl.obj
 0001:0000d744       ?get_ControlObjectVersion@COPOSCoinDispenser@@UEAAJPEAJ@Z 000000018000e744 f   CoinDispenserImpl.obj
 0001:0000d750       ?get_DeviceDescription@COPOSCoinDispenser@@UEAAJPEAPEA_W@Z 000000018000e750 f   CoinDispenserImpl.obj
 0001:0000d760       ?get_DeviceEnabled@COPOSCoinDispenser@@UEAAJPEAF@Z 000000018000e760 f   CoinDispenserImpl.obj
 0001:0000d790       ?get_DeviceName@COPOSCoinDispenser@@UEAAJPEAPEA_W@Z 000000018000e790 f   CoinDispenserImpl.obj
 0001:0000d7a0       ?get_DispenserStatus@COPOSCoinDispenser@@UEAAJPEAJ@Z 000000018000e7a0 f   CoinDispenserImpl.obj
 0001:0000d7b0       ?get_FreezeEvents@COPOSCoinDispenser@@UEAAJPEAF@Z 000000018000e7b0 f   CoinDispenserImpl.obj
 0001:0000d7e0       ?get_OpenResult@COPOSCoinDispenser@@UEAAJPEAJ@Z 000000018000e7e0 f   CoinDispenserImpl.obj
 0001:0000d7ec       ?get_PowerNotify@COPOSCoinDispenser@@UEAAJPEAJ@Z 000000018000e7ec f   CoinDispenserImpl.obj
 0001:0000d800       ?get_PowerState@COPOSCoinDispenser@@UEAAJPEAJ@Z 000000018000e800 f   CoinDispenserImpl.obj
 0001:0000d814       ?get_ResultCode@COPOSCoinDispenser@@UEAAJPEAJ@Z 000000018000e814 f   CoinDispenserImpl.obj
 0001:0000d850       ?get_ResultCodeExtended@COPOSCoinDispenser@@UEAAJPEAJ@Z 000000018000e850 f   CoinDispenserImpl.obj
 0001:0000d860       ?get_ServiceObjectDescription@COPOSCoinDispenser@@UEAAJPEAPEA_W@Z 000000018000e860 f   CoinDispenserImpl.obj
 0001:0000d870       ?get_ServiceObjectVersion@COPOSCoinDispenser@@UEAAJPEAJ@Z 000000018000e870 f   CoinDispenserImpl.obj
 0001:0000d880       ?get_State@COPOSCoinDispenser@@UEAAJPEAJ@Z 000000018000e880 f   CoinDispenserImpl.obj
 0001:0000d8ac       ?put_BinaryConversion@COPOSCoinDispenser@@UEAAJJ@Z 000000018000e8ac f   CoinDispenserImpl.obj
 0001:0000d8c0       ?put_DeviceEnabled@COPOSCoinDispenser@@UEAAJF@Z 000000018000e8c0 f   CoinDispenserImpl.obj
 0001:0000d8d8       ?put_FreezeEvents@COPOSCoinDispenser@@UEAAJF@Z 000000018000e8d8 f   CoinDispenserImpl.obj
 0001:0000d928       ?put_PowerNotify@COPOSCoinDispenser@@UEAAJJ@Z 000000018000e928 f   CoinDispenserImpl.obj
 0001:0000d93c       ?s_EventWindowProc@COPOSCoinDispenser@@KA_JPEAUHWND__@@I_K_J@Z 000000018000e93c f i CoinDispenserImpl.obj
 0001:0000d9b8       ??_U@YAPEAX_K@Z            000000018000e9b8 f   LIBCMT:new_array.obj
 0001:0000d9c0       ??3@YAXPEAX_K@Z            000000018000e9c0 f   LIBCMT:delete_scalar_size.obj
 0001:0000d9c0       ??_V@YAXPEAX@Z             000000018000e9c0 f   LIBCMT:delete_array.obj
 0001:0000d9c8       ??_V@YAXPEAX_K@Z           000000018000e9c8 f   LIBCMT:delete_array_size.obj
 0001:0000d9d0       __scrt_acquire_startup_lock 000000018000e9d0 f   LIBCMT:utility.obj
 0001:0000da0c       __scrt_dllmain_after_initialize_c 000000018000ea0c f   LIBCMT:utility.obj
 0001:0000da40       __scrt_dllmain_before_initialize_c 000000018000ea40 f   LIBCMT:utility.obj
 0001:0000da58       __scrt_dllmain_crt_thread_attach 000000018000ea58 f   LIBCMT:utility.obj
 0001:0000da80       __scrt_dllmain_crt_thread_detach 000000018000ea80 f   LIBCMT:utility.obj
 0001:0000da98       __scrt_dllmain_exception_filter 000000018000ea98 f   LIBCMT:utility.obj
 0001:0000daf8       __scrt_dllmain_uninitialize_c 000000018000eaf8 f   LIBCMT:utility.obj
 0001:0000db28       __scrt_dllmain_uninitialize_critical 000000018000eb28 f   LIBCMT:utility.obj
 0001:0000db3c       __scrt_initialize_crt      000000018000eb3c f   LIBCMT:utility.obj
 0001:0000db88       __scrt_initialize_onexit_tables 000000018000eb88 f   LIBCMT:utility.obj
 0001:0000dc14       __scrt_is_nonwritable_in_current_image 000000018000ec14 f   LIBCMT:utility.obj
 0001:0000dcac       __scrt_release_startup_lock 000000018000ecac f   LIBCMT:utility.obj
 0001:0000dcd0       __scrt_uninitialize_crt    000000018000ecd0 f   LIBCMT:utility.obj
 0001:0000dcfc       _onexit                    000000018000ecfc f   LIBCMT:utility.obj
 0001:0000dd38       atexit                     000000018000ed38 f   LIBCMT:utility.obj
 0001:0000dd50       ??3@YAXPEAX@Z              000000018000ed50 f   LIBCMT:delete_scalar.obj
 0001:0000de50       _Init_thread_footer        000000018000ee50 f   LIBCMT:thread_safe_statics.obj
 0001:0000deb0       _Init_thread_header        000000018000eeb0 f   LIBCMT:thread_safe_statics.obj
 0001:0000df18       _Init_thread_notify        000000018000ef18 f   LIBCMT:thread_safe_statics.obj
 0001:0000df5c       _Init_thread_wait          000000018000ef5c f   LIBCMT:thread_safe_statics.obj
 0001:0000dfc0       __raise_securityfailure    000000018000efc0 f   LIBCMT:gs_report.obj
 0001:0000dff4       __report_gsfailure         000000018000eff4 f   LIBCMT:gs_report.obj
 0001:0000e0c8       __report_rangecheckfailure 000000018000f0c8 f   LIBCMT:gs_report.obj
 0001:0000e0dc       __report_securityfailure   000000018000f0dc f   LIBCMT:gs_report.obj
 0001:0000e25c       ??2@YAPEAX_KAEBUnothrow_t@std@@@Z 000000018000f25c f   LIBCMT:new_scalar_nothrow.obj
 0001:0000e27c       ??_U@YAPEAX_KAEBUnothrow_t@std@@@Z 000000018000f27c f   LIBCMT:new_array_nothrow.obj
 0001:0000e284       __GSHandlerCheck           000000018000f284 f   LIBCMT:gshandler.obj
 0001:0000e2a4       __GSHandlerCheckCommon     000000018000f2a4 f   LIBCMT:gshandler.obj
 0001:0000e300       __GSHandlerCheck_SEH       000000018000f300 f   LIBCMT:gshandlerseh.obj
 0001:0000e3a0       __chkstk                   000000018000f3a0 f   LIBCMT:chkstk.obj
 0001:0000e3a0       _alloca_probe              000000018000f3a0 f   LIBCMT:chkstk.obj
 0001:0000e410       __security_check_cookie    000000018000f410 f   LIBCMT:amdsecgs.obj
 0001:0000e754       _DllMainCRTStartup         000000018000f754 f   LIBCMT:dll_dllmain.obj
 0001:0000e794       ??2@YAPEAX_K@Z             000000018000f794 f   LIBCMT:new_scalar.obj
 0001:0000e7d0       __isa_available_init       000000018000f7d0 f   LIBCMT:cpu_disp.obj
 0001:0000e94c       __scrt_is_ucrt_dll_in_use  000000018000f94c f   LIBCMT:ucrt_detection.obj
 0001:0000e958       __crt_debugger_hook        000000018000f958 f   LIBCMT:utility_desktop.obj
 0001:0000e960       __scrt_fastfail            000000018000f960 f   LIBCMT:utility_desktop.obj
 0001:0000eaac       __security_init_cookie     000000018000faac f   LIBCMT:gs_support.obj
 0001:0000eb58       ?__scrt_initialize_type_info@@YAXXZ 000000018000fb58 f   LIBCMT:tncleanup.obj
 0001:0000eb68       ?__scrt_uninitialize_type_info@@YAXXZ 000000018000fb68 f   LIBCMT:tncleanup.obj
 0001:0000eb74       __local_stdio_scanf_options 000000018000fb74 f i LIBCMT:default_local_stdio_options.obj
 0001:0000eb7c       __scrt_initialize_default_local_stdio_options 000000018000fb7c f   LIBCMT:default_local_stdio_options.obj
 0001:0000eb98       __scrt_get_dyn_tls_init_callback 000000018000fb98 f   LIBCMT:dyn_tls_init.obj
 0001:0000eba0       _RTC_Initialize            000000018000fba0 f   LIBCMT:initsect.obj
 0001:0000ebdc       _RTC_Terminate             000000018000fbdc f   LIBCMT:initsect.obj
 0001:0000ec18       ??0bad_alloc@std@@QEAA@AEBV01@@Z 000000018000fc18 f i LIBCMT:throw_bad_alloc.obj
 0001:0000ec54       ??0bad_alloc@std@@QEAA@XZ  000000018000fc54 f i LIBCMT:throw_bad_alloc.obj
 0001:0000ec74       ??0bad_array_new_length@std@@QEAA@AEBV01@@Z 000000018000fc74 f i LIBCMT:throw_bad_alloc.obj
 0001:0000ecb0       ??0bad_array_new_length@std@@QEAA@XZ 000000018000fcb0 f i LIBCMT:throw_bad_alloc.obj
 0001:0000ecd0       ??0exception@std@@QEAA@AEBV01@@Z 000000018000fcd0 f i LIBCMT:throw_bad_alloc.obj
 0001:0000ed04       ??1bad_alloc@std@@UEAA@XZ  000000018000fd04 f i LIBCMT:throw_bad_alloc.obj
 0001:0000ed04       ??1bad_exception@std@@UEAA@XZ 000000018000fd04 f i libvcruntime:frame.obj
 0001:0000ed04       ??1bad_array_new_length@std@@UEAA@XZ 000000018000fd04 f i LIBCMT:throw_bad_alloc.obj
 0001:0000ed18       ??_Gbad_alloc@std@@UEAAPEAXI@Z 000000018000fd18 f i LIBCMT:throw_bad_alloc.obj
 0001:0000ed18       ??_Gbad_array_new_length@std@@UEAAPEAXI@Z 000000018000fd18 f i LIBCMT:throw_bad_alloc.obj
 0001:0000ed18       ??_Ebad_alloc@std@@UEAAPEAXI@Z 000000018000fd18 f i LIBCMT:throw_bad_alloc.obj
 0001:0000ed18       ??_Ebad_array_new_length@std@@UEAAPEAXI@Z 000000018000fd18 f i LIBCMT:throw_bad_alloc.obj
 0001:0000ed18       ??_Gbad_exception@std@@UEAAPEAXI@Z 000000018000fd18 f i libvcruntime:frame.obj
 0001:0000ed18       ??_Ebad_exception@std@@UEAAPEAXI@Z 000000018000fd18 f i libvcruntime:frame.obj
 0001:0000ed18       ??_Gexception@std@@UEAAPEAXI@Z 000000018000fd18 f i LIBCMT:throw_bad_alloc.obj
 0001:0000ed18       ??_Eexception@std@@UEAAPEAXI@Z 000000018000fd18 f i LIBCMT:throw_bad_alloc.obj
 0001:0000ed5c       ?__scrt_throw_std_bad_alloc@@YAXXZ 000000018000fd5c f   LIBCMT:throw_bad_alloc.obj
 0001:0000ed7c       ?__scrt_throw_std_bad_array_new_length@@YAXXZ 000000018000fd7c f   LIBCMT:throw_bad_alloc.obj
 0001:0000ed9c       ?what@exception@std@@UEBAPEBDXZ 000000018000fd9c f i LIBCMT:throw_bad_alloc.obj
 0001:0000edb0       ??_Etype_info@@UEAAPEAXI@Z 000000018000fdb0 f i LIBCMT:std_type_info_static.obj
 0001:0000edb0       ??_Gtype_info@@UEAAPEAXI@Z 000000018000fdb0 f i LIBCMT:std_type_info_static.obj
 0001:0000eddc       ??0CAtlBaseModule@ATL@@QEAA@XZ 000000018000fddc f   atls:atlbase.obj
 0001:0000ee84       ??1CAtlBaseModule@ATL@@QEAA@XZ 000000018000fe84 f   atls:atlbase.obj
 0001:0000efb8       ?__AllocStdCallThunk_cmn@@YAPEAXXZ 000000018000ffb8 f   atls:atlthunk.obj
 0001:0000f110       AtlThunk_AllocateData      0000000180010110 f   atls:atlthunk.obj
 0001:0000f18c       AtlThunk_DataToCode        000000018001018c f   atls:atlthunk.obj
 0001:0000f1e0       AtlThunk_FreeData          00000001800101e0 f   atls:atlthunk.obj
 0001:0000f240       AtlThunk_InitData          0000000180010240 f   atls:atlthunk.obj
 0001:0000f2e8       _purecall                  00000001800102e8 f   libvcruntime:purevirt.obj
 0001:0000f304       wcsstr                     0000000180010304 f   libvcruntime:wcsstr.obj
 0001:0000f530       memcmp                     0000000180010530 f   libvcruntime:memcmp.obj
 0001:0000f610       memcpy_repmovs             0000000180010610 f   libvcruntime:memcpy.obj
 0001:0000f630       memcpy                     0000000180010630 f   libvcruntime:memcpy.obj
 0001:0000f630       memmove                    0000000180010630 f   libvcruntime:memcpy.obj
 0001:0000fa20       memset_repmovs             0000000180010a20 f   libvcruntime:memset.obj
 0001:0000fa40       memset                     0000000180010a40 f   libvcruntime:memset.obj
 0001:0000fbd0       __vcrt_initialize          0000000180010bd0 f   libvcruntime:initialization.obj
 0001:0000fbf8       __vcrt_thread_attach       0000000180010bf8 f   libvcruntime:initialization.obj
 0001:0000fc0c       __vcrt_thread_detach       0000000180010c0c f   libvcruntime:initialization.obj
[...]
 0004:00001764       $pdata$__acrt_SetThreadStackGuarantee 0000000180034764     libucrt:winapi_thunks.obj
 0004:00001770       $pdata$?try_get_function@@YAPEAXW4function_id@?A0x391cf84c@@QEBDQEBW4module_id@2@2@Z 0000000180034770     libucrt:winapi_thunks.obj
 0004:0000177c       $pdata$wcstol              000000018003477c     libucrt:strtox.obj
 0004:00001788       $pdata$_mbtowc_l           0000000180034788     libucrt:mbtowc.obj
 0004:00001794       $pdata$__acrt_update_locale_info 0000000180034794     libucrt:locale_update.obj
 0004:000017a0       $pdata$__acrt_update_multibyte_info 00000001800347a0     libucrt:locale_update.obj
 0004:000017ac       $pdata$__acrt_fp_format    00000001800347ac     libucrt:cvt.obj
 0004:000017b8       $pdata$?fp_format_e_internal@@YAHQEAD_KH_NIQEAU_strflt@@2QEAU__crt_locale_pointers@@@Z 00000001800347b8     libucrt:cvt.obj
 0004:000017c4       $pdata$?fp_format_e@@YAHQEBNQEAD_K12H_NIQEAU__crt_locale_pointers@@@Z 00000001800347c4     libucrt:cvt.obj
 0004:000017d0       $pdata$?fp_format_a@@YAHQEBNPEAD_KQEAD2H_NIQEAU__crt_locale_pointers@@@Z 00000001800347d0     libucrt:cvt.obj
 0004:000017dc       $pdata$?fp_format_f_internal@@YAHQEAD_KHQEAU_strflt@@_NQEAU__crt_locale_pointers@@@Z 00000001800347dc     libucrt:cvt.obj
 0004:000017e8       $pdata$?fp_format_g@@YAHQEBNQEAD_K12H_NIQEAU__crt_locale_pointers@@@Z 00000001800347e8     libucrt:cvt.obj
 0004:000017f4       $pdata$_fileno             00000001800347f4     libucrt:fileno.obj
 0004:00001800       $pdata$__acrt_initialize_stdio 0000000180034800     libucrt:_file.obj
 0004:0000180c       $pdata$__acrt_uninitialize_stdio 000000018003480c     libucrt:_file.obj
 0004:00001818       $pdata$__acrt_uninitialize_locale 0000000180034818     libucrt:wsetlocale.obj
 0004:00001824       $pdata$??$?RV<lambda_410d79af7f07d98d83a3f525b3859a53>@@AEAV<lambda_3e16ef9562a7dcce91392c22ab16ea36>@@V<lambda_38119f0e861e05405d8a144b9b982f0a>@@@?$__crt_seh_guarded_call@X@@QEAAX$$QEAV<lambda_410d79af7f07d98d83a3f525b3859a53>@@AEAV<lambda_3e16ef9562a7dcce91392c22ab16ea36>@@$$QEAV<lambda_38119f0e861e05405d8a144b9b982f0a>@@@Z 0000000180034824     libucrt:wsetlocale.obj
 0004:00001830       $pdata$?fin$0@?0???$?RV<lambda_410d79af7f07d98d83a3f525b3859a53>@@AEAV<lambda_3e16ef9562a7dcce91392c22ab16ea36>@@V<lambda_38119f0e861e05405d8a144b9b982f0a>@@@?$__crt_seh_guarded_call@X@@QEAAX$$QEAV<lambda_410d79af7f07d98d83a3f525b3859a53>@@AEAV<lambda_3e16ef9562a7dcce91392c22ab16ea36>@@$$QEAV<lambda_38119f0e861e05405d8a144b9b982f0a>@@@Z@4HA 0000000180034830     libucrt:wsetlocale.obj
 0004:0000183c       $pdata$__acrt_initialize_lowio 000000018003483c     libucrt:ioinit.obj
 0004:00001848       $pdata$__acrt_initialize_lowio$fin$0 0000000180034848     libucrt:ioinit.obj
 0004:00001848       $pdata$__acrt_lowio_ensure_fh_exists$fin$0 0000000180034848     libucrt:osfinfo.obj
 0004:00001854       $pdata$__acrt_uninitialize_lowio 0000000180034854     libucrt:ioinit.obj
 0004:00001860       $pdata$?initialize_inherited_file_handles_nolock@@YAXXZ 0000000180034860     libucrt:ioinit.obj
 0004:0000186c       $pdata$?initialize_stdio_handles_nolock@@YAXXZ 000000018003486c     libucrt:ioinit.obj
 0004:00001878       $pdata$__acrt_initialize_locks 0000000180034878     libucrt:locks.obj
 0004:00001884       $pdata$__acrt_uninitialize_locks 0000000180034884     libucrt:locks.obj
 0004:00001890       $pdata$__acrt_get_process_end_policy 0000000180034890     libucrt:win_policies.obj
 0004:0000189c       $pdata$??$__acrt_mbs_to_wcs_cp@U__crt_win32_buffer_internal_dynamic_resizing@@@@YAHQEBDAEAV?$__crt_win32_buffer@_WU__crt_win32_buffer_internal_dynamic_resizing@@@@I@Z 000000018003489c     libucrt:argv_wildcards.obj
 0004:000018a8       $pdata$??$__acrt_wcs_to_mbs_cp@U__crt_win32_buffer_internal_dynamic_resizing@@@@YAHQEB_WAEAV?$__crt_win32_buffer@DU__crt_win32_buffer_internal_dynamic_resizing@@@@I@Z 00000001800348a8     libucrt:argv_wildcards.obj
 0004:000018b4       $pdata$??$common_expand_argv_wildcards@D@@YAHQEAPEADQEAPEAPEAD@Z 00000001800348b4     libucrt:argv_wildcards.obj
 0004:000018c0       $pdata$??$copy_and_add_argument_to_buffer@D@@YAHQEBD0_KAEAV?$argument_list@D@?A0x5f5c8891@@@Z 00000001800348c0     libucrt:argv_wildcards.obj
 0004:000018cc       $pdata$??$expand_argument_wildcards@D@@YAHQEAD0AEAV?$argument_list@D@?A0x5f5c8891@@@Z 00000001800348cc     libucrt:argv_wildcards.obj
 0004:000018d8       $pdata$__acrt_GetModuleFileNameA 00000001800348d8     libucrt:getmodulefilenamea.obj
 0004:000018e4       $pdata$??$__acrt_wcs_to_mbs_cp@U__crt_win32_buffer_no_resizing@@@@YAHQEB_WAEAV?$__crt_win32_buffer@DU__crt_win32_buffer_no_resizing@@@@I@Z 00000001800348e4     libucrt:getmodulefilenamea.obj
 0004:000018f0       $pdata$__acrt_update_thread_multibyte_data 00000001800348f0     libucrt:mbctype.obj
 0004:000018fc       $pdata$__acrt_initialize_multibyte 00000001800348fc     libucrt:mbctype.obj
 0004:00001908       $pdata$_setmbcp_nolock     0000000180034908     libucrt:mbctype.obj
 0004:00001914       $pdata$?getSystemCP@@YAHH@Z 0000000180034914     libucrt:mbctype.obj
 0004:00001920       $pdata$?setSBCS@@YAXPEAU__crt_multibyte_data@@@Z 0000000180034920     libucrt:mbctype.obj
 0004:0000192c       $pdata$?update_thread_multibyte_data_internal@@YAPEAU__crt_multibyte_data@@QEAU__acrt_ptd@@QEAPEAU1@@Z 000000018003492c     libucrt:mbctype.obj
 0004:00001938       $pdata$?fin$0@?0??update_thread_multibyte_data_internal@@YAPEAU__crt_multibyte_data@@QEAU__acrt_ptd@@QEAPEAU1@@Z@4HA 0000000180034938     libucrt:mbctype.obj
 0004:00001944       $pdata$?setmbcp_internal@@YAHH_NQEAU__acrt_ptd@@QEAPEAU__crt_multibyte_data@@@Z 0000000180034944     libucrt:mbctype.obj
 0004:00001950       $pdata$?setSBUpLow@@YAXPEAU__crt_multibyte_data@@@Z 0000000180034950     libucrt:mbctype.obj
 0004:0000195c       $pdata$??$?RV<lambda_efdfa57d1f175319df784efa44bb7b81>@@AEAV<lambda_5f0a4c1567f8adc6734073e5d1e1b35c>@@V<lambda_2e8a7d3640ea6ccb4c2413664c2db6fd>@@@?$__crt_seh_guarded_call@X@@QEAAX$$QEAV<lambda_efdfa57d1f175319df784efa44bb7b81>@@AEAV<lambda_5f0a4c1567f8adc6734073e5d1e1b35c>@@$$QEAV<lambda_2e8a7d3640ea6ccb4c2413664c2db6fd>@@@Z 000000018003495c     libucrt:mbctype.obj
 0004:00001968       $pdata$?x_ismbbtype_l@@YAHPEAU__crt_locale_pointers@@IHH@Z 0000000180034968     libucrt:ismbbyte.obj
 0004:00001974       $pdata$__acrt_initialize_command_line 0000000180034974     libucrt:argv_data.obj
 0004:00001980       $pdata$__acrt_WideCharToMultiByte 0000000180034980     libucrt:widechartomultibyte.obj
 0004:0000198c       $pdata$__dcrt_get_narrow_environment_from_os 000000018003498c     libucrt:get_environment_from_os.obj
 0004:00001998       $pdata$__acrt_initialize_heap 0000000180034998     libucrt:heap_handle.obj
 0004:000019a4       $pdata$__acrt_execute_initializers 00000001800349a4     libucrt:shared_initialization.obj
 0004:000019b0       $pdata$__acrt_execute_uninitializers 00000001800349b0     libucrt:shared_initialization.obj
 0004:000019bc       $pdata$__acrt_get_sigabrt_handler 00000001800349bc     libucrt:signal.obj
 0004:000019c8       $pdata$raise               00000001800349c8     libucrt:signal.obj
 0004:000019d4       $pdata$raise$fin$0         00000001800349d4     libucrt:signal.obj
 0004:000019e0       $pdata$??$?RV<lambda_450d765d439847d4c735a33c368b5fc0>@@AEAV<lambda_44731a7d0e6d81c3e6aa82d741081786>@@V<lambda_601a2a7da3b7a96e9554ac7215c4b07c>@@@?$__crt_seh_guarded_call@P6AXH@Z@@QEAAP6AXH@Z$$QEAV<lambda_450d765d439847d4c735a33c368b5fc0>@@AEAV<lambda_44731a7d0e6d81c3e6aa82d741081786>@@$$QEAV<lambda_601a2a7da3b7a96e9554ac7215c4b07c>@@@Z 00000001800349e0     libucrt:signal.obj
 0004:000019ec       $pdata$_fflush_nolock      00000001800349ec     libucrt:fflush.obj
 0004:000019f8       $pdata$__acrt_stdio_flush_nolock 00000001800349f8     libucrt:fflush.obj
 0004:00001a04       $pdata$?common_flush_all@@YAH_N@Z 0000000180034a04     libucrt:fflush.obj
 0004:00001a10       $pdata$??$?RV<lambda_842d9ff0dc9ef11c61343bbaebe7f885>@@AEAV<lambda_c5860995281e5c4ce005b3de8f5874ee>@@V<lambda_d90129c13df834fdcbf8d2b88dafcf2d>@@@?$__crt_seh_guarded_call@X@@QEAAX$$QEAV<lambda_842d9ff0dc9ef11c61343bbaebe7f885>@@AEAV<lambda_c5860995281e5c4ce005b3de8f5874ee>@@$$QEAV<lambda_d90129c13df834fdcbf8d2b88dafcf2d>@@@Z 0000000180034a10     libucrt:fflush.obj
 0004:00001a1c       $pdata$?fin$0@?0???$?RV<lambda_842d9ff0dc9ef11c61343bbaebe7f885>@@AEAV<lambda_c5860995281e5c4ce005b3de8f5874ee>@@V<lambda_d90129c13df834fdcbf8d2b88dafcf2d>@@@?$__crt_seh_guarded_call@X@@QEAAX$$QEAV<lambda_842d9ff0dc9ef11c61343bbaebe7f885>@@AEAV<lambda_c5860995281e5c4ce005b3de8f5874ee>@@$$QEAV<lambda_d90129c13df834fdcbf8d2b88dafcf2d>@@@Z@4HA 0000000180034a1c     libucrt:fflush.obj
 0004:00001a28       $pdata$??$?RV<lambda_886d6c58226a84441f68b9f2b8217b83>@@AEAV<lambda_ab61a845afdef5b7c387490eaf3616ee>@@V<lambda_f7f22ab5edc0698d5f6905b0d3f44752>@@@?$__crt_seh_guarded_call@X@@QEAAX$$QEAV<lambda_886d6c58226a84441f68b9f2b8217b83>@@AEAV<lambda_ab61a845afdef5b7c387490eaf3616ee>@@$$QEAV<lambda_f7f22ab5edc0698d5f6905b0d3f44752>@@@Z 0000000180034a28     libucrt:fflush.obj
 0004:00001a34       $pdata$?fin$0@?0???$?RV<lambda_886d6c58226a84441f68b9f2b8217b83>@@AEAV<lambda_ab61a845afdef5b7c387490eaf3616ee>@@V<lambda_f7f22ab5edc0698d5f6905b0d3f44752>@@@?$__crt_seh_guarded_call@X@@QEAAX$$QEAV<lambda_886d6c58226a84441f68b9f2b8217b83>@@AEAV<lambda_ab61a845afdef5b7c387490eaf3616ee>@@$$QEAV<lambda_f7f22ab5edc0698d5f6905b0d3f44752>@@@Z@4HA 0000000180034a34     libucrt:fflush.obj
 0004:00001a40       $pdata$__pctype_func       0000000180034a40     libucrt:ctype.obj
 0004:00001a4c       $pdata$iswctype            0000000180034a4c     libucrt:iswctype.obj
 0004:00001a58       $pdata$__acrt_release_locale_ref 0000000180034a58     libucrt:locale_refcounting.obj
 0004:00001a64       $pdata$__acrt_free_locale  0000000180034a64     libucrt:locale_refcounting.obj
 0004:00001a70       $pdata$__acrt_locale_free_lc_time_if_unreferenced 0000000180034a70     libucrt:locale_refcounting.obj
 0004:00001a7c       $pdata$__acrt_update_thread_locale_data 0000000180034a7c     libucrt:locale_refcounting.obj
 0004:00001a88       $pdata$__acrt_update_thread_locale_data$fin$0 0000000180034a88     libucrt:locale_refcounting.obj
 0004:00001a94       $pdata$_updatetlocinfoEx_nolock 0000000180034a94     libucrt:locale_refcounting.obj
 0004:00001aa0       $pdata$__acrt_DownlevelLocaleNameToLCID 0000000180034aa0     libucrt:lcidtoname_downlevel.obj
 0004:00001aac       $pdata$_isleadbyte_l       0000000180034aac     libucrt:_wctype.obj
 0004:00001ab8       $pdata$?__mbrtowc_utf8@__crt_mbstring@@YA_KPEA_WPEBD_KPEAU_Mbstatet@@@Z 0000000180034ab8     libucrt:mbrtowc.obj
 0004:00001ac4       $pdata$?__mbsrtowcs_utf8@__crt_mbstring@@YA_KPEA_WPEAPEBD_KPEAU_Mbstatet@@@Z 0000000180034ac4     libucrt:mbrtowc.obj
 0004:00001ad0       $pdata$__acrt_fp_strflt_to_string 0000000180034ad0     libucrt:_fptostr.obj
 0004:00001adc       $pdata$__acrt_fltout       0000000180034adc     libucrt:cfout.obj
 0004:00001ae8       $pdata$?divide@__crt_strtox@@YA_KAEAUbig_integer@1@AEBU21@@Z 0000000180034ae8     libucrt:cfout.obj
 0004:00001af4       $pdata$0$?divide@__crt_strtox@@YA_KAEAUbig_integer@1@AEBU21@@Z 0000000180034af4     libucrt:cfout.obj
 0004:00001b00       $pdata$1$?divide@__crt_strtox@@YA_KAEAUbig_integer@1@AEBU21@@Z 0000000180034b00     libucrt:cfout.obj
 0004:00001b0c       $pdata$_fcloseall          0000000180034b0c     libucrt:closeall.obj
 0004:00001b18       $pdata$_fcloseall$fin$0    0000000180034b18     libucrt:closeall.obj
 0004:00001b24       $pdata$__acrt_stdio_free_buffer_nolock 0000000180034b24     libucrt:_freebuf.obj
 0004:00001b30       $pdata$_isatty             0000000180034b30     libucrt:isatty.obj
 0004:00001b3c       $pdata$__acrt_locale_free_monetary 0000000180034b3c     libucrt:initmon.obj
 0004:00001b48       $pdata$__acrt_locale_free_numeric 0000000180034b48     libucrt:initnum.obj
 0004:00001b54       $pdata$__acrt_locale_free_time 0000000180034b54     libucrt:inittime.obj
 0004:00001b60       $pdata$?free_crt_array_internal@@YAXQEAPEBX_K@Z 0000000180034b60     libucrt:inittime.obj
 0004:00001b6c       $pdata$__acrt_GetStringTypeA 0000000180034b6c     libucrt:getstringtypea.obj
 0004:00001b78       $pdata$_get_osfhandle      0000000180034b78     libucrt:osfinfo.obj
 0004:00001b84       $pdata$_free_osfhnd        0000000180034b84     libucrt:osfinfo.obj
 0004:00001b90       $pdata$__acrt_lowio_create_handle_array 0000000180034b90     libucrt:osfinfo.obj
 0004:00001b9c       $pdata$__acrt_lowio_destroy_handle_array 0000000180034b9c     libucrt:osfinfo.obj
 0004:00001ba8       $pdata$__acrt_lowio_ensure_fh_exists 0000000180034ba8     libucrt:osfinfo.obj
 0004:00001bb4       $pdata$qsort               0000000180034bb4     libucrt:qsort.obj
 0004:00001bc0       $pdata$4$qsort             0000000180034bc0     libucrt:qsort.obj
 0004:00001bcc       $pdata$5$qsort             0000000180034bcc     libucrt:qsort.obj
 0004:00001bd8       $pdata$strncpy_s           0000000180034bd8     libucrt:strncpy_s.obj
 0004:00001be4       $pdata$strpbrk             0000000180034be4     libucrt:strpbrk.obj
 0004:00001bf0       $pdata$fallbackMethod      0000000180034bf0     libucrt:strpbrk.obj
 0004:00001bfc       $pdata$_mbsdec_l           0000000180034bfc     libucrt:mbsdec.obj
 0004:00001c08       $pdata$__acrt_LCMapStringA 0000000180034c08     libucrt:lcmapstringa.obj
 0004:00001c14       $pdata$?__acrt_LCMapStringA_stat@@YAHPEAU__crt_locale_pointers@@PEB_WKPEBDHPEADHHH@Z 0000000180034c14     libucrt:lcmapstringa.obj
 0004:00001c20       $pdata$?initialize_multibyte@@YAHXZ 0000000180034c20     libucrt:multibyte_initializer.obj
 0004:00001c2c       $pdata$_commit             0000000180034c2c     libucrt:commit.obj
 0004:00001c38       $pdata$??$?RV<lambda_a37b2b86f63e897a80ea819b0eb08c01>@@AEAV<lambda_38ce7e780aa69e748d6df282ebc68efe>@@V<lambda_99fb1378e971ab6e7edea83e3a7a83a2>@@@?$__crt_seh_guarded_call@H@@QEAAH$$QEAV<lambda_a37b2b86f63e897a80ea819b0eb08c01>@@AEAV<lambda_38ce7e780aa69e748d6df282ebc68efe>@@$$QEAV<lambda_99fb1378e971ab6e7edea83e3a7a83a2>@@@Z 0000000180034c38     libucrt:commit.obj
 0004:00001c44       $pdata$?fin$0@?0???$?RV<lambda_a37b2b86f63e897a80ea819b0eb08c01>@@AEAV<lambda_38ce7e780aa69e748d6df282ebc68efe>@@V<lambda_99fb1378e971ab6e7edea83e3a7a83a2>@@@?$__crt_seh_guarded_call@H@@QEAAH$$QEAV<lambda_a37b2b86f63e897a80ea819b0eb08c01>@@AEAV<lambda_38ce7e780aa69e748d6df282ebc68efe>@@$$QEAV<lambda_99fb1378e971ab6e7edea83e3a7a83a2>@@@Z@4HA 0000000180034c44     libucrt:commit.obj
 0004:00001c44       $pdata$?fin$0@?0???$?RV<lambda_751a882b2c74d4b022dec766aa51a29a>@@AEAV<lambda_628dfdc04ba53c8bfc02c9951375f3f5>@@V<lambda_f6c7be5f7998530c34de24c7437d6b54>@@@?$__crt_seh_guarded_call@H@@QEAAH$$QEAV<lambda_751a882b2c74d4b022dec766aa51a29a>@@AEAV<lambda_628dfdc04ba53c8bfc02c9951375f3f5>@@$$QEAV<lambda_f6c7be5f7998530c34de24c7437d6b54>@@@Z@4HA 0000000180034c44     libucrt:close.obj
 0004:00001c50       $pdata$_write              0000000180034c50     libucrt:write.obj
 0004:00001c5c       $pdata$_write$fin$0        0000000180034c5c     libucrt:write.obj
 0004:00001c68       $pdata$_write_nolock       0000000180034c68     libucrt:write.obj
 0004:00001c74       $pdata$?write_double_translated_ansi_nolock@@YA?AUwrite_result@?A0x17268360@@HQEBDI@Z 0000000180034c74     libucrt:write.obj
 0004:00001c80       $pdata$?write_text_ansi_nolock@@YA?AUwrite_result@?A0x17268360@@HQEBDI@Z 0000000180034c80     libucrt:write.obj
 0004:00001c8c       $pdata$?write_text_utf16le_nolock@@YA?AUwrite_result@?A0x17268360@@HQEBDI@Z 0000000180034c8c     libucrt:write.obj
 0004:00001c98       $pdata$?write_text_utf8_nolock@@YA?AUwrite_result@?A0x17268360@@HQEBDI@Z 0000000180034c98     libucrt:write.obj
 0004:00001ca4       $pdata$?__mbrtoc32_utf8@__crt_mbstring@@YA_KPEA_UPEBD_KPEAU_Mbstatet@@@Z 0000000180034ca4     libucrt:mbrtoc32.obj
 0004:00001cb0       $pdata$fegetenv            0000000180034cb0     libucrt:fegetenv.obj
 0004:00001cbc       $pdata$fesetenv            0000000180034cbc     libucrt:fesetenv.obj
 0004:00001cc8       $pdata$feholdexcept        0000000180034cc8     libucrt:feholdexcept.obj
 0004:00001ce0       $pdata$??$common_lseek_nolock@_J@@YA_JH_JH@Z 0000000180034ce0     libucrt:lseek.obj
 0004:00001cec       $pdata$fclose              0000000180034cec     libucrt:fclose.obj
 0004:00001cf8       $pdata$fclose$fin$0        0000000180034cf8     libucrt:fclose.obj
 0004:00001d04       $pdata$_fclose_nolock      0000000180034d04     libucrt:fclose.obj
 0004:00001d10       $pdata$_putwch_nolock      0000000180034d10     libucrt:putwch.obj
 0004:00001d1c       $pdata$__acrt_fenv_set_control 0000000180034d1c     libucrt:_fenvutils.obj
 0004:00001d28       $pdata$_clearfp            0000000180034d28     libucrt:ieee.obj
 0004:00001d34       $pdata$_call_matherr       0000000180034d34     libucrt:libm_error.obj
 0004:00001d40       $pdata$_exception_enabled  0000000180034d40     libucrt:libm_error.obj
 0004:00001d4c       $pdata$_handle_error       0000000180034d4c     libucrt:libm_error.obj
 0004:00001d58       $pdata$__acrt_initialize_fma3 0000000180034d58     libucrt:fma3_available.obj
 0004:00001d64       $pdata$_log_special_common 0000000180034d64     libucrt:log_special.obj
 0004:00001d70       $pdata$_log10_special      0000000180034d70     libucrt:log_special.obj
 0004:00001d7c       $pdata$_close              0000000180034d7c     libucrt:close.obj
 0004:00001d88       $pdata$_close_nolock       0000000180034d88     libucrt:close.obj
 0004:00001d94       $pdata$??$?RV<lambda_751a882b2c74d4b022dec766aa51a29a>@@AEAV<lambda_628dfdc04ba53c8bfc02c9951375f3f5>@@V<lambda_f6c7be5f7998530c34de24c7437d6b54>@@@?$__crt_seh_guarded_call@H@@QEAAH$$QEAV<lambda_751a882b2c74d4b022dec766aa51a29a>@@AEAV<lambda_628dfdc04ba53c8bfc02c9951375f3f5>@@$$QEAV<lambda_f6c7be5f7998530c34de24c7437d6b54>@@@Z 0000000180034d94     libucrt:close.obj
 0004:00001da0       $pdata$__dcrt_lowio_ensure_console_output_initialized 0000000180034da0     libucrt:initcon.obj
 0004:00001dac       $pdata$__dcrt_write_console 0000000180034dac     libucrt:initcon.obj
 0004:00001db8       $pdata$__dcrt_terminate_console_output 0000000180034db8     libucrt:initcon.obj
 0004:00001dd0       $pdata$_set_errno_from_matherr 0000000180034dd0     libucrt:fpexcept.obj
 0004:00001ddc       $pdata$_raise_exc          0000000180034ddc     libucrt:fpexcept.obj
 0004:00001de8       $pdata$_raise_exc_ex       0000000180034de8     libucrt:fpexcept.obj
 0004:00001df4       $pdata$_clrfp              0000000180034df4     libucrt:fpctrl.obj
 0004:00001e00       $pdata$_ctrlfp             0000000180034e00     libucrt:fpctrl.obj
 0004:00001e0c       $pdata$_ctrlfp$filt$0      0000000180034e0c     libucrt:fpctrl.obj
 0004:00001e18       $pdata$_statfp             0000000180034e18     libucrt:fpctrl.obj
 0004:00001e24       $pdata$_set_statfp         0000000180034e24     libucrt:fpctrl.obj
 0004:00001e30       $pdata$_IsNonwritableInCurrentImage 0000000180034e30     LIBCMT:pesect.obj
 0004:00001e3c       $pdata$_IsNonwritableInCurrentImage$filt$0 0000000180034e3c     LIBCMT:pesect.obj
 0005:00000000       MoveSmall                  0000000180035000     libvcruntime:memcpy.obj
 0005:00000050       MsetTab                    0000000180035050     libvcruntime:memset.obj
 0006:00000220       $R000000                   0000000180036220     CoinDispenser.res
 0006:00000ba0       $R000980                   0000000180036ba0     CoinDispenser.res
 0006:00000c88       $R000A68                   0000000180036c88     CoinDispenser.res
 0006:00000ef0       $R000CD0                   0000000180036ef0     CoinDispenser.res
 0006:00001430       $R001210                   0000000180037430     CoinDispenser.res
 0006:00003ae0       $R0038C0                   0000000180039ae0     CoinDispenser.res
 0006:00003b20       $R003900                   0000000180039b20     CoinDispenser.res
