 OPOSKeylock

 Timestamp is 5c443888 (Sun Jan 20 17:59:52 2019)

 Preferred load address is 0000000180000000

 Start         Length     Name                   Class
 0001:00000000 000000c0H .text$di                CODE
 0001:000000c0 0001efe0H .text$mn                CODE
 0001:0001f0a0 00000020H .text$mn$00             CODE
 0001:0001f0c0 00000410H .text$x                 CODE
 0001:0001f4d0 000000c0H .text$yd                CODE
 0002:00000000 00000620H .idata$5                DATA
 0002:00000620 00000010H .00cfg                  DATA
 0002:00000630 00000008H .CRT$XCA                DATA
 0002:00000638 00000008H .CRT$XCL                DATA
 0002:00000640 00000020H .CRT$XCU                DATA
 0002:00000660 00000008H .CRT$XCZ                DATA
 0002:00000668 00000008H .CRT$XIA                DATA
 0002:00000670 00000020H .CRT$XIC                DATA
 0002:00000690 00000008H .CRT$XIZ                DATA
 0002:00000698 00000008H .CRT$XLA                DATA
 0002:000006a0 00000008H .CRT$XLZ                DATA
 0002:000006a8 00000008H .CRT$XPA                DATA
 0002:000006b0 00000010H .CRT$XPX                DATA
 0002:000006c0 00000008H .CRT$XPXA               DATA
 0002:000006c8 00000008H .CRT$XPZ                DATA
 0002:000006d0 00000008H .CRT$XTA                DATA
 0002:000006d8 00000008H .CRT$XTZ                DATA
 0002:000006e0 00000000H .gfids$x                DATA
 0002:000006e0 00000000H .gfids$y                DATA
 0002:000006e0 0000a010H .rdata                  DATA
 0002:0000a6f0 00000028H .rdata$T                DATA
 0002:0000a718 00000274H .rdata$r                DATA
 0002:0000a98c 000003f4H .rdata$zzzdbg           DATA
 0002:0000ad80 00000008H .rtc$IAA                DATA
 0002:0000ad88 00000008H .rtc$IZZ                DATA
 0002:0000ad90 00000008H .rtc$TAA                DATA
 0002:0000ad98 00000008H .rtc$TZZ                DATA
 0002:0000ada0 00000004H .tls                    DATA
 0002:0000ada4 00000004H .tls$                   DATA
 0002:0000ada8 00000008H .tls$ZZZ                DATA
 0002:0000adb0 00001638H .xdata                  DATA
 0002:0000c3e8 00000150H .xdata$x                DATA
 0002:0000c538 00000008H ATL$__a                 DATA
 0002:0000c540 00000010H ATL$__z                 DATA
 0002:0000c550 000000a8H .edata                  DATA
 0002:0000c5f8 00000078H .idata$2                DATA
 0002:0000c670 00000018H .idata$3                DATA
 0002:0000c688 00000620H .idata$4                DATA
 0002:0000cca8 00000c3aH .idata$6                DATA
 0003:00000000 00000c68H .data                   DATA
 0003:00000c68 000000c8H .data$r                 DATA
 0003:00000d30 000013d4H .bss                    DATA
 0004:00000000 00001df4H .pdata                  DATA
 0005:00000000 00000220H .rsrc$01                DATA
 0005:00000220 00003860H .rsrc$02                DATA

  Address         Publics by Value              Rva+Base               Lib:Object

 0000:00000000       __guard_fids_count         0000000000000000     <absolute>
 0000:00000000       __guard_longjmp_count      0000000000000000     <absolute>
 0000:00000000       __guard_longjmp_table      0000000000000000     <absolute>
 0000:00000000       __hybrid_code_map          0000000000000000     <absolute>
 0000:00000000       __guard_iat_count          0000000000000000     <absolute>
 0000:00000000       __volatile_metadata        0000000000000000     <absolute>
 0000:00000000       __guard_iat_table          0000000000000000     <absolute>
 0000:00000000       __hybrid_code_map_count    0000000000000000     <absolute>
 0000:00000000       __enclave_config           0000000000000000     <absolute>
 0000:00000000       ___safe_se_handler_count   0000000000000000     <absolute>
 0000:00000000       ___safe_se_handler_table   0000000000000000     <absolute>
 0000:00000000       __guard_fids_table         0000000000000000     <absolute>
 0000:00000000       __hybrid_auxiliary_iat     0000000000000000     <absolute>
 0000:00000000       __dynamic_value_reloc_table 0000000000000000     <absolute>
 0000:00000100       __guard_flags              0000000000000100     <absolute>
 0000:00000000       __ImageBase                0000000180000000     <linker-defined>
 0001:000000c0       ?DupWide@_CW@@AEAAXXZ      00000001800010c0 f   CWString.obj
 0001:000000e8       ?cw_dup@@YAXPEBDAEAHAEAPEA_W1@Z 00000001800010e8 f   CWString.obj
 0001:00000194       ?cw_memcpy@@YAHPEA_WPEBDH@Z 0000000180001194 f   CWString.obj
 0001:000001e0       ?cw_strcpy@@YAHPEA_WPEBD@Z 00000001800011e0 f   CWString.obj
 0001:000001f4       ??0CAtlComModule@ATL@@QEAA@XZ 00000001800011f4 f i OposVariant.obj
 0001:0000027c       ??0CAtlWinModule@ATL@@QEAA@XZ 000000018000127c f i OposVariant.obj
 0001:000002f4       ??0OposDispParms@@QEAA@PEAVOposVariant@@H@Z 00000001800012f4 f   OposVariant.obj
 0001:0000039c       ??1OposDispParms@@QEAA@XZ  000000018000139c f   OposVariant.obj
 0001:000003b4       ??_Estringdispid@CComTypeInfoHolder@ATL@@QEAAPEAXI@Z 00000001800013b4 f i OposVariant.obj
 0001:00000458       ?AtlWinModuleTerm@ATL@@YAJPEAU_ATL_WIN_MODULE70@1@PEAUHINSTANCE__@@@Z 0000000180001458 f i OposVariant.obj
 0001:00000508       ?ChangeBSTR@OposVariant@@QEAAXPEAPEA_WAEAJ@Z 0000000180001508 f   OposVariant.obj
 0001:00000568       ?ChangeLONG@OposVariant@@QEAAXPEAJAEAJ@Z 0000000180001568 f   OposVariant.obj
 0001:000005c4       ?GetLONG@OposVariant@@QEAAJXZ 00000001800015c4 f   OposVariant.obj
 0001:000005e8       ?SetBSTR@OposVariant@@QEAAXPEA_WAEAJ@Z 00000001800015e8 f   OposVariant.obj
 0001:00000628       ?SetBSTR_Copy@OposVariant@@QEAAXPEA_WAEAJ@Z 0000000180001628 f   OposVariant.obj
 0001:00000698       ?SetBSTR_InOutPtr@OposVariant@@QEAA_NPEAPEA_WAEAJ@Z 0000000180001698 f   OposVariant.obj
 0001:000006e8       ?SetDispatch_Ptr@OposVariant@@QEAAXPEAUIDispatch@@AEAJ@Z 00000001800016e8 f   OposVariant.obj
 0001:00000740       ?SetLONG@OposVariant@@QEAAXJ@Z 0000000180001740 f   OposVariant.obj
 0001:00000770       ?SetLONG_Ptr@OposVariant@@QEAAXPEAJAEAJ@Z 0000000180001770 f   OposVariant.obj
 0001:000007bc       ?SetString@OposVariant@@QEAAXPEB_WAEAJ@Z 00000001800017bc f   OposVariant.obj
 0001:00000820       ?SetVARIANT_BOOL@OposVariant@@QEAAXF@Z 0000000180001820 f   OposVariant.obj
 0001:00000858       ?Term@CAtlComModule@ATL@@QEAAXXZ 0000000180001858 f i OposVariant.obj
 0001:000008c8       ?_AtlInitializeCriticalSectionEx@ATL@@YAHPEAU_RTL_CRITICAL_SECTION@@KK@Z 00000001800018c8 f i OposVariant.obj
 0001:000008d0       ?_AtlRaiseException@ATL@@YAXKK@Z 00000001800018d0 f i OposVariant.obj
 0001:000008e0       ?AddRef@?$CComAggObject@VCOPOSKeylock@@@ATL@@UEAAKXZ 00000001800018e0 f i Keylock.obj
 0001:000008ec       ?Release@?$CComAggObject@VCOPOSKeylock@@@ATL@@UEAAKXZ 00000001800018ec f i Keylock.obj
 0001:00000940       ?QueryInterface@?$CComAggObject@VCOPOSKeylock@@@ATL@@UEAAJAEBU_GUID@@PEAPEAX@Z 0000000180001940 f i Keylock.obj
 0001:000009a0       ?AddRef@?$CComContainedObject@VCOPOSKeylock@@@ATL@@UEAAKXZ 00000001800019a0 f i Keylock.obj
 0001:000009b0       ?Release@?$CComContainedObject@VCOPOSKeylock@@@ATL@@UEAAKXZ 00000001800019b0 f i Keylock.obj
 0001:000009c0       ?QueryInterface@?$CComContainedObject@VCOPOSKeylock@@@ATL@@UEAAJAEBU_GUID@@PEAPEAX@Z 00000001800019c0 f i Keylock.obj
 0001:000009d0       ??_E?$CComAggObject@VCOPOSKeylock@@@ATL@@UEAAPEAXI@Z 00000001800019d0 f i Keylock.obj
 0001:000009d0       ??_G?$CComAggObject@VCOPOSKeylock@@@ATL@@UEAAPEAXI@Z 00000001800019d0 f i Keylock.obj
 0001:00000a28       ?AddRef@?$CComObject@VCOPOSKeylock@@@ATL@@UEAAKXZ 0000000180001a28 f i Keylock.obj
 0001:00000a38       ?Release@?$CComObject@VCOPOSKeylock@@@ATL@@UEAAKXZ 0000000180001a38 f i Keylock.obj
 0001:00000a90       ?QueryInterface@?$CComObject@VCOPOSKeylock@@@ATL@@UEAAJAEBU_GUID@@PEAPEAX@Z 0000000180001a90 f i Keylock.obj
 0001:00000aa4       ?ObjectMain@CComObjectRootBase@ATL@@SAX_N@Z 0000000180001aa4 f i Keylock.obj
 0001:00000aa4       ?OnFinalMessage@?$CWindowImplBaseT@VCWindow@ATL@@V?$CWinTraits@$0FGAAAAAA@$0A@@2@@ATL@@UEAAXPEAUHWND__@@@Z 0000000180001aa4 f i Keylock.obj
 0001:00000aa4       _guard_check_icall_nop     0000000180001aa4 f i LIBCMT:guard_support.obj
 0001:00000aa8       ?EnableModeless@?$IOleInPlaceActiveObjectImpl@VCOPOSKeylock@@@ATL@@UEAAJH@Z 0000000180001aa8 f i Keylock.obj
 0001:00000aa8       ?GetObjectDescription@?$CComCoClass@VCOPOSKeylock@@$1?CLSID_OPOSKeylock@@3U_GUID@@B@ATL@@SAPEB_WXZ 0000000180001aa8 f i Keylock.obj
 0001:00000aa8       ?ResizeBorder@?$IOleInPlaceActiveObjectImpl@VCOPOSKeylock@@@ATL@@UEAAJPEBUtagRECT@@PEAUIOleInPlaceUIWindow@@H@Z 0000000180001aa8 f i Keylock.obj
 0001:00000aa8       ?IsUpToDate@?$IOleObjectImpl@VCOPOSKeylock@@@ATL@@UEAAJXZ 0000000180001aa8 f i Keylock.obj
 0001:00000aa8       ?OnFrameWindowActivate@?$IOleInPlaceActiveObjectImpl@VCOPOSKeylock@@@ATL@@UEAAJH@Z 0000000180001aa8 f i Keylock.obj
 0001:00000aa8       ?SaveCompleted@?$IPersistStorageImpl@VCOPOSKeylock@@@ATL@@UEAAJPEAUIStorage@@@Z 0000000180001aa8 f i Keylock.obj
 0001:00000aa8       ?HandsOffStorage@?$IPersistStorageImpl@VCOPOSKeylock@@@ATL@@UEAAJXZ 0000000180001aa8 f i Keylock.obj
 0001:00000aa8       ?Update@?$IOleObjectImpl@VCOPOSKeylock@@@ATL@@UEAAJXZ 0000000180001aa8 f i Keylock.obj
 0001:00000aa8       ?SetHostNames@?$IOleObjectImpl@VCOPOSKeylock@@@ATL@@UEAAJPEB_W0@Z 0000000180001aa8 f i Keylock.obj
 0001:00000aa8       ?GetCategoryMap@CComObjectRootBase@ATL@@SAPEBU_ATL_CATMAP_ENTRY@2@XZ 0000000180001aa8 f i Keylock.obj
 0001:00000aa8       ?Release@CRegObject@ATL@@UEAAKXZ 0000000180001aa8 f i Keylock.obj
 0001:00000aa8       ?OnAmbientPropertyChange@?$IOleControlImpl@VCOPOSKeylock@@@ATL@@UEAAJJ@Z 0000000180001aa8 f i Keylock.obj
 0001:00000aac       ?OnDrawAdvanced@CComControlBase@ATL@@UEAAJAEAUATL_DRAWINFO@@@Z 0000000180001aac f i Keylock.obj
 0001:00000bcc       ?CreateInstance@CComClassFactory@ATL@@UEAAJPEAUIUnknown@@AEBU_GUID@@PEAPEAX@Z 0000000180001bcc f i Keylock.obj
 0001:00000c2c       ?LockServer@CComClassFactory@ATL@@UEAAJH@Z 0000000180001c2c f i Keylock.obj
 0001:00000c50       ??_GCComClassFactory@ATL@@UEAAPEAXI@Z 0000000180001c50 f i Keylock.obj
 0001:00000c50       ??_ECComClassFactory@ATL@@UEAAPEAXI@Z 0000000180001c50 f i Keylock.obj
 0001:00000ca0       ?Next@?$CComEnumImpl@UIEnumConnections@@$1?_GUID_b196b287_bab4_101a_b69c_00aa00341d07@@3U__s_GUID@@BUtagCONNECTDATA@@V?$_Copy@UtagCONNECTDATA@@@ATL@@@ATL@@UEAAJKPEAUtagCONNECTDATA@@PEAK@Z 0000000180001ca0 f i Keylock.obj
 0001:00000d74       ?Skip@?$CComEnumImpl@UIEnumConnections@@$1?_GUID_b196b287_bab4_101a_b69c_00aa00341d07@@3U__s_GUID@@BUtagCONNECTDATA@@V?$_Copy@UtagCONNECTDATA@@@ATL@@@ATL@@UEAAJK@Z 0000000180001d74 f i Keylock.obj
 0001:00000da0       ?Reset@?$CComEnumImpl@UIEnumConnections@@$1?_GUID_b196b287_bab4_101a_b69c_00aa00341d07@@3U__s_GUID@@BUtagCONNECTDATA@@V?$_Copy@UtagCONNECTDATA@@@ATL@@@ATL@@UEAAJXZ 0000000180001da0 f i Keylock.obj
 0001:00000da0       ?Reset@?$CComEnumImpl@UIEnumConnectionPoints@@$1?_GUID_b196b285_bab4_101a_b69c_00aa00341d07@@3U__s_GUID@@BPEAUIConnectionPoint@@V?$_CopyInterface@UIConnectionPoint@@@ATL@@@ATL@@UEAAJXZ 0000000180001da0 f i Keylock.obj
 0001:00000dac       ?Clone@?$CComEnumImpl@UIEnumConnections@@$1?_GUID_b196b287_bab4_101a_b69c_00aa00341d07@@3U__s_GUID@@BUtagCONNECTDATA@@V?$_Copy@UtagCONNECTDATA@@@ATL@@@ATL@@UEAAJPEAPEAUIEnumConnections@@@Z 0000000180001dac f i Keylock.obj
 0001:00000ed4       ?AddRef@?$CComObject@V?$CComEnum@UIEnumConnections@@$1?_GUID_b196b287_bab4_101a_b69c_00aa00341d07@@3U__s_GUID@@BUtagCONNECTDATA@@V?$_Copy@UtagCONNECTDATA@@@ATL@@VCComSingleThreadModel@6@@ATL@@@ATL@@UEAAKXZ 0000000180001ed4 f i Keylock.obj
 0001:00000ed4       ?AddRef@?$CComObject@V?$CComEnum@UIEnumConnectionPoints@@$1?_GUID_b196b285_bab4_101a_b69c_00aa00341d07@@3U__s_GUID@@BPEAUIConnectionPoint@@V?$_CopyInterface@UIConnectionPoint@@@ATL@@VCComSingleThreadModel@6@@ATL@@@ATL@@UEAAKXZ 0000000180001ed4 f i Keylock.obj
 0001:00000ee0       ?Release@?$CComObject@V?$CComEnum@UIEnumConnectionPoints@@$1?_GUID_b196b285_bab4_101a_b69c_00aa00341d07@@3U__s_GUID@@BPEAUIConnectionPoint@@V?$_CopyInterface@UIConnectionPoint@@@ATL@@VCComSingleThreadModel@6@@ATL@@@ATL@@UEAAKXZ 0000000180001ee0 f i Keylock.obj
 0001:00000ee0       ?Release@?$CComObject@V?$CComEnum@UIEnumConnections@@$1?_GUID_b196b287_bab4_101a_b69c_00aa00341d07@@3U__s_GUID@@BUtagCONNECTDATA@@V?$_Copy@UtagCONNECTDATA@@@ATL@@VCComSingleThreadModel@6@@ATL@@@ATL@@UEAAKXZ 0000000180001ee0 f i Keylock.obj
 0001:00000f34       ?QueryInterface@?$CComObject@V?$CComEnum@UIEnumConnections@@$1?_GUID_b196b287_bab4_101a_b69c_00aa00341d07@@3U__s_GUID@@BUtagCONNECTDATA@@V?$_Copy@UtagCONNECTDATA@@@ATL@@VCComSingleThreadModel@6@@ATL@@@ATL@@UEAAJAEBU_GUID@@PEAPEAX@Z 0000000180001f34 f i Keylock.obj
 0001:00000f48       ??_G?$CComObject@V?$CComEnum@UIEnumConnections@@$1?_GUID_b196b287_bab4_101a_b69c_00aa00341d07@@3U__s_GUID@@BUtagCONNECTDATA@@V?$_Copy@UtagCONNECTDATA@@@ATL@@VCComSingleThreadModel@6@@ATL@@@ATL@@UEAAPEAXI@Z 0000000180001f48 f i Keylock.obj
 0001:00000f48       ??_E?$CComObject@V?$CComEnum@UIEnumConnections@@$1?_GUID_b196b287_bab4_101a_b69c_00aa00341d07@@3U__s_GUID@@BUtagCONNECTDATA@@V?$_Copy@UtagCONNECTDATA@@@ATL@@VCComSingleThreadModel@6@@ATL@@@ATL@@UEAAPEAXI@Z 0000000180001f48 f i Keylock.obj
 0001:00000fa0       ??_E?$CComObject@VCOPOSKeylock@@@ATL@@W7EAAPEAXI@Z 0000000180001fa0 f i Keylock.obj
 0001:00000fac       ??_E?$CComObject@VCOPOSKeylock@@@ATL@@WHA@EAAPEAXI@Z 0000000180001fac f i Keylock.obj
 0001:00000fb8       ?QueryInterface@?$CComObject@VCOPOSKeylock@@@ATL@@WLI@EAAJAEBU_GUID@@PEAPEAX@Z 0000000180001fb8 f i Keylock.obj
 0001:00000fc4       ?AddRef@?$CComObject@VCOPOSKeylock@@@ATL@@WLI@EAAKXZ 0000000180001fc4 f i Keylock.obj
 0001:00000fd0       ?Release@?$CComObject@VCOPOSKeylock@@@ATL@@WLI@EAAKXZ 0000000180001fd0 f i Keylock.obj
 0001:00000fdc       ?QueryInterface@?$CComObject@VCOPOSKeylock@@@ATL@@WMA@EAAJAEBU_GUID@@PEAPEAX@Z 0000000180001fdc f i Keylock.obj
 0001:00000fe8       ?AddRef@?$CComObject@VCOPOSKeylock@@@ATL@@WMA@EAAKXZ 0000000180001fe8 f i Keylock.obj
 0001:00000ff4       ?Release@?$CComObject@VCOPOSKeylock@@@ATL@@WMA@EAAKXZ 0000000180001ff4 f i Keylock.obj
 0001:00001000       ?QueryInterface@?$CComObject@VCOPOSKeylock@@@ATL@@WMI@EAAJAEBU_GUID@@PEAPEAX@Z 0000000180002000 f i Keylock.obj
 0001:0000100c       ?AddRef@?$CComObject@VCOPOSKeylock@@@ATL@@WMI@EAAKXZ 000000018000200c f i Keylock.obj
 0001:00001018       ?Release@?$CComObject@VCOPOSKeylock@@@ATL@@WMI@EAAKXZ 0000000180002018 f i Keylock.obj
 0001:00001024       ?QueryInterface@?$CComObject@VCOPOSKeylock@@@ATL@@WNA@EAAJAEBU_GUID@@PEAPEAX@Z 0000000180002024 f i Keylock.obj
 0001:00001030       ?AddRef@?$CComObject@VCOPOSKeylock@@@ATL@@WNA@EAAKXZ 0000000180002030 f i Keylock.obj
 0001:0000103c       ?Release@?$CComObject@VCOPOSKeylock@@@ATL@@WNA@EAAKXZ 000000018000203c f i Keylock.obj
 0001:00001048       ?QueryInterface@?$CComObject@VCOPOSKeylock@@@ATL@@WNI@EAAJAEBU_GUID@@PEAPEAX@Z 0000000180002048 f i Keylock.obj
 0001:00001054       ?AddRef@?$CComObject@VCOPOSKeylock@@@ATL@@WNI@EAAKXZ 0000000180002054 f i Keylock.obj
 0001:00001060       ?Release@?$CComObject@VCOPOSKeylock@@@ATL@@WNI@EAAKXZ 0000000180002060 f i Keylock.obj
 0001:0000106c       ?QueryInterface@?$CComObject@VCOPOSKeylock@@@ATL@@WOA@EAAJAEBU_GUID@@PEAPEAX@Z 000000018000206c f i Keylock.obj
 0001:00001078       ?AddRef@?$CComObject@VCOPOSKeylock@@@ATL@@WOA@EAAKXZ 0000000180002078 f i Keylock.obj
 0001:00001084       ?Release@?$CComObject@VCOPOSKeylock@@@ATL@@WOA@EAAKXZ 0000000180002084 f i Keylock.obj
 0001:00001090       ?QueryInterface@?$CComObject@VCOPOSKeylock@@@ATL@@WOI@EAAJAEBU_GUID@@PEAPEAX@Z 0000000180002090 f i Keylock.obj
 0001:0000109c       ?AddRef@?$CComObject@VCOPOSKeylock@@@ATL@@WOI@EAAKXZ 000000018000209c f i Keylock.obj
 0001:000010a8       ?Release@?$CComObject@VCOPOSKeylock@@@ATL@@WOI@EAAKXZ 00000001800020a8 f i Keylock.obj
 0001:000010b4       ?QueryInterface@?$CComObject@VCOPOSKeylock@@@ATL@@WPA@EAAJAEBU_GUID@@PEAPEAX@Z 00000001800020b4 f i Keylock.obj
 0001:000010c0       ?AddRef@?$CComObject@VCOPOSKeylock@@@ATL@@WPA@EAAKXZ 00000001800020c0 f i Keylock.obj
 0001:000010cc       ?Release@?$CComObject@VCOPOSKeylock@@@ATL@@WPA@EAAKXZ 00000001800020cc f i Keylock.obj
 0001:000010d8       ?QueryInterface@?$CComObject@VCOPOSKeylock@@@ATL@@WPI@EAAJAEBU_GUID@@PEAPEAX@Z 00000001800020d8 f i Keylock.obj
 0001:000010e4       ?AddRef@?$CComObject@VCOPOSKeylock@@@ATL@@WPI@EAAKXZ 00000001800020e4 f i Keylock.obj
 0001:000010f0       ?Release@?$CComObject@VCOPOSKeylock@@@ATL@@WPI@EAAKXZ 00000001800020f0 f i Keylock.obj
 0001:000010fc       ?QueryInterface@?$CComObject@VCOPOSKeylock@@@ATL@@WBAA@EAAJAEBU_GUID@@PEAPEAX@Z 00000001800020fc f i Keylock.obj
 0001:00001108       ?AddRef@?$CComObject@VCOPOSKeylock@@@ATL@@WBAA@EAAKXZ 0000000180002108 f i Keylock.obj
 0001:00001114       ?Release@?$CComObject@VCOPOSKeylock@@@ATL@@WBAA@EAAKXZ 0000000180002114 f i Keylock.obj
 0001:00001120       ?QueryInterface@?$CComObject@VCOPOSKeylock@@@ATL@@WBAI@EAAJAEBU_GUID@@PEAPEAX@Z 0000000180002120 f i Keylock.obj
 0001:0000112c       ?AddRef@?$CComObject@VCOPOSKeylock@@@ATL@@WBAI@EAAKXZ 000000018000212c f i Keylock.obj
 0001:00001138       ?Release@?$CComObject@VCOPOSKeylock@@@ATL@@WBAI@EAAKXZ 0000000180002138 f i Keylock.obj
 0001:00001144       ?QueryInterface@?$CComObject@VCOPOSKeylock@@@ATL@@WBBA@EAAJAEBU_GUID@@PEAPEAX@Z 0000000180002144 f i Keylock.obj
 0001:00001150       ?AddRef@?$CComObject@VCOPOSKeylock@@@ATL@@WBBA@EAAKXZ 0000000180002150 f i Keylock.obj
 0001:0000115c       ?Release@?$CComObject@VCOPOSKeylock@@@ATL@@WBBA@EAAKXZ 000000018000215c f i Keylock.obj
 0001:00001168       ?QueryInterface@?$CComObject@VCOPOSKeylock@@@ATL@@WBBI@EAAJAEBU_GUID@@PEAPEAX@Z 0000000180002168 f i Keylock.obj
 0001:00001174       ?AddRef@?$CComObject@VCOPOSKeylock@@@ATL@@WBBI@EAAKXZ 0000000180002174 f i Keylock.obj
 0001:00001180       ?Release@?$CComObject@VCOPOSKeylock@@@ATL@@WBBI@EAAKXZ 0000000180002180 f i Keylock.obj
 0001:0000118c       ?AddRef@?$CComObject@VCOPOSKeylock@@@ATL@@WBCI@EAAKXZ 000000018000218c f i Keylock.obj
 0001:00001198       ?Release@?$CComObject@VCOPOSKeylock@@@ATL@@WBCI@EAAKXZ 0000000180002198 f i Keylock.obj
 0001:000011a4       ?AddRef@?$CComObject@VCOPOSKeylock@@@ATL@@WBEA@EAAKXZ 00000001800021a4 f i Keylock.obj
 0001:000011b0       ?Release@?$CComObject@VCOPOSKeylock@@@ATL@@WBEA@EAAKXZ 00000001800021b0 f i Keylock.obj
 0001:000011bc       ??_E?$CComContainedObject@VCOPOSKeylock@@@ATL@@W7EAAPEAXI@Z 00000001800021bc f i Keylock.obj
 0001:000011c8       ??_E?$CComContainedObject@VCOPOSKeylock@@@ATL@@WHA@EAAPEAXI@Z 00000001800021c8 f i Keylock.obj
 0001:000011d4       ?QueryInterface@?$CComContainedObject@VCOPOSKeylock@@@ATL@@WLI@EAAJAEBU_GUID@@PEAPEAX@Z 00000001800021d4 f i Keylock.obj
 0001:000011e0       ?AddRef@?$CComContainedObject@VCOPOSKeylock@@@ATL@@WLI@EAAKXZ 00000001800021e0 f i Keylock.obj
 0001:000011ec       ?Release@?$CComContainedObject@VCOPOSKeylock@@@ATL@@WLI@EAAKXZ 00000001800021ec f i Keylock.obj
 0001:000011f8       ?QueryInterface@?$CComContainedObject@VCOPOSKeylock@@@ATL@@WMA@EAAJAEBU_GUID@@PEAPEAX@Z 00000001800021f8 f i Keylock.obj
 0001:00001204       ?AddRef@?$CComContainedObject@VCOPOSKeylock@@@ATL@@WMA@EAAKXZ 0000000180002204 f i Keylock.obj
 0001:00001210       ?Release@?$CComContainedObject@VCOPOSKeylock@@@ATL@@WMA@EAAKXZ 0000000180002210 f i Keylock.obj
 0001:0000121c       ?QueryInterface@?$CComContainedObject@VCOPOSKeylock@@@ATL@@WMI@EAAJAEBU_GUID@@PEAPEAX@Z 000000018000221c f i Keylock.obj
 0001:00001228       ?AddRef@?$CComContainedObject@VCOPOSKeylock@@@ATL@@WMI@EAAKXZ 0000000180002228 f i Keylock.obj
 0001:00001234       ?Release@?$CComContainedObject@VCOPOSKeylock@@@ATL@@WMI@EAAKXZ 0000000180002234 f i Keylock.obj
 0001:00001240       ?QueryInterface@?$CComContainedObject@VCOPOSKeylock@@@ATL@@WNA@EAAJAEBU_GUID@@PEAPEAX@Z 0000000180002240 f i Keylock.obj
 0001:0000124c       ?AddRef@?$CComContainedObject@VCOPOSKeylock@@@ATL@@WNA@EAAKXZ 000000018000224c f i Keylock.obj
 0001:00001258       ?Release@?$CComContainedObject@VCOPOSKeylock@@@ATL@@WNA@EAAKXZ 0000000180002258 f i Keylock.obj
 0001:00001264       ?QueryInterface@?$CComContainedObject@VCOPOSKeylock@@@ATL@@WNI@EAAJAEBU_GUID@@PEAPEAX@Z 0000000180002264 f i Keylock.obj
 0001:00001270       ?AddRef@?$CComContainedObject@VCOPOSKeylock@@@ATL@@WNI@EAAKXZ 0000000180002270 f i Keylock.obj
 0001:0000127c       ?Release@?$CComContainedObject@VCOPOSKeylock@@@ATL@@WNI@EAAKXZ 000000018000227c f i Keylock.obj
 0001:00001288       ?QueryInterface@?$CComContainedObject@VCOPOSKeylock@@@ATL@@WOA@EAAJAEBU_GUID@@PEAPEAX@Z 0000000180002288 f i Keylock.obj
 0001:00001294       ?AddRef@?$CComContainedObject@VCOPOSKeylock@@@ATL@@WOA@EAAKXZ 0000000180002294 f i Keylock.obj
 0001:000012a0       ?Release@?$CComContainedObject@VCOPOSKeylock@@@ATL@@WOA@EAAKXZ 00000001800022a0 f i Keylock.obj
 0001:000012ac       ?QueryInterface@?$CComContainedObject@VCOPOSKeylock@@@ATL@@WOI@EAAJAEBU_GUID@@PEAPEAX@Z 00000001800022ac f i Keylock.obj
 0001:000012b8       ?AddRef@?$CComContainedObject@VCOPOSKeylock@@@ATL@@WOI@EAAKXZ 00000001800022b8 f i Keylock.obj
 0001:000012c4       ?Release@?$CComContainedObject@VCOPOSKeylock@@@ATL@@WOI@EAAKXZ 00000001800022c4 f i Keylock.obj
 0001:000012d0       ?QueryInterface@?$CComContainedObject@VCOPOSKeylock@@@ATL@@WPA@EAAJAEBU_GUID@@PEAPEAX@Z 00000001800022d0 f i Keylock.obj
 0001:000012dc       ?AddRef@?$CComContainedObject@VCOPOSKeylock@@@ATL@@WPA@EAAKXZ 00000001800022dc f i Keylock.obj
 0001:000012e8       ?Release@?$CComContainedObject@VCOPOSKeylock@@@ATL@@WPA@EAAKXZ 00000001800022e8 f i Keylock.obj
 0001:000012f4       ?QueryInterface@?$CComContainedObject@VCOPOSKeylock@@@ATL@@WPI@EAAJAEBU_GUID@@PEAPEAX@Z 00000001800022f4 f i Keylock.obj
 0001:00001300       ?AddRef@?$CComContainedObject@VCOPOSKeylock@@@ATL@@WPI@EAAKXZ 0000000180002300 f i Keylock.obj
 0001:0000130c       ?Release@?$CComContainedObject@VCOPOSKeylock@@@ATL@@WPI@EAAKXZ 000000018000230c f i Keylock.obj
 0001:00001318       ?QueryInterface@?$CComContainedObject@VCOPOSKeylock@@@ATL@@WBAA@EAAJAEBU_GUID@@PEAPEAX@Z 0000000180002318 f i Keylock.obj
 0001:00001324       ?AddRef@?$CComContainedObject@VCOPOSKeylock@@@ATL@@WBAA@EAAKXZ 0000000180002324 f i Keylock.obj
 0001:00001330       ?Release@?$CComContainedObject@VCOPOSKeylock@@@ATL@@WBAA@EAAKXZ 0000000180002330 f i Keylock.obj
 0001:0000133c       ?QueryInterface@?$CComContainedObject@VCOPOSKeylock@@@ATL@@WBAI@EAAJAEBU_GUID@@PEAPEAX@Z 000000018000233c f i Keylock.obj
 0001:00001348       ?AddRef@?$CComContainedObject@VCOPOSKeylock@@@ATL@@WBAI@EAAKXZ 0000000180002348 f i Keylock.obj
 0001:00001354       ?Release@?$CComContainedObject@VCOPOSKeylock@@@ATL@@WBAI@EAAKXZ 0000000180002354 f i Keylock.obj
 0001:00001360       ?QueryInterface@?$CComContainedObject@VCOPOSKeylock@@@ATL@@WBBA@EAAJAEBU_GUID@@PEAPEAX@Z 0000000180002360 f i Keylock.obj
 0001:0000136c       ?AddRef@?$CComContainedObject@VCOPOSKeylock@@@ATL@@WBBA@EAAKXZ 000000018000236c f i Keylock.obj
 0001:00001378       ?Release@?$CComContainedObject@VCOPOSKeylock@@@ATL@@WBBA@EAAKXZ 0000000180002378 f i Keylock.obj
 0001:00001384       ?QueryInterface@?$CComContainedObject@VCOPOSKeylock@@@ATL@@WBBI@EAAJAEBU_GUID@@PEAPEAX@Z 0000000180002384 f i Keylock.obj
 0001:00001390       ?AddRef@?$CComContainedObject@VCOPOSKeylock@@@ATL@@WBBI@EAAKXZ 0000000180002390 f i Keylock.obj
 0001:0000139c       ?Release@?$CComContainedObject@VCOPOSKeylock@@@ATL@@WBBI@EAAKXZ 000000018000239c f i Keylock.obj
 0001:000013a8       ?AddRef@?$CComContainedObject@VCOPOSKeylock@@@ATL@@WBCI@EAAKXZ 00000001800023a8 f i Keylock.obj
 0001:000013b4       ?Release@?$CComContainedObject@VCOPOSKeylock@@@ATL@@WBCI@EAAKXZ 00000001800023b4 f i Keylock.obj
 0001:000013c0       ?AddRef@?$CComContainedObject@VCOPOSKeylock@@@ATL@@WBEA@EAAKXZ 00000001800023c0 f i Keylock.obj
 0001:000013cc       ?Release@?$CComContainedObject@VCOPOSKeylock@@@ATL@@WBEA@EAAKXZ 00000001800023cc f i Keylock.obj
 0001:000013d8       ?Lock@CAtlModule@ATL@@UEAAJXZ 00000001800023d8 f i Keylock.obj
 0001:000013e8       ?Unlock@CAtlModule@ATL@@UEAAJXZ 00000001800023e8 f i Keylock.obj
 0001:000013f4       ?GetLockCount@CAtlModule@ATL@@UEAAJXZ 00000001800023f4 f i Keylock.obj
 0001:000013f8       ?GetGITPtr@CAtlModule@ATL@@UEAAJPEAPEAUIGlobalInterfaceTable@@@Z 00000001800023f8 f i Keylock.obj
 0001:00001468       ?AddCommonRGSReplacements@?$CAtlModuleT@VCComModule@ATL@@@ATL@@UEAAJPEAUIRegistrarBase@@@Z 0000000180002468 f i Keylock.obj
 0001:00001480       ?GetWindowProc@?$CWindowImplBaseT@VCWindow@ATL@@V?$CWinTraits@$0FGAAAAAA@$0A@@2@@ATL@@UEAAP6A_JPEAUHWND__@@I_K_J@ZXZ 0000000180002480 f i Keylock.obj
 0001:00001488       ?StartWindowProc@?$CWindowImplBaseT@VCWindow@ATL@@V?$CWinTraits@$0FGAAAAAA@$0A@@2@@ATL@@SA_JPEAUHWND__@@I_K_J@Z 0000000180002488 f i Keylock.obj
 0001:0000154c       ?UpdateRegistryFromResourceD@CComModule@ATL@@UEAAJIHPEAU_ATL_REGMAP_ENTRY@2@@Z 000000018000254c f i Keylock.obj
 0001:0000154c       ?UpdateRegistryFromResourceD@CComModule@ATL@@UEAAJPEB_WHPEAU_ATL_REGMAP_ENTRY@2@@Z 000000018000254c f i Keylock.obj
 0001:00001554       ?UpdateRegistryFromResource@CComModule@ATL@@UEAAJPEB_WHPEAU_ATL_REGMAP_ENTRY@2@@Z 0000000180002554 f i Keylock.obj
 0001:0000155c       ?UpdateRegistryFromResource@CComModule@ATL@@UEAAJIHPEAU_ATL_REGMAP_ENTRY@2@@Z 000000018000255c f i Keylock.obj
 0001:00001564       ??_ECComModule@ATL@@UEAAPEAXI@Z 0000000180002564 f i Keylock.obj
 0001:00001564       ??_GCComModule@ATL@@UEAAPEAXI@Z 0000000180002564 f i Keylock.obj
 0001:000015e4       ?GetTypeInfoCount@?$IDispatchImpl@UIOPOSKeylock@@$1?IID_IOPOSKeylock@@3U_GUID@@B$1?LIBID_OposKeylock_CCO@@3U3@B$00$0A@VCComTypeInfoHolder@ATL@@@ATL@@UEAAJPEAI@Z 00000001800025e4 f i Keylock.obj
 0001:000015f8       ?GetTypeInfo@?$IDispatchImpl@UIOPOSKeylock@@$1?IID_IOPOSKeylock@@3U_GUID@@B$1?LIBID_OposKeylock_CCO@@3U3@B$00$0A@VCComTypeInfoHolder@ATL@@@ATL@@UEAAJIKPEAPEAUITypeInfo@@@Z 00000001800025f8 f i Keylock.obj
 0001:0000165c       ?GetIDsOfNames@?$IDispatchImpl@UIOPOSKeylock@@$1?IID_IOPOSKeylock@@3U_GUID@@B$1?LIBID_OposKeylock_CCO@@3U3@B$00$0A@VCComTypeInfoHolder@ATL@@@ATL@@UEAAJAEBU_GUID@@PEAPEA_WIKPEAJ@Z 000000018000265c f i Keylock.obj
 0001:00001668       ?Invoke@?$IDispatchImpl@UIOPOSKeylock@@$1?IID_IOPOSKeylock@@3U_GUID@@B$1?LIBID_OposKeylock_CCO@@3U3@B$00$0A@VCComTypeInfoHolder@ATL@@@ATL@@UEAAJJAEBU_GUID@@KGPEAUtagDISPPARAMS@@PEAUtagVARIANT@@PEAUtagEXCEPINFO@@PEAI@Z 0000000180002668 f i Keylock.obj
 0001:000016f8       ?CreateControlWindow@?$CComControl@VCOPOSKeylock@@V?$CWindowImpl@VCOPOSKeylock@@VCWindow@ATL@@V?$CWinTraits@$0FGAAAAAA@$0A@@3@@ATL@@@ATL@@UEAAPEAUHWND__@@PEAU3@AEAUtagRECT@@@Z 00000001800026f8 f i Keylock.obj
 0001:00001730       ?ControlQueryInterface@?$CComControl@VCOPOSKeylock@@V?$CWindowImpl@VCOPOSKeylock@@VCWindow@ATL@@V?$CWinTraits@$0FGAAAAAA@$0A@@3@@ATL@@@ATL@@UEAAJAEBU_GUID@@PEAPEAX@Z 0000000180002730 f i Keylock.obj
 0001:00001744       ?GetClassID@?$IPersistStreamInitImpl@VCOPOSKeylock@@@ATL@@UEAAJPEAU_GUID@@@Z 0000000180002744 f i Keylock.obj
 0001:00001744       ?GetUserClassID@?$IOleObjectImpl@VCOPOSKeylock@@@ATL@@UEAAJPEAU_GUID@@@Z 0000000180002744 f i Keylock.obj
 0001:00001744       ?GetClassID@?$IPersistStorageImpl@VCOPOSKeylock@@@ATL@@UEAAJPEAU_GUID@@@Z 0000000180002744 f i Keylock.obj
 0001:00001760       ?IsDirty@?$IPersistStreamInitImpl@VCOPOSKeylock@@@ATL@@UEAAJXZ 0000000180002760 f i Keylock.obj
 0001:0000177c       ?Load@?$IPersistStreamInitImpl@VCOPOSKeylock@@@ATL@@UEAAJPEAUIStream@@@Z 000000018000277c f i Keylock.obj
 0001:000017cc       ?Save@?$IPersistStreamInitImpl@VCOPOSKeylock@@@ATL@@UEAAJPEAUIStream@@H@Z 00000001800027cc f i Keylock.obj
 0001:00001830       ?GetSizeMax@?$IPersistStreamInitImpl@VCOPOSKeylock@@@ATL@@UEAAJPEAT_ULARGE_INTEGER@@@Z 0000000180002830 f i Keylock.obj
 0001:00001a5c       ?InitNew@?$IPersistStreamInitImpl@VCOPOSKeylock@@@ATL@@UEAAJXZ 0000000180002a5c f i Keylock.obj
 0001:00001a74       ?GetMoniker@?$IOleObjectImpl@VCOPOSKeylock@@@ATL@@UEAAJKKPEAPEAUIMoniker@@@Z 0000000180002a74 f i Keylock.obj
 0001:00001a74       ?GetCanonicalFormatEtc@?$IDataObjectImpl@VCOPOSKeylock@@@ATL@@UEAAJPEAUtagFORMATETC@@0@Z 0000000180002a74 f i Keylock.obj
 0001:00001a74       ?OnMnemonic@?$IOleControlImpl@VCOPOSKeylock@@@ATL@@UEAAJPEAUtagMSG@@@Z 0000000180002a74 f i Keylock.obj
 0001:00001a74       ?ReactivateAndUndo@?$IOleInPlaceObjectWindowlessImpl@VCOPOSKeylock@@@ATL@@UEAAJXZ 0000000180002a74 f i Keylock.obj
 0001:00001a74       ?SOErrorDummy@COPOSKeylock@@MEAAJJJJPEAJ@Z 0000000180002a74 f i Keylock.obj
 0001:00001a74       ?SetMoniker@?$IOleObjectImpl@VCOPOSKeylock@@@ATL@@UEAAJKPEAUIMoniker@@@Z 0000000180002a74 f i Keylock.obj
 0001:00001a74       ?SetColorScheme@?$IOleObjectImpl@VCOPOSKeylock@@@ATL@@UEAAJPEAUtagLOGPALETTE@@@Z 0000000180002a74 f i Keylock.obj
 0001:00001a74       ?EnumFormatEtc@?$IDataObjectImpl@VCOPOSKeylock@@@ATL@@UEAAJKPEAPEAUIEnumFORMATETC@@@Z 0000000180002a74 f i Keylock.obj
 0001:00001a74       ?GetClipboardData@?$IOleObjectImpl@VCOPOSKeylock@@@ATL@@UEAAJKPEAPEAUIDataObject@@@Z 0000000180002a74 f i Keylock.obj
 0001:00001a74       ?ContextSensitiveHelp@?$IOleInPlaceObjectWindowlessImpl@VCOPOSKeylock@@@ATL@@UEAAJH@Z 0000000180002a74 f i Keylock.obj
 0001:00001a74       ?GetDataHere@?$IDataObjectImpl@VCOPOSKeylock@@@ATL@@UEAAJPEAUtagFORMATETC@@PEAUtagSTGMEDIUM@@@Z 0000000180002a74 f i Keylock.obj
 0001:00001a74       ?ContextSensitiveHelp@?$IOleInPlaceActiveObjectImpl@VCOPOSKeylock@@@ATL@@UEAAJH@Z 0000000180002a74 f i Keylock.obj
 0001:00001a74       ?Freeze@?$IViewObjectExImpl@VCOPOSKeylock@@@ATL@@UEAAJKJPEAXPEAK@Z 0000000180002a74 f i Keylock.obj
 0001:00001a74       ?QueryInterface@CRegObject@ATL@@UEAAJAEBU_GUID@@PEAPEAX@Z 0000000180002a74 f i Keylock.obj
 0001:00001a74       ?SODataDummy@COPOSKeylock@@MEAAJJ@Z 0000000180002a74 f i Keylock.obj
 0001:00001a74       ?SetData@?$IDataObjectImpl@VCOPOSKeylock@@@ATL@@UEAAJPEAUtagFORMATETC@@PEAUtagSTGMEDIUM@@H@Z 0000000180002a74 f i Keylock.obj
 0001:00001a74       ?Unfreeze@?$IViewObjectExImpl@VCOPOSKeylock@@@ATL@@UEAAJK@Z 0000000180002a74 f i Keylock.obj
 0001:00001a74       ?SOOutputCompleteDummy@COPOSKeylock@@MEAAJJ@Z 0000000180002a74 f i Keylock.obj
 0001:00001a74       ?InitFromData@?$IOleObjectImpl@VCOPOSKeylock@@@ATL@@UEAAJPEAUIDataObject@@HK@Z 0000000180002a74 f i Keylock.obj
 0001:00001a74       ?GetControlInfo@?$IOleControlImpl@VCOPOSKeylock@@@ATL@@UEAAJPEAUtagCONTROLINFO@@@Z 0000000180002a74 f i Keylock.obj
 0001:00001a74       ?GetColorSet@?$IViewObjectExImpl@VCOPOSKeylock@@@ATL@@UEAAJKJPEAXPEAUtagDVTARGETDEVICE@@PEAUHDC__@@PEAPEAUtagLOGPALETTE@@@Z 0000000180002a74 f i Keylock.obj
 0001:00001a74       ?QueryGetData@?$IDataObjectImpl@VCOPOSKeylock@@@ATL@@UEAAJPEAUtagFORMATETC@@@Z 0000000180002a74 f i Keylock.obj
 0001:00001a74       ?GetRect@?$IViewObjectExImpl@VCOPOSKeylock@@@ATL@@UEAAJKPEAU_RECTL@@@Z 0000000180002a74 f i Keylock.obj
 0001:00001a74       ?GetDropTarget@?$IOleInPlaceObjectWindowlessImpl@VCOPOSKeylock@@@ATL@@UEAAJPEAPEAUIDropTarget@@@Z 0000000180002a74 f i Keylock.obj
 0001:00001a7c       ?SetClientSite@?$IOleObjectImpl@VCOPOSKeylock@@@ATL@@UEAAJPEAUIOleClientSite@@@Z 0000000180002a7c f i Keylock.obj
 0001:00001a98       ?GetClientSite@?$IOleObjectImpl@VCOPOSKeylock@@@ATL@@UEAAJPEAPEAUIOleClientSite@@@Z 0000000180002a98 f i Keylock.obj
 0001:00001ae0       ?Close@?$IOleObjectImpl@VCOPOSKeylock@@@ATL@@UEAAJK@Z 0000000180002ae0 f i Keylock.obj
 0001:00001afc       ?DoVerb@?$IOleObjectImpl@VCOPOSKeylock@@@ATL@@UEAAJJPEAUtagMSG@@PEAUIOleClientSite@@JPEAUHWND__@@PEBUtagRECT@@@Z 0000000180002afc f i Keylock.obj
 0001:00001ca0       ?EnumVerbs@?$IOleObjectImpl@VCOPOSKeylock@@@ATL@@UEAAJPEAPEAUIEnumOLEVERB@@@Z 0000000180002ca0 f i Keylock.obj
 0001:00001cbc       ?GetUserType@?$IOleObjectImpl@VCOPOSKeylock@@@ATL@@UEAAJKPEAPEA_W@Z 0000000180002cbc f i Keylock.obj
 0001:00001ccc       ?SetExtent@?$IOleObjectImpl@VCOPOSKeylock@@@ATL@@UEAAJKPEAUtagSIZE@@@Z 0000000180002ccc f i Keylock.obj
 0001:00001ce8       ?GetExtent@?$IOleObjectImpl@VCOPOSKeylock@@@ATL@@UEAAJKPEAUtagSIZE@@@Z 0000000180002ce8 f i Keylock.obj
 0001:00001d18       ?Advise@?$IOleObjectImpl@VCOPOSKeylock@@@ATL@@UEAAJPEAUIAdviseSink@@PEAK@Z 0000000180002d18 f i Keylock.obj
 0001:00001d74       ?Unadvise@?$IOleObjectImpl@VCOPOSKeylock@@@ATL@@UEAAJK@Z 0000000180002d74 f i Keylock.obj
 0001:00001dac       ?EnumAdvise@?$IOleObjectImpl@VCOPOSKeylock@@@ATL@@UEAAJPEAPEAUIEnumSTATDATA@@@Z 0000000180002dac f i Keylock.obj
 0001:00001df4       ?GetMiscStatus@?$IOleObjectImpl@VCOPOSKeylock@@@ATL@@UEAAJKPEAK@Z 0000000180002df4 f i Keylock.obj
 0001:00001e04       ?GetWindow@?$IOleInPlaceActiveObjectImpl@VCOPOSKeylock@@@ATL@@UEAAJPEAPEAUHWND__@@@Z 0000000180002e04 f i Keylock.obj
 0001:00001e58       ?TranslateAcceleratorW@?$IOleInPlaceActiveObjectImpl@VCOPOSKeylock@@@ATL@@UEAAJPEAUtagMSG@@@Z 0000000180002e58 f i Keylock.obj
 0001:00001f4c       ?OnDocWindowActivate@?$IOleInPlaceActiveObjectImpl@VCOPOSKeylock@@@ATL@@UEAAJH@Z 0000000180002f4c f i Keylock.obj
 0001:00001f78       ?Draw@?$IViewObjectExImpl@VCOPOSKeylock@@@ATL@@UEAAJKJPEAXPEAUtagDVTARGETDEVICE@@PEAUHDC__@@2PEBU_RECTL@@3P6AH_K@Z4@Z 0000000180002f78 f i Keylock.obj
 0001:00001fdc       ?SetAdvise@?$IViewObjectExImpl@VCOPOSKeylock@@@ATL@@UEAAJKKPEAUIAdviseSink@@@Z 0000000180002fdc f i Keylock.obj
 0001:00002030       ?GetAdvise@?$IViewObjectExImpl@VCOPOSKeylock@@@ATL@@UEAAJPEAK0PEAPEAUIAdviseSink@@@Z 0000000180003030 f i Keylock.obj
 0001:0000206c       ?GetExtent@?$IViewObjectExImpl@VCOPOSKeylock@@@ATL@@UEAAJKJPEAUtagDVTARGETDEVICE@@PEAUtagSIZE@@@Z 000000018000306c f i Keylock.obj
 0001:0000209c       ?GetViewStatus@?$IViewObjectExImpl@VCOPOSKeylock@@@ATL@@UEAAJPEAK@Z 000000018000309c f i Keylock.obj
 0001:000020b0       ?QueryHitPoint@?$IViewObjectExImpl@VCOPOSKeylock@@@ATL@@UEAAJKPEBUtagRECT@@UtagPOINT@@JPEAK@Z 00000001800030b0 f i Keylock.obj
 0001:000020f4       ?QueryHitRect@?$IViewObjectExImpl@VCOPOSKeylock@@@ATL@@UEAAJKPEBUtagRECT@@0JPEAK@Z 00000001800030f4 f i Keylock.obj
 0001:0000215c       ?GetNaturalExtent@?$IViewObjectExImpl@VCOPOSKeylock@@@ATL@@UEAAJKJPEAUtagDVTARGETDEVICE@@PEAUHDC__@@PEAUtagExtentInfo@@PEAUtagSIZE@@@Z 000000018000315c f i Keylock.obj
 0001:000021a4       ?GetWindow@?$IOleInPlaceObjectWindowlessImpl@VCOPOSKeylock@@@ATL@@UEAAJPEAPEAUHWND__@@@Z 00000001800031a4 f i Keylock.obj
 0001:000021f8       ?InPlaceDeactivate@?$IOleInPlaceObjectWindowlessImpl@VCOPOSKeylock@@@ATL@@UEAAJXZ 00000001800031f8 f i Keylock.obj
 0001:00002214       ?UIDeactivate@?$IOleInPlaceObjectWindowlessImpl@VCOPOSKeylock@@@ATL@@UEAAJXZ 0000000180003214 f i Keylock.obj
 0001:00002230       ?SetObjectRects@?$IOleInPlaceObjectWindowlessImpl@VCOPOSKeylock@@@ATL@@UEAAJPEBUtagRECT@@0@Z 0000000180003230 f i Keylock.obj
 0001:0000224c       ?OnWindowMessage@?$IOleInPlaceObjectWindowlessImpl@VCOPOSKeylock@@@ATL@@UEAAJI_K_JPEA_J@Z 000000018000324c f i Keylock.obj
 0001:00002314       ?EnumConnectionPoints@?$IConnectionPointContainerImpl@VCOPOSKeylock@@@ATL@@UEAAJPEAPEAUIEnumConnectionPoints@@@Z 0000000180003314 f i Keylock.obj
 0001:0000255c       ?FindConnectionPoint@?$IConnectionPointContainerImpl@VCOPOSKeylock@@@ATL@@UEAAJAEBU_GUID@@PEAPEAUIConnectionPoint@@@Z 000000018000355c f i Keylock.obj
 0001:0000262c       ?IsDirty@?$IPersistStorageImpl@VCOPOSKeylock@@@ATL@@UEAAJXZ 000000018000362c f i Keylock.obj
 0001:00002670       ?InitNew@?$IPersistStorageImpl@VCOPOSKeylock@@@ATL@@UEAAJPEAUIStorage@@@Z 0000000180003670 f i Keylock.obj
 0001:000026b4       ?Load@?$IPersistStorageImpl@VCOPOSKeylock@@@ATL@@UEAAJPEAUIStorage@@@Z 00000001800036b4 f i Keylock.obj
 0001:00002754       ?Save@?$IPersistStorageImpl@VCOPOSKeylock@@@ATL@@UEAAJPEAUIStorage@@H@Z 0000000180003754 f i Keylock.obj
 0001:00002804       ?GetPages@?$ISpecifyPropertyPagesImpl@VCOPOSKeylock@@@ATL@@UEAAJPEAUtagCAUUID@@@Z 0000000180003804 f i Keylock.obj
 0001:00002810       ?QuickActivate@?$IQuickActivateImpl@VCOPOSKeylock@@@ATL@@UEAAJPEAUtagQACONTAINER@@PEAUtagQACONTROL@@@Z 0000000180003810 f i Keylock.obj
 0001:0000282c       ?SetContentExtent@?$IQuickActivateImpl@VCOPOSKeylock@@@ATL@@UEAAJPEAUtagSIZE@@@Z 000000018000382c f i Keylock.obj
 0001:00002860       ?GetContentExtent@?$IQuickActivateImpl@VCOPOSKeylock@@@ATL@@UEAAJPEAUtagSIZE@@@Z 0000000180003860 f i Keylock.obj
 0001:00002898       ?GetData@?$IDataObjectImpl@VCOPOSKeylock@@@ATL@@UEAAJPEAUtagFORMATETC@@PEAUtagSTGMEDIUM@@@Z 0000000180003898 f i Keylock.obj
 0001:000028b4       ?DAdvise@?$IDataObjectImpl@VCOPOSKeylock@@@ATL@@UEAAJPEAUtagFORMATETC@@KPEAUIAdviseSink@@PEAK@Z 00000001800038b4 f i Keylock.obj
 0001:0000293c       ?DUnadvise@?$IDataObjectImpl@VCOPOSKeylock@@@ATL@@UEAAJK@Z 000000018000393c f i Keylock.obj
 0001:00002968       ?EnumDAdvise@?$IDataObjectImpl@VCOPOSKeylock@@@ATL@@UEAAJPEAPEAUIEnumSTATDATA@@@Z 0000000180003968 f i Keylock.obj
 0001:000029a4       ?GetClassInfoW@?$IProvideClassInfo2Impl@$1?CLSID_OPOSKeylock@@3U_GUID@@B$1?DIID__IOPOSKeylockEvents@@3U2@B$1?LIBID_OposKeylock_CCO@@3U2@B$00$0A@VCComTypeInfoHolder@ATL@@@ATL@@UEAAJPEAPEAUITypeInfo@@@Z 00000001800039a4 f i Keylock.obj
 0001:000029fc       ?GetGUID@?$IProvideClassInfo2Impl@$1?CLSID_OPOSKeylock@@3U_GUID@@B$1?DIID__IOPOSKeylockEvents@@3U2@B$1?LIBID_OposKeylock_CCO@@3U2@B$00$0A@VCComTypeInfoHolder@ATL@@@ATL@@UEAAJKPEAU_GUID@@@Z 00000001800039fc f i Keylock.obj
 0001:00002a30       _get_startup_argv_mode     0000000180003a30 f i LIBCMT:argv_mode.obj
 0001:00002a30       ?FAccessAllowed@?$IObjectSafetyImpl@VCOPOSKeylock@@$02@ATL@@MEAAHXZ 0000000180003a30 f i Keylock.obj
 0001:00002a30       ?AddRef@CRegObject@ATL@@UEAAKXZ 0000000180003a30 f i Keylock.obj
 0001:00002a38       ?GetInterfaceSafetyOptions@?$IObjectSafetyImpl@VCOPOSKeylock@@$02@ATL@@UEAAJAEBU_GUID@@PEAK1@Z 0000000180003a38 f i Keylock.obj
 0001:00002acc       ?SetInterfaceSafetyOptions@?$IObjectSafetyImpl@VCOPOSKeylock@@$02@ATL@@UEAAJAEBU_GUID@@KK@Z 0000000180003acc f i Keylock.obj
 0001:00002b70       ?_LocCPQueryInterface@?$IConnectionPointImpl@VCOPOSKeylock@@$1?IID_IPropertyNotifySink@@3U_GUID@@BVCComDynamicUnkArray@ATL@@@ATL@@UEAAJAEBU_GUID@@PEAPEAX@Z 0000000180003b70 f i Keylock.obj
 0001:00002b70       ?_LocCPQueryInterface@?$IConnectionPointImpl@VCOPOSKeylock@@$1?DIID__IOPOSKeylockEvents@@3U_GUID@@BVCComDynamicUnkArray@ATL@@@ATL@@UEAAJAEBU_GUID@@PEAPEAX@Z 0000000180003b70 f i Keylock.obj
 0001:00002be4       ?GetConnectionInterface@?$IConnectionPointImpl@VCOPOSKeylock@@$1?IID_IPropertyNotifySink@@3U_GUID@@BVCComDynamicUnkArray@ATL@@@ATL@@UEAAJPEAU_GUID@@@Z 0000000180003be4 f i Keylock.obj
 0001:00002c00       ?GetConnectionPointContainer@?$IConnectionPointImpl@VCOPOSKeylock@@$1?IID_IPropertyNotifySink@@3U_GUID@@BVCComDynamicUnkArray@ATL@@@ATL@@UEAAJPEAPEAUIConnectionPointContainer@@@Z 0000000180003c00 f i Keylock.obj
 0001:00002c20       ?Advise@?$IConnectionPointImpl@VCOPOSKeylock@@$1?DIID__IOPOSKeylockEvents@@3U_GUID@@BVCComDynamicUnkArray@ATL@@@ATL@@UEAAJPEAUIUnknown@@PEAK@Z 0000000180003c20 f i Keylock.obj
 0001:00002c20       ?Advise@?$IConnectionPointImpl@VCOPOSKeylock@@$1?IID_IPropertyNotifySink@@3U_GUID@@BVCComDynamicUnkArray@ATL@@@ATL@@UEAAJPEAUIUnknown@@PEAK@Z 0000000180003c20 f i Keylock.obj
 0001:00002ce0       ?Unadvise@?$IConnectionPointImpl@VCOPOSKeylock@@$1?DIID__IOPOSKeylockEvents@@3U_GUID@@BVCComDynamicUnkArray@ATL@@@ATL@@UEAAJK@Z 0000000180003ce0 f i Keylock.obj
 0001:00002ce0       ?Unadvise@?$IConnectionPointImpl@VCOPOSKeylock@@$1?IID_IPropertyNotifySink@@3U_GUID@@BVCComDynamicUnkArray@ATL@@@ATL@@UEAAJK@Z 0000000180003ce0 f i Keylock.obj
 0001:00002d5c       ?EnumConnections@?$IConnectionPointImpl@VCOPOSKeylock@@$1?IID_IPropertyNotifySink@@3U_GUID@@BVCComDynamicUnkArray@ATL@@@ATL@@UEAAJPEAPEAUIEnumConnections@@@Z 0000000180003d5c f i Keylock.obj
 0001:00002d5c       ?EnumConnections@?$IConnectionPointImpl@VCOPOSKeylock@@$1?DIID__IOPOSKeylockEvents@@3U_GUID@@BVCComDynamicUnkArray@ATL@@@ATL@@UEAAJPEAPEAUIEnumConnections@@@Z 0000000180003d5c f i Keylock.obj
 0001:00002f04       ?GetConnectionInterface@?$IConnectionPointImpl@VCOPOSKeylock@@$1?DIID__IOPOSKeylockEvents@@3U_GUID@@BVCComDynamicUnkArray@ATL@@@ATL@@UEAAJPEAU_GUID@@@Z 0000000180003f04 f i Keylock.obj
 0001:00002f20       ?GetConnectionPointContainer@?$IConnectionPointImpl@VCOPOSKeylock@@$1?DIID__IOPOSKeylockEvents@@3U_GUID@@BVCComDynamicUnkArray@ATL@@@ATL@@UEAAJPEAPEAUIConnectionPointContainer@@@Z 0000000180003f20 f i Keylock.obj
 0001:00002f40       ?UpdateRegistry@COPOSKeylock@@SAJH@Z 0000000180003f40 f i Keylock.obj
 0001:00002f58       ?ProcessWindowMessage@COPOSKeylock@@UEAAHPEAUHWND__@@I_K_JAEA_JK@Z 0000000180003f58 f i Keylock.obj
 0001:00002fe0       ?SODirectIO@COPOSKeylock@@MEAAJJPEAJPEAPEA_W@Z 0000000180003fe0 f i Keylock.obj
 0001:00003058       ?SOStatusUpdate@COPOSKeylock@@MEAAJJ@Z 0000000180004058 f i Keylock.obj
 0001:000030a8       ?AddReplacement@CRegObject@ATL@@UEAAJPEB_W0@Z 00000001800040a8 f i Keylock.obj
 0001:000030d8       ?ClearReplacements@CRegObject@ATL@@UEAAJXZ 00000001800040d8 f i Keylock.obj
 0001:000030e4       ??_GCRegObject@ATL@@UEAAPEAXI@Z 00000001800040e4 f i Keylock.obj
 0001:000030e4       ??_ECRegObject@ATL@@UEAAPEAXI@Z 00000001800040e4 f i Keylock.obj
 0001:00003164       ?CreateInstance@?$CComCreator@V?$CComObjectCached@VCComClassFactory@ATL@@@ATL@@@ATL@@SAJPEAXAEBU_GUID@@PEAPEAX@Z 0000000180004164 f i Keylock.obj
 0001:00003268       ?CreateInstance@?$CComCreator2@V?$CComCreator@V?$CComObject@VCOPOSKeylock@@@ATL@@@ATL@@V?$CComCreator@V?$CComAggObject@VCOPOSKeylock@@@ATL@@@2@@ATL@@SAJPEAXAEBU_GUID@@PEAPEAX@Z 0000000180004268 f i Keylock.obj
 0001:00003278       ?Next@?$CComEnumImpl@UIEnumConnectionPoints@@$1?_GUID_b196b285_bab4_101a_b69c_00aa00341d07@@3U__s_GUID@@BPEAUIConnectionPoint@@V?$_CopyInterface@UIConnectionPoint@@@ATL@@@ATL@@UEAAJKPEAPEAUIConnectionPoint@@PEAK@Z 0000000180004278 f i Keylock.obj
 0001:00003344       ?Skip@?$CComEnumImpl@UIEnumConnectionPoints@@$1?_GUID_b196b285_bab4_101a_b69c_00aa00341d07@@3U__s_GUID@@BPEAUIConnectionPoint@@V?$_CopyInterface@UIConnectionPoint@@@ATL@@@ATL@@UEAAJK@Z 0000000180004344 f i Keylock.obj
 0001:00003370       ?Clone@?$CComEnumImpl@UIEnumConnectionPoints@@$1?_GUID_b196b285_bab4_101a_b69c_00aa00341d07@@3U__s_GUID@@BPEAUIConnectionPoint@@V?$_CopyInterface@UIConnectionPoint@@@ATL@@@ATL@@UEAAJPEAPEAUIEnumConnectionPoints@@@Z 0000000180004370 f i Keylock.obj
 0001:00003498       ?QueryInterface@?$CComObject@V?$CComEnum@UIEnumConnectionPoints@@$1?_GUID_b196b285_bab4_101a_b69c_00aa00341d07@@3U__s_GUID@@BPEAUIConnectionPoint@@V?$_CopyInterface@UIConnectionPoint@@@ATL@@VCComSingleThreadModel@6@@ATL@@@ATL@@UEAAJAEBU_GUID@@PEAPEAX@Z 0000000180004498 f i Keylock.obj
 0001:000034ac       ??_E?$CComObject@V?$CComEnum@UIEnumConnectionPoints@@$1?_GUID_b196b285_bab4_101a_b69c_00aa00341d07@@3U__s_GUID@@BPEAUIConnectionPoint@@V?$_CopyInterface@UIConnectionPoint@@@ATL@@VCComSingleThreadModel@6@@ATL@@@ATL@@UEAAPEAXI@Z 00000001800044ac f i Keylock.obj
 0001:000034ac       ??_G?$CComObject@V?$CComEnum@UIEnumConnectionPoints@@$1?_GUID_b196b285_bab4_101a_b69c_00aa00341d07@@3U__s_GUID@@BPEAUIConnectionPoint@@V?$_CopyInterface@UIConnectionPoint@@@ATL@@VCComSingleThreadModel@6@@ATL@@@ATL@@UEAAPEAXI@Z 00000001800044ac f i Keylock.obj
 0001:00003504       ?AddRef@?$CComObjectCached@VCComClassFactory@ATL@@@ATL@@UEAAKXZ 0000000180004504 f i Keylock.obj
 0001:00003530       ?Release@?$CComObjectCached@VCComClassFactory@ATL@@@ATL@@UEAAKXZ 0000000180004530 f i Keylock.obj
 0001:00003570       ?QueryInterface@?$CComObjectCached@VCComClassFactory@ATL@@@ATL@@UEAAJAEBU_GUID@@PEAPEAX@Z 0000000180004570 f i Keylock.obj
 0001:00003584       ??_G?$CComObjectCached@VCComClassFactory@ATL@@@ATL@@UEAAPEAXI@Z 0000000180004584 f i Keylock.obj
 0001:00003584       ??_E?$CComObjectCached@VCComClassFactory@ATL@@@ATL@@UEAAPEAXI@Z 0000000180004584 f i Keylock.obj
 0001:000035dc       ??$AtlModuleRegisterWndClassInfoT@VAtlModuleRegisterWndClassInfoParamW@ATL@@@ATL@@YAGPEAU_ATL_BASE_MODULE70@0@PEAU_ATL_WIN_MODULE70@0@PEAU_ATL_WNDCLASSINFOW@0@PEAP6A_JPEAUHWND__@@I_K_J@ZVAtlModuleRegisterWndClassInfoParamW@0@@Z 00000001800045dc f i Keylock.obj
 0001:000037dc       ??0?$CComContainedObject@VCOPOSKeylock@@@ATL@@QEAA@PEAX@Z 00000001800047dc f i Keylock.obj
 0001:000038f8       ??0?$CComObject@VCOPOSKeylock@@@ATL@@QEAA@PEAX@Z 00000001800048f8 f i Keylock.obj
 0001:00003a10       ??0CAtlModule@ATL@@QEAA@XZ 0000000180004a10 f i Keylock.obj
 0001:00003a90       ??1?$CComEnumImpl@UIEnumConnectionPoints@@$1?_GUID_b196b285_bab4_101a_b69c_00aa00341d07@@3U__s_GUID@@BPEAUIConnectionPoint@@V?$_CopyInterface@UIConnectionPoint@@@ATL@@@ATL@@UEAA@XZ 0000000180004a90 f i Keylock.obj
 0001:00003aec       ??1?$CComEnumImpl@UIEnumConnections@@$1?_GUID_b196b287_bab4_101a_b69c_00aa00341d07@@3U__s_GUID@@BUtagCONNECTDATA@@V?$_Copy@UtagCONNECTDATA@@@ATL@@@ATL@@UEAA@XZ 0000000180004aec f i Keylock.obj
 0001:00003b48       ??1?$CComObject@VCOPOSKeylock@@@ATL@@UEAA@XZ 0000000180004b48 f i Keylock.obj
 0001:00003c68       ??_G?$CComContainedObject@VCOPOSKeylock@@@ATL@@UEAAPEAXI@Z 0000000180004c68 f i Keylock.obj
 0001:00003c68       ??_E?$CComContainedObject@VCOPOSKeylock@@@ATL@@UEAAPEAXI@Z 0000000180004c68 f i Keylock.obj
 0001:00003c9c       ??_G?$CComObject@VCOPOSKeylock@@@ATL@@UEAAPEAXI@Z 0000000180004c9c f i Keylock.obj
 0001:00003c9c       ??_E?$CComObject@VCOPOSKeylock@@@ATL@@UEAAPEAXI@Z 0000000180004c9c f i Keylock.obj
 0001:00003cd0       ?Add@?$CSimpleArray@GV?$CSimpleArrayEqualHelper@G@ATL@@@ATL@@QEAAHAEBG@Z 0000000180004cd0 f i Keylock.obj
 0001:00003d84       ?Add@?$CSimpleMap@PEA_WPEA_WVCExpansionVectorEqualHelper@ATL@@@ATL@@QEAAHAEBQEA_W0@Z 0000000180004d84 f i Keylock.obj
 0001:00003e24       ?Add@CComDynamicUnkArray@ATL@@QEAAKPEAUIUnknown@@@Z 0000000180004e24 f i Keylock.obj
 0001:00003f1c       ?Add@CExpansionVector@ATL@@QEAAHPEB_W0@Z 0000000180004f1c f i Keylock.obj
 0001:000040ac       ?AddValue@CRegParser@ATL@@IEAAJAEAVCRegKey@2@PEB_WPEA_W@Z 00000001800050ac f i Keylock.obj
 0001:000044f4       ?AllocateHeap@?$CTempBuffer@_W$0BAA@VCCRTAllocator@ATL@@@ATL@@AEAAX_K@Z 00000001800054f4 f i Keylock.obj
 0001:000044f4       ?AllocateHeap@?$CTempBuffer@_W$0EAA@VCCRTAllocator@ATL@@@ATL@@AEAAX_K@Z 00000001800054f4 f i Keylock.obj
 0001:000044f4       ?AllocateHeap@?$CTempBuffer@E$0BAA@VCCRTAllocator@ATL@@@ATL@@AEAAX_K@Z 00000001800054f4 f i Keylock.obj
 0001:00004520       ?Append@CParseBuffer@CRegParser@ATL@@QEAAHPEB_WH@Z 0000000180005520 f i Keylock.obj
 0001:00004638       ?AtlCallTermFunc@ATL@@YAXPEAU_ATL_MODULE70@1@@Z 0000000180005638 f i Keylock.obj
 0001:0000469c       ?AtlComModuleGetClassObject@ATL@@YAJPEAU_ATL_COM_MODULE70@1@AEBU_GUID@@1PEAPEAX@Z 000000018000569c f i Keylock.obj
 0001:000047dc       ?AtlComModuleRegisterServer@ATL@@YAJPEAU_ATL_COM_MODULE70@1@HPEBU_GUID@@@Z 00000001800057dc f i Keylock.obj
 0001:0000489c       ?AtlComModuleUnregisterServer@ATL@@YAJPEAU_ATL_COM_MODULE70@1@HPEBU_GUID@@@Z 000000018000589c f i Keylock.obj
 0001:00004958       ?AtlCreateTargetDC@ATL@@YAPEAUHDC__@@PEAU2@PEAUtagDVTARGETDEVICE@@@Z 0000000180005958 f i Keylock.obj
 0001:000049cc       ?AtlHiMetricToPixel@ATL@@YAXPEBUtagSIZE@@PEAU2@@Z 00000001800059cc f i Keylock.obj
 0001:00004a7c       ?AtlHresultFromLastError@ATL@@YAJXZ 0000000180005a7c f i Keylock.obj
 0001:00004a9c       ?AtlHresultFromWin32@ATL@@YAJK@Z 0000000180005a9c f i Keylock.obj
 0001:00004aac       ?AtlIPersistStreamInit_Load@ATL@@YAJPEAUIStream@@PEBUATL_PROPMAP_ENTRY@1@PEAXPEAUIUnknown@@@Z 0000000180005aac f i Keylock.obj
 0001:00004ce4       ?AtlIPersistStreamInit_Save@ATL@@YAJPEAUIStream@@HPEBUATL_PROPMAP_ENTRY@1@PEAXPEAUIUnknown@@@Z 0000000180005ce4 f i Keylock.obj
 0001:00004f20       ?AtlInternalOleLoadFromStream@ATL@@YAJPEAUIStream@@AEBU_GUID@@PEAPEAXTClassesAllowedInStream@1@K@Z 0000000180005f20 f i Keylock.obj
 0001:00005064       ?AtlInternalQueryInterface@ATL@@YAJPEAXPEBU_ATL_INTMAP_ENTRY@1@AEBU_GUID@@PEAPEAX@Z 0000000180006064 f i Keylock.obj
 0001:0000516c       ?AtlLoadTypeLib@ATL@@YAJPEAUHINSTANCE__@@PEB_WPEAPEA_WPEAPEAUITypeLib@@@Z 000000018000616c f i Keylock.obj
 0001:000053c8       ?AtlModuleAddTermFunc@ATL@@YAJPEAU_ATL_MODULE70@1@P6AX_K@Z1@Z 00000001800063c8 f i Keylock.obj
 0001:0000545c       ?AtlRegisterClassCategoriesHelper@ATL@@YAJAEBU_GUID@@PEBU_ATL_CATMAP_ENTRY@1@H@Z 000000018000645c f i Keylock.obj
 0001:000058c4       ?AtlRegisterTypeLib@ATL@@YAJPEAUHINSTANCE__@@PEB_W@Z 00000001800068c4 f i Keylock.obj
 0001:00005ac0       ?AtlThrowImpl@ATL@@YAXJ@Z  0000000180006ac0 f i Keylock.obj
 0001:00005ae4       ?AtlUnRegisterTypeLib@ATL@@YAJPEAUHINSTANCE__@@PEB_W@Z 0000000180006ae4 f i Keylock.obj
 0001:00005bac       ?AtlWinModuleExtractCreateWndData@ATL@@YAPEAXPEAU_ATL_WIN_MODULE70@1@@Z 0000000180006bac f i Keylock.obj
 0001:00005c38       ?Cleanup@CComTypeInfoHolder@ATL@@SAX_K@Z 0000000180006c38 f i Keylock.obj
 0001:00005c78       ?ClearReplacements@CExpansionVector@ATL@@QEAAJXZ 0000000180006c78 f i Keylock.obj
 0001:00005d14       ?CreateInstance@?$CComCreator@V?$CComAggObject@VCOPOSKeylock@@@ATL@@@ATL@@SAJPEAXAEBU_GUID@@PEAPEAX@Z 0000000180006d14 f i Keylock.obj
 0001:00005dec       ?CreateInstance@?$CComCreator@V?$CComObject@VCOPOSKeylock@@@ATL@@@ATL@@SAJPEAXAEBU_GUID@@PEAPEAX@Z 0000000180006dec f i Keylock.obj
 0001:00005ea4       ?CreateInstance@?$CComObject@V?$CComEnum@UIEnumConnectionPoints@@$1?_GUID_b196b285_bab4_101a_b69c_00aa00341d07@@3U__s_GUID@@BPEAUIConnectionPoint@@V?$_CopyInterface@UIConnectionPoint@@@ATL@@VCComSingleThreadModel@6@@ATL@@@ATL@@SAJPEAPEAV12@@Z 0000000180006ea4 f i Keylock.obj
 0001:00005f30       ?CreateInstance@?$CComObject@V?$CComEnum@UIEnumConnections@@$1?_GUID_b196b287_bab4_101a_b69c_00aa00341d07@@3U__s_GUID@@BUtagCONNECTDATA@@V?$_Copy@UtagCONNECTDATA@@@ATL@@VCComSingleThreadModel@6@@ATL@@@ATL@@SAJPEAPEAV12@@Z 0000000180006f30 f i Keylock.obj
 0001:00005fbc       ?DefaultReflectionHandler@?$CWindowImplRoot@VCWindow@ATL@@@ATL@@SAHPEAUHWND__@@I_K_JAEA_J@Z 0000000180006fbc f i Keylock.obj
 0001:00006020       ?DeleteSubKey@CRegKey@ATL@@QEAAJPEB_W@Z 0000000180007020 f i Keylock.obj
 0001:000060b8       ?DoEvent@COPOSKeylock@@IEAAXI_K_J@Z 00000001800070b8 f i Keylock.obj
 0001:0000616c       ?DoVerbPrimary@?$IOleObjectImpl@VCOPOSKeylock@@@ATL@@QEAAJPEBUtagRECT@@PEAUHWND__@@@Z 000000018000716c f i Keylock.obj
 0001:00006294       ?DoVerbProperties@CComControlBase@ATL@@QEAAJPEBUtagRECT@@PEAUHWND__@@@Z 0000000180007294 f i Keylock.obj
 0001:000064bc       ?FireTheEvent@?$CProxy_IOPOSEvents@VCOPOSKeylock@@@@IEAAXPEAVOposVariant@@IAEAJPEB_WJ@Z 00000001800074bc f i Keylock.obj
 0001:000065a8       ?FireViewChange@CComControlBase@ATL@@QEAAJXZ 00000001800075a8 f i Keylock.obj
 0001:0000660c       ?Fire_DirectIOEvent@?$CProxy_IOPOSEvents@VCOPOSKeylock@@@@QEAAXJPEAJPEAPEA_W@Z 000000018000760c f i Keylock.obj
 0001:00006764       ?Fire_StatusUpdateEvent@?$CProxy_IOPOSEvents@VCOPOSKeylock@@@@QEAAXJ@Z 0000000180007764 f i Keylock.obj
 0001:00006850       ?FreeHeap@?$CTempBuffer@E$0BAA@VCCRTAllocator@ATL@@@ATL@@AEAAXXZ 0000000180007850 f i Keylock.obj
 0001:00006850       ?FreeHeap@?$CTempBuffer@_W$0BAA@VCCRTAllocator@ATL@@@ATL@@AEAAXXZ 0000000180007850 f i Keylock.obj
 0001:00006850       ?FreeHeap@?$CTempBuffer@_W$0EAA@VCCRTAllocator@ATL@@@ATL@@AEAAXXZ 0000000180007850 f i Keylock.obj
 0001:00006858       ?GetAmbientLocaleID@CComControlBase@ATL@@QEAAJAEAK@Z 0000000180007858 f i Keylock.obj
 0001:00006918       ?GetAmbientUserMode@CComControlBase@ATL@@QEAAJAEAH@Z 0000000180007918 f i Keylock.obj
 0001:000069ec       ?GetClassObject@CComModule@ATL@@QEAAJAEBU_GUID@@0PEAPEAX@Z 00000001800079ec f i Keylock.obj
 0001:00006ae0       ?GetConnMap@COPOSKeylock@@SAPEBU_ATL_CONNMAP_ENTRY@ATL@@PEAH@Z 0000000180007ae0 f i Keylock.obj
 0001:00006b68       ?GetIDsOfNames@CComTypeInfoHolder@ATL@@QEAAJAEBU_GUID@@PEAPEA_WIKPEAJ@Z 0000000180007b68 f i Keylock.obj
 0001:00006ce0       ?GetPagesHelper@?$ISpecifyPropertyPagesImpl@VCOPOSKeylock@@@ATL@@IEAAJPEAUtagCAUUID@@PEBUATL_PROPMAP_ENTRY@2@@Z 0000000180007ce0 f i Keylock.obj
 0001:00006e80       ?GetSizeMax@CComVariant@ATL@@QEBAJPEAT_ULARGE_INTEGER@@@Z 0000000180007e80 f i Keylock.obj
 0001:000070b4       ?GetTI@CComTypeInfoHolder@ATL@@QEAAJK@Z 00000001800080b4 f i Keylock.obj
 0001:0000732c       ?GetZoomInfo@CComControlBase@ATL@@QEAAXAEAUATL_DRAWINFO@@@Z 000000018000832c f i Keylock.obj
 0001:000073d0       ?HKeyFromString@CRegParser@ATL@@KAPEAUHKEY__@@PEA_W@Z 00000001800083d0 f i Keylock.obj
 0001:00007434       ?IDataObject_GetData@CComControlBase@ATL@@QEAAJPEAUtagFORMATETC@@PEAUtagSTGMEDIUM@@@Z 0000000180008434 f i Keylock.obj
 0001:00007628       ?IOleInPlaceObject_InPlaceDeactivate@CComControlBase@ATL@@QEAAJXZ 0000000180008628 f i Keylock.obj
 0001:000076c8       ?IOleInPlaceObject_SetObjectRects@CComControlBase@ATL@@QEAAJPEBUtagRECT@@0@Z 00000001800086c8 f i Keylock.obj
 0001:000077b8       ?IOleInPlaceObject_UIDeactivate@CComControlBase@ATL@@QEAAJXZ 00000001800087b8 f i Keylock.obj
 0001:000078c4       ?IOleObject_Close@CComControlBase@ATL@@QEAAJK@Z 00000001800088c4 f i Keylock.obj
 0001:000079dc       ?IOleObject_SetClientSite@CComControlBase@ATL@@QEAAJPEAUIOleClientSite@@@Z 00000001800089dc f i Keylock.obj
 0001:00007a54       ?IOleObject_SetExtent@CComControlBase@ATL@@QEAAJKPEAUtagSIZE@@@Z 0000000180008a54 f i Keylock.obj
 0001:00007aec       ?IPSI_GetIPersistStreamInit@?$IPersistStorageImpl@VCOPOSKeylock@@@ATL@@AEAAPEAUIPersistStreamInit@@XZ 0000000180008aec f i Keylock.obj
 0001:00007b48       ?IQuickActivate_QuickActivate@CComControlBase@ATL@@QEAAJPEAUtagQACONTAINER@@PEAUtagQACONTROL@@@Z 0000000180008b48 f i Keylock.obj
 0001:00007e0c       ?IViewObject_Draw@CComControlBase@ATL@@QEAAJKJPEAXPEAUtagDVTARGETDEVICE@@PEAUHDC__@@2PEBU_RECTL@@3@Z 0000000180008e0c f i Keylock.obj
 0001:00007f20       ?InPlaceActivate@CComControlBase@ATL@@QEAAJJPEBUtagRECT@@@Z 0000000180008f20 f i Keylock.obj
 0001:00008258       ?Init@?$CComEnumImpl@UIEnumConnectionPoints@@$1?_GUID_b196b285_bab4_101a_b69c_00aa00341d07@@3U__s_GUID@@BPEAUIConnectionPoint@@V?$_CopyInterface@UIConnectionPoint@@@ATL@@@ATL@@QEAAJPEAPEAUIConnectionPoint@@0PEAUIUnknown@@W4CComEnumFlags@2@@Z 0000000180009258 f i Keylock.obj
 0001:00008378       ?Init@?$CComEnumImpl@UIEnumConnections@@$1?_GUID_b196b287_bab4_101a_b69c_00aa00341d07@@3U__s_GUID@@BUtagCONNECTDATA@@V?$_Copy@UtagCONNECTDATA@@@ATL@@@ATL@@QEAAJPEAUtagCONNECTDATA@@0PEAUIUnknown@@W4CComEnumFlags@2@@Z 0000000180009378 f i Keylock.obj
 0001:0000849c       ?IsEqualObject@?$CComPtrBase@UITypeInfo@@@ATL@@QEAA_NPEAUIUnknown@@@Z 000000018000949c f i Keylock.obj
 0001:0000849c       ?IsEqualObject@?$CComPtrBase@UIOleClientSite@@@ATL@@QEAA_NPEAUIUnknown@@@Z 000000018000949c f i Keylock.obj
 0001:00008528       ?LoadNameCache@CComTypeInfoHolder@ATL@@QEAAJPEAUITypeInfo@@@Z 0000000180009528 f i Keylock.obj
 0001:000086ac       ?Lookup@?$CSimpleMap@PEA_WPEA_WVCExpansionVectorEqualHelper@ATL@@@ATL@@QEBAPEA_WAEBQEA_W@Z 00000001800096ac f i Keylock.obj
 0001:00008738       ?NextToken@CRegParser@ATL@@IEAAJPEA_W@Z 0000000180009738 f i Keylock.obj
 0001:000088f0       ?OnKillFocus@CComControlBase@ATL@@QEAA_JI_K_JAEAH@Z 00000001800098f0 f i Keylock.obj
 0001:0000898c       ?OnMouseActivate@CComControlBase@ATL@@QEAA_JI_K_JAEAH@Z 000000018000998c f i Keylock.obj
 0001:00008a2c       ?OnPaint@CComControlBase@ATL@@QEAA_JI_K_JAEAH@Z 0000000180009a2c f i Keylock.obj
 0001:00008b18       ?OnSetFocus@CComControlBase@ATL@@QEAA_JI_K_JAEAH@Z 0000000180009b18 f i Keylock.obj
 0001:00008c14       ?Open@CRegKey@ATL@@QEAAJPEAUHKEY__@@PEB_WK@Z 0000000180009c14 f i Keylock.obj
 0001:00008ca0       ?PreProcessBuffer@CRegParser@ATL@@QEAAJPEA_WPEAPEA_W@Z 0000000180009ca0 f i Keylock.obj
 0001:00009024       ?ProcessWindowMessage@?$CComControl@VCOPOSKeylock@@V?$CWindowImpl@VCOPOSKeylock@@VCWindow@ATL@@V?$CWinTraits@$0FGAAAAAA@$0A@@3@@ATL@@@ATL@@UEAAHPEAUHWND__@@I_K_JAEA_JK@Z 000000018000a024 f i Keylock.obj
 0001:00009108       ?PutProperty@?$CComPtr@UIDispatch@@@ATL@@SAJPEAUIDispatch@@JPEAUtagVARIANT@@@Z 000000018000a108 f i Keylock.obj
 0001:0000920c       ?ReadFromStream@CComBSTR@ATL@@QEAAJPEAUIStream@@@Z 000000018000a20c f i Keylock.obj
 0001:00009368       ?ReadFromStream@CComVariant@ATL@@QEAAJPEAUIStream@@GTClassesAllowedInStream@2@K@Z 000000018000a368 f i Keylock.obj
 0001:00009578       ?RecurseDeleteKey@CRegKey@ATL@@QEAAJPEB_W@Z 000000018000a578 f i Keylock.obj
 0001:00009684       ?RegCreateKeyExW@CAtlTransactionManager@ATL@@QEAAJPEAUHKEY__@@PEB_WKPEA_WKKQEAU_SECURITY_ATTRIBUTES@@PEAPEAU3@PEAK@Z 000000018000a684 f i Keylock.obj
 0001:000097b8       ?RegDeleteKeyW@CAtlTransactionManager@ATL@@QEAAJPEAUHKEY__@@PEB_W@Z 000000018000a7b8 f i Keylock.obj
 0001:00009844       ?RegOpenKeyExW@CAtlTransactionManager@ATL@@QEAAJPEAUHKEY__@@PEB_WKKPEAPEAU3@@Z 000000018000a844 f i Keylock.obj
 0001:000098fc       ?RegisterBuffer@CRegParser@ATL@@QEAAJPEA_WH@Z 000000018000a8fc f i Keylock.obj
 0001:00009a64       ?RegisterFromResource@CRegObject@ATL@@IEAAJPEB_W00H@Z 000000018000aa64 f i Keylock.obj
 0001:00009c20       ?RegisterServer@CComModule@ATL@@QEAAJHPEBU_GUID@@@Z 000000018000ac20 f i Keylock.obj
 0001:00009ce0       ?RegisterSubkeys@CRegParser@ATL@@IEAAJPEA_WPEAUHKEY__@@HH@Z 000000018000ace0 f i Keylock.obj
 0001:0000a3dc       ?SendOnDataChange@CComControlBase@ATL@@QEAAJK@Z 000000018000b3dc f i Keylock.obj
 0001:0000a44c       ?SetControlFocus@CComControlBase@ATL@@QEAAHH@Z 000000018000b44c f i Keylock.obj
 0001:0000a528       ?SkipAssignment@CRegParser@ATL@@IEAAJPEA_W@Z 000000018000b528 f i Keylock.obj
 0001:0000a5cc       ?Term@CComModule@ATL@@QEAAXXZ 000000018000b5cc f i Keylock.obj
 0001:0000a678       ?UnregisterServer@CComModule@ATL@@QEAAJHPEBU_GUID@@@Z 000000018000b678 f i Keylock.obj
 0001:0000a728       ?UpdateRegistryFromResource@CAtlModule@ATL@@QEAAJIHPEAU_ATL_REGMAP_ENTRY@2@@Z 000000018000b728 f i Keylock.obj
 0001:0000aa60       ?UpdateRegistryFromResource@CAtlModule@ATL@@QEAAJPEB_WHPEAU_ATL_REGMAP_ENTRY@2@@Z 000000018000ba60 f i Keylock.obj
 0001:0000adb8       ?VTFromRegType@CRegParser@ATL@@KAHPEB_WAEAG@Z 000000018000bdb8 f i Keylock.obj
 0001:0000ae54       ?WindowProc@?$CWindowImplBaseT@VCWindow@ATL@@V?$CWinTraits@$0FGAAAAAA@$0A@@2@@ATL@@SA_JPEAUHWND__@@I_K_J@Z 000000018000be54 f i Keylock.obj
 0001:0000afc0       ?WriteToStream@CComBSTR@ATL@@QEAAJPEAUIStream@@@Z 000000018000bfc0 f i Keylock.obj
 0001:0000b040       ?WriteToStream@CComVariant@ATL@@QEAAJPEAUIStream@@@Z 000000018000c040 f i Keylock.obj
 0001:0000b254       ?WriteToStream@CComVariant@ATL@@QEAAJPEAUIStream@@G@Z 000000018000c254 f i Keylock.obj
 0001:0000b2ec       ?_AtlVerifyStackAvailable@_ATL_SAFE_ALLOCA_IMPL@ATL@@YA_N_K@Z 000000018000c2ec f i Keylock.obj
 0001:0000b370       ?atlCreate@?$CWindowImpl@VCOPOSKeylock@@VCWindow@ATL@@V?$CWinTraits@$0FGAAAAAA@$0A@@3@@ATL@@QEAAPEAUHWND__@@PEAU3@V_U_RECT@2@PEB_WKKV_U_MENUorID@2@PEAX@Z 000000018000c370 f i Keylock.obj
 0001:0000b420       ?atlCreate@?$CWindowImplBaseT@VCWindow@ATL@@V?$CWinTraits@$0FGAAAAAA@$0A@@2@@ATL@@QEAAPEAUHWND__@@PEAU3@V_U_RECT@2@PEB_WKKV_U_MENUorID@2@GPEAX@Z 000000018000c420 f i Keylock.obj
 0001:0000b590       ?atlCreate@CRegKey@ATL@@QEAAJPEAUHKEY__@@PEB_WPEA_WKKPEAU_SECURITY_ATTRIBUTES@@PEAK@Z 000000018000c590 f i Keylock.obj
 0001:0000b67c       DllCanUnloadNow            000000018000c67c f   Keylock.obj
 0001:0000b688       DllGetClassObject          000000018000c688 f   Keylock.obj
 0001:0000b6a0       DllMain                    000000018000c6a0 f   Keylock.obj
 0001:0000b748       DllRegisterServer          000000018000c748 f   Keylock.obj
 0001:0000b75c       DllUnregisterServer        000000018000c75c f   Keylock.obj
 0001:0000b770       __local_stdio_printf_options 000000018000c770 f i Keylock.obj
 0001:0000b800       swprintf_s                 000000018000c800 f i Keylock.obj
 0001:0000b854       ??0COPOSKeylock@@QEAA@XZ   000000018000c854 f   KeylockImpl.obj
 0001:0000b910       ??1?$IConnectionPointImpl@VCOPOSKeylock@@$1?IID_IPropertyNotifySink@@3U_GUID@@BVCComDynamicUnkArray@ATL@@@ATL@@QEAA@XZ 000000018000c910 f i KeylockImpl.obj
 0001:0000b910       ??1?$IConnectionPointImpl@VCOPOSKeylock@@$1?DIID__IOPOSKeylockEvents@@3U_GUID@@BVCComDynamicUnkArray@ATL@@@ATL@@QEAA@XZ 000000018000c910 f i KeylockImpl.obj
 0001:0000b96c       ??1CComControlBase@ATL@@UEAA@XZ 000000018000c96c f i KeylockImpl.obj
 0001:0000b9e8       ??1COPOSKeylock@@UEAA@XZ   000000018000c9e8 f   KeylockImpl.obj
 0001:0000ba4c       ?CheckHealth@COPOSKeylock@@UEAAJJPEAJ@Z 000000018000ca4c f   KeylockImpl.obj
 0001:0000bac8       ?ClaimDevice@COPOSKeylock@@UEAAJJPEAJ@Z 000000018000cac8 f   KeylockImpl.obj
 0001:0000bb60       ?Close@COPOSKeylock@@UEAAJPEAJ@Z 000000018000cb60 f   KeylockImpl.obj
 0001:0000bc18       ?CompareFirmwareVersion@COPOSKeylock@@UEAAJPEA_WPEAJ1@Z 000000018000cc18 f   KeylockImpl.obj
 0001:0000bcf4       ?DirectIO@COPOSKeylock@@UEAAJJPEAJPEAPEA_W0@Z 000000018000ccf4 f   KeylockImpl.obj
 0001:0000bdf0       ?DoInvoke@COPOSKeylock@@IEAAJJPEAVOposVariant@@IHPEAJ_N@Z 000000018000cdf0 f   KeylockImpl.obj
 0001:0000bf24       ?EventInit@COPOSKeylock@@IEAAJXZ 000000018000cf24 f i KeylockImpl.obj
 0001:0000c06c       ?EventUninit@COPOSKeylock@@IEAAXXZ 000000018000d06c f i KeylockImpl.obj
 0001:0000c0d0       ?EventWindowProc@COPOSKeylock@@IEAA_JI_K_J@Z 000000018000d0d0 f i KeylockImpl.obj
 0001:0000c1c8       ?FinalConstruct@COPOSKeylock@@QEAAJXZ 000000018000d1c8 f   KeylockImpl.obj
 0001:0000c204       ?FreezeEvents@COPOSKeylock@@MEAAJH@Z 000000018000d204 f   KeylockImpl.obj
 0001:0000c278       ?GetOposProp@COPOSKeylock@@IEAAJJPEAJJ@Z 000000018000d278 f   KeylockImpl.obj
 0001:0000c394       ?GetOposProp@COPOSKeylock@@IEAAJJPEAPEA_WJ@Z 000000018000d394 f   KeylockImpl.obj
 0001:0000c4c0       ?OnDraw@COPOSKeylock@@MEAAJAEAUATL_DRAWINFO@@@Z 000000018000d4c0 f   KeylockImpl.obj
 0001:0000c5ac       ?Open@COPOSKeylock@@UEAAJPEA_WPEAJ@Z 000000018000d5ac f   KeylockImpl.obj
 0001:0000ce34       ?ReleaseDevice@COPOSKeylock@@UEAAJPEAJ@Z 000000018000de34 f   KeylockImpl.obj
 0001:0000ce78       ?ResetStatistics@COPOSKeylock@@UEAAJPEA_WPEAJ@Z 000000018000de78 f   KeylockImpl.obj
 0001:0000cf00       ?RetrieveStatistics@COPOSKeylock@@UEAAJPEAPEA_WPEAJ@Z 000000018000df00 f   KeylockImpl.obj
 0001:0000cf88       ?SOProcessID@COPOSKeylock@@UEAAJPEAJ@Z 000000018000df88 f   KeylockImpl.obj
 0001:0000cfa4       ?SetCOFreezeEvents@COPOSKeylock@@IEAAXF@Z 000000018000dfa4 f   KeylockImpl.obj
 0001:0000d088       ?SetOposProp@COPOSKeylock@@IEAAJJJJ@Z 000000018000e088 f   KeylockImpl.obj
 0001:0000d1e8       ?UpdateFirmware@COPOSKeylock@@UEAAJPEA_WPEAJ@Z 000000018000e1e8 f   KeylockImpl.obj
 0001:0000d270       ?UpdateStatistics@COPOSKeylock@@UEAAJPEA_WPEAJ@Z 000000018000e270 f   KeylockImpl.obj
 0001:0000d2f8       ?WaitForKeylockChange@COPOSKeylock@@UEAAJJJPEAJ@Z 000000018000e2f8 f   KeylockImpl.obj
 0001:0000d3c4       ?get_BinaryConversion@COPOSKeylock@@UEAAJPEAJ@Z 000000018000e3c4 f   KeylockImpl.obj
 0001:0000d3d8       ?get_CapCompareFirmwareVersion@COPOSKeylock@@UEAAJPEAF@Z 000000018000e3d8 f   KeylockImpl.obj
 0001:0000d40c       ?get_CapKeylockType@COPOSKeylock@@UEAAJPEAJ@Z 000000018000e40c f   KeylockImpl.obj
 0001:0000d420       ?get_CapPowerReporting@COPOSKeylock@@UEAAJPEAJ@Z 000000018000e420 f   KeylockImpl.obj
 0001:0000d434       ?get_CapStatisticsReporting@COPOSKeylock@@UEAAJPEAF@Z 000000018000e434 f   KeylockImpl.obj
 0001:0000d468       ?get_CapUpdateFirmware@COPOSKeylock@@UEAAJPEAF@Z 000000018000e468 f   KeylockImpl.obj
 0001:0000d49c       ?get_CapUpdateStatistics@COPOSKeylock@@UEAAJPEAF@Z 000000018000e49c f   KeylockImpl.obj
 0001:0000d4d0       ?get_CheckHealthText@COPOSKeylock@@UEAAJPEAPEA_W@Z 000000018000e4d0 f   KeylockImpl.obj
 0001:0000d4e0       ?get_Claimed@COPOSKeylock@@UEAAJPEAF@Z 000000018000e4e0 f   KeylockImpl.obj
 0001:0000d510       ?get_ControlObjectDescription@COPOSKeylock@@UEAAJPEAPEA_W@Z 000000018000e510 f   KeylockImpl.obj
 0001:0000d574       ?get_ControlObjectVersion@COPOSKeylock@@UEAAJPEAJ@Z 000000018000e574 f   KeylockImpl.obj
 0001:0000d580       ?get_DeviceDescription@COPOSKeylock@@UEAAJPEAPEA_W@Z 000000018000e580 f   KeylockImpl.obj
 0001:0000d590       ?get_DeviceEnabled@COPOSKeylock@@UEAAJPEAF@Z 000000018000e590 f   KeylockImpl.obj
 0001:0000d5c0       ?get_DeviceName@COPOSKeylock@@UEAAJPEAPEA_W@Z 000000018000e5c0 f   KeylockImpl.obj
 0001:0000d5d0       ?get_ElectronicKeyValue@COPOSKeylock@@UEAAJPEAPEA_W@Z 000000018000e5d0 f   KeylockImpl.obj
 0001:0000d5e4       ?get_FreezeEvents@COPOSKeylock@@UEAAJPEAF@Z 000000018000e5e4 f   KeylockImpl.obj
 0001:0000d614       ?get_KeyPosition@COPOSKeylock@@UEAAJPEAJ@Z 000000018000e614 f   KeylockImpl.obj
 0001:0000d624       ?get_OpenResult@COPOSKeylock@@UEAAJPEAJ@Z 000000018000e624 f   KeylockImpl.obj
 0001:0000d630       ?get_PositionCount@COPOSKeylock@@UEAAJPEAJ@Z 000000018000e630 f   KeylockImpl.obj
 0001:0000d640       ?get_PowerNotify@COPOSKeylock@@UEAAJPEAJ@Z 000000018000e640 f   KeylockImpl.obj
 0001:0000d654       ?get_PowerState@COPOSKeylock@@UEAAJPEAJ@Z 000000018000e654 f   KeylockImpl.obj
 0001:0000d668       ?get_ResultCode@COPOSKeylock@@UEAAJPEAJ@Z 000000018000e668 f   KeylockImpl.obj
 0001:0000d6a4       ?get_ResultCodeExtended@COPOSKeylock@@UEAAJPEAJ@Z 000000018000e6a4 f   KeylockImpl.obj
 0001:0000d6b4       ?get_ServiceObjectDescription@COPOSKeylock@@UEAAJPEAPEA_W@Z 000000018000e6b4 f   KeylockImpl.obj
 0001:0000d6c4       ?get_ServiceObjectVersion@COPOSKeylock@@UEAAJPEAJ@Z 000000018000e6c4 f   KeylockImpl.obj
 0001:0000d6d4       ?get_State@COPOSKeylock@@UEAAJPEAJ@Z 000000018000e6d4 f   KeylockImpl.obj
 0001:0000d700       ?put_BinaryConversion@COPOSKeylock@@UEAAJJ@Z 000000018000e700 f   KeylockImpl.obj
 0001:0000d714       ?put_DeviceEnabled@COPOSKeylock@@UEAAJF@Z 000000018000e714 f   KeylockImpl.obj
 0001:0000d72c       ?put_FreezeEvents@COPOSKeylock@@UEAAJF@Z 000000018000e72c f   KeylockImpl.obj
 0001:0000d77c       ?put_PowerNotify@COPOSKeylock@@UEAAJJ@Z 000000018000e77c f   KeylockImpl.obj
 0001:0000d790       ?s_EventWindowProc@COPOSKeylock@@KA_JPEAUHWND__@@I_K_J@Z 000000018000e790 f i KeylockImpl.obj
 0001:0000d80c       ??_U@YAPEAX_K@Z            000000018000e80c f   LIBCMT:new_array.obj
 0001:0000d814       ??3@YAXPEAX_K@Z            000000018000e814 f   LIBCMT:delete_scalar_size.obj
 0001:0000d814       ??_V@YAXPEAX@Z             000000018000e814 f   LIBCMT:delete_array.obj
 0001:0000d81c       ??_V@YAXPEAX_K@Z           000000018000e81c f   LIBCMT:delete_array_size.obj
 0001:0000d824       __scrt_acquire_startup_lock 000000018000e824 f   LIBCMT:utility.obj
 0001:0000d860       __scrt_dllmain_after_initialize_c 000000018000e860 f   LIBCMT:utility.obj
 0001:0000d894       __scrt_dllmain_before_initialize_c 000000018000e894 f   LIBCMT:utility.obj
 0001:0000d8ac       __scrt_dllmain_crt_thread_attach 000000018000e8ac f   LIBCMT:utility.obj
 0001:0000d8d4       __scrt_dllmain_crt_thread_detach 000000018000e8d4 f   LIBCMT:utility.obj
 0001:0000d8ec       __scrt_dllmain_exception_filter 000000018000e8ec f   LIBCMT:utility.obj
 0001:0000d94c       __scrt_dllmain_uninitialize_c 000000018000e94c f   LIBCMT:utility.obj
 0001:0000d97c       __scrt_dllmain_uninitialize_critical 000000018000e97c f   LIBCMT:utility.obj
 0001:0000d990       __scrt_initialize_crt      000000018000e990 f   LIBCMT:utility.obj
 0001:0000d9dc       __scrt_initialize_onexit_tables 000000018000e9dc f   LIBCMT:utility.obj
 0001:0000dab4       __scrt_is_nonwritable_in_current_image 000000018000eab4 f   LIBCMT:utility.obj
 0001:0000db50       __scrt_release_startup_lock 000000018000eb50 f   LIBCMT:utility.obj
 0001:0000db74       __scrt_uninitialize_crt    000000018000eb74 f   LIBCMT:utility.obj
 0001:0000dba0       _onexit                    000000018000eba0 f   LIBCMT:utility.obj
 0001:0000dbf0       atexit                     000000018000ebf0 f   LIBCMT:utility.obj
 0001:0000dc08       ??3@YAXPEAX@Z              000000018000ec08 f   LIBCMT:delete_scalar.obj
 0001:0000dd98       _Init_thread_footer        000000018000ed98 f   LIBCMT:thread_safe_statics.obj
 0001:0000ddf8       _Init_thread_header        000000018000edf8 f   LIBCMT:thread_safe_statics.obj
 0001:0000de60       _Init_thread_notify        000000018000ee60 f   LIBCMT:thread_safe_statics.obj
 0001:0000deb0       _Init_thread_wait          000000018000eeb0 f   LIBCMT:thread_safe_statics.obj
 0001:0000df28       __raise_securityfailure    000000018000ef28 f   LIBCMT:gs_report.obj
 0001:0000df5c       __report_gsfailure         000000018000ef5c f   LIBCMT:gs_report.obj
 0001:0000e030       __report_rangecheckfailure 000000018000f030 f   LIBCMT:gs_report.obj
 0001:0000e044       __report_securityfailure   000000018000f044 f   LIBCMT:gs_report.obj
 0001:0000e1c4       ??2@YAPEAX_KAEBUnothrow_t@std@@@Z 000000018000f1c4 f   LIBCMT:new_scalar_nothrow.obj
 0001:0000e1e4       ??_U@YAPEAX_KAEBUnothrow_t@std@@@Z 000000018000f1e4 f   LIBCMT:new_array_nothrow.obj
 0001:0000e1ec       __GSHandlerCheck           000000018000f1ec f   LIBCMT:gshandler.obj
 0001:0000e20c       __GSHandlerCheckCommon     000000018000f20c f   LIBCMT:gshandler.obj
 0001:0000e268       __GSHandlerCheck_SEH       000000018000f268 f   LIBCMT:gshandlerseh.obj
 0001:0000e300       __chkstk                   000000018000f300 f   LIBCMT:chkstk.obj
 0001:0000e300       _alloca_probe              000000018000f300 f   LIBCMT:chkstk.obj
 0001:0000e370       __security_check_cookie    000000018000f370 f   LIBCMT:amdsecgs.obj
 0001:0000e6c4       _DllMainCRTStartup         000000018000f6c4 f   LIBCMT:dll_dllmain.obj
 0001:0000e704       ??2@YAPEAX_K@Z             000000018000f704 f   LIBCMT:new_scalar.obj
 0001:0000e740       __isa_available_init       000000018000f740 f   LIBCMT:cpu_disp.obj
 0001:0000e8fc       __scrt_is_ucrt_dll_in_use  000000018000f8fc f   LIBCMT:ucrt_detection.obj
 0001:0000e908       __crt_debugger_hook        000000018000f908 f   LIBCMT:utility_desktop.obj
 0001:0000e910       __scrt_fastfail            000000018000f910 f   LIBCMT:utility_desktop.obj
 0001:0000ea5c       __security_init_cookie     000000018000fa5c f   LIBCMT:gs_support.obj
 0001:0000eb08       ?__scrt_initialize_type_info@@YAXXZ 000000018000fb08 f   LIBCMT:tncleanup.obj
 0001:0000eb18       ?__scrt_uninitialize_type_info@@YAXXZ 000000018000fb18 f   LIBCMT:tncleanup.obj
 0001:0000eb24       __local_stdio_scanf_options 000000018000fb24 f i LIBCMT:default_local_stdio_options.obj
 0001:0000eb2c       __scrt_initialize_default_local_stdio_options 000000018000fb2c f   LIBCMT:default_local_stdio_options.obj
 0001:0000eb48       __scrt_get_dyn_tls_init_callback 000000018000fb48 f   LIBCMT:dyn_tls_init.obj
 0001:0000eb50       _RTC_Initialize            000000018000fb50 f   LIBCMT:initsect.obj
 0001:0000eb8c       _RTC_Terminate             000000018000fb8c f   LIBCMT:initsect.obj
 0001:0000ebc8       ??0bad_alloc@std@@QEAA@AEBV01@@Z 000000018000fbc8 f i LIBCMT:throw_bad_alloc.obj
 0001:0000ec08       ??0bad_alloc@std@@QEAA@XZ  000000018000fc08 f i LIBCMT:throw_bad_alloc.obj
 0001:0000ec28       ??0bad_array_new_length@std@@QEAA@AEBV01@@Z 000000018000fc28 f i LIBCMT:throw_bad_alloc.obj
 0001:0000ec68       ??0bad_array_new_length@std@@QEAA@XZ 000000018000fc68 f i LIBCMT:throw_bad_alloc.obj
 0001:0000ec88       ??0exception@std@@QEAA@AEBV01@@Z 000000018000fc88 f i LIBCMT:throw_bad_alloc.obj
 0001:0000ecc0       ??1bad_array_new_length@std@@UEAA@XZ 000000018000fcc0 f i LIBCMT:throw_bad_alloc.obj
 0001:0000ecc0       ??1bad_exception@std@@UEAA@XZ 000000018000fcc0 f i libvcruntime:frame.obj
 0001:0000ecc0       ??1bad_alloc@std@@UEAA@XZ  000000018000fcc0 f i LIBCMT:throw_bad_alloc.obj
 0001:0000ecd4       ??_Gbad_exception@std@@UEAAPEAXI@Z 000000018000fcd4 f i libvcruntime:frame.obj
 0001:0000ecd4       ??_Eexception@std@@UEAAPEAXI@Z 000000018000fcd4 f i LIBCMT:throw_bad_alloc.obj
 0001:0000ecd4       ??_Gbad_array_new_length@std@@UEAAPEAXI@Z 000000018000fcd4 f i LIBCMT:throw_bad_alloc.obj
 0001:0000ecd4       ??_Gexception@std@@UEAAPEAXI@Z 000000018000fcd4 f i LIBCMT:throw_bad_alloc.obj
 0001:0000ecd4       ??_Ebad_alloc@std@@UEAAPEAXI@Z 000000018000fcd4 f i LIBCMT:throw_bad_alloc.obj
 0001:0000ecd4       ??_Ebad_array_new_length@std@@UEAAPEAXI@Z 000000018000fcd4 f i LIBCMT:throw_bad_alloc.obj
 0001:0000ecd4       ??_Gbad_alloc@std@@UEAAPEAXI@Z 000000018000fcd4 f i LIBCMT:throw_bad_alloc.obj
 0001:0000ecd4       ??_Ebad_exception@std@@UEAAPEAXI@Z 000000018000fcd4 f i libvcruntime:frame.obj
 0001:0000ed18       ?__scrt_throw_std_bad_alloc@@YAXXZ 000000018000fd18 f   LIBCMT:throw_bad_alloc.obj
 0001:0000ed38       ?__scrt_throw_std_bad_array_new_length@@YAXXZ 000000018000fd38 f   LIBCMT:throw_bad_alloc.obj
 0001:0000ed58       ?what@exception@std@@UEBAPEBDXZ 000000018000fd58 f i LIBCMT:throw_bad_alloc.obj
 0001:0000ed70       ??_Etype_info@@UEAAPEAXI@Z 000000018000fd70 f i LIBCMT:std_type_info_static.obj
 0001:0000ed70       ??_Gtype_info@@UEAAPEAXI@Z 000000018000fd70 f i LIBCMT:std_type_info_static.obj
 0001:0000ed9c       ??0CAtlBaseModule@ATL@@QEAA@XZ 000000018000fd9c f   atls:atlbase.obj
 0001:0000ee44       ??1CAtlBaseModule@ATL@@QEAA@XZ 000000018000fe44 f   atls:atlbase.obj
 0001:0000ef78       ?__AllocStdCallThunk_cmn@@YAPEAXXZ 000000018000ff78 f   atls:atlthunk.obj
 0001:0000f0d0       AtlThunk_AllocateData      00000001800100d0 f   atls:atlthunk.obj
 0001:0000f14c       AtlThunk_DataToCode        000000018001014c f   atls:atlthunk.obj
 0001:0000f1a0       AtlThunk_FreeData          00000001800101a0 f   atls:atlthunk.obj
 0001:0000f200       AtlThunk_InitData          0000000180010200 f   atls:atlthunk.obj
 0001:0000f2c0       memset_repmovs             00000001800102c0 f   libvcruntime:memset.obj
 0001:0000f2e0       memset                     00000001800102e0 f   libvcruntime:memset.obj
 0001:0000f470       _purecall                  0000000180010470 f   libvcruntime:purevirt.obj
 0001:0000f4a0       wcsstr                     00000001800104a0 f   libvcruntime:wcsstr.obj
 0001:0000f6d0       memcmp                     00000001800106d0 f   libvcruntime:memcmp.obj
 0001:0000f7b0       memcpy_repmovs             00000001800107b0 f   libvcruntime:memcpy.obj
 0001:0000f7d0       memmove                    00000001800107d0 f   libvcruntime:memcpy.obj
 0001:0000f7d0       memcpy                     00000001800107d0 f   libvcruntime:memcpy.obj
 0001:0000fc08       __vcrt_initialize          0000000180010c08 f   libvcruntime:initialization.obj
 0001:0000fc3c       __vcrt_thread_attach       0000000180010c3c f   libvcruntime:initialization.obj
 0001:0000fc50       __vcrt_thread_detach       0000000180010c50 f   libvcruntime:initialization.obj
 0001:0000fc64       __vcrt_uninitialize        0000000180010c64 f   libvcruntime:initialization.obj
 0001:0000fc84       __vcrt_uninitialize_critical 0000000180010c84 f   libvcruntime:initialization.obj
 0001:0000fc94       __C_specific_handler       0000000180010c94 f   libvcruntime:riscchandler.obj
 0001:0000fea0       __DestructExceptionObject  0000000180010ea0 f   libvcruntime:ehhelpers.obj
 0001:0000ff14       ?_CallMemberFunction0@@YAXQEAX0@Z 0000000180010f14 f i libvcruntime:ehhelpers.obj
 0001:0000ff18       _IsExceptionObjectToBeDestroyed 0000000180010f18 f   libvcruntime:ehhelpers.obj
 0001:0000ff48       __AdjustPointer            0000000180010f48 f   libvcruntime:ehhelpers.obj
 0001:0000ff6c       __FrameUnwindFilter        0000000180010f6c f   libvcruntime:ehhelpers.obj
 0001:0000ffb8       __std_terminate            0000000180010fb8 f   libvcruntime:ehhelpers.obj
 0001:0000ffc4       ??$_CallSETranslator@V__FrameHandler3@@@@YAHPEAUEHExceptionRecord@@PEA_KPEAU_CONTEXT@@PEAU_xDISPATCHER_CONTEXT@@PEBU_s_FuncInfo@@K1@Z 0000000180010fc4 f i libvcruntime:risctrnsctrl.obj
 0001:00010018       ?CatchTryBlock@__FrameHandler3@@SAPEBU_s_TryBlockMapEntry@@PEBU_s_FuncInfo@@H@Z 0000000180011018 f   libvcruntime:risctrnsctrl.obj
 0001:00010070       ?ExecutionInCatch@__FrameHandler3@@SA_NPEAU_xDISPATCHER_CONTEXT@@PEBU_s_FuncInfo@@@Z 0000000180011070 f   libvcruntime:risctrnsctrl.obj
 0001:0001009c       ?FrameUnwindToEmptyState@__FrameHandler3@@SAXPEA_KPEAU_xDISPATCHER_CONTEXT@@PEBU_s_FuncInfo@@@Z 000000018001109c f   libvcruntime:risctrnsctrl.obj
 0001:00010100       ?GetEstablisherFrame@__FrameHandler3@@SAPEA_KPEA_KPEAU_xDISPATCHER_CONTEXT@@PEBU_s_FuncInfo@@0@Z 0000000180011100 f   libvcruntime:risctrnsctrl.obj
 0001:000101cc       ?GetRangeOfTrysToCheck@__FrameHandler3@@SA?AU?$pair@Viterator@TryBlockMap@__FrameHandler3@@V123@@std@@AEAVTryBlockMap@1@HH@Z 00000001800111cc f   libvcruntime:risctrnsctrl.obj
 0001:00010328       ?UnwindNestedFrames@__FrameHandler3@@SAXPEA_KPEAUEHExceptionRecord@@PEAU_CONTEXT@@0PEAXPEBU_s_FuncInfo@@HHPEBU_s_HandlerType@@PEAU_xDISPATCHER_CONTEXT@@E@Z 0000000180011328 f   libvcruntime:risctrnsctrl.obj
 0001:0001044c       _CreateFrameInfo           000000018001144c f   libvcruntime:risctrnsctrl.obj
 0001:00010488       _FindAndUnlinkFrame        0000000180011488 f   libvcruntime:risctrnsctrl.obj
 0001:000104dc       _GetImageBase              00000001800114dc f   libvcruntime:risctrnsctrl.obj
 0001:000104f0       _GetThrowImageBase         00000001800114f0 f   libvcruntime:risctrnsctrl.obj
 0001:00010504       _SetImageBase              0000000180011504 f   libvcruntime:risctrnsctrl.obj
 0001:0001051c       _SetThrowImageBase         000000018001151c f   libvcruntime:risctrnsctrl.obj
 0001:00010534       __CxxFrameHandler3         0000000180011534 f   libvcruntime:risctrnsctrl.obj
 0001:000105b4       __std_type_info_compare    00000001800115b4 f   libvcruntime:std_type_info.obj
 0001:000105dc       __std_type_info_destroy_list 00000001800115dc f   libvcruntime:std_type_info.obj
 0001:00010608       __std_exception_copy       0000000180011608 f   libvcruntime:std_exception.obj
 0001:00010698       __std_exception_destroy    0000000180011698 f   libvcruntime:std_exception.obj
 0001:000106c0       _CxxThrowException         00000001800116c0 f   libvcruntime:throw.obj
 0001:00010780       __vcrt_initialize_pure_virtual_call_handler 0000000180011780 f   libvcruntime:purevirt_data.obj
 0001:00010790       __vcrt_freefls             0000000180011790 f   libvcruntime:per_thread_data.obj
 0001:000107b0       __vcrt_freeptd             00000001800117b0 f   libvcruntime:per_thread_data.obj
 0001:00010800       __vcrt_getptd              0000000180011800 f   libvcruntime:per_thread_data.obj
 0001:0001081c       __vcrt_getptd_noexit       000000018001181c f   libvcruntime:per_thread_data.obj
 0001:000108e8       __vcrt_initialize_ptd      00000001800118e8 f   libvcruntime:per_thread_data.obj
 0001:0001093c       __vcrt_uninitialize_ptd    000000018001193c f   libvcruntime:per_thread_data.obj
 0001:00010960       __vcrt_initialize_locks    0000000180011960 f   libvcruntime:locks.obj
 0001:000109a8       __vcrt_uninitialize_locks  00000001800119a8 f   libvcruntime:locks.obj
 0001:00010bb8       __vcrt_FlsAlloc            0000000180011bb8 f   libvcruntime:winapi_downlevel.obj
 0001:00010c00       __vcrt_FlsFree             0000000180011c00 f   libvcruntime:winapi_downlevel.obj
 0001:00010c48       __vcrt_FlsGetValue         0000000180011c48 f   libvcruntime:winapi_downlevel.obj
 0001:00010c90       __vcrt_FlsSetValue         0000000180011c90 f   libvcruntime:winapi_downlevel.obj
 0001:00010ce4       __vcrt_InitializeCriticalSectionEx 0000000180011ce4 f   libvcruntime:winapi_downlevel.obj
 0001:00010d48       __vcrt_initialize_winapi_thunks 0000000180011d48 f   libvcruntime:winapi_downlevel.obj
 0001:00010d78       __vcrt_uninitialize_winapi_thunks 0000000180011d78 f   libvcruntime:winapi_downlevel.obj
 0001:00010dd0       _NLG_Notify                0000000180011dd0 f   libvcruntime:notify.obj
[...]
 0004:0000162c       $pdata$??$?RV<lambda_46352004c1216016012b18bd6f87e700>@@AEAV<lambda_3bd07e1a1191394380780325891bf33f>@@V<lambda_334532d3f185bcaa59b5be82d7d22bff>@@@?$__crt_seh_guarded_call@X@@QEAAX$$QEAV<lambda_46352004c1216016012b18bd6f87e700>@@AEAV<lambda_3bd07e1a1191394380780325891bf33f>@@$$QEAV<lambda_334532d3f185bcaa59b5be82d7d22bff>@@@Z 000000018003362c     libucrt:per_thread_data.obj
 0004:00001638       $pdata$??$?RV<lambda_fb3a7dec4e47f37f22dae91bb15c9095>@@AEAV<lambda_698284760c8add0bfb0756c19673e34b>@@V<lambda_dfb8eca1e75fef3034a8fb18dd509707>@@@?$__crt_seh_guarded_call@X@@QEAAX$$QEAV<lambda_fb3a7dec4e47f37f22dae91bb15c9095>@@AEAV<lambda_698284760c8add0bfb0756c19673e34b>@@$$QEAV<lambda_dfb8eca1e75fef3034a8fb18dd509707>@@@Z 0000000180033638     libucrt:per_thread_data.obj
 0004:00001644       $pdata$_calloc_base        0000000180033644     libucrt:calloc_base.obj
 0004:00001650       $pdata$_malloc_base        0000000180033650     libucrt:malloc_base.obj
 0004:0000165c       $pdata$_msize              000000018003365c     libucrt:msize.obj
 0004:00001668       $pdata$_realloc_base       0000000180033668     libucrt:realloc_base.obj
 0004:00001674       $pdata$__acrt_FlsAlloc     0000000180033674     libucrt:winapi_thunks.obj
 0004:00001680       $pdata$__acrt_FlsFree      0000000180033680     libucrt:winapi_thunks.obj
 0004:0000168c       $pdata$__acrt_FlsGetValue  000000018003368c     libucrt:winapi_thunks.obj
 0004:00001698       $pdata$__acrt_FlsSetValue  0000000180033698     libucrt:winapi_thunks.obj
 0004:000016a4       $pdata$__acrt_initialize_winapi_thunks 00000001800336a4     libucrt:winapi_thunks.obj
 0004:000016b0       $pdata$__acrt_uninitialize_winapi_thunks 00000001800336b0     libucrt:winapi_thunks.obj
 0004:000016bc       $pdata$__acrt_InitializeCriticalSectionEx 00000001800336bc     libucrt:winapi_thunks.obj
 0004:000016c8       $pdata$__acrt_LCMapStringEx 00000001800336c8     libucrt:winapi_thunks.obj
 0004:000016d4       $pdata$__acrt_LocaleNameToLCID 00000001800336d4     libucrt:winapi_thunks.obj
 0004:000016e0       $pdata$__acrt_SetThreadStackGuarantee 00000001800336e0     libucrt:winapi_thunks.obj
 0004:000016ec       $pdata$__acrt_is_packaged_app 00000001800336ec     libucrt:winapi_thunks.obj
 0004:000016f8       $pdata$?try_get_function@@YAPEAXW4function_id@?A0x63058377@@QEBDQEBW4module_id@2@2@Z 00000001800336f8     libucrt:winapi_thunks.obj
 0004:00001704       $pdata$isdigit             0000000180033704     libucrt:_ctype.obj
 0004:00001710       $pdata$tolower             0000000180033710     libucrt:tolower_toupper.obj
 0004:0000171c       $pdata$_tolower_l          000000018003371c     libucrt:tolower_toupper.obj
 0004:00001728       $pdata$?internal_isupper_l@@YA_NHQEAU__crt_locale_pointers@@@Z 0000000180033728     libucrt:tolower_toupper.obj
 0004:00001734       $pdata$wcstol              0000000180033734     libucrt:strtox.obj
 0004:00001740       $pdata$_mbtowc_l           0000000180033740     libucrt:mbtowc.obj
 0004:0000174c       $pdata$wcsnlen             000000018003374c     libucrt:strnlen.obj
 0004:00001758       $pdata$__acrt_update_locale_info 0000000180033758     libucrt:locale_update.obj
 0004:00001764       $pdata$__acrt_update_multibyte_info 0000000180033764     libucrt:locale_update.obj
 0004:00001770       $pdata$__acrt_fp_format    0000000180033770     libucrt:cvt.obj
 0004:0000177c       $pdata$?fp_format_nan_or_infinity@@YAHW4__acrt_fp_class@@_NPEAD_K1@Z 000000018003377c     libucrt:cvt.obj
 0004:00001788       $pdata$?fp_format_e_internal@@YAHQEAD_KH_NIQEAU_strflt@@2QEAU__crt_locale_pointers@@@Z 0000000180033788     libucrt:cvt.obj
 0004:00001794       $pdata$?fp_format_e@@YAHQEBNQEAD_K12H_NIQEAU__crt_locale_pointers@@@Z 0000000180033794     libucrt:cvt.obj
 0004:000017a0       $pdata$?fp_format_a@@YAHQEBNPEAD_KQEAD2H_NIQEAU__crt_locale_pointers@@@Z 00000001800337a0     libucrt:cvt.obj
 0004:000017ac       $pdata$?fp_format_f_internal@@YAHQEAD_KHQEAU_strflt@@_NQEAU__crt_locale_pointers@@@Z 00000001800337ac     libucrt:cvt.obj
 0004:000017b8       $pdata$?fp_format_g@@YAHQEBNQEAD_K12H_NIQEAU__crt_locale_pointers@@@Z 00000001800337b8     libucrt:cvt.obj
 0004:000017c4       $pdata$_fileno             00000001800337c4     libucrt:fileno.obj
 0004:000017d0       $pdata$__acrt_initialize_stdio 00000001800337d0     libucrt:_file.obj
 0004:000017dc       $pdata$__acrt_uninitialize_stdio 00000001800337dc     libucrt:_file.obj
 0004:000017e8       $pdata$__acrt_uninitialize_locale 00000001800337e8     libucrt:wsetlocale.obj
 0004:000017f4       $pdata$__acrt_uninitialize_locale$fin$0 00000001800337f4     libucrt:wsetlocale.obj
 0004:000017f4       $pdata$__acrt_update_thread_locale_data$fin$0 00000001800337f4     libucrt:locale_refcounting.obj
 0004:00001800       $pdata$__acrt_initialize_lowio 0000000180033800     libucrt:ioinit.obj
 0004:0000180c       $pdata$__acrt_lowio_ensure_fh_exists$fin$0 000000018003380c     libucrt:osfinfo.obj
 0004:0000180c       $pdata$__acrt_initialize_lowio$fin$0 000000018003380c     libucrt:ioinit.obj
 0004:00001818       $pdata$__acrt_uninitialize_lowio 0000000180033818     libucrt:ioinit.obj
 0004:00001824       $pdata$?initialize_inherited_file_handles_nolock@@YAXXZ 0000000180033824     libucrt:ioinit.obj
 0004:00001830       $pdata$?initialize_stdio_handles_nolock@@YAXXZ 0000000180033830     libucrt:ioinit.obj
 0004:0000183c       $pdata$__acrt_initialize_locks 000000018003383c     libucrt:locks.obj
 0004:00001848       $pdata$__acrt_uninitialize_locks 0000000180033848     libucrt:locks.obj
 0004:00001854       $pdata$??$common_expand_argv_wildcards@D@@YAHQEAPEADQEAPEAPEAD@Z 0000000180033854     libucrt:argv_wildcards.obj
 0004:00001860       $pdata$?expand_if_necessary@?$argument_list@D@?A0xca0879c4@@AEAAHXZ 0000000180033860     libucrt:argv_wildcards.obj
 0004:0000186c       $pdata$??$copy_and_add_argument_to_buffer@D@@YAHQEBD0_KAEAV?$argument_list@D@?A0xca0879c4@@@Z 000000018003386c     libucrt:argv_wildcards.obj
 0004:00001878       $pdata$??$expand_argument_wildcards@D@@YAHQEAD0AEAV?$argument_list@D@?A0xca0879c4@@@Z 0000000180033878     libucrt:argv_wildcards.obj
 0004:00001884       $pdata$__acrt_update_thread_multibyte_data 0000000180033884     libucrt:mbctype.obj
 0004:00001890       $pdata$__acrt_update_thread_multibyte_data$fin$0 0000000180033890     libucrt:mbctype.obj
 0004:0000189c       $pdata$__acrt_initialize_multibyte 000000018003389c     libucrt:mbctype.obj
 0004:000018a8       $pdata$_setmbcp_nolock     00000001800338a8     libucrt:mbctype.obj
 0004:000018b4       $pdata$?getSystemCP@@YAHH@Z 00000001800338b4     libucrt:mbctype.obj
 0004:000018c0       $pdata$?setSBCS@@YAXPEAU__crt_multibyte_data@@@Z 00000001800338c0     libucrt:mbctype.obj
 0004:000018cc       $pdata$?setSBUpLow@@YAXPEAU__crt_multibyte_data@@@Z 00000001800338cc     libucrt:mbctype.obj
 0004:000018d8       $pdata$?setmbcp_internal@@YAHH_N@Z 00000001800338d8     libucrt:mbctype.obj
 0004:000018e4       $pdata$??R<lambda_ad1ced32f4ac17aa236e5ef05d6b3b7c>@@QEBAXXZ 00000001800338e4     libucrt:mbctype.obj
 0004:000018f0       $pdata$??$?RV<lambda_99476a1ad63dd22509b5d3e65b0ffc95>@@AEAV<lambda_ad1ced32f4ac17aa236e5ef05d6b3b7c>@@V<lambda_f7424dd8d45958661754dc4f2697e9c3>@@@?$__crt_seh_guarded_call@X@@QEAAX$$QEAV<lambda_99476a1ad63dd22509b5d3e65b0ffc95>@@AEAV<lambda_ad1ced32f4ac17aa236e5ef05d6b3b7c>@@$$QEAV<lambda_f7424dd8d45958661754dc4f2697e9c3>@@@Z 00000001800338f0     libucrt:mbctype.obj
 0004:000018fc       $pdata$?x_ismbbtype_l@@YAHPEAU__crt_locale_pointers@@IHH@Z 00000001800338fc     libucrt:ismbbyte.obj
 0004:00001908       $pdata$__acrt_initialize_command_line 0000000180033908     libucrt:argv_data.obj
 0004:00001914       $pdata$__dcrt_get_narrow_environment_from_os 0000000180033914     libucrt:get_environment_from_os.obj
 0004:00001920       $pdata$__acrt_initialize_heap 0000000180033920     libucrt:heap_handle.obj
 0004:0000192c       $pdata$__acrt_execute_initializers 000000018003392c     libucrt:shared_initialization.obj
 0004:00001938       $pdata$__acrt_execute_uninitializers 0000000180033938     libucrt:shared_initialization.obj
 0004:00001944       $pdata$__acrt_get_sigabrt_handler 0000000180033944     libucrt:signal.obj
 0004:00001950       $pdata$raise               0000000180033950     libucrt:signal.obj
 0004:0000195c       $pdata$raise$fin$0         000000018003395c     libucrt:signal.obj
 0004:00001968       $pdata$??$?RV<lambda_c36588078e9f5dfd39652860aa6b3aaf>@@AEAV<lambda_ec61778202f4f5fc7e7711acc23c3bca>@@V<lambda_dc9d2797ccde5d239b4a0efae8ebd7db>@@@?$__crt_seh_guarded_call@P6AXH@Z@@QEAAP6AXH@Z$$QEAV<lambda_c36588078e9f5dfd39652860aa6b3aaf>@@AEAV<lambda_ec61778202f4f5fc7e7711acc23c3bca>@@$$QEAV<lambda_dc9d2797ccde5d239b4a0efae8ebd7db>@@@Z 0000000180033968     libucrt:signal.obj
 0004:00001974       $pdata$__acrt_invoke_user_matherr 0000000180033974     libucrt:matherr.obj
 0004:00001980       $pdata$__pctype_func       0000000180033980     libucrt:ctype.obj
 0004:0000198c       $pdata$iswctype            000000018003398c     libucrt:iswctype.obj
 0004:00001998       $pdata$_isctype_l          0000000180033998     libucrt:isctype.obj
 0004:000019a4       $pdata$__acrt_release_locale_ref 00000001800339a4     libucrt:locale_refcounting.obj
 0004:000019b0       $pdata$__acrt_free_locale  00000001800339b0     libucrt:locale_refcounting.obj
 0004:000019bc       $pdata$__acrt_locale_free_lc_time_if_unreferenced 00000001800339bc     libucrt:locale_refcounting.obj
 0004:000019c8       $pdata$__acrt_update_thread_locale_data 00000001800339c8     libucrt:locale_refcounting.obj
 0004:000019d4       $pdata$_updatetlocinfoEx_nolock 00000001800339d4     libucrt:locale_refcounting.obj
 0004:000019e0       $pdata$__acrt_DownlevelLocaleNameToLCID 00000001800339e0     libucrt:lcidtoname_downlevel.obj
 0004:000019ec       $pdata$?GetTableIndexFromLocaleName@@YAHPEB_W@Z 00000001800339ec     libucrt:lcidtoname_downlevel.obj
 0004:000019f8       $pdata$_isleadbyte_l       00000001800339f8     libucrt:_wctype.obj
 0004:00001a04       $pdata$__acrt_LCMapStringA 0000000180033a04     libucrt:lcmapstringa.obj
 0004:00001a10       $pdata$?__acrt_LCMapStringA_stat@@YAHPEAU__crt_locale_pointers@@PEB_WKPEBDHPEADHHH@Z 0000000180033a10     libucrt:lcmapstringa.obj
 0004:00001a1c       $pdata$__acrt_fp_strflt_to_string 0000000180033a1c     libucrt:_fptostr.obj
 0004:00001a28       $pdata$memcpy_s            0000000180033a28     libucrt:cfout.obj
 0004:00001a34       $pdata$__acrt_fltout       0000000180033a34     libucrt:cfout.obj
 0004:00001a40       $pdata$?divide@__crt_strtox@@YA_KAEAUbig_integer@1@AEBU21@@Z 0000000180033a40     libucrt:cfout.obj
 0004:00001a4c       $pdata$5$?divide@__crt_strtox@@YA_KAEAUbig_integer@1@AEBU21@@Z 0000000180033a4c     libucrt:cfout.obj
 0004:00001a58       $pdata$6$?divide@__crt_strtox@@YA_KAEAUbig_integer@1@AEBU21@@Z 0000000180033a58     libucrt:cfout.obj
 0004:00001a64       $pdata$_fcloseall          0000000180033a64     libucrt:closeall.obj
 0004:00001a70       $pdata$_fcloseall$fin$0    0000000180033a70     libucrt:closeall.obj
 0004:00001a7c       $pdata$_fflush_nolock      0000000180033a7c     libucrt:fflush.obj
 0004:00001a88       $pdata$__acrt_stdio_flush_nolock 0000000180033a88     libucrt:fflush.obj
 0004:00001a94       $pdata$common_flush_all    0000000180033a94     libucrt:fflush.obj
 0004:00001aa0       $pdata$common_flush_all$fin$0 0000000180033aa0     libucrt:fflush.obj
 0004:00001aac       $pdata$common_flush_all$fin$1 0000000180033aac     libucrt:fflush.obj
 0004:00001ab8       $pdata$__acrt_stdio_free_buffer_nolock 0000000180033ab8     libucrt:_freebuf.obj
 0004:00001ac4       $pdata$_isatty             0000000180033ac4     libucrt:isatty.obj
 0004:00001ad0       $pdata$__acrt_locale_free_monetary 0000000180033ad0     libucrt:initmon.obj
 0004:00001adc       $pdata$__acrt_locale_free_numeric 0000000180033adc     libucrt:initnum.obj
 0004:00001ae8       $pdata$__acrt_locale_free_time 0000000180033ae8     libucrt:inittime.obj
 0004:00001af4       $pdata$?free_crt_array_internal@@YAXQEAPEBX_K@Z 0000000180033af4     libucrt:inittime.obj
 0004:00001b00       $pdata$__acrt_GetStringTypeA 0000000180033b00     libucrt:getstringtypea.obj
 0004:00001b0c       $pdata$_get_osfhandle      0000000180033b0c     libucrt:osfinfo.obj
 0004:00001b18       $pdata$_free_osfhnd        0000000180033b18     libucrt:osfinfo.obj
 0004:00001b24       $pdata$__acrt_lowio_create_handle_array 0000000180033b24     libucrt:osfinfo.obj
 0004:00001b30       $pdata$__acrt_lowio_destroy_handle_array 0000000180033b30     libucrt:osfinfo.obj
 0004:00001b3c       $pdata$__acrt_lowio_ensure_fh_exists 0000000180033b3c     libucrt:osfinfo.obj
 0004:00001b48       $pdata$qsort               0000000180033b48     libucrt:qsort.obj
 0004:00001b54       $pdata$4$qsort             0000000180033b54     libucrt:qsort.obj
 0004:00001b60       $pdata$5$qsort             0000000180033b60     libucrt:qsort.obj
 0004:00001b6c       $pdata$?shortsort@@YAXPEAD0_KP6AHPEBX2@Z@Z 0000000180033b6c     libucrt:qsort.obj
 0004:00001b78       $pdata$2$?shortsort@@YAXPEAD0_KP6AHPEBX2@Z@Z 0000000180033b78     libucrt:qsort.obj
 0004:00001b84       $pdata$3$?shortsort@@YAXPEAD0_KP6AHPEBX2@Z@Z 0000000180033b84     libucrt:qsort.obj
 0004:00001b90       $pdata$strncpy_s           0000000180033b90     libucrt:strncpy_s.obj
 0004:00001b9c       $pdata$strpbrk             0000000180033b9c     libucrt:strpbrk.obj
 0004:00001ba8       $pdata$_mbsdec_l           0000000180033ba8     libucrt:mbsdec.obj
 0004:00001bb4       $pdata$?initialize_multibyte@@YAHXZ 0000000180033bb4     libucrt:multibyte_initializer.obj
 0004:00001bc0       $pdata$fegetenv            0000000180033bc0     libucrt:fegetenv.obj
 0004:00001bcc       $pdata$fesetenv            0000000180033bcc     libucrt:fesetenv.obj
 0004:00001bd8       $pdata$feholdexcept        0000000180033bd8     libucrt:feholdexcept.obj
 0004:00001bf0       $pdata$_write              0000000180033bf0     libucrt:write.obj
 0004:00001bfc       $pdata$_write$fin$0        0000000180033bfc     libucrt:write.obj
 0004:00001c08       $pdata$_write_nolock       0000000180033c08     libucrt:write.obj
 0004:00001c14       $pdata$?write_double_translated_ansi_nolock@@YA?AUwrite_result@?A0x9c548279@@HQEBDI@Z 0000000180033c14     libucrt:write.obj
 0004:00001c20       $pdata$?write_text_ansi_nolock@@YA?AUwrite_result@?A0x9c548279@@HQEBDI@Z 0000000180033c20     libucrt:write.obj
 0004:00001c2c       $pdata$?write_text_utf16le_nolock@@YA?AUwrite_result@?A0x9c548279@@HQEBDI@Z 0000000180033c2c     libucrt:write.obj
 0004:00001c38       $pdata$?write_text_utf8_nolock@@YA?AUwrite_result@?A0x9c548279@@HQEBDI@Z 0000000180033c38     libucrt:write.obj
 0004:00001c44       $pdata$??$common_lseek_nolock@_J@@YA_JH_JH@Z 0000000180033c44     libucrt:lseek.obj
 0004:00001c50       $pdata$fclose              0000000180033c50     libucrt:fclose.obj
 0004:00001c5c       $pdata$fclose$fin$0        0000000180033c5c     libucrt:fclose.obj
 0004:00001c68       $pdata$_fclose_nolock      0000000180033c68     libucrt:fclose.obj
 0004:00001c74       $pdata$_commit             0000000180033c74     libucrt:commit.obj
 0004:00001c80       $pdata$??$?RV<lambda_b521505b218e5242e90febf6bfebc422>@@AEAV<lambda_6978c1fb23f02e42e1d9e99668cc68aa>@@V<lambda_314360699dd331753a4119843814e9a7>@@@?$__crt_seh_guarded_call@H@@QEAAH$$QEAV<lambda_b521505b218e5242e90febf6bfebc422>@@AEAV<lambda_6978c1fb23f02e42e1d9e99668cc68aa>@@$$QEAV<lambda_314360699dd331753a4119843814e9a7>@@@Z 0000000180033c80     libucrt:commit.obj
 0004:00001c8c       $pdata$?fin$0@?0???$?RV<lambda_b521505b218e5242e90febf6bfebc422>@@AEAV<lambda_6978c1fb23f02e42e1d9e99668cc68aa>@@V<lambda_314360699dd331753a4119843814e9a7>@@@?$__crt_seh_guarded_call@H@@QEAAH$$QEAV<lambda_b521505b218e5242e90febf6bfebc422>@@AEAV<lambda_6978c1fb23f02e42e1d9e99668cc68aa>@@$$QEAV<lambda_314360699dd331753a4119843814e9a7>@@@Z@4HA 0000000180033c8c     libucrt:commit.obj
 0004:00001c8c       $pdata$?fin$0@?0???$?RV<lambda_bfedae4ebbf01fab1bb6dcc6a9e276e0>@@AEAV<lambda_2fe9b910cf3cbf4a0ab98a02ba45b3ec>@@V<lambda_237c231691f317818eb88cc1d5d642d6>@@@?$__crt_seh_guarded_call@H@@QEAAH$$QEAV<lambda_bfedae4ebbf01fab1bb6dcc6a9e276e0>@@AEAV<lambda_2fe9b910cf3cbf4a0ab98a02ba45b3ec>@@$$QEAV<lambda_237c231691f317818eb88cc1d5d642d6>@@@Z@4HA 0000000180033c8c     libucrt:close.obj
 0004:00001c98       $pdata$_setfpstatusword    0000000180033c98     libucrt:_fenvutils.obj
 0004:00001ca4       $pdata$_getfpcontrolword   0000000180033ca4     libucrt:_fenvutils.obj
 0004:00001cb0       $pdata$_getfpstatusword    0000000180033cb0     libucrt:_fenvutils.obj
 0004:00001cbc       $pdata$_clearfp            0000000180033cbc     libucrt:ieee.obj
 0004:00001cc8       $pdata$common_control87    0000000180033cc8     libucrt:ieee.obj
 0004:00001cd4       $pdata$_ctrlfp$filt$0      0000000180033cd4     libucrt:fpctrl.obj
 0004:00001cd4       $pdata$common_control87$filt$0 0000000180033cd4     libucrt:ieee.obj
 0004:00001ce0       $pdata$_call_matherr       0000000180033ce0     libucrt:libm_error.obj
 0004:00001cec       $pdata$_exception_enabled  0000000180033cec     libucrt:libm_error.obj
 0004:00001cf8       $pdata$_handle_error       0000000180033cf8     libucrt:libm_error.obj
 0004:00001d04       $pdata$__acrt_initialize_fma3 0000000180033d04     libucrt:fma3_available.obj
 0004:00001d10       $pdata$_log_special_common 0000000180033d10     libucrt:log_special.obj
 0004:00001d1c       $pdata$_log10_special      0000000180033d1c     libucrt:log_special.obj
 0004:00001d28       $pdata$_putwch_nolock      0000000180033d28     libucrt:putwch.obj
 0004:00001d34       $pdata$_close              0000000180033d34     libucrt:close.obj
 0004:00001d40       $pdata$_close_nolock       0000000180033d40     libucrt:close.obj
 0004:00001d4c       $pdata$??$?RV<lambda_bfedae4ebbf01fab1bb6dcc6a9e276e0>@@AEAV<lambda_2fe9b910cf3cbf4a0ab98a02ba45b3ec>@@V<lambda_237c231691f317818eb88cc1d5d642d6>@@@?$__crt_seh_guarded_call@H@@QEAAH$$QEAV<lambda_bfedae4ebbf01fab1bb6dcc6a9e276e0>@@AEAV<lambda_2fe9b910cf3cbf4a0ab98a02ba45b3ec>@@$$QEAV<lambda_237c231691f317818eb88cc1d5d642d6>@@@Z 0000000180033d4c     libucrt:close.obj
 0004:00001d64       $pdata$_set_errno_from_matherr 0000000180033d64     libucrt:fpexcept.obj
 0004:00001d70       $pdata$_raise_exc          0000000180033d70     libucrt:fpexcept.obj
 0004:00001d7c       $pdata$_raise_exc_ex       0000000180033d7c     libucrt:fpexcept.obj
 0004:00001d88       $pdata$_clrfp              0000000180033d88     libucrt:fpctrl.obj
 0004:00001d94       $pdata$_ctrlfp             0000000180033d94     libucrt:fpctrl.obj
 0004:00001da0       $pdata$_statfp             0000000180033da0     libucrt:fpctrl.obj
 0004:00001dac       $pdata$_set_statfp         0000000180033dac     libucrt:fpctrl.obj
 0004:00001db8       $pdata$__dcrt_lowio_initialize_console_output 0000000180033db8     libucrt:initcon.obj
 0004:00001dc4       $pdata$__dcrt_terminate_console_output 0000000180033dc4     libucrt:initcon.obj
 0004:00001dd0       $pdata$_IsNonwritableInCurrentImage 0000000180033dd0     LIBCMT:pesect.obj
 0004:00001ddc       $pdata$_IsNonwritableInCurrentImage$filt$0 0000000180033ddc     LIBCMT:pesect.obj
 0004:00001de8       $pdata$strrchr             0000000180033de8     libvcruntime:strrchr.obj
 0005:00000220       $R000000                   0000000180034220     Keylock.res
 0005:00000b80       $R000960                   0000000180034b80     Keylock.res
 0005:00000c68       $R000A48                   0000000180034c68     Keylock.res
 0005:00000ed0       $R000CB0                   0000000180034ed0     Keylock.res
 0005:000013e0       $R0011C0                   00000001800353e0     Keylock.res
 0005:000038d0       $R0036B0                   00000001800378d0     Keylock.res
 0005:00003900       $R0036E0                   0000000180037900     Keylock.res
