 OPOSElectronicValueRW

 Timestamp is 61a75898 (Wed Dec  1 20:12:24 2021)

 Preferred load address is 0000000180000000

 Start         Length     Name                   Class
 0001:00000000 000000c0H .text$di                CODE
 0001:000000c0 00026c90H .text$mn                CODE
 0001:00026d50 00000040H .text$mn$00             CODE
 0001:00026d90 00000660H .text$x                 CODE
 0001:000273f0 00000078H .text$yd                CODE
 0002:00000000 00000638H .idata$5                DATA
 0002:00000638 00000030H .00cfg                  DATA
 0002:00000668 00000008H .CRT$XCA                DATA
 0002:00000670 00000008H .CRT$XCL                DATA
 0002:00000678 00000020H .CRT$XCU                DATA
 0002:00000698 00000008H .CRT$XCZ                DATA
 0002:000006a0 00000008H .CRT$XIA                DATA
 0002:000006a8 00000020H .CRT$XIC                DATA
 0002:000006c8 00000008H .CRT$XIZ                DATA
 0002:000006d0 00000008H .CRT$XLA                DATA
 0002:000006d8 00000008H .CRT$XLZ                DATA
 0002:000006e0 00000008H .CRT$XPA                DATA
 0002:000006e8 00000010H .CRT$XPX                DATA
 0002:000006f8 00000008H .CRT$XPXA               DATA
 0002:00000700 00000008H .CRT$XPZ                DATA
 0002:00000708 00000008H .CRT$XTA                DATA
 0002:00000710 00000010H .CRT$XTZ                DATA
 0002:00000718 00000000H .gehcont$y              DATA
 0002:00000718 00000000H .gfids$y                DATA
 0002:00000720 0000b060H .rdata                  DATA
 0002:0000b780 00000000H .rdata$CastGuardVftablesA DATA
 0002:0000b780 00000000H .rdata$CastGuardVftablesC DATA
 0002:0000b780 00000028H .rdata$T                DATA
 0002:0000b7a8 00000274H .rdata$r                DATA
 0002:0000ba1c 00000048H .rdata$voltmd           DATA
 0002:0000ba64 0000043cH .rdata$zzzdbg           DATA
 0002:0000bea0 00000008H .rtc$IAA                DATA
 0002:0000bea8 00000008H .rtc$IZZ                DATA
 0002:0000beb0 00000008H .rtc$TAA                DATA
 0002:0000beb8 00000008H .rtc$TZZ                DATA
 0002:0000bec0 00000004H .tls                    DATA
 0002:0000bec4 00000004H .tls$                   DATA
 0002:0000bec8 00000008H .tls$ZZZ                DATA
 0002:0000bed0 000019a0H .xdata                  DATA
 0002:0000d870 00000150H .xdata$x                DATA
 0002:0000d9c0 00000008H ATL$__a                 DATA
 0002:0000d9c8 00000008H ATL$__z                 DATA
 0002:0000d9d0 000000b4H .edata                  DATA
 0002:0000da84 00000078H .idata$2                DATA
 0002:0000dafc 00000014H .idata$3                DATA
 0002:0000db10 00000638H .idata$4                DATA
 0002:0000e148 00000c5cH .idata$6                DATA
 0003:00000000 00000f18H .data                   DATA
 0003:00000f18 000000a8H .data$r                 DATA
 0003:00000fc0 00000020H .data$rs                DATA
 0003:00000fe0 000013ecH .bss                    DATA
 0004:00000000 0000240cH .pdata                  DATA
 0005:00000000 000000f4H _RDATA                  DATA
 0006:00000000 00000220H .rsrc$01                DATA
 0006:00000220 00007ef8H .rsrc$02                DATA

  Address         Publics by Value              Rva+Base               Lib:Object

 0000:00000000       ___safe_se_handler_table   0000000000000000     <absolute>
 0000:00000000       __arm64x_redirection_metadata 0000000000000000     <absolute>
 0000:00000000       __guard_longjmp_table      0000000000000000     <absolute>
 0000:00000000       __guard_iat_table          0000000000000000     <absolute>
 0000:00000000       __x64_code_ranges_to_entry_points 0000000000000000     <absolute>
 0000:00000000       __guard_fids_count         0000000000000000     <absolute>
 0000:00000000       __guard_iat_count          0000000000000000     <absolute>
 0000:00000000       __guard_longjmp_count      0000000000000000     <absolute>
 0000:00000000       __arm64x_extra_rfe_table   0000000000000000     <absolute>
 0000:00000000       __dynamic_value_reloc_table 0000000000000000     <absolute>
 0000:00000000       __x64_code_ranges_to_entry_points_count 0000000000000000     <absolute>
 0000:00000000       __hybrid_auxiliary_iat     0000000000000000     <absolute>
 0000:00000000       __hybrid_auxiliary_iat_copy 0000000000000000     <absolute>
 0000:00000000       __hybrid_code_map          0000000000000000     <absolute>
 0000:00000000       __arm64x_extra_rfe_table_size 0000000000000000     <absolute>
 0000:00000000       ___safe_se_handler_count   0000000000000000     <absolute>
 0000:00000000       __AbsoluteZero             0000000000000000     <absolute>
 0000:00000000       __guard_check_icall_a64n_fptr 0000000000000000     <absolute>
 0000:00000000       __guard_fids_table         0000000000000000     <absolute>
 0000:00000000       __guard_eh_cont_count      0000000000000000     <absolute>
 0000:00000000       __arm64x_redirection_metadata_count 0000000000000000     <absolute>
 0000:00000000       __enclave_config           0000000000000000     <absolute>
 0000:00000000       __guard_eh_cont_table      0000000000000000     <absolute>
 0000:00000000       __arm64x_native_entrypoint 0000000000000000     <absolute>
 0000:00000000       __hybrid_code_map_count    0000000000000000     <absolute>
 0000:00000100       __guard_flags              0000000000000100     <absolute>
 0000:00000000       __ImageBase                0000000180000000     <linker-defined>
 0001:000000c0       ?DupWide@_CW@@AEAAXXZ      00000001800010c0 f   CWString.obj
 0001:000000e8       ?cw_dup@@YAXPEBDAEAHAEAPEA_W1@Z 00000001800010e8 f   CWString.obj
 0001:000001c8       ?cw_memcpy@@YAHPEA_WPEBDH@Z 00000001800011c8 f   CWString.obj
 0001:00000214       ?cw_strcpy@@YAHPEA_WPEBD@Z 0000000180001214 f   CWString.obj
 0001:00000228       ??0CAtlComModule@ATL@@QEAA@XZ 0000000180001228 f i OposVariant.obj
 0001:000002a8       ??0CAtlWinModule@ATL@@QEAA@XZ 00000001800012a8 f i OposVariant.obj
 0001:00000314       ??0OposDispParms@@QEAA@PEAVOposVariant@@H@Z 0000000180001314 f   OposVariant.obj
 0001:000003bc       ??1OposDispParms@@QEAA@XZ  00000001800013bc f   OposVariant.obj
 0001:000003d4       ??_Estringdispid@CComTypeInfoHolder@ATL@@QEAAPEAXI@Z 00000001800013d4 f i OposVariant.obj
 0001:00000478       ?AtlWinModuleTerm@ATL@@YAJPEAU_ATL_WIN_MODULE70@1@PEAUHINSTANCE__@@@Z 0000000180001478 f i OposVariant.obj
 0001:00000528       ?ChangeBSTR@OposVariant@@QEAAXPEAPEA_WAEAJ@Z 0000000180001528 f   OposVariant.obj
 0001:00000588       ?ChangeCURRENCY@OposVariant@@QEAAXPEATtagCY@@AEAJ@Z 0000000180001588 f   OposVariant.obj
 0001:000005e8       ?ChangeLONG@OposVariant@@QEAAXPEAJAEAJ@Z 00000001800015e8 f   OposVariant.obj
 0001:00000644       ?GetLONG@OposVariant@@QEAAJXZ 0000000180001644 f   OposVariant.obj
 0001:00000668       ?SetBSTR@OposVariant@@QEAAXPEA_WAEAJ@Z 0000000180001668 f   OposVariant.obj
 0001:000006a8       ?SetBSTR_Copy@OposVariant@@QEAAXPEA_WAEAJ@Z 00000001800016a8 f   OposVariant.obj
 0001:00000718       ?SetBSTR_InOutPtr@OposVariant@@QEAA_NPEAPEA_WAEAJ@Z 0000000180001718 f   OposVariant.obj
 0001:00000768       ?SetCURRENCY@OposVariant@@QEAAXTtagCY@@@Z 0000000180001768 f   OposVariant.obj
 0001:0000079c       ?SetDispatch_Ptr@OposVariant@@QEAAXPEAUIDispatch@@AEAJ@Z 000000018000179c f   OposVariant.obj
 0001:000007f4       ?SetLONG@OposVariant@@QEAAXJ@Z 00000001800017f4 f   OposVariant.obj
 0001:00000824       ?SetLONG_Ptr@OposVariant@@QEAAXPEAJAEAJ@Z 0000000180001824 f   OposVariant.obj
 0001:00000870       ?SetString@OposVariant@@QEAAXPEB_WAEAJ@Z 0000000180001870 f   OposVariant.obj
 0001:000008d4       ?SetVARIANT_BOOL@OposVariant@@QEAAXF@Z 00000001800018d4 f   OposVariant.obj
 0001:0000090c       ?Term@CAtlComModule@ATL@@QEAAXXZ 000000018000190c f i OposVariant.obj
 0001:0000097c       ?_AtlInitializeCriticalSectionEx@ATL@@YAHPEAU_RTL_CRITICAL_SECTION@@KK@Z 000000018000197c f i OposVariant.obj
 0001:00000984       ?_AtlRaiseException@ATL@@YAXKK@Z 0000000180001984 f i OposVariant.obj
 0001:00000994       ?ObjectMain@CComObjectRootBase@ATL@@SAX_N@Z 0000000180001994 f i ElectronicValueRW.obj
 0001:00000994       ?OnFinalMessage@?$CWindowImplBaseT@VCWindow@ATL@@V?$CWinTraits@$0FGAAAAAA@$0A@@2@@ATL@@UEAAXPEAUHWND__@@@Z 0000000180001994 f i ElectronicValueRW.obj
 0001:00000994       _guard_check_icall_nop     0000000180001994 f i LIBCMT:guard_support.obj
 0001:00000998       ?HandsOffStorage@?$IPersistStorageImpl@VCOPOSElectronicValueRW@@@ATL@@UEAAJXZ 0000000180001998 f i ElectronicValueRW.obj
 0001:00000998       ?GetObjectDescription@?$CComCoClass@VCOPOSElectronicValueRW@@$1?CLSID_OPOSElectronicValueRW@@3U_GUID@@B@ATL@@SAPEB_WXZ 0000000180001998 f i ElectronicValueRW.obj
 0001:00000998       ?Update@?$IOleObjectImpl@VCOPOSElectronicValueRW@@@ATL@@UEAAJXZ 0000000180001998 f i ElectronicValueRW.obj
 0001:00000998       ?EnableModeless@?$IOleInPlaceActiveObjectImpl@VCOPOSElectronicValueRW@@@ATL@@UEAAJH@Z 0000000180001998 f i ElectronicValueRW.obj
 0001:00000998       ?SetHostNames@?$IOleObjectImpl@VCOPOSElectronicValueRW@@@ATL@@UEAAJPEB_W0@Z 0000000180001998 f i ElectronicValueRW.obj
 0001:00000998       ?IsUpToDate@?$IOleObjectImpl@VCOPOSElectronicValueRW@@@ATL@@UEAAJXZ 0000000180001998 f i ElectronicValueRW.obj
 0001:00000998       ?OnFrameWindowActivate@?$IOleInPlaceActiveObjectImpl@VCOPOSElectronicValueRW@@@ATL@@UEAAJH@Z 0000000180001998 f i ElectronicValueRW.obj
 0001:00000998       ?GetCategoryMap@CComObjectRootBase@ATL@@SAPEBU_ATL_CATMAP_ENTRY@2@XZ 0000000180001998 f i ElectronicValueRW.obj
 0001:00000998       ?Release@CRegObject@ATL@@UEAAKXZ 0000000180001998 f i ElectronicValueRW.obj
 0001:00000998       ?SaveCompleted@?$IPersistStorageImpl@VCOPOSElectronicValueRW@@@ATL@@UEAAJPEAUIStorage@@@Z 0000000180001998 f i ElectronicValueRW.obj
 0001:00000998       ?ResizeBorder@?$IOleInPlaceActiveObjectImpl@VCOPOSElectronicValueRW@@@ATL@@UEAAJPEBUtagRECT@@PEAUIOleInPlaceUIWindow@@H@Z 0000000180001998 f i ElectronicValueRW.obj
 0001:00000998       ?OnAmbientPropertyChange@?$IOleControlImpl@VCOPOSElectronicValueRW@@@ATL@@UEAAJJ@Z 0000000180001998 f i ElectronicValueRW.obj
 0001:0000099c       ?CreateInstance@CComClassFactory@ATL@@UEAAJPEAUIUnknown@@AEBU_GUID@@PEAPEAX@Z 000000018000199c f i ElectronicValueRW.obj
 0001:000009fc       ?LockServer@CComClassFactory@ATL@@UEAAJH@Z 00000001800019fc f i ElectronicValueRW.obj
 0001:00000a20       ??_ECComClassFactory@ATL@@UEAAPEAXI@Z 0000000180001a20 f i ElectronicValueRW.obj
 0001:00000a20       ??_GCComClassFactory@ATL@@UEAAPEAXI@Z 0000000180001a20 f i ElectronicValueRW.obj
 0001:00000a70       ?Next@?$CComEnumImpl@UIEnumConnections@@$1?_GUID_b196b287_bab4_101a_b69c_00aa00341d07@@3U__s_GUID@@BUtagCONNECTDATA@@V?$_Copy@UtagCONNECTDATA@@@ATL@@@ATL@@UEAAJKPEAUtagCONNECTDATA@@PEAK@Z 0000000180001a70 f i ElectronicValueRW.obj
 0001:00000b38       ?Skip@?$CComEnumImpl@UIEnumConnections@@$1?_GUID_b196b287_bab4_101a_b69c_00aa00341d07@@3U__s_GUID@@BUtagCONNECTDATA@@V?$_Copy@UtagCONNECTDATA@@@ATL@@@ATL@@UEAAJK@Z 0000000180001b38 f i ElectronicValueRW.obj
 0001:00000b64       ?Reset@?$CComEnumImpl@UIEnumConnectionPoints@@$1?_GUID_b196b285_bab4_101a_b69c_00aa00341d07@@3U__s_GUID@@BPEAUIConnectionPoint@@V?$_CopyInterface@UIConnectionPoint@@@ATL@@@ATL@@UEAAJXZ 0000000180001b64 f i ElectronicValueRW.obj
 0001:00000b64       ?Reset@?$CComEnumImpl@UIEnumConnections@@$1?_GUID_b196b287_bab4_101a_b69c_00aa00341d07@@3U__s_GUID@@BUtagCONNECTDATA@@V?$_Copy@UtagCONNECTDATA@@@ATL@@@ATL@@UEAAJXZ 0000000180001b64 f i ElectronicValueRW.obj
 0001:00000b70       ?Clone@?$CComEnumImpl@UIEnumConnections@@$1?_GUID_b196b287_bab4_101a_b69c_00aa00341d07@@3U__s_GUID@@BUtagCONNECTDATA@@V?$_Copy@UtagCONNECTDATA@@@ATL@@@ATL@@UEAAJPEAPEAUIEnumConnections@@@Z 0000000180001b70 f i ElectronicValueRW.obj
 0001:00000c9c       ?AddRef@?$CComObject@V?$CComEnum@UIEnumConnections@@$1?_GUID_b196b287_bab4_101a_b69c_00aa00341d07@@3U__s_GUID@@BUtagCONNECTDATA@@V?$_Copy@UtagCONNECTDATA@@@ATL@@VCComSingleThreadModel@6@@ATL@@@ATL@@UEAAKXZ 0000000180001c9c f i ElectronicValueRW.obj
 0001:00000c9c       ?AddRef@?$CComObject@V?$CComEnum@UIEnumConnectionPoints@@$1?_GUID_b196b285_bab4_101a_b69c_00aa00341d07@@3U__s_GUID@@BPEAUIConnectionPoint@@V?$_CopyInterface@UIConnectionPoint@@@ATL@@VCComSingleThreadModel@6@@ATL@@@ATL@@UEAAKXZ 0000000180001c9c f i ElectronicValueRW.obj
 0001:00000ca8       ?Release@?$CComObject@V?$CComEnum@UIEnumConnections@@$1?_GUID_b196b287_bab4_101a_b69c_00aa00341d07@@3U__s_GUID@@BUtagCONNECTDATA@@V?$_Copy@UtagCONNECTDATA@@@ATL@@VCComSingleThreadModel@6@@ATL@@@ATL@@UEAAKXZ 0000000180001ca8 f i ElectronicValueRW.obj
 0001:00000ca8       ?Release@?$CComObject@V?$CComEnum@UIEnumConnectionPoints@@$1?_GUID_b196b285_bab4_101a_b69c_00aa00341d07@@3U__s_GUID@@BPEAUIConnectionPoint@@V?$_CopyInterface@UIConnectionPoint@@@ATL@@VCComSingleThreadModel@6@@ATL@@@ATL@@UEAAKXZ 0000000180001ca8 f i ElectronicValueRW.obj
 0001:00000cfc       ?QueryInterface@?$CComObject@V?$CComEnum@UIEnumConnections@@$1?_GUID_b196b287_bab4_101a_b69c_00aa00341d07@@3U__s_GUID@@BUtagCONNECTDATA@@V?$_Copy@UtagCONNECTDATA@@@ATL@@VCComSingleThreadModel@6@@ATL@@@ATL@@UEAAJAEBU_GUID@@PEAPEAX@Z 0000000180001cfc f i ElectronicValueRW.obj
 0001:00000d10       ??_G?$CComObject@V?$CComEnum@UIEnumConnections@@$1?_GUID_b196b287_bab4_101a_b69c_00aa00341d07@@3U__s_GUID@@BUtagCONNECTDATA@@V?$_Copy@UtagCONNECTDATA@@@ATL@@VCComSingleThreadModel@6@@ATL@@@ATL@@UEAAPEAXI@Z 0000000180001d10 f i ElectronicValueRW.obj
 0001:00000d10       ??_E?$CComObject@V?$CComEnum@UIEnumConnections@@$1?_GUID_b196b287_bab4_101a_b69c_00aa00341d07@@3U__s_GUID@@BUtagCONNECTDATA@@V?$_Copy@UtagCONNECTDATA@@@ATL@@VCComSingleThreadModel@6@@ATL@@@ATL@@UEAAPEAXI@Z 0000000180001d10 f i ElectronicValueRW.obj
 0001:00000d68       ?GetWindowProc@?$CWindowImplBaseT@VCWindow@ATL@@V?$CWinTraits@$0FGAAAAAA@$0A@@2@@ATL@@UEAAP6A_JPEAUHWND__@@I_K_J@ZXZ 0000000180001d68 f i ElectronicValueRW.obj
 0001:00000d70       ?StartWindowProc@?$CWindowImplBaseT@VCWindow@ATL@@V?$CWinTraits@$0FGAAAAAA@$0A@@2@@ATL@@SA_JPEAUHWND__@@I_K_J@Z 0000000180001d70 f i ElectronicValueRW.obj
 0001:00000e24       ??_E?$CComObject@VCOPOSElectronicValueRW@@@ATL@@W7EAAPEAXI@Z 0000000180001e24 f i ElectronicValueRW.obj
 0001:00000e30       ??_E?$CComObject@VCOPOSElectronicValueRW@@@ATL@@WHA@EAAPEAXI@Z 0000000180001e30 f i ElectronicValueRW.obj
 0001:00000e3c       ?QueryInterface@?$CComObject@VCOPOSElectronicValueRW@@@ATL@@WLI@EAAJAEBU_GUID@@PEAPEAX@Z 0000000180001e3c f i ElectronicValueRW.obj
 0001:00000e48       ?AddRef@?$CComObject@VCOPOSElectronicValueRW@@@ATL@@WLI@EAAKXZ 0000000180001e48 f i ElectronicValueRW.obj
 0001:00000e54       ?Release@?$CComObject@VCOPOSElectronicValueRW@@@ATL@@WLI@EAAKXZ 0000000180001e54 f i ElectronicValueRW.obj
 0001:00000e60       ?QueryInterface@?$CComObject@VCOPOSElectronicValueRW@@@ATL@@WMA@EAAJAEBU_GUID@@PEAPEAX@Z 0000000180001e60 f i ElectronicValueRW.obj
 0001:00000e6c       ?AddRef@?$CComObject@VCOPOSElectronicValueRW@@@ATL@@WMA@EAAKXZ 0000000180001e6c f i ElectronicValueRW.obj
 0001:00000e78       ?Release@?$CComObject@VCOPOSElectronicValueRW@@@ATL@@WMA@EAAKXZ 0000000180001e78 f i ElectronicValueRW.obj
 0001:00000e84       ?QueryInterface@?$CComObject@VCOPOSElectronicValueRW@@@ATL@@WMI@EAAJAEBU_GUID@@PEAPEAX@Z 0000000180001e84 f i ElectronicValueRW.obj
 0001:00000e90       ?AddRef@?$CComObject@VCOPOSElectronicValueRW@@@ATL@@WMI@EAAKXZ 0000000180001e90 f i ElectronicValueRW.obj
 0001:00000e9c       ?Release@?$CComObject@VCOPOSElectronicValueRW@@@ATL@@WMI@EAAKXZ 0000000180001e9c f i ElectronicValueRW.obj
 0001:00000ea8       ?QueryInterface@?$CComObject@VCOPOSElectronicValueRW@@@ATL@@WNA@EAAJAEBU_GUID@@PEAPEAX@Z 0000000180001ea8 f i ElectronicValueRW.obj
 0001:00000eb4       ?AddRef@?$CComObject@VCOPOSElectronicValueRW@@@ATL@@WNA@EAAKXZ 0000000180001eb4 f i ElectronicValueRW.obj
 0001:00000ec0       ?Release@?$CComObject@VCOPOSElectronicValueRW@@@ATL@@WNA@EAAKXZ 0000000180001ec0 f i ElectronicValueRW.obj
 0001:00000ecc       ?QueryInterface@?$CComObject@VCOPOSElectronicValueRW@@@ATL@@WNI@EAAJAEBU_GUID@@PEAPEAX@Z 0000000180001ecc f i ElectronicValueRW.obj
 0001:00000ed8       ?AddRef@?$CComObject@VCOPOSElectronicValueRW@@@ATL@@WNI@EAAKXZ 0000000180001ed8 f i ElectronicValueRW.obj
 0001:00000ee4       ?Release@?$CComObject@VCOPOSElectronicValueRW@@@ATL@@WNI@EAAKXZ 0000000180001ee4 f i ElectronicValueRW.obj
 0001:00000ef0       ?QueryInterface@?$CComObject@VCOPOSElectronicValueRW@@@ATL@@WOA@EAAJAEBU_GUID@@PEAPEAX@Z 0000000180001ef0 f i ElectronicValueRW.obj
 0001:00000efc       ?AddRef@?$CComObject@VCOPOSElectronicValueRW@@@ATL@@WOA@EAAKXZ 0000000180001efc f i ElectronicValueRW.obj
 0001:00000f08       ?Release@?$CComObject@VCOPOSElectronicValueRW@@@ATL@@WOA@EAAKXZ 0000000180001f08 f i ElectronicValueRW.obj
 0001:00000f14       ?QueryInterface@?$CComObject@VCOPOSElectronicValueRW@@@ATL@@WOI@EAAJAEBU_GUID@@PEAPEAX@Z 0000000180001f14 f i ElectronicValueRW.obj
 0001:00000f20       ?AddRef@?$CComObject@VCOPOSElectronicValueRW@@@ATL@@WOI@EAAKXZ 0000000180001f20 f i ElectronicValueRW.obj
 0001:00000f2c       ?Release@?$CComObject@VCOPOSElectronicValueRW@@@ATL@@WOI@EAAKXZ 0000000180001f2c f i ElectronicValueRW.obj
 0001:00000f38       ?QueryInterface@?$CComObject@VCOPOSElectronicValueRW@@@ATL@@WPA@EAAJAEBU_GUID@@PEAPEAX@Z 0000000180001f38 f i ElectronicValueRW.obj
 0001:00000f44       ?AddRef@?$CComObject@VCOPOSElectronicValueRW@@@ATL@@WPA@EAAKXZ 0000000180001f44 f i ElectronicValueRW.obj
 0001:00000f50       ?Release@?$CComObject@VCOPOSElectronicValueRW@@@ATL@@WPA@EAAKXZ 0000000180001f50 f i ElectronicValueRW.obj
 0001:00000f5c       ?QueryInterface@?$CComObject@VCOPOSElectronicValueRW@@@ATL@@WPI@EAAJAEBU_GUID@@PEAPEAX@Z 0000000180001f5c f i ElectronicValueRW.obj
 0001:00000f68       ?AddRef@?$CComObject@VCOPOSElectronicValueRW@@@ATL@@WPI@EAAKXZ 0000000180001f68 f i ElectronicValueRW.obj
 0001:00000f74       ?Release@?$CComObject@VCOPOSElectronicValueRW@@@ATL@@WPI@EAAKXZ 0000000180001f74 f i ElectronicValueRW.obj
 0001:00000f80       ?QueryInterface@?$CComObject@VCOPOSElectronicValueRW@@@ATL@@WBAA@EAAJAEBU_GUID@@PEAPEAX@Z 0000000180001f80 f i ElectronicValueRW.obj
 0001:00000f8c       ?AddRef@?$CComObject@VCOPOSElectronicValueRW@@@ATL@@WBAA@EAAKXZ 0000000180001f8c f i ElectronicValueRW.obj
 0001:00000f98       ?Release@?$CComObject@VCOPOSElectronicValueRW@@@ATL@@WBAA@EAAKXZ 0000000180001f98 f i ElectronicValueRW.obj
 0001:00000fa4       ?QueryInterface@?$CComObject@VCOPOSElectronicValueRW@@@ATL@@WBAI@EAAJAEBU_GUID@@PEAPEAX@Z 0000000180001fa4 f i ElectronicValueRW.obj
 0001:00000fb0       ?AddRef@?$CComObject@VCOPOSElectronicValueRW@@@ATL@@WBAI@EAAKXZ 0000000180001fb0 f i ElectronicValueRW.obj
 0001:00000fbc       ?Release@?$CComObject@VCOPOSElectronicValueRW@@@ATL@@WBAI@EAAKXZ 0000000180001fbc f i ElectronicValueRW.obj
 0001:00000fc8       ?QueryInterface@?$CComObject@VCOPOSElectronicValueRW@@@ATL@@WBBA@EAAJAEBU_GUID@@PEAPEAX@Z 0000000180001fc8 f i ElectronicValueRW.obj
 0001:00000fd4       ?AddRef@?$CComObject@VCOPOSElectronicValueRW@@@ATL@@WBBA@EAAKXZ 0000000180001fd4 f i ElectronicValueRW.obj
 0001:00000fe0       ?Release@?$CComObject@VCOPOSElectronicValueRW@@@ATL@@WBBA@EAAKXZ 0000000180001fe0 f i ElectronicValueRW.obj
 0001:00000fec       ?QueryInterface@?$CComObject@VCOPOSElectronicValueRW@@@ATL@@WBBI@EAAJAEBU_GUID@@PEAPEAX@Z 0000000180001fec f i ElectronicValueRW.obj
 0001:00000ff8       ?AddRef@?$CComObject@VCOPOSElectronicValueRW@@@ATL@@WBBI@EAAKXZ 0000000180001ff8 f i ElectronicValueRW.obj
 0001:00001004       ?Release@?$CComObject@VCOPOSElectronicValueRW@@@ATL@@WBBI@EAAKXZ 0000000180002004 f i ElectronicValueRW.obj
 0001:00001010       ?AddRef@?$CComObject@VCOPOSElectronicValueRW@@@ATL@@WBCI@EAAKXZ 0000000180002010 f i ElectronicValueRW.obj
 0001:0000101c       ?Release@?$CComObject@VCOPOSElectronicValueRW@@@ATL@@WBCI@EAAKXZ 000000018000201c f i ElectronicValueRW.obj
 0001:00001028       ?AddRef@?$CComObject@VCOPOSElectronicValueRW@@@ATL@@WBEA@EAAKXZ 0000000180002028 f i ElectronicValueRW.obj
 0001:00001034       ?Release@?$CComObject@VCOPOSElectronicValueRW@@@ATL@@WBEA@EAAKXZ 0000000180002034 f i ElectronicValueRW.obj
 0001:00001040       ??_E?$CComContainedObject@VCOPOSElectronicValueRW@@@ATL@@W7EAAPEAXI@Z 0000000180002040 f i ElectronicValueRW.obj
 0001:0000104c       ??_E?$CComContainedObject@VCOPOSElectronicValueRW@@@ATL@@WHA@EAAPEAXI@Z 000000018000204c f i ElectronicValueRW.obj
 0001:00001058       ?QueryInterface@?$CComContainedObject@VCOPOSElectronicValueRW@@@ATL@@WLI@EAAJAEBU_GUID@@PEAPEAX@Z 0000000180002058 f i ElectronicValueRW.obj
 0001:00001064       ?AddRef@?$CComContainedObject@VCOPOSElectronicValueRW@@@ATL@@WLI@EAAKXZ 0000000180002064 f i ElectronicValueRW.obj
 0001:00001070       ?Release@?$CComContainedObject@VCOPOSElectronicValueRW@@@ATL@@WLI@EAAKXZ 0000000180002070 f i ElectronicValueRW.obj
 0001:0000107c       ?QueryInterface@?$CComContainedObject@VCOPOSElectronicValueRW@@@ATL@@WMA@EAAJAEBU_GUID@@PEAPEAX@Z 000000018000207c f i ElectronicValueRW.obj
 0001:00001088       ?AddRef@?$CComContainedObject@VCOPOSElectronicValueRW@@@ATL@@WMA@EAAKXZ 0000000180002088 f i ElectronicValueRW.obj
 0001:00001094       ?Release@?$CComContainedObject@VCOPOSElectronicValueRW@@@ATL@@WMA@EAAKXZ 0000000180002094 f i ElectronicValueRW.obj
 0001:000010a0       ?QueryInterface@?$CComContainedObject@VCOPOSElectronicValueRW@@@ATL@@WMI@EAAJAEBU_GUID@@PEAPEAX@Z 00000001800020a0 f i ElectronicValueRW.obj
 0001:000010ac       ?AddRef@?$CComContainedObject@VCOPOSElectronicValueRW@@@ATL@@WMI@EAAKXZ 00000001800020ac f i ElectronicValueRW.obj
 0001:000010b8       ?Release@?$CComContainedObject@VCOPOSElectronicValueRW@@@ATL@@WMI@EAAKXZ 00000001800020b8 f i ElectronicValueRW.obj
 0001:000010c4       ?QueryInterface@?$CComContainedObject@VCOPOSElectronicValueRW@@@ATL@@WNA@EAAJAEBU_GUID@@PEAPEAX@Z 00000001800020c4 f i ElectronicValueRW.obj
 0001:000010d0       ?AddRef@?$CComContainedObject@VCOPOSElectronicValueRW@@@ATL@@WNA@EAAKXZ 00000001800020d0 f i ElectronicValueRW.obj
 0001:000010dc       ?Release@?$CComContainedObject@VCOPOSElectronicValueRW@@@ATL@@WNA@EAAKXZ 00000001800020dc f i ElectronicValueRW.obj
 0001:000010e8       ?QueryInterface@?$CComContainedObject@VCOPOSElectronicValueRW@@@ATL@@WNI@EAAJAEBU_GUID@@PEAPEAX@Z 00000001800020e8 f i ElectronicValueRW.obj
 0001:000010f4       ?AddRef@?$CComContainedObject@VCOPOSElectronicValueRW@@@ATL@@WNI@EAAKXZ 00000001800020f4 f i ElectronicValueRW.obj
 0001:00001100       ?Release@?$CComContainedObject@VCOPOSElectronicValueRW@@@ATL@@WNI@EAAKXZ 0000000180002100 f i ElectronicValueRW.obj
 0001:0000110c       ?QueryInterface@?$CComContainedObject@VCOPOSElectronicValueRW@@@ATL@@WOA@EAAJAEBU_GUID@@PEAPEAX@Z 000000018000210c f i ElectronicValueRW.obj
 0001:00001118       ?AddRef@?$CComContainedObject@VCOPOSElectronicValueRW@@@ATL@@WOA@EAAKXZ 0000000180002118 f i ElectronicValueRW.obj
 0001:00001124       ?Release@?$CComContainedObject@VCOPOSElectronicValueRW@@@ATL@@WOA@EAAKXZ 0000000180002124 f i ElectronicValueRW.obj
 0001:00001130       ?QueryInterface@?$CComContainedObject@VCOPOSElectronicValueRW@@@ATL@@WOI@EAAJAEBU_GUID@@PEAPEAX@Z 0000000180002130 f i ElectronicValueRW.obj
 0001:0000113c       ?AddRef@?$CComContainedObject@VCOPOSElectronicValueRW@@@ATL@@WOI@EAAKXZ 000000018000213c f i ElectronicValueRW.obj
 0001:00001148       ?Release@?$CComContainedObject@VCOPOSElectronicValueRW@@@ATL@@WOI@EAAKXZ 0000000180002148 f i ElectronicValueRW.obj
 0001:00001154       ?QueryInterface@?$CComContainedObject@VCOPOSElectronicValueRW@@@ATL@@WPA@EAAJAEBU_GUID@@PEAPEAX@Z 0000000180002154 f i ElectronicValueRW.obj
 0001:00001160       ?AddRef@?$CComContainedObject@VCOPOSElectronicValueRW@@@ATL@@WPA@EAAKXZ 0000000180002160 f i ElectronicValueRW.obj
 0001:0000116c       ?Release@?$CComContainedObject@VCOPOSElectronicValueRW@@@ATL@@WPA@EAAKXZ 000000018000216c f i ElectronicValueRW.obj
 0001:00001178       ?QueryInterface@?$CComContainedObject@VCOPOSElectronicValueRW@@@ATL@@WPI@EAAJAEBU_GUID@@PEAPEAX@Z 0000000180002178 f i ElectronicValueRW.obj
 0001:00001184       ?AddRef@?$CComContainedObject@VCOPOSElectronicValueRW@@@ATL@@WPI@EAAKXZ 0000000180002184 f i ElectronicValueRW.obj
 0001:00001190       ?Release@?$CComContainedObject@VCOPOSElectronicValueRW@@@ATL@@WPI@EAAKXZ 0000000180002190 f i ElectronicValueRW.obj
 0001:0000119c       ?QueryInterface@?$CComContainedObject@VCOPOSElectronicValueRW@@@ATL@@WBAA@EAAJAEBU_GUID@@PEAPEAX@Z 000000018000219c f i ElectronicValueRW.obj
 0001:000011a8       ?AddRef@?$CComContainedObject@VCOPOSElectronicValueRW@@@ATL@@WBAA@EAAKXZ 00000001800021a8 f i ElectronicValueRW.obj
 0001:000011b4       ?Release@?$CComContainedObject@VCOPOSElectronicValueRW@@@ATL@@WBAA@EAAKXZ 00000001800021b4 f i ElectronicValueRW.obj
 0001:000011c0       ?QueryInterface@?$CComContainedObject@VCOPOSElectronicValueRW@@@ATL@@WBAI@EAAJAEBU_GUID@@PEAPEAX@Z 00000001800021c0 f i ElectronicValueRW.obj
 0001:000011cc       ?AddRef@?$CComContainedObject@VCOPOSElectronicValueRW@@@ATL@@WBAI@EAAKXZ 00000001800021cc f i ElectronicValueRW.obj
 0001:000011d8       ?Release@?$CComContainedObject@VCOPOSElectronicValueRW@@@ATL@@WBAI@EAAKXZ 00000001800021d8 f i ElectronicValueRW.obj
 0001:000011e4       ?QueryInterface@?$CComContainedObject@VCOPOSElectronicValueRW@@@ATL@@WBBA@EAAJAEBU_GUID@@PEAPEAX@Z 00000001800021e4 f i ElectronicValueRW.obj
 0001:000011f0       ?AddRef@?$CComContainedObject@VCOPOSElectronicValueRW@@@ATL@@WBBA@EAAKXZ 00000001800021f0 f i ElectronicValueRW.obj
 0001:000011fc       ?Release@?$CComContainedObject@VCOPOSElectronicValueRW@@@ATL@@WBBA@EAAKXZ 00000001800021fc f i ElectronicValueRW.obj
 0001:00001208       ?QueryInterface@?$CComContainedObject@VCOPOSElectronicValueRW@@@ATL@@WBBI@EAAJAEBU_GUID@@PEAPEAX@Z 0000000180002208 f i ElectronicValueRW.obj
 0001:00001214       ?AddRef@?$CComContainedObject@VCOPOSElectronicValueRW@@@ATL@@WBBI@EAAKXZ 0000000180002214 f i ElectronicValueRW.obj
 0001:00001220       ?Release@?$CComContainedObject@VCOPOSElectronicValueRW@@@ATL@@WBBI@EAAKXZ 0000000180002220 f i ElectronicValueRW.obj
 0001:0000122c       ?AddRef@?$CComContainedObject@VCOPOSElectronicValueRW@@@ATL@@WBCI@EAAKXZ 000000018000222c f i ElectronicValueRW.obj
 0001:00001238       ?Release@?$CComContainedObject@VCOPOSElectronicValueRW@@@ATL@@WBCI@EAAKXZ 0000000180002238 f i ElectronicValueRW.obj
 0001:00001244       ?AddRef@?$CComContainedObject@VCOPOSElectronicValueRW@@@ATL@@WBEA@EAAKXZ 0000000180002244 f i ElectronicValueRW.obj
 0001:00001250       ?Release@?$CComContainedObject@VCOPOSElectronicValueRW@@@ATL@@WBEA@EAAKXZ 0000000180002250 f i ElectronicValueRW.obj
 0001:0000125c       ?Lock@CAtlModule@ATL@@UEAAJXZ 000000018000225c f i ElectronicValueRW.obj
 0001:0000126c       ?Unlock@CAtlModule@ATL@@UEAAJXZ 000000018000226c f i ElectronicValueRW.obj
 0001:00001278       ?GetLockCount@CAtlModule@ATL@@UEAAJXZ 0000000180002278 f i ElectronicValueRW.obj
 0001:0000127c       ?GetGITPtr@CAtlModule@ATL@@UEAAJPEAPEAUIGlobalInterfaceTable@@@Z 000000018000227c f i ElectronicValueRW.obj
 0001:000012ec       ?GetTypeInfoCount@?$IDispatchImpl@UIOPOSElectronicValueRW@@$1?IID_IOPOSElectronicValueRW@@3U_GUID@@B$1?LIBID_OposElectronicValueRW_CCO@@3U3@B$00$0A@VCComTypeInfoHolder@ATL@@@ATL@@UEAAJPEAI@Z 00000001800022ec f i ElectronicValueRW.obj
 0001:00001300       ?GetTypeInfo@?$IDispatchImpl@UIOPOSElectronicValueRW@@$1?IID_IOPOSElectronicValueRW@@3U_GUID@@B$1?LIBID_OposElectronicValueRW_CCO@@3U3@B$00$0A@VCComTypeInfoHolder@ATL@@@ATL@@UEAAJIKPEAPEAUITypeInfo@@@Z 0000000180002300 f i ElectronicValueRW.obj
 0001:00001364       ?GetIDsOfNames@?$IDispatchImpl@UIOPOSElectronicValueRW@@$1?IID_IOPOSElectronicValueRW@@3U_GUID@@B$1?LIBID_OposElectronicValueRW_CCO@@3U3@B$00$0A@VCComTypeInfoHolder@ATL@@@ATL@@UEAAJAEBU_GUID@@PEAPEA_WIKPEAJ@Z 0000000180002364 f i ElectronicValueRW.obj
 0001:00001370       ?Invoke@?$IDispatchImpl@UIOPOSElectronicValueRW@@$1?IID_IOPOSElectronicValueRW@@3U_GUID@@B$1?LIBID_OposElectronicValueRW_CCO@@3U3@B$00$0A@VCComTypeInfoHolder@ATL@@@ATL@@UEAAJJAEBU_GUID@@KGPEAUtagDISPPARAMS@@PEAUtagVARIANT@@PEAUtagEXCEPINFO@@PEAI@Z 0000000180002370 f i ElectronicValueRW.obj
 0001:00001400       ?CreateControlWindow@?$CComControl@VCOPOSElectronicValueRW@@V?$CWindowImpl@VCOPOSElectronicValueRW@@VCWindow@ATL@@V?$CWinTraits@$0FGAAAAAA@$0A@@3@@ATL@@@ATL@@UEAAPEAUHWND__@@PEAU3@AEAUtagRECT@@@Z 0000000180002400 f i ElectronicValueRW.obj
 0001:00001438       ?ControlQueryInterface@?$CComControl@VCOPOSElectronicValueRW@@V?$CWindowImpl@VCOPOSElectronicValueRW@@VCWindow@ATL@@V?$CWinTraits@$0FGAAAAAA@$0A@@3@@ATL@@@ATL@@UEAAJAEBU_GUID@@PEAPEAX@Z 0000000180002438 f i ElectronicValueRW.obj
 0001:0000144c       ?GetClassID@?$IPersistStorageImpl@VCOPOSElectronicValueRW@@@ATL@@UEAAJPEAU_GUID@@@Z 000000018000244c f i ElectronicValueRW.obj
 0001:0000144c       ?GetUserClassID@?$IOleObjectImpl@VCOPOSElectronicValueRW@@@ATL@@UEAAJPEAU_GUID@@@Z 000000018000244c f i ElectronicValueRW.obj
 0001:0000144c       ?GetClassID@?$IPersistStreamInitImpl@VCOPOSElectronicValueRW@@@ATL@@UEAAJPEAU_GUID@@@Z 000000018000244c f i ElectronicValueRW.obj
 0001:00001468       ?IsDirty@?$IPersistStreamInitImpl@VCOPOSElectronicValueRW@@@ATL@@UEAAJXZ 0000000180002468 f i ElectronicValueRW.obj
 0001:00001484       ?Load@?$IPersistStreamInitImpl@VCOPOSElectronicValueRW@@@ATL@@UEAAJPEAUIStream@@@Z 0000000180002484 f i ElectronicValueRW.obj
 0001:0000149c       ?Save@?$IPersistStreamInitImpl@VCOPOSElectronicValueRW@@@ATL@@UEAAJPEAUIStream@@H@Z 000000018000249c f i ElectronicValueRW.obj
 0001:000014b4       ?GetSizeMax@?$IPersistStreamInitImpl@VCOPOSElectronicValueRW@@@ATL@@UEAAJPEAT_ULARGE_INTEGER@@@Z 00000001800024b4 f i ElectronicValueRW.obj
 0001:000016d8       ?InitNew@?$IPersistStreamInitImpl@VCOPOSElectronicValueRW@@@ATL@@UEAAJXZ 00000001800026d8 f i ElectronicValueRW.obj
 0001:000016f0       ?QueryGetData@?$IDataObjectImpl@VCOPOSElectronicValueRW@@@ATL@@UEAAJPEAUtagFORMATETC@@@Z 00000001800026f0 f i ElectronicValueRW.obj
 0001:000016f0       ?SetColorScheme@?$IOleObjectImpl@VCOPOSElectronicValueRW@@@ATL@@UEAAJPEAUtagLOGPALETTE@@@Z 00000001800026f0 f i ElectronicValueRW.obj
 0001:000016f0       ?GetDataHere@?$IDataObjectImpl@VCOPOSElectronicValueRW@@@ATL@@UEAAJPEAUtagFORMATETC@@PEAUtagSTGMEDIUM@@@Z 00000001800026f0 f i ElectronicValueRW.obj
 0001:000016f0       ?GetDropTarget@?$IOleInPlaceObjectWindowlessImpl@VCOPOSElectronicValueRW@@@ATL@@UEAAJPEAPEAUIDropTarget@@@Z 00000001800026f0 f i ElectronicValueRW.obj
 0001:000016f0       ?QueryInterface@CRegObject@ATL@@UEAAJAEBU_GUID@@PEAPEAX@Z 00000001800026f0 f i ElectronicValueRW.obj
 0001:000016f0       ?GetMoniker@?$IOleObjectImpl@VCOPOSElectronicValueRW@@@ATL@@UEAAJKKPEAPEAUIMoniker@@@Z 00000001800026f0 f i ElectronicValueRW.obj
 0001:000016f0       ?OnMnemonic@?$IOleControlImpl@VCOPOSElectronicValueRW@@@ATL@@UEAAJPEAUtagMSG@@@Z 00000001800026f0 f i ElectronicValueRW.obj
 0001:000016f0       ?ReactivateAndUndo@?$IOleInPlaceObjectWindowlessImpl@VCOPOSElectronicValueRW@@@ATL@@UEAAJXZ 00000001800026f0 f i ElectronicValueRW.obj
 0001:000016f0       ?EnumFormatEtc@?$IDataObjectImpl@VCOPOSElectronicValueRW@@@ATL@@UEAAJKPEAPEAUIEnumFORMATETC@@@Z 00000001800026f0 f i ElectronicValueRW.obj
 0001:000016f0       ?Freeze@?$IViewObjectExImpl@VCOPOSElectronicValueRW@@@ATL@@UEAAJKJPEAXPEAK@Z 00000001800026f0 f i ElectronicValueRW.obj
 0001:000016f0       ?GetClipboardData@?$IOleObjectImpl@VCOPOSElectronicValueRW@@@ATL@@UEAAJKPEAPEAUIDataObject@@@Z 00000001800026f0 f i ElectronicValueRW.obj
 0001:000016f0       ?GetCanonicalFormatEtc@?$IDataObjectImpl@VCOPOSElectronicValueRW@@@ATL@@UEAAJPEAUtagFORMATETC@@0@Z 00000001800026f0 f i ElectronicValueRW.obj
 0001:000016f0       ?GetColorSet@?$IViewObjectExImpl@VCOPOSElectronicValueRW@@@ATL@@UEAAJKJPEAXPEAUtagDVTARGETDEVICE@@PEAUHDC__@@PEAPEAUtagLOGPALETTE@@@Z 00000001800026f0 f i ElectronicValueRW.obj
 0001:000016f0       ?SetData@?$IDataObjectImpl@VCOPOSElectronicValueRW@@@ATL@@UEAAJPEAUtagFORMATETC@@PEAUtagSTGMEDIUM@@H@Z 00000001800026f0 f i ElectronicValueRW.obj
 0001:000016f0       ?ContextSensitiveHelp@?$IOleInPlaceActiveObjectImpl@VCOPOSElectronicValueRW@@@ATL@@UEAAJH@Z 00000001800026f0 f i ElectronicValueRW.obj
 0001:000016f0       ?SetMoniker@?$IOleObjectImpl@VCOPOSElectronicValueRW@@@ATL@@UEAAJKPEAUIMoniker@@@Z 00000001800026f0 f i ElectronicValueRW.obj
 0001:000016f0       ?ContextSensitiveHelp@?$IOleInPlaceObjectWindowlessImpl@VCOPOSElectronicValueRW@@@ATL@@UEAAJH@Z 00000001800026f0 f i ElectronicValueRW.obj
 0001:000016f0       ?GetControlInfo@?$IOleControlImpl@VCOPOSElectronicValueRW@@@ATL@@UEAAJPEAUtagCONTROLINFO@@@Z 00000001800026f0 f i ElectronicValueRW.obj
 0001:000016f0       ?GetRect@?$IViewObjectExImpl@VCOPOSElectronicValueRW@@@ATL@@UEAAJKPEAU_RECTL@@@Z 00000001800026f0 f i ElectronicValueRW.obj
 0001:000016f0       ?InitFromData@?$IOleObjectImpl@VCOPOSElectronicValueRW@@@ATL@@UEAAJPEAUIDataObject@@HK@Z 00000001800026f0 f i ElectronicValueRW.obj
 0001:000016f0       ?Unfreeze@?$IViewObjectExImpl@VCOPOSElectronicValueRW@@@ATL@@UEAAJK@Z 00000001800026f0 f i ElectronicValueRW.obj
 0001:000016f8       ?SetClientSite@?$IOleObjectImpl@VCOPOSElectronicValueRW@@@ATL@@UEAAJPEAUIOleClientSite@@@Z 00000001800026f8 f i ElectronicValueRW.obj
 0001:00001714       ?GetClientSite@?$IOleObjectImpl@VCOPOSElectronicValueRW@@@ATL@@UEAAJPEAPEAUIOleClientSite@@@Z 0000000180002714 f i ElectronicValueRW.obj
 0001:0000175c       ?Close@?$IOleObjectImpl@VCOPOSElectronicValueRW@@@ATL@@UEAAJK@Z 000000018000275c f i ElectronicValueRW.obj
 0001:00001778       ?DoVerb@?$IOleObjectImpl@VCOPOSElectronicValueRW@@@ATL@@UEAAJJPEAUtagMSG@@PEAUIOleClientSite@@JPEAUHWND__@@PEBUtagRECT@@@Z 0000000180002778 f i ElectronicValueRW.obj
 0001:0000191c       ?EnumVerbs@?$IOleObjectImpl@VCOPOSElectronicValueRW@@@ATL@@UEAAJPEAPEAUIEnumOLEVERB@@@Z 000000018000291c f i ElectronicValueRW.obj
 0001:00001938       ?GetUserType@?$IOleObjectImpl@VCOPOSElectronicValueRW@@@ATL@@UEAAJKPEAPEA_W@Z 0000000180002938 f i ElectronicValueRW.obj
 0001:00001948       ?SetExtent@?$IOleObjectImpl@VCOPOSElectronicValueRW@@@ATL@@UEAAJKPEAUtagSIZE@@@Z 0000000180002948 f i ElectronicValueRW.obj
 0001:00001964       ?GetExtent@?$IOleObjectImpl@VCOPOSElectronicValueRW@@@ATL@@UEAAJKPEAUtagSIZE@@@Z 0000000180002964 f i ElectronicValueRW.obj
 0001:00001994       ?Advise@?$IOleObjectImpl@VCOPOSElectronicValueRW@@@ATL@@UEAAJPEAUIAdviseSink@@PEAK@Z 0000000180002994 f i ElectronicValueRW.obj
 0001:000019f0       ?Unadvise@?$IOleObjectImpl@VCOPOSElectronicValueRW@@@ATL@@UEAAJK@Z 00000001800029f0 f i ElectronicValueRW.obj
 0001:00001a28       ?EnumAdvise@?$IOleObjectImpl@VCOPOSElectronicValueRW@@@ATL@@UEAAJPEAPEAUIEnumSTATDATA@@@Z 0000000180002a28 f i ElectronicValueRW.obj
 0001:00001a70       ?GetMiscStatus@?$IOleObjectImpl@VCOPOSElectronicValueRW@@@ATL@@UEAAJKPEAK@Z 0000000180002a70 f i ElectronicValueRW.obj
 0001:00001a80       ?AddCommonRGSReplacements@?$CAtlModuleT@VCComModule@ATL@@@ATL@@UEAAJPEAUIRegistrarBase@@@Z 0000000180002a80 f i ElectronicValueRW.obj
 0001:00001a98       ?GetWindow@?$IOleInPlaceActiveObjectImpl@VCOPOSElectronicValueRW@@@ATL@@UEAAJPEAPEAUHWND__@@@Z 0000000180002a98 f i ElectronicValueRW.obj
 0001:00001aec       ?TranslateAcceleratorW@?$IOleInPlaceActiveObjectImpl@VCOPOSElectronicValueRW@@@ATL@@UEAAJPEAUtagMSG@@@Z 0000000180002aec f i ElectronicValueRW.obj
 0001:00001be0       ?OnDocWindowActivate@?$IOleInPlaceActiveObjectImpl@VCOPOSElectronicValueRW@@@ATL@@UEAAJH@Z 0000000180002be0 f i ElectronicValueRW.obj
 0001:00001c0c       ?Draw@?$IViewObjectExImpl@VCOPOSElectronicValueRW@@@ATL@@UEAAJKJPEAXPEAUtagDVTARGETDEVICE@@PEAUHDC__@@2PEBU_RECTL@@3P6AH_K@Z4@Z 0000000180002c0c f i ElectronicValueRW.obj
 0001:00001c70       ?SetAdvise@?$IViewObjectExImpl@VCOPOSElectronicValueRW@@@ATL@@UEAAJKKPEAUIAdviseSink@@@Z 0000000180002c70 f i ElectronicValueRW.obj
 0001:00001cc4       ?GetAdvise@?$IViewObjectExImpl@VCOPOSElectronicValueRW@@@ATL@@UEAAJPEAK0PEAPEAUIAdviseSink@@@Z 0000000180002cc4 f i ElectronicValueRW.obj
 0001:00001d00       ?GetExtent@?$IViewObjectExImpl@VCOPOSElectronicValueRW@@@ATL@@UEAAJKJPEAUtagDVTARGETDEVICE@@PEAUtagSIZE@@@Z 0000000180002d00 f i ElectronicValueRW.obj
 0001:00001d30       ?GetViewStatus@?$IViewObjectExImpl@VCOPOSElectronicValueRW@@@ATL@@UEAAJPEAK@Z 0000000180002d30 f i ElectronicValueRW.obj
 0001:00001d44       ?QueryHitPoint@?$IViewObjectExImpl@VCOPOSElectronicValueRW@@@ATL@@UEAAJKPEBUtagRECT@@UtagPOINT@@JPEAK@Z 0000000180002d44 f i ElectronicValueRW.obj
 0001:00001d88       ?UpdateRegistryFromResourceD@CComModule@ATL@@UEAAJIHPEAU_ATL_REGMAP_ENTRY@2@@Z 0000000180002d88 f i ElectronicValueRW.obj
 0001:00001d88       ?UpdateRegistryFromResourceD@CComModule@ATL@@UEAAJPEB_WHPEAU_ATL_REGMAP_ENTRY@2@@Z 0000000180002d88 f i ElectronicValueRW.obj
 0001:00001d90       ?QueryHitRect@?$IViewObjectExImpl@VCOPOSElectronicValueRW@@@ATL@@UEAAJKPEBUtagRECT@@0JPEAK@Z 0000000180002d90 f i ElectronicValueRW.obj
 0001:00001df8       ?UpdateRegistryFromResource@CComModule@ATL@@UEAAJPEB_WHPEAU_ATL_REGMAP_ENTRY@2@@Z 0000000180002df8 f i ElectronicValueRW.obj
 0001:00001e00       ?GetNaturalExtent@?$IViewObjectExImpl@VCOPOSElectronicValueRW@@@ATL@@UEAAJKJPEAUtagDVTARGETDEVICE@@PEAUHDC__@@PEAUtagExtentInfo@@PEAUtagSIZE@@@Z 0000000180002e00 f i ElectronicValueRW.obj
 0001:00001e48       ?UpdateRegistryFromResource@CComModule@ATL@@UEAAJIHPEAU_ATL_REGMAP_ENTRY@2@@Z 0000000180002e48 f i ElectronicValueRW.obj
 0001:00001e50       ?GetWindow@?$IOleInPlaceObjectWindowlessImpl@VCOPOSElectronicValueRW@@@ATL@@UEAAJPEAPEAUHWND__@@@Z 0000000180002e50 f i ElectronicValueRW.obj
 0001:00001ea4       ?InPlaceDeactivate@?$IOleInPlaceObjectWindowlessImpl@VCOPOSElectronicValueRW@@@ATL@@UEAAJXZ 0000000180002ea4 f i ElectronicValueRW.obj
 0001:00001ec0       ?UIDeactivate@?$IOleInPlaceObjectWindowlessImpl@VCOPOSElectronicValueRW@@@ATL@@UEAAJXZ 0000000180002ec0 f i ElectronicValueRW.obj
 0001:00001edc       ?SetObjectRects@?$IOleInPlaceObjectWindowlessImpl@VCOPOSElectronicValueRW@@@ATL@@UEAAJPEBUtagRECT@@0@Z 0000000180002edc f i ElectronicValueRW.obj
 0001:00001ef8       ?OnWindowMessage@?$IOleInPlaceObjectWindowlessImpl@VCOPOSElectronicValueRW@@@ATL@@UEAAJI_K_JPEA_J@Z 0000000180002ef8 f i ElectronicValueRW.obj
 0001:00001fc0       ?EnumConnectionPoints@?$IConnectionPointContainerImpl@VCOPOSElectronicValueRW@@@ATL@@UEAAJPEAPEAUIEnumConnectionPoints@@@Z 0000000180002fc0 f i ElectronicValueRW.obj
 0001:00002208       ?FindConnectionPoint@?$IConnectionPointContainerImpl@VCOPOSElectronicValueRW@@@ATL@@UEAAJAEBU_GUID@@PEAPEAUIConnectionPoint@@@Z 0000000180003208 f i ElectronicValueRW.obj
 0001:000022d8       ?IsDirty@?$IPersistStorageImpl@VCOPOSElectronicValueRW@@@ATL@@UEAAJXZ 00000001800032d8 f i ElectronicValueRW.obj
 0001:00002318       ??_ECComModule@ATL@@UEAAPEAXI@Z 0000000180003318 f i ElectronicValueRW.obj
 0001:00002318       ??_GCComModule@ATL@@UEAAPEAXI@Z 0000000180003318 f i ElectronicValueRW.obj
 0001:00002358       ?InitNew@?$IPersistStorageImpl@VCOPOSElectronicValueRW@@@ATL@@UEAAJPEAUIStorage@@@Z 0000000180003358 f i ElectronicValueRW.obj
 0001:00002398       ?Load@?$IPersistStorageImpl@VCOPOSElectronicValueRW@@@ATL@@UEAAJPEAUIStorage@@@Z 0000000180003398 f i ElectronicValueRW.obj
 0001:00002438       ?Save@?$IPersistStorageImpl@VCOPOSElectronicValueRW@@@ATL@@UEAAJPEAUIStorage@@H@Z 0000000180003438 f i ElectronicValueRW.obj
 0001:000024e8       ?GetPages@?$ISpecifyPropertyPagesImpl@VCOPOSElectronicValueRW@@@ATL@@UEAAJPEAUtagCAUUID@@@Z 00000001800034e8 f i ElectronicValueRW.obj
 0001:000024f4       ?QuickActivate@?$IQuickActivateImpl@VCOPOSElectronicValueRW@@@ATL@@UEAAJPEAUtagQACONTAINER@@PEAUtagQACONTROL@@@Z 00000001800034f4 f i ElectronicValueRW.obj
 0001:00002510       ?SetContentExtent@?$IQuickActivateImpl@VCOPOSElectronicValueRW@@@ATL@@UEAAJPEAUtagSIZE@@@Z 0000000180003510 f i ElectronicValueRW.obj
 0001:00002544       ?GetContentExtent@?$IQuickActivateImpl@VCOPOSElectronicValueRW@@@ATL@@UEAAJPEAUtagSIZE@@@Z 0000000180003544 f i ElectronicValueRW.obj
 0001:0000257c       ?GetData@?$IDataObjectImpl@VCOPOSElectronicValueRW@@@ATL@@UEAAJPEAUtagFORMATETC@@PEAUtagSTGMEDIUM@@@Z 000000018000357c f i ElectronicValueRW.obj
 0001:00002598       ?DAdvise@?$IDataObjectImpl@VCOPOSElectronicValueRW@@@ATL@@UEAAJPEAUtagFORMATETC@@KPEAUIAdviseSink@@PEAK@Z 0000000180003598 f i ElectronicValueRW.obj
 0001:00002620       ?DUnadvise@?$IDataObjectImpl@VCOPOSElectronicValueRW@@@ATL@@UEAAJK@Z 0000000180003620 f i ElectronicValueRW.obj
 0001:0000264c       ?EnumDAdvise@?$IDataObjectImpl@VCOPOSElectronicValueRW@@@ATL@@UEAAJPEAPEAUIEnumSTATDATA@@@Z 000000018000364c f i ElectronicValueRW.obj
 0001:00002688       ?GetClassInfoW@?$IProvideClassInfo2Impl@$1?CLSID_OPOSElectronicValueRW@@3U_GUID@@B$1?DIID__IOPOSElectronicValueRWEvents@@3U2@B$1?LIBID_OposElectronicValueRW_CCO@@3U2@B$00$0A@VCComTypeInfoHolder@ATL@@@ATL@@UEAAJPEAPEAUITypeInfo@@@Z 0000000180003688 f i ElectronicValueRW.obj
 0001:000026e0       ?GetGUID@?$IProvideClassInfo2Impl@$1?CLSID_OPOSElectronicValueRW@@3U_GUID@@B$1?DIID__IOPOSElectronicValueRWEvents@@3U2@B$1?LIBID_OposElectronicValueRW_CCO@@3U2@B$00$0A@VCComTypeInfoHolder@ATL@@@ATL@@UEAAJKPEAU_GUID@@@Z 00000001800036e0 f i ElectronicValueRW.obj
 0001:00002714       ?AddRef@CRegObject@ATL@@UEAAKXZ 0000000180003714 f i ElectronicValueRW.obj
 0001:00002714       _get_startup_argv_mode     0000000180003714 f i LIBCMT:argv_mode.obj
 0001:00002714       ?FAccessAllowed@?$IObjectSafetyImpl@VCOPOSElectronicValueRW@@$02@ATL@@MEAAHXZ 0000000180003714 f i ElectronicValueRW.obj
 0001:0000271c       ?GetInterfaceSafetyOptions@?$IObjectSafetyImpl@VCOPOSElectronicValueRW@@$02@ATL@@UEAAJAEBU_GUID@@PEAK1@Z 000000018000371c f i ElectronicValueRW.obj
 0001:000027b0       ?SetInterfaceSafetyOptions@?$IObjectSafetyImpl@VCOPOSElectronicValueRW@@$02@ATL@@UEAAJAEBU_GUID@@KK@Z 00000001800037b0 f i ElectronicValueRW.obj
 0001:00002854       ?_LocCPQueryInterface@?$IConnectionPointImpl@VCOPOSElectronicValueRW@@$1?IID_IPropertyNotifySink@@3U_GUID@@BVCComDynamicUnkArray@ATL@@@ATL@@UEAAJAEBU_GUID@@PEAPEAX@Z 0000000180003854 f i ElectronicValueRW.obj
 0001:00002854       ?_LocCPQueryInterface@?$IConnectionPointImpl@VCOPOSElectronicValueRW@@$1?DIID__IOPOSElectronicValueRWEvents@@3U_GUID@@BVCComDynamicUnkArray@ATL@@@ATL@@UEAAJAEBU_GUID@@PEAPEAX@Z 0000000180003854 f i ElectronicValueRW.obj
 0001:000028c8       ?GetConnectionInterface@?$IConnectionPointImpl@VCOPOSElectronicValueRW@@$1?IID_IPropertyNotifySink@@3U_GUID@@BVCComDynamicUnkArray@ATL@@@ATL@@UEAAJPEAU_GUID@@@Z 00000001800038c8 f i ElectronicValueRW.obj
 0001:000028e4       ?GetConnectionPointContainer@?$IConnectionPointImpl@VCOPOSElectronicValueRW@@$1?IID_IPropertyNotifySink@@3U_GUID@@BVCComDynamicUnkArray@ATL@@@ATL@@UEAAJPEAPEAUIConnectionPointContainer@@@Z 00000001800038e4 f i ElectronicValueRW.obj
 0001:00002904       ?Advise@?$IConnectionPointImpl@VCOPOSElectronicValueRW@@$1?IID_IPropertyNotifySink@@3U_GUID@@BVCComDynamicUnkArray@ATL@@@ATL@@UEAAJPEAUIUnknown@@PEAK@Z 0000000180003904 f i ElectronicValueRW.obj
 0001:00002904       ?Advise@?$IConnectionPointImpl@VCOPOSElectronicValueRW@@$1?DIID__IOPOSElectronicValueRWEvents@@3U_GUID@@BVCComDynamicUnkArray@ATL@@@ATL@@UEAAJPEAUIUnknown@@PEAK@Z 0000000180003904 f i ElectronicValueRW.obj
 0001:000029c0       ?Unadvise@?$IConnectionPointImpl@VCOPOSElectronicValueRW@@$1?IID_IPropertyNotifySink@@3U_GUID@@BVCComDynamicUnkArray@ATL@@@ATL@@UEAAJK@Z 00000001800039c0 f i ElectronicValueRW.obj
 0001:000029c0       ?Unadvise@?$IConnectionPointImpl@VCOPOSElectronicValueRW@@$1?DIID__IOPOSElectronicValueRWEvents@@3U_GUID@@BVCComDynamicUnkArray@ATL@@@ATL@@UEAAJK@Z 00000001800039c0 f i ElectronicValueRW.obj
 0001:00002a28       ?EnumConnections@?$IConnectionPointImpl@VCOPOSElectronicValueRW@@$1?IID_IPropertyNotifySink@@3U_GUID@@BVCComDynamicUnkArray@ATL@@@ATL@@UEAAJPEAPEAUIEnumConnections@@@Z 0000000180003a28 f i ElectronicValueRW.obj
 0001:00002a28       ?EnumConnections@?$IConnectionPointImpl@VCOPOSElectronicValueRW@@$1?DIID__IOPOSElectronicValueRWEvents@@3U_GUID@@BVCComDynamicUnkArray@ATL@@@ATL@@UEAAJPEAPEAUIEnumConnections@@@Z 0000000180003a28 f i ElectronicValueRW.obj
 0001:00002bbc       ?GetConnectionInterface@?$IConnectionPointImpl@VCOPOSElectronicValueRW@@$1?DIID__IOPOSElectronicValueRWEvents@@3U_GUID@@BVCComDynamicUnkArray@ATL@@@ATL@@UEAAJPEAU_GUID@@@Z 0000000180003bbc f i ElectronicValueRW.obj
 0001:00002bd8       ?GetConnectionPointContainer@?$IConnectionPointImpl@VCOPOSElectronicValueRW@@$1?DIID__IOPOSElectronicValueRWEvents@@3U_GUID@@BVCComDynamicUnkArray@ATL@@@ATL@@UEAAJPEAPEAUIConnectionPointContainer@@@Z 0000000180003bd8 f i ElectronicValueRW.obj
 0001:00002bf8       ?UpdateRegistry@COPOSElectronicValueRW@@SAJH@Z 0000000180003bf8 f i ElectronicValueRW.obj
 0001:00002c10       ?ProcessWindowMessage@COPOSElectronicValueRW@@UEAAHPEAUHWND__@@I_K_JAEA_JK@Z 0000000180003c10 f i ElectronicValueRW.obj
 0001:00002ca0       ?SOData@COPOSElectronicValueRW@@MEAAJJ@Z 0000000180003ca0 f i ElectronicValueRW.obj
 0001:00002cf0       ?SODirectIO@COPOSElectronicValueRW@@MEAAJJPEAJPEAPEA_W@Z 0000000180003cf0 f i ElectronicValueRW.obj
 0001:00002d68       ?SOError@COPOSElectronicValueRW@@MEAAJJJJPEAJ@Z 0000000180003d68 f i ElectronicValueRW.obj
 0001:00002df0       ?SOOutputComplete@COPOSElectronicValueRW@@MEAAJJ@Z 0000000180003df0 f i ElectronicValueRW.obj
 0001:00002e40       ?SOStatusUpdate@COPOSElectronicValueRW@@MEAAJJ@Z 0000000180003e40 f i ElectronicValueRW.obj
 0001:00002e90       ?SOTransition@COPOSElectronicValueRW@@MEAAJJPEAJPEAPEA_W@Z 0000000180003e90 f i ElectronicValueRW.obj
 0001:00002f08       ?AddReplacement@CRegObject@ATL@@UEAAJPEB_W0@Z 0000000180003f08 f i ElectronicValueRW.obj
 0001:00002f38       ?ClearReplacements@CRegObject@ATL@@UEAAJXZ 0000000180003f38 f i ElectronicValueRW.obj
 0001:00002f44       ?CreateInstance@?$CComCreator@V?$CComObjectCached@VCComClassFactory@ATL@@@ATL@@@ATL@@SAJPEAXAEBU_GUID@@PEAPEAX@Z 0000000180003f44 f i ElectronicValueRW.obj
 0001:00003068       ?CreateInstance@?$CComCreator2@V?$CComCreator@V?$CComObject@VCOPOSElectronicValueRW@@@ATL@@@ATL@@V?$CComCreator@V?$CComAggObject@VCOPOSElectronicValueRW@@@ATL@@@2@@ATL@@SAJPEAXAEBU_GUID@@PEAPEAX@Z 0000000180004068 f i ElectronicValueRW.obj
 0001:00003078       ??_ECRegObject@ATL@@UEAAPEAXI@Z 0000000180004078 f i ElectronicValueRW.obj
 0001:00003078       ??_GCRegObject@ATL@@UEAAPEAXI@Z 0000000180004078 f i ElectronicValueRW.obj
 0001:000030f8       ?AddRef@?$CComObjectCached@VCComClassFactory@ATL@@@ATL@@UEAAKXZ 00000001800040f8 f i ElectronicValueRW.obj
 0001:00003124       ?Release@?$CComObjectCached@VCComClassFactory@ATL@@@ATL@@UEAAKXZ 0000000180004124 f i ElectronicValueRW.obj
 0001:00003164       ?QueryInterface@?$CComObjectCached@VCComClassFactory@ATL@@@ATL@@UEAAJAEBU_GUID@@PEAPEAX@Z 0000000180004164 f i ElectronicValueRW.obj
 0001:00003178       ??_G?$CComObjectCached@VCComClassFactory@ATL@@@ATL@@UEAAPEAXI@Z 0000000180004178 f i ElectronicValueRW.obj
 0001:00003178       ??_E?$CComObjectCached@VCComClassFactory@ATL@@@ATL@@UEAAPEAXI@Z 0000000180004178 f i ElectronicValueRW.obj
 0001:000031d0       ?Next@?$CComEnumImpl@UIEnumConnectionPoints@@$1?_GUID_b196b285_bab4_101a_b69c_00aa00341d07@@3U__s_GUID@@BPEAUIConnectionPoint@@V?$_CopyInterface@UIConnectionPoint@@@ATL@@@ATL@@UEAAJKPEAPEAUIConnectionPoint@@PEAK@Z 00000001800041d0 f i ElectronicValueRW.obj
 0001:00003294       ?Skip@?$CComEnumImpl@UIEnumConnectionPoints@@$1?_GUID_b196b285_bab4_101a_b69c_00aa00341d07@@3U__s_GUID@@BPEAUIConnectionPoint@@V?$_CopyInterface@UIConnectionPoint@@@ATL@@@ATL@@UEAAJK@Z 0000000180004294 f i ElectronicValueRW.obj
 0001:000032c0       ?Clone@?$CComEnumImpl@UIEnumConnectionPoints@@$1?_GUID_b196b285_bab4_101a_b69c_00aa00341d07@@3U__s_GUID@@BPEAUIConnectionPoint@@V?$_CopyInterface@UIConnectionPoint@@@ATL@@@ATL@@UEAAJPEAPEAUIEnumConnectionPoints@@@Z 00000001800042c0 f i ElectronicValueRW.obj
 0001:000033ec       ?QueryInterface@?$CComObject@V?$CComEnum@UIEnumConnectionPoints@@$1?_GUID_b196b285_bab4_101a_b69c_00aa00341d07@@3U__s_GUID@@BPEAUIConnectionPoint@@V?$_CopyInterface@UIConnectionPoint@@@ATL@@VCComSingleThreadModel@6@@ATL@@@ATL@@UEAAJAEBU_GUID@@PEAPEAX@Z 00000001800043ec f i ElectronicValueRW.obj
 0001:00003400       ??_G?$CComObject@V?$CComEnum@UIEnumConnectionPoints@@$1?_GUID_b196b285_bab4_101a_b69c_00aa00341d07@@3U__s_GUID@@BPEAUIConnectionPoint@@V?$_CopyInterface@UIConnectionPoint@@@ATL@@VCComSingleThreadModel@6@@ATL@@@ATL@@UEAAPEAXI@Z 0000000180004400 f i ElectronicValueRW.obj
 0001:00003400       ??_E?$CComObject@V?$CComEnum@UIEnumConnectionPoints@@$1?_GUID_b196b285_bab4_101a_b69c_00aa00341d07@@3U__s_GUID@@BPEAUIConnectionPoint@@V?$_CopyInterface@UIConnectionPoint@@@ATL@@VCComSingleThreadModel@6@@ATL@@@ATL@@UEAAPEAXI@Z 0000000180004400 f i ElectronicValueRW.obj
 0001:00003458       ?OnDrawAdvanced@CComControlBase@ATL@@UEAAJAEAUATL_DRAWINFO@@@Z 0000000180004458 f i ElectronicValueRW.obj
 0001:000035e4       ?AddRef@?$CComAggObject@VCOPOSElectronicValueRW@@@ATL@@UEAAKXZ 00000001800045e4 f i ElectronicValueRW.obj
 0001:000035f0       ?Release@?$CComAggObject@VCOPOSElectronicValueRW@@@ATL@@UEAAKXZ 00000001800045f0 f i ElectronicValueRW.obj
 0001:00003644       ?QueryInterface@?$CComAggObject@VCOPOSElectronicValueRW@@@ATL@@UEAAJAEBU_GUID@@PEAPEAX@Z 0000000180004644 f i ElectronicValueRW.obj
 0001:000036a4       ?AddRef@?$CComContainedObject@VCOPOSElectronicValueRW@@@ATL@@UEAAKXZ 00000001800046a4 f i ElectronicValueRW.obj
 0001:000036b4       ?Release@?$CComContainedObject@VCOPOSElectronicValueRW@@@ATL@@UEAAKXZ 00000001800046b4 f i ElectronicValueRW.obj
 0001:000036c4       ?QueryInterface@?$CComContainedObject@VCOPOSElectronicValueRW@@@ATL@@UEAAJAEBU_GUID@@PEAPEAX@Z 00000001800046c4 f i ElectronicValueRW.obj
 0001:000036d4       ??_E?$CComAggObject@VCOPOSElectronicValueRW@@@ATL@@UEAAPEAXI@Z 00000001800046d4 f i ElectronicValueRW.obj
 0001:000036d4       ??_G?$CComAggObject@VCOPOSElectronicValueRW@@@ATL@@UEAAPEAXI@Z 00000001800046d4 f i ElectronicValueRW.obj
 0001:0000372c       ?AddRef@?$CComObject@VCOPOSElectronicValueRW@@@ATL@@UEAAKXZ 000000018000472c f i ElectronicValueRW.obj
 0001:0000373c       ?Release@?$CComObject@VCOPOSElectronicValueRW@@@ATL@@UEAAKXZ 000000018000473c f i ElectronicValueRW.obj
 0001:00003794       ?QueryInterface@?$CComObject@VCOPOSElectronicValueRW@@@ATL@@UEAAJAEBU_GUID@@PEAPEAX@Z 0000000180004794 f i ElectronicValueRW.obj
 0001:000037a8       ??$AtlModuleRegisterWndClassInfoT@VAtlModuleRegisterWndClassInfoParamW@ATL@@@ATL@@YAGPEAU_ATL_BASE_MODULE70@0@PEAU_ATL_WIN_MODULE70@0@PEAU_ATL_WNDCLASSINFOW@0@PEAP6A_JPEAUHWND__@@I_K_J@ZVAtlModuleRegisterWndClassInfoParamW@0@@Z 00000001800047a8 f i ElectronicValueRW.obj
 0001:000039a8       ??0?$CComContainedObject@VCOPOSElectronicValueRW@@@ATL@@QEAA@PEAX@Z 00000001800049a8 f i ElectronicValueRW.obj
 0001:00003ac4       ??0?$CComObject@VCOPOSElectronicValueRW@@@ATL@@QEAA@PEAX@Z 0000000180004ac4 f i ElectronicValueRW.obj
 0001:00003bdc       ??0CAtlModule@ATL@@QEAA@XZ 0000000180004bdc f i ElectronicValueRW.obj
 0001:00003c50       ??1?$CComEnumImpl@UIEnumConnectionPoints@@$1?_GUID_b196b285_bab4_101a_b69c_00aa00341d07@@3U__s_GUID@@BPEAUIConnectionPoint@@V?$_CopyInterface@UIConnectionPoint@@@ATL@@@ATL@@UEAA@XZ 0000000180004c50 f i ElectronicValueRW.obj
 0001:00003ca8       ??1?$CComEnumImpl@UIEnumConnections@@$1?_GUID_b196b287_bab4_101a_b69c_00aa00341d07@@3U__s_GUID@@BUtagCONNECTDATA@@V?$_Copy@UtagCONNECTDATA@@@ATL@@@ATL@@UEAA@XZ 0000000180004ca8 f i ElectronicValueRW.obj
 0001:00003d00       ??1?$CComObject@VCOPOSElectronicValueRW@@@ATL@@UEAA@XZ 0000000180004d00 f i ElectronicValueRW.obj
 0001:00003e20       ??_E?$CComContainedObject@VCOPOSElectronicValueRW@@@ATL@@UEAAPEAXI@Z 0000000180004e20 f i ElectronicValueRW.obj
 0001:00003e20       ??_G?$CComContainedObject@VCOPOSElectronicValueRW@@@ATL@@UEAAPEAXI@Z 0000000180004e20 f i ElectronicValueRW.obj
 0001:00003e54       ??_G?$CComObject@VCOPOSElectronicValueRW@@@ATL@@UEAAPEAXI@Z 0000000180004e54 f i ElectronicValueRW.obj
 0001:00003e54       ??_E?$CComObject@VCOPOSElectronicValueRW@@@ATL@@UEAAPEAXI@Z 0000000180004e54 f i ElectronicValueRW.obj
 0001:00003e88       ?Add@?$CSimpleArray@GV?$CSimpleArrayEqualHelper@G@ATL@@@ATL@@QEAAHAEBG@Z 0000000180004e88 f i ElectronicValueRW.obj
 0001:00003f28       ?Add@?$CSimpleMap@PEA_WPEA_WVCExpansionVectorEqualHelper@ATL@@@ATL@@QEAAHAEBQEA_W0@Z 0000000180004f28 f i ElectronicValueRW.obj
 0001:00003fc4       ?Add@CComDynamicUnkArray@ATL@@QEAAKPEAUIUnknown@@@Z 0000000180004fc4 f i ElectronicValueRW.obj
 0001:000040a8       ?Add@CExpansionVector@ATL@@QEAAHPEB_W0@Z 00000001800050a8 f i ElectronicValueRW.obj
 0001:000041dc       ?AddTermFunc@CAtlModule@ATL@@QEAAJP6AX_K@Z0@Z 00000001800051dc f i ElectronicValueRW.obj
 0001:00004278       ?AddValue@CRegParser@ATL@@IEAAJAEAVCRegKey@2@PEB_WPEA_W@Z 0000000180005278 f i ElectronicValueRW.obj
 0001:00004688       ?AllocateHeap@?$CTempBuffer@_W$0BAA@VCCRTAllocator@ATL@@@ATL@@AEAAX_K@Z 0000000180005688 f i ElectronicValueRW.obj
 0001:00004688       ?AllocateHeap@?$CTempBuffer@E$0BAA@VCCRTAllocator@ATL@@@ATL@@AEAAX_K@Z 0000000180005688 f i ElectronicValueRW.obj
 0001:00004688       ?AllocateHeap@?$CTempBuffer@_W$0EAA@VCCRTAllocator@ATL@@@ATL@@AEAAX_K@Z 0000000180005688 f i ElectronicValueRW.obj
 0001:000046b4       ?Append@CParseBuffer@CRegParser@ATL@@QEAAHPEB_WH@Z 00000001800056b4 f i ElectronicValueRW.obj
 0001:000047e8       ?AtlComModuleGetClassObject@ATL@@YAJPEAU_ATL_COM_MODULE70@1@AEBU_GUID@@1PEAPEAX@Z 00000001800057e8 f i ElectronicValueRW.obj
 0001:00004924       ?AtlComModuleRegisterServer@ATL@@YAJPEAU_ATL_COM_MODULE70@1@HPEBU_GUID@@@Z 0000000180005924 f i ElectronicValueRW.obj
 0001:000049e4       ?AtlComModuleUnregisterServer@ATL@@YAJPEAU_ATL_COM_MODULE70@1@HPEBU_GUID@@@Z 00000001800059e4 f i ElectronicValueRW.obj
 0001:00004aa0       ?AtlHiMetricToPixel@ATL@@YAXPEBUtagSIZE@@PEAU2@@Z 0000000180005aa0 f i ElectronicValueRW.obj
 0001:00004b50       ?AtlHresultFromLastError@ATL@@YAJXZ 0000000180005b50 f i ElectronicValueRW.obj
 0001:00004b70       ?AtlHresultFromWin32@ATL@@YAJK@Z 0000000180005b70 f i ElectronicValueRW.obj
 0001:00004b80       ?AtlInternalOleLoadFromStream@ATL@@YAJPEAUIStream@@AEBU_GUID@@PEAPEAXTClassesAllowedInStream@1@K@Z 0000000180005b80 f i ElectronicValueRW.obj
 0001:00004cd0       ?AtlInternalQueryInterface@ATL@@YAJPEAXPEBU_ATL_INTMAP_ENTRY@1@AEBU_GUID@@PEAPEAX@Z 0000000180005cd0 f i ElectronicValueRW.obj
 0001:00004dd8       ?AtlLoadTypeLib@ATL@@YAJPEAUHINSTANCE__@@PEB_WPEAPEA_WPEAPEAUITypeLib@@@Z 0000000180005dd8 f i ElectronicValueRW.obj
 0001:00005034       ?AtlRegisterClassCategoriesHelper@ATL@@YAJAEBU_GUID@@PEBU_ATL_CATMAP_ENTRY@1@H@Z 0000000180006034 f i ElectronicValueRW.obj
 0001:000054b8       ?AtlRegisterTypeLib@ATL@@YAJPEAUHINSTANCE__@@PEB_W@Z 00000001800064b8 f i ElectronicValueRW.obj
 0001:000056b4       ?AtlThrowImpl@ATL@@YAXJ@Z  00000001800066b4 f i ElectronicValueRW.obj
 0001:000056d8       ?AtlUnRegisterTypeLib@ATL@@YAJPEAUHINSTANCE__@@PEB_W@Z 00000001800066d8 f i ElectronicValueRW.obj
 0001:000057a0       ?AtlWinModuleExtractCreateWndData@ATL@@YAPEAXPEAU_ATL_WIN_MODULE70@1@@Z 00000001800067a0 f i ElectronicValueRW.obj
 0001:0000582c       ?ChToByte@CRegParser@ATL@@KAE_W@Z 000000018000682c f i ElectronicValueRW.obj
 0001:000058b8       ?Cleanup@CComTypeInfoHolder@ATL@@SAX_K@Z 00000001800068b8 f i ElectronicValueRW.obj
 0001:000058f8       ?ClearReplacements@CExpansionVector@ATL@@QEAAJXZ 00000001800068f8 f i ElectronicValueRW.obj
 0001:00005994       ?CreateInstance@?$CComCreator@V?$CComAggObject@VCOPOSElectronicValueRW@@@ATL@@@ATL@@SAJPEAXAEBU_GUID@@PEAPEAX@Z 0000000180006994 f i ElectronicValueRW.obj
 0001:00005a78       ?CreateInstance@?$CComCreator@V?$CComObject@VCOPOSElectronicValueRW@@@ATL@@@ATL@@SAJPEAXAEBU_GUID@@PEAPEAX@Z 0000000180006a78 f i ElectronicValueRW.obj
 0001:00005b38       ?CreateInstance@?$CComObject@V?$CComEnum@UIEnumConnectionPoints@@$1?_GUID_b196b285_bab4_101a_b69c_00aa00341d07@@3U__s_GUID@@BPEAUIConnectionPoint@@V?$_CopyInterface@UIConnectionPoint@@@ATL@@VCComSingleThreadModel@6@@ATL@@@ATL@@SAJPEAPEAV12@@Z 0000000180006b38 f i ElectronicValueRW.obj
 0001:00005bc8       ?CreateInstance@?$CComObject@V?$CComEnum@UIEnumConnections@@$1?_GUID_b196b287_bab4_101a_b69c_00aa00341d07@@3U__s_GUID@@BUtagCONNECTDATA@@V?$_Copy@UtagCONNECTDATA@@@ATL@@VCComSingleThreadModel@6@@ATL@@@ATL@@SAJPEAPEAV12@@Z 0000000180006bc8 f i ElectronicValueRW.obj
 0001:00005c58       ?DefaultReflectionHandler@?$CWindowImplRoot@VCWindow@ATL@@@ATL@@SAHPEAUHWND__@@I_K_JAEA_J@Z 0000000180006c58 f i ElectronicValueRW.obj
 0001:00005cec       ?DeleteSubKey@CRegKey@ATL@@QEAAJPEB_W@Z 0000000180006cec f i ElectronicValueRW.obj
 0001:00005d84       ?DoEvent@COPOSElectronicValueRW@@IEAAXI_K_J@Z 0000000180006d84 f i ElectronicValueRW.obj
 0001:00005e38       ?DoVerbPrimary@?$IOleObjectImpl@VCOPOSElectronicValueRW@@@ATL@@QEAAJPEBUtagRECT@@PEAUHWND__@@@Z 0000000180006e38 f i ElectronicValueRW.obj
 0001:00005f64       ?DoVerbProperties@CComControlBase@ATL@@QEAAJPEBUtagRECT@@PEAUHWND__@@@Z 0000000180006f64 f i ElectronicValueRW.obj
 0001:0000618c       ?FireTheEvent@?$CProxy_IOPOSEvents@VCOPOSElectronicValueRW@@@@IEAAXPEAVOposVariant@@IAEAJPEB_WJ@Z 000000018000718c f i ElectronicValueRW.obj
 0001:00006278       ?FireViewChange@CComControlBase@ATL@@QEAAJXZ 0000000180007278 f i ElectronicValueRW.obj
 0001:000062dc       ?Fire_DataEvent@?$CProxy_IOPOSEvents@VCOPOSElectronicValueRW@@@@QEAAXJ@Z 00000001800072dc f i ElectronicValueRW.obj
 0001:000063c8       ?Fire_DirectIOEvent@?$CProxy_IOPOSEvents@VCOPOSElectronicValueRW@@@@QEAAXJPEAJPEAPEA_W@Z 00000001800073c8 f i ElectronicValueRW.obj
 0001:00006528       ?Fire_ErrorEvent@?$CProxy_IOPOSEvents@VCOPOSElectronicValueRW@@@@QEAAXJJJPEAJ@Z 0000000180007528 f i ElectronicValueRW.obj
 0001:0000669c       ?Fire_OutputCompleteEvent@?$CProxy_IOPOSEvents@VCOPOSElectronicValueRW@@@@QEAAXJ@Z 000000018000769c f i ElectronicValueRW.obj
 0001:00006788       ?Fire_StatusUpdateEvent@?$CProxy_IOPOSEvents@VCOPOSElectronicValueRW@@@@QEAAXJ@Z 0000000180007788 f i ElectronicValueRW.obj
 0001:00006874       ?Fire_TransitionEvent@?$CProxy_IOPOSEvents@VCOPOSElectronicValueRW@@@@QEAAXJPEAJPEAPEA_W@Z 0000000180007874 f i ElectronicValueRW.obj
 0001:000069d4       ?FreeHeap@?$CTempBuffer@E$0BAA@VCCRTAllocator@ATL@@@ATL@@AEAAXXZ 00000001800079d4 f i ElectronicValueRW.obj
 0001:000069d4       ?FreeHeap@?$CTempBuffer@_W$0EAA@VCCRTAllocator@ATL@@@ATL@@AEAAXXZ 00000001800079d4 f i ElectronicValueRW.obj
 0001:000069d4       ?FreeHeap@?$CTempBuffer@_W$0BAA@VCCRTAllocator@ATL@@@ATL@@AEAAXXZ 00000001800079d4 f i ElectronicValueRW.obj
 0001:000069dc       ?GetAmbientLocaleID@CComControlBase@ATL@@QEAAJAEAK@Z 00000001800079dc f i ElectronicValueRW.obj
 0001:00006a9c       ?GetAmbientUserMode@CComControlBase@ATL@@QEAAJAEAH@Z 0000000180007a9c f i ElectronicValueRW.obj
 0001:00006b6c       ?GetClassObject@CComModule@ATL@@QEAAJAEBU_GUID@@0PEAPEAX@Z 0000000180007b6c f i ElectronicValueRW.obj
 0001:00006c60       ?GetConnMap@COPOSElectronicValueRW@@SAPEBU_ATL_CONNMAP_ENTRY@ATL@@PEAH@Z 0000000180007c60 f i ElectronicValueRW.obj
 0001:00006ce8       ?GetIDsOfNames@CComTypeInfoHolder@ATL@@QEAAJAEBU_GUID@@PEAPEA_WIKPEAJ@Z 0000000180007ce8 f i ElectronicValueRW.obj
 0001:00006e58       ?GetPagesHelper@?$ISpecifyPropertyPagesImpl@VCOPOSElectronicValueRW@@@ATL@@IEAAJPEAUtagCAUUID@@PEBUATL_PROPMAP_ENTRY@2@@Z 0000000180007e58 f i ElectronicValueRW.obj
 0001:00006ff8       ?GetSizeMax@CComVariant@ATL@@QEBAJPEAT_ULARGE_INTEGER@@@Z 0000000180007ff8 f i ElectronicValueRW.obj
 0001:00007228       ?GetTI@CComTypeInfoHolder@ATL@@QEAAJK@Z 0000000180008228 f i ElectronicValueRW.obj
 0001:0000750c       ?GetZoomInfo@CComControlBase@ATL@@QEAAXAEAUATL_DRAWINFO@@@Z 000000018000850c f i ElectronicValueRW.obj
 0001:000075b0       ?HKeyFromString@CRegParser@ATL@@KAPEAUHKEY__@@PEA_W@Z 00000001800085b0 f i ElectronicValueRW.obj
 0001:00007614       ?IDataObject_GetData@CComControlBase@ATL@@QEAAJPEAUtagFORMATETC@@PEAUtagSTGMEDIUM@@@Z 0000000180008614 f i ElectronicValueRW.obj
 0001:00007808       ?IOleInPlaceObject_InPlaceDeactivate@CComControlBase@ATL@@QEAAJXZ 0000000180008808 f i ElectronicValueRW.obj
 0001:000078a8       ?IOleInPlaceObject_SetObjectRects@CComControlBase@ATL@@QEAAJPEBUtagRECT@@0@Z 00000001800088a8 f i ElectronicValueRW.obj
 0001:00007998       ?IOleInPlaceObject_UIDeactivate@CComControlBase@ATL@@QEAAJXZ 0000000180008998 f i ElectronicValueRW.obj
 0001:00007aa4       ?IOleObject_Close@CComControlBase@ATL@@QEAAJK@Z 0000000180008aa4 f i ElectronicValueRW.obj
 0001:00007bbc       ?IOleObject_SetClientSite@CComControlBase@ATL@@QEAAJPEAUIOleClientSite@@@Z 0000000180008bbc f i ElectronicValueRW.obj
 0001:00007c30       ?IOleObject_SetExtent@CComControlBase@ATL@@QEAAJKPEAUtagSIZE@@@Z 0000000180008c30 f i ElectronicValueRW.obj
 0001:00007cc8       ?IPSI_GetIPersistStreamInit@?$IPersistStorageImpl@VCOPOSElectronicValueRW@@@ATL@@AEAAPEAUIPersistStreamInit@@XZ 0000000180008cc8 f i ElectronicValueRW.obj
 0001:00007db0       ?IPersistStreamInit_Load@?$IPersistStreamInitImpl@VCOPOSElectronicValueRW@@@ATL@@QEAAJPEAUIStream@@PEBUATL_PROPMAP_ENTRY@2@@Z 0000000180008db0 f i ElectronicValueRW.obj
 0001:000080d8       ?IPersistStreamInit_Save@?$IPersistStreamInitImpl@VCOPOSElectronicValueRW@@@ATL@@QEAAJPEAUIStream@@HPEBUATL_PROPMAP_ENTRY@2@@Z 00000001800090d8 f i ElectronicValueRW.obj
 0001:00008374       ?IQuickActivate_QuickActivate@CComControlBase@ATL@@QEAAJPEAUtagQACONTAINER@@PEAUtagQACONTROL@@@Z 0000000180009374 f i ElectronicValueRW.obj
 0001:00008638       ?IViewObject_Draw@CComControlBase@ATL@@QEAAJKJPEAXPEAUtagDVTARGETDEVICE@@PEAUHDC__@@2PEBU_RECTL@@3@Z 0000000180009638 f i ElectronicValueRW.obj
 0001:0000874c       ?InPlaceActivate@CComControlBase@ATL@@QEAAJJPEBUtagRECT@@@Z 000000018000974c f i ElectronicValueRW.obj
 0001:00008a7c       ?Init@?$CComEnumImpl@UIEnumConnectionPoints@@$1?_GUID_b196b285_bab4_101a_b69c_00aa00341d07@@3U__s_GUID@@BPEAUIConnectionPoint@@V?$_CopyInterface@UIConnectionPoint@@@ATL@@@ATL@@QEAAJPEAPEAUIConnectionPoint@@0PEAUIUnknown@@W4CComEnumFlags@2@@Z 0000000180009a7c f i ElectronicValueRW.obj
 0001:00008b98       ?Init@?$CComEnumImpl@UIEnumConnections@@$1?_GUID_b196b287_bab4_101a_b69c_00aa00341d07@@3U__s_GUID@@BUtagCONNECTDATA@@V?$_Copy@UtagCONNECTDATA@@@ATL@@@ATL@@QEAAJPEAUtagCONNECTDATA@@0PEAUIUnknown@@W4CComEnumFlags@2@@Z 0000000180009b98 f i ElectronicValueRW.obj
 0001:00008cb8       ?IsEqualObject@?$CComPtrBase@UIOleClientSite@@@ATL@@QEAA_NPEAUIUnknown@@@Z 0000000180009cb8 f i ElectronicValueRW.obj
 0001:00008d44       ?LoadNameCache@CComTypeInfoHolder@ATL@@QEAAJPEAUITypeInfo@@@Z 0000000180009d44 f i ElectronicValueRW.obj
 0001:00008ed4       ?Lookup@?$CSimpleMap@PEA_WPEA_WVCExpansionVectorEqualHelper@ATL@@@ATL@@QEBAPEA_WAEBQEA_W@Z 0000000180009ed4 f i ElectronicValueRW.obj
 0001:00008f5c       ?NextToken@CRegParser@ATL@@IEAAJPEA_W@Z 0000000180009f5c f i ElectronicValueRW.obj
 0001:000090f8       ?OnKillFocus@CComControlBase@ATL@@QEAA_JI_K_JAEAH@Z 000000018000a0f8 f i ElectronicValueRW.obj
 0001:00009194       ?OnMouseActivate@CComControlBase@ATL@@QEAA_JI_K_JAEAH@Z 000000018000a194 f i ElectronicValueRW.obj
 0001:00009234       ?OnPaint@CComControlBase@ATL@@QEAA_JI_K_JAEAH@Z 000000018000a234 f i ElectronicValueRW.obj
 0001:00009320       ?OnSetFocus@CComControlBase@ATL@@QEAA_JI_K_JAEAH@Z 000000018000a320 f i ElectronicValueRW.obj
 0001:00009428       ?PreProcessBuffer@CRegParser@ATL@@QEAAJPEA_WPEAPEA_W@Z 000000018000a428 f i ElectronicValueRW.obj
 0001:000097b0       ?ProcessWindowMessage@?$CComControl@VCOPOSElectronicValueRW@@V?$CWindowImpl@VCOPOSElectronicValueRW@@VCWindow@ATL@@V?$CWinTraits@$0FGAAAAAA@$0A@@3@@ATL@@@ATL@@UEAAHPEAUHWND__@@I_K_JAEA_JK@Z 000000018000a7b0 f i ElectronicValueRW.obj
 0001:0000989c       ?ReadFromStream@CComBSTR@ATL@@QEAAJPEAUIStream@@@Z 000000018000a89c f i ElectronicValueRW.obj
 0001:000099ec       ?ReadFromStream@CComVariant@ATL@@QEAAJPEAUIStream@@GTClassesAllowedInStream@2@K@Z 000000018000a9ec f i ElectronicValueRW.obj
 0001:00009c30       ?RecurseDeleteKey@CRegKey@ATL@@QEAAJPEB_W@Z 000000018000ac30 f i ElectronicValueRW.obj
 0001:00009d88       ?RegCreateKeyExW@CAtlTransactionManager@ATL@@QEAAJPEAUHKEY__@@PEB_WKPEA_WKKQEAU_SECURITY_ATTRIBUTES@@PEAPEAU3@PEAK@Z 000000018000ad88 f i ElectronicValueRW.obj
 0001:00009ebc       ?RegDeleteKeyW@CAtlTransactionManager@ATL@@QEAAJPEAUHKEY__@@PEB_W@Z 000000018000aebc f i ElectronicValueRW.obj
 0001:00009f48       ?RegOpenKeyExW@CAtlTransactionManager@ATL@@QEAAJPEAUHKEY__@@PEB_WKKPEAPEAU3@@Z 000000018000af48 f i ElectronicValueRW.obj
 0001:0000a000       ?RegisterBuffer@CRegParser@ATL@@QEAAJPEA_WH@Z 000000018000b000 f i ElectronicValueRW.obj
 0001:0000a16c       ?RegisterFromResource@CRegObject@ATL@@IEAAJPEB_W00H@Z 000000018000b16c f i ElectronicValueRW.obj
 0001:0000a328       ?RegisterServer@CComModule@ATL@@QEAAJHPEBU_GUID@@@Z 000000018000b328 f i ElectronicValueRW.obj
 0001:0000a3e4       ?RegisterSubkeys@CRegParser@ATL@@IEAAJPEA_WPEAUHKEY__@@HH@Z 000000018000b3e4 f i ElectronicValueRW.obj
 0001:0000ac64       ?SendOnDataChange@CComControlBase@ATL@@QEAAJK@Z 000000018000bc64 f i ElectronicValueRW.obj
 0001:0000acd4       ?SetControlFocus@CComControlBase@ATL@@QEAAHH@Z 000000018000bcd4 f i ElectronicValueRW.obj
 0001:0000ada4       ?SkipAssignment@CRegParser@ATL@@IEAAJPEA_W@Z 000000018000bda4 f i ElectronicValueRW.obj
 0001:0000ae5c       ?Term@CAtlModule@ATL@@QEAAXXZ 000000018000be5c f i ElectronicValueRW.obj
 0001:0000af14       ?Term@CComModule@ATL@@QEAAXXZ 000000018000bf14 f i ElectronicValueRW.obj
 0001:0000af90       ?UnregisterServer@CComModule@ATL@@QEAAJHPEBU_GUID@@@Z 000000018000bf90 f i ElectronicValueRW.obj
 0001:0000b040       ?UpdateRegistryFromResource@CAtlModule@ATL@@QEAAJIHPEAU_ATL_REGMAP_ENTRY@2@@Z 000000018000c040 f i ElectronicValueRW.obj
 0001:0000b34c       ?UpdateRegistryFromResource@CAtlModule@ATL@@QEAAJPEB_WHPEAU_ATL_REGMAP_ENTRY@2@@Z 000000018000c34c f i ElectronicValueRW.obj
 0001:0000b670       ?VTFromRegType@CRegParser@ATL@@KAHPEB_WAEAG@Z 000000018000c670 f i ElectronicValueRW.obj
 0001:0000b70c       ?WindowProc@?$CWindowImplBaseT@VCWindow@ATL@@V?$CWinTraits@$0FGAAAAAA@$0A@@2@@ATL@@SA_JPEAUHWND__@@I_K_J@Z 000000018000c70c f i ElectronicValueRW.obj
 0001:0000b878       ?WriteToStream@CComVariant@ATL@@QEAAJPEAUIStream@@@Z 000000018000c878 f i ElectronicValueRW.obj
 0001:0000bae4       ?WriteToStream@CComVariant@ATL@@QEAAJPEAUIStream@@G@Z 000000018000cae4 f i ElectronicValueRW.obj
 0001:0000bb7c       ?_AtlVerifyStackAvailable@_ATL_SAFE_ALLOCA_IMPL@ATL@@YA_N_K@Z 000000018000cb7c f i ElectronicValueRW.obj
 0001:0000bc00       ?atlCreate@?$CWindowImpl@VCOPOSElectronicValueRW@@VCWindow@ATL@@V?$CWinTraits@$0FGAAAAAA@$0A@@3@@ATL@@QEAAPEAUHWND__@@PEAU3@V_U_RECT@2@PEB_WKKV_U_MENUorID@2@PEAX@Z 000000018000cc00 f i ElectronicValueRW.obj
 0001:0000bcbc       ?atlCreate@?$CWindowImplBaseT@VCWindow@ATL@@V?$CWinTraits@$0FGAAAAAA@$0A@@2@@ATL@@QEAAPEAUHWND__@@PEAU3@V_U_RECT@2@PEB_WKKV_U_MENUorID@2@GPEAX@Z 000000018000ccbc f i ElectronicValueRW.obj
 0001:0000be2c       ?ocscpy_s@@YA_NPEA_W_KPEB_W@Z 000000018000ce2c f i ElectronicValueRW.obj
 0001:0000bedc       DllCanUnloadNow            000000018000cedc f   ElectronicValueRW.obj
 0001:0000bee8       DllGetClassObject          000000018000cee8 f   ElectronicValueRW.obj
 0001:0000bf00       DllMain                    000000018000cf00 f   ElectronicValueRW.obj
 0001:0000bfa8       DllRegisterServer          000000018000cfa8 f   ElectronicValueRW.obj
 0001:0000bfbc       DllUnregisterServer        000000018000cfbc f   ElectronicValueRW.obj
 0001:0000bfd0       __local_stdio_printf_options 000000018000cfd0 f i ElectronicValueRW.obj
 0001:0000bfd8       swprintf_s                 000000018000cfd8 f i ElectronicValueRW.obj
 0001:0000c02c       ??0COPOSElectronicValueRW@@QEAA@XZ 000000018000d02c f   ElectronicValueRWImpl.obj
 0001:0000c100       ??1?$IConnectionPointImpl@VCOPOSElectronicValueRW@@$1?DIID__IOPOSElectronicValueRWEvents@@3U_GUID@@BVCComDynamicUnkArray@ATL@@@ATL@@QEAA@XZ 000000018000d100 f i ElectronicValueRWImpl.obj
 0001:0000c100       ??1?$IConnectionPointImpl@VCOPOSElectronicValueRW@@$1?IID_IPropertyNotifySink@@3U_GUID@@BVCComDynamicUnkArray@ATL@@@ATL@@QEAA@XZ 000000018000d100 f i ElectronicValueRWImpl.obj
 0001:0000c15c       ??1CComControlBase@ATL@@UEAA@XZ 000000018000d15c f i ElectronicValueRWImpl.obj
 0001:0000c1d8       ??1COPOSElectronicValueRW@@UEAA@XZ 000000018000d1d8 f   ElectronicValueRWImpl.obj
 0001:0000c23c       ?AccessDailyLog@COPOSElectronicValueRW@@UEAAJJJJPEAJ@Z 000000018000d23c f   ElectronicValueRWImpl.obj
 0001:0000c324       ?AccessData@COPOSElectronicValueRW@@UEAAJJPEAJPEAPEA_W0@Z 000000018000d324 f   ElectronicValueRWImpl.obj
 0001:0000c420       ?AccessLog@COPOSElectronicValueRW@@UEAAJJJJPEAJ@Z 000000018000d420 f   ElectronicValueRWImpl.obj
 0001:0000c508       ?ActivateEVService@COPOSElectronicValueRW@@UEAAJPEAJPEAPEA_W0@Z 000000018000d508 f   ElectronicValueRWImpl.obj
 0001:0000c5e4       ?ActivateService@COPOSElectronicValueRW@@UEAAJPEAJPEAPEA_W0@Z 000000018000d5e4 f   ElectronicValueRWImpl.obj
 0001:0000c6c0       ?AddValue@COPOSElectronicValueRW@@UEAAJJJPEAJ@Z 000000018000d6c0 f   ElectronicValueRWImpl.obj
 0001:0000c78c       ?AuthorizeCompletion@COPOSElectronicValueRW@@UEAAJJTtagCY@@0JPEAJ@Z 000000018000d78c f   ElectronicValueRWImpl.obj
 0001:0000c88c       ?AuthorizePreSales@COPOSElectronicValueRW@@UEAAJJTtagCY@@0JPEAJ@Z 000000018000d88c f   ElectronicValueRWImpl.obj
 0001:0000c98c       ?AuthorizeRefund@COPOSElectronicValueRW@@UEAAJJTtagCY@@0JPEAJ@Z 000000018000d98c f   ElectronicValueRWImpl.obj
 0001:0000ca8c       ?AuthorizeSales@COPOSElectronicValueRW@@UEAAJJTtagCY@@0JPEAJ@Z 000000018000da8c f   ElectronicValueRWImpl.obj
 0001:0000cb8c       ?AuthorizeVoid@COPOSElectronicValueRW@@UEAAJJTtagCY@@0JPEAJ@Z 000000018000db8c f   ElectronicValueRWImpl.obj
 0001:0000cc8c       ?AuthorizeVoidPreSales@COPOSElectronicValueRW@@UEAAJJTtagCY@@0JPEAJ@Z 000000018000dc8c f   ElectronicValueRWImpl.obj
 0001:0000cd8c       ?BeginDetection@COPOSElectronicValueRW@@UEAAJJJPEAJ@Z 000000018000dd8c f   ElectronicValueRWImpl.obj
 0001:0000ce58       ?BeginRemoval@COPOSElectronicValueRW@@UEAAJJPEAJ@Z 000000018000de58 f   ElectronicValueRWImpl.obj
 0001:0000ced4       ?CancelValue@COPOSElectronicValueRW@@UEAAJJJPEAJ@Z 000000018000ded4 f   ElectronicValueRWImpl.obj
 0001:0000cfa0       ?CaptureCard@COPOSElectronicValueRW@@UEAAJPEAJ@Z 000000018000dfa0 f   ElectronicValueRWImpl.obj
 0001:0000cfc8       ?CashDeposit@COPOSElectronicValueRW@@UEAAJJTtagCY@@JPEAJ@Z 000000018000dfc8 f   ElectronicValueRWImpl.obj
 0001:0000d0b4       ?CheckCard@COPOSElectronicValueRW@@UEAAJJJPEAJ@Z 000000018000e0b4 f   ElectronicValueRWImpl.obj
 0001:0000d180       ?CheckHealth@COPOSElectronicValueRW@@UEAAJJPEAJ@Z 000000018000e180 f   ElectronicValueRWImpl.obj
 0001:0000d1fc       ?CheckServiceRegistrationToMedium@COPOSElectronicValueRW@@UEAAJJJPEAJ@Z 000000018000e1fc f   ElectronicValueRWImpl.obj
 0001:0000d2c8       ?ClaimDevice@COPOSElectronicValueRW@@UEAAJJPEAJ@Z 000000018000e2c8 f   ElectronicValueRWImpl.obj
 0001:0000d368       ?ClearInput@COPOSElectronicValueRW@@UEAAJPEAJ@Z 000000018000e368 f   ElectronicValueRWImpl.obj
 0001:0000d390       ?ClearInputProperties@COPOSElectronicValueRW@@UEAAJPEAJ@Z 000000018000e390 f   ElectronicValueRWImpl.obj
 0001:0000d3b8       ?ClearOutput@COPOSElectronicValueRW@@UEAAJPEAJ@Z 000000018000e3b8 f   ElectronicValueRWImpl.obj
 0001:0000d3e0       ?ClearParameterInformation@COPOSElectronicValueRW@@UEAAJPEAJ@Z 000000018000e3e0 f   ElectronicValueRWImpl.obj
 0001:0000d408       ?Close@COPOSElectronicValueRW@@UEAAJPEAJ@Z 000000018000e408 f   ElectronicValueRWImpl.obj
 0001:0000d4c0       ?CloseDailyEVService@COPOSElectronicValueRW@@UEAAJPEAJPEAPEA_W0@Z 000000018000e4c0 f   ElectronicValueRWImpl.obj
 0001:0000d59c       ?CompareFirmwareVersion@COPOSElectronicValueRW@@UEAAJPEA_WPEAJ1@Z 000000018000e59c f   ElectronicValueRWImpl.obj
 0001:0000d678       ?DeactivateEVService@COPOSElectronicValueRW@@UEAAJPEAJPEAPEA_W0@Z 000000018000e678 f   ElectronicValueRWImpl.obj
 0001:0000d754       ?DirectIO@COPOSElectronicValueRW@@UEAAJJPEAJPEAPEA_W0@Z 000000018000e754 f   ElectronicValueRWImpl.obj
 0001:0000d850       ?DoInvoke@COPOSElectronicValueRW@@IEAAJJPEAVOposVariant@@IHPEAJ_N@Z 000000018000e850 f   ElectronicValueRWImpl.obj
 0001:0000d984       ?EndDetection@COPOSElectronicValueRW@@UEAAJPEAJ@Z 000000018000e984 f   ElectronicValueRWImpl.obj
 0001:0000d9ac       ?EndRemoval@COPOSElectronicValueRW@@UEAAJPEAJ@Z 000000018000e9ac f   ElectronicValueRWImpl.obj
 0001:0000d9d4       ?EnumerateCardServices@COPOSElectronicValueRW@@UEAAJPEAJ@Z 000000018000e9d4 f   ElectronicValueRWImpl.obj
 0001:0000d9fc       ?EventInit@COPOSElectronicValueRW@@IEAAJXZ 000000018000e9fc f i ElectronicValueRWImpl.obj
 0001:0000db4c       ?EventUninit@COPOSElectronicValueRW@@IEAAXXZ 000000018000eb4c f i ElectronicValueRWImpl.obj
 0001:0000dbb0       ?EventWindowProc@COPOSElectronicValueRW@@IEAA_JI_K_J@Z 000000018000ebb0 f i ElectronicValueRWImpl.obj
 0001:0000ddc8       ?FinalConstruct@COPOSElectronicValueRW@@QEAAJXZ 000000018000edc8 f   ElectronicValueRWImpl.obj
 0001:0000de04       ?FreezeEvents@COPOSElectronicValueRW@@MEAAJH@Z 000000018000ee04 f   ElectronicValueRWImpl.obj
 0001:0000de70       ?GetOposProp@COPOSElectronicValueRW@@IEAAJJPEAJJ@Z 000000018000ee70 f   ElectronicValueRWImpl.obj
 0001:0000df8c       ?GetOposProp@COPOSElectronicValueRW@@IEAAJJPEAPEA_WJ@Z 000000018000ef8c f   ElectronicValueRWImpl.obj
 0001:0000e0b8       ?LockTerminal@COPOSElectronicValueRW@@UEAAJPEAJ@Z 000000018000f0b8 f   ElectronicValueRWImpl.obj
 0001:0000e0e0       ?OnDraw@COPOSElectronicValueRW@@MEAAJAEAUATL_DRAWINFO@@@Z 000000018000f0e0 f   ElectronicValueRWImpl.obj
 0001:0000e1cc       ?Open@COPOSElectronicValueRW@@UEAAJPEA_WPEAJ@Z 000000018000f1cc f   ElectronicValueRWImpl.obj
 0001:0000ea5c       ?OpenDailyEVService@COPOSElectronicValueRW@@UEAAJPEAJPEAPEA_W0@Z 000000018000fa5c f   ElectronicValueRWImpl.obj
 0001:0000eb38       ?QueryLastSuccessfulTransactionResult@COPOSElectronicValueRW@@UEAAJPEAJ@Z 000000018000fb38 f   ElectronicValueRWImpl.obj
 0001:0000eb60       ?ReadValue@COPOSElectronicValueRW@@UEAAJJJPEAJ@Z 000000018000fb60 f   ElectronicValueRWImpl.obj
 0001:0000ec2c       ?RegisterServiceToMedium@COPOSElectronicValueRW@@UEAAJJJPEAJ@Z 000000018000fc2c f   ElectronicValueRWImpl.obj
 0001:0000ecf8       ?ReleaseDevice@COPOSElectronicValueRW@@UEAAJPEAJ@Z 000000018000fcf8 f   ElectronicValueRWImpl.obj
 0001:0000ed64       ?ResetStatistics@COPOSElectronicValueRW@@UEAAJPEA_WPEAJ@Z 000000018000fd64 f   ElectronicValueRWImpl.obj
 0001:0000edec       ?RetrieveResultInformation@COPOSElectronicValueRW@@UEAAJPEA_WPEAPEA_WPEAJ@Z 000000018000fdec f   ElectronicValueRWImpl.obj
 0001:0000eec8       ?RetrieveStatistics@COPOSElectronicValueRW@@UEAAJPEAPEA_WPEAJ@Z 000000018000fec8 f   ElectronicValueRWImpl.obj
 0001:0000ef50       ?SOProcessID@COPOSElectronicValueRW@@UEAAJPEAJ@Z 000000018000ff50 f   ElectronicValueRWImpl.obj
 0001:0000ef6c       ?SetCOFreezeEvents@COPOSElectronicValueRW@@IEAAXF@Z 000000018000ff6c f   ElectronicValueRWImpl.obj
 0001:0000f050       ?SetOposProp@COPOSElectronicValueRW@@IEAAJJJJ@Z 0000000180010050 f   ElectronicValueRWImpl.obj
 0001:0000f1b0       ?SetOposProp@COPOSElectronicValueRW@@IEAAJJPEA_WJ@Z 00000001800101b0 f   ElectronicValueRWImpl.obj
 0001:0000f308       ?SetParameterInformation@COPOSElectronicValueRW@@UEAAJPEA_W0PEAJ@Z 0000000180010308 f   ElectronicValueRWImpl.obj
 0001:0000f3e4       ?SubtractValue@COPOSElectronicValueRW@@UEAAJJJPEAJ@Z 00000001800103e4 f   ElectronicValueRWImpl.obj
 0001:0000f4b0       ?TransactionAccess@COPOSElectronicValueRW@@UEAAJJPEAJ@Z 00000001800104b0 f   ElectronicValueRWImpl.obj
 0001:0000f52c       ?UnlockTerminal@COPOSElectronicValueRW@@UEAAJPEAJ@Z 000000018001052c f   ElectronicValueRWImpl.obj
 0001:0000f554       ?UnregisterServiceToMedium@COPOSElectronicValueRW@@UEAAJJJPEAJ@Z 0000000180010554 f   ElectronicValueRWImpl.obj
 0001:0000f620       ?UpdateData@COPOSElectronicValueRW@@UEAAJJPEAJPEAPEA_W0@Z 0000000180010620 f   ElectronicValueRWImpl.obj
 0001:0000f71c       ?UpdateFirmware@COPOSElectronicValueRW@@UEAAJPEA_WPEAJ@Z 000000018001071c f   ElectronicValueRWImpl.obj
 0001:0000f7a4       ?UpdateKey@COPOSElectronicValueRW@@UEAAJPEAJPEAPEA_W0@Z 00000001800107a4 f   ElectronicValueRWImpl.obj
 0001:0000f880       ?UpdateStatistics@COPOSElectronicValueRW@@UEAAJPEA_WPEAJ@Z 0000000180010880 f   ElectronicValueRWImpl.obj
 0001:0000f908       ?WriteValue@COPOSElectronicValueRW@@UEAAJJJPEAJ@Z 0000000180010908 f   ElectronicValueRWImpl.obj
 0001:0000f9d4       ?get_AccountNumber@COPOSElectronicValueRW@@UEAAJPEAPEA_W@Z 00000001800109d4 f   ElectronicValueRWImpl.obj
 0001:0000f9e8       ?get_AdditionalSecurityInformation@COPOSElectronicValueRW@@UEAAJPEAPEA_W@Z 00000001800109e8 f   ElectronicValueRWImpl.obj
 0001:0000f9fc       ?get_Amount@COPOSElectronicValueRW@@UEAAJPEATtagCY@@@Z 00000001800109fc f   ElectronicValueRWImpl.obj
 0001:0000facc       ?get_ApprovalCode@COPOSElectronicValueRW@@UEAAJPEAPEA_W@Z 0000000180010acc f   ElectronicValueRWImpl.obj
 0001:0000fae0       ?get_AsyncMode@COPOSElectronicValueRW@@UEAAJPEAF@Z 0000000180010ae0 f   ElectronicValueRWImpl.obj
 0001:0000fb14       ?get_AutoDisable@COPOSElectronicValueRW@@UEAAJPEAF@Z 0000000180010b14 f   ElectronicValueRWImpl.obj
 0001:0000fb48       ?get_Balance@COPOSElectronicValueRW@@UEAAJPEATtagCY@@@Z 0000000180010b48 f   ElectronicValueRWImpl.obj
 0001:0000fc18       ?get_BalanceOfPoint@COPOSElectronicValueRW@@UEAAJPEATtagCY@@@Z 0000000180010c18 f   ElectronicValueRWImpl.obj
 0001:0000fce8       ?get_BinaryConversion@COPOSElectronicValueRW@@UEAAJPEAJ@Z 0000000180010ce8 f   ElectronicValueRWImpl.obj
 0001:0000fcfc       ?get_CapActivateService@COPOSElectronicValueRW@@UEAAJPEAF@Z 0000000180010cfc f   ElectronicValueRWImpl.obj
 0001:0000fd30       ?get_CapAddValue@COPOSElectronicValueRW@@UEAAJPEAF@Z 0000000180010d30 f   ElectronicValueRWImpl.obj
 0001:0000fd64       ?get_CapAdditionalSecurityInformation@COPOSElectronicValueRW@@UEAAJPEAF@Z 0000000180010d64 f   ElectronicValueRWImpl.obj
 0001:0000fd98       ?get_CapAuthorizeCompletion@COPOSElectronicValueRW@@UEAAJPEAF@Z 0000000180010d98 f   ElectronicValueRWImpl.obj
 0001:0000fdcc       ?get_CapAuthorizePreSales@COPOSElectronicValueRW@@UEAAJPEAF@Z 0000000180010dcc f   ElectronicValueRWImpl.obj
 0001:0000fe00       ?get_CapAuthorizeRefund@COPOSElectronicValueRW@@UEAAJPEAF@Z 0000000180010e00 f   ElectronicValueRWImpl.obj
 0001:0000fe34       ?get_CapAuthorizeVoid@COPOSElectronicValueRW@@UEAAJPEAF@Z 0000000180010e34 f   ElectronicValueRWImpl.obj
 0001:0000fe68       ?get_CapAuthorizeVoidPreSales@COPOSElectronicValueRW@@UEAAJPEAF@Z 0000000180010e68 f   ElectronicValueRWImpl.obj
 0001:0000fe9c       ?get_CapCancelValue@COPOSElectronicValueRW@@UEAAJPEAF@Z 0000000180010e9c f   ElectronicValueRWImpl.obj
 0001:0000fed0       ?get_CapCardSensor@COPOSElectronicValueRW@@UEAAJPEAJ@Z 0000000180010ed0 f   ElectronicValueRWImpl.obj
 0001:0000fee4       ?get_CapCashDeposit@COPOSElectronicValueRW@@UEAAJPEAF@Z 0000000180010ee4 f   ElectronicValueRWImpl.obj
 0001:0000ff18       ?get_CapCenterResultCode@COPOSElectronicValueRW@@UEAAJPEAF@Z 0000000180010f18 f   ElectronicValueRWImpl.obj
 0001:0000ff4c       ?get_CapCheckCard@COPOSElectronicValueRW@@UEAAJPEAF@Z 0000000180010f4c f   ElectronicValueRWImpl.obj
 0001:0000ff80       ?get_CapCompareFirmwareVersion@COPOSElectronicValueRW@@UEAAJPEAF@Z 0000000180010f80 f   ElectronicValueRWImpl.obj
 0001:0000ffb4       ?get_CapDailyLog@COPOSElectronicValueRW@@UEAAJPEAJ@Z 0000000180010fb4 f   ElectronicValueRWImpl.obj
[...]
 0002:0000d140       $unwind$??$?RV<lambda_2d41944a1d46af3157314b8a01080d33>@@AEAV<lambda_8f455de75cd7d7f24b4096f044d8b9e6>@@V<lambda_aa500f224e6afead328df44964fe2772>@@@?$__crt_seh_guarded_call@X@@QEAAX$$QEAV<lambda_2d41944a1d46af3157314b8a01080d33>@@AEAV<lambda_8f455de75cd7d7f24b4096f044d8b9e6>@@$$QEAV<lambda_aa500f224e6afead328df44964fe2772>@@@Z 0000000180036140     libucrt:per_thread_data.obj
 0002:0000d164       $unwind$__acrt_uninitialize_locale 0000000180036164     libucrt:wsetlocale.obj
 0002:0000d164       $unwind$__acrt_get_sigabrt_handler 0000000180036164     libucrt:signal.obj
 0002:0000d16c       $unwind$??$?RV<lambda_410d79af7f07d98d83a3f525b3859a53>@@AEAV<lambda_3e16ef9562a7dcce91392c22ab16ea36>@@V<lambda_38119f0e861e05405d8a144b9b982f0a>@@@?$__crt_seh_guarded_call@X@@QEAAX$$QEAV<lambda_410d79af7f07d98d83a3f525b3859a53>@@AEAV<lambda_3e16ef9562a7dcce91392c22ab16ea36>@@$$QEAV<lambda_38119f0e861e05405d8a144b9b982f0a>@@@Z 000000018003616c     libucrt:wsetlocale.obj
 0002:0000d194       $unwind$__acrt_initialize_winapi_thunks 0000000180036194     libucrt:winapi_thunks.obj
 0002:0000d194       $unwind$__acrt_fenv_get_control 0000000180036194     libucrt:_fenvutils.obj
 0002:0000d19c       $unwind$__acrt_fp_format   000000018003619c     libucrt:cvt.obj
 0002:0000d1ac       $unwind$?fp_format_e_internal@@YAHQEAD_KH_NIQEAU_strflt@@2AEAV__crt_cached_ptd_host@@@Z 00000001800361ac     libucrt:cvt.obj
 0002:0000d1c8       $unwind$?fp_format_a@@YAHQEBNPEAD_KQEAD2H_NIW4__acrt_rounding_mode@@AEAV__crt_cached_ptd_host@@@Z 00000001800361c8     libucrt:cvt.obj
 0002:0000d1e4       $unwind$?fp_format_g@@YAHQEBNQEAD_K12H_NIW4__acrt_rounding_mode@@AEAV__crt_cached_ptd_host@@@Z 00000001800361e4     libucrt:cvt.obj
 0002:0000d1fc       $unwind$__acrt_initialize_lowio 00000001800361fc     libucrt:ioinit.obj
 0002:0000d21c       $unwind$??$common_expand_argv_wildcards@D@@YAHQEAPEADQEAPEAPEAD@Z 000000018003621c     libucrt:argv_wildcards.obj
 0002:0000d234       $unwind$__dcrt_get_narrow_environment_from_os 0000000180036234     libucrt:get_environment_from_os.obj
 0002:0000d234       $unwind$??$__acrt_convert_wcs_mbs_cp@_WDV<lambda_d8593a27d1aa8c02be35c86a17d324c4>@@U__crt_win32_buffer_internal_dynamic_resizing@@@@YAHQEB_WAEAV?$__crt_win32_buffer@DU__crt_win32_buffer_internal_dynamic_resizing@@@@AEBV<lambda_d8593a27d1aa8c02be35c86a17d324c4>@@I@Z 0000000180036234     libucrt:argv_wildcards.obj
 0002:0000d24c       $unwind$??$copy_and_add_argument_to_buffer@D@@YAHQEBD0_KAEAV?$argument_list@D@?A0x5f5c8891@@@Z 000000018003624c     libucrt:argv_wildcards.obj
 0002:0000d268       $unwind$??$expand_argument_wildcards@D@@YAHQEAD0AEAV?$argument_list@D@?A0x5f5c8891@@@Z 0000000180036268     libucrt:argv_wildcards.obj
 0002:0000d288       $unwind$__acrt_GetModuleFileNameA 0000000180036288     libucrt:getmodulefilenamea.obj
 0002:0000d2a4       $unwind$_setmbcp_nolock    00000001800362a4     libucrt:mbctype.obj
 0002:0000d2c4       $unwind$?update_thread_multibyte_data_internal@@YAPEAU__crt_multibyte_data@@QEAU__acrt_ptd@@QEAPEAU1@@Z 00000001800362c4     libucrt:mbctype.obj
 0002:0000d2ec       $unwind$?setmbcp_internal@@YAHH_NQEAU__acrt_ptd@@QEAPEAU__crt_multibyte_data@@@Z 00000001800362ec     libucrt:mbctype.obj
 0002:0000d304       $unwind$?setSBUpLow@@YAXPEAU__crt_multibyte_data@@@Z 0000000180036304     libucrt:mbctype.obj
 0002:0000d320       $unwind$??$?RV<lambda_efdfa57d1f175319df784efa44bb7b81>@@AEAV<lambda_5f0a4c1567f8adc6734073e5d1e1b35c>@@V<lambda_2e8a7d3640ea6ccb4c2413664c2db6fd>@@@?$__crt_seh_guarded_call@X@@QEAAX$$QEAV<lambda_efdfa57d1f175319df784efa44bb7b81>@@AEAV<lambda_5f0a4c1567f8adc6734073e5d1e1b35c>@@$$QEAV<lambda_2e8a7d3640ea6ccb4c2413664c2db6fd>@@@Z 0000000180036320     libucrt:mbctype.obj
 0002:0000d344       $unwind$__acrt_WideCharToMultiByte 0000000180036344     libucrt:widechartomultibyte.obj
 0002:0000d350       $unwind$raise              0000000180036350     libucrt:signal.obj
 0002:0000d38c       $unwind$??$?RV<lambda_450d765d439847d4c735a33c368b5fc0>@@AEAV<lambda_44731a7d0e6d81c3e6aa82d741081786>@@V<lambda_601a2a7da3b7a96e9554ac7215c4b07c>@@@?$__crt_seh_guarded_call@P6AXH@Z@@QEAAP6AXH@Z$$QEAV<lambda_450d765d439847d4c735a33c368b5fc0>@@AEAV<lambda_44731a7d0e6d81c3e6aa82d741081786>@@$$QEAV<lambda_601a2a7da3b7a96e9554ac7215c4b07c>@@@Z 000000018003638c     libucrt:signal.obj
 0002:0000d3b0       $unwind$fclose             00000001800363b0     libucrt:fclose.obj
 0002:0000d3b0       $unwind$_fflush_nolock     00000001800363b0     libucrt:fflush.obj
 0002:0000d3c0       $unwind$?common_flush_all@@YAH_N@Z 00000001800363c0     libucrt:fflush.obj
 0002:0000d3c8       $unwind$??$?RV<lambda_842d9ff0dc9ef11c61343bbaebe7f885>@@AEAV<lambda_c5860995281e5c4ce005b3de8f5874ee>@@V<lambda_d90129c13df834fdcbf8d2b88dafcf2d>@@@?$__crt_seh_guarded_call@X@@QEAAX$$QEAV<lambda_842d9ff0dc9ef11c61343bbaebe7f885>@@AEAV<lambda_c5860995281e5c4ce005b3de8f5874ee>@@$$QEAV<lambda_d90129c13df834fdcbf8d2b88dafcf2d>@@@Z 00000001800363c8     libucrt:fflush.obj
 0002:0000d3ec       $unwind$??$?RV<lambda_886d6c58226a84441f68b9f2b8217b83>@@AEAV<lambda_ab61a845afdef5b7c387490eaf3616ee>@@V<lambda_f7f22ab5edc0698d5f6905b0d3f44752>@@@?$__crt_seh_guarded_call@X@@QEAAX$$QEAV<lambda_886d6c58226a84441f68b9f2b8217b83>@@AEAV<lambda_ab61a845afdef5b7c387490eaf3616ee>@@$$QEAV<lambda_f7f22ab5edc0698d5f6905b0d3f44752>@@@Z 00000001800363ec     libucrt:fflush.obj
 0002:0000d414       $unwind$__acrt_update_thread_locale_data 0000000180036414     libucrt:locale_refcounting.obj
 0002:0000d438       $unwind$__acrt_locale_free_monetary 0000000180036438     libucrt:initmon.obj
 0002:0000d440       $unwind$__acrt_locale_free_time 0000000180036440     libucrt:inittime.obj
 0002:0000d450       $unwind$__acrt_GetStringTypeA 0000000180036450     libucrt:getstringtypea.obj
 0002:0000d478       $unwind$__acrt_fp_strflt_to_string 0000000180036478     libucrt:_fptostr.obj
 0002:0000d494       $unwind$__acrt_fltout      0000000180036494     libucrt:cfout.obj
 0002:0000d4b4       $unwind$?divide@__crt_strtox@@YA_KAEAUbig_integer@1@AEBU21@@Z 00000001800364b4     libucrt:cfout.obj
 0002:0000d4cc       $chain$0$?divide@__crt_strtox@@YA_KAEAUbig_integer@1@AEBU21@@Z 00000001800364cc     libucrt:cfout.obj
 0002:0000d4e0       $chain$1$?divide@__crt_strtox@@YA_KAEAUbig_integer@1@AEBU21@@Z 00000001800364e0     libucrt:cfout.obj
 0002:0000d4f0       $unwind$?__mbsrtowcs_utf8@__crt_mbstring@@YA_KPEA_WPEAPEBD_KPEAU_Mbstatet@@AEAV__crt_cached_ptd_host@@@Z 00000001800364f0     libucrt:mbrtowc.obj
 0002:0000d508       $unwind$_fcloseall         0000000180036508     libucrt:closeall.obj
 0002:0000d52c       $unwind$__acrt_lowio_destroy_handle_array 000000018003652c     libucrt:osfinfo.obj
 0002:0000d53c       $unwind$__acrt_lowio_ensure_fh_exists 000000018003653c     libucrt:osfinfo.obj
 0002:0000d568       $unwind$qsort              0000000180036568     libucrt:qsort.obj
 0002:0000d580       $chain$4$qsort             0000000180036580     libucrt:qsort.obj
 0002:0000d5a4       $chain$5$qsort             00000001800365a4     libucrt:qsort.obj
 0002:0000d5b4       $unwind$strpbrk            00000001800365b4     libucrt:strpbrk.obj
 0002:0000d5c4       $unwind$fallbackMethod     00000001800365c4     libucrt:strpbrk.obj
 0002:0000d5d4       $unwind$__acrt_LCMapStringA 00000001800365d4     libucrt:lcmapstringa.obj
 0002:0000d5e4       $unwind$?__acrt_LCMapStringA_stat@@YAHPEAU__crt_locale_pointers@@PEB_WKPEBDHPEADHHH@Z 00000001800365e4     libucrt:lcmapstringa.obj
 0002:0000d60c       $unwind$_commit            000000018003660c     libucrt:commit.obj
 0002:0000d614       $unwind$??$?RV<lambda_a37b2b86f63e897a80ea819b0eb08c01>@@AEAV<lambda_38ce7e780aa69e748d6df282ebc68efe>@@V<lambda_99fb1378e971ab6e7edea83e3a7a83a2>@@@?$__crt_seh_guarded_call@H@@QEAAH$$QEAV<lambda_a37b2b86f63e897a80ea819b0eb08c01>@@AEAV<lambda_38ce7e780aa69e748d6df282ebc68efe>@@$$QEAV<lambda_99fb1378e971ab6e7edea83e3a7a83a2>@@@Z 0000000180036614     libucrt:commit.obj
 0002:0000d638       $unwind$_write_nolock      0000000180036638     libucrt:write.obj
 0002:0000d650       $unwind$_write_internal    0000000180036650     libucrt:write.obj
 0002:0000d680       $unwind$?write_double_translated_ansi_nolock@@YA?AUwrite_result@?A0x17268360@@HQEBDIAEAV__crt_cached_ptd_host@@@Z 0000000180036680     libucrt:write.obj
 0002:0000d6a8       $ip2state$?write_double_translated_ansi_nolock@@YA?AUwrite_result@?A0x17268360@@HQEBDIAEAV__crt_cached_ptd_host@@@Z 00000001800366a8     libucrt:write.obj
 0002:0000d6b0       $unwind$?write_text_ansi_nolock@@YA?AUwrite_result@?A0x17268360@@HQEBDI@Z 00000001800366b0     libucrt:write.obj
 0002:0000d6b0       $unwind$?write_text_utf16le_nolock@@YA?AUwrite_result@?A0x17268360@@HQEBDI@Z 00000001800366b0     libucrt:write.obj
 0002:0000d6d0       $unwind$?write_text_utf8_nolock@@YA?AUwrite_result@?A0x17268360@@HQEBDI@Z 00000001800366d0     libucrt:write.obj
 0002:0000d6f8       $xdatasym                  00000001800366f8     libucrt:log10.obj
 0002:0000d704       $unwind$__acrt_fenv_set_control 0000000180036704     libucrt:_fenvutils.obj
 0002:0000d714       $unwind$?__mbrtoc32_utf8@__crt_mbstring@@YA_KPEA_UPEBD_KPEAU_Mbstatet@@AEAV__crt_cached_ptd_host@@@Z 0000000180036714     libucrt:mbrtoc32.obj
 0002:0000d730       $unwind$?_fclose_nolock_internal@@YAHQEAU_iobuf@@AEAV__crt_cached_ptd_host@@@Z 0000000180036730     libucrt:fclose.obj
 0002:0000d740       $unwind$?_fclose_internal@@YAHQEAU_iobuf@@AEAV__crt_cached_ptd_host@@@Z 0000000180036740     libucrt:fclose.obj
 0002:0000d764       $unwind$_putwch_nolock     0000000180036764     libucrt:putwch.obj
 0002:0000d76c       $unwind$common_control87   000000018003676c     libucrt:ieee.obj
 0002:0000d798       $unwind$_call_matherr      0000000180036798     libucrt:libm_error.obj
 0002:0000d7a0       $unwind$_handle_error      00000001800367a0     libucrt:libm_error.obj
 0002:0000d7c0       $unwind$__acrt_initialize_fma3 00000001800367c0     libucrt:fma3_available.obj
 0002:0000d7c8       $unwind$_log_special_common 00000001800367c8     libucrt:log_special.obj
 0002:0000d7d4       $unwind$_close_internal    00000001800367d4     libucrt:close.obj
 0002:0000d7dc       $unwind$??$?RV<lambda_ad8af0d99a0adf03d037d7dffe354bb5>@@AEAV<lambda_c9ba49e555ba839a7b07aa3fbecb7617>@@V<lambda_2f1ebd5d68526518146ae959c9e734c8>@@@?$__crt_seh_guarded_call@H@@QEAAH$$QEAV<lambda_ad8af0d99a0adf03d037d7dffe354bb5>@@AEAV<lambda_c9ba49e555ba839a7b07aa3fbecb7617>@@$$QEAV<lambda_2f1ebd5d68526518146ae959c9e734c8>@@@Z 00000001800367dc     libucrt:close.obj
 0002:0000d800       $xdatasym                  0000000180036800     libucrt:fpsr.obj
 0002:0000d808       $unwind$_raise_exc_ex      0000000180036808     libucrt:fpexcept.obj
 0002:0000d81c       $unwind$_ctrlfp            000000018003681c     libucrt:fpctrl.obj
 0002:0000d844       $unwind$_IsNonwritableInCurrentImage 0000000180036844     LIBCMT:pesect.obj
 0002:0000d868       $unwind$strrchr            0000000180036868     libvcruntime:strrchr.obj
 0002:0000d9d0       .edata                     00000001800369d0     OPOSElectronicValueRW.exp
 0002:0000d9f8       rgpv                       00000001800369f8     OPOSElectronicValueRW.exp
 0002:0000da08       rgszName                   0000000180036a08     OPOSElectronicValueRW.exp
 0002:0000da18       rgwOrd                     0000000180036a18     OPOSElectronicValueRW.exp
 0002:0000da20       szName                     0000000180036a20     OPOSElectronicValueRW.exp
 0002:0000da3a       $N00001                    0000000180036a3a     OPOSElectronicValueRW.exp
 0002:0000da4a       $N00002                    0000000180036a4a     OPOSElectronicValueRW.exp
 0002:0000da5c       $N00003                    0000000180036a5c     OPOSElectronicValueRW.exp
 0002:0000da6e       $N00004                    0000000180036a6e     OPOSElectronicValueRW.exp
 0002:0000e3ba       .idata$6                   00000001800373ba     kernel32:KERNEL32.dll
 0002:0000e5d2       .idata$6                   00000001800375d2     user32:USER32.dll
 0002:0000e706       .idata$6                   0000000180037706     gdi32:GDI32.dll
 0002:0000e7ac       .idata$6                   00000001800377ac     advapi32:ADVAPI32.dll
 0002:0000e8c8       .idata$6                   00000001800378c8     ole32:ole32.dll
 0002:0000e8d2       .idata$6                   00000001800378d2     oleaut32:OLEAUT32.dll
 0003:000001c0       ?ObjectMap@@3PAU_ATL_OBJMAP_ENTRY30@ATL@@A 00000001800381c0     ElectronicValueRW.obj
 0003:000002e8       ?s_RequiredMethodsPerRelease@@3PAHA 00000001800382e8     ElectronicValueRWImpl.obj
 0003:00000300       ?s_SOMethodNames@@3PAPEADA 0000000180038300     ElectronicValueRWImpl.obj
 0003:00000550       ?__vcrt_flsindex@@3KA      0000000180038550     libvcruntime:per_thread_data.obj
 0003:00000560       ?errno_no_memory@@3HA      0000000180038560     libucrt:errno.obj
 0003:00000564       ?doserrno_no_memory@@3KA   0000000180038564     libucrt:errno.obj
 0003:00000570       ?__acrt_flsindex@@3KA      0000000180038570     libucrt:per_thread_data.obj
 0003:00000a30       _mbctypes                  0000000180038a30     libucrt:mbctype.obj
 0003:00000b40       _mbcasemaps                0000000180038b40     libucrt:mbctype.obj
 0003:00000c40       ?__rgctypeflag@@3PADA      0000000180038c40     libucrt:mbctype.obj
 0003:00000c50       ?__rgcode_page_info@@3PAUcode_page_info@@A 0000000180038c50     libucrt:mbctype.obj
 0003:00000ef0       ?dazSupported@?1??common_control87@@9@9 0000000180038ef0     libucrt:ieee.obj
 0003:00000f00       ?__dcrt_lowio_console_output_handle@@3PEAXEA 0000000180038f00     libucrt:initcon.obj
 0003:00000f10       ?dazSupported@?1??_ctrlfp@@9@9 0000000180038f10     libucrt:fpctrl.obj
 0003:00001160       ?is_initialized_as_dll@@3_NA 0000000180039160     LIBCMT:utility.obj
 0003:00001161       ?module_local_atexit_table_initialized@@3_NA 0000000180039161     LIBCMT:utility.obj
 0003:00001168       ?module_local_atexit_table@@3U_onexit_table_t@@A 0000000180039168     LIBCMT:utility.obj
 0003:00001180       ?module_local_at_quick_exit_table@@3U_onexit_table_t@@A 0000000180039180     LIBCMT:utility.obj
 0003:00001198       ?g_tss_cv@@3U_RTL_CONDITION_VARIABLE@@A 0000000180039198     LIBCMT:thread_safe_statics.obj
 0003:000011a0       ?g_tss_event@@3PEAXEA      00000001800391a0     LIBCMT:thread_safe_statics.obj
 0003:000011a8       ?g_tss_mutex@@3U_RTL_CRITICAL_SECTION@@A 00000001800391a8     LIBCMT:thread_safe_statics.obj
 0003:000011d0       ?g_sleep_condition_variable_cs@@3P6AHPEAU_RTL_CONDITION_VARIABLE@@PEAU_RTL_CRITICAL_SECTION@@K@ZEA 00000001800391d0     LIBCMT:thread_safe_statics.obj
 0003:000011d8       ?g_wake_all_condition_variable@@3P6AXPEAU_RTL_CONDITION_VARIABLE@@@ZEA 00000001800391d8     LIBCMT:thread_safe_statics.obj
 0003:000011e0       GS_ExceptionRecord         00000001800391e0     LIBCMT:gs_report.obj
 0003:00001280       GS_ContextRecord           0000000180039280     LIBCMT:gs_report.obj
 0003:00001754       ?__proc_attached@@3HA      0000000180039754     LIBCMT:dll_dllmain.obj
 0003:000017e8       ?AllocateData@@3P6APEAUAtlThunkData_t@@XZEA 00000001800397e8     atls:atlthunk.obj
 0003:000017f0       ?InitData@@3P6AXPEAUAtlThunkData_t@@PEAX_K@ZEA 00000001800397f0     atls:atlthunk.obj
 0003:000017f8       ?DataToCode@@3P6AP6A_JPEAUHWND__@@I_K_J@ZPEAUAtlThunkData_t@@@ZEA 00000001800397f8     atls:atlthunk.obj
 0003:00001800       ?FreeData@@3P6AXPEAUAtlThunkData_t@@@ZEA 0000000180039800     atls:atlthunk.obj
 0003:00001808       ?Initialized@@3_NA         0000000180039808     atls:atlthunk.obj
 0003:00001820       ?__vcrt_startup_thread_ptd@@3U__vcrt_ptd@@A 0000000180039820     libvcruntime:per_thread_data.obj
 0003:000018a0       __vcrt_lock_table          00000001800398a0     libvcruntime:locks.obj
 0003:000018c8       __vcrt_locks_initialized   00000001800398c8     libvcruntime:locks.obj
 0003:00001910       ?heap@@3V_HeapManager@@A   0000000180039910     libvcruntime:undname.obj
 0003:00001938       ?module_handles@@3PAPEAUHINSTANCE__@@A 0000000180039938     libvcruntime:winapi_downlevel.obj
 0003:00001950       ?function_pointers@@3PAPEAXA 0000000180039950     libvcruntime:winapi_downlevel.obj
 0003:00001978       ?__acrt_invalid_parameter_handler@@3V?$dual_state_global@P6AXPEB_W00I_K@Z@__crt_state_management@@A 0000000180039978     libucrt:invalid_parameter.obj
 0003:00001980       ?c_termination_complete@@3JA 0000000180039980     libucrt:exit.obj
 0003:00001988       ?thread_local_exit_callback_func@@3P6AXPEAXK0@ZEA 0000000180039988     libucrt:exit.obj
 0003:000019a0       ?program_name@?1???$common_configure_argv@D@@YAHW4_crt_argv_mode@@@Z@4PADA 00000001800399a0     libucrt:argv_parsing.obj
 0003:00001af8       ?__acrt_new_handler@@3V?$dual_state_global@P6AH_K@Z@__crt_state_management@@A 0000000180039af8     libucrt:new_handler.obj
 0003:00001b10       ?module_handles@@3PAPEAUHINSTANCE__@@A 0000000180039b10     libucrt:winapi_thunks.obj
 0003:00001bb0       ?encoded_function_pointers@@3PAPEAXA 0000000180039bb0     libucrt:winapi_thunks.obj
 0003:00001ca0       ?internal_state@?1??_mbtowc_internal@@9@4U_Mbstatet@@A 0000000180039ca0     libucrt:mbtowc.obj
 0003:00001cb8       ?enable_percent_n@@3_KA    0000000180039cb8     libucrt:printf_count_output.obj
 0003:000020e0       ?__acrt_lock_table@@3PAU_RTL_CRITICAL_SECTION@@A 000000018003a0e0     libucrt:locks.obj
 0003:00002310       ?__acrt_locks_initialized@@3IA 000000018003a310     libucrt:locks.obj
 0003:00002330       ?fSystemSet@@3HA           000000018003a330     libucrt:mbctype.obj
 0003:00002334       ?initialized@?1??__acrt_initialize_multibyte@@9@4_NA 000000018003a334     libucrt:mbctype.obj
 0003:00002370       ?ctrlc_action@@3V?$dual_state_global@P6AXH@Z@__crt_state_management@@A 000000018003a370     libucrt:signal.obj
 0003:00002378       ?ctrlbreak_action@@3V?$dual_state_global@P6AXH@Z@__crt_state_management@@A 000000018003a378     libucrt:signal.obj
 0003:00002380       ?abort_action@@3V?$dual_state_global@P6AXH@Z@__crt_state_management@@A 000000018003a380     libucrt:signal.obj
 0003:00002388       ?term_action@@3V?$dual_state_global@P6AXH@Z@__crt_state_management@@A 000000018003a388     libucrt:signal.obj
 0003:00002390       ?user_matherr@@3V?$dual_state_global@P6AHPEAU_exception@@@Z@__crt_state_management@@A 000000018003a390     libucrt:matherr.obj
 0003:000023a0       ?__acrt_global_new_mode@@3V?$dual_state_global@J@__crt_state_management@@A 000000018003a3a0     libucrt:new_mode.obj
 0003:000023a8       ?internal_pst@?1??__mbrtoc32_utf8@__crt_mbstring@@YA_KPEA_UPEBD_KPEAU_Mbstatet@@AEAV__crt_cached_ptd_host@@@Z@4U3@A 000000018003a3a8     libucrt:mbrtoc32.obj
 0003:000023b0       ?__acrt_app_type@@3W4_crt_app_type@@A 000000018003a3b0     libucrt:report_runtime_error.obj
 0005:00000000       MoveSmall                  000000018003e000     libvcruntime:memcpy.obj
 0005:00000040       MoveSmallYmm               000000018003e040     libvcruntime:memcpy.obj
 0005:00000064       MoveSmallYmmNT             000000018003e064     libvcruntime:memcpy.obj
 0005:00000088       MoveSmallXmm               000000018003e088     libvcruntime:memcpy.obj
 0005:000000b0       MsetTab                    000000018003e0b0     libvcruntime:memset.obj
 0006:00000220       $R000000                   000000018003f220     ElectronicValueRW.res
 0006:00000be0       $R0009C0                   000000018003fbe0     ElectronicValueRW.res
 0006:00000cc8       $R000AA8                   000000018003fcc8     ElectronicValueRW.res
 0006:00000f30       $R000D10                   000000018003ff30     ElectronicValueRW.res
 0006:00001470       $R001250                   0000000180040470     ElectronicValueRW.res
 0006:00007f50       $R007D30                   0000000180046f50     ElectronicValueRW.res
 0006:00007f98       $R007D78                   0000000180046f98     ElectronicValueRW.res
