 OPOSElectronicJournal

 Timestamp is 5d429dc2 (Thu Aug  1 17:07:30 2019)

 Preferred load address is 0000000180000000

 Start         Length     Name                   Class
 0001:00000000 000000c0H .text$di                CODE
 0001:000000c0 00020e00H .text$mn                CODE
 0001:00020ec0 00000020H .text$mn$00             CODE
 0001:00020ee0 00000400H .text$x                 CODE
 0001:000212e0 000000c0H .text$yd                CODE
 0002:00000000 00000618H .idata$5                DATA
 0002:00000618 00000010H .00cfg                  DATA
 0002:00000628 00000008H .CRT$XCA                DATA
 0002:00000630 00000008H .CRT$XCL                DATA
 0002:00000638 00000020H .CRT$XCU                DATA
 0002:00000658 00000008H .CRT$XCZ                DATA
 0002:00000660 00000008H .CRT$XIA                DATA
 0002:00000668 00000020H .CRT$XIC                DATA
 0002:00000688 00000008H .CRT$XIZ                DATA
 0002:00000690 00000008H .CRT$XLA                DATA
 0002:00000698 00000008H .CRT$XLZ                DATA
 0002:000006a0 00000008H .CRT$XPA                DATA
 0002:000006a8 00000010H .CRT$XPX                DATA
 0002:000006b8 00000008H .CRT$XPXA               DATA
 0002:000006c0 00000008H .CRT$XPZ                DATA
 0002:000006c8 00000008H .CRT$XTA                DATA
 0002:000006d0 00000010H .CRT$XTZ                DATA
 0002:000006d8 00000000H .gfids$y                DATA
 0002:000006e0 0000a408H .rdata                  DATA
 0002:0000aae8 00000028H .rdata$T                DATA
 0002:0000ab10 00000274H .rdata$r                DATA
 0002:0000ad84 00000414H .rdata$zzzdbg           DATA
 0002:0000b198 00000008H .rtc$IAA                DATA
 0002:0000b1a0 00000008H .rtc$IZZ                DATA
 0002:0000b1a8 00000008H .rtc$TAA                DATA
 0002:0000b1b0 00000008H .rtc$TZZ                DATA
 0002:0000b1b8 00000004H .tls                    DATA
 0002:0000b1bc 00000004H .tls$                   DATA
 0002:0000b1c0 00000008H .tls$ZZZ                DATA
 0002:0000b1c8 00001690H .xdata                  DATA
 0002:0000c858 00000150H .xdata$x                DATA
 0002:0000c9a8 00000008H ATL$__a                 DATA
 0002:0000c9b0 00000010H ATL$__z                 DATA
 0002:0000c9c0 000000b4H .edata                  DATA
 0002:0000ca74 00000078H .idata$2                DATA
 0002:0000caec 00000014H .idata$3                DATA
 0002:0000cb00 00000618H .idata$4                DATA
 0002:0000d118 00000c24H .idata$6                DATA
 0003:00000000 00000de8H .data                   DATA
 0003:00000de8 000000c8H .data$r                 DATA
 0003:00000eb0 0000140cH .bss                    DATA
 0004:00000000 00002040H .pdata                  DATA
 0005:00000000 00000094H _RDATA                  DATA
 0006:00000000 00000220H .rsrc$01                DATA
 0006:00000220 00005070H .rsrc$02                DATA

  Address         Publics by Value              Rva+Base               Lib:Object

 0000:00000000       __guard_fids_count         0000000000000000     <absolute>
 0000:00000000       __guard_longjmp_count      0000000000000000     <absolute>
 0000:00000000       __guard_longjmp_table      0000000000000000     <absolute>
 0000:00000000       __hybrid_code_map          0000000000000000     <absolute>
 0000:00000000       __guard_iat_count          0000000000000000     <absolute>
 0000:00000000       __guard_iat_table          0000000000000000     <absolute>
 0000:00000000       __volatile_metadata        0000000000000000     <absolute>
 0000:00000000       __hybrid_code_map_count    0000000000000000     <absolute>
 0000:00000000       __enclave_config           0000000000000000     <absolute>
 0000:00000000       ___safe_se_handler_count   0000000000000000     <absolute>
 0000:00000000       __AbsoluteZero             0000000000000000     <absolute>
 0000:00000000       ___safe_se_handler_table   0000000000000000     <absolute>
 0000:00000000       __guard_fids_table         0000000000000000     <absolute>
 0000:00000000       __hybrid_auxiliary_iat     0000000000000000     <absolute>
 0000:00000000       __dynamic_value_reloc_table 0000000000000000     <absolute>
 0000:00000100       __guard_flags              0000000000000100     <absolute>
 0000:00000000       __ImageBase                0000000180000000     <linker-defined>
 0001:000000c0       ?DupWide@_CW@@AEAAXXZ      00000001800010c0 f   CWString.obj
 0001:000000e8       ?cw_dup@@YAXPEBDAEAHAEAPEA_W1@Z 00000001800010e8 f   CWString.obj
 0001:00000194       ?cw_memcpy@@YAHPEA_WPEBDH@Z 0000000180001194 f   CWString.obj
 0001:000001e0       ?cw_strcpy@@YAHPEA_WPEBD@Z 00000001800011e0 f   CWString.obj
 0001:000001f4       ??0CAtlComModule@ATL@@QEAA@XZ 00000001800011f4 f i OposVariant.obj
 0001:00000274       ??0CAtlWinModule@ATL@@QEAA@XZ 0000000180001274 f i OposVariant.obj
 0001:000002e0       ??0OposDispParms@@QEAA@PEAVOposVariant@@H@Z 00000001800012e0 f   OposVariant.obj
 0001:00000388       ??1OposDispParms@@QEAA@XZ  0000000180001388 f   OposVariant.obj
 0001:000003a0       ??_Estringdispid@CComTypeInfoHolder@ATL@@QEAAPEAXI@Z 00000001800013a0 f i OposVariant.obj
 0001:00000444       ?AtlWinModuleTerm@ATL@@YAJPEAU_ATL_WIN_MODULE70@1@PEAUHINSTANCE__@@@Z 0000000180001444 f i OposVariant.obj
 0001:000004f4       ?ChangeBSTR@OposVariant@@QEAAXPEAPEA_WAEAJ@Z 00000001800014f4 f   OposVariant.obj
 0001:00000554       ?ChangeCURRENCY@OposVariant@@QEAAXPEATtagCY@@AEAJ@Z 0000000180001554 f   OposVariant.obj
 0001:000005b4       ?ChangeLONG@OposVariant@@QEAAXPEAJAEAJ@Z 00000001800015b4 f   OposVariant.obj
 0001:00000610       ?GetLONG@OposVariant@@QEAAJXZ 0000000180001610 f   OposVariant.obj
 0001:00000634       ?SetBSTR@OposVariant@@QEAAXPEA_WAEAJ@Z 0000000180001634 f   OposVariant.obj
 0001:00000674       ?SetBSTR_Copy@OposVariant@@QEAAXPEA_WAEAJ@Z 0000000180001674 f   OposVariant.obj
 0001:000006e4       ?SetBSTR_InOutPtr@OposVariant@@QEAA_NPEAPEA_WAEAJ@Z 00000001800016e4 f   OposVariant.obj
 0001:00000734       ?SetBSTR_OutPtr@OposVariant@@QEAA_NPEAPEA_WAEAJ@Z 0000000180001734 f   OposVariant.obj
 0001:00000750       ?SetDispatch_Ptr@OposVariant@@QEAAXPEAUIDispatch@@AEAJ@Z 0000000180001750 f   OposVariant.obj
 0001:000007a8       ?SetLONG@OposVariant@@QEAAXJ@Z 00000001800017a8 f   OposVariant.obj
 0001:000007d8       ?SetLONG_Ptr@OposVariant@@QEAAXPEAJAEAJ@Z 00000001800017d8 f   OposVariant.obj
 0001:00000824       ?SetString@OposVariant@@QEAAXPEB_WAEAJ@Z 0000000180001824 f   OposVariant.obj
 0001:00000888       ?SetVARIANT_BOOL@OposVariant@@QEAAXF@Z 0000000180001888 f   OposVariant.obj
 0001:000008c0       ?Term@CAtlComModule@ATL@@QEAAXXZ 00000001800018c0 f i OposVariant.obj
 0001:00000930       ?_AtlInitializeCriticalSectionEx@ATL@@YAHPEAU_RTL_CRITICAL_SECTION@@KK@Z 0000000180001930 f i OposVariant.obj
 0001:00000938       ?_AtlRaiseException@ATL@@YAXKK@Z 0000000180001938 f i OposVariant.obj
 0001:00000948       ?AddRef@?$CComObjectCached@VCComClassFactory@ATL@@@ATL@@UEAAKXZ 0000000180001948 f i ElectronicJournal.obj
 0001:00000974       ?Release@?$CComObjectCached@VCComClassFactory@ATL@@@ATL@@UEAAKXZ 0000000180001974 f i ElectronicJournal.obj
 0001:000009b4       ?QueryInterface@?$CComObjectCached@VCComClassFactory@ATL@@@ATL@@UEAAJAEBU_GUID@@PEAPEAX@Z 00000001800019b4 f i ElectronicJournal.obj
 0001:000009c8       ??_E?$CComObjectCached@VCComClassFactory@ATL@@@ATL@@UEAAPEAXI@Z 00000001800019c8 f i ElectronicJournal.obj
 0001:000009c8       ??_G?$CComObjectCached@VCComClassFactory@ATL@@@ATL@@UEAAPEAXI@Z 00000001800019c8 f i ElectronicJournal.obj
 0001:00000a20       ?AddRef@?$CComAggObject@VCOPOSElectronicJournal@@@ATL@@UEAAKXZ 0000000180001a20 f i ElectronicJournal.obj
 0001:00000a2c       ?Release@?$CComAggObject@VCOPOSElectronicJournal@@@ATL@@UEAAKXZ 0000000180001a2c f i ElectronicJournal.obj
 0001:00000a80       ?QueryInterface@?$CComAggObject@VCOPOSElectronicJournal@@@ATL@@UEAAJAEBU_GUID@@PEAPEAX@Z 0000000180001a80 f i ElectronicJournal.obj
 0001:00000ae0       ?AddRef@?$CComContainedObject@VCOPOSElectronicJournal@@@ATL@@UEAAKXZ 0000000180001ae0 f i ElectronicJournal.obj
 0001:00000af0       ?Release@?$CComContainedObject@VCOPOSElectronicJournal@@@ATL@@UEAAKXZ 0000000180001af0 f i ElectronicJournal.obj
 0001:00000b00       ?QueryInterface@?$CComContainedObject@VCOPOSElectronicJournal@@@ATL@@UEAAJAEBU_GUID@@PEAPEAX@Z 0000000180001b00 f i ElectronicJournal.obj
 0001:00000b10       ??_E?$CComAggObject@VCOPOSElectronicJournal@@@ATL@@UEAAPEAXI@Z 0000000180001b10 f i ElectronicJournal.obj
 0001:00000b10       ??_G?$CComAggObject@VCOPOSElectronicJournal@@@ATL@@UEAAPEAXI@Z 0000000180001b10 f i ElectronicJournal.obj
 0001:00000b68       ?AddRef@?$CComObject@VCOPOSElectronicJournal@@@ATL@@UEAAKXZ 0000000180001b68 f i ElectronicJournal.obj
 0001:00000b78       ?Release@?$CComObject@VCOPOSElectronicJournal@@@ATL@@UEAAKXZ 0000000180001b78 f i ElectronicJournal.obj
 0001:00000bd0       ?QueryInterface@?$CComObject@VCOPOSElectronicJournal@@@ATL@@UEAAJAEBU_GUID@@PEAPEAX@Z 0000000180001bd0 f i ElectronicJournal.obj
 0001:00000be4       ?Lock@CAtlModule@ATL@@UEAAJXZ 0000000180001be4 f i ElectronicJournal.obj
 0001:00000bf4       ?Unlock@CAtlModule@ATL@@UEAAJXZ 0000000180001bf4 f i ElectronicJournal.obj
 0001:00000c00       ?GetLockCount@CAtlModule@ATL@@UEAAJXZ 0000000180001c00 f i ElectronicJournal.obj
 0001:00000c04       ?GetGITPtr@CAtlModule@ATL@@UEAAJPEAPEAUIGlobalInterfaceTable@@@Z 0000000180001c04 f i ElectronicJournal.obj
 0001:00000c74       ?AddCommonRGSReplacements@?$CAtlModuleT@VCComModule@ATL@@@ATL@@UEAAJPEAUIRegistrarBase@@@Z 0000000180001c74 f i ElectronicJournal.obj
 0001:00000c8c       ?UpdateRegistryFromResourceD@CComModule@ATL@@UEAAJIHPEAU_ATL_REGMAP_ENTRY@2@@Z 0000000180001c8c f i ElectronicJournal.obj
 0001:00000c8c       ?UpdateRegistryFromResourceD@CComModule@ATL@@UEAAJPEB_WHPEAU_ATL_REGMAP_ENTRY@2@@Z 0000000180001c8c f i ElectronicJournal.obj
 0001:00000c94       ?UpdateRegistryFromResource@CComModule@ATL@@UEAAJPEB_WHPEAU_ATL_REGMAP_ENTRY@2@@Z 0000000180001c94 f i ElectronicJournal.obj
 0001:00000c9c       ?OnDrawAdvanced@CComControlBase@ATL@@UEAAJAEAUATL_DRAWINFO@@@Z 0000000180001c9c f i ElectronicJournal.obj
 0001:00000dbc       ?UpdateRegistryFromResource@CComModule@ATL@@UEAAJIHPEAU_ATL_REGMAP_ENTRY@2@@Z 0000000180001dbc f i ElectronicJournal.obj
 0001:00000dc4       ??_ECComModule@ATL@@UEAAPEAXI@Z 0000000180001dc4 f i ElectronicJournal.obj
 0001:00000dc4       ??_GCComModule@ATL@@UEAAPEAXI@Z 0000000180001dc4 f i ElectronicJournal.obj
 0001:00000e44       ?Next@?$CComEnumImpl@UIEnumConnections@@$1?_GUID_b196b287_bab4_101a_b69c_00aa00341d07@@3U__s_GUID@@BUtagCONNECTDATA@@V?$_Copy@UtagCONNECTDATA@@@ATL@@@ATL@@UEAAJKPEAUtagCONNECTDATA@@PEAK@Z 0000000180001e44 f i ElectronicJournal.obj
 0001:00000f18       ?Skip@?$CComEnumImpl@UIEnumConnections@@$1?_GUID_b196b287_bab4_101a_b69c_00aa00341d07@@3U__s_GUID@@BUtagCONNECTDATA@@V?$_Copy@UtagCONNECTDATA@@@ATL@@@ATL@@UEAAJK@Z 0000000180001f18 f i ElectronicJournal.obj
 0001:00000f44       ?Reset@?$CComEnumImpl@UIEnumConnections@@$1?_GUID_b196b287_bab4_101a_b69c_00aa00341d07@@3U__s_GUID@@BUtagCONNECTDATA@@V?$_Copy@UtagCONNECTDATA@@@ATL@@@ATL@@UEAAJXZ 0000000180001f44 f i ElectronicJournal.obj
 0001:00000f44       ?Reset@?$CComEnumImpl@UIEnumConnectionPoints@@$1?_GUID_b196b285_bab4_101a_b69c_00aa00341d07@@3U__s_GUID@@BPEAUIConnectionPoint@@V?$_CopyInterface@UIConnectionPoint@@@ATL@@@ATL@@UEAAJXZ 0000000180001f44 f i ElectronicJournal.obj
 0001:00000f50       ?Clone@?$CComEnumImpl@UIEnumConnections@@$1?_GUID_b196b287_bab4_101a_b69c_00aa00341d07@@3U__s_GUID@@BUtagCONNECTDATA@@V?$_Copy@UtagCONNECTDATA@@@ATL@@@ATL@@UEAAJPEAPEAUIEnumConnections@@@Z 0000000180001f50 f i ElectronicJournal.obj
 0001:0000107c       ?AddRef@?$CComObject@V?$CComEnum@UIEnumConnectionPoints@@$1?_GUID_b196b285_bab4_101a_b69c_00aa00341d07@@3U__s_GUID@@BPEAUIConnectionPoint@@V?$_CopyInterface@UIConnectionPoint@@@ATL@@VCComSingleThreadModel@6@@ATL@@@ATL@@UEAAKXZ 000000018000207c f i ElectronicJournal.obj
 0001:0000107c       ?AddRef@?$CComObject@V?$CComEnum@UIEnumConnections@@$1?_GUID_b196b287_bab4_101a_b69c_00aa00341d07@@3U__s_GUID@@BUtagCONNECTDATA@@V?$_Copy@UtagCONNECTDATA@@@ATL@@VCComSingleThreadModel@6@@ATL@@@ATL@@UEAAKXZ 000000018000207c f i ElectronicJournal.obj
 0001:00001088       ?Release@?$CComObject@V?$CComEnum@UIEnumConnectionPoints@@$1?_GUID_b196b285_bab4_101a_b69c_00aa00341d07@@3U__s_GUID@@BPEAUIConnectionPoint@@V?$_CopyInterface@UIConnectionPoint@@@ATL@@VCComSingleThreadModel@6@@ATL@@@ATL@@UEAAKXZ 0000000180002088 f i ElectronicJournal.obj
 0001:00001088       ?Release@?$CComObject@V?$CComEnum@UIEnumConnections@@$1?_GUID_b196b287_bab4_101a_b69c_00aa00341d07@@3U__s_GUID@@BUtagCONNECTDATA@@V?$_Copy@UtagCONNECTDATA@@@ATL@@VCComSingleThreadModel@6@@ATL@@@ATL@@UEAAKXZ 0000000180002088 f i ElectronicJournal.obj
 0001:000010dc       ?QueryInterface@?$CComObject@V?$CComEnum@UIEnumConnections@@$1?_GUID_b196b287_bab4_101a_b69c_00aa00341d07@@3U__s_GUID@@BUtagCONNECTDATA@@V?$_Copy@UtagCONNECTDATA@@@ATL@@VCComSingleThreadModel@6@@ATL@@@ATL@@UEAAJAEBU_GUID@@PEAPEAX@Z 00000001800020dc f i ElectronicJournal.obj
 0001:000010f0       ??_G?$CComObject@V?$CComEnum@UIEnumConnections@@$1?_GUID_b196b287_bab4_101a_b69c_00aa00341d07@@3U__s_GUID@@BUtagCONNECTDATA@@V?$_Copy@UtagCONNECTDATA@@@ATL@@VCComSingleThreadModel@6@@ATL@@@ATL@@UEAAPEAXI@Z 00000001800020f0 f i ElectronicJournal.obj
 0001:000010f0       ??_E?$CComObject@V?$CComEnum@UIEnumConnections@@$1?_GUID_b196b287_bab4_101a_b69c_00aa00341d07@@3U__s_GUID@@BUtagCONNECTDATA@@V?$_Copy@UtagCONNECTDATA@@@ATL@@VCComSingleThreadModel@6@@ATL@@@ATL@@UEAAPEAXI@Z 00000001800020f0 f i ElectronicJournal.obj
 0001:00001148       ?GetCanonicalFormatEtc@?$IDataObjectImpl@VCOPOSElectronicJournal@@@ATL@@UEAAJPEAUtagFORMATETC@@0@Z 0000000180002148 f i ElectronicJournal.obj
 0001:00001148       ?SetMoniker@?$IOleObjectImpl@VCOPOSElectronicJournal@@@ATL@@UEAAJKPEAUIMoniker@@@Z 0000000180002148 f i ElectronicJournal.obj
 0001:00001148       ?SetColorScheme@?$IOleObjectImpl@VCOPOSElectronicJournal@@@ATL@@UEAAJPEAUtagLOGPALETTE@@@Z 0000000180002148 f i ElectronicJournal.obj
 0001:00001148       ?GetRect@?$IViewObjectExImpl@VCOPOSElectronicJournal@@@ATL@@UEAAJKPEAU_RECTL@@@Z 0000000180002148 f i ElectronicJournal.obj
 0001:00001148       ?GetControlInfo@?$IOleControlImpl@VCOPOSElectronicJournal@@@ATL@@UEAAJPEAUtagCONTROLINFO@@@Z 0000000180002148 f i ElectronicJournal.obj
 0001:00001148       ?GetMoniker@?$IOleObjectImpl@VCOPOSElectronicJournal@@@ATL@@UEAAJKKPEAPEAUIMoniker@@@Z 0000000180002148 f i ElectronicJournal.obj
 0001:00001148       ?GetClipboardData@?$IOleObjectImpl@VCOPOSElectronicJournal@@@ATL@@UEAAJKPEAPEAUIDataObject@@@Z 0000000180002148 f i ElectronicJournal.obj
 0001:00001148       ?GetDataHere@?$IDataObjectImpl@VCOPOSElectronicJournal@@@ATL@@UEAAJPEAUtagFORMATETC@@PEAUtagSTGMEDIUM@@@Z 0000000180002148 f i ElectronicJournal.obj
 0001:00001148       ?Unfreeze@?$IViewObjectExImpl@VCOPOSElectronicJournal@@@ATL@@UEAAJK@Z 0000000180002148 f i ElectronicJournal.obj
 0001:00001148       ?ContextSensitiveHelp@?$IOleInPlaceObjectWindowlessImpl@VCOPOSElectronicJournal@@@ATL@@UEAAJH@Z 0000000180002148 f i ElectronicJournal.obj
 0001:00001148       ?GetColorSet@?$IViewObjectExImpl@VCOPOSElectronicJournal@@@ATL@@UEAAJKJPEAXPEAUtagDVTARGETDEVICE@@PEAUHDC__@@PEAPEAUtagLOGPALETTE@@@Z 0000000180002148 f i ElectronicJournal.obj
 0001:00001148       ?EnumFormatEtc@?$IDataObjectImpl@VCOPOSElectronicJournal@@@ATL@@UEAAJKPEAPEAUIEnumFORMATETC@@@Z 0000000180002148 f i ElectronicJournal.obj
 0001:00001148       ?QueryGetData@?$IDataObjectImpl@VCOPOSElectronicJournal@@@ATL@@UEAAJPEAUtagFORMATETC@@@Z 0000000180002148 f i ElectronicJournal.obj
 0001:00001148       ?QueryInterface@CRegObject@ATL@@UEAAJAEBU_GUID@@PEAPEAX@Z 0000000180002148 f i ElectronicJournal.obj
 0001:00001148       ?GetDropTarget@?$IOleInPlaceObjectWindowlessImpl@VCOPOSElectronicJournal@@@ATL@@UEAAJPEAPEAUIDropTarget@@@Z 0000000180002148 f i ElectronicJournal.obj
 0001:00001148       ?OnMnemonic@?$IOleControlImpl@VCOPOSElectronicJournal@@@ATL@@UEAAJPEAUtagMSG@@@Z 0000000180002148 f i ElectronicJournal.obj
 0001:00001148       ?ContextSensitiveHelp@?$IOleInPlaceActiveObjectImpl@VCOPOSElectronicJournal@@@ATL@@UEAAJH@Z 0000000180002148 f i ElectronicJournal.obj
 0001:00001148       ?Freeze@?$IViewObjectExImpl@VCOPOSElectronicJournal@@@ATL@@UEAAJKJPEAXPEAK@Z 0000000180002148 f i ElectronicJournal.obj
 0001:00001148       ?ReactivateAndUndo@?$IOleInPlaceObjectWindowlessImpl@VCOPOSElectronicJournal@@@ATL@@UEAAJXZ 0000000180002148 f i ElectronicJournal.obj
 0001:00001148       ?SetData@?$IDataObjectImpl@VCOPOSElectronicJournal@@@ATL@@UEAAJPEAUtagFORMATETC@@PEAUtagSTGMEDIUM@@H@Z 0000000180002148 f i ElectronicJournal.obj
 0001:00001148       ?InitFromData@?$IOleObjectImpl@VCOPOSElectronicJournal@@@ATL@@UEAAJPEAUIDataObject@@HK@Z 0000000180002148 f i ElectronicJournal.obj
 0001:00001150       _get_startup_argv_mode     0000000180002150 f i LIBCMT:argv_mode.obj
 0001:00001150       ?AddRef@CRegObject@ATL@@UEAAKXZ 0000000180002150 f i ElectronicJournal.obj
 0001:00001150       ?FAccessAllowed@?$IObjectSafetyImpl@VCOPOSElectronicJournal@@$02@ATL@@MEAAHXZ 0000000180002150 f i ElectronicJournal.obj
 0001:00001158       ?HandsOffStorage@?$IPersistStorageImpl@VCOPOSElectronicJournal@@@ATL@@UEAAJXZ 0000000180002158 f i ElectronicJournal.obj
 0001:00001158       ?GetCategoryMap@CComObjectRootBase@ATL@@SAPEBU_ATL_CATMAP_ENTRY@2@XZ 0000000180002158 f i ElectronicJournal.obj
 0001:00001158       ?SaveCompleted@?$IPersistStorageImpl@VCOPOSElectronicJournal@@@ATL@@UEAAJPEAUIStorage@@@Z 0000000180002158 f i ElectronicJournal.obj
 0001:00001158       ?ResizeBorder@?$IOleInPlaceActiveObjectImpl@VCOPOSElectronicJournal@@@ATL@@UEAAJPEBUtagRECT@@PEAUIOleInPlaceUIWindow@@H@Z 0000000180002158 f i ElectronicJournal.obj
 0001:00001158       ?IsUpToDate@?$IOleObjectImpl@VCOPOSElectronicJournal@@@ATL@@UEAAJXZ 0000000180002158 f i ElectronicJournal.obj
 0001:00001158       ?OnFrameWindowActivate@?$IOleInPlaceActiveObjectImpl@VCOPOSElectronicJournal@@@ATL@@UEAAJH@Z 0000000180002158 f i ElectronicJournal.obj
 0001:00001158       ?OnAmbientPropertyChange@?$IOleControlImpl@VCOPOSElectronicJournal@@@ATL@@UEAAJJ@Z 0000000180002158 f i ElectronicJournal.obj
 0001:00001158       ?EnableModeless@?$IOleInPlaceActiveObjectImpl@VCOPOSElectronicJournal@@@ATL@@UEAAJH@Z 0000000180002158 f i ElectronicJournal.obj
 0001:00001158       ?GetObjectDescription@?$CComCoClass@VCOPOSElectronicJournal@@$1?CLSID_OPOSElectronicJournal@@3U_GUID@@B@ATL@@SAPEB_WXZ 0000000180002158 f i ElectronicJournal.obj
 0001:00001158       ?Update@?$IOleObjectImpl@VCOPOSElectronicJournal@@@ATL@@UEAAJXZ 0000000180002158 f i ElectronicJournal.obj
 0001:00001158       ?SetHostNames@?$IOleObjectImpl@VCOPOSElectronicJournal@@@ATL@@UEAAJPEB_W0@Z 0000000180002158 f i ElectronicJournal.obj
 0001:00001158       ?Release@CRegObject@ATL@@UEAAKXZ 0000000180002158 f i ElectronicJournal.obj
 0001:0000115c       ?AddReplacement@CRegObject@ATL@@UEAAJPEB_W0@Z 000000018000215c f i ElectronicJournal.obj
 0001:0000118c       ?ClearReplacements@CRegObject@ATL@@UEAAJXZ 000000018000218c f i ElectronicJournal.obj
 0001:00001198       ??_GCRegObject@ATL@@UEAAPEAXI@Z 0000000180002198 f i ElectronicJournal.obj
 0001:00001198       ??_ECRegObject@ATL@@UEAAPEAXI@Z 0000000180002198 f i ElectronicJournal.obj
 0001:00001218       ??_E?$CComObject@VCOPOSElectronicJournal@@@ATL@@W7EAAPEAXI@Z 0000000180002218 f i ElectronicJournal.obj
 0001:00001224       ??_E?$CComObject@VCOPOSElectronicJournal@@@ATL@@WHA@EAAPEAXI@Z 0000000180002224 f i ElectronicJournal.obj
 0001:00001230       ?QueryInterface@?$CComObject@VCOPOSElectronicJournal@@@ATL@@WLI@EAAJAEBU_GUID@@PEAPEAX@Z 0000000180002230 f i ElectronicJournal.obj
 0001:0000123c       ?AddRef@?$CComObject@VCOPOSElectronicJournal@@@ATL@@WLI@EAAKXZ 000000018000223c f i ElectronicJournal.obj
 0001:00001248       ?Release@?$CComObject@VCOPOSElectronicJournal@@@ATL@@WLI@EAAKXZ 0000000180002248 f i ElectronicJournal.obj
 0001:00001254       ?QueryInterface@?$CComObject@VCOPOSElectronicJournal@@@ATL@@WMA@EAAJAEBU_GUID@@PEAPEAX@Z 0000000180002254 f i ElectronicJournal.obj
 0001:00001260       ?AddRef@?$CComObject@VCOPOSElectronicJournal@@@ATL@@WMA@EAAKXZ 0000000180002260 f i ElectronicJournal.obj
 0001:0000126c       ?Release@?$CComObject@VCOPOSElectronicJournal@@@ATL@@WMA@EAAKXZ 000000018000226c f i ElectronicJournal.obj
 0001:00001278       ?QueryInterface@?$CComObject@VCOPOSElectronicJournal@@@ATL@@WMI@EAAJAEBU_GUID@@PEAPEAX@Z 0000000180002278 f i ElectronicJournal.obj
 0001:00001284       ?AddRef@?$CComObject@VCOPOSElectronicJournal@@@ATL@@WMI@EAAKXZ 0000000180002284 f i ElectronicJournal.obj
 0001:00001290       ?Release@?$CComObject@VCOPOSElectronicJournal@@@ATL@@WMI@EAAKXZ 0000000180002290 f i ElectronicJournal.obj
 0001:0000129c       ?QueryInterface@?$CComObject@VCOPOSElectronicJournal@@@ATL@@WNA@EAAJAEBU_GUID@@PEAPEAX@Z 000000018000229c f i ElectronicJournal.obj
 0001:000012a8       ?AddRef@?$CComObject@VCOPOSElectronicJournal@@@ATL@@WNA@EAAKXZ 00000001800022a8 f i ElectronicJournal.obj
 0001:000012b4       ?Release@?$CComObject@VCOPOSElectronicJournal@@@ATL@@WNA@EAAKXZ 00000001800022b4 f i ElectronicJournal.obj
 0001:000012c0       ?QueryInterface@?$CComObject@VCOPOSElectronicJournal@@@ATL@@WNI@EAAJAEBU_GUID@@PEAPEAX@Z 00000001800022c0 f i ElectronicJournal.obj
 0001:000012cc       ?AddRef@?$CComObject@VCOPOSElectronicJournal@@@ATL@@WNI@EAAKXZ 00000001800022cc f i ElectronicJournal.obj
 0001:000012d8       ?Release@?$CComObject@VCOPOSElectronicJournal@@@ATL@@WNI@EAAKXZ 00000001800022d8 f i ElectronicJournal.obj
 0001:000012e4       ?QueryInterface@?$CComObject@VCOPOSElectronicJournal@@@ATL@@WOA@EAAJAEBU_GUID@@PEAPEAX@Z 00000001800022e4 f i ElectronicJournal.obj
 0001:000012f0       ?AddRef@?$CComObject@VCOPOSElectronicJournal@@@ATL@@WOA@EAAKXZ 00000001800022f0 f i ElectronicJournal.obj
 0001:000012fc       ?Release@?$CComObject@VCOPOSElectronicJournal@@@ATL@@WOA@EAAKXZ 00000001800022fc f i ElectronicJournal.obj
 0001:00001308       ?QueryInterface@?$CComObject@VCOPOSElectronicJournal@@@ATL@@WOI@EAAJAEBU_GUID@@PEAPEAX@Z 0000000180002308 f i ElectronicJournal.obj
 0001:00001314       ?AddRef@?$CComObject@VCOPOSElectronicJournal@@@ATL@@WOI@EAAKXZ 0000000180002314 f i ElectronicJournal.obj
 0001:00001320       ?Release@?$CComObject@VCOPOSElectronicJournal@@@ATL@@WOI@EAAKXZ 0000000180002320 f i ElectronicJournal.obj
 0001:0000132c       ?QueryInterface@?$CComObject@VCOPOSElectronicJournal@@@ATL@@WPA@EAAJAEBU_GUID@@PEAPEAX@Z 000000018000232c f i ElectronicJournal.obj
 0001:00001338       ?AddRef@?$CComObject@VCOPOSElectronicJournal@@@ATL@@WPA@EAAKXZ 0000000180002338 f i ElectronicJournal.obj
 0001:00001344       ?Release@?$CComObject@VCOPOSElectronicJournal@@@ATL@@WPA@EAAKXZ 0000000180002344 f i ElectronicJournal.obj
 0001:00001350       ?QueryInterface@?$CComObject@VCOPOSElectronicJournal@@@ATL@@WPI@EAAJAEBU_GUID@@PEAPEAX@Z 0000000180002350 f i ElectronicJournal.obj
 0001:0000135c       ?AddRef@?$CComObject@VCOPOSElectronicJournal@@@ATL@@WPI@EAAKXZ 000000018000235c f i ElectronicJournal.obj
 0001:00001368       ?Release@?$CComObject@VCOPOSElectronicJournal@@@ATL@@WPI@EAAKXZ 0000000180002368 f i ElectronicJournal.obj
 0001:00001374       ?QueryInterface@?$CComObject@VCOPOSElectronicJournal@@@ATL@@WBAA@EAAJAEBU_GUID@@PEAPEAX@Z 0000000180002374 f i ElectronicJournal.obj
 0001:00001380       ?AddRef@?$CComObject@VCOPOSElectronicJournal@@@ATL@@WBAA@EAAKXZ 0000000180002380 f i ElectronicJournal.obj
 0001:0000138c       ?Release@?$CComObject@VCOPOSElectronicJournal@@@ATL@@WBAA@EAAKXZ 000000018000238c f i ElectronicJournal.obj
 0001:00001398       ?QueryInterface@?$CComObject@VCOPOSElectronicJournal@@@ATL@@WBAI@EAAJAEBU_GUID@@PEAPEAX@Z 0000000180002398 f i ElectronicJournal.obj
 0001:000013a4       ?AddRef@?$CComObject@VCOPOSElectronicJournal@@@ATL@@WBAI@EAAKXZ 00000001800023a4 f i ElectronicJournal.obj
 0001:000013b0       ?Release@?$CComObject@VCOPOSElectronicJournal@@@ATL@@WBAI@EAAKXZ 00000001800023b0 f i ElectronicJournal.obj
 0001:000013bc       ?QueryInterface@?$CComObject@VCOPOSElectronicJournal@@@ATL@@WBBA@EAAJAEBU_GUID@@PEAPEAX@Z 00000001800023bc f i ElectronicJournal.obj
 0001:000013c8       ?AddRef@?$CComObject@VCOPOSElectronicJournal@@@ATL@@WBBA@EAAKXZ 00000001800023c8 f i ElectronicJournal.obj
 0001:000013d4       ?Release@?$CComObject@VCOPOSElectronicJournal@@@ATL@@WBBA@EAAKXZ 00000001800023d4 f i ElectronicJournal.obj
 0001:000013e0       ?QueryInterface@?$CComObject@VCOPOSElectronicJournal@@@ATL@@WBBI@EAAJAEBU_GUID@@PEAPEAX@Z 00000001800023e0 f i ElectronicJournal.obj
 0001:000013ec       ?AddRef@?$CComObject@VCOPOSElectronicJournal@@@ATL@@WBBI@EAAKXZ 00000001800023ec f i ElectronicJournal.obj
 0001:000013f8       ?Release@?$CComObject@VCOPOSElectronicJournal@@@ATL@@WBBI@EAAKXZ 00000001800023f8 f i ElectronicJournal.obj
 0001:00001404       ?AddRef@?$CComObject@VCOPOSElectronicJournal@@@ATL@@WBCI@EAAKXZ 0000000180002404 f i ElectronicJournal.obj
 0001:00001410       ?Release@?$CComObject@VCOPOSElectronicJournal@@@ATL@@WBCI@EAAKXZ 0000000180002410 f i ElectronicJournal.obj
 0001:0000141c       ?AddRef@?$CComObject@VCOPOSElectronicJournal@@@ATL@@WBEA@EAAKXZ 000000018000241c f i ElectronicJournal.obj
 0001:00001428       ?Release@?$CComObject@VCOPOSElectronicJournal@@@ATL@@WBEA@EAAKXZ 0000000180002428 f i ElectronicJournal.obj
 0001:00001434       ??_E?$CComContainedObject@VCOPOSElectronicJournal@@@ATL@@W7EAAPEAXI@Z 0000000180002434 f i ElectronicJournal.obj
 0001:00001440       ??_E?$CComContainedObject@VCOPOSElectronicJournal@@@ATL@@WHA@EAAPEAXI@Z 0000000180002440 f i ElectronicJournal.obj
 0001:0000144c       ?QueryInterface@?$CComContainedObject@VCOPOSElectronicJournal@@@ATL@@WLI@EAAJAEBU_GUID@@PEAPEAX@Z 000000018000244c f i ElectronicJournal.obj
 0001:00001458       ?AddRef@?$CComContainedObject@VCOPOSElectronicJournal@@@ATL@@WLI@EAAKXZ 0000000180002458 f i ElectronicJournal.obj
 0001:00001464       ?Release@?$CComContainedObject@VCOPOSElectronicJournal@@@ATL@@WLI@EAAKXZ 0000000180002464 f i ElectronicJournal.obj
 0001:00001470       ?QueryInterface@?$CComContainedObject@VCOPOSElectronicJournal@@@ATL@@WMA@EAAJAEBU_GUID@@PEAPEAX@Z 0000000180002470 f i ElectronicJournal.obj
 0001:0000147c       ?AddRef@?$CComContainedObject@VCOPOSElectronicJournal@@@ATL@@WMA@EAAKXZ 000000018000247c f i ElectronicJournal.obj
 0001:00001488       ?Release@?$CComContainedObject@VCOPOSElectronicJournal@@@ATL@@WMA@EAAKXZ 0000000180002488 f i ElectronicJournal.obj
 0001:00001494       ?QueryInterface@?$CComContainedObject@VCOPOSElectronicJournal@@@ATL@@WMI@EAAJAEBU_GUID@@PEAPEAX@Z 0000000180002494 f i ElectronicJournal.obj
 0001:000014a0       ?AddRef@?$CComContainedObject@VCOPOSElectronicJournal@@@ATL@@WMI@EAAKXZ 00000001800024a0 f i ElectronicJournal.obj
 0001:000014ac       ?Release@?$CComContainedObject@VCOPOSElectronicJournal@@@ATL@@WMI@EAAKXZ 00000001800024ac f i ElectronicJournal.obj
 0001:000014b8       ?QueryInterface@?$CComContainedObject@VCOPOSElectronicJournal@@@ATL@@WNA@EAAJAEBU_GUID@@PEAPEAX@Z 00000001800024b8 f i ElectronicJournal.obj
 0001:000014c4       ?AddRef@?$CComContainedObject@VCOPOSElectronicJournal@@@ATL@@WNA@EAAKXZ 00000001800024c4 f i ElectronicJournal.obj
 0001:000014d0       ?Release@?$CComContainedObject@VCOPOSElectronicJournal@@@ATL@@WNA@EAAKXZ 00000001800024d0 f i ElectronicJournal.obj
 0001:000014dc       ?QueryInterface@?$CComContainedObject@VCOPOSElectronicJournal@@@ATL@@WNI@EAAJAEBU_GUID@@PEAPEAX@Z 00000001800024dc f i ElectronicJournal.obj
 0001:000014e8       ?AddRef@?$CComContainedObject@VCOPOSElectronicJournal@@@ATL@@WNI@EAAKXZ 00000001800024e8 f i ElectronicJournal.obj
 0001:000014f4       ?Release@?$CComContainedObject@VCOPOSElectronicJournal@@@ATL@@WNI@EAAKXZ 00000001800024f4 f i ElectronicJournal.obj
 0001:00001500       ?QueryInterface@?$CComContainedObject@VCOPOSElectronicJournal@@@ATL@@WOA@EAAJAEBU_GUID@@PEAPEAX@Z 0000000180002500 f i ElectronicJournal.obj
 0001:0000150c       ?AddRef@?$CComContainedObject@VCOPOSElectronicJournal@@@ATL@@WOA@EAAKXZ 000000018000250c f i ElectronicJournal.obj
 0001:00001518       ?Release@?$CComContainedObject@VCOPOSElectronicJournal@@@ATL@@WOA@EAAKXZ 0000000180002518 f i ElectronicJournal.obj
 0001:00001524       ?QueryInterface@?$CComContainedObject@VCOPOSElectronicJournal@@@ATL@@WOI@EAAJAEBU_GUID@@PEAPEAX@Z 0000000180002524 f i ElectronicJournal.obj
 0001:00001530       ?AddRef@?$CComContainedObject@VCOPOSElectronicJournal@@@ATL@@WOI@EAAKXZ 0000000180002530 f i ElectronicJournal.obj
 0001:0000153c       ?Release@?$CComContainedObject@VCOPOSElectronicJournal@@@ATL@@WOI@EAAKXZ 000000018000253c f i ElectronicJournal.obj
 0001:00001548       ?QueryInterface@?$CComContainedObject@VCOPOSElectronicJournal@@@ATL@@WPA@EAAJAEBU_GUID@@PEAPEAX@Z 0000000180002548 f i ElectronicJournal.obj
 0001:00001554       ?AddRef@?$CComContainedObject@VCOPOSElectronicJournal@@@ATL@@WPA@EAAKXZ 0000000180002554 f i ElectronicJournal.obj
 0001:00001560       ?Release@?$CComContainedObject@VCOPOSElectronicJournal@@@ATL@@WPA@EAAKXZ 0000000180002560 f i ElectronicJournal.obj
 0001:0000156c       ?QueryInterface@?$CComContainedObject@VCOPOSElectronicJournal@@@ATL@@WPI@EAAJAEBU_GUID@@PEAPEAX@Z 000000018000256c f i ElectronicJournal.obj
 0001:00001578       ?AddRef@?$CComContainedObject@VCOPOSElectronicJournal@@@ATL@@WPI@EAAKXZ 0000000180002578 f i ElectronicJournal.obj
 0001:00001584       ?Release@?$CComContainedObject@VCOPOSElectronicJournal@@@ATL@@WPI@EAAKXZ 0000000180002584 f i ElectronicJournal.obj
 0001:00001590       ?QueryInterface@?$CComContainedObject@VCOPOSElectronicJournal@@@ATL@@WBAA@EAAJAEBU_GUID@@PEAPEAX@Z 0000000180002590 f i ElectronicJournal.obj
 0001:0000159c       ?AddRef@?$CComContainedObject@VCOPOSElectronicJournal@@@ATL@@WBAA@EAAKXZ 000000018000259c f i ElectronicJournal.obj
 0001:000015a8       ?Release@?$CComContainedObject@VCOPOSElectronicJournal@@@ATL@@WBAA@EAAKXZ 00000001800025a8 f i ElectronicJournal.obj
 0001:000015b4       ?QueryInterface@?$CComContainedObject@VCOPOSElectronicJournal@@@ATL@@WBAI@EAAJAEBU_GUID@@PEAPEAX@Z 00000001800025b4 f i ElectronicJournal.obj
 0001:000015c0       ?AddRef@?$CComContainedObject@VCOPOSElectronicJournal@@@ATL@@WBAI@EAAKXZ 00000001800025c0 f i ElectronicJournal.obj
 0001:000015cc       ?Release@?$CComContainedObject@VCOPOSElectronicJournal@@@ATL@@WBAI@EAAKXZ 00000001800025cc f i ElectronicJournal.obj
 0001:000015d8       ?QueryInterface@?$CComContainedObject@VCOPOSElectronicJournal@@@ATL@@WBBA@EAAJAEBU_GUID@@PEAPEAX@Z 00000001800025d8 f i ElectronicJournal.obj
 0001:000015e4       ?AddRef@?$CComContainedObject@VCOPOSElectronicJournal@@@ATL@@WBBA@EAAKXZ 00000001800025e4 f i ElectronicJournal.obj
 0001:000015f0       ?Release@?$CComContainedObject@VCOPOSElectronicJournal@@@ATL@@WBBA@EAAKXZ 00000001800025f0 f i ElectronicJournal.obj
 0001:000015fc       ?QueryInterface@?$CComContainedObject@VCOPOSElectronicJournal@@@ATL@@WBBI@EAAJAEBU_GUID@@PEAPEAX@Z 00000001800025fc f i ElectronicJournal.obj
 0001:00001608       ?AddRef@?$CComContainedObject@VCOPOSElectronicJournal@@@ATL@@WBBI@EAAKXZ 0000000180002608 f i ElectronicJournal.obj
 0001:00001614       ?Release@?$CComContainedObject@VCOPOSElectronicJournal@@@ATL@@WBBI@EAAKXZ 0000000180002614 f i ElectronicJournal.obj
 0001:00001620       ?AddRef@?$CComContainedObject@VCOPOSElectronicJournal@@@ATL@@WBCI@EAAKXZ 0000000180002620 f i ElectronicJournal.obj
 0001:0000162c       ?Release@?$CComContainedObject@VCOPOSElectronicJournal@@@ATL@@WBCI@EAAKXZ 000000018000262c f i ElectronicJournal.obj
 0001:00001638       ?AddRef@?$CComContainedObject@VCOPOSElectronicJournal@@@ATL@@WBEA@EAAKXZ 0000000180002638 f i ElectronicJournal.obj
 0001:00001644       ?Release@?$CComContainedObject@VCOPOSElectronicJournal@@@ATL@@WBEA@EAAKXZ 0000000180002644 f i ElectronicJournal.obj
 0001:00001650       ?GetWindowProc@?$CWindowImplBaseT@VCWindow@ATL@@V?$CWinTraits@$0FGAAAAAA@$0A@@2@@ATL@@UEAAP6A_JPEAUHWND__@@I_K_J@ZXZ 0000000180002650 f i ElectronicJournal.obj
 0001:00001658       ?StartWindowProc@?$CWindowImplBaseT@VCWindow@ATL@@V?$CWinTraits@$0FGAAAAAA@$0A@@2@@ATL@@SA_JPEAUHWND__@@I_K_J@Z 0000000180002658 f i ElectronicJournal.obj
 0001:0000171c       _guard_check_icall_nop     000000018000271c f i LIBCMT:guard_support.obj
 0001:0000171c       ?ObjectMain@CComObjectRootBase@ATL@@SAX_N@Z 000000018000271c f i ElectronicJournal.obj
 0001:0000171c       ?OnFinalMessage@?$CWindowImplBaseT@VCWindow@ATL@@V?$CWinTraits@$0FGAAAAAA@$0A@@2@@ATL@@UEAAXPEAUHWND__@@@Z 000000018000271c f i ElectronicJournal.obj
 0001:00001720       ?GetTypeInfoCount@?$IDispatchImpl@UIOPOSElectronicJournal@@$1?IID_IOPOSElectronicJournal@@3U_GUID@@B$1?LIBID_OposElectronicJournal_CCO@@3U3@B$00$0A@VCComTypeInfoHolder@ATL@@@ATL@@UEAAJPEAI@Z 0000000180002720 f i ElectronicJournal.obj
 0001:00001734       ?GetTypeInfo@?$IDispatchImpl@UIOPOSElectronicJournal@@$1?IID_IOPOSElectronicJournal@@3U_GUID@@B$1?LIBID_OposElectronicJournal_CCO@@3U3@B$00$0A@VCComTypeInfoHolder@ATL@@@ATL@@UEAAJIKPEAPEAUITypeInfo@@@Z 0000000180002734 f i ElectronicJournal.obj
 0001:00001798       ?GetIDsOfNames@?$IDispatchImpl@UIOPOSElectronicJournal@@$1?IID_IOPOSElectronicJournal@@3U_GUID@@B$1?LIBID_OposElectronicJournal_CCO@@3U3@B$00$0A@VCComTypeInfoHolder@ATL@@@ATL@@UEAAJAEBU_GUID@@PEAPEA_WIKPEAJ@Z 0000000180002798 f i ElectronicJournal.obj
 0001:000017a4       ?Invoke@?$IDispatchImpl@UIOPOSElectronicJournal@@$1?IID_IOPOSElectronicJournal@@3U_GUID@@B$1?LIBID_OposElectronicJournal_CCO@@3U3@B$00$0A@VCComTypeInfoHolder@ATL@@@ATL@@UEAAJJAEBU_GUID@@KGPEAUtagDISPPARAMS@@PEAUtagVARIANT@@PEAUtagEXCEPINFO@@PEAI@Z 00000001800027a4 f i ElectronicJournal.obj
 0001:00001834       ?CreateControlWindow@?$CComControl@VCOPOSElectronicJournal@@V?$CWindowImpl@VCOPOSElectronicJournal@@VCWindow@ATL@@V?$CWinTraits@$0FGAAAAAA@$0A@@3@@ATL@@@ATL@@UEAAPEAUHWND__@@PEAU3@AEAUtagRECT@@@Z 0000000180002834 f i ElectronicJournal.obj
 0001:0000186c       ?ControlQueryInterface@?$CComControl@VCOPOSElectronicJournal@@V?$CWindowImpl@VCOPOSElectronicJournal@@VCWindow@ATL@@V?$CWinTraits@$0FGAAAAAA@$0A@@3@@ATL@@@ATL@@UEAAJAEBU_GUID@@PEAPEAX@Z 000000018000286c f i ElectronicJournal.obj
 0001:00001880       ?GetUserClassID@?$IOleObjectImpl@VCOPOSElectronicJournal@@@ATL@@UEAAJPEAU_GUID@@@Z 0000000180002880 f i ElectronicJournal.obj
 0001:00001880       ?GetClassID@?$IPersistStorageImpl@VCOPOSElectronicJournal@@@ATL@@UEAAJPEAU_GUID@@@Z 0000000180002880 f i ElectronicJournal.obj
 0001:00001880       ?GetClassID@?$IPersistStreamInitImpl@VCOPOSElectronicJournal@@@ATL@@UEAAJPEAU_GUID@@@Z 0000000180002880 f i ElectronicJournal.obj
 0001:0000189c       ?IsDirty@?$IPersistStreamInitImpl@VCOPOSElectronicJournal@@@ATL@@UEAAJXZ 000000018000289c f i ElectronicJournal.obj
 0001:000018b8       ?Load@?$IPersistStreamInitImpl@VCOPOSElectronicJournal@@@ATL@@UEAAJPEAUIStream@@@Z 00000001800028b8 f i ElectronicJournal.obj
 0001:00001908       ?Save@?$IPersistStreamInitImpl@VCOPOSElectronicJournal@@@ATL@@UEAAJPEAUIStream@@H@Z 0000000180002908 f i ElectronicJournal.obj
 0001:0000196c       ?GetSizeMax@?$IPersistStreamInitImpl@VCOPOSElectronicJournal@@@ATL@@UEAAJPEAT_ULARGE_INTEGER@@@Z 000000018000296c f i ElectronicJournal.obj
 0001:00001b98       ?InitNew@?$IPersistStreamInitImpl@VCOPOSElectronicJournal@@@ATL@@UEAAJXZ 0000000180002b98 f i ElectronicJournal.obj
 0001:00001bb0       ?SetClientSite@?$IOleObjectImpl@VCOPOSElectronicJournal@@@ATL@@UEAAJPEAUIOleClientSite@@@Z 0000000180002bb0 f i ElectronicJournal.obj
 0001:00001bcc       ?GetClientSite@?$IOleObjectImpl@VCOPOSElectronicJournal@@@ATL@@UEAAJPEAPEAUIOleClientSite@@@Z 0000000180002bcc f i ElectronicJournal.obj
 0001:00001c14       ?Close@?$IOleObjectImpl@VCOPOSElectronicJournal@@@ATL@@UEAAJK@Z 0000000180002c14 f i ElectronicJournal.obj
 0001:00001c30       ?DoVerb@?$IOleObjectImpl@VCOPOSElectronicJournal@@@ATL@@UEAAJJPEAUtagMSG@@PEAUIOleClientSite@@JPEAUHWND__@@PEBUtagRECT@@@Z 0000000180002c30 f i ElectronicJournal.obj
 0001:00001dd4       ?EnumVerbs@?$IOleObjectImpl@VCOPOSElectronicJournal@@@ATL@@UEAAJPEAPEAUIEnumOLEVERB@@@Z 0000000180002dd4 f i ElectronicJournal.obj
 0001:00001df0       ?GetUserType@?$IOleObjectImpl@VCOPOSElectronicJournal@@@ATL@@UEAAJKPEAPEA_W@Z 0000000180002df0 f i ElectronicJournal.obj
 0001:00001e00       ?SetExtent@?$IOleObjectImpl@VCOPOSElectronicJournal@@@ATL@@UEAAJKPEAUtagSIZE@@@Z 0000000180002e00 f i ElectronicJournal.obj
 0001:00001e1c       ?GetExtent@?$IOleObjectImpl@VCOPOSElectronicJournal@@@ATL@@UEAAJKPEAUtagSIZE@@@Z 0000000180002e1c f i ElectronicJournal.obj
 0001:00001e4c       ?Advise@?$IOleObjectImpl@VCOPOSElectronicJournal@@@ATL@@UEAAJPEAUIAdviseSink@@PEAK@Z 0000000180002e4c f i ElectronicJournal.obj
 0001:00001ea8       ?Unadvise@?$IOleObjectImpl@VCOPOSElectronicJournal@@@ATL@@UEAAJK@Z 0000000180002ea8 f i ElectronicJournal.obj
 0001:00001ee0       ?EnumAdvise@?$IOleObjectImpl@VCOPOSElectronicJournal@@@ATL@@UEAAJPEAPEAUIEnumSTATDATA@@@Z 0000000180002ee0 f i ElectronicJournal.obj
 0001:00001f28       ?GetMiscStatus@?$IOleObjectImpl@VCOPOSElectronicJournal@@@ATL@@UEAAJKPEAK@Z 0000000180002f28 f i ElectronicJournal.obj
 0001:00001f38       ?GetWindow@?$IOleInPlaceActiveObjectImpl@VCOPOSElectronicJournal@@@ATL@@UEAAJPEAPEAUHWND__@@@Z 0000000180002f38 f i ElectronicJournal.obj
 0001:00001f8c       ?TranslateAcceleratorW@?$IOleInPlaceActiveObjectImpl@VCOPOSElectronicJournal@@@ATL@@UEAAJPEAUtagMSG@@@Z 0000000180002f8c f i ElectronicJournal.obj
 0001:00002080       ?OnDocWindowActivate@?$IOleInPlaceActiveObjectImpl@VCOPOSElectronicJournal@@@ATL@@UEAAJH@Z 0000000180003080 f i ElectronicJournal.obj
 0001:000020ac       ?Draw@?$IViewObjectExImpl@VCOPOSElectronicJournal@@@ATL@@UEAAJKJPEAXPEAUtagDVTARGETDEVICE@@PEAUHDC__@@2PEBU_RECTL@@3P6AH_K@Z4@Z 00000001800030ac f i ElectronicJournal.obj
 0001:00002110       ?SetAdvise@?$IViewObjectExImpl@VCOPOSElectronicJournal@@@ATL@@UEAAJKKPEAUIAdviseSink@@@Z 0000000180003110 f i ElectronicJournal.obj
 0001:00002164       ?GetAdvise@?$IViewObjectExImpl@VCOPOSElectronicJournal@@@ATL@@UEAAJPEAK0PEAPEAUIAdviseSink@@@Z 0000000180003164 f i ElectronicJournal.obj
 0001:000021a0       ?GetExtent@?$IViewObjectExImpl@VCOPOSElectronicJournal@@@ATL@@UEAAJKJPEAUtagDVTARGETDEVICE@@PEAUtagSIZE@@@Z 00000001800031a0 f i ElectronicJournal.obj
 0001:000021d0       ?GetViewStatus@?$IViewObjectExImpl@VCOPOSElectronicJournal@@@ATL@@UEAAJPEAK@Z 00000001800031d0 f i ElectronicJournal.obj
 0001:000021e4       ?QueryHitPoint@?$IViewObjectExImpl@VCOPOSElectronicJournal@@@ATL@@UEAAJKPEBUtagRECT@@UtagPOINT@@JPEAK@Z 00000001800031e4 f i ElectronicJournal.obj
 0001:00002228       ?QueryHitRect@?$IViewObjectExImpl@VCOPOSElectronicJournal@@@ATL@@UEAAJKPEBUtagRECT@@0JPEAK@Z 0000000180003228 f i ElectronicJournal.obj
 0001:00002290       ?GetNaturalExtent@?$IViewObjectExImpl@VCOPOSElectronicJournal@@@ATL@@UEAAJKJPEAUtagDVTARGETDEVICE@@PEAUHDC__@@PEAUtagExtentInfo@@PEAUtagSIZE@@@Z 0000000180003290 f i ElectronicJournal.obj
 0001:000022d8       ?GetWindow@?$IOleInPlaceObjectWindowlessImpl@VCOPOSElectronicJournal@@@ATL@@UEAAJPEAPEAUHWND__@@@Z 00000001800032d8 f i ElectronicJournal.obj
 0001:0000232c       ?InPlaceDeactivate@?$IOleInPlaceObjectWindowlessImpl@VCOPOSElectronicJournal@@@ATL@@UEAAJXZ 000000018000332c f i ElectronicJournal.obj
 0001:00002348       ?UIDeactivate@?$IOleInPlaceObjectWindowlessImpl@VCOPOSElectronicJournal@@@ATL@@UEAAJXZ 0000000180003348 f i ElectronicJournal.obj
 0001:00002364       ?SetObjectRects@?$IOleInPlaceObjectWindowlessImpl@VCOPOSElectronicJournal@@@ATL@@UEAAJPEBUtagRECT@@0@Z 0000000180003364 f i ElectronicJournal.obj
 0001:00002380       ?OnWindowMessage@?$IOleInPlaceObjectWindowlessImpl@VCOPOSElectronicJournal@@@ATL@@UEAAJI_K_JPEA_J@Z 0000000180003380 f i ElectronicJournal.obj
 0001:00002448       ?EnumConnectionPoints@?$IConnectionPointContainerImpl@VCOPOSElectronicJournal@@@ATL@@UEAAJPEAPEAUIEnumConnectionPoints@@@Z 0000000180003448 f i ElectronicJournal.obj
 0001:00002668       ?FindConnectionPoint@?$IConnectionPointContainerImpl@VCOPOSElectronicJournal@@@ATL@@UEAAJAEBU_GUID@@PEAPEAUIConnectionPoint@@@Z 0000000180003668 f i ElectronicJournal.obj
 0001:00002738       ?IsDirty@?$IPersistStorageImpl@VCOPOSElectronicJournal@@@ATL@@UEAAJXZ 0000000180003738 f i ElectronicJournal.obj
 0001:0000277c       ?InitNew@?$IPersistStorageImpl@VCOPOSElectronicJournal@@@ATL@@UEAAJPEAUIStorage@@@Z 000000018000377c f i ElectronicJournal.obj
 0001:000027c0       ?Load@?$IPersistStorageImpl@VCOPOSElectronicJournal@@@ATL@@UEAAJPEAUIStorage@@@Z 00000001800037c0 f i ElectronicJournal.obj
 0001:00002860       ?Save@?$IPersistStorageImpl@VCOPOSElectronicJournal@@@ATL@@UEAAJPEAUIStorage@@H@Z 0000000180003860 f i ElectronicJournal.obj
 0001:00002910       ?GetPages@?$ISpecifyPropertyPagesImpl@VCOPOSElectronicJournal@@@ATL@@UEAAJPEAUtagCAUUID@@@Z 0000000180003910 f i ElectronicJournal.obj
 0001:0000291c       ?QuickActivate@?$IQuickActivateImpl@VCOPOSElectronicJournal@@@ATL@@UEAAJPEAUtagQACONTAINER@@PEAUtagQACONTROL@@@Z 000000018000391c f i ElectronicJournal.obj
 0001:00002938       ?SetContentExtent@?$IQuickActivateImpl@VCOPOSElectronicJournal@@@ATL@@UEAAJPEAUtagSIZE@@@Z 0000000180003938 f i ElectronicJournal.obj
 0001:0000296c       ?GetContentExtent@?$IQuickActivateImpl@VCOPOSElectronicJournal@@@ATL@@UEAAJPEAUtagSIZE@@@Z 000000018000396c f i ElectronicJournal.obj
 0001:000029a4       ?GetData@?$IDataObjectImpl@VCOPOSElectronicJournal@@@ATL@@UEAAJPEAUtagFORMATETC@@PEAUtagSTGMEDIUM@@@Z 00000001800039a4 f i ElectronicJournal.obj
 0001:000029c0       ?DAdvise@?$IDataObjectImpl@VCOPOSElectronicJournal@@@ATL@@UEAAJPEAUtagFORMATETC@@KPEAUIAdviseSink@@PEAK@Z 00000001800039c0 f i ElectronicJournal.obj
 0001:00002a48       ?DUnadvise@?$IDataObjectImpl@VCOPOSElectronicJournal@@@ATL@@UEAAJK@Z 0000000180003a48 f i ElectronicJournal.obj
 0001:00002a74       ?EnumDAdvise@?$IDataObjectImpl@VCOPOSElectronicJournal@@@ATL@@UEAAJPEAPEAUIEnumSTATDATA@@@Z 0000000180003a74 f i ElectronicJournal.obj
 0001:00002ab0       ?GetClassInfoW@?$IProvideClassInfo2Impl@$1?CLSID_OPOSElectronicJournal@@3U_GUID@@B$1?DIID__IOPOSElectronicJournalEvents@@3U2@B$1?LIBID_OposElectronicJournal_CCO@@3U2@B$00$0A@VCComTypeInfoHolder@ATL@@@ATL@@UEAAJPEAPEAUITypeInfo@@@Z 0000000180003ab0 f i ElectronicJournal.obj
 0001:00002b08       ?GetGUID@?$IProvideClassInfo2Impl@$1?CLSID_OPOSElectronicJournal@@3U_GUID@@B$1?DIID__IOPOSElectronicJournalEvents@@3U2@B$1?LIBID_OposElectronicJournal_CCO@@3U2@B$00$0A@VCComTypeInfoHolder@ATL@@@ATL@@UEAAJKPEAU_GUID@@@Z 0000000180003b08 f i ElectronicJournal.obj
 0001:00002b3c       ?GetInterfaceSafetyOptions@?$IObjectSafetyImpl@VCOPOSElectronicJournal@@$02@ATL@@UEAAJAEBU_GUID@@PEAK1@Z 0000000180003b3c f i ElectronicJournal.obj
 0001:00002bd0       ?SetInterfaceSafetyOptions@?$IObjectSafetyImpl@VCOPOSElectronicJournal@@$02@ATL@@UEAAJAEBU_GUID@@KK@Z 0000000180003bd0 f i ElectronicJournal.obj
 0001:00002c74       ?_LocCPQueryInterface@?$IConnectionPointImpl@VCOPOSElectronicJournal@@$1?IID_IPropertyNotifySink@@3U_GUID@@BVCComDynamicUnkArray@ATL@@@ATL@@UEAAJAEBU_GUID@@PEAPEAX@Z 0000000180003c74 f i ElectronicJournal.obj
 0001:00002c74       ?_LocCPQueryInterface@?$IConnectionPointImpl@VCOPOSElectronicJournal@@$1?DIID__IOPOSElectronicJournalEvents@@3U_GUID@@BVCComDynamicUnkArray@ATL@@@ATL@@UEAAJAEBU_GUID@@PEAPEAX@Z 0000000180003c74 f i ElectronicJournal.obj
 0001:00002ce8       ?GetConnectionInterface@?$IConnectionPointImpl@VCOPOSElectronicJournal@@$1?IID_IPropertyNotifySink@@3U_GUID@@BVCComDynamicUnkArray@ATL@@@ATL@@UEAAJPEAU_GUID@@@Z 0000000180003ce8 f i ElectronicJournal.obj
 0001:00002d04       ?GetConnectionPointContainer@?$IConnectionPointImpl@VCOPOSElectronicJournal@@$1?IID_IPropertyNotifySink@@3U_GUID@@BVCComDynamicUnkArray@ATL@@@ATL@@UEAAJPEAPEAUIConnectionPointContainer@@@Z 0000000180003d04 f i ElectronicJournal.obj
 0001:00002d24       ?Advise@?$IConnectionPointImpl@VCOPOSElectronicJournal@@$1?IID_IPropertyNotifySink@@3U_GUID@@BVCComDynamicUnkArray@ATL@@@ATL@@UEAAJPEAUIUnknown@@PEAK@Z 0000000180003d24 f i ElectronicJournal.obj
 0001:00002d24       ?Advise@?$IConnectionPointImpl@VCOPOSElectronicJournal@@$1?DIID__IOPOSElectronicJournalEvents@@3U_GUID@@BVCComDynamicUnkArray@ATL@@@ATL@@UEAAJPEAUIUnknown@@PEAK@Z 0000000180003d24 f i ElectronicJournal.obj
 0001:00002de4       ?Unadvise@?$IConnectionPointImpl@VCOPOSElectronicJournal@@$1?DIID__IOPOSElectronicJournalEvents@@3U_GUID@@BVCComDynamicUnkArray@ATL@@@ATL@@UEAAJK@Z 0000000180003de4 f i ElectronicJournal.obj
 0001:00002de4       ?Unadvise@?$IConnectionPointImpl@VCOPOSElectronicJournal@@$1?IID_IPropertyNotifySink@@3U_GUID@@BVCComDynamicUnkArray@ATL@@@ATL@@UEAAJK@Z 0000000180003de4 f i ElectronicJournal.obj
 0001:00002e60       ?EnumConnections@?$IConnectionPointImpl@VCOPOSElectronicJournal@@$1?DIID__IOPOSElectronicJournalEvents@@3U_GUID@@BVCComDynamicUnkArray@ATL@@@ATL@@UEAAJPEAPEAUIEnumConnections@@@Z 0000000180003e60 f i ElectronicJournal.obj
 0001:00002e60       ?EnumConnections@?$IConnectionPointImpl@VCOPOSElectronicJournal@@$1?IID_IPropertyNotifySink@@3U_GUID@@BVCComDynamicUnkArray@ATL@@@ATL@@UEAAJPEAPEAUIEnumConnections@@@Z 0000000180003e60 f i ElectronicJournal.obj
 0001:00003008       ?GetConnectionInterface@?$IConnectionPointImpl@VCOPOSElectronicJournal@@$1?DIID__IOPOSElectronicJournalEvents@@3U_GUID@@BVCComDynamicUnkArray@ATL@@@ATL@@UEAAJPEAU_GUID@@@Z 0000000180004008 f i ElectronicJournal.obj
 0001:00003024       ?GetConnectionPointContainer@?$IConnectionPointImpl@VCOPOSElectronicJournal@@$1?DIID__IOPOSElectronicJournalEvents@@3U_GUID@@BVCComDynamicUnkArray@ATL@@@ATL@@UEAAJPEAPEAUIConnectionPointContainer@@@Z 0000000180004024 f i ElectronicJournal.obj
 0001:00003044       ?UpdateRegistry@COPOSElectronicJournal@@SAJH@Z 0000000180004044 f i ElectronicJournal.obj
 0001:0000305c       ?ProcessWindowMessage@COPOSElectronicJournal@@UEAAHPEAUHWND__@@I_K_JAEA_JK@Z 000000018000405c f i ElectronicJournal.obj
 0001:000030e4       ?SOData@COPOSElectronicJournal@@MEAAJJ@Z 00000001800040e4 f i ElectronicJournal.obj
 0001:00003134       ?SODirectIO@COPOSElectronicJournal@@MEAAJJPEAJPEAPEA_W@Z 0000000180004134 f i ElectronicJournal.obj
 0001:000031ac       ?SOError@COPOSElectronicJournal@@MEAAJJJJPEAJ@Z 00000001800041ac f i ElectronicJournal.obj
 0001:00003234       ?SOOutputComplete@COPOSElectronicJournal@@MEAAJJ@Z 0000000180004234 f i ElectronicJournal.obj
 0001:00003284       ?SOStatusUpdate@COPOSElectronicJournal@@MEAAJJ@Z 0000000180004284 f i ElectronicJournal.obj
 0001:000032d4       ?CreateInstance@?$CComCreator@V?$CComObjectCached@VCComClassFactory@ATL@@@ATL@@@ATL@@SAJPEAXAEBU_GUID@@PEAPEAX@Z 00000001800042d4 f i ElectronicJournal.obj
 0001:000033dc       ?CreateInstance@?$CComCreator2@V?$CComCreator@V?$CComObject@VCOPOSElectronicJournal@@@ATL@@@ATL@@V?$CComCreator@V?$CComAggObject@VCOPOSElectronicJournal@@@ATL@@@2@@ATL@@SAJPEAXAEBU_GUID@@PEAPEAX@Z 00000001800043dc f i ElectronicJournal.obj
 0001:000033ec       ?Next@?$CComEnumImpl@UIEnumConnectionPoints@@$1?_GUID_b196b285_bab4_101a_b69c_00aa00341d07@@3U__s_GUID@@BPEAUIConnectionPoint@@V?$_CopyInterface@UIConnectionPoint@@@ATL@@@ATL@@UEAAJKPEAPEAUIConnectionPoint@@PEAK@Z 00000001800043ec f i ElectronicJournal.obj
 0001:000034b8       ?Skip@?$CComEnumImpl@UIEnumConnectionPoints@@$1?_GUID_b196b285_bab4_101a_b69c_00aa00341d07@@3U__s_GUID@@BPEAUIConnectionPoint@@V?$_CopyInterface@UIConnectionPoint@@@ATL@@@ATL@@UEAAJK@Z 00000001800044b8 f i ElectronicJournal.obj
 0001:000034e4       ?Clone@?$CComEnumImpl@UIEnumConnectionPoints@@$1?_GUID_b196b285_bab4_101a_b69c_00aa00341d07@@3U__s_GUID@@BPEAUIConnectionPoint@@V?$_CopyInterface@UIConnectionPoint@@@ATL@@@ATL@@UEAAJPEAPEAUIEnumConnectionPoints@@@Z 00000001800044e4 f i ElectronicJournal.obj
 0001:00003610       ?QueryInterface@?$CComObject@V?$CComEnum@UIEnumConnectionPoints@@$1?_GUID_b196b285_bab4_101a_b69c_00aa00341d07@@3U__s_GUID@@BPEAUIConnectionPoint@@V?$_CopyInterface@UIConnectionPoint@@@ATL@@VCComSingleThreadModel@6@@ATL@@@ATL@@UEAAJAEBU_GUID@@PEAPEAX@Z 0000000180004610 f i ElectronicJournal.obj
 0001:00003624       ??_G?$CComObject@V?$CComEnum@UIEnumConnectionPoints@@$1?_GUID_b196b285_bab4_101a_b69c_00aa00341d07@@3U__s_GUID@@BPEAUIConnectionPoint@@V?$_CopyInterface@UIConnectionPoint@@@ATL@@VCComSingleThreadModel@6@@ATL@@@ATL@@UEAAPEAXI@Z 0000000180004624 f i ElectronicJournal.obj
 0001:00003624       ??_E?$CComObject@V?$CComEnum@UIEnumConnectionPoints@@$1?_GUID_b196b285_bab4_101a_b69c_00aa00341d07@@3U__s_GUID@@BPEAUIConnectionPoint@@V?$_CopyInterface@UIConnectionPoint@@@ATL@@VCComSingleThreadModel@6@@ATL@@@ATL@@UEAAPEAXI@Z 0000000180004624 f i ElectronicJournal.obj
 0001:0000367c       ?CreateInstance@CComClassFactory@ATL@@UEAAJPEAUIUnknown@@AEBU_GUID@@PEAPEAX@Z 000000018000467c f i ElectronicJournal.obj
 0001:000036dc       ?LockServer@CComClassFactory@ATL@@UEAAJH@Z 00000001800046dc f i ElectronicJournal.obj
 0001:00003700       ??_ECComClassFactory@ATL@@UEAAPEAXI@Z 0000000180004700 f i ElectronicJournal.obj
 0001:00003700       ??_GCComClassFactory@ATL@@UEAAPEAXI@Z 0000000180004700 f i ElectronicJournal.obj
 0001:00003750       ??$AtlModuleRegisterWndClassInfoT@VAtlModuleRegisterWndClassInfoParamW@ATL@@@ATL@@YAGPEAU_ATL_BASE_MODULE70@0@PEAU_ATL_WIN_MODULE70@0@PEAU_ATL_WNDCLASSINFOW@0@PEAP6A_JPEAUHWND__@@I_K_J@ZVAtlModuleRegisterWndClassInfoParamW@0@@Z 0000000180004750 f i ElectronicJournal.obj
 0001:00003950       ??0?$CComContainedObject@VCOPOSElectronicJournal@@@ATL@@QEAA@PEAX@Z 0000000180004950 f i ElectronicJournal.obj
 0001:00003a6c       ??0?$CComObject@VCOPOSElectronicJournal@@@ATL@@QEAA@PEAX@Z 0000000180004a6c f i ElectronicJournal.obj
 0001:00003b84       ??0CAtlModule@ATL@@QEAA@XZ 0000000180004b84 f i ElectronicJournal.obj
 0001:00003bf8       ??1?$CComEnumImpl@UIEnumConnectionPoints@@$1?_GUID_b196b285_bab4_101a_b69c_00aa00341d07@@3U__s_GUID@@BPEAUIConnectionPoint@@V?$_CopyInterface@UIConnectionPoint@@@ATL@@@ATL@@UEAA@XZ 0000000180004bf8 f i ElectronicJournal.obj
 0001:00003c54       ??1?$CComEnumImpl@UIEnumConnections@@$1?_GUID_b196b287_bab4_101a_b69c_00aa00341d07@@3U__s_GUID@@BUtagCONNECTDATA@@V?$_Copy@UtagCONNECTDATA@@@ATL@@@ATL@@UEAA@XZ 0000000180004c54 f i ElectronicJournal.obj
 0001:00003cb0       ??1?$CComObject@VCOPOSElectronicJournal@@@ATL@@UEAA@XZ 0000000180004cb0 f i ElectronicJournal.obj
 0001:00003dd0       ??_E?$CComContainedObject@VCOPOSElectronicJournal@@@ATL@@UEAAPEAXI@Z 0000000180004dd0 f i ElectronicJournal.obj
 0001:00003dd0       ??_G?$CComContainedObject@VCOPOSElectronicJournal@@@ATL@@UEAAPEAXI@Z 0000000180004dd0 f i ElectronicJournal.obj
 0001:00003e04       ??_E?$CComObject@VCOPOSElectronicJournal@@@ATL@@UEAAPEAXI@Z 0000000180004e04 f i ElectronicJournal.obj
 0001:00003e04       ??_G?$CComObject@VCOPOSElectronicJournal@@@ATL@@UEAAPEAXI@Z 0000000180004e04 f i ElectronicJournal.obj
 0001:00003e38       ?Add@?$CSimpleArray@GV?$CSimpleArrayEqualHelper@G@ATL@@@ATL@@QEAAHAEBG@Z 0000000180004e38 f i ElectronicJournal.obj
 0001:00003eec       ?Add@?$CSimpleMap@PEA_WPEA_WVCExpansionVectorEqualHelper@ATL@@@ATL@@QEAAHAEBQEA_W0@Z 0000000180004eec f i ElectronicJournal.obj
 0001:00003f8c       ?Add@CComDynamicUnkArray@ATL@@QEAAKPEAUIUnknown@@@Z 0000000180004f8c f i ElectronicJournal.obj
 0001:00004074       ?Add@CExpansionVector@ATL@@QEAAHPEB_W0@Z 0000000180005074 f i ElectronicJournal.obj
 0001:00004204       ?AddValue@CRegParser@ATL@@IEAAJAEAVCRegKey@2@PEB_WPEA_W@Z 0000000180005204 f i ElectronicJournal.obj
 0001:0000464c       ?AllocateHeap@?$CTempBuffer@_W$0EAA@VCCRTAllocator@ATL@@@ATL@@AEAAX_K@Z 000000018000564c f i ElectronicJournal.obj
 0001:0000464c       ?AllocateHeap@?$CTempBuffer@_W$0BAA@VCCRTAllocator@ATL@@@ATL@@AEAAX_K@Z 000000018000564c f i ElectronicJournal.obj
 0001:0000464c       ?AllocateHeap@?$CTempBuffer@E$0BAA@VCCRTAllocator@ATL@@@ATL@@AEAAX_K@Z 000000018000564c f i ElectronicJournal.obj
 0001:00004678       ?Append@CParseBuffer@CRegParser@ATL@@QEAAHPEB_WH@Z 0000000180005678 f i ElectronicJournal.obj
 0001:00004790       ?AtlCallTermFunc@ATL@@YAXPEAU_ATL_MODULE70@1@@Z 0000000180005790 f i ElectronicJournal.obj
 0001:000047f4       ?AtlComModuleGetClassObject@ATL@@YAJPEAU_ATL_COM_MODULE70@1@AEBU_GUID@@1PEAPEAX@Z 00000001800057f4 f i ElectronicJournal.obj
 0001:00004934       ?AtlComModuleRegisterServer@ATL@@YAJPEAU_ATL_COM_MODULE70@1@HPEBU_GUID@@@Z 0000000180005934 f i ElectronicJournal.obj
 0001:000049f4       ?AtlComModuleUnregisterServer@ATL@@YAJPEAU_ATL_COM_MODULE70@1@HPEBU_GUID@@@Z 00000001800059f4 f i ElectronicJournal.obj
 0001:00004ab0       ?AtlCreateTargetDC@ATL@@YAPEAUHDC__@@PEAU2@PEAUtagDVTARGETDEVICE@@@Z 0000000180005ab0 f i ElectronicJournal.obj
 0001:00004b24       ?AtlHiMetricToPixel@ATL@@YAXPEBUtagSIZE@@PEAU2@@Z 0000000180005b24 f i ElectronicJournal.obj
 0001:00004bd4       ?AtlHresultFromLastError@ATL@@YAJXZ 0000000180005bd4 f i ElectronicJournal.obj
 0001:00004bf4       ?AtlHresultFromWin32@ATL@@YAJK@Z 0000000180005bf4 f i ElectronicJournal.obj
 0001:00004c04       ?AtlIPersistStreamInit_Load@ATL@@YAJPEAUIStream@@PEBUATL_PROPMAP_ENTRY@1@PEAXPEAUIUnknown@@@Z 0000000180005c04 f i ElectronicJournal.obj
 0001:00004e3c       ?AtlIPersistStreamInit_Save@ATL@@YAJPEAUIStream@@HPEBUATL_PROPMAP_ENTRY@1@PEAXPEAUIUnknown@@@Z 0000000180005e3c f i ElectronicJournal.obj
 0001:00005074       ?AtlInternalOleLoadFromStream@ATL@@YAJPEAUIStream@@AEBU_GUID@@PEAPEAXTClassesAllowedInStream@1@K@Z 0000000180006074 f i ElectronicJournal.obj
 0001:000051b8       ?AtlInternalQueryInterface@ATL@@YAJPEAXPEBU_ATL_INTMAP_ENTRY@1@AEBU_GUID@@PEAPEAX@Z 00000001800061b8 f i ElectronicJournal.obj
 0001:000052c0       ?AtlLoadTypeLib@ATL@@YAJPEAUHINSTANCE__@@PEB_WPEAPEA_WPEAPEAUITypeLib@@@Z 00000001800062c0 f i ElectronicJournal.obj
 0001:0000551c       ?AtlModuleAddTermFunc@ATL@@YAJPEAU_ATL_MODULE70@1@P6AX_K@Z1@Z 000000018000651c f i ElectronicJournal.obj
 0001:000055b0       ?AtlRegisterClassCategoriesHelper@ATL@@YAJAEBU_GUID@@PEBU_ATL_CATMAP_ENTRY@1@H@Z 00000001800065b0 f i ElectronicJournal.obj
 0001:00005a18       ?AtlRegisterTypeLib@ATL@@YAJPEAUHINSTANCE__@@PEB_W@Z 0000000180006a18 f i ElectronicJournal.obj
 0001:00005c14       ?AtlThrowImpl@ATL@@YAXJ@Z  0000000180006c14 f i ElectronicJournal.obj
 0001:00005c38       ?AtlUnRegisterTypeLib@ATL@@YAJPEAUHINSTANCE__@@PEB_W@Z 0000000180006c38 f i ElectronicJournal.obj
 0001:00005d00       ?AtlWinModuleExtractCreateWndData@ATL@@YAPEAXPEAU_ATL_WIN_MODULE70@1@@Z 0000000180006d00 f i ElectronicJournal.obj
 0001:00005d8c       ?Cleanup@CComTypeInfoHolder@ATL@@SAX_K@Z 0000000180006d8c f i ElectronicJournal.obj
 0001:00005dcc       ?ClearReplacements@CExpansionVector@ATL@@QEAAJXZ 0000000180006dcc f i ElectronicJournal.obj
 0001:00005e68       ?CreateInstance@?$CComCreator@V?$CComAggObject@VCOPOSElectronicJournal@@@ATL@@@ATL@@SAJPEAXAEBU_GUID@@PEAPEAX@Z 0000000180006e68 f i ElectronicJournal.obj
 0001:00005f40       ?CreateInstance@?$CComCreator@V?$CComObject@VCOPOSElectronicJournal@@@ATL@@@ATL@@SAJPEAXAEBU_GUID@@PEAPEAX@Z 0000000180006f40 f i ElectronicJournal.obj
 0001:00005ff8       ?CreateInstance@?$CComObject@V?$CComEnum@UIEnumConnectionPoints@@$1?_GUID_b196b285_bab4_101a_b69c_00aa00341d07@@3U__s_GUID@@BPEAUIConnectionPoint@@V?$_CopyInterface@UIConnectionPoint@@@ATL@@VCComSingleThreadModel@6@@ATL@@@ATL@@SAJPEAPEAV12@@Z 0000000180006ff8 f i ElectronicJournal.obj
 0001:00006084       ?CreateInstance@?$CComObject@V?$CComEnum@UIEnumConnections@@$1?_GUID_b196b287_bab4_101a_b69c_00aa00341d07@@3U__s_GUID@@BUtagCONNECTDATA@@V?$_Copy@UtagCONNECTDATA@@@ATL@@VCComSingleThreadModel@6@@ATL@@@ATL@@SAJPEAPEAV12@@Z 0000000180007084 f i ElectronicJournal.obj
 0001:00006110       ?DefaultReflectionHandler@?$CWindowImplRoot@VCWindow@ATL@@@ATL@@SAHPEAUHWND__@@I_K_JAEA_J@Z 0000000180007110 f i ElectronicJournal.obj
 0001:00006174       ?DeleteSubKey@CRegKey@ATL@@QEAAJPEB_W@Z 0000000180007174 f i ElectronicJournal.obj
 0001:0000620c       ?DoEvent@COPOSElectronicJournal@@IEAAXI_K_J@Z 000000018000720c f i ElectronicJournal.obj
 0001:000062c0       ?DoVerbPrimary@?$IOleObjectImpl@VCOPOSElectronicJournal@@@ATL@@QEAAJPEBUtagRECT@@PEAUHWND__@@@Z 00000001800072c0 f i ElectronicJournal.obj
 0001:000063ec       ?DoVerbProperties@CComControlBase@ATL@@QEAAJPEBUtagRECT@@PEAUHWND__@@@Z 00000001800073ec f i ElectronicJournal.obj
 0001:00006614       ?FireTheEvent@?$CProxy_IOPOSEvents@VCOPOSElectronicJournal@@@@IEAAXPEAVOposVariant@@IAEAJPEB_WJ@Z 0000000180007614 f i ElectronicJournal.obj
 0001:00006700       ?FireViewChange@CComControlBase@ATL@@QEAAJXZ 0000000180007700 f i ElectronicJournal.obj
 0001:00006764       ?Fire_DataEvent@?$CProxy_IOPOSEvents@VCOPOSElectronicJournal@@@@QEAAXJ@Z 0000000180007764 f i ElectronicJournal.obj
 0001:00006850       ?Fire_DirectIOEvent@?$CProxy_IOPOSEvents@VCOPOSElectronicJournal@@@@QEAAXJPEAJPEAPEA_W@Z 0000000180007850 f i ElectronicJournal.obj
 0001:000069a8       ?Fire_ErrorEvent@?$CProxy_IOPOSEvents@VCOPOSElectronicJournal@@@@QEAAXJJJPEAJ@Z 00000001800079a8 f i ElectronicJournal.obj
 0001:00006b10       ?Fire_OutputCompleteEvent@?$CProxy_IOPOSEvents@VCOPOSElectronicJournal@@@@QEAAXJ@Z 0000000180007b10 f i ElectronicJournal.obj
 0001:00006bfc       ?Fire_StatusUpdateEvent@?$CProxy_IOPOSEvents@VCOPOSElectronicJournal@@@@QEAAXJ@Z 0000000180007bfc f i ElectronicJournal.obj
 0001:00006ce8       ?FreeHeap@?$CTempBuffer@E$0BAA@VCCRTAllocator@ATL@@@ATL@@AEAAXXZ 0000000180007ce8 f i ElectronicJournal.obj
 0001:00006ce8       ?FreeHeap@?$CTempBuffer@_W$0BAA@VCCRTAllocator@ATL@@@ATL@@AEAAXXZ 0000000180007ce8 f i ElectronicJournal.obj
 0001:00006ce8       ?FreeHeap@?$CTempBuffer@_W$0EAA@VCCRTAllocator@ATL@@@ATL@@AEAAXXZ 0000000180007ce8 f i ElectronicJournal.obj
 0001:00006cf0       ?GetAmbientLocaleID@CComControlBase@ATL@@QEAAJAEAK@Z 0000000180007cf0 f i ElectronicJournal.obj
 0001:00006db0       ?GetAmbientUserMode@CComControlBase@ATL@@QEAAJAEAH@Z 0000000180007db0 f i ElectronicJournal.obj
 0001:00006e80       ?GetClassObject@CComModule@ATL@@QEAAJAEBU_GUID@@0PEAPEAX@Z 0000000180007e80 f i ElectronicJournal.obj
 0001:00006f74       ?GetConnMap@COPOSElectronicJournal@@SAPEBU_ATL_CONNMAP_ENTRY@ATL@@PEAH@Z 0000000180007f74 f i ElectronicJournal.obj
 0001:00006ffc       ?GetIDsOfNames@CComTypeInfoHolder@ATL@@QEAAJAEBU_GUID@@PEAPEA_WIKPEAJ@Z 0000000180007ffc f i ElectronicJournal.obj
 0001:00007174       ?GetPagesHelper@?$ISpecifyPropertyPagesImpl@VCOPOSElectronicJournal@@@ATL@@IEAAJPEAUtagCAUUID@@PEBUATL_PROPMAP_ENTRY@2@@Z 0000000180008174 f i ElectronicJournal.obj
 0001:00007314       ?GetSizeMax@CComVariant@ATL@@QEBAJPEAT_ULARGE_INTEGER@@@Z 0000000180008314 f i ElectronicJournal.obj
 0001:00007548       ?GetTI@CComTypeInfoHolder@ATL@@QEAAJK@Z 0000000180008548 f i ElectronicJournal.obj
 0001:000077c0       ?GetZoomInfo@CComControlBase@ATL@@QEAAXAEAUATL_DRAWINFO@@@Z 00000001800087c0 f i ElectronicJournal.obj
 0001:00007864       ?HKeyFromString@CRegParser@ATL@@KAPEAUHKEY__@@PEA_W@Z 0000000180008864 f i ElectronicJournal.obj
 0001:000078c8       ?IDataObject_GetData@CComControlBase@ATL@@QEAAJPEAUtagFORMATETC@@PEAUtagSTGMEDIUM@@@Z 00000001800088c8 f i ElectronicJournal.obj
 0001:00007abc       ?IOleInPlaceObject_InPlaceDeactivate@CComControlBase@ATL@@QEAAJXZ 0000000180008abc f i ElectronicJournal.obj
 0001:00007b5c       ?IOleInPlaceObject_SetObjectRects@CComControlBase@ATL@@QEAAJPEBUtagRECT@@0@Z 0000000180008b5c f i ElectronicJournal.obj
 0001:00007c4c       ?IOleInPlaceObject_UIDeactivate@CComControlBase@ATL@@QEAAJXZ 0000000180008c4c f i ElectronicJournal.obj
 0001:00007d58       ?IOleObject_Close@CComControlBase@ATL@@QEAAJK@Z 0000000180008d58 f i ElectronicJournal.obj
 0001:00007e70       ?IOleObject_SetClientSite@CComControlBase@ATL@@QEAAJPEAUIOleClientSite@@@Z 0000000180008e70 f i ElectronicJournal.obj
 0001:00007ee8       ?IOleObject_SetExtent@CComControlBase@ATL@@QEAAJKPEAUtagSIZE@@@Z 0000000180008ee8 f i ElectronicJournal.obj
 0001:00007f80       ?IPSI_GetIPersistStreamInit@?$IPersistStorageImpl@VCOPOSElectronicJournal@@@ATL@@AEAAPEAUIPersistStreamInit@@XZ 0000000180008f80 f i ElectronicJournal.obj
 0001:00007fdc       ?IQuickActivate_QuickActivate@CComControlBase@ATL@@QEAAJPEAUtagQACONTAINER@@PEAUtagQACONTROL@@@Z 0000000180008fdc f i ElectronicJournal.obj
 0001:000082a0       ?IViewObject_Draw@CComControlBase@ATL@@QEAAJKJPEAXPEAUtagDVTARGETDEVICE@@PEAUHDC__@@2PEBU_RECTL@@3@Z 00000001800092a0 f i ElectronicJournal.obj
 0001:000083b4       ?InPlaceActivate@CComControlBase@ATL@@QEAAJJPEBUtagRECT@@@Z 00000001800093b4 f i ElectronicJournal.obj
 0001:000086ec       ?Init@?$CComEnumImpl@UIEnumConnectionPoints@@$1?_GUID_b196b285_bab4_101a_b69c_00aa00341d07@@3U__s_GUID@@BPEAUIConnectionPoint@@V?$_CopyInterface@UIConnectionPoint@@@ATL@@@ATL@@QEAAJPEAPEAUIConnectionPoint@@0PEAUIUnknown@@W4CComEnumFlags@2@@Z 00000001800096ec f i ElectronicJournal.obj
 0001:0000880c       ?Init@?$CComEnumImpl@UIEnumConnections@@$1?_GUID_b196b287_bab4_101a_b69c_00aa00341d07@@3U__s_GUID@@BUtagCONNECTDATA@@V?$_Copy@UtagCONNECTDATA@@@ATL@@@ATL@@QEAAJPEAUtagCONNECTDATA@@0PEAUIUnknown@@W4CComEnumFlags@2@@Z 000000018000980c f i ElectronicJournal.obj
 0001:00008930       ?IsEqualObject@?$CComPtrBase@UITypeInfo@@@ATL@@QEAA_NPEAUIUnknown@@@Z 0000000180009930 f i ElectronicJournal.obj
 0001:00008930       ?IsEqualObject@?$CComPtrBase@UIOleClientSite@@@ATL@@QEAA_NPEAUIUnknown@@@Z 0000000180009930 f i ElectronicJournal.obj
 0001:000089bc       ?LoadNameCache@CComTypeInfoHolder@ATL@@QEAAJPEAUITypeInfo@@@Z 00000001800099bc f i ElectronicJournal.obj
 0001:00008b40       ?Lookup@?$CSimpleMap@PEA_WPEA_WVCExpansionVectorEqualHelper@ATL@@@ATL@@QEBAPEA_WAEBQEA_W@Z 0000000180009b40 f i ElectronicJournal.obj
 0001:00008bcc       ?NextToken@CRegParser@ATL@@IEAAJPEA_W@Z 0000000180009bcc f i ElectronicJournal.obj
 0001:00008d84       ?OnKillFocus@CComControlBase@ATL@@QEAA_JI_K_JAEAH@Z 0000000180009d84 f i ElectronicJournal.obj
 0001:00008e20       ?OnMouseActivate@CComControlBase@ATL@@QEAA_JI_K_JAEAH@Z 0000000180009e20 f i ElectronicJournal.obj
 0001:00008ec0       ?OnPaint@CComControlBase@ATL@@QEAA_JI_K_JAEAH@Z 0000000180009ec0 f i ElectronicJournal.obj
 0001:00008fac       ?OnSetFocus@CComControlBase@ATL@@QEAA_JI_K_JAEAH@Z 0000000180009fac f i ElectronicJournal.obj
 0001:000090a8       ?Open@CRegKey@ATL@@QEAAJPEAUHKEY__@@PEB_WK@Z 000000018000a0a8 f i ElectronicJournal.obj
 0001:00009134       ?PreProcessBuffer@CRegParser@ATL@@QEAAJPEA_WPEAPEA_W@Z 000000018000a134 f i ElectronicJournal.obj
 0001:000094b8       ?ProcessWindowMessage@?$CComControl@VCOPOSElectronicJournal@@V?$CWindowImpl@VCOPOSElectronicJournal@@VCWindow@ATL@@V?$CWinTraits@$0FGAAAAAA@$0A@@3@@ATL@@@ATL@@UEAAHPEAUHWND__@@I_K_JAEA_JK@Z 000000018000a4b8 f i ElectronicJournal.obj
 0001:0000959c       ?PutProperty@?$CComPtr@UIDispatch@@@ATL@@SAJPEAUIDispatch@@JPEAUtagVARIANT@@@Z 000000018000a59c f i ElectronicJournal.obj
 0001:000096a0       ?ReadFromStream@CComBSTR@ATL@@QEAAJPEAUIStream@@@Z 000000018000a6a0 f i ElectronicJournal.obj
 0001:000097fc       ?ReadFromStream@CComVariant@ATL@@QEAAJPEAUIStream@@GTClassesAllowedInStream@2@K@Z 000000018000a7fc f i ElectronicJournal.obj
 0001:00009a0c       ?RecurseDeleteKey@CRegKey@ATL@@QEAAJPEB_W@Z 000000018000aa0c f i ElectronicJournal.obj
 0001:00009b18       ?RegCreateKeyExW@CAtlTransactionManager@ATL@@QEAAJPEAUHKEY__@@PEB_WKPEA_WKKQEAU_SECURITY_ATTRIBUTES@@PEAPEAU3@PEAK@Z 000000018000ab18 f i ElectronicJournal.obj
 0001:00009c4c       ?RegDeleteKeyW@CAtlTransactionManager@ATL@@QEAAJPEAUHKEY__@@PEB_W@Z 000000018000ac4c f i ElectronicJournal.obj
 0001:00009cd8       ?RegOpenKeyExW@CAtlTransactionManager@ATL@@QEAAJPEAUHKEY__@@PEB_WKKPEAPEAU3@@Z 000000018000acd8 f i ElectronicJournal.obj
 0001:00009d90       ?RegisterBuffer@CRegParser@ATL@@QEAAJPEA_WH@Z 000000018000ad90 f i ElectronicJournal.obj
 0001:00009ef8       ?RegisterFromResource@CRegObject@ATL@@IEAAJPEB_W00H@Z 000000018000aef8 f i ElectronicJournal.obj
 0001:0000a0b4       ?RegisterServer@CComModule@ATL@@QEAAJHPEBU_GUID@@@Z 000000018000b0b4 f i ElectronicJournal.obj
 0001:0000a174       ?RegisterSubkeys@CRegParser@ATL@@IEAAJPEA_WPEAUHKEY__@@HH@Z 000000018000b174 f i ElectronicJournal.obj
 0001:0000a868       ?SendOnDataChange@CComControlBase@ATL@@QEAAJK@Z 000000018000b868 f i ElectronicJournal.obj
 0001:0000a8d8       ?SetControlFocus@CComControlBase@ATL@@QEAAHH@Z 000000018000b8d8 f i ElectronicJournal.obj
 0001:0000a9b4       ?SkipAssignment@CRegParser@ATL@@IEAAJPEA_W@Z 000000018000b9b4 f i ElectronicJournal.obj
 0001:0000aa58       ?Term@CComModule@ATL@@QEAAXXZ 000000018000ba58 f i ElectronicJournal.obj
 0001:0000ab04       ?UnregisterServer@CComModule@ATL@@QEAAJHPEBU_GUID@@@Z 000000018000bb04 f i ElectronicJournal.obj
 0001:0000abb4       ?UpdateRegistryFromResource@CAtlModule@ATL@@QEAAJIHPEAU_ATL_REGMAP_ENTRY@2@@Z 000000018000bbb4 f i ElectronicJournal.obj
 0001:0000aeec       ?UpdateRegistryFromResource@CAtlModule@ATL@@QEAAJPEB_WHPEAU_ATL_REGMAP_ENTRY@2@@Z 000000018000beec f i ElectronicJournal.obj
 0001:0000b244       ?VTFromRegType@CRegParser@ATL@@KAHPEB_WAEAG@Z 000000018000c244 f i ElectronicJournal.obj
 0001:0000b2e0       ?WindowProc@?$CWindowImplBaseT@VCWindow@ATL@@V?$CWinTraits@$0FGAAAAAA@$0A@@2@@ATL@@SA_JPEAUHWND__@@I_K_J@Z 000000018000c2e0 f i ElectronicJournal.obj
 0001:0000b44c       ?WriteToStream@CComBSTR@ATL@@QEAAJPEAUIStream@@@Z 000000018000c44c f i ElectronicJournal.obj
 0001:0000b4cc       ?WriteToStream@CComVariant@ATL@@QEAAJPEAUIStream@@@Z 000000018000c4cc f i ElectronicJournal.obj
 0001:0000b6e0       ?WriteToStream@CComVariant@ATL@@QEAAJPEAUIStream@@G@Z 000000018000c6e0 f i ElectronicJournal.obj
 0001:0000b778       ?_AtlVerifyStackAvailable@_ATL_SAFE_ALLOCA_IMPL@ATL@@YA_N_K@Z 000000018000c778 f i ElectronicJournal.obj
 0001:0000b7fc       ?atlCreate@?$CWindowImpl@VCOPOSElectronicJournal@@VCWindow@ATL@@V?$CWinTraits@$0FGAAAAAA@$0A@@3@@ATL@@QEAAPEAUHWND__@@PEAU3@V_U_RECT@2@PEB_WKKV_U_MENUorID@2@PEAX@Z 000000018000c7fc f i ElectronicJournal.obj
 0001:0000b8ac       ?atlCreate@?$CWindowImplBaseT@VCWindow@ATL@@V?$CWinTraits@$0FGAAAAAA@$0A@@2@@ATL@@QEAAPEAUHWND__@@PEAU3@V_U_RECT@2@PEB_WKKV_U_MENUorID@2@GPEAX@Z 000000018000c8ac f i ElectronicJournal.obj
 0001:0000ba1c       ?atlCreate@CRegKey@ATL@@QEAAJPEAUHKEY__@@PEB_WPEA_WKKPEAU_SECURITY_ATTRIBUTES@@PEAK@Z 000000018000ca1c f i ElectronicJournal.obj
 0001:0000bb08       DllCanUnloadNow            000000018000cb08 f   ElectronicJournal.obj
 0001:0000bb14       DllGetClassObject          000000018000cb14 f   ElectronicJournal.obj
 0001:0000bb2c       DllMain                    000000018000cb2c f   ElectronicJournal.obj
 0001:0000bbd4       DllRegisterServer          000000018000cbd4 f   ElectronicJournal.obj
 0001:0000bbe8       DllUnregisterServer        000000018000cbe8 f   ElectronicJournal.obj
 0001:0000bbfc       __local_stdio_printf_options 000000018000cbfc f i ElectronicJournal.obj
 0001:0000bc8c       swprintf_s                 000000018000cc8c f i ElectronicJournal.obj
 0001:0000bce0       ??0COPOSElectronicJournal@@QEAA@XZ 000000018000cce0 f   ElectronicJournalImpl.obj
 0001:0000bdb0       ??1?$IConnectionPointImpl@VCOPOSElectronicJournal@@$1?IID_IPropertyNotifySink@@3U_GUID@@BVCComDynamicUnkArray@ATL@@@ATL@@QEAA@XZ 000000018000cdb0 f i ElectronicJournalImpl.obj
 0001:0000bdb0       ??1?$IConnectionPointImpl@VCOPOSElectronicJournal@@$1?DIID__IOPOSElectronicJournalEvents@@3U_GUID@@BVCComDynamicUnkArray@ATL@@@ATL@@QEAA@XZ 000000018000cdb0 f i ElectronicJournalImpl.obj
 0001:0000be0c       ??1CComControlBase@ATL@@UEAA@XZ 000000018000ce0c f i ElectronicJournalImpl.obj
 0001:0000be88       ??1COPOSElectronicJournal@@UEAA@XZ 000000018000ce88 f   ElectronicJournalImpl.obj
 0001:0000beec       ?AddMarker@COPOSElectronicJournal@@UEAAJPEA_WPEAJ@Z 000000018000ceec f   ElectronicJournalImpl.obj
 0001:0000bf74       ?CancelPrintContent@COPOSElectronicJournal@@UEAAJPEAJ@Z 000000018000cf74 f   ElectronicJournalImpl.obj
 0001:0000bf9c       ?CancelQueryContent@COPOSElectronicJournal@@UEAAJPEAJ@Z 000000018000cf9c f   ElectronicJournalImpl.obj
 0001:0000bfc4       ?CheckHealth@COPOSElectronicJournal@@UEAAJJPEAJ@Z 000000018000cfc4 f   ElectronicJournalImpl.obj
 0001:0000c040       ?ClaimDevice@COPOSElectronicJournal@@UEAAJJPEAJ@Z 000000018000d040 f   ElectronicJournalImpl.obj
 0001:0000c0e0       ?ClearInput@COPOSElectronicJournal@@UEAAJPEAJ@Z 000000018000d0e0 f   ElectronicJournalImpl.obj
 0001:0000c108       ?ClearOutput@COPOSElectronicJournal@@UEAAJPEAJ@Z 000000018000d108 f   ElectronicJournalImpl.obj
 0001:0000c130       ?Close@COPOSElectronicJournal@@UEAAJPEAJ@Z 000000018000d130 f   ElectronicJournalImpl.obj
 0001:0000c1e8       ?CompareFirmwareVersion@COPOSElectronicJournal@@UEAAJPEA_WPEAJ1@Z 000000018000d1e8 f   ElectronicJournalImpl.obj
 0001:0000c2c4       ?DirectIO@COPOSElectronicJournal@@UEAAJJPEAJPEAPEA_W0@Z 000000018000d2c4 f   ElectronicJournalImpl.obj
 0001:0000c3c0       ?DoInvoke@COPOSElectronicJournal@@IEAAJJPEAVOposVariant@@IHPEAJ_N@Z 000000018000d3c0 f   ElectronicJournalImpl.obj
 0001:0000c4f4       ?EraseMedium@COPOSElectronicJournal@@UEAAJPEAJ@Z 000000018000d4f4 f   ElectronicJournalImpl.obj
 0001:0000c51c       ?EventInit@COPOSElectronicJournal@@IEAAJXZ 000000018000d51c f i ElectronicJournalImpl.obj
 0001:0000c664       ?EventUninit@COPOSElectronicJournal@@IEAAXXZ 000000018000d664 f i ElectronicJournalImpl.obj
 0001:0000c6c8       ?EventWindowProc@COPOSElectronicJournal@@IEAA_JI_K_J@Z 000000018000d6c8 f i ElectronicJournalImpl.obj
 0001:0000c8a4       ?FinalConstruct@COPOSElectronicJournal@@QEAAJXZ 000000018000d8a4 f   ElectronicJournalImpl.obj
 0001:0000c8e0       ?FreezeEvents@COPOSElectronicJournal@@MEAAJH@Z 000000018000d8e0 f   ElectronicJournalImpl.obj
 0001:0000c954       ?GetOposProp@COPOSElectronicJournal@@IEAAJJPEAJJ@Z 000000018000d954 f   ElectronicJournalImpl.obj
 0001:0000ca70       ?GetOposProp@COPOSElectronicJournal@@IEAAJJPEAPEA_WJ@Z 000000018000da70 f   ElectronicJournalImpl.obj
 0001:0000cb9c       ?InitializeMedium@COPOSElectronicJournal@@UEAAJPEA_WPEAJ@Z 000000018000db9c f   ElectronicJournalImpl.obj
 0001:0000cc24       ?OnDraw@COPOSElectronicJournal@@MEAAJAEAUATL_DRAWINFO@@@Z 000000018000dc24 f   ElectronicJournalImpl.obj
 0001:0000cd10       ?Open@COPOSElectronicJournal@@UEAAJPEA_WPEAJ@Z 000000018000dd10 f   ElectronicJournalImpl.obj
 0001:0000d598       ?PrintContent@COPOSElectronicJournal@@UEAAJPEA_W0PEAJ@Z 000000018000e598 f   ElectronicJournalImpl.obj
 0001:0000d674       ?PrintContentFile@COPOSElectronicJournal@@UEAAJPEA_WPEAJ@Z 000000018000e674 f   ElectronicJournalImpl.obj
 0001:0000d6fc       ?QueryContent@COPOSElectronicJournal@@UEAAJPEA_W00PEAJ@Z 000000018000e6fc f   ElectronicJournalImpl.obj
 0001:0000d7e8       ?ReleaseDevice@COPOSElectronicJournal@@UEAAJPEAJ@Z 000000018000e7e8 f   ElectronicJournalImpl.obj
 0001:0000d854       ?ResetStatistics@COPOSElectronicJournal@@UEAAJPEA_WPEAJ@Z 000000018000e854 f   ElectronicJournalImpl.obj
 0001:0000d8dc       ?ResumePrintContent@COPOSElectronicJournal@@UEAAJPEAJ@Z 000000018000e8dc f   ElectronicJournalImpl.obj
 0001:0000d904       ?ResumeQueryContent@COPOSElectronicJournal@@UEAAJPEAJ@Z 000000018000e904 f   ElectronicJournalImpl.obj
 0001:0000d92c       ?RetrieveCurrentMarker@COPOSElectronicJournal@@UEAAJJPEAPEA_WPEAJ@Z 000000018000e92c f   ElectronicJournalImpl.obj
 0001:0000da04       ?RetrieveMarker@COPOSElectronicJournal@@UEAAJJJJPEAPEA_WPEAJ@Z 000000018000ea04 f   ElectronicJournalImpl.obj
 0001:0000db14       ?RetrieveMarkerByDateTime@COPOSElectronicJournal@@UEAAJJPEA_W0PEAPEA_WPEAJ@Z 000000018000eb14 f   ElectronicJournalImpl.obj
 0001:0000dc1c       ?RetrieveMarkersDateTime@COPOSElectronicJournal@@UEAAJPEA_WPEAPEA_WPEAJ@Z 000000018000ec1c f   ElectronicJournalImpl.obj
 0001:0000dcf8       ?RetrieveStatistics@COPOSElectronicJournal@@UEAAJPEAPEA_WPEAJ@Z 000000018000ecf8 f   ElectronicJournalImpl.obj
 0001:0000dd80       ?SOProcessID@COPOSElectronicJournal@@UEAAJPEAJ@Z 000000018000ed80 f   ElectronicJournalImpl.obj
 0001:0000dd9c       ?SetCOFreezeEvents@COPOSElectronicJournal@@IEAAXF@Z 000000018000ed9c f   ElectronicJournalImpl.obj
 0001:0000de80       ?SetOposProp@COPOSElectronicJournal@@IEAAJJJJ@Z 000000018000ee80 f   ElectronicJournalImpl.obj
 0001:0000dfe0       ?SuspendPrintContent@COPOSElectronicJournal@@UEAAJPEAJ@Z 000000018000efe0 f   ElectronicJournalImpl.obj
 0001:0000e008       ?SuspendQueryContent@COPOSElectronicJournal@@UEAAJPEAJ@Z 000000018000f008 f   ElectronicJournalImpl.obj
 0001:0000e030       ?UpdateFirmware@COPOSElectronicJournal@@UEAAJPEA_WPEAJ@Z 000000018000f030 f   ElectronicJournalImpl.obj
 0001:0000e0b8       ?UpdateStatistics@COPOSElectronicJournal@@UEAAJPEA_WPEAJ@Z 000000018000f0b8 f   ElectronicJournalImpl.obj
 0001:0000e140       ?get_AsyncMode@COPOSElectronicJournal@@UEAAJPEAF@Z 000000018000f140 f   ElectronicJournalImpl.obj
 0001:0000e174       ?get_AutoDisable@COPOSElectronicJournal@@UEAAJPEAF@Z 000000018000f174 f   ElectronicJournalImpl.obj
 0001:0000e1a4       ?get_BinaryConversion@COPOSElectronicJournal@@UEAAJPEAJ@Z 000000018000f1a4 f   ElectronicJournalImpl.obj
 0001:0000e1b8       ?get_CapAddMarker@COPOSElectronicJournal@@UEAAJPEAF@Z 000000018000f1b8 f   ElectronicJournalImpl.obj
 0001:0000e1ec       ?get_CapCompareFirmwareVersion@COPOSElectronicJournal@@UEAAJPEAF@Z 000000018000f1ec f   ElectronicJournalImpl.obj
 0001:0000e220       ?get_CapErasableMedium@COPOSElectronicJournal@@UEAAJPEAF@Z 000000018000f220 f   ElectronicJournalImpl.obj
 0001:0000e254       ?get_CapInitializeMedium@COPOSElectronicJournal@@UEAAJPEAF@Z 000000018000f254 f   ElectronicJournalImpl.obj
 0001:0000e288       ?get_CapMediumIsAvailable@COPOSElectronicJournal@@UEAAJPEAF@Z 000000018000f288 f   ElectronicJournalImpl.obj
 0001:0000e2bc       ?get_CapPowerReporting@COPOSElectronicJournal@@UEAAJPEAJ@Z 000000018000f2bc f   ElectronicJournalImpl.obj
 0001:0000e2d0       ?get_CapPrintContent@COPOSElectronicJournal@@UEAAJPEAF@Z 000000018000f2d0 f   ElectronicJournalImpl.obj
 0001:0000e304       ?get_CapPrintContentFile@COPOSElectronicJournal@@UEAAJPEAF@Z 000000018000f304 f   ElectronicJournalImpl.obj
 0001:0000e338       ?get_CapRetrieveCurrentMarker@COPOSElectronicJournal@@UEAAJPEAF@Z 000000018000f338 f   ElectronicJournalImpl.obj
 0001:0000e36c       ?get_CapRetrieveMarker@COPOSElectronicJournal@@UEAAJPEAF@Z 000000018000f36c f   ElectronicJournalImpl.obj
 0001:0000e3a0       ?get_CapRetrieveMarkerByDateTime@COPOSElectronicJournal@@UEAAJPEAF@Z 000000018000f3a0 f   ElectronicJournalImpl.obj
 0001:0000e3d4       ?get_CapRetrieveMarkersDateTime@COPOSElectronicJournal@@UEAAJPEAF@Z 000000018000f3d4 f   ElectronicJournalImpl.obj
 0001:0000e408       ?get_CapStation@COPOSElectronicJournal@@UEAAJPEAJ@Z 000000018000f408 f   ElectronicJournalImpl.obj
 0001:0000e41c       ?get_CapStatisticsReporting@COPOSElectronicJournal@@UEAAJPEAF@Z 000000018000f41c f   ElectronicJournalImpl.obj
 0001:0000e450       ?get_CapStorageEnabled@COPOSElectronicJournal@@UEAAJPEAF@Z 000000018000f450 f   ElectronicJournalImpl.obj
 0001:0000e484       ?get_CapSuspendPrintContent@COPOSElectronicJournal@@UEAAJPEAF@Z 000000018000f484 f   ElectronicJournalImpl.obj
 0001:0000e4b8       ?get_CapSuspendQueryContent@COPOSElectronicJournal@@UEAAJPEAF@Z 000000018000f4b8 f   ElectronicJournalImpl.obj
 0001:0000e4ec       ?get_CapUpdateFirmware@COPOSElectronicJournal@@UEAAJPEAF@Z 000000018000f4ec f   ElectronicJournalImpl.obj
 0001:0000e520       ?get_CapUpdateStatistics@COPOSElectronicJournal@@UEAAJPEAF@Z 000000018000f520 f   ElectronicJournalImpl.obj
 0001:0000e554       ?get_CapWaterMark@COPOSElectronicJournal@@UEAAJPEAF@Z 000000018000f554 f   ElectronicJournalImpl.obj
 0001:0000e588       ?get_CheckHealthText@COPOSElectronicJournal@@UEAAJPEAPEA_W@Z 000000018000f588 f   ElectronicJournalImpl.obj
 0001:0000e59c       ?get_Claimed@COPOSElectronicJournal@@UEAAJPEAF@Z 000000018000f59c f   ElectronicJournalImpl.obj
 0001:0000e5d0       ?get_ControlObjectDescription@COPOSElectronicJournal@@UEAAJPEAPEA_W@Z 000000018000f5d0 f   ElectronicJournalImpl.obj
 0001:0000e634       ?get_ControlObjectVersion@COPOSElectronicJournal@@UEAAJPEAJ@Z 000000018000f634 f   ElectronicJournalImpl.obj
 0001:0000e640       ?get_DataCount@COPOSElectronicJournal@@UEAAJPEAJ@Z 000000018000f640 f   ElectronicJournalImpl.obj
 0001:0000e654       ?get_DataEventEnabled@COPOSElectronicJournal@@UEAAJPEAF@Z 000000018000f654 f   ElectronicJournalImpl.obj
 0001:0000e688       ?get_DeviceDescription@COPOSElectronicJournal@@UEAAJPEAPEA_W@Z 000000018000f688 f   ElectronicJournalImpl.obj
 0001:0000e69c       ?get_DeviceEnabled@COPOSElectronicJournal@@UEAAJPEAF@Z 000000018000f69c f   ElectronicJournalImpl.obj
 0001:0000e6d0       ?get_DeviceName@COPOSElectronicJournal@@UEAAJPEAPEA_W@Z 000000018000f6d0 f   ElectronicJournalImpl.obj
 0001:0000e6e4       ?get_FlagWhenIdle@COPOSElectronicJournal@@UEAAJPEAF@Z 000000018000f6e4 f   ElectronicJournalImpl.obj
 0001:0000e718       ?get_FreezeEvents@COPOSElectronicJournal@@UEAAJPEAF@Z 000000018000f718 f   ElectronicJournalImpl.obj
 0001:0000e748       ?get_MediumFreeSpace@COPOSElectronicJournal@@UEAAJPEATtagCY@@@Z 000000018000f748 f   ElectronicJournalImpl.obj
 0001:0000e818       ?get_MediumID@COPOSElectronicJournal@@UEAAJPEAPEA_W@Z 000000018000f818 f   ElectronicJournalImpl.obj
 0001:0000e82c       ?get_MediumIsAvailable@COPOSElectronicJournal@@UEAAJPEAF@Z 000000018000f82c f   ElectronicJournalImpl.obj
 0001:0000e860       ?get_MediumSize@COPOSElectronicJournal@@UEAAJPEATtagCY@@@Z 000000018000f860 f   ElectronicJournalImpl.obj
 0001:0000e930       ?get_OpenResult@COPOSElectronicJournal@@UEAAJPEAJ@Z 000000018000f930 f   ElectronicJournalImpl.obj
 0001:0000e93c       ?get_OutputID@COPOSElectronicJournal@@UEAAJPEAJ@Z 000000018000f93c f   ElectronicJournalImpl.obj
 0001:0000e950       ?get_PowerNotify@COPOSElectronicJournal@@UEAAJPEAJ@Z 000000018000f950 f   ElectronicJournalImpl.obj
 0001:0000e964       ?get_PowerState@COPOSElectronicJournal@@UEAAJPEAJ@Z 000000018000f964 f   ElectronicJournalImpl.obj
 0001:0000e978       ?get_ResultCode@COPOSElectronicJournal@@UEAAJPEAJ@Z 000000018000f978 f   ElectronicJournalImpl.obj
 0001:0000e9b4       ?get_ResultCodeExtended@COPOSElectronicJournal@@UEAAJPEAJ@Z 000000018000f9b4 f   ElectronicJournalImpl.obj
 0001:0000e9c8       ?get_ServiceObjectDescription@COPOSElectronicJournal@@UEAAJPEAPEA_W@Z 000000018000f9c8 f   ElectronicJournalImpl.obj
 0001:0000e9dc       ?get_ServiceObjectVersion@COPOSElectronicJournal@@UEAAJPEAJ@Z 000000018000f9dc f   ElectronicJournalImpl.obj
 0001:0000e9f0       ?get_State@COPOSElectronicJournal@@UEAAJPEAJ@Z 000000018000f9f0 f   ElectronicJournalImpl.obj
 0001:0000ea1c       ?get_Station@COPOSElectronicJournal@@UEAAJPEAJ@Z 000000018000fa1c f   ElectronicJournalImpl.obj
 0001:0000ea30       ?get_StorageEnabled@COPOSElectronicJournal@@UEAAJPEAF@Z 000000018000fa30 f   ElectronicJournalImpl.obj
 0001:0000ea64       ?get_Suspended@COPOSElectronicJournal@@UEAAJPEAF@Z 000000018000fa64 f   ElectronicJournalImpl.obj
 0001:0000ea98       ?get_WaterMark@COPOSElectronicJournal@@UEAAJPEAF@Z 000000018000fa98 f   ElectronicJournalImpl.obj
 0001:0000eacc       ?put_AsyncMode@COPOSElectronicJournal@@UEAAJF@Z 000000018000facc f   ElectronicJournalImpl.obj
 0001:0000eae8       ?put_AutoDisable@COPOSElectronicJournal@@UEAAJF@Z 000000018000fae8 f   ElectronicJournalImpl.obj
 0001:0000eb00       ?put_BinaryConversion@COPOSElectronicJournal@@UEAAJJ@Z 000000018000fb00 f   ElectronicJournalImpl.obj
 0001:0000eb14       ?put_DataEventEnabled@COPOSElectronicJournal@@UEAAJF@Z 000000018000fb14 f   ElectronicJournalImpl.obj
 0001:0000eb2c       ?put_DeviceEnabled@COPOSElectronicJournal@@UEAAJF@Z 000000018000fb2c f   ElectronicJournalImpl.obj
[...]
 0004:00001968       $pdata$?try_get_function@@YAPEAXW4function_id@?A0x391cf84c@@QEBDQEBW4module_id@2@2@Z 0000000180035968     libucrt:winapi_thunks.obj
 0004:00001974       $pdata$wcstol              0000000180035974     libucrt:strtox.obj
 0004:00001980       $pdata$_mbtowc_l           0000000180035980     libucrt:mbtowc.obj
 0004:0000198c       $pdata$__acrt_update_locale_info 000000018003598c     libucrt:locale_update.obj
 0004:00001998       $pdata$__acrt_update_multibyte_info 0000000180035998     libucrt:locale_update.obj
 0004:000019a4       $pdata$__acrt_fp_format    00000001800359a4     libucrt:cvt.obj
 0004:000019b0       $pdata$?fp_format_e_internal@@YAHQEAD_KH_NIQEAU_strflt@@2QEAU__crt_locale_pointers@@@Z 00000001800359b0     libucrt:cvt.obj
 0004:000019bc       $pdata$?fp_format_e@@YAHQEBNQEAD_K12H_NIQEAU__crt_locale_pointers@@@Z 00000001800359bc     libucrt:cvt.obj
 0004:000019c8       $pdata$?fp_format_a@@YAHQEBNPEAD_KQEAD2H_NIQEAU__crt_locale_pointers@@@Z 00000001800359c8     libucrt:cvt.obj
 0004:000019d4       $pdata$?fp_format_f_internal@@YAHQEAD_KHQEAU_strflt@@_NQEAU__crt_locale_pointers@@@Z 00000001800359d4     libucrt:cvt.obj
 0004:000019e0       $pdata$?fp_format_g@@YAHQEBNQEAD_K12H_NIQEAU__crt_locale_pointers@@@Z 00000001800359e0     libucrt:cvt.obj
 0004:000019ec       $pdata$_fileno             00000001800359ec     libucrt:fileno.obj
 0004:000019f8       $pdata$__acrt_initialize_stdio 00000001800359f8     libucrt:_file.obj
 0004:00001a04       $pdata$__acrt_uninitialize_stdio 0000000180035a04     libucrt:_file.obj
 0004:00001a10       $pdata$__acrt_uninitialize_locale 0000000180035a10     libucrt:wsetlocale.obj
 0004:00001a1c       $pdata$??$?RV<lambda_410d79af7f07d98d83a3f525b3859a53>@@AEAV<lambda_3e16ef9562a7dcce91392c22ab16ea36>@@V<lambda_38119f0e861e05405d8a144b9b982f0a>@@@?$__crt_seh_guarded_call@X@@QEAAX$$QEAV<lambda_410d79af7f07d98d83a3f525b3859a53>@@AEAV<lambda_3e16ef9562a7dcce91392c22ab16ea36>@@$$QEAV<lambda_38119f0e861e05405d8a144b9b982f0a>@@@Z 0000000180035a1c     libucrt:wsetlocale.obj
 0004:00001a28       $pdata$?fin$0@?0???$?RV<lambda_410d79af7f07d98d83a3f525b3859a53>@@AEAV<lambda_3e16ef9562a7dcce91392c22ab16ea36>@@V<lambda_38119f0e861e05405d8a144b9b982f0a>@@@?$__crt_seh_guarded_call@X@@QEAAX$$QEAV<lambda_410d79af7f07d98d83a3f525b3859a53>@@AEAV<lambda_3e16ef9562a7dcce91392c22ab16ea36>@@$$QEAV<lambda_38119f0e861e05405d8a144b9b982f0a>@@@Z@4HA 0000000180035a28     libucrt:wsetlocale.obj
 0004:00001a34       $pdata$__acrt_initialize_lowio 0000000180035a34     libucrt:ioinit.obj
 0004:00001a40       $pdata$__acrt_lowio_ensure_fh_exists$fin$0 0000000180035a40     libucrt:osfinfo.obj
 0004:00001a40       $pdata$__acrt_initialize_lowio$fin$0 0000000180035a40     libucrt:ioinit.obj
 0004:00001a4c       $pdata$__acrt_uninitialize_lowio 0000000180035a4c     libucrt:ioinit.obj
 0004:00001a58       $pdata$?initialize_inherited_file_handles_nolock@@YAXXZ 0000000180035a58     libucrt:ioinit.obj
 0004:00001a64       $pdata$?initialize_stdio_handles_nolock@@YAXXZ 0000000180035a64     libucrt:ioinit.obj
 0004:00001a70       $pdata$__acrt_initialize_locks 0000000180035a70     libucrt:locks.obj
 0004:00001a7c       $pdata$__acrt_uninitialize_locks 0000000180035a7c     libucrt:locks.obj
 0004:00001a88       $pdata$__acrt_get_process_end_policy 0000000180035a88     libucrt:win_policies.obj
 0004:00001a94       $pdata$??$__acrt_mbs_to_wcs_cp@U__crt_win32_buffer_internal_dynamic_resizing@@@@YAHQEBDAEAV?$__crt_win32_buffer@_WU__crt_win32_buffer_internal_dynamic_resizing@@@@I@Z 0000000180035a94     libucrt:argv_wildcards.obj
 0004:00001aa0       $pdata$??$__acrt_wcs_to_mbs_cp@U__crt_win32_buffer_internal_dynamic_resizing@@@@YAHQEB_WAEAV?$__crt_win32_buffer@DU__crt_win32_buffer_internal_dynamic_resizing@@@@I@Z 0000000180035aa0     libucrt:argv_wildcards.obj
 0004:00001aac       $pdata$??$common_expand_argv_wildcards@D@@YAHQEAPEADQEAPEAPEAD@Z 0000000180035aac     libucrt:argv_wildcards.obj
 0004:00001ab8       $pdata$??$copy_and_add_argument_to_buffer@D@@YAHQEBD0_KAEAV?$argument_list@D@?A0x5f5c8891@@@Z 0000000180035ab8     libucrt:argv_wildcards.obj
 0004:00001ac4       $pdata$??$expand_argument_wildcards@D@@YAHQEAD0AEAV?$argument_list@D@?A0x5f5c8891@@@Z 0000000180035ac4     libucrt:argv_wildcards.obj
 0004:00001ad0       $pdata$__acrt_GetModuleFileNameA 0000000180035ad0     libucrt:getmodulefilenamea.obj
 0004:00001adc       $pdata$??$__acrt_wcs_to_mbs_cp@U__crt_win32_buffer_no_resizing@@@@YAHQEB_WAEAV?$__crt_win32_buffer@DU__crt_win32_buffer_no_resizing@@@@I@Z 0000000180035adc     libucrt:getmodulefilenamea.obj
 0004:00001ae8       $pdata$__acrt_update_thread_multibyte_data 0000000180035ae8     libucrt:mbctype.obj
 0004:00001af4       $pdata$__acrt_initialize_multibyte 0000000180035af4     libucrt:mbctype.obj
 0004:00001b00       $pdata$_setmbcp_nolock     0000000180035b00     libucrt:mbctype.obj
 0004:00001b0c       $pdata$?getSystemCP@@YAHH@Z 0000000180035b0c     libucrt:mbctype.obj
 0004:00001b18       $pdata$?setSBCS@@YAXPEAU__crt_multibyte_data@@@Z 0000000180035b18     libucrt:mbctype.obj
 0004:00001b24       $pdata$?update_thread_multibyte_data_internal@@YAPEAU__crt_multibyte_data@@QEAU__acrt_ptd@@QEAPEAU1@@Z 0000000180035b24     libucrt:mbctype.obj
 0004:00001b30       $pdata$?fin$0@?0??update_thread_multibyte_data_internal@@YAPEAU__crt_multibyte_data@@QEAU__acrt_ptd@@QEAPEAU1@@Z@4HA 0000000180035b30     libucrt:mbctype.obj
 0004:00001b3c       $pdata$?setmbcp_internal@@YAHH_NQEAU__acrt_ptd@@QEAPEAU__crt_multibyte_data@@@Z 0000000180035b3c     libucrt:mbctype.obj
 0004:00001b48       $pdata$?setSBUpLow@@YAXPEAU__crt_multibyte_data@@@Z 0000000180035b48     libucrt:mbctype.obj
 0004:00001b54       $pdata$??$?RV<lambda_efdfa57d1f175319df784efa44bb7b81>@@AEAV<lambda_5f0a4c1567f8adc6734073e5d1e1b35c>@@V<lambda_2e8a7d3640ea6ccb4c2413664c2db6fd>@@@?$__crt_seh_guarded_call@X@@QEAAX$$QEAV<lambda_efdfa57d1f175319df784efa44bb7b81>@@AEAV<lambda_5f0a4c1567f8adc6734073e5d1e1b35c>@@$$QEAV<lambda_2e8a7d3640ea6ccb4c2413664c2db6fd>@@@Z 0000000180035b54     libucrt:mbctype.obj
 0004:00001b60       $pdata$?x_ismbbtype_l@@YAHPEAU__crt_locale_pointers@@IHH@Z 0000000180035b60     libucrt:ismbbyte.obj
 0004:00001b6c       $pdata$__acrt_initialize_command_line 0000000180035b6c     libucrt:argv_data.obj
 0004:00001b78       $pdata$__acrt_WideCharToMultiByte 0000000180035b78     libucrt:widechartomultibyte.obj
 0004:00001b84       $pdata$__dcrt_get_narrow_environment_from_os 0000000180035b84     libucrt:get_environment_from_os.obj
 0004:00001b90       $pdata$__acrt_initialize_heap 0000000180035b90     libucrt:heap_handle.obj
 0004:00001b9c       $pdata$__acrt_execute_initializers 0000000180035b9c     libucrt:shared_initialization.obj
 0004:00001ba8       $pdata$__acrt_execute_uninitializers 0000000180035ba8     libucrt:shared_initialization.obj
 0004:00001bb4       $pdata$__acrt_get_sigabrt_handler 0000000180035bb4     libucrt:signal.obj
 0004:00001bc0       $pdata$raise               0000000180035bc0     libucrt:signal.obj
 0004:00001bcc       $pdata$raise$fin$0         0000000180035bcc     libucrt:signal.obj
 0004:00001bd8       $pdata$??$?RV<lambda_450d765d439847d4c735a33c368b5fc0>@@AEAV<lambda_44731a7d0e6d81c3e6aa82d741081786>@@V<lambda_601a2a7da3b7a96e9554ac7215c4b07c>@@@?$__crt_seh_guarded_call@P6AXH@Z@@QEAAP6AXH@Z$$QEAV<lambda_450d765d439847d4c735a33c368b5fc0>@@AEAV<lambda_44731a7d0e6d81c3e6aa82d741081786>@@$$QEAV<lambda_601a2a7da3b7a96e9554ac7215c4b07c>@@@Z 0000000180035bd8     libucrt:signal.obj
 0004:00001be4       $pdata$_fflush_nolock      0000000180035be4     libucrt:fflush.obj
 0004:00001bf0       $pdata$__acrt_stdio_flush_nolock 0000000180035bf0     libucrt:fflush.obj
 0004:00001bfc       $pdata$?common_flush_all@@YAH_N@Z 0000000180035bfc     libucrt:fflush.obj
 0004:00001c08       $pdata$??$?RV<lambda_842d9ff0dc9ef11c61343bbaebe7f885>@@AEAV<lambda_c5860995281e5c4ce005b3de8f5874ee>@@V<lambda_d90129c13df834fdcbf8d2b88dafcf2d>@@@?$__crt_seh_guarded_call@X@@QEAAX$$QEAV<lambda_842d9ff0dc9ef11c61343bbaebe7f885>@@AEAV<lambda_c5860995281e5c4ce005b3de8f5874ee>@@$$QEAV<lambda_d90129c13df834fdcbf8d2b88dafcf2d>@@@Z 0000000180035c08     libucrt:fflush.obj
 0004:00001c14       $pdata$?fin$0@?0???$?RV<lambda_842d9ff0dc9ef11c61343bbaebe7f885>@@AEAV<lambda_c5860995281e5c4ce005b3de8f5874ee>@@V<lambda_d90129c13df834fdcbf8d2b88dafcf2d>@@@?$__crt_seh_guarded_call@X@@QEAAX$$QEAV<lambda_842d9ff0dc9ef11c61343bbaebe7f885>@@AEAV<lambda_c5860995281e5c4ce005b3de8f5874ee>@@$$QEAV<lambda_d90129c13df834fdcbf8d2b88dafcf2d>@@@Z@4HA 0000000180035c14     libucrt:fflush.obj
 0004:00001c20       $pdata$??$?RV<lambda_886d6c58226a84441f68b9f2b8217b83>@@AEAV<lambda_ab61a845afdef5b7c387490eaf3616ee>@@V<lambda_f7f22ab5edc0698d5f6905b0d3f44752>@@@?$__crt_seh_guarded_call@X@@QEAAX$$QEAV<lambda_886d6c58226a84441f68b9f2b8217b83>@@AEAV<lambda_ab61a845afdef5b7c387490eaf3616ee>@@$$QEAV<lambda_f7f22ab5edc0698d5f6905b0d3f44752>@@@Z 0000000180035c20     libucrt:fflush.obj
 0004:00001c2c       $pdata$?fin$0@?0???$?RV<lambda_886d6c58226a84441f68b9f2b8217b83>@@AEAV<lambda_ab61a845afdef5b7c387490eaf3616ee>@@V<lambda_f7f22ab5edc0698d5f6905b0d3f44752>@@@?$__crt_seh_guarded_call@X@@QEAAX$$QEAV<lambda_886d6c58226a84441f68b9f2b8217b83>@@AEAV<lambda_ab61a845afdef5b7c387490eaf3616ee>@@$$QEAV<lambda_f7f22ab5edc0698d5f6905b0d3f44752>@@@Z@4HA 0000000180035c2c     libucrt:fflush.obj
 0004:00001c38       $pdata$__pctype_func       0000000180035c38     libucrt:ctype.obj
 0004:00001c44       $pdata$iswctype            0000000180035c44     libucrt:iswctype.obj
 0004:00001c50       $pdata$__acrt_release_locale_ref 0000000180035c50     libucrt:locale_refcounting.obj
 0004:00001c5c       $pdata$__acrt_free_locale  0000000180035c5c     libucrt:locale_refcounting.obj
 0004:00001c68       $pdata$__acrt_locale_free_lc_time_if_unreferenced 0000000180035c68     libucrt:locale_refcounting.obj
 0004:00001c74       $pdata$__acrt_update_thread_locale_data 0000000180035c74     libucrt:locale_refcounting.obj
 0004:00001c80       $pdata$__acrt_update_thread_locale_data$fin$0 0000000180035c80     libucrt:locale_refcounting.obj
 0004:00001c8c       $pdata$_updatetlocinfoEx_nolock 0000000180035c8c     libucrt:locale_refcounting.obj
 0004:00001c98       $pdata$__acrt_DownlevelLocaleNameToLCID 0000000180035c98     libucrt:lcidtoname_downlevel.obj
 0004:00001ca4       $pdata$_isleadbyte_l       0000000180035ca4     libucrt:_wctype.obj
 0004:00001cb0       $pdata$?__mbrtowc_utf8@__crt_mbstring@@YA_KPEA_WPEBD_KPEAU_Mbstatet@@@Z 0000000180035cb0     libucrt:mbrtowc.obj
 0004:00001cbc       $pdata$?__mbsrtowcs_utf8@__crt_mbstring@@YA_KPEA_WPEAPEBD_KPEAU_Mbstatet@@@Z 0000000180035cbc     libucrt:mbrtowc.obj
 0004:00001cc8       $pdata$__acrt_fp_strflt_to_string 0000000180035cc8     libucrt:_fptostr.obj
 0004:00001cd4       $pdata$__acrt_fltout       0000000180035cd4     libucrt:cfout.obj
 0004:00001ce0       $pdata$?divide@__crt_strtox@@YA_KAEAUbig_integer@1@AEBU21@@Z 0000000180035ce0     libucrt:cfout.obj
 0004:00001cec       $pdata$0$?divide@__crt_strtox@@YA_KAEAUbig_integer@1@AEBU21@@Z 0000000180035cec     libucrt:cfout.obj
 0004:00001cf8       $pdata$1$?divide@__crt_strtox@@YA_KAEAUbig_integer@1@AEBU21@@Z 0000000180035cf8     libucrt:cfout.obj
 0004:00001d04       $pdata$_fcloseall          0000000180035d04     libucrt:closeall.obj
 0004:00001d10       $pdata$_fcloseall$fin$0    0000000180035d10     libucrt:closeall.obj
 0004:00001d1c       $pdata$__acrt_stdio_free_buffer_nolock 0000000180035d1c     libucrt:_freebuf.obj
 0004:00001d28       $pdata$_isatty             0000000180035d28     libucrt:isatty.obj
 0004:00001d34       $pdata$__acrt_locale_free_monetary 0000000180035d34     libucrt:initmon.obj
 0004:00001d40       $pdata$__acrt_locale_free_numeric 0000000180035d40     libucrt:initnum.obj
 0004:00001d4c       $pdata$__acrt_locale_free_time 0000000180035d4c     libucrt:inittime.obj
 0004:00001d58       $pdata$?free_crt_array_internal@@YAXQEAPEBX_K@Z 0000000180035d58     libucrt:inittime.obj
 0004:00001d64       $pdata$__acrt_GetStringTypeA 0000000180035d64     libucrt:getstringtypea.obj
 0004:00001d70       $pdata$_get_osfhandle      0000000180035d70     libucrt:osfinfo.obj
 0004:00001d7c       $pdata$_free_osfhnd        0000000180035d7c     libucrt:osfinfo.obj
 0004:00001d88       $pdata$__acrt_lowio_create_handle_array 0000000180035d88     libucrt:osfinfo.obj
 0004:00001d94       $pdata$__acrt_lowio_destroy_handle_array 0000000180035d94     libucrt:osfinfo.obj
 0004:00001da0       $pdata$__acrt_lowio_ensure_fh_exists 0000000180035da0     libucrt:osfinfo.obj
 0004:00001dac       $pdata$qsort               0000000180035dac     libucrt:qsort.obj
 0004:00001db8       $pdata$4$qsort             0000000180035db8     libucrt:qsort.obj
 0004:00001dc4       $pdata$5$qsort             0000000180035dc4     libucrt:qsort.obj
 0004:00001dd0       $pdata$strncpy_s           0000000180035dd0     libucrt:strncpy_s.obj
 0004:00001ddc       $pdata$strpbrk             0000000180035ddc     libucrt:strpbrk.obj
 0004:00001de8       $pdata$fallbackMethod      0000000180035de8     libucrt:strpbrk.obj
 0004:00001df4       $pdata$_mbsdec_l           0000000180035df4     libucrt:mbsdec.obj
 0004:00001e00       $pdata$__acrt_LCMapStringA 0000000180035e00     libucrt:lcmapstringa.obj
 0004:00001e0c       $pdata$?__acrt_LCMapStringA_stat@@YAHPEAU__crt_locale_pointers@@PEB_WKPEBDHPEADHHH@Z 0000000180035e0c     libucrt:lcmapstringa.obj
 0004:00001e18       $pdata$?initialize_multibyte@@YAHXZ 0000000180035e18     libucrt:multibyte_initializer.obj
 0004:00001e24       $pdata$_commit             0000000180035e24     libucrt:commit.obj
 0004:00001e30       $pdata$??$?RV<lambda_a37b2b86f63e897a80ea819b0eb08c01>@@AEAV<lambda_38ce7e780aa69e748d6df282ebc68efe>@@V<lambda_99fb1378e971ab6e7edea83e3a7a83a2>@@@?$__crt_seh_guarded_call@H@@QEAAH$$QEAV<lambda_a37b2b86f63e897a80ea819b0eb08c01>@@AEAV<lambda_38ce7e780aa69e748d6df282ebc68efe>@@$$QEAV<lambda_99fb1378e971ab6e7edea83e3a7a83a2>@@@Z 0000000180035e30     libucrt:commit.obj
 0004:00001e3c       $pdata$?fin$0@?0???$?RV<lambda_a37b2b86f63e897a80ea819b0eb08c01>@@AEAV<lambda_38ce7e780aa69e748d6df282ebc68efe>@@V<lambda_99fb1378e971ab6e7edea83e3a7a83a2>@@@?$__crt_seh_guarded_call@H@@QEAAH$$QEAV<lambda_a37b2b86f63e897a80ea819b0eb08c01>@@AEAV<lambda_38ce7e780aa69e748d6df282ebc68efe>@@$$QEAV<lambda_99fb1378e971ab6e7edea83e3a7a83a2>@@@Z@4HA 0000000180035e3c     libucrt:commit.obj
 0004:00001e3c       $pdata$?fin$0@?0???$?RV<lambda_751a882b2c74d4b022dec766aa51a29a>@@AEAV<lambda_628dfdc04ba53c8bfc02c9951375f3f5>@@V<lambda_f6c7be5f7998530c34de24c7437d6b54>@@@?$__crt_seh_guarded_call@H@@QEAAH$$QEAV<lambda_751a882b2c74d4b022dec766aa51a29a>@@AEAV<lambda_628dfdc04ba53c8bfc02c9951375f3f5>@@$$QEAV<lambda_f6c7be5f7998530c34de24c7437d6b54>@@@Z@4HA 0000000180035e3c     libucrt:close.obj
 0004:00001e48       $pdata$_write              0000000180035e48     libucrt:write.obj
 0004:00001e54       $pdata$_write$fin$0        0000000180035e54     libucrt:write.obj
 0004:00001e60       $pdata$_write_nolock       0000000180035e60     libucrt:write.obj
 0004:00001e6c       $pdata$?write_double_translated_ansi_nolock@@YA?AUwrite_result@?A0x17268360@@HQEBDI@Z 0000000180035e6c     libucrt:write.obj
 0004:00001e78       $pdata$?write_text_ansi_nolock@@YA?AUwrite_result@?A0x17268360@@HQEBDI@Z 0000000180035e78     libucrt:write.obj
 0004:00001e84       $pdata$?write_text_utf16le_nolock@@YA?AUwrite_result@?A0x17268360@@HQEBDI@Z 0000000180035e84     libucrt:write.obj
 0004:00001e90       $pdata$?write_text_utf8_nolock@@YA?AUwrite_result@?A0x17268360@@HQEBDI@Z 0000000180035e90     libucrt:write.obj
 0004:00001e9c       $pdata$?__mbrtoc32_utf8@__crt_mbstring@@YA_KPEA_UPEBD_KPEAU_Mbstatet@@@Z 0000000180035e9c     libucrt:mbrtoc32.obj
 0004:00001ea8       $pdata$fegetenv            0000000180035ea8     libucrt:fegetenv.obj
 0004:00001eb4       $pdata$fesetenv            0000000180035eb4     libucrt:fesetenv.obj
 0004:00001ec0       $pdata$feholdexcept        0000000180035ec0     libucrt:feholdexcept.obj
 0004:00001ed8       $pdata$??$common_lseek_nolock@_J@@YA_JH_JH@Z 0000000180035ed8     libucrt:lseek.obj
 0004:00001ee4       $pdata$fclose              0000000180035ee4     libucrt:fclose.obj
 0004:00001ef0       $pdata$fclose$fin$0        0000000180035ef0     libucrt:fclose.obj
 0004:00001efc       $pdata$_fclose_nolock      0000000180035efc     libucrt:fclose.obj
 0004:00001f08       $pdata$_putwch_nolock      0000000180035f08     libucrt:putwch.obj
 0004:00001f14       $pdata$__acrt_fenv_set_control 0000000180035f14     libucrt:_fenvutils.obj
 0004:00001f20       $pdata$_clearfp            0000000180035f20     libucrt:ieee.obj
 0004:00001f2c       $pdata$_call_matherr       0000000180035f2c     libucrt:libm_error.obj
 0004:00001f38       $pdata$_exception_enabled  0000000180035f38     libucrt:libm_error.obj
 0004:00001f44       $pdata$_handle_error       0000000180035f44     libucrt:libm_error.obj
 0004:00001f50       $pdata$__acrt_initialize_fma3 0000000180035f50     libucrt:fma3_available.obj
 0004:00001f5c       $pdata$_log_special_common 0000000180035f5c     libucrt:log_special.obj
 0004:00001f68       $pdata$_log10_special      0000000180035f68     libucrt:log_special.obj
 0004:00001f74       $pdata$_close              0000000180035f74     libucrt:close.obj
 0004:00001f80       $pdata$_close_nolock       0000000180035f80     libucrt:close.obj
 0004:00001f8c       $pdata$??$?RV<lambda_751a882b2c74d4b022dec766aa51a29a>@@AEAV<lambda_628dfdc04ba53c8bfc02c9951375f3f5>@@V<lambda_f6c7be5f7998530c34de24c7437d6b54>@@@?$__crt_seh_guarded_call@H@@QEAAH$$QEAV<lambda_751a882b2c74d4b022dec766aa51a29a>@@AEAV<lambda_628dfdc04ba53c8bfc02c9951375f3f5>@@$$QEAV<lambda_f6c7be5f7998530c34de24c7437d6b54>@@@Z 0000000180035f8c     libucrt:close.obj
 0004:00001f98       $pdata$__dcrt_lowio_ensure_console_output_initialized 0000000180035f98     libucrt:initcon.obj
 0004:00001fa4       $pdata$__dcrt_write_console 0000000180035fa4     libucrt:initcon.obj
 0004:00001fb0       $pdata$__dcrt_terminate_console_output 0000000180035fb0     libucrt:initcon.obj
 0004:00001fc8       $pdata$_set_errno_from_matherr 0000000180035fc8     libucrt:fpexcept.obj
 0004:00001fd4       $pdata$_raise_exc          0000000180035fd4     libucrt:fpexcept.obj
 0004:00001fe0       $pdata$_raise_exc_ex       0000000180035fe0     libucrt:fpexcept.obj
 0004:00001fec       $pdata$_clrfp              0000000180035fec     libucrt:fpctrl.obj
 0004:00001ff8       $pdata$_ctrlfp             0000000180035ff8     libucrt:fpctrl.obj
 0004:00002004       $pdata$_ctrlfp$filt$0      0000000180036004     libucrt:fpctrl.obj
 0004:00002010       $pdata$_statfp             0000000180036010     libucrt:fpctrl.obj
 0004:0000201c       $pdata$_set_statfp         000000018003601c     libucrt:fpctrl.obj
 0004:00002028       $pdata$_IsNonwritableInCurrentImage 0000000180036028     LIBCMT:pesect.obj
 0004:00002034       $pdata$_IsNonwritableInCurrentImage$filt$0 0000000180036034     LIBCMT:pesect.obj
 0005:00000000       MoveSmall                  0000000180037000     libvcruntime:memcpy.obj
 0005:00000050       MsetTab                    0000000180037050     libvcruntime:memset.obj
 0006:00000220       $R000000                   0000000180038220     ElectronicJournal.res
 0006:00000bb8       $R000998                   0000000180038bb8     ElectronicJournal.res
 0006:00000ca0       $R000A80                   0000000180038ca0     ElectronicJournal.res
 0006:00000f08       $R000CE8                   0000000180038f08     ElectronicJournal.res
 0006:00001410       $R0011F0                   0000000180039410     ElectronicJournal.res
 0006:000050c8       $R004EA8                   000000018003d0c8     ElectronicJournal.res
 0006:00005110       $R004EF0                   000000018003d110     ElectronicJournal.res
