 OPOSPINPad

 Timestamp is 5defaa21 (Tue Dec 10 23:22:25 2019)

 Preferred load address is 0000000180000000

 Start         Length     Name                   Class
 0001:00000000 000000c0H .text$di                CODE
 0001:000000c0 00020930H .text$mn                CODE
 0001:000209f0 00000020H .text$mn$00             CODE
 0001:00020a10 00000490H .text$x                 CODE
 0001:00020ea0 00000078H .text$yd                CODE
 0002:00000000 00000618H .idata$5                DATA
 0002:00000618 00000010H .00cfg                  DATA
 0002:00000628 00000008H .CRT$XCA                DATA
 0002:00000630 00000008H .CRT$XCL                DATA
 0002:00000638 00000020H .CRT$XCU                DATA
 0002:00000658 00000008H .CRT$XCZ                DATA
 0002:00000660 00000008H .CRT$XIA                DATA
 0002:00000668 00000020H .CRT$XIC                DATA
 0002:00000688 00000008H .CRT$XIZ                DATA
 0002:00000690 00000008H .CRT$XLA                DATA
 0002:00000698 00000008H .CRT$XLZ                DATA
 0002:000006a0 00000008H .CRT$XPA                DATA
 0002:000006a8 00000010H .CRT$XPX                DATA
 0002:000006b8 00000008H .CRT$XPXA               DATA
 0002:000006c0 00000008H .CRT$XPZ                DATA
 0002:000006c8 00000008H .CRT$XTA                DATA
 0002:000006d0 00000010H .CRT$XTZ                DATA
 0002:000006d8 00000000H .gfids$y                DATA
 0002:000006e0 0000a688H .rdata                  DATA
 0002:0000ad68 00000028H .rdata$T                DATA
 0002:0000ad90 00000274H .rdata$r                DATA
 0002:0000b004 00000404H .rdata$zzzdbg           DATA
 0002:0000b408 00000008H .rtc$IAA                DATA
 0002:0000b410 00000008H .rtc$IZZ                DATA
 0002:0000b418 00000008H .rtc$TAA                DATA
 0002:0000b420 00000008H .rtc$TZZ                DATA
 0002:0000b428 00000004H .tls                    DATA
 0002:0000b42c 00000004H .tls$                   DATA
 0002:0000b430 00000008H .tls$ZZZ                DATA
 0002:0000b438 00001660H .xdata                  DATA
 0002:0000ca98 00000150H .xdata$x                DATA
 0002:0000cbe8 00000008H ATL$__a                 DATA
 0002:0000cbf0 00000010H ATL$__z                 DATA
 0002:0000cc00 000000a8H .edata                  DATA
 0002:0000cca8 00000078H .idata$2                DATA
 0002:0000cd20 00000018H .idata$3                DATA
 0002:0000cd38 00000618H .idata$4                DATA
 0002:0000d350 00000c24H .idata$6                DATA
 0003:00000000 00000da8H .data                   DATA
 0003:00000da8 000000c8H .data$r                 DATA
 0003:00000e70 0000140cH .bss                    DATA
 0004:00000000 00001eb4H .pdata                  DATA
 0005:00000000 00000094H _RDATA                  DATA
 0006:00000000 00000220H .rsrc$01                DATA
 0006:00000220 00004ba8H .rsrc$02                DATA

  Address         Publics by Value              Rva+Base               Lib:Object

 0000:00000000       __guard_fids_count         0000000000000000     <absolute>
 0000:00000000       __guard_longjmp_count      0000000000000000     <absolute>
 0000:00000000       __guard_longjmp_table      0000000000000000     <absolute>
 0000:00000000       __hybrid_code_map          0000000000000000     <absolute>
 0000:00000000       __guard_iat_count          0000000000000000     <absolute>
 0000:00000000       __guard_iat_table          0000000000000000     <absolute>
 0000:00000000       __volatile_metadata        0000000000000000     <absolute>
 0000:00000000       __hybrid_code_map_count    0000000000000000     <absolute>
 0000:00000000       __enclave_config           0000000000000000     <absolute>
 0000:00000000       ___safe_se_handler_count   0000000000000000     <absolute>
 0000:00000000       __AbsoluteZero             0000000000000000     <absolute>
 0000:00000000       ___safe_se_handler_table   0000000000000000     <absolute>
 0000:00000000       __guard_fids_table         0000000000000000     <absolute>
 0000:00000000       __hybrid_auxiliary_iat     0000000000000000     <absolute>
 0000:00000000       __dynamic_value_reloc_table 0000000000000000     <absolute>
 0000:00000100       __guard_flags              0000000000000100     <absolute>
 0000:00000000       __ImageBase                0000000180000000     <linker-defined>
 0001:000000c0       ?DupWide@_CW@@AEAAXXZ      00000001800010c0 f   CWString.obj
 0001:000000e8       ?cw_dup@@YAXPEBDAEAHAEAPEA_W1@Z 00000001800010e8 f   CWString.obj
 0001:000001c8       ?cw_memcpy@@YAHPEA_WPEBDH@Z 00000001800011c8 f   CWString.obj
 0001:00000214       ?cw_strcpy@@YAHPEA_WPEBD@Z 0000000180001214 f   CWString.obj
 0001:00000228       ??0CAtlComModule@ATL@@QEAA@XZ 0000000180001228 f i OposVariant.obj
 0001:000002a8       ??0CAtlWinModule@ATL@@QEAA@XZ 00000001800012a8 f i OposVariant.obj
 0001:00000314       ??0OposDispParms@@QEAA@PEAVOposVariant@@H@Z 0000000180001314 f   OposVariant.obj
 0001:000003bc       ??1OposDispParms@@QEAA@XZ  00000001800013bc f   OposVariant.obj
 0001:000003d4       ??_Estringdispid@CComTypeInfoHolder@ATL@@QEAAPEAXI@Z 00000001800013d4 f i OposVariant.obj
 0001:00000478       ?AtlWinModuleTerm@ATL@@YAJPEAU_ATL_WIN_MODULE70@1@PEAUHINSTANCE__@@@Z 0000000180001478 f i OposVariant.obj
 0001:00000528       ?ChangeBSTR@OposVariant@@QEAAXPEAPEA_WAEAJ@Z 0000000180001528 f   OposVariant.obj
 0001:00000588       ?ChangeCURRENCY@OposVariant@@QEAAXPEATtagCY@@AEAJ@Z 0000000180001588 f   OposVariant.obj
 0001:000005e8       ?ChangeLONG@OposVariant@@QEAAXPEAJAEAJ@Z 00000001800015e8 f   OposVariant.obj
 0001:00000644       ?GetLONG@OposVariant@@QEAAJXZ 0000000180001644 f   OposVariant.obj
 0001:00000668       ?SetBSTR@OposVariant@@QEAAXPEA_WAEAJ@Z 0000000180001668 f   OposVariant.obj
 0001:000006a8       ?SetBSTR_Copy@OposVariant@@QEAAXPEA_WAEAJ@Z 00000001800016a8 f   OposVariant.obj
 0001:00000718       ?SetBSTR_InOutPtr@OposVariant@@QEAA_NPEAPEA_WAEAJ@Z 0000000180001718 f   OposVariant.obj
 0001:00000768       ?SetBSTR_OutPtr@OposVariant@@QEAA_NPEAPEA_WAEAJ@Z 0000000180001768 f   OposVariant.obj
 0001:00000784       ?SetCURRENCY@OposVariant@@QEAAXTtagCY@@@Z 0000000180001784 f   OposVariant.obj
 0001:000007b8       ?SetDispatch_Ptr@OposVariant@@QEAAXPEAUIDispatch@@AEAJ@Z 00000001800017b8 f   OposVariant.obj
 0001:00000810       ?SetLONG@OposVariant@@QEAAXJ@Z 0000000180001810 f   OposVariant.obj
 0001:00000840       ?SetLONG_Ptr@OposVariant@@QEAAXPEAJAEAJ@Z 0000000180001840 f   OposVariant.obj
 0001:0000088c       ?SetString@OposVariant@@QEAAXPEB_WAEAJ@Z 000000018000188c f   OposVariant.obj
 0001:000008f0       ?SetVARIANT_BOOL@OposVariant@@QEAAXF@Z 00000001800018f0 f   OposVariant.obj
 0001:00000928       ?Term@CAtlComModule@ATL@@QEAAXXZ 0000000180001928 f i OposVariant.obj
 0001:00000998       ?_AtlInitializeCriticalSectionEx@ATL@@YAHPEAU_RTL_CRITICAL_SECTION@@KK@Z 0000000180001998 f i OposVariant.obj
 0001:000009a0       ?_AtlRaiseException@ATL@@YAXKK@Z 00000001800019a0 f i OposVariant.obj
 0001:000009b0       ?GetWindowProc@?$CWindowImplBaseT@VCWindow@ATL@@V?$CWinTraits@$0FGAAAAAA@$0A@@2@@ATL@@UEAAP6A_JPEAUHWND__@@I_K_J@ZXZ 00000001800019b0 f i PINPad.obj
 0001:000009b8       ?StartWindowProc@?$CWindowImplBaseT@VCWindow@ATL@@V?$CWinTraits@$0FGAAAAAA@$0A@@2@@ATL@@SA_JPEAUHWND__@@I_K_J@Z 00000001800019b8 f i PINPad.obj
 0001:00000a7c       ?ObjectMain@CComObjectRootBase@ATL@@SAX_N@Z 0000000180001a7c f i PINPad.obj
 0001:00000a7c       ?OnFinalMessage@?$CWindowImplBaseT@VCWindow@ATL@@V?$CWinTraits@$0FGAAAAAA@$0A@@2@@ATL@@UEAAXPEAUHWND__@@@Z 0000000180001a7c f i PINPad.obj
 0001:00000a7c       _guard_check_icall_nop     0000000180001a7c f i LIBCMT:guard_support.obj
 0001:00000a80       ?GetTypeInfoCount@?$IDispatchImpl@UIOPOSPINPad@@$1?IID_IOPOSPINPad@@3U_GUID@@B$1?LIBID_OposPINPad_CCO@@3U3@B$00$0A@VCComTypeInfoHolder@ATL@@@ATL@@UEAAJPEAI@Z 0000000180001a80 f i PINPad.obj
 0001:00000a94       ?GetTypeInfo@?$IDispatchImpl@UIOPOSPINPad@@$1?IID_IOPOSPINPad@@3U_GUID@@B$1?LIBID_OposPINPad_CCO@@3U3@B$00$0A@VCComTypeInfoHolder@ATL@@@ATL@@UEAAJIKPEAPEAUITypeInfo@@@Z 0000000180001a94 f i PINPad.obj
 0001:00000af8       ?GetIDsOfNames@?$IDispatchImpl@UIOPOSPINPad@@$1?IID_IOPOSPINPad@@3U_GUID@@B$1?LIBID_OposPINPad_CCO@@3U3@B$00$0A@VCComTypeInfoHolder@ATL@@@ATL@@UEAAJAEBU_GUID@@PEAPEA_WIKPEAJ@Z 0000000180001af8 f i PINPad.obj
 0001:00000b04       ?Invoke@?$IDispatchImpl@UIOPOSPINPad@@$1?IID_IOPOSPINPad@@3U_GUID@@B$1?LIBID_OposPINPad_CCO@@3U3@B$00$0A@VCComTypeInfoHolder@ATL@@@ATL@@UEAAJJAEBU_GUID@@KGPEAUtagDISPPARAMS@@PEAUtagVARIANT@@PEAUtagEXCEPINFO@@PEAI@Z 0000000180001b04 f i PINPad.obj
 0001:00000b94       ?CreateControlWindow@?$CComControl@VCOPOSPINPad@@V?$CWindowImpl@VCOPOSPINPad@@VCWindow@ATL@@V?$CWinTraits@$0FGAAAAAA@$0A@@3@@ATL@@@ATL@@UEAAPEAUHWND__@@PEAU3@AEAUtagRECT@@@Z 0000000180001b94 f i PINPad.obj
 0001:00000bcc       ?ControlQueryInterface@?$CComControl@VCOPOSPINPad@@V?$CWindowImpl@VCOPOSPINPad@@VCWindow@ATL@@V?$CWinTraits@$0FGAAAAAA@$0A@@3@@ATL@@@ATL@@UEAAJAEBU_GUID@@PEAPEAX@Z 0000000180001bcc f i PINPad.obj
 0001:00000be0       ?GetUserClassID@?$IOleObjectImpl@VCOPOSPINPad@@@ATL@@UEAAJPEAU_GUID@@@Z 0000000180001be0 f i PINPad.obj
 0001:00000be0       ?GetClassID@?$IPersistStreamInitImpl@VCOPOSPINPad@@@ATL@@UEAAJPEAU_GUID@@@Z 0000000180001be0 f i PINPad.obj
 0001:00000be0       ?GetClassID@?$IPersistStorageImpl@VCOPOSPINPad@@@ATL@@UEAAJPEAU_GUID@@@Z 0000000180001be0 f i PINPad.obj
 0001:00000bfc       ?IsDirty@?$IPersistStreamInitImpl@VCOPOSPINPad@@@ATL@@UEAAJXZ 0000000180001bfc f i PINPad.obj
 0001:00000c18       ?Load@?$IPersistStreamInitImpl@VCOPOSPINPad@@@ATL@@UEAAJPEAUIStream@@@Z 0000000180001c18 f i PINPad.obj
 0001:00000c30       ?Save@?$IPersistStreamInitImpl@VCOPOSPINPad@@@ATL@@UEAAJPEAUIStream@@H@Z 0000000180001c30 f i PINPad.obj
 0001:00000c48       ?GetSizeMax@?$IPersistStreamInitImpl@VCOPOSPINPad@@@ATL@@UEAAJPEAT_ULARGE_INTEGER@@@Z 0000000180001c48 f i PINPad.obj
 0001:00000e74       ?InitNew@?$IPersistStreamInitImpl@VCOPOSPINPad@@@ATL@@UEAAJXZ 0000000180001e74 f i PINPad.obj
 0001:00000e8c       ?ContextSensitiveHelp@?$IOleInPlaceObjectWindowlessImpl@VCOPOSPINPad@@@ATL@@UEAAJH@Z 0000000180001e8c f i PINPad.obj
 0001:00000e8c       ?GetDropTarget@?$IOleInPlaceObjectWindowlessImpl@VCOPOSPINPad@@@ATL@@UEAAJPEAPEAUIDropTarget@@@Z 0000000180001e8c f i PINPad.obj
 0001:00000e8c       ?GetCanonicalFormatEtc@?$IDataObjectImpl@VCOPOSPINPad@@@ATL@@UEAAJPEAUtagFORMATETC@@0@Z 0000000180001e8c f i PINPad.obj
 0001:00000e8c       ?Freeze@?$IViewObjectExImpl@VCOPOSPINPad@@@ATL@@UEAAJKJPEAXPEAK@Z 0000000180001e8c f i PINPad.obj
 0001:00000e8c       ?ContextSensitiveHelp@?$IOleInPlaceActiveObjectImpl@VCOPOSPINPad@@@ATL@@UEAAJH@Z 0000000180001e8c f i PINPad.obj
 0001:00000e8c       ?GetDataHere@?$IDataObjectImpl@VCOPOSPINPad@@@ATL@@UEAAJPEAUtagFORMATETC@@PEAUtagSTGMEDIUM@@@Z 0000000180001e8c f i PINPad.obj
 0001:00000e8c       ?OnMnemonic@?$IOleControlImpl@VCOPOSPINPad@@@ATL@@UEAAJPEAUtagMSG@@@Z 0000000180001e8c f i PINPad.obj
 0001:00000e8c       ?SOOutputCompleteDummy@COPOSPINPad@@MEAAJJ@Z 0000000180001e8c f i PINPad.obj
 0001:00000e8c       ?GetRect@?$IViewObjectExImpl@VCOPOSPINPad@@@ATL@@UEAAJKPEAU_RECTL@@@Z 0000000180001e8c f i PINPad.obj
 0001:00000e8c       ?QueryGetData@?$IDataObjectImpl@VCOPOSPINPad@@@ATL@@UEAAJPEAUtagFORMATETC@@@Z 0000000180001e8c f i PINPad.obj
 0001:00000e8c       ?ReactivateAndUndo@?$IOleInPlaceObjectWindowlessImpl@VCOPOSPINPad@@@ATL@@UEAAJXZ 0000000180001e8c f i PINPad.obj
 0001:00000e8c       ?Unfreeze@?$IViewObjectExImpl@VCOPOSPINPad@@@ATL@@UEAAJK@Z 0000000180001e8c f i PINPad.obj
 0001:00000e8c       ?SetMoniker@?$IOleObjectImpl@VCOPOSPINPad@@@ATL@@UEAAJKPEAUIMoniker@@@Z 0000000180001e8c f i PINPad.obj
 0001:00000e8c       ?QueryInterface@CRegObject@ATL@@UEAAJAEBU_GUID@@PEAPEAX@Z 0000000180001e8c f i PINPad.obj
 0001:00000e8c       ?InitFromData@?$IOleObjectImpl@VCOPOSPINPad@@@ATL@@UEAAJPEAUIDataObject@@HK@Z 0000000180001e8c f i PINPad.obj
 0001:00000e8c       ?GetControlInfo@?$IOleControlImpl@VCOPOSPINPad@@@ATL@@UEAAJPEAUtagCONTROLINFO@@@Z 0000000180001e8c f i PINPad.obj
 0001:00000e8c       ?SetColorScheme@?$IOleObjectImpl@VCOPOSPINPad@@@ATL@@UEAAJPEAUtagLOGPALETTE@@@Z 0000000180001e8c f i PINPad.obj
 0001:00000e8c       ?GetClipboardData@?$IOleObjectImpl@VCOPOSPINPad@@@ATL@@UEAAJKPEAPEAUIDataObject@@@Z 0000000180001e8c f i PINPad.obj
 0001:00000e8c       ?SetData@?$IDataObjectImpl@VCOPOSPINPad@@@ATL@@UEAAJPEAUtagFORMATETC@@PEAUtagSTGMEDIUM@@H@Z 0000000180001e8c f i PINPad.obj
 0001:00000e8c       ?EnumFormatEtc@?$IDataObjectImpl@VCOPOSPINPad@@@ATL@@UEAAJKPEAPEAUIEnumFORMATETC@@@Z 0000000180001e8c f i PINPad.obj
 0001:00000e8c       ?GetColorSet@?$IViewObjectExImpl@VCOPOSPINPad@@@ATL@@UEAAJKJPEAXPEAUtagDVTARGETDEVICE@@PEAUHDC__@@PEAPEAUtagLOGPALETTE@@@Z 0000000180001e8c f i PINPad.obj
 0001:00000e8c       ?GetMoniker@?$IOleObjectImpl@VCOPOSPINPad@@@ATL@@UEAAJKKPEAPEAUIMoniker@@@Z 0000000180001e8c f i PINPad.obj
 0001:00000e94       ?GetObjectDescription@?$CComCoClass@VCOPOSPINPad@@$1?CLSID_OPOSPINPad@@3U_GUID@@B@ATL@@SAPEB_WXZ 0000000180001e94 f i PINPad.obj
 0001:00000e94       ?SaveCompleted@?$IPersistStorageImpl@VCOPOSPINPad@@@ATL@@UEAAJPEAUIStorage@@@Z 0000000180001e94 f i PINPad.obj
 0001:00000e94       ?GetCategoryMap@CComObjectRootBase@ATL@@SAPEBU_ATL_CATMAP_ENTRY@2@XZ 0000000180001e94 f i PINPad.obj
 0001:00000e94       ?OnFrameWindowActivate@?$IOleInPlaceActiveObjectImpl@VCOPOSPINPad@@@ATL@@UEAAJH@Z 0000000180001e94 f i PINPad.obj
 0001:00000e94       ?HandsOffStorage@?$IPersistStorageImpl@VCOPOSPINPad@@@ATL@@UEAAJXZ 0000000180001e94 f i PINPad.obj
 0001:00000e94       ?OnAmbientPropertyChange@?$IOleControlImpl@VCOPOSPINPad@@@ATL@@UEAAJJ@Z 0000000180001e94 f i PINPad.obj
 0001:00000e94       ?SetHostNames@?$IOleObjectImpl@VCOPOSPINPad@@@ATL@@UEAAJPEB_W0@Z 0000000180001e94 f i PINPad.obj
 0001:00000e94       ?EnableModeless@?$IOleInPlaceActiveObjectImpl@VCOPOSPINPad@@@ATL@@UEAAJH@Z 0000000180001e94 f i PINPad.obj
 0001:00000e94       ?ResizeBorder@?$IOleInPlaceActiveObjectImpl@VCOPOSPINPad@@@ATL@@UEAAJPEBUtagRECT@@PEAUIOleInPlaceUIWindow@@H@Z 0000000180001e94 f i PINPad.obj
 0001:00000e94       ?IsUpToDate@?$IOleObjectImpl@VCOPOSPINPad@@@ATL@@UEAAJXZ 0000000180001e94 f i PINPad.obj
 0001:00000e94       ?Release@CRegObject@ATL@@UEAAKXZ 0000000180001e94 f i PINPad.obj
 0001:00000e94       ?Update@?$IOleObjectImpl@VCOPOSPINPad@@@ATL@@UEAAJXZ 0000000180001e94 f i PINPad.obj
 0001:00000e98       ?SetClientSite@?$IOleObjectImpl@VCOPOSPINPad@@@ATL@@UEAAJPEAUIOleClientSite@@@Z 0000000180001e98 f i PINPad.obj
 0001:00000eb4       ?GetClientSite@?$IOleObjectImpl@VCOPOSPINPad@@@ATL@@UEAAJPEAPEAUIOleClientSite@@@Z 0000000180001eb4 f i PINPad.obj
 0001:00000efc       ?Close@?$IOleObjectImpl@VCOPOSPINPad@@@ATL@@UEAAJK@Z 0000000180001efc f i PINPad.obj
 0001:00000f18       ?DoVerb@?$IOleObjectImpl@VCOPOSPINPad@@@ATL@@UEAAJJPEAUtagMSG@@PEAUIOleClientSite@@JPEAUHWND__@@PEBUtagRECT@@@Z 0000000180001f18 f i PINPad.obj
 0001:000010bc       ?EnumVerbs@?$IOleObjectImpl@VCOPOSPINPad@@@ATL@@UEAAJPEAPEAUIEnumOLEVERB@@@Z 00000001800020bc f i PINPad.obj
 0001:000010d8       ?GetUserType@?$IOleObjectImpl@VCOPOSPINPad@@@ATL@@UEAAJKPEAPEA_W@Z 00000001800020d8 f i PINPad.obj
 0001:000010e8       ?SetExtent@?$IOleObjectImpl@VCOPOSPINPad@@@ATL@@UEAAJKPEAUtagSIZE@@@Z 00000001800020e8 f i PINPad.obj
 0001:00001104       ?GetExtent@?$IOleObjectImpl@VCOPOSPINPad@@@ATL@@UEAAJKPEAUtagSIZE@@@Z 0000000180002104 f i PINPad.obj
 0001:00001134       ?Advise@?$IOleObjectImpl@VCOPOSPINPad@@@ATL@@UEAAJPEAUIAdviseSink@@PEAK@Z 0000000180002134 f i PINPad.obj
 0001:00001190       ?Unadvise@?$IOleObjectImpl@VCOPOSPINPad@@@ATL@@UEAAJK@Z 0000000180002190 f i PINPad.obj
 0001:000011c8       ?EnumAdvise@?$IOleObjectImpl@VCOPOSPINPad@@@ATL@@UEAAJPEAPEAUIEnumSTATDATA@@@Z 00000001800021c8 f i PINPad.obj
 0001:00001210       ?GetMiscStatus@?$IOleObjectImpl@VCOPOSPINPad@@@ATL@@UEAAJKPEAK@Z 0000000180002210 f i PINPad.obj
 0001:00001220       ?GetWindow@?$IOleInPlaceActiveObjectImpl@VCOPOSPINPad@@@ATL@@UEAAJPEAPEAUHWND__@@@Z 0000000180002220 f i PINPad.obj
 0001:00001274       ?TranslateAcceleratorW@?$IOleInPlaceActiveObjectImpl@VCOPOSPINPad@@@ATL@@UEAAJPEAUtagMSG@@@Z 0000000180002274 f i PINPad.obj
 0001:00001368       ?OnDocWindowActivate@?$IOleInPlaceActiveObjectImpl@VCOPOSPINPad@@@ATL@@UEAAJH@Z 0000000180002368 f i PINPad.obj
 0001:00001394       ?Draw@?$IViewObjectExImpl@VCOPOSPINPad@@@ATL@@UEAAJKJPEAXPEAUtagDVTARGETDEVICE@@PEAUHDC__@@2PEBU_RECTL@@3P6AH_K@Z4@Z 0000000180002394 f i PINPad.obj
 0001:000013f8       ?SetAdvise@?$IViewObjectExImpl@VCOPOSPINPad@@@ATL@@UEAAJKKPEAUIAdviseSink@@@Z 00000001800023f8 f i PINPad.obj
 0001:0000144c       ?GetAdvise@?$IViewObjectExImpl@VCOPOSPINPad@@@ATL@@UEAAJPEAK0PEAPEAUIAdviseSink@@@Z 000000018000244c f i PINPad.obj
 0001:00001488       ?GetExtent@?$IViewObjectExImpl@VCOPOSPINPad@@@ATL@@UEAAJKJPEAUtagDVTARGETDEVICE@@PEAUtagSIZE@@@Z 0000000180002488 f i PINPad.obj
 0001:000014b8       ?GetViewStatus@?$IViewObjectExImpl@VCOPOSPINPad@@@ATL@@UEAAJPEAK@Z 00000001800024b8 f i PINPad.obj
 0001:000014cc       ?QueryHitPoint@?$IViewObjectExImpl@VCOPOSPINPad@@@ATL@@UEAAJKPEBUtagRECT@@UtagPOINT@@JPEAK@Z 00000001800024cc f i PINPad.obj
 0001:00001510       ?QueryHitRect@?$IViewObjectExImpl@VCOPOSPINPad@@@ATL@@UEAAJKPEBUtagRECT@@0JPEAK@Z 0000000180002510 f i PINPad.obj
 0001:00001578       ?GetNaturalExtent@?$IViewObjectExImpl@VCOPOSPINPad@@@ATL@@UEAAJKJPEAUtagDVTARGETDEVICE@@PEAUHDC__@@PEAUtagExtentInfo@@PEAUtagSIZE@@@Z 0000000180002578 f i PINPad.obj
 0001:000015c0       ?GetWindow@?$IOleInPlaceObjectWindowlessImpl@VCOPOSPINPad@@@ATL@@UEAAJPEAPEAUHWND__@@@Z 00000001800025c0 f i PINPad.obj
 0001:00001614       ?InPlaceDeactivate@?$IOleInPlaceObjectWindowlessImpl@VCOPOSPINPad@@@ATL@@UEAAJXZ 0000000180002614 f i PINPad.obj
 0001:00001630       ?UIDeactivate@?$IOleInPlaceObjectWindowlessImpl@VCOPOSPINPad@@@ATL@@UEAAJXZ 0000000180002630 f i PINPad.obj
 0001:0000164c       ?SetObjectRects@?$IOleInPlaceObjectWindowlessImpl@VCOPOSPINPad@@@ATL@@UEAAJPEBUtagRECT@@0@Z 000000018000264c f i PINPad.obj
 0001:00001668       ?OnWindowMessage@?$IOleInPlaceObjectWindowlessImpl@VCOPOSPINPad@@@ATL@@UEAAJI_K_JPEA_J@Z 0000000180002668 f i PINPad.obj
 0001:00001730       ?EnumConnectionPoints@?$IConnectionPointContainerImpl@VCOPOSPINPad@@@ATL@@UEAAJPEAPEAUIEnumConnectionPoints@@@Z 0000000180002730 f i PINPad.obj
 0001:00001974       ?FindConnectionPoint@?$IConnectionPointContainerImpl@VCOPOSPINPad@@@ATL@@UEAAJAEBU_GUID@@PEAPEAUIConnectionPoint@@@Z 0000000180002974 f i PINPad.obj
 0001:00001a44       ?IsDirty@?$IPersistStorageImpl@VCOPOSPINPad@@@ATL@@UEAAJXZ 0000000180002a44 f i PINPad.obj
 0001:00001a88       ?InitNew@?$IPersistStorageImpl@VCOPOSPINPad@@@ATL@@UEAAJPEAUIStorage@@@Z 0000000180002a88 f i PINPad.obj
 0001:00001acc       ?Load@?$IPersistStorageImpl@VCOPOSPINPad@@@ATL@@UEAAJPEAUIStorage@@@Z 0000000180002acc f i PINPad.obj
 0001:00001b6c       ?Save@?$IPersistStorageImpl@VCOPOSPINPad@@@ATL@@UEAAJPEAUIStorage@@H@Z 0000000180002b6c f i PINPad.obj
 0001:00001c1c       ?GetPages@?$ISpecifyPropertyPagesImpl@VCOPOSPINPad@@@ATL@@UEAAJPEAUtagCAUUID@@@Z 0000000180002c1c f i PINPad.obj
 0001:00001c28       ?QuickActivate@?$IQuickActivateImpl@VCOPOSPINPad@@@ATL@@UEAAJPEAUtagQACONTAINER@@PEAUtagQACONTROL@@@Z 0000000180002c28 f i PINPad.obj
 0001:00001c44       ?SetContentExtent@?$IQuickActivateImpl@VCOPOSPINPad@@@ATL@@UEAAJPEAUtagSIZE@@@Z 0000000180002c44 f i PINPad.obj
 0001:00001c78       ?GetContentExtent@?$IQuickActivateImpl@VCOPOSPINPad@@@ATL@@UEAAJPEAUtagSIZE@@@Z 0000000180002c78 f i PINPad.obj
 0001:00001cb0       ?GetData@?$IDataObjectImpl@VCOPOSPINPad@@@ATL@@UEAAJPEAUtagFORMATETC@@PEAUtagSTGMEDIUM@@@Z 0000000180002cb0 f i PINPad.obj
 0001:00001ccc       ?DAdvise@?$IDataObjectImpl@VCOPOSPINPad@@@ATL@@UEAAJPEAUtagFORMATETC@@KPEAUIAdviseSink@@PEAK@Z 0000000180002ccc f i PINPad.obj
 0001:00001d54       ?DUnadvise@?$IDataObjectImpl@VCOPOSPINPad@@@ATL@@UEAAJK@Z 0000000180002d54 f i PINPad.obj
 0001:00001d80       ?EnumDAdvise@?$IDataObjectImpl@VCOPOSPINPad@@@ATL@@UEAAJPEAPEAUIEnumSTATDATA@@@Z 0000000180002d80 f i PINPad.obj
 0001:00001dbc       ?GetClassInfoW@?$IProvideClassInfo2Impl@$1?CLSID_OPOSPINPad@@3U_GUID@@B$1?DIID__IOPOSPINPadEvents@@3U2@B$1?LIBID_OposPINPad_CCO@@3U2@B$00$0A@VCComTypeInfoHolder@ATL@@@ATL@@UEAAJPEAPEAUITypeInfo@@@Z 0000000180002dbc f i PINPad.obj
 0001:00001e14       ?GetGUID@?$IProvideClassInfo2Impl@$1?CLSID_OPOSPINPad@@3U_GUID@@B$1?DIID__IOPOSPINPadEvents@@3U2@B$1?LIBID_OposPINPad_CCO@@3U2@B$00$0A@VCComTypeInfoHolder@ATL@@@ATL@@UEAAJKPEAU_GUID@@@Z 0000000180002e14 f i PINPad.obj
 0001:00001e48       ?AddRef@CRegObject@ATL@@UEAAKXZ 0000000180002e48 f i PINPad.obj
 0001:00001e48       ?FAccessAllowed@?$IObjectSafetyImpl@VCOPOSPINPad@@$02@ATL@@MEAAHXZ 0000000180002e48 f i PINPad.obj
 0001:00001e48       _get_startup_argv_mode     0000000180002e48 f i LIBCMT:argv_mode.obj
 0001:00001e50       ?GetInterfaceSafetyOptions@?$IObjectSafetyImpl@VCOPOSPINPad@@$02@ATL@@UEAAJAEBU_GUID@@PEAK1@Z 0000000180002e50 f i PINPad.obj
 0001:00001ee4       ?SetInterfaceSafetyOptions@?$IObjectSafetyImpl@VCOPOSPINPad@@$02@ATL@@UEAAJAEBU_GUID@@KK@Z 0000000180002ee4 f i PINPad.obj
 0001:00001f88       ?_LocCPQueryInterface@?$IConnectionPointImpl@VCOPOSPINPad@@$1?IID_IPropertyNotifySink@@3U_GUID@@BVCComDynamicUnkArray@ATL@@@ATL@@UEAAJAEBU_GUID@@PEAPEAX@Z 0000000180002f88 f i PINPad.obj
 0001:00001f88       ?_LocCPQueryInterface@?$IConnectionPointImpl@VCOPOSPINPad@@$1?DIID__IOPOSPINPadEvents@@3U_GUID@@BVCComDynamicUnkArray@ATL@@@ATL@@UEAAJAEBU_GUID@@PEAPEAX@Z 0000000180002f88 f i PINPad.obj
 0001:00001ffc       ?GetConnectionInterface@?$IConnectionPointImpl@VCOPOSPINPad@@$1?IID_IPropertyNotifySink@@3U_GUID@@BVCComDynamicUnkArray@ATL@@@ATL@@UEAAJPEAU_GUID@@@Z 0000000180002ffc f i PINPad.obj
 0001:00002018       ?GetConnectionPointContainer@?$IConnectionPointImpl@VCOPOSPINPad@@$1?IID_IPropertyNotifySink@@3U_GUID@@BVCComDynamicUnkArray@ATL@@@ATL@@UEAAJPEAPEAUIConnectionPointContainer@@@Z 0000000180003018 f i PINPad.obj
 0001:00002038       ?Advise@?$IConnectionPointImpl@VCOPOSPINPad@@$1?DIID__IOPOSPINPadEvents@@3U_GUID@@BVCComDynamicUnkArray@ATL@@@ATL@@UEAAJPEAUIUnknown@@PEAK@Z 0000000180003038 f i PINPad.obj
 0001:00002038       ?Advise@?$IConnectionPointImpl@VCOPOSPINPad@@$1?IID_IPropertyNotifySink@@3U_GUID@@BVCComDynamicUnkArray@ATL@@@ATL@@UEAAJPEAUIUnknown@@PEAK@Z 0000000180003038 f i PINPad.obj
 0001:000020f8       ?Unadvise@?$IConnectionPointImpl@VCOPOSPINPad@@$1?DIID__IOPOSPINPadEvents@@3U_GUID@@BVCComDynamicUnkArray@ATL@@@ATL@@UEAAJK@Z 00000001800030f8 f i PINPad.obj
 0001:000020f8       ?Unadvise@?$IConnectionPointImpl@VCOPOSPINPad@@$1?IID_IPropertyNotifySink@@3U_GUID@@BVCComDynamicUnkArray@ATL@@@ATL@@UEAAJK@Z 00000001800030f8 f i PINPad.obj
 0001:00002174       ?EnumConnections@?$IConnectionPointImpl@VCOPOSPINPad@@$1?DIID__IOPOSPINPadEvents@@3U_GUID@@BVCComDynamicUnkArray@ATL@@@ATL@@UEAAJPEAPEAUIEnumConnections@@@Z 0000000180003174 f i PINPad.obj
 0001:00002174       ?EnumConnections@?$IConnectionPointImpl@VCOPOSPINPad@@$1?IID_IPropertyNotifySink@@3U_GUID@@BVCComDynamicUnkArray@ATL@@@ATL@@UEAAJPEAPEAUIEnumConnections@@@Z 0000000180003174 f i PINPad.obj
 0001:0000232c       ?GetConnectionInterface@?$IConnectionPointImpl@VCOPOSPINPad@@$1?DIID__IOPOSPINPadEvents@@3U_GUID@@BVCComDynamicUnkArray@ATL@@@ATL@@UEAAJPEAU_GUID@@@Z 000000018000332c f i PINPad.obj
 0001:00002348       ?GetConnectionPointContainer@?$IConnectionPointImpl@VCOPOSPINPad@@$1?DIID__IOPOSPINPadEvents@@3U_GUID@@BVCComDynamicUnkArray@ATL@@@ATL@@UEAAJPEAPEAUIConnectionPointContainer@@@Z 0000000180003348 f i PINPad.obj
 0001:00002368       ?UpdateRegistry@COPOSPINPad@@SAJH@Z 0000000180003368 f i PINPad.obj
 0001:00002380       ?ProcessWindowMessage@COPOSPINPad@@UEAAHPEAUHWND__@@I_K_JAEA_JK@Z 0000000180003380 f i PINPad.obj
 0001:00002408       ?SOData@COPOSPINPad@@MEAAJJ@Z 0000000180003408 f i PINPad.obj
 0001:00002458       ?SODirectIO@COPOSPINPad@@MEAAJJPEAJPEAPEA_W@Z 0000000180003458 f i PINPad.obj
 0001:000024d0       ?SOError@COPOSPINPad@@MEAAJJJJPEAJ@Z 00000001800034d0 f i PINPad.obj
 0001:00002558       ?SOStatusUpdate@COPOSPINPad@@MEAAJJ@Z 0000000180003558 f i PINPad.obj
 0001:000025a8       ?Lock@CAtlModule@ATL@@UEAAJXZ 00000001800035a8 f i PINPad.obj
 0001:000025b8       ?Unlock@CAtlModule@ATL@@UEAAJXZ 00000001800035b8 f i PINPad.obj
 0001:000025c4       ?GetLockCount@CAtlModule@ATL@@UEAAJXZ 00000001800035c4 f i PINPad.obj
 0001:000025c8       ?GetGITPtr@CAtlModule@ATL@@UEAAJPEAPEAUIGlobalInterfaceTable@@@Z 00000001800035c8 f i PINPad.obj
 0001:00002638       ?CreateInstance@?$CComCreator@V?$CComObjectCached@VCComClassFactory@ATL@@@ATL@@@ATL@@SAJPEAXAEBU_GUID@@PEAPEAX@Z 0000000180003638 f i PINPad.obj
 0001:00002764       ?CreateInstance@?$CComCreator2@V?$CComCreator@V?$CComObject@VCOPOSPINPad@@@ATL@@@ATL@@V?$CComCreator@V?$CComAggObject@VCOPOSPINPad@@@ATL@@@2@@ATL@@SAJPEAXAEBU_GUID@@PEAPEAX@Z 0000000180003764 f i PINPad.obj
 0001:00002774       ?AddCommonRGSReplacements@?$CAtlModuleT@VCComModule@ATL@@@ATL@@UEAAJPEAUIRegistrarBase@@@Z 0000000180003774 f i PINPad.obj
 0001:0000278c       ?AddRef@?$CComObjectCached@VCComClassFactory@ATL@@@ATL@@UEAAKXZ 000000018000378c f i PINPad.obj
 0001:000027b8       ?Release@?$CComObjectCached@VCComClassFactory@ATL@@@ATL@@UEAAKXZ 00000001800037b8 f i PINPad.obj
 0001:000027f8       ?QueryInterface@?$CComObjectCached@VCComClassFactory@ATL@@@ATL@@UEAAJAEBU_GUID@@PEAPEAX@Z 00000001800037f8 f i PINPad.obj
 0001:0000280c       ??_E?$CComObjectCached@VCComClassFactory@ATL@@@ATL@@UEAAPEAXI@Z 000000018000380c f i PINPad.obj
 0001:0000280c       ??_G?$CComObjectCached@VCComClassFactory@ATL@@@ATL@@UEAAPEAXI@Z 000000018000380c f i PINPad.obj
 0001:00002864       ?UpdateRegistryFromResourceD@CComModule@ATL@@UEAAJIHPEAU_ATL_REGMAP_ENTRY@2@@Z 0000000180003864 f i PINPad.obj
 0001:00002864       ?UpdateRegistryFromResourceD@CComModule@ATL@@UEAAJPEB_WHPEAU_ATL_REGMAP_ENTRY@2@@Z 0000000180003864 f i PINPad.obj
 0001:0000286c       ?UpdateRegistryFromResource@CComModule@ATL@@UEAAJPEB_WHPEAU_ATL_REGMAP_ENTRY@2@@Z 000000018000386c f i PINPad.obj
 0001:00002874       ?UpdateRegistryFromResource@CComModule@ATL@@UEAAJIHPEAU_ATL_REGMAP_ENTRY@2@@Z 0000000180003874 f i PINPad.obj
 0001:0000287c       ??_ECComModule@ATL@@UEAAPEAXI@Z 000000018000387c f i PINPad.obj
 0001:0000287c       ??_GCComModule@ATL@@UEAAPEAXI@Z 000000018000387c f i PINPad.obj
 0001:000028bc       ?Next@?$CComEnumImpl@UIEnumConnectionPoints@@$1?_GUID_b196b285_bab4_101a_b69c_00aa00341d07@@3U__s_GUID@@BPEAUIConnectionPoint@@V?$_CopyInterface@UIConnectionPoint@@@ATL@@@ATL@@UEAAJKPEAPEAUIConnectionPoint@@PEAK@Z 00000001800038bc f i PINPad.obj
 0001:00002988       ?Skip@?$CComEnumImpl@UIEnumConnectionPoints@@$1?_GUID_b196b285_bab4_101a_b69c_00aa00341d07@@3U__s_GUID@@BPEAUIConnectionPoint@@V?$_CopyInterface@UIConnectionPoint@@@ATL@@@ATL@@UEAAJK@Z 0000000180003988 f i PINPad.obj
 0001:000029b4       ?Reset@?$CComEnumImpl@UIEnumConnections@@$1?_GUID_b196b287_bab4_101a_b69c_00aa00341d07@@3U__s_GUID@@BUtagCONNECTDATA@@V?$_Copy@UtagCONNECTDATA@@@ATL@@@ATL@@UEAAJXZ 00000001800039b4 f i PINPad.obj
 0001:000029b4       ?Reset@?$CComEnumImpl@UIEnumConnectionPoints@@$1?_GUID_b196b285_bab4_101a_b69c_00aa00341d07@@3U__s_GUID@@BPEAUIConnectionPoint@@V?$_CopyInterface@UIConnectionPoint@@@ATL@@@ATL@@UEAAJXZ 00000001800039b4 f i PINPad.obj
 0001:000029c0       ?Clone@?$CComEnumImpl@UIEnumConnectionPoints@@$1?_GUID_b196b285_bab4_101a_b69c_00aa00341d07@@3U__s_GUID@@BPEAUIConnectionPoint@@V?$_CopyInterface@UIConnectionPoint@@@ATL@@@ATL@@UEAAJPEAPEAUIEnumConnectionPoints@@@Z 00000001800039c0 f i PINPad.obj
 0001:00002aec       ?AddRef@?$CComObject@V?$CComEnum@UIEnumConnectionPoints@@$1?_GUID_b196b285_bab4_101a_b69c_00aa00341d07@@3U__s_GUID@@BPEAUIConnectionPoint@@V?$_CopyInterface@UIConnectionPoint@@@ATL@@VCComSingleThreadModel@6@@ATL@@@ATL@@UEAAKXZ 0000000180003aec f i PINPad.obj
 0001:00002aec       ?AddRef@?$CComObject@V?$CComEnum@UIEnumConnections@@$1?_GUID_b196b287_bab4_101a_b69c_00aa00341d07@@3U__s_GUID@@BUtagCONNECTDATA@@V?$_Copy@UtagCONNECTDATA@@@ATL@@VCComSingleThreadModel@6@@ATL@@@ATL@@UEAAKXZ 0000000180003aec f i PINPad.obj
 0001:00002af8       ?Release@?$CComObject@V?$CComEnum@UIEnumConnections@@$1?_GUID_b196b287_bab4_101a_b69c_00aa00341d07@@3U__s_GUID@@BUtagCONNECTDATA@@V?$_Copy@UtagCONNECTDATA@@@ATL@@VCComSingleThreadModel@6@@ATL@@@ATL@@UEAAKXZ 0000000180003af8 f i PINPad.obj
 0001:00002af8       ?Release@?$CComObject@V?$CComEnum@UIEnumConnectionPoints@@$1?_GUID_b196b285_bab4_101a_b69c_00aa00341d07@@3U__s_GUID@@BPEAUIConnectionPoint@@V?$_CopyInterface@UIConnectionPoint@@@ATL@@VCComSingleThreadModel@6@@ATL@@@ATL@@UEAAKXZ 0000000180003af8 f i PINPad.obj
 0001:00002b4c       ?QueryInterface@?$CComObject@V?$CComEnum@UIEnumConnectionPoints@@$1?_GUID_b196b285_bab4_101a_b69c_00aa00341d07@@3U__s_GUID@@BPEAUIConnectionPoint@@V?$_CopyInterface@UIConnectionPoint@@@ATL@@VCComSingleThreadModel@6@@ATL@@@ATL@@UEAAJAEBU_GUID@@PEAPEAX@Z 0000000180003b4c f i PINPad.obj
 0001:00002b60       ??_E?$CComObject@V?$CComEnum@UIEnumConnectionPoints@@$1?_GUID_b196b285_bab4_101a_b69c_00aa00341d07@@3U__s_GUID@@BPEAUIConnectionPoint@@V?$_CopyInterface@UIConnectionPoint@@@ATL@@VCComSingleThreadModel@6@@ATL@@@ATL@@UEAAPEAXI@Z 0000000180003b60 f i PINPad.obj
 0001:00002b60       ??_G?$CComObject@V?$CComEnum@UIEnumConnectionPoints@@$1?_GUID_b196b285_bab4_101a_b69c_00aa00341d07@@3U__s_GUID@@BPEAUIConnectionPoint@@V?$_CopyInterface@UIConnectionPoint@@@ATL@@VCComSingleThreadModel@6@@ATL@@@ATL@@UEAAPEAXI@Z 0000000180003b60 f i PINPad.obj
 0001:00002bb8       ?AddReplacement@CRegObject@ATL@@UEAAJPEB_W0@Z 0000000180003bb8 f i PINPad.obj
 0001:00002be8       ?ClearReplacements@CRegObject@ATL@@UEAAJXZ 0000000180003be8 f i PINPad.obj
 0001:00002bf4       ??_GCRegObject@ATL@@UEAAPEAXI@Z 0000000180003bf4 f i PINPad.obj
 0001:00002bf4       ??_ECRegObject@ATL@@UEAAPEAXI@Z 0000000180003bf4 f i PINPad.obj
 0001:00002c74       ?AddRef@?$CComAggObject@VCOPOSPINPad@@@ATL@@UEAAKXZ 0000000180003c74 f i PINPad.obj
 0001:00002c80       ?Release@?$CComAggObject@VCOPOSPINPad@@@ATL@@UEAAKXZ 0000000180003c80 f i PINPad.obj
 0001:00002cd4       ?QueryInterface@?$CComAggObject@VCOPOSPINPad@@@ATL@@UEAAJAEBU_GUID@@PEAPEAX@Z 0000000180003cd4 f i PINPad.obj
 0001:00002d34       ?AddRef@?$CComContainedObject@VCOPOSPINPad@@@ATL@@UEAAKXZ 0000000180003d34 f i PINPad.obj
 0001:00002d44       ?Release@?$CComContainedObject@VCOPOSPINPad@@@ATL@@UEAAKXZ 0000000180003d44 f i PINPad.obj
 0001:00002d54       ?QueryInterface@?$CComContainedObject@VCOPOSPINPad@@@ATL@@UEAAJAEBU_GUID@@PEAPEAX@Z 0000000180003d54 f i PINPad.obj
 0001:00002d64       ??_G?$CComAggObject@VCOPOSPINPad@@@ATL@@UEAAPEAXI@Z 0000000180003d64 f i PINPad.obj
 0001:00002d64       ??_E?$CComAggObject@VCOPOSPINPad@@@ATL@@UEAAPEAXI@Z 0000000180003d64 f i PINPad.obj
 0001:00002dbc       ?AddRef@?$CComObject@VCOPOSPINPad@@@ATL@@UEAAKXZ 0000000180003dbc f i PINPad.obj
 0001:00002dcc       ?Release@?$CComObject@VCOPOSPINPad@@@ATL@@UEAAKXZ 0000000180003dcc f i PINPad.obj
 0001:00002e24       ?QueryInterface@?$CComObject@VCOPOSPINPad@@@ATL@@UEAAJAEBU_GUID@@PEAPEAX@Z 0000000180003e24 f i PINPad.obj
 0001:00002e38       ?OnDrawAdvanced@CComControlBase@ATL@@UEAAJAEAUATL_DRAWINFO@@@Z 0000000180003e38 f i PINPad.obj
 0001:00002fc4       ?Next@?$CComEnumImpl@UIEnumConnections@@$1?_GUID_b196b287_bab4_101a_b69c_00aa00341d07@@3U__s_GUID@@BUtagCONNECTDATA@@V?$_Copy@UtagCONNECTDATA@@@ATL@@@ATL@@UEAAJKPEAUtagCONNECTDATA@@PEAK@Z 0000000180003fc4 f i PINPad.obj
 0001:00003098       ?Skip@?$CComEnumImpl@UIEnumConnections@@$1?_GUID_b196b287_bab4_101a_b69c_00aa00341d07@@3U__s_GUID@@BUtagCONNECTDATA@@V?$_Copy@UtagCONNECTDATA@@@ATL@@@ATL@@UEAAJK@Z 0000000180004098 f i PINPad.obj
 0001:000030c4       ?Clone@?$CComEnumImpl@UIEnumConnections@@$1?_GUID_b196b287_bab4_101a_b69c_00aa00341d07@@3U__s_GUID@@BUtagCONNECTDATA@@V?$_Copy@UtagCONNECTDATA@@@ATL@@@ATL@@UEAAJPEAPEAUIEnumConnections@@@Z 00000001800040c4 f i PINPad.obj
 0001:000031f0       ?QueryInterface@?$CComObject@V?$CComEnum@UIEnumConnections@@$1?_GUID_b196b287_bab4_101a_b69c_00aa00341d07@@3U__s_GUID@@BUtagCONNECTDATA@@V?$_Copy@UtagCONNECTDATA@@@ATL@@VCComSingleThreadModel@6@@ATL@@@ATL@@UEAAJAEBU_GUID@@PEAPEAX@Z 00000001800041f0 f i PINPad.obj
 0001:00003204       ??_E?$CComObject@V?$CComEnum@UIEnumConnections@@$1?_GUID_b196b287_bab4_101a_b69c_00aa00341d07@@3U__s_GUID@@BUtagCONNECTDATA@@V?$_Copy@UtagCONNECTDATA@@@ATL@@VCComSingleThreadModel@6@@ATL@@@ATL@@UEAAPEAXI@Z 0000000180004204 f i PINPad.obj
 0001:00003204       ??_G?$CComObject@V?$CComEnum@UIEnumConnections@@$1?_GUID_b196b287_bab4_101a_b69c_00aa00341d07@@3U__s_GUID@@BUtagCONNECTDATA@@V?$_Copy@UtagCONNECTDATA@@@ATL@@VCComSingleThreadModel@6@@ATL@@@ATL@@UEAAPEAXI@Z 0000000180004204 f i PINPad.obj
 0001:0000325c       ??_E?$CComObject@VCOPOSPINPad@@@ATL@@W7EAAPEAXI@Z 000000018000425c f i PINPad.obj
 0001:00003268       ??_E?$CComObject@VCOPOSPINPad@@@ATL@@WHA@EAAPEAXI@Z 0000000180004268 f i PINPad.obj
 0001:00003274       ?QueryInterface@?$CComObject@VCOPOSPINPad@@@ATL@@WLI@EAAJAEBU_GUID@@PEAPEAX@Z 0000000180004274 f i PINPad.obj
 0001:00003280       ?AddRef@?$CComObject@VCOPOSPINPad@@@ATL@@WLI@EAAKXZ 0000000180004280 f i PINPad.obj
 0001:0000328c       ?Release@?$CComObject@VCOPOSPINPad@@@ATL@@WLI@EAAKXZ 000000018000428c f i PINPad.obj
 0001:00003298       ?QueryInterface@?$CComObject@VCOPOSPINPad@@@ATL@@WMA@EAAJAEBU_GUID@@PEAPEAX@Z 0000000180004298 f i PINPad.obj
 0001:000032a4       ?AddRef@?$CComObject@VCOPOSPINPad@@@ATL@@WMA@EAAKXZ 00000001800042a4 f i PINPad.obj
 0001:000032b0       ?Release@?$CComObject@VCOPOSPINPad@@@ATL@@WMA@EAAKXZ 00000001800042b0 f i PINPad.obj
 0001:000032bc       ?QueryInterface@?$CComObject@VCOPOSPINPad@@@ATL@@WMI@EAAJAEBU_GUID@@PEAPEAX@Z 00000001800042bc f i PINPad.obj
 0001:000032c8       ?AddRef@?$CComObject@VCOPOSPINPad@@@ATL@@WMI@EAAKXZ 00000001800042c8 f i PINPad.obj
 0001:000032d4       ?Release@?$CComObject@VCOPOSPINPad@@@ATL@@WMI@EAAKXZ 00000001800042d4 f i PINPad.obj
 0001:000032e0       ?QueryInterface@?$CComObject@VCOPOSPINPad@@@ATL@@WNA@EAAJAEBU_GUID@@PEAPEAX@Z 00000001800042e0 f i PINPad.obj
 0001:000032ec       ?AddRef@?$CComObject@VCOPOSPINPad@@@ATL@@WNA@EAAKXZ 00000001800042ec f i PINPad.obj
 0001:000032f8       ?Release@?$CComObject@VCOPOSPINPad@@@ATL@@WNA@EAAKXZ 00000001800042f8 f i PINPad.obj
 0001:00003304       ?QueryInterface@?$CComObject@VCOPOSPINPad@@@ATL@@WNI@EAAJAEBU_GUID@@PEAPEAX@Z 0000000180004304 f i PINPad.obj
 0001:00003310       ?AddRef@?$CComObject@VCOPOSPINPad@@@ATL@@WNI@EAAKXZ 0000000180004310 f i PINPad.obj
 0001:0000331c       ?Release@?$CComObject@VCOPOSPINPad@@@ATL@@WNI@EAAKXZ 000000018000431c f i PINPad.obj
 0001:00003328       ?QueryInterface@?$CComObject@VCOPOSPINPad@@@ATL@@WOA@EAAJAEBU_GUID@@PEAPEAX@Z 0000000180004328 f i PINPad.obj
 0001:00003334       ?AddRef@?$CComObject@VCOPOSPINPad@@@ATL@@WOA@EAAKXZ 0000000180004334 f i PINPad.obj
 0001:00003340       ?Release@?$CComObject@VCOPOSPINPad@@@ATL@@WOA@EAAKXZ 0000000180004340 f i PINPad.obj
 0001:0000334c       ?QueryInterface@?$CComObject@VCOPOSPINPad@@@ATL@@WOI@EAAJAEBU_GUID@@PEAPEAX@Z 000000018000434c f i PINPad.obj
 0001:00003358       ?AddRef@?$CComObject@VCOPOSPINPad@@@ATL@@WOI@EAAKXZ 0000000180004358 f i PINPad.obj
 0001:00003364       ?Release@?$CComObject@VCOPOSPINPad@@@ATL@@WOI@EAAKXZ 0000000180004364 f i PINPad.obj
 0001:00003370       ?QueryInterface@?$CComObject@VCOPOSPINPad@@@ATL@@WPA@EAAJAEBU_GUID@@PEAPEAX@Z 0000000180004370 f i PINPad.obj
 0001:0000337c       ?AddRef@?$CComObject@VCOPOSPINPad@@@ATL@@WPA@EAAKXZ 000000018000437c f i PINPad.obj
 0001:00003388       ?Release@?$CComObject@VCOPOSPINPad@@@ATL@@WPA@EAAKXZ 0000000180004388 f i PINPad.obj
 0001:00003394       ?QueryInterface@?$CComObject@VCOPOSPINPad@@@ATL@@WPI@EAAJAEBU_GUID@@PEAPEAX@Z 0000000180004394 f i PINPad.obj
 0001:000033a0       ?AddRef@?$CComObject@VCOPOSPINPad@@@ATL@@WPI@EAAKXZ 00000001800043a0 f i PINPad.obj
 0001:000033ac       ?Release@?$CComObject@VCOPOSPINPad@@@ATL@@WPI@EAAKXZ 00000001800043ac f i PINPad.obj
 0001:000033b8       ?QueryInterface@?$CComObject@VCOPOSPINPad@@@ATL@@WBAA@EAAJAEBU_GUID@@PEAPEAX@Z 00000001800043b8 f i PINPad.obj
 0001:000033c4       ?AddRef@?$CComObject@VCOPOSPINPad@@@ATL@@WBAA@EAAKXZ 00000001800043c4 f i PINPad.obj
 0001:000033d0       ?Release@?$CComObject@VCOPOSPINPad@@@ATL@@WBAA@EAAKXZ 00000001800043d0 f i PINPad.obj
 0001:000033dc       ?QueryInterface@?$CComObject@VCOPOSPINPad@@@ATL@@WBAI@EAAJAEBU_GUID@@PEAPEAX@Z 00000001800043dc f i PINPad.obj
 0001:000033e8       ?AddRef@?$CComObject@VCOPOSPINPad@@@ATL@@WBAI@EAAKXZ 00000001800043e8 f i PINPad.obj
 0001:000033f4       ?Release@?$CComObject@VCOPOSPINPad@@@ATL@@WBAI@EAAKXZ 00000001800043f4 f i PINPad.obj
 0001:00003400       ?QueryInterface@?$CComObject@VCOPOSPINPad@@@ATL@@WBBA@EAAJAEBU_GUID@@PEAPEAX@Z 0000000180004400 f i PINPad.obj
 0001:0000340c       ?AddRef@?$CComObject@VCOPOSPINPad@@@ATL@@WBBA@EAAKXZ 000000018000440c f i PINPad.obj
 0001:00003418       ?Release@?$CComObject@VCOPOSPINPad@@@ATL@@WBBA@EAAKXZ 0000000180004418 f i PINPad.obj
 0001:00003424       ?QueryInterface@?$CComObject@VCOPOSPINPad@@@ATL@@WBBI@EAAJAEBU_GUID@@PEAPEAX@Z 0000000180004424 f i PINPad.obj
 0001:00003430       ?AddRef@?$CComObject@VCOPOSPINPad@@@ATL@@WBBI@EAAKXZ 0000000180004430 f i PINPad.obj
 0001:0000343c       ?Release@?$CComObject@VCOPOSPINPad@@@ATL@@WBBI@EAAKXZ 000000018000443c f i PINPad.obj
 0001:00003448       ?AddRef@?$CComObject@VCOPOSPINPad@@@ATL@@WBCI@EAAKXZ 0000000180004448 f i PINPad.obj
 0001:00003454       ?Release@?$CComObject@VCOPOSPINPad@@@ATL@@WBCI@EAAKXZ 0000000180004454 f i PINPad.obj
 0001:00003460       ?AddRef@?$CComObject@VCOPOSPINPad@@@ATL@@WBEA@EAAKXZ 0000000180004460 f i PINPad.obj
 0001:0000346c       ?Release@?$CComObject@VCOPOSPINPad@@@ATL@@WBEA@EAAKXZ 000000018000446c f i PINPad.obj
 0001:00003478       ??_E?$CComContainedObject@VCOPOSPINPad@@@ATL@@W7EAAPEAXI@Z 0000000180004478 f i PINPad.obj
 0001:00003484       ??_E?$CComContainedObject@VCOPOSPINPad@@@ATL@@WHA@EAAPEAXI@Z 0000000180004484 f i PINPad.obj
 0001:00003490       ?QueryInterface@?$CComContainedObject@VCOPOSPINPad@@@ATL@@WLI@EAAJAEBU_GUID@@PEAPEAX@Z 0000000180004490 f i PINPad.obj
 0001:0000349c       ?AddRef@?$CComContainedObject@VCOPOSPINPad@@@ATL@@WLI@EAAKXZ 000000018000449c f i PINPad.obj
 0001:000034a8       ?Release@?$CComContainedObject@VCOPOSPINPad@@@ATL@@WLI@EAAKXZ 00000001800044a8 f i PINPad.obj
 0001:000034b4       ?QueryInterface@?$CComContainedObject@VCOPOSPINPad@@@ATL@@WMA@EAAJAEBU_GUID@@PEAPEAX@Z 00000001800044b4 f i PINPad.obj
 0001:000034c0       ?AddRef@?$CComContainedObject@VCOPOSPINPad@@@ATL@@WMA@EAAKXZ 00000001800044c0 f i PINPad.obj
 0001:000034cc       ?Release@?$CComContainedObject@VCOPOSPINPad@@@ATL@@WMA@EAAKXZ 00000001800044cc f i PINPad.obj
 0001:000034d8       ?QueryInterface@?$CComContainedObject@VCOPOSPINPad@@@ATL@@WMI@EAAJAEBU_GUID@@PEAPEAX@Z 00000001800044d8 f i PINPad.obj
 0001:000034e4       ?AddRef@?$CComContainedObject@VCOPOSPINPad@@@ATL@@WMI@EAAKXZ 00000001800044e4 f i PINPad.obj
 0001:000034f0       ?Release@?$CComContainedObject@VCOPOSPINPad@@@ATL@@WMI@EAAKXZ 00000001800044f0 f i PINPad.obj
 0001:000034fc       ?QueryInterface@?$CComContainedObject@VCOPOSPINPad@@@ATL@@WNA@EAAJAEBU_GUID@@PEAPEAX@Z 00000001800044fc f i PINPad.obj
 0001:00003508       ?AddRef@?$CComContainedObject@VCOPOSPINPad@@@ATL@@WNA@EAAKXZ 0000000180004508 f i PINPad.obj
 0001:00003514       ?Release@?$CComContainedObject@VCOPOSPINPad@@@ATL@@WNA@EAAKXZ 0000000180004514 f i PINPad.obj
 0001:00003520       ?QueryInterface@?$CComContainedObject@VCOPOSPINPad@@@ATL@@WNI@EAAJAEBU_GUID@@PEAPEAX@Z 0000000180004520 f i PINPad.obj
 0001:0000352c       ?AddRef@?$CComContainedObject@VCOPOSPINPad@@@ATL@@WNI@EAAKXZ 000000018000452c f i PINPad.obj
 0001:00003538       ?Release@?$CComContainedObject@VCOPOSPINPad@@@ATL@@WNI@EAAKXZ 0000000180004538 f i PINPad.obj
 0001:00003544       ?QueryInterface@?$CComContainedObject@VCOPOSPINPad@@@ATL@@WOA@EAAJAEBU_GUID@@PEAPEAX@Z 0000000180004544 f i PINPad.obj
 0001:00003550       ?AddRef@?$CComContainedObject@VCOPOSPINPad@@@ATL@@WOA@EAAKXZ 0000000180004550 f i PINPad.obj
 0001:0000355c       ?Release@?$CComContainedObject@VCOPOSPINPad@@@ATL@@WOA@EAAKXZ 000000018000455c f i PINPad.obj
 0001:00003568       ?QueryInterface@?$CComContainedObject@VCOPOSPINPad@@@ATL@@WOI@EAAJAEBU_GUID@@PEAPEAX@Z 0000000180004568 f i PINPad.obj
 0001:00003574       ?AddRef@?$CComContainedObject@VCOPOSPINPad@@@ATL@@WOI@EAAKXZ 0000000180004574 f i PINPad.obj
 0001:00003580       ?Release@?$CComContainedObject@VCOPOSPINPad@@@ATL@@WOI@EAAKXZ 0000000180004580 f i PINPad.obj
 0001:0000358c       ?QueryInterface@?$CComContainedObject@VCOPOSPINPad@@@ATL@@WPA@EAAJAEBU_GUID@@PEAPEAX@Z 000000018000458c f i PINPad.obj
 0001:00003598       ?AddRef@?$CComContainedObject@VCOPOSPINPad@@@ATL@@WPA@EAAKXZ 0000000180004598 f i PINPad.obj
 0001:000035a4       ?Release@?$CComContainedObject@VCOPOSPINPad@@@ATL@@WPA@EAAKXZ 00000001800045a4 f i PINPad.obj
 0001:000035b0       ?QueryInterface@?$CComContainedObject@VCOPOSPINPad@@@ATL@@WPI@EAAJAEBU_GUID@@PEAPEAX@Z 00000001800045b0 f i PINPad.obj
 0001:000035bc       ?AddRef@?$CComContainedObject@VCOPOSPINPad@@@ATL@@WPI@EAAKXZ 00000001800045bc f i PINPad.obj
 0001:000035c8       ?Release@?$CComContainedObject@VCOPOSPINPad@@@ATL@@WPI@EAAKXZ 00000001800045c8 f i PINPad.obj
 0001:000035d4       ?QueryInterface@?$CComContainedObject@VCOPOSPINPad@@@ATL@@WBAA@EAAJAEBU_GUID@@PEAPEAX@Z 00000001800045d4 f i PINPad.obj
 0001:000035e0       ?AddRef@?$CComContainedObject@VCOPOSPINPad@@@ATL@@WBAA@EAAKXZ 00000001800045e0 f i PINPad.obj
 0001:000035ec       ?Release@?$CComContainedObject@VCOPOSPINPad@@@ATL@@WBAA@EAAKXZ 00000001800045ec f i PINPad.obj
 0001:000035f8       ?QueryInterface@?$CComContainedObject@VCOPOSPINPad@@@ATL@@WBAI@EAAJAEBU_GUID@@PEAPEAX@Z 00000001800045f8 f i PINPad.obj
 0001:00003604       ?AddRef@?$CComContainedObject@VCOPOSPINPad@@@ATL@@WBAI@EAAKXZ 0000000180004604 f i PINPad.obj
 0001:00003610       ?Release@?$CComContainedObject@VCOPOSPINPad@@@ATL@@WBAI@EAAKXZ 0000000180004610 f i PINPad.obj
 0001:0000361c       ?QueryInterface@?$CComContainedObject@VCOPOSPINPad@@@ATL@@WBBA@EAAJAEBU_GUID@@PEAPEAX@Z 000000018000461c f i PINPad.obj
 0001:00003628       ?AddRef@?$CComContainedObject@VCOPOSPINPad@@@ATL@@WBBA@EAAKXZ 0000000180004628 f i PINPad.obj
 0001:00003634       ?Release@?$CComContainedObject@VCOPOSPINPad@@@ATL@@WBBA@EAAKXZ 0000000180004634 f i PINPad.obj
 0001:00003640       ?QueryInterface@?$CComContainedObject@VCOPOSPINPad@@@ATL@@WBBI@EAAJAEBU_GUID@@PEAPEAX@Z 0000000180004640 f i PINPad.obj
 0001:0000364c       ?AddRef@?$CComContainedObject@VCOPOSPINPad@@@ATL@@WBBI@EAAKXZ 000000018000464c f i PINPad.obj
 0001:00003658       ?Release@?$CComContainedObject@VCOPOSPINPad@@@ATL@@WBBI@EAAKXZ 0000000180004658 f i PINPad.obj
 0001:00003664       ?AddRef@?$CComContainedObject@VCOPOSPINPad@@@ATL@@WBCI@EAAKXZ 0000000180004664 f i PINPad.obj
 0001:00003670       ?Release@?$CComContainedObject@VCOPOSPINPad@@@ATL@@WBCI@EAAKXZ 0000000180004670 f i PINPad.obj
 0001:0000367c       ?AddRef@?$CComContainedObject@VCOPOSPINPad@@@ATL@@WBEA@EAAKXZ 000000018000467c f i PINPad.obj
 0001:00003688       ?Release@?$CComContainedObject@VCOPOSPINPad@@@ATL@@WBEA@EAAKXZ 0000000180004688 f i PINPad.obj
 0001:00003694       ?CreateInstance@CComClassFactory@ATL@@UEAAJPEAUIUnknown@@AEBU_GUID@@PEAPEAX@Z 0000000180004694 f i PINPad.obj
 0001:000036f4       ?LockServer@CComClassFactory@ATL@@UEAAJH@Z 00000001800046f4 f i PINPad.obj
 0001:00003718       ??_GCComClassFactory@ATL@@UEAAPEAXI@Z 0000000180004718 f i PINPad.obj
 0001:00003718       ??_ECComClassFactory@ATL@@UEAAPEAXI@Z 0000000180004718 f i PINPad.obj
 0001:00003768       ??$AtlModuleRegisterWndClassInfoT@VAtlModuleRegisterWndClassInfoParamW@ATL@@@ATL@@YAGPEAU_ATL_BASE_MODULE70@0@PEAU_ATL_WIN_MODULE70@0@PEAU_ATL_WNDCLASSINFOW@0@PEAP6A_JPEAUHWND__@@I_K_J@ZVAtlModuleRegisterWndClassInfoParamW@0@@Z 0000000180004768 f i PINPad.obj
 0001:00003968       ??0?$CComContainedObject@VCOPOSPINPad@@@ATL@@QEAA@PEAX@Z 0000000180004968 f i PINPad.obj
 0001:00003a84       ??0?$CComObject@VCOPOSPINPad@@@ATL@@QEAA@PEAX@Z 0000000180004a84 f i PINPad.obj
 0001:00003b9c       ??0CAtlModule@ATL@@QEAA@XZ 0000000180004b9c f i PINPad.obj
 0001:00003c10       ??1?$CComEnumImpl@UIEnumConnectionPoints@@$1?_GUID_b196b285_bab4_101a_b69c_00aa00341d07@@3U__s_GUID@@BPEAUIConnectionPoint@@V?$_CopyInterface@UIConnectionPoint@@@ATL@@@ATL@@UEAA@XZ 0000000180004c10 f i PINPad.obj
 0001:00003c6c       ??1?$CComEnumImpl@UIEnumConnections@@$1?_GUID_b196b287_bab4_101a_b69c_00aa00341d07@@3U__s_GUID@@BUtagCONNECTDATA@@V?$_Copy@UtagCONNECTDATA@@@ATL@@@ATL@@UEAA@XZ 0000000180004c6c f i PINPad.obj
 0001:00003cc8       ??1?$CComObject@VCOPOSPINPad@@@ATL@@UEAA@XZ 0000000180004cc8 f i PINPad.obj
 0001:00003de8       ??_G?$CComContainedObject@VCOPOSPINPad@@@ATL@@UEAAPEAXI@Z 0000000180004de8 f i PINPad.obj
 0001:00003de8       ??_E?$CComContainedObject@VCOPOSPINPad@@@ATL@@UEAAPEAXI@Z 0000000180004de8 f i PINPad.obj
 0001:00003e1c       ??_G?$CComObject@VCOPOSPINPad@@@ATL@@UEAAPEAXI@Z 0000000180004e1c f i PINPad.obj
 0001:00003e1c       ??_E?$CComObject@VCOPOSPINPad@@@ATL@@UEAAPEAXI@Z 0000000180004e1c f i PINPad.obj
 0001:00003e50       ?Add@?$CSimpleArray@GV?$CSimpleArrayEqualHelper@G@ATL@@@ATL@@QEAAHAEBG@Z 0000000180004e50 f i PINPad.obj
 0001:00003f04       ?Add@?$CSimpleMap@PEA_WPEA_WVCExpansionVectorEqualHelper@ATL@@@ATL@@QEAAHAEBQEA_W0@Z 0000000180004f04 f i PINPad.obj
 0001:00003fa4       ?Add@CComDynamicUnkArray@ATL@@QEAAKPEAUIUnknown@@@Z 0000000180004fa4 f i PINPad.obj
 0001:0000408c       ?Add@CExpansionVector@ATL@@QEAAHPEB_W0@Z 000000018000508c f i PINPad.obj
 0001:000041c0       ?AddTermFunc@CAtlModule@ATL@@QEAAJP6AX_K@Z0@Z 00000001800051c0 f i PINPad.obj
 0001:0000425c       ?AddValue@CRegParser@ATL@@IEAAJAEAVCRegKey@2@PEB_WPEA_W@Z 000000018000525c f i PINPad.obj
 0001:000046a4       ?AllocateHeap@?$CTempBuffer@_W$0EAA@VCCRTAllocator@ATL@@@ATL@@AEAAX_K@Z 00000001800056a4 f i PINPad.obj
 0001:000046a4       ?AllocateHeap@?$CTempBuffer@E$0BAA@VCCRTAllocator@ATL@@@ATL@@AEAAX_K@Z 00000001800056a4 f i PINPad.obj
 0001:000046a4       ?AllocateHeap@?$CTempBuffer@_W$0BAA@VCCRTAllocator@ATL@@@ATL@@AEAAX_K@Z 00000001800056a4 f i PINPad.obj
 0001:000046d0       ?Append@CParseBuffer@CRegParser@ATL@@QEAAHPEB_WH@Z 00000001800056d0 f i PINPad.obj
 0001:00004818       ?AtlComModuleGetClassObject@ATL@@YAJPEAU_ATL_COM_MODULE70@1@AEBU_GUID@@1PEAPEAX@Z 0000000180005818 f i PINPad.obj
 0001:00004958       ?AtlComModuleRegisterServer@ATL@@YAJPEAU_ATL_COM_MODULE70@1@HPEBU_GUID@@@Z 0000000180005958 f i PINPad.obj
 0001:00004a18       ?AtlComModuleUnregisterServer@ATL@@YAJPEAU_ATL_COM_MODULE70@1@HPEBU_GUID@@@Z 0000000180005a18 f i PINPad.obj
 0001:00004ad4       ?AtlHiMetricToPixel@ATL@@YAXPEBUtagSIZE@@PEAU2@@Z 0000000180005ad4 f i PINPad.obj
 0001:00004b84       ?AtlHresultFromLastError@ATL@@YAJXZ 0000000180005b84 f i PINPad.obj
 0001:00004ba4       ?AtlHresultFromWin32@ATL@@YAJK@Z 0000000180005ba4 f i PINPad.obj
 0001:00004bb4       ?AtlInternalOleLoadFromStream@ATL@@YAJPEAUIStream@@AEBU_GUID@@PEAPEAXTClassesAllowedInStream@1@K@Z 0000000180005bb4 f i PINPad.obj
 0001:00004cf8       ?AtlInternalQueryInterface@ATL@@YAJPEAXPEBU_ATL_INTMAP_ENTRY@1@AEBU_GUID@@PEAPEAX@Z 0000000180005cf8 f i PINPad.obj
 0001:00004e00       ?AtlLoadTypeLib@ATL@@YAJPEAUHINSTANCE__@@PEB_WPEAPEA_WPEAPEAUITypeLib@@@Z 0000000180005e00 f i PINPad.obj
 0001:0000505c       ?AtlRegisterClassCategoriesHelper@ATL@@YAJAEBU_GUID@@PEBU_ATL_CATMAP_ENTRY@1@H@Z 000000018000605c f i PINPad.obj
 0001:000054e0       ?AtlRegisterTypeLib@ATL@@YAJPEAUHINSTANCE__@@PEB_W@Z 00000001800064e0 f i PINPad.obj
 0001:000056dc       ?AtlThrowImpl@ATL@@YAXJ@Z  00000001800066dc f i PINPad.obj
 0001:00005700       ?AtlUnRegisterTypeLib@ATL@@YAJPEAUHINSTANCE__@@PEB_W@Z 0000000180006700 f i PINPad.obj
 0001:000057c8       ?AtlWinModuleExtractCreateWndData@ATL@@YAPEAXPEAU_ATL_WIN_MODULE70@1@@Z 00000001800067c8 f i PINPad.obj
 0001:00005854       ?Cleanup@CComTypeInfoHolder@ATL@@SAX_K@Z 0000000180006854 f i PINPad.obj
 0001:00005894       ?ClearReplacements@CExpansionVector@ATL@@QEAAJXZ 0000000180006894 f i PINPad.obj
 0001:00005930       ?CreateInstance@?$CComCreator@V?$CComAggObject@VCOPOSPINPad@@@ATL@@@ATL@@SAJPEAXAEBU_GUID@@PEAPEAX@Z 0000000180006930 f i PINPad.obj
 0001:00005a20       ?CreateInstance@?$CComCreator@V?$CComObject@VCOPOSPINPad@@@ATL@@@ATL@@SAJPEAXAEBU_GUID@@PEAPEAX@Z 0000000180006a20 f i PINPad.obj
 0001:00005ad8       ?CreateInstance@?$CComObject@V?$CComEnum@UIEnumConnectionPoints@@$1?_GUID_b196b285_bab4_101a_b69c_00aa00341d07@@3U__s_GUID@@BPEAUIConnectionPoint@@V?$_CopyInterface@UIConnectionPoint@@@ATL@@VCComSingleThreadModel@6@@ATL@@@ATL@@SAJPEAPEAV12@@Z 0000000180006ad8 f i PINPad.obj
 0001:00005b64       ?CreateInstance@?$CComObject@V?$CComEnum@UIEnumConnections@@$1?_GUID_b196b287_bab4_101a_b69c_00aa00341d07@@3U__s_GUID@@BUtagCONNECTDATA@@V?$_Copy@UtagCONNECTDATA@@@ATL@@VCComSingleThreadModel@6@@ATL@@@ATL@@SAJPEAPEAV12@@Z 0000000180006b64 f i PINPad.obj
 0001:00005bf0       ?DefaultReflectionHandler@?$CWindowImplRoot@VCWindow@ATL@@@ATL@@SAHPEAUHWND__@@I_K_JAEA_J@Z 0000000180006bf0 f i PINPad.obj
 0001:00005c54       ?DeleteSubKey@CRegKey@ATL@@QEAAJPEB_W@Z 0000000180006c54 f i PINPad.obj
 0001:00005cec       ?DoEvent@COPOSPINPad@@IEAAXI_K_J@Z 0000000180006cec f i PINPad.obj
 0001:00005da0       ?DoVerbPrimary@?$IOleObjectImpl@VCOPOSPINPad@@@ATL@@QEAAJPEBUtagRECT@@PEAUHWND__@@@Z 0000000180006da0 f i PINPad.obj
 0001:00005ecc       ?DoVerbProperties@CComControlBase@ATL@@QEAAJPEBUtagRECT@@PEAUHWND__@@@Z 0000000180006ecc f i PINPad.obj
 0001:000060f4       ?FireTheEvent@?$CProxy_IOPOSEvents@VCOPOSPINPad@@@@IEAAXPEAVOposVariant@@IAEAJPEB_WJ@Z 00000001800070f4 f i PINPad.obj
 0001:000061e0       ?FireViewChange@CComControlBase@ATL@@QEAAJXZ 00000001800071e0 f i PINPad.obj
 0001:00006244       ?Fire_DataEvent@?$CProxy_IOPOSEvents@VCOPOSPINPad@@@@QEAAXJ@Z 0000000180007244 f i PINPad.obj
 0001:00006330       ?Fire_DirectIOEvent@?$CProxy_IOPOSEvents@VCOPOSPINPad@@@@QEAAXJPEAJPEAPEA_W@Z 0000000180007330 f i PINPad.obj
 0001:00006488       ?Fire_ErrorEvent@?$CProxy_IOPOSEvents@VCOPOSPINPad@@@@QEAAXJJJPEAJ@Z 0000000180007488 f i PINPad.obj
 0001:000065f0       ?Fire_StatusUpdateEvent@?$CProxy_IOPOSEvents@VCOPOSPINPad@@@@QEAAXJ@Z 00000001800075f0 f i PINPad.obj
 0001:000066dc       ?FreeHeap@?$CTempBuffer@_W$0EAA@VCCRTAllocator@ATL@@@ATL@@AEAAXXZ 00000001800076dc f i PINPad.obj
 0001:000066dc       ?FreeHeap@?$CTempBuffer@E$0BAA@VCCRTAllocator@ATL@@@ATL@@AEAAXXZ 00000001800076dc f i PINPad.obj
 0001:000066dc       ?FreeHeap@?$CTempBuffer@_W$0BAA@VCCRTAllocator@ATL@@@ATL@@AEAAXXZ 00000001800076dc f i PINPad.obj
 0001:000066e4       ?GetAmbientLocaleID@CComControlBase@ATL@@QEAAJAEAK@Z 00000001800076e4 f i PINPad.obj
 0001:000067a4       ?GetAmbientUserMode@CComControlBase@ATL@@QEAAJAEAH@Z 00000001800077a4 f i PINPad.obj
 0001:00006874       ?GetClassObject@CComModule@ATL@@QEAAJAEBU_GUID@@0PEAPEAX@Z 0000000180007874 f i PINPad.obj
 0001:00006968       ?GetConnMap@COPOSPINPad@@SAPEBU_ATL_CONNMAP_ENTRY@ATL@@PEAH@Z 0000000180007968 f i PINPad.obj
 0001:000069f0       ?GetIDsOfNames@CComTypeInfoHolder@ATL@@QEAAJAEBU_GUID@@PEAPEA_WIKPEAJ@Z 00000001800079f0 f i PINPad.obj
 0001:00006b68       ?GetPagesHelper@?$ISpecifyPropertyPagesImpl@VCOPOSPINPad@@@ATL@@IEAAJPEAUtagCAUUID@@PEBUATL_PROPMAP_ENTRY@2@@Z 0000000180007b68 f i PINPad.obj
 0001:00006d08       ?GetSizeMax@CComVariant@ATL@@QEBAJPEAT_ULARGE_INTEGER@@@Z 0000000180007d08 f i PINPad.obj
 0001:00006f3c       ?GetTI@CComTypeInfoHolder@ATL@@QEAAJK@Z 0000000180007f3c f i PINPad.obj
 0001:00007234       ?GetZoomInfo@CComControlBase@ATL@@QEAAXAEAUATL_DRAWINFO@@@Z 0000000180008234 f i PINPad.obj
 0001:000072d8       ?HKeyFromString@CRegParser@ATL@@KAPEAUHKEY__@@PEA_W@Z 00000001800082d8 f i PINPad.obj
 0001:0000733c       ?IDataObject_GetData@CComControlBase@ATL@@QEAAJPEAUtagFORMATETC@@PEAUtagSTGMEDIUM@@@Z 000000018000833c f i PINPad.obj
 0001:00007530       ?IOleInPlaceObject_InPlaceDeactivate@CComControlBase@ATL@@QEAAJXZ 0000000180008530 f i PINPad.obj
 0001:000075d0       ?IOleInPlaceObject_SetObjectRects@CComControlBase@ATL@@QEAAJPEBUtagRECT@@0@Z 00000001800085d0 f i PINPad.obj
 0001:000076c0       ?IOleInPlaceObject_UIDeactivate@CComControlBase@ATL@@QEAAJXZ 00000001800086c0 f i PINPad.obj
 0001:000077cc       ?IOleObject_Close@CComControlBase@ATL@@QEAAJK@Z 00000001800087cc f i PINPad.obj
 0001:000078e4       ?IOleObject_SetClientSite@CComControlBase@ATL@@QEAAJPEAUIOleClientSite@@@Z 00000001800088e4 f i PINPad.obj
 0001:0000795c       ?IOleObject_SetExtent@CComControlBase@ATL@@QEAAJKPEAUtagSIZE@@@Z 000000018000895c f i PINPad.obj
 0001:000079f4       ?IPSI_GetIPersistStreamInit@?$IPersistStorageImpl@VCOPOSPINPad@@@ATL@@AEAAPEAUIPersistStreamInit@@XZ 00000001800089f4 f i PINPad.obj
 0001:00007adc       ?IPersistStreamInit_Load@?$IPersistStreamInitImpl@VCOPOSPINPad@@@ATL@@QEAAJPEAUIStream@@PEBUATL_PROPMAP_ENTRY@2@@Z 0000000180008adc f i PINPad.obj
 0001:00007e10       ?IPersistStreamInit_Save@?$IPersistStreamInitImpl@VCOPOSPINPad@@@ATL@@QEAAJPEAUIStream@@HPEBUATL_PROPMAP_ENTRY@2@@Z 0000000180008e10 f i PINPad.obj
 0001:000080b4       ?IQuickActivate_QuickActivate@CComControlBase@ATL@@QEAAJPEAUtagQACONTAINER@@PEAUtagQACONTROL@@@Z 00000001800090b4 f i PINPad.obj
 0001:00008378       ?IViewObject_Draw@CComControlBase@ATL@@QEAAJKJPEAXPEAUtagDVTARGETDEVICE@@PEAUHDC__@@2PEBU_RECTL@@3@Z 0000000180009378 f i PINPad.obj
 0001:0000848c       ?InPlaceActivate@CComControlBase@ATL@@QEAAJJPEBUtagRECT@@@Z 000000018000948c f i PINPad.obj
 0001:000087c4       ?Init@?$CComEnumImpl@UIEnumConnectionPoints@@$1?_GUID_b196b285_bab4_101a_b69c_00aa00341d07@@3U__s_GUID@@BPEAUIConnectionPoint@@V?$_CopyInterface@UIConnectionPoint@@@ATL@@@ATL@@QEAAJPEAPEAUIConnectionPoint@@0PEAUIUnknown@@W4CComEnumFlags@2@@Z 00000001800097c4 f i PINPad.obj
 0001:000088e4       ?Init@?$CComEnumImpl@UIEnumConnections@@$1?_GUID_b196b287_bab4_101a_b69c_00aa00341d07@@3U__s_GUID@@BUtagCONNECTDATA@@V?$_Copy@UtagCONNECTDATA@@@ATL@@@ATL@@QEAAJPEAUtagCONNECTDATA@@0PEAUIUnknown@@W4CComEnumFlags@2@@Z 00000001800098e4 f i PINPad.obj
 0001:00008a08       ?IsEqualObject@?$CComPtrBase@UIOleClientSite@@@ATL@@QEAA_NPEAUIUnknown@@@Z 0000000180009a08 f i PINPad.obj
 0001:00008a94       ?LoadNameCache@CComTypeInfoHolder@ATL@@QEAAJPEAUITypeInfo@@@Z 0000000180009a94 f i PINPad.obj
 0001:00008c14       ?Lookup@?$CSimpleMap@PEA_WPEA_WVCExpansionVectorEqualHelper@ATL@@@ATL@@QEBAPEA_WAEBQEA_W@Z 0000000180009c14 f i PINPad.obj
 0001:00008ca0       ?NextToken@CRegParser@ATL@@IEAAJPEA_W@Z 0000000180009ca0 f i PINPad.obj
 0001:00008e58       ?OnKillFocus@CComControlBase@ATL@@QEAA_JI_K_JAEAH@Z 0000000180009e58 f i PINPad.obj
 0001:00008ef4       ?OnMouseActivate@CComControlBase@ATL@@QEAA_JI_K_JAEAH@Z 0000000180009ef4 f i PINPad.obj
 0001:00008f94       ?OnPaint@CComControlBase@ATL@@QEAA_JI_K_JAEAH@Z 0000000180009f94 f i PINPad.obj
 0001:00009080       ?OnSetFocus@CComControlBase@ATL@@QEAA_JI_K_JAEAH@Z 000000018000a080 f i PINPad.obj
 0001:0000917c       ?PreProcessBuffer@CRegParser@ATL@@QEAAJPEA_WPEAPEA_W@Z 000000018000a17c f i PINPad.obj
 0001:00009500       ?ProcessWindowMessage@?$CComControl@VCOPOSPINPad@@V?$CWindowImpl@VCOPOSPINPad@@VCWindow@ATL@@V?$CWinTraits@$0FGAAAAAA@$0A@@3@@ATL@@@ATL@@UEAAHPEAUHWND__@@I_K_JAEA_JK@Z 000000018000a500 f i PINPad.obj
 0001:000095e4       ?ReadFromStream@CComBSTR@ATL@@QEAAJPEAUIStream@@@Z 000000018000a5e4 f i PINPad.obj
 0001:00009740       ?ReadFromStream@CComVariant@ATL@@QEAAJPEAUIStream@@GTClassesAllowedInStream@2@K@Z 000000018000a740 f i PINPad.obj
 0001:00009950       ?RecurseDeleteKey@CRegKey@ATL@@QEAAJPEB_W@Z 000000018000a950 f i PINPad.obj
 0001:00009aa8       ?RegCreateKeyExW@CAtlTransactionManager@ATL@@QEAAJPEAUHKEY__@@PEB_WKPEA_WKKQEAU_SECURITY_ATTRIBUTES@@PEAPEAU3@PEAK@Z 000000018000aaa8 f i PINPad.obj
 0001:00009bdc       ?RegDeleteKeyW@CAtlTransactionManager@ATL@@QEAAJPEAUHKEY__@@PEB_W@Z 000000018000abdc f i PINPad.obj
 0001:00009c68       ?RegOpenKeyExW@CAtlTransactionManager@ATL@@QEAAJPEAUHKEY__@@PEB_WKKPEAPEAU3@@Z 000000018000ac68 f i PINPad.obj
 0001:00009d20       ?RegisterBuffer@CRegParser@ATL@@QEAAJPEA_WH@Z 000000018000ad20 f i PINPad.obj
 0001:00009e88       ?RegisterFromResource@CRegObject@ATL@@IEAAJPEB_W00H@Z 000000018000ae88 f i PINPad.obj
 0001:0000a044       ?RegisterServer@CComModule@ATL@@QEAAJHPEBU_GUID@@@Z 000000018000b044 f i PINPad.obj
 0001:0000a104       ?RegisterSubkeys@CRegParser@ATL@@IEAAJPEA_WPEAUHKEY__@@HH@Z 000000018000b104 f i PINPad.obj
 0001:0000a970       ?SendOnDataChange@CComControlBase@ATL@@QEAAJK@Z 000000018000b970 f i PINPad.obj
 0001:0000a9e0       ?SetControlFocus@CComControlBase@ATL@@QEAAHH@Z 000000018000b9e0 f i PINPad.obj
 0001:0000aabc       ?SkipAssignment@CRegParser@ATL@@IEAAJPEA_W@Z 000000018000babc f i PINPad.obj
 0001:0000ab60       ?Term@CAtlModule@ATL@@QEAAXXZ 000000018000bb60 f i PINPad.obj
 0001:0000abe0       ?Term@CComModule@ATL@@QEAAXXZ 000000018000bbe0 f i PINPad.obj
 0001:0000ac5c       ?UnregisterServer@CComModule@ATL@@QEAAJHPEBU_GUID@@@Z 000000018000bc5c f i PINPad.obj
 0001:0000ad0c       ?UpdateRegistryFromResource@CAtlModule@ATL@@QEAAJIHPEAU_ATL_REGMAP_ENTRY@2@@Z 000000018000bd0c f i PINPad.obj
 0001:0000b018       ?UpdateRegistryFromResource@CAtlModule@ATL@@QEAAJPEB_WHPEAU_ATL_REGMAP_ENTRY@2@@Z 000000018000c018 f i PINPad.obj
 0001:0000b33c       ?VTFromRegType@CRegParser@ATL@@KAHPEB_WAEAG@Z 000000018000c33c f i PINPad.obj
 0001:0000b3d8       ?WindowProc@?$CWindowImplBaseT@VCWindow@ATL@@V?$CWinTraits@$0FGAAAAAA@$0A@@2@@ATL@@SA_JPEAUHWND__@@I_K_J@Z 000000018000c3d8 f i PINPad.obj
 0001:0000b544       ?WriteToStream@CComVariant@ATL@@QEAAJPEAUIStream@@@Z 000000018000c544 f i PINPad.obj
 0001:0000b798       ?WriteToStream@CComVariant@ATL@@QEAAJPEAUIStream@@G@Z 000000018000c798 f i PINPad.obj
 0001:0000b830       ?_AtlVerifyStackAvailable@_ATL_SAFE_ALLOCA_IMPL@ATL@@YA_N_K@Z 000000018000c830 f i PINPad.obj
 0001:0000b8b4       ?atlCreate@?$CWindowImpl@VCOPOSPINPad@@VCWindow@ATL@@V?$CWinTraits@$0FGAAAAAA@$0A@@3@@ATL@@QEAAPEAUHWND__@@PEAU3@V_U_RECT@2@PEB_WKKV_U_MENUorID@2@PEAX@Z 000000018000c8b4 f i PINPad.obj
 0001:0000b964       ?atlCreate@?$CWindowImplBaseT@VCWindow@ATL@@V?$CWinTraits@$0FGAAAAAA@$0A@@2@@ATL@@QEAAPEAUHWND__@@PEAU3@V_U_RECT@2@PEB_WKKV_U_MENUorID@2@GPEAX@Z 000000018000c964 f i PINPad.obj
 0001:0000bad4       ?ocscpy_s@@YA_NPEA_W_KPEB_W@Z 000000018000cad4 f i PINPad.obj
 0001:0000bb84       DllCanUnloadNow            000000018000cb84 f   PINPad.obj
 0001:0000bb90       DllGetClassObject          000000018000cb90 f   PINPad.obj
 0001:0000bba8       DllMain                    000000018000cba8 f   PINPad.obj
 0001:0000bc50       DllRegisterServer          000000018000cc50 f   PINPad.obj
 0001:0000bc64       DllUnregisterServer        000000018000cc64 f   PINPad.obj
 0001:0000bc78       __local_stdio_printf_options 000000018000cc78 f i PINPad.obj
 0001:0000bc80       swprintf_s                 000000018000cc80 f i PINPad.obj
 0001:0000bcd4       ??0COPOSPINPad@@QEAA@XZ    000000018000ccd4 f   PINPadImpl.obj
 0001:0000bd9c       ??1?$IConnectionPointImpl@VCOPOSPINPad@@$1?DIID__IOPOSPINPadEvents@@3U_GUID@@BVCComDynamicUnkArray@ATL@@@ATL@@QEAA@XZ 000000018000cd9c f i PINPadImpl.obj
 0001:0000bd9c       ??1?$IConnectionPointImpl@VCOPOSPINPad@@$1?IID_IPropertyNotifySink@@3U_GUID@@BVCComDynamicUnkArray@ATL@@@ATL@@QEAA@XZ 000000018000cd9c f i PINPadImpl.obj
 0001:0000bdf8       ??1CComControlBase@ATL@@UEAA@XZ 000000018000cdf8 f i PINPadImpl.obj
 0001:0000be74       ??1COPOSPINPad@@UEAA@XZ    000000018000ce74 f   PINPadImpl.obj
 0001:0000bed8       ?BeginEFTTransaction@COPOSPINPad@@UEAAJPEA_WJPEAJ@Z 000000018000ced8 f   PINPadImpl.obj
 0001:0000bfb0       ?CheckHealth@COPOSPINPad@@UEAAJJPEAJ@Z 000000018000cfb0 f   PINPadImpl.obj
 0001:0000c02c       ?ClaimDevice@COPOSPINPad@@UEAAJJPEAJ@Z 000000018000d02c f   PINPadImpl.obj
 0001:0000c0cc       ?ClearInput@COPOSPINPad@@UEAAJPEAJ@Z 000000018000d0cc f   PINPadImpl.obj
 0001:0000c0f4       ?ClearInputProperties@COPOSPINPad@@UEAAJPEAJ@Z 000000018000d0f4 f   PINPadImpl.obj
 0001:0000c11c       ?Close@COPOSPINPad@@UEAAJPEAJ@Z 000000018000d11c f   PINPadImpl.obj
 0001:0000c1d4       ?CompareFirmwareVersion@COPOSPINPad@@UEAAJPEA_WPEAJ1@Z 000000018000d1d4 f   PINPadImpl.obj
 0001:0000c2b0       ?ComputeMAC@COPOSPINPad@@UEAAJPEA_WPEAPEA_WPEAJ@Z 000000018000d2b0 f   PINPadImpl.obj
 0001:0000c38c       ?DirectIO@COPOSPINPad@@UEAAJJPEAJPEAPEA_W0@Z 000000018000d38c f   PINPadImpl.obj
 0001:0000c488       ?DoInvoke@COPOSPINPad@@IEAAJJPEAVOposVariant@@IHPEAJ_N@Z 000000018000d488 f   PINPadImpl.obj
 0001:0000c5bc       ?EnablePINEntry@COPOSPINPad@@UEAAJPEAJ@Z 000000018000d5bc f   PINPadImpl.obj
 0001:0000c5e4       ?EndEFTTransaction@COPOSPINPad@@UEAAJJPEAJ@Z 000000018000d5e4 f   PINPadImpl.obj
 0001:0000c660       ?EventInit@COPOSPINPad@@IEAAJXZ 000000018000d660 f i PINPadImpl.obj
 0001:0000c7a8       ?EventUninit@COPOSPINPad@@IEAAXXZ 000000018000d7a8 f i PINPadImpl.obj
 0001:0000c80c       ?EventWindowProc@COPOSPINPad@@IEAA_JI_K_J@Z 000000018000d80c f i PINPadImpl.obj
 0001:0000c998       ?FinalConstruct@COPOSPINPad@@QEAAJXZ 000000018000d998 f   PINPadImpl.obj
 0001:0000c9d4       ?FreezeEvents@COPOSPINPad@@MEAAJH@Z 000000018000d9d4 f   PINPadImpl.obj
 0001:0000ca48       ?GetOposProp@COPOSPINPad@@IEAAJJPEAJJ@Z 000000018000da48 f   PINPadImpl.obj
 0001:0000cb64       ?GetOposProp@COPOSPINPad@@IEAAJJPEAPEA_WJ@Z 000000018000db64 f   PINPadImpl.obj
 0001:0000cc90       ?OnDraw@COPOSPINPad@@MEAAJAEAUATL_DRAWINFO@@@Z 000000018000dc90 f   PINPadImpl.obj
 0001:0000cd7c       ?Open@COPOSPINPad@@UEAAJPEA_WPEAJ@Z 000000018000dd7c f   PINPadImpl.obj
 0001:0000d5f8       ?ReleaseDevice@COPOSPINPad@@UEAAJPEAJ@Z 000000018000e5f8 f   PINPadImpl.obj
 0001:0000d664       ?ResetStatistics@COPOSPINPad@@UEAAJPEA_WPEAJ@Z 000000018000e664 f   PINPadImpl.obj
 0001:0000d6ec       ?RetrieveStatistics@COPOSPINPad@@UEAAJPEAPEA_WPEAJ@Z 000000018000e6ec f   PINPadImpl.obj
 0001:0000d774       ?SOProcessID@COPOSPINPad@@UEAAJPEAJ@Z 000000018000e774 f   PINPadImpl.obj
 0001:0000d790       ?SetCOFreezeEvents@COPOSPINPad@@IEAAXF@Z 000000018000e790 f   PINPadImpl.obj
 0001:0000d874       ?SetOposProp@COPOSPINPad@@IEAAJJJJ@Z 000000018000e874 f   PINPadImpl.obj
 0001:0000d9d4       ?SetOposProp@COPOSPINPad@@IEAAJJPEA_WJ@Z 000000018000e9d4 f   PINPadImpl.obj
 0001:0000db2c       ?UpdateFirmware@COPOSPINPad@@UEAAJPEA_WPEAJ@Z 000000018000eb2c f   PINPadImpl.obj
 0001:0000dbb4       ?UpdateKey@COPOSPINPad@@UEAAJJPEA_WPEAJ@Z 000000018000ebb4 f   PINPadImpl.obj
 0001:0000dc8c       ?UpdateStatistics@COPOSPINPad@@UEAAJPEA_WPEAJ@Z 000000018000ec8c f   PINPadImpl.obj
 0001:0000dd14       ?VerifyMAC@COPOSPINPad@@UEAAJPEA_WPEAJ@Z 000000018000ed14 f   PINPadImpl.obj
 0001:0000dd9c       ?get_AccountNumber@COPOSPINPad@@UEAAJPEAPEA_W@Z 000000018000ed9c f   PINPadImpl.obj
 0001:0000ddb0       ?get_AdditionalSecurityInformation@COPOSPINPad@@UEAAJPEAPEA_W@Z 000000018000edb0 f   PINPadImpl.obj
 0001:0000ddc4       ?get_Amount@COPOSPINPad@@UEAAJPEATtagCY@@@Z 000000018000edc4 f   PINPadImpl.obj
 0001:0000de94       ?get_AvailableLanguagesList@COPOSPINPad@@UEAAJPEAPEA_W@Z 000000018000ee94 f   PINPadImpl.obj
 0001:0000dea8       ?get_AvailablePromptsList@COPOSPINPad@@UEAAJPEAPEA_W@Z 000000018000eea8 f   PINPadImpl.obj
 0001:0000debc       ?get_BinaryConversion@COPOSPINPad@@UEAAJPEAJ@Z 000000018000eebc f   PINPadImpl.obj
 0001:0000ded0       ?get_CapCompareFirmwareVersion@COPOSPINPad@@UEAAJPEAF@Z 000000018000eed0 f   PINPadImpl.obj
 0001:0000df04       ?get_CapDisplay@COPOSPINPad@@UEAAJPEAJ@Z 000000018000ef04 f   PINPadImpl.obj
 0001:0000df18       ?get_CapKeyboard@COPOSPINPad@@UEAAJPEAF@Z 000000018000ef18 f   PINPadImpl.obj
 0001:0000df4c       ?get_CapLanguage@COPOSPINPad@@UEAAJPEAJ@Z 000000018000ef4c f   PINPadImpl.obj
 0001:0000df60       ?get_CapMACCalculation@COPOSPINPad@@UEAAJPEAF@Z 000000018000ef60 f   PINPadImpl.obj
 0001:0000df94       ?get_CapPowerReporting@COPOSPINPad@@UEAAJPEAJ@Z 000000018000ef94 f   PINPadImpl.obj
 0001:0000dfa8       ?get_CapStatisticsReporting@COPOSPINPad@@UEAAJPEAF@Z 000000018000efa8 f   PINPadImpl.obj
 0001:0000dfdc       ?get_CapTone@COPOSPINPad@@UEAAJPEAF@Z 000000018000efdc f   PINPadImpl.obj
 0001:0000e010       ?get_CapUpdateFirmware@COPOSPINPad@@UEAAJPEAF@Z 000000018000f010 f   PINPadImpl.obj
 0001:0000e044       ?get_CapUpdateStatistics@COPOSPINPad@@UEAAJPEAF@Z 000000018000f044 f   PINPadImpl.obj
 0001:0000e078       ?get_CheckHealthText@COPOSPINPad@@UEAAJPEAPEA_W@Z 000000018000f078 f   PINPadImpl.obj
 0001:0000e08c       ?get_Claimed@COPOSPINPad@@UEAAJPEAF@Z 000000018000f08c f   PINPadImpl.obj
 0001:0000e0c0       ?get_ControlObjectDescription@COPOSPINPad@@UEAAJPEAPEA_W@Z 000000018000f0c0 f   PINPadImpl.obj
 0001:0000e124       ?get_ControlObjectVersion@COPOSPINPad@@UEAAJPEAJ@Z 000000018000f124 f   PINPadImpl.obj
 0001:0000e130       ?get_DataCount@COPOSPINPad@@UEAAJPEAJ@Z 000000018000f130 f   PINPadImpl.obj
 0001:0000e144       ?get_DataEventEnabled@COPOSPINPad@@UEAAJPEAF@Z 000000018000f144 f   PINPadImpl.obj
 0001:0000e178       ?get_DeviceDescription@COPOSPINPad@@UEAAJPEAPEA_W@Z 000000018000f178 f   PINPadImpl.obj
 0001:0000e18c       ?get_DeviceEnabled@COPOSPINPad@@UEAAJPEAF@Z 000000018000f18c f   PINPadImpl.obj
 0001:0000e1bc       ?get_DeviceName@COPOSPINPad@@UEAAJPEAPEA_W@Z 000000018000f1bc f   PINPadImpl.obj
 0001:0000e1d0       ?get_EncryptedPIN@COPOSPINPad@@UEAAJPEAPEA_W@Z 000000018000f1d0 f   PINPadImpl.obj
 0001:0000e1e4       ?get_FreezeEvents@COPOSPINPad@@UEAAJPEAF@Z 000000018000f1e4 f   PINPadImpl.obj
 0001:0000e214       ?get_MaximumPINLength@COPOSPINPad@@UEAAJPEAJ@Z 000000018000f214 f   PINPadImpl.obj
 0001:0000e228       ?get_MerchantID@COPOSPINPad@@UEAAJPEAPEA_W@Z 000000018000f228 f   PINPadImpl.obj
 0001:0000e23c       ?get_MinimumPINLength@COPOSPINPad@@UEAAJPEAJ@Z 000000018000f23c f   PINPadImpl.obj
 0001:0000e250       ?get_OpenResult@COPOSPINPad@@UEAAJPEAJ@Z 000000018000f250 f   PINPadImpl.obj
 0001:0000e25c       ?get_PINEntryEnabled@COPOSPINPad@@UEAAJPEAF@Z 000000018000f25c f   PINPadImpl.obj
 0001:0000e290       ?get_PowerNotify@COPOSPINPad@@UEAAJPEAJ@Z 000000018000f290 f   PINPadImpl.obj
 0001:0000e2a4       ?get_PowerState@COPOSPINPad@@UEAAJPEAJ@Z 000000018000f2a4 f   PINPadImpl.obj
 0001:0000e2b8       ?get_Prompt@COPOSPINPad@@UEAAJPEAJ@Z 000000018000f2b8 f   PINPadImpl.obj
 0001:0000e2cc       ?get_PromptLanguage@COPOSPINPad@@UEAAJPEAJ@Z 000000018000f2cc f   PINPadImpl.obj
 0001:0000e2e0       ?get_ResultCode@COPOSPINPad@@UEAAJPEAJ@Z 000000018000f2e0 f   PINPadImpl.obj
 0001:0000e31c       ?get_ResultCodeExtended@COPOSPINPad@@UEAAJPEAJ@Z 000000018000f31c f   PINPadImpl.obj
 0001:0000e330       ?get_ServiceObjectDescription@COPOSPINPad@@UEAAJPEAPEA_W@Z 000000018000f330 f   PINPadImpl.obj
 0001:0000e344       ?get_ServiceObjectVersion@COPOSPINPad@@UEAAJPEAJ@Z 000000018000f344 f   PINPadImpl.obj
 0001:0000e358       ?get_State@COPOSPINPad@@UEAAJPEAJ@Z 000000018000f358 f   PINPadImpl.obj
 0001:0000e384       ?get_TerminalID@COPOSPINPad@@UEAAJPEAPEA_W@Z 000000018000f384 f   PINPadImpl.obj
 0001:0000e398       ?get_Track1Data@COPOSPINPad@@UEAAJPEAPEA_W@Z 000000018000f398 f   PINPadImpl.obj
 0001:0000e3ac       ?get_Track2Data@COPOSPINPad@@UEAAJPEAPEA_W@Z 000000018000f3ac f   PINPadImpl.obj
 0001:0000e3c0       ?get_Track3Data@COPOSPINPad@@UEAAJPEAPEA_W@Z 000000018000f3c0 f   PINPadImpl.obj
 0001:0000e3d4       ?get_Track4Data@COPOSPINPad@@UEAAJPEAPEA_W@Z 000000018000f3d4 f   PINPadImpl.obj
 0001:0000e3e8       ?get_TransactionType@COPOSPINPad@@UEAAJPEAJ@Z 000000018000f3e8 f   PINPadImpl.obj
 0001:0000e3fc       ?put_AccountNumber@COPOSPINPad@@UEAAJPEA_W@Z 000000018000f3fc f   PINPadImpl.obj
 0001:0000e410       ?put_Amount@COPOSPINPad@@UEAAJTtagCY@@@Z 000000018000f410 f   PINPadImpl.obj
 0001:0000e4fc       ?put_BinaryConversion@COPOSPINPad@@UEAAJJ@Z 000000018000f4fc f   PINPadImpl.obj
 0001:0000e510       ?put_DataEventEnabled@COPOSPINPad@@UEAAJF@Z 000000018000f510 f   PINPadImpl.obj
 0001:0000e528       ?put_DeviceEnabled@COPOSPINPad@@UEAAJF@Z 000000018000f528 f   PINPadImpl.obj
 0001:0000e540       ?put_FreezeEvents@COPOSPINPad@@UEAAJF@Z 000000018000f540 f   PINPadImpl.obj
 0001:0000e590       ?put_MaximumPINLength@COPOSPINPad@@UEAAJJ@Z 000000018000f590 f   PINPadImpl.obj
 0001:0000e5a4       ?put_MerchantID@COPOSPINPad@@UEAAJPEA_W@Z 000000018000f5a4 f   PINPadImpl.obj
 0001:0000e5b8       ?put_MinimumPINLength@COPOSPINPad@@UEAAJJ@Z 000000018000f5b8 f   PINPadImpl.obj
 0001:0000e5cc       ?put_PowerNotify@COPOSPINPad@@UEAAJJ@Z 000000018000f5cc f   PINPadImpl.obj
 0001:0000e5e0       ?put_Prompt@COPOSPINPad@@UEAAJJ@Z 000000018000f5e0 f   PINPadImpl.obj
 0001:0000e5f4       ?put_PromptLanguage@COPOSPINPad@@UEAAJJ@Z 000000018000f5f4 f   PINPadImpl.obj
 0001:0000e608       ?put_TerminalID@COPOSPINPad@@UEAAJPEA_W@Z 000000018000f608 f   PINPadImpl.obj
 0001:0000e61c       ?put_Track1Data@COPOSPINPad@@UEAAJPEA_W@Z 000000018000f61c f   PINPadImpl.obj
 0001:0000e630       ?put_Track2Data@COPOSPINPad@@UEAAJPEA_W@Z 000000018000f630 f   PINPadImpl.obj
 0001:0000e644       ?put_Track3Data@COPOSPINPad@@UEAAJPEA_W@Z 000000018000f644 f   PINPadImpl.obj
 0001:0000e658       ?put_Track4Data@COPOSPINPad@@UEAAJPEA_W@Z 000000018000f658 f   PINPadImpl.obj
 0001:0000e66c       ?put_TransactionType@COPOSPINPad@@UEAAJJ@Z 000000018000f66c f   PINPadImpl.obj
 0001:0000e680       ?s_EventWindowProc@COPOSPINPad@@KA_JPEAUHWND__@@I_K_J@Z 000000018000f680 f i PINPadImpl.obj
 0001:0000e6fc       ??_U@YAPEAX_K@Z            000000018000f6fc f   LIBCMT:new_array.obj
 0001:0000e704       ??3@YAXPEAX_K@Z            000000018000f704 f   LIBCMT:delete_scalar_size.obj
 0001:0000e704       ??_V@YAXPEAX@Z             000000018000f704 f   LIBCMT:delete_array.obj
 0001:0000e70c       ??_V@YAXPEAX_K@Z           000000018000f70c f   LIBCMT:delete_array_size.obj
 0001:0000e714       __scrt_acquire_startup_lock 000000018000f714 f   LIBCMT:utility.obj
 0001:0000e750       __scrt_dllmain_after_initialize_c 000000018000f750 f   LIBCMT:utility.obj
 0001:0000e784       __scrt_dllmain_before_initialize_c 000000018000f784 f   LIBCMT:utility.obj
 0001:0000e79c       __scrt_dllmain_crt_thread_attach 000000018000f79c f   LIBCMT:utility.obj
 0001:0000e7c4       __scrt_dllmain_crt_thread_detach 000000018000f7c4 f   LIBCMT:utility.obj
 0001:0000e7dc       __scrt_dllmain_exception_filter 000000018000f7dc f   LIBCMT:utility.obj
 0001:0000e83c       __scrt_dllmain_uninitialize_c 000000018000f83c f   LIBCMT:utility.obj
 0001:0000e86c       __scrt_dllmain_uninitialize_critical 000000018000f86c f   LIBCMT:utility.obj
 0001:0000e880       __scrt_initialize_crt      000000018000f880 f   LIBCMT:utility.obj
 0001:0000e8cc       __scrt_initialize_onexit_tables 000000018000f8cc f   LIBCMT:utility.obj
 0001:0000e958       __scrt_is_nonwritable_in_current_image 000000018000f958 f   LIBCMT:utility.obj
 0001:0000e9f0       __scrt_release_startup_lock 000000018000f9f0 f   LIBCMT:utility.obj
 0001:0000ea14       __scrt_uninitialize_crt    000000018000fa14 f   LIBCMT:utility.obj
 0001:0000ea40       _onexit                    000000018000fa40 f   LIBCMT:utility.obj
 0001:0000ea7c       atexit                     000000018000fa7c f   LIBCMT:utility.obj
 0001:0000ea94       ??3@YAXPEAX@Z              000000018000fa94 f   LIBCMT:delete_scalar.obj
 0001:0000eb94       _Init_thread_footer        000000018000fb94 f   LIBCMT:thread_safe_statics.obj
 0001:0000ebf4       _Init_thread_header        000000018000fbf4 f   LIBCMT:thread_safe_statics.obj
 0001:0000ec5c       _Init_thread_notify        000000018000fc5c f   LIBCMT:thread_safe_statics.obj
 0001:0000eca0       _Init_thread_wait          000000018000fca0 f   LIBCMT:thread_safe_statics.obj
 0001:0000ed04       __raise_securityfailure    000000018000fd04 f   LIBCMT:gs_report.obj
 0001:0000ed38       __report_gsfailure         000000018000fd38 f   LIBCMT:gs_report.obj
 0001:0000ee0c       __report_rangecheckfailure 000000018000fe0c f   LIBCMT:gs_report.obj
 0001:0000ee20       __report_securityfailure   000000018000fe20 f   LIBCMT:gs_report.obj
 0001:0000efa0       ??2@YAPEAX_KAEBUnothrow_t@std@@@Z 000000018000ffa0 f   LIBCMT:new_scalar_nothrow.obj
 0001:0000efc0       ??_U@YAPEAX_KAEBUnothrow_t@std@@@Z 000000018000ffc0 f   LIBCMT:new_array_nothrow.obj
 0001:0000efc8       __GSHandlerCheck           000000018000ffc8 f   LIBCMT:gshandler.obj
 0001:0000efe8       __GSHandlerCheckCommon     000000018000ffe8 f   LIBCMT:gshandler.obj
 0001:0000f044       __GSHandlerCheck_SEH       0000000180010044 f   LIBCMT:gshandlerseh.obj
 0001:0000f0e0       __chkstk                   00000001800100e0 f   LIBCMT:chkstk.obj
 0001:0000f0e0       _alloca_probe              00000001800100e0 f   LIBCMT:chkstk.obj
 0001:0000f150       __security_check_cookie    0000000180010150 f   LIBCMT:amdsecgs.obj
 0001:0000f494       _DllMainCRTStartup         0000000180010494 f   LIBCMT:dll_dllmain.obj
 0001:0000f4d4       ??2@YAPEAX_K@Z             00000001800104d4 f   LIBCMT:new_scalar.obj
 0001:0000f510       __isa_available_init       0000000180010510 f   LIBCMT:cpu_disp.obj
 0001:0000f6b4       __scrt_is_ucrt_dll_in_use  00000001800106b4 f   LIBCMT:ucrt_detection.obj
 0001:0000f6c0       __crt_debugger_hook        00000001800106c0 f   LIBCMT:utility_desktop.obj
 0001:0000f6c8       __scrt_fastfail            00000001800106c8 f   LIBCMT:utility_desktop.obj
 0001:0000f814       __security_init_cookie     0000000180010814 f   LIBCMT:gs_support.obj
 0001:0000f8c0       ?__scrt_initialize_type_info@@YAXXZ 00000001800108c0 f   LIBCMT:tncleanup.obj
 0001:0000f8d0       ?__scrt_uninitialize_type_info@@YAXXZ 00000001800108d0 f   LIBCMT:tncleanup.obj
 0001:0000f8dc       __local_stdio_scanf_options 00000001800108dc f i LIBCMT:default_local_stdio_options.obj
 0001:0000f8e4       __scrt_initialize_default_local_stdio_options 00000001800108e4 f   LIBCMT:default_local_stdio_options.obj
 0001:0000f900       __scrt_get_dyn_tls_init_callback 0000000180010900 f   LIBCMT:dyn_tls_init.obj
 0001:0000f908       _RTC_Initialize            0000000180010908 f   LIBCMT:initsect.obj
 0001:0000f944       _RTC_Terminate             0000000180010944 f   LIBCMT:initsect.obj
 0001:0000f980       ??0bad_alloc@std@@QEAA@AEBV01@@Z 0000000180010980 f i LIBCMT:throw_bad_alloc.obj
 0001:0000f9bc       ??0bad_alloc@std@@QEAA@XZ  00000001800109bc f i LIBCMT:throw_bad_alloc.obj
 0001:0000f9dc       ??0bad_array_new_length@std@@QEAA@AEBV01@@Z 00000001800109dc f i LIBCMT:throw_bad_alloc.obj
 0001:0000fa18       ??0bad_array_new_length@std@@QEAA@XZ 0000000180010a18 f i LIBCMT:throw_bad_alloc.obj
 0001:0000fa38       ??0exception@std@@QEAA@AEBV01@@Z 0000000180010a38 f i LIBCMT:throw_bad_alloc.obj
 0001:0000fa6c       ??1bad_alloc@std@@UEAA@XZ  0000000180010a6c f i LIBCMT:throw_bad_alloc.obj
 0001:0000fa6c       ??1bad_exception@std@@UEAA@XZ 0000000180010a6c f i libvcruntime:frame.obj
 0001:0000fa6c       ??1bad_array_new_length@std@@UEAA@XZ 0000000180010a6c f i LIBCMT:throw_bad_alloc.obj
 0001:0000fa80       ??_Eexception@std@@UEAAPEAXI@Z 0000000180010a80 f i LIBCMT:throw_bad_alloc.obj
 0001:0000fa80       ??_Gbad_alloc@std@@UEAAPEAXI@Z 0000000180010a80 f i LIBCMT:throw_bad_alloc.obj
 0001:0000fa80       ??_Ebad_exception@std@@UEAAPEAXI@Z 0000000180010a80 f i libvcruntime:frame.obj
 0001:0000fa80       ??_Gbad_array_new_length@std@@UEAAPEAXI@Z 0000000180010a80 f i LIBCMT:throw_bad_alloc.obj
 0001:0000fa80       ??_Ebad_array_new_length@std@@UEAAPEAXI@Z 0000000180010a80 f i LIBCMT:throw_bad_alloc.obj
 0001:0000fa80       ??_Ebad_alloc@std@@UEAAPEAXI@Z 0000000180010a80 f i LIBCMT:throw_bad_alloc.obj
 0001:0000fa80       ??_Gexception@std@@UEAAPEAXI@Z 0000000180010a80 f i LIBCMT:throw_bad_alloc.obj
 0001:0000fa80       ??_Gbad_exception@std@@UEAAPEAXI@Z 0000000180010a80 f i libvcruntime:frame.obj
 0001:0000fac4       ?__scrt_throw_std_bad_alloc@@YAXXZ 0000000180010ac4 f   LIBCMT:throw_bad_alloc.obj
 0001:0000fae4       ?__scrt_throw_std_bad_array_new_length@@YAXXZ 0000000180010ae4 f   LIBCMT:throw_bad_alloc.obj
 0001:0000fb04       ?what@exception@std@@UEBAPEBDXZ 0000000180010b04 f i LIBCMT:throw_bad_alloc.obj
 0001:0000fb20       ??_Etype_info@@UEAAPEAXI@Z 0000000180010b20 f i LIBCMT:std_type_info_static.obj
 0001:0000fb20       ??_Gtype_info@@UEAAPEAXI@Z 0000000180010b20 f i LIBCMT:std_type_info_static.obj
 0001:0000fb4c       ??0CAtlBaseModule@ATL@@QEAA@XZ 0000000180010b4c f   atls:atlbase.obj
 0001:0000fbf4       ??1CAtlBaseModule@ATL@@QEAA@XZ 0000000180010bf4 f   atls:atlbase.obj
 0001:0000fd28       ?__AllocStdCallThunk_cmn@@YAPEAXXZ 0000000180010d28 f   atls:atlthunk.obj
 0001:0000fe80       AtlThunk_AllocateData      0000000180010e80 f   atls:atlthunk.obj
 0001:0000fefc       AtlThunk_DataToCode        0000000180010efc f   atls:atlthunk.obj
 0001:0000ff50       AtlThunk_FreeData          0000000180010f50 f   atls:atlthunk.obj
 0001:0000ffb0       AtlThunk_InitData          0000000180010fb0 f   atls:atlthunk.obj
 0001:00010058       _get_purecall_handler      0000000180011058 f   libvcruntime:purevirt.obj
 0001:00010060       _purecall                  0000000180011060 f   libvcruntime:purevirt.obj
 0001:0001007c       wcsstr                     000000018001107c f   libvcruntime:wcsstr.obj
 0001:000102b0       memcmp                     00000001800112b0 f   libvcruntime:memcmp.obj
 0001:00010390       memcpy_repmovs             0000000180011390 f   libvcruntime:memcpy.obj
 0001:000103b0       memmove                    00000001800113b0 f   libvcruntime:memcpy.obj
 0001:000103b0       memcpy                     00000001800113b0 f   libvcruntime:memcpy.obj
 0001:000107a0       memset_repmovs             00000001800117a0 f   libvcruntime:memset.obj
 0001:000107c0       memset                     00000001800117c0 f   libvcruntime:memset.obj
 0001:00010950       __vcrt_initialize          0000000180011950 f   libvcruntime:initialization.obj
 0001:00010978       __vcrt_thread_attach       0000000180011978 f   libvcruntime:initialization.obj
 0001:0001098c       __vcrt_thread_detach       000000018001198c f   libvcruntime:initialization.obj
 0001:000109a0       __vcrt_uninitialize        00000001800119a0 f   libvcruntime:initialization.obj
 0001:000109bc       __vcrt_uninitialize_critical 00000001800119bc f   libvcruntime:initialization.obj
 0001:000109cc       __C_specific_handler       00000001800119cc f   libvcruntime:riscchandler.obj
 0001:00010bd8       ??$_CallSETranslator@V__FrameHandler3@@@@YAHPEAUEHExceptionRecord@@PEA_KPEAU_CONTEXT@@PEAU_xDISPATCHER_CONTEXT@@PEBU_s_FuncInfo@@K1@Z 0000000180011bd8 f i libvcruntime:risctrnsctrl.obj
 0001:00010c2c       ?CatchTryBlock@__FrameHandler3@@SAPEBU_s_TryBlockMapEntry@@PEBU_s_FuncInfo@@H@Z 0000000180011c2c f   libvcruntime:risctrnsctrl.obj
 0001:00010c80       ?ExecutionInCatch@__FrameHandler3@@SA_NPEAU_xDISPATCHER_CONTEXT@@PEBU_s_FuncInfo@@@Z 0000000180011c80 f   libvcruntime:risctrnsctrl.obj
 0001:00010cac       ?FrameUnwindToEmptyState@__FrameHandler3@@SAXPEA_KPEAU_xDISPATCHER_CONTEXT@@PEBU_s_FuncInfo@@@Z 0000000180011cac f   libvcruntime:risctrnsctrl.obj
 0001:00010d10       ?GetEstablisherFrame@__FrameHandler3@@SAPEA_KPEA_KPEAU_xDISPATCHER_CONTEXT@@PEBU_s_FuncInfo@@0@Z 0000000180011d10 f   libvcruntime:risctrnsctrl.obj
 0001:00010ddc       ?GetRangeOfTrysToCheck@__FrameHandler3@@SA?AU?$pair@Viterator@TryBlockMap@__FrameHandler3@@V123@@std@@AEAVTryBlockMap@1@HPEAU_xDISPATCHER_CONTEXT@@PEBU_s_FuncInfo@@H@Z 0000000180011ddc f   libvcruntime:risctrnsctrl.obj
[...]
 0004:000017d0       $pdata$?try_get_function@@YAPEAXW4function_id@?A0x391cf84c@@QEBDQEBW4module_id@2@2@Z 00000001800347d0     libucrt:winapi_thunks.obj
 0004:000017dc       $pdata$wcstol              00000001800347dc     libucrt:strtox.obj
 0004:000017e8       $pdata$_mbtowc_l           00000001800347e8     libucrt:mbtowc.obj
 0004:000017f4       $pdata$__acrt_update_locale_info 00000001800347f4     libucrt:locale_update.obj
 0004:00001800       $pdata$__acrt_update_multibyte_info 0000000180034800     libucrt:locale_update.obj
 0004:0000180c       $pdata$__acrt_fp_format    000000018003480c     libucrt:cvt.obj
 0004:00001818       $pdata$?fp_format_e_internal@@YAHQEAD_KH_NIQEAU_strflt@@2QEAU__crt_locale_pointers@@@Z 0000000180034818     libucrt:cvt.obj
 0004:00001824       $pdata$?fp_format_e@@YAHQEBNQEAD_K12H_NIQEAU__crt_locale_pointers@@@Z 0000000180034824     libucrt:cvt.obj
 0004:00001830       $pdata$?fp_format_a@@YAHQEBNPEAD_KQEAD2H_NIQEAU__crt_locale_pointers@@@Z 0000000180034830     libucrt:cvt.obj
 0004:0000183c       $pdata$?fp_format_f_internal@@YAHQEAD_KHQEAU_strflt@@_NQEAU__crt_locale_pointers@@@Z 000000018003483c     libucrt:cvt.obj
 0004:00001848       $pdata$?fp_format_g@@YAHQEBNQEAD_K12H_NIQEAU__crt_locale_pointers@@@Z 0000000180034848     libucrt:cvt.obj
 0004:00001854       $pdata$_fileno             0000000180034854     libucrt:fileno.obj
 0004:00001860       $pdata$__acrt_initialize_stdio 0000000180034860     libucrt:_file.obj
 0004:0000186c       $pdata$__acrt_uninitialize_stdio 000000018003486c     libucrt:_file.obj
 0004:00001878       $pdata$__acrt_uninitialize_locale 0000000180034878     libucrt:wsetlocale.obj
 0004:00001884       $pdata$??$?RV<lambda_410d79af7f07d98d83a3f525b3859a53>@@AEAV<lambda_3e16ef9562a7dcce91392c22ab16ea36>@@V<lambda_38119f0e861e05405d8a144b9b982f0a>@@@?$__crt_seh_guarded_call@X@@QEAAX$$QEAV<lambda_410d79af7f07d98d83a3f525b3859a53>@@AEAV<lambda_3e16ef9562a7dcce91392c22ab16ea36>@@$$QEAV<lambda_38119f0e861e05405d8a144b9b982f0a>@@@Z 0000000180034884     libucrt:wsetlocale.obj
 0004:00001890       $pdata$?fin$0@?0???$?RV<lambda_410d79af7f07d98d83a3f525b3859a53>@@AEAV<lambda_3e16ef9562a7dcce91392c22ab16ea36>@@V<lambda_38119f0e861e05405d8a144b9b982f0a>@@@?$__crt_seh_guarded_call@X@@QEAAX$$QEAV<lambda_410d79af7f07d98d83a3f525b3859a53>@@AEAV<lambda_3e16ef9562a7dcce91392c22ab16ea36>@@$$QEAV<lambda_38119f0e861e05405d8a144b9b982f0a>@@@Z@4HA 0000000180034890     libucrt:wsetlocale.obj
 0004:0000189c       $pdata$__acrt_initialize_lowio 000000018003489c     libucrt:ioinit.obj
 0004:000018a8       $pdata$__acrt_initialize_lowio$fin$0 00000001800348a8     libucrt:ioinit.obj
 0004:000018a8       $pdata$__acrt_lowio_ensure_fh_exists$fin$0 00000001800348a8     libucrt:osfinfo.obj
 0004:000018b4       $pdata$__acrt_uninitialize_lowio 00000001800348b4     libucrt:ioinit.obj
 0004:000018c0       $pdata$?initialize_inherited_file_handles_nolock@@YAXXZ 00000001800348c0     libucrt:ioinit.obj
 0004:000018cc       $pdata$?initialize_stdio_handles_nolock@@YAXXZ 00000001800348cc     libucrt:ioinit.obj
 0004:000018d8       $pdata$__acrt_initialize_locks 00000001800348d8     libucrt:locks.obj
 0004:000018e4       $pdata$__acrt_uninitialize_locks 00000001800348e4     libucrt:locks.obj
 0004:000018f0       $pdata$__acrt_get_process_end_policy 00000001800348f0     libucrt:win_policies.obj
 0004:000018fc       $pdata$??$__acrt_mbs_to_wcs_cp@U__crt_win32_buffer_internal_dynamic_resizing@@@@YAHQEBDAEAV?$__crt_win32_buffer@_WU__crt_win32_buffer_internal_dynamic_resizing@@@@I@Z 00000001800348fc     libucrt:argv_wildcards.obj
 0004:00001908       $pdata$??$__acrt_wcs_to_mbs_cp@U__crt_win32_buffer_internal_dynamic_resizing@@@@YAHQEB_WAEAV?$__crt_win32_buffer@DU__crt_win32_buffer_internal_dynamic_resizing@@@@I@Z 0000000180034908     libucrt:argv_wildcards.obj
 0004:00001914       $pdata$??$common_expand_argv_wildcards@D@@YAHQEAPEADQEAPEAPEAD@Z 0000000180034914     libucrt:argv_wildcards.obj
 0004:00001920       $pdata$??$copy_and_add_argument_to_buffer@D@@YAHQEBD0_KAEAV?$argument_list@D@?A0x5f5c8891@@@Z 0000000180034920     libucrt:argv_wildcards.obj
 0004:0000192c       $pdata$??$expand_argument_wildcards@D@@YAHQEAD0AEAV?$argument_list@D@?A0x5f5c8891@@@Z 000000018003492c     libucrt:argv_wildcards.obj
 0004:00001938       $pdata$__acrt_GetModuleFileNameA 0000000180034938     libucrt:getmodulefilenamea.obj
 0004:00001944       $pdata$??$__acrt_wcs_to_mbs_cp@U__crt_win32_buffer_no_resizing@@@@YAHQEB_WAEAV?$__crt_win32_buffer@DU__crt_win32_buffer_no_resizing@@@@I@Z 0000000180034944     libucrt:getmodulefilenamea.obj
 0004:00001950       $pdata$__acrt_update_thread_multibyte_data 0000000180034950     libucrt:mbctype.obj
 0004:0000195c       $pdata$__acrt_initialize_multibyte 000000018003495c     libucrt:mbctype.obj
 0004:00001968       $pdata$_setmbcp_nolock     0000000180034968     libucrt:mbctype.obj
 0004:00001974       $pdata$?getSystemCP@@YAHH@Z 0000000180034974     libucrt:mbctype.obj
 0004:00001980       $pdata$?setSBCS@@YAXPEAU__crt_multibyte_data@@@Z 0000000180034980     libucrt:mbctype.obj
 0004:0000198c       $pdata$?update_thread_multibyte_data_internal@@YAPEAU__crt_multibyte_data@@QEAU__acrt_ptd@@QEAPEAU1@@Z 000000018003498c     libucrt:mbctype.obj
 0004:00001998       $pdata$?fin$0@?0??update_thread_multibyte_data_internal@@YAPEAU__crt_multibyte_data@@QEAU__acrt_ptd@@QEAPEAU1@@Z@4HA 0000000180034998     libucrt:mbctype.obj
 0004:000019a4       $pdata$?setmbcp_internal@@YAHH_NQEAU__acrt_ptd@@QEAPEAU__crt_multibyte_data@@@Z 00000001800349a4     libucrt:mbctype.obj
 0004:000019b0       $pdata$?setSBUpLow@@YAXPEAU__crt_multibyte_data@@@Z 00000001800349b0     libucrt:mbctype.obj
 0004:000019bc       $pdata$??$?RV<lambda_efdfa57d1f175319df784efa44bb7b81>@@AEAV<lambda_5f0a4c1567f8adc6734073e5d1e1b35c>@@V<lambda_2e8a7d3640ea6ccb4c2413664c2db6fd>@@@?$__crt_seh_guarded_call@X@@QEAAX$$QEAV<lambda_efdfa57d1f175319df784efa44bb7b81>@@AEAV<lambda_5f0a4c1567f8adc6734073e5d1e1b35c>@@$$QEAV<lambda_2e8a7d3640ea6ccb4c2413664c2db6fd>@@@Z 00000001800349bc     libucrt:mbctype.obj
 0004:000019c8       $pdata$?x_ismbbtype_l@@YAHPEAU__crt_locale_pointers@@IHH@Z 00000001800349c8     libucrt:ismbbyte.obj
 0004:000019d4       $pdata$__acrt_initialize_command_line 00000001800349d4     libucrt:argv_data.obj
 0004:000019e0       $pdata$__acrt_WideCharToMultiByte 00000001800349e0     libucrt:widechartomultibyte.obj
 0004:000019ec       $pdata$__dcrt_get_narrow_environment_from_os 00000001800349ec     libucrt:get_environment_from_os.obj
 0004:000019f8       $pdata$__acrt_initialize_heap 00000001800349f8     libucrt:heap_handle.obj
 0004:00001a04       $pdata$__acrt_execute_initializers 0000000180034a04     libucrt:shared_initialization.obj
 0004:00001a10       $pdata$__acrt_execute_uninitializers 0000000180034a10     libucrt:shared_initialization.obj
 0004:00001a1c       $pdata$__acrt_get_sigabrt_handler 0000000180034a1c     libucrt:signal.obj
 0004:00001a28       $pdata$raise               0000000180034a28     libucrt:signal.obj
 0004:00001a34       $pdata$raise$fin$0         0000000180034a34     libucrt:signal.obj
 0004:00001a40       $pdata$??$?RV<lambda_450d765d439847d4c735a33c368b5fc0>@@AEAV<lambda_44731a7d0e6d81c3e6aa82d741081786>@@V<lambda_601a2a7da3b7a96e9554ac7215c4b07c>@@@?$__crt_seh_guarded_call@P6AXH@Z@@QEAAP6AXH@Z$$QEAV<lambda_450d765d439847d4c735a33c368b5fc0>@@AEAV<lambda_44731a7d0e6d81c3e6aa82d741081786>@@$$QEAV<lambda_601a2a7da3b7a96e9554ac7215c4b07c>@@@Z 0000000180034a40     libucrt:signal.obj
 0004:00001a4c       $pdata$_fflush_nolock      0000000180034a4c     libucrt:fflush.obj
 0004:00001a58       $pdata$__acrt_stdio_flush_nolock 0000000180034a58     libucrt:fflush.obj
 0004:00001a64       $pdata$?common_flush_all@@YAH_N@Z 0000000180034a64     libucrt:fflush.obj
 0004:00001a70       $pdata$??$?RV<lambda_842d9ff0dc9ef11c61343bbaebe7f885>@@AEAV<lambda_c5860995281e5c4ce005b3de8f5874ee>@@V<lambda_d90129c13df834fdcbf8d2b88dafcf2d>@@@?$__crt_seh_guarded_call@X@@QEAAX$$QEAV<lambda_842d9ff0dc9ef11c61343bbaebe7f885>@@AEAV<lambda_c5860995281e5c4ce005b3de8f5874ee>@@$$QEAV<lambda_d90129c13df834fdcbf8d2b88dafcf2d>@@@Z 0000000180034a70     libucrt:fflush.obj
 0004:00001a7c       $pdata$?fin$0@?0???$?RV<lambda_842d9ff0dc9ef11c61343bbaebe7f885>@@AEAV<lambda_c5860995281e5c4ce005b3de8f5874ee>@@V<lambda_d90129c13df834fdcbf8d2b88dafcf2d>@@@?$__crt_seh_guarded_call@X@@QEAAX$$QEAV<lambda_842d9ff0dc9ef11c61343bbaebe7f885>@@AEAV<lambda_c5860995281e5c4ce005b3de8f5874ee>@@$$QEAV<lambda_d90129c13df834fdcbf8d2b88dafcf2d>@@@Z@4HA 0000000180034a7c     libucrt:fflush.obj
 0004:00001a88       $pdata$??$?RV<lambda_886d6c58226a84441f68b9f2b8217b83>@@AEAV<lambda_ab61a845afdef5b7c387490eaf3616ee>@@V<lambda_f7f22ab5edc0698d5f6905b0d3f44752>@@@?$__crt_seh_guarded_call@X@@QEAAX$$QEAV<lambda_886d6c58226a84441f68b9f2b8217b83>@@AEAV<lambda_ab61a845afdef5b7c387490eaf3616ee>@@$$QEAV<lambda_f7f22ab5edc0698d5f6905b0d3f44752>@@@Z 0000000180034a88     libucrt:fflush.obj
 0004:00001a94       $pdata$?fin$0@?0???$?RV<lambda_886d6c58226a84441f68b9f2b8217b83>@@AEAV<lambda_ab61a845afdef5b7c387490eaf3616ee>@@V<lambda_f7f22ab5edc0698d5f6905b0d3f44752>@@@?$__crt_seh_guarded_call@X@@QEAAX$$QEAV<lambda_886d6c58226a84441f68b9f2b8217b83>@@AEAV<lambda_ab61a845afdef5b7c387490eaf3616ee>@@$$QEAV<lambda_f7f22ab5edc0698d5f6905b0d3f44752>@@@Z@4HA 0000000180034a94     libucrt:fflush.obj
 0004:00001aa0       $pdata$__pctype_func       0000000180034aa0     libucrt:ctype.obj
 0004:00001aac       $pdata$iswctype            0000000180034aac     libucrt:iswctype.obj
 0004:00001ab8       $pdata$__acrt_release_locale_ref 0000000180034ab8     libucrt:locale_refcounting.obj
 0004:00001ac4       $pdata$__acrt_free_locale  0000000180034ac4     libucrt:locale_refcounting.obj
 0004:00001ad0       $pdata$__acrt_locale_free_lc_time_if_unreferenced 0000000180034ad0     libucrt:locale_refcounting.obj
 0004:00001adc       $pdata$__acrt_update_thread_locale_data 0000000180034adc     libucrt:locale_refcounting.obj
 0004:00001ae8       $pdata$__acrt_update_thread_locale_data$fin$0 0000000180034ae8     libucrt:locale_refcounting.obj
 0004:00001af4       $pdata$_updatetlocinfoEx_nolock 0000000180034af4     libucrt:locale_refcounting.obj
 0004:00001b00       $pdata$__acrt_DownlevelLocaleNameToLCID 0000000180034b00     libucrt:lcidtoname_downlevel.obj
 0004:00001b0c       $pdata$_isleadbyte_l       0000000180034b0c     libucrt:_wctype.obj
 0004:00001b18       $pdata$?__mbrtowc_utf8@__crt_mbstring@@YA_KPEA_WPEBD_KPEAU_Mbstatet@@@Z 0000000180034b18     libucrt:mbrtowc.obj
 0004:00001b24       $pdata$?__mbsrtowcs_utf8@__crt_mbstring@@YA_KPEA_WPEAPEBD_KPEAU_Mbstatet@@@Z 0000000180034b24     libucrt:mbrtowc.obj
 0004:00001b30       $pdata$__acrt_fp_strflt_to_string 0000000180034b30     libucrt:_fptostr.obj
 0004:00001b3c       $pdata$memcpy_s            0000000180034b3c     libucrt:cfout.obj
 0004:00001b48       $pdata$__acrt_fltout       0000000180034b48     libucrt:cfout.obj
 0004:00001b54       $pdata$?divide@__crt_strtox@@YA_KAEAUbig_integer@1@AEBU21@@Z 0000000180034b54     libucrt:cfout.obj
 0004:00001b60       $pdata$0$?divide@__crt_strtox@@YA_KAEAUbig_integer@1@AEBU21@@Z 0000000180034b60     libucrt:cfout.obj
 0004:00001b6c       $pdata$1$?divide@__crt_strtox@@YA_KAEAUbig_integer@1@AEBU21@@Z 0000000180034b6c     libucrt:cfout.obj
 0004:00001b78       $pdata$_fcloseall          0000000180034b78     libucrt:closeall.obj
 0004:00001b84       $pdata$_fcloseall$fin$0    0000000180034b84     libucrt:closeall.obj
 0004:00001b90       $pdata$__acrt_stdio_free_buffer_nolock 0000000180034b90     libucrt:_freebuf.obj
 0004:00001b9c       $pdata$_isatty             0000000180034b9c     libucrt:isatty.obj
 0004:00001ba8       $pdata$__acrt_locale_free_monetary 0000000180034ba8     libucrt:initmon.obj
 0004:00001bb4       $pdata$__acrt_locale_free_numeric 0000000180034bb4     libucrt:initnum.obj
 0004:00001bc0       $pdata$__acrt_locale_free_time 0000000180034bc0     libucrt:inittime.obj
 0004:00001bcc       $pdata$?free_crt_array_internal@@YAXQEAPEBX_K@Z 0000000180034bcc     libucrt:inittime.obj
 0004:00001bd8       $pdata$__acrt_GetStringTypeA 0000000180034bd8     libucrt:getstringtypea.obj
 0004:00001be4       $pdata$_get_osfhandle      0000000180034be4     libucrt:osfinfo.obj
 0004:00001bf0       $pdata$_free_osfhnd        0000000180034bf0     libucrt:osfinfo.obj
 0004:00001bfc       $pdata$__acrt_lowio_create_handle_array 0000000180034bfc     libucrt:osfinfo.obj
 0004:00001c08       $pdata$__acrt_lowio_destroy_handle_array 0000000180034c08     libucrt:osfinfo.obj
 0004:00001c14       $pdata$__acrt_lowio_ensure_fh_exists 0000000180034c14     libucrt:osfinfo.obj
 0004:00001c20       $pdata$qsort               0000000180034c20     libucrt:qsort.obj
 0004:00001c2c       $pdata$4$qsort             0000000180034c2c     libucrt:qsort.obj
 0004:00001c38       $pdata$5$qsort             0000000180034c38     libucrt:qsort.obj
 0004:00001c44       $pdata$strncpy_s           0000000180034c44     libucrt:strncpy_s.obj
 0004:00001c50       $pdata$strpbrk             0000000180034c50     libucrt:strpbrk.obj
 0004:00001c5c       $pdata$fallbackMethod      0000000180034c5c     libucrt:strpbrk.obj
 0004:00001c68       $pdata$_mbsdec_l           0000000180034c68     libucrt:mbsdec.obj
 0004:00001c74       $pdata$__acrt_LCMapStringA 0000000180034c74     libucrt:lcmapstringa.obj
 0004:00001c80       $pdata$?__acrt_LCMapStringA_stat@@YAHPEAU__crt_locale_pointers@@PEB_WKPEBDHPEADHHH@Z 0000000180034c80     libucrt:lcmapstringa.obj
 0004:00001c8c       $pdata$?initialize_multibyte@@YAHXZ 0000000180034c8c     libucrt:multibyte_initializer.obj
 0004:00001c98       $pdata$_commit             0000000180034c98     libucrt:commit.obj
 0004:00001ca4       $pdata$??$?RV<lambda_a37b2b86f63e897a80ea819b0eb08c01>@@AEAV<lambda_38ce7e780aa69e748d6df282ebc68efe>@@V<lambda_99fb1378e971ab6e7edea83e3a7a83a2>@@@?$__crt_seh_guarded_call@H@@QEAAH$$QEAV<lambda_a37b2b86f63e897a80ea819b0eb08c01>@@AEAV<lambda_38ce7e780aa69e748d6df282ebc68efe>@@$$QEAV<lambda_99fb1378e971ab6e7edea83e3a7a83a2>@@@Z 0000000180034ca4     libucrt:commit.obj
 0004:00001cb0       $pdata$?fin$0@?0???$?RV<lambda_751a882b2c74d4b022dec766aa51a29a>@@AEAV<lambda_628dfdc04ba53c8bfc02c9951375f3f5>@@V<lambda_f6c7be5f7998530c34de24c7437d6b54>@@@?$__crt_seh_guarded_call@H@@QEAAH$$QEAV<lambda_751a882b2c74d4b022dec766aa51a29a>@@AEAV<lambda_628dfdc04ba53c8bfc02c9951375f3f5>@@$$QEAV<lambda_f6c7be5f7998530c34de24c7437d6b54>@@@Z@4HA 0000000180034cb0     libucrt:close.obj
 0004:00001cb0       $pdata$?fin$0@?0???$?RV<lambda_a37b2b86f63e897a80ea819b0eb08c01>@@AEAV<lambda_38ce7e780aa69e748d6df282ebc68efe>@@V<lambda_99fb1378e971ab6e7edea83e3a7a83a2>@@@?$__crt_seh_guarded_call@H@@QEAAH$$QEAV<lambda_a37b2b86f63e897a80ea819b0eb08c01>@@AEAV<lambda_38ce7e780aa69e748d6df282ebc68efe>@@$$QEAV<lambda_99fb1378e971ab6e7edea83e3a7a83a2>@@@Z@4HA 0000000180034cb0     libucrt:commit.obj
 0004:00001cbc       $pdata$_write              0000000180034cbc     libucrt:write.obj
 0004:00001cc8       $pdata$_write$fin$0        0000000180034cc8     libucrt:write.obj
 0004:00001cd4       $pdata$_write_nolock       0000000180034cd4     libucrt:write.obj
 0004:00001ce0       $pdata$?write_double_translated_ansi_nolock@@YA?AUwrite_result@?A0x17268360@@HQEBDI@Z 0000000180034ce0     libucrt:write.obj
 0004:00001cec       $pdata$?write_text_ansi_nolock@@YA?AUwrite_result@?A0x17268360@@HQEBDI@Z 0000000180034cec     libucrt:write.obj
 0004:00001cf8       $pdata$?write_text_utf16le_nolock@@YA?AUwrite_result@?A0x17268360@@HQEBDI@Z 0000000180034cf8     libucrt:write.obj
 0004:00001d04       $pdata$?write_text_utf8_nolock@@YA?AUwrite_result@?A0x17268360@@HQEBDI@Z 0000000180034d04     libucrt:write.obj
 0004:00001d10       $pdata$?__mbrtoc32_utf8@__crt_mbstring@@YA_KPEA_UPEBD_KPEAU_Mbstatet@@@Z 0000000180034d10     libucrt:mbrtoc32.obj
 0004:00001d1c       $pdata$fegetenv            0000000180034d1c     libucrt:fegetenv.obj
 0004:00001d28       $pdata$fesetenv            0000000180034d28     libucrt:fesetenv.obj
 0004:00001d34       $pdata$feholdexcept        0000000180034d34     libucrt:feholdexcept.obj
 0004:00001d4c       $pdata$??$common_lseek_nolock@_J@@YA_JH_JH@Z 0000000180034d4c     libucrt:lseek.obj
 0004:00001d58       $pdata$fclose              0000000180034d58     libucrt:fclose.obj
 0004:00001d64       $pdata$fclose$fin$0        0000000180034d64     libucrt:fclose.obj
 0004:00001d70       $pdata$_fclose_nolock      0000000180034d70     libucrt:fclose.obj
 0004:00001d7c       $pdata$_putwch_nolock      0000000180034d7c     libucrt:putwch.obj
 0004:00001d88       $pdata$__acrt_fenv_set_control 0000000180034d88     libucrt:_fenvutils.obj
 0004:00001d94       $pdata$_clearfp            0000000180034d94     libucrt:ieee.obj
 0004:00001da0       $pdata$_call_matherr       0000000180034da0     libucrt:libm_error.obj
 0004:00001dac       $pdata$_exception_enabled  0000000180034dac     libucrt:libm_error.obj
 0004:00001db8       $pdata$_handle_error       0000000180034db8     libucrt:libm_error.obj
 0004:00001dc4       $pdata$__acrt_initialize_fma3 0000000180034dc4     libucrt:fma3_available.obj
 0004:00001dd0       $pdata$_log_special_common 0000000180034dd0     libucrt:log_special.obj
 0004:00001ddc       $pdata$_log10_special      0000000180034ddc     libucrt:log_special.obj
 0004:00001de8       $pdata$_close              0000000180034de8     libucrt:close.obj
 0004:00001df4       $pdata$_close_nolock       0000000180034df4     libucrt:close.obj
 0004:00001e00       $pdata$??$?RV<lambda_751a882b2c74d4b022dec766aa51a29a>@@AEAV<lambda_628dfdc04ba53c8bfc02c9951375f3f5>@@V<lambda_f6c7be5f7998530c34de24c7437d6b54>@@@?$__crt_seh_guarded_call@H@@QEAAH$$QEAV<lambda_751a882b2c74d4b022dec766aa51a29a>@@AEAV<lambda_628dfdc04ba53c8bfc02c9951375f3f5>@@$$QEAV<lambda_f6c7be5f7998530c34de24c7437d6b54>@@@Z 0000000180034e00     libucrt:close.obj
 0004:00001e0c       $pdata$__dcrt_lowio_ensure_console_output_initialized 0000000180034e0c     libucrt:initcon.obj
 0004:00001e18       $pdata$__dcrt_write_console 0000000180034e18     libucrt:initcon.obj
 0004:00001e24       $pdata$__dcrt_terminate_console_output 0000000180034e24     libucrt:initcon.obj
 0004:00001e3c       $pdata$_set_errno_from_matherr 0000000180034e3c     libucrt:fpexcept.obj
 0004:00001e48       $pdata$_raise_exc          0000000180034e48     libucrt:fpexcept.obj
 0004:00001e54       $pdata$_raise_exc_ex       0000000180034e54     libucrt:fpexcept.obj
 0004:00001e60       $pdata$_clrfp              0000000180034e60     libucrt:fpctrl.obj
 0004:00001e6c       $pdata$_ctrlfp             0000000180034e6c     libucrt:fpctrl.obj
 0004:00001e78       $pdata$_ctrlfp$filt$0      0000000180034e78     libucrt:fpctrl.obj
 0004:00001e84       $pdata$_statfp             0000000180034e84     libucrt:fpctrl.obj
 0004:00001e90       $pdata$_set_statfp         0000000180034e90     libucrt:fpctrl.obj
 0004:00001e9c       $pdata$_IsNonwritableInCurrentImage 0000000180034e9c     LIBCMT:pesect.obj
 0004:00001ea8       $pdata$_IsNonwritableInCurrentImage$filt$0 0000000180034ea8     LIBCMT:pesect.obj
 0005:00000000       MoveSmall                  0000000180035000     libvcruntime:memcpy.obj
 0005:00000050       MsetTab                    0000000180035050     libvcruntime:memset.obj
 0006:00000220       $R000000                   0000000180036220     PINPad.res
 0006:00000ba0       $R000980                   0000000180036ba0     PINPad.res
 0006:00000c88       $R000A68                   0000000180036c88     PINPad.res
 0006:00000ef0       $R000CD0                   0000000180036ef0     PINPad.res
 0006:00001438       $R001218                   0000000180037438     PINPad.res
 0006:00004c18       $R0049F8                   000000018003ac18     PINPad.res
 0006:00004c48       $R004A28                   000000018003ac48     PINPad.res
