 OPOSPOSKeyboard

 Timestamp is 5c44395e (Sun Jan 20 18:03:26 2019)

 Preferred load address is 0000000180000000

 Start         Length     Name                   Class
 0001:00000000 000000c0H .text$di                CODE
 0001:000000c0 0001f430H .text$mn                CODE
 0001:0001f4f0 00000020H .text$mn$00             CODE
 0001:0001f510 00000410H .text$x                 CODE
 0001:0001f920 000000c0H .text$yd                CODE
 0002:00000000 00000620H .idata$5                DATA
 0002:00000620 00000010H .00cfg                  DATA
 0002:00000630 00000008H .CRT$XCA                DATA
 0002:00000638 00000008H .CRT$XCL                DATA
 0002:00000640 00000020H .CRT$XCU                DATA
 0002:00000660 00000008H .CRT$XCZ                DATA
 0002:00000668 00000008H .CRT$XIA                DATA
 0002:00000670 00000020H .CRT$XIC                DATA
 0002:00000690 00000008H .CRT$XIZ                DATA
 0002:00000698 00000008H .CRT$XLA                DATA
 0002:000006a0 00000008H .CRT$XLZ                DATA
 0002:000006a8 00000008H .CRT$XPA                DATA
 0002:000006b0 00000010H .CRT$XPX                DATA
 0002:000006c0 00000008H .CRT$XPXA               DATA
 0002:000006c8 00000008H .CRT$XPZ                DATA
 0002:000006d0 00000008H .CRT$XTA                DATA
 0002:000006d8 00000008H .CRT$XTZ                DATA
 0002:000006e0 00000000H .gfids$x                DATA
 0002:000006e0 00000000H .gfids$y                DATA
 0002:000006e0 0000a070H .rdata                  DATA
 0002:0000a750 00000028H .rdata$T                DATA
 0002:0000a778 00000274H .rdata$r                DATA
 0002:0000a9ec 000003fcH .rdata$zzzdbg           DATA
 0002:0000ade8 00000008H .rtc$IAA                DATA
 0002:0000adf0 00000008H .rtc$IZZ                DATA
 0002:0000adf8 00000008H .rtc$TAA                DATA
 0002:0000ae00 00000008H .rtc$TZZ                DATA
 0002:0000ae08 00000004H .tls                    DATA
 0002:0000ae0c 00000004H .tls$                   DATA
 0002:0000ae10 00000008H .tls$ZZZ                DATA
 0002:0000ae18 00001650H .xdata                  DATA
 0002:0000c468 00000150H .xdata$x                DATA
 0002:0000c5b8 00000008H ATL$__a                 DATA
 0002:0000c5c0 00000010H ATL$__z                 DATA
 0002:0000c5d0 000000acH .edata                  DATA
 0002:0000c67c 00000078H .idata$2                DATA
 0002:0000c6f4 00000014H .idata$3                DATA
 0002:0000c708 00000620H .idata$4                DATA
 0002:0000cd28 00000c3aH .idata$6                DATA
 0003:00000000 00000c68H .data                   DATA
 0003:00000c68 000000c8H .data$r                 DATA
 0003:00000d30 000013d4H .bss                    DATA
 0004:00000000 00001e48H .pdata                  DATA
 0005:00000000 00000220H .rsrc$01                DATA
 0005:00000220 00003ab8H .rsrc$02                DATA

  Address         Publics by Value              Rva+Base               Lib:Object

 0000:00000000       __guard_fids_count         0000000000000000     <absolute>
 0000:00000000       __guard_longjmp_count      0000000000000000     <absolute>
 0000:00000000       __guard_longjmp_table      0000000000000000     <absolute>
 0000:00000000       __hybrid_code_map          0000000000000000     <absolute>
 0000:00000000       __guard_iat_count          0000000000000000     <absolute>
 0000:00000000       __guard_iat_table          0000000000000000     <absolute>
 0000:00000000       __volatile_metadata        0000000000000000     <absolute>
 0000:00000000       __hybrid_code_map_count    0000000000000000     <absolute>
 0000:00000000       __enclave_config           0000000000000000     <absolute>
 0000:00000000       ___safe_se_handler_count   0000000000000000     <absolute>
 0000:00000000       ___safe_se_handler_table   0000000000000000     <absolute>
 0000:00000000       __guard_fids_table         0000000000000000     <absolute>
 0000:00000000       __hybrid_auxiliary_iat     0000000000000000     <absolute>
 0000:00000000       __dynamic_value_reloc_table 0000000000000000     <absolute>
 0000:00000100       __guard_flags              0000000000000100     <absolute>
 0000:00000000       __ImageBase                0000000180000000     <linker-defined>
 0001:000000c0       ?DupWide@_CW@@AEAAXXZ      00000001800010c0 f   CWString.obj
 0001:000000e8       ?cw_dup@@YAXPEBDAEAHAEAPEA_W1@Z 00000001800010e8 f   CWString.obj
 0001:00000194       ?cw_memcpy@@YAHPEA_WPEBDH@Z 0000000180001194 f   CWString.obj
 0001:000001e0       ?cw_strcpy@@YAHPEA_WPEBD@Z 00000001800011e0 f   CWString.obj
 0001:000001f4       ??0CAtlComModule@ATL@@QEAA@XZ 00000001800011f4 f i OposVariant.obj
 0001:0000027c       ??0CAtlWinModule@ATL@@QEAA@XZ 000000018000127c f i OposVariant.obj
 0001:000002f4       ??0OposDispParms@@QEAA@PEAVOposVariant@@H@Z 00000001800012f4 f   OposVariant.obj
 0001:0000039c       ??1OposDispParms@@QEAA@XZ  000000018000139c f   OposVariant.obj
 0001:000003b4       ??_Estringdispid@CComTypeInfoHolder@ATL@@QEAAPEAXI@Z 00000001800013b4 f i OposVariant.obj
 0001:00000458       ?AtlWinModuleTerm@ATL@@YAJPEAU_ATL_WIN_MODULE70@1@PEAUHINSTANCE__@@@Z 0000000180001458 f i OposVariant.obj
 0001:00000508       ?ChangeBSTR@OposVariant@@QEAAXPEAPEA_WAEAJ@Z 0000000180001508 f   OposVariant.obj
 0001:00000568       ?ChangeLONG@OposVariant@@QEAAXPEAJAEAJ@Z 0000000180001568 f   OposVariant.obj
 0001:000005c4       ?GetLONG@OposVariant@@QEAAJXZ 00000001800015c4 f   OposVariant.obj
 0001:000005e8       ?SetBSTR@OposVariant@@QEAAXPEA_WAEAJ@Z 00000001800015e8 f   OposVariant.obj
 0001:00000628       ?SetBSTR_Copy@OposVariant@@QEAAXPEA_WAEAJ@Z 0000000180001628 f   OposVariant.obj
 0001:00000698       ?SetBSTR_InOutPtr@OposVariant@@QEAA_NPEAPEA_WAEAJ@Z 0000000180001698 f   OposVariant.obj
 0001:000006e8       ?SetDispatch_Ptr@OposVariant@@QEAAXPEAUIDispatch@@AEAJ@Z 00000001800016e8 f   OposVariant.obj
 0001:00000740       ?SetLONG@OposVariant@@QEAAXJ@Z 0000000180001740 f   OposVariant.obj
 0001:00000770       ?SetLONG_Ptr@OposVariant@@QEAAXPEAJAEAJ@Z 0000000180001770 f   OposVariant.obj
 0001:000007bc       ?SetString@OposVariant@@QEAAXPEB_WAEAJ@Z 00000001800017bc f   OposVariant.obj
 0001:00000820       ?SetVARIANT_BOOL@OposVariant@@QEAAXF@Z 0000000180001820 f   OposVariant.obj
 0001:00000858       ?Term@CAtlComModule@ATL@@QEAAXXZ 0000000180001858 f i OposVariant.obj
 0001:000008c8       ?_AtlInitializeCriticalSectionEx@ATL@@YAHPEAU_RTL_CRITICAL_SECTION@@KK@Z 00000001800018c8 f i OposVariant.obj
 0001:000008d0       ?_AtlRaiseException@ATL@@YAXKK@Z 00000001800018d0 f i OposVariant.obj
 0001:000008e0       ?AddRef@?$CComAggObject@VCOPOSPOSKeyboard@@@ATL@@UEAAKXZ 00000001800018e0 f i POSKeyboard.obj
 0001:000008ec       ?Release@?$CComAggObject@VCOPOSPOSKeyboard@@@ATL@@UEAAKXZ 00000001800018ec f i POSKeyboard.obj
 0001:00000940       ?QueryInterface@?$CComAggObject@VCOPOSPOSKeyboard@@@ATL@@UEAAJAEBU_GUID@@PEAPEAX@Z 0000000180001940 f i POSKeyboard.obj
 0001:000009a0       ?AddRef@?$CComContainedObject@VCOPOSPOSKeyboard@@@ATL@@UEAAKXZ 00000001800019a0 f i POSKeyboard.obj
 0001:000009b0       ?Release@?$CComContainedObject@VCOPOSPOSKeyboard@@@ATL@@UEAAKXZ 00000001800019b0 f i POSKeyboard.obj
 0001:000009c0       ?QueryInterface@?$CComContainedObject@VCOPOSPOSKeyboard@@@ATL@@UEAAJAEBU_GUID@@PEAPEAX@Z 00000001800019c0 f i POSKeyboard.obj
 0001:000009d0       ??_E?$CComAggObject@VCOPOSPOSKeyboard@@@ATL@@UEAAPEAXI@Z 00000001800019d0 f i POSKeyboard.obj
 0001:000009d0       ??_G?$CComAggObject@VCOPOSPOSKeyboard@@@ATL@@UEAAPEAXI@Z 00000001800019d0 f i POSKeyboard.obj
 0001:00000a28       ?AddRef@?$CComObject@VCOPOSPOSKeyboard@@@ATL@@UEAAKXZ 0000000180001a28 f i POSKeyboard.obj
 0001:00000a38       ?Release@?$CComObject@VCOPOSPOSKeyboard@@@ATL@@UEAAKXZ 0000000180001a38 f i POSKeyboard.obj
 0001:00000a90       ?QueryInterface@?$CComObject@VCOPOSPOSKeyboard@@@ATL@@UEAAJAEBU_GUID@@PEAPEAX@Z 0000000180001a90 f i POSKeyboard.obj
 0001:00000aa4       ?OnFinalMessage@?$CWindowImplBaseT@VCWindow@ATL@@V?$CWinTraits@$0FGAAAAAA@$0A@@2@@ATL@@UEAAXPEAUHWND__@@@Z 0000000180001aa4 f i POSKeyboard.obj
 0001:00000aa4       _guard_check_icall_nop     0000000180001aa4 f i LIBCMT:guard_support.obj
 0001:00000aa4       ?ObjectMain@CComObjectRootBase@ATL@@SAX_N@Z 0000000180001aa4 f i POSKeyboard.obj
 0001:00000aa8       ?ResizeBorder@?$IOleInPlaceActiveObjectImpl@VCOPOSPOSKeyboard@@@ATL@@UEAAJPEBUtagRECT@@PEAUIOleInPlaceUIWindow@@H@Z 0000000180001aa8 f i POSKeyboard.obj
 0001:00000aa8       ?IsUpToDate@?$IOleObjectImpl@VCOPOSPOSKeyboard@@@ATL@@UEAAJXZ 0000000180001aa8 f i POSKeyboard.obj
 0001:00000aa8       ?OnFrameWindowActivate@?$IOleInPlaceActiveObjectImpl@VCOPOSPOSKeyboard@@@ATL@@UEAAJH@Z 0000000180001aa8 f i POSKeyboard.obj
 0001:00000aa8       ?SaveCompleted@?$IPersistStorageImpl@VCOPOSPOSKeyboard@@@ATL@@UEAAJPEAUIStorage@@@Z 0000000180001aa8 f i POSKeyboard.obj
 0001:00000aa8       ?GetCategoryMap@CComObjectRootBase@ATL@@SAPEBU_ATL_CATMAP_ENTRY@2@XZ 0000000180001aa8 f i POSKeyboard.obj
 0001:00000aa8       ?EnableModeless@?$IOleInPlaceActiveObjectImpl@VCOPOSPOSKeyboard@@@ATL@@UEAAJH@Z 0000000180001aa8 f i POSKeyboard.obj
 0001:00000aa8       ?SetHostNames@?$IOleObjectImpl@VCOPOSPOSKeyboard@@@ATL@@UEAAJPEB_W0@Z 0000000180001aa8 f i POSKeyboard.obj
 0001:00000aa8       ?OnAmbientPropertyChange@?$IOleControlImpl@VCOPOSPOSKeyboard@@@ATL@@UEAAJJ@Z 0000000180001aa8 f i POSKeyboard.obj
 0001:00000aa8       ?HandsOffStorage@?$IPersistStorageImpl@VCOPOSPOSKeyboard@@@ATL@@UEAAJXZ 0000000180001aa8 f i POSKeyboard.obj
 0001:00000aa8       ?Update@?$IOleObjectImpl@VCOPOSPOSKeyboard@@@ATL@@UEAAJXZ 0000000180001aa8 f i POSKeyboard.obj
 0001:00000aa8       ?GetObjectDescription@?$CComCoClass@VCOPOSPOSKeyboard@@$1?CLSID_OPOSPOSKeyboard@@3U_GUID@@B@ATL@@SAPEB_WXZ 0000000180001aa8 f i POSKeyboard.obj
 0001:00000aa8       ?Release@CRegObject@ATL@@UEAAKXZ 0000000180001aa8 f i POSKeyboard.obj
 0001:00000aac       ?OnDrawAdvanced@CComControlBase@ATL@@UEAAJAEAUATL_DRAWINFO@@@Z 0000000180001aac f i POSKeyboard.obj
 0001:00000bcc       ?CreateInstance@CComClassFactory@ATL@@UEAAJPEAUIUnknown@@AEBU_GUID@@PEAPEAX@Z 0000000180001bcc f i POSKeyboard.obj
 0001:00000c2c       ?LockServer@CComClassFactory@ATL@@UEAAJH@Z 0000000180001c2c f i POSKeyboard.obj
 0001:00000c50       ??_ECComClassFactory@ATL@@UEAAPEAXI@Z 0000000180001c50 f i POSKeyboard.obj
 0001:00000c50       ??_GCComClassFactory@ATL@@UEAAPEAXI@Z 0000000180001c50 f i POSKeyboard.obj
 0001:00000ca0       ?Next@?$CComEnumImpl@UIEnumConnections@@$1?_GUID_b196b287_bab4_101a_b69c_00aa00341d07@@3U__s_GUID@@BUtagCONNECTDATA@@V?$_Copy@UtagCONNECTDATA@@@ATL@@@ATL@@UEAAJKPEAUtagCONNECTDATA@@PEAK@Z 0000000180001ca0 f i POSKeyboard.obj
 0001:00000d74       ?Skip@?$CComEnumImpl@UIEnumConnections@@$1?_GUID_b196b287_bab4_101a_b69c_00aa00341d07@@3U__s_GUID@@BUtagCONNECTDATA@@V?$_Copy@UtagCONNECTDATA@@@ATL@@@ATL@@UEAAJK@Z 0000000180001d74 f i POSKeyboard.obj
 0001:00000da0       ?Reset@?$CComEnumImpl@UIEnumConnections@@$1?_GUID_b196b287_bab4_101a_b69c_00aa00341d07@@3U__s_GUID@@BUtagCONNECTDATA@@V?$_Copy@UtagCONNECTDATA@@@ATL@@@ATL@@UEAAJXZ 0000000180001da0 f i POSKeyboard.obj
 0001:00000da0       ?Reset@?$CComEnumImpl@UIEnumConnectionPoints@@$1?_GUID_b196b285_bab4_101a_b69c_00aa00341d07@@3U__s_GUID@@BPEAUIConnectionPoint@@V?$_CopyInterface@UIConnectionPoint@@@ATL@@@ATL@@UEAAJXZ 0000000180001da0 f i POSKeyboard.obj
 0001:00000dac       ?Clone@?$CComEnumImpl@UIEnumConnections@@$1?_GUID_b196b287_bab4_101a_b69c_00aa00341d07@@3U__s_GUID@@BUtagCONNECTDATA@@V?$_Copy@UtagCONNECTDATA@@@ATL@@@ATL@@UEAAJPEAPEAUIEnumConnections@@@Z 0000000180001dac f i POSKeyboard.obj
 0001:00000ed4       ?AddRef@?$CComObject@V?$CComEnum@UIEnumConnectionPoints@@$1?_GUID_b196b285_bab4_101a_b69c_00aa00341d07@@3U__s_GUID@@BPEAUIConnectionPoint@@V?$_CopyInterface@UIConnectionPoint@@@ATL@@VCComSingleThreadModel@6@@ATL@@@ATL@@UEAAKXZ 0000000180001ed4 f i POSKeyboard.obj
 0001:00000ed4       ?AddRef@?$CComObject@V?$CComEnum@UIEnumConnections@@$1?_GUID_b196b287_bab4_101a_b69c_00aa00341d07@@3U__s_GUID@@BUtagCONNECTDATA@@V?$_Copy@UtagCONNECTDATA@@@ATL@@VCComSingleThreadModel@6@@ATL@@@ATL@@UEAAKXZ 0000000180001ed4 f i POSKeyboard.obj
 0001:00000ee0       ?Release@?$CComObject@V?$CComEnum@UIEnumConnections@@$1?_GUID_b196b287_bab4_101a_b69c_00aa00341d07@@3U__s_GUID@@BUtagCONNECTDATA@@V?$_Copy@UtagCONNECTDATA@@@ATL@@VCComSingleThreadModel@6@@ATL@@@ATL@@UEAAKXZ 0000000180001ee0 f i POSKeyboard.obj
 0001:00000ee0       ?Release@?$CComObject@V?$CComEnum@UIEnumConnectionPoints@@$1?_GUID_b196b285_bab4_101a_b69c_00aa00341d07@@3U__s_GUID@@BPEAUIConnectionPoint@@V?$_CopyInterface@UIConnectionPoint@@@ATL@@VCComSingleThreadModel@6@@ATL@@@ATL@@UEAAKXZ 0000000180001ee0 f i POSKeyboard.obj
 0001:00000f34       ?QueryInterface@?$CComObject@V?$CComEnum@UIEnumConnections@@$1?_GUID_b196b287_bab4_101a_b69c_00aa00341d07@@3U__s_GUID@@BUtagCONNECTDATA@@V?$_Copy@UtagCONNECTDATA@@@ATL@@VCComSingleThreadModel@6@@ATL@@@ATL@@UEAAJAEBU_GUID@@PEAPEAX@Z 0000000180001f34 f i POSKeyboard.obj
 0001:00000f48       ??_E?$CComObject@V?$CComEnum@UIEnumConnections@@$1?_GUID_b196b287_bab4_101a_b69c_00aa00341d07@@3U__s_GUID@@BUtagCONNECTDATA@@V?$_Copy@UtagCONNECTDATA@@@ATL@@VCComSingleThreadModel@6@@ATL@@@ATL@@UEAAPEAXI@Z 0000000180001f48 f i POSKeyboard.obj
 0001:00000f48       ??_G?$CComObject@V?$CComEnum@UIEnumConnections@@$1?_GUID_b196b287_bab4_101a_b69c_00aa00341d07@@3U__s_GUID@@BUtagCONNECTDATA@@V?$_Copy@UtagCONNECTDATA@@@ATL@@VCComSingleThreadModel@6@@ATL@@@ATL@@UEAAPEAXI@Z 0000000180001f48 f i POSKeyboard.obj
 0001:00000fa0       ??_E?$CComObject@VCOPOSPOSKeyboard@@@ATL@@W7EAAPEAXI@Z 0000000180001fa0 f i POSKeyboard.obj
 0001:00000fac       ??_E?$CComObject@VCOPOSPOSKeyboard@@@ATL@@WHA@EAAPEAXI@Z 0000000180001fac f i POSKeyboard.obj
 0001:00000fb8       ?QueryInterface@?$CComObject@VCOPOSPOSKeyboard@@@ATL@@WLI@EAAJAEBU_GUID@@PEAPEAX@Z 0000000180001fb8 f i POSKeyboard.obj
 0001:00000fc4       ?AddRef@?$CComObject@VCOPOSPOSKeyboard@@@ATL@@WLI@EAAKXZ 0000000180001fc4 f i POSKeyboard.obj
 0001:00000fd0       ?Release@?$CComObject@VCOPOSPOSKeyboard@@@ATL@@WLI@EAAKXZ 0000000180001fd0 f i POSKeyboard.obj
 0001:00000fdc       ?QueryInterface@?$CComObject@VCOPOSPOSKeyboard@@@ATL@@WMA@EAAJAEBU_GUID@@PEAPEAX@Z 0000000180001fdc f i POSKeyboard.obj
 0001:00000fe8       ?AddRef@?$CComObject@VCOPOSPOSKeyboard@@@ATL@@WMA@EAAKXZ 0000000180001fe8 f i POSKeyboard.obj
 0001:00000ff4       ?Release@?$CComObject@VCOPOSPOSKeyboard@@@ATL@@WMA@EAAKXZ 0000000180001ff4 f i POSKeyboard.obj
 0001:00001000       ?QueryInterface@?$CComObject@VCOPOSPOSKeyboard@@@ATL@@WMI@EAAJAEBU_GUID@@PEAPEAX@Z 0000000180002000 f i POSKeyboard.obj
 0001:0000100c       ?AddRef@?$CComObject@VCOPOSPOSKeyboard@@@ATL@@WMI@EAAKXZ 000000018000200c f i POSKeyboard.obj
 0001:00001018       ?Release@?$CComObject@VCOPOSPOSKeyboard@@@ATL@@WMI@EAAKXZ 0000000180002018 f i POSKeyboard.obj
 0001:00001024       ?QueryInterface@?$CComObject@VCOPOSPOSKeyboard@@@ATL@@WNA@EAAJAEBU_GUID@@PEAPEAX@Z 0000000180002024 f i POSKeyboard.obj
 0001:00001030       ?AddRef@?$CComObject@VCOPOSPOSKeyboard@@@ATL@@WNA@EAAKXZ 0000000180002030 f i POSKeyboard.obj
 0001:0000103c       ?Release@?$CComObject@VCOPOSPOSKeyboard@@@ATL@@WNA@EAAKXZ 000000018000203c f i POSKeyboard.obj
 0001:00001048       ?QueryInterface@?$CComObject@VCOPOSPOSKeyboard@@@ATL@@WNI@EAAJAEBU_GUID@@PEAPEAX@Z 0000000180002048 f i POSKeyboard.obj
 0001:00001054       ?AddRef@?$CComObject@VCOPOSPOSKeyboard@@@ATL@@WNI@EAAKXZ 0000000180002054 f i POSKeyboard.obj
 0001:00001060       ?Release@?$CComObject@VCOPOSPOSKeyboard@@@ATL@@WNI@EAAKXZ 0000000180002060 f i POSKeyboard.obj
 0001:0000106c       ?QueryInterface@?$CComObject@VCOPOSPOSKeyboard@@@ATL@@WOA@EAAJAEBU_GUID@@PEAPEAX@Z 000000018000206c f i POSKeyboard.obj
 0001:00001078       ?AddRef@?$CComObject@VCOPOSPOSKeyboard@@@ATL@@WOA@EAAKXZ 0000000180002078 f i POSKeyboard.obj
 0001:00001084       ?Release@?$CComObject@VCOPOSPOSKeyboard@@@ATL@@WOA@EAAKXZ 0000000180002084 f i POSKeyboard.obj
 0001:00001090       ?QueryInterface@?$CComObject@VCOPOSPOSKeyboard@@@ATL@@WOI@EAAJAEBU_GUID@@PEAPEAX@Z 0000000180002090 f i POSKeyboard.obj
 0001:0000109c       ?AddRef@?$CComObject@VCOPOSPOSKeyboard@@@ATL@@WOI@EAAKXZ 000000018000209c f i POSKeyboard.obj
 0001:000010a8       ?Release@?$CComObject@VCOPOSPOSKeyboard@@@ATL@@WOI@EAAKXZ 00000001800020a8 f i POSKeyboard.obj
 0001:000010b4       ?QueryInterface@?$CComObject@VCOPOSPOSKeyboard@@@ATL@@WPA@EAAJAEBU_GUID@@PEAPEAX@Z 00000001800020b4 f i POSKeyboard.obj
 0001:000010c0       ?AddRef@?$CComObject@VCOPOSPOSKeyboard@@@ATL@@WPA@EAAKXZ 00000001800020c0 f i POSKeyboard.obj
 0001:000010cc       ?Release@?$CComObject@VCOPOSPOSKeyboard@@@ATL@@WPA@EAAKXZ 00000001800020cc f i POSKeyboard.obj
 0001:000010d8       ?QueryInterface@?$CComObject@VCOPOSPOSKeyboard@@@ATL@@WPI@EAAJAEBU_GUID@@PEAPEAX@Z 00000001800020d8 f i POSKeyboard.obj
 0001:000010e4       ?AddRef@?$CComObject@VCOPOSPOSKeyboard@@@ATL@@WPI@EAAKXZ 00000001800020e4 f i POSKeyboard.obj
 0001:000010f0       ?Release@?$CComObject@VCOPOSPOSKeyboard@@@ATL@@WPI@EAAKXZ 00000001800020f0 f i POSKeyboard.obj
 0001:000010fc       ?QueryInterface@?$CComObject@VCOPOSPOSKeyboard@@@ATL@@WBAA@EAAJAEBU_GUID@@PEAPEAX@Z 00000001800020fc f i POSKeyboard.obj
 0001:00001108       ?AddRef@?$CComObject@VCOPOSPOSKeyboard@@@ATL@@WBAA@EAAKXZ 0000000180002108 f i POSKeyboard.obj
 0001:00001114       ?Release@?$CComObject@VCOPOSPOSKeyboard@@@ATL@@WBAA@EAAKXZ 0000000180002114 f i POSKeyboard.obj
 0001:00001120       ?QueryInterface@?$CComObject@VCOPOSPOSKeyboard@@@ATL@@WBAI@EAAJAEBU_GUID@@PEAPEAX@Z 0000000180002120 f i POSKeyboard.obj
 0001:0000112c       ?AddRef@?$CComObject@VCOPOSPOSKeyboard@@@ATL@@WBAI@EAAKXZ 000000018000212c f i POSKeyboard.obj
 0001:00001138       ?Release@?$CComObject@VCOPOSPOSKeyboard@@@ATL@@WBAI@EAAKXZ 0000000180002138 f i POSKeyboard.obj
 0001:00001144       ?QueryInterface@?$CComObject@VCOPOSPOSKeyboard@@@ATL@@WBBA@EAAJAEBU_GUID@@PEAPEAX@Z 0000000180002144 f i POSKeyboard.obj
 0001:00001150       ?AddRef@?$CComObject@VCOPOSPOSKeyboard@@@ATL@@WBBA@EAAKXZ 0000000180002150 f i POSKeyboard.obj
 0001:0000115c       ?Release@?$CComObject@VCOPOSPOSKeyboard@@@ATL@@WBBA@EAAKXZ 000000018000215c f i POSKeyboard.obj
 0001:00001168       ?QueryInterface@?$CComObject@VCOPOSPOSKeyboard@@@ATL@@WBBI@EAAJAEBU_GUID@@PEAPEAX@Z 0000000180002168 f i POSKeyboard.obj
 0001:00001174       ?AddRef@?$CComObject@VCOPOSPOSKeyboard@@@ATL@@WBBI@EAAKXZ 0000000180002174 f i POSKeyboard.obj
 0001:00001180       ?Release@?$CComObject@VCOPOSPOSKeyboard@@@ATL@@WBBI@EAAKXZ 0000000180002180 f i POSKeyboard.obj
 0001:0000118c       ?AddRef@?$CComObject@VCOPOSPOSKeyboard@@@ATL@@WBCI@EAAKXZ 000000018000218c f i POSKeyboard.obj
 0001:00001198       ?Release@?$CComObject@VCOPOSPOSKeyboard@@@ATL@@WBCI@EAAKXZ 0000000180002198 f i POSKeyboard.obj
 0001:000011a4       ?AddRef@?$CComObject@VCOPOSPOSKeyboard@@@ATL@@WBEA@EAAKXZ 00000001800021a4 f i POSKeyboard.obj
 0001:000011b0       ?Release@?$CComObject@VCOPOSPOSKeyboard@@@ATL@@WBEA@EAAKXZ 00000001800021b0 f i POSKeyboard.obj
 0001:000011bc       ??_E?$CComContainedObject@VCOPOSPOSKeyboard@@@ATL@@W7EAAPEAXI@Z 00000001800021bc f i POSKeyboard.obj
 0001:000011c8       ??_E?$CComContainedObject@VCOPOSPOSKeyboard@@@ATL@@WHA@EAAPEAXI@Z 00000001800021c8 f i POSKeyboard.obj
 0001:000011d4       ?QueryInterface@?$CComContainedObject@VCOPOSPOSKeyboard@@@ATL@@WLI@EAAJAEBU_GUID@@PEAPEAX@Z 00000001800021d4 f i POSKeyboard.obj
 0001:000011e0       ?AddRef@?$CComContainedObject@VCOPOSPOSKeyboard@@@ATL@@WLI@EAAKXZ 00000001800021e0 f i POSKeyboard.obj
 0001:000011ec       ?Release@?$CComContainedObject@VCOPOSPOSKeyboard@@@ATL@@WLI@EAAKXZ 00000001800021ec f i POSKeyboard.obj
 0001:000011f8       ?QueryInterface@?$CComContainedObject@VCOPOSPOSKeyboard@@@ATL@@WMA@EAAJAEBU_GUID@@PEAPEAX@Z 00000001800021f8 f i POSKeyboard.obj
 0001:00001204       ?AddRef@?$CComContainedObject@VCOPOSPOSKeyboard@@@ATL@@WMA@EAAKXZ 0000000180002204 f i POSKeyboard.obj
 0001:00001210       ?Release@?$CComContainedObject@VCOPOSPOSKeyboard@@@ATL@@WMA@EAAKXZ 0000000180002210 f i POSKeyboard.obj
 0001:0000121c       ?QueryInterface@?$CComContainedObject@VCOPOSPOSKeyboard@@@ATL@@WMI@EAAJAEBU_GUID@@PEAPEAX@Z 000000018000221c f i POSKeyboard.obj
 0001:00001228       ?AddRef@?$CComContainedObject@VCOPOSPOSKeyboard@@@ATL@@WMI@EAAKXZ 0000000180002228 f i POSKeyboard.obj
 0001:00001234       ?Release@?$CComContainedObject@VCOPOSPOSKeyboard@@@ATL@@WMI@EAAKXZ 0000000180002234 f i POSKeyboard.obj
 0001:00001240       ?QueryInterface@?$CComContainedObject@VCOPOSPOSKeyboard@@@ATL@@WNA@EAAJAEBU_GUID@@PEAPEAX@Z 0000000180002240 f i POSKeyboard.obj
 0001:0000124c       ?AddRef@?$CComContainedObject@VCOPOSPOSKeyboard@@@ATL@@WNA@EAAKXZ 000000018000224c f i POSKeyboard.obj
 0001:00001258       ?Release@?$CComContainedObject@VCOPOSPOSKeyboard@@@ATL@@WNA@EAAKXZ 0000000180002258 f i POSKeyboard.obj
 0001:00001264       ?QueryInterface@?$CComContainedObject@VCOPOSPOSKeyboard@@@ATL@@WNI@EAAJAEBU_GUID@@PEAPEAX@Z 0000000180002264 f i POSKeyboard.obj
 0001:00001270       ?AddRef@?$CComContainedObject@VCOPOSPOSKeyboard@@@ATL@@WNI@EAAKXZ 0000000180002270 f i POSKeyboard.obj
 0001:0000127c       ?Release@?$CComContainedObject@VCOPOSPOSKeyboard@@@ATL@@WNI@EAAKXZ 000000018000227c f i POSKeyboard.obj
 0001:00001288       ?QueryInterface@?$CComContainedObject@VCOPOSPOSKeyboard@@@ATL@@WOA@EAAJAEBU_GUID@@PEAPEAX@Z 0000000180002288 f i POSKeyboard.obj
 0001:00001294       ?AddRef@?$CComContainedObject@VCOPOSPOSKeyboard@@@ATL@@WOA@EAAKXZ 0000000180002294 f i POSKeyboard.obj
 0001:000012a0       ?Release@?$CComContainedObject@VCOPOSPOSKeyboard@@@ATL@@WOA@EAAKXZ 00000001800022a0 f i POSKeyboard.obj
 0001:000012ac       ?QueryInterface@?$CComContainedObject@VCOPOSPOSKeyboard@@@ATL@@WOI@EAAJAEBU_GUID@@PEAPEAX@Z 00000001800022ac f i POSKeyboard.obj
 0001:000012b8       ?AddRef@?$CComContainedObject@VCOPOSPOSKeyboard@@@ATL@@WOI@EAAKXZ 00000001800022b8 f i POSKeyboard.obj
 0001:000012c4       ?Release@?$CComContainedObject@VCOPOSPOSKeyboard@@@ATL@@WOI@EAAKXZ 00000001800022c4 f i POSKeyboard.obj
 0001:000012d0       ?QueryInterface@?$CComContainedObject@VCOPOSPOSKeyboard@@@ATL@@WPA@EAAJAEBU_GUID@@PEAPEAX@Z 00000001800022d0 f i POSKeyboard.obj
 0001:000012dc       ?AddRef@?$CComContainedObject@VCOPOSPOSKeyboard@@@ATL@@WPA@EAAKXZ 00000001800022dc f i POSKeyboard.obj
 0001:000012e8       ?Release@?$CComContainedObject@VCOPOSPOSKeyboard@@@ATL@@WPA@EAAKXZ 00000001800022e8 f i POSKeyboard.obj
 0001:000012f4       ?QueryInterface@?$CComContainedObject@VCOPOSPOSKeyboard@@@ATL@@WPI@EAAJAEBU_GUID@@PEAPEAX@Z 00000001800022f4 f i POSKeyboard.obj
 0001:00001300       ?AddRef@?$CComContainedObject@VCOPOSPOSKeyboard@@@ATL@@WPI@EAAKXZ 0000000180002300 f i POSKeyboard.obj
 0001:0000130c       ?Release@?$CComContainedObject@VCOPOSPOSKeyboard@@@ATL@@WPI@EAAKXZ 000000018000230c f i POSKeyboard.obj
 0001:00001318       ?QueryInterface@?$CComContainedObject@VCOPOSPOSKeyboard@@@ATL@@WBAA@EAAJAEBU_GUID@@PEAPEAX@Z 0000000180002318 f i POSKeyboard.obj
 0001:00001324       ?AddRef@?$CComContainedObject@VCOPOSPOSKeyboard@@@ATL@@WBAA@EAAKXZ 0000000180002324 f i POSKeyboard.obj
 0001:00001330       ?Release@?$CComContainedObject@VCOPOSPOSKeyboard@@@ATL@@WBAA@EAAKXZ 0000000180002330 f i POSKeyboard.obj
 0001:0000133c       ?QueryInterface@?$CComContainedObject@VCOPOSPOSKeyboard@@@ATL@@WBAI@EAAJAEBU_GUID@@PEAPEAX@Z 000000018000233c f i POSKeyboard.obj
 0001:00001348       ?AddRef@?$CComContainedObject@VCOPOSPOSKeyboard@@@ATL@@WBAI@EAAKXZ 0000000180002348 f i POSKeyboard.obj
 0001:00001354       ?Release@?$CComContainedObject@VCOPOSPOSKeyboard@@@ATL@@WBAI@EAAKXZ 0000000180002354 f i POSKeyboard.obj
 0001:00001360       ?QueryInterface@?$CComContainedObject@VCOPOSPOSKeyboard@@@ATL@@WBBA@EAAJAEBU_GUID@@PEAPEAX@Z 0000000180002360 f i POSKeyboard.obj
 0001:0000136c       ?AddRef@?$CComContainedObject@VCOPOSPOSKeyboard@@@ATL@@WBBA@EAAKXZ 000000018000236c f i POSKeyboard.obj
 0001:00001378       ?Release@?$CComContainedObject@VCOPOSPOSKeyboard@@@ATL@@WBBA@EAAKXZ 0000000180002378 f i POSKeyboard.obj
 0001:00001384       ?QueryInterface@?$CComContainedObject@VCOPOSPOSKeyboard@@@ATL@@WBBI@EAAJAEBU_GUID@@PEAPEAX@Z 0000000180002384 f i POSKeyboard.obj
 0001:00001390       ?AddRef@?$CComContainedObject@VCOPOSPOSKeyboard@@@ATL@@WBBI@EAAKXZ 0000000180002390 f i POSKeyboard.obj
 0001:0000139c       ?Release@?$CComContainedObject@VCOPOSPOSKeyboard@@@ATL@@WBBI@EAAKXZ 000000018000239c f i POSKeyboard.obj
 0001:000013a8       ?AddRef@?$CComContainedObject@VCOPOSPOSKeyboard@@@ATL@@WBCI@EAAKXZ 00000001800023a8 f i POSKeyboard.obj
 0001:000013b4       ?Release@?$CComContainedObject@VCOPOSPOSKeyboard@@@ATL@@WBCI@EAAKXZ 00000001800023b4 f i POSKeyboard.obj
 0001:000013c0       ?AddRef@?$CComContainedObject@VCOPOSPOSKeyboard@@@ATL@@WBEA@EAAKXZ 00000001800023c0 f i POSKeyboard.obj
 0001:000013cc       ?Release@?$CComContainedObject@VCOPOSPOSKeyboard@@@ATL@@WBEA@EAAKXZ 00000001800023cc f i POSKeyboard.obj
 0001:000013d8       ?Lock@CAtlModule@ATL@@UEAAJXZ 00000001800023d8 f i POSKeyboard.obj
 0001:000013e8       ?Unlock@CAtlModule@ATL@@UEAAJXZ 00000001800023e8 f i POSKeyboard.obj
 0001:000013f4       ?GetLockCount@CAtlModule@ATL@@UEAAJXZ 00000001800023f4 f i POSKeyboard.obj
 0001:000013f8       ?GetGITPtr@CAtlModule@ATL@@UEAAJPEAPEAUIGlobalInterfaceTable@@@Z 00000001800023f8 f i POSKeyboard.obj
 0001:00001468       ?AddCommonRGSReplacements@?$CAtlModuleT@VCComModule@ATL@@@ATL@@UEAAJPEAUIRegistrarBase@@@Z 0000000180002468 f i POSKeyboard.obj
 0001:00001480       ?GetWindowProc@?$CWindowImplBaseT@VCWindow@ATL@@V?$CWinTraits@$0FGAAAAAA@$0A@@2@@ATL@@UEAAP6A_JPEAUHWND__@@I_K_J@ZXZ 0000000180002480 f i POSKeyboard.obj
 0001:00001488       ?StartWindowProc@?$CWindowImplBaseT@VCWindow@ATL@@V?$CWinTraits@$0FGAAAAAA@$0A@@2@@ATL@@SA_JPEAUHWND__@@I_K_J@Z 0000000180002488 f i POSKeyboard.obj
 0001:0000154c       ?UpdateRegistryFromResourceD@CComModule@ATL@@UEAAJPEB_WHPEAU_ATL_REGMAP_ENTRY@2@@Z 000000018000254c f i POSKeyboard.obj
 0001:0000154c       ?UpdateRegistryFromResourceD@CComModule@ATL@@UEAAJIHPEAU_ATL_REGMAP_ENTRY@2@@Z 000000018000254c f i POSKeyboard.obj
 0001:00001554       ?UpdateRegistryFromResource@CComModule@ATL@@UEAAJPEB_WHPEAU_ATL_REGMAP_ENTRY@2@@Z 0000000180002554 f i POSKeyboard.obj
 0001:0000155c       ?UpdateRegistryFromResource@CComModule@ATL@@UEAAJIHPEAU_ATL_REGMAP_ENTRY@2@@Z 000000018000255c f i POSKeyboard.obj
 0001:00001564       ??_ECComModule@ATL@@UEAAPEAXI@Z 0000000180002564 f i POSKeyboard.obj
 0001:00001564       ??_GCComModule@ATL@@UEAAPEAXI@Z 0000000180002564 f i POSKeyboard.obj
 0001:000015e4       ?GetTypeInfoCount@?$IDispatchImpl@UIOPOSPOSKeyboard@@$1?IID_IOPOSPOSKeyboard@@3U_GUID@@B$1?LIBID_OposPOSKeyboard_CCO@@3U3@B$00$0A@VCComTypeInfoHolder@ATL@@@ATL@@UEAAJPEAI@Z 00000001800025e4 f i POSKeyboard.obj
 0001:000015f8       ?GetTypeInfo@?$IDispatchImpl@UIOPOSPOSKeyboard@@$1?IID_IOPOSPOSKeyboard@@3U_GUID@@B$1?LIBID_OposPOSKeyboard_CCO@@3U3@B$00$0A@VCComTypeInfoHolder@ATL@@@ATL@@UEAAJIKPEAPEAUITypeInfo@@@Z 00000001800025f8 f i POSKeyboard.obj
 0001:0000165c       ?GetIDsOfNames@?$IDispatchImpl@UIOPOSPOSKeyboard@@$1?IID_IOPOSPOSKeyboard@@3U_GUID@@B$1?LIBID_OposPOSKeyboard_CCO@@3U3@B$00$0A@VCComTypeInfoHolder@ATL@@@ATL@@UEAAJAEBU_GUID@@PEAPEA_WIKPEAJ@Z 000000018000265c f i POSKeyboard.obj
 0001:00001668       ?Invoke@?$IDispatchImpl@UIOPOSPOSKeyboard@@$1?IID_IOPOSPOSKeyboard@@3U_GUID@@B$1?LIBID_OposPOSKeyboard_CCO@@3U3@B$00$0A@VCComTypeInfoHolder@ATL@@@ATL@@UEAAJJAEBU_GUID@@KGPEAUtagDISPPARAMS@@PEAUtagVARIANT@@PEAUtagEXCEPINFO@@PEAI@Z 0000000180002668 f i POSKeyboard.obj
 0001:000016f8       ?CreateControlWindow@?$CComControl@VCOPOSPOSKeyboard@@V?$CWindowImpl@VCOPOSPOSKeyboard@@VCWindow@ATL@@V?$CWinTraits@$0FGAAAAAA@$0A@@3@@ATL@@@ATL@@UEAAPEAUHWND__@@PEAU3@AEAUtagRECT@@@Z 00000001800026f8 f i POSKeyboard.obj
 0001:00001730       ?ControlQueryInterface@?$CComControl@VCOPOSPOSKeyboard@@V?$CWindowImpl@VCOPOSPOSKeyboard@@VCWindow@ATL@@V?$CWinTraits@$0FGAAAAAA@$0A@@3@@ATL@@@ATL@@UEAAJAEBU_GUID@@PEAPEAX@Z 0000000180002730 f i POSKeyboard.obj
 0001:00001744       ?GetUserClassID@?$IOleObjectImpl@VCOPOSPOSKeyboard@@@ATL@@UEAAJPEAU_GUID@@@Z 0000000180002744 f i POSKeyboard.obj
 0001:00001744       ?GetClassID@?$IPersistStreamInitImpl@VCOPOSPOSKeyboard@@@ATL@@UEAAJPEAU_GUID@@@Z 0000000180002744 f i POSKeyboard.obj
 0001:00001744       ?GetClassID@?$IPersistStorageImpl@VCOPOSPOSKeyboard@@@ATL@@UEAAJPEAU_GUID@@@Z 0000000180002744 f i POSKeyboard.obj
 0001:00001760       ?IsDirty@?$IPersistStreamInitImpl@VCOPOSPOSKeyboard@@@ATL@@UEAAJXZ 0000000180002760 f i POSKeyboard.obj
 0001:0000177c       ?Load@?$IPersistStreamInitImpl@VCOPOSPOSKeyboard@@@ATL@@UEAAJPEAUIStream@@@Z 000000018000277c f i POSKeyboard.obj
 0001:000017cc       ?Save@?$IPersistStreamInitImpl@VCOPOSPOSKeyboard@@@ATL@@UEAAJPEAUIStream@@H@Z 00000001800027cc f i POSKeyboard.obj
 0001:00001830       ?GetSizeMax@?$IPersistStreamInitImpl@VCOPOSPOSKeyboard@@@ATL@@UEAAJPEAT_ULARGE_INTEGER@@@Z 0000000180002830 f i POSKeyboard.obj
 0001:00001a5c       ?InitNew@?$IPersistStreamInitImpl@VCOPOSPOSKeyboard@@@ATL@@UEAAJXZ 0000000180002a5c f i POSKeyboard.obj
 0001:00001a74       ?ContextSensitiveHelp@?$IOleInPlaceActiveObjectImpl@VCOPOSPOSKeyboard@@@ATL@@UEAAJH@Z 0000000180002a74 f i POSKeyboard.obj
 0001:00001a74       ?GetDropTarget@?$IOleInPlaceObjectWindowlessImpl@VCOPOSPOSKeyboard@@@ATL@@UEAAJPEAPEAUIDropTarget@@@Z 0000000180002a74 f i POSKeyboard.obj
 0001:00001a74       ?GetRect@?$IViewObjectExImpl@VCOPOSPOSKeyboard@@@ATL@@UEAAJKPEAU_RECTL@@@Z 0000000180002a74 f i POSKeyboard.obj
 0001:00001a74       ?SetData@?$IDataObjectImpl@VCOPOSPOSKeyboard@@@ATL@@UEAAJPEAUtagFORMATETC@@PEAUtagSTGMEDIUM@@H@Z 0000000180002a74 f i POSKeyboard.obj
 0001:00001a74       ?ReactivateAndUndo@?$IOleInPlaceObjectWindowlessImpl@VCOPOSPOSKeyboard@@@ATL@@UEAAJXZ 0000000180002a74 f i POSKeyboard.obj
 0001:00001a74       ?SetColorScheme@?$IOleObjectImpl@VCOPOSPOSKeyboard@@@ATL@@UEAAJPEAUtagLOGPALETTE@@@Z 0000000180002a74 f i POSKeyboard.obj
 0001:00001a74       ?ContextSensitiveHelp@?$IOleInPlaceObjectWindowlessImpl@VCOPOSPOSKeyboard@@@ATL@@UEAAJH@Z 0000000180002a74 f i POSKeyboard.obj
 0001:00001a74       ?GetDataHere@?$IDataObjectImpl@VCOPOSPOSKeyboard@@@ATL@@UEAAJPEAUtagFORMATETC@@PEAUtagSTGMEDIUM@@@Z 0000000180002a74 f i POSKeyboard.obj
 0001:00001a74       ?OnMnemonic@?$IOleControlImpl@VCOPOSPOSKeyboard@@@ATL@@UEAAJPEAUtagMSG@@@Z 0000000180002a74 f i POSKeyboard.obj
 0001:00001a74       ?GetColorSet@?$IViewObjectExImpl@VCOPOSPOSKeyboard@@@ATL@@UEAAJKJPEAXPEAUtagDVTARGETDEVICE@@PEAUHDC__@@PEAPEAUtagLOGPALETTE@@@Z 0000000180002a74 f i POSKeyboard.obj
 0001:00001a74       ?QueryInterface@CRegObject@ATL@@UEAAJAEBU_GUID@@PEAPEAX@Z 0000000180002a74 f i POSKeyboard.obj
 0001:00001a74       ?InitFromData@?$IOleObjectImpl@VCOPOSPOSKeyboard@@@ATL@@UEAAJPEAUIDataObject@@HK@Z 0000000180002a74 f i POSKeyboard.obj
 0001:00001a74       ?Unfreeze@?$IViewObjectExImpl@VCOPOSPOSKeyboard@@@ATL@@UEAAJK@Z 0000000180002a74 f i POSKeyboard.obj
 0001:00001a74       ?EnumFormatEtc@?$IDataObjectImpl@VCOPOSPOSKeyboard@@@ATL@@UEAAJKPEAPEAUIEnumFORMATETC@@@Z 0000000180002a74 f i POSKeyboard.obj
 0001:00001a74       ?GetClipboardData@?$IOleObjectImpl@VCOPOSPOSKeyboard@@@ATL@@UEAAJKPEAPEAUIDataObject@@@Z 0000000180002a74 f i POSKeyboard.obj
 0001:00001a74       ?GetControlInfo@?$IOleControlImpl@VCOPOSPOSKeyboard@@@ATL@@UEAAJPEAUtagCONTROLINFO@@@Z 0000000180002a74 f i POSKeyboard.obj
 0001:00001a74       ?SOOutputCompleteDummy@COPOSPOSKeyboard@@MEAAJJ@Z 0000000180002a74 f i POSKeyboard.obj
 0001:00001a74       ?QueryGetData@?$IDataObjectImpl@VCOPOSPOSKeyboard@@@ATL@@UEAAJPEAUtagFORMATETC@@@Z 0000000180002a74 f i POSKeyboard.obj
 0001:00001a74       ?Freeze@?$IViewObjectExImpl@VCOPOSPOSKeyboard@@@ATL@@UEAAJKJPEAXPEAK@Z 0000000180002a74 f i POSKeyboard.obj
 0001:00001a74       ?GetMoniker@?$IOleObjectImpl@VCOPOSPOSKeyboard@@@ATL@@UEAAJKKPEAPEAUIMoniker@@@Z 0000000180002a74 f i POSKeyboard.obj
 0001:00001a74       ?SetMoniker@?$IOleObjectImpl@VCOPOSPOSKeyboard@@@ATL@@UEAAJKPEAUIMoniker@@@Z 0000000180002a74 f i POSKeyboard.obj
 0001:00001a74       ?GetCanonicalFormatEtc@?$IDataObjectImpl@VCOPOSPOSKeyboard@@@ATL@@UEAAJPEAUtagFORMATETC@@0@Z 0000000180002a74 f i POSKeyboard.obj
 0001:00001a7c       ?SetClientSite@?$IOleObjectImpl@VCOPOSPOSKeyboard@@@ATL@@UEAAJPEAUIOleClientSite@@@Z 0000000180002a7c f i POSKeyboard.obj
 0001:00001a98       ?GetClientSite@?$IOleObjectImpl@VCOPOSPOSKeyboard@@@ATL@@UEAAJPEAPEAUIOleClientSite@@@Z 0000000180002a98 f i POSKeyboard.obj
 0001:00001ae0       ?Close@?$IOleObjectImpl@VCOPOSPOSKeyboard@@@ATL@@UEAAJK@Z 0000000180002ae0 f i POSKeyboard.obj
 0001:00001afc       ?DoVerb@?$IOleObjectImpl@VCOPOSPOSKeyboard@@@ATL@@UEAAJJPEAUtagMSG@@PEAUIOleClientSite@@JPEAUHWND__@@PEBUtagRECT@@@Z 0000000180002afc f i POSKeyboard.obj
 0001:00001ca0       ?EnumVerbs@?$IOleObjectImpl@VCOPOSPOSKeyboard@@@ATL@@UEAAJPEAPEAUIEnumOLEVERB@@@Z 0000000180002ca0 f i POSKeyboard.obj
 0001:00001cbc       ?GetUserType@?$IOleObjectImpl@VCOPOSPOSKeyboard@@@ATL@@UEAAJKPEAPEA_W@Z 0000000180002cbc f i POSKeyboard.obj
 0001:00001ccc       ?SetExtent@?$IOleObjectImpl@VCOPOSPOSKeyboard@@@ATL@@UEAAJKPEAUtagSIZE@@@Z 0000000180002ccc f i POSKeyboard.obj
 0001:00001ce8       ?GetExtent@?$IOleObjectImpl@VCOPOSPOSKeyboard@@@ATL@@UEAAJKPEAUtagSIZE@@@Z 0000000180002ce8 f i POSKeyboard.obj
 0001:00001d18       ?Advise@?$IOleObjectImpl@VCOPOSPOSKeyboard@@@ATL@@UEAAJPEAUIAdviseSink@@PEAK@Z 0000000180002d18 f i POSKeyboard.obj
 0001:00001d74       ?Unadvise@?$IOleObjectImpl@VCOPOSPOSKeyboard@@@ATL@@UEAAJK@Z 0000000180002d74 f i POSKeyboard.obj
 0001:00001dac       ?EnumAdvise@?$IOleObjectImpl@VCOPOSPOSKeyboard@@@ATL@@UEAAJPEAPEAUIEnumSTATDATA@@@Z 0000000180002dac f i POSKeyboard.obj
 0001:00001df4       ?GetMiscStatus@?$IOleObjectImpl@VCOPOSPOSKeyboard@@@ATL@@UEAAJKPEAK@Z 0000000180002df4 f i POSKeyboard.obj
 0001:00001e04       ?GetWindow@?$IOleInPlaceActiveObjectImpl@VCOPOSPOSKeyboard@@@ATL@@UEAAJPEAPEAUHWND__@@@Z 0000000180002e04 f i POSKeyboard.obj
 0001:00001e58       ?TranslateAcceleratorW@?$IOleInPlaceActiveObjectImpl@VCOPOSPOSKeyboard@@@ATL@@UEAAJPEAUtagMSG@@@Z 0000000180002e58 f i POSKeyboard.obj
 0001:00001f4c       ?OnDocWindowActivate@?$IOleInPlaceActiveObjectImpl@VCOPOSPOSKeyboard@@@ATL@@UEAAJH@Z 0000000180002f4c f i POSKeyboard.obj
 0001:00001f78       ?Draw@?$IViewObjectExImpl@VCOPOSPOSKeyboard@@@ATL@@UEAAJKJPEAXPEAUtagDVTARGETDEVICE@@PEAUHDC__@@2PEBU_RECTL@@3P6AH_K@Z4@Z 0000000180002f78 f i POSKeyboard.obj
 0001:00001fdc       ?SetAdvise@?$IViewObjectExImpl@VCOPOSPOSKeyboard@@@ATL@@UEAAJKKPEAUIAdviseSink@@@Z 0000000180002fdc f i POSKeyboard.obj
 0001:00002030       ?GetAdvise@?$IViewObjectExImpl@VCOPOSPOSKeyboard@@@ATL@@UEAAJPEAK0PEAPEAUIAdviseSink@@@Z 0000000180003030 f i POSKeyboard.obj
 0001:0000206c       ?GetExtent@?$IViewObjectExImpl@VCOPOSPOSKeyboard@@@ATL@@UEAAJKJPEAUtagDVTARGETDEVICE@@PEAUtagSIZE@@@Z 000000018000306c f i POSKeyboard.obj
 0001:0000209c       ?GetViewStatus@?$IViewObjectExImpl@VCOPOSPOSKeyboard@@@ATL@@UEAAJPEAK@Z 000000018000309c f i POSKeyboard.obj
 0001:000020b0       ?QueryHitPoint@?$IViewObjectExImpl@VCOPOSPOSKeyboard@@@ATL@@UEAAJKPEBUtagRECT@@UtagPOINT@@JPEAK@Z 00000001800030b0 f i POSKeyboard.obj
 0001:000020f4       ?QueryHitRect@?$IViewObjectExImpl@VCOPOSPOSKeyboard@@@ATL@@UEAAJKPEBUtagRECT@@0JPEAK@Z 00000001800030f4 f i POSKeyboard.obj
 0001:0000215c       ?GetNaturalExtent@?$IViewObjectExImpl@VCOPOSPOSKeyboard@@@ATL@@UEAAJKJPEAUtagDVTARGETDEVICE@@PEAUHDC__@@PEAUtagExtentInfo@@PEAUtagSIZE@@@Z 000000018000315c f i POSKeyboard.obj
 0001:000021a4       ?GetWindow@?$IOleInPlaceObjectWindowlessImpl@VCOPOSPOSKeyboard@@@ATL@@UEAAJPEAPEAUHWND__@@@Z 00000001800031a4 f i POSKeyboard.obj
 0001:000021f8       ?InPlaceDeactivate@?$IOleInPlaceObjectWindowlessImpl@VCOPOSPOSKeyboard@@@ATL@@UEAAJXZ 00000001800031f8 f i POSKeyboard.obj
 0001:00002214       ?UIDeactivate@?$IOleInPlaceObjectWindowlessImpl@VCOPOSPOSKeyboard@@@ATL@@UEAAJXZ 0000000180003214 f i POSKeyboard.obj
 0001:00002230       ?SetObjectRects@?$IOleInPlaceObjectWindowlessImpl@VCOPOSPOSKeyboard@@@ATL@@UEAAJPEBUtagRECT@@0@Z 0000000180003230 f i POSKeyboard.obj
 0001:0000224c       ?OnWindowMessage@?$IOleInPlaceObjectWindowlessImpl@VCOPOSPOSKeyboard@@@ATL@@UEAAJI_K_JPEA_J@Z 000000018000324c f i POSKeyboard.obj
 0001:00002314       ?EnumConnectionPoints@?$IConnectionPointContainerImpl@VCOPOSPOSKeyboard@@@ATL@@UEAAJPEAPEAUIEnumConnectionPoints@@@Z 0000000180003314 f i POSKeyboard.obj
 0001:0000255c       ?FindConnectionPoint@?$IConnectionPointContainerImpl@VCOPOSPOSKeyboard@@@ATL@@UEAAJAEBU_GUID@@PEAPEAUIConnectionPoint@@@Z 000000018000355c f i POSKeyboard.obj
 0001:0000262c       ?IsDirty@?$IPersistStorageImpl@VCOPOSPOSKeyboard@@@ATL@@UEAAJXZ 000000018000362c f i POSKeyboard.obj
 0001:00002670       ?InitNew@?$IPersistStorageImpl@VCOPOSPOSKeyboard@@@ATL@@UEAAJPEAUIStorage@@@Z 0000000180003670 f i POSKeyboard.obj
 0001:000026b4       ?Load@?$IPersistStorageImpl@VCOPOSPOSKeyboard@@@ATL@@UEAAJPEAUIStorage@@@Z 00000001800036b4 f i POSKeyboard.obj
 0001:00002754       ?Save@?$IPersistStorageImpl@VCOPOSPOSKeyboard@@@ATL@@UEAAJPEAUIStorage@@H@Z 0000000180003754 f i POSKeyboard.obj
 0001:00002804       ?GetPages@?$ISpecifyPropertyPagesImpl@VCOPOSPOSKeyboard@@@ATL@@UEAAJPEAUtagCAUUID@@@Z 0000000180003804 f i POSKeyboard.obj
 0001:00002810       ?QuickActivate@?$IQuickActivateImpl@VCOPOSPOSKeyboard@@@ATL@@UEAAJPEAUtagQACONTAINER@@PEAUtagQACONTROL@@@Z 0000000180003810 f i POSKeyboard.obj
 0001:0000282c       ?SetContentExtent@?$IQuickActivateImpl@VCOPOSPOSKeyboard@@@ATL@@UEAAJPEAUtagSIZE@@@Z 000000018000382c f i POSKeyboard.obj
 0001:00002860       ?GetContentExtent@?$IQuickActivateImpl@VCOPOSPOSKeyboard@@@ATL@@UEAAJPEAUtagSIZE@@@Z 0000000180003860 f i POSKeyboard.obj
 0001:00002898       ?GetData@?$IDataObjectImpl@VCOPOSPOSKeyboard@@@ATL@@UEAAJPEAUtagFORMATETC@@PEAUtagSTGMEDIUM@@@Z 0000000180003898 f i POSKeyboard.obj
 0001:000028b4       ?DAdvise@?$IDataObjectImpl@VCOPOSPOSKeyboard@@@ATL@@UEAAJPEAUtagFORMATETC@@KPEAUIAdviseSink@@PEAK@Z 00000001800038b4 f i POSKeyboard.obj
 0001:0000293c       ?DUnadvise@?$IDataObjectImpl@VCOPOSPOSKeyboard@@@ATL@@UEAAJK@Z 000000018000393c f i POSKeyboard.obj
 0001:00002968       ?EnumDAdvise@?$IDataObjectImpl@VCOPOSPOSKeyboard@@@ATL@@UEAAJPEAPEAUIEnumSTATDATA@@@Z 0000000180003968 f i POSKeyboard.obj
 0001:000029a4       ?GetClassInfoW@?$IProvideClassInfo2Impl@$1?CLSID_OPOSPOSKeyboard@@3U_GUID@@B$1?DIID__IOPOSPOSKeyboardEvents@@3U2@B$1?LIBID_OposPOSKeyboard_CCO@@3U2@B$00$0A@VCComTypeInfoHolder@ATL@@@ATL@@UEAAJPEAPEAUITypeInfo@@@Z 00000001800039a4 f i POSKeyboard.obj
 0001:000029fc       ?GetGUID@?$IProvideClassInfo2Impl@$1?CLSID_OPOSPOSKeyboard@@3U_GUID@@B$1?DIID__IOPOSPOSKeyboardEvents@@3U2@B$1?LIBID_OposPOSKeyboard_CCO@@3U2@B$00$0A@VCComTypeInfoHolder@ATL@@@ATL@@UEAAJKPEAU_GUID@@@Z 00000001800039fc f i POSKeyboard.obj
 0001:00002a30       _get_startup_argv_mode     0000000180003a30 f i LIBCMT:argv_mode.obj
 0001:00002a30       ?AddRef@CRegObject@ATL@@UEAAKXZ 0000000180003a30 f i POSKeyboard.obj
 0001:00002a30       ?FAccessAllowed@?$IObjectSafetyImpl@VCOPOSPOSKeyboard@@$02@ATL@@MEAAHXZ 0000000180003a30 f i POSKeyboard.obj
 0001:00002a38       ?GetInterfaceSafetyOptions@?$IObjectSafetyImpl@VCOPOSPOSKeyboard@@$02@ATL@@UEAAJAEBU_GUID@@PEAK1@Z 0000000180003a38 f i POSKeyboard.obj
 0001:00002acc       ?SetInterfaceSafetyOptions@?$IObjectSafetyImpl@VCOPOSPOSKeyboard@@$02@ATL@@UEAAJAEBU_GUID@@KK@Z 0000000180003acc f i POSKeyboard.obj
 0001:00002b70       ?_LocCPQueryInterface@?$IConnectionPointImpl@VCOPOSPOSKeyboard@@$1?DIID__IOPOSPOSKeyboardEvents@@3U_GUID@@BVCComDynamicUnkArray@ATL@@@ATL@@UEAAJAEBU_GUID@@PEAPEAX@Z 0000000180003b70 f i POSKeyboard.obj
 0001:00002b70       ?_LocCPQueryInterface@?$IConnectionPointImpl@VCOPOSPOSKeyboard@@$1?IID_IPropertyNotifySink@@3U_GUID@@BVCComDynamicUnkArray@ATL@@@ATL@@UEAAJAEBU_GUID@@PEAPEAX@Z 0000000180003b70 f i POSKeyboard.obj
 0001:00002be4       ?GetConnectionInterface@?$IConnectionPointImpl@VCOPOSPOSKeyboard@@$1?IID_IPropertyNotifySink@@3U_GUID@@BVCComDynamicUnkArray@ATL@@@ATL@@UEAAJPEAU_GUID@@@Z 0000000180003be4 f i POSKeyboard.obj
 0001:00002c00       ?GetConnectionPointContainer@?$IConnectionPointImpl@VCOPOSPOSKeyboard@@$1?IID_IPropertyNotifySink@@3U_GUID@@BVCComDynamicUnkArray@ATL@@@ATL@@UEAAJPEAPEAUIConnectionPointContainer@@@Z 0000000180003c00 f i POSKeyboard.obj
 0001:00002c20       ?Advise@?$IConnectionPointImpl@VCOPOSPOSKeyboard@@$1?DIID__IOPOSPOSKeyboardEvents@@3U_GUID@@BVCComDynamicUnkArray@ATL@@@ATL@@UEAAJPEAUIUnknown@@PEAK@Z 0000000180003c20 f i POSKeyboard.obj
 0001:00002c20       ?Advise@?$IConnectionPointImpl@VCOPOSPOSKeyboard@@$1?IID_IPropertyNotifySink@@3U_GUID@@BVCComDynamicUnkArray@ATL@@@ATL@@UEAAJPEAUIUnknown@@PEAK@Z 0000000180003c20 f i POSKeyboard.obj
 0001:00002ce0       ?Unadvise@?$IConnectionPointImpl@VCOPOSPOSKeyboard@@$1?DIID__IOPOSPOSKeyboardEvents@@3U_GUID@@BVCComDynamicUnkArray@ATL@@@ATL@@UEAAJK@Z 0000000180003ce0 f i POSKeyboard.obj
 0001:00002ce0       ?Unadvise@?$IConnectionPointImpl@VCOPOSPOSKeyboard@@$1?IID_IPropertyNotifySink@@3U_GUID@@BVCComDynamicUnkArray@ATL@@@ATL@@UEAAJK@Z 0000000180003ce0 f i POSKeyboard.obj
 0001:00002d5c       ?EnumConnections@?$IConnectionPointImpl@VCOPOSPOSKeyboard@@$1?IID_IPropertyNotifySink@@3U_GUID@@BVCComDynamicUnkArray@ATL@@@ATL@@UEAAJPEAPEAUIEnumConnections@@@Z 0000000180003d5c f i POSKeyboard.obj
 0001:00002d5c       ?EnumConnections@?$IConnectionPointImpl@VCOPOSPOSKeyboard@@$1?DIID__IOPOSPOSKeyboardEvents@@3U_GUID@@BVCComDynamicUnkArray@ATL@@@ATL@@UEAAJPEAPEAUIEnumConnections@@@Z 0000000180003d5c f i POSKeyboard.obj
 0001:00002f04       ?GetConnectionInterface@?$IConnectionPointImpl@VCOPOSPOSKeyboard@@$1?DIID__IOPOSPOSKeyboardEvents@@3U_GUID@@BVCComDynamicUnkArray@ATL@@@ATL@@UEAAJPEAU_GUID@@@Z 0000000180003f04 f i POSKeyboard.obj
 0001:00002f20       ?GetConnectionPointContainer@?$IConnectionPointImpl@VCOPOSPOSKeyboard@@$1?DIID__IOPOSPOSKeyboardEvents@@3U_GUID@@BVCComDynamicUnkArray@ATL@@@ATL@@UEAAJPEAPEAUIConnectionPointContainer@@@Z 0000000180003f20 f i POSKeyboard.obj
 0001:00002f40       ?UpdateRegistry@COPOSPOSKeyboard@@SAJH@Z 0000000180003f40 f i POSKeyboard.obj
 0001:00002f58       ?ProcessWindowMessage@COPOSPOSKeyboard@@UEAAHPEAUHWND__@@I_K_JAEA_JK@Z 0000000180003f58 f i POSKeyboard.obj
 0001:00002fe0       ?SOData@COPOSPOSKeyboard@@MEAAJJ@Z 0000000180003fe0 f i POSKeyboard.obj
 0001:00003030       ?SODirectIO@COPOSPOSKeyboard@@MEAAJJPEAJPEAPEA_W@Z 0000000180004030 f i POSKeyboard.obj
 0001:000030a8       ?SOError@COPOSPOSKeyboard@@MEAAJJJJPEAJ@Z 00000001800040a8 f i POSKeyboard.obj
 0001:00003130       ?SOStatusUpdate@COPOSPOSKeyboard@@MEAAJJ@Z 0000000180004130 f i POSKeyboard.obj
 0001:00003180       ?AddReplacement@CRegObject@ATL@@UEAAJPEB_W0@Z 0000000180004180 f i POSKeyboard.obj
 0001:000031b0       ?ClearReplacements@CRegObject@ATL@@UEAAJXZ 00000001800041b0 f i POSKeyboard.obj
 0001:000031bc       ??_GCRegObject@ATL@@UEAAPEAXI@Z 00000001800041bc f i POSKeyboard.obj
 0001:000031bc       ??_ECRegObject@ATL@@UEAAPEAXI@Z 00000001800041bc f i POSKeyboard.obj
 0001:0000323c       ?CreateInstance@?$CComCreator@V?$CComObjectCached@VCComClassFactory@ATL@@@ATL@@@ATL@@SAJPEAXAEBU_GUID@@PEAPEAX@Z 000000018000423c f i POSKeyboard.obj
 0001:00003340       ?CreateInstance@?$CComCreator2@V?$CComCreator@V?$CComObject@VCOPOSPOSKeyboard@@@ATL@@@ATL@@V?$CComCreator@V?$CComAggObject@VCOPOSPOSKeyboard@@@ATL@@@2@@ATL@@SAJPEAXAEBU_GUID@@PEAPEAX@Z 0000000180004340 f i POSKeyboard.obj
 0001:00003350       ?Next@?$CComEnumImpl@UIEnumConnectionPoints@@$1?_GUID_b196b285_bab4_101a_b69c_00aa00341d07@@3U__s_GUID@@BPEAUIConnectionPoint@@V?$_CopyInterface@UIConnectionPoint@@@ATL@@@ATL@@UEAAJKPEAPEAUIConnectionPoint@@PEAK@Z 0000000180004350 f i POSKeyboard.obj
 0001:0000341c       ?Skip@?$CComEnumImpl@UIEnumConnectionPoints@@$1?_GUID_b196b285_bab4_101a_b69c_00aa00341d07@@3U__s_GUID@@BPEAUIConnectionPoint@@V?$_CopyInterface@UIConnectionPoint@@@ATL@@@ATL@@UEAAJK@Z 000000018000441c f i POSKeyboard.obj
 0001:00003448       ?Clone@?$CComEnumImpl@UIEnumConnectionPoints@@$1?_GUID_b196b285_bab4_101a_b69c_00aa00341d07@@3U__s_GUID@@BPEAUIConnectionPoint@@V?$_CopyInterface@UIConnectionPoint@@@ATL@@@ATL@@UEAAJPEAPEAUIEnumConnectionPoints@@@Z 0000000180004448 f i POSKeyboard.obj
 0001:00003570       ?QueryInterface@?$CComObject@V?$CComEnum@UIEnumConnectionPoints@@$1?_GUID_b196b285_bab4_101a_b69c_00aa00341d07@@3U__s_GUID@@BPEAUIConnectionPoint@@V?$_CopyInterface@UIConnectionPoint@@@ATL@@VCComSingleThreadModel@6@@ATL@@@ATL@@UEAAJAEBU_GUID@@PEAPEAX@Z 0000000180004570 f i POSKeyboard.obj
 0001:00003584       ??_E?$CComObject@V?$CComEnum@UIEnumConnectionPoints@@$1?_GUID_b196b285_bab4_101a_b69c_00aa00341d07@@3U__s_GUID@@BPEAUIConnectionPoint@@V?$_CopyInterface@UIConnectionPoint@@@ATL@@VCComSingleThreadModel@6@@ATL@@@ATL@@UEAAPEAXI@Z 0000000180004584 f i POSKeyboard.obj
 0001:00003584       ??_G?$CComObject@V?$CComEnum@UIEnumConnectionPoints@@$1?_GUID_b196b285_bab4_101a_b69c_00aa00341d07@@3U__s_GUID@@BPEAUIConnectionPoint@@V?$_CopyInterface@UIConnectionPoint@@@ATL@@VCComSingleThreadModel@6@@ATL@@@ATL@@UEAAPEAXI@Z 0000000180004584 f i POSKeyboard.obj
 0001:000035dc       ?AddRef@?$CComObjectCached@VCComClassFactory@ATL@@@ATL@@UEAAKXZ 00000001800045dc f i POSKeyboard.obj
 0001:00003608       ?Release@?$CComObjectCached@VCComClassFactory@ATL@@@ATL@@UEAAKXZ 0000000180004608 f i POSKeyboard.obj
 0001:00003648       ?QueryInterface@?$CComObjectCached@VCComClassFactory@ATL@@@ATL@@UEAAJAEBU_GUID@@PEAPEAX@Z 0000000180004648 f i POSKeyboard.obj
 0001:0000365c       ??_E?$CComObjectCached@VCComClassFactory@ATL@@@ATL@@UEAAPEAXI@Z 000000018000465c f i POSKeyboard.obj
 0001:0000365c       ??_G?$CComObjectCached@VCComClassFactory@ATL@@@ATL@@UEAAPEAXI@Z 000000018000465c f i POSKeyboard.obj
 0001:000036b4       ??$AtlModuleRegisterWndClassInfoT@VAtlModuleRegisterWndClassInfoParamW@ATL@@@ATL@@YAGPEAU_ATL_BASE_MODULE70@0@PEAU_ATL_WIN_MODULE70@0@PEAU_ATL_WNDCLASSINFOW@0@PEAP6A_JPEAUHWND__@@I_K_J@ZVAtlModuleRegisterWndClassInfoParamW@0@@Z 00000001800046b4 f i POSKeyboard.obj
 0001:000038b4       ??0?$CComContainedObject@VCOPOSPOSKeyboard@@@ATL@@QEAA@PEAX@Z 00000001800048b4 f i POSKeyboard.obj
 0001:000039d0       ??0?$CComObject@VCOPOSPOSKeyboard@@@ATL@@QEAA@PEAX@Z 00000001800049d0 f i POSKeyboard.obj
 0001:00003ae8       ??0CAtlModule@ATL@@QEAA@XZ 0000000180004ae8 f i POSKeyboard.obj
 0001:00003b68       ??1?$CComEnumImpl@UIEnumConnectionPoints@@$1?_GUID_b196b285_bab4_101a_b69c_00aa00341d07@@3U__s_GUID@@BPEAUIConnectionPoint@@V?$_CopyInterface@UIConnectionPoint@@@ATL@@@ATL@@UEAA@XZ 0000000180004b68 f i POSKeyboard.obj
 0001:00003bc4       ??1?$CComEnumImpl@UIEnumConnections@@$1?_GUID_b196b287_bab4_101a_b69c_00aa00341d07@@3U__s_GUID@@BUtagCONNECTDATA@@V?$_Copy@UtagCONNECTDATA@@@ATL@@@ATL@@UEAA@XZ 0000000180004bc4 f i POSKeyboard.obj
 0001:00003c20       ??1?$CComObject@VCOPOSPOSKeyboard@@@ATL@@UEAA@XZ 0000000180004c20 f i POSKeyboard.obj
 0001:00003d40       ??_G?$CComContainedObject@VCOPOSPOSKeyboard@@@ATL@@UEAAPEAXI@Z 0000000180004d40 f i POSKeyboard.obj
 0001:00003d40       ??_E?$CComContainedObject@VCOPOSPOSKeyboard@@@ATL@@UEAAPEAXI@Z 0000000180004d40 f i POSKeyboard.obj
 0001:00003d74       ??_G?$CComObject@VCOPOSPOSKeyboard@@@ATL@@UEAAPEAXI@Z 0000000180004d74 f i POSKeyboard.obj
 0001:00003d74       ??_E?$CComObject@VCOPOSPOSKeyboard@@@ATL@@UEAAPEAXI@Z 0000000180004d74 f i POSKeyboard.obj
 0001:00003da8       ?Add@?$CSimpleArray@GV?$CSimpleArrayEqualHelper@G@ATL@@@ATL@@QEAAHAEBG@Z 0000000180004da8 f i POSKeyboard.obj
 0001:00003e5c       ?Add@?$CSimpleMap@PEA_WPEA_WVCExpansionVectorEqualHelper@ATL@@@ATL@@QEAAHAEBQEA_W0@Z 0000000180004e5c f i POSKeyboard.obj
 0001:00003efc       ?Add@CComDynamicUnkArray@ATL@@QEAAKPEAUIUnknown@@@Z 0000000180004efc f i POSKeyboard.obj
 0001:00003ff4       ?Add@CExpansionVector@ATL@@QEAAHPEB_W0@Z 0000000180004ff4 f i POSKeyboard.obj
 0001:00004184       ?AddValue@CRegParser@ATL@@IEAAJAEAVCRegKey@2@PEB_WPEA_W@Z 0000000180005184 f i POSKeyboard.obj
 0001:000045cc       ?AllocateHeap@?$CTempBuffer@_W$0EAA@VCCRTAllocator@ATL@@@ATL@@AEAAX_K@Z 00000001800055cc f i POSKeyboard.obj
 0001:000045cc       ?AllocateHeap@?$CTempBuffer@E$0BAA@VCCRTAllocator@ATL@@@ATL@@AEAAX_K@Z 00000001800055cc f i POSKeyboard.obj
 0001:000045cc       ?AllocateHeap@?$CTempBuffer@_W$0BAA@VCCRTAllocator@ATL@@@ATL@@AEAAX_K@Z 00000001800055cc f i POSKeyboard.obj
 0001:000045f8       ?Append@CParseBuffer@CRegParser@ATL@@QEAAHPEB_WH@Z 00000001800055f8 f i POSKeyboard.obj
 0001:00004710       ?AtlCallTermFunc@ATL@@YAXPEAU_ATL_MODULE70@1@@Z 0000000180005710 f i POSKeyboard.obj
 0001:00004774       ?AtlComModuleGetClassObject@ATL@@YAJPEAU_ATL_COM_MODULE70@1@AEBU_GUID@@1PEAPEAX@Z 0000000180005774 f i POSKeyboard.obj
 0001:000048b4       ?AtlComModuleRegisterServer@ATL@@YAJPEAU_ATL_COM_MODULE70@1@HPEBU_GUID@@@Z 00000001800058b4 f i POSKeyboard.obj
 0001:00004974       ?AtlComModuleUnregisterServer@ATL@@YAJPEAU_ATL_COM_MODULE70@1@HPEBU_GUID@@@Z 0000000180005974 f i POSKeyboard.obj
 0001:00004a30       ?AtlCreateTargetDC@ATL@@YAPEAUHDC__@@PEAU2@PEAUtagDVTARGETDEVICE@@@Z 0000000180005a30 f i POSKeyboard.obj
 0001:00004aa4       ?AtlHiMetricToPixel@ATL@@YAXPEBUtagSIZE@@PEAU2@@Z 0000000180005aa4 f i POSKeyboard.obj
 0001:00004b54       ?AtlHresultFromLastError@ATL@@YAJXZ 0000000180005b54 f i POSKeyboard.obj
 0001:00004b74       ?AtlHresultFromWin32@ATL@@YAJK@Z 0000000180005b74 f i POSKeyboard.obj
 0001:00004b84       ?AtlIPersistStreamInit_Load@ATL@@YAJPEAUIStream@@PEBUATL_PROPMAP_ENTRY@1@PEAXPEAUIUnknown@@@Z 0000000180005b84 f i POSKeyboard.obj
 0001:00004dbc       ?AtlIPersistStreamInit_Save@ATL@@YAJPEAUIStream@@HPEBUATL_PROPMAP_ENTRY@1@PEAXPEAUIUnknown@@@Z 0000000180005dbc f i POSKeyboard.obj
 0001:00004ff8       ?AtlInternalOleLoadFromStream@ATL@@YAJPEAUIStream@@AEBU_GUID@@PEAPEAXTClassesAllowedInStream@1@K@Z 0000000180005ff8 f i POSKeyboard.obj
 0001:0000513c       ?AtlInternalQueryInterface@ATL@@YAJPEAXPEBU_ATL_INTMAP_ENTRY@1@AEBU_GUID@@PEAPEAX@Z 000000018000613c f i POSKeyboard.obj
 0001:00005244       ?AtlLoadTypeLib@ATL@@YAJPEAUHINSTANCE__@@PEB_WPEAPEA_WPEAPEAUITypeLib@@@Z 0000000180006244 f i POSKeyboard.obj
 0001:000054a0       ?AtlModuleAddTermFunc@ATL@@YAJPEAU_ATL_MODULE70@1@P6AX_K@Z1@Z 00000001800064a0 f i POSKeyboard.obj
 0001:00005534       ?AtlRegisterClassCategoriesHelper@ATL@@YAJAEBU_GUID@@PEBU_ATL_CATMAP_ENTRY@1@H@Z 0000000180006534 f i POSKeyboard.obj
 0001:0000599c       ?AtlRegisterTypeLib@ATL@@YAJPEAUHINSTANCE__@@PEB_W@Z 000000018000699c f i POSKeyboard.obj
 0001:00005b98       ?AtlThrowImpl@ATL@@YAXJ@Z  0000000180006b98 f i POSKeyboard.obj
 0001:00005bbc       ?AtlUnRegisterTypeLib@ATL@@YAJPEAUHINSTANCE__@@PEB_W@Z 0000000180006bbc f i POSKeyboard.obj
 0001:00005c84       ?AtlWinModuleExtractCreateWndData@ATL@@YAPEAXPEAU_ATL_WIN_MODULE70@1@@Z 0000000180006c84 f i POSKeyboard.obj
 0001:00005d10       ?Cleanup@CComTypeInfoHolder@ATL@@SAX_K@Z 0000000180006d10 f i POSKeyboard.obj
 0001:00005d50       ?ClearReplacements@CExpansionVector@ATL@@QEAAJXZ 0000000180006d50 f i POSKeyboard.obj
 0001:00005dec       ?CreateInstance@?$CComCreator@V?$CComAggObject@VCOPOSPOSKeyboard@@@ATL@@@ATL@@SAJPEAXAEBU_GUID@@PEAPEAX@Z 0000000180006dec f i POSKeyboard.obj
 0001:00005ec4       ?CreateInstance@?$CComCreator@V?$CComObject@VCOPOSPOSKeyboard@@@ATL@@@ATL@@SAJPEAXAEBU_GUID@@PEAPEAX@Z 0000000180006ec4 f i POSKeyboard.obj
 0001:00005f7c       ?CreateInstance@?$CComObject@V?$CComEnum@UIEnumConnectionPoints@@$1?_GUID_b196b285_bab4_101a_b69c_00aa00341d07@@3U__s_GUID@@BPEAUIConnectionPoint@@V?$_CopyInterface@UIConnectionPoint@@@ATL@@VCComSingleThreadModel@6@@ATL@@@ATL@@SAJPEAPEAV12@@Z 0000000180006f7c f i POSKeyboard.obj
 0001:00006008       ?CreateInstance@?$CComObject@V?$CComEnum@UIEnumConnections@@$1?_GUID_b196b287_bab4_101a_b69c_00aa00341d07@@3U__s_GUID@@BUtagCONNECTDATA@@V?$_Copy@UtagCONNECTDATA@@@ATL@@VCComSingleThreadModel@6@@ATL@@@ATL@@SAJPEAPEAV12@@Z 0000000180007008 f i POSKeyboard.obj
 0001:00006094       ?DefaultReflectionHandler@?$CWindowImplRoot@VCWindow@ATL@@@ATL@@SAHPEAUHWND__@@I_K_JAEA_J@Z 0000000180007094 f i POSKeyboard.obj
 0001:000060f8       ?DeleteSubKey@CRegKey@ATL@@QEAAJPEB_W@Z 00000001800070f8 f i POSKeyboard.obj
 0001:00006190       ?DoEvent@COPOSPOSKeyboard@@IEAAXI_K_J@Z 0000000180007190 f i POSKeyboard.obj
 0001:00006244       ?DoVerbPrimary@?$IOleObjectImpl@VCOPOSPOSKeyboard@@@ATL@@QEAAJPEBUtagRECT@@PEAUHWND__@@@Z 0000000180007244 f i POSKeyboard.obj
 0001:0000636c       ?DoVerbProperties@CComControlBase@ATL@@QEAAJPEBUtagRECT@@PEAUHWND__@@@Z 000000018000736c f i POSKeyboard.obj
 0001:00006594       ?FireTheEvent@?$CProxy_IOPOSEvents@VCOPOSPOSKeyboard@@@@IEAAXPEAVOposVariant@@IAEAJPEB_WJ@Z 0000000180007594 f i POSKeyboard.obj
 0001:00006680       ?FireViewChange@CComControlBase@ATL@@QEAAJXZ 0000000180007680 f i POSKeyboard.obj
 0001:000066e4       ?Fire_DataEvent@?$CProxy_IOPOSEvents@VCOPOSPOSKeyboard@@@@QEAAXJ@Z 00000001800076e4 f i POSKeyboard.obj
 0001:000067d0       ?Fire_DirectIOEvent@?$CProxy_IOPOSEvents@VCOPOSPOSKeyboard@@@@QEAAXJPEAJPEAPEA_W@Z 00000001800077d0 f i POSKeyboard.obj
 0001:00006928       ?Fire_ErrorEvent@?$CProxy_IOPOSEvents@VCOPOSPOSKeyboard@@@@QEAAXJJJPEAJ@Z 0000000180007928 f i POSKeyboard.obj
 0001:00006a90       ?Fire_StatusUpdateEvent@?$CProxy_IOPOSEvents@VCOPOSPOSKeyboard@@@@QEAAXJ@Z 0000000180007a90 f i POSKeyboard.obj
 0001:00006b7c       ?FreeHeap@?$CTempBuffer@_W$0EAA@VCCRTAllocator@ATL@@@ATL@@AEAAXXZ 0000000180007b7c f i POSKeyboard.obj
 0001:00006b7c       ?FreeHeap@?$CTempBuffer@E$0BAA@VCCRTAllocator@ATL@@@ATL@@AEAAXXZ 0000000180007b7c f i POSKeyboard.obj
 0001:00006b7c       ?FreeHeap@?$CTempBuffer@_W$0BAA@VCCRTAllocator@ATL@@@ATL@@AEAAXXZ 0000000180007b7c f i POSKeyboard.obj
 0001:00006b84       ?GetAmbientLocaleID@CComControlBase@ATL@@QEAAJAEAK@Z 0000000180007b84 f i POSKeyboard.obj
 0001:00006c44       ?GetAmbientUserMode@CComControlBase@ATL@@QEAAJAEAH@Z 0000000180007c44 f i POSKeyboard.obj
 0001:00006d18       ?GetClassObject@CComModule@ATL@@QEAAJAEBU_GUID@@0PEAPEAX@Z 0000000180007d18 f i POSKeyboard.obj
 0001:00006e0c       ?GetConnMap@COPOSPOSKeyboard@@SAPEBU_ATL_CONNMAP_ENTRY@ATL@@PEAH@Z 0000000180007e0c f i POSKeyboard.obj
 0001:00006e94       ?GetIDsOfNames@CComTypeInfoHolder@ATL@@QEAAJAEBU_GUID@@PEAPEA_WIKPEAJ@Z 0000000180007e94 f i POSKeyboard.obj
 0001:0000700c       ?GetPagesHelper@?$ISpecifyPropertyPagesImpl@VCOPOSPOSKeyboard@@@ATL@@IEAAJPEAUtagCAUUID@@PEBUATL_PROPMAP_ENTRY@2@@Z 000000018000800c f i POSKeyboard.obj
 0001:000071ac       ?GetSizeMax@CComVariant@ATL@@QEBAJPEAT_ULARGE_INTEGER@@@Z 00000001800081ac f i POSKeyboard.obj
 0001:000073e0       ?GetTI@CComTypeInfoHolder@ATL@@QEAAJK@Z 00000001800083e0 f i POSKeyboard.obj
 0001:00007658       ?GetZoomInfo@CComControlBase@ATL@@QEAAXAEAUATL_DRAWINFO@@@Z 0000000180008658 f i POSKeyboard.obj
 0001:000076fc       ?HKeyFromString@CRegParser@ATL@@KAPEAUHKEY__@@PEA_W@Z 00000001800086fc f i POSKeyboard.obj
 0001:00007760       ?IDataObject_GetData@CComControlBase@ATL@@QEAAJPEAUtagFORMATETC@@PEAUtagSTGMEDIUM@@@Z 0000000180008760 f i POSKeyboard.obj
 0001:00007954       ?IOleInPlaceObject_InPlaceDeactivate@CComControlBase@ATL@@QEAAJXZ 0000000180008954 f i POSKeyboard.obj
 0001:000079f4       ?IOleInPlaceObject_SetObjectRects@CComControlBase@ATL@@QEAAJPEBUtagRECT@@0@Z 00000001800089f4 f i POSKeyboard.obj
 0001:00007ae4       ?IOleInPlaceObject_UIDeactivate@CComControlBase@ATL@@QEAAJXZ 0000000180008ae4 f i POSKeyboard.obj
 0001:00007bf0       ?IOleObject_Close@CComControlBase@ATL@@QEAAJK@Z 0000000180008bf0 f i POSKeyboard.obj
 0001:00007d08       ?IOleObject_SetClientSite@CComControlBase@ATL@@QEAAJPEAUIOleClientSite@@@Z 0000000180008d08 f i POSKeyboard.obj
 0001:00007d80       ?IOleObject_SetExtent@CComControlBase@ATL@@QEAAJKPEAUtagSIZE@@@Z 0000000180008d80 f i POSKeyboard.obj
 0001:00007e18       ?IPSI_GetIPersistStreamInit@?$IPersistStorageImpl@VCOPOSPOSKeyboard@@@ATL@@AEAAPEAUIPersistStreamInit@@XZ 0000000180008e18 f i POSKeyboard.obj
 0001:00007e74       ?IQuickActivate_QuickActivate@CComControlBase@ATL@@QEAAJPEAUtagQACONTAINER@@PEAUtagQACONTROL@@@Z 0000000180008e74 f i POSKeyboard.obj
 0001:00008138       ?IViewObject_Draw@CComControlBase@ATL@@QEAAJKJPEAXPEAUtagDVTARGETDEVICE@@PEAUHDC__@@2PEBU_RECTL@@3@Z 0000000180009138 f i POSKeyboard.obj
 0001:0000824c       ?InPlaceActivate@CComControlBase@ATL@@QEAAJJPEBUtagRECT@@@Z 000000018000924c f i POSKeyboard.obj
 0001:00008584       ?Init@?$CComEnumImpl@UIEnumConnectionPoints@@$1?_GUID_b196b285_bab4_101a_b69c_00aa00341d07@@3U__s_GUID@@BPEAUIConnectionPoint@@V?$_CopyInterface@UIConnectionPoint@@@ATL@@@ATL@@QEAAJPEAPEAUIConnectionPoint@@0PEAUIUnknown@@W4CComEnumFlags@2@@Z 0000000180009584 f i POSKeyboard.obj
 0001:000086a4       ?Init@?$CComEnumImpl@UIEnumConnections@@$1?_GUID_b196b287_bab4_101a_b69c_00aa00341d07@@3U__s_GUID@@BUtagCONNECTDATA@@V?$_Copy@UtagCONNECTDATA@@@ATL@@@ATL@@QEAAJPEAUtagCONNECTDATA@@0PEAUIUnknown@@W4CComEnumFlags@2@@Z 00000001800096a4 f i POSKeyboard.obj
 0001:000087c8       ?IsEqualObject@?$CComPtrBase@UIOleClientSite@@@ATL@@QEAA_NPEAUIUnknown@@@Z 00000001800097c8 f i POSKeyboard.obj
 0001:000087c8       ?IsEqualObject@?$CComPtrBase@UITypeInfo@@@ATL@@QEAA_NPEAUIUnknown@@@Z 00000001800097c8 f i POSKeyboard.obj
 0001:00008854       ?LoadNameCache@CComTypeInfoHolder@ATL@@QEAAJPEAUITypeInfo@@@Z 0000000180009854 f i POSKeyboard.obj
 0001:000089d8       ?Lookup@?$CSimpleMap@PEA_WPEA_WVCExpansionVectorEqualHelper@ATL@@@ATL@@QEBAPEA_WAEBQEA_W@Z 00000001800099d8 f i POSKeyboard.obj
 0001:00008a64       ?NextToken@CRegParser@ATL@@IEAAJPEA_W@Z 0000000180009a64 f i POSKeyboard.obj
 0001:00008c1c       ?OnKillFocus@CComControlBase@ATL@@QEAA_JI_K_JAEAH@Z 0000000180009c1c f i POSKeyboard.obj
 0001:00008cb8       ?OnMouseActivate@CComControlBase@ATL@@QEAA_JI_K_JAEAH@Z 0000000180009cb8 f i POSKeyboard.obj
 0001:00008d58       ?OnPaint@CComControlBase@ATL@@QEAA_JI_K_JAEAH@Z 0000000180009d58 f i POSKeyboard.obj
 0001:00008e44       ?OnSetFocus@CComControlBase@ATL@@QEAA_JI_K_JAEAH@Z 0000000180009e44 f i POSKeyboard.obj
 0001:00008f40       ?Open@CRegKey@ATL@@QEAAJPEAUHKEY__@@PEB_WK@Z 0000000180009f40 f i POSKeyboard.obj
 0001:00008fcc       ?PreProcessBuffer@CRegParser@ATL@@QEAAJPEA_WPEAPEA_W@Z 0000000180009fcc f i POSKeyboard.obj
 0001:00009350       ?ProcessWindowMessage@?$CComControl@VCOPOSPOSKeyboard@@V?$CWindowImpl@VCOPOSPOSKeyboard@@VCWindow@ATL@@V?$CWinTraits@$0FGAAAAAA@$0A@@3@@ATL@@@ATL@@UEAAHPEAUHWND__@@I_K_JAEA_JK@Z 000000018000a350 f i POSKeyboard.obj
 0001:00009434       ?PutProperty@?$CComPtr@UIDispatch@@@ATL@@SAJPEAUIDispatch@@JPEAUtagVARIANT@@@Z 000000018000a434 f i POSKeyboard.obj
 0001:00009538       ?ReadFromStream@CComBSTR@ATL@@QEAAJPEAUIStream@@@Z 000000018000a538 f i POSKeyboard.obj
 0001:00009694       ?ReadFromStream@CComVariant@ATL@@QEAAJPEAUIStream@@GTClassesAllowedInStream@2@K@Z 000000018000a694 f i POSKeyboard.obj
 0001:000098a4       ?RecurseDeleteKey@CRegKey@ATL@@QEAAJPEB_W@Z 000000018000a8a4 f i POSKeyboard.obj
 0001:000099b0       ?RegCreateKeyExW@CAtlTransactionManager@ATL@@QEAAJPEAUHKEY__@@PEB_WKPEA_WKKQEAU_SECURITY_ATTRIBUTES@@PEAPEAU3@PEAK@Z 000000018000a9b0 f i POSKeyboard.obj
 0001:00009ae4       ?RegDeleteKeyW@CAtlTransactionManager@ATL@@QEAAJPEAUHKEY__@@PEB_W@Z 000000018000aae4 f i POSKeyboard.obj
 0001:00009b70       ?RegOpenKeyExW@CAtlTransactionManager@ATL@@QEAAJPEAUHKEY__@@PEB_WKKPEAPEAU3@@Z 000000018000ab70 f i POSKeyboard.obj
 0001:00009c28       ?RegisterBuffer@CRegParser@ATL@@QEAAJPEA_WH@Z 000000018000ac28 f i POSKeyboard.obj
 0001:00009d90       ?RegisterFromResource@CRegObject@ATL@@IEAAJPEB_W00H@Z 000000018000ad90 f i POSKeyboard.obj
 0001:00009f4c       ?RegisterServer@CComModule@ATL@@QEAAJHPEBU_GUID@@@Z 000000018000af4c f i POSKeyboard.obj
 0001:0000a00c       ?RegisterSubkeys@CRegParser@ATL@@IEAAJPEA_WPEAUHKEY__@@HH@Z 000000018000b00c f i POSKeyboard.obj
 0001:0000a708       ?SendOnDataChange@CComControlBase@ATL@@QEAAJK@Z 000000018000b708 f i POSKeyboard.obj
 0001:0000a778       ?SetControlFocus@CComControlBase@ATL@@QEAAHH@Z 000000018000b778 f i POSKeyboard.obj
 0001:0000a854       ?SkipAssignment@CRegParser@ATL@@IEAAJPEA_W@Z 000000018000b854 f i POSKeyboard.obj
 0001:0000a8f8       ?Term@CComModule@ATL@@QEAAXXZ 000000018000b8f8 f i POSKeyboard.obj
 0001:0000a9a4       ?UnregisterServer@CComModule@ATL@@QEAAJHPEBU_GUID@@@Z 000000018000b9a4 f i POSKeyboard.obj
 0001:0000aa54       ?UpdateRegistryFromResource@CAtlModule@ATL@@QEAAJIHPEAU_ATL_REGMAP_ENTRY@2@@Z 000000018000ba54 f i POSKeyboard.obj
 0001:0000ad8c       ?UpdateRegistryFromResource@CAtlModule@ATL@@QEAAJPEB_WHPEAU_ATL_REGMAP_ENTRY@2@@Z 000000018000bd8c f i POSKeyboard.obj
 0001:0000b0e4       ?VTFromRegType@CRegParser@ATL@@KAHPEB_WAEAG@Z 000000018000c0e4 f i POSKeyboard.obj
 0001:0000b180       ?WindowProc@?$CWindowImplBaseT@VCWindow@ATL@@V?$CWinTraits@$0FGAAAAAA@$0A@@2@@ATL@@SA_JPEAUHWND__@@I_K_J@Z 000000018000c180 f i POSKeyboard.obj
 0001:0000b2ec       ?WriteToStream@CComBSTR@ATL@@QEAAJPEAUIStream@@@Z 000000018000c2ec f i POSKeyboard.obj
 0001:0000b36c       ?WriteToStream@CComVariant@ATL@@QEAAJPEAUIStream@@@Z 000000018000c36c f i POSKeyboard.obj
 0001:0000b580       ?WriteToStream@CComVariant@ATL@@QEAAJPEAUIStream@@G@Z 000000018000c580 f i POSKeyboard.obj
 0001:0000b618       ?_AtlVerifyStackAvailable@_ATL_SAFE_ALLOCA_IMPL@ATL@@YA_N_K@Z 000000018000c618 f i POSKeyboard.obj
 0001:0000b69c       ?atlCreate@?$CWindowImpl@VCOPOSPOSKeyboard@@VCWindow@ATL@@V?$CWinTraits@$0FGAAAAAA@$0A@@3@@ATL@@QEAAPEAUHWND__@@PEAU3@V_U_RECT@2@PEB_WKKV_U_MENUorID@2@PEAX@Z 000000018000c69c f i POSKeyboard.obj
 0001:0000b74c       ?atlCreate@?$CWindowImplBaseT@VCWindow@ATL@@V?$CWinTraits@$0FGAAAAAA@$0A@@2@@ATL@@QEAAPEAUHWND__@@PEAU3@V_U_RECT@2@PEB_WKKV_U_MENUorID@2@GPEAX@Z 000000018000c74c f i POSKeyboard.obj
 0001:0000b8bc       ?atlCreate@CRegKey@ATL@@QEAAJPEAUHKEY__@@PEB_WPEA_WKKPEAU_SECURITY_ATTRIBUTES@@PEAK@Z 000000018000c8bc f i POSKeyboard.obj
 0001:0000b9a8       DllCanUnloadNow            000000018000c9a8 f   POSKeyboard.obj
 0001:0000b9b4       DllGetClassObject          000000018000c9b4 f   POSKeyboard.obj
 0001:0000b9cc       DllMain                    000000018000c9cc f   POSKeyboard.obj
 0001:0000ba74       DllRegisterServer          000000018000ca74 f   POSKeyboard.obj
 0001:0000ba88       DllUnregisterServer        000000018000ca88 f   POSKeyboard.obj
 0001:0000ba9c       __local_stdio_printf_options 000000018000ca9c f i POSKeyboard.obj
 0001:0000bb2c       swprintf_s                 000000018000cb2c f i POSKeyboard.obj
 0001:0000bb80       ??0COPOSPOSKeyboard@@QEAA@XZ 000000018000cb80 f   POSKeyboardImpl.obj
 0001:0000bc48       ??1?$IConnectionPointImpl@VCOPOSPOSKeyboard@@$1?DIID__IOPOSPOSKeyboardEvents@@3U_GUID@@BVCComDynamicUnkArray@ATL@@@ATL@@QEAA@XZ 000000018000cc48 f i POSKeyboardImpl.obj
 0001:0000bc48       ??1?$IConnectionPointImpl@VCOPOSPOSKeyboard@@$1?IID_IPropertyNotifySink@@3U_GUID@@BVCComDynamicUnkArray@ATL@@@ATL@@QEAA@XZ 000000018000cc48 f i POSKeyboardImpl.obj
 0001:0000bca4       ??1CComControlBase@ATL@@UEAA@XZ 000000018000cca4 f i POSKeyboardImpl.obj
 0001:0000bd20       ??1COPOSPOSKeyboard@@UEAA@XZ 000000018000cd20 f   POSKeyboardImpl.obj
 0001:0000bd84       ?CheckHealth@COPOSPOSKeyboard@@UEAAJJPEAJ@Z 000000018000cd84 f   POSKeyboardImpl.obj
 0001:0000be00       ?ClaimDevice@COPOSPOSKeyboard@@UEAAJJPEAJ@Z 000000018000ce00 f   POSKeyboardImpl.obj
 0001:0000bea0       ?ClearInput@COPOSPOSKeyboard@@UEAAJPEAJ@Z 000000018000cea0 f   POSKeyboardImpl.obj
 0001:0000bec8       ?Close@COPOSPOSKeyboard@@UEAAJPEAJ@Z 000000018000cec8 f   POSKeyboardImpl.obj
 0001:0000bf80       ?CompareFirmwareVersion@COPOSPOSKeyboard@@UEAAJPEA_WPEAJ1@Z 000000018000cf80 f   POSKeyboardImpl.obj
 0001:0000c05c       ?DirectIO@COPOSPOSKeyboard@@UEAAJJPEAJPEAPEA_W0@Z 000000018000d05c f   POSKeyboardImpl.obj
 0001:0000c158       ?DoInvoke@COPOSPOSKeyboard@@IEAAJJPEAVOposVariant@@IHPEAJ_N@Z 000000018000d158 f   POSKeyboardImpl.obj
 0001:0000c28c       ?EventInit@COPOSPOSKeyboard@@IEAAJXZ 000000018000d28c f i POSKeyboardImpl.obj
 0001:0000c3d4       ?EventUninit@COPOSPOSKeyboard@@IEAAXXZ 000000018000d3d4 f i POSKeyboardImpl.obj
 0001:0000c438       ?EventWindowProc@COPOSPOSKeyboard@@IEAA_JI_K_J@Z 000000018000d438 f i POSKeyboardImpl.obj
 0001:0000c5c4       ?FinalConstruct@COPOSPOSKeyboard@@QEAAJXZ 000000018000d5c4 f   POSKeyboardImpl.obj
 0001:0000c600       ?FreezeEvents@COPOSPOSKeyboard@@MEAAJH@Z 000000018000d600 f   POSKeyboardImpl.obj
 0001:0000c674       ?GetOposProp@COPOSPOSKeyboard@@IEAAJJPEAJJ@Z 000000018000d674 f   POSKeyboardImpl.obj
 0001:0000c790       ?GetOposProp@COPOSPOSKeyboard@@IEAAJJPEAPEA_WJ@Z 000000018000d790 f   POSKeyboardImpl.obj
 0001:0000c8bc       ?OnDraw@COPOSPOSKeyboard@@MEAAJAEAUATL_DRAWINFO@@@Z 000000018000d8bc f   POSKeyboardImpl.obj
 0001:0000c9a8       ?Open@COPOSPOSKeyboard@@UEAAJPEA_WPEAJ@Z 000000018000d9a8 f   POSKeyboardImpl.obj
 0001:0000d224       ?ReleaseDevice@COPOSPOSKeyboard@@UEAAJPEAJ@Z 000000018000e224 f   POSKeyboardImpl.obj
 0001:0000d290       ?ResetStatistics@COPOSPOSKeyboard@@UEAAJPEA_WPEAJ@Z 000000018000e290 f   POSKeyboardImpl.obj
 0001:0000d318       ?RetrieveStatistics@COPOSPOSKeyboard@@UEAAJPEAPEA_WPEAJ@Z 000000018000e318 f   POSKeyboardImpl.obj
 0001:0000d3a0       ?SOProcessID@COPOSPOSKeyboard@@UEAAJPEAJ@Z 000000018000e3a0 f   POSKeyboardImpl.obj
 0001:0000d3bc       ?SetCOFreezeEvents@COPOSPOSKeyboard@@IEAAXF@Z 000000018000e3bc f   POSKeyboardImpl.obj
 0001:0000d4a0       ?SetOposProp@COPOSPOSKeyboard@@IEAAJJJJ@Z 000000018000e4a0 f   POSKeyboardImpl.obj
 0001:0000d600       ?UpdateFirmware@COPOSPOSKeyboard@@UEAAJPEA_WPEAJ@Z 000000018000e600 f   POSKeyboardImpl.obj
 0001:0000d688       ?UpdateStatistics@COPOSPOSKeyboard@@UEAAJPEA_WPEAJ@Z 000000018000e688 f   POSKeyboardImpl.obj
 0001:0000d710       ?get_AutoDisable@COPOSPOSKeyboard@@UEAAJPEAF@Z 000000018000e710 f   POSKeyboardImpl.obj
 0001:0000d744       ?get_BinaryConversion@COPOSPOSKeyboard@@UEAAJPEAJ@Z 000000018000e744 f   POSKeyboardImpl.obj
 0001:0000d758       ?get_CapCompareFirmwareVersion@COPOSPOSKeyboard@@UEAAJPEAF@Z 000000018000e758 f   POSKeyboardImpl.obj
 0001:0000d78c       ?get_CapKeyUp@COPOSPOSKeyboard@@UEAAJPEAF@Z 000000018000e78c f   POSKeyboardImpl.obj
 0001:0000d7c0       ?get_CapPowerReporting@COPOSPOSKeyboard@@UEAAJPEAJ@Z 000000018000e7c0 f   POSKeyboardImpl.obj
 0001:0000d7d4       ?get_CapStatisticsReporting@COPOSPOSKeyboard@@UEAAJPEAF@Z 000000018000e7d4 f   POSKeyboardImpl.obj
 0001:0000d808       ?get_CapUpdateFirmware@COPOSPOSKeyboard@@UEAAJPEAF@Z 000000018000e808 f   POSKeyboardImpl.obj
 0001:0000d83c       ?get_CapUpdateStatistics@COPOSPOSKeyboard@@UEAAJPEAF@Z 000000018000e83c f   POSKeyboardImpl.obj
 0001:0000d870       ?get_CheckHealthText@COPOSPOSKeyboard@@UEAAJPEAPEA_W@Z 000000018000e870 f   POSKeyboardImpl.obj
 0001:0000d884       ?get_Claimed@COPOSPOSKeyboard@@UEAAJPEAF@Z 000000018000e884 f   POSKeyboardImpl.obj
 0001:0000d8b4       ?get_ControlObjectDescription@COPOSPOSKeyboard@@UEAAJPEAPEA_W@Z 000000018000e8b4 f   POSKeyboardImpl.obj
 0001:0000d918       ?get_ControlObjectVersion@COPOSPOSKeyboard@@UEAAJPEAJ@Z 000000018000e918 f   POSKeyboardImpl.obj
 0001:0000d924       ?get_DataCount@COPOSPOSKeyboard@@UEAAJPEAJ@Z 000000018000e924 f   POSKeyboardImpl.obj
 0001:0000d938       ?get_DataEventEnabled@COPOSPOSKeyboard@@UEAAJPEAF@Z 000000018000e938 f   POSKeyboardImpl.obj
 0001:0000d96c       ?get_DeviceDescription@COPOSPOSKeyboard@@UEAAJPEAPEA_W@Z 000000018000e96c f   POSKeyboardImpl.obj
 0001:0000d980       ?get_DeviceEnabled@COPOSPOSKeyboard@@UEAAJPEAF@Z 000000018000e980 f   POSKeyboardImpl.obj
 0001:0000d9b4       ?get_DeviceName@COPOSPOSKeyboard@@UEAAJPEAPEA_W@Z 000000018000e9b4 f   POSKeyboardImpl.obj
 0001:0000d9c8       ?get_EventTypes@COPOSPOSKeyboard@@UEAAJPEAJ@Z 000000018000e9c8 f   POSKeyboardImpl.obj
 0001:0000d9dc       ?get_FreezeEvents@COPOSPOSKeyboard@@UEAAJPEAF@Z 000000018000e9dc f   POSKeyboardImpl.obj
 0001:0000da0c       ?get_OpenResult@COPOSPOSKeyboard@@UEAAJPEAJ@Z 000000018000ea0c f   POSKeyboardImpl.obj
 0001:0000da18       ?get_POSKeyData@COPOSPOSKeyboard@@UEAAJPEAJ@Z 000000018000ea18 f   POSKeyboardImpl.obj
 0001:0000da2c       ?get_POSKeyEventType@COPOSPOSKeyboard@@UEAAJPEAJ@Z 000000018000ea2c f   POSKeyboardImpl.obj
 0001:0000da40       ?get_PowerNotify@COPOSPOSKeyboard@@UEAAJPEAJ@Z 000000018000ea40 f   POSKeyboardImpl.obj
 0001:0000da54       ?get_PowerState@COPOSPOSKeyboard@@UEAAJPEAJ@Z 000000018000ea54 f   POSKeyboardImpl.obj
 0001:0000da68       ?get_ResultCode@COPOSPOSKeyboard@@UEAAJPEAJ@Z 000000018000ea68 f   POSKeyboardImpl.obj
 0001:0000daa4       ?get_ResultCodeExtended@COPOSPOSKeyboard@@UEAAJPEAJ@Z 000000018000eaa4 f   POSKeyboardImpl.obj
 0001:0000dab8       ?get_ServiceObjectDescription@COPOSPOSKeyboard@@UEAAJPEAPEA_W@Z 000000018000eab8 f   POSKeyboardImpl.obj
 0001:0000dacc       ?get_ServiceObjectVersion@COPOSPOSKeyboard@@UEAAJPEAJ@Z 000000018000eacc f   POSKeyboardImpl.obj
 0001:0000dae0       ?get_State@COPOSPOSKeyboard@@UEAAJPEAJ@Z 000000018000eae0 f   POSKeyboardImpl.obj
 0001:0000db0c       ?put_AutoDisable@COPOSPOSKeyboard@@UEAAJF@Z 000000018000eb0c f   POSKeyboardImpl.obj
 0001:0000db24       ?put_BinaryConversion@COPOSPOSKeyboard@@UEAAJJ@Z 000000018000eb24 f   POSKeyboardImpl.obj
 0001:0000db38       ?put_DataEventEnabled@COPOSPOSKeyboard@@UEAAJF@Z 000000018000eb38 f   POSKeyboardImpl.obj
 0001:0000db50       ?put_DeviceEnabled@COPOSPOSKeyboard@@UEAAJF@Z 000000018000eb50 f   POSKeyboardImpl.obj
 0001:0000db68       ?put_EventTypes@COPOSPOSKeyboard@@UEAAJJ@Z 000000018000eb68 f   POSKeyboardImpl.obj
 0001:0000db7c       ?put_FreezeEvents@COPOSPOSKeyboard@@UEAAJF@Z 000000018000eb7c f   POSKeyboardImpl.obj
 0001:0000dbcc       ?put_PowerNotify@COPOSPOSKeyboard@@UEAAJJ@Z 000000018000ebcc f   POSKeyboardImpl.obj
 0001:0000dbe0       ?s_EventWindowProc@COPOSPOSKeyboard@@KA_JPEAUHWND__@@I_K_J@Z 000000018000ebe0 f i POSKeyboardImpl.obj
 0001:0000dc5c       ??_U@YAPEAX_K@Z            000000018000ec5c f   LIBCMT:new_array.obj
 0001:0000dc64       ??_V@YAXPEAX@Z             000000018000ec64 f   LIBCMT:delete_array.obj
 0001:0000dc64       ??3@YAXPEAX_K@Z            000000018000ec64 f   LIBCMT:delete_scalar_size.obj
 0001:0000dc6c       ??_V@YAXPEAX_K@Z           000000018000ec6c f   LIBCMT:delete_array_size.obj
 0001:0000dc74       __scrt_acquire_startup_lock 000000018000ec74 f   LIBCMT:utility.obj
 0001:0000dcb0       __scrt_dllmain_after_initialize_c 000000018000ecb0 f   LIBCMT:utility.obj
 0001:0000dce4       __scrt_dllmain_before_initialize_c 000000018000ece4 f   LIBCMT:utility.obj
 0001:0000dcfc       __scrt_dllmain_crt_thread_attach 000000018000ecfc f   LIBCMT:utility.obj
 0001:0000dd24       __scrt_dllmain_crt_thread_detach 000000018000ed24 f   LIBCMT:utility.obj
 0001:0000dd3c       __scrt_dllmain_exception_filter 000000018000ed3c f   LIBCMT:utility.obj
 0001:0000dd9c       __scrt_dllmain_uninitialize_c 000000018000ed9c f   LIBCMT:utility.obj
 0001:0000ddcc       __scrt_dllmain_uninitialize_critical 000000018000edcc f   LIBCMT:utility.obj
 0001:0000dde0       __scrt_initialize_crt      000000018000ede0 f   LIBCMT:utility.obj
 0001:0000de2c       __scrt_initialize_onexit_tables 000000018000ee2c f   LIBCMT:utility.obj
 0001:0000df04       __scrt_is_nonwritable_in_current_image 000000018000ef04 f   LIBCMT:utility.obj
 0001:0000dfa0       __scrt_release_startup_lock 000000018000efa0 f   LIBCMT:utility.obj
 0001:0000dfc4       __scrt_uninitialize_crt    000000018000efc4 f   LIBCMT:utility.obj
 0001:0000dff0       _onexit                    000000018000eff0 f   LIBCMT:utility.obj
 0001:0000e040       atexit                     000000018000f040 f   LIBCMT:utility.obj
 0001:0000e058       ??3@YAXPEAX@Z              000000018000f058 f   LIBCMT:delete_scalar.obj
 0001:0000e1e8       _Init_thread_footer        000000018000f1e8 f   LIBCMT:thread_safe_statics.obj
 0001:0000e248       _Init_thread_header        000000018000f248 f   LIBCMT:thread_safe_statics.obj
 0001:0000e2b0       _Init_thread_notify        000000018000f2b0 f   LIBCMT:thread_safe_statics.obj
 0001:0000e300       _Init_thread_wait          000000018000f300 f   LIBCMT:thread_safe_statics.obj
 0001:0000e378       __raise_securityfailure    000000018000f378 f   LIBCMT:gs_report.obj
 0001:0000e3ac       __report_gsfailure         000000018000f3ac f   LIBCMT:gs_report.obj
 0001:0000e480       __report_rangecheckfailure 000000018000f480 f   LIBCMT:gs_report.obj
 0001:0000e494       __report_securityfailure   000000018000f494 f   LIBCMT:gs_report.obj
 0001:0000e614       ??2@YAPEAX_KAEBUnothrow_t@std@@@Z 000000018000f614 f   LIBCMT:new_scalar_nothrow.obj
 0001:0000e634       ??_U@YAPEAX_KAEBUnothrow_t@std@@@Z 000000018000f634 f   LIBCMT:new_array_nothrow.obj
 0001:0000e63c       __GSHandlerCheck           000000018000f63c f   LIBCMT:gshandler.obj
 0001:0000e65c       __GSHandlerCheckCommon     000000018000f65c f   LIBCMT:gshandler.obj
 0001:0000e6b8       __GSHandlerCheck_SEH       000000018000f6b8 f   LIBCMT:gshandlerseh.obj
 0001:0000e750       __chkstk                   000000018000f750 f   LIBCMT:chkstk.obj
 0001:0000e750       _alloca_probe              000000018000f750 f   LIBCMT:chkstk.obj
 0001:0000e7c0       __security_check_cookie    000000018000f7c0 f   LIBCMT:amdsecgs.obj
 0001:0000eb14       _DllMainCRTStartup         000000018000fb14 f   LIBCMT:dll_dllmain.obj
 0001:0000eb54       ??2@YAPEAX_K@Z             000000018000fb54 f   LIBCMT:new_scalar.obj
 0001:0000eb90       __isa_available_init       000000018000fb90 f   LIBCMT:cpu_disp.obj
 0001:0000ed4c       __scrt_is_ucrt_dll_in_use  000000018000fd4c f   LIBCMT:ucrt_detection.obj
 0001:0000ed58       __crt_debugger_hook        000000018000fd58 f   LIBCMT:utility_desktop.obj
 0001:0000ed60       __scrt_fastfail            000000018000fd60 f   LIBCMT:utility_desktop.obj
 0001:0000eeac       __security_init_cookie     000000018000feac f   LIBCMT:gs_support.obj
 0001:0000ef58       ?__scrt_initialize_type_info@@YAXXZ 000000018000ff58 f   LIBCMT:tncleanup.obj
 0001:0000ef68       ?__scrt_uninitialize_type_info@@YAXXZ 000000018000ff68 f   LIBCMT:tncleanup.obj
 0001:0000ef74       __local_stdio_scanf_options 000000018000ff74 f i LIBCMT:default_local_stdio_options.obj
 0001:0000ef7c       __scrt_initialize_default_local_stdio_options 000000018000ff7c f   LIBCMT:default_local_stdio_options.obj
 0001:0000ef98       __scrt_get_dyn_tls_init_callback 000000018000ff98 f   LIBCMT:dyn_tls_init.obj
 0001:0000efa0       _RTC_Initialize            000000018000ffa0 f   LIBCMT:initsect.obj
 0001:0000efdc       _RTC_Terminate             000000018000ffdc f   LIBCMT:initsect.obj
 0001:0000f018       ??0bad_alloc@std@@QEAA@AEBV01@@Z 0000000180010018 f i LIBCMT:throw_bad_alloc.obj
 0001:0000f058       ??0bad_alloc@std@@QEAA@XZ  0000000180010058 f i LIBCMT:throw_bad_alloc.obj
 0001:0000f078       ??0bad_array_new_length@std@@QEAA@AEBV01@@Z 0000000180010078 f i LIBCMT:throw_bad_alloc.obj
 0001:0000f0b8       ??0bad_array_new_length@std@@QEAA@XZ 00000001800100b8 f i LIBCMT:throw_bad_alloc.obj
 0001:0000f0d8       ??0exception@std@@QEAA@AEBV01@@Z 00000001800100d8 f i LIBCMT:throw_bad_alloc.obj
 0001:0000f110       ??1bad_exception@std@@UEAA@XZ 0000000180010110 f i libvcruntime:frame.obj
 0001:0000f110       ??1bad_array_new_length@std@@UEAA@XZ 0000000180010110 f i LIBCMT:throw_bad_alloc.obj
 0001:0000f110       ??1bad_alloc@std@@UEAA@XZ  0000000180010110 f i LIBCMT:throw_bad_alloc.obj
 0001:0000f124       ??_Gbad_alloc@std@@UEAAPEAXI@Z 0000000180010124 f i LIBCMT:throw_bad_alloc.obj
 0001:0000f124       ??_Ebad_exception@std@@UEAAPEAXI@Z 0000000180010124 f i libvcruntime:frame.obj
 0001:0000f124       ??_Gbad_exception@std@@UEAAPEAXI@Z 0000000180010124 f i libvcruntime:frame.obj
 0001:0000f124       ??_Gexception@std@@UEAAPEAXI@Z 0000000180010124 f i LIBCMT:throw_bad_alloc.obj
 0001:0000f124       ??_Ebad_alloc@std@@UEAAPEAXI@Z 0000000180010124 f i LIBCMT:throw_bad_alloc.obj
 0001:0000f124       ??_Gbad_array_new_length@std@@UEAAPEAXI@Z 0000000180010124 f i LIBCMT:throw_bad_alloc.obj
 0001:0000f124       ??_Eexception@std@@UEAAPEAXI@Z 0000000180010124 f i LIBCMT:throw_bad_alloc.obj
 0001:0000f124       ??_Ebad_array_new_length@std@@UEAAPEAXI@Z 0000000180010124 f i LIBCMT:throw_bad_alloc.obj
 0001:0000f168       ?__scrt_throw_std_bad_alloc@@YAXXZ 0000000180010168 f   LIBCMT:throw_bad_alloc.obj
 0001:0000f188       ?__scrt_throw_std_bad_array_new_length@@YAXXZ 0000000180010188 f   LIBCMT:throw_bad_alloc.obj
 0001:0000f1a8       ?what@exception@std@@UEBAPEBDXZ 00000001800101a8 f i LIBCMT:throw_bad_alloc.obj
 0001:0000f1c0       ??_Etype_info@@UEAAPEAXI@Z 00000001800101c0 f i LIBCMT:std_type_info_static.obj
 0001:0000f1c0       ??_Gtype_info@@UEAAPEAXI@Z 00000001800101c0 f i LIBCMT:std_type_info_static.obj
 0001:0000f1ec       ??0CAtlBaseModule@ATL@@QEAA@XZ 00000001800101ec f   atls:atlbase.obj
 0001:0000f294       ??1CAtlBaseModule@ATL@@QEAA@XZ 0000000180010294 f   atls:atlbase.obj
 0001:0000f3c8       ?__AllocStdCallThunk_cmn@@YAPEAXXZ 00000001800103c8 f   atls:atlthunk.obj
 0001:0000f520       AtlThunk_AllocateData      0000000180010520 f   atls:atlthunk.obj
 0001:0000f59c       AtlThunk_DataToCode        000000018001059c f   atls:atlthunk.obj
 0001:0000f5f0       AtlThunk_FreeData          00000001800105f0 f   atls:atlthunk.obj
 0001:0000f650       AtlThunk_InitData          0000000180010650 f   atls:atlthunk.obj
 0001:0000f710       memset_repmovs             0000000180010710 f   libvcruntime:memset.obj
 0001:0000f730       memset                     0000000180010730 f   libvcruntime:memset.obj
 0001:0000f8c0       _purecall                  00000001800108c0 f   libvcruntime:purevirt.obj
 0001:0000f8f0       wcsstr                     00000001800108f0 f   libvcruntime:wcsstr.obj
 0001:0000fb20       memcmp                     0000000180010b20 f   libvcruntime:memcmp.obj
 0001:0000fc00       memcpy_repmovs             0000000180010c00 f   libvcruntime:memcpy.obj
 0001:0000fc20       memcpy                     0000000180010c20 f   libvcruntime:memcpy.obj
 0001:0000fc20       memmove                    0000000180010c20 f   libvcruntime:memcpy.obj
 0001:00010058       __vcrt_initialize          0000000180011058 f   libvcruntime:initialization.obj
 0001:0001008c       __vcrt_thread_attach       000000018001108c f   libvcruntime:initialization.obj
 0001:000100a0       __vcrt_thread_detach       00000001800110a0 f   libvcruntime:initialization.obj
 0001:000100b4       __vcrt_uninitialize        00000001800110b4 f   libvcruntime:initialization.obj
 0001:000100d4       __vcrt_uninitialize_critical 00000001800110d4 f   libvcruntime:initialization.obj
 0001:000100e4       __C_specific_handler       00000001800110e4 f   libvcruntime:riscchandler.obj
 0001:000102f0       __DestructExceptionObject  00000001800112f0 f   libvcruntime:ehhelpers.obj
 0001:00010364       ?_CallMemberFunction0@@YAXQEAX0@Z 0000000180011364 f i libvcruntime:ehhelpers.obj
 0001:00010368       _IsExceptionObjectToBeDestroyed 0000000180011368 f   libvcruntime:ehhelpers.obj
 0001:00010398       __AdjustPointer            0000000180011398 f   libvcruntime:ehhelpers.obj
 0001:000103bc       __FrameUnwindFilter        00000001800113bc f   libvcruntime:ehhelpers.obj
 0001:00010408       __std_terminate            0000000180011408 f   libvcruntime:ehhelpers.obj
 0001:00010414       ??$_CallSETranslator@V__FrameHandler3@@@@YAHPEAUEHExceptionRecord@@PEA_KPEAU_CONTEXT@@PEAU_xDISPATCHER_CONTEXT@@PEBU_s_FuncInfo@@K1@Z 0000000180011414 f i libvcruntime:risctrnsctrl.obj
[...]
 0004:0000168c       $pdata$??$?RV<lambda_fb3a7dec4e47f37f22dae91bb15c9095>@@AEAV<lambda_698284760c8add0bfb0756c19673e34b>@@V<lambda_dfb8eca1e75fef3034a8fb18dd509707>@@@?$__crt_seh_guarded_call@X@@QEAAX$$QEAV<lambda_fb3a7dec4e47f37f22dae91bb15c9095>@@AEAV<lambda_698284760c8add0bfb0756c19673e34b>@@$$QEAV<lambda_dfb8eca1e75fef3034a8fb18dd509707>@@@Z 000000018003368c     libucrt:per_thread_data.obj
 0004:00001698       $pdata$_calloc_base        0000000180033698     libucrt:calloc_base.obj
 0004:000016a4       $pdata$_malloc_base        00000001800336a4     libucrt:malloc_base.obj
 0004:000016b0       $pdata$_msize              00000001800336b0     libucrt:msize.obj
 0004:000016bc       $pdata$_realloc_base       00000001800336bc     libucrt:realloc_base.obj
 0004:000016c8       $pdata$__acrt_FlsAlloc     00000001800336c8     libucrt:winapi_thunks.obj
 0004:000016d4       $pdata$__acrt_FlsFree      00000001800336d4     libucrt:winapi_thunks.obj
 0004:000016e0       $pdata$__acrt_FlsGetValue  00000001800336e0     libucrt:winapi_thunks.obj
 0004:000016ec       $pdata$__acrt_FlsSetValue  00000001800336ec     libucrt:winapi_thunks.obj
 0004:000016f8       $pdata$__acrt_initialize_winapi_thunks 00000001800336f8     libucrt:winapi_thunks.obj
 0004:00001704       $pdata$__acrt_uninitialize_winapi_thunks 0000000180033704     libucrt:winapi_thunks.obj
 0004:00001710       $pdata$__acrt_InitializeCriticalSectionEx 0000000180033710     libucrt:winapi_thunks.obj
 0004:0000171c       $pdata$__acrt_LCMapStringEx 000000018003371c     libucrt:winapi_thunks.obj
 0004:00001728       $pdata$__acrt_LocaleNameToLCID 0000000180033728     libucrt:winapi_thunks.obj
 0004:00001734       $pdata$__acrt_SetThreadStackGuarantee 0000000180033734     libucrt:winapi_thunks.obj
 0004:00001740       $pdata$__acrt_is_packaged_app 0000000180033740     libucrt:winapi_thunks.obj
 0004:0000174c       $pdata$?try_get_function@@YAPEAXW4function_id@?A0x63058377@@QEBDQEBW4module_id@2@2@Z 000000018003374c     libucrt:winapi_thunks.obj
 0004:00001758       $pdata$isdigit             0000000180033758     libucrt:_ctype.obj
 0004:00001764       $pdata$tolower             0000000180033764     libucrt:tolower_toupper.obj
 0004:00001770       $pdata$_tolower_l          0000000180033770     libucrt:tolower_toupper.obj
 0004:0000177c       $pdata$?internal_isupper_l@@YA_NHQEAU__crt_locale_pointers@@@Z 000000018003377c     libucrt:tolower_toupper.obj
 0004:00001788       $pdata$wcstol              0000000180033788     libucrt:strtox.obj
 0004:00001794       $pdata$_mbtowc_l           0000000180033794     libucrt:mbtowc.obj
 0004:000017a0       $pdata$wcsnlen             00000001800337a0     libucrt:strnlen.obj
 0004:000017ac       $pdata$__acrt_update_locale_info 00000001800337ac     libucrt:locale_update.obj
 0004:000017b8       $pdata$__acrt_update_multibyte_info 00000001800337b8     libucrt:locale_update.obj
 0004:000017c4       $pdata$__acrt_fp_format    00000001800337c4     libucrt:cvt.obj
 0004:000017d0       $pdata$?fp_format_nan_or_infinity@@YAHW4__acrt_fp_class@@_NPEAD_K1@Z 00000001800337d0     libucrt:cvt.obj
 0004:000017dc       $pdata$?fp_format_e_internal@@YAHQEAD_KH_NIQEAU_strflt@@2QEAU__crt_locale_pointers@@@Z 00000001800337dc     libucrt:cvt.obj
 0004:000017e8       $pdata$?fp_format_e@@YAHQEBNQEAD_K12H_NIQEAU__crt_locale_pointers@@@Z 00000001800337e8     libucrt:cvt.obj
 0004:000017f4       $pdata$?fp_format_a@@YAHQEBNPEAD_KQEAD2H_NIQEAU__crt_locale_pointers@@@Z 00000001800337f4     libucrt:cvt.obj
 0004:00001800       $pdata$?fp_format_f_internal@@YAHQEAD_KHQEAU_strflt@@_NQEAU__crt_locale_pointers@@@Z 0000000180033800     libucrt:cvt.obj
 0004:0000180c       $pdata$?fp_format_g@@YAHQEBNQEAD_K12H_NIQEAU__crt_locale_pointers@@@Z 000000018003380c     libucrt:cvt.obj
 0004:00001818       $pdata$_fileno             0000000180033818     libucrt:fileno.obj
 0004:00001824       $pdata$__acrt_initialize_stdio 0000000180033824     libucrt:_file.obj
 0004:00001830       $pdata$__acrt_uninitialize_stdio 0000000180033830     libucrt:_file.obj
 0004:0000183c       $pdata$__acrt_uninitialize_locale 000000018003383c     libucrt:wsetlocale.obj
 0004:00001848       $pdata$__acrt_uninitialize_locale$fin$0 0000000180033848     libucrt:wsetlocale.obj
 0004:00001848       $pdata$__acrt_update_thread_locale_data$fin$0 0000000180033848     libucrt:locale_refcounting.obj
 0004:00001854       $pdata$__acrt_initialize_lowio 0000000180033854     libucrt:ioinit.obj
 0004:00001860       $pdata$__acrt_initialize_lowio$fin$0 0000000180033860     libucrt:ioinit.obj
 0004:00001860       $pdata$__acrt_lowio_ensure_fh_exists$fin$0 0000000180033860     libucrt:osfinfo.obj
 0004:0000186c       $pdata$__acrt_uninitialize_lowio 000000018003386c     libucrt:ioinit.obj
 0004:00001878       $pdata$?initialize_inherited_file_handles_nolock@@YAXXZ 0000000180033878     libucrt:ioinit.obj
 0004:00001884       $pdata$?initialize_stdio_handles_nolock@@YAXXZ 0000000180033884     libucrt:ioinit.obj
 0004:00001890       $pdata$__acrt_initialize_locks 0000000180033890     libucrt:locks.obj
 0004:0000189c       $pdata$__acrt_uninitialize_locks 000000018003389c     libucrt:locks.obj
 0004:000018a8       $pdata$??$common_expand_argv_wildcards@D@@YAHQEAPEADQEAPEAPEAD@Z 00000001800338a8     libucrt:argv_wildcards.obj
 0004:000018b4       $pdata$?expand_if_necessary@?$argument_list@D@?A0xca0879c4@@AEAAHXZ 00000001800338b4     libucrt:argv_wildcards.obj
 0004:000018c0       $pdata$??$copy_and_add_argument_to_buffer@D@@YAHQEBD0_KAEAV?$argument_list@D@?A0xca0879c4@@@Z 00000001800338c0     libucrt:argv_wildcards.obj
 0004:000018cc       $pdata$??$expand_argument_wildcards@D@@YAHQEAD0AEAV?$argument_list@D@?A0xca0879c4@@@Z 00000001800338cc     libucrt:argv_wildcards.obj
 0004:000018d8       $pdata$__acrt_update_thread_multibyte_data 00000001800338d8     libucrt:mbctype.obj
 0004:000018e4       $pdata$__acrt_update_thread_multibyte_data$fin$0 00000001800338e4     libucrt:mbctype.obj
 0004:000018f0       $pdata$__acrt_initialize_multibyte 00000001800338f0     libucrt:mbctype.obj
 0004:000018fc       $pdata$_setmbcp_nolock     00000001800338fc     libucrt:mbctype.obj
 0004:00001908       $pdata$?getSystemCP@@YAHH@Z 0000000180033908     libucrt:mbctype.obj
 0004:00001914       $pdata$?setSBCS@@YAXPEAU__crt_multibyte_data@@@Z 0000000180033914     libucrt:mbctype.obj
 0004:00001920       $pdata$?setSBUpLow@@YAXPEAU__crt_multibyte_data@@@Z 0000000180033920     libucrt:mbctype.obj
 0004:0000192c       $pdata$?setmbcp_internal@@YAHH_N@Z 000000018003392c     libucrt:mbctype.obj
 0004:00001938       $pdata$??R<lambda_ad1ced32f4ac17aa236e5ef05d6b3b7c>@@QEBAXXZ 0000000180033938     libucrt:mbctype.obj
 0004:00001944       $pdata$??$?RV<lambda_99476a1ad63dd22509b5d3e65b0ffc95>@@AEAV<lambda_ad1ced32f4ac17aa236e5ef05d6b3b7c>@@V<lambda_f7424dd8d45958661754dc4f2697e9c3>@@@?$__crt_seh_guarded_call@X@@QEAAX$$QEAV<lambda_99476a1ad63dd22509b5d3e65b0ffc95>@@AEAV<lambda_ad1ced32f4ac17aa236e5ef05d6b3b7c>@@$$QEAV<lambda_f7424dd8d45958661754dc4f2697e9c3>@@@Z 0000000180033944     libucrt:mbctype.obj
 0004:00001950       $pdata$?x_ismbbtype_l@@YAHPEAU__crt_locale_pointers@@IHH@Z 0000000180033950     libucrt:ismbbyte.obj
 0004:0000195c       $pdata$__acrt_initialize_command_line 000000018003395c     libucrt:argv_data.obj
 0004:00001968       $pdata$__dcrt_get_narrow_environment_from_os 0000000180033968     libucrt:get_environment_from_os.obj
 0004:00001974       $pdata$__acrt_initialize_heap 0000000180033974     libucrt:heap_handle.obj
 0004:00001980       $pdata$__acrt_execute_initializers 0000000180033980     libucrt:shared_initialization.obj
 0004:0000198c       $pdata$__acrt_execute_uninitializers 000000018003398c     libucrt:shared_initialization.obj
 0004:00001998       $pdata$__acrt_get_sigabrt_handler 0000000180033998     libucrt:signal.obj
 0004:000019a4       $pdata$raise               00000001800339a4     libucrt:signal.obj
 0004:000019b0       $pdata$raise$fin$0         00000001800339b0     libucrt:signal.obj
 0004:000019bc       $pdata$??$?RV<lambda_c36588078e9f5dfd39652860aa6b3aaf>@@AEAV<lambda_ec61778202f4f5fc7e7711acc23c3bca>@@V<lambda_dc9d2797ccde5d239b4a0efae8ebd7db>@@@?$__crt_seh_guarded_call@P6AXH@Z@@QEAAP6AXH@Z$$QEAV<lambda_c36588078e9f5dfd39652860aa6b3aaf>@@AEAV<lambda_ec61778202f4f5fc7e7711acc23c3bca>@@$$QEAV<lambda_dc9d2797ccde5d239b4a0efae8ebd7db>@@@Z 00000001800339bc     libucrt:signal.obj
 0004:000019c8       $pdata$__acrt_invoke_user_matherr 00000001800339c8     libucrt:matherr.obj
 0004:000019d4       $pdata$__pctype_func       00000001800339d4     libucrt:ctype.obj
 0004:000019e0       $pdata$iswctype            00000001800339e0     libucrt:iswctype.obj
 0004:000019ec       $pdata$_isctype_l          00000001800339ec     libucrt:isctype.obj
 0004:000019f8       $pdata$__acrt_release_locale_ref 00000001800339f8     libucrt:locale_refcounting.obj
 0004:00001a04       $pdata$__acrt_free_locale  0000000180033a04     libucrt:locale_refcounting.obj
 0004:00001a10       $pdata$__acrt_locale_free_lc_time_if_unreferenced 0000000180033a10     libucrt:locale_refcounting.obj
 0004:00001a1c       $pdata$__acrt_update_thread_locale_data 0000000180033a1c     libucrt:locale_refcounting.obj
 0004:00001a28       $pdata$_updatetlocinfoEx_nolock 0000000180033a28     libucrt:locale_refcounting.obj
 0004:00001a34       $pdata$__acrt_DownlevelLocaleNameToLCID 0000000180033a34     libucrt:lcidtoname_downlevel.obj
 0004:00001a40       $pdata$?GetTableIndexFromLocaleName@@YAHPEB_W@Z 0000000180033a40     libucrt:lcidtoname_downlevel.obj
 0004:00001a4c       $pdata$_isleadbyte_l       0000000180033a4c     libucrt:_wctype.obj
 0004:00001a58       $pdata$__acrt_LCMapStringA 0000000180033a58     libucrt:lcmapstringa.obj
 0004:00001a64       $pdata$?__acrt_LCMapStringA_stat@@YAHPEAU__crt_locale_pointers@@PEB_WKPEBDHPEADHHH@Z 0000000180033a64     libucrt:lcmapstringa.obj
 0004:00001a70       $pdata$__acrt_fp_strflt_to_string 0000000180033a70     libucrt:_fptostr.obj
 0004:00001a7c       $pdata$memcpy_s            0000000180033a7c     libucrt:cfout.obj
 0004:00001a88       $pdata$__acrt_fltout       0000000180033a88     libucrt:cfout.obj
 0004:00001a94       $pdata$?divide@__crt_strtox@@YA_KAEAUbig_integer@1@AEBU21@@Z 0000000180033a94     libucrt:cfout.obj
 0004:00001aa0       $pdata$5$?divide@__crt_strtox@@YA_KAEAUbig_integer@1@AEBU21@@Z 0000000180033aa0     libucrt:cfout.obj
 0004:00001aac       $pdata$6$?divide@__crt_strtox@@YA_KAEAUbig_integer@1@AEBU21@@Z 0000000180033aac     libucrt:cfout.obj
 0004:00001ab8       $pdata$_fcloseall          0000000180033ab8     libucrt:closeall.obj
 0004:00001ac4       $pdata$_fcloseall$fin$0    0000000180033ac4     libucrt:closeall.obj
 0004:00001ad0       $pdata$_fflush_nolock      0000000180033ad0     libucrt:fflush.obj
 0004:00001adc       $pdata$__acrt_stdio_flush_nolock 0000000180033adc     libucrt:fflush.obj
 0004:00001ae8       $pdata$common_flush_all    0000000180033ae8     libucrt:fflush.obj
 0004:00001af4       $pdata$common_flush_all$fin$0 0000000180033af4     libucrt:fflush.obj
 0004:00001b00       $pdata$common_flush_all$fin$1 0000000180033b00     libucrt:fflush.obj
 0004:00001b0c       $pdata$__acrt_stdio_free_buffer_nolock 0000000180033b0c     libucrt:_freebuf.obj
 0004:00001b18       $pdata$_isatty             0000000180033b18     libucrt:isatty.obj
 0004:00001b24       $pdata$__acrt_locale_free_monetary 0000000180033b24     libucrt:initmon.obj
 0004:00001b30       $pdata$__acrt_locale_free_numeric 0000000180033b30     libucrt:initnum.obj
 0004:00001b3c       $pdata$__acrt_locale_free_time 0000000180033b3c     libucrt:inittime.obj
 0004:00001b48       $pdata$?free_crt_array_internal@@YAXQEAPEBX_K@Z 0000000180033b48     libucrt:inittime.obj
 0004:00001b54       $pdata$__acrt_GetStringTypeA 0000000180033b54     libucrt:getstringtypea.obj
 0004:00001b60       $pdata$_get_osfhandle      0000000180033b60     libucrt:osfinfo.obj
 0004:00001b6c       $pdata$_free_osfhnd        0000000180033b6c     libucrt:osfinfo.obj
 0004:00001b78       $pdata$__acrt_lowio_create_handle_array 0000000180033b78     libucrt:osfinfo.obj
 0004:00001b84       $pdata$__acrt_lowio_destroy_handle_array 0000000180033b84     libucrt:osfinfo.obj
 0004:00001b90       $pdata$__acrt_lowio_ensure_fh_exists 0000000180033b90     libucrt:osfinfo.obj
 0004:00001b9c       $pdata$qsort               0000000180033b9c     libucrt:qsort.obj
 0004:00001ba8       $pdata$4$qsort             0000000180033ba8     libucrt:qsort.obj
 0004:00001bb4       $pdata$5$qsort             0000000180033bb4     libucrt:qsort.obj
 0004:00001bc0       $pdata$?shortsort@@YAXPEAD0_KP6AHPEBX2@Z@Z 0000000180033bc0     libucrt:qsort.obj
 0004:00001bcc       $pdata$2$?shortsort@@YAXPEAD0_KP6AHPEBX2@Z@Z 0000000180033bcc     libucrt:qsort.obj
 0004:00001bd8       $pdata$3$?shortsort@@YAXPEAD0_KP6AHPEBX2@Z@Z 0000000180033bd8     libucrt:qsort.obj
 0004:00001be4       $pdata$strncpy_s           0000000180033be4     libucrt:strncpy_s.obj
 0004:00001bf0       $pdata$strpbrk             0000000180033bf0     libucrt:strpbrk.obj
 0004:00001bfc       $pdata$_mbsdec_l           0000000180033bfc     libucrt:mbsdec.obj
 0004:00001c08       $pdata$?initialize_multibyte@@YAHXZ 0000000180033c08     libucrt:multibyte_initializer.obj
 0004:00001c14       $pdata$fegetenv            0000000180033c14     libucrt:fegetenv.obj
 0004:00001c20       $pdata$fesetenv            0000000180033c20     libucrt:fesetenv.obj
 0004:00001c2c       $pdata$feholdexcept        0000000180033c2c     libucrt:feholdexcept.obj
 0004:00001c44       $pdata$_write              0000000180033c44     libucrt:write.obj
 0004:00001c50       $pdata$_write$fin$0        0000000180033c50     libucrt:write.obj
 0004:00001c5c       $pdata$_write_nolock       0000000180033c5c     libucrt:write.obj
 0004:00001c68       $pdata$?write_double_translated_ansi_nolock@@YA?AUwrite_result@?A0x9c548279@@HQEBDI@Z 0000000180033c68     libucrt:write.obj
 0004:00001c74       $pdata$?write_text_ansi_nolock@@YA?AUwrite_result@?A0x9c548279@@HQEBDI@Z 0000000180033c74     libucrt:write.obj
 0004:00001c80       $pdata$?write_text_utf16le_nolock@@YA?AUwrite_result@?A0x9c548279@@HQEBDI@Z 0000000180033c80     libucrt:write.obj
 0004:00001c8c       $pdata$?write_text_utf8_nolock@@YA?AUwrite_result@?A0x9c548279@@HQEBDI@Z 0000000180033c8c     libucrt:write.obj
 0004:00001c98       $pdata$??$common_lseek_nolock@_J@@YA_JH_JH@Z 0000000180033c98     libucrt:lseek.obj
 0004:00001ca4       $pdata$fclose              0000000180033ca4     libucrt:fclose.obj
 0004:00001cb0       $pdata$fclose$fin$0        0000000180033cb0     libucrt:fclose.obj
 0004:00001cbc       $pdata$_fclose_nolock      0000000180033cbc     libucrt:fclose.obj
 0004:00001cc8       $pdata$_commit             0000000180033cc8     libucrt:commit.obj
 0004:00001cd4       $pdata$??$?RV<lambda_b521505b218e5242e90febf6bfebc422>@@AEAV<lambda_6978c1fb23f02e42e1d9e99668cc68aa>@@V<lambda_314360699dd331753a4119843814e9a7>@@@?$__crt_seh_guarded_call@H@@QEAAH$$QEAV<lambda_b521505b218e5242e90febf6bfebc422>@@AEAV<lambda_6978c1fb23f02e42e1d9e99668cc68aa>@@$$QEAV<lambda_314360699dd331753a4119843814e9a7>@@@Z 0000000180033cd4     libucrt:commit.obj
 0004:00001ce0       $pdata$?fin$0@?0???$?RV<lambda_b521505b218e5242e90febf6bfebc422>@@AEAV<lambda_6978c1fb23f02e42e1d9e99668cc68aa>@@V<lambda_314360699dd331753a4119843814e9a7>@@@?$__crt_seh_guarded_call@H@@QEAAH$$QEAV<lambda_b521505b218e5242e90febf6bfebc422>@@AEAV<lambda_6978c1fb23f02e42e1d9e99668cc68aa>@@$$QEAV<lambda_314360699dd331753a4119843814e9a7>@@@Z@4HA 0000000180033ce0     libucrt:commit.obj
 0004:00001ce0       $pdata$?fin$0@?0???$?RV<lambda_bfedae4ebbf01fab1bb6dcc6a9e276e0>@@AEAV<lambda_2fe9b910cf3cbf4a0ab98a02ba45b3ec>@@V<lambda_237c231691f317818eb88cc1d5d642d6>@@@?$__crt_seh_guarded_call@H@@QEAAH$$QEAV<lambda_bfedae4ebbf01fab1bb6dcc6a9e276e0>@@AEAV<lambda_2fe9b910cf3cbf4a0ab98a02ba45b3ec>@@$$QEAV<lambda_237c231691f317818eb88cc1d5d642d6>@@@Z@4HA 0000000180033ce0     libucrt:close.obj
 0004:00001cec       $pdata$_setfpstatusword    0000000180033cec     libucrt:_fenvutils.obj
 0004:00001cf8       $pdata$_getfpcontrolword   0000000180033cf8     libucrt:_fenvutils.obj
 0004:00001d04       $pdata$_getfpstatusword    0000000180033d04     libucrt:_fenvutils.obj
 0004:00001d10       $pdata$_clearfp            0000000180033d10     libucrt:ieee.obj
 0004:00001d1c       $pdata$common_control87    0000000180033d1c     libucrt:ieee.obj
 0004:00001d28       $pdata$_ctrlfp$filt$0      0000000180033d28     libucrt:fpctrl.obj
 0004:00001d28       $pdata$common_control87$filt$0 0000000180033d28     libucrt:ieee.obj
 0004:00001d34       $pdata$_call_matherr       0000000180033d34     libucrt:libm_error.obj
 0004:00001d40       $pdata$_exception_enabled  0000000180033d40     libucrt:libm_error.obj
 0004:00001d4c       $pdata$_handle_error       0000000180033d4c     libucrt:libm_error.obj
 0004:00001d58       $pdata$__acrt_initialize_fma3 0000000180033d58     libucrt:fma3_available.obj
 0004:00001d64       $pdata$_log_special_common 0000000180033d64     libucrt:log_special.obj
 0004:00001d70       $pdata$_log10_special      0000000180033d70     libucrt:log_special.obj
 0004:00001d7c       $pdata$_putwch_nolock      0000000180033d7c     libucrt:putwch.obj
 0004:00001d88       $pdata$_close              0000000180033d88     libucrt:close.obj
 0004:00001d94       $pdata$_close_nolock       0000000180033d94     libucrt:close.obj
 0004:00001da0       $pdata$??$?RV<lambda_bfedae4ebbf01fab1bb6dcc6a9e276e0>@@AEAV<lambda_2fe9b910cf3cbf4a0ab98a02ba45b3ec>@@V<lambda_237c231691f317818eb88cc1d5d642d6>@@@?$__crt_seh_guarded_call@H@@QEAAH$$QEAV<lambda_bfedae4ebbf01fab1bb6dcc6a9e276e0>@@AEAV<lambda_2fe9b910cf3cbf4a0ab98a02ba45b3ec>@@$$QEAV<lambda_237c231691f317818eb88cc1d5d642d6>@@@Z 0000000180033da0     libucrt:close.obj
 0004:00001db8       $pdata$_set_errno_from_matherr 0000000180033db8     libucrt:fpexcept.obj
 0004:00001dc4       $pdata$_raise_exc          0000000180033dc4     libucrt:fpexcept.obj
 0004:00001dd0       $pdata$_raise_exc_ex       0000000180033dd0     libucrt:fpexcept.obj
 0004:00001ddc       $pdata$_clrfp              0000000180033ddc     libucrt:fpctrl.obj
 0004:00001de8       $pdata$_ctrlfp             0000000180033de8     libucrt:fpctrl.obj
 0004:00001df4       $pdata$_statfp             0000000180033df4     libucrt:fpctrl.obj
 0004:00001e00       $pdata$_set_statfp         0000000180033e00     libucrt:fpctrl.obj
 0004:00001e0c       $pdata$__dcrt_lowio_initialize_console_output 0000000180033e0c     libucrt:initcon.obj
 0004:00001e18       $pdata$__dcrt_terminate_console_output 0000000180033e18     libucrt:initcon.obj
 0004:00001e24       $pdata$_IsNonwritableInCurrentImage 0000000180033e24     LIBCMT:pesect.obj
 0004:00001e30       $pdata$_IsNonwritableInCurrentImage$filt$0 0000000180033e30     LIBCMT:pesect.obj
 0004:00001e3c       $pdata$strrchr             0000000180033e3c     libvcruntime:strrchr.obj
 0005:00000220       $R000000                   0000000180034220     POSKeyboard.res
 0005:00000b98       $R000978                   0000000180034b98     POSKeyboard.res
 0005:00000c80       $R000A60                   0000000180034c80     POSKeyboard.res
 0005:00000ee8       $R000CC8                   0000000180034ee8     POSKeyboard.res
 0005:00001418       $R0011F8                   0000000180035418     POSKeyboard.res
 0005:00003b20       $R003900                   0000000180037b20     POSKeyboard.res
 0005:00003b58       $R003938                   0000000180037b58     POSKeyboard.res
