 OPOSFiscalPrinter

 Timestamp is 5ed45809 (Mon Jun  1 10:21:13 2020)

 Preferred load address is 0000000180000000

 Start         Length     Name                   Class
 0001:00000000 000000c0H .text$di                CODE
 0001:000000c0 00024990H .text$mn                CODE
 0001:00024a50 00000040H .text$mn$00             CODE
 0001:00024a90 000004b0H .text$x                 CODE
 0001:00024f40 00000078H .text$yd                CODE
 0002:00000000 00000618H .idata$5                DATA
 0002:00000618 00000028H .00cfg                  DATA
 0002:00000640 00000008H .CRT$XCA                DATA
 0002:00000648 00000008H .CRT$XCL                DATA
 0002:00000650 00000020H .CRT$XCU                DATA
 0002:00000670 00000008H .CRT$XCZ                DATA
 0002:00000678 00000008H .CRT$XIA                DATA
 0002:00000680 00000020H .CRT$XIC                DATA
 0002:000006a0 00000008H .CRT$XIZ                DATA
 0002:000006a8 00000008H .CRT$XLA                DATA
 0002:000006b0 00000008H .CRT$XLZ                DATA
 0002:000006b8 00000008H .CRT$XPA                DATA
 0002:000006c0 00000010H .CRT$XPX                DATA
 0002:000006d0 00000008H .CRT$XPXA               DATA
 0002:000006d8 00000008H .CRT$XPZ                DATA
 0002:000006e0 00000008H .CRT$XTA                DATA
 0002:000006e8 00000008H .CRT$XTZ                DATA
 0002:000006f0 00000000H .gfids$y                DATA
 0002:000006f0 0000b6f0H .rdata                  DATA
 0002:0000bde0 00000028H .rdata$T                DATA
 0002:0000be08 00000274H .rdata$r                DATA
 0002:0000c07c 0000040cH .rdata$zzzdbg           DATA
 0002:0000c488 00000008H .rtc$IAA                DATA
 0002:0000c490 00000008H .rtc$IZZ                DATA
 0002:0000c498 00000008H .rtc$TAA                DATA
 0002:0000c4a0 00000008H .rtc$TZZ                DATA
 0002:0000c4a8 00000004H .tls                    DATA
 0002:0000c4ac 00000004H .tls$                   DATA
 0002:0000c4b0 00000008H .tls$ZZZ                DATA
 0002:0000c4b8 00001748H .xdata                  DATA
 0002:0000dc00 00000150H .xdata$x                DATA
 0002:0000dd50 00000008H ATL$__a                 DATA
 0002:0000dd58 00000008H ATL$__z                 DATA
 0002:0000dd60 000000b0H .edata                  DATA
 0002:0000de10 00000078H .idata$2                DATA
 0002:0000de88 00000018H .idata$3                DATA
 0002:0000dea0 00000618H .idata$4                DATA
 0002:0000e4b8 00000c2aH .idata$6                DATA
 0003:00000000 00000f88H .data                   DATA
 0003:00000f88 000000c8H .data$r                 DATA
 0003:00001050 0000140cH .bss                    DATA
 0004:00000000 00002454H .pdata                  DATA
 0005:00000000 00000094H _RDATA                  DATA
 0006:00000000 00000220H .rsrc$01                DATA
 0006:00000220 00009878H .rsrc$02                DATA

  Address         Publics by Value              Rva+Base               Lib:Object

 0000:00000000       __guard_fids_count         0000000000000000     <absolute>
 0000:00000000       __x64_code_ranges_to_entry_points 0000000000000000     <absolute>
 0000:00000000       __guard_longjmp_count      0000000000000000     <absolute>
 0000:00000000       __guard_longjmp_table      0000000000000000     <absolute>
 0000:00000000       __arm64x_redirection_metadata 0000000000000000     <absolute>
 0000:00000000       __hybrid_code_map          0000000000000000     <absolute>
 0000:00000000       __guard_iat_count          0000000000000000     <absolute>
 0000:00000000       __guard_iat_table          0000000000000000     <absolute>
 0000:00000000       __guard_eh_cont_count      0000000000000000     <absolute>
 0000:00000000       __arm64x_native_entrypoint 0000000000000000     <absolute>
 0000:00000000       __volatile_metadata        0000000000000000     <absolute>
 0000:00000000       __hybrid_code_map_count    0000000000000000     <absolute>
 0000:00000000       __guard_eh_cont_table      0000000000000000     <absolute>
 0000:00000000       __enclave_config           0000000000000000     <absolute>
 0000:00000000       ___safe_se_handler_count   0000000000000000     <absolute>
 0000:00000000       __AbsoluteZero             0000000000000000     <absolute>
 0000:00000000       ___safe_se_handler_table   0000000000000000     <absolute>
 0000:00000000       __guard_fids_table         0000000000000000     <absolute>
 0000:00000000       __hybrid_auxiliary_iat     0000000000000000     <absolute>
 0000:00000000       __dynamic_value_reloc_table 0000000000000000     <absolute>
 0000:00000100       __guard_flags              0000000000000100     <absolute>
 0000:00000000       __ImageBase                0000000180000000     <linker-defined>
 0001:000000c0       ?DupWide@_CW@@AEAAXXZ      00000001800010c0 f   CWString.obj
 0001:000000e8       ?cw_dup@@YAXPEBDAEAHAEAPEA_W1@Z 00000001800010e8 f   CWString.obj
 0001:000001c8       ?cw_memcpy@@YAHPEA_WPEBDH@Z 00000001800011c8 f   CWString.obj
 0001:00000214       ?cw_strcpy@@YAHPEA_WPEBD@Z 0000000180001214 f   CWString.obj
 0001:00000228       ??0CAtlComModule@ATL@@QEAA@XZ 0000000180001228 f i OposVariant.obj
 0001:000002a8       ??0CAtlWinModule@ATL@@QEAA@XZ 00000001800012a8 f i OposVariant.obj
 0001:00000314       ??0OposDispParms@@QEAA@PEAVOposVariant@@H@Z 0000000180001314 f   OposVariant.obj
 0001:000003bc       ??1OposDispParms@@QEAA@XZ  00000001800013bc f   OposVariant.obj
 0001:000003d4       ??_Estringdispid@CComTypeInfoHolder@ATL@@QEAAPEAXI@Z 00000001800013d4 f i OposVariant.obj
 0001:00000478       ?AtlWinModuleTerm@ATL@@YAJPEAU_ATL_WIN_MODULE70@1@PEAUHINSTANCE__@@@Z 0000000180001478 f i OposVariant.obj
 0001:00000528       ?ChangeBSTR@OposVariant@@QEAAXPEAPEA_WAEAJ@Z 0000000180001528 f   OposVariant.obj
 0001:00000588       ?ChangeLONG@OposVariant@@QEAAXPEAJAEAJ@Z 0000000180001588 f   OposVariant.obj
 0001:000005e4       ?GetLONG@OposVariant@@QEAAJXZ 00000001800015e4 f   OposVariant.obj
 0001:00000608       ?SetBSTR@OposVariant@@QEAAXPEA_WAEAJ@Z 0000000180001608 f   OposVariant.obj
 0001:00000648       ?SetBSTR_Copy@OposVariant@@QEAAXPEA_WAEAJ@Z 0000000180001648 f   OposVariant.obj
 0001:000006b8       ?SetBSTR_InOutPtr@OposVariant@@QEAA_NPEAPEA_WAEAJ@Z 00000001800016b8 f   OposVariant.obj
 0001:00000708       ?SetBSTR_OutPtr@OposVariant@@QEAA_NPEAPEA_WAEAJ@Z 0000000180001708 f   OposVariant.obj
 0001:00000724       ?SetCURRENCY@OposVariant@@QEAAXTtagCY@@@Z 0000000180001724 f   OposVariant.obj
 0001:00000758       ?SetDispatch_Ptr@OposVariant@@QEAAXPEAUIDispatch@@AEAJ@Z 0000000180001758 f   OposVariant.obj
 0001:000007b0       ?SetLONG@OposVariant@@QEAAXJ@Z 00000001800017b0 f   OposVariant.obj
 0001:000007e0       ?SetLONG_Ptr@OposVariant@@QEAAXPEAJAEAJ@Z 00000001800017e0 f   OposVariant.obj
 0001:0000082c       ?SetString@OposVariant@@QEAAXPEB_WAEAJ@Z 000000018000182c f   OposVariant.obj
 0001:00000890       ?SetVARIANT_BOOL@OposVariant@@QEAAXF@Z 0000000180001890 f   OposVariant.obj
 0001:000008c8       ?Term@CAtlComModule@ATL@@QEAAXXZ 00000001800018c8 f i OposVariant.obj
 0001:00000938       ?_AtlInitializeCriticalSectionEx@ATL@@YAHPEAU_RTL_CRITICAL_SECTION@@KK@Z 0000000180001938 f i OposVariant.obj
 0001:00000940       ?_AtlRaiseException@ATL@@YAXKK@Z 0000000180001940 f i OposVariant.obj
 0001:00000950       ?Next@?$CComEnumImpl@UIEnumConnections@@$1?_GUID_b196b287_bab4_101a_b69c_00aa00341d07@@3U__s_GUID@@BUtagCONNECTDATA@@V?$_Copy@UtagCONNECTDATA@@@ATL@@@ATL@@UEAAJKPEAUtagCONNECTDATA@@PEAK@Z 0000000180001950 f i FiscalPrinter.obj
 0001:00000a24       ?Skip@?$CComEnumImpl@UIEnumConnections@@$1?_GUID_b196b287_bab4_101a_b69c_00aa00341d07@@3U__s_GUID@@BUtagCONNECTDATA@@V?$_Copy@UtagCONNECTDATA@@@ATL@@@ATL@@UEAAJK@Z 0000000180001a24 f i FiscalPrinter.obj
 0001:00000a50       ?Reset@?$CComEnumImpl@UIEnumConnectionPoints@@$1?_GUID_b196b285_bab4_101a_b69c_00aa00341d07@@3U__s_GUID@@BPEAUIConnectionPoint@@V?$_CopyInterface@UIConnectionPoint@@@ATL@@@ATL@@UEAAJXZ 0000000180001a50 f i FiscalPrinter.obj
 0001:00000a50       ?Reset@?$CComEnumImpl@UIEnumConnections@@$1?_GUID_b196b287_bab4_101a_b69c_00aa00341d07@@3U__s_GUID@@BUtagCONNECTDATA@@V?$_Copy@UtagCONNECTDATA@@@ATL@@@ATL@@UEAAJXZ 0000000180001a50 f i FiscalPrinter.obj
 0001:00000a5c       ?Clone@?$CComEnumImpl@UIEnumConnections@@$1?_GUID_b196b287_bab4_101a_b69c_00aa00341d07@@3U__s_GUID@@BUtagCONNECTDATA@@V?$_Copy@UtagCONNECTDATA@@@ATL@@@ATL@@UEAAJPEAPEAUIEnumConnections@@@Z 0000000180001a5c f i FiscalPrinter.obj
 0001:00000b88       ?AddRef@?$CComObject@V?$CComEnum@UIEnumConnectionPoints@@$1?_GUID_b196b285_bab4_101a_b69c_00aa00341d07@@3U__s_GUID@@BPEAUIConnectionPoint@@V?$_CopyInterface@UIConnectionPoint@@@ATL@@VCComSingleThreadModel@6@@ATL@@@ATL@@UEAAKXZ 0000000180001b88 f i FiscalPrinter.obj
 0001:00000b88       ?AddRef@?$CComObject@V?$CComEnum@UIEnumConnections@@$1?_GUID_b196b287_bab4_101a_b69c_00aa00341d07@@3U__s_GUID@@BUtagCONNECTDATA@@V?$_Copy@UtagCONNECTDATA@@@ATL@@VCComSingleThreadModel@6@@ATL@@@ATL@@UEAAKXZ 0000000180001b88 f i FiscalPrinter.obj
 0001:00000b94       ?Release@?$CComObject@V?$CComEnum@UIEnumConnections@@$1?_GUID_b196b287_bab4_101a_b69c_00aa00341d07@@3U__s_GUID@@BUtagCONNECTDATA@@V?$_Copy@UtagCONNECTDATA@@@ATL@@VCComSingleThreadModel@6@@ATL@@@ATL@@UEAAKXZ 0000000180001b94 f i FiscalPrinter.obj
 0001:00000b94       ?Release@?$CComObject@V?$CComEnum@UIEnumConnectionPoints@@$1?_GUID_b196b285_bab4_101a_b69c_00aa00341d07@@3U__s_GUID@@BPEAUIConnectionPoint@@V?$_CopyInterface@UIConnectionPoint@@@ATL@@VCComSingleThreadModel@6@@ATL@@@ATL@@UEAAKXZ 0000000180001b94 f i FiscalPrinter.obj
 0001:00000be8       ?QueryInterface@?$CComObject@V?$CComEnum@UIEnumConnections@@$1?_GUID_b196b287_bab4_101a_b69c_00aa00341d07@@3U__s_GUID@@BUtagCONNECTDATA@@V?$_Copy@UtagCONNECTDATA@@@ATL@@VCComSingleThreadModel@6@@ATL@@@ATL@@UEAAJAEBU_GUID@@PEAPEAX@Z 0000000180001be8 f i FiscalPrinter.obj
 0001:00000bfc       ??_G?$CComObject@V?$CComEnum@UIEnumConnections@@$1?_GUID_b196b287_bab4_101a_b69c_00aa00341d07@@3U__s_GUID@@BUtagCONNECTDATA@@V?$_Copy@UtagCONNECTDATA@@@ATL@@VCComSingleThreadModel@6@@ATL@@@ATL@@UEAAPEAXI@Z 0000000180001bfc f i FiscalPrinter.obj
 0001:00000bfc       ??_E?$CComObject@V?$CComEnum@UIEnumConnections@@$1?_GUID_b196b287_bab4_101a_b69c_00aa00341d07@@3U__s_GUID@@BUtagCONNECTDATA@@V?$_Copy@UtagCONNECTDATA@@@ATL@@VCComSingleThreadModel@6@@ATL@@@ATL@@UEAAPEAXI@Z 0000000180001bfc f i FiscalPrinter.obj
 0001:00000c54       ?GetWindowProc@?$CWindowImplBaseT@VCWindow@ATL@@V?$CWinTraits@$0FGAAAAAA@$0A@@2@@ATL@@UEAAP6A_JPEAUHWND__@@I_K_J@ZXZ 0000000180001c54 f i FiscalPrinter.obj
 0001:00000c5c       ?StartWindowProc@?$CWindowImplBaseT@VCWindow@ATL@@V?$CWinTraits@$0FGAAAAAA@$0A@@2@@ATL@@SA_JPEAUHWND__@@I_K_J@Z 0000000180001c5c f i FiscalPrinter.obj
 0001:00000d20       ?ObjectMain@CComObjectRootBase@ATL@@SAX_N@Z 0000000180001d20 f i FiscalPrinter.obj
 0001:00000d20       _guard_check_icall_nop     0000000180001d20 f i LIBCMT:guard_support.obj
 0001:00000d20       ?OnFinalMessage@?$CWindowImplBaseT@VCWindow@ATL@@V?$CWinTraits@$0FGAAAAAA@$0A@@2@@ATL@@UEAAXPEAUHWND__@@@Z 0000000180001d20 f i FiscalPrinter.obj
 0001:00000d24       ??_E?$CComObject@VCOPOSFiscalPrinter@@@ATL@@W7EAAPEAXI@Z 0000000180001d24 f i FiscalPrinter.obj
 0001:00000d30       ??_E?$CComObject@VCOPOSFiscalPrinter@@@ATL@@WHA@EAAPEAXI@Z 0000000180001d30 f i FiscalPrinter.obj
 0001:00000d3c       ?QueryInterface@?$CComObject@VCOPOSFiscalPrinter@@@ATL@@WLI@EAAJAEBU_GUID@@PEAPEAX@Z 0000000180001d3c f i FiscalPrinter.obj
 0001:00000d48       ?AddRef@?$CComObject@VCOPOSFiscalPrinter@@@ATL@@WLI@EAAKXZ 0000000180001d48 f i FiscalPrinter.obj
 0001:00000d54       ?Release@?$CComObject@VCOPOSFiscalPrinter@@@ATL@@WLI@EAAKXZ 0000000180001d54 f i FiscalPrinter.obj
 0001:00000d60       ?QueryInterface@?$CComObject@VCOPOSFiscalPrinter@@@ATL@@WMA@EAAJAEBU_GUID@@PEAPEAX@Z 0000000180001d60 f i FiscalPrinter.obj
 0001:00000d6c       ?AddRef@?$CComObject@VCOPOSFiscalPrinter@@@ATL@@WMA@EAAKXZ 0000000180001d6c f i FiscalPrinter.obj
 0001:00000d78       ?Release@?$CComObject@VCOPOSFiscalPrinter@@@ATL@@WMA@EAAKXZ 0000000180001d78 f i FiscalPrinter.obj
 0001:00000d84       ?QueryInterface@?$CComObject@VCOPOSFiscalPrinter@@@ATL@@WMI@EAAJAEBU_GUID@@PEAPEAX@Z 0000000180001d84 f i FiscalPrinter.obj
 0001:00000d90       ?AddRef@?$CComObject@VCOPOSFiscalPrinter@@@ATL@@WMI@EAAKXZ 0000000180001d90 f i FiscalPrinter.obj
 0001:00000d9c       ?Release@?$CComObject@VCOPOSFiscalPrinter@@@ATL@@WMI@EAAKXZ 0000000180001d9c f i FiscalPrinter.obj
 0001:00000da8       ?QueryInterface@?$CComObject@VCOPOSFiscalPrinter@@@ATL@@WNA@EAAJAEBU_GUID@@PEAPEAX@Z 0000000180001da8 f i FiscalPrinter.obj
 0001:00000db4       ?AddRef@?$CComObject@VCOPOSFiscalPrinter@@@ATL@@WNA@EAAKXZ 0000000180001db4 f i FiscalPrinter.obj
 0001:00000dc0       ?Release@?$CComObject@VCOPOSFiscalPrinter@@@ATL@@WNA@EAAKXZ 0000000180001dc0 f i FiscalPrinter.obj
 0001:00000dcc       ?QueryInterface@?$CComObject@VCOPOSFiscalPrinter@@@ATL@@WNI@EAAJAEBU_GUID@@PEAPEAX@Z 0000000180001dcc f i FiscalPrinter.obj
 0001:00000dd8       ?AddRef@?$CComObject@VCOPOSFiscalPrinter@@@ATL@@WNI@EAAKXZ 0000000180001dd8 f i FiscalPrinter.obj
 0001:00000de4       ?Release@?$CComObject@VCOPOSFiscalPrinter@@@ATL@@WNI@EAAKXZ 0000000180001de4 f i FiscalPrinter.obj
 0001:00000df0       ?QueryInterface@?$CComObject@VCOPOSFiscalPrinter@@@ATL@@WOA@EAAJAEBU_GUID@@PEAPEAX@Z 0000000180001df0 f i FiscalPrinter.obj
 0001:00000dfc       ?AddRef@?$CComObject@VCOPOSFiscalPrinter@@@ATL@@WOA@EAAKXZ 0000000180001dfc f i FiscalPrinter.obj
 0001:00000e08       ?Release@?$CComObject@VCOPOSFiscalPrinter@@@ATL@@WOA@EAAKXZ 0000000180001e08 f i FiscalPrinter.obj
 0001:00000e14       ?QueryInterface@?$CComObject@VCOPOSFiscalPrinter@@@ATL@@WOI@EAAJAEBU_GUID@@PEAPEAX@Z 0000000180001e14 f i FiscalPrinter.obj
 0001:00000e20       ?AddRef@?$CComObject@VCOPOSFiscalPrinter@@@ATL@@WOI@EAAKXZ 0000000180001e20 f i FiscalPrinter.obj
 0001:00000e2c       ?Release@?$CComObject@VCOPOSFiscalPrinter@@@ATL@@WOI@EAAKXZ 0000000180001e2c f i FiscalPrinter.obj
 0001:00000e38       ?QueryInterface@?$CComObject@VCOPOSFiscalPrinter@@@ATL@@WPA@EAAJAEBU_GUID@@PEAPEAX@Z 0000000180001e38 f i FiscalPrinter.obj
 0001:00000e44       ?AddRef@?$CComObject@VCOPOSFiscalPrinter@@@ATL@@WPA@EAAKXZ 0000000180001e44 f i FiscalPrinter.obj
 0001:00000e50       ?Release@?$CComObject@VCOPOSFiscalPrinter@@@ATL@@WPA@EAAKXZ 0000000180001e50 f i FiscalPrinter.obj
 0001:00000e5c       ?QueryInterface@?$CComObject@VCOPOSFiscalPrinter@@@ATL@@WPI@EAAJAEBU_GUID@@PEAPEAX@Z 0000000180001e5c f i FiscalPrinter.obj
 0001:00000e68       ?AddRef@?$CComObject@VCOPOSFiscalPrinter@@@ATL@@WPI@EAAKXZ 0000000180001e68 f i FiscalPrinter.obj
 0001:00000e74       ?Release@?$CComObject@VCOPOSFiscalPrinter@@@ATL@@WPI@EAAKXZ 0000000180001e74 f i FiscalPrinter.obj
 0001:00000e80       ?QueryInterface@?$CComObject@VCOPOSFiscalPrinter@@@ATL@@WBAA@EAAJAEBU_GUID@@PEAPEAX@Z 0000000180001e80 f i FiscalPrinter.obj
 0001:00000e8c       ?AddRef@?$CComObject@VCOPOSFiscalPrinter@@@ATL@@WBAA@EAAKXZ 0000000180001e8c f i FiscalPrinter.obj
 0001:00000e98       ?Release@?$CComObject@VCOPOSFiscalPrinter@@@ATL@@WBAA@EAAKXZ 0000000180001e98 f i FiscalPrinter.obj
 0001:00000ea4       ?QueryInterface@?$CComObject@VCOPOSFiscalPrinter@@@ATL@@WBAI@EAAJAEBU_GUID@@PEAPEAX@Z 0000000180001ea4 f i FiscalPrinter.obj
 0001:00000eb0       ?AddRef@?$CComObject@VCOPOSFiscalPrinter@@@ATL@@WBAI@EAAKXZ 0000000180001eb0 f i FiscalPrinter.obj
 0001:00000ebc       ?Release@?$CComObject@VCOPOSFiscalPrinter@@@ATL@@WBAI@EAAKXZ 0000000180001ebc f i FiscalPrinter.obj
 0001:00000ec8       ?QueryInterface@?$CComObject@VCOPOSFiscalPrinter@@@ATL@@WBBA@EAAJAEBU_GUID@@PEAPEAX@Z 0000000180001ec8 f i FiscalPrinter.obj
 0001:00000ed4       ?AddRef@?$CComObject@VCOPOSFiscalPrinter@@@ATL@@WBBA@EAAKXZ 0000000180001ed4 f i FiscalPrinter.obj
 0001:00000ee0       ?Release@?$CComObject@VCOPOSFiscalPrinter@@@ATL@@WBBA@EAAKXZ 0000000180001ee0 f i FiscalPrinter.obj
 0001:00000eec       ?QueryInterface@?$CComObject@VCOPOSFiscalPrinter@@@ATL@@WBBI@EAAJAEBU_GUID@@PEAPEAX@Z 0000000180001eec f i FiscalPrinter.obj
 0001:00000ef8       ?AddRef@?$CComObject@VCOPOSFiscalPrinter@@@ATL@@WBBI@EAAKXZ 0000000180001ef8 f i FiscalPrinter.obj
 0001:00000f04       ?Release@?$CComObject@VCOPOSFiscalPrinter@@@ATL@@WBBI@EAAKXZ 0000000180001f04 f i FiscalPrinter.obj
 0001:00000f10       ?AddRef@?$CComObject@VCOPOSFiscalPrinter@@@ATL@@WBCI@EAAKXZ 0000000180001f10 f i FiscalPrinter.obj
 0001:00000f1c       ?Release@?$CComObject@VCOPOSFiscalPrinter@@@ATL@@WBCI@EAAKXZ 0000000180001f1c f i FiscalPrinter.obj
 0001:00000f28       ?AddRef@?$CComObject@VCOPOSFiscalPrinter@@@ATL@@WBEA@EAAKXZ 0000000180001f28 f i FiscalPrinter.obj
 0001:00000f34       ?Release@?$CComObject@VCOPOSFiscalPrinter@@@ATL@@WBEA@EAAKXZ 0000000180001f34 f i FiscalPrinter.obj
 0001:00000f40       ??_E?$CComContainedObject@VCOPOSFiscalPrinter@@@ATL@@W7EAAPEAXI@Z 0000000180001f40 f i FiscalPrinter.obj
 0001:00000f4c       ??_E?$CComContainedObject@VCOPOSFiscalPrinter@@@ATL@@WHA@EAAPEAXI@Z 0000000180001f4c f i FiscalPrinter.obj
 0001:00000f58       ?QueryInterface@?$CComContainedObject@VCOPOSFiscalPrinter@@@ATL@@WLI@EAAJAEBU_GUID@@PEAPEAX@Z 0000000180001f58 f i FiscalPrinter.obj
 0001:00000f64       ?AddRef@?$CComContainedObject@VCOPOSFiscalPrinter@@@ATL@@WLI@EAAKXZ 0000000180001f64 f i FiscalPrinter.obj
 0001:00000f70       ?Release@?$CComContainedObject@VCOPOSFiscalPrinter@@@ATL@@WLI@EAAKXZ 0000000180001f70 f i FiscalPrinter.obj
 0001:00000f7c       ?QueryInterface@?$CComContainedObject@VCOPOSFiscalPrinter@@@ATL@@WMA@EAAJAEBU_GUID@@PEAPEAX@Z 0000000180001f7c f i FiscalPrinter.obj
 0001:00000f88       ?AddRef@?$CComContainedObject@VCOPOSFiscalPrinter@@@ATL@@WMA@EAAKXZ 0000000180001f88 f i FiscalPrinter.obj
 0001:00000f94       ?Release@?$CComContainedObject@VCOPOSFiscalPrinter@@@ATL@@WMA@EAAKXZ 0000000180001f94 f i FiscalPrinter.obj
 0001:00000fa0       ?QueryInterface@?$CComContainedObject@VCOPOSFiscalPrinter@@@ATL@@WMI@EAAJAEBU_GUID@@PEAPEAX@Z 0000000180001fa0 f i FiscalPrinter.obj
 0001:00000fac       ?AddRef@?$CComContainedObject@VCOPOSFiscalPrinter@@@ATL@@WMI@EAAKXZ 0000000180001fac f i FiscalPrinter.obj
 0001:00000fb8       ?Release@?$CComContainedObject@VCOPOSFiscalPrinter@@@ATL@@WMI@EAAKXZ 0000000180001fb8 f i FiscalPrinter.obj
 0001:00000fc4       ?QueryInterface@?$CComContainedObject@VCOPOSFiscalPrinter@@@ATL@@WNA@EAAJAEBU_GUID@@PEAPEAX@Z 0000000180001fc4 f i FiscalPrinter.obj
 0001:00000fd0       ?AddRef@?$CComContainedObject@VCOPOSFiscalPrinter@@@ATL@@WNA@EAAKXZ 0000000180001fd0 f i FiscalPrinter.obj
 0001:00000fdc       ?Release@?$CComContainedObject@VCOPOSFiscalPrinter@@@ATL@@WNA@EAAKXZ 0000000180001fdc f i FiscalPrinter.obj
 0001:00000fe8       ?QueryInterface@?$CComContainedObject@VCOPOSFiscalPrinter@@@ATL@@WNI@EAAJAEBU_GUID@@PEAPEAX@Z 0000000180001fe8 f i FiscalPrinter.obj
 0001:00000ff4       ?AddRef@?$CComContainedObject@VCOPOSFiscalPrinter@@@ATL@@WNI@EAAKXZ 0000000180001ff4 f i FiscalPrinter.obj
 0001:00001000       ?Release@?$CComContainedObject@VCOPOSFiscalPrinter@@@ATL@@WNI@EAAKXZ 0000000180002000 f i FiscalPrinter.obj
 0001:0000100c       ?QueryInterface@?$CComContainedObject@VCOPOSFiscalPrinter@@@ATL@@WOA@EAAJAEBU_GUID@@PEAPEAX@Z 000000018000200c f i FiscalPrinter.obj
 0001:00001018       ?AddRef@?$CComContainedObject@VCOPOSFiscalPrinter@@@ATL@@WOA@EAAKXZ 0000000180002018 f i FiscalPrinter.obj
 0001:00001024       ?Release@?$CComContainedObject@VCOPOSFiscalPrinter@@@ATL@@WOA@EAAKXZ 0000000180002024 f i FiscalPrinter.obj
 0001:00001030       ?QueryInterface@?$CComContainedObject@VCOPOSFiscalPrinter@@@ATL@@WOI@EAAJAEBU_GUID@@PEAPEAX@Z 0000000180002030 f i FiscalPrinter.obj
 0001:0000103c       ?AddRef@?$CComContainedObject@VCOPOSFiscalPrinter@@@ATL@@WOI@EAAKXZ 000000018000203c f i FiscalPrinter.obj
 0001:00001048       ?Release@?$CComContainedObject@VCOPOSFiscalPrinter@@@ATL@@WOI@EAAKXZ 0000000180002048 f i FiscalPrinter.obj
 0001:00001054       ?QueryInterface@?$CComContainedObject@VCOPOSFiscalPrinter@@@ATL@@WPA@EAAJAEBU_GUID@@PEAPEAX@Z 0000000180002054 f i FiscalPrinter.obj
 0001:00001060       ?AddRef@?$CComContainedObject@VCOPOSFiscalPrinter@@@ATL@@WPA@EAAKXZ 0000000180002060 f i FiscalPrinter.obj
 0001:0000106c       ?Release@?$CComContainedObject@VCOPOSFiscalPrinter@@@ATL@@WPA@EAAKXZ 000000018000206c f i FiscalPrinter.obj
 0001:00001078       ?QueryInterface@?$CComContainedObject@VCOPOSFiscalPrinter@@@ATL@@WPI@EAAJAEBU_GUID@@PEAPEAX@Z 0000000180002078 f i FiscalPrinter.obj
 0001:00001084       ?AddRef@?$CComContainedObject@VCOPOSFiscalPrinter@@@ATL@@WPI@EAAKXZ 0000000180002084 f i FiscalPrinter.obj
 0001:00001090       ?Release@?$CComContainedObject@VCOPOSFiscalPrinter@@@ATL@@WPI@EAAKXZ 0000000180002090 f i FiscalPrinter.obj
 0001:0000109c       ?QueryInterface@?$CComContainedObject@VCOPOSFiscalPrinter@@@ATL@@WBAA@EAAJAEBU_GUID@@PEAPEAX@Z 000000018000209c f i FiscalPrinter.obj
 0001:000010a8       ?AddRef@?$CComContainedObject@VCOPOSFiscalPrinter@@@ATL@@WBAA@EAAKXZ 00000001800020a8 f i FiscalPrinter.obj
 0001:000010b4       ?Release@?$CComContainedObject@VCOPOSFiscalPrinter@@@ATL@@WBAA@EAAKXZ 00000001800020b4 f i FiscalPrinter.obj
 0001:000010c0       ?QueryInterface@?$CComContainedObject@VCOPOSFiscalPrinter@@@ATL@@WBAI@EAAJAEBU_GUID@@PEAPEAX@Z 00000001800020c0 f i FiscalPrinter.obj
 0001:000010cc       ?AddRef@?$CComContainedObject@VCOPOSFiscalPrinter@@@ATL@@WBAI@EAAKXZ 00000001800020cc f i FiscalPrinter.obj
 0001:000010d8       ?Release@?$CComContainedObject@VCOPOSFiscalPrinter@@@ATL@@WBAI@EAAKXZ 00000001800020d8 f i FiscalPrinter.obj
 0001:000010e4       ?QueryInterface@?$CComContainedObject@VCOPOSFiscalPrinter@@@ATL@@WBBA@EAAJAEBU_GUID@@PEAPEAX@Z 00000001800020e4 f i FiscalPrinter.obj
 0001:000010f0       ?AddRef@?$CComContainedObject@VCOPOSFiscalPrinter@@@ATL@@WBBA@EAAKXZ 00000001800020f0 f i FiscalPrinter.obj
 0001:000010fc       ?Release@?$CComContainedObject@VCOPOSFiscalPrinter@@@ATL@@WBBA@EAAKXZ 00000001800020fc f i FiscalPrinter.obj
 0001:00001108       ?QueryInterface@?$CComContainedObject@VCOPOSFiscalPrinter@@@ATL@@WBBI@EAAJAEBU_GUID@@PEAPEAX@Z 0000000180002108 f i FiscalPrinter.obj
 0001:00001114       ?AddRef@?$CComContainedObject@VCOPOSFiscalPrinter@@@ATL@@WBBI@EAAKXZ 0000000180002114 f i FiscalPrinter.obj
 0001:00001120       ?Release@?$CComContainedObject@VCOPOSFiscalPrinter@@@ATL@@WBBI@EAAKXZ 0000000180002120 f i FiscalPrinter.obj
 0001:0000112c       ?AddRef@?$CComContainedObject@VCOPOSFiscalPrinter@@@ATL@@WBCI@EAAKXZ 000000018000212c f i FiscalPrinter.obj
 0001:00001138       ?Release@?$CComContainedObject@VCOPOSFiscalPrinter@@@ATL@@WBCI@EAAKXZ 0000000180002138 f i FiscalPrinter.obj
 0001:00001144       ?AddRef@?$CComContainedObject@VCOPOSFiscalPrinter@@@ATL@@WBEA@EAAKXZ 0000000180002144 f i FiscalPrinter.obj
 0001:00001150       ?Release@?$CComContainedObject@VCOPOSFiscalPrinter@@@ATL@@WBEA@EAAKXZ 0000000180002150 f i FiscalPrinter.obj
 0001:0000115c       ?Lock@CAtlModule@ATL@@UEAAJXZ 000000018000215c f i FiscalPrinter.obj
 0001:0000116c       ?Unlock@CAtlModule@ATL@@UEAAJXZ 000000018000216c f i FiscalPrinter.obj
 0001:00001178       ?GetLockCount@CAtlModule@ATL@@UEAAJXZ 0000000180002178 f i FiscalPrinter.obj
 0001:0000117c       ?GetGITPtr@CAtlModule@ATL@@UEAAJPEAPEAUIGlobalInterfaceTable@@@Z 000000018000217c f i FiscalPrinter.obj
 0001:000011ec       ?GetTypeInfoCount@?$IDispatchImpl@UIOPOSFiscalPrinter@@$1?IID_IOPOSFiscalPrinter@@3U_GUID@@B$1?LIBID_OposFiscalPrinter_CCO@@3U3@B$00$0A@VCComTypeInfoHolder@ATL@@@ATL@@UEAAJPEAI@Z 00000001800021ec f i FiscalPrinter.obj
 0001:00001200       ?GetTypeInfo@?$IDispatchImpl@UIOPOSFiscalPrinter@@$1?IID_IOPOSFiscalPrinter@@3U_GUID@@B$1?LIBID_OposFiscalPrinter_CCO@@3U3@B$00$0A@VCComTypeInfoHolder@ATL@@@ATL@@UEAAJIKPEAPEAUITypeInfo@@@Z 0000000180002200 f i FiscalPrinter.obj
 0001:00001264       ?GetIDsOfNames@?$IDispatchImpl@UIOPOSFiscalPrinter@@$1?IID_IOPOSFiscalPrinter@@3U_GUID@@B$1?LIBID_OposFiscalPrinter_CCO@@3U3@B$00$0A@VCComTypeInfoHolder@ATL@@@ATL@@UEAAJAEBU_GUID@@PEAPEA_WIKPEAJ@Z 0000000180002264 f i FiscalPrinter.obj
 0001:00001270       ?Invoke@?$IDispatchImpl@UIOPOSFiscalPrinter@@$1?IID_IOPOSFiscalPrinter@@3U_GUID@@B$1?LIBID_OposFiscalPrinter_CCO@@3U3@B$00$0A@VCComTypeInfoHolder@ATL@@@ATL@@UEAAJJAEBU_GUID@@KGPEAUtagDISPPARAMS@@PEAUtagVARIANT@@PEAUtagEXCEPINFO@@PEAI@Z 0000000180002270 f i FiscalPrinter.obj
 0001:00001300       ?CreateControlWindow@?$CComControl@VCOPOSFiscalPrinter@@V?$CWindowImpl@VCOPOSFiscalPrinter@@VCWindow@ATL@@V?$CWinTraits@$0FGAAAAAA@$0A@@3@@ATL@@@ATL@@UEAAPEAUHWND__@@PEAU3@AEAUtagRECT@@@Z 0000000180002300 f i FiscalPrinter.obj
 0001:00001338       ?ControlQueryInterface@?$CComControl@VCOPOSFiscalPrinter@@V?$CWindowImpl@VCOPOSFiscalPrinter@@VCWindow@ATL@@V?$CWinTraits@$0FGAAAAAA@$0A@@3@@ATL@@@ATL@@UEAAJAEBU_GUID@@PEAPEAX@Z 0000000180002338 f i FiscalPrinter.obj
 0001:0000134c       ?GetUserClassID@?$IOleObjectImpl@VCOPOSFiscalPrinter@@@ATL@@UEAAJPEAU_GUID@@@Z 000000018000234c f i FiscalPrinter.obj
 0001:0000134c       ?GetClassID@?$IPersistStreamInitImpl@VCOPOSFiscalPrinter@@@ATL@@UEAAJPEAU_GUID@@@Z 000000018000234c f i FiscalPrinter.obj
 0001:0000134c       ?GetClassID@?$IPersistStorageImpl@VCOPOSFiscalPrinter@@@ATL@@UEAAJPEAU_GUID@@@Z 000000018000234c f i FiscalPrinter.obj
 0001:00001368       ?IsDirty@?$IPersistStreamInitImpl@VCOPOSFiscalPrinter@@@ATL@@UEAAJXZ 0000000180002368 f i FiscalPrinter.obj
 0001:00001384       ?Load@?$IPersistStreamInitImpl@VCOPOSFiscalPrinter@@@ATL@@UEAAJPEAUIStream@@@Z 0000000180002384 f i FiscalPrinter.obj
 0001:0000139c       ?Save@?$IPersistStreamInitImpl@VCOPOSFiscalPrinter@@@ATL@@UEAAJPEAUIStream@@H@Z 000000018000239c f i FiscalPrinter.obj
 0001:000013b4       ?GetSizeMax@?$IPersistStreamInitImpl@VCOPOSFiscalPrinter@@@ATL@@UEAAJPEAT_ULARGE_INTEGER@@@Z 00000001800023b4 f i FiscalPrinter.obj
 0001:000015e0       ?InitNew@?$IPersistStreamInitImpl@VCOPOSFiscalPrinter@@@ATL@@UEAAJXZ 00000001800025e0 f i FiscalPrinter.obj
 0001:000015f8       ?GetColorSet@?$IViewObjectExImpl@VCOPOSFiscalPrinter@@@ATL@@UEAAJKJPEAXPEAUtagDVTARGETDEVICE@@PEAUHDC__@@PEAPEAUtagLOGPALETTE@@@Z 00000001800025f8 f i FiscalPrinter.obj
 0001:000015f8       ?SetMoniker@?$IOleObjectImpl@VCOPOSFiscalPrinter@@@ATL@@UEAAJKPEAUIMoniker@@@Z 00000001800025f8 f i FiscalPrinter.obj
 0001:000015f8       ?GetMoniker@?$IOleObjectImpl@VCOPOSFiscalPrinter@@@ATL@@UEAAJKKPEAPEAUIMoniker@@@Z 00000001800025f8 f i FiscalPrinter.obj
 0001:000015f8       ?GetDataHere@?$IDataObjectImpl@VCOPOSFiscalPrinter@@@ATL@@UEAAJPEAUtagFORMATETC@@PEAUtagSTGMEDIUM@@@Z 00000001800025f8 f i FiscalPrinter.obj
 0001:000015f8       ?SODataDummy@COPOSFiscalPrinter@@MEAAJJ@Z 00000001800025f8 f i FiscalPrinter.obj
 0001:000015f8       ?QueryInterface@CRegObject@ATL@@UEAAJAEBU_GUID@@PEAPEAX@Z 00000001800025f8 f i FiscalPrinter.obj
 0001:000015f8       ?QueryGetData@?$IDataObjectImpl@VCOPOSFiscalPrinter@@@ATL@@UEAAJPEAUtagFORMATETC@@@Z 00000001800025f8 f i FiscalPrinter.obj
 0001:000015f8       ?SetData@?$IDataObjectImpl@VCOPOSFiscalPrinter@@@ATL@@UEAAJPEAUtagFORMATETC@@PEAUtagSTGMEDIUM@@H@Z 00000001800025f8 f i FiscalPrinter.obj
 0001:000015f8       ?GetRect@?$IViewObjectExImpl@VCOPOSFiscalPrinter@@@ATL@@UEAAJKPEAU_RECTL@@@Z 00000001800025f8 f i FiscalPrinter.obj
 0001:000015f8       ?SetColorScheme@?$IOleObjectImpl@VCOPOSFiscalPrinter@@@ATL@@UEAAJPEAUtagLOGPALETTE@@@Z 00000001800025f8 f i FiscalPrinter.obj
 0001:000015f8       ?ContextSensitiveHelp@?$IOleInPlaceActiveObjectImpl@VCOPOSFiscalPrinter@@@ATL@@UEAAJH@Z 00000001800025f8 f i FiscalPrinter.obj
 0001:000015f8       ?EnumFormatEtc@?$IDataObjectImpl@VCOPOSFiscalPrinter@@@ATL@@UEAAJKPEAPEAUIEnumFORMATETC@@@Z 00000001800025f8 f i FiscalPrinter.obj
 0001:000015f8       ?Unfreeze@?$IViewObjectExImpl@VCOPOSFiscalPrinter@@@ATL@@UEAAJK@Z 00000001800025f8 f i FiscalPrinter.obj
 0001:000015f8       ?GetDropTarget@?$IOleInPlaceObjectWindowlessImpl@VCOPOSFiscalPrinter@@@ATL@@UEAAJPEAPEAUIDropTarget@@@Z 00000001800025f8 f i FiscalPrinter.obj
 0001:000015f8       ?GetClipboardData@?$IOleObjectImpl@VCOPOSFiscalPrinter@@@ATL@@UEAAJKPEAPEAUIDataObject@@@Z 00000001800025f8 f i FiscalPrinter.obj
 0001:000015f8       ?GetCanonicalFormatEtc@?$IDataObjectImpl@VCOPOSFiscalPrinter@@@ATL@@UEAAJPEAUtagFORMATETC@@0@Z 00000001800025f8 f i FiscalPrinter.obj
 0001:000015f8       ?InitFromData@?$IOleObjectImpl@VCOPOSFiscalPrinter@@@ATL@@UEAAJPEAUIDataObject@@HK@Z 00000001800025f8 f i FiscalPrinter.obj
 0001:000015f8       ?OnMnemonic@?$IOleControlImpl@VCOPOSFiscalPrinter@@@ATL@@UEAAJPEAUtagMSG@@@Z 00000001800025f8 f i FiscalPrinter.obj
 0001:000015f8       ?ContextSensitiveHelp@?$IOleInPlaceObjectWindowlessImpl@VCOPOSFiscalPrinter@@@ATL@@UEAAJH@Z 00000001800025f8 f i FiscalPrinter.obj
 0001:000015f8       ?ReactivateAndUndo@?$IOleInPlaceObjectWindowlessImpl@VCOPOSFiscalPrinter@@@ATL@@UEAAJXZ 00000001800025f8 f i FiscalPrinter.obj
 0001:000015f8       ?GetControlInfo@?$IOleControlImpl@VCOPOSFiscalPrinter@@@ATL@@UEAAJPEAUtagCONTROLINFO@@@Z 00000001800025f8 f i FiscalPrinter.obj
 0001:000015f8       ?Freeze@?$IViewObjectExImpl@VCOPOSFiscalPrinter@@@ATL@@UEAAJKJPEAXPEAK@Z 00000001800025f8 f i FiscalPrinter.obj
 0001:00001600       ?GetObjectDescription@?$CComCoClass@VCOPOSFiscalPrinter@@$1?CLSID_OPOSFiscalPrinter@@3U_GUID@@B@ATL@@SAPEB_WXZ 0000000180002600 f i FiscalPrinter.obj
 0001:00001600       ?OnFrameWindowActivate@?$IOleInPlaceActiveObjectImpl@VCOPOSFiscalPrinter@@@ATL@@UEAAJH@Z 0000000180002600 f i FiscalPrinter.obj
 0001:00001600       ?IsUpToDate@?$IOleObjectImpl@VCOPOSFiscalPrinter@@@ATL@@UEAAJXZ 0000000180002600 f i FiscalPrinter.obj
 0001:00001600       ?Update@?$IOleObjectImpl@VCOPOSFiscalPrinter@@@ATL@@UEAAJXZ 0000000180002600 f i FiscalPrinter.obj
 0001:00001600       ?Release@CRegObject@ATL@@UEAAKXZ 0000000180002600 f i FiscalPrinter.obj
 0001:00001600       ?ResizeBorder@?$IOleInPlaceActiveObjectImpl@VCOPOSFiscalPrinter@@@ATL@@UEAAJPEBUtagRECT@@PEAUIOleInPlaceUIWindow@@H@Z 0000000180002600 f i FiscalPrinter.obj
 0001:00001600       ?SetHostNames@?$IOleObjectImpl@VCOPOSFiscalPrinter@@@ATL@@UEAAJPEB_W0@Z 0000000180002600 f i FiscalPrinter.obj
 0001:00001600       ?SaveCompleted@?$IPersistStorageImpl@VCOPOSFiscalPrinter@@@ATL@@UEAAJPEAUIStorage@@@Z 0000000180002600 f i FiscalPrinter.obj
 0001:00001600       ?GetCategoryMap@CComObjectRootBase@ATL@@SAPEBU_ATL_CATMAP_ENTRY@2@XZ 0000000180002600 f i FiscalPrinter.obj
 0001:00001600       ?OnAmbientPropertyChange@?$IOleControlImpl@VCOPOSFiscalPrinter@@@ATL@@UEAAJJ@Z 0000000180002600 f i FiscalPrinter.obj
 0001:00001600       ?HandsOffStorage@?$IPersistStorageImpl@VCOPOSFiscalPrinter@@@ATL@@UEAAJXZ 0000000180002600 f i FiscalPrinter.obj
 0001:00001600       ?EnableModeless@?$IOleInPlaceActiveObjectImpl@VCOPOSFiscalPrinter@@@ATL@@UEAAJH@Z 0000000180002600 f i FiscalPrinter.obj
 0001:00001604       ?SetClientSite@?$IOleObjectImpl@VCOPOSFiscalPrinter@@@ATL@@UEAAJPEAUIOleClientSite@@@Z 0000000180002604 f i FiscalPrinter.obj
 0001:00001620       ?GetClientSite@?$IOleObjectImpl@VCOPOSFiscalPrinter@@@ATL@@UEAAJPEAPEAUIOleClientSite@@@Z 0000000180002620 f i FiscalPrinter.obj
 0001:00001668       ?Close@?$IOleObjectImpl@VCOPOSFiscalPrinter@@@ATL@@UEAAJK@Z 0000000180002668 f i FiscalPrinter.obj
 0001:00001684       ?AddCommonRGSReplacements@?$CAtlModuleT@VCComModule@ATL@@@ATL@@UEAAJPEAUIRegistrarBase@@@Z 0000000180002684 f i FiscalPrinter.obj
 0001:0000169c       ?DoVerb@?$IOleObjectImpl@VCOPOSFiscalPrinter@@@ATL@@UEAAJJPEAUtagMSG@@PEAUIOleClientSite@@JPEAUHWND__@@PEBUtagRECT@@@Z 000000018000269c f i FiscalPrinter.obj
 0001:00001840       ?EnumVerbs@?$IOleObjectImpl@VCOPOSFiscalPrinter@@@ATL@@UEAAJPEAPEAUIEnumOLEVERB@@@Z 0000000180002840 f i FiscalPrinter.obj
 0001:0000185c       ?GetUserType@?$IOleObjectImpl@VCOPOSFiscalPrinter@@@ATL@@UEAAJKPEAPEA_W@Z 000000018000285c f i FiscalPrinter.obj
 0001:0000186c       ?SetExtent@?$IOleObjectImpl@VCOPOSFiscalPrinter@@@ATL@@UEAAJKPEAUtagSIZE@@@Z 000000018000286c f i FiscalPrinter.obj
 0001:00001888       ?GetExtent@?$IOleObjectImpl@VCOPOSFiscalPrinter@@@ATL@@UEAAJKPEAUtagSIZE@@@Z 0000000180002888 f i FiscalPrinter.obj
 0001:000018b8       ?Advise@?$IOleObjectImpl@VCOPOSFiscalPrinter@@@ATL@@UEAAJPEAUIAdviseSink@@PEAK@Z 00000001800028b8 f i FiscalPrinter.obj
 0001:00001914       ?Unadvise@?$IOleObjectImpl@VCOPOSFiscalPrinter@@@ATL@@UEAAJK@Z 0000000180002914 f i FiscalPrinter.obj
 0001:0000194c       ?EnumAdvise@?$IOleObjectImpl@VCOPOSFiscalPrinter@@@ATL@@UEAAJPEAPEAUIEnumSTATDATA@@@Z 000000018000294c f i FiscalPrinter.obj
 0001:00001994       ?GetMiscStatus@?$IOleObjectImpl@VCOPOSFiscalPrinter@@@ATL@@UEAAJKPEAK@Z 0000000180002994 f i FiscalPrinter.obj
 0001:000019a4       ?GetWindow@?$IOleInPlaceActiveObjectImpl@VCOPOSFiscalPrinter@@@ATL@@UEAAJPEAPEAUHWND__@@@Z 00000001800029a4 f i FiscalPrinter.obj
 0001:000019f8       ?UpdateRegistryFromResourceD@CComModule@ATL@@UEAAJIHPEAU_ATL_REGMAP_ENTRY@2@@Z 00000001800029f8 f i FiscalPrinter.obj
 0001:000019f8       ?UpdateRegistryFromResourceD@CComModule@ATL@@UEAAJPEB_WHPEAU_ATL_REGMAP_ENTRY@2@@Z 00000001800029f8 f i FiscalPrinter.obj
 0001:00001a00       ?TranslateAcceleratorW@?$IOleInPlaceActiveObjectImpl@VCOPOSFiscalPrinter@@@ATL@@UEAAJPEAUtagMSG@@@Z 0000000180002a00 f i FiscalPrinter.obj
 0001:00001af4       ?OnDocWindowActivate@?$IOleInPlaceActiveObjectImpl@VCOPOSFiscalPrinter@@@ATL@@UEAAJH@Z 0000000180002af4 f i FiscalPrinter.obj
 0001:00001b20       ?UpdateRegistryFromResource@CComModule@ATL@@UEAAJPEB_WHPEAU_ATL_REGMAP_ENTRY@2@@Z 0000000180002b20 f i FiscalPrinter.obj
 0001:00001b28       ?UpdateRegistryFromResource@CComModule@ATL@@UEAAJIHPEAU_ATL_REGMAP_ENTRY@2@@Z 0000000180002b28 f i FiscalPrinter.obj
 0001:00001b30       ?Draw@?$IViewObjectExImpl@VCOPOSFiscalPrinter@@@ATL@@UEAAJKJPEAXPEAUtagDVTARGETDEVICE@@PEAUHDC__@@2PEBU_RECTL@@3P6AH_K@Z4@Z 0000000180002b30 f i FiscalPrinter.obj
 0001:00001b94       ?SetAdvise@?$IViewObjectExImpl@VCOPOSFiscalPrinter@@@ATL@@UEAAJKKPEAUIAdviseSink@@@Z 0000000180002b94 f i FiscalPrinter.obj
 0001:00001be8       ?GetAdvise@?$IViewObjectExImpl@VCOPOSFiscalPrinter@@@ATL@@UEAAJPEAK0PEAPEAUIAdviseSink@@@Z 0000000180002be8 f i FiscalPrinter.obj
 0001:00001c24       ?GetExtent@?$IViewObjectExImpl@VCOPOSFiscalPrinter@@@ATL@@UEAAJKJPEAUtagDVTARGETDEVICE@@PEAUtagSIZE@@@Z 0000000180002c24 f i FiscalPrinter.obj
 0001:00001c54       ?GetViewStatus@?$IViewObjectExImpl@VCOPOSFiscalPrinter@@@ATL@@UEAAJPEAK@Z 0000000180002c54 f i FiscalPrinter.obj
 0001:00001c68       ?QueryHitPoint@?$IViewObjectExImpl@VCOPOSFiscalPrinter@@@ATL@@UEAAJKPEBUtagRECT@@UtagPOINT@@JPEAK@Z 0000000180002c68 f i FiscalPrinter.obj
 0001:00001cac       ?QueryHitRect@?$IViewObjectExImpl@VCOPOSFiscalPrinter@@@ATL@@UEAAJKPEBUtagRECT@@0JPEAK@Z 0000000180002cac f i FiscalPrinter.obj
 0001:00001d14       ??_ECComModule@ATL@@UEAAPEAXI@Z 0000000180002d14 f i FiscalPrinter.obj
 0001:00001d14       ??_GCComModule@ATL@@UEAAPEAXI@Z 0000000180002d14 f i FiscalPrinter.obj
 0001:00001d54       ?GetNaturalExtent@?$IViewObjectExImpl@VCOPOSFiscalPrinter@@@ATL@@UEAAJKJPEAUtagDVTARGETDEVICE@@PEAUHDC__@@PEAUtagExtentInfo@@PEAUtagSIZE@@@Z 0000000180002d54 f i FiscalPrinter.obj
 0001:00001d9c       ?GetWindow@?$IOleInPlaceObjectWindowlessImpl@VCOPOSFiscalPrinter@@@ATL@@UEAAJPEAPEAUHWND__@@@Z 0000000180002d9c f i FiscalPrinter.obj
 0001:00001df0       ?InPlaceDeactivate@?$IOleInPlaceObjectWindowlessImpl@VCOPOSFiscalPrinter@@@ATL@@UEAAJXZ 0000000180002df0 f i FiscalPrinter.obj
 0001:00001e0c       ?UIDeactivate@?$IOleInPlaceObjectWindowlessImpl@VCOPOSFiscalPrinter@@@ATL@@UEAAJXZ 0000000180002e0c f i FiscalPrinter.obj
 0001:00001e28       ?SetObjectRects@?$IOleInPlaceObjectWindowlessImpl@VCOPOSFiscalPrinter@@@ATL@@UEAAJPEBUtagRECT@@0@Z 0000000180002e28 f i FiscalPrinter.obj
 0001:00001e44       ?OnWindowMessage@?$IOleInPlaceObjectWindowlessImpl@VCOPOSFiscalPrinter@@@ATL@@UEAAJI_K_JPEA_J@Z 0000000180002e44 f i FiscalPrinter.obj
 0001:00001f0c       ?EnumConnectionPoints@?$IConnectionPointContainerImpl@VCOPOSFiscalPrinter@@@ATL@@UEAAJPEAPEAUIEnumConnectionPoints@@@Z 0000000180002f0c f i FiscalPrinter.obj
 0001:00002158       ?FindConnectionPoint@?$IConnectionPointContainerImpl@VCOPOSFiscalPrinter@@@ATL@@UEAAJAEBU_GUID@@PEAPEAUIConnectionPoint@@@Z 0000000180003158 f i FiscalPrinter.obj
 0001:00002228       ?IsDirty@?$IPersistStorageImpl@VCOPOSFiscalPrinter@@@ATL@@UEAAJXZ 0000000180003228 f i FiscalPrinter.obj
 0001:00002268       ?InitNew@?$IPersistStorageImpl@VCOPOSFiscalPrinter@@@ATL@@UEAAJPEAUIStorage@@@Z 0000000180003268 f i FiscalPrinter.obj
 0001:000022a8       ?Load@?$IPersistStorageImpl@VCOPOSFiscalPrinter@@@ATL@@UEAAJPEAUIStorage@@@Z 00000001800032a8 f i FiscalPrinter.obj
 0001:00002348       ?Save@?$IPersistStorageImpl@VCOPOSFiscalPrinter@@@ATL@@UEAAJPEAUIStorage@@H@Z 0000000180003348 f i FiscalPrinter.obj
 0001:000023f8       ?GetPages@?$ISpecifyPropertyPagesImpl@VCOPOSFiscalPrinter@@@ATL@@UEAAJPEAUtagCAUUID@@@Z 00000001800033f8 f i FiscalPrinter.obj
 0001:00002404       ?QuickActivate@?$IQuickActivateImpl@VCOPOSFiscalPrinter@@@ATL@@UEAAJPEAUtagQACONTAINER@@PEAUtagQACONTROL@@@Z 0000000180003404 f i FiscalPrinter.obj
 0001:00002420       ?SetContentExtent@?$IQuickActivateImpl@VCOPOSFiscalPrinter@@@ATL@@UEAAJPEAUtagSIZE@@@Z 0000000180003420 f i FiscalPrinter.obj
 0001:00002454       ?GetContentExtent@?$IQuickActivateImpl@VCOPOSFiscalPrinter@@@ATL@@UEAAJPEAUtagSIZE@@@Z 0000000180003454 f i FiscalPrinter.obj
 0001:0000248c       ?GetData@?$IDataObjectImpl@VCOPOSFiscalPrinter@@@ATL@@UEAAJPEAUtagFORMATETC@@PEAUtagSTGMEDIUM@@@Z 000000018000348c f i FiscalPrinter.obj
 0001:000024a8       ?DAdvise@?$IDataObjectImpl@VCOPOSFiscalPrinter@@@ATL@@UEAAJPEAUtagFORMATETC@@KPEAUIAdviseSink@@PEAK@Z 00000001800034a8 f i FiscalPrinter.obj
 0001:00002530       ?DUnadvise@?$IDataObjectImpl@VCOPOSFiscalPrinter@@@ATL@@UEAAJK@Z 0000000180003530 f i FiscalPrinter.obj
 0001:0000255c       ?EnumDAdvise@?$IDataObjectImpl@VCOPOSFiscalPrinter@@@ATL@@UEAAJPEAPEAUIEnumSTATDATA@@@Z 000000018000355c f i FiscalPrinter.obj
 0001:00002598       ?GetClassInfoW@?$IProvideClassInfo2Impl@$1?CLSID_OPOSFiscalPrinter@@3U_GUID@@B$1?DIID__IOPOSFiscalPrinterEvents@@3U2@B$1?LIBID_OposFiscalPrinter_CCO@@3U2@B$00$0A@VCComTypeInfoHolder@ATL@@@ATL@@UEAAJPEAPEAUITypeInfo@@@Z 0000000180003598 f i FiscalPrinter.obj
 0001:000025f0       ?GetGUID@?$IProvideClassInfo2Impl@$1?CLSID_OPOSFiscalPrinter@@3U_GUID@@B$1?DIID__IOPOSFiscalPrinterEvents@@3U2@B$1?LIBID_OposFiscalPrinter_CCO@@3U2@B$00$0A@VCComTypeInfoHolder@ATL@@@ATL@@UEAAJKPEAU_GUID@@@Z 00000001800035f0 f i FiscalPrinter.obj
 0001:00002624       ?AddRef@CRegObject@ATL@@UEAAKXZ 0000000180003624 f i FiscalPrinter.obj
 0001:00002624       _get_startup_argv_mode     0000000180003624 f i LIBCMT:argv_mode.obj
 0001:00002624       ?FAccessAllowed@?$IObjectSafetyImpl@VCOPOSFiscalPrinter@@$02@ATL@@MEAAHXZ 0000000180003624 f i FiscalPrinter.obj
 0001:0000262c       ?GetInterfaceSafetyOptions@?$IObjectSafetyImpl@VCOPOSFiscalPrinter@@$02@ATL@@UEAAJAEBU_GUID@@PEAK1@Z 000000018000362c f i FiscalPrinter.obj
 0001:000026c0       ?SetInterfaceSafetyOptions@?$IObjectSafetyImpl@VCOPOSFiscalPrinter@@$02@ATL@@UEAAJAEBU_GUID@@KK@Z 00000001800036c0 f i FiscalPrinter.obj
 0001:00002764       ?_LocCPQueryInterface@?$IConnectionPointImpl@VCOPOSFiscalPrinter@@$1?IID_IPropertyNotifySink@@3U_GUID@@BVCComDynamicUnkArray@ATL@@@ATL@@UEAAJAEBU_GUID@@PEAPEAX@Z 0000000180003764 f i FiscalPrinter.obj
 0001:00002764       ?_LocCPQueryInterface@?$IConnectionPointImpl@VCOPOSFiscalPrinter@@$1?DIID__IOPOSFiscalPrinterEvents@@3U_GUID@@BVCComDynamicUnkArray@ATL@@@ATL@@UEAAJAEBU_GUID@@PEAPEAX@Z 0000000180003764 f i FiscalPrinter.obj
 0001:000027d4       ?GetConnectionInterface@?$IConnectionPointImpl@VCOPOSFiscalPrinter@@$1?IID_IPropertyNotifySink@@3U_GUID@@BVCComDynamicUnkArray@ATL@@@ATL@@UEAAJPEAU_GUID@@@Z 00000001800037d4 f i FiscalPrinter.obj
 0001:000027f0       ?GetConnectionPointContainer@?$IConnectionPointImpl@VCOPOSFiscalPrinter@@$1?IID_IPropertyNotifySink@@3U_GUID@@BVCComDynamicUnkArray@ATL@@@ATL@@UEAAJPEAPEAUIConnectionPointContainer@@@Z 00000001800037f0 f i FiscalPrinter.obj
 0001:00002810       ?Advise@?$IConnectionPointImpl@VCOPOSFiscalPrinter@@$1?IID_IPropertyNotifySink@@3U_GUID@@BVCComDynamicUnkArray@ATL@@@ATL@@UEAAJPEAUIUnknown@@PEAK@Z 0000000180003810 f i FiscalPrinter.obj
 0001:00002810       ?Advise@?$IConnectionPointImpl@VCOPOSFiscalPrinter@@$1?DIID__IOPOSFiscalPrinterEvents@@3U_GUID@@BVCComDynamicUnkArray@ATL@@@ATL@@UEAAJPEAUIUnknown@@PEAK@Z 0000000180003810 f i FiscalPrinter.obj
 0001:000028cc       ?Unadvise@?$IConnectionPointImpl@VCOPOSFiscalPrinter@@$1?DIID__IOPOSFiscalPrinterEvents@@3U_GUID@@BVCComDynamicUnkArray@ATL@@@ATL@@UEAAJK@Z 00000001800038cc f i FiscalPrinter.obj
 0001:000028cc       ?Unadvise@?$IConnectionPointImpl@VCOPOSFiscalPrinter@@$1?IID_IPropertyNotifySink@@3U_GUID@@BVCComDynamicUnkArray@ATL@@@ATL@@UEAAJK@Z 00000001800038cc f i FiscalPrinter.obj
 0001:00002934       ?EnumConnections@?$IConnectionPointImpl@VCOPOSFiscalPrinter@@$1?DIID__IOPOSFiscalPrinterEvents@@3U_GUID@@BVCComDynamicUnkArray@ATL@@@ATL@@UEAAJPEAPEAUIEnumConnections@@@Z 0000000180003934 f i FiscalPrinter.obj
 0001:00002934       ?EnumConnections@?$IConnectionPointImpl@VCOPOSFiscalPrinter@@$1?IID_IPropertyNotifySink@@3U_GUID@@BVCComDynamicUnkArray@ATL@@@ATL@@UEAAJPEAPEAUIEnumConnections@@@Z 0000000180003934 f i FiscalPrinter.obj
 0001:00002ae0       ?GetConnectionInterface@?$IConnectionPointImpl@VCOPOSFiscalPrinter@@$1?DIID__IOPOSFiscalPrinterEvents@@3U_GUID@@BVCComDynamicUnkArray@ATL@@@ATL@@UEAAJPEAU_GUID@@@Z 0000000180003ae0 f i FiscalPrinter.obj
 0001:00002afc       ?GetConnectionPointContainer@?$IConnectionPointImpl@VCOPOSFiscalPrinter@@$1?DIID__IOPOSFiscalPrinterEvents@@3U_GUID@@BVCComDynamicUnkArray@ATL@@@ATL@@UEAAJPEAPEAUIConnectionPointContainer@@@Z 0000000180003afc f i FiscalPrinter.obj
 0001:00002b1c       ?UpdateRegistry@COPOSFiscalPrinter@@SAJH@Z 0000000180003b1c f i FiscalPrinter.obj
 0001:00002b34       ?ProcessWindowMessage@COPOSFiscalPrinter@@UEAAHPEAUHWND__@@I_K_JAEA_JK@Z 0000000180003b34 f i FiscalPrinter.obj
 0001:00002bbc       ?SODirectIO@COPOSFiscalPrinter@@MEAAJJPEAJPEAPEA_W@Z 0000000180003bbc f i FiscalPrinter.obj
 0001:00002c34       ?SOError@COPOSFiscalPrinter@@MEAAJJJJPEAJ@Z 0000000180003c34 f i FiscalPrinter.obj
 0001:00002cbc       ?SOOutputComplete@COPOSFiscalPrinter@@MEAAJJ@Z 0000000180003cbc f i FiscalPrinter.obj
 0001:00002d0c       ?SOStatusUpdate@COPOSFiscalPrinter@@MEAAJJ@Z 0000000180003d0c f i FiscalPrinter.obj
 0001:00002d5c       ?AddReplacement@CRegObject@ATL@@UEAAJPEB_W0@Z 0000000180003d5c f i FiscalPrinter.obj
 0001:00002d8c       ?ClearReplacements@CRegObject@ATL@@UEAAJXZ 0000000180003d8c f i FiscalPrinter.obj
 0001:00002d98       ??_GCRegObject@ATL@@UEAAPEAXI@Z 0000000180003d98 f i FiscalPrinter.obj
 0001:00002d98       ??_ECRegObject@ATL@@UEAAPEAXI@Z 0000000180003d98 f i FiscalPrinter.obj
 0001:00002e18       ?CreateInstance@?$CComCreator@V?$CComObjectCached@VCComClassFactory@ATL@@@ATL@@@ATL@@SAJPEAXAEBU_GUID@@PEAPEAX@Z 0000000180003e18 f i FiscalPrinter.obj
 0001:00002f3c       ?CreateInstance@?$CComCreator2@V?$CComCreator@V?$CComObject@VCOPOSFiscalPrinter@@@ATL@@@ATL@@V?$CComCreator@V?$CComAggObject@VCOPOSFiscalPrinter@@@ATL@@@2@@ATL@@SAJPEAXAEBU_GUID@@PEAPEAX@Z 0000000180003f3c f i FiscalPrinter.obj
 0001:00002f4c       ?AddRef@?$CComObjectCached@VCComClassFactory@ATL@@@ATL@@UEAAKXZ 0000000180003f4c f i FiscalPrinter.obj
 0001:00002f78       ?Release@?$CComObjectCached@VCComClassFactory@ATL@@@ATL@@UEAAKXZ 0000000180003f78 f i FiscalPrinter.obj
 0001:00002fb8       ?QueryInterface@?$CComObjectCached@VCComClassFactory@ATL@@@ATL@@UEAAJAEBU_GUID@@PEAPEAX@Z 0000000180003fb8 f i FiscalPrinter.obj
 0001:00002fcc       ??_E?$CComObjectCached@VCComClassFactory@ATL@@@ATL@@UEAAPEAXI@Z 0000000180003fcc f i FiscalPrinter.obj
 0001:00002fcc       ??_G?$CComObjectCached@VCComClassFactory@ATL@@@ATL@@UEAAPEAXI@Z 0000000180003fcc f i FiscalPrinter.obj
 0001:00003024       ?Next@?$CComEnumImpl@UIEnumConnectionPoints@@$1?_GUID_b196b285_bab4_101a_b69c_00aa00341d07@@3U__s_GUID@@BPEAUIConnectionPoint@@V?$_CopyInterface@UIConnectionPoint@@@ATL@@@ATL@@UEAAJKPEAPEAUIConnectionPoint@@PEAK@Z 0000000180004024 f i FiscalPrinter.obj
 0001:000030f0       ?Skip@?$CComEnumImpl@UIEnumConnectionPoints@@$1?_GUID_b196b285_bab4_101a_b69c_00aa00341d07@@3U__s_GUID@@BPEAUIConnectionPoint@@V?$_CopyInterface@UIConnectionPoint@@@ATL@@@ATL@@UEAAJK@Z 00000001800040f0 f i FiscalPrinter.obj
 0001:0000311c       ?Clone@?$CComEnumImpl@UIEnumConnectionPoints@@$1?_GUID_b196b285_bab4_101a_b69c_00aa00341d07@@3U__s_GUID@@BPEAUIConnectionPoint@@V?$_CopyInterface@UIConnectionPoint@@@ATL@@@ATL@@UEAAJPEAPEAUIEnumConnectionPoints@@@Z 000000018000411c f i FiscalPrinter.obj
 0001:00003248       ?QueryInterface@?$CComObject@V?$CComEnum@UIEnumConnectionPoints@@$1?_GUID_b196b285_bab4_101a_b69c_00aa00341d07@@3U__s_GUID@@BPEAUIConnectionPoint@@V?$_CopyInterface@UIConnectionPoint@@@ATL@@VCComSingleThreadModel@6@@ATL@@@ATL@@UEAAJAEBU_GUID@@PEAPEAX@Z 0000000180004248 f i FiscalPrinter.obj
 0001:0000325c       ??_G?$CComObject@V?$CComEnum@UIEnumConnectionPoints@@$1?_GUID_b196b285_bab4_101a_b69c_00aa00341d07@@3U__s_GUID@@BPEAUIConnectionPoint@@V?$_CopyInterface@UIConnectionPoint@@@ATL@@VCComSingleThreadModel@6@@ATL@@@ATL@@UEAAPEAXI@Z 000000018000425c f i FiscalPrinter.obj
 0001:0000325c       ??_E?$CComObject@V?$CComEnum@UIEnumConnectionPoints@@$1?_GUID_b196b285_bab4_101a_b69c_00aa00341d07@@3U__s_GUID@@BPEAUIConnectionPoint@@V?$_CopyInterface@UIConnectionPoint@@@ATL@@VCComSingleThreadModel@6@@ATL@@@ATL@@UEAAPEAXI@Z 000000018000425c f i FiscalPrinter.obj
 0001:000032b4       ?OnDrawAdvanced@CComControlBase@ATL@@UEAAJAEAUATL_DRAWINFO@@@Z 00000001800042b4 f i FiscalPrinter.obj
 0001:00003440       ?AddRef@?$CComAggObject@VCOPOSFiscalPrinter@@@ATL@@UEAAKXZ 0000000180004440 f i FiscalPrinter.obj
 0001:0000344c       ?Release@?$CComAggObject@VCOPOSFiscalPrinter@@@ATL@@UEAAKXZ 000000018000444c f i FiscalPrinter.obj
 0001:000034a0       ?QueryInterface@?$CComAggObject@VCOPOSFiscalPrinter@@@ATL@@UEAAJAEBU_GUID@@PEAPEAX@Z 00000001800044a0 f i FiscalPrinter.obj
 0001:00003500       ?AddRef@?$CComContainedObject@VCOPOSFiscalPrinter@@@ATL@@UEAAKXZ 0000000180004500 f i FiscalPrinter.obj
 0001:00003510       ?Release@?$CComContainedObject@VCOPOSFiscalPrinter@@@ATL@@UEAAKXZ 0000000180004510 f i FiscalPrinter.obj
 0001:00003520       ?QueryInterface@?$CComContainedObject@VCOPOSFiscalPrinter@@@ATL@@UEAAJAEBU_GUID@@PEAPEAX@Z 0000000180004520 f i FiscalPrinter.obj
 0001:00003530       ??_G?$CComAggObject@VCOPOSFiscalPrinter@@@ATL@@UEAAPEAXI@Z 0000000180004530 f i FiscalPrinter.obj
 0001:00003530       ??_E?$CComAggObject@VCOPOSFiscalPrinter@@@ATL@@UEAAPEAXI@Z 0000000180004530 f i FiscalPrinter.obj
 0001:00003588       ?AddRef@?$CComObject@VCOPOSFiscalPrinter@@@ATL@@UEAAKXZ 0000000180004588 f i FiscalPrinter.obj
 0001:00003598       ?Release@?$CComObject@VCOPOSFiscalPrinter@@@ATL@@UEAAKXZ 0000000180004598 f i FiscalPrinter.obj
 0001:000035f0       ?QueryInterface@?$CComObject@VCOPOSFiscalPrinter@@@ATL@@UEAAJAEBU_GUID@@PEAPEAX@Z 00000001800045f0 f i FiscalPrinter.obj
 0001:00003604       ?CreateInstance@CComClassFactory@ATL@@UEAAJPEAUIUnknown@@AEBU_GUID@@PEAPEAX@Z 0000000180004604 f i FiscalPrinter.obj
 0001:00003664       ?LockServer@CComClassFactory@ATL@@UEAAJH@Z 0000000180004664 f i FiscalPrinter.obj
 0001:00003688       ??_GCComClassFactory@ATL@@UEAAPEAXI@Z 0000000180004688 f i FiscalPrinter.obj
 0001:00003688       ??_ECComClassFactory@ATL@@UEAAPEAXI@Z 0000000180004688 f i FiscalPrinter.obj
 0001:000036d8       ??$AtlModuleRegisterWndClassInfoT@VAtlModuleRegisterWndClassInfoParamW@ATL@@@ATL@@YAGPEAU_ATL_BASE_MODULE70@0@PEAU_ATL_WIN_MODULE70@0@PEAU_ATL_WNDCLASSINFOW@0@PEAP6A_JPEAUHWND__@@I_K_J@ZVAtlModuleRegisterWndClassInfoParamW@0@@Z 00000001800046d8 f i FiscalPrinter.obj
 0001:000038d8       ??0?$CComContainedObject@VCOPOSFiscalPrinter@@@ATL@@QEAA@PEAX@Z 00000001800048d8 f i FiscalPrinter.obj
 0001:000039f4       ??0?$CComObject@VCOPOSFiscalPrinter@@@ATL@@QEAA@PEAX@Z 00000001800049f4 f i FiscalPrinter.obj
 0001:00003b0c       ??0CAtlModule@ATL@@QEAA@XZ 0000000180004b0c f i FiscalPrinter.obj
 0001:00003b80       ??1?$CComEnumImpl@UIEnumConnectionPoints@@$1?_GUID_b196b285_bab4_101a_b69c_00aa00341d07@@3U__s_GUID@@BPEAUIConnectionPoint@@V?$_CopyInterface@UIConnectionPoint@@@ATL@@@ATL@@UEAA@XZ 0000000180004b80 f i FiscalPrinter.obj
 0001:00003bdc       ??1?$CComEnumImpl@UIEnumConnections@@$1?_GUID_b196b287_bab4_101a_b69c_00aa00341d07@@3U__s_GUID@@BUtagCONNECTDATA@@V?$_Copy@UtagCONNECTDATA@@@ATL@@@ATL@@UEAA@XZ 0000000180004bdc f i FiscalPrinter.obj
 0001:00003c38       ??1?$CComObject@VCOPOSFiscalPrinter@@@ATL@@UEAA@XZ 0000000180004c38 f i FiscalPrinter.obj
 0001:00003d58       ??_E?$CComContainedObject@VCOPOSFiscalPrinter@@@ATL@@UEAAPEAXI@Z 0000000180004d58 f i FiscalPrinter.obj
 0001:00003d58       ??_G?$CComContainedObject@VCOPOSFiscalPrinter@@@ATL@@UEAAPEAXI@Z 0000000180004d58 f i FiscalPrinter.obj
 0001:00003d8c       ??_G?$CComObject@VCOPOSFiscalPrinter@@@ATL@@UEAAPEAXI@Z 0000000180004d8c f i FiscalPrinter.obj
 0001:00003d8c       ??_E?$CComObject@VCOPOSFiscalPrinter@@@ATL@@UEAAPEAXI@Z 0000000180004d8c f i FiscalPrinter.obj
 0001:00003dc0       ?Add@?$CSimpleArray@GV?$CSimpleArrayEqualHelper@G@ATL@@@ATL@@QEAAHAEBG@Z 0000000180004dc0 f i FiscalPrinter.obj
 0001:00003e74       ?Add@?$CSimpleMap@PEA_WPEA_WVCExpansionVectorEqualHelper@ATL@@@ATL@@QEAAHAEBQEA_W0@Z 0000000180004e74 f i FiscalPrinter.obj
 0001:00003f14       ?Add@CComDynamicUnkArray@ATL@@QEAAKPEAUIUnknown@@@Z 0000000180004f14 f i FiscalPrinter.obj
 0001:00004000       ?Add@CExpansionVector@ATL@@QEAAHPEB_W0@Z 0000000180005000 f i FiscalPrinter.obj
 0001:00004134       ?AddTermFunc@CAtlModule@ATL@@QEAAJP6AX_K@Z0@Z 0000000180005134 f i FiscalPrinter.obj
 0001:000041d0       ?AddValue@CRegParser@ATL@@IEAAJAEAVCRegKey@2@PEB_WPEA_W@Z 00000001800051d0 f i FiscalPrinter.obj
 0001:00004618       ?AllocateHeap@?$CTempBuffer@_W$0BAA@VCCRTAllocator@ATL@@@ATL@@AEAAX_K@Z 0000000180005618 f i FiscalPrinter.obj
 0001:00004618       ?AllocateHeap@?$CTempBuffer@_W$0EAA@VCCRTAllocator@ATL@@@ATL@@AEAAX_K@Z 0000000180005618 f i FiscalPrinter.obj
 0001:00004618       ?AllocateHeap@?$CTempBuffer@E$0BAA@VCCRTAllocator@ATL@@@ATL@@AEAAX_K@Z 0000000180005618 f i FiscalPrinter.obj
 0001:00004644       ?Append@CParseBuffer@CRegParser@ATL@@QEAAHPEB_WH@Z 0000000180005644 f i FiscalPrinter.obj
 0001:0000478c       ?AtlComModuleGetClassObject@ATL@@YAJPEAU_ATL_COM_MODULE70@1@AEBU_GUID@@1PEAPEAX@Z 000000018000578c f i FiscalPrinter.obj
 0001:000048cc       ?AtlComModuleRegisterServer@ATL@@YAJPEAU_ATL_COM_MODULE70@1@HPEBU_GUID@@@Z 00000001800058cc f i FiscalPrinter.obj
 0001:0000498c       ?AtlComModuleUnregisterServer@ATL@@YAJPEAU_ATL_COM_MODULE70@1@HPEBU_GUID@@@Z 000000018000598c f i FiscalPrinter.obj
 0001:00004a48       ?AtlHiMetricToPixel@ATL@@YAXPEBUtagSIZE@@PEAU2@@Z 0000000180005a48 f i FiscalPrinter.obj
 0001:00004af8       ?AtlHresultFromLastError@ATL@@YAJXZ 0000000180005af8 f i FiscalPrinter.obj
 0001:00004b18       ?AtlHresultFromWin32@ATL@@YAJK@Z 0000000180005b18 f i FiscalPrinter.obj
 0001:00004b28       ?AtlInternalOleLoadFromStream@ATL@@YAJPEAUIStream@@AEBU_GUID@@PEAPEAXTClassesAllowedInStream@1@K@Z 0000000180005b28 f i FiscalPrinter.obj
 0001:00004c6c       ?AtlInternalQueryInterface@ATL@@YAJPEAXPEBU_ATL_INTMAP_ENTRY@1@AEBU_GUID@@PEAPEAX@Z 0000000180005c6c f i FiscalPrinter.obj
 0001:00004d74       ?AtlLoadTypeLib@ATL@@YAJPEAUHINSTANCE__@@PEB_WPEAPEA_WPEAPEAUITypeLib@@@Z 0000000180005d74 f i FiscalPrinter.obj
 0001:00004fd0       ?AtlRegisterClassCategoriesHelper@ATL@@YAJAEBU_GUID@@PEBU_ATL_CATMAP_ENTRY@1@H@Z 0000000180005fd0 f i FiscalPrinter.obj
 0001:00005454       ?AtlRegisterTypeLib@ATL@@YAJPEAUHINSTANCE__@@PEB_W@Z 0000000180006454 f i FiscalPrinter.obj
 0001:00005650       ?AtlThrowImpl@ATL@@YAXJ@Z  0000000180006650 f i FiscalPrinter.obj
 0001:00005674       ?AtlUnRegisterTypeLib@ATL@@YAJPEAUHINSTANCE__@@PEB_W@Z 0000000180006674 f i FiscalPrinter.obj
 0001:0000573c       ?AtlWinModuleExtractCreateWndData@ATL@@YAPEAXPEAU_ATL_WIN_MODULE70@1@@Z 000000018000673c f i FiscalPrinter.obj
 0001:000057c8       ?Cleanup@CComTypeInfoHolder@ATL@@SAX_K@Z 00000001800067c8 f i FiscalPrinter.obj
 0001:00005808       ?ClearReplacements@CExpansionVector@ATL@@QEAAJXZ 0000000180006808 f i FiscalPrinter.obj
 0001:000058a4       ?CreateInstance@?$CComCreator@V?$CComAggObject@VCOPOSFiscalPrinter@@@ATL@@@ATL@@SAJPEAXAEBU_GUID@@PEAPEAX@Z 00000001800068a4 f i FiscalPrinter.obj
 0001:00005988       ?CreateInstance@?$CComCreator@V?$CComObject@VCOPOSFiscalPrinter@@@ATL@@@ATL@@SAJPEAXAEBU_GUID@@PEAPEAX@Z 0000000180006988 f i FiscalPrinter.obj
 0001:00005a3c       ?CreateInstance@?$CComObject@V?$CComEnum@UIEnumConnectionPoints@@$1?_GUID_b196b285_bab4_101a_b69c_00aa00341d07@@3U__s_GUID@@BPEAUIConnectionPoint@@V?$_CopyInterface@UIConnectionPoint@@@ATL@@VCComSingleThreadModel@6@@ATL@@@ATL@@SAJPEAPEAV12@@Z 0000000180006a3c f i FiscalPrinter.obj
 0001:00005acc       ?CreateInstance@?$CComObject@V?$CComEnum@UIEnumConnections@@$1?_GUID_b196b287_bab4_101a_b69c_00aa00341d07@@3U__s_GUID@@BUtagCONNECTDATA@@V?$_Copy@UtagCONNECTDATA@@@ATL@@VCComSingleThreadModel@6@@ATL@@@ATL@@SAJPEAPEAV12@@Z 0000000180006acc f i FiscalPrinter.obj
 0001:00005b5c       ?DefaultReflectionHandler@?$CWindowImplRoot@VCWindow@ATL@@@ATL@@SAHPEAUHWND__@@I_K_JAEA_J@Z 0000000180006b5c f i FiscalPrinter.obj
 0001:00005bc0       ?DeleteSubKey@CRegKey@ATL@@QEAAJPEB_W@Z 0000000180006bc0 f i FiscalPrinter.obj
 0001:00005c58       ?DoEvent@COPOSFiscalPrinter@@IEAAXI_K_J@Z 0000000180006c58 f i FiscalPrinter.obj
 0001:00005d0c       ?DoVerbPrimary@?$IOleObjectImpl@VCOPOSFiscalPrinter@@@ATL@@QEAAJPEBUtagRECT@@PEAUHWND__@@@Z 0000000180006d0c f i FiscalPrinter.obj
 0001:00005e38       ?DoVerbProperties@CComControlBase@ATL@@QEAAJPEBUtagRECT@@PEAUHWND__@@@Z 0000000180006e38 f i FiscalPrinter.obj
 0001:00006060       ?FireTheEvent@?$CProxy_IOPOSEvents@VCOPOSFiscalPrinter@@@@IEAAXPEAVOposVariant@@IAEAJPEB_WJ@Z 0000000180007060 f i FiscalPrinter.obj
 0001:0000614c       ?FireViewChange@CComControlBase@ATL@@QEAAJXZ 000000018000714c f i FiscalPrinter.obj
 0001:000061b0       ?Fire_DirectIOEvent@?$CProxy_IOPOSEvents@VCOPOSFiscalPrinter@@@@QEAAXJPEAJPEAPEA_W@Z 00000001800071b0 f i FiscalPrinter.obj
 0001:00006310       ?Fire_ErrorEvent@?$CProxy_IOPOSEvents@VCOPOSFiscalPrinter@@@@QEAAXJJJPEAJ@Z 0000000180007310 f i FiscalPrinter.obj
 0001:00006484       ?Fire_OutputCompleteEvent@?$CProxy_IOPOSEvents@VCOPOSFiscalPrinter@@@@QEAAXJ@Z 0000000180007484 f i FiscalPrinter.obj
 0001:00006570       ?Fire_StatusUpdateEvent@?$CProxy_IOPOSEvents@VCOPOSFiscalPrinter@@@@QEAAXJ@Z 0000000180007570 f i FiscalPrinter.obj
 0001:0000665c       ?FreeHeap@?$CTempBuffer@_W$0BAA@VCCRTAllocator@ATL@@@ATL@@AEAAXXZ 000000018000765c f i FiscalPrinter.obj
 0001:0000665c       ?FreeHeap@?$CTempBuffer@E$0BAA@VCCRTAllocator@ATL@@@ATL@@AEAAXXZ 000000018000765c f i FiscalPrinter.obj
 0001:0000665c       ?FreeHeap@?$CTempBuffer@_W$0EAA@VCCRTAllocator@ATL@@@ATL@@AEAAXXZ 000000018000765c f i FiscalPrinter.obj
 0001:00006664       ?GetAmbientLocaleID@CComControlBase@ATL@@QEAAJAEAK@Z 0000000180007664 f i FiscalPrinter.obj
 0001:00006724       ?GetAmbientUserMode@CComControlBase@ATL@@QEAAJAEAH@Z 0000000180007724 f i FiscalPrinter.obj
 0001:000067f4       ?GetClassObject@CComModule@ATL@@QEAAJAEBU_GUID@@0PEAPEAX@Z 00000001800077f4 f i FiscalPrinter.obj
 0001:000068e8       ?GetConnMap@COPOSFiscalPrinter@@SAPEBU_ATL_CONNMAP_ENTRY@ATL@@PEAH@Z 00000001800078e8 f i FiscalPrinter.obj
 0001:00006970       ?GetIDsOfNames@CComTypeInfoHolder@ATL@@QEAAJAEBU_GUID@@PEAPEA_WIKPEAJ@Z 0000000180007970 f i FiscalPrinter.obj
 0001:00006ae8       ?GetPagesHelper@?$ISpecifyPropertyPagesImpl@VCOPOSFiscalPrinter@@@ATL@@IEAAJPEAUtagCAUUID@@PEBUATL_PROPMAP_ENTRY@2@@Z 0000000180007ae8 f i FiscalPrinter.obj
 0001:00006c88       ?GetSizeMax@CComVariant@ATL@@QEBAJPEAT_ULARGE_INTEGER@@@Z 0000000180007c88 f i FiscalPrinter.obj
 0001:00006eb8       ?GetTI@CComTypeInfoHolder@ATL@@QEAAJK@Z 0000000180007eb8 f i FiscalPrinter.obj
 0001:000071a0       ?GetZoomInfo@CComControlBase@ATL@@QEAAXAEAUATL_DRAWINFO@@@Z 00000001800081a0 f i FiscalPrinter.obj
 0001:00007244       ?HKeyFromString@CRegParser@ATL@@KAPEAUHKEY__@@PEA_W@Z 0000000180008244 f i FiscalPrinter.obj
 0001:000072a8       ?IDataObject_GetData@CComControlBase@ATL@@QEAAJPEAUtagFORMATETC@@PEAUtagSTGMEDIUM@@@Z 00000001800082a8 f i FiscalPrinter.obj
 0001:0000749c       ?IOleInPlaceObject_InPlaceDeactivate@CComControlBase@ATL@@QEAAJXZ 000000018000849c f i FiscalPrinter.obj
 0001:0000753c       ?IOleInPlaceObject_SetObjectRects@CComControlBase@ATL@@QEAAJPEBUtagRECT@@0@Z 000000018000853c f i FiscalPrinter.obj
 0001:0000762c       ?IOleInPlaceObject_UIDeactivate@CComControlBase@ATL@@QEAAJXZ 000000018000862c f i FiscalPrinter.obj
 0001:00007738       ?IOleObject_Close@CComControlBase@ATL@@QEAAJK@Z 0000000180008738 f i FiscalPrinter.obj
 0001:00007850       ?IOleObject_SetClientSite@CComControlBase@ATL@@QEAAJPEAUIOleClientSite@@@Z 0000000180008850 f i FiscalPrinter.obj
 0001:000078c8       ?IOleObject_SetExtent@CComControlBase@ATL@@QEAAJKPEAUtagSIZE@@@Z 00000001800088c8 f i FiscalPrinter.obj
 0001:00007960       ?IPSI_GetIPersistStreamInit@?$IPersistStorageImpl@VCOPOSFiscalPrinter@@@ATL@@AEAAPEAUIPersistStreamInit@@XZ 0000000180008960 f i FiscalPrinter.obj
 0001:00007a48       ?IPersistStreamInit_Load@?$IPersistStreamInitImpl@VCOPOSFiscalPrinter@@@ATL@@QEAAJPEAUIStream@@PEBUATL_PROPMAP_ENTRY@2@@Z 0000000180008a48 f i FiscalPrinter.obj
 0001:00007d74       ?IPersistStreamInit_Save@?$IPersistStreamInitImpl@VCOPOSFiscalPrinter@@@ATL@@QEAAJPEAUIStream@@HPEBUATL_PROPMAP_ENTRY@2@@Z 0000000180008d74 f i FiscalPrinter.obj
 0001:00008014       ?IQuickActivate_QuickActivate@CComControlBase@ATL@@QEAAJPEAUtagQACONTAINER@@PEAUtagQACONTROL@@@Z 0000000180009014 f i FiscalPrinter.obj
 0001:000082d8       ?IViewObject_Draw@CComControlBase@ATL@@QEAAJKJPEAXPEAUtagDVTARGETDEVICE@@PEAUHDC__@@2PEBU_RECTL@@3@Z 00000001800092d8 f i FiscalPrinter.obj
 0001:000083ec       ?InPlaceActivate@CComControlBase@ATL@@QEAAJJPEBUtagRECT@@@Z 00000001800093ec f i FiscalPrinter.obj
 0001:00008720       ?Init@?$CComEnumImpl@UIEnumConnectionPoints@@$1?_GUID_b196b285_bab4_101a_b69c_00aa00341d07@@3U__s_GUID@@BPEAUIConnectionPoint@@V?$_CopyInterface@UIConnectionPoint@@@ATL@@@ATL@@QEAAJPEAPEAUIConnectionPoint@@0PEAUIUnknown@@W4CComEnumFlags@2@@Z 0000000180009720 f i FiscalPrinter.obj
 0001:00008840       ?Init@?$CComEnumImpl@UIEnumConnections@@$1?_GUID_b196b287_bab4_101a_b69c_00aa00341d07@@3U__s_GUID@@BUtagCONNECTDATA@@V?$_Copy@UtagCONNECTDATA@@@ATL@@@ATL@@QEAAJPEAUtagCONNECTDATA@@0PEAUIUnknown@@W4CComEnumFlags@2@@Z 0000000180009840 f i FiscalPrinter.obj
 0001:00008964       ?IsEqualObject@?$CComPtrBase@UIOleClientSite@@@ATL@@QEAA_NPEAUIUnknown@@@Z 0000000180009964 f i FiscalPrinter.obj
 0001:000089f0       ?LoadNameCache@CComTypeInfoHolder@ATL@@QEAAJPEAUITypeInfo@@@Z 00000001800099f0 f i FiscalPrinter.obj
 0001:00008b70       ?Lookup@?$CSimpleMap@PEA_WPEA_WVCExpansionVectorEqualHelper@ATL@@@ATL@@QEBAPEA_WAEBQEA_W@Z 0000000180009b70 f i FiscalPrinter.obj
 0001:00008bf8       ?NextToken@CRegParser@ATL@@IEAAJPEA_W@Z 0000000180009bf8 f i FiscalPrinter.obj
 0001:00008db0       ?OnKillFocus@CComControlBase@ATL@@QEAA_JI_K_JAEAH@Z 0000000180009db0 f i FiscalPrinter.obj
 0001:00008e4c       ?OnMouseActivate@CComControlBase@ATL@@QEAA_JI_K_JAEAH@Z 0000000180009e4c f i FiscalPrinter.obj
 0001:00008eec       ?OnPaint@CComControlBase@ATL@@QEAA_JI_K_JAEAH@Z 0000000180009eec f i FiscalPrinter.obj
 0001:00008fd8       ?OnSetFocus@CComControlBase@ATL@@QEAA_JI_K_JAEAH@Z 0000000180009fd8 f i FiscalPrinter.obj
 0001:000090d4       ?PreProcessBuffer@CRegParser@ATL@@QEAAJPEA_WPEAPEA_W@Z 000000018000a0d4 f i FiscalPrinter.obj
 0001:00009460       ?ProcessWindowMessage@?$CComControl@VCOPOSFiscalPrinter@@V?$CWindowImpl@VCOPOSFiscalPrinter@@VCWindow@ATL@@V?$CWinTraits@$0FGAAAAAA@$0A@@3@@ATL@@@ATL@@UEAAHPEAUHWND__@@I_K_JAEA_JK@Z 000000018000a460 f i FiscalPrinter.obj
 0001:00009544       ?ReadFromStream@CComBSTR@ATL@@QEAAJPEAUIStream@@@Z 000000018000a544 f i FiscalPrinter.obj
 0001:00009694       ?ReadFromStream@CComVariant@ATL@@QEAAJPEAUIStream@@GTClassesAllowedInStream@2@K@Z 000000018000a694 f i FiscalPrinter.obj
 0001:000098b8       ?RecurseDeleteKey@CRegKey@ATL@@QEAAJPEB_W@Z 000000018000a8b8 f i FiscalPrinter.obj
 0001:00009a10       ?RegCreateKeyExW@CAtlTransactionManager@ATL@@QEAAJPEAUHKEY__@@PEB_WKPEA_WKKQEAU_SECURITY_ATTRIBUTES@@PEAPEAU3@PEAK@Z 000000018000aa10 f i FiscalPrinter.obj
 0001:00009b44       ?RegDeleteKeyW@CAtlTransactionManager@ATL@@QEAAJPEAUHKEY__@@PEB_W@Z 000000018000ab44 f i FiscalPrinter.obj
 0001:00009bd0       ?RegOpenKeyExW@CAtlTransactionManager@ATL@@QEAAJPEAUHKEY__@@PEB_WKKPEAPEAU3@@Z 000000018000abd0 f i FiscalPrinter.obj
 0001:00009c88       ?RegisterBuffer@CRegParser@ATL@@QEAAJPEA_WH@Z 000000018000ac88 f i FiscalPrinter.obj
 0001:00009df0       ?RegisterFromResource@CRegObject@ATL@@IEAAJPEB_W00H@Z 000000018000adf0 f i FiscalPrinter.obj
 0001:00009fac       ?RegisterServer@CComModule@ATL@@QEAAJHPEBU_GUID@@@Z 000000018000afac f i FiscalPrinter.obj
 0001:0000a06c       ?RegisterSubkeys@CRegParser@ATL@@IEAAJPEA_WPEAUHKEY__@@HH@Z 000000018000b06c f i FiscalPrinter.obj
 0001:0000a8d8       ?SendOnDataChange@CComControlBase@ATL@@QEAAJK@Z 000000018000b8d8 f i FiscalPrinter.obj
 0001:0000a948       ?SetControlFocus@CComControlBase@ATL@@QEAAHH@Z 000000018000b948 f i FiscalPrinter.obj
 0001:0000aa24       ?SkipAssignment@CRegParser@ATL@@IEAAJPEA_W@Z 000000018000ba24 f i FiscalPrinter.obj
 0001:0000aac8       ?Term@CAtlModule@ATL@@QEAAXXZ 000000018000bac8 f i FiscalPrinter.obj
 0001:0000ab48       ?Term@CComModule@ATL@@QEAAXXZ 000000018000bb48 f i FiscalPrinter.obj
 0001:0000abc4       ?UnregisterServer@CComModule@ATL@@QEAAJHPEBU_GUID@@@Z 000000018000bbc4 f i FiscalPrinter.obj
 0001:0000ac74       ?UpdateRegistryFromResource@CAtlModule@ATL@@QEAAJIHPEAU_ATL_REGMAP_ENTRY@2@@Z 000000018000bc74 f i FiscalPrinter.obj
 0001:0000af80       ?UpdateRegistryFromResource@CAtlModule@ATL@@QEAAJPEB_WHPEAU_ATL_REGMAP_ENTRY@2@@Z 000000018000bf80 f i FiscalPrinter.obj
 0001:0000b2a4       ?VTFromRegType@CRegParser@ATL@@KAHPEB_WAEAG@Z 000000018000c2a4 f i FiscalPrinter.obj
 0001:0000b340       ?WindowProc@?$CWindowImplBaseT@VCWindow@ATL@@V?$CWinTraits@$0FGAAAAAA@$0A@@2@@ATL@@SA_JPEAUHWND__@@I_K_J@Z 000000018000c340 f i FiscalPrinter.obj
 0001:0000b4ac       ?WriteToStream@CComVariant@ATL@@QEAAJPEAUIStream@@@Z 000000018000c4ac f i FiscalPrinter.obj
 0001:0000b728       ?WriteToStream@CComVariant@ATL@@QEAAJPEAUIStream@@G@Z 000000018000c728 f i FiscalPrinter.obj
 0001:0000b7c0       ?_AtlVerifyStackAvailable@_ATL_SAFE_ALLOCA_IMPL@ATL@@YA_N_K@Z 000000018000c7c0 f i FiscalPrinter.obj
 0001:0000b844       ?atlCreate@?$CWindowImpl@VCOPOSFiscalPrinter@@VCWindow@ATL@@V?$CWinTraits@$0FGAAAAAA@$0A@@3@@ATL@@QEAAPEAUHWND__@@PEAU3@V_U_RECT@2@PEB_WKKV_U_MENUorID@2@PEAX@Z 000000018000c844 f i FiscalPrinter.obj
 0001:0000b8f4       ?atlCreate@?$CWindowImplBaseT@VCWindow@ATL@@V?$CWinTraits@$0FGAAAAAA@$0A@@2@@ATL@@QEAAPEAUHWND__@@PEAU3@V_U_RECT@2@PEB_WKKV_U_MENUorID@2@GPEAX@Z 000000018000c8f4 f i FiscalPrinter.obj
 0001:0000ba64       ?ocscpy_s@@YA_NPEA_W_KPEB_W@Z 000000018000ca64 f i FiscalPrinter.obj
 0001:0000bb14       DllCanUnloadNow            000000018000cb14 f   FiscalPrinter.obj
 0001:0000bb20       DllGetClassObject          000000018000cb20 f   FiscalPrinter.obj
 0001:0000bb38       DllMain                    000000018000cb38 f   FiscalPrinter.obj
 0001:0000bbe0       DllRegisterServer          000000018000cbe0 f   FiscalPrinter.obj
 0001:0000bbf4       DllUnregisterServer        000000018000cbf4 f   FiscalPrinter.obj
 0001:0000bc08       __local_stdio_printf_options 000000018000cc08 f i FiscalPrinter.obj
 0001:0000bc10       swprintf_s                 000000018000cc10 f i FiscalPrinter.obj
 0001:0000bc64       ??0COPOSFiscalPrinter@@QEAA@XZ 000000018000cc64 f   FiscalPrinterImpl.obj
 0001:0000bd2c       ??1?$IConnectionPointImpl@VCOPOSFiscalPrinter@@$1?IID_IPropertyNotifySink@@3U_GUID@@BVCComDynamicUnkArray@ATL@@@ATL@@QEAA@XZ 000000018000cd2c f i FiscalPrinterImpl.obj
 0001:0000bd2c       ??1?$IConnectionPointImpl@VCOPOSFiscalPrinter@@$1?DIID__IOPOSFiscalPrinterEvents@@3U_GUID@@BVCComDynamicUnkArray@ATL@@@ATL@@QEAA@XZ 000000018000cd2c f i FiscalPrinterImpl.obj
 0001:0000bd88       ??1CComControlBase@ATL@@UEAA@XZ 000000018000cd88 f i FiscalPrinterImpl.obj
 0001:0000be04       ??1COPOSFiscalPrinter@@UEAA@XZ 000000018000ce04 f   FiscalPrinterImpl.obj
 0001:0000be68       ?BeginFiscalDocument@COPOSFiscalPrinter@@UEAAJJPEAJ@Z 000000018000ce68 f   FiscalPrinterImpl.obj
 0001:0000bee4       ?BeginFiscalReceipt@COPOSFiscalPrinter@@UEAAJFPEAJ@Z 000000018000cee4 f   FiscalPrinterImpl.obj
 0001:0000bf60       ?BeginFixedOutput@COPOSFiscalPrinter@@UEAAJJJPEAJ@Z 000000018000cf60 f   FiscalPrinterImpl.obj
 0001:0000c02c       ?BeginInsertion@COPOSFiscalPrinter@@UEAAJJPEAJ@Z 000000018000d02c f   FiscalPrinterImpl.obj
 0001:0000c0a8       ?BeginItemList@COPOSFiscalPrinter@@UEAAJJPEAJ@Z 000000018000d0a8 f   FiscalPrinterImpl.obj
 0001:0000c124       ?BeginNonFiscal@COPOSFiscalPrinter@@UEAAJPEAJ@Z 000000018000d124 f   FiscalPrinterImpl.obj
 0001:0000c14c       ?BeginRemoval@COPOSFiscalPrinter@@UEAAJJPEAJ@Z 000000018000d14c f   FiscalPrinterImpl.obj
 0001:0000c1c8       ?BeginTraining@COPOSFiscalPrinter@@UEAAJPEAJ@Z 000000018000d1c8 f   FiscalPrinterImpl.obj
 0001:0000c1f0       ?CheckHealth@COPOSFiscalPrinter@@UEAAJJPEAJ@Z 000000018000d1f0 f   FiscalPrinterImpl.obj
 0001:0000c26c       ?ClaimDevice@COPOSFiscalPrinter@@UEAAJJPEAJ@Z 000000018000d26c f   FiscalPrinterImpl.obj
 0001:0000c30c       ?ClearError@COPOSFiscalPrinter@@UEAAJPEAJ@Z 000000018000d30c f   FiscalPrinterImpl.obj
 0001:0000c334       ?ClearOutput@COPOSFiscalPrinter@@UEAAJPEAJ@Z 000000018000d334 f   FiscalPrinterImpl.obj
 0001:0000c35c       ?Close@COPOSFiscalPrinter@@UEAAJPEAJ@Z 000000018000d35c f   FiscalPrinterImpl.obj
 0001:0000c414       ?CompareFirmwareVersion@COPOSFiscalPrinter@@UEAAJPEA_WPEAJ1@Z 000000018000d414 f   FiscalPrinterImpl.obj
 0001:0000c4f0       ?DirectIO@COPOSFiscalPrinter@@UEAAJJPEAJPEAPEA_W0@Z 000000018000d4f0 f   FiscalPrinterImpl.obj
 0001:0000c5ec       ?DoInvoke@COPOSFiscalPrinter@@IEAAJJPEAVOposVariant@@IHPEAJ_N@Z 000000018000d5ec f   FiscalPrinterImpl.obj
 0001:0000c720       ?EndFiscalDocument@COPOSFiscalPrinter@@UEAAJPEAJ@Z 000000018000d720 f   FiscalPrinterImpl.obj
 0001:0000c748       ?EndFiscalReceipt@COPOSFiscalPrinter@@UEAAJFPEAJ@Z 000000018000d748 f   FiscalPrinterImpl.obj
 0001:0000c7c4       ?EndFixedOutput@COPOSFiscalPrinter@@UEAAJPEAJ@Z 000000018000d7c4 f   FiscalPrinterImpl.obj
 0001:0000c7ec       ?EndInsertion@COPOSFiscalPrinter@@UEAAJPEAJ@Z 000000018000d7ec f   FiscalPrinterImpl.obj
 0001:0000c814       ?EndItemList@COPOSFiscalPrinter@@UEAAJPEAJ@Z 000000018000d814 f   FiscalPrinterImpl.obj
 0001:0000c83c       ?EndNonFiscal@COPOSFiscalPrinter@@UEAAJPEAJ@Z 000000018000d83c f   FiscalPrinterImpl.obj
 0001:0000c864       ?EndRemoval@COPOSFiscalPrinter@@UEAAJPEAJ@Z 000000018000d864 f   FiscalPrinterImpl.obj
 0001:0000c88c       ?EndTraining@COPOSFiscalPrinter@@UEAAJPEAJ@Z 000000018000d88c f   FiscalPrinterImpl.obj
 0001:0000c8b4       ?EventInit@COPOSFiscalPrinter@@IEAAJXZ 000000018000d8b4 f i FiscalPrinterImpl.obj
 0001:0000c9fc       ?EventUninit@COPOSFiscalPrinter@@IEAAXXZ 000000018000d9fc f i FiscalPrinterImpl.obj
 0001:0000ca60       ?EventWindowProc@COPOSFiscalPrinter@@IEAA_JI_K_J@Z 000000018000da60 f i FiscalPrinterImpl.obj
 0001:0000cbdc       ?FinalConstruct@COPOSFiscalPrinter@@QEAAJXZ 000000018000dbdc f   FiscalPrinterImpl.obj
 0001:0000cc18       ?FreezeEvents@COPOSFiscalPrinter@@MEAAJH@Z 000000018000dc18 f   FiscalPrinterImpl.obj
 0001:0000cc8c       ?GetData@COPOSFiscalPrinter@@UEAAJJPEAJPEAPEA_W0@Z 000000018000dc8c f   FiscalPrinterImpl.obj
 0001:0000cd88       ?GetDate@COPOSFiscalPrinter@@UEAAJPEAPEA_WPEAJ@Z 000000018000dd88 f   FiscalPrinterImpl.obj
 0001:0000ce10       ?GetOposProp@COPOSFiscalPrinter@@IEAAJJPEAJJ@Z 000000018000de10 f   FiscalPrinterImpl.obj
 0001:0000cf2c       ?GetOposProp@COPOSFiscalPrinter@@IEAAJJPEAPEA_WJ@Z 000000018000df2c f   FiscalPrinterImpl.obj
 0001:0000d058       ?GetTotalizer@COPOSFiscalPrinter@@UEAAJJJPEAPEA_WPEAJ@Z 000000018000e058 f   FiscalPrinterImpl.obj
 0001:0000d150       ?GetVatEntry@COPOSFiscalPrinter@@UEAAJJJPEAJ0@Z 000000018000e150 f   FiscalPrinterImpl.obj
 0001:0000d248       ?OnDraw@COPOSFiscalPrinter@@MEAAJAEAUATL_DRAWINFO@@@Z 000000018000e248 f   FiscalPrinterImpl.obj
 0001:0000d334       ?Open@COPOSFiscalPrinter@@UEAAJPEA_WPEAJ@Z 000000018000e334 f   FiscalPrinterImpl.obj
 0001:0000dbb0       ?PrintDuplicateReceipt@COPOSFiscalPrinter@@UEAAJPEAJ@Z 000000018000ebb0 f   FiscalPrinterImpl.obj
 0001:0000dbd8       ?PrintFiscalDocumentLine@COPOSFiscalPrinter@@UEAAJPEA_WPEAJ@Z 000000018000ebd8 f   FiscalPrinterImpl.obj
 0001:0000dc60       ?PrintFixedOutput@COPOSFiscalPrinter@@UEAAJJJPEA_WPEAJ@Z 000000018000ec60 f   FiscalPrinterImpl.obj
 0001:0000dd58       ?PrintNormal@COPOSFiscalPrinter@@UEAAJJPEA_WPEAJ@Z 000000018000ed58 f   FiscalPrinterImpl.obj
 0001:0000de30       ?PrintPeriodicTotalsReport@COPOSFiscalPrinter@@UEAAJPEA_W0PEAJ@Z 000000018000ee30 f   FiscalPrinterImpl.obj
 0001:0000df0c       ?PrintPowerLossReport@COPOSFiscalPrinter@@UEAAJPEAJ@Z 000000018000ef0c f   FiscalPrinterImpl.obj
 0001:0000df34       ?PrintRecCash@COPOSFiscalPrinter@@UEAAJTtagCY@@PEAJ@Z 000000018000ef34 f   FiscalPrinterImpl.obj
 0001:0000dfb0       ?PrintRecItem@COPOSFiscalPrinter@@UEAAJPEA_WTtagCY@@JJ10PEAJ@Z 000000018000efb0 f   FiscalPrinterImpl.obj
 0001:0000e0dc       ?PrintRecItemAdjustment@COPOSFiscalPrinter@@UEAAJJPEA_WTtagCY@@JPEAJ@Z 000000018000f0dc f   FiscalPrinterImpl.obj
 0001:0000e1d0       ?PrintRecItemAdjustmentVoid@COPOSFiscalPrinter@@UEAAJJPEA_WTtagCY@@JPEAJ@Z 000000018000f1d0 f   FiscalPrinterImpl.obj
 0001:0000e2c4       ?PrintRecItemFuel@COPOSFiscalPrinter@@UEAAJPEA_WTtagCY@@JJ1010PEAJ@Z 000000018000f2c4 f   FiscalPrinterImpl.obj
 0001:0000e418       ?PrintRecItemFuelVoid@COPOSFiscalPrinter@@UEAAJPEA_WTtagCY@@J1PEAJ@Z 000000018000f418 f   FiscalPrinterImpl.obj
 0001:0000e50c       ?PrintRecItemRefund@COPOSFiscalPrinter@@UEAAJPEA_WTtagCY@@JJ10PEAJ@Z 000000018000f50c f   FiscalPrinterImpl.obj
 0001:0000e638       ?PrintRecItemRefundVoid@COPOSFiscalPrinter@@UEAAJPEA_WTtagCY@@JJ10PEAJ@Z 000000018000f638 f   FiscalPrinterImpl.obj
 0001:0000e764       ?PrintRecItemVoid@COPOSFiscalPrinter@@UEAAJPEA_WTtagCY@@JJ10PEAJ@Z 000000018000f764 f   FiscalPrinterImpl.obj
 0001:0000e890       ?PrintRecMessage@COPOSFiscalPrinter@@UEAAJPEA_WPEAJ@Z 000000018000f890 f   FiscalPrinterImpl.obj
 0001:0000e918       ?PrintRecNotPaid@COPOSFiscalPrinter@@UEAAJPEA_WTtagCY@@PEAJ@Z 000000018000f918 f   FiscalPrinterImpl.obj
 0001:0000e9f0       ?PrintRecPackageAdjustVoid@COPOSFiscalPrinter@@UEAAJJPEA_WPEAJ@Z 000000018000f9f0 f   FiscalPrinterImpl.obj
 0001:0000eac8       ?PrintRecPackageAdjustment@COPOSFiscalPrinter@@UEAAJJPEA_W0PEAJ@Z 000000018000fac8 f   FiscalPrinterImpl.obj
 0001:0000ebc4       ?PrintRecRefund@COPOSFiscalPrinter@@UEAAJPEA_WTtagCY@@JPEAJ@Z 000000018000fbc4 f   FiscalPrinterImpl.obj
 0001:0000ecbc       ?PrintRecRefundVoid@COPOSFiscalPrinter@@UEAAJPEA_WTtagCY@@JPEAJ@Z 000000018000fcbc f   FiscalPrinterImpl.obj
 0001:0000edb4       ?PrintRecSubtotal@COPOSFiscalPrinter@@UEAAJTtagCY@@PEAJ@Z 000000018000fdb4 f   FiscalPrinterImpl.obj
 0001:0000ee30       ?PrintRecSubtotalAdjustVoid@COPOSFiscalPrinter@@UEAAJJTtagCY@@PEAJ@Z 000000018000fe30 f   FiscalPrinterImpl.obj
 0001:0000eefc       ?PrintRecSubtotalAdjustment@COPOSFiscalPrinter@@UEAAJJPEA_WTtagCY@@PEAJ@Z 000000018000fefc f   FiscalPrinterImpl.obj
 0001:0000eff4       ?PrintRecTaxID@COPOSFiscalPrinter@@UEAAJPEA_WPEAJ@Z 000000018000fff4 f   FiscalPrinterImpl.obj
 0001:0000f07c       ?PrintRecTotal@COPOSFiscalPrinter@@UEAAJTtagCY@@0PEA_WPEAJ@Z 000000018001007c f   FiscalPrinterImpl.obj
 0001:0000f174       ?PrintRecVoid@COPOSFiscalPrinter@@UEAAJPEA_WPEAJ@Z 0000000180010174 f   FiscalPrinterImpl.obj
 0001:0000f1fc       ?PrintRecVoidItem@COPOSFiscalPrinter@@UEAAJPEA_WTtagCY@@JJ1JPEAJ@Z 00000001800101fc f   FiscalPrinterImpl.obj
 0001:0000f318       ?PrintReport@COPOSFiscalPrinter@@UEAAJJPEA_W0PEAJ@Z 0000000180010318 f   FiscalPrinterImpl.obj
 0001:0000f414       ?PrintXReport@COPOSFiscalPrinter@@UEAAJPEAJ@Z 0000000180010414 f   FiscalPrinterImpl.obj
 0001:0000f43c       ?PrintZReport@COPOSFiscalPrinter@@UEAAJPEAJ@Z 000000018001043c f   FiscalPrinterImpl.obj
 0001:0000f464       ?ReleaseDevice@COPOSFiscalPrinter@@UEAAJPEAJ@Z 0000000180010464 f   FiscalPrinterImpl.obj
 0001:0000f4d0       ?ResetPrinterW@COPOSFiscalPrinter@@UEAAJPEAJ@Z 00000001800104d0 f   FiscalPrinterImpl.obj
 0001:0000f4f8       ?ResetStatistics@COPOSFiscalPrinter@@UEAAJPEA_WPEAJ@Z 00000001800104f8 f   FiscalPrinterImpl.obj
 0001:0000f580       ?RetrieveStatistics@COPOSFiscalPrinter@@UEAAJPEAPEA_WPEAJ@Z 0000000180010580 f   FiscalPrinterImpl.obj
 0001:0000f608       ?SOProcessID@COPOSFiscalPrinter@@UEAAJPEAJ@Z 0000000180010608 f   FiscalPrinterImpl.obj
 0001:0000f624       ?SetCOFreezeEvents@COPOSFiscalPrinter@@IEAAXF@Z 0000000180010624 f   FiscalPrinterImpl.obj
 0001:0000f708       ?SetCurrency@COPOSFiscalPrinter@@UEAAJJPEAJ@Z 0000000180010708 f   FiscalPrinterImpl.obj
 0001:0000f784       ?SetDate@COPOSFiscalPrinter@@UEAAJPEA_WPEAJ@Z 0000000180010784 f   FiscalPrinterImpl.obj
 0001:0000f80c       ?SetHeaderLine@COPOSFiscalPrinter@@UEAAJJPEA_WFPEAJ@Z 000000018001080c f   FiscalPrinterImpl.obj
 0001:0000f904       ?SetOposProp@COPOSFiscalPrinter@@IEAAJJJJ@Z 0000000180010904 f   FiscalPrinterImpl.obj
 0001:0000fa64       ?SetOposProp@COPOSFiscalPrinter@@IEAAJJPEA_WJ@Z 0000000180010a64 f   FiscalPrinterImpl.obj
 0001:0000fbbc       ?SetPOSID@COPOSFiscalPrinter@@UEAAJPEA_W0PEAJ@Z 0000000180010bbc f   FiscalPrinterImpl.obj
 0001:0000fc98       ?SetStoreFiscalID@COPOSFiscalPrinter@@UEAAJPEA_WPEAJ@Z 0000000180010c98 f   FiscalPrinterImpl.obj
 0001:0000fd20       ?SetTrailerLine@COPOSFiscalPrinter@@UEAAJJPEA_WFPEAJ@Z 0000000180010d20 f   FiscalPrinterImpl.obj
 0001:0000fe18       ?SetVatTable@COPOSFiscalPrinter@@UEAAJPEAJ@Z 0000000180010e18 f   FiscalPrinterImpl.obj
 0001:0000fe40       ?SetVatValue@COPOSFiscalPrinter@@UEAAJJPEA_WPEAJ@Z 0000000180010e40 f   FiscalPrinterImpl.obj
 0001:0000ff18       ?UpdateFirmware@COPOSFiscalPrinter@@UEAAJPEA_WPEAJ@Z 0000000180010f18 f   FiscalPrinterImpl.obj
 0001:0000ffa0       ?UpdateStatistics@COPOSFiscalPrinter@@UEAAJPEA_WPEAJ@Z 0000000180010fa0 f   FiscalPrinterImpl.obj
 0001:00010028       ?VerifyItem@COPOSFiscalPrinter@@UEAAJPEA_WJPEAJ@Z 0000000180011028 f   FiscalPrinterImpl.obj
 0001:00010100       ?get_ActualCurrency@COPOSFiscalPrinter@@UEAAJPEAJ@Z 0000000180011100 f   FiscalPrinterImpl.obj
 0001:00010114       ?get_AdditionalHeader@COPOSFiscalPrinter@@UEAAJPEAPEA_W@Z 0000000180011114 f   FiscalPrinterImpl.obj
 0001:00010128       ?get_AdditionalTrailer@COPOSFiscalPrinter@@UEAAJPEAPEA_W@Z 0000000180011128 f   FiscalPrinterImpl.obj
 0001:0001013c       ?get_AmountDecimalPlaces@COPOSFiscalPrinter@@UEAAJPEAJ@Z 000000018001113c f   FiscalPrinterImpl.obj
 0001:00010150       ?get_AsyncMode@COPOSFiscalPrinter@@UEAAJPEAF@Z 0000000180011150 f   FiscalPrinterImpl.obj
 0001:00010184       ?get_BinaryConversion@COPOSFiscalPrinter@@UEAAJPEAJ@Z 0000000180011184 f   FiscalPrinterImpl.obj
 0001:00010198       ?get_CapAdditionalHeader@COPOSFiscalPrinter@@UEAAJPEAF@Z 0000000180011198 f   FiscalPrinterImpl.obj
 0001:000101cc       ?get_CapAdditionalLines@COPOSFiscalPrinter@@UEAAJPEAF@Z 00000001800111cc f   FiscalPrinterImpl.obj
 0001:00010200       ?get_CapAdditionalTrailer@COPOSFiscalPrinter@@UEAAJPEAF@Z 0000000180011200 f   FiscalPrinterImpl.obj
 0001:00010234       ?get_CapAmountAdjustment@COPOSFiscalPrinter@@UEAAJPEAF@Z 0000000180011234 f   FiscalPrinterImpl.obj
 0001:00010268       ?get_CapAmountNotPaid@COPOSFiscalPrinter@@UEAAJPEAF@Z 0000000180011268 f   FiscalPrinterImpl.obj
 0001:0001029c       ?get_CapChangeDue@COPOSFiscalPrinter@@UEAAJPEAF@Z 000000018001129c f   FiscalPrinterImpl.obj
 0001:000102d0       ?get_CapCheckTotal@COPOSFiscalPrinter@@UEAAJPEAF@Z 00000001800112d0 f   FiscalPrinterImpl.obj
 0001:00010304       ?get_CapCompareFirmwareVersion@COPOSFiscalPrinter@@UEAAJPEAF@Z 0000000180011304 f   FiscalPrinterImpl.obj
 0001:00010338       ?get_CapCoverSensor@COPOSFiscalPrinter@@UEAAJPEAF@Z 0000000180011338 f   FiscalPrinterImpl.obj
 0001:0001036c       ?get_CapDoubleWidth@COPOSFiscalPrinter@@UEAAJPEAF@Z 000000018001136c f   FiscalPrinterImpl.obj
 0001:000103a0       ?get_CapDuplicateReceipt@COPOSFiscalPrinter@@UEAAJPEAF@Z 00000001800113a0 f   FiscalPrinterImpl.obj
 0001:000103d4       ?get_CapEmptyReceiptIsVoidable@COPOSFiscalPrinter@@UEAAJPEAF@Z 00000001800113d4 f   FiscalPrinterImpl.obj
 0001:00010408       ?get_CapFiscalReceiptStation@COPOSFiscalPrinter@@UEAAJPEAF@Z 0000000180011408 f   FiscalPrinterImpl.obj
 0001:0001043c       ?get_CapFiscalReceiptType@COPOSFiscalPrinter@@UEAAJPEAF@Z 000000018001143c f   FiscalPrinterImpl.obj
 0001:00010470       ?get_CapFixedOutput@COPOSFiscalPrinter@@UEAAJPEAF@Z 0000000180011470 f   FiscalPrinterImpl.obj
 0001:000104a4       ?get_CapHasVatTable@COPOSFiscalPrinter@@UEAAJPEAF@Z 00000001800114a4 f   FiscalPrinterImpl.obj
 0001:000104d8       ?get_CapIndependentHeader@COPOSFiscalPrinter@@UEAAJPEAF@Z 00000001800114d8 f   FiscalPrinterImpl.obj
 0001:0001050c       ?get_CapItemList@COPOSFiscalPrinter@@UEAAJPEAF@Z 000000018001150c f   FiscalPrinterImpl.obj
 0001:00010540       ?get_CapJrnEmptySensor@COPOSFiscalPrinter@@UEAAJPEAF@Z 0000000180011540 f   FiscalPrinterImpl.obj
 0001:00010574       ?get_CapJrnNearEndSensor@COPOSFiscalPrinter@@UEAAJPEAF@Z 0000000180011574 f   FiscalPrinterImpl.obj
 0001:000105a8       ?get_CapJrnPresent@COPOSFiscalPrinter@@UEAAJPEAF@Z 00000001800115a8 f   FiscalPrinterImpl.obj
 0001:000105dc       ?get_CapMultiContractor@COPOSFiscalPrinter@@UEAAJPEAF@Z 00000001800115dc f   FiscalPrinterImpl.obj
 0001:00010610       ?get_CapNonFiscalMode@COPOSFiscalPrinter@@UEAAJPEAF@Z 0000000180011610 f   FiscalPrinterImpl.obj
 0001:00010644       ?get_CapOnlyVoidLastItem@COPOSFiscalPrinter@@UEAAJPEAF@Z 0000000180011644 f   FiscalPrinterImpl.obj
 0001:00010678       ?get_CapOrderAdjustmentFirst@COPOSFiscalPrinter@@UEAAJPEAF@Z 0000000180011678 f   FiscalPrinterImpl.obj
 0001:000106ac       ?get_CapPackageAdjustment@COPOSFiscalPrinter@@UEAAJPEAF@Z 00000001800116ac f   FiscalPrinterImpl.obj
 0001:000106e0       ?get_CapPercentAdjustment@COPOSFiscalPrinter@@UEAAJPEAF@Z 00000001800116e0 f   FiscalPrinterImpl.obj
 0001:00010714       ?get_CapPositiveAdjustment@COPOSFiscalPrinter@@UEAAJPEAF@Z 0000000180011714 f   FiscalPrinterImpl.obj
 0001:00010748       ?get_CapPositiveSubtotalAdjustment@COPOSFiscalPrinter@@UEAAJPEAF@Z 0000000180011748 f   FiscalPrinterImpl.obj
 0001:0001077c       ?get_CapPostPreLine@COPOSFiscalPrinter@@UEAAJPEAF@Z 000000018001177c f   FiscalPrinterImpl.obj
 0001:000107b0       ?get_CapPowerLossReport@COPOSFiscalPrinter@@UEAAJPEAF@Z 00000001800117b0 f   FiscalPrinterImpl.obj
 0001:000107e4       ?get_CapPowerReporting@COPOSFiscalPrinter@@UEAAJPEAJ@Z 00000001800117e4 f   FiscalPrinterImpl.obj
 0001:000107f8       ?get_CapPredefinedPaymentLines@COPOSFiscalPrinter@@UEAAJPEAF@Z 00000001800117f8 f   FiscalPrinterImpl.obj
 0001:0001082c       ?get_CapRecEmptySensor@COPOSFiscalPrinter@@UEAAJPEAF@Z 000000018001182c f   FiscalPrinterImpl.obj
 0001:00010860       ?get_CapRecNearEndSensor@COPOSFiscalPrinter@@UEAAJPEAF@Z 0000000180011860 f   FiscalPrinterImpl.obj
[...]
 0004:00001d7c       $pdata$__acrt_fp_format    000000018003ad7c     libucrt:cvt.obj
 0004:00001d88       $pdata$?fp_format_e_internal@@YAHQEAD_KH_NIQEAU_strflt@@2QEAU__crt_locale_pointers@@@Z 000000018003ad88     libucrt:cvt.obj
 0004:00001d94       $pdata$?fp_format_e@@YAHQEBNQEAD_K12H_NIQEAU__crt_locale_pointers@@W4__acrt_rounding_mode@@@Z 000000018003ad94     libucrt:cvt.obj
 0004:00001da0       $pdata$?should_round_up@@YA_NQEBN_KFW4__acrt_rounding_mode@@@Z 000000018003ada0     libucrt:cvt.obj
 0004:00001dac       $pdata$?fp_format_a@@YAHQEBNPEAD_KQEAD2H_NIQEAU__crt_locale_pointers@@W4__acrt_rounding_mode@@@Z 000000018003adac     libucrt:cvt.obj
 0004:00001db8       $pdata$?fp_format_f_internal@@YAHQEAD_KHQEAU_strflt@@_NQEAU__crt_locale_pointers@@@Z 000000018003adb8     libucrt:cvt.obj
 0004:00001dc4       $pdata$?fp_format_g@@YAHQEBNQEAD_K12H_NIQEAU__crt_locale_pointers@@@Z 000000018003adc4     libucrt:cvt.obj
 0004:00001dd0       $pdata$_fileno             000000018003add0     libucrt:fileno.obj
 0004:00001ddc       $pdata$__acrt_initialize_stdio 000000018003addc     libucrt:_file.obj
 0004:00001de8       $pdata$__acrt_uninitialize_stdio 000000018003ade8     libucrt:_file.obj
 0004:00001df4       $pdata$__acrt_uninitialize_locale 000000018003adf4     libucrt:wsetlocale.obj
 0004:00001e00       $pdata$??$?RV<lambda_410d79af7f07d98d83a3f525b3859a53>@@AEAV<lambda_3e16ef9562a7dcce91392c22ab16ea36>@@V<lambda_38119f0e861e05405d8a144b9b982f0a>@@@?$__crt_seh_guarded_call@X@@QEAAX$$QEAV<lambda_410d79af7f07d98d83a3f525b3859a53>@@AEAV<lambda_3e16ef9562a7dcce91392c22ab16ea36>@@$$QEAV<lambda_38119f0e861e05405d8a144b9b982f0a>@@@Z 000000018003ae00     libucrt:wsetlocale.obj
 0004:00001e0c       $pdata$?fin$0@?0???$?RV<lambda_410d79af7f07d98d83a3f525b3859a53>@@AEAV<lambda_3e16ef9562a7dcce91392c22ab16ea36>@@V<lambda_38119f0e861e05405d8a144b9b982f0a>@@@?$__crt_seh_guarded_call@X@@QEAAX$$QEAV<lambda_410d79af7f07d98d83a3f525b3859a53>@@AEAV<lambda_3e16ef9562a7dcce91392c22ab16ea36>@@$$QEAV<lambda_38119f0e861e05405d8a144b9b982f0a>@@@Z@4HA 000000018003ae0c     libucrt:wsetlocale.obj
 0004:00001e18       $pdata$__acrt_initialize_lowio 000000018003ae18     libucrt:ioinit.obj
 0004:00001e24       $pdata$__acrt_initialize_lowio$fin$0 000000018003ae24     libucrt:ioinit.obj
 0004:00001e24       $pdata$__acrt_lowio_ensure_fh_exists$fin$0 000000018003ae24     libucrt:osfinfo.obj
 0004:00001e30       $pdata$__acrt_uninitialize_lowio 000000018003ae30     libucrt:ioinit.obj
 0004:00001e3c       $pdata$?initialize_inherited_file_handles_nolock@@YAXXZ 000000018003ae3c     libucrt:ioinit.obj
 0004:00001e48       $pdata$?initialize_stdio_handles_nolock@@YAXXZ 000000018003ae48     libucrt:ioinit.obj
 0004:00001e54       $pdata$__acrt_initialize_locks 000000018003ae54     libucrt:locks.obj
 0004:00001e60       $pdata$__acrt_uninitialize_locks 000000018003ae60     libucrt:locks.obj
 0004:00001e6c       $pdata$__acrt_get_process_end_policy 000000018003ae6c     libucrt:win_policies.obj
 0004:00001e78       $pdata$??$__acrt_mbs_to_wcs_cp@U__crt_win32_buffer_internal_dynamic_resizing@@@@YAHQEBDAEAV?$__crt_win32_buffer@_WU__crt_win32_buffer_internal_dynamic_resizing@@@@I@Z 000000018003ae78     libucrt:argv_wildcards.obj
 0004:00001e84       $pdata$??$__acrt_wcs_to_mbs_cp@U__crt_win32_buffer_internal_dynamic_resizing@@@@YAHQEB_WAEAV?$__crt_win32_buffer@DU__crt_win32_buffer_internal_dynamic_resizing@@@@I@Z 000000018003ae84     libucrt:argv_wildcards.obj
 0004:00001e90       $pdata$??$common_expand_argv_wildcards@D@@YAHQEAPEADQEAPEAPEAD@Z 000000018003ae90     libucrt:argv_wildcards.obj
 0004:00001e9c       $pdata$??$copy_and_add_argument_to_buffer@D@@YAHQEBD0_KAEAV?$argument_list@D@?A0x5f5c8891@@@Z 000000018003ae9c     libucrt:argv_wildcards.obj
 0004:00001ea8       $pdata$??$expand_argument_wildcards@D@@YAHQEAD0AEAV?$argument_list@D@?A0x5f5c8891@@@Z 000000018003aea8     libucrt:argv_wildcards.obj
 0004:00001eb4       $pdata$__acrt_GetModuleFileNameA 000000018003aeb4     libucrt:getmodulefilenamea.obj
 0004:00001ec0       $pdata$??$__acrt_wcs_to_mbs_cp@U__crt_win32_buffer_no_resizing@@@@YAHQEB_WAEAV?$__crt_win32_buffer@DU__crt_win32_buffer_no_resizing@@@@I@Z 000000018003aec0     libucrt:getmodulefilenamea.obj
 0004:00001ecc       $pdata$__acrt_update_thread_multibyte_data 000000018003aecc     libucrt:mbctype.obj
 0004:00001ed8       $pdata$__acrt_initialize_multibyte 000000018003aed8     libucrt:mbctype.obj
 0004:00001ee4       $pdata$_setmbcp_nolock     000000018003aee4     libucrt:mbctype.obj
 0004:00001ef0       $pdata$?getSystemCP@@YAHH@Z 000000018003aef0     libucrt:mbctype.obj
 0004:00001efc       $pdata$?setSBCS@@YAXPEAU__crt_multibyte_data@@@Z 000000018003aefc     libucrt:mbctype.obj
 0004:00001f08       $pdata$?update_thread_multibyte_data_internal@@YAPEAU__crt_multibyte_data@@QEAU__acrt_ptd@@QEAPEAU1@@Z 000000018003af08     libucrt:mbctype.obj
 0004:00001f14       $pdata$?fin$0@?0??update_thread_multibyte_data_internal@@YAPEAU__crt_multibyte_data@@QEAU__acrt_ptd@@QEAPEAU1@@Z@4HA 000000018003af14     libucrt:mbctype.obj
 0004:00001f20       $pdata$?setmbcp_internal@@YAHH_NQEAU__acrt_ptd@@QEAPEAU__crt_multibyte_data@@@Z 000000018003af20     libucrt:mbctype.obj
 0004:00001f2c       $pdata$?setSBUpLow@@YAXPEAU__crt_multibyte_data@@@Z 000000018003af2c     libucrt:mbctype.obj
 0004:00001f38       $pdata$??$?RV<lambda_efdfa57d1f175319df784efa44bb7b81>@@AEAV<lambda_5f0a4c1567f8adc6734073e5d1e1b35c>@@V<lambda_2e8a7d3640ea6ccb4c2413664c2db6fd>@@@?$__crt_seh_guarded_call@X@@QEAAX$$QEAV<lambda_efdfa57d1f175319df784efa44bb7b81>@@AEAV<lambda_5f0a4c1567f8adc6734073e5d1e1b35c>@@$$QEAV<lambda_2e8a7d3640ea6ccb4c2413664c2db6fd>@@@Z 000000018003af38     libucrt:mbctype.obj
 0004:00001f44       $pdata$?x_ismbbtype_l@@YAHPEAU__crt_locale_pointers@@IHH@Z 000000018003af44     libucrt:ismbbyte.obj
 0004:00001f50       $pdata$__acrt_initialize_command_line 000000018003af50     libucrt:argv_data.obj
 0004:00001f5c       $pdata$__acrt_WideCharToMultiByte 000000018003af5c     libucrt:widechartomultibyte.obj
 0004:00001f68       $pdata$__dcrt_get_narrow_environment_from_os 000000018003af68     libucrt:get_environment_from_os.obj
 0004:00001f74       $pdata$__acrt_initialize_heap 000000018003af74     libucrt:heap_handle.obj
 0004:00001f80       $pdata$__acrt_execute_initializers 000000018003af80     libucrt:shared_initialization.obj
 0004:00001f8c       $pdata$__acrt_execute_uninitializers 000000018003af8c     libucrt:shared_initialization.obj
 0004:00001f98       $pdata$__acrt_get_sigabrt_handler 000000018003af98     libucrt:signal.obj
 0004:00001fa4       $pdata$raise               000000018003afa4     libucrt:signal.obj
 0004:00001fb0       $pdata$raise$fin$0         000000018003afb0     libucrt:signal.obj
 0004:00001fbc       $pdata$??$?RV<lambda_450d765d439847d4c735a33c368b5fc0>@@AEAV<lambda_44731a7d0e6d81c3e6aa82d741081786>@@V<lambda_601a2a7da3b7a96e9554ac7215c4b07c>@@@?$__crt_seh_guarded_call@P6AXH@Z@@QEAAP6AXH@Z$$QEAV<lambda_450d765d439847d4c735a33c368b5fc0>@@AEAV<lambda_44731a7d0e6d81c3e6aa82d741081786>@@$$QEAV<lambda_601a2a7da3b7a96e9554ac7215c4b07c>@@@Z 000000018003afbc     libucrt:signal.obj
 0004:00001fc8       $pdata$_fflush_nolock      000000018003afc8     libucrt:fflush.obj
 0004:00001fd4       $pdata$__acrt_stdio_flush_nolock 000000018003afd4     libucrt:fflush.obj
 0004:00001fe0       $pdata$?common_flush_all@@YAH_N@Z 000000018003afe0     libucrt:fflush.obj
 0004:00001fec       $pdata$??$?RV<lambda_842d9ff0dc9ef11c61343bbaebe7f885>@@AEAV<lambda_c5860995281e5c4ce005b3de8f5874ee>@@V<lambda_d90129c13df834fdcbf8d2b88dafcf2d>@@@?$__crt_seh_guarded_call@X@@QEAAX$$QEAV<lambda_842d9ff0dc9ef11c61343bbaebe7f885>@@AEAV<lambda_c5860995281e5c4ce005b3de8f5874ee>@@$$QEAV<lambda_d90129c13df834fdcbf8d2b88dafcf2d>@@@Z 000000018003afec     libucrt:fflush.obj
 0004:00001ff8       $pdata$?fin$0@?0???$?RV<lambda_842d9ff0dc9ef11c61343bbaebe7f885>@@AEAV<lambda_c5860995281e5c4ce005b3de8f5874ee>@@V<lambda_d90129c13df834fdcbf8d2b88dafcf2d>@@@?$__crt_seh_guarded_call@X@@QEAAX$$QEAV<lambda_842d9ff0dc9ef11c61343bbaebe7f885>@@AEAV<lambda_c5860995281e5c4ce005b3de8f5874ee>@@$$QEAV<lambda_d90129c13df834fdcbf8d2b88dafcf2d>@@@Z@4HA 000000018003aff8     libucrt:fflush.obj
 0004:00002004       $pdata$??$?RV<lambda_886d6c58226a84441f68b9f2b8217b83>@@AEAV<lambda_ab61a845afdef5b7c387490eaf3616ee>@@V<lambda_f7f22ab5edc0698d5f6905b0d3f44752>@@@?$__crt_seh_guarded_call@X@@QEAAX$$QEAV<lambda_886d6c58226a84441f68b9f2b8217b83>@@AEAV<lambda_ab61a845afdef5b7c387490eaf3616ee>@@$$QEAV<lambda_f7f22ab5edc0698d5f6905b0d3f44752>@@@Z 000000018003b004     libucrt:fflush.obj
 0004:00002010       $pdata$?fin$0@?0???$?RV<lambda_886d6c58226a84441f68b9f2b8217b83>@@AEAV<lambda_ab61a845afdef5b7c387490eaf3616ee>@@V<lambda_f7f22ab5edc0698d5f6905b0d3f44752>@@@?$__crt_seh_guarded_call@X@@QEAAX$$QEAV<lambda_886d6c58226a84441f68b9f2b8217b83>@@AEAV<lambda_ab61a845afdef5b7c387490eaf3616ee>@@$$QEAV<lambda_f7f22ab5edc0698d5f6905b0d3f44752>@@@Z@4HA 000000018003b010     libucrt:fflush.obj
 0004:0000201c       $pdata$__pctype_func       000000018003b01c     libucrt:ctype.obj
 0004:00002028       $pdata$iswctype            000000018003b028     libucrt:iswctype.obj
 0004:00002034       $pdata$__acrt_release_locale_ref 000000018003b034     libucrt:locale_refcounting.obj
 0004:00002040       $pdata$__acrt_free_locale  000000018003b040     libucrt:locale_refcounting.obj
 0004:0000204c       $pdata$__acrt_locale_free_lc_time_if_unreferenced 000000018003b04c     libucrt:locale_refcounting.obj
 0004:00002058       $pdata$__acrt_update_thread_locale_data 000000018003b058     libucrt:locale_refcounting.obj
 0004:00002064       $pdata$__acrt_update_thread_locale_data$fin$0 000000018003b064     libucrt:locale_refcounting.obj
 0004:00002070       $pdata$_updatetlocinfoEx_nolock 000000018003b070     libucrt:locale_refcounting.obj
 0004:0000207c       $pdata$__acrt_DownlevelLocaleNameToLCID 000000018003b07c     libucrt:lcidtoname_downlevel.obj
 0004:00002088       $pdata$_isleadbyte_l       000000018003b088     libucrt:_wctype.obj
 0004:00002094       $pdata$?__mbrtowc_utf8@__crt_mbstring@@YA_KPEA_WPEBD_KPEAU_Mbstatet@@@Z 000000018003b094     libucrt:mbrtowc.obj
 0004:000020a0       $pdata$?__mbsrtowcs_utf8@__crt_mbstring@@YA_KPEA_WPEAPEBD_KPEAU_Mbstatet@@@Z 000000018003b0a0     libucrt:mbrtowc.obj
 0004:000020ac       $pdata$__acrt_fp_strflt_to_string 000000018003b0ac     libucrt:_fptostr.obj
 0004:000020b8       $pdata$memcpy_s            000000018003b0b8     libucrt:cfout.obj
 0004:000020c4       $pdata$__acrt_fltout       000000018003b0c4     libucrt:cfout.obj
 0004:000020d0       $pdata$?divide@__crt_strtox@@YA_KAEAUbig_integer@1@AEBU21@@Z 000000018003b0d0     libucrt:cfout.obj
 0004:000020dc       $pdata$0$?divide@__crt_strtox@@YA_KAEAUbig_integer@1@AEBU21@@Z 000000018003b0dc     libucrt:cfout.obj
 0004:000020e8       $pdata$1$?divide@__crt_strtox@@YA_KAEAUbig_integer@1@AEBU21@@Z 000000018003b0e8     libucrt:cfout.obj
 0004:000020f4       $pdata$fegetround          000000018003b0f4     libucrt:fegetround.obj
 0004:00002100       $pdata$_fcloseall          000000018003b100     libucrt:closeall.obj
 0004:0000210c       $pdata$_fcloseall$fin$0    000000018003b10c     libucrt:closeall.obj
 0004:00002118       $pdata$__acrt_stdio_free_buffer_nolock 000000018003b118     libucrt:_freebuf.obj
 0004:00002124       $pdata$_isatty             000000018003b124     libucrt:isatty.obj
 0004:00002130       $pdata$__acrt_locale_free_monetary 000000018003b130     libucrt:initmon.obj
 0004:0000213c       $pdata$__acrt_locale_free_numeric 000000018003b13c     libucrt:initnum.obj
 0004:00002148       $pdata$__acrt_locale_free_time 000000018003b148     libucrt:inittime.obj
 0004:00002154       $pdata$?free_crt_array_internal@@YAXQEAPEBX_K@Z 000000018003b154     libucrt:inittime.obj
 0004:00002160       $pdata$__acrt_GetStringTypeA 000000018003b160     libucrt:getstringtypea.obj
 0004:0000216c       $pdata$_get_osfhandle      000000018003b16c     libucrt:osfinfo.obj
 0004:00002178       $pdata$_free_osfhnd        000000018003b178     libucrt:osfinfo.obj
 0004:00002184       $pdata$__acrt_lowio_create_handle_array 000000018003b184     libucrt:osfinfo.obj
 0004:00002190       $pdata$__acrt_lowio_destroy_handle_array 000000018003b190     libucrt:osfinfo.obj
 0004:0000219c       $pdata$__acrt_lowio_ensure_fh_exists 000000018003b19c     libucrt:osfinfo.obj
 0004:000021a8       $pdata$qsort               000000018003b1a8     libucrt:qsort.obj
 0004:000021b4       $pdata$4$qsort             000000018003b1b4     libucrt:qsort.obj
 0004:000021c0       $pdata$5$qsort             000000018003b1c0     libucrt:qsort.obj
 0004:000021cc       $pdata$strncpy_s           000000018003b1cc     libucrt:strncpy_s.obj
 0004:000021d8       $pdata$strpbrk             000000018003b1d8     libucrt:strpbrk.obj
 0004:000021e4       $pdata$fallbackMethod      000000018003b1e4     libucrt:strpbrk.obj
 0004:000021f0       $pdata$_mbsdec_l           000000018003b1f0     libucrt:mbsdec.obj
 0004:000021fc       $pdata$__acrt_LCMapStringA 000000018003b1fc     libucrt:lcmapstringa.obj
 0004:00002208       $pdata$?__acrt_LCMapStringA_stat@@YAHPEAU__crt_locale_pointers@@PEB_WKPEBDHPEADHHH@Z 000000018003b208     libucrt:lcmapstringa.obj
 0004:00002214       $pdata$?initialize_multibyte@@YAHXZ 000000018003b214     libucrt:multibyte_initializer.obj
 0004:00002220       $pdata$_commit             000000018003b220     libucrt:commit.obj
 0004:0000222c       $pdata$??$?RV<lambda_a37b2b86f63e897a80ea819b0eb08c01>@@AEAV<lambda_38ce7e780aa69e748d6df282ebc68efe>@@V<lambda_99fb1378e971ab6e7edea83e3a7a83a2>@@@?$__crt_seh_guarded_call@H@@QEAAH$$QEAV<lambda_a37b2b86f63e897a80ea819b0eb08c01>@@AEAV<lambda_38ce7e780aa69e748d6df282ebc68efe>@@$$QEAV<lambda_99fb1378e971ab6e7edea83e3a7a83a2>@@@Z 000000018003b22c     libucrt:commit.obj
 0004:00002238       $pdata$?fin$0@?0???$?RV<lambda_751a882b2c74d4b022dec766aa51a29a>@@AEAV<lambda_628dfdc04ba53c8bfc02c9951375f3f5>@@V<lambda_f6c7be5f7998530c34de24c7437d6b54>@@@?$__crt_seh_guarded_call@H@@QEAAH$$QEAV<lambda_751a882b2c74d4b022dec766aa51a29a>@@AEAV<lambda_628dfdc04ba53c8bfc02c9951375f3f5>@@$$QEAV<lambda_f6c7be5f7998530c34de24c7437d6b54>@@@Z@4HA 000000018003b238     libucrt:close.obj
 0004:00002238       $pdata$?fin$0@?0???$?RV<lambda_a37b2b86f63e897a80ea819b0eb08c01>@@AEAV<lambda_38ce7e780aa69e748d6df282ebc68efe>@@V<lambda_99fb1378e971ab6e7edea83e3a7a83a2>@@@?$__crt_seh_guarded_call@H@@QEAAH$$QEAV<lambda_a37b2b86f63e897a80ea819b0eb08c01>@@AEAV<lambda_38ce7e780aa69e748d6df282ebc68efe>@@$$QEAV<lambda_99fb1378e971ab6e7edea83e3a7a83a2>@@@Z@4HA 000000018003b238     libucrt:commit.obj
 0004:00002244       $pdata$_write              000000018003b244     libucrt:write.obj
 0004:00002250       $pdata$_write$fin$0        000000018003b250     libucrt:write.obj
 0004:0000225c       $pdata$_write_nolock       000000018003b25c     libucrt:write.obj
 0004:00002268       $pdata$?write_double_translated_ansi_nolock@@YA?AUwrite_result@?A0x17268360@@HQEBDI@Z 000000018003b268     libucrt:write.obj
 0004:00002274       $pdata$?write_text_ansi_nolock@@YA?AUwrite_result@?A0x17268360@@HQEBDI@Z 000000018003b274     libucrt:write.obj
 0004:00002280       $pdata$?write_text_utf16le_nolock@@YA?AUwrite_result@?A0x17268360@@HQEBDI@Z 000000018003b280     libucrt:write.obj
 0004:0000228c       $pdata$?write_text_utf8_nolock@@YA?AUwrite_result@?A0x17268360@@HQEBDI@Z 000000018003b28c     libucrt:write.obj
 0004:00002298       $pdata$?__mbrtoc32_utf8@__crt_mbstring@@YA_KPEA_UPEBD_KPEAU_Mbstatet@@@Z 000000018003b298     libucrt:mbrtoc32.obj
 0004:000022a4       $pdata$_controlfp_s        000000018003b2a4     libucrt:contrlfp.obj
 0004:000022b0       $pdata$fegetenv            000000018003b2b0     libucrt:fegetenv.obj
 0004:000022bc       $pdata$fesetenv            000000018003b2bc     libucrt:fesetenv.obj
 0004:000022c8       $pdata$feholdexcept        000000018003b2c8     libucrt:feholdexcept.obj
 0004:000022e0       $pdata$__acrt_fenv_set_control 000000018003b2e0     libucrt:_fenvutils.obj
 0004:000022ec       $pdata$??$common_lseek_nolock@_J@@YA_JH_JH@Z 000000018003b2ec     libucrt:lseek.obj
 0004:000022f8       $pdata$fclose              000000018003b2f8     libucrt:fclose.obj
 0004:00002304       $pdata$fclose$fin$0        000000018003b304     libucrt:fclose.obj
 0004:00002310       $pdata$_fclose_nolock      000000018003b310     libucrt:fclose.obj
 0004:0000231c       $pdata$_putwch_nolock      000000018003b31c     libucrt:putwch.obj
 0004:00002328       $pdata$_clearfp            000000018003b328     libucrt:ieee.obj
 0004:00002334       $pdata$common_control87    000000018003b334     libucrt:ieee.obj
 0004:00002340       $pdata$_ctrlfp$filt$0      000000018003b340     libucrt:fpctrl.obj
 0004:00002340       $pdata$common_control87$filt$0 000000018003b340     libucrt:ieee.obj
 0004:0000234c       $pdata$_call_matherr       000000018003b34c     libucrt:libm_error.obj
 0004:00002358       $pdata$_exception_enabled  000000018003b358     libucrt:libm_error.obj
 0004:00002364       $pdata$_handle_error       000000018003b364     libucrt:libm_error.obj
 0004:00002370       $pdata$__acrt_initialize_fma3 000000018003b370     libucrt:fma3_available.obj
 0004:0000237c       $pdata$_log_special_common 000000018003b37c     libucrt:log_special.obj
 0004:00002388       $pdata$_log10_special      000000018003b388     libucrt:log_special.obj
 0004:00002394       $pdata$_close              000000018003b394     libucrt:close.obj
 0004:000023a0       $pdata$_close_nolock       000000018003b3a0     libucrt:close.obj
 0004:000023ac       $pdata$??$?RV<lambda_751a882b2c74d4b022dec766aa51a29a>@@AEAV<lambda_628dfdc04ba53c8bfc02c9951375f3f5>@@V<lambda_f6c7be5f7998530c34de24c7437d6b54>@@@?$__crt_seh_guarded_call@H@@QEAAH$$QEAV<lambda_751a882b2c74d4b022dec766aa51a29a>@@AEAV<lambda_628dfdc04ba53c8bfc02c9951375f3f5>@@$$QEAV<lambda_f6c7be5f7998530c34de24c7437d6b54>@@@Z 000000018003b3ac     libucrt:close.obj
 0004:000023b8       $pdata$__dcrt_lowio_ensure_console_output_initialized 000000018003b3b8     libucrt:initcon.obj
 0004:000023c4       $pdata$__dcrt_write_console 000000018003b3c4     libucrt:initcon.obj
 0004:000023d0       $pdata$__dcrt_terminate_console_output 000000018003b3d0     libucrt:initcon.obj
 0004:000023e8       $pdata$_set_errno_from_matherr 000000018003b3e8     libucrt:fpexcept.obj
 0004:000023f4       $pdata$_raise_exc          000000018003b3f4     libucrt:fpexcept.obj
 0004:00002400       $pdata$_raise_exc_ex       000000018003b400     libucrt:fpexcept.obj
 0004:0000240c       $pdata$_clrfp              000000018003b40c     libucrt:fpctrl.obj
 0004:00002418       $pdata$_ctrlfp             000000018003b418     libucrt:fpctrl.obj
 0004:00002424       $pdata$_statfp             000000018003b424     libucrt:fpctrl.obj
 0004:00002430       $pdata$_set_statfp         000000018003b430     libucrt:fpctrl.obj
 0004:0000243c       $pdata$_IsNonwritableInCurrentImage 000000018003b43c     LIBCMT:pesect.obj
 0004:00002448       $pdata$_IsNonwritableInCurrentImage$filt$0 000000018003b448     LIBCMT:pesect.obj
 0005:00000000       MoveSmall                  000000018003c000     libvcruntime:memcpy.obj
 0005:00000050       MsetTab                    000000018003c050     libvcruntime:memset.obj
 0006:00000220       $R000000                   000000018003d220     FiscalPrinter.res
 0006:00000bc8       $R0009A8                   000000018003dbc8     FiscalPrinter.res
 0006:00000cb0       $R000A90                   000000018003dcb0     FiscalPrinter.res
 0006:00000f18       $R000CF8                   000000018003df18     FiscalPrinter.res
 0006:000014d0       $R0012B0                   000000018003e4d0     FiscalPrinter.res
 0006:000098d8       $R0096B8                   00000001800468d8     FiscalPrinter.res
 0006:00009918       $R0096F8                   0000000180046918     FiscalPrinter.res
