 OPOSTotals

 Timestamp is 5d42a02d (Thu Aug  1 17:17:49 2019)

 Preferred load address is 0000000180000000

 Start         Length     Name                   Class
 0001:00000000 000000c0H .text$di                CODE
 0001:000000c0 000202e0H .text$mn                CODE
 0001:000203a0 00000020H .text$mn$00             CODE
 0001:000203c0 00000400H .text$x                 CODE
 0001:000207c0 000000c0H .text$yd                CODE
 0002:00000000 00000618H .idata$5                DATA
 0002:00000618 00000010H .00cfg                  DATA
 0002:00000628 00000008H .CRT$XCA                DATA
 0002:00000630 00000008H .CRT$XCL                DATA
 0002:00000638 00000020H .CRT$XCU                DATA
 0002:00000658 00000008H .CRT$XCZ                DATA
 0002:00000660 00000008H .CRT$XIA                DATA
 0002:00000668 00000020H .CRT$XIC                DATA
 0002:00000688 00000008H .CRT$XIZ                DATA
 0002:00000690 00000008H .CRT$XLA                DATA
 0002:00000698 00000008H .CRT$XLZ                DATA
 0002:000006a0 00000008H .CRT$XPA                DATA
 0002:000006a8 00000010H .CRT$XPX                DATA
 0002:000006b8 00000008H .CRT$XPXA               DATA
 0002:000006c0 00000008H .CRT$XPZ                DATA
 0002:000006c8 00000008H .CRT$XTA                DATA
 0002:000006d0 00000010H .CRT$XTZ                DATA
 0002:000006d8 00000000H .gfids$y                DATA
 0002:000006e0 0000a108H .rdata                  DATA
 0002:0000a7e8 00000028H .rdata$T                DATA
 0002:0000a810 00000274H .rdata$r                DATA
 0002:0000aa84 00000404H .rdata$zzzdbg           DATA
 0002:0000ae88 00000008H .rtc$IAA                DATA
 0002:0000ae90 00000008H .rtc$IZZ                DATA
 0002:0000ae98 00000008H .rtc$TAA                DATA
 0002:0000aea0 00000008H .rtc$TZZ                DATA
 0002:0000aea8 00000004H .tls                    DATA
 0002:0000aeac 00000004H .tls$                   DATA
 0002:0000aeb0 00000008H .tls$ZZZ                DATA
 0002:0000aeb8 00001658H .xdata                  DATA
 0002:0000c510 00000150H .xdata$x                DATA
 0002:0000c660 00000008H ATL$__a                 DATA
 0002:0000c668 00000008H ATL$__z                 DATA
 0002:0000c670 000000a8H .edata                  DATA
 0002:0000c718 00000078H .idata$2                DATA
 0002:0000c790 00000018H .idata$3                DATA
 0002:0000c7a8 00000618H .idata$4                DATA
 0002:0000cdc0 00000c24H .idata$6                DATA
 0003:00000000 00000dc8H .data                   DATA
 0003:00000dc8 000000c8H .data$r                 DATA
 0003:00000e90 0000140cH .bss                    DATA
 0004:00000000 00001ed8H .pdata                  DATA
 0005:00000000 00000094H _RDATA                  DATA
 0006:00000000 00000220H .rsrc$01                DATA
 0006:00000220 00004078H .rsrc$02                DATA

  Address         Publics by Value              Rva+Base               Lib:Object

 0000:00000000       __guard_fids_count         0000000000000000     <absolute>
 0000:00000000       __guard_longjmp_count      0000000000000000     <absolute>
 0000:00000000       __guard_longjmp_table      0000000000000000     <absolute>
 0000:00000000       __hybrid_code_map          0000000000000000     <absolute>
 0000:00000000       __guard_iat_count          0000000000000000     <absolute>
 0000:00000000       __volatile_metadata        0000000000000000     <absolute>
 0000:00000000       __guard_iat_table          0000000000000000     <absolute>
 0000:00000000       __hybrid_code_map_count    0000000000000000     <absolute>
 0000:00000000       __enclave_config           0000000000000000     <absolute>
 0000:00000000       ___safe_se_handler_count   0000000000000000     <absolute>
 0000:00000000       __AbsoluteZero             0000000000000000     <absolute>
 0000:00000000       ___safe_se_handler_table   0000000000000000     <absolute>
 0000:00000000       __guard_fids_table         0000000000000000     <absolute>
 0000:00000000       __hybrid_auxiliary_iat     0000000000000000     <absolute>
 0000:00000000       __dynamic_value_reloc_table 0000000000000000     <absolute>
 0000:00000100       __guard_flags              0000000000000100     <absolute>
 0000:00000000       __ImageBase                0000000180000000     <linker-defined>
 0001:000000c0       ?DupWide@_CW@@AEAAXXZ      00000001800010c0 f   CWString.obj
 0001:000000e8       ?cw_dup@@YAXPEBDAEAHAEAPEA_W1@Z 00000001800010e8 f   CWString.obj
 0001:00000194       ?cw_memcpy@@YAHPEA_WPEBDH@Z 0000000180001194 f   CWString.obj
 0001:000001e0       ?cw_strcpy@@YAHPEA_WPEBD@Z 00000001800011e0 f   CWString.obj
 0001:000001f4       ??0CAtlComModule@ATL@@QEAA@XZ 00000001800011f4 f i OposVariant.obj
 0001:00000274       ??0CAtlWinModule@ATL@@QEAA@XZ 0000000180001274 f i OposVariant.obj
 0001:000002e0       ??0OposDispParms@@QEAA@PEAVOposVariant@@H@Z 00000001800012e0 f   OposVariant.obj
 0001:00000388       ??1OposDispParms@@QEAA@XZ  0000000180001388 f   OposVariant.obj
 0001:000003a0       ??_Estringdispid@CComTypeInfoHolder@ATL@@QEAAPEAXI@Z 00000001800013a0 f i OposVariant.obj
 0001:00000444       ?AtlWinModuleTerm@ATL@@YAJPEAU_ATL_WIN_MODULE70@1@PEAUHINSTANCE__@@@Z 0000000180001444 f i OposVariant.obj
 0001:000004f4       ?ChangeBSTR@OposVariant@@QEAAXPEAPEA_WAEAJ@Z 00000001800014f4 f   OposVariant.obj
 0001:00000554       ?ChangeLONG@OposVariant@@QEAAXPEAJAEAJ@Z 0000000180001554 f   OposVariant.obj
 0001:000005b0       ?GetLONG@OposVariant@@QEAAJXZ 00000001800015b0 f   OposVariant.obj
 0001:000005d4       ?SetBSTR@OposVariant@@QEAAXPEA_WAEAJ@Z 00000001800015d4 f   OposVariant.obj
 0001:00000614       ?SetBSTR_Copy@OposVariant@@QEAAXPEA_WAEAJ@Z 0000000180001614 f   OposVariant.obj
 0001:00000684       ?SetBSTR_InOutPtr@OposVariant@@QEAA_NPEAPEA_WAEAJ@Z 0000000180001684 f   OposVariant.obj
 0001:000006d4       ?SetBSTR_OutPtr@OposVariant@@QEAA_NPEAPEA_WAEAJ@Z 00000001800016d4 f   OposVariant.obj
 0001:000006f0       ?SetDispatch_Ptr@OposVariant@@QEAAXPEAUIDispatch@@AEAJ@Z 00000001800016f0 f   OposVariant.obj
 0001:00000748       ?SetLONG@OposVariant@@QEAAXJ@Z 0000000180001748 f   OposVariant.obj
 0001:00000778       ?SetLONG_Ptr@OposVariant@@QEAAXPEAJAEAJ@Z 0000000180001778 f   OposVariant.obj
 0001:000007c4       ?SetString@OposVariant@@QEAAXPEB_WAEAJ@Z 00000001800017c4 f   OposVariant.obj
 0001:00000828       ?SetVARIANT_BOOL@OposVariant@@QEAAXF@Z 0000000180001828 f   OposVariant.obj
 0001:00000860       ?Term@CAtlComModule@ATL@@QEAAXXZ 0000000180001860 f i OposVariant.obj
 0001:000008d0       ?_AtlInitializeCriticalSectionEx@ATL@@YAHPEAU_RTL_CRITICAL_SECTION@@KK@Z 00000001800018d0 f i OposVariant.obj
 0001:000008d8       ?_AtlRaiseException@ATL@@YAXKK@Z 00000001800018d8 f i OposVariant.obj
 0001:000008e8       ?AddRef@?$CComObjectCached@VCComClassFactory@ATL@@@ATL@@UEAAKXZ 00000001800018e8 f i Totals.obj
 0001:00000914       ?Release@?$CComObjectCached@VCComClassFactory@ATL@@@ATL@@UEAAKXZ 0000000180001914 f i Totals.obj
 0001:00000954       ?QueryInterface@?$CComObjectCached@VCComClassFactory@ATL@@@ATL@@UEAAJAEBU_GUID@@PEAPEAX@Z 0000000180001954 f i Totals.obj
 0001:00000968       ??_G?$CComObjectCached@VCComClassFactory@ATL@@@ATL@@UEAAPEAXI@Z 0000000180001968 f i Totals.obj
 0001:00000968       ??_E?$CComObjectCached@VCComClassFactory@ATL@@@ATL@@UEAAPEAXI@Z 0000000180001968 f i Totals.obj
 0001:000009c0       ?AddRef@?$CComAggObject@VCOPOSTotals@@@ATL@@UEAAKXZ 00000001800019c0 f i Totals.obj
 0001:000009cc       ?Release@?$CComAggObject@VCOPOSTotals@@@ATL@@UEAAKXZ 00000001800019cc f i Totals.obj
 0001:00000a20       ?QueryInterface@?$CComAggObject@VCOPOSTotals@@@ATL@@UEAAJAEBU_GUID@@PEAPEAX@Z 0000000180001a20 f i Totals.obj
 0001:00000a80       ?AddRef@?$CComContainedObject@VCOPOSTotals@@@ATL@@UEAAKXZ 0000000180001a80 f i Totals.obj
 0001:00000a90       ?Release@?$CComContainedObject@VCOPOSTotals@@@ATL@@UEAAKXZ 0000000180001a90 f i Totals.obj
 0001:00000aa0       ?QueryInterface@?$CComContainedObject@VCOPOSTotals@@@ATL@@UEAAJAEBU_GUID@@PEAPEAX@Z 0000000180001aa0 f i Totals.obj
 0001:00000ab0       ??_G?$CComAggObject@VCOPOSTotals@@@ATL@@UEAAPEAXI@Z 0000000180001ab0 f i Totals.obj
 0001:00000ab0       ??_E?$CComAggObject@VCOPOSTotals@@@ATL@@UEAAPEAXI@Z 0000000180001ab0 f i Totals.obj
 0001:00000b08       ?AddRef@?$CComObject@VCOPOSTotals@@@ATL@@UEAAKXZ 0000000180001b08 f i Totals.obj
 0001:00000b18       ?Release@?$CComObject@VCOPOSTotals@@@ATL@@UEAAKXZ 0000000180001b18 f i Totals.obj
 0001:00000b70       ?QueryInterface@?$CComObject@VCOPOSTotals@@@ATL@@UEAAJAEBU_GUID@@PEAPEAX@Z 0000000180001b70 f i Totals.obj
 0001:00000b84       ?Lock@CAtlModule@ATL@@UEAAJXZ 0000000180001b84 f i Totals.obj
 0001:00000b94       ?Unlock@CAtlModule@ATL@@UEAAJXZ 0000000180001b94 f i Totals.obj
 0001:00000ba0       ?GetLockCount@CAtlModule@ATL@@UEAAJXZ 0000000180001ba0 f i Totals.obj
 0001:00000ba4       ?GetGITPtr@CAtlModule@ATL@@UEAAJPEAPEAUIGlobalInterfaceTable@@@Z 0000000180001ba4 f i Totals.obj
 0001:00000c14       ?AddCommonRGSReplacements@?$CAtlModuleT@VCComModule@ATL@@@ATL@@UEAAJPEAUIRegistrarBase@@@Z 0000000180001c14 f i Totals.obj
 0001:00000c2c       ?UpdateRegistryFromResourceD@CComModule@ATL@@UEAAJPEB_WHPEAU_ATL_REGMAP_ENTRY@2@@Z 0000000180001c2c f i Totals.obj
 0001:00000c2c       ?UpdateRegistryFromResourceD@CComModule@ATL@@UEAAJIHPEAU_ATL_REGMAP_ENTRY@2@@Z 0000000180001c2c f i Totals.obj
 0001:00000c34       ?UpdateRegistryFromResource@CComModule@ATL@@UEAAJPEB_WHPEAU_ATL_REGMAP_ENTRY@2@@Z 0000000180001c34 f i Totals.obj
 0001:00000c3c       ?OnDrawAdvanced@CComControlBase@ATL@@UEAAJAEAUATL_DRAWINFO@@@Z 0000000180001c3c f i Totals.obj
 0001:00000d5c       ?UpdateRegistryFromResource@CComModule@ATL@@UEAAJIHPEAU_ATL_REGMAP_ENTRY@2@@Z 0000000180001d5c f i Totals.obj
 0001:00000d64       ??_GCComModule@ATL@@UEAAPEAXI@Z 0000000180001d64 f i Totals.obj
 0001:00000d64       ??_ECComModule@ATL@@UEAAPEAXI@Z 0000000180001d64 f i Totals.obj
 0001:00000de4       ?Next@?$CComEnumImpl@UIEnumConnections@@$1?_GUID_b196b287_bab4_101a_b69c_00aa00341d07@@3U__s_GUID@@BUtagCONNECTDATA@@V?$_Copy@UtagCONNECTDATA@@@ATL@@@ATL@@UEAAJKPEAUtagCONNECTDATA@@PEAK@Z 0000000180001de4 f i Totals.obj
 0001:00000eb8       ?Skip@?$CComEnumImpl@UIEnumConnections@@$1?_GUID_b196b287_bab4_101a_b69c_00aa00341d07@@3U__s_GUID@@BUtagCONNECTDATA@@V?$_Copy@UtagCONNECTDATA@@@ATL@@@ATL@@UEAAJK@Z 0000000180001eb8 f i Totals.obj
 0001:00000ee4       ?Reset@?$CComEnumImpl@UIEnumConnections@@$1?_GUID_b196b287_bab4_101a_b69c_00aa00341d07@@3U__s_GUID@@BUtagCONNECTDATA@@V?$_Copy@UtagCONNECTDATA@@@ATL@@@ATL@@UEAAJXZ 0000000180001ee4 f i Totals.obj
 0001:00000ee4       ?Reset@?$CComEnumImpl@UIEnumConnectionPoints@@$1?_GUID_b196b285_bab4_101a_b69c_00aa00341d07@@3U__s_GUID@@BPEAUIConnectionPoint@@V?$_CopyInterface@UIConnectionPoint@@@ATL@@@ATL@@UEAAJXZ 0000000180001ee4 f i Totals.obj
 0001:00000ef0       ?Clone@?$CComEnumImpl@UIEnumConnections@@$1?_GUID_b196b287_bab4_101a_b69c_00aa00341d07@@3U__s_GUID@@BUtagCONNECTDATA@@V?$_Copy@UtagCONNECTDATA@@@ATL@@@ATL@@UEAAJPEAPEAUIEnumConnections@@@Z 0000000180001ef0 f i Totals.obj
 0001:0000101c       ?AddRef@?$CComObject@V?$CComEnum@UIEnumConnections@@$1?_GUID_b196b287_bab4_101a_b69c_00aa00341d07@@3U__s_GUID@@BUtagCONNECTDATA@@V?$_Copy@UtagCONNECTDATA@@@ATL@@VCComSingleThreadModel@6@@ATL@@@ATL@@UEAAKXZ 000000018000201c f i Totals.obj
 0001:0000101c       ?AddRef@?$CComObject@V?$CComEnum@UIEnumConnectionPoints@@$1?_GUID_b196b285_bab4_101a_b69c_00aa00341d07@@3U__s_GUID@@BPEAUIConnectionPoint@@V?$_CopyInterface@UIConnectionPoint@@@ATL@@VCComSingleThreadModel@6@@ATL@@@ATL@@UEAAKXZ 000000018000201c f i Totals.obj
 0001:00001028       ?Release@?$CComObject@V?$CComEnum@UIEnumConnections@@$1?_GUID_b196b287_bab4_101a_b69c_00aa00341d07@@3U__s_GUID@@BUtagCONNECTDATA@@V?$_Copy@UtagCONNECTDATA@@@ATL@@VCComSingleThreadModel@6@@ATL@@@ATL@@UEAAKXZ 0000000180002028 f i Totals.obj
 0001:00001028       ?Release@?$CComObject@V?$CComEnum@UIEnumConnectionPoints@@$1?_GUID_b196b285_bab4_101a_b69c_00aa00341d07@@3U__s_GUID@@BPEAUIConnectionPoint@@V?$_CopyInterface@UIConnectionPoint@@@ATL@@VCComSingleThreadModel@6@@ATL@@@ATL@@UEAAKXZ 0000000180002028 f i Totals.obj
 0001:0000107c       ?QueryInterface@?$CComObject@V?$CComEnum@UIEnumConnections@@$1?_GUID_b196b287_bab4_101a_b69c_00aa00341d07@@3U__s_GUID@@BUtagCONNECTDATA@@V?$_Copy@UtagCONNECTDATA@@@ATL@@VCComSingleThreadModel@6@@ATL@@@ATL@@UEAAJAEBU_GUID@@PEAPEAX@Z 000000018000207c f i Totals.obj
 0001:00001090       ??_G?$CComObject@V?$CComEnum@UIEnumConnections@@$1?_GUID_b196b287_bab4_101a_b69c_00aa00341d07@@3U__s_GUID@@BUtagCONNECTDATA@@V?$_Copy@UtagCONNECTDATA@@@ATL@@VCComSingleThreadModel@6@@ATL@@@ATL@@UEAAPEAXI@Z 0000000180002090 f i Totals.obj
 0001:00001090       ??_E?$CComObject@V?$CComEnum@UIEnumConnections@@$1?_GUID_b196b287_bab4_101a_b69c_00aa00341d07@@3U__s_GUID@@BUtagCONNECTDATA@@V?$_Copy@UtagCONNECTDATA@@@ATL@@VCComSingleThreadModel@6@@ATL@@@ATL@@UEAAPEAXI@Z 0000000180002090 f i Totals.obj
 0001:000010e8       ?SetData@?$IDataObjectImpl@VCOPOSTotals@@@ATL@@UEAAJPEAUtagFORMATETC@@PEAUtagSTGMEDIUM@@H@Z 00000001800020e8 f i Totals.obj
 0001:000010e8       ?SODataDummy@COPOSTotals@@MEAAJJ@Z 00000001800020e8 f i Totals.obj
 0001:000010e8       ?GetColorSet@?$IViewObjectExImpl@VCOPOSTotals@@@ATL@@UEAAJKJPEAXPEAUtagDVTARGETDEVICE@@PEAUHDC__@@PEAPEAUtagLOGPALETTE@@@Z 00000001800020e8 f i Totals.obj
 0001:000010e8       ?OnMnemonic@?$IOleControlImpl@VCOPOSTotals@@@ATL@@UEAAJPEAUtagMSG@@@Z 00000001800020e8 f i Totals.obj
 0001:000010e8       ?SetColorScheme@?$IOleObjectImpl@VCOPOSTotals@@@ATL@@UEAAJPEAUtagLOGPALETTE@@@Z 00000001800020e8 f i Totals.obj
 0001:000010e8       ?GetRect@?$IViewObjectExImpl@VCOPOSTotals@@@ATL@@UEAAJKPEAU_RECTL@@@Z 00000001800020e8 f i Totals.obj
 0001:000010e8       ?GetDataHere@?$IDataObjectImpl@VCOPOSTotals@@@ATL@@UEAAJPEAUtagFORMATETC@@PEAUtagSTGMEDIUM@@@Z 00000001800020e8 f i Totals.obj
 0001:000010e8       ?EnumFormatEtc@?$IDataObjectImpl@VCOPOSTotals@@@ATL@@UEAAJKPEAPEAUIEnumFORMATETC@@@Z 00000001800020e8 f i Totals.obj
 0001:000010e8       ?SOOutputCompleteDummy@COPOSTotals@@MEAAJJ@Z 00000001800020e8 f i Totals.obj
 0001:000010e8       ?GetMoniker@?$IOleObjectImpl@VCOPOSTotals@@@ATL@@UEAAJKKPEAPEAUIMoniker@@@Z 00000001800020e8 f i Totals.obj
 0001:000010e8       ?InitFromData@?$IOleObjectImpl@VCOPOSTotals@@@ATL@@UEAAJPEAUIDataObject@@HK@Z 00000001800020e8 f i Totals.obj
 0001:000010e8       ?ReactivateAndUndo@?$IOleInPlaceObjectWindowlessImpl@VCOPOSTotals@@@ATL@@UEAAJXZ 00000001800020e8 f i Totals.obj
 0001:000010e8       ?SetMoniker@?$IOleObjectImpl@VCOPOSTotals@@@ATL@@UEAAJKPEAUIMoniker@@@Z 00000001800020e8 f i Totals.obj
 0001:000010e8       ?QueryGetData@?$IDataObjectImpl@VCOPOSTotals@@@ATL@@UEAAJPEAUtagFORMATETC@@@Z 00000001800020e8 f i Totals.obj
 0001:000010e8       ?GetClipboardData@?$IOleObjectImpl@VCOPOSTotals@@@ATL@@UEAAJKPEAPEAUIDataObject@@@Z 00000001800020e8 f i Totals.obj
 0001:000010e8       ?GetControlInfo@?$IOleControlImpl@VCOPOSTotals@@@ATL@@UEAAJPEAUtagCONTROLINFO@@@Z 00000001800020e8 f i Totals.obj
 0001:000010e8       ?ContextSensitiveHelp@?$IOleInPlaceObjectWindowlessImpl@VCOPOSTotals@@@ATL@@UEAAJH@Z 00000001800020e8 f i Totals.obj
 0001:000010e8       ?ContextSensitiveHelp@?$IOleInPlaceActiveObjectImpl@VCOPOSTotals@@@ATL@@UEAAJH@Z 00000001800020e8 f i Totals.obj
 0001:000010e8       ?GetCanonicalFormatEtc@?$IDataObjectImpl@VCOPOSTotals@@@ATL@@UEAAJPEAUtagFORMATETC@@0@Z 00000001800020e8 f i Totals.obj
 0001:000010e8       ?QueryInterface@CRegObject@ATL@@UEAAJAEBU_GUID@@PEAPEAX@Z 00000001800020e8 f i Totals.obj
 0001:000010e8       ?Freeze@?$IViewObjectExImpl@VCOPOSTotals@@@ATL@@UEAAJKJPEAXPEAK@Z 00000001800020e8 f i Totals.obj
 0001:000010e8       ?SOErrorDummy@COPOSTotals@@MEAAJJJJPEAJ@Z 00000001800020e8 f i Totals.obj
 0001:000010e8       ?Unfreeze@?$IViewObjectExImpl@VCOPOSTotals@@@ATL@@UEAAJK@Z 00000001800020e8 f i Totals.obj
 0001:000010e8       ?GetDropTarget@?$IOleInPlaceObjectWindowlessImpl@VCOPOSTotals@@@ATL@@UEAAJPEAPEAUIDropTarget@@@Z 00000001800020e8 f i Totals.obj
 0001:000010f0       ?AddRef@CRegObject@ATL@@UEAAKXZ 00000001800020f0 f i Totals.obj
 0001:000010f0       ?FAccessAllowed@?$IObjectSafetyImpl@VCOPOSTotals@@$02@ATL@@MEAAHXZ 00000001800020f0 f i Totals.obj
 0001:000010f0       _get_startup_argv_mode     00000001800020f0 f i LIBCMT:argv_mode.obj
 0001:000010f8       ?GetCategoryMap@CComObjectRootBase@ATL@@SAPEBU_ATL_CATMAP_ENTRY@2@XZ 00000001800020f8 f i Totals.obj
 0001:000010f8       ?ResizeBorder@?$IOleInPlaceActiveObjectImpl@VCOPOSTotals@@@ATL@@UEAAJPEBUtagRECT@@PEAUIOleInPlaceUIWindow@@H@Z 00000001800020f8 f i Totals.obj
 0001:000010f8       ?Update@?$IOleObjectImpl@VCOPOSTotals@@@ATL@@UEAAJXZ 00000001800020f8 f i Totals.obj
 0001:000010f8       ?IsUpToDate@?$IOleObjectImpl@VCOPOSTotals@@@ATL@@UEAAJXZ 00000001800020f8 f i Totals.obj
 0001:000010f8       ?SetHostNames@?$IOleObjectImpl@VCOPOSTotals@@@ATL@@UEAAJPEB_W0@Z 00000001800020f8 f i Totals.obj
 0001:000010f8       ?GetObjectDescription@?$CComCoClass@VCOPOSTotals@@$1?CLSID_OPOSTotals@@3U_GUID@@B@ATL@@SAPEB_WXZ 00000001800020f8 f i Totals.obj
 0001:000010f8       ?Release@CRegObject@ATL@@UEAAKXZ 00000001800020f8 f i Totals.obj
 0001:000010f8       ?SaveCompleted@?$IPersistStorageImpl@VCOPOSTotals@@@ATL@@UEAAJPEAUIStorage@@@Z 00000001800020f8 f i Totals.obj
 0001:000010f8       ?EnableModeless@?$IOleInPlaceActiveObjectImpl@VCOPOSTotals@@@ATL@@UEAAJH@Z 00000001800020f8 f i Totals.obj
 0001:000010f8       ?OnFrameWindowActivate@?$IOleInPlaceActiveObjectImpl@VCOPOSTotals@@@ATL@@UEAAJH@Z 00000001800020f8 f i Totals.obj
 0001:000010f8       ?HandsOffStorage@?$IPersistStorageImpl@VCOPOSTotals@@@ATL@@UEAAJXZ 00000001800020f8 f i Totals.obj
 0001:000010f8       ?OnAmbientPropertyChange@?$IOleControlImpl@VCOPOSTotals@@@ATL@@UEAAJJ@Z 00000001800020f8 f i Totals.obj
 0001:000010fc       ?AddReplacement@CRegObject@ATL@@UEAAJPEB_W0@Z 00000001800020fc f i Totals.obj
 0001:0000112c       ?ClearReplacements@CRegObject@ATL@@UEAAJXZ 000000018000212c f i Totals.obj
 0001:00001138       ??_ECRegObject@ATL@@UEAAPEAXI@Z 0000000180002138 f i Totals.obj
 0001:00001138       ??_GCRegObject@ATL@@UEAAPEAXI@Z 0000000180002138 f i Totals.obj
 0001:000011b8       ??_E?$CComObject@VCOPOSTotals@@@ATL@@W7EAAPEAXI@Z 00000001800021b8 f i Totals.obj
 0001:000011c4       ??_E?$CComObject@VCOPOSTotals@@@ATL@@WHA@EAAPEAXI@Z 00000001800021c4 f i Totals.obj
 0001:000011d0       ?QueryInterface@?$CComObject@VCOPOSTotals@@@ATL@@WLI@EAAJAEBU_GUID@@PEAPEAX@Z 00000001800021d0 f i Totals.obj
 0001:000011dc       ?AddRef@?$CComObject@VCOPOSTotals@@@ATL@@WLI@EAAKXZ 00000001800021dc f i Totals.obj
 0001:000011e8       ?Release@?$CComObject@VCOPOSTotals@@@ATL@@WLI@EAAKXZ 00000001800021e8 f i Totals.obj
 0001:000011f4       ?QueryInterface@?$CComObject@VCOPOSTotals@@@ATL@@WMA@EAAJAEBU_GUID@@PEAPEAX@Z 00000001800021f4 f i Totals.obj
 0001:00001200       ?AddRef@?$CComObject@VCOPOSTotals@@@ATL@@WMA@EAAKXZ 0000000180002200 f i Totals.obj
 0001:0000120c       ?Release@?$CComObject@VCOPOSTotals@@@ATL@@WMA@EAAKXZ 000000018000220c f i Totals.obj
 0001:00001218       ?QueryInterface@?$CComObject@VCOPOSTotals@@@ATL@@WMI@EAAJAEBU_GUID@@PEAPEAX@Z 0000000180002218 f i Totals.obj
 0001:00001224       ?AddRef@?$CComObject@VCOPOSTotals@@@ATL@@WMI@EAAKXZ 0000000180002224 f i Totals.obj
 0001:00001230       ?Release@?$CComObject@VCOPOSTotals@@@ATL@@WMI@EAAKXZ 0000000180002230 f i Totals.obj
 0001:0000123c       ?QueryInterface@?$CComObject@VCOPOSTotals@@@ATL@@WNA@EAAJAEBU_GUID@@PEAPEAX@Z 000000018000223c f i Totals.obj
 0001:00001248       ?AddRef@?$CComObject@VCOPOSTotals@@@ATL@@WNA@EAAKXZ 0000000180002248 f i Totals.obj
 0001:00001254       ?Release@?$CComObject@VCOPOSTotals@@@ATL@@WNA@EAAKXZ 0000000180002254 f i Totals.obj
 0001:00001260       ?QueryInterface@?$CComObject@VCOPOSTotals@@@ATL@@WNI@EAAJAEBU_GUID@@PEAPEAX@Z 0000000180002260 f i Totals.obj
 0001:0000126c       ?AddRef@?$CComObject@VCOPOSTotals@@@ATL@@WNI@EAAKXZ 000000018000226c f i Totals.obj
 0001:00001278       ?Release@?$CComObject@VCOPOSTotals@@@ATL@@WNI@EAAKXZ 0000000180002278 f i Totals.obj
 0001:00001284       ?QueryInterface@?$CComObject@VCOPOSTotals@@@ATL@@WOA@EAAJAEBU_GUID@@PEAPEAX@Z 0000000180002284 f i Totals.obj
 0001:00001290       ?AddRef@?$CComObject@VCOPOSTotals@@@ATL@@WOA@EAAKXZ 0000000180002290 f i Totals.obj
 0001:0000129c       ?Release@?$CComObject@VCOPOSTotals@@@ATL@@WOA@EAAKXZ 000000018000229c f i Totals.obj
 0001:000012a8       ?QueryInterface@?$CComObject@VCOPOSTotals@@@ATL@@WOI@EAAJAEBU_GUID@@PEAPEAX@Z 00000001800022a8 f i Totals.obj
 0001:000012b4       ?AddRef@?$CComObject@VCOPOSTotals@@@ATL@@WOI@EAAKXZ 00000001800022b4 f i Totals.obj
 0001:000012c0       ?Release@?$CComObject@VCOPOSTotals@@@ATL@@WOI@EAAKXZ 00000001800022c0 f i Totals.obj
 0001:000012cc       ?QueryInterface@?$CComObject@VCOPOSTotals@@@ATL@@WPA@EAAJAEBU_GUID@@PEAPEAX@Z 00000001800022cc f i Totals.obj
 0001:000012d8       ?AddRef@?$CComObject@VCOPOSTotals@@@ATL@@WPA@EAAKXZ 00000001800022d8 f i Totals.obj
 0001:000012e4       ?Release@?$CComObject@VCOPOSTotals@@@ATL@@WPA@EAAKXZ 00000001800022e4 f i Totals.obj
 0001:000012f0       ?QueryInterface@?$CComObject@VCOPOSTotals@@@ATL@@WPI@EAAJAEBU_GUID@@PEAPEAX@Z 00000001800022f0 f i Totals.obj
 0001:000012fc       ?AddRef@?$CComObject@VCOPOSTotals@@@ATL@@WPI@EAAKXZ 00000001800022fc f i Totals.obj
 0001:00001308       ?Release@?$CComObject@VCOPOSTotals@@@ATL@@WPI@EAAKXZ 0000000180002308 f i Totals.obj
 0001:00001314       ?QueryInterface@?$CComObject@VCOPOSTotals@@@ATL@@WBAA@EAAJAEBU_GUID@@PEAPEAX@Z 0000000180002314 f i Totals.obj
 0001:00001320       ?AddRef@?$CComObject@VCOPOSTotals@@@ATL@@WBAA@EAAKXZ 0000000180002320 f i Totals.obj
 0001:0000132c       ?Release@?$CComObject@VCOPOSTotals@@@ATL@@WBAA@EAAKXZ 000000018000232c f i Totals.obj
 0001:00001338       ?QueryInterface@?$CComObject@VCOPOSTotals@@@ATL@@WBAI@EAAJAEBU_GUID@@PEAPEAX@Z 0000000180002338 f i Totals.obj
 0001:00001344       ?AddRef@?$CComObject@VCOPOSTotals@@@ATL@@WBAI@EAAKXZ 0000000180002344 f i Totals.obj
 0001:00001350       ?Release@?$CComObject@VCOPOSTotals@@@ATL@@WBAI@EAAKXZ 0000000180002350 f i Totals.obj
 0001:0000135c       ?QueryInterface@?$CComObject@VCOPOSTotals@@@ATL@@WBBA@EAAJAEBU_GUID@@PEAPEAX@Z 000000018000235c f i Totals.obj
 0001:00001368       ?AddRef@?$CComObject@VCOPOSTotals@@@ATL@@WBBA@EAAKXZ 0000000180002368 f i Totals.obj
 0001:00001374       ?Release@?$CComObject@VCOPOSTotals@@@ATL@@WBBA@EAAKXZ 0000000180002374 f i Totals.obj
 0001:00001380       ?QueryInterface@?$CComObject@VCOPOSTotals@@@ATL@@WBBI@EAAJAEBU_GUID@@PEAPEAX@Z 0000000180002380 f i Totals.obj
 0001:0000138c       ?AddRef@?$CComObject@VCOPOSTotals@@@ATL@@WBBI@EAAKXZ 000000018000238c f i Totals.obj
 0001:00001398       ?Release@?$CComObject@VCOPOSTotals@@@ATL@@WBBI@EAAKXZ 0000000180002398 f i Totals.obj
 0001:000013a4       ?AddRef@?$CComObject@VCOPOSTotals@@@ATL@@WBCI@EAAKXZ 00000001800023a4 f i Totals.obj
 0001:000013b0       ?Release@?$CComObject@VCOPOSTotals@@@ATL@@WBCI@EAAKXZ 00000001800023b0 f i Totals.obj
 0001:000013bc       ?AddRef@?$CComObject@VCOPOSTotals@@@ATL@@WBEA@EAAKXZ 00000001800023bc f i Totals.obj
 0001:000013c8       ?Release@?$CComObject@VCOPOSTotals@@@ATL@@WBEA@EAAKXZ 00000001800023c8 f i Totals.obj
 0001:000013d4       ??_E?$CComContainedObject@VCOPOSTotals@@@ATL@@W7EAAPEAXI@Z 00000001800023d4 f i Totals.obj
 0001:000013e0       ??_E?$CComContainedObject@VCOPOSTotals@@@ATL@@WHA@EAAPEAXI@Z 00000001800023e0 f i Totals.obj
 0001:000013ec       ?QueryInterface@?$CComContainedObject@VCOPOSTotals@@@ATL@@WLI@EAAJAEBU_GUID@@PEAPEAX@Z 00000001800023ec f i Totals.obj
 0001:000013f8       ?AddRef@?$CComContainedObject@VCOPOSTotals@@@ATL@@WLI@EAAKXZ 00000001800023f8 f i Totals.obj
 0001:00001404       ?Release@?$CComContainedObject@VCOPOSTotals@@@ATL@@WLI@EAAKXZ 0000000180002404 f i Totals.obj
 0001:00001410       ?QueryInterface@?$CComContainedObject@VCOPOSTotals@@@ATL@@WMA@EAAJAEBU_GUID@@PEAPEAX@Z 0000000180002410 f i Totals.obj
 0001:0000141c       ?AddRef@?$CComContainedObject@VCOPOSTotals@@@ATL@@WMA@EAAKXZ 000000018000241c f i Totals.obj
 0001:00001428       ?Release@?$CComContainedObject@VCOPOSTotals@@@ATL@@WMA@EAAKXZ 0000000180002428 f i Totals.obj
 0001:00001434       ?QueryInterface@?$CComContainedObject@VCOPOSTotals@@@ATL@@WMI@EAAJAEBU_GUID@@PEAPEAX@Z 0000000180002434 f i Totals.obj
 0001:00001440       ?AddRef@?$CComContainedObject@VCOPOSTotals@@@ATL@@WMI@EAAKXZ 0000000180002440 f i Totals.obj
 0001:0000144c       ?Release@?$CComContainedObject@VCOPOSTotals@@@ATL@@WMI@EAAKXZ 000000018000244c f i Totals.obj
 0001:00001458       ?QueryInterface@?$CComContainedObject@VCOPOSTotals@@@ATL@@WNA@EAAJAEBU_GUID@@PEAPEAX@Z 0000000180002458 f i Totals.obj
 0001:00001464       ?AddRef@?$CComContainedObject@VCOPOSTotals@@@ATL@@WNA@EAAKXZ 0000000180002464 f i Totals.obj
 0001:00001470       ?Release@?$CComContainedObject@VCOPOSTotals@@@ATL@@WNA@EAAKXZ 0000000180002470 f i Totals.obj
 0001:0000147c       ?QueryInterface@?$CComContainedObject@VCOPOSTotals@@@ATL@@WNI@EAAJAEBU_GUID@@PEAPEAX@Z 000000018000247c f i Totals.obj
 0001:00001488       ?AddRef@?$CComContainedObject@VCOPOSTotals@@@ATL@@WNI@EAAKXZ 0000000180002488 f i Totals.obj
 0001:00001494       ?Release@?$CComContainedObject@VCOPOSTotals@@@ATL@@WNI@EAAKXZ 0000000180002494 f i Totals.obj
 0001:000014a0       ?QueryInterface@?$CComContainedObject@VCOPOSTotals@@@ATL@@WOA@EAAJAEBU_GUID@@PEAPEAX@Z 00000001800024a0 f i Totals.obj
 0001:000014ac       ?AddRef@?$CComContainedObject@VCOPOSTotals@@@ATL@@WOA@EAAKXZ 00000001800024ac f i Totals.obj
 0001:000014b8       ?Release@?$CComContainedObject@VCOPOSTotals@@@ATL@@WOA@EAAKXZ 00000001800024b8 f i Totals.obj
 0001:000014c4       ?QueryInterface@?$CComContainedObject@VCOPOSTotals@@@ATL@@WOI@EAAJAEBU_GUID@@PEAPEAX@Z 00000001800024c4 f i Totals.obj
 0001:000014d0       ?AddRef@?$CComContainedObject@VCOPOSTotals@@@ATL@@WOI@EAAKXZ 00000001800024d0 f i Totals.obj
 0001:000014dc       ?Release@?$CComContainedObject@VCOPOSTotals@@@ATL@@WOI@EAAKXZ 00000001800024dc f i Totals.obj
 0001:000014e8       ?QueryInterface@?$CComContainedObject@VCOPOSTotals@@@ATL@@WPA@EAAJAEBU_GUID@@PEAPEAX@Z 00000001800024e8 f i Totals.obj
 0001:000014f4       ?AddRef@?$CComContainedObject@VCOPOSTotals@@@ATL@@WPA@EAAKXZ 00000001800024f4 f i Totals.obj
 0001:00001500       ?Release@?$CComContainedObject@VCOPOSTotals@@@ATL@@WPA@EAAKXZ 0000000180002500 f i Totals.obj
 0001:0000150c       ?QueryInterface@?$CComContainedObject@VCOPOSTotals@@@ATL@@WPI@EAAJAEBU_GUID@@PEAPEAX@Z 000000018000250c f i Totals.obj
 0001:00001518       ?AddRef@?$CComContainedObject@VCOPOSTotals@@@ATL@@WPI@EAAKXZ 0000000180002518 f i Totals.obj
 0001:00001524       ?Release@?$CComContainedObject@VCOPOSTotals@@@ATL@@WPI@EAAKXZ 0000000180002524 f i Totals.obj
 0001:00001530       ?QueryInterface@?$CComContainedObject@VCOPOSTotals@@@ATL@@WBAA@EAAJAEBU_GUID@@PEAPEAX@Z 0000000180002530 f i Totals.obj
 0001:0000153c       ?AddRef@?$CComContainedObject@VCOPOSTotals@@@ATL@@WBAA@EAAKXZ 000000018000253c f i Totals.obj
 0001:00001548       ?Release@?$CComContainedObject@VCOPOSTotals@@@ATL@@WBAA@EAAKXZ 0000000180002548 f i Totals.obj
 0001:00001554       ?QueryInterface@?$CComContainedObject@VCOPOSTotals@@@ATL@@WBAI@EAAJAEBU_GUID@@PEAPEAX@Z 0000000180002554 f i Totals.obj
 0001:00001560       ?AddRef@?$CComContainedObject@VCOPOSTotals@@@ATL@@WBAI@EAAKXZ 0000000180002560 f i Totals.obj
 0001:0000156c       ?Release@?$CComContainedObject@VCOPOSTotals@@@ATL@@WBAI@EAAKXZ 000000018000256c f i Totals.obj
 0001:00001578       ?QueryInterface@?$CComContainedObject@VCOPOSTotals@@@ATL@@WBBA@EAAJAEBU_GUID@@PEAPEAX@Z 0000000180002578 f i Totals.obj
 0001:00001584       ?AddRef@?$CComContainedObject@VCOPOSTotals@@@ATL@@WBBA@EAAKXZ 0000000180002584 f i Totals.obj
 0001:00001590       ?Release@?$CComContainedObject@VCOPOSTotals@@@ATL@@WBBA@EAAKXZ 0000000180002590 f i Totals.obj
 0001:0000159c       ?QueryInterface@?$CComContainedObject@VCOPOSTotals@@@ATL@@WBBI@EAAJAEBU_GUID@@PEAPEAX@Z 000000018000259c f i Totals.obj
 0001:000015a8       ?AddRef@?$CComContainedObject@VCOPOSTotals@@@ATL@@WBBI@EAAKXZ 00000001800025a8 f i Totals.obj
 0001:000015b4       ?Release@?$CComContainedObject@VCOPOSTotals@@@ATL@@WBBI@EAAKXZ 00000001800025b4 f i Totals.obj
 0001:000015c0       ?AddRef@?$CComContainedObject@VCOPOSTotals@@@ATL@@WBCI@EAAKXZ 00000001800025c0 f i Totals.obj
 0001:000015cc       ?Release@?$CComContainedObject@VCOPOSTotals@@@ATL@@WBCI@EAAKXZ 00000001800025cc f i Totals.obj
 0001:000015d8       ?AddRef@?$CComContainedObject@VCOPOSTotals@@@ATL@@WBEA@EAAKXZ 00000001800025d8 f i Totals.obj
 0001:000015e4       ?Release@?$CComContainedObject@VCOPOSTotals@@@ATL@@WBEA@EAAKXZ 00000001800025e4 f i Totals.obj
 0001:000015f0       ?GetWindowProc@?$CWindowImplBaseT@VCWindow@ATL@@V?$CWinTraits@$0FGAAAAAA@$0A@@2@@ATL@@UEAAP6A_JPEAUHWND__@@I_K_J@ZXZ 00000001800025f0 f i Totals.obj
 0001:000015f8       ?StartWindowProc@?$CWindowImplBaseT@VCWindow@ATL@@V?$CWinTraits@$0FGAAAAAA@$0A@@2@@ATL@@SA_JPEAUHWND__@@I_K_J@Z 00000001800025f8 f i Totals.obj
 0001:000016bc       ?OnFinalMessage@?$CWindowImplBaseT@VCWindow@ATL@@V?$CWinTraits@$0FGAAAAAA@$0A@@2@@ATL@@UEAAXPEAUHWND__@@@Z 00000001800026bc f i Totals.obj
 0001:000016bc       _guard_check_icall_nop     00000001800026bc f i LIBCMT:guard_support.obj
 0001:000016bc       ?ObjectMain@CComObjectRootBase@ATL@@SAX_N@Z 00000001800026bc f i Totals.obj
 0001:000016c0       ?GetTypeInfoCount@?$IDispatchImpl@UIOPOSTotals@@$1?IID_IOPOSTotals@@3U_GUID@@B$1?LIBID_OposTotals_CCO@@3U3@B$00$0A@VCComTypeInfoHolder@ATL@@@ATL@@UEAAJPEAI@Z 00000001800026c0 f i Totals.obj
 0001:000016d4       ?GetTypeInfo@?$IDispatchImpl@UIOPOSTotals@@$1?IID_IOPOSTotals@@3U_GUID@@B$1?LIBID_OposTotals_CCO@@3U3@B$00$0A@VCComTypeInfoHolder@ATL@@@ATL@@UEAAJIKPEAPEAUITypeInfo@@@Z 00000001800026d4 f i Totals.obj
 0001:00001738       ?GetIDsOfNames@?$IDispatchImpl@UIOPOSTotals@@$1?IID_IOPOSTotals@@3U_GUID@@B$1?LIBID_OposTotals_CCO@@3U3@B$00$0A@VCComTypeInfoHolder@ATL@@@ATL@@UEAAJAEBU_GUID@@PEAPEA_WIKPEAJ@Z 0000000180002738 f i Totals.obj
 0001:00001744       ?Invoke@?$IDispatchImpl@UIOPOSTotals@@$1?IID_IOPOSTotals@@3U_GUID@@B$1?LIBID_OposTotals_CCO@@3U3@B$00$0A@VCComTypeInfoHolder@ATL@@@ATL@@UEAAJJAEBU_GUID@@KGPEAUtagDISPPARAMS@@PEAUtagVARIANT@@PEAUtagEXCEPINFO@@PEAI@Z 0000000180002744 f i Totals.obj
 0001:000017d4       ?CreateControlWindow@?$CComControl@VCOPOSTotals@@V?$CWindowImpl@VCOPOSTotals@@VCWindow@ATL@@V?$CWinTraits@$0FGAAAAAA@$0A@@3@@ATL@@@ATL@@UEAAPEAUHWND__@@PEAU3@AEAUtagRECT@@@Z 00000001800027d4 f i Totals.obj
 0001:0000180c       ?ControlQueryInterface@?$CComControl@VCOPOSTotals@@V?$CWindowImpl@VCOPOSTotals@@VCWindow@ATL@@V?$CWinTraits@$0FGAAAAAA@$0A@@3@@ATL@@@ATL@@UEAAJAEBU_GUID@@PEAPEAX@Z 000000018000280c f i Totals.obj
 0001:00001820       ?GetClassID@?$IPersistStreamInitImpl@VCOPOSTotals@@@ATL@@UEAAJPEAU_GUID@@@Z 0000000180002820 f i Totals.obj
 0001:00001820       ?GetClassID@?$IPersistStorageImpl@VCOPOSTotals@@@ATL@@UEAAJPEAU_GUID@@@Z 0000000180002820 f i Totals.obj
 0001:00001820       ?GetUserClassID@?$IOleObjectImpl@VCOPOSTotals@@@ATL@@UEAAJPEAU_GUID@@@Z 0000000180002820 f i Totals.obj
 0001:0000183c       ?IsDirty@?$IPersistStreamInitImpl@VCOPOSTotals@@@ATL@@UEAAJXZ 000000018000283c f i Totals.obj
 0001:00001858       ?Load@?$IPersistStreamInitImpl@VCOPOSTotals@@@ATL@@UEAAJPEAUIStream@@@Z 0000000180002858 f i Totals.obj
 0001:000018a8       ?Save@?$IPersistStreamInitImpl@VCOPOSTotals@@@ATL@@UEAAJPEAUIStream@@H@Z 00000001800028a8 f i Totals.obj
 0001:0000190c       ?GetSizeMax@?$IPersistStreamInitImpl@VCOPOSTotals@@@ATL@@UEAAJPEAT_ULARGE_INTEGER@@@Z 000000018000290c f i Totals.obj
 0001:00001b38       ?InitNew@?$IPersistStreamInitImpl@VCOPOSTotals@@@ATL@@UEAAJXZ 0000000180002b38 f i Totals.obj
 0001:00001b50       ?SetClientSite@?$IOleObjectImpl@VCOPOSTotals@@@ATL@@UEAAJPEAUIOleClientSite@@@Z 0000000180002b50 f i Totals.obj
 0001:00001b6c       ?GetClientSite@?$IOleObjectImpl@VCOPOSTotals@@@ATL@@UEAAJPEAPEAUIOleClientSite@@@Z 0000000180002b6c f i Totals.obj
 0001:00001bb4       ?Close@?$IOleObjectImpl@VCOPOSTotals@@@ATL@@UEAAJK@Z 0000000180002bb4 f i Totals.obj
 0001:00001bd0       ?DoVerb@?$IOleObjectImpl@VCOPOSTotals@@@ATL@@UEAAJJPEAUtagMSG@@PEAUIOleClientSite@@JPEAUHWND__@@PEBUtagRECT@@@Z 0000000180002bd0 f i Totals.obj
 0001:00001d74       ?EnumVerbs@?$IOleObjectImpl@VCOPOSTotals@@@ATL@@UEAAJPEAPEAUIEnumOLEVERB@@@Z 0000000180002d74 f i Totals.obj
 0001:00001d90       ?GetUserType@?$IOleObjectImpl@VCOPOSTotals@@@ATL@@UEAAJKPEAPEA_W@Z 0000000180002d90 f i Totals.obj
 0001:00001da0       ?SetExtent@?$IOleObjectImpl@VCOPOSTotals@@@ATL@@UEAAJKPEAUtagSIZE@@@Z 0000000180002da0 f i Totals.obj
 0001:00001dbc       ?GetExtent@?$IOleObjectImpl@VCOPOSTotals@@@ATL@@UEAAJKPEAUtagSIZE@@@Z 0000000180002dbc f i Totals.obj
 0001:00001dec       ?Advise@?$IOleObjectImpl@VCOPOSTotals@@@ATL@@UEAAJPEAUIAdviseSink@@PEAK@Z 0000000180002dec f i Totals.obj
 0001:00001e48       ?Unadvise@?$IOleObjectImpl@VCOPOSTotals@@@ATL@@UEAAJK@Z 0000000180002e48 f i Totals.obj
 0001:00001e80       ?EnumAdvise@?$IOleObjectImpl@VCOPOSTotals@@@ATL@@UEAAJPEAPEAUIEnumSTATDATA@@@Z 0000000180002e80 f i Totals.obj
 0001:00001ec8       ?GetMiscStatus@?$IOleObjectImpl@VCOPOSTotals@@@ATL@@UEAAJKPEAK@Z 0000000180002ec8 f i Totals.obj
 0001:00001ed8       ?GetWindow@?$IOleInPlaceActiveObjectImpl@VCOPOSTotals@@@ATL@@UEAAJPEAPEAUHWND__@@@Z 0000000180002ed8 f i Totals.obj
 0001:00001f2c       ?TranslateAcceleratorW@?$IOleInPlaceActiveObjectImpl@VCOPOSTotals@@@ATL@@UEAAJPEAUtagMSG@@@Z 0000000180002f2c f i Totals.obj
 0001:00002020       ?OnDocWindowActivate@?$IOleInPlaceActiveObjectImpl@VCOPOSTotals@@@ATL@@UEAAJH@Z 0000000180003020 f i Totals.obj
 0001:0000204c       ?Draw@?$IViewObjectExImpl@VCOPOSTotals@@@ATL@@UEAAJKJPEAXPEAUtagDVTARGETDEVICE@@PEAUHDC__@@2PEBU_RECTL@@3P6AH_K@Z4@Z 000000018000304c f i Totals.obj
 0001:000020b0       ?SetAdvise@?$IViewObjectExImpl@VCOPOSTotals@@@ATL@@UEAAJKKPEAUIAdviseSink@@@Z 00000001800030b0 f i Totals.obj
 0001:00002104       ?GetAdvise@?$IViewObjectExImpl@VCOPOSTotals@@@ATL@@UEAAJPEAK0PEAPEAUIAdviseSink@@@Z 0000000180003104 f i Totals.obj
 0001:00002140       ?GetExtent@?$IViewObjectExImpl@VCOPOSTotals@@@ATL@@UEAAJKJPEAUtagDVTARGETDEVICE@@PEAUtagSIZE@@@Z 0000000180003140 f i Totals.obj
 0001:00002170       ?GetViewStatus@?$IViewObjectExImpl@VCOPOSTotals@@@ATL@@UEAAJPEAK@Z 0000000180003170 f i Totals.obj
 0001:00002184       ?QueryHitPoint@?$IViewObjectExImpl@VCOPOSTotals@@@ATL@@UEAAJKPEBUtagRECT@@UtagPOINT@@JPEAK@Z 0000000180003184 f i Totals.obj
 0001:000021c8       ?QueryHitRect@?$IViewObjectExImpl@VCOPOSTotals@@@ATL@@UEAAJKPEBUtagRECT@@0JPEAK@Z 00000001800031c8 f i Totals.obj
 0001:00002230       ?GetNaturalExtent@?$IViewObjectExImpl@VCOPOSTotals@@@ATL@@UEAAJKJPEAUtagDVTARGETDEVICE@@PEAUHDC__@@PEAUtagExtentInfo@@PEAUtagSIZE@@@Z 0000000180003230 f i Totals.obj
 0001:00002278       ?GetWindow@?$IOleInPlaceObjectWindowlessImpl@VCOPOSTotals@@@ATL@@UEAAJPEAPEAUHWND__@@@Z 0000000180003278 f i Totals.obj
 0001:000022cc       ?InPlaceDeactivate@?$IOleInPlaceObjectWindowlessImpl@VCOPOSTotals@@@ATL@@UEAAJXZ 00000001800032cc f i Totals.obj
 0001:000022e8       ?UIDeactivate@?$IOleInPlaceObjectWindowlessImpl@VCOPOSTotals@@@ATL@@UEAAJXZ 00000001800032e8 f i Totals.obj
 0001:00002304       ?SetObjectRects@?$IOleInPlaceObjectWindowlessImpl@VCOPOSTotals@@@ATL@@UEAAJPEBUtagRECT@@0@Z 0000000180003304 f i Totals.obj
 0001:00002320       ?OnWindowMessage@?$IOleInPlaceObjectWindowlessImpl@VCOPOSTotals@@@ATL@@UEAAJI_K_JPEA_J@Z 0000000180003320 f i Totals.obj
 0001:000023e8       ?EnumConnectionPoints@?$IConnectionPointContainerImpl@VCOPOSTotals@@@ATL@@UEAAJPEAPEAUIEnumConnectionPoints@@@Z 00000001800033e8 f i Totals.obj
 0001:00002608       ?FindConnectionPoint@?$IConnectionPointContainerImpl@VCOPOSTotals@@@ATL@@UEAAJAEBU_GUID@@PEAPEAUIConnectionPoint@@@Z 0000000180003608 f i Totals.obj
 0001:000026d8       ?IsDirty@?$IPersistStorageImpl@VCOPOSTotals@@@ATL@@UEAAJXZ 00000001800036d8 f i Totals.obj
 0001:0000271c       ?InitNew@?$IPersistStorageImpl@VCOPOSTotals@@@ATL@@UEAAJPEAUIStorage@@@Z 000000018000371c f i Totals.obj
 0001:00002760       ?Load@?$IPersistStorageImpl@VCOPOSTotals@@@ATL@@UEAAJPEAUIStorage@@@Z 0000000180003760 f i Totals.obj
 0001:00002800       ?Save@?$IPersistStorageImpl@VCOPOSTotals@@@ATL@@UEAAJPEAUIStorage@@H@Z 0000000180003800 f i Totals.obj
 0001:000028b0       ?GetPages@?$ISpecifyPropertyPagesImpl@VCOPOSTotals@@@ATL@@UEAAJPEAUtagCAUUID@@@Z 00000001800038b0 f i Totals.obj
 0001:000028bc       ?QuickActivate@?$IQuickActivateImpl@VCOPOSTotals@@@ATL@@UEAAJPEAUtagQACONTAINER@@PEAUtagQACONTROL@@@Z 00000001800038bc f i Totals.obj
 0001:000028d8       ?SetContentExtent@?$IQuickActivateImpl@VCOPOSTotals@@@ATL@@UEAAJPEAUtagSIZE@@@Z 00000001800038d8 f i Totals.obj
 0001:0000290c       ?GetContentExtent@?$IQuickActivateImpl@VCOPOSTotals@@@ATL@@UEAAJPEAUtagSIZE@@@Z 000000018000390c f i Totals.obj
 0001:00002944       ?GetData@?$IDataObjectImpl@VCOPOSTotals@@@ATL@@UEAAJPEAUtagFORMATETC@@PEAUtagSTGMEDIUM@@@Z 0000000180003944 f i Totals.obj
 0001:00002960       ?DAdvise@?$IDataObjectImpl@VCOPOSTotals@@@ATL@@UEAAJPEAUtagFORMATETC@@KPEAUIAdviseSink@@PEAK@Z 0000000180003960 f i Totals.obj
 0001:000029e8       ?DUnadvise@?$IDataObjectImpl@VCOPOSTotals@@@ATL@@UEAAJK@Z 00000001800039e8 f i Totals.obj
 0001:00002a14       ?EnumDAdvise@?$IDataObjectImpl@VCOPOSTotals@@@ATL@@UEAAJPEAPEAUIEnumSTATDATA@@@Z 0000000180003a14 f i Totals.obj
 0001:00002a50       ?GetClassInfoW@?$IProvideClassInfo2Impl@$1?CLSID_OPOSTotals@@3U_GUID@@B$1?DIID__IOPOSTotalsEvents@@3U2@B$1?LIBID_OposTotals_CCO@@3U2@B$00$0A@VCComTypeInfoHolder@ATL@@@ATL@@UEAAJPEAPEAUITypeInfo@@@Z 0000000180003a50 f i Totals.obj
 0001:00002aa8       ?GetGUID@?$IProvideClassInfo2Impl@$1?CLSID_OPOSTotals@@3U_GUID@@B$1?DIID__IOPOSTotalsEvents@@3U2@B$1?LIBID_OposTotals_CCO@@3U2@B$00$0A@VCComTypeInfoHolder@ATL@@@ATL@@UEAAJKPEAU_GUID@@@Z 0000000180003aa8 f i Totals.obj
 0001:00002adc       ?GetInterfaceSafetyOptions@?$IObjectSafetyImpl@VCOPOSTotals@@$02@ATL@@UEAAJAEBU_GUID@@PEAK1@Z 0000000180003adc f i Totals.obj
 0001:00002b70       ?SetInterfaceSafetyOptions@?$IObjectSafetyImpl@VCOPOSTotals@@$02@ATL@@UEAAJAEBU_GUID@@KK@Z 0000000180003b70 f i Totals.obj
 0001:00002c14       ?_LocCPQueryInterface@?$IConnectionPointImpl@VCOPOSTotals@@$1?IID_IPropertyNotifySink@@3U_GUID@@BVCComDynamicUnkArray@ATL@@@ATL@@UEAAJAEBU_GUID@@PEAPEAX@Z 0000000180003c14 f i Totals.obj
 0001:00002c14       ?_LocCPQueryInterface@?$IConnectionPointImpl@VCOPOSTotals@@$1?DIID__IOPOSTotalsEvents@@3U_GUID@@BVCComDynamicUnkArray@ATL@@@ATL@@UEAAJAEBU_GUID@@PEAPEAX@Z 0000000180003c14 f i Totals.obj
 0001:00002c88       ?GetConnectionInterface@?$IConnectionPointImpl@VCOPOSTotals@@$1?IID_IPropertyNotifySink@@3U_GUID@@BVCComDynamicUnkArray@ATL@@@ATL@@UEAAJPEAU_GUID@@@Z 0000000180003c88 f i Totals.obj
 0001:00002ca4       ?GetConnectionPointContainer@?$IConnectionPointImpl@VCOPOSTotals@@$1?IID_IPropertyNotifySink@@3U_GUID@@BVCComDynamicUnkArray@ATL@@@ATL@@UEAAJPEAPEAUIConnectionPointContainer@@@Z 0000000180003ca4 f i Totals.obj
 0001:00002cc4       ?Advise@?$IConnectionPointImpl@VCOPOSTotals@@$1?DIID__IOPOSTotalsEvents@@3U_GUID@@BVCComDynamicUnkArray@ATL@@@ATL@@UEAAJPEAUIUnknown@@PEAK@Z 0000000180003cc4 f i Totals.obj
 0001:00002cc4       ?Advise@?$IConnectionPointImpl@VCOPOSTotals@@$1?IID_IPropertyNotifySink@@3U_GUID@@BVCComDynamicUnkArray@ATL@@@ATL@@UEAAJPEAUIUnknown@@PEAK@Z 0000000180003cc4 f i Totals.obj
 0001:00002d84       ?Unadvise@?$IConnectionPointImpl@VCOPOSTotals@@$1?IID_IPropertyNotifySink@@3U_GUID@@BVCComDynamicUnkArray@ATL@@@ATL@@UEAAJK@Z 0000000180003d84 f i Totals.obj
 0001:00002d84       ?Unadvise@?$IConnectionPointImpl@VCOPOSTotals@@$1?DIID__IOPOSTotalsEvents@@3U_GUID@@BVCComDynamicUnkArray@ATL@@@ATL@@UEAAJK@Z 0000000180003d84 f i Totals.obj
 0001:00002e00       ?EnumConnections@?$IConnectionPointImpl@VCOPOSTotals@@$1?DIID__IOPOSTotalsEvents@@3U_GUID@@BVCComDynamicUnkArray@ATL@@@ATL@@UEAAJPEAPEAUIEnumConnections@@@Z 0000000180003e00 f i Totals.obj
 0001:00002e00       ?EnumConnections@?$IConnectionPointImpl@VCOPOSTotals@@$1?IID_IPropertyNotifySink@@3U_GUID@@BVCComDynamicUnkArray@ATL@@@ATL@@UEAAJPEAPEAUIEnumConnections@@@Z 0000000180003e00 f i Totals.obj
 0001:00002fa8       ?GetConnectionInterface@?$IConnectionPointImpl@VCOPOSTotals@@$1?DIID__IOPOSTotalsEvents@@3U_GUID@@BVCComDynamicUnkArray@ATL@@@ATL@@UEAAJPEAU_GUID@@@Z 0000000180003fa8 f i Totals.obj
 0001:00002fc4       ?GetConnectionPointContainer@?$IConnectionPointImpl@VCOPOSTotals@@$1?DIID__IOPOSTotalsEvents@@3U_GUID@@BVCComDynamicUnkArray@ATL@@@ATL@@UEAAJPEAPEAUIConnectionPointContainer@@@Z 0000000180003fc4 f i Totals.obj
 0001:00002fe4       ?UpdateRegistry@COPOSTotals@@SAJH@Z 0000000180003fe4 f i Totals.obj
 0001:00002ffc       ?ProcessWindowMessage@COPOSTotals@@UEAAHPEAUHWND__@@I_K_JAEA_JK@Z 0000000180003ffc f i Totals.obj
 0001:00003084       ?SODirectIO@COPOSTotals@@MEAAJJPEAJPEAPEA_W@Z 0000000180004084 f i Totals.obj
 0001:000030fc       ?SOStatusUpdate@COPOSTotals@@MEAAJJ@Z 00000001800040fc f i Totals.obj
 0001:0000314c       ?CreateInstance@?$CComCreator@V?$CComObjectCached@VCComClassFactory@ATL@@@ATL@@@ATL@@SAJPEAXAEBU_GUID@@PEAPEAX@Z 000000018000414c f i Totals.obj
 0001:00003254       ?CreateInstance@?$CComCreator2@V?$CComCreator@V?$CComObject@VCOPOSTotals@@@ATL@@@ATL@@V?$CComCreator@V?$CComAggObject@VCOPOSTotals@@@ATL@@@2@@ATL@@SAJPEAXAEBU_GUID@@PEAPEAX@Z 0000000180004254 f i Totals.obj
 0001:00003264       ?Next@?$CComEnumImpl@UIEnumConnectionPoints@@$1?_GUID_b196b285_bab4_101a_b69c_00aa00341d07@@3U__s_GUID@@BPEAUIConnectionPoint@@V?$_CopyInterface@UIConnectionPoint@@@ATL@@@ATL@@UEAAJKPEAPEAUIConnectionPoint@@PEAK@Z 0000000180004264 f i Totals.obj
 0001:00003330       ?Skip@?$CComEnumImpl@UIEnumConnectionPoints@@$1?_GUID_b196b285_bab4_101a_b69c_00aa00341d07@@3U__s_GUID@@BPEAUIConnectionPoint@@V?$_CopyInterface@UIConnectionPoint@@@ATL@@@ATL@@UEAAJK@Z 0000000180004330 f i Totals.obj
 0001:0000335c       ?Clone@?$CComEnumImpl@UIEnumConnectionPoints@@$1?_GUID_b196b285_bab4_101a_b69c_00aa00341d07@@3U__s_GUID@@BPEAUIConnectionPoint@@V?$_CopyInterface@UIConnectionPoint@@@ATL@@@ATL@@UEAAJPEAPEAUIEnumConnectionPoints@@@Z 000000018000435c f i Totals.obj
 0001:00003488       ?QueryInterface@?$CComObject@V?$CComEnum@UIEnumConnectionPoints@@$1?_GUID_b196b285_bab4_101a_b69c_00aa00341d07@@3U__s_GUID@@BPEAUIConnectionPoint@@V?$_CopyInterface@UIConnectionPoint@@@ATL@@VCComSingleThreadModel@6@@ATL@@@ATL@@UEAAJAEBU_GUID@@PEAPEAX@Z 0000000180004488 f i Totals.obj
 0001:0000349c       ??_E?$CComObject@V?$CComEnum@UIEnumConnectionPoints@@$1?_GUID_b196b285_bab4_101a_b69c_00aa00341d07@@3U__s_GUID@@BPEAUIConnectionPoint@@V?$_CopyInterface@UIConnectionPoint@@@ATL@@VCComSingleThreadModel@6@@ATL@@@ATL@@UEAAPEAXI@Z 000000018000449c f i Totals.obj
 0001:0000349c       ??_G?$CComObject@V?$CComEnum@UIEnumConnectionPoints@@$1?_GUID_b196b285_bab4_101a_b69c_00aa00341d07@@3U__s_GUID@@BPEAUIConnectionPoint@@V?$_CopyInterface@UIConnectionPoint@@@ATL@@VCComSingleThreadModel@6@@ATL@@@ATL@@UEAAPEAXI@Z 000000018000449c f i Totals.obj
 0001:000034f4       ?CreateInstance@CComClassFactory@ATL@@UEAAJPEAUIUnknown@@AEBU_GUID@@PEAPEAX@Z 00000001800044f4 f i Totals.obj
 0001:00003554       ?LockServer@CComClassFactory@ATL@@UEAAJH@Z 0000000180004554 f i Totals.obj
 0001:00003578       ??_GCComClassFactory@ATL@@UEAAPEAXI@Z 0000000180004578 f i Totals.obj
 0001:00003578       ??_ECComClassFactory@ATL@@UEAAPEAXI@Z 0000000180004578 f i Totals.obj
 0001:000035c8       ??$AtlModuleRegisterWndClassInfoT@VAtlModuleRegisterWndClassInfoParamW@ATL@@@ATL@@YAGPEAU_ATL_BASE_MODULE70@0@PEAU_ATL_WIN_MODULE70@0@PEAU_ATL_WNDCLASSINFOW@0@PEAP6A_JPEAUHWND__@@I_K_J@ZVAtlModuleRegisterWndClassInfoParamW@0@@Z 00000001800045c8 f i Totals.obj
 0001:000037c8       ??0?$CComContainedObject@VCOPOSTotals@@@ATL@@QEAA@PEAX@Z 00000001800047c8 f i Totals.obj
 0001:000038e4       ??0?$CComObject@VCOPOSTotals@@@ATL@@QEAA@PEAX@Z 00000001800048e4 f i Totals.obj
 0001:000039fc       ??0CAtlModule@ATL@@QEAA@XZ 00000001800049fc f i Totals.obj
 0001:00003a70       ??1?$CComEnumImpl@UIEnumConnectionPoints@@$1?_GUID_b196b285_bab4_101a_b69c_00aa00341d07@@3U__s_GUID@@BPEAUIConnectionPoint@@V?$_CopyInterface@UIConnectionPoint@@@ATL@@@ATL@@UEAA@XZ 0000000180004a70 f i Totals.obj
 0001:00003acc       ??1?$CComEnumImpl@UIEnumConnections@@$1?_GUID_b196b287_bab4_101a_b69c_00aa00341d07@@3U__s_GUID@@BUtagCONNECTDATA@@V?$_Copy@UtagCONNECTDATA@@@ATL@@@ATL@@UEAA@XZ 0000000180004acc f i Totals.obj
 0001:00003b28       ??1?$CComObject@VCOPOSTotals@@@ATL@@UEAA@XZ 0000000180004b28 f i Totals.obj
 0001:00003c48       ??_E?$CComContainedObject@VCOPOSTotals@@@ATL@@UEAAPEAXI@Z 0000000180004c48 f i Totals.obj
 0001:00003c48       ??_G?$CComContainedObject@VCOPOSTotals@@@ATL@@UEAAPEAXI@Z 0000000180004c48 f i Totals.obj
 0001:00003c7c       ??_G?$CComObject@VCOPOSTotals@@@ATL@@UEAAPEAXI@Z 0000000180004c7c f i Totals.obj
 0001:00003c7c       ??_E?$CComObject@VCOPOSTotals@@@ATL@@UEAAPEAXI@Z 0000000180004c7c f i Totals.obj
 0001:00003cb0       ?Add@?$CSimpleArray@GV?$CSimpleArrayEqualHelper@G@ATL@@@ATL@@QEAAHAEBG@Z 0000000180004cb0 f i Totals.obj
 0001:00003d64       ?Add@?$CSimpleMap@PEA_WPEA_WVCExpansionVectorEqualHelper@ATL@@@ATL@@QEAAHAEBQEA_W0@Z 0000000180004d64 f i Totals.obj
 0001:00003e04       ?Add@CComDynamicUnkArray@ATL@@QEAAKPEAUIUnknown@@@Z 0000000180004e04 f i Totals.obj
 0001:00003eec       ?Add@CExpansionVector@ATL@@QEAAHPEB_W0@Z 0000000180004eec f i Totals.obj
 0001:0000407c       ?AddValue@CRegParser@ATL@@IEAAJAEAVCRegKey@2@PEB_WPEA_W@Z 000000018000507c f i Totals.obj
 0001:000044c4       ?AllocateHeap@?$CTempBuffer@E$0BAA@VCCRTAllocator@ATL@@@ATL@@AEAAX_K@Z 00000001800054c4 f i Totals.obj
 0001:000044c4       ?AllocateHeap@?$CTempBuffer@_W$0EAA@VCCRTAllocator@ATL@@@ATL@@AEAAX_K@Z 00000001800054c4 f i Totals.obj
 0001:000044c4       ?AllocateHeap@?$CTempBuffer@_W$0BAA@VCCRTAllocator@ATL@@@ATL@@AEAAX_K@Z 00000001800054c4 f i Totals.obj
 0001:000044f0       ?Append@CParseBuffer@CRegParser@ATL@@QEAAHPEB_WH@Z 00000001800054f0 f i Totals.obj
 0001:00004608       ?AtlCallTermFunc@ATL@@YAXPEAU_ATL_MODULE70@1@@Z 0000000180005608 f i Totals.obj
 0001:0000466c       ?AtlComModuleGetClassObject@ATL@@YAJPEAU_ATL_COM_MODULE70@1@AEBU_GUID@@1PEAPEAX@Z 000000018000566c f i Totals.obj
 0001:000047ac       ?AtlComModuleRegisterServer@ATL@@YAJPEAU_ATL_COM_MODULE70@1@HPEBU_GUID@@@Z 00000001800057ac f i Totals.obj
 0001:0000486c       ?AtlComModuleUnregisterServer@ATL@@YAJPEAU_ATL_COM_MODULE70@1@HPEBU_GUID@@@Z 000000018000586c f i Totals.obj
 0001:00004928       ?AtlCreateTargetDC@ATL@@YAPEAUHDC__@@PEAU2@PEAUtagDVTARGETDEVICE@@@Z 0000000180005928 f i Totals.obj
 0001:0000499c       ?AtlHiMetricToPixel@ATL@@YAXPEBUtagSIZE@@PEAU2@@Z 000000018000599c f i Totals.obj
 0001:00004a4c       ?AtlHresultFromLastError@ATL@@YAJXZ 0000000180005a4c f i Totals.obj
 0001:00004a6c       ?AtlHresultFromWin32@ATL@@YAJK@Z 0000000180005a6c f i Totals.obj
 0001:00004a7c       ?AtlIPersistStreamInit_Load@ATL@@YAJPEAUIStream@@PEBUATL_PROPMAP_ENTRY@1@PEAXPEAUIUnknown@@@Z 0000000180005a7c f i Totals.obj
 0001:00004cb4       ?AtlIPersistStreamInit_Save@ATL@@YAJPEAUIStream@@HPEBUATL_PROPMAP_ENTRY@1@PEAXPEAUIUnknown@@@Z 0000000180005cb4 f i Totals.obj
 0001:00004eec       ?AtlInternalOleLoadFromStream@ATL@@YAJPEAUIStream@@AEBU_GUID@@PEAPEAXTClassesAllowedInStream@1@K@Z 0000000180005eec f i Totals.obj
 0001:00005030       ?AtlInternalQueryInterface@ATL@@YAJPEAXPEBU_ATL_INTMAP_ENTRY@1@AEBU_GUID@@PEAPEAX@Z 0000000180006030 f i Totals.obj
 0001:00005138       ?AtlLoadTypeLib@ATL@@YAJPEAUHINSTANCE__@@PEB_WPEAPEA_WPEAPEAUITypeLib@@@Z 0000000180006138 f i Totals.obj
 0001:00005394       ?AtlModuleAddTermFunc@ATL@@YAJPEAU_ATL_MODULE70@1@P6AX_K@Z1@Z 0000000180006394 f i Totals.obj
 0001:00005428       ?AtlRegisterClassCategoriesHelper@ATL@@YAJAEBU_GUID@@PEBU_ATL_CATMAP_ENTRY@1@H@Z 0000000180006428 f i Totals.obj
 0001:00005890       ?AtlRegisterTypeLib@ATL@@YAJPEAUHINSTANCE__@@PEB_W@Z 0000000180006890 f i Totals.obj
 0001:00005a8c       ?AtlThrowImpl@ATL@@YAXJ@Z  0000000180006a8c f i Totals.obj
 0001:00005ab0       ?AtlUnRegisterTypeLib@ATL@@YAJPEAUHINSTANCE__@@PEB_W@Z 0000000180006ab0 f i Totals.obj
 0001:00005b78       ?AtlWinModuleExtractCreateWndData@ATL@@YAPEAXPEAU_ATL_WIN_MODULE70@1@@Z 0000000180006b78 f i Totals.obj
 0001:00005c04       ?Cleanup@CComTypeInfoHolder@ATL@@SAX_K@Z 0000000180006c04 f i Totals.obj
 0001:00005c44       ?ClearReplacements@CExpansionVector@ATL@@QEAAJXZ 0000000180006c44 f i Totals.obj
 0001:00005ce0       ?CreateInstance@?$CComCreator@V?$CComAggObject@VCOPOSTotals@@@ATL@@@ATL@@SAJPEAXAEBU_GUID@@PEAPEAX@Z 0000000180006ce0 f i Totals.obj
 0001:00005db8       ?CreateInstance@?$CComCreator@V?$CComObject@VCOPOSTotals@@@ATL@@@ATL@@SAJPEAXAEBU_GUID@@PEAPEAX@Z 0000000180006db8 f i Totals.obj
 0001:00005e70       ?CreateInstance@?$CComObject@V?$CComEnum@UIEnumConnectionPoints@@$1?_GUID_b196b285_bab4_101a_b69c_00aa00341d07@@3U__s_GUID@@BPEAUIConnectionPoint@@V?$_CopyInterface@UIConnectionPoint@@@ATL@@VCComSingleThreadModel@6@@ATL@@@ATL@@SAJPEAPEAV12@@Z 0000000180006e70 f i Totals.obj
 0001:00005efc       ?CreateInstance@?$CComObject@V?$CComEnum@UIEnumConnections@@$1?_GUID_b196b287_bab4_101a_b69c_00aa00341d07@@3U__s_GUID@@BUtagCONNECTDATA@@V?$_Copy@UtagCONNECTDATA@@@ATL@@VCComSingleThreadModel@6@@ATL@@@ATL@@SAJPEAPEAV12@@Z 0000000180006efc f i Totals.obj
 0001:00005f88       ?DefaultReflectionHandler@?$CWindowImplRoot@VCWindow@ATL@@@ATL@@SAHPEAUHWND__@@I_K_JAEA_J@Z 0000000180006f88 f i Totals.obj
 0001:00005fec       ?DeleteSubKey@CRegKey@ATL@@QEAAJPEB_W@Z 0000000180006fec f i Totals.obj
 0001:00006084       ?DoEvent@COPOSTotals@@IEAAXI_K_J@Z 0000000180007084 f i Totals.obj
 0001:00006138       ?DoVerbPrimary@?$IOleObjectImpl@VCOPOSTotals@@@ATL@@QEAAJPEBUtagRECT@@PEAUHWND__@@@Z 0000000180007138 f i Totals.obj
 0001:00006264       ?DoVerbProperties@CComControlBase@ATL@@QEAAJPEBUtagRECT@@PEAUHWND__@@@Z 0000000180007264 f i Totals.obj
 0001:0000648c       ?FireTheEvent@?$CProxy_IOPOSEvents@VCOPOSTotals@@@@IEAAXPEAVOposVariant@@IAEAJPEB_WJ@Z 000000018000748c f i Totals.obj
 0001:00006578       ?FireViewChange@CComControlBase@ATL@@QEAAJXZ 0000000180007578 f i Totals.obj
 0001:000065dc       ?Fire_DirectIOEvent@?$CProxy_IOPOSEvents@VCOPOSTotals@@@@QEAAXJPEAJPEAPEA_W@Z 00000001800075dc f i Totals.obj
 0001:00006734       ?Fire_StatusUpdateEvent@?$CProxy_IOPOSEvents@VCOPOSTotals@@@@QEAAXJ@Z 0000000180007734 f i Totals.obj
 0001:00006820       ?FreeHeap@?$CTempBuffer@_W$0EAA@VCCRTAllocator@ATL@@@ATL@@AEAAXXZ 0000000180007820 f i Totals.obj
 0001:00006820       ?FreeHeap@?$CTempBuffer@E$0BAA@VCCRTAllocator@ATL@@@ATL@@AEAAXXZ 0000000180007820 f i Totals.obj
 0001:00006820       ?FreeHeap@?$CTempBuffer@_W$0BAA@VCCRTAllocator@ATL@@@ATL@@AEAAXXZ 0000000180007820 f i Totals.obj
 0001:00006828       ?GetAmbientLocaleID@CComControlBase@ATL@@QEAAJAEAK@Z 0000000180007828 f i Totals.obj
 0001:000068e8       ?GetAmbientUserMode@CComControlBase@ATL@@QEAAJAEAH@Z 00000001800078e8 f i Totals.obj
 0001:000069b8       ?GetClassObject@CComModule@ATL@@QEAAJAEBU_GUID@@0PEAPEAX@Z 00000001800079b8 f i Totals.obj
 0001:00006aac       ?GetConnMap@COPOSTotals@@SAPEBU_ATL_CONNMAP_ENTRY@ATL@@PEAH@Z 0000000180007aac f i Totals.obj
 0001:00006b34       ?GetIDsOfNames@CComTypeInfoHolder@ATL@@QEAAJAEBU_GUID@@PEAPEA_WIKPEAJ@Z 0000000180007b34 f i Totals.obj
 0001:00006cac       ?GetPagesHelper@?$ISpecifyPropertyPagesImpl@VCOPOSTotals@@@ATL@@IEAAJPEAUtagCAUUID@@PEBUATL_PROPMAP_ENTRY@2@@Z 0000000180007cac f i Totals.obj
 0001:00006e4c       ?GetSizeMax@CComVariant@ATL@@QEBAJPEAT_ULARGE_INTEGER@@@Z 0000000180007e4c f i Totals.obj
 0001:00007080       ?GetTI@CComTypeInfoHolder@ATL@@QEAAJK@Z 0000000180008080 f i Totals.obj
 0001:000072f8       ?GetZoomInfo@CComControlBase@ATL@@QEAAXAEAUATL_DRAWINFO@@@Z 00000001800082f8 f i Totals.obj
 0001:0000739c       ?HKeyFromString@CRegParser@ATL@@KAPEAUHKEY__@@PEA_W@Z 000000018000839c f i Totals.obj
 0001:00007400       ?IDataObject_GetData@CComControlBase@ATL@@QEAAJPEAUtagFORMATETC@@PEAUtagSTGMEDIUM@@@Z 0000000180008400 f i Totals.obj
 0001:000075f4       ?IOleInPlaceObject_InPlaceDeactivate@CComControlBase@ATL@@QEAAJXZ 00000001800085f4 f i Totals.obj
 0001:00007694       ?IOleInPlaceObject_SetObjectRects@CComControlBase@ATL@@QEAAJPEBUtagRECT@@0@Z 0000000180008694 f i Totals.obj
 0001:00007784       ?IOleInPlaceObject_UIDeactivate@CComControlBase@ATL@@QEAAJXZ 0000000180008784 f i Totals.obj
 0001:00007890       ?IOleObject_Close@CComControlBase@ATL@@QEAAJK@Z 0000000180008890 f i Totals.obj
 0001:000079a8       ?IOleObject_SetClientSite@CComControlBase@ATL@@QEAAJPEAUIOleClientSite@@@Z 00000001800089a8 f i Totals.obj
 0001:00007a20       ?IOleObject_SetExtent@CComControlBase@ATL@@QEAAJKPEAUtagSIZE@@@Z 0000000180008a20 f i Totals.obj
 0001:00007ab8       ?IPSI_GetIPersistStreamInit@?$IPersistStorageImpl@VCOPOSTotals@@@ATL@@AEAAPEAUIPersistStreamInit@@XZ 0000000180008ab8 f i Totals.obj
 0001:00007b14       ?IQuickActivate_QuickActivate@CComControlBase@ATL@@QEAAJPEAUtagQACONTAINER@@PEAUtagQACONTROL@@@Z 0000000180008b14 f i Totals.obj
 0001:00007dd8       ?IViewObject_Draw@CComControlBase@ATL@@QEAAJKJPEAXPEAUtagDVTARGETDEVICE@@PEAUHDC__@@2PEBU_RECTL@@3@Z 0000000180008dd8 f i Totals.obj
 0001:00007eec       ?InPlaceActivate@CComControlBase@ATL@@QEAAJJPEBUtagRECT@@@Z 0000000180008eec f i Totals.obj
 0001:00008224       ?Init@?$CComEnumImpl@UIEnumConnectionPoints@@$1?_GUID_b196b285_bab4_101a_b69c_00aa00341d07@@3U__s_GUID@@BPEAUIConnectionPoint@@V?$_CopyInterface@UIConnectionPoint@@@ATL@@@ATL@@QEAAJPEAPEAUIConnectionPoint@@0PEAUIUnknown@@W4CComEnumFlags@2@@Z 0000000180009224 f i Totals.obj
 0001:00008344       ?Init@?$CComEnumImpl@UIEnumConnections@@$1?_GUID_b196b287_bab4_101a_b69c_00aa00341d07@@3U__s_GUID@@BUtagCONNECTDATA@@V?$_Copy@UtagCONNECTDATA@@@ATL@@@ATL@@QEAAJPEAUtagCONNECTDATA@@0PEAUIUnknown@@W4CComEnumFlags@2@@Z 0000000180009344 f i Totals.obj
 0001:00008468       ?IsEqualObject@?$CComPtrBase@UIOleClientSite@@@ATL@@QEAA_NPEAUIUnknown@@@Z 0000000180009468 f i Totals.obj
 0001:00008468       ?IsEqualObject@?$CComPtrBase@UITypeInfo@@@ATL@@QEAA_NPEAUIUnknown@@@Z 0000000180009468 f i Totals.obj
 0001:000084f4       ?LoadNameCache@CComTypeInfoHolder@ATL@@QEAAJPEAUITypeInfo@@@Z 00000001800094f4 f i Totals.obj
 0001:00008678       ?Lookup@?$CSimpleMap@PEA_WPEA_WVCExpansionVectorEqualHelper@ATL@@@ATL@@QEBAPEA_WAEBQEA_W@Z 0000000180009678 f i Totals.obj
 0001:00008704       ?NextToken@CRegParser@ATL@@IEAAJPEA_W@Z 0000000180009704 f i Totals.obj
 0001:000088bc       ?OnKillFocus@CComControlBase@ATL@@QEAA_JI_K_JAEAH@Z 00000001800098bc f i Totals.obj
 0001:00008958       ?OnMouseActivate@CComControlBase@ATL@@QEAA_JI_K_JAEAH@Z 0000000180009958 f i Totals.obj
 0001:000089f8       ?OnPaint@CComControlBase@ATL@@QEAA_JI_K_JAEAH@Z 00000001800099f8 f i Totals.obj
 0001:00008ae4       ?OnSetFocus@CComControlBase@ATL@@QEAA_JI_K_JAEAH@Z 0000000180009ae4 f i Totals.obj
 0001:00008be0       ?Open@CRegKey@ATL@@QEAAJPEAUHKEY__@@PEB_WK@Z 0000000180009be0 f i Totals.obj
 0001:00008c6c       ?PreProcessBuffer@CRegParser@ATL@@QEAAJPEA_WPEAPEA_W@Z 0000000180009c6c f i Totals.obj
 0001:00008ff0       ?ProcessWindowMessage@?$CComControl@VCOPOSTotals@@V?$CWindowImpl@VCOPOSTotals@@VCWindow@ATL@@V?$CWinTraits@$0FGAAAAAA@$0A@@3@@ATL@@@ATL@@UEAAHPEAUHWND__@@I_K_JAEA_JK@Z 0000000180009ff0 f i Totals.obj
 0001:000090d4       ?PutProperty@?$CComPtr@UIDispatch@@@ATL@@SAJPEAUIDispatch@@JPEAUtagVARIANT@@@Z 000000018000a0d4 f i Totals.obj
 0001:000091d8       ?ReadFromStream@CComBSTR@ATL@@QEAAJPEAUIStream@@@Z 000000018000a1d8 f i Totals.obj
 0001:00009334       ?ReadFromStream@CComVariant@ATL@@QEAAJPEAUIStream@@GTClassesAllowedInStream@2@K@Z 000000018000a334 f i Totals.obj
 0001:00009544       ?RecurseDeleteKey@CRegKey@ATL@@QEAAJPEB_W@Z 000000018000a544 f i Totals.obj
 0001:00009650       ?RegCreateKeyExW@CAtlTransactionManager@ATL@@QEAAJPEAUHKEY__@@PEB_WKPEA_WKKQEAU_SECURITY_ATTRIBUTES@@PEAPEAU3@PEAK@Z 000000018000a650 f i Totals.obj
 0001:00009784       ?RegDeleteKeyW@CAtlTransactionManager@ATL@@QEAAJPEAUHKEY__@@PEB_W@Z 000000018000a784 f i Totals.obj
 0001:00009810       ?RegOpenKeyExW@CAtlTransactionManager@ATL@@QEAAJPEAUHKEY__@@PEB_WKKPEAPEAU3@@Z 000000018000a810 f i Totals.obj
 0001:000098c8       ?RegisterBuffer@CRegParser@ATL@@QEAAJPEA_WH@Z 000000018000a8c8 f i Totals.obj
 0001:00009a30       ?RegisterFromResource@CRegObject@ATL@@IEAAJPEB_W00H@Z 000000018000aa30 f i Totals.obj
 0001:00009bec       ?RegisterServer@CComModule@ATL@@QEAAJHPEBU_GUID@@@Z 000000018000abec f i Totals.obj
 0001:00009cac       ?RegisterSubkeys@CRegParser@ATL@@IEAAJPEA_WPEAUHKEY__@@HH@Z 000000018000acac f i Totals.obj
 0001:0000a3a0       ?SendOnDataChange@CComControlBase@ATL@@QEAAJK@Z 000000018000b3a0 f i Totals.obj
 0001:0000a410       ?SetControlFocus@CComControlBase@ATL@@QEAAHH@Z 000000018000b410 f i Totals.obj
 0001:0000a4ec       ?SkipAssignment@CRegParser@ATL@@IEAAJPEA_W@Z 000000018000b4ec f i Totals.obj
 0001:0000a590       ?Term@CComModule@ATL@@QEAAXXZ 000000018000b590 f i Totals.obj
 0001:0000a63c       ?UnregisterServer@CComModule@ATL@@QEAAJHPEBU_GUID@@@Z 000000018000b63c f i Totals.obj
 0001:0000a6ec       ?UpdateRegistryFromResource@CAtlModule@ATL@@QEAAJIHPEAU_ATL_REGMAP_ENTRY@2@@Z 000000018000b6ec f i Totals.obj
 0001:0000aa24       ?UpdateRegistryFromResource@CAtlModule@ATL@@QEAAJPEB_WHPEAU_ATL_REGMAP_ENTRY@2@@Z 000000018000ba24 f i Totals.obj
 0001:0000ad7c       ?VTFromRegType@CRegParser@ATL@@KAHPEB_WAEAG@Z 000000018000bd7c f i Totals.obj
 0001:0000ae18       ?WindowProc@?$CWindowImplBaseT@VCWindow@ATL@@V?$CWinTraits@$0FGAAAAAA@$0A@@2@@ATL@@SA_JPEAUHWND__@@I_K_J@Z 000000018000be18 f i Totals.obj
 0001:0000af84       ?WriteToStream@CComBSTR@ATL@@QEAAJPEAUIStream@@@Z 000000018000bf84 f i Totals.obj
 0001:0000b004       ?WriteToStream@CComVariant@ATL@@QEAAJPEAUIStream@@@Z 000000018000c004 f i Totals.obj
 0001:0000b218       ?WriteToStream@CComVariant@ATL@@QEAAJPEAUIStream@@G@Z 000000018000c218 f i Totals.obj
 0001:0000b2b0       ?_AtlVerifyStackAvailable@_ATL_SAFE_ALLOCA_IMPL@ATL@@YA_N_K@Z 000000018000c2b0 f i Totals.obj
 0001:0000b334       ?atlCreate@?$CWindowImpl@VCOPOSTotals@@VCWindow@ATL@@V?$CWinTraits@$0FGAAAAAA@$0A@@3@@ATL@@QEAAPEAUHWND__@@PEAU3@V_U_RECT@2@PEB_WKKV_U_MENUorID@2@PEAX@Z 000000018000c334 f i Totals.obj
 0001:0000b3e4       ?atlCreate@?$CWindowImplBaseT@VCWindow@ATL@@V?$CWinTraits@$0FGAAAAAA@$0A@@2@@ATL@@QEAAPEAUHWND__@@PEAU3@V_U_RECT@2@PEB_WKKV_U_MENUorID@2@GPEAX@Z 000000018000c3e4 f i Totals.obj
 0001:0000b554       ?atlCreate@CRegKey@ATL@@QEAAJPEAUHKEY__@@PEB_WPEA_WKKPEAU_SECURITY_ATTRIBUTES@@PEAK@Z 000000018000c554 f i Totals.obj
 0001:0000b640       DllCanUnloadNow            000000018000c640 f   Totals.obj
 0001:0000b64c       DllGetClassObject          000000018000c64c f   Totals.obj
 0001:0000b664       DllMain                    000000018000c664 f   Totals.obj
 0001:0000b70c       DllRegisterServer          000000018000c70c f   Totals.obj
 0001:0000b720       DllUnregisterServer        000000018000c720 f   Totals.obj
 0001:0000b734       __local_stdio_printf_options 000000018000c734 f i Totals.obj
 0001:0000b7c4       swprintf_s                 000000018000c7c4 f i Totals.obj
 0001:0000b818       ??0COPOSTotals@@QEAA@XZ    000000018000c818 f   TotalsImpl.obj
 0001:0000b8d4       ??1?$IConnectionPointImpl@VCOPOSTotals@@$1?DIID__IOPOSTotalsEvents@@3U_GUID@@BVCComDynamicUnkArray@ATL@@@ATL@@QEAA@XZ 000000018000c8d4 f i TotalsImpl.obj
 0001:0000b8d4       ??1?$IConnectionPointImpl@VCOPOSTotals@@$1?IID_IPropertyNotifySink@@3U_GUID@@BVCComDynamicUnkArray@ATL@@@ATL@@QEAA@XZ 000000018000c8d4 f i TotalsImpl.obj
 0001:0000b930       ??1CComControlBase@ATL@@UEAA@XZ 000000018000c930 f i TotalsImpl.obj
 0001:0000b9ac       ??1COPOSTotals@@UEAA@XZ    000000018000c9ac f   TotalsImpl.obj
 0001:0000ba10       ?BeginTrans@COPOSTotals@@UEAAJPEAJ@Z 000000018000ca10 f   TotalsImpl.obj
 0001:0000ba38       ?CheckHealth@COPOSTotals@@UEAAJJPEAJ@Z 000000018000ca38 f   TotalsImpl.obj
 0001:0000bab4       ?ClaimDevice@COPOSTotals@@UEAAJJPEAJ@Z 000000018000cab4 f   TotalsImpl.obj
 0001:0000bb4c       ?ClaimFile@COPOSTotals@@UEAAJJJPEAJ@Z 000000018000cb4c f   TotalsImpl.obj
 0001:0000bc18       ?Close@COPOSTotals@@UEAAJPEAJ@Z 000000018000cc18 f   TotalsImpl.obj
 0001:0000bcd0       ?CommitTrans@COPOSTotals@@UEAAJPEAJ@Z 000000018000ccd0 f   TotalsImpl.obj
 0001:0000bcf8       ?CompareFirmwareVersion@COPOSTotals@@UEAAJPEA_WPEAJ1@Z 000000018000ccf8 f   TotalsImpl.obj
 0001:0000bdd4       ?Create@COPOSTotals@@UEAAJPEA_WPEAJJF1@Z 000000018000cdd4 f   TotalsImpl.obj
 0001:0000bed0       ?Delete@COPOSTotals@@UEAAJPEA_WPEAJ@Z 000000018000ced0 f   TotalsImpl.obj
 0001:0000bf58       ?DirectIO@COPOSTotals@@UEAAJJPEAJPEAPEA_W0@Z 000000018000cf58 f   TotalsImpl.obj
 0001:0000c054       ?DoInvoke@COPOSTotals@@IEAAJJPEAVOposVariant@@IHPEAJ_N@Z 000000018000d054 f   TotalsImpl.obj
 0001:0000c188       ?EventInit@COPOSTotals@@IEAAJXZ 000000018000d188 f i TotalsImpl.obj
 0001:0000c2d0       ?EventUninit@COPOSTotals@@IEAAXXZ 000000018000d2d0 f i TotalsImpl.obj
 0001:0000c334       ?EventWindowProc@COPOSTotals@@IEAA_JI_K_J@Z 000000018000d334 f i TotalsImpl.obj
 0001:0000c42c       ?FinalConstruct@COPOSTotals@@QEAAJXZ 000000018000d42c f   TotalsImpl.obj
 0001:0000c468       ?Find@COPOSTotals@@UEAAJPEA_WPEAJ11@Z 000000018000d468 f   TotalsImpl.obj
 0001:0000c554       ?FindByIndex@COPOSTotals@@UEAAJJPEAPEA_WPEAJ@Z 000000018000d554 f   TotalsImpl.obj
 0001:0000c62c       ?FreezeEvents@COPOSTotals@@MEAAJH@Z 000000018000d62c f   TotalsImpl.obj
 0001:0000c6a0       ?GetOposProp@COPOSTotals@@IEAAJJPEAJJ@Z 000000018000d6a0 f   TotalsImpl.obj
 0001:0000c7bc       ?GetOposProp@COPOSTotals@@IEAAJJPEAPEA_WJ@Z 000000018000d7bc f   TotalsImpl.obj
 0001:0000c8e8       ?OnDraw@COPOSTotals@@MEAAJAEAUATL_DRAWINFO@@@Z 000000018000d8e8 f   TotalsImpl.obj
 0001:0000c9d4       ?Open@COPOSTotals@@UEAAJPEA_WPEAJ@Z 000000018000d9d4 f   TotalsImpl.obj
 0001:0000d25c       ?Read@COPOSTotals@@UEAAJJPEAPEA_WJJPEAJ@Z 000000018000e25c f   TotalsImpl.obj
 0001:0000d368       ?RecalculateValidationData@COPOSTotals@@UEAAJJPEAJ@Z 000000018000e368 f   TotalsImpl.obj
 0001:0000d3e4       ?ReleaseDevice@COPOSTotals@@UEAAJPEAJ@Z 000000018000e3e4 f   TotalsImpl.obj
 0001:0000d428       ?ReleaseFile@COPOSTotals@@UEAAJJPEAJ@Z 000000018000e428 f   TotalsImpl.obj
 0001:0000d4a4       ?Rename@COPOSTotals@@UEAAJJPEA_WPEAJ@Z 000000018000e4a4 f   TotalsImpl.obj
 0001:0000d57c       ?ResetStatistics@COPOSTotals@@UEAAJPEA_WPEAJ@Z 000000018000e57c f   TotalsImpl.obj
 0001:0000d604       ?RetrieveStatistics@COPOSTotals@@UEAAJPEAPEA_WPEAJ@Z 000000018000e604 f   TotalsImpl.obj
 0001:0000d68c       ?Rollback@COPOSTotals@@UEAAJPEAJ@Z 000000018000e68c f   TotalsImpl.obj
 0001:0000d6b4       ?SOProcessID@COPOSTotals@@UEAAJPEAJ@Z 000000018000e6b4 f   TotalsImpl.obj
 0001:0000d6d0       ?SetAll@COPOSTotals@@UEAAJJJPEAJ@Z 000000018000e6d0 f   TotalsImpl.obj
 0001:0000d79c       ?SetCOFreezeEvents@COPOSTotals@@IEAAXF@Z 000000018000e79c f   TotalsImpl.obj
 0001:0000d880       ?SetOposProp@COPOSTotals@@IEAAJJJJ@Z 000000018000e880 f   TotalsImpl.obj
 0001:0000d9e0       ?UpdateFirmware@COPOSTotals@@UEAAJPEA_WPEAJ@Z 000000018000e9e0 f   TotalsImpl.obj
 0001:0000da68       ?UpdateStatistics@COPOSTotals@@UEAAJPEA_WPEAJ@Z 000000018000ea68 f   TotalsImpl.obj
 0001:0000daf0       ?ValidateData@COPOSTotals@@UEAAJJPEAJ@Z 000000018000eaf0 f   TotalsImpl.obj
 0001:0000db6c       ?Write@COPOSTotals@@UEAAJJPEA_WJJPEAJ@Z 000000018000eb6c f   TotalsImpl.obj
 0001:0000dc78       ?get_BinaryConversion@COPOSTotals@@UEAAJPEAJ@Z 000000018000ec78 f   TotalsImpl.obj
 0001:0000dc8c       ?get_CapCompareFirmwareVersion@COPOSTotals@@UEAAJPEAF@Z 000000018000ec8c f   TotalsImpl.obj
 0001:0000dcc0       ?get_CapErrorDetection@COPOSTotals@@UEAAJPEAF@Z 000000018000ecc0 f   TotalsImpl.obj
 0001:0000dcf0       ?get_CapPowerReporting@COPOSTotals@@UEAAJPEAJ@Z 000000018000ecf0 f   TotalsImpl.obj
 0001:0000dd04       ?get_CapSingleFile@COPOSTotals@@UEAAJPEAF@Z 000000018000ed04 f   TotalsImpl.obj
 0001:0000dd34       ?get_CapStatisticsReporting@COPOSTotals@@UEAAJPEAF@Z 000000018000ed34 f   TotalsImpl.obj
 0001:0000dd68       ?get_CapTransactions@COPOSTotals@@UEAAJPEAF@Z 000000018000ed68 f   TotalsImpl.obj
 0001:0000dd98       ?get_CapUpdateFirmware@COPOSTotals@@UEAAJPEAF@Z 000000018000ed98 f   TotalsImpl.obj
 0001:0000ddcc       ?get_CapUpdateStatistics@COPOSTotals@@UEAAJPEAF@Z 000000018000edcc f   TotalsImpl.obj
 0001:0000de00       ?get_CheckHealthText@COPOSTotals@@UEAAJPEAPEA_W@Z 000000018000ee00 f   TotalsImpl.obj
 0001:0000de10       ?get_Claimed@COPOSTotals@@UEAAJPEAF@Z 000000018000ee10 f   TotalsImpl.obj
 0001:0000de40       ?get_ControlObjectDescription@COPOSTotals@@UEAAJPEAPEA_W@Z 000000018000ee40 f   TotalsImpl.obj
 0001:0000dea4       ?get_ControlObjectVersion@COPOSTotals@@UEAAJPEAJ@Z 000000018000eea4 f   TotalsImpl.obj
 0001:0000deb0       ?get_DeviceDescription@COPOSTotals@@UEAAJPEAPEA_W@Z 000000018000eeb0 f   TotalsImpl.obj
 0001:0000dec0       ?get_DeviceEnabled@COPOSTotals@@UEAAJPEAF@Z 000000018000eec0 f   TotalsImpl.obj
 0001:0000def0       ?get_DeviceName@COPOSTotals@@UEAAJPEAPEA_W@Z 000000018000eef0 f   TotalsImpl.obj
 0001:0000df00       ?get_FreeData@COPOSTotals@@UEAAJPEAJ@Z 000000018000ef00 f   TotalsImpl.obj
 0001:0000df10       ?get_FreezeEvents@COPOSTotals@@UEAAJPEAF@Z 000000018000ef10 f   TotalsImpl.obj
 0001:0000df40       ?get_NumberOfFiles@COPOSTotals@@UEAAJPEAJ@Z 000000018000ef40 f   TotalsImpl.obj
 0001:0000df50       ?get_OpenResult@COPOSTotals@@UEAAJPEAJ@Z 000000018000ef50 f   TotalsImpl.obj
 0001:0000df5c       ?get_PowerNotify@COPOSTotals@@UEAAJPEAJ@Z 000000018000ef5c f   TotalsImpl.obj
 0001:0000df70       ?get_PowerState@COPOSTotals@@UEAAJPEAJ@Z 000000018000ef70 f   TotalsImpl.obj
 0001:0000df84       ?get_ResultCode@COPOSTotals@@UEAAJPEAJ@Z 000000018000ef84 f   TotalsImpl.obj
 0001:0000dfc0       ?get_ResultCodeExtended@COPOSTotals@@UEAAJPEAJ@Z 000000018000efc0 f   TotalsImpl.obj
 0001:0000dfd0       ?get_ServiceObjectDescription@COPOSTotals@@UEAAJPEAPEA_W@Z 000000018000efd0 f   TotalsImpl.obj
 0001:0000dfe0       ?get_ServiceObjectVersion@COPOSTotals@@UEAAJPEAJ@Z 000000018000efe0 f   TotalsImpl.obj
 0001:0000dff0       ?get_State@COPOSTotals@@UEAAJPEAJ@Z 000000018000eff0 f   TotalsImpl.obj
 0001:0000e01c       ?get_TotalsSize@COPOSTotals@@UEAAJPEAJ@Z 000000018000f01c f   TotalsImpl.obj
 0001:0000e02c       ?get_TransactionInProgress@COPOSTotals@@UEAAJPEAF@Z 000000018000f02c f   TotalsImpl.obj
 0001:0000e05c       ?put_BinaryConversion@COPOSTotals@@UEAAJJ@Z 000000018000f05c f   TotalsImpl.obj
 0001:0000e070       ?put_DeviceEnabled@COPOSTotals@@UEAAJF@Z 000000018000f070 f   TotalsImpl.obj
 0001:0000e088       ?put_FreezeEvents@COPOSTotals@@UEAAJF@Z 000000018000f088 f   TotalsImpl.obj
 0001:0000e0d8       ?put_PowerNotify@COPOSTotals@@UEAAJJ@Z 000000018000f0d8 f   TotalsImpl.obj
 0001:0000e0ec       ?s_EventWindowProc@COPOSTotals@@KA_JPEAUHWND__@@I_K_J@Z 000000018000f0ec f i TotalsImpl.obj
 0001:0000e168       ??_U@YAPEAX_K@Z            000000018000f168 f   LIBCMT:new_array.obj
 0001:0000e170       ??3@YAXPEAX_K@Z            000000018000f170 f   LIBCMT:delete_scalar_size.obj
 0001:0000e170       ??_V@YAXPEAX@Z             000000018000f170 f   LIBCMT:delete_array.obj
 0001:0000e178       ??_V@YAXPEAX_K@Z           000000018000f178 f   LIBCMT:delete_array_size.obj
 0001:0000e180       __scrt_acquire_startup_lock 000000018000f180 f   LIBCMT:utility.obj
 0001:0000e1bc       __scrt_dllmain_after_initialize_c 000000018000f1bc f   LIBCMT:utility.obj
 0001:0000e1f0       __scrt_dllmain_before_initialize_c 000000018000f1f0 f   LIBCMT:utility.obj
 0001:0000e208       __scrt_dllmain_crt_thread_attach 000000018000f208 f   LIBCMT:utility.obj
 0001:0000e230       __scrt_dllmain_crt_thread_detach 000000018000f230 f   LIBCMT:utility.obj
 0001:0000e248       __scrt_dllmain_exception_filter 000000018000f248 f   LIBCMT:utility.obj
 0001:0000e2a8       __scrt_dllmain_uninitialize_c 000000018000f2a8 f   LIBCMT:utility.obj
 0001:0000e2d8       __scrt_dllmain_uninitialize_critical 000000018000f2d8 f   LIBCMT:utility.obj
 0001:0000e2ec       __scrt_initialize_crt      000000018000f2ec f   LIBCMT:utility.obj
 0001:0000e338       __scrt_initialize_onexit_tables 000000018000f338 f   LIBCMT:utility.obj
 0001:0000e3c4       __scrt_is_nonwritable_in_current_image 000000018000f3c4 f   LIBCMT:utility.obj
 0001:0000e45c       __scrt_release_startup_lock 000000018000f45c f   LIBCMT:utility.obj
 0001:0000e480       __scrt_uninitialize_crt    000000018000f480 f   LIBCMT:utility.obj
 0001:0000e4ac       _onexit                    000000018000f4ac f   LIBCMT:utility.obj
 0001:0000e4e8       atexit                     000000018000f4e8 f   LIBCMT:utility.obj
 0001:0000e500       ??3@YAXPEAX@Z              000000018000f500 f   LIBCMT:delete_scalar.obj
 0001:0000e600       _Init_thread_footer        000000018000f600 f   LIBCMT:thread_safe_statics.obj
 0001:0000e660       _Init_thread_header        000000018000f660 f   LIBCMT:thread_safe_statics.obj
 0001:0000e6c8       _Init_thread_notify        000000018000f6c8 f   LIBCMT:thread_safe_statics.obj
 0001:0000e70c       _Init_thread_wait          000000018000f70c f   LIBCMT:thread_safe_statics.obj
 0001:0000e770       __raise_securityfailure    000000018000f770 f   LIBCMT:gs_report.obj
 0001:0000e7a4       __report_gsfailure         000000018000f7a4 f   LIBCMT:gs_report.obj
 0001:0000e878       __report_rangecheckfailure 000000018000f878 f   LIBCMT:gs_report.obj
 0001:0000e88c       __report_securityfailure   000000018000f88c f   LIBCMT:gs_report.obj
 0001:0000ea0c       ??2@YAPEAX_KAEBUnothrow_t@std@@@Z 000000018000fa0c f   LIBCMT:new_scalar_nothrow.obj
 0001:0000ea2c       ??_U@YAPEAX_KAEBUnothrow_t@std@@@Z 000000018000fa2c f   LIBCMT:new_array_nothrow.obj
 0001:0000ea34       __GSHandlerCheck           000000018000fa34 f   LIBCMT:gshandler.obj
 0001:0000ea54       __GSHandlerCheckCommon     000000018000fa54 f   LIBCMT:gshandler.obj
 0001:0000eab0       __GSHandlerCheck_SEH       000000018000fab0 f   LIBCMT:gshandlerseh.obj
 0001:0000eb50       _alloca_probe              000000018000fb50 f   LIBCMT:chkstk.obj
 0001:0000eb50       __chkstk                   000000018000fb50 f   LIBCMT:chkstk.obj
 0001:0000ebc0       __security_check_cookie    000000018000fbc0 f   LIBCMT:amdsecgs.obj
 0001:0000ef04       _DllMainCRTStartup         000000018000ff04 f   LIBCMT:dll_dllmain.obj
 0001:0000ef44       ??2@YAPEAX_K@Z             000000018000ff44 f   LIBCMT:new_scalar.obj
 0001:0000ef80       __isa_available_init       000000018000ff80 f   LIBCMT:cpu_disp.obj
 0001:0000f0fc       __scrt_is_ucrt_dll_in_use  00000001800100fc f   LIBCMT:ucrt_detection.obj
 0001:0000f108       __crt_debugger_hook        0000000180010108 f   LIBCMT:utility_desktop.obj
 0001:0000f110       __scrt_fastfail            0000000180010110 f   LIBCMT:utility_desktop.obj
 0001:0000f25c       __security_init_cookie     000000018001025c f   LIBCMT:gs_support.obj
 0001:0000f308       ?__scrt_initialize_type_info@@YAXXZ 0000000180010308 f   LIBCMT:tncleanup.obj
 0001:0000f318       ?__scrt_uninitialize_type_info@@YAXXZ 0000000180010318 f   LIBCMT:tncleanup.obj
 0001:0000f324       __local_stdio_scanf_options 0000000180010324 f i LIBCMT:default_local_stdio_options.obj
 0001:0000f32c       __scrt_initialize_default_local_stdio_options 000000018001032c f   LIBCMT:default_local_stdio_options.obj
 0001:0000f348       __scrt_get_dyn_tls_init_callback 0000000180010348 f   LIBCMT:dyn_tls_init.obj
 0001:0000f350       _RTC_Initialize            0000000180010350 f   LIBCMT:initsect.obj
 0001:0000f38c       _RTC_Terminate             000000018001038c f   LIBCMT:initsect.obj
 0001:0000f3c8       ??0bad_alloc@std@@QEAA@AEBV01@@Z 00000001800103c8 f i LIBCMT:throw_bad_alloc.obj
 0001:0000f404       ??0bad_alloc@std@@QEAA@XZ  0000000180010404 f i LIBCMT:throw_bad_alloc.obj
 0001:0000f424       ??0bad_array_new_length@std@@QEAA@AEBV01@@Z 0000000180010424 f i LIBCMT:throw_bad_alloc.obj
 0001:0000f460       ??0bad_array_new_length@std@@QEAA@XZ 0000000180010460 f i LIBCMT:throw_bad_alloc.obj
 0001:0000f480       ??0exception@std@@QEAA@AEBV01@@Z 0000000180010480 f i LIBCMT:throw_bad_alloc.obj
 0001:0000f4b4       ??1bad_exception@std@@UEAA@XZ 00000001800104b4 f i libvcruntime:frame.obj
 0001:0000f4b4       ??1bad_array_new_length@std@@UEAA@XZ 00000001800104b4 f i LIBCMT:throw_bad_alloc.obj
 0001:0000f4b4       ??1bad_alloc@std@@UEAA@XZ  00000001800104b4 f i LIBCMT:throw_bad_alloc.obj
 0001:0000f4c8       ??_Gexception@std@@UEAAPEAXI@Z 00000001800104c8 f i LIBCMT:throw_bad_alloc.obj
 0001:0000f4c8       ??_Ebad_array_new_length@std@@UEAAPEAXI@Z 00000001800104c8 f i LIBCMT:throw_bad_alloc.obj
 0001:0000f4c8       ??_Gbad_alloc@std@@UEAAPEAXI@Z 00000001800104c8 f i LIBCMT:throw_bad_alloc.obj
 0001:0000f4c8       ??_Ebad_alloc@std@@UEAAPEAXI@Z 00000001800104c8 f i LIBCMT:throw_bad_alloc.obj
 0001:0000f4c8       ??_Ebad_exception@std@@UEAAPEAXI@Z 00000001800104c8 f i libvcruntime:frame.obj
 0001:0000f4c8       ??_Gbad_array_new_length@std@@UEAAPEAXI@Z 00000001800104c8 f i LIBCMT:throw_bad_alloc.obj
 0001:0000f4c8       ??_Gbad_exception@std@@UEAAPEAXI@Z 00000001800104c8 f i libvcruntime:frame.obj
 0001:0000f4c8       ??_Eexception@std@@UEAAPEAXI@Z 00000001800104c8 f i LIBCMT:throw_bad_alloc.obj
 0001:0000f50c       ?__scrt_throw_std_bad_alloc@@YAXXZ 000000018001050c f   LIBCMT:throw_bad_alloc.obj
 0001:0000f52c       ?__scrt_throw_std_bad_array_new_length@@YAXXZ 000000018001052c f   LIBCMT:throw_bad_alloc.obj
 0001:0000f54c       ?what@exception@std@@UEBAPEBDXZ 000000018001054c f i LIBCMT:throw_bad_alloc.obj
 0001:0000f560       ??_Etype_info@@UEAAPEAXI@Z 0000000180010560 f i LIBCMT:std_type_info_static.obj
 0001:0000f560       ??_Gtype_info@@UEAAPEAXI@Z 0000000180010560 f i LIBCMT:std_type_info_static.obj
 0001:0000f58c       ??0CAtlBaseModule@ATL@@QEAA@XZ 000000018001058c f   atls:atlbase.obj
 0001:0000f634       ??1CAtlBaseModule@ATL@@QEAA@XZ 0000000180010634 f   atls:atlbase.obj
 0001:0000f768       ?__AllocStdCallThunk_cmn@@YAPEAXXZ 0000000180010768 f   atls:atlthunk.obj
 0001:0000f8c0       AtlThunk_AllocateData      00000001800108c0 f   atls:atlthunk.obj
 0001:0000f93c       AtlThunk_DataToCode        000000018001093c f   atls:atlthunk.obj
 0001:0000f990       AtlThunk_FreeData          0000000180010990 f   atls:atlthunk.obj
 0001:0000f9f0       AtlThunk_InitData          00000001800109f0 f   atls:atlthunk.obj
 0001:0000fa98       _purecall                  0000000180010a98 f   libvcruntime:purevirt.obj
 0001:0000fab4       wcsstr                     0000000180010ab4 f   libvcruntime:wcsstr.obj
 0001:0000fce0       memcmp                     0000000180010ce0 f   libvcruntime:memcmp.obj
 0001:0000fdc0       memcpy_repmovs             0000000180010dc0 f   libvcruntime:memcpy.obj
 0001:0000fde0       memcpy                     0000000180010de0 f   libvcruntime:memcpy.obj
 0001:0000fde0       memmove                    0000000180010de0 f   libvcruntime:memcpy.obj
 0001:000101d0       memset_repmovs             00000001800111d0 f   libvcruntime:memset.obj
 0001:000101f0       memset                     00000001800111f0 f   libvcruntime:memset.obj
 0001:00010380       __vcrt_initialize          0000000180011380 f   libvcruntime:initialization.obj
 0001:000103a8       __vcrt_thread_attach       00000001800113a8 f   libvcruntime:initialization.obj
 0001:000103bc       __vcrt_thread_detach       00000001800113bc f   libvcruntime:initialization.obj
 0001:000103d0       __vcrt_uninitialize        00000001800113d0 f   libvcruntime:initialization.obj
 0001:000103ec       __vcrt_uninitialize_critical 00000001800113ec f   libvcruntime:initialization.obj
 0001:000103fc       __C_specific_handler       00000001800113fc f   libvcruntime:riscchandler.obj
 0001:00010608       ??$_CallSETranslator@V__FrameHandler3@@@@YAHPEAUEHExceptionRecord@@PEA_KPEAU_CONTEXT@@PEAU_xDISPATCHER_CONTEXT@@PEBU_s_FuncInfo@@K1@Z 0000000180011608 f i libvcruntime:risctrnsctrl.obj
 0001:0001065c       ?CatchTryBlock@__FrameHandler3@@SAPEBU_s_TryBlockMapEntry@@PEBU_s_FuncInfo@@H@Z 000000018001165c f   libvcruntime:risctrnsctrl.obj
 0001:000106b0       ?ExecutionInCatch@__FrameHandler3@@SA_NPEAU_xDISPATCHER_CONTEXT@@PEBU_s_FuncInfo@@@Z 00000001800116b0 f   libvcruntime:risctrnsctrl.obj
 0001:000106dc       ?FrameUnwindToEmptyState@__FrameHandler3@@SAXPEA_KPEAU_xDISPATCHER_CONTEXT@@PEBU_s_FuncInfo@@@Z 00000001800116dc f   libvcruntime:risctrnsctrl.obj
 0001:00010740       ?GetEstablisherFrame@__FrameHandler3@@SAPEA_KPEA_KPEAU_xDISPATCHER_CONTEXT@@PEBU_s_FuncInfo@@0@Z 0000000180011740 f   libvcruntime:risctrnsctrl.obj
 0001:0001080c       ?GetRangeOfTrysToCheck@__FrameHandler3@@SA?AU?$pair@Viterator@TryBlockMap@__FrameHandler3@@V123@@std@@AEAVTryBlockMap@1@HPEAU_xDISPATCHER_CONTEXT@@PEBU_s_FuncInfo@@H@Z 000000018001180c f   libvcruntime:risctrnsctrl.obj
 0001:0001094c       ?UnwindNestedFrames@__FrameHandler3@@SAXPEA_KPEAUEHExceptionRecord@@PEAU_CONTEXT@@0PEAXPEBU_s_FuncInfo@@HHPEBU_s_HandlerType@@PEAU_xDISPATCHER_CONTEXT@@E@Z 000000018001194c f   libvcruntime:risctrnsctrl.obj
 0001:00010a70       _CreateFrameInfo           0000000180011a70 f   libvcruntime:risctrnsctrl.obj
 0001:00010aac       _FindAndUnlinkFrame        0000000180011aac f   libvcruntime:risctrnsctrl.obj
 0001:00010b00       _GetImageBase              0000000180011b00 f   libvcruntime:risctrnsctrl.obj
 0001:00010b14       _GetThrowImageBase         0000000180011b14 f   libvcruntime:risctrnsctrl.obj
 0001:00010b28       _SetImageBase              0000000180011b28 f   libvcruntime:risctrnsctrl.obj
 0001:00010b40       _SetThrowImageBase         0000000180011b40 f   libvcruntime:risctrnsctrl.obj
 0001:00010b58       __CxxFrameHandler3         0000000180011b58 f   libvcruntime:risctrnsctrl.obj
 0001:00010be0       __std_type_info_compare    0000000180011be0 f   libvcruntime:std_type_info.obj
 0001:00010c08       __std_type_info_destroy_list 0000000180011c08 f   libvcruntime:std_type_info.obj
 0001:00010c34       __std_exception_copy       0000000180011c34 f   libvcruntime:std_exception.obj
 0001:00010cc4       __std_exception_destroy    0000000180011cc4 f   libvcruntime:std_exception.obj
 0001:00010cec       _CxxThrowException         0000000180011cec f   libvcruntime:throw.obj
 0001:00010dac       __vcrt_freefls             0000000180011dac f   libvcruntime:per_thread_data.obj
 0001:00010dcc       __vcrt_freeptd             0000000180011dcc f   libvcruntime:per_thread_data.obj
 0001:00010e1c       __vcrt_getptd              0000000180011e1c f   libvcruntime:per_thread_data.obj
 0001:00010e38       __vcrt_getptd_noexit       0000000180011e38 f   libvcruntime:per_thread_data.obj
 0001:00010ef8       __vcrt_initialize_ptd      0000000180011ef8 f   libvcruntime:per_thread_data.obj
 0001:00010f40       __vcrt_uninitialize_ptd    0000000180011f40 f   libvcruntime:per_thread_data.obj
 0001:00010f64       __vcrt_initialize_locks    0000000180011f64 f   libvcruntime:locks.obj
 0001:00010f98       __vcrt_uninitialize_locks  0000000180011f98 f   libvcruntime:locks.obj
 0001:00010fe0       _NLG_Notify                0000000180011fe0 f   libvcruntime:notify.obj
 0001:00011000       __NLG_Dispatch2            0000000180012000 f   libvcruntime:notify.obj
 0001:00011010       __NLG_Return2              0000000180012010 f   libvcruntime:notify.obj
 0001:00011014       __except_validate_context_record 0000000180012014 f   libvcruntime:jbcxrval.obj
[...]
 0004:000017f4       $pdata$__acrt_SetThreadStackGuarantee 00000001800347f4     libucrt:winapi_thunks.obj
 0004:00001800       $pdata$?try_get_function@@YAPEAXW4function_id@?A0x391cf84c@@QEBDQEBW4module_id@2@2@Z 0000000180034800     libucrt:winapi_thunks.obj
 0004:0000180c       $pdata$wcstol              000000018003480c     libucrt:strtox.obj
 0004:00001818       $pdata$_mbtowc_l           0000000180034818     libucrt:mbtowc.obj
 0004:00001824       $pdata$__acrt_update_locale_info 0000000180034824     libucrt:locale_update.obj
 0004:00001830       $pdata$__acrt_update_multibyte_info 0000000180034830     libucrt:locale_update.obj
 0004:0000183c       $pdata$__acrt_fp_format    000000018003483c     libucrt:cvt.obj
 0004:00001848       $pdata$?fp_format_e_internal@@YAHQEAD_KH_NIQEAU_strflt@@2QEAU__crt_locale_pointers@@@Z 0000000180034848     libucrt:cvt.obj
 0004:00001854       $pdata$?fp_format_e@@YAHQEBNQEAD_K12H_NIQEAU__crt_locale_pointers@@@Z 0000000180034854     libucrt:cvt.obj
 0004:00001860       $pdata$?fp_format_a@@YAHQEBNPEAD_KQEAD2H_NIQEAU__crt_locale_pointers@@@Z 0000000180034860     libucrt:cvt.obj
 0004:0000186c       $pdata$?fp_format_f_internal@@YAHQEAD_KHQEAU_strflt@@_NQEAU__crt_locale_pointers@@@Z 000000018003486c     libucrt:cvt.obj
 0004:00001878       $pdata$?fp_format_g@@YAHQEBNQEAD_K12H_NIQEAU__crt_locale_pointers@@@Z 0000000180034878     libucrt:cvt.obj
 0004:00001884       $pdata$_fileno             0000000180034884     libucrt:fileno.obj
 0004:00001890       $pdata$__acrt_initialize_stdio 0000000180034890     libucrt:_file.obj
 0004:0000189c       $pdata$__acrt_uninitialize_stdio 000000018003489c     libucrt:_file.obj
 0004:000018a8       $pdata$__acrt_uninitialize_locale 00000001800348a8     libucrt:wsetlocale.obj
 0004:000018b4       $pdata$??$?RV<lambda_410d79af7f07d98d83a3f525b3859a53>@@AEAV<lambda_3e16ef9562a7dcce91392c22ab16ea36>@@V<lambda_38119f0e861e05405d8a144b9b982f0a>@@@?$__crt_seh_guarded_call@X@@QEAAX$$QEAV<lambda_410d79af7f07d98d83a3f525b3859a53>@@AEAV<lambda_3e16ef9562a7dcce91392c22ab16ea36>@@$$QEAV<lambda_38119f0e861e05405d8a144b9b982f0a>@@@Z 00000001800348b4     libucrt:wsetlocale.obj
 0004:000018c0       $pdata$?fin$0@?0???$?RV<lambda_410d79af7f07d98d83a3f525b3859a53>@@AEAV<lambda_3e16ef9562a7dcce91392c22ab16ea36>@@V<lambda_38119f0e861e05405d8a144b9b982f0a>@@@?$__crt_seh_guarded_call@X@@QEAAX$$QEAV<lambda_410d79af7f07d98d83a3f525b3859a53>@@AEAV<lambda_3e16ef9562a7dcce91392c22ab16ea36>@@$$QEAV<lambda_38119f0e861e05405d8a144b9b982f0a>@@@Z@4HA 00000001800348c0     libucrt:wsetlocale.obj
 0004:000018cc       $pdata$__acrt_initialize_lowio 00000001800348cc     libucrt:ioinit.obj
 0004:000018d8       $pdata$__acrt_initialize_lowio$fin$0 00000001800348d8     libucrt:ioinit.obj
 0004:000018d8       $pdata$__acrt_lowio_ensure_fh_exists$fin$0 00000001800348d8     libucrt:osfinfo.obj
 0004:000018e4       $pdata$__acrt_uninitialize_lowio 00000001800348e4     libucrt:ioinit.obj
 0004:000018f0       $pdata$?initialize_inherited_file_handles_nolock@@YAXXZ 00000001800348f0     libucrt:ioinit.obj
 0004:000018fc       $pdata$?initialize_stdio_handles_nolock@@YAXXZ 00000001800348fc     libucrt:ioinit.obj
 0004:00001908       $pdata$__acrt_initialize_locks 0000000180034908     libucrt:locks.obj
 0004:00001914       $pdata$__acrt_uninitialize_locks 0000000180034914     libucrt:locks.obj
 0004:00001920       $pdata$__acrt_get_process_end_policy 0000000180034920     libucrt:win_policies.obj
 0004:0000192c       $pdata$??$__acrt_mbs_to_wcs_cp@U__crt_win32_buffer_internal_dynamic_resizing@@@@YAHQEBDAEAV?$__crt_win32_buffer@_WU__crt_win32_buffer_internal_dynamic_resizing@@@@I@Z 000000018003492c     libucrt:argv_wildcards.obj
 0004:00001938       $pdata$??$__acrt_wcs_to_mbs_cp@U__crt_win32_buffer_internal_dynamic_resizing@@@@YAHQEB_WAEAV?$__crt_win32_buffer@DU__crt_win32_buffer_internal_dynamic_resizing@@@@I@Z 0000000180034938     libucrt:argv_wildcards.obj
 0004:00001944       $pdata$??$common_expand_argv_wildcards@D@@YAHQEAPEADQEAPEAPEAD@Z 0000000180034944     libucrt:argv_wildcards.obj
 0004:00001950       $pdata$??$copy_and_add_argument_to_buffer@D@@YAHQEBD0_KAEAV?$argument_list@D@?A0x5f5c8891@@@Z 0000000180034950     libucrt:argv_wildcards.obj
 0004:0000195c       $pdata$??$expand_argument_wildcards@D@@YAHQEAD0AEAV?$argument_list@D@?A0x5f5c8891@@@Z 000000018003495c     libucrt:argv_wildcards.obj
 0004:00001968       $pdata$__acrt_GetModuleFileNameA 0000000180034968     libucrt:getmodulefilenamea.obj
 0004:00001974       $pdata$??$__acrt_wcs_to_mbs_cp@U__crt_win32_buffer_no_resizing@@@@YAHQEB_WAEAV?$__crt_win32_buffer@DU__crt_win32_buffer_no_resizing@@@@I@Z 0000000180034974     libucrt:getmodulefilenamea.obj
 0004:00001980       $pdata$__acrt_update_thread_multibyte_data 0000000180034980     libucrt:mbctype.obj
 0004:0000198c       $pdata$__acrt_initialize_multibyte 000000018003498c     libucrt:mbctype.obj
 0004:00001998       $pdata$_setmbcp_nolock     0000000180034998     libucrt:mbctype.obj
 0004:000019a4       $pdata$?getSystemCP@@YAHH@Z 00000001800349a4     libucrt:mbctype.obj
 0004:000019b0       $pdata$?setSBCS@@YAXPEAU__crt_multibyte_data@@@Z 00000001800349b0     libucrt:mbctype.obj
 0004:000019bc       $pdata$?update_thread_multibyte_data_internal@@YAPEAU__crt_multibyte_data@@QEAU__acrt_ptd@@QEAPEAU1@@Z 00000001800349bc     libucrt:mbctype.obj
 0004:000019c8       $pdata$?fin$0@?0??update_thread_multibyte_data_internal@@YAPEAU__crt_multibyte_data@@QEAU__acrt_ptd@@QEAPEAU1@@Z@4HA 00000001800349c8     libucrt:mbctype.obj
 0004:000019d4       $pdata$?setmbcp_internal@@YAHH_NQEAU__acrt_ptd@@QEAPEAU__crt_multibyte_data@@@Z 00000001800349d4     libucrt:mbctype.obj
 0004:000019e0       $pdata$?setSBUpLow@@YAXPEAU__crt_multibyte_data@@@Z 00000001800349e0     libucrt:mbctype.obj
 0004:000019ec       $pdata$??$?RV<lambda_efdfa57d1f175319df784efa44bb7b81>@@AEAV<lambda_5f0a4c1567f8adc6734073e5d1e1b35c>@@V<lambda_2e8a7d3640ea6ccb4c2413664c2db6fd>@@@?$__crt_seh_guarded_call@X@@QEAAX$$QEAV<lambda_efdfa57d1f175319df784efa44bb7b81>@@AEAV<lambda_5f0a4c1567f8adc6734073e5d1e1b35c>@@$$QEAV<lambda_2e8a7d3640ea6ccb4c2413664c2db6fd>@@@Z 00000001800349ec     libucrt:mbctype.obj
 0004:000019f8       $pdata$?x_ismbbtype_l@@YAHPEAU__crt_locale_pointers@@IHH@Z 00000001800349f8     libucrt:ismbbyte.obj
 0004:00001a04       $pdata$__acrt_initialize_command_line 0000000180034a04     libucrt:argv_data.obj
 0004:00001a10       $pdata$__acrt_WideCharToMultiByte 0000000180034a10     libucrt:widechartomultibyte.obj
 0004:00001a1c       $pdata$__dcrt_get_narrow_environment_from_os 0000000180034a1c     libucrt:get_environment_from_os.obj
 0004:00001a28       $pdata$__acrt_initialize_heap 0000000180034a28     libucrt:heap_handle.obj
 0004:00001a34       $pdata$__acrt_execute_initializers 0000000180034a34     libucrt:shared_initialization.obj
 0004:00001a40       $pdata$__acrt_execute_uninitializers 0000000180034a40     libucrt:shared_initialization.obj
 0004:00001a4c       $pdata$__acrt_get_sigabrt_handler 0000000180034a4c     libucrt:signal.obj
 0004:00001a58       $pdata$raise               0000000180034a58     libucrt:signal.obj
 0004:00001a64       $pdata$raise$fin$0         0000000180034a64     libucrt:signal.obj
 0004:00001a70       $pdata$??$?RV<lambda_450d765d439847d4c735a33c368b5fc0>@@AEAV<lambda_44731a7d0e6d81c3e6aa82d741081786>@@V<lambda_601a2a7da3b7a96e9554ac7215c4b07c>@@@?$__crt_seh_guarded_call@P6AXH@Z@@QEAAP6AXH@Z$$QEAV<lambda_450d765d439847d4c735a33c368b5fc0>@@AEAV<lambda_44731a7d0e6d81c3e6aa82d741081786>@@$$QEAV<lambda_601a2a7da3b7a96e9554ac7215c4b07c>@@@Z 0000000180034a70     libucrt:signal.obj
 0004:00001a7c       $pdata$_fflush_nolock      0000000180034a7c     libucrt:fflush.obj
 0004:00001a88       $pdata$__acrt_stdio_flush_nolock 0000000180034a88     libucrt:fflush.obj
 0004:00001a94       $pdata$?common_flush_all@@YAH_N@Z 0000000180034a94     libucrt:fflush.obj
 0004:00001aa0       $pdata$??$?RV<lambda_842d9ff0dc9ef11c61343bbaebe7f885>@@AEAV<lambda_c5860995281e5c4ce005b3de8f5874ee>@@V<lambda_d90129c13df834fdcbf8d2b88dafcf2d>@@@?$__crt_seh_guarded_call@X@@QEAAX$$QEAV<lambda_842d9ff0dc9ef11c61343bbaebe7f885>@@AEAV<lambda_c5860995281e5c4ce005b3de8f5874ee>@@$$QEAV<lambda_d90129c13df834fdcbf8d2b88dafcf2d>@@@Z 0000000180034aa0     libucrt:fflush.obj
 0004:00001aac       $pdata$?fin$0@?0???$?RV<lambda_842d9ff0dc9ef11c61343bbaebe7f885>@@AEAV<lambda_c5860995281e5c4ce005b3de8f5874ee>@@V<lambda_d90129c13df834fdcbf8d2b88dafcf2d>@@@?$__crt_seh_guarded_call@X@@QEAAX$$QEAV<lambda_842d9ff0dc9ef11c61343bbaebe7f885>@@AEAV<lambda_c5860995281e5c4ce005b3de8f5874ee>@@$$QEAV<lambda_d90129c13df834fdcbf8d2b88dafcf2d>@@@Z@4HA 0000000180034aac     libucrt:fflush.obj
 0004:00001ab8       $pdata$??$?RV<lambda_886d6c58226a84441f68b9f2b8217b83>@@AEAV<lambda_ab61a845afdef5b7c387490eaf3616ee>@@V<lambda_f7f22ab5edc0698d5f6905b0d3f44752>@@@?$__crt_seh_guarded_call@X@@QEAAX$$QEAV<lambda_886d6c58226a84441f68b9f2b8217b83>@@AEAV<lambda_ab61a845afdef5b7c387490eaf3616ee>@@$$QEAV<lambda_f7f22ab5edc0698d5f6905b0d3f44752>@@@Z 0000000180034ab8     libucrt:fflush.obj
 0004:00001ac4       $pdata$?fin$0@?0???$?RV<lambda_886d6c58226a84441f68b9f2b8217b83>@@AEAV<lambda_ab61a845afdef5b7c387490eaf3616ee>@@V<lambda_f7f22ab5edc0698d5f6905b0d3f44752>@@@?$__crt_seh_guarded_call@X@@QEAAX$$QEAV<lambda_886d6c58226a84441f68b9f2b8217b83>@@AEAV<lambda_ab61a845afdef5b7c387490eaf3616ee>@@$$QEAV<lambda_f7f22ab5edc0698d5f6905b0d3f44752>@@@Z@4HA 0000000180034ac4     libucrt:fflush.obj
 0004:00001ad0       $pdata$__pctype_func       0000000180034ad0     libucrt:ctype.obj
 0004:00001adc       $pdata$iswctype            0000000180034adc     libucrt:iswctype.obj
 0004:00001ae8       $pdata$__acrt_release_locale_ref 0000000180034ae8     libucrt:locale_refcounting.obj
 0004:00001af4       $pdata$__acrt_free_locale  0000000180034af4     libucrt:locale_refcounting.obj
 0004:00001b00       $pdata$__acrt_locale_free_lc_time_if_unreferenced 0000000180034b00     libucrt:locale_refcounting.obj
 0004:00001b0c       $pdata$__acrt_update_thread_locale_data 0000000180034b0c     libucrt:locale_refcounting.obj
 0004:00001b18       $pdata$__acrt_update_thread_locale_data$fin$0 0000000180034b18     libucrt:locale_refcounting.obj
 0004:00001b24       $pdata$_updatetlocinfoEx_nolock 0000000180034b24     libucrt:locale_refcounting.obj
 0004:00001b30       $pdata$__acrt_DownlevelLocaleNameToLCID 0000000180034b30     libucrt:lcidtoname_downlevel.obj
 0004:00001b3c       $pdata$_isleadbyte_l       0000000180034b3c     libucrt:_wctype.obj
 0004:00001b48       $pdata$?__mbrtowc_utf8@__crt_mbstring@@YA_KPEA_WPEBD_KPEAU_Mbstatet@@@Z 0000000180034b48     libucrt:mbrtowc.obj
 0004:00001b54       $pdata$?__mbsrtowcs_utf8@__crt_mbstring@@YA_KPEA_WPEAPEBD_KPEAU_Mbstatet@@@Z 0000000180034b54     libucrt:mbrtowc.obj
 0004:00001b60       $pdata$__acrt_fp_strflt_to_string 0000000180034b60     libucrt:_fptostr.obj
 0004:00001b6c       $pdata$__acrt_fltout       0000000180034b6c     libucrt:cfout.obj
 0004:00001b78       $pdata$?divide@__crt_strtox@@YA_KAEAUbig_integer@1@AEBU21@@Z 0000000180034b78     libucrt:cfout.obj
 0004:00001b84       $pdata$0$?divide@__crt_strtox@@YA_KAEAUbig_integer@1@AEBU21@@Z 0000000180034b84     libucrt:cfout.obj
 0004:00001b90       $pdata$1$?divide@__crt_strtox@@YA_KAEAUbig_integer@1@AEBU21@@Z 0000000180034b90     libucrt:cfout.obj
 0004:00001b9c       $pdata$_fcloseall          0000000180034b9c     libucrt:closeall.obj
 0004:00001ba8       $pdata$_fcloseall$fin$0    0000000180034ba8     libucrt:closeall.obj
 0004:00001bb4       $pdata$__acrt_stdio_free_buffer_nolock 0000000180034bb4     libucrt:_freebuf.obj
 0004:00001bc0       $pdata$_isatty             0000000180034bc0     libucrt:isatty.obj
 0004:00001bcc       $pdata$__acrt_locale_free_monetary 0000000180034bcc     libucrt:initmon.obj
 0004:00001bd8       $pdata$__acrt_locale_free_numeric 0000000180034bd8     libucrt:initnum.obj
 0004:00001be4       $pdata$__acrt_locale_free_time 0000000180034be4     libucrt:inittime.obj
 0004:00001bf0       $pdata$?free_crt_array_internal@@YAXQEAPEBX_K@Z 0000000180034bf0     libucrt:inittime.obj
 0004:00001bfc       $pdata$__acrt_GetStringTypeA 0000000180034bfc     libucrt:getstringtypea.obj
 0004:00001c08       $pdata$_get_osfhandle      0000000180034c08     libucrt:osfinfo.obj
 0004:00001c14       $pdata$_free_osfhnd        0000000180034c14     libucrt:osfinfo.obj
 0004:00001c20       $pdata$__acrt_lowio_create_handle_array 0000000180034c20     libucrt:osfinfo.obj
 0004:00001c2c       $pdata$__acrt_lowio_destroy_handle_array 0000000180034c2c     libucrt:osfinfo.obj
 0004:00001c38       $pdata$__acrt_lowio_ensure_fh_exists 0000000180034c38     libucrt:osfinfo.obj
 0004:00001c44       $pdata$qsort               0000000180034c44     libucrt:qsort.obj
 0004:00001c50       $pdata$4$qsort             0000000180034c50     libucrt:qsort.obj
 0004:00001c5c       $pdata$5$qsort             0000000180034c5c     libucrt:qsort.obj
 0004:00001c68       $pdata$strncpy_s           0000000180034c68     libucrt:strncpy_s.obj
 0004:00001c74       $pdata$strpbrk             0000000180034c74     libucrt:strpbrk.obj
 0004:00001c80       $pdata$fallbackMethod      0000000180034c80     libucrt:strpbrk.obj
 0004:00001c8c       $pdata$_mbsdec_l           0000000180034c8c     libucrt:mbsdec.obj
 0004:00001c98       $pdata$__acrt_LCMapStringA 0000000180034c98     libucrt:lcmapstringa.obj
 0004:00001ca4       $pdata$?__acrt_LCMapStringA_stat@@YAHPEAU__crt_locale_pointers@@PEB_WKPEBDHPEADHHH@Z 0000000180034ca4     libucrt:lcmapstringa.obj
 0004:00001cb0       $pdata$?initialize_multibyte@@YAHXZ 0000000180034cb0     libucrt:multibyte_initializer.obj
 0004:00001cbc       $pdata$_commit             0000000180034cbc     libucrt:commit.obj
 0004:00001cc8       $pdata$??$?RV<lambda_a37b2b86f63e897a80ea819b0eb08c01>@@AEAV<lambda_38ce7e780aa69e748d6df282ebc68efe>@@V<lambda_99fb1378e971ab6e7edea83e3a7a83a2>@@@?$__crt_seh_guarded_call@H@@QEAAH$$QEAV<lambda_a37b2b86f63e897a80ea819b0eb08c01>@@AEAV<lambda_38ce7e780aa69e748d6df282ebc68efe>@@$$QEAV<lambda_99fb1378e971ab6e7edea83e3a7a83a2>@@@Z 0000000180034cc8     libucrt:commit.obj
 0004:00001cd4       $pdata$?fin$0@?0???$?RV<lambda_751a882b2c74d4b022dec766aa51a29a>@@AEAV<lambda_628dfdc04ba53c8bfc02c9951375f3f5>@@V<lambda_f6c7be5f7998530c34de24c7437d6b54>@@@?$__crt_seh_guarded_call@H@@QEAAH$$QEAV<lambda_751a882b2c74d4b022dec766aa51a29a>@@AEAV<lambda_628dfdc04ba53c8bfc02c9951375f3f5>@@$$QEAV<lambda_f6c7be5f7998530c34de24c7437d6b54>@@@Z@4HA 0000000180034cd4     libucrt:close.obj
 0004:00001cd4       $pdata$?fin$0@?0???$?RV<lambda_a37b2b86f63e897a80ea819b0eb08c01>@@AEAV<lambda_38ce7e780aa69e748d6df282ebc68efe>@@V<lambda_99fb1378e971ab6e7edea83e3a7a83a2>@@@?$__crt_seh_guarded_call@H@@QEAAH$$QEAV<lambda_a37b2b86f63e897a80ea819b0eb08c01>@@AEAV<lambda_38ce7e780aa69e748d6df282ebc68efe>@@$$QEAV<lambda_99fb1378e971ab6e7edea83e3a7a83a2>@@@Z@4HA 0000000180034cd4     libucrt:commit.obj
 0004:00001ce0       $pdata$_write              0000000180034ce0     libucrt:write.obj
 0004:00001cec       $pdata$_write$fin$0        0000000180034cec     libucrt:write.obj
 0004:00001cf8       $pdata$_write_nolock       0000000180034cf8     libucrt:write.obj
 0004:00001d04       $pdata$?write_double_translated_ansi_nolock@@YA?AUwrite_result@?A0x17268360@@HQEBDI@Z 0000000180034d04     libucrt:write.obj
 0004:00001d10       $pdata$?write_text_ansi_nolock@@YA?AUwrite_result@?A0x17268360@@HQEBDI@Z 0000000180034d10     libucrt:write.obj
 0004:00001d1c       $pdata$?write_text_utf16le_nolock@@YA?AUwrite_result@?A0x17268360@@HQEBDI@Z 0000000180034d1c     libucrt:write.obj
 0004:00001d28       $pdata$?write_text_utf8_nolock@@YA?AUwrite_result@?A0x17268360@@HQEBDI@Z 0000000180034d28     libucrt:write.obj
 0004:00001d34       $pdata$?__mbrtoc32_utf8@__crt_mbstring@@YA_KPEA_UPEBD_KPEAU_Mbstatet@@@Z 0000000180034d34     libucrt:mbrtoc32.obj
 0004:00001d40       $pdata$fegetenv            0000000180034d40     libucrt:fegetenv.obj
 0004:00001d4c       $pdata$fesetenv            0000000180034d4c     libucrt:fesetenv.obj
 0004:00001d58       $pdata$feholdexcept        0000000180034d58     libucrt:feholdexcept.obj
 0004:00001d70       $pdata$??$common_lseek_nolock@_J@@YA_JH_JH@Z 0000000180034d70     libucrt:lseek.obj
 0004:00001d7c       $pdata$fclose              0000000180034d7c     libucrt:fclose.obj
 0004:00001d88       $pdata$fclose$fin$0        0000000180034d88     libucrt:fclose.obj
 0004:00001d94       $pdata$_fclose_nolock      0000000180034d94     libucrt:fclose.obj
 0004:00001da0       $pdata$_putwch_nolock      0000000180034da0     libucrt:putwch.obj
 0004:00001dac       $pdata$__acrt_fenv_set_control 0000000180034dac     libucrt:_fenvutils.obj
 0004:00001db8       $pdata$_clearfp            0000000180034db8     libucrt:ieee.obj
 0004:00001dc4       $pdata$_call_matherr       0000000180034dc4     libucrt:libm_error.obj
 0004:00001dd0       $pdata$_exception_enabled  0000000180034dd0     libucrt:libm_error.obj
 0004:00001ddc       $pdata$_handle_error       0000000180034ddc     libucrt:libm_error.obj
 0004:00001de8       $pdata$__acrt_initialize_fma3 0000000180034de8     libucrt:fma3_available.obj
 0004:00001df4       $pdata$_log_special_common 0000000180034df4     libucrt:log_special.obj
 0004:00001e00       $pdata$_log10_special      0000000180034e00     libucrt:log_special.obj
 0004:00001e0c       $pdata$_close              0000000180034e0c     libucrt:close.obj
 0004:00001e18       $pdata$_close_nolock       0000000180034e18     libucrt:close.obj
 0004:00001e24       $pdata$??$?RV<lambda_751a882b2c74d4b022dec766aa51a29a>@@AEAV<lambda_628dfdc04ba53c8bfc02c9951375f3f5>@@V<lambda_f6c7be5f7998530c34de24c7437d6b54>@@@?$__crt_seh_guarded_call@H@@QEAAH$$QEAV<lambda_751a882b2c74d4b022dec766aa51a29a>@@AEAV<lambda_628dfdc04ba53c8bfc02c9951375f3f5>@@$$QEAV<lambda_f6c7be5f7998530c34de24c7437d6b54>@@@Z 0000000180034e24     libucrt:close.obj
 0004:00001e30       $pdata$__dcrt_lowio_ensure_console_output_initialized 0000000180034e30     libucrt:initcon.obj
 0004:00001e3c       $pdata$__dcrt_write_console 0000000180034e3c     libucrt:initcon.obj
 0004:00001e48       $pdata$__dcrt_terminate_console_output 0000000180034e48     libucrt:initcon.obj
 0004:00001e60       $pdata$_set_errno_from_matherr 0000000180034e60     libucrt:fpexcept.obj
 0004:00001e6c       $pdata$_raise_exc          0000000180034e6c     libucrt:fpexcept.obj
 0004:00001e78       $pdata$_raise_exc_ex       0000000180034e78     libucrt:fpexcept.obj
 0004:00001e84       $pdata$_clrfp              0000000180034e84     libucrt:fpctrl.obj
 0004:00001e90       $pdata$_ctrlfp             0000000180034e90     libucrt:fpctrl.obj
 0004:00001e9c       $pdata$_ctrlfp$filt$0      0000000180034e9c     libucrt:fpctrl.obj
 0004:00001ea8       $pdata$_statfp             0000000180034ea8     libucrt:fpctrl.obj
 0004:00001eb4       $pdata$_set_statfp         0000000180034eb4     libucrt:fpctrl.obj
 0004:00001ec0       $pdata$_IsNonwritableInCurrentImage 0000000180034ec0     LIBCMT:pesect.obj
 0004:00001ecc       $pdata$_IsNonwritableInCurrentImage$filt$0 0000000180034ecc     LIBCMT:pesect.obj
 0005:00000000       MoveSmall                  0000000180035000     libvcruntime:memcpy.obj
 0005:00000050       MsetTab                    0000000180035050     libvcruntime:memset.obj
 0006:00000220       $R000000                   0000000180036220     Totals.res
 0006:00000b78       $R000958                   0000000180036b78     Totals.res
 0006:00000c60       $R000A40                   0000000180036c60     Totals.res
 0006:00000ec8       $R000CA8                   0000000180036ec8     Totals.res
 0006:000013d0       $R0011B0                   00000001800373d0     Totals.res
 0006:000040e8       $R003EC8                   000000018003a0e8     Totals.res
 0006:00004118       $R003EF8                   000000018003a118     Totals.res
