 OPOSItemDispenser

 Timestamp is 5b863da7 (Wed Aug 29 15:31:03 2018)

 Preferred load address is 0000000180000000

 Start         Length     Name                   Class
 0001:00000000 000000c0H .text$di                CODE
 0001:000000c0 0001f350H .text$mn                CODE
 0001:0001f410 00000020H .text$mn$00             CODE
 0001:0001f430 00000400H .text$x                 CODE
 0001:0001f830 000000c0H .text$yd                CODE
 0002:00000000 00000618H .idata$5                DATA
 0002:00000618 00000010H .00cfg                  DATA
 0002:00000628 00000008H .CRT$XCA                DATA
 0002:00000630 00000008H .CRT$XCL                DATA
 0002:00000638 00000020H .CRT$XCU                DATA
 0002:00000658 00000008H .CRT$XCZ                DATA
 0002:00000660 00000008H .CRT$XIA                DATA
 0002:00000668 00000020H .CRT$XIC                DATA
 0002:00000688 00000008H .CRT$XIZ                DATA
 0002:00000690 00000008H .CRT$XLA                DATA
 0002:00000698 00000008H .CRT$XLZ                DATA
 0002:000006a0 00000008H .CRT$XPA                DATA
 0002:000006a8 00000010H .CRT$XPX                DATA
 0002:000006b8 00000008H .CRT$XPXA               DATA
 0002:000006c0 00000008H .CRT$XPZ                DATA
 0002:000006c8 00000008H .CRT$XTA                DATA
 0002:000006d0 00000010H .CRT$XTZ                DATA
 0002:000006d8 00000000H .gfids$y                DATA
 0002:000006e0 00009f60H .rdata                  DATA
 0002:0000a640 00000028H .rdata$T                DATA
 0002:0000a668 00000274H .rdata$r                DATA
 0002:0000a8dc 000003fcH .rdata$zzzdbg           DATA
 0002:0000acd8 00000008H .rtc$IAA                DATA
 0002:0000ace0 00000008H .rtc$IZZ                DATA
 0002:0000ace8 00000008H .rtc$TAA                DATA
 0002:0000acf0 00000008H .rtc$TZZ                DATA
 0002:0000acf8 00000004H .tls                    DATA
 0002:0000acfc 00000004H .tls$                   DATA
 0002:0000ad00 00000008H .tls$ZZZ                DATA
 0002:0000ad08 00001690H .xdata                  DATA
 0002:0000c398 00000150H .xdata$x                DATA
 0002:0000c4e8 00000008H ATL$__a                 DATA
 0002:0000c4f0 00000010H ATL$__z                 DATA
 0002:0000c500 000000b0H .edata                  DATA
 0002:0000c5b0 00000078H .idata$2                DATA
 0002:0000c628 00000018H .idata$3                DATA
 0002:0000c640 00000618H .idata$4                DATA
 0002:0000cc58 00000c1cH .idata$6                DATA
 0003:00000000 00000c68H .data                   DATA
 0003:00000c68 000000c8H .data$r                 DATA
 0003:00000d30 000013fcH .bss                    DATA
 0004:00000000 00001e6cH .pdata                  DATA
 0005:00000000 00000220H .rsrc$01                DATA
 0005:00000220 000038c0H .rsrc$02                DATA

  Address         Publics by Value              Rva+Base               Lib:Object

 0000:00000000       __hybrid_code_map_count    0000000000000000     <absolute>
 0000:00000000       __hybrid_code_map          0000000000000000     <absolute>
 0000:00000000       __guard_iat_count          0000000000000000     <absolute>
 0000:00000000       __guard_longjmp_count      0000000000000000     <absolute>
 0000:00000000       __guard_longjmp_table      0000000000000000     <absolute>
 0000:00000000       __volatile_metadata        0000000000000000     <absolute>
 0000:00000000       __guard_iat_table          0000000000000000     <absolute>
 0000:00000000       __guard_fids_count         0000000000000000     <absolute>
 0000:00000000       __enclave_config           0000000000000000     <absolute>
 0000:00000000       ___safe_se_handler_count   0000000000000000     <absolute>
 0000:00000000       ___safe_se_handler_table   0000000000000000     <absolute>
 0000:00000000       __guard_fids_table         0000000000000000     <absolute>
 0000:00000000       __hybrid_auxiliary_iat     0000000000000000     <absolute>
 0000:00000000       __dynamic_value_reloc_table 0000000000000000     <absolute>
 0000:00000100       __guard_flags              0000000000000100     <absolute>
 0000:00000000       __ImageBase                0000000180000000     <linker-defined>
 0001:000000c0       ?DupWide@_CW@@AEAAXXZ      00000001800010c0 f   CWString.obj
 0001:000000e8       ?cw_dup@@YAXPEBDAEAHAEAPEA_W1@Z 00000001800010e8 f   CWString.obj
 0001:00000194       ?cw_memcpy@@YAHPEA_WPEBDH@Z 0000000180001194 f   CWString.obj
 0001:000001e0       ?cw_strcpy@@YAHPEA_WPEBD@Z 00000001800011e0 f   CWString.obj
 0001:000001f4       ??0CAtlComModule@ATL@@QEAA@XZ 00000001800011f4 f i OposVariant.obj
 0001:0000027c       ??0CAtlWinModule@ATL@@QEAA@XZ 000000018000127c f i OposVariant.obj
 0001:000002f0       ??0OposDispParms@@QEAA@PEAVOposVariant@@H@Z 00000001800012f0 f   OposVariant.obj
 0001:00000398       ??1OposDispParms@@QEAA@XZ  0000000180001398 f   OposVariant.obj
 0001:000003b0       ??_Estringdispid@CComTypeInfoHolder@ATL@@QEAAPEAXI@Z 00000001800013b0 f i OposVariant.obj
 0001:00000454       ?AtlWinModuleTerm@ATL@@YAJPEAU_ATL_WIN_MODULE70@1@PEAUHINSTANCE__@@@Z 0000000180001454 f i OposVariant.obj
 0001:00000504       ?ChangeBSTR@OposVariant@@QEAAXPEAPEA_WAEAJ@Z 0000000180001504 f   OposVariant.obj
 0001:00000564       ?ChangeLONG@OposVariant@@QEAAXPEAJAEAJ@Z 0000000180001564 f   OposVariant.obj
 0001:000005c0       ?GetLONG@OposVariant@@QEAAJXZ 00000001800015c0 f   OposVariant.obj
 0001:000005e4       ?SetBSTR@OposVariant@@QEAAXPEA_WAEAJ@Z 00000001800015e4 f   OposVariant.obj
 0001:00000624       ?SetBSTR_Copy@OposVariant@@QEAAXPEA_WAEAJ@Z 0000000180001624 f   OposVariant.obj
 0001:00000694       ?SetBSTR_InOutPtr@OposVariant@@QEAA_NPEAPEA_WAEAJ@Z 0000000180001694 f   OposVariant.obj
 0001:000006e4       ?SetDispatch_Ptr@OposVariant@@QEAAXPEAUIDispatch@@AEAJ@Z 00000001800016e4 f   OposVariant.obj
 0001:0000073c       ?SetLONG@OposVariant@@QEAAXJ@Z 000000018000173c f   OposVariant.obj
 0001:0000076c       ?SetLONG_Ptr@OposVariant@@QEAAXPEAJAEAJ@Z 000000018000176c f   OposVariant.obj
 0001:000007b8       ?SetString@OposVariant@@QEAAXPEB_WAEAJ@Z 00000001800017b8 f   OposVariant.obj
 0001:0000081c       ?SetVARIANT_BOOL@OposVariant@@QEAAXF@Z 000000018000181c f   OposVariant.obj
 0001:00000854       ?Term@CAtlComModule@ATL@@QEAAXXZ 0000000180001854 f i OposVariant.obj
 0001:000008c4       ?_AtlInitializeCriticalSectionEx@ATL@@YAHPEAU_RTL_CRITICAL_SECTION@@KK@Z 00000001800018c4 f i OposVariant.obj
 0001:000008cc       ?_AtlRaiseException@ATL@@YAXKK@Z 00000001800018cc f i OposVariant.obj
 0001:000008dc       ?CreateInstance@?$CComCreator@V?$CComObjectCached@VCComClassFactory@ATL@@@ATL@@@ATL@@SAJPEAXAEBU_GUID@@PEAPEAX@Z 00000001800018dc f i ItemDispenser.obj
 0001:000009dc       ?CreateInstance@?$CComCreator2@V?$CComCreator@V?$CComObject@VCOPOSItemDispenser@@@ATL@@@ATL@@V?$CComCreator@V?$CComAggObject@VCOPOSItemDispenser@@@ATL@@@2@@ATL@@SAJPEAXAEBU_GUID@@PEAPEAX@Z 00000001800019dc f i ItemDispenser.obj
 0001:000009ec       ?Next@?$CComEnumImpl@UIEnumConnectionPoints@@$1?_GUID_b196b285_bab4_101a_b69c_00aa00341d07@@3U__s_GUID@@BPEAUIConnectionPoint@@V?$_CopyInterface@UIConnectionPoint@@@ATL@@@ATL@@UEAAJKPEAPEAUIConnectionPoint@@PEAK@Z 00000001800019ec f i ItemDispenser.obj
 0001:00000ab8       ?Skip@?$CComEnumImpl@UIEnumConnectionPoints@@$1?_GUID_b196b285_bab4_101a_b69c_00aa00341d07@@3U__s_GUID@@BPEAUIConnectionPoint@@V?$_CopyInterface@UIConnectionPoint@@@ATL@@@ATL@@UEAAJK@Z 0000000180001ab8 f i ItemDispenser.obj
 0001:00000ae4       ?Reset@?$CComEnumImpl@UIEnumConnections@@$1?_GUID_b196b287_bab4_101a_b69c_00aa00341d07@@3U__s_GUID@@BUtagCONNECTDATA@@V?$_Copy@UtagCONNECTDATA@@@ATL@@@ATL@@UEAAJXZ 0000000180001ae4 f i ItemDispenser.obj
 0001:00000ae4       ?Reset@?$CComEnumImpl@UIEnumConnectionPoints@@$1?_GUID_b196b285_bab4_101a_b69c_00aa00341d07@@3U__s_GUID@@BPEAUIConnectionPoint@@V?$_CopyInterface@UIConnectionPoint@@@ATL@@@ATL@@UEAAJXZ 0000000180001ae4 f i ItemDispenser.obj
 0001:00000af0       ?Clone@?$CComEnumImpl@UIEnumConnectionPoints@@$1?_GUID_b196b285_bab4_101a_b69c_00aa00341d07@@3U__s_GUID@@BPEAUIConnectionPoint@@V?$_CopyInterface@UIConnectionPoint@@@ATL@@@ATL@@UEAAJPEAPEAUIEnumConnectionPoints@@@Z 0000000180001af0 f i ItemDispenser.obj
 0001:00000c18       ?GetControlInfo@?$IOleControlImpl@VCOPOSItemDispenser@@@ATL@@UEAAJPEAUtagCONTROLINFO@@@Z 0000000180001c18 f i ItemDispenser.obj
 0001:00000c18       ?QueryInterface@CRegObject@ATL@@UEAAJAEBU_GUID@@PEAPEAX@Z 0000000180001c18 f i ItemDispenser.obj
 0001:00000c18       ?GetCanonicalFormatEtc@?$IDataObjectImpl@VCOPOSItemDispenser@@@ATL@@UEAAJPEAUtagFORMATETC@@0@Z 0000000180001c18 f i ItemDispenser.obj
 0001:00000c18       ?SetData@?$IDataObjectImpl@VCOPOSItemDispenser@@@ATL@@UEAAJPEAUtagFORMATETC@@PEAUtagSTGMEDIUM@@H@Z 0000000180001c18 f i ItemDispenser.obj
 0001:00000c18       ?EnumFormatEtc@?$IDataObjectImpl@VCOPOSItemDispenser@@@ATL@@UEAAJKPEAPEAUIEnumFORMATETC@@@Z 0000000180001c18 f i ItemDispenser.obj
 0001:00000c18       ?ContextSensitiveHelp@?$IOleInPlaceObjectWindowlessImpl@VCOPOSItemDispenser@@@ATL@@UEAAJH@Z 0000000180001c18 f i ItemDispenser.obj
 0001:00000c18       ?SOErrorDummy@COPOSItemDispenser@@MEAAJJJJPEAJ@Z 0000000180001c18 f i ItemDispenser.obj
 0001:00000c18       ?OnMnemonic@?$IOleControlImpl@VCOPOSItemDispenser@@@ATL@@UEAAJPEAUtagMSG@@@Z 0000000180001c18 f i ItemDispenser.obj
 0001:00000c18       ?GetRect@?$IViewObjectExImpl@VCOPOSItemDispenser@@@ATL@@UEAAJKPEAU_RECTL@@@Z 0000000180001c18 f i ItemDispenser.obj
 0001:00000c18       ?SOOutputCompleteDummy@COPOSItemDispenser@@MEAAJJ@Z 0000000180001c18 f i ItemDispenser.obj
 0001:00000c18       ?SetMoniker@?$IOleObjectImpl@VCOPOSItemDispenser@@@ATL@@UEAAJKPEAUIMoniker@@@Z 0000000180001c18 f i ItemDispenser.obj
 0001:00000c18       ?InitFromData@?$IOleObjectImpl@VCOPOSItemDispenser@@@ATL@@UEAAJPEAUIDataObject@@HK@Z 0000000180001c18 f i ItemDispenser.obj
 0001:00000c18       ?Unfreeze@?$IViewObjectExImpl@VCOPOSItemDispenser@@@ATL@@UEAAJK@Z 0000000180001c18 f i ItemDispenser.obj
 0001:00000c18       ?GetColorSet@?$IViewObjectExImpl@VCOPOSItemDispenser@@@ATL@@UEAAJKJPEAXPEAUtagDVTARGETDEVICE@@PEAUHDC__@@PEAPEAUtagLOGPALETTE@@@Z 0000000180001c18 f i ItemDispenser.obj
 0001:00000c18       ?GetMoniker@?$IOleObjectImpl@VCOPOSItemDispenser@@@ATL@@UEAAJKKPEAPEAUIMoniker@@@Z 0000000180001c18 f i ItemDispenser.obj
 0001:00000c18       ?ContextSensitiveHelp@?$IOleInPlaceActiveObjectImpl@VCOPOSItemDispenser@@@ATL@@UEAAJH@Z 0000000180001c18 f i ItemDispenser.obj
 0001:00000c18       ?ReactivateAndUndo@?$IOleInPlaceObjectWindowlessImpl@VCOPOSItemDispenser@@@ATL@@UEAAJXZ 0000000180001c18 f i ItemDispenser.obj
 0001:00000c18       ?GetDataHere@?$IDataObjectImpl@VCOPOSItemDispenser@@@ATL@@UEAAJPEAUtagFORMATETC@@PEAUtagSTGMEDIUM@@@Z 0000000180001c18 f i ItemDispenser.obj
 0001:00000c18       ?SODataDummy@COPOSItemDispenser@@MEAAJJ@Z 0000000180001c18 f i ItemDispenser.obj
 0001:00000c18       ?QueryGetData@?$IDataObjectImpl@VCOPOSItemDispenser@@@ATL@@UEAAJPEAUtagFORMATETC@@@Z 0000000180001c18 f i ItemDispenser.obj
 0001:00000c18       ?SetColorScheme@?$IOleObjectImpl@VCOPOSItemDispenser@@@ATL@@UEAAJPEAUtagLOGPALETTE@@@Z 0000000180001c18 f i ItemDispenser.obj
 0001:00000c18       ?GetClipboardData@?$IOleObjectImpl@VCOPOSItemDispenser@@@ATL@@UEAAJKPEAPEAUIDataObject@@@Z 0000000180001c18 f i ItemDispenser.obj
 0001:00000c18       ?Freeze@?$IViewObjectExImpl@VCOPOSItemDispenser@@@ATL@@UEAAJKJPEAXPEAK@Z 0000000180001c18 f i ItemDispenser.obj
 0001:00000c18       ?GetDropTarget@?$IOleInPlaceObjectWindowlessImpl@VCOPOSItemDispenser@@@ATL@@UEAAJPEAPEAUIDropTarget@@@Z 0000000180001c18 f i ItemDispenser.obj
 0001:00000c20       ?AddRef@CRegObject@ATL@@UEAAKXZ 0000000180001c20 f i ItemDispenser.obj
 0001:00000c20       ?FAccessAllowed@?$IObjectSafetyImpl@VCOPOSItemDispenser@@$02@ATL@@MEAAHXZ 0000000180001c20 f i ItemDispenser.obj
 0001:00000c28       ?OnAmbientPropertyChange@?$IOleControlImpl@VCOPOSItemDispenser@@@ATL@@UEAAJJ@Z 0000000180001c28 f i ItemDispenser.obj
 0001:00000c28       ?EnableModeless@?$IOleInPlaceActiveObjectImpl@VCOPOSItemDispenser@@@ATL@@UEAAJH@Z 0000000180001c28 f i ItemDispenser.obj
 0001:00000c28       ?IsUpToDate@?$IOleObjectImpl@VCOPOSItemDispenser@@@ATL@@UEAAJXZ 0000000180001c28 f i ItemDispenser.obj
 0001:00000c28       ?HandsOffStorage@?$IPersistStorageImpl@VCOPOSItemDispenser@@@ATL@@UEAAJXZ 0000000180001c28 f i ItemDispenser.obj
 0001:00000c28       ?GetCategoryMap@CComObjectRootBase@ATL@@SAPEBU_ATL_CATMAP_ENTRY@2@XZ 0000000180001c28 f i ItemDispenser.obj
 0001:00000c28       ?SetHostNames@?$IOleObjectImpl@VCOPOSItemDispenser@@@ATL@@UEAAJPEB_W0@Z 0000000180001c28 f i ItemDispenser.obj
 0001:00000c28       ?SaveCompleted@?$IPersistStorageImpl@VCOPOSItemDispenser@@@ATL@@UEAAJPEAUIStorage@@@Z 0000000180001c28 f i ItemDispenser.obj
 0001:00000c28       ?OnFrameWindowActivate@?$IOleInPlaceActiveObjectImpl@VCOPOSItemDispenser@@@ATL@@UEAAJH@Z 0000000180001c28 f i ItemDispenser.obj
 0001:00000c28       ?GetObjectDescription@?$CComCoClass@VCOPOSItemDispenser@@$1?CLSID_OPOSItemDispenser@@3U_GUID@@B@ATL@@SAPEB_WXZ 0000000180001c28 f i ItemDispenser.obj
 0001:00000c28       ?ResizeBorder@?$IOleInPlaceActiveObjectImpl@VCOPOSItemDispenser@@@ATL@@UEAAJPEBUtagRECT@@PEAUIOleInPlaceUIWindow@@H@Z 0000000180001c28 f i ItemDispenser.obj
 0001:00000c28       ?Release@CRegObject@ATL@@UEAAKXZ 0000000180001c28 f i ItemDispenser.obj
 0001:00000c28       ?Update@?$IOleObjectImpl@VCOPOSItemDispenser@@@ATL@@UEAAJXZ 0000000180001c28 f i ItemDispenser.obj
 0001:00000c2c       ?AddReplacement@CRegObject@ATL@@UEAAJPEB_W0@Z 0000000180001c2c f i ItemDispenser.obj
 0001:00000c5c       ?ClearReplacements@CRegObject@ATL@@UEAAJXZ 0000000180001c5c f i ItemDispenser.obj
 0001:00000c68       ?AddRef@?$CComObject@V?$CComEnum@UIEnumConnections@@$1?_GUID_b196b287_bab4_101a_b69c_00aa00341d07@@3U__s_GUID@@BUtagCONNECTDATA@@V?$_Copy@UtagCONNECTDATA@@@ATL@@VCComSingleThreadModel@6@@ATL@@@ATL@@UEAAKXZ 0000000180001c68 f i ItemDispenser.obj
 0001:00000c68       ?AddRef@?$CComObject@V?$CComEnum@UIEnumConnectionPoints@@$1?_GUID_b196b285_bab4_101a_b69c_00aa00341d07@@3U__s_GUID@@BPEAUIConnectionPoint@@V?$_CopyInterface@UIConnectionPoint@@@ATL@@VCComSingleThreadModel@6@@ATL@@@ATL@@UEAAKXZ 0000000180001c68 f i ItemDispenser.obj
 0001:00000c74       ?Release@?$CComObject@V?$CComEnum@UIEnumConnections@@$1?_GUID_b196b287_bab4_101a_b69c_00aa00341d07@@3U__s_GUID@@BUtagCONNECTDATA@@V?$_Copy@UtagCONNECTDATA@@@ATL@@VCComSingleThreadModel@6@@ATL@@@ATL@@UEAAKXZ 0000000180001c74 f i ItemDispenser.obj
 0001:00000c74       ?Release@?$CComObject@V?$CComEnum@UIEnumConnectionPoints@@$1?_GUID_b196b285_bab4_101a_b69c_00aa00341d07@@3U__s_GUID@@BPEAUIConnectionPoint@@V?$_CopyInterface@UIConnectionPoint@@@ATL@@VCComSingleThreadModel@6@@ATL@@@ATL@@UEAAKXZ 0000000180001c74 f i ItemDispenser.obj
 0001:00000cc8       ?QueryInterface@?$CComObject@V?$CComEnum@UIEnumConnectionPoints@@$1?_GUID_b196b285_bab4_101a_b69c_00aa00341d07@@3U__s_GUID@@BPEAUIConnectionPoint@@V?$_CopyInterface@UIConnectionPoint@@@ATL@@VCComSingleThreadModel@6@@ATL@@@ATL@@UEAAJAEBU_GUID@@PEAPEAX@Z 0000000180001cc8 f i ItemDispenser.obj
 0001:00000cdc       ??_G?$CComObject@V?$CComEnum@UIEnumConnectionPoints@@$1?_GUID_b196b285_bab4_101a_b69c_00aa00341d07@@3U__s_GUID@@BPEAUIConnectionPoint@@V?$_CopyInterface@UIConnectionPoint@@@ATL@@VCComSingleThreadModel@6@@ATL@@@ATL@@UEAAPEAXI@Z 0000000180001cdc f i ItemDispenser.obj
 0001:00000cdc       ??_E?$CComObject@V?$CComEnum@UIEnumConnectionPoints@@$1?_GUID_b196b285_bab4_101a_b69c_00aa00341d07@@3U__s_GUID@@BPEAUIConnectionPoint@@V?$_CopyInterface@UIConnectionPoint@@@ATL@@VCComSingleThreadModel@6@@ATL@@@ATL@@UEAAPEAXI@Z 0000000180001cdc f i ItemDispenser.obj
 0001:00000d34       ??_ECRegObject@ATL@@UEAAPEAXI@Z 0000000180001d34 f i ItemDispenser.obj
 0001:00000d34       ??_GCRegObject@ATL@@UEAAPEAXI@Z 0000000180001d34 f i ItemDispenser.obj
 0001:00000db4       ?AddRef@?$CComObjectCached@VCComClassFactory@ATL@@@ATL@@UEAAKXZ 0000000180001db4 f i ItemDispenser.obj
 0001:00000de0       ?Release@?$CComObjectCached@VCComClassFactory@ATL@@@ATL@@UEAAKXZ 0000000180001de0 f i ItemDispenser.obj
 0001:00000e20       ?QueryInterface@?$CComObjectCached@VCComClassFactory@ATL@@@ATL@@UEAAJAEBU_GUID@@PEAPEAX@Z 0000000180001e20 f i ItemDispenser.obj
 0001:00000e34       ??_G?$CComObjectCached@VCComClassFactory@ATL@@@ATL@@UEAAPEAXI@Z 0000000180001e34 f i ItemDispenser.obj
 0001:00000e34       ??_E?$CComObjectCached@VCComClassFactory@ATL@@@ATL@@UEAAPEAXI@Z 0000000180001e34 f i ItemDispenser.obj
 0001:00000e8c       ?AddRef@?$CComAggObject@VCOPOSItemDispenser@@@ATL@@UEAAKXZ 0000000180001e8c f i ItemDispenser.obj
 0001:00000e98       ?Release@?$CComAggObject@VCOPOSItemDispenser@@@ATL@@UEAAKXZ 0000000180001e98 f i ItemDispenser.obj
 0001:00000eec       ?QueryInterface@?$CComAggObject@VCOPOSItemDispenser@@@ATL@@UEAAJAEBU_GUID@@PEAPEAX@Z 0000000180001eec f i ItemDispenser.obj
 0001:00000f4c       ?AddRef@?$CComContainedObject@VCOPOSItemDispenser@@@ATL@@UEAAKXZ 0000000180001f4c f i ItemDispenser.obj
 0001:00000f5c       ?Release@?$CComContainedObject@VCOPOSItemDispenser@@@ATL@@UEAAKXZ 0000000180001f5c f i ItemDispenser.obj
 0001:00000f6c       ?QueryInterface@?$CComContainedObject@VCOPOSItemDispenser@@@ATL@@UEAAJAEBU_GUID@@PEAPEAX@Z 0000000180001f6c f i ItemDispenser.obj
 0001:00000f7c       ??_E?$CComAggObject@VCOPOSItemDispenser@@@ATL@@UEAAPEAXI@Z 0000000180001f7c f i ItemDispenser.obj
 0001:00000f7c       ??_G?$CComAggObject@VCOPOSItemDispenser@@@ATL@@UEAAPEAXI@Z 0000000180001f7c f i ItemDispenser.obj
 0001:00000fd4       ?AddRef@?$CComObject@VCOPOSItemDispenser@@@ATL@@UEAAKXZ 0000000180001fd4 f i ItemDispenser.obj
 0001:00000fe4       ?Release@?$CComObject@VCOPOSItemDispenser@@@ATL@@UEAAKXZ 0000000180001fe4 f i ItemDispenser.obj
 0001:0000103c       ?QueryInterface@?$CComObject@VCOPOSItemDispenser@@@ATL@@UEAAJAEBU_GUID@@PEAPEAX@Z 000000018000203c f i ItemDispenser.obj
 0001:00001050       ?OnDrawAdvanced@CComControlBase@ATL@@UEAAJAEAUATL_DRAWINFO@@@Z 0000000180002050 f i ItemDispenser.obj
 0001:00001170       ?OnFinalMessage@?$CWindowImplBaseT@VCWindow@ATL@@V?$CWinTraits@$0FGAAAAAA@$0A@@2@@ATL@@UEAAXPEAUHWND__@@@Z 0000000180002170 f i ItemDispenser.obj
 0001:00001170       ?ObjectMain@CComObjectRootBase@ATL@@SAX_N@Z 0000000180002170 f i ItemDispenser.obj
 0001:00001174       ?Next@?$CComEnumImpl@UIEnumConnections@@$1?_GUID_b196b287_bab4_101a_b69c_00aa00341d07@@3U__s_GUID@@BUtagCONNECTDATA@@V?$_Copy@UtagCONNECTDATA@@@ATL@@@ATL@@UEAAJKPEAUtagCONNECTDATA@@PEAK@Z 0000000180002174 f i ItemDispenser.obj
 0001:00001248       ?Skip@?$CComEnumImpl@UIEnumConnections@@$1?_GUID_b196b287_bab4_101a_b69c_00aa00341d07@@3U__s_GUID@@BUtagCONNECTDATA@@V?$_Copy@UtagCONNECTDATA@@@ATL@@@ATL@@UEAAJK@Z 0000000180002248 f i ItemDispenser.obj
 0001:00001274       ?Clone@?$CComEnumImpl@UIEnumConnections@@$1?_GUID_b196b287_bab4_101a_b69c_00aa00341d07@@3U__s_GUID@@BUtagCONNECTDATA@@V?$_Copy@UtagCONNECTDATA@@@ATL@@@ATL@@UEAAJPEAPEAUIEnumConnections@@@Z 0000000180002274 f i ItemDispenser.obj
 0001:0000139c       ?QueryInterface@?$CComObject@V?$CComEnum@UIEnumConnections@@$1?_GUID_b196b287_bab4_101a_b69c_00aa00341d07@@3U__s_GUID@@BUtagCONNECTDATA@@V?$_Copy@UtagCONNECTDATA@@@ATL@@VCComSingleThreadModel@6@@ATL@@@ATL@@UEAAJAEBU_GUID@@PEAPEAX@Z 000000018000239c f i ItemDispenser.obj
 0001:000013b0       ??_G?$CComObject@V?$CComEnum@UIEnumConnections@@$1?_GUID_b196b287_bab4_101a_b69c_00aa00341d07@@3U__s_GUID@@BUtagCONNECTDATA@@V?$_Copy@UtagCONNECTDATA@@@ATL@@VCComSingleThreadModel@6@@ATL@@@ATL@@UEAAPEAXI@Z 00000001800023b0 f i ItemDispenser.obj
 0001:000013b0       ??_E?$CComObject@V?$CComEnum@UIEnumConnections@@$1?_GUID_b196b287_bab4_101a_b69c_00aa00341d07@@3U__s_GUID@@BUtagCONNECTDATA@@V?$_Copy@UtagCONNECTDATA@@@ATL@@VCComSingleThreadModel@6@@ATL@@@ATL@@UEAAPEAXI@Z 00000001800023b0 f i ItemDispenser.obj
 0001:00001408       ?CreateInstance@CComClassFactory@ATL@@UEAAJPEAUIUnknown@@AEBU_GUID@@PEAPEAX@Z 0000000180002408 f i ItemDispenser.obj
 0001:00001468       ?LockServer@CComClassFactory@ATL@@UEAAJH@Z 0000000180002468 f i ItemDispenser.obj
 0001:0000148c       ??_ECComClassFactory@ATL@@UEAAPEAXI@Z 000000018000248c f i ItemDispenser.obj
 0001:0000148c       ??_GCComClassFactory@ATL@@UEAAPEAXI@Z 000000018000248c f i ItemDispenser.obj
 0001:000014dc       ??_E?$CComObject@VCOPOSItemDispenser@@@ATL@@W7EAAPEAXI@Z 00000001800024dc f i ItemDispenser.obj
 0001:000014e8       ??_E?$CComObject@VCOPOSItemDispenser@@@ATL@@WHA@EAAPEAXI@Z 00000001800024e8 f i ItemDispenser.obj
 0001:000014f4       ?QueryInterface@?$CComObject@VCOPOSItemDispenser@@@ATL@@WLI@EAAJAEBU_GUID@@PEAPEAX@Z 00000001800024f4 f i ItemDispenser.obj
 0001:00001500       ?AddRef@?$CComObject@VCOPOSItemDispenser@@@ATL@@WLI@EAAKXZ 0000000180002500 f i ItemDispenser.obj
 0001:0000150c       ?Release@?$CComObject@VCOPOSItemDispenser@@@ATL@@WLI@EAAKXZ 000000018000250c f i ItemDispenser.obj
 0001:00001518       ?QueryInterface@?$CComObject@VCOPOSItemDispenser@@@ATL@@WMA@EAAJAEBU_GUID@@PEAPEAX@Z 0000000180002518 f i ItemDispenser.obj
 0001:00001524       ?AddRef@?$CComObject@VCOPOSItemDispenser@@@ATL@@WMA@EAAKXZ 0000000180002524 f i ItemDispenser.obj
 0001:00001530       ?Release@?$CComObject@VCOPOSItemDispenser@@@ATL@@WMA@EAAKXZ 0000000180002530 f i ItemDispenser.obj
 0001:0000153c       ?QueryInterface@?$CComObject@VCOPOSItemDispenser@@@ATL@@WMI@EAAJAEBU_GUID@@PEAPEAX@Z 000000018000253c f i ItemDispenser.obj
 0001:00001548       ?AddRef@?$CComObject@VCOPOSItemDispenser@@@ATL@@WMI@EAAKXZ 0000000180002548 f i ItemDispenser.obj
 0001:00001554       ?Release@?$CComObject@VCOPOSItemDispenser@@@ATL@@WMI@EAAKXZ 0000000180002554 f i ItemDispenser.obj
 0001:00001560       ?QueryInterface@?$CComObject@VCOPOSItemDispenser@@@ATL@@WNA@EAAJAEBU_GUID@@PEAPEAX@Z 0000000180002560 f i ItemDispenser.obj
 0001:0000156c       ?AddRef@?$CComObject@VCOPOSItemDispenser@@@ATL@@WNA@EAAKXZ 000000018000256c f i ItemDispenser.obj
 0001:00001578       ?Release@?$CComObject@VCOPOSItemDispenser@@@ATL@@WNA@EAAKXZ 0000000180002578 f i ItemDispenser.obj
 0001:00001584       ?QueryInterface@?$CComObject@VCOPOSItemDispenser@@@ATL@@WNI@EAAJAEBU_GUID@@PEAPEAX@Z 0000000180002584 f i ItemDispenser.obj
 0001:00001590       ?AddRef@?$CComObject@VCOPOSItemDispenser@@@ATL@@WNI@EAAKXZ 0000000180002590 f i ItemDispenser.obj
 0001:0000159c       ?Release@?$CComObject@VCOPOSItemDispenser@@@ATL@@WNI@EAAKXZ 000000018000259c f i ItemDispenser.obj
 0001:000015a8       ?QueryInterface@?$CComObject@VCOPOSItemDispenser@@@ATL@@WOA@EAAJAEBU_GUID@@PEAPEAX@Z 00000001800025a8 f i ItemDispenser.obj
 0001:000015b4       ?AddRef@?$CComObject@VCOPOSItemDispenser@@@ATL@@WOA@EAAKXZ 00000001800025b4 f i ItemDispenser.obj
 0001:000015c0       ?Release@?$CComObject@VCOPOSItemDispenser@@@ATL@@WOA@EAAKXZ 00000001800025c0 f i ItemDispenser.obj
 0001:000015cc       ?QueryInterface@?$CComObject@VCOPOSItemDispenser@@@ATL@@WOI@EAAJAEBU_GUID@@PEAPEAX@Z 00000001800025cc f i ItemDispenser.obj
 0001:000015d8       ?AddRef@?$CComObject@VCOPOSItemDispenser@@@ATL@@WOI@EAAKXZ 00000001800025d8 f i ItemDispenser.obj
 0001:000015e4       ?Release@?$CComObject@VCOPOSItemDispenser@@@ATL@@WOI@EAAKXZ 00000001800025e4 f i ItemDispenser.obj
 0001:000015f0       ?QueryInterface@?$CComObject@VCOPOSItemDispenser@@@ATL@@WPA@EAAJAEBU_GUID@@PEAPEAX@Z 00000001800025f0 f i ItemDispenser.obj
 0001:000015fc       ?AddRef@?$CComObject@VCOPOSItemDispenser@@@ATL@@WPA@EAAKXZ 00000001800025fc f i ItemDispenser.obj
 0001:00001608       ?Release@?$CComObject@VCOPOSItemDispenser@@@ATL@@WPA@EAAKXZ 0000000180002608 f i ItemDispenser.obj
 0001:00001614       ?QueryInterface@?$CComObject@VCOPOSItemDispenser@@@ATL@@WPI@EAAJAEBU_GUID@@PEAPEAX@Z 0000000180002614 f i ItemDispenser.obj
 0001:00001620       ?AddRef@?$CComObject@VCOPOSItemDispenser@@@ATL@@WPI@EAAKXZ 0000000180002620 f i ItemDispenser.obj
 0001:0000162c       ?Release@?$CComObject@VCOPOSItemDispenser@@@ATL@@WPI@EAAKXZ 000000018000262c f i ItemDispenser.obj
 0001:00001638       ?QueryInterface@?$CComObject@VCOPOSItemDispenser@@@ATL@@WBAA@EAAJAEBU_GUID@@PEAPEAX@Z 0000000180002638 f i ItemDispenser.obj
 0001:00001644       ?AddRef@?$CComObject@VCOPOSItemDispenser@@@ATL@@WBAA@EAAKXZ 0000000180002644 f i ItemDispenser.obj
 0001:00001650       ?Release@?$CComObject@VCOPOSItemDispenser@@@ATL@@WBAA@EAAKXZ 0000000180002650 f i ItemDispenser.obj
 0001:0000165c       ?QueryInterface@?$CComObject@VCOPOSItemDispenser@@@ATL@@WBAI@EAAJAEBU_GUID@@PEAPEAX@Z 000000018000265c f i ItemDispenser.obj
 0001:00001668       ?AddRef@?$CComObject@VCOPOSItemDispenser@@@ATL@@WBAI@EAAKXZ 0000000180002668 f i ItemDispenser.obj
 0001:00001674       ?Release@?$CComObject@VCOPOSItemDispenser@@@ATL@@WBAI@EAAKXZ 0000000180002674 f i ItemDispenser.obj
 0001:00001680       ?QueryInterface@?$CComObject@VCOPOSItemDispenser@@@ATL@@WBBA@EAAJAEBU_GUID@@PEAPEAX@Z 0000000180002680 f i ItemDispenser.obj
 0001:0000168c       ?AddRef@?$CComObject@VCOPOSItemDispenser@@@ATL@@WBBA@EAAKXZ 000000018000268c f i ItemDispenser.obj
 0001:00001698       ?Release@?$CComObject@VCOPOSItemDispenser@@@ATL@@WBBA@EAAKXZ 0000000180002698 f i ItemDispenser.obj
 0001:000016a4       ?QueryInterface@?$CComObject@VCOPOSItemDispenser@@@ATL@@WBBI@EAAJAEBU_GUID@@PEAPEAX@Z 00000001800026a4 f i ItemDispenser.obj
 0001:000016b0       ?AddRef@?$CComObject@VCOPOSItemDispenser@@@ATL@@WBBI@EAAKXZ 00000001800026b0 f i ItemDispenser.obj
 0001:000016bc       ?Release@?$CComObject@VCOPOSItemDispenser@@@ATL@@WBBI@EAAKXZ 00000001800026bc f i ItemDispenser.obj
 0001:000016c8       ?AddRef@?$CComObject@VCOPOSItemDispenser@@@ATL@@WBCI@EAAKXZ 00000001800026c8 f i ItemDispenser.obj
 0001:000016d4       ?Release@?$CComObject@VCOPOSItemDispenser@@@ATL@@WBCI@EAAKXZ 00000001800026d4 f i ItemDispenser.obj
 0001:000016e0       ?AddRef@?$CComObject@VCOPOSItemDispenser@@@ATL@@WBEA@EAAKXZ 00000001800026e0 f i ItemDispenser.obj
 0001:000016ec       ?Release@?$CComObject@VCOPOSItemDispenser@@@ATL@@WBEA@EAAKXZ 00000001800026ec f i ItemDispenser.obj
 0001:000016f8       ??_E?$CComContainedObject@VCOPOSItemDispenser@@@ATL@@W7EAAPEAXI@Z 00000001800026f8 f i ItemDispenser.obj
 0001:00001704       ??_E?$CComContainedObject@VCOPOSItemDispenser@@@ATL@@WHA@EAAPEAXI@Z 0000000180002704 f i ItemDispenser.obj
 0001:00001710       ?QueryInterface@?$CComContainedObject@VCOPOSItemDispenser@@@ATL@@WLI@EAAJAEBU_GUID@@PEAPEAX@Z 0000000180002710 f i ItemDispenser.obj
 0001:0000171c       ?AddRef@?$CComContainedObject@VCOPOSItemDispenser@@@ATL@@WLI@EAAKXZ 000000018000271c f i ItemDispenser.obj
 0001:00001728       ?Release@?$CComContainedObject@VCOPOSItemDispenser@@@ATL@@WLI@EAAKXZ 0000000180002728 f i ItemDispenser.obj
 0001:00001734       ?QueryInterface@?$CComContainedObject@VCOPOSItemDispenser@@@ATL@@WMA@EAAJAEBU_GUID@@PEAPEAX@Z 0000000180002734 f i ItemDispenser.obj
 0001:00001740       ?AddRef@?$CComContainedObject@VCOPOSItemDispenser@@@ATL@@WMA@EAAKXZ 0000000180002740 f i ItemDispenser.obj
 0001:0000174c       ?Release@?$CComContainedObject@VCOPOSItemDispenser@@@ATL@@WMA@EAAKXZ 000000018000274c f i ItemDispenser.obj
 0001:00001758       ?QueryInterface@?$CComContainedObject@VCOPOSItemDispenser@@@ATL@@WMI@EAAJAEBU_GUID@@PEAPEAX@Z 0000000180002758 f i ItemDispenser.obj
 0001:00001764       ?AddRef@?$CComContainedObject@VCOPOSItemDispenser@@@ATL@@WMI@EAAKXZ 0000000180002764 f i ItemDispenser.obj
 0001:00001770       ?Release@?$CComContainedObject@VCOPOSItemDispenser@@@ATL@@WMI@EAAKXZ 0000000180002770 f i ItemDispenser.obj
 0001:0000177c       ?QueryInterface@?$CComContainedObject@VCOPOSItemDispenser@@@ATL@@WNA@EAAJAEBU_GUID@@PEAPEAX@Z 000000018000277c f i ItemDispenser.obj
 0001:00001788       ?AddRef@?$CComContainedObject@VCOPOSItemDispenser@@@ATL@@WNA@EAAKXZ 0000000180002788 f i ItemDispenser.obj
 0001:00001794       ?Release@?$CComContainedObject@VCOPOSItemDispenser@@@ATL@@WNA@EAAKXZ 0000000180002794 f i ItemDispenser.obj
 0001:000017a0       ?QueryInterface@?$CComContainedObject@VCOPOSItemDispenser@@@ATL@@WNI@EAAJAEBU_GUID@@PEAPEAX@Z 00000001800027a0 f i ItemDispenser.obj
 0001:000017ac       ?AddRef@?$CComContainedObject@VCOPOSItemDispenser@@@ATL@@WNI@EAAKXZ 00000001800027ac f i ItemDispenser.obj
 0001:000017b8       ?Release@?$CComContainedObject@VCOPOSItemDispenser@@@ATL@@WNI@EAAKXZ 00000001800027b8 f i ItemDispenser.obj
 0001:000017c4       ?QueryInterface@?$CComContainedObject@VCOPOSItemDispenser@@@ATL@@WOA@EAAJAEBU_GUID@@PEAPEAX@Z 00000001800027c4 f i ItemDispenser.obj
 0001:000017d0       ?AddRef@?$CComContainedObject@VCOPOSItemDispenser@@@ATL@@WOA@EAAKXZ 00000001800027d0 f i ItemDispenser.obj
 0001:000017dc       ?Release@?$CComContainedObject@VCOPOSItemDispenser@@@ATL@@WOA@EAAKXZ 00000001800027dc f i ItemDispenser.obj
 0001:000017e8       ?QueryInterface@?$CComContainedObject@VCOPOSItemDispenser@@@ATL@@WOI@EAAJAEBU_GUID@@PEAPEAX@Z 00000001800027e8 f i ItemDispenser.obj
 0001:000017f4       ?AddRef@?$CComContainedObject@VCOPOSItemDispenser@@@ATL@@WOI@EAAKXZ 00000001800027f4 f i ItemDispenser.obj
 0001:00001800       ?Release@?$CComContainedObject@VCOPOSItemDispenser@@@ATL@@WOI@EAAKXZ 0000000180002800 f i ItemDispenser.obj
 0001:0000180c       ?QueryInterface@?$CComContainedObject@VCOPOSItemDispenser@@@ATL@@WPA@EAAJAEBU_GUID@@PEAPEAX@Z 000000018000280c f i ItemDispenser.obj
 0001:00001818       ?AddRef@?$CComContainedObject@VCOPOSItemDispenser@@@ATL@@WPA@EAAKXZ 0000000180002818 f i ItemDispenser.obj
 0001:00001824       ?Release@?$CComContainedObject@VCOPOSItemDispenser@@@ATL@@WPA@EAAKXZ 0000000180002824 f i ItemDispenser.obj
 0001:00001830       ?QueryInterface@?$CComContainedObject@VCOPOSItemDispenser@@@ATL@@WPI@EAAJAEBU_GUID@@PEAPEAX@Z 0000000180002830 f i ItemDispenser.obj
 0001:0000183c       ?AddRef@?$CComContainedObject@VCOPOSItemDispenser@@@ATL@@WPI@EAAKXZ 000000018000283c f i ItemDispenser.obj
 0001:00001848       ?Release@?$CComContainedObject@VCOPOSItemDispenser@@@ATL@@WPI@EAAKXZ 0000000180002848 f i ItemDispenser.obj
 0001:00001854       ?QueryInterface@?$CComContainedObject@VCOPOSItemDispenser@@@ATL@@WBAA@EAAJAEBU_GUID@@PEAPEAX@Z 0000000180002854 f i ItemDispenser.obj
 0001:00001860       ?AddRef@?$CComContainedObject@VCOPOSItemDispenser@@@ATL@@WBAA@EAAKXZ 0000000180002860 f i ItemDispenser.obj
 0001:0000186c       ?Release@?$CComContainedObject@VCOPOSItemDispenser@@@ATL@@WBAA@EAAKXZ 000000018000286c f i ItemDispenser.obj
 0001:00001878       ?QueryInterface@?$CComContainedObject@VCOPOSItemDispenser@@@ATL@@WBAI@EAAJAEBU_GUID@@PEAPEAX@Z 0000000180002878 f i ItemDispenser.obj
 0001:00001884       ?AddRef@?$CComContainedObject@VCOPOSItemDispenser@@@ATL@@WBAI@EAAKXZ 0000000180002884 f i ItemDispenser.obj
 0001:00001890       ?Release@?$CComContainedObject@VCOPOSItemDispenser@@@ATL@@WBAI@EAAKXZ 0000000180002890 f i ItemDispenser.obj
 0001:0000189c       ?QueryInterface@?$CComContainedObject@VCOPOSItemDispenser@@@ATL@@WBBA@EAAJAEBU_GUID@@PEAPEAX@Z 000000018000289c f i ItemDispenser.obj
 0001:000018a8       ?AddRef@?$CComContainedObject@VCOPOSItemDispenser@@@ATL@@WBBA@EAAKXZ 00000001800028a8 f i ItemDispenser.obj
 0001:000018b4       ?Release@?$CComContainedObject@VCOPOSItemDispenser@@@ATL@@WBBA@EAAKXZ 00000001800028b4 f i ItemDispenser.obj
 0001:000018c0       ?QueryInterface@?$CComContainedObject@VCOPOSItemDispenser@@@ATL@@WBBI@EAAJAEBU_GUID@@PEAPEAX@Z 00000001800028c0 f i ItemDispenser.obj
 0001:000018cc       ?AddRef@?$CComContainedObject@VCOPOSItemDispenser@@@ATL@@WBBI@EAAKXZ 00000001800028cc f i ItemDispenser.obj
 0001:000018d8       ?Release@?$CComContainedObject@VCOPOSItemDispenser@@@ATL@@WBBI@EAAKXZ 00000001800028d8 f i ItemDispenser.obj
 0001:000018e4       ?AddRef@?$CComContainedObject@VCOPOSItemDispenser@@@ATL@@WBCI@EAAKXZ 00000001800028e4 f i ItemDispenser.obj
 0001:000018f0       ?Release@?$CComContainedObject@VCOPOSItemDispenser@@@ATL@@WBCI@EAAKXZ 00000001800028f0 f i ItemDispenser.obj
 0001:000018fc       ?AddRef@?$CComContainedObject@VCOPOSItemDispenser@@@ATL@@WBEA@EAAKXZ 00000001800028fc f i ItemDispenser.obj
 0001:00001908       ?Release@?$CComContainedObject@VCOPOSItemDispenser@@@ATL@@WBEA@EAAKXZ 0000000180002908 f i ItemDispenser.obj
 0001:00001914       ?GetWindowProc@?$CWindowImplBaseT@VCWindow@ATL@@V?$CWinTraits@$0FGAAAAAA@$0A@@2@@ATL@@UEAAP6A_JPEAUHWND__@@I_K_J@ZXZ 0000000180002914 f i ItemDispenser.obj
 0001:0000191c       ?StartWindowProc@?$CWindowImplBaseT@VCWindow@ATL@@V?$CWinTraits@$0FGAAAAAA@$0A@@2@@ATL@@SA_JPEAUHWND__@@I_K_J@Z 000000018000291c f i ItemDispenser.obj
 0001:000019e0       ?GetTypeInfoCount@?$IDispatchImpl@UIOPOSItemDispenser@@$1?IID_IOPOSItemDispenser@@3U_GUID@@B$1?LIBID_OposItemDispenser_CCO@@3U3@B$00$0A@VCComTypeInfoHolder@ATL@@@ATL@@UEAAJPEAI@Z 00000001800029e0 f i ItemDispenser.obj
 0001:000019f4       ?GetTypeInfo@?$IDispatchImpl@UIOPOSItemDispenser@@$1?IID_IOPOSItemDispenser@@3U_GUID@@B$1?LIBID_OposItemDispenser_CCO@@3U3@B$00$0A@VCComTypeInfoHolder@ATL@@@ATL@@UEAAJIKPEAPEAUITypeInfo@@@Z 00000001800029f4 f i ItemDispenser.obj
 0001:00001a58       ?GetIDsOfNames@?$IDispatchImpl@UIOPOSItemDispenser@@$1?IID_IOPOSItemDispenser@@3U_GUID@@B$1?LIBID_OposItemDispenser_CCO@@3U3@B$00$0A@VCComTypeInfoHolder@ATL@@@ATL@@UEAAJAEBU_GUID@@PEAPEA_WIKPEAJ@Z 0000000180002a58 f i ItemDispenser.obj
 0001:00001a64       ?Invoke@?$IDispatchImpl@UIOPOSItemDispenser@@$1?IID_IOPOSItemDispenser@@3U_GUID@@B$1?LIBID_OposItemDispenser_CCO@@3U3@B$00$0A@VCComTypeInfoHolder@ATL@@@ATL@@UEAAJJAEBU_GUID@@KGPEAUtagDISPPARAMS@@PEAUtagVARIANT@@PEAUtagEXCEPINFO@@PEAI@Z 0000000180002a64 f i ItemDispenser.obj
 0001:00001af4       ?Lock@CAtlModule@ATL@@UEAAJXZ 0000000180002af4 f i ItemDispenser.obj
 0001:00001b04       ?Unlock@CAtlModule@ATL@@UEAAJXZ 0000000180002b04 f i ItemDispenser.obj
 0001:00001b10       ?GetLockCount@CAtlModule@ATL@@UEAAJXZ 0000000180002b10 f i ItemDispenser.obj
 0001:00001b14       ?GetGITPtr@CAtlModule@ATL@@UEAAJPEAPEAUIGlobalInterfaceTable@@@Z 0000000180002b14 f i ItemDispenser.obj
 0001:00001b84       ?CreateControlWindow@?$CComControl@VCOPOSItemDispenser@@V?$CWindowImpl@VCOPOSItemDispenser@@VCWindow@ATL@@V?$CWinTraits@$0FGAAAAAA@$0A@@3@@ATL@@@ATL@@UEAAPEAUHWND__@@PEAU3@AEAUtagRECT@@@Z 0000000180002b84 f i ItemDispenser.obj
 0001:00001bbc       ?ControlQueryInterface@?$CComControl@VCOPOSItemDispenser@@V?$CWindowImpl@VCOPOSItemDispenser@@VCWindow@ATL@@V?$CWinTraits@$0FGAAAAAA@$0A@@3@@ATL@@@ATL@@UEAAJAEBU_GUID@@PEAPEAX@Z 0000000180002bbc f i ItemDispenser.obj
 0001:00001bd0       ?GetUserClassID@?$IOleObjectImpl@VCOPOSItemDispenser@@@ATL@@UEAAJPEAU_GUID@@@Z 0000000180002bd0 f i ItemDispenser.obj
 0001:00001bd0       ?GetClassID@?$IPersistStreamInitImpl@VCOPOSItemDispenser@@@ATL@@UEAAJPEAU_GUID@@@Z 0000000180002bd0 f i ItemDispenser.obj
 0001:00001bd0       ?GetClassID@?$IPersistStorageImpl@VCOPOSItemDispenser@@@ATL@@UEAAJPEAU_GUID@@@Z 0000000180002bd0 f i ItemDispenser.obj
 0001:00001bec       ?IsDirty@?$IPersistStreamInitImpl@VCOPOSItemDispenser@@@ATL@@UEAAJXZ 0000000180002bec f i ItemDispenser.obj
 0001:00001c08       ?Load@?$IPersistStreamInitImpl@VCOPOSItemDispenser@@@ATL@@UEAAJPEAUIStream@@@Z 0000000180002c08 f i ItemDispenser.obj
 0001:00001c58       ?Save@?$IPersistStreamInitImpl@VCOPOSItemDispenser@@@ATL@@UEAAJPEAUIStream@@H@Z 0000000180002c58 f i ItemDispenser.obj
 0001:00001cbc       ?GetSizeMax@?$IPersistStreamInitImpl@VCOPOSItemDispenser@@@ATL@@UEAAJPEAT_ULARGE_INTEGER@@@Z 0000000180002cbc f i ItemDispenser.obj
 0001:00001ee8       ?InitNew@?$IPersistStreamInitImpl@VCOPOSItemDispenser@@@ATL@@UEAAJXZ 0000000180002ee8 f i ItemDispenser.obj
 0001:00001f00       ?SetClientSite@?$IOleObjectImpl@VCOPOSItemDispenser@@@ATL@@UEAAJPEAUIOleClientSite@@@Z 0000000180002f00 f i ItemDispenser.obj
 0001:00001f1c       ?GetClientSite@?$IOleObjectImpl@VCOPOSItemDispenser@@@ATL@@UEAAJPEAPEAUIOleClientSite@@@Z 0000000180002f1c f i ItemDispenser.obj
 0001:00001f64       ?Close@?$IOleObjectImpl@VCOPOSItemDispenser@@@ATL@@UEAAJK@Z 0000000180002f64 f i ItemDispenser.obj
 0001:00001f80       ?DoVerb@?$IOleObjectImpl@VCOPOSItemDispenser@@@ATL@@UEAAJJPEAUtagMSG@@PEAUIOleClientSite@@JPEAUHWND__@@PEBUtagRECT@@@Z 0000000180002f80 f i ItemDispenser.obj
 0001:00002124       ?EnumVerbs@?$IOleObjectImpl@VCOPOSItemDispenser@@@ATL@@UEAAJPEAPEAUIEnumOLEVERB@@@Z 0000000180003124 f i ItemDispenser.obj
 0001:00002140       ?GetUserType@?$IOleObjectImpl@VCOPOSItemDispenser@@@ATL@@UEAAJKPEAPEA_W@Z 0000000180003140 f i ItemDispenser.obj
 0001:00002150       ?SetExtent@?$IOleObjectImpl@VCOPOSItemDispenser@@@ATL@@UEAAJKPEAUtagSIZE@@@Z 0000000180003150 f i ItemDispenser.obj
 0001:0000216c       ?GetExtent@?$IOleObjectImpl@VCOPOSItemDispenser@@@ATL@@UEAAJKPEAUtagSIZE@@@Z 000000018000316c f i ItemDispenser.obj
 0001:0000219c       ?Advise@?$IOleObjectImpl@VCOPOSItemDispenser@@@ATL@@UEAAJPEAUIAdviseSink@@PEAK@Z 000000018000319c f i ItemDispenser.obj
 0001:000021f8       ?Unadvise@?$IOleObjectImpl@VCOPOSItemDispenser@@@ATL@@UEAAJK@Z 00000001800031f8 f i ItemDispenser.obj
 0001:00002230       ?EnumAdvise@?$IOleObjectImpl@VCOPOSItemDispenser@@@ATL@@UEAAJPEAPEAUIEnumSTATDATA@@@Z 0000000180003230 f i ItemDispenser.obj
 0001:00002278       ?GetMiscStatus@?$IOleObjectImpl@VCOPOSItemDispenser@@@ATL@@UEAAJKPEAK@Z 0000000180003278 f i ItemDispenser.obj
 0001:00002288       ?GetWindow@?$IOleInPlaceActiveObjectImpl@VCOPOSItemDispenser@@@ATL@@UEAAJPEAPEAUHWND__@@@Z 0000000180003288 f i ItemDispenser.obj
 0001:000022dc       ?TranslateAcceleratorW@?$IOleInPlaceActiveObjectImpl@VCOPOSItemDispenser@@@ATL@@UEAAJPEAUtagMSG@@@Z 00000001800032dc f i ItemDispenser.obj
 0001:000023d0       ?OnDocWindowActivate@?$IOleInPlaceActiveObjectImpl@VCOPOSItemDispenser@@@ATL@@UEAAJH@Z 00000001800033d0 f i ItemDispenser.obj
 0001:000023fc       ?Draw@?$IViewObjectExImpl@VCOPOSItemDispenser@@@ATL@@UEAAJKJPEAXPEAUtagDVTARGETDEVICE@@PEAUHDC__@@2PEBU_RECTL@@3P6AH_K@Z4@Z 00000001800033fc f i ItemDispenser.obj
 0001:00002460       ?AddCommonRGSReplacements@?$CAtlModuleT@VCComModule@ATL@@@ATL@@UEAAJPEAUIRegistrarBase@@@Z 0000000180003460 f i ItemDispenser.obj
 0001:00002478       ?SetAdvise@?$IViewObjectExImpl@VCOPOSItemDispenser@@@ATL@@UEAAJKKPEAUIAdviseSink@@@Z 0000000180003478 f i ItemDispenser.obj
 0001:000024cc       ?GetAdvise@?$IViewObjectExImpl@VCOPOSItemDispenser@@@ATL@@UEAAJPEAK0PEAPEAUIAdviseSink@@@Z 00000001800034cc f i ItemDispenser.obj
 0001:00002508       ?GetExtent@?$IViewObjectExImpl@VCOPOSItemDispenser@@@ATL@@UEAAJKJPEAUtagDVTARGETDEVICE@@PEAUtagSIZE@@@Z 0000000180003508 f i ItemDispenser.obj
 0001:00002538       ?GetViewStatus@?$IViewObjectExImpl@VCOPOSItemDispenser@@@ATL@@UEAAJPEAK@Z 0000000180003538 f i ItemDispenser.obj
 0001:0000254c       ?QueryHitPoint@?$IViewObjectExImpl@VCOPOSItemDispenser@@@ATL@@UEAAJKPEBUtagRECT@@UtagPOINT@@JPEAK@Z 000000018000354c f i ItemDispenser.obj
 0001:00002590       ?QueryHitRect@?$IViewObjectExImpl@VCOPOSItemDispenser@@@ATL@@UEAAJKPEBUtagRECT@@0JPEAK@Z 0000000180003590 f i ItemDispenser.obj
 0001:000025f8       ?GetNaturalExtent@?$IViewObjectExImpl@VCOPOSItemDispenser@@@ATL@@UEAAJKJPEAUtagDVTARGETDEVICE@@PEAUHDC__@@PEAUtagExtentInfo@@PEAUtagSIZE@@@Z 00000001800035f8 f i ItemDispenser.obj
 0001:00002640       ?GetWindow@?$IOleInPlaceObjectWindowlessImpl@VCOPOSItemDispenser@@@ATL@@UEAAJPEAPEAUHWND__@@@Z 0000000180003640 f i ItemDispenser.obj
 0001:00002694       ?InPlaceDeactivate@?$IOleInPlaceObjectWindowlessImpl@VCOPOSItemDispenser@@@ATL@@UEAAJXZ 0000000180003694 f i ItemDispenser.obj
 0001:000026b0       ?UIDeactivate@?$IOleInPlaceObjectWindowlessImpl@VCOPOSItemDispenser@@@ATL@@UEAAJXZ 00000001800036b0 f i ItemDispenser.obj
 0001:000026cc       ?SetObjectRects@?$IOleInPlaceObjectWindowlessImpl@VCOPOSItemDispenser@@@ATL@@UEAAJPEBUtagRECT@@0@Z 00000001800036cc f i ItemDispenser.obj
 0001:000026e8       ?OnWindowMessage@?$IOleInPlaceObjectWindowlessImpl@VCOPOSItemDispenser@@@ATL@@UEAAJI_K_JPEA_J@Z 00000001800036e8 f i ItemDispenser.obj
 0001:000027b0       ?UpdateRegistryFromResourceD@CComModule@ATL@@UEAAJPEB_WHPEAU_ATL_REGMAP_ENTRY@2@@Z 00000001800037b0 f i ItemDispenser.obj
 0001:000027b0       ?UpdateRegistryFromResourceD@CComModule@ATL@@UEAAJIHPEAU_ATL_REGMAP_ENTRY@2@@Z 00000001800037b0 f i ItemDispenser.obj
 0001:000027b8       ?UpdateRegistryFromResource@CComModule@ATL@@UEAAJPEB_WHPEAU_ATL_REGMAP_ENTRY@2@@Z 00000001800037b8 f i ItemDispenser.obj
 0001:000027c0       ?UpdateRegistryFromResource@CComModule@ATL@@UEAAJIHPEAU_ATL_REGMAP_ENTRY@2@@Z 00000001800037c0 f i ItemDispenser.obj
 0001:000027c8       ?EnumConnectionPoints@?$IConnectionPointContainerImpl@VCOPOSItemDispenser@@@ATL@@UEAAJPEAPEAUIEnumConnectionPoints@@@Z 00000001800037c8 f i ItemDispenser.obj
 0001:00002a10       ?FindConnectionPoint@?$IConnectionPointContainerImpl@VCOPOSItemDispenser@@@ATL@@UEAAJAEBU_GUID@@PEAPEAUIConnectionPoint@@@Z 0000000180003a10 f i ItemDispenser.obj
 0001:00002ae0       ?IsDirty@?$IPersistStorageImpl@VCOPOSItemDispenser@@@ATL@@UEAAJXZ 0000000180003ae0 f i ItemDispenser.obj
 0001:00002b24       ?InitNew@?$IPersistStorageImpl@VCOPOSItemDispenser@@@ATL@@UEAAJPEAUIStorage@@@Z 0000000180003b24 f i ItemDispenser.obj
 0001:00002b68       ?Load@?$IPersistStorageImpl@VCOPOSItemDispenser@@@ATL@@UEAAJPEAUIStorage@@@Z 0000000180003b68 f i ItemDispenser.obj
 0001:00002c08       ?Save@?$IPersistStorageImpl@VCOPOSItemDispenser@@@ATL@@UEAAJPEAUIStorage@@H@Z 0000000180003c08 f i ItemDispenser.obj
 0001:00002cb8       ?GetPages@?$ISpecifyPropertyPagesImpl@VCOPOSItemDispenser@@@ATL@@UEAAJPEAUtagCAUUID@@@Z 0000000180003cb8 f i ItemDispenser.obj
 0001:00002cc4       ?QuickActivate@?$IQuickActivateImpl@VCOPOSItemDispenser@@@ATL@@UEAAJPEAUtagQACONTAINER@@PEAUtagQACONTROL@@@Z 0000000180003cc4 f i ItemDispenser.obj
 0001:00002ce0       ?SetContentExtent@?$IQuickActivateImpl@VCOPOSItemDispenser@@@ATL@@UEAAJPEAUtagSIZE@@@Z 0000000180003ce0 f i ItemDispenser.obj
 0001:00002d14       ?GetContentExtent@?$IQuickActivateImpl@VCOPOSItemDispenser@@@ATL@@UEAAJPEAUtagSIZE@@@Z 0000000180003d14 f i ItemDispenser.obj
 0001:00002d4c       ??_ECComModule@ATL@@UEAAPEAXI@Z 0000000180003d4c f i ItemDispenser.obj
 0001:00002d4c       ??_GCComModule@ATL@@UEAAPEAXI@Z 0000000180003d4c f i ItemDispenser.obj
 0001:00002dcc       ?GetData@?$IDataObjectImpl@VCOPOSItemDispenser@@@ATL@@UEAAJPEAUtagFORMATETC@@PEAUtagSTGMEDIUM@@@Z 0000000180003dcc f i ItemDispenser.obj
 0001:00002de8       ?DAdvise@?$IDataObjectImpl@VCOPOSItemDispenser@@@ATL@@UEAAJPEAUtagFORMATETC@@KPEAUIAdviseSink@@PEAK@Z 0000000180003de8 f i ItemDispenser.obj
 0001:00002e70       ?DUnadvise@?$IDataObjectImpl@VCOPOSItemDispenser@@@ATL@@UEAAJK@Z 0000000180003e70 f i ItemDispenser.obj
 0001:00002e9c       ?EnumDAdvise@?$IDataObjectImpl@VCOPOSItemDispenser@@@ATL@@UEAAJPEAPEAUIEnumSTATDATA@@@Z 0000000180003e9c f i ItemDispenser.obj
 0001:00002ed8       ?GetClassInfoW@?$IProvideClassInfo2Impl@$1?CLSID_OPOSItemDispenser@@3U_GUID@@B$1?DIID__IOPOSItemDispenserEvents@@3U2@B$1?LIBID_OposItemDispenser_CCO@@3U2@B$00$0A@VCComTypeInfoHolder@ATL@@@ATL@@UEAAJPEAPEAUITypeInfo@@@Z 0000000180003ed8 f i ItemDispenser.obj
 0001:00002f30       ?GetGUID@?$IProvideClassInfo2Impl@$1?CLSID_OPOSItemDispenser@@3U_GUID@@B$1?DIID__IOPOSItemDispenserEvents@@3U2@B$1?LIBID_OposItemDispenser_CCO@@3U2@B$00$0A@VCComTypeInfoHolder@ATL@@@ATL@@UEAAJKPEAU_GUID@@@Z 0000000180003f30 f i ItemDispenser.obj
 0001:00002f64       ?GetInterfaceSafetyOptions@?$IObjectSafetyImpl@VCOPOSItemDispenser@@$02@ATL@@UEAAJAEBU_GUID@@PEAK1@Z 0000000180003f64 f i ItemDispenser.obj
 0001:00002ff8       ?SetInterfaceSafetyOptions@?$IObjectSafetyImpl@VCOPOSItemDispenser@@$02@ATL@@UEAAJAEBU_GUID@@KK@Z 0000000180003ff8 f i ItemDispenser.obj
 0001:0000309c       ?_LocCPQueryInterface@?$IConnectionPointImpl@VCOPOSItemDispenser@@$1?IID_IPropertyNotifySink@@3U_GUID@@BVCComDynamicUnkArray@ATL@@@ATL@@UEAAJAEBU_GUID@@PEAPEAX@Z 000000018000409c f i ItemDispenser.obj
 0001:0000309c       ?_LocCPQueryInterface@?$IConnectionPointImpl@VCOPOSItemDispenser@@$1?DIID__IOPOSItemDispenserEvents@@3U_GUID@@BVCComDynamicUnkArray@ATL@@@ATL@@UEAAJAEBU_GUID@@PEAPEAX@Z 000000018000409c f i ItemDispenser.obj
 0001:00003110       ?GetConnectionInterface@?$IConnectionPointImpl@VCOPOSItemDispenser@@$1?IID_IPropertyNotifySink@@3U_GUID@@BVCComDynamicUnkArray@ATL@@@ATL@@UEAAJPEAU_GUID@@@Z 0000000180004110 f i ItemDispenser.obj
 0001:0000312c       ?GetConnectionPointContainer@?$IConnectionPointImpl@VCOPOSItemDispenser@@$1?IID_IPropertyNotifySink@@3U_GUID@@BVCComDynamicUnkArray@ATL@@@ATL@@UEAAJPEAPEAUIConnectionPointContainer@@@Z 000000018000412c f i ItemDispenser.obj
 0001:0000314c       ?Advise@?$IConnectionPointImpl@VCOPOSItemDispenser@@$1?IID_IPropertyNotifySink@@3U_GUID@@BVCComDynamicUnkArray@ATL@@@ATL@@UEAAJPEAUIUnknown@@PEAK@Z 000000018000414c f i ItemDispenser.obj
 0001:0000314c       ?Advise@?$IConnectionPointImpl@VCOPOSItemDispenser@@$1?DIID__IOPOSItemDispenserEvents@@3U_GUID@@BVCComDynamicUnkArray@ATL@@@ATL@@UEAAJPEAUIUnknown@@PEAK@Z 000000018000414c f i ItemDispenser.obj
 0001:0000320c       ?Unadvise@?$IConnectionPointImpl@VCOPOSItemDispenser@@$1?IID_IPropertyNotifySink@@3U_GUID@@BVCComDynamicUnkArray@ATL@@@ATL@@UEAAJK@Z 000000018000420c f i ItemDispenser.obj
 0001:0000320c       ?Unadvise@?$IConnectionPointImpl@VCOPOSItemDispenser@@$1?DIID__IOPOSItemDispenserEvents@@3U_GUID@@BVCComDynamicUnkArray@ATL@@@ATL@@UEAAJK@Z 000000018000420c f i ItemDispenser.obj
 0001:00003288       ?EnumConnections@?$IConnectionPointImpl@VCOPOSItemDispenser@@$1?DIID__IOPOSItemDispenserEvents@@3U_GUID@@BVCComDynamicUnkArray@ATL@@@ATL@@UEAAJPEAPEAUIEnumConnections@@@Z 0000000180004288 f i ItemDispenser.obj
 0001:00003288       ?EnumConnections@?$IConnectionPointImpl@VCOPOSItemDispenser@@$1?IID_IPropertyNotifySink@@3U_GUID@@BVCComDynamicUnkArray@ATL@@@ATL@@UEAAJPEAPEAUIEnumConnections@@@Z 0000000180004288 f i ItemDispenser.obj
 0001:00003430       ?GetConnectionInterface@?$IConnectionPointImpl@VCOPOSItemDispenser@@$1?DIID__IOPOSItemDispenserEvents@@3U_GUID@@BVCComDynamicUnkArray@ATL@@@ATL@@UEAAJPEAU_GUID@@@Z 0000000180004430 f i ItemDispenser.obj
 0001:0000344c       ?GetConnectionPointContainer@?$IConnectionPointImpl@VCOPOSItemDispenser@@$1?DIID__IOPOSItemDispenserEvents@@3U_GUID@@BVCComDynamicUnkArray@ATL@@@ATL@@UEAAJPEAPEAUIConnectionPointContainer@@@Z 000000018000444c f i ItemDispenser.obj
 0001:0000346c       ?UpdateRegistry@COPOSItemDispenser@@SAJH@Z 000000018000446c f i ItemDispenser.obj
 0001:00003484       ?ProcessWindowMessage@COPOSItemDispenser@@UEAAHPEAUHWND__@@I_K_JAEA_JK@Z 0000000180004484 f i ItemDispenser.obj
 0001:0000350c       ?SODirectIO@COPOSItemDispenser@@MEAAJJPEAJPEAPEA_W@Z 000000018000450c f i ItemDispenser.obj
 0001:00003584       ?SOStatusUpdate@COPOSItemDispenser@@MEAAJJ@Z 0000000180004584 f i ItemDispenser.obj
 0001:000035d4       ??$AtlModuleRegisterWndClassInfoT@VAtlModuleRegisterWndClassInfoParamW@ATL@@@ATL@@YAGPEAU_ATL_BASE_MODULE70@0@PEAU_ATL_WIN_MODULE70@0@PEAU_ATL_WNDCLASSINFOW@0@PEAP6A_JPEAUHWND__@@I_K_J@ZVAtlModuleRegisterWndClassInfoParamW@0@@Z 00000001800045d4 f i ItemDispenser.obj
 0001:000037d4       ??0?$CComContainedObject@VCOPOSItemDispenser@@@ATL@@QEAA@PEAX@Z 00000001800047d4 f i ItemDispenser.obj
 0001:000038f0       ??0?$CComObject@VCOPOSItemDispenser@@@ATL@@QEAA@PEAX@Z 00000001800048f0 f i ItemDispenser.obj
 0001:00003a08       ??0CAtlModule@ATL@@QEAA@XZ 0000000180004a08 f i ItemDispenser.obj
 0001:00003a84       ??1?$CComEnumImpl@UIEnumConnectionPoints@@$1?_GUID_b196b285_bab4_101a_b69c_00aa00341d07@@3U__s_GUID@@BPEAUIConnectionPoint@@V?$_CopyInterface@UIConnectionPoint@@@ATL@@@ATL@@UEAA@XZ 0000000180004a84 f i ItemDispenser.obj
 0001:00003ae0       ??1?$CComEnumImpl@UIEnumConnections@@$1?_GUID_b196b287_bab4_101a_b69c_00aa00341d07@@3U__s_GUID@@BUtagCONNECTDATA@@V?$_Copy@UtagCONNECTDATA@@@ATL@@@ATL@@UEAA@XZ 0000000180004ae0 f i ItemDispenser.obj
 0001:00003b3c       ??1?$CComObject@VCOPOSItemDispenser@@@ATL@@UEAA@XZ 0000000180004b3c f i ItemDispenser.obj
 0001:00003c5c       ??_E?$CComContainedObject@VCOPOSItemDispenser@@@ATL@@UEAAPEAXI@Z 0000000180004c5c f i ItemDispenser.obj
 0001:00003c5c       ??_G?$CComContainedObject@VCOPOSItemDispenser@@@ATL@@UEAAPEAXI@Z 0000000180004c5c f i ItemDispenser.obj
 0001:00003c90       ??_G?$CComObject@VCOPOSItemDispenser@@@ATL@@UEAAPEAXI@Z 0000000180004c90 f i ItemDispenser.obj
 0001:00003c90       ??_E?$CComObject@VCOPOSItemDispenser@@@ATL@@UEAAPEAXI@Z 0000000180004c90 f i ItemDispenser.obj
 0001:00003cc4       ?Add@?$CSimpleArray@GV?$CSimpleArrayEqualHelper@G@ATL@@@ATL@@QEAAHAEBG@Z 0000000180004cc4 f i ItemDispenser.obj
 0001:00003d78       ?Add@?$CSimpleMap@PEA_WPEA_WVCExpansionVectorEqualHelper@ATL@@@ATL@@QEAAHAEBQEA_W0@Z 0000000180004d78 f i ItemDispenser.obj
 0001:00003e18       ?Add@CComDynamicUnkArray@ATL@@QEAAKPEAUIUnknown@@@Z 0000000180004e18 f i ItemDispenser.obj
 0001:00003f10       ?Add@CExpansionVector@ATL@@QEAAHPEB_W0@Z 0000000180004f10 f i ItemDispenser.obj
 0001:000040a0       ?AddValue@CRegParser@ATL@@IEAAJAEAVCRegKey@2@PEB_WPEA_W@Z 00000001800050a0 f i ItemDispenser.obj
 0001:000044e8       ?AllocateHeap@?$CTempBuffer@_W$0BAA@VCCRTAllocator@ATL@@@ATL@@AEAAX_K@Z 00000001800054e8 f i ItemDispenser.obj
 0001:000044e8       ?AllocateHeap@?$CTempBuffer@_W$0EAA@VCCRTAllocator@ATL@@@ATL@@AEAAX_K@Z 00000001800054e8 f i ItemDispenser.obj
 0001:000044e8       ?AllocateHeap@?$CTempBuffer@E$0BAA@VCCRTAllocator@ATL@@@ATL@@AEAAX_K@Z 00000001800054e8 f i ItemDispenser.obj
 0001:00004514       ?Append@CParseBuffer@CRegParser@ATL@@QEAAHPEB_WH@Z 0000000180005514 f i ItemDispenser.obj
 0001:0000462c       ?AtlCallTermFunc@ATL@@YAXPEAU_ATL_MODULE70@1@@Z 000000018000562c f i ItemDispenser.obj
 0001:00004690       ?AtlComModuleGetClassObject@ATL@@YAJPEAU_ATL_COM_MODULE70@1@AEBU_GUID@@1PEAPEAX@Z 0000000180005690 f i ItemDispenser.obj
 0001:000047d0       ?AtlComModuleRegisterServer@ATL@@YAJPEAU_ATL_COM_MODULE70@1@HPEBU_GUID@@@Z 00000001800057d0 f i ItemDispenser.obj
 0001:00004890       ?AtlComModuleUnregisterServer@ATL@@YAJPEAU_ATL_COM_MODULE70@1@HPEBU_GUID@@@Z 0000000180005890 f i ItemDispenser.obj
 0001:0000494c       ?AtlCreateTargetDC@ATL@@YAPEAUHDC__@@PEAU2@PEAUtagDVTARGETDEVICE@@@Z 000000018000594c f i ItemDispenser.obj
 0001:000049c0       ?AtlHiMetricToPixel@ATL@@YAXPEBUtagSIZE@@PEAU2@@Z 00000001800059c0 f i ItemDispenser.obj
 0001:00004a70       ?AtlHresultFromLastError@ATL@@YAJXZ 0000000180005a70 f i ItemDispenser.obj
 0001:00004a90       ?AtlHresultFromWin32@ATL@@YAJK@Z 0000000180005a90 f i ItemDispenser.obj
 0001:00004aa0       ?AtlIPersistStreamInit_Load@ATL@@YAJPEAUIStream@@PEBUATL_PROPMAP_ENTRY@1@PEAXPEAUIUnknown@@@Z 0000000180005aa0 f i ItemDispenser.obj
 0001:00004cd8       ?AtlIPersistStreamInit_Save@ATL@@YAJPEAUIStream@@HPEBUATL_PROPMAP_ENTRY@1@PEAXPEAUIUnknown@@@Z 0000000180005cd8 f i ItemDispenser.obj
 0001:00004f14       ?AtlInternalOleLoadFromStream@ATL@@YAJPEAUIStream@@AEBU_GUID@@PEAPEAXTClassesAllowedInStream@1@K@Z 0000000180005f14 f i ItemDispenser.obj
 0001:00005058       ?AtlInternalQueryInterface@ATL@@YAJPEAXPEBU_ATL_INTMAP_ENTRY@1@AEBU_GUID@@PEAPEAX@Z 0000000180006058 f i ItemDispenser.obj
 0001:00005160       ?AtlLoadTypeLib@ATL@@YAJPEAUHINSTANCE__@@PEB_WPEAPEA_WPEAPEAUITypeLib@@@Z 0000000180006160 f i ItemDispenser.obj
 0001:000053bc       ?AtlModuleAddTermFunc@ATL@@YAJPEAU_ATL_MODULE70@1@P6AX_K@Z1@Z 00000001800063bc f i ItemDispenser.obj
 0001:00005450       ?AtlRegisterClassCategoriesHelper@ATL@@YAJAEBU_GUID@@PEBU_ATL_CATMAP_ENTRY@1@H@Z 0000000180006450 f i ItemDispenser.obj
 0001:000058b4       ?AtlRegisterTypeLib@ATL@@YAJPEAUHINSTANCE__@@PEB_W@Z 00000001800068b4 f i ItemDispenser.obj
 0001:00005ab0       ?AtlThrowImpl@ATL@@YAXJ@Z  0000000180006ab0 f i ItemDispenser.obj
 0001:00005ad4       ?AtlUnRegisterTypeLib@ATL@@YAJPEAUHINSTANCE__@@PEB_W@Z 0000000180006ad4 f i ItemDispenser.obj
 0001:00005b9c       ?AtlWinModuleExtractCreateWndData@ATL@@YAPEAXPEAU_ATL_WIN_MODULE70@1@@Z 0000000180006b9c f i ItemDispenser.obj
 0001:00005c28       ?Cleanup@CComTypeInfoHolder@ATL@@SAX_K@Z 0000000180006c28 f i ItemDispenser.obj
 0001:00005c68       ?ClearReplacements@CExpansionVector@ATL@@QEAAJXZ 0000000180006c68 f i ItemDispenser.obj
 0001:00005d04       ?Create@?$CWindowImpl@VCOPOSItemDispenser@@VCWindow@ATL@@V?$CWinTraits@$0FGAAAAAA@$0A@@3@@ATL@@QEAAPEAUHWND__@@PEAU3@V_U_RECT@2@PEB_WKKV_U_MENUorID@2@PEAX@Z 0000000180006d04 f i ItemDispenser.obj
 0001:00005db4       ?Create@?$CWindowImplBaseT@VCWindow@ATL@@V?$CWinTraits@$0FGAAAAAA@$0A@@2@@ATL@@QEAAPEAUHWND__@@PEAU3@V_U_RECT@2@PEB_WKKV_U_MENUorID@2@GPEAX@Z 0000000180006db4 f i ItemDispenser.obj
 0001:00005f24       ?Create@CRegKey@ATL@@QEAAJPEAUHKEY__@@PEB_WPEA_WKKPEAU_SECURITY_ATTRIBUTES@@PEAK@Z 0000000180006f24 f i ItemDispenser.obj
 0001:00006008       ?CreateInstance@?$CComCreator@V?$CComAggObject@VCOPOSItemDispenser@@@ATL@@@ATL@@SAJPEAXAEBU_GUID@@PEAPEAX@Z 0000000180007008 f i ItemDispenser.obj
 0001:000060e0       ?CreateInstance@?$CComCreator@V?$CComObject@VCOPOSItemDispenser@@@ATL@@@ATL@@SAJPEAXAEBU_GUID@@PEAPEAX@Z 00000001800070e0 f i ItemDispenser.obj
 0001:00006198       ?CreateInstance@?$CComObject@V?$CComEnum@UIEnumConnectionPoints@@$1?_GUID_b196b285_bab4_101a_b69c_00aa00341d07@@3U__s_GUID@@BPEAUIConnectionPoint@@V?$_CopyInterface@UIConnectionPoint@@@ATL@@VCComSingleThreadModel@6@@ATL@@@ATL@@SAJPEAPEAV12@@Z 0000000180007198 f i ItemDispenser.obj
 0001:00006224       ?CreateInstance@?$CComObject@V?$CComEnum@UIEnumConnections@@$1?_GUID_b196b287_bab4_101a_b69c_00aa00341d07@@3U__s_GUID@@BUtagCONNECTDATA@@V?$_Copy@UtagCONNECTDATA@@@ATL@@VCComSingleThreadModel@6@@ATL@@@ATL@@SAJPEAPEAV12@@Z 0000000180007224 f i ItemDispenser.obj
 0001:000062b0       ?DefaultReflectionHandler@?$CWindowImplRoot@VCWindow@ATL@@@ATL@@SAHPEAUHWND__@@I_K_JAEA_J@Z 00000001800072b0 f i ItemDispenser.obj
 0001:00006314       ?DoEvent@COPOSItemDispenser@@IEAAXI_K_J@Z 0000000180007314 f i ItemDispenser.obj
 0001:000063c8       ?DoVerbPrimary@?$IOleObjectImpl@VCOPOSItemDispenser@@@ATL@@QEAAJPEBUtagRECT@@PEAUHWND__@@@Z 00000001800073c8 f i ItemDispenser.obj
 0001:000064f0       ?DoVerbProperties@CComControlBase@ATL@@QEAAJPEBUtagRECT@@PEAUHWND__@@@Z 00000001800074f0 f i ItemDispenser.obj
 0001:00006718       ?FireTheEvent@?$CProxy_IOPOSEvents@VCOPOSItemDispenser@@@@IEAAXPEAVOposVariant@@IAEAJPEB_WJ@Z 0000000180007718 f i ItemDispenser.obj
 0001:00006804       ?FireViewChange@CComControlBase@ATL@@QEAAJXZ 0000000180007804 f i ItemDispenser.obj
 0001:00006868       ?Fire_DirectIOEvent@?$CProxy_IOPOSEvents@VCOPOSItemDispenser@@@@QEAAXJPEAJPEAPEA_W@Z 0000000180007868 f i ItemDispenser.obj
 0001:000069c0       ?Fire_StatusUpdateEvent@?$CProxy_IOPOSEvents@VCOPOSItemDispenser@@@@QEAAXJ@Z 00000001800079c0 f i ItemDispenser.obj
 0001:00006aac       ?FreeHeap@?$CTempBuffer@E$0BAA@VCCRTAllocator@ATL@@@ATL@@AEAAXXZ 0000000180007aac f i ItemDispenser.obj
 0001:00006aac       ?FreeHeap@?$CTempBuffer@_W$0EAA@VCCRTAllocator@ATL@@@ATL@@AEAAXXZ 0000000180007aac f i ItemDispenser.obj
 0001:00006aac       ?FreeHeap@?$CTempBuffer@_W$0BAA@VCCRTAllocator@ATL@@@ATL@@AEAAXXZ 0000000180007aac f i ItemDispenser.obj
 0001:00006ab4       ?GetAmbientLocaleID@CComControlBase@ATL@@QEAAJAEAK@Z 0000000180007ab4 f i ItemDispenser.obj
 0001:00006b74       ?GetAmbientUserMode@CComControlBase@ATL@@QEAAJAEAH@Z 0000000180007b74 f i ItemDispenser.obj
 0001:00006c48       ?GetClassObject@CComModule@ATL@@QEAAJAEBU_GUID@@0PEAPEAX@Z 0000000180007c48 f i ItemDispenser.obj
 0001:00006d3c       ?GetConnMap@COPOSItemDispenser@@SAPEBU_ATL_CONNMAP_ENTRY@ATL@@PEAH@Z 0000000180007d3c f i ItemDispenser.obj
 0001:00006dc4       ?GetIDsOfNames@CComTypeInfoHolder@ATL@@QEAAJAEBU_GUID@@PEAPEA_WIKPEAJ@Z 0000000180007dc4 f i ItemDispenser.obj
 0001:00006f3c       ?GetPagesHelper@?$ISpecifyPropertyPagesImpl@VCOPOSItemDispenser@@@ATL@@IEAAJPEAUtagCAUUID@@PEBUATL_PROPMAP_ENTRY@2@@Z 0000000180007f3c f i ItemDispenser.obj
 0001:000070dc       ?GetSizeMax@CComVariant@ATL@@QEBAJPEAT_ULARGE_INTEGER@@@Z 00000001800080dc f i ItemDispenser.obj
 0001:00007310       ?GetTI@CComTypeInfoHolder@ATL@@QEAAJK@Z 0000000180008310 f i ItemDispenser.obj
 0001:00007588       ?GetZoomInfo@CComControlBase@ATL@@QEAAXAEAUATL_DRAWINFO@@@Z 0000000180008588 f i ItemDispenser.obj
 0001:0000762c       ?HKeyFromString@CRegParser@ATL@@KAPEAUHKEY__@@PEA_W@Z 000000018000862c f i ItemDispenser.obj
 0001:00007690       ?IDataObject_GetData@CComControlBase@ATL@@QEAAJPEAUtagFORMATETC@@PEAUtagSTGMEDIUM@@@Z 0000000180008690 f i ItemDispenser.obj
 0001:00007884       ?IOleInPlaceObject_InPlaceDeactivate@CComControlBase@ATL@@QEAAJXZ 0000000180008884 f i ItemDispenser.obj
 0001:00007924       ?IOleInPlaceObject_SetObjectRects@CComControlBase@ATL@@QEAAJPEBUtagRECT@@0@Z 0000000180008924 f i ItemDispenser.obj
 0001:00007a14       ?IOleInPlaceObject_UIDeactivate@CComControlBase@ATL@@QEAAJXZ 0000000180008a14 f i ItemDispenser.obj
 0001:00007b20       ?IOleObject_Close@CComControlBase@ATL@@QEAAJK@Z 0000000180008b20 f i ItemDispenser.obj
 0001:00007c38       ?IOleObject_SetClientSite@CComControlBase@ATL@@QEAAJPEAUIOleClientSite@@@Z 0000000180008c38 f i ItemDispenser.obj
 0001:00007cb0       ?IOleObject_SetExtent@CComControlBase@ATL@@QEAAJKPEAUtagSIZE@@@Z 0000000180008cb0 f i ItemDispenser.obj
 0001:00007d48       ?IPSI_GetIPersistStreamInit@?$IPersistStorageImpl@VCOPOSItemDispenser@@@ATL@@AEAAPEAUIPersistStreamInit@@XZ 0000000180008d48 f i ItemDispenser.obj
 0001:00007da4       ?IQuickActivate_QuickActivate@CComControlBase@ATL@@QEAAJPEAUtagQACONTAINER@@PEAUtagQACONTROL@@@Z 0000000180008da4 f i ItemDispenser.obj
 0001:00008068       ?IViewObject_Draw@CComControlBase@ATL@@QEAAJKJPEAXPEAUtagDVTARGETDEVICE@@PEAUHDC__@@2PEBU_RECTL@@3@Z 0000000180009068 f i ItemDispenser.obj
 0001:0000817c       ?InPlaceActivate@CComControlBase@ATL@@QEAAJJPEBUtagRECT@@@Z 000000018000917c f i ItemDispenser.obj
 0001:000084b4       ?Init@?$CComEnumImpl@UIEnumConnectionPoints@@$1?_GUID_b196b285_bab4_101a_b69c_00aa00341d07@@3U__s_GUID@@BPEAUIConnectionPoint@@V?$_CopyInterface@UIConnectionPoint@@@ATL@@@ATL@@QEAAJPEAPEAUIConnectionPoint@@0PEAUIUnknown@@W4CComEnumFlags@2@@Z 00000001800094b4 f i ItemDispenser.obj
 0001:000085d4       ?Init@?$CComEnumImpl@UIEnumConnections@@$1?_GUID_b196b287_bab4_101a_b69c_00aa00341d07@@3U__s_GUID@@BUtagCONNECTDATA@@V?$_Copy@UtagCONNECTDATA@@@ATL@@@ATL@@QEAAJPEAUtagCONNECTDATA@@0PEAUIUnknown@@W4CComEnumFlags@2@@Z 00000001800095d4 f i ItemDispenser.obj
 0001:000086f8       ?IsEqualObject@?$CComPtrBase@UIOleClientSite@@@ATL@@QEAA_NPEAUIUnknown@@@Z 00000001800096f8 f i ItemDispenser.obj
 0001:000086f8       ?IsEqualObject@?$CComPtrBase@UITypeInfo@@@ATL@@QEAA_NPEAUIUnknown@@@Z 00000001800096f8 f i ItemDispenser.obj
 0001:00008784       ?LoadNameCache@CComTypeInfoHolder@ATL@@QEAAJPEAUITypeInfo@@@Z 0000000180009784 f i ItemDispenser.obj
 0001:00008908       ?Lookup@?$CSimpleMap@PEA_WPEA_WVCExpansionVectorEqualHelper@ATL@@@ATL@@QEBAPEA_WAEBQEA_W@Z 0000000180009908 f i ItemDispenser.obj
 0001:00008994       ?NextToken@CRegParser@ATL@@IEAAJPEA_W@Z 0000000180009994 f i ItemDispenser.obj
 0001:00008b4c       ?OnKillFocus@CComControlBase@ATL@@QEAA_JI_K_JAEAH@Z 0000000180009b4c f i ItemDispenser.obj
 0001:00008be8       ?OnMouseActivate@CComControlBase@ATL@@QEAA_JI_K_JAEAH@Z 0000000180009be8 f i ItemDispenser.obj
 0001:00008c88       ?OnPaint@CComControlBase@ATL@@QEAA_JI_K_JAEAH@Z 0000000180009c88 f i ItemDispenser.obj
 0001:00008d74       ?OnSetFocus@CComControlBase@ATL@@QEAA_JI_K_JAEAH@Z 0000000180009d74 f i ItemDispenser.obj
 0001:00008e70       ?Open@CRegKey@ATL@@QEAAJPEAUHKEY__@@PEB_WK@Z 0000000180009e70 f i ItemDispenser.obj
 0001:00008eec       ?PreProcessBuffer@CRegParser@ATL@@QEAAJPEA_WPEAPEA_W@Z 0000000180009eec f i ItemDispenser.obj
 0001:00009270       ?ProcessWindowMessage@?$CComControl@VCOPOSItemDispenser@@V?$CWindowImpl@VCOPOSItemDispenser@@VCWindow@ATL@@V?$CWinTraits@$0FGAAAAAA@$0A@@3@@ATL@@@ATL@@UEAAHPEAUHWND__@@I_K_JAEA_JK@Z 000000018000a270 f i ItemDispenser.obj
 0001:00009354       ?PutProperty@?$CComPtr@UIDispatch@@@ATL@@SAJPEAUIDispatch@@JPEAUtagVARIANT@@@Z 000000018000a354 f i ItemDispenser.obj
 0001:00009458       ?ReadFromStream@CComBSTR@ATL@@QEAAJPEAUIStream@@@Z 000000018000a458 f i ItemDispenser.obj
 0001:000095b4       ?ReadFromStream@CComVariant@ATL@@QEAAJPEAUIStream@@GTClassesAllowedInStream@2@K@Z 000000018000a5b4 f i ItemDispenser.obj
 0001:000097c4       ?RecurseDeleteKey@CRegKey@ATL@@QEAAJPEB_W@Z 000000018000a7c4 f i ItemDispenser.obj
 0001:000098e8       ?RegCreateKeyExW@CAtlTransactionManager@ATL@@QEAAJPEAUHKEY__@@PEB_WKPEA_WKKQEAU_SECURITY_ATTRIBUTES@@PEAPEAU3@PEAK@Z 000000018000a8e8 f i ItemDispenser.obj
 0001:00009a1c       ?RegDeleteKeyW@CAtlTransactionManager@ATL@@QEAAJPEAUHKEY__@@PEB_W@Z 000000018000aa1c f i ItemDispenser.obj
 0001:00009aa8       ?RegOpenKeyExW@CAtlTransactionManager@ATL@@QEAAJPEAUHKEY__@@PEB_WKKPEAPEAU3@@Z 000000018000aaa8 f i ItemDispenser.obj
 0001:00009b60       ?RegisterBuffer@CRegParser@ATL@@QEAAJPEA_WH@Z 000000018000ab60 f i ItemDispenser.obj
 0001:00009cc8       ?RegisterFromResource@CRegObject@ATL@@IEAAJPEB_W00H@Z 000000018000acc8 f i ItemDispenser.obj
 0001:00009e84       ?RegisterServer@CComModule@ATL@@QEAAJHPEBU_GUID@@@Z 000000018000ae84 f i ItemDispenser.obj
 0001:00009f44       ?RegisterSubkeys@CRegParser@ATL@@IEAAJPEA_WPEAUHKEY__@@HH@Z 000000018000af44 f i ItemDispenser.obj
 0001:0000a634       ?SendOnDataChange@CComControlBase@ATL@@QEAAJK@Z 000000018000b634 f i ItemDispenser.obj
 0001:0000a6a4       ?SetControlFocus@CComControlBase@ATL@@QEAAHH@Z 000000018000b6a4 f i ItemDispenser.obj
 0001:0000a780       ?SkipAssignment@CRegParser@ATL@@IEAAJPEA_W@Z 000000018000b780 f i ItemDispenser.obj
 0001:0000a824       ?Term@CComModule@ATL@@QEAAXXZ 000000018000b824 f i ItemDispenser.obj
 0001:0000a8d0       ?UnregisterServer@CComModule@ATL@@QEAAJHPEBU_GUID@@@Z 000000018000b8d0 f i ItemDispenser.obj
 0001:0000a980       ?UpdateRegistryFromResource@CAtlModule@ATL@@QEAAJIHPEAU_ATL_REGMAP_ENTRY@2@@Z 000000018000b980 f i ItemDispenser.obj
 0001:0000acb8       ?UpdateRegistryFromResource@CAtlModule@ATL@@QEAAJPEB_WHPEAU_ATL_REGMAP_ENTRY@2@@Z 000000018000bcb8 f i ItemDispenser.obj
 0001:0000b010       ?VTFromRegType@CRegParser@ATL@@KAHPEB_WAEAG@Z 000000018000c010 f i ItemDispenser.obj
 0001:0000b0ac       ?WindowProc@?$CWindowImplBaseT@VCWindow@ATL@@V?$CWinTraits@$0FGAAAAAA@$0A@@2@@ATL@@SA_JPEAUHWND__@@I_K_J@Z 000000018000c0ac f i ItemDispenser.obj
 0001:0000b218       ?WriteToStream@CComBSTR@ATL@@QEAAJPEAUIStream@@@Z 000000018000c218 f i ItemDispenser.obj
 0001:0000b298       ?WriteToStream@CComVariant@ATL@@QEAAJPEAUIStream@@@Z 000000018000c298 f i ItemDispenser.obj
 0001:0000b4ac       ?WriteToStream@CComVariant@ATL@@QEAAJPEAUIStream@@G@Z 000000018000c4ac f i ItemDispenser.obj
 0001:0000b544       ?_AtlVerifyStackAvailable@_ATL_SAFE_ALLOCA_IMPL@ATL@@YA_N_K@Z 000000018000c544 f i ItemDispenser.obj
 0001:0000b5c8       DllCanUnloadNow            000000018000c5c8 f   ItemDispenser.obj
 0001:0000b5d4       DllGetClassObject          000000018000c5d4 f   ItemDispenser.obj
 0001:0000b5ec       DllMain                    000000018000c5ec f   ItemDispenser.obj
 0001:0000b694       DllRegisterServer          000000018000c694 f   ItemDispenser.obj
 0001:0000b6a8       DllUnregisterServer        000000018000c6a8 f   ItemDispenser.obj
 0001:0000b6bc       __local_stdio_printf_options 000000018000c6bc f i ItemDispenser.obj
 0001:0000b74c       swprintf_s                 000000018000c74c f i ItemDispenser.obj
 0001:0000b7a0       ??0COPOSItemDispenser@@QEAA@XZ 000000018000c7a0 f   ItemDispenserImpl.obj
 0001:0000b85c       ??1?$IConnectionPointImpl@VCOPOSItemDispenser@@$1?DIID__IOPOSItemDispenserEvents@@3U_GUID@@BVCComDynamicUnkArray@ATL@@@ATL@@QEAA@XZ 000000018000c85c f i ItemDispenserImpl.obj
 0001:0000b85c       ??1?$IConnectionPointImpl@VCOPOSItemDispenser@@$1?IID_IPropertyNotifySink@@3U_GUID@@BVCComDynamicUnkArray@ATL@@@ATL@@QEAA@XZ 000000018000c85c f i ItemDispenserImpl.obj
 0001:0000b8b8       ??1CComControlBase@ATL@@UEAA@XZ 000000018000c8b8 f i ItemDispenserImpl.obj
 0001:0000b934       ??1COPOSItemDispenser@@UEAA@XZ 000000018000c934 f   ItemDispenserImpl.obj
 0001:0000b998       ?AdjustItemCount@COPOSItemDispenser@@UEAAJJJPEAJ@Z 000000018000c998 f   ItemDispenserImpl.obj
 0001:0000ba64       ?CheckHealth@COPOSItemDispenser@@UEAAJJPEAJ@Z 000000018000ca64 f   ItemDispenserImpl.obj
 0001:0000bae0       ?ClaimDevice@COPOSItemDispenser@@UEAAJJPEAJ@Z 000000018000cae0 f   ItemDispenserImpl.obj
 0001:0000bb80       ?Close@COPOSItemDispenser@@UEAAJPEAJ@Z 000000018000cb80 f   ItemDispenserImpl.obj
 0001:0000bc38       ?CompareFirmwareVersion@COPOSItemDispenser@@UEAAJPEA_WPEAJ1@Z 000000018000cc38 f   ItemDispenserImpl.obj
 0001:0000bd14       ?DirectIO@COPOSItemDispenser@@UEAAJJPEAJPEAPEA_W0@Z 000000018000cd14 f   ItemDispenserImpl.obj
 0001:0000be10       ?DispenseItem@COPOSItemDispenser@@UEAAJPEAJJ0@Z 000000018000ce10 f   ItemDispenserImpl.obj
 0001:0000bee8       ?DoInvoke@COPOSItemDispenser@@IEAAJJPEAVOposVariant@@IHPEAJ_N@Z 000000018000cee8 f   ItemDispenserImpl.obj
 0001:0000c01c       ?EventInit@COPOSItemDispenser@@IEAAJXZ 000000018000d01c f i ItemDispenserImpl.obj
 0001:0000c164       ?EventUninit@COPOSItemDispenser@@IEAAXXZ 000000018000d164 f i ItemDispenserImpl.obj
 0001:0000c1c8       ?EventWindowProc@COPOSItemDispenser@@IEAA_JI_K_J@Z 000000018000d1c8 f i ItemDispenserImpl.obj
 0001:0000c2c0       ?FinalConstruct@COPOSItemDispenser@@QEAAJXZ 000000018000d2c0 f   ItemDispenserImpl.obj
 0001:0000c2fc       ?FreezeEvents@COPOSItemDispenser@@MEAAJH@Z 000000018000d2fc f   ItemDispenserImpl.obj
 0001:0000c370       ?GetOposProp@COPOSItemDispenser@@IEAAJJPEAJJ@Z 000000018000d370 f   ItemDispenserImpl.obj
 0001:0000c48c       ?GetOposProp@COPOSItemDispenser@@IEAAJJPEAPEA_WJ@Z 000000018000d48c f   ItemDispenserImpl.obj
 0001:0000c5b8       ?OnDraw@COPOSItemDispenser@@MEAAJAEAUATL_DRAWINFO@@@Z 000000018000d5b8 f   ItemDispenserImpl.obj
 0001:0000c6a4       ?Open@COPOSItemDispenser@@UEAAJPEA_WPEAJ@Z 000000018000d6a4 f   ItemDispenserImpl.obj
 0001:0000cf2c       ?ReadItemCount@COPOSItemDispenser@@UEAAJPEAJJ0@Z 000000018000df2c f   ItemDispenserImpl.obj
 0001:0000d004       ?ReleaseDevice@COPOSItemDispenser@@UEAAJPEAJ@Z 000000018000e004 f   ItemDispenserImpl.obj
 0001:0000d070       ?ResetStatistics@COPOSItemDispenser@@UEAAJPEA_WPEAJ@Z 000000018000e070 f   ItemDispenserImpl.obj
 0001:0000d0f8       ?RetrieveStatistics@COPOSItemDispenser@@UEAAJPEAPEA_WPEAJ@Z 000000018000e0f8 f   ItemDispenserImpl.obj
 0001:0000d180       ?SOProcessID@COPOSItemDispenser@@UEAAJPEAJ@Z 000000018000e180 f   ItemDispenserImpl.obj
 0001:0000d19c       ?SetCOFreezeEvents@COPOSItemDispenser@@IEAAXF@Z 000000018000e19c f   ItemDispenserImpl.obj
 0001:0000d280       ?SetOposProp@COPOSItemDispenser@@IEAAJJJJ@Z 000000018000e280 f   ItemDispenserImpl.obj
 0001:0000d3e0       ?UpdateFirmware@COPOSItemDispenser@@UEAAJPEA_WPEAJ@Z 000000018000e3e0 f   ItemDispenserImpl.obj
 0001:0000d468       ?UpdateStatistics@COPOSItemDispenser@@UEAAJPEA_WPEAJ@Z 000000018000e468 f   ItemDispenserImpl.obj
 0001:0000d4f0       ?get_BinaryConversion@COPOSItemDispenser@@UEAAJPEAJ@Z 000000018000e4f0 f   ItemDispenserImpl.obj
 0001:0000d504       ?get_CapCompareFirmwareVersion@COPOSItemDispenser@@UEAAJPEAF@Z 000000018000e504 f   ItemDispenserImpl.obj
 0001:0000d538       ?get_CapEmptySensor@COPOSItemDispenser@@UEAAJPEAF@Z 000000018000e538 f   ItemDispenserImpl.obj
 0001:0000d56c       ?get_CapIndividualSlotStatus@COPOSItemDispenser@@UEAAJPEAF@Z 000000018000e56c f   ItemDispenserImpl.obj
 0001:0000d5a0       ?get_CapJamSensor@COPOSItemDispenser@@UEAAJPEAF@Z 000000018000e5a0 f   ItemDispenserImpl.obj
 0001:0000d5d4       ?get_CapNearEmptySensor@COPOSItemDispenser@@UEAAJPEAF@Z 000000018000e5d4 f   ItemDispenserImpl.obj
 0001:0000d608       ?get_CapPowerReporting@COPOSItemDispenser@@UEAAJPEAJ@Z 000000018000e608 f   ItemDispenserImpl.obj
 0001:0000d61c       ?get_CapStatisticsReporting@COPOSItemDispenser@@UEAAJPEAF@Z 000000018000e61c f   ItemDispenserImpl.obj
 0001:0000d650       ?get_CapUpdateFirmware@COPOSItemDispenser@@UEAAJPEAF@Z 000000018000e650 f   ItemDispenserImpl.obj
 0001:0000d684       ?get_CapUpdateStatistics@COPOSItemDispenser@@UEAAJPEAF@Z 000000018000e684 f   ItemDispenserImpl.obj
 0001:0000d6b8       ?get_CheckHealthText@COPOSItemDispenser@@UEAAJPEAPEA_W@Z 000000018000e6b8 f   ItemDispenserImpl.obj
 0001:0000d6cc       ?get_Claimed@COPOSItemDispenser@@UEAAJPEAF@Z 000000018000e6cc f   ItemDispenserImpl.obj
 0001:0000d700       ?get_ControlObjectDescription@COPOSItemDispenser@@UEAAJPEAPEA_W@Z 000000018000e700 f   ItemDispenserImpl.obj
 0001:0000d764       ?get_ControlObjectVersion@COPOSItemDispenser@@UEAAJPEAJ@Z 000000018000e764 f   ItemDispenserImpl.obj
 0001:0000d770       ?get_DeviceDescription@COPOSItemDispenser@@UEAAJPEAPEA_W@Z 000000018000e770 f   ItemDispenserImpl.obj
 0001:0000d784       ?get_DeviceEnabled@COPOSItemDispenser@@UEAAJPEAF@Z 000000018000e784 f   ItemDispenserImpl.obj
 0001:0000d7b8       ?get_DeviceName@COPOSItemDispenser@@UEAAJPEAPEA_W@Z 000000018000e7b8 f   ItemDispenserImpl.obj
 0001:0000d7cc       ?get_DispenserStatus@COPOSItemDispenser@@UEAAJPEAJ@Z 000000018000e7cc f   ItemDispenserImpl.obj
 0001:0000d7e0       ?get_FreezeEvents@COPOSItemDispenser@@UEAAJPEAF@Z 000000018000e7e0 f   ItemDispenserImpl.obj
 0001:0000d810       ?get_MaxSlots@COPOSItemDispenser@@UEAAJPEAJ@Z 000000018000e810 f   ItemDispenserImpl.obj
 0001:0000d824       ?get_OpenResult@COPOSItemDispenser@@UEAAJPEAJ@Z 000000018000e824 f   ItemDispenserImpl.obj
 0001:0000d830       ?get_PowerNotify@COPOSItemDispenser@@UEAAJPEAJ@Z 000000018000e830 f   ItemDispenserImpl.obj
 0001:0000d844       ?get_PowerState@COPOSItemDispenser@@UEAAJPEAJ@Z 000000018000e844 f   ItemDispenserImpl.obj
 0001:0000d858       ?get_ResultCode@COPOSItemDispenser@@UEAAJPEAJ@Z 000000018000e858 f   ItemDispenserImpl.obj
 0001:0000d894       ?get_ResultCodeExtended@COPOSItemDispenser@@UEAAJPEAJ@Z 000000018000e894 f   ItemDispenserImpl.obj
 0001:0000d8a8       ?get_ServiceObjectDescription@COPOSItemDispenser@@UEAAJPEAPEA_W@Z 000000018000e8a8 f   ItemDispenserImpl.obj
 0001:0000d8bc       ?get_ServiceObjectVersion@COPOSItemDispenser@@UEAAJPEAJ@Z 000000018000e8bc f   ItemDispenserImpl.obj
 0001:0000d8d0       ?get_State@COPOSItemDispenser@@UEAAJPEAJ@Z 000000018000e8d0 f   ItemDispenserImpl.obj
 0001:0000d8fc       ?put_BinaryConversion@COPOSItemDispenser@@UEAAJJ@Z 000000018000e8fc f   ItemDispenserImpl.obj
 0001:0000d910       ?put_DeviceEnabled@COPOSItemDispenser@@UEAAJF@Z 000000018000e910 f   ItemDispenserImpl.obj
 0001:0000d928       ?put_FreezeEvents@COPOSItemDispenser@@UEAAJF@Z 000000018000e928 f   ItemDispenserImpl.obj
 0001:0000d978       ?put_PowerNotify@COPOSItemDispenser@@UEAAJJ@Z 000000018000e978 f   ItemDispenserImpl.obj
 0001:0000d98c       ?s_EventWindowProc@COPOSItemDispenser@@KA_JPEAUHWND__@@I_K_J@Z 000000018000e98c f i ItemDispenserImpl.obj
 0001:0000da08       ??_U@YAPEAX_K@Z            000000018000ea08 f   LIBCMT:new_array.obj
 0001:0000da10       ??3@YAXPEAX_K@Z            000000018000ea10 f   LIBCMT:delete_scalar_size.obj
 0001:0000da10       ??_V@YAXPEAX@Z             000000018000ea10 f   LIBCMT:delete_array.obj
 0001:0000da18       ??_V@YAXPEAX_K@Z           000000018000ea18 f   LIBCMT:delete_array_size.obj
 0001:0000da20       __scrt_acquire_startup_lock 000000018000ea20 f   LIBCMT:utility.obj
 0001:0000da5c       __scrt_dllmain_after_initialize_c 000000018000ea5c f   LIBCMT:utility.obj
 0001:0000da90       __scrt_dllmain_before_initialize_c 000000018000ea90 f   LIBCMT:utility.obj
 0001:0000daa8       __scrt_dllmain_crt_thread_attach 000000018000eaa8 f   LIBCMT:utility.obj
 0001:0000dad0       __scrt_dllmain_crt_thread_detach 000000018000ead0 f   LIBCMT:utility.obj
 0001:0000dae8       __scrt_dllmain_exception_filter 000000018000eae8 f   LIBCMT:utility.obj
 0001:0000db48       __scrt_dllmain_uninitialize_c 000000018000eb48 f   LIBCMT:utility.obj
 0001:0000db78       __scrt_dllmain_uninitialize_critical 000000018000eb78 f   LIBCMT:utility.obj
 0001:0000db8c       __scrt_initialize_crt      000000018000eb8c f   LIBCMT:utility.obj
 0001:0000dbd8       __scrt_initialize_onexit_tables 000000018000ebd8 f   LIBCMT:utility.obj
 0001:0000dcb0       __scrt_is_nonwritable_in_current_image 000000018000ecb0 f   LIBCMT:utility.obj
 0001:0000dd4c       __scrt_release_startup_lock 000000018000ed4c f   LIBCMT:utility.obj
 0001:0000dd70       __scrt_uninitialize_crt    000000018000ed70 f   LIBCMT:utility.obj
 0001:0000dd9c       _onexit                    000000018000ed9c f   LIBCMT:utility.obj
 0001:0000ddec       atexit                     000000018000edec f   LIBCMT:utility.obj
 0001:0000de04       ??3@YAXPEAX@Z              000000018000ee04 f   LIBCMT:delete_scalar.obj
 0001:0000df94       _Init_thread_footer        000000018000ef94 f   LIBCMT:thread_safe_statics.obj
 0001:0000dff4       _Init_thread_header        000000018000eff4 f   LIBCMT:thread_safe_statics.obj
 0001:0000e05c       _Init_thread_notify        000000018000f05c f   LIBCMT:thread_safe_statics.obj
 0001:0000e0ac       _Init_thread_wait          000000018000f0ac f   LIBCMT:thread_safe_statics.obj
 0001:0000e124       __raise_securityfailure    000000018000f124 f   LIBCMT:gs_report.obj
 0001:0000e158       __report_gsfailure         000000018000f158 f   LIBCMT:gs_report.obj
 0001:0000e22c       __report_rangecheckfailure 000000018000f22c f   LIBCMT:gs_report.obj
 0001:0000e240       __report_securityfailure   000000018000f240 f   LIBCMT:gs_report.obj
 0001:0000e3c0       ??2@YAPEAX_KAEBUnothrow_t@std@@@Z 000000018000f3c0 f   LIBCMT:new_scalar_nothrow.obj
 0001:0000e3e0       ??_U@YAPEAX_KAEBUnothrow_t@std@@@Z 000000018000f3e0 f   LIBCMT:new_array_nothrow.obj
 0001:0000e3e8       __GSHandlerCheck           000000018000f3e8 f   LIBCMT:_gshandler_.obj
 0001:0000e408       __GSHandlerCheckCommon     000000018000f408 f   LIBCMT:_gshandler_.obj
 0001:0000e464       __GSHandlerCheck_SEH       000000018000f464 f   LIBCMT:_gshandlerseh_.obj
 0001:0000e500       __chkstk                   000000018000f500 f   LIBCMT:_chkstk_.obj
 0001:0000e500       _alloca_probe              000000018000f500 f   LIBCMT:_chkstk_.obj
 0001:0000e570       __security_check_cookie    000000018000f570 f   LIBCMT:_amdsecgs_.obj
 0001:0000e8c4       _DllMainCRTStartup         000000018000f8c4 f   LIBCMT:dll_dllmain.obj
 0001:0000e904       ??2@YAPEAX_K@Z             000000018000f904 f   LIBCMT:new_scalar.obj
 0001:0000e940       __isa_available_init       000000018000f940 f   LIBCMT:_cpu_disp_.obj
 0001:0000eafc       _get_startup_argv_mode     000000018000fafc f   LIBCMT:argv_mode.obj
 0001:0000eb04       __scrt_is_ucrt_dll_in_use  000000018000fb04 f   LIBCMT:ucrt_detection.obj
 0001:0000eb10       __crt_debugger_hook        000000018000fb10 f   LIBCMT:utility_desktop.obj
 0001:0000eb18       __scrt_fastfail            000000018000fb18 f   LIBCMT:utility_desktop.obj
 0001:0000ec64       _guard_check_icall_nop     000000018000fc64 f i LIBCMT:guard_support.obj
 0001:0000ec68       __security_init_cookie     000000018000fc68 f   LIBCMT:gs_support.obj
 0001:0000ed14       ?__scrt_initialize_type_info@@YAXXZ 000000018000fd14 f   LIBCMT:tncleanup.obj
 0001:0000ed24       ?__scrt_uninitialize_type_info@@YAXXZ 000000018000fd24 f   LIBCMT:tncleanup.obj
 0001:0000ed30       __local_stdio_scanf_options 000000018000fd30 f i LIBCMT:default_local_stdio_options.obj
 0001:0000ed38       __scrt_initialize_default_local_stdio_options 000000018000fd38 f   LIBCMT:default_local_stdio_options.obj
 0001:0000ed54       __scrt_get_dyn_tls_init_callback 000000018000fd54 f   LIBCMT:dyn_tls_init.obj
 0001:0000ed5c       _RTC_Initialize            000000018000fd5c f   LIBCMT:_initsect_.obj
 0001:0000ed98       _RTC_Terminate             000000018000fd98 f   LIBCMT:_initsect_.obj
 0001:0000edd4       ??0bad_alloc@std@@QEAA@AEBV01@@Z 000000018000fdd4 f i LIBCMT:throw_bad_alloc.obj
 0001:0000ee14       ??0bad_alloc@std@@QEAA@XZ  000000018000fe14 f i LIBCMT:throw_bad_alloc.obj
 0001:0000ee34       ??0bad_array_new_length@std@@QEAA@AEBV01@@Z 000000018000fe34 f i LIBCMT:throw_bad_alloc.obj
 0001:0000ee74       ??0bad_array_new_length@std@@QEAA@XZ 000000018000fe74 f i LIBCMT:throw_bad_alloc.obj
 0001:0000ee94       ??0exception@std@@QEAA@AEBV01@@Z 000000018000fe94 f i LIBCMT:throw_bad_alloc.obj
 0001:0000eecc       ??1bad_alloc@std@@UEAA@XZ  000000018000fecc f i LIBCMT:throw_bad_alloc.obj
 0001:0000eecc       ??1bad_exception@std@@UEAA@XZ 000000018000fecc f i libvcruntime:frame.obj
 0001:0000eecc       ??1bad_array_new_length@std@@UEAA@XZ 000000018000fecc f i LIBCMT:throw_bad_alloc.obj
 0001:0000eee0       ??_Ebad_alloc@std@@UEAAPEAXI@Z 000000018000fee0 f i LIBCMT:throw_bad_alloc.obj
 0001:0000eee0       ??_Ebad_exception@std@@UEAAPEAXI@Z 000000018000fee0 f i libvcruntime:frame.obj
 0001:0000eee0       ??_Ebad_array_new_length@std@@UEAAPEAXI@Z 000000018000fee0 f i LIBCMT:throw_bad_alloc.obj
 0001:0000eee0       ??_Gbad_alloc@std@@UEAAPEAXI@Z 000000018000fee0 f i LIBCMT:throw_bad_alloc.obj
 0001:0000eee0       ??_Eexception@std@@UEAAPEAXI@Z 000000018000fee0 f i LIBCMT:throw_bad_alloc.obj
 0001:0000eee0       ??_Gbad_array_new_length@std@@UEAAPEAXI@Z 000000018000fee0 f i LIBCMT:throw_bad_alloc.obj
 0001:0000eee0       ??_Gexception@std@@UEAAPEAXI@Z 000000018000fee0 f i LIBCMT:throw_bad_alloc.obj
 0001:0000eee0       ??_Gbad_exception@std@@UEAAPEAXI@Z 000000018000fee0 f i libvcruntime:frame.obj
 0001:0000ef24       ?__scrt_throw_std_bad_alloc@@YAXXZ 000000018000ff24 f   LIBCMT:throw_bad_alloc.obj
 0001:0000ef44       ?__scrt_throw_std_bad_array_new_length@@YAXXZ 000000018000ff44 f   LIBCMT:throw_bad_alloc.obj
 0001:0000ef64       ?what@exception@std@@UEBAPEBDXZ 000000018000ff64 f i LIBCMT:throw_bad_alloc.obj
 0001:0000ef80       ??_Gtype_info@@UEAAPEAXI@Z 000000018000ff80 f i LIBCMT:std_type_info_static.obj
 0001:0000ef80       ??_Etype_info@@UEAAPEAXI@Z 000000018000ff80 f i LIBCMT:std_type_info_static.obj
 0001:0000efac       ??0CAtlBaseModule@ATL@@QEAA@XZ 000000018000ffac f   atls:atlbase.obj
 0001:0000f054       ??1CAtlBaseModule@ATL@@QEAA@XZ 0000000180010054 f   atls:atlbase.obj
 0001:0000f188       ?__AllocStdCallThunk_cmn@@YAPEAXXZ 0000000180010188 f   atls:atlthunk.obj
 0001:0000f2e0       AtlThunk_AllocateData      00000001800102e0 f   atls:atlthunk.obj
 0001:0000f35c       AtlThunk_DataToCode        000000018001035c f   atls:atlthunk.obj
 0001:0000f3b0       AtlThunk_FreeData          00000001800103b0 f   atls:atlthunk.obj
 0001:0000f410       AtlThunk_InitData          0000000180010410 f   atls:atlthunk.obj
 0001:0000f4d0       memset_repmovs             00000001800104d0 f   libvcruntime:memset.obj
 0001:0000f4f0       memset                     00000001800104f0 f   libvcruntime:memset.obj
 0001:0000f680       _purecall                  0000000180010680 f   libvcruntime:purevirt.obj
 0001:0000f6b0       wcsstr                     00000001800106b0 f   libvcruntime:wcsstr.obj
 0001:0000f8e0       memcmp                     00000001800108e0 f   libvcruntime:memcmp.obj
 0001:0000f9c0       memcpy_repmovs             00000001800109c0 f   libvcruntime:memcpy.obj
 0001:0000f9e0       memmove                    00000001800109e0 f   libvcruntime:memcpy.obj
 0001:0000f9e0       memcpy                     00000001800109e0 f   libvcruntime:memcpy.obj
 0001:0000fe18       __vcrt_initialize          0000000180010e18 f   libvcruntime:initialization.obj
 0001:0000fe4c       __vcrt_thread_attach       0000000180010e4c f   libvcruntime:initialization.obj
 0001:0000fe60       __vcrt_thread_detach       0000000180010e60 f   libvcruntime:initialization.obj
 0001:0000fe74       __vcrt_uninitialize        0000000180010e74 f   libvcruntime:initialization.obj
 0001:0000fe94       __vcrt_uninitialize_critical 0000000180010e94 f   libvcruntime:initialization.obj
[...]
 0004:00001740       $pdata$__acrt_SetThreadStackGuarantee 0000000180033740     libucrt:winapi_thunks.obj
 0004:0000174c       $pdata$?try_get_function@@YAPEAXW4function_id@?A0x391cf84c@@QEBDQEBW4module_id@2@2@Z 000000018003374c     libucrt:winapi_thunks.obj
 0004:00001758       $pdata$isdigit             0000000180033758     libucrt:_ctype.obj
 0004:00001764       $pdata$tolower             0000000180033764     libucrt:tolower_toupper.obj
 0004:00001770       $pdata$_tolower_l          0000000180033770     libucrt:tolower_toupper.obj
 0004:0000177c       $pdata$?internal_isupper_l@@YA_NHQEAU__crt_locale_pointers@@@Z 000000018003377c     libucrt:tolower_toupper.obj
 0004:00001788       $pdata$wcstol              0000000180033788     libucrt:strtox.obj
 0004:00001794       $pdata$_mbtowc_l           0000000180033794     libucrt:mbtowc.obj
 0004:000017a0       $pdata$wcsnlen             00000001800337a0     libucrt:strnlen.obj
 0004:000017ac       $pdata$__acrt_update_locale_info 00000001800337ac     libucrt:locale_update.obj
 0004:000017b8       $pdata$__acrt_update_multibyte_info 00000001800337b8     libucrt:locale_update.obj
 0004:000017c4       $pdata$__acrt_fp_format    00000001800337c4     libucrt:cvt.obj
 0004:000017d0       $pdata$?fp_format_nan_or_infinity@@YAHW4__acrt_fp_class@@_NPEAD_K1@Z 00000001800337d0     libucrt:cvt.obj
 0004:000017dc       $pdata$?fp_format_e_internal@@YAHQEAD_KH_NIQEAU_strflt@@2QEAU__crt_locale_pointers@@@Z 00000001800337dc     libucrt:cvt.obj
 0004:000017e8       $pdata$?fp_format_e@@YAHQEBNQEAD_K12H_NIQEAU__crt_locale_pointers@@@Z 00000001800337e8     libucrt:cvt.obj
 0004:000017f4       $pdata$?fp_format_a@@YAHQEBNPEAD_KQEAD2H_NIQEAU__crt_locale_pointers@@@Z 00000001800337f4     libucrt:cvt.obj
 0004:00001800       $pdata$?fp_format_f_internal@@YAHQEAD_KHQEAU_strflt@@_NQEAU__crt_locale_pointers@@@Z 0000000180033800     libucrt:cvt.obj
 0004:0000180c       $pdata$?fp_format_g@@YAHQEBNQEAD_K12H_NIQEAU__crt_locale_pointers@@@Z 000000018003380c     libucrt:cvt.obj
 0004:00001818       $pdata$_fileno             0000000180033818     libucrt:fileno.obj
 0004:00001824       $pdata$__acrt_initialize_stdio 0000000180033824     libucrt:_file.obj
 0004:00001830       $pdata$__acrt_uninitialize_stdio 0000000180033830     libucrt:_file.obj
 0004:0000183c       $pdata$__acrt_uninitialize_locale 000000018003383c     libucrt:wsetlocale.obj
 0004:00001848       $pdata$??$?RV<lambda_410d79af7f07d98d83a3f525b3859a53>@@AEAV<lambda_3e16ef9562a7dcce91392c22ab16ea36>@@V<lambda_38119f0e861e05405d8a144b9b982f0a>@@@?$__crt_seh_guarded_call@X@@QEAAX$$QEAV<lambda_410d79af7f07d98d83a3f525b3859a53>@@AEAV<lambda_3e16ef9562a7dcce91392c22ab16ea36>@@$$QEAV<lambda_38119f0e861e05405d8a144b9b982f0a>@@@Z 0000000180033848     libucrt:wsetlocale.obj
 0004:00001854       $pdata$?fin$0@?0???$?RV<lambda_410d79af7f07d98d83a3f525b3859a53>@@AEAV<lambda_3e16ef9562a7dcce91392c22ab16ea36>@@V<lambda_38119f0e861e05405d8a144b9b982f0a>@@@?$__crt_seh_guarded_call@X@@QEAAX$$QEAV<lambda_410d79af7f07d98d83a3f525b3859a53>@@AEAV<lambda_3e16ef9562a7dcce91392c22ab16ea36>@@$$QEAV<lambda_38119f0e861e05405d8a144b9b982f0a>@@@Z@4HA 0000000180033854     libucrt:wsetlocale.obj
 0004:00001860       $pdata$__acrt_initialize_lowio 0000000180033860     libucrt:ioinit.obj
 0004:0000186c       $pdata$__acrt_initialize_lowio$fin$0 000000018003386c     libucrt:ioinit.obj
 0004:0000186c       $pdata$__acrt_lowio_ensure_fh_exists$fin$0 000000018003386c     libucrt:osfinfo.obj
 0004:00001878       $pdata$__acrt_uninitialize_lowio 0000000180033878     libucrt:ioinit.obj
 0004:00001884       $pdata$?initialize_inherited_file_handles_nolock@@YAXXZ 0000000180033884     libucrt:ioinit.obj
 0004:00001890       $pdata$?initialize_stdio_handles_nolock@@YAXXZ 0000000180033890     libucrt:ioinit.obj
 0004:0000189c       $pdata$__acrt_initialize_locks 000000018003389c     libucrt:locks.obj
 0004:000018a8       $pdata$__acrt_uninitialize_locks 00000001800338a8     libucrt:locks.obj
 0004:000018b4       $pdata$__acrt_get_process_end_policy 00000001800338b4     libucrt:win_policies.obj
 0004:000018c0       $pdata$??$common_expand_argv_wildcards@D@@YAHQEAPEADQEAPEAPEAD@Z 00000001800338c0     libucrt:argv_wildcards.obj
 0004:000018cc       $pdata$??$copy_and_add_argument_to_buffer@D@@YAHQEBD0_KAEAV?$argument_list@D@?A0x5f5c8891@@@Z 00000001800338cc     libucrt:argv_wildcards.obj
 0004:000018d8       $pdata$??$expand_argument_wildcards@D@@YAHQEAD0AEAV?$argument_list@D@?A0x5f5c8891@@@Z 00000001800338d8     libucrt:argv_wildcards.obj
 0004:000018e4       $pdata$__acrt_update_thread_multibyte_data 00000001800338e4     libucrt:mbctype.obj
 0004:000018f0       $pdata$__acrt_initialize_multibyte 00000001800338f0     libucrt:mbctype.obj
 0004:000018fc       $pdata$_setmbcp_nolock     00000001800338fc     libucrt:mbctype.obj
 0004:00001908       $pdata$?getSystemCP@@YAHH@Z 0000000180033908     libucrt:mbctype.obj
 0004:00001914       $pdata$?setSBCS@@YAXPEAU__crt_multibyte_data@@@Z 0000000180033914     libucrt:mbctype.obj
 0004:00001920       $pdata$?setSBUpLow@@YAXPEAU__crt_multibyte_data@@@Z 0000000180033920     libucrt:mbctype.obj
 0004:0000192c       $pdata$?update_thread_multibyte_data_internal@@YAPEAU__crt_multibyte_data@@QEAU__acrt_ptd@@QEAU1@@Z 000000018003392c     libucrt:mbctype.obj
 0004:00001938       $pdata$?fin$0@?0??update_thread_multibyte_data_internal@@YAPEAU__crt_multibyte_data@@QEAU__acrt_ptd@@QEAU1@@Z@4HA 0000000180033938     libucrt:mbctype.obj
 0004:00001944       $pdata$?setmbcp_internal@@YAHH_NQEAU__acrt_ptd@@QEAPEAU__crt_multibyte_data@@@Z 0000000180033944     libucrt:mbctype.obj
 0004:00001950       $pdata$??$?RV<lambda_efdfa57d1f175319df784efa44bb7b81>@@AEAV<lambda_5f0a4c1567f8adc6734073e5d1e1b35c>@@V<lambda_2e8a7d3640ea6ccb4c2413664c2db6fd>@@@?$__crt_seh_guarded_call@X@@QEAAX$$QEAV<lambda_efdfa57d1f175319df784efa44bb7b81>@@AEAV<lambda_5f0a4c1567f8adc6734073e5d1e1b35c>@@$$QEAV<lambda_2e8a7d3640ea6ccb4c2413664c2db6fd>@@@Z 0000000180033950     libucrt:mbctype.obj
 0004:0000195c       $pdata$?x_ismbbtype_l@@YAHPEAU__crt_locale_pointers@@IHH@Z 000000018003395c     libucrt:ismbbyte.obj
 0004:00001968       $pdata$__acrt_initialize_command_line 0000000180033968     libucrt:argv_data.obj
 0004:00001974       $pdata$__dcrt_get_narrow_environment_from_os 0000000180033974     libucrt:get_environment_from_os.obj
 0004:00001980       $pdata$__acrt_initialize_heap 0000000180033980     libucrt:heap_handle.obj
 0004:0000198c       $pdata$__acrt_execute_initializers 000000018003398c     libucrt:shared_initialization.obj
 0004:00001998       $pdata$__acrt_execute_uninitializers 0000000180033998     libucrt:shared_initialization.obj
 0004:000019a4       $pdata$__acrt_get_sigabrt_handler 00000001800339a4     libucrt:signal.obj
 0004:000019b0       $pdata$raise               00000001800339b0     libucrt:signal.obj
 0004:000019bc       $pdata$raise$fin$0         00000001800339bc     libucrt:signal.obj
 0004:000019c8       $pdata$??$?RV<lambda_450d765d439847d4c735a33c368b5fc0>@@AEAV<lambda_44731a7d0e6d81c3e6aa82d741081786>@@V<lambda_601a2a7da3b7a96e9554ac7215c4b07c>@@@?$__crt_seh_guarded_call@P6AXH@Z@@QEAAP6AXH@Z$$QEAV<lambda_450d765d439847d4c735a33c368b5fc0>@@AEAV<lambda_44731a7d0e6d81c3e6aa82d741081786>@@$$QEAV<lambda_601a2a7da3b7a96e9554ac7215c4b07c>@@@Z 00000001800339c8     libucrt:signal.obj
 0004:000019d4       $pdata$__pctype_func       00000001800339d4     libucrt:ctype.obj
 0004:000019e0       $pdata$iswctype            00000001800339e0     libucrt:iswctype.obj
 0004:000019ec       $pdata$_isctype_l          00000001800339ec     libucrt:isctype.obj
 0004:000019f8       $pdata$__acrt_release_locale_ref 00000001800339f8     libucrt:locale_refcounting.obj
 0004:00001a04       $pdata$__acrt_free_locale  0000000180033a04     libucrt:locale_refcounting.obj
 0004:00001a10       $pdata$__acrt_locale_free_lc_time_if_unreferenced 0000000180033a10     libucrt:locale_refcounting.obj
 0004:00001a1c       $pdata$__acrt_update_thread_locale_data 0000000180033a1c     libucrt:locale_refcounting.obj
 0004:00001a28       $pdata$__acrt_update_thread_locale_data$fin$0 0000000180033a28     libucrt:locale_refcounting.obj
 0004:00001a34       $pdata$_updatetlocinfoEx_nolock 0000000180033a34     libucrt:locale_refcounting.obj
 0004:00001a40       $pdata$__acrt_DownlevelLocaleNameToLCID 0000000180033a40     libucrt:lcidtoname_downlevel.obj
 0004:00001a4c       $pdata$?GetTableIndexFromLocaleName@@YAHPEB_W@Z 0000000180033a4c     libucrt:lcidtoname_downlevel.obj
 0004:00001a58       $pdata$_isleadbyte_l       0000000180033a58     libucrt:_wctype.obj
 0004:00001a64       $pdata$__acrt_LCMapStringA 0000000180033a64     libucrt:lcmapstringa.obj
 0004:00001a70       $pdata$?__acrt_LCMapStringA_stat@@YAHPEAU__crt_locale_pointers@@PEB_WKPEBDHPEADHHH@Z 0000000180033a70     libucrt:lcmapstringa.obj
 0004:00001a7c       $pdata$__acrt_fp_strflt_to_string 0000000180033a7c     libucrt:_fptostr.obj
 0004:00001a88       $pdata$memcpy_s            0000000180033a88     libucrt:cfout.obj
 0004:00001a94       $pdata$__acrt_fltout       0000000180033a94     libucrt:cfout.obj
 0004:00001aa0       $pdata$?divide@__crt_strtox@@YA_KAEAUbig_integer@1@AEBU21@@Z 0000000180033aa0     libucrt:cfout.obj
 0004:00001aac       $pdata$5$?divide@__crt_strtox@@YA_KAEAUbig_integer@1@AEBU21@@Z 0000000180033aac     libucrt:cfout.obj
 0004:00001ab8       $pdata$6$?divide@__crt_strtox@@YA_KAEAUbig_integer@1@AEBU21@@Z 0000000180033ab8     libucrt:cfout.obj
 0004:00001ac4       $pdata$_fcloseall          0000000180033ac4     libucrt:closeall.obj
 0004:00001ad0       $pdata$_fcloseall$fin$0    0000000180033ad0     libucrt:closeall.obj
 0004:00001adc       $pdata$_fflush_nolock      0000000180033adc     libucrt:fflush.obj
 0004:00001ae8       $pdata$__acrt_stdio_flush_nolock 0000000180033ae8     libucrt:fflush.obj
 0004:00001af4       $pdata$?common_flush_all@@YAH_N@Z 0000000180033af4     libucrt:fflush.obj
 0004:00001b00       $pdata$??$?RV<lambda_842d9ff0dc9ef11c61343bbaebe7f885>@@AEAV<lambda_c5860995281e5c4ce005b3de8f5874ee>@@V<lambda_d90129c13df834fdcbf8d2b88dafcf2d>@@@?$__crt_seh_guarded_call@X@@QEAAX$$QEAV<lambda_842d9ff0dc9ef11c61343bbaebe7f885>@@AEAV<lambda_c5860995281e5c4ce005b3de8f5874ee>@@$$QEAV<lambda_d90129c13df834fdcbf8d2b88dafcf2d>@@@Z 0000000180033b00     libucrt:fflush.obj
 0004:00001b0c       $pdata$?fin$0@?0???$?RV<lambda_842d9ff0dc9ef11c61343bbaebe7f885>@@AEAV<lambda_c5860995281e5c4ce005b3de8f5874ee>@@V<lambda_d90129c13df834fdcbf8d2b88dafcf2d>@@@?$__crt_seh_guarded_call@X@@QEAAX$$QEAV<lambda_842d9ff0dc9ef11c61343bbaebe7f885>@@AEAV<lambda_c5860995281e5c4ce005b3de8f5874ee>@@$$QEAV<lambda_d90129c13df834fdcbf8d2b88dafcf2d>@@@Z@4HA 0000000180033b0c     libucrt:fflush.obj
 0004:00001b18       $pdata$??$?RV<lambda_886d6c58226a84441f68b9f2b8217b83>@@AEAV<lambda_ab61a845afdef5b7c387490eaf3616ee>@@V<lambda_f7f22ab5edc0698d5f6905b0d3f44752>@@@?$__crt_seh_guarded_call@X@@QEAAX$$QEAV<lambda_886d6c58226a84441f68b9f2b8217b83>@@AEAV<lambda_ab61a845afdef5b7c387490eaf3616ee>@@$$QEAV<lambda_f7f22ab5edc0698d5f6905b0d3f44752>@@@Z 0000000180033b18     libucrt:fflush.obj
 0004:00001b24       $pdata$?fin$0@?0???$?RV<lambda_886d6c58226a84441f68b9f2b8217b83>@@AEAV<lambda_ab61a845afdef5b7c387490eaf3616ee>@@V<lambda_f7f22ab5edc0698d5f6905b0d3f44752>@@@?$__crt_seh_guarded_call@X@@QEAAX$$QEAV<lambda_886d6c58226a84441f68b9f2b8217b83>@@AEAV<lambda_ab61a845afdef5b7c387490eaf3616ee>@@$$QEAV<lambda_f7f22ab5edc0698d5f6905b0d3f44752>@@@Z@4HA 0000000180033b24     libucrt:fflush.obj
 0004:00001b30       $pdata$__acrt_stdio_free_buffer_nolock 0000000180033b30     libucrt:_freebuf.obj
 0004:00001b3c       $pdata$_isatty             0000000180033b3c     libucrt:isatty.obj
 0004:00001b48       $pdata$__acrt_locale_free_monetary 0000000180033b48     libucrt:initmon.obj
 0004:00001b54       $pdata$__acrt_locale_free_numeric 0000000180033b54     libucrt:initnum.obj
 0004:00001b60       $pdata$__acrt_locale_free_time 0000000180033b60     libucrt:inittime.obj
 0004:00001b6c       $pdata$?free_crt_array_internal@@YAXQEAPEBX_K@Z 0000000180033b6c     libucrt:inittime.obj
 0004:00001b78       $pdata$__acrt_GetStringTypeA 0000000180033b78     libucrt:getstringtypea.obj
 0004:00001b84       $pdata$_get_osfhandle      0000000180033b84     libucrt:osfinfo.obj
 0004:00001b90       $pdata$_free_osfhnd        0000000180033b90     libucrt:osfinfo.obj
 0004:00001b9c       $pdata$__acrt_lowio_create_handle_array 0000000180033b9c     libucrt:osfinfo.obj
 0004:00001ba8       $pdata$__acrt_lowio_destroy_handle_array 0000000180033ba8     libucrt:osfinfo.obj
 0004:00001bb4       $pdata$__acrt_lowio_ensure_fh_exists 0000000180033bb4     libucrt:osfinfo.obj
 0004:00001bc0       $pdata$qsort               0000000180033bc0     libucrt:qsort.obj
 0004:00001bcc       $pdata$4$qsort             0000000180033bcc     libucrt:qsort.obj
 0004:00001bd8       $pdata$5$qsort             0000000180033bd8     libucrt:qsort.obj
 0004:00001be4       $pdata$?shortsort@@YAXPEAD0_KP6AHPEBX2@Z@Z 0000000180033be4     libucrt:qsort.obj
 0004:00001bf0       $pdata$2$?shortsort@@YAXPEAD0_KP6AHPEBX2@Z@Z 0000000180033bf0     libucrt:qsort.obj
 0004:00001bfc       $pdata$3$?shortsort@@YAXPEAD0_KP6AHPEBX2@Z@Z 0000000180033bfc     libucrt:qsort.obj
 0004:00001c08       $pdata$strncpy_s           0000000180033c08     libucrt:strncpy_s.obj
 0004:00001c14       $pdata$strpbrk             0000000180033c14     libucrt:strpbrk.obj
 0004:00001c20       $pdata$_mbsdec_l           0000000180033c20     libucrt:mbsdec.obj
 0004:00001c2c       $pdata$?initialize_multibyte@@YAHXZ 0000000180033c2c     libucrt:multibyte_initializer.obj
 0004:00001c38       $pdata$fegetenv            0000000180033c38     libucrt:fegetenv.obj
 0004:00001c44       $pdata$fesetenv            0000000180033c44     libucrt:fesetenv.obj
 0004:00001c50       $pdata$feholdexcept        0000000180033c50     libucrt:feholdexcept.obj
 0004:00001c68       $pdata$_write              0000000180033c68     libucrt:write.obj
 0004:00001c74       $pdata$_write$fin$0        0000000180033c74     libucrt:write.obj
 0004:00001c80       $pdata$_write_nolock       0000000180033c80     libucrt:write.obj
 0004:00001c8c       $pdata$?write_double_translated_ansi_nolock@@YA?AUwrite_result@?A0x17268360@@HQEBDI@Z 0000000180033c8c     libucrt:write.obj
 0004:00001c98       $pdata$?write_text_ansi_nolock@@YA?AUwrite_result@?A0x17268360@@HQEBDI@Z 0000000180033c98     libucrt:write.obj
 0004:00001ca4       $pdata$?write_text_utf16le_nolock@@YA?AUwrite_result@?A0x17268360@@HQEBDI@Z 0000000180033ca4     libucrt:write.obj
 0004:00001cb0       $pdata$?write_text_utf8_nolock@@YA?AUwrite_result@?A0x17268360@@HQEBDI@Z 0000000180033cb0     libucrt:write.obj
 0004:00001cbc       $pdata$??$common_lseek_nolock@_J@@YA_JH_JH@Z 0000000180033cbc     libucrt:lseek.obj
 0004:00001cc8       $pdata$fclose              0000000180033cc8     libucrt:fclose.obj
 0004:00001cd4       $pdata$fclose$fin$0        0000000180033cd4     libucrt:fclose.obj
 0004:00001ce0       $pdata$_fclose_nolock      0000000180033ce0     libucrt:fclose.obj
 0004:00001cec       $pdata$_commit             0000000180033cec     libucrt:commit.obj
 0004:00001cf8       $pdata$??$?RV<lambda_a37b2b86f63e897a80ea819b0eb08c01>@@AEAV<lambda_38ce7e780aa69e748d6df282ebc68efe>@@V<lambda_99fb1378e971ab6e7edea83e3a7a83a2>@@@?$__crt_seh_guarded_call@H@@QEAAH$$QEAV<lambda_a37b2b86f63e897a80ea819b0eb08c01>@@AEAV<lambda_38ce7e780aa69e748d6df282ebc68efe>@@$$QEAV<lambda_99fb1378e971ab6e7edea83e3a7a83a2>@@@Z 0000000180033cf8     libucrt:commit.obj
 0004:00001d04       $pdata$?fin$0@?0???$?RV<lambda_a37b2b86f63e897a80ea819b0eb08c01>@@AEAV<lambda_38ce7e780aa69e748d6df282ebc68efe>@@V<lambda_99fb1378e971ab6e7edea83e3a7a83a2>@@@?$__crt_seh_guarded_call@H@@QEAAH$$QEAV<lambda_a37b2b86f63e897a80ea819b0eb08c01>@@AEAV<lambda_38ce7e780aa69e748d6df282ebc68efe>@@$$QEAV<lambda_99fb1378e971ab6e7edea83e3a7a83a2>@@@Z@4HA 0000000180033d04     libucrt:commit.obj
 0004:00001d04       $pdata$?fin$0@?0???$?RV<lambda_751a882b2c74d4b022dec766aa51a29a>@@AEAV<lambda_628dfdc04ba53c8bfc02c9951375f3f5>@@V<lambda_f6c7be5f7998530c34de24c7437d6b54>@@@?$__crt_seh_guarded_call@H@@QEAAH$$QEAV<lambda_751a882b2c74d4b022dec766aa51a29a>@@AEAV<lambda_628dfdc04ba53c8bfc02c9951375f3f5>@@$$QEAV<lambda_f6c7be5f7998530c34de24c7437d6b54>@@@Z@4HA 0000000180033d04     libucrt:close.obj
 0004:00001d10       $pdata$_setfpstatusword    0000000180033d10     libucrt:_fenvutils.obj
 0004:00001d1c       $pdata$_getfpcontrolword   0000000180033d1c     libucrt:_fenvutils.obj
 0004:00001d28       $pdata$_getfpstatusword    0000000180033d28     libucrt:_fenvutils.obj
 0004:00001d34       $pdata$_clearfp            0000000180033d34     libucrt:ieee.obj
 0004:00001d40       $pdata$common_control87    0000000180033d40     libucrt:ieee.obj
 0004:00001d4c       $pdata$_ctrlfp$filt$0      0000000180033d4c     libucrt:fpctrl.obj
 0004:00001d4c       $pdata$common_control87$filt$0 0000000180033d4c     libucrt:ieee.obj
 0004:00001d58       $pdata$_call_matherr       0000000180033d58     libucrt:libm_error.obj
 0004:00001d64       $pdata$_exception_enabled  0000000180033d64     libucrt:libm_error.obj
 0004:00001d70       $pdata$_handle_error       0000000180033d70     libucrt:libm_error.obj
 0004:00001d7c       $pdata$__acrt_initialize_fma3 0000000180033d7c     libucrt:fma3_available.obj
 0004:00001d88       $pdata$_log_special_common 0000000180033d88     libucrt:log_special.obj
 0004:00001d94       $pdata$_log10_special      0000000180033d94     libucrt:log_special.obj
 0004:00001da0       $pdata$_putwch_nolock      0000000180033da0     libucrt:putwch.obj
 0004:00001dac       $pdata$_close              0000000180033dac     libucrt:close.obj
 0004:00001db8       $pdata$_close_nolock       0000000180033db8     libucrt:close.obj
 0004:00001dc4       $pdata$??$?RV<lambda_751a882b2c74d4b022dec766aa51a29a>@@AEAV<lambda_628dfdc04ba53c8bfc02c9951375f3f5>@@V<lambda_f6c7be5f7998530c34de24c7437d6b54>@@@?$__crt_seh_guarded_call@H@@QEAAH$$QEAV<lambda_751a882b2c74d4b022dec766aa51a29a>@@AEAV<lambda_628dfdc04ba53c8bfc02c9951375f3f5>@@$$QEAV<lambda_f6c7be5f7998530c34de24c7437d6b54>@@@Z 0000000180033dc4     libucrt:close.obj
 0004:00001ddc       $pdata$_set_errno_from_matherr 0000000180033ddc     libucrt:fpexcept.obj
 0004:00001de8       $pdata$_raise_exc          0000000180033de8     libucrt:fpexcept.obj
 0004:00001df4       $pdata$_raise_exc_ex       0000000180033df4     libucrt:fpexcept.obj
 0004:00001e00       $pdata$_clrfp              0000000180033e00     libucrt:fpctrl.obj
 0004:00001e0c       $pdata$_ctrlfp             0000000180033e0c     libucrt:fpctrl.obj
 0004:00001e18       $pdata$_statfp             0000000180033e18     libucrt:fpctrl.obj
 0004:00001e24       $pdata$_set_statfp         0000000180033e24     libucrt:fpctrl.obj
 0004:00001e30       $pdata$__dcrt_lowio_initialize_console_output 0000000180033e30     libucrt:initcon.obj
 0004:00001e3c       $pdata$__dcrt_terminate_console_output 0000000180033e3c     libucrt:initcon.obj
 0004:00001e48       $pdata$_IsNonwritableInCurrentImage 0000000180033e48     LIBCMT:pesect.obj
 0004:00001e54       $pdata$_IsNonwritableInCurrentImage$filt$0 0000000180033e54     LIBCMT:pesect.obj
 0004:00001e60       $pdata$strrchr             0000000180033e60     libvcruntime:strrchr.obj
 0005:00000220       $R000000                   0000000180034220     ItemDispenser.res
 0005:00000ba0       $R000980                   0000000180034ba0     ItemDispenser.res
 0005:00000c88       $R000A68                   0000000180034c88     ItemDispenser.res
 0005:00000ef0       $R000CD0                   0000000180034ef0     ItemDispenser.res
 0005:000013d8       $R0011B8                   00000001800353d8     ItemDispenser.res
 0005:00003920       $R003700                   0000000180037920     ItemDispenser.res
 0005:00003960       $R003740                   0000000180037960     ItemDispenser.res
