 OPOSCashChanger

 Timestamp is 5defa866 (Tue Dec 10 23:15:02 2019)

 Preferred load address is 0000000180000000

 Start         Length     Name                   Class
 0001:00000000 000000c0H .text$di                CODE
 0001:000000c0 00020620H .text$mn                CODE
 0001:000206e0 00000020H .text$mn$00             CODE
 0001:00020700 00000490H .text$x                 CODE
 0001:00020b90 00000078H .text$yd                CODE
 0002:00000000 00000618H .idata$5                DATA
 0002:00000618 00000010H .00cfg                  DATA
 0002:00000628 00000008H .CRT$XCA                DATA
 0002:00000630 00000008H .CRT$XCL                DATA
 0002:00000638 00000020H .CRT$XCU                DATA
 0002:00000658 00000008H .CRT$XCZ                DATA
 0002:00000660 00000008H .CRT$XIA                DATA
 0002:00000668 00000020H .CRT$XIC                DATA
 0002:00000688 00000008H .CRT$XIZ                DATA
 0002:00000690 00000008H .CRT$XLA                DATA
 0002:00000698 00000008H .CRT$XLZ                DATA
 0002:000006a0 00000008H .CRT$XPA                DATA
 0002:000006a8 00000010H .CRT$XPX                DATA
 0002:000006b8 00000008H .CRT$XPXA               DATA
 0002:000006c0 00000008H .CRT$XPZ                DATA
 0002:000006c8 00000008H .CRT$XTA                DATA
 0002:000006d0 00000010H .CRT$XTZ                DATA
 0002:000006d8 00000000H .gfids$y                DATA
 0002:000006e0 0000a658H .rdata                  DATA
 0002:0000ad38 00000028H .rdata$T                DATA
 0002:0000ad60 00000274H .rdata$r                DATA
 0002:0000afd4 0000040cH .rdata$zzzdbg           DATA
 0002:0000b3e0 00000008H .rtc$IAA                DATA
 0002:0000b3e8 00000008H .rtc$IZZ                DATA
 0002:0000b3f0 00000008H .rtc$TAA                DATA
 0002:0000b3f8 00000008H .rtc$TZZ                DATA
 0002:0000b400 00000004H .tls                    DATA
 0002:0000b404 00000004H .tls$                   DATA
 0002:0000b408 00000008H .tls$ZZZ                DATA
 0002:0000b410 00001610H .xdata                  DATA
 0002:0000ca20 00000150H .xdata$x                DATA
 0002:0000cb70 00000008H ATL$__a                 DATA
 0002:0000cb78 00000008H ATL$__z                 DATA
 0002:0000cb80 000000acH .edata                  DATA
 0002:0000cc2c 00000078H .idata$2                DATA
 0002:0000cca4 00000014H .idata$3                DATA
 0002:0000ccb8 00000618H .idata$4                DATA
 0002:0000d2d0 00000c24H .idata$6                DATA
 0003:00000000 00000db8H .data                   DATA
 0003:00000db8 000000c8H .data$r                 DATA
 0003:00000e80 0000140cH .bss                    DATA
 0004:00000000 00001ef0H .pdata                  DATA
 0005:00000000 00000094H _RDATA                  DATA
 0006:00000000 00000220H .rsrc$01                DATA
 0006:00000220 00004e98H .rsrc$02                DATA

  Address         Publics by Value              Rva+Base               Lib:Object

 0000:00000000       __guard_fids_count         0000000000000000     <absolute>
 0000:00000000       __guard_longjmp_count      0000000000000000     <absolute>
 0000:00000000       __guard_longjmp_table      0000000000000000     <absolute>
 0000:00000000       __hybrid_code_map          0000000000000000     <absolute>
 0000:00000000       __guard_iat_count          0000000000000000     <absolute>
 0000:00000000       __guard_iat_table          0000000000000000     <absolute>
 0000:00000000       __volatile_metadata        0000000000000000     <absolute>
 0000:00000000       __hybrid_code_map_count    0000000000000000     <absolute>
 0000:00000000       __enclave_config           0000000000000000     <absolute>
 0000:00000000       ___safe_se_handler_count   0000000000000000     <absolute>
 0000:00000000       __AbsoluteZero             0000000000000000     <absolute>
 0000:00000000       ___safe_se_handler_table   0000000000000000     <absolute>
 0000:00000000       __guard_fids_table         0000000000000000     <absolute>
 0000:00000000       __hybrid_auxiliary_iat     0000000000000000     <absolute>
 0000:00000000       __dynamic_value_reloc_table 0000000000000000     <absolute>
 0000:00000100       __guard_flags              0000000000000100     <absolute>
 0000:00000000       __ImageBase                0000000180000000     <linker-defined>
 0001:000000c0       ?DupWide@_CW@@AEAAXXZ      00000001800010c0 f   CWString.obj
 0001:000000e8       ?cw_dup@@YAXPEBDAEAHAEAPEA_W1@Z 00000001800010e8 f   CWString.obj
 0001:000001c8       ?cw_memcpy@@YAHPEA_WPEBDH@Z 00000001800011c8 f   CWString.obj
 0001:00000214       ?cw_strcpy@@YAHPEA_WPEBD@Z 0000000180001214 f   CWString.obj
 0001:00000228       ??0CAtlComModule@ATL@@QEAA@XZ 0000000180001228 f i OposVariant.obj
 0001:000002a8       ??0CAtlWinModule@ATL@@QEAA@XZ 00000001800012a8 f i OposVariant.obj
 0001:00000314       ??0OposDispParms@@QEAA@PEAVOposVariant@@H@Z 0000000180001314 f   OposVariant.obj
 0001:000003bc       ??1OposDispParms@@QEAA@XZ  00000001800013bc f   OposVariant.obj
 0001:000003d4       ??_Estringdispid@CComTypeInfoHolder@ATL@@QEAAPEAXI@Z 00000001800013d4 f i OposVariant.obj
 0001:00000478       ?AtlWinModuleTerm@ATL@@YAJPEAU_ATL_WIN_MODULE70@1@PEAUHINSTANCE__@@@Z 0000000180001478 f i OposVariant.obj
 0001:00000528       ?ChangeBSTR@OposVariant@@QEAAXPEAPEA_WAEAJ@Z 0000000180001528 f   OposVariant.obj
 0001:00000588       ?ChangeLONG@OposVariant@@QEAAXPEAJAEAJ@Z 0000000180001588 f   OposVariant.obj
 0001:000005e4       ?GetLONG@OposVariant@@QEAAJXZ 00000001800015e4 f   OposVariant.obj
 0001:00000608       ?SetBSTR@OposVariant@@QEAAXPEA_WAEAJ@Z 0000000180001608 f   OposVariant.obj
 0001:00000648       ?SetBSTR_Copy@OposVariant@@QEAAXPEA_WAEAJ@Z 0000000180001648 f   OposVariant.obj
 0001:000006b8       ?SetBSTR_InOutPtr@OposVariant@@QEAA_NPEAPEA_WAEAJ@Z 00000001800016b8 f   OposVariant.obj
 0001:00000708       ?SetBSTR_OutPtr@OposVariant@@QEAA_NPEAPEA_WAEAJ@Z 0000000180001708 f   OposVariant.obj
 0001:00000724       ?SetDispatch_Ptr@OposVariant@@QEAAXPEAUIDispatch@@AEAJ@Z 0000000180001724 f   OposVariant.obj
 0001:0000077c       ?SetLONG@OposVariant@@QEAAXJ@Z 000000018000177c f   OposVariant.obj
 0001:000007ac       ?SetLONG_Ptr@OposVariant@@QEAAXPEAJAEAJ@Z 00000001800017ac f   OposVariant.obj
 0001:000007f8       ?SetString@OposVariant@@QEAAXPEB_WAEAJ@Z 00000001800017f8 f   OposVariant.obj
 0001:0000085c       ?SetVARIANT_BOOL@OposVariant@@QEAAXF@Z 000000018000185c f   OposVariant.obj
 0001:00000894       ?SetVARIANT_BOOL_Ptr@OposVariant@@QEAAXPEAFAEAJ@Z 0000000180001894 f   OposVariant.obj
 0001:000008e0       ?Term@CAtlComModule@ATL@@QEAAXXZ 00000001800018e0 f i OposVariant.obj
 0001:00000950       ?_AtlInitializeCriticalSectionEx@ATL@@YAHPEAU_RTL_CRITICAL_SECTION@@KK@Z 0000000180001950 f i OposVariant.obj
 0001:00000958       ?_AtlRaiseException@ATL@@YAXKK@Z 0000000180001958 f i OposVariant.obj
 0001:00000968       ?GetWindowProc@?$CWindowImplBaseT@VCWindow@ATL@@V?$CWinTraits@$0FGAAAAAA@$0A@@2@@ATL@@UEAAP6A_JPEAUHWND__@@I_K_J@ZXZ 0000000180001968 f i CashChanger.obj
 0001:00000970       ?StartWindowProc@?$CWindowImplBaseT@VCWindow@ATL@@V?$CWinTraits@$0FGAAAAAA@$0A@@2@@ATL@@SA_JPEAUHWND__@@I_K_J@Z 0000000180001970 f i CashChanger.obj
 0001:00000a34       ?ObjectMain@CComObjectRootBase@ATL@@SAX_N@Z 0000000180001a34 f i CashChanger.obj
 0001:00000a34       ?OnFinalMessage@?$CWindowImplBaseT@VCWindow@ATL@@V?$CWinTraits@$0FGAAAAAA@$0A@@2@@ATL@@UEAAXPEAUHWND__@@@Z 0000000180001a34 f i CashChanger.obj
 0001:00000a34       _guard_check_icall_nop     0000000180001a34 f i LIBCMT:guard_support.obj
 0001:00000a38       ?GetTypeInfoCount@?$IDispatchImpl@UIOPOSCashChanger@@$1?IID_IOPOSCashChanger@@3U_GUID@@B$1?LIBID_OposCashChanger_CCO@@3U3@B$00$0A@VCComTypeInfoHolder@ATL@@@ATL@@UEAAJPEAI@Z 0000000180001a38 f i CashChanger.obj
 0001:00000a4c       ?GetTypeInfo@?$IDispatchImpl@UIOPOSCashChanger@@$1?IID_IOPOSCashChanger@@3U_GUID@@B$1?LIBID_OposCashChanger_CCO@@3U3@B$00$0A@VCComTypeInfoHolder@ATL@@@ATL@@UEAAJIKPEAPEAUITypeInfo@@@Z 0000000180001a4c f i CashChanger.obj
 0001:00000ab0       ?GetIDsOfNames@?$IDispatchImpl@UIOPOSCashChanger@@$1?IID_IOPOSCashChanger@@3U_GUID@@B$1?LIBID_OposCashChanger_CCO@@3U3@B$00$0A@VCComTypeInfoHolder@ATL@@@ATL@@UEAAJAEBU_GUID@@PEAPEA_WIKPEAJ@Z 0000000180001ab0 f i CashChanger.obj
 0001:00000abc       ?Invoke@?$IDispatchImpl@UIOPOSCashChanger@@$1?IID_IOPOSCashChanger@@3U_GUID@@B$1?LIBID_OposCashChanger_CCO@@3U3@B$00$0A@VCComTypeInfoHolder@ATL@@@ATL@@UEAAJJAEBU_GUID@@KGPEAUtagDISPPARAMS@@PEAUtagVARIANT@@PEAUtagEXCEPINFO@@PEAI@Z 0000000180001abc f i CashChanger.obj
 0001:00000b4c       ?CreateControlWindow@?$CComControl@VCOPOSCashChanger@@V?$CWindowImpl@VCOPOSCashChanger@@VCWindow@ATL@@V?$CWinTraits@$0FGAAAAAA@$0A@@3@@ATL@@@ATL@@UEAAPEAUHWND__@@PEAU3@AEAUtagRECT@@@Z 0000000180001b4c f i CashChanger.obj
 0001:00000b84       ?ControlQueryInterface@?$CComControl@VCOPOSCashChanger@@V?$CWindowImpl@VCOPOSCashChanger@@VCWindow@ATL@@V?$CWinTraits@$0FGAAAAAA@$0A@@3@@ATL@@@ATL@@UEAAJAEBU_GUID@@PEAPEAX@Z 0000000180001b84 f i CashChanger.obj
 0001:00000b98       ?GetUserClassID@?$IOleObjectImpl@VCOPOSCashChanger@@@ATL@@UEAAJPEAU_GUID@@@Z 0000000180001b98 f i CashChanger.obj
 0001:00000b98       ?GetClassID@?$IPersistStreamInitImpl@VCOPOSCashChanger@@@ATL@@UEAAJPEAU_GUID@@@Z 0000000180001b98 f i CashChanger.obj
 0001:00000b98       ?GetClassID@?$IPersistStorageImpl@VCOPOSCashChanger@@@ATL@@UEAAJPEAU_GUID@@@Z 0000000180001b98 f i CashChanger.obj
 0001:00000bb4       ?IsDirty@?$IPersistStreamInitImpl@VCOPOSCashChanger@@@ATL@@UEAAJXZ 0000000180001bb4 f i CashChanger.obj
 0001:00000bd0       ?Load@?$IPersistStreamInitImpl@VCOPOSCashChanger@@@ATL@@UEAAJPEAUIStream@@@Z 0000000180001bd0 f i CashChanger.obj
 0001:00000be8       ?Save@?$IPersistStreamInitImpl@VCOPOSCashChanger@@@ATL@@UEAAJPEAUIStream@@H@Z 0000000180001be8 f i CashChanger.obj
 0001:00000c00       ?GetSizeMax@?$IPersistStreamInitImpl@VCOPOSCashChanger@@@ATL@@UEAAJPEAT_ULARGE_INTEGER@@@Z 0000000180001c00 f i CashChanger.obj
 0001:00000e2c       ?InitNew@?$IPersistStreamInitImpl@VCOPOSCashChanger@@@ATL@@UEAAJXZ 0000000180001e2c f i CashChanger.obj
 0001:00000e44       ?SOOutputCompleteDummy@COPOSCashChanger@@MEAAJJ@Z 0000000180001e44 f i CashChanger.obj
 0001:00000e44       ?GetControlInfo@?$IOleControlImpl@VCOPOSCashChanger@@@ATL@@UEAAJPEAUtagCONTROLINFO@@@Z 0000000180001e44 f i CashChanger.obj
 0001:00000e44       ?ContextSensitiveHelp@?$IOleInPlaceObjectWindowlessImpl@VCOPOSCashChanger@@@ATL@@UEAAJH@Z 0000000180001e44 f i CashChanger.obj
 0001:00000e44       ?ReactivateAndUndo@?$IOleInPlaceObjectWindowlessImpl@VCOPOSCashChanger@@@ATL@@UEAAJXZ 0000000180001e44 f i CashChanger.obj
 0001:00000e44       ?GetDataHere@?$IDataObjectImpl@VCOPOSCashChanger@@@ATL@@UEAAJPEAUtagFORMATETC@@PEAUtagSTGMEDIUM@@@Z 0000000180001e44 f i CashChanger.obj
 0001:00000e44       ?GetClipboardData@?$IOleObjectImpl@VCOPOSCashChanger@@@ATL@@UEAAJKPEAPEAUIDataObject@@@Z 0000000180001e44 f i CashChanger.obj
 0001:00000e44       ?GetCanonicalFormatEtc@?$IDataObjectImpl@VCOPOSCashChanger@@@ATL@@UEAAJPEAUtagFORMATETC@@0@Z 0000000180001e44 f i CashChanger.obj
 0001:00000e44       ?SetMoniker@?$IOleObjectImpl@VCOPOSCashChanger@@@ATL@@UEAAJKPEAUIMoniker@@@Z 0000000180001e44 f i CashChanger.obj
 0001:00000e44       ?GetDropTarget@?$IOleInPlaceObjectWindowlessImpl@VCOPOSCashChanger@@@ATL@@UEAAJPEAPEAUIDropTarget@@@Z 0000000180001e44 f i CashChanger.obj
 0001:00000e44       ?GetRect@?$IViewObjectExImpl@VCOPOSCashChanger@@@ATL@@UEAAJKPEAU_RECTL@@@Z 0000000180001e44 f i CashChanger.obj
 0001:00000e44       ?SetColorScheme@?$IOleObjectImpl@VCOPOSCashChanger@@@ATL@@UEAAJPEAUtagLOGPALETTE@@@Z 0000000180001e44 f i CashChanger.obj
 0001:00000e44       ?Unfreeze@?$IViewObjectExImpl@VCOPOSCashChanger@@@ATL@@UEAAJK@Z 0000000180001e44 f i CashChanger.obj
 0001:00000e44       ?SOErrorDummy@COPOSCashChanger@@MEAAJJJJPEAJ@Z 0000000180001e44 f i CashChanger.obj
 0001:00000e44       ?GetMoniker@?$IOleObjectImpl@VCOPOSCashChanger@@@ATL@@UEAAJKKPEAPEAUIMoniker@@@Z 0000000180001e44 f i CashChanger.obj
 0001:00000e44       ?Freeze@?$IViewObjectExImpl@VCOPOSCashChanger@@@ATL@@UEAAJKJPEAXPEAK@Z 0000000180001e44 f i CashChanger.obj
 0001:00000e44       ?QueryInterface@CRegObject@ATL@@UEAAJAEBU_GUID@@PEAPEAX@Z 0000000180001e44 f i CashChanger.obj
 0001:00000e44       ?OnMnemonic@?$IOleControlImpl@VCOPOSCashChanger@@@ATL@@UEAAJPEAUtagMSG@@@Z 0000000180001e44 f i CashChanger.obj
 0001:00000e44       ?EnumFormatEtc@?$IDataObjectImpl@VCOPOSCashChanger@@@ATL@@UEAAJKPEAPEAUIEnumFORMATETC@@@Z 0000000180001e44 f i CashChanger.obj
 0001:00000e44       ?InitFromData@?$IOleObjectImpl@VCOPOSCashChanger@@@ATL@@UEAAJPEAUIDataObject@@HK@Z 0000000180001e44 f i CashChanger.obj
 0001:00000e44       ?GetColorSet@?$IViewObjectExImpl@VCOPOSCashChanger@@@ATL@@UEAAJKJPEAXPEAUtagDVTARGETDEVICE@@PEAUHDC__@@PEAPEAUtagLOGPALETTE@@@Z 0000000180001e44 f i CashChanger.obj
 0001:00000e44       ?QueryGetData@?$IDataObjectImpl@VCOPOSCashChanger@@@ATL@@UEAAJPEAUtagFORMATETC@@@Z 0000000180001e44 f i CashChanger.obj
 0001:00000e44       ?SetData@?$IDataObjectImpl@VCOPOSCashChanger@@@ATL@@UEAAJPEAUtagFORMATETC@@PEAUtagSTGMEDIUM@@H@Z 0000000180001e44 f i CashChanger.obj
 0001:00000e44       ?ContextSensitiveHelp@?$IOleInPlaceActiveObjectImpl@VCOPOSCashChanger@@@ATL@@UEAAJH@Z 0000000180001e44 f i CashChanger.obj
 0001:00000e4c       ?SaveCompleted@?$IPersistStorageImpl@VCOPOSCashChanger@@@ATL@@UEAAJPEAUIStorage@@@Z 0000000180001e4c f i CashChanger.obj
 0001:00000e4c       ?HandsOffStorage@?$IPersistStorageImpl@VCOPOSCashChanger@@@ATL@@UEAAJXZ 0000000180001e4c f i CashChanger.obj
 0001:00000e4c       ?Update@?$IOleObjectImpl@VCOPOSCashChanger@@@ATL@@UEAAJXZ 0000000180001e4c f i CashChanger.obj
 0001:00000e4c       ?GetCategoryMap@CComObjectRootBase@ATL@@SAPEBU_ATL_CATMAP_ENTRY@2@XZ 0000000180001e4c f i CashChanger.obj
 0001:00000e4c       ?EnableModeless@?$IOleInPlaceActiveObjectImpl@VCOPOSCashChanger@@@ATL@@UEAAJH@Z 0000000180001e4c f i CashChanger.obj
 0001:00000e4c       ?Release@CRegObject@ATL@@UEAAKXZ 0000000180001e4c f i CashChanger.obj
 0001:00000e4c       ?GetObjectDescription@?$CComCoClass@VCOPOSCashChanger@@$1?CLSID_OPOSCashChanger@@3U_GUID@@B@ATL@@SAPEB_WXZ 0000000180001e4c f i CashChanger.obj
 0001:00000e4c       ?OnFrameWindowActivate@?$IOleInPlaceActiveObjectImpl@VCOPOSCashChanger@@@ATL@@UEAAJH@Z 0000000180001e4c f i CashChanger.obj
 0001:00000e4c       ?ResizeBorder@?$IOleInPlaceActiveObjectImpl@VCOPOSCashChanger@@@ATL@@UEAAJPEBUtagRECT@@PEAUIOleInPlaceUIWindow@@H@Z 0000000180001e4c f i CashChanger.obj
 0001:00000e4c       ?IsUpToDate@?$IOleObjectImpl@VCOPOSCashChanger@@@ATL@@UEAAJXZ 0000000180001e4c f i CashChanger.obj
 0001:00000e4c       ?OnAmbientPropertyChange@?$IOleControlImpl@VCOPOSCashChanger@@@ATL@@UEAAJJ@Z 0000000180001e4c f i CashChanger.obj
 0001:00000e4c       ?SetHostNames@?$IOleObjectImpl@VCOPOSCashChanger@@@ATL@@UEAAJPEB_W0@Z 0000000180001e4c f i CashChanger.obj
 0001:00000e50       ?SetClientSite@?$IOleObjectImpl@VCOPOSCashChanger@@@ATL@@UEAAJPEAUIOleClientSite@@@Z 0000000180001e50 f i CashChanger.obj
 0001:00000e6c       ?GetClientSite@?$IOleObjectImpl@VCOPOSCashChanger@@@ATL@@UEAAJPEAPEAUIOleClientSite@@@Z 0000000180001e6c f i CashChanger.obj
 0001:00000eb4       ?Close@?$IOleObjectImpl@VCOPOSCashChanger@@@ATL@@UEAAJK@Z 0000000180001eb4 f i CashChanger.obj
 0001:00000ed0       ?DoVerb@?$IOleObjectImpl@VCOPOSCashChanger@@@ATL@@UEAAJJPEAUtagMSG@@PEAUIOleClientSite@@JPEAUHWND__@@PEBUtagRECT@@@Z 0000000180001ed0 f i CashChanger.obj
 0001:00001074       ?EnumVerbs@?$IOleObjectImpl@VCOPOSCashChanger@@@ATL@@UEAAJPEAPEAUIEnumOLEVERB@@@Z 0000000180002074 f i CashChanger.obj
 0001:00001090       ?GetUserType@?$IOleObjectImpl@VCOPOSCashChanger@@@ATL@@UEAAJKPEAPEA_W@Z 0000000180002090 f i CashChanger.obj
 0001:000010a0       ?SetExtent@?$IOleObjectImpl@VCOPOSCashChanger@@@ATL@@UEAAJKPEAUtagSIZE@@@Z 00000001800020a0 f i CashChanger.obj
 0001:000010bc       ?GetExtent@?$IOleObjectImpl@VCOPOSCashChanger@@@ATL@@UEAAJKPEAUtagSIZE@@@Z 00000001800020bc f i CashChanger.obj
 0001:000010ec       ?Advise@?$IOleObjectImpl@VCOPOSCashChanger@@@ATL@@UEAAJPEAUIAdviseSink@@PEAK@Z 00000001800020ec f i CashChanger.obj
 0001:00001148       ?Unadvise@?$IOleObjectImpl@VCOPOSCashChanger@@@ATL@@UEAAJK@Z 0000000180002148 f i CashChanger.obj
 0001:00001180       ?EnumAdvise@?$IOleObjectImpl@VCOPOSCashChanger@@@ATL@@UEAAJPEAPEAUIEnumSTATDATA@@@Z 0000000180002180 f i CashChanger.obj
 0001:000011c8       ?GetMiscStatus@?$IOleObjectImpl@VCOPOSCashChanger@@@ATL@@UEAAJKPEAK@Z 00000001800021c8 f i CashChanger.obj
 0001:000011d8       ?GetWindow@?$IOleInPlaceActiveObjectImpl@VCOPOSCashChanger@@@ATL@@UEAAJPEAPEAUHWND__@@@Z 00000001800021d8 f i CashChanger.obj
 0001:0000122c       ?TranslateAcceleratorW@?$IOleInPlaceActiveObjectImpl@VCOPOSCashChanger@@@ATL@@UEAAJPEAUtagMSG@@@Z 000000018000222c f i CashChanger.obj
 0001:00001320       ?OnDocWindowActivate@?$IOleInPlaceActiveObjectImpl@VCOPOSCashChanger@@@ATL@@UEAAJH@Z 0000000180002320 f i CashChanger.obj
 0001:0000134c       ?Draw@?$IViewObjectExImpl@VCOPOSCashChanger@@@ATL@@UEAAJKJPEAXPEAUtagDVTARGETDEVICE@@PEAUHDC__@@2PEBU_RECTL@@3P6AH_K@Z4@Z 000000018000234c f i CashChanger.obj
 0001:000013b0       ?SetAdvise@?$IViewObjectExImpl@VCOPOSCashChanger@@@ATL@@UEAAJKKPEAUIAdviseSink@@@Z 00000001800023b0 f i CashChanger.obj
 0001:00001404       ?GetAdvise@?$IViewObjectExImpl@VCOPOSCashChanger@@@ATL@@UEAAJPEAK0PEAPEAUIAdviseSink@@@Z 0000000180002404 f i CashChanger.obj
 0001:00001440       ?GetExtent@?$IViewObjectExImpl@VCOPOSCashChanger@@@ATL@@UEAAJKJPEAUtagDVTARGETDEVICE@@PEAUtagSIZE@@@Z 0000000180002440 f i CashChanger.obj
 0001:00001470       ?GetViewStatus@?$IViewObjectExImpl@VCOPOSCashChanger@@@ATL@@UEAAJPEAK@Z 0000000180002470 f i CashChanger.obj
 0001:00001484       ?QueryHitPoint@?$IViewObjectExImpl@VCOPOSCashChanger@@@ATL@@UEAAJKPEBUtagRECT@@UtagPOINT@@JPEAK@Z 0000000180002484 f i CashChanger.obj
 0001:000014c8       ?QueryHitRect@?$IViewObjectExImpl@VCOPOSCashChanger@@@ATL@@UEAAJKPEBUtagRECT@@0JPEAK@Z 00000001800024c8 f i CashChanger.obj
 0001:00001530       ?GetNaturalExtent@?$IViewObjectExImpl@VCOPOSCashChanger@@@ATL@@UEAAJKJPEAUtagDVTARGETDEVICE@@PEAUHDC__@@PEAUtagExtentInfo@@PEAUtagSIZE@@@Z 0000000180002530 f i CashChanger.obj
 0001:00001578       ?GetWindow@?$IOleInPlaceObjectWindowlessImpl@VCOPOSCashChanger@@@ATL@@UEAAJPEAPEAUHWND__@@@Z 0000000180002578 f i CashChanger.obj
 0001:000015cc       ?InPlaceDeactivate@?$IOleInPlaceObjectWindowlessImpl@VCOPOSCashChanger@@@ATL@@UEAAJXZ 00000001800025cc f i CashChanger.obj
 0001:000015e8       ?UIDeactivate@?$IOleInPlaceObjectWindowlessImpl@VCOPOSCashChanger@@@ATL@@UEAAJXZ 00000001800025e8 f i CashChanger.obj
 0001:00001604       ?SetObjectRects@?$IOleInPlaceObjectWindowlessImpl@VCOPOSCashChanger@@@ATL@@UEAAJPEBUtagRECT@@0@Z 0000000180002604 f i CashChanger.obj
 0001:00001620       ?OnWindowMessage@?$IOleInPlaceObjectWindowlessImpl@VCOPOSCashChanger@@@ATL@@UEAAJI_K_JPEA_J@Z 0000000180002620 f i CashChanger.obj
 0001:000016e8       ?EnumConnectionPoints@?$IConnectionPointContainerImpl@VCOPOSCashChanger@@@ATL@@UEAAJPEAPEAUIEnumConnectionPoints@@@Z 00000001800026e8 f i CashChanger.obj
 0001:0000192c       ?FindConnectionPoint@?$IConnectionPointContainerImpl@VCOPOSCashChanger@@@ATL@@UEAAJAEBU_GUID@@PEAPEAUIConnectionPoint@@@Z 000000018000292c f i CashChanger.obj
 0001:000019fc       ?IsDirty@?$IPersistStorageImpl@VCOPOSCashChanger@@@ATL@@UEAAJXZ 00000001800029fc f i CashChanger.obj
 0001:00001a40       ?InitNew@?$IPersistStorageImpl@VCOPOSCashChanger@@@ATL@@UEAAJPEAUIStorage@@@Z 0000000180002a40 f i CashChanger.obj
 0001:00001a84       ?Load@?$IPersistStorageImpl@VCOPOSCashChanger@@@ATL@@UEAAJPEAUIStorage@@@Z 0000000180002a84 f i CashChanger.obj
 0001:00001b24       ?Save@?$IPersistStorageImpl@VCOPOSCashChanger@@@ATL@@UEAAJPEAUIStorage@@H@Z 0000000180002b24 f i CashChanger.obj
 0001:00001bd4       ?GetPages@?$ISpecifyPropertyPagesImpl@VCOPOSCashChanger@@@ATL@@UEAAJPEAUtagCAUUID@@@Z 0000000180002bd4 f i CashChanger.obj
 0001:00001be0       ?QuickActivate@?$IQuickActivateImpl@VCOPOSCashChanger@@@ATL@@UEAAJPEAUtagQACONTAINER@@PEAUtagQACONTROL@@@Z 0000000180002be0 f i CashChanger.obj
 0001:00001bfc       ?SetContentExtent@?$IQuickActivateImpl@VCOPOSCashChanger@@@ATL@@UEAAJPEAUtagSIZE@@@Z 0000000180002bfc f i CashChanger.obj
 0001:00001c30       ?GetContentExtent@?$IQuickActivateImpl@VCOPOSCashChanger@@@ATL@@UEAAJPEAUtagSIZE@@@Z 0000000180002c30 f i CashChanger.obj
 0001:00001c68       ?GetData@?$IDataObjectImpl@VCOPOSCashChanger@@@ATL@@UEAAJPEAUtagFORMATETC@@PEAUtagSTGMEDIUM@@@Z 0000000180002c68 f i CashChanger.obj
 0001:00001c84       ?DAdvise@?$IDataObjectImpl@VCOPOSCashChanger@@@ATL@@UEAAJPEAUtagFORMATETC@@KPEAUIAdviseSink@@PEAK@Z 0000000180002c84 f i CashChanger.obj
 0001:00001d0c       ?DUnadvise@?$IDataObjectImpl@VCOPOSCashChanger@@@ATL@@UEAAJK@Z 0000000180002d0c f i CashChanger.obj
 0001:00001d38       ?EnumDAdvise@?$IDataObjectImpl@VCOPOSCashChanger@@@ATL@@UEAAJPEAPEAUIEnumSTATDATA@@@Z 0000000180002d38 f i CashChanger.obj
 0001:00001d74       ?GetClassInfoW@?$IProvideClassInfo2Impl@$1?CLSID_OPOSCashChanger@@3U_GUID@@B$1?DIID__IOPOSCashChangerEvents@@3U2@B$1?LIBID_OposCashChanger_CCO@@3U2@B$00$0A@VCComTypeInfoHolder@ATL@@@ATL@@UEAAJPEAPEAUITypeInfo@@@Z 0000000180002d74 f i CashChanger.obj
 0001:00001dcc       ?GetGUID@?$IProvideClassInfo2Impl@$1?CLSID_OPOSCashChanger@@3U_GUID@@B$1?DIID__IOPOSCashChangerEvents@@3U2@B$1?LIBID_OposCashChanger_CCO@@3U2@B$00$0A@VCComTypeInfoHolder@ATL@@@ATL@@UEAAJKPEAU_GUID@@@Z 0000000180002dcc f i CashChanger.obj
 0001:00001e00       ?FAccessAllowed@?$IObjectSafetyImpl@VCOPOSCashChanger@@$02@ATL@@MEAAHXZ 0000000180002e00 f i CashChanger.obj
 0001:00001e00       ?AddRef@CRegObject@ATL@@UEAAKXZ 0000000180002e00 f i CashChanger.obj
 0001:00001e00       _get_startup_argv_mode     0000000180002e00 f i LIBCMT:argv_mode.obj
 0001:00001e08       ?GetInterfaceSafetyOptions@?$IObjectSafetyImpl@VCOPOSCashChanger@@$02@ATL@@UEAAJAEBU_GUID@@PEAK1@Z 0000000180002e08 f i CashChanger.obj
 0001:00001e9c       ?SetInterfaceSafetyOptions@?$IObjectSafetyImpl@VCOPOSCashChanger@@$02@ATL@@UEAAJAEBU_GUID@@KK@Z 0000000180002e9c f i CashChanger.obj
 0001:00001f40       ?_LocCPQueryInterface@?$IConnectionPointImpl@VCOPOSCashChanger@@$1?DIID__IOPOSCashChangerEvents@@3U_GUID@@BVCComDynamicUnkArray@ATL@@@ATL@@UEAAJAEBU_GUID@@PEAPEAX@Z 0000000180002f40 f i CashChanger.obj
 0001:00001f40       ?_LocCPQueryInterface@?$IConnectionPointImpl@VCOPOSCashChanger@@$1?IID_IPropertyNotifySink@@3U_GUID@@BVCComDynamicUnkArray@ATL@@@ATL@@UEAAJAEBU_GUID@@PEAPEAX@Z 0000000180002f40 f i CashChanger.obj
 0001:00001fb4       ?GetConnectionInterface@?$IConnectionPointImpl@VCOPOSCashChanger@@$1?IID_IPropertyNotifySink@@3U_GUID@@BVCComDynamicUnkArray@ATL@@@ATL@@UEAAJPEAU_GUID@@@Z 0000000180002fb4 f i CashChanger.obj
 0001:00001fd0       ?GetConnectionPointContainer@?$IConnectionPointImpl@VCOPOSCashChanger@@$1?IID_IPropertyNotifySink@@3U_GUID@@BVCComDynamicUnkArray@ATL@@@ATL@@UEAAJPEAPEAUIConnectionPointContainer@@@Z 0000000180002fd0 f i CashChanger.obj
 0001:00001ff0       ?Advise@?$IConnectionPointImpl@VCOPOSCashChanger@@$1?IID_IPropertyNotifySink@@3U_GUID@@BVCComDynamicUnkArray@ATL@@@ATL@@UEAAJPEAUIUnknown@@PEAK@Z 0000000180002ff0 f i CashChanger.obj
 0001:00001ff0       ?Advise@?$IConnectionPointImpl@VCOPOSCashChanger@@$1?DIID__IOPOSCashChangerEvents@@3U_GUID@@BVCComDynamicUnkArray@ATL@@@ATL@@UEAAJPEAUIUnknown@@PEAK@Z 0000000180002ff0 f i CashChanger.obj
 0001:000020b0       ?Unadvise@?$IConnectionPointImpl@VCOPOSCashChanger@@$1?IID_IPropertyNotifySink@@3U_GUID@@BVCComDynamicUnkArray@ATL@@@ATL@@UEAAJK@Z 00000001800030b0 f i CashChanger.obj
 0001:000020b0       ?Unadvise@?$IConnectionPointImpl@VCOPOSCashChanger@@$1?DIID__IOPOSCashChangerEvents@@3U_GUID@@BVCComDynamicUnkArray@ATL@@@ATL@@UEAAJK@Z 00000001800030b0 f i CashChanger.obj
 0001:0000212c       ?EnumConnections@?$IConnectionPointImpl@VCOPOSCashChanger@@$1?IID_IPropertyNotifySink@@3U_GUID@@BVCComDynamicUnkArray@ATL@@@ATL@@UEAAJPEAPEAUIEnumConnections@@@Z 000000018000312c f i CashChanger.obj
 0001:0000212c       ?EnumConnections@?$IConnectionPointImpl@VCOPOSCashChanger@@$1?DIID__IOPOSCashChangerEvents@@3U_GUID@@BVCComDynamicUnkArray@ATL@@@ATL@@UEAAJPEAPEAUIEnumConnections@@@Z 000000018000312c f i CashChanger.obj
 0001:000022e4       ?GetConnectionInterface@?$IConnectionPointImpl@VCOPOSCashChanger@@$1?DIID__IOPOSCashChangerEvents@@3U_GUID@@BVCComDynamicUnkArray@ATL@@@ATL@@UEAAJPEAU_GUID@@@Z 00000001800032e4 f i CashChanger.obj
 0001:00002300       ?GetConnectionPointContainer@?$IConnectionPointImpl@VCOPOSCashChanger@@$1?DIID__IOPOSCashChangerEvents@@3U_GUID@@BVCComDynamicUnkArray@ATL@@@ATL@@UEAAJPEAPEAUIConnectionPointContainer@@@Z 0000000180003300 f i CashChanger.obj
 0001:00002320       ?UpdateRegistry@COPOSCashChanger@@SAJH@Z 0000000180003320 f i CashChanger.obj
 0001:00002338       ?ProcessWindowMessage@COPOSCashChanger@@UEAAHPEAUHWND__@@I_K_JAEA_JK@Z 0000000180003338 f i CashChanger.obj
 0001:000023c0       ?SOData@COPOSCashChanger@@MEAAJJ@Z 00000001800033c0 f i CashChanger.obj
 0001:00002410       ?SODirectIO@COPOSCashChanger@@MEAAJJPEAJPEAPEA_W@Z 0000000180003410 f i CashChanger.obj
 0001:00002488       ?SOStatusUpdate@COPOSCashChanger@@MEAAJJ@Z 0000000180003488 f i CashChanger.obj
 0001:000024d8       ?Lock@CAtlModule@ATL@@UEAAJXZ 00000001800034d8 f i CashChanger.obj
 0001:000024e8       ?Unlock@CAtlModule@ATL@@UEAAJXZ 00000001800034e8 f i CashChanger.obj
 0001:000024f4       ?GetLockCount@CAtlModule@ATL@@UEAAJXZ 00000001800034f4 f i CashChanger.obj
 0001:000024f8       ?GetGITPtr@CAtlModule@ATL@@UEAAJPEAPEAUIGlobalInterfaceTable@@@Z 00000001800034f8 f i CashChanger.obj
 0001:00002568       ?CreateInstance@?$CComCreator@V?$CComObjectCached@VCComClassFactory@ATL@@@ATL@@@ATL@@SAJPEAXAEBU_GUID@@PEAPEAX@Z 0000000180003568 f i CashChanger.obj
 0001:00002694       ?CreateInstance@?$CComCreator2@V?$CComCreator@V?$CComObject@VCOPOSCashChanger@@@ATL@@@ATL@@V?$CComCreator@V?$CComAggObject@VCOPOSCashChanger@@@ATL@@@2@@ATL@@SAJPEAXAEBU_GUID@@PEAPEAX@Z 0000000180003694 f i CashChanger.obj
 0001:000026a4       ?AddCommonRGSReplacements@?$CAtlModuleT@VCComModule@ATL@@@ATL@@UEAAJPEAUIRegistrarBase@@@Z 00000001800036a4 f i CashChanger.obj
 0001:000026bc       ?AddRef@?$CComObjectCached@VCComClassFactory@ATL@@@ATL@@UEAAKXZ 00000001800036bc f i CashChanger.obj
 0001:000026e8       ?Release@?$CComObjectCached@VCComClassFactory@ATL@@@ATL@@UEAAKXZ 00000001800036e8 f i CashChanger.obj
 0001:00002728       ?QueryInterface@?$CComObjectCached@VCComClassFactory@ATL@@@ATL@@UEAAJAEBU_GUID@@PEAPEAX@Z 0000000180003728 f i CashChanger.obj
 0001:0000273c       ??_E?$CComObjectCached@VCComClassFactory@ATL@@@ATL@@UEAAPEAXI@Z 000000018000373c f i CashChanger.obj
 0001:0000273c       ??_G?$CComObjectCached@VCComClassFactory@ATL@@@ATL@@UEAAPEAXI@Z 000000018000373c f i CashChanger.obj
 0001:00002794       ?UpdateRegistryFromResourceD@CComModule@ATL@@UEAAJIHPEAU_ATL_REGMAP_ENTRY@2@@Z 0000000180003794 f i CashChanger.obj
 0001:00002794       ?UpdateRegistryFromResourceD@CComModule@ATL@@UEAAJPEB_WHPEAU_ATL_REGMAP_ENTRY@2@@Z 0000000180003794 f i CashChanger.obj
 0001:0000279c       ?UpdateRegistryFromResource@CComModule@ATL@@UEAAJPEB_WHPEAU_ATL_REGMAP_ENTRY@2@@Z 000000018000379c f i CashChanger.obj
 0001:000027a4       ?UpdateRegistryFromResource@CComModule@ATL@@UEAAJIHPEAU_ATL_REGMAP_ENTRY@2@@Z 00000001800037a4 f i CashChanger.obj
 0001:000027ac       ??_ECComModule@ATL@@UEAAPEAXI@Z 00000001800037ac f i CashChanger.obj
 0001:000027ac       ??_GCComModule@ATL@@UEAAPEAXI@Z 00000001800037ac f i CashChanger.obj
 0001:000027ec       ?Next@?$CComEnumImpl@UIEnumConnectionPoints@@$1?_GUID_b196b285_bab4_101a_b69c_00aa00341d07@@3U__s_GUID@@BPEAUIConnectionPoint@@V?$_CopyInterface@UIConnectionPoint@@@ATL@@@ATL@@UEAAJKPEAPEAUIConnectionPoint@@PEAK@Z 00000001800037ec f i CashChanger.obj
 0001:000028b8       ?Skip@?$CComEnumImpl@UIEnumConnectionPoints@@$1?_GUID_b196b285_bab4_101a_b69c_00aa00341d07@@3U__s_GUID@@BPEAUIConnectionPoint@@V?$_CopyInterface@UIConnectionPoint@@@ATL@@@ATL@@UEAAJK@Z 00000001800038b8 f i CashChanger.obj
 0001:000028e4       ?Reset@?$CComEnumImpl@UIEnumConnections@@$1?_GUID_b196b287_bab4_101a_b69c_00aa00341d07@@3U__s_GUID@@BUtagCONNECTDATA@@V?$_Copy@UtagCONNECTDATA@@@ATL@@@ATL@@UEAAJXZ 00000001800038e4 f i CashChanger.obj
 0001:000028e4       ?Reset@?$CComEnumImpl@UIEnumConnectionPoints@@$1?_GUID_b196b285_bab4_101a_b69c_00aa00341d07@@3U__s_GUID@@BPEAUIConnectionPoint@@V?$_CopyInterface@UIConnectionPoint@@@ATL@@@ATL@@UEAAJXZ 00000001800038e4 f i CashChanger.obj
 0001:000028f0       ?Clone@?$CComEnumImpl@UIEnumConnectionPoints@@$1?_GUID_b196b285_bab4_101a_b69c_00aa00341d07@@3U__s_GUID@@BPEAUIConnectionPoint@@V?$_CopyInterface@UIConnectionPoint@@@ATL@@@ATL@@UEAAJPEAPEAUIEnumConnectionPoints@@@Z 00000001800038f0 f i CashChanger.obj
 0001:00002a1c       ?AddRef@?$CComObject@V?$CComEnum@UIEnumConnections@@$1?_GUID_b196b287_bab4_101a_b69c_00aa00341d07@@3U__s_GUID@@BUtagCONNECTDATA@@V?$_Copy@UtagCONNECTDATA@@@ATL@@VCComSingleThreadModel@6@@ATL@@@ATL@@UEAAKXZ 0000000180003a1c f i CashChanger.obj
 0001:00002a1c       ?AddRef@?$CComObject@V?$CComEnum@UIEnumConnectionPoints@@$1?_GUID_b196b285_bab4_101a_b69c_00aa00341d07@@3U__s_GUID@@BPEAUIConnectionPoint@@V?$_CopyInterface@UIConnectionPoint@@@ATL@@VCComSingleThreadModel@6@@ATL@@@ATL@@UEAAKXZ 0000000180003a1c f i CashChanger.obj
 0001:00002a28       ?Release@?$CComObject@V?$CComEnum@UIEnumConnections@@$1?_GUID_b196b287_bab4_101a_b69c_00aa00341d07@@3U__s_GUID@@BUtagCONNECTDATA@@V?$_Copy@UtagCONNECTDATA@@@ATL@@VCComSingleThreadModel@6@@ATL@@@ATL@@UEAAKXZ 0000000180003a28 f i CashChanger.obj
 0001:00002a28       ?Release@?$CComObject@V?$CComEnum@UIEnumConnectionPoints@@$1?_GUID_b196b285_bab4_101a_b69c_00aa00341d07@@3U__s_GUID@@BPEAUIConnectionPoint@@V?$_CopyInterface@UIConnectionPoint@@@ATL@@VCComSingleThreadModel@6@@ATL@@@ATL@@UEAAKXZ 0000000180003a28 f i CashChanger.obj
 0001:00002a7c       ?QueryInterface@?$CComObject@V?$CComEnum@UIEnumConnectionPoints@@$1?_GUID_b196b285_bab4_101a_b69c_00aa00341d07@@3U__s_GUID@@BPEAUIConnectionPoint@@V?$_CopyInterface@UIConnectionPoint@@@ATL@@VCComSingleThreadModel@6@@ATL@@@ATL@@UEAAJAEBU_GUID@@PEAPEAX@Z 0000000180003a7c f i CashChanger.obj
 0001:00002a90       ??_E?$CComObject@V?$CComEnum@UIEnumConnectionPoints@@$1?_GUID_b196b285_bab4_101a_b69c_00aa00341d07@@3U__s_GUID@@BPEAUIConnectionPoint@@V?$_CopyInterface@UIConnectionPoint@@@ATL@@VCComSingleThreadModel@6@@ATL@@@ATL@@UEAAPEAXI@Z 0000000180003a90 f i CashChanger.obj
 0001:00002a90       ??_G?$CComObject@V?$CComEnum@UIEnumConnectionPoints@@$1?_GUID_b196b285_bab4_101a_b69c_00aa00341d07@@3U__s_GUID@@BPEAUIConnectionPoint@@V?$_CopyInterface@UIConnectionPoint@@@ATL@@VCComSingleThreadModel@6@@ATL@@@ATL@@UEAAPEAXI@Z 0000000180003a90 f i CashChanger.obj
 0001:00002ae8       ?AddReplacement@CRegObject@ATL@@UEAAJPEB_W0@Z 0000000180003ae8 f i CashChanger.obj
 0001:00002b18       ?ClearReplacements@CRegObject@ATL@@UEAAJXZ 0000000180003b18 f i CashChanger.obj
 0001:00002b24       ??_ECRegObject@ATL@@UEAAPEAXI@Z 0000000180003b24 f i CashChanger.obj
 0001:00002b24       ??_GCRegObject@ATL@@UEAAPEAXI@Z 0000000180003b24 f i CashChanger.obj
 0001:00002ba4       ?AddRef@?$CComAggObject@VCOPOSCashChanger@@@ATL@@UEAAKXZ 0000000180003ba4 f i CashChanger.obj
 0001:00002bb0       ?Release@?$CComAggObject@VCOPOSCashChanger@@@ATL@@UEAAKXZ 0000000180003bb0 f i CashChanger.obj
 0001:00002c04       ?QueryInterface@?$CComAggObject@VCOPOSCashChanger@@@ATL@@UEAAJAEBU_GUID@@PEAPEAX@Z 0000000180003c04 f i CashChanger.obj
 0001:00002c64       ?AddRef@?$CComContainedObject@VCOPOSCashChanger@@@ATL@@UEAAKXZ 0000000180003c64 f i CashChanger.obj
 0001:00002c74       ?Release@?$CComContainedObject@VCOPOSCashChanger@@@ATL@@UEAAKXZ 0000000180003c74 f i CashChanger.obj
 0001:00002c84       ?QueryInterface@?$CComContainedObject@VCOPOSCashChanger@@@ATL@@UEAAJAEBU_GUID@@PEAPEAX@Z 0000000180003c84 f i CashChanger.obj
 0001:00002c94       ??_E?$CComAggObject@VCOPOSCashChanger@@@ATL@@UEAAPEAXI@Z 0000000180003c94 f i CashChanger.obj
 0001:00002c94       ??_G?$CComAggObject@VCOPOSCashChanger@@@ATL@@UEAAPEAXI@Z 0000000180003c94 f i CashChanger.obj
 0001:00002cec       ?AddRef@?$CComObject@VCOPOSCashChanger@@@ATL@@UEAAKXZ 0000000180003cec f i CashChanger.obj
 0001:00002cfc       ?Release@?$CComObject@VCOPOSCashChanger@@@ATL@@UEAAKXZ 0000000180003cfc f i CashChanger.obj
 0001:00002d54       ?QueryInterface@?$CComObject@VCOPOSCashChanger@@@ATL@@UEAAJAEBU_GUID@@PEAPEAX@Z 0000000180003d54 f i CashChanger.obj
 0001:00002d68       ?OnDrawAdvanced@CComControlBase@ATL@@UEAAJAEAUATL_DRAWINFO@@@Z 0000000180003d68 f i CashChanger.obj
 0001:00002ef4       ?Next@?$CComEnumImpl@UIEnumConnections@@$1?_GUID_b196b287_bab4_101a_b69c_00aa00341d07@@3U__s_GUID@@BUtagCONNECTDATA@@V?$_Copy@UtagCONNECTDATA@@@ATL@@@ATL@@UEAAJKPEAUtagCONNECTDATA@@PEAK@Z 0000000180003ef4 f i CashChanger.obj
 0001:00002fc8       ?Skip@?$CComEnumImpl@UIEnumConnections@@$1?_GUID_b196b287_bab4_101a_b69c_00aa00341d07@@3U__s_GUID@@BUtagCONNECTDATA@@V?$_Copy@UtagCONNECTDATA@@@ATL@@@ATL@@UEAAJK@Z 0000000180003fc8 f i CashChanger.obj
 0001:00002ff4       ?Clone@?$CComEnumImpl@UIEnumConnections@@$1?_GUID_b196b287_bab4_101a_b69c_00aa00341d07@@3U__s_GUID@@BUtagCONNECTDATA@@V?$_Copy@UtagCONNECTDATA@@@ATL@@@ATL@@UEAAJPEAPEAUIEnumConnections@@@Z 0000000180003ff4 f i CashChanger.obj
 0001:00003120       ?QueryInterface@?$CComObject@V?$CComEnum@UIEnumConnections@@$1?_GUID_b196b287_bab4_101a_b69c_00aa00341d07@@3U__s_GUID@@BUtagCONNECTDATA@@V?$_Copy@UtagCONNECTDATA@@@ATL@@VCComSingleThreadModel@6@@ATL@@@ATL@@UEAAJAEBU_GUID@@PEAPEAX@Z 0000000180004120 f i CashChanger.obj
 0001:00003134       ??_G?$CComObject@V?$CComEnum@UIEnumConnections@@$1?_GUID_b196b287_bab4_101a_b69c_00aa00341d07@@3U__s_GUID@@BUtagCONNECTDATA@@V?$_Copy@UtagCONNECTDATA@@@ATL@@VCComSingleThreadModel@6@@ATL@@@ATL@@UEAAPEAXI@Z 0000000180004134 f i CashChanger.obj
 0001:00003134       ??_E?$CComObject@V?$CComEnum@UIEnumConnections@@$1?_GUID_b196b287_bab4_101a_b69c_00aa00341d07@@3U__s_GUID@@BUtagCONNECTDATA@@V?$_Copy@UtagCONNECTDATA@@@ATL@@VCComSingleThreadModel@6@@ATL@@@ATL@@UEAAPEAXI@Z 0000000180004134 f i CashChanger.obj
 0001:0000318c       ??_E?$CComObject@VCOPOSCashChanger@@@ATL@@W7EAAPEAXI@Z 000000018000418c f i CashChanger.obj
 0001:00003198       ??_E?$CComObject@VCOPOSCashChanger@@@ATL@@WHA@EAAPEAXI@Z 0000000180004198 f i CashChanger.obj
 0001:000031a4       ?QueryInterface@?$CComObject@VCOPOSCashChanger@@@ATL@@WLI@EAAJAEBU_GUID@@PEAPEAX@Z 00000001800041a4 f i CashChanger.obj
 0001:000031b0       ?AddRef@?$CComObject@VCOPOSCashChanger@@@ATL@@WLI@EAAKXZ 00000001800041b0 f i CashChanger.obj
 0001:000031bc       ?Release@?$CComObject@VCOPOSCashChanger@@@ATL@@WLI@EAAKXZ 00000001800041bc f i CashChanger.obj
 0001:000031c8       ?QueryInterface@?$CComObject@VCOPOSCashChanger@@@ATL@@WMA@EAAJAEBU_GUID@@PEAPEAX@Z 00000001800041c8 f i CashChanger.obj
 0001:000031d4       ?AddRef@?$CComObject@VCOPOSCashChanger@@@ATL@@WMA@EAAKXZ 00000001800041d4 f i CashChanger.obj
 0001:000031e0       ?Release@?$CComObject@VCOPOSCashChanger@@@ATL@@WMA@EAAKXZ 00000001800041e0 f i CashChanger.obj
 0001:000031ec       ?QueryInterface@?$CComObject@VCOPOSCashChanger@@@ATL@@WMI@EAAJAEBU_GUID@@PEAPEAX@Z 00000001800041ec f i CashChanger.obj
 0001:000031f8       ?AddRef@?$CComObject@VCOPOSCashChanger@@@ATL@@WMI@EAAKXZ 00000001800041f8 f i CashChanger.obj
 0001:00003204       ?Release@?$CComObject@VCOPOSCashChanger@@@ATL@@WMI@EAAKXZ 0000000180004204 f i CashChanger.obj
 0001:00003210       ?QueryInterface@?$CComObject@VCOPOSCashChanger@@@ATL@@WNA@EAAJAEBU_GUID@@PEAPEAX@Z 0000000180004210 f i CashChanger.obj
 0001:0000321c       ?AddRef@?$CComObject@VCOPOSCashChanger@@@ATL@@WNA@EAAKXZ 000000018000421c f i CashChanger.obj
 0001:00003228       ?Release@?$CComObject@VCOPOSCashChanger@@@ATL@@WNA@EAAKXZ 0000000180004228 f i CashChanger.obj
 0001:00003234       ?QueryInterface@?$CComObject@VCOPOSCashChanger@@@ATL@@WNI@EAAJAEBU_GUID@@PEAPEAX@Z 0000000180004234 f i CashChanger.obj
 0001:00003240       ?AddRef@?$CComObject@VCOPOSCashChanger@@@ATL@@WNI@EAAKXZ 0000000180004240 f i CashChanger.obj
 0001:0000324c       ?Release@?$CComObject@VCOPOSCashChanger@@@ATL@@WNI@EAAKXZ 000000018000424c f i CashChanger.obj
 0001:00003258       ?QueryInterface@?$CComObject@VCOPOSCashChanger@@@ATL@@WOA@EAAJAEBU_GUID@@PEAPEAX@Z 0000000180004258 f i CashChanger.obj
 0001:00003264       ?AddRef@?$CComObject@VCOPOSCashChanger@@@ATL@@WOA@EAAKXZ 0000000180004264 f i CashChanger.obj
 0001:00003270       ?Release@?$CComObject@VCOPOSCashChanger@@@ATL@@WOA@EAAKXZ 0000000180004270 f i CashChanger.obj
 0001:0000327c       ?QueryInterface@?$CComObject@VCOPOSCashChanger@@@ATL@@WOI@EAAJAEBU_GUID@@PEAPEAX@Z 000000018000427c f i CashChanger.obj
 0001:00003288       ?AddRef@?$CComObject@VCOPOSCashChanger@@@ATL@@WOI@EAAKXZ 0000000180004288 f i CashChanger.obj
 0001:00003294       ?Release@?$CComObject@VCOPOSCashChanger@@@ATL@@WOI@EAAKXZ 0000000180004294 f i CashChanger.obj
 0001:000032a0       ?QueryInterface@?$CComObject@VCOPOSCashChanger@@@ATL@@WPA@EAAJAEBU_GUID@@PEAPEAX@Z 00000001800042a0 f i CashChanger.obj
 0001:000032ac       ?AddRef@?$CComObject@VCOPOSCashChanger@@@ATL@@WPA@EAAKXZ 00000001800042ac f i CashChanger.obj
 0001:000032b8       ?Release@?$CComObject@VCOPOSCashChanger@@@ATL@@WPA@EAAKXZ 00000001800042b8 f i CashChanger.obj
 0001:000032c4       ?QueryInterface@?$CComObject@VCOPOSCashChanger@@@ATL@@WPI@EAAJAEBU_GUID@@PEAPEAX@Z 00000001800042c4 f i CashChanger.obj
 0001:000032d0       ?AddRef@?$CComObject@VCOPOSCashChanger@@@ATL@@WPI@EAAKXZ 00000001800042d0 f i CashChanger.obj
 0001:000032dc       ?Release@?$CComObject@VCOPOSCashChanger@@@ATL@@WPI@EAAKXZ 00000001800042dc f i CashChanger.obj
 0001:000032e8       ?QueryInterface@?$CComObject@VCOPOSCashChanger@@@ATL@@WBAA@EAAJAEBU_GUID@@PEAPEAX@Z 00000001800042e8 f i CashChanger.obj
 0001:000032f4       ?AddRef@?$CComObject@VCOPOSCashChanger@@@ATL@@WBAA@EAAKXZ 00000001800042f4 f i CashChanger.obj
 0001:00003300       ?Release@?$CComObject@VCOPOSCashChanger@@@ATL@@WBAA@EAAKXZ 0000000180004300 f i CashChanger.obj
 0001:0000330c       ?QueryInterface@?$CComObject@VCOPOSCashChanger@@@ATL@@WBAI@EAAJAEBU_GUID@@PEAPEAX@Z 000000018000430c f i CashChanger.obj
 0001:00003318       ?AddRef@?$CComObject@VCOPOSCashChanger@@@ATL@@WBAI@EAAKXZ 0000000180004318 f i CashChanger.obj
 0001:00003324       ?Release@?$CComObject@VCOPOSCashChanger@@@ATL@@WBAI@EAAKXZ 0000000180004324 f i CashChanger.obj
 0001:00003330       ?QueryInterface@?$CComObject@VCOPOSCashChanger@@@ATL@@WBBA@EAAJAEBU_GUID@@PEAPEAX@Z 0000000180004330 f i CashChanger.obj
 0001:0000333c       ?AddRef@?$CComObject@VCOPOSCashChanger@@@ATL@@WBBA@EAAKXZ 000000018000433c f i CashChanger.obj
 0001:00003348       ?Release@?$CComObject@VCOPOSCashChanger@@@ATL@@WBBA@EAAKXZ 0000000180004348 f i CashChanger.obj
 0001:00003354       ?QueryInterface@?$CComObject@VCOPOSCashChanger@@@ATL@@WBBI@EAAJAEBU_GUID@@PEAPEAX@Z 0000000180004354 f i CashChanger.obj
 0001:00003360       ?AddRef@?$CComObject@VCOPOSCashChanger@@@ATL@@WBBI@EAAKXZ 0000000180004360 f i CashChanger.obj
 0001:0000336c       ?Release@?$CComObject@VCOPOSCashChanger@@@ATL@@WBBI@EAAKXZ 000000018000436c f i CashChanger.obj
 0001:00003378       ?AddRef@?$CComObject@VCOPOSCashChanger@@@ATL@@WBCI@EAAKXZ 0000000180004378 f i CashChanger.obj
 0001:00003384       ?Release@?$CComObject@VCOPOSCashChanger@@@ATL@@WBCI@EAAKXZ 0000000180004384 f i CashChanger.obj
 0001:00003390       ?AddRef@?$CComObject@VCOPOSCashChanger@@@ATL@@WBEA@EAAKXZ 0000000180004390 f i CashChanger.obj
 0001:0000339c       ?Release@?$CComObject@VCOPOSCashChanger@@@ATL@@WBEA@EAAKXZ 000000018000439c f i CashChanger.obj
 0001:000033a8       ??_E?$CComContainedObject@VCOPOSCashChanger@@@ATL@@W7EAAPEAXI@Z 00000001800043a8 f i CashChanger.obj
 0001:000033b4       ??_E?$CComContainedObject@VCOPOSCashChanger@@@ATL@@WHA@EAAPEAXI@Z 00000001800043b4 f i CashChanger.obj
 0001:000033c0       ?QueryInterface@?$CComContainedObject@VCOPOSCashChanger@@@ATL@@WLI@EAAJAEBU_GUID@@PEAPEAX@Z 00000001800043c0 f i CashChanger.obj
 0001:000033cc       ?AddRef@?$CComContainedObject@VCOPOSCashChanger@@@ATL@@WLI@EAAKXZ 00000001800043cc f i CashChanger.obj
 0001:000033d8       ?Release@?$CComContainedObject@VCOPOSCashChanger@@@ATL@@WLI@EAAKXZ 00000001800043d8 f i CashChanger.obj
 0001:000033e4       ?QueryInterface@?$CComContainedObject@VCOPOSCashChanger@@@ATL@@WMA@EAAJAEBU_GUID@@PEAPEAX@Z 00000001800043e4 f i CashChanger.obj
 0001:000033f0       ?AddRef@?$CComContainedObject@VCOPOSCashChanger@@@ATL@@WMA@EAAKXZ 00000001800043f0 f i CashChanger.obj
 0001:000033fc       ?Release@?$CComContainedObject@VCOPOSCashChanger@@@ATL@@WMA@EAAKXZ 00000001800043fc f i CashChanger.obj
 0001:00003408       ?QueryInterface@?$CComContainedObject@VCOPOSCashChanger@@@ATL@@WMI@EAAJAEBU_GUID@@PEAPEAX@Z 0000000180004408 f i CashChanger.obj
 0001:00003414       ?AddRef@?$CComContainedObject@VCOPOSCashChanger@@@ATL@@WMI@EAAKXZ 0000000180004414 f i CashChanger.obj
 0001:00003420       ?Release@?$CComContainedObject@VCOPOSCashChanger@@@ATL@@WMI@EAAKXZ 0000000180004420 f i CashChanger.obj
 0001:0000342c       ?QueryInterface@?$CComContainedObject@VCOPOSCashChanger@@@ATL@@WNA@EAAJAEBU_GUID@@PEAPEAX@Z 000000018000442c f i CashChanger.obj
 0001:00003438       ?AddRef@?$CComContainedObject@VCOPOSCashChanger@@@ATL@@WNA@EAAKXZ 0000000180004438 f i CashChanger.obj
 0001:00003444       ?Release@?$CComContainedObject@VCOPOSCashChanger@@@ATL@@WNA@EAAKXZ 0000000180004444 f i CashChanger.obj
 0001:00003450       ?QueryInterface@?$CComContainedObject@VCOPOSCashChanger@@@ATL@@WNI@EAAJAEBU_GUID@@PEAPEAX@Z 0000000180004450 f i CashChanger.obj
 0001:0000345c       ?AddRef@?$CComContainedObject@VCOPOSCashChanger@@@ATL@@WNI@EAAKXZ 000000018000445c f i CashChanger.obj
 0001:00003468       ?Release@?$CComContainedObject@VCOPOSCashChanger@@@ATL@@WNI@EAAKXZ 0000000180004468 f i CashChanger.obj
 0001:00003474       ?QueryInterface@?$CComContainedObject@VCOPOSCashChanger@@@ATL@@WOA@EAAJAEBU_GUID@@PEAPEAX@Z 0000000180004474 f i CashChanger.obj
 0001:00003480       ?AddRef@?$CComContainedObject@VCOPOSCashChanger@@@ATL@@WOA@EAAKXZ 0000000180004480 f i CashChanger.obj
 0001:0000348c       ?Release@?$CComContainedObject@VCOPOSCashChanger@@@ATL@@WOA@EAAKXZ 000000018000448c f i CashChanger.obj
 0001:00003498       ?QueryInterface@?$CComContainedObject@VCOPOSCashChanger@@@ATL@@WOI@EAAJAEBU_GUID@@PEAPEAX@Z 0000000180004498 f i CashChanger.obj
 0001:000034a4       ?AddRef@?$CComContainedObject@VCOPOSCashChanger@@@ATL@@WOI@EAAKXZ 00000001800044a4 f i CashChanger.obj
 0001:000034b0       ?Release@?$CComContainedObject@VCOPOSCashChanger@@@ATL@@WOI@EAAKXZ 00000001800044b0 f i CashChanger.obj
 0001:000034bc       ?QueryInterface@?$CComContainedObject@VCOPOSCashChanger@@@ATL@@WPA@EAAJAEBU_GUID@@PEAPEAX@Z 00000001800044bc f i CashChanger.obj
 0001:000034c8       ?AddRef@?$CComContainedObject@VCOPOSCashChanger@@@ATL@@WPA@EAAKXZ 00000001800044c8 f i CashChanger.obj
 0001:000034d4       ?Release@?$CComContainedObject@VCOPOSCashChanger@@@ATL@@WPA@EAAKXZ 00000001800044d4 f i CashChanger.obj
 0001:000034e0       ?QueryInterface@?$CComContainedObject@VCOPOSCashChanger@@@ATL@@WPI@EAAJAEBU_GUID@@PEAPEAX@Z 00000001800044e0 f i CashChanger.obj
 0001:000034ec       ?AddRef@?$CComContainedObject@VCOPOSCashChanger@@@ATL@@WPI@EAAKXZ 00000001800044ec f i CashChanger.obj
 0001:000034f8       ?Release@?$CComContainedObject@VCOPOSCashChanger@@@ATL@@WPI@EAAKXZ 00000001800044f8 f i CashChanger.obj
 0001:00003504       ?QueryInterface@?$CComContainedObject@VCOPOSCashChanger@@@ATL@@WBAA@EAAJAEBU_GUID@@PEAPEAX@Z 0000000180004504 f i CashChanger.obj
 0001:00003510       ?AddRef@?$CComContainedObject@VCOPOSCashChanger@@@ATL@@WBAA@EAAKXZ 0000000180004510 f i CashChanger.obj
 0001:0000351c       ?Release@?$CComContainedObject@VCOPOSCashChanger@@@ATL@@WBAA@EAAKXZ 000000018000451c f i CashChanger.obj
 0001:00003528       ?QueryInterface@?$CComContainedObject@VCOPOSCashChanger@@@ATL@@WBAI@EAAJAEBU_GUID@@PEAPEAX@Z 0000000180004528 f i CashChanger.obj
 0001:00003534       ?AddRef@?$CComContainedObject@VCOPOSCashChanger@@@ATL@@WBAI@EAAKXZ 0000000180004534 f i CashChanger.obj
 0001:00003540       ?Release@?$CComContainedObject@VCOPOSCashChanger@@@ATL@@WBAI@EAAKXZ 0000000180004540 f i CashChanger.obj
 0001:0000354c       ?QueryInterface@?$CComContainedObject@VCOPOSCashChanger@@@ATL@@WBBA@EAAJAEBU_GUID@@PEAPEAX@Z 000000018000454c f i CashChanger.obj
 0001:00003558       ?AddRef@?$CComContainedObject@VCOPOSCashChanger@@@ATL@@WBBA@EAAKXZ 0000000180004558 f i CashChanger.obj
 0001:00003564       ?Release@?$CComContainedObject@VCOPOSCashChanger@@@ATL@@WBBA@EAAKXZ 0000000180004564 f i CashChanger.obj
 0001:00003570       ?QueryInterface@?$CComContainedObject@VCOPOSCashChanger@@@ATL@@WBBI@EAAJAEBU_GUID@@PEAPEAX@Z 0000000180004570 f i CashChanger.obj
 0001:0000357c       ?AddRef@?$CComContainedObject@VCOPOSCashChanger@@@ATL@@WBBI@EAAKXZ 000000018000457c f i CashChanger.obj
 0001:00003588       ?Release@?$CComContainedObject@VCOPOSCashChanger@@@ATL@@WBBI@EAAKXZ 0000000180004588 f i CashChanger.obj
 0001:00003594       ?AddRef@?$CComContainedObject@VCOPOSCashChanger@@@ATL@@WBCI@EAAKXZ 0000000180004594 f i CashChanger.obj
 0001:000035a0       ?Release@?$CComContainedObject@VCOPOSCashChanger@@@ATL@@WBCI@EAAKXZ 00000001800045a0 f i CashChanger.obj
 0001:000035ac       ?AddRef@?$CComContainedObject@VCOPOSCashChanger@@@ATL@@WBEA@EAAKXZ 00000001800045ac f i CashChanger.obj
 0001:000035b8       ?Release@?$CComContainedObject@VCOPOSCashChanger@@@ATL@@WBEA@EAAKXZ 00000001800045b8 f i CashChanger.obj
 0001:000035c4       ?CreateInstance@CComClassFactory@ATL@@UEAAJPEAUIUnknown@@AEBU_GUID@@PEAPEAX@Z 00000001800045c4 f i CashChanger.obj
 0001:00003624       ?LockServer@CComClassFactory@ATL@@UEAAJH@Z 0000000180004624 f i CashChanger.obj
 0001:00003648       ??_GCComClassFactory@ATL@@UEAAPEAXI@Z 0000000180004648 f i CashChanger.obj
 0001:00003648       ??_ECComClassFactory@ATL@@UEAAPEAXI@Z 0000000180004648 f i CashChanger.obj
 0001:00003698       ??$AtlModuleRegisterWndClassInfoT@VAtlModuleRegisterWndClassInfoParamW@ATL@@@ATL@@YAGPEAU_ATL_BASE_MODULE70@0@PEAU_ATL_WIN_MODULE70@0@PEAU_ATL_WNDCLASSINFOW@0@PEAP6A_JPEAUHWND__@@I_K_J@ZVAtlModuleRegisterWndClassInfoParamW@0@@Z 0000000180004698 f i CashChanger.obj
 0001:00003898       ??0?$CComContainedObject@VCOPOSCashChanger@@@ATL@@QEAA@PEAX@Z 0000000180004898 f i CashChanger.obj
 0001:000039b4       ??0?$CComObject@VCOPOSCashChanger@@@ATL@@QEAA@PEAX@Z 00000001800049b4 f i CashChanger.obj
 0001:00003acc       ??0CAtlModule@ATL@@QEAA@XZ 0000000180004acc f i CashChanger.obj
 0001:00003b40       ??1?$CComEnumImpl@UIEnumConnectionPoints@@$1?_GUID_b196b285_bab4_101a_b69c_00aa00341d07@@3U__s_GUID@@BPEAUIConnectionPoint@@V?$_CopyInterface@UIConnectionPoint@@@ATL@@@ATL@@UEAA@XZ 0000000180004b40 f i CashChanger.obj
 0001:00003b9c       ??1?$CComEnumImpl@UIEnumConnections@@$1?_GUID_b196b287_bab4_101a_b69c_00aa00341d07@@3U__s_GUID@@BUtagCONNECTDATA@@V?$_Copy@UtagCONNECTDATA@@@ATL@@@ATL@@UEAA@XZ 0000000180004b9c f i CashChanger.obj
 0001:00003bf8       ??1?$CComObject@VCOPOSCashChanger@@@ATL@@UEAA@XZ 0000000180004bf8 f i CashChanger.obj
 0001:00003d18       ??_E?$CComContainedObject@VCOPOSCashChanger@@@ATL@@UEAAPEAXI@Z 0000000180004d18 f i CashChanger.obj
 0001:00003d18       ??_G?$CComContainedObject@VCOPOSCashChanger@@@ATL@@UEAAPEAXI@Z 0000000180004d18 f i CashChanger.obj
 0001:00003d4c       ??_G?$CComObject@VCOPOSCashChanger@@@ATL@@UEAAPEAXI@Z 0000000180004d4c f i CashChanger.obj
 0001:00003d4c       ??_E?$CComObject@VCOPOSCashChanger@@@ATL@@UEAAPEAXI@Z 0000000180004d4c f i CashChanger.obj
 0001:00003d80       ?Add@?$CSimpleArray@GV?$CSimpleArrayEqualHelper@G@ATL@@@ATL@@QEAAHAEBG@Z 0000000180004d80 f i CashChanger.obj
 0001:00003e34       ?Add@?$CSimpleMap@PEA_WPEA_WVCExpansionVectorEqualHelper@ATL@@@ATL@@QEAAHAEBQEA_W0@Z 0000000180004e34 f i CashChanger.obj
 0001:00003ed4       ?Add@CComDynamicUnkArray@ATL@@QEAAKPEAUIUnknown@@@Z 0000000180004ed4 f i CashChanger.obj
 0001:00003fbc       ?Add@CExpansionVector@ATL@@QEAAHPEB_W0@Z 0000000180004fbc f i CashChanger.obj
 0001:000040f0       ?AddTermFunc@CAtlModule@ATL@@QEAAJP6AX_K@Z0@Z 00000001800050f0 f i CashChanger.obj
 0001:0000418c       ?AddValue@CRegParser@ATL@@IEAAJAEAVCRegKey@2@PEB_WPEA_W@Z 000000018000518c f i CashChanger.obj
 0001:000045d4       ?AllocateHeap@?$CTempBuffer@_W$0BAA@VCCRTAllocator@ATL@@@ATL@@AEAAX_K@Z 00000001800055d4 f i CashChanger.obj
 0001:000045d4       ?AllocateHeap@?$CTempBuffer@E$0BAA@VCCRTAllocator@ATL@@@ATL@@AEAAX_K@Z 00000001800055d4 f i CashChanger.obj
 0001:000045d4       ?AllocateHeap@?$CTempBuffer@_W$0EAA@VCCRTAllocator@ATL@@@ATL@@AEAAX_K@Z 00000001800055d4 f i CashChanger.obj
 0001:00004600       ?Append@CParseBuffer@CRegParser@ATL@@QEAAHPEB_WH@Z 0000000180005600 f i CashChanger.obj
 0001:00004748       ?AtlComModuleGetClassObject@ATL@@YAJPEAU_ATL_COM_MODULE70@1@AEBU_GUID@@1PEAPEAX@Z 0000000180005748 f i CashChanger.obj
 0001:00004888       ?AtlComModuleRegisterServer@ATL@@YAJPEAU_ATL_COM_MODULE70@1@HPEBU_GUID@@@Z 0000000180005888 f i CashChanger.obj
 0001:00004948       ?AtlComModuleUnregisterServer@ATL@@YAJPEAU_ATL_COM_MODULE70@1@HPEBU_GUID@@@Z 0000000180005948 f i CashChanger.obj
 0001:00004a04       ?AtlHiMetricToPixel@ATL@@YAXPEBUtagSIZE@@PEAU2@@Z 0000000180005a04 f i CashChanger.obj
 0001:00004ab4       ?AtlHresultFromLastError@ATL@@YAJXZ 0000000180005ab4 f i CashChanger.obj
 0001:00004ad4       ?AtlHresultFromWin32@ATL@@YAJK@Z 0000000180005ad4 f i CashChanger.obj
 0001:00004ae4       ?AtlInternalOleLoadFromStream@ATL@@YAJPEAUIStream@@AEBU_GUID@@PEAPEAXTClassesAllowedInStream@1@K@Z 0000000180005ae4 f i CashChanger.obj
 0001:00004c28       ?AtlInternalQueryInterface@ATL@@YAJPEAXPEBU_ATL_INTMAP_ENTRY@1@AEBU_GUID@@PEAPEAX@Z 0000000180005c28 f i CashChanger.obj
 0001:00004d30       ?AtlLoadTypeLib@ATL@@YAJPEAUHINSTANCE__@@PEB_WPEAPEA_WPEAPEAUITypeLib@@@Z 0000000180005d30 f i CashChanger.obj
 0001:00004f8c       ?AtlRegisterClassCategoriesHelper@ATL@@YAJAEBU_GUID@@PEBU_ATL_CATMAP_ENTRY@1@H@Z 0000000180005f8c f i CashChanger.obj
 0001:00005410       ?AtlRegisterTypeLib@ATL@@YAJPEAUHINSTANCE__@@PEB_W@Z 0000000180006410 f i CashChanger.obj
 0001:0000560c       ?AtlThrowImpl@ATL@@YAXJ@Z  000000018000660c f i CashChanger.obj
 0001:00005630       ?AtlUnRegisterTypeLib@ATL@@YAJPEAUHINSTANCE__@@PEB_W@Z 0000000180006630 f i CashChanger.obj
 0001:000056f8       ?AtlWinModuleExtractCreateWndData@ATL@@YAPEAXPEAU_ATL_WIN_MODULE70@1@@Z 00000001800066f8 f i CashChanger.obj
 0001:00005784       ?Cleanup@CComTypeInfoHolder@ATL@@SAX_K@Z 0000000180006784 f i CashChanger.obj
 0001:000057c4       ?ClearReplacements@CExpansionVector@ATL@@QEAAJXZ 00000001800067c4 f i CashChanger.obj
 0001:00005860       ?CreateInstance@?$CComCreator@V?$CComAggObject@VCOPOSCashChanger@@@ATL@@@ATL@@SAJPEAXAEBU_GUID@@PEAPEAX@Z 0000000180006860 f i CashChanger.obj
 0001:00005950       ?CreateInstance@?$CComCreator@V?$CComObject@VCOPOSCashChanger@@@ATL@@@ATL@@SAJPEAXAEBU_GUID@@PEAPEAX@Z 0000000180006950 f i CashChanger.obj
 0001:00005a08       ?CreateInstance@?$CComObject@V?$CComEnum@UIEnumConnectionPoints@@$1?_GUID_b196b285_bab4_101a_b69c_00aa00341d07@@3U__s_GUID@@BPEAUIConnectionPoint@@V?$_CopyInterface@UIConnectionPoint@@@ATL@@VCComSingleThreadModel@6@@ATL@@@ATL@@SAJPEAPEAV12@@Z 0000000180006a08 f i CashChanger.obj
 0001:00005a94       ?CreateInstance@?$CComObject@V?$CComEnum@UIEnumConnections@@$1?_GUID_b196b287_bab4_101a_b69c_00aa00341d07@@3U__s_GUID@@BUtagCONNECTDATA@@V?$_Copy@UtagCONNECTDATA@@@ATL@@VCComSingleThreadModel@6@@ATL@@@ATL@@SAJPEAPEAV12@@Z 0000000180006a94 f i CashChanger.obj
 0001:00005b20       ?DefaultReflectionHandler@?$CWindowImplRoot@VCWindow@ATL@@@ATL@@SAHPEAUHWND__@@I_K_JAEA_J@Z 0000000180006b20 f i CashChanger.obj
 0001:00005b84       ?DeleteSubKey@CRegKey@ATL@@QEAAJPEB_W@Z 0000000180006b84 f i CashChanger.obj
 0001:00005c1c       ?DoEvent@COPOSCashChanger@@IEAAXI_K_J@Z 0000000180006c1c f i CashChanger.obj
 0001:00005cd0       ?DoVerbPrimary@?$IOleObjectImpl@VCOPOSCashChanger@@@ATL@@QEAAJPEBUtagRECT@@PEAUHWND__@@@Z 0000000180006cd0 f i CashChanger.obj
 0001:00005dfc       ?DoVerbProperties@CComControlBase@ATL@@QEAAJPEBUtagRECT@@PEAUHWND__@@@Z 0000000180006dfc f i CashChanger.obj
 0001:00006024       ?FireTheEvent@?$CProxy_IOPOSEvents@VCOPOSCashChanger@@@@IEAAXPEAVOposVariant@@IAEAJPEB_WJ@Z 0000000180007024 f i CashChanger.obj
 0001:00006110       ?FireViewChange@CComControlBase@ATL@@QEAAJXZ 0000000180007110 f i CashChanger.obj
 0001:00006174       ?Fire_DataEvent@?$CProxy_IOPOSEvents@VCOPOSCashChanger@@@@QEAAXJ@Z 0000000180007174 f i CashChanger.obj
 0001:00006260       ?Fire_DirectIOEvent@?$CProxy_IOPOSEvents@VCOPOSCashChanger@@@@QEAAXJPEAJPEAPEA_W@Z 0000000180007260 f i CashChanger.obj
 0001:000063b8       ?Fire_StatusUpdateEvent@?$CProxy_IOPOSEvents@VCOPOSCashChanger@@@@QEAAXJ@Z 00000001800073b8 f i CashChanger.obj
 0001:000064a4       ?FreeHeap@?$CTempBuffer@E$0BAA@VCCRTAllocator@ATL@@@ATL@@AEAAXXZ 00000001800074a4 f i CashChanger.obj
 0001:000064a4       ?FreeHeap@?$CTempBuffer@_W$0EAA@VCCRTAllocator@ATL@@@ATL@@AEAAXXZ 00000001800074a4 f i CashChanger.obj
 0001:000064a4       ?FreeHeap@?$CTempBuffer@_W$0BAA@VCCRTAllocator@ATL@@@ATL@@AEAAXXZ 00000001800074a4 f i CashChanger.obj
 0001:000064ac       ?GetAmbientLocaleID@CComControlBase@ATL@@QEAAJAEAK@Z 00000001800074ac f i CashChanger.obj
 0001:0000656c       ?GetAmbientUserMode@CComControlBase@ATL@@QEAAJAEAH@Z 000000018000756c f i CashChanger.obj
 0001:0000663c       ?GetClassObject@CComModule@ATL@@QEAAJAEBU_GUID@@0PEAPEAX@Z 000000018000763c f i CashChanger.obj
 0001:00006730       ?GetConnMap@COPOSCashChanger@@SAPEBU_ATL_CONNMAP_ENTRY@ATL@@PEAH@Z 0000000180007730 f i CashChanger.obj
 0001:000067b8       ?GetIDsOfNames@CComTypeInfoHolder@ATL@@QEAAJAEBU_GUID@@PEAPEA_WIKPEAJ@Z 00000001800077b8 f i CashChanger.obj
 0001:00006930       ?GetPagesHelper@?$ISpecifyPropertyPagesImpl@VCOPOSCashChanger@@@ATL@@IEAAJPEAUtagCAUUID@@PEBUATL_PROPMAP_ENTRY@2@@Z 0000000180007930 f i CashChanger.obj
 0001:00006ad0       ?GetSizeMax@CComVariant@ATL@@QEBAJPEAT_ULARGE_INTEGER@@@Z 0000000180007ad0 f i CashChanger.obj
 0001:00006d04       ?GetTI@CComTypeInfoHolder@ATL@@QEAAJK@Z 0000000180007d04 f i CashChanger.obj
 0001:00006ffc       ?GetZoomInfo@CComControlBase@ATL@@QEAAXAEAUATL_DRAWINFO@@@Z 0000000180007ffc f i CashChanger.obj
 0001:000070a0       ?HKeyFromString@CRegParser@ATL@@KAPEAUHKEY__@@PEA_W@Z 00000001800080a0 f i CashChanger.obj
 0001:00007104       ?IDataObject_GetData@CComControlBase@ATL@@QEAAJPEAUtagFORMATETC@@PEAUtagSTGMEDIUM@@@Z 0000000180008104 f i CashChanger.obj
 0001:000072f8       ?IOleInPlaceObject_InPlaceDeactivate@CComControlBase@ATL@@QEAAJXZ 00000001800082f8 f i CashChanger.obj
 0001:00007398       ?IOleInPlaceObject_SetObjectRects@CComControlBase@ATL@@QEAAJPEBUtagRECT@@0@Z 0000000180008398 f i CashChanger.obj
 0001:00007488       ?IOleInPlaceObject_UIDeactivate@CComControlBase@ATL@@QEAAJXZ 0000000180008488 f i CashChanger.obj
 0001:00007594       ?IOleObject_Close@CComControlBase@ATL@@QEAAJK@Z 0000000180008594 f i CashChanger.obj
 0001:000076ac       ?IOleObject_SetClientSite@CComControlBase@ATL@@QEAAJPEAUIOleClientSite@@@Z 00000001800086ac f i CashChanger.obj
 0001:00007724       ?IOleObject_SetExtent@CComControlBase@ATL@@QEAAJKPEAUtagSIZE@@@Z 0000000180008724 f i CashChanger.obj
 0001:000077bc       ?IPSI_GetIPersistStreamInit@?$IPersistStorageImpl@VCOPOSCashChanger@@@ATL@@AEAAPEAUIPersistStreamInit@@XZ 00000001800087bc f i CashChanger.obj
 0001:000078a4       ?IPersistStreamInit_Load@?$IPersistStreamInitImpl@VCOPOSCashChanger@@@ATL@@QEAAJPEAUIStream@@PEBUATL_PROPMAP_ENTRY@2@@Z 00000001800088a4 f i CashChanger.obj
 0001:00007bd8       ?IPersistStreamInit_Save@?$IPersistStreamInitImpl@VCOPOSCashChanger@@@ATL@@QEAAJPEAUIStream@@HPEBUATL_PROPMAP_ENTRY@2@@Z 0000000180008bd8 f i CashChanger.obj
 0001:00007e7c       ?IQuickActivate_QuickActivate@CComControlBase@ATL@@QEAAJPEAUtagQACONTAINER@@PEAUtagQACONTROL@@@Z 0000000180008e7c f i CashChanger.obj
 0001:00008140       ?IViewObject_Draw@CComControlBase@ATL@@QEAAJKJPEAXPEAUtagDVTARGETDEVICE@@PEAUHDC__@@2PEBU_RECTL@@3@Z 0000000180009140 f i CashChanger.obj
 0001:00008254       ?InPlaceActivate@CComControlBase@ATL@@QEAAJJPEBUtagRECT@@@Z 0000000180009254 f i CashChanger.obj
 0001:0000858c       ?Init@?$CComEnumImpl@UIEnumConnectionPoints@@$1?_GUID_b196b285_bab4_101a_b69c_00aa00341d07@@3U__s_GUID@@BPEAUIConnectionPoint@@V?$_CopyInterface@UIConnectionPoint@@@ATL@@@ATL@@QEAAJPEAPEAUIConnectionPoint@@0PEAUIUnknown@@W4CComEnumFlags@2@@Z 000000018000958c f i CashChanger.obj
 0001:000086ac       ?Init@?$CComEnumImpl@UIEnumConnections@@$1?_GUID_b196b287_bab4_101a_b69c_00aa00341d07@@3U__s_GUID@@BUtagCONNECTDATA@@V?$_Copy@UtagCONNECTDATA@@@ATL@@@ATL@@QEAAJPEAUtagCONNECTDATA@@0PEAUIUnknown@@W4CComEnumFlags@2@@Z 00000001800096ac f i CashChanger.obj
 0001:000087d0       ?IsEqualObject@?$CComPtrBase@UIOleClientSite@@@ATL@@QEAA_NPEAUIUnknown@@@Z 00000001800097d0 f i CashChanger.obj
 0001:0000885c       ?LoadNameCache@CComTypeInfoHolder@ATL@@QEAAJPEAUITypeInfo@@@Z 000000018000985c f i CashChanger.obj
 0001:000089dc       ?Lookup@?$CSimpleMap@PEA_WPEA_WVCExpansionVectorEqualHelper@ATL@@@ATL@@QEBAPEA_WAEBQEA_W@Z 00000001800099dc f i CashChanger.obj
 0001:00008a68       ?NextToken@CRegParser@ATL@@IEAAJPEA_W@Z 0000000180009a68 f i CashChanger.obj
 0001:00008c20       ?OnKillFocus@CComControlBase@ATL@@QEAA_JI_K_JAEAH@Z 0000000180009c20 f i CashChanger.obj
 0001:00008cbc       ?OnMouseActivate@CComControlBase@ATL@@QEAA_JI_K_JAEAH@Z 0000000180009cbc f i CashChanger.obj
 0001:00008d5c       ?OnPaint@CComControlBase@ATL@@QEAA_JI_K_JAEAH@Z 0000000180009d5c f i CashChanger.obj
 0001:00008e48       ?OnSetFocus@CComControlBase@ATL@@QEAA_JI_K_JAEAH@Z 0000000180009e48 f i CashChanger.obj
 0001:00008f44       ?PreProcessBuffer@CRegParser@ATL@@QEAAJPEA_WPEAPEA_W@Z 0000000180009f44 f i CashChanger.obj
 0001:000092c8       ?ProcessWindowMessage@?$CComControl@VCOPOSCashChanger@@V?$CWindowImpl@VCOPOSCashChanger@@VCWindow@ATL@@V?$CWinTraits@$0FGAAAAAA@$0A@@3@@ATL@@@ATL@@UEAAHPEAUHWND__@@I_K_JAEA_JK@Z 000000018000a2c8 f i CashChanger.obj
 0001:000093ac       ?ReadFromStream@CComBSTR@ATL@@QEAAJPEAUIStream@@@Z 000000018000a3ac f i CashChanger.obj
 0001:00009508       ?ReadFromStream@CComVariant@ATL@@QEAAJPEAUIStream@@GTClassesAllowedInStream@2@K@Z 000000018000a508 f i CashChanger.obj
 0001:00009718       ?RecurseDeleteKey@CRegKey@ATL@@QEAAJPEB_W@Z 000000018000a718 f i CashChanger.obj
 0001:00009870       ?RegCreateKeyExW@CAtlTransactionManager@ATL@@QEAAJPEAUHKEY__@@PEB_WKPEA_WKKQEAU_SECURITY_ATTRIBUTES@@PEAPEAU3@PEAK@Z 000000018000a870 f i CashChanger.obj
 0001:000099a4       ?RegDeleteKeyW@CAtlTransactionManager@ATL@@QEAAJPEAUHKEY__@@PEB_W@Z 000000018000a9a4 f i CashChanger.obj
 0001:00009a30       ?RegOpenKeyExW@CAtlTransactionManager@ATL@@QEAAJPEAUHKEY__@@PEB_WKKPEAPEAU3@@Z 000000018000aa30 f i CashChanger.obj
 0001:00009ae8       ?RegisterBuffer@CRegParser@ATL@@QEAAJPEA_WH@Z 000000018000aae8 f i CashChanger.obj
 0001:00009c50       ?RegisterFromResource@CRegObject@ATL@@IEAAJPEB_W00H@Z 000000018000ac50 f i CashChanger.obj
 0001:00009e0c       ?RegisterServer@CComModule@ATL@@QEAAJHPEBU_GUID@@@Z 000000018000ae0c f i CashChanger.obj
 0001:00009ecc       ?RegisterSubkeys@CRegParser@ATL@@IEAAJPEA_WPEAUHKEY__@@HH@Z 000000018000aecc f i CashChanger.obj
 0001:0000a738       ?SendOnDataChange@CComControlBase@ATL@@QEAAJK@Z 000000018000b738 f i CashChanger.obj
 0001:0000a7a8       ?SetControlFocus@CComControlBase@ATL@@QEAAHH@Z 000000018000b7a8 f i CashChanger.obj
 0001:0000a884       ?SkipAssignment@CRegParser@ATL@@IEAAJPEA_W@Z 000000018000b884 f i CashChanger.obj
 0001:0000a928       ?Term@CAtlModule@ATL@@QEAAXXZ 000000018000b928 f i CashChanger.obj
 0001:0000a9a8       ?Term@CComModule@ATL@@QEAAXXZ 000000018000b9a8 f i CashChanger.obj
 0001:0000aa24       ?UnregisterServer@CComModule@ATL@@QEAAJHPEBU_GUID@@@Z 000000018000ba24 f i CashChanger.obj
 0001:0000aad4       ?UpdateRegistryFromResource@CAtlModule@ATL@@QEAAJIHPEAU_ATL_REGMAP_ENTRY@2@@Z 000000018000bad4 f i CashChanger.obj
 0001:0000ade0       ?UpdateRegistryFromResource@CAtlModule@ATL@@QEAAJPEB_WHPEAU_ATL_REGMAP_ENTRY@2@@Z 000000018000bde0 f i CashChanger.obj
 0001:0000b104       ?VTFromRegType@CRegParser@ATL@@KAHPEB_WAEAG@Z 000000018000c104 f i CashChanger.obj
 0001:0000b1a0       ?WindowProc@?$CWindowImplBaseT@VCWindow@ATL@@V?$CWinTraits@$0FGAAAAAA@$0A@@2@@ATL@@SA_JPEAUHWND__@@I_K_J@Z 000000018000c1a0 f i CashChanger.obj
 0001:0000b30c       ?WriteToStream@CComVariant@ATL@@QEAAJPEAUIStream@@@Z 000000018000c30c f i CashChanger.obj
 0001:0000b560       ?WriteToStream@CComVariant@ATL@@QEAAJPEAUIStream@@G@Z 000000018000c560 f i CashChanger.obj
 0001:0000b5f8       ?_AtlVerifyStackAvailable@_ATL_SAFE_ALLOCA_IMPL@ATL@@YA_N_K@Z 000000018000c5f8 f i CashChanger.obj
 0001:0000b67c       ?atlCreate@?$CWindowImpl@VCOPOSCashChanger@@VCWindow@ATL@@V?$CWinTraits@$0FGAAAAAA@$0A@@3@@ATL@@QEAAPEAUHWND__@@PEAU3@V_U_RECT@2@PEB_WKKV_U_MENUorID@2@PEAX@Z 000000018000c67c f i CashChanger.obj
 0001:0000b72c       ?atlCreate@?$CWindowImplBaseT@VCWindow@ATL@@V?$CWinTraits@$0FGAAAAAA@$0A@@2@@ATL@@QEAAPEAUHWND__@@PEAU3@V_U_RECT@2@PEB_WKKV_U_MENUorID@2@GPEAX@Z 000000018000c72c f i CashChanger.obj
 0001:0000b89c       ?ocscpy_s@@YA_NPEA_W_KPEB_W@Z 000000018000c89c f i CashChanger.obj
 0001:0000b94c       DllCanUnloadNow            000000018000c94c f   CashChanger.obj
 0001:0000b958       DllGetClassObject          000000018000c958 f   CashChanger.obj
 0001:0000b970       DllMain                    000000018000c970 f   CashChanger.obj
 0001:0000ba18       DllRegisterServer          000000018000ca18 f   CashChanger.obj
 0001:0000ba2c       DllUnregisterServer        000000018000ca2c f   CashChanger.obj
 0001:0000ba40       __local_stdio_printf_options 000000018000ca40 f i CashChanger.obj
 0001:0000ba48       swprintf_s                 000000018000ca48 f i CashChanger.obj
 0001:0000ba9c       ??0COPOSCashChanger@@QEAA@XZ 000000018000ca9c f   CashChangerImpl.obj
 0001:0000bb60       ??1?$IConnectionPointImpl@VCOPOSCashChanger@@$1?DIID__IOPOSCashChangerEvents@@3U_GUID@@BVCComDynamicUnkArray@ATL@@@ATL@@QEAA@XZ 000000018000cb60 f i CashChangerImpl.obj
 0001:0000bb60       ??1?$IConnectionPointImpl@VCOPOSCashChanger@@$1?IID_IPropertyNotifySink@@3U_GUID@@BVCComDynamicUnkArray@ATL@@@ATL@@QEAA@XZ 000000018000cb60 f i CashChangerImpl.obj
 0001:0000bbbc       ??1CComControlBase@ATL@@UEAA@XZ 000000018000cbbc f i CashChangerImpl.obj
 0001:0000bc38       ??1COPOSCashChanger@@UEAA@XZ 000000018000cc38 f   CashChangerImpl.obj
 0001:0000bc9c       ?AdjustCashCounts@COPOSCashChanger@@UEAAJPEA_WPEAJ@Z 000000018000cc9c f   CashChangerImpl.obj
 0001:0000bd24       ?BeginDeposit@COPOSCashChanger@@UEAAJPEAJ@Z 000000018000cd24 f   CashChangerImpl.obj
 0001:0000bd4c       ?CheckHealth@COPOSCashChanger@@UEAAJJPEAJ@Z 000000018000cd4c f   CashChangerImpl.obj
 0001:0000bdc8       ?ClaimDevice@COPOSCashChanger@@UEAAJJPEAJ@Z 000000018000cdc8 f   CashChangerImpl.obj
 0001:0000be68       ?ClearInput@COPOSCashChanger@@UEAAJPEAJ@Z 000000018000ce68 f   CashChangerImpl.obj
 0001:0000be90       ?Close@COPOSCashChanger@@UEAAJPEAJ@Z 000000018000ce90 f   CashChangerImpl.obj
 0001:0000bf48       ?CompareFirmwareVersion@COPOSCashChanger@@UEAAJPEA_WPEAJ1@Z 000000018000cf48 f   CashChangerImpl.obj
 0001:0000c024       ?DirectIO@COPOSCashChanger@@UEAAJJPEAJPEAPEA_W0@Z 000000018000d024 f   CashChangerImpl.obj
 0001:0000c120       ?DispenseCash@COPOSCashChanger@@UEAAJPEA_WPEAJ@Z 000000018000d120 f   CashChangerImpl.obj
 0001:0000c1a8       ?DispenseChange@COPOSCashChanger@@UEAAJJPEAJ@Z 000000018000d1a8 f   CashChangerImpl.obj
 0001:0000c224       ?DoInvoke@COPOSCashChanger@@IEAAJJPEAVOposVariant@@IHPEAJ_N@Z 000000018000d224 f   CashChangerImpl.obj
 0001:0000c358       ?EndDeposit@COPOSCashChanger@@UEAAJJPEAJ@Z 000000018000d358 f   CashChangerImpl.obj
 0001:0000c3d4       ?EventInit@COPOSCashChanger@@IEAAJXZ 000000018000d3d4 f i CashChangerImpl.obj
 0001:0000c51c       ?EventUninit@COPOSCashChanger@@IEAAXXZ 000000018000d51c f i CashChangerImpl.obj
 0001:0000c580       ?EventWindowProc@COPOSCashChanger@@IEAA_JI_K_J@Z 000000018000d580 f i CashChangerImpl.obj
 0001:0000c6b4       ?FinalConstruct@COPOSCashChanger@@QEAAJXZ 000000018000d6b4 f   CashChangerImpl.obj
 0001:0000c6f0       ?FixDeposit@COPOSCashChanger@@UEAAJPEAJ@Z 000000018000d6f0 f   CashChangerImpl.obj
 0001:0000c718       ?FreezeEvents@COPOSCashChanger@@MEAAJH@Z 000000018000d718 f   CashChangerImpl.obj
 0001:0000c78c       ?GetOposProp@COPOSCashChanger@@IEAAJJPEAJJ@Z 000000018000d78c f   CashChangerImpl.obj
 0001:0000c8a8       ?GetOposProp@COPOSCashChanger@@IEAAJJPEAPEA_WJ@Z 000000018000d8a8 f   CashChangerImpl.obj
 0001:0000c9d4       ?OnDraw@COPOSCashChanger@@MEAAJAEAUATL_DRAWINFO@@@Z 000000018000d9d4 f   CashChangerImpl.obj
 0001:0000cac0       ?Open@COPOSCashChanger@@UEAAJPEA_WPEAJ@Z 000000018000dac0 f   CashChangerImpl.obj
 0001:0000d34c       ?PauseDeposit@COPOSCashChanger@@UEAAJJPEAJ@Z 000000018000e34c f   CashChangerImpl.obj
 0001:0000d3c8       ?ReadCashCounts@COPOSCashChanger@@UEAAJPEAPEA_WPEAFPEAJ@Z 000000018000e3c8 f   CashChangerImpl.obj
 0001:0000d4a4       ?ReleaseDevice@COPOSCashChanger@@UEAAJPEAJ@Z 000000018000e4a4 f   CashChangerImpl.obj
 0001:0000d510       ?ResetStatistics@COPOSCashChanger@@UEAAJPEA_WPEAJ@Z 000000018000e510 f   CashChangerImpl.obj
 0001:0000d598       ?RetrieveStatistics@COPOSCashChanger@@UEAAJPEAPEA_WPEAJ@Z 000000018000e598 f   CashChangerImpl.obj
 0001:0000d620       ?SOProcessID@COPOSCashChanger@@UEAAJPEAJ@Z 000000018000e620 f   CashChangerImpl.obj
 0001:0000d63c       ?SetCOFreezeEvents@COPOSCashChanger@@IEAAXF@Z 000000018000e63c f   CashChangerImpl.obj
 0001:0000d720       ?SetOposProp@COPOSCashChanger@@IEAAJJJJ@Z 000000018000e720 f   CashChangerImpl.obj
 0001:0000d880       ?SetOposProp@COPOSCashChanger@@IEAAJJPEA_WJ@Z 000000018000e880 f   CashChangerImpl.obj
 0001:0000d9d8       ?UpdateFirmware@COPOSCashChanger@@UEAAJPEA_WPEAJ@Z 000000018000e9d8 f   CashChangerImpl.obj
 0001:0000da60       ?UpdateStatistics@COPOSCashChanger@@UEAAJPEA_WPEAJ@Z 000000018000ea60 f   CashChangerImpl.obj
 0001:0000dae8       ?get_AsyncMode@COPOSCashChanger@@UEAAJPEAF@Z 000000018000eae8 f   CashChangerImpl.obj
 0001:0000db1c       ?get_AsyncResultCode@COPOSCashChanger@@UEAAJPEAJ@Z 000000018000eb1c f   CashChangerImpl.obj
 0001:0000db30       ?get_AsyncResultCodeExtended@COPOSCashChanger@@UEAAJPEAJ@Z 000000018000eb30 f   CashChangerImpl.obj
 0001:0000db44       ?get_BinaryConversion@COPOSCashChanger@@UEAAJPEAJ@Z 000000018000eb44 f   CashChangerImpl.obj
 0001:0000db58       ?get_CapCompareFirmwareVersion@COPOSCashChanger@@UEAAJPEAF@Z 000000018000eb58 f   CashChangerImpl.obj
 0001:0000db8c       ?get_CapDeposit@COPOSCashChanger@@UEAAJPEAF@Z 000000018000eb8c f   CashChangerImpl.obj
 0001:0000dbc0       ?get_CapDepositDataEvent@COPOSCashChanger@@UEAAJPEAF@Z 000000018000ebc0 f   CashChangerImpl.obj
 0001:0000dbf4       ?get_CapDiscrepancy@COPOSCashChanger@@UEAAJPEAF@Z 000000018000ebf4 f   CashChangerImpl.obj
 0001:0000dc28       ?get_CapEmptySensor@COPOSCashChanger@@UEAAJPEAF@Z 000000018000ec28 f   CashChangerImpl.obj
 0001:0000dc5c       ?get_CapFullSensor@COPOSCashChanger@@UEAAJPEAF@Z 000000018000ec5c f   CashChangerImpl.obj
 0001:0000dc90       ?get_CapJamSensor@COPOSCashChanger@@UEAAJPEAF@Z 000000018000ec90 f   CashChangerImpl.obj
 0001:0000dcc4       ?get_CapNearEmptySensor@COPOSCashChanger@@UEAAJPEAF@Z 000000018000ecc4 f   CashChangerImpl.obj
 0001:0000dcf8       ?get_CapNearFullSensor@COPOSCashChanger@@UEAAJPEAF@Z 000000018000ecf8 f   CashChangerImpl.obj
 0001:0000dd2c       ?get_CapPauseDeposit@COPOSCashChanger@@UEAAJPEAF@Z 000000018000ed2c f   CashChangerImpl.obj
 0001:0000dd60       ?get_CapPowerReporting@COPOSCashChanger@@UEAAJPEAJ@Z 000000018000ed60 f   CashChangerImpl.obj
 0001:0000dd74       ?get_CapRealTimeData@COPOSCashChanger@@UEAAJPEAF@Z 000000018000ed74 f   CashChangerImpl.obj
 0001:0000dda8       ?get_CapRepayDeposit@COPOSCashChanger@@UEAAJPEAF@Z 000000018000eda8 f   CashChangerImpl.obj
 0001:0000dddc       ?get_CapStatisticsReporting@COPOSCashChanger@@UEAAJPEAF@Z 000000018000eddc f   CashChangerImpl.obj
 0001:0000de10       ?get_CapUpdateFirmware@COPOSCashChanger@@UEAAJPEAF@Z 000000018000ee10 f   CashChangerImpl.obj
 0001:0000de44       ?get_CapUpdateStatistics@COPOSCashChanger@@UEAAJPEAF@Z 000000018000ee44 f   CashChangerImpl.obj
 0001:0000de78       ?get_CheckHealthText@COPOSCashChanger@@UEAAJPEAPEA_W@Z 000000018000ee78 f   CashChangerImpl.obj
 0001:0000de8c       ?get_Claimed@COPOSCashChanger@@UEAAJPEAF@Z 000000018000ee8c f   CashChangerImpl.obj
 0001:0000dec0       ?get_ControlObjectDescription@COPOSCashChanger@@UEAAJPEAPEA_W@Z 000000018000eec0 f   CashChangerImpl.obj
 0001:0000df24       ?get_ControlObjectVersion@COPOSCashChanger@@UEAAJPEAJ@Z 000000018000ef24 f   CashChangerImpl.obj
 0001:0000df30       ?get_CurrencyCashList@COPOSCashChanger@@UEAAJPEAPEA_W@Z 000000018000ef30 f   CashChangerImpl.obj
 0001:0000df44       ?get_CurrencyCode@COPOSCashChanger@@UEAAJPEAPEA_W@Z 000000018000ef44 f   CashChangerImpl.obj
 0001:0000df58       ?get_CurrencyCodeList@COPOSCashChanger@@UEAAJPEAPEA_W@Z 000000018000ef58 f   CashChangerImpl.obj
 0001:0000df6c       ?get_CurrentExit@COPOSCashChanger@@UEAAJPEAJ@Z 000000018000ef6c f   CashChangerImpl.obj
 0001:0000df80       ?get_CurrentService@COPOSCashChanger@@UEAAJPEAJ@Z 000000018000ef80 f   CashChangerImpl.obj
 0001:0000df94       ?get_DataCount@COPOSCashChanger@@UEAAJPEAJ@Z 000000018000ef94 f   CashChangerImpl.obj
 0001:0000dfa8       ?get_DataEventEnabled@COPOSCashChanger@@UEAAJPEAF@Z 000000018000efa8 f   CashChangerImpl.obj
 0001:0000dfdc       ?get_DepositAmount@COPOSCashChanger@@UEAAJPEAJ@Z 000000018000efdc f   CashChangerImpl.obj
 0001:0000dff0       ?get_DepositCashList@COPOSCashChanger@@UEAAJPEAPEA_W@Z 000000018000eff0 f   CashChangerImpl.obj
 0001:0000e004       ?get_DepositCodeList@COPOSCashChanger@@UEAAJPEAPEA_W@Z 000000018000f004 f   CashChangerImpl.obj
 0001:0000e018       ?get_DepositCounts@COPOSCashChanger@@UEAAJPEAPEA_W@Z 000000018000f018 f   CashChangerImpl.obj
 0001:0000e02c       ?get_DepositStatus@COPOSCashChanger@@UEAAJPEAJ@Z 000000018000f02c f   CashChangerImpl.obj
 0001:0000e040       ?get_DeviceDescription@COPOSCashChanger@@UEAAJPEAPEA_W@Z 000000018000f040 f   CashChangerImpl.obj
 0001:0000e054       ?get_DeviceEnabled@COPOSCashChanger@@UEAAJPEAF@Z 000000018000f054 f   CashChangerImpl.obj
 0001:0000e088       ?get_DeviceExits@COPOSCashChanger@@UEAAJPEAJ@Z 000000018000f088 f   CashChangerImpl.obj
 0001:0000e09c       ?get_DeviceName@COPOSCashChanger@@UEAAJPEAPEA_W@Z 000000018000f09c f   CashChangerImpl.obj
 0001:0000e0b0       ?get_DeviceStatus@COPOSCashChanger@@UEAAJPEAJ@Z 000000018000f0b0 f   CashChangerImpl.obj
 0001:0000e0c4       ?get_ExitCashList@COPOSCashChanger@@UEAAJPEAPEA_W@Z 000000018000f0c4 f   CashChangerImpl.obj
 0001:0000e0d8       ?get_FreezeEvents@COPOSCashChanger@@UEAAJPEAF@Z 000000018000f0d8 f   CashChangerImpl.obj
 0001:0000e108       ?get_FullStatus@COPOSCashChanger@@UEAAJPEAJ@Z 000000018000f108 f   CashChangerImpl.obj
 0001:0000e11c       ?get_OpenResult@COPOSCashChanger@@UEAAJPEAJ@Z 000000018000f11c f   CashChangerImpl.obj
 0001:0000e128       ?get_PowerNotify@COPOSCashChanger@@UEAAJPEAJ@Z 000000018000f128 f   CashChangerImpl.obj
 0001:0000e13c       ?get_PowerState@COPOSCashChanger@@UEAAJPEAJ@Z 000000018000f13c f   CashChangerImpl.obj
 0001:0000e150       ?get_RealTimeDataEnabled@COPOSCashChanger@@UEAAJPEAF@Z 000000018000f150 f   CashChangerImpl.obj
 0001:0000e184       ?get_ResultCode@COPOSCashChanger@@UEAAJPEAJ@Z 000000018000f184 f   CashChangerImpl.obj
 0001:0000e1c0       ?get_ResultCodeExtended@COPOSCashChanger@@UEAAJPEAJ@Z 000000018000f1c0 f   CashChangerImpl.obj
 0001:0000e1d4       ?get_ServiceCount@COPOSCashChanger@@UEAAJPEAJ@Z 000000018000f1d4 f   CashChangerImpl.obj
 0001:0000e1e8       ?get_ServiceIndex@COPOSCashChanger@@UEAAJPEAJ@Z 000000018000f1e8 f   CashChangerImpl.obj
 0001:0000e1fc       ?get_ServiceObjectDescription@COPOSCashChanger@@UEAAJPEAPEA_W@Z 000000018000f1fc f   CashChangerImpl.obj
 0001:0000e210       ?get_ServiceObjectVersion@COPOSCashChanger@@UEAAJPEAJ@Z 000000018000f210 f   CashChangerImpl.obj
 0001:0000e224       ?get_State@COPOSCashChanger@@UEAAJPEAJ@Z 000000018000f224 f   CashChangerImpl.obj
 0001:0000e250       ?put_AsyncMode@COPOSCashChanger@@UEAAJF@Z 000000018000f250 f   CashChangerImpl.obj
 0001:0000e26c       ?put_BinaryConversion@COPOSCashChanger@@UEAAJJ@Z 000000018000f26c f   CashChangerImpl.obj
 0001:0000e280       ?put_CurrencyCode@COPOSCashChanger@@UEAAJPEA_W@Z 000000018000f280 f   CashChangerImpl.obj
 0001:0000e294       ?put_CurrentExit@COPOSCashChanger@@UEAAJJ@Z 000000018000f294 f   CashChangerImpl.obj
 0001:0000e2a8       ?put_CurrentService@COPOSCashChanger@@UEAAJJ@Z 000000018000f2a8 f   CashChangerImpl.obj
 0001:0000e2bc       ?put_DataEventEnabled@COPOSCashChanger@@UEAAJF@Z 000000018000f2bc f   CashChangerImpl.obj
 0001:0000e2d4       ?put_DeviceEnabled@COPOSCashChanger@@UEAAJF@Z 000000018000f2d4 f   CashChangerImpl.obj
 0001:0000e2ec       ?put_FreezeEvents@COPOSCashChanger@@UEAAJF@Z 000000018000f2ec f   CashChangerImpl.obj
 0001:0000e33c       ?put_PowerNotify@COPOSCashChanger@@UEAAJJ@Z 000000018000f33c f   CashChangerImpl.obj
 0001:0000e350       ?put_RealTimeDataEnabled@COPOSCashChanger@@UEAAJF@Z 000000018000f350 f   CashChangerImpl.obj
 0001:0000e36c       ?s_EventWindowProc@COPOSCashChanger@@KA_JPEAUHWND__@@I_K_J@Z 000000018000f36c f i CashChangerImpl.obj
 0001:0000e3e8       ??_U@YAPEAX_K@Z            000000018000f3e8 f   LIBCMT:new_array.obj
 0001:0000e3f0       ??_V@YAXPEAX@Z             000000018000f3f0 f   LIBCMT:delete_array.obj
 0001:0000e3f0       ??3@YAXPEAX_K@Z            000000018000f3f0 f   LIBCMT:delete_scalar_size.obj
 0001:0000e3f8       ??_V@YAXPEAX_K@Z           000000018000f3f8 f   LIBCMT:delete_array_size.obj
 0001:0000e400       __scrt_acquire_startup_lock 000000018000f400 f   LIBCMT:utility.obj
 0001:0000e43c       __scrt_dllmain_after_initialize_c 000000018000f43c f   LIBCMT:utility.obj
 0001:0000e470       __scrt_dllmain_before_initialize_c 000000018000f470 f   LIBCMT:utility.obj
 0001:0000e488       __scrt_dllmain_crt_thread_attach 000000018000f488 f   LIBCMT:utility.obj
 0001:0000e4b0       __scrt_dllmain_crt_thread_detach 000000018000f4b0 f   LIBCMT:utility.obj
 0001:0000e4c8       __scrt_dllmain_exception_filter 000000018000f4c8 f   LIBCMT:utility.obj
 0001:0000e528       __scrt_dllmain_uninitialize_c 000000018000f528 f   LIBCMT:utility.obj
 0001:0000e558       __scrt_dllmain_uninitialize_critical 000000018000f558 f   LIBCMT:utility.obj
 0001:0000e56c       __scrt_initialize_crt      000000018000f56c f   LIBCMT:utility.obj
 0001:0000e5b8       __scrt_initialize_onexit_tables 000000018000f5b8 f   LIBCMT:utility.obj
 0001:0000e644       __scrt_is_nonwritable_in_current_image 000000018000f644 f   LIBCMT:utility.obj
 0001:0000e6dc       __scrt_release_startup_lock 000000018000f6dc f   LIBCMT:utility.obj
 0001:0000e700       __scrt_uninitialize_crt    000000018000f700 f   LIBCMT:utility.obj
 0001:0000e72c       _onexit                    000000018000f72c f   LIBCMT:utility.obj
 0001:0000e768       atexit                     000000018000f768 f   LIBCMT:utility.obj
 0001:0000e780       ??3@YAXPEAX@Z              000000018000f780 f   LIBCMT:delete_scalar.obj
 0001:0000e880       _Init_thread_footer        000000018000f880 f   LIBCMT:thread_safe_statics.obj
 0001:0000e8e0       _Init_thread_header        000000018000f8e0 f   LIBCMT:thread_safe_statics.obj
 0001:0000e948       _Init_thread_notify        000000018000f948 f   LIBCMT:thread_safe_statics.obj
 0001:0000e98c       _Init_thread_wait          000000018000f98c f   LIBCMT:thread_safe_statics.obj
 0001:0000e9f0       __raise_securityfailure    000000018000f9f0 f   LIBCMT:gs_report.obj
 0001:0000ea24       __report_gsfailure         000000018000fa24 f   LIBCMT:gs_report.obj
 0001:0000eaf8       __report_rangecheckfailure 000000018000faf8 f   LIBCMT:gs_report.obj
 0001:0000eb0c       __report_securityfailure   000000018000fb0c f   LIBCMT:gs_report.obj
 0001:0000ec8c       ??2@YAPEAX_KAEBUnothrow_t@std@@@Z 000000018000fc8c f   LIBCMT:new_scalar_nothrow.obj
 0001:0000ecac       ??_U@YAPEAX_KAEBUnothrow_t@std@@@Z 000000018000fcac f   LIBCMT:new_array_nothrow.obj
 0001:0000ecb4       __GSHandlerCheck           000000018000fcb4 f   LIBCMT:gshandler.obj
 0001:0000ecd4       __GSHandlerCheckCommon     000000018000fcd4 f   LIBCMT:gshandler.obj
 0001:0000ed30       __GSHandlerCheck_SEH       000000018000fd30 f   LIBCMT:gshandlerseh.obj
 0001:0000edd0       __chkstk                   000000018000fdd0 f   LIBCMT:chkstk.obj
 0001:0000edd0       _alloca_probe              000000018000fdd0 f   LIBCMT:chkstk.obj
 0001:0000ee40       __security_check_cookie    000000018000fe40 f   LIBCMT:amdsecgs.obj
 0001:0000f184       _DllMainCRTStartup         0000000180010184 f   LIBCMT:dll_dllmain.obj
 0001:0000f1c4       ??2@YAPEAX_K@Z             00000001800101c4 f   LIBCMT:new_scalar.obj
 0001:0000f200       __isa_available_init       0000000180010200 f   LIBCMT:cpu_disp.obj
 0001:0000f3a4       __scrt_is_ucrt_dll_in_use  00000001800103a4 f   LIBCMT:ucrt_detection.obj
 0001:0000f3b0       __crt_debugger_hook        00000001800103b0 f   LIBCMT:utility_desktop.obj
 0001:0000f3b8       __scrt_fastfail            00000001800103b8 f   LIBCMT:utility_desktop.obj
 0001:0000f504       __security_init_cookie     0000000180010504 f   LIBCMT:gs_support.obj
 0001:0000f5b0       ?__scrt_initialize_type_info@@YAXXZ 00000001800105b0 f   LIBCMT:tncleanup.obj
 0001:0000f5c0       ?__scrt_uninitialize_type_info@@YAXXZ 00000001800105c0 f   LIBCMT:tncleanup.obj
 0001:0000f5cc       __local_stdio_scanf_options 00000001800105cc f i LIBCMT:default_local_stdio_options.obj
 0001:0000f5d4       __scrt_initialize_default_local_stdio_options 00000001800105d4 f   LIBCMT:default_local_stdio_options.obj
 0001:0000f5f0       __scrt_get_dyn_tls_init_callback 00000001800105f0 f   LIBCMT:dyn_tls_init.obj
 0001:0000f5f8       _RTC_Initialize            00000001800105f8 f   LIBCMT:initsect.obj
 0001:0000f634       _RTC_Terminate             0000000180010634 f   LIBCMT:initsect.obj
 0001:0000f670       ??0bad_alloc@std@@QEAA@AEBV01@@Z 0000000180010670 f i LIBCMT:throw_bad_alloc.obj
 0001:0000f6ac       ??0bad_alloc@std@@QEAA@XZ  00000001800106ac f i LIBCMT:throw_bad_alloc.obj
 0001:0000f6cc       ??0bad_array_new_length@std@@QEAA@AEBV01@@Z 00000001800106cc f i LIBCMT:throw_bad_alloc.obj
 0001:0000f708       ??0bad_array_new_length@std@@QEAA@XZ 0000000180010708 f i LIBCMT:throw_bad_alloc.obj
 0001:0000f728       ??0exception@std@@QEAA@AEBV01@@Z 0000000180010728 f i LIBCMT:throw_bad_alloc.obj
 0001:0000f75c       ??1bad_array_new_length@std@@UEAA@XZ 000000018001075c f i LIBCMT:throw_bad_alloc.obj
 0001:0000f75c       ??1bad_exception@std@@UEAA@XZ 000000018001075c f i libvcruntime:frame.obj
 0001:0000f75c       ??1bad_alloc@std@@UEAA@XZ  000000018001075c f i LIBCMT:throw_bad_alloc.obj
 0001:0000f770       ??_Ebad_alloc@std@@UEAAPEAXI@Z 0000000180010770 f i LIBCMT:throw_bad_alloc.obj
 0001:0000f770       ??_Gbad_array_new_length@std@@UEAAPEAXI@Z 0000000180010770 f i LIBCMT:throw_bad_alloc.obj
 0001:0000f770       ??_Gbad_exception@std@@UEAAPEAXI@Z 0000000180010770 f i libvcruntime:frame.obj
 0001:0000f770       ??_Ebad_exception@std@@UEAAPEAXI@Z 0000000180010770 f i libvcruntime:frame.obj
[...]
 0004:0000180c       $pdata$?try_get_function@@YAPEAXW4function_id@?A0x391cf84c@@QEBDQEBW4module_id@2@2@Z 000000018003480c     libucrt:winapi_thunks.obj
 0004:00001818       $pdata$wcstol              0000000180034818     libucrt:strtox.obj
 0004:00001824       $pdata$_mbtowc_l           0000000180034824     libucrt:mbtowc.obj
 0004:00001830       $pdata$__acrt_update_locale_info 0000000180034830     libucrt:locale_update.obj
 0004:0000183c       $pdata$__acrt_update_multibyte_info 000000018003483c     libucrt:locale_update.obj
 0004:00001848       $pdata$__acrt_fp_format    0000000180034848     libucrt:cvt.obj
 0004:00001854       $pdata$?fp_format_e_internal@@YAHQEAD_KH_NIQEAU_strflt@@2QEAU__crt_locale_pointers@@@Z 0000000180034854     libucrt:cvt.obj
 0004:00001860       $pdata$?fp_format_e@@YAHQEBNQEAD_K12H_NIQEAU__crt_locale_pointers@@@Z 0000000180034860     libucrt:cvt.obj
 0004:0000186c       $pdata$?fp_format_a@@YAHQEBNPEAD_KQEAD2H_NIQEAU__crt_locale_pointers@@@Z 000000018003486c     libucrt:cvt.obj
 0004:00001878       $pdata$?fp_format_f_internal@@YAHQEAD_KHQEAU_strflt@@_NQEAU__crt_locale_pointers@@@Z 0000000180034878     libucrt:cvt.obj
 0004:00001884       $pdata$?fp_format_g@@YAHQEBNQEAD_K12H_NIQEAU__crt_locale_pointers@@@Z 0000000180034884     libucrt:cvt.obj
 0004:00001890       $pdata$_fileno             0000000180034890     libucrt:fileno.obj
 0004:0000189c       $pdata$__acrt_initialize_stdio 000000018003489c     libucrt:_file.obj
 0004:000018a8       $pdata$__acrt_uninitialize_stdio 00000001800348a8     libucrt:_file.obj
 0004:000018b4       $pdata$__acrt_uninitialize_locale 00000001800348b4     libucrt:wsetlocale.obj
 0004:000018c0       $pdata$??$?RV<lambda_410d79af7f07d98d83a3f525b3859a53>@@AEAV<lambda_3e16ef9562a7dcce91392c22ab16ea36>@@V<lambda_38119f0e861e05405d8a144b9b982f0a>@@@?$__crt_seh_guarded_call@X@@QEAAX$$QEAV<lambda_410d79af7f07d98d83a3f525b3859a53>@@AEAV<lambda_3e16ef9562a7dcce91392c22ab16ea36>@@$$QEAV<lambda_38119f0e861e05405d8a144b9b982f0a>@@@Z 00000001800348c0     libucrt:wsetlocale.obj
 0004:000018cc       $pdata$?fin$0@?0???$?RV<lambda_410d79af7f07d98d83a3f525b3859a53>@@AEAV<lambda_3e16ef9562a7dcce91392c22ab16ea36>@@V<lambda_38119f0e861e05405d8a144b9b982f0a>@@@?$__crt_seh_guarded_call@X@@QEAAX$$QEAV<lambda_410d79af7f07d98d83a3f525b3859a53>@@AEAV<lambda_3e16ef9562a7dcce91392c22ab16ea36>@@$$QEAV<lambda_38119f0e861e05405d8a144b9b982f0a>@@@Z@4HA 00000001800348cc     libucrt:wsetlocale.obj
 0004:000018d8       $pdata$__acrt_initialize_lowio 00000001800348d8     libucrt:ioinit.obj
 0004:000018e4       $pdata$__acrt_initialize_lowio$fin$0 00000001800348e4     libucrt:ioinit.obj
 0004:000018e4       $pdata$__acrt_lowio_ensure_fh_exists$fin$0 00000001800348e4     libucrt:osfinfo.obj
 0004:000018f0       $pdata$__acrt_uninitialize_lowio 00000001800348f0     libucrt:ioinit.obj
 0004:000018fc       $pdata$?initialize_inherited_file_handles_nolock@@YAXXZ 00000001800348fc     libucrt:ioinit.obj
 0004:00001908       $pdata$?initialize_stdio_handles_nolock@@YAXXZ 0000000180034908     libucrt:ioinit.obj
 0004:00001914       $pdata$__acrt_initialize_locks 0000000180034914     libucrt:locks.obj
 0004:00001920       $pdata$__acrt_uninitialize_locks 0000000180034920     libucrt:locks.obj
 0004:0000192c       $pdata$__acrt_get_process_end_policy 000000018003492c     libucrt:win_policies.obj
 0004:00001938       $pdata$??$__acrt_mbs_to_wcs_cp@U__crt_win32_buffer_internal_dynamic_resizing@@@@YAHQEBDAEAV?$__crt_win32_buffer@_WU__crt_win32_buffer_internal_dynamic_resizing@@@@I@Z 0000000180034938     libucrt:argv_wildcards.obj
 0004:00001944       $pdata$??$__acrt_wcs_to_mbs_cp@U__crt_win32_buffer_internal_dynamic_resizing@@@@YAHQEB_WAEAV?$__crt_win32_buffer@DU__crt_win32_buffer_internal_dynamic_resizing@@@@I@Z 0000000180034944     libucrt:argv_wildcards.obj
 0004:00001950       $pdata$??$common_expand_argv_wildcards@D@@YAHQEAPEADQEAPEAPEAD@Z 0000000180034950     libucrt:argv_wildcards.obj
 0004:0000195c       $pdata$??$copy_and_add_argument_to_buffer@D@@YAHQEBD0_KAEAV?$argument_list@D@?A0x5f5c8891@@@Z 000000018003495c     libucrt:argv_wildcards.obj
 0004:00001968       $pdata$??$expand_argument_wildcards@D@@YAHQEAD0AEAV?$argument_list@D@?A0x5f5c8891@@@Z 0000000180034968     libucrt:argv_wildcards.obj
 0004:00001974       $pdata$__acrt_GetModuleFileNameA 0000000180034974     libucrt:getmodulefilenamea.obj
 0004:00001980       $pdata$??$__acrt_wcs_to_mbs_cp@U__crt_win32_buffer_no_resizing@@@@YAHQEB_WAEAV?$__crt_win32_buffer@DU__crt_win32_buffer_no_resizing@@@@I@Z 0000000180034980     libucrt:getmodulefilenamea.obj
 0004:0000198c       $pdata$__acrt_update_thread_multibyte_data 000000018003498c     libucrt:mbctype.obj
 0004:00001998       $pdata$__acrt_initialize_multibyte 0000000180034998     libucrt:mbctype.obj
 0004:000019a4       $pdata$_setmbcp_nolock     00000001800349a4     libucrt:mbctype.obj
 0004:000019b0       $pdata$?getSystemCP@@YAHH@Z 00000001800349b0     libucrt:mbctype.obj
 0004:000019bc       $pdata$?setSBCS@@YAXPEAU__crt_multibyte_data@@@Z 00000001800349bc     libucrt:mbctype.obj
 0004:000019c8       $pdata$?update_thread_multibyte_data_internal@@YAPEAU__crt_multibyte_data@@QEAU__acrt_ptd@@QEAPEAU1@@Z 00000001800349c8     libucrt:mbctype.obj
 0004:000019d4       $pdata$?fin$0@?0??update_thread_multibyte_data_internal@@YAPEAU__crt_multibyte_data@@QEAU__acrt_ptd@@QEAPEAU1@@Z@4HA 00000001800349d4     libucrt:mbctype.obj
 0004:000019e0       $pdata$?setmbcp_internal@@YAHH_NQEAU__acrt_ptd@@QEAPEAU__crt_multibyte_data@@@Z 00000001800349e0     libucrt:mbctype.obj
 0004:000019ec       $pdata$?setSBUpLow@@YAXPEAU__crt_multibyte_data@@@Z 00000001800349ec     libucrt:mbctype.obj
 0004:000019f8       $pdata$??$?RV<lambda_efdfa57d1f175319df784efa44bb7b81>@@AEAV<lambda_5f0a4c1567f8adc6734073e5d1e1b35c>@@V<lambda_2e8a7d3640ea6ccb4c2413664c2db6fd>@@@?$__crt_seh_guarded_call@X@@QEAAX$$QEAV<lambda_efdfa57d1f175319df784efa44bb7b81>@@AEAV<lambda_5f0a4c1567f8adc6734073e5d1e1b35c>@@$$QEAV<lambda_2e8a7d3640ea6ccb4c2413664c2db6fd>@@@Z 00000001800349f8     libucrt:mbctype.obj
 0004:00001a04       $pdata$?x_ismbbtype_l@@YAHPEAU__crt_locale_pointers@@IHH@Z 0000000180034a04     libucrt:ismbbyte.obj
 0004:00001a10       $pdata$__acrt_initialize_command_line 0000000180034a10     libucrt:argv_data.obj
 0004:00001a1c       $pdata$__acrt_WideCharToMultiByte 0000000180034a1c     libucrt:widechartomultibyte.obj
 0004:00001a28       $pdata$__dcrt_get_narrow_environment_from_os 0000000180034a28     libucrt:get_environment_from_os.obj
 0004:00001a34       $pdata$__acrt_initialize_heap 0000000180034a34     libucrt:heap_handle.obj
 0004:00001a40       $pdata$__acrt_execute_initializers 0000000180034a40     libucrt:shared_initialization.obj
 0004:00001a4c       $pdata$__acrt_execute_uninitializers 0000000180034a4c     libucrt:shared_initialization.obj
 0004:00001a58       $pdata$__acrt_get_sigabrt_handler 0000000180034a58     libucrt:signal.obj
 0004:00001a64       $pdata$raise               0000000180034a64     libucrt:signal.obj
 0004:00001a70       $pdata$raise$fin$0         0000000180034a70     libucrt:signal.obj
 0004:00001a7c       $pdata$??$?RV<lambda_450d765d439847d4c735a33c368b5fc0>@@AEAV<lambda_44731a7d0e6d81c3e6aa82d741081786>@@V<lambda_601a2a7da3b7a96e9554ac7215c4b07c>@@@?$__crt_seh_guarded_call@P6AXH@Z@@QEAAP6AXH@Z$$QEAV<lambda_450d765d439847d4c735a33c368b5fc0>@@AEAV<lambda_44731a7d0e6d81c3e6aa82d741081786>@@$$QEAV<lambda_601a2a7da3b7a96e9554ac7215c4b07c>@@@Z 0000000180034a7c     libucrt:signal.obj
 0004:00001a88       $pdata$_fflush_nolock      0000000180034a88     libucrt:fflush.obj
 0004:00001a94       $pdata$__acrt_stdio_flush_nolock 0000000180034a94     libucrt:fflush.obj
 0004:00001aa0       $pdata$?common_flush_all@@YAH_N@Z 0000000180034aa0     libucrt:fflush.obj
 0004:00001aac       $pdata$??$?RV<lambda_842d9ff0dc9ef11c61343bbaebe7f885>@@AEAV<lambda_c5860995281e5c4ce005b3de8f5874ee>@@V<lambda_d90129c13df834fdcbf8d2b88dafcf2d>@@@?$__crt_seh_guarded_call@X@@QEAAX$$QEAV<lambda_842d9ff0dc9ef11c61343bbaebe7f885>@@AEAV<lambda_c5860995281e5c4ce005b3de8f5874ee>@@$$QEAV<lambda_d90129c13df834fdcbf8d2b88dafcf2d>@@@Z 0000000180034aac     libucrt:fflush.obj
 0004:00001ab8       $pdata$?fin$0@?0???$?RV<lambda_842d9ff0dc9ef11c61343bbaebe7f885>@@AEAV<lambda_c5860995281e5c4ce005b3de8f5874ee>@@V<lambda_d90129c13df834fdcbf8d2b88dafcf2d>@@@?$__crt_seh_guarded_call@X@@QEAAX$$QEAV<lambda_842d9ff0dc9ef11c61343bbaebe7f885>@@AEAV<lambda_c5860995281e5c4ce005b3de8f5874ee>@@$$QEAV<lambda_d90129c13df834fdcbf8d2b88dafcf2d>@@@Z@4HA 0000000180034ab8     libucrt:fflush.obj
 0004:00001ac4       $pdata$??$?RV<lambda_886d6c58226a84441f68b9f2b8217b83>@@AEAV<lambda_ab61a845afdef5b7c387490eaf3616ee>@@V<lambda_f7f22ab5edc0698d5f6905b0d3f44752>@@@?$__crt_seh_guarded_call@X@@QEAAX$$QEAV<lambda_886d6c58226a84441f68b9f2b8217b83>@@AEAV<lambda_ab61a845afdef5b7c387490eaf3616ee>@@$$QEAV<lambda_f7f22ab5edc0698d5f6905b0d3f44752>@@@Z 0000000180034ac4     libucrt:fflush.obj
 0004:00001ad0       $pdata$?fin$0@?0???$?RV<lambda_886d6c58226a84441f68b9f2b8217b83>@@AEAV<lambda_ab61a845afdef5b7c387490eaf3616ee>@@V<lambda_f7f22ab5edc0698d5f6905b0d3f44752>@@@?$__crt_seh_guarded_call@X@@QEAAX$$QEAV<lambda_886d6c58226a84441f68b9f2b8217b83>@@AEAV<lambda_ab61a845afdef5b7c387490eaf3616ee>@@$$QEAV<lambda_f7f22ab5edc0698d5f6905b0d3f44752>@@@Z@4HA 0000000180034ad0     libucrt:fflush.obj
 0004:00001adc       $pdata$__pctype_func       0000000180034adc     libucrt:ctype.obj
 0004:00001ae8       $pdata$iswctype            0000000180034ae8     libucrt:iswctype.obj
 0004:00001af4       $pdata$__acrt_release_locale_ref 0000000180034af4     libucrt:locale_refcounting.obj
 0004:00001b00       $pdata$__acrt_free_locale  0000000180034b00     libucrt:locale_refcounting.obj
 0004:00001b0c       $pdata$__acrt_locale_free_lc_time_if_unreferenced 0000000180034b0c     libucrt:locale_refcounting.obj
 0004:00001b18       $pdata$__acrt_update_thread_locale_data 0000000180034b18     libucrt:locale_refcounting.obj
 0004:00001b24       $pdata$__acrt_update_thread_locale_data$fin$0 0000000180034b24     libucrt:locale_refcounting.obj
 0004:00001b30       $pdata$_updatetlocinfoEx_nolock 0000000180034b30     libucrt:locale_refcounting.obj
 0004:00001b3c       $pdata$__acrt_DownlevelLocaleNameToLCID 0000000180034b3c     libucrt:lcidtoname_downlevel.obj
 0004:00001b48       $pdata$_isleadbyte_l       0000000180034b48     libucrt:_wctype.obj
 0004:00001b54       $pdata$?__mbrtowc_utf8@__crt_mbstring@@YA_KPEA_WPEBD_KPEAU_Mbstatet@@@Z 0000000180034b54     libucrt:mbrtowc.obj
 0004:00001b60       $pdata$?__mbsrtowcs_utf8@__crt_mbstring@@YA_KPEA_WPEAPEBD_KPEAU_Mbstatet@@@Z 0000000180034b60     libucrt:mbrtowc.obj
 0004:00001b6c       $pdata$__acrt_fp_strflt_to_string 0000000180034b6c     libucrt:_fptostr.obj
 0004:00001b78       $pdata$memcpy_s            0000000180034b78     libucrt:cfout.obj
 0004:00001b84       $pdata$__acrt_fltout       0000000180034b84     libucrt:cfout.obj
 0004:00001b90       $pdata$?divide@__crt_strtox@@YA_KAEAUbig_integer@1@AEBU21@@Z 0000000180034b90     libucrt:cfout.obj
 0004:00001b9c       $pdata$0$?divide@__crt_strtox@@YA_KAEAUbig_integer@1@AEBU21@@Z 0000000180034b9c     libucrt:cfout.obj
 0004:00001ba8       $pdata$1$?divide@__crt_strtox@@YA_KAEAUbig_integer@1@AEBU21@@Z 0000000180034ba8     libucrt:cfout.obj
 0004:00001bb4       $pdata$_fcloseall          0000000180034bb4     libucrt:closeall.obj
 0004:00001bc0       $pdata$_fcloseall$fin$0    0000000180034bc0     libucrt:closeall.obj
 0004:00001bcc       $pdata$__acrt_stdio_free_buffer_nolock 0000000180034bcc     libucrt:_freebuf.obj
 0004:00001bd8       $pdata$_isatty             0000000180034bd8     libucrt:isatty.obj
 0004:00001be4       $pdata$__acrt_locale_free_monetary 0000000180034be4     libucrt:initmon.obj
 0004:00001bf0       $pdata$__acrt_locale_free_numeric 0000000180034bf0     libucrt:initnum.obj
 0004:00001bfc       $pdata$__acrt_locale_free_time 0000000180034bfc     libucrt:inittime.obj
 0004:00001c08       $pdata$?free_crt_array_internal@@YAXQEAPEBX_K@Z 0000000180034c08     libucrt:inittime.obj
 0004:00001c14       $pdata$__acrt_GetStringTypeA 0000000180034c14     libucrt:getstringtypea.obj
 0004:00001c20       $pdata$_get_osfhandle      0000000180034c20     libucrt:osfinfo.obj
 0004:00001c2c       $pdata$_free_osfhnd        0000000180034c2c     libucrt:osfinfo.obj
 0004:00001c38       $pdata$__acrt_lowio_create_handle_array 0000000180034c38     libucrt:osfinfo.obj
 0004:00001c44       $pdata$__acrt_lowio_destroy_handle_array 0000000180034c44     libucrt:osfinfo.obj
 0004:00001c50       $pdata$__acrt_lowio_ensure_fh_exists 0000000180034c50     libucrt:osfinfo.obj
 0004:00001c5c       $pdata$qsort               0000000180034c5c     libucrt:qsort.obj
 0004:00001c68       $pdata$4$qsort             0000000180034c68     libucrt:qsort.obj
 0004:00001c74       $pdata$5$qsort             0000000180034c74     libucrt:qsort.obj
 0004:00001c80       $pdata$strncpy_s           0000000180034c80     libucrt:strncpy_s.obj
 0004:00001c8c       $pdata$strpbrk             0000000180034c8c     libucrt:strpbrk.obj
 0004:00001c98       $pdata$fallbackMethod      0000000180034c98     libucrt:strpbrk.obj
 0004:00001ca4       $pdata$_mbsdec_l           0000000180034ca4     libucrt:mbsdec.obj
 0004:00001cb0       $pdata$__acrt_LCMapStringA 0000000180034cb0     libucrt:lcmapstringa.obj
 0004:00001cbc       $pdata$?__acrt_LCMapStringA_stat@@YAHPEAU__crt_locale_pointers@@PEB_WKPEBDHPEADHHH@Z 0000000180034cbc     libucrt:lcmapstringa.obj
 0004:00001cc8       $pdata$?initialize_multibyte@@YAHXZ 0000000180034cc8     libucrt:multibyte_initializer.obj
 0004:00001cd4       $pdata$_commit             0000000180034cd4     libucrt:commit.obj
 0004:00001ce0       $pdata$??$?RV<lambda_a37b2b86f63e897a80ea819b0eb08c01>@@AEAV<lambda_38ce7e780aa69e748d6df282ebc68efe>@@V<lambda_99fb1378e971ab6e7edea83e3a7a83a2>@@@?$__crt_seh_guarded_call@H@@QEAAH$$QEAV<lambda_a37b2b86f63e897a80ea819b0eb08c01>@@AEAV<lambda_38ce7e780aa69e748d6df282ebc68efe>@@$$QEAV<lambda_99fb1378e971ab6e7edea83e3a7a83a2>@@@Z 0000000180034ce0     libucrt:commit.obj
 0004:00001cec       $pdata$?fin$0@?0???$?RV<lambda_751a882b2c74d4b022dec766aa51a29a>@@AEAV<lambda_628dfdc04ba53c8bfc02c9951375f3f5>@@V<lambda_f6c7be5f7998530c34de24c7437d6b54>@@@?$__crt_seh_guarded_call@H@@QEAAH$$QEAV<lambda_751a882b2c74d4b022dec766aa51a29a>@@AEAV<lambda_628dfdc04ba53c8bfc02c9951375f3f5>@@$$QEAV<lambda_f6c7be5f7998530c34de24c7437d6b54>@@@Z@4HA 0000000180034cec     libucrt:close.obj
 0004:00001cec       $pdata$?fin$0@?0???$?RV<lambda_a37b2b86f63e897a80ea819b0eb08c01>@@AEAV<lambda_38ce7e780aa69e748d6df282ebc68efe>@@V<lambda_99fb1378e971ab6e7edea83e3a7a83a2>@@@?$__crt_seh_guarded_call@H@@QEAAH$$QEAV<lambda_a37b2b86f63e897a80ea819b0eb08c01>@@AEAV<lambda_38ce7e780aa69e748d6df282ebc68efe>@@$$QEAV<lambda_99fb1378e971ab6e7edea83e3a7a83a2>@@@Z@4HA 0000000180034cec     libucrt:commit.obj
 0004:00001cf8       $pdata$_write              0000000180034cf8     libucrt:write.obj
 0004:00001d04       $pdata$_write$fin$0        0000000180034d04     libucrt:write.obj
 0004:00001d10       $pdata$_write_nolock       0000000180034d10     libucrt:write.obj
 0004:00001d1c       $pdata$?write_double_translated_ansi_nolock@@YA?AUwrite_result@?A0x17268360@@HQEBDI@Z 0000000180034d1c     libucrt:write.obj
 0004:00001d28       $pdata$?write_text_ansi_nolock@@YA?AUwrite_result@?A0x17268360@@HQEBDI@Z 0000000180034d28     libucrt:write.obj
 0004:00001d34       $pdata$?write_text_utf16le_nolock@@YA?AUwrite_result@?A0x17268360@@HQEBDI@Z 0000000180034d34     libucrt:write.obj
 0004:00001d40       $pdata$?write_text_utf8_nolock@@YA?AUwrite_result@?A0x17268360@@HQEBDI@Z 0000000180034d40     libucrt:write.obj
 0004:00001d4c       $pdata$?__mbrtoc32_utf8@__crt_mbstring@@YA_KPEA_UPEBD_KPEAU_Mbstatet@@@Z 0000000180034d4c     libucrt:mbrtoc32.obj
 0004:00001d58       $pdata$fegetenv            0000000180034d58     libucrt:fegetenv.obj
 0004:00001d64       $pdata$fesetenv            0000000180034d64     libucrt:fesetenv.obj
 0004:00001d70       $pdata$feholdexcept        0000000180034d70     libucrt:feholdexcept.obj
 0004:00001d88       $pdata$??$common_lseek_nolock@_J@@YA_JH_JH@Z 0000000180034d88     libucrt:lseek.obj
 0004:00001d94       $pdata$fclose              0000000180034d94     libucrt:fclose.obj
 0004:00001da0       $pdata$fclose$fin$0        0000000180034da0     libucrt:fclose.obj
 0004:00001dac       $pdata$_fclose_nolock      0000000180034dac     libucrt:fclose.obj
 0004:00001db8       $pdata$_putwch_nolock      0000000180034db8     libucrt:putwch.obj
 0004:00001dc4       $pdata$__acrt_fenv_set_control 0000000180034dc4     libucrt:_fenvutils.obj
 0004:00001dd0       $pdata$_clearfp            0000000180034dd0     libucrt:ieee.obj
 0004:00001ddc       $pdata$_call_matherr       0000000180034ddc     libucrt:libm_error.obj
 0004:00001de8       $pdata$_exception_enabled  0000000180034de8     libucrt:libm_error.obj
 0004:00001df4       $pdata$_handle_error       0000000180034df4     libucrt:libm_error.obj
 0004:00001e00       $pdata$__acrt_initialize_fma3 0000000180034e00     libucrt:fma3_available.obj
 0004:00001e0c       $pdata$_log_special_common 0000000180034e0c     libucrt:log_special.obj
 0004:00001e18       $pdata$_log10_special      0000000180034e18     libucrt:log_special.obj
 0004:00001e24       $pdata$_close              0000000180034e24     libucrt:close.obj
 0004:00001e30       $pdata$_close_nolock       0000000180034e30     libucrt:close.obj
 0004:00001e3c       $pdata$??$?RV<lambda_751a882b2c74d4b022dec766aa51a29a>@@AEAV<lambda_628dfdc04ba53c8bfc02c9951375f3f5>@@V<lambda_f6c7be5f7998530c34de24c7437d6b54>@@@?$__crt_seh_guarded_call@H@@QEAAH$$QEAV<lambda_751a882b2c74d4b022dec766aa51a29a>@@AEAV<lambda_628dfdc04ba53c8bfc02c9951375f3f5>@@$$QEAV<lambda_f6c7be5f7998530c34de24c7437d6b54>@@@Z 0000000180034e3c     libucrt:close.obj
 0004:00001e48       $pdata$__dcrt_lowio_ensure_console_output_initialized 0000000180034e48     libucrt:initcon.obj
 0004:00001e54       $pdata$__dcrt_write_console 0000000180034e54     libucrt:initcon.obj
 0004:00001e60       $pdata$__dcrt_terminate_console_output 0000000180034e60     libucrt:initcon.obj
 0004:00001e78       $pdata$_set_errno_from_matherr 0000000180034e78     libucrt:fpexcept.obj
 0004:00001e84       $pdata$_raise_exc          0000000180034e84     libucrt:fpexcept.obj
 0004:00001e90       $pdata$_raise_exc_ex       0000000180034e90     libucrt:fpexcept.obj
 0004:00001e9c       $pdata$_clrfp              0000000180034e9c     libucrt:fpctrl.obj
 0004:00001ea8       $pdata$_ctrlfp             0000000180034ea8     libucrt:fpctrl.obj
 0004:00001eb4       $pdata$_ctrlfp$filt$0      0000000180034eb4     libucrt:fpctrl.obj
 0004:00001ec0       $pdata$_statfp             0000000180034ec0     libucrt:fpctrl.obj
 0004:00001ecc       $pdata$_set_statfp         0000000180034ecc     libucrt:fpctrl.obj
 0004:00001ed8       $pdata$_IsNonwritableInCurrentImage 0000000180034ed8     LIBCMT:pesect.obj
 0004:00001ee4       $pdata$_IsNonwritableInCurrentImage$filt$0 0000000180034ee4     LIBCMT:pesect.obj
 0005:00000000       MoveSmall                  0000000180035000     libvcruntime:memcpy.obj
 0005:00000050       MsetTab                    0000000180035050     libvcruntime:memset.obj
 0006:00000220       $R000000                   0000000180036220     CashChanger.res
 0006:00000bc0       $R0009A0                   0000000180036bc0     CashChanger.res
 0006:00000ca8       $R000A88                   0000000180036ca8     CashChanger.res
 0006:00000f10       $R000CF0                   0000000180036f10     CashChanger.res
 0006:00001480       $R001260                   0000000180037480     CashChanger.res
 0006:00004f00       $R004CE0                   000000018003af00     CashChanger.res
 0006:00004f38       $R004D18                   000000018003af38     CashChanger.res
