 OPOSImageScanner

 Timestamp is 5c443853 (Sun Jan 20 17:58:59 2019)

 Preferred load address is 0000000180000000

 Start         Length     Name                   Class
 0001:00000000 000000c0H .text$di                CODE
 0001:000000c0 0001f770H .text$mn                CODE
 0001:0001f830 00000020H .text$mn$00             CODE
 0001:0001f850 00000410H .text$x                 CODE
 0001:0001fc60 000000c0H .text$yd                CODE
 0002:00000000 00000620H .idata$5                DATA
 0002:00000620 00000010H .00cfg                  DATA
 0002:00000630 00000008H .CRT$XCA                DATA
 0002:00000638 00000008H .CRT$XCL                DATA
 0002:00000640 00000020H .CRT$XCU                DATA
 0002:00000660 00000008H .CRT$XCZ                DATA
 0002:00000668 00000008H .CRT$XIA                DATA
 0002:00000670 00000020H .CRT$XIC                DATA
 0002:00000690 00000008H .CRT$XIZ                DATA
 0002:00000698 00000008H .CRT$XLA                DATA
 0002:000006a0 00000008H .CRT$XLZ                DATA
 0002:000006a8 00000008H .CRT$XPA                DATA
 0002:000006b0 00000010H .CRT$XPX                DATA
 0002:000006c0 00000008H .CRT$XPXA               DATA
 0002:000006c8 00000008H .CRT$XPZ                DATA
 0002:000006d0 00000008H .CRT$XTA                DATA
 0002:000006d8 00000008H .CRT$XTZ                DATA
 0002:000006e0 00000000H .gfids$x                DATA
 0002:000006e0 00000000H .gfids$y                DATA
 0002:000006e0 0000a1e0H .rdata                  DATA
 0002:0000a8c0 00000028H .rdata$T                DATA
 0002:0000a8e8 00000274H .rdata$r                DATA
 0002:0000ab5c 000003fcH .rdata$zzzdbg           DATA
 0002:0000af58 00000008H .rtc$IAA                DATA
 0002:0000af60 00000008H .rtc$IZZ                DATA
 0002:0000af68 00000008H .rtc$TAA                DATA
 0002:0000af70 00000008H .rtc$TZZ                DATA
 0002:0000af78 00000004H .tls                    DATA
 0002:0000af7c 00000004H .tls$                   DATA
 0002:0000af80 00000008H .tls$ZZZ                DATA
 0002:0000af88 00001650H .xdata                  DATA
 0002:0000c5d8 00000150H .xdata$x                DATA
 0002:0000c728 00000008H ATL$__a                 DATA
 0002:0000c730 00000010H ATL$__z                 DATA
 0002:0000c740 000000b0H .edata                  DATA
 0002:0000c7f0 00000078H .idata$2                DATA
 0002:0000c868 00000018H .idata$3                DATA
 0002:0000c880 00000620H .idata$4                DATA
 0002:0000cea0 00000c3aH .idata$6                DATA
 0003:00000000 00000c58H .data                   DATA
 0003:00000c58 000000c8H .data$r                 DATA
 0003:00000d20 000013d4H .bss                    DATA
 0004:00000000 00001eccH .pdata                  DATA
 0005:00000000 00000220H .rsrc$01                DATA
 0005:00000220 00004350H .rsrc$02                DATA

  Address         Publics by Value              Rva+Base               Lib:Object

 0000:00000000       __guard_fids_count         0000000000000000     <absolute>
 0000:00000000       __guard_longjmp_count      0000000000000000     <absolute>
 0000:00000000       __guard_longjmp_table      0000000000000000     <absolute>
 0000:00000000       __hybrid_code_map          0000000000000000     <absolute>
 0000:00000000       __guard_iat_count          0000000000000000     <absolute>
 0000:00000000       __volatile_metadata        0000000000000000     <absolute>
 0000:00000000       __guard_iat_table          0000000000000000     <absolute>
 0000:00000000       __hybrid_code_map_count    0000000000000000     <absolute>
 0000:00000000       __enclave_config           0000000000000000     <absolute>
 0000:00000000       ___safe_se_handler_count   0000000000000000     <absolute>
 0000:00000000       ___safe_se_handler_table   0000000000000000     <absolute>
 0000:00000000       __guard_fids_table         0000000000000000     <absolute>
 0000:00000000       __hybrid_auxiliary_iat     0000000000000000     <absolute>
 0000:00000000       __dynamic_value_reloc_table 0000000000000000     <absolute>
 0000:00000100       __guard_flags              0000000000000100     <absolute>
 0000:00000000       __ImageBase                0000000180000000     <linker-defined>
 0001:000000c0       ?DupWide@_CW@@AEAAXXZ      00000001800010c0 f   CWString.obj
 0001:000000e8       ?cw_dup@@YAXPEBDAEAHAEAPEA_W1@Z 00000001800010e8 f   CWString.obj
 0001:00000194       ?cw_memcpy@@YAHPEA_WPEBDH@Z 0000000180001194 f   CWString.obj
 0001:000001e0       ?cw_strcpy@@YAHPEA_WPEBD@Z 00000001800011e0 f   CWString.obj
 0001:000001f4       ??0CAtlComModule@ATL@@QEAA@XZ 00000001800011f4 f i OposVariant.obj
 0001:0000027c       ??0CAtlWinModule@ATL@@QEAA@XZ 000000018000127c f i OposVariant.obj
 0001:000002f4       ??0OposDispParms@@QEAA@PEAVOposVariant@@H@Z 00000001800012f4 f   OposVariant.obj
 0001:0000039c       ??1OposDispParms@@QEAA@XZ  000000018000139c f   OposVariant.obj
 0001:000003b4       ??_Estringdispid@CComTypeInfoHolder@ATL@@QEAAPEAXI@Z 00000001800013b4 f i OposVariant.obj
 0001:00000458       ?AtlWinModuleTerm@ATL@@YAJPEAU_ATL_WIN_MODULE70@1@PEAUHINSTANCE__@@@Z 0000000180001458 f i OposVariant.obj
 0001:00000508       ?ChangeBSTR@OposVariant@@QEAAXPEAPEA_WAEAJ@Z 0000000180001508 f   OposVariant.obj
 0001:00000568       ?ChangeLONG@OposVariant@@QEAAXPEAJAEAJ@Z 0000000180001568 f   OposVariant.obj
 0001:000005c4       ?GetLONG@OposVariant@@QEAAJXZ 00000001800015c4 f   OposVariant.obj
 0001:000005e8       ?SetBSTR@OposVariant@@QEAAXPEA_WAEAJ@Z 00000001800015e8 f   OposVariant.obj
 0001:00000628       ?SetBSTR_Copy@OposVariant@@QEAAXPEA_WAEAJ@Z 0000000180001628 f   OposVariant.obj
 0001:00000698       ?SetBSTR_InOutPtr@OposVariant@@QEAA_NPEAPEA_WAEAJ@Z 0000000180001698 f   OposVariant.obj
 0001:000006e8       ?SetDispatch_Ptr@OposVariant@@QEAAXPEAUIDispatch@@AEAJ@Z 00000001800016e8 f   OposVariant.obj
 0001:00000740       ?SetLONG@OposVariant@@QEAAXJ@Z 0000000180001740 f   OposVariant.obj
 0001:00000770       ?SetLONG_Ptr@OposVariant@@QEAAXPEAJAEAJ@Z 0000000180001770 f   OposVariant.obj
 0001:000007bc       ?SetString@OposVariant@@QEAAXPEB_WAEAJ@Z 00000001800017bc f   OposVariant.obj
 0001:00000820       ?SetVARIANT_BOOL@OposVariant@@QEAAXF@Z 0000000180001820 f   OposVariant.obj
 0001:00000858       ?Term@CAtlComModule@ATL@@QEAAXXZ 0000000180001858 f i OposVariant.obj
 0001:000008c8       ?_AtlInitializeCriticalSectionEx@ATL@@YAHPEAU_RTL_CRITICAL_SECTION@@KK@Z 00000001800018c8 f i OposVariant.obj
 0001:000008d0       ?_AtlRaiseException@ATL@@YAXKK@Z 00000001800018d0 f i OposVariant.obj
 0001:000008e0       ?AddRef@?$CComAggObject@VCOPOSImageScanner@@@ATL@@UEAAKXZ 00000001800018e0 f i ImageScanner.obj
 0001:000008ec       ?Release@?$CComAggObject@VCOPOSImageScanner@@@ATL@@UEAAKXZ 00000001800018ec f i ImageScanner.obj
 0001:00000940       ?QueryInterface@?$CComAggObject@VCOPOSImageScanner@@@ATL@@UEAAJAEBU_GUID@@PEAPEAX@Z 0000000180001940 f i ImageScanner.obj
 0001:000009a0       ?AddRef@?$CComContainedObject@VCOPOSImageScanner@@@ATL@@UEAAKXZ 00000001800019a0 f i ImageScanner.obj
 0001:000009b0       ?Release@?$CComContainedObject@VCOPOSImageScanner@@@ATL@@UEAAKXZ 00000001800019b0 f i ImageScanner.obj
 0001:000009c0       ?QueryInterface@?$CComContainedObject@VCOPOSImageScanner@@@ATL@@UEAAJAEBU_GUID@@PEAPEAX@Z 00000001800019c0 f i ImageScanner.obj
 0001:000009d0       ??_E?$CComAggObject@VCOPOSImageScanner@@@ATL@@UEAAPEAXI@Z 00000001800019d0 f i ImageScanner.obj
 0001:000009d0       ??_G?$CComAggObject@VCOPOSImageScanner@@@ATL@@UEAAPEAXI@Z 00000001800019d0 f i ImageScanner.obj
 0001:00000a28       ?AddRef@?$CComObject@VCOPOSImageScanner@@@ATL@@UEAAKXZ 0000000180001a28 f i ImageScanner.obj
 0001:00000a38       ?Release@?$CComObject@VCOPOSImageScanner@@@ATL@@UEAAKXZ 0000000180001a38 f i ImageScanner.obj
 0001:00000a90       ?QueryInterface@?$CComObject@VCOPOSImageScanner@@@ATL@@UEAAJAEBU_GUID@@PEAPEAX@Z 0000000180001a90 f i ImageScanner.obj
 0001:00000aa4       ?ObjectMain@CComObjectRootBase@ATL@@SAX_N@Z 0000000180001aa4 f i ImageScanner.obj
 0001:00000aa4       ?OnFinalMessage@?$CWindowImplBaseT@VCWindow@ATL@@V?$CWinTraits@$0FGAAAAAA@$0A@@2@@ATL@@UEAAXPEAUHWND__@@@Z 0000000180001aa4 f i ImageScanner.obj
 0001:00000aa4       _guard_check_icall_nop     0000000180001aa4 f i LIBCMT:guard_support.obj
 0001:00000aa8       ?IsUpToDate@?$IOleObjectImpl@VCOPOSImageScanner@@@ATL@@UEAAJXZ 0000000180001aa8 f i ImageScanner.obj
 0001:00000aa8       ?HandsOffStorage@?$IPersistStorageImpl@VCOPOSImageScanner@@@ATL@@UEAAJXZ 0000000180001aa8 f i ImageScanner.obj
 0001:00000aa8       ?SaveCompleted@?$IPersistStorageImpl@VCOPOSImageScanner@@@ATL@@UEAAJPEAUIStorage@@@Z 0000000180001aa8 f i ImageScanner.obj
 0001:00000aa8       ?ResizeBorder@?$IOleInPlaceActiveObjectImpl@VCOPOSImageScanner@@@ATL@@UEAAJPEBUtagRECT@@PEAUIOleInPlaceUIWindow@@H@Z 0000000180001aa8 f i ImageScanner.obj
 0001:00000aa8       ?SetHostNames@?$IOleObjectImpl@VCOPOSImageScanner@@@ATL@@UEAAJPEB_W0@Z 0000000180001aa8 f i ImageScanner.obj
 0001:00000aa8       ?Update@?$IOleObjectImpl@VCOPOSImageScanner@@@ATL@@UEAAJXZ 0000000180001aa8 f i ImageScanner.obj
 0001:00000aa8       ?GetObjectDescription@?$CComCoClass@VCOPOSImageScanner@@$1?CLSID_OPOSImageScanner@@3U_GUID@@B@ATL@@SAPEB_WXZ 0000000180001aa8 f i ImageScanner.obj
 0001:00000aa8       ?OnAmbientPropertyChange@?$IOleControlImpl@VCOPOSImageScanner@@@ATL@@UEAAJJ@Z 0000000180001aa8 f i ImageScanner.obj
 0001:00000aa8       ?EnableModeless@?$IOleInPlaceActiveObjectImpl@VCOPOSImageScanner@@@ATL@@UEAAJH@Z 0000000180001aa8 f i ImageScanner.obj
 0001:00000aa8       ?GetCategoryMap@CComObjectRootBase@ATL@@SAPEBU_ATL_CATMAP_ENTRY@2@XZ 0000000180001aa8 f i ImageScanner.obj
 0001:00000aa8       ?Release@CRegObject@ATL@@UEAAKXZ 0000000180001aa8 f i ImageScanner.obj
 0001:00000aa8       ?OnFrameWindowActivate@?$IOleInPlaceActiveObjectImpl@VCOPOSImageScanner@@@ATL@@UEAAJH@Z 0000000180001aa8 f i ImageScanner.obj
 0001:00000aac       ?OnDrawAdvanced@CComControlBase@ATL@@UEAAJAEAUATL_DRAWINFO@@@Z 0000000180001aac f i ImageScanner.obj
 0001:00000bcc       ?CreateInstance@CComClassFactory@ATL@@UEAAJPEAUIUnknown@@AEBU_GUID@@PEAPEAX@Z 0000000180001bcc f i ImageScanner.obj
 0001:00000c2c       ?LockServer@CComClassFactory@ATL@@UEAAJH@Z 0000000180001c2c f i ImageScanner.obj
 0001:00000c50       ??_GCComClassFactory@ATL@@UEAAPEAXI@Z 0000000180001c50 f i ImageScanner.obj
 0001:00000c50       ??_ECComClassFactory@ATL@@UEAAPEAXI@Z 0000000180001c50 f i ImageScanner.obj
 0001:00000ca0       ?Next@?$CComEnumImpl@UIEnumConnections@@$1?_GUID_b196b287_bab4_101a_b69c_00aa00341d07@@3U__s_GUID@@BUtagCONNECTDATA@@V?$_Copy@UtagCONNECTDATA@@@ATL@@@ATL@@UEAAJKPEAUtagCONNECTDATA@@PEAK@Z 0000000180001ca0 f i ImageScanner.obj
 0001:00000d74       ?Skip@?$CComEnumImpl@UIEnumConnections@@$1?_GUID_b196b287_bab4_101a_b69c_00aa00341d07@@3U__s_GUID@@BUtagCONNECTDATA@@V?$_Copy@UtagCONNECTDATA@@@ATL@@@ATL@@UEAAJK@Z 0000000180001d74 f i ImageScanner.obj
 0001:00000da0       ?Reset@?$CComEnumImpl@UIEnumConnectionPoints@@$1?_GUID_b196b285_bab4_101a_b69c_00aa00341d07@@3U__s_GUID@@BPEAUIConnectionPoint@@V?$_CopyInterface@UIConnectionPoint@@@ATL@@@ATL@@UEAAJXZ 0000000180001da0 f i ImageScanner.obj
 0001:00000da0       ?Reset@?$CComEnumImpl@UIEnumConnections@@$1?_GUID_b196b287_bab4_101a_b69c_00aa00341d07@@3U__s_GUID@@BUtagCONNECTDATA@@V?$_Copy@UtagCONNECTDATA@@@ATL@@@ATL@@UEAAJXZ 0000000180001da0 f i ImageScanner.obj
 0001:00000dac       ?Clone@?$CComEnumImpl@UIEnumConnections@@$1?_GUID_b196b287_bab4_101a_b69c_00aa00341d07@@3U__s_GUID@@BUtagCONNECTDATA@@V?$_Copy@UtagCONNECTDATA@@@ATL@@@ATL@@UEAAJPEAPEAUIEnumConnections@@@Z 0000000180001dac f i ImageScanner.obj
 0001:00000ed4       ?AddRef@?$CComObject@V?$CComEnum@UIEnumConnectionPoints@@$1?_GUID_b196b285_bab4_101a_b69c_00aa00341d07@@3U__s_GUID@@BPEAUIConnectionPoint@@V?$_CopyInterface@UIConnectionPoint@@@ATL@@VCComSingleThreadModel@6@@ATL@@@ATL@@UEAAKXZ 0000000180001ed4 f i ImageScanner.obj
 0001:00000ed4       ?AddRef@?$CComObject@V?$CComEnum@UIEnumConnections@@$1?_GUID_b196b287_bab4_101a_b69c_00aa00341d07@@3U__s_GUID@@BUtagCONNECTDATA@@V?$_Copy@UtagCONNECTDATA@@@ATL@@VCComSingleThreadModel@6@@ATL@@@ATL@@UEAAKXZ 0000000180001ed4 f i ImageScanner.obj
 0001:00000ee0       ?Release@?$CComObject@V?$CComEnum@UIEnumConnections@@$1?_GUID_b196b287_bab4_101a_b69c_00aa00341d07@@3U__s_GUID@@BUtagCONNECTDATA@@V?$_Copy@UtagCONNECTDATA@@@ATL@@VCComSingleThreadModel@6@@ATL@@@ATL@@UEAAKXZ 0000000180001ee0 f i ImageScanner.obj
 0001:00000ee0       ?Release@?$CComObject@V?$CComEnum@UIEnumConnectionPoints@@$1?_GUID_b196b285_bab4_101a_b69c_00aa00341d07@@3U__s_GUID@@BPEAUIConnectionPoint@@V?$_CopyInterface@UIConnectionPoint@@@ATL@@VCComSingleThreadModel@6@@ATL@@@ATL@@UEAAKXZ 0000000180001ee0 f i ImageScanner.obj
 0001:00000f34       ?QueryInterface@?$CComObject@V?$CComEnum@UIEnumConnections@@$1?_GUID_b196b287_bab4_101a_b69c_00aa00341d07@@3U__s_GUID@@BUtagCONNECTDATA@@V?$_Copy@UtagCONNECTDATA@@@ATL@@VCComSingleThreadModel@6@@ATL@@@ATL@@UEAAJAEBU_GUID@@PEAPEAX@Z 0000000180001f34 f i ImageScanner.obj
 0001:00000f48       ??_E?$CComObject@V?$CComEnum@UIEnumConnections@@$1?_GUID_b196b287_bab4_101a_b69c_00aa00341d07@@3U__s_GUID@@BUtagCONNECTDATA@@V?$_Copy@UtagCONNECTDATA@@@ATL@@VCComSingleThreadModel@6@@ATL@@@ATL@@UEAAPEAXI@Z 0000000180001f48 f i ImageScanner.obj
 0001:00000f48       ??_G?$CComObject@V?$CComEnum@UIEnumConnections@@$1?_GUID_b196b287_bab4_101a_b69c_00aa00341d07@@3U__s_GUID@@BUtagCONNECTDATA@@V?$_Copy@UtagCONNECTDATA@@@ATL@@VCComSingleThreadModel@6@@ATL@@@ATL@@UEAAPEAXI@Z 0000000180001f48 f i ImageScanner.obj
 0001:00000fa0       ??_E?$CComObject@VCOPOSImageScanner@@@ATL@@W7EAAPEAXI@Z 0000000180001fa0 f i ImageScanner.obj
 0001:00000fac       ??_E?$CComObject@VCOPOSImageScanner@@@ATL@@WHA@EAAPEAXI@Z 0000000180001fac f i ImageScanner.obj
 0001:00000fb8       ?QueryInterface@?$CComObject@VCOPOSImageScanner@@@ATL@@WLI@EAAJAEBU_GUID@@PEAPEAX@Z 0000000180001fb8 f i ImageScanner.obj
 0001:00000fc4       ?AddRef@?$CComObject@VCOPOSImageScanner@@@ATL@@WLI@EAAKXZ 0000000180001fc4 f i ImageScanner.obj
 0001:00000fd0       ?Release@?$CComObject@VCOPOSImageScanner@@@ATL@@WLI@EAAKXZ 0000000180001fd0 f i ImageScanner.obj
 0001:00000fdc       ?QueryInterface@?$CComObject@VCOPOSImageScanner@@@ATL@@WMA@EAAJAEBU_GUID@@PEAPEAX@Z 0000000180001fdc f i ImageScanner.obj
 0001:00000fe8       ?AddRef@?$CComObject@VCOPOSImageScanner@@@ATL@@WMA@EAAKXZ 0000000180001fe8 f i ImageScanner.obj
 0001:00000ff4       ?Release@?$CComObject@VCOPOSImageScanner@@@ATL@@WMA@EAAKXZ 0000000180001ff4 f i ImageScanner.obj
 0001:00001000       ?QueryInterface@?$CComObject@VCOPOSImageScanner@@@ATL@@WMI@EAAJAEBU_GUID@@PEAPEAX@Z 0000000180002000 f i ImageScanner.obj
 0001:0000100c       ?AddRef@?$CComObject@VCOPOSImageScanner@@@ATL@@WMI@EAAKXZ 000000018000200c f i ImageScanner.obj
 0001:00001018       ?Release@?$CComObject@VCOPOSImageScanner@@@ATL@@WMI@EAAKXZ 0000000180002018 f i ImageScanner.obj
 0001:00001024       ?QueryInterface@?$CComObject@VCOPOSImageScanner@@@ATL@@WNA@EAAJAEBU_GUID@@PEAPEAX@Z 0000000180002024 f i ImageScanner.obj
 0001:00001030       ?AddRef@?$CComObject@VCOPOSImageScanner@@@ATL@@WNA@EAAKXZ 0000000180002030 f i ImageScanner.obj
 0001:0000103c       ?Release@?$CComObject@VCOPOSImageScanner@@@ATL@@WNA@EAAKXZ 000000018000203c f i ImageScanner.obj
 0001:00001048       ?QueryInterface@?$CComObject@VCOPOSImageScanner@@@ATL@@WNI@EAAJAEBU_GUID@@PEAPEAX@Z 0000000180002048 f i ImageScanner.obj
 0001:00001054       ?AddRef@?$CComObject@VCOPOSImageScanner@@@ATL@@WNI@EAAKXZ 0000000180002054 f i ImageScanner.obj
 0001:00001060       ?Release@?$CComObject@VCOPOSImageScanner@@@ATL@@WNI@EAAKXZ 0000000180002060 f i ImageScanner.obj
 0001:0000106c       ?QueryInterface@?$CComObject@VCOPOSImageScanner@@@ATL@@WOA@EAAJAEBU_GUID@@PEAPEAX@Z 000000018000206c f i ImageScanner.obj
 0001:00001078       ?AddRef@?$CComObject@VCOPOSImageScanner@@@ATL@@WOA@EAAKXZ 0000000180002078 f i ImageScanner.obj
 0001:00001084       ?Release@?$CComObject@VCOPOSImageScanner@@@ATL@@WOA@EAAKXZ 0000000180002084 f i ImageScanner.obj
 0001:00001090       ?QueryInterface@?$CComObject@VCOPOSImageScanner@@@ATL@@WOI@EAAJAEBU_GUID@@PEAPEAX@Z 0000000180002090 f i ImageScanner.obj
 0001:0000109c       ?AddRef@?$CComObject@VCOPOSImageScanner@@@ATL@@WOI@EAAKXZ 000000018000209c f i ImageScanner.obj
 0001:000010a8       ?Release@?$CComObject@VCOPOSImageScanner@@@ATL@@WOI@EAAKXZ 00000001800020a8 f i ImageScanner.obj
 0001:000010b4       ?QueryInterface@?$CComObject@VCOPOSImageScanner@@@ATL@@WPA@EAAJAEBU_GUID@@PEAPEAX@Z 00000001800020b4 f i ImageScanner.obj
 0001:000010c0       ?AddRef@?$CComObject@VCOPOSImageScanner@@@ATL@@WPA@EAAKXZ 00000001800020c0 f i ImageScanner.obj
 0001:000010cc       ?Release@?$CComObject@VCOPOSImageScanner@@@ATL@@WPA@EAAKXZ 00000001800020cc f i ImageScanner.obj
 0001:000010d8       ?QueryInterface@?$CComObject@VCOPOSImageScanner@@@ATL@@WPI@EAAJAEBU_GUID@@PEAPEAX@Z 00000001800020d8 f i ImageScanner.obj
 0001:000010e4       ?AddRef@?$CComObject@VCOPOSImageScanner@@@ATL@@WPI@EAAKXZ 00000001800020e4 f i ImageScanner.obj
 0001:000010f0       ?Release@?$CComObject@VCOPOSImageScanner@@@ATL@@WPI@EAAKXZ 00000001800020f0 f i ImageScanner.obj
 0001:000010fc       ?QueryInterface@?$CComObject@VCOPOSImageScanner@@@ATL@@WBAA@EAAJAEBU_GUID@@PEAPEAX@Z 00000001800020fc f i ImageScanner.obj
 0001:00001108       ?AddRef@?$CComObject@VCOPOSImageScanner@@@ATL@@WBAA@EAAKXZ 0000000180002108 f i ImageScanner.obj
 0001:00001114       ?Release@?$CComObject@VCOPOSImageScanner@@@ATL@@WBAA@EAAKXZ 0000000180002114 f i ImageScanner.obj
 0001:00001120       ?QueryInterface@?$CComObject@VCOPOSImageScanner@@@ATL@@WBAI@EAAJAEBU_GUID@@PEAPEAX@Z 0000000180002120 f i ImageScanner.obj
 0001:0000112c       ?AddRef@?$CComObject@VCOPOSImageScanner@@@ATL@@WBAI@EAAKXZ 000000018000212c f i ImageScanner.obj
 0001:00001138       ?Release@?$CComObject@VCOPOSImageScanner@@@ATL@@WBAI@EAAKXZ 0000000180002138 f i ImageScanner.obj
 0001:00001144       ?QueryInterface@?$CComObject@VCOPOSImageScanner@@@ATL@@WBBA@EAAJAEBU_GUID@@PEAPEAX@Z 0000000180002144 f i ImageScanner.obj
 0001:00001150       ?AddRef@?$CComObject@VCOPOSImageScanner@@@ATL@@WBBA@EAAKXZ 0000000180002150 f i ImageScanner.obj
 0001:0000115c       ?Release@?$CComObject@VCOPOSImageScanner@@@ATL@@WBBA@EAAKXZ 000000018000215c f i ImageScanner.obj
 0001:00001168       ?QueryInterface@?$CComObject@VCOPOSImageScanner@@@ATL@@WBBI@EAAJAEBU_GUID@@PEAPEAX@Z 0000000180002168 f i ImageScanner.obj
 0001:00001174       ?AddRef@?$CComObject@VCOPOSImageScanner@@@ATL@@WBBI@EAAKXZ 0000000180002174 f i ImageScanner.obj
 0001:00001180       ?Release@?$CComObject@VCOPOSImageScanner@@@ATL@@WBBI@EAAKXZ 0000000180002180 f i ImageScanner.obj
 0001:0000118c       ?AddRef@?$CComObject@VCOPOSImageScanner@@@ATL@@WBCI@EAAKXZ 000000018000218c f i ImageScanner.obj
 0001:00001198       ?Release@?$CComObject@VCOPOSImageScanner@@@ATL@@WBCI@EAAKXZ 0000000180002198 f i ImageScanner.obj
 0001:000011a4       ?AddRef@?$CComObject@VCOPOSImageScanner@@@ATL@@WBEA@EAAKXZ 00000001800021a4 f i ImageScanner.obj
 0001:000011b0       ?Release@?$CComObject@VCOPOSImageScanner@@@ATL@@WBEA@EAAKXZ 00000001800021b0 f i ImageScanner.obj
 0001:000011bc       ??_E?$CComContainedObject@VCOPOSImageScanner@@@ATL@@W7EAAPEAXI@Z 00000001800021bc f i ImageScanner.obj
 0001:000011c8       ??_E?$CComContainedObject@VCOPOSImageScanner@@@ATL@@WHA@EAAPEAXI@Z 00000001800021c8 f i ImageScanner.obj
 0001:000011d4       ?QueryInterface@?$CComContainedObject@VCOPOSImageScanner@@@ATL@@WLI@EAAJAEBU_GUID@@PEAPEAX@Z 00000001800021d4 f i ImageScanner.obj
 0001:000011e0       ?AddRef@?$CComContainedObject@VCOPOSImageScanner@@@ATL@@WLI@EAAKXZ 00000001800021e0 f i ImageScanner.obj
 0001:000011ec       ?Release@?$CComContainedObject@VCOPOSImageScanner@@@ATL@@WLI@EAAKXZ 00000001800021ec f i ImageScanner.obj
 0001:000011f8       ?QueryInterface@?$CComContainedObject@VCOPOSImageScanner@@@ATL@@WMA@EAAJAEBU_GUID@@PEAPEAX@Z 00000001800021f8 f i ImageScanner.obj
 0001:00001204       ?AddRef@?$CComContainedObject@VCOPOSImageScanner@@@ATL@@WMA@EAAKXZ 0000000180002204 f i ImageScanner.obj
 0001:00001210       ?Release@?$CComContainedObject@VCOPOSImageScanner@@@ATL@@WMA@EAAKXZ 0000000180002210 f i ImageScanner.obj
 0001:0000121c       ?QueryInterface@?$CComContainedObject@VCOPOSImageScanner@@@ATL@@WMI@EAAJAEBU_GUID@@PEAPEAX@Z 000000018000221c f i ImageScanner.obj
 0001:00001228       ?AddRef@?$CComContainedObject@VCOPOSImageScanner@@@ATL@@WMI@EAAKXZ 0000000180002228 f i ImageScanner.obj
 0001:00001234       ?Release@?$CComContainedObject@VCOPOSImageScanner@@@ATL@@WMI@EAAKXZ 0000000180002234 f i ImageScanner.obj
 0001:00001240       ?QueryInterface@?$CComContainedObject@VCOPOSImageScanner@@@ATL@@WNA@EAAJAEBU_GUID@@PEAPEAX@Z 0000000180002240 f i ImageScanner.obj
 0001:0000124c       ?AddRef@?$CComContainedObject@VCOPOSImageScanner@@@ATL@@WNA@EAAKXZ 000000018000224c f i ImageScanner.obj
 0001:00001258       ?Release@?$CComContainedObject@VCOPOSImageScanner@@@ATL@@WNA@EAAKXZ 0000000180002258 f i ImageScanner.obj
 0001:00001264       ?QueryInterface@?$CComContainedObject@VCOPOSImageScanner@@@ATL@@WNI@EAAJAEBU_GUID@@PEAPEAX@Z 0000000180002264 f i ImageScanner.obj
 0001:00001270       ?AddRef@?$CComContainedObject@VCOPOSImageScanner@@@ATL@@WNI@EAAKXZ 0000000180002270 f i ImageScanner.obj
 0001:0000127c       ?Release@?$CComContainedObject@VCOPOSImageScanner@@@ATL@@WNI@EAAKXZ 000000018000227c f i ImageScanner.obj
 0001:00001288       ?QueryInterface@?$CComContainedObject@VCOPOSImageScanner@@@ATL@@WOA@EAAJAEBU_GUID@@PEAPEAX@Z 0000000180002288 f i ImageScanner.obj
 0001:00001294       ?AddRef@?$CComContainedObject@VCOPOSImageScanner@@@ATL@@WOA@EAAKXZ 0000000180002294 f i ImageScanner.obj
 0001:000012a0       ?Release@?$CComContainedObject@VCOPOSImageScanner@@@ATL@@WOA@EAAKXZ 00000001800022a0 f i ImageScanner.obj
 0001:000012ac       ?QueryInterface@?$CComContainedObject@VCOPOSImageScanner@@@ATL@@WOI@EAAJAEBU_GUID@@PEAPEAX@Z 00000001800022ac f i ImageScanner.obj
 0001:000012b8       ?AddRef@?$CComContainedObject@VCOPOSImageScanner@@@ATL@@WOI@EAAKXZ 00000001800022b8 f i ImageScanner.obj
 0001:000012c4       ?Release@?$CComContainedObject@VCOPOSImageScanner@@@ATL@@WOI@EAAKXZ 00000001800022c4 f i ImageScanner.obj
 0001:000012d0       ?QueryInterface@?$CComContainedObject@VCOPOSImageScanner@@@ATL@@WPA@EAAJAEBU_GUID@@PEAPEAX@Z 00000001800022d0 f i ImageScanner.obj
 0001:000012dc       ?AddRef@?$CComContainedObject@VCOPOSImageScanner@@@ATL@@WPA@EAAKXZ 00000001800022dc f i ImageScanner.obj
 0001:000012e8       ?Release@?$CComContainedObject@VCOPOSImageScanner@@@ATL@@WPA@EAAKXZ 00000001800022e8 f i ImageScanner.obj
 0001:000012f4       ?QueryInterface@?$CComContainedObject@VCOPOSImageScanner@@@ATL@@WPI@EAAJAEBU_GUID@@PEAPEAX@Z 00000001800022f4 f i ImageScanner.obj
 0001:00001300       ?AddRef@?$CComContainedObject@VCOPOSImageScanner@@@ATL@@WPI@EAAKXZ 0000000180002300 f i ImageScanner.obj
 0001:0000130c       ?Release@?$CComContainedObject@VCOPOSImageScanner@@@ATL@@WPI@EAAKXZ 000000018000230c f i ImageScanner.obj
 0001:00001318       ?QueryInterface@?$CComContainedObject@VCOPOSImageScanner@@@ATL@@WBAA@EAAJAEBU_GUID@@PEAPEAX@Z 0000000180002318 f i ImageScanner.obj
 0001:00001324       ?AddRef@?$CComContainedObject@VCOPOSImageScanner@@@ATL@@WBAA@EAAKXZ 0000000180002324 f i ImageScanner.obj
 0001:00001330       ?Release@?$CComContainedObject@VCOPOSImageScanner@@@ATL@@WBAA@EAAKXZ 0000000180002330 f i ImageScanner.obj
 0001:0000133c       ?QueryInterface@?$CComContainedObject@VCOPOSImageScanner@@@ATL@@WBAI@EAAJAEBU_GUID@@PEAPEAX@Z 000000018000233c f i ImageScanner.obj
 0001:00001348       ?AddRef@?$CComContainedObject@VCOPOSImageScanner@@@ATL@@WBAI@EAAKXZ 0000000180002348 f i ImageScanner.obj
 0001:00001354       ?Release@?$CComContainedObject@VCOPOSImageScanner@@@ATL@@WBAI@EAAKXZ 0000000180002354 f i ImageScanner.obj
 0001:00001360       ?QueryInterface@?$CComContainedObject@VCOPOSImageScanner@@@ATL@@WBBA@EAAJAEBU_GUID@@PEAPEAX@Z 0000000180002360 f i ImageScanner.obj
 0001:0000136c       ?AddRef@?$CComContainedObject@VCOPOSImageScanner@@@ATL@@WBBA@EAAKXZ 000000018000236c f i ImageScanner.obj
 0001:00001378       ?Release@?$CComContainedObject@VCOPOSImageScanner@@@ATL@@WBBA@EAAKXZ 0000000180002378 f i ImageScanner.obj
 0001:00001384       ?QueryInterface@?$CComContainedObject@VCOPOSImageScanner@@@ATL@@WBBI@EAAJAEBU_GUID@@PEAPEAX@Z 0000000180002384 f i ImageScanner.obj
 0001:00001390       ?AddRef@?$CComContainedObject@VCOPOSImageScanner@@@ATL@@WBBI@EAAKXZ 0000000180002390 f i ImageScanner.obj
 0001:0000139c       ?Release@?$CComContainedObject@VCOPOSImageScanner@@@ATL@@WBBI@EAAKXZ 000000018000239c f i ImageScanner.obj
 0001:000013a8       ?AddRef@?$CComContainedObject@VCOPOSImageScanner@@@ATL@@WBCI@EAAKXZ 00000001800023a8 f i ImageScanner.obj
 0001:000013b4       ?Release@?$CComContainedObject@VCOPOSImageScanner@@@ATL@@WBCI@EAAKXZ 00000001800023b4 f i ImageScanner.obj
 0001:000013c0       ?AddRef@?$CComContainedObject@VCOPOSImageScanner@@@ATL@@WBEA@EAAKXZ 00000001800023c0 f i ImageScanner.obj
 0001:000013cc       ?Release@?$CComContainedObject@VCOPOSImageScanner@@@ATL@@WBEA@EAAKXZ 00000001800023cc f i ImageScanner.obj
 0001:000013d8       ?Lock@CAtlModule@ATL@@UEAAJXZ 00000001800023d8 f i ImageScanner.obj
 0001:000013e8       ?Unlock@CAtlModule@ATL@@UEAAJXZ 00000001800023e8 f i ImageScanner.obj
 0001:000013f4       ?GetLockCount@CAtlModule@ATL@@UEAAJXZ 00000001800023f4 f i ImageScanner.obj
 0001:000013f8       ?GetGITPtr@CAtlModule@ATL@@UEAAJPEAPEAUIGlobalInterfaceTable@@@Z 00000001800023f8 f i ImageScanner.obj
 0001:00001468       ?AddCommonRGSReplacements@?$CAtlModuleT@VCComModule@ATL@@@ATL@@UEAAJPEAUIRegistrarBase@@@Z 0000000180002468 f i ImageScanner.obj
 0001:00001480       ?GetWindowProc@?$CWindowImplBaseT@VCWindow@ATL@@V?$CWinTraits@$0FGAAAAAA@$0A@@2@@ATL@@UEAAP6A_JPEAUHWND__@@I_K_J@ZXZ 0000000180002480 f i ImageScanner.obj
 0001:00001488       ?StartWindowProc@?$CWindowImplBaseT@VCWindow@ATL@@V?$CWinTraits@$0FGAAAAAA@$0A@@2@@ATL@@SA_JPEAUHWND__@@I_K_J@Z 0000000180002488 f i ImageScanner.obj
 0001:0000154c       ?UpdateRegistryFromResourceD@CComModule@ATL@@UEAAJIHPEAU_ATL_REGMAP_ENTRY@2@@Z 000000018000254c f i ImageScanner.obj
 0001:0000154c       ?UpdateRegistryFromResourceD@CComModule@ATL@@UEAAJPEB_WHPEAU_ATL_REGMAP_ENTRY@2@@Z 000000018000254c f i ImageScanner.obj
 0001:00001554       ?UpdateRegistryFromResource@CComModule@ATL@@UEAAJPEB_WHPEAU_ATL_REGMAP_ENTRY@2@@Z 0000000180002554 f i ImageScanner.obj
 0001:0000155c       ?UpdateRegistryFromResource@CComModule@ATL@@UEAAJIHPEAU_ATL_REGMAP_ENTRY@2@@Z 000000018000255c f i ImageScanner.obj
 0001:00001564       ??_ECComModule@ATL@@UEAAPEAXI@Z 0000000180002564 f i ImageScanner.obj
 0001:00001564       ??_GCComModule@ATL@@UEAAPEAXI@Z 0000000180002564 f i ImageScanner.obj
 0001:000015e4       ?GetTypeInfoCount@?$IDispatchImpl@UIOPOSImageScanner@@$1?IID_IOPOSImageScanner@@3U_GUID@@B$1?LIBID_OposImageScanner_CCO@@3U3@B$00$0A@VCComTypeInfoHolder@ATL@@@ATL@@UEAAJPEAI@Z 00000001800025e4 f i ImageScanner.obj
 0001:000015f8       ?GetTypeInfo@?$IDispatchImpl@UIOPOSImageScanner@@$1?IID_IOPOSImageScanner@@3U_GUID@@B$1?LIBID_OposImageScanner_CCO@@3U3@B$00$0A@VCComTypeInfoHolder@ATL@@@ATL@@UEAAJIKPEAPEAUITypeInfo@@@Z 00000001800025f8 f i ImageScanner.obj
 0001:0000165c       ?GetIDsOfNames@?$IDispatchImpl@UIOPOSImageScanner@@$1?IID_IOPOSImageScanner@@3U_GUID@@B$1?LIBID_OposImageScanner_CCO@@3U3@B$00$0A@VCComTypeInfoHolder@ATL@@@ATL@@UEAAJAEBU_GUID@@PEAPEA_WIKPEAJ@Z 000000018000265c f i ImageScanner.obj
 0001:00001668       ?Invoke@?$IDispatchImpl@UIOPOSImageScanner@@$1?IID_IOPOSImageScanner@@3U_GUID@@B$1?LIBID_OposImageScanner_CCO@@3U3@B$00$0A@VCComTypeInfoHolder@ATL@@@ATL@@UEAAJJAEBU_GUID@@KGPEAUtagDISPPARAMS@@PEAUtagVARIANT@@PEAUtagEXCEPINFO@@PEAI@Z 0000000180002668 f i ImageScanner.obj
 0001:000016f8       ?CreateControlWindow@?$CComControl@VCOPOSImageScanner@@V?$CWindowImpl@VCOPOSImageScanner@@VCWindow@ATL@@V?$CWinTraits@$0FGAAAAAA@$0A@@3@@ATL@@@ATL@@UEAAPEAUHWND__@@PEAU3@AEAUtagRECT@@@Z 00000001800026f8 f i ImageScanner.obj
 0001:00001730       ?ControlQueryInterface@?$CComControl@VCOPOSImageScanner@@V?$CWindowImpl@VCOPOSImageScanner@@VCWindow@ATL@@V?$CWinTraits@$0FGAAAAAA@$0A@@3@@ATL@@@ATL@@UEAAJAEBU_GUID@@PEAPEAX@Z 0000000180002730 f i ImageScanner.obj
 0001:00001744       ?GetClassID@?$IPersistStreamInitImpl@VCOPOSImageScanner@@@ATL@@UEAAJPEAU_GUID@@@Z 0000000180002744 f i ImageScanner.obj
 0001:00001744       ?GetClassID@?$IPersistStorageImpl@VCOPOSImageScanner@@@ATL@@UEAAJPEAU_GUID@@@Z 0000000180002744 f i ImageScanner.obj
 0001:00001744       ?GetUserClassID@?$IOleObjectImpl@VCOPOSImageScanner@@@ATL@@UEAAJPEAU_GUID@@@Z 0000000180002744 f i ImageScanner.obj
 0001:00001760       ?IsDirty@?$IPersistStreamInitImpl@VCOPOSImageScanner@@@ATL@@UEAAJXZ 0000000180002760 f i ImageScanner.obj
 0001:0000177c       ?Load@?$IPersistStreamInitImpl@VCOPOSImageScanner@@@ATL@@UEAAJPEAUIStream@@@Z 000000018000277c f i ImageScanner.obj
 0001:000017cc       ?Save@?$IPersistStreamInitImpl@VCOPOSImageScanner@@@ATL@@UEAAJPEAUIStream@@H@Z 00000001800027cc f i ImageScanner.obj
 0001:00001830       ?GetSizeMax@?$IPersistStreamInitImpl@VCOPOSImageScanner@@@ATL@@UEAAJPEAT_ULARGE_INTEGER@@@Z 0000000180002830 f i ImageScanner.obj
 0001:00001a5c       ?InitNew@?$IPersistStreamInitImpl@VCOPOSImageScanner@@@ATL@@UEAAJXZ 0000000180002a5c f i ImageScanner.obj
 0001:00001a74       ?GetColorSet@?$IViewObjectExImpl@VCOPOSImageScanner@@@ATL@@UEAAJKJPEAXPEAUtagDVTARGETDEVICE@@PEAUHDC__@@PEAPEAUtagLOGPALETTE@@@Z 0000000180002a74 f i ImageScanner.obj
 0001:00001a74       ?Freeze@?$IViewObjectExImpl@VCOPOSImageScanner@@@ATL@@UEAAJKJPEAXPEAK@Z 0000000180002a74 f i ImageScanner.obj
 0001:00001a74       ?GetDropTarget@?$IOleInPlaceObjectWindowlessImpl@VCOPOSImageScanner@@@ATL@@UEAAJPEAPEAUIDropTarget@@@Z 0000000180002a74 f i ImageScanner.obj
 0001:00001a74       ?QueryInterface@CRegObject@ATL@@UEAAJAEBU_GUID@@PEAPEAX@Z 0000000180002a74 f i ImageScanner.obj
 0001:00001a74       ?EnumFormatEtc@?$IDataObjectImpl@VCOPOSImageScanner@@@ATL@@UEAAJKPEAPEAUIEnumFORMATETC@@@Z 0000000180002a74 f i ImageScanner.obj
 0001:00001a74       ?OnMnemonic@?$IOleControlImpl@VCOPOSImageScanner@@@ATL@@UEAAJPEAUtagMSG@@@Z 0000000180002a74 f i ImageScanner.obj
 0001:00001a74       ?InitFromData@?$IOleObjectImpl@VCOPOSImageScanner@@@ATL@@UEAAJPEAUIDataObject@@HK@Z 0000000180002a74 f i ImageScanner.obj
 0001:00001a74       ?QueryGetData@?$IDataObjectImpl@VCOPOSImageScanner@@@ATL@@UEAAJPEAUtagFORMATETC@@@Z 0000000180002a74 f i ImageScanner.obj
 0001:00001a74       ?GetClipboardData@?$IOleObjectImpl@VCOPOSImageScanner@@@ATL@@UEAAJKPEAPEAUIDataObject@@@Z 0000000180002a74 f i ImageScanner.obj
 0001:00001a74       ?GetMoniker@?$IOleObjectImpl@VCOPOSImageScanner@@@ATL@@UEAAJKKPEAPEAUIMoniker@@@Z 0000000180002a74 f i ImageScanner.obj
 0001:00001a74       ?ContextSensitiveHelp@?$IOleInPlaceActiveObjectImpl@VCOPOSImageScanner@@@ATL@@UEAAJH@Z 0000000180002a74 f i ImageScanner.obj
 0001:00001a74       ?SetColorScheme@?$IOleObjectImpl@VCOPOSImageScanner@@@ATL@@UEAAJPEAUtagLOGPALETTE@@@Z 0000000180002a74 f i ImageScanner.obj
 0001:00001a74       ?Unfreeze@?$IViewObjectExImpl@VCOPOSImageScanner@@@ATL@@UEAAJK@Z 0000000180002a74 f i ImageScanner.obj
 0001:00001a74       ?GetRect@?$IViewObjectExImpl@VCOPOSImageScanner@@@ATL@@UEAAJKPEAU_RECTL@@@Z 0000000180002a74 f i ImageScanner.obj
 0001:00001a74       ?SOOutputCompleteDummy@COPOSImageScanner@@MEAAJJ@Z 0000000180002a74 f i ImageScanner.obj
 0001:00001a74       ?SetMoniker@?$IOleObjectImpl@VCOPOSImageScanner@@@ATL@@UEAAJKPEAUIMoniker@@@Z 0000000180002a74 f i ImageScanner.obj
 0001:00001a74       ?GetCanonicalFormatEtc@?$IDataObjectImpl@VCOPOSImageScanner@@@ATL@@UEAAJPEAUtagFORMATETC@@0@Z 0000000180002a74 f i ImageScanner.obj
 0001:00001a74       ?ReactivateAndUndo@?$IOleInPlaceObjectWindowlessImpl@VCOPOSImageScanner@@@ATL@@UEAAJXZ 0000000180002a74 f i ImageScanner.obj
 0001:00001a74       ?GetDataHere@?$IDataObjectImpl@VCOPOSImageScanner@@@ATL@@UEAAJPEAUtagFORMATETC@@PEAUtagSTGMEDIUM@@@Z 0000000180002a74 f i ImageScanner.obj
 0001:00001a74       ?SetData@?$IDataObjectImpl@VCOPOSImageScanner@@@ATL@@UEAAJPEAUtagFORMATETC@@PEAUtagSTGMEDIUM@@H@Z 0000000180002a74 f i ImageScanner.obj
 0001:00001a74       ?GetControlInfo@?$IOleControlImpl@VCOPOSImageScanner@@@ATL@@UEAAJPEAUtagCONTROLINFO@@@Z 0000000180002a74 f i ImageScanner.obj
 0001:00001a74       ?ContextSensitiveHelp@?$IOleInPlaceObjectWindowlessImpl@VCOPOSImageScanner@@@ATL@@UEAAJH@Z 0000000180002a74 f i ImageScanner.obj
 0001:00001a7c       ?SetClientSite@?$IOleObjectImpl@VCOPOSImageScanner@@@ATL@@UEAAJPEAUIOleClientSite@@@Z 0000000180002a7c f i ImageScanner.obj
 0001:00001a98       ?GetClientSite@?$IOleObjectImpl@VCOPOSImageScanner@@@ATL@@UEAAJPEAPEAUIOleClientSite@@@Z 0000000180002a98 f i ImageScanner.obj
 0001:00001ae0       ?Close@?$IOleObjectImpl@VCOPOSImageScanner@@@ATL@@UEAAJK@Z 0000000180002ae0 f i ImageScanner.obj
 0001:00001afc       ?DoVerb@?$IOleObjectImpl@VCOPOSImageScanner@@@ATL@@UEAAJJPEAUtagMSG@@PEAUIOleClientSite@@JPEAUHWND__@@PEBUtagRECT@@@Z 0000000180002afc f i ImageScanner.obj
 0001:00001ca0       ?EnumVerbs@?$IOleObjectImpl@VCOPOSImageScanner@@@ATL@@UEAAJPEAPEAUIEnumOLEVERB@@@Z 0000000180002ca0 f i ImageScanner.obj
 0001:00001cbc       ?GetUserType@?$IOleObjectImpl@VCOPOSImageScanner@@@ATL@@UEAAJKPEAPEA_W@Z 0000000180002cbc f i ImageScanner.obj
 0001:00001ccc       ?SetExtent@?$IOleObjectImpl@VCOPOSImageScanner@@@ATL@@UEAAJKPEAUtagSIZE@@@Z 0000000180002ccc f i ImageScanner.obj
 0001:00001ce8       ?GetExtent@?$IOleObjectImpl@VCOPOSImageScanner@@@ATL@@UEAAJKPEAUtagSIZE@@@Z 0000000180002ce8 f i ImageScanner.obj
 0001:00001d18       ?Advise@?$IOleObjectImpl@VCOPOSImageScanner@@@ATL@@UEAAJPEAUIAdviseSink@@PEAK@Z 0000000180002d18 f i ImageScanner.obj
 0001:00001d74       ?Unadvise@?$IOleObjectImpl@VCOPOSImageScanner@@@ATL@@UEAAJK@Z 0000000180002d74 f i ImageScanner.obj
 0001:00001dac       ?EnumAdvise@?$IOleObjectImpl@VCOPOSImageScanner@@@ATL@@UEAAJPEAPEAUIEnumSTATDATA@@@Z 0000000180002dac f i ImageScanner.obj
 0001:00001df4       ?GetMiscStatus@?$IOleObjectImpl@VCOPOSImageScanner@@@ATL@@UEAAJKPEAK@Z 0000000180002df4 f i ImageScanner.obj
 0001:00001e04       ?GetWindow@?$IOleInPlaceActiveObjectImpl@VCOPOSImageScanner@@@ATL@@UEAAJPEAPEAUHWND__@@@Z 0000000180002e04 f i ImageScanner.obj
 0001:00001e58       ?TranslateAcceleratorW@?$IOleInPlaceActiveObjectImpl@VCOPOSImageScanner@@@ATL@@UEAAJPEAUtagMSG@@@Z 0000000180002e58 f i ImageScanner.obj
 0001:00001f4c       ?OnDocWindowActivate@?$IOleInPlaceActiveObjectImpl@VCOPOSImageScanner@@@ATL@@UEAAJH@Z 0000000180002f4c f i ImageScanner.obj
 0001:00001f78       ?Draw@?$IViewObjectExImpl@VCOPOSImageScanner@@@ATL@@UEAAJKJPEAXPEAUtagDVTARGETDEVICE@@PEAUHDC__@@2PEBU_RECTL@@3P6AH_K@Z4@Z 0000000180002f78 f i ImageScanner.obj
 0001:00001fdc       ?SetAdvise@?$IViewObjectExImpl@VCOPOSImageScanner@@@ATL@@UEAAJKKPEAUIAdviseSink@@@Z 0000000180002fdc f i ImageScanner.obj
 0001:00002030       ?GetAdvise@?$IViewObjectExImpl@VCOPOSImageScanner@@@ATL@@UEAAJPEAK0PEAPEAUIAdviseSink@@@Z 0000000180003030 f i ImageScanner.obj
 0001:0000206c       ?GetExtent@?$IViewObjectExImpl@VCOPOSImageScanner@@@ATL@@UEAAJKJPEAUtagDVTARGETDEVICE@@PEAUtagSIZE@@@Z 000000018000306c f i ImageScanner.obj
 0001:0000209c       ?GetViewStatus@?$IViewObjectExImpl@VCOPOSImageScanner@@@ATL@@UEAAJPEAK@Z 000000018000309c f i ImageScanner.obj
 0001:000020b0       ?QueryHitPoint@?$IViewObjectExImpl@VCOPOSImageScanner@@@ATL@@UEAAJKPEBUtagRECT@@UtagPOINT@@JPEAK@Z 00000001800030b0 f i ImageScanner.obj
 0001:000020f4       ?QueryHitRect@?$IViewObjectExImpl@VCOPOSImageScanner@@@ATL@@UEAAJKPEBUtagRECT@@0JPEAK@Z 00000001800030f4 f i ImageScanner.obj
 0001:0000215c       ?GetNaturalExtent@?$IViewObjectExImpl@VCOPOSImageScanner@@@ATL@@UEAAJKJPEAUtagDVTARGETDEVICE@@PEAUHDC__@@PEAUtagExtentInfo@@PEAUtagSIZE@@@Z 000000018000315c f i ImageScanner.obj
 0001:000021a4       ?GetWindow@?$IOleInPlaceObjectWindowlessImpl@VCOPOSImageScanner@@@ATL@@UEAAJPEAPEAUHWND__@@@Z 00000001800031a4 f i ImageScanner.obj
 0001:000021f8       ?InPlaceDeactivate@?$IOleInPlaceObjectWindowlessImpl@VCOPOSImageScanner@@@ATL@@UEAAJXZ 00000001800031f8 f i ImageScanner.obj
 0001:00002214       ?UIDeactivate@?$IOleInPlaceObjectWindowlessImpl@VCOPOSImageScanner@@@ATL@@UEAAJXZ 0000000180003214 f i ImageScanner.obj
 0001:00002230       ?SetObjectRects@?$IOleInPlaceObjectWindowlessImpl@VCOPOSImageScanner@@@ATL@@UEAAJPEBUtagRECT@@0@Z 0000000180003230 f i ImageScanner.obj
 0001:0000224c       ?OnWindowMessage@?$IOleInPlaceObjectWindowlessImpl@VCOPOSImageScanner@@@ATL@@UEAAJI_K_JPEA_J@Z 000000018000324c f i ImageScanner.obj
 0001:00002314       ?EnumConnectionPoints@?$IConnectionPointContainerImpl@VCOPOSImageScanner@@@ATL@@UEAAJPEAPEAUIEnumConnectionPoints@@@Z 0000000180003314 f i ImageScanner.obj
 0001:0000255c       ?FindConnectionPoint@?$IConnectionPointContainerImpl@VCOPOSImageScanner@@@ATL@@UEAAJAEBU_GUID@@PEAPEAUIConnectionPoint@@@Z 000000018000355c f i ImageScanner.obj
 0001:0000262c       ?IsDirty@?$IPersistStorageImpl@VCOPOSImageScanner@@@ATL@@UEAAJXZ 000000018000362c f i ImageScanner.obj
 0001:00002670       ?InitNew@?$IPersistStorageImpl@VCOPOSImageScanner@@@ATL@@UEAAJPEAUIStorage@@@Z 0000000180003670 f i ImageScanner.obj
 0001:000026b4       ?Load@?$IPersistStorageImpl@VCOPOSImageScanner@@@ATL@@UEAAJPEAUIStorage@@@Z 00000001800036b4 f i ImageScanner.obj
 0001:00002754       ?Save@?$IPersistStorageImpl@VCOPOSImageScanner@@@ATL@@UEAAJPEAUIStorage@@H@Z 0000000180003754 f i ImageScanner.obj
 0001:00002804       ?GetPages@?$ISpecifyPropertyPagesImpl@VCOPOSImageScanner@@@ATL@@UEAAJPEAUtagCAUUID@@@Z 0000000180003804 f i ImageScanner.obj
 0001:00002810       ?QuickActivate@?$IQuickActivateImpl@VCOPOSImageScanner@@@ATL@@UEAAJPEAUtagQACONTAINER@@PEAUtagQACONTROL@@@Z 0000000180003810 f i ImageScanner.obj
 0001:0000282c       ?SetContentExtent@?$IQuickActivateImpl@VCOPOSImageScanner@@@ATL@@UEAAJPEAUtagSIZE@@@Z 000000018000382c f i ImageScanner.obj
 0001:00002860       ?GetContentExtent@?$IQuickActivateImpl@VCOPOSImageScanner@@@ATL@@UEAAJPEAUtagSIZE@@@Z 0000000180003860 f i ImageScanner.obj
 0001:00002898       ?GetData@?$IDataObjectImpl@VCOPOSImageScanner@@@ATL@@UEAAJPEAUtagFORMATETC@@PEAUtagSTGMEDIUM@@@Z 0000000180003898 f i ImageScanner.obj
 0001:000028b4       ?DAdvise@?$IDataObjectImpl@VCOPOSImageScanner@@@ATL@@UEAAJPEAUtagFORMATETC@@KPEAUIAdviseSink@@PEAK@Z 00000001800038b4 f i ImageScanner.obj
 0001:0000293c       ?DUnadvise@?$IDataObjectImpl@VCOPOSImageScanner@@@ATL@@UEAAJK@Z 000000018000393c f i ImageScanner.obj
 0001:00002968       ?EnumDAdvise@?$IDataObjectImpl@VCOPOSImageScanner@@@ATL@@UEAAJPEAPEAUIEnumSTATDATA@@@Z 0000000180003968 f i ImageScanner.obj
 0001:000029a4       ?GetClassInfoW@?$IProvideClassInfo2Impl@$1?CLSID_OPOSImageScanner@@3U_GUID@@B$1?DIID__IOPOSImageScannerEvents@@3U2@B$1?LIBID_OposImageScanner_CCO@@3U2@B$00$0A@VCComTypeInfoHolder@ATL@@@ATL@@UEAAJPEAPEAUITypeInfo@@@Z 00000001800039a4 f i ImageScanner.obj
 0001:000029fc       ?GetGUID@?$IProvideClassInfo2Impl@$1?CLSID_OPOSImageScanner@@3U_GUID@@B$1?DIID__IOPOSImageScannerEvents@@3U2@B$1?LIBID_OposImageScanner_CCO@@3U2@B$00$0A@VCComTypeInfoHolder@ATL@@@ATL@@UEAAJKPEAU_GUID@@@Z 00000001800039fc f i ImageScanner.obj
 0001:00002a30       ?AddRef@CRegObject@ATL@@UEAAKXZ 0000000180003a30 f i ImageScanner.obj
 0001:00002a30       _get_startup_argv_mode     0000000180003a30 f i LIBCMT:argv_mode.obj
 0001:00002a30       ?FAccessAllowed@?$IObjectSafetyImpl@VCOPOSImageScanner@@$02@ATL@@MEAAHXZ 0000000180003a30 f i ImageScanner.obj
 0001:00002a38       ?GetInterfaceSafetyOptions@?$IObjectSafetyImpl@VCOPOSImageScanner@@$02@ATL@@UEAAJAEBU_GUID@@PEAK1@Z 0000000180003a38 f i ImageScanner.obj
 0001:00002acc       ?SetInterfaceSafetyOptions@?$IObjectSafetyImpl@VCOPOSImageScanner@@$02@ATL@@UEAAJAEBU_GUID@@KK@Z 0000000180003acc f i ImageScanner.obj
 0001:00002b70       ?_LocCPQueryInterface@?$IConnectionPointImpl@VCOPOSImageScanner@@$1?DIID__IOPOSImageScannerEvents@@3U_GUID@@BVCComDynamicUnkArray@ATL@@@ATL@@UEAAJAEBU_GUID@@PEAPEAX@Z 0000000180003b70 f i ImageScanner.obj
 0001:00002b70       ?_LocCPQueryInterface@?$IConnectionPointImpl@VCOPOSImageScanner@@$1?IID_IPropertyNotifySink@@3U_GUID@@BVCComDynamicUnkArray@ATL@@@ATL@@UEAAJAEBU_GUID@@PEAPEAX@Z 0000000180003b70 f i ImageScanner.obj
 0001:00002be4       ?GetConnectionInterface@?$IConnectionPointImpl@VCOPOSImageScanner@@$1?IID_IPropertyNotifySink@@3U_GUID@@BVCComDynamicUnkArray@ATL@@@ATL@@UEAAJPEAU_GUID@@@Z 0000000180003be4 f i ImageScanner.obj
 0001:00002c00       ?GetConnectionPointContainer@?$IConnectionPointImpl@VCOPOSImageScanner@@$1?IID_IPropertyNotifySink@@3U_GUID@@BVCComDynamicUnkArray@ATL@@@ATL@@UEAAJPEAPEAUIConnectionPointContainer@@@Z 0000000180003c00 f i ImageScanner.obj
 0001:00002c20       ?Advise@?$IConnectionPointImpl@VCOPOSImageScanner@@$1?DIID__IOPOSImageScannerEvents@@3U_GUID@@BVCComDynamicUnkArray@ATL@@@ATL@@UEAAJPEAUIUnknown@@PEAK@Z 0000000180003c20 f i ImageScanner.obj
 0001:00002c20       ?Advise@?$IConnectionPointImpl@VCOPOSImageScanner@@$1?IID_IPropertyNotifySink@@3U_GUID@@BVCComDynamicUnkArray@ATL@@@ATL@@UEAAJPEAUIUnknown@@PEAK@Z 0000000180003c20 f i ImageScanner.obj
 0001:00002ce0       ?Unadvise@?$IConnectionPointImpl@VCOPOSImageScanner@@$1?DIID__IOPOSImageScannerEvents@@3U_GUID@@BVCComDynamicUnkArray@ATL@@@ATL@@UEAAJK@Z 0000000180003ce0 f i ImageScanner.obj
 0001:00002ce0       ?Unadvise@?$IConnectionPointImpl@VCOPOSImageScanner@@$1?IID_IPropertyNotifySink@@3U_GUID@@BVCComDynamicUnkArray@ATL@@@ATL@@UEAAJK@Z 0000000180003ce0 f i ImageScanner.obj
 0001:00002d5c       ?EnumConnections@?$IConnectionPointImpl@VCOPOSImageScanner@@$1?DIID__IOPOSImageScannerEvents@@3U_GUID@@BVCComDynamicUnkArray@ATL@@@ATL@@UEAAJPEAPEAUIEnumConnections@@@Z 0000000180003d5c f i ImageScanner.obj
 0001:00002d5c       ?EnumConnections@?$IConnectionPointImpl@VCOPOSImageScanner@@$1?IID_IPropertyNotifySink@@3U_GUID@@BVCComDynamicUnkArray@ATL@@@ATL@@UEAAJPEAPEAUIEnumConnections@@@Z 0000000180003d5c f i ImageScanner.obj
 0001:00002f04       ?GetConnectionInterface@?$IConnectionPointImpl@VCOPOSImageScanner@@$1?DIID__IOPOSImageScannerEvents@@3U_GUID@@BVCComDynamicUnkArray@ATL@@@ATL@@UEAAJPEAU_GUID@@@Z 0000000180003f04 f i ImageScanner.obj
 0001:00002f20       ?GetConnectionPointContainer@?$IConnectionPointImpl@VCOPOSImageScanner@@$1?DIID__IOPOSImageScannerEvents@@3U_GUID@@BVCComDynamicUnkArray@ATL@@@ATL@@UEAAJPEAPEAUIConnectionPointContainer@@@Z 0000000180003f20 f i ImageScanner.obj
 0001:00002f40       ?UpdateRegistry@COPOSImageScanner@@SAJH@Z 0000000180003f40 f i ImageScanner.obj
 0001:00002f58       ?ProcessWindowMessage@COPOSImageScanner@@UEAAHPEAUHWND__@@I_K_JAEA_JK@Z 0000000180003f58 f i ImageScanner.obj
 0001:00002fe0       ?SOData@COPOSImageScanner@@MEAAJJ@Z 0000000180003fe0 f i ImageScanner.obj
 0001:00003030       ?SODirectIO@COPOSImageScanner@@MEAAJJPEAJPEAPEA_W@Z 0000000180004030 f i ImageScanner.obj
 0001:000030a8       ?SOError@COPOSImageScanner@@MEAAJJJJPEAJ@Z 00000001800040a8 f i ImageScanner.obj
 0001:00003130       ?SOStatusUpdate@COPOSImageScanner@@MEAAJJ@Z 0000000180004130 f i ImageScanner.obj
 0001:00003180       ?AddReplacement@CRegObject@ATL@@UEAAJPEB_W0@Z 0000000180004180 f i ImageScanner.obj
 0001:000031b0       ?ClearReplacements@CRegObject@ATL@@UEAAJXZ 00000001800041b0 f i ImageScanner.obj
 0001:000031bc       ??_ECRegObject@ATL@@UEAAPEAXI@Z 00000001800041bc f i ImageScanner.obj
 0001:000031bc       ??_GCRegObject@ATL@@UEAAPEAXI@Z 00000001800041bc f i ImageScanner.obj
 0001:0000323c       ?CreateInstance@?$CComCreator@V?$CComObjectCached@VCComClassFactory@ATL@@@ATL@@@ATL@@SAJPEAXAEBU_GUID@@PEAPEAX@Z 000000018000423c f i ImageScanner.obj
 0001:00003340       ?CreateInstance@?$CComCreator2@V?$CComCreator@V?$CComObject@VCOPOSImageScanner@@@ATL@@@ATL@@V?$CComCreator@V?$CComAggObject@VCOPOSImageScanner@@@ATL@@@2@@ATL@@SAJPEAXAEBU_GUID@@PEAPEAX@Z 0000000180004340 f i ImageScanner.obj
 0001:00003350       ?Next@?$CComEnumImpl@UIEnumConnectionPoints@@$1?_GUID_b196b285_bab4_101a_b69c_00aa00341d07@@3U__s_GUID@@BPEAUIConnectionPoint@@V?$_CopyInterface@UIConnectionPoint@@@ATL@@@ATL@@UEAAJKPEAPEAUIConnectionPoint@@PEAK@Z 0000000180004350 f i ImageScanner.obj
 0001:0000341c       ?Skip@?$CComEnumImpl@UIEnumConnectionPoints@@$1?_GUID_b196b285_bab4_101a_b69c_00aa00341d07@@3U__s_GUID@@BPEAUIConnectionPoint@@V?$_CopyInterface@UIConnectionPoint@@@ATL@@@ATL@@UEAAJK@Z 000000018000441c f i ImageScanner.obj
 0001:00003448       ?Clone@?$CComEnumImpl@UIEnumConnectionPoints@@$1?_GUID_b196b285_bab4_101a_b69c_00aa00341d07@@3U__s_GUID@@BPEAUIConnectionPoint@@V?$_CopyInterface@UIConnectionPoint@@@ATL@@@ATL@@UEAAJPEAPEAUIEnumConnectionPoints@@@Z 0000000180004448 f i ImageScanner.obj
 0001:00003570       ?QueryInterface@?$CComObject@V?$CComEnum@UIEnumConnectionPoints@@$1?_GUID_b196b285_bab4_101a_b69c_00aa00341d07@@3U__s_GUID@@BPEAUIConnectionPoint@@V?$_CopyInterface@UIConnectionPoint@@@ATL@@VCComSingleThreadModel@6@@ATL@@@ATL@@UEAAJAEBU_GUID@@PEAPEAX@Z 0000000180004570 f i ImageScanner.obj
 0001:00003584       ??_G?$CComObject@V?$CComEnum@UIEnumConnectionPoints@@$1?_GUID_b196b285_bab4_101a_b69c_00aa00341d07@@3U__s_GUID@@BPEAUIConnectionPoint@@V?$_CopyInterface@UIConnectionPoint@@@ATL@@VCComSingleThreadModel@6@@ATL@@@ATL@@UEAAPEAXI@Z 0000000180004584 f i ImageScanner.obj
 0001:00003584       ??_E?$CComObject@V?$CComEnum@UIEnumConnectionPoints@@$1?_GUID_b196b285_bab4_101a_b69c_00aa00341d07@@3U__s_GUID@@BPEAUIConnectionPoint@@V?$_CopyInterface@UIConnectionPoint@@@ATL@@VCComSingleThreadModel@6@@ATL@@@ATL@@UEAAPEAXI@Z 0000000180004584 f i ImageScanner.obj
 0001:000035dc       ?AddRef@?$CComObjectCached@VCComClassFactory@ATL@@@ATL@@UEAAKXZ 00000001800045dc f i ImageScanner.obj
 0001:00003608       ?Release@?$CComObjectCached@VCComClassFactory@ATL@@@ATL@@UEAAKXZ 0000000180004608 f i ImageScanner.obj
 0001:00003648       ?QueryInterface@?$CComObjectCached@VCComClassFactory@ATL@@@ATL@@UEAAJAEBU_GUID@@PEAPEAX@Z 0000000180004648 f i ImageScanner.obj
 0001:0000365c       ??_G?$CComObjectCached@VCComClassFactory@ATL@@@ATL@@UEAAPEAXI@Z 000000018000465c f i ImageScanner.obj
 0001:0000365c       ??_E?$CComObjectCached@VCComClassFactory@ATL@@@ATL@@UEAAPEAXI@Z 000000018000465c f i ImageScanner.obj
 0001:000036b4       ??$AtlModuleRegisterWndClassInfoT@VAtlModuleRegisterWndClassInfoParamW@ATL@@@ATL@@YAGPEAU_ATL_BASE_MODULE70@0@PEAU_ATL_WIN_MODULE70@0@PEAU_ATL_WNDCLASSINFOW@0@PEAP6A_JPEAUHWND__@@I_K_J@ZVAtlModuleRegisterWndClassInfoParamW@0@@Z 00000001800046b4 f i ImageScanner.obj
 0001:000038b4       ??0?$CComContainedObject@VCOPOSImageScanner@@@ATL@@QEAA@PEAX@Z 00000001800048b4 f i ImageScanner.obj
 0001:000039d0       ??0?$CComObject@VCOPOSImageScanner@@@ATL@@QEAA@PEAX@Z 00000001800049d0 f i ImageScanner.obj
 0001:00003ae8       ??0CAtlModule@ATL@@QEAA@XZ 0000000180004ae8 f i ImageScanner.obj
 0001:00003b68       ??1?$CComEnumImpl@UIEnumConnectionPoints@@$1?_GUID_b196b285_bab4_101a_b69c_00aa00341d07@@3U__s_GUID@@BPEAUIConnectionPoint@@V?$_CopyInterface@UIConnectionPoint@@@ATL@@@ATL@@UEAA@XZ 0000000180004b68 f i ImageScanner.obj
 0001:00003bc4       ??1?$CComEnumImpl@UIEnumConnections@@$1?_GUID_b196b287_bab4_101a_b69c_00aa00341d07@@3U__s_GUID@@BUtagCONNECTDATA@@V?$_Copy@UtagCONNECTDATA@@@ATL@@@ATL@@UEAA@XZ 0000000180004bc4 f i ImageScanner.obj
 0001:00003c20       ??1?$CComObject@VCOPOSImageScanner@@@ATL@@UEAA@XZ 0000000180004c20 f i ImageScanner.obj
 0001:00003d40       ??_G?$CComContainedObject@VCOPOSImageScanner@@@ATL@@UEAAPEAXI@Z 0000000180004d40 f i ImageScanner.obj
 0001:00003d40       ??_E?$CComContainedObject@VCOPOSImageScanner@@@ATL@@UEAAPEAXI@Z 0000000180004d40 f i ImageScanner.obj
 0001:00003d74       ??_E?$CComObject@VCOPOSImageScanner@@@ATL@@UEAAPEAXI@Z 0000000180004d74 f i ImageScanner.obj
 0001:00003d74       ??_G?$CComObject@VCOPOSImageScanner@@@ATL@@UEAAPEAXI@Z 0000000180004d74 f i ImageScanner.obj
 0001:00003da8       ?Add@?$CSimpleArray@GV?$CSimpleArrayEqualHelper@G@ATL@@@ATL@@QEAAHAEBG@Z 0000000180004da8 f i ImageScanner.obj
 0001:00003e5c       ?Add@?$CSimpleMap@PEA_WPEA_WVCExpansionVectorEqualHelper@ATL@@@ATL@@QEAAHAEBQEA_W0@Z 0000000180004e5c f i ImageScanner.obj
 0001:00003efc       ?Add@CComDynamicUnkArray@ATL@@QEAAKPEAUIUnknown@@@Z 0000000180004efc f i ImageScanner.obj
 0001:00003ff4       ?Add@CExpansionVector@ATL@@QEAAHPEB_W0@Z 0000000180004ff4 f i ImageScanner.obj
 0001:00004184       ?AddValue@CRegParser@ATL@@IEAAJAEAVCRegKey@2@PEB_WPEA_W@Z 0000000180005184 f i ImageScanner.obj
 0001:000045cc       ?AllocateHeap@?$CTempBuffer@_W$0BAA@VCCRTAllocator@ATL@@@ATL@@AEAAX_K@Z 00000001800055cc f i ImageScanner.obj
 0001:000045cc       ?AllocateHeap@?$CTempBuffer@_W$0EAA@VCCRTAllocator@ATL@@@ATL@@AEAAX_K@Z 00000001800055cc f i ImageScanner.obj
 0001:000045cc       ?AllocateHeap@?$CTempBuffer@E$0BAA@VCCRTAllocator@ATL@@@ATL@@AEAAX_K@Z 00000001800055cc f i ImageScanner.obj
 0001:000045f8       ?Append@CParseBuffer@CRegParser@ATL@@QEAAHPEB_WH@Z 00000001800055f8 f i ImageScanner.obj
 0001:00004710       ?AtlCallTermFunc@ATL@@YAXPEAU_ATL_MODULE70@1@@Z 0000000180005710 f i ImageScanner.obj
 0001:00004774       ?AtlComModuleGetClassObject@ATL@@YAJPEAU_ATL_COM_MODULE70@1@AEBU_GUID@@1PEAPEAX@Z 0000000180005774 f i ImageScanner.obj
 0001:000048b4       ?AtlComModuleRegisterServer@ATL@@YAJPEAU_ATL_COM_MODULE70@1@HPEBU_GUID@@@Z 00000001800058b4 f i ImageScanner.obj
 0001:00004974       ?AtlComModuleUnregisterServer@ATL@@YAJPEAU_ATL_COM_MODULE70@1@HPEBU_GUID@@@Z 0000000180005974 f i ImageScanner.obj
 0001:00004a30       ?AtlCreateTargetDC@ATL@@YAPEAUHDC__@@PEAU2@PEAUtagDVTARGETDEVICE@@@Z 0000000180005a30 f i ImageScanner.obj
 0001:00004aa4       ?AtlHiMetricToPixel@ATL@@YAXPEBUtagSIZE@@PEAU2@@Z 0000000180005aa4 f i ImageScanner.obj
 0001:00004b54       ?AtlHresultFromLastError@ATL@@YAJXZ 0000000180005b54 f i ImageScanner.obj
 0001:00004b74       ?AtlHresultFromWin32@ATL@@YAJK@Z 0000000180005b74 f i ImageScanner.obj
 0001:00004b84       ?AtlIPersistStreamInit_Load@ATL@@YAJPEAUIStream@@PEBUATL_PROPMAP_ENTRY@1@PEAXPEAUIUnknown@@@Z 0000000180005b84 f i ImageScanner.obj
 0001:00004dbc       ?AtlIPersistStreamInit_Save@ATL@@YAJPEAUIStream@@HPEBUATL_PROPMAP_ENTRY@1@PEAXPEAUIUnknown@@@Z 0000000180005dbc f i ImageScanner.obj
 0001:00004ff8       ?AtlInternalOleLoadFromStream@ATL@@YAJPEAUIStream@@AEBU_GUID@@PEAPEAXTClassesAllowedInStream@1@K@Z 0000000180005ff8 f i ImageScanner.obj
 0001:0000513c       ?AtlInternalQueryInterface@ATL@@YAJPEAXPEBU_ATL_INTMAP_ENTRY@1@AEBU_GUID@@PEAPEAX@Z 000000018000613c f i ImageScanner.obj
 0001:00005244       ?AtlLoadTypeLib@ATL@@YAJPEAUHINSTANCE__@@PEB_WPEAPEA_WPEAPEAUITypeLib@@@Z 0000000180006244 f i ImageScanner.obj
 0001:000054a0       ?AtlModuleAddTermFunc@ATL@@YAJPEAU_ATL_MODULE70@1@P6AX_K@Z1@Z 00000001800064a0 f i ImageScanner.obj
 0001:00005534       ?AtlRegisterClassCategoriesHelper@ATL@@YAJAEBU_GUID@@PEBU_ATL_CATMAP_ENTRY@1@H@Z 0000000180006534 f i ImageScanner.obj
 0001:0000599c       ?AtlRegisterTypeLib@ATL@@YAJPEAUHINSTANCE__@@PEB_W@Z 000000018000699c f i ImageScanner.obj
 0001:00005b98       ?AtlThrowImpl@ATL@@YAXJ@Z  0000000180006b98 f i ImageScanner.obj
 0001:00005bbc       ?AtlUnRegisterTypeLib@ATL@@YAJPEAUHINSTANCE__@@PEB_W@Z 0000000180006bbc f i ImageScanner.obj
 0001:00005c84       ?AtlWinModuleExtractCreateWndData@ATL@@YAPEAXPEAU_ATL_WIN_MODULE70@1@@Z 0000000180006c84 f i ImageScanner.obj
 0001:00005d10       ?Cleanup@CComTypeInfoHolder@ATL@@SAX_K@Z 0000000180006d10 f i ImageScanner.obj
 0001:00005d50       ?ClearReplacements@CExpansionVector@ATL@@QEAAJXZ 0000000180006d50 f i ImageScanner.obj
 0001:00005dec       ?CreateInstance@?$CComCreator@V?$CComAggObject@VCOPOSImageScanner@@@ATL@@@ATL@@SAJPEAXAEBU_GUID@@PEAPEAX@Z 0000000180006dec f i ImageScanner.obj
 0001:00005ec4       ?CreateInstance@?$CComCreator@V?$CComObject@VCOPOSImageScanner@@@ATL@@@ATL@@SAJPEAXAEBU_GUID@@PEAPEAX@Z 0000000180006ec4 f i ImageScanner.obj
 0001:00005f7c       ?CreateInstance@?$CComObject@V?$CComEnum@UIEnumConnectionPoints@@$1?_GUID_b196b285_bab4_101a_b69c_00aa00341d07@@3U__s_GUID@@BPEAUIConnectionPoint@@V?$_CopyInterface@UIConnectionPoint@@@ATL@@VCComSingleThreadModel@6@@ATL@@@ATL@@SAJPEAPEAV12@@Z 0000000180006f7c f i ImageScanner.obj
 0001:00006008       ?CreateInstance@?$CComObject@V?$CComEnum@UIEnumConnections@@$1?_GUID_b196b287_bab4_101a_b69c_00aa00341d07@@3U__s_GUID@@BUtagCONNECTDATA@@V?$_Copy@UtagCONNECTDATA@@@ATL@@VCComSingleThreadModel@6@@ATL@@@ATL@@SAJPEAPEAV12@@Z 0000000180007008 f i ImageScanner.obj
 0001:00006094       ?DefaultReflectionHandler@?$CWindowImplRoot@VCWindow@ATL@@@ATL@@SAHPEAUHWND__@@I_K_JAEA_J@Z 0000000180007094 f i ImageScanner.obj
 0001:000060f8       ?DeleteSubKey@CRegKey@ATL@@QEAAJPEB_W@Z 00000001800070f8 f i ImageScanner.obj
 0001:00006190       ?DoEvent@COPOSImageScanner@@IEAAXI_K_J@Z 0000000180007190 f i ImageScanner.obj
 0001:00006244       ?DoVerbPrimary@?$IOleObjectImpl@VCOPOSImageScanner@@@ATL@@QEAAJPEBUtagRECT@@PEAUHWND__@@@Z 0000000180007244 f i ImageScanner.obj
 0001:0000636c       ?DoVerbProperties@CComControlBase@ATL@@QEAAJPEBUtagRECT@@PEAUHWND__@@@Z 000000018000736c f i ImageScanner.obj
 0001:00006594       ?FireTheEvent@?$CProxy_IOPOSEvents@VCOPOSImageScanner@@@@IEAAXPEAVOposVariant@@IAEAJPEB_WJ@Z 0000000180007594 f i ImageScanner.obj
 0001:00006680       ?FireViewChange@CComControlBase@ATL@@QEAAJXZ 0000000180007680 f i ImageScanner.obj
 0001:000066e4       ?Fire_DataEvent@?$CProxy_IOPOSEvents@VCOPOSImageScanner@@@@QEAAXJ@Z 00000001800076e4 f i ImageScanner.obj
 0001:000067d0       ?Fire_DirectIOEvent@?$CProxy_IOPOSEvents@VCOPOSImageScanner@@@@QEAAXJPEAJPEAPEA_W@Z 00000001800077d0 f i ImageScanner.obj
 0001:00006928       ?Fire_ErrorEvent@?$CProxy_IOPOSEvents@VCOPOSImageScanner@@@@QEAAXJJJPEAJ@Z 0000000180007928 f i ImageScanner.obj
 0001:00006a90       ?Fire_StatusUpdateEvent@?$CProxy_IOPOSEvents@VCOPOSImageScanner@@@@QEAAXJ@Z 0000000180007a90 f i ImageScanner.obj
 0001:00006b7c       ?FreeHeap@?$CTempBuffer@_W$0BAA@VCCRTAllocator@ATL@@@ATL@@AEAAXXZ 0000000180007b7c f i ImageScanner.obj
 0001:00006b7c       ?FreeHeap@?$CTempBuffer@_W$0EAA@VCCRTAllocator@ATL@@@ATL@@AEAAXXZ 0000000180007b7c f i ImageScanner.obj
 0001:00006b7c       ?FreeHeap@?$CTempBuffer@E$0BAA@VCCRTAllocator@ATL@@@ATL@@AEAAXXZ 0000000180007b7c f i ImageScanner.obj
 0001:00006b84       ?GetAmbientLocaleID@CComControlBase@ATL@@QEAAJAEAK@Z 0000000180007b84 f i ImageScanner.obj
 0001:00006c44       ?GetAmbientUserMode@CComControlBase@ATL@@QEAAJAEAH@Z 0000000180007c44 f i ImageScanner.obj
 0001:00006d18       ?GetClassObject@CComModule@ATL@@QEAAJAEBU_GUID@@0PEAPEAX@Z 0000000180007d18 f i ImageScanner.obj
 0001:00006e0c       ?GetConnMap@COPOSImageScanner@@SAPEBU_ATL_CONNMAP_ENTRY@ATL@@PEAH@Z 0000000180007e0c f i ImageScanner.obj
 0001:00006e94       ?GetIDsOfNames@CComTypeInfoHolder@ATL@@QEAAJAEBU_GUID@@PEAPEA_WIKPEAJ@Z 0000000180007e94 f i ImageScanner.obj
 0001:0000700c       ?GetPagesHelper@?$ISpecifyPropertyPagesImpl@VCOPOSImageScanner@@@ATL@@IEAAJPEAUtagCAUUID@@PEBUATL_PROPMAP_ENTRY@2@@Z 000000018000800c f i ImageScanner.obj
 0001:000071ac       ?GetSizeMax@CComVariant@ATL@@QEBAJPEAT_ULARGE_INTEGER@@@Z 00000001800081ac f i ImageScanner.obj
 0001:000073e0       ?GetTI@CComTypeInfoHolder@ATL@@QEAAJK@Z 00000001800083e0 f i ImageScanner.obj
 0001:00007658       ?GetZoomInfo@CComControlBase@ATL@@QEAAXAEAUATL_DRAWINFO@@@Z 0000000180008658 f i ImageScanner.obj
 0001:000076fc       ?HKeyFromString@CRegParser@ATL@@KAPEAUHKEY__@@PEA_W@Z 00000001800086fc f i ImageScanner.obj
 0001:00007760       ?IDataObject_GetData@CComControlBase@ATL@@QEAAJPEAUtagFORMATETC@@PEAUtagSTGMEDIUM@@@Z 0000000180008760 f i ImageScanner.obj
 0001:00007954       ?IOleInPlaceObject_InPlaceDeactivate@CComControlBase@ATL@@QEAAJXZ 0000000180008954 f i ImageScanner.obj
 0001:000079f4       ?IOleInPlaceObject_SetObjectRects@CComControlBase@ATL@@QEAAJPEBUtagRECT@@0@Z 00000001800089f4 f i ImageScanner.obj
 0001:00007ae4       ?IOleInPlaceObject_UIDeactivate@CComControlBase@ATL@@QEAAJXZ 0000000180008ae4 f i ImageScanner.obj
 0001:00007bf0       ?IOleObject_Close@CComControlBase@ATL@@QEAAJK@Z 0000000180008bf0 f i ImageScanner.obj
 0001:00007d08       ?IOleObject_SetClientSite@CComControlBase@ATL@@QEAAJPEAUIOleClientSite@@@Z 0000000180008d08 f i ImageScanner.obj
 0001:00007d80       ?IOleObject_SetExtent@CComControlBase@ATL@@QEAAJKPEAUtagSIZE@@@Z 0000000180008d80 f i ImageScanner.obj
 0001:00007e18       ?IPSI_GetIPersistStreamInit@?$IPersistStorageImpl@VCOPOSImageScanner@@@ATL@@AEAAPEAUIPersistStreamInit@@XZ 0000000180008e18 f i ImageScanner.obj
 0001:00007e74       ?IQuickActivate_QuickActivate@CComControlBase@ATL@@QEAAJPEAUtagQACONTAINER@@PEAUtagQACONTROL@@@Z 0000000180008e74 f i ImageScanner.obj
 0001:00008138       ?IViewObject_Draw@CComControlBase@ATL@@QEAAJKJPEAXPEAUtagDVTARGETDEVICE@@PEAUHDC__@@2PEBU_RECTL@@3@Z 0000000180009138 f i ImageScanner.obj
 0001:0000824c       ?InPlaceActivate@CComControlBase@ATL@@QEAAJJPEBUtagRECT@@@Z 000000018000924c f i ImageScanner.obj
 0001:00008584       ?Init@?$CComEnumImpl@UIEnumConnectionPoints@@$1?_GUID_b196b285_bab4_101a_b69c_00aa00341d07@@3U__s_GUID@@BPEAUIConnectionPoint@@V?$_CopyInterface@UIConnectionPoint@@@ATL@@@ATL@@QEAAJPEAPEAUIConnectionPoint@@0PEAUIUnknown@@W4CComEnumFlags@2@@Z 0000000180009584 f i ImageScanner.obj
 0001:000086a4       ?Init@?$CComEnumImpl@UIEnumConnections@@$1?_GUID_b196b287_bab4_101a_b69c_00aa00341d07@@3U__s_GUID@@BUtagCONNECTDATA@@V?$_Copy@UtagCONNECTDATA@@@ATL@@@ATL@@QEAAJPEAUtagCONNECTDATA@@0PEAUIUnknown@@W4CComEnumFlags@2@@Z 00000001800096a4 f i ImageScanner.obj
 0001:000087c8       ?IsEqualObject@?$CComPtrBase@UIOleClientSite@@@ATL@@QEAA_NPEAUIUnknown@@@Z 00000001800097c8 f i ImageScanner.obj
 0001:000087c8       ?IsEqualObject@?$CComPtrBase@UITypeInfo@@@ATL@@QEAA_NPEAUIUnknown@@@Z 00000001800097c8 f i ImageScanner.obj
 0001:00008854       ?LoadNameCache@CComTypeInfoHolder@ATL@@QEAAJPEAUITypeInfo@@@Z 0000000180009854 f i ImageScanner.obj
 0001:000089d8       ?Lookup@?$CSimpleMap@PEA_WPEA_WVCExpansionVectorEqualHelper@ATL@@@ATL@@QEBAPEA_WAEBQEA_W@Z 00000001800099d8 f i ImageScanner.obj
 0001:00008a64       ?NextToken@CRegParser@ATL@@IEAAJPEA_W@Z 0000000180009a64 f i ImageScanner.obj
 0001:00008c1c       ?OnKillFocus@CComControlBase@ATL@@QEAA_JI_K_JAEAH@Z 0000000180009c1c f i ImageScanner.obj
 0001:00008cb8       ?OnMouseActivate@CComControlBase@ATL@@QEAA_JI_K_JAEAH@Z 0000000180009cb8 f i ImageScanner.obj
 0001:00008d58       ?OnPaint@CComControlBase@ATL@@QEAA_JI_K_JAEAH@Z 0000000180009d58 f i ImageScanner.obj
 0001:00008e44       ?OnSetFocus@CComControlBase@ATL@@QEAA_JI_K_JAEAH@Z 0000000180009e44 f i ImageScanner.obj
 0001:00008f40       ?Open@CRegKey@ATL@@QEAAJPEAUHKEY__@@PEB_WK@Z 0000000180009f40 f i ImageScanner.obj
 0001:00008fcc       ?PreProcessBuffer@CRegParser@ATL@@QEAAJPEA_WPEAPEA_W@Z 0000000180009fcc f i ImageScanner.obj
 0001:00009350       ?ProcessWindowMessage@?$CComControl@VCOPOSImageScanner@@V?$CWindowImpl@VCOPOSImageScanner@@VCWindow@ATL@@V?$CWinTraits@$0FGAAAAAA@$0A@@3@@ATL@@@ATL@@UEAAHPEAUHWND__@@I_K_JAEA_JK@Z 000000018000a350 f i ImageScanner.obj
 0001:00009434       ?PutProperty@?$CComPtr@UIDispatch@@@ATL@@SAJPEAUIDispatch@@JPEAUtagVARIANT@@@Z 000000018000a434 f i ImageScanner.obj
 0001:00009538       ?ReadFromStream@CComBSTR@ATL@@QEAAJPEAUIStream@@@Z 000000018000a538 f i ImageScanner.obj
 0001:00009694       ?ReadFromStream@CComVariant@ATL@@QEAAJPEAUIStream@@GTClassesAllowedInStream@2@K@Z 000000018000a694 f i ImageScanner.obj
 0001:000098a4       ?RecurseDeleteKey@CRegKey@ATL@@QEAAJPEB_W@Z 000000018000a8a4 f i ImageScanner.obj
 0001:000099b0       ?RegCreateKeyExW@CAtlTransactionManager@ATL@@QEAAJPEAUHKEY__@@PEB_WKPEA_WKKQEAU_SECURITY_ATTRIBUTES@@PEAPEAU3@PEAK@Z 000000018000a9b0 f i ImageScanner.obj
 0001:00009ae4       ?RegDeleteKeyW@CAtlTransactionManager@ATL@@QEAAJPEAUHKEY__@@PEB_W@Z 000000018000aae4 f i ImageScanner.obj
 0001:00009b70       ?RegOpenKeyExW@CAtlTransactionManager@ATL@@QEAAJPEAUHKEY__@@PEB_WKKPEAPEAU3@@Z 000000018000ab70 f i ImageScanner.obj
 0001:00009c28       ?RegisterBuffer@CRegParser@ATL@@QEAAJPEA_WH@Z 000000018000ac28 f i ImageScanner.obj
 0001:00009d90       ?RegisterFromResource@CRegObject@ATL@@IEAAJPEB_W00H@Z 000000018000ad90 f i ImageScanner.obj
 0001:00009f4c       ?RegisterServer@CComModule@ATL@@QEAAJHPEBU_GUID@@@Z 000000018000af4c f i ImageScanner.obj
 0001:0000a00c       ?RegisterSubkeys@CRegParser@ATL@@IEAAJPEA_WPEAUHKEY__@@HH@Z 000000018000b00c f i ImageScanner.obj
 0001:0000a708       ?SendOnDataChange@CComControlBase@ATL@@QEAAJK@Z 000000018000b708 f i ImageScanner.obj
 0001:0000a778       ?SetControlFocus@CComControlBase@ATL@@QEAAHH@Z 000000018000b778 f i ImageScanner.obj
 0001:0000a854       ?SkipAssignment@CRegParser@ATL@@IEAAJPEA_W@Z 000000018000b854 f i ImageScanner.obj
 0001:0000a8f8       ?Term@CComModule@ATL@@QEAAXXZ 000000018000b8f8 f i ImageScanner.obj
 0001:0000a9a4       ?UnregisterServer@CComModule@ATL@@QEAAJHPEBU_GUID@@@Z 000000018000b9a4 f i ImageScanner.obj
 0001:0000aa54       ?UpdateRegistryFromResource@CAtlModule@ATL@@QEAAJIHPEAU_ATL_REGMAP_ENTRY@2@@Z 000000018000ba54 f i ImageScanner.obj
 0001:0000ad8c       ?UpdateRegistryFromResource@CAtlModule@ATL@@QEAAJPEB_WHPEAU_ATL_REGMAP_ENTRY@2@@Z 000000018000bd8c f i ImageScanner.obj
 0001:0000b0e4       ?VTFromRegType@CRegParser@ATL@@KAHPEB_WAEAG@Z 000000018000c0e4 f i ImageScanner.obj
 0001:0000b180       ?WindowProc@?$CWindowImplBaseT@VCWindow@ATL@@V?$CWinTraits@$0FGAAAAAA@$0A@@2@@ATL@@SA_JPEAUHWND__@@I_K_J@Z 000000018000c180 f i ImageScanner.obj
 0001:0000b2ec       ?WriteToStream@CComBSTR@ATL@@QEAAJPEAUIStream@@@Z 000000018000c2ec f i ImageScanner.obj
 0001:0000b36c       ?WriteToStream@CComVariant@ATL@@QEAAJPEAUIStream@@@Z 000000018000c36c f i ImageScanner.obj
 0001:0000b580       ?WriteToStream@CComVariant@ATL@@QEAAJPEAUIStream@@G@Z 000000018000c580 f i ImageScanner.obj
 0001:0000b618       ?_AtlVerifyStackAvailable@_ATL_SAFE_ALLOCA_IMPL@ATL@@YA_N_K@Z 000000018000c618 f i ImageScanner.obj
 0001:0000b69c       ?atlCreate@?$CWindowImpl@VCOPOSImageScanner@@VCWindow@ATL@@V?$CWinTraits@$0FGAAAAAA@$0A@@3@@ATL@@QEAAPEAUHWND__@@PEAU3@V_U_RECT@2@PEB_WKKV_U_MENUorID@2@PEAX@Z 000000018000c69c f i ImageScanner.obj
 0001:0000b74c       ?atlCreate@?$CWindowImplBaseT@VCWindow@ATL@@V?$CWinTraits@$0FGAAAAAA@$0A@@2@@ATL@@QEAAPEAUHWND__@@PEAU3@V_U_RECT@2@PEB_WKKV_U_MENUorID@2@GPEAX@Z 000000018000c74c f i ImageScanner.obj
 0001:0000b8bc       ?atlCreate@CRegKey@ATL@@QEAAJPEAUHKEY__@@PEB_WPEA_WKKPEAU_SECURITY_ATTRIBUTES@@PEAK@Z 000000018000c8bc f i ImageScanner.obj
 0001:0000b9a8       DllCanUnloadNow            000000018000c9a8 f   ImageScanner.obj
 0001:0000b9b4       DllGetClassObject          000000018000c9b4 f   ImageScanner.obj
 0001:0000b9cc       DllMain                    000000018000c9cc f   ImageScanner.obj
 0001:0000ba74       DllRegisterServer          000000018000ca74 f   ImageScanner.obj
 0001:0000ba88       DllUnregisterServer        000000018000ca88 f   ImageScanner.obj
 0001:0000ba9c       __local_stdio_printf_options 000000018000ca9c f i ImageScanner.obj
 0001:0000bb2c       swprintf_s                 000000018000cb2c f i ImageScanner.obj
 0001:0000bb80       ??0COPOSImageScanner@@QEAA@XZ 000000018000cb80 f   ImageScannerImpl.obj
 0001:0000bc48       ??1?$IConnectionPointImpl@VCOPOSImageScanner@@$1?IID_IPropertyNotifySink@@3U_GUID@@BVCComDynamicUnkArray@ATL@@@ATL@@QEAA@XZ 000000018000cc48 f i ImageScannerImpl.obj
 0001:0000bc48       ??1?$IConnectionPointImpl@VCOPOSImageScanner@@$1?DIID__IOPOSImageScannerEvents@@3U_GUID@@BVCComDynamicUnkArray@ATL@@@ATL@@QEAA@XZ 000000018000cc48 f i ImageScannerImpl.obj
 0001:0000bca4       ??1CComControlBase@ATL@@UEAA@XZ 000000018000cca4 f i ImageScannerImpl.obj
 0001:0000bd20       ??1COPOSImageScanner@@UEAA@XZ 000000018000cd20 f   ImageScannerImpl.obj
 0001:0000bd84       ?CheckHealth@COPOSImageScanner@@UEAAJJPEAJ@Z 000000018000cd84 f   ImageScannerImpl.obj
 0001:0000be00       ?ClaimDevice@COPOSImageScanner@@UEAAJJPEAJ@Z 000000018000ce00 f   ImageScannerImpl.obj
 0001:0000bea0       ?ClearInput@COPOSImageScanner@@UEAAJPEAJ@Z 000000018000cea0 f   ImageScannerImpl.obj
 0001:0000bec8       ?ClearInputProperties@COPOSImageScanner@@UEAAJPEAJ@Z 000000018000cec8 f   ImageScannerImpl.obj
 0001:0000bef0       ?Close@COPOSImageScanner@@UEAAJPEAJ@Z 000000018000cef0 f   ImageScannerImpl.obj
 0001:0000bfa8       ?CompareFirmwareVersion@COPOSImageScanner@@UEAAJPEA_WPEAJ1@Z 000000018000cfa8 f   ImageScannerImpl.obj
 0001:0000c084       ?DirectIO@COPOSImageScanner@@UEAAJJPEAJPEAPEA_W0@Z 000000018000d084 f   ImageScannerImpl.obj
 0001:0000c180       ?DoInvoke@COPOSImageScanner@@IEAAJJPEAVOposVariant@@IHPEAJ_N@Z 000000018000d180 f   ImageScannerImpl.obj
 0001:0000c2b4       ?EventInit@COPOSImageScanner@@IEAAJXZ 000000018000d2b4 f i ImageScannerImpl.obj
 0001:0000c3fc       ?EventUninit@COPOSImageScanner@@IEAAXXZ 000000018000d3fc f i ImageScannerImpl.obj
 0001:0000c460       ?EventWindowProc@COPOSImageScanner@@IEAA_JI_K_J@Z 000000018000d460 f i ImageScannerImpl.obj
 0001:0000c5ec       ?FinalConstruct@COPOSImageScanner@@QEAAJXZ 000000018000d5ec f   ImageScannerImpl.obj
 0001:0000c628       ?FreezeEvents@COPOSImageScanner@@MEAAJH@Z 000000018000d628 f   ImageScannerImpl.obj
 0001:0000c69c       ?GetOposProp@COPOSImageScanner@@IEAAJJPEAJJ@Z 000000018000d69c f   ImageScannerImpl.obj
 0001:0000c7b8       ?GetOposProp@COPOSImageScanner@@IEAAJJPEAPEA_WJ@Z 000000018000d7b8 f   ImageScannerImpl.obj
 0001:0000c8e4       ?OnDraw@COPOSImageScanner@@MEAAJAEAUATL_DRAWINFO@@@Z 000000018000d8e4 f   ImageScannerImpl.obj
 0001:0000c9d0       ?Open@COPOSImageScanner@@UEAAJPEA_WPEAJ@Z 000000018000d9d0 f   ImageScannerImpl.obj
 0001:0000d258       ?ReleaseDevice@COPOSImageScanner@@UEAAJPEAJ@Z 000000018000e258 f   ImageScannerImpl.obj
 0001:0000d2c4       ?ResetStatistics@COPOSImageScanner@@UEAAJPEA_WPEAJ@Z 000000018000e2c4 f   ImageScannerImpl.obj
 0001:0000d34c       ?RetrieveStatistics@COPOSImageScanner@@UEAAJPEAPEA_WPEAJ@Z 000000018000e34c f   ImageScannerImpl.obj
 0001:0000d3d4       ?SOProcessID@COPOSImageScanner@@UEAAJPEAJ@Z 000000018000e3d4 f   ImageScannerImpl.obj
 0001:0000d3f0       ?SetCOFreezeEvents@COPOSImageScanner@@IEAAXF@Z 000000018000e3f0 f   ImageScannerImpl.obj
 0001:0000d4d4       ?SetOposProp@COPOSImageScanner@@IEAAJJJJ@Z 000000018000e4d4 f   ImageScannerImpl.obj
 0001:0000d634       ?StartSession@COPOSImageScanner@@UEAAJPEAJ@Z 000000018000e634 f   ImageScannerImpl.obj
 0001:0000d65c       ?StopSession@COPOSImageScanner@@UEAAJPEAJ@Z 000000018000e65c f   ImageScannerImpl.obj
 0001:0000d684       ?UpdateFirmware@COPOSImageScanner@@UEAAJPEA_WPEAJ@Z 000000018000e684 f   ImageScannerImpl.obj
 0001:0000d70c       ?UpdateStatistics@COPOSImageScanner@@UEAAJPEA_WPEAJ@Z 000000018000e70c f   ImageScannerImpl.obj
 0001:0000d794       ?get_AimMode@COPOSImageScanner@@UEAAJPEAF@Z 000000018000e794 f   ImageScannerImpl.obj
 0001:0000d7c8       ?get_AutoDisable@COPOSImageScanner@@UEAAJPEAF@Z 000000018000e7c8 f   ImageScannerImpl.obj
 0001:0000d7fc       ?get_BinaryConversion@COPOSImageScanner@@UEAAJPEAJ@Z 000000018000e7fc f   ImageScannerImpl.obj
 0001:0000d810       ?get_BitsPerPixel@COPOSImageScanner@@UEAAJPEAJ@Z 000000018000e810 f   ImageScannerImpl.obj
 0001:0000d824       ?get_CapAim@COPOSImageScanner@@UEAAJPEAF@Z 000000018000e824 f   ImageScannerImpl.obj
 0001:0000d858       ?get_CapCompareFirmwareVersion@COPOSImageScanner@@UEAAJPEAF@Z 000000018000e858 f   ImageScannerImpl.obj
 0001:0000d88c       ?get_CapDecodeData@COPOSImageScanner@@UEAAJPEAF@Z 000000018000e88c f   ImageScannerImpl.obj
 0001:0000d8c0       ?get_CapHostTriggered@COPOSImageScanner@@UEAAJPEAF@Z 000000018000e8c0 f   ImageScannerImpl.obj
 0001:0000d8f4       ?get_CapIlluminate@COPOSImageScanner@@UEAAJPEAF@Z 000000018000e8f4 f   ImageScannerImpl.obj
 0001:0000d928       ?get_CapImageData@COPOSImageScanner@@UEAAJPEAF@Z 000000018000e928 f   ImageScannerImpl.obj
 0001:0000d95c       ?get_CapImageQuality@COPOSImageScanner@@UEAAJPEAF@Z 000000018000e95c f   ImageScannerImpl.obj
 0001:0000d990       ?get_CapPowerReporting@COPOSImageScanner@@UEAAJPEAJ@Z 000000018000e990 f   ImageScannerImpl.obj
 0001:0000d9a4       ?get_CapStatisticsReporting@COPOSImageScanner@@UEAAJPEAF@Z 000000018000e9a4 f   ImageScannerImpl.obj
 0001:0000d9d8       ?get_CapUpdateFirmware@COPOSImageScanner@@UEAAJPEAF@Z 000000018000e9d8 f   ImageScannerImpl.obj
 0001:0000da0c       ?get_CapUpdateStatistics@COPOSImageScanner@@UEAAJPEAF@Z 000000018000ea0c f   ImageScannerImpl.obj
 0001:0000da40       ?get_CapVideoData@COPOSImageScanner@@UEAAJPEAF@Z 000000018000ea40 f   ImageScannerImpl.obj
 0001:0000da74       ?get_CheckHealthText@COPOSImageScanner@@UEAAJPEAPEA_W@Z 000000018000ea74 f   ImageScannerImpl.obj
 0001:0000da88       ?get_Claimed@COPOSImageScanner@@UEAAJPEAF@Z 000000018000ea88 f   ImageScannerImpl.obj
 0001:0000dabc       ?get_ControlObjectDescription@COPOSImageScanner@@UEAAJPEAPEA_W@Z 000000018000eabc f   ImageScannerImpl.obj
 0001:0000db20       ?get_ControlObjectVersion@COPOSImageScanner@@UEAAJPEAJ@Z 000000018000eb20 f   ImageScannerImpl.obj
 0001:0000db2c       ?get_DataCount@COPOSImageScanner@@UEAAJPEAJ@Z 000000018000eb2c f   ImageScannerImpl.obj
 0001:0000db40       ?get_DataEventEnabled@COPOSImageScanner@@UEAAJPEAF@Z 000000018000eb40 f   ImageScannerImpl.obj
 0001:0000db74       ?get_DeviceDescription@COPOSImageScanner@@UEAAJPEAPEA_W@Z 000000018000eb74 f   ImageScannerImpl.obj
 0001:0000db88       ?get_DeviceEnabled@COPOSImageScanner@@UEAAJPEAF@Z 000000018000eb88 f   ImageScannerImpl.obj
 0001:0000dbbc       ?get_DeviceName@COPOSImageScanner@@UEAAJPEAPEA_W@Z 000000018000ebbc f   ImageScannerImpl.obj
 0001:0000dbd0       ?get_FrameData@COPOSImageScanner@@UEAAJPEAPEA_W@Z 000000018000ebd0 f   ImageScannerImpl.obj
 0001:0000dbe4       ?get_FrameType@COPOSImageScanner@@UEAAJPEAJ@Z 000000018000ebe4 f   ImageScannerImpl.obj
 0001:0000dbf8       ?get_FreezeEvents@COPOSImageScanner@@UEAAJPEAF@Z 000000018000ebf8 f   ImageScannerImpl.obj
 0001:0000dc28       ?get_IlluminateMode@COPOSImageScanner@@UEAAJPEAF@Z 000000018000ec28 f   ImageScannerImpl.obj
 0001:0000dc5c       ?get_ImageHeight@COPOSImageScanner@@UEAAJPEAJ@Z 000000018000ec5c f   ImageScannerImpl.obj
 0001:0000dc70       ?get_ImageLength@COPOSImageScanner@@UEAAJPEAJ@Z 000000018000ec70 f   ImageScannerImpl.obj
 0001:0000dc84       ?get_ImageMode@COPOSImageScanner@@UEAAJPEAJ@Z 000000018000ec84 f   ImageScannerImpl.obj
 0001:0000dc98       ?get_ImageQuality@COPOSImageScanner@@UEAAJPEAJ@Z 000000018000ec98 f   ImageScannerImpl.obj
 0001:0000dcac       ?get_ImageType@COPOSImageScanner@@UEAAJPEAJ@Z 000000018000ecac f   ImageScannerImpl.obj
 0001:0000dcc0       ?get_ImageWidth@COPOSImageScanner@@UEAAJPEAJ@Z 000000018000ecc0 f   ImageScannerImpl.obj
 0001:0000dcd4       ?get_OpenResult@COPOSImageScanner@@UEAAJPEAJ@Z 000000018000ecd4 f   ImageScannerImpl.obj
 0001:0000dce0       ?get_PowerNotify@COPOSImageScanner@@UEAAJPEAJ@Z 000000018000ece0 f   ImageScannerImpl.obj
 0001:0000dcf4       ?get_PowerState@COPOSImageScanner@@UEAAJPEAJ@Z 000000018000ecf4 f   ImageScannerImpl.obj
 0001:0000dd08       ?get_ResultCode@COPOSImageScanner@@UEAAJPEAJ@Z 000000018000ed08 f   ImageScannerImpl.obj
 0001:0000dd44       ?get_ResultCodeExtended@COPOSImageScanner@@UEAAJPEAJ@Z 000000018000ed44 f   ImageScannerImpl.obj
 0001:0000dd58       ?get_ServiceObjectDescription@COPOSImageScanner@@UEAAJPEAPEA_W@Z 000000018000ed58 f   ImageScannerImpl.obj
 0001:0000dd6c       ?get_ServiceObjectVersion@COPOSImageScanner@@UEAAJPEAJ@Z 000000018000ed6c f   ImageScannerImpl.obj
 0001:0000dd80       ?get_State@COPOSImageScanner@@UEAAJPEAJ@Z 000000018000ed80 f   ImageScannerImpl.obj
 0001:0000ddac       ?get_VideoCount@COPOSImageScanner@@UEAAJPEAJ@Z 000000018000edac f   ImageScannerImpl.obj
 0001:0000ddc0       ?get_VideoRate@COPOSImageScanner@@UEAAJPEAJ@Z 000000018000edc0 f   ImageScannerImpl.obj
 0001:0000ddd4       ?put_AimMode@COPOSImageScanner@@UEAAJF@Z 000000018000edd4 f   ImageScannerImpl.obj
 0001:0000ddf0       ?put_AutoDisable@COPOSImageScanner@@UEAAJF@Z 000000018000edf0 f   ImageScannerImpl.obj
 0001:0000de08       ?put_BinaryConversion@COPOSImageScanner@@UEAAJJ@Z 000000018000ee08 f   ImageScannerImpl.obj
 0001:0000de1c       ?put_DataEventEnabled@COPOSImageScanner@@UEAAJF@Z 000000018000ee1c f   ImageScannerImpl.obj
 0001:0000de34       ?put_DeviceEnabled@COPOSImageScanner@@UEAAJF@Z 000000018000ee34 f   ImageScannerImpl.obj
 0001:0000de4c       ?put_FreezeEvents@COPOSImageScanner@@UEAAJF@Z 000000018000ee4c f   ImageScannerImpl.obj
 0001:0000de9c       ?put_IlluminateMode@COPOSImageScanner@@UEAAJF@Z 000000018000ee9c f   ImageScannerImpl.obj
 0001:0000deb8       ?put_ImageMode@COPOSImageScanner@@UEAAJJ@Z 000000018000eeb8 f   ImageScannerImpl.obj
 0001:0000decc       ?put_ImageQuality@COPOSImageScanner@@UEAAJJ@Z 000000018000eecc f   ImageScannerImpl.obj
 0001:0000dee0       ?put_PowerNotify@COPOSImageScanner@@UEAAJJ@Z 000000018000eee0 f   ImageScannerImpl.obj
 0001:0000def4       ?put_VideoCount@COPOSImageScanner@@UEAAJJ@Z 000000018000eef4 f   ImageScannerImpl.obj
 0001:0000df08       ?put_VideoRate@COPOSImageScanner@@UEAAJJ@Z 000000018000ef08 f   ImageScannerImpl.obj
 0001:0000df1c       ?s_EventWindowProc@COPOSImageScanner@@KA_JPEAUHWND__@@I_K_J@Z 000000018000ef1c f i ImageScannerImpl.obj
 0001:0000df98       ??_U@YAPEAX_K@Z            000000018000ef98 f   LIBCMT:new_array.obj
 0001:0000dfa0       ??3@YAXPEAX_K@Z            000000018000efa0 f   LIBCMT:delete_scalar_size.obj
 0001:0000dfa0       ??_V@YAXPEAX@Z             000000018000efa0 f   LIBCMT:delete_array.obj
 0001:0000dfa8       ??_V@YAXPEAX_K@Z           000000018000efa8 f   LIBCMT:delete_array_size.obj
 0001:0000dfb0       __scrt_acquire_startup_lock 000000018000efb0 f   LIBCMT:utility.obj
 0001:0000dfec       __scrt_dllmain_after_initialize_c 000000018000efec f   LIBCMT:utility.obj
 0001:0000e020       __scrt_dllmain_before_initialize_c 000000018000f020 f   LIBCMT:utility.obj
 0001:0000e038       __scrt_dllmain_crt_thread_attach 000000018000f038 f   LIBCMT:utility.obj
 0001:0000e060       __scrt_dllmain_crt_thread_detach 000000018000f060 f   LIBCMT:utility.obj
 0001:0000e078       __scrt_dllmain_exception_filter 000000018000f078 f   LIBCMT:utility.obj
 0001:0000e0d8       __scrt_dllmain_uninitialize_c 000000018000f0d8 f   LIBCMT:utility.obj
 0001:0000e108       __scrt_dllmain_uninitialize_critical 000000018000f108 f   LIBCMT:utility.obj
 0001:0000e11c       __scrt_initialize_crt      000000018000f11c f   LIBCMT:utility.obj
 0001:0000e168       __scrt_initialize_onexit_tables 000000018000f168 f   LIBCMT:utility.obj
 0001:0000e240       __scrt_is_nonwritable_in_current_image 000000018000f240 f   LIBCMT:utility.obj
 0001:0000e2dc       __scrt_release_startup_lock 000000018000f2dc f   LIBCMT:utility.obj
 0001:0000e300       __scrt_uninitialize_crt    000000018000f300 f   LIBCMT:utility.obj
 0001:0000e32c       _onexit                    000000018000f32c f   LIBCMT:utility.obj
 0001:0000e37c       atexit                     000000018000f37c f   LIBCMT:utility.obj
 0001:0000e394       ??3@YAXPEAX@Z              000000018000f394 f   LIBCMT:delete_scalar.obj
 0001:0000e524       _Init_thread_footer        000000018000f524 f   LIBCMT:thread_safe_statics.obj
 0001:0000e584       _Init_thread_header        000000018000f584 f   LIBCMT:thread_safe_statics.obj
 0001:0000e5ec       _Init_thread_notify        000000018000f5ec f   LIBCMT:thread_safe_statics.obj
 0001:0000e63c       _Init_thread_wait          000000018000f63c f   LIBCMT:thread_safe_statics.obj
 0001:0000e6b4       __raise_securityfailure    000000018000f6b4 f   LIBCMT:gs_report.obj
 0001:0000e6e8       __report_gsfailure         000000018000f6e8 f   LIBCMT:gs_report.obj
 0001:0000e7bc       __report_rangecheckfailure 000000018000f7bc f   LIBCMT:gs_report.obj
 0001:0000e7d0       __report_securityfailure   000000018000f7d0 f   LIBCMT:gs_report.obj
 0001:0000e950       ??2@YAPEAX_KAEBUnothrow_t@std@@@Z 000000018000f950 f   LIBCMT:new_scalar_nothrow.obj
 0001:0000e970       ??_U@YAPEAX_KAEBUnothrow_t@std@@@Z 000000018000f970 f   LIBCMT:new_array_nothrow.obj
 0001:0000e978       __GSHandlerCheck           000000018000f978 f   LIBCMT:gshandler.obj
 0001:0000e998       __GSHandlerCheckCommon     000000018000f998 f   LIBCMT:gshandler.obj
 0001:0000e9f4       __GSHandlerCheck_SEH       000000018000f9f4 f   LIBCMT:gshandlerseh.obj
 0001:0000ea90       __chkstk                   000000018000fa90 f   LIBCMT:chkstk.obj
 0001:0000ea90       _alloca_probe              000000018000fa90 f   LIBCMT:chkstk.obj
 0001:0000eb00       __security_check_cookie    000000018000fb00 f   LIBCMT:amdsecgs.obj
 0001:0000ee54       _DllMainCRTStartup         000000018000fe54 f   LIBCMT:dll_dllmain.obj
 0001:0000ee94       ??2@YAPEAX_K@Z             000000018000fe94 f   LIBCMT:new_scalar.obj
 0001:0000eed0       __isa_available_init       000000018000fed0 f   LIBCMT:cpu_disp.obj
 0001:0000f08c       __scrt_is_ucrt_dll_in_use  000000018001008c f   LIBCMT:ucrt_detection.obj
 0001:0000f098       __crt_debugger_hook        0000000180010098 f   LIBCMT:utility_desktop.obj
 0001:0000f0a0       __scrt_fastfail            00000001800100a0 f   LIBCMT:utility_desktop.obj
 0001:0000f1ec       __security_init_cookie     00000001800101ec f   LIBCMT:gs_support.obj
 0001:0000f298       ?__scrt_initialize_type_info@@YAXXZ 0000000180010298 f   LIBCMT:tncleanup.obj
 0001:0000f2a8       ?__scrt_uninitialize_type_info@@YAXXZ 00000001800102a8 f   LIBCMT:tncleanup.obj
 0001:0000f2b4       __local_stdio_scanf_options 00000001800102b4 f i LIBCMT:default_local_stdio_options.obj
 0001:0000f2bc       __scrt_initialize_default_local_stdio_options 00000001800102bc f   LIBCMT:default_local_stdio_options.obj
 0001:0000f2d8       __scrt_get_dyn_tls_init_callback 00000001800102d8 f   LIBCMT:dyn_tls_init.obj
 0001:0000f2e0       _RTC_Initialize            00000001800102e0 f   LIBCMT:initsect.obj
 0001:0000f31c       _RTC_Terminate             000000018001031c f   LIBCMT:initsect.obj
 0001:0000f358       ??0bad_alloc@std@@QEAA@AEBV01@@Z 0000000180010358 f i LIBCMT:throw_bad_alloc.obj
 0001:0000f398       ??0bad_alloc@std@@QEAA@XZ  0000000180010398 f i LIBCMT:throw_bad_alloc.obj
 0001:0000f3b8       ??0bad_array_new_length@std@@QEAA@AEBV01@@Z 00000001800103b8 f i LIBCMT:throw_bad_alloc.obj
 0001:0000f3f8       ??0bad_array_new_length@std@@QEAA@XZ 00000001800103f8 f i LIBCMT:throw_bad_alloc.obj
 0001:0000f418       ??0exception@std@@QEAA@AEBV01@@Z 0000000180010418 f i LIBCMT:throw_bad_alloc.obj
 0001:0000f450       ??1bad_alloc@std@@UEAA@XZ  0000000180010450 f i LIBCMT:throw_bad_alloc.obj
 0001:0000f450       ??1bad_array_new_length@std@@UEAA@XZ 0000000180010450 f i LIBCMT:throw_bad_alloc.obj
 0001:0000f450       ??1bad_exception@std@@UEAA@XZ 0000000180010450 f i libvcruntime:frame.obj
 0001:0000f464       ??_Ebad_array_new_length@std@@UEAAPEAXI@Z 0000000180010464 f i LIBCMT:throw_bad_alloc.obj
 0001:0000f464       ??_Gbad_array_new_length@std@@UEAAPEAXI@Z 0000000180010464 f i LIBCMT:throw_bad_alloc.obj
 0001:0000f464       ??_Ebad_exception@std@@UEAAPEAXI@Z 0000000180010464 f i libvcruntime:frame.obj
 0001:0000f464       ??_Gbad_exception@std@@UEAAPEAXI@Z 0000000180010464 f i libvcruntime:frame.obj
 0001:0000f464       ??_Ebad_alloc@std@@UEAAPEAXI@Z 0000000180010464 f i LIBCMT:throw_bad_alloc.obj
 0001:0000f464       ??_Gexception@std@@UEAAPEAXI@Z 0000000180010464 f i LIBCMT:throw_bad_alloc.obj
 0001:0000f464       ??_Eexception@std@@UEAAPEAXI@Z 0000000180010464 f i LIBCMT:throw_bad_alloc.obj
[...]
 0004:00001710       $pdata$??$?RV<lambda_fb3a7dec4e47f37f22dae91bb15c9095>@@AEAV<lambda_698284760c8add0bfb0756c19673e34b>@@V<lambda_dfb8eca1e75fef3034a8fb18dd509707>@@@?$__crt_seh_guarded_call@X@@QEAAX$$QEAV<lambda_fb3a7dec4e47f37f22dae91bb15c9095>@@AEAV<lambda_698284760c8add0bfb0756c19673e34b>@@$$QEAV<lambda_dfb8eca1e75fef3034a8fb18dd509707>@@@Z 0000000180033710     libucrt:per_thread_data.obj
 0004:0000171c       $pdata$_calloc_base        000000018003371c     libucrt:calloc_base.obj
 0004:00001728       $pdata$_malloc_base        0000000180033728     libucrt:malloc_base.obj
 0004:00001734       $pdata$_msize              0000000180033734     libucrt:msize.obj
 0004:00001740       $pdata$_realloc_base       0000000180033740     libucrt:realloc_base.obj
 0004:0000174c       $pdata$__acrt_FlsAlloc     000000018003374c     libucrt:winapi_thunks.obj
 0004:00001758       $pdata$__acrt_FlsFree      0000000180033758     libucrt:winapi_thunks.obj
 0004:00001764       $pdata$__acrt_FlsGetValue  0000000180033764     libucrt:winapi_thunks.obj
 0004:00001770       $pdata$__acrt_FlsSetValue  0000000180033770     libucrt:winapi_thunks.obj
 0004:0000177c       $pdata$__acrt_initialize_winapi_thunks 000000018003377c     libucrt:winapi_thunks.obj
 0004:00001788       $pdata$__acrt_uninitialize_winapi_thunks 0000000180033788     libucrt:winapi_thunks.obj
 0004:00001794       $pdata$__acrt_InitializeCriticalSectionEx 0000000180033794     libucrt:winapi_thunks.obj
 0004:000017a0       $pdata$__acrt_LCMapStringEx 00000001800337a0     libucrt:winapi_thunks.obj
 0004:000017ac       $pdata$__acrt_LocaleNameToLCID 00000001800337ac     libucrt:winapi_thunks.obj
 0004:000017b8       $pdata$__acrt_SetThreadStackGuarantee 00000001800337b8     libucrt:winapi_thunks.obj
 0004:000017c4       $pdata$__acrt_is_packaged_app 00000001800337c4     libucrt:winapi_thunks.obj
 0004:000017d0       $pdata$?try_get_function@@YAPEAXW4function_id@?A0x63058377@@QEBDQEBW4module_id@2@2@Z 00000001800337d0     libucrt:winapi_thunks.obj
 0004:000017dc       $pdata$isdigit             00000001800337dc     libucrt:_ctype.obj
 0004:000017e8       $pdata$tolower             00000001800337e8     libucrt:tolower_toupper.obj
 0004:000017f4       $pdata$_tolower_l          00000001800337f4     libucrt:tolower_toupper.obj
 0004:00001800       $pdata$?internal_isupper_l@@YA_NHQEAU__crt_locale_pointers@@@Z 0000000180033800     libucrt:tolower_toupper.obj
 0004:0000180c       $pdata$wcstol              000000018003380c     libucrt:strtox.obj
 0004:00001818       $pdata$_mbtowc_l           0000000180033818     libucrt:mbtowc.obj
 0004:00001824       $pdata$wcsnlen             0000000180033824     libucrt:strnlen.obj
 0004:00001830       $pdata$__acrt_update_locale_info 0000000180033830     libucrt:locale_update.obj
 0004:0000183c       $pdata$__acrt_update_multibyte_info 000000018003383c     libucrt:locale_update.obj
 0004:00001848       $pdata$__acrt_fp_format    0000000180033848     libucrt:cvt.obj
 0004:00001854       $pdata$?fp_format_nan_or_infinity@@YAHW4__acrt_fp_class@@_NPEAD_K1@Z 0000000180033854     libucrt:cvt.obj
 0004:00001860       $pdata$?fp_format_e_internal@@YAHQEAD_KH_NIQEAU_strflt@@2QEAU__crt_locale_pointers@@@Z 0000000180033860     libucrt:cvt.obj
 0004:0000186c       $pdata$?fp_format_e@@YAHQEBNQEAD_K12H_NIQEAU__crt_locale_pointers@@@Z 000000018003386c     libucrt:cvt.obj
 0004:00001878       $pdata$?fp_format_a@@YAHQEBNPEAD_KQEAD2H_NIQEAU__crt_locale_pointers@@@Z 0000000180033878     libucrt:cvt.obj
 0004:00001884       $pdata$?fp_format_f_internal@@YAHQEAD_KHQEAU_strflt@@_NQEAU__crt_locale_pointers@@@Z 0000000180033884     libucrt:cvt.obj
 0004:00001890       $pdata$?fp_format_g@@YAHQEBNQEAD_K12H_NIQEAU__crt_locale_pointers@@@Z 0000000180033890     libucrt:cvt.obj
 0004:0000189c       $pdata$_fileno             000000018003389c     libucrt:fileno.obj
 0004:000018a8       $pdata$__acrt_initialize_stdio 00000001800338a8     libucrt:_file.obj
 0004:000018b4       $pdata$__acrt_uninitialize_stdio 00000001800338b4     libucrt:_file.obj
 0004:000018c0       $pdata$__acrt_uninitialize_locale 00000001800338c0     libucrt:wsetlocale.obj
 0004:000018cc       $pdata$__acrt_update_thread_locale_data$fin$0 00000001800338cc     libucrt:locale_refcounting.obj
 0004:000018cc       $pdata$__acrt_uninitialize_locale$fin$0 00000001800338cc     libucrt:wsetlocale.obj
 0004:000018d8       $pdata$__acrt_initialize_lowio 00000001800338d8     libucrt:ioinit.obj
 0004:000018e4       $pdata$__acrt_initialize_lowio$fin$0 00000001800338e4     libucrt:ioinit.obj
 0004:000018e4       $pdata$__acrt_lowio_ensure_fh_exists$fin$0 00000001800338e4     libucrt:osfinfo.obj
 0004:000018f0       $pdata$__acrt_uninitialize_lowio 00000001800338f0     libucrt:ioinit.obj
 0004:000018fc       $pdata$?initialize_inherited_file_handles_nolock@@YAXXZ 00000001800338fc     libucrt:ioinit.obj
 0004:00001908       $pdata$?initialize_stdio_handles_nolock@@YAXXZ 0000000180033908     libucrt:ioinit.obj
 0004:00001914       $pdata$__acrt_initialize_locks 0000000180033914     libucrt:locks.obj
 0004:00001920       $pdata$__acrt_uninitialize_locks 0000000180033920     libucrt:locks.obj
 0004:0000192c       $pdata$??$common_expand_argv_wildcards@D@@YAHQEAPEADQEAPEAPEAD@Z 000000018003392c     libucrt:argv_wildcards.obj
 0004:00001938       $pdata$?expand_if_necessary@?$argument_list@D@?A0xca0879c4@@AEAAHXZ 0000000180033938     libucrt:argv_wildcards.obj
 0004:00001944       $pdata$??$copy_and_add_argument_to_buffer@D@@YAHQEBD0_KAEAV?$argument_list@D@?A0xca0879c4@@@Z 0000000180033944     libucrt:argv_wildcards.obj
 0004:00001950       $pdata$??$expand_argument_wildcards@D@@YAHQEAD0AEAV?$argument_list@D@?A0xca0879c4@@@Z 0000000180033950     libucrt:argv_wildcards.obj
 0004:0000195c       $pdata$__acrt_update_thread_multibyte_data 000000018003395c     libucrt:mbctype.obj
 0004:00001968       $pdata$__acrt_update_thread_multibyte_data$fin$0 0000000180033968     libucrt:mbctype.obj
 0004:00001974       $pdata$__acrt_initialize_multibyte 0000000180033974     libucrt:mbctype.obj
 0004:00001980       $pdata$_setmbcp_nolock     0000000180033980     libucrt:mbctype.obj
 0004:0000198c       $pdata$?getSystemCP@@YAHH@Z 000000018003398c     libucrt:mbctype.obj
 0004:00001998       $pdata$?setSBCS@@YAXPEAU__crt_multibyte_data@@@Z 0000000180033998     libucrt:mbctype.obj
 0004:000019a4       $pdata$?setSBUpLow@@YAXPEAU__crt_multibyte_data@@@Z 00000001800339a4     libucrt:mbctype.obj
 0004:000019b0       $pdata$?setmbcp_internal@@YAHH_N@Z 00000001800339b0     libucrt:mbctype.obj
 0004:000019bc       $pdata$??R<lambda_ad1ced32f4ac17aa236e5ef05d6b3b7c>@@QEBAXXZ 00000001800339bc     libucrt:mbctype.obj
 0004:000019c8       $pdata$??$?RV<lambda_99476a1ad63dd22509b5d3e65b0ffc95>@@AEAV<lambda_ad1ced32f4ac17aa236e5ef05d6b3b7c>@@V<lambda_f7424dd8d45958661754dc4f2697e9c3>@@@?$__crt_seh_guarded_call@X@@QEAAX$$QEAV<lambda_99476a1ad63dd22509b5d3e65b0ffc95>@@AEAV<lambda_ad1ced32f4ac17aa236e5ef05d6b3b7c>@@$$QEAV<lambda_f7424dd8d45958661754dc4f2697e9c3>@@@Z 00000001800339c8     libucrt:mbctype.obj
 0004:000019d4       $pdata$?x_ismbbtype_l@@YAHPEAU__crt_locale_pointers@@IHH@Z 00000001800339d4     libucrt:ismbbyte.obj
 0004:000019e0       $pdata$__acrt_initialize_command_line 00000001800339e0     libucrt:argv_data.obj
 0004:000019ec       $pdata$__dcrt_get_narrow_environment_from_os 00000001800339ec     libucrt:get_environment_from_os.obj
 0004:000019f8       $pdata$__acrt_initialize_heap 00000001800339f8     libucrt:heap_handle.obj
 0004:00001a04       $pdata$__acrt_execute_initializers 0000000180033a04     libucrt:shared_initialization.obj
 0004:00001a10       $pdata$__acrt_execute_uninitializers 0000000180033a10     libucrt:shared_initialization.obj
 0004:00001a1c       $pdata$__acrt_get_sigabrt_handler 0000000180033a1c     libucrt:signal.obj
 0004:00001a28       $pdata$raise               0000000180033a28     libucrt:signal.obj
 0004:00001a34       $pdata$raise$fin$0         0000000180033a34     libucrt:signal.obj
 0004:00001a40       $pdata$??$?RV<lambda_c36588078e9f5dfd39652860aa6b3aaf>@@AEAV<lambda_ec61778202f4f5fc7e7711acc23c3bca>@@V<lambda_dc9d2797ccde5d239b4a0efae8ebd7db>@@@?$__crt_seh_guarded_call@P6AXH@Z@@QEAAP6AXH@Z$$QEAV<lambda_c36588078e9f5dfd39652860aa6b3aaf>@@AEAV<lambda_ec61778202f4f5fc7e7711acc23c3bca>@@$$QEAV<lambda_dc9d2797ccde5d239b4a0efae8ebd7db>@@@Z 0000000180033a40     libucrt:signal.obj
 0004:00001a4c       $pdata$__acrt_invoke_user_matherr 0000000180033a4c     libucrt:matherr.obj
 0004:00001a58       $pdata$__pctype_func       0000000180033a58     libucrt:ctype.obj
 0004:00001a64       $pdata$iswctype            0000000180033a64     libucrt:iswctype.obj
 0004:00001a70       $pdata$_isctype_l          0000000180033a70     libucrt:isctype.obj
 0004:00001a7c       $pdata$__acrt_release_locale_ref 0000000180033a7c     libucrt:locale_refcounting.obj
 0004:00001a88       $pdata$__acrt_free_locale  0000000180033a88     libucrt:locale_refcounting.obj
 0004:00001a94       $pdata$__acrt_locale_free_lc_time_if_unreferenced 0000000180033a94     libucrt:locale_refcounting.obj
 0004:00001aa0       $pdata$__acrt_update_thread_locale_data 0000000180033aa0     libucrt:locale_refcounting.obj
 0004:00001aac       $pdata$_updatetlocinfoEx_nolock 0000000180033aac     libucrt:locale_refcounting.obj
 0004:00001ab8       $pdata$__acrt_DownlevelLocaleNameToLCID 0000000180033ab8     libucrt:lcidtoname_downlevel.obj
 0004:00001ac4       $pdata$?GetTableIndexFromLocaleName@@YAHPEB_W@Z 0000000180033ac4     libucrt:lcidtoname_downlevel.obj
 0004:00001ad0       $pdata$_isleadbyte_l       0000000180033ad0     libucrt:_wctype.obj
 0004:00001adc       $pdata$__acrt_LCMapStringA 0000000180033adc     libucrt:lcmapstringa.obj
 0004:00001ae8       $pdata$?__acrt_LCMapStringA_stat@@YAHPEAU__crt_locale_pointers@@PEB_WKPEBDHPEADHHH@Z 0000000180033ae8     libucrt:lcmapstringa.obj
 0004:00001af4       $pdata$__acrt_fp_strflt_to_string 0000000180033af4     libucrt:_fptostr.obj
 0004:00001b00       $pdata$memcpy_s            0000000180033b00     libucrt:cfout.obj
 0004:00001b0c       $pdata$__acrt_fltout       0000000180033b0c     libucrt:cfout.obj
 0004:00001b18       $pdata$?divide@__crt_strtox@@YA_KAEAUbig_integer@1@AEBU21@@Z 0000000180033b18     libucrt:cfout.obj
 0004:00001b24       $pdata$5$?divide@__crt_strtox@@YA_KAEAUbig_integer@1@AEBU21@@Z 0000000180033b24     libucrt:cfout.obj
 0004:00001b30       $pdata$6$?divide@__crt_strtox@@YA_KAEAUbig_integer@1@AEBU21@@Z 0000000180033b30     libucrt:cfout.obj
 0004:00001b3c       $pdata$_fcloseall          0000000180033b3c     libucrt:closeall.obj
 0004:00001b48       $pdata$_fcloseall$fin$0    0000000180033b48     libucrt:closeall.obj
 0004:00001b54       $pdata$_fflush_nolock      0000000180033b54     libucrt:fflush.obj
 0004:00001b60       $pdata$__acrt_stdio_flush_nolock 0000000180033b60     libucrt:fflush.obj
 0004:00001b6c       $pdata$common_flush_all    0000000180033b6c     libucrt:fflush.obj
 0004:00001b78       $pdata$common_flush_all$fin$0 0000000180033b78     libucrt:fflush.obj
 0004:00001b84       $pdata$common_flush_all$fin$1 0000000180033b84     libucrt:fflush.obj
 0004:00001b90       $pdata$__acrt_stdio_free_buffer_nolock 0000000180033b90     libucrt:_freebuf.obj
 0004:00001b9c       $pdata$_isatty             0000000180033b9c     libucrt:isatty.obj
 0004:00001ba8       $pdata$__acrt_locale_free_monetary 0000000180033ba8     libucrt:initmon.obj
 0004:00001bb4       $pdata$__acrt_locale_free_numeric 0000000180033bb4     libucrt:initnum.obj
 0004:00001bc0       $pdata$__acrt_locale_free_time 0000000180033bc0     libucrt:inittime.obj
 0004:00001bcc       $pdata$?free_crt_array_internal@@YAXQEAPEBX_K@Z 0000000180033bcc     libucrt:inittime.obj
 0004:00001bd8       $pdata$__acrt_GetStringTypeA 0000000180033bd8     libucrt:getstringtypea.obj
 0004:00001be4       $pdata$_get_osfhandle      0000000180033be4     libucrt:osfinfo.obj
 0004:00001bf0       $pdata$_free_osfhnd        0000000180033bf0     libucrt:osfinfo.obj
 0004:00001bfc       $pdata$__acrt_lowio_create_handle_array 0000000180033bfc     libucrt:osfinfo.obj
 0004:00001c08       $pdata$__acrt_lowio_destroy_handle_array 0000000180033c08     libucrt:osfinfo.obj
 0004:00001c14       $pdata$__acrt_lowio_ensure_fh_exists 0000000180033c14     libucrt:osfinfo.obj
 0004:00001c20       $pdata$qsort               0000000180033c20     libucrt:qsort.obj
 0004:00001c2c       $pdata$4$qsort             0000000180033c2c     libucrt:qsort.obj
 0004:00001c38       $pdata$5$qsort             0000000180033c38     libucrt:qsort.obj
 0004:00001c44       $pdata$?shortsort@@YAXPEAD0_KP6AHPEBX2@Z@Z 0000000180033c44     libucrt:qsort.obj
 0004:00001c50       $pdata$2$?shortsort@@YAXPEAD0_KP6AHPEBX2@Z@Z 0000000180033c50     libucrt:qsort.obj
 0004:00001c5c       $pdata$3$?shortsort@@YAXPEAD0_KP6AHPEBX2@Z@Z 0000000180033c5c     libucrt:qsort.obj
 0004:00001c68       $pdata$strncpy_s           0000000180033c68     libucrt:strncpy_s.obj
 0004:00001c74       $pdata$strpbrk             0000000180033c74     libucrt:strpbrk.obj
 0004:00001c80       $pdata$_mbsdec_l           0000000180033c80     libucrt:mbsdec.obj
 0004:00001c8c       $pdata$?initialize_multibyte@@YAHXZ 0000000180033c8c     libucrt:multibyte_initializer.obj
 0004:00001c98       $pdata$fegetenv            0000000180033c98     libucrt:fegetenv.obj
 0004:00001ca4       $pdata$fesetenv            0000000180033ca4     libucrt:fesetenv.obj
 0004:00001cb0       $pdata$feholdexcept        0000000180033cb0     libucrt:feholdexcept.obj
 0004:00001cc8       $pdata$_write              0000000180033cc8     libucrt:write.obj
 0004:00001cd4       $pdata$_write$fin$0        0000000180033cd4     libucrt:write.obj
 0004:00001ce0       $pdata$_write_nolock       0000000180033ce0     libucrt:write.obj
 0004:00001cec       $pdata$?write_double_translated_ansi_nolock@@YA?AUwrite_result@?A0x9c548279@@HQEBDI@Z 0000000180033cec     libucrt:write.obj
 0004:00001cf8       $pdata$?write_text_ansi_nolock@@YA?AUwrite_result@?A0x9c548279@@HQEBDI@Z 0000000180033cf8     libucrt:write.obj
 0004:00001d04       $pdata$?write_text_utf16le_nolock@@YA?AUwrite_result@?A0x9c548279@@HQEBDI@Z 0000000180033d04     libucrt:write.obj
 0004:00001d10       $pdata$?write_text_utf8_nolock@@YA?AUwrite_result@?A0x9c548279@@HQEBDI@Z 0000000180033d10     libucrt:write.obj
 0004:00001d1c       $pdata$??$common_lseek_nolock@_J@@YA_JH_JH@Z 0000000180033d1c     libucrt:lseek.obj
 0004:00001d28       $pdata$fclose              0000000180033d28     libucrt:fclose.obj
 0004:00001d34       $pdata$fclose$fin$0        0000000180033d34     libucrt:fclose.obj
 0004:00001d40       $pdata$_fclose_nolock      0000000180033d40     libucrt:fclose.obj
 0004:00001d4c       $pdata$_commit             0000000180033d4c     libucrt:commit.obj
 0004:00001d58       $pdata$??$?RV<lambda_b521505b218e5242e90febf6bfebc422>@@AEAV<lambda_6978c1fb23f02e42e1d9e99668cc68aa>@@V<lambda_314360699dd331753a4119843814e9a7>@@@?$__crt_seh_guarded_call@H@@QEAAH$$QEAV<lambda_b521505b218e5242e90febf6bfebc422>@@AEAV<lambda_6978c1fb23f02e42e1d9e99668cc68aa>@@$$QEAV<lambda_314360699dd331753a4119843814e9a7>@@@Z 0000000180033d58     libucrt:commit.obj
 0004:00001d64       $pdata$?fin$0@?0???$?RV<lambda_b521505b218e5242e90febf6bfebc422>@@AEAV<lambda_6978c1fb23f02e42e1d9e99668cc68aa>@@V<lambda_314360699dd331753a4119843814e9a7>@@@?$__crt_seh_guarded_call@H@@QEAAH$$QEAV<lambda_b521505b218e5242e90febf6bfebc422>@@AEAV<lambda_6978c1fb23f02e42e1d9e99668cc68aa>@@$$QEAV<lambda_314360699dd331753a4119843814e9a7>@@@Z@4HA 0000000180033d64     libucrt:commit.obj
 0004:00001d64       $pdata$?fin$0@?0???$?RV<lambda_bfedae4ebbf01fab1bb6dcc6a9e276e0>@@AEAV<lambda_2fe9b910cf3cbf4a0ab98a02ba45b3ec>@@V<lambda_237c231691f317818eb88cc1d5d642d6>@@@?$__crt_seh_guarded_call@H@@QEAAH$$QEAV<lambda_bfedae4ebbf01fab1bb6dcc6a9e276e0>@@AEAV<lambda_2fe9b910cf3cbf4a0ab98a02ba45b3ec>@@$$QEAV<lambda_237c231691f317818eb88cc1d5d642d6>@@@Z@4HA 0000000180033d64     libucrt:close.obj
 0004:00001d70       $pdata$_setfpstatusword    0000000180033d70     libucrt:_fenvutils.obj
 0004:00001d7c       $pdata$_getfpcontrolword   0000000180033d7c     libucrt:_fenvutils.obj
 0004:00001d88       $pdata$_getfpstatusword    0000000180033d88     libucrt:_fenvutils.obj
 0004:00001d94       $pdata$_clearfp            0000000180033d94     libucrt:ieee.obj
 0004:00001da0       $pdata$common_control87    0000000180033da0     libucrt:ieee.obj
 0004:00001dac       $pdata$common_control87$filt$0 0000000180033dac     libucrt:ieee.obj
 0004:00001dac       $pdata$_ctrlfp$filt$0      0000000180033dac     libucrt:fpctrl.obj
 0004:00001db8       $pdata$_call_matherr       0000000180033db8     libucrt:libm_error.obj
 0004:00001dc4       $pdata$_exception_enabled  0000000180033dc4     libucrt:libm_error.obj
 0004:00001dd0       $pdata$_handle_error       0000000180033dd0     libucrt:libm_error.obj
 0004:00001ddc       $pdata$__acrt_initialize_fma3 0000000180033ddc     libucrt:fma3_available.obj
 0004:00001de8       $pdata$_log_special_common 0000000180033de8     libucrt:log_special.obj
 0004:00001df4       $pdata$_log10_special      0000000180033df4     libucrt:log_special.obj
 0004:00001e00       $pdata$_putwch_nolock      0000000180033e00     libucrt:putwch.obj
 0004:00001e0c       $pdata$_close              0000000180033e0c     libucrt:close.obj
 0004:00001e18       $pdata$_close_nolock       0000000180033e18     libucrt:close.obj
 0004:00001e24       $pdata$??$?RV<lambda_bfedae4ebbf01fab1bb6dcc6a9e276e0>@@AEAV<lambda_2fe9b910cf3cbf4a0ab98a02ba45b3ec>@@V<lambda_237c231691f317818eb88cc1d5d642d6>@@@?$__crt_seh_guarded_call@H@@QEAAH$$QEAV<lambda_bfedae4ebbf01fab1bb6dcc6a9e276e0>@@AEAV<lambda_2fe9b910cf3cbf4a0ab98a02ba45b3ec>@@$$QEAV<lambda_237c231691f317818eb88cc1d5d642d6>@@@Z 0000000180033e24     libucrt:close.obj
 0004:00001e3c       $pdata$_set_errno_from_matherr 0000000180033e3c     libucrt:fpexcept.obj
 0004:00001e48       $pdata$_raise_exc          0000000180033e48     libucrt:fpexcept.obj
 0004:00001e54       $pdata$_raise_exc_ex       0000000180033e54     libucrt:fpexcept.obj
 0004:00001e60       $pdata$_clrfp              0000000180033e60     libucrt:fpctrl.obj
 0004:00001e6c       $pdata$_ctrlfp             0000000180033e6c     libucrt:fpctrl.obj
 0004:00001e78       $pdata$_statfp             0000000180033e78     libucrt:fpctrl.obj
 0004:00001e84       $pdata$_set_statfp         0000000180033e84     libucrt:fpctrl.obj
 0004:00001e90       $pdata$__dcrt_lowio_initialize_console_output 0000000180033e90     libucrt:initcon.obj
 0004:00001e9c       $pdata$__dcrt_terminate_console_output 0000000180033e9c     libucrt:initcon.obj
 0004:00001ea8       $pdata$_IsNonwritableInCurrentImage 0000000180033ea8     LIBCMT:pesect.obj
 0004:00001eb4       $pdata$_IsNonwritableInCurrentImage$filt$0 0000000180033eb4     LIBCMT:pesect.obj
 0004:00001ec0       $pdata$strrchr             0000000180033ec0     libvcruntime:strrchr.obj
 0005:00000220       $R000000                   0000000180034220     ImageScanner.res
 0005:00000ba0       $R000980                   0000000180034ba0     ImageScanner.res
 0005:00000c88       $R000A68                   0000000180034c88     ImageScanner.res
 0005:00000ef0       $R000CD0                   0000000180034ef0     ImageScanner.res
 0005:000013d0       $R0011B0                   00000001800353d0     ImageScanner.res
 0005:000043b8       $R004198                   00000001800383b8     ImageScanner.res
 0005:000043f0       $R0041D0                   00000001800383f0     ImageScanner.res
