 OPOSTotals

 Timestamp is 5b863f5b (Wed Aug 29 15:38:19 2018)

 Preferred load address is 0000000180000000

 Start         Length     Name                   Class
 0001:00000000 000000c0H .text$di                CODE
 0001:000000c0 0001fa50H .text$mn                CODE
 0001:0001fb10 00000020H .text$mn$00             CODE
 0001:0001fb30 00000400H .text$x                 CODE
 0001:0001ff30 000000c0H .text$yd                CODE
 0002:00000000 00000618H .idata$5                DATA
 0002:00000618 00000010H .00cfg                  DATA
 0002:00000628 00000008H .CRT$XCA                DATA
 0002:00000630 00000008H .CRT$XCL                DATA
 0002:00000638 00000020H .CRT$XCU                DATA
 0002:00000658 00000008H .CRT$XCZ                DATA
 0002:00000660 00000008H .CRT$XIA                DATA
 0002:00000668 00000020H .CRT$XIC                DATA
 0002:00000688 00000008H .CRT$XIZ                DATA
 0002:00000690 00000008H .CRT$XLA                DATA
 0002:00000698 00000008H .CRT$XLZ                DATA
 0002:000006a0 00000008H .CRT$XPA                DATA
 0002:000006a8 00000010H .CRT$XPX                DATA
 0002:000006b8 00000008H .CRT$XPXA               DATA
 0002:000006c0 00000008H .CRT$XPZ                DATA
 0002:000006c8 00000008H .CRT$XTA                DATA
 0002:000006d0 00000010H .CRT$XTZ                DATA
 0002:000006d8 00000000H .gfids$y                DATA
 0002:000006e0 0000a110H .rdata                  DATA
 0002:0000a7f0 00000028H .rdata$T                DATA
 0002:0000a818 00000274H .rdata$r                DATA
 0002:0000aa8c 000003f4H .rdata$zzzdbg           DATA
 0002:0000ae80 00000008H .rtc$IAA                DATA
 0002:0000ae88 00000008H .rtc$IZZ                DATA
 0002:0000ae90 00000008H .rtc$TAA                DATA
 0002:0000ae98 00000008H .rtc$TZZ                DATA
 0002:0000aea0 00000004H .tls                    DATA
 0002:0000aea4 00000004H .tls$                   DATA
 0002:0000aea8 00000008H .tls$ZZZ                DATA
 0002:0000aeb0 000016e8H .xdata                  DATA
 0002:0000c598 00000150H .xdata$x                DATA
 0002:0000c6e8 00000008H ATL$__a                 DATA
 0002:0000c6f0 00000010H ATL$__z                 DATA
 0002:0000c700 000000a8H .edata                  DATA
 0002:0000c7a8 00000078H .idata$2                DATA
 0002:0000c820 00000018H .idata$3                DATA
 0002:0000c838 00000618H .idata$4                DATA
 0002:0000ce50 00000c1cH .idata$6                DATA
 0003:00000000 00000cc8H .data                   DATA
 0003:00000cc8 000000c8H .data$r                 DATA
 0003:00000d90 000013fcH .bss                    DATA
 0004:00000000 00001f08H .pdata                  DATA
 0005:00000000 00000220H .rsrc$01                DATA
 0005:00000220 00004078H .rsrc$02                DATA

  Address         Publics by Value              Rva+Base               Lib:Object

 0000:00000000       __hybrid_code_map_count    0000000000000000     <absolute>
 0000:00000000       __hybrid_code_map          0000000000000000     <absolute>
 0000:00000000       __guard_longjmp_count      0000000000000000     <absolute>
 0000:00000000       __guard_iat_count          0000000000000000     <absolute>
 0000:00000000       __guard_longjmp_table      0000000000000000     <absolute>
 0000:00000000       __volatile_metadata        0000000000000000     <absolute>
 0000:00000000       __guard_iat_table          0000000000000000     <absolute>
 0000:00000000       __guard_fids_count         0000000000000000     <absolute>
 0000:00000000       __enclave_config           0000000000000000     <absolute>
 0000:00000000       ___safe_se_handler_count   0000000000000000     <absolute>
 0000:00000000       ___safe_se_handler_table   0000000000000000     <absolute>
 0000:00000000       __guard_fids_table         0000000000000000     <absolute>
 0000:00000000       __hybrid_auxiliary_iat     0000000000000000     <absolute>
 0000:00000000       __dynamic_value_reloc_table 0000000000000000     <absolute>
 0000:00000100       __guard_flags              0000000000000100     <absolute>
 0000:00000000       __ImageBase                0000000180000000     <linker-defined>
 0001:000000c0       ?DupWide@_CW@@AEAAXXZ      00000001800010c0 f   CWString.obj
 0001:000000e8       ?cw_dup@@YAXPEBDAEAHAEAPEA_W1@Z 00000001800010e8 f   CWString.obj
 0001:00000194       ?cw_memcpy@@YAHPEA_WPEBDH@Z 0000000180001194 f   CWString.obj
 0001:000001e0       ?cw_strcpy@@YAHPEA_WPEBD@Z 00000001800011e0 f   CWString.obj
 0001:000001f4       ??0CAtlComModule@ATL@@QEAA@XZ 00000001800011f4 f i OposVariant.obj
 0001:0000027c       ??0CAtlWinModule@ATL@@QEAA@XZ 000000018000127c f i OposVariant.obj
 0001:000002f0       ??0OposDispParms@@QEAA@PEAVOposVariant@@H@Z 00000001800012f0 f   OposVariant.obj
 0001:00000398       ??1OposDispParms@@QEAA@XZ  0000000180001398 f   OposVariant.obj
 0001:000003b0       ??_Estringdispid@CComTypeInfoHolder@ATL@@QEAAPEAXI@Z 00000001800013b0 f i OposVariant.obj
 0001:00000454       ?AtlWinModuleTerm@ATL@@YAJPEAU_ATL_WIN_MODULE70@1@PEAUHINSTANCE__@@@Z 0000000180001454 f i OposVariant.obj
 0001:00000504       ?ChangeBSTR@OposVariant@@QEAAXPEAPEA_WAEAJ@Z 0000000180001504 f   OposVariant.obj
 0001:00000564       ?ChangeLONG@OposVariant@@QEAAXPEAJAEAJ@Z 0000000180001564 f   OposVariant.obj
 0001:000005c0       ?GetLONG@OposVariant@@QEAAJXZ 00000001800015c0 f   OposVariant.obj
 0001:000005e4       ?SetBSTR@OposVariant@@QEAAXPEA_WAEAJ@Z 00000001800015e4 f   OposVariant.obj
 0001:00000624       ?SetBSTR_Copy@OposVariant@@QEAAXPEA_WAEAJ@Z 0000000180001624 f   OposVariant.obj
 0001:00000694       ?SetBSTR_InOutPtr@OposVariant@@QEAA_NPEAPEA_WAEAJ@Z 0000000180001694 f   OposVariant.obj
 0001:000006e4       ?SetBSTR_OutPtr@OposVariant@@QEAA_NPEAPEA_WAEAJ@Z 00000001800016e4 f   OposVariant.obj
 0001:00000700       ?SetDispatch_Ptr@OposVariant@@QEAAXPEAUIDispatch@@AEAJ@Z 0000000180001700 f   OposVariant.obj
 0001:00000758       ?SetLONG@OposVariant@@QEAAXJ@Z 0000000180001758 f   OposVariant.obj
 0001:00000788       ?SetLONG_Ptr@OposVariant@@QEAAXPEAJAEAJ@Z 0000000180001788 f   OposVariant.obj
 0001:000007d4       ?SetString@OposVariant@@QEAAXPEB_WAEAJ@Z 00000001800017d4 f   OposVariant.obj
 0001:00000838       ?SetVARIANT_BOOL@OposVariant@@QEAAXF@Z 0000000180001838 f   OposVariant.obj
 0001:00000870       ?Term@CAtlComModule@ATL@@QEAAXXZ 0000000180001870 f i OposVariant.obj
 0001:000008e0       ?_AtlInitializeCriticalSectionEx@ATL@@YAHPEAU_RTL_CRITICAL_SECTION@@KK@Z 00000001800018e0 f i OposVariant.obj
 0001:000008e8       ?_AtlRaiseException@ATL@@YAXKK@Z 00000001800018e8 f i OposVariant.obj
 0001:000008f8       ?CreateInstance@?$CComCreator@V?$CComObjectCached@VCComClassFactory@ATL@@@ATL@@@ATL@@SAJPEAXAEBU_GUID@@PEAPEAX@Z 00000001800018f8 f i Totals.obj
 0001:000009f8       ?CreateInstance@?$CComCreator2@V?$CComCreator@V?$CComObject@VCOPOSTotals@@@ATL@@@ATL@@V?$CComCreator@V?$CComAggObject@VCOPOSTotals@@@ATL@@@2@@ATL@@SAJPEAXAEBU_GUID@@PEAPEAX@Z 00000001800019f8 f i Totals.obj
 0001:00000a08       ?SOOutputCompleteDummy@COPOSTotals@@MEAAJJ@Z 0000000180001a08 f i Totals.obj
 0001:00000a08       ?ContextSensitiveHelp@?$IOleInPlaceObjectWindowlessImpl@VCOPOSTotals@@@ATL@@UEAAJH@Z 0000000180001a08 f i Totals.obj
 0001:00000a08       ?GetControlInfo@?$IOleControlImpl@VCOPOSTotals@@@ATL@@UEAAJPEAUtagCONTROLINFO@@@Z 0000000180001a08 f i Totals.obj
 0001:00000a08       ?SetData@?$IDataObjectImpl@VCOPOSTotals@@@ATL@@UEAAJPEAUtagFORMATETC@@PEAUtagSTGMEDIUM@@H@Z 0000000180001a08 f i Totals.obj
 0001:00000a08       ?Freeze@?$IViewObjectExImpl@VCOPOSTotals@@@ATL@@UEAAJKJPEAXPEAK@Z 0000000180001a08 f i Totals.obj
 0001:00000a08       ?QueryGetData@?$IDataObjectImpl@VCOPOSTotals@@@ATL@@UEAAJPEAUtagFORMATETC@@@Z 0000000180001a08 f i Totals.obj
 0001:00000a08       ?GetRect@?$IViewObjectExImpl@VCOPOSTotals@@@ATL@@UEAAJKPEAU_RECTL@@@Z 0000000180001a08 f i Totals.obj
 0001:00000a08       ?GetClipboardData@?$IOleObjectImpl@VCOPOSTotals@@@ATL@@UEAAJKPEAPEAUIDataObject@@@Z 0000000180001a08 f i Totals.obj
 0001:00000a08       ?QueryInterface@CRegObject@ATL@@UEAAJAEBU_GUID@@PEAPEAX@Z 0000000180001a08 f i Totals.obj
 0001:00000a08       ?SetMoniker@?$IOleObjectImpl@VCOPOSTotals@@@ATL@@UEAAJKPEAUIMoniker@@@Z 0000000180001a08 f i Totals.obj
 0001:00000a08       ?OnMnemonic@?$IOleControlImpl@VCOPOSTotals@@@ATL@@UEAAJPEAUtagMSG@@@Z 0000000180001a08 f i Totals.obj
 0001:00000a08       ?GetColorSet@?$IViewObjectExImpl@VCOPOSTotals@@@ATL@@UEAAJKJPEAXPEAUtagDVTARGETDEVICE@@PEAUHDC__@@PEAPEAUtagLOGPALETTE@@@Z 0000000180001a08 f i Totals.obj
 0001:00000a08       ?GetCanonicalFormatEtc@?$IDataObjectImpl@VCOPOSTotals@@@ATL@@UEAAJPEAUtagFORMATETC@@0@Z 0000000180001a08 f i Totals.obj
 0001:00000a08       ?ReactivateAndUndo@?$IOleInPlaceObjectWindowlessImpl@VCOPOSTotals@@@ATL@@UEAAJXZ 0000000180001a08 f i Totals.obj
 0001:00000a08       ?GetDropTarget@?$IOleInPlaceObjectWindowlessImpl@VCOPOSTotals@@@ATL@@UEAAJPEAPEAUIDropTarget@@@Z 0000000180001a08 f i Totals.obj
 0001:00000a08       ?Unfreeze@?$IViewObjectExImpl@VCOPOSTotals@@@ATL@@UEAAJK@Z 0000000180001a08 f i Totals.obj
 0001:00000a08       ?SetColorScheme@?$IOleObjectImpl@VCOPOSTotals@@@ATL@@UEAAJPEAUtagLOGPALETTE@@@Z 0000000180001a08 f i Totals.obj
 0001:00000a08       ?EnumFormatEtc@?$IDataObjectImpl@VCOPOSTotals@@@ATL@@UEAAJKPEAPEAUIEnumFORMATETC@@@Z 0000000180001a08 f i Totals.obj
 0001:00000a08       ?SODataDummy@COPOSTotals@@MEAAJJ@Z 0000000180001a08 f i Totals.obj
 0001:00000a08       ?InitFromData@?$IOleObjectImpl@VCOPOSTotals@@@ATL@@UEAAJPEAUIDataObject@@HK@Z 0000000180001a08 f i Totals.obj
 0001:00000a08       ?SOErrorDummy@COPOSTotals@@MEAAJJJJPEAJ@Z 0000000180001a08 f i Totals.obj
 0001:00000a08       ?ContextSensitiveHelp@?$IOleInPlaceActiveObjectImpl@VCOPOSTotals@@@ATL@@UEAAJH@Z 0000000180001a08 f i Totals.obj
 0001:00000a08       ?GetMoniker@?$IOleObjectImpl@VCOPOSTotals@@@ATL@@UEAAJKKPEAPEAUIMoniker@@@Z 0000000180001a08 f i Totals.obj
 0001:00000a08       ?GetDataHere@?$IDataObjectImpl@VCOPOSTotals@@@ATL@@UEAAJPEAUtagFORMATETC@@PEAUtagSTGMEDIUM@@@Z 0000000180001a08 f i Totals.obj
 0001:00000a10       ?FAccessAllowed@?$IObjectSafetyImpl@VCOPOSTotals@@$02@ATL@@MEAAHXZ 0000000180001a10 f i Totals.obj
 0001:00000a10       ?AddRef@CRegObject@ATL@@UEAAKXZ 0000000180001a10 f i Totals.obj
 0001:00000a18       ?GetObjectDescription@?$CComCoClass@VCOPOSTotals@@$1?CLSID_OPOSTotals@@3U_GUID@@B@ATL@@SAPEB_WXZ 0000000180001a18 f i Totals.obj
 0001:00000a18       ?SetHostNames@?$IOleObjectImpl@VCOPOSTotals@@@ATL@@UEAAJPEB_W0@Z 0000000180001a18 f i Totals.obj
 0001:00000a18       ?Release@CRegObject@ATL@@UEAAKXZ 0000000180001a18 f i Totals.obj
 0001:00000a18       ?IsUpToDate@?$IOleObjectImpl@VCOPOSTotals@@@ATL@@UEAAJXZ 0000000180001a18 f i Totals.obj
 0001:00000a18       ?SaveCompleted@?$IPersistStorageImpl@VCOPOSTotals@@@ATL@@UEAAJPEAUIStorage@@@Z 0000000180001a18 f i Totals.obj
 0001:00000a18       ?HandsOffStorage@?$IPersistStorageImpl@VCOPOSTotals@@@ATL@@UEAAJXZ 0000000180001a18 f i Totals.obj
 0001:00000a18       ?Update@?$IOleObjectImpl@VCOPOSTotals@@@ATL@@UEAAJXZ 0000000180001a18 f i Totals.obj
 0001:00000a18       ?GetCategoryMap@CComObjectRootBase@ATL@@SAPEBU_ATL_CATMAP_ENTRY@2@XZ 0000000180001a18 f i Totals.obj
 0001:00000a18       ?EnableModeless@?$IOleInPlaceActiveObjectImpl@VCOPOSTotals@@@ATL@@UEAAJH@Z 0000000180001a18 f i Totals.obj
 0001:00000a18       ?OnAmbientPropertyChange@?$IOleControlImpl@VCOPOSTotals@@@ATL@@UEAAJJ@Z 0000000180001a18 f i Totals.obj
 0001:00000a18       ?ResizeBorder@?$IOleInPlaceActiveObjectImpl@VCOPOSTotals@@@ATL@@UEAAJPEBUtagRECT@@PEAUIOleInPlaceUIWindow@@H@Z 0000000180001a18 f i Totals.obj
 0001:00000a18       ?OnFrameWindowActivate@?$IOleInPlaceActiveObjectImpl@VCOPOSTotals@@@ATL@@UEAAJH@Z 0000000180001a18 f i Totals.obj
 0001:00000a1c       ?AddReplacement@CRegObject@ATL@@UEAAJPEB_W0@Z 0000000180001a1c f i Totals.obj
 0001:00000a4c       ?ClearReplacements@CRegObject@ATL@@UEAAJXZ 0000000180001a4c f i Totals.obj
 0001:00000a58       ??_ECRegObject@ATL@@UEAAPEAXI@Z 0000000180001a58 f i Totals.obj
 0001:00000a58       ??_GCRegObject@ATL@@UEAAPEAXI@Z 0000000180001a58 f i Totals.obj
 0001:00000ad8       ?Next@?$CComEnumImpl@UIEnumConnectionPoints@@$1?_GUID_b196b285_bab4_101a_b69c_00aa00341d07@@3U__s_GUID@@BPEAUIConnectionPoint@@V?$_CopyInterface@UIConnectionPoint@@@ATL@@@ATL@@UEAAJKPEAPEAUIConnectionPoint@@PEAK@Z 0000000180001ad8 f i Totals.obj
 0001:00000ba4       ?Skip@?$CComEnumImpl@UIEnumConnectionPoints@@$1?_GUID_b196b285_bab4_101a_b69c_00aa00341d07@@3U__s_GUID@@BPEAUIConnectionPoint@@V?$_CopyInterface@UIConnectionPoint@@@ATL@@@ATL@@UEAAJK@Z 0000000180001ba4 f i Totals.obj
 0001:00000bd0       ?Reset@?$CComEnumImpl@UIEnumConnections@@$1?_GUID_b196b287_bab4_101a_b69c_00aa00341d07@@3U__s_GUID@@BUtagCONNECTDATA@@V?$_Copy@UtagCONNECTDATA@@@ATL@@@ATL@@UEAAJXZ 0000000180001bd0 f i Totals.obj
 0001:00000bd0       ?Reset@?$CComEnumImpl@UIEnumConnectionPoints@@$1?_GUID_b196b285_bab4_101a_b69c_00aa00341d07@@3U__s_GUID@@BPEAUIConnectionPoint@@V?$_CopyInterface@UIConnectionPoint@@@ATL@@@ATL@@UEAAJXZ 0000000180001bd0 f i Totals.obj
 0001:00000bdc       ?Clone@?$CComEnumImpl@UIEnumConnectionPoints@@$1?_GUID_b196b285_bab4_101a_b69c_00aa00341d07@@3U__s_GUID@@BPEAUIConnectionPoint@@V?$_CopyInterface@UIConnectionPoint@@@ATL@@@ATL@@UEAAJPEAPEAUIEnumConnectionPoints@@@Z 0000000180001bdc f i Totals.obj
 0001:00000d04       ?AddRef@?$CComObject@V?$CComEnum@UIEnumConnectionPoints@@$1?_GUID_b196b285_bab4_101a_b69c_00aa00341d07@@3U__s_GUID@@BPEAUIConnectionPoint@@V?$_CopyInterface@UIConnectionPoint@@@ATL@@VCComSingleThreadModel@6@@ATL@@@ATL@@UEAAKXZ 0000000180001d04 f i Totals.obj
 0001:00000d04       ?AddRef@?$CComObject@V?$CComEnum@UIEnumConnections@@$1?_GUID_b196b287_bab4_101a_b69c_00aa00341d07@@3U__s_GUID@@BUtagCONNECTDATA@@V?$_Copy@UtagCONNECTDATA@@@ATL@@VCComSingleThreadModel@6@@ATL@@@ATL@@UEAAKXZ 0000000180001d04 f i Totals.obj
 0001:00000d10       ?Release@?$CComObject@V?$CComEnum@UIEnumConnections@@$1?_GUID_b196b287_bab4_101a_b69c_00aa00341d07@@3U__s_GUID@@BUtagCONNECTDATA@@V?$_Copy@UtagCONNECTDATA@@@ATL@@VCComSingleThreadModel@6@@ATL@@@ATL@@UEAAKXZ 0000000180001d10 f i Totals.obj
 0001:00000d10       ?Release@?$CComObject@V?$CComEnum@UIEnumConnectionPoints@@$1?_GUID_b196b285_bab4_101a_b69c_00aa00341d07@@3U__s_GUID@@BPEAUIConnectionPoint@@V?$_CopyInterface@UIConnectionPoint@@@ATL@@VCComSingleThreadModel@6@@ATL@@@ATL@@UEAAKXZ 0000000180001d10 f i Totals.obj
 0001:00000d64       ?QueryInterface@?$CComObject@V?$CComEnum@UIEnumConnectionPoints@@$1?_GUID_b196b285_bab4_101a_b69c_00aa00341d07@@3U__s_GUID@@BPEAUIConnectionPoint@@V?$_CopyInterface@UIConnectionPoint@@@ATL@@VCComSingleThreadModel@6@@ATL@@@ATL@@UEAAJAEBU_GUID@@PEAPEAX@Z 0000000180001d64 f i Totals.obj
 0001:00000d78       ??_G?$CComObject@V?$CComEnum@UIEnumConnectionPoints@@$1?_GUID_b196b285_bab4_101a_b69c_00aa00341d07@@3U__s_GUID@@BPEAUIConnectionPoint@@V?$_CopyInterface@UIConnectionPoint@@@ATL@@VCComSingleThreadModel@6@@ATL@@@ATL@@UEAAPEAXI@Z 0000000180001d78 f i Totals.obj
 0001:00000d78       ??_E?$CComObject@V?$CComEnum@UIEnumConnectionPoints@@$1?_GUID_b196b285_bab4_101a_b69c_00aa00341d07@@3U__s_GUID@@BPEAUIConnectionPoint@@V?$_CopyInterface@UIConnectionPoint@@@ATL@@VCComSingleThreadModel@6@@ATL@@@ATL@@UEAAPEAXI@Z 0000000180001d78 f i Totals.obj
 0001:00000dd0       ?AddRef@?$CComObjectCached@VCComClassFactory@ATL@@@ATL@@UEAAKXZ 0000000180001dd0 f i Totals.obj
 0001:00000dfc       ?Release@?$CComObjectCached@VCComClassFactory@ATL@@@ATL@@UEAAKXZ 0000000180001dfc f i Totals.obj
 0001:00000e3c       ?QueryInterface@?$CComObjectCached@VCComClassFactory@ATL@@@ATL@@UEAAJAEBU_GUID@@PEAPEAX@Z 0000000180001e3c f i Totals.obj
 0001:00000e50       ??_G?$CComObjectCached@VCComClassFactory@ATL@@@ATL@@UEAAPEAXI@Z 0000000180001e50 f i Totals.obj
 0001:00000e50       ??_E?$CComObjectCached@VCComClassFactory@ATL@@@ATL@@UEAAPEAXI@Z 0000000180001e50 f i Totals.obj
 0001:00000ea8       ?AddRef@?$CComAggObject@VCOPOSTotals@@@ATL@@UEAAKXZ 0000000180001ea8 f i Totals.obj
 0001:00000eb4       ?Release@?$CComAggObject@VCOPOSTotals@@@ATL@@UEAAKXZ 0000000180001eb4 f i Totals.obj
 0001:00000f08       ?QueryInterface@?$CComAggObject@VCOPOSTotals@@@ATL@@UEAAJAEBU_GUID@@PEAPEAX@Z 0000000180001f08 f i Totals.obj
 0001:00000f68       ?AddRef@?$CComContainedObject@VCOPOSTotals@@@ATL@@UEAAKXZ 0000000180001f68 f i Totals.obj
 0001:00000f78       ?Release@?$CComContainedObject@VCOPOSTotals@@@ATL@@UEAAKXZ 0000000180001f78 f i Totals.obj
 0001:00000f88       ?QueryInterface@?$CComContainedObject@VCOPOSTotals@@@ATL@@UEAAJAEBU_GUID@@PEAPEAX@Z 0000000180001f88 f i Totals.obj
 0001:00000f98       ??_G?$CComAggObject@VCOPOSTotals@@@ATL@@UEAAPEAXI@Z 0000000180001f98 f i Totals.obj
 0001:00000f98       ??_E?$CComAggObject@VCOPOSTotals@@@ATL@@UEAAPEAXI@Z 0000000180001f98 f i Totals.obj
 0001:00000ff0       ?AddRef@?$CComObject@VCOPOSTotals@@@ATL@@UEAAKXZ 0000000180001ff0 f i Totals.obj
 0001:00001000       ?Release@?$CComObject@VCOPOSTotals@@@ATL@@UEAAKXZ 0000000180002000 f i Totals.obj
 0001:00001058       ?QueryInterface@?$CComObject@VCOPOSTotals@@@ATL@@UEAAJAEBU_GUID@@PEAPEAX@Z 0000000180002058 f i Totals.obj
 0001:0000106c       ?OnDrawAdvanced@CComControlBase@ATL@@UEAAJAEAUATL_DRAWINFO@@@Z 000000018000206c f i Totals.obj
 0001:0000118c       ?OnFinalMessage@?$CWindowImplBaseT@VCWindow@ATL@@V?$CWinTraits@$0FGAAAAAA@$0A@@2@@ATL@@UEAAXPEAUHWND__@@@Z 000000018000218c f i Totals.obj
 0001:0000118c       ?ObjectMain@CComObjectRootBase@ATL@@SAX_N@Z 000000018000218c f i Totals.obj
 0001:00001190       ?Next@?$CComEnumImpl@UIEnumConnections@@$1?_GUID_b196b287_bab4_101a_b69c_00aa00341d07@@3U__s_GUID@@BUtagCONNECTDATA@@V?$_Copy@UtagCONNECTDATA@@@ATL@@@ATL@@UEAAJKPEAUtagCONNECTDATA@@PEAK@Z 0000000180002190 f i Totals.obj
 0001:00001264       ?Skip@?$CComEnumImpl@UIEnumConnections@@$1?_GUID_b196b287_bab4_101a_b69c_00aa00341d07@@3U__s_GUID@@BUtagCONNECTDATA@@V?$_Copy@UtagCONNECTDATA@@@ATL@@@ATL@@UEAAJK@Z 0000000180002264 f i Totals.obj
 0001:00001290       ?Clone@?$CComEnumImpl@UIEnumConnections@@$1?_GUID_b196b287_bab4_101a_b69c_00aa00341d07@@3U__s_GUID@@BUtagCONNECTDATA@@V?$_Copy@UtagCONNECTDATA@@@ATL@@@ATL@@UEAAJPEAPEAUIEnumConnections@@@Z 0000000180002290 f i Totals.obj
 0001:000013b8       ?CreateInstance@CComClassFactory@ATL@@UEAAJPEAUIUnknown@@AEBU_GUID@@PEAPEAX@Z 00000001800023b8 f i Totals.obj
 0001:00001418       ?LockServer@CComClassFactory@ATL@@UEAAJH@Z 0000000180002418 f i Totals.obj
 0001:0000143c       ??_ECComClassFactory@ATL@@UEAAPEAXI@Z 000000018000243c f i Totals.obj
 0001:0000143c       ??_GCComClassFactory@ATL@@UEAAPEAXI@Z 000000018000243c f i Totals.obj
 0001:0000148c       ?QueryInterface@?$CComObject@V?$CComEnum@UIEnumConnections@@$1?_GUID_b196b287_bab4_101a_b69c_00aa00341d07@@3U__s_GUID@@BUtagCONNECTDATA@@V?$_Copy@UtagCONNECTDATA@@@ATL@@VCComSingleThreadModel@6@@ATL@@@ATL@@UEAAJAEBU_GUID@@PEAPEAX@Z 000000018000248c f i Totals.obj
 0001:000014a0       ??_E?$CComObject@V?$CComEnum@UIEnumConnections@@$1?_GUID_b196b287_bab4_101a_b69c_00aa00341d07@@3U__s_GUID@@BUtagCONNECTDATA@@V?$_Copy@UtagCONNECTDATA@@@ATL@@VCComSingleThreadModel@6@@ATL@@@ATL@@UEAAPEAXI@Z 00000001800024a0 f i Totals.obj
 0001:000014a0       ??_G?$CComObject@V?$CComEnum@UIEnumConnections@@$1?_GUID_b196b287_bab4_101a_b69c_00aa00341d07@@3U__s_GUID@@BUtagCONNECTDATA@@V?$_Copy@UtagCONNECTDATA@@@ATL@@VCComSingleThreadModel@6@@ATL@@@ATL@@UEAAPEAXI@Z 00000001800024a0 f i Totals.obj
 0001:000014f8       ??_E?$CComObject@VCOPOSTotals@@@ATL@@W7EAAPEAXI@Z 00000001800024f8 f i Totals.obj
 0001:00001504       ??_E?$CComObject@VCOPOSTotals@@@ATL@@WHA@EAAPEAXI@Z 0000000180002504 f i Totals.obj
 0001:00001510       ?QueryInterface@?$CComObject@VCOPOSTotals@@@ATL@@WLI@EAAJAEBU_GUID@@PEAPEAX@Z 0000000180002510 f i Totals.obj
 0001:0000151c       ?AddRef@?$CComObject@VCOPOSTotals@@@ATL@@WLI@EAAKXZ 000000018000251c f i Totals.obj
 0001:00001528       ?Release@?$CComObject@VCOPOSTotals@@@ATL@@WLI@EAAKXZ 0000000180002528 f i Totals.obj
 0001:00001534       ?QueryInterface@?$CComObject@VCOPOSTotals@@@ATL@@WMA@EAAJAEBU_GUID@@PEAPEAX@Z 0000000180002534 f i Totals.obj
 0001:00001540       ?AddRef@?$CComObject@VCOPOSTotals@@@ATL@@WMA@EAAKXZ 0000000180002540 f i Totals.obj
 0001:0000154c       ?Release@?$CComObject@VCOPOSTotals@@@ATL@@WMA@EAAKXZ 000000018000254c f i Totals.obj
 0001:00001558       ?QueryInterface@?$CComObject@VCOPOSTotals@@@ATL@@WMI@EAAJAEBU_GUID@@PEAPEAX@Z 0000000180002558 f i Totals.obj
 0001:00001564       ?AddRef@?$CComObject@VCOPOSTotals@@@ATL@@WMI@EAAKXZ 0000000180002564 f i Totals.obj
 0001:00001570       ?Release@?$CComObject@VCOPOSTotals@@@ATL@@WMI@EAAKXZ 0000000180002570 f i Totals.obj
 0001:0000157c       ?QueryInterface@?$CComObject@VCOPOSTotals@@@ATL@@WNA@EAAJAEBU_GUID@@PEAPEAX@Z 000000018000257c f i Totals.obj
 0001:00001588       ?AddRef@?$CComObject@VCOPOSTotals@@@ATL@@WNA@EAAKXZ 0000000180002588 f i Totals.obj
 0001:00001594       ?Release@?$CComObject@VCOPOSTotals@@@ATL@@WNA@EAAKXZ 0000000180002594 f i Totals.obj
 0001:000015a0       ?QueryInterface@?$CComObject@VCOPOSTotals@@@ATL@@WNI@EAAJAEBU_GUID@@PEAPEAX@Z 00000001800025a0 f i Totals.obj
 0001:000015ac       ?AddRef@?$CComObject@VCOPOSTotals@@@ATL@@WNI@EAAKXZ 00000001800025ac f i Totals.obj
 0001:000015b8       ?Release@?$CComObject@VCOPOSTotals@@@ATL@@WNI@EAAKXZ 00000001800025b8 f i Totals.obj
 0001:000015c4       ?QueryInterface@?$CComObject@VCOPOSTotals@@@ATL@@WOA@EAAJAEBU_GUID@@PEAPEAX@Z 00000001800025c4 f i Totals.obj
 0001:000015d0       ?AddRef@?$CComObject@VCOPOSTotals@@@ATL@@WOA@EAAKXZ 00000001800025d0 f i Totals.obj
 0001:000015dc       ?Release@?$CComObject@VCOPOSTotals@@@ATL@@WOA@EAAKXZ 00000001800025dc f i Totals.obj
 0001:000015e8       ?QueryInterface@?$CComObject@VCOPOSTotals@@@ATL@@WOI@EAAJAEBU_GUID@@PEAPEAX@Z 00000001800025e8 f i Totals.obj
 0001:000015f4       ?AddRef@?$CComObject@VCOPOSTotals@@@ATL@@WOI@EAAKXZ 00000001800025f4 f i Totals.obj
 0001:00001600       ?Release@?$CComObject@VCOPOSTotals@@@ATL@@WOI@EAAKXZ 0000000180002600 f i Totals.obj
 0001:0000160c       ?QueryInterface@?$CComObject@VCOPOSTotals@@@ATL@@WPA@EAAJAEBU_GUID@@PEAPEAX@Z 000000018000260c f i Totals.obj
 0001:00001618       ?AddRef@?$CComObject@VCOPOSTotals@@@ATL@@WPA@EAAKXZ 0000000180002618 f i Totals.obj
 0001:00001624       ?Release@?$CComObject@VCOPOSTotals@@@ATL@@WPA@EAAKXZ 0000000180002624 f i Totals.obj
 0001:00001630       ?QueryInterface@?$CComObject@VCOPOSTotals@@@ATL@@WPI@EAAJAEBU_GUID@@PEAPEAX@Z 0000000180002630 f i Totals.obj
 0001:0000163c       ?AddRef@?$CComObject@VCOPOSTotals@@@ATL@@WPI@EAAKXZ 000000018000263c f i Totals.obj
 0001:00001648       ?Release@?$CComObject@VCOPOSTotals@@@ATL@@WPI@EAAKXZ 0000000180002648 f i Totals.obj
 0001:00001654       ?QueryInterface@?$CComObject@VCOPOSTotals@@@ATL@@WBAA@EAAJAEBU_GUID@@PEAPEAX@Z 0000000180002654 f i Totals.obj
 0001:00001660       ?AddRef@?$CComObject@VCOPOSTotals@@@ATL@@WBAA@EAAKXZ 0000000180002660 f i Totals.obj
 0001:0000166c       ?Release@?$CComObject@VCOPOSTotals@@@ATL@@WBAA@EAAKXZ 000000018000266c f i Totals.obj
 0001:00001678       ?QueryInterface@?$CComObject@VCOPOSTotals@@@ATL@@WBAI@EAAJAEBU_GUID@@PEAPEAX@Z 0000000180002678 f i Totals.obj
 0001:00001684       ?AddRef@?$CComObject@VCOPOSTotals@@@ATL@@WBAI@EAAKXZ 0000000180002684 f i Totals.obj
 0001:00001690       ?Release@?$CComObject@VCOPOSTotals@@@ATL@@WBAI@EAAKXZ 0000000180002690 f i Totals.obj
 0001:0000169c       ?QueryInterface@?$CComObject@VCOPOSTotals@@@ATL@@WBBA@EAAJAEBU_GUID@@PEAPEAX@Z 000000018000269c f i Totals.obj
 0001:000016a8       ?AddRef@?$CComObject@VCOPOSTotals@@@ATL@@WBBA@EAAKXZ 00000001800026a8 f i Totals.obj
 0001:000016b4       ?Release@?$CComObject@VCOPOSTotals@@@ATL@@WBBA@EAAKXZ 00000001800026b4 f i Totals.obj
 0001:000016c0       ?QueryInterface@?$CComObject@VCOPOSTotals@@@ATL@@WBBI@EAAJAEBU_GUID@@PEAPEAX@Z 00000001800026c0 f i Totals.obj
 0001:000016cc       ?AddRef@?$CComObject@VCOPOSTotals@@@ATL@@WBBI@EAAKXZ 00000001800026cc f i Totals.obj
 0001:000016d8       ?Release@?$CComObject@VCOPOSTotals@@@ATL@@WBBI@EAAKXZ 00000001800026d8 f i Totals.obj
 0001:000016e4       ?AddRef@?$CComObject@VCOPOSTotals@@@ATL@@WBCI@EAAKXZ 00000001800026e4 f i Totals.obj
 0001:000016f0       ?Release@?$CComObject@VCOPOSTotals@@@ATL@@WBCI@EAAKXZ 00000001800026f0 f i Totals.obj
 0001:000016fc       ?AddRef@?$CComObject@VCOPOSTotals@@@ATL@@WBEA@EAAKXZ 00000001800026fc f i Totals.obj
 0001:00001708       ?Release@?$CComObject@VCOPOSTotals@@@ATL@@WBEA@EAAKXZ 0000000180002708 f i Totals.obj
 0001:00001714       ??_E?$CComContainedObject@VCOPOSTotals@@@ATL@@W7EAAPEAXI@Z 0000000180002714 f i Totals.obj
 0001:00001720       ??_E?$CComContainedObject@VCOPOSTotals@@@ATL@@WHA@EAAPEAXI@Z 0000000180002720 f i Totals.obj
 0001:0000172c       ?QueryInterface@?$CComContainedObject@VCOPOSTotals@@@ATL@@WLI@EAAJAEBU_GUID@@PEAPEAX@Z 000000018000272c f i Totals.obj
 0001:00001738       ?AddRef@?$CComContainedObject@VCOPOSTotals@@@ATL@@WLI@EAAKXZ 0000000180002738 f i Totals.obj
 0001:00001744       ?Release@?$CComContainedObject@VCOPOSTotals@@@ATL@@WLI@EAAKXZ 0000000180002744 f i Totals.obj
 0001:00001750       ?QueryInterface@?$CComContainedObject@VCOPOSTotals@@@ATL@@WMA@EAAJAEBU_GUID@@PEAPEAX@Z 0000000180002750 f i Totals.obj
 0001:0000175c       ?AddRef@?$CComContainedObject@VCOPOSTotals@@@ATL@@WMA@EAAKXZ 000000018000275c f i Totals.obj
 0001:00001768       ?Release@?$CComContainedObject@VCOPOSTotals@@@ATL@@WMA@EAAKXZ 0000000180002768 f i Totals.obj
 0001:00001774       ?QueryInterface@?$CComContainedObject@VCOPOSTotals@@@ATL@@WMI@EAAJAEBU_GUID@@PEAPEAX@Z 0000000180002774 f i Totals.obj
 0001:00001780       ?AddRef@?$CComContainedObject@VCOPOSTotals@@@ATL@@WMI@EAAKXZ 0000000180002780 f i Totals.obj
 0001:0000178c       ?Release@?$CComContainedObject@VCOPOSTotals@@@ATL@@WMI@EAAKXZ 000000018000278c f i Totals.obj
 0001:00001798       ?QueryInterface@?$CComContainedObject@VCOPOSTotals@@@ATL@@WNA@EAAJAEBU_GUID@@PEAPEAX@Z 0000000180002798 f i Totals.obj
 0001:000017a4       ?AddRef@?$CComContainedObject@VCOPOSTotals@@@ATL@@WNA@EAAKXZ 00000001800027a4 f i Totals.obj
 0001:000017b0       ?Release@?$CComContainedObject@VCOPOSTotals@@@ATL@@WNA@EAAKXZ 00000001800027b0 f i Totals.obj
 0001:000017bc       ?QueryInterface@?$CComContainedObject@VCOPOSTotals@@@ATL@@WNI@EAAJAEBU_GUID@@PEAPEAX@Z 00000001800027bc f i Totals.obj
 0001:000017c8       ?AddRef@?$CComContainedObject@VCOPOSTotals@@@ATL@@WNI@EAAKXZ 00000001800027c8 f i Totals.obj
 0001:000017d4       ?Release@?$CComContainedObject@VCOPOSTotals@@@ATL@@WNI@EAAKXZ 00000001800027d4 f i Totals.obj
 0001:000017e0       ?QueryInterface@?$CComContainedObject@VCOPOSTotals@@@ATL@@WOA@EAAJAEBU_GUID@@PEAPEAX@Z 00000001800027e0 f i Totals.obj
 0001:000017ec       ?AddRef@?$CComContainedObject@VCOPOSTotals@@@ATL@@WOA@EAAKXZ 00000001800027ec f i Totals.obj
 0001:000017f8       ?Release@?$CComContainedObject@VCOPOSTotals@@@ATL@@WOA@EAAKXZ 00000001800027f8 f i Totals.obj
 0001:00001804       ?QueryInterface@?$CComContainedObject@VCOPOSTotals@@@ATL@@WOI@EAAJAEBU_GUID@@PEAPEAX@Z 0000000180002804 f i Totals.obj
 0001:00001810       ?AddRef@?$CComContainedObject@VCOPOSTotals@@@ATL@@WOI@EAAKXZ 0000000180002810 f i Totals.obj
 0001:0000181c       ?Release@?$CComContainedObject@VCOPOSTotals@@@ATL@@WOI@EAAKXZ 000000018000281c f i Totals.obj
 0001:00001828       ?QueryInterface@?$CComContainedObject@VCOPOSTotals@@@ATL@@WPA@EAAJAEBU_GUID@@PEAPEAX@Z 0000000180002828 f i Totals.obj
 0001:00001834       ?AddRef@?$CComContainedObject@VCOPOSTotals@@@ATL@@WPA@EAAKXZ 0000000180002834 f i Totals.obj
 0001:00001840       ?Release@?$CComContainedObject@VCOPOSTotals@@@ATL@@WPA@EAAKXZ 0000000180002840 f i Totals.obj
 0001:0000184c       ?QueryInterface@?$CComContainedObject@VCOPOSTotals@@@ATL@@WPI@EAAJAEBU_GUID@@PEAPEAX@Z 000000018000284c f i Totals.obj
 0001:00001858       ?AddRef@?$CComContainedObject@VCOPOSTotals@@@ATL@@WPI@EAAKXZ 0000000180002858 f i Totals.obj
 0001:00001864       ?Release@?$CComContainedObject@VCOPOSTotals@@@ATL@@WPI@EAAKXZ 0000000180002864 f i Totals.obj
 0001:00001870       ?QueryInterface@?$CComContainedObject@VCOPOSTotals@@@ATL@@WBAA@EAAJAEBU_GUID@@PEAPEAX@Z 0000000180002870 f i Totals.obj
 0001:0000187c       ?AddRef@?$CComContainedObject@VCOPOSTotals@@@ATL@@WBAA@EAAKXZ 000000018000287c f i Totals.obj
 0001:00001888       ?Release@?$CComContainedObject@VCOPOSTotals@@@ATL@@WBAA@EAAKXZ 0000000180002888 f i Totals.obj
 0001:00001894       ?QueryInterface@?$CComContainedObject@VCOPOSTotals@@@ATL@@WBAI@EAAJAEBU_GUID@@PEAPEAX@Z 0000000180002894 f i Totals.obj
 0001:000018a0       ?AddRef@?$CComContainedObject@VCOPOSTotals@@@ATL@@WBAI@EAAKXZ 00000001800028a0 f i Totals.obj
 0001:000018ac       ?Release@?$CComContainedObject@VCOPOSTotals@@@ATL@@WBAI@EAAKXZ 00000001800028ac f i Totals.obj
 0001:000018b8       ?QueryInterface@?$CComContainedObject@VCOPOSTotals@@@ATL@@WBBA@EAAJAEBU_GUID@@PEAPEAX@Z 00000001800028b8 f i Totals.obj
 0001:000018c4       ?AddRef@?$CComContainedObject@VCOPOSTotals@@@ATL@@WBBA@EAAKXZ 00000001800028c4 f i Totals.obj
 0001:000018d0       ?Release@?$CComContainedObject@VCOPOSTotals@@@ATL@@WBBA@EAAKXZ 00000001800028d0 f i Totals.obj
 0001:000018dc       ?QueryInterface@?$CComContainedObject@VCOPOSTotals@@@ATL@@WBBI@EAAJAEBU_GUID@@PEAPEAX@Z 00000001800028dc f i Totals.obj
 0001:000018e8       ?AddRef@?$CComContainedObject@VCOPOSTotals@@@ATL@@WBBI@EAAKXZ 00000001800028e8 f i Totals.obj
 0001:000018f4       ?Release@?$CComContainedObject@VCOPOSTotals@@@ATL@@WBBI@EAAKXZ 00000001800028f4 f i Totals.obj
 0001:00001900       ?AddRef@?$CComContainedObject@VCOPOSTotals@@@ATL@@WBCI@EAAKXZ 0000000180002900 f i Totals.obj
 0001:0000190c       ?Release@?$CComContainedObject@VCOPOSTotals@@@ATL@@WBCI@EAAKXZ 000000018000290c f i Totals.obj
 0001:00001918       ?AddRef@?$CComContainedObject@VCOPOSTotals@@@ATL@@WBEA@EAAKXZ 0000000180002918 f i Totals.obj
 0001:00001924       ?Release@?$CComContainedObject@VCOPOSTotals@@@ATL@@WBEA@EAAKXZ 0000000180002924 f i Totals.obj
 0001:00001930       ?GetWindowProc@?$CWindowImplBaseT@VCWindow@ATL@@V?$CWinTraits@$0FGAAAAAA@$0A@@2@@ATL@@UEAAP6A_JPEAUHWND__@@I_K_J@ZXZ 0000000180002930 f i Totals.obj
 0001:00001938       ?StartWindowProc@?$CWindowImplBaseT@VCWindow@ATL@@V?$CWinTraits@$0FGAAAAAA@$0A@@2@@ATL@@SA_JPEAUHWND__@@I_K_J@Z 0000000180002938 f i Totals.obj
 0001:000019fc       ?Lock@CAtlModule@ATL@@UEAAJXZ 00000001800029fc f i Totals.obj
 0001:00001a0c       ?Unlock@CAtlModule@ATL@@UEAAJXZ 0000000180002a0c f i Totals.obj
 0001:00001a18       ?GetLockCount@CAtlModule@ATL@@UEAAJXZ 0000000180002a18 f i Totals.obj
 0001:00001a1c       ?GetGITPtr@CAtlModule@ATL@@UEAAJPEAPEAUIGlobalInterfaceTable@@@Z 0000000180002a1c f i Totals.obj
 0001:00001a8c       ?GetTypeInfoCount@?$IDispatchImpl@UIOPOSTotals@@$1?IID_IOPOSTotals@@3U_GUID@@B$1?LIBID_OposTotals_CCO@@3U3@B$00$0A@VCComTypeInfoHolder@ATL@@@ATL@@UEAAJPEAI@Z 0000000180002a8c f i Totals.obj
 0001:00001aa0       ?GetTypeInfo@?$IDispatchImpl@UIOPOSTotals@@$1?IID_IOPOSTotals@@3U_GUID@@B$1?LIBID_OposTotals_CCO@@3U3@B$00$0A@VCComTypeInfoHolder@ATL@@@ATL@@UEAAJIKPEAPEAUITypeInfo@@@Z 0000000180002aa0 f i Totals.obj
 0001:00001b04       ?GetIDsOfNames@?$IDispatchImpl@UIOPOSTotals@@$1?IID_IOPOSTotals@@3U_GUID@@B$1?LIBID_OposTotals_CCO@@3U3@B$00$0A@VCComTypeInfoHolder@ATL@@@ATL@@UEAAJAEBU_GUID@@PEAPEA_WIKPEAJ@Z 0000000180002b04 f i Totals.obj
 0001:00001b10       ?Invoke@?$IDispatchImpl@UIOPOSTotals@@$1?IID_IOPOSTotals@@3U_GUID@@B$1?LIBID_OposTotals_CCO@@3U3@B$00$0A@VCComTypeInfoHolder@ATL@@@ATL@@UEAAJJAEBU_GUID@@KGPEAUtagDISPPARAMS@@PEAUtagVARIANT@@PEAUtagEXCEPINFO@@PEAI@Z 0000000180002b10 f i Totals.obj
 0001:00001ba0       ?CreateControlWindow@?$CComControl@VCOPOSTotals@@V?$CWindowImpl@VCOPOSTotals@@VCWindow@ATL@@V?$CWinTraits@$0FGAAAAAA@$0A@@3@@ATL@@@ATL@@UEAAPEAUHWND__@@PEAU3@AEAUtagRECT@@@Z 0000000180002ba0 f i Totals.obj
 0001:00001bd8       ?ControlQueryInterface@?$CComControl@VCOPOSTotals@@V?$CWindowImpl@VCOPOSTotals@@VCWindow@ATL@@V?$CWinTraits@$0FGAAAAAA@$0A@@3@@ATL@@@ATL@@UEAAJAEBU_GUID@@PEAPEAX@Z 0000000180002bd8 f i Totals.obj
 0001:00001bec       ?GetUserClassID@?$IOleObjectImpl@VCOPOSTotals@@@ATL@@UEAAJPEAU_GUID@@@Z 0000000180002bec f i Totals.obj
 0001:00001bec       ?GetClassID@?$IPersistStorageImpl@VCOPOSTotals@@@ATL@@UEAAJPEAU_GUID@@@Z 0000000180002bec f i Totals.obj
 0001:00001bec       ?GetClassID@?$IPersistStreamInitImpl@VCOPOSTotals@@@ATL@@UEAAJPEAU_GUID@@@Z 0000000180002bec f i Totals.obj
 0001:00001c08       ?IsDirty@?$IPersistStreamInitImpl@VCOPOSTotals@@@ATL@@UEAAJXZ 0000000180002c08 f i Totals.obj
 0001:00001c24       ?Load@?$IPersistStreamInitImpl@VCOPOSTotals@@@ATL@@UEAAJPEAUIStream@@@Z 0000000180002c24 f i Totals.obj
 0001:00001c74       ?Save@?$IPersistStreamInitImpl@VCOPOSTotals@@@ATL@@UEAAJPEAUIStream@@H@Z 0000000180002c74 f i Totals.obj
 0001:00001cd8       ?GetSizeMax@?$IPersistStreamInitImpl@VCOPOSTotals@@@ATL@@UEAAJPEAT_ULARGE_INTEGER@@@Z 0000000180002cd8 f i Totals.obj
 0001:00001f04       ?InitNew@?$IPersistStreamInitImpl@VCOPOSTotals@@@ATL@@UEAAJXZ 0000000180002f04 f i Totals.obj
 0001:00001f1c       ?SetClientSite@?$IOleObjectImpl@VCOPOSTotals@@@ATL@@UEAAJPEAUIOleClientSite@@@Z 0000000180002f1c f i Totals.obj
 0001:00001f38       ?GetClientSite@?$IOleObjectImpl@VCOPOSTotals@@@ATL@@UEAAJPEAPEAUIOleClientSite@@@Z 0000000180002f38 f i Totals.obj
 0001:00001f80       ?Close@?$IOleObjectImpl@VCOPOSTotals@@@ATL@@UEAAJK@Z 0000000180002f80 f i Totals.obj
 0001:00001f9c       ?DoVerb@?$IOleObjectImpl@VCOPOSTotals@@@ATL@@UEAAJJPEAUtagMSG@@PEAUIOleClientSite@@JPEAUHWND__@@PEBUtagRECT@@@Z 0000000180002f9c f i Totals.obj
 0001:00002140       ?EnumVerbs@?$IOleObjectImpl@VCOPOSTotals@@@ATL@@UEAAJPEAPEAUIEnumOLEVERB@@@Z 0000000180003140 f i Totals.obj
 0001:0000215c       ?GetUserType@?$IOleObjectImpl@VCOPOSTotals@@@ATL@@UEAAJKPEAPEA_W@Z 000000018000315c f i Totals.obj
 0001:0000216c       ?SetExtent@?$IOleObjectImpl@VCOPOSTotals@@@ATL@@UEAAJKPEAUtagSIZE@@@Z 000000018000316c f i Totals.obj
 0001:00002188       ?GetExtent@?$IOleObjectImpl@VCOPOSTotals@@@ATL@@UEAAJKPEAUtagSIZE@@@Z 0000000180003188 f i Totals.obj
 0001:000021b8       ?Advise@?$IOleObjectImpl@VCOPOSTotals@@@ATL@@UEAAJPEAUIAdviseSink@@PEAK@Z 00000001800031b8 f i Totals.obj
 0001:00002214       ?Unadvise@?$IOleObjectImpl@VCOPOSTotals@@@ATL@@UEAAJK@Z 0000000180003214 f i Totals.obj
 0001:0000224c       ?EnumAdvise@?$IOleObjectImpl@VCOPOSTotals@@@ATL@@UEAAJPEAPEAUIEnumSTATDATA@@@Z 000000018000324c f i Totals.obj
 0001:00002294       ?GetMiscStatus@?$IOleObjectImpl@VCOPOSTotals@@@ATL@@UEAAJKPEAK@Z 0000000180003294 f i Totals.obj
 0001:000022a4       ?AddCommonRGSReplacements@?$CAtlModuleT@VCComModule@ATL@@@ATL@@UEAAJPEAUIRegistrarBase@@@Z 00000001800032a4 f i Totals.obj
 0001:000022bc       ?GetWindow@?$IOleInPlaceActiveObjectImpl@VCOPOSTotals@@@ATL@@UEAAJPEAPEAUHWND__@@@Z 00000001800032bc f i Totals.obj
 0001:00002310       ?TranslateAcceleratorW@?$IOleInPlaceActiveObjectImpl@VCOPOSTotals@@@ATL@@UEAAJPEAUtagMSG@@@Z 0000000180003310 f i Totals.obj
 0001:00002404       ?OnDocWindowActivate@?$IOleInPlaceActiveObjectImpl@VCOPOSTotals@@@ATL@@UEAAJH@Z 0000000180003404 f i Totals.obj
 0001:00002430       ?Draw@?$IViewObjectExImpl@VCOPOSTotals@@@ATL@@UEAAJKJPEAXPEAUtagDVTARGETDEVICE@@PEAUHDC__@@2PEBU_RECTL@@3P6AH_K@Z4@Z 0000000180003430 f i Totals.obj
 0001:00002494       ?SetAdvise@?$IViewObjectExImpl@VCOPOSTotals@@@ATL@@UEAAJKKPEAUIAdviseSink@@@Z 0000000180003494 f i Totals.obj
 0001:000024e8       ?UpdateRegistryFromResourceD@CComModule@ATL@@UEAAJPEB_WHPEAU_ATL_REGMAP_ENTRY@2@@Z 00000001800034e8 f i Totals.obj
 0001:000024e8       ?UpdateRegistryFromResourceD@CComModule@ATL@@UEAAJIHPEAU_ATL_REGMAP_ENTRY@2@@Z 00000001800034e8 f i Totals.obj
 0001:000024f0       ?GetAdvise@?$IViewObjectExImpl@VCOPOSTotals@@@ATL@@UEAAJPEAK0PEAPEAUIAdviseSink@@@Z 00000001800034f0 f i Totals.obj
 0001:0000252c       ?GetExtent@?$IViewObjectExImpl@VCOPOSTotals@@@ATL@@UEAAJKJPEAUtagDVTARGETDEVICE@@PEAUtagSIZE@@@Z 000000018000352c f i Totals.obj
 0001:0000255c       ?UpdateRegistryFromResource@CComModule@ATL@@UEAAJPEB_WHPEAU_ATL_REGMAP_ENTRY@2@@Z 000000018000355c f i Totals.obj
 0001:00002564       ?UpdateRegistryFromResource@CComModule@ATL@@UEAAJIHPEAU_ATL_REGMAP_ENTRY@2@@Z 0000000180003564 f i Totals.obj
 0001:0000256c       ?GetViewStatus@?$IViewObjectExImpl@VCOPOSTotals@@@ATL@@UEAAJPEAK@Z 000000018000356c f i Totals.obj
 0001:00002580       ?QueryHitPoint@?$IViewObjectExImpl@VCOPOSTotals@@@ATL@@UEAAJKPEBUtagRECT@@UtagPOINT@@JPEAK@Z 0000000180003580 f i Totals.obj
 0001:000025c4       ?QueryHitRect@?$IViewObjectExImpl@VCOPOSTotals@@@ATL@@UEAAJKPEBUtagRECT@@0JPEAK@Z 00000001800035c4 f i Totals.obj
 0001:0000262c       ?GetNaturalExtent@?$IViewObjectExImpl@VCOPOSTotals@@@ATL@@UEAAJKJPEAUtagDVTARGETDEVICE@@PEAUHDC__@@PEAUtagExtentInfo@@PEAUtagSIZE@@@Z 000000018000362c f i Totals.obj
 0001:00002674       ?GetWindow@?$IOleInPlaceObjectWindowlessImpl@VCOPOSTotals@@@ATL@@UEAAJPEAPEAUHWND__@@@Z 0000000180003674 f i Totals.obj
 0001:000026c8       ?InPlaceDeactivate@?$IOleInPlaceObjectWindowlessImpl@VCOPOSTotals@@@ATL@@UEAAJXZ 00000001800036c8 f i Totals.obj
 0001:000026e4       ?UIDeactivate@?$IOleInPlaceObjectWindowlessImpl@VCOPOSTotals@@@ATL@@UEAAJXZ 00000001800036e4 f i Totals.obj
 0001:00002700       ?SetObjectRects@?$IOleInPlaceObjectWindowlessImpl@VCOPOSTotals@@@ATL@@UEAAJPEBUtagRECT@@0@Z 0000000180003700 f i Totals.obj
 0001:0000271c       ?OnWindowMessage@?$IOleInPlaceObjectWindowlessImpl@VCOPOSTotals@@@ATL@@UEAAJI_K_JPEA_J@Z 000000018000371c f i Totals.obj
 0001:000027e4       ?EnumConnectionPoints@?$IConnectionPointContainerImpl@VCOPOSTotals@@@ATL@@UEAAJPEAPEAUIEnumConnectionPoints@@@Z 00000001800037e4 f i Totals.obj
 0001:00002a2c       ??_GCComModule@ATL@@UEAAPEAXI@Z 0000000180003a2c f i Totals.obj
 0001:00002a2c       ??_ECComModule@ATL@@UEAAPEAXI@Z 0000000180003a2c f i Totals.obj
 0001:00002aac       ?FindConnectionPoint@?$IConnectionPointContainerImpl@VCOPOSTotals@@@ATL@@UEAAJAEBU_GUID@@PEAPEAUIConnectionPoint@@@Z 0000000180003aac f i Totals.obj
 0001:00002b7c       ?IsDirty@?$IPersistStorageImpl@VCOPOSTotals@@@ATL@@UEAAJXZ 0000000180003b7c f i Totals.obj
 0001:00002bc0       ?InitNew@?$IPersistStorageImpl@VCOPOSTotals@@@ATL@@UEAAJPEAUIStorage@@@Z 0000000180003bc0 f i Totals.obj
 0001:00002c04       ?Load@?$IPersistStorageImpl@VCOPOSTotals@@@ATL@@UEAAJPEAUIStorage@@@Z 0000000180003c04 f i Totals.obj
 0001:00002ca4       ?Save@?$IPersistStorageImpl@VCOPOSTotals@@@ATL@@UEAAJPEAUIStorage@@H@Z 0000000180003ca4 f i Totals.obj
 0001:00002d54       ?GetPages@?$ISpecifyPropertyPagesImpl@VCOPOSTotals@@@ATL@@UEAAJPEAUtagCAUUID@@@Z 0000000180003d54 f i Totals.obj
 0001:00002d60       ?QuickActivate@?$IQuickActivateImpl@VCOPOSTotals@@@ATL@@UEAAJPEAUtagQACONTAINER@@PEAUtagQACONTROL@@@Z 0000000180003d60 f i Totals.obj
 0001:00002d7c       ?SetContentExtent@?$IQuickActivateImpl@VCOPOSTotals@@@ATL@@UEAAJPEAUtagSIZE@@@Z 0000000180003d7c f i Totals.obj
 0001:00002db0       ?GetContentExtent@?$IQuickActivateImpl@VCOPOSTotals@@@ATL@@UEAAJPEAUtagSIZE@@@Z 0000000180003db0 f i Totals.obj
 0001:00002de8       ?GetData@?$IDataObjectImpl@VCOPOSTotals@@@ATL@@UEAAJPEAUtagFORMATETC@@PEAUtagSTGMEDIUM@@@Z 0000000180003de8 f i Totals.obj
 0001:00002e04       ?DAdvise@?$IDataObjectImpl@VCOPOSTotals@@@ATL@@UEAAJPEAUtagFORMATETC@@KPEAUIAdviseSink@@PEAK@Z 0000000180003e04 f i Totals.obj
 0001:00002e8c       ?DUnadvise@?$IDataObjectImpl@VCOPOSTotals@@@ATL@@UEAAJK@Z 0000000180003e8c f i Totals.obj
 0001:00002eb8       ?EnumDAdvise@?$IDataObjectImpl@VCOPOSTotals@@@ATL@@UEAAJPEAPEAUIEnumSTATDATA@@@Z 0000000180003eb8 f i Totals.obj
 0001:00002ef4       ?GetClassInfoW@?$IProvideClassInfo2Impl@$1?CLSID_OPOSTotals@@3U_GUID@@B$1?DIID__IOPOSTotalsEvents@@3U2@B$1?LIBID_OposTotals_CCO@@3U2@B$00$0A@VCComTypeInfoHolder@ATL@@@ATL@@UEAAJPEAPEAUITypeInfo@@@Z 0000000180003ef4 f i Totals.obj
 0001:00002f4c       ?GetGUID@?$IProvideClassInfo2Impl@$1?CLSID_OPOSTotals@@3U_GUID@@B$1?DIID__IOPOSTotalsEvents@@3U2@B$1?LIBID_OposTotals_CCO@@3U2@B$00$0A@VCComTypeInfoHolder@ATL@@@ATL@@UEAAJKPEAU_GUID@@@Z 0000000180003f4c f i Totals.obj
 0001:00002f80       ?GetInterfaceSafetyOptions@?$IObjectSafetyImpl@VCOPOSTotals@@$02@ATL@@UEAAJAEBU_GUID@@PEAK1@Z 0000000180003f80 f i Totals.obj
 0001:00003014       ?SetInterfaceSafetyOptions@?$IObjectSafetyImpl@VCOPOSTotals@@$02@ATL@@UEAAJAEBU_GUID@@KK@Z 0000000180004014 f i Totals.obj
 0001:000030b8       ?_LocCPQueryInterface@?$IConnectionPointImpl@VCOPOSTotals@@$1?IID_IPropertyNotifySink@@3U_GUID@@BVCComDynamicUnkArray@ATL@@@ATL@@UEAAJAEBU_GUID@@PEAPEAX@Z 00000001800040b8 f i Totals.obj
 0001:000030b8       ?_LocCPQueryInterface@?$IConnectionPointImpl@VCOPOSTotals@@$1?DIID__IOPOSTotalsEvents@@3U_GUID@@BVCComDynamicUnkArray@ATL@@@ATL@@UEAAJAEBU_GUID@@PEAPEAX@Z 00000001800040b8 f i Totals.obj
 0001:0000312c       ?GetConnectionInterface@?$IConnectionPointImpl@VCOPOSTotals@@$1?IID_IPropertyNotifySink@@3U_GUID@@BVCComDynamicUnkArray@ATL@@@ATL@@UEAAJPEAU_GUID@@@Z 000000018000412c f i Totals.obj
 0001:00003148       ?GetConnectionPointContainer@?$IConnectionPointImpl@VCOPOSTotals@@$1?IID_IPropertyNotifySink@@3U_GUID@@BVCComDynamicUnkArray@ATL@@@ATL@@UEAAJPEAPEAUIConnectionPointContainer@@@Z 0000000180004148 f i Totals.obj
 0001:00003168       ?Advise@?$IConnectionPointImpl@VCOPOSTotals@@$1?DIID__IOPOSTotalsEvents@@3U_GUID@@BVCComDynamicUnkArray@ATL@@@ATL@@UEAAJPEAUIUnknown@@PEAK@Z 0000000180004168 f i Totals.obj
 0001:00003168       ?Advise@?$IConnectionPointImpl@VCOPOSTotals@@$1?IID_IPropertyNotifySink@@3U_GUID@@BVCComDynamicUnkArray@ATL@@@ATL@@UEAAJPEAUIUnknown@@PEAK@Z 0000000180004168 f i Totals.obj
 0001:00003228       ?Unadvise@?$IConnectionPointImpl@VCOPOSTotals@@$1?IID_IPropertyNotifySink@@3U_GUID@@BVCComDynamicUnkArray@ATL@@@ATL@@UEAAJK@Z 0000000180004228 f i Totals.obj
 0001:00003228       ?Unadvise@?$IConnectionPointImpl@VCOPOSTotals@@$1?DIID__IOPOSTotalsEvents@@3U_GUID@@BVCComDynamicUnkArray@ATL@@@ATL@@UEAAJK@Z 0000000180004228 f i Totals.obj
 0001:000032a4       ?EnumConnections@?$IConnectionPointImpl@VCOPOSTotals@@$1?IID_IPropertyNotifySink@@3U_GUID@@BVCComDynamicUnkArray@ATL@@@ATL@@UEAAJPEAPEAUIEnumConnections@@@Z 00000001800042a4 f i Totals.obj
 0001:000032a4       ?EnumConnections@?$IConnectionPointImpl@VCOPOSTotals@@$1?DIID__IOPOSTotalsEvents@@3U_GUID@@BVCComDynamicUnkArray@ATL@@@ATL@@UEAAJPEAPEAUIEnumConnections@@@Z 00000001800042a4 f i Totals.obj
 0001:0000344c       ?GetConnectionInterface@?$IConnectionPointImpl@VCOPOSTotals@@$1?DIID__IOPOSTotalsEvents@@3U_GUID@@BVCComDynamicUnkArray@ATL@@@ATL@@UEAAJPEAU_GUID@@@Z 000000018000444c f i Totals.obj
 0001:00003468       ?GetConnectionPointContainer@?$IConnectionPointImpl@VCOPOSTotals@@$1?DIID__IOPOSTotalsEvents@@3U_GUID@@BVCComDynamicUnkArray@ATL@@@ATL@@UEAAJPEAPEAUIConnectionPointContainer@@@Z 0000000180004468 f i Totals.obj
 0001:00003488       ?UpdateRegistry@COPOSTotals@@SAJH@Z 0000000180004488 f i Totals.obj
 0001:000034a0       ?ProcessWindowMessage@COPOSTotals@@UEAAHPEAUHWND__@@I_K_JAEA_JK@Z 00000001800044a0 f i Totals.obj
 0001:00003528       ?SODirectIO@COPOSTotals@@MEAAJJPEAJPEAPEA_W@Z 0000000180004528 f i Totals.obj
 0001:000035a0       ?SOStatusUpdate@COPOSTotals@@MEAAJJ@Z 00000001800045a0 f i Totals.obj
 0001:000035f0       ??$AtlModuleRegisterWndClassInfoT@VAtlModuleRegisterWndClassInfoParamW@ATL@@@ATL@@YAGPEAU_ATL_BASE_MODULE70@0@PEAU_ATL_WIN_MODULE70@0@PEAU_ATL_WNDCLASSINFOW@0@PEAP6A_JPEAUHWND__@@I_K_J@ZVAtlModuleRegisterWndClassInfoParamW@0@@Z 00000001800045f0 f i Totals.obj
 0001:000037f0       ??0?$CComContainedObject@VCOPOSTotals@@@ATL@@QEAA@PEAX@Z 00000001800047f0 f i Totals.obj
 0001:0000390c       ??0?$CComObject@VCOPOSTotals@@@ATL@@QEAA@PEAX@Z 000000018000490c f i Totals.obj
 0001:00003a24       ??0CAtlModule@ATL@@QEAA@XZ 0000000180004a24 f i Totals.obj
 0001:00003aa0       ??1?$CComEnumImpl@UIEnumConnectionPoints@@$1?_GUID_b196b285_bab4_101a_b69c_00aa00341d07@@3U__s_GUID@@BPEAUIConnectionPoint@@V?$_CopyInterface@UIConnectionPoint@@@ATL@@@ATL@@UEAA@XZ 0000000180004aa0 f i Totals.obj
 0001:00003afc       ??1?$CComEnumImpl@UIEnumConnections@@$1?_GUID_b196b287_bab4_101a_b69c_00aa00341d07@@3U__s_GUID@@BUtagCONNECTDATA@@V?$_Copy@UtagCONNECTDATA@@@ATL@@@ATL@@UEAA@XZ 0000000180004afc f i Totals.obj
 0001:00003b58       ??1?$CComObject@VCOPOSTotals@@@ATL@@UEAA@XZ 0000000180004b58 f i Totals.obj
 0001:00003c78       ??_G?$CComContainedObject@VCOPOSTotals@@@ATL@@UEAAPEAXI@Z 0000000180004c78 f i Totals.obj
 0001:00003c78       ??_E?$CComContainedObject@VCOPOSTotals@@@ATL@@UEAAPEAXI@Z 0000000180004c78 f i Totals.obj
 0001:00003cac       ??_G?$CComObject@VCOPOSTotals@@@ATL@@UEAAPEAXI@Z 0000000180004cac f i Totals.obj
 0001:00003cac       ??_E?$CComObject@VCOPOSTotals@@@ATL@@UEAAPEAXI@Z 0000000180004cac f i Totals.obj
 0001:00003ce0       ?Add@?$CSimpleArray@GV?$CSimpleArrayEqualHelper@G@ATL@@@ATL@@QEAAHAEBG@Z 0000000180004ce0 f i Totals.obj
 0001:00003d94       ?Add@?$CSimpleMap@PEA_WPEA_WVCExpansionVectorEqualHelper@ATL@@@ATL@@QEAAHAEBQEA_W0@Z 0000000180004d94 f i Totals.obj
 0001:00003e34       ?Add@CComDynamicUnkArray@ATL@@QEAAKPEAUIUnknown@@@Z 0000000180004e34 f i Totals.obj
 0001:00003f2c       ?Add@CExpansionVector@ATL@@QEAAHPEB_W0@Z 0000000180004f2c f i Totals.obj
 0001:000040bc       ?AddValue@CRegParser@ATL@@IEAAJAEAVCRegKey@2@PEB_WPEA_W@Z 00000001800050bc f i Totals.obj
 0001:00004504       ?AllocateHeap@?$CTempBuffer@_W$0BAA@VCCRTAllocator@ATL@@@ATL@@AEAAX_K@Z 0000000180005504 f i Totals.obj
 0001:00004504       ?AllocateHeap@?$CTempBuffer@E$0BAA@VCCRTAllocator@ATL@@@ATL@@AEAAX_K@Z 0000000180005504 f i Totals.obj
 0001:00004504       ?AllocateHeap@?$CTempBuffer@_W$0EAA@VCCRTAllocator@ATL@@@ATL@@AEAAX_K@Z 0000000180005504 f i Totals.obj
 0001:00004530       ?Append@CParseBuffer@CRegParser@ATL@@QEAAHPEB_WH@Z 0000000180005530 f i Totals.obj
 0001:00004648       ?AtlCallTermFunc@ATL@@YAXPEAU_ATL_MODULE70@1@@Z 0000000180005648 f i Totals.obj
 0001:000046ac       ?AtlComModuleGetClassObject@ATL@@YAJPEAU_ATL_COM_MODULE70@1@AEBU_GUID@@1PEAPEAX@Z 00000001800056ac f i Totals.obj
 0001:000047ec       ?AtlComModuleRegisterServer@ATL@@YAJPEAU_ATL_COM_MODULE70@1@HPEBU_GUID@@@Z 00000001800057ec f i Totals.obj
 0001:000048ac       ?AtlComModuleUnregisterServer@ATL@@YAJPEAU_ATL_COM_MODULE70@1@HPEBU_GUID@@@Z 00000001800058ac f i Totals.obj
 0001:00004968       ?AtlCreateTargetDC@ATL@@YAPEAUHDC__@@PEAU2@PEAUtagDVTARGETDEVICE@@@Z 0000000180005968 f i Totals.obj
 0001:000049dc       ?AtlHiMetricToPixel@ATL@@YAXPEBUtagSIZE@@PEAU2@@Z 00000001800059dc f i Totals.obj
 0001:00004a8c       ?AtlHresultFromLastError@ATL@@YAJXZ 0000000180005a8c f i Totals.obj
 0001:00004aac       ?AtlHresultFromWin32@ATL@@YAJK@Z 0000000180005aac f i Totals.obj
 0001:00004abc       ?AtlIPersistStreamInit_Load@ATL@@YAJPEAUIStream@@PEBUATL_PROPMAP_ENTRY@1@PEAXPEAUIUnknown@@@Z 0000000180005abc f i Totals.obj
 0001:00004cf4       ?AtlIPersistStreamInit_Save@ATL@@YAJPEAUIStream@@HPEBUATL_PROPMAP_ENTRY@1@PEAXPEAUIUnknown@@@Z 0000000180005cf4 f i Totals.obj
 0001:00004f30       ?AtlInternalOleLoadFromStream@ATL@@YAJPEAUIStream@@AEBU_GUID@@PEAPEAXTClassesAllowedInStream@1@K@Z 0000000180005f30 f i Totals.obj
 0001:00005074       ?AtlInternalQueryInterface@ATL@@YAJPEAXPEBU_ATL_INTMAP_ENTRY@1@AEBU_GUID@@PEAPEAX@Z 0000000180006074 f i Totals.obj
 0001:0000517c       ?AtlLoadTypeLib@ATL@@YAJPEAUHINSTANCE__@@PEB_WPEAPEA_WPEAPEAUITypeLib@@@Z 000000018000617c f i Totals.obj
 0001:000053d8       ?AtlModuleAddTermFunc@ATL@@YAJPEAU_ATL_MODULE70@1@P6AX_K@Z1@Z 00000001800063d8 f i Totals.obj
 0001:0000546c       ?AtlRegisterClassCategoriesHelper@ATL@@YAJAEBU_GUID@@PEBU_ATL_CATMAP_ENTRY@1@H@Z 000000018000646c f i Totals.obj
 0001:000058d0       ?AtlRegisterTypeLib@ATL@@YAJPEAUHINSTANCE__@@PEB_W@Z 00000001800068d0 f i Totals.obj
 0001:00005acc       ?AtlThrowImpl@ATL@@YAXJ@Z  0000000180006acc f i Totals.obj
 0001:00005af0       ?AtlUnRegisterTypeLib@ATL@@YAJPEAUHINSTANCE__@@PEB_W@Z 0000000180006af0 f i Totals.obj
 0001:00005bb8       ?AtlWinModuleExtractCreateWndData@ATL@@YAPEAXPEAU_ATL_WIN_MODULE70@1@@Z 0000000180006bb8 f i Totals.obj
 0001:00005c44       ?Cleanup@CComTypeInfoHolder@ATL@@SAX_K@Z 0000000180006c44 f i Totals.obj
 0001:00005c84       ?ClearReplacements@CExpansionVector@ATL@@QEAAJXZ 0000000180006c84 f i Totals.obj
 0001:00005d20       ?CreateInstance@?$CComCreator@V?$CComAggObject@VCOPOSTotals@@@ATL@@@ATL@@SAJPEAXAEBU_GUID@@PEAPEAX@Z 0000000180006d20 f i Totals.obj
 0001:00005df8       ?CreateInstance@?$CComCreator@V?$CComObject@VCOPOSTotals@@@ATL@@@ATL@@SAJPEAXAEBU_GUID@@PEAPEAX@Z 0000000180006df8 f i Totals.obj
 0001:00005eb0       ?CreateInstance@?$CComObject@V?$CComEnum@UIEnumConnectionPoints@@$1?_GUID_b196b285_bab4_101a_b69c_00aa00341d07@@3U__s_GUID@@BPEAUIConnectionPoint@@V?$_CopyInterface@UIConnectionPoint@@@ATL@@VCComSingleThreadModel@6@@ATL@@@ATL@@SAJPEAPEAV12@@Z 0000000180006eb0 f i Totals.obj
 0001:00005f3c       ?CreateInstance@?$CComObject@V?$CComEnum@UIEnumConnections@@$1?_GUID_b196b287_bab4_101a_b69c_00aa00341d07@@3U__s_GUID@@BUtagCONNECTDATA@@V?$_Copy@UtagCONNECTDATA@@@ATL@@VCComSingleThreadModel@6@@ATL@@@ATL@@SAJPEAPEAV12@@Z 0000000180006f3c f i Totals.obj
 0001:00005fc8       ?DefaultReflectionHandler@?$CWindowImplRoot@VCWindow@ATL@@@ATL@@SAHPEAUHWND__@@I_K_JAEA_J@Z 0000000180006fc8 f i Totals.obj
 0001:0000602c       ?DoEvent@COPOSTotals@@IEAAXI_K_J@Z 000000018000702c f i Totals.obj
 0001:000060e0       ?DoVerbPrimary@?$IOleObjectImpl@VCOPOSTotals@@@ATL@@QEAAJPEBUtagRECT@@PEAUHWND__@@@Z 00000001800070e0 f i Totals.obj
 0001:00006208       ?DoVerbProperties@CComControlBase@ATL@@QEAAJPEBUtagRECT@@PEAUHWND__@@@Z 0000000180007208 f i Totals.obj
 0001:00006430       ?FireTheEvent@?$CProxy_IOPOSEvents@VCOPOSTotals@@@@IEAAXPEAVOposVariant@@IAEAJPEB_WJ@Z 0000000180007430 f i Totals.obj
 0001:0000651c       ?FireViewChange@CComControlBase@ATL@@QEAAJXZ 000000018000751c f i Totals.obj
 0001:00006580       ?Fire_DirectIOEvent@?$CProxy_IOPOSEvents@VCOPOSTotals@@@@QEAAXJPEAJPEAPEA_W@Z 0000000180007580 f i Totals.obj
 0001:000066d8       ?Fire_StatusUpdateEvent@?$CProxy_IOPOSEvents@VCOPOSTotals@@@@QEAAXJ@Z 00000001800076d8 f i Totals.obj
 0001:000067c4       ?FreeHeap@?$CTempBuffer@_W$0EAA@VCCRTAllocator@ATL@@@ATL@@AEAAXXZ 00000001800077c4 f i Totals.obj
 0001:000067c4       ?FreeHeap@?$CTempBuffer@_W$0BAA@VCCRTAllocator@ATL@@@ATL@@AEAAXXZ 00000001800077c4 f i Totals.obj
 0001:000067c4       ?FreeHeap@?$CTempBuffer@E$0BAA@VCCRTAllocator@ATL@@@ATL@@AEAAXXZ 00000001800077c4 f i Totals.obj
 0001:000067cc       ?GetAmbientLocaleID@CComControlBase@ATL@@QEAAJAEAK@Z 00000001800077cc f i Totals.obj
 0001:0000688c       ?GetAmbientUserMode@CComControlBase@ATL@@QEAAJAEAH@Z 000000018000788c f i Totals.obj
 0001:00006960       ?GetClassObject@CComModule@ATL@@QEAAJAEBU_GUID@@0PEAPEAX@Z 0000000180007960 f i Totals.obj
 0001:00006a54       ?GetConnMap@COPOSTotals@@SAPEBU_ATL_CONNMAP_ENTRY@ATL@@PEAH@Z 0000000180007a54 f i Totals.obj
 0001:00006adc       ?GetIDsOfNames@CComTypeInfoHolder@ATL@@QEAAJAEBU_GUID@@PEAPEA_WIKPEAJ@Z 0000000180007adc f i Totals.obj
 0001:00006c54       ?GetPagesHelper@?$ISpecifyPropertyPagesImpl@VCOPOSTotals@@@ATL@@IEAAJPEAUtagCAUUID@@PEBUATL_PROPMAP_ENTRY@2@@Z 0000000180007c54 f i Totals.obj
 0001:00006df4       ?GetSizeMax@CComVariant@ATL@@QEBAJPEAT_ULARGE_INTEGER@@@Z 0000000180007df4 f i Totals.obj
 0001:00007028       ?GetTI@CComTypeInfoHolder@ATL@@QEAAJK@Z 0000000180008028 f i Totals.obj
 0001:000072a0       ?GetZoomInfo@CComControlBase@ATL@@QEAAXAEAUATL_DRAWINFO@@@Z 00000001800082a0 f i Totals.obj
 0001:00007344       ?HKeyFromString@CRegParser@ATL@@KAPEAUHKEY__@@PEA_W@Z 0000000180008344 f i Totals.obj
 0001:000073a8       ?IDataObject_GetData@CComControlBase@ATL@@QEAAJPEAUtagFORMATETC@@PEAUtagSTGMEDIUM@@@Z 00000001800083a8 f i Totals.obj
 0001:0000759c       ?IOleInPlaceObject_InPlaceDeactivate@CComControlBase@ATL@@QEAAJXZ 000000018000859c f i Totals.obj
 0001:0000763c       ?IOleInPlaceObject_SetObjectRects@CComControlBase@ATL@@QEAAJPEBUtagRECT@@0@Z 000000018000863c f i Totals.obj
 0001:0000772c       ?IOleInPlaceObject_UIDeactivate@CComControlBase@ATL@@QEAAJXZ 000000018000872c f i Totals.obj
 0001:00007838       ?IOleObject_Close@CComControlBase@ATL@@QEAAJK@Z 0000000180008838 f i Totals.obj
 0001:00007950       ?IOleObject_SetClientSite@CComControlBase@ATL@@QEAAJPEAUIOleClientSite@@@Z 0000000180008950 f i Totals.obj
 0001:000079c8       ?IOleObject_SetExtent@CComControlBase@ATL@@QEAAJKPEAUtagSIZE@@@Z 00000001800089c8 f i Totals.obj
 0001:00007a60       ?IPSI_GetIPersistStreamInit@?$IPersistStorageImpl@VCOPOSTotals@@@ATL@@AEAAPEAUIPersistStreamInit@@XZ 0000000180008a60 f i Totals.obj
 0001:00007abc       ?IQuickActivate_QuickActivate@CComControlBase@ATL@@QEAAJPEAUtagQACONTAINER@@PEAUtagQACONTROL@@@Z 0000000180008abc f i Totals.obj
 0001:00007d80       ?IViewObject_Draw@CComControlBase@ATL@@QEAAJKJPEAXPEAUtagDVTARGETDEVICE@@PEAUHDC__@@2PEBU_RECTL@@3@Z 0000000180008d80 f i Totals.obj
 0001:00007e94       ?InPlaceActivate@CComControlBase@ATL@@QEAAJJPEBUtagRECT@@@Z 0000000180008e94 f i Totals.obj
 0001:000081cc       ?Init@?$CComEnumImpl@UIEnumConnectionPoints@@$1?_GUID_b196b285_bab4_101a_b69c_00aa00341d07@@3U__s_GUID@@BPEAUIConnectionPoint@@V?$_CopyInterface@UIConnectionPoint@@@ATL@@@ATL@@QEAAJPEAPEAUIConnectionPoint@@0PEAUIUnknown@@W4CComEnumFlags@2@@Z 00000001800091cc f i Totals.obj
 0001:000082ec       ?Init@?$CComEnumImpl@UIEnumConnections@@$1?_GUID_b196b287_bab4_101a_b69c_00aa00341d07@@3U__s_GUID@@BUtagCONNECTDATA@@V?$_Copy@UtagCONNECTDATA@@@ATL@@@ATL@@QEAAJPEAUtagCONNECTDATA@@0PEAUIUnknown@@W4CComEnumFlags@2@@Z 00000001800092ec f i Totals.obj
 0001:00008410       ?IsEqualObject@?$CComPtrBase@UITypeInfo@@@ATL@@QEAA_NPEAUIUnknown@@@Z 0000000180009410 f i Totals.obj
 0001:00008410       ?IsEqualObject@?$CComPtrBase@UIOleClientSite@@@ATL@@QEAA_NPEAUIUnknown@@@Z 0000000180009410 f i Totals.obj
 0001:0000849c       ?LoadNameCache@CComTypeInfoHolder@ATL@@QEAAJPEAUITypeInfo@@@Z 000000018000949c f i Totals.obj
 0001:00008620       ?Lookup@?$CSimpleMap@PEA_WPEA_WVCExpansionVectorEqualHelper@ATL@@@ATL@@QEBAPEA_WAEBQEA_W@Z 0000000180009620 f i Totals.obj
 0001:000086ac       ?NextToken@CRegParser@ATL@@IEAAJPEA_W@Z 00000001800096ac f i Totals.obj
 0001:00008864       ?OnKillFocus@CComControlBase@ATL@@QEAA_JI_K_JAEAH@Z 0000000180009864 f i Totals.obj
 0001:00008900       ?OnMouseActivate@CComControlBase@ATL@@QEAA_JI_K_JAEAH@Z 0000000180009900 f i Totals.obj
 0001:000089a0       ?OnPaint@CComControlBase@ATL@@QEAA_JI_K_JAEAH@Z 00000001800099a0 f i Totals.obj
 0001:00008a8c       ?OnSetFocus@CComControlBase@ATL@@QEAA_JI_K_JAEAH@Z 0000000180009a8c f i Totals.obj
 0001:00008b88       ?Open@CRegKey@ATL@@QEAAJPEAUHKEY__@@PEB_WK@Z 0000000180009b88 f i Totals.obj
 0001:00008c04       ?PreProcessBuffer@CRegParser@ATL@@QEAAJPEA_WPEAPEA_W@Z 0000000180009c04 f i Totals.obj
 0001:00008f88       ?ProcessWindowMessage@?$CComControl@VCOPOSTotals@@V?$CWindowImpl@VCOPOSTotals@@VCWindow@ATL@@V?$CWinTraits@$0FGAAAAAA@$0A@@3@@ATL@@@ATL@@UEAAHPEAUHWND__@@I_K_JAEA_JK@Z 0000000180009f88 f i Totals.obj
 0001:0000906c       ?PutProperty@?$CComPtr@UIDispatch@@@ATL@@SAJPEAUIDispatch@@JPEAUtagVARIANT@@@Z 000000018000a06c f i Totals.obj
 0001:00009170       ?ReadFromStream@CComBSTR@ATL@@QEAAJPEAUIStream@@@Z 000000018000a170 f i Totals.obj
 0001:000092cc       ?ReadFromStream@CComVariant@ATL@@QEAAJPEAUIStream@@GTClassesAllowedInStream@2@K@Z 000000018000a2cc f i Totals.obj
 0001:000094dc       ?RecurseDeleteKey@CRegKey@ATL@@QEAAJPEB_W@Z 000000018000a4dc f i Totals.obj
 0001:00009600       ?RegCreateKeyExW@CAtlTransactionManager@ATL@@QEAAJPEAUHKEY__@@PEB_WKPEA_WKKQEAU_SECURITY_ATTRIBUTES@@PEAPEAU3@PEAK@Z 000000018000a600 f i Totals.obj
 0001:00009734       ?RegDeleteKeyW@CAtlTransactionManager@ATL@@QEAAJPEAUHKEY__@@PEB_W@Z 000000018000a734 f i Totals.obj
 0001:000097c0       ?RegOpenKeyExW@CAtlTransactionManager@ATL@@QEAAJPEAUHKEY__@@PEB_WKKPEAPEAU3@@Z 000000018000a7c0 f i Totals.obj
 0001:00009878       ?RegisterBuffer@CRegParser@ATL@@QEAAJPEA_WH@Z 000000018000a878 f i Totals.obj
 0001:000099e0       ?RegisterFromResource@CRegObject@ATL@@IEAAJPEB_W00H@Z 000000018000a9e0 f i Totals.obj
 0001:00009b9c       ?RegisterServer@CComModule@ATL@@QEAAJHPEBU_GUID@@@Z 000000018000ab9c f i Totals.obj
 0001:00009c5c       ?RegisterSubkeys@CRegParser@ATL@@IEAAJPEA_WPEAUHKEY__@@HH@Z 000000018000ac5c f i Totals.obj
 0001:0000a34c       ?SendOnDataChange@CComControlBase@ATL@@QEAAJK@Z 000000018000b34c f i Totals.obj
 0001:0000a3bc       ?SetControlFocus@CComControlBase@ATL@@QEAAHH@Z 000000018000b3bc f i Totals.obj
 0001:0000a498       ?SkipAssignment@CRegParser@ATL@@IEAAJPEA_W@Z 000000018000b498 f i Totals.obj
 0001:0000a53c       ?Term@CComModule@ATL@@QEAAXXZ 000000018000b53c f i Totals.obj
 0001:0000a5e8       ?UnregisterServer@CComModule@ATL@@QEAAJHPEBU_GUID@@@Z 000000018000b5e8 f i Totals.obj
 0001:0000a698       ?UpdateRegistryFromResource@CAtlModule@ATL@@QEAAJIHPEAU_ATL_REGMAP_ENTRY@2@@Z 000000018000b698 f i Totals.obj
 0001:0000a9d0       ?UpdateRegistryFromResource@CAtlModule@ATL@@QEAAJPEB_WHPEAU_ATL_REGMAP_ENTRY@2@@Z 000000018000b9d0 f i Totals.obj
 0001:0000ad28       ?VTFromRegType@CRegParser@ATL@@KAHPEB_WAEAG@Z 000000018000bd28 f i Totals.obj
 0001:0000adc4       ?WindowProc@?$CWindowImplBaseT@VCWindow@ATL@@V?$CWinTraits@$0FGAAAAAA@$0A@@2@@ATL@@SA_JPEAUHWND__@@I_K_J@Z 000000018000bdc4 f i Totals.obj
 0001:0000af30       ?WriteToStream@CComBSTR@ATL@@QEAAJPEAUIStream@@@Z 000000018000bf30 f i Totals.obj
 0001:0000afb0       ?WriteToStream@CComVariant@ATL@@QEAAJPEAUIStream@@@Z 000000018000bfb0 f i Totals.obj
 0001:0000b1c4       ?WriteToStream@CComVariant@ATL@@QEAAJPEAUIStream@@G@Z 000000018000c1c4 f i Totals.obj
 0001:0000b25c       ?_AtlVerifyStackAvailable@_ATL_SAFE_ALLOCA_IMPL@ATL@@YA_N_K@Z 000000018000c25c f i Totals.obj
 0001:0000b2e0       ?atlCreate@?$CWindowImpl@VCOPOSTotals@@VCWindow@ATL@@V?$CWinTraits@$0FGAAAAAA@$0A@@3@@ATL@@QEAAPEAUHWND__@@PEAU3@V_U_RECT@2@PEB_WKKV_U_MENUorID@2@PEAX@Z 000000018000c2e0 f i Totals.obj
 0001:0000b390       ?atlCreate@?$CWindowImplBaseT@VCWindow@ATL@@V?$CWinTraits@$0FGAAAAAA@$0A@@2@@ATL@@QEAAPEAUHWND__@@PEAU3@V_U_RECT@2@PEB_WKKV_U_MENUorID@2@GPEAX@Z 000000018000c390 f i Totals.obj
 0001:0000b500       ?atlCreate@CRegKey@ATL@@QEAAJPEAUHKEY__@@PEB_WPEA_WKKPEAU_SECURITY_ATTRIBUTES@@PEAK@Z 000000018000c500 f i Totals.obj
 0001:0000b5e4       DllCanUnloadNow            000000018000c5e4 f   Totals.obj
 0001:0000b5f0       DllGetClassObject          000000018000c5f0 f   Totals.obj
 0001:0000b608       DllMain                    000000018000c608 f   Totals.obj
 0001:0000b6b0       DllRegisterServer          000000018000c6b0 f   Totals.obj
 0001:0000b6c4       DllUnregisterServer        000000018000c6c4 f   Totals.obj
 0001:0000b6d8       __local_stdio_printf_options 000000018000c6d8 f i Totals.obj
 0001:0000b768       swprintf_s                 000000018000c768 f i Totals.obj
 0001:0000b7bc       ??0COPOSTotals@@QEAA@XZ    000000018000c7bc f   TotalsImpl.obj
 0001:0000b878       ??1?$IConnectionPointImpl@VCOPOSTotals@@$1?IID_IPropertyNotifySink@@3U_GUID@@BVCComDynamicUnkArray@ATL@@@ATL@@QEAA@XZ 000000018000c878 f i TotalsImpl.obj
 0001:0000b878       ??1?$IConnectionPointImpl@VCOPOSTotals@@$1?DIID__IOPOSTotalsEvents@@3U_GUID@@BVCComDynamicUnkArray@ATL@@@ATL@@QEAA@XZ 000000018000c878 f i TotalsImpl.obj
 0001:0000b8d4       ??1CComControlBase@ATL@@UEAA@XZ 000000018000c8d4 f i TotalsImpl.obj
 0001:0000b950       ??1COPOSTotals@@UEAA@XZ    000000018000c950 f   TotalsImpl.obj
 0001:0000b9b4       ?BeginTrans@COPOSTotals@@UEAAJPEAJ@Z 000000018000c9b4 f   TotalsImpl.obj
 0001:0000b9dc       ?CheckHealth@COPOSTotals@@UEAAJJPEAJ@Z 000000018000c9dc f   TotalsImpl.obj
 0001:0000ba58       ?ClaimDevice@COPOSTotals@@UEAAJJPEAJ@Z 000000018000ca58 f   TotalsImpl.obj
 0001:0000baf0       ?ClaimFile@COPOSTotals@@UEAAJJJPEAJ@Z 000000018000caf0 f   TotalsImpl.obj
 0001:0000bbbc       ?Close@COPOSTotals@@UEAAJPEAJ@Z 000000018000cbbc f   TotalsImpl.obj
 0001:0000bc74       ?CommitTrans@COPOSTotals@@UEAAJPEAJ@Z 000000018000cc74 f   TotalsImpl.obj
 0001:0000bc9c       ?CompareFirmwareVersion@COPOSTotals@@UEAAJPEA_WPEAJ1@Z 000000018000cc9c f   TotalsImpl.obj
 0001:0000bd78       ?Create@COPOSTotals@@UEAAJPEA_WPEAJJF1@Z 000000018000cd78 f   TotalsImpl.obj
 0001:0000be74       ?Delete@COPOSTotals@@UEAAJPEA_WPEAJ@Z 000000018000ce74 f   TotalsImpl.obj
 0001:0000befc       ?DirectIO@COPOSTotals@@UEAAJJPEAJPEAPEA_W0@Z 000000018000cefc f   TotalsImpl.obj
 0001:0000bff8       ?DoInvoke@COPOSTotals@@IEAAJJPEAVOposVariant@@IHPEAJ_N@Z 000000018000cff8 f   TotalsImpl.obj
 0001:0000c12c       ?EventInit@COPOSTotals@@IEAAJXZ 000000018000d12c f i TotalsImpl.obj
 0001:0000c274       ?EventUninit@COPOSTotals@@IEAAXXZ 000000018000d274 f i TotalsImpl.obj
 0001:0000c2d8       ?EventWindowProc@COPOSTotals@@IEAA_JI_K_J@Z 000000018000d2d8 f i TotalsImpl.obj
 0001:0000c3d0       ?FinalConstruct@COPOSTotals@@QEAAJXZ 000000018000d3d0 f   TotalsImpl.obj
 0001:0000c40c       ?Find@COPOSTotals@@UEAAJPEA_WPEAJ11@Z 000000018000d40c f   TotalsImpl.obj
 0001:0000c4f8       ?FindByIndex@COPOSTotals@@UEAAJJPEAPEA_WPEAJ@Z 000000018000d4f8 f   TotalsImpl.obj
 0001:0000c5d0       ?FreezeEvents@COPOSTotals@@MEAAJH@Z 000000018000d5d0 f   TotalsImpl.obj
 0001:0000c644       ?GetOposProp@COPOSTotals@@IEAAJJPEAJJ@Z 000000018000d644 f   TotalsImpl.obj
 0001:0000c760       ?GetOposProp@COPOSTotals@@IEAAJJPEAPEA_WJ@Z 000000018000d760 f   TotalsImpl.obj
 0001:0000c88c       ?OnDraw@COPOSTotals@@MEAAJAEAUATL_DRAWINFO@@@Z 000000018000d88c f   TotalsImpl.obj
 0001:0000c978       ?Open@COPOSTotals@@UEAAJPEA_WPEAJ@Z 000000018000d978 f   TotalsImpl.obj
 0001:0000d200       ?Read@COPOSTotals@@UEAAJJPEAPEA_WJJPEAJ@Z 000000018000e200 f   TotalsImpl.obj
 0001:0000d30c       ?RecalculateValidationData@COPOSTotals@@UEAAJJPEAJ@Z 000000018000e30c f   TotalsImpl.obj
 0001:0000d388       ?ReleaseDevice@COPOSTotals@@UEAAJPEAJ@Z 000000018000e388 f   TotalsImpl.obj
 0001:0000d3cc       ?ReleaseFile@COPOSTotals@@UEAAJJPEAJ@Z 000000018000e3cc f   TotalsImpl.obj
 0001:0000d448       ?Rename@COPOSTotals@@UEAAJJPEA_WPEAJ@Z 000000018000e448 f   TotalsImpl.obj
 0001:0000d520       ?ResetStatistics@COPOSTotals@@UEAAJPEA_WPEAJ@Z 000000018000e520 f   TotalsImpl.obj
 0001:0000d5a8       ?RetrieveStatistics@COPOSTotals@@UEAAJPEAPEA_WPEAJ@Z 000000018000e5a8 f   TotalsImpl.obj
 0001:0000d630       ?Rollback@COPOSTotals@@UEAAJPEAJ@Z 000000018000e630 f   TotalsImpl.obj
 0001:0000d658       ?SOProcessID@COPOSTotals@@UEAAJPEAJ@Z 000000018000e658 f   TotalsImpl.obj
 0001:0000d674       ?SetAll@COPOSTotals@@UEAAJJJPEAJ@Z 000000018000e674 f   TotalsImpl.obj
 0001:0000d740       ?SetCOFreezeEvents@COPOSTotals@@IEAAXF@Z 000000018000e740 f   TotalsImpl.obj
 0001:0000d824       ?SetOposProp@COPOSTotals@@IEAAJJJJ@Z 000000018000e824 f   TotalsImpl.obj
 0001:0000d984       ?UpdateFirmware@COPOSTotals@@UEAAJPEA_WPEAJ@Z 000000018000e984 f   TotalsImpl.obj
 0001:0000da0c       ?UpdateStatistics@COPOSTotals@@UEAAJPEA_WPEAJ@Z 000000018000ea0c f   TotalsImpl.obj
 0001:0000da94       ?ValidateData@COPOSTotals@@UEAAJJPEAJ@Z 000000018000ea94 f   TotalsImpl.obj
 0001:0000db10       ?Write@COPOSTotals@@UEAAJJPEA_WJJPEAJ@Z 000000018000eb10 f   TotalsImpl.obj
 0001:0000dc1c       ?get_BinaryConversion@COPOSTotals@@UEAAJPEAJ@Z 000000018000ec1c f   TotalsImpl.obj
 0001:0000dc30       ?get_CapCompareFirmwareVersion@COPOSTotals@@UEAAJPEAF@Z 000000018000ec30 f   TotalsImpl.obj
 0001:0000dc64       ?get_CapErrorDetection@COPOSTotals@@UEAAJPEAF@Z 000000018000ec64 f   TotalsImpl.obj
 0001:0000dc94       ?get_CapPowerReporting@COPOSTotals@@UEAAJPEAJ@Z 000000018000ec94 f   TotalsImpl.obj
 0001:0000dca8       ?get_CapSingleFile@COPOSTotals@@UEAAJPEAF@Z 000000018000eca8 f   TotalsImpl.obj
 0001:0000dcd8       ?get_CapStatisticsReporting@COPOSTotals@@UEAAJPEAF@Z 000000018000ecd8 f   TotalsImpl.obj
 0001:0000dd0c       ?get_CapTransactions@COPOSTotals@@UEAAJPEAF@Z 000000018000ed0c f   TotalsImpl.obj
 0001:0000dd3c       ?get_CapUpdateFirmware@COPOSTotals@@UEAAJPEAF@Z 000000018000ed3c f   TotalsImpl.obj
 0001:0000dd70       ?get_CapUpdateStatistics@COPOSTotals@@UEAAJPEAF@Z 000000018000ed70 f   TotalsImpl.obj
 0001:0000dda4       ?get_CheckHealthText@COPOSTotals@@UEAAJPEAPEA_W@Z 000000018000eda4 f   TotalsImpl.obj
 0001:0000ddb4       ?get_Claimed@COPOSTotals@@UEAAJPEAF@Z 000000018000edb4 f   TotalsImpl.obj
 0001:0000dde4       ?get_ControlObjectDescription@COPOSTotals@@UEAAJPEAPEA_W@Z 000000018000ede4 f   TotalsImpl.obj
 0001:0000de48       ?get_ControlObjectVersion@COPOSTotals@@UEAAJPEAJ@Z 000000018000ee48 f   TotalsImpl.obj
 0001:0000de54       ?get_DeviceDescription@COPOSTotals@@UEAAJPEAPEA_W@Z 000000018000ee54 f   TotalsImpl.obj
 0001:0000de64       ?get_DeviceEnabled@COPOSTotals@@UEAAJPEAF@Z 000000018000ee64 f   TotalsImpl.obj
 0001:0000de94       ?get_DeviceName@COPOSTotals@@UEAAJPEAPEA_W@Z 000000018000ee94 f   TotalsImpl.obj
 0001:0000dea4       ?get_FreeData@COPOSTotals@@UEAAJPEAJ@Z 000000018000eea4 f   TotalsImpl.obj
 0001:0000deb4       ?get_FreezeEvents@COPOSTotals@@UEAAJPEAF@Z 000000018000eeb4 f   TotalsImpl.obj
 0001:0000dee4       ?get_NumberOfFiles@COPOSTotals@@UEAAJPEAJ@Z 000000018000eee4 f   TotalsImpl.obj
 0001:0000def4       ?get_OpenResult@COPOSTotals@@UEAAJPEAJ@Z 000000018000eef4 f   TotalsImpl.obj
 0001:0000df00       ?get_PowerNotify@COPOSTotals@@UEAAJPEAJ@Z 000000018000ef00 f   TotalsImpl.obj
 0001:0000df14       ?get_PowerState@COPOSTotals@@UEAAJPEAJ@Z 000000018000ef14 f   TotalsImpl.obj
 0001:0000df28       ?get_ResultCode@COPOSTotals@@UEAAJPEAJ@Z 000000018000ef28 f   TotalsImpl.obj
 0001:0000df64       ?get_ResultCodeExtended@COPOSTotals@@UEAAJPEAJ@Z 000000018000ef64 f   TotalsImpl.obj
 0001:0000df74       ?get_ServiceObjectDescription@COPOSTotals@@UEAAJPEAPEA_W@Z 000000018000ef74 f   TotalsImpl.obj
 0001:0000df84       ?get_ServiceObjectVersion@COPOSTotals@@UEAAJPEAJ@Z 000000018000ef84 f   TotalsImpl.obj
 0001:0000df94       ?get_State@COPOSTotals@@UEAAJPEAJ@Z 000000018000ef94 f   TotalsImpl.obj
 0001:0000dfc0       ?get_TotalsSize@COPOSTotals@@UEAAJPEAJ@Z 000000018000efc0 f   TotalsImpl.obj
 0001:0000dfd0       ?get_TransactionInProgress@COPOSTotals@@UEAAJPEAF@Z 000000018000efd0 f   TotalsImpl.obj
 0001:0000e000       ?put_BinaryConversion@COPOSTotals@@UEAAJJ@Z 000000018000f000 f   TotalsImpl.obj
 0001:0000e014       ?put_DeviceEnabled@COPOSTotals@@UEAAJF@Z 000000018000f014 f   TotalsImpl.obj
 0001:0000e02c       ?put_FreezeEvents@COPOSTotals@@UEAAJF@Z 000000018000f02c f   TotalsImpl.obj
 0001:0000e07c       ?put_PowerNotify@COPOSTotals@@UEAAJJ@Z 000000018000f07c f   TotalsImpl.obj
 0001:0000e090       ?s_EventWindowProc@COPOSTotals@@KA_JPEAUHWND__@@I_K_J@Z 000000018000f090 f i TotalsImpl.obj
 0001:0000e10c       ??_U@YAPEAX_K@Z            000000018000f10c f   LIBCMT:new_array.obj
 0001:0000e114       ??3@YAXPEAX_K@Z            000000018000f114 f   LIBCMT:delete_scalar_size.obj
 0001:0000e114       ??_V@YAXPEAX@Z             000000018000f114 f   LIBCMT:delete_array.obj
 0001:0000e11c       ??_V@YAXPEAX_K@Z           000000018000f11c f   LIBCMT:delete_array_size.obj
 0001:0000e124       __scrt_acquire_startup_lock 000000018000f124 f   LIBCMT:utility.obj
 0001:0000e160       __scrt_dllmain_after_initialize_c 000000018000f160 f   LIBCMT:utility.obj
 0001:0000e194       __scrt_dllmain_before_initialize_c 000000018000f194 f   LIBCMT:utility.obj
 0001:0000e1ac       __scrt_dllmain_crt_thread_attach 000000018000f1ac f   LIBCMT:utility.obj
 0001:0000e1d4       __scrt_dllmain_crt_thread_detach 000000018000f1d4 f   LIBCMT:utility.obj
 0001:0000e1ec       __scrt_dllmain_exception_filter 000000018000f1ec f   LIBCMT:utility.obj
 0001:0000e24c       __scrt_dllmain_uninitialize_c 000000018000f24c f   LIBCMT:utility.obj
 0001:0000e27c       __scrt_dllmain_uninitialize_critical 000000018000f27c f   LIBCMT:utility.obj
 0001:0000e290       __scrt_initialize_crt      000000018000f290 f   LIBCMT:utility.obj
 0001:0000e2dc       __scrt_initialize_onexit_tables 000000018000f2dc f   LIBCMT:utility.obj
 0001:0000e3b4       __scrt_is_nonwritable_in_current_image 000000018000f3b4 f   LIBCMT:utility.obj
 0001:0000e450       __scrt_release_startup_lock 000000018000f450 f   LIBCMT:utility.obj
 0001:0000e474       __scrt_uninitialize_crt    000000018000f474 f   LIBCMT:utility.obj
 0001:0000e4a0       _onexit                    000000018000f4a0 f   LIBCMT:utility.obj
 0001:0000e4f0       atexit                     000000018000f4f0 f   LIBCMT:utility.obj
 0001:0000e508       ??3@YAXPEAX@Z              000000018000f508 f   LIBCMT:delete_scalar.obj
 0001:0000e698       _Init_thread_footer        000000018000f698 f   LIBCMT:thread_safe_statics.obj
 0001:0000e6f8       _Init_thread_header        000000018000f6f8 f   LIBCMT:thread_safe_statics.obj
 0001:0000e760       _Init_thread_notify        000000018000f760 f   LIBCMT:thread_safe_statics.obj
 0001:0000e7b0       _Init_thread_wait          000000018000f7b0 f   LIBCMT:thread_safe_statics.obj
 0001:0000e828       __raise_securityfailure    000000018000f828 f   LIBCMT:gs_report.obj
 0001:0000e85c       __report_gsfailure         000000018000f85c f   LIBCMT:gs_report.obj
 0001:0000e930       __report_rangecheckfailure 000000018000f930 f   LIBCMT:gs_report.obj
 0001:0000e944       __report_securityfailure   000000018000f944 f   LIBCMT:gs_report.obj
 0001:0000eac4       ??2@YAPEAX_KAEBUnothrow_t@std@@@Z 000000018000fac4 f   LIBCMT:new_scalar_nothrow.obj
 0001:0000eae4       ??_U@YAPEAX_KAEBUnothrow_t@std@@@Z 000000018000fae4 f   LIBCMT:new_array_nothrow.obj
 0001:0000eaec       __GSHandlerCheck           000000018000faec f   LIBCMT:_gshandler_.obj
 0001:0000eb0c       __GSHandlerCheckCommon     000000018000fb0c f   LIBCMT:_gshandler_.obj
 0001:0000eb68       __GSHandlerCheck_SEH       000000018000fb68 f   LIBCMT:_gshandlerseh_.obj
 0001:0000ec00       __chkstk                   000000018000fc00 f   LIBCMT:_chkstk_.obj
 0001:0000ec00       _alloca_probe              000000018000fc00 f   LIBCMT:_chkstk_.obj
 0001:0000ec70       __security_check_cookie    000000018000fc70 f   LIBCMT:_amdsecgs_.obj
 0001:0000efc4       _DllMainCRTStartup         000000018000ffc4 f   LIBCMT:dll_dllmain.obj
 0001:0000f004       ??2@YAPEAX_K@Z             0000000180010004 f   LIBCMT:new_scalar.obj
 0001:0000f040       __isa_available_init       0000000180010040 f   LIBCMT:_cpu_disp_.obj
 0001:0000f1fc       _get_startup_argv_mode     00000001800101fc f   LIBCMT:argv_mode.obj
 0001:0000f204       __scrt_is_ucrt_dll_in_use  0000000180010204 f   LIBCMT:ucrt_detection.obj
 0001:0000f210       __crt_debugger_hook        0000000180010210 f   LIBCMT:utility_desktop.obj
 0001:0000f218       __scrt_fastfail            0000000180010218 f   LIBCMT:utility_desktop.obj
 0001:0000f364       _guard_check_icall_nop     0000000180010364 f i LIBCMT:guard_support.obj
 0001:0000f368       __security_init_cookie     0000000180010368 f   LIBCMT:gs_support.obj
 0001:0000f414       ?__scrt_initialize_type_info@@YAXXZ 0000000180010414 f   LIBCMT:tncleanup.obj
 0001:0000f424       ?__scrt_uninitialize_type_info@@YAXXZ 0000000180010424 f   LIBCMT:tncleanup.obj
 0001:0000f430       __local_stdio_scanf_options 0000000180010430 f i LIBCMT:default_local_stdio_options.obj
 0001:0000f438       __scrt_initialize_default_local_stdio_options 0000000180010438 f   LIBCMT:default_local_stdio_options.obj
 0001:0000f454       __scrt_get_dyn_tls_init_callback 0000000180010454 f   LIBCMT:dyn_tls_init.obj
 0001:0000f45c       _RTC_Initialize            000000018001045c f   LIBCMT:_initsect_.obj
 0001:0000f498       _RTC_Terminate             0000000180010498 f   LIBCMT:_initsect_.obj
 0001:0000f4d4       ??0bad_alloc@std@@QEAA@AEBV01@@Z 00000001800104d4 f i LIBCMT:throw_bad_alloc.obj
 0001:0000f514       ??0bad_alloc@std@@QEAA@XZ  0000000180010514 f i LIBCMT:throw_bad_alloc.obj
 0001:0000f534       ??0bad_array_new_length@std@@QEAA@AEBV01@@Z 0000000180010534 f i LIBCMT:throw_bad_alloc.obj
 0001:0000f574       ??0bad_array_new_length@std@@QEAA@XZ 0000000180010574 f i LIBCMT:throw_bad_alloc.obj
 0001:0000f594       ??0exception@std@@QEAA@AEBV01@@Z 0000000180010594 f i LIBCMT:throw_bad_alloc.obj
 0001:0000f5cc       ??1bad_exception@std@@UEAA@XZ 00000001800105cc f i libvcruntime:frame.obj
 0001:0000f5cc       ??1bad_array_new_length@std@@UEAA@XZ 00000001800105cc f i LIBCMT:throw_bad_alloc.obj
 0001:0000f5cc       ??1bad_alloc@std@@UEAA@XZ  00000001800105cc f i LIBCMT:throw_bad_alloc.obj
 0001:0000f5e0       ??_Gbad_exception@std@@UEAAPEAXI@Z 00000001800105e0 f i libvcruntime:frame.obj
 0001:0000f5e0       ??_Gbad_alloc@std@@UEAAPEAXI@Z 00000001800105e0 f i LIBCMT:throw_bad_alloc.obj
 0001:0000f5e0       ??_Eexception@std@@UEAAPEAXI@Z 00000001800105e0 f i LIBCMT:throw_bad_alloc.obj
 0001:0000f5e0       ??_Ebad_exception@std@@UEAAPEAXI@Z 00000001800105e0 f i libvcruntime:frame.obj
 0001:0000f5e0       ??_Gbad_array_new_length@std@@UEAAPEAXI@Z 00000001800105e0 f i LIBCMT:throw_bad_alloc.obj
 0001:0000f5e0       ??_Gexception@std@@UEAAPEAXI@Z 00000001800105e0 f i LIBCMT:throw_bad_alloc.obj
 0001:0000f5e0       ??_Ebad_array_new_length@std@@UEAAPEAXI@Z 00000001800105e0 f i LIBCMT:throw_bad_alloc.obj
 0001:0000f5e0       ??_Ebad_alloc@std@@UEAAPEAXI@Z 00000001800105e0 f i LIBCMT:throw_bad_alloc.obj
 0001:0000f624       ?__scrt_throw_std_bad_alloc@@YAXXZ 0000000180010624 f   LIBCMT:throw_bad_alloc.obj
 0001:0000f644       ?__scrt_throw_std_bad_array_new_length@@YAXXZ 0000000180010644 f   LIBCMT:throw_bad_alloc.obj
 0001:0000f664       ?what@exception@std@@UEBAPEBDXZ 0000000180010664 f i LIBCMT:throw_bad_alloc.obj
 0001:0000f680       ??_Etype_info@@UEAAPEAXI@Z 0000000180010680 f i LIBCMT:std_type_info_static.obj
 0001:0000f680       ??_Gtype_info@@UEAAPEAXI@Z 0000000180010680 f i LIBCMT:std_type_info_static.obj
 0001:0000f6ac       ??0CAtlBaseModule@ATL@@QEAA@XZ 00000001800106ac f   atls:atlbase.obj
 0001:0000f754       ??1CAtlBaseModule@ATL@@QEAA@XZ 0000000180010754 f   atls:atlbase.obj
 0001:0000f888       ?__AllocStdCallThunk_cmn@@YAPEAXXZ 0000000180010888 f   atls:atlthunk.obj
 0001:0000f9e0       AtlThunk_AllocateData      00000001800109e0 f   atls:atlthunk.obj
 0001:0000fa5c       AtlThunk_DataToCode        0000000180010a5c f   atls:atlthunk.obj
 0001:0000fab0       AtlThunk_FreeData          0000000180010ab0 f   atls:atlthunk.obj
 0001:0000fb10       AtlThunk_InitData          0000000180010b10 f   atls:atlthunk.obj
 0001:0000fbd0       memset_repmovs             0000000180010bd0 f   libvcruntime:memset.obj
 0001:0000fbf0       memset                     0000000180010bf0 f   libvcruntime:memset.obj
 0001:0000fd80       _purecall                  0000000180010d80 f   libvcruntime:purevirt.obj
 0001:0000fdb0       wcsstr                     0000000180010db0 f   libvcruntime:wcsstr.obj
 0001:0000ffe0       memcmp                     0000000180010fe0 f   libvcruntime:memcmp.obj
 0001:000100c0       memcpy_repmovs             00000001800110c0 f   libvcruntime:memcpy.obj
 0001:000100e0       memmove                    00000001800110e0 f   libvcruntime:memcpy.obj
 0001:000100e0       memcpy                     00000001800110e0 f   libvcruntime:memcpy.obj
 0001:00010518       __vcrt_initialize          0000000180011518 f   libvcruntime:initialization.obj
 0001:0001054c       __vcrt_thread_attach       000000018001154c f   libvcruntime:initialization.obj
 0001:00010560       __vcrt_thread_detach       0000000180011560 f   libvcruntime:initialization.obj
 0001:00010574       __vcrt_uninitialize        0000000180011574 f   libvcruntime:initialization.obj
 0001:00010594       __vcrt_uninitialize_critical 0000000180011594 f   libvcruntime:initialization.obj
 0001:000105a4       __C_specific_handler       00000001800115a4 f   libvcruntime:_riscchandler_.obj
 0001:000107b0       __DestructExceptionObject  00000001800117b0 f   libvcruntime:ehhelpers.obj
 0001:00010824       ?_CallMemberFunction0@@YAXQEAX0@Z 0000000180011824 f i libvcruntime:ehhelpers.obj
 0001:00010828       _IsExceptionObjectToBeDestroyed 0000000180011828 f   libvcruntime:ehhelpers.obj
 0001:00010858       __AdjustPointer            0000000180011858 f   libvcruntime:ehhelpers.obj
 0001:0001087c       __FrameUnwindFilter        000000018001187c f   libvcruntime:ehhelpers.obj
 0001:000108c8       __std_terminate            00000001800118c8 f   libvcruntime:ehhelpers.obj
 0001:000108d4       ??$_CallSETranslator@V__FrameHandler3@@@@YAHPEAUEHExceptionRecord@@PEA_KPEAU_CONTEXT@@PEAU_xDISPATCHER_CONTEXT@@PEBU_s_FuncInfo@@K1@Z 00000001800118d4 f i libvcruntime:risctrnsctrl.obj
 0001:00010928       ?CatchTryBlock@__FrameHandler3@@SAPEBU_s_TryBlockMapEntry@@PEBU_s_FuncInfo@@H@Z 0000000180011928 f   libvcruntime:risctrnsctrl.obj
 0001:00010980       ?ExecutionInCatch@__FrameHandler3@@SA_NPEAU_xDISPATCHER_CONTEXT@@PEBU_s_FuncInfo@@@Z 0000000180011980 f   libvcruntime:risctrnsctrl.obj
 0001:000109ac       ?FrameUnwindToEmptyState@__FrameHandler3@@SAXPEA_KPEAU_xDISPATCHER_CONTEXT@@PEBU_s_FuncInfo@@@Z 00000001800119ac f   libvcruntime:risctrnsctrl.obj
 0001:00010a10       ?GetEstablisherFrame@__FrameHandler3@@SAPEA_KPEA_KPEAU_xDISPATCHER_CONTEXT@@PEBU_s_FuncInfo@@0@Z 0000000180011a10 f   libvcruntime:risctrnsctrl.obj
 0001:00010adc       ?GetRangeOfTrysToCheck@__FrameHandler3@@SA?AU?$pair@Viterator@TryBlockMap@__FrameHandler3@@V123@@std@@AEAVTryBlockMap@1@HH@Z 0000000180011adc f   libvcruntime:risctrnsctrl.obj
 0001:00010c38       ?UnwindNestedFrames@__FrameHandler3@@SAXPEA_KPEAUEHExceptionRecord@@PEAU_CONTEXT@@0PEAXPEBU_s_FuncInfo@@HHPEBU_s_HandlerType@@PEAU_xDISPATCHER_CONTEXT@@E@Z 0000000180011c38 f   libvcruntime:risctrnsctrl.obj
 0001:00010d5c       _CreateFrameInfo           0000000180011d5c f   libvcruntime:risctrnsctrl.obj
 0001:00010d98       _FindAndUnlinkFrame        0000000180011d98 f   libvcruntime:risctrnsctrl.obj
 0001:00010dec       _GetImageBase              0000000180011dec f   libvcruntime:risctrnsctrl.obj
 0001:00010e00       _GetThrowImageBase         0000000180011e00 f   libvcruntime:risctrnsctrl.obj
 0001:00010e14       _SetImageBase              0000000180011e14 f   libvcruntime:risctrnsctrl.obj
 0001:00010e2c       _SetThrowImageBase         0000000180011e2c f   libvcruntime:risctrnsctrl.obj
 0001:00010e44       __CxxFrameHandler3         0000000180011e44 f   libvcruntime:risctrnsctrl.obj
 0001:00010ec4       __std_type_info_compare    0000000180011ec4 f   libvcruntime:std_type_info.obj
 0001:00010eec       __std_type_info_destroy_list 0000000180011eec f   libvcruntime:std_type_info.obj
 0001:00010f18       __std_exception_copy       0000000180011f18 f   libvcruntime:std_exception.obj
 0001:00010fa8       __std_exception_destroy    0000000180011fa8 f   libvcruntime:std_exception.obj
 0001:00010fd0       _CxxThrowException         0000000180011fd0 f   libvcruntime:throw.obj
 0001:00011090       __vcrt_initialize_pure_virtual_call_handler 0000000180012090 f   libvcruntime:purevirt_data.obj
 0001:000110a0       __vcrt_freefls             00000001800120a0 f   libvcruntime:per_thread_data.obj
 0001:000110c0       __vcrt_freeptd             00000001800120c0 f   libvcruntime:per_thread_data.obj
 0001:00011110       __vcrt_getptd              0000000180012110 f   libvcruntime:per_thread_data.obj
 0001:0001112c       __vcrt_getptd_noexit       000000018001212c f   libvcruntime:per_thread_data.obj
 0001:000111f8       __vcrt_initialize_ptd      00000001800121f8 f   libvcruntime:per_thread_data.obj
 0001:0001124c       __vcrt_uninitialize_ptd    000000018001224c f   libvcruntime:per_thread_data.obj
 0001:00011270       __vcrt_initialize_locks    0000000180012270 f   libvcruntime:locks.obj
 0001:000112b8       __vcrt_uninitialize_locks  00000001800122b8 f   libvcruntime:locks.obj
[...]
 0004:000017dc       $pdata$__acrt_SetThreadStackGuarantee 00000001800337dc     libucrt:winapi_thunks.obj
 0004:000017e8       $pdata$?try_get_function@@YAPEAXW4function_id@?A0x391cf84c@@QEBDQEBW4module_id@2@2@Z 00000001800337e8     libucrt:winapi_thunks.obj
 0004:000017f4       $pdata$isdigit             00000001800337f4     libucrt:_ctype.obj
 0004:00001800       $pdata$tolower             0000000180033800     libucrt:tolower_toupper.obj
 0004:0000180c       $pdata$_tolower_l          000000018003380c     libucrt:tolower_toupper.obj
 0004:00001818       $pdata$?internal_isupper_l@@YA_NHQEAU__crt_locale_pointers@@@Z 0000000180033818     libucrt:tolower_toupper.obj
 0004:00001824       $pdata$wcstol              0000000180033824     libucrt:strtox.obj
 0004:00001830       $pdata$_mbtowc_l           0000000180033830     libucrt:mbtowc.obj
 0004:0000183c       $pdata$wcsnlen             000000018003383c     libucrt:strnlen.obj
 0004:00001848       $pdata$__acrt_update_locale_info 0000000180033848     libucrt:locale_update.obj
 0004:00001854       $pdata$__acrt_update_multibyte_info 0000000180033854     libucrt:locale_update.obj
 0004:00001860       $pdata$__acrt_fp_format    0000000180033860     libucrt:cvt.obj
 0004:0000186c       $pdata$?fp_format_nan_or_infinity@@YAHW4__acrt_fp_class@@_NPEAD_K1@Z 000000018003386c     libucrt:cvt.obj
 0004:00001878       $pdata$?fp_format_e_internal@@YAHQEAD_KH_NIQEAU_strflt@@2QEAU__crt_locale_pointers@@@Z 0000000180033878     libucrt:cvt.obj
 0004:00001884       $pdata$?fp_format_e@@YAHQEBNQEAD_K12H_NIQEAU__crt_locale_pointers@@@Z 0000000180033884     libucrt:cvt.obj
 0004:00001890       $pdata$?fp_format_a@@YAHQEBNPEAD_KQEAD2H_NIQEAU__crt_locale_pointers@@@Z 0000000180033890     libucrt:cvt.obj
 0004:0000189c       $pdata$?fp_format_f_internal@@YAHQEAD_KHQEAU_strflt@@_NQEAU__crt_locale_pointers@@@Z 000000018003389c     libucrt:cvt.obj
 0004:000018a8       $pdata$?fp_format_g@@YAHQEBNQEAD_K12H_NIQEAU__crt_locale_pointers@@@Z 00000001800338a8     libucrt:cvt.obj
 0004:000018b4       $pdata$_fileno             00000001800338b4     libucrt:fileno.obj
 0004:000018c0       $pdata$__acrt_initialize_stdio 00000001800338c0     libucrt:_file.obj
 0004:000018cc       $pdata$__acrt_uninitialize_stdio 00000001800338cc     libucrt:_file.obj
 0004:000018d8       $pdata$__acrt_uninitialize_locale 00000001800338d8     libucrt:wsetlocale.obj
 0004:000018e4       $pdata$??$?RV<lambda_410d79af7f07d98d83a3f525b3859a53>@@AEAV<lambda_3e16ef9562a7dcce91392c22ab16ea36>@@V<lambda_38119f0e861e05405d8a144b9b982f0a>@@@?$__crt_seh_guarded_call@X@@QEAAX$$QEAV<lambda_410d79af7f07d98d83a3f525b3859a53>@@AEAV<lambda_3e16ef9562a7dcce91392c22ab16ea36>@@$$QEAV<lambda_38119f0e861e05405d8a144b9b982f0a>@@@Z 00000001800338e4     libucrt:wsetlocale.obj
 0004:000018f0       $pdata$?fin$0@?0???$?RV<lambda_410d79af7f07d98d83a3f525b3859a53>@@AEAV<lambda_3e16ef9562a7dcce91392c22ab16ea36>@@V<lambda_38119f0e861e05405d8a144b9b982f0a>@@@?$__crt_seh_guarded_call@X@@QEAAX$$QEAV<lambda_410d79af7f07d98d83a3f525b3859a53>@@AEAV<lambda_3e16ef9562a7dcce91392c22ab16ea36>@@$$QEAV<lambda_38119f0e861e05405d8a144b9b982f0a>@@@Z@4HA 00000001800338f0     libucrt:wsetlocale.obj
 0004:000018fc       $pdata$__acrt_initialize_lowio 00000001800338fc     libucrt:ioinit.obj
 0004:00001908       $pdata$__acrt_lowio_ensure_fh_exists$fin$0 0000000180033908     libucrt:osfinfo.obj
 0004:00001908       $pdata$__acrt_initialize_lowio$fin$0 0000000180033908     libucrt:ioinit.obj
 0004:00001914       $pdata$__acrt_uninitialize_lowio 0000000180033914     libucrt:ioinit.obj
 0004:00001920       $pdata$?initialize_inherited_file_handles_nolock@@YAXXZ 0000000180033920     libucrt:ioinit.obj
 0004:0000192c       $pdata$?initialize_stdio_handles_nolock@@YAXXZ 000000018003392c     libucrt:ioinit.obj
 0004:00001938       $pdata$__acrt_initialize_locks 0000000180033938     libucrt:locks.obj
 0004:00001944       $pdata$__acrt_uninitialize_locks 0000000180033944     libucrt:locks.obj
 0004:00001950       $pdata$__acrt_get_process_end_policy 0000000180033950     libucrt:win_policies.obj
 0004:0000195c       $pdata$??$common_expand_argv_wildcards@D@@YAHQEAPEADQEAPEAPEAD@Z 000000018003395c     libucrt:argv_wildcards.obj
 0004:00001968       $pdata$??$copy_and_add_argument_to_buffer@D@@YAHQEBD0_KAEAV?$argument_list@D@?A0x5f5c8891@@@Z 0000000180033968     libucrt:argv_wildcards.obj
 0004:00001974       $pdata$??$expand_argument_wildcards@D@@YAHQEAD0AEAV?$argument_list@D@?A0x5f5c8891@@@Z 0000000180033974     libucrt:argv_wildcards.obj
 0004:00001980       $pdata$__acrt_update_thread_multibyte_data 0000000180033980     libucrt:mbctype.obj
 0004:0000198c       $pdata$__acrt_initialize_multibyte 000000018003398c     libucrt:mbctype.obj
 0004:00001998       $pdata$_setmbcp_nolock     0000000180033998     libucrt:mbctype.obj
 0004:000019a4       $pdata$?getSystemCP@@YAHH@Z 00000001800339a4     libucrt:mbctype.obj
 0004:000019b0       $pdata$?setSBCS@@YAXPEAU__crt_multibyte_data@@@Z 00000001800339b0     libucrt:mbctype.obj
 0004:000019bc       $pdata$?setSBUpLow@@YAXPEAU__crt_multibyte_data@@@Z 00000001800339bc     libucrt:mbctype.obj
 0004:000019c8       $pdata$?update_thread_multibyte_data_internal@@YAPEAU__crt_multibyte_data@@QEAU__acrt_ptd@@QEAU1@@Z 00000001800339c8     libucrt:mbctype.obj
 0004:000019d4       $pdata$?fin$0@?0??update_thread_multibyte_data_internal@@YAPEAU__crt_multibyte_data@@QEAU__acrt_ptd@@QEAU1@@Z@4HA 00000001800339d4     libucrt:mbctype.obj
 0004:000019e0       $pdata$?setmbcp_internal@@YAHH_NQEAU__acrt_ptd@@QEAPEAU__crt_multibyte_data@@@Z 00000001800339e0     libucrt:mbctype.obj
 0004:000019ec       $pdata$??$?RV<lambda_efdfa57d1f175319df784efa44bb7b81>@@AEAV<lambda_5f0a4c1567f8adc6734073e5d1e1b35c>@@V<lambda_2e8a7d3640ea6ccb4c2413664c2db6fd>@@@?$__crt_seh_guarded_call@X@@QEAAX$$QEAV<lambda_efdfa57d1f175319df784efa44bb7b81>@@AEAV<lambda_5f0a4c1567f8adc6734073e5d1e1b35c>@@$$QEAV<lambda_2e8a7d3640ea6ccb4c2413664c2db6fd>@@@Z 00000001800339ec     libucrt:mbctype.obj
 0004:000019f8       $pdata$?x_ismbbtype_l@@YAHPEAU__crt_locale_pointers@@IHH@Z 00000001800339f8     libucrt:ismbbyte.obj
 0004:00001a04       $pdata$__acrt_initialize_command_line 0000000180033a04     libucrt:argv_data.obj
 0004:00001a10       $pdata$__dcrt_get_narrow_environment_from_os 0000000180033a10     libucrt:get_environment_from_os.obj
 0004:00001a1c       $pdata$__acrt_initialize_heap 0000000180033a1c     libucrt:heap_handle.obj
 0004:00001a28       $pdata$__acrt_execute_initializers 0000000180033a28     libucrt:shared_initialization.obj
 0004:00001a34       $pdata$__acrt_execute_uninitializers 0000000180033a34     libucrt:shared_initialization.obj
 0004:00001a40       $pdata$__acrt_get_sigabrt_handler 0000000180033a40     libucrt:signal.obj
 0004:00001a4c       $pdata$raise               0000000180033a4c     libucrt:signal.obj
 0004:00001a58       $pdata$raise$fin$0         0000000180033a58     libucrt:signal.obj
 0004:00001a64       $pdata$??$?RV<lambda_450d765d439847d4c735a33c368b5fc0>@@AEAV<lambda_44731a7d0e6d81c3e6aa82d741081786>@@V<lambda_601a2a7da3b7a96e9554ac7215c4b07c>@@@?$__crt_seh_guarded_call@P6AXH@Z@@QEAAP6AXH@Z$$QEAV<lambda_450d765d439847d4c735a33c368b5fc0>@@AEAV<lambda_44731a7d0e6d81c3e6aa82d741081786>@@$$QEAV<lambda_601a2a7da3b7a96e9554ac7215c4b07c>@@@Z 0000000180033a64     libucrt:signal.obj
 0004:00001a70       $pdata$__pctype_func       0000000180033a70     libucrt:ctype.obj
 0004:00001a7c       $pdata$iswctype            0000000180033a7c     libucrt:iswctype.obj
 0004:00001a88       $pdata$_isctype_l          0000000180033a88     libucrt:isctype.obj
 0004:00001a94       $pdata$__acrt_release_locale_ref 0000000180033a94     libucrt:locale_refcounting.obj
 0004:00001aa0       $pdata$__acrt_free_locale  0000000180033aa0     libucrt:locale_refcounting.obj
 0004:00001aac       $pdata$__acrt_locale_free_lc_time_if_unreferenced 0000000180033aac     libucrt:locale_refcounting.obj
 0004:00001ab8       $pdata$__acrt_update_thread_locale_data 0000000180033ab8     libucrt:locale_refcounting.obj
 0004:00001ac4       $pdata$__acrt_update_thread_locale_data$fin$0 0000000180033ac4     libucrt:locale_refcounting.obj
 0004:00001ad0       $pdata$_updatetlocinfoEx_nolock 0000000180033ad0     libucrt:locale_refcounting.obj
 0004:00001adc       $pdata$__acrt_DownlevelLocaleNameToLCID 0000000180033adc     libucrt:lcidtoname_downlevel.obj
 0004:00001ae8       $pdata$?GetTableIndexFromLocaleName@@YAHPEB_W@Z 0000000180033ae8     libucrt:lcidtoname_downlevel.obj
 0004:00001af4       $pdata$_isleadbyte_l       0000000180033af4     libucrt:_wctype.obj
 0004:00001b00       $pdata$__acrt_LCMapStringA 0000000180033b00     libucrt:lcmapstringa.obj
 0004:00001b0c       $pdata$?__acrt_LCMapStringA_stat@@YAHPEAU__crt_locale_pointers@@PEB_WKPEBDHPEADHHH@Z 0000000180033b0c     libucrt:lcmapstringa.obj
 0004:00001b18       $pdata$__acrt_fp_strflt_to_string 0000000180033b18     libucrt:_fptostr.obj
 0004:00001b24       $pdata$memcpy_s            0000000180033b24     libucrt:cfout.obj
 0004:00001b30       $pdata$__acrt_fltout       0000000180033b30     libucrt:cfout.obj
 0004:00001b3c       $pdata$?divide@__crt_strtox@@YA_KAEAUbig_integer@1@AEBU21@@Z 0000000180033b3c     libucrt:cfout.obj
 0004:00001b48       $pdata$5$?divide@__crt_strtox@@YA_KAEAUbig_integer@1@AEBU21@@Z 0000000180033b48     libucrt:cfout.obj
 0004:00001b54       $pdata$6$?divide@__crt_strtox@@YA_KAEAUbig_integer@1@AEBU21@@Z 0000000180033b54     libucrt:cfout.obj
 0004:00001b60       $pdata$_fcloseall          0000000180033b60     libucrt:closeall.obj
 0004:00001b6c       $pdata$_fcloseall$fin$0    0000000180033b6c     libucrt:closeall.obj
 0004:00001b78       $pdata$_fflush_nolock      0000000180033b78     libucrt:fflush.obj
 0004:00001b84       $pdata$__acrt_stdio_flush_nolock 0000000180033b84     libucrt:fflush.obj
 0004:00001b90       $pdata$?common_flush_all@@YAH_N@Z 0000000180033b90     libucrt:fflush.obj
 0004:00001b9c       $pdata$??$?RV<lambda_842d9ff0dc9ef11c61343bbaebe7f885>@@AEAV<lambda_c5860995281e5c4ce005b3de8f5874ee>@@V<lambda_d90129c13df834fdcbf8d2b88dafcf2d>@@@?$__crt_seh_guarded_call@X@@QEAAX$$QEAV<lambda_842d9ff0dc9ef11c61343bbaebe7f885>@@AEAV<lambda_c5860995281e5c4ce005b3de8f5874ee>@@$$QEAV<lambda_d90129c13df834fdcbf8d2b88dafcf2d>@@@Z 0000000180033b9c     libucrt:fflush.obj
 0004:00001ba8       $pdata$?fin$0@?0???$?RV<lambda_842d9ff0dc9ef11c61343bbaebe7f885>@@AEAV<lambda_c5860995281e5c4ce005b3de8f5874ee>@@V<lambda_d90129c13df834fdcbf8d2b88dafcf2d>@@@?$__crt_seh_guarded_call@X@@QEAAX$$QEAV<lambda_842d9ff0dc9ef11c61343bbaebe7f885>@@AEAV<lambda_c5860995281e5c4ce005b3de8f5874ee>@@$$QEAV<lambda_d90129c13df834fdcbf8d2b88dafcf2d>@@@Z@4HA 0000000180033ba8     libucrt:fflush.obj
 0004:00001bb4       $pdata$??$?RV<lambda_886d6c58226a84441f68b9f2b8217b83>@@AEAV<lambda_ab61a845afdef5b7c387490eaf3616ee>@@V<lambda_f7f22ab5edc0698d5f6905b0d3f44752>@@@?$__crt_seh_guarded_call@X@@QEAAX$$QEAV<lambda_886d6c58226a84441f68b9f2b8217b83>@@AEAV<lambda_ab61a845afdef5b7c387490eaf3616ee>@@$$QEAV<lambda_f7f22ab5edc0698d5f6905b0d3f44752>@@@Z 0000000180033bb4     libucrt:fflush.obj
 0004:00001bc0       $pdata$?fin$0@?0???$?RV<lambda_886d6c58226a84441f68b9f2b8217b83>@@AEAV<lambda_ab61a845afdef5b7c387490eaf3616ee>@@V<lambda_f7f22ab5edc0698d5f6905b0d3f44752>@@@?$__crt_seh_guarded_call@X@@QEAAX$$QEAV<lambda_886d6c58226a84441f68b9f2b8217b83>@@AEAV<lambda_ab61a845afdef5b7c387490eaf3616ee>@@$$QEAV<lambda_f7f22ab5edc0698d5f6905b0d3f44752>@@@Z@4HA 0000000180033bc0     libucrt:fflush.obj
 0004:00001bcc       $pdata$__acrt_stdio_free_buffer_nolock 0000000180033bcc     libucrt:_freebuf.obj
 0004:00001bd8       $pdata$_isatty             0000000180033bd8     libucrt:isatty.obj
 0004:00001be4       $pdata$__acrt_locale_free_monetary 0000000180033be4     libucrt:initmon.obj
 0004:00001bf0       $pdata$__acrt_locale_free_numeric 0000000180033bf0     libucrt:initnum.obj
 0004:00001bfc       $pdata$__acrt_locale_free_time 0000000180033bfc     libucrt:inittime.obj
 0004:00001c08       $pdata$?free_crt_array_internal@@YAXQEAPEBX_K@Z 0000000180033c08     libucrt:inittime.obj
 0004:00001c14       $pdata$__acrt_GetStringTypeA 0000000180033c14     libucrt:getstringtypea.obj
 0004:00001c20       $pdata$_get_osfhandle      0000000180033c20     libucrt:osfinfo.obj
 0004:00001c2c       $pdata$_free_osfhnd        0000000180033c2c     libucrt:osfinfo.obj
 0004:00001c38       $pdata$__acrt_lowio_create_handle_array 0000000180033c38     libucrt:osfinfo.obj
 0004:00001c44       $pdata$__acrt_lowio_destroy_handle_array 0000000180033c44     libucrt:osfinfo.obj
 0004:00001c50       $pdata$__acrt_lowio_ensure_fh_exists 0000000180033c50     libucrt:osfinfo.obj
 0004:00001c5c       $pdata$qsort               0000000180033c5c     libucrt:qsort.obj
 0004:00001c68       $pdata$4$qsort             0000000180033c68     libucrt:qsort.obj
 0004:00001c74       $pdata$5$qsort             0000000180033c74     libucrt:qsort.obj
 0004:00001c80       $pdata$?shortsort@@YAXPEAD0_KP6AHPEBX2@Z@Z 0000000180033c80     libucrt:qsort.obj
 0004:00001c8c       $pdata$2$?shortsort@@YAXPEAD0_KP6AHPEBX2@Z@Z 0000000180033c8c     libucrt:qsort.obj
 0004:00001c98       $pdata$3$?shortsort@@YAXPEAD0_KP6AHPEBX2@Z@Z 0000000180033c98     libucrt:qsort.obj
 0004:00001ca4       $pdata$strncpy_s           0000000180033ca4     libucrt:strncpy_s.obj
 0004:00001cb0       $pdata$strpbrk             0000000180033cb0     libucrt:strpbrk.obj
 0004:00001cbc       $pdata$_mbsdec_l           0000000180033cbc     libucrt:mbsdec.obj
 0004:00001cc8       $pdata$?initialize_multibyte@@YAHXZ 0000000180033cc8     libucrt:multibyte_initializer.obj
 0004:00001cd4       $pdata$fegetenv            0000000180033cd4     libucrt:fegetenv.obj
 0004:00001ce0       $pdata$fesetenv            0000000180033ce0     libucrt:fesetenv.obj
 0004:00001cec       $pdata$feholdexcept        0000000180033cec     libucrt:feholdexcept.obj
 0004:00001d04       $pdata$_write              0000000180033d04     libucrt:write.obj
 0004:00001d10       $pdata$_write$fin$0        0000000180033d10     libucrt:write.obj
 0004:00001d1c       $pdata$_write_nolock       0000000180033d1c     libucrt:write.obj
 0004:00001d28       $pdata$?write_double_translated_ansi_nolock@@YA?AUwrite_result@?A0x17268360@@HQEBDI@Z 0000000180033d28     libucrt:write.obj
 0004:00001d34       $pdata$?write_text_ansi_nolock@@YA?AUwrite_result@?A0x17268360@@HQEBDI@Z 0000000180033d34     libucrt:write.obj
 0004:00001d40       $pdata$?write_text_utf16le_nolock@@YA?AUwrite_result@?A0x17268360@@HQEBDI@Z 0000000180033d40     libucrt:write.obj
 0004:00001d4c       $pdata$?write_text_utf8_nolock@@YA?AUwrite_result@?A0x17268360@@HQEBDI@Z 0000000180033d4c     libucrt:write.obj
 0004:00001d58       $pdata$??$common_lseek_nolock@_J@@YA_JH_JH@Z 0000000180033d58     libucrt:lseek.obj
 0004:00001d64       $pdata$fclose              0000000180033d64     libucrt:fclose.obj
 0004:00001d70       $pdata$fclose$fin$0        0000000180033d70     libucrt:fclose.obj
 0004:00001d7c       $pdata$_fclose_nolock      0000000180033d7c     libucrt:fclose.obj
 0004:00001d88       $pdata$_commit             0000000180033d88     libucrt:commit.obj
 0004:00001d94       $pdata$??$?RV<lambda_a37b2b86f63e897a80ea819b0eb08c01>@@AEAV<lambda_38ce7e780aa69e748d6df282ebc68efe>@@V<lambda_99fb1378e971ab6e7edea83e3a7a83a2>@@@?$__crt_seh_guarded_call@H@@QEAAH$$QEAV<lambda_a37b2b86f63e897a80ea819b0eb08c01>@@AEAV<lambda_38ce7e780aa69e748d6df282ebc68efe>@@$$QEAV<lambda_99fb1378e971ab6e7edea83e3a7a83a2>@@@Z 0000000180033d94     libucrt:commit.obj
 0004:00001da0       $pdata$?fin$0@?0???$?RV<lambda_a37b2b86f63e897a80ea819b0eb08c01>@@AEAV<lambda_38ce7e780aa69e748d6df282ebc68efe>@@V<lambda_99fb1378e971ab6e7edea83e3a7a83a2>@@@?$__crt_seh_guarded_call@H@@QEAAH$$QEAV<lambda_a37b2b86f63e897a80ea819b0eb08c01>@@AEAV<lambda_38ce7e780aa69e748d6df282ebc68efe>@@$$QEAV<lambda_99fb1378e971ab6e7edea83e3a7a83a2>@@@Z@4HA 0000000180033da0     libucrt:commit.obj
 0004:00001da0       $pdata$?fin$0@?0???$?RV<lambda_751a882b2c74d4b022dec766aa51a29a>@@AEAV<lambda_628dfdc04ba53c8bfc02c9951375f3f5>@@V<lambda_f6c7be5f7998530c34de24c7437d6b54>@@@?$__crt_seh_guarded_call@H@@QEAAH$$QEAV<lambda_751a882b2c74d4b022dec766aa51a29a>@@AEAV<lambda_628dfdc04ba53c8bfc02c9951375f3f5>@@$$QEAV<lambda_f6c7be5f7998530c34de24c7437d6b54>@@@Z@4HA 0000000180033da0     libucrt:close.obj
 0004:00001dac       $pdata$_setfpstatusword    0000000180033dac     libucrt:_fenvutils.obj
 0004:00001db8       $pdata$_getfpcontrolword   0000000180033db8     libucrt:_fenvutils.obj
 0004:00001dc4       $pdata$_getfpstatusword    0000000180033dc4     libucrt:_fenvutils.obj
 0004:00001dd0       $pdata$_clearfp            0000000180033dd0     libucrt:ieee.obj
 0004:00001ddc       $pdata$common_control87    0000000180033ddc     libucrt:ieee.obj
 0004:00001de8       $pdata$_ctrlfp$filt$0      0000000180033de8     libucrt:fpctrl.obj
 0004:00001de8       $pdata$common_control87$filt$0 0000000180033de8     libucrt:ieee.obj
 0004:00001df4       $pdata$_call_matherr       0000000180033df4     libucrt:libm_error.obj
 0004:00001e00       $pdata$_exception_enabled  0000000180033e00     libucrt:libm_error.obj
 0004:00001e0c       $pdata$_handle_error       0000000180033e0c     libucrt:libm_error.obj
 0004:00001e18       $pdata$__acrt_initialize_fma3 0000000180033e18     libucrt:fma3_available.obj
 0004:00001e24       $pdata$_log_special_common 0000000180033e24     libucrt:log_special.obj
 0004:00001e30       $pdata$_log10_special      0000000180033e30     libucrt:log_special.obj
 0004:00001e3c       $pdata$_putwch_nolock      0000000180033e3c     libucrt:putwch.obj
 0004:00001e48       $pdata$_close              0000000180033e48     libucrt:close.obj
 0004:00001e54       $pdata$_close_nolock       0000000180033e54     libucrt:close.obj
 0004:00001e60       $pdata$??$?RV<lambda_751a882b2c74d4b022dec766aa51a29a>@@AEAV<lambda_628dfdc04ba53c8bfc02c9951375f3f5>@@V<lambda_f6c7be5f7998530c34de24c7437d6b54>@@@?$__crt_seh_guarded_call@H@@QEAAH$$QEAV<lambda_751a882b2c74d4b022dec766aa51a29a>@@AEAV<lambda_628dfdc04ba53c8bfc02c9951375f3f5>@@$$QEAV<lambda_f6c7be5f7998530c34de24c7437d6b54>@@@Z 0000000180033e60     libucrt:close.obj
 0004:00001e78       $pdata$_set_errno_from_matherr 0000000180033e78     libucrt:fpexcept.obj
 0004:00001e84       $pdata$_raise_exc          0000000180033e84     libucrt:fpexcept.obj
 0004:00001e90       $pdata$_raise_exc_ex       0000000180033e90     libucrt:fpexcept.obj
 0004:00001e9c       $pdata$_clrfp              0000000180033e9c     libucrt:fpctrl.obj
 0004:00001ea8       $pdata$_ctrlfp             0000000180033ea8     libucrt:fpctrl.obj
 0004:00001eb4       $pdata$_statfp             0000000180033eb4     libucrt:fpctrl.obj
 0004:00001ec0       $pdata$_set_statfp         0000000180033ec0     libucrt:fpctrl.obj
 0004:00001ecc       $pdata$__dcrt_lowio_initialize_console_output 0000000180033ecc     libucrt:initcon.obj
 0004:00001ed8       $pdata$__dcrt_terminate_console_output 0000000180033ed8     libucrt:initcon.obj
 0004:00001ee4       $pdata$_IsNonwritableInCurrentImage 0000000180033ee4     LIBCMT:pesect.obj
 0004:00001ef0       $pdata$_IsNonwritableInCurrentImage$filt$0 0000000180033ef0     LIBCMT:pesect.obj
 0004:00001efc       $pdata$strrchr             0000000180033efc     libvcruntime:strrchr.obj
 0005:00000220       $R000000                   0000000180034220     Totals.res
 0005:00000b78       $R000958                   0000000180034b78     Totals.res
 0005:00000c60       $R000A40                   0000000180034c60     Totals.res
 0005:00000ec8       $R000CA8                   0000000180034ec8     Totals.res
 0005:000013d0       $R0011B0                   00000001800353d0     Totals.res
 0005:000040e8       $R003EC8                   00000001800380e8     Totals.res
 0005:00004118       $R003EF8                   0000000180038118     Totals.res
