 OPOSPINPad

 Timestamp is 5c43fedd (Sun Jan 20 13:53:49 2019)

 Preferred load address is 0000000180000000

 Start         Length     Name                   Class
 0001:00000000 000000c0H .text$di                CODE
 0001:000000c0 0001fe30H .text$mn                CODE
 0001:0001fef0 00000020H .text$mn$00             CODE
 0001:0001ff10 00000410H .text$x                 CODE
 0001:00020320 000000c0H .text$yd                CODE
 0002:00000000 00000620H .idata$5                DATA
 0002:00000620 00000010H .00cfg                  DATA
 0002:00000630 00000008H .CRT$XCA                DATA
 0002:00000638 00000008H .CRT$XCL                DATA
 0002:00000640 00000020H .CRT$XCU                DATA
 0002:00000660 00000008H .CRT$XCZ                DATA
 0002:00000668 00000008H .CRT$XIA                DATA
 0002:00000670 00000020H .CRT$XIC                DATA
 0002:00000690 00000008H .CRT$XIZ                DATA
 0002:00000698 00000008H .CRT$XLA                DATA
 0002:000006a0 00000008H .CRT$XLZ                DATA
 0002:000006a8 00000008H .CRT$XPA                DATA
 0002:000006b0 00000010H .CRT$XPX                DATA
 0002:000006c0 00000008H .CRT$XPXA               DATA
 0002:000006c8 00000008H .CRT$XPZ                DATA
 0002:000006d0 00000008H .CRT$XTA                DATA
 0002:000006d8 00000008H .CRT$XTZ                DATA
 0002:000006e0 00000000H .gfids$x                DATA
 0002:000006e0 00000000H .gfids$y                DATA
 0002:000006e0 0000a390H .rdata                  DATA
 0002:0000aa70 00000028H .rdata$T                DATA
 0002:0000aa98 00000274H .rdata$r                DATA
 0002:0000ad0c 000003f4H .rdata$zzzdbg           DATA
 0002:0000b100 00000008H .rtc$IAA                DATA
 0002:0000b108 00000008H .rtc$IZZ                DATA
 0002:0000b110 00000008H .rtc$TAA                DATA
 0002:0000b118 00000008H .rtc$TZZ                DATA
 0002:0000b120 00000004H .tls                    DATA
 0002:0000b124 00000004H .tls$                   DATA
 0002:0000b128 00000008H .tls$ZZZ                DATA
 0002:0000b130 00001698H .xdata                  DATA
 0002:0000c7c8 00000150H .xdata$x                DATA
 0002:0000c918 00000008H ATL$__a                 DATA
 0002:0000c920 00000010H ATL$__z                 DATA
 0002:0000c930 000000a8H .edata                  DATA
 0002:0000c9d8 00000078H .idata$2                DATA
 0002:0000ca50 00000018H .idata$3                DATA
 0002:0000ca68 00000620H .idata$4                DATA
 0002:0000d088 00000c3aH .idata$6                DATA
 0003:00000000 00000c98H .data                   DATA
 0003:00000c98 000000c8H .data$r                 DATA
 0003:00000d60 000013d4H .bss                    DATA
 0004:00000000 00001efcH .pdata                  DATA
 0005:00000000 00000220H .rsrc$01                DATA
 0005:00000220 00004b30H .rsrc$02                DATA

  Address         Publics by Value              Rva+Base               Lib:Object

 0000:00000000       __guard_fids_count         0000000000000000     <absolute>
 0000:00000000       __guard_longjmp_count      0000000000000000     <absolute>
 0000:00000000       __guard_longjmp_table      0000000000000000     <absolute>
 0000:00000000       __hybrid_code_map          0000000000000000     <absolute>
 0000:00000000       __guard_iat_count          0000000000000000     <absolute>
 0000:00000000       __guard_iat_table          0000000000000000     <absolute>
 0000:00000000       __volatile_metadata        0000000000000000     <absolute>
 0000:00000000       __hybrid_code_map_count    0000000000000000     <absolute>
 0000:00000000       __enclave_config           0000000000000000     <absolute>
 0000:00000000       ___safe_se_handler_count   0000000000000000     <absolute>
 0000:00000000       ___safe_se_handler_table   0000000000000000     <absolute>
 0000:00000000       __guard_fids_table         0000000000000000     <absolute>
 0000:00000000       __hybrid_auxiliary_iat     0000000000000000     <absolute>
 0000:00000000       __dynamic_value_reloc_table 0000000000000000     <absolute>
 0000:00000100       __guard_flags              0000000000000100     <absolute>
 0000:00000000       __ImageBase                0000000180000000     <linker-defined>
 0001:000000c0       ?DupWide@_CW@@AEAAXXZ      00000001800010c0 f   CWString.obj
 0001:000000e8       ?cw_dup@@YAXPEBDAEAHAEAPEA_W1@Z 00000001800010e8 f   CWString.obj
 0001:00000194       ?cw_memcpy@@YAHPEA_WPEBDH@Z 0000000180001194 f   CWString.obj
 0001:000001e0       ?cw_strcpy@@YAHPEA_WPEBD@Z 00000001800011e0 f   CWString.obj
 0001:000001f4       ??0CAtlComModule@ATL@@QEAA@XZ 00000001800011f4 f i OposVariant.obj
 0001:0000027c       ??0CAtlWinModule@ATL@@QEAA@XZ 000000018000127c f i OposVariant.obj
 0001:000002f4       ??0OposDispParms@@QEAA@PEAVOposVariant@@H@Z 00000001800012f4 f   OposVariant.obj
 0001:0000039c       ??1OposDispParms@@QEAA@XZ  000000018000139c f   OposVariant.obj
 0001:000003b4       ??_Estringdispid@CComTypeInfoHolder@ATL@@QEAAPEAXI@Z 00000001800013b4 f i OposVariant.obj
 0001:00000458       ?AtlWinModuleTerm@ATL@@YAJPEAU_ATL_WIN_MODULE70@1@PEAUHINSTANCE__@@@Z 0000000180001458 f i OposVariant.obj
 0001:00000508       ?ChangeBSTR@OposVariant@@QEAAXPEAPEA_WAEAJ@Z 0000000180001508 f   OposVariant.obj
 0001:00000568       ?ChangeCURRENCY@OposVariant@@QEAAXPEATtagCY@@AEAJ@Z 0000000180001568 f   OposVariant.obj
 0001:000005c8       ?ChangeLONG@OposVariant@@QEAAXPEAJAEAJ@Z 00000001800015c8 f   OposVariant.obj
 0001:00000624       ?GetLONG@OposVariant@@QEAAJXZ 0000000180001624 f   OposVariant.obj
 0001:00000648       ?SetBSTR@OposVariant@@QEAAXPEA_WAEAJ@Z 0000000180001648 f   OposVariant.obj
 0001:00000688       ?SetBSTR_Copy@OposVariant@@QEAAXPEA_WAEAJ@Z 0000000180001688 f   OposVariant.obj
 0001:000006f8       ?SetBSTR_InOutPtr@OposVariant@@QEAA_NPEAPEA_WAEAJ@Z 00000001800016f8 f   OposVariant.obj
 0001:00000748       ?SetBSTR_OutPtr@OposVariant@@QEAA_NPEAPEA_WAEAJ@Z 0000000180001748 f   OposVariant.obj
 0001:00000764       ?SetCURRENCY@OposVariant@@QEAAXTtagCY@@@Z 0000000180001764 f   OposVariant.obj
 0001:00000798       ?SetDispatch_Ptr@OposVariant@@QEAAXPEAUIDispatch@@AEAJ@Z 0000000180001798 f   OposVariant.obj
 0001:000007f0       ?SetLONG@OposVariant@@QEAAXJ@Z 00000001800017f0 f   OposVariant.obj
 0001:00000820       ?SetLONG_Ptr@OposVariant@@QEAAXPEAJAEAJ@Z 0000000180001820 f   OposVariant.obj
 0001:0000086c       ?SetString@OposVariant@@QEAAXPEB_WAEAJ@Z 000000018000186c f   OposVariant.obj
 0001:000008d0       ?SetVARIANT_BOOL@OposVariant@@QEAAXF@Z 00000001800018d0 f   OposVariant.obj
 0001:00000908       ?Term@CAtlComModule@ATL@@QEAAXXZ 0000000180001908 f i OposVariant.obj
 0001:00000978       ?_AtlInitializeCriticalSectionEx@ATL@@YAHPEAU_RTL_CRITICAL_SECTION@@KK@Z 0000000180001978 f i OposVariant.obj
 0001:00000980       ?_AtlRaiseException@ATL@@YAXKK@Z 0000000180001980 f i OposVariant.obj
 0001:00000990       ?AddRef@?$CComAggObject@VCOPOSPINPad@@@ATL@@UEAAKXZ 0000000180001990 f i PINPad.obj
 0001:0000099c       ?Release@?$CComAggObject@VCOPOSPINPad@@@ATL@@UEAAKXZ 000000018000199c f i PINPad.obj
 0001:000009f0       ?QueryInterface@?$CComAggObject@VCOPOSPINPad@@@ATL@@UEAAJAEBU_GUID@@PEAPEAX@Z 00000001800019f0 f i PINPad.obj
 0001:00000a50       ?AddRef@?$CComContainedObject@VCOPOSPINPad@@@ATL@@UEAAKXZ 0000000180001a50 f i PINPad.obj
 0001:00000a60       ?Release@?$CComContainedObject@VCOPOSPINPad@@@ATL@@UEAAKXZ 0000000180001a60 f i PINPad.obj
 0001:00000a70       ?QueryInterface@?$CComContainedObject@VCOPOSPINPad@@@ATL@@UEAAJAEBU_GUID@@PEAPEAX@Z 0000000180001a70 f i PINPad.obj
 0001:00000a80       ??_G?$CComAggObject@VCOPOSPINPad@@@ATL@@UEAAPEAXI@Z 0000000180001a80 f i PINPad.obj
 0001:00000a80       ??_E?$CComAggObject@VCOPOSPINPad@@@ATL@@UEAAPEAXI@Z 0000000180001a80 f i PINPad.obj
 0001:00000ad8       ?AddRef@?$CComObject@VCOPOSPINPad@@@ATL@@UEAAKXZ 0000000180001ad8 f i PINPad.obj
 0001:00000ae8       ?Release@?$CComObject@VCOPOSPINPad@@@ATL@@UEAAKXZ 0000000180001ae8 f i PINPad.obj
 0001:00000b40       ?QueryInterface@?$CComObject@VCOPOSPINPad@@@ATL@@UEAAJAEBU_GUID@@PEAPEAX@Z 0000000180001b40 f i PINPad.obj
 0001:00000b54       ?OnFinalMessage@?$CWindowImplBaseT@VCWindow@ATL@@V?$CWinTraits@$0FGAAAAAA@$0A@@2@@ATL@@UEAAXPEAUHWND__@@@Z 0000000180001b54 f i PINPad.obj
 0001:00000b54       ?ObjectMain@CComObjectRootBase@ATL@@SAX_N@Z 0000000180001b54 f i PINPad.obj
 0001:00000b54       _guard_check_icall_nop     0000000180001b54 f i LIBCMT:guard_support.obj
 0001:00000b58       ?GetCategoryMap@CComObjectRootBase@ATL@@SAPEBU_ATL_CATMAP_ENTRY@2@XZ 0000000180001b58 f i PINPad.obj
 0001:00000b58       ?HandsOffStorage@?$IPersistStorageImpl@VCOPOSPINPad@@@ATL@@UEAAJXZ 0000000180001b58 f i PINPad.obj
 0001:00000b58       ?EnableModeless@?$IOleInPlaceActiveObjectImpl@VCOPOSPINPad@@@ATL@@UEAAJH@Z 0000000180001b58 f i PINPad.obj
 0001:00000b58       ?IsUpToDate@?$IOleObjectImpl@VCOPOSPINPad@@@ATL@@UEAAJXZ 0000000180001b58 f i PINPad.obj
 0001:00000b58       ?SaveCompleted@?$IPersistStorageImpl@VCOPOSPINPad@@@ATL@@UEAAJPEAUIStorage@@@Z 0000000180001b58 f i PINPad.obj
 0001:00000b58       ?Release@CRegObject@ATL@@UEAAKXZ 0000000180001b58 f i PINPad.obj
 0001:00000b58       ?Update@?$IOleObjectImpl@VCOPOSPINPad@@@ATL@@UEAAJXZ 0000000180001b58 f i PINPad.obj
 0001:00000b58       ?OnFrameWindowActivate@?$IOleInPlaceActiveObjectImpl@VCOPOSPINPad@@@ATL@@UEAAJH@Z 0000000180001b58 f i PINPad.obj
 0001:00000b58       ?OnAmbientPropertyChange@?$IOleControlImpl@VCOPOSPINPad@@@ATL@@UEAAJJ@Z 0000000180001b58 f i PINPad.obj
 0001:00000b58       ?ResizeBorder@?$IOleInPlaceActiveObjectImpl@VCOPOSPINPad@@@ATL@@UEAAJPEBUtagRECT@@PEAUIOleInPlaceUIWindow@@H@Z 0000000180001b58 f i PINPad.obj
 0001:00000b58       ?SetHostNames@?$IOleObjectImpl@VCOPOSPINPad@@@ATL@@UEAAJPEB_W0@Z 0000000180001b58 f i PINPad.obj
 0001:00000b58       ?GetObjectDescription@?$CComCoClass@VCOPOSPINPad@@$1?CLSID_OPOSPINPad@@3U_GUID@@B@ATL@@SAPEB_WXZ 0000000180001b58 f i PINPad.obj
 0001:00000b5c       ?OnDrawAdvanced@CComControlBase@ATL@@UEAAJAEAUATL_DRAWINFO@@@Z 0000000180001b5c f i PINPad.obj
 0001:00000c7c       ?CreateInstance@CComClassFactory@ATL@@UEAAJPEAUIUnknown@@AEBU_GUID@@PEAPEAX@Z 0000000180001c7c f i PINPad.obj
 0001:00000cdc       ?LockServer@CComClassFactory@ATL@@UEAAJH@Z 0000000180001cdc f i PINPad.obj
 0001:00000d00       ??_GCComClassFactory@ATL@@UEAAPEAXI@Z 0000000180001d00 f i PINPad.obj
 0001:00000d00       ??_ECComClassFactory@ATL@@UEAAPEAXI@Z 0000000180001d00 f i PINPad.obj
 0001:00000d50       ?Next@?$CComEnumImpl@UIEnumConnections@@$1?_GUID_b196b287_bab4_101a_b69c_00aa00341d07@@3U__s_GUID@@BUtagCONNECTDATA@@V?$_Copy@UtagCONNECTDATA@@@ATL@@@ATL@@UEAAJKPEAUtagCONNECTDATA@@PEAK@Z 0000000180001d50 f i PINPad.obj
 0001:00000e24       ?Skip@?$CComEnumImpl@UIEnumConnections@@$1?_GUID_b196b287_bab4_101a_b69c_00aa00341d07@@3U__s_GUID@@BUtagCONNECTDATA@@V?$_Copy@UtagCONNECTDATA@@@ATL@@@ATL@@UEAAJK@Z 0000000180001e24 f i PINPad.obj
 0001:00000e50       ?Reset@?$CComEnumImpl@UIEnumConnectionPoints@@$1?_GUID_b196b285_bab4_101a_b69c_00aa00341d07@@3U__s_GUID@@BPEAUIConnectionPoint@@V?$_CopyInterface@UIConnectionPoint@@@ATL@@@ATL@@UEAAJXZ 0000000180001e50 f i PINPad.obj
 0001:00000e50       ?Reset@?$CComEnumImpl@UIEnumConnections@@$1?_GUID_b196b287_bab4_101a_b69c_00aa00341d07@@3U__s_GUID@@BUtagCONNECTDATA@@V?$_Copy@UtagCONNECTDATA@@@ATL@@@ATL@@UEAAJXZ 0000000180001e50 f i PINPad.obj
 0001:00000e5c       ?Clone@?$CComEnumImpl@UIEnumConnections@@$1?_GUID_b196b287_bab4_101a_b69c_00aa00341d07@@3U__s_GUID@@BUtagCONNECTDATA@@V?$_Copy@UtagCONNECTDATA@@@ATL@@@ATL@@UEAAJPEAPEAUIEnumConnections@@@Z 0000000180001e5c f i PINPad.obj
 0001:00000f84       ?AddRef@?$CComObject@V?$CComEnum@UIEnumConnectionPoints@@$1?_GUID_b196b285_bab4_101a_b69c_00aa00341d07@@3U__s_GUID@@BPEAUIConnectionPoint@@V?$_CopyInterface@UIConnectionPoint@@@ATL@@VCComSingleThreadModel@6@@ATL@@@ATL@@UEAAKXZ 0000000180001f84 f i PINPad.obj
 0001:00000f84       ?AddRef@?$CComObject@V?$CComEnum@UIEnumConnections@@$1?_GUID_b196b287_bab4_101a_b69c_00aa00341d07@@3U__s_GUID@@BUtagCONNECTDATA@@V?$_Copy@UtagCONNECTDATA@@@ATL@@VCComSingleThreadModel@6@@ATL@@@ATL@@UEAAKXZ 0000000180001f84 f i PINPad.obj
 0001:00000f90       ?Release@?$CComObject@V?$CComEnum@UIEnumConnectionPoints@@$1?_GUID_b196b285_bab4_101a_b69c_00aa00341d07@@3U__s_GUID@@BPEAUIConnectionPoint@@V?$_CopyInterface@UIConnectionPoint@@@ATL@@VCComSingleThreadModel@6@@ATL@@@ATL@@UEAAKXZ 0000000180001f90 f i PINPad.obj
 0001:00000f90       ?Release@?$CComObject@V?$CComEnum@UIEnumConnections@@$1?_GUID_b196b287_bab4_101a_b69c_00aa00341d07@@3U__s_GUID@@BUtagCONNECTDATA@@V?$_Copy@UtagCONNECTDATA@@@ATL@@VCComSingleThreadModel@6@@ATL@@@ATL@@UEAAKXZ 0000000180001f90 f i PINPad.obj
 0001:00000fe4       ?QueryInterface@?$CComObject@V?$CComEnum@UIEnumConnections@@$1?_GUID_b196b287_bab4_101a_b69c_00aa00341d07@@3U__s_GUID@@BUtagCONNECTDATA@@V?$_Copy@UtagCONNECTDATA@@@ATL@@VCComSingleThreadModel@6@@ATL@@@ATL@@UEAAJAEBU_GUID@@PEAPEAX@Z 0000000180001fe4 f i PINPad.obj
 0001:00000ff8       ??_G?$CComObject@V?$CComEnum@UIEnumConnections@@$1?_GUID_b196b287_bab4_101a_b69c_00aa00341d07@@3U__s_GUID@@BUtagCONNECTDATA@@V?$_Copy@UtagCONNECTDATA@@@ATL@@VCComSingleThreadModel@6@@ATL@@@ATL@@UEAAPEAXI@Z 0000000180001ff8 f i PINPad.obj
 0001:00000ff8       ??_E?$CComObject@V?$CComEnum@UIEnumConnections@@$1?_GUID_b196b287_bab4_101a_b69c_00aa00341d07@@3U__s_GUID@@BUtagCONNECTDATA@@V?$_Copy@UtagCONNECTDATA@@@ATL@@VCComSingleThreadModel@6@@ATL@@@ATL@@UEAAPEAXI@Z 0000000180001ff8 f i PINPad.obj
 0001:00001050       ??_E?$CComObject@VCOPOSPINPad@@@ATL@@W7EAAPEAXI@Z 0000000180002050 f i PINPad.obj
 0001:0000105c       ??_E?$CComObject@VCOPOSPINPad@@@ATL@@WHA@EAAPEAXI@Z 000000018000205c f i PINPad.obj
 0001:00001068       ?QueryInterface@?$CComObject@VCOPOSPINPad@@@ATL@@WLI@EAAJAEBU_GUID@@PEAPEAX@Z 0000000180002068 f i PINPad.obj
 0001:00001074       ?AddRef@?$CComObject@VCOPOSPINPad@@@ATL@@WLI@EAAKXZ 0000000180002074 f i PINPad.obj
 0001:00001080       ?Release@?$CComObject@VCOPOSPINPad@@@ATL@@WLI@EAAKXZ 0000000180002080 f i PINPad.obj
 0001:0000108c       ?QueryInterface@?$CComObject@VCOPOSPINPad@@@ATL@@WMA@EAAJAEBU_GUID@@PEAPEAX@Z 000000018000208c f i PINPad.obj
 0001:00001098       ?AddRef@?$CComObject@VCOPOSPINPad@@@ATL@@WMA@EAAKXZ 0000000180002098 f i PINPad.obj
 0001:000010a4       ?Release@?$CComObject@VCOPOSPINPad@@@ATL@@WMA@EAAKXZ 00000001800020a4 f i PINPad.obj
 0001:000010b0       ?QueryInterface@?$CComObject@VCOPOSPINPad@@@ATL@@WMI@EAAJAEBU_GUID@@PEAPEAX@Z 00000001800020b0 f i PINPad.obj
 0001:000010bc       ?AddRef@?$CComObject@VCOPOSPINPad@@@ATL@@WMI@EAAKXZ 00000001800020bc f i PINPad.obj
 0001:000010c8       ?Release@?$CComObject@VCOPOSPINPad@@@ATL@@WMI@EAAKXZ 00000001800020c8 f i PINPad.obj
 0001:000010d4       ?QueryInterface@?$CComObject@VCOPOSPINPad@@@ATL@@WNA@EAAJAEBU_GUID@@PEAPEAX@Z 00000001800020d4 f i PINPad.obj
 0001:000010e0       ?AddRef@?$CComObject@VCOPOSPINPad@@@ATL@@WNA@EAAKXZ 00000001800020e0 f i PINPad.obj
 0001:000010ec       ?Release@?$CComObject@VCOPOSPINPad@@@ATL@@WNA@EAAKXZ 00000001800020ec f i PINPad.obj
 0001:000010f8       ?QueryInterface@?$CComObject@VCOPOSPINPad@@@ATL@@WNI@EAAJAEBU_GUID@@PEAPEAX@Z 00000001800020f8 f i PINPad.obj
 0001:00001104       ?AddRef@?$CComObject@VCOPOSPINPad@@@ATL@@WNI@EAAKXZ 0000000180002104 f i PINPad.obj
 0001:00001110       ?Release@?$CComObject@VCOPOSPINPad@@@ATL@@WNI@EAAKXZ 0000000180002110 f i PINPad.obj
 0001:0000111c       ?QueryInterface@?$CComObject@VCOPOSPINPad@@@ATL@@WOA@EAAJAEBU_GUID@@PEAPEAX@Z 000000018000211c f i PINPad.obj
 0001:00001128       ?AddRef@?$CComObject@VCOPOSPINPad@@@ATL@@WOA@EAAKXZ 0000000180002128 f i PINPad.obj
 0001:00001134       ?Release@?$CComObject@VCOPOSPINPad@@@ATL@@WOA@EAAKXZ 0000000180002134 f i PINPad.obj
 0001:00001140       ?QueryInterface@?$CComObject@VCOPOSPINPad@@@ATL@@WOI@EAAJAEBU_GUID@@PEAPEAX@Z 0000000180002140 f i PINPad.obj
 0001:0000114c       ?AddRef@?$CComObject@VCOPOSPINPad@@@ATL@@WOI@EAAKXZ 000000018000214c f i PINPad.obj
 0001:00001158       ?Release@?$CComObject@VCOPOSPINPad@@@ATL@@WOI@EAAKXZ 0000000180002158 f i PINPad.obj
 0001:00001164       ?QueryInterface@?$CComObject@VCOPOSPINPad@@@ATL@@WPA@EAAJAEBU_GUID@@PEAPEAX@Z 0000000180002164 f i PINPad.obj
 0001:00001170       ?AddRef@?$CComObject@VCOPOSPINPad@@@ATL@@WPA@EAAKXZ 0000000180002170 f i PINPad.obj
 0001:0000117c       ?Release@?$CComObject@VCOPOSPINPad@@@ATL@@WPA@EAAKXZ 000000018000217c f i PINPad.obj
 0001:00001188       ?QueryInterface@?$CComObject@VCOPOSPINPad@@@ATL@@WPI@EAAJAEBU_GUID@@PEAPEAX@Z 0000000180002188 f i PINPad.obj
 0001:00001194       ?AddRef@?$CComObject@VCOPOSPINPad@@@ATL@@WPI@EAAKXZ 0000000180002194 f i PINPad.obj
 0001:000011a0       ?Release@?$CComObject@VCOPOSPINPad@@@ATL@@WPI@EAAKXZ 00000001800021a0 f i PINPad.obj
 0001:000011ac       ?QueryInterface@?$CComObject@VCOPOSPINPad@@@ATL@@WBAA@EAAJAEBU_GUID@@PEAPEAX@Z 00000001800021ac f i PINPad.obj
 0001:000011b8       ?AddRef@?$CComObject@VCOPOSPINPad@@@ATL@@WBAA@EAAKXZ 00000001800021b8 f i PINPad.obj
 0001:000011c4       ?Release@?$CComObject@VCOPOSPINPad@@@ATL@@WBAA@EAAKXZ 00000001800021c4 f i PINPad.obj
 0001:000011d0       ?QueryInterface@?$CComObject@VCOPOSPINPad@@@ATL@@WBAI@EAAJAEBU_GUID@@PEAPEAX@Z 00000001800021d0 f i PINPad.obj
 0001:000011dc       ?AddRef@?$CComObject@VCOPOSPINPad@@@ATL@@WBAI@EAAKXZ 00000001800021dc f i PINPad.obj
 0001:000011e8       ?Release@?$CComObject@VCOPOSPINPad@@@ATL@@WBAI@EAAKXZ 00000001800021e8 f i PINPad.obj
 0001:000011f4       ?QueryInterface@?$CComObject@VCOPOSPINPad@@@ATL@@WBBA@EAAJAEBU_GUID@@PEAPEAX@Z 00000001800021f4 f i PINPad.obj
 0001:00001200       ?AddRef@?$CComObject@VCOPOSPINPad@@@ATL@@WBBA@EAAKXZ 0000000180002200 f i PINPad.obj
 0001:0000120c       ?Release@?$CComObject@VCOPOSPINPad@@@ATL@@WBBA@EAAKXZ 000000018000220c f i PINPad.obj
 0001:00001218       ?QueryInterface@?$CComObject@VCOPOSPINPad@@@ATL@@WBBI@EAAJAEBU_GUID@@PEAPEAX@Z 0000000180002218 f i PINPad.obj
 0001:00001224       ?AddRef@?$CComObject@VCOPOSPINPad@@@ATL@@WBBI@EAAKXZ 0000000180002224 f i PINPad.obj
 0001:00001230       ?Release@?$CComObject@VCOPOSPINPad@@@ATL@@WBBI@EAAKXZ 0000000180002230 f i PINPad.obj
 0001:0000123c       ?AddRef@?$CComObject@VCOPOSPINPad@@@ATL@@WBCI@EAAKXZ 000000018000223c f i PINPad.obj
 0001:00001248       ?Release@?$CComObject@VCOPOSPINPad@@@ATL@@WBCI@EAAKXZ 0000000180002248 f i PINPad.obj
 0001:00001254       ?AddRef@?$CComObject@VCOPOSPINPad@@@ATL@@WBEA@EAAKXZ 0000000180002254 f i PINPad.obj
 0001:00001260       ?Release@?$CComObject@VCOPOSPINPad@@@ATL@@WBEA@EAAKXZ 0000000180002260 f i PINPad.obj
 0001:0000126c       ??_E?$CComContainedObject@VCOPOSPINPad@@@ATL@@W7EAAPEAXI@Z 000000018000226c f i PINPad.obj
 0001:00001278       ??_E?$CComContainedObject@VCOPOSPINPad@@@ATL@@WHA@EAAPEAXI@Z 0000000180002278 f i PINPad.obj
 0001:00001284       ?QueryInterface@?$CComContainedObject@VCOPOSPINPad@@@ATL@@WLI@EAAJAEBU_GUID@@PEAPEAX@Z 0000000180002284 f i PINPad.obj
 0001:00001290       ?AddRef@?$CComContainedObject@VCOPOSPINPad@@@ATL@@WLI@EAAKXZ 0000000180002290 f i PINPad.obj
 0001:0000129c       ?Release@?$CComContainedObject@VCOPOSPINPad@@@ATL@@WLI@EAAKXZ 000000018000229c f i PINPad.obj
 0001:000012a8       ?QueryInterface@?$CComContainedObject@VCOPOSPINPad@@@ATL@@WMA@EAAJAEBU_GUID@@PEAPEAX@Z 00000001800022a8 f i PINPad.obj
 0001:000012b4       ?AddRef@?$CComContainedObject@VCOPOSPINPad@@@ATL@@WMA@EAAKXZ 00000001800022b4 f i PINPad.obj
 0001:000012c0       ?Release@?$CComContainedObject@VCOPOSPINPad@@@ATL@@WMA@EAAKXZ 00000001800022c0 f i PINPad.obj
 0001:000012cc       ?QueryInterface@?$CComContainedObject@VCOPOSPINPad@@@ATL@@WMI@EAAJAEBU_GUID@@PEAPEAX@Z 00000001800022cc f i PINPad.obj
 0001:000012d8       ?AddRef@?$CComContainedObject@VCOPOSPINPad@@@ATL@@WMI@EAAKXZ 00000001800022d8 f i PINPad.obj
 0001:000012e4       ?Release@?$CComContainedObject@VCOPOSPINPad@@@ATL@@WMI@EAAKXZ 00000001800022e4 f i PINPad.obj
 0001:000012f0       ?QueryInterface@?$CComContainedObject@VCOPOSPINPad@@@ATL@@WNA@EAAJAEBU_GUID@@PEAPEAX@Z 00000001800022f0 f i PINPad.obj
 0001:000012fc       ?AddRef@?$CComContainedObject@VCOPOSPINPad@@@ATL@@WNA@EAAKXZ 00000001800022fc f i PINPad.obj
 0001:00001308       ?Release@?$CComContainedObject@VCOPOSPINPad@@@ATL@@WNA@EAAKXZ 0000000180002308 f i PINPad.obj
 0001:00001314       ?QueryInterface@?$CComContainedObject@VCOPOSPINPad@@@ATL@@WNI@EAAJAEBU_GUID@@PEAPEAX@Z 0000000180002314 f i PINPad.obj
 0001:00001320       ?AddRef@?$CComContainedObject@VCOPOSPINPad@@@ATL@@WNI@EAAKXZ 0000000180002320 f i PINPad.obj
 0001:0000132c       ?Release@?$CComContainedObject@VCOPOSPINPad@@@ATL@@WNI@EAAKXZ 000000018000232c f i PINPad.obj
 0001:00001338       ?QueryInterface@?$CComContainedObject@VCOPOSPINPad@@@ATL@@WOA@EAAJAEBU_GUID@@PEAPEAX@Z 0000000180002338 f i PINPad.obj
 0001:00001344       ?AddRef@?$CComContainedObject@VCOPOSPINPad@@@ATL@@WOA@EAAKXZ 0000000180002344 f i PINPad.obj
 0001:00001350       ?Release@?$CComContainedObject@VCOPOSPINPad@@@ATL@@WOA@EAAKXZ 0000000180002350 f i PINPad.obj
 0001:0000135c       ?QueryInterface@?$CComContainedObject@VCOPOSPINPad@@@ATL@@WOI@EAAJAEBU_GUID@@PEAPEAX@Z 000000018000235c f i PINPad.obj
 0001:00001368       ?AddRef@?$CComContainedObject@VCOPOSPINPad@@@ATL@@WOI@EAAKXZ 0000000180002368 f i PINPad.obj
 0001:00001374       ?Release@?$CComContainedObject@VCOPOSPINPad@@@ATL@@WOI@EAAKXZ 0000000180002374 f i PINPad.obj
 0001:00001380       ?QueryInterface@?$CComContainedObject@VCOPOSPINPad@@@ATL@@WPA@EAAJAEBU_GUID@@PEAPEAX@Z 0000000180002380 f i PINPad.obj
 0001:0000138c       ?AddRef@?$CComContainedObject@VCOPOSPINPad@@@ATL@@WPA@EAAKXZ 000000018000238c f i PINPad.obj
 0001:00001398       ?Release@?$CComContainedObject@VCOPOSPINPad@@@ATL@@WPA@EAAKXZ 0000000180002398 f i PINPad.obj
 0001:000013a4       ?QueryInterface@?$CComContainedObject@VCOPOSPINPad@@@ATL@@WPI@EAAJAEBU_GUID@@PEAPEAX@Z 00000001800023a4 f i PINPad.obj
 0001:000013b0       ?AddRef@?$CComContainedObject@VCOPOSPINPad@@@ATL@@WPI@EAAKXZ 00000001800023b0 f i PINPad.obj
 0001:000013bc       ?Release@?$CComContainedObject@VCOPOSPINPad@@@ATL@@WPI@EAAKXZ 00000001800023bc f i PINPad.obj
 0001:000013c8       ?QueryInterface@?$CComContainedObject@VCOPOSPINPad@@@ATL@@WBAA@EAAJAEBU_GUID@@PEAPEAX@Z 00000001800023c8 f i PINPad.obj
 0001:000013d4       ?AddRef@?$CComContainedObject@VCOPOSPINPad@@@ATL@@WBAA@EAAKXZ 00000001800023d4 f i PINPad.obj
 0001:000013e0       ?Release@?$CComContainedObject@VCOPOSPINPad@@@ATL@@WBAA@EAAKXZ 00000001800023e0 f i PINPad.obj
 0001:000013ec       ?QueryInterface@?$CComContainedObject@VCOPOSPINPad@@@ATL@@WBAI@EAAJAEBU_GUID@@PEAPEAX@Z 00000001800023ec f i PINPad.obj
 0001:000013f8       ?AddRef@?$CComContainedObject@VCOPOSPINPad@@@ATL@@WBAI@EAAKXZ 00000001800023f8 f i PINPad.obj
 0001:00001404       ?Release@?$CComContainedObject@VCOPOSPINPad@@@ATL@@WBAI@EAAKXZ 0000000180002404 f i PINPad.obj
 0001:00001410       ?QueryInterface@?$CComContainedObject@VCOPOSPINPad@@@ATL@@WBBA@EAAJAEBU_GUID@@PEAPEAX@Z 0000000180002410 f i PINPad.obj
 0001:0000141c       ?AddRef@?$CComContainedObject@VCOPOSPINPad@@@ATL@@WBBA@EAAKXZ 000000018000241c f i PINPad.obj
 0001:00001428       ?Release@?$CComContainedObject@VCOPOSPINPad@@@ATL@@WBBA@EAAKXZ 0000000180002428 f i PINPad.obj
 0001:00001434       ?QueryInterface@?$CComContainedObject@VCOPOSPINPad@@@ATL@@WBBI@EAAJAEBU_GUID@@PEAPEAX@Z 0000000180002434 f i PINPad.obj
 0001:00001440       ?AddRef@?$CComContainedObject@VCOPOSPINPad@@@ATL@@WBBI@EAAKXZ 0000000180002440 f i PINPad.obj
 0001:0000144c       ?Release@?$CComContainedObject@VCOPOSPINPad@@@ATL@@WBBI@EAAKXZ 000000018000244c f i PINPad.obj
 0001:00001458       ?AddRef@?$CComContainedObject@VCOPOSPINPad@@@ATL@@WBCI@EAAKXZ 0000000180002458 f i PINPad.obj
 0001:00001464       ?Release@?$CComContainedObject@VCOPOSPINPad@@@ATL@@WBCI@EAAKXZ 0000000180002464 f i PINPad.obj
 0001:00001470       ?AddRef@?$CComContainedObject@VCOPOSPINPad@@@ATL@@WBEA@EAAKXZ 0000000180002470 f i PINPad.obj
 0001:0000147c       ?Release@?$CComContainedObject@VCOPOSPINPad@@@ATL@@WBEA@EAAKXZ 000000018000247c f i PINPad.obj
 0001:00001488       ?Lock@CAtlModule@ATL@@UEAAJXZ 0000000180002488 f i PINPad.obj
 0001:00001498       ?Unlock@CAtlModule@ATL@@UEAAJXZ 0000000180002498 f i PINPad.obj
 0001:000014a4       ?GetLockCount@CAtlModule@ATL@@UEAAJXZ 00000001800024a4 f i PINPad.obj
 0001:000014a8       ?GetGITPtr@CAtlModule@ATL@@UEAAJPEAPEAUIGlobalInterfaceTable@@@Z 00000001800024a8 f i PINPad.obj
 0001:00001518       ?AddCommonRGSReplacements@?$CAtlModuleT@VCComModule@ATL@@@ATL@@UEAAJPEAUIRegistrarBase@@@Z 0000000180002518 f i PINPad.obj
 0001:00001530       ?GetWindowProc@?$CWindowImplBaseT@VCWindow@ATL@@V?$CWinTraits@$0FGAAAAAA@$0A@@2@@ATL@@UEAAP6A_JPEAUHWND__@@I_K_J@ZXZ 0000000180002530 f i PINPad.obj
 0001:00001538       ?StartWindowProc@?$CWindowImplBaseT@VCWindow@ATL@@V?$CWinTraits@$0FGAAAAAA@$0A@@2@@ATL@@SA_JPEAUHWND__@@I_K_J@Z 0000000180002538 f i PINPad.obj
 0001:000015fc       ?UpdateRegistryFromResourceD@CComModule@ATL@@UEAAJPEB_WHPEAU_ATL_REGMAP_ENTRY@2@@Z 00000001800025fc f i PINPad.obj
 0001:000015fc       ?UpdateRegistryFromResourceD@CComModule@ATL@@UEAAJIHPEAU_ATL_REGMAP_ENTRY@2@@Z 00000001800025fc f i PINPad.obj
 0001:00001604       ?UpdateRegistryFromResource@CComModule@ATL@@UEAAJPEB_WHPEAU_ATL_REGMAP_ENTRY@2@@Z 0000000180002604 f i PINPad.obj
 0001:0000160c       ?UpdateRegistryFromResource@CComModule@ATL@@UEAAJIHPEAU_ATL_REGMAP_ENTRY@2@@Z 000000018000260c f i PINPad.obj
 0001:00001614       ??_ECComModule@ATL@@UEAAPEAXI@Z 0000000180002614 f i PINPad.obj
 0001:00001614       ??_GCComModule@ATL@@UEAAPEAXI@Z 0000000180002614 f i PINPad.obj
 0001:00001694       ?GetTypeInfoCount@?$IDispatchImpl@UIOPOSPINPad@@$1?IID_IOPOSPINPad@@3U_GUID@@B$1?LIBID_OposPINPad_CCO@@3U3@B$00$0A@VCComTypeInfoHolder@ATL@@@ATL@@UEAAJPEAI@Z 0000000180002694 f i PINPad.obj
 0001:000016a8       ?GetTypeInfo@?$IDispatchImpl@UIOPOSPINPad@@$1?IID_IOPOSPINPad@@3U_GUID@@B$1?LIBID_OposPINPad_CCO@@3U3@B$00$0A@VCComTypeInfoHolder@ATL@@@ATL@@UEAAJIKPEAPEAUITypeInfo@@@Z 00000001800026a8 f i PINPad.obj
 0001:0000170c       ?GetIDsOfNames@?$IDispatchImpl@UIOPOSPINPad@@$1?IID_IOPOSPINPad@@3U_GUID@@B$1?LIBID_OposPINPad_CCO@@3U3@B$00$0A@VCComTypeInfoHolder@ATL@@@ATL@@UEAAJAEBU_GUID@@PEAPEA_WIKPEAJ@Z 000000018000270c f i PINPad.obj
 0001:00001718       ?Invoke@?$IDispatchImpl@UIOPOSPINPad@@$1?IID_IOPOSPINPad@@3U_GUID@@B$1?LIBID_OposPINPad_CCO@@3U3@B$00$0A@VCComTypeInfoHolder@ATL@@@ATL@@UEAAJJAEBU_GUID@@KGPEAUtagDISPPARAMS@@PEAUtagVARIANT@@PEAUtagEXCEPINFO@@PEAI@Z 0000000180002718 f i PINPad.obj
 0001:000017a8       ?CreateControlWindow@?$CComControl@VCOPOSPINPad@@V?$CWindowImpl@VCOPOSPINPad@@VCWindow@ATL@@V?$CWinTraits@$0FGAAAAAA@$0A@@3@@ATL@@@ATL@@UEAAPEAUHWND__@@PEAU3@AEAUtagRECT@@@Z 00000001800027a8 f i PINPad.obj
 0001:000017e0       ?ControlQueryInterface@?$CComControl@VCOPOSPINPad@@V?$CWindowImpl@VCOPOSPINPad@@VCWindow@ATL@@V?$CWinTraits@$0FGAAAAAA@$0A@@3@@ATL@@@ATL@@UEAAJAEBU_GUID@@PEAPEAX@Z 00000001800027e0 f i PINPad.obj
 0001:000017f4       ?GetUserClassID@?$IOleObjectImpl@VCOPOSPINPad@@@ATL@@UEAAJPEAU_GUID@@@Z 00000001800027f4 f i PINPad.obj
 0001:000017f4       ?GetClassID@?$IPersistStreamInitImpl@VCOPOSPINPad@@@ATL@@UEAAJPEAU_GUID@@@Z 00000001800027f4 f i PINPad.obj
 0001:000017f4       ?GetClassID@?$IPersistStorageImpl@VCOPOSPINPad@@@ATL@@UEAAJPEAU_GUID@@@Z 00000001800027f4 f i PINPad.obj
 0001:00001810       ?IsDirty@?$IPersistStreamInitImpl@VCOPOSPINPad@@@ATL@@UEAAJXZ 0000000180002810 f i PINPad.obj
 0001:0000182c       ?Load@?$IPersistStreamInitImpl@VCOPOSPINPad@@@ATL@@UEAAJPEAUIStream@@@Z 000000018000282c f i PINPad.obj
 0001:0000187c       ?Save@?$IPersistStreamInitImpl@VCOPOSPINPad@@@ATL@@UEAAJPEAUIStream@@H@Z 000000018000287c f i PINPad.obj
 0001:000018e0       ?GetSizeMax@?$IPersistStreamInitImpl@VCOPOSPINPad@@@ATL@@UEAAJPEAT_ULARGE_INTEGER@@@Z 00000001800028e0 f i PINPad.obj
 0001:00001b0c       ?InitNew@?$IPersistStreamInitImpl@VCOPOSPINPad@@@ATL@@UEAAJXZ 0000000180002b0c f i PINPad.obj
 0001:00001b24       ?Unfreeze@?$IViewObjectExImpl@VCOPOSPINPad@@@ATL@@UEAAJK@Z 0000000180002b24 f i PINPad.obj
 0001:00001b24       ?Freeze@?$IViewObjectExImpl@VCOPOSPINPad@@@ATL@@UEAAJKJPEAXPEAK@Z 0000000180002b24 f i PINPad.obj
 0001:00001b24       ?GetRect@?$IViewObjectExImpl@VCOPOSPINPad@@@ATL@@UEAAJKPEAU_RECTL@@@Z 0000000180002b24 f i PINPad.obj
 0001:00001b24       ?SOOutputCompleteDummy@COPOSPINPad@@MEAAJJ@Z 0000000180002b24 f i PINPad.obj
 0001:00001b24       ?InitFromData@?$IOleObjectImpl@VCOPOSPINPad@@@ATL@@UEAAJPEAUIDataObject@@HK@Z 0000000180002b24 f i PINPad.obj
 0001:00001b24       ?GetColorSet@?$IViewObjectExImpl@VCOPOSPINPad@@@ATL@@UEAAJKJPEAXPEAUtagDVTARGETDEVICE@@PEAUHDC__@@PEAPEAUtagLOGPALETTE@@@Z 0000000180002b24 f i PINPad.obj
 0001:00001b24       ?GetControlInfo@?$IOleControlImpl@VCOPOSPINPad@@@ATL@@UEAAJPEAUtagCONTROLINFO@@@Z 0000000180002b24 f i PINPad.obj
 0001:00001b24       ?SetData@?$IDataObjectImpl@VCOPOSPINPad@@@ATL@@UEAAJPEAUtagFORMATETC@@PEAUtagSTGMEDIUM@@H@Z 0000000180002b24 f i PINPad.obj
 0001:00001b24       ?QueryInterface@CRegObject@ATL@@UEAAJAEBU_GUID@@PEAPEAX@Z 0000000180002b24 f i PINPad.obj
 0001:00001b24       ?ReactivateAndUndo@?$IOleInPlaceObjectWindowlessImpl@VCOPOSPINPad@@@ATL@@UEAAJXZ 0000000180002b24 f i PINPad.obj
 0001:00001b24       ?GetMoniker@?$IOleObjectImpl@VCOPOSPINPad@@@ATL@@UEAAJKKPEAPEAUIMoniker@@@Z 0000000180002b24 f i PINPad.obj
 0001:00001b24       ?GetDropTarget@?$IOleInPlaceObjectWindowlessImpl@VCOPOSPINPad@@@ATL@@UEAAJPEAPEAUIDropTarget@@@Z 0000000180002b24 f i PINPad.obj
 0001:00001b24       ?GetCanonicalFormatEtc@?$IDataObjectImpl@VCOPOSPINPad@@@ATL@@UEAAJPEAUtagFORMATETC@@0@Z 0000000180002b24 f i PINPad.obj
 0001:00001b24       ?ContextSensitiveHelp@?$IOleInPlaceObjectWindowlessImpl@VCOPOSPINPad@@@ATL@@UEAAJH@Z 0000000180002b24 f i PINPad.obj
 0001:00001b24       ?OnMnemonic@?$IOleControlImpl@VCOPOSPINPad@@@ATL@@UEAAJPEAUtagMSG@@@Z 0000000180002b24 f i PINPad.obj
 0001:00001b24       ?EnumFormatEtc@?$IDataObjectImpl@VCOPOSPINPad@@@ATL@@UEAAJKPEAPEAUIEnumFORMATETC@@@Z 0000000180002b24 f i PINPad.obj
 0001:00001b24       ?ContextSensitiveHelp@?$IOleInPlaceActiveObjectImpl@VCOPOSPINPad@@@ATL@@UEAAJH@Z 0000000180002b24 f i PINPad.obj
 0001:00001b24       ?SetMoniker@?$IOleObjectImpl@VCOPOSPINPad@@@ATL@@UEAAJKPEAUIMoniker@@@Z 0000000180002b24 f i PINPad.obj
 0001:00001b24       ?GetClipboardData@?$IOleObjectImpl@VCOPOSPINPad@@@ATL@@UEAAJKPEAPEAUIDataObject@@@Z 0000000180002b24 f i PINPad.obj
 0001:00001b24       ?SetColorScheme@?$IOleObjectImpl@VCOPOSPINPad@@@ATL@@UEAAJPEAUtagLOGPALETTE@@@Z 0000000180002b24 f i PINPad.obj
 0001:00001b24       ?GetDataHere@?$IDataObjectImpl@VCOPOSPINPad@@@ATL@@UEAAJPEAUtagFORMATETC@@PEAUtagSTGMEDIUM@@@Z 0000000180002b24 f i PINPad.obj
 0001:00001b24       ?QueryGetData@?$IDataObjectImpl@VCOPOSPINPad@@@ATL@@UEAAJPEAUtagFORMATETC@@@Z 0000000180002b24 f i PINPad.obj
 0001:00001b2c       ?SetClientSite@?$IOleObjectImpl@VCOPOSPINPad@@@ATL@@UEAAJPEAUIOleClientSite@@@Z 0000000180002b2c f i PINPad.obj
 0001:00001b48       ?GetClientSite@?$IOleObjectImpl@VCOPOSPINPad@@@ATL@@UEAAJPEAPEAUIOleClientSite@@@Z 0000000180002b48 f i PINPad.obj
 0001:00001b90       ?Close@?$IOleObjectImpl@VCOPOSPINPad@@@ATL@@UEAAJK@Z 0000000180002b90 f i PINPad.obj
 0001:00001bac       ?DoVerb@?$IOleObjectImpl@VCOPOSPINPad@@@ATL@@UEAAJJPEAUtagMSG@@PEAUIOleClientSite@@JPEAUHWND__@@PEBUtagRECT@@@Z 0000000180002bac f i PINPad.obj
 0001:00001d50       ?EnumVerbs@?$IOleObjectImpl@VCOPOSPINPad@@@ATL@@UEAAJPEAPEAUIEnumOLEVERB@@@Z 0000000180002d50 f i PINPad.obj
 0001:00001d6c       ?GetUserType@?$IOleObjectImpl@VCOPOSPINPad@@@ATL@@UEAAJKPEAPEA_W@Z 0000000180002d6c f i PINPad.obj
 0001:00001d7c       ?SetExtent@?$IOleObjectImpl@VCOPOSPINPad@@@ATL@@UEAAJKPEAUtagSIZE@@@Z 0000000180002d7c f i PINPad.obj
 0001:00001d98       ?GetExtent@?$IOleObjectImpl@VCOPOSPINPad@@@ATL@@UEAAJKPEAUtagSIZE@@@Z 0000000180002d98 f i PINPad.obj
 0001:00001dc8       ?Advise@?$IOleObjectImpl@VCOPOSPINPad@@@ATL@@UEAAJPEAUIAdviseSink@@PEAK@Z 0000000180002dc8 f i PINPad.obj
 0001:00001e24       ?Unadvise@?$IOleObjectImpl@VCOPOSPINPad@@@ATL@@UEAAJK@Z 0000000180002e24 f i PINPad.obj
 0001:00001e5c       ?EnumAdvise@?$IOleObjectImpl@VCOPOSPINPad@@@ATL@@UEAAJPEAPEAUIEnumSTATDATA@@@Z 0000000180002e5c f i PINPad.obj
 0001:00001ea4       ?GetMiscStatus@?$IOleObjectImpl@VCOPOSPINPad@@@ATL@@UEAAJKPEAK@Z 0000000180002ea4 f i PINPad.obj
 0001:00001eb4       ?GetWindow@?$IOleInPlaceActiveObjectImpl@VCOPOSPINPad@@@ATL@@UEAAJPEAPEAUHWND__@@@Z 0000000180002eb4 f i PINPad.obj
 0001:00001f08       ?TranslateAcceleratorW@?$IOleInPlaceActiveObjectImpl@VCOPOSPINPad@@@ATL@@UEAAJPEAUtagMSG@@@Z 0000000180002f08 f i PINPad.obj
 0001:00001ffc       ?OnDocWindowActivate@?$IOleInPlaceActiveObjectImpl@VCOPOSPINPad@@@ATL@@UEAAJH@Z 0000000180002ffc f i PINPad.obj
 0001:00002028       ?Draw@?$IViewObjectExImpl@VCOPOSPINPad@@@ATL@@UEAAJKJPEAXPEAUtagDVTARGETDEVICE@@PEAUHDC__@@2PEBU_RECTL@@3P6AH_K@Z4@Z 0000000180003028 f i PINPad.obj
 0001:0000208c       ?SetAdvise@?$IViewObjectExImpl@VCOPOSPINPad@@@ATL@@UEAAJKKPEAUIAdviseSink@@@Z 000000018000308c f i PINPad.obj
 0001:000020e0       ?GetAdvise@?$IViewObjectExImpl@VCOPOSPINPad@@@ATL@@UEAAJPEAK0PEAPEAUIAdviseSink@@@Z 00000001800030e0 f i PINPad.obj
 0001:0000211c       ?GetExtent@?$IViewObjectExImpl@VCOPOSPINPad@@@ATL@@UEAAJKJPEAUtagDVTARGETDEVICE@@PEAUtagSIZE@@@Z 000000018000311c f i PINPad.obj
 0001:0000214c       ?GetViewStatus@?$IViewObjectExImpl@VCOPOSPINPad@@@ATL@@UEAAJPEAK@Z 000000018000314c f i PINPad.obj
 0001:00002160       ?QueryHitPoint@?$IViewObjectExImpl@VCOPOSPINPad@@@ATL@@UEAAJKPEBUtagRECT@@UtagPOINT@@JPEAK@Z 0000000180003160 f i PINPad.obj
 0001:000021a4       ?QueryHitRect@?$IViewObjectExImpl@VCOPOSPINPad@@@ATL@@UEAAJKPEBUtagRECT@@0JPEAK@Z 00000001800031a4 f i PINPad.obj
 0001:0000220c       ?GetNaturalExtent@?$IViewObjectExImpl@VCOPOSPINPad@@@ATL@@UEAAJKJPEAUtagDVTARGETDEVICE@@PEAUHDC__@@PEAUtagExtentInfo@@PEAUtagSIZE@@@Z 000000018000320c f i PINPad.obj
 0001:00002254       ?GetWindow@?$IOleInPlaceObjectWindowlessImpl@VCOPOSPINPad@@@ATL@@UEAAJPEAPEAUHWND__@@@Z 0000000180003254 f i PINPad.obj
 0001:000022a8       ?InPlaceDeactivate@?$IOleInPlaceObjectWindowlessImpl@VCOPOSPINPad@@@ATL@@UEAAJXZ 00000001800032a8 f i PINPad.obj
 0001:000022c4       ?UIDeactivate@?$IOleInPlaceObjectWindowlessImpl@VCOPOSPINPad@@@ATL@@UEAAJXZ 00000001800032c4 f i PINPad.obj
 0001:000022e0       ?SetObjectRects@?$IOleInPlaceObjectWindowlessImpl@VCOPOSPINPad@@@ATL@@UEAAJPEBUtagRECT@@0@Z 00000001800032e0 f i PINPad.obj
 0001:000022fc       ?OnWindowMessage@?$IOleInPlaceObjectWindowlessImpl@VCOPOSPINPad@@@ATL@@UEAAJI_K_JPEA_J@Z 00000001800032fc f i PINPad.obj
 0001:000023c4       ?EnumConnectionPoints@?$IConnectionPointContainerImpl@VCOPOSPINPad@@@ATL@@UEAAJPEAPEAUIEnumConnectionPoints@@@Z 00000001800033c4 f i PINPad.obj
 0001:0000260c       ?FindConnectionPoint@?$IConnectionPointContainerImpl@VCOPOSPINPad@@@ATL@@UEAAJAEBU_GUID@@PEAPEAUIConnectionPoint@@@Z 000000018000360c f i PINPad.obj
 0001:000026dc       ?IsDirty@?$IPersistStorageImpl@VCOPOSPINPad@@@ATL@@UEAAJXZ 00000001800036dc f i PINPad.obj
 0001:00002720       ?InitNew@?$IPersistStorageImpl@VCOPOSPINPad@@@ATL@@UEAAJPEAUIStorage@@@Z 0000000180003720 f i PINPad.obj
 0001:00002764       ?Load@?$IPersistStorageImpl@VCOPOSPINPad@@@ATL@@UEAAJPEAUIStorage@@@Z 0000000180003764 f i PINPad.obj
 0001:00002804       ?Save@?$IPersistStorageImpl@VCOPOSPINPad@@@ATL@@UEAAJPEAUIStorage@@H@Z 0000000180003804 f i PINPad.obj
 0001:000028b4       ?GetPages@?$ISpecifyPropertyPagesImpl@VCOPOSPINPad@@@ATL@@UEAAJPEAUtagCAUUID@@@Z 00000001800038b4 f i PINPad.obj
 0001:000028c0       ?QuickActivate@?$IQuickActivateImpl@VCOPOSPINPad@@@ATL@@UEAAJPEAUtagQACONTAINER@@PEAUtagQACONTROL@@@Z 00000001800038c0 f i PINPad.obj
 0001:000028dc       ?SetContentExtent@?$IQuickActivateImpl@VCOPOSPINPad@@@ATL@@UEAAJPEAUtagSIZE@@@Z 00000001800038dc f i PINPad.obj
 0001:00002910       ?GetContentExtent@?$IQuickActivateImpl@VCOPOSPINPad@@@ATL@@UEAAJPEAUtagSIZE@@@Z 0000000180003910 f i PINPad.obj
 0001:00002948       ?GetData@?$IDataObjectImpl@VCOPOSPINPad@@@ATL@@UEAAJPEAUtagFORMATETC@@PEAUtagSTGMEDIUM@@@Z 0000000180003948 f i PINPad.obj
 0001:00002964       ?DAdvise@?$IDataObjectImpl@VCOPOSPINPad@@@ATL@@UEAAJPEAUtagFORMATETC@@KPEAUIAdviseSink@@PEAK@Z 0000000180003964 f i PINPad.obj
 0001:000029ec       ?DUnadvise@?$IDataObjectImpl@VCOPOSPINPad@@@ATL@@UEAAJK@Z 00000001800039ec f i PINPad.obj
 0001:00002a18       ?EnumDAdvise@?$IDataObjectImpl@VCOPOSPINPad@@@ATL@@UEAAJPEAPEAUIEnumSTATDATA@@@Z 0000000180003a18 f i PINPad.obj
 0001:00002a54       ?GetClassInfoW@?$IProvideClassInfo2Impl@$1?CLSID_OPOSPINPad@@3U_GUID@@B$1?DIID__IOPOSPINPadEvents@@3U2@B$1?LIBID_OposPINPad_CCO@@3U2@B$00$0A@VCComTypeInfoHolder@ATL@@@ATL@@UEAAJPEAPEAUITypeInfo@@@Z 0000000180003a54 f i PINPad.obj
 0001:00002aac       ?GetGUID@?$IProvideClassInfo2Impl@$1?CLSID_OPOSPINPad@@3U_GUID@@B$1?DIID__IOPOSPINPadEvents@@3U2@B$1?LIBID_OposPINPad_CCO@@3U2@B$00$0A@VCComTypeInfoHolder@ATL@@@ATL@@UEAAJKPEAU_GUID@@@Z 0000000180003aac f i PINPad.obj
 0001:00002ae0       ?AddRef@CRegObject@ATL@@UEAAKXZ 0000000180003ae0 f i PINPad.obj
 0001:00002ae0       ?FAccessAllowed@?$IObjectSafetyImpl@VCOPOSPINPad@@$02@ATL@@MEAAHXZ 0000000180003ae0 f i PINPad.obj
 0001:00002ae0       _get_startup_argv_mode     0000000180003ae0 f i LIBCMT:argv_mode.obj
 0001:00002ae8       ?GetInterfaceSafetyOptions@?$IObjectSafetyImpl@VCOPOSPINPad@@$02@ATL@@UEAAJAEBU_GUID@@PEAK1@Z 0000000180003ae8 f i PINPad.obj
 0001:00002b7c       ?SetInterfaceSafetyOptions@?$IObjectSafetyImpl@VCOPOSPINPad@@$02@ATL@@UEAAJAEBU_GUID@@KK@Z 0000000180003b7c f i PINPad.obj
 0001:00002c20       ?_LocCPQueryInterface@?$IConnectionPointImpl@VCOPOSPINPad@@$1?DIID__IOPOSPINPadEvents@@3U_GUID@@BVCComDynamicUnkArray@ATL@@@ATL@@UEAAJAEBU_GUID@@PEAPEAX@Z 0000000180003c20 f i PINPad.obj
 0001:00002c20       ?_LocCPQueryInterface@?$IConnectionPointImpl@VCOPOSPINPad@@$1?IID_IPropertyNotifySink@@3U_GUID@@BVCComDynamicUnkArray@ATL@@@ATL@@UEAAJAEBU_GUID@@PEAPEAX@Z 0000000180003c20 f i PINPad.obj
 0001:00002c94       ?GetConnectionInterface@?$IConnectionPointImpl@VCOPOSPINPad@@$1?IID_IPropertyNotifySink@@3U_GUID@@BVCComDynamicUnkArray@ATL@@@ATL@@UEAAJPEAU_GUID@@@Z 0000000180003c94 f i PINPad.obj
 0001:00002cb0       ?GetConnectionPointContainer@?$IConnectionPointImpl@VCOPOSPINPad@@$1?IID_IPropertyNotifySink@@3U_GUID@@BVCComDynamicUnkArray@ATL@@@ATL@@UEAAJPEAPEAUIConnectionPointContainer@@@Z 0000000180003cb0 f i PINPad.obj
 0001:00002cd0       ?Advise@?$IConnectionPointImpl@VCOPOSPINPad@@$1?DIID__IOPOSPINPadEvents@@3U_GUID@@BVCComDynamicUnkArray@ATL@@@ATL@@UEAAJPEAUIUnknown@@PEAK@Z 0000000180003cd0 f i PINPad.obj
 0001:00002cd0       ?Advise@?$IConnectionPointImpl@VCOPOSPINPad@@$1?IID_IPropertyNotifySink@@3U_GUID@@BVCComDynamicUnkArray@ATL@@@ATL@@UEAAJPEAUIUnknown@@PEAK@Z 0000000180003cd0 f i PINPad.obj
 0001:00002d90       ?Unadvise@?$IConnectionPointImpl@VCOPOSPINPad@@$1?IID_IPropertyNotifySink@@3U_GUID@@BVCComDynamicUnkArray@ATL@@@ATL@@UEAAJK@Z 0000000180003d90 f i PINPad.obj
 0001:00002d90       ?Unadvise@?$IConnectionPointImpl@VCOPOSPINPad@@$1?DIID__IOPOSPINPadEvents@@3U_GUID@@BVCComDynamicUnkArray@ATL@@@ATL@@UEAAJK@Z 0000000180003d90 f i PINPad.obj
 0001:00002e0c       ?EnumConnections@?$IConnectionPointImpl@VCOPOSPINPad@@$1?IID_IPropertyNotifySink@@3U_GUID@@BVCComDynamicUnkArray@ATL@@@ATL@@UEAAJPEAPEAUIEnumConnections@@@Z 0000000180003e0c f i PINPad.obj
 0001:00002e0c       ?EnumConnections@?$IConnectionPointImpl@VCOPOSPINPad@@$1?DIID__IOPOSPINPadEvents@@3U_GUID@@BVCComDynamicUnkArray@ATL@@@ATL@@UEAAJPEAPEAUIEnumConnections@@@Z 0000000180003e0c f i PINPad.obj
 0001:00002fb4       ?GetConnectionInterface@?$IConnectionPointImpl@VCOPOSPINPad@@$1?DIID__IOPOSPINPadEvents@@3U_GUID@@BVCComDynamicUnkArray@ATL@@@ATL@@UEAAJPEAU_GUID@@@Z 0000000180003fb4 f i PINPad.obj
 0001:00002fd0       ?GetConnectionPointContainer@?$IConnectionPointImpl@VCOPOSPINPad@@$1?DIID__IOPOSPINPadEvents@@3U_GUID@@BVCComDynamicUnkArray@ATL@@@ATL@@UEAAJPEAPEAUIConnectionPointContainer@@@Z 0000000180003fd0 f i PINPad.obj
 0001:00002ff0       ?UpdateRegistry@COPOSPINPad@@SAJH@Z 0000000180003ff0 f i PINPad.obj
 0001:00003008       ?ProcessWindowMessage@COPOSPINPad@@UEAAHPEAUHWND__@@I_K_JAEA_JK@Z 0000000180004008 f i PINPad.obj
 0001:00003090       ?SOData@COPOSPINPad@@MEAAJJ@Z 0000000180004090 f i PINPad.obj
 0001:000030e0       ?SODirectIO@COPOSPINPad@@MEAAJJPEAJPEAPEA_W@Z 00000001800040e0 f i PINPad.obj
 0001:00003158       ?SOError@COPOSPINPad@@MEAAJJJJPEAJ@Z 0000000180004158 f i PINPad.obj
 0001:000031e0       ?SOStatusUpdate@COPOSPINPad@@MEAAJJ@Z 00000001800041e0 f i PINPad.obj
 0001:00003230       ?AddReplacement@CRegObject@ATL@@UEAAJPEB_W0@Z 0000000180004230 f i PINPad.obj
 0001:00003260       ?ClearReplacements@CRegObject@ATL@@UEAAJXZ 0000000180004260 f i PINPad.obj
 0001:0000326c       ??_GCRegObject@ATL@@UEAAPEAXI@Z 000000018000426c f i PINPad.obj
 0001:0000326c       ??_ECRegObject@ATL@@UEAAPEAXI@Z 000000018000426c f i PINPad.obj
 0001:000032ec       ?CreateInstance@?$CComCreator@V?$CComObjectCached@VCComClassFactory@ATL@@@ATL@@@ATL@@SAJPEAXAEBU_GUID@@PEAPEAX@Z 00000001800042ec f i PINPad.obj
 0001:000033f0       ?CreateInstance@?$CComCreator2@V?$CComCreator@V?$CComObject@VCOPOSPINPad@@@ATL@@@ATL@@V?$CComCreator@V?$CComAggObject@VCOPOSPINPad@@@ATL@@@2@@ATL@@SAJPEAXAEBU_GUID@@PEAPEAX@Z 00000001800043f0 f i PINPad.obj
 0001:00003400       ?Next@?$CComEnumImpl@UIEnumConnectionPoints@@$1?_GUID_b196b285_bab4_101a_b69c_00aa00341d07@@3U__s_GUID@@BPEAUIConnectionPoint@@V?$_CopyInterface@UIConnectionPoint@@@ATL@@@ATL@@UEAAJKPEAPEAUIConnectionPoint@@PEAK@Z 0000000180004400 f i PINPad.obj
 0001:000034cc       ?Skip@?$CComEnumImpl@UIEnumConnectionPoints@@$1?_GUID_b196b285_bab4_101a_b69c_00aa00341d07@@3U__s_GUID@@BPEAUIConnectionPoint@@V?$_CopyInterface@UIConnectionPoint@@@ATL@@@ATL@@UEAAJK@Z 00000001800044cc f i PINPad.obj
 0001:000034f8       ?Clone@?$CComEnumImpl@UIEnumConnectionPoints@@$1?_GUID_b196b285_bab4_101a_b69c_00aa00341d07@@3U__s_GUID@@BPEAUIConnectionPoint@@V?$_CopyInterface@UIConnectionPoint@@@ATL@@@ATL@@UEAAJPEAPEAUIEnumConnectionPoints@@@Z 00000001800044f8 f i PINPad.obj
 0001:00003620       ?QueryInterface@?$CComObject@V?$CComEnum@UIEnumConnectionPoints@@$1?_GUID_b196b285_bab4_101a_b69c_00aa00341d07@@3U__s_GUID@@BPEAUIConnectionPoint@@V?$_CopyInterface@UIConnectionPoint@@@ATL@@VCComSingleThreadModel@6@@ATL@@@ATL@@UEAAJAEBU_GUID@@PEAPEAX@Z 0000000180004620 f i PINPad.obj
 0001:00003634       ??_E?$CComObject@V?$CComEnum@UIEnumConnectionPoints@@$1?_GUID_b196b285_bab4_101a_b69c_00aa00341d07@@3U__s_GUID@@BPEAUIConnectionPoint@@V?$_CopyInterface@UIConnectionPoint@@@ATL@@VCComSingleThreadModel@6@@ATL@@@ATL@@UEAAPEAXI@Z 0000000180004634 f i PINPad.obj
 0001:00003634       ??_G?$CComObject@V?$CComEnum@UIEnumConnectionPoints@@$1?_GUID_b196b285_bab4_101a_b69c_00aa00341d07@@3U__s_GUID@@BPEAUIConnectionPoint@@V?$_CopyInterface@UIConnectionPoint@@@ATL@@VCComSingleThreadModel@6@@ATL@@@ATL@@UEAAPEAXI@Z 0000000180004634 f i PINPad.obj
 0001:0000368c       ?AddRef@?$CComObjectCached@VCComClassFactory@ATL@@@ATL@@UEAAKXZ 000000018000468c f i PINPad.obj
 0001:000036b8       ?Release@?$CComObjectCached@VCComClassFactory@ATL@@@ATL@@UEAAKXZ 00000001800046b8 f i PINPad.obj
 0001:000036f8       ?QueryInterface@?$CComObjectCached@VCComClassFactory@ATL@@@ATL@@UEAAJAEBU_GUID@@PEAPEAX@Z 00000001800046f8 f i PINPad.obj
 0001:0000370c       ??_E?$CComObjectCached@VCComClassFactory@ATL@@@ATL@@UEAAPEAXI@Z 000000018000470c f i PINPad.obj
 0001:0000370c       ??_G?$CComObjectCached@VCComClassFactory@ATL@@@ATL@@UEAAPEAXI@Z 000000018000470c f i PINPad.obj
 0001:00003764       ??$AtlModuleRegisterWndClassInfoT@VAtlModuleRegisterWndClassInfoParamW@ATL@@@ATL@@YAGPEAU_ATL_BASE_MODULE70@0@PEAU_ATL_WIN_MODULE70@0@PEAU_ATL_WNDCLASSINFOW@0@PEAP6A_JPEAUHWND__@@I_K_J@ZVAtlModuleRegisterWndClassInfoParamW@0@@Z 0000000180004764 f i PINPad.obj
 0001:00003964       ??0?$CComContainedObject@VCOPOSPINPad@@@ATL@@QEAA@PEAX@Z 0000000180004964 f i PINPad.obj
 0001:00003a80       ??0?$CComObject@VCOPOSPINPad@@@ATL@@QEAA@PEAX@Z 0000000180004a80 f i PINPad.obj
 0001:00003b98       ??0CAtlModule@ATL@@QEAA@XZ 0000000180004b98 f i PINPad.obj
 0001:00003c18       ??1?$CComEnumImpl@UIEnumConnectionPoints@@$1?_GUID_b196b285_bab4_101a_b69c_00aa00341d07@@3U__s_GUID@@BPEAUIConnectionPoint@@V?$_CopyInterface@UIConnectionPoint@@@ATL@@@ATL@@UEAA@XZ 0000000180004c18 f i PINPad.obj
 0001:00003c74       ??1?$CComEnumImpl@UIEnumConnections@@$1?_GUID_b196b287_bab4_101a_b69c_00aa00341d07@@3U__s_GUID@@BUtagCONNECTDATA@@V?$_Copy@UtagCONNECTDATA@@@ATL@@@ATL@@UEAA@XZ 0000000180004c74 f i PINPad.obj
 0001:00003cd0       ??1?$CComObject@VCOPOSPINPad@@@ATL@@UEAA@XZ 0000000180004cd0 f i PINPad.obj
 0001:00003df0       ??_E?$CComContainedObject@VCOPOSPINPad@@@ATL@@UEAAPEAXI@Z 0000000180004df0 f i PINPad.obj
 0001:00003df0       ??_G?$CComContainedObject@VCOPOSPINPad@@@ATL@@UEAAPEAXI@Z 0000000180004df0 f i PINPad.obj
 0001:00003e24       ??_E?$CComObject@VCOPOSPINPad@@@ATL@@UEAAPEAXI@Z 0000000180004e24 f i PINPad.obj
 0001:00003e24       ??_G?$CComObject@VCOPOSPINPad@@@ATL@@UEAAPEAXI@Z 0000000180004e24 f i PINPad.obj
 0001:00003e58       ?Add@?$CSimpleArray@GV?$CSimpleArrayEqualHelper@G@ATL@@@ATL@@QEAAHAEBG@Z 0000000180004e58 f i PINPad.obj
 0001:00003f0c       ?Add@?$CSimpleMap@PEA_WPEA_WVCExpansionVectorEqualHelper@ATL@@@ATL@@QEAAHAEBQEA_W0@Z 0000000180004f0c f i PINPad.obj
 0001:00003fac       ?Add@CComDynamicUnkArray@ATL@@QEAAKPEAUIUnknown@@@Z 0000000180004fac f i PINPad.obj
 0001:000040a4       ?Add@CExpansionVector@ATL@@QEAAHPEB_W0@Z 00000001800050a4 f i PINPad.obj
 0001:00004234       ?AddValue@CRegParser@ATL@@IEAAJAEAVCRegKey@2@PEB_WPEA_W@Z 0000000180005234 f i PINPad.obj
 0001:0000467c       ?AllocateHeap@?$CTempBuffer@_W$0BAA@VCCRTAllocator@ATL@@@ATL@@AEAAX_K@Z 000000018000567c f i PINPad.obj
 0001:0000467c       ?AllocateHeap@?$CTempBuffer@E$0BAA@VCCRTAllocator@ATL@@@ATL@@AEAAX_K@Z 000000018000567c f i PINPad.obj
 0001:0000467c       ?AllocateHeap@?$CTempBuffer@_W$0EAA@VCCRTAllocator@ATL@@@ATL@@AEAAX_K@Z 000000018000567c f i PINPad.obj
 0001:000046a8       ?Append@CParseBuffer@CRegParser@ATL@@QEAAHPEB_WH@Z 00000001800056a8 f i PINPad.obj
 0001:000047c0       ?AtlCallTermFunc@ATL@@YAXPEAU_ATL_MODULE70@1@@Z 00000001800057c0 f i PINPad.obj
 0001:00004824       ?AtlComModuleGetClassObject@ATL@@YAJPEAU_ATL_COM_MODULE70@1@AEBU_GUID@@1PEAPEAX@Z 0000000180005824 f i PINPad.obj
 0001:00004964       ?AtlComModuleRegisterServer@ATL@@YAJPEAU_ATL_COM_MODULE70@1@HPEBU_GUID@@@Z 0000000180005964 f i PINPad.obj
 0001:00004a24       ?AtlComModuleUnregisterServer@ATL@@YAJPEAU_ATL_COM_MODULE70@1@HPEBU_GUID@@@Z 0000000180005a24 f i PINPad.obj
 0001:00004ae0       ?AtlCreateTargetDC@ATL@@YAPEAUHDC__@@PEAU2@PEAUtagDVTARGETDEVICE@@@Z 0000000180005ae0 f i PINPad.obj
 0001:00004b54       ?AtlHiMetricToPixel@ATL@@YAXPEBUtagSIZE@@PEAU2@@Z 0000000180005b54 f i PINPad.obj
 0001:00004c04       ?AtlHresultFromLastError@ATL@@YAJXZ 0000000180005c04 f i PINPad.obj
 0001:00004c24       ?AtlHresultFromWin32@ATL@@YAJK@Z 0000000180005c24 f i PINPad.obj
 0001:00004c34       ?AtlIPersistStreamInit_Load@ATL@@YAJPEAUIStream@@PEBUATL_PROPMAP_ENTRY@1@PEAXPEAUIUnknown@@@Z 0000000180005c34 f i PINPad.obj
 0001:00004e6c       ?AtlIPersistStreamInit_Save@ATL@@YAJPEAUIStream@@HPEBUATL_PROPMAP_ENTRY@1@PEAXPEAUIUnknown@@@Z 0000000180005e6c f i PINPad.obj
 0001:000050a8       ?AtlInternalOleLoadFromStream@ATL@@YAJPEAUIStream@@AEBU_GUID@@PEAPEAXTClassesAllowedInStream@1@K@Z 00000001800060a8 f i PINPad.obj
 0001:000051ec       ?AtlInternalQueryInterface@ATL@@YAJPEAXPEBU_ATL_INTMAP_ENTRY@1@AEBU_GUID@@PEAPEAX@Z 00000001800061ec f i PINPad.obj
 0001:000052f4       ?AtlLoadTypeLib@ATL@@YAJPEAUHINSTANCE__@@PEB_WPEAPEA_WPEAPEAUITypeLib@@@Z 00000001800062f4 f i PINPad.obj
 0001:00005550       ?AtlModuleAddTermFunc@ATL@@YAJPEAU_ATL_MODULE70@1@P6AX_K@Z1@Z 0000000180006550 f i PINPad.obj
 0001:000055e4       ?AtlRegisterClassCategoriesHelper@ATL@@YAJAEBU_GUID@@PEBU_ATL_CATMAP_ENTRY@1@H@Z 00000001800065e4 f i PINPad.obj
 0001:00005a4c       ?AtlRegisterTypeLib@ATL@@YAJPEAUHINSTANCE__@@PEB_W@Z 0000000180006a4c f i PINPad.obj
 0001:00005c48       ?AtlThrowImpl@ATL@@YAXJ@Z  0000000180006c48 f i PINPad.obj
 0001:00005c6c       ?AtlUnRegisterTypeLib@ATL@@YAJPEAUHINSTANCE__@@PEB_W@Z 0000000180006c6c f i PINPad.obj
 0001:00005d34       ?AtlWinModuleExtractCreateWndData@ATL@@YAPEAXPEAU_ATL_WIN_MODULE70@1@@Z 0000000180006d34 f i PINPad.obj
 0001:00005dc0       ?Cleanup@CComTypeInfoHolder@ATL@@SAX_K@Z 0000000180006dc0 f i PINPad.obj
 0001:00005e00       ?ClearReplacements@CExpansionVector@ATL@@QEAAJXZ 0000000180006e00 f i PINPad.obj
 0001:00005e9c       ?CreateInstance@?$CComCreator@V?$CComAggObject@VCOPOSPINPad@@@ATL@@@ATL@@SAJPEAXAEBU_GUID@@PEAPEAX@Z 0000000180006e9c f i PINPad.obj
 0001:00005f74       ?CreateInstance@?$CComCreator@V?$CComObject@VCOPOSPINPad@@@ATL@@@ATL@@SAJPEAXAEBU_GUID@@PEAPEAX@Z 0000000180006f74 f i PINPad.obj
 0001:0000602c       ?CreateInstance@?$CComObject@V?$CComEnum@UIEnumConnectionPoints@@$1?_GUID_b196b285_bab4_101a_b69c_00aa00341d07@@3U__s_GUID@@BPEAUIConnectionPoint@@V?$_CopyInterface@UIConnectionPoint@@@ATL@@VCComSingleThreadModel@6@@ATL@@@ATL@@SAJPEAPEAV12@@Z 000000018000702c f i PINPad.obj
 0001:000060b8       ?CreateInstance@?$CComObject@V?$CComEnum@UIEnumConnections@@$1?_GUID_b196b287_bab4_101a_b69c_00aa00341d07@@3U__s_GUID@@BUtagCONNECTDATA@@V?$_Copy@UtagCONNECTDATA@@@ATL@@VCComSingleThreadModel@6@@ATL@@@ATL@@SAJPEAPEAV12@@Z 00000001800070b8 f i PINPad.obj
 0001:00006144       ?DefaultReflectionHandler@?$CWindowImplRoot@VCWindow@ATL@@@ATL@@SAHPEAUHWND__@@I_K_JAEA_J@Z 0000000180007144 f i PINPad.obj
 0001:000061a8       ?DeleteSubKey@CRegKey@ATL@@QEAAJPEB_W@Z 00000001800071a8 f i PINPad.obj
 0001:00006240       ?DoEvent@COPOSPINPad@@IEAAXI_K_J@Z 0000000180007240 f i PINPad.obj
 0001:000062f4       ?DoVerbPrimary@?$IOleObjectImpl@VCOPOSPINPad@@@ATL@@QEAAJPEBUtagRECT@@PEAUHWND__@@@Z 00000001800072f4 f i PINPad.obj
 0001:0000641c       ?DoVerbProperties@CComControlBase@ATL@@QEAAJPEBUtagRECT@@PEAUHWND__@@@Z 000000018000741c f i PINPad.obj
 0001:00006644       ?FireTheEvent@?$CProxy_IOPOSEvents@VCOPOSPINPad@@@@IEAAXPEAVOposVariant@@IAEAJPEB_WJ@Z 0000000180007644 f i PINPad.obj
 0001:00006730       ?FireViewChange@CComControlBase@ATL@@QEAAJXZ 0000000180007730 f i PINPad.obj
 0001:00006794       ?Fire_DataEvent@?$CProxy_IOPOSEvents@VCOPOSPINPad@@@@QEAAXJ@Z 0000000180007794 f i PINPad.obj
 0001:00006880       ?Fire_DirectIOEvent@?$CProxy_IOPOSEvents@VCOPOSPINPad@@@@QEAAXJPEAJPEAPEA_W@Z 0000000180007880 f i PINPad.obj
 0001:000069d8       ?Fire_ErrorEvent@?$CProxy_IOPOSEvents@VCOPOSPINPad@@@@QEAAXJJJPEAJ@Z 00000001800079d8 f i PINPad.obj
 0001:00006b40       ?Fire_StatusUpdateEvent@?$CProxy_IOPOSEvents@VCOPOSPINPad@@@@QEAAXJ@Z 0000000180007b40 f i PINPad.obj
 0001:00006c2c       ?FreeHeap@?$CTempBuffer@_W$0BAA@VCCRTAllocator@ATL@@@ATL@@AEAAXXZ 0000000180007c2c f i PINPad.obj
 0001:00006c2c       ?FreeHeap@?$CTempBuffer@_W$0EAA@VCCRTAllocator@ATL@@@ATL@@AEAAXXZ 0000000180007c2c f i PINPad.obj
 0001:00006c2c       ?FreeHeap@?$CTempBuffer@E$0BAA@VCCRTAllocator@ATL@@@ATL@@AEAAXXZ 0000000180007c2c f i PINPad.obj
 0001:00006c34       ?GetAmbientLocaleID@CComControlBase@ATL@@QEAAJAEAK@Z 0000000180007c34 f i PINPad.obj
 0001:00006cf4       ?GetAmbientUserMode@CComControlBase@ATL@@QEAAJAEAH@Z 0000000180007cf4 f i PINPad.obj
 0001:00006dc8       ?GetClassObject@CComModule@ATL@@QEAAJAEBU_GUID@@0PEAPEAX@Z 0000000180007dc8 f i PINPad.obj
 0001:00006ebc       ?GetConnMap@COPOSPINPad@@SAPEBU_ATL_CONNMAP_ENTRY@ATL@@PEAH@Z 0000000180007ebc f i PINPad.obj
 0001:00006f44       ?GetIDsOfNames@CComTypeInfoHolder@ATL@@QEAAJAEBU_GUID@@PEAPEA_WIKPEAJ@Z 0000000180007f44 f i PINPad.obj
 0001:000070bc       ?GetPagesHelper@?$ISpecifyPropertyPagesImpl@VCOPOSPINPad@@@ATL@@IEAAJPEAUtagCAUUID@@PEBUATL_PROPMAP_ENTRY@2@@Z 00000001800080bc f i PINPad.obj
 0001:0000725c       ?GetSizeMax@CComVariant@ATL@@QEBAJPEAT_ULARGE_INTEGER@@@Z 000000018000825c f i PINPad.obj
 0001:00007490       ?GetTI@CComTypeInfoHolder@ATL@@QEAAJK@Z 0000000180008490 f i PINPad.obj
 0001:00007708       ?GetZoomInfo@CComControlBase@ATL@@QEAAXAEAUATL_DRAWINFO@@@Z 0000000180008708 f i PINPad.obj
 0001:000077ac       ?HKeyFromString@CRegParser@ATL@@KAPEAUHKEY__@@PEA_W@Z 00000001800087ac f i PINPad.obj
 0001:00007810       ?IDataObject_GetData@CComControlBase@ATL@@QEAAJPEAUtagFORMATETC@@PEAUtagSTGMEDIUM@@@Z 0000000180008810 f i PINPad.obj
 0001:00007a04       ?IOleInPlaceObject_InPlaceDeactivate@CComControlBase@ATL@@QEAAJXZ 0000000180008a04 f i PINPad.obj
 0001:00007aa4       ?IOleInPlaceObject_SetObjectRects@CComControlBase@ATL@@QEAAJPEBUtagRECT@@0@Z 0000000180008aa4 f i PINPad.obj
 0001:00007b94       ?IOleInPlaceObject_UIDeactivate@CComControlBase@ATL@@QEAAJXZ 0000000180008b94 f i PINPad.obj
 0001:00007ca0       ?IOleObject_Close@CComControlBase@ATL@@QEAAJK@Z 0000000180008ca0 f i PINPad.obj
 0001:00007db8       ?IOleObject_SetClientSite@CComControlBase@ATL@@QEAAJPEAUIOleClientSite@@@Z 0000000180008db8 f i PINPad.obj
 0001:00007e30       ?IOleObject_SetExtent@CComControlBase@ATL@@QEAAJKPEAUtagSIZE@@@Z 0000000180008e30 f i PINPad.obj
 0001:00007ec8       ?IPSI_GetIPersistStreamInit@?$IPersistStorageImpl@VCOPOSPINPad@@@ATL@@AEAAPEAUIPersistStreamInit@@XZ 0000000180008ec8 f i PINPad.obj
 0001:00007f24       ?IQuickActivate_QuickActivate@CComControlBase@ATL@@QEAAJPEAUtagQACONTAINER@@PEAUtagQACONTROL@@@Z 0000000180008f24 f i PINPad.obj
 0001:000081e8       ?IViewObject_Draw@CComControlBase@ATL@@QEAAJKJPEAXPEAUtagDVTARGETDEVICE@@PEAUHDC__@@2PEBU_RECTL@@3@Z 00000001800091e8 f i PINPad.obj
 0001:000082fc       ?InPlaceActivate@CComControlBase@ATL@@QEAAJJPEBUtagRECT@@@Z 00000001800092fc f i PINPad.obj
 0001:00008634       ?Init@?$CComEnumImpl@UIEnumConnectionPoints@@$1?_GUID_b196b285_bab4_101a_b69c_00aa00341d07@@3U__s_GUID@@BPEAUIConnectionPoint@@V?$_CopyInterface@UIConnectionPoint@@@ATL@@@ATL@@QEAAJPEAPEAUIConnectionPoint@@0PEAUIUnknown@@W4CComEnumFlags@2@@Z 0000000180009634 f i PINPad.obj
 0001:00008754       ?Init@?$CComEnumImpl@UIEnumConnections@@$1?_GUID_b196b287_bab4_101a_b69c_00aa00341d07@@3U__s_GUID@@BUtagCONNECTDATA@@V?$_Copy@UtagCONNECTDATA@@@ATL@@@ATL@@QEAAJPEAUtagCONNECTDATA@@0PEAUIUnknown@@W4CComEnumFlags@2@@Z 0000000180009754 f i PINPad.obj
 0001:00008878       ?IsEqualObject@?$CComPtrBase@UIOleClientSite@@@ATL@@QEAA_NPEAUIUnknown@@@Z 0000000180009878 f i PINPad.obj
 0001:00008878       ?IsEqualObject@?$CComPtrBase@UITypeInfo@@@ATL@@QEAA_NPEAUIUnknown@@@Z 0000000180009878 f i PINPad.obj
 0001:00008904       ?LoadNameCache@CComTypeInfoHolder@ATL@@QEAAJPEAUITypeInfo@@@Z 0000000180009904 f i PINPad.obj
 0001:00008a88       ?Lookup@?$CSimpleMap@PEA_WPEA_WVCExpansionVectorEqualHelper@ATL@@@ATL@@QEBAPEA_WAEBQEA_W@Z 0000000180009a88 f i PINPad.obj
 0001:00008b14       ?NextToken@CRegParser@ATL@@IEAAJPEA_W@Z 0000000180009b14 f i PINPad.obj
 0001:00008ccc       ?OnKillFocus@CComControlBase@ATL@@QEAA_JI_K_JAEAH@Z 0000000180009ccc f i PINPad.obj
 0001:00008d68       ?OnMouseActivate@CComControlBase@ATL@@QEAA_JI_K_JAEAH@Z 0000000180009d68 f i PINPad.obj
 0001:00008e08       ?OnPaint@CComControlBase@ATL@@QEAA_JI_K_JAEAH@Z 0000000180009e08 f i PINPad.obj
 0001:00008ef4       ?OnSetFocus@CComControlBase@ATL@@QEAA_JI_K_JAEAH@Z 0000000180009ef4 f i PINPad.obj
 0001:00008ff0       ?Open@CRegKey@ATL@@QEAAJPEAUHKEY__@@PEB_WK@Z 0000000180009ff0 f i PINPad.obj
 0001:0000907c       ?PreProcessBuffer@CRegParser@ATL@@QEAAJPEA_WPEAPEA_W@Z 000000018000a07c f i PINPad.obj
 0001:00009400       ?ProcessWindowMessage@?$CComControl@VCOPOSPINPad@@V?$CWindowImpl@VCOPOSPINPad@@VCWindow@ATL@@V?$CWinTraits@$0FGAAAAAA@$0A@@3@@ATL@@@ATL@@UEAAHPEAUHWND__@@I_K_JAEA_JK@Z 000000018000a400 f i PINPad.obj
 0001:000094e4       ?PutProperty@?$CComPtr@UIDispatch@@@ATL@@SAJPEAUIDispatch@@JPEAUtagVARIANT@@@Z 000000018000a4e4 f i PINPad.obj
 0001:000095e8       ?ReadFromStream@CComBSTR@ATL@@QEAAJPEAUIStream@@@Z 000000018000a5e8 f i PINPad.obj
 0001:00009744       ?ReadFromStream@CComVariant@ATL@@QEAAJPEAUIStream@@GTClassesAllowedInStream@2@K@Z 000000018000a744 f i PINPad.obj
 0001:00009954       ?RecurseDeleteKey@CRegKey@ATL@@QEAAJPEB_W@Z 000000018000a954 f i PINPad.obj
 0001:00009a60       ?RegCreateKeyExW@CAtlTransactionManager@ATL@@QEAAJPEAUHKEY__@@PEB_WKPEA_WKKQEAU_SECURITY_ATTRIBUTES@@PEAPEAU3@PEAK@Z 000000018000aa60 f i PINPad.obj
 0001:00009b94       ?RegDeleteKeyW@CAtlTransactionManager@ATL@@QEAAJPEAUHKEY__@@PEB_W@Z 000000018000ab94 f i PINPad.obj
 0001:00009c20       ?RegOpenKeyExW@CAtlTransactionManager@ATL@@QEAAJPEAUHKEY__@@PEB_WKKPEAPEAU3@@Z 000000018000ac20 f i PINPad.obj
 0001:00009cd8       ?RegisterBuffer@CRegParser@ATL@@QEAAJPEA_WH@Z 000000018000acd8 f i PINPad.obj
 0001:00009e40       ?RegisterFromResource@CRegObject@ATL@@IEAAJPEB_W00H@Z 000000018000ae40 f i PINPad.obj
 0001:00009ffc       ?RegisterServer@CComModule@ATL@@QEAAJHPEBU_GUID@@@Z 000000018000affc f i PINPad.obj
 0001:0000a0bc       ?RegisterSubkeys@CRegParser@ATL@@IEAAJPEA_WPEAUHKEY__@@HH@Z 000000018000b0bc f i PINPad.obj
 0001:0000a7b8       ?SendOnDataChange@CComControlBase@ATL@@QEAAJK@Z 000000018000b7b8 f i PINPad.obj
 0001:0000a828       ?SetControlFocus@CComControlBase@ATL@@QEAAHH@Z 000000018000b828 f i PINPad.obj
 0001:0000a904       ?SkipAssignment@CRegParser@ATL@@IEAAJPEA_W@Z 000000018000b904 f i PINPad.obj
 0001:0000a9a8       ?Term@CComModule@ATL@@QEAAXXZ 000000018000b9a8 f i PINPad.obj
 0001:0000aa54       ?UnregisterServer@CComModule@ATL@@QEAAJHPEBU_GUID@@@Z 000000018000ba54 f i PINPad.obj
 0001:0000ab04       ?UpdateRegistryFromResource@CAtlModule@ATL@@QEAAJIHPEAU_ATL_REGMAP_ENTRY@2@@Z 000000018000bb04 f i PINPad.obj
 0001:0000ae3c       ?UpdateRegistryFromResource@CAtlModule@ATL@@QEAAJPEB_WHPEAU_ATL_REGMAP_ENTRY@2@@Z 000000018000be3c f i PINPad.obj
 0001:0000b194       ?VTFromRegType@CRegParser@ATL@@KAHPEB_WAEAG@Z 000000018000c194 f i PINPad.obj
 0001:0000b230       ?WindowProc@?$CWindowImplBaseT@VCWindow@ATL@@V?$CWinTraits@$0FGAAAAAA@$0A@@2@@ATL@@SA_JPEAUHWND__@@I_K_J@Z 000000018000c230 f i PINPad.obj
 0001:0000b39c       ?WriteToStream@CComBSTR@ATL@@QEAAJPEAUIStream@@@Z 000000018000c39c f i PINPad.obj
 0001:0000b41c       ?WriteToStream@CComVariant@ATL@@QEAAJPEAUIStream@@@Z 000000018000c41c f i PINPad.obj
 0001:0000b630       ?WriteToStream@CComVariant@ATL@@QEAAJPEAUIStream@@G@Z 000000018000c630 f i PINPad.obj
 0001:0000b6c8       ?_AtlVerifyStackAvailable@_ATL_SAFE_ALLOCA_IMPL@ATL@@YA_N_K@Z 000000018000c6c8 f i PINPad.obj
 0001:0000b74c       ?atlCreate@?$CWindowImpl@VCOPOSPINPad@@VCWindow@ATL@@V?$CWinTraits@$0FGAAAAAA@$0A@@3@@ATL@@QEAAPEAUHWND__@@PEAU3@V_U_RECT@2@PEB_WKKV_U_MENUorID@2@PEAX@Z 000000018000c74c f i PINPad.obj
 0001:0000b7fc       ?atlCreate@?$CWindowImplBaseT@VCWindow@ATL@@V?$CWinTraits@$0FGAAAAAA@$0A@@2@@ATL@@QEAAPEAUHWND__@@PEAU3@V_U_RECT@2@PEB_WKKV_U_MENUorID@2@GPEAX@Z 000000018000c7fc f i PINPad.obj
 0001:0000b96c       ?atlCreate@CRegKey@ATL@@QEAAJPEAUHKEY__@@PEB_WPEA_WKKPEAU_SECURITY_ATTRIBUTES@@PEAK@Z 000000018000c96c f i PINPad.obj
 0001:0000ba58       DllCanUnloadNow            000000018000ca58 f   PINPad.obj
 0001:0000ba64       DllGetClassObject          000000018000ca64 f   PINPad.obj
 0001:0000ba7c       DllMain                    000000018000ca7c f   PINPad.obj
 0001:0000bb24       DllRegisterServer          000000018000cb24 f   PINPad.obj
 0001:0000bb38       DllUnregisterServer        000000018000cb38 f   PINPad.obj
 0001:0000bb4c       __local_stdio_printf_options 000000018000cb4c f i PINPad.obj
 0001:0000bbdc       swprintf_s                 000000018000cbdc f i PINPad.obj
 0001:0000bc30       ??0COPOSPINPad@@QEAA@XZ    000000018000cc30 f   PINPadImpl.obj
 0001:0000bcf8       ??1?$IConnectionPointImpl@VCOPOSPINPad@@$1?DIID__IOPOSPINPadEvents@@3U_GUID@@BVCComDynamicUnkArray@ATL@@@ATL@@QEAA@XZ 000000018000ccf8 f i PINPadImpl.obj
 0001:0000bcf8       ??1?$IConnectionPointImpl@VCOPOSPINPad@@$1?IID_IPropertyNotifySink@@3U_GUID@@BVCComDynamicUnkArray@ATL@@@ATL@@QEAA@XZ 000000018000ccf8 f i PINPadImpl.obj
 0001:0000bd54       ??1CComControlBase@ATL@@UEAA@XZ 000000018000cd54 f i PINPadImpl.obj
 0001:0000bdd0       ??1COPOSPINPad@@UEAA@XZ    000000018000cdd0 f   PINPadImpl.obj
 0001:0000be34       ?BeginEFTTransaction@COPOSPINPad@@UEAAJPEA_WJPEAJ@Z 000000018000ce34 f   PINPadImpl.obj
 0001:0000bf0c       ?CheckHealth@COPOSPINPad@@UEAAJJPEAJ@Z 000000018000cf0c f   PINPadImpl.obj
 0001:0000bf88       ?ClaimDevice@COPOSPINPad@@UEAAJJPEAJ@Z 000000018000cf88 f   PINPadImpl.obj
 0001:0000c028       ?ClearInput@COPOSPINPad@@UEAAJPEAJ@Z 000000018000d028 f   PINPadImpl.obj
 0001:0000c050       ?ClearInputProperties@COPOSPINPad@@UEAAJPEAJ@Z 000000018000d050 f   PINPadImpl.obj
 0001:0000c078       ?Close@COPOSPINPad@@UEAAJPEAJ@Z 000000018000d078 f   PINPadImpl.obj
 0001:0000c130       ?CompareFirmwareVersion@COPOSPINPad@@UEAAJPEA_WPEAJ1@Z 000000018000d130 f   PINPadImpl.obj
 0001:0000c20c       ?ComputeMAC@COPOSPINPad@@UEAAJPEA_WPEAPEA_WPEAJ@Z 000000018000d20c f   PINPadImpl.obj
 0001:0000c2e8       ?DirectIO@COPOSPINPad@@UEAAJJPEAJPEAPEA_W0@Z 000000018000d2e8 f   PINPadImpl.obj
 0001:0000c3e4       ?DoInvoke@COPOSPINPad@@IEAAJJPEAVOposVariant@@IHPEAJ_N@Z 000000018000d3e4 f   PINPadImpl.obj
 0001:0000c518       ?EnablePINEntry@COPOSPINPad@@UEAAJPEAJ@Z 000000018000d518 f   PINPadImpl.obj
 0001:0000c540       ?EndEFTTransaction@COPOSPINPad@@UEAAJJPEAJ@Z 000000018000d540 f   PINPadImpl.obj
 0001:0000c5bc       ?EventInit@COPOSPINPad@@IEAAJXZ 000000018000d5bc f i PINPadImpl.obj
 0001:0000c704       ?EventUninit@COPOSPINPad@@IEAAXXZ 000000018000d704 f i PINPadImpl.obj
 0001:0000c768       ?EventWindowProc@COPOSPINPad@@IEAA_JI_K_J@Z 000000018000d768 f i PINPadImpl.obj
 0001:0000c8f4       ?FinalConstruct@COPOSPINPad@@QEAAJXZ 000000018000d8f4 f   PINPadImpl.obj
 0001:0000c930       ?FreezeEvents@COPOSPINPad@@MEAAJH@Z 000000018000d930 f   PINPadImpl.obj
 0001:0000c9a4       ?GetOposProp@COPOSPINPad@@IEAAJJPEAJJ@Z 000000018000d9a4 f   PINPadImpl.obj
 0001:0000cac0       ?GetOposProp@COPOSPINPad@@IEAAJJPEAPEA_WJ@Z 000000018000dac0 f   PINPadImpl.obj
 0001:0000cbec       ?OnDraw@COPOSPINPad@@MEAAJAEAUATL_DRAWINFO@@@Z 000000018000dbec f   PINPadImpl.obj
 0001:0000ccd8       ?Open@COPOSPINPad@@UEAAJPEA_WPEAJ@Z 000000018000dcd8 f   PINPadImpl.obj
 0001:0000d554       ?ReleaseDevice@COPOSPINPad@@UEAAJPEAJ@Z 000000018000e554 f   PINPadImpl.obj
 0001:0000d5c0       ?ResetStatistics@COPOSPINPad@@UEAAJPEA_WPEAJ@Z 000000018000e5c0 f   PINPadImpl.obj
 0001:0000d648       ?RetrieveStatistics@COPOSPINPad@@UEAAJPEAPEA_WPEAJ@Z 000000018000e648 f   PINPadImpl.obj
 0001:0000d6d0       ?SOProcessID@COPOSPINPad@@UEAAJPEAJ@Z 000000018000e6d0 f   PINPadImpl.obj
 0001:0000d6ec       ?SetCOFreezeEvents@COPOSPINPad@@IEAAXF@Z 000000018000e6ec f   PINPadImpl.obj
 0001:0000d7d0       ?SetOposProp@COPOSPINPad@@IEAAJJJJ@Z 000000018000e7d0 f   PINPadImpl.obj
 0001:0000d930       ?SetOposProp@COPOSPINPad@@IEAAJJPEA_WJ@Z 000000018000e930 f   PINPadImpl.obj
 0001:0000da88       ?UpdateFirmware@COPOSPINPad@@UEAAJPEA_WPEAJ@Z 000000018000ea88 f   PINPadImpl.obj
 0001:0000db10       ?UpdateKey@COPOSPINPad@@UEAAJJPEA_WPEAJ@Z 000000018000eb10 f   PINPadImpl.obj
 0001:0000dbe8       ?UpdateStatistics@COPOSPINPad@@UEAAJPEA_WPEAJ@Z 000000018000ebe8 f   PINPadImpl.obj
 0001:0000dc70       ?VerifyMAC@COPOSPINPad@@UEAAJPEA_WPEAJ@Z 000000018000ec70 f   PINPadImpl.obj
 0001:0000dcf8       ?get_AccountNumber@COPOSPINPad@@UEAAJPEAPEA_W@Z 000000018000ecf8 f   PINPadImpl.obj
 0001:0000dd0c       ?get_AdditionalSecurityInformation@COPOSPINPad@@UEAAJPEAPEA_W@Z 000000018000ed0c f   PINPadImpl.obj
 0001:0000dd20       ?get_Amount@COPOSPINPad@@UEAAJPEATtagCY@@@Z 000000018000ed20 f   PINPadImpl.obj
 0001:0000ddf0       ?get_AvailableLanguagesList@COPOSPINPad@@UEAAJPEAPEA_W@Z 000000018000edf0 f   PINPadImpl.obj
 0001:0000de04       ?get_AvailablePromptsList@COPOSPINPad@@UEAAJPEAPEA_W@Z 000000018000ee04 f   PINPadImpl.obj
 0001:0000de18       ?get_BinaryConversion@COPOSPINPad@@UEAAJPEAJ@Z 000000018000ee18 f   PINPadImpl.obj
 0001:0000de2c       ?get_CapCompareFirmwareVersion@COPOSPINPad@@UEAAJPEAF@Z 000000018000ee2c f   PINPadImpl.obj
 0001:0000de60       ?get_CapDisplay@COPOSPINPad@@UEAAJPEAJ@Z 000000018000ee60 f   PINPadImpl.obj
 0001:0000de74       ?get_CapKeyboard@COPOSPINPad@@UEAAJPEAF@Z 000000018000ee74 f   PINPadImpl.obj
 0001:0000dea8       ?get_CapLanguage@COPOSPINPad@@UEAAJPEAJ@Z 000000018000eea8 f   PINPadImpl.obj
 0001:0000debc       ?get_CapMACCalculation@COPOSPINPad@@UEAAJPEAF@Z 000000018000eebc f   PINPadImpl.obj
 0001:0000def0       ?get_CapPowerReporting@COPOSPINPad@@UEAAJPEAJ@Z 000000018000eef0 f   PINPadImpl.obj
 0001:0000df04       ?get_CapStatisticsReporting@COPOSPINPad@@UEAAJPEAF@Z 000000018000ef04 f   PINPadImpl.obj
 0001:0000df38       ?get_CapTone@COPOSPINPad@@UEAAJPEAF@Z 000000018000ef38 f   PINPadImpl.obj
 0001:0000df6c       ?get_CapUpdateFirmware@COPOSPINPad@@UEAAJPEAF@Z 000000018000ef6c f   PINPadImpl.obj
 0001:0000dfa0       ?get_CapUpdateStatistics@COPOSPINPad@@UEAAJPEAF@Z 000000018000efa0 f   PINPadImpl.obj
 0001:0000dfd4       ?get_CheckHealthText@COPOSPINPad@@UEAAJPEAPEA_W@Z 000000018000efd4 f   PINPadImpl.obj
 0001:0000dfe8       ?get_Claimed@COPOSPINPad@@UEAAJPEAF@Z 000000018000efe8 f   PINPadImpl.obj
 0001:0000e01c       ?get_ControlObjectDescription@COPOSPINPad@@UEAAJPEAPEA_W@Z 000000018000f01c f   PINPadImpl.obj
 0001:0000e080       ?get_ControlObjectVersion@COPOSPINPad@@UEAAJPEAJ@Z 000000018000f080 f   PINPadImpl.obj
 0001:0000e08c       ?get_DataCount@COPOSPINPad@@UEAAJPEAJ@Z 000000018000f08c f   PINPadImpl.obj
 0001:0000e0a0       ?get_DataEventEnabled@COPOSPINPad@@UEAAJPEAF@Z 000000018000f0a0 f   PINPadImpl.obj
 0001:0000e0d4       ?get_DeviceDescription@COPOSPINPad@@UEAAJPEAPEA_W@Z 000000018000f0d4 f   PINPadImpl.obj
 0001:0000e0e8       ?get_DeviceEnabled@COPOSPINPad@@UEAAJPEAF@Z 000000018000f0e8 f   PINPadImpl.obj
 0001:0000e118       ?get_DeviceName@COPOSPINPad@@UEAAJPEAPEA_W@Z 000000018000f118 f   PINPadImpl.obj
 0001:0000e12c       ?get_EncryptedPIN@COPOSPINPad@@UEAAJPEAPEA_W@Z 000000018000f12c f   PINPadImpl.obj
 0001:0000e140       ?get_FreezeEvents@COPOSPINPad@@UEAAJPEAF@Z 000000018000f140 f   PINPadImpl.obj
 0001:0000e170       ?get_MaximumPINLength@COPOSPINPad@@UEAAJPEAJ@Z 000000018000f170 f   PINPadImpl.obj
 0001:0000e184       ?get_MerchantID@COPOSPINPad@@UEAAJPEAPEA_W@Z 000000018000f184 f   PINPadImpl.obj
 0001:0000e198       ?get_MinimumPINLength@COPOSPINPad@@UEAAJPEAJ@Z 000000018000f198 f   PINPadImpl.obj
 0001:0000e1ac       ?get_OpenResult@COPOSPINPad@@UEAAJPEAJ@Z 000000018000f1ac f   PINPadImpl.obj
 0001:0000e1b8       ?get_PINEntryEnabled@COPOSPINPad@@UEAAJPEAF@Z 000000018000f1b8 f   PINPadImpl.obj
 0001:0000e1ec       ?get_PowerNotify@COPOSPINPad@@UEAAJPEAJ@Z 000000018000f1ec f   PINPadImpl.obj
 0001:0000e200       ?get_PowerState@COPOSPINPad@@UEAAJPEAJ@Z 000000018000f200 f   PINPadImpl.obj
 0001:0000e214       ?get_Prompt@COPOSPINPad@@UEAAJPEAJ@Z 000000018000f214 f   PINPadImpl.obj
 0001:0000e228       ?get_PromptLanguage@COPOSPINPad@@UEAAJPEAJ@Z 000000018000f228 f   PINPadImpl.obj
 0001:0000e23c       ?get_ResultCode@COPOSPINPad@@UEAAJPEAJ@Z 000000018000f23c f   PINPadImpl.obj
 0001:0000e278       ?get_ResultCodeExtended@COPOSPINPad@@UEAAJPEAJ@Z 000000018000f278 f   PINPadImpl.obj
 0001:0000e28c       ?get_ServiceObjectDescription@COPOSPINPad@@UEAAJPEAPEA_W@Z 000000018000f28c f   PINPadImpl.obj
 0001:0000e2a0       ?get_ServiceObjectVersion@COPOSPINPad@@UEAAJPEAJ@Z 000000018000f2a0 f   PINPadImpl.obj
 0001:0000e2b4       ?get_State@COPOSPINPad@@UEAAJPEAJ@Z 000000018000f2b4 f   PINPadImpl.obj
 0001:0000e2e0       ?get_TerminalID@COPOSPINPad@@UEAAJPEAPEA_W@Z 000000018000f2e0 f   PINPadImpl.obj
 0001:0000e2f4       ?get_Track1Data@COPOSPINPad@@UEAAJPEAPEA_W@Z 000000018000f2f4 f   PINPadImpl.obj
 0001:0000e308       ?get_Track2Data@COPOSPINPad@@UEAAJPEAPEA_W@Z 000000018000f308 f   PINPadImpl.obj
 0001:0000e31c       ?get_Track3Data@COPOSPINPad@@UEAAJPEAPEA_W@Z 000000018000f31c f   PINPadImpl.obj
 0001:0000e330       ?get_Track4Data@COPOSPINPad@@UEAAJPEAPEA_W@Z 000000018000f330 f   PINPadImpl.obj
 0001:0000e344       ?get_TransactionType@COPOSPINPad@@UEAAJPEAJ@Z 000000018000f344 f   PINPadImpl.obj
 0001:0000e358       ?put_AccountNumber@COPOSPINPad@@UEAAJPEA_W@Z 000000018000f358 f   PINPadImpl.obj
 0001:0000e36c       ?put_Amount@COPOSPINPad@@UEAAJTtagCY@@@Z 000000018000f36c f   PINPadImpl.obj
 0001:0000e458       ?put_BinaryConversion@COPOSPINPad@@UEAAJJ@Z 000000018000f458 f   PINPadImpl.obj
 0001:0000e46c       ?put_DataEventEnabled@COPOSPINPad@@UEAAJF@Z 000000018000f46c f   PINPadImpl.obj
 0001:0000e484       ?put_DeviceEnabled@COPOSPINPad@@UEAAJF@Z 000000018000f484 f   PINPadImpl.obj
 0001:0000e49c       ?put_FreezeEvents@COPOSPINPad@@UEAAJF@Z 000000018000f49c f   PINPadImpl.obj
 0001:0000e4ec       ?put_MaximumPINLength@COPOSPINPad@@UEAAJJ@Z 000000018000f4ec f   PINPadImpl.obj
 0001:0000e500       ?put_MerchantID@COPOSPINPad@@UEAAJPEA_W@Z 000000018000f500 f   PINPadImpl.obj
 0001:0000e514       ?put_MinimumPINLength@COPOSPINPad@@UEAAJJ@Z 000000018000f514 f   PINPadImpl.obj
 0001:0000e528       ?put_PowerNotify@COPOSPINPad@@UEAAJJ@Z 000000018000f528 f   PINPadImpl.obj
 0001:0000e53c       ?put_Prompt@COPOSPINPad@@UEAAJJ@Z 000000018000f53c f   PINPadImpl.obj
 0001:0000e550       ?put_PromptLanguage@COPOSPINPad@@UEAAJJ@Z 000000018000f550 f   PINPadImpl.obj
 0001:0000e564       ?put_TerminalID@COPOSPINPad@@UEAAJPEA_W@Z 000000018000f564 f   PINPadImpl.obj
 0001:0000e578       ?put_Track1Data@COPOSPINPad@@UEAAJPEA_W@Z 000000018000f578 f   PINPadImpl.obj
 0001:0000e58c       ?put_Track2Data@COPOSPINPad@@UEAAJPEA_W@Z 000000018000f58c f   PINPadImpl.obj
 0001:0000e5a0       ?put_Track3Data@COPOSPINPad@@UEAAJPEA_W@Z 000000018000f5a0 f   PINPadImpl.obj
 0001:0000e5b4       ?put_Track4Data@COPOSPINPad@@UEAAJPEA_W@Z 000000018000f5b4 f   PINPadImpl.obj
 0001:0000e5c8       ?put_TransactionType@COPOSPINPad@@UEAAJJ@Z 000000018000f5c8 f   PINPadImpl.obj
 0001:0000e5dc       ?s_EventWindowProc@COPOSPINPad@@KA_JPEAUHWND__@@I_K_J@Z 000000018000f5dc f i PINPadImpl.obj
 0001:0000e658       ??_U@YAPEAX_K@Z            000000018000f658 f   LIBCMT:new_array.obj
 0001:0000e660       ??3@YAXPEAX_K@Z            000000018000f660 f   LIBCMT:delete_scalar_size.obj
 0001:0000e660       ??_V@YAXPEAX@Z             000000018000f660 f   LIBCMT:delete_array.obj
 0001:0000e668       ??_V@YAXPEAX_K@Z           000000018000f668 f   LIBCMT:delete_array_size.obj
 0001:0000e670       __scrt_acquire_startup_lock 000000018000f670 f   LIBCMT:utility.obj
 0001:0000e6ac       __scrt_dllmain_after_initialize_c 000000018000f6ac f   LIBCMT:utility.obj
 0001:0000e6e0       __scrt_dllmain_before_initialize_c 000000018000f6e0 f   LIBCMT:utility.obj
 0001:0000e6f8       __scrt_dllmain_crt_thread_attach 000000018000f6f8 f   LIBCMT:utility.obj
 0001:0000e720       __scrt_dllmain_crt_thread_detach 000000018000f720 f   LIBCMT:utility.obj
 0001:0000e738       __scrt_dllmain_exception_filter 000000018000f738 f   LIBCMT:utility.obj
 0001:0000e798       __scrt_dllmain_uninitialize_c 000000018000f798 f   LIBCMT:utility.obj
 0001:0000e7c8       __scrt_dllmain_uninitialize_critical 000000018000f7c8 f   LIBCMT:utility.obj
 0001:0000e7dc       __scrt_initialize_crt      000000018000f7dc f   LIBCMT:utility.obj
 0001:0000e828       __scrt_initialize_onexit_tables 000000018000f828 f   LIBCMT:utility.obj
 0001:0000e900       __scrt_is_nonwritable_in_current_image 000000018000f900 f   LIBCMT:utility.obj
 0001:0000e99c       __scrt_release_startup_lock 000000018000f99c f   LIBCMT:utility.obj
 0001:0000e9c0       __scrt_uninitialize_crt    000000018000f9c0 f   LIBCMT:utility.obj
 0001:0000e9ec       _onexit                    000000018000f9ec f   LIBCMT:utility.obj
 0001:0000ea3c       atexit                     000000018000fa3c f   LIBCMT:utility.obj
 0001:0000ea54       ??3@YAXPEAX@Z              000000018000fa54 f   LIBCMT:delete_scalar.obj
 0001:0000ebe4       _Init_thread_footer        000000018000fbe4 f   LIBCMT:thread_safe_statics.obj
 0001:0000ec44       _Init_thread_header        000000018000fc44 f   LIBCMT:thread_safe_statics.obj
 0001:0000ecac       _Init_thread_notify        000000018000fcac f   LIBCMT:thread_safe_statics.obj
 0001:0000ecfc       _Init_thread_wait          000000018000fcfc f   LIBCMT:thread_safe_statics.obj
 0001:0000ed74       __raise_securityfailure    000000018000fd74 f   LIBCMT:gs_report.obj
 0001:0000eda8       __report_gsfailure         000000018000fda8 f   LIBCMT:gs_report.obj
 0001:0000ee7c       __report_rangecheckfailure 000000018000fe7c f   LIBCMT:gs_report.obj
 0001:0000ee90       __report_securityfailure   000000018000fe90 f   LIBCMT:gs_report.obj
 0001:0000f010       ??2@YAPEAX_KAEBUnothrow_t@std@@@Z 0000000180010010 f   LIBCMT:new_scalar_nothrow.obj
 0001:0000f030       ??_U@YAPEAX_KAEBUnothrow_t@std@@@Z 0000000180010030 f   LIBCMT:new_array_nothrow.obj
 0001:0000f038       __GSHandlerCheck           0000000180010038 f   LIBCMT:gshandler.obj
 0001:0000f058       __GSHandlerCheckCommon     0000000180010058 f   LIBCMT:gshandler.obj
 0001:0000f0b4       __GSHandlerCheck_SEH       00000001800100b4 f   LIBCMT:gshandlerseh.obj
 0001:0000f150       _alloca_probe              0000000180010150 f   LIBCMT:chkstk.obj
 0001:0000f150       __chkstk                   0000000180010150 f   LIBCMT:chkstk.obj
 0001:0000f1c0       __security_check_cookie    00000001800101c0 f   LIBCMT:amdsecgs.obj
 0001:0000f514       _DllMainCRTStartup         0000000180010514 f   LIBCMT:dll_dllmain.obj
 0001:0000f554       ??2@YAPEAX_K@Z             0000000180010554 f   LIBCMT:new_scalar.obj
 0001:0000f590       __isa_available_init       0000000180010590 f   LIBCMT:cpu_disp.obj
 0001:0000f74c       __scrt_is_ucrt_dll_in_use  000000018001074c f   LIBCMT:ucrt_detection.obj
 0001:0000f758       __crt_debugger_hook        0000000180010758 f   LIBCMT:utility_desktop.obj
 0001:0000f760       __scrt_fastfail            0000000180010760 f   LIBCMT:utility_desktop.obj
 0001:0000f8ac       __security_init_cookie     00000001800108ac f   LIBCMT:gs_support.obj
 0001:0000f958       ?__scrt_initialize_type_info@@YAXXZ 0000000180010958 f   LIBCMT:tncleanup.obj
 0001:0000f968       ?__scrt_uninitialize_type_info@@YAXXZ 0000000180010968 f   LIBCMT:tncleanup.obj
 0001:0000f974       __local_stdio_scanf_options 0000000180010974 f i LIBCMT:default_local_stdio_options.obj
 0001:0000f97c       __scrt_initialize_default_local_stdio_options 000000018001097c f   LIBCMT:default_local_stdio_options.obj
 0001:0000f998       __scrt_get_dyn_tls_init_callback 0000000180010998 f   LIBCMT:dyn_tls_init.obj
 0001:0000f9a0       _RTC_Initialize            00000001800109a0 f   LIBCMT:initsect.obj
 0001:0000f9dc       _RTC_Terminate             00000001800109dc f   LIBCMT:initsect.obj
 0001:0000fa18       ??0bad_alloc@std@@QEAA@AEBV01@@Z 0000000180010a18 f i LIBCMT:throw_bad_alloc.obj
 0001:0000fa58       ??0bad_alloc@std@@QEAA@XZ  0000000180010a58 f i LIBCMT:throw_bad_alloc.obj
 0001:0000fa78       ??0bad_array_new_length@std@@QEAA@AEBV01@@Z 0000000180010a78 f i LIBCMT:throw_bad_alloc.obj
 0001:0000fab8       ??0bad_array_new_length@std@@QEAA@XZ 0000000180010ab8 f i LIBCMT:throw_bad_alloc.obj
 0001:0000fad8       ??0exception@std@@QEAA@AEBV01@@Z 0000000180010ad8 f i LIBCMT:throw_bad_alloc.obj
 0001:0000fb10       ??1bad_exception@std@@UEAA@XZ 0000000180010b10 f i libvcruntime:frame.obj
 0001:0000fb10       ??1bad_alloc@std@@UEAA@XZ  0000000180010b10 f i LIBCMT:throw_bad_alloc.obj
 0001:0000fb10       ??1bad_array_new_length@std@@UEAA@XZ 0000000180010b10 f i LIBCMT:throw_bad_alloc.obj
 0001:0000fb24       ??_Ebad_exception@std@@UEAAPEAXI@Z 0000000180010b24 f i libvcruntime:frame.obj
 0001:0000fb24       ??_Gbad_exception@std@@UEAAPEAXI@Z 0000000180010b24 f i libvcruntime:frame.obj
 0001:0000fb24       ??_Ebad_array_new_length@std@@UEAAPEAXI@Z 0000000180010b24 f i LIBCMT:throw_bad_alloc.obj
 0001:0000fb24       ??_Gbad_alloc@std@@UEAAPEAXI@Z 0000000180010b24 f i LIBCMT:throw_bad_alloc.obj
 0001:0000fb24       ??_Eexception@std@@UEAAPEAXI@Z 0000000180010b24 f i LIBCMT:throw_bad_alloc.obj
 0001:0000fb24       ??_Gbad_array_new_length@std@@UEAAPEAXI@Z 0000000180010b24 f i LIBCMT:throw_bad_alloc.obj
 0001:0000fb24       ??_Gexception@std@@UEAAPEAXI@Z 0000000180010b24 f i LIBCMT:throw_bad_alloc.obj
 0001:0000fb24       ??_Ebad_alloc@std@@UEAAPEAXI@Z 0000000180010b24 f i LIBCMT:throw_bad_alloc.obj
 0001:0000fb68       ?__scrt_throw_std_bad_alloc@@YAXXZ 0000000180010b68 f   LIBCMT:throw_bad_alloc.obj
 0001:0000fb88       ?__scrt_throw_std_bad_array_new_length@@YAXXZ 0000000180010b88 f   LIBCMT:throw_bad_alloc.obj
 0001:0000fba8       ?what@exception@std@@UEBAPEBDXZ 0000000180010ba8 f i LIBCMT:throw_bad_alloc.obj
 0001:0000fbc0       ??_Etype_info@@UEAAPEAXI@Z 0000000180010bc0 f i LIBCMT:std_type_info_static.obj
 0001:0000fbc0       ??_Gtype_info@@UEAAPEAXI@Z 0000000180010bc0 f i LIBCMT:std_type_info_static.obj
 0001:0000fbec       ??0CAtlBaseModule@ATL@@QEAA@XZ 0000000180010bec f   atls:atlbase.obj
 0001:0000fc94       ??1CAtlBaseModule@ATL@@QEAA@XZ 0000000180010c94 f   atls:atlbase.obj
 0001:0000fdc8       ?__AllocStdCallThunk_cmn@@YAPEAXXZ 0000000180010dc8 f   atls:atlthunk.obj
 0001:0000ff20       AtlThunk_AllocateData      0000000180010f20 f   atls:atlthunk.obj
 0001:0000ff9c       AtlThunk_DataToCode        0000000180010f9c f   atls:atlthunk.obj
 0001:0000fff0       AtlThunk_FreeData          0000000180010ff0 f   atls:atlthunk.obj
 0001:00010050       AtlThunk_InitData          0000000180011050 f   atls:atlthunk.obj
 0001:00010110       memset_repmovs             0000000180011110 f   libvcruntime:memset.obj
 0001:00010130       memset                     0000000180011130 f   libvcruntime:memset.obj
 0001:000102c0       _purecall                  00000001800112c0 f   libvcruntime:purevirt.obj
 0001:000102f0       wcsstr                     00000001800112f0 f   libvcruntime:wcsstr.obj
 0001:00010520       memcmp                     0000000180011520 f   libvcruntime:memcmp.obj
 0001:00010600       memcpy_repmovs             0000000180011600 f   libvcruntime:memcpy.obj
 0001:00010620       memmove                    0000000180011620 f   libvcruntime:memcpy.obj
 0001:00010620       memcpy                     0000000180011620 f   libvcruntime:memcpy.obj
 0001:00010a58       __vcrt_initialize          0000000180011a58 f   libvcruntime:initialization.obj
 0001:00010a8c       __vcrt_thread_attach       0000000180011a8c f   libvcruntime:initialization.obj
 0001:00010aa0       __vcrt_thread_detach       0000000180011aa0 f   libvcruntime:initialization.obj
 0001:00010ab4       __vcrt_uninitialize        0000000180011ab4 f   libvcruntime:initialization.obj
 0001:00010ad4       __vcrt_uninitialize_critical 0000000180011ad4 f   libvcruntime:initialization.obj
 0001:00010ae4       __C_specific_handler       0000000180011ae4 f   libvcruntime:riscchandler.obj
 0001:00010cf0       __DestructExceptionObject  0000000180011cf0 f   libvcruntime:ehhelpers.obj
 0001:00010d64       ?_CallMemberFunction0@@YAXQEAX0@Z 0000000180011d64 f i libvcruntime:ehhelpers.obj
 0001:00010d68       _IsExceptionObjectToBeDestroyed 0000000180011d68 f   libvcruntime:ehhelpers.obj
 0001:00010d98       __AdjustPointer            0000000180011d98 f   libvcruntime:ehhelpers.obj
 0001:00010dbc       __FrameUnwindFilter        0000000180011dbc f   libvcruntime:ehhelpers.obj
 0001:00010e08       __std_terminate            0000000180011e08 f   libvcruntime:ehhelpers.obj
[...]
 0004:00001734       $pdata$??$?RV<lambda_46352004c1216016012b18bd6f87e700>@@AEAV<lambda_3bd07e1a1191394380780325891bf33f>@@V<lambda_334532d3f185bcaa59b5be82d7d22bff>@@@?$__crt_seh_guarded_call@X@@QEAAX$$QEAV<lambda_46352004c1216016012b18bd6f87e700>@@AEAV<lambda_3bd07e1a1191394380780325891bf33f>@@$$QEAV<lambda_334532d3f185bcaa59b5be82d7d22bff>@@@Z 0000000180034734     libucrt:per_thread_data.obj
 0004:00001740       $pdata$??$?RV<lambda_fb3a7dec4e47f37f22dae91bb15c9095>@@AEAV<lambda_698284760c8add0bfb0756c19673e34b>@@V<lambda_dfb8eca1e75fef3034a8fb18dd509707>@@@?$__crt_seh_guarded_call@X@@QEAAX$$QEAV<lambda_fb3a7dec4e47f37f22dae91bb15c9095>@@AEAV<lambda_698284760c8add0bfb0756c19673e34b>@@$$QEAV<lambda_dfb8eca1e75fef3034a8fb18dd509707>@@@Z 0000000180034740     libucrt:per_thread_data.obj
 0004:0000174c       $pdata$_calloc_base        000000018003474c     libucrt:calloc_base.obj
 0004:00001758       $pdata$_malloc_base        0000000180034758     libucrt:malloc_base.obj
 0004:00001764       $pdata$_msize              0000000180034764     libucrt:msize.obj
 0004:00001770       $pdata$_realloc_base       0000000180034770     libucrt:realloc_base.obj
 0004:0000177c       $pdata$__acrt_FlsAlloc     000000018003477c     libucrt:winapi_thunks.obj
 0004:00001788       $pdata$__acrt_FlsFree      0000000180034788     libucrt:winapi_thunks.obj
 0004:00001794       $pdata$__acrt_FlsGetValue  0000000180034794     libucrt:winapi_thunks.obj
 0004:000017a0       $pdata$__acrt_FlsSetValue  00000001800347a0     libucrt:winapi_thunks.obj
 0004:000017ac       $pdata$__acrt_initialize_winapi_thunks 00000001800347ac     libucrt:winapi_thunks.obj
 0004:000017b8       $pdata$__acrt_uninitialize_winapi_thunks 00000001800347b8     libucrt:winapi_thunks.obj
 0004:000017c4       $pdata$__acrt_InitializeCriticalSectionEx 00000001800347c4     libucrt:winapi_thunks.obj
 0004:000017d0       $pdata$__acrt_LCMapStringEx 00000001800347d0     libucrt:winapi_thunks.obj
 0004:000017dc       $pdata$__acrt_LocaleNameToLCID 00000001800347dc     libucrt:winapi_thunks.obj
 0004:000017e8       $pdata$__acrt_SetThreadStackGuarantee 00000001800347e8     libucrt:winapi_thunks.obj
 0004:000017f4       $pdata$__acrt_is_packaged_app 00000001800347f4     libucrt:winapi_thunks.obj
 0004:00001800       $pdata$?try_get_function@@YAPEAXW4function_id@?A0x63058377@@QEBDQEBW4module_id@2@2@Z 0000000180034800     libucrt:winapi_thunks.obj
 0004:0000180c       $pdata$isdigit             000000018003480c     libucrt:_ctype.obj
 0004:00001818       $pdata$tolower             0000000180034818     libucrt:tolower_toupper.obj
 0004:00001824       $pdata$_tolower_l          0000000180034824     libucrt:tolower_toupper.obj
 0004:00001830       $pdata$?internal_isupper_l@@YA_NHQEAU__crt_locale_pointers@@@Z 0000000180034830     libucrt:tolower_toupper.obj
 0004:0000183c       $pdata$wcstol              000000018003483c     libucrt:strtox.obj
 0004:00001848       $pdata$_mbtowc_l           0000000180034848     libucrt:mbtowc.obj
 0004:00001854       $pdata$wcsnlen             0000000180034854     libucrt:strnlen.obj
 0004:00001860       $pdata$__acrt_update_locale_info 0000000180034860     libucrt:locale_update.obj
 0004:0000186c       $pdata$__acrt_update_multibyte_info 000000018003486c     libucrt:locale_update.obj
 0004:00001878       $pdata$__acrt_fp_format    0000000180034878     libucrt:cvt.obj
 0004:00001884       $pdata$?fp_format_nan_or_infinity@@YAHW4__acrt_fp_class@@_NPEAD_K1@Z 0000000180034884     libucrt:cvt.obj
 0004:00001890       $pdata$?fp_format_e_internal@@YAHQEAD_KH_NIQEAU_strflt@@2QEAU__crt_locale_pointers@@@Z 0000000180034890     libucrt:cvt.obj
 0004:0000189c       $pdata$?fp_format_e@@YAHQEBNQEAD_K12H_NIQEAU__crt_locale_pointers@@@Z 000000018003489c     libucrt:cvt.obj
 0004:000018a8       $pdata$?fp_format_a@@YAHQEBNPEAD_KQEAD2H_NIQEAU__crt_locale_pointers@@@Z 00000001800348a8     libucrt:cvt.obj
 0004:000018b4       $pdata$?fp_format_f_internal@@YAHQEAD_KHQEAU_strflt@@_NQEAU__crt_locale_pointers@@@Z 00000001800348b4     libucrt:cvt.obj
 0004:000018c0       $pdata$?fp_format_g@@YAHQEBNQEAD_K12H_NIQEAU__crt_locale_pointers@@@Z 00000001800348c0     libucrt:cvt.obj
 0004:000018cc       $pdata$_fileno             00000001800348cc     libucrt:fileno.obj
 0004:000018d8       $pdata$__acrt_initialize_stdio 00000001800348d8     libucrt:_file.obj
 0004:000018e4       $pdata$__acrt_uninitialize_stdio 00000001800348e4     libucrt:_file.obj
 0004:000018f0       $pdata$__acrt_uninitialize_locale 00000001800348f0     libucrt:wsetlocale.obj
 0004:000018fc       $pdata$__acrt_update_thread_locale_data$fin$0 00000001800348fc     libucrt:locale_refcounting.obj
 0004:000018fc       $pdata$__acrt_uninitialize_locale$fin$0 00000001800348fc     libucrt:wsetlocale.obj
 0004:00001908       $pdata$__acrt_initialize_lowio 0000000180034908     libucrt:ioinit.obj
 0004:00001914       $pdata$__acrt_initialize_lowio$fin$0 0000000180034914     libucrt:ioinit.obj
 0004:00001914       $pdata$__acrt_lowio_ensure_fh_exists$fin$0 0000000180034914     libucrt:osfinfo.obj
 0004:00001920       $pdata$__acrt_uninitialize_lowio 0000000180034920     libucrt:ioinit.obj
 0004:0000192c       $pdata$?initialize_inherited_file_handles_nolock@@YAXXZ 000000018003492c     libucrt:ioinit.obj
 0004:00001938       $pdata$?initialize_stdio_handles_nolock@@YAXXZ 0000000180034938     libucrt:ioinit.obj
 0004:00001944       $pdata$__acrt_initialize_locks 0000000180034944     libucrt:locks.obj
 0004:00001950       $pdata$__acrt_uninitialize_locks 0000000180034950     libucrt:locks.obj
 0004:0000195c       $pdata$??$common_expand_argv_wildcards@D@@YAHQEAPEADQEAPEAPEAD@Z 000000018003495c     libucrt:argv_wildcards.obj
 0004:00001968       $pdata$?expand_if_necessary@?$argument_list@D@?A0xca0879c4@@AEAAHXZ 0000000180034968     libucrt:argv_wildcards.obj
 0004:00001974       $pdata$??$copy_and_add_argument_to_buffer@D@@YAHQEBD0_KAEAV?$argument_list@D@?A0xca0879c4@@@Z 0000000180034974     libucrt:argv_wildcards.obj
 0004:00001980       $pdata$??$expand_argument_wildcards@D@@YAHQEAD0AEAV?$argument_list@D@?A0xca0879c4@@@Z 0000000180034980     libucrt:argv_wildcards.obj
 0004:0000198c       $pdata$__acrt_update_thread_multibyte_data 000000018003498c     libucrt:mbctype.obj
 0004:00001998       $pdata$__acrt_update_thread_multibyte_data$fin$0 0000000180034998     libucrt:mbctype.obj
 0004:000019a4       $pdata$__acrt_initialize_multibyte 00000001800349a4     libucrt:mbctype.obj
 0004:000019b0       $pdata$_setmbcp_nolock     00000001800349b0     libucrt:mbctype.obj
 0004:000019bc       $pdata$?getSystemCP@@YAHH@Z 00000001800349bc     libucrt:mbctype.obj
 0004:000019c8       $pdata$?setSBCS@@YAXPEAU__crt_multibyte_data@@@Z 00000001800349c8     libucrt:mbctype.obj
 0004:000019d4       $pdata$?setSBUpLow@@YAXPEAU__crt_multibyte_data@@@Z 00000001800349d4     libucrt:mbctype.obj
 0004:000019e0       $pdata$?setmbcp_internal@@YAHH_N@Z 00000001800349e0     libucrt:mbctype.obj
 0004:000019ec       $pdata$??R<lambda_ad1ced32f4ac17aa236e5ef05d6b3b7c>@@QEBAXXZ 00000001800349ec     libucrt:mbctype.obj
 0004:000019f8       $pdata$??$?RV<lambda_99476a1ad63dd22509b5d3e65b0ffc95>@@AEAV<lambda_ad1ced32f4ac17aa236e5ef05d6b3b7c>@@V<lambda_f7424dd8d45958661754dc4f2697e9c3>@@@?$__crt_seh_guarded_call@X@@QEAAX$$QEAV<lambda_99476a1ad63dd22509b5d3e65b0ffc95>@@AEAV<lambda_ad1ced32f4ac17aa236e5ef05d6b3b7c>@@$$QEAV<lambda_f7424dd8d45958661754dc4f2697e9c3>@@@Z 00000001800349f8     libucrt:mbctype.obj
 0004:00001a04       $pdata$?x_ismbbtype_l@@YAHPEAU__crt_locale_pointers@@IHH@Z 0000000180034a04     libucrt:ismbbyte.obj
 0004:00001a10       $pdata$__acrt_initialize_command_line 0000000180034a10     libucrt:argv_data.obj
 0004:00001a1c       $pdata$__dcrt_get_narrow_environment_from_os 0000000180034a1c     libucrt:get_environment_from_os.obj
 0004:00001a28       $pdata$__acrt_initialize_heap 0000000180034a28     libucrt:heap_handle.obj
 0004:00001a34       $pdata$__acrt_execute_initializers 0000000180034a34     libucrt:shared_initialization.obj
 0004:00001a40       $pdata$__acrt_execute_uninitializers 0000000180034a40     libucrt:shared_initialization.obj
 0004:00001a4c       $pdata$__acrt_get_sigabrt_handler 0000000180034a4c     libucrt:signal.obj
 0004:00001a58       $pdata$raise               0000000180034a58     libucrt:signal.obj
 0004:00001a64       $pdata$raise$fin$0         0000000180034a64     libucrt:signal.obj
 0004:00001a70       $pdata$??$?RV<lambda_c36588078e9f5dfd39652860aa6b3aaf>@@AEAV<lambda_ec61778202f4f5fc7e7711acc23c3bca>@@V<lambda_dc9d2797ccde5d239b4a0efae8ebd7db>@@@?$__crt_seh_guarded_call@P6AXH@Z@@QEAAP6AXH@Z$$QEAV<lambda_c36588078e9f5dfd39652860aa6b3aaf>@@AEAV<lambda_ec61778202f4f5fc7e7711acc23c3bca>@@$$QEAV<lambda_dc9d2797ccde5d239b4a0efae8ebd7db>@@@Z 0000000180034a70     libucrt:signal.obj
 0004:00001a7c       $pdata$__acrt_invoke_user_matherr 0000000180034a7c     libucrt:matherr.obj
 0004:00001a88       $pdata$__pctype_func       0000000180034a88     libucrt:ctype.obj
 0004:00001a94       $pdata$iswctype            0000000180034a94     libucrt:iswctype.obj
 0004:00001aa0       $pdata$_isctype_l          0000000180034aa0     libucrt:isctype.obj
 0004:00001aac       $pdata$__acrt_release_locale_ref 0000000180034aac     libucrt:locale_refcounting.obj
 0004:00001ab8       $pdata$__acrt_free_locale  0000000180034ab8     libucrt:locale_refcounting.obj
 0004:00001ac4       $pdata$__acrt_locale_free_lc_time_if_unreferenced 0000000180034ac4     libucrt:locale_refcounting.obj
 0004:00001ad0       $pdata$__acrt_update_thread_locale_data 0000000180034ad0     libucrt:locale_refcounting.obj
 0004:00001adc       $pdata$_updatetlocinfoEx_nolock 0000000180034adc     libucrt:locale_refcounting.obj
 0004:00001ae8       $pdata$__acrt_DownlevelLocaleNameToLCID 0000000180034ae8     libucrt:lcidtoname_downlevel.obj
 0004:00001af4       $pdata$?GetTableIndexFromLocaleName@@YAHPEB_W@Z 0000000180034af4     libucrt:lcidtoname_downlevel.obj
 0004:00001b00       $pdata$_isleadbyte_l       0000000180034b00     libucrt:_wctype.obj
 0004:00001b0c       $pdata$__acrt_LCMapStringA 0000000180034b0c     libucrt:lcmapstringa.obj
 0004:00001b18       $pdata$?__acrt_LCMapStringA_stat@@YAHPEAU__crt_locale_pointers@@PEB_WKPEBDHPEADHHH@Z 0000000180034b18     libucrt:lcmapstringa.obj
 0004:00001b24       $pdata$__acrt_fp_strflt_to_string 0000000180034b24     libucrt:_fptostr.obj
 0004:00001b30       $pdata$memcpy_s            0000000180034b30     libucrt:cfout.obj
 0004:00001b3c       $pdata$__acrt_fltout       0000000180034b3c     libucrt:cfout.obj
 0004:00001b48       $pdata$?divide@__crt_strtox@@YA_KAEAUbig_integer@1@AEBU21@@Z 0000000180034b48     libucrt:cfout.obj
 0004:00001b54       $pdata$5$?divide@__crt_strtox@@YA_KAEAUbig_integer@1@AEBU21@@Z 0000000180034b54     libucrt:cfout.obj
 0004:00001b60       $pdata$6$?divide@__crt_strtox@@YA_KAEAUbig_integer@1@AEBU21@@Z 0000000180034b60     libucrt:cfout.obj
 0004:00001b6c       $pdata$_fcloseall          0000000180034b6c     libucrt:closeall.obj
 0004:00001b78       $pdata$_fcloseall$fin$0    0000000180034b78     libucrt:closeall.obj
 0004:00001b84       $pdata$_fflush_nolock      0000000180034b84     libucrt:fflush.obj
 0004:00001b90       $pdata$__acrt_stdio_flush_nolock 0000000180034b90     libucrt:fflush.obj
 0004:00001b9c       $pdata$common_flush_all    0000000180034b9c     libucrt:fflush.obj
 0004:00001ba8       $pdata$common_flush_all$fin$0 0000000180034ba8     libucrt:fflush.obj
 0004:00001bb4       $pdata$common_flush_all$fin$1 0000000180034bb4     libucrt:fflush.obj
 0004:00001bc0       $pdata$__acrt_stdio_free_buffer_nolock 0000000180034bc0     libucrt:_freebuf.obj
 0004:00001bcc       $pdata$_isatty             0000000180034bcc     libucrt:isatty.obj
 0004:00001bd8       $pdata$__acrt_locale_free_monetary 0000000180034bd8     libucrt:initmon.obj
 0004:00001be4       $pdata$__acrt_locale_free_numeric 0000000180034be4     libucrt:initnum.obj
 0004:00001bf0       $pdata$__acrt_locale_free_time 0000000180034bf0     libucrt:inittime.obj
 0004:00001bfc       $pdata$?free_crt_array_internal@@YAXQEAPEBX_K@Z 0000000180034bfc     libucrt:inittime.obj
 0004:00001c08       $pdata$__acrt_GetStringTypeA 0000000180034c08     libucrt:getstringtypea.obj
 0004:00001c14       $pdata$_get_osfhandle      0000000180034c14     libucrt:osfinfo.obj
 0004:00001c20       $pdata$_free_osfhnd        0000000180034c20     libucrt:osfinfo.obj
 0004:00001c2c       $pdata$__acrt_lowio_create_handle_array 0000000180034c2c     libucrt:osfinfo.obj
 0004:00001c38       $pdata$__acrt_lowio_destroy_handle_array 0000000180034c38     libucrt:osfinfo.obj
 0004:00001c44       $pdata$__acrt_lowio_ensure_fh_exists 0000000180034c44     libucrt:osfinfo.obj
 0004:00001c50       $pdata$qsort               0000000180034c50     libucrt:qsort.obj
 0004:00001c5c       $pdata$4$qsort             0000000180034c5c     libucrt:qsort.obj
 0004:00001c68       $pdata$5$qsort             0000000180034c68     libucrt:qsort.obj
 0004:00001c74       $pdata$?shortsort@@YAXPEAD0_KP6AHPEBX2@Z@Z 0000000180034c74     libucrt:qsort.obj
 0004:00001c80       $pdata$2$?shortsort@@YAXPEAD0_KP6AHPEBX2@Z@Z 0000000180034c80     libucrt:qsort.obj
 0004:00001c8c       $pdata$3$?shortsort@@YAXPEAD0_KP6AHPEBX2@Z@Z 0000000180034c8c     libucrt:qsort.obj
 0004:00001c98       $pdata$strncpy_s           0000000180034c98     libucrt:strncpy_s.obj
 0004:00001ca4       $pdata$strpbrk             0000000180034ca4     libucrt:strpbrk.obj
 0004:00001cb0       $pdata$_mbsdec_l           0000000180034cb0     libucrt:mbsdec.obj
 0004:00001cbc       $pdata$?initialize_multibyte@@YAHXZ 0000000180034cbc     libucrt:multibyte_initializer.obj
 0004:00001cc8       $pdata$fegetenv            0000000180034cc8     libucrt:fegetenv.obj
 0004:00001cd4       $pdata$fesetenv            0000000180034cd4     libucrt:fesetenv.obj
 0004:00001ce0       $pdata$feholdexcept        0000000180034ce0     libucrt:feholdexcept.obj
 0004:00001cf8       $pdata$_write              0000000180034cf8     libucrt:write.obj
 0004:00001d04       $pdata$_write$fin$0        0000000180034d04     libucrt:write.obj
 0004:00001d10       $pdata$_write_nolock       0000000180034d10     libucrt:write.obj
 0004:00001d1c       $pdata$?write_double_translated_ansi_nolock@@YA?AUwrite_result@?A0x9c548279@@HQEBDI@Z 0000000180034d1c     libucrt:write.obj
 0004:00001d28       $pdata$?write_text_ansi_nolock@@YA?AUwrite_result@?A0x9c548279@@HQEBDI@Z 0000000180034d28     libucrt:write.obj
 0004:00001d34       $pdata$?write_text_utf16le_nolock@@YA?AUwrite_result@?A0x9c548279@@HQEBDI@Z 0000000180034d34     libucrt:write.obj
 0004:00001d40       $pdata$?write_text_utf8_nolock@@YA?AUwrite_result@?A0x9c548279@@HQEBDI@Z 0000000180034d40     libucrt:write.obj
 0004:00001d4c       $pdata$??$common_lseek_nolock@_J@@YA_JH_JH@Z 0000000180034d4c     libucrt:lseek.obj
 0004:00001d58       $pdata$fclose              0000000180034d58     libucrt:fclose.obj
 0004:00001d64       $pdata$fclose$fin$0        0000000180034d64     libucrt:fclose.obj
 0004:00001d70       $pdata$_fclose_nolock      0000000180034d70     libucrt:fclose.obj
 0004:00001d7c       $pdata$_commit             0000000180034d7c     libucrt:commit.obj
 0004:00001d88       $pdata$??$?RV<lambda_b521505b218e5242e90febf6bfebc422>@@AEAV<lambda_6978c1fb23f02e42e1d9e99668cc68aa>@@V<lambda_314360699dd331753a4119843814e9a7>@@@?$__crt_seh_guarded_call@H@@QEAAH$$QEAV<lambda_b521505b218e5242e90febf6bfebc422>@@AEAV<lambda_6978c1fb23f02e42e1d9e99668cc68aa>@@$$QEAV<lambda_314360699dd331753a4119843814e9a7>@@@Z 0000000180034d88     libucrt:commit.obj
 0004:00001d94       $pdata$?fin$0@?0???$?RV<lambda_b521505b218e5242e90febf6bfebc422>@@AEAV<lambda_6978c1fb23f02e42e1d9e99668cc68aa>@@V<lambda_314360699dd331753a4119843814e9a7>@@@?$__crt_seh_guarded_call@H@@QEAAH$$QEAV<lambda_b521505b218e5242e90febf6bfebc422>@@AEAV<lambda_6978c1fb23f02e42e1d9e99668cc68aa>@@$$QEAV<lambda_314360699dd331753a4119843814e9a7>@@@Z@4HA 0000000180034d94     libucrt:commit.obj
 0004:00001d94       $pdata$?fin$0@?0???$?RV<lambda_bfedae4ebbf01fab1bb6dcc6a9e276e0>@@AEAV<lambda_2fe9b910cf3cbf4a0ab98a02ba45b3ec>@@V<lambda_237c231691f317818eb88cc1d5d642d6>@@@?$__crt_seh_guarded_call@H@@QEAAH$$QEAV<lambda_bfedae4ebbf01fab1bb6dcc6a9e276e0>@@AEAV<lambda_2fe9b910cf3cbf4a0ab98a02ba45b3ec>@@$$QEAV<lambda_237c231691f317818eb88cc1d5d642d6>@@@Z@4HA 0000000180034d94     libucrt:close.obj
 0004:00001da0       $pdata$_setfpstatusword    0000000180034da0     libucrt:_fenvutils.obj
 0004:00001dac       $pdata$_getfpcontrolword   0000000180034dac     libucrt:_fenvutils.obj
 0004:00001db8       $pdata$_getfpstatusword    0000000180034db8     libucrt:_fenvutils.obj
 0004:00001dc4       $pdata$_clearfp            0000000180034dc4     libucrt:ieee.obj
 0004:00001dd0       $pdata$common_control87    0000000180034dd0     libucrt:ieee.obj
 0004:00001ddc       $pdata$common_control87$filt$0 0000000180034ddc     libucrt:ieee.obj
 0004:00001ddc       $pdata$_ctrlfp$filt$0      0000000180034ddc     libucrt:fpctrl.obj
 0004:00001de8       $pdata$_call_matherr       0000000180034de8     libucrt:libm_error.obj
 0004:00001df4       $pdata$_exception_enabled  0000000180034df4     libucrt:libm_error.obj
 0004:00001e00       $pdata$_handle_error       0000000180034e00     libucrt:libm_error.obj
 0004:00001e0c       $pdata$__acrt_initialize_fma3 0000000180034e0c     libucrt:fma3_available.obj
 0004:00001e18       $pdata$_log_special_common 0000000180034e18     libucrt:log_special.obj
 0004:00001e24       $pdata$_log10_special      0000000180034e24     libucrt:log_special.obj
 0004:00001e30       $pdata$_putwch_nolock      0000000180034e30     libucrt:putwch.obj
 0004:00001e3c       $pdata$_close              0000000180034e3c     libucrt:close.obj
 0004:00001e48       $pdata$_close_nolock       0000000180034e48     libucrt:close.obj
 0004:00001e54       $pdata$??$?RV<lambda_bfedae4ebbf01fab1bb6dcc6a9e276e0>@@AEAV<lambda_2fe9b910cf3cbf4a0ab98a02ba45b3ec>@@V<lambda_237c231691f317818eb88cc1d5d642d6>@@@?$__crt_seh_guarded_call@H@@QEAAH$$QEAV<lambda_bfedae4ebbf01fab1bb6dcc6a9e276e0>@@AEAV<lambda_2fe9b910cf3cbf4a0ab98a02ba45b3ec>@@$$QEAV<lambda_237c231691f317818eb88cc1d5d642d6>@@@Z 0000000180034e54     libucrt:close.obj
 0004:00001e6c       $pdata$_set_errno_from_matherr 0000000180034e6c     libucrt:fpexcept.obj
 0004:00001e78       $pdata$_raise_exc          0000000180034e78     libucrt:fpexcept.obj
 0004:00001e84       $pdata$_raise_exc_ex       0000000180034e84     libucrt:fpexcept.obj
 0004:00001e90       $pdata$_clrfp              0000000180034e90     libucrt:fpctrl.obj
 0004:00001e9c       $pdata$_ctrlfp             0000000180034e9c     libucrt:fpctrl.obj
 0004:00001ea8       $pdata$_statfp             0000000180034ea8     libucrt:fpctrl.obj
 0004:00001eb4       $pdata$_set_statfp         0000000180034eb4     libucrt:fpctrl.obj
 0004:00001ec0       $pdata$__dcrt_lowio_initialize_console_output 0000000180034ec0     libucrt:initcon.obj
 0004:00001ecc       $pdata$__dcrt_terminate_console_output 0000000180034ecc     libucrt:initcon.obj
 0004:00001ed8       $pdata$_IsNonwritableInCurrentImage 0000000180034ed8     LIBCMT:pesect.obj
 0004:00001ee4       $pdata$_IsNonwritableInCurrentImage$filt$0 0000000180034ee4     LIBCMT:pesect.obj
 0004:00001ef0       $pdata$strrchr             0000000180034ef0     libvcruntime:strrchr.obj
 0005:00000220       $R000000                   0000000180035220     PINPad.res
 0005:00000b78       $R000958                   0000000180035b78     PINPad.res
 0005:00000c60       $R000A40                   0000000180035c60     PINPad.res
 0005:00000ec8       $R000CA8                   0000000180035ec8     PINPad.res
 0005:000013d0       $R0011B0                   00000001800363d0     PINPad.res
 0005:00004ba0       $R004980                   0000000180039ba0     PINPad.res
 0005:00004bd0       $R0049B0                   0000000180039bd0     PINPad.res
