 OPOSItemDispenser

 Timestamp is 5c44386e (Sun Jan 20 17:59:26 2019)

 Preferred load address is 0000000180000000

 Start         Length     Name                   Class
 0001:00000000 000000c0H .text$di                CODE
 0001:000000c0 0001f290H .text$mn                CODE
 0001:0001f350 00000020H .text$mn$00             CODE
 0001:0001f370 00000410H .text$x                 CODE
 0001:0001f780 000000c0H .text$yd                CODE
 0002:00000000 00000620H .idata$5                DATA
 0002:00000620 00000010H .00cfg                  DATA
 0002:00000630 00000008H .CRT$XCA                DATA
 0002:00000638 00000008H .CRT$XCL                DATA
 0002:00000640 00000020H .CRT$XCU                DATA
 0002:00000660 00000008H .CRT$XCZ                DATA
 0002:00000668 00000008H .CRT$XIA                DATA
 0002:00000670 00000020H .CRT$XIC                DATA
 0002:00000690 00000008H .CRT$XIZ                DATA
 0002:00000698 00000008H .CRT$XLA                DATA
 0002:000006a0 00000008H .CRT$XLZ                DATA
 0002:000006a8 00000008H .CRT$XPA                DATA
 0002:000006b0 00000010H .CRT$XPX                DATA
 0002:000006c0 00000008H .CRT$XPXA               DATA
 0002:000006c8 00000008H .CRT$XPZ                DATA
 0002:000006d0 00000008H .CRT$XTA                DATA
 0002:000006d8 00000008H .CRT$XTZ                DATA
 0002:000006e0 00000000H .gfids$x                DATA
 0002:000006e0 00000000H .gfids$y                DATA
 0002:000006e0 00009ff0H .rdata                  DATA
 0002:0000a6d0 00000028H .rdata$T                DATA
 0002:0000a6f8 00000274H .rdata$r                DATA
 0002:0000a96c 000003fcH .rdata$zzzdbg           DATA
 0002:0000ad68 00000008H .rtc$IAA                DATA
 0002:0000ad70 00000008H .rtc$IZZ                DATA
 0002:0000ad78 00000008H .rtc$TAA                DATA
 0002:0000ad80 00000008H .rtc$TZZ                DATA
 0002:0000ad88 00000004H .tls                    DATA
 0002:0000ad8c 00000004H .tls$                   DATA
 0002:0000ad90 00000008H .tls$ZZZ                DATA
 0002:0000ad98 00001638H .xdata                  DATA
 0002:0000c3d0 00000150H .xdata$x                DATA
 0002:0000c520 00000008H ATL$__a                 DATA
 0002:0000c528 00000008H ATL$__z                 DATA
 0002:0000c530 000000b0H .edata                  DATA
 0002:0000c5e0 00000078H .idata$2                DATA
 0002:0000c658 00000018H .idata$3                DATA
 0002:0000c670 00000620H .idata$4                DATA
 0002:0000cc90 00000c3aH .idata$6                DATA
 0003:00000000 00000c58H .data                   DATA
 0003:00000c58 000000c8H .data$r                 DATA
 0003:00000d20 000013d4H .bss                    DATA
 0004:00000000 00001e3cH .pdata                  DATA
 0005:00000000 00000220H .rsrc$01                DATA
 0005:00000220 000038c0H .rsrc$02                DATA

  Address         Publics by Value              Rva+Base               Lib:Object

 0000:00000000       __guard_fids_count         0000000000000000     <absolute>
 0000:00000000       __guard_longjmp_count      0000000000000000     <absolute>
 0000:00000000       __guard_longjmp_table      0000000000000000     <absolute>
 0000:00000000       __hybrid_code_map          0000000000000000     <absolute>
 0000:00000000       __guard_iat_count          0000000000000000     <absolute>
 0000:00000000       __volatile_metadata        0000000000000000     <absolute>
 0000:00000000       __guard_iat_table          0000000000000000     <absolute>
 0000:00000000       __hybrid_code_map_count    0000000000000000     <absolute>
 0000:00000000       __enclave_config           0000000000000000     <absolute>
 0000:00000000       ___safe_se_handler_count   0000000000000000     <absolute>
 0000:00000000       ___safe_se_handler_table   0000000000000000     <absolute>
 0000:00000000       __guard_fids_table         0000000000000000     <absolute>
 0000:00000000       __hybrid_auxiliary_iat     0000000000000000     <absolute>
 0000:00000000       __dynamic_value_reloc_table 0000000000000000     <absolute>
 0000:00000100       __guard_flags              0000000000000100     <absolute>
 0000:00000000       __ImageBase                0000000180000000     <linker-defined>
 0001:000000c0       ?DupWide@_CW@@AEAAXXZ      00000001800010c0 f   CWString.obj
 0001:000000e8       ?cw_dup@@YAXPEBDAEAHAEAPEA_W1@Z 00000001800010e8 f   CWString.obj
 0001:00000194       ?cw_memcpy@@YAHPEA_WPEBDH@Z 0000000180001194 f   CWString.obj
 0001:000001e0       ?cw_strcpy@@YAHPEA_WPEBD@Z 00000001800011e0 f   CWString.obj
 0001:000001f4       ??0CAtlComModule@ATL@@QEAA@XZ 00000001800011f4 f i OposVariant.obj
 0001:0000027c       ??0CAtlWinModule@ATL@@QEAA@XZ 000000018000127c f i OposVariant.obj
 0001:000002f4       ??0OposDispParms@@QEAA@PEAVOposVariant@@H@Z 00000001800012f4 f   OposVariant.obj
 0001:0000039c       ??1OposDispParms@@QEAA@XZ  000000018000139c f   OposVariant.obj
 0001:000003b4       ??_Estringdispid@CComTypeInfoHolder@ATL@@QEAAPEAXI@Z 00000001800013b4 f i OposVariant.obj
 0001:00000458       ?AtlWinModuleTerm@ATL@@YAJPEAU_ATL_WIN_MODULE70@1@PEAUHINSTANCE__@@@Z 0000000180001458 f i OposVariant.obj
 0001:00000508       ?ChangeBSTR@OposVariant@@QEAAXPEAPEA_WAEAJ@Z 0000000180001508 f   OposVariant.obj
 0001:00000568       ?ChangeLONG@OposVariant@@QEAAXPEAJAEAJ@Z 0000000180001568 f   OposVariant.obj
 0001:000005c4       ?GetLONG@OposVariant@@QEAAJXZ 00000001800015c4 f   OposVariant.obj
 0001:000005e8       ?SetBSTR@OposVariant@@QEAAXPEA_WAEAJ@Z 00000001800015e8 f   OposVariant.obj
 0001:00000628       ?SetBSTR_Copy@OposVariant@@QEAAXPEA_WAEAJ@Z 0000000180001628 f   OposVariant.obj
 0001:00000698       ?SetBSTR_InOutPtr@OposVariant@@QEAA_NPEAPEA_WAEAJ@Z 0000000180001698 f   OposVariant.obj
 0001:000006e8       ?SetDispatch_Ptr@OposVariant@@QEAAXPEAUIDispatch@@AEAJ@Z 00000001800016e8 f   OposVariant.obj
 0001:00000740       ?SetLONG@OposVariant@@QEAAXJ@Z 0000000180001740 f   OposVariant.obj
 0001:00000770       ?SetLONG_Ptr@OposVariant@@QEAAXPEAJAEAJ@Z 0000000180001770 f   OposVariant.obj
 0001:000007bc       ?SetString@OposVariant@@QEAAXPEB_WAEAJ@Z 00000001800017bc f   OposVariant.obj
 0001:00000820       ?SetVARIANT_BOOL@OposVariant@@QEAAXF@Z 0000000180001820 f   OposVariant.obj
 0001:00000858       ?Term@CAtlComModule@ATL@@QEAAXXZ 0000000180001858 f i OposVariant.obj
 0001:000008c8       ?_AtlInitializeCriticalSectionEx@ATL@@YAHPEAU_RTL_CRITICAL_SECTION@@KK@Z 00000001800018c8 f i OposVariant.obj
 0001:000008d0       ?_AtlRaiseException@ATL@@YAXKK@Z 00000001800018d0 f i OposVariant.obj
 0001:000008e0       ?AddRef@?$CComAggObject@VCOPOSItemDispenser@@@ATL@@UEAAKXZ 00000001800018e0 f i ItemDispenser.obj
 0001:000008ec       ?Release@?$CComAggObject@VCOPOSItemDispenser@@@ATL@@UEAAKXZ 00000001800018ec f i ItemDispenser.obj
 0001:00000940       ?QueryInterface@?$CComAggObject@VCOPOSItemDispenser@@@ATL@@UEAAJAEBU_GUID@@PEAPEAX@Z 0000000180001940 f i ItemDispenser.obj
 0001:000009a0       ?AddRef@?$CComContainedObject@VCOPOSItemDispenser@@@ATL@@UEAAKXZ 00000001800019a0 f i ItemDispenser.obj
 0001:000009b0       ?Release@?$CComContainedObject@VCOPOSItemDispenser@@@ATL@@UEAAKXZ 00000001800019b0 f i ItemDispenser.obj
 0001:000009c0       ?QueryInterface@?$CComContainedObject@VCOPOSItemDispenser@@@ATL@@UEAAJAEBU_GUID@@PEAPEAX@Z 00000001800019c0 f i ItemDispenser.obj
 0001:000009d0       ??_E?$CComAggObject@VCOPOSItemDispenser@@@ATL@@UEAAPEAXI@Z 00000001800019d0 f i ItemDispenser.obj
 0001:000009d0       ??_G?$CComAggObject@VCOPOSItemDispenser@@@ATL@@UEAAPEAXI@Z 00000001800019d0 f i ItemDispenser.obj
 0001:00000a28       ?AddRef@?$CComObject@VCOPOSItemDispenser@@@ATL@@UEAAKXZ 0000000180001a28 f i ItemDispenser.obj
 0001:00000a38       ?Release@?$CComObject@VCOPOSItemDispenser@@@ATL@@UEAAKXZ 0000000180001a38 f i ItemDispenser.obj
 0001:00000a90       ?QueryInterface@?$CComObject@VCOPOSItemDispenser@@@ATL@@UEAAJAEBU_GUID@@PEAPEAX@Z 0000000180001a90 f i ItemDispenser.obj
 0001:00000aa4       ?ObjectMain@CComObjectRootBase@ATL@@SAX_N@Z 0000000180001aa4 f i ItemDispenser.obj
 0001:00000aa4       _guard_check_icall_nop     0000000180001aa4 f i LIBCMT:guard_support.obj
 0001:00000aa4       ?OnFinalMessage@?$CWindowImplBaseT@VCWindow@ATL@@V?$CWinTraits@$0FGAAAAAA@$0A@@2@@ATL@@UEAAXPEAUHWND__@@@Z 0000000180001aa4 f i ItemDispenser.obj
 0001:00000aa8       ?EnableModeless@?$IOleInPlaceActiveObjectImpl@VCOPOSItemDispenser@@@ATL@@UEAAJH@Z 0000000180001aa8 f i ItemDispenser.obj
 0001:00000aa8       ?SaveCompleted@?$IPersistStorageImpl@VCOPOSItemDispenser@@@ATL@@UEAAJPEAUIStorage@@@Z 0000000180001aa8 f i ItemDispenser.obj
 0001:00000aa8       ?OnAmbientPropertyChange@?$IOleControlImpl@VCOPOSItemDispenser@@@ATL@@UEAAJJ@Z 0000000180001aa8 f i ItemDispenser.obj
 0001:00000aa8       ?Update@?$IOleObjectImpl@VCOPOSItemDispenser@@@ATL@@UEAAJXZ 0000000180001aa8 f i ItemDispenser.obj
 0001:00000aa8       ?GetObjectDescription@?$CComCoClass@VCOPOSItemDispenser@@$1?CLSID_OPOSItemDispenser@@3U_GUID@@B@ATL@@SAPEB_WXZ 0000000180001aa8 f i ItemDispenser.obj
 0001:00000aa8       ?OnFrameWindowActivate@?$IOleInPlaceActiveObjectImpl@VCOPOSItemDispenser@@@ATL@@UEAAJH@Z 0000000180001aa8 f i ItemDispenser.obj
 0001:00000aa8       ?GetCategoryMap@CComObjectRootBase@ATL@@SAPEBU_ATL_CATMAP_ENTRY@2@XZ 0000000180001aa8 f i ItemDispenser.obj
 0001:00000aa8       ?HandsOffStorage@?$IPersistStorageImpl@VCOPOSItemDispenser@@@ATL@@UEAAJXZ 0000000180001aa8 f i ItemDispenser.obj
 0001:00000aa8       ?Release@CRegObject@ATL@@UEAAKXZ 0000000180001aa8 f i ItemDispenser.obj
 0001:00000aa8       ?IsUpToDate@?$IOleObjectImpl@VCOPOSItemDispenser@@@ATL@@UEAAJXZ 0000000180001aa8 f i ItemDispenser.obj
 0001:00000aa8       ?ResizeBorder@?$IOleInPlaceActiveObjectImpl@VCOPOSItemDispenser@@@ATL@@UEAAJPEBUtagRECT@@PEAUIOleInPlaceUIWindow@@H@Z 0000000180001aa8 f i ItemDispenser.obj
 0001:00000aa8       ?SetHostNames@?$IOleObjectImpl@VCOPOSItemDispenser@@@ATL@@UEAAJPEB_W0@Z 0000000180001aa8 f i ItemDispenser.obj
 0001:00000aac       ?OnDrawAdvanced@CComControlBase@ATL@@UEAAJAEAUATL_DRAWINFO@@@Z 0000000180001aac f i ItemDispenser.obj
 0001:00000bcc       ?CreateInstance@CComClassFactory@ATL@@UEAAJPEAUIUnknown@@AEBU_GUID@@PEAPEAX@Z 0000000180001bcc f i ItemDispenser.obj
 0001:00000c2c       ?LockServer@CComClassFactory@ATL@@UEAAJH@Z 0000000180001c2c f i ItemDispenser.obj
 0001:00000c50       ??_ECComClassFactory@ATL@@UEAAPEAXI@Z 0000000180001c50 f i ItemDispenser.obj
 0001:00000c50       ??_GCComClassFactory@ATL@@UEAAPEAXI@Z 0000000180001c50 f i ItemDispenser.obj
 0001:00000ca0       ?Next@?$CComEnumImpl@UIEnumConnections@@$1?_GUID_b196b287_bab4_101a_b69c_00aa00341d07@@3U__s_GUID@@BUtagCONNECTDATA@@V?$_Copy@UtagCONNECTDATA@@@ATL@@@ATL@@UEAAJKPEAUtagCONNECTDATA@@PEAK@Z 0000000180001ca0 f i ItemDispenser.obj
 0001:00000d74       ?Skip@?$CComEnumImpl@UIEnumConnections@@$1?_GUID_b196b287_bab4_101a_b69c_00aa00341d07@@3U__s_GUID@@BUtagCONNECTDATA@@V?$_Copy@UtagCONNECTDATA@@@ATL@@@ATL@@UEAAJK@Z 0000000180001d74 f i ItemDispenser.obj
 0001:00000da0       ?Reset@?$CComEnumImpl@UIEnumConnections@@$1?_GUID_b196b287_bab4_101a_b69c_00aa00341d07@@3U__s_GUID@@BUtagCONNECTDATA@@V?$_Copy@UtagCONNECTDATA@@@ATL@@@ATL@@UEAAJXZ 0000000180001da0 f i ItemDispenser.obj
 0001:00000da0       ?Reset@?$CComEnumImpl@UIEnumConnectionPoints@@$1?_GUID_b196b285_bab4_101a_b69c_00aa00341d07@@3U__s_GUID@@BPEAUIConnectionPoint@@V?$_CopyInterface@UIConnectionPoint@@@ATL@@@ATL@@UEAAJXZ 0000000180001da0 f i ItemDispenser.obj
 0001:00000dac       ?Clone@?$CComEnumImpl@UIEnumConnections@@$1?_GUID_b196b287_bab4_101a_b69c_00aa00341d07@@3U__s_GUID@@BUtagCONNECTDATA@@V?$_Copy@UtagCONNECTDATA@@@ATL@@@ATL@@UEAAJPEAPEAUIEnumConnections@@@Z 0000000180001dac f i ItemDispenser.obj
 0001:00000ed4       ?AddRef@?$CComObject@V?$CComEnum@UIEnumConnectionPoints@@$1?_GUID_b196b285_bab4_101a_b69c_00aa00341d07@@3U__s_GUID@@BPEAUIConnectionPoint@@V?$_CopyInterface@UIConnectionPoint@@@ATL@@VCComSingleThreadModel@6@@ATL@@@ATL@@UEAAKXZ 0000000180001ed4 f i ItemDispenser.obj
 0001:00000ed4       ?AddRef@?$CComObject@V?$CComEnum@UIEnumConnections@@$1?_GUID_b196b287_bab4_101a_b69c_00aa00341d07@@3U__s_GUID@@BUtagCONNECTDATA@@V?$_Copy@UtagCONNECTDATA@@@ATL@@VCComSingleThreadModel@6@@ATL@@@ATL@@UEAAKXZ 0000000180001ed4 f i ItemDispenser.obj
 0001:00000ee0       ?Release@?$CComObject@V?$CComEnum@UIEnumConnectionPoints@@$1?_GUID_b196b285_bab4_101a_b69c_00aa00341d07@@3U__s_GUID@@BPEAUIConnectionPoint@@V?$_CopyInterface@UIConnectionPoint@@@ATL@@VCComSingleThreadModel@6@@ATL@@@ATL@@UEAAKXZ 0000000180001ee0 f i ItemDispenser.obj
 0001:00000ee0       ?Release@?$CComObject@V?$CComEnum@UIEnumConnections@@$1?_GUID_b196b287_bab4_101a_b69c_00aa00341d07@@3U__s_GUID@@BUtagCONNECTDATA@@V?$_Copy@UtagCONNECTDATA@@@ATL@@VCComSingleThreadModel@6@@ATL@@@ATL@@UEAAKXZ 0000000180001ee0 f i ItemDispenser.obj
 0001:00000f34       ?QueryInterface@?$CComObject@V?$CComEnum@UIEnumConnections@@$1?_GUID_b196b287_bab4_101a_b69c_00aa00341d07@@3U__s_GUID@@BUtagCONNECTDATA@@V?$_Copy@UtagCONNECTDATA@@@ATL@@VCComSingleThreadModel@6@@ATL@@@ATL@@UEAAJAEBU_GUID@@PEAPEAX@Z 0000000180001f34 f i ItemDispenser.obj
 0001:00000f48       ??_E?$CComObject@V?$CComEnum@UIEnumConnections@@$1?_GUID_b196b287_bab4_101a_b69c_00aa00341d07@@3U__s_GUID@@BUtagCONNECTDATA@@V?$_Copy@UtagCONNECTDATA@@@ATL@@VCComSingleThreadModel@6@@ATL@@@ATL@@UEAAPEAXI@Z 0000000180001f48 f i ItemDispenser.obj
 0001:00000f48       ??_G?$CComObject@V?$CComEnum@UIEnumConnections@@$1?_GUID_b196b287_bab4_101a_b69c_00aa00341d07@@3U__s_GUID@@BUtagCONNECTDATA@@V?$_Copy@UtagCONNECTDATA@@@ATL@@VCComSingleThreadModel@6@@ATL@@@ATL@@UEAAPEAXI@Z 0000000180001f48 f i ItemDispenser.obj
 0001:00000fa0       ??_E?$CComObject@VCOPOSItemDispenser@@@ATL@@W7EAAPEAXI@Z 0000000180001fa0 f i ItemDispenser.obj
 0001:00000fac       ??_E?$CComObject@VCOPOSItemDispenser@@@ATL@@WHA@EAAPEAXI@Z 0000000180001fac f i ItemDispenser.obj
 0001:00000fb8       ?QueryInterface@?$CComObject@VCOPOSItemDispenser@@@ATL@@WLI@EAAJAEBU_GUID@@PEAPEAX@Z 0000000180001fb8 f i ItemDispenser.obj
 0001:00000fc4       ?AddRef@?$CComObject@VCOPOSItemDispenser@@@ATL@@WLI@EAAKXZ 0000000180001fc4 f i ItemDispenser.obj
 0001:00000fd0       ?Release@?$CComObject@VCOPOSItemDispenser@@@ATL@@WLI@EAAKXZ 0000000180001fd0 f i ItemDispenser.obj
 0001:00000fdc       ?QueryInterface@?$CComObject@VCOPOSItemDispenser@@@ATL@@WMA@EAAJAEBU_GUID@@PEAPEAX@Z 0000000180001fdc f i ItemDispenser.obj
 0001:00000fe8       ?AddRef@?$CComObject@VCOPOSItemDispenser@@@ATL@@WMA@EAAKXZ 0000000180001fe8 f i ItemDispenser.obj
 0001:00000ff4       ?Release@?$CComObject@VCOPOSItemDispenser@@@ATL@@WMA@EAAKXZ 0000000180001ff4 f i ItemDispenser.obj
 0001:00001000       ?QueryInterface@?$CComObject@VCOPOSItemDispenser@@@ATL@@WMI@EAAJAEBU_GUID@@PEAPEAX@Z 0000000180002000 f i ItemDispenser.obj
 0001:0000100c       ?AddRef@?$CComObject@VCOPOSItemDispenser@@@ATL@@WMI@EAAKXZ 000000018000200c f i ItemDispenser.obj
 0001:00001018       ?Release@?$CComObject@VCOPOSItemDispenser@@@ATL@@WMI@EAAKXZ 0000000180002018 f i ItemDispenser.obj
 0001:00001024       ?QueryInterface@?$CComObject@VCOPOSItemDispenser@@@ATL@@WNA@EAAJAEBU_GUID@@PEAPEAX@Z 0000000180002024 f i ItemDispenser.obj
 0001:00001030       ?AddRef@?$CComObject@VCOPOSItemDispenser@@@ATL@@WNA@EAAKXZ 0000000180002030 f i ItemDispenser.obj
 0001:0000103c       ?Release@?$CComObject@VCOPOSItemDispenser@@@ATL@@WNA@EAAKXZ 000000018000203c f i ItemDispenser.obj
 0001:00001048       ?QueryInterface@?$CComObject@VCOPOSItemDispenser@@@ATL@@WNI@EAAJAEBU_GUID@@PEAPEAX@Z 0000000180002048 f i ItemDispenser.obj
 0001:00001054       ?AddRef@?$CComObject@VCOPOSItemDispenser@@@ATL@@WNI@EAAKXZ 0000000180002054 f i ItemDispenser.obj
 0001:00001060       ?Release@?$CComObject@VCOPOSItemDispenser@@@ATL@@WNI@EAAKXZ 0000000180002060 f i ItemDispenser.obj
 0001:0000106c       ?QueryInterface@?$CComObject@VCOPOSItemDispenser@@@ATL@@WOA@EAAJAEBU_GUID@@PEAPEAX@Z 000000018000206c f i ItemDispenser.obj
 0001:00001078       ?AddRef@?$CComObject@VCOPOSItemDispenser@@@ATL@@WOA@EAAKXZ 0000000180002078 f i ItemDispenser.obj
 0001:00001084       ?Release@?$CComObject@VCOPOSItemDispenser@@@ATL@@WOA@EAAKXZ 0000000180002084 f i ItemDispenser.obj
 0001:00001090       ?QueryInterface@?$CComObject@VCOPOSItemDispenser@@@ATL@@WOI@EAAJAEBU_GUID@@PEAPEAX@Z 0000000180002090 f i ItemDispenser.obj
 0001:0000109c       ?AddRef@?$CComObject@VCOPOSItemDispenser@@@ATL@@WOI@EAAKXZ 000000018000209c f i ItemDispenser.obj
 0001:000010a8       ?Release@?$CComObject@VCOPOSItemDispenser@@@ATL@@WOI@EAAKXZ 00000001800020a8 f i ItemDispenser.obj
 0001:000010b4       ?QueryInterface@?$CComObject@VCOPOSItemDispenser@@@ATL@@WPA@EAAJAEBU_GUID@@PEAPEAX@Z 00000001800020b4 f i ItemDispenser.obj
 0001:000010c0       ?AddRef@?$CComObject@VCOPOSItemDispenser@@@ATL@@WPA@EAAKXZ 00000001800020c0 f i ItemDispenser.obj
 0001:000010cc       ?Release@?$CComObject@VCOPOSItemDispenser@@@ATL@@WPA@EAAKXZ 00000001800020cc f i ItemDispenser.obj
 0001:000010d8       ?QueryInterface@?$CComObject@VCOPOSItemDispenser@@@ATL@@WPI@EAAJAEBU_GUID@@PEAPEAX@Z 00000001800020d8 f i ItemDispenser.obj
 0001:000010e4       ?AddRef@?$CComObject@VCOPOSItemDispenser@@@ATL@@WPI@EAAKXZ 00000001800020e4 f i ItemDispenser.obj
 0001:000010f0       ?Release@?$CComObject@VCOPOSItemDispenser@@@ATL@@WPI@EAAKXZ 00000001800020f0 f i ItemDispenser.obj
 0001:000010fc       ?QueryInterface@?$CComObject@VCOPOSItemDispenser@@@ATL@@WBAA@EAAJAEBU_GUID@@PEAPEAX@Z 00000001800020fc f i ItemDispenser.obj
 0001:00001108       ?AddRef@?$CComObject@VCOPOSItemDispenser@@@ATL@@WBAA@EAAKXZ 0000000180002108 f i ItemDispenser.obj
 0001:00001114       ?Release@?$CComObject@VCOPOSItemDispenser@@@ATL@@WBAA@EAAKXZ 0000000180002114 f i ItemDispenser.obj
 0001:00001120       ?QueryInterface@?$CComObject@VCOPOSItemDispenser@@@ATL@@WBAI@EAAJAEBU_GUID@@PEAPEAX@Z 0000000180002120 f i ItemDispenser.obj
 0001:0000112c       ?AddRef@?$CComObject@VCOPOSItemDispenser@@@ATL@@WBAI@EAAKXZ 000000018000212c f i ItemDispenser.obj
 0001:00001138       ?Release@?$CComObject@VCOPOSItemDispenser@@@ATL@@WBAI@EAAKXZ 0000000180002138 f i ItemDispenser.obj
 0001:00001144       ?QueryInterface@?$CComObject@VCOPOSItemDispenser@@@ATL@@WBBA@EAAJAEBU_GUID@@PEAPEAX@Z 0000000180002144 f i ItemDispenser.obj
 0001:00001150       ?AddRef@?$CComObject@VCOPOSItemDispenser@@@ATL@@WBBA@EAAKXZ 0000000180002150 f i ItemDispenser.obj
 0001:0000115c       ?Release@?$CComObject@VCOPOSItemDispenser@@@ATL@@WBBA@EAAKXZ 000000018000215c f i ItemDispenser.obj
 0001:00001168       ?QueryInterface@?$CComObject@VCOPOSItemDispenser@@@ATL@@WBBI@EAAJAEBU_GUID@@PEAPEAX@Z 0000000180002168 f i ItemDispenser.obj
 0001:00001174       ?AddRef@?$CComObject@VCOPOSItemDispenser@@@ATL@@WBBI@EAAKXZ 0000000180002174 f i ItemDispenser.obj
 0001:00001180       ?Release@?$CComObject@VCOPOSItemDispenser@@@ATL@@WBBI@EAAKXZ 0000000180002180 f i ItemDispenser.obj
 0001:0000118c       ?AddRef@?$CComObject@VCOPOSItemDispenser@@@ATL@@WBCI@EAAKXZ 000000018000218c f i ItemDispenser.obj
 0001:00001198       ?Release@?$CComObject@VCOPOSItemDispenser@@@ATL@@WBCI@EAAKXZ 0000000180002198 f i ItemDispenser.obj
 0001:000011a4       ?AddRef@?$CComObject@VCOPOSItemDispenser@@@ATL@@WBEA@EAAKXZ 00000001800021a4 f i ItemDispenser.obj
 0001:000011b0       ?Release@?$CComObject@VCOPOSItemDispenser@@@ATL@@WBEA@EAAKXZ 00000001800021b0 f i ItemDispenser.obj
 0001:000011bc       ??_E?$CComContainedObject@VCOPOSItemDispenser@@@ATL@@W7EAAPEAXI@Z 00000001800021bc f i ItemDispenser.obj
 0001:000011c8       ??_E?$CComContainedObject@VCOPOSItemDispenser@@@ATL@@WHA@EAAPEAXI@Z 00000001800021c8 f i ItemDispenser.obj
 0001:000011d4       ?QueryInterface@?$CComContainedObject@VCOPOSItemDispenser@@@ATL@@WLI@EAAJAEBU_GUID@@PEAPEAX@Z 00000001800021d4 f i ItemDispenser.obj
 0001:000011e0       ?AddRef@?$CComContainedObject@VCOPOSItemDispenser@@@ATL@@WLI@EAAKXZ 00000001800021e0 f i ItemDispenser.obj
 0001:000011ec       ?Release@?$CComContainedObject@VCOPOSItemDispenser@@@ATL@@WLI@EAAKXZ 00000001800021ec f i ItemDispenser.obj
 0001:000011f8       ?QueryInterface@?$CComContainedObject@VCOPOSItemDispenser@@@ATL@@WMA@EAAJAEBU_GUID@@PEAPEAX@Z 00000001800021f8 f i ItemDispenser.obj
 0001:00001204       ?AddRef@?$CComContainedObject@VCOPOSItemDispenser@@@ATL@@WMA@EAAKXZ 0000000180002204 f i ItemDispenser.obj
 0001:00001210       ?Release@?$CComContainedObject@VCOPOSItemDispenser@@@ATL@@WMA@EAAKXZ 0000000180002210 f i ItemDispenser.obj
 0001:0000121c       ?QueryInterface@?$CComContainedObject@VCOPOSItemDispenser@@@ATL@@WMI@EAAJAEBU_GUID@@PEAPEAX@Z 000000018000221c f i ItemDispenser.obj
 0001:00001228       ?AddRef@?$CComContainedObject@VCOPOSItemDispenser@@@ATL@@WMI@EAAKXZ 0000000180002228 f i ItemDispenser.obj
 0001:00001234       ?Release@?$CComContainedObject@VCOPOSItemDispenser@@@ATL@@WMI@EAAKXZ 0000000180002234 f i ItemDispenser.obj
 0001:00001240       ?QueryInterface@?$CComContainedObject@VCOPOSItemDispenser@@@ATL@@WNA@EAAJAEBU_GUID@@PEAPEAX@Z 0000000180002240 f i ItemDispenser.obj
 0001:0000124c       ?AddRef@?$CComContainedObject@VCOPOSItemDispenser@@@ATL@@WNA@EAAKXZ 000000018000224c f i ItemDispenser.obj
 0001:00001258       ?Release@?$CComContainedObject@VCOPOSItemDispenser@@@ATL@@WNA@EAAKXZ 0000000180002258 f i ItemDispenser.obj
 0001:00001264       ?QueryInterface@?$CComContainedObject@VCOPOSItemDispenser@@@ATL@@WNI@EAAJAEBU_GUID@@PEAPEAX@Z 0000000180002264 f i ItemDispenser.obj
 0001:00001270       ?AddRef@?$CComContainedObject@VCOPOSItemDispenser@@@ATL@@WNI@EAAKXZ 0000000180002270 f i ItemDispenser.obj
 0001:0000127c       ?Release@?$CComContainedObject@VCOPOSItemDispenser@@@ATL@@WNI@EAAKXZ 000000018000227c f i ItemDispenser.obj
 0001:00001288       ?QueryInterface@?$CComContainedObject@VCOPOSItemDispenser@@@ATL@@WOA@EAAJAEBU_GUID@@PEAPEAX@Z 0000000180002288 f i ItemDispenser.obj
 0001:00001294       ?AddRef@?$CComContainedObject@VCOPOSItemDispenser@@@ATL@@WOA@EAAKXZ 0000000180002294 f i ItemDispenser.obj
 0001:000012a0       ?Release@?$CComContainedObject@VCOPOSItemDispenser@@@ATL@@WOA@EAAKXZ 00000001800022a0 f i ItemDispenser.obj
 0001:000012ac       ?QueryInterface@?$CComContainedObject@VCOPOSItemDispenser@@@ATL@@WOI@EAAJAEBU_GUID@@PEAPEAX@Z 00000001800022ac f i ItemDispenser.obj
 0001:000012b8       ?AddRef@?$CComContainedObject@VCOPOSItemDispenser@@@ATL@@WOI@EAAKXZ 00000001800022b8 f i ItemDispenser.obj
 0001:000012c4       ?Release@?$CComContainedObject@VCOPOSItemDispenser@@@ATL@@WOI@EAAKXZ 00000001800022c4 f i ItemDispenser.obj
 0001:000012d0       ?QueryInterface@?$CComContainedObject@VCOPOSItemDispenser@@@ATL@@WPA@EAAJAEBU_GUID@@PEAPEAX@Z 00000001800022d0 f i ItemDispenser.obj
 0001:000012dc       ?AddRef@?$CComContainedObject@VCOPOSItemDispenser@@@ATL@@WPA@EAAKXZ 00000001800022dc f i ItemDispenser.obj
 0001:000012e8       ?Release@?$CComContainedObject@VCOPOSItemDispenser@@@ATL@@WPA@EAAKXZ 00000001800022e8 f i ItemDispenser.obj
 0001:000012f4       ?QueryInterface@?$CComContainedObject@VCOPOSItemDispenser@@@ATL@@WPI@EAAJAEBU_GUID@@PEAPEAX@Z 00000001800022f4 f i ItemDispenser.obj
 0001:00001300       ?AddRef@?$CComContainedObject@VCOPOSItemDispenser@@@ATL@@WPI@EAAKXZ 0000000180002300 f i ItemDispenser.obj
 0001:0000130c       ?Release@?$CComContainedObject@VCOPOSItemDispenser@@@ATL@@WPI@EAAKXZ 000000018000230c f i ItemDispenser.obj
 0001:00001318       ?QueryInterface@?$CComContainedObject@VCOPOSItemDispenser@@@ATL@@WBAA@EAAJAEBU_GUID@@PEAPEAX@Z 0000000180002318 f i ItemDispenser.obj
 0001:00001324       ?AddRef@?$CComContainedObject@VCOPOSItemDispenser@@@ATL@@WBAA@EAAKXZ 0000000180002324 f i ItemDispenser.obj
 0001:00001330       ?Release@?$CComContainedObject@VCOPOSItemDispenser@@@ATL@@WBAA@EAAKXZ 0000000180002330 f i ItemDispenser.obj
 0001:0000133c       ?QueryInterface@?$CComContainedObject@VCOPOSItemDispenser@@@ATL@@WBAI@EAAJAEBU_GUID@@PEAPEAX@Z 000000018000233c f i ItemDispenser.obj
 0001:00001348       ?AddRef@?$CComContainedObject@VCOPOSItemDispenser@@@ATL@@WBAI@EAAKXZ 0000000180002348 f i ItemDispenser.obj
 0001:00001354       ?Release@?$CComContainedObject@VCOPOSItemDispenser@@@ATL@@WBAI@EAAKXZ 0000000180002354 f i ItemDispenser.obj
 0001:00001360       ?QueryInterface@?$CComContainedObject@VCOPOSItemDispenser@@@ATL@@WBBA@EAAJAEBU_GUID@@PEAPEAX@Z 0000000180002360 f i ItemDispenser.obj
 0001:0000136c       ?AddRef@?$CComContainedObject@VCOPOSItemDispenser@@@ATL@@WBBA@EAAKXZ 000000018000236c f i ItemDispenser.obj
 0001:00001378       ?Release@?$CComContainedObject@VCOPOSItemDispenser@@@ATL@@WBBA@EAAKXZ 0000000180002378 f i ItemDispenser.obj
 0001:00001384       ?QueryInterface@?$CComContainedObject@VCOPOSItemDispenser@@@ATL@@WBBI@EAAJAEBU_GUID@@PEAPEAX@Z 0000000180002384 f i ItemDispenser.obj
 0001:00001390       ?AddRef@?$CComContainedObject@VCOPOSItemDispenser@@@ATL@@WBBI@EAAKXZ 0000000180002390 f i ItemDispenser.obj
 0001:0000139c       ?Release@?$CComContainedObject@VCOPOSItemDispenser@@@ATL@@WBBI@EAAKXZ 000000018000239c f i ItemDispenser.obj
 0001:000013a8       ?AddRef@?$CComContainedObject@VCOPOSItemDispenser@@@ATL@@WBCI@EAAKXZ 00000001800023a8 f i ItemDispenser.obj
 0001:000013b4       ?Release@?$CComContainedObject@VCOPOSItemDispenser@@@ATL@@WBCI@EAAKXZ 00000001800023b4 f i ItemDispenser.obj
 0001:000013c0       ?AddRef@?$CComContainedObject@VCOPOSItemDispenser@@@ATL@@WBEA@EAAKXZ 00000001800023c0 f i ItemDispenser.obj
 0001:000013cc       ?Release@?$CComContainedObject@VCOPOSItemDispenser@@@ATL@@WBEA@EAAKXZ 00000001800023cc f i ItemDispenser.obj
 0001:000013d8       ?Lock@CAtlModule@ATL@@UEAAJXZ 00000001800023d8 f i ItemDispenser.obj
 0001:000013e8       ?Unlock@CAtlModule@ATL@@UEAAJXZ 00000001800023e8 f i ItemDispenser.obj
 0001:000013f4       ?GetLockCount@CAtlModule@ATL@@UEAAJXZ 00000001800023f4 f i ItemDispenser.obj
 0001:000013f8       ?GetGITPtr@CAtlModule@ATL@@UEAAJPEAPEAUIGlobalInterfaceTable@@@Z 00000001800023f8 f i ItemDispenser.obj
 0001:00001468       ?AddCommonRGSReplacements@?$CAtlModuleT@VCComModule@ATL@@@ATL@@UEAAJPEAUIRegistrarBase@@@Z 0000000180002468 f i ItemDispenser.obj
 0001:00001480       ?GetWindowProc@?$CWindowImplBaseT@VCWindow@ATL@@V?$CWinTraits@$0FGAAAAAA@$0A@@2@@ATL@@UEAAP6A_JPEAUHWND__@@I_K_J@ZXZ 0000000180002480 f i ItemDispenser.obj
 0001:00001488       ?StartWindowProc@?$CWindowImplBaseT@VCWindow@ATL@@V?$CWinTraits@$0FGAAAAAA@$0A@@2@@ATL@@SA_JPEAUHWND__@@I_K_J@Z 0000000180002488 f i ItemDispenser.obj
 0001:0000154c       ?UpdateRegistryFromResourceD@CComModule@ATL@@UEAAJIHPEAU_ATL_REGMAP_ENTRY@2@@Z 000000018000254c f i ItemDispenser.obj
 0001:0000154c       ?UpdateRegistryFromResourceD@CComModule@ATL@@UEAAJPEB_WHPEAU_ATL_REGMAP_ENTRY@2@@Z 000000018000254c f i ItemDispenser.obj
 0001:00001554       ?UpdateRegistryFromResource@CComModule@ATL@@UEAAJPEB_WHPEAU_ATL_REGMAP_ENTRY@2@@Z 0000000180002554 f i ItemDispenser.obj
 0001:0000155c       ?UpdateRegistryFromResource@CComModule@ATL@@UEAAJIHPEAU_ATL_REGMAP_ENTRY@2@@Z 000000018000255c f i ItemDispenser.obj
 0001:00001564       ??_GCComModule@ATL@@UEAAPEAXI@Z 0000000180002564 f i ItemDispenser.obj
 0001:00001564       ??_ECComModule@ATL@@UEAAPEAXI@Z 0000000180002564 f i ItemDispenser.obj
 0001:000015e4       ?GetTypeInfoCount@?$IDispatchImpl@UIOPOSItemDispenser@@$1?IID_IOPOSItemDispenser@@3U_GUID@@B$1?LIBID_OposItemDispenser_CCO@@3U3@B$00$0A@VCComTypeInfoHolder@ATL@@@ATL@@UEAAJPEAI@Z 00000001800025e4 f i ItemDispenser.obj
 0001:000015f8       ?GetTypeInfo@?$IDispatchImpl@UIOPOSItemDispenser@@$1?IID_IOPOSItemDispenser@@3U_GUID@@B$1?LIBID_OposItemDispenser_CCO@@3U3@B$00$0A@VCComTypeInfoHolder@ATL@@@ATL@@UEAAJIKPEAPEAUITypeInfo@@@Z 00000001800025f8 f i ItemDispenser.obj
 0001:0000165c       ?GetIDsOfNames@?$IDispatchImpl@UIOPOSItemDispenser@@$1?IID_IOPOSItemDispenser@@3U_GUID@@B$1?LIBID_OposItemDispenser_CCO@@3U3@B$00$0A@VCComTypeInfoHolder@ATL@@@ATL@@UEAAJAEBU_GUID@@PEAPEA_WIKPEAJ@Z 000000018000265c f i ItemDispenser.obj
 0001:00001668       ?Invoke@?$IDispatchImpl@UIOPOSItemDispenser@@$1?IID_IOPOSItemDispenser@@3U_GUID@@B$1?LIBID_OposItemDispenser_CCO@@3U3@B$00$0A@VCComTypeInfoHolder@ATL@@@ATL@@UEAAJJAEBU_GUID@@KGPEAUtagDISPPARAMS@@PEAUtagVARIANT@@PEAUtagEXCEPINFO@@PEAI@Z 0000000180002668 f i ItemDispenser.obj
 0001:000016f8       ?CreateControlWindow@?$CComControl@VCOPOSItemDispenser@@V?$CWindowImpl@VCOPOSItemDispenser@@VCWindow@ATL@@V?$CWinTraits@$0FGAAAAAA@$0A@@3@@ATL@@@ATL@@UEAAPEAUHWND__@@PEAU3@AEAUtagRECT@@@Z 00000001800026f8 f i ItemDispenser.obj
 0001:00001730       ?ControlQueryInterface@?$CComControl@VCOPOSItemDispenser@@V?$CWindowImpl@VCOPOSItemDispenser@@VCWindow@ATL@@V?$CWinTraits@$0FGAAAAAA@$0A@@3@@ATL@@@ATL@@UEAAJAEBU_GUID@@PEAPEAX@Z 0000000180002730 f i ItemDispenser.obj
 0001:00001744       ?GetUserClassID@?$IOleObjectImpl@VCOPOSItemDispenser@@@ATL@@UEAAJPEAU_GUID@@@Z 0000000180002744 f i ItemDispenser.obj
 0001:00001744       ?GetClassID@?$IPersistStorageImpl@VCOPOSItemDispenser@@@ATL@@UEAAJPEAU_GUID@@@Z 0000000180002744 f i ItemDispenser.obj
 0001:00001744       ?GetClassID@?$IPersistStreamInitImpl@VCOPOSItemDispenser@@@ATL@@UEAAJPEAU_GUID@@@Z 0000000180002744 f i ItemDispenser.obj
 0001:00001760       ?IsDirty@?$IPersistStreamInitImpl@VCOPOSItemDispenser@@@ATL@@UEAAJXZ 0000000180002760 f i ItemDispenser.obj
 0001:0000177c       ?Load@?$IPersistStreamInitImpl@VCOPOSItemDispenser@@@ATL@@UEAAJPEAUIStream@@@Z 000000018000277c f i ItemDispenser.obj
 0001:000017cc       ?Save@?$IPersistStreamInitImpl@VCOPOSItemDispenser@@@ATL@@UEAAJPEAUIStream@@H@Z 00000001800027cc f i ItemDispenser.obj
 0001:00001830       ?GetSizeMax@?$IPersistStreamInitImpl@VCOPOSItemDispenser@@@ATL@@UEAAJPEAT_ULARGE_INTEGER@@@Z 0000000180002830 f i ItemDispenser.obj
 0001:00001a5c       ?InitNew@?$IPersistStreamInitImpl@VCOPOSItemDispenser@@@ATL@@UEAAJXZ 0000000180002a5c f i ItemDispenser.obj
 0001:00001a74       ?Unfreeze@?$IViewObjectExImpl@VCOPOSItemDispenser@@@ATL@@UEAAJK@Z 0000000180002a74 f i ItemDispenser.obj
 0001:00001a74       ?QueryInterface@CRegObject@ATL@@UEAAJAEBU_GUID@@PEAPEAX@Z 0000000180002a74 f i ItemDispenser.obj
 0001:00001a74       ?Freeze@?$IViewObjectExImpl@VCOPOSItemDispenser@@@ATL@@UEAAJKJPEAXPEAK@Z 0000000180002a74 f i ItemDispenser.obj
 0001:00001a74       ?EnumFormatEtc@?$IDataObjectImpl@VCOPOSItemDispenser@@@ATL@@UEAAJKPEAPEAUIEnumFORMATETC@@@Z 0000000180002a74 f i ItemDispenser.obj
 0001:00001a74       ?SODataDummy@COPOSItemDispenser@@MEAAJJ@Z 0000000180002a74 f i ItemDispenser.obj
 0001:00001a74       ?GetDropTarget@?$IOleInPlaceObjectWindowlessImpl@VCOPOSItemDispenser@@@ATL@@UEAAJPEAPEAUIDropTarget@@@Z 0000000180002a74 f i ItemDispenser.obj
 0001:00001a74       ?ContextSensitiveHelp@?$IOleInPlaceActiveObjectImpl@VCOPOSItemDispenser@@@ATL@@UEAAJH@Z 0000000180002a74 f i ItemDispenser.obj
 0001:00001a74       ?GetColorSet@?$IViewObjectExImpl@VCOPOSItemDispenser@@@ATL@@UEAAJKJPEAXPEAUtagDVTARGETDEVICE@@PEAUHDC__@@PEAPEAUtagLOGPALETTE@@@Z 0000000180002a74 f i ItemDispenser.obj
 0001:00001a74       ?SOErrorDummy@COPOSItemDispenser@@MEAAJJJJPEAJ@Z 0000000180002a74 f i ItemDispenser.obj
 0001:00001a74       ?SetColorScheme@?$IOleObjectImpl@VCOPOSItemDispenser@@@ATL@@UEAAJPEAUtagLOGPALETTE@@@Z 0000000180002a74 f i ItemDispenser.obj
 0001:00001a74       ?GetMoniker@?$IOleObjectImpl@VCOPOSItemDispenser@@@ATL@@UEAAJKKPEAPEAUIMoniker@@@Z 0000000180002a74 f i ItemDispenser.obj
 0001:00001a74       ?GetControlInfo@?$IOleControlImpl@VCOPOSItemDispenser@@@ATL@@UEAAJPEAUtagCONTROLINFO@@@Z 0000000180002a74 f i ItemDispenser.obj
 0001:00001a74       ?OnMnemonic@?$IOleControlImpl@VCOPOSItemDispenser@@@ATL@@UEAAJPEAUtagMSG@@@Z 0000000180002a74 f i ItemDispenser.obj
 0001:00001a74       ?SetMoniker@?$IOleObjectImpl@VCOPOSItemDispenser@@@ATL@@UEAAJKPEAUIMoniker@@@Z 0000000180002a74 f i ItemDispenser.obj
 0001:00001a74       ?GetRect@?$IViewObjectExImpl@VCOPOSItemDispenser@@@ATL@@UEAAJKPEAU_RECTL@@@Z 0000000180002a74 f i ItemDispenser.obj
 0001:00001a74       ?GetClipboardData@?$IOleObjectImpl@VCOPOSItemDispenser@@@ATL@@UEAAJKPEAPEAUIDataObject@@@Z 0000000180002a74 f i ItemDispenser.obj
 0001:00001a74       ?ReactivateAndUndo@?$IOleInPlaceObjectWindowlessImpl@VCOPOSItemDispenser@@@ATL@@UEAAJXZ 0000000180002a74 f i ItemDispenser.obj
 0001:00001a74       ?GetDataHere@?$IDataObjectImpl@VCOPOSItemDispenser@@@ATL@@UEAAJPEAUtagFORMATETC@@PEAUtagSTGMEDIUM@@@Z 0000000180002a74 f i ItemDispenser.obj
 0001:00001a74       ?SOOutputCompleteDummy@COPOSItemDispenser@@MEAAJJ@Z 0000000180002a74 f i ItemDispenser.obj
 0001:00001a74       ?QueryGetData@?$IDataObjectImpl@VCOPOSItemDispenser@@@ATL@@UEAAJPEAUtagFORMATETC@@@Z 0000000180002a74 f i ItemDispenser.obj
 0001:00001a74       ?InitFromData@?$IOleObjectImpl@VCOPOSItemDispenser@@@ATL@@UEAAJPEAUIDataObject@@HK@Z 0000000180002a74 f i ItemDispenser.obj
 0001:00001a74       ?ContextSensitiveHelp@?$IOleInPlaceObjectWindowlessImpl@VCOPOSItemDispenser@@@ATL@@UEAAJH@Z 0000000180002a74 f i ItemDispenser.obj
 0001:00001a74       ?GetCanonicalFormatEtc@?$IDataObjectImpl@VCOPOSItemDispenser@@@ATL@@UEAAJPEAUtagFORMATETC@@0@Z 0000000180002a74 f i ItemDispenser.obj
 0001:00001a74       ?SetData@?$IDataObjectImpl@VCOPOSItemDispenser@@@ATL@@UEAAJPEAUtagFORMATETC@@PEAUtagSTGMEDIUM@@H@Z 0000000180002a74 f i ItemDispenser.obj
 0001:00001a7c       ?SetClientSite@?$IOleObjectImpl@VCOPOSItemDispenser@@@ATL@@UEAAJPEAUIOleClientSite@@@Z 0000000180002a7c f i ItemDispenser.obj
 0001:00001a98       ?GetClientSite@?$IOleObjectImpl@VCOPOSItemDispenser@@@ATL@@UEAAJPEAPEAUIOleClientSite@@@Z 0000000180002a98 f i ItemDispenser.obj
 0001:00001ae0       ?Close@?$IOleObjectImpl@VCOPOSItemDispenser@@@ATL@@UEAAJK@Z 0000000180002ae0 f i ItemDispenser.obj
 0001:00001afc       ?DoVerb@?$IOleObjectImpl@VCOPOSItemDispenser@@@ATL@@UEAAJJPEAUtagMSG@@PEAUIOleClientSite@@JPEAUHWND__@@PEBUtagRECT@@@Z 0000000180002afc f i ItemDispenser.obj
 0001:00001ca0       ?EnumVerbs@?$IOleObjectImpl@VCOPOSItemDispenser@@@ATL@@UEAAJPEAPEAUIEnumOLEVERB@@@Z 0000000180002ca0 f i ItemDispenser.obj
 0001:00001cbc       ?GetUserType@?$IOleObjectImpl@VCOPOSItemDispenser@@@ATL@@UEAAJKPEAPEA_W@Z 0000000180002cbc f i ItemDispenser.obj
 0001:00001ccc       ?SetExtent@?$IOleObjectImpl@VCOPOSItemDispenser@@@ATL@@UEAAJKPEAUtagSIZE@@@Z 0000000180002ccc f i ItemDispenser.obj
 0001:00001ce8       ?GetExtent@?$IOleObjectImpl@VCOPOSItemDispenser@@@ATL@@UEAAJKPEAUtagSIZE@@@Z 0000000180002ce8 f i ItemDispenser.obj
 0001:00001d18       ?Advise@?$IOleObjectImpl@VCOPOSItemDispenser@@@ATL@@UEAAJPEAUIAdviseSink@@PEAK@Z 0000000180002d18 f i ItemDispenser.obj
 0001:00001d74       ?Unadvise@?$IOleObjectImpl@VCOPOSItemDispenser@@@ATL@@UEAAJK@Z 0000000180002d74 f i ItemDispenser.obj
 0001:00001dac       ?EnumAdvise@?$IOleObjectImpl@VCOPOSItemDispenser@@@ATL@@UEAAJPEAPEAUIEnumSTATDATA@@@Z 0000000180002dac f i ItemDispenser.obj
 0001:00001df4       ?GetMiscStatus@?$IOleObjectImpl@VCOPOSItemDispenser@@@ATL@@UEAAJKPEAK@Z 0000000180002df4 f i ItemDispenser.obj
 0001:00001e04       ?GetWindow@?$IOleInPlaceActiveObjectImpl@VCOPOSItemDispenser@@@ATL@@UEAAJPEAPEAUHWND__@@@Z 0000000180002e04 f i ItemDispenser.obj
 0001:00001e58       ?TranslateAcceleratorW@?$IOleInPlaceActiveObjectImpl@VCOPOSItemDispenser@@@ATL@@UEAAJPEAUtagMSG@@@Z 0000000180002e58 f i ItemDispenser.obj
 0001:00001f4c       ?OnDocWindowActivate@?$IOleInPlaceActiveObjectImpl@VCOPOSItemDispenser@@@ATL@@UEAAJH@Z 0000000180002f4c f i ItemDispenser.obj
 0001:00001f78       ?Draw@?$IViewObjectExImpl@VCOPOSItemDispenser@@@ATL@@UEAAJKJPEAXPEAUtagDVTARGETDEVICE@@PEAUHDC__@@2PEBU_RECTL@@3P6AH_K@Z4@Z 0000000180002f78 f i ItemDispenser.obj
 0001:00001fdc       ?SetAdvise@?$IViewObjectExImpl@VCOPOSItemDispenser@@@ATL@@UEAAJKKPEAUIAdviseSink@@@Z 0000000180002fdc f i ItemDispenser.obj
 0001:00002030       ?GetAdvise@?$IViewObjectExImpl@VCOPOSItemDispenser@@@ATL@@UEAAJPEAK0PEAPEAUIAdviseSink@@@Z 0000000180003030 f i ItemDispenser.obj
 0001:0000206c       ?GetExtent@?$IViewObjectExImpl@VCOPOSItemDispenser@@@ATL@@UEAAJKJPEAUtagDVTARGETDEVICE@@PEAUtagSIZE@@@Z 000000018000306c f i ItemDispenser.obj
 0001:0000209c       ?GetViewStatus@?$IViewObjectExImpl@VCOPOSItemDispenser@@@ATL@@UEAAJPEAK@Z 000000018000309c f i ItemDispenser.obj
 0001:000020b0       ?QueryHitPoint@?$IViewObjectExImpl@VCOPOSItemDispenser@@@ATL@@UEAAJKPEBUtagRECT@@UtagPOINT@@JPEAK@Z 00000001800030b0 f i ItemDispenser.obj
 0001:000020f4       ?QueryHitRect@?$IViewObjectExImpl@VCOPOSItemDispenser@@@ATL@@UEAAJKPEBUtagRECT@@0JPEAK@Z 00000001800030f4 f i ItemDispenser.obj
 0001:0000215c       ?GetNaturalExtent@?$IViewObjectExImpl@VCOPOSItemDispenser@@@ATL@@UEAAJKJPEAUtagDVTARGETDEVICE@@PEAUHDC__@@PEAUtagExtentInfo@@PEAUtagSIZE@@@Z 000000018000315c f i ItemDispenser.obj
 0001:000021a4       ?GetWindow@?$IOleInPlaceObjectWindowlessImpl@VCOPOSItemDispenser@@@ATL@@UEAAJPEAPEAUHWND__@@@Z 00000001800031a4 f i ItemDispenser.obj
 0001:000021f8       ?InPlaceDeactivate@?$IOleInPlaceObjectWindowlessImpl@VCOPOSItemDispenser@@@ATL@@UEAAJXZ 00000001800031f8 f i ItemDispenser.obj
 0001:00002214       ?UIDeactivate@?$IOleInPlaceObjectWindowlessImpl@VCOPOSItemDispenser@@@ATL@@UEAAJXZ 0000000180003214 f i ItemDispenser.obj
 0001:00002230       ?SetObjectRects@?$IOleInPlaceObjectWindowlessImpl@VCOPOSItemDispenser@@@ATL@@UEAAJPEBUtagRECT@@0@Z 0000000180003230 f i ItemDispenser.obj
 0001:0000224c       ?OnWindowMessage@?$IOleInPlaceObjectWindowlessImpl@VCOPOSItemDispenser@@@ATL@@UEAAJI_K_JPEA_J@Z 000000018000324c f i ItemDispenser.obj
 0001:00002314       ?EnumConnectionPoints@?$IConnectionPointContainerImpl@VCOPOSItemDispenser@@@ATL@@UEAAJPEAPEAUIEnumConnectionPoints@@@Z 0000000180003314 f i ItemDispenser.obj
 0001:0000255c       ?FindConnectionPoint@?$IConnectionPointContainerImpl@VCOPOSItemDispenser@@@ATL@@UEAAJAEBU_GUID@@PEAPEAUIConnectionPoint@@@Z 000000018000355c f i ItemDispenser.obj
 0001:0000262c       ?IsDirty@?$IPersistStorageImpl@VCOPOSItemDispenser@@@ATL@@UEAAJXZ 000000018000362c f i ItemDispenser.obj
 0001:00002670       ?InitNew@?$IPersistStorageImpl@VCOPOSItemDispenser@@@ATL@@UEAAJPEAUIStorage@@@Z 0000000180003670 f i ItemDispenser.obj
 0001:000026b4       ?Load@?$IPersistStorageImpl@VCOPOSItemDispenser@@@ATL@@UEAAJPEAUIStorage@@@Z 00000001800036b4 f i ItemDispenser.obj
 0001:00002754       ?Save@?$IPersistStorageImpl@VCOPOSItemDispenser@@@ATL@@UEAAJPEAUIStorage@@H@Z 0000000180003754 f i ItemDispenser.obj
 0001:00002804       ?GetPages@?$ISpecifyPropertyPagesImpl@VCOPOSItemDispenser@@@ATL@@UEAAJPEAUtagCAUUID@@@Z 0000000180003804 f i ItemDispenser.obj
 0001:00002810       ?QuickActivate@?$IQuickActivateImpl@VCOPOSItemDispenser@@@ATL@@UEAAJPEAUtagQACONTAINER@@PEAUtagQACONTROL@@@Z 0000000180003810 f i ItemDispenser.obj
 0001:0000282c       ?SetContentExtent@?$IQuickActivateImpl@VCOPOSItemDispenser@@@ATL@@UEAAJPEAUtagSIZE@@@Z 000000018000382c f i ItemDispenser.obj
 0001:00002860       ?GetContentExtent@?$IQuickActivateImpl@VCOPOSItemDispenser@@@ATL@@UEAAJPEAUtagSIZE@@@Z 0000000180003860 f i ItemDispenser.obj
 0001:00002898       ?GetData@?$IDataObjectImpl@VCOPOSItemDispenser@@@ATL@@UEAAJPEAUtagFORMATETC@@PEAUtagSTGMEDIUM@@@Z 0000000180003898 f i ItemDispenser.obj
 0001:000028b4       ?DAdvise@?$IDataObjectImpl@VCOPOSItemDispenser@@@ATL@@UEAAJPEAUtagFORMATETC@@KPEAUIAdviseSink@@PEAK@Z 00000001800038b4 f i ItemDispenser.obj
 0001:0000293c       ?DUnadvise@?$IDataObjectImpl@VCOPOSItemDispenser@@@ATL@@UEAAJK@Z 000000018000393c f i ItemDispenser.obj
 0001:00002968       ?EnumDAdvise@?$IDataObjectImpl@VCOPOSItemDispenser@@@ATL@@UEAAJPEAPEAUIEnumSTATDATA@@@Z 0000000180003968 f i ItemDispenser.obj
 0001:000029a4       ?GetClassInfoW@?$IProvideClassInfo2Impl@$1?CLSID_OPOSItemDispenser@@3U_GUID@@B$1?DIID__IOPOSItemDispenserEvents@@3U2@B$1?LIBID_OposItemDispenser_CCO@@3U2@B$00$0A@VCComTypeInfoHolder@ATL@@@ATL@@UEAAJPEAPEAUITypeInfo@@@Z 00000001800039a4 f i ItemDispenser.obj
 0001:000029fc       ?GetGUID@?$IProvideClassInfo2Impl@$1?CLSID_OPOSItemDispenser@@3U_GUID@@B$1?DIID__IOPOSItemDispenserEvents@@3U2@B$1?LIBID_OposItemDispenser_CCO@@3U2@B$00$0A@VCComTypeInfoHolder@ATL@@@ATL@@UEAAJKPEAU_GUID@@@Z 00000001800039fc f i ItemDispenser.obj
 0001:00002a30       ?FAccessAllowed@?$IObjectSafetyImpl@VCOPOSItemDispenser@@$02@ATL@@MEAAHXZ 0000000180003a30 f i ItemDispenser.obj
 0001:00002a30       _get_startup_argv_mode     0000000180003a30 f i LIBCMT:argv_mode.obj
 0001:00002a30       ?AddRef@CRegObject@ATL@@UEAAKXZ 0000000180003a30 f i ItemDispenser.obj
 0001:00002a38       ?GetInterfaceSafetyOptions@?$IObjectSafetyImpl@VCOPOSItemDispenser@@$02@ATL@@UEAAJAEBU_GUID@@PEAK1@Z 0000000180003a38 f i ItemDispenser.obj
 0001:00002acc       ?SetInterfaceSafetyOptions@?$IObjectSafetyImpl@VCOPOSItemDispenser@@$02@ATL@@UEAAJAEBU_GUID@@KK@Z 0000000180003acc f i ItemDispenser.obj
 0001:00002b70       ?_LocCPQueryInterface@?$IConnectionPointImpl@VCOPOSItemDispenser@@$1?IID_IPropertyNotifySink@@3U_GUID@@BVCComDynamicUnkArray@ATL@@@ATL@@UEAAJAEBU_GUID@@PEAPEAX@Z 0000000180003b70 f i ItemDispenser.obj
 0001:00002b70       ?_LocCPQueryInterface@?$IConnectionPointImpl@VCOPOSItemDispenser@@$1?DIID__IOPOSItemDispenserEvents@@3U_GUID@@BVCComDynamicUnkArray@ATL@@@ATL@@UEAAJAEBU_GUID@@PEAPEAX@Z 0000000180003b70 f i ItemDispenser.obj
 0001:00002be4       ?GetConnectionInterface@?$IConnectionPointImpl@VCOPOSItemDispenser@@$1?IID_IPropertyNotifySink@@3U_GUID@@BVCComDynamicUnkArray@ATL@@@ATL@@UEAAJPEAU_GUID@@@Z 0000000180003be4 f i ItemDispenser.obj
 0001:00002c00       ?GetConnectionPointContainer@?$IConnectionPointImpl@VCOPOSItemDispenser@@$1?IID_IPropertyNotifySink@@3U_GUID@@BVCComDynamicUnkArray@ATL@@@ATL@@UEAAJPEAPEAUIConnectionPointContainer@@@Z 0000000180003c00 f i ItemDispenser.obj
 0001:00002c20       ?Advise@?$IConnectionPointImpl@VCOPOSItemDispenser@@$1?IID_IPropertyNotifySink@@3U_GUID@@BVCComDynamicUnkArray@ATL@@@ATL@@UEAAJPEAUIUnknown@@PEAK@Z 0000000180003c20 f i ItemDispenser.obj
 0001:00002c20       ?Advise@?$IConnectionPointImpl@VCOPOSItemDispenser@@$1?DIID__IOPOSItemDispenserEvents@@3U_GUID@@BVCComDynamicUnkArray@ATL@@@ATL@@UEAAJPEAUIUnknown@@PEAK@Z 0000000180003c20 f i ItemDispenser.obj
 0001:00002ce0       ?Unadvise@?$IConnectionPointImpl@VCOPOSItemDispenser@@$1?DIID__IOPOSItemDispenserEvents@@3U_GUID@@BVCComDynamicUnkArray@ATL@@@ATL@@UEAAJK@Z 0000000180003ce0 f i ItemDispenser.obj
 0001:00002ce0       ?Unadvise@?$IConnectionPointImpl@VCOPOSItemDispenser@@$1?IID_IPropertyNotifySink@@3U_GUID@@BVCComDynamicUnkArray@ATL@@@ATL@@UEAAJK@Z 0000000180003ce0 f i ItemDispenser.obj
 0001:00002d5c       ?EnumConnections@?$IConnectionPointImpl@VCOPOSItemDispenser@@$1?DIID__IOPOSItemDispenserEvents@@3U_GUID@@BVCComDynamicUnkArray@ATL@@@ATL@@UEAAJPEAPEAUIEnumConnections@@@Z 0000000180003d5c f i ItemDispenser.obj
 0001:00002d5c       ?EnumConnections@?$IConnectionPointImpl@VCOPOSItemDispenser@@$1?IID_IPropertyNotifySink@@3U_GUID@@BVCComDynamicUnkArray@ATL@@@ATL@@UEAAJPEAPEAUIEnumConnections@@@Z 0000000180003d5c f i ItemDispenser.obj
 0001:00002f04       ?GetConnectionInterface@?$IConnectionPointImpl@VCOPOSItemDispenser@@$1?DIID__IOPOSItemDispenserEvents@@3U_GUID@@BVCComDynamicUnkArray@ATL@@@ATL@@UEAAJPEAU_GUID@@@Z 0000000180003f04 f i ItemDispenser.obj
 0001:00002f20       ?GetConnectionPointContainer@?$IConnectionPointImpl@VCOPOSItemDispenser@@$1?DIID__IOPOSItemDispenserEvents@@3U_GUID@@BVCComDynamicUnkArray@ATL@@@ATL@@UEAAJPEAPEAUIConnectionPointContainer@@@Z 0000000180003f20 f i ItemDispenser.obj
 0001:00002f40       ?UpdateRegistry@COPOSItemDispenser@@SAJH@Z 0000000180003f40 f i ItemDispenser.obj
 0001:00002f58       ?ProcessWindowMessage@COPOSItemDispenser@@UEAAHPEAUHWND__@@I_K_JAEA_JK@Z 0000000180003f58 f i ItemDispenser.obj
 0001:00002fe0       ?SODirectIO@COPOSItemDispenser@@MEAAJJPEAJPEAPEA_W@Z 0000000180003fe0 f i ItemDispenser.obj
 0001:00003058       ?SOStatusUpdate@COPOSItemDispenser@@MEAAJJ@Z 0000000180004058 f i ItemDispenser.obj
 0001:000030a8       ?AddReplacement@CRegObject@ATL@@UEAAJPEB_W0@Z 00000001800040a8 f i ItemDispenser.obj
 0001:000030d8       ?ClearReplacements@CRegObject@ATL@@UEAAJXZ 00000001800040d8 f i ItemDispenser.obj
 0001:000030e4       ??_ECRegObject@ATL@@UEAAPEAXI@Z 00000001800040e4 f i ItemDispenser.obj
 0001:000030e4       ??_GCRegObject@ATL@@UEAAPEAXI@Z 00000001800040e4 f i ItemDispenser.obj
 0001:00003164       ?CreateInstance@?$CComCreator@V?$CComObjectCached@VCComClassFactory@ATL@@@ATL@@@ATL@@SAJPEAXAEBU_GUID@@PEAPEAX@Z 0000000180004164 f i ItemDispenser.obj
 0001:00003268       ?CreateInstance@?$CComCreator2@V?$CComCreator@V?$CComObject@VCOPOSItemDispenser@@@ATL@@@ATL@@V?$CComCreator@V?$CComAggObject@VCOPOSItemDispenser@@@ATL@@@2@@ATL@@SAJPEAXAEBU_GUID@@PEAPEAX@Z 0000000180004268 f i ItemDispenser.obj
 0001:00003278       ?Next@?$CComEnumImpl@UIEnumConnectionPoints@@$1?_GUID_b196b285_bab4_101a_b69c_00aa00341d07@@3U__s_GUID@@BPEAUIConnectionPoint@@V?$_CopyInterface@UIConnectionPoint@@@ATL@@@ATL@@UEAAJKPEAPEAUIConnectionPoint@@PEAK@Z 0000000180004278 f i ItemDispenser.obj
 0001:00003344       ?Skip@?$CComEnumImpl@UIEnumConnectionPoints@@$1?_GUID_b196b285_bab4_101a_b69c_00aa00341d07@@3U__s_GUID@@BPEAUIConnectionPoint@@V?$_CopyInterface@UIConnectionPoint@@@ATL@@@ATL@@UEAAJK@Z 0000000180004344 f i ItemDispenser.obj
 0001:00003370       ?Clone@?$CComEnumImpl@UIEnumConnectionPoints@@$1?_GUID_b196b285_bab4_101a_b69c_00aa00341d07@@3U__s_GUID@@BPEAUIConnectionPoint@@V?$_CopyInterface@UIConnectionPoint@@@ATL@@@ATL@@UEAAJPEAPEAUIEnumConnectionPoints@@@Z 0000000180004370 f i ItemDispenser.obj
 0001:00003498       ?QueryInterface@?$CComObject@V?$CComEnum@UIEnumConnectionPoints@@$1?_GUID_b196b285_bab4_101a_b69c_00aa00341d07@@3U__s_GUID@@BPEAUIConnectionPoint@@V?$_CopyInterface@UIConnectionPoint@@@ATL@@VCComSingleThreadModel@6@@ATL@@@ATL@@UEAAJAEBU_GUID@@PEAPEAX@Z 0000000180004498 f i ItemDispenser.obj
 0001:000034ac       ??_E?$CComObject@V?$CComEnum@UIEnumConnectionPoints@@$1?_GUID_b196b285_bab4_101a_b69c_00aa00341d07@@3U__s_GUID@@BPEAUIConnectionPoint@@V?$_CopyInterface@UIConnectionPoint@@@ATL@@VCComSingleThreadModel@6@@ATL@@@ATL@@UEAAPEAXI@Z 00000001800044ac f i ItemDispenser.obj
 0001:000034ac       ??_G?$CComObject@V?$CComEnum@UIEnumConnectionPoints@@$1?_GUID_b196b285_bab4_101a_b69c_00aa00341d07@@3U__s_GUID@@BPEAUIConnectionPoint@@V?$_CopyInterface@UIConnectionPoint@@@ATL@@VCComSingleThreadModel@6@@ATL@@@ATL@@UEAAPEAXI@Z 00000001800044ac f i ItemDispenser.obj
 0001:00003504       ?AddRef@?$CComObjectCached@VCComClassFactory@ATL@@@ATL@@UEAAKXZ 0000000180004504 f i ItemDispenser.obj
 0001:00003530       ?Release@?$CComObjectCached@VCComClassFactory@ATL@@@ATL@@UEAAKXZ 0000000180004530 f i ItemDispenser.obj
 0001:00003570       ?QueryInterface@?$CComObjectCached@VCComClassFactory@ATL@@@ATL@@UEAAJAEBU_GUID@@PEAPEAX@Z 0000000180004570 f i ItemDispenser.obj
 0001:00003584       ??_G?$CComObjectCached@VCComClassFactory@ATL@@@ATL@@UEAAPEAXI@Z 0000000180004584 f i ItemDispenser.obj
 0001:00003584       ??_E?$CComObjectCached@VCComClassFactory@ATL@@@ATL@@UEAAPEAXI@Z 0000000180004584 f i ItemDispenser.obj
 0001:000035dc       ??$AtlModuleRegisterWndClassInfoT@VAtlModuleRegisterWndClassInfoParamW@ATL@@@ATL@@YAGPEAU_ATL_BASE_MODULE70@0@PEAU_ATL_WIN_MODULE70@0@PEAU_ATL_WNDCLASSINFOW@0@PEAP6A_JPEAUHWND__@@I_K_J@ZVAtlModuleRegisterWndClassInfoParamW@0@@Z 00000001800045dc f i ItemDispenser.obj
 0001:000037dc       ??0?$CComContainedObject@VCOPOSItemDispenser@@@ATL@@QEAA@PEAX@Z 00000001800047dc f i ItemDispenser.obj
 0001:000038f8       ??0?$CComObject@VCOPOSItemDispenser@@@ATL@@QEAA@PEAX@Z 00000001800048f8 f i ItemDispenser.obj
 0001:00003a10       ??0CAtlModule@ATL@@QEAA@XZ 0000000180004a10 f i ItemDispenser.obj
 0001:00003a90       ??1?$CComEnumImpl@UIEnumConnectionPoints@@$1?_GUID_b196b285_bab4_101a_b69c_00aa00341d07@@3U__s_GUID@@BPEAUIConnectionPoint@@V?$_CopyInterface@UIConnectionPoint@@@ATL@@@ATL@@UEAA@XZ 0000000180004a90 f i ItemDispenser.obj
 0001:00003aec       ??1?$CComEnumImpl@UIEnumConnections@@$1?_GUID_b196b287_bab4_101a_b69c_00aa00341d07@@3U__s_GUID@@BUtagCONNECTDATA@@V?$_Copy@UtagCONNECTDATA@@@ATL@@@ATL@@UEAA@XZ 0000000180004aec f i ItemDispenser.obj
 0001:00003b48       ??1?$CComObject@VCOPOSItemDispenser@@@ATL@@UEAA@XZ 0000000180004b48 f i ItemDispenser.obj
 0001:00003c68       ??_G?$CComContainedObject@VCOPOSItemDispenser@@@ATL@@UEAAPEAXI@Z 0000000180004c68 f i ItemDispenser.obj
 0001:00003c68       ??_E?$CComContainedObject@VCOPOSItemDispenser@@@ATL@@UEAAPEAXI@Z 0000000180004c68 f i ItemDispenser.obj
 0001:00003c9c       ??_E?$CComObject@VCOPOSItemDispenser@@@ATL@@UEAAPEAXI@Z 0000000180004c9c f i ItemDispenser.obj
 0001:00003c9c       ??_G?$CComObject@VCOPOSItemDispenser@@@ATL@@UEAAPEAXI@Z 0000000180004c9c f i ItemDispenser.obj
 0001:00003cd0       ?Add@?$CSimpleArray@GV?$CSimpleArrayEqualHelper@G@ATL@@@ATL@@QEAAHAEBG@Z 0000000180004cd0 f i ItemDispenser.obj
 0001:00003d84       ?Add@?$CSimpleMap@PEA_WPEA_WVCExpansionVectorEqualHelper@ATL@@@ATL@@QEAAHAEBQEA_W0@Z 0000000180004d84 f i ItemDispenser.obj
 0001:00003e24       ?Add@CComDynamicUnkArray@ATL@@QEAAKPEAUIUnknown@@@Z 0000000180004e24 f i ItemDispenser.obj
 0001:00003f1c       ?Add@CExpansionVector@ATL@@QEAAHPEB_W0@Z 0000000180004f1c f i ItemDispenser.obj
 0001:000040ac       ?AddValue@CRegParser@ATL@@IEAAJAEAVCRegKey@2@PEB_WPEA_W@Z 00000001800050ac f i ItemDispenser.obj
 0001:000044f4       ?AllocateHeap@?$CTempBuffer@E$0BAA@VCCRTAllocator@ATL@@@ATL@@AEAAX_K@Z 00000001800054f4 f i ItemDispenser.obj
 0001:000044f4       ?AllocateHeap@?$CTempBuffer@_W$0BAA@VCCRTAllocator@ATL@@@ATL@@AEAAX_K@Z 00000001800054f4 f i ItemDispenser.obj
 0001:000044f4       ?AllocateHeap@?$CTempBuffer@_W$0EAA@VCCRTAllocator@ATL@@@ATL@@AEAAX_K@Z 00000001800054f4 f i ItemDispenser.obj
 0001:00004520       ?Append@CParseBuffer@CRegParser@ATL@@QEAAHPEB_WH@Z 0000000180005520 f i ItemDispenser.obj
 0001:00004638       ?AtlCallTermFunc@ATL@@YAXPEAU_ATL_MODULE70@1@@Z 0000000180005638 f i ItemDispenser.obj
 0001:0000469c       ?AtlComModuleGetClassObject@ATL@@YAJPEAU_ATL_COM_MODULE70@1@AEBU_GUID@@1PEAPEAX@Z 000000018000569c f i ItemDispenser.obj
 0001:000047dc       ?AtlComModuleRegisterServer@ATL@@YAJPEAU_ATL_COM_MODULE70@1@HPEBU_GUID@@@Z 00000001800057dc f i ItemDispenser.obj
 0001:0000489c       ?AtlComModuleUnregisterServer@ATL@@YAJPEAU_ATL_COM_MODULE70@1@HPEBU_GUID@@@Z 000000018000589c f i ItemDispenser.obj
 0001:00004958       ?AtlCreateTargetDC@ATL@@YAPEAUHDC__@@PEAU2@PEAUtagDVTARGETDEVICE@@@Z 0000000180005958 f i ItemDispenser.obj
 0001:000049cc       ?AtlHiMetricToPixel@ATL@@YAXPEBUtagSIZE@@PEAU2@@Z 00000001800059cc f i ItemDispenser.obj
 0001:00004a7c       ?AtlHresultFromLastError@ATL@@YAJXZ 0000000180005a7c f i ItemDispenser.obj
 0001:00004a9c       ?AtlHresultFromWin32@ATL@@YAJK@Z 0000000180005a9c f i ItemDispenser.obj
 0001:00004aac       ?AtlIPersistStreamInit_Load@ATL@@YAJPEAUIStream@@PEBUATL_PROPMAP_ENTRY@1@PEAXPEAUIUnknown@@@Z 0000000180005aac f i ItemDispenser.obj
 0001:00004ce4       ?AtlIPersistStreamInit_Save@ATL@@YAJPEAUIStream@@HPEBUATL_PROPMAP_ENTRY@1@PEAXPEAUIUnknown@@@Z 0000000180005ce4 f i ItemDispenser.obj
 0001:00004f20       ?AtlInternalOleLoadFromStream@ATL@@YAJPEAUIStream@@AEBU_GUID@@PEAPEAXTClassesAllowedInStream@1@K@Z 0000000180005f20 f i ItemDispenser.obj
 0001:00005064       ?AtlInternalQueryInterface@ATL@@YAJPEAXPEBU_ATL_INTMAP_ENTRY@1@AEBU_GUID@@PEAPEAX@Z 0000000180006064 f i ItemDispenser.obj
 0001:0000516c       ?AtlLoadTypeLib@ATL@@YAJPEAUHINSTANCE__@@PEB_WPEAPEA_WPEAPEAUITypeLib@@@Z 000000018000616c f i ItemDispenser.obj
 0001:000053c8       ?AtlModuleAddTermFunc@ATL@@YAJPEAU_ATL_MODULE70@1@P6AX_K@Z1@Z 00000001800063c8 f i ItemDispenser.obj
 0001:0000545c       ?AtlRegisterClassCategoriesHelper@ATL@@YAJAEBU_GUID@@PEBU_ATL_CATMAP_ENTRY@1@H@Z 000000018000645c f i ItemDispenser.obj
 0001:000058c4       ?AtlRegisterTypeLib@ATL@@YAJPEAUHINSTANCE__@@PEB_W@Z 00000001800068c4 f i ItemDispenser.obj
 0001:00005ac0       ?AtlThrowImpl@ATL@@YAXJ@Z  0000000180006ac0 f i ItemDispenser.obj
 0001:00005ae4       ?AtlUnRegisterTypeLib@ATL@@YAJPEAUHINSTANCE__@@PEB_W@Z 0000000180006ae4 f i ItemDispenser.obj
 0001:00005bac       ?AtlWinModuleExtractCreateWndData@ATL@@YAPEAXPEAU_ATL_WIN_MODULE70@1@@Z 0000000180006bac f i ItemDispenser.obj
 0001:00005c38       ?Cleanup@CComTypeInfoHolder@ATL@@SAX_K@Z 0000000180006c38 f i ItemDispenser.obj
 0001:00005c78       ?ClearReplacements@CExpansionVector@ATL@@QEAAJXZ 0000000180006c78 f i ItemDispenser.obj
 0001:00005d14       ?CreateInstance@?$CComCreator@V?$CComAggObject@VCOPOSItemDispenser@@@ATL@@@ATL@@SAJPEAXAEBU_GUID@@PEAPEAX@Z 0000000180006d14 f i ItemDispenser.obj
 0001:00005dec       ?CreateInstance@?$CComCreator@V?$CComObject@VCOPOSItemDispenser@@@ATL@@@ATL@@SAJPEAXAEBU_GUID@@PEAPEAX@Z 0000000180006dec f i ItemDispenser.obj
 0001:00005ea4       ?CreateInstance@?$CComObject@V?$CComEnum@UIEnumConnectionPoints@@$1?_GUID_b196b285_bab4_101a_b69c_00aa00341d07@@3U__s_GUID@@BPEAUIConnectionPoint@@V?$_CopyInterface@UIConnectionPoint@@@ATL@@VCComSingleThreadModel@6@@ATL@@@ATL@@SAJPEAPEAV12@@Z 0000000180006ea4 f i ItemDispenser.obj
 0001:00005f30       ?CreateInstance@?$CComObject@V?$CComEnum@UIEnumConnections@@$1?_GUID_b196b287_bab4_101a_b69c_00aa00341d07@@3U__s_GUID@@BUtagCONNECTDATA@@V?$_Copy@UtagCONNECTDATA@@@ATL@@VCComSingleThreadModel@6@@ATL@@@ATL@@SAJPEAPEAV12@@Z 0000000180006f30 f i ItemDispenser.obj
 0001:00005fbc       ?DefaultReflectionHandler@?$CWindowImplRoot@VCWindow@ATL@@@ATL@@SAHPEAUHWND__@@I_K_JAEA_J@Z 0000000180006fbc f i ItemDispenser.obj
 0001:00006020       ?DeleteSubKey@CRegKey@ATL@@QEAAJPEB_W@Z 0000000180007020 f i ItemDispenser.obj
 0001:000060b8       ?DoEvent@COPOSItemDispenser@@IEAAXI_K_J@Z 00000001800070b8 f i ItemDispenser.obj
 0001:0000616c       ?DoVerbPrimary@?$IOleObjectImpl@VCOPOSItemDispenser@@@ATL@@QEAAJPEBUtagRECT@@PEAUHWND__@@@Z 000000018000716c f i ItemDispenser.obj
 0001:00006294       ?DoVerbProperties@CComControlBase@ATL@@QEAAJPEBUtagRECT@@PEAUHWND__@@@Z 0000000180007294 f i ItemDispenser.obj
 0001:000064bc       ?FireTheEvent@?$CProxy_IOPOSEvents@VCOPOSItemDispenser@@@@IEAAXPEAVOposVariant@@IAEAJPEB_WJ@Z 00000001800074bc f i ItemDispenser.obj
 0001:000065a8       ?FireViewChange@CComControlBase@ATL@@QEAAJXZ 00000001800075a8 f i ItemDispenser.obj
 0001:0000660c       ?Fire_DirectIOEvent@?$CProxy_IOPOSEvents@VCOPOSItemDispenser@@@@QEAAXJPEAJPEAPEA_W@Z 000000018000760c f i ItemDispenser.obj
 0001:00006764       ?Fire_StatusUpdateEvent@?$CProxy_IOPOSEvents@VCOPOSItemDispenser@@@@QEAAXJ@Z 0000000180007764 f i ItemDispenser.obj
 0001:00006850       ?FreeHeap@?$CTempBuffer@_W$0BAA@VCCRTAllocator@ATL@@@ATL@@AEAAXXZ 0000000180007850 f i ItemDispenser.obj
 0001:00006850       ?FreeHeap@?$CTempBuffer@E$0BAA@VCCRTAllocator@ATL@@@ATL@@AEAAXXZ 0000000180007850 f i ItemDispenser.obj
 0001:00006850       ?FreeHeap@?$CTempBuffer@_W$0EAA@VCCRTAllocator@ATL@@@ATL@@AEAAXXZ 0000000180007850 f i ItemDispenser.obj
 0001:00006858       ?GetAmbientLocaleID@CComControlBase@ATL@@QEAAJAEAK@Z 0000000180007858 f i ItemDispenser.obj
 0001:00006918       ?GetAmbientUserMode@CComControlBase@ATL@@QEAAJAEAH@Z 0000000180007918 f i ItemDispenser.obj
 0001:000069ec       ?GetClassObject@CComModule@ATL@@QEAAJAEBU_GUID@@0PEAPEAX@Z 00000001800079ec f i ItemDispenser.obj
 0001:00006ae0       ?GetConnMap@COPOSItemDispenser@@SAPEBU_ATL_CONNMAP_ENTRY@ATL@@PEAH@Z 0000000180007ae0 f i ItemDispenser.obj
 0001:00006b68       ?GetIDsOfNames@CComTypeInfoHolder@ATL@@QEAAJAEBU_GUID@@PEAPEA_WIKPEAJ@Z 0000000180007b68 f i ItemDispenser.obj
 0001:00006ce0       ?GetPagesHelper@?$ISpecifyPropertyPagesImpl@VCOPOSItemDispenser@@@ATL@@IEAAJPEAUtagCAUUID@@PEBUATL_PROPMAP_ENTRY@2@@Z 0000000180007ce0 f i ItemDispenser.obj
 0001:00006e80       ?GetSizeMax@CComVariant@ATL@@QEBAJPEAT_ULARGE_INTEGER@@@Z 0000000180007e80 f i ItemDispenser.obj
 0001:000070b4       ?GetTI@CComTypeInfoHolder@ATL@@QEAAJK@Z 00000001800080b4 f i ItemDispenser.obj
 0001:0000732c       ?GetZoomInfo@CComControlBase@ATL@@QEAAXAEAUATL_DRAWINFO@@@Z 000000018000832c f i ItemDispenser.obj
 0001:000073d0       ?HKeyFromString@CRegParser@ATL@@KAPEAUHKEY__@@PEA_W@Z 00000001800083d0 f i ItemDispenser.obj
 0001:00007434       ?IDataObject_GetData@CComControlBase@ATL@@QEAAJPEAUtagFORMATETC@@PEAUtagSTGMEDIUM@@@Z 0000000180008434 f i ItemDispenser.obj
 0001:00007628       ?IOleInPlaceObject_InPlaceDeactivate@CComControlBase@ATL@@QEAAJXZ 0000000180008628 f i ItemDispenser.obj
 0001:000076c8       ?IOleInPlaceObject_SetObjectRects@CComControlBase@ATL@@QEAAJPEBUtagRECT@@0@Z 00000001800086c8 f i ItemDispenser.obj
 0001:000077b8       ?IOleInPlaceObject_UIDeactivate@CComControlBase@ATL@@QEAAJXZ 00000001800087b8 f i ItemDispenser.obj
 0001:000078c4       ?IOleObject_Close@CComControlBase@ATL@@QEAAJK@Z 00000001800088c4 f i ItemDispenser.obj
 0001:000079dc       ?IOleObject_SetClientSite@CComControlBase@ATL@@QEAAJPEAUIOleClientSite@@@Z 00000001800089dc f i ItemDispenser.obj
 0001:00007a54       ?IOleObject_SetExtent@CComControlBase@ATL@@QEAAJKPEAUtagSIZE@@@Z 0000000180008a54 f i ItemDispenser.obj
 0001:00007aec       ?IPSI_GetIPersistStreamInit@?$IPersistStorageImpl@VCOPOSItemDispenser@@@ATL@@AEAAPEAUIPersistStreamInit@@XZ 0000000180008aec f i ItemDispenser.obj
 0001:00007b48       ?IQuickActivate_QuickActivate@CComControlBase@ATL@@QEAAJPEAUtagQACONTAINER@@PEAUtagQACONTROL@@@Z 0000000180008b48 f i ItemDispenser.obj
 0001:00007e0c       ?IViewObject_Draw@CComControlBase@ATL@@QEAAJKJPEAXPEAUtagDVTARGETDEVICE@@PEAUHDC__@@2PEBU_RECTL@@3@Z 0000000180008e0c f i ItemDispenser.obj
 0001:00007f20       ?InPlaceActivate@CComControlBase@ATL@@QEAAJJPEBUtagRECT@@@Z 0000000180008f20 f i ItemDispenser.obj
 0001:00008258       ?Init@?$CComEnumImpl@UIEnumConnectionPoints@@$1?_GUID_b196b285_bab4_101a_b69c_00aa00341d07@@3U__s_GUID@@BPEAUIConnectionPoint@@V?$_CopyInterface@UIConnectionPoint@@@ATL@@@ATL@@QEAAJPEAPEAUIConnectionPoint@@0PEAUIUnknown@@W4CComEnumFlags@2@@Z 0000000180009258 f i ItemDispenser.obj
 0001:00008378       ?Init@?$CComEnumImpl@UIEnumConnections@@$1?_GUID_b196b287_bab4_101a_b69c_00aa00341d07@@3U__s_GUID@@BUtagCONNECTDATA@@V?$_Copy@UtagCONNECTDATA@@@ATL@@@ATL@@QEAAJPEAUtagCONNECTDATA@@0PEAUIUnknown@@W4CComEnumFlags@2@@Z 0000000180009378 f i ItemDispenser.obj
 0001:0000849c       ?IsEqualObject@?$CComPtrBase@UITypeInfo@@@ATL@@QEAA_NPEAUIUnknown@@@Z 000000018000949c f i ItemDispenser.obj
 0001:0000849c       ?IsEqualObject@?$CComPtrBase@UIOleClientSite@@@ATL@@QEAA_NPEAUIUnknown@@@Z 000000018000949c f i ItemDispenser.obj
 0001:00008528       ?LoadNameCache@CComTypeInfoHolder@ATL@@QEAAJPEAUITypeInfo@@@Z 0000000180009528 f i ItemDispenser.obj
 0001:000086ac       ?Lookup@?$CSimpleMap@PEA_WPEA_WVCExpansionVectorEqualHelper@ATL@@@ATL@@QEBAPEA_WAEBQEA_W@Z 00000001800096ac f i ItemDispenser.obj
 0001:00008738       ?NextToken@CRegParser@ATL@@IEAAJPEA_W@Z 0000000180009738 f i ItemDispenser.obj
 0001:000088f0       ?OnKillFocus@CComControlBase@ATL@@QEAA_JI_K_JAEAH@Z 00000001800098f0 f i ItemDispenser.obj
 0001:0000898c       ?OnMouseActivate@CComControlBase@ATL@@QEAA_JI_K_JAEAH@Z 000000018000998c f i ItemDispenser.obj
 0001:00008a2c       ?OnPaint@CComControlBase@ATL@@QEAA_JI_K_JAEAH@Z 0000000180009a2c f i ItemDispenser.obj
 0001:00008b18       ?OnSetFocus@CComControlBase@ATL@@QEAA_JI_K_JAEAH@Z 0000000180009b18 f i ItemDispenser.obj
 0001:00008c14       ?Open@CRegKey@ATL@@QEAAJPEAUHKEY__@@PEB_WK@Z 0000000180009c14 f i ItemDispenser.obj
 0001:00008ca0       ?PreProcessBuffer@CRegParser@ATL@@QEAAJPEA_WPEAPEA_W@Z 0000000180009ca0 f i ItemDispenser.obj
 0001:00009024       ?ProcessWindowMessage@?$CComControl@VCOPOSItemDispenser@@V?$CWindowImpl@VCOPOSItemDispenser@@VCWindow@ATL@@V?$CWinTraits@$0FGAAAAAA@$0A@@3@@ATL@@@ATL@@UEAAHPEAUHWND__@@I_K_JAEA_JK@Z 000000018000a024 f i ItemDispenser.obj
 0001:00009108       ?PutProperty@?$CComPtr@UIDispatch@@@ATL@@SAJPEAUIDispatch@@JPEAUtagVARIANT@@@Z 000000018000a108 f i ItemDispenser.obj
 0001:0000920c       ?ReadFromStream@CComBSTR@ATL@@QEAAJPEAUIStream@@@Z 000000018000a20c f i ItemDispenser.obj
 0001:00009368       ?ReadFromStream@CComVariant@ATL@@QEAAJPEAUIStream@@GTClassesAllowedInStream@2@K@Z 000000018000a368 f i ItemDispenser.obj
 0001:00009578       ?RecurseDeleteKey@CRegKey@ATL@@QEAAJPEB_W@Z 000000018000a578 f i ItemDispenser.obj
 0001:00009684       ?RegCreateKeyExW@CAtlTransactionManager@ATL@@QEAAJPEAUHKEY__@@PEB_WKPEA_WKKQEAU_SECURITY_ATTRIBUTES@@PEAPEAU3@PEAK@Z 000000018000a684 f i ItemDispenser.obj
 0001:000097b8       ?RegDeleteKeyW@CAtlTransactionManager@ATL@@QEAAJPEAUHKEY__@@PEB_W@Z 000000018000a7b8 f i ItemDispenser.obj
 0001:00009844       ?RegOpenKeyExW@CAtlTransactionManager@ATL@@QEAAJPEAUHKEY__@@PEB_WKKPEAPEAU3@@Z 000000018000a844 f i ItemDispenser.obj
 0001:000098fc       ?RegisterBuffer@CRegParser@ATL@@QEAAJPEA_WH@Z 000000018000a8fc f i ItemDispenser.obj
 0001:00009a64       ?RegisterFromResource@CRegObject@ATL@@IEAAJPEB_W00H@Z 000000018000aa64 f i ItemDispenser.obj
 0001:00009c20       ?RegisterServer@CComModule@ATL@@QEAAJHPEBU_GUID@@@Z 000000018000ac20 f i ItemDispenser.obj
 0001:00009ce0       ?RegisterSubkeys@CRegParser@ATL@@IEAAJPEA_WPEAUHKEY__@@HH@Z 000000018000ace0 f i ItemDispenser.obj
 0001:0000a3dc       ?SendOnDataChange@CComControlBase@ATL@@QEAAJK@Z 000000018000b3dc f i ItemDispenser.obj
 0001:0000a44c       ?SetControlFocus@CComControlBase@ATL@@QEAAHH@Z 000000018000b44c f i ItemDispenser.obj
 0001:0000a528       ?SkipAssignment@CRegParser@ATL@@IEAAJPEA_W@Z 000000018000b528 f i ItemDispenser.obj
 0001:0000a5cc       ?Term@CComModule@ATL@@QEAAXXZ 000000018000b5cc f i ItemDispenser.obj
 0001:0000a678       ?UnregisterServer@CComModule@ATL@@QEAAJHPEBU_GUID@@@Z 000000018000b678 f i ItemDispenser.obj
 0001:0000a728       ?UpdateRegistryFromResource@CAtlModule@ATL@@QEAAJIHPEAU_ATL_REGMAP_ENTRY@2@@Z 000000018000b728 f i ItemDispenser.obj
 0001:0000aa60       ?UpdateRegistryFromResource@CAtlModule@ATL@@QEAAJPEB_WHPEAU_ATL_REGMAP_ENTRY@2@@Z 000000018000ba60 f i ItemDispenser.obj
 0001:0000adb8       ?VTFromRegType@CRegParser@ATL@@KAHPEB_WAEAG@Z 000000018000bdb8 f i ItemDispenser.obj
 0001:0000ae54       ?WindowProc@?$CWindowImplBaseT@VCWindow@ATL@@V?$CWinTraits@$0FGAAAAAA@$0A@@2@@ATL@@SA_JPEAUHWND__@@I_K_J@Z 000000018000be54 f i ItemDispenser.obj
 0001:0000afc0       ?WriteToStream@CComBSTR@ATL@@QEAAJPEAUIStream@@@Z 000000018000bfc0 f i ItemDispenser.obj
 0001:0000b040       ?WriteToStream@CComVariant@ATL@@QEAAJPEAUIStream@@@Z 000000018000c040 f i ItemDispenser.obj
 0001:0000b254       ?WriteToStream@CComVariant@ATL@@QEAAJPEAUIStream@@G@Z 000000018000c254 f i ItemDispenser.obj
 0001:0000b2ec       ?_AtlVerifyStackAvailable@_ATL_SAFE_ALLOCA_IMPL@ATL@@YA_N_K@Z 000000018000c2ec f i ItemDispenser.obj
 0001:0000b370       ?atlCreate@?$CWindowImpl@VCOPOSItemDispenser@@VCWindow@ATL@@V?$CWinTraits@$0FGAAAAAA@$0A@@3@@ATL@@QEAAPEAUHWND__@@PEAU3@V_U_RECT@2@PEB_WKKV_U_MENUorID@2@PEAX@Z 000000018000c370 f i ItemDispenser.obj
 0001:0000b420       ?atlCreate@?$CWindowImplBaseT@VCWindow@ATL@@V?$CWinTraits@$0FGAAAAAA@$0A@@2@@ATL@@QEAAPEAUHWND__@@PEAU3@V_U_RECT@2@PEB_WKKV_U_MENUorID@2@GPEAX@Z 000000018000c420 f i ItemDispenser.obj
 0001:0000b590       ?atlCreate@CRegKey@ATL@@QEAAJPEAUHKEY__@@PEB_WPEA_WKKPEAU_SECURITY_ATTRIBUTES@@PEAK@Z 000000018000c590 f i ItemDispenser.obj
 0001:0000b67c       DllCanUnloadNow            000000018000c67c f   ItemDispenser.obj
 0001:0000b688       DllGetClassObject          000000018000c688 f   ItemDispenser.obj
 0001:0000b6a0       DllMain                    000000018000c6a0 f   ItemDispenser.obj
 0001:0000b748       DllRegisterServer          000000018000c748 f   ItemDispenser.obj
 0001:0000b75c       DllUnregisterServer        000000018000c75c f   ItemDispenser.obj
 0001:0000b770       __local_stdio_printf_options 000000018000c770 f i ItemDispenser.obj
 0001:0000b800       swprintf_s                 000000018000c800 f i ItemDispenser.obj
 0001:0000b854       ??0COPOSItemDispenser@@QEAA@XZ 000000018000c854 f   ItemDispenserImpl.obj
 0001:0000b910       ??1?$IConnectionPointImpl@VCOPOSItemDispenser@@$1?DIID__IOPOSItemDispenserEvents@@3U_GUID@@BVCComDynamicUnkArray@ATL@@@ATL@@QEAA@XZ 000000018000c910 f i ItemDispenserImpl.obj
 0001:0000b910       ??1?$IConnectionPointImpl@VCOPOSItemDispenser@@$1?IID_IPropertyNotifySink@@3U_GUID@@BVCComDynamicUnkArray@ATL@@@ATL@@QEAA@XZ 000000018000c910 f i ItemDispenserImpl.obj
 0001:0000b96c       ??1CComControlBase@ATL@@UEAA@XZ 000000018000c96c f i ItemDispenserImpl.obj
 0001:0000b9e8       ??1COPOSItemDispenser@@UEAA@XZ 000000018000c9e8 f   ItemDispenserImpl.obj
 0001:0000ba4c       ?AdjustItemCount@COPOSItemDispenser@@UEAAJJJPEAJ@Z 000000018000ca4c f   ItemDispenserImpl.obj
 0001:0000bb18       ?CheckHealth@COPOSItemDispenser@@UEAAJJPEAJ@Z 000000018000cb18 f   ItemDispenserImpl.obj
 0001:0000bb94       ?ClaimDevice@COPOSItemDispenser@@UEAAJJPEAJ@Z 000000018000cb94 f   ItemDispenserImpl.obj
 0001:0000bc34       ?Close@COPOSItemDispenser@@UEAAJPEAJ@Z 000000018000cc34 f   ItemDispenserImpl.obj
 0001:0000bcec       ?CompareFirmwareVersion@COPOSItemDispenser@@UEAAJPEA_WPEAJ1@Z 000000018000ccec f   ItemDispenserImpl.obj
 0001:0000bdc8       ?DirectIO@COPOSItemDispenser@@UEAAJJPEAJPEAPEA_W0@Z 000000018000cdc8 f   ItemDispenserImpl.obj
 0001:0000bec4       ?DispenseItem@COPOSItemDispenser@@UEAAJPEAJJ0@Z 000000018000cec4 f   ItemDispenserImpl.obj
 0001:0000bf9c       ?DoInvoke@COPOSItemDispenser@@IEAAJJPEAVOposVariant@@IHPEAJ_N@Z 000000018000cf9c f   ItemDispenserImpl.obj
 0001:0000c0d0       ?EventInit@COPOSItemDispenser@@IEAAJXZ 000000018000d0d0 f i ItemDispenserImpl.obj
 0001:0000c218       ?EventUninit@COPOSItemDispenser@@IEAAXXZ 000000018000d218 f i ItemDispenserImpl.obj
 0001:0000c27c       ?EventWindowProc@COPOSItemDispenser@@IEAA_JI_K_J@Z 000000018000d27c f i ItemDispenserImpl.obj
 0001:0000c374       ?FinalConstruct@COPOSItemDispenser@@QEAAJXZ 000000018000d374 f   ItemDispenserImpl.obj
 0001:0000c3b0       ?FreezeEvents@COPOSItemDispenser@@MEAAJH@Z 000000018000d3b0 f   ItemDispenserImpl.obj
 0001:0000c424       ?GetOposProp@COPOSItemDispenser@@IEAAJJPEAJJ@Z 000000018000d424 f   ItemDispenserImpl.obj
 0001:0000c540       ?GetOposProp@COPOSItemDispenser@@IEAAJJPEAPEA_WJ@Z 000000018000d540 f   ItemDispenserImpl.obj
 0001:0000c66c       ?OnDraw@COPOSItemDispenser@@MEAAJAEAUATL_DRAWINFO@@@Z 000000018000d66c f   ItemDispenserImpl.obj
 0001:0000c758       ?Open@COPOSItemDispenser@@UEAAJPEA_WPEAJ@Z 000000018000d758 f   ItemDispenserImpl.obj
 0001:0000cfe0       ?ReadItemCount@COPOSItemDispenser@@UEAAJPEAJJ0@Z 000000018000dfe0 f   ItemDispenserImpl.obj
 0001:0000d0b8       ?ReleaseDevice@COPOSItemDispenser@@UEAAJPEAJ@Z 000000018000e0b8 f   ItemDispenserImpl.obj
 0001:0000d124       ?ResetStatistics@COPOSItemDispenser@@UEAAJPEA_WPEAJ@Z 000000018000e124 f   ItemDispenserImpl.obj
 0001:0000d1ac       ?RetrieveStatistics@COPOSItemDispenser@@UEAAJPEAPEA_WPEAJ@Z 000000018000e1ac f   ItemDispenserImpl.obj
 0001:0000d234       ?SOProcessID@COPOSItemDispenser@@UEAAJPEAJ@Z 000000018000e234 f   ItemDispenserImpl.obj
 0001:0000d250       ?SetCOFreezeEvents@COPOSItemDispenser@@IEAAXF@Z 000000018000e250 f   ItemDispenserImpl.obj
 0001:0000d334       ?SetOposProp@COPOSItemDispenser@@IEAAJJJJ@Z 000000018000e334 f   ItemDispenserImpl.obj
 0001:0000d494       ?UpdateFirmware@COPOSItemDispenser@@UEAAJPEA_WPEAJ@Z 000000018000e494 f   ItemDispenserImpl.obj
 0001:0000d51c       ?UpdateStatistics@COPOSItemDispenser@@UEAAJPEA_WPEAJ@Z 000000018000e51c f   ItemDispenserImpl.obj
 0001:0000d5a4       ?get_BinaryConversion@COPOSItemDispenser@@UEAAJPEAJ@Z 000000018000e5a4 f   ItemDispenserImpl.obj
 0001:0000d5b8       ?get_CapCompareFirmwareVersion@COPOSItemDispenser@@UEAAJPEAF@Z 000000018000e5b8 f   ItemDispenserImpl.obj
 0001:0000d5ec       ?get_CapEmptySensor@COPOSItemDispenser@@UEAAJPEAF@Z 000000018000e5ec f   ItemDispenserImpl.obj
 0001:0000d620       ?get_CapIndividualSlotStatus@COPOSItemDispenser@@UEAAJPEAF@Z 000000018000e620 f   ItemDispenserImpl.obj
 0001:0000d654       ?get_CapJamSensor@COPOSItemDispenser@@UEAAJPEAF@Z 000000018000e654 f   ItemDispenserImpl.obj
 0001:0000d688       ?get_CapNearEmptySensor@COPOSItemDispenser@@UEAAJPEAF@Z 000000018000e688 f   ItemDispenserImpl.obj
 0001:0000d6bc       ?get_CapPowerReporting@COPOSItemDispenser@@UEAAJPEAJ@Z 000000018000e6bc f   ItemDispenserImpl.obj
 0001:0000d6d0       ?get_CapStatisticsReporting@COPOSItemDispenser@@UEAAJPEAF@Z 000000018000e6d0 f   ItemDispenserImpl.obj
 0001:0000d704       ?get_CapUpdateFirmware@COPOSItemDispenser@@UEAAJPEAF@Z 000000018000e704 f   ItemDispenserImpl.obj
 0001:0000d738       ?get_CapUpdateStatistics@COPOSItemDispenser@@UEAAJPEAF@Z 000000018000e738 f   ItemDispenserImpl.obj
 0001:0000d76c       ?get_CheckHealthText@COPOSItemDispenser@@UEAAJPEAPEA_W@Z 000000018000e76c f   ItemDispenserImpl.obj
 0001:0000d780       ?get_Claimed@COPOSItemDispenser@@UEAAJPEAF@Z 000000018000e780 f   ItemDispenserImpl.obj
 0001:0000d7b4       ?get_ControlObjectDescription@COPOSItemDispenser@@UEAAJPEAPEA_W@Z 000000018000e7b4 f   ItemDispenserImpl.obj
 0001:0000d818       ?get_ControlObjectVersion@COPOSItemDispenser@@UEAAJPEAJ@Z 000000018000e818 f   ItemDispenserImpl.obj
 0001:0000d824       ?get_DeviceDescription@COPOSItemDispenser@@UEAAJPEAPEA_W@Z 000000018000e824 f   ItemDispenserImpl.obj
 0001:0000d838       ?get_DeviceEnabled@COPOSItemDispenser@@UEAAJPEAF@Z 000000018000e838 f   ItemDispenserImpl.obj
 0001:0000d86c       ?get_DeviceName@COPOSItemDispenser@@UEAAJPEAPEA_W@Z 000000018000e86c f   ItemDispenserImpl.obj
 0001:0000d880       ?get_DispenserStatus@COPOSItemDispenser@@UEAAJPEAJ@Z 000000018000e880 f   ItemDispenserImpl.obj
 0001:0000d894       ?get_FreezeEvents@COPOSItemDispenser@@UEAAJPEAF@Z 000000018000e894 f   ItemDispenserImpl.obj
 0001:0000d8c4       ?get_MaxSlots@COPOSItemDispenser@@UEAAJPEAJ@Z 000000018000e8c4 f   ItemDispenserImpl.obj
 0001:0000d8d8       ?get_OpenResult@COPOSItemDispenser@@UEAAJPEAJ@Z 000000018000e8d8 f   ItemDispenserImpl.obj
 0001:0000d8e4       ?get_PowerNotify@COPOSItemDispenser@@UEAAJPEAJ@Z 000000018000e8e4 f   ItemDispenserImpl.obj
 0001:0000d8f8       ?get_PowerState@COPOSItemDispenser@@UEAAJPEAJ@Z 000000018000e8f8 f   ItemDispenserImpl.obj
 0001:0000d90c       ?get_ResultCode@COPOSItemDispenser@@UEAAJPEAJ@Z 000000018000e90c f   ItemDispenserImpl.obj
 0001:0000d948       ?get_ResultCodeExtended@COPOSItemDispenser@@UEAAJPEAJ@Z 000000018000e948 f   ItemDispenserImpl.obj
 0001:0000d95c       ?get_ServiceObjectDescription@COPOSItemDispenser@@UEAAJPEAPEA_W@Z 000000018000e95c f   ItemDispenserImpl.obj
 0001:0000d970       ?get_ServiceObjectVersion@COPOSItemDispenser@@UEAAJPEAJ@Z 000000018000e970 f   ItemDispenserImpl.obj
 0001:0000d984       ?get_State@COPOSItemDispenser@@UEAAJPEAJ@Z 000000018000e984 f   ItemDispenserImpl.obj
 0001:0000d9b0       ?put_BinaryConversion@COPOSItemDispenser@@UEAAJJ@Z 000000018000e9b0 f   ItemDispenserImpl.obj
 0001:0000d9c4       ?put_DeviceEnabled@COPOSItemDispenser@@UEAAJF@Z 000000018000e9c4 f   ItemDispenserImpl.obj
 0001:0000d9dc       ?put_FreezeEvents@COPOSItemDispenser@@UEAAJF@Z 000000018000e9dc f   ItemDispenserImpl.obj
 0001:0000da2c       ?put_PowerNotify@COPOSItemDispenser@@UEAAJJ@Z 000000018000ea2c f   ItemDispenserImpl.obj
 0001:0000da40       ?s_EventWindowProc@COPOSItemDispenser@@KA_JPEAUHWND__@@I_K_J@Z 000000018000ea40 f i ItemDispenserImpl.obj
 0001:0000dabc       ??_U@YAPEAX_K@Z            000000018000eabc f   LIBCMT:new_array.obj
 0001:0000dac4       ??_V@YAXPEAX@Z             000000018000eac4 f   LIBCMT:delete_array.obj
 0001:0000dac4       ??3@YAXPEAX_K@Z            000000018000eac4 f   LIBCMT:delete_scalar_size.obj
 0001:0000dacc       ??_V@YAXPEAX_K@Z           000000018000eacc f   LIBCMT:delete_array_size.obj
 0001:0000dad4       __scrt_acquire_startup_lock 000000018000ead4 f   LIBCMT:utility.obj
 0001:0000db10       __scrt_dllmain_after_initialize_c 000000018000eb10 f   LIBCMT:utility.obj
 0001:0000db44       __scrt_dllmain_before_initialize_c 000000018000eb44 f   LIBCMT:utility.obj
 0001:0000db5c       __scrt_dllmain_crt_thread_attach 000000018000eb5c f   LIBCMT:utility.obj
 0001:0000db84       __scrt_dllmain_crt_thread_detach 000000018000eb84 f   LIBCMT:utility.obj
 0001:0000db9c       __scrt_dllmain_exception_filter 000000018000eb9c f   LIBCMT:utility.obj
 0001:0000dbfc       __scrt_dllmain_uninitialize_c 000000018000ebfc f   LIBCMT:utility.obj
 0001:0000dc2c       __scrt_dllmain_uninitialize_critical 000000018000ec2c f   LIBCMT:utility.obj
 0001:0000dc40       __scrt_initialize_crt      000000018000ec40 f   LIBCMT:utility.obj
 0001:0000dc8c       __scrt_initialize_onexit_tables 000000018000ec8c f   LIBCMT:utility.obj
 0001:0000dd64       __scrt_is_nonwritable_in_current_image 000000018000ed64 f   LIBCMT:utility.obj
 0001:0000de00       __scrt_release_startup_lock 000000018000ee00 f   LIBCMT:utility.obj
 0001:0000de24       __scrt_uninitialize_crt    000000018000ee24 f   LIBCMT:utility.obj
 0001:0000de50       _onexit                    000000018000ee50 f   LIBCMT:utility.obj
 0001:0000dea0       atexit                     000000018000eea0 f   LIBCMT:utility.obj
 0001:0000deb8       ??3@YAXPEAX@Z              000000018000eeb8 f   LIBCMT:delete_scalar.obj
 0001:0000e048       _Init_thread_footer        000000018000f048 f   LIBCMT:thread_safe_statics.obj
 0001:0000e0a8       _Init_thread_header        000000018000f0a8 f   LIBCMT:thread_safe_statics.obj
 0001:0000e110       _Init_thread_notify        000000018000f110 f   LIBCMT:thread_safe_statics.obj
 0001:0000e160       _Init_thread_wait          000000018000f160 f   LIBCMT:thread_safe_statics.obj
 0001:0000e1d8       __raise_securityfailure    000000018000f1d8 f   LIBCMT:gs_report.obj
 0001:0000e20c       __report_gsfailure         000000018000f20c f   LIBCMT:gs_report.obj
 0001:0000e2e0       __report_rangecheckfailure 000000018000f2e0 f   LIBCMT:gs_report.obj
 0001:0000e2f4       __report_securityfailure   000000018000f2f4 f   LIBCMT:gs_report.obj
 0001:0000e474       ??2@YAPEAX_KAEBUnothrow_t@std@@@Z 000000018000f474 f   LIBCMT:new_scalar_nothrow.obj
 0001:0000e494       ??_U@YAPEAX_KAEBUnothrow_t@std@@@Z 000000018000f494 f   LIBCMT:new_array_nothrow.obj
 0001:0000e49c       __GSHandlerCheck           000000018000f49c f   LIBCMT:gshandler.obj
 0001:0000e4bc       __GSHandlerCheckCommon     000000018000f4bc f   LIBCMT:gshandler.obj
 0001:0000e518       __GSHandlerCheck_SEH       000000018000f518 f   LIBCMT:gshandlerseh.obj
 0001:0000e5b0       _alloca_probe              000000018000f5b0 f   LIBCMT:chkstk.obj
 0001:0000e5b0       __chkstk                   000000018000f5b0 f   LIBCMT:chkstk.obj
 0001:0000e620       __security_check_cookie    000000018000f620 f   LIBCMT:amdsecgs.obj
 0001:0000e974       _DllMainCRTStartup         000000018000f974 f   LIBCMT:dll_dllmain.obj
 0001:0000e9b4       ??2@YAPEAX_K@Z             000000018000f9b4 f   LIBCMT:new_scalar.obj
 0001:0000e9f0       __isa_available_init       000000018000f9f0 f   LIBCMT:cpu_disp.obj
 0001:0000ebac       __scrt_is_ucrt_dll_in_use  000000018000fbac f   LIBCMT:ucrt_detection.obj
 0001:0000ebb8       __crt_debugger_hook        000000018000fbb8 f   LIBCMT:utility_desktop.obj
 0001:0000ebc0       __scrt_fastfail            000000018000fbc0 f   LIBCMT:utility_desktop.obj
 0001:0000ed0c       __security_init_cookie     000000018000fd0c f   LIBCMT:gs_support.obj
 0001:0000edb8       ?__scrt_initialize_type_info@@YAXXZ 000000018000fdb8 f   LIBCMT:tncleanup.obj
 0001:0000edc8       ?__scrt_uninitialize_type_info@@YAXXZ 000000018000fdc8 f   LIBCMT:tncleanup.obj
 0001:0000edd4       __local_stdio_scanf_options 000000018000fdd4 f i LIBCMT:default_local_stdio_options.obj
 0001:0000eddc       __scrt_initialize_default_local_stdio_options 000000018000fddc f   LIBCMT:default_local_stdio_options.obj
 0001:0000edf8       __scrt_get_dyn_tls_init_callback 000000018000fdf8 f   LIBCMT:dyn_tls_init.obj
 0001:0000ee00       _RTC_Initialize            000000018000fe00 f   LIBCMT:initsect.obj
 0001:0000ee3c       _RTC_Terminate             000000018000fe3c f   LIBCMT:initsect.obj
 0001:0000ee78       ??0bad_alloc@std@@QEAA@AEBV01@@Z 000000018000fe78 f i LIBCMT:throw_bad_alloc.obj
 0001:0000eeb8       ??0bad_alloc@std@@QEAA@XZ  000000018000feb8 f i LIBCMT:throw_bad_alloc.obj
 0001:0000eed8       ??0bad_array_new_length@std@@QEAA@AEBV01@@Z 000000018000fed8 f i LIBCMT:throw_bad_alloc.obj
 0001:0000ef18       ??0bad_array_new_length@std@@QEAA@XZ 000000018000ff18 f i LIBCMT:throw_bad_alloc.obj
 0001:0000ef38       ??0exception@std@@QEAA@AEBV01@@Z 000000018000ff38 f i LIBCMT:throw_bad_alloc.obj
 0001:0000ef70       ??1bad_exception@std@@UEAA@XZ 000000018000ff70 f i libvcruntime:frame.obj
 0001:0000ef70       ??1bad_array_new_length@std@@UEAA@XZ 000000018000ff70 f i LIBCMT:throw_bad_alloc.obj
 0001:0000ef70       ??1bad_alloc@std@@UEAA@XZ  000000018000ff70 f i LIBCMT:throw_bad_alloc.obj
 0001:0000ef84       ??_Gbad_exception@std@@UEAAPEAXI@Z 000000018000ff84 f i libvcruntime:frame.obj
 0001:0000ef84       ??_Gbad_array_new_length@std@@UEAAPEAXI@Z 000000018000ff84 f i LIBCMT:throw_bad_alloc.obj
 0001:0000ef84       ??_Ebad_exception@std@@UEAAPEAXI@Z 000000018000ff84 f i libvcruntime:frame.obj
 0001:0000ef84       ??_Eexception@std@@UEAAPEAXI@Z 000000018000ff84 f i LIBCMT:throw_bad_alloc.obj
 0001:0000ef84       ??_Gexception@std@@UEAAPEAXI@Z 000000018000ff84 f i LIBCMT:throw_bad_alloc.obj
 0001:0000ef84       ??_Gbad_alloc@std@@UEAAPEAXI@Z 000000018000ff84 f i LIBCMT:throw_bad_alloc.obj
 0001:0000ef84       ??_Ebad_array_new_length@std@@UEAAPEAXI@Z 000000018000ff84 f i LIBCMT:throw_bad_alloc.obj
 0001:0000ef84       ??_Ebad_alloc@std@@UEAAPEAXI@Z 000000018000ff84 f i LIBCMT:throw_bad_alloc.obj
 0001:0000efc8       ?__scrt_throw_std_bad_alloc@@YAXXZ 000000018000ffc8 f   LIBCMT:throw_bad_alloc.obj
 0001:0000efe8       ?__scrt_throw_std_bad_array_new_length@@YAXXZ 000000018000ffe8 f   LIBCMT:throw_bad_alloc.obj
 0001:0000f008       ?what@exception@std@@UEBAPEBDXZ 0000000180010008 f i LIBCMT:throw_bad_alloc.obj
 0001:0000f020       ??_Gtype_info@@UEAAPEAXI@Z 0000000180010020 f i LIBCMT:std_type_info_static.obj
 0001:0000f020       ??_Etype_info@@UEAAPEAXI@Z 0000000180010020 f i LIBCMT:std_type_info_static.obj
 0001:0000f04c       ??0CAtlBaseModule@ATL@@QEAA@XZ 000000018001004c f   atls:atlbase.obj
 0001:0000f0f4       ??1CAtlBaseModule@ATL@@QEAA@XZ 00000001800100f4 f   atls:atlbase.obj
 0001:0000f228       ?__AllocStdCallThunk_cmn@@YAPEAXXZ 0000000180010228 f   atls:atlthunk.obj
 0001:0000f380       AtlThunk_AllocateData      0000000180010380 f   atls:atlthunk.obj
 0001:0000f3fc       AtlThunk_DataToCode        00000001800103fc f   atls:atlthunk.obj
 0001:0000f450       AtlThunk_FreeData          0000000180010450 f   atls:atlthunk.obj
 0001:0000f4b0       AtlThunk_InitData          00000001800104b0 f   atls:atlthunk.obj
 0001:0000f570       memset_repmovs             0000000180010570 f   libvcruntime:memset.obj
 0001:0000f590       memset                     0000000180010590 f   libvcruntime:memset.obj
 0001:0000f720       _purecall                  0000000180010720 f   libvcruntime:purevirt.obj
 0001:0000f750       wcsstr                     0000000180010750 f   libvcruntime:wcsstr.obj
 0001:0000f980       memcmp                     0000000180010980 f   libvcruntime:memcmp.obj
 0001:0000fa60       memcpy_repmovs             0000000180010a60 f   libvcruntime:memcpy.obj
 0001:0000fa80       memmove                    0000000180010a80 f   libvcruntime:memcpy.obj
 0001:0000fa80       memcpy                     0000000180010a80 f   libvcruntime:memcpy.obj
 0001:0000feb8       __vcrt_initialize          0000000180010eb8 f   libvcruntime:initialization.obj
 0001:0000feec       __vcrt_thread_attach       0000000180010eec f   libvcruntime:initialization.obj
 0001:0000ff00       __vcrt_thread_detach       0000000180010f00 f   libvcruntime:initialization.obj
[...]
 0004:00001680       $pdata$??$?RV<lambda_fb3a7dec4e47f37f22dae91bb15c9095>@@AEAV<lambda_698284760c8add0bfb0756c19673e34b>@@V<lambda_dfb8eca1e75fef3034a8fb18dd509707>@@@?$__crt_seh_guarded_call@X@@QEAAX$$QEAV<lambda_fb3a7dec4e47f37f22dae91bb15c9095>@@AEAV<lambda_698284760c8add0bfb0756c19673e34b>@@$$QEAV<lambda_dfb8eca1e75fef3034a8fb18dd509707>@@@Z 0000000180033680     libucrt:per_thread_data.obj
 0004:0000168c       $pdata$_calloc_base        000000018003368c     libucrt:calloc_base.obj
 0004:00001698       $pdata$_malloc_base        0000000180033698     libucrt:malloc_base.obj
 0004:000016a4       $pdata$_msize              00000001800336a4     libucrt:msize.obj
 0004:000016b0       $pdata$_realloc_base       00000001800336b0     libucrt:realloc_base.obj
 0004:000016bc       $pdata$__acrt_FlsAlloc     00000001800336bc     libucrt:winapi_thunks.obj
 0004:000016c8       $pdata$__acrt_FlsFree      00000001800336c8     libucrt:winapi_thunks.obj
 0004:000016d4       $pdata$__acrt_FlsGetValue  00000001800336d4     libucrt:winapi_thunks.obj
 0004:000016e0       $pdata$__acrt_FlsSetValue  00000001800336e0     libucrt:winapi_thunks.obj
 0004:000016ec       $pdata$__acrt_initialize_winapi_thunks 00000001800336ec     libucrt:winapi_thunks.obj
 0004:000016f8       $pdata$__acrt_uninitialize_winapi_thunks 00000001800336f8     libucrt:winapi_thunks.obj
 0004:00001704       $pdata$__acrt_InitializeCriticalSectionEx 0000000180033704     libucrt:winapi_thunks.obj
 0004:00001710       $pdata$__acrt_LCMapStringEx 0000000180033710     libucrt:winapi_thunks.obj
 0004:0000171c       $pdata$__acrt_LocaleNameToLCID 000000018003371c     libucrt:winapi_thunks.obj
 0004:00001728       $pdata$__acrt_SetThreadStackGuarantee 0000000180033728     libucrt:winapi_thunks.obj
 0004:00001734       $pdata$__acrt_is_packaged_app 0000000180033734     libucrt:winapi_thunks.obj
 0004:00001740       $pdata$?try_get_function@@YAPEAXW4function_id@?A0x63058377@@QEBDQEBW4module_id@2@2@Z 0000000180033740     libucrt:winapi_thunks.obj
 0004:0000174c       $pdata$isdigit             000000018003374c     libucrt:_ctype.obj
 0004:00001758       $pdata$tolower             0000000180033758     libucrt:tolower_toupper.obj
 0004:00001764       $pdata$_tolower_l          0000000180033764     libucrt:tolower_toupper.obj
 0004:00001770       $pdata$?internal_isupper_l@@YA_NHQEAU__crt_locale_pointers@@@Z 0000000180033770     libucrt:tolower_toupper.obj
 0004:0000177c       $pdata$wcstol              000000018003377c     libucrt:strtox.obj
 0004:00001788       $pdata$_mbtowc_l           0000000180033788     libucrt:mbtowc.obj
 0004:00001794       $pdata$wcsnlen             0000000180033794     libucrt:strnlen.obj
 0004:000017a0       $pdata$__acrt_update_locale_info 00000001800337a0     libucrt:locale_update.obj
 0004:000017ac       $pdata$__acrt_update_multibyte_info 00000001800337ac     libucrt:locale_update.obj
 0004:000017b8       $pdata$__acrt_fp_format    00000001800337b8     libucrt:cvt.obj
 0004:000017c4       $pdata$?fp_format_nan_or_infinity@@YAHW4__acrt_fp_class@@_NPEAD_K1@Z 00000001800337c4     libucrt:cvt.obj
 0004:000017d0       $pdata$?fp_format_e_internal@@YAHQEAD_KH_NIQEAU_strflt@@2QEAU__crt_locale_pointers@@@Z 00000001800337d0     libucrt:cvt.obj
 0004:000017dc       $pdata$?fp_format_e@@YAHQEBNQEAD_K12H_NIQEAU__crt_locale_pointers@@@Z 00000001800337dc     libucrt:cvt.obj
 0004:000017e8       $pdata$?fp_format_a@@YAHQEBNPEAD_KQEAD2H_NIQEAU__crt_locale_pointers@@@Z 00000001800337e8     libucrt:cvt.obj
 0004:000017f4       $pdata$?fp_format_f_internal@@YAHQEAD_KHQEAU_strflt@@_NQEAU__crt_locale_pointers@@@Z 00000001800337f4     libucrt:cvt.obj
 0004:00001800       $pdata$?fp_format_g@@YAHQEBNQEAD_K12H_NIQEAU__crt_locale_pointers@@@Z 0000000180033800     libucrt:cvt.obj
 0004:0000180c       $pdata$_fileno             000000018003380c     libucrt:fileno.obj
 0004:00001818       $pdata$__acrt_initialize_stdio 0000000180033818     libucrt:_file.obj
 0004:00001824       $pdata$__acrt_uninitialize_stdio 0000000180033824     libucrt:_file.obj
 0004:00001830       $pdata$__acrt_uninitialize_locale 0000000180033830     libucrt:wsetlocale.obj
 0004:0000183c       $pdata$__acrt_update_thread_locale_data$fin$0 000000018003383c     libucrt:locale_refcounting.obj
 0004:0000183c       $pdata$__acrt_uninitialize_locale$fin$0 000000018003383c     libucrt:wsetlocale.obj
 0004:00001848       $pdata$__acrt_initialize_lowio 0000000180033848     libucrt:ioinit.obj
 0004:00001854       $pdata$__acrt_lowio_ensure_fh_exists$fin$0 0000000180033854     libucrt:osfinfo.obj
 0004:00001854       $pdata$__acrt_initialize_lowio$fin$0 0000000180033854     libucrt:ioinit.obj
 0004:00001860       $pdata$__acrt_uninitialize_lowio 0000000180033860     libucrt:ioinit.obj
 0004:0000186c       $pdata$?initialize_inherited_file_handles_nolock@@YAXXZ 000000018003386c     libucrt:ioinit.obj
 0004:00001878       $pdata$?initialize_stdio_handles_nolock@@YAXXZ 0000000180033878     libucrt:ioinit.obj
 0004:00001884       $pdata$__acrt_initialize_locks 0000000180033884     libucrt:locks.obj
 0004:00001890       $pdata$__acrt_uninitialize_locks 0000000180033890     libucrt:locks.obj
 0004:0000189c       $pdata$??$common_expand_argv_wildcards@D@@YAHQEAPEADQEAPEAPEAD@Z 000000018003389c     libucrt:argv_wildcards.obj
 0004:000018a8       $pdata$?expand_if_necessary@?$argument_list@D@?A0xca0879c4@@AEAAHXZ 00000001800338a8     libucrt:argv_wildcards.obj
 0004:000018b4       $pdata$??$copy_and_add_argument_to_buffer@D@@YAHQEBD0_KAEAV?$argument_list@D@?A0xca0879c4@@@Z 00000001800338b4     libucrt:argv_wildcards.obj
 0004:000018c0       $pdata$??$expand_argument_wildcards@D@@YAHQEAD0AEAV?$argument_list@D@?A0xca0879c4@@@Z 00000001800338c0     libucrt:argv_wildcards.obj
 0004:000018cc       $pdata$__acrt_update_thread_multibyte_data 00000001800338cc     libucrt:mbctype.obj
 0004:000018d8       $pdata$__acrt_update_thread_multibyte_data$fin$0 00000001800338d8     libucrt:mbctype.obj
 0004:000018e4       $pdata$__acrt_initialize_multibyte 00000001800338e4     libucrt:mbctype.obj
 0004:000018f0       $pdata$_setmbcp_nolock     00000001800338f0     libucrt:mbctype.obj
 0004:000018fc       $pdata$?getSystemCP@@YAHH@Z 00000001800338fc     libucrt:mbctype.obj
 0004:00001908       $pdata$?setSBCS@@YAXPEAU__crt_multibyte_data@@@Z 0000000180033908     libucrt:mbctype.obj
 0004:00001914       $pdata$?setSBUpLow@@YAXPEAU__crt_multibyte_data@@@Z 0000000180033914     libucrt:mbctype.obj
 0004:00001920       $pdata$?setmbcp_internal@@YAHH_N@Z 0000000180033920     libucrt:mbctype.obj
 0004:0000192c       $pdata$??R<lambda_ad1ced32f4ac17aa236e5ef05d6b3b7c>@@QEBAXXZ 000000018003392c     libucrt:mbctype.obj
 0004:00001938       $pdata$??$?RV<lambda_99476a1ad63dd22509b5d3e65b0ffc95>@@AEAV<lambda_ad1ced32f4ac17aa236e5ef05d6b3b7c>@@V<lambda_f7424dd8d45958661754dc4f2697e9c3>@@@?$__crt_seh_guarded_call@X@@QEAAX$$QEAV<lambda_99476a1ad63dd22509b5d3e65b0ffc95>@@AEAV<lambda_ad1ced32f4ac17aa236e5ef05d6b3b7c>@@$$QEAV<lambda_f7424dd8d45958661754dc4f2697e9c3>@@@Z 0000000180033938     libucrt:mbctype.obj
 0004:00001944       $pdata$?x_ismbbtype_l@@YAHPEAU__crt_locale_pointers@@IHH@Z 0000000180033944     libucrt:ismbbyte.obj
 0004:00001950       $pdata$__acrt_initialize_command_line 0000000180033950     libucrt:argv_data.obj
 0004:0000195c       $pdata$__dcrt_get_narrow_environment_from_os 000000018003395c     libucrt:get_environment_from_os.obj
 0004:00001968       $pdata$__acrt_initialize_heap 0000000180033968     libucrt:heap_handle.obj
 0004:00001974       $pdata$__acrt_execute_initializers 0000000180033974     libucrt:shared_initialization.obj
 0004:00001980       $pdata$__acrt_execute_uninitializers 0000000180033980     libucrt:shared_initialization.obj
 0004:0000198c       $pdata$__acrt_get_sigabrt_handler 000000018003398c     libucrt:signal.obj
 0004:00001998       $pdata$raise               0000000180033998     libucrt:signal.obj
 0004:000019a4       $pdata$raise$fin$0         00000001800339a4     libucrt:signal.obj
 0004:000019b0       $pdata$??$?RV<lambda_c36588078e9f5dfd39652860aa6b3aaf>@@AEAV<lambda_ec61778202f4f5fc7e7711acc23c3bca>@@V<lambda_dc9d2797ccde5d239b4a0efae8ebd7db>@@@?$__crt_seh_guarded_call@P6AXH@Z@@QEAAP6AXH@Z$$QEAV<lambda_c36588078e9f5dfd39652860aa6b3aaf>@@AEAV<lambda_ec61778202f4f5fc7e7711acc23c3bca>@@$$QEAV<lambda_dc9d2797ccde5d239b4a0efae8ebd7db>@@@Z 00000001800339b0     libucrt:signal.obj
 0004:000019bc       $pdata$__acrt_invoke_user_matherr 00000001800339bc     libucrt:matherr.obj
 0004:000019c8       $pdata$__pctype_func       00000001800339c8     libucrt:ctype.obj
 0004:000019d4       $pdata$iswctype            00000001800339d4     libucrt:iswctype.obj
 0004:000019e0       $pdata$_isctype_l          00000001800339e0     libucrt:isctype.obj
 0004:000019ec       $pdata$__acrt_release_locale_ref 00000001800339ec     libucrt:locale_refcounting.obj
 0004:000019f8       $pdata$__acrt_free_locale  00000001800339f8     libucrt:locale_refcounting.obj
 0004:00001a04       $pdata$__acrt_locale_free_lc_time_if_unreferenced 0000000180033a04     libucrt:locale_refcounting.obj
 0004:00001a10       $pdata$__acrt_update_thread_locale_data 0000000180033a10     libucrt:locale_refcounting.obj
 0004:00001a1c       $pdata$_updatetlocinfoEx_nolock 0000000180033a1c     libucrt:locale_refcounting.obj
 0004:00001a28       $pdata$__acrt_DownlevelLocaleNameToLCID 0000000180033a28     libucrt:lcidtoname_downlevel.obj
 0004:00001a34       $pdata$?GetTableIndexFromLocaleName@@YAHPEB_W@Z 0000000180033a34     libucrt:lcidtoname_downlevel.obj
 0004:00001a40       $pdata$_isleadbyte_l       0000000180033a40     libucrt:_wctype.obj
 0004:00001a4c       $pdata$__acrt_LCMapStringA 0000000180033a4c     libucrt:lcmapstringa.obj
 0004:00001a58       $pdata$?__acrt_LCMapStringA_stat@@YAHPEAU__crt_locale_pointers@@PEB_WKPEBDHPEADHHH@Z 0000000180033a58     libucrt:lcmapstringa.obj
 0004:00001a64       $pdata$__acrt_fp_strflt_to_string 0000000180033a64     libucrt:_fptostr.obj
 0004:00001a70       $pdata$memcpy_s            0000000180033a70     libucrt:cfout.obj
 0004:00001a7c       $pdata$__acrt_fltout       0000000180033a7c     libucrt:cfout.obj
 0004:00001a88       $pdata$?divide@__crt_strtox@@YA_KAEAUbig_integer@1@AEBU21@@Z 0000000180033a88     libucrt:cfout.obj
 0004:00001a94       $pdata$5$?divide@__crt_strtox@@YA_KAEAUbig_integer@1@AEBU21@@Z 0000000180033a94     libucrt:cfout.obj
 0004:00001aa0       $pdata$6$?divide@__crt_strtox@@YA_KAEAUbig_integer@1@AEBU21@@Z 0000000180033aa0     libucrt:cfout.obj
 0004:00001aac       $pdata$_fcloseall          0000000180033aac     libucrt:closeall.obj
 0004:00001ab8       $pdata$_fcloseall$fin$0    0000000180033ab8     libucrt:closeall.obj
 0004:00001ac4       $pdata$_fflush_nolock      0000000180033ac4     libucrt:fflush.obj
 0004:00001ad0       $pdata$__acrt_stdio_flush_nolock 0000000180033ad0     libucrt:fflush.obj
 0004:00001adc       $pdata$common_flush_all    0000000180033adc     libucrt:fflush.obj
 0004:00001ae8       $pdata$common_flush_all$fin$0 0000000180033ae8     libucrt:fflush.obj
 0004:00001af4       $pdata$common_flush_all$fin$1 0000000180033af4     libucrt:fflush.obj
 0004:00001b00       $pdata$__acrt_stdio_free_buffer_nolock 0000000180033b00     libucrt:_freebuf.obj
 0004:00001b0c       $pdata$_isatty             0000000180033b0c     libucrt:isatty.obj
 0004:00001b18       $pdata$__acrt_locale_free_monetary 0000000180033b18     libucrt:initmon.obj
 0004:00001b24       $pdata$__acrt_locale_free_numeric 0000000180033b24     libucrt:initnum.obj
 0004:00001b30       $pdata$__acrt_locale_free_time 0000000180033b30     libucrt:inittime.obj
 0004:00001b3c       $pdata$?free_crt_array_internal@@YAXQEAPEBX_K@Z 0000000180033b3c     libucrt:inittime.obj
 0004:00001b48       $pdata$__acrt_GetStringTypeA 0000000180033b48     libucrt:getstringtypea.obj
 0004:00001b54       $pdata$_get_osfhandle      0000000180033b54     libucrt:osfinfo.obj
 0004:00001b60       $pdata$_free_osfhnd        0000000180033b60     libucrt:osfinfo.obj
 0004:00001b6c       $pdata$__acrt_lowio_create_handle_array 0000000180033b6c     libucrt:osfinfo.obj
 0004:00001b78       $pdata$__acrt_lowio_destroy_handle_array 0000000180033b78     libucrt:osfinfo.obj
 0004:00001b84       $pdata$__acrt_lowio_ensure_fh_exists 0000000180033b84     libucrt:osfinfo.obj
 0004:00001b90       $pdata$qsort               0000000180033b90     libucrt:qsort.obj
 0004:00001b9c       $pdata$4$qsort             0000000180033b9c     libucrt:qsort.obj
 0004:00001ba8       $pdata$5$qsort             0000000180033ba8     libucrt:qsort.obj
 0004:00001bb4       $pdata$?shortsort@@YAXPEAD0_KP6AHPEBX2@Z@Z 0000000180033bb4     libucrt:qsort.obj
 0004:00001bc0       $pdata$2$?shortsort@@YAXPEAD0_KP6AHPEBX2@Z@Z 0000000180033bc0     libucrt:qsort.obj
 0004:00001bcc       $pdata$3$?shortsort@@YAXPEAD0_KP6AHPEBX2@Z@Z 0000000180033bcc     libucrt:qsort.obj
 0004:00001bd8       $pdata$strncpy_s           0000000180033bd8     libucrt:strncpy_s.obj
 0004:00001be4       $pdata$strpbrk             0000000180033be4     libucrt:strpbrk.obj
 0004:00001bf0       $pdata$_mbsdec_l           0000000180033bf0     libucrt:mbsdec.obj
 0004:00001bfc       $pdata$?initialize_multibyte@@YAHXZ 0000000180033bfc     libucrt:multibyte_initializer.obj
 0004:00001c08       $pdata$fegetenv            0000000180033c08     libucrt:fegetenv.obj
 0004:00001c14       $pdata$fesetenv            0000000180033c14     libucrt:fesetenv.obj
 0004:00001c20       $pdata$feholdexcept        0000000180033c20     libucrt:feholdexcept.obj
 0004:00001c38       $pdata$_write              0000000180033c38     libucrt:write.obj
 0004:00001c44       $pdata$_write$fin$0        0000000180033c44     libucrt:write.obj
 0004:00001c50       $pdata$_write_nolock       0000000180033c50     libucrt:write.obj
 0004:00001c5c       $pdata$?write_double_translated_ansi_nolock@@YA?AUwrite_result@?A0x9c548279@@HQEBDI@Z 0000000180033c5c     libucrt:write.obj
 0004:00001c68       $pdata$?write_text_ansi_nolock@@YA?AUwrite_result@?A0x9c548279@@HQEBDI@Z 0000000180033c68     libucrt:write.obj
 0004:00001c74       $pdata$?write_text_utf16le_nolock@@YA?AUwrite_result@?A0x9c548279@@HQEBDI@Z 0000000180033c74     libucrt:write.obj
 0004:00001c80       $pdata$?write_text_utf8_nolock@@YA?AUwrite_result@?A0x9c548279@@HQEBDI@Z 0000000180033c80     libucrt:write.obj
 0004:00001c8c       $pdata$??$common_lseek_nolock@_J@@YA_JH_JH@Z 0000000180033c8c     libucrt:lseek.obj
 0004:00001c98       $pdata$fclose              0000000180033c98     libucrt:fclose.obj
 0004:00001ca4       $pdata$fclose$fin$0        0000000180033ca4     libucrt:fclose.obj
 0004:00001cb0       $pdata$_fclose_nolock      0000000180033cb0     libucrt:fclose.obj
 0004:00001cbc       $pdata$_commit             0000000180033cbc     libucrt:commit.obj
 0004:00001cc8       $pdata$??$?RV<lambda_b521505b218e5242e90febf6bfebc422>@@AEAV<lambda_6978c1fb23f02e42e1d9e99668cc68aa>@@V<lambda_314360699dd331753a4119843814e9a7>@@@?$__crt_seh_guarded_call@H@@QEAAH$$QEAV<lambda_b521505b218e5242e90febf6bfebc422>@@AEAV<lambda_6978c1fb23f02e42e1d9e99668cc68aa>@@$$QEAV<lambda_314360699dd331753a4119843814e9a7>@@@Z 0000000180033cc8     libucrt:commit.obj
 0004:00001cd4       $pdata$?fin$0@?0???$?RV<lambda_bfedae4ebbf01fab1bb6dcc6a9e276e0>@@AEAV<lambda_2fe9b910cf3cbf4a0ab98a02ba45b3ec>@@V<lambda_237c231691f317818eb88cc1d5d642d6>@@@?$__crt_seh_guarded_call@H@@QEAAH$$QEAV<lambda_bfedae4ebbf01fab1bb6dcc6a9e276e0>@@AEAV<lambda_2fe9b910cf3cbf4a0ab98a02ba45b3ec>@@$$QEAV<lambda_237c231691f317818eb88cc1d5d642d6>@@@Z@4HA 0000000180033cd4     libucrt:close.obj
 0004:00001cd4       $pdata$?fin$0@?0???$?RV<lambda_b521505b218e5242e90febf6bfebc422>@@AEAV<lambda_6978c1fb23f02e42e1d9e99668cc68aa>@@V<lambda_314360699dd331753a4119843814e9a7>@@@?$__crt_seh_guarded_call@H@@QEAAH$$QEAV<lambda_b521505b218e5242e90febf6bfebc422>@@AEAV<lambda_6978c1fb23f02e42e1d9e99668cc68aa>@@$$QEAV<lambda_314360699dd331753a4119843814e9a7>@@@Z@4HA 0000000180033cd4     libucrt:commit.obj
 0004:00001ce0       $pdata$_setfpstatusword    0000000180033ce0     libucrt:_fenvutils.obj
 0004:00001cec       $pdata$_getfpcontrolword   0000000180033cec     libucrt:_fenvutils.obj
 0004:00001cf8       $pdata$_getfpstatusword    0000000180033cf8     libucrt:_fenvutils.obj
 0004:00001d04       $pdata$_clearfp            0000000180033d04     libucrt:ieee.obj
 0004:00001d10       $pdata$common_control87    0000000180033d10     libucrt:ieee.obj
 0004:00001d1c       $pdata$common_control87$filt$0 0000000180033d1c     libucrt:ieee.obj
 0004:00001d1c       $pdata$_ctrlfp$filt$0      0000000180033d1c     libucrt:fpctrl.obj
 0004:00001d28       $pdata$_call_matherr       0000000180033d28     libucrt:libm_error.obj
 0004:00001d34       $pdata$_exception_enabled  0000000180033d34     libucrt:libm_error.obj
 0004:00001d40       $pdata$_handle_error       0000000180033d40     libucrt:libm_error.obj
 0004:00001d4c       $pdata$__acrt_initialize_fma3 0000000180033d4c     libucrt:fma3_available.obj
 0004:00001d58       $pdata$_log_special_common 0000000180033d58     libucrt:log_special.obj
 0004:00001d64       $pdata$_log10_special      0000000180033d64     libucrt:log_special.obj
 0004:00001d70       $pdata$_putwch_nolock      0000000180033d70     libucrt:putwch.obj
 0004:00001d7c       $pdata$_close              0000000180033d7c     libucrt:close.obj
 0004:00001d88       $pdata$_close_nolock       0000000180033d88     libucrt:close.obj
 0004:00001d94       $pdata$??$?RV<lambda_bfedae4ebbf01fab1bb6dcc6a9e276e0>@@AEAV<lambda_2fe9b910cf3cbf4a0ab98a02ba45b3ec>@@V<lambda_237c231691f317818eb88cc1d5d642d6>@@@?$__crt_seh_guarded_call@H@@QEAAH$$QEAV<lambda_bfedae4ebbf01fab1bb6dcc6a9e276e0>@@AEAV<lambda_2fe9b910cf3cbf4a0ab98a02ba45b3ec>@@$$QEAV<lambda_237c231691f317818eb88cc1d5d642d6>@@@Z 0000000180033d94     libucrt:close.obj
 0004:00001dac       $pdata$_set_errno_from_matherr 0000000180033dac     libucrt:fpexcept.obj
 0004:00001db8       $pdata$_raise_exc          0000000180033db8     libucrt:fpexcept.obj
 0004:00001dc4       $pdata$_raise_exc_ex       0000000180033dc4     libucrt:fpexcept.obj
 0004:00001dd0       $pdata$_clrfp              0000000180033dd0     libucrt:fpctrl.obj
 0004:00001ddc       $pdata$_ctrlfp             0000000180033ddc     libucrt:fpctrl.obj
 0004:00001de8       $pdata$_statfp             0000000180033de8     libucrt:fpctrl.obj
 0004:00001df4       $pdata$_set_statfp         0000000180033df4     libucrt:fpctrl.obj
 0004:00001e00       $pdata$__dcrt_lowio_initialize_console_output 0000000180033e00     libucrt:initcon.obj
 0004:00001e0c       $pdata$__dcrt_terminate_console_output 0000000180033e0c     libucrt:initcon.obj
 0004:00001e18       $pdata$_IsNonwritableInCurrentImage 0000000180033e18     LIBCMT:pesect.obj
 0004:00001e24       $pdata$_IsNonwritableInCurrentImage$filt$0 0000000180033e24     LIBCMT:pesect.obj
 0004:00001e30       $pdata$strrchr             0000000180033e30     libvcruntime:strrchr.obj
 0005:00000220       $R000000                   0000000180034220     ItemDispenser.res
 0005:00000ba0       $R000980                   0000000180034ba0     ItemDispenser.res
 0005:00000c88       $R000A68                   0000000180034c88     ItemDispenser.res
 0005:00000ef0       $R000CD0                   0000000180034ef0     ItemDispenser.res
 0005:000013d8       $R0011B8                   00000001800353d8     ItemDispenser.res
 0005:00003920       $R003700                   0000000180037920     ItemDispenser.res
 0005:00003960       $R003740                   0000000180037960     ItemDispenser.res
