 OPOSBillAcceptor

 Timestamp is 5d429cca (Thu Aug  1 17:03:22 2019)

 Preferred load address is 0000000180000000

 Start         Length     Name                   Class
 0001:00000000 000000c0H .text$di                CODE
 0001:000000c0 00020100H .text$mn                CODE
 0001:000201c0 00000020H .text$mn$00             CODE
 0001:000201e0 00000400H .text$x                 CODE
 0001:000205e0 000000c0H .text$yd                CODE
 0002:00000000 00000618H .idata$5                DATA
 0002:00000618 00000010H .00cfg                  DATA
 0002:00000628 00000008H .CRT$XCA                DATA
 0002:00000630 00000008H .CRT$XCL                DATA
 0002:00000638 00000020H .CRT$XCU                DATA
 0002:00000658 00000008H .CRT$XCZ                DATA
 0002:00000660 00000008H .CRT$XIA                DATA
 0002:00000668 00000020H .CRT$XIC                DATA
 0002:00000688 00000008H .CRT$XIZ                DATA
 0002:00000690 00000008H .CRT$XLA                DATA
 0002:00000698 00000008H .CRT$XLZ                DATA
 0002:000006a0 00000008H .CRT$XPA                DATA
 0002:000006a8 00000010H .CRT$XPX                DATA
 0002:000006b8 00000008H .CRT$XPXA               DATA
 0002:000006c0 00000008H .CRT$XPZ                DATA
 0002:000006c8 00000008H .CRT$XTA                DATA
 0002:000006d0 00000010H .CRT$XTZ                DATA
 0002:000006d8 00000000H .gfids$y                DATA
 0002:000006e0 0000a0c8H .rdata                  DATA
 0002:0000a7a8 00000028H .rdata$T                DATA
 0002:0000a7d0 00000274H .rdata$r                DATA
 0002:0000aa44 0000040cH .rdata$zzzdbg           DATA
 0002:0000ae50 00000008H .rtc$IAA                DATA
 0002:0000ae58 00000008H .rtc$IZZ                DATA
 0002:0000ae60 00000008H .rtc$TAA                DATA
 0002:0000ae68 00000008H .rtc$TZZ                DATA
 0002:0000ae70 00000004H .tls                    DATA
 0002:0000ae74 00000004H .tls$                   DATA
 0002:0000ae78 00000008H .tls$ZZZ                DATA
 0002:0000ae80 00001610H .xdata                  DATA
 0002:0000c490 00000150H .xdata$x                DATA
 0002:0000c5e0 00000008H ATL$__a                 DATA
 0002:0000c5e8 00000008H ATL$__z                 DATA
 0002:0000c5f0 000000b0H .edata                  DATA
 0002:0000c6a0 00000078H .idata$2                DATA
 0002:0000c718 00000018H .idata$3                DATA
 0002:0000c730 00000618H .idata$4                DATA
 0002:0000cd48 00000c24H .idata$6                DATA
 0003:00000000 00000d78H .data                   DATA
 0003:00000d78 000000c8H .data$r                 DATA
 0003:00000e40 0000140cH .bss                    DATA
 0004:00000000 00001ed8H .pdata                  DATA
 0005:00000000 00000094H _RDATA                  DATA
 0006:00000000 00000220H .rsrc$01                DATA
 0006:00000220 00004090H .rsrc$02                DATA

  Address         Publics by Value              Rva+Base               Lib:Object

 0000:00000000       __guard_fids_count         0000000000000000     <absolute>
 0000:00000000       __guard_longjmp_count      0000000000000000     <absolute>
 0000:00000000       __guard_longjmp_table      0000000000000000     <absolute>
 0000:00000000       __hybrid_code_map          0000000000000000     <absolute>
 0000:00000000       __guard_iat_count          0000000000000000     <absolute>
 0000:00000000       __volatile_metadata        0000000000000000     <absolute>
 0000:00000000       __guard_iat_table          0000000000000000     <absolute>
 0000:00000000       __hybrid_code_map_count    0000000000000000     <absolute>
 0000:00000000       __enclave_config           0000000000000000     <absolute>
 0000:00000000       ___safe_se_handler_count   0000000000000000     <absolute>
 0000:00000000       __AbsoluteZero             0000000000000000     <absolute>
 0000:00000000       ___safe_se_handler_table   0000000000000000     <absolute>
 0000:00000000       __guard_fids_table         0000000000000000     <absolute>
 0000:00000000       __hybrid_auxiliary_iat     0000000000000000     <absolute>
 0000:00000000       __dynamic_value_reloc_table 0000000000000000     <absolute>
 0000:00000100       __guard_flags              0000000000000100     <absolute>
 0000:00000000       __ImageBase                0000000180000000     <linker-defined>
 0001:000000c0       ?DupWide@_CW@@AEAAXXZ      00000001800010c0 f   CWString.obj
 0001:000000e8       ?cw_dup@@YAXPEBDAEAHAEAPEA_W1@Z 00000001800010e8 f   CWString.obj
 0001:00000194       ?cw_memcpy@@YAHPEA_WPEBDH@Z 0000000180001194 f   CWString.obj
 0001:000001e0       ?cw_strcpy@@YAHPEA_WPEBD@Z 00000001800011e0 f   CWString.obj
 0001:000001f4       ??0CAtlComModule@ATL@@QEAA@XZ 00000001800011f4 f i OposVariant.obj
 0001:00000274       ??0CAtlWinModule@ATL@@QEAA@XZ 0000000180001274 f i OposVariant.obj
 0001:000002e0       ??0OposDispParms@@QEAA@PEAVOposVariant@@H@Z 00000001800012e0 f   OposVariant.obj
 0001:00000388       ??1OposDispParms@@QEAA@XZ  0000000180001388 f   OposVariant.obj
 0001:000003a0       ??_Estringdispid@CComTypeInfoHolder@ATL@@QEAAPEAXI@Z 00000001800013a0 f i OposVariant.obj
 0001:00000444       ?AtlWinModuleTerm@ATL@@YAJPEAU_ATL_WIN_MODULE70@1@PEAUHINSTANCE__@@@Z 0000000180001444 f i OposVariant.obj
 0001:000004f4       ?ChangeBSTR@OposVariant@@QEAAXPEAPEA_WAEAJ@Z 00000001800014f4 f   OposVariant.obj
 0001:00000554       ?ChangeLONG@OposVariant@@QEAAXPEAJAEAJ@Z 0000000180001554 f   OposVariant.obj
 0001:000005b0       ?GetLONG@OposVariant@@QEAAJXZ 00000001800015b0 f   OposVariant.obj
 0001:000005d4       ?SetBSTR@OposVariant@@QEAAXPEA_WAEAJ@Z 00000001800015d4 f   OposVariant.obj
 0001:00000614       ?SetBSTR_Copy@OposVariant@@QEAAXPEA_WAEAJ@Z 0000000180001614 f   OposVariant.obj
 0001:00000684       ?SetBSTR_InOutPtr@OposVariant@@QEAA_NPEAPEA_WAEAJ@Z 0000000180001684 f   OposVariant.obj
 0001:000006d4       ?SetBSTR_OutPtr@OposVariant@@QEAA_NPEAPEA_WAEAJ@Z 00000001800016d4 f   OposVariant.obj
 0001:000006f0       ?SetDispatch_Ptr@OposVariant@@QEAAXPEAUIDispatch@@AEAJ@Z 00000001800016f0 f   OposVariant.obj
 0001:00000748       ?SetLONG@OposVariant@@QEAAXJ@Z 0000000180001748 f   OposVariant.obj
 0001:00000778       ?SetLONG_Ptr@OposVariant@@QEAAXPEAJAEAJ@Z 0000000180001778 f   OposVariant.obj
 0001:000007c4       ?SetString@OposVariant@@QEAAXPEB_WAEAJ@Z 00000001800017c4 f   OposVariant.obj
 0001:00000828       ?SetVARIANT_BOOL@OposVariant@@QEAAXF@Z 0000000180001828 f   OposVariant.obj
 0001:00000860       ?SetVARIANT_BOOL_Ptr@OposVariant@@QEAAXPEAFAEAJ@Z 0000000180001860 f   OposVariant.obj
 0001:000008ac       ?Term@CAtlComModule@ATL@@QEAAXXZ 00000001800018ac f i OposVariant.obj
 0001:0000091c       ?_AtlInitializeCriticalSectionEx@ATL@@YAHPEAU_RTL_CRITICAL_SECTION@@KK@Z 000000018000191c f i OposVariant.obj
 0001:00000924       ?_AtlRaiseException@ATL@@YAXKK@Z 0000000180001924 f i OposVariant.obj
 0001:00000934       ?AddRef@?$CComObjectCached@VCComClassFactory@ATL@@@ATL@@UEAAKXZ 0000000180001934 f i BillAcceptor.obj
 0001:00000960       ?Release@?$CComObjectCached@VCComClassFactory@ATL@@@ATL@@UEAAKXZ 0000000180001960 f i BillAcceptor.obj
 0001:000009a0       ?QueryInterface@?$CComObjectCached@VCComClassFactory@ATL@@@ATL@@UEAAJAEBU_GUID@@PEAPEAX@Z 00000001800019a0 f i BillAcceptor.obj
 0001:000009b4       ??_G?$CComObjectCached@VCComClassFactory@ATL@@@ATL@@UEAAPEAXI@Z 00000001800019b4 f i BillAcceptor.obj
 0001:000009b4       ??_E?$CComObjectCached@VCComClassFactory@ATL@@@ATL@@UEAAPEAXI@Z 00000001800019b4 f i BillAcceptor.obj
 0001:00000a0c       ?AddRef@?$CComAggObject@VCOPOSBillAcceptor@@@ATL@@UEAAKXZ 0000000180001a0c f i BillAcceptor.obj
 0001:00000a18       ?Release@?$CComAggObject@VCOPOSBillAcceptor@@@ATL@@UEAAKXZ 0000000180001a18 f i BillAcceptor.obj
 0001:00000a6c       ?QueryInterface@?$CComAggObject@VCOPOSBillAcceptor@@@ATL@@UEAAJAEBU_GUID@@PEAPEAX@Z 0000000180001a6c f i BillAcceptor.obj
 0001:00000acc       ?AddRef@?$CComContainedObject@VCOPOSBillAcceptor@@@ATL@@UEAAKXZ 0000000180001acc f i BillAcceptor.obj
 0001:00000adc       ?Release@?$CComContainedObject@VCOPOSBillAcceptor@@@ATL@@UEAAKXZ 0000000180001adc f i BillAcceptor.obj
 0001:00000aec       ?QueryInterface@?$CComContainedObject@VCOPOSBillAcceptor@@@ATL@@UEAAJAEBU_GUID@@PEAPEAX@Z 0000000180001aec f i BillAcceptor.obj
 0001:00000afc       ??_G?$CComAggObject@VCOPOSBillAcceptor@@@ATL@@UEAAPEAXI@Z 0000000180001afc f i BillAcceptor.obj
 0001:00000afc       ??_E?$CComAggObject@VCOPOSBillAcceptor@@@ATL@@UEAAPEAXI@Z 0000000180001afc f i BillAcceptor.obj
 0001:00000b54       ?AddRef@?$CComObject@VCOPOSBillAcceptor@@@ATL@@UEAAKXZ 0000000180001b54 f i BillAcceptor.obj
 0001:00000b64       ?Release@?$CComObject@VCOPOSBillAcceptor@@@ATL@@UEAAKXZ 0000000180001b64 f i BillAcceptor.obj
 0001:00000bbc       ?QueryInterface@?$CComObject@VCOPOSBillAcceptor@@@ATL@@UEAAJAEBU_GUID@@PEAPEAX@Z 0000000180001bbc f i BillAcceptor.obj
 0001:00000bd0       ?Lock@CAtlModule@ATL@@UEAAJXZ 0000000180001bd0 f i BillAcceptor.obj
 0001:00000be0       ?Unlock@CAtlModule@ATL@@UEAAJXZ 0000000180001be0 f i BillAcceptor.obj
 0001:00000bec       ?GetLockCount@CAtlModule@ATL@@UEAAJXZ 0000000180001bec f i BillAcceptor.obj
 0001:00000bf0       ?GetGITPtr@CAtlModule@ATL@@UEAAJPEAPEAUIGlobalInterfaceTable@@@Z 0000000180001bf0 f i BillAcceptor.obj
 0001:00000c60       ?AddCommonRGSReplacements@?$CAtlModuleT@VCComModule@ATL@@@ATL@@UEAAJPEAUIRegistrarBase@@@Z 0000000180001c60 f i BillAcceptor.obj
 0001:00000c78       ?UpdateRegistryFromResourceD@CComModule@ATL@@UEAAJIHPEAU_ATL_REGMAP_ENTRY@2@@Z 0000000180001c78 f i BillAcceptor.obj
 0001:00000c78       ?UpdateRegistryFromResourceD@CComModule@ATL@@UEAAJPEB_WHPEAU_ATL_REGMAP_ENTRY@2@@Z 0000000180001c78 f i BillAcceptor.obj
 0001:00000c80       ?UpdateRegistryFromResource@CComModule@ATL@@UEAAJPEB_WHPEAU_ATL_REGMAP_ENTRY@2@@Z 0000000180001c80 f i BillAcceptor.obj
 0001:00000c88       ?OnDrawAdvanced@CComControlBase@ATL@@UEAAJAEAUATL_DRAWINFO@@@Z 0000000180001c88 f i BillAcceptor.obj
 0001:00000da8       ?UpdateRegistryFromResource@CComModule@ATL@@UEAAJIHPEAU_ATL_REGMAP_ENTRY@2@@Z 0000000180001da8 f i BillAcceptor.obj
 0001:00000db0       ??_GCComModule@ATL@@UEAAPEAXI@Z 0000000180001db0 f i BillAcceptor.obj
 0001:00000db0       ??_ECComModule@ATL@@UEAAPEAXI@Z 0000000180001db0 f i BillAcceptor.obj
 0001:00000e30       ?Next@?$CComEnumImpl@UIEnumConnections@@$1?_GUID_b196b287_bab4_101a_b69c_00aa00341d07@@3U__s_GUID@@BUtagCONNECTDATA@@V?$_Copy@UtagCONNECTDATA@@@ATL@@@ATL@@UEAAJKPEAUtagCONNECTDATA@@PEAK@Z 0000000180001e30 f i BillAcceptor.obj
 0001:00000f04       ?Skip@?$CComEnumImpl@UIEnumConnections@@$1?_GUID_b196b287_bab4_101a_b69c_00aa00341d07@@3U__s_GUID@@BUtagCONNECTDATA@@V?$_Copy@UtagCONNECTDATA@@@ATL@@@ATL@@UEAAJK@Z 0000000180001f04 f i BillAcceptor.obj
 0001:00000f30       ?Reset@?$CComEnumImpl@UIEnumConnections@@$1?_GUID_b196b287_bab4_101a_b69c_00aa00341d07@@3U__s_GUID@@BUtagCONNECTDATA@@V?$_Copy@UtagCONNECTDATA@@@ATL@@@ATL@@UEAAJXZ 0000000180001f30 f i BillAcceptor.obj
 0001:00000f30       ?Reset@?$CComEnumImpl@UIEnumConnectionPoints@@$1?_GUID_b196b285_bab4_101a_b69c_00aa00341d07@@3U__s_GUID@@BPEAUIConnectionPoint@@V?$_CopyInterface@UIConnectionPoint@@@ATL@@@ATL@@UEAAJXZ 0000000180001f30 f i BillAcceptor.obj
 0001:00000f3c       ?Clone@?$CComEnumImpl@UIEnumConnections@@$1?_GUID_b196b287_bab4_101a_b69c_00aa00341d07@@3U__s_GUID@@BUtagCONNECTDATA@@V?$_Copy@UtagCONNECTDATA@@@ATL@@@ATL@@UEAAJPEAPEAUIEnumConnections@@@Z 0000000180001f3c f i BillAcceptor.obj
 0001:00001068       ?AddRef@?$CComObject@V?$CComEnum@UIEnumConnections@@$1?_GUID_b196b287_bab4_101a_b69c_00aa00341d07@@3U__s_GUID@@BUtagCONNECTDATA@@V?$_Copy@UtagCONNECTDATA@@@ATL@@VCComSingleThreadModel@6@@ATL@@@ATL@@UEAAKXZ 0000000180002068 f i BillAcceptor.obj
 0001:00001068       ?AddRef@?$CComObject@V?$CComEnum@UIEnumConnectionPoints@@$1?_GUID_b196b285_bab4_101a_b69c_00aa00341d07@@3U__s_GUID@@BPEAUIConnectionPoint@@V?$_CopyInterface@UIConnectionPoint@@@ATL@@VCComSingleThreadModel@6@@ATL@@@ATL@@UEAAKXZ 0000000180002068 f i BillAcceptor.obj
 0001:00001074       ?Release@?$CComObject@V?$CComEnum@UIEnumConnections@@$1?_GUID_b196b287_bab4_101a_b69c_00aa00341d07@@3U__s_GUID@@BUtagCONNECTDATA@@V?$_Copy@UtagCONNECTDATA@@@ATL@@VCComSingleThreadModel@6@@ATL@@@ATL@@UEAAKXZ 0000000180002074 f i BillAcceptor.obj
 0001:00001074       ?Release@?$CComObject@V?$CComEnum@UIEnumConnectionPoints@@$1?_GUID_b196b285_bab4_101a_b69c_00aa00341d07@@3U__s_GUID@@BPEAUIConnectionPoint@@V?$_CopyInterface@UIConnectionPoint@@@ATL@@VCComSingleThreadModel@6@@ATL@@@ATL@@UEAAKXZ 0000000180002074 f i BillAcceptor.obj
 0001:000010c8       ?QueryInterface@?$CComObject@V?$CComEnum@UIEnumConnections@@$1?_GUID_b196b287_bab4_101a_b69c_00aa00341d07@@3U__s_GUID@@BUtagCONNECTDATA@@V?$_Copy@UtagCONNECTDATA@@@ATL@@VCComSingleThreadModel@6@@ATL@@@ATL@@UEAAJAEBU_GUID@@PEAPEAX@Z 00000001800020c8 f i BillAcceptor.obj
 0001:000010dc       ??_G?$CComObject@V?$CComEnum@UIEnumConnections@@$1?_GUID_b196b287_bab4_101a_b69c_00aa00341d07@@3U__s_GUID@@BUtagCONNECTDATA@@V?$_Copy@UtagCONNECTDATA@@@ATL@@VCComSingleThreadModel@6@@ATL@@@ATL@@UEAAPEAXI@Z 00000001800020dc f i BillAcceptor.obj
 0001:000010dc       ??_E?$CComObject@V?$CComEnum@UIEnumConnections@@$1?_GUID_b196b287_bab4_101a_b69c_00aa00341d07@@3U__s_GUID@@BUtagCONNECTDATA@@V?$_Copy@UtagCONNECTDATA@@@ATL@@VCComSingleThreadModel@6@@ATL@@@ATL@@UEAAPEAXI@Z 00000001800020dc f i BillAcceptor.obj
 0001:00001134       ?OnMnemonic@?$IOleControlImpl@VCOPOSBillAcceptor@@@ATL@@UEAAJPEAUtagMSG@@@Z 0000000180002134 f i BillAcceptor.obj
 0001:00001134       ?SOErrorDummy@COPOSBillAcceptor@@MEAAJJJJPEAJ@Z 0000000180002134 f i BillAcceptor.obj
 0001:00001134       ?GetControlInfo@?$IOleControlImpl@VCOPOSBillAcceptor@@@ATL@@UEAAJPEAUtagCONTROLINFO@@@Z 0000000180002134 f i BillAcceptor.obj
 0001:00001134       ?ContextSensitiveHelp@?$IOleInPlaceObjectWindowlessImpl@VCOPOSBillAcceptor@@@ATL@@UEAAJH@Z 0000000180002134 f i BillAcceptor.obj
 0001:00001134       ?GetMoniker@?$IOleObjectImpl@VCOPOSBillAcceptor@@@ATL@@UEAAJKKPEAPEAUIMoniker@@@Z 0000000180002134 f i BillAcceptor.obj
 0001:00001134       ?Unfreeze@?$IViewObjectExImpl@VCOPOSBillAcceptor@@@ATL@@UEAAJK@Z 0000000180002134 f i BillAcceptor.obj
 0001:00001134       ?ReactivateAndUndo@?$IOleInPlaceObjectWindowlessImpl@VCOPOSBillAcceptor@@@ATL@@UEAAJXZ 0000000180002134 f i BillAcceptor.obj
 0001:00001134       ?SetData@?$IDataObjectImpl@VCOPOSBillAcceptor@@@ATL@@UEAAJPEAUtagFORMATETC@@PEAUtagSTGMEDIUM@@H@Z 0000000180002134 f i BillAcceptor.obj
 0001:00001134       ?ContextSensitiveHelp@?$IOleInPlaceActiveObjectImpl@VCOPOSBillAcceptor@@@ATL@@UEAAJH@Z 0000000180002134 f i BillAcceptor.obj
 0001:00001134       ?InitFromData@?$IOleObjectImpl@VCOPOSBillAcceptor@@@ATL@@UEAAJPEAUIDataObject@@HK@Z 0000000180002134 f i BillAcceptor.obj
 0001:00001134       ?GetDataHere@?$IDataObjectImpl@VCOPOSBillAcceptor@@@ATL@@UEAAJPEAUtagFORMATETC@@PEAUtagSTGMEDIUM@@@Z 0000000180002134 f i BillAcceptor.obj
 0001:00001134       ?GetDropTarget@?$IOleInPlaceObjectWindowlessImpl@VCOPOSBillAcceptor@@@ATL@@UEAAJPEAPEAUIDropTarget@@@Z 0000000180002134 f i BillAcceptor.obj
 0001:00001134       ?SetColorScheme@?$IOleObjectImpl@VCOPOSBillAcceptor@@@ATL@@UEAAJPEAUtagLOGPALETTE@@@Z 0000000180002134 f i BillAcceptor.obj
 0001:00001134       ?Freeze@?$IViewObjectExImpl@VCOPOSBillAcceptor@@@ATL@@UEAAJKJPEAXPEAK@Z 0000000180002134 f i BillAcceptor.obj
 0001:00001134       ?GetClipboardData@?$IOleObjectImpl@VCOPOSBillAcceptor@@@ATL@@UEAAJKPEAPEAUIDataObject@@@Z 0000000180002134 f i BillAcceptor.obj
 0001:00001134       ?EnumFormatEtc@?$IDataObjectImpl@VCOPOSBillAcceptor@@@ATL@@UEAAJKPEAPEAUIEnumFORMATETC@@@Z 0000000180002134 f i BillAcceptor.obj
 0001:00001134       ?QueryInterface@CRegObject@ATL@@UEAAJAEBU_GUID@@PEAPEAX@Z 0000000180002134 f i BillAcceptor.obj
 0001:00001134       ?GetRect@?$IViewObjectExImpl@VCOPOSBillAcceptor@@@ATL@@UEAAJKPEAU_RECTL@@@Z 0000000180002134 f i BillAcceptor.obj
 0001:00001134       ?GetColorSet@?$IViewObjectExImpl@VCOPOSBillAcceptor@@@ATL@@UEAAJKJPEAXPEAUtagDVTARGETDEVICE@@PEAUHDC__@@PEAPEAUtagLOGPALETTE@@@Z 0000000180002134 f i BillAcceptor.obj
 0001:00001134       ?SetMoniker@?$IOleObjectImpl@VCOPOSBillAcceptor@@@ATL@@UEAAJKPEAUIMoniker@@@Z 0000000180002134 f i BillAcceptor.obj
 0001:00001134       ?SOOutputCompleteDummy@COPOSBillAcceptor@@MEAAJJ@Z 0000000180002134 f i BillAcceptor.obj
 0001:00001134       ?GetCanonicalFormatEtc@?$IDataObjectImpl@VCOPOSBillAcceptor@@@ATL@@UEAAJPEAUtagFORMATETC@@0@Z 0000000180002134 f i BillAcceptor.obj
 0001:00001134       ?QueryGetData@?$IDataObjectImpl@VCOPOSBillAcceptor@@@ATL@@UEAAJPEAUtagFORMATETC@@@Z 0000000180002134 f i BillAcceptor.obj
 0001:0000113c       ?AddRef@CRegObject@ATL@@UEAAKXZ 000000018000213c f i BillAcceptor.obj
 0001:0000113c       ?FAccessAllowed@?$IObjectSafetyImpl@VCOPOSBillAcceptor@@$02@ATL@@MEAAHXZ 000000018000213c f i BillAcceptor.obj
 0001:0000113c       _get_startup_argv_mode     000000018000213c f i LIBCMT:argv_mode.obj
 0001:00001144       ?Release@CRegObject@ATL@@UEAAKXZ 0000000180002144 f i BillAcceptor.obj
 0001:00001144       ?Update@?$IOleObjectImpl@VCOPOSBillAcceptor@@@ATL@@UEAAJXZ 0000000180002144 f i BillAcceptor.obj
 0001:00001144       ?OnAmbientPropertyChange@?$IOleControlImpl@VCOPOSBillAcceptor@@@ATL@@UEAAJJ@Z 0000000180002144 f i BillAcceptor.obj
 0001:00001144       ?GetObjectDescription@?$CComCoClass@VCOPOSBillAcceptor@@$1?CLSID_OPOSBillAcceptor@@3U_GUID@@B@ATL@@SAPEB_WXZ 0000000180002144 f i BillAcceptor.obj
 0001:00001144       ?ResizeBorder@?$IOleInPlaceActiveObjectImpl@VCOPOSBillAcceptor@@@ATL@@UEAAJPEBUtagRECT@@PEAUIOleInPlaceUIWindow@@H@Z 0000000180002144 f i BillAcceptor.obj
 0001:00001144       ?SaveCompleted@?$IPersistStorageImpl@VCOPOSBillAcceptor@@@ATL@@UEAAJPEAUIStorage@@@Z 0000000180002144 f i BillAcceptor.obj
 0001:00001144       ?SetHostNames@?$IOleObjectImpl@VCOPOSBillAcceptor@@@ATL@@UEAAJPEB_W0@Z 0000000180002144 f i BillAcceptor.obj
 0001:00001144       ?HandsOffStorage@?$IPersistStorageImpl@VCOPOSBillAcceptor@@@ATL@@UEAAJXZ 0000000180002144 f i BillAcceptor.obj
 0001:00001144       ?IsUpToDate@?$IOleObjectImpl@VCOPOSBillAcceptor@@@ATL@@UEAAJXZ 0000000180002144 f i BillAcceptor.obj
 0001:00001144       ?EnableModeless@?$IOleInPlaceActiveObjectImpl@VCOPOSBillAcceptor@@@ATL@@UEAAJH@Z 0000000180002144 f i BillAcceptor.obj
 0001:00001144       ?GetCategoryMap@CComObjectRootBase@ATL@@SAPEBU_ATL_CATMAP_ENTRY@2@XZ 0000000180002144 f i BillAcceptor.obj
 0001:00001144       ?OnFrameWindowActivate@?$IOleInPlaceActiveObjectImpl@VCOPOSBillAcceptor@@@ATL@@UEAAJH@Z 0000000180002144 f i BillAcceptor.obj
 0001:00001148       ?AddReplacement@CRegObject@ATL@@UEAAJPEB_W0@Z 0000000180002148 f i BillAcceptor.obj
 0001:00001178       ?ClearReplacements@CRegObject@ATL@@UEAAJXZ 0000000180002178 f i BillAcceptor.obj
 0001:00001184       ??_E?$CComObject@VCOPOSBillAcceptor@@@ATL@@W7EAAPEAXI@Z 0000000180002184 f i BillAcceptor.obj
 0001:00001190       ??_E?$CComObject@VCOPOSBillAcceptor@@@ATL@@WHA@EAAPEAXI@Z 0000000180002190 f i BillAcceptor.obj
 0001:0000119c       ?QueryInterface@?$CComObject@VCOPOSBillAcceptor@@@ATL@@WLI@EAAJAEBU_GUID@@PEAPEAX@Z 000000018000219c f i BillAcceptor.obj
 0001:000011a8       ?AddRef@?$CComObject@VCOPOSBillAcceptor@@@ATL@@WLI@EAAKXZ 00000001800021a8 f i BillAcceptor.obj
 0001:000011b4       ?Release@?$CComObject@VCOPOSBillAcceptor@@@ATL@@WLI@EAAKXZ 00000001800021b4 f i BillAcceptor.obj
 0001:000011c0       ?QueryInterface@?$CComObject@VCOPOSBillAcceptor@@@ATL@@WMA@EAAJAEBU_GUID@@PEAPEAX@Z 00000001800021c0 f i BillAcceptor.obj
 0001:000011cc       ?AddRef@?$CComObject@VCOPOSBillAcceptor@@@ATL@@WMA@EAAKXZ 00000001800021cc f i BillAcceptor.obj
 0001:000011d8       ?Release@?$CComObject@VCOPOSBillAcceptor@@@ATL@@WMA@EAAKXZ 00000001800021d8 f i BillAcceptor.obj
 0001:000011e4       ?QueryInterface@?$CComObject@VCOPOSBillAcceptor@@@ATL@@WMI@EAAJAEBU_GUID@@PEAPEAX@Z 00000001800021e4 f i BillAcceptor.obj
 0001:000011f0       ?AddRef@?$CComObject@VCOPOSBillAcceptor@@@ATL@@WMI@EAAKXZ 00000001800021f0 f i BillAcceptor.obj
 0001:000011fc       ?Release@?$CComObject@VCOPOSBillAcceptor@@@ATL@@WMI@EAAKXZ 00000001800021fc f i BillAcceptor.obj
 0001:00001208       ?QueryInterface@?$CComObject@VCOPOSBillAcceptor@@@ATL@@WNA@EAAJAEBU_GUID@@PEAPEAX@Z 0000000180002208 f i BillAcceptor.obj
 0001:00001214       ?AddRef@?$CComObject@VCOPOSBillAcceptor@@@ATL@@WNA@EAAKXZ 0000000180002214 f i BillAcceptor.obj
 0001:00001220       ?Release@?$CComObject@VCOPOSBillAcceptor@@@ATL@@WNA@EAAKXZ 0000000180002220 f i BillAcceptor.obj
 0001:0000122c       ?QueryInterface@?$CComObject@VCOPOSBillAcceptor@@@ATL@@WNI@EAAJAEBU_GUID@@PEAPEAX@Z 000000018000222c f i BillAcceptor.obj
 0001:00001238       ??_ECRegObject@ATL@@UEAAPEAXI@Z 0000000180002238 f i BillAcceptor.obj
 0001:00001238       ??_GCRegObject@ATL@@UEAAPEAXI@Z 0000000180002238 f i BillAcceptor.obj
 0001:000012b8       ?AddRef@?$CComObject@VCOPOSBillAcceptor@@@ATL@@WNI@EAAKXZ 00000001800022b8 f i BillAcceptor.obj
 0001:000012c4       ?Release@?$CComObject@VCOPOSBillAcceptor@@@ATL@@WNI@EAAKXZ 00000001800022c4 f i BillAcceptor.obj
 0001:000012d0       ?QueryInterface@?$CComObject@VCOPOSBillAcceptor@@@ATL@@WOA@EAAJAEBU_GUID@@PEAPEAX@Z 00000001800022d0 f i BillAcceptor.obj
 0001:000012dc       ?AddRef@?$CComObject@VCOPOSBillAcceptor@@@ATL@@WOA@EAAKXZ 00000001800022dc f i BillAcceptor.obj
 0001:000012e8       ?Release@?$CComObject@VCOPOSBillAcceptor@@@ATL@@WOA@EAAKXZ 00000001800022e8 f i BillAcceptor.obj
 0001:000012f4       ?QueryInterface@?$CComObject@VCOPOSBillAcceptor@@@ATL@@WOI@EAAJAEBU_GUID@@PEAPEAX@Z 00000001800022f4 f i BillAcceptor.obj
 0001:00001300       ?AddRef@?$CComObject@VCOPOSBillAcceptor@@@ATL@@WOI@EAAKXZ 0000000180002300 f i BillAcceptor.obj
 0001:0000130c       ?Release@?$CComObject@VCOPOSBillAcceptor@@@ATL@@WOI@EAAKXZ 000000018000230c f i BillAcceptor.obj
 0001:00001318       ?QueryInterface@?$CComObject@VCOPOSBillAcceptor@@@ATL@@WPA@EAAJAEBU_GUID@@PEAPEAX@Z 0000000180002318 f i BillAcceptor.obj
 0001:00001324       ?AddRef@?$CComObject@VCOPOSBillAcceptor@@@ATL@@WPA@EAAKXZ 0000000180002324 f i BillAcceptor.obj
 0001:00001330       ?Release@?$CComObject@VCOPOSBillAcceptor@@@ATL@@WPA@EAAKXZ 0000000180002330 f i BillAcceptor.obj
 0001:0000133c       ?QueryInterface@?$CComObject@VCOPOSBillAcceptor@@@ATL@@WPI@EAAJAEBU_GUID@@PEAPEAX@Z 000000018000233c f i BillAcceptor.obj
 0001:00001348       ?AddRef@?$CComObject@VCOPOSBillAcceptor@@@ATL@@WPI@EAAKXZ 0000000180002348 f i BillAcceptor.obj
 0001:00001354       ?Release@?$CComObject@VCOPOSBillAcceptor@@@ATL@@WPI@EAAKXZ 0000000180002354 f i BillAcceptor.obj
 0001:00001360       ?QueryInterface@?$CComObject@VCOPOSBillAcceptor@@@ATL@@WBAA@EAAJAEBU_GUID@@PEAPEAX@Z 0000000180002360 f i BillAcceptor.obj
 0001:0000136c       ?AddRef@?$CComObject@VCOPOSBillAcceptor@@@ATL@@WBAA@EAAKXZ 000000018000236c f i BillAcceptor.obj
 0001:00001378       ?Release@?$CComObject@VCOPOSBillAcceptor@@@ATL@@WBAA@EAAKXZ 0000000180002378 f i BillAcceptor.obj
 0001:00001384       ?QueryInterface@?$CComObject@VCOPOSBillAcceptor@@@ATL@@WBAI@EAAJAEBU_GUID@@PEAPEAX@Z 0000000180002384 f i BillAcceptor.obj
 0001:00001390       ?AddRef@?$CComObject@VCOPOSBillAcceptor@@@ATL@@WBAI@EAAKXZ 0000000180002390 f i BillAcceptor.obj
 0001:0000139c       ?Release@?$CComObject@VCOPOSBillAcceptor@@@ATL@@WBAI@EAAKXZ 000000018000239c f i BillAcceptor.obj
 0001:000013a8       ?QueryInterface@?$CComObject@VCOPOSBillAcceptor@@@ATL@@WBBA@EAAJAEBU_GUID@@PEAPEAX@Z 00000001800023a8 f i BillAcceptor.obj
 0001:000013b4       ?AddRef@?$CComObject@VCOPOSBillAcceptor@@@ATL@@WBBA@EAAKXZ 00000001800023b4 f i BillAcceptor.obj
 0001:000013c0       ?Release@?$CComObject@VCOPOSBillAcceptor@@@ATL@@WBBA@EAAKXZ 00000001800023c0 f i BillAcceptor.obj
 0001:000013cc       ?QueryInterface@?$CComObject@VCOPOSBillAcceptor@@@ATL@@WBBI@EAAJAEBU_GUID@@PEAPEAX@Z 00000001800023cc f i BillAcceptor.obj
 0001:000013d8       ?AddRef@?$CComObject@VCOPOSBillAcceptor@@@ATL@@WBBI@EAAKXZ 00000001800023d8 f i BillAcceptor.obj
 0001:000013e4       ?Release@?$CComObject@VCOPOSBillAcceptor@@@ATL@@WBBI@EAAKXZ 00000001800023e4 f i BillAcceptor.obj
 0001:000013f0       ?AddRef@?$CComObject@VCOPOSBillAcceptor@@@ATL@@WBCI@EAAKXZ 00000001800023f0 f i BillAcceptor.obj
 0001:000013fc       ?Release@?$CComObject@VCOPOSBillAcceptor@@@ATL@@WBCI@EAAKXZ 00000001800023fc f i BillAcceptor.obj
 0001:00001408       ?AddRef@?$CComObject@VCOPOSBillAcceptor@@@ATL@@WBEA@EAAKXZ 0000000180002408 f i BillAcceptor.obj
 0001:00001414       ?Release@?$CComObject@VCOPOSBillAcceptor@@@ATL@@WBEA@EAAKXZ 0000000180002414 f i BillAcceptor.obj
 0001:00001420       ??_E?$CComContainedObject@VCOPOSBillAcceptor@@@ATL@@W7EAAPEAXI@Z 0000000180002420 f i BillAcceptor.obj
 0001:0000142c       ??_E?$CComContainedObject@VCOPOSBillAcceptor@@@ATL@@WHA@EAAPEAXI@Z 000000018000242c f i BillAcceptor.obj
 0001:00001438       ?QueryInterface@?$CComContainedObject@VCOPOSBillAcceptor@@@ATL@@WLI@EAAJAEBU_GUID@@PEAPEAX@Z 0000000180002438 f i BillAcceptor.obj
 0001:00001444       ?AddRef@?$CComContainedObject@VCOPOSBillAcceptor@@@ATL@@WLI@EAAKXZ 0000000180002444 f i BillAcceptor.obj
 0001:00001450       ?Release@?$CComContainedObject@VCOPOSBillAcceptor@@@ATL@@WLI@EAAKXZ 0000000180002450 f i BillAcceptor.obj
 0001:0000145c       ?QueryInterface@?$CComContainedObject@VCOPOSBillAcceptor@@@ATL@@WMA@EAAJAEBU_GUID@@PEAPEAX@Z 000000018000245c f i BillAcceptor.obj
 0001:00001468       ?AddRef@?$CComContainedObject@VCOPOSBillAcceptor@@@ATL@@WMA@EAAKXZ 0000000180002468 f i BillAcceptor.obj
 0001:00001474       ?Release@?$CComContainedObject@VCOPOSBillAcceptor@@@ATL@@WMA@EAAKXZ 0000000180002474 f i BillAcceptor.obj
 0001:00001480       ?QueryInterface@?$CComContainedObject@VCOPOSBillAcceptor@@@ATL@@WMI@EAAJAEBU_GUID@@PEAPEAX@Z 0000000180002480 f i BillAcceptor.obj
 0001:0000148c       ?AddRef@?$CComContainedObject@VCOPOSBillAcceptor@@@ATL@@WMI@EAAKXZ 000000018000248c f i BillAcceptor.obj
 0001:00001498       ?Release@?$CComContainedObject@VCOPOSBillAcceptor@@@ATL@@WMI@EAAKXZ 0000000180002498 f i BillAcceptor.obj
 0001:000014a4       ?QueryInterface@?$CComContainedObject@VCOPOSBillAcceptor@@@ATL@@WNA@EAAJAEBU_GUID@@PEAPEAX@Z 00000001800024a4 f i BillAcceptor.obj
 0001:000014b0       ?AddRef@?$CComContainedObject@VCOPOSBillAcceptor@@@ATL@@WNA@EAAKXZ 00000001800024b0 f i BillAcceptor.obj
 0001:000014bc       ?Release@?$CComContainedObject@VCOPOSBillAcceptor@@@ATL@@WNA@EAAKXZ 00000001800024bc f i BillAcceptor.obj
 0001:000014c8       ?QueryInterface@?$CComContainedObject@VCOPOSBillAcceptor@@@ATL@@WNI@EAAJAEBU_GUID@@PEAPEAX@Z 00000001800024c8 f i BillAcceptor.obj
 0001:000014d4       ?AddRef@?$CComContainedObject@VCOPOSBillAcceptor@@@ATL@@WNI@EAAKXZ 00000001800024d4 f i BillAcceptor.obj
 0001:000014e0       ?Release@?$CComContainedObject@VCOPOSBillAcceptor@@@ATL@@WNI@EAAKXZ 00000001800024e0 f i BillAcceptor.obj
 0001:000014ec       ?QueryInterface@?$CComContainedObject@VCOPOSBillAcceptor@@@ATL@@WOA@EAAJAEBU_GUID@@PEAPEAX@Z 00000001800024ec f i BillAcceptor.obj
 0001:000014f8       ?AddRef@?$CComContainedObject@VCOPOSBillAcceptor@@@ATL@@WOA@EAAKXZ 00000001800024f8 f i BillAcceptor.obj
 0001:00001504       ?Release@?$CComContainedObject@VCOPOSBillAcceptor@@@ATL@@WOA@EAAKXZ 0000000180002504 f i BillAcceptor.obj
 0001:00001510       ?QueryInterface@?$CComContainedObject@VCOPOSBillAcceptor@@@ATL@@WOI@EAAJAEBU_GUID@@PEAPEAX@Z 0000000180002510 f i BillAcceptor.obj
 0001:0000151c       ?AddRef@?$CComContainedObject@VCOPOSBillAcceptor@@@ATL@@WOI@EAAKXZ 000000018000251c f i BillAcceptor.obj
 0001:00001528       ?Release@?$CComContainedObject@VCOPOSBillAcceptor@@@ATL@@WOI@EAAKXZ 0000000180002528 f i BillAcceptor.obj
 0001:00001534       ?QueryInterface@?$CComContainedObject@VCOPOSBillAcceptor@@@ATL@@WPA@EAAJAEBU_GUID@@PEAPEAX@Z 0000000180002534 f i BillAcceptor.obj
 0001:00001540       ?AddRef@?$CComContainedObject@VCOPOSBillAcceptor@@@ATL@@WPA@EAAKXZ 0000000180002540 f i BillAcceptor.obj
 0001:0000154c       ?Release@?$CComContainedObject@VCOPOSBillAcceptor@@@ATL@@WPA@EAAKXZ 000000018000254c f i BillAcceptor.obj
 0001:00001558       ?QueryInterface@?$CComContainedObject@VCOPOSBillAcceptor@@@ATL@@WPI@EAAJAEBU_GUID@@PEAPEAX@Z 0000000180002558 f i BillAcceptor.obj
 0001:00001564       ?AddRef@?$CComContainedObject@VCOPOSBillAcceptor@@@ATL@@WPI@EAAKXZ 0000000180002564 f i BillAcceptor.obj
 0001:00001570       ?Release@?$CComContainedObject@VCOPOSBillAcceptor@@@ATL@@WPI@EAAKXZ 0000000180002570 f i BillAcceptor.obj
 0001:0000157c       ?QueryInterface@?$CComContainedObject@VCOPOSBillAcceptor@@@ATL@@WBAA@EAAJAEBU_GUID@@PEAPEAX@Z 000000018000257c f i BillAcceptor.obj
 0001:00001588       ?AddRef@?$CComContainedObject@VCOPOSBillAcceptor@@@ATL@@WBAA@EAAKXZ 0000000180002588 f i BillAcceptor.obj
 0001:00001594       ?Release@?$CComContainedObject@VCOPOSBillAcceptor@@@ATL@@WBAA@EAAKXZ 0000000180002594 f i BillAcceptor.obj
 0001:000015a0       ?QueryInterface@?$CComContainedObject@VCOPOSBillAcceptor@@@ATL@@WBAI@EAAJAEBU_GUID@@PEAPEAX@Z 00000001800025a0 f i BillAcceptor.obj
 0001:000015ac       ?AddRef@?$CComContainedObject@VCOPOSBillAcceptor@@@ATL@@WBAI@EAAKXZ 00000001800025ac f i BillAcceptor.obj
 0001:000015b8       ?Release@?$CComContainedObject@VCOPOSBillAcceptor@@@ATL@@WBAI@EAAKXZ 00000001800025b8 f i BillAcceptor.obj
 0001:000015c4       ?QueryInterface@?$CComContainedObject@VCOPOSBillAcceptor@@@ATL@@WBBA@EAAJAEBU_GUID@@PEAPEAX@Z 00000001800025c4 f i BillAcceptor.obj
 0001:000015d0       ?AddRef@?$CComContainedObject@VCOPOSBillAcceptor@@@ATL@@WBBA@EAAKXZ 00000001800025d0 f i BillAcceptor.obj
 0001:000015dc       ?Release@?$CComContainedObject@VCOPOSBillAcceptor@@@ATL@@WBBA@EAAKXZ 00000001800025dc f i BillAcceptor.obj
 0001:000015e8       ?QueryInterface@?$CComContainedObject@VCOPOSBillAcceptor@@@ATL@@WBBI@EAAJAEBU_GUID@@PEAPEAX@Z 00000001800025e8 f i BillAcceptor.obj
 0001:000015f4       ?AddRef@?$CComContainedObject@VCOPOSBillAcceptor@@@ATL@@WBBI@EAAKXZ 00000001800025f4 f i BillAcceptor.obj
 0001:00001600       ?Release@?$CComContainedObject@VCOPOSBillAcceptor@@@ATL@@WBBI@EAAKXZ 0000000180002600 f i BillAcceptor.obj
 0001:0000160c       ?AddRef@?$CComContainedObject@VCOPOSBillAcceptor@@@ATL@@WBCI@EAAKXZ 000000018000260c f i BillAcceptor.obj
 0001:00001618       ?Release@?$CComContainedObject@VCOPOSBillAcceptor@@@ATL@@WBCI@EAAKXZ 0000000180002618 f i BillAcceptor.obj
 0001:00001624       ?AddRef@?$CComContainedObject@VCOPOSBillAcceptor@@@ATL@@WBEA@EAAKXZ 0000000180002624 f i BillAcceptor.obj
 0001:00001630       ?Release@?$CComContainedObject@VCOPOSBillAcceptor@@@ATL@@WBEA@EAAKXZ 0000000180002630 f i BillAcceptor.obj
 0001:0000163c       ?GetWindowProc@?$CWindowImplBaseT@VCWindow@ATL@@V?$CWinTraits@$0FGAAAAAA@$0A@@2@@ATL@@UEAAP6A_JPEAUHWND__@@I_K_J@ZXZ 000000018000263c f i BillAcceptor.obj
 0001:00001644       ?StartWindowProc@?$CWindowImplBaseT@VCWindow@ATL@@V?$CWinTraits@$0FGAAAAAA@$0A@@2@@ATL@@SA_JPEAUHWND__@@I_K_J@Z 0000000180002644 f i BillAcceptor.obj
 0001:00001708       _guard_check_icall_nop     0000000180002708 f i LIBCMT:guard_support.obj
 0001:00001708       ?ObjectMain@CComObjectRootBase@ATL@@SAX_N@Z 0000000180002708 f i BillAcceptor.obj
 0001:00001708       ?OnFinalMessage@?$CWindowImplBaseT@VCWindow@ATL@@V?$CWinTraits@$0FGAAAAAA@$0A@@2@@ATL@@UEAAXPEAUHWND__@@@Z 0000000180002708 f i BillAcceptor.obj
 0001:0000170c       ?GetTypeInfoCount@?$IDispatchImpl@UIOPOSBillAcceptor@@$1?IID_IOPOSBillAcceptor@@3U_GUID@@B$1?LIBID_OposBillAcceptor_CCO@@3U3@B$00$0A@VCComTypeInfoHolder@ATL@@@ATL@@UEAAJPEAI@Z 000000018000270c f i BillAcceptor.obj
 0001:00001720       ?GetTypeInfo@?$IDispatchImpl@UIOPOSBillAcceptor@@$1?IID_IOPOSBillAcceptor@@3U_GUID@@B$1?LIBID_OposBillAcceptor_CCO@@3U3@B$00$0A@VCComTypeInfoHolder@ATL@@@ATL@@UEAAJIKPEAPEAUITypeInfo@@@Z 0000000180002720 f i BillAcceptor.obj
 0001:00001784       ?GetIDsOfNames@?$IDispatchImpl@UIOPOSBillAcceptor@@$1?IID_IOPOSBillAcceptor@@3U_GUID@@B$1?LIBID_OposBillAcceptor_CCO@@3U3@B$00$0A@VCComTypeInfoHolder@ATL@@@ATL@@UEAAJAEBU_GUID@@PEAPEA_WIKPEAJ@Z 0000000180002784 f i BillAcceptor.obj
 0001:00001790       ?Invoke@?$IDispatchImpl@UIOPOSBillAcceptor@@$1?IID_IOPOSBillAcceptor@@3U_GUID@@B$1?LIBID_OposBillAcceptor_CCO@@3U3@B$00$0A@VCComTypeInfoHolder@ATL@@@ATL@@UEAAJJAEBU_GUID@@KGPEAUtagDISPPARAMS@@PEAUtagVARIANT@@PEAUtagEXCEPINFO@@PEAI@Z 0000000180002790 f i BillAcceptor.obj
 0001:00001820       ?CreateControlWindow@?$CComControl@VCOPOSBillAcceptor@@V?$CWindowImpl@VCOPOSBillAcceptor@@VCWindow@ATL@@V?$CWinTraits@$0FGAAAAAA@$0A@@3@@ATL@@@ATL@@UEAAPEAUHWND__@@PEAU3@AEAUtagRECT@@@Z 0000000180002820 f i BillAcceptor.obj
 0001:00001858       ?ControlQueryInterface@?$CComControl@VCOPOSBillAcceptor@@V?$CWindowImpl@VCOPOSBillAcceptor@@VCWindow@ATL@@V?$CWinTraits@$0FGAAAAAA@$0A@@3@@ATL@@@ATL@@UEAAJAEBU_GUID@@PEAPEAX@Z 0000000180002858 f i BillAcceptor.obj
 0001:0000186c       ?GetClassID@?$IPersistStreamInitImpl@VCOPOSBillAcceptor@@@ATL@@UEAAJPEAU_GUID@@@Z 000000018000286c f i BillAcceptor.obj
 0001:0000186c       ?GetClassID@?$IPersistStorageImpl@VCOPOSBillAcceptor@@@ATL@@UEAAJPEAU_GUID@@@Z 000000018000286c f i BillAcceptor.obj
 0001:0000186c       ?GetUserClassID@?$IOleObjectImpl@VCOPOSBillAcceptor@@@ATL@@UEAAJPEAU_GUID@@@Z 000000018000286c f i BillAcceptor.obj
 0001:00001888       ?IsDirty@?$IPersistStreamInitImpl@VCOPOSBillAcceptor@@@ATL@@UEAAJXZ 0000000180002888 f i BillAcceptor.obj
 0001:000018a4       ?Load@?$IPersistStreamInitImpl@VCOPOSBillAcceptor@@@ATL@@UEAAJPEAUIStream@@@Z 00000001800028a4 f i BillAcceptor.obj
 0001:000018f4       ?Save@?$IPersistStreamInitImpl@VCOPOSBillAcceptor@@@ATL@@UEAAJPEAUIStream@@H@Z 00000001800028f4 f i BillAcceptor.obj
 0001:00001958       ?GetSizeMax@?$IPersistStreamInitImpl@VCOPOSBillAcceptor@@@ATL@@UEAAJPEAT_ULARGE_INTEGER@@@Z 0000000180002958 f i BillAcceptor.obj
 0001:00001b84       ?InitNew@?$IPersistStreamInitImpl@VCOPOSBillAcceptor@@@ATL@@UEAAJXZ 0000000180002b84 f i BillAcceptor.obj
 0001:00001b9c       ?SetClientSite@?$IOleObjectImpl@VCOPOSBillAcceptor@@@ATL@@UEAAJPEAUIOleClientSite@@@Z 0000000180002b9c f i BillAcceptor.obj
 0001:00001bb8       ?GetClientSite@?$IOleObjectImpl@VCOPOSBillAcceptor@@@ATL@@UEAAJPEAPEAUIOleClientSite@@@Z 0000000180002bb8 f i BillAcceptor.obj
 0001:00001c00       ?Close@?$IOleObjectImpl@VCOPOSBillAcceptor@@@ATL@@UEAAJK@Z 0000000180002c00 f i BillAcceptor.obj
 0001:00001c1c       ?DoVerb@?$IOleObjectImpl@VCOPOSBillAcceptor@@@ATL@@UEAAJJPEAUtagMSG@@PEAUIOleClientSite@@JPEAUHWND__@@PEBUtagRECT@@@Z 0000000180002c1c f i BillAcceptor.obj
 0001:00001dc0       ?EnumVerbs@?$IOleObjectImpl@VCOPOSBillAcceptor@@@ATL@@UEAAJPEAPEAUIEnumOLEVERB@@@Z 0000000180002dc0 f i BillAcceptor.obj
 0001:00001ddc       ?GetUserType@?$IOleObjectImpl@VCOPOSBillAcceptor@@@ATL@@UEAAJKPEAPEA_W@Z 0000000180002ddc f i BillAcceptor.obj
 0001:00001dec       ?SetExtent@?$IOleObjectImpl@VCOPOSBillAcceptor@@@ATL@@UEAAJKPEAUtagSIZE@@@Z 0000000180002dec f i BillAcceptor.obj
 0001:00001e08       ?GetExtent@?$IOleObjectImpl@VCOPOSBillAcceptor@@@ATL@@UEAAJKPEAUtagSIZE@@@Z 0000000180002e08 f i BillAcceptor.obj
 0001:00001e38       ?Advise@?$IOleObjectImpl@VCOPOSBillAcceptor@@@ATL@@UEAAJPEAUIAdviseSink@@PEAK@Z 0000000180002e38 f i BillAcceptor.obj
 0001:00001e94       ?Unadvise@?$IOleObjectImpl@VCOPOSBillAcceptor@@@ATL@@UEAAJK@Z 0000000180002e94 f i BillAcceptor.obj
 0001:00001ecc       ?EnumAdvise@?$IOleObjectImpl@VCOPOSBillAcceptor@@@ATL@@UEAAJPEAPEAUIEnumSTATDATA@@@Z 0000000180002ecc f i BillAcceptor.obj
 0001:00001f14       ?GetMiscStatus@?$IOleObjectImpl@VCOPOSBillAcceptor@@@ATL@@UEAAJKPEAK@Z 0000000180002f14 f i BillAcceptor.obj
 0001:00001f24       ?GetWindow@?$IOleInPlaceActiveObjectImpl@VCOPOSBillAcceptor@@@ATL@@UEAAJPEAPEAUHWND__@@@Z 0000000180002f24 f i BillAcceptor.obj
 0001:00001f78       ?TranslateAcceleratorW@?$IOleInPlaceActiveObjectImpl@VCOPOSBillAcceptor@@@ATL@@UEAAJPEAUtagMSG@@@Z 0000000180002f78 f i BillAcceptor.obj
 0001:0000206c       ?OnDocWindowActivate@?$IOleInPlaceActiveObjectImpl@VCOPOSBillAcceptor@@@ATL@@UEAAJH@Z 000000018000306c f i BillAcceptor.obj
 0001:00002098       ?Draw@?$IViewObjectExImpl@VCOPOSBillAcceptor@@@ATL@@UEAAJKJPEAXPEAUtagDVTARGETDEVICE@@PEAUHDC__@@2PEBU_RECTL@@3P6AH_K@Z4@Z 0000000180003098 f i BillAcceptor.obj
 0001:000020fc       ?SetAdvise@?$IViewObjectExImpl@VCOPOSBillAcceptor@@@ATL@@UEAAJKKPEAUIAdviseSink@@@Z 00000001800030fc f i BillAcceptor.obj
 0001:00002150       ?GetAdvise@?$IViewObjectExImpl@VCOPOSBillAcceptor@@@ATL@@UEAAJPEAK0PEAPEAUIAdviseSink@@@Z 0000000180003150 f i BillAcceptor.obj
 0001:0000218c       ?GetExtent@?$IViewObjectExImpl@VCOPOSBillAcceptor@@@ATL@@UEAAJKJPEAUtagDVTARGETDEVICE@@PEAUtagSIZE@@@Z 000000018000318c f i BillAcceptor.obj
 0001:000021bc       ?GetViewStatus@?$IViewObjectExImpl@VCOPOSBillAcceptor@@@ATL@@UEAAJPEAK@Z 00000001800031bc f i BillAcceptor.obj
 0001:000021d0       ?QueryHitPoint@?$IViewObjectExImpl@VCOPOSBillAcceptor@@@ATL@@UEAAJKPEBUtagRECT@@UtagPOINT@@JPEAK@Z 00000001800031d0 f i BillAcceptor.obj
 0001:00002214       ?QueryHitRect@?$IViewObjectExImpl@VCOPOSBillAcceptor@@@ATL@@UEAAJKPEBUtagRECT@@0JPEAK@Z 0000000180003214 f i BillAcceptor.obj
 0001:0000227c       ?GetNaturalExtent@?$IViewObjectExImpl@VCOPOSBillAcceptor@@@ATL@@UEAAJKJPEAUtagDVTARGETDEVICE@@PEAUHDC__@@PEAUtagExtentInfo@@PEAUtagSIZE@@@Z 000000018000327c f i BillAcceptor.obj
 0001:000022c4       ?GetWindow@?$IOleInPlaceObjectWindowlessImpl@VCOPOSBillAcceptor@@@ATL@@UEAAJPEAPEAUHWND__@@@Z 00000001800032c4 f i BillAcceptor.obj
 0001:00002318       ?InPlaceDeactivate@?$IOleInPlaceObjectWindowlessImpl@VCOPOSBillAcceptor@@@ATL@@UEAAJXZ 0000000180003318 f i BillAcceptor.obj
 0001:00002334       ?UIDeactivate@?$IOleInPlaceObjectWindowlessImpl@VCOPOSBillAcceptor@@@ATL@@UEAAJXZ 0000000180003334 f i BillAcceptor.obj
 0001:00002350       ?SetObjectRects@?$IOleInPlaceObjectWindowlessImpl@VCOPOSBillAcceptor@@@ATL@@UEAAJPEBUtagRECT@@0@Z 0000000180003350 f i BillAcceptor.obj
 0001:0000236c       ?OnWindowMessage@?$IOleInPlaceObjectWindowlessImpl@VCOPOSBillAcceptor@@@ATL@@UEAAJI_K_JPEA_J@Z 000000018000336c f i BillAcceptor.obj
 0001:00002434       ?EnumConnectionPoints@?$IConnectionPointContainerImpl@VCOPOSBillAcceptor@@@ATL@@UEAAJPEAPEAUIEnumConnectionPoints@@@Z 0000000180003434 f i BillAcceptor.obj
 0001:00002654       ?FindConnectionPoint@?$IConnectionPointContainerImpl@VCOPOSBillAcceptor@@@ATL@@UEAAJAEBU_GUID@@PEAPEAUIConnectionPoint@@@Z 0000000180003654 f i BillAcceptor.obj
 0001:00002724       ?IsDirty@?$IPersistStorageImpl@VCOPOSBillAcceptor@@@ATL@@UEAAJXZ 0000000180003724 f i BillAcceptor.obj
 0001:00002768       ?InitNew@?$IPersistStorageImpl@VCOPOSBillAcceptor@@@ATL@@UEAAJPEAUIStorage@@@Z 0000000180003768 f i BillAcceptor.obj
 0001:000027ac       ?Load@?$IPersistStorageImpl@VCOPOSBillAcceptor@@@ATL@@UEAAJPEAUIStorage@@@Z 00000001800037ac f i BillAcceptor.obj
 0001:0000284c       ?Save@?$IPersistStorageImpl@VCOPOSBillAcceptor@@@ATL@@UEAAJPEAUIStorage@@H@Z 000000018000384c f i BillAcceptor.obj
 0001:000028fc       ?GetPages@?$ISpecifyPropertyPagesImpl@VCOPOSBillAcceptor@@@ATL@@UEAAJPEAUtagCAUUID@@@Z 00000001800038fc f i BillAcceptor.obj
 0001:00002908       ?QuickActivate@?$IQuickActivateImpl@VCOPOSBillAcceptor@@@ATL@@UEAAJPEAUtagQACONTAINER@@PEAUtagQACONTROL@@@Z 0000000180003908 f i BillAcceptor.obj
 0001:00002924       ?SetContentExtent@?$IQuickActivateImpl@VCOPOSBillAcceptor@@@ATL@@UEAAJPEAUtagSIZE@@@Z 0000000180003924 f i BillAcceptor.obj
 0001:00002958       ?GetContentExtent@?$IQuickActivateImpl@VCOPOSBillAcceptor@@@ATL@@UEAAJPEAUtagSIZE@@@Z 0000000180003958 f i BillAcceptor.obj
 0001:00002990       ?GetData@?$IDataObjectImpl@VCOPOSBillAcceptor@@@ATL@@UEAAJPEAUtagFORMATETC@@PEAUtagSTGMEDIUM@@@Z 0000000180003990 f i BillAcceptor.obj
 0001:000029ac       ?DAdvise@?$IDataObjectImpl@VCOPOSBillAcceptor@@@ATL@@UEAAJPEAUtagFORMATETC@@KPEAUIAdviseSink@@PEAK@Z 00000001800039ac f i BillAcceptor.obj
 0001:00002a34       ?DUnadvise@?$IDataObjectImpl@VCOPOSBillAcceptor@@@ATL@@UEAAJK@Z 0000000180003a34 f i BillAcceptor.obj
 0001:00002a60       ?EnumDAdvise@?$IDataObjectImpl@VCOPOSBillAcceptor@@@ATL@@UEAAJPEAPEAUIEnumSTATDATA@@@Z 0000000180003a60 f i BillAcceptor.obj
 0001:00002a9c       ?GetClassInfoW@?$IProvideClassInfo2Impl@$1?CLSID_OPOSBillAcceptor@@3U_GUID@@B$1?DIID__IOPOSBillAcceptorEvents@@3U2@B$1?LIBID_OposBillAcceptor_CCO@@3U2@B$00$0A@VCComTypeInfoHolder@ATL@@@ATL@@UEAAJPEAPEAUITypeInfo@@@Z 0000000180003a9c f i BillAcceptor.obj
 0001:00002af4       ?GetGUID@?$IProvideClassInfo2Impl@$1?CLSID_OPOSBillAcceptor@@3U_GUID@@B$1?DIID__IOPOSBillAcceptorEvents@@3U2@B$1?LIBID_OposBillAcceptor_CCO@@3U2@B$00$0A@VCComTypeInfoHolder@ATL@@@ATL@@UEAAJKPEAU_GUID@@@Z 0000000180003af4 f i BillAcceptor.obj
 0001:00002b28       ?GetInterfaceSafetyOptions@?$IObjectSafetyImpl@VCOPOSBillAcceptor@@$02@ATL@@UEAAJAEBU_GUID@@PEAK1@Z 0000000180003b28 f i BillAcceptor.obj
 0001:00002bbc       ?SetInterfaceSafetyOptions@?$IObjectSafetyImpl@VCOPOSBillAcceptor@@$02@ATL@@UEAAJAEBU_GUID@@KK@Z 0000000180003bbc f i BillAcceptor.obj
 0001:00002c60       ?_LocCPQueryInterface@?$IConnectionPointImpl@VCOPOSBillAcceptor@@$1?IID_IPropertyNotifySink@@3U_GUID@@BVCComDynamicUnkArray@ATL@@@ATL@@UEAAJAEBU_GUID@@PEAPEAX@Z 0000000180003c60 f i BillAcceptor.obj
 0001:00002c60       ?_LocCPQueryInterface@?$IConnectionPointImpl@VCOPOSBillAcceptor@@$1?DIID__IOPOSBillAcceptorEvents@@3U_GUID@@BVCComDynamicUnkArray@ATL@@@ATL@@UEAAJAEBU_GUID@@PEAPEAX@Z 0000000180003c60 f i BillAcceptor.obj
 0001:00002cd4       ?GetConnectionInterface@?$IConnectionPointImpl@VCOPOSBillAcceptor@@$1?IID_IPropertyNotifySink@@3U_GUID@@BVCComDynamicUnkArray@ATL@@@ATL@@UEAAJPEAU_GUID@@@Z 0000000180003cd4 f i BillAcceptor.obj
 0001:00002cf0       ?GetConnectionPointContainer@?$IConnectionPointImpl@VCOPOSBillAcceptor@@$1?IID_IPropertyNotifySink@@3U_GUID@@BVCComDynamicUnkArray@ATL@@@ATL@@UEAAJPEAPEAUIConnectionPointContainer@@@Z 0000000180003cf0 f i BillAcceptor.obj
 0001:00002d10       ?Advise@?$IConnectionPointImpl@VCOPOSBillAcceptor@@$1?IID_IPropertyNotifySink@@3U_GUID@@BVCComDynamicUnkArray@ATL@@@ATL@@UEAAJPEAUIUnknown@@PEAK@Z 0000000180003d10 f i BillAcceptor.obj
 0001:00002d10       ?Advise@?$IConnectionPointImpl@VCOPOSBillAcceptor@@$1?DIID__IOPOSBillAcceptorEvents@@3U_GUID@@BVCComDynamicUnkArray@ATL@@@ATL@@UEAAJPEAUIUnknown@@PEAK@Z 0000000180003d10 f i BillAcceptor.obj
 0001:00002dd0       ?Unadvise@?$IConnectionPointImpl@VCOPOSBillAcceptor@@$1?DIID__IOPOSBillAcceptorEvents@@3U_GUID@@BVCComDynamicUnkArray@ATL@@@ATL@@UEAAJK@Z 0000000180003dd0 f i BillAcceptor.obj
 0001:00002dd0       ?Unadvise@?$IConnectionPointImpl@VCOPOSBillAcceptor@@$1?IID_IPropertyNotifySink@@3U_GUID@@BVCComDynamicUnkArray@ATL@@@ATL@@UEAAJK@Z 0000000180003dd0 f i BillAcceptor.obj
 0001:00002e4c       ?EnumConnections@?$IConnectionPointImpl@VCOPOSBillAcceptor@@$1?IID_IPropertyNotifySink@@3U_GUID@@BVCComDynamicUnkArray@ATL@@@ATL@@UEAAJPEAPEAUIEnumConnections@@@Z 0000000180003e4c f i BillAcceptor.obj
 0001:00002e4c       ?EnumConnections@?$IConnectionPointImpl@VCOPOSBillAcceptor@@$1?DIID__IOPOSBillAcceptorEvents@@3U_GUID@@BVCComDynamicUnkArray@ATL@@@ATL@@UEAAJPEAPEAUIEnumConnections@@@Z 0000000180003e4c f i BillAcceptor.obj
 0001:00002ff4       ?GetConnectionInterface@?$IConnectionPointImpl@VCOPOSBillAcceptor@@$1?DIID__IOPOSBillAcceptorEvents@@3U_GUID@@BVCComDynamicUnkArray@ATL@@@ATL@@UEAAJPEAU_GUID@@@Z 0000000180003ff4 f i BillAcceptor.obj
 0001:00003010       ?GetConnectionPointContainer@?$IConnectionPointImpl@VCOPOSBillAcceptor@@$1?DIID__IOPOSBillAcceptorEvents@@3U_GUID@@BVCComDynamicUnkArray@ATL@@@ATL@@UEAAJPEAPEAUIConnectionPointContainer@@@Z 0000000180004010 f i BillAcceptor.obj
 0001:00003030       ?UpdateRegistry@COPOSBillAcceptor@@SAJH@Z 0000000180004030 f i BillAcceptor.obj
 0001:00003048       ?ProcessWindowMessage@COPOSBillAcceptor@@UEAAHPEAUHWND__@@I_K_JAEA_JK@Z 0000000180004048 f i BillAcceptor.obj
 0001:000030d0       ?SOData@COPOSBillAcceptor@@MEAAJJ@Z 00000001800040d0 f i BillAcceptor.obj
 0001:00003120       ?SODirectIO@COPOSBillAcceptor@@MEAAJJPEAJPEAPEA_W@Z 0000000180004120 f i BillAcceptor.obj
 0001:00003198       ?SOStatusUpdate@COPOSBillAcceptor@@MEAAJJ@Z 0000000180004198 f i BillAcceptor.obj
 0001:000031e8       ?CreateInstance@?$CComCreator@V?$CComObjectCached@VCComClassFactory@ATL@@@ATL@@@ATL@@SAJPEAXAEBU_GUID@@PEAPEAX@Z 00000001800041e8 f i BillAcceptor.obj
 0001:000032f0       ?CreateInstance@?$CComCreator2@V?$CComCreator@V?$CComObject@VCOPOSBillAcceptor@@@ATL@@@ATL@@V?$CComCreator@V?$CComAggObject@VCOPOSBillAcceptor@@@ATL@@@2@@ATL@@SAJPEAXAEBU_GUID@@PEAPEAX@Z 00000001800042f0 f i BillAcceptor.obj
 0001:00003300       ?Next@?$CComEnumImpl@UIEnumConnectionPoints@@$1?_GUID_b196b285_bab4_101a_b69c_00aa00341d07@@3U__s_GUID@@BPEAUIConnectionPoint@@V?$_CopyInterface@UIConnectionPoint@@@ATL@@@ATL@@UEAAJKPEAPEAUIConnectionPoint@@PEAK@Z 0000000180004300 f i BillAcceptor.obj
 0001:000033cc       ?Skip@?$CComEnumImpl@UIEnumConnectionPoints@@$1?_GUID_b196b285_bab4_101a_b69c_00aa00341d07@@3U__s_GUID@@BPEAUIConnectionPoint@@V?$_CopyInterface@UIConnectionPoint@@@ATL@@@ATL@@UEAAJK@Z 00000001800043cc f i BillAcceptor.obj
 0001:000033f8       ?Clone@?$CComEnumImpl@UIEnumConnectionPoints@@$1?_GUID_b196b285_bab4_101a_b69c_00aa00341d07@@3U__s_GUID@@BPEAUIConnectionPoint@@V?$_CopyInterface@UIConnectionPoint@@@ATL@@@ATL@@UEAAJPEAPEAUIEnumConnectionPoints@@@Z 00000001800043f8 f i BillAcceptor.obj
 0001:00003524       ?QueryInterface@?$CComObject@V?$CComEnum@UIEnumConnectionPoints@@$1?_GUID_b196b285_bab4_101a_b69c_00aa00341d07@@3U__s_GUID@@BPEAUIConnectionPoint@@V?$_CopyInterface@UIConnectionPoint@@@ATL@@VCComSingleThreadModel@6@@ATL@@@ATL@@UEAAJAEBU_GUID@@PEAPEAX@Z 0000000180004524 f i BillAcceptor.obj
 0001:00003538       ??_E?$CComObject@V?$CComEnum@UIEnumConnectionPoints@@$1?_GUID_b196b285_bab4_101a_b69c_00aa00341d07@@3U__s_GUID@@BPEAUIConnectionPoint@@V?$_CopyInterface@UIConnectionPoint@@@ATL@@VCComSingleThreadModel@6@@ATL@@@ATL@@UEAAPEAXI@Z 0000000180004538 f i BillAcceptor.obj
 0001:00003538       ??_G?$CComObject@V?$CComEnum@UIEnumConnectionPoints@@$1?_GUID_b196b285_bab4_101a_b69c_00aa00341d07@@3U__s_GUID@@BPEAUIConnectionPoint@@V?$_CopyInterface@UIConnectionPoint@@@ATL@@VCComSingleThreadModel@6@@ATL@@@ATL@@UEAAPEAXI@Z 0000000180004538 f i BillAcceptor.obj
 0001:00003590       ?CreateInstance@CComClassFactory@ATL@@UEAAJPEAUIUnknown@@AEBU_GUID@@PEAPEAX@Z 0000000180004590 f i BillAcceptor.obj
 0001:000035f0       ?LockServer@CComClassFactory@ATL@@UEAAJH@Z 00000001800045f0 f i BillAcceptor.obj
 0001:00003614       ??_GCComClassFactory@ATL@@UEAAPEAXI@Z 0000000180004614 f i BillAcceptor.obj
 0001:00003614       ??_ECComClassFactory@ATL@@UEAAPEAXI@Z 0000000180004614 f i BillAcceptor.obj
 0001:00003664       ??$AtlModuleRegisterWndClassInfoT@VAtlModuleRegisterWndClassInfoParamW@ATL@@@ATL@@YAGPEAU_ATL_BASE_MODULE70@0@PEAU_ATL_WIN_MODULE70@0@PEAU_ATL_WNDCLASSINFOW@0@PEAP6A_JPEAUHWND__@@I_K_J@ZVAtlModuleRegisterWndClassInfoParamW@0@@Z 0000000180004664 f i BillAcceptor.obj
 0001:00003864       ??0?$CComContainedObject@VCOPOSBillAcceptor@@@ATL@@QEAA@PEAX@Z 0000000180004864 f i BillAcceptor.obj
 0001:00003980       ??0?$CComObject@VCOPOSBillAcceptor@@@ATL@@QEAA@PEAX@Z 0000000180004980 f i BillAcceptor.obj
 0001:00003a98       ??0CAtlModule@ATL@@QEAA@XZ 0000000180004a98 f i BillAcceptor.obj
 0001:00003b0c       ??1?$CComEnumImpl@UIEnumConnectionPoints@@$1?_GUID_b196b285_bab4_101a_b69c_00aa00341d07@@3U__s_GUID@@BPEAUIConnectionPoint@@V?$_CopyInterface@UIConnectionPoint@@@ATL@@@ATL@@UEAA@XZ 0000000180004b0c f i BillAcceptor.obj
 0001:00003b68       ??1?$CComEnumImpl@UIEnumConnections@@$1?_GUID_b196b287_bab4_101a_b69c_00aa00341d07@@3U__s_GUID@@BUtagCONNECTDATA@@V?$_Copy@UtagCONNECTDATA@@@ATL@@@ATL@@UEAA@XZ 0000000180004b68 f i BillAcceptor.obj
 0001:00003bc4       ??1?$CComObject@VCOPOSBillAcceptor@@@ATL@@UEAA@XZ 0000000180004bc4 f i BillAcceptor.obj
 0001:00003ce4       ??_G?$CComContainedObject@VCOPOSBillAcceptor@@@ATL@@UEAAPEAXI@Z 0000000180004ce4 f i BillAcceptor.obj
 0001:00003ce4       ??_E?$CComContainedObject@VCOPOSBillAcceptor@@@ATL@@UEAAPEAXI@Z 0000000180004ce4 f i BillAcceptor.obj
 0001:00003d18       ??_G?$CComObject@VCOPOSBillAcceptor@@@ATL@@UEAAPEAXI@Z 0000000180004d18 f i BillAcceptor.obj
 0001:00003d18       ??_E?$CComObject@VCOPOSBillAcceptor@@@ATL@@UEAAPEAXI@Z 0000000180004d18 f i BillAcceptor.obj
 0001:00003d4c       ?Add@?$CSimpleArray@GV?$CSimpleArrayEqualHelper@G@ATL@@@ATL@@QEAAHAEBG@Z 0000000180004d4c f i BillAcceptor.obj
 0001:00003e00       ?Add@?$CSimpleMap@PEA_WPEA_WVCExpansionVectorEqualHelper@ATL@@@ATL@@QEAAHAEBQEA_W0@Z 0000000180004e00 f i BillAcceptor.obj
 0001:00003ea0       ?Add@CComDynamicUnkArray@ATL@@QEAAKPEAUIUnknown@@@Z 0000000180004ea0 f i BillAcceptor.obj
 0001:00003f88       ?Add@CExpansionVector@ATL@@QEAAHPEB_W0@Z 0000000180004f88 f i BillAcceptor.obj
 0001:00004118       ?AddValue@CRegParser@ATL@@IEAAJAEAVCRegKey@2@PEB_WPEA_W@Z 0000000180005118 f i BillAcceptor.obj
 0001:00004560       ?AllocateHeap@?$CTempBuffer@_W$0EAA@VCCRTAllocator@ATL@@@ATL@@AEAAX_K@Z 0000000180005560 f i BillAcceptor.obj
 0001:00004560       ?AllocateHeap@?$CTempBuffer@_W$0BAA@VCCRTAllocator@ATL@@@ATL@@AEAAX_K@Z 0000000180005560 f i BillAcceptor.obj
 0001:00004560       ?AllocateHeap@?$CTempBuffer@E$0BAA@VCCRTAllocator@ATL@@@ATL@@AEAAX_K@Z 0000000180005560 f i BillAcceptor.obj
 0001:0000458c       ?Append@CParseBuffer@CRegParser@ATL@@QEAAHPEB_WH@Z 000000018000558c f i BillAcceptor.obj
 0001:000046a4       ?AtlCallTermFunc@ATL@@YAXPEAU_ATL_MODULE70@1@@Z 00000001800056a4 f i BillAcceptor.obj
 0001:00004708       ?AtlComModuleGetClassObject@ATL@@YAJPEAU_ATL_COM_MODULE70@1@AEBU_GUID@@1PEAPEAX@Z 0000000180005708 f i BillAcceptor.obj
 0001:00004848       ?AtlComModuleRegisterServer@ATL@@YAJPEAU_ATL_COM_MODULE70@1@HPEBU_GUID@@@Z 0000000180005848 f i BillAcceptor.obj
 0001:00004908       ?AtlComModuleUnregisterServer@ATL@@YAJPEAU_ATL_COM_MODULE70@1@HPEBU_GUID@@@Z 0000000180005908 f i BillAcceptor.obj
 0001:000049c4       ?AtlCreateTargetDC@ATL@@YAPEAUHDC__@@PEAU2@PEAUtagDVTARGETDEVICE@@@Z 00000001800059c4 f i BillAcceptor.obj
 0001:00004a38       ?AtlHiMetricToPixel@ATL@@YAXPEBUtagSIZE@@PEAU2@@Z 0000000180005a38 f i BillAcceptor.obj
 0001:00004ae8       ?AtlHresultFromLastError@ATL@@YAJXZ 0000000180005ae8 f i BillAcceptor.obj
 0001:00004b08       ?AtlHresultFromWin32@ATL@@YAJK@Z 0000000180005b08 f i BillAcceptor.obj
 0001:00004b18       ?AtlIPersistStreamInit_Load@ATL@@YAJPEAUIStream@@PEBUATL_PROPMAP_ENTRY@1@PEAXPEAUIUnknown@@@Z 0000000180005b18 f i BillAcceptor.obj
 0001:00004d50       ?AtlIPersistStreamInit_Save@ATL@@YAJPEAUIStream@@HPEBUATL_PROPMAP_ENTRY@1@PEAXPEAUIUnknown@@@Z 0000000180005d50 f i BillAcceptor.obj
 0001:00004f88       ?AtlInternalOleLoadFromStream@ATL@@YAJPEAUIStream@@AEBU_GUID@@PEAPEAXTClassesAllowedInStream@1@K@Z 0000000180005f88 f i BillAcceptor.obj
 0001:000050cc       ?AtlInternalQueryInterface@ATL@@YAJPEAXPEBU_ATL_INTMAP_ENTRY@1@AEBU_GUID@@PEAPEAX@Z 00000001800060cc f i BillAcceptor.obj
 0001:000051d4       ?AtlLoadTypeLib@ATL@@YAJPEAUHINSTANCE__@@PEB_WPEAPEA_WPEAPEAUITypeLib@@@Z 00000001800061d4 f i BillAcceptor.obj
 0001:00005430       ?AtlModuleAddTermFunc@ATL@@YAJPEAU_ATL_MODULE70@1@P6AX_K@Z1@Z 0000000180006430 f i BillAcceptor.obj
 0001:000054c4       ?AtlRegisterClassCategoriesHelper@ATL@@YAJAEBU_GUID@@PEBU_ATL_CATMAP_ENTRY@1@H@Z 00000001800064c4 f i BillAcceptor.obj
 0001:0000592c       ?AtlRegisterTypeLib@ATL@@YAJPEAUHINSTANCE__@@PEB_W@Z 000000018000692c f i BillAcceptor.obj
 0001:00005b28       ?AtlThrowImpl@ATL@@YAXJ@Z  0000000180006b28 f i BillAcceptor.obj
 0001:00005b4c       ?AtlUnRegisterTypeLib@ATL@@YAJPEAUHINSTANCE__@@PEB_W@Z 0000000180006b4c f i BillAcceptor.obj
 0001:00005c14       ?AtlWinModuleExtractCreateWndData@ATL@@YAPEAXPEAU_ATL_WIN_MODULE70@1@@Z 0000000180006c14 f i BillAcceptor.obj
 0001:00005ca0       ?Cleanup@CComTypeInfoHolder@ATL@@SAX_K@Z 0000000180006ca0 f i BillAcceptor.obj
 0001:00005ce0       ?ClearReplacements@CExpansionVector@ATL@@QEAAJXZ 0000000180006ce0 f i BillAcceptor.obj
 0001:00005d7c       ?CreateInstance@?$CComCreator@V?$CComAggObject@VCOPOSBillAcceptor@@@ATL@@@ATL@@SAJPEAXAEBU_GUID@@PEAPEAX@Z 0000000180006d7c f i BillAcceptor.obj
 0001:00005e54       ?CreateInstance@?$CComCreator@V?$CComObject@VCOPOSBillAcceptor@@@ATL@@@ATL@@SAJPEAXAEBU_GUID@@PEAPEAX@Z 0000000180006e54 f i BillAcceptor.obj
 0001:00005f0c       ?CreateInstance@?$CComObject@V?$CComEnum@UIEnumConnectionPoints@@$1?_GUID_b196b285_bab4_101a_b69c_00aa00341d07@@3U__s_GUID@@BPEAUIConnectionPoint@@V?$_CopyInterface@UIConnectionPoint@@@ATL@@VCComSingleThreadModel@6@@ATL@@@ATL@@SAJPEAPEAV12@@Z 0000000180006f0c f i BillAcceptor.obj
 0001:00005f98       ?CreateInstance@?$CComObject@V?$CComEnum@UIEnumConnections@@$1?_GUID_b196b287_bab4_101a_b69c_00aa00341d07@@3U__s_GUID@@BUtagCONNECTDATA@@V?$_Copy@UtagCONNECTDATA@@@ATL@@VCComSingleThreadModel@6@@ATL@@@ATL@@SAJPEAPEAV12@@Z 0000000180006f98 f i BillAcceptor.obj
 0001:00006024       ?DefaultReflectionHandler@?$CWindowImplRoot@VCWindow@ATL@@@ATL@@SAHPEAUHWND__@@I_K_JAEA_J@Z 0000000180007024 f i BillAcceptor.obj
 0001:00006088       ?DeleteSubKey@CRegKey@ATL@@QEAAJPEB_W@Z 0000000180007088 f i BillAcceptor.obj
 0001:00006120       ?DoEvent@COPOSBillAcceptor@@IEAAXI_K_J@Z 0000000180007120 f i BillAcceptor.obj
 0001:000061d4       ?DoVerbPrimary@?$IOleObjectImpl@VCOPOSBillAcceptor@@@ATL@@QEAAJPEBUtagRECT@@PEAUHWND__@@@Z 00000001800071d4 f i BillAcceptor.obj
 0001:00006300       ?DoVerbProperties@CComControlBase@ATL@@QEAAJPEBUtagRECT@@PEAUHWND__@@@Z 0000000180007300 f i BillAcceptor.obj
 0001:00006528       ?FireTheEvent@?$CProxy_IOPOSEvents@VCOPOSBillAcceptor@@@@IEAAXPEAVOposVariant@@IAEAJPEB_WJ@Z 0000000180007528 f i BillAcceptor.obj
 0001:00006614       ?FireViewChange@CComControlBase@ATL@@QEAAJXZ 0000000180007614 f i BillAcceptor.obj
 0001:00006678       ?Fire_DataEvent@?$CProxy_IOPOSEvents@VCOPOSBillAcceptor@@@@QEAAXJ@Z 0000000180007678 f i BillAcceptor.obj
 0001:00006764       ?Fire_DirectIOEvent@?$CProxy_IOPOSEvents@VCOPOSBillAcceptor@@@@QEAAXJPEAJPEAPEA_W@Z 0000000180007764 f i BillAcceptor.obj
 0001:000068bc       ?Fire_StatusUpdateEvent@?$CProxy_IOPOSEvents@VCOPOSBillAcceptor@@@@QEAAXJ@Z 00000001800078bc f i BillAcceptor.obj
 0001:000069a8       ?FreeHeap@?$CTempBuffer@E$0BAA@VCCRTAllocator@ATL@@@ATL@@AEAAXXZ 00000001800079a8 f i BillAcceptor.obj
 0001:000069a8       ?FreeHeap@?$CTempBuffer@_W$0EAA@VCCRTAllocator@ATL@@@ATL@@AEAAXXZ 00000001800079a8 f i BillAcceptor.obj
 0001:000069a8       ?FreeHeap@?$CTempBuffer@_W$0BAA@VCCRTAllocator@ATL@@@ATL@@AEAAXXZ 00000001800079a8 f i BillAcceptor.obj
 0001:000069b0       ?GetAmbientLocaleID@CComControlBase@ATL@@QEAAJAEAK@Z 00000001800079b0 f i BillAcceptor.obj
 0001:00006a70       ?GetAmbientUserMode@CComControlBase@ATL@@QEAAJAEAH@Z 0000000180007a70 f i BillAcceptor.obj
 0001:00006b40       ?GetClassObject@CComModule@ATL@@QEAAJAEBU_GUID@@0PEAPEAX@Z 0000000180007b40 f i BillAcceptor.obj
 0001:00006c34       ?GetConnMap@COPOSBillAcceptor@@SAPEBU_ATL_CONNMAP_ENTRY@ATL@@PEAH@Z 0000000180007c34 f i BillAcceptor.obj
 0001:00006cbc       ?GetIDsOfNames@CComTypeInfoHolder@ATL@@QEAAJAEBU_GUID@@PEAPEA_WIKPEAJ@Z 0000000180007cbc f i BillAcceptor.obj
 0001:00006e34       ?GetPagesHelper@?$ISpecifyPropertyPagesImpl@VCOPOSBillAcceptor@@@ATL@@IEAAJPEAUtagCAUUID@@PEBUATL_PROPMAP_ENTRY@2@@Z 0000000180007e34 f i BillAcceptor.obj
 0001:00006fd4       ?GetSizeMax@CComVariant@ATL@@QEBAJPEAT_ULARGE_INTEGER@@@Z 0000000180007fd4 f i BillAcceptor.obj
 0001:00007208       ?GetTI@CComTypeInfoHolder@ATL@@QEAAJK@Z 0000000180008208 f i BillAcceptor.obj
 0001:00007480       ?GetZoomInfo@CComControlBase@ATL@@QEAAXAEAUATL_DRAWINFO@@@Z 0000000180008480 f i BillAcceptor.obj
 0001:00007524       ?HKeyFromString@CRegParser@ATL@@KAPEAUHKEY__@@PEA_W@Z 0000000180008524 f i BillAcceptor.obj
 0001:00007588       ?IDataObject_GetData@CComControlBase@ATL@@QEAAJPEAUtagFORMATETC@@PEAUtagSTGMEDIUM@@@Z 0000000180008588 f i BillAcceptor.obj
 0001:0000777c       ?IOleInPlaceObject_InPlaceDeactivate@CComControlBase@ATL@@QEAAJXZ 000000018000877c f i BillAcceptor.obj
 0001:0000781c       ?IOleInPlaceObject_SetObjectRects@CComControlBase@ATL@@QEAAJPEBUtagRECT@@0@Z 000000018000881c f i BillAcceptor.obj
 0001:0000790c       ?IOleInPlaceObject_UIDeactivate@CComControlBase@ATL@@QEAAJXZ 000000018000890c f i BillAcceptor.obj
 0001:00007a18       ?IOleObject_Close@CComControlBase@ATL@@QEAAJK@Z 0000000180008a18 f i BillAcceptor.obj
 0001:00007b30       ?IOleObject_SetClientSite@CComControlBase@ATL@@QEAAJPEAUIOleClientSite@@@Z 0000000180008b30 f i BillAcceptor.obj
 0001:00007ba8       ?IOleObject_SetExtent@CComControlBase@ATL@@QEAAJKPEAUtagSIZE@@@Z 0000000180008ba8 f i BillAcceptor.obj
 0001:00007c40       ?IPSI_GetIPersistStreamInit@?$IPersistStorageImpl@VCOPOSBillAcceptor@@@ATL@@AEAAPEAUIPersistStreamInit@@XZ 0000000180008c40 f i BillAcceptor.obj
 0001:00007c9c       ?IQuickActivate_QuickActivate@CComControlBase@ATL@@QEAAJPEAUtagQACONTAINER@@PEAUtagQACONTROL@@@Z 0000000180008c9c f i BillAcceptor.obj
 0001:00007f60       ?IViewObject_Draw@CComControlBase@ATL@@QEAAJKJPEAXPEAUtagDVTARGETDEVICE@@PEAUHDC__@@2PEBU_RECTL@@3@Z 0000000180008f60 f i BillAcceptor.obj
 0001:00008074       ?InPlaceActivate@CComControlBase@ATL@@QEAAJJPEBUtagRECT@@@Z 0000000180009074 f i BillAcceptor.obj
 0001:000083ac       ?Init@?$CComEnumImpl@UIEnumConnectionPoints@@$1?_GUID_b196b285_bab4_101a_b69c_00aa00341d07@@3U__s_GUID@@BPEAUIConnectionPoint@@V?$_CopyInterface@UIConnectionPoint@@@ATL@@@ATL@@QEAAJPEAPEAUIConnectionPoint@@0PEAUIUnknown@@W4CComEnumFlags@2@@Z 00000001800093ac f i BillAcceptor.obj
 0001:000084cc       ?Init@?$CComEnumImpl@UIEnumConnections@@$1?_GUID_b196b287_bab4_101a_b69c_00aa00341d07@@3U__s_GUID@@BUtagCONNECTDATA@@V?$_Copy@UtagCONNECTDATA@@@ATL@@@ATL@@QEAAJPEAUtagCONNECTDATA@@0PEAUIUnknown@@W4CComEnumFlags@2@@Z 00000001800094cc f i BillAcceptor.obj
 0001:000085f0       ?IsEqualObject@?$CComPtrBase@UITypeInfo@@@ATL@@QEAA_NPEAUIUnknown@@@Z 00000001800095f0 f i BillAcceptor.obj
 0001:000085f0       ?IsEqualObject@?$CComPtrBase@UIOleClientSite@@@ATL@@QEAA_NPEAUIUnknown@@@Z 00000001800095f0 f i BillAcceptor.obj
 0001:0000867c       ?LoadNameCache@CComTypeInfoHolder@ATL@@QEAAJPEAUITypeInfo@@@Z 000000018000967c f i BillAcceptor.obj
 0001:00008800       ?Lookup@?$CSimpleMap@PEA_WPEA_WVCExpansionVectorEqualHelper@ATL@@@ATL@@QEBAPEA_WAEBQEA_W@Z 0000000180009800 f i BillAcceptor.obj
 0001:0000888c       ?NextToken@CRegParser@ATL@@IEAAJPEA_W@Z 000000018000988c f i BillAcceptor.obj
 0001:00008a44       ?OnKillFocus@CComControlBase@ATL@@QEAA_JI_K_JAEAH@Z 0000000180009a44 f i BillAcceptor.obj
 0001:00008ae0       ?OnMouseActivate@CComControlBase@ATL@@QEAA_JI_K_JAEAH@Z 0000000180009ae0 f i BillAcceptor.obj
 0001:00008b80       ?OnPaint@CComControlBase@ATL@@QEAA_JI_K_JAEAH@Z 0000000180009b80 f i BillAcceptor.obj
 0001:00008c6c       ?OnSetFocus@CComControlBase@ATL@@QEAA_JI_K_JAEAH@Z 0000000180009c6c f i BillAcceptor.obj
 0001:00008d68       ?Open@CRegKey@ATL@@QEAAJPEAUHKEY__@@PEB_WK@Z 0000000180009d68 f i BillAcceptor.obj
 0001:00008df4       ?PreProcessBuffer@CRegParser@ATL@@QEAAJPEA_WPEAPEA_W@Z 0000000180009df4 f i BillAcceptor.obj
 0001:00009178       ?ProcessWindowMessage@?$CComControl@VCOPOSBillAcceptor@@V?$CWindowImpl@VCOPOSBillAcceptor@@VCWindow@ATL@@V?$CWinTraits@$0FGAAAAAA@$0A@@3@@ATL@@@ATL@@UEAAHPEAUHWND__@@I_K_JAEA_JK@Z 000000018000a178 f i BillAcceptor.obj
 0001:0000925c       ?PutProperty@?$CComPtr@UIDispatch@@@ATL@@SAJPEAUIDispatch@@JPEAUtagVARIANT@@@Z 000000018000a25c f i BillAcceptor.obj
 0001:00009360       ?ReadFromStream@CComBSTR@ATL@@QEAAJPEAUIStream@@@Z 000000018000a360 f i BillAcceptor.obj
 0001:000094bc       ?ReadFromStream@CComVariant@ATL@@QEAAJPEAUIStream@@GTClassesAllowedInStream@2@K@Z 000000018000a4bc f i BillAcceptor.obj
 0001:000096cc       ?RecurseDeleteKey@CRegKey@ATL@@QEAAJPEB_W@Z 000000018000a6cc f i BillAcceptor.obj
 0001:000097d8       ?RegCreateKeyExW@CAtlTransactionManager@ATL@@QEAAJPEAUHKEY__@@PEB_WKPEA_WKKQEAU_SECURITY_ATTRIBUTES@@PEAPEAU3@PEAK@Z 000000018000a7d8 f i BillAcceptor.obj
 0001:0000990c       ?RegDeleteKeyW@CAtlTransactionManager@ATL@@QEAAJPEAUHKEY__@@PEB_W@Z 000000018000a90c f i BillAcceptor.obj
 0001:00009998       ?RegOpenKeyExW@CAtlTransactionManager@ATL@@QEAAJPEAUHKEY__@@PEB_WKKPEAPEAU3@@Z 000000018000a998 f i BillAcceptor.obj
 0001:00009a50       ?RegisterBuffer@CRegParser@ATL@@QEAAJPEA_WH@Z 000000018000aa50 f i BillAcceptor.obj
 0001:00009bb8       ?RegisterFromResource@CRegObject@ATL@@IEAAJPEB_W00H@Z 000000018000abb8 f i BillAcceptor.obj
 0001:00009d74       ?RegisterServer@CComModule@ATL@@QEAAJHPEBU_GUID@@@Z 000000018000ad74 f i BillAcceptor.obj
 0001:00009e34       ?RegisterSubkeys@CRegParser@ATL@@IEAAJPEA_WPEAUHKEY__@@HH@Z 000000018000ae34 f i BillAcceptor.obj
 0001:0000a528       ?SendOnDataChange@CComControlBase@ATL@@QEAAJK@Z 000000018000b528 f i BillAcceptor.obj
 0001:0000a598       ?SetControlFocus@CComControlBase@ATL@@QEAAHH@Z 000000018000b598 f i BillAcceptor.obj
 0001:0000a674       ?SkipAssignment@CRegParser@ATL@@IEAAJPEA_W@Z 000000018000b674 f i BillAcceptor.obj
 0001:0000a718       ?Term@CComModule@ATL@@QEAAXXZ 000000018000b718 f i BillAcceptor.obj
 0001:0000a7c4       ?UnregisterServer@CComModule@ATL@@QEAAJHPEBU_GUID@@@Z 000000018000b7c4 f i BillAcceptor.obj
 0001:0000a874       ?UpdateRegistryFromResource@CAtlModule@ATL@@QEAAJIHPEAU_ATL_REGMAP_ENTRY@2@@Z 000000018000b874 f i BillAcceptor.obj
 0001:0000abac       ?UpdateRegistryFromResource@CAtlModule@ATL@@QEAAJPEB_WHPEAU_ATL_REGMAP_ENTRY@2@@Z 000000018000bbac f i BillAcceptor.obj
 0001:0000af04       ?VTFromRegType@CRegParser@ATL@@KAHPEB_WAEAG@Z 000000018000bf04 f i BillAcceptor.obj
 0001:0000afa0       ?WindowProc@?$CWindowImplBaseT@VCWindow@ATL@@V?$CWinTraits@$0FGAAAAAA@$0A@@2@@ATL@@SA_JPEAUHWND__@@I_K_J@Z 000000018000bfa0 f i BillAcceptor.obj
 0001:0000b10c       ?WriteToStream@CComBSTR@ATL@@QEAAJPEAUIStream@@@Z 000000018000c10c f i BillAcceptor.obj
 0001:0000b18c       ?WriteToStream@CComVariant@ATL@@QEAAJPEAUIStream@@@Z 000000018000c18c f i BillAcceptor.obj
 0001:0000b3a0       ?WriteToStream@CComVariant@ATL@@QEAAJPEAUIStream@@G@Z 000000018000c3a0 f i BillAcceptor.obj
 0001:0000b438       ?_AtlVerifyStackAvailable@_ATL_SAFE_ALLOCA_IMPL@ATL@@YA_N_K@Z 000000018000c438 f i BillAcceptor.obj
 0001:0000b4bc       ?atlCreate@?$CWindowImpl@VCOPOSBillAcceptor@@VCWindow@ATL@@V?$CWinTraits@$0FGAAAAAA@$0A@@3@@ATL@@QEAAPEAUHWND__@@PEAU3@V_U_RECT@2@PEB_WKKV_U_MENUorID@2@PEAX@Z 000000018000c4bc f i BillAcceptor.obj
 0001:0000b56c       ?atlCreate@?$CWindowImplBaseT@VCWindow@ATL@@V?$CWinTraits@$0FGAAAAAA@$0A@@2@@ATL@@QEAAPEAUHWND__@@PEAU3@V_U_RECT@2@PEB_WKKV_U_MENUorID@2@GPEAX@Z 000000018000c56c f i BillAcceptor.obj
 0001:0000b6dc       ?atlCreate@CRegKey@ATL@@QEAAJPEAUHKEY__@@PEB_WPEA_WKKPEAU_SECURITY_ATTRIBUTES@@PEAK@Z 000000018000c6dc f i BillAcceptor.obj
 0001:0000b7c8       DllCanUnloadNow            000000018000c7c8 f   BillAcceptor.obj
 0001:0000b7d4       DllGetClassObject          000000018000c7d4 f   BillAcceptor.obj
 0001:0000b7ec       DllMain                    000000018000c7ec f   BillAcceptor.obj
 0001:0000b894       DllRegisterServer          000000018000c894 f   BillAcceptor.obj
 0001:0000b8a8       DllUnregisterServer        000000018000c8a8 f   BillAcceptor.obj
 0001:0000b8bc       __local_stdio_printf_options 000000018000c8bc f i BillAcceptor.obj
 0001:0000b94c       swprintf_s                 000000018000c94c f i BillAcceptor.obj
 0001:0000b9a0       ??0COPOSBillAcceptor@@QEAA@XZ 000000018000c9a0 f   BillAcceptorImpl.obj
 0001:0000ba64       ??1?$IConnectionPointImpl@VCOPOSBillAcceptor@@$1?DIID__IOPOSBillAcceptorEvents@@3U_GUID@@BVCComDynamicUnkArray@ATL@@@ATL@@QEAA@XZ 000000018000ca64 f i BillAcceptorImpl.obj
 0001:0000ba64       ??1?$IConnectionPointImpl@VCOPOSBillAcceptor@@$1?IID_IPropertyNotifySink@@3U_GUID@@BVCComDynamicUnkArray@ATL@@@ATL@@QEAA@XZ 000000018000ca64 f i BillAcceptorImpl.obj
 0001:0000bac0       ??1CComControlBase@ATL@@UEAA@XZ 000000018000cac0 f i BillAcceptorImpl.obj
 0001:0000bb3c       ??1COPOSBillAcceptor@@UEAA@XZ 000000018000cb3c f   BillAcceptorImpl.obj
 0001:0000bba0       ?AdjustCashCounts@COPOSBillAcceptor@@UEAAJPEA_WPEAJ@Z 000000018000cba0 f   BillAcceptorImpl.obj
 0001:0000bc28       ?BeginDeposit@COPOSBillAcceptor@@UEAAJPEAJ@Z 000000018000cc28 f   BillAcceptorImpl.obj
 0001:0000bc50       ?CheckHealth@COPOSBillAcceptor@@UEAAJJPEAJ@Z 000000018000cc50 f   BillAcceptorImpl.obj
 0001:0000bccc       ?ClaimDevice@COPOSBillAcceptor@@UEAAJJPEAJ@Z 000000018000cccc f   BillAcceptorImpl.obj
 0001:0000bd6c       ?ClearInput@COPOSBillAcceptor@@UEAAJPEAJ@Z 000000018000cd6c f   BillAcceptorImpl.obj
 0001:0000bd94       ?Close@COPOSBillAcceptor@@UEAAJPEAJ@Z 000000018000cd94 f   BillAcceptorImpl.obj
 0001:0000be4c       ?CompareFirmwareVersion@COPOSBillAcceptor@@UEAAJPEA_WPEAJ1@Z 000000018000ce4c f   BillAcceptorImpl.obj
 0001:0000bf28       ?DirectIO@COPOSBillAcceptor@@UEAAJJPEAJPEAPEA_W0@Z 000000018000cf28 f   BillAcceptorImpl.obj
 0001:0000c024       ?DoInvoke@COPOSBillAcceptor@@IEAAJJPEAVOposVariant@@IHPEAJ_N@Z 000000018000d024 f   BillAcceptorImpl.obj
 0001:0000c158       ?EndDeposit@COPOSBillAcceptor@@UEAAJJPEAJ@Z 000000018000d158 f   BillAcceptorImpl.obj
 0001:0000c1d4       ?EventInit@COPOSBillAcceptor@@IEAAJXZ 000000018000d1d4 f i BillAcceptorImpl.obj
 0001:0000c31c       ?EventUninit@COPOSBillAcceptor@@IEAAXXZ 000000018000d31c f i BillAcceptorImpl.obj
 0001:0000c380       ?EventWindowProc@COPOSBillAcceptor@@IEAA_JI_K_J@Z 000000018000d380 f i BillAcceptorImpl.obj
 0001:0000c4b4       ?FinalConstruct@COPOSBillAcceptor@@QEAAJXZ 000000018000d4b4 f   BillAcceptorImpl.obj
 0001:0000c4f0       ?FixDeposit@COPOSBillAcceptor@@UEAAJPEAJ@Z 000000018000d4f0 f   BillAcceptorImpl.obj
 0001:0000c518       ?FreezeEvents@COPOSBillAcceptor@@MEAAJH@Z 000000018000d518 f   BillAcceptorImpl.obj
 0001:0000c58c       ?GetOposProp@COPOSBillAcceptor@@IEAAJJPEAJJ@Z 000000018000d58c f   BillAcceptorImpl.obj
 0001:0000c6a8       ?GetOposProp@COPOSBillAcceptor@@IEAAJJPEAPEA_WJ@Z 000000018000d6a8 f   BillAcceptorImpl.obj
 0001:0000c7d4       ?OnDraw@COPOSBillAcceptor@@MEAAJAEAUATL_DRAWINFO@@@Z 000000018000d7d4 f   BillAcceptorImpl.obj
 0001:0000c8c0       ?Open@COPOSBillAcceptor@@UEAAJPEA_WPEAJ@Z 000000018000d8c0 f   BillAcceptorImpl.obj
 0001:0000d148       ?PauseDeposit@COPOSBillAcceptor@@UEAAJJPEAJ@Z 000000018000e148 f   BillAcceptorImpl.obj
 0001:0000d1c4       ?ReadCashCounts@COPOSBillAcceptor@@UEAAJPEAPEA_WPEAFPEAJ@Z 000000018000e1c4 f   BillAcceptorImpl.obj
 0001:0000d2a0       ?ReleaseDevice@COPOSBillAcceptor@@UEAAJPEAJ@Z 000000018000e2a0 f   BillAcceptorImpl.obj
 0001:0000d30c       ?ResetStatistics@COPOSBillAcceptor@@UEAAJPEA_WPEAJ@Z 000000018000e30c f   BillAcceptorImpl.obj
 0001:0000d394       ?RetrieveStatistics@COPOSBillAcceptor@@UEAAJPEAPEA_WPEAJ@Z 000000018000e394 f   BillAcceptorImpl.obj
 0001:0000d41c       ?SOProcessID@COPOSBillAcceptor@@UEAAJPEAJ@Z 000000018000e41c f   BillAcceptorImpl.obj
 0001:0000d438       ?SetCOFreezeEvents@COPOSBillAcceptor@@IEAAXF@Z 000000018000e438 f   BillAcceptorImpl.obj
 0001:0000d51c       ?SetOposProp@COPOSBillAcceptor@@IEAAJJJJ@Z 000000018000e51c f   BillAcceptorImpl.obj
 0001:0000d67c       ?SetOposProp@COPOSBillAcceptor@@IEAAJJPEA_WJ@Z 000000018000e67c f   BillAcceptorImpl.obj
 0001:0000d7d4       ?UpdateFirmware@COPOSBillAcceptor@@UEAAJPEA_WPEAJ@Z 000000018000e7d4 f   BillAcceptorImpl.obj
 0001:0000d85c       ?UpdateStatistics@COPOSBillAcceptor@@UEAAJPEA_WPEAJ@Z 000000018000e85c f   BillAcceptorImpl.obj
 0001:0000d8e4       ?get_BinaryConversion@COPOSBillAcceptor@@UEAAJPEAJ@Z 000000018000e8e4 f   BillAcceptorImpl.obj
 0001:0000d8f8       ?get_CapCompareFirmwareVersion@COPOSBillAcceptor@@UEAAJPEAF@Z 000000018000e8f8 f   BillAcceptorImpl.obj
 0001:0000d92c       ?get_CapDiscrepancy@COPOSBillAcceptor@@UEAAJPEAF@Z 000000018000e92c f   BillAcceptorImpl.obj
 0001:0000d960       ?get_CapFullSensor@COPOSBillAcceptor@@UEAAJPEAF@Z 000000018000e960 f   BillAcceptorImpl.obj
 0001:0000d994       ?get_CapJamSensor@COPOSBillAcceptor@@UEAAJPEAF@Z 000000018000e994 f   BillAcceptorImpl.obj
 0001:0000d9c8       ?get_CapNearFullSensor@COPOSBillAcceptor@@UEAAJPEAF@Z 000000018000e9c8 f   BillAcceptorImpl.obj
 0001:0000d9fc       ?get_CapPauseDeposit@COPOSBillAcceptor@@UEAAJPEAF@Z 000000018000e9fc f   BillAcceptorImpl.obj
 0001:0000da30       ?get_CapPowerReporting@COPOSBillAcceptor@@UEAAJPEAJ@Z 000000018000ea30 f   BillAcceptorImpl.obj
 0001:0000da44       ?get_CapRealTimeData@COPOSBillAcceptor@@UEAAJPEAF@Z 000000018000ea44 f   BillAcceptorImpl.obj
 0001:0000da78       ?get_CapStatisticsReporting@COPOSBillAcceptor@@UEAAJPEAF@Z 000000018000ea78 f   BillAcceptorImpl.obj
 0001:0000daac       ?get_CapUpdateFirmware@COPOSBillAcceptor@@UEAAJPEAF@Z 000000018000eaac f   BillAcceptorImpl.obj
 0001:0000dae0       ?get_CapUpdateStatistics@COPOSBillAcceptor@@UEAAJPEAF@Z 000000018000eae0 f   BillAcceptorImpl.obj
 0001:0000db14       ?get_CheckHealthText@COPOSBillAcceptor@@UEAAJPEAPEA_W@Z 000000018000eb14 f   BillAcceptorImpl.obj
 0001:0000db28       ?get_Claimed@COPOSBillAcceptor@@UEAAJPEAF@Z 000000018000eb28 f   BillAcceptorImpl.obj
 0001:0000db5c       ?get_ControlObjectDescription@COPOSBillAcceptor@@UEAAJPEAPEA_W@Z 000000018000eb5c f   BillAcceptorImpl.obj
 0001:0000dbc0       ?get_ControlObjectVersion@COPOSBillAcceptor@@UEAAJPEAJ@Z 000000018000ebc0 f   BillAcceptorImpl.obj
 0001:0000dbcc       ?get_CurrencyCode@COPOSBillAcceptor@@UEAAJPEAPEA_W@Z 000000018000ebcc f   BillAcceptorImpl.obj
 0001:0000dbe0       ?get_DataCount@COPOSBillAcceptor@@UEAAJPEAJ@Z 000000018000ebe0 f   BillAcceptorImpl.obj
 0001:0000dbf4       ?get_DataEventEnabled@COPOSBillAcceptor@@UEAAJPEAF@Z 000000018000ebf4 f   BillAcceptorImpl.obj
 0001:0000dc28       ?get_DepositAmount@COPOSBillAcceptor@@UEAAJPEAJ@Z 000000018000ec28 f   BillAcceptorImpl.obj
 0001:0000dc3c       ?get_DepositCashList@COPOSBillAcceptor@@UEAAJPEAPEA_W@Z 000000018000ec3c f   BillAcceptorImpl.obj
 0001:0000dc50       ?get_DepositCodeList@COPOSBillAcceptor@@UEAAJPEAPEA_W@Z 000000018000ec50 f   BillAcceptorImpl.obj
 0001:0000dc64       ?get_DepositCounts@COPOSBillAcceptor@@UEAAJPEAPEA_W@Z 000000018000ec64 f   BillAcceptorImpl.obj
 0001:0000dc78       ?get_DepositStatus@COPOSBillAcceptor@@UEAAJPEAJ@Z 000000018000ec78 f   BillAcceptorImpl.obj
 0001:0000dc8c       ?get_DeviceDescription@COPOSBillAcceptor@@UEAAJPEAPEA_W@Z 000000018000ec8c f   BillAcceptorImpl.obj
 0001:0000dca0       ?get_DeviceEnabled@COPOSBillAcceptor@@UEAAJPEAF@Z 000000018000eca0 f   BillAcceptorImpl.obj
 0001:0000dcd4       ?get_DeviceName@COPOSBillAcceptor@@UEAAJPEAPEA_W@Z 000000018000ecd4 f   BillAcceptorImpl.obj
 0001:0000dce8       ?get_FreezeEvents@COPOSBillAcceptor@@UEAAJPEAF@Z 000000018000ece8 f   BillAcceptorImpl.obj
 0001:0000dd18       ?get_FullStatus@COPOSBillAcceptor@@UEAAJPEAJ@Z 000000018000ed18 f   BillAcceptorImpl.obj
 0001:0000dd2c       ?get_OpenResult@COPOSBillAcceptor@@UEAAJPEAJ@Z 000000018000ed2c f   BillAcceptorImpl.obj
 0001:0000dd38       ?get_PowerNotify@COPOSBillAcceptor@@UEAAJPEAJ@Z 000000018000ed38 f   BillAcceptorImpl.obj
 0001:0000dd4c       ?get_PowerState@COPOSBillAcceptor@@UEAAJPEAJ@Z 000000018000ed4c f   BillAcceptorImpl.obj
 0001:0000dd60       ?get_RealTimeDataEnabled@COPOSBillAcceptor@@UEAAJPEAF@Z 000000018000ed60 f   BillAcceptorImpl.obj
 0001:0000dd94       ?get_ResultCode@COPOSBillAcceptor@@UEAAJPEAJ@Z 000000018000ed94 f   BillAcceptorImpl.obj
 0001:0000ddd0       ?get_ResultCodeExtended@COPOSBillAcceptor@@UEAAJPEAJ@Z 000000018000edd0 f   BillAcceptorImpl.obj
 0001:0000dde4       ?get_ServiceObjectDescription@COPOSBillAcceptor@@UEAAJPEAPEA_W@Z 000000018000ede4 f   BillAcceptorImpl.obj
 0001:0000ddf8       ?get_ServiceObjectVersion@COPOSBillAcceptor@@UEAAJPEAJ@Z 000000018000edf8 f   BillAcceptorImpl.obj
 0001:0000de0c       ?get_State@COPOSBillAcceptor@@UEAAJPEAJ@Z 000000018000ee0c f   BillAcceptorImpl.obj
 0001:0000de38       ?put_BinaryConversion@COPOSBillAcceptor@@UEAAJJ@Z 000000018000ee38 f   BillAcceptorImpl.obj
 0001:0000de4c       ?put_CurrencyCode@COPOSBillAcceptor@@UEAAJPEA_W@Z 000000018000ee4c f   BillAcceptorImpl.obj
 0001:0000de60       ?put_DataEventEnabled@COPOSBillAcceptor@@UEAAJF@Z 000000018000ee60 f   BillAcceptorImpl.obj
 0001:0000de78       ?put_DeviceEnabled@COPOSBillAcceptor@@UEAAJF@Z 000000018000ee78 f   BillAcceptorImpl.obj
 0001:0000de90       ?put_FreezeEvents@COPOSBillAcceptor@@UEAAJF@Z 000000018000ee90 f   BillAcceptorImpl.obj
 0001:0000dee0       ?put_PowerNotify@COPOSBillAcceptor@@UEAAJJ@Z 000000018000eee0 f   BillAcceptorImpl.obj
 0001:0000def4       ?put_RealTimeDataEnabled@COPOSBillAcceptor@@UEAAJF@Z 000000018000eef4 f   BillAcceptorImpl.obj
 0001:0000df10       ?s_EventWindowProc@COPOSBillAcceptor@@KA_JPEAUHWND__@@I_K_J@Z 000000018000ef10 f i BillAcceptorImpl.obj
 0001:0000df8c       ??_U@YAPEAX_K@Z            000000018000ef8c f   LIBCMT:new_array.obj
 0001:0000df94       ??3@YAXPEAX_K@Z            000000018000ef94 f   LIBCMT:delete_scalar_size.obj
 0001:0000df94       ??_V@YAXPEAX@Z             000000018000ef94 f   LIBCMT:delete_array.obj
 0001:0000df9c       ??_V@YAXPEAX_K@Z           000000018000ef9c f   LIBCMT:delete_array_size.obj
 0001:0000dfa4       __scrt_acquire_startup_lock 000000018000efa4 f   LIBCMT:utility.obj
 0001:0000dfe0       __scrt_dllmain_after_initialize_c 000000018000efe0 f   LIBCMT:utility.obj
 0001:0000e014       __scrt_dllmain_before_initialize_c 000000018000f014 f   LIBCMT:utility.obj
 0001:0000e02c       __scrt_dllmain_crt_thread_attach 000000018000f02c f   LIBCMT:utility.obj
 0001:0000e054       __scrt_dllmain_crt_thread_detach 000000018000f054 f   LIBCMT:utility.obj
 0001:0000e06c       __scrt_dllmain_exception_filter 000000018000f06c f   LIBCMT:utility.obj
 0001:0000e0cc       __scrt_dllmain_uninitialize_c 000000018000f0cc f   LIBCMT:utility.obj
 0001:0000e0fc       __scrt_dllmain_uninitialize_critical 000000018000f0fc f   LIBCMT:utility.obj
 0001:0000e110       __scrt_initialize_crt      000000018000f110 f   LIBCMT:utility.obj
 0001:0000e15c       __scrt_initialize_onexit_tables 000000018000f15c f   LIBCMT:utility.obj
 0001:0000e1e8       __scrt_is_nonwritable_in_current_image 000000018000f1e8 f   LIBCMT:utility.obj
 0001:0000e280       __scrt_release_startup_lock 000000018000f280 f   LIBCMT:utility.obj
 0001:0000e2a4       __scrt_uninitialize_crt    000000018000f2a4 f   LIBCMT:utility.obj
 0001:0000e2d0       _onexit                    000000018000f2d0 f   LIBCMT:utility.obj
 0001:0000e30c       atexit                     000000018000f30c f   LIBCMT:utility.obj
 0001:0000e324       ??3@YAXPEAX@Z              000000018000f324 f   LIBCMT:delete_scalar.obj
 0001:0000e424       _Init_thread_footer        000000018000f424 f   LIBCMT:thread_safe_statics.obj
 0001:0000e484       _Init_thread_header        000000018000f484 f   LIBCMT:thread_safe_statics.obj
 0001:0000e4ec       _Init_thread_notify        000000018000f4ec f   LIBCMT:thread_safe_statics.obj
 0001:0000e530       _Init_thread_wait          000000018000f530 f   LIBCMT:thread_safe_statics.obj
 0001:0000e594       __raise_securityfailure    000000018000f594 f   LIBCMT:gs_report.obj
 0001:0000e5c8       __report_gsfailure         000000018000f5c8 f   LIBCMT:gs_report.obj
 0001:0000e69c       __report_rangecheckfailure 000000018000f69c f   LIBCMT:gs_report.obj
 0001:0000e6b0       __report_securityfailure   000000018000f6b0 f   LIBCMT:gs_report.obj
 0001:0000e830       ??2@YAPEAX_KAEBUnothrow_t@std@@@Z 000000018000f830 f   LIBCMT:new_scalar_nothrow.obj
 0001:0000e850       ??_U@YAPEAX_KAEBUnothrow_t@std@@@Z 000000018000f850 f   LIBCMT:new_array_nothrow.obj
 0001:0000e858       __GSHandlerCheck           000000018000f858 f   LIBCMT:gshandler.obj
 0001:0000e878       __GSHandlerCheckCommon     000000018000f878 f   LIBCMT:gshandler.obj
 0001:0000e8d4       __GSHandlerCheck_SEH       000000018000f8d4 f   LIBCMT:gshandlerseh.obj
 0001:0000e970       _alloca_probe              000000018000f970 f   LIBCMT:chkstk.obj
 0001:0000e970       __chkstk                   000000018000f970 f   LIBCMT:chkstk.obj
 0001:0000e9e0       __security_check_cookie    000000018000f9e0 f   LIBCMT:amdsecgs.obj
 0001:0000ed24       _DllMainCRTStartup         000000018000fd24 f   LIBCMT:dll_dllmain.obj
 0001:0000ed64       ??2@YAPEAX_K@Z             000000018000fd64 f   LIBCMT:new_scalar.obj
 0001:0000eda0       __isa_available_init       000000018000fda0 f   LIBCMT:cpu_disp.obj
 0001:0000ef1c       __scrt_is_ucrt_dll_in_use  000000018000ff1c f   LIBCMT:ucrt_detection.obj
 0001:0000ef28       __crt_debugger_hook        000000018000ff28 f   LIBCMT:utility_desktop.obj
 0001:0000ef30       __scrt_fastfail            000000018000ff30 f   LIBCMT:utility_desktop.obj
 0001:0000f07c       __security_init_cookie     000000018001007c f   LIBCMT:gs_support.obj
 0001:0000f128       ?__scrt_initialize_type_info@@YAXXZ 0000000180010128 f   LIBCMT:tncleanup.obj
 0001:0000f138       ?__scrt_uninitialize_type_info@@YAXXZ 0000000180010138 f   LIBCMT:tncleanup.obj
 0001:0000f144       __local_stdio_scanf_options 0000000180010144 f i LIBCMT:default_local_stdio_options.obj
 0001:0000f14c       __scrt_initialize_default_local_stdio_options 000000018001014c f   LIBCMT:default_local_stdio_options.obj
 0001:0000f168       __scrt_get_dyn_tls_init_callback 0000000180010168 f   LIBCMT:dyn_tls_init.obj
 0001:0000f170       _RTC_Initialize            0000000180010170 f   LIBCMT:initsect.obj
 0001:0000f1ac       _RTC_Terminate             00000001800101ac f   LIBCMT:initsect.obj
 0001:0000f1e8       ??0bad_alloc@std@@QEAA@AEBV01@@Z 00000001800101e8 f i LIBCMT:throw_bad_alloc.obj
 0001:0000f224       ??0bad_alloc@std@@QEAA@XZ  0000000180010224 f i LIBCMT:throw_bad_alloc.obj
 0001:0000f244       ??0bad_array_new_length@std@@QEAA@AEBV01@@Z 0000000180010244 f i LIBCMT:throw_bad_alloc.obj
 0001:0000f280       ??0bad_array_new_length@std@@QEAA@XZ 0000000180010280 f i LIBCMT:throw_bad_alloc.obj
 0001:0000f2a0       ??0exception@std@@QEAA@AEBV01@@Z 00000001800102a0 f i LIBCMT:throw_bad_alloc.obj
 0001:0000f2d4       ??1bad_exception@std@@UEAA@XZ 00000001800102d4 f i libvcruntime:frame.obj
 0001:0000f2d4       ??1bad_alloc@std@@UEAA@XZ  00000001800102d4 f i LIBCMT:throw_bad_alloc.obj
 0001:0000f2d4       ??1bad_array_new_length@std@@UEAA@XZ 00000001800102d4 f i LIBCMT:throw_bad_alloc.obj
 0001:0000f2e8       ??_Gbad_array_new_length@std@@UEAAPEAXI@Z 00000001800102e8 f i LIBCMT:throw_bad_alloc.obj
 0001:0000f2e8       ??_Gexception@std@@UEAAPEAXI@Z 00000001800102e8 f i LIBCMT:throw_bad_alloc.obj
 0001:0000f2e8       ??_Ebad_exception@std@@UEAAPEAXI@Z 00000001800102e8 f i libvcruntime:frame.obj
 0001:0000f2e8       ??_Gbad_exception@std@@UEAAPEAXI@Z 00000001800102e8 f i libvcruntime:frame.obj
 0001:0000f2e8       ??_Eexception@std@@UEAAPEAXI@Z 00000001800102e8 f i LIBCMT:throw_bad_alloc.obj
 0001:0000f2e8       ??_Ebad_alloc@std@@UEAAPEAXI@Z 00000001800102e8 f i LIBCMT:throw_bad_alloc.obj
 0001:0000f2e8       ??_Ebad_array_new_length@std@@UEAAPEAXI@Z 00000001800102e8 f i LIBCMT:throw_bad_alloc.obj
 0001:0000f2e8       ??_Gbad_alloc@std@@UEAAPEAXI@Z 00000001800102e8 f i LIBCMT:throw_bad_alloc.obj
 0001:0000f32c       ?__scrt_throw_std_bad_alloc@@YAXXZ 000000018001032c f   LIBCMT:throw_bad_alloc.obj
 0001:0000f34c       ?__scrt_throw_std_bad_array_new_length@@YAXXZ 000000018001034c f   LIBCMT:throw_bad_alloc.obj
 0001:0000f36c       ?what@exception@std@@UEBAPEBDXZ 000000018001036c f i LIBCMT:throw_bad_alloc.obj
 0001:0000f380       ??_Gtype_info@@UEAAPEAXI@Z 0000000180010380 f i LIBCMT:std_type_info_static.obj
 0001:0000f380       ??_Etype_info@@UEAAPEAXI@Z 0000000180010380 f i LIBCMT:std_type_info_static.obj
[...]
 0004:000017f4       $pdata$__acrt_SetThreadStackGuarantee 00000001800347f4     libucrt:winapi_thunks.obj
 0004:00001800       $pdata$?try_get_function@@YAPEAXW4function_id@?A0x391cf84c@@QEBDQEBW4module_id@2@2@Z 0000000180034800     libucrt:winapi_thunks.obj
 0004:0000180c       $pdata$wcstol              000000018003480c     libucrt:strtox.obj
 0004:00001818       $pdata$_mbtowc_l           0000000180034818     libucrt:mbtowc.obj
 0004:00001824       $pdata$__acrt_update_locale_info 0000000180034824     libucrt:locale_update.obj
 0004:00001830       $pdata$__acrt_update_multibyte_info 0000000180034830     libucrt:locale_update.obj
 0004:0000183c       $pdata$__acrt_fp_format    000000018003483c     libucrt:cvt.obj
 0004:00001848       $pdata$?fp_format_e_internal@@YAHQEAD_KH_NIQEAU_strflt@@2QEAU__crt_locale_pointers@@@Z 0000000180034848     libucrt:cvt.obj
 0004:00001854       $pdata$?fp_format_e@@YAHQEBNQEAD_K12H_NIQEAU__crt_locale_pointers@@@Z 0000000180034854     libucrt:cvt.obj
 0004:00001860       $pdata$?fp_format_a@@YAHQEBNPEAD_KQEAD2H_NIQEAU__crt_locale_pointers@@@Z 0000000180034860     libucrt:cvt.obj
 0004:0000186c       $pdata$?fp_format_f_internal@@YAHQEAD_KHQEAU_strflt@@_NQEAU__crt_locale_pointers@@@Z 000000018003486c     libucrt:cvt.obj
 0004:00001878       $pdata$?fp_format_g@@YAHQEBNQEAD_K12H_NIQEAU__crt_locale_pointers@@@Z 0000000180034878     libucrt:cvt.obj
 0004:00001884       $pdata$_fileno             0000000180034884     libucrt:fileno.obj
 0004:00001890       $pdata$__acrt_initialize_stdio 0000000180034890     libucrt:_file.obj
 0004:0000189c       $pdata$__acrt_uninitialize_stdio 000000018003489c     libucrt:_file.obj
 0004:000018a8       $pdata$__acrt_uninitialize_locale 00000001800348a8     libucrt:wsetlocale.obj
 0004:000018b4       $pdata$??$?RV<lambda_410d79af7f07d98d83a3f525b3859a53>@@AEAV<lambda_3e16ef9562a7dcce91392c22ab16ea36>@@V<lambda_38119f0e861e05405d8a144b9b982f0a>@@@?$__crt_seh_guarded_call@X@@QEAAX$$QEAV<lambda_410d79af7f07d98d83a3f525b3859a53>@@AEAV<lambda_3e16ef9562a7dcce91392c22ab16ea36>@@$$QEAV<lambda_38119f0e861e05405d8a144b9b982f0a>@@@Z 00000001800348b4     libucrt:wsetlocale.obj
 0004:000018c0       $pdata$?fin$0@?0???$?RV<lambda_410d79af7f07d98d83a3f525b3859a53>@@AEAV<lambda_3e16ef9562a7dcce91392c22ab16ea36>@@V<lambda_38119f0e861e05405d8a144b9b982f0a>@@@?$__crt_seh_guarded_call@X@@QEAAX$$QEAV<lambda_410d79af7f07d98d83a3f525b3859a53>@@AEAV<lambda_3e16ef9562a7dcce91392c22ab16ea36>@@$$QEAV<lambda_38119f0e861e05405d8a144b9b982f0a>@@@Z@4HA 00000001800348c0     libucrt:wsetlocale.obj
 0004:000018cc       $pdata$__acrt_initialize_lowio 00000001800348cc     libucrt:ioinit.obj
 0004:000018d8       $pdata$__acrt_initialize_lowio$fin$0 00000001800348d8     libucrt:ioinit.obj
 0004:000018d8       $pdata$__acrt_lowio_ensure_fh_exists$fin$0 00000001800348d8     libucrt:osfinfo.obj
 0004:000018e4       $pdata$__acrt_uninitialize_lowio 00000001800348e4     libucrt:ioinit.obj
 0004:000018f0       $pdata$?initialize_inherited_file_handles_nolock@@YAXXZ 00000001800348f0     libucrt:ioinit.obj
 0004:000018fc       $pdata$?initialize_stdio_handles_nolock@@YAXXZ 00000001800348fc     libucrt:ioinit.obj
 0004:00001908       $pdata$__acrt_initialize_locks 0000000180034908     libucrt:locks.obj
 0004:00001914       $pdata$__acrt_uninitialize_locks 0000000180034914     libucrt:locks.obj
 0004:00001920       $pdata$__acrt_get_process_end_policy 0000000180034920     libucrt:win_policies.obj
 0004:0000192c       $pdata$??$__acrt_mbs_to_wcs_cp@U__crt_win32_buffer_internal_dynamic_resizing@@@@YAHQEBDAEAV?$__crt_win32_buffer@_WU__crt_win32_buffer_internal_dynamic_resizing@@@@I@Z 000000018003492c     libucrt:argv_wildcards.obj
 0004:00001938       $pdata$??$__acrt_wcs_to_mbs_cp@U__crt_win32_buffer_internal_dynamic_resizing@@@@YAHQEB_WAEAV?$__crt_win32_buffer@DU__crt_win32_buffer_internal_dynamic_resizing@@@@I@Z 0000000180034938     libucrt:argv_wildcards.obj
 0004:00001944       $pdata$??$common_expand_argv_wildcards@D@@YAHQEAPEADQEAPEAPEAD@Z 0000000180034944     libucrt:argv_wildcards.obj
 0004:00001950       $pdata$??$copy_and_add_argument_to_buffer@D@@YAHQEBD0_KAEAV?$argument_list@D@?A0x5f5c8891@@@Z 0000000180034950     libucrt:argv_wildcards.obj
 0004:0000195c       $pdata$??$expand_argument_wildcards@D@@YAHQEAD0AEAV?$argument_list@D@?A0x5f5c8891@@@Z 000000018003495c     libucrt:argv_wildcards.obj
 0004:00001968       $pdata$__acrt_GetModuleFileNameA 0000000180034968     libucrt:getmodulefilenamea.obj
 0004:00001974       $pdata$??$__acrt_wcs_to_mbs_cp@U__crt_win32_buffer_no_resizing@@@@YAHQEB_WAEAV?$__crt_win32_buffer@DU__crt_win32_buffer_no_resizing@@@@I@Z 0000000180034974     libucrt:getmodulefilenamea.obj
 0004:00001980       $pdata$__acrt_update_thread_multibyte_data 0000000180034980     libucrt:mbctype.obj
 0004:0000198c       $pdata$__acrt_initialize_multibyte 000000018003498c     libucrt:mbctype.obj
 0004:00001998       $pdata$_setmbcp_nolock     0000000180034998     libucrt:mbctype.obj
 0004:000019a4       $pdata$?getSystemCP@@YAHH@Z 00000001800349a4     libucrt:mbctype.obj
 0004:000019b0       $pdata$?setSBCS@@YAXPEAU__crt_multibyte_data@@@Z 00000001800349b0     libucrt:mbctype.obj
 0004:000019bc       $pdata$?update_thread_multibyte_data_internal@@YAPEAU__crt_multibyte_data@@QEAU__acrt_ptd@@QEAPEAU1@@Z 00000001800349bc     libucrt:mbctype.obj
 0004:000019c8       $pdata$?fin$0@?0??update_thread_multibyte_data_internal@@YAPEAU__crt_multibyte_data@@QEAU__acrt_ptd@@QEAPEAU1@@Z@4HA 00000001800349c8     libucrt:mbctype.obj
 0004:000019d4       $pdata$?setmbcp_internal@@YAHH_NQEAU__acrt_ptd@@QEAPEAU__crt_multibyte_data@@@Z 00000001800349d4     libucrt:mbctype.obj
 0004:000019e0       $pdata$?setSBUpLow@@YAXPEAU__crt_multibyte_data@@@Z 00000001800349e0     libucrt:mbctype.obj
 0004:000019ec       $pdata$??$?RV<lambda_efdfa57d1f175319df784efa44bb7b81>@@AEAV<lambda_5f0a4c1567f8adc6734073e5d1e1b35c>@@V<lambda_2e8a7d3640ea6ccb4c2413664c2db6fd>@@@?$__crt_seh_guarded_call@X@@QEAAX$$QEAV<lambda_efdfa57d1f175319df784efa44bb7b81>@@AEAV<lambda_5f0a4c1567f8adc6734073e5d1e1b35c>@@$$QEAV<lambda_2e8a7d3640ea6ccb4c2413664c2db6fd>@@@Z 00000001800349ec     libucrt:mbctype.obj
 0004:000019f8       $pdata$?x_ismbbtype_l@@YAHPEAU__crt_locale_pointers@@IHH@Z 00000001800349f8     libucrt:ismbbyte.obj
 0004:00001a04       $pdata$__acrt_initialize_command_line 0000000180034a04     libucrt:argv_data.obj
 0004:00001a10       $pdata$__acrt_WideCharToMultiByte 0000000180034a10     libucrt:widechartomultibyte.obj
 0004:00001a1c       $pdata$__dcrt_get_narrow_environment_from_os 0000000180034a1c     libucrt:get_environment_from_os.obj
 0004:00001a28       $pdata$__acrt_initialize_heap 0000000180034a28     libucrt:heap_handle.obj
 0004:00001a34       $pdata$__acrt_execute_initializers 0000000180034a34     libucrt:shared_initialization.obj
 0004:00001a40       $pdata$__acrt_execute_uninitializers 0000000180034a40     libucrt:shared_initialization.obj
 0004:00001a4c       $pdata$__acrt_get_sigabrt_handler 0000000180034a4c     libucrt:signal.obj
 0004:00001a58       $pdata$raise               0000000180034a58     libucrt:signal.obj
 0004:00001a64       $pdata$raise$fin$0         0000000180034a64     libucrt:signal.obj
 0004:00001a70       $pdata$??$?RV<lambda_450d765d439847d4c735a33c368b5fc0>@@AEAV<lambda_44731a7d0e6d81c3e6aa82d741081786>@@V<lambda_601a2a7da3b7a96e9554ac7215c4b07c>@@@?$__crt_seh_guarded_call@P6AXH@Z@@QEAAP6AXH@Z$$QEAV<lambda_450d765d439847d4c735a33c368b5fc0>@@AEAV<lambda_44731a7d0e6d81c3e6aa82d741081786>@@$$QEAV<lambda_601a2a7da3b7a96e9554ac7215c4b07c>@@@Z 0000000180034a70     libucrt:signal.obj
 0004:00001a7c       $pdata$_fflush_nolock      0000000180034a7c     libucrt:fflush.obj
 0004:00001a88       $pdata$__acrt_stdio_flush_nolock 0000000180034a88     libucrt:fflush.obj
 0004:00001a94       $pdata$?common_flush_all@@YAH_N@Z 0000000180034a94     libucrt:fflush.obj
 0004:00001aa0       $pdata$??$?RV<lambda_842d9ff0dc9ef11c61343bbaebe7f885>@@AEAV<lambda_c5860995281e5c4ce005b3de8f5874ee>@@V<lambda_d90129c13df834fdcbf8d2b88dafcf2d>@@@?$__crt_seh_guarded_call@X@@QEAAX$$QEAV<lambda_842d9ff0dc9ef11c61343bbaebe7f885>@@AEAV<lambda_c5860995281e5c4ce005b3de8f5874ee>@@$$QEAV<lambda_d90129c13df834fdcbf8d2b88dafcf2d>@@@Z 0000000180034aa0     libucrt:fflush.obj
 0004:00001aac       $pdata$?fin$0@?0???$?RV<lambda_842d9ff0dc9ef11c61343bbaebe7f885>@@AEAV<lambda_c5860995281e5c4ce005b3de8f5874ee>@@V<lambda_d90129c13df834fdcbf8d2b88dafcf2d>@@@?$__crt_seh_guarded_call@X@@QEAAX$$QEAV<lambda_842d9ff0dc9ef11c61343bbaebe7f885>@@AEAV<lambda_c5860995281e5c4ce005b3de8f5874ee>@@$$QEAV<lambda_d90129c13df834fdcbf8d2b88dafcf2d>@@@Z@4HA 0000000180034aac     libucrt:fflush.obj
 0004:00001ab8       $pdata$??$?RV<lambda_886d6c58226a84441f68b9f2b8217b83>@@AEAV<lambda_ab61a845afdef5b7c387490eaf3616ee>@@V<lambda_f7f22ab5edc0698d5f6905b0d3f44752>@@@?$__crt_seh_guarded_call@X@@QEAAX$$QEAV<lambda_886d6c58226a84441f68b9f2b8217b83>@@AEAV<lambda_ab61a845afdef5b7c387490eaf3616ee>@@$$QEAV<lambda_f7f22ab5edc0698d5f6905b0d3f44752>@@@Z 0000000180034ab8     libucrt:fflush.obj
 0004:00001ac4       $pdata$?fin$0@?0???$?RV<lambda_886d6c58226a84441f68b9f2b8217b83>@@AEAV<lambda_ab61a845afdef5b7c387490eaf3616ee>@@V<lambda_f7f22ab5edc0698d5f6905b0d3f44752>@@@?$__crt_seh_guarded_call@X@@QEAAX$$QEAV<lambda_886d6c58226a84441f68b9f2b8217b83>@@AEAV<lambda_ab61a845afdef5b7c387490eaf3616ee>@@$$QEAV<lambda_f7f22ab5edc0698d5f6905b0d3f44752>@@@Z@4HA 0000000180034ac4     libucrt:fflush.obj
 0004:00001ad0       $pdata$__pctype_func       0000000180034ad0     libucrt:ctype.obj
 0004:00001adc       $pdata$iswctype            0000000180034adc     libucrt:iswctype.obj
 0004:00001ae8       $pdata$__acrt_release_locale_ref 0000000180034ae8     libucrt:locale_refcounting.obj
 0004:00001af4       $pdata$__acrt_free_locale  0000000180034af4     libucrt:locale_refcounting.obj
 0004:00001b00       $pdata$__acrt_locale_free_lc_time_if_unreferenced 0000000180034b00     libucrt:locale_refcounting.obj
 0004:00001b0c       $pdata$__acrt_update_thread_locale_data 0000000180034b0c     libucrt:locale_refcounting.obj
 0004:00001b18       $pdata$__acrt_update_thread_locale_data$fin$0 0000000180034b18     libucrt:locale_refcounting.obj
 0004:00001b24       $pdata$_updatetlocinfoEx_nolock 0000000180034b24     libucrt:locale_refcounting.obj
 0004:00001b30       $pdata$__acrt_DownlevelLocaleNameToLCID 0000000180034b30     libucrt:lcidtoname_downlevel.obj
 0004:00001b3c       $pdata$_isleadbyte_l       0000000180034b3c     libucrt:_wctype.obj
 0004:00001b48       $pdata$?__mbrtowc_utf8@__crt_mbstring@@YA_KPEA_WPEBD_KPEAU_Mbstatet@@@Z 0000000180034b48     libucrt:mbrtowc.obj
 0004:00001b54       $pdata$?__mbsrtowcs_utf8@__crt_mbstring@@YA_KPEA_WPEAPEBD_KPEAU_Mbstatet@@@Z 0000000180034b54     libucrt:mbrtowc.obj
 0004:00001b60       $pdata$__acrt_fp_strflt_to_string 0000000180034b60     libucrt:_fptostr.obj
 0004:00001b6c       $pdata$__acrt_fltout       0000000180034b6c     libucrt:cfout.obj
 0004:00001b78       $pdata$?divide@__crt_strtox@@YA_KAEAUbig_integer@1@AEBU21@@Z 0000000180034b78     libucrt:cfout.obj
 0004:00001b84       $pdata$0$?divide@__crt_strtox@@YA_KAEAUbig_integer@1@AEBU21@@Z 0000000180034b84     libucrt:cfout.obj
 0004:00001b90       $pdata$1$?divide@__crt_strtox@@YA_KAEAUbig_integer@1@AEBU21@@Z 0000000180034b90     libucrt:cfout.obj
 0004:00001b9c       $pdata$_fcloseall          0000000180034b9c     libucrt:closeall.obj
 0004:00001ba8       $pdata$_fcloseall$fin$0    0000000180034ba8     libucrt:closeall.obj
 0004:00001bb4       $pdata$__acrt_stdio_free_buffer_nolock 0000000180034bb4     libucrt:_freebuf.obj
 0004:00001bc0       $pdata$_isatty             0000000180034bc0     libucrt:isatty.obj
 0004:00001bcc       $pdata$__acrt_locale_free_monetary 0000000180034bcc     libucrt:initmon.obj
 0004:00001bd8       $pdata$__acrt_locale_free_numeric 0000000180034bd8     libucrt:initnum.obj
 0004:00001be4       $pdata$__acrt_locale_free_time 0000000180034be4     libucrt:inittime.obj
 0004:00001bf0       $pdata$?free_crt_array_internal@@YAXQEAPEBX_K@Z 0000000180034bf0     libucrt:inittime.obj
 0004:00001bfc       $pdata$__acrt_GetStringTypeA 0000000180034bfc     libucrt:getstringtypea.obj
 0004:00001c08       $pdata$_get_osfhandle      0000000180034c08     libucrt:osfinfo.obj
 0004:00001c14       $pdata$_free_osfhnd        0000000180034c14     libucrt:osfinfo.obj
 0004:00001c20       $pdata$__acrt_lowio_create_handle_array 0000000180034c20     libucrt:osfinfo.obj
 0004:00001c2c       $pdata$__acrt_lowio_destroy_handle_array 0000000180034c2c     libucrt:osfinfo.obj
 0004:00001c38       $pdata$__acrt_lowio_ensure_fh_exists 0000000180034c38     libucrt:osfinfo.obj
 0004:00001c44       $pdata$qsort               0000000180034c44     libucrt:qsort.obj
 0004:00001c50       $pdata$4$qsort             0000000180034c50     libucrt:qsort.obj
 0004:00001c5c       $pdata$5$qsort             0000000180034c5c     libucrt:qsort.obj
 0004:00001c68       $pdata$strncpy_s           0000000180034c68     libucrt:strncpy_s.obj
 0004:00001c74       $pdata$strpbrk             0000000180034c74     libucrt:strpbrk.obj
 0004:00001c80       $pdata$fallbackMethod      0000000180034c80     libucrt:strpbrk.obj
 0004:00001c8c       $pdata$_mbsdec_l           0000000180034c8c     libucrt:mbsdec.obj
 0004:00001c98       $pdata$__acrt_LCMapStringA 0000000180034c98     libucrt:lcmapstringa.obj
 0004:00001ca4       $pdata$?__acrt_LCMapStringA_stat@@YAHPEAU__crt_locale_pointers@@PEB_WKPEBDHPEADHHH@Z 0000000180034ca4     libucrt:lcmapstringa.obj
 0004:00001cb0       $pdata$?initialize_multibyte@@YAHXZ 0000000180034cb0     libucrt:multibyte_initializer.obj
 0004:00001cbc       $pdata$_commit             0000000180034cbc     libucrt:commit.obj
 0004:00001cc8       $pdata$??$?RV<lambda_a37b2b86f63e897a80ea819b0eb08c01>@@AEAV<lambda_38ce7e780aa69e748d6df282ebc68efe>@@V<lambda_99fb1378e971ab6e7edea83e3a7a83a2>@@@?$__crt_seh_guarded_call@H@@QEAAH$$QEAV<lambda_a37b2b86f63e897a80ea819b0eb08c01>@@AEAV<lambda_38ce7e780aa69e748d6df282ebc68efe>@@$$QEAV<lambda_99fb1378e971ab6e7edea83e3a7a83a2>@@@Z 0000000180034cc8     libucrt:commit.obj
 0004:00001cd4       $pdata$?fin$0@?0???$?RV<lambda_751a882b2c74d4b022dec766aa51a29a>@@AEAV<lambda_628dfdc04ba53c8bfc02c9951375f3f5>@@V<lambda_f6c7be5f7998530c34de24c7437d6b54>@@@?$__crt_seh_guarded_call@H@@QEAAH$$QEAV<lambda_751a882b2c74d4b022dec766aa51a29a>@@AEAV<lambda_628dfdc04ba53c8bfc02c9951375f3f5>@@$$QEAV<lambda_f6c7be5f7998530c34de24c7437d6b54>@@@Z@4HA 0000000180034cd4     libucrt:close.obj
 0004:00001cd4       $pdata$?fin$0@?0???$?RV<lambda_a37b2b86f63e897a80ea819b0eb08c01>@@AEAV<lambda_38ce7e780aa69e748d6df282ebc68efe>@@V<lambda_99fb1378e971ab6e7edea83e3a7a83a2>@@@?$__crt_seh_guarded_call@H@@QEAAH$$QEAV<lambda_a37b2b86f63e897a80ea819b0eb08c01>@@AEAV<lambda_38ce7e780aa69e748d6df282ebc68efe>@@$$QEAV<lambda_99fb1378e971ab6e7edea83e3a7a83a2>@@@Z@4HA 0000000180034cd4     libucrt:commit.obj
 0004:00001ce0       $pdata$_write              0000000180034ce0     libucrt:write.obj
 0004:00001cec       $pdata$_write$fin$0        0000000180034cec     libucrt:write.obj
 0004:00001cf8       $pdata$_write_nolock       0000000180034cf8     libucrt:write.obj
 0004:00001d04       $pdata$?write_double_translated_ansi_nolock@@YA?AUwrite_result@?A0x17268360@@HQEBDI@Z 0000000180034d04     libucrt:write.obj
 0004:00001d10       $pdata$?write_text_ansi_nolock@@YA?AUwrite_result@?A0x17268360@@HQEBDI@Z 0000000180034d10     libucrt:write.obj
 0004:00001d1c       $pdata$?write_text_utf16le_nolock@@YA?AUwrite_result@?A0x17268360@@HQEBDI@Z 0000000180034d1c     libucrt:write.obj
 0004:00001d28       $pdata$?write_text_utf8_nolock@@YA?AUwrite_result@?A0x17268360@@HQEBDI@Z 0000000180034d28     libucrt:write.obj
 0004:00001d34       $pdata$?__mbrtoc32_utf8@__crt_mbstring@@YA_KPEA_UPEBD_KPEAU_Mbstatet@@@Z 0000000180034d34     libucrt:mbrtoc32.obj
 0004:00001d40       $pdata$fegetenv            0000000180034d40     libucrt:fegetenv.obj
 0004:00001d4c       $pdata$fesetenv            0000000180034d4c     libucrt:fesetenv.obj
 0004:00001d58       $pdata$feholdexcept        0000000180034d58     libucrt:feholdexcept.obj
 0004:00001d70       $pdata$??$common_lseek_nolock@_J@@YA_JH_JH@Z 0000000180034d70     libucrt:lseek.obj
 0004:00001d7c       $pdata$fclose              0000000180034d7c     libucrt:fclose.obj
 0004:00001d88       $pdata$fclose$fin$0        0000000180034d88     libucrt:fclose.obj
 0004:00001d94       $pdata$_fclose_nolock      0000000180034d94     libucrt:fclose.obj
 0004:00001da0       $pdata$_putwch_nolock      0000000180034da0     libucrt:putwch.obj
 0004:00001dac       $pdata$__acrt_fenv_set_control 0000000180034dac     libucrt:_fenvutils.obj
 0004:00001db8       $pdata$_clearfp            0000000180034db8     libucrt:ieee.obj
 0004:00001dc4       $pdata$_call_matherr       0000000180034dc4     libucrt:libm_error.obj
 0004:00001dd0       $pdata$_exception_enabled  0000000180034dd0     libucrt:libm_error.obj
 0004:00001ddc       $pdata$_handle_error       0000000180034ddc     libucrt:libm_error.obj
 0004:00001de8       $pdata$__acrt_initialize_fma3 0000000180034de8     libucrt:fma3_available.obj
 0004:00001df4       $pdata$_log_special_common 0000000180034df4     libucrt:log_special.obj
 0004:00001e00       $pdata$_log10_special      0000000180034e00     libucrt:log_special.obj
 0004:00001e0c       $pdata$_close              0000000180034e0c     libucrt:close.obj
 0004:00001e18       $pdata$_close_nolock       0000000180034e18     libucrt:close.obj
 0004:00001e24       $pdata$??$?RV<lambda_751a882b2c74d4b022dec766aa51a29a>@@AEAV<lambda_628dfdc04ba53c8bfc02c9951375f3f5>@@V<lambda_f6c7be5f7998530c34de24c7437d6b54>@@@?$__crt_seh_guarded_call@H@@QEAAH$$QEAV<lambda_751a882b2c74d4b022dec766aa51a29a>@@AEAV<lambda_628dfdc04ba53c8bfc02c9951375f3f5>@@$$QEAV<lambda_f6c7be5f7998530c34de24c7437d6b54>@@@Z 0000000180034e24     libucrt:close.obj
 0004:00001e30       $pdata$__dcrt_lowio_ensure_console_output_initialized 0000000180034e30     libucrt:initcon.obj
 0004:00001e3c       $pdata$__dcrt_write_console 0000000180034e3c     libucrt:initcon.obj
 0004:00001e48       $pdata$__dcrt_terminate_console_output 0000000180034e48     libucrt:initcon.obj
 0004:00001e60       $pdata$_set_errno_from_matherr 0000000180034e60     libucrt:fpexcept.obj
 0004:00001e6c       $pdata$_raise_exc          0000000180034e6c     libucrt:fpexcept.obj
 0004:00001e78       $pdata$_raise_exc_ex       0000000180034e78     libucrt:fpexcept.obj
 0004:00001e84       $pdata$_clrfp              0000000180034e84     libucrt:fpctrl.obj
 0004:00001e90       $pdata$_ctrlfp             0000000180034e90     libucrt:fpctrl.obj
 0004:00001e9c       $pdata$_ctrlfp$filt$0      0000000180034e9c     libucrt:fpctrl.obj
 0004:00001ea8       $pdata$_statfp             0000000180034ea8     libucrt:fpctrl.obj
 0004:00001eb4       $pdata$_set_statfp         0000000180034eb4     libucrt:fpctrl.obj
 0004:00001ec0       $pdata$_IsNonwritableInCurrentImage 0000000180034ec0     LIBCMT:pesect.obj
 0004:00001ecc       $pdata$_IsNonwritableInCurrentImage$filt$0 0000000180034ecc     LIBCMT:pesect.obj
 0005:00000000       MoveSmall                  0000000180035000     libvcruntime:memcpy.obj
 0005:00000050       MsetTab                    0000000180035050     libvcruntime:memset.obj
 0006:00000220       $R000000                   0000000180036220     BillAcceptor.res
 0006:00000ba0       $R000980                   0000000180036ba0     BillAcceptor.res
 0006:00000c88       $R000A68                   0000000180036c88     BillAcceptor.res
 0006:00000ef0       $R000CD0                   0000000180036ef0     BillAcceptor.res
 0006:000013d0       $R0011B0                   00000001800373d0     BillAcceptor.res
 0006:000040f8       $R003ED8                   000000018003a0f8     BillAcceptor.res
 0006:00004130       $R003F10                   000000018003a130     BillAcceptor.res
