 OPOSTotals

 Timestamp is 600f7af5 (Tue Jan 26 11:14:13 2021)

 Preferred load address is 0000000180000000

 Start         Length     Name                   Class
 0001:00000000 000000c0H .text$di                CODE
 0001:000000c0 000214a0H .text$mn                CODE
 0001:00021560 00000040H .text$mn$00             CODE
 0001:000215a0 000004b0H .text$x                 CODE
 0001:00021a50 00000078H .text$yd                CODE
 0002:00000000 00000618H .idata$5                DATA
 0002:00000618 00000028H .00cfg                  DATA
 0002:00000640 00000008H .CRT$XCA                DATA
 0002:00000648 00000008H .CRT$XCL                DATA
 0002:00000650 00000020H .CRT$XCU                DATA
 0002:00000670 00000008H .CRT$XCZ                DATA
 0002:00000678 00000008H .CRT$XIA                DATA
 0002:00000680 00000020H .CRT$XIC                DATA
 0002:000006a0 00000008H .CRT$XIZ                DATA
 0002:000006a8 00000008H .CRT$XLA                DATA
 0002:000006b0 00000008H .CRT$XLZ                DATA
 0002:000006b8 00000008H .CRT$XPA                DATA
 0002:000006c0 00000010H .CRT$XPX                DATA
 0002:000006d0 00000008H .CRT$XPXA               DATA
 0002:000006d8 00000008H .CRT$XPZ                DATA
 0002:000006e0 00000008H .CRT$XTA                DATA
 0002:000006e8 00000008H .CRT$XTZ                DATA
 0002:000006f0 00000000H .gehcont$y              DATA
 0002:000006f0 00000000H .gfids$y                DATA
 0002:000006f0 0000a890H .rdata                  DATA
 0002:0000af80 00000000H .rdata$CastGuardVftablesA DATA
 0002:0000af80 00000000H .rdata$CastGuardVftablesC DATA
 0002:0000af80 00000028H .rdata$T                DATA
 0002:0000afa8 00000274H .rdata$r                DATA
 0002:0000b21c 00000404H .rdata$zzzdbg           DATA
 0002:0000b620 00000008H .rtc$IAA                DATA
 0002:0000b628 00000008H .rtc$IZZ                DATA
 0002:0000b630 00000008H .rtc$TAA                DATA
 0002:0000b638 00000008H .rtc$TZZ                DATA
 0002:0000b640 00000004H .tls                    DATA
 0002:0000b644 00000004H .tls$                   DATA
 0002:0000b648 00000008H .tls$ZZZ                DATA
 0002:0000b650 000016e8H .xdata                  DATA
 0002:0000cd38 00000150H .xdata$x                DATA
 0002:0000ce88 00000008H ATL$__a                 DATA
 0002:0000ce90 00000010H ATL$__z                 DATA
 0002:0000cea0 000000a8H .edata                  DATA
 0002:0000cf48 00000078H .idata$2                DATA
 0002:0000cfc0 00000018H .idata$3                DATA
 0002:0000cfd8 00000618H .idata$4                DATA
 0002:0000d5f0 00000c2aH .idata$6                DATA
 0003:00000000 00000de8H .data                   DATA
 0003:00000de8 000000c8H .data$r                 DATA
 0003:00000eb0 0000141cH .bss                    DATA
 0004:00000000 00001ec0H .pdata                  DATA
 0005:00000000 00000094H _RDATA                  DATA
 0006:00000000 00000220H .rsrc$01                DATA
 0006:00000220 000040f0H .rsrc$02                DATA

  Address         Publics by Value              Rva+Base               Lib:Object

 0000:00000000       ___safe_se_handler_table   0000000000000000     <absolute>
 0000:00000000       __guard_longjmp_table      0000000000000000     <absolute>
 0000:00000000       __x64_code_ranges_to_entry_points 0000000000000000     <absolute>
 0000:00000000       __arm64x_redirection_metadata 0000000000000000     <absolute>
 0000:00000000       __guard_iat_table          0000000000000000     <absolute>
 0000:00000000       __guard_fids_count         0000000000000000     <absolute>
 0000:00000000       __guard_iat_count          0000000000000000     <absolute>
 0000:00000000       __arm64x_extra_rfe_table   0000000000000000     <absolute>
 0000:00000000       __guard_longjmp_count      0000000000000000     <absolute>
 0000:00000000       __dynamic_value_reloc_table 0000000000000000     <absolute>
 0000:00000000       __x64_code_ranges_to_entry_points_count 0000000000000000     <absolute>
 0000:00000000       __hybrid_auxiliary_iat     0000000000000000     <absolute>
 0000:00000000       __hybrid_code_map          0000000000000000     <absolute>
 0000:00000000       __volatile_metadata        0000000000000000     <absolute>
 0000:00000000       __arm64x_extra_rfe_table_size 0000000000000000     <absolute>
 0000:00000000       ___safe_se_handler_count   0000000000000000     <absolute>
 0000:00000000       __AbsoluteZero             0000000000000000     <absolute>
 0000:00000000       __guard_eh_cont_count      0000000000000000     <absolute>
 0000:00000000       __guard_fids_table         0000000000000000     <absolute>
 0000:00000000       __arm64x_redirection_metadata_count 0000000000000000     <absolute>
 0000:00000000       __enclave_config           0000000000000000     <absolute>
 0000:00000000       __guard_eh_cont_table      0000000000000000     <absolute>
 0000:00000000       __arm64x_native_entrypoint 0000000000000000     <absolute>
 0000:00000000       __hybrid_code_map_count    0000000000000000     <absolute>
 0000:00000100       __guard_flags              0000000000000100     <absolute>
 0000:00000000       __ImageBase                0000000180000000     <linker-defined>
 0001:000000c0       ?DupWide@_CW@@AEAAXXZ      00000001800010c0 f   CWString.obj
 0001:000000e8       ?cw_dup@@YAXPEBDAEAHAEAPEA_W1@Z 00000001800010e8 f   CWString.obj
 0001:000001c8       ?cw_memcpy@@YAHPEA_WPEBDH@Z 00000001800011c8 f   CWString.obj
 0001:00000214       ?cw_strcpy@@YAHPEA_WPEBD@Z 0000000180001214 f   CWString.obj
 0001:00000228       ??0CAtlComModule@ATL@@QEAA@XZ 0000000180001228 f i OposVariant.obj
 0001:000002a8       ??0CAtlWinModule@ATL@@QEAA@XZ 00000001800012a8 f i OposVariant.obj
 0001:00000314       ??0OposDispParms@@QEAA@PEAVOposVariant@@H@Z 0000000180001314 f   OposVariant.obj
 0001:000003bc       ??1OposDispParms@@QEAA@XZ  00000001800013bc f   OposVariant.obj
 0001:000003d4       ??_Estringdispid@CComTypeInfoHolder@ATL@@QEAAPEAXI@Z 00000001800013d4 f i OposVariant.obj
 0001:00000478       ?AtlWinModuleTerm@ATL@@YAJPEAU_ATL_WIN_MODULE70@1@PEAUHINSTANCE__@@@Z 0000000180001478 f i OposVariant.obj
 0001:00000528       ?ChangeBSTR@OposVariant@@QEAAXPEAPEA_WAEAJ@Z 0000000180001528 f   OposVariant.obj
 0001:00000588       ?ChangeLONG@OposVariant@@QEAAXPEAJAEAJ@Z 0000000180001588 f   OposVariant.obj
 0001:000005e4       ?GetLONG@OposVariant@@QEAAJXZ 00000001800015e4 f   OposVariant.obj
 0001:00000608       ?SetBSTR@OposVariant@@QEAAXPEA_WAEAJ@Z 0000000180001608 f   OposVariant.obj
 0001:00000648       ?SetBSTR_Copy@OposVariant@@QEAAXPEA_WAEAJ@Z 0000000180001648 f   OposVariant.obj
 0001:000006b8       ?SetBSTR_InOutPtr@OposVariant@@QEAA_NPEAPEA_WAEAJ@Z 00000001800016b8 f   OposVariant.obj
 0001:00000708       ?SetBSTR_OutPtr@OposVariant@@QEAA_NPEAPEA_WAEAJ@Z 0000000180001708 f   OposVariant.obj
 0001:00000724       ?SetDispatch_Ptr@OposVariant@@QEAAXPEAUIDispatch@@AEAJ@Z 0000000180001724 f   OposVariant.obj
 0001:0000077c       ?SetLONG@OposVariant@@QEAAXJ@Z 000000018000177c f   OposVariant.obj
 0001:000007ac       ?SetLONG_Ptr@OposVariant@@QEAAXPEAJAEAJ@Z 00000001800017ac f   OposVariant.obj
 0001:000007f8       ?SetString@OposVariant@@QEAAXPEB_WAEAJ@Z 00000001800017f8 f   OposVariant.obj
 0001:0000085c       ?SetVARIANT_BOOL@OposVariant@@QEAAXF@Z 000000018000185c f   OposVariant.obj
 0001:00000894       ?Term@CAtlComModule@ATL@@QEAAXXZ 0000000180001894 f i OposVariant.obj
 0001:00000904       ?_AtlInitializeCriticalSectionEx@ATL@@YAHPEAU_RTL_CRITICAL_SECTION@@KK@Z 0000000180001904 f i OposVariant.obj
 0001:0000090c       ?_AtlRaiseException@ATL@@YAXKK@Z 000000018000190c f i OposVariant.obj
 0001:0000091c       ?GetWindowProc@?$CWindowImplBaseT@VCWindow@ATL@@V?$CWinTraits@$0FGAAAAAA@$0A@@2@@ATL@@UEAAP6A_JPEAUHWND__@@I_K_J@ZXZ 000000018000191c f i Totals.obj
 0001:00000924       ?StartWindowProc@?$CWindowImplBaseT@VCWindow@ATL@@V?$CWinTraits@$0FGAAAAAA@$0A@@2@@ATL@@SA_JPEAUHWND__@@I_K_J@Z 0000000180001924 f i Totals.obj
 0001:000009e8       _guard_check_icall_nop     00000001800019e8 f i LIBCMT:guard_support.obj
 0001:000009e8       ?OnFinalMessage@?$CWindowImplBaseT@VCWindow@ATL@@V?$CWinTraits@$0FGAAAAAA@$0A@@2@@ATL@@UEAAXPEAUHWND__@@@Z 00000001800019e8 f i Totals.obj
 0001:000009e8       ?ObjectMain@CComObjectRootBase@ATL@@SAX_N@Z 00000001800019e8 f i Totals.obj
 0001:000009ec       ?GetTypeInfoCount@?$IDispatchImpl@UIOPOSTotals@@$1?IID_IOPOSTotals@@3U_GUID@@B$1?LIBID_OposTotals_CCO@@3U3@B$00$0A@VCComTypeInfoHolder@ATL@@@ATL@@UEAAJPEAI@Z 00000001800019ec f i Totals.obj
 0001:00000a00       ?GetTypeInfo@?$IDispatchImpl@UIOPOSTotals@@$1?IID_IOPOSTotals@@3U_GUID@@B$1?LIBID_OposTotals_CCO@@3U3@B$00$0A@VCComTypeInfoHolder@ATL@@@ATL@@UEAAJIKPEAPEAUITypeInfo@@@Z 0000000180001a00 f i Totals.obj
 0001:00000a64       ?GetIDsOfNames@?$IDispatchImpl@UIOPOSTotals@@$1?IID_IOPOSTotals@@3U_GUID@@B$1?LIBID_OposTotals_CCO@@3U3@B$00$0A@VCComTypeInfoHolder@ATL@@@ATL@@UEAAJAEBU_GUID@@PEAPEA_WIKPEAJ@Z 0000000180001a64 f i Totals.obj
 0001:00000a70       ?Invoke@?$IDispatchImpl@UIOPOSTotals@@$1?IID_IOPOSTotals@@3U_GUID@@B$1?LIBID_OposTotals_CCO@@3U3@B$00$0A@VCComTypeInfoHolder@ATL@@@ATL@@UEAAJJAEBU_GUID@@KGPEAUtagDISPPARAMS@@PEAUtagVARIANT@@PEAUtagEXCEPINFO@@PEAI@Z 0000000180001a70 f i Totals.obj
 0001:00000b00       ?CreateControlWindow@?$CComControl@VCOPOSTotals@@V?$CWindowImpl@VCOPOSTotals@@VCWindow@ATL@@V?$CWinTraits@$0FGAAAAAA@$0A@@3@@ATL@@@ATL@@UEAAPEAUHWND__@@PEAU3@AEAUtagRECT@@@Z 0000000180001b00 f i Totals.obj
 0001:00000b38       ?ControlQueryInterface@?$CComControl@VCOPOSTotals@@V?$CWindowImpl@VCOPOSTotals@@VCWindow@ATL@@V?$CWinTraits@$0FGAAAAAA@$0A@@3@@ATL@@@ATL@@UEAAJAEBU_GUID@@PEAPEAX@Z 0000000180001b38 f i Totals.obj
 0001:00000b4c       ?GetClassID@?$IPersistStreamInitImpl@VCOPOSTotals@@@ATL@@UEAAJPEAU_GUID@@@Z 0000000180001b4c f i Totals.obj
 0001:00000b4c       ?GetUserClassID@?$IOleObjectImpl@VCOPOSTotals@@@ATL@@UEAAJPEAU_GUID@@@Z 0000000180001b4c f i Totals.obj
 0001:00000b4c       ?GetClassID@?$IPersistStorageImpl@VCOPOSTotals@@@ATL@@UEAAJPEAU_GUID@@@Z 0000000180001b4c f i Totals.obj
 0001:00000b68       ?IsDirty@?$IPersistStreamInitImpl@VCOPOSTotals@@@ATL@@UEAAJXZ 0000000180001b68 f i Totals.obj
 0001:00000b84       ?Load@?$IPersistStreamInitImpl@VCOPOSTotals@@@ATL@@UEAAJPEAUIStream@@@Z 0000000180001b84 f i Totals.obj
 0001:00000b9c       ?Save@?$IPersistStreamInitImpl@VCOPOSTotals@@@ATL@@UEAAJPEAUIStream@@H@Z 0000000180001b9c f i Totals.obj
 0001:00000bb4       ?GetSizeMax@?$IPersistStreamInitImpl@VCOPOSTotals@@@ATL@@UEAAJPEAT_ULARGE_INTEGER@@@Z 0000000180001bb4 f i Totals.obj
 0001:00000de0       ?InitNew@?$IPersistStreamInitImpl@VCOPOSTotals@@@ATL@@UEAAJXZ 0000000180001de0 f i Totals.obj
 0001:00000df8       ?GetMoniker@?$IOleObjectImpl@VCOPOSTotals@@@ATL@@UEAAJKKPEAPEAUIMoniker@@@Z 0000000180001df8 f i Totals.obj
 0001:00000df8       ?ReactivateAndUndo@?$IOleInPlaceObjectWindowlessImpl@VCOPOSTotals@@@ATL@@UEAAJXZ 0000000180001df8 f i Totals.obj
 0001:00000df8       ?EnumFormatEtc@?$IDataObjectImpl@VCOPOSTotals@@@ATL@@UEAAJKPEAPEAUIEnumFORMATETC@@@Z 0000000180001df8 f i Totals.obj
 0001:00000df8       ?QueryGetData@?$IDataObjectImpl@VCOPOSTotals@@@ATL@@UEAAJPEAUtagFORMATETC@@@Z 0000000180001df8 f i Totals.obj
 0001:00000df8       ?SOOutputCompleteDummy@COPOSTotals@@MEAAJJ@Z 0000000180001df8 f i Totals.obj
 0001:00000df8       ?SetMoniker@?$IOleObjectImpl@VCOPOSTotals@@@ATL@@UEAAJKPEAUIMoniker@@@Z 0000000180001df8 f i Totals.obj
 0001:00000df8       ?ContextSensitiveHelp@?$IOleInPlaceActiveObjectImpl@VCOPOSTotals@@@ATL@@UEAAJH@Z 0000000180001df8 f i Totals.obj
 0001:00000df8       ?GetRect@?$IViewObjectExImpl@VCOPOSTotals@@@ATL@@UEAAJKPEAU_RECTL@@@Z 0000000180001df8 f i Totals.obj
 0001:00000df8       ?OnMnemonic@?$IOleControlImpl@VCOPOSTotals@@@ATL@@UEAAJPEAUtagMSG@@@Z 0000000180001df8 f i Totals.obj
 0001:00000df8       ?InitFromData@?$IOleObjectImpl@VCOPOSTotals@@@ATL@@UEAAJPEAUIDataObject@@HK@Z 0000000180001df8 f i Totals.obj
 0001:00000df8       ?Unfreeze@?$IViewObjectExImpl@VCOPOSTotals@@@ATL@@UEAAJK@Z 0000000180001df8 f i Totals.obj
 0001:00000df8       ?SODataDummy@COPOSTotals@@MEAAJJ@Z 0000000180001df8 f i Totals.obj
 0001:00000df8       ?GetDataHere@?$IDataObjectImpl@VCOPOSTotals@@@ATL@@UEAAJPEAUtagFORMATETC@@PEAUtagSTGMEDIUM@@@Z 0000000180001df8 f i Totals.obj
 0001:00000df8       ?QueryInterface@CRegObject@ATL@@UEAAJAEBU_GUID@@PEAPEAX@Z 0000000180001df8 f i Totals.obj
 0001:00000df8       ?SetColorScheme@?$IOleObjectImpl@VCOPOSTotals@@@ATL@@UEAAJPEAUtagLOGPALETTE@@@Z 0000000180001df8 f i Totals.obj
 0001:00000df8       ?GetControlInfo@?$IOleControlImpl@VCOPOSTotals@@@ATL@@UEAAJPEAUtagCONTROLINFO@@@Z 0000000180001df8 f i Totals.obj
 0001:00000df8       ?GetCanonicalFormatEtc@?$IDataObjectImpl@VCOPOSTotals@@@ATL@@UEAAJPEAUtagFORMATETC@@0@Z 0000000180001df8 f i Totals.obj
 0001:00000df8       ?GetColorSet@?$IViewObjectExImpl@VCOPOSTotals@@@ATL@@UEAAJKJPEAXPEAUtagDVTARGETDEVICE@@PEAUHDC__@@PEAPEAUtagLOGPALETTE@@@Z 0000000180001df8 f i Totals.obj
 0001:00000df8       ?Freeze@?$IViewObjectExImpl@VCOPOSTotals@@@ATL@@UEAAJKJPEAXPEAK@Z 0000000180001df8 f i Totals.obj
 0001:00000df8       ?ContextSensitiveHelp@?$IOleInPlaceObjectWindowlessImpl@VCOPOSTotals@@@ATL@@UEAAJH@Z 0000000180001df8 f i Totals.obj
 0001:00000df8       ?SOErrorDummy@COPOSTotals@@MEAAJJJJPEAJ@Z 0000000180001df8 f i Totals.obj
 0001:00000df8       ?GetDropTarget@?$IOleInPlaceObjectWindowlessImpl@VCOPOSTotals@@@ATL@@UEAAJPEAPEAUIDropTarget@@@Z 0000000180001df8 f i Totals.obj
 0001:00000df8       ?GetClipboardData@?$IOleObjectImpl@VCOPOSTotals@@@ATL@@UEAAJKPEAPEAUIDataObject@@@Z 0000000180001df8 f i Totals.obj
 0001:00000df8       ?SetData@?$IDataObjectImpl@VCOPOSTotals@@@ATL@@UEAAJPEAUtagFORMATETC@@PEAUtagSTGMEDIUM@@H@Z 0000000180001df8 f i Totals.obj
 0001:00000e00       ?IsUpToDate@?$IOleObjectImpl@VCOPOSTotals@@@ATL@@UEAAJXZ 0000000180001e00 f i Totals.obj
 0001:00000e00       ?OnFrameWindowActivate@?$IOleInPlaceActiveObjectImpl@VCOPOSTotals@@@ATL@@UEAAJH@Z 0000000180001e00 f i Totals.obj
 0001:00000e00       ?SaveCompleted@?$IPersistStorageImpl@VCOPOSTotals@@@ATL@@UEAAJPEAUIStorage@@@Z 0000000180001e00 f i Totals.obj
 0001:00000e00       ?HandsOffStorage@?$IPersistStorageImpl@VCOPOSTotals@@@ATL@@UEAAJXZ 0000000180001e00 f i Totals.obj
 0001:00000e00       ?OnAmbientPropertyChange@?$IOleControlImpl@VCOPOSTotals@@@ATL@@UEAAJJ@Z 0000000180001e00 f i Totals.obj
 0001:00000e00       ?Update@?$IOleObjectImpl@VCOPOSTotals@@@ATL@@UEAAJXZ 0000000180001e00 f i Totals.obj
 0001:00000e00       ?ResizeBorder@?$IOleInPlaceActiveObjectImpl@VCOPOSTotals@@@ATL@@UEAAJPEBUtagRECT@@PEAUIOleInPlaceUIWindow@@H@Z 0000000180001e00 f i Totals.obj
 0001:00000e00       ?SetHostNames@?$IOleObjectImpl@VCOPOSTotals@@@ATL@@UEAAJPEB_W0@Z 0000000180001e00 f i Totals.obj
 0001:00000e00       ?Release@CRegObject@ATL@@UEAAKXZ 0000000180001e00 f i Totals.obj
 0001:00000e00       ?GetCategoryMap@CComObjectRootBase@ATL@@SAPEBU_ATL_CATMAP_ENTRY@2@XZ 0000000180001e00 f i Totals.obj
 0001:00000e00       ?EnableModeless@?$IOleInPlaceActiveObjectImpl@VCOPOSTotals@@@ATL@@UEAAJH@Z 0000000180001e00 f i Totals.obj
 0001:00000e00       ?GetObjectDescription@?$CComCoClass@VCOPOSTotals@@$1?CLSID_OPOSTotals@@3U_GUID@@B@ATL@@SAPEB_WXZ 0000000180001e00 f i Totals.obj
 0001:00000e04       ?SetClientSite@?$IOleObjectImpl@VCOPOSTotals@@@ATL@@UEAAJPEAUIOleClientSite@@@Z 0000000180001e04 f i Totals.obj
 0001:00000e20       ?GetClientSite@?$IOleObjectImpl@VCOPOSTotals@@@ATL@@UEAAJPEAPEAUIOleClientSite@@@Z 0000000180001e20 f i Totals.obj
 0001:00000e68       ?Close@?$IOleObjectImpl@VCOPOSTotals@@@ATL@@UEAAJK@Z 0000000180001e68 f i Totals.obj
 0001:00000e84       ?DoVerb@?$IOleObjectImpl@VCOPOSTotals@@@ATL@@UEAAJJPEAUtagMSG@@PEAUIOleClientSite@@JPEAUHWND__@@PEBUtagRECT@@@Z 0000000180001e84 f i Totals.obj
 0001:00001028       ?EnumVerbs@?$IOleObjectImpl@VCOPOSTotals@@@ATL@@UEAAJPEAPEAUIEnumOLEVERB@@@Z 0000000180002028 f i Totals.obj
 0001:00001044       ?GetUserType@?$IOleObjectImpl@VCOPOSTotals@@@ATL@@UEAAJKPEAPEA_W@Z 0000000180002044 f i Totals.obj
 0001:00001054       ?SetExtent@?$IOleObjectImpl@VCOPOSTotals@@@ATL@@UEAAJKPEAUtagSIZE@@@Z 0000000180002054 f i Totals.obj
 0001:00001070       ?GetExtent@?$IOleObjectImpl@VCOPOSTotals@@@ATL@@UEAAJKPEAUtagSIZE@@@Z 0000000180002070 f i Totals.obj
 0001:000010a0       ?Advise@?$IOleObjectImpl@VCOPOSTotals@@@ATL@@UEAAJPEAUIAdviseSink@@PEAK@Z 00000001800020a0 f i Totals.obj
 0001:000010fc       ?Unadvise@?$IOleObjectImpl@VCOPOSTotals@@@ATL@@UEAAJK@Z 00000001800020fc f i Totals.obj
 0001:00001134       ?EnumAdvise@?$IOleObjectImpl@VCOPOSTotals@@@ATL@@UEAAJPEAPEAUIEnumSTATDATA@@@Z 0000000180002134 f i Totals.obj
 0001:0000117c       ?GetMiscStatus@?$IOleObjectImpl@VCOPOSTotals@@@ATL@@UEAAJKPEAK@Z 000000018000217c f i Totals.obj
 0001:0000118c       ?GetWindow@?$IOleInPlaceActiveObjectImpl@VCOPOSTotals@@@ATL@@UEAAJPEAPEAUHWND__@@@Z 000000018000218c f i Totals.obj
 0001:000011e0       ?TranslateAcceleratorW@?$IOleInPlaceActiveObjectImpl@VCOPOSTotals@@@ATL@@UEAAJPEAUtagMSG@@@Z 00000001800021e0 f i Totals.obj
 0001:000012d4       ?OnDocWindowActivate@?$IOleInPlaceActiveObjectImpl@VCOPOSTotals@@@ATL@@UEAAJH@Z 00000001800022d4 f i Totals.obj
 0001:00001300       ?Draw@?$IViewObjectExImpl@VCOPOSTotals@@@ATL@@UEAAJKJPEAXPEAUtagDVTARGETDEVICE@@PEAUHDC__@@2PEBU_RECTL@@3P6AH_K@Z4@Z 0000000180002300 f i Totals.obj
 0001:00001364       ?SetAdvise@?$IViewObjectExImpl@VCOPOSTotals@@@ATL@@UEAAJKKPEAUIAdviseSink@@@Z 0000000180002364 f i Totals.obj
 0001:000013b8       ?GetAdvise@?$IViewObjectExImpl@VCOPOSTotals@@@ATL@@UEAAJPEAK0PEAPEAUIAdviseSink@@@Z 00000001800023b8 f i Totals.obj
 0001:000013f4       ?GetExtent@?$IViewObjectExImpl@VCOPOSTotals@@@ATL@@UEAAJKJPEAUtagDVTARGETDEVICE@@PEAUtagSIZE@@@Z 00000001800023f4 f i Totals.obj
 0001:00001424       ?GetViewStatus@?$IViewObjectExImpl@VCOPOSTotals@@@ATL@@UEAAJPEAK@Z 0000000180002424 f i Totals.obj
 0001:00001438       ?QueryHitPoint@?$IViewObjectExImpl@VCOPOSTotals@@@ATL@@UEAAJKPEBUtagRECT@@UtagPOINT@@JPEAK@Z 0000000180002438 f i Totals.obj
 0001:0000147c       ?QueryHitRect@?$IViewObjectExImpl@VCOPOSTotals@@@ATL@@UEAAJKPEBUtagRECT@@0JPEAK@Z 000000018000247c f i Totals.obj
 0001:000014e4       ?GetNaturalExtent@?$IViewObjectExImpl@VCOPOSTotals@@@ATL@@UEAAJKJPEAUtagDVTARGETDEVICE@@PEAUHDC__@@PEAUtagExtentInfo@@PEAUtagSIZE@@@Z 00000001800024e4 f i Totals.obj
 0001:0000152c       ?GetWindow@?$IOleInPlaceObjectWindowlessImpl@VCOPOSTotals@@@ATL@@UEAAJPEAPEAUHWND__@@@Z 000000018000252c f i Totals.obj
 0001:00001580       ?InPlaceDeactivate@?$IOleInPlaceObjectWindowlessImpl@VCOPOSTotals@@@ATL@@UEAAJXZ 0000000180002580 f i Totals.obj
 0001:0000159c       ?UIDeactivate@?$IOleInPlaceObjectWindowlessImpl@VCOPOSTotals@@@ATL@@UEAAJXZ 000000018000259c f i Totals.obj
 0001:000015b8       ?SetObjectRects@?$IOleInPlaceObjectWindowlessImpl@VCOPOSTotals@@@ATL@@UEAAJPEBUtagRECT@@0@Z 00000001800025b8 f i Totals.obj
 0001:000015d4       ?OnWindowMessage@?$IOleInPlaceObjectWindowlessImpl@VCOPOSTotals@@@ATL@@UEAAJI_K_JPEA_J@Z 00000001800025d4 f i Totals.obj
 0001:0000169c       ?EnumConnectionPoints@?$IConnectionPointContainerImpl@VCOPOSTotals@@@ATL@@UEAAJPEAPEAUIEnumConnectionPoints@@@Z 000000018000269c f i Totals.obj
 0001:000018e8       ?FindConnectionPoint@?$IConnectionPointContainerImpl@VCOPOSTotals@@@ATL@@UEAAJAEBU_GUID@@PEAPEAUIConnectionPoint@@@Z 00000001800028e8 f i Totals.obj
 0001:000019b8       ?IsDirty@?$IPersistStorageImpl@VCOPOSTotals@@@ATL@@UEAAJXZ 00000001800029b8 f i Totals.obj
 0001:000019f8       ?InitNew@?$IPersistStorageImpl@VCOPOSTotals@@@ATL@@UEAAJPEAUIStorage@@@Z 00000001800029f8 f i Totals.obj
 0001:00001a38       ?Load@?$IPersistStorageImpl@VCOPOSTotals@@@ATL@@UEAAJPEAUIStorage@@@Z 0000000180002a38 f i Totals.obj
 0001:00001ad8       ?Save@?$IPersistStorageImpl@VCOPOSTotals@@@ATL@@UEAAJPEAUIStorage@@H@Z 0000000180002ad8 f i Totals.obj
 0001:00001b88       ?GetPages@?$ISpecifyPropertyPagesImpl@VCOPOSTotals@@@ATL@@UEAAJPEAUtagCAUUID@@@Z 0000000180002b88 f i Totals.obj
 0001:00001b94       ?QuickActivate@?$IQuickActivateImpl@VCOPOSTotals@@@ATL@@UEAAJPEAUtagQACONTAINER@@PEAUtagQACONTROL@@@Z 0000000180002b94 f i Totals.obj
 0001:00001bb0       ?SetContentExtent@?$IQuickActivateImpl@VCOPOSTotals@@@ATL@@UEAAJPEAUtagSIZE@@@Z 0000000180002bb0 f i Totals.obj
 0001:00001be4       ?GetContentExtent@?$IQuickActivateImpl@VCOPOSTotals@@@ATL@@UEAAJPEAUtagSIZE@@@Z 0000000180002be4 f i Totals.obj
 0001:00001c1c       ?GetData@?$IDataObjectImpl@VCOPOSTotals@@@ATL@@UEAAJPEAUtagFORMATETC@@PEAUtagSTGMEDIUM@@@Z 0000000180002c1c f i Totals.obj
 0001:00001c38       ?DAdvise@?$IDataObjectImpl@VCOPOSTotals@@@ATL@@UEAAJPEAUtagFORMATETC@@KPEAUIAdviseSink@@PEAK@Z 0000000180002c38 f i Totals.obj
 0001:00001cc0       ?DUnadvise@?$IDataObjectImpl@VCOPOSTotals@@@ATL@@UEAAJK@Z 0000000180002cc0 f i Totals.obj
 0001:00001cec       ?EnumDAdvise@?$IDataObjectImpl@VCOPOSTotals@@@ATL@@UEAAJPEAPEAUIEnumSTATDATA@@@Z 0000000180002cec f i Totals.obj
 0001:00001d28       ?GetClassInfoW@?$IProvideClassInfo2Impl@$1?CLSID_OPOSTotals@@3U_GUID@@B$1?DIID__IOPOSTotalsEvents@@3U2@B$1?LIBID_OposTotals_CCO@@3U2@B$00$0A@VCComTypeInfoHolder@ATL@@@ATL@@UEAAJPEAPEAUITypeInfo@@@Z 0000000180002d28 f i Totals.obj
 0001:00001d80       ?GetGUID@?$IProvideClassInfo2Impl@$1?CLSID_OPOSTotals@@3U_GUID@@B$1?DIID__IOPOSTotalsEvents@@3U2@B$1?LIBID_OposTotals_CCO@@3U2@B$00$0A@VCComTypeInfoHolder@ATL@@@ATL@@UEAAJKPEAU_GUID@@@Z 0000000180002d80 f i Totals.obj
 0001:00001db4       ?AddRef@CRegObject@ATL@@UEAAKXZ 0000000180002db4 f i Totals.obj
 0001:00001db4       ?FAccessAllowed@?$IObjectSafetyImpl@VCOPOSTotals@@$02@ATL@@MEAAHXZ 0000000180002db4 f i Totals.obj
 0001:00001db4       _get_startup_argv_mode     0000000180002db4 f i LIBCMT:argv_mode.obj
 0001:00001dbc       ?GetInterfaceSafetyOptions@?$IObjectSafetyImpl@VCOPOSTotals@@$02@ATL@@UEAAJAEBU_GUID@@PEAK1@Z 0000000180002dbc f i Totals.obj
 0001:00001e50       ?SetInterfaceSafetyOptions@?$IObjectSafetyImpl@VCOPOSTotals@@$02@ATL@@UEAAJAEBU_GUID@@KK@Z 0000000180002e50 f i Totals.obj
 0001:00001ef4       ?_LocCPQueryInterface@?$IConnectionPointImpl@VCOPOSTotals@@$1?IID_IPropertyNotifySink@@3U_GUID@@BVCComDynamicUnkArray@ATL@@@ATL@@UEAAJAEBU_GUID@@PEAPEAX@Z 0000000180002ef4 f i Totals.obj
 0001:00001ef4       ?_LocCPQueryInterface@?$IConnectionPointImpl@VCOPOSTotals@@$1?DIID__IOPOSTotalsEvents@@3U_GUID@@BVCComDynamicUnkArray@ATL@@@ATL@@UEAAJAEBU_GUID@@PEAPEAX@Z 0000000180002ef4 f i Totals.obj
 0001:00001f64       ?GetConnectionInterface@?$IConnectionPointImpl@VCOPOSTotals@@$1?IID_IPropertyNotifySink@@3U_GUID@@BVCComDynamicUnkArray@ATL@@@ATL@@UEAAJPEAU_GUID@@@Z 0000000180002f64 f i Totals.obj
 0001:00001f80       ?GetConnectionPointContainer@?$IConnectionPointImpl@VCOPOSTotals@@$1?IID_IPropertyNotifySink@@3U_GUID@@BVCComDynamicUnkArray@ATL@@@ATL@@UEAAJPEAPEAUIConnectionPointContainer@@@Z 0000000180002f80 f i Totals.obj
 0001:00001fa0       ?Advise@?$IConnectionPointImpl@VCOPOSTotals@@$1?IID_IPropertyNotifySink@@3U_GUID@@BVCComDynamicUnkArray@ATL@@@ATL@@UEAAJPEAUIUnknown@@PEAK@Z 0000000180002fa0 f i Totals.obj
 0001:00001fa0       ?Advise@?$IConnectionPointImpl@VCOPOSTotals@@$1?DIID__IOPOSTotalsEvents@@3U_GUID@@BVCComDynamicUnkArray@ATL@@@ATL@@UEAAJPEAUIUnknown@@PEAK@Z 0000000180002fa0 f i Totals.obj
 0001:0000205c       ?Unadvise@?$IConnectionPointImpl@VCOPOSTotals@@$1?DIID__IOPOSTotalsEvents@@3U_GUID@@BVCComDynamicUnkArray@ATL@@@ATL@@UEAAJK@Z 000000018000305c f i Totals.obj
 0001:0000205c       ?Unadvise@?$IConnectionPointImpl@VCOPOSTotals@@$1?IID_IPropertyNotifySink@@3U_GUID@@BVCComDynamicUnkArray@ATL@@@ATL@@UEAAJK@Z 000000018000305c f i Totals.obj
 0001:000020c4       ?EnumConnections@?$IConnectionPointImpl@VCOPOSTotals@@$1?IID_IPropertyNotifySink@@3U_GUID@@BVCComDynamicUnkArray@ATL@@@ATL@@UEAAJPEAPEAUIEnumConnections@@@Z 00000001800030c4 f i Totals.obj
 0001:000020c4       ?EnumConnections@?$IConnectionPointImpl@VCOPOSTotals@@$1?DIID__IOPOSTotalsEvents@@3U_GUID@@BVCComDynamicUnkArray@ATL@@@ATL@@UEAAJPEAPEAUIEnumConnections@@@Z 00000001800030c4 f i Totals.obj
 0001:00002270       ?GetConnectionInterface@?$IConnectionPointImpl@VCOPOSTotals@@$1?DIID__IOPOSTotalsEvents@@3U_GUID@@BVCComDynamicUnkArray@ATL@@@ATL@@UEAAJPEAU_GUID@@@Z 0000000180003270 f i Totals.obj
 0001:0000228c       ?GetConnectionPointContainer@?$IConnectionPointImpl@VCOPOSTotals@@$1?DIID__IOPOSTotalsEvents@@3U_GUID@@BVCComDynamicUnkArray@ATL@@@ATL@@UEAAJPEAPEAUIConnectionPointContainer@@@Z 000000018000328c f i Totals.obj
 0001:000022ac       ?UpdateRegistry@COPOSTotals@@SAJH@Z 00000001800032ac f i Totals.obj
 0001:000022c4       ?ProcessWindowMessage@COPOSTotals@@UEAAHPEAUHWND__@@I_K_JAEA_JK@Z 00000001800032c4 f i Totals.obj
 0001:0000234c       ?SODirectIO@COPOSTotals@@MEAAJJPEAJPEAPEA_W@Z 000000018000334c f i Totals.obj
 0001:000023c4       ?SOStatusUpdate@COPOSTotals@@MEAAJJ@Z 00000001800033c4 f i Totals.obj
 0001:00002414       ?Lock@CAtlModule@ATL@@UEAAJXZ 0000000180003414 f i Totals.obj
 0001:00002424       ?Unlock@CAtlModule@ATL@@UEAAJXZ 0000000180003424 f i Totals.obj
 0001:00002430       ?GetLockCount@CAtlModule@ATL@@UEAAJXZ 0000000180003430 f i Totals.obj
 0001:00002434       ?GetGITPtr@CAtlModule@ATL@@UEAAJPEAPEAUIGlobalInterfaceTable@@@Z 0000000180003434 f i Totals.obj
 0001:000024a4       ?AddCommonRGSReplacements@?$CAtlModuleT@VCComModule@ATL@@@ATL@@UEAAJPEAUIRegistrarBase@@@Z 00000001800034a4 f i Totals.obj
 0001:000024bc       ?CreateInstance@?$CComCreator@V?$CComObjectCached@VCComClassFactory@ATL@@@ATL@@@ATL@@SAJPEAXAEBU_GUID@@PEAPEAX@Z 00000001800034bc f i Totals.obj
 0001:000025e0       ?CreateInstance@?$CComCreator2@V?$CComCreator@V?$CComObject@VCOPOSTotals@@@ATL@@@ATL@@V?$CComCreator@V?$CComAggObject@VCOPOSTotals@@@ATL@@@2@@ATL@@SAJPEAXAEBU_GUID@@PEAPEAX@Z 00000001800035e0 f i Totals.obj
 0001:000025f0       ?UpdateRegistryFromResourceD@CComModule@ATL@@UEAAJIHPEAU_ATL_REGMAP_ENTRY@2@@Z 00000001800035f0 f i Totals.obj
 0001:000025f0       ?UpdateRegistryFromResourceD@CComModule@ATL@@UEAAJPEB_WHPEAU_ATL_REGMAP_ENTRY@2@@Z 00000001800035f0 f i Totals.obj
 0001:000025f8       ?UpdateRegistryFromResource@CComModule@ATL@@UEAAJPEB_WHPEAU_ATL_REGMAP_ENTRY@2@@Z 00000001800035f8 f i Totals.obj
 0001:00002600       ?UpdateRegistryFromResource@CComModule@ATL@@UEAAJIHPEAU_ATL_REGMAP_ENTRY@2@@Z 0000000180003600 f i Totals.obj
 0001:00002608       ?AddRef@?$CComObjectCached@VCComClassFactory@ATL@@@ATL@@UEAAKXZ 0000000180003608 f i Totals.obj
 0001:00002634       ?Release@?$CComObjectCached@VCComClassFactory@ATL@@@ATL@@UEAAKXZ 0000000180003634 f i Totals.obj
 0001:00002674       ?QueryInterface@?$CComObjectCached@VCComClassFactory@ATL@@@ATL@@UEAAJAEBU_GUID@@PEAPEAX@Z 0000000180003674 f i Totals.obj
 0001:00002688       ??_G?$CComObjectCached@VCComClassFactory@ATL@@@ATL@@UEAAPEAXI@Z 0000000180003688 f i Totals.obj
 0001:00002688       ??_E?$CComObjectCached@VCComClassFactory@ATL@@@ATL@@UEAAPEAXI@Z 0000000180003688 f i Totals.obj
 0001:000026e0       ??_ECComModule@ATL@@UEAAPEAXI@Z 00000001800036e0 f i Totals.obj
 0001:000026e0       ??_GCComModule@ATL@@UEAAPEAXI@Z 00000001800036e0 f i Totals.obj
 0001:00002720       ?Next@?$CComEnumImpl@UIEnumConnectionPoints@@$1?_GUID_b196b285_bab4_101a_b69c_00aa00341d07@@3U__s_GUID@@BPEAUIConnectionPoint@@V?$_CopyInterface@UIConnectionPoint@@@ATL@@@ATL@@UEAAJKPEAPEAUIConnectionPoint@@PEAK@Z 0000000180003720 f i Totals.obj
 0001:000027ec       ?Skip@?$CComEnumImpl@UIEnumConnectionPoints@@$1?_GUID_b196b285_bab4_101a_b69c_00aa00341d07@@3U__s_GUID@@BPEAUIConnectionPoint@@V?$_CopyInterface@UIConnectionPoint@@@ATL@@@ATL@@UEAAJK@Z 00000001800037ec f i Totals.obj
 0001:00002818       ?Reset@?$CComEnumImpl@UIEnumConnectionPoints@@$1?_GUID_b196b285_bab4_101a_b69c_00aa00341d07@@3U__s_GUID@@BPEAUIConnectionPoint@@V?$_CopyInterface@UIConnectionPoint@@@ATL@@@ATL@@UEAAJXZ 0000000180003818 f i Totals.obj
 0001:00002818       ?Reset@?$CComEnumImpl@UIEnumConnections@@$1?_GUID_b196b287_bab4_101a_b69c_00aa00341d07@@3U__s_GUID@@BUtagCONNECTDATA@@V?$_Copy@UtagCONNECTDATA@@@ATL@@@ATL@@UEAAJXZ 0000000180003818 f i Totals.obj
 0001:00002824       ?Clone@?$CComEnumImpl@UIEnumConnectionPoints@@$1?_GUID_b196b285_bab4_101a_b69c_00aa00341d07@@3U__s_GUID@@BPEAUIConnectionPoint@@V?$_CopyInterface@UIConnectionPoint@@@ATL@@@ATL@@UEAAJPEAPEAUIEnumConnectionPoints@@@Z 0000000180003824 f i Totals.obj
 0001:00002950       ?AddRef@?$CComObject@V?$CComEnum@UIEnumConnectionPoints@@$1?_GUID_b196b285_bab4_101a_b69c_00aa00341d07@@3U__s_GUID@@BPEAUIConnectionPoint@@V?$_CopyInterface@UIConnectionPoint@@@ATL@@VCComSingleThreadModel@6@@ATL@@@ATL@@UEAAKXZ 0000000180003950 f i Totals.obj
 0001:00002950       ?AddRef@?$CComObject@V?$CComEnum@UIEnumConnections@@$1?_GUID_b196b287_bab4_101a_b69c_00aa00341d07@@3U__s_GUID@@BUtagCONNECTDATA@@V?$_Copy@UtagCONNECTDATA@@@ATL@@VCComSingleThreadModel@6@@ATL@@@ATL@@UEAAKXZ 0000000180003950 f i Totals.obj
 0001:0000295c       ?Release@?$CComObject@V?$CComEnum@UIEnumConnections@@$1?_GUID_b196b287_bab4_101a_b69c_00aa00341d07@@3U__s_GUID@@BUtagCONNECTDATA@@V?$_Copy@UtagCONNECTDATA@@@ATL@@VCComSingleThreadModel@6@@ATL@@@ATL@@UEAAKXZ 000000018000395c f i Totals.obj
 0001:0000295c       ?Release@?$CComObject@V?$CComEnum@UIEnumConnectionPoints@@$1?_GUID_b196b285_bab4_101a_b69c_00aa00341d07@@3U__s_GUID@@BPEAUIConnectionPoint@@V?$_CopyInterface@UIConnectionPoint@@@ATL@@VCComSingleThreadModel@6@@ATL@@@ATL@@UEAAKXZ 000000018000395c f i Totals.obj
 0001:000029b0       ?QueryInterface@?$CComObject@V?$CComEnum@UIEnumConnectionPoints@@$1?_GUID_b196b285_bab4_101a_b69c_00aa00341d07@@3U__s_GUID@@BPEAUIConnectionPoint@@V?$_CopyInterface@UIConnectionPoint@@@ATL@@VCComSingleThreadModel@6@@ATL@@@ATL@@UEAAJAEBU_GUID@@PEAPEAX@Z 00000001800039b0 f i Totals.obj
 0001:000029c4       ??_G?$CComObject@V?$CComEnum@UIEnumConnectionPoints@@$1?_GUID_b196b285_bab4_101a_b69c_00aa00341d07@@3U__s_GUID@@BPEAUIConnectionPoint@@V?$_CopyInterface@UIConnectionPoint@@@ATL@@VCComSingleThreadModel@6@@ATL@@@ATL@@UEAAPEAXI@Z 00000001800039c4 f i Totals.obj
 0001:000029c4       ??_E?$CComObject@V?$CComEnum@UIEnumConnectionPoints@@$1?_GUID_b196b285_bab4_101a_b69c_00aa00341d07@@3U__s_GUID@@BPEAUIConnectionPoint@@V?$_CopyInterface@UIConnectionPoint@@@ATL@@VCComSingleThreadModel@6@@ATL@@@ATL@@UEAAPEAXI@Z 00000001800039c4 f i Totals.obj
 0001:00002a1c       ?AddReplacement@CRegObject@ATL@@UEAAJPEB_W0@Z 0000000180003a1c f i Totals.obj
 0001:00002a4c       ?ClearReplacements@CRegObject@ATL@@UEAAJXZ 0000000180003a4c f i Totals.obj
 0001:00002a58       ??_ECRegObject@ATL@@UEAAPEAXI@Z 0000000180003a58 f i Totals.obj
 0001:00002a58       ??_GCRegObject@ATL@@UEAAPEAXI@Z 0000000180003a58 f i Totals.obj
 0001:00002ad8       ?AddRef@?$CComAggObject@VCOPOSTotals@@@ATL@@UEAAKXZ 0000000180003ad8 f i Totals.obj
 0001:00002ae4       ?Release@?$CComAggObject@VCOPOSTotals@@@ATL@@UEAAKXZ 0000000180003ae4 f i Totals.obj
 0001:00002b38       ?QueryInterface@?$CComAggObject@VCOPOSTotals@@@ATL@@UEAAJAEBU_GUID@@PEAPEAX@Z 0000000180003b38 f i Totals.obj
 0001:00002b98       ?AddRef@?$CComContainedObject@VCOPOSTotals@@@ATL@@UEAAKXZ 0000000180003b98 f i Totals.obj
 0001:00002ba8       ?Release@?$CComContainedObject@VCOPOSTotals@@@ATL@@UEAAKXZ 0000000180003ba8 f i Totals.obj
 0001:00002bb8       ?QueryInterface@?$CComContainedObject@VCOPOSTotals@@@ATL@@UEAAJAEBU_GUID@@PEAPEAX@Z 0000000180003bb8 f i Totals.obj
 0001:00002bc8       ??_E?$CComAggObject@VCOPOSTotals@@@ATL@@UEAAPEAXI@Z 0000000180003bc8 f i Totals.obj
 0001:00002bc8       ??_G?$CComAggObject@VCOPOSTotals@@@ATL@@UEAAPEAXI@Z 0000000180003bc8 f i Totals.obj
 0001:00002c20       ?AddRef@?$CComObject@VCOPOSTotals@@@ATL@@UEAAKXZ 0000000180003c20 f i Totals.obj
 0001:00002c30       ?Release@?$CComObject@VCOPOSTotals@@@ATL@@UEAAKXZ 0000000180003c30 f i Totals.obj
 0001:00002c88       ?QueryInterface@?$CComObject@VCOPOSTotals@@@ATL@@UEAAJAEBU_GUID@@PEAPEAX@Z 0000000180003c88 f i Totals.obj
 0001:00002c9c       ?OnDrawAdvanced@CComControlBase@ATL@@UEAAJAEAUATL_DRAWINFO@@@Z 0000000180003c9c f i Totals.obj
 0001:00002e28       ?Next@?$CComEnumImpl@UIEnumConnections@@$1?_GUID_b196b287_bab4_101a_b69c_00aa00341d07@@3U__s_GUID@@BUtagCONNECTDATA@@V?$_Copy@UtagCONNECTDATA@@@ATL@@@ATL@@UEAAJKPEAUtagCONNECTDATA@@PEAK@Z 0000000180003e28 f i Totals.obj
 0001:00002efc       ?Skip@?$CComEnumImpl@UIEnumConnections@@$1?_GUID_b196b287_bab4_101a_b69c_00aa00341d07@@3U__s_GUID@@BUtagCONNECTDATA@@V?$_Copy@UtagCONNECTDATA@@@ATL@@@ATL@@UEAAJK@Z 0000000180003efc f i Totals.obj
 0001:00002f28       ?Clone@?$CComEnumImpl@UIEnumConnections@@$1?_GUID_b196b287_bab4_101a_b69c_00aa00341d07@@3U__s_GUID@@BUtagCONNECTDATA@@V?$_Copy@UtagCONNECTDATA@@@ATL@@@ATL@@UEAAJPEAPEAUIEnumConnections@@@Z 0000000180003f28 f i Totals.obj
 0001:00003054       ?QueryInterface@?$CComObject@V?$CComEnum@UIEnumConnections@@$1?_GUID_b196b287_bab4_101a_b69c_00aa00341d07@@3U__s_GUID@@BUtagCONNECTDATA@@V?$_Copy@UtagCONNECTDATA@@@ATL@@VCComSingleThreadModel@6@@ATL@@@ATL@@UEAAJAEBU_GUID@@PEAPEAX@Z 0000000180004054 f i Totals.obj
 0001:00003068       ??_G?$CComObject@V?$CComEnum@UIEnumConnections@@$1?_GUID_b196b287_bab4_101a_b69c_00aa00341d07@@3U__s_GUID@@BUtagCONNECTDATA@@V?$_Copy@UtagCONNECTDATA@@@ATL@@VCComSingleThreadModel@6@@ATL@@@ATL@@UEAAPEAXI@Z 0000000180004068 f i Totals.obj
 0001:00003068       ??_E?$CComObject@V?$CComEnum@UIEnumConnections@@$1?_GUID_b196b287_bab4_101a_b69c_00aa00341d07@@3U__s_GUID@@BUtagCONNECTDATA@@V?$_Copy@UtagCONNECTDATA@@@ATL@@VCComSingleThreadModel@6@@ATL@@@ATL@@UEAAPEAXI@Z 0000000180004068 f i Totals.obj
 0001:000030c0       ??_E?$CComObject@VCOPOSTotals@@@ATL@@W7EAAPEAXI@Z 00000001800040c0 f i Totals.obj
 0001:000030cc       ??_E?$CComObject@VCOPOSTotals@@@ATL@@WHA@EAAPEAXI@Z 00000001800040cc f i Totals.obj
 0001:000030d8       ?QueryInterface@?$CComObject@VCOPOSTotals@@@ATL@@WLI@EAAJAEBU_GUID@@PEAPEAX@Z 00000001800040d8 f i Totals.obj
 0001:000030e4       ?AddRef@?$CComObject@VCOPOSTotals@@@ATL@@WLI@EAAKXZ 00000001800040e4 f i Totals.obj
 0001:000030f0       ?Release@?$CComObject@VCOPOSTotals@@@ATL@@WLI@EAAKXZ 00000001800040f0 f i Totals.obj
 0001:000030fc       ?QueryInterface@?$CComObject@VCOPOSTotals@@@ATL@@WMA@EAAJAEBU_GUID@@PEAPEAX@Z 00000001800040fc f i Totals.obj
 0001:00003108       ?AddRef@?$CComObject@VCOPOSTotals@@@ATL@@WMA@EAAKXZ 0000000180004108 f i Totals.obj
 0001:00003114       ?Release@?$CComObject@VCOPOSTotals@@@ATL@@WMA@EAAKXZ 0000000180004114 f i Totals.obj
 0001:00003120       ?QueryInterface@?$CComObject@VCOPOSTotals@@@ATL@@WMI@EAAJAEBU_GUID@@PEAPEAX@Z 0000000180004120 f i Totals.obj
 0001:0000312c       ?AddRef@?$CComObject@VCOPOSTotals@@@ATL@@WMI@EAAKXZ 000000018000412c f i Totals.obj
 0001:00003138       ?Release@?$CComObject@VCOPOSTotals@@@ATL@@WMI@EAAKXZ 0000000180004138 f i Totals.obj
 0001:00003144       ?QueryInterface@?$CComObject@VCOPOSTotals@@@ATL@@WNA@EAAJAEBU_GUID@@PEAPEAX@Z 0000000180004144 f i Totals.obj
 0001:00003150       ?AddRef@?$CComObject@VCOPOSTotals@@@ATL@@WNA@EAAKXZ 0000000180004150 f i Totals.obj
 0001:0000315c       ?Release@?$CComObject@VCOPOSTotals@@@ATL@@WNA@EAAKXZ 000000018000415c f i Totals.obj
 0001:00003168       ?QueryInterface@?$CComObject@VCOPOSTotals@@@ATL@@WNI@EAAJAEBU_GUID@@PEAPEAX@Z 0000000180004168 f i Totals.obj
 0001:00003174       ?AddRef@?$CComObject@VCOPOSTotals@@@ATL@@WNI@EAAKXZ 0000000180004174 f i Totals.obj
 0001:00003180       ?Release@?$CComObject@VCOPOSTotals@@@ATL@@WNI@EAAKXZ 0000000180004180 f i Totals.obj
 0001:0000318c       ?QueryInterface@?$CComObject@VCOPOSTotals@@@ATL@@WOA@EAAJAEBU_GUID@@PEAPEAX@Z 000000018000418c f i Totals.obj
 0001:00003198       ?AddRef@?$CComObject@VCOPOSTotals@@@ATL@@WOA@EAAKXZ 0000000180004198 f i Totals.obj
 0001:000031a4       ?Release@?$CComObject@VCOPOSTotals@@@ATL@@WOA@EAAKXZ 00000001800041a4 f i Totals.obj
 0001:000031b0       ?QueryInterface@?$CComObject@VCOPOSTotals@@@ATL@@WOI@EAAJAEBU_GUID@@PEAPEAX@Z 00000001800041b0 f i Totals.obj
 0001:000031bc       ?AddRef@?$CComObject@VCOPOSTotals@@@ATL@@WOI@EAAKXZ 00000001800041bc f i Totals.obj
 0001:000031c8       ?Release@?$CComObject@VCOPOSTotals@@@ATL@@WOI@EAAKXZ 00000001800041c8 f i Totals.obj
 0001:000031d4       ?QueryInterface@?$CComObject@VCOPOSTotals@@@ATL@@WPA@EAAJAEBU_GUID@@PEAPEAX@Z 00000001800041d4 f i Totals.obj
 0001:000031e0       ?AddRef@?$CComObject@VCOPOSTotals@@@ATL@@WPA@EAAKXZ 00000001800041e0 f i Totals.obj
 0001:000031ec       ?Release@?$CComObject@VCOPOSTotals@@@ATL@@WPA@EAAKXZ 00000001800041ec f i Totals.obj
 0001:000031f8       ?QueryInterface@?$CComObject@VCOPOSTotals@@@ATL@@WPI@EAAJAEBU_GUID@@PEAPEAX@Z 00000001800041f8 f i Totals.obj
 0001:00003204       ?AddRef@?$CComObject@VCOPOSTotals@@@ATL@@WPI@EAAKXZ 0000000180004204 f i Totals.obj
 0001:00003210       ?Release@?$CComObject@VCOPOSTotals@@@ATL@@WPI@EAAKXZ 0000000180004210 f i Totals.obj
 0001:0000321c       ?QueryInterface@?$CComObject@VCOPOSTotals@@@ATL@@WBAA@EAAJAEBU_GUID@@PEAPEAX@Z 000000018000421c f i Totals.obj
 0001:00003228       ?AddRef@?$CComObject@VCOPOSTotals@@@ATL@@WBAA@EAAKXZ 0000000180004228 f i Totals.obj
 0001:00003234       ?Release@?$CComObject@VCOPOSTotals@@@ATL@@WBAA@EAAKXZ 0000000180004234 f i Totals.obj
 0001:00003240       ?QueryInterface@?$CComObject@VCOPOSTotals@@@ATL@@WBAI@EAAJAEBU_GUID@@PEAPEAX@Z 0000000180004240 f i Totals.obj
 0001:0000324c       ?AddRef@?$CComObject@VCOPOSTotals@@@ATL@@WBAI@EAAKXZ 000000018000424c f i Totals.obj
 0001:00003258       ?Release@?$CComObject@VCOPOSTotals@@@ATL@@WBAI@EAAKXZ 0000000180004258 f i Totals.obj
 0001:00003264       ?QueryInterface@?$CComObject@VCOPOSTotals@@@ATL@@WBBA@EAAJAEBU_GUID@@PEAPEAX@Z 0000000180004264 f i Totals.obj
 0001:00003270       ?AddRef@?$CComObject@VCOPOSTotals@@@ATL@@WBBA@EAAKXZ 0000000180004270 f i Totals.obj
 0001:0000327c       ?Release@?$CComObject@VCOPOSTotals@@@ATL@@WBBA@EAAKXZ 000000018000427c f i Totals.obj
 0001:00003288       ?QueryInterface@?$CComObject@VCOPOSTotals@@@ATL@@WBBI@EAAJAEBU_GUID@@PEAPEAX@Z 0000000180004288 f i Totals.obj
 0001:00003294       ?AddRef@?$CComObject@VCOPOSTotals@@@ATL@@WBBI@EAAKXZ 0000000180004294 f i Totals.obj
 0001:000032a0       ?Release@?$CComObject@VCOPOSTotals@@@ATL@@WBBI@EAAKXZ 00000001800042a0 f i Totals.obj
 0001:000032ac       ?AddRef@?$CComObject@VCOPOSTotals@@@ATL@@WBCI@EAAKXZ 00000001800042ac f i Totals.obj
 0001:000032b8       ?Release@?$CComObject@VCOPOSTotals@@@ATL@@WBCI@EAAKXZ 00000001800042b8 f i Totals.obj
 0001:000032c4       ?AddRef@?$CComObject@VCOPOSTotals@@@ATL@@WBEA@EAAKXZ 00000001800042c4 f i Totals.obj
 0001:000032d0       ?Release@?$CComObject@VCOPOSTotals@@@ATL@@WBEA@EAAKXZ 00000001800042d0 f i Totals.obj
 0001:000032dc       ??_E?$CComContainedObject@VCOPOSTotals@@@ATL@@W7EAAPEAXI@Z 00000001800042dc f i Totals.obj
 0001:000032e8       ??_E?$CComContainedObject@VCOPOSTotals@@@ATL@@WHA@EAAPEAXI@Z 00000001800042e8 f i Totals.obj
 0001:000032f4       ?QueryInterface@?$CComContainedObject@VCOPOSTotals@@@ATL@@WLI@EAAJAEBU_GUID@@PEAPEAX@Z 00000001800042f4 f i Totals.obj
 0001:00003300       ?AddRef@?$CComContainedObject@VCOPOSTotals@@@ATL@@WLI@EAAKXZ 0000000180004300 f i Totals.obj
 0001:0000330c       ?Release@?$CComContainedObject@VCOPOSTotals@@@ATL@@WLI@EAAKXZ 000000018000430c f i Totals.obj
 0001:00003318       ?QueryInterface@?$CComContainedObject@VCOPOSTotals@@@ATL@@WMA@EAAJAEBU_GUID@@PEAPEAX@Z 0000000180004318 f i Totals.obj
 0001:00003324       ?AddRef@?$CComContainedObject@VCOPOSTotals@@@ATL@@WMA@EAAKXZ 0000000180004324 f i Totals.obj
 0001:00003330       ?Release@?$CComContainedObject@VCOPOSTotals@@@ATL@@WMA@EAAKXZ 0000000180004330 f i Totals.obj
 0001:0000333c       ?QueryInterface@?$CComContainedObject@VCOPOSTotals@@@ATL@@WMI@EAAJAEBU_GUID@@PEAPEAX@Z 000000018000433c f i Totals.obj
 0001:00003348       ?AddRef@?$CComContainedObject@VCOPOSTotals@@@ATL@@WMI@EAAKXZ 0000000180004348 f i Totals.obj
 0001:00003354       ?Release@?$CComContainedObject@VCOPOSTotals@@@ATL@@WMI@EAAKXZ 0000000180004354 f i Totals.obj
 0001:00003360       ?QueryInterface@?$CComContainedObject@VCOPOSTotals@@@ATL@@WNA@EAAJAEBU_GUID@@PEAPEAX@Z 0000000180004360 f i Totals.obj
 0001:0000336c       ?AddRef@?$CComContainedObject@VCOPOSTotals@@@ATL@@WNA@EAAKXZ 000000018000436c f i Totals.obj
 0001:00003378       ?Release@?$CComContainedObject@VCOPOSTotals@@@ATL@@WNA@EAAKXZ 0000000180004378 f i Totals.obj
 0001:00003384       ?QueryInterface@?$CComContainedObject@VCOPOSTotals@@@ATL@@WNI@EAAJAEBU_GUID@@PEAPEAX@Z 0000000180004384 f i Totals.obj
 0001:00003390       ?AddRef@?$CComContainedObject@VCOPOSTotals@@@ATL@@WNI@EAAKXZ 0000000180004390 f i Totals.obj
 0001:0000339c       ?Release@?$CComContainedObject@VCOPOSTotals@@@ATL@@WNI@EAAKXZ 000000018000439c f i Totals.obj
 0001:000033a8       ?QueryInterface@?$CComContainedObject@VCOPOSTotals@@@ATL@@WOA@EAAJAEBU_GUID@@PEAPEAX@Z 00000001800043a8 f i Totals.obj
 0001:000033b4       ?AddRef@?$CComContainedObject@VCOPOSTotals@@@ATL@@WOA@EAAKXZ 00000001800043b4 f i Totals.obj
 0001:000033c0       ?Release@?$CComContainedObject@VCOPOSTotals@@@ATL@@WOA@EAAKXZ 00000001800043c0 f i Totals.obj
 0001:000033cc       ?QueryInterface@?$CComContainedObject@VCOPOSTotals@@@ATL@@WOI@EAAJAEBU_GUID@@PEAPEAX@Z 00000001800043cc f i Totals.obj
 0001:000033d8       ?AddRef@?$CComContainedObject@VCOPOSTotals@@@ATL@@WOI@EAAKXZ 00000001800043d8 f i Totals.obj
 0001:000033e4       ?Release@?$CComContainedObject@VCOPOSTotals@@@ATL@@WOI@EAAKXZ 00000001800043e4 f i Totals.obj
 0001:000033f0       ?QueryInterface@?$CComContainedObject@VCOPOSTotals@@@ATL@@WPA@EAAJAEBU_GUID@@PEAPEAX@Z 00000001800043f0 f i Totals.obj
 0001:000033fc       ?AddRef@?$CComContainedObject@VCOPOSTotals@@@ATL@@WPA@EAAKXZ 00000001800043fc f i Totals.obj
 0001:00003408       ?Release@?$CComContainedObject@VCOPOSTotals@@@ATL@@WPA@EAAKXZ 0000000180004408 f i Totals.obj
 0001:00003414       ?QueryInterface@?$CComContainedObject@VCOPOSTotals@@@ATL@@WPI@EAAJAEBU_GUID@@PEAPEAX@Z 0000000180004414 f i Totals.obj
 0001:00003420       ?AddRef@?$CComContainedObject@VCOPOSTotals@@@ATL@@WPI@EAAKXZ 0000000180004420 f i Totals.obj
 0001:0000342c       ?Release@?$CComContainedObject@VCOPOSTotals@@@ATL@@WPI@EAAKXZ 000000018000442c f i Totals.obj
 0001:00003438       ?QueryInterface@?$CComContainedObject@VCOPOSTotals@@@ATL@@WBAA@EAAJAEBU_GUID@@PEAPEAX@Z 0000000180004438 f i Totals.obj
 0001:00003444       ?AddRef@?$CComContainedObject@VCOPOSTotals@@@ATL@@WBAA@EAAKXZ 0000000180004444 f i Totals.obj
 0001:00003450       ?Release@?$CComContainedObject@VCOPOSTotals@@@ATL@@WBAA@EAAKXZ 0000000180004450 f i Totals.obj
 0001:0000345c       ?QueryInterface@?$CComContainedObject@VCOPOSTotals@@@ATL@@WBAI@EAAJAEBU_GUID@@PEAPEAX@Z 000000018000445c f i Totals.obj
 0001:00003468       ?AddRef@?$CComContainedObject@VCOPOSTotals@@@ATL@@WBAI@EAAKXZ 0000000180004468 f i Totals.obj
 0001:00003474       ?Release@?$CComContainedObject@VCOPOSTotals@@@ATL@@WBAI@EAAKXZ 0000000180004474 f i Totals.obj
 0001:00003480       ?QueryInterface@?$CComContainedObject@VCOPOSTotals@@@ATL@@WBBA@EAAJAEBU_GUID@@PEAPEAX@Z 0000000180004480 f i Totals.obj
 0001:0000348c       ?AddRef@?$CComContainedObject@VCOPOSTotals@@@ATL@@WBBA@EAAKXZ 000000018000448c f i Totals.obj
 0001:00003498       ?Release@?$CComContainedObject@VCOPOSTotals@@@ATL@@WBBA@EAAKXZ 0000000180004498 f i Totals.obj
 0001:000034a4       ?QueryInterface@?$CComContainedObject@VCOPOSTotals@@@ATL@@WBBI@EAAJAEBU_GUID@@PEAPEAX@Z 00000001800044a4 f i Totals.obj
 0001:000034b0       ?AddRef@?$CComContainedObject@VCOPOSTotals@@@ATL@@WBBI@EAAKXZ 00000001800044b0 f i Totals.obj
 0001:000034bc       ?Release@?$CComContainedObject@VCOPOSTotals@@@ATL@@WBBI@EAAKXZ 00000001800044bc f i Totals.obj
 0001:000034c8       ?AddRef@?$CComContainedObject@VCOPOSTotals@@@ATL@@WBCI@EAAKXZ 00000001800044c8 f i Totals.obj
 0001:000034d4       ?Release@?$CComContainedObject@VCOPOSTotals@@@ATL@@WBCI@EAAKXZ 00000001800044d4 f i Totals.obj
 0001:000034e0       ?AddRef@?$CComContainedObject@VCOPOSTotals@@@ATL@@WBEA@EAAKXZ 00000001800044e0 f i Totals.obj
 0001:000034ec       ?Release@?$CComContainedObject@VCOPOSTotals@@@ATL@@WBEA@EAAKXZ 00000001800044ec f i Totals.obj
 0001:000034f8       ?CreateInstance@CComClassFactory@ATL@@UEAAJPEAUIUnknown@@AEBU_GUID@@PEAPEAX@Z 00000001800044f8 f i Totals.obj
 0001:00003558       ?LockServer@CComClassFactory@ATL@@UEAAJH@Z 0000000180004558 f i Totals.obj
 0001:0000357c       ??_ECComClassFactory@ATL@@UEAAPEAXI@Z 000000018000457c f i Totals.obj
 0001:0000357c       ??_GCComClassFactory@ATL@@UEAAPEAXI@Z 000000018000457c f i Totals.obj
 0001:000035cc       ??$AtlModuleRegisterWndClassInfoT@VAtlModuleRegisterWndClassInfoParamW@ATL@@@ATL@@YAGPEAU_ATL_BASE_MODULE70@0@PEAU_ATL_WIN_MODULE70@0@PEAU_ATL_WNDCLASSINFOW@0@PEAP6A_JPEAUHWND__@@I_K_J@ZVAtlModuleRegisterWndClassInfoParamW@0@@Z 00000001800045cc f i Totals.obj
 0001:000037cc       ??0?$CComContainedObject@VCOPOSTotals@@@ATL@@QEAA@PEAX@Z 00000001800047cc f i Totals.obj
 0001:000038e8       ??0?$CComObject@VCOPOSTotals@@@ATL@@QEAA@PEAX@Z 00000001800048e8 f i Totals.obj
 0001:00003a00       ??0CAtlModule@ATL@@QEAA@XZ 0000000180004a00 f i Totals.obj
 0001:00003a74       ??1?$CComEnumImpl@UIEnumConnectionPoints@@$1?_GUID_b196b285_bab4_101a_b69c_00aa00341d07@@3U__s_GUID@@BPEAUIConnectionPoint@@V?$_CopyInterface@UIConnectionPoint@@@ATL@@@ATL@@UEAA@XZ 0000000180004a74 f i Totals.obj
 0001:00003ad0       ??1?$CComEnumImpl@UIEnumConnections@@$1?_GUID_b196b287_bab4_101a_b69c_00aa00341d07@@3U__s_GUID@@BUtagCONNECTDATA@@V?$_Copy@UtagCONNECTDATA@@@ATL@@@ATL@@UEAA@XZ 0000000180004ad0 f i Totals.obj
 0001:00003b2c       ??1?$CComObject@VCOPOSTotals@@@ATL@@UEAA@XZ 0000000180004b2c f i Totals.obj
 0001:00003c4c       ??_E?$CComContainedObject@VCOPOSTotals@@@ATL@@UEAAPEAXI@Z 0000000180004c4c f i Totals.obj
 0001:00003c4c       ??_G?$CComContainedObject@VCOPOSTotals@@@ATL@@UEAAPEAXI@Z 0000000180004c4c f i Totals.obj
 0001:00003c80       ??_G?$CComObject@VCOPOSTotals@@@ATL@@UEAAPEAXI@Z 0000000180004c80 f i Totals.obj
 0001:00003c80       ??_E?$CComObject@VCOPOSTotals@@@ATL@@UEAAPEAXI@Z 0000000180004c80 f i Totals.obj
 0001:00003cb4       ?Add@?$CSimpleArray@GV?$CSimpleArrayEqualHelper@G@ATL@@@ATL@@QEAAHAEBG@Z 0000000180004cb4 f i Totals.obj
 0001:00003d68       ?Add@?$CSimpleMap@PEA_WPEA_WVCExpansionVectorEqualHelper@ATL@@@ATL@@QEAAHAEBQEA_W0@Z 0000000180004d68 f i Totals.obj
 0001:00003e08       ?Add@CComDynamicUnkArray@ATL@@QEAAKPEAUIUnknown@@@Z 0000000180004e08 f i Totals.obj
 0001:00003ef4       ?Add@CExpansionVector@ATL@@QEAAHPEB_W0@Z 0000000180004ef4 f i Totals.obj
 0001:00004028       ?AddTermFunc@CAtlModule@ATL@@QEAAJP6AX_K@Z0@Z 0000000180005028 f i Totals.obj
 0001:000040c4       ?AddValue@CRegParser@ATL@@IEAAJAEAVCRegKey@2@PEB_WPEA_W@Z 00000001800050c4 f i Totals.obj
 0001:0000450c       ?AllocateHeap@?$CTempBuffer@_W$0EAA@VCCRTAllocator@ATL@@@ATL@@AEAAX_K@Z 000000018000550c f i Totals.obj
 0001:0000450c       ?AllocateHeap@?$CTempBuffer@_W$0BAA@VCCRTAllocator@ATL@@@ATL@@AEAAX_K@Z 000000018000550c f i Totals.obj
 0001:0000450c       ?AllocateHeap@?$CTempBuffer@E$0BAA@VCCRTAllocator@ATL@@@ATL@@AEAAX_K@Z 000000018000550c f i Totals.obj
 0001:00004538       ?Append@CParseBuffer@CRegParser@ATL@@QEAAHPEB_WH@Z 0000000180005538 f i Totals.obj
 0001:00004680       ?AtlComModuleGetClassObject@ATL@@YAJPEAU_ATL_COM_MODULE70@1@AEBU_GUID@@1PEAPEAX@Z 0000000180005680 f i Totals.obj
 0001:000047c0       ?AtlComModuleRegisterServer@ATL@@YAJPEAU_ATL_COM_MODULE70@1@HPEBU_GUID@@@Z 00000001800057c0 f i Totals.obj
 0001:00004880       ?AtlComModuleUnregisterServer@ATL@@YAJPEAU_ATL_COM_MODULE70@1@HPEBU_GUID@@@Z 0000000180005880 f i Totals.obj
 0001:0000493c       ?AtlHiMetricToPixel@ATL@@YAXPEBUtagSIZE@@PEAU2@@Z 000000018000593c f i Totals.obj
 0001:000049ec       ?AtlHresultFromLastError@ATL@@YAJXZ 00000001800059ec f i Totals.obj
 0001:00004a0c       ?AtlHresultFromWin32@ATL@@YAJK@Z 0000000180005a0c f i Totals.obj
 0001:00004a1c       ?AtlInternalOleLoadFromStream@ATL@@YAJPEAUIStream@@AEBU_GUID@@PEAPEAXTClassesAllowedInStream@1@K@Z 0000000180005a1c f i Totals.obj
 0001:00004b60       ?AtlInternalQueryInterface@ATL@@YAJPEAXPEBU_ATL_INTMAP_ENTRY@1@AEBU_GUID@@PEAPEAX@Z 0000000180005b60 f i Totals.obj
 0001:00004c68       ?AtlLoadTypeLib@ATL@@YAJPEAUHINSTANCE__@@PEB_WPEAPEA_WPEAPEAUITypeLib@@@Z 0000000180005c68 f i Totals.obj
 0001:00004ec4       ?AtlRegisterClassCategoriesHelper@ATL@@YAJAEBU_GUID@@PEBU_ATL_CATMAP_ENTRY@1@H@Z 0000000180005ec4 f i Totals.obj
 0001:00005348       ?AtlRegisterTypeLib@ATL@@YAJPEAUHINSTANCE__@@PEB_W@Z 0000000180006348 f i Totals.obj
 0001:00005544       ?AtlThrowImpl@ATL@@YAXJ@Z  0000000180006544 f i Totals.obj
 0001:00005568       ?AtlUnRegisterTypeLib@ATL@@YAJPEAUHINSTANCE__@@PEB_W@Z 0000000180006568 f i Totals.obj
 0001:00005630       ?AtlWinModuleExtractCreateWndData@ATL@@YAPEAXPEAU_ATL_WIN_MODULE70@1@@Z 0000000180006630 f i Totals.obj
 0001:000056bc       ?Cleanup@CComTypeInfoHolder@ATL@@SAX_K@Z 00000001800066bc f i Totals.obj
 0001:000056fc       ?ClearReplacements@CExpansionVector@ATL@@QEAAJXZ 00000001800066fc f i Totals.obj
 0001:00005798       ?CreateInstance@?$CComCreator@V?$CComAggObject@VCOPOSTotals@@@ATL@@@ATL@@SAJPEAXAEBU_GUID@@PEAPEAX@Z 0000000180006798 f i Totals.obj
 0001:0000587c       ?CreateInstance@?$CComCreator@V?$CComObject@VCOPOSTotals@@@ATL@@@ATL@@SAJPEAXAEBU_GUID@@PEAPEAX@Z 000000018000687c f i Totals.obj
 0001:00005930       ?CreateInstance@?$CComObject@V?$CComEnum@UIEnumConnectionPoints@@$1?_GUID_b196b285_bab4_101a_b69c_00aa00341d07@@3U__s_GUID@@BPEAUIConnectionPoint@@V?$_CopyInterface@UIConnectionPoint@@@ATL@@VCComSingleThreadModel@6@@ATL@@@ATL@@SAJPEAPEAV12@@Z 0000000180006930 f i Totals.obj
 0001:000059c0       ?CreateInstance@?$CComObject@V?$CComEnum@UIEnumConnections@@$1?_GUID_b196b287_bab4_101a_b69c_00aa00341d07@@3U__s_GUID@@BUtagCONNECTDATA@@V?$_Copy@UtagCONNECTDATA@@@ATL@@VCComSingleThreadModel@6@@ATL@@@ATL@@SAJPEAPEAV12@@Z 00000001800069c0 f i Totals.obj
 0001:00005a50       ?DefaultReflectionHandler@?$CWindowImplRoot@VCWindow@ATL@@@ATL@@SAHPEAUHWND__@@I_K_JAEA_J@Z 0000000180006a50 f i Totals.obj
 0001:00005ab4       ?DeleteSubKey@CRegKey@ATL@@QEAAJPEB_W@Z 0000000180006ab4 f i Totals.obj
 0001:00005b4c       ?DoEvent@COPOSTotals@@IEAAXI_K_J@Z 0000000180006b4c f i Totals.obj
 0001:00005c00       ?DoVerbPrimary@?$IOleObjectImpl@VCOPOSTotals@@@ATL@@QEAAJPEBUtagRECT@@PEAUHWND__@@@Z 0000000180006c00 f i Totals.obj
 0001:00005d2c       ?DoVerbProperties@CComControlBase@ATL@@QEAAJPEBUtagRECT@@PEAUHWND__@@@Z 0000000180006d2c f i Totals.obj
 0001:00005f54       ?FireTheEvent@?$CProxy_IOPOSEvents@VCOPOSTotals@@@@IEAAXPEAVOposVariant@@IAEAJPEB_WJ@Z 0000000180006f54 f i Totals.obj
 0001:00006040       ?FireViewChange@CComControlBase@ATL@@QEAAJXZ 0000000180007040 f i Totals.obj
 0001:000060a4       ?Fire_DirectIOEvent@?$CProxy_IOPOSEvents@VCOPOSTotals@@@@QEAAXJPEAJPEAPEA_W@Z 00000001800070a4 f i Totals.obj
 0001:00006204       ?Fire_StatusUpdateEvent@?$CProxy_IOPOSEvents@VCOPOSTotals@@@@QEAAXJ@Z 0000000180007204 f i Totals.obj
 0001:000062f0       ?FreeHeap@?$CTempBuffer@_W$0BAA@VCCRTAllocator@ATL@@@ATL@@AEAAXXZ 00000001800072f0 f i Totals.obj
 0001:000062f0       ?FreeHeap@?$CTempBuffer@_W$0EAA@VCCRTAllocator@ATL@@@ATL@@AEAAXXZ 00000001800072f0 f i Totals.obj
 0001:000062f0       ?FreeHeap@?$CTempBuffer@E$0BAA@VCCRTAllocator@ATL@@@ATL@@AEAAXXZ 00000001800072f0 f i Totals.obj
 0001:000062f8       ?GetAmbientLocaleID@CComControlBase@ATL@@QEAAJAEAK@Z 00000001800072f8 f i Totals.obj
 0001:000063b8       ?GetAmbientUserMode@CComControlBase@ATL@@QEAAJAEAH@Z 00000001800073b8 f i Totals.obj
 0001:00006488       ?GetClassObject@CComModule@ATL@@QEAAJAEBU_GUID@@0PEAPEAX@Z 0000000180007488 f i Totals.obj
 0001:0000657c       ?GetConnMap@COPOSTotals@@SAPEBU_ATL_CONNMAP_ENTRY@ATL@@PEAH@Z 000000018000757c f i Totals.obj
 0001:00006604       ?GetIDsOfNames@CComTypeInfoHolder@ATL@@QEAAJAEBU_GUID@@PEAPEA_WIKPEAJ@Z 0000000180007604 f i Totals.obj
 0001:0000677c       ?GetPagesHelper@?$ISpecifyPropertyPagesImpl@VCOPOSTotals@@@ATL@@IEAAJPEAUtagCAUUID@@PEBUATL_PROPMAP_ENTRY@2@@Z 000000018000777c f i Totals.obj
 0001:0000691c       ?GetSizeMax@CComVariant@ATL@@QEBAJPEAT_ULARGE_INTEGER@@@Z 000000018000791c f i Totals.obj
 0001:00006b4c       ?GetTI@CComTypeInfoHolder@ATL@@QEAAJK@Z 0000000180007b4c f i Totals.obj
 0001:00006e34       ?GetZoomInfo@CComControlBase@ATL@@QEAAXAEAUATL_DRAWINFO@@@Z 0000000180007e34 f i Totals.obj
 0001:00006ed8       ?HKeyFromString@CRegParser@ATL@@KAPEAUHKEY__@@PEA_W@Z 0000000180007ed8 f i Totals.obj
 0001:00006f3c       ?IDataObject_GetData@CComControlBase@ATL@@QEAAJPEAUtagFORMATETC@@PEAUtagSTGMEDIUM@@@Z 0000000180007f3c f i Totals.obj
 0001:00007130       ?IOleInPlaceObject_InPlaceDeactivate@CComControlBase@ATL@@QEAAJXZ 0000000180008130 f i Totals.obj
 0001:000071d0       ?IOleInPlaceObject_SetObjectRects@CComControlBase@ATL@@QEAAJPEBUtagRECT@@0@Z 00000001800081d0 f i Totals.obj
 0001:000072c0       ?IOleInPlaceObject_UIDeactivate@CComControlBase@ATL@@QEAAJXZ 00000001800082c0 f i Totals.obj
 0001:000073cc       ?IOleObject_Close@CComControlBase@ATL@@QEAAJK@Z 00000001800083cc f i Totals.obj
 0001:000074e4       ?IOleObject_SetClientSite@CComControlBase@ATL@@QEAAJPEAUIOleClientSite@@@Z 00000001800084e4 f i Totals.obj
 0001:0000755c       ?IOleObject_SetExtent@CComControlBase@ATL@@QEAAJKPEAUtagSIZE@@@Z 000000018000855c f i Totals.obj
 0001:000075f4       ?IPSI_GetIPersistStreamInit@?$IPersistStorageImpl@VCOPOSTotals@@@ATL@@AEAAPEAUIPersistStreamInit@@XZ 00000001800085f4 f i Totals.obj
 0001:000076dc       ?IPersistStreamInit_Load@?$IPersistStreamInitImpl@VCOPOSTotals@@@ATL@@QEAAJPEAUIStream@@PEBUATL_PROPMAP_ENTRY@2@@Z 00000001800086dc f i Totals.obj
 0001:00007a08       ?IPersistStreamInit_Save@?$IPersistStreamInitImpl@VCOPOSTotals@@@ATL@@QEAAJPEAUIStream@@HPEBUATL_PROPMAP_ENTRY@2@@Z 0000000180008a08 f i Totals.obj
 0001:00007ca8       ?IQuickActivate_QuickActivate@CComControlBase@ATL@@QEAAJPEAUtagQACONTAINER@@PEAUtagQACONTROL@@@Z 0000000180008ca8 f i Totals.obj
 0001:00007f6c       ?IViewObject_Draw@CComControlBase@ATL@@QEAAJKJPEAXPEAUtagDVTARGETDEVICE@@PEAUHDC__@@2PEBU_RECTL@@3@Z 0000000180008f6c f i Totals.obj
 0001:00008080       ?InPlaceActivate@CComControlBase@ATL@@QEAAJJPEBUtagRECT@@@Z 0000000180009080 f i Totals.obj
 0001:000083b4       ?Init@?$CComEnumImpl@UIEnumConnectionPoints@@$1?_GUID_b196b285_bab4_101a_b69c_00aa00341d07@@3U__s_GUID@@BPEAUIConnectionPoint@@V?$_CopyInterface@UIConnectionPoint@@@ATL@@@ATL@@QEAAJPEAPEAUIConnectionPoint@@0PEAUIUnknown@@W4CComEnumFlags@2@@Z 00000001800093b4 f i Totals.obj
 0001:000084d4       ?Init@?$CComEnumImpl@UIEnumConnections@@$1?_GUID_b196b287_bab4_101a_b69c_00aa00341d07@@3U__s_GUID@@BUtagCONNECTDATA@@V?$_Copy@UtagCONNECTDATA@@@ATL@@@ATL@@QEAAJPEAUtagCONNECTDATA@@0PEAUIUnknown@@W4CComEnumFlags@2@@Z 00000001800094d4 f i Totals.obj
 0001:000085f8       ?IsEqualObject@?$CComPtrBase@UIOleClientSite@@@ATL@@QEAA_NPEAUIUnknown@@@Z 00000001800095f8 f i Totals.obj
 0001:00008684       ?LoadNameCache@CComTypeInfoHolder@ATL@@QEAAJPEAUITypeInfo@@@Z 0000000180009684 f i Totals.obj
 0001:00008804       ?Lookup@?$CSimpleMap@PEA_WPEA_WVCExpansionVectorEqualHelper@ATL@@@ATL@@QEBAPEA_WAEBQEA_W@Z 0000000180009804 f i Totals.obj
 0001:0000888c       ?NextToken@CRegParser@ATL@@IEAAJPEA_W@Z 000000018000988c f i Totals.obj
 0001:00008a44       ?OnKillFocus@CComControlBase@ATL@@QEAA_JI_K_JAEAH@Z 0000000180009a44 f i Totals.obj
 0001:00008ae0       ?OnMouseActivate@CComControlBase@ATL@@QEAA_JI_K_JAEAH@Z 0000000180009ae0 f i Totals.obj
 0001:00008b80       ?OnPaint@CComControlBase@ATL@@QEAA_JI_K_JAEAH@Z 0000000180009b80 f i Totals.obj
 0001:00008c6c       ?OnSetFocus@CComControlBase@ATL@@QEAA_JI_K_JAEAH@Z 0000000180009c6c f i Totals.obj
 0001:00008d68       ?PreProcessBuffer@CRegParser@ATL@@QEAAJPEA_WPEAPEA_W@Z 0000000180009d68 f i Totals.obj
 0001:000090f4       ?ProcessWindowMessage@?$CComControl@VCOPOSTotals@@V?$CWindowImpl@VCOPOSTotals@@VCWindow@ATL@@V?$CWinTraits@$0FGAAAAAA@$0A@@3@@ATL@@@ATL@@UEAAHPEAUHWND__@@I_K_JAEA_JK@Z 000000018000a0f4 f i Totals.obj
 0001:000091d8       ?ReadFromStream@CComBSTR@ATL@@QEAAJPEAUIStream@@@Z 000000018000a1d8 f i Totals.obj
 0001:00009328       ?ReadFromStream@CComVariant@ATL@@QEAAJPEAUIStream@@GTClassesAllowedInStream@2@K@Z 000000018000a328 f i Totals.obj
 0001:0000954c       ?RecurseDeleteKey@CRegKey@ATL@@QEAAJPEB_W@Z 000000018000a54c f i Totals.obj
 0001:000096a4       ?RegCreateKeyExW@CAtlTransactionManager@ATL@@QEAAJPEAUHKEY__@@PEB_WKPEA_WKKQEAU_SECURITY_ATTRIBUTES@@PEAPEAU3@PEAK@Z 000000018000a6a4 f i Totals.obj
 0001:000097d8       ?RegDeleteKeyW@CAtlTransactionManager@ATL@@QEAAJPEAUHKEY__@@PEB_W@Z 000000018000a7d8 f i Totals.obj
 0001:00009864       ?RegOpenKeyExW@CAtlTransactionManager@ATL@@QEAAJPEAUHKEY__@@PEB_WKKPEAPEAU3@@Z 000000018000a864 f i Totals.obj
 0001:0000991c       ?RegisterBuffer@CRegParser@ATL@@QEAAJPEA_WH@Z 000000018000a91c f i Totals.obj
 0001:00009a84       ?RegisterFromResource@CRegObject@ATL@@IEAAJPEB_W00H@Z 000000018000aa84 f i Totals.obj
 0001:00009c40       ?RegisterServer@CComModule@ATL@@QEAAJHPEBU_GUID@@@Z 000000018000ac40 f i Totals.obj
 0001:00009d00       ?RegisterSubkeys@CRegParser@ATL@@IEAAJPEA_WPEAUHKEY__@@HH@Z 000000018000ad00 f i Totals.obj
 0001:0000a56c       ?SendOnDataChange@CComControlBase@ATL@@QEAAJK@Z 000000018000b56c f i Totals.obj
 0001:0000a5dc       ?SetControlFocus@CComControlBase@ATL@@QEAAHH@Z 000000018000b5dc f i Totals.obj
 0001:0000a6b8       ?SkipAssignment@CRegParser@ATL@@IEAAJPEA_W@Z 000000018000b6b8 f i Totals.obj
 0001:0000a75c       ?Term@CAtlModule@ATL@@QEAAXXZ 000000018000b75c f i Totals.obj
 0001:0000a7dc       ?Term@CComModule@ATL@@QEAAXXZ 000000018000b7dc f i Totals.obj
 0001:0000a858       ?UnregisterServer@CComModule@ATL@@QEAAJHPEBU_GUID@@@Z 000000018000b858 f i Totals.obj
 0001:0000a908       ?UpdateRegistryFromResource@CAtlModule@ATL@@QEAAJIHPEAU_ATL_REGMAP_ENTRY@2@@Z 000000018000b908 f i Totals.obj
 0001:0000ac14       ?UpdateRegistryFromResource@CAtlModule@ATL@@QEAAJPEB_WHPEAU_ATL_REGMAP_ENTRY@2@@Z 000000018000bc14 f i Totals.obj
 0001:0000af38       ?VTFromRegType@CRegParser@ATL@@KAHPEB_WAEAG@Z 000000018000bf38 f i Totals.obj
 0001:0000afd4       ?WindowProc@?$CWindowImplBaseT@VCWindow@ATL@@V?$CWinTraits@$0FGAAAAAA@$0A@@2@@ATL@@SA_JPEAUHWND__@@I_K_J@Z 000000018000bfd4 f i Totals.obj
 0001:0000b140       ?WriteToStream@CComVariant@ATL@@QEAAJPEAUIStream@@@Z 000000018000c140 f i Totals.obj
 0001:0000b3bc       ?WriteToStream@CComVariant@ATL@@QEAAJPEAUIStream@@G@Z 000000018000c3bc f i Totals.obj
 0001:0000b454       ?_AtlVerifyStackAvailable@_ATL_SAFE_ALLOCA_IMPL@ATL@@YA_N_K@Z 000000018000c454 f i Totals.obj
 0001:0000b4d8       ?atlCreate@?$CWindowImpl@VCOPOSTotals@@VCWindow@ATL@@V?$CWinTraits@$0FGAAAAAA@$0A@@3@@ATL@@QEAAPEAUHWND__@@PEAU3@V_U_RECT@2@PEB_WKKV_U_MENUorID@2@PEAX@Z 000000018000c4d8 f i Totals.obj
 0001:0000b58c       ?atlCreate@?$CWindowImplBaseT@VCWindow@ATL@@V?$CWinTraits@$0FGAAAAAA@$0A@@2@@ATL@@QEAAPEAUHWND__@@PEAU3@V_U_RECT@2@PEB_WKKV_U_MENUorID@2@GPEAX@Z 000000018000c58c f i Totals.obj
 0001:0000b6fc       ?ocscpy_s@@YA_NPEA_W_KPEB_W@Z 000000018000c6fc f i Totals.obj
 0001:0000b7ac       DllCanUnloadNow            000000018000c7ac f   Totals.obj
 0001:0000b7b8       DllGetClassObject          000000018000c7b8 f   Totals.obj
 0001:0000b7d0       DllMain                    000000018000c7d0 f   Totals.obj
 0001:0000b878       DllRegisterServer          000000018000c878 f   Totals.obj
 0001:0000b88c       DllUnregisterServer        000000018000c88c f   Totals.obj
 0001:0000b8a0       __local_stdio_printf_options 000000018000c8a0 f i Totals.obj
 0001:0000b8a8       swprintf_s                 000000018000c8a8 f i Totals.obj
 0001:0000b8fc       ??0COPOSTotals@@QEAA@XZ    000000018000c8fc f   TotalsImpl.obj
 0001:0000b9b8       ??1?$IConnectionPointImpl@VCOPOSTotals@@$1?DIID__IOPOSTotalsEvents@@3U_GUID@@BVCComDynamicUnkArray@ATL@@@ATL@@QEAA@XZ 000000018000c9b8 f i TotalsImpl.obj
 0001:0000b9b8       ??1?$IConnectionPointImpl@VCOPOSTotals@@$1?IID_IPropertyNotifySink@@3U_GUID@@BVCComDynamicUnkArray@ATL@@@ATL@@QEAA@XZ 000000018000c9b8 f i TotalsImpl.obj
 0001:0000ba14       ??1CComControlBase@ATL@@UEAA@XZ 000000018000ca14 f i TotalsImpl.obj
 0001:0000ba90       ??1COPOSTotals@@UEAA@XZ    000000018000ca90 f   TotalsImpl.obj
 0001:0000baf4       ?BeginTrans@COPOSTotals@@UEAAJPEAJ@Z 000000018000caf4 f   TotalsImpl.obj
 0001:0000bb1c       ?CheckHealth@COPOSTotals@@UEAAJJPEAJ@Z 000000018000cb1c f   TotalsImpl.obj
 0001:0000bb98       ?ClaimDevice@COPOSTotals@@UEAAJJPEAJ@Z 000000018000cb98 f   TotalsImpl.obj
 0001:0000bc30       ?ClaimFile@COPOSTotals@@UEAAJJJPEAJ@Z 000000018000cc30 f   TotalsImpl.obj
 0001:0000bcfc       ?Close@COPOSTotals@@UEAAJPEAJ@Z 000000018000ccfc f   TotalsImpl.obj
 0001:0000bdb4       ?CommitTrans@COPOSTotals@@UEAAJPEAJ@Z 000000018000cdb4 f   TotalsImpl.obj
 0001:0000bddc       ?CompareFirmwareVersion@COPOSTotals@@UEAAJPEA_WPEAJ1@Z 000000018000cddc f   TotalsImpl.obj
 0001:0000beb8       ?Create@COPOSTotals@@UEAAJPEA_WPEAJJF1@Z 000000018000ceb8 f   TotalsImpl.obj
 0001:0000bfb4       ?Delete@COPOSTotals@@UEAAJPEA_WPEAJ@Z 000000018000cfb4 f   TotalsImpl.obj
 0001:0000c03c       ?DirectIO@COPOSTotals@@UEAAJJPEAJPEAPEA_W0@Z 000000018000d03c f   TotalsImpl.obj
 0001:0000c138       ?DoInvoke@COPOSTotals@@IEAAJJPEAVOposVariant@@IHPEAJ_N@Z 000000018000d138 f   TotalsImpl.obj
 0001:0000c26c       ?EventInit@COPOSTotals@@IEAAJXZ 000000018000d26c f i TotalsImpl.obj
 0001:0000c3b4       ?EventUninit@COPOSTotals@@IEAAXXZ 000000018000d3b4 f i TotalsImpl.obj
 0001:0000c418       ?EventWindowProc@COPOSTotals@@IEAA_JI_K_J@Z 000000018000d418 f i TotalsImpl.obj
 0001:0000c4dc       ?FinalConstruct@COPOSTotals@@QEAAJXZ 000000018000d4dc f   TotalsImpl.obj
 0001:0000c518       ?Find@COPOSTotals@@UEAAJPEA_WPEAJ11@Z 000000018000d518 f   TotalsImpl.obj
 0001:0000c604       ?FindByIndex@COPOSTotals@@UEAAJJPEAPEA_WPEAJ@Z 000000018000d604 f   TotalsImpl.obj
 0001:0000c6dc       ?FreezeEvents@COPOSTotals@@MEAAJH@Z 000000018000d6dc f   TotalsImpl.obj
 0001:0000c750       ?GetOposProp@COPOSTotals@@IEAAJJPEAJJ@Z 000000018000d750 f   TotalsImpl.obj
 0001:0000c86c       ?GetOposProp@COPOSTotals@@IEAAJJPEAPEA_WJ@Z 000000018000d86c f   TotalsImpl.obj
 0001:0000c998       ?OnDraw@COPOSTotals@@MEAAJAEAUATL_DRAWINFO@@@Z 000000018000d998 f   TotalsImpl.obj
 0001:0000ca84       ?Open@COPOSTotals@@UEAAJPEA_WPEAJ@Z 000000018000da84 f   TotalsImpl.obj
 0001:0000d30c       ?Read@COPOSTotals@@UEAAJJPEAPEA_WJJPEAJ@Z 000000018000e30c f   TotalsImpl.obj
 0001:0000d418       ?RecalculateValidationData@COPOSTotals@@UEAAJJPEAJ@Z 000000018000e418 f   TotalsImpl.obj
 0001:0000d494       ?ReleaseDevice@COPOSTotals@@UEAAJPEAJ@Z 000000018000e494 f   TotalsImpl.obj
 0001:0000d4d8       ?ReleaseFile@COPOSTotals@@UEAAJJPEAJ@Z 000000018000e4d8 f   TotalsImpl.obj
 0001:0000d554       ?Rename@COPOSTotals@@UEAAJJPEA_WPEAJ@Z 000000018000e554 f   TotalsImpl.obj
 0001:0000d62c       ?ResetStatistics@COPOSTotals@@UEAAJPEA_WPEAJ@Z 000000018000e62c f   TotalsImpl.obj
 0001:0000d6b4       ?RetrieveStatistics@COPOSTotals@@UEAAJPEAPEA_WPEAJ@Z 000000018000e6b4 f   TotalsImpl.obj
 0001:0000d73c       ?Rollback@COPOSTotals@@UEAAJPEAJ@Z 000000018000e73c f   TotalsImpl.obj
 0001:0000d764       ?SOProcessID@COPOSTotals@@UEAAJPEAJ@Z 000000018000e764 f   TotalsImpl.obj
 0001:0000d780       ?SetAll@COPOSTotals@@UEAAJJJPEAJ@Z 000000018000e780 f   TotalsImpl.obj
 0001:0000d84c       ?SetCOFreezeEvents@COPOSTotals@@IEAAXF@Z 000000018000e84c f   TotalsImpl.obj
 0001:0000d930       ?SetOposProp@COPOSTotals@@IEAAJJJJ@Z 000000018000e930 f   TotalsImpl.obj
 0001:0000da90       ?UpdateFirmware@COPOSTotals@@UEAAJPEA_WPEAJ@Z 000000018000ea90 f   TotalsImpl.obj
 0001:0000db18       ?UpdateStatistics@COPOSTotals@@UEAAJPEA_WPEAJ@Z 000000018000eb18 f   TotalsImpl.obj
 0001:0000dba0       ?ValidateData@COPOSTotals@@UEAAJJPEAJ@Z 000000018000eba0 f   TotalsImpl.obj
 0001:0000dc1c       ?Write@COPOSTotals@@UEAAJJPEA_WJJPEAJ@Z 000000018000ec1c f   TotalsImpl.obj
 0001:0000dd28       ?get_BinaryConversion@COPOSTotals@@UEAAJPEAJ@Z 000000018000ed28 f   TotalsImpl.obj
 0001:0000dd3c       ?get_CapCompareFirmwareVersion@COPOSTotals@@UEAAJPEAF@Z 000000018000ed3c f   TotalsImpl.obj
 0001:0000dd70       ?get_CapErrorDetection@COPOSTotals@@UEAAJPEAF@Z 000000018000ed70 f   TotalsImpl.obj
 0001:0000dda0       ?get_CapPowerReporting@COPOSTotals@@UEAAJPEAJ@Z 000000018000eda0 f   TotalsImpl.obj
 0001:0000ddb4       ?get_CapSingleFile@COPOSTotals@@UEAAJPEAF@Z 000000018000edb4 f   TotalsImpl.obj
 0001:0000dde4       ?get_CapStatisticsReporting@COPOSTotals@@UEAAJPEAF@Z 000000018000ede4 f   TotalsImpl.obj
 0001:0000de18       ?get_CapTransactions@COPOSTotals@@UEAAJPEAF@Z 000000018000ee18 f   TotalsImpl.obj
 0001:0000de48       ?get_CapUpdateFirmware@COPOSTotals@@UEAAJPEAF@Z 000000018000ee48 f   TotalsImpl.obj
 0001:0000de7c       ?get_CapUpdateStatistics@COPOSTotals@@UEAAJPEAF@Z 000000018000ee7c f   TotalsImpl.obj
 0001:0000deb0       ?get_CheckHealthText@COPOSTotals@@UEAAJPEAPEA_W@Z 000000018000eeb0 f   TotalsImpl.obj
 0001:0000dec0       ?get_Claimed@COPOSTotals@@UEAAJPEAF@Z 000000018000eec0 f   TotalsImpl.obj
 0001:0000def0       ?get_ControlObjectDescription@COPOSTotals@@UEAAJPEAPEA_W@Z 000000018000eef0 f   TotalsImpl.obj
 0001:0000df54       ?get_ControlObjectVersion@COPOSTotals@@UEAAJPEAJ@Z 000000018000ef54 f   TotalsImpl.obj
 0001:0000df60       ?get_DeviceDescription@COPOSTotals@@UEAAJPEAPEA_W@Z 000000018000ef60 f   TotalsImpl.obj
 0001:0000df70       ?get_DeviceEnabled@COPOSTotals@@UEAAJPEAF@Z 000000018000ef70 f   TotalsImpl.obj
 0001:0000dfa0       ?get_DeviceName@COPOSTotals@@UEAAJPEAPEA_W@Z 000000018000efa0 f   TotalsImpl.obj
 0001:0000dfb0       ?get_FreeData@COPOSTotals@@UEAAJPEAJ@Z 000000018000efb0 f   TotalsImpl.obj
 0001:0000dfc0       ?get_FreezeEvents@COPOSTotals@@UEAAJPEAF@Z 000000018000efc0 f   TotalsImpl.obj
 0001:0000dff0       ?get_NumberOfFiles@COPOSTotals@@UEAAJPEAJ@Z 000000018000eff0 f   TotalsImpl.obj
 0001:0000e000       ?get_OpenResult@COPOSTotals@@UEAAJPEAJ@Z 000000018000f000 f   TotalsImpl.obj
 0001:0000e00c       ?get_PowerNotify@COPOSTotals@@UEAAJPEAJ@Z 000000018000f00c f   TotalsImpl.obj
 0001:0000e020       ?get_PowerState@COPOSTotals@@UEAAJPEAJ@Z 000000018000f020 f   TotalsImpl.obj
 0001:0000e034       ?get_ResultCode@COPOSTotals@@UEAAJPEAJ@Z 000000018000f034 f   TotalsImpl.obj
 0001:0000e070       ?get_ResultCodeExtended@COPOSTotals@@UEAAJPEAJ@Z 000000018000f070 f   TotalsImpl.obj
 0001:0000e080       ?get_ServiceObjectDescription@COPOSTotals@@UEAAJPEAPEA_W@Z 000000018000f080 f   TotalsImpl.obj
 0001:0000e090       ?get_ServiceObjectVersion@COPOSTotals@@UEAAJPEAJ@Z 000000018000f090 f   TotalsImpl.obj
 0001:0000e0a0       ?get_State@COPOSTotals@@UEAAJPEAJ@Z 000000018000f0a0 f   TotalsImpl.obj
 0001:0000e0cc       ?get_TotalsSize@COPOSTotals@@UEAAJPEAJ@Z 000000018000f0cc f   TotalsImpl.obj
 0001:0000e0dc       ?get_TransactionInProgress@COPOSTotals@@UEAAJPEAF@Z 000000018000f0dc f   TotalsImpl.obj
 0001:0000e10c       ?put_BinaryConversion@COPOSTotals@@UEAAJJ@Z 000000018000f10c f   TotalsImpl.obj
 0001:0000e120       ?put_DeviceEnabled@COPOSTotals@@UEAAJF@Z 000000018000f120 f   TotalsImpl.obj
 0001:0000e138       ?put_FreezeEvents@COPOSTotals@@UEAAJF@Z 000000018000f138 f   TotalsImpl.obj
 0001:0000e188       ?put_PowerNotify@COPOSTotals@@UEAAJJ@Z 000000018000f188 f   TotalsImpl.obj
 0001:0000e19c       ?s_EventWindowProc@COPOSTotals@@KA_JPEAUHWND__@@I_K_J@Z 000000018000f19c f i TotalsImpl.obj
 0001:0000e218       ??_U@YAPEAX_K@Z            000000018000f218 f   LIBCMT:new_array.obj
 0001:0000e220       ??_V@YAXPEAX@Z             000000018000f220 f   LIBCMT:delete_array.obj
 0001:0000e220       ??3@YAXPEAX_K@Z            000000018000f220 f   LIBCMT:delete_scalar_size.obj
 0001:0000e228       ??_V@YAXPEAX_K@Z           000000018000f228 f   LIBCMT:delete_array_size.obj
 0001:0000e230       __scrt_acquire_startup_lock 000000018000f230 f   LIBCMT:utility.obj
 0001:0000e26c       __scrt_dllmain_after_initialize_c 000000018000f26c f   LIBCMT:utility.obj
 0001:0000e2a0       __scrt_dllmain_before_initialize_c 000000018000f2a0 f   LIBCMT:utility.obj
 0001:0000e2b8       __scrt_dllmain_crt_thread_attach 000000018000f2b8 f   LIBCMT:utility.obj
 0001:0000e2e0       __scrt_dllmain_crt_thread_detach 000000018000f2e0 f   LIBCMT:utility.obj
 0001:0000e2f8       __scrt_dllmain_exception_filter 000000018000f2f8 f   LIBCMT:utility.obj
 0001:0000e358       __scrt_dllmain_uninitialize_c 000000018000f358 f   LIBCMT:utility.obj
 0001:0000e388       __scrt_dllmain_uninitialize_critical 000000018000f388 f   LIBCMT:utility.obj
 0001:0000e39c       __scrt_initialize_crt      000000018000f39c f   LIBCMT:utility.obj
 0001:0000e3e8       __scrt_initialize_onexit_tables 000000018000f3e8 f   LIBCMT:utility.obj
 0001:0000e474       __scrt_is_nonwritable_in_current_image 000000018000f474 f   LIBCMT:utility.obj
 0001:0000e50c       __scrt_release_startup_lock 000000018000f50c f   LIBCMT:utility.obj
 0001:0000e530       __scrt_uninitialize_crt    000000018000f530 f   LIBCMT:utility.obj
 0001:0000e55c       _onexit                    000000018000f55c f   LIBCMT:utility.obj
 0001:0000e598       atexit                     000000018000f598 f   LIBCMT:utility.obj
 0001:0000e5b0       ??3@YAXPEAX@Z              000000018000f5b0 f   LIBCMT:delete_scalar.obj
 0001:0000e6b0       _Init_thread_footer        000000018000f6b0 f   LIBCMT:thread_safe_statics.obj
 0001:0000e710       _Init_thread_header        000000018000f710 f   LIBCMT:thread_safe_statics.obj
 0001:0000e778       _Init_thread_notify        000000018000f778 f   LIBCMT:thread_safe_statics.obj
 0001:0000e7bc       _Init_thread_wait          000000018000f7bc f   LIBCMT:thread_safe_statics.obj
 0001:0000e820       __raise_securityfailure    000000018000f820 f   LIBCMT:gs_report.obj
 0001:0000e854       __report_gsfailure         000000018000f854 f   LIBCMT:gs_report.obj
 0001:0000e928       __report_rangecheckfailure 000000018000f928 f   LIBCMT:gs_report.obj
 0001:0000e93c       __report_securityfailure   000000018000f93c f   LIBCMT:gs_report.obj
 0001:0000eabc       ??2@YAPEAX_KAEBUnothrow_t@std@@@Z 000000018000fabc f   LIBCMT:new_scalar_nothrow.obj
 0001:0000ead0       ??_U@YAPEAX_KAEBUnothrow_t@std@@@Z 000000018000fad0 f   LIBCMT:new_array_nothrow.obj
 0001:0000ead8       __GSHandlerCheck           000000018000fad8 f   LIBCMT:gshandler.obj
 0001:0000eaf8       __GSHandlerCheckCommon     000000018000faf8 f   LIBCMT:gshandler.obj
 0001:0000eb54       __GSHandlerCheck_SEH       000000018000fb54 f   LIBCMT:gshandlerseh.obj
 0001:0000ebf0       __chkstk                   000000018000fbf0 f   LIBCMT:chkstk.obj
 0001:0000ebf0       _alloca_probe              000000018000fbf0 f   LIBCMT:chkstk.obj
 0001:0000ec60       __security_check_cookie    000000018000fc60 f   LIBCMT:amdsecgs.obj
 0001:0000efa4       _DllMainCRTStartup         000000018000ffa4 f   LIBCMT:dll_dllmain.obj
 0001:0000efe4       ??2@YAPEAX_K@Z             000000018000ffe4 f   LIBCMT:new_scalar.obj
 0001:0000f020       __isa_available_init       0000000180010020 f   LIBCMT:cpu_disp.obj
 0001:0000f1c4       __scrt_is_ucrt_dll_in_use  00000001800101c4 f   LIBCMT:ucrt_detection.obj
 0001:0000f1d0       __crt_debugger_hook        00000001800101d0 f   LIBCMT:utility_desktop.obj
 0001:0000f1d8       __scrt_fastfail            00000001800101d8 f   LIBCMT:utility_desktop.obj
 0001:0000f324       __security_init_cookie     0000000180010324 f   LIBCMT:gs_support.obj
 0001:0000f3d0       ?__scrt_initialize_type_info@@YAXXZ 00000001800103d0 f   LIBCMT:tncleanup.obj
 0001:0000f3e0       ?__scrt_uninitialize_type_info@@YAXXZ 00000001800103e0 f   LIBCMT:tncleanup.obj
 0001:0000f3ec       __local_stdio_scanf_options 00000001800103ec f i LIBCMT:default_local_stdio_options.obj
 0001:0000f3f4       __scrt_initialize_default_local_stdio_options 00000001800103f4 f   LIBCMT:default_local_stdio_options.obj
 0001:0000f410       __scrt_get_dyn_tls_init_callback 0000000180010410 f   LIBCMT:dyn_tls_init.obj
 0001:0000f418       _RTC_Initialize            0000000180010418 f   LIBCMT:initsect.obj
 0001:0000f454       _RTC_Terminate             0000000180010454 f   LIBCMT:initsect.obj
 0001:0000f490       ??0bad_alloc@std@@QEAA@AEBV01@@Z 0000000180010490 f i LIBCMT:throw_bad_alloc.obj
 0001:0000f4cc       ??0bad_alloc@std@@QEAA@XZ  00000001800104cc f i LIBCMT:throw_bad_alloc.obj
 0001:0000f4ec       ??0bad_array_new_length@std@@QEAA@AEBV01@@Z 00000001800104ec f i LIBCMT:throw_bad_alloc.obj
 0001:0000f528       ??0bad_array_new_length@std@@QEAA@XZ 0000000180010528 f i LIBCMT:throw_bad_alloc.obj
 0001:0000f548       ??0exception@std@@QEAA@AEBV01@@Z 0000000180010548 f i LIBCMT:throw_bad_alloc.obj
 0001:0000f57c       ??1bad_array_new_length@std@@UEAA@XZ 000000018001057c f i LIBCMT:throw_bad_alloc.obj
 0001:0000f57c       ??1bad_exception@std@@UEAA@XZ 000000018001057c f i libvcruntime:frame.obj
 0001:0000f57c       ??1bad_alloc@std@@UEAA@XZ  000000018001057c f i LIBCMT:throw_bad_alloc.obj
 0001:0000f590       ??_Ebad_array_new_length@std@@UEAAPEAXI@Z 0000000180010590 f i LIBCMT:throw_bad_alloc.obj
 0001:0000f590       ??_Gexception@std@@UEAAPEAXI@Z 0000000180010590 f i LIBCMT:throw_bad_alloc.obj
 0001:0000f590       ??_Eexception@std@@UEAAPEAXI@Z 0000000180010590 f i LIBCMT:throw_bad_alloc.obj
 0001:0000f590       ??_Ebad_exception@std@@UEAAPEAXI@Z 0000000180010590 f i libvcruntime:frame.obj
 0001:0000f590       ??_Gbad_alloc@std@@UEAAPEAXI@Z 0000000180010590 f i LIBCMT:throw_bad_alloc.obj
 0001:0000f590       ??_Gbad_array_new_length@std@@UEAAPEAXI@Z 0000000180010590 f i LIBCMT:throw_bad_alloc.obj
 0001:0000f590       ??_Gbad_exception@std@@UEAAPEAXI@Z 0000000180010590 f i libvcruntime:frame.obj
 0001:0000f590       ??_Ebad_alloc@std@@UEAAPEAXI@Z 0000000180010590 f i LIBCMT:throw_bad_alloc.obj
 0001:0000f5d4       ?__scrt_throw_std_bad_alloc@@YAXXZ 00000001800105d4 f   LIBCMT:throw_bad_alloc.obj
 0001:0000f5f4       ?__scrt_throw_std_bad_array_new_length@@YAXXZ 00000001800105f4 f   LIBCMT:throw_bad_alloc.obj
 0001:0000f614       ?what@exception@std@@UEBAPEBDXZ 0000000180010614 f i LIBCMT:throw_bad_alloc.obj
 0001:0000f630       ??_Gtype_info@@UEAAPEAXI@Z 0000000180010630 f i LIBCMT:std_type_info_static.obj
 0001:0000f630       ??_Etype_info@@UEAAPEAXI@Z 0000000180010630 f i LIBCMT:std_type_info_static.obj
 0001:0000f65c       ??0CAtlBaseModule@ATL@@QEAA@XZ 000000018001065c f   atls:atlbase.obj
 0001:0000f704       ??1CAtlBaseModule@ATL@@QEAA@XZ 0000000180010704 f   atls:atlbase.obj
 0001:0000f838       ?__AllocStdCallThunk_cmn@@YAPEAXXZ 0000000180010838 f   atls:atlthunk.obj
 0001:0000f990       AtlThunk_AllocateData      0000000180010990 f   atls:atlthunk.obj
 0001:0000fa0c       AtlThunk_DataToCode        0000000180010a0c f   atls:atlthunk.obj
 0001:0000fa60       AtlThunk_FreeData          0000000180010a60 f   atls:atlthunk.obj
 0001:0000fac0       AtlThunk_InitData          0000000180010ac0 f   atls:atlthunk.obj
 0001:0000fb68       _get_purecall_handler      0000000180010b68 f   libvcruntime:purevirt.obj
 0001:0000fb70       _purecall                  0000000180010b70 f   libvcruntime:purevirt.obj
 0001:0000fb8c       wcsstr                     0000000180010b8c f   libvcruntime:wcsstr.obj
 0001:0000fdc0       memcmp                     0000000180010dc0 f   libvcruntime:memcmp.obj
 0001:0000fea0       memcpy_repmovs             0000000180010ea0 f   libvcruntime:memcpy.obj
 0001:0000fec0       memcpy                     0000000180010ec0 f   libvcruntime:memcpy.obj
 0001:0000fec0       memmove                    0000000180010ec0 f   libvcruntime:memcpy.obj
 0001:000102b0       memset_repmovs             00000001800112b0 f   libvcruntime:memset.obj
 0001:000102d0       memset                     00000001800112d0 f   libvcruntime:memset.obj
 0001:00010460       __vcrt_initialize          0000000180011460 f   libvcruntime:initialization.obj
 0001:00010488       __vcrt_thread_attach       0000000180011488 f   libvcruntime:initialization.obj
 0001:0001049c       __vcrt_thread_detach       000000018001149c f   libvcruntime:initialization.obj
 0001:000104b0       __vcrt_uninitialize        00000001800114b0 f   libvcruntime:initialization.obj
 0001:000104cc       __vcrt_uninitialize_critical 00000001800114cc f   libvcruntime:initialization.obj
 0001:000104dc       __C_specific_handler       00000001800114dc f   libvcruntime:riscchandler.obj
 0001:000106e8       ??$_CallSETranslator@V__FrameHandler4@@@@YAHPEAUEHExceptionRecord@@PEA_KPEAU_CONTEXT@@PEAU_xDISPATCHER_CONTEXT@@PEAUFuncInfo4@FH4@@K1H@Z 00000001800116e8 f i libvcruntime:risctrnsctrl.obj
 0001:0001073c       ?DecompFuncInfo@FH4@@YA_JPEAEAEAUFuncInfo4@1@_KH_N@Z 000000018001173c f i libvcruntime:risctrnsctrl.obj
 0001:00010860       ?ExecutionInCatch@__FrameHandler4@@SA_NPEAU_xDISPATCHER_CONTEXT@@PEAUFuncInfo4@FH4@@@Z 0000000180011860 f   libvcruntime:risctrnsctrl.obj
 0001:00010868       ?FrameUnwindToEmptyState@__FrameHandler4@@SAXPEA_KPEAU_xDISPATCHER_CONTEXT@@PEAUFuncInfo4@FH4@@@Z 0000000180011868 f   libvcruntime:risctrnsctrl.obj
 0001:0001089c       ?GetEstablisherFrame@__FrameHandler4@@SAPEA_KPEA_KPEAU_xDISPATCHER_CONTEXT@@PEAUFuncInfo4@FH4@@0@Z 000000018001189c f   libvcruntime:risctrnsctrl.obj
 0001:000108c0       ?GetRangeOfTrysToCheck@__FrameHandler4@@SA?AU?$pair@Viterator@TryBlockMap4@FH4@@V123@@std@@AEAVTryBlockMap4@FH4@@HPEAU_xDISPATCHER_CONTEXT@@PEAUFuncInfo4@5@H@Z 00000001800118c0 f   libvcruntime:risctrnsctrl.obj
 0001:00010a28       ?UnwindNestedFrames@__FrameHandler4@@SAXPEA_KPEAUEHExceptionRecord@@PEAU_CONTEXT@@0PEAXPEAUFuncInfo4@FH4@@HHPEAUHandlerType4@5@PEAU_xDISPATCHER_CONTEXT@@E@Z 0000000180011a28 f   libvcruntime:risctrnsctrl.obj
 0001:00010b48       ?setBuffer@TryBlockMap4@FH4@@QEAAXViterator@12@@Z 0000000180011b48 f i libvcruntime:risctrnsctrl.obj
 0001:00010d08       _CreateFrameInfo           0000000180011d08 f   libvcruntime:risctrnsctrl.obj
 0001:00010d44       _FindAndUnlinkFrame        0000000180011d44 f   libvcruntime:risctrnsctrl.obj
 0001:00010d98       _GetImageBase              0000000180011d98 f   libvcruntime:risctrnsctrl.obj
 0001:00010dac       _GetThrowImageBase         0000000180011dac f   libvcruntime:risctrnsctrl.obj
 0001:00010dc0       _SetImageBase              0000000180011dc0 f   libvcruntime:risctrnsctrl.obj
 0001:00010dd8       _SetThrowImageBase         0000000180011dd8 f   libvcruntime:risctrnsctrl.obj
 0001:00010df0       __CxxFrameHandler4         0000000180011df0 f   libvcruntime:risctrnsctrl.obj
 0001:00010eb0       __DestructExceptionObject  0000000180011eb0 f   libvcruntime:ehhelpers.obj
 0001:00010f20       ?_CallMemberFunction0@@YAXQEAX0@Z 0000000180011f20 f i libvcruntime:ehhelpers.obj
 0001:00010f24       _IsExceptionObjectToBeDestroyed 0000000180011f24 f   libvcruntime:ehhelpers.obj
 0001:00010f54       __AdjustPointer            0000000180011f54 f   libvcruntime:ehhelpers.obj
 0001:00010f78       __FrameUnwindFilter        0000000180011f78 f   libvcruntime:ehhelpers.obj
 0001:00010fe0       __std_type_info_compare    0000000180011fe0 f   libvcruntime:std_type_info.obj
 0001:00011008       __std_type_info_destroy_list 0000000180012008 f   libvcruntime:std_type_info.obj
 0001:00011034       __std_exception_copy       0000000180012034 f   libvcruntime:std_exception.obj
 0001:000110c4       __std_exception_destroy    00000001800120c4 f   libvcruntime:std_exception.obj
 0001:000110ec       _CxxThrowException         00000001800120ec f   libvcruntime:throw.obj
 0001:0001118c       __vcrt_freefls             000000018001218c f   libvcruntime:per_thread_data.obj
 0001:000111ac       __vcrt_freeptd             00000001800121ac f   libvcruntime:per_thread_data.obj
[...]
 0002:0000c5b4       $unwind$_query_new_handler 000000018002f5b4     libucrt:new_handler.obj
 0002:0000c5d4       $unwind$terminate          000000018002f5d4     libucrt:terminate.obj
 0002:0000c5f4       $unwind$??$parse_integer@KV?$c_string_character_source@_W@__crt_strtox@@@__crt_strtox@@YAKQEAU__crt_locale_pointers@@V?$c_string_character_source@_W@0@H_N@Z 000000018002f5f4     libucrt:atox.obj
 0002:0000c610       $xdatasym                  000000018002f610     libucrt:strncmp.obj
 0002:0000c614       $unwind$?construct_ptd_array@@YAXQEAU__acrt_ptd@@@Z 000000018002f614     libucrt:per_thread_data.obj
 0002:0000c61c       $unwind$?destroy_ptd_array@@YAXQEAU__acrt_ptd@@@Z 000000018002f61c     libucrt:per_thread_data.obj
 0002:0000c624       $unwind$??$?RV<lambda_0ae27a3a962d80f24befdcbee591983d>@@AEAV<lambda_8d0ee55de4b1038c4002e0adecdf1839>@@V<lambda_dc504788e8f1664fe9b84e20bfb512f2>@@@?$__crt_seh_guarded_call@X@@QEAAX$$QEAV<lambda_0ae27a3a962d80f24befdcbee591983d>@@AEAV<lambda_8d0ee55de4b1038c4002e0adecdf1839>@@$$QEAV<lambda_dc504788e8f1664fe9b84e20bfb512f2>@@@Z 000000018002f624     libucrt:per_thread_data.obj
 0002:0000c648       $unwind$??$?RV<lambda_aa87e3671a710a21b5dc78c0bdf72e11>@@AEAV<lambda_92619d2358a28f41a33ba319515a20b9>@@V<lambda_6992ecaafeb10aed2b74cb1fae11a551>@@@?$__crt_seh_guarded_call@X@@QEAAX$$QEAV<lambda_aa87e3671a710a21b5dc78c0bdf72e11>@@AEAV<lambda_92619d2358a28f41a33ba319515a20b9>@@$$QEAV<lambda_6992ecaafeb10aed2b74cb1fae11a551>@@@Z 000000018002f648     libucrt:per_thread_data.obj
 0002:0000c66c       $unwind$??$?RV<lambda_f2e299630e499de9f9a165e60fcd3db5>@@AEAV<lambda_2ae9d31cdba2644fcbeaf08da7c24588>@@V<lambda_40d01ff24d0e7b3814fdbdcee8eab3c7>@@@?$__crt_seh_guarded_call@X@@QEAAX$$QEAV<lambda_f2e299630e499de9f9a165e60fcd3db5>@@AEAV<lambda_2ae9d31cdba2644fcbeaf08da7c24588>@@$$QEAV<lambda_40d01ff24d0e7b3814fdbdcee8eab3c7>@@@Z 000000018002f66c     libucrt:per_thread_data.obj
 0002:0000c690       $unwind$??$?RV<lambda_2d41944a1d46af3157314b8a01080d33>@@AEAV<lambda_8f455de75cd7d7f24b4096f044d8b9e6>@@V<lambda_aa500f224e6afead328df44964fe2772>@@@?$__crt_seh_guarded_call@X@@QEAAX$$QEAV<lambda_2d41944a1d46af3157314b8a01080d33>@@AEAV<lambda_8f455de75cd7d7f24b4096f044d8b9e6>@@$$QEAV<lambda_aa500f224e6afead328df44964fe2772>@@@Z 000000018002f690     libucrt:per_thread_data.obj
 0002:0000c6b4       $unwind$__acrt_initialize_winapi_thunks 000000018002f6b4     libucrt:winapi_thunks.obj
 0002:0000c6bc       $unwind$__acrt_fp_format   000000018002f6bc     libucrt:cvt.obj
 0002:0000c6d4       $unwind$?fp_format_e_internal@@YAHQEAD_KH_NIQEAU_strflt@@2QEAU__crt_locale_pointers@@@Z 000000018002f6d4     libucrt:cvt.obj
 0002:0000c6ec       $unwind$?fp_format_a@@YAHQEBNPEAD_KQEAD2H_NIQEAU__crt_locale_pointers@@W4__acrt_rounding_mode@@@Z 000000018002f6ec     libucrt:cvt.obj
 0002:0000c708       $unwind$?fp_format_g@@YAHQEBNQEAD_K12H_NIQEAU__crt_locale_pointers@@@Z 000000018002f708     libucrt:cvt.obj
 0002:0000c71c       $unwind$__acrt_uninitialize_locale 000000018002f71c     libucrt:wsetlocale.obj
 0002:0000c71c       $unwind$__acrt_get_sigabrt_handler 000000018002f71c     libucrt:signal.obj
 0002:0000c724       $unwind$??$?RV<lambda_410d79af7f07d98d83a3f525b3859a53>@@AEAV<lambda_3e16ef9562a7dcce91392c22ab16ea36>@@V<lambda_38119f0e861e05405d8a144b9b982f0a>@@@?$__crt_seh_guarded_call@X@@QEAAX$$QEAV<lambda_410d79af7f07d98d83a3f525b3859a53>@@AEAV<lambda_3e16ef9562a7dcce91392c22ab16ea36>@@$$QEAV<lambda_38119f0e861e05405d8a144b9b982f0a>@@@Z 000000018002f724     libucrt:wsetlocale.obj
 0002:0000c74c       $unwind$__acrt_initialize_lowio 000000018002f74c     libucrt:ioinit.obj
 0002:0000c76c       $unwind$??$common_expand_argv_wildcards@D@@YAHQEAPEADQEAPEAPEAD@Z 000000018002f76c     libucrt:argv_wildcards.obj
 0002:0000c784       $unwind$??$copy_and_add_argument_to_buffer@D@@YAHQEBD0_KAEAV?$argument_list@D@?A0x5f5c8891@@@Z 000000018002f784     libucrt:argv_wildcards.obj
 0002:0000c7a0       $unwind$??$expand_argument_wildcards@D@@YAHQEAD0AEAV?$argument_list@D@?A0x5f5c8891@@@Z 000000018002f7a0     libucrt:argv_wildcards.obj
 0002:0000c7c4       $unwind$__acrt_GetModuleFileNameA 000000018002f7c4     libucrt:getmodulefilenamea.obj
 0002:0000c7e0       $unwind$_setmbcp_nolock    000000018002f7e0     libucrt:mbctype.obj
 0002:0000c800       $unwind$?update_thread_multibyte_data_internal@@YAPEAU__crt_multibyte_data@@QEAU__acrt_ptd@@QEAPEAU1@@Z 000000018002f800     libucrt:mbctype.obj
 0002:0000c828       $unwind$?setmbcp_internal@@YAHH_NQEAU__acrt_ptd@@QEAPEAU__crt_multibyte_data@@@Z 000000018002f828     libucrt:mbctype.obj
 0002:0000c838       $unwind$?setSBUpLow@@YAXPEAU__crt_multibyte_data@@@Z 000000018002f838     libucrt:mbctype.obj
 0002:0000c854       $unwind$??$?RV<lambda_efdfa57d1f175319df784efa44bb7b81>@@AEAV<lambda_5f0a4c1567f8adc6734073e5d1e1b35c>@@V<lambda_2e8a7d3640ea6ccb4c2413664c2db6fd>@@@?$__crt_seh_guarded_call@X@@QEAAX$$QEAV<lambda_efdfa57d1f175319df784efa44bb7b81>@@AEAV<lambda_5f0a4c1567f8adc6734073e5d1e1b35c>@@$$QEAV<lambda_2e8a7d3640ea6ccb4c2413664c2db6fd>@@@Z 000000018002f854     libucrt:mbctype.obj
 0002:0000c878       $unwind$__acrt_WideCharToMultiByte 000000018002f878     libucrt:widechartomultibyte.obj
 0002:0000c884       $unwind$raise              000000018002f884     libucrt:signal.obj
 0002:0000c8c0       $unwind$??$?RV<lambda_450d765d439847d4c735a33c368b5fc0>@@AEAV<lambda_44731a7d0e6d81c3e6aa82d741081786>@@V<lambda_601a2a7da3b7a96e9554ac7215c4b07c>@@@?$__crt_seh_guarded_call@P6AXH@Z@@QEAAP6AXH@Z$$QEAV<lambda_450d765d439847d4c735a33c368b5fc0>@@AEAV<lambda_44731a7d0e6d81c3e6aa82d741081786>@@$$QEAV<lambda_601a2a7da3b7a96e9554ac7215c4b07c>@@@Z 000000018002f8c0     libucrt:signal.obj
 0002:0000c8e4       $unwind$?common_flush_all@@YAH_N@Z 000000018002f8e4     libucrt:fflush.obj
 0002:0000c8ec       $unwind$??$?RV<lambda_842d9ff0dc9ef11c61343bbaebe7f885>@@AEAV<lambda_c5860995281e5c4ce005b3de8f5874ee>@@V<lambda_d90129c13df834fdcbf8d2b88dafcf2d>@@@?$__crt_seh_guarded_call@X@@QEAAX$$QEAV<lambda_842d9ff0dc9ef11c61343bbaebe7f885>@@AEAV<lambda_c5860995281e5c4ce005b3de8f5874ee>@@$$QEAV<lambda_d90129c13df834fdcbf8d2b88dafcf2d>@@@Z 000000018002f8ec     libucrt:fflush.obj
 0002:0000c910       $unwind$??$?RV<lambda_886d6c58226a84441f68b9f2b8217b83>@@AEAV<lambda_ab61a845afdef5b7c387490eaf3616ee>@@V<lambda_f7f22ab5edc0698d5f6905b0d3f44752>@@@?$__crt_seh_guarded_call@X@@QEAAX$$QEAV<lambda_886d6c58226a84441f68b9f2b8217b83>@@AEAV<lambda_ab61a845afdef5b7c387490eaf3616ee>@@$$QEAV<lambda_f7f22ab5edc0698d5f6905b0d3f44752>@@@Z 000000018002f910     libucrt:fflush.obj
 0002:0000c938       $unwind$__acrt_update_thread_locale_data 000000018002f938     libucrt:locale_refcounting.obj
 0002:0000c95c       $unwind$?__mbrtowc_utf8@__crt_mbstring@@YA_KPEA_WPEBD_KPEAU_Mbstatet@@@Z 000000018002f95c     libucrt:mbrtowc.obj
 0002:0000c964       $unwind$?__mbsrtowcs_utf8@__crt_mbstring@@YA_KPEA_WPEAPEBD_KPEAU_Mbstatet@@@Z 000000018002f964     libucrt:mbrtowc.obj
 0002:0000c97c       $unwind$__acrt_fltout      000000018002f97c     libucrt:cfout.obj
 0002:0000c99c       $unwind$?divide@__crt_strtox@@YA_KAEAUbig_integer@1@AEBU21@@Z 000000018002f99c     libucrt:cfout.obj
 0002:0000c9b4       $chain$0$?divide@__crt_strtox@@YA_KAEAUbig_integer@1@AEBU21@@Z 000000018002f9b4     libucrt:cfout.obj
 0002:0000c9c8       $chain$1$?divide@__crt_strtox@@YA_KAEAUbig_integer@1@AEBU21@@Z 000000018002f9c8     libucrt:cfout.obj
 0002:0000c9d8       $unwind$_fcloseall         000000018002f9d8     libucrt:closeall.obj
 0002:0000c9fc       $unwind$__acrt_locale_free_monetary 000000018002f9fc     libucrt:initmon.obj
 0002:0000ca04       $unwind$__acrt_locale_free_time 000000018002fa04     libucrt:inittime.obj
 0002:0000ca14       $unwind$__acrt_GetStringTypeA 000000018002fa14     libucrt:getstringtypea.obj
 0002:0000ca3c       $unwind$__acrt_lowio_destroy_handle_array 000000018002fa3c     libucrt:osfinfo.obj
 0002:0000ca4c       $unwind$__acrt_lowio_ensure_fh_exists 000000018002fa4c     libucrt:osfinfo.obj
 0002:0000ca78       $unwind$qsort              000000018002fa78     libucrt:qsort.obj
 0002:0000ca90       $chain$4$qsort             000000018002fa90     libucrt:qsort.obj
 0002:0000cab4       $chain$5$qsort             000000018002fab4     libucrt:qsort.obj
 0002:0000cac4       $unwind$strpbrk            000000018002fac4     libucrt:strpbrk.obj
 0002:0000cad4       $unwind$fallbackMethod     000000018002fad4     libucrt:strpbrk.obj
 0002:0000cae4       $unwind$__acrt_LCMapStringA 000000018002fae4     libucrt:lcmapstringa.obj
 0002:0000caf4       $unwind$?__acrt_LCMapStringA_stat@@YAHPEAU__crt_locale_pointers@@PEB_WKPEBDHPEADHHH@Z 000000018002faf4     libucrt:lcmapstringa.obj
 0002:0000cb1c       $unwind$_close             000000018002fb1c     libucrt:close.obj
 0002:0000cb1c       $unwind$_commit            000000018002fb1c     libucrt:commit.obj
 0002:0000cb24       $unwind$??$?RV<lambda_a37b2b86f63e897a80ea819b0eb08c01>@@AEAV<lambda_38ce7e780aa69e748d6df282ebc68efe>@@V<lambda_99fb1378e971ab6e7edea83e3a7a83a2>@@@?$__crt_seh_guarded_call@H@@QEAAH$$QEAV<lambda_a37b2b86f63e897a80ea819b0eb08c01>@@AEAV<lambda_38ce7e780aa69e748d6df282ebc68efe>@@$$QEAV<lambda_99fb1378e971ab6e7edea83e3a7a83a2>@@@Z 000000018002fb24     libucrt:commit.obj
 0002:0000cb48       $unwind$_write             000000018002fb48     libucrt:write.obj
 0002:0000cb78       $unwind$_write_nolock      000000018002fb78     libucrt:write.obj
 0002:0000cb90       $unwind$?write_double_translated_ansi_nolock@@YA?AUwrite_result@?A0x17268360@@HQEBDI@Z 000000018002fb90     libucrt:write.obj
 0002:0000cbb4       $unwind$?write_text_ansi_nolock@@YA?AUwrite_result@?A0x17268360@@HQEBDI@Z 000000018002fbb4     libucrt:write.obj
 0002:0000cbb4       $unwind$?write_text_utf16le_nolock@@YA?AUwrite_result@?A0x17268360@@HQEBDI@Z 000000018002fbb4     libucrt:write.obj
 0002:0000cbd4       $unwind$?write_text_utf8_nolock@@YA?AUwrite_result@?A0x17268360@@HQEBDI@Z 000000018002fbd4     libucrt:write.obj
 0002:0000cbf8       $xdatasym                  000000018002fbf8     libucrt:log10.obj
 0002:0000cc04       $unwind$__acrt_fenv_set_control 000000018002fc04     libucrt:_fenvutils.obj
 0002:0000cc14       $unwind$fclose             000000018002fc14     libucrt:fclose.obj
 0002:0000cc38       $unwind$_putwch_nolock     000000018002fc38     libucrt:putwch.obj
 0002:0000cc40       $unwind$common_control87   000000018002fc40     libucrt:ieee.obj
 0002:0000cc6c       $unwind$_call_matherr      000000018002fc6c     libucrt:libm_error.obj
 0002:0000cc74       $unwind$_handle_error      000000018002fc74     libucrt:libm_error.obj
 0002:0000cc94       $unwind$__acrt_initialize_fma3 000000018002fc94     libucrt:fma3_available.obj
 0002:0000cc9c       $unwind$_log_special_common 000000018002fc9c     libucrt:log_special.obj
 0002:0000cca8       $unwind$??$?RV<lambda_751a882b2c74d4b022dec766aa51a29a>@@AEAV<lambda_628dfdc04ba53c8bfc02c9951375f3f5>@@V<lambda_f6c7be5f7998530c34de24c7437d6b54>@@@?$__crt_seh_guarded_call@H@@QEAAH$$QEAV<lambda_751a882b2c74d4b022dec766aa51a29a>@@AEAV<lambda_628dfdc04ba53c8bfc02c9951375f3f5>@@$$QEAV<lambda_f6c7be5f7998530c34de24c7437d6b54>@@@Z 000000018002fca8     libucrt:close.obj
 0002:0000ccd0       $xdatasym                  000000018002fcd0     libucrt:fpsr.obj
 0002:0000ccd8       $unwind$_raise_exc_ex      000000018002fcd8     libucrt:fpexcept.obj
 0002:0000ccec       $unwind$_ctrlfp            000000018002fcec     libucrt:fpctrl.obj
 0002:0000cd14       $unwind$_IsNonwritableInCurrentImage 000000018002fd14     LIBCMT:pesect.obj
 0002:0000cea0       .edata                     000000018002fea0     OPOSTotals.exp
 0002:0000cec8       rgpv                       000000018002fec8     OPOSTotals.exp
 0002:0000ced8       rgszName                   000000018002fed8     OPOSTotals.exp
 0002:0000cee8       rgwOrd                     000000018002fee8     OPOSTotals.exp
 0002:0000cef0       szName                     000000018002fef0     OPOSTotals.exp
 0002:0000ceff       $N00001                    000000018002feff     OPOSTotals.exp
 0002:0000cf0f       $N00002                    000000018002ff0f     OPOSTotals.exp
 0002:0000cf21       $N00003                    000000018002ff21     OPOSTotals.exp
 0002:0000cf33       $N00004                    000000018002ff33     OPOSTotals.exp
 0002:0000d862       .idata$6                   0000000180030862     kernel32:KERNEL32.dll
 0002:0000da7a       .idata$6                   0000000180030a7a     user32:USER32.dll
 0002:0000dbae       .idata$6                   0000000180030bae     gdi32:GDI32.dll
 0002:0000dc54       .idata$6                   0000000180030c54     advapi32:ADVAPI32.dll
 0002:0000dd70       .idata$6                   0000000180030d70     ole32:ole32.dll
 0002:0000dd7a       .idata$6                   0000000180030d7a     oleaut32:OLEAUT32.dll
 0003:000001c0       ?ObjectMap@@3PAU_ATL_OBJMAP_ENTRY30@ATL@@A 00000001800321c0     Totals.obj
 0003:000002c0       ?s_SOMethodNames@@3PAPEADA 00000001800322c0     TotalsImpl.obj
 0003:000003c0       ?s_RequiredMethodsPerRelease@@3PAHA 00000001800323c0     TotalsImpl.obj
 0003:00000420       ?__vcrt_flsindex@@3KA      0000000180032420     libvcruntime:per_thread_data.obj
 0003:00000430       ?errno_no_memory@@3HA      0000000180032430     libucrt:errno.obj
 0003:00000434       ?doserrno_no_memory@@3KA   0000000180032434     libucrt:errno.obj
 0003:00000440       ?__acrt_flsindex@@3KA      0000000180032440     libucrt:per_thread_data.obj
 0003:00000900       _mbctypes                  0000000180032900     libucrt:mbctype.obj
 0003:00000a10       _mbcasemaps                0000000180032a10     libucrt:mbctype.obj
 0003:00000b10       ?__rgctypeflag@@3PADA      0000000180032b10     libucrt:mbctype.obj
 0003:00000b20       ?__rgcode_page_info@@3PAUcode_page_info@@A 0000000180032b20     libucrt:mbctype.obj
 0003:00000dc0       ?dazSupported@?1??common_control87@@9@9 0000000180032dc0     libucrt:ieee.obj
 0003:00000dd0       ?__dcrt_lowio_console_output_handle@@3PEAXEA 0000000180032dd0     libucrt:initcon.obj
 0003:00000de0       ?dazSupported@?1??_ctrlfp@@9@9 0000000180032de0     libucrt:fpctrl.obj
 0003:00001030       ?is_initialized_as_dll@@3_NA 0000000180033030     LIBCMT:utility.obj
 0003:00001031       ?module_local_atexit_table_initialized@@3_NA 0000000180033031     LIBCMT:utility.obj
 0003:00001038       ?module_local_atexit_table@@3U_onexit_table_t@@A 0000000180033038     LIBCMT:utility.obj
 0003:00001050       ?module_local_at_quick_exit_table@@3U_onexit_table_t@@A 0000000180033050     LIBCMT:utility.obj
 0003:00001068       ?g_tss_cv@@3U_RTL_CONDITION_VARIABLE@@A 0000000180033068     LIBCMT:thread_safe_statics.obj
 0003:00001070       ?g_tss_event@@3PEAXEA      0000000180033070     LIBCMT:thread_safe_statics.obj
 0003:00001078       ?g_tss_mutex@@3U_RTL_CRITICAL_SECTION@@A 0000000180033078     LIBCMT:thread_safe_statics.obj
 0003:000010a0       ?g_sleep_condition_variable_cs@@3P6AHPEAU_RTL_CONDITION_VARIABLE@@PEAU_RTL_CRITICAL_SECTION@@K@ZEA 00000001800330a0     LIBCMT:thread_safe_statics.obj
 0003:000010a8       ?g_wake_all_condition_variable@@3P6AXPEAU_RTL_CONDITION_VARIABLE@@@ZEA 00000001800330a8     LIBCMT:thread_safe_statics.obj
 0003:000010b0       GS_ExceptionRecord         00000001800330b0     LIBCMT:gs_report.obj
 0003:00001150       GS_ContextRecord           0000000180033150     LIBCMT:gs_report.obj
 0003:00001624       ?__proc_attached@@3HA      0000000180033624     LIBCMT:dll_dllmain.obj
 0003:000016c8       ?AllocateData@@3P6APEAUAtlThunkData_t@@XZEA 00000001800336c8     atls:atlthunk.obj
 0003:000016d0       ?InitData@@3P6AXPEAUAtlThunkData_t@@PEAX_K@ZEA 00000001800336d0     atls:atlthunk.obj
 0003:000016d8       ?DataToCode@@3P6AP6A_JPEAUHWND__@@I_K_J@ZPEAUAtlThunkData_t@@@ZEA 00000001800336d8     atls:atlthunk.obj
 0003:000016e0       ?FreeData@@3P6AXPEAUAtlThunkData_t@@@ZEA 00000001800336e0     atls:atlthunk.obj
 0003:000016e8       ?Initialized@@3_NA         00000001800336e8     atls:atlthunk.obj
 0003:00001700       ?__vcrt_startup_thread_ptd@@3U__vcrt_ptd@@A 0000000180033700     libvcruntime:per_thread_data.obj
 0003:00001780       __vcrt_lock_table          0000000180033780     libvcruntime:locks.obj
 0003:000017a8       __vcrt_locks_initialized   00000001800337a8     libvcruntime:locks.obj
 0003:000017f0       ?heap@@3V_HeapManager@@A   00000001800337f0     libvcruntime:undname.obj
 0003:00001818       ?module_handles@@3PAPEAUHINSTANCE__@@A 0000000180033818     libvcruntime:winapi_downlevel.obj
 0003:00001830       ?function_pointers@@3PAPEAXA 0000000180033830     libvcruntime:winapi_downlevel.obj
 0003:00001858       ?__acrt_invalid_parameter_handler@@3V?$dual_state_global@P6AXPEB_W00I_K@Z@__crt_state_management@@A 0000000180033858     libucrt:invalid_parameter.obj
 0003:00001860       ?c_termination_complete@@3JA 0000000180033860     libucrt:exit.obj
 0003:00001868       ?thread_local_exit_callback_func@@3P6AXPEAXK0@ZEA 0000000180033868     libucrt:exit.obj
 0003:00001880       ?program_name@?1???$common_configure_argv@D@@YAHW4_crt_argv_mode@@@Z@4PADA 0000000180033880     libucrt:argv_parsing.obj
 0003:000019d8       ?__acrt_new_handler@@3V?$dual_state_global@P6AH_K@Z@__crt_state_management@@A 00000001800339d8     libucrt:new_handler.obj
 0003:000019e0       ?module_handles@@3PAPEAUHINSTANCE__@@A 00000001800339e0     libucrt:winapi_thunks.obj
 0003:00001a80       ?encoded_function_pointers@@3PAPEAXA 0000000180033a80     libucrt:winapi_thunks.obj
 0003:00001b90       ?internal_state@?1??_mbtowc_l@@9@4U_Mbstatet@@A 0000000180033b90     libucrt:mbtowc.obj
 0003:00001ba8       ?enable_percent_n@@3_KA    0000000180033ba8     libucrt:printf_count_output.obj
 0003:00001fe0       ?__acrt_lock_table@@3PAU_RTL_CRITICAL_SECTION@@A 0000000180033fe0     libucrt:locks.obj
 0003:00002210       ?__acrt_locks_initialized@@3IA 0000000180034210     libucrt:locks.obj
 0003:00002230       ?fSystemSet@@3HA           0000000180034230     libucrt:mbctype.obj
 0003:00002234       ?initialized@?1??__acrt_initialize_multibyte@@9@4_NA 0000000180034234     libucrt:mbctype.obj
 0003:00002270       ?ctrlc_action@@3V?$dual_state_global@P6AXH@Z@__crt_state_management@@A 0000000180034270     libucrt:signal.obj
 0003:00002278       ?ctrlbreak_action@@3V?$dual_state_global@P6AXH@Z@__crt_state_management@@A 0000000180034278     libucrt:signal.obj
 0003:00002280       ?abort_action@@3V?$dual_state_global@P6AXH@Z@__crt_state_management@@A 0000000180034280     libucrt:signal.obj
 0003:00002288       ?term_action@@3V?$dual_state_global@P6AXH@Z@__crt_state_management@@A 0000000180034288     libucrt:signal.obj
 0003:00002290       ?user_matherr@@3V?$dual_state_global@P6AHPEAU_exception@@@Z@__crt_state_management@@A 0000000180034290     libucrt:matherr.obj
 0003:00002298       ?__acrt_global_new_mode@@3V?$dual_state_global@J@__crt_state_management@@A 0000000180034298     libucrt:new_mode.obj
 0003:000022a8       ?internal_pst@?1??__mbrtoc32_utf8@__crt_mbstring@@YA_KPEA_UPEBD_KPEAU_Mbstatet@@@Z@4U3@A 00000001800342a8     libucrt:mbrtoc32.obj
 0003:000022b0       ?__acrt_app_type@@3W4_crt_app_type@@A 00000001800342b0     libucrt:report_runtime_error.obj
 0005:00000000       MoveSmall                  0000000180037000     libvcruntime:memcpy.obj
 0005:00000050       MsetTab                    0000000180037050     libvcruntime:memset.obj
 0006:00000220       $R000000                   0000000180038220     Totals.res
 0006:00000ba0       $R000980                   0000000180038ba0     Totals.res
 0006:00000c88       $R000A68                   0000000180038c88     Totals.res
 0006:00000ef0       $R000CD0                   0000000180038ef0     Totals.res
 0006:00001438       $R001218                   0000000180039438     Totals.res
 0006:00004160       $R003F40                   000000018003c160     Totals.res
 0006:00004190       $R003F70                   000000018003c190     Totals.res
