 OPOSElectronicValueRW

 Timestamp is 600f784e (Tue Jan 26 11:02:54 2021)

 Preferred load address is 0000000180000000

 Start         Length     Name                   Class
 0001:00000000 000000c0H .text$di                CODE
 0001:000000c0 00024200H .text$mn                CODE
 0001:000242c0 00000040H .text$mn$00             CODE
 0001:00024300 000004b0H .text$x                 CODE
 0001:000247b0 00000078H .text$yd                CODE
 0002:00000000 00000618H .idata$5                DATA
 0002:00000618 00000028H .00cfg                  DATA
 0002:00000640 00000008H .CRT$XCA                DATA
 0002:00000648 00000008H .CRT$XCL                DATA
 0002:00000650 00000020H .CRT$XCU                DATA
 0002:00000670 00000008H .CRT$XCZ                DATA
 0002:00000678 00000008H .CRT$XIA                DATA
 0002:00000680 00000020H .CRT$XIC                DATA
 0002:000006a0 00000008H .CRT$XIZ                DATA
 0002:000006a8 00000008H .CRT$XLA                DATA
 0002:000006b0 00000008H .CRT$XLZ                DATA
 0002:000006b8 00000008H .CRT$XPA                DATA
 0002:000006c0 00000010H .CRT$XPX                DATA
 0002:000006d0 00000008H .CRT$XPXA               DATA
 0002:000006d8 00000008H .CRT$XPZ                DATA
 0002:000006e0 00000008H .CRT$XTA                DATA
 0002:000006e8 00000008H .CRT$XTZ                DATA
 0002:000006f0 00000000H .gehcont$y              DATA
 0002:000006f0 00000000H .gfids$y                DATA
 0002:000006f0 0000b410H .rdata                  DATA
 0002:0000bb00 00000000H .rdata$CastGuardVftablesA DATA
 0002:0000bb00 00000000H .rdata$CastGuardVftablesC DATA
 0002:0000bb00 00000028H .rdata$T                DATA
 0002:0000bb28 00000274H .rdata$r                DATA
 0002:0000bd9c 00000414H .rdata$zzzdbg           DATA
 0002:0000c1b0 00000008H .rtc$IAA                DATA
 0002:0000c1b8 00000008H .rtc$IZZ                DATA
 0002:0000c1c0 00000008H .rtc$TAA                DATA
 0002:0000c1c8 00000008H .rtc$TZZ                DATA
 0002:0000c1d0 00000004H .tls                    DATA
 0002:0000c1d4 00000004H .tls$                   DATA
 0002:0000c1d8 00000008H .tls$ZZZ                DATA
 0002:0000c1e0 00001730H .xdata                  DATA
 0002:0000d910 00000150H .xdata$x                DATA
 0002:0000da60 00000008H ATL$__a                 DATA
 0002:0000da68 00000008H ATL$__z                 DATA
 0002:0000da70 000000b4H .edata                  DATA
 0002:0000db24 00000078H .idata$2                DATA
 0002:0000db9c 00000014H .idata$3                DATA
 0002:0000dbb0 00000618H .idata$4                DATA
 0002:0000e1c8 00000c2aH .idata$6                DATA
 0003:00000000 00000f18H .data                   DATA
 0003:00000f18 000000c8H .data$r                 DATA
 0003:00000fe0 0000141cH .bss                    DATA
 0004:00000000 00002268H .pdata                  DATA
 0005:00000000 00000094H _RDATA                  DATA
 0006:00000000 00000220H .rsrc$01                DATA
 0006:00000220 00007ef8H .rsrc$02                DATA

  Address         Publics by Value              Rva+Base               Lib:Object

 0000:00000000       ___safe_se_handler_table   0000000000000000     <absolute>
 0000:00000000       __x64_code_ranges_to_entry_points 0000000000000000     <absolute>
 0000:00000000       __x64_code_ranges_to_entry_points_count 0000000000000000     <absolute>
 0000:00000000       __guard_fids_count         0000000000000000     <absolute>
 0000:00000000       __arm64x_redirection_metadata 0000000000000000     <absolute>
 0000:00000000       __guard_iat_table          0000000000000000     <absolute>
 0000:00000000       __arm64x_extra_rfe_table   0000000000000000     <absolute>
 0000:00000000       __hybrid_code_map          0000000000000000     <absolute>
 0000:00000000       __guard_iat_count          0000000000000000     <absolute>
 0000:00000000       __guard_longjmp_count      0000000000000000     <absolute>
 0000:00000000       __volatile_metadata        0000000000000000     <absolute>
 0000:00000000       __arm64x_extra_rfe_table_size 0000000000000000     <absolute>
 0000:00000000       ___safe_se_handler_count   0000000000000000     <absolute>
 0000:00000000       __guard_longjmp_table      0000000000000000     <absolute>
 0000:00000000       __dynamic_value_reloc_table 0000000000000000     <absolute>
 0000:00000000       __hybrid_auxiliary_iat     0000000000000000     <absolute>
 0000:00000000       __AbsoluteZero             0000000000000000     <absolute>
 0000:00000000       __guard_eh_cont_count      0000000000000000     <absolute>
 0000:00000000       __guard_fids_table         0000000000000000     <absolute>
 0000:00000000       __arm64x_redirection_metadata_count 0000000000000000     <absolute>
 0000:00000000       __enclave_config           0000000000000000     <absolute>
 0000:00000000       __guard_eh_cont_table      0000000000000000     <absolute>
 0000:00000000       __arm64x_native_entrypoint 0000000000000000     <absolute>
 0000:00000000       __hybrid_code_map_count    0000000000000000     <absolute>
 0000:00000100       __guard_flags              0000000000000100     <absolute>
 0000:00000000       __ImageBase                0000000180000000     <linker-defined>
 0001:000000c0       ?DupWide@_CW@@AEAAXXZ      00000001800010c0 f   CWString.obj
 0001:000000e8       ?cw_dup@@YAXPEBDAEAHAEAPEA_W1@Z 00000001800010e8 f   CWString.obj
 0001:000001c8       ?cw_memcpy@@YAHPEA_WPEBDH@Z 00000001800011c8 f   CWString.obj
 0001:00000214       ?cw_strcpy@@YAHPEA_WPEBD@Z 0000000180001214 f   CWString.obj
 0001:00000228       ??0CAtlComModule@ATL@@QEAA@XZ 0000000180001228 f i OposVariant.obj
 0001:000002a8       ??0CAtlWinModule@ATL@@QEAA@XZ 00000001800012a8 f i OposVariant.obj
 0001:00000314       ??0OposDispParms@@QEAA@PEAVOposVariant@@H@Z 0000000180001314 f   OposVariant.obj
 0001:000003bc       ??1OposDispParms@@QEAA@XZ  00000001800013bc f   OposVariant.obj
 0001:000003d4       ??_Estringdispid@CComTypeInfoHolder@ATL@@QEAAPEAXI@Z 00000001800013d4 f i OposVariant.obj
 0001:00000478       ?AtlWinModuleTerm@ATL@@YAJPEAU_ATL_WIN_MODULE70@1@PEAUHINSTANCE__@@@Z 0000000180001478 f i OposVariant.obj
 0001:00000528       ?ChangeBSTR@OposVariant@@QEAAXPEAPEA_WAEAJ@Z 0000000180001528 f   OposVariant.obj
 0001:00000588       ?ChangeCURRENCY@OposVariant@@QEAAXPEATtagCY@@AEAJ@Z 0000000180001588 f   OposVariant.obj
 0001:000005e8       ?ChangeLONG@OposVariant@@QEAAXPEAJAEAJ@Z 00000001800015e8 f   OposVariant.obj
 0001:00000644       ?GetLONG@OposVariant@@QEAAJXZ 0000000180001644 f   OposVariant.obj
 0001:00000668       ?SetBSTR@OposVariant@@QEAAXPEA_WAEAJ@Z 0000000180001668 f   OposVariant.obj
 0001:000006a8       ?SetBSTR_Copy@OposVariant@@QEAAXPEA_WAEAJ@Z 00000001800016a8 f   OposVariant.obj
 0001:00000718       ?SetBSTR_InOutPtr@OposVariant@@QEAA_NPEAPEA_WAEAJ@Z 0000000180001718 f   OposVariant.obj
 0001:00000768       ?SetCURRENCY@OposVariant@@QEAAXTtagCY@@@Z 0000000180001768 f   OposVariant.obj
 0001:0000079c       ?SetDispatch_Ptr@OposVariant@@QEAAXPEAUIDispatch@@AEAJ@Z 000000018000179c f   OposVariant.obj
 0001:000007f4       ?SetLONG@OposVariant@@QEAAXJ@Z 00000001800017f4 f   OposVariant.obj
 0001:00000824       ?SetLONG_Ptr@OposVariant@@QEAAXPEAJAEAJ@Z 0000000180001824 f   OposVariant.obj
 0001:00000870       ?SetString@OposVariant@@QEAAXPEB_WAEAJ@Z 0000000180001870 f   OposVariant.obj
 0001:000008d4       ?SetVARIANT_BOOL@OposVariant@@QEAAXF@Z 00000001800018d4 f   OposVariant.obj
 0001:0000090c       ?Term@CAtlComModule@ATL@@QEAAXXZ 000000018000190c f i OposVariant.obj
 0001:0000097c       ?_AtlInitializeCriticalSectionEx@ATL@@YAHPEAU_RTL_CRITICAL_SECTION@@KK@Z 000000018000197c f i OposVariant.obj
 0001:00000984       ?_AtlRaiseException@ATL@@YAXKK@Z 0000000180001984 f i OposVariant.obj
 0001:00000994       ?GetWindowProc@?$CWindowImplBaseT@VCWindow@ATL@@V?$CWinTraits@$0FGAAAAAA@$0A@@2@@ATL@@UEAAP6A_JPEAUHWND__@@I_K_J@ZXZ 0000000180001994 f i ElectronicValueRW.obj
 0001:0000099c       ?StartWindowProc@?$CWindowImplBaseT@VCWindow@ATL@@V?$CWinTraits@$0FGAAAAAA@$0A@@2@@ATL@@SA_JPEAUHWND__@@I_K_J@Z 000000018000199c f i ElectronicValueRW.obj
 0001:00000a60       ??_E?$CComObject@VCOPOSElectronicValueRW@@@ATL@@W7EAAPEAXI@Z 0000000180001a60 f i ElectronicValueRW.obj
 0001:00000a6c       ??_E?$CComObject@VCOPOSElectronicValueRW@@@ATL@@WHA@EAAPEAXI@Z 0000000180001a6c f i ElectronicValueRW.obj
 0001:00000a78       ?QueryInterface@?$CComObject@VCOPOSElectronicValueRW@@@ATL@@WLI@EAAJAEBU_GUID@@PEAPEAX@Z 0000000180001a78 f i ElectronicValueRW.obj
 0001:00000a84       ?AddRef@?$CComObject@VCOPOSElectronicValueRW@@@ATL@@WLI@EAAKXZ 0000000180001a84 f i ElectronicValueRW.obj
 0001:00000a90       ?Release@?$CComObject@VCOPOSElectronicValueRW@@@ATL@@WLI@EAAKXZ 0000000180001a90 f i ElectronicValueRW.obj
 0001:00000a9c       ?QueryInterface@?$CComObject@VCOPOSElectronicValueRW@@@ATL@@WMA@EAAJAEBU_GUID@@PEAPEAX@Z 0000000180001a9c f i ElectronicValueRW.obj
 0001:00000aa8       ?AddRef@?$CComObject@VCOPOSElectronicValueRW@@@ATL@@WMA@EAAKXZ 0000000180001aa8 f i ElectronicValueRW.obj
 0001:00000ab4       ?Release@?$CComObject@VCOPOSElectronicValueRW@@@ATL@@WMA@EAAKXZ 0000000180001ab4 f i ElectronicValueRW.obj
 0001:00000ac0       ?QueryInterface@?$CComObject@VCOPOSElectronicValueRW@@@ATL@@WMI@EAAJAEBU_GUID@@PEAPEAX@Z 0000000180001ac0 f i ElectronicValueRW.obj
 0001:00000acc       ?AddRef@?$CComObject@VCOPOSElectronicValueRW@@@ATL@@WMI@EAAKXZ 0000000180001acc f i ElectronicValueRW.obj
 0001:00000ad8       ?Release@?$CComObject@VCOPOSElectronicValueRW@@@ATL@@WMI@EAAKXZ 0000000180001ad8 f i ElectronicValueRW.obj
 0001:00000ae4       ?QueryInterface@?$CComObject@VCOPOSElectronicValueRW@@@ATL@@WNA@EAAJAEBU_GUID@@PEAPEAX@Z 0000000180001ae4 f i ElectronicValueRW.obj
 0001:00000af0       ?AddRef@?$CComObject@VCOPOSElectronicValueRW@@@ATL@@WNA@EAAKXZ 0000000180001af0 f i ElectronicValueRW.obj
 0001:00000afc       ?Release@?$CComObject@VCOPOSElectronicValueRW@@@ATL@@WNA@EAAKXZ 0000000180001afc f i ElectronicValueRW.obj
 0001:00000b08       ?QueryInterface@?$CComObject@VCOPOSElectronicValueRW@@@ATL@@WNI@EAAJAEBU_GUID@@PEAPEAX@Z 0000000180001b08 f i ElectronicValueRW.obj
 0001:00000b14       ?AddRef@?$CComObject@VCOPOSElectronicValueRW@@@ATL@@WNI@EAAKXZ 0000000180001b14 f i ElectronicValueRW.obj
 0001:00000b20       ?Release@?$CComObject@VCOPOSElectronicValueRW@@@ATL@@WNI@EAAKXZ 0000000180001b20 f i ElectronicValueRW.obj
 0001:00000b2c       ?QueryInterface@?$CComObject@VCOPOSElectronicValueRW@@@ATL@@WOA@EAAJAEBU_GUID@@PEAPEAX@Z 0000000180001b2c f i ElectronicValueRW.obj
 0001:00000b38       ?AddRef@?$CComObject@VCOPOSElectronicValueRW@@@ATL@@WOA@EAAKXZ 0000000180001b38 f i ElectronicValueRW.obj
 0001:00000b44       ?Release@?$CComObject@VCOPOSElectronicValueRW@@@ATL@@WOA@EAAKXZ 0000000180001b44 f i ElectronicValueRW.obj
 0001:00000b50       ?QueryInterface@?$CComObject@VCOPOSElectronicValueRW@@@ATL@@WOI@EAAJAEBU_GUID@@PEAPEAX@Z 0000000180001b50 f i ElectronicValueRW.obj
 0001:00000b5c       ?AddRef@?$CComObject@VCOPOSElectronicValueRW@@@ATL@@WOI@EAAKXZ 0000000180001b5c f i ElectronicValueRW.obj
 0001:00000b68       ?Release@?$CComObject@VCOPOSElectronicValueRW@@@ATL@@WOI@EAAKXZ 0000000180001b68 f i ElectronicValueRW.obj
 0001:00000b74       ?QueryInterface@?$CComObject@VCOPOSElectronicValueRW@@@ATL@@WPA@EAAJAEBU_GUID@@PEAPEAX@Z 0000000180001b74 f i ElectronicValueRW.obj
 0001:00000b80       ?AddRef@?$CComObject@VCOPOSElectronicValueRW@@@ATL@@WPA@EAAKXZ 0000000180001b80 f i ElectronicValueRW.obj
 0001:00000b8c       ?OnFinalMessage@?$CWindowImplBaseT@VCWindow@ATL@@V?$CWinTraits@$0FGAAAAAA@$0A@@2@@ATL@@UEAAXPEAUHWND__@@@Z 0000000180001b8c f i ElectronicValueRW.obj
 0001:00000b8c       ?ObjectMain@CComObjectRootBase@ATL@@SAX_N@Z 0000000180001b8c f i ElectronicValueRW.obj
 0001:00000b8c       _guard_check_icall_nop     0000000180001b8c f i LIBCMT:guard_support.obj
 0001:00000b90       ?Release@?$CComObject@VCOPOSElectronicValueRW@@@ATL@@WPA@EAAKXZ 0000000180001b90 f i ElectronicValueRW.obj
 0001:00000b9c       ?QueryInterface@?$CComObject@VCOPOSElectronicValueRW@@@ATL@@WPI@EAAJAEBU_GUID@@PEAPEAX@Z 0000000180001b9c f i ElectronicValueRW.obj
 0001:00000ba8       ?AddRef@?$CComObject@VCOPOSElectronicValueRW@@@ATL@@WPI@EAAKXZ 0000000180001ba8 f i ElectronicValueRW.obj
 0001:00000bb4       ?Release@?$CComObject@VCOPOSElectronicValueRW@@@ATL@@WPI@EAAKXZ 0000000180001bb4 f i ElectronicValueRW.obj
 0001:00000bc0       ?QueryInterface@?$CComObject@VCOPOSElectronicValueRW@@@ATL@@WBAA@EAAJAEBU_GUID@@PEAPEAX@Z 0000000180001bc0 f i ElectronicValueRW.obj
 0001:00000bcc       ?AddRef@?$CComObject@VCOPOSElectronicValueRW@@@ATL@@WBAA@EAAKXZ 0000000180001bcc f i ElectronicValueRW.obj
 0001:00000bd8       ?Release@?$CComObject@VCOPOSElectronicValueRW@@@ATL@@WBAA@EAAKXZ 0000000180001bd8 f i ElectronicValueRW.obj
 0001:00000be4       ?QueryInterface@?$CComObject@VCOPOSElectronicValueRW@@@ATL@@WBAI@EAAJAEBU_GUID@@PEAPEAX@Z 0000000180001be4 f i ElectronicValueRW.obj
 0001:00000bf0       ?AddRef@?$CComObject@VCOPOSElectronicValueRW@@@ATL@@WBAI@EAAKXZ 0000000180001bf0 f i ElectronicValueRW.obj
 0001:00000bfc       ?Release@?$CComObject@VCOPOSElectronicValueRW@@@ATL@@WBAI@EAAKXZ 0000000180001bfc f i ElectronicValueRW.obj
 0001:00000c08       ?QueryInterface@?$CComObject@VCOPOSElectronicValueRW@@@ATL@@WBBA@EAAJAEBU_GUID@@PEAPEAX@Z 0000000180001c08 f i ElectronicValueRW.obj
 0001:00000c14       ?AddRef@?$CComObject@VCOPOSElectronicValueRW@@@ATL@@WBBA@EAAKXZ 0000000180001c14 f i ElectronicValueRW.obj
 0001:00000c20       ?Release@?$CComObject@VCOPOSElectronicValueRW@@@ATL@@WBBA@EAAKXZ 0000000180001c20 f i ElectronicValueRW.obj
 0001:00000c2c       ?QueryInterface@?$CComObject@VCOPOSElectronicValueRW@@@ATL@@WBBI@EAAJAEBU_GUID@@PEAPEAX@Z 0000000180001c2c f i ElectronicValueRW.obj
 0001:00000c38       ?AddRef@?$CComObject@VCOPOSElectronicValueRW@@@ATL@@WBBI@EAAKXZ 0000000180001c38 f i ElectronicValueRW.obj
 0001:00000c44       ?Release@?$CComObject@VCOPOSElectronicValueRW@@@ATL@@WBBI@EAAKXZ 0000000180001c44 f i ElectronicValueRW.obj
 0001:00000c50       ?AddRef@?$CComObject@VCOPOSElectronicValueRW@@@ATL@@WBCI@EAAKXZ 0000000180001c50 f i ElectronicValueRW.obj
 0001:00000c5c       ?Release@?$CComObject@VCOPOSElectronicValueRW@@@ATL@@WBCI@EAAKXZ 0000000180001c5c f i ElectronicValueRW.obj
 0001:00000c68       ?AddRef@?$CComObject@VCOPOSElectronicValueRW@@@ATL@@WBEA@EAAKXZ 0000000180001c68 f i ElectronicValueRW.obj
 0001:00000c74       ?Release@?$CComObject@VCOPOSElectronicValueRW@@@ATL@@WBEA@EAAKXZ 0000000180001c74 f i ElectronicValueRW.obj
 0001:00000c80       ??_E?$CComContainedObject@VCOPOSElectronicValueRW@@@ATL@@W7EAAPEAXI@Z 0000000180001c80 f i ElectronicValueRW.obj
 0001:00000c8c       ??_E?$CComContainedObject@VCOPOSElectronicValueRW@@@ATL@@WHA@EAAPEAXI@Z 0000000180001c8c f i ElectronicValueRW.obj
 0001:00000c98       ?QueryInterface@?$CComContainedObject@VCOPOSElectronicValueRW@@@ATL@@WLI@EAAJAEBU_GUID@@PEAPEAX@Z 0000000180001c98 f i ElectronicValueRW.obj
 0001:00000ca4       ?AddRef@?$CComContainedObject@VCOPOSElectronicValueRW@@@ATL@@WLI@EAAKXZ 0000000180001ca4 f i ElectronicValueRW.obj
 0001:00000cb0       ?Release@?$CComContainedObject@VCOPOSElectronicValueRW@@@ATL@@WLI@EAAKXZ 0000000180001cb0 f i ElectronicValueRW.obj
 0001:00000cbc       ?QueryInterface@?$CComContainedObject@VCOPOSElectronicValueRW@@@ATL@@WMA@EAAJAEBU_GUID@@PEAPEAX@Z 0000000180001cbc f i ElectronicValueRW.obj
 0001:00000cc8       ?AddRef@?$CComContainedObject@VCOPOSElectronicValueRW@@@ATL@@WMA@EAAKXZ 0000000180001cc8 f i ElectronicValueRW.obj
 0001:00000cd4       ?Release@?$CComContainedObject@VCOPOSElectronicValueRW@@@ATL@@WMA@EAAKXZ 0000000180001cd4 f i ElectronicValueRW.obj
 0001:00000ce0       ?QueryInterface@?$CComContainedObject@VCOPOSElectronicValueRW@@@ATL@@WMI@EAAJAEBU_GUID@@PEAPEAX@Z 0000000180001ce0 f i ElectronicValueRW.obj
 0001:00000cec       ?AddRef@?$CComContainedObject@VCOPOSElectronicValueRW@@@ATL@@WMI@EAAKXZ 0000000180001cec f i ElectronicValueRW.obj
 0001:00000cf8       ?Release@?$CComContainedObject@VCOPOSElectronicValueRW@@@ATL@@WMI@EAAKXZ 0000000180001cf8 f i ElectronicValueRW.obj
 0001:00000d04       ?QueryInterface@?$CComContainedObject@VCOPOSElectronicValueRW@@@ATL@@WNA@EAAJAEBU_GUID@@PEAPEAX@Z 0000000180001d04 f i ElectronicValueRW.obj
 0001:00000d10       ?AddRef@?$CComContainedObject@VCOPOSElectronicValueRW@@@ATL@@WNA@EAAKXZ 0000000180001d10 f i ElectronicValueRW.obj
 0001:00000d1c       ?Release@?$CComContainedObject@VCOPOSElectronicValueRW@@@ATL@@WNA@EAAKXZ 0000000180001d1c f i ElectronicValueRW.obj
 0001:00000d28       ?QueryInterface@?$CComContainedObject@VCOPOSElectronicValueRW@@@ATL@@WNI@EAAJAEBU_GUID@@PEAPEAX@Z 0000000180001d28 f i ElectronicValueRW.obj
 0001:00000d34       ?AddRef@?$CComContainedObject@VCOPOSElectronicValueRW@@@ATL@@WNI@EAAKXZ 0000000180001d34 f i ElectronicValueRW.obj
 0001:00000d40       ?Release@?$CComContainedObject@VCOPOSElectronicValueRW@@@ATL@@WNI@EAAKXZ 0000000180001d40 f i ElectronicValueRW.obj
 0001:00000d4c       ?QueryInterface@?$CComContainedObject@VCOPOSElectronicValueRW@@@ATL@@WOA@EAAJAEBU_GUID@@PEAPEAX@Z 0000000180001d4c f i ElectronicValueRW.obj
 0001:00000d58       ?AddRef@?$CComContainedObject@VCOPOSElectronicValueRW@@@ATL@@WOA@EAAKXZ 0000000180001d58 f i ElectronicValueRW.obj
 0001:00000d64       ?Release@?$CComContainedObject@VCOPOSElectronicValueRW@@@ATL@@WOA@EAAKXZ 0000000180001d64 f i ElectronicValueRW.obj
 0001:00000d70       ?QueryInterface@?$CComContainedObject@VCOPOSElectronicValueRW@@@ATL@@WOI@EAAJAEBU_GUID@@PEAPEAX@Z 0000000180001d70 f i ElectronicValueRW.obj
 0001:00000d7c       ?AddRef@?$CComContainedObject@VCOPOSElectronicValueRW@@@ATL@@WOI@EAAKXZ 0000000180001d7c f i ElectronicValueRW.obj
 0001:00000d88       ?Release@?$CComContainedObject@VCOPOSElectronicValueRW@@@ATL@@WOI@EAAKXZ 0000000180001d88 f i ElectronicValueRW.obj
 0001:00000d94       ?QueryInterface@?$CComContainedObject@VCOPOSElectronicValueRW@@@ATL@@WPA@EAAJAEBU_GUID@@PEAPEAX@Z 0000000180001d94 f i ElectronicValueRW.obj
 0001:00000da0       ?AddRef@?$CComContainedObject@VCOPOSElectronicValueRW@@@ATL@@WPA@EAAKXZ 0000000180001da0 f i ElectronicValueRW.obj
 0001:00000dac       ?Release@?$CComContainedObject@VCOPOSElectronicValueRW@@@ATL@@WPA@EAAKXZ 0000000180001dac f i ElectronicValueRW.obj
 0001:00000db8       ?QueryInterface@?$CComContainedObject@VCOPOSElectronicValueRW@@@ATL@@WPI@EAAJAEBU_GUID@@PEAPEAX@Z 0000000180001db8 f i ElectronicValueRW.obj
 0001:00000dc4       ?AddRef@?$CComContainedObject@VCOPOSElectronicValueRW@@@ATL@@WPI@EAAKXZ 0000000180001dc4 f i ElectronicValueRW.obj
 0001:00000dd0       ?Release@?$CComContainedObject@VCOPOSElectronicValueRW@@@ATL@@WPI@EAAKXZ 0000000180001dd0 f i ElectronicValueRW.obj
 0001:00000ddc       ?QueryInterface@?$CComContainedObject@VCOPOSElectronicValueRW@@@ATL@@WBAA@EAAJAEBU_GUID@@PEAPEAX@Z 0000000180001ddc f i ElectronicValueRW.obj
 0001:00000de8       ?AddRef@?$CComContainedObject@VCOPOSElectronicValueRW@@@ATL@@WBAA@EAAKXZ 0000000180001de8 f i ElectronicValueRW.obj
 0001:00000df4       ?Release@?$CComContainedObject@VCOPOSElectronicValueRW@@@ATL@@WBAA@EAAKXZ 0000000180001df4 f i ElectronicValueRW.obj
 0001:00000e00       ?QueryInterface@?$CComContainedObject@VCOPOSElectronicValueRW@@@ATL@@WBAI@EAAJAEBU_GUID@@PEAPEAX@Z 0000000180001e00 f i ElectronicValueRW.obj
 0001:00000e0c       ?AddRef@?$CComContainedObject@VCOPOSElectronicValueRW@@@ATL@@WBAI@EAAKXZ 0000000180001e0c f i ElectronicValueRW.obj
 0001:00000e18       ?Release@?$CComContainedObject@VCOPOSElectronicValueRW@@@ATL@@WBAI@EAAKXZ 0000000180001e18 f i ElectronicValueRW.obj
 0001:00000e24       ?QueryInterface@?$CComContainedObject@VCOPOSElectronicValueRW@@@ATL@@WBBA@EAAJAEBU_GUID@@PEAPEAX@Z 0000000180001e24 f i ElectronicValueRW.obj
 0001:00000e30       ?AddRef@?$CComContainedObject@VCOPOSElectronicValueRW@@@ATL@@WBBA@EAAKXZ 0000000180001e30 f i ElectronicValueRW.obj
 0001:00000e3c       ?Release@?$CComContainedObject@VCOPOSElectronicValueRW@@@ATL@@WBBA@EAAKXZ 0000000180001e3c f i ElectronicValueRW.obj
 0001:00000e48       ?QueryInterface@?$CComContainedObject@VCOPOSElectronicValueRW@@@ATL@@WBBI@EAAJAEBU_GUID@@PEAPEAX@Z 0000000180001e48 f i ElectronicValueRW.obj
 0001:00000e54       ?AddRef@?$CComContainedObject@VCOPOSElectronicValueRW@@@ATL@@WBBI@EAAKXZ 0000000180001e54 f i ElectronicValueRW.obj
 0001:00000e60       ?Release@?$CComContainedObject@VCOPOSElectronicValueRW@@@ATL@@WBBI@EAAKXZ 0000000180001e60 f i ElectronicValueRW.obj
 0001:00000e6c       ?AddRef@?$CComContainedObject@VCOPOSElectronicValueRW@@@ATL@@WBCI@EAAKXZ 0000000180001e6c f i ElectronicValueRW.obj
 0001:00000e78       ?Release@?$CComContainedObject@VCOPOSElectronicValueRW@@@ATL@@WBCI@EAAKXZ 0000000180001e78 f i ElectronicValueRW.obj
 0001:00000e84       ?AddRef@?$CComContainedObject@VCOPOSElectronicValueRW@@@ATL@@WBEA@EAAKXZ 0000000180001e84 f i ElectronicValueRW.obj
 0001:00000e90       ?Release@?$CComContainedObject@VCOPOSElectronicValueRW@@@ATL@@WBEA@EAAKXZ 0000000180001e90 f i ElectronicValueRW.obj
 0001:00000e9c       ?GetTypeInfoCount@?$IDispatchImpl@UIOPOSElectronicValueRW@@$1?IID_IOPOSElectronicValueRW@@3U_GUID@@B$1?LIBID_OposElectronicValueRW_CCO@@3U3@B$00$0A@VCComTypeInfoHolder@ATL@@@ATL@@UEAAJPEAI@Z 0000000180001e9c f i ElectronicValueRW.obj
 0001:00000eb0       ?GetTypeInfo@?$IDispatchImpl@UIOPOSElectronicValueRW@@$1?IID_IOPOSElectronicValueRW@@3U_GUID@@B$1?LIBID_OposElectronicValueRW_CCO@@3U3@B$00$0A@VCComTypeInfoHolder@ATL@@@ATL@@UEAAJIKPEAPEAUITypeInfo@@@Z 0000000180001eb0 f i ElectronicValueRW.obj
 0001:00000f14       ?GetIDsOfNames@?$IDispatchImpl@UIOPOSElectronicValueRW@@$1?IID_IOPOSElectronicValueRW@@3U_GUID@@B$1?LIBID_OposElectronicValueRW_CCO@@3U3@B$00$0A@VCComTypeInfoHolder@ATL@@@ATL@@UEAAJAEBU_GUID@@PEAPEA_WIKPEAJ@Z 0000000180001f14 f i ElectronicValueRW.obj
 0001:00000f20       ?Invoke@?$IDispatchImpl@UIOPOSElectronicValueRW@@$1?IID_IOPOSElectronicValueRW@@3U_GUID@@B$1?LIBID_OposElectronicValueRW_CCO@@3U3@B$00$0A@VCComTypeInfoHolder@ATL@@@ATL@@UEAAJJAEBU_GUID@@KGPEAUtagDISPPARAMS@@PEAUtagVARIANT@@PEAUtagEXCEPINFO@@PEAI@Z 0000000180001f20 f i ElectronicValueRW.obj
 0001:00000fb0       ?CreateControlWindow@?$CComControl@VCOPOSElectronicValueRW@@V?$CWindowImpl@VCOPOSElectronicValueRW@@VCWindow@ATL@@V?$CWinTraits@$0FGAAAAAA@$0A@@3@@ATL@@@ATL@@UEAAPEAUHWND__@@PEAU3@AEAUtagRECT@@@Z 0000000180001fb0 f i ElectronicValueRW.obj
 0001:00000fe8       ?ControlQueryInterface@?$CComControl@VCOPOSElectronicValueRW@@V?$CWindowImpl@VCOPOSElectronicValueRW@@VCWindow@ATL@@V?$CWinTraits@$0FGAAAAAA@$0A@@3@@ATL@@@ATL@@UEAAJAEBU_GUID@@PEAPEAX@Z 0000000180001fe8 f i ElectronicValueRW.obj
 0001:00000ffc       ?GetUserClassID@?$IOleObjectImpl@VCOPOSElectronicValueRW@@@ATL@@UEAAJPEAU_GUID@@@Z 0000000180001ffc f i ElectronicValueRW.obj
 0001:00000ffc       ?GetClassID@?$IPersistStreamInitImpl@VCOPOSElectronicValueRW@@@ATL@@UEAAJPEAU_GUID@@@Z 0000000180001ffc f i ElectronicValueRW.obj
 0001:00000ffc       ?GetClassID@?$IPersistStorageImpl@VCOPOSElectronicValueRW@@@ATL@@UEAAJPEAU_GUID@@@Z 0000000180001ffc f i ElectronicValueRW.obj
 0001:00001018       ?IsDirty@?$IPersistStreamInitImpl@VCOPOSElectronicValueRW@@@ATL@@UEAAJXZ 0000000180002018 f i ElectronicValueRW.obj
 0001:00001034       ?Load@?$IPersistStreamInitImpl@VCOPOSElectronicValueRW@@@ATL@@UEAAJPEAUIStream@@@Z 0000000180002034 f i ElectronicValueRW.obj
 0001:0000104c       ?Save@?$IPersistStreamInitImpl@VCOPOSElectronicValueRW@@@ATL@@UEAAJPEAUIStream@@H@Z 000000018000204c f i ElectronicValueRW.obj
 0001:00001064       ?GetSizeMax@?$IPersistStreamInitImpl@VCOPOSElectronicValueRW@@@ATL@@UEAAJPEAT_ULARGE_INTEGER@@@Z 0000000180002064 f i ElectronicValueRW.obj
 0001:00001290       ?InitNew@?$IPersistStreamInitImpl@VCOPOSElectronicValueRW@@@ATL@@UEAAJXZ 0000000180002290 f i ElectronicValueRW.obj
 0001:000012a8       ?GetClipboardData@?$IOleObjectImpl@VCOPOSElectronicValueRW@@@ATL@@UEAAJKPEAPEAUIDataObject@@@Z 00000001800022a8 f i ElectronicValueRW.obj
 0001:000012a8       ?SetData@?$IDataObjectImpl@VCOPOSElectronicValueRW@@@ATL@@UEAAJPEAUtagFORMATETC@@PEAUtagSTGMEDIUM@@H@Z 00000001800022a8 f i ElectronicValueRW.obj
 0001:000012a8       ?GetMoniker@?$IOleObjectImpl@VCOPOSElectronicValueRW@@@ATL@@UEAAJKKPEAPEAUIMoniker@@@Z 00000001800022a8 f i ElectronicValueRW.obj
 0001:000012a8       ?QueryInterface@CRegObject@ATL@@UEAAJAEBU_GUID@@PEAPEAX@Z 00000001800022a8 f i ElectronicValueRW.obj
 0001:000012a8       ?OnMnemonic@?$IOleControlImpl@VCOPOSElectronicValueRW@@@ATL@@UEAAJPEAUtagMSG@@@Z 00000001800022a8 f i ElectronicValueRW.obj
 0001:000012a8       ?GetCanonicalFormatEtc@?$IDataObjectImpl@VCOPOSElectronicValueRW@@@ATL@@UEAAJPEAUtagFORMATETC@@0@Z 00000001800022a8 f i ElectronicValueRW.obj
 0001:000012a8       ?SetColorScheme@?$IOleObjectImpl@VCOPOSElectronicValueRW@@@ATL@@UEAAJPEAUtagLOGPALETTE@@@Z 00000001800022a8 f i ElectronicValueRW.obj
 0001:000012a8       ?GetRect@?$IViewObjectExImpl@VCOPOSElectronicValueRW@@@ATL@@UEAAJKPEAU_RECTL@@@Z 00000001800022a8 f i ElectronicValueRW.obj
 0001:000012a8       ?Freeze@?$IViewObjectExImpl@VCOPOSElectronicValueRW@@@ATL@@UEAAJKJPEAXPEAK@Z 00000001800022a8 f i ElectronicValueRW.obj
 0001:000012a8       ?SetMoniker@?$IOleObjectImpl@VCOPOSElectronicValueRW@@@ATL@@UEAAJKPEAUIMoniker@@@Z 00000001800022a8 f i ElectronicValueRW.obj
 0001:000012a8       ?GetDataHere@?$IDataObjectImpl@VCOPOSElectronicValueRW@@@ATL@@UEAAJPEAUtagFORMATETC@@PEAUtagSTGMEDIUM@@@Z 00000001800022a8 f i ElectronicValueRW.obj
 0001:000012a8       ?EnumFormatEtc@?$IDataObjectImpl@VCOPOSElectronicValueRW@@@ATL@@UEAAJKPEAPEAUIEnumFORMATETC@@@Z 00000001800022a8 f i ElectronicValueRW.obj
 0001:000012a8       ?GetColorSet@?$IViewObjectExImpl@VCOPOSElectronicValueRW@@@ATL@@UEAAJKJPEAXPEAUtagDVTARGETDEVICE@@PEAUHDC__@@PEAPEAUtagLOGPALETTE@@@Z 00000001800022a8 f i ElectronicValueRW.obj
 0001:000012a8       ?QueryGetData@?$IDataObjectImpl@VCOPOSElectronicValueRW@@@ATL@@UEAAJPEAUtagFORMATETC@@@Z 00000001800022a8 f i ElectronicValueRW.obj
 0001:000012a8       ?ReactivateAndUndo@?$IOleInPlaceObjectWindowlessImpl@VCOPOSElectronicValueRW@@@ATL@@UEAAJXZ 00000001800022a8 f i ElectronicValueRW.obj
 0001:000012a8       ?InitFromData@?$IOleObjectImpl@VCOPOSElectronicValueRW@@@ATL@@UEAAJPEAUIDataObject@@HK@Z 00000001800022a8 f i ElectronicValueRW.obj
 0001:000012a8       ?ContextSensitiveHelp@?$IOleInPlaceActiveObjectImpl@VCOPOSElectronicValueRW@@@ATL@@UEAAJH@Z 00000001800022a8 f i ElectronicValueRW.obj
 0001:000012a8       ?GetDropTarget@?$IOleInPlaceObjectWindowlessImpl@VCOPOSElectronicValueRW@@@ATL@@UEAAJPEAPEAUIDropTarget@@@Z 00000001800022a8 f i ElectronicValueRW.obj
 0001:000012a8       ?ContextSensitiveHelp@?$IOleInPlaceObjectWindowlessImpl@VCOPOSElectronicValueRW@@@ATL@@UEAAJH@Z 00000001800022a8 f i ElectronicValueRW.obj
 0001:000012a8       ?GetControlInfo@?$IOleControlImpl@VCOPOSElectronicValueRW@@@ATL@@UEAAJPEAUtagCONTROLINFO@@@Z 00000001800022a8 f i ElectronicValueRW.obj
 0001:000012a8       ?Unfreeze@?$IViewObjectExImpl@VCOPOSElectronicValueRW@@@ATL@@UEAAJK@Z 00000001800022a8 f i ElectronicValueRW.obj
 0001:000012b0       ?SaveCompleted@?$IPersistStorageImpl@VCOPOSElectronicValueRW@@@ATL@@UEAAJPEAUIStorage@@@Z 00000001800022b0 f i ElectronicValueRW.obj
 0001:000012b0       ?Update@?$IOleObjectImpl@VCOPOSElectronicValueRW@@@ATL@@UEAAJXZ 00000001800022b0 f i ElectronicValueRW.obj
 0001:000012b0       ?GetObjectDescription@?$CComCoClass@VCOPOSElectronicValueRW@@$1?CLSID_OPOSElectronicValueRW@@3U_GUID@@B@ATL@@SAPEB_WXZ 00000001800022b0 f i ElectronicValueRW.obj
 0001:000012b0       ?GetCategoryMap@CComObjectRootBase@ATL@@SAPEBU_ATL_CATMAP_ENTRY@2@XZ 00000001800022b0 f i ElectronicValueRW.obj
 0001:000012b0       ?EnableModeless@?$IOleInPlaceActiveObjectImpl@VCOPOSElectronicValueRW@@@ATL@@UEAAJH@Z 00000001800022b0 f i ElectronicValueRW.obj
 0001:000012b0       ?OnFrameWindowActivate@?$IOleInPlaceActiveObjectImpl@VCOPOSElectronicValueRW@@@ATL@@UEAAJH@Z 00000001800022b0 f i ElectronicValueRW.obj
 0001:000012b0       ?ResizeBorder@?$IOleInPlaceActiveObjectImpl@VCOPOSElectronicValueRW@@@ATL@@UEAAJPEBUtagRECT@@PEAUIOleInPlaceUIWindow@@H@Z 00000001800022b0 f i ElectronicValueRW.obj
 0001:000012b0       ?Release@CRegObject@ATL@@UEAAKXZ 00000001800022b0 f i ElectronicValueRW.obj
 0001:000012b0       ?OnAmbientPropertyChange@?$IOleControlImpl@VCOPOSElectronicValueRW@@@ATL@@UEAAJJ@Z 00000001800022b0 f i ElectronicValueRW.obj
 0001:000012b0       ?HandsOffStorage@?$IPersistStorageImpl@VCOPOSElectronicValueRW@@@ATL@@UEAAJXZ 00000001800022b0 f i ElectronicValueRW.obj
 0001:000012b0       ?IsUpToDate@?$IOleObjectImpl@VCOPOSElectronicValueRW@@@ATL@@UEAAJXZ 00000001800022b0 f i ElectronicValueRW.obj
 0001:000012b0       ?SetHostNames@?$IOleObjectImpl@VCOPOSElectronicValueRW@@@ATL@@UEAAJPEB_W0@Z 00000001800022b0 f i ElectronicValueRW.obj
 0001:000012b4       ?SetClientSite@?$IOleObjectImpl@VCOPOSElectronicValueRW@@@ATL@@UEAAJPEAUIOleClientSite@@@Z 00000001800022b4 f i ElectronicValueRW.obj
 0001:000012d0       ?GetClientSite@?$IOleObjectImpl@VCOPOSElectronicValueRW@@@ATL@@UEAAJPEAPEAUIOleClientSite@@@Z 00000001800022d0 f i ElectronicValueRW.obj
 0001:00001318       ?Close@?$IOleObjectImpl@VCOPOSElectronicValueRW@@@ATL@@UEAAJK@Z 0000000180002318 f i ElectronicValueRW.obj
 0001:00001334       ?DoVerb@?$IOleObjectImpl@VCOPOSElectronicValueRW@@@ATL@@UEAAJJPEAUtagMSG@@PEAUIOleClientSite@@JPEAUHWND__@@PEBUtagRECT@@@Z 0000000180002334 f i ElectronicValueRW.obj
 0001:000014d8       ?EnumVerbs@?$IOleObjectImpl@VCOPOSElectronicValueRW@@@ATL@@UEAAJPEAPEAUIEnumOLEVERB@@@Z 00000001800024d8 f i ElectronicValueRW.obj
 0001:000014f4       ?GetUserType@?$IOleObjectImpl@VCOPOSElectronicValueRW@@@ATL@@UEAAJKPEAPEA_W@Z 00000001800024f4 f i ElectronicValueRW.obj
 0001:00001504       ?SetExtent@?$IOleObjectImpl@VCOPOSElectronicValueRW@@@ATL@@UEAAJKPEAUtagSIZE@@@Z 0000000180002504 f i ElectronicValueRW.obj
 0001:00001520       ?GetExtent@?$IOleObjectImpl@VCOPOSElectronicValueRW@@@ATL@@UEAAJKPEAUtagSIZE@@@Z 0000000180002520 f i ElectronicValueRW.obj
 0001:00001550       ?Advise@?$IOleObjectImpl@VCOPOSElectronicValueRW@@@ATL@@UEAAJPEAUIAdviseSink@@PEAK@Z 0000000180002550 f i ElectronicValueRW.obj
 0001:000015ac       ?Unadvise@?$IOleObjectImpl@VCOPOSElectronicValueRW@@@ATL@@UEAAJK@Z 00000001800025ac f i ElectronicValueRW.obj
 0001:000015e4       ?EnumAdvise@?$IOleObjectImpl@VCOPOSElectronicValueRW@@@ATL@@UEAAJPEAPEAUIEnumSTATDATA@@@Z 00000001800025e4 f i ElectronicValueRW.obj
 0001:0000162c       ?GetMiscStatus@?$IOleObjectImpl@VCOPOSElectronicValueRW@@@ATL@@UEAAJKPEAK@Z 000000018000262c f i ElectronicValueRW.obj
 0001:0000163c       ?GetWindow@?$IOleInPlaceActiveObjectImpl@VCOPOSElectronicValueRW@@@ATL@@UEAAJPEAPEAUHWND__@@@Z 000000018000263c f i ElectronicValueRW.obj
 0001:00001690       ?TranslateAcceleratorW@?$IOleInPlaceActiveObjectImpl@VCOPOSElectronicValueRW@@@ATL@@UEAAJPEAUtagMSG@@@Z 0000000180002690 f i ElectronicValueRW.obj
 0001:00001784       ?OnDocWindowActivate@?$IOleInPlaceActiveObjectImpl@VCOPOSElectronicValueRW@@@ATL@@UEAAJH@Z 0000000180002784 f i ElectronicValueRW.obj
 0001:000017b0       ?Draw@?$IViewObjectExImpl@VCOPOSElectronicValueRW@@@ATL@@UEAAJKJPEAXPEAUtagDVTARGETDEVICE@@PEAUHDC__@@2PEBU_RECTL@@3P6AH_K@Z4@Z 00000001800027b0 f i ElectronicValueRW.obj
 0001:00001814       ?Lock@CAtlModule@ATL@@UEAAJXZ 0000000180002814 f i ElectronicValueRW.obj
 0001:00001824       ?Unlock@CAtlModule@ATL@@UEAAJXZ 0000000180002824 f i ElectronicValueRW.obj
 0001:00001830       ?GetLockCount@CAtlModule@ATL@@UEAAJXZ 0000000180002830 f i ElectronicValueRW.obj
 0001:00001834       ?GetGITPtr@CAtlModule@ATL@@UEAAJPEAPEAUIGlobalInterfaceTable@@@Z 0000000180002834 f i ElectronicValueRW.obj
 0001:000018a4       ?SetAdvise@?$IViewObjectExImpl@VCOPOSElectronicValueRW@@@ATL@@UEAAJKKPEAUIAdviseSink@@@Z 00000001800028a4 f i ElectronicValueRW.obj
 0001:000018f8       ?GetAdvise@?$IViewObjectExImpl@VCOPOSElectronicValueRW@@@ATL@@UEAAJPEAK0PEAPEAUIAdviseSink@@@Z 00000001800028f8 f i ElectronicValueRW.obj
 0001:00001934       ?GetExtent@?$IViewObjectExImpl@VCOPOSElectronicValueRW@@@ATL@@UEAAJKJPEAUtagDVTARGETDEVICE@@PEAUtagSIZE@@@Z 0000000180002934 f i ElectronicValueRW.obj
 0001:00001964       ?GetViewStatus@?$IViewObjectExImpl@VCOPOSElectronicValueRW@@@ATL@@UEAAJPEAK@Z 0000000180002964 f i ElectronicValueRW.obj
 0001:00001978       ?QueryHitPoint@?$IViewObjectExImpl@VCOPOSElectronicValueRW@@@ATL@@UEAAJKPEBUtagRECT@@UtagPOINT@@JPEAK@Z 0000000180002978 f i ElectronicValueRW.obj
 0001:000019bc       ?QueryHitRect@?$IViewObjectExImpl@VCOPOSElectronicValueRW@@@ATL@@UEAAJKPEBUtagRECT@@0JPEAK@Z 00000001800029bc f i ElectronicValueRW.obj
 0001:00001a24       ?GetNaturalExtent@?$IViewObjectExImpl@VCOPOSElectronicValueRW@@@ATL@@UEAAJKJPEAUtagDVTARGETDEVICE@@PEAUHDC__@@PEAUtagExtentInfo@@PEAUtagSIZE@@@Z 0000000180002a24 f i ElectronicValueRW.obj
 0001:00001a6c       ?GetWindow@?$IOleInPlaceObjectWindowlessImpl@VCOPOSElectronicValueRW@@@ATL@@UEAAJPEAPEAUHWND__@@@Z 0000000180002a6c f i ElectronicValueRW.obj
 0001:00001ac0       ?InPlaceDeactivate@?$IOleInPlaceObjectWindowlessImpl@VCOPOSElectronicValueRW@@@ATL@@UEAAJXZ 0000000180002ac0 f i ElectronicValueRW.obj
 0001:00001adc       ?UIDeactivate@?$IOleInPlaceObjectWindowlessImpl@VCOPOSElectronicValueRW@@@ATL@@UEAAJXZ 0000000180002adc f i ElectronicValueRW.obj
 0001:00001af8       ?SetObjectRects@?$IOleInPlaceObjectWindowlessImpl@VCOPOSElectronicValueRW@@@ATL@@UEAAJPEBUtagRECT@@0@Z 0000000180002af8 f i ElectronicValueRW.obj
 0001:00001b14       ?OnWindowMessage@?$IOleInPlaceObjectWindowlessImpl@VCOPOSElectronicValueRW@@@ATL@@UEAAJI_K_JPEA_J@Z 0000000180002b14 f i ElectronicValueRW.obj
 0001:00001bdc       ?EnumConnectionPoints@?$IConnectionPointContainerImpl@VCOPOSElectronicValueRW@@@ATL@@UEAAJPEAPEAUIEnumConnectionPoints@@@Z 0000000180002bdc f i ElectronicValueRW.obj
 0001:00001e28       ?FindConnectionPoint@?$IConnectionPointContainerImpl@VCOPOSElectronicValueRW@@@ATL@@UEAAJAEBU_GUID@@PEAPEAUIConnectionPoint@@@Z 0000000180002e28 f i ElectronicValueRW.obj
 0001:00001ef8       ?IsDirty@?$IPersistStorageImpl@VCOPOSElectronicValueRW@@@ATL@@UEAAJXZ 0000000180002ef8 f i ElectronicValueRW.obj
 0001:00001f38       ?InitNew@?$IPersistStorageImpl@VCOPOSElectronicValueRW@@@ATL@@UEAAJPEAUIStorage@@@Z 0000000180002f38 f i ElectronicValueRW.obj
 0001:00001f78       ?Load@?$IPersistStorageImpl@VCOPOSElectronicValueRW@@@ATL@@UEAAJPEAUIStorage@@@Z 0000000180002f78 f i ElectronicValueRW.obj
 0001:00002018       ?Save@?$IPersistStorageImpl@VCOPOSElectronicValueRW@@@ATL@@UEAAJPEAUIStorage@@H@Z 0000000180003018 f i ElectronicValueRW.obj
 0001:000020c8       ?GetPages@?$ISpecifyPropertyPagesImpl@VCOPOSElectronicValueRW@@@ATL@@UEAAJPEAUtagCAUUID@@@Z 00000001800030c8 f i ElectronicValueRW.obj
 0001:000020d4       ?QuickActivate@?$IQuickActivateImpl@VCOPOSElectronicValueRW@@@ATL@@UEAAJPEAUtagQACONTAINER@@PEAUtagQACONTROL@@@Z 00000001800030d4 f i ElectronicValueRW.obj
 0001:000020f0       ?SetContentExtent@?$IQuickActivateImpl@VCOPOSElectronicValueRW@@@ATL@@UEAAJPEAUtagSIZE@@@Z 00000001800030f0 f i ElectronicValueRW.obj
 0001:00002124       ?GetContentExtent@?$IQuickActivateImpl@VCOPOSElectronicValueRW@@@ATL@@UEAAJPEAUtagSIZE@@@Z 0000000180003124 f i ElectronicValueRW.obj
 0001:0000215c       ?GetData@?$IDataObjectImpl@VCOPOSElectronicValueRW@@@ATL@@UEAAJPEAUtagFORMATETC@@PEAUtagSTGMEDIUM@@@Z 000000018000315c f i ElectronicValueRW.obj
 0001:00002178       ?DAdvise@?$IDataObjectImpl@VCOPOSElectronicValueRW@@@ATL@@UEAAJPEAUtagFORMATETC@@KPEAUIAdviseSink@@PEAK@Z 0000000180003178 f i ElectronicValueRW.obj
 0001:00002200       ?DUnadvise@?$IDataObjectImpl@VCOPOSElectronicValueRW@@@ATL@@UEAAJK@Z 0000000180003200 f i ElectronicValueRW.obj
 0001:0000222c       ?EnumDAdvise@?$IDataObjectImpl@VCOPOSElectronicValueRW@@@ATL@@UEAAJPEAPEAUIEnumSTATDATA@@@Z 000000018000322c f i ElectronicValueRW.obj
 0001:00002268       ?GetClassInfoW@?$IProvideClassInfo2Impl@$1?CLSID_OPOSElectronicValueRW@@3U_GUID@@B$1?DIID__IOPOSElectronicValueRWEvents@@3U2@B$1?LIBID_OposElectronicValueRW_CCO@@3U2@B$00$0A@VCComTypeInfoHolder@ATL@@@ATL@@UEAAJPEAPEAUITypeInfo@@@Z 0000000180003268 f i ElectronicValueRW.obj
 0001:000022c0       ?GetGUID@?$IProvideClassInfo2Impl@$1?CLSID_OPOSElectronicValueRW@@3U_GUID@@B$1?DIID__IOPOSElectronicValueRWEvents@@3U2@B$1?LIBID_OposElectronicValueRW_CCO@@3U2@B$00$0A@VCComTypeInfoHolder@ATL@@@ATL@@UEAAJKPEAU_GUID@@@Z 00000001800032c0 f i ElectronicValueRW.obj
 0001:000022f4       _get_startup_argv_mode     00000001800032f4 f i LIBCMT:argv_mode.obj
 0001:000022f4       ?AddRef@CRegObject@ATL@@UEAAKXZ 00000001800032f4 f i ElectronicValueRW.obj
 0001:000022f4       ?FAccessAllowed@?$IObjectSafetyImpl@VCOPOSElectronicValueRW@@$02@ATL@@MEAAHXZ 00000001800032f4 f i ElectronicValueRW.obj
 0001:000022fc       ?GetInterfaceSafetyOptions@?$IObjectSafetyImpl@VCOPOSElectronicValueRW@@$02@ATL@@UEAAJAEBU_GUID@@PEAK1@Z 00000001800032fc f i ElectronicValueRW.obj
 0001:00002390       ?SetInterfaceSafetyOptions@?$IObjectSafetyImpl@VCOPOSElectronicValueRW@@$02@ATL@@UEAAJAEBU_GUID@@KK@Z 0000000180003390 f i ElectronicValueRW.obj
 0001:00002434       ?AddCommonRGSReplacements@?$CAtlModuleT@VCComModule@ATL@@@ATL@@UEAAJPEAUIRegistrarBase@@@Z 0000000180003434 f i ElectronicValueRW.obj
 0001:0000244c       ?_LocCPQueryInterface@?$IConnectionPointImpl@VCOPOSElectronicValueRW@@$1?DIID__IOPOSElectronicValueRWEvents@@3U_GUID@@BVCComDynamicUnkArray@ATL@@@ATL@@UEAAJAEBU_GUID@@PEAPEAX@Z 000000018000344c f i ElectronicValueRW.obj
 0001:0000244c       ?_LocCPQueryInterface@?$IConnectionPointImpl@VCOPOSElectronicValueRW@@$1?IID_IPropertyNotifySink@@3U_GUID@@BVCComDynamicUnkArray@ATL@@@ATL@@UEAAJAEBU_GUID@@PEAPEAX@Z 000000018000344c f i ElectronicValueRW.obj
 0001:000024bc       ?GetConnectionInterface@?$IConnectionPointImpl@VCOPOSElectronicValueRW@@$1?IID_IPropertyNotifySink@@3U_GUID@@BVCComDynamicUnkArray@ATL@@@ATL@@UEAAJPEAU_GUID@@@Z 00000001800034bc f i ElectronicValueRW.obj
 0001:000024d8       ?GetConnectionPointContainer@?$IConnectionPointImpl@VCOPOSElectronicValueRW@@$1?IID_IPropertyNotifySink@@3U_GUID@@BVCComDynamicUnkArray@ATL@@@ATL@@UEAAJPEAPEAUIConnectionPointContainer@@@Z 00000001800034d8 f i ElectronicValueRW.obj
 0001:000024f8       ?Advise@?$IConnectionPointImpl@VCOPOSElectronicValueRW@@$1?DIID__IOPOSElectronicValueRWEvents@@3U_GUID@@BVCComDynamicUnkArray@ATL@@@ATL@@UEAAJPEAUIUnknown@@PEAK@Z 00000001800034f8 f i ElectronicValueRW.obj
 0001:000024f8       ?Advise@?$IConnectionPointImpl@VCOPOSElectronicValueRW@@$1?IID_IPropertyNotifySink@@3U_GUID@@BVCComDynamicUnkArray@ATL@@@ATL@@UEAAJPEAUIUnknown@@PEAK@Z 00000001800034f8 f i ElectronicValueRW.obj
 0001:000025b4       ?Unadvise@?$IConnectionPointImpl@VCOPOSElectronicValueRW@@$1?IID_IPropertyNotifySink@@3U_GUID@@BVCComDynamicUnkArray@ATL@@@ATL@@UEAAJK@Z 00000001800035b4 f i ElectronicValueRW.obj
 0001:000025b4       ?Unadvise@?$IConnectionPointImpl@VCOPOSElectronicValueRW@@$1?DIID__IOPOSElectronicValueRWEvents@@3U_GUID@@BVCComDynamicUnkArray@ATL@@@ATL@@UEAAJK@Z 00000001800035b4 f i ElectronicValueRW.obj
 0001:0000261c       ?EnumConnections@?$IConnectionPointImpl@VCOPOSElectronicValueRW@@$1?IID_IPropertyNotifySink@@3U_GUID@@BVCComDynamicUnkArray@ATL@@@ATL@@UEAAJPEAPEAUIEnumConnections@@@Z 000000018000361c f i ElectronicValueRW.obj
 0001:0000261c       ?EnumConnections@?$IConnectionPointImpl@VCOPOSElectronicValueRW@@$1?DIID__IOPOSElectronicValueRWEvents@@3U_GUID@@BVCComDynamicUnkArray@ATL@@@ATL@@UEAAJPEAPEAUIEnumConnections@@@Z 000000018000361c f i ElectronicValueRW.obj
 0001:000027c8       ?UpdateRegistryFromResourceD@CComModule@ATL@@UEAAJPEB_WHPEAU_ATL_REGMAP_ENTRY@2@@Z 00000001800037c8 f i ElectronicValueRW.obj
 0001:000027c8       ?UpdateRegistryFromResourceD@CComModule@ATL@@UEAAJIHPEAU_ATL_REGMAP_ENTRY@2@@Z 00000001800037c8 f i ElectronicValueRW.obj
 0001:000027d0       ?UpdateRegistryFromResource@CComModule@ATL@@UEAAJPEB_WHPEAU_ATL_REGMAP_ENTRY@2@@Z 00000001800037d0 f i ElectronicValueRW.obj
 0001:000027d8       ?UpdateRegistryFromResource@CComModule@ATL@@UEAAJIHPEAU_ATL_REGMAP_ENTRY@2@@Z 00000001800037d8 f i ElectronicValueRW.obj
 0001:000027e0       ??_GCComModule@ATL@@UEAAPEAXI@Z 00000001800037e0 f i ElectronicValueRW.obj
 0001:000027e0       ??_ECComModule@ATL@@UEAAPEAXI@Z 00000001800037e0 f i ElectronicValueRW.obj
 0001:00002820       ?GetConnectionInterface@?$IConnectionPointImpl@VCOPOSElectronicValueRW@@$1?DIID__IOPOSElectronicValueRWEvents@@3U_GUID@@BVCComDynamicUnkArray@ATL@@@ATL@@UEAAJPEAU_GUID@@@Z 0000000180003820 f i ElectronicValueRW.obj
 0001:0000283c       ?GetConnectionPointContainer@?$IConnectionPointImpl@VCOPOSElectronicValueRW@@$1?DIID__IOPOSElectronicValueRWEvents@@3U_GUID@@BVCComDynamicUnkArray@ATL@@@ATL@@UEAAJPEAPEAUIConnectionPointContainer@@@Z 000000018000383c f i ElectronicValueRW.obj
 0001:0000285c       ?UpdateRegistry@COPOSElectronicValueRW@@SAJH@Z 000000018000385c f i ElectronicValueRW.obj
 0001:00002874       ?ProcessWindowMessage@COPOSElectronicValueRW@@UEAAHPEAUHWND__@@I_K_JAEA_JK@Z 0000000180003874 f i ElectronicValueRW.obj
 0001:000028fc       ?SOData@COPOSElectronicValueRW@@MEAAJJ@Z 00000001800038fc f i ElectronicValueRW.obj
 0001:0000294c       ?SODirectIO@COPOSElectronicValueRW@@MEAAJJPEAJPEAPEA_W@Z 000000018000394c f i ElectronicValueRW.obj
 0001:000029c4       ?SOError@COPOSElectronicValueRW@@MEAAJJJJPEAJ@Z 00000001800039c4 f i ElectronicValueRW.obj
 0001:00002a4c       ?SOOutputComplete@COPOSElectronicValueRW@@MEAAJJ@Z 0000000180003a4c f i ElectronicValueRW.obj
 0001:00002a9c       ?SOStatusUpdate@COPOSElectronicValueRW@@MEAAJJ@Z 0000000180003a9c f i ElectronicValueRW.obj
 0001:00002aec       ?SOTransition@COPOSElectronicValueRW@@MEAAJJPEAJPEAPEA_W@Z 0000000180003aec f i ElectronicValueRW.obj
 0001:00002b64       ?CreateInstance@?$CComCreator@V?$CComObjectCached@VCComClassFactory@ATL@@@ATL@@@ATL@@SAJPEAXAEBU_GUID@@PEAPEAX@Z 0000000180003b64 f i ElectronicValueRW.obj
 0001:00002c88       ?CreateInstance@?$CComCreator2@V?$CComCreator@V?$CComObject@VCOPOSElectronicValueRW@@@ATL@@@ATL@@V?$CComCreator@V?$CComAggObject@VCOPOSElectronicValueRW@@@ATL@@@2@@ATL@@SAJPEAXAEBU_GUID@@PEAPEAX@Z 0000000180003c88 f i ElectronicValueRW.obj
 0001:00002c98       ?AddRef@?$CComObjectCached@VCComClassFactory@ATL@@@ATL@@UEAAKXZ 0000000180003c98 f i ElectronicValueRW.obj
 0001:00002cc4       ?Release@?$CComObjectCached@VCComClassFactory@ATL@@@ATL@@UEAAKXZ 0000000180003cc4 f i ElectronicValueRW.obj
 0001:00002d04       ?QueryInterface@?$CComObjectCached@VCComClassFactory@ATL@@@ATL@@UEAAJAEBU_GUID@@PEAPEAX@Z 0000000180003d04 f i ElectronicValueRW.obj
 0001:00002d18       ??_G?$CComObjectCached@VCComClassFactory@ATL@@@ATL@@UEAAPEAXI@Z 0000000180003d18 f i ElectronicValueRW.obj
 0001:00002d18       ??_E?$CComObjectCached@VCComClassFactory@ATL@@@ATL@@UEAAPEAXI@Z 0000000180003d18 f i ElectronicValueRW.obj
 0001:00002d70       ?AddReplacement@CRegObject@ATL@@UEAAJPEB_W0@Z 0000000180003d70 f i ElectronicValueRW.obj
 0001:00002da0       ?ClearReplacements@CRegObject@ATL@@UEAAJXZ 0000000180003da0 f i ElectronicValueRW.obj
 0001:00002dac       ??_GCRegObject@ATL@@UEAAPEAXI@Z 0000000180003dac f i ElectronicValueRW.obj
 0001:00002dac       ??_ECRegObject@ATL@@UEAAPEAXI@Z 0000000180003dac f i ElectronicValueRW.obj
 0001:00002e2c       ?Next@?$CComEnumImpl@UIEnumConnectionPoints@@$1?_GUID_b196b285_bab4_101a_b69c_00aa00341d07@@3U__s_GUID@@BPEAUIConnectionPoint@@V?$_CopyInterface@UIConnectionPoint@@@ATL@@@ATL@@UEAAJKPEAPEAUIConnectionPoint@@PEAK@Z 0000000180003e2c f i ElectronicValueRW.obj
 0001:00002ef8       ?Skip@?$CComEnumImpl@UIEnumConnectionPoints@@$1?_GUID_b196b285_bab4_101a_b69c_00aa00341d07@@3U__s_GUID@@BPEAUIConnectionPoint@@V?$_CopyInterface@UIConnectionPoint@@@ATL@@@ATL@@UEAAJK@Z 0000000180003ef8 f i ElectronicValueRW.obj
 0001:00002f24       ?Reset@?$CComEnumImpl@UIEnumConnectionPoints@@$1?_GUID_b196b285_bab4_101a_b69c_00aa00341d07@@3U__s_GUID@@BPEAUIConnectionPoint@@V?$_CopyInterface@UIConnectionPoint@@@ATL@@@ATL@@UEAAJXZ 0000000180003f24 f i ElectronicValueRW.obj
 0001:00002f24       ?Reset@?$CComEnumImpl@UIEnumConnections@@$1?_GUID_b196b287_bab4_101a_b69c_00aa00341d07@@3U__s_GUID@@BUtagCONNECTDATA@@V?$_Copy@UtagCONNECTDATA@@@ATL@@@ATL@@UEAAJXZ 0000000180003f24 f i ElectronicValueRW.obj
 0001:00002f30       ?Clone@?$CComEnumImpl@UIEnumConnectionPoints@@$1?_GUID_b196b285_bab4_101a_b69c_00aa00341d07@@3U__s_GUID@@BPEAUIConnectionPoint@@V?$_CopyInterface@UIConnectionPoint@@@ATL@@@ATL@@UEAAJPEAPEAUIEnumConnectionPoints@@@Z 0000000180003f30 f i ElectronicValueRW.obj
 0001:0000305c       ?AddRef@?$CComObject@V?$CComEnum@UIEnumConnections@@$1?_GUID_b196b287_bab4_101a_b69c_00aa00341d07@@3U__s_GUID@@BUtagCONNECTDATA@@V?$_Copy@UtagCONNECTDATA@@@ATL@@VCComSingleThreadModel@6@@ATL@@@ATL@@UEAAKXZ 000000018000405c f i ElectronicValueRW.obj
 0001:0000305c       ?AddRef@?$CComObject@V?$CComEnum@UIEnumConnectionPoints@@$1?_GUID_b196b285_bab4_101a_b69c_00aa00341d07@@3U__s_GUID@@BPEAUIConnectionPoint@@V?$_CopyInterface@UIConnectionPoint@@@ATL@@VCComSingleThreadModel@6@@ATL@@@ATL@@UEAAKXZ 000000018000405c f i ElectronicValueRW.obj
 0001:00003068       ?Release@?$CComObject@V?$CComEnum@UIEnumConnections@@$1?_GUID_b196b287_bab4_101a_b69c_00aa00341d07@@3U__s_GUID@@BUtagCONNECTDATA@@V?$_Copy@UtagCONNECTDATA@@@ATL@@VCComSingleThreadModel@6@@ATL@@@ATL@@UEAAKXZ 0000000180004068 f i ElectronicValueRW.obj
 0001:00003068       ?Release@?$CComObject@V?$CComEnum@UIEnumConnectionPoints@@$1?_GUID_b196b285_bab4_101a_b69c_00aa00341d07@@3U__s_GUID@@BPEAUIConnectionPoint@@V?$_CopyInterface@UIConnectionPoint@@@ATL@@VCComSingleThreadModel@6@@ATL@@@ATL@@UEAAKXZ 0000000180004068 f i ElectronicValueRW.obj
 0001:000030bc       ?QueryInterface@?$CComObject@V?$CComEnum@UIEnumConnectionPoints@@$1?_GUID_b196b285_bab4_101a_b69c_00aa00341d07@@3U__s_GUID@@BPEAUIConnectionPoint@@V?$_CopyInterface@UIConnectionPoint@@@ATL@@VCComSingleThreadModel@6@@ATL@@@ATL@@UEAAJAEBU_GUID@@PEAPEAX@Z 00000001800040bc f i ElectronicValueRW.obj
 0001:000030d0       ??_E?$CComObject@V?$CComEnum@UIEnumConnectionPoints@@$1?_GUID_b196b285_bab4_101a_b69c_00aa00341d07@@3U__s_GUID@@BPEAUIConnectionPoint@@V?$_CopyInterface@UIConnectionPoint@@@ATL@@VCComSingleThreadModel@6@@ATL@@@ATL@@UEAAPEAXI@Z 00000001800040d0 f i ElectronicValueRW.obj
 0001:000030d0       ??_G?$CComObject@V?$CComEnum@UIEnumConnectionPoints@@$1?_GUID_b196b285_bab4_101a_b69c_00aa00341d07@@3U__s_GUID@@BPEAUIConnectionPoint@@V?$_CopyInterface@UIConnectionPoint@@@ATL@@VCComSingleThreadModel@6@@ATL@@@ATL@@UEAAPEAXI@Z 00000001800040d0 f i ElectronicValueRW.obj
 0001:00003128       ?OnDrawAdvanced@CComControlBase@ATL@@UEAAJAEAUATL_DRAWINFO@@@Z 0000000180004128 f i ElectronicValueRW.obj
 0001:000032b4       ?AddRef@?$CComAggObject@VCOPOSElectronicValueRW@@@ATL@@UEAAKXZ 00000001800042b4 f i ElectronicValueRW.obj
 0001:000032c0       ?Release@?$CComAggObject@VCOPOSElectronicValueRW@@@ATL@@UEAAKXZ 00000001800042c0 f i ElectronicValueRW.obj
 0001:00003314       ?QueryInterface@?$CComAggObject@VCOPOSElectronicValueRW@@@ATL@@UEAAJAEBU_GUID@@PEAPEAX@Z 0000000180004314 f i ElectronicValueRW.obj
 0001:00003374       ?AddRef@?$CComContainedObject@VCOPOSElectronicValueRW@@@ATL@@UEAAKXZ 0000000180004374 f i ElectronicValueRW.obj
 0001:00003384       ?Release@?$CComContainedObject@VCOPOSElectronicValueRW@@@ATL@@UEAAKXZ 0000000180004384 f i ElectronicValueRW.obj
 0001:00003394       ?QueryInterface@?$CComContainedObject@VCOPOSElectronicValueRW@@@ATL@@UEAAJAEBU_GUID@@PEAPEAX@Z 0000000180004394 f i ElectronicValueRW.obj
 0001:000033a4       ??_G?$CComAggObject@VCOPOSElectronicValueRW@@@ATL@@UEAAPEAXI@Z 00000001800043a4 f i ElectronicValueRW.obj
 0001:000033a4       ??_E?$CComAggObject@VCOPOSElectronicValueRW@@@ATL@@UEAAPEAXI@Z 00000001800043a4 f i ElectronicValueRW.obj
 0001:000033fc       ?AddRef@?$CComObject@VCOPOSElectronicValueRW@@@ATL@@UEAAKXZ 00000001800043fc f i ElectronicValueRW.obj
 0001:0000340c       ?Release@?$CComObject@VCOPOSElectronicValueRW@@@ATL@@UEAAKXZ 000000018000440c f i ElectronicValueRW.obj
 0001:00003464       ?QueryInterface@?$CComObject@VCOPOSElectronicValueRW@@@ATL@@UEAAJAEBU_GUID@@PEAPEAX@Z 0000000180004464 f i ElectronicValueRW.obj
 0001:00003478       ?CreateInstance@CComClassFactory@ATL@@UEAAJPEAUIUnknown@@AEBU_GUID@@PEAPEAX@Z 0000000180004478 f i ElectronicValueRW.obj
 0001:000034d8       ?LockServer@CComClassFactory@ATL@@UEAAJH@Z 00000001800044d8 f i ElectronicValueRW.obj
 0001:000034fc       ?Next@?$CComEnumImpl@UIEnumConnections@@$1?_GUID_b196b287_bab4_101a_b69c_00aa00341d07@@3U__s_GUID@@BUtagCONNECTDATA@@V?$_Copy@UtagCONNECTDATA@@@ATL@@@ATL@@UEAAJKPEAUtagCONNECTDATA@@PEAK@Z 00000001800044fc f i ElectronicValueRW.obj
 0001:000035d0       ?Skip@?$CComEnumImpl@UIEnumConnections@@$1?_GUID_b196b287_bab4_101a_b69c_00aa00341d07@@3U__s_GUID@@BUtagCONNECTDATA@@V?$_Copy@UtagCONNECTDATA@@@ATL@@@ATL@@UEAAJK@Z 00000001800045d0 f i ElectronicValueRW.obj
 0001:000035fc       ?Clone@?$CComEnumImpl@UIEnumConnections@@$1?_GUID_b196b287_bab4_101a_b69c_00aa00341d07@@3U__s_GUID@@BUtagCONNECTDATA@@V?$_Copy@UtagCONNECTDATA@@@ATL@@@ATL@@UEAAJPEAPEAUIEnumConnections@@@Z 00000001800045fc f i ElectronicValueRW.obj
 0001:00003728       ??_ECComClassFactory@ATL@@UEAAPEAXI@Z 0000000180004728 f i ElectronicValueRW.obj
 0001:00003728       ??_GCComClassFactory@ATL@@UEAAPEAXI@Z 0000000180004728 f i ElectronicValueRW.obj
 0001:00003778       ?QueryInterface@?$CComObject@V?$CComEnum@UIEnumConnections@@$1?_GUID_b196b287_bab4_101a_b69c_00aa00341d07@@3U__s_GUID@@BUtagCONNECTDATA@@V?$_Copy@UtagCONNECTDATA@@@ATL@@VCComSingleThreadModel@6@@ATL@@@ATL@@UEAAJAEBU_GUID@@PEAPEAX@Z 0000000180004778 f i ElectronicValueRW.obj
 0001:0000378c       ??_E?$CComObject@V?$CComEnum@UIEnumConnections@@$1?_GUID_b196b287_bab4_101a_b69c_00aa00341d07@@3U__s_GUID@@BUtagCONNECTDATA@@V?$_Copy@UtagCONNECTDATA@@@ATL@@VCComSingleThreadModel@6@@ATL@@@ATL@@UEAAPEAXI@Z 000000018000478c f i ElectronicValueRW.obj
 0001:0000378c       ??_G?$CComObject@V?$CComEnum@UIEnumConnections@@$1?_GUID_b196b287_bab4_101a_b69c_00aa00341d07@@3U__s_GUID@@BUtagCONNECTDATA@@V?$_Copy@UtagCONNECTDATA@@@ATL@@VCComSingleThreadModel@6@@ATL@@@ATL@@UEAAPEAXI@Z 000000018000478c f i ElectronicValueRW.obj
 0001:000037e4       ??$AtlModuleRegisterWndClassInfoT@VAtlModuleRegisterWndClassInfoParamW@ATL@@@ATL@@YAGPEAU_ATL_BASE_MODULE70@0@PEAU_ATL_WIN_MODULE70@0@PEAU_ATL_WNDCLASSINFOW@0@PEAP6A_JPEAUHWND__@@I_K_J@ZVAtlModuleRegisterWndClassInfoParamW@0@@Z 00000001800047e4 f i ElectronicValueRW.obj
 0001:000039e4       ??0?$CComContainedObject@VCOPOSElectronicValueRW@@@ATL@@QEAA@PEAX@Z 00000001800049e4 f i ElectronicValueRW.obj
 0001:00003b00       ??0?$CComObject@VCOPOSElectronicValueRW@@@ATL@@QEAA@PEAX@Z 0000000180004b00 f i ElectronicValueRW.obj
 0001:00003c18       ??0CAtlModule@ATL@@QEAA@XZ 0000000180004c18 f i ElectronicValueRW.obj
 0001:00003c8c       ??1?$CComEnumImpl@UIEnumConnectionPoints@@$1?_GUID_b196b285_bab4_101a_b69c_00aa00341d07@@3U__s_GUID@@BPEAUIConnectionPoint@@V?$_CopyInterface@UIConnectionPoint@@@ATL@@@ATL@@UEAA@XZ 0000000180004c8c f i ElectronicValueRW.obj
 0001:00003ce8       ??1?$CComEnumImpl@UIEnumConnections@@$1?_GUID_b196b287_bab4_101a_b69c_00aa00341d07@@3U__s_GUID@@BUtagCONNECTDATA@@V?$_Copy@UtagCONNECTDATA@@@ATL@@@ATL@@UEAA@XZ 0000000180004ce8 f i ElectronicValueRW.obj
 0001:00003d44       ??1?$CComObject@VCOPOSElectronicValueRW@@@ATL@@UEAA@XZ 0000000180004d44 f i ElectronicValueRW.obj
 0001:00003e64       ??_G?$CComContainedObject@VCOPOSElectronicValueRW@@@ATL@@UEAAPEAXI@Z 0000000180004e64 f i ElectronicValueRW.obj
 0001:00003e64       ??_E?$CComContainedObject@VCOPOSElectronicValueRW@@@ATL@@UEAAPEAXI@Z 0000000180004e64 f i ElectronicValueRW.obj
 0001:00003e98       ??_E?$CComObject@VCOPOSElectronicValueRW@@@ATL@@UEAAPEAXI@Z 0000000180004e98 f i ElectronicValueRW.obj
 0001:00003e98       ??_G?$CComObject@VCOPOSElectronicValueRW@@@ATL@@UEAAPEAXI@Z 0000000180004e98 f i ElectronicValueRW.obj
 0001:00003ecc       ?Add@?$CSimpleArray@GV?$CSimpleArrayEqualHelper@G@ATL@@@ATL@@QEAAHAEBG@Z 0000000180004ecc f i ElectronicValueRW.obj
 0001:00003f80       ?Add@?$CSimpleMap@PEA_WPEA_WVCExpansionVectorEqualHelper@ATL@@@ATL@@QEAAHAEBQEA_W0@Z 0000000180004f80 f i ElectronicValueRW.obj
 0001:00004020       ?Add@CComDynamicUnkArray@ATL@@QEAAKPEAUIUnknown@@@Z 0000000180005020 f i ElectronicValueRW.obj
 0001:0000410c       ?Add@CExpansionVector@ATL@@QEAAHPEB_W0@Z 000000018000510c f i ElectronicValueRW.obj
 0001:00004240       ?AddTermFunc@CAtlModule@ATL@@QEAAJP6AX_K@Z0@Z 0000000180005240 f i ElectronicValueRW.obj
 0001:000042dc       ?AddValue@CRegParser@ATL@@IEAAJAEAVCRegKey@2@PEB_WPEA_W@Z 00000001800052dc f i ElectronicValueRW.obj
 0001:00004724       ?AllocateHeap@?$CTempBuffer@_W$0BAA@VCCRTAllocator@ATL@@@ATL@@AEAAX_K@Z 0000000180005724 f i ElectronicValueRW.obj
 0001:00004724       ?AllocateHeap@?$CTempBuffer@_W$0EAA@VCCRTAllocator@ATL@@@ATL@@AEAAX_K@Z 0000000180005724 f i ElectronicValueRW.obj
 0001:00004724       ?AllocateHeap@?$CTempBuffer@E$0BAA@VCCRTAllocator@ATL@@@ATL@@AEAAX_K@Z 0000000180005724 f i ElectronicValueRW.obj
 0001:00004750       ?Append@CParseBuffer@CRegParser@ATL@@QEAAHPEB_WH@Z 0000000180005750 f i ElectronicValueRW.obj
 0001:00004898       ?AtlComModuleGetClassObject@ATL@@YAJPEAU_ATL_COM_MODULE70@1@AEBU_GUID@@1PEAPEAX@Z 0000000180005898 f i ElectronicValueRW.obj
 0001:000049d8       ?AtlComModuleRegisterServer@ATL@@YAJPEAU_ATL_COM_MODULE70@1@HPEBU_GUID@@@Z 00000001800059d8 f i ElectronicValueRW.obj
 0001:00004a98       ?AtlComModuleUnregisterServer@ATL@@YAJPEAU_ATL_COM_MODULE70@1@HPEBU_GUID@@@Z 0000000180005a98 f i ElectronicValueRW.obj
 0001:00004b54       ?AtlHiMetricToPixel@ATL@@YAXPEBUtagSIZE@@PEAU2@@Z 0000000180005b54 f i ElectronicValueRW.obj
 0001:00004c04       ?AtlHresultFromLastError@ATL@@YAJXZ 0000000180005c04 f i ElectronicValueRW.obj
 0001:00004c24       ?AtlHresultFromWin32@ATL@@YAJK@Z 0000000180005c24 f i ElectronicValueRW.obj
 0001:00004c34       ?AtlInternalOleLoadFromStream@ATL@@YAJPEAUIStream@@AEBU_GUID@@PEAPEAXTClassesAllowedInStream@1@K@Z 0000000180005c34 f i ElectronicValueRW.obj
 0001:00004d78       ?AtlInternalQueryInterface@ATL@@YAJPEAXPEBU_ATL_INTMAP_ENTRY@1@AEBU_GUID@@PEAPEAX@Z 0000000180005d78 f i ElectronicValueRW.obj
 0001:00004e80       ?AtlLoadTypeLib@ATL@@YAJPEAUHINSTANCE__@@PEB_WPEAPEA_WPEAPEAUITypeLib@@@Z 0000000180005e80 f i ElectronicValueRW.obj
 0001:000050dc       ?AtlRegisterClassCategoriesHelper@ATL@@YAJAEBU_GUID@@PEBU_ATL_CATMAP_ENTRY@1@H@Z 00000001800060dc f i ElectronicValueRW.obj
 0001:00005560       ?AtlRegisterTypeLib@ATL@@YAJPEAUHINSTANCE__@@PEB_W@Z 0000000180006560 f i ElectronicValueRW.obj
 0001:0000575c       ?AtlThrowImpl@ATL@@YAXJ@Z  000000018000675c f i ElectronicValueRW.obj
 0001:00005780       ?AtlUnRegisterTypeLib@ATL@@YAJPEAUHINSTANCE__@@PEB_W@Z 0000000180006780 f i ElectronicValueRW.obj
 0001:00005848       ?AtlWinModuleExtractCreateWndData@ATL@@YAPEAXPEAU_ATL_WIN_MODULE70@1@@Z 0000000180006848 f i ElectronicValueRW.obj
 0001:000058d4       ?Cleanup@CComTypeInfoHolder@ATL@@SAX_K@Z 00000001800068d4 f i ElectronicValueRW.obj
 0001:00005914       ?ClearReplacements@CExpansionVector@ATL@@QEAAJXZ 0000000180006914 f i ElectronicValueRW.obj
 0001:000059b0       ?CreateInstance@?$CComCreator@V?$CComAggObject@VCOPOSElectronicValueRW@@@ATL@@@ATL@@SAJPEAXAEBU_GUID@@PEAPEAX@Z 00000001800069b0 f i ElectronicValueRW.obj
 0001:00005a94       ?CreateInstance@?$CComCreator@V?$CComObject@VCOPOSElectronicValueRW@@@ATL@@@ATL@@SAJPEAXAEBU_GUID@@PEAPEAX@Z 0000000180006a94 f i ElectronicValueRW.obj
 0001:00005b48       ?CreateInstance@?$CComObject@V?$CComEnum@UIEnumConnectionPoints@@$1?_GUID_b196b285_bab4_101a_b69c_00aa00341d07@@3U__s_GUID@@BPEAUIConnectionPoint@@V?$_CopyInterface@UIConnectionPoint@@@ATL@@VCComSingleThreadModel@6@@ATL@@@ATL@@SAJPEAPEAV12@@Z 0000000180006b48 f i ElectronicValueRW.obj
 0001:00005bd8       ?CreateInstance@?$CComObject@V?$CComEnum@UIEnumConnections@@$1?_GUID_b196b287_bab4_101a_b69c_00aa00341d07@@3U__s_GUID@@BUtagCONNECTDATA@@V?$_Copy@UtagCONNECTDATA@@@ATL@@VCComSingleThreadModel@6@@ATL@@@ATL@@SAJPEAPEAV12@@Z 0000000180006bd8 f i ElectronicValueRW.obj
 0001:00005c68       ?DefaultReflectionHandler@?$CWindowImplRoot@VCWindow@ATL@@@ATL@@SAHPEAUHWND__@@I_K_JAEA_J@Z 0000000180006c68 f i ElectronicValueRW.obj
 0001:00005ccc       ?DeleteSubKey@CRegKey@ATL@@QEAAJPEB_W@Z 0000000180006ccc f i ElectronicValueRW.obj
 0001:00005d64       ?DoEvent@COPOSElectronicValueRW@@IEAAXI_K_J@Z 0000000180006d64 f i ElectronicValueRW.obj
 0001:00005e18       ?DoVerbPrimary@?$IOleObjectImpl@VCOPOSElectronicValueRW@@@ATL@@QEAAJPEBUtagRECT@@PEAUHWND__@@@Z 0000000180006e18 f i ElectronicValueRW.obj
 0001:00005f44       ?DoVerbProperties@CComControlBase@ATL@@QEAAJPEBUtagRECT@@PEAUHWND__@@@Z 0000000180006f44 f i ElectronicValueRW.obj
 0001:0000616c       ?FireTheEvent@?$CProxy_IOPOSEvents@VCOPOSElectronicValueRW@@@@IEAAXPEAVOposVariant@@IAEAJPEB_WJ@Z 000000018000716c f i ElectronicValueRW.obj
 0001:00006258       ?FireViewChange@CComControlBase@ATL@@QEAAJXZ 0000000180007258 f i ElectronicValueRW.obj
 0001:000062bc       ?Fire_DataEvent@?$CProxy_IOPOSEvents@VCOPOSElectronicValueRW@@@@QEAAXJ@Z 00000001800072bc f i ElectronicValueRW.obj
 0001:000063a8       ?Fire_DirectIOEvent@?$CProxy_IOPOSEvents@VCOPOSElectronicValueRW@@@@QEAAXJPEAJPEAPEA_W@Z 00000001800073a8 f i ElectronicValueRW.obj
 0001:00006508       ?Fire_ErrorEvent@?$CProxy_IOPOSEvents@VCOPOSElectronicValueRW@@@@QEAAXJJJPEAJ@Z 0000000180007508 f i ElectronicValueRW.obj
 0001:0000667c       ?Fire_OutputCompleteEvent@?$CProxy_IOPOSEvents@VCOPOSElectronicValueRW@@@@QEAAXJ@Z 000000018000767c f i ElectronicValueRW.obj
 0001:00006768       ?Fire_StatusUpdateEvent@?$CProxy_IOPOSEvents@VCOPOSElectronicValueRW@@@@QEAAXJ@Z 0000000180007768 f i ElectronicValueRW.obj
 0001:00006854       ?Fire_TransitionEvent@?$CProxy_IOPOSEvents@VCOPOSElectronicValueRW@@@@QEAAXJPEAJPEAPEA_W@Z 0000000180007854 f i ElectronicValueRW.obj
 0001:000069b4       ?FreeHeap@?$CTempBuffer@_W$0EAA@VCCRTAllocator@ATL@@@ATL@@AEAAXXZ 00000001800079b4 f i ElectronicValueRW.obj
 0001:000069b4       ?FreeHeap@?$CTempBuffer@_W$0BAA@VCCRTAllocator@ATL@@@ATL@@AEAAXXZ 00000001800079b4 f i ElectronicValueRW.obj
 0001:000069b4       ?FreeHeap@?$CTempBuffer@E$0BAA@VCCRTAllocator@ATL@@@ATL@@AEAAXXZ 00000001800079b4 f i ElectronicValueRW.obj
 0001:000069bc       ?GetAmbientLocaleID@CComControlBase@ATL@@QEAAJAEAK@Z 00000001800079bc f i ElectronicValueRW.obj
 0001:00006a7c       ?GetAmbientUserMode@CComControlBase@ATL@@QEAAJAEAH@Z 0000000180007a7c f i ElectronicValueRW.obj
 0001:00006b4c       ?GetClassObject@CComModule@ATL@@QEAAJAEBU_GUID@@0PEAPEAX@Z 0000000180007b4c f i ElectronicValueRW.obj
 0001:00006c40       ?GetConnMap@COPOSElectronicValueRW@@SAPEBU_ATL_CONNMAP_ENTRY@ATL@@PEAH@Z 0000000180007c40 f i ElectronicValueRW.obj
 0001:00006cc8       ?GetIDsOfNames@CComTypeInfoHolder@ATL@@QEAAJAEBU_GUID@@PEAPEA_WIKPEAJ@Z 0000000180007cc8 f i ElectronicValueRW.obj
 0001:00006e40       ?GetPagesHelper@?$ISpecifyPropertyPagesImpl@VCOPOSElectronicValueRW@@@ATL@@IEAAJPEAUtagCAUUID@@PEBUATL_PROPMAP_ENTRY@2@@Z 0000000180007e40 f i ElectronicValueRW.obj
 0001:00006fe0       ?GetSizeMax@CComVariant@ATL@@QEBAJPEAT_ULARGE_INTEGER@@@Z 0000000180007fe0 f i ElectronicValueRW.obj
 0001:00007210       ?GetTI@CComTypeInfoHolder@ATL@@QEAAJK@Z 0000000180008210 f i ElectronicValueRW.obj
 0001:000074f8       ?GetZoomInfo@CComControlBase@ATL@@QEAAXAEAUATL_DRAWINFO@@@Z 00000001800084f8 f i ElectronicValueRW.obj
 0001:0000759c       ?HKeyFromString@CRegParser@ATL@@KAPEAUHKEY__@@PEA_W@Z 000000018000859c f i ElectronicValueRW.obj
 0001:00007600       ?IDataObject_GetData@CComControlBase@ATL@@QEAAJPEAUtagFORMATETC@@PEAUtagSTGMEDIUM@@@Z 0000000180008600 f i ElectronicValueRW.obj
 0001:000077f4       ?IOleInPlaceObject_InPlaceDeactivate@CComControlBase@ATL@@QEAAJXZ 00000001800087f4 f i ElectronicValueRW.obj
 0001:00007894       ?IOleInPlaceObject_SetObjectRects@CComControlBase@ATL@@QEAAJPEBUtagRECT@@0@Z 0000000180008894 f i ElectronicValueRW.obj
 0001:00007984       ?IOleInPlaceObject_UIDeactivate@CComControlBase@ATL@@QEAAJXZ 0000000180008984 f i ElectronicValueRW.obj
 0001:00007a90       ?IOleObject_Close@CComControlBase@ATL@@QEAAJK@Z 0000000180008a90 f i ElectronicValueRW.obj
 0001:00007ba8       ?IOleObject_SetClientSite@CComControlBase@ATL@@QEAAJPEAUIOleClientSite@@@Z 0000000180008ba8 f i ElectronicValueRW.obj
 0001:00007c20       ?IOleObject_SetExtent@CComControlBase@ATL@@QEAAJKPEAUtagSIZE@@@Z 0000000180008c20 f i ElectronicValueRW.obj
 0001:00007cb8       ?IPSI_GetIPersistStreamInit@?$IPersistStorageImpl@VCOPOSElectronicValueRW@@@ATL@@AEAAPEAUIPersistStreamInit@@XZ 0000000180008cb8 f i ElectronicValueRW.obj
 0001:00007da0       ?IPersistStreamInit_Load@?$IPersistStreamInitImpl@VCOPOSElectronicValueRW@@@ATL@@QEAAJPEAUIStream@@PEBUATL_PROPMAP_ENTRY@2@@Z 0000000180008da0 f i ElectronicValueRW.obj
 0001:000080cc       ?IPersistStreamInit_Save@?$IPersistStreamInitImpl@VCOPOSElectronicValueRW@@@ATL@@QEAAJPEAUIStream@@HPEBUATL_PROPMAP_ENTRY@2@@Z 00000001800090cc f i ElectronicValueRW.obj
 0001:0000836c       ?IQuickActivate_QuickActivate@CComControlBase@ATL@@QEAAJPEAUtagQACONTAINER@@PEAUtagQACONTROL@@@Z 000000018000936c f i ElectronicValueRW.obj
 0001:00008630       ?IViewObject_Draw@CComControlBase@ATL@@QEAAJKJPEAXPEAUtagDVTARGETDEVICE@@PEAUHDC__@@2PEBU_RECTL@@3@Z 0000000180009630 f i ElectronicValueRW.obj
 0001:00008744       ?InPlaceActivate@CComControlBase@ATL@@QEAAJJPEBUtagRECT@@@Z 0000000180009744 f i ElectronicValueRW.obj
 0001:00008a78       ?Init@?$CComEnumImpl@UIEnumConnectionPoints@@$1?_GUID_b196b285_bab4_101a_b69c_00aa00341d07@@3U__s_GUID@@BPEAUIConnectionPoint@@V?$_CopyInterface@UIConnectionPoint@@@ATL@@@ATL@@QEAAJPEAPEAUIConnectionPoint@@0PEAUIUnknown@@W4CComEnumFlags@2@@Z 0000000180009a78 f i ElectronicValueRW.obj
 0001:00008b98       ?Init@?$CComEnumImpl@UIEnumConnections@@$1?_GUID_b196b287_bab4_101a_b69c_00aa00341d07@@3U__s_GUID@@BUtagCONNECTDATA@@V?$_Copy@UtagCONNECTDATA@@@ATL@@@ATL@@QEAAJPEAUtagCONNECTDATA@@0PEAUIUnknown@@W4CComEnumFlags@2@@Z 0000000180009b98 f i ElectronicValueRW.obj
 0001:00008cbc       ?IsEqualObject@?$CComPtrBase@UIOleClientSite@@@ATL@@QEAA_NPEAUIUnknown@@@Z 0000000180009cbc f i ElectronicValueRW.obj
 0001:00008d48       ?LoadNameCache@CComTypeInfoHolder@ATL@@QEAAJPEAUITypeInfo@@@Z 0000000180009d48 f i ElectronicValueRW.obj
 0001:00008ec8       ?Lookup@?$CSimpleMap@PEA_WPEA_WVCExpansionVectorEqualHelper@ATL@@@ATL@@QEBAPEA_WAEBQEA_W@Z 0000000180009ec8 f i ElectronicValueRW.obj
 0001:00008f50       ?NextToken@CRegParser@ATL@@IEAAJPEA_W@Z 0000000180009f50 f i ElectronicValueRW.obj
 0001:00009108       ?OnKillFocus@CComControlBase@ATL@@QEAA_JI_K_JAEAH@Z 000000018000a108 f i ElectronicValueRW.obj
 0001:000091a4       ?OnMouseActivate@CComControlBase@ATL@@QEAA_JI_K_JAEAH@Z 000000018000a1a4 f i ElectronicValueRW.obj
 0001:00009244       ?OnPaint@CComControlBase@ATL@@QEAA_JI_K_JAEAH@Z 000000018000a244 f i ElectronicValueRW.obj
 0001:00009330       ?OnSetFocus@CComControlBase@ATL@@QEAA_JI_K_JAEAH@Z 000000018000a330 f i ElectronicValueRW.obj
 0001:0000942c       ?PreProcessBuffer@CRegParser@ATL@@QEAAJPEA_WPEAPEA_W@Z 000000018000a42c f i ElectronicValueRW.obj
 0001:000097b8       ?ProcessWindowMessage@?$CComControl@VCOPOSElectronicValueRW@@V?$CWindowImpl@VCOPOSElectronicValueRW@@VCWindow@ATL@@V?$CWinTraits@$0FGAAAAAA@$0A@@3@@ATL@@@ATL@@UEAAHPEAUHWND__@@I_K_JAEA_JK@Z 000000018000a7b8 f i ElectronicValueRW.obj
 0001:0000989c       ?ReadFromStream@CComBSTR@ATL@@QEAAJPEAUIStream@@@Z 000000018000a89c f i ElectronicValueRW.obj
 0001:000099ec       ?ReadFromStream@CComVariant@ATL@@QEAAJPEAUIStream@@GTClassesAllowedInStream@2@K@Z 000000018000a9ec f i ElectronicValueRW.obj
 0001:00009c10       ?RecurseDeleteKey@CRegKey@ATL@@QEAAJPEB_W@Z 000000018000ac10 f i ElectronicValueRW.obj
 0001:00009d68       ?RegCreateKeyExW@CAtlTransactionManager@ATL@@QEAAJPEAUHKEY__@@PEB_WKPEA_WKKQEAU_SECURITY_ATTRIBUTES@@PEAPEAU3@PEAK@Z 000000018000ad68 f i ElectronicValueRW.obj
 0001:00009e9c       ?RegDeleteKeyW@CAtlTransactionManager@ATL@@QEAAJPEAUHKEY__@@PEB_W@Z 000000018000ae9c f i ElectronicValueRW.obj
 0001:00009f28       ?RegOpenKeyExW@CAtlTransactionManager@ATL@@QEAAJPEAUHKEY__@@PEB_WKKPEAPEAU3@@Z 000000018000af28 f i ElectronicValueRW.obj
 0001:00009fe0       ?RegisterBuffer@CRegParser@ATL@@QEAAJPEA_WH@Z 000000018000afe0 f i ElectronicValueRW.obj
 0001:0000a148       ?RegisterFromResource@CRegObject@ATL@@IEAAJPEB_W00H@Z 000000018000b148 f i ElectronicValueRW.obj
 0001:0000a304       ?RegisterServer@CComModule@ATL@@QEAAJHPEBU_GUID@@@Z 000000018000b304 f i ElectronicValueRW.obj
 0001:0000a3c4       ?RegisterSubkeys@CRegParser@ATL@@IEAAJPEA_WPEAUHKEY__@@HH@Z 000000018000b3c4 f i ElectronicValueRW.obj
 0001:0000ac30       ?SendOnDataChange@CComControlBase@ATL@@QEAAJK@Z 000000018000bc30 f i ElectronicValueRW.obj
 0001:0000aca0       ?SetControlFocus@CComControlBase@ATL@@QEAAHH@Z 000000018000bca0 f i ElectronicValueRW.obj
 0001:0000ad7c       ?SkipAssignment@CRegParser@ATL@@IEAAJPEA_W@Z 000000018000bd7c f i ElectronicValueRW.obj
 0001:0000ae20       ?Term@CAtlModule@ATL@@QEAAXXZ 000000018000be20 f i ElectronicValueRW.obj
 0001:0000aea0       ?Term@CComModule@ATL@@QEAAXXZ 000000018000bea0 f i ElectronicValueRW.obj
 0001:0000af1c       ?UnregisterServer@CComModule@ATL@@QEAAJHPEBU_GUID@@@Z 000000018000bf1c f i ElectronicValueRW.obj
 0001:0000afcc       ?UpdateRegistryFromResource@CAtlModule@ATL@@QEAAJIHPEAU_ATL_REGMAP_ENTRY@2@@Z 000000018000bfcc f i ElectronicValueRW.obj
 0001:0000b2d8       ?UpdateRegistryFromResource@CAtlModule@ATL@@QEAAJPEB_WHPEAU_ATL_REGMAP_ENTRY@2@@Z 000000018000c2d8 f i ElectronicValueRW.obj
 0001:0000b5fc       ?VTFromRegType@CRegParser@ATL@@KAHPEB_WAEAG@Z 000000018000c5fc f i ElectronicValueRW.obj
 0001:0000b698       ?WindowProc@?$CWindowImplBaseT@VCWindow@ATL@@V?$CWinTraits@$0FGAAAAAA@$0A@@2@@ATL@@SA_JPEAUHWND__@@I_K_J@Z 000000018000c698 f i ElectronicValueRW.obj
 0001:0000b804       ?WriteToStream@CComVariant@ATL@@QEAAJPEAUIStream@@@Z 000000018000c804 f i ElectronicValueRW.obj
 0001:0000ba80       ?WriteToStream@CComVariant@ATL@@QEAAJPEAUIStream@@G@Z 000000018000ca80 f i ElectronicValueRW.obj
 0001:0000bb18       ?_AtlVerifyStackAvailable@_ATL_SAFE_ALLOCA_IMPL@ATL@@YA_N_K@Z 000000018000cb18 f i ElectronicValueRW.obj
 0001:0000bb9c       ?atlCreate@?$CWindowImpl@VCOPOSElectronicValueRW@@VCWindow@ATL@@V?$CWinTraits@$0FGAAAAAA@$0A@@3@@ATL@@QEAAPEAUHWND__@@PEAU3@V_U_RECT@2@PEB_WKKV_U_MENUorID@2@PEAX@Z 000000018000cb9c f i ElectronicValueRW.obj
 0001:0000bc50       ?atlCreate@?$CWindowImplBaseT@VCWindow@ATL@@V?$CWinTraits@$0FGAAAAAA@$0A@@2@@ATL@@QEAAPEAUHWND__@@PEAU3@V_U_RECT@2@PEB_WKKV_U_MENUorID@2@GPEAX@Z 000000018000cc50 f i ElectronicValueRW.obj
 0001:0000bdc0       ?ocscpy_s@@YA_NPEA_W_KPEB_W@Z 000000018000cdc0 f i ElectronicValueRW.obj
 0001:0000be70       DllCanUnloadNow            000000018000ce70 f   ElectronicValueRW.obj
 0001:0000be7c       DllGetClassObject          000000018000ce7c f   ElectronicValueRW.obj
 0001:0000be94       DllMain                    000000018000ce94 f   ElectronicValueRW.obj
 0001:0000bf3c       DllRegisterServer          000000018000cf3c f   ElectronicValueRW.obj
 0001:0000bf50       DllUnregisterServer        000000018000cf50 f   ElectronicValueRW.obj
 0001:0000bf64       __local_stdio_printf_options 000000018000cf64 f i ElectronicValueRW.obj
 0001:0000bf6c       swprintf_s                 000000018000cf6c f i ElectronicValueRW.obj
 0001:0000bfc0       ??0COPOSElectronicValueRW@@QEAA@XZ 000000018000cfc0 f   ElectronicValueRWImpl.obj
 0001:0000c094       ??1?$IConnectionPointImpl@VCOPOSElectronicValueRW@@$1?DIID__IOPOSElectronicValueRWEvents@@3U_GUID@@BVCComDynamicUnkArray@ATL@@@ATL@@QEAA@XZ 000000018000d094 f i ElectronicValueRWImpl.obj
 0001:0000c094       ??1?$IConnectionPointImpl@VCOPOSElectronicValueRW@@$1?IID_IPropertyNotifySink@@3U_GUID@@BVCComDynamicUnkArray@ATL@@@ATL@@QEAA@XZ 000000018000d094 f i ElectronicValueRWImpl.obj
 0001:0000c0f0       ??1CComControlBase@ATL@@UEAA@XZ 000000018000d0f0 f i ElectronicValueRWImpl.obj
 0001:0000c16c       ??1COPOSElectronicValueRW@@UEAA@XZ 000000018000d16c f   ElectronicValueRWImpl.obj
 0001:0000c1d0       ?AccessDailyLog@COPOSElectronicValueRW@@UEAAJJJJPEAJ@Z 000000018000d1d0 f   ElectronicValueRWImpl.obj
 0001:0000c2b8       ?AccessData@COPOSElectronicValueRW@@UEAAJJPEAJPEAPEA_W0@Z 000000018000d2b8 f   ElectronicValueRWImpl.obj
 0001:0000c3b4       ?AccessLog@COPOSElectronicValueRW@@UEAAJJJJPEAJ@Z 000000018000d3b4 f   ElectronicValueRWImpl.obj
 0001:0000c49c       ?ActivateEVService@COPOSElectronicValueRW@@UEAAJPEAJPEAPEA_W0@Z 000000018000d49c f   ElectronicValueRWImpl.obj
 0001:0000c578       ?ActivateService@COPOSElectronicValueRW@@UEAAJPEAJPEAPEA_W0@Z 000000018000d578 f   ElectronicValueRWImpl.obj
 0001:0000c654       ?AddValue@COPOSElectronicValueRW@@UEAAJJJPEAJ@Z 000000018000d654 f   ElectronicValueRWImpl.obj
 0001:0000c720       ?AuthorizeCompletion@COPOSElectronicValueRW@@UEAAJJTtagCY@@0JPEAJ@Z 000000018000d720 f   ElectronicValueRWImpl.obj
 0001:0000c820       ?AuthorizePreSales@COPOSElectronicValueRW@@UEAAJJTtagCY@@0JPEAJ@Z 000000018000d820 f   ElectronicValueRWImpl.obj
 0001:0000c920       ?AuthorizeRefund@COPOSElectronicValueRW@@UEAAJJTtagCY@@0JPEAJ@Z 000000018000d920 f   ElectronicValueRWImpl.obj
 0001:0000ca20       ?AuthorizeSales@COPOSElectronicValueRW@@UEAAJJTtagCY@@0JPEAJ@Z 000000018000da20 f   ElectronicValueRWImpl.obj
 0001:0000cb20       ?AuthorizeVoid@COPOSElectronicValueRW@@UEAAJJTtagCY@@0JPEAJ@Z 000000018000db20 f   ElectronicValueRWImpl.obj
 0001:0000cc20       ?AuthorizeVoidPreSales@COPOSElectronicValueRW@@UEAAJJTtagCY@@0JPEAJ@Z 000000018000dc20 f   ElectronicValueRWImpl.obj
 0001:0000cd20       ?BeginDetection@COPOSElectronicValueRW@@UEAAJJJPEAJ@Z 000000018000dd20 f   ElectronicValueRWImpl.obj
 0001:0000cdec       ?BeginRemoval@COPOSElectronicValueRW@@UEAAJJPEAJ@Z 000000018000ddec f   ElectronicValueRWImpl.obj
 0001:0000ce68       ?CancelValue@COPOSElectronicValueRW@@UEAAJJJPEAJ@Z 000000018000de68 f   ElectronicValueRWImpl.obj
 0001:0000cf34       ?CaptureCard@COPOSElectronicValueRW@@UEAAJPEAJ@Z 000000018000df34 f   ElectronicValueRWImpl.obj
 0001:0000cf5c       ?CashDeposit@COPOSElectronicValueRW@@UEAAJJTtagCY@@JPEAJ@Z 000000018000df5c f   ElectronicValueRWImpl.obj
 0001:0000d048       ?CheckCard@COPOSElectronicValueRW@@UEAAJJJPEAJ@Z 000000018000e048 f   ElectronicValueRWImpl.obj
 0001:0000d114       ?CheckHealth@COPOSElectronicValueRW@@UEAAJJPEAJ@Z 000000018000e114 f   ElectronicValueRWImpl.obj
 0001:0000d190       ?CheckServiceRegistrationToMedium@COPOSElectronicValueRW@@UEAAJJJPEAJ@Z 000000018000e190 f   ElectronicValueRWImpl.obj
 0001:0000d25c       ?ClaimDevice@COPOSElectronicValueRW@@UEAAJJPEAJ@Z 000000018000e25c f   ElectronicValueRWImpl.obj
 0001:0000d2fc       ?ClearInput@COPOSElectronicValueRW@@UEAAJPEAJ@Z 000000018000e2fc f   ElectronicValueRWImpl.obj
 0001:0000d324       ?ClearInputProperties@COPOSElectronicValueRW@@UEAAJPEAJ@Z 000000018000e324 f   ElectronicValueRWImpl.obj
 0001:0000d34c       ?ClearOutput@COPOSElectronicValueRW@@UEAAJPEAJ@Z 000000018000e34c f   ElectronicValueRWImpl.obj
 0001:0000d374       ?ClearParameterInformation@COPOSElectronicValueRW@@UEAAJPEAJ@Z 000000018000e374 f   ElectronicValueRWImpl.obj
 0001:0000d39c       ?Close@COPOSElectronicValueRW@@UEAAJPEAJ@Z 000000018000e39c f   ElectronicValueRWImpl.obj
 0001:0000d454       ?CloseDailyEVService@COPOSElectronicValueRW@@UEAAJPEAJPEAPEA_W0@Z 000000018000e454 f   ElectronicValueRWImpl.obj
 0001:0000d530       ?CompareFirmwareVersion@COPOSElectronicValueRW@@UEAAJPEA_WPEAJ1@Z 000000018000e530 f   ElectronicValueRWImpl.obj
 0001:0000d60c       ?DeactivateEVService@COPOSElectronicValueRW@@UEAAJPEAJPEAPEA_W0@Z 000000018000e60c f   ElectronicValueRWImpl.obj
 0001:0000d6e8       ?DirectIO@COPOSElectronicValueRW@@UEAAJJPEAJPEAPEA_W0@Z 000000018000e6e8 f   ElectronicValueRWImpl.obj
 0001:0000d7e4       ?DoInvoke@COPOSElectronicValueRW@@IEAAJJPEAVOposVariant@@IHPEAJ_N@Z 000000018000e7e4 f   ElectronicValueRWImpl.obj
 0001:0000d918       ?EndDetection@COPOSElectronicValueRW@@UEAAJPEAJ@Z 000000018000e918 f   ElectronicValueRWImpl.obj
 0001:0000d940       ?EndRemoval@COPOSElectronicValueRW@@UEAAJPEAJ@Z 000000018000e940 f   ElectronicValueRWImpl.obj
 0001:0000d968       ?EnumerateCardServices@COPOSElectronicValueRW@@UEAAJPEAJ@Z 000000018000e968 f   ElectronicValueRWImpl.obj
 0001:0000d990       ?EventInit@COPOSElectronicValueRW@@IEAAJXZ 000000018000e990 f i ElectronicValueRWImpl.obj
 0001:0000dad8       ?EventUninit@COPOSElectronicValueRW@@IEAAXXZ 000000018000ead8 f i ElectronicValueRWImpl.obj
 0001:0000db3c       ?EventWindowProc@COPOSElectronicValueRW@@IEAA_JI_K_J@Z 000000018000eb3c f i ElectronicValueRWImpl.obj
 0001:0000dd54       ?FinalConstruct@COPOSElectronicValueRW@@QEAAJXZ 000000018000ed54 f   ElectronicValueRWImpl.obj
 0001:0000dd90       ?FreezeEvents@COPOSElectronicValueRW@@MEAAJH@Z 000000018000ed90 f   ElectronicValueRWImpl.obj
 0001:0000de04       ?GetOposProp@COPOSElectronicValueRW@@IEAAJJPEAJJ@Z 000000018000ee04 f   ElectronicValueRWImpl.obj
 0001:0000df20       ?GetOposProp@COPOSElectronicValueRW@@IEAAJJPEAPEA_WJ@Z 000000018000ef20 f   ElectronicValueRWImpl.obj
 0001:0000e04c       ?LockTerminal@COPOSElectronicValueRW@@UEAAJPEAJ@Z 000000018000f04c f   ElectronicValueRWImpl.obj
 0001:0000e074       ?OnDraw@COPOSElectronicValueRW@@MEAAJAEAUATL_DRAWINFO@@@Z 000000018000f074 f   ElectronicValueRWImpl.obj
 0001:0000e160       ?Open@COPOSElectronicValueRW@@UEAAJPEA_WPEAJ@Z 000000018000f160 f   ElectronicValueRWImpl.obj
 0001:0000ea04       ?OpenDailyEVService@COPOSElectronicValueRW@@UEAAJPEAJPEAPEA_W0@Z 000000018000fa04 f   ElectronicValueRWImpl.obj
 0001:0000eae0       ?QueryLastSuccessfulTransactionResult@COPOSElectronicValueRW@@UEAAJPEAJ@Z 000000018000fae0 f   ElectronicValueRWImpl.obj
 0001:0000eb08       ?ReadValue@COPOSElectronicValueRW@@UEAAJJJPEAJ@Z 000000018000fb08 f   ElectronicValueRWImpl.obj
 0001:0000ebd4       ?RegisterServiceToMedium@COPOSElectronicValueRW@@UEAAJJJPEAJ@Z 000000018000fbd4 f   ElectronicValueRWImpl.obj
 0001:0000eca0       ?ReleaseDevice@COPOSElectronicValueRW@@UEAAJPEAJ@Z 000000018000fca0 f   ElectronicValueRWImpl.obj
 0001:0000ed0c       ?ResetStatistics@COPOSElectronicValueRW@@UEAAJPEA_WPEAJ@Z 000000018000fd0c f   ElectronicValueRWImpl.obj
 0001:0000ed94       ?RetrieveResultInformation@COPOSElectronicValueRW@@UEAAJPEA_WPEAPEA_WPEAJ@Z 000000018000fd94 f   ElectronicValueRWImpl.obj
 0001:0000ee70       ?RetrieveStatistics@COPOSElectronicValueRW@@UEAAJPEAPEA_WPEAJ@Z 000000018000fe70 f   ElectronicValueRWImpl.obj
 0001:0000eef8       ?SOProcessID@COPOSElectronicValueRW@@UEAAJPEAJ@Z 000000018000fef8 f   ElectronicValueRWImpl.obj
 0001:0000ef14       ?SetCOFreezeEvents@COPOSElectronicValueRW@@IEAAXF@Z 000000018000ff14 f   ElectronicValueRWImpl.obj
 0001:0000eff8       ?SetOposProp@COPOSElectronicValueRW@@IEAAJJJJ@Z 000000018000fff8 f   ElectronicValueRWImpl.obj
 0001:0000f158       ?SetOposProp@COPOSElectronicValueRW@@IEAAJJPEA_WJ@Z 0000000180010158 f   ElectronicValueRWImpl.obj
 0001:0000f2b0       ?SetParameterInformation@COPOSElectronicValueRW@@UEAAJPEA_W0PEAJ@Z 00000001800102b0 f   ElectronicValueRWImpl.obj
 0001:0000f38c       ?SubtractValue@COPOSElectronicValueRW@@UEAAJJJPEAJ@Z 000000018001038c f   ElectronicValueRWImpl.obj
 0001:0000f458       ?TransactionAccess@COPOSElectronicValueRW@@UEAAJJPEAJ@Z 0000000180010458 f   ElectronicValueRWImpl.obj
 0001:0000f4d4       ?UnlockTerminal@COPOSElectronicValueRW@@UEAAJPEAJ@Z 00000001800104d4 f   ElectronicValueRWImpl.obj
 0001:0000f4fc       ?UnregisterServiceToMedium@COPOSElectronicValueRW@@UEAAJJJPEAJ@Z 00000001800104fc f   ElectronicValueRWImpl.obj
 0001:0000f5c8       ?UpdateData@COPOSElectronicValueRW@@UEAAJJPEAJPEAPEA_W0@Z 00000001800105c8 f   ElectronicValueRWImpl.obj
 0001:0000f6c4       ?UpdateFirmware@COPOSElectronicValueRW@@UEAAJPEA_WPEAJ@Z 00000001800106c4 f   ElectronicValueRWImpl.obj
 0001:0000f74c       ?UpdateKey@COPOSElectronicValueRW@@UEAAJPEAJPEAPEA_W0@Z 000000018001074c f   ElectronicValueRWImpl.obj
 0001:0000f828       ?UpdateStatistics@COPOSElectronicValueRW@@UEAAJPEA_WPEAJ@Z 0000000180010828 f   ElectronicValueRWImpl.obj
 0001:0000f8b0       ?WriteValue@COPOSElectronicValueRW@@UEAAJJJPEAJ@Z 00000001800108b0 f   ElectronicValueRWImpl.obj
 0001:0000f97c       ?get_AccountNumber@COPOSElectronicValueRW@@UEAAJPEAPEA_W@Z 000000018001097c f   ElectronicValueRWImpl.obj
 0001:0000f990       ?get_AdditionalSecurityInformation@COPOSElectronicValueRW@@UEAAJPEAPEA_W@Z 0000000180010990 f   ElectronicValueRWImpl.obj
 0001:0000f9a4       ?get_Amount@COPOSElectronicValueRW@@UEAAJPEATtagCY@@@Z 00000001800109a4 f   ElectronicValueRWImpl.obj
 0001:0000fa74       ?get_ApprovalCode@COPOSElectronicValueRW@@UEAAJPEAPEA_W@Z 0000000180010a74 f   ElectronicValueRWImpl.obj
 0001:0000fa88       ?get_AsyncMode@COPOSElectronicValueRW@@UEAAJPEAF@Z 0000000180010a88 f   ElectronicValueRWImpl.obj
 0001:0000fabc       ?get_AutoDisable@COPOSElectronicValueRW@@UEAAJPEAF@Z 0000000180010abc f   ElectronicValueRWImpl.obj
 0001:0000faf0       ?get_Balance@COPOSElectronicValueRW@@UEAAJPEATtagCY@@@Z 0000000180010af0 f   ElectronicValueRWImpl.obj
 0001:0000fbc0       ?get_BalanceOfPoint@COPOSElectronicValueRW@@UEAAJPEATtagCY@@@Z 0000000180010bc0 f   ElectronicValueRWImpl.obj
 0001:0000fc90       ?get_BinaryConversion@COPOSElectronicValueRW@@UEAAJPEAJ@Z 0000000180010c90 f   ElectronicValueRWImpl.obj
 0001:0000fca4       ?get_CapActivateService@COPOSElectronicValueRW@@UEAAJPEAF@Z 0000000180010ca4 f   ElectronicValueRWImpl.obj
 0001:0000fcd8       ?get_CapAddValue@COPOSElectronicValueRW@@UEAAJPEAF@Z 0000000180010cd8 f   ElectronicValueRWImpl.obj
 0001:0000fd0c       ?get_CapAdditionalSecurityInformation@COPOSElectronicValueRW@@UEAAJPEAF@Z 0000000180010d0c f   ElectronicValueRWImpl.obj
 0001:0000fd40       ?get_CapAuthorizeCompletion@COPOSElectronicValueRW@@UEAAJPEAF@Z 0000000180010d40 f   ElectronicValueRWImpl.obj
 0001:0000fd74       ?get_CapAuthorizePreSales@COPOSElectronicValueRW@@UEAAJPEAF@Z 0000000180010d74 f   ElectronicValueRWImpl.obj
 0001:0000fda8       ?get_CapAuthorizeRefund@COPOSElectronicValueRW@@UEAAJPEAF@Z 0000000180010da8 f   ElectronicValueRWImpl.obj
 0001:0000fddc       ?get_CapAuthorizeVoid@COPOSElectronicValueRW@@UEAAJPEAF@Z 0000000180010ddc f   ElectronicValueRWImpl.obj
 0001:0000fe10       ?get_CapAuthorizeVoidPreSales@COPOSElectronicValueRW@@UEAAJPEAF@Z 0000000180010e10 f   ElectronicValueRWImpl.obj
 0001:0000fe44       ?get_CapCancelValue@COPOSElectronicValueRW@@UEAAJPEAF@Z 0000000180010e44 f   ElectronicValueRWImpl.obj
 0001:0000fe78       ?get_CapCardSensor@COPOSElectronicValueRW@@UEAAJPEAJ@Z 0000000180010e78 f   ElectronicValueRWImpl.obj
 0001:0000fe8c       ?get_CapCashDeposit@COPOSElectronicValueRW@@UEAAJPEAF@Z 0000000180010e8c f   ElectronicValueRWImpl.obj
 0001:0000fec0       ?get_CapCenterResultCode@COPOSElectronicValueRW@@UEAAJPEAF@Z 0000000180010ec0 f   ElectronicValueRWImpl.obj
 0001:0000fef4       ?get_CapCheckCard@COPOSElectronicValueRW@@UEAAJPEAF@Z 0000000180010ef4 f   ElectronicValueRWImpl.obj
 0001:0000ff28       ?get_CapCompareFirmwareVersion@COPOSElectronicValueRW@@UEAAJPEAF@Z 0000000180010f28 f   ElectronicValueRWImpl.obj
 0001:0000ff5c       ?get_CapDailyLog@COPOSElectronicValueRW@@UEAAJPEAJ@Z 0000000180010f5c f   ElectronicValueRWImpl.obj
 0001:0000ff70       ?get_CapDetectionControl@COPOSElectronicValueRW@@UEAAJPEAJ@Z 0000000180010f70 f   ElectronicValueRWImpl.obj
 0001:0000ff84       ?get_CapElectronicMoney@COPOSElectronicValueRW@@UEAAJPEAF@Z 0000000180010f84 f   ElectronicValueRWImpl.obj
[...]
 0002:0000d1cc       $unwind$??$parse_integer@KV?$c_string_character_source@_W@__crt_strtox@@@__crt_strtox@@YAKQEAU__crt_locale_pointers@@V?$c_string_character_source@_W@0@H_N@Z 00000001800331cc     libucrt:atox.obj
 0002:0000d1e8       $xdatasym                  00000001800331e8     libucrt:strncmp.obj
 0002:0000d1ec       $unwind$?construct_ptd_array@@YAXQEAU__acrt_ptd@@@Z 00000001800331ec     libucrt:per_thread_data.obj
 0002:0000d1f4       $unwind$?destroy_ptd_array@@YAXQEAU__acrt_ptd@@@Z 00000001800331f4     libucrt:per_thread_data.obj
 0002:0000d1fc       $unwind$??$?RV<lambda_0ae27a3a962d80f24befdcbee591983d>@@AEAV<lambda_8d0ee55de4b1038c4002e0adecdf1839>@@V<lambda_dc504788e8f1664fe9b84e20bfb512f2>@@@?$__crt_seh_guarded_call@X@@QEAAX$$QEAV<lambda_0ae27a3a962d80f24befdcbee591983d>@@AEAV<lambda_8d0ee55de4b1038c4002e0adecdf1839>@@$$QEAV<lambda_dc504788e8f1664fe9b84e20bfb512f2>@@@Z 00000001800331fc     libucrt:per_thread_data.obj
 0002:0000d220       $unwind$??$?RV<lambda_aa87e3671a710a21b5dc78c0bdf72e11>@@AEAV<lambda_92619d2358a28f41a33ba319515a20b9>@@V<lambda_6992ecaafeb10aed2b74cb1fae11a551>@@@?$__crt_seh_guarded_call@X@@QEAAX$$QEAV<lambda_aa87e3671a710a21b5dc78c0bdf72e11>@@AEAV<lambda_92619d2358a28f41a33ba319515a20b9>@@$$QEAV<lambda_6992ecaafeb10aed2b74cb1fae11a551>@@@Z 0000000180033220     libucrt:per_thread_data.obj
 0002:0000d244       $unwind$??$?RV<lambda_f2e299630e499de9f9a165e60fcd3db5>@@AEAV<lambda_2ae9d31cdba2644fcbeaf08da7c24588>@@V<lambda_40d01ff24d0e7b3814fdbdcee8eab3c7>@@@?$__crt_seh_guarded_call@X@@QEAAX$$QEAV<lambda_f2e299630e499de9f9a165e60fcd3db5>@@AEAV<lambda_2ae9d31cdba2644fcbeaf08da7c24588>@@$$QEAV<lambda_40d01ff24d0e7b3814fdbdcee8eab3c7>@@@Z 0000000180033244     libucrt:per_thread_data.obj
 0002:0000d268       $unwind$??$?RV<lambda_2d41944a1d46af3157314b8a01080d33>@@AEAV<lambda_8f455de75cd7d7f24b4096f044d8b9e6>@@V<lambda_aa500f224e6afead328df44964fe2772>@@@?$__crt_seh_guarded_call@X@@QEAAX$$QEAV<lambda_2d41944a1d46af3157314b8a01080d33>@@AEAV<lambda_8f455de75cd7d7f24b4096f044d8b9e6>@@$$QEAV<lambda_aa500f224e6afead328df44964fe2772>@@@Z 0000000180033268     libucrt:per_thread_data.obj
 0002:0000d28c       $unwind$__acrt_initialize_winapi_thunks 000000018003328c     libucrt:winapi_thunks.obj
 0002:0000d294       $unwind$__acrt_fp_format   0000000180033294     libucrt:cvt.obj
 0002:0000d2ac       $unwind$?fp_format_e_internal@@YAHQEAD_KH_NIQEAU_strflt@@2QEAU__crt_locale_pointers@@@Z 00000001800332ac     libucrt:cvt.obj
 0002:0000d2c4       $unwind$?fp_format_a@@YAHQEBNPEAD_KQEAD2H_NIQEAU__crt_locale_pointers@@W4__acrt_rounding_mode@@@Z 00000001800332c4     libucrt:cvt.obj
 0002:0000d2e0       $unwind$?fp_format_g@@YAHQEBNQEAD_K12H_NIQEAU__crt_locale_pointers@@@Z 00000001800332e0     libucrt:cvt.obj
 0002:0000d2f4       $unwind$__acrt_uninitialize_locale 00000001800332f4     libucrt:wsetlocale.obj
 0002:0000d2f4       $unwind$__acrt_get_sigabrt_handler 00000001800332f4     libucrt:signal.obj
 0002:0000d2fc       $unwind$??$?RV<lambda_410d79af7f07d98d83a3f525b3859a53>@@AEAV<lambda_3e16ef9562a7dcce91392c22ab16ea36>@@V<lambda_38119f0e861e05405d8a144b9b982f0a>@@@?$__crt_seh_guarded_call@X@@QEAAX$$QEAV<lambda_410d79af7f07d98d83a3f525b3859a53>@@AEAV<lambda_3e16ef9562a7dcce91392c22ab16ea36>@@$$QEAV<lambda_38119f0e861e05405d8a144b9b982f0a>@@@Z 00000001800332fc     libucrt:wsetlocale.obj
 0002:0000d324       $unwind$__acrt_initialize_lowio 0000000180033324     libucrt:ioinit.obj
 0002:0000d344       $unwind$??$common_expand_argv_wildcards@D@@YAHQEAPEADQEAPEAPEAD@Z 0000000180033344     libucrt:argv_wildcards.obj
 0002:0000d35c       $unwind$??$copy_and_add_argument_to_buffer@D@@YAHQEBD0_KAEAV?$argument_list@D@?A0x5f5c8891@@@Z 000000018003335c     libucrt:argv_wildcards.obj
 0002:0000d378       $unwind$??$expand_argument_wildcards@D@@YAHQEAD0AEAV?$argument_list@D@?A0x5f5c8891@@@Z 0000000180033378     libucrt:argv_wildcards.obj
 0002:0000d39c       $unwind$__acrt_GetModuleFileNameA 000000018003339c     libucrt:getmodulefilenamea.obj
 0002:0000d3b8       $unwind$_setmbcp_nolock    00000001800333b8     libucrt:mbctype.obj
 0002:0000d3d8       $unwind$?update_thread_multibyte_data_internal@@YAPEAU__crt_multibyte_data@@QEAU__acrt_ptd@@QEAPEAU1@@Z 00000001800333d8     libucrt:mbctype.obj
 0002:0000d400       $unwind$?setmbcp_internal@@YAHH_NQEAU__acrt_ptd@@QEAPEAU__crt_multibyte_data@@@Z 0000000180033400     libucrt:mbctype.obj
 0002:0000d410       $unwind$?setSBUpLow@@YAXPEAU__crt_multibyte_data@@@Z 0000000180033410     libucrt:mbctype.obj
 0002:0000d42c       $unwind$??$?RV<lambda_efdfa57d1f175319df784efa44bb7b81>@@AEAV<lambda_5f0a4c1567f8adc6734073e5d1e1b35c>@@V<lambda_2e8a7d3640ea6ccb4c2413664c2db6fd>@@@?$__crt_seh_guarded_call@X@@QEAAX$$QEAV<lambda_efdfa57d1f175319df784efa44bb7b81>@@AEAV<lambda_5f0a4c1567f8adc6734073e5d1e1b35c>@@$$QEAV<lambda_2e8a7d3640ea6ccb4c2413664c2db6fd>@@@Z 000000018003342c     libucrt:mbctype.obj
 0002:0000d450       $unwind$__acrt_WideCharToMultiByte 0000000180033450     libucrt:widechartomultibyte.obj
 0002:0000d45c       $unwind$raise              000000018003345c     libucrt:signal.obj
 0002:0000d498       $unwind$??$?RV<lambda_450d765d439847d4c735a33c368b5fc0>@@AEAV<lambda_44731a7d0e6d81c3e6aa82d741081786>@@V<lambda_601a2a7da3b7a96e9554ac7215c4b07c>@@@?$__crt_seh_guarded_call@P6AXH@Z@@QEAAP6AXH@Z$$QEAV<lambda_450d765d439847d4c735a33c368b5fc0>@@AEAV<lambda_44731a7d0e6d81c3e6aa82d741081786>@@$$QEAV<lambda_601a2a7da3b7a96e9554ac7215c4b07c>@@@Z 0000000180033498     libucrt:signal.obj
 0002:0000d4bc       $unwind$?common_flush_all@@YAH_N@Z 00000001800334bc     libucrt:fflush.obj
 0002:0000d4c4       $unwind$??$?RV<lambda_842d9ff0dc9ef11c61343bbaebe7f885>@@AEAV<lambda_c5860995281e5c4ce005b3de8f5874ee>@@V<lambda_d90129c13df834fdcbf8d2b88dafcf2d>@@@?$__crt_seh_guarded_call@X@@QEAAX$$QEAV<lambda_842d9ff0dc9ef11c61343bbaebe7f885>@@AEAV<lambda_c5860995281e5c4ce005b3de8f5874ee>@@$$QEAV<lambda_d90129c13df834fdcbf8d2b88dafcf2d>@@@Z 00000001800334c4     libucrt:fflush.obj
 0002:0000d4e8       $unwind$??$?RV<lambda_886d6c58226a84441f68b9f2b8217b83>@@AEAV<lambda_ab61a845afdef5b7c387490eaf3616ee>@@V<lambda_f7f22ab5edc0698d5f6905b0d3f44752>@@@?$__crt_seh_guarded_call@X@@QEAAX$$QEAV<lambda_886d6c58226a84441f68b9f2b8217b83>@@AEAV<lambda_ab61a845afdef5b7c387490eaf3616ee>@@$$QEAV<lambda_f7f22ab5edc0698d5f6905b0d3f44752>@@@Z 00000001800334e8     libucrt:fflush.obj
 0002:0000d510       $unwind$__acrt_update_thread_locale_data 0000000180033510     libucrt:locale_refcounting.obj
 0002:0000d534       $unwind$?__mbrtowc_utf8@__crt_mbstring@@YA_KPEA_WPEBD_KPEAU_Mbstatet@@@Z 0000000180033534     libucrt:mbrtowc.obj
 0002:0000d53c       $unwind$?__mbsrtowcs_utf8@__crt_mbstring@@YA_KPEA_WPEAPEBD_KPEAU_Mbstatet@@@Z 000000018003353c     libucrt:mbrtowc.obj
 0002:0000d554       $unwind$__acrt_fltout      0000000180033554     libucrt:cfout.obj
 0002:0000d574       $unwind$?divide@__crt_strtox@@YA_KAEAUbig_integer@1@AEBU21@@Z 0000000180033574     libucrt:cfout.obj
 0002:0000d58c       $chain$0$?divide@__crt_strtox@@YA_KAEAUbig_integer@1@AEBU21@@Z 000000018003358c     libucrt:cfout.obj
 0002:0000d5a0       $chain$1$?divide@__crt_strtox@@YA_KAEAUbig_integer@1@AEBU21@@Z 00000001800335a0     libucrt:cfout.obj
 0002:0000d5b0       $unwind$_fcloseall         00000001800335b0     libucrt:closeall.obj
 0002:0000d5d4       $unwind$__acrt_locale_free_monetary 00000001800335d4     libucrt:initmon.obj
 0002:0000d5dc       $unwind$__acrt_locale_free_time 00000001800335dc     libucrt:inittime.obj
 0002:0000d5ec       $unwind$__acrt_GetStringTypeA 00000001800335ec     libucrt:getstringtypea.obj
 0002:0000d614       $unwind$__acrt_lowio_destroy_handle_array 0000000180033614     libucrt:osfinfo.obj
 0002:0000d624       $unwind$__acrt_lowio_ensure_fh_exists 0000000180033624     libucrt:osfinfo.obj
 0002:0000d650       $unwind$qsort              0000000180033650     libucrt:qsort.obj
 0002:0000d668       $chain$4$qsort             0000000180033668     libucrt:qsort.obj
 0002:0000d68c       $chain$5$qsort             000000018003368c     libucrt:qsort.obj
 0002:0000d69c       $unwind$strpbrk            000000018003369c     libucrt:strpbrk.obj
 0002:0000d6ac       $unwind$fallbackMethod     00000001800336ac     libucrt:strpbrk.obj
 0002:0000d6bc       $unwind$__acrt_LCMapStringA 00000001800336bc     libucrt:lcmapstringa.obj
 0002:0000d6cc       $unwind$?__acrt_LCMapStringA_stat@@YAHPEAU__crt_locale_pointers@@PEB_WKPEBDHPEADHHH@Z 00000001800336cc     libucrt:lcmapstringa.obj
 0002:0000d6f4       $unwind$_close             00000001800336f4     libucrt:close.obj
 0002:0000d6f4       $unwind$_commit            00000001800336f4     libucrt:commit.obj
 0002:0000d6fc       $unwind$??$?RV<lambda_a37b2b86f63e897a80ea819b0eb08c01>@@AEAV<lambda_38ce7e780aa69e748d6df282ebc68efe>@@V<lambda_99fb1378e971ab6e7edea83e3a7a83a2>@@@?$__crt_seh_guarded_call@H@@QEAAH$$QEAV<lambda_a37b2b86f63e897a80ea819b0eb08c01>@@AEAV<lambda_38ce7e780aa69e748d6df282ebc68efe>@@$$QEAV<lambda_99fb1378e971ab6e7edea83e3a7a83a2>@@@Z 00000001800336fc     libucrt:commit.obj
 0002:0000d720       $unwind$_write             0000000180033720     libucrt:write.obj
 0002:0000d750       $unwind$_write_nolock      0000000180033750     libucrt:write.obj
 0002:0000d768       $unwind$?write_double_translated_ansi_nolock@@YA?AUwrite_result@?A0x17268360@@HQEBDI@Z 0000000180033768     libucrt:write.obj
 0002:0000d78c       $unwind$?write_text_ansi_nolock@@YA?AUwrite_result@?A0x17268360@@HQEBDI@Z 000000018003378c     libucrt:write.obj
 0002:0000d78c       $unwind$?write_text_utf16le_nolock@@YA?AUwrite_result@?A0x17268360@@HQEBDI@Z 000000018003378c     libucrt:write.obj
 0002:0000d7ac       $unwind$?write_text_utf8_nolock@@YA?AUwrite_result@?A0x17268360@@HQEBDI@Z 00000001800337ac     libucrt:write.obj
 0002:0000d7d0       $xdatasym                  00000001800337d0     libucrt:log10.obj
 0002:0000d7dc       $unwind$__acrt_fenv_set_control 00000001800337dc     libucrt:_fenvutils.obj
 0002:0000d7ec       $unwind$fclose             00000001800337ec     libucrt:fclose.obj
 0002:0000d810       $unwind$_putwch_nolock     0000000180033810     libucrt:putwch.obj
 0002:0000d818       $unwind$common_control87   0000000180033818     libucrt:ieee.obj
 0002:0000d844       $unwind$_call_matherr      0000000180033844     libucrt:libm_error.obj
 0002:0000d84c       $unwind$_handle_error      000000018003384c     libucrt:libm_error.obj
 0002:0000d86c       $unwind$__acrt_initialize_fma3 000000018003386c     libucrt:fma3_available.obj
 0002:0000d874       $unwind$_log_special_common 0000000180033874     libucrt:log_special.obj
 0002:0000d880       $unwind$??$?RV<lambda_751a882b2c74d4b022dec766aa51a29a>@@AEAV<lambda_628dfdc04ba53c8bfc02c9951375f3f5>@@V<lambda_f6c7be5f7998530c34de24c7437d6b54>@@@?$__crt_seh_guarded_call@H@@QEAAH$$QEAV<lambda_751a882b2c74d4b022dec766aa51a29a>@@AEAV<lambda_628dfdc04ba53c8bfc02c9951375f3f5>@@$$QEAV<lambda_f6c7be5f7998530c34de24c7437d6b54>@@@Z 0000000180033880     libucrt:close.obj
 0002:0000d8a8       $xdatasym                  00000001800338a8     libucrt:fpsr.obj
 0002:0000d8b0       $unwind$_raise_exc_ex      00000001800338b0     libucrt:fpexcept.obj
 0002:0000d8c4       $unwind$_ctrlfp            00000001800338c4     libucrt:fpctrl.obj
 0002:0000d8ec       $unwind$_IsNonwritableInCurrentImage 00000001800338ec     LIBCMT:pesect.obj
 0002:0000da70       .edata                     0000000180033a70     OPOSElectronicValueRW.exp
 0002:0000da98       rgpv                       0000000180033a98     OPOSElectronicValueRW.exp
 0002:0000daa8       rgszName                   0000000180033aa8     OPOSElectronicValueRW.exp
 0002:0000dab8       rgwOrd                     0000000180033ab8     OPOSElectronicValueRW.exp
 0002:0000dac0       szName                     0000000180033ac0     OPOSElectronicValueRW.exp
 0002:0000dada       $N00001                    0000000180033ada     OPOSElectronicValueRW.exp
 0002:0000daea       $N00002                    0000000180033aea     OPOSElectronicValueRW.exp
 0002:0000dafc       $N00003                    0000000180033afc     OPOSElectronicValueRW.exp
 0002:0000db0e       $N00004                    0000000180033b0e     OPOSElectronicValueRW.exp
 0002:0000e43a       .idata$6                   000000018003443a     kernel32:KERNEL32.dll
 0002:0000e652       .idata$6                   0000000180034652     user32:USER32.dll
 0002:0000e786       .idata$6                   0000000180034786     gdi32:GDI32.dll
 0002:0000e82c       .idata$6                   000000018003482c     advapi32:ADVAPI32.dll
 0002:0000e948       .idata$6                   0000000180034948     ole32:ole32.dll
 0002:0000e952       .idata$6                   0000000180034952     oleaut32:OLEAUT32.dll
 0003:000001c0       ?ObjectMap@@3PAU_ATL_OBJMAP_ENTRY30@ATL@@A 00000001800351c0     ElectronicValueRW.obj
 0003:000002e8       ?s_RequiredMethodsPerRelease@@3PAHA 00000001800352e8     ElectronicValueRWImpl.obj
 0003:00000300       ?s_SOMethodNames@@3PAPEADA 0000000180035300     ElectronicValueRWImpl.obj
 0003:00000550       ?__vcrt_flsindex@@3KA      0000000180035550     libvcruntime:per_thread_data.obj
 0003:00000560       ?errno_no_memory@@3HA      0000000180035560     libucrt:errno.obj
 0003:00000564       ?doserrno_no_memory@@3KA   0000000180035564     libucrt:errno.obj
 0003:00000570       ?__acrt_flsindex@@3KA      0000000180035570     libucrt:per_thread_data.obj
 0003:00000a30       _mbctypes                  0000000180035a30     libucrt:mbctype.obj
 0003:00000b40       _mbcasemaps                0000000180035b40     libucrt:mbctype.obj
 0003:00000c40       ?__rgctypeflag@@3PADA      0000000180035c40     libucrt:mbctype.obj
 0003:00000c50       ?__rgcode_page_info@@3PAUcode_page_info@@A 0000000180035c50     libucrt:mbctype.obj
 0003:00000ef0       ?dazSupported@?1??common_control87@@9@9 0000000180035ef0     libucrt:ieee.obj
 0003:00000f00       ?__dcrt_lowio_console_output_handle@@3PEAXEA 0000000180035f00     libucrt:initcon.obj
 0003:00000f10       ?dazSupported@?1??_ctrlfp@@9@9 0000000180035f10     libucrt:fpctrl.obj
 0003:00001160       ?is_initialized_as_dll@@3_NA 0000000180036160     LIBCMT:utility.obj
 0003:00001161       ?module_local_atexit_table_initialized@@3_NA 0000000180036161     LIBCMT:utility.obj
 0003:00001168       ?module_local_atexit_table@@3U_onexit_table_t@@A 0000000180036168     LIBCMT:utility.obj
 0003:00001180       ?module_local_at_quick_exit_table@@3U_onexit_table_t@@A 0000000180036180     LIBCMT:utility.obj
 0003:00001198       ?g_tss_cv@@3U_RTL_CONDITION_VARIABLE@@A 0000000180036198     LIBCMT:thread_safe_statics.obj
 0003:000011a0       ?g_tss_event@@3PEAXEA      00000001800361a0     LIBCMT:thread_safe_statics.obj
 0003:000011a8       ?g_tss_mutex@@3U_RTL_CRITICAL_SECTION@@A 00000001800361a8     LIBCMT:thread_safe_statics.obj
 0003:000011d0       ?g_sleep_condition_variable_cs@@3P6AHPEAU_RTL_CONDITION_VARIABLE@@PEAU_RTL_CRITICAL_SECTION@@K@ZEA 00000001800361d0     LIBCMT:thread_safe_statics.obj
 0003:000011d8       ?g_wake_all_condition_variable@@3P6AXPEAU_RTL_CONDITION_VARIABLE@@@ZEA 00000001800361d8     LIBCMT:thread_safe_statics.obj
 0003:000011e0       GS_ExceptionRecord         00000001800361e0     LIBCMT:gs_report.obj
 0003:00001280       GS_ContextRecord           0000000180036280     LIBCMT:gs_report.obj
 0003:00001754       ?__proc_attached@@3HA      0000000180036754     LIBCMT:dll_dllmain.obj
 0003:000017f8       ?AllocateData@@3P6APEAUAtlThunkData_t@@XZEA 00000001800367f8     atls:atlthunk.obj
 0003:00001800       ?InitData@@3P6AXPEAUAtlThunkData_t@@PEAX_K@ZEA 0000000180036800     atls:atlthunk.obj
 0003:00001808       ?DataToCode@@3P6AP6A_JPEAUHWND__@@I_K_J@ZPEAUAtlThunkData_t@@@ZEA 0000000180036808     atls:atlthunk.obj
 0003:00001810       ?FreeData@@3P6AXPEAUAtlThunkData_t@@@ZEA 0000000180036810     atls:atlthunk.obj
 0003:00001818       ?Initialized@@3_NA         0000000180036818     atls:atlthunk.obj
 0003:00001830       ?__vcrt_startup_thread_ptd@@3U__vcrt_ptd@@A 0000000180036830     libvcruntime:per_thread_data.obj
 0003:000018b0       __vcrt_lock_table          00000001800368b0     libvcruntime:locks.obj
 0003:000018d8       __vcrt_locks_initialized   00000001800368d8     libvcruntime:locks.obj
 0003:00001920       ?heap@@3V_HeapManager@@A   0000000180036920     libvcruntime:undname.obj
 0003:00001948       ?module_handles@@3PAPEAUHINSTANCE__@@A 0000000180036948     libvcruntime:winapi_downlevel.obj
 0003:00001960       ?function_pointers@@3PAPEAXA 0000000180036960     libvcruntime:winapi_downlevel.obj
 0003:00001988       ?__acrt_invalid_parameter_handler@@3V?$dual_state_global@P6AXPEB_W00I_K@Z@__crt_state_management@@A 0000000180036988     libucrt:invalid_parameter.obj
 0003:00001990       ?c_termination_complete@@3JA 0000000180036990     libucrt:exit.obj
 0003:00001998       ?thread_local_exit_callback_func@@3P6AXPEAXK0@ZEA 0000000180036998     libucrt:exit.obj
 0003:000019b0       ?program_name@?1???$common_configure_argv@D@@YAHW4_crt_argv_mode@@@Z@4PADA 00000001800369b0     libucrt:argv_parsing.obj
 0003:00001b08       ?__acrt_new_handler@@3V?$dual_state_global@P6AH_K@Z@__crt_state_management@@A 0000000180036b08     libucrt:new_handler.obj
 0003:00001b10       ?module_handles@@3PAPEAUHINSTANCE__@@A 0000000180036b10     libucrt:winapi_thunks.obj
 0003:00001bb0       ?encoded_function_pointers@@3PAPEAXA 0000000180036bb0     libucrt:winapi_thunks.obj
 0003:00001cc0       ?internal_state@?1??_mbtowc_l@@9@4U_Mbstatet@@A 0000000180036cc0     libucrt:mbtowc.obj
 0003:00001cd8       ?enable_percent_n@@3_KA    0000000180036cd8     libucrt:printf_count_output.obj
 0003:00002110       ?__acrt_lock_table@@3PAU_RTL_CRITICAL_SECTION@@A 0000000180037110     libucrt:locks.obj
 0003:00002340       ?__acrt_locks_initialized@@3IA 0000000180037340     libucrt:locks.obj
 0003:00002360       ?fSystemSet@@3HA           0000000180037360     libucrt:mbctype.obj
 0003:00002364       ?initialized@?1??__acrt_initialize_multibyte@@9@4_NA 0000000180037364     libucrt:mbctype.obj
 0003:000023a0       ?ctrlc_action@@3V?$dual_state_global@P6AXH@Z@__crt_state_management@@A 00000001800373a0     libucrt:signal.obj
 0003:000023a8       ?ctrlbreak_action@@3V?$dual_state_global@P6AXH@Z@__crt_state_management@@A 00000001800373a8     libucrt:signal.obj
 0003:000023b0       ?abort_action@@3V?$dual_state_global@P6AXH@Z@__crt_state_management@@A 00000001800373b0     libucrt:signal.obj
 0003:000023b8       ?term_action@@3V?$dual_state_global@P6AXH@Z@__crt_state_management@@A 00000001800373b8     libucrt:signal.obj
 0003:000023c0       ?user_matherr@@3V?$dual_state_global@P6AHPEAU_exception@@@Z@__crt_state_management@@A 00000001800373c0     libucrt:matherr.obj
 0003:000023c8       ?__acrt_global_new_mode@@3V?$dual_state_global@J@__crt_state_management@@A 00000001800373c8     libucrt:new_mode.obj
 0003:000023d8       ?internal_pst@?1??__mbrtoc32_utf8@__crt_mbstring@@YA_KPEA_UPEBD_KPEAU_Mbstatet@@@Z@4U3@A 00000001800373d8     libucrt:mbrtoc32.obj
 0003:000023e0       ?__acrt_app_type@@3W4_crt_app_type@@A 00000001800373e0     libucrt:report_runtime_error.obj
 0005:00000000       MoveSmall                  000000018003b000     libvcruntime:memcpy.obj
 0005:00000050       MsetTab                    000000018003b050     libvcruntime:memset.obj
 0006:00000220       $R000000                   000000018003c220     ElectronicValueRW.res
 0006:00000be0       $R0009C0                   000000018003cbe0     ElectronicValueRW.res
 0006:00000cc8       $R000AA8                   000000018003ccc8     ElectronicValueRW.res
 0006:00000f30       $R000D10                   000000018003cf30     ElectronicValueRW.res
 0006:00001470       $R001250                   000000018003d470     ElectronicValueRW.res
 0006:00007f50       $R007D30                   0000000180043f50     ElectronicValueRW.res
 0006:00007f98       $R007D78                   0000000180043f98     ElectronicValueRW.res
