 OPOSTotals

 Timestamp is 5defab4a (Tue Dec 10 23:27:22 2019)

 Preferred load address is 0000000180000000

 Start         Length     Name                   Class
 0001:00000000 000000c0H .text$di                CODE
 0001:000000c0 000204a0H .text$mn                CODE
 0001:00020560 00000020H .text$mn$00             CODE
 0001:00020580 00000490H .text$x                 CODE
 0001:00020a10 00000078H .text$yd                CODE
 0002:00000000 00000618H .idata$5                DATA
 0002:00000618 00000010H .00cfg                  DATA
 0002:00000628 00000008H .CRT$XCA                DATA
 0002:00000630 00000008H .CRT$XCL                DATA
 0002:00000638 00000020H .CRT$XCU                DATA
 0002:00000658 00000008H .CRT$XCZ                DATA
 0002:00000660 00000008H .CRT$XIA                DATA
 0002:00000668 00000020H .CRT$XIC                DATA
 0002:00000688 00000008H .CRT$XIZ                DATA
 0002:00000690 00000008H .CRT$XLA                DATA
 0002:00000698 00000008H .CRT$XLZ                DATA
 0002:000006a0 00000008H .CRT$XPA                DATA
 0002:000006a8 00000010H .CRT$XPX                DATA
 0002:000006b8 00000008H .CRT$XPXA               DATA
 0002:000006c0 00000008H .CRT$XPZ                DATA
 0002:000006c8 00000008H .CRT$XTA                DATA
 0002:000006d0 00000010H .CRT$XTZ                DATA
 0002:000006d8 00000000H .gfids$y                DATA
 0002:000006e0 0000a4a8H .rdata                  DATA
 0002:0000ab88 00000028H .rdata$T                DATA
 0002:0000abb0 00000274H .rdata$r                DATA
 0002:0000ae24 00000404H .rdata$zzzdbg           DATA
 0002:0000b228 00000008H .rtc$IAA                DATA
 0002:0000b230 00000008H .rtc$IZZ                DATA
 0002:0000b238 00000008H .rtc$TAA                DATA
 0002:0000b240 00000008H .rtc$TZZ                DATA
 0002:0000b248 00000004H .tls                    DATA
 0002:0000b24c 00000004H .tls$                   DATA
 0002:0000b250 00000008H .tls$ZZZ                DATA
 0002:0000b258 00001650H .xdata                  DATA
 0002:0000c8a8 00000150H .xdata$x                DATA
 0002:0000c9f8 00000008H ATL$__a                 DATA
 0002:0000ca00 00000010H ATL$__z                 DATA
 0002:0000ca10 000000a8H .edata                  DATA
 0002:0000cab8 00000078H .idata$2                DATA
 0002:0000cb30 00000018H .idata$3                DATA
 0002:0000cb48 00000618H .idata$4                DATA
 0002:0000d160 00000c24H .idata$6                DATA
 0003:00000000 00000dd8H .data                   DATA
 0003:00000dd8 000000c8H .data$r                 DATA
 0003:00000ea0 0000140cH .bss                    DATA
 0004:00000000 00001e90H .pdata                  DATA
 0005:00000000 00000094H _RDATA                  DATA
 0006:00000000 00000220H .rsrc$01                DATA
 0006:00000220 000040f0H .rsrc$02                DATA

  Address         Publics by Value              Rva+Base               Lib:Object

 0000:00000000       __guard_fids_count         0000000000000000     <absolute>
 0000:00000000       ___safe_se_handler_count   0000000000000000     <absolute>
 0000:00000000       __guard_longjmp_count      0000000000000000     <absolute>
 0000:00000000       __guard_longjmp_table      0000000000000000     <absolute>
 0000:00000000       __guard_iat_table          0000000000000000     <absolute>
 0000:00000000       __hybrid_code_map          0000000000000000     <absolute>
 0000:00000000       __guard_iat_count          0000000000000000     <absolute>
 0000:00000000       __hybrid_code_map_count    0000000000000000     <absolute>
 0000:00000000       __volatile_metadata        0000000000000000     <absolute>
 0000:00000000       __enclave_config           0000000000000000     <absolute>
 0000:00000000       __AbsoluteZero             0000000000000000     <absolute>
 0000:00000000       ___safe_se_handler_table   0000000000000000     <absolute>
 0000:00000000       __guard_fids_table         0000000000000000     <absolute>
 0000:00000000       __hybrid_auxiliary_iat     0000000000000000     <absolute>
 0000:00000000       __dynamic_value_reloc_table 0000000000000000     <absolute>
 0000:00000100       __guard_flags              0000000000000100     <absolute>
 0000:00000000       __ImageBase                0000000180000000     <linker-defined>
 0001:000000c0       ?DupWide@_CW@@AEAAXXZ      00000001800010c0 f   CWString.obj
 0001:000000e8       ?cw_dup@@YAXPEBDAEAHAEAPEA_W1@Z 00000001800010e8 f   CWString.obj
 0001:000001c8       ?cw_memcpy@@YAHPEA_WPEBDH@Z 00000001800011c8 f   CWString.obj
 0001:00000214       ?cw_strcpy@@YAHPEA_WPEBD@Z 0000000180001214 f   CWString.obj
 0001:00000228       ??0CAtlComModule@ATL@@QEAA@XZ 0000000180001228 f i OposVariant.obj
 0001:000002a8       ??0CAtlWinModule@ATL@@QEAA@XZ 00000001800012a8 f i OposVariant.obj
 0001:00000314       ??0OposDispParms@@QEAA@PEAVOposVariant@@H@Z 0000000180001314 f   OposVariant.obj
 0001:000003bc       ??1OposDispParms@@QEAA@XZ  00000001800013bc f   OposVariant.obj
 0001:000003d4       ??_Estringdispid@CComTypeInfoHolder@ATL@@QEAAPEAXI@Z 00000001800013d4 f i OposVariant.obj
 0001:00000478       ?AtlWinModuleTerm@ATL@@YAJPEAU_ATL_WIN_MODULE70@1@PEAUHINSTANCE__@@@Z 0000000180001478 f i OposVariant.obj
 0001:00000528       ?ChangeBSTR@OposVariant@@QEAAXPEAPEA_WAEAJ@Z 0000000180001528 f   OposVariant.obj
 0001:00000588       ?ChangeLONG@OposVariant@@QEAAXPEAJAEAJ@Z 0000000180001588 f   OposVariant.obj
 0001:000005e4       ?GetLONG@OposVariant@@QEAAJXZ 00000001800015e4 f   OposVariant.obj
 0001:00000608       ?SetBSTR@OposVariant@@QEAAXPEA_WAEAJ@Z 0000000180001608 f   OposVariant.obj
 0001:00000648       ?SetBSTR_Copy@OposVariant@@QEAAXPEA_WAEAJ@Z 0000000180001648 f   OposVariant.obj
 0001:000006b8       ?SetBSTR_InOutPtr@OposVariant@@QEAA_NPEAPEA_WAEAJ@Z 00000001800016b8 f   OposVariant.obj
 0001:00000708       ?SetBSTR_OutPtr@OposVariant@@QEAA_NPEAPEA_WAEAJ@Z 0000000180001708 f   OposVariant.obj
 0001:00000724       ?SetDispatch_Ptr@OposVariant@@QEAAXPEAUIDispatch@@AEAJ@Z 0000000180001724 f   OposVariant.obj
 0001:0000077c       ?SetLONG@OposVariant@@QEAAXJ@Z 000000018000177c f   OposVariant.obj
 0001:000007ac       ?SetLONG_Ptr@OposVariant@@QEAAXPEAJAEAJ@Z 00000001800017ac f   OposVariant.obj
 0001:000007f8       ?SetString@OposVariant@@QEAAXPEB_WAEAJ@Z 00000001800017f8 f   OposVariant.obj
 0001:0000085c       ?SetVARIANT_BOOL@OposVariant@@QEAAXF@Z 000000018000185c f   OposVariant.obj
 0001:00000894       ?Term@CAtlComModule@ATL@@QEAAXXZ 0000000180001894 f i OposVariant.obj
 0001:00000904       ?_AtlInitializeCriticalSectionEx@ATL@@YAHPEAU_RTL_CRITICAL_SECTION@@KK@Z 0000000180001904 f i OposVariant.obj
 0001:0000090c       ?_AtlRaiseException@ATL@@YAXKK@Z 000000018000190c f i OposVariant.obj
 0001:0000091c       ?GetWindowProc@?$CWindowImplBaseT@VCWindow@ATL@@V?$CWinTraits@$0FGAAAAAA@$0A@@2@@ATL@@UEAAP6A_JPEAUHWND__@@I_K_J@ZXZ 000000018000191c f i Totals.obj
 0001:00000924       ?StartWindowProc@?$CWindowImplBaseT@VCWindow@ATL@@V?$CWinTraits@$0FGAAAAAA@$0A@@2@@ATL@@SA_JPEAUHWND__@@I_K_J@Z 0000000180001924 f i Totals.obj
 0001:000009e8       ?ObjectMain@CComObjectRootBase@ATL@@SAX_N@Z 00000001800019e8 f i Totals.obj
 0001:000009e8       _guard_check_icall_nop     00000001800019e8 f i LIBCMT:guard_support.obj
 0001:000009e8       ?OnFinalMessage@?$CWindowImplBaseT@VCWindow@ATL@@V?$CWinTraits@$0FGAAAAAA@$0A@@2@@ATL@@UEAAXPEAUHWND__@@@Z 00000001800019e8 f i Totals.obj
 0001:000009ec       ?GetTypeInfoCount@?$IDispatchImpl@UIOPOSTotals@@$1?IID_IOPOSTotals@@3U_GUID@@B$1?LIBID_OposTotals_CCO@@3U3@B$00$0A@VCComTypeInfoHolder@ATL@@@ATL@@UEAAJPEAI@Z 00000001800019ec f i Totals.obj
 0001:00000a00       ?GetTypeInfo@?$IDispatchImpl@UIOPOSTotals@@$1?IID_IOPOSTotals@@3U_GUID@@B$1?LIBID_OposTotals_CCO@@3U3@B$00$0A@VCComTypeInfoHolder@ATL@@@ATL@@UEAAJIKPEAPEAUITypeInfo@@@Z 0000000180001a00 f i Totals.obj
 0001:00000a64       ?GetIDsOfNames@?$IDispatchImpl@UIOPOSTotals@@$1?IID_IOPOSTotals@@3U_GUID@@B$1?LIBID_OposTotals_CCO@@3U3@B$00$0A@VCComTypeInfoHolder@ATL@@@ATL@@UEAAJAEBU_GUID@@PEAPEA_WIKPEAJ@Z 0000000180001a64 f i Totals.obj
 0001:00000a70       ?Invoke@?$IDispatchImpl@UIOPOSTotals@@$1?IID_IOPOSTotals@@3U_GUID@@B$1?LIBID_OposTotals_CCO@@3U3@B$00$0A@VCComTypeInfoHolder@ATL@@@ATL@@UEAAJJAEBU_GUID@@KGPEAUtagDISPPARAMS@@PEAUtagVARIANT@@PEAUtagEXCEPINFO@@PEAI@Z 0000000180001a70 f i Totals.obj
 0001:00000b00       ?CreateControlWindow@?$CComControl@VCOPOSTotals@@V?$CWindowImpl@VCOPOSTotals@@VCWindow@ATL@@V?$CWinTraits@$0FGAAAAAA@$0A@@3@@ATL@@@ATL@@UEAAPEAUHWND__@@PEAU3@AEAUtagRECT@@@Z 0000000180001b00 f i Totals.obj
 0001:00000b38       ?ControlQueryInterface@?$CComControl@VCOPOSTotals@@V?$CWindowImpl@VCOPOSTotals@@VCWindow@ATL@@V?$CWinTraits@$0FGAAAAAA@$0A@@3@@ATL@@@ATL@@UEAAJAEBU_GUID@@PEAPEAX@Z 0000000180001b38 f i Totals.obj
 0001:00000b4c       ?GetClassID@?$IPersistStorageImpl@VCOPOSTotals@@@ATL@@UEAAJPEAU_GUID@@@Z 0000000180001b4c f i Totals.obj
 0001:00000b4c       ?GetClassID@?$IPersistStreamInitImpl@VCOPOSTotals@@@ATL@@UEAAJPEAU_GUID@@@Z 0000000180001b4c f i Totals.obj
 0001:00000b4c       ?GetUserClassID@?$IOleObjectImpl@VCOPOSTotals@@@ATL@@UEAAJPEAU_GUID@@@Z 0000000180001b4c f i Totals.obj
 0001:00000b68       ?IsDirty@?$IPersistStreamInitImpl@VCOPOSTotals@@@ATL@@UEAAJXZ 0000000180001b68 f i Totals.obj
 0001:00000b84       ?Load@?$IPersistStreamInitImpl@VCOPOSTotals@@@ATL@@UEAAJPEAUIStream@@@Z 0000000180001b84 f i Totals.obj
 0001:00000b9c       ?Save@?$IPersistStreamInitImpl@VCOPOSTotals@@@ATL@@UEAAJPEAUIStream@@H@Z 0000000180001b9c f i Totals.obj
 0001:00000bb4       ?GetSizeMax@?$IPersistStreamInitImpl@VCOPOSTotals@@@ATL@@UEAAJPEAT_ULARGE_INTEGER@@@Z 0000000180001bb4 f i Totals.obj
 0001:00000de0       ?InitNew@?$IPersistStreamInitImpl@VCOPOSTotals@@@ATL@@UEAAJXZ 0000000180001de0 f i Totals.obj
 0001:00000df8       ?GetClipboardData@?$IOleObjectImpl@VCOPOSTotals@@@ATL@@UEAAJKPEAPEAUIDataObject@@@Z 0000000180001df8 f i Totals.obj
 0001:00000df8       ?SetMoniker@?$IOleObjectImpl@VCOPOSTotals@@@ATL@@UEAAJKPEAUIMoniker@@@Z 0000000180001df8 f i Totals.obj
 0001:00000df8       ?SOOutputCompleteDummy@COPOSTotals@@MEAAJJ@Z 0000000180001df8 f i Totals.obj
 0001:00000df8       ?ContextSensitiveHelp@?$IOleInPlaceObjectWindowlessImpl@VCOPOSTotals@@@ATL@@UEAAJH@Z 0000000180001df8 f i Totals.obj
 0001:00000df8       ?OnMnemonic@?$IOleControlImpl@VCOPOSTotals@@@ATL@@UEAAJPEAUtagMSG@@@Z 0000000180001df8 f i Totals.obj
 0001:00000df8       ?GetRect@?$IViewObjectExImpl@VCOPOSTotals@@@ATL@@UEAAJKPEAU_RECTL@@@Z 0000000180001df8 f i Totals.obj
 0001:00000df8       ?GetColorSet@?$IViewObjectExImpl@VCOPOSTotals@@@ATL@@UEAAJKJPEAXPEAUtagDVTARGETDEVICE@@PEAUHDC__@@PEAPEAUtagLOGPALETTE@@@Z 0000000180001df8 f i Totals.obj
 0001:00000df8       ?ReactivateAndUndo@?$IOleInPlaceObjectWindowlessImpl@VCOPOSTotals@@@ATL@@UEAAJXZ 0000000180001df8 f i Totals.obj
 0001:00000df8       ?SODataDummy@COPOSTotals@@MEAAJJ@Z 0000000180001df8 f i Totals.obj
 0001:00000df8       ?Freeze@?$IViewObjectExImpl@VCOPOSTotals@@@ATL@@UEAAJKJPEAXPEAK@Z 0000000180001df8 f i Totals.obj
 0001:00000df8       ?EnumFormatEtc@?$IDataObjectImpl@VCOPOSTotals@@@ATL@@UEAAJKPEAPEAUIEnumFORMATETC@@@Z 0000000180001df8 f i Totals.obj
 0001:00000df8       ?ContextSensitiveHelp@?$IOleInPlaceActiveObjectImpl@VCOPOSTotals@@@ATL@@UEAAJH@Z 0000000180001df8 f i Totals.obj
 0001:00000df8       ?SetColorScheme@?$IOleObjectImpl@VCOPOSTotals@@@ATL@@UEAAJPEAUtagLOGPALETTE@@@Z 0000000180001df8 f i Totals.obj
 0001:00000df8       ?GetMoniker@?$IOleObjectImpl@VCOPOSTotals@@@ATL@@UEAAJKKPEAPEAUIMoniker@@@Z 0000000180001df8 f i Totals.obj
 0001:00000df8       ?QueryInterface@CRegObject@ATL@@UEAAJAEBU_GUID@@PEAPEAX@Z 0000000180001df8 f i Totals.obj
 0001:00000df8       ?SetData@?$IDataObjectImpl@VCOPOSTotals@@@ATL@@UEAAJPEAUtagFORMATETC@@PEAUtagSTGMEDIUM@@H@Z 0000000180001df8 f i Totals.obj
 0001:00000df8       ?GetDropTarget@?$IOleInPlaceObjectWindowlessImpl@VCOPOSTotals@@@ATL@@UEAAJPEAPEAUIDropTarget@@@Z 0000000180001df8 f i Totals.obj
 0001:00000df8       ?GetDataHere@?$IDataObjectImpl@VCOPOSTotals@@@ATL@@UEAAJPEAUtagFORMATETC@@PEAUtagSTGMEDIUM@@@Z 0000000180001df8 f i Totals.obj
 0001:00000df8       ?GetCanonicalFormatEtc@?$IDataObjectImpl@VCOPOSTotals@@@ATL@@UEAAJPEAUtagFORMATETC@@0@Z 0000000180001df8 f i Totals.obj
 0001:00000df8       ?InitFromData@?$IOleObjectImpl@VCOPOSTotals@@@ATL@@UEAAJPEAUIDataObject@@HK@Z 0000000180001df8 f i Totals.obj
 0001:00000df8       ?Unfreeze@?$IViewObjectExImpl@VCOPOSTotals@@@ATL@@UEAAJK@Z 0000000180001df8 f i Totals.obj
 0001:00000df8       ?GetControlInfo@?$IOleControlImpl@VCOPOSTotals@@@ATL@@UEAAJPEAUtagCONTROLINFO@@@Z 0000000180001df8 f i Totals.obj
 0001:00000df8       ?SOErrorDummy@COPOSTotals@@MEAAJJJJPEAJ@Z 0000000180001df8 f i Totals.obj
 0001:00000df8       ?QueryGetData@?$IDataObjectImpl@VCOPOSTotals@@@ATL@@UEAAJPEAUtagFORMATETC@@@Z 0000000180001df8 f i Totals.obj
 0001:00000e00       ?HandsOffStorage@?$IPersistStorageImpl@VCOPOSTotals@@@ATL@@UEAAJXZ 0000000180001e00 f i Totals.obj
 0001:00000e00       ?SaveCompleted@?$IPersistStorageImpl@VCOPOSTotals@@@ATL@@UEAAJPEAUIStorage@@@Z 0000000180001e00 f i Totals.obj
 0001:00000e00       ?EnableModeless@?$IOleInPlaceActiveObjectImpl@VCOPOSTotals@@@ATL@@UEAAJH@Z 0000000180001e00 f i Totals.obj
 0001:00000e00       ?OnAmbientPropertyChange@?$IOleControlImpl@VCOPOSTotals@@@ATL@@UEAAJJ@Z 0000000180001e00 f i Totals.obj
 0001:00000e00       ?IsUpToDate@?$IOleObjectImpl@VCOPOSTotals@@@ATL@@UEAAJXZ 0000000180001e00 f i Totals.obj
 0001:00000e00       ?SetHostNames@?$IOleObjectImpl@VCOPOSTotals@@@ATL@@UEAAJPEB_W0@Z 0000000180001e00 f i Totals.obj
 0001:00000e00       ?GetObjectDescription@?$CComCoClass@VCOPOSTotals@@$1?CLSID_OPOSTotals@@3U_GUID@@B@ATL@@SAPEB_WXZ 0000000180001e00 f i Totals.obj
 0001:00000e00       ?Update@?$IOleObjectImpl@VCOPOSTotals@@@ATL@@UEAAJXZ 0000000180001e00 f i Totals.obj
 0001:00000e00       ?GetCategoryMap@CComObjectRootBase@ATL@@SAPEBU_ATL_CATMAP_ENTRY@2@XZ 0000000180001e00 f i Totals.obj
 0001:00000e00       ?ResizeBorder@?$IOleInPlaceActiveObjectImpl@VCOPOSTotals@@@ATL@@UEAAJPEBUtagRECT@@PEAUIOleInPlaceUIWindow@@H@Z 0000000180001e00 f i Totals.obj
 0001:00000e00       ?OnFrameWindowActivate@?$IOleInPlaceActiveObjectImpl@VCOPOSTotals@@@ATL@@UEAAJH@Z 0000000180001e00 f i Totals.obj
 0001:00000e00       ?Release@CRegObject@ATL@@UEAAKXZ 0000000180001e00 f i Totals.obj
 0001:00000e04       ?SetClientSite@?$IOleObjectImpl@VCOPOSTotals@@@ATL@@UEAAJPEAUIOleClientSite@@@Z 0000000180001e04 f i Totals.obj
 0001:00000e20       ?GetClientSite@?$IOleObjectImpl@VCOPOSTotals@@@ATL@@UEAAJPEAPEAUIOleClientSite@@@Z 0000000180001e20 f i Totals.obj
 0001:00000e68       ?Close@?$IOleObjectImpl@VCOPOSTotals@@@ATL@@UEAAJK@Z 0000000180001e68 f i Totals.obj
 0001:00000e84       ?DoVerb@?$IOleObjectImpl@VCOPOSTotals@@@ATL@@UEAAJJPEAUtagMSG@@PEAUIOleClientSite@@JPEAUHWND__@@PEBUtagRECT@@@Z 0000000180001e84 f i Totals.obj
 0001:00001028       ?EnumVerbs@?$IOleObjectImpl@VCOPOSTotals@@@ATL@@UEAAJPEAPEAUIEnumOLEVERB@@@Z 0000000180002028 f i Totals.obj
 0001:00001044       ?GetUserType@?$IOleObjectImpl@VCOPOSTotals@@@ATL@@UEAAJKPEAPEA_W@Z 0000000180002044 f i Totals.obj
 0001:00001054       ?SetExtent@?$IOleObjectImpl@VCOPOSTotals@@@ATL@@UEAAJKPEAUtagSIZE@@@Z 0000000180002054 f i Totals.obj
 0001:00001070       ?GetExtent@?$IOleObjectImpl@VCOPOSTotals@@@ATL@@UEAAJKPEAUtagSIZE@@@Z 0000000180002070 f i Totals.obj
 0001:000010a0       ?Advise@?$IOleObjectImpl@VCOPOSTotals@@@ATL@@UEAAJPEAUIAdviseSink@@PEAK@Z 00000001800020a0 f i Totals.obj
 0001:000010fc       ?Unadvise@?$IOleObjectImpl@VCOPOSTotals@@@ATL@@UEAAJK@Z 00000001800020fc f i Totals.obj
 0001:00001134       ?EnumAdvise@?$IOleObjectImpl@VCOPOSTotals@@@ATL@@UEAAJPEAPEAUIEnumSTATDATA@@@Z 0000000180002134 f i Totals.obj
 0001:0000117c       ?GetMiscStatus@?$IOleObjectImpl@VCOPOSTotals@@@ATL@@UEAAJKPEAK@Z 000000018000217c f i Totals.obj
 0001:0000118c       ?GetWindow@?$IOleInPlaceActiveObjectImpl@VCOPOSTotals@@@ATL@@UEAAJPEAPEAUHWND__@@@Z 000000018000218c f i Totals.obj
 0001:000011e0       ?TranslateAcceleratorW@?$IOleInPlaceActiveObjectImpl@VCOPOSTotals@@@ATL@@UEAAJPEAUtagMSG@@@Z 00000001800021e0 f i Totals.obj
 0001:000012d4       ?OnDocWindowActivate@?$IOleInPlaceActiveObjectImpl@VCOPOSTotals@@@ATL@@UEAAJH@Z 00000001800022d4 f i Totals.obj
 0001:00001300       ?Draw@?$IViewObjectExImpl@VCOPOSTotals@@@ATL@@UEAAJKJPEAXPEAUtagDVTARGETDEVICE@@PEAUHDC__@@2PEBU_RECTL@@3P6AH_K@Z4@Z 0000000180002300 f i Totals.obj
 0001:00001364       ?SetAdvise@?$IViewObjectExImpl@VCOPOSTotals@@@ATL@@UEAAJKKPEAUIAdviseSink@@@Z 0000000180002364 f i Totals.obj
 0001:000013b8       ?GetAdvise@?$IViewObjectExImpl@VCOPOSTotals@@@ATL@@UEAAJPEAK0PEAPEAUIAdviseSink@@@Z 00000001800023b8 f i Totals.obj
 0001:000013f4       ?GetExtent@?$IViewObjectExImpl@VCOPOSTotals@@@ATL@@UEAAJKJPEAUtagDVTARGETDEVICE@@PEAUtagSIZE@@@Z 00000001800023f4 f i Totals.obj
 0001:00001424       ?GetViewStatus@?$IViewObjectExImpl@VCOPOSTotals@@@ATL@@UEAAJPEAK@Z 0000000180002424 f i Totals.obj
 0001:00001438       ?QueryHitPoint@?$IViewObjectExImpl@VCOPOSTotals@@@ATL@@UEAAJKPEBUtagRECT@@UtagPOINT@@JPEAK@Z 0000000180002438 f i Totals.obj
 0001:0000147c       ?QueryHitRect@?$IViewObjectExImpl@VCOPOSTotals@@@ATL@@UEAAJKPEBUtagRECT@@0JPEAK@Z 000000018000247c f i Totals.obj
 0001:000014e4       ?GetNaturalExtent@?$IViewObjectExImpl@VCOPOSTotals@@@ATL@@UEAAJKJPEAUtagDVTARGETDEVICE@@PEAUHDC__@@PEAUtagExtentInfo@@PEAUtagSIZE@@@Z 00000001800024e4 f i Totals.obj
 0001:0000152c       ?GetWindow@?$IOleInPlaceObjectWindowlessImpl@VCOPOSTotals@@@ATL@@UEAAJPEAPEAUHWND__@@@Z 000000018000252c f i Totals.obj
 0001:00001580       ?InPlaceDeactivate@?$IOleInPlaceObjectWindowlessImpl@VCOPOSTotals@@@ATL@@UEAAJXZ 0000000180002580 f i Totals.obj
 0001:0000159c       ?UIDeactivate@?$IOleInPlaceObjectWindowlessImpl@VCOPOSTotals@@@ATL@@UEAAJXZ 000000018000259c f i Totals.obj
 0001:000015b8       ?SetObjectRects@?$IOleInPlaceObjectWindowlessImpl@VCOPOSTotals@@@ATL@@UEAAJPEBUtagRECT@@0@Z 00000001800025b8 f i Totals.obj
 0001:000015d4       ?OnWindowMessage@?$IOleInPlaceObjectWindowlessImpl@VCOPOSTotals@@@ATL@@UEAAJI_K_JPEA_J@Z 00000001800025d4 f i Totals.obj
 0001:0000169c       ?EnumConnectionPoints@?$IConnectionPointContainerImpl@VCOPOSTotals@@@ATL@@UEAAJPEAPEAUIEnumConnectionPoints@@@Z 000000018000269c f i Totals.obj
 0001:000018e0       ?FindConnectionPoint@?$IConnectionPointContainerImpl@VCOPOSTotals@@@ATL@@UEAAJAEBU_GUID@@PEAPEAUIConnectionPoint@@@Z 00000001800028e0 f i Totals.obj
 0001:000019b0       ?IsDirty@?$IPersistStorageImpl@VCOPOSTotals@@@ATL@@UEAAJXZ 00000001800029b0 f i Totals.obj
 0001:000019f4       ?InitNew@?$IPersistStorageImpl@VCOPOSTotals@@@ATL@@UEAAJPEAUIStorage@@@Z 00000001800029f4 f i Totals.obj
 0001:00001a38       ?Load@?$IPersistStorageImpl@VCOPOSTotals@@@ATL@@UEAAJPEAUIStorage@@@Z 0000000180002a38 f i Totals.obj
 0001:00001ad8       ?Save@?$IPersistStorageImpl@VCOPOSTotals@@@ATL@@UEAAJPEAUIStorage@@H@Z 0000000180002ad8 f i Totals.obj
 0001:00001b88       ?GetPages@?$ISpecifyPropertyPagesImpl@VCOPOSTotals@@@ATL@@UEAAJPEAUtagCAUUID@@@Z 0000000180002b88 f i Totals.obj
 0001:00001b94       ?QuickActivate@?$IQuickActivateImpl@VCOPOSTotals@@@ATL@@UEAAJPEAUtagQACONTAINER@@PEAUtagQACONTROL@@@Z 0000000180002b94 f i Totals.obj
 0001:00001bb0       ?SetContentExtent@?$IQuickActivateImpl@VCOPOSTotals@@@ATL@@UEAAJPEAUtagSIZE@@@Z 0000000180002bb0 f i Totals.obj
 0001:00001be4       ?GetContentExtent@?$IQuickActivateImpl@VCOPOSTotals@@@ATL@@UEAAJPEAUtagSIZE@@@Z 0000000180002be4 f i Totals.obj
 0001:00001c1c       ?GetData@?$IDataObjectImpl@VCOPOSTotals@@@ATL@@UEAAJPEAUtagFORMATETC@@PEAUtagSTGMEDIUM@@@Z 0000000180002c1c f i Totals.obj
 0001:00001c38       ?DAdvise@?$IDataObjectImpl@VCOPOSTotals@@@ATL@@UEAAJPEAUtagFORMATETC@@KPEAUIAdviseSink@@PEAK@Z 0000000180002c38 f i Totals.obj
 0001:00001cc0       ?DUnadvise@?$IDataObjectImpl@VCOPOSTotals@@@ATL@@UEAAJK@Z 0000000180002cc0 f i Totals.obj
 0001:00001cec       ?EnumDAdvise@?$IDataObjectImpl@VCOPOSTotals@@@ATL@@UEAAJPEAPEAUIEnumSTATDATA@@@Z 0000000180002cec f i Totals.obj
 0001:00001d28       ?GetClassInfoW@?$IProvideClassInfo2Impl@$1?CLSID_OPOSTotals@@3U_GUID@@B$1?DIID__IOPOSTotalsEvents@@3U2@B$1?LIBID_OposTotals_CCO@@3U2@B$00$0A@VCComTypeInfoHolder@ATL@@@ATL@@UEAAJPEAPEAUITypeInfo@@@Z 0000000180002d28 f i Totals.obj
 0001:00001d80       ?GetGUID@?$IProvideClassInfo2Impl@$1?CLSID_OPOSTotals@@3U_GUID@@B$1?DIID__IOPOSTotalsEvents@@3U2@B$1?LIBID_OposTotals_CCO@@3U2@B$00$0A@VCComTypeInfoHolder@ATL@@@ATL@@UEAAJKPEAU_GUID@@@Z 0000000180002d80 f i Totals.obj
 0001:00001db4       ?FAccessAllowed@?$IObjectSafetyImpl@VCOPOSTotals@@$02@ATL@@MEAAHXZ 0000000180002db4 f i Totals.obj
 0001:00001db4       ?AddRef@CRegObject@ATL@@UEAAKXZ 0000000180002db4 f i Totals.obj
 0001:00001db4       _get_startup_argv_mode     0000000180002db4 f i LIBCMT:argv_mode.obj
 0001:00001dbc       ?GetInterfaceSafetyOptions@?$IObjectSafetyImpl@VCOPOSTotals@@$02@ATL@@UEAAJAEBU_GUID@@PEAK1@Z 0000000180002dbc f i Totals.obj
 0001:00001e50       ?SetInterfaceSafetyOptions@?$IObjectSafetyImpl@VCOPOSTotals@@$02@ATL@@UEAAJAEBU_GUID@@KK@Z 0000000180002e50 f i Totals.obj
 0001:00001ef4       ?_LocCPQueryInterface@?$IConnectionPointImpl@VCOPOSTotals@@$1?DIID__IOPOSTotalsEvents@@3U_GUID@@BVCComDynamicUnkArray@ATL@@@ATL@@UEAAJAEBU_GUID@@PEAPEAX@Z 0000000180002ef4 f i Totals.obj
 0001:00001ef4       ?_LocCPQueryInterface@?$IConnectionPointImpl@VCOPOSTotals@@$1?IID_IPropertyNotifySink@@3U_GUID@@BVCComDynamicUnkArray@ATL@@@ATL@@UEAAJAEBU_GUID@@PEAPEAX@Z 0000000180002ef4 f i Totals.obj
 0001:00001f68       ?GetConnectionInterface@?$IConnectionPointImpl@VCOPOSTotals@@$1?IID_IPropertyNotifySink@@3U_GUID@@BVCComDynamicUnkArray@ATL@@@ATL@@UEAAJPEAU_GUID@@@Z 0000000180002f68 f i Totals.obj
 0001:00001f84       ?GetConnectionPointContainer@?$IConnectionPointImpl@VCOPOSTotals@@$1?IID_IPropertyNotifySink@@3U_GUID@@BVCComDynamicUnkArray@ATL@@@ATL@@UEAAJPEAPEAUIConnectionPointContainer@@@Z 0000000180002f84 f i Totals.obj
 0001:00001fa4       ?Advise@?$IConnectionPointImpl@VCOPOSTotals@@$1?DIID__IOPOSTotalsEvents@@3U_GUID@@BVCComDynamicUnkArray@ATL@@@ATL@@UEAAJPEAUIUnknown@@PEAK@Z 0000000180002fa4 f i Totals.obj
 0001:00001fa4       ?Advise@?$IConnectionPointImpl@VCOPOSTotals@@$1?IID_IPropertyNotifySink@@3U_GUID@@BVCComDynamicUnkArray@ATL@@@ATL@@UEAAJPEAUIUnknown@@PEAK@Z 0000000180002fa4 f i Totals.obj
 0001:00002064       ?Unadvise@?$IConnectionPointImpl@VCOPOSTotals@@$1?IID_IPropertyNotifySink@@3U_GUID@@BVCComDynamicUnkArray@ATL@@@ATL@@UEAAJK@Z 0000000180003064 f i Totals.obj
 0001:00002064       ?Unadvise@?$IConnectionPointImpl@VCOPOSTotals@@$1?DIID__IOPOSTotalsEvents@@3U_GUID@@BVCComDynamicUnkArray@ATL@@@ATL@@UEAAJK@Z 0000000180003064 f i Totals.obj
 0001:000020e0       ?EnumConnections@?$IConnectionPointImpl@VCOPOSTotals@@$1?IID_IPropertyNotifySink@@3U_GUID@@BVCComDynamicUnkArray@ATL@@@ATL@@UEAAJPEAPEAUIEnumConnections@@@Z 00000001800030e0 f i Totals.obj
 0001:000020e0       ?EnumConnections@?$IConnectionPointImpl@VCOPOSTotals@@$1?DIID__IOPOSTotalsEvents@@3U_GUID@@BVCComDynamicUnkArray@ATL@@@ATL@@UEAAJPEAPEAUIEnumConnections@@@Z 00000001800030e0 f i Totals.obj
 0001:00002298       ?GetConnectionInterface@?$IConnectionPointImpl@VCOPOSTotals@@$1?DIID__IOPOSTotalsEvents@@3U_GUID@@BVCComDynamicUnkArray@ATL@@@ATL@@UEAAJPEAU_GUID@@@Z 0000000180003298 f i Totals.obj
 0001:000022b4       ?GetConnectionPointContainer@?$IConnectionPointImpl@VCOPOSTotals@@$1?DIID__IOPOSTotalsEvents@@3U_GUID@@BVCComDynamicUnkArray@ATL@@@ATL@@UEAAJPEAPEAUIConnectionPointContainer@@@Z 00000001800032b4 f i Totals.obj
 0001:000022d4       ?UpdateRegistry@COPOSTotals@@SAJH@Z 00000001800032d4 f i Totals.obj
 0001:000022ec       ?ProcessWindowMessage@COPOSTotals@@UEAAHPEAUHWND__@@I_K_JAEA_JK@Z 00000001800032ec f i Totals.obj
 0001:00002374       ?SODirectIO@COPOSTotals@@MEAAJJPEAJPEAPEA_W@Z 0000000180003374 f i Totals.obj
 0001:000023ec       ?SOStatusUpdate@COPOSTotals@@MEAAJJ@Z 00000001800033ec f i Totals.obj
 0001:0000243c       ?Lock@CAtlModule@ATL@@UEAAJXZ 000000018000343c f i Totals.obj
 0001:0000244c       ?Unlock@CAtlModule@ATL@@UEAAJXZ 000000018000344c f i Totals.obj
 0001:00002458       ?GetLockCount@CAtlModule@ATL@@UEAAJXZ 0000000180003458 f i Totals.obj
 0001:0000245c       ?GetGITPtr@CAtlModule@ATL@@UEAAJPEAPEAUIGlobalInterfaceTable@@@Z 000000018000345c f i Totals.obj
 0001:000024cc       ?CreateInstance@?$CComCreator@V?$CComObjectCached@VCComClassFactory@ATL@@@ATL@@@ATL@@SAJPEAXAEBU_GUID@@PEAPEAX@Z 00000001800034cc f i Totals.obj
 0001:000025f8       ?CreateInstance@?$CComCreator2@V?$CComCreator@V?$CComObject@VCOPOSTotals@@@ATL@@@ATL@@V?$CComCreator@V?$CComAggObject@VCOPOSTotals@@@ATL@@@2@@ATL@@SAJPEAXAEBU_GUID@@PEAPEAX@Z 00000001800035f8 f i Totals.obj
 0001:00002608       ?AddRef@?$CComObjectCached@VCComClassFactory@ATL@@@ATL@@UEAAKXZ 0000000180003608 f i Totals.obj
 0001:00002634       ?Release@?$CComObjectCached@VCComClassFactory@ATL@@@ATL@@UEAAKXZ 0000000180003634 f i Totals.obj
 0001:00002674       ?QueryInterface@?$CComObjectCached@VCComClassFactory@ATL@@@ATL@@UEAAJAEBU_GUID@@PEAPEAX@Z 0000000180003674 f i Totals.obj
 0001:00002688       ??_E?$CComObjectCached@VCComClassFactory@ATL@@@ATL@@UEAAPEAXI@Z 0000000180003688 f i Totals.obj
 0001:00002688       ??_G?$CComObjectCached@VCComClassFactory@ATL@@@ATL@@UEAAPEAXI@Z 0000000180003688 f i Totals.obj
 0001:000026e0       ?AddCommonRGSReplacements@?$CAtlModuleT@VCComModule@ATL@@@ATL@@UEAAJPEAUIRegistrarBase@@@Z 00000001800036e0 f i Totals.obj
 0001:000026f8       ?UpdateRegistryFromResourceD@CComModule@ATL@@UEAAJPEB_WHPEAU_ATL_REGMAP_ENTRY@2@@Z 00000001800036f8 f i Totals.obj
 0001:000026f8       ?UpdateRegistryFromResourceD@CComModule@ATL@@UEAAJIHPEAU_ATL_REGMAP_ENTRY@2@@Z 00000001800036f8 f i Totals.obj
 0001:00002700       ?UpdateRegistryFromResource@CComModule@ATL@@UEAAJPEB_WHPEAU_ATL_REGMAP_ENTRY@2@@Z 0000000180003700 f i Totals.obj
 0001:00002708       ?UpdateRegistryFromResource@CComModule@ATL@@UEAAJIHPEAU_ATL_REGMAP_ENTRY@2@@Z 0000000180003708 f i Totals.obj
 0001:00002710       ??_ECComModule@ATL@@UEAAPEAXI@Z 0000000180003710 f i Totals.obj
 0001:00002710       ??_GCComModule@ATL@@UEAAPEAXI@Z 0000000180003710 f i Totals.obj
 0001:00002750       ?Next@?$CComEnumImpl@UIEnumConnectionPoints@@$1?_GUID_b196b285_bab4_101a_b69c_00aa00341d07@@3U__s_GUID@@BPEAUIConnectionPoint@@V?$_CopyInterface@UIConnectionPoint@@@ATL@@@ATL@@UEAAJKPEAPEAUIConnectionPoint@@PEAK@Z 0000000180003750 f i Totals.obj
 0001:0000281c       ?Skip@?$CComEnumImpl@UIEnumConnectionPoints@@$1?_GUID_b196b285_bab4_101a_b69c_00aa00341d07@@3U__s_GUID@@BPEAUIConnectionPoint@@V?$_CopyInterface@UIConnectionPoint@@@ATL@@@ATL@@UEAAJK@Z 000000018000381c f i Totals.obj
 0001:00002848       ?Reset@?$CComEnumImpl@UIEnumConnectionPoints@@$1?_GUID_b196b285_bab4_101a_b69c_00aa00341d07@@3U__s_GUID@@BPEAUIConnectionPoint@@V?$_CopyInterface@UIConnectionPoint@@@ATL@@@ATL@@UEAAJXZ 0000000180003848 f i Totals.obj
 0001:00002848       ?Reset@?$CComEnumImpl@UIEnumConnections@@$1?_GUID_b196b287_bab4_101a_b69c_00aa00341d07@@3U__s_GUID@@BUtagCONNECTDATA@@V?$_Copy@UtagCONNECTDATA@@@ATL@@@ATL@@UEAAJXZ 0000000180003848 f i Totals.obj
 0001:00002854       ?Clone@?$CComEnumImpl@UIEnumConnectionPoints@@$1?_GUID_b196b285_bab4_101a_b69c_00aa00341d07@@3U__s_GUID@@BPEAUIConnectionPoint@@V?$_CopyInterface@UIConnectionPoint@@@ATL@@@ATL@@UEAAJPEAPEAUIEnumConnectionPoints@@@Z 0000000180003854 f i Totals.obj
 0001:00002980       ?AddRef@?$CComObject@V?$CComEnum@UIEnumConnections@@$1?_GUID_b196b287_bab4_101a_b69c_00aa00341d07@@3U__s_GUID@@BUtagCONNECTDATA@@V?$_Copy@UtagCONNECTDATA@@@ATL@@VCComSingleThreadModel@6@@ATL@@@ATL@@UEAAKXZ 0000000180003980 f i Totals.obj
 0001:00002980       ?AddRef@?$CComObject@V?$CComEnum@UIEnumConnectionPoints@@$1?_GUID_b196b285_bab4_101a_b69c_00aa00341d07@@3U__s_GUID@@BPEAUIConnectionPoint@@V?$_CopyInterface@UIConnectionPoint@@@ATL@@VCComSingleThreadModel@6@@ATL@@@ATL@@UEAAKXZ 0000000180003980 f i Totals.obj
 0001:0000298c       ?Release@?$CComObject@V?$CComEnum@UIEnumConnectionPoints@@$1?_GUID_b196b285_bab4_101a_b69c_00aa00341d07@@3U__s_GUID@@BPEAUIConnectionPoint@@V?$_CopyInterface@UIConnectionPoint@@@ATL@@VCComSingleThreadModel@6@@ATL@@@ATL@@UEAAKXZ 000000018000398c f i Totals.obj
 0001:0000298c       ?Release@?$CComObject@V?$CComEnum@UIEnumConnections@@$1?_GUID_b196b287_bab4_101a_b69c_00aa00341d07@@3U__s_GUID@@BUtagCONNECTDATA@@V?$_Copy@UtagCONNECTDATA@@@ATL@@VCComSingleThreadModel@6@@ATL@@@ATL@@UEAAKXZ 000000018000398c f i Totals.obj
 0001:000029e0       ?QueryInterface@?$CComObject@V?$CComEnum@UIEnumConnectionPoints@@$1?_GUID_b196b285_bab4_101a_b69c_00aa00341d07@@3U__s_GUID@@BPEAUIConnectionPoint@@V?$_CopyInterface@UIConnectionPoint@@@ATL@@VCComSingleThreadModel@6@@ATL@@@ATL@@UEAAJAEBU_GUID@@PEAPEAX@Z 00000001800039e0 f i Totals.obj
 0001:000029f4       ??_G?$CComObject@V?$CComEnum@UIEnumConnectionPoints@@$1?_GUID_b196b285_bab4_101a_b69c_00aa00341d07@@3U__s_GUID@@BPEAUIConnectionPoint@@V?$_CopyInterface@UIConnectionPoint@@@ATL@@VCComSingleThreadModel@6@@ATL@@@ATL@@UEAAPEAXI@Z 00000001800039f4 f i Totals.obj
 0001:000029f4       ??_E?$CComObject@V?$CComEnum@UIEnumConnectionPoints@@$1?_GUID_b196b285_bab4_101a_b69c_00aa00341d07@@3U__s_GUID@@BPEAUIConnectionPoint@@V?$_CopyInterface@UIConnectionPoint@@@ATL@@VCComSingleThreadModel@6@@ATL@@@ATL@@UEAAPEAXI@Z 00000001800039f4 f i Totals.obj
 0001:00002a4c       ?AddReplacement@CRegObject@ATL@@UEAAJPEB_W0@Z 0000000180003a4c f i Totals.obj
 0001:00002a7c       ?ClearReplacements@CRegObject@ATL@@UEAAJXZ 0000000180003a7c f i Totals.obj
 0001:00002a88       ??_ECRegObject@ATL@@UEAAPEAXI@Z 0000000180003a88 f i Totals.obj
 0001:00002a88       ??_GCRegObject@ATL@@UEAAPEAXI@Z 0000000180003a88 f i Totals.obj
 0001:00002b08       ?AddRef@?$CComAggObject@VCOPOSTotals@@@ATL@@UEAAKXZ 0000000180003b08 f i Totals.obj
 0001:00002b14       ?Release@?$CComAggObject@VCOPOSTotals@@@ATL@@UEAAKXZ 0000000180003b14 f i Totals.obj
 0001:00002b68       ?QueryInterface@?$CComAggObject@VCOPOSTotals@@@ATL@@UEAAJAEBU_GUID@@PEAPEAX@Z 0000000180003b68 f i Totals.obj
 0001:00002bc8       ?AddRef@?$CComContainedObject@VCOPOSTotals@@@ATL@@UEAAKXZ 0000000180003bc8 f i Totals.obj
 0001:00002bd8       ?Release@?$CComContainedObject@VCOPOSTotals@@@ATL@@UEAAKXZ 0000000180003bd8 f i Totals.obj
 0001:00002be8       ?QueryInterface@?$CComContainedObject@VCOPOSTotals@@@ATL@@UEAAJAEBU_GUID@@PEAPEAX@Z 0000000180003be8 f i Totals.obj
 0001:00002bf8       ??_E?$CComAggObject@VCOPOSTotals@@@ATL@@UEAAPEAXI@Z 0000000180003bf8 f i Totals.obj
 0001:00002bf8       ??_G?$CComAggObject@VCOPOSTotals@@@ATL@@UEAAPEAXI@Z 0000000180003bf8 f i Totals.obj
 0001:00002c50       ?AddRef@?$CComObject@VCOPOSTotals@@@ATL@@UEAAKXZ 0000000180003c50 f i Totals.obj
 0001:00002c60       ?Release@?$CComObject@VCOPOSTotals@@@ATL@@UEAAKXZ 0000000180003c60 f i Totals.obj
 0001:00002cb8       ?QueryInterface@?$CComObject@VCOPOSTotals@@@ATL@@UEAAJAEBU_GUID@@PEAPEAX@Z 0000000180003cb8 f i Totals.obj
 0001:00002ccc       ?OnDrawAdvanced@CComControlBase@ATL@@UEAAJAEAUATL_DRAWINFO@@@Z 0000000180003ccc f i Totals.obj
 0001:00002e58       ?Next@?$CComEnumImpl@UIEnumConnections@@$1?_GUID_b196b287_bab4_101a_b69c_00aa00341d07@@3U__s_GUID@@BUtagCONNECTDATA@@V?$_Copy@UtagCONNECTDATA@@@ATL@@@ATL@@UEAAJKPEAUtagCONNECTDATA@@PEAK@Z 0000000180003e58 f i Totals.obj
 0001:00002f2c       ?Skip@?$CComEnumImpl@UIEnumConnections@@$1?_GUID_b196b287_bab4_101a_b69c_00aa00341d07@@3U__s_GUID@@BUtagCONNECTDATA@@V?$_Copy@UtagCONNECTDATA@@@ATL@@@ATL@@UEAAJK@Z 0000000180003f2c f i Totals.obj
 0001:00002f58       ?Clone@?$CComEnumImpl@UIEnumConnections@@$1?_GUID_b196b287_bab4_101a_b69c_00aa00341d07@@3U__s_GUID@@BUtagCONNECTDATA@@V?$_Copy@UtagCONNECTDATA@@@ATL@@@ATL@@UEAAJPEAPEAUIEnumConnections@@@Z 0000000180003f58 f i Totals.obj
 0001:00003084       ?QueryInterface@?$CComObject@V?$CComEnum@UIEnumConnections@@$1?_GUID_b196b287_bab4_101a_b69c_00aa00341d07@@3U__s_GUID@@BUtagCONNECTDATA@@V?$_Copy@UtagCONNECTDATA@@@ATL@@VCComSingleThreadModel@6@@ATL@@@ATL@@UEAAJAEBU_GUID@@PEAPEAX@Z 0000000180004084 f i Totals.obj
 0001:00003098       ??_E?$CComObject@V?$CComEnum@UIEnumConnections@@$1?_GUID_b196b287_bab4_101a_b69c_00aa00341d07@@3U__s_GUID@@BUtagCONNECTDATA@@V?$_Copy@UtagCONNECTDATA@@@ATL@@VCComSingleThreadModel@6@@ATL@@@ATL@@UEAAPEAXI@Z 0000000180004098 f i Totals.obj
 0001:00003098       ??_G?$CComObject@V?$CComEnum@UIEnumConnections@@$1?_GUID_b196b287_bab4_101a_b69c_00aa00341d07@@3U__s_GUID@@BUtagCONNECTDATA@@V?$_Copy@UtagCONNECTDATA@@@ATL@@VCComSingleThreadModel@6@@ATL@@@ATL@@UEAAPEAXI@Z 0000000180004098 f i Totals.obj
 0001:000030f0       ??_E?$CComObject@VCOPOSTotals@@@ATL@@W7EAAPEAXI@Z 00000001800040f0 f i Totals.obj
 0001:000030fc       ??_E?$CComObject@VCOPOSTotals@@@ATL@@WHA@EAAPEAXI@Z 00000001800040fc f i Totals.obj
 0001:00003108       ?QueryInterface@?$CComObject@VCOPOSTotals@@@ATL@@WLI@EAAJAEBU_GUID@@PEAPEAX@Z 0000000180004108 f i Totals.obj
 0001:00003114       ?AddRef@?$CComObject@VCOPOSTotals@@@ATL@@WLI@EAAKXZ 0000000180004114 f i Totals.obj
 0001:00003120       ?Release@?$CComObject@VCOPOSTotals@@@ATL@@WLI@EAAKXZ 0000000180004120 f i Totals.obj
 0001:0000312c       ?QueryInterface@?$CComObject@VCOPOSTotals@@@ATL@@WMA@EAAJAEBU_GUID@@PEAPEAX@Z 000000018000412c f i Totals.obj
 0001:00003138       ?AddRef@?$CComObject@VCOPOSTotals@@@ATL@@WMA@EAAKXZ 0000000180004138 f i Totals.obj
 0001:00003144       ?Release@?$CComObject@VCOPOSTotals@@@ATL@@WMA@EAAKXZ 0000000180004144 f i Totals.obj
 0001:00003150       ?QueryInterface@?$CComObject@VCOPOSTotals@@@ATL@@WMI@EAAJAEBU_GUID@@PEAPEAX@Z 0000000180004150 f i Totals.obj
 0001:0000315c       ?AddRef@?$CComObject@VCOPOSTotals@@@ATL@@WMI@EAAKXZ 000000018000415c f i Totals.obj
 0001:00003168       ?Release@?$CComObject@VCOPOSTotals@@@ATL@@WMI@EAAKXZ 0000000180004168 f i Totals.obj
 0001:00003174       ?QueryInterface@?$CComObject@VCOPOSTotals@@@ATL@@WNA@EAAJAEBU_GUID@@PEAPEAX@Z 0000000180004174 f i Totals.obj
 0001:00003180       ?AddRef@?$CComObject@VCOPOSTotals@@@ATL@@WNA@EAAKXZ 0000000180004180 f i Totals.obj
 0001:0000318c       ?Release@?$CComObject@VCOPOSTotals@@@ATL@@WNA@EAAKXZ 000000018000418c f i Totals.obj
 0001:00003198       ?QueryInterface@?$CComObject@VCOPOSTotals@@@ATL@@WNI@EAAJAEBU_GUID@@PEAPEAX@Z 0000000180004198 f i Totals.obj
 0001:000031a4       ?AddRef@?$CComObject@VCOPOSTotals@@@ATL@@WNI@EAAKXZ 00000001800041a4 f i Totals.obj
 0001:000031b0       ?Release@?$CComObject@VCOPOSTotals@@@ATL@@WNI@EAAKXZ 00000001800041b0 f i Totals.obj
 0001:000031bc       ?QueryInterface@?$CComObject@VCOPOSTotals@@@ATL@@WOA@EAAJAEBU_GUID@@PEAPEAX@Z 00000001800041bc f i Totals.obj
 0001:000031c8       ?AddRef@?$CComObject@VCOPOSTotals@@@ATL@@WOA@EAAKXZ 00000001800041c8 f i Totals.obj
 0001:000031d4       ?Release@?$CComObject@VCOPOSTotals@@@ATL@@WOA@EAAKXZ 00000001800041d4 f i Totals.obj
 0001:000031e0       ?QueryInterface@?$CComObject@VCOPOSTotals@@@ATL@@WOI@EAAJAEBU_GUID@@PEAPEAX@Z 00000001800041e0 f i Totals.obj
 0001:000031ec       ?AddRef@?$CComObject@VCOPOSTotals@@@ATL@@WOI@EAAKXZ 00000001800041ec f i Totals.obj
 0001:000031f8       ?Release@?$CComObject@VCOPOSTotals@@@ATL@@WOI@EAAKXZ 00000001800041f8 f i Totals.obj
 0001:00003204       ?QueryInterface@?$CComObject@VCOPOSTotals@@@ATL@@WPA@EAAJAEBU_GUID@@PEAPEAX@Z 0000000180004204 f i Totals.obj
 0001:00003210       ?AddRef@?$CComObject@VCOPOSTotals@@@ATL@@WPA@EAAKXZ 0000000180004210 f i Totals.obj
 0001:0000321c       ?Release@?$CComObject@VCOPOSTotals@@@ATL@@WPA@EAAKXZ 000000018000421c f i Totals.obj
 0001:00003228       ?QueryInterface@?$CComObject@VCOPOSTotals@@@ATL@@WPI@EAAJAEBU_GUID@@PEAPEAX@Z 0000000180004228 f i Totals.obj
 0001:00003234       ?AddRef@?$CComObject@VCOPOSTotals@@@ATL@@WPI@EAAKXZ 0000000180004234 f i Totals.obj
 0001:00003240       ?Release@?$CComObject@VCOPOSTotals@@@ATL@@WPI@EAAKXZ 0000000180004240 f i Totals.obj
 0001:0000324c       ?QueryInterface@?$CComObject@VCOPOSTotals@@@ATL@@WBAA@EAAJAEBU_GUID@@PEAPEAX@Z 000000018000424c f i Totals.obj
 0001:00003258       ?AddRef@?$CComObject@VCOPOSTotals@@@ATL@@WBAA@EAAKXZ 0000000180004258 f i Totals.obj
 0001:00003264       ?Release@?$CComObject@VCOPOSTotals@@@ATL@@WBAA@EAAKXZ 0000000180004264 f i Totals.obj
 0001:00003270       ?QueryInterface@?$CComObject@VCOPOSTotals@@@ATL@@WBAI@EAAJAEBU_GUID@@PEAPEAX@Z 0000000180004270 f i Totals.obj
 0001:0000327c       ?AddRef@?$CComObject@VCOPOSTotals@@@ATL@@WBAI@EAAKXZ 000000018000427c f i Totals.obj
 0001:00003288       ?Release@?$CComObject@VCOPOSTotals@@@ATL@@WBAI@EAAKXZ 0000000180004288 f i Totals.obj
 0001:00003294       ?QueryInterface@?$CComObject@VCOPOSTotals@@@ATL@@WBBA@EAAJAEBU_GUID@@PEAPEAX@Z 0000000180004294 f i Totals.obj
 0001:000032a0       ?AddRef@?$CComObject@VCOPOSTotals@@@ATL@@WBBA@EAAKXZ 00000001800042a0 f i Totals.obj
 0001:000032ac       ?Release@?$CComObject@VCOPOSTotals@@@ATL@@WBBA@EAAKXZ 00000001800042ac f i Totals.obj
 0001:000032b8       ?QueryInterface@?$CComObject@VCOPOSTotals@@@ATL@@WBBI@EAAJAEBU_GUID@@PEAPEAX@Z 00000001800042b8 f i Totals.obj
 0001:000032c4       ?AddRef@?$CComObject@VCOPOSTotals@@@ATL@@WBBI@EAAKXZ 00000001800042c4 f i Totals.obj
 0001:000032d0       ?Release@?$CComObject@VCOPOSTotals@@@ATL@@WBBI@EAAKXZ 00000001800042d0 f i Totals.obj
 0001:000032dc       ?AddRef@?$CComObject@VCOPOSTotals@@@ATL@@WBCI@EAAKXZ 00000001800042dc f i Totals.obj
 0001:000032e8       ?Release@?$CComObject@VCOPOSTotals@@@ATL@@WBCI@EAAKXZ 00000001800042e8 f i Totals.obj
 0001:000032f4       ?AddRef@?$CComObject@VCOPOSTotals@@@ATL@@WBEA@EAAKXZ 00000001800042f4 f i Totals.obj
 0001:00003300       ?Release@?$CComObject@VCOPOSTotals@@@ATL@@WBEA@EAAKXZ 0000000180004300 f i Totals.obj
 0001:0000330c       ??_E?$CComContainedObject@VCOPOSTotals@@@ATL@@W7EAAPEAXI@Z 000000018000430c f i Totals.obj
 0001:00003318       ??_E?$CComContainedObject@VCOPOSTotals@@@ATL@@WHA@EAAPEAXI@Z 0000000180004318 f i Totals.obj
 0001:00003324       ?QueryInterface@?$CComContainedObject@VCOPOSTotals@@@ATL@@WLI@EAAJAEBU_GUID@@PEAPEAX@Z 0000000180004324 f i Totals.obj
 0001:00003330       ?AddRef@?$CComContainedObject@VCOPOSTotals@@@ATL@@WLI@EAAKXZ 0000000180004330 f i Totals.obj
 0001:0000333c       ?Release@?$CComContainedObject@VCOPOSTotals@@@ATL@@WLI@EAAKXZ 000000018000433c f i Totals.obj
 0001:00003348       ?QueryInterface@?$CComContainedObject@VCOPOSTotals@@@ATL@@WMA@EAAJAEBU_GUID@@PEAPEAX@Z 0000000180004348 f i Totals.obj
 0001:00003354       ?AddRef@?$CComContainedObject@VCOPOSTotals@@@ATL@@WMA@EAAKXZ 0000000180004354 f i Totals.obj
 0001:00003360       ?Release@?$CComContainedObject@VCOPOSTotals@@@ATL@@WMA@EAAKXZ 0000000180004360 f i Totals.obj
 0001:0000336c       ?QueryInterface@?$CComContainedObject@VCOPOSTotals@@@ATL@@WMI@EAAJAEBU_GUID@@PEAPEAX@Z 000000018000436c f i Totals.obj
 0001:00003378       ?AddRef@?$CComContainedObject@VCOPOSTotals@@@ATL@@WMI@EAAKXZ 0000000180004378 f i Totals.obj
 0001:00003384       ?Release@?$CComContainedObject@VCOPOSTotals@@@ATL@@WMI@EAAKXZ 0000000180004384 f i Totals.obj
 0001:00003390       ?QueryInterface@?$CComContainedObject@VCOPOSTotals@@@ATL@@WNA@EAAJAEBU_GUID@@PEAPEAX@Z 0000000180004390 f i Totals.obj
 0001:0000339c       ?AddRef@?$CComContainedObject@VCOPOSTotals@@@ATL@@WNA@EAAKXZ 000000018000439c f i Totals.obj
 0001:000033a8       ?Release@?$CComContainedObject@VCOPOSTotals@@@ATL@@WNA@EAAKXZ 00000001800043a8 f i Totals.obj
 0001:000033b4       ?QueryInterface@?$CComContainedObject@VCOPOSTotals@@@ATL@@WNI@EAAJAEBU_GUID@@PEAPEAX@Z 00000001800043b4 f i Totals.obj
 0001:000033c0       ?AddRef@?$CComContainedObject@VCOPOSTotals@@@ATL@@WNI@EAAKXZ 00000001800043c0 f i Totals.obj
 0001:000033cc       ?Release@?$CComContainedObject@VCOPOSTotals@@@ATL@@WNI@EAAKXZ 00000001800043cc f i Totals.obj
 0001:000033d8       ?QueryInterface@?$CComContainedObject@VCOPOSTotals@@@ATL@@WOA@EAAJAEBU_GUID@@PEAPEAX@Z 00000001800043d8 f i Totals.obj
 0001:000033e4       ?AddRef@?$CComContainedObject@VCOPOSTotals@@@ATL@@WOA@EAAKXZ 00000001800043e4 f i Totals.obj
 0001:000033f0       ?Release@?$CComContainedObject@VCOPOSTotals@@@ATL@@WOA@EAAKXZ 00000001800043f0 f i Totals.obj
 0001:000033fc       ?QueryInterface@?$CComContainedObject@VCOPOSTotals@@@ATL@@WOI@EAAJAEBU_GUID@@PEAPEAX@Z 00000001800043fc f i Totals.obj
 0001:00003408       ?AddRef@?$CComContainedObject@VCOPOSTotals@@@ATL@@WOI@EAAKXZ 0000000180004408 f i Totals.obj
 0001:00003414       ?Release@?$CComContainedObject@VCOPOSTotals@@@ATL@@WOI@EAAKXZ 0000000180004414 f i Totals.obj
 0001:00003420       ?QueryInterface@?$CComContainedObject@VCOPOSTotals@@@ATL@@WPA@EAAJAEBU_GUID@@PEAPEAX@Z 0000000180004420 f i Totals.obj
 0001:0000342c       ?AddRef@?$CComContainedObject@VCOPOSTotals@@@ATL@@WPA@EAAKXZ 000000018000442c f i Totals.obj
 0001:00003438       ?Release@?$CComContainedObject@VCOPOSTotals@@@ATL@@WPA@EAAKXZ 0000000180004438 f i Totals.obj
 0001:00003444       ?QueryInterface@?$CComContainedObject@VCOPOSTotals@@@ATL@@WPI@EAAJAEBU_GUID@@PEAPEAX@Z 0000000180004444 f i Totals.obj
 0001:00003450       ?AddRef@?$CComContainedObject@VCOPOSTotals@@@ATL@@WPI@EAAKXZ 0000000180004450 f i Totals.obj
 0001:0000345c       ?Release@?$CComContainedObject@VCOPOSTotals@@@ATL@@WPI@EAAKXZ 000000018000445c f i Totals.obj
 0001:00003468       ?QueryInterface@?$CComContainedObject@VCOPOSTotals@@@ATL@@WBAA@EAAJAEBU_GUID@@PEAPEAX@Z 0000000180004468 f i Totals.obj
 0001:00003474       ?AddRef@?$CComContainedObject@VCOPOSTotals@@@ATL@@WBAA@EAAKXZ 0000000180004474 f i Totals.obj
 0001:00003480       ?Release@?$CComContainedObject@VCOPOSTotals@@@ATL@@WBAA@EAAKXZ 0000000180004480 f i Totals.obj
 0001:0000348c       ?QueryInterface@?$CComContainedObject@VCOPOSTotals@@@ATL@@WBAI@EAAJAEBU_GUID@@PEAPEAX@Z 000000018000448c f i Totals.obj
 0001:00003498       ?AddRef@?$CComContainedObject@VCOPOSTotals@@@ATL@@WBAI@EAAKXZ 0000000180004498 f i Totals.obj
 0001:000034a4       ?Release@?$CComContainedObject@VCOPOSTotals@@@ATL@@WBAI@EAAKXZ 00000001800044a4 f i Totals.obj
 0001:000034b0       ?QueryInterface@?$CComContainedObject@VCOPOSTotals@@@ATL@@WBBA@EAAJAEBU_GUID@@PEAPEAX@Z 00000001800044b0 f i Totals.obj
 0001:000034bc       ?AddRef@?$CComContainedObject@VCOPOSTotals@@@ATL@@WBBA@EAAKXZ 00000001800044bc f i Totals.obj
 0001:000034c8       ?Release@?$CComContainedObject@VCOPOSTotals@@@ATL@@WBBA@EAAKXZ 00000001800044c8 f i Totals.obj
 0001:000034d4       ?QueryInterface@?$CComContainedObject@VCOPOSTotals@@@ATL@@WBBI@EAAJAEBU_GUID@@PEAPEAX@Z 00000001800044d4 f i Totals.obj
 0001:000034e0       ?AddRef@?$CComContainedObject@VCOPOSTotals@@@ATL@@WBBI@EAAKXZ 00000001800044e0 f i Totals.obj
 0001:000034ec       ?Release@?$CComContainedObject@VCOPOSTotals@@@ATL@@WBBI@EAAKXZ 00000001800044ec f i Totals.obj
 0001:000034f8       ?AddRef@?$CComContainedObject@VCOPOSTotals@@@ATL@@WBCI@EAAKXZ 00000001800044f8 f i Totals.obj
 0001:00003504       ?Release@?$CComContainedObject@VCOPOSTotals@@@ATL@@WBCI@EAAKXZ 0000000180004504 f i Totals.obj
 0001:00003510       ?AddRef@?$CComContainedObject@VCOPOSTotals@@@ATL@@WBEA@EAAKXZ 0000000180004510 f i Totals.obj
 0001:0000351c       ?Release@?$CComContainedObject@VCOPOSTotals@@@ATL@@WBEA@EAAKXZ 000000018000451c f i Totals.obj
 0001:00003528       ?CreateInstance@CComClassFactory@ATL@@UEAAJPEAUIUnknown@@AEBU_GUID@@PEAPEAX@Z 0000000180004528 f i Totals.obj
 0001:00003588       ?LockServer@CComClassFactory@ATL@@UEAAJH@Z 0000000180004588 f i Totals.obj
 0001:000035ac       ??_ECComClassFactory@ATL@@UEAAPEAXI@Z 00000001800045ac f i Totals.obj
 0001:000035ac       ??_GCComClassFactory@ATL@@UEAAPEAXI@Z 00000001800045ac f i Totals.obj
 0001:000035fc       ??$AtlModuleRegisterWndClassInfoT@VAtlModuleRegisterWndClassInfoParamW@ATL@@@ATL@@YAGPEAU_ATL_BASE_MODULE70@0@PEAU_ATL_WIN_MODULE70@0@PEAU_ATL_WNDCLASSINFOW@0@PEAP6A_JPEAUHWND__@@I_K_J@ZVAtlModuleRegisterWndClassInfoParamW@0@@Z 00000001800045fc f i Totals.obj
 0001:000037fc       ??0?$CComContainedObject@VCOPOSTotals@@@ATL@@QEAA@PEAX@Z 00000001800047fc f i Totals.obj
 0001:00003918       ??0?$CComObject@VCOPOSTotals@@@ATL@@QEAA@PEAX@Z 0000000180004918 f i Totals.obj
 0001:00003a30       ??0CAtlModule@ATL@@QEAA@XZ 0000000180004a30 f i Totals.obj
 0001:00003aa4       ??1?$CComEnumImpl@UIEnumConnectionPoints@@$1?_GUID_b196b285_bab4_101a_b69c_00aa00341d07@@3U__s_GUID@@BPEAUIConnectionPoint@@V?$_CopyInterface@UIConnectionPoint@@@ATL@@@ATL@@UEAA@XZ 0000000180004aa4 f i Totals.obj
 0001:00003b00       ??1?$CComEnumImpl@UIEnumConnections@@$1?_GUID_b196b287_bab4_101a_b69c_00aa00341d07@@3U__s_GUID@@BUtagCONNECTDATA@@V?$_Copy@UtagCONNECTDATA@@@ATL@@@ATL@@UEAA@XZ 0000000180004b00 f i Totals.obj
 0001:00003b5c       ??1?$CComObject@VCOPOSTotals@@@ATL@@UEAA@XZ 0000000180004b5c f i Totals.obj
 0001:00003c7c       ??_G?$CComContainedObject@VCOPOSTotals@@@ATL@@UEAAPEAXI@Z 0000000180004c7c f i Totals.obj
 0001:00003c7c       ??_E?$CComContainedObject@VCOPOSTotals@@@ATL@@UEAAPEAXI@Z 0000000180004c7c f i Totals.obj
 0001:00003cb0       ??_E?$CComObject@VCOPOSTotals@@@ATL@@UEAAPEAXI@Z 0000000180004cb0 f i Totals.obj
 0001:00003cb0       ??_G?$CComObject@VCOPOSTotals@@@ATL@@UEAAPEAXI@Z 0000000180004cb0 f i Totals.obj
 0001:00003ce4       ?Add@?$CSimpleArray@GV?$CSimpleArrayEqualHelper@G@ATL@@@ATL@@QEAAHAEBG@Z 0000000180004ce4 f i Totals.obj
 0001:00003d98       ?Add@?$CSimpleMap@PEA_WPEA_WVCExpansionVectorEqualHelper@ATL@@@ATL@@QEAAHAEBQEA_W0@Z 0000000180004d98 f i Totals.obj
 0001:00003e38       ?Add@CComDynamicUnkArray@ATL@@QEAAKPEAUIUnknown@@@Z 0000000180004e38 f i Totals.obj
 0001:00003f20       ?Add@CExpansionVector@ATL@@QEAAHPEB_W0@Z 0000000180004f20 f i Totals.obj
 0001:00004054       ?AddTermFunc@CAtlModule@ATL@@QEAAJP6AX_K@Z0@Z 0000000180005054 f i Totals.obj
 0001:000040f0       ?AddValue@CRegParser@ATL@@IEAAJAEAVCRegKey@2@PEB_WPEA_W@Z 00000001800050f0 f i Totals.obj
 0001:00004538       ?AllocateHeap@?$CTempBuffer@E$0BAA@VCCRTAllocator@ATL@@@ATL@@AEAAX_K@Z 0000000180005538 f i Totals.obj
 0001:00004538       ?AllocateHeap@?$CTempBuffer@_W$0EAA@VCCRTAllocator@ATL@@@ATL@@AEAAX_K@Z 0000000180005538 f i Totals.obj
 0001:00004538       ?AllocateHeap@?$CTempBuffer@_W$0BAA@VCCRTAllocator@ATL@@@ATL@@AEAAX_K@Z 0000000180005538 f i Totals.obj
 0001:00004564       ?Append@CParseBuffer@CRegParser@ATL@@QEAAHPEB_WH@Z 0000000180005564 f i Totals.obj
 0001:000046ac       ?AtlComModuleGetClassObject@ATL@@YAJPEAU_ATL_COM_MODULE70@1@AEBU_GUID@@1PEAPEAX@Z 00000001800056ac f i Totals.obj
 0001:000047ec       ?AtlComModuleRegisterServer@ATL@@YAJPEAU_ATL_COM_MODULE70@1@HPEBU_GUID@@@Z 00000001800057ec f i Totals.obj
 0001:000048ac       ?AtlComModuleUnregisterServer@ATL@@YAJPEAU_ATL_COM_MODULE70@1@HPEBU_GUID@@@Z 00000001800058ac f i Totals.obj
 0001:00004968       ?AtlHiMetricToPixel@ATL@@YAXPEBUtagSIZE@@PEAU2@@Z 0000000180005968 f i Totals.obj
 0001:00004a18       ?AtlHresultFromLastError@ATL@@YAJXZ 0000000180005a18 f i Totals.obj
 0001:00004a38       ?AtlHresultFromWin32@ATL@@YAJK@Z 0000000180005a38 f i Totals.obj
 0001:00004a48       ?AtlInternalOleLoadFromStream@ATL@@YAJPEAUIStream@@AEBU_GUID@@PEAPEAXTClassesAllowedInStream@1@K@Z 0000000180005a48 f i Totals.obj
 0001:00004b8c       ?AtlInternalQueryInterface@ATL@@YAJPEAXPEBU_ATL_INTMAP_ENTRY@1@AEBU_GUID@@PEAPEAX@Z 0000000180005b8c f i Totals.obj
 0001:00004c94       ?AtlLoadTypeLib@ATL@@YAJPEAUHINSTANCE__@@PEB_WPEAPEA_WPEAPEAUITypeLib@@@Z 0000000180005c94 f i Totals.obj
 0001:00004ef0       ?AtlRegisterClassCategoriesHelper@ATL@@YAJAEBU_GUID@@PEBU_ATL_CATMAP_ENTRY@1@H@Z 0000000180005ef0 f i Totals.obj
 0001:00005374       ?AtlRegisterTypeLib@ATL@@YAJPEAUHINSTANCE__@@PEB_W@Z 0000000180006374 f i Totals.obj
 0001:00005570       ?AtlThrowImpl@ATL@@YAXJ@Z  0000000180006570 f i Totals.obj
 0001:00005594       ?AtlUnRegisterTypeLib@ATL@@YAJPEAUHINSTANCE__@@PEB_W@Z 0000000180006594 f i Totals.obj
 0001:0000565c       ?AtlWinModuleExtractCreateWndData@ATL@@YAPEAXPEAU_ATL_WIN_MODULE70@1@@Z 000000018000665c f i Totals.obj
 0001:000056e8       ?Cleanup@CComTypeInfoHolder@ATL@@SAX_K@Z 00000001800066e8 f i Totals.obj
 0001:00005728       ?ClearReplacements@CExpansionVector@ATL@@QEAAJXZ 0000000180006728 f i Totals.obj
 0001:000057c4       ?CreateInstance@?$CComCreator@V?$CComAggObject@VCOPOSTotals@@@ATL@@@ATL@@SAJPEAXAEBU_GUID@@PEAPEAX@Z 00000001800067c4 f i Totals.obj
 0001:000058b4       ?CreateInstance@?$CComCreator@V?$CComObject@VCOPOSTotals@@@ATL@@@ATL@@SAJPEAXAEBU_GUID@@PEAPEAX@Z 00000001800068b4 f i Totals.obj
 0001:0000596c       ?CreateInstance@?$CComObject@V?$CComEnum@UIEnumConnectionPoints@@$1?_GUID_b196b285_bab4_101a_b69c_00aa00341d07@@3U__s_GUID@@BPEAUIConnectionPoint@@V?$_CopyInterface@UIConnectionPoint@@@ATL@@VCComSingleThreadModel@6@@ATL@@@ATL@@SAJPEAPEAV12@@Z 000000018000696c f i Totals.obj
 0001:000059f8       ?CreateInstance@?$CComObject@V?$CComEnum@UIEnumConnections@@$1?_GUID_b196b287_bab4_101a_b69c_00aa00341d07@@3U__s_GUID@@BUtagCONNECTDATA@@V?$_Copy@UtagCONNECTDATA@@@ATL@@VCComSingleThreadModel@6@@ATL@@@ATL@@SAJPEAPEAV12@@Z 00000001800069f8 f i Totals.obj
 0001:00005a84       ?DefaultReflectionHandler@?$CWindowImplRoot@VCWindow@ATL@@@ATL@@SAHPEAUHWND__@@I_K_JAEA_J@Z 0000000180006a84 f i Totals.obj
 0001:00005ae8       ?DeleteSubKey@CRegKey@ATL@@QEAAJPEB_W@Z 0000000180006ae8 f i Totals.obj
 0001:00005b80       ?DoEvent@COPOSTotals@@IEAAXI_K_J@Z 0000000180006b80 f i Totals.obj
 0001:00005c34       ?DoVerbPrimary@?$IOleObjectImpl@VCOPOSTotals@@@ATL@@QEAAJPEBUtagRECT@@PEAUHWND__@@@Z 0000000180006c34 f i Totals.obj
 0001:00005d60       ?DoVerbProperties@CComControlBase@ATL@@QEAAJPEBUtagRECT@@PEAUHWND__@@@Z 0000000180006d60 f i Totals.obj
 0001:00005f88       ?FireTheEvent@?$CProxy_IOPOSEvents@VCOPOSTotals@@@@IEAAXPEAVOposVariant@@IAEAJPEB_WJ@Z 0000000180006f88 f i Totals.obj
 0001:00006074       ?FireViewChange@CComControlBase@ATL@@QEAAJXZ 0000000180007074 f i Totals.obj
 0001:000060d8       ?Fire_DirectIOEvent@?$CProxy_IOPOSEvents@VCOPOSTotals@@@@QEAAXJPEAJPEAPEA_W@Z 00000001800070d8 f i Totals.obj
 0001:00006230       ?Fire_StatusUpdateEvent@?$CProxy_IOPOSEvents@VCOPOSTotals@@@@QEAAXJ@Z 0000000180007230 f i Totals.obj
 0001:0000631c       ?FreeHeap@?$CTempBuffer@_W$0BAA@VCCRTAllocator@ATL@@@ATL@@AEAAXXZ 000000018000731c f i Totals.obj
 0001:0000631c       ?FreeHeap@?$CTempBuffer@E$0BAA@VCCRTAllocator@ATL@@@ATL@@AEAAXXZ 000000018000731c f i Totals.obj
 0001:0000631c       ?FreeHeap@?$CTempBuffer@_W$0EAA@VCCRTAllocator@ATL@@@ATL@@AEAAXXZ 000000018000731c f i Totals.obj
 0001:00006324       ?GetAmbientLocaleID@CComControlBase@ATL@@QEAAJAEAK@Z 0000000180007324 f i Totals.obj
 0001:000063e4       ?GetAmbientUserMode@CComControlBase@ATL@@QEAAJAEAH@Z 00000001800073e4 f i Totals.obj
 0001:000064b4       ?GetClassObject@CComModule@ATL@@QEAAJAEBU_GUID@@0PEAPEAX@Z 00000001800074b4 f i Totals.obj
 0001:000065a8       ?GetConnMap@COPOSTotals@@SAPEBU_ATL_CONNMAP_ENTRY@ATL@@PEAH@Z 00000001800075a8 f i Totals.obj
 0001:00006630       ?GetIDsOfNames@CComTypeInfoHolder@ATL@@QEAAJAEBU_GUID@@PEAPEA_WIKPEAJ@Z 0000000180007630 f i Totals.obj
 0001:000067a8       ?GetPagesHelper@?$ISpecifyPropertyPagesImpl@VCOPOSTotals@@@ATL@@IEAAJPEAUtagCAUUID@@PEBUATL_PROPMAP_ENTRY@2@@Z 00000001800077a8 f i Totals.obj
 0001:00006948       ?GetSizeMax@CComVariant@ATL@@QEBAJPEAT_ULARGE_INTEGER@@@Z 0000000180007948 f i Totals.obj
 0001:00006b7c       ?GetTI@CComTypeInfoHolder@ATL@@QEAAJK@Z 0000000180007b7c f i Totals.obj
 0001:00006e74       ?GetZoomInfo@CComControlBase@ATL@@QEAAXAEAUATL_DRAWINFO@@@Z 0000000180007e74 f i Totals.obj
 0001:00006f18       ?HKeyFromString@CRegParser@ATL@@KAPEAUHKEY__@@PEA_W@Z 0000000180007f18 f i Totals.obj
 0001:00006f7c       ?IDataObject_GetData@CComControlBase@ATL@@QEAAJPEAUtagFORMATETC@@PEAUtagSTGMEDIUM@@@Z 0000000180007f7c f i Totals.obj
 0001:00007170       ?IOleInPlaceObject_InPlaceDeactivate@CComControlBase@ATL@@QEAAJXZ 0000000180008170 f i Totals.obj
 0001:00007210       ?IOleInPlaceObject_SetObjectRects@CComControlBase@ATL@@QEAAJPEBUtagRECT@@0@Z 0000000180008210 f i Totals.obj
 0001:00007300       ?IOleInPlaceObject_UIDeactivate@CComControlBase@ATL@@QEAAJXZ 0000000180008300 f i Totals.obj
 0001:0000740c       ?IOleObject_Close@CComControlBase@ATL@@QEAAJK@Z 000000018000840c f i Totals.obj
 0001:00007524       ?IOleObject_SetClientSite@CComControlBase@ATL@@QEAAJPEAUIOleClientSite@@@Z 0000000180008524 f i Totals.obj
 0001:0000759c       ?IOleObject_SetExtent@CComControlBase@ATL@@QEAAJKPEAUtagSIZE@@@Z 000000018000859c f i Totals.obj
 0001:00007634       ?IPSI_GetIPersistStreamInit@?$IPersistStorageImpl@VCOPOSTotals@@@ATL@@AEAAPEAUIPersistStreamInit@@XZ 0000000180008634 f i Totals.obj
 0001:0000771c       ?IPersistStreamInit_Load@?$IPersistStreamInitImpl@VCOPOSTotals@@@ATL@@QEAAJPEAUIStream@@PEBUATL_PROPMAP_ENTRY@2@@Z 000000018000871c f i Totals.obj
 0001:00007a50       ?IPersistStreamInit_Save@?$IPersistStreamInitImpl@VCOPOSTotals@@@ATL@@QEAAJPEAUIStream@@HPEBUATL_PROPMAP_ENTRY@2@@Z 0000000180008a50 f i Totals.obj
 0001:00007cf4       ?IQuickActivate_QuickActivate@CComControlBase@ATL@@QEAAJPEAUtagQACONTAINER@@PEAUtagQACONTROL@@@Z 0000000180008cf4 f i Totals.obj
 0001:00007fb8       ?IViewObject_Draw@CComControlBase@ATL@@QEAAJKJPEAXPEAUtagDVTARGETDEVICE@@PEAUHDC__@@2PEBU_RECTL@@3@Z 0000000180008fb8 f i Totals.obj
 0001:000080cc       ?InPlaceActivate@CComControlBase@ATL@@QEAAJJPEBUtagRECT@@@Z 00000001800090cc f i Totals.obj
 0001:00008404       ?Init@?$CComEnumImpl@UIEnumConnectionPoints@@$1?_GUID_b196b285_bab4_101a_b69c_00aa00341d07@@3U__s_GUID@@BPEAUIConnectionPoint@@V?$_CopyInterface@UIConnectionPoint@@@ATL@@@ATL@@QEAAJPEAPEAUIConnectionPoint@@0PEAUIUnknown@@W4CComEnumFlags@2@@Z 0000000180009404 f i Totals.obj
 0001:00008524       ?Init@?$CComEnumImpl@UIEnumConnections@@$1?_GUID_b196b287_bab4_101a_b69c_00aa00341d07@@3U__s_GUID@@BUtagCONNECTDATA@@V?$_Copy@UtagCONNECTDATA@@@ATL@@@ATL@@QEAAJPEAUtagCONNECTDATA@@0PEAUIUnknown@@W4CComEnumFlags@2@@Z 0000000180009524 f i Totals.obj
 0001:00008648       ?IsEqualObject@?$CComPtrBase@UIOleClientSite@@@ATL@@QEAA_NPEAUIUnknown@@@Z 0000000180009648 f i Totals.obj
 0001:000086d4       ?LoadNameCache@CComTypeInfoHolder@ATL@@QEAAJPEAUITypeInfo@@@Z 00000001800096d4 f i Totals.obj
 0001:00008854       ?Lookup@?$CSimpleMap@PEA_WPEA_WVCExpansionVectorEqualHelper@ATL@@@ATL@@QEBAPEA_WAEBQEA_W@Z 0000000180009854 f i Totals.obj
 0001:000088e0       ?NextToken@CRegParser@ATL@@IEAAJPEA_W@Z 00000001800098e0 f i Totals.obj
 0001:00008a98       ?OnKillFocus@CComControlBase@ATL@@QEAA_JI_K_JAEAH@Z 0000000180009a98 f i Totals.obj
 0001:00008b34       ?OnMouseActivate@CComControlBase@ATL@@QEAA_JI_K_JAEAH@Z 0000000180009b34 f i Totals.obj
 0001:00008bd4       ?OnPaint@CComControlBase@ATL@@QEAA_JI_K_JAEAH@Z 0000000180009bd4 f i Totals.obj
 0001:00008cc0       ?OnSetFocus@CComControlBase@ATL@@QEAA_JI_K_JAEAH@Z 0000000180009cc0 f i Totals.obj
 0001:00008dbc       ?PreProcessBuffer@CRegParser@ATL@@QEAAJPEA_WPEAPEA_W@Z 0000000180009dbc f i Totals.obj
 0001:00009140       ?ProcessWindowMessage@?$CComControl@VCOPOSTotals@@V?$CWindowImpl@VCOPOSTotals@@VCWindow@ATL@@V?$CWinTraits@$0FGAAAAAA@$0A@@3@@ATL@@@ATL@@UEAAHPEAUHWND__@@I_K_JAEA_JK@Z 000000018000a140 f i Totals.obj
 0001:00009224       ?ReadFromStream@CComBSTR@ATL@@QEAAJPEAUIStream@@@Z 000000018000a224 f i Totals.obj
 0001:00009380       ?ReadFromStream@CComVariant@ATL@@QEAAJPEAUIStream@@GTClassesAllowedInStream@2@K@Z 000000018000a380 f i Totals.obj
 0001:00009590       ?RecurseDeleteKey@CRegKey@ATL@@QEAAJPEB_W@Z 000000018000a590 f i Totals.obj
 0001:000096e8       ?RegCreateKeyExW@CAtlTransactionManager@ATL@@QEAAJPEAUHKEY__@@PEB_WKPEA_WKKQEAU_SECURITY_ATTRIBUTES@@PEAPEAU3@PEAK@Z 000000018000a6e8 f i Totals.obj
 0001:0000981c       ?RegDeleteKeyW@CAtlTransactionManager@ATL@@QEAAJPEAUHKEY__@@PEB_W@Z 000000018000a81c f i Totals.obj
 0001:000098a8       ?RegOpenKeyExW@CAtlTransactionManager@ATL@@QEAAJPEAUHKEY__@@PEB_WKKPEAPEAU3@@Z 000000018000a8a8 f i Totals.obj
 0001:00009960       ?RegisterBuffer@CRegParser@ATL@@QEAAJPEA_WH@Z 000000018000a960 f i Totals.obj
 0001:00009ac8       ?RegisterFromResource@CRegObject@ATL@@IEAAJPEB_W00H@Z 000000018000aac8 f i Totals.obj
 0001:00009c84       ?RegisterServer@CComModule@ATL@@QEAAJHPEBU_GUID@@@Z 000000018000ac84 f i Totals.obj
 0001:00009d44       ?RegisterSubkeys@CRegParser@ATL@@IEAAJPEA_WPEAUHKEY__@@HH@Z 000000018000ad44 f i Totals.obj
 0001:0000a5b0       ?SendOnDataChange@CComControlBase@ATL@@QEAAJK@Z 000000018000b5b0 f i Totals.obj
 0001:0000a620       ?SetControlFocus@CComControlBase@ATL@@QEAAHH@Z 000000018000b620 f i Totals.obj
 0001:0000a6fc       ?SkipAssignment@CRegParser@ATL@@IEAAJPEA_W@Z 000000018000b6fc f i Totals.obj
 0001:0000a7a0       ?Term@CAtlModule@ATL@@QEAAXXZ 000000018000b7a0 f i Totals.obj
 0001:0000a820       ?Term@CComModule@ATL@@QEAAXXZ 000000018000b820 f i Totals.obj
 0001:0000a89c       ?UnregisterServer@CComModule@ATL@@QEAAJHPEBU_GUID@@@Z 000000018000b89c f i Totals.obj
 0001:0000a94c       ?UpdateRegistryFromResource@CAtlModule@ATL@@QEAAJIHPEAU_ATL_REGMAP_ENTRY@2@@Z 000000018000b94c f i Totals.obj
 0001:0000ac58       ?UpdateRegistryFromResource@CAtlModule@ATL@@QEAAJPEB_WHPEAU_ATL_REGMAP_ENTRY@2@@Z 000000018000bc58 f i Totals.obj
 0001:0000af7c       ?VTFromRegType@CRegParser@ATL@@KAHPEB_WAEAG@Z 000000018000bf7c f i Totals.obj
 0001:0000b018       ?WindowProc@?$CWindowImplBaseT@VCWindow@ATL@@V?$CWinTraits@$0FGAAAAAA@$0A@@2@@ATL@@SA_JPEAUHWND__@@I_K_J@Z 000000018000c018 f i Totals.obj
 0001:0000b184       ?WriteToStream@CComVariant@ATL@@QEAAJPEAUIStream@@@Z 000000018000c184 f i Totals.obj
 0001:0000b3d8       ?WriteToStream@CComVariant@ATL@@QEAAJPEAUIStream@@G@Z 000000018000c3d8 f i Totals.obj
 0001:0000b470       ?_AtlVerifyStackAvailable@_ATL_SAFE_ALLOCA_IMPL@ATL@@YA_N_K@Z 000000018000c470 f i Totals.obj
 0001:0000b4f4       ?atlCreate@?$CWindowImpl@VCOPOSTotals@@VCWindow@ATL@@V?$CWinTraits@$0FGAAAAAA@$0A@@3@@ATL@@QEAAPEAUHWND__@@PEAU3@V_U_RECT@2@PEB_WKKV_U_MENUorID@2@PEAX@Z 000000018000c4f4 f i Totals.obj
 0001:0000b5a4       ?atlCreate@?$CWindowImplBaseT@VCWindow@ATL@@V?$CWinTraits@$0FGAAAAAA@$0A@@2@@ATL@@QEAAPEAUHWND__@@PEAU3@V_U_RECT@2@PEB_WKKV_U_MENUorID@2@GPEAX@Z 000000018000c5a4 f i Totals.obj
 0001:0000b714       ?ocscpy_s@@YA_NPEA_W_KPEB_W@Z 000000018000c714 f i Totals.obj
 0001:0000b7c4       DllCanUnloadNow            000000018000c7c4 f   Totals.obj
 0001:0000b7d0       DllGetClassObject          000000018000c7d0 f   Totals.obj
 0001:0000b7e8       DllMain                    000000018000c7e8 f   Totals.obj
 0001:0000b890       DllRegisterServer          000000018000c890 f   Totals.obj
 0001:0000b8a4       DllUnregisterServer        000000018000c8a4 f   Totals.obj
 0001:0000b8b8       __local_stdio_printf_options 000000018000c8b8 f i Totals.obj
 0001:0000b8c0       swprintf_s                 000000018000c8c0 f i Totals.obj
 0001:0000b914       ??0COPOSTotals@@QEAA@XZ    000000018000c914 f   TotalsImpl.obj
 0001:0000b9d0       ??1?$IConnectionPointImpl@VCOPOSTotals@@$1?IID_IPropertyNotifySink@@3U_GUID@@BVCComDynamicUnkArray@ATL@@@ATL@@QEAA@XZ 000000018000c9d0 f i TotalsImpl.obj
 0001:0000b9d0       ??1?$IConnectionPointImpl@VCOPOSTotals@@$1?DIID__IOPOSTotalsEvents@@3U_GUID@@BVCComDynamicUnkArray@ATL@@@ATL@@QEAA@XZ 000000018000c9d0 f i TotalsImpl.obj
 0001:0000ba2c       ??1CComControlBase@ATL@@UEAA@XZ 000000018000ca2c f i TotalsImpl.obj
 0001:0000baa8       ??1COPOSTotals@@UEAA@XZ    000000018000caa8 f   TotalsImpl.obj
 0001:0000bb0c       ?BeginTrans@COPOSTotals@@UEAAJPEAJ@Z 000000018000cb0c f   TotalsImpl.obj
 0001:0000bb34       ?CheckHealth@COPOSTotals@@UEAAJJPEAJ@Z 000000018000cb34 f   TotalsImpl.obj
 0001:0000bbb0       ?ClaimDevice@COPOSTotals@@UEAAJJPEAJ@Z 000000018000cbb0 f   TotalsImpl.obj
 0001:0000bc48       ?ClaimFile@COPOSTotals@@UEAAJJJPEAJ@Z 000000018000cc48 f   TotalsImpl.obj
 0001:0000bd14       ?Close@COPOSTotals@@UEAAJPEAJ@Z 000000018000cd14 f   TotalsImpl.obj
 0001:0000bdcc       ?CommitTrans@COPOSTotals@@UEAAJPEAJ@Z 000000018000cdcc f   TotalsImpl.obj
 0001:0000bdf4       ?CompareFirmwareVersion@COPOSTotals@@UEAAJPEA_WPEAJ1@Z 000000018000cdf4 f   TotalsImpl.obj
 0001:0000bed0       ?Create@COPOSTotals@@UEAAJPEA_WPEAJJF1@Z 000000018000ced0 f   TotalsImpl.obj
 0001:0000bfcc       ?Delete@COPOSTotals@@UEAAJPEA_WPEAJ@Z 000000018000cfcc f   TotalsImpl.obj
 0001:0000c054       ?DirectIO@COPOSTotals@@UEAAJJPEAJPEAPEA_W0@Z 000000018000d054 f   TotalsImpl.obj
 0001:0000c150       ?DoInvoke@COPOSTotals@@IEAAJJPEAVOposVariant@@IHPEAJ_N@Z 000000018000d150 f   TotalsImpl.obj
 0001:0000c284       ?EventInit@COPOSTotals@@IEAAJXZ 000000018000d284 f i TotalsImpl.obj
 0001:0000c3cc       ?EventUninit@COPOSTotals@@IEAAXXZ 000000018000d3cc f i TotalsImpl.obj
 0001:0000c430       ?EventWindowProc@COPOSTotals@@IEAA_JI_K_J@Z 000000018000d430 f i TotalsImpl.obj
 0001:0000c528       ?FinalConstruct@COPOSTotals@@QEAAJXZ 000000018000d528 f   TotalsImpl.obj
 0001:0000c564       ?Find@COPOSTotals@@UEAAJPEA_WPEAJ11@Z 000000018000d564 f   TotalsImpl.obj
 0001:0000c650       ?FindByIndex@COPOSTotals@@UEAAJJPEAPEA_WPEAJ@Z 000000018000d650 f   TotalsImpl.obj
 0001:0000c728       ?FreezeEvents@COPOSTotals@@MEAAJH@Z 000000018000d728 f   TotalsImpl.obj
 0001:0000c79c       ?GetOposProp@COPOSTotals@@IEAAJJPEAJJ@Z 000000018000d79c f   TotalsImpl.obj
 0001:0000c8b8       ?GetOposProp@COPOSTotals@@IEAAJJPEAPEA_WJ@Z 000000018000d8b8 f   TotalsImpl.obj
 0001:0000c9e4       ?OnDraw@COPOSTotals@@MEAAJAEAUATL_DRAWINFO@@@Z 000000018000d9e4 f   TotalsImpl.obj
 0001:0000cad0       ?Open@COPOSTotals@@UEAAJPEA_WPEAJ@Z 000000018000dad0 f   TotalsImpl.obj
 0001:0000d358       ?Read@COPOSTotals@@UEAAJJPEAPEA_WJJPEAJ@Z 000000018000e358 f   TotalsImpl.obj
 0001:0000d464       ?RecalculateValidationData@COPOSTotals@@UEAAJJPEAJ@Z 000000018000e464 f   TotalsImpl.obj
 0001:0000d4e0       ?ReleaseDevice@COPOSTotals@@UEAAJPEAJ@Z 000000018000e4e0 f   TotalsImpl.obj
 0001:0000d524       ?ReleaseFile@COPOSTotals@@UEAAJJPEAJ@Z 000000018000e524 f   TotalsImpl.obj
 0001:0000d5a0       ?Rename@COPOSTotals@@UEAAJJPEA_WPEAJ@Z 000000018000e5a0 f   TotalsImpl.obj
 0001:0000d678       ?ResetStatistics@COPOSTotals@@UEAAJPEA_WPEAJ@Z 000000018000e678 f   TotalsImpl.obj
 0001:0000d700       ?RetrieveStatistics@COPOSTotals@@UEAAJPEAPEA_WPEAJ@Z 000000018000e700 f   TotalsImpl.obj
 0001:0000d788       ?Rollback@COPOSTotals@@UEAAJPEAJ@Z 000000018000e788 f   TotalsImpl.obj
 0001:0000d7b0       ?SOProcessID@COPOSTotals@@UEAAJPEAJ@Z 000000018000e7b0 f   TotalsImpl.obj
 0001:0000d7cc       ?SetAll@COPOSTotals@@UEAAJJJPEAJ@Z 000000018000e7cc f   TotalsImpl.obj
 0001:0000d898       ?SetCOFreezeEvents@COPOSTotals@@IEAAXF@Z 000000018000e898 f   TotalsImpl.obj
 0001:0000d97c       ?SetOposProp@COPOSTotals@@IEAAJJJJ@Z 000000018000e97c f   TotalsImpl.obj
 0001:0000dadc       ?UpdateFirmware@COPOSTotals@@UEAAJPEA_WPEAJ@Z 000000018000eadc f   TotalsImpl.obj
 0001:0000db64       ?UpdateStatistics@COPOSTotals@@UEAAJPEA_WPEAJ@Z 000000018000eb64 f   TotalsImpl.obj
 0001:0000dbec       ?ValidateData@COPOSTotals@@UEAAJJPEAJ@Z 000000018000ebec f   TotalsImpl.obj
 0001:0000dc68       ?Write@COPOSTotals@@UEAAJJPEA_WJJPEAJ@Z 000000018000ec68 f   TotalsImpl.obj
 0001:0000dd74       ?get_BinaryConversion@COPOSTotals@@UEAAJPEAJ@Z 000000018000ed74 f   TotalsImpl.obj
 0001:0000dd88       ?get_CapCompareFirmwareVersion@COPOSTotals@@UEAAJPEAF@Z 000000018000ed88 f   TotalsImpl.obj
 0001:0000ddbc       ?get_CapErrorDetection@COPOSTotals@@UEAAJPEAF@Z 000000018000edbc f   TotalsImpl.obj
 0001:0000ddec       ?get_CapPowerReporting@COPOSTotals@@UEAAJPEAJ@Z 000000018000edec f   TotalsImpl.obj
 0001:0000de00       ?get_CapSingleFile@COPOSTotals@@UEAAJPEAF@Z 000000018000ee00 f   TotalsImpl.obj
 0001:0000de30       ?get_CapStatisticsReporting@COPOSTotals@@UEAAJPEAF@Z 000000018000ee30 f   TotalsImpl.obj
 0001:0000de64       ?get_CapTransactions@COPOSTotals@@UEAAJPEAF@Z 000000018000ee64 f   TotalsImpl.obj
 0001:0000de94       ?get_CapUpdateFirmware@COPOSTotals@@UEAAJPEAF@Z 000000018000ee94 f   TotalsImpl.obj
 0001:0000dec8       ?get_CapUpdateStatistics@COPOSTotals@@UEAAJPEAF@Z 000000018000eec8 f   TotalsImpl.obj
 0001:0000defc       ?get_CheckHealthText@COPOSTotals@@UEAAJPEAPEA_W@Z 000000018000eefc f   TotalsImpl.obj
 0001:0000df0c       ?get_Claimed@COPOSTotals@@UEAAJPEAF@Z 000000018000ef0c f   TotalsImpl.obj
 0001:0000df3c       ?get_ControlObjectDescription@COPOSTotals@@UEAAJPEAPEA_W@Z 000000018000ef3c f   TotalsImpl.obj
 0001:0000dfa0       ?get_ControlObjectVersion@COPOSTotals@@UEAAJPEAJ@Z 000000018000efa0 f   TotalsImpl.obj
 0001:0000dfac       ?get_DeviceDescription@COPOSTotals@@UEAAJPEAPEA_W@Z 000000018000efac f   TotalsImpl.obj
 0001:0000dfbc       ?get_DeviceEnabled@COPOSTotals@@UEAAJPEAF@Z 000000018000efbc f   TotalsImpl.obj
 0001:0000dfec       ?get_DeviceName@COPOSTotals@@UEAAJPEAPEA_W@Z 000000018000efec f   TotalsImpl.obj
 0001:0000dffc       ?get_FreeData@COPOSTotals@@UEAAJPEAJ@Z 000000018000effc f   TotalsImpl.obj
 0001:0000e00c       ?get_FreezeEvents@COPOSTotals@@UEAAJPEAF@Z 000000018000f00c f   TotalsImpl.obj
 0001:0000e03c       ?get_NumberOfFiles@COPOSTotals@@UEAAJPEAJ@Z 000000018000f03c f   TotalsImpl.obj
 0001:0000e04c       ?get_OpenResult@COPOSTotals@@UEAAJPEAJ@Z 000000018000f04c f   TotalsImpl.obj
 0001:0000e058       ?get_PowerNotify@COPOSTotals@@UEAAJPEAJ@Z 000000018000f058 f   TotalsImpl.obj
 0001:0000e06c       ?get_PowerState@COPOSTotals@@UEAAJPEAJ@Z 000000018000f06c f   TotalsImpl.obj
 0001:0000e080       ?get_ResultCode@COPOSTotals@@UEAAJPEAJ@Z 000000018000f080 f   TotalsImpl.obj
 0001:0000e0bc       ?get_ResultCodeExtended@COPOSTotals@@UEAAJPEAJ@Z 000000018000f0bc f   TotalsImpl.obj
 0001:0000e0cc       ?get_ServiceObjectDescription@COPOSTotals@@UEAAJPEAPEA_W@Z 000000018000f0cc f   TotalsImpl.obj
 0001:0000e0dc       ?get_ServiceObjectVersion@COPOSTotals@@UEAAJPEAJ@Z 000000018000f0dc f   TotalsImpl.obj
 0001:0000e0ec       ?get_State@COPOSTotals@@UEAAJPEAJ@Z 000000018000f0ec f   TotalsImpl.obj
 0001:0000e118       ?get_TotalsSize@COPOSTotals@@UEAAJPEAJ@Z 000000018000f118 f   TotalsImpl.obj
 0001:0000e128       ?get_TransactionInProgress@COPOSTotals@@UEAAJPEAF@Z 000000018000f128 f   TotalsImpl.obj
 0001:0000e158       ?put_BinaryConversion@COPOSTotals@@UEAAJJ@Z 000000018000f158 f   TotalsImpl.obj
 0001:0000e16c       ?put_DeviceEnabled@COPOSTotals@@UEAAJF@Z 000000018000f16c f   TotalsImpl.obj
 0001:0000e184       ?put_FreezeEvents@COPOSTotals@@UEAAJF@Z 000000018000f184 f   TotalsImpl.obj
 0001:0000e1d4       ?put_PowerNotify@COPOSTotals@@UEAAJJ@Z 000000018000f1d4 f   TotalsImpl.obj
 0001:0000e1e8       ?s_EventWindowProc@COPOSTotals@@KA_JPEAUHWND__@@I_K_J@Z 000000018000f1e8 f i TotalsImpl.obj
 0001:0000e264       ??_U@YAPEAX_K@Z            000000018000f264 f   LIBCMT:new_array.obj
 0001:0000e26c       ??3@YAXPEAX_K@Z            000000018000f26c f   LIBCMT:delete_scalar_size.obj
 0001:0000e26c       ??_V@YAXPEAX@Z             000000018000f26c f   LIBCMT:delete_array.obj
 0001:0000e274       ??_V@YAXPEAX_K@Z           000000018000f274 f   LIBCMT:delete_array_size.obj
 0001:0000e27c       __scrt_acquire_startup_lock 000000018000f27c f   LIBCMT:utility.obj
 0001:0000e2b8       __scrt_dllmain_after_initialize_c 000000018000f2b8 f   LIBCMT:utility.obj
 0001:0000e2ec       __scrt_dllmain_before_initialize_c 000000018000f2ec f   LIBCMT:utility.obj
 0001:0000e304       __scrt_dllmain_crt_thread_attach 000000018000f304 f   LIBCMT:utility.obj
 0001:0000e32c       __scrt_dllmain_crt_thread_detach 000000018000f32c f   LIBCMT:utility.obj
 0001:0000e344       __scrt_dllmain_exception_filter 000000018000f344 f   LIBCMT:utility.obj
 0001:0000e3a4       __scrt_dllmain_uninitialize_c 000000018000f3a4 f   LIBCMT:utility.obj
 0001:0000e3d4       __scrt_dllmain_uninitialize_critical 000000018000f3d4 f   LIBCMT:utility.obj
 0001:0000e3e8       __scrt_initialize_crt      000000018000f3e8 f   LIBCMT:utility.obj
 0001:0000e434       __scrt_initialize_onexit_tables 000000018000f434 f   LIBCMT:utility.obj
 0001:0000e4c0       __scrt_is_nonwritable_in_current_image 000000018000f4c0 f   LIBCMT:utility.obj
 0001:0000e558       __scrt_release_startup_lock 000000018000f558 f   LIBCMT:utility.obj
 0001:0000e57c       __scrt_uninitialize_crt    000000018000f57c f   LIBCMT:utility.obj
 0001:0000e5a8       _onexit                    000000018000f5a8 f   LIBCMT:utility.obj
 0001:0000e5e4       atexit                     000000018000f5e4 f   LIBCMT:utility.obj
 0001:0000e5fc       ??3@YAXPEAX@Z              000000018000f5fc f   LIBCMT:delete_scalar.obj
 0001:0000e6fc       _Init_thread_footer        000000018000f6fc f   LIBCMT:thread_safe_statics.obj
 0001:0000e75c       _Init_thread_header        000000018000f75c f   LIBCMT:thread_safe_statics.obj
 0001:0000e7c4       _Init_thread_notify        000000018000f7c4 f   LIBCMT:thread_safe_statics.obj
 0001:0000e808       _Init_thread_wait          000000018000f808 f   LIBCMT:thread_safe_statics.obj
 0001:0000e86c       __raise_securityfailure    000000018000f86c f   LIBCMT:gs_report.obj
 0001:0000e8a0       __report_gsfailure         000000018000f8a0 f   LIBCMT:gs_report.obj
 0001:0000e974       __report_rangecheckfailure 000000018000f974 f   LIBCMT:gs_report.obj
 0001:0000e988       __report_securityfailure   000000018000f988 f   LIBCMT:gs_report.obj
 0001:0000eb08       ??2@YAPEAX_KAEBUnothrow_t@std@@@Z 000000018000fb08 f   LIBCMT:new_scalar_nothrow.obj
 0001:0000eb28       ??_U@YAPEAX_KAEBUnothrow_t@std@@@Z 000000018000fb28 f   LIBCMT:new_array_nothrow.obj
 0001:0000eb30       __GSHandlerCheck           000000018000fb30 f   LIBCMT:gshandler.obj
 0001:0000eb50       __GSHandlerCheckCommon     000000018000fb50 f   LIBCMT:gshandler.obj
 0001:0000ebac       __GSHandlerCheck_SEH       000000018000fbac f   LIBCMT:gshandlerseh.obj
 0001:0000ec50       __chkstk                   000000018000fc50 f   LIBCMT:chkstk.obj
 0001:0000ec50       _alloca_probe              000000018000fc50 f   LIBCMT:chkstk.obj
 0001:0000ecc0       __security_check_cookie    000000018000fcc0 f   LIBCMT:amdsecgs.obj
 0001:0000f004       _DllMainCRTStartup         0000000180010004 f   LIBCMT:dll_dllmain.obj
 0001:0000f044       ??2@YAPEAX_K@Z             0000000180010044 f   LIBCMT:new_scalar.obj
 0001:0000f080       __isa_available_init       0000000180010080 f   LIBCMT:cpu_disp.obj
 0001:0000f224       __scrt_is_ucrt_dll_in_use  0000000180010224 f   LIBCMT:ucrt_detection.obj
 0001:0000f230       __crt_debugger_hook        0000000180010230 f   LIBCMT:utility_desktop.obj
 0001:0000f238       __scrt_fastfail            0000000180010238 f   LIBCMT:utility_desktop.obj
 0001:0000f384       __security_init_cookie     0000000180010384 f   LIBCMT:gs_support.obj
 0001:0000f430       ?__scrt_initialize_type_info@@YAXXZ 0000000180010430 f   LIBCMT:tncleanup.obj
 0001:0000f440       ?__scrt_uninitialize_type_info@@YAXXZ 0000000180010440 f   LIBCMT:tncleanup.obj
 0001:0000f44c       __local_stdio_scanf_options 000000018001044c f i LIBCMT:default_local_stdio_options.obj
 0001:0000f454       __scrt_initialize_default_local_stdio_options 0000000180010454 f   LIBCMT:default_local_stdio_options.obj
 0001:0000f470       __scrt_get_dyn_tls_init_callback 0000000180010470 f   LIBCMT:dyn_tls_init.obj
 0001:0000f478       _RTC_Initialize            0000000180010478 f   LIBCMT:initsect.obj
 0001:0000f4b4       _RTC_Terminate             00000001800104b4 f   LIBCMT:initsect.obj
 0001:0000f4f0       ??0bad_alloc@std@@QEAA@AEBV01@@Z 00000001800104f0 f i LIBCMT:throw_bad_alloc.obj
 0001:0000f52c       ??0bad_alloc@std@@QEAA@XZ  000000018001052c f i LIBCMT:throw_bad_alloc.obj
 0001:0000f54c       ??0bad_array_new_length@std@@QEAA@AEBV01@@Z 000000018001054c f i LIBCMT:throw_bad_alloc.obj
 0001:0000f588       ??0bad_array_new_length@std@@QEAA@XZ 0000000180010588 f i LIBCMT:throw_bad_alloc.obj
 0001:0000f5a8       ??0exception@std@@QEAA@AEBV01@@Z 00000001800105a8 f i LIBCMT:throw_bad_alloc.obj
 0001:0000f5dc       ??1bad_alloc@std@@UEAA@XZ  00000001800105dc f i LIBCMT:throw_bad_alloc.obj
 0001:0000f5dc       ??1bad_array_new_length@std@@UEAA@XZ 00000001800105dc f i LIBCMT:throw_bad_alloc.obj
 0001:0000f5dc       ??1bad_exception@std@@UEAA@XZ 00000001800105dc f i libvcruntime:frame.obj
 0001:0000f5f0       ??_Gbad_exception@std@@UEAAPEAXI@Z 00000001800105f0 f i libvcruntime:frame.obj
 0001:0000f5f0       ??_Gexception@std@@UEAAPEAXI@Z 00000001800105f0 f i LIBCMT:throw_bad_alloc.obj
 0001:0000f5f0       ??_Gbad_array_new_length@std@@UEAAPEAXI@Z 00000001800105f0 f i LIBCMT:throw_bad_alloc.obj
 0001:0000f5f0       ??_Ebad_exception@std@@UEAAPEAXI@Z 00000001800105f0 f i libvcruntime:frame.obj
 0001:0000f5f0       ??_Gbad_alloc@std@@UEAAPEAXI@Z 00000001800105f0 f i LIBCMT:throw_bad_alloc.obj
 0001:0000f5f0       ??_Ebad_alloc@std@@UEAAPEAXI@Z 00000001800105f0 f i LIBCMT:throw_bad_alloc.obj
 0001:0000f5f0       ??_Eexception@std@@UEAAPEAXI@Z 00000001800105f0 f i LIBCMT:throw_bad_alloc.obj
 0001:0000f5f0       ??_Ebad_array_new_length@std@@UEAAPEAXI@Z 00000001800105f0 f i LIBCMT:throw_bad_alloc.obj
 0001:0000f634       ?__scrt_throw_std_bad_alloc@@YAXXZ 0000000180010634 f   LIBCMT:throw_bad_alloc.obj
 0001:0000f654       ?__scrt_throw_std_bad_array_new_length@@YAXXZ 0000000180010654 f   LIBCMT:throw_bad_alloc.obj
 0001:0000f674       ?what@exception@std@@UEBAPEBDXZ 0000000180010674 f i LIBCMT:throw_bad_alloc.obj
 0001:0000f690       ??_Gtype_info@@UEAAPEAXI@Z 0000000180010690 f i LIBCMT:std_type_info_static.obj
 0001:0000f690       ??_Etype_info@@UEAAPEAXI@Z 0000000180010690 f i LIBCMT:std_type_info_static.obj
 0001:0000f6bc       ??0CAtlBaseModule@ATL@@QEAA@XZ 00000001800106bc f   atls:atlbase.obj
 0001:0000f764       ??1CAtlBaseModule@ATL@@QEAA@XZ 0000000180010764 f   atls:atlbase.obj
 0001:0000f898       ?__AllocStdCallThunk_cmn@@YAPEAXXZ 0000000180010898 f   atls:atlthunk.obj
 0001:0000f9f0       AtlThunk_AllocateData      00000001800109f0 f   atls:atlthunk.obj
 0001:0000fa6c       AtlThunk_DataToCode        0000000180010a6c f   atls:atlthunk.obj
 0001:0000fac0       AtlThunk_FreeData          0000000180010ac0 f   atls:atlthunk.obj
 0001:0000fb20       AtlThunk_InitData          0000000180010b20 f   atls:atlthunk.obj
 0001:0000fbc8       _get_purecall_handler      0000000180010bc8 f   libvcruntime:purevirt.obj
 0001:0000fbd0       _purecall                  0000000180010bd0 f   libvcruntime:purevirt.obj
 0001:0000fbec       wcsstr                     0000000180010bec f   libvcruntime:wcsstr.obj
 0001:0000fe20       memcmp                     0000000180010e20 f   libvcruntime:memcmp.obj
 0001:0000ff00       memcpy_repmovs             0000000180010f00 f   libvcruntime:memcpy.obj
 0001:0000ff20       memcpy                     0000000180010f20 f   libvcruntime:memcpy.obj
 0001:0000ff20       memmove                    0000000180010f20 f   libvcruntime:memcpy.obj
 0001:00010310       memset_repmovs             0000000180011310 f   libvcruntime:memset.obj
 0001:00010330       memset                     0000000180011330 f   libvcruntime:memset.obj
 0001:000104c0       __vcrt_initialize          00000001800114c0 f   libvcruntime:initialization.obj
 0001:000104e8       __vcrt_thread_attach       00000001800114e8 f   libvcruntime:initialization.obj
 0001:000104fc       __vcrt_thread_detach       00000001800114fc f   libvcruntime:initialization.obj
 0001:00010510       __vcrt_uninitialize        0000000180011510 f   libvcruntime:initialization.obj
 0001:0001052c       __vcrt_uninitialize_critical 000000018001152c f   libvcruntime:initialization.obj
 0001:0001053c       __C_specific_handler       000000018001153c f   libvcruntime:riscchandler.obj
 0001:00010748       ??$_CallSETranslator@V__FrameHandler3@@@@YAHPEAUEHExceptionRecord@@PEA_KPEAU_CONTEXT@@PEAU_xDISPATCHER_CONTEXT@@PEBU_s_FuncInfo@@K1@Z 0000000180011748 f i libvcruntime:risctrnsctrl.obj
 0001:0001079c       ?CatchTryBlock@__FrameHandler3@@SAPEBU_s_TryBlockMapEntry@@PEBU_s_FuncInfo@@H@Z 000000018001179c f   libvcruntime:risctrnsctrl.obj
 0001:000107f0       ?ExecutionInCatch@__FrameHandler3@@SA_NPEAU_xDISPATCHER_CONTEXT@@PEBU_s_FuncInfo@@@Z 00000001800117f0 f   libvcruntime:risctrnsctrl.obj
 0001:0001081c       ?FrameUnwindToEmptyState@__FrameHandler3@@SAXPEA_KPEAU_xDISPATCHER_CONTEXT@@PEBU_s_FuncInfo@@@Z 000000018001181c f   libvcruntime:risctrnsctrl.obj
 0001:00010880       ?GetEstablisherFrame@__FrameHandler3@@SAPEA_KPEA_KPEAU_xDISPATCHER_CONTEXT@@PEBU_s_FuncInfo@@0@Z 0000000180011880 f   libvcruntime:risctrnsctrl.obj
 0001:0001094c       ?GetRangeOfTrysToCheck@__FrameHandler3@@SA?AU?$pair@Viterator@TryBlockMap@__FrameHandler3@@V123@@std@@AEAVTryBlockMap@1@HPEAU_xDISPATCHER_CONTEXT@@PEBU_s_FuncInfo@@H@Z 000000018001194c f   libvcruntime:risctrnsctrl.obj
 0001:00010a8c       ?UnwindNestedFrames@__FrameHandler3@@SAXPEA_KPEAUEHExceptionRecord@@PEAU_CONTEXT@@0PEAXPEBU_s_FuncInfo@@HHPEBU_s_HandlerType@@PEAU_xDISPATCHER_CONTEXT@@E@Z 0000000180011a8c f   libvcruntime:risctrnsctrl.obj
 0001:00010b90       _CreateFrameInfo           0000000180011b90 f   libvcruntime:risctrnsctrl.obj
 0001:00010bcc       _FindAndUnlinkFrame        0000000180011bcc f   libvcruntime:risctrnsctrl.obj
 0001:00010c20       _GetImageBase              0000000180011c20 f   libvcruntime:risctrnsctrl.obj
 0001:00010c34       _GetThrowImageBase         0000000180011c34 f   libvcruntime:risctrnsctrl.obj
 0001:00010c48       _SetImageBase              0000000180011c48 f   libvcruntime:risctrnsctrl.obj
 0001:00010c60       _SetThrowImageBase         0000000180011c60 f   libvcruntime:risctrnsctrl.obj
 0001:00010c78       __CxxFrameHandler3         0000000180011c78 f   libvcruntime:risctrnsctrl.obj
 0001:00010d00       __DestructExceptionObject  0000000180011d00 f   libvcruntime:ehhelpers.obj
 0001:00010d70       ?_CallMemberFunction0@@YAXQEAX0@Z 0000000180011d70 f i libvcruntime:ehhelpers.obj
 0001:00010d74       _IsExceptionObjectToBeDestroyed 0000000180011d74 f   libvcruntime:ehhelpers.obj
 0001:00010da4       __AdjustPointer            0000000180011da4 f   libvcruntime:ehhelpers.obj
 0001:00010dc8       __FrameUnwindFilter        0000000180011dc8 f   libvcruntime:ehhelpers.obj
 0001:00010e30       __std_type_info_compare    0000000180011e30 f   libvcruntime:std_type_info.obj
 0001:00010e58       __std_type_info_destroy_list 0000000180011e58 f   libvcruntime:std_type_info.obj
 0001:00010e84       __std_exception_copy       0000000180011e84 f   libvcruntime:std_exception.obj
 0001:00010f14       __std_exception_destroy    0000000180011f14 f   libvcruntime:std_exception.obj
 0001:00010f3c       _CxxThrowException         0000000180011f3c f   libvcruntime:throw.obj
 0001:00010fdc       __vcrt_freefls             0000000180011fdc f   libvcruntime:per_thread_data.obj
 0001:00010ffc       __vcrt_freeptd             0000000180011ffc f   libvcruntime:per_thread_data.obj
 0001:0001104c       __vcrt_getptd              000000018001204c f   libvcruntime:per_thread_data.obj
 0001:00011068       __vcrt_getptd_noexit       0000000180012068 f   libvcruntime:per_thread_data.obj
 0001:00011128       __vcrt_initialize_ptd      0000000180012128 f   libvcruntime:per_thread_data.obj
 0001:00011170       __vcrt_uninitialize_ptd    0000000180012170 f   libvcruntime:per_thread_data.obj
 0001:00011194       __vcrt_initialize_locks    0000000180012194 f   libvcruntime:locks.obj
 0001:000111c8       __vcrt_uninitialize_locks  00000001800121c8 f   libvcruntime:locks.obj
 0001:00011210       _NLG_Notify                0000000180012210 f   libvcruntime:notify.obj
 0001:00011230       __NLG_Dispatch2            0000000180012230 f   libvcruntime:notify.obj
 0001:00011240       __NLG_Return2              0000000180012240 f   libvcruntime:notify.obj
 0001:00011244       __except_validate_context_record 0000000180012244 f   libvcruntime:jbcxrval.obj
[...]
 0004:000017ac       $pdata$?try_get_function@@YAPEAXW4function_id@?A0x391cf84c@@QEBDQEBW4module_id@2@2@Z 00000001800347ac     libucrt:winapi_thunks.obj
 0004:000017b8       $pdata$wcstol              00000001800347b8     libucrt:strtox.obj
 0004:000017c4       $pdata$_mbtowc_l           00000001800347c4     libucrt:mbtowc.obj
 0004:000017d0       $pdata$__acrt_update_locale_info 00000001800347d0     libucrt:locale_update.obj
 0004:000017dc       $pdata$__acrt_update_multibyte_info 00000001800347dc     libucrt:locale_update.obj
 0004:000017e8       $pdata$__acrt_fp_format    00000001800347e8     libucrt:cvt.obj
 0004:000017f4       $pdata$?fp_format_e_internal@@YAHQEAD_KH_NIQEAU_strflt@@2QEAU__crt_locale_pointers@@@Z 00000001800347f4     libucrt:cvt.obj
 0004:00001800       $pdata$?fp_format_e@@YAHQEBNQEAD_K12H_NIQEAU__crt_locale_pointers@@@Z 0000000180034800     libucrt:cvt.obj
 0004:0000180c       $pdata$?fp_format_a@@YAHQEBNPEAD_KQEAD2H_NIQEAU__crt_locale_pointers@@@Z 000000018003480c     libucrt:cvt.obj
 0004:00001818       $pdata$?fp_format_f_internal@@YAHQEAD_KHQEAU_strflt@@_NQEAU__crt_locale_pointers@@@Z 0000000180034818     libucrt:cvt.obj
 0004:00001824       $pdata$?fp_format_g@@YAHQEBNQEAD_K12H_NIQEAU__crt_locale_pointers@@@Z 0000000180034824     libucrt:cvt.obj
 0004:00001830       $pdata$_fileno             0000000180034830     libucrt:fileno.obj
 0004:0000183c       $pdata$__acrt_initialize_stdio 000000018003483c     libucrt:_file.obj
 0004:00001848       $pdata$__acrt_uninitialize_stdio 0000000180034848     libucrt:_file.obj
 0004:00001854       $pdata$__acrt_uninitialize_locale 0000000180034854     libucrt:wsetlocale.obj
 0004:00001860       $pdata$??$?RV<lambda_410d79af7f07d98d83a3f525b3859a53>@@AEAV<lambda_3e16ef9562a7dcce91392c22ab16ea36>@@V<lambda_38119f0e861e05405d8a144b9b982f0a>@@@?$__crt_seh_guarded_call@X@@QEAAX$$QEAV<lambda_410d79af7f07d98d83a3f525b3859a53>@@AEAV<lambda_3e16ef9562a7dcce91392c22ab16ea36>@@$$QEAV<lambda_38119f0e861e05405d8a144b9b982f0a>@@@Z 0000000180034860     libucrt:wsetlocale.obj
 0004:0000186c       $pdata$?fin$0@?0???$?RV<lambda_410d79af7f07d98d83a3f525b3859a53>@@AEAV<lambda_3e16ef9562a7dcce91392c22ab16ea36>@@V<lambda_38119f0e861e05405d8a144b9b982f0a>@@@?$__crt_seh_guarded_call@X@@QEAAX$$QEAV<lambda_410d79af7f07d98d83a3f525b3859a53>@@AEAV<lambda_3e16ef9562a7dcce91392c22ab16ea36>@@$$QEAV<lambda_38119f0e861e05405d8a144b9b982f0a>@@@Z@4HA 000000018003486c     libucrt:wsetlocale.obj
 0004:00001878       $pdata$__acrt_initialize_lowio 0000000180034878     libucrt:ioinit.obj
 0004:00001884       $pdata$__acrt_initialize_lowio$fin$0 0000000180034884     libucrt:ioinit.obj
 0004:00001884       $pdata$__acrt_lowio_ensure_fh_exists$fin$0 0000000180034884     libucrt:osfinfo.obj
 0004:00001890       $pdata$__acrt_uninitialize_lowio 0000000180034890     libucrt:ioinit.obj
 0004:0000189c       $pdata$?initialize_inherited_file_handles_nolock@@YAXXZ 000000018003489c     libucrt:ioinit.obj
 0004:000018a8       $pdata$?initialize_stdio_handles_nolock@@YAXXZ 00000001800348a8     libucrt:ioinit.obj
 0004:000018b4       $pdata$__acrt_initialize_locks 00000001800348b4     libucrt:locks.obj
 0004:000018c0       $pdata$__acrt_uninitialize_locks 00000001800348c0     libucrt:locks.obj
 0004:000018cc       $pdata$__acrt_get_process_end_policy 00000001800348cc     libucrt:win_policies.obj
 0004:000018d8       $pdata$??$__acrt_mbs_to_wcs_cp@U__crt_win32_buffer_internal_dynamic_resizing@@@@YAHQEBDAEAV?$__crt_win32_buffer@_WU__crt_win32_buffer_internal_dynamic_resizing@@@@I@Z 00000001800348d8     libucrt:argv_wildcards.obj
 0004:000018e4       $pdata$??$__acrt_wcs_to_mbs_cp@U__crt_win32_buffer_internal_dynamic_resizing@@@@YAHQEB_WAEAV?$__crt_win32_buffer@DU__crt_win32_buffer_internal_dynamic_resizing@@@@I@Z 00000001800348e4     libucrt:argv_wildcards.obj
 0004:000018f0       $pdata$??$common_expand_argv_wildcards@D@@YAHQEAPEADQEAPEAPEAD@Z 00000001800348f0     libucrt:argv_wildcards.obj
 0004:000018fc       $pdata$??$copy_and_add_argument_to_buffer@D@@YAHQEBD0_KAEAV?$argument_list@D@?A0x5f5c8891@@@Z 00000001800348fc     libucrt:argv_wildcards.obj
 0004:00001908       $pdata$??$expand_argument_wildcards@D@@YAHQEAD0AEAV?$argument_list@D@?A0x5f5c8891@@@Z 0000000180034908     libucrt:argv_wildcards.obj
 0004:00001914       $pdata$__acrt_GetModuleFileNameA 0000000180034914     libucrt:getmodulefilenamea.obj
 0004:00001920       $pdata$??$__acrt_wcs_to_mbs_cp@U__crt_win32_buffer_no_resizing@@@@YAHQEB_WAEAV?$__crt_win32_buffer@DU__crt_win32_buffer_no_resizing@@@@I@Z 0000000180034920     libucrt:getmodulefilenamea.obj
 0004:0000192c       $pdata$__acrt_update_thread_multibyte_data 000000018003492c     libucrt:mbctype.obj
 0004:00001938       $pdata$__acrt_initialize_multibyte 0000000180034938     libucrt:mbctype.obj
 0004:00001944       $pdata$_setmbcp_nolock     0000000180034944     libucrt:mbctype.obj
 0004:00001950       $pdata$?getSystemCP@@YAHH@Z 0000000180034950     libucrt:mbctype.obj
 0004:0000195c       $pdata$?setSBCS@@YAXPEAU__crt_multibyte_data@@@Z 000000018003495c     libucrt:mbctype.obj
 0004:00001968       $pdata$?update_thread_multibyte_data_internal@@YAPEAU__crt_multibyte_data@@QEAU__acrt_ptd@@QEAPEAU1@@Z 0000000180034968     libucrt:mbctype.obj
 0004:00001974       $pdata$?fin$0@?0??update_thread_multibyte_data_internal@@YAPEAU__crt_multibyte_data@@QEAU__acrt_ptd@@QEAPEAU1@@Z@4HA 0000000180034974     libucrt:mbctype.obj
 0004:00001980       $pdata$?setmbcp_internal@@YAHH_NQEAU__acrt_ptd@@QEAPEAU__crt_multibyte_data@@@Z 0000000180034980     libucrt:mbctype.obj
 0004:0000198c       $pdata$?setSBUpLow@@YAXPEAU__crt_multibyte_data@@@Z 000000018003498c     libucrt:mbctype.obj
 0004:00001998       $pdata$??$?RV<lambda_efdfa57d1f175319df784efa44bb7b81>@@AEAV<lambda_5f0a4c1567f8adc6734073e5d1e1b35c>@@V<lambda_2e8a7d3640ea6ccb4c2413664c2db6fd>@@@?$__crt_seh_guarded_call@X@@QEAAX$$QEAV<lambda_efdfa57d1f175319df784efa44bb7b81>@@AEAV<lambda_5f0a4c1567f8adc6734073e5d1e1b35c>@@$$QEAV<lambda_2e8a7d3640ea6ccb4c2413664c2db6fd>@@@Z 0000000180034998     libucrt:mbctype.obj
 0004:000019a4       $pdata$?x_ismbbtype_l@@YAHPEAU__crt_locale_pointers@@IHH@Z 00000001800349a4     libucrt:ismbbyte.obj
 0004:000019b0       $pdata$__acrt_initialize_command_line 00000001800349b0     libucrt:argv_data.obj
 0004:000019bc       $pdata$__acrt_WideCharToMultiByte 00000001800349bc     libucrt:widechartomultibyte.obj
 0004:000019c8       $pdata$__dcrt_get_narrow_environment_from_os 00000001800349c8     libucrt:get_environment_from_os.obj
 0004:000019d4       $pdata$__acrt_initialize_heap 00000001800349d4     libucrt:heap_handle.obj
 0004:000019e0       $pdata$__acrt_execute_initializers 00000001800349e0     libucrt:shared_initialization.obj
 0004:000019ec       $pdata$__acrt_execute_uninitializers 00000001800349ec     libucrt:shared_initialization.obj
 0004:000019f8       $pdata$__acrt_get_sigabrt_handler 00000001800349f8     libucrt:signal.obj
 0004:00001a04       $pdata$raise               0000000180034a04     libucrt:signal.obj
 0004:00001a10       $pdata$raise$fin$0         0000000180034a10     libucrt:signal.obj
 0004:00001a1c       $pdata$??$?RV<lambda_450d765d439847d4c735a33c368b5fc0>@@AEAV<lambda_44731a7d0e6d81c3e6aa82d741081786>@@V<lambda_601a2a7da3b7a96e9554ac7215c4b07c>@@@?$__crt_seh_guarded_call@P6AXH@Z@@QEAAP6AXH@Z$$QEAV<lambda_450d765d439847d4c735a33c368b5fc0>@@AEAV<lambda_44731a7d0e6d81c3e6aa82d741081786>@@$$QEAV<lambda_601a2a7da3b7a96e9554ac7215c4b07c>@@@Z 0000000180034a1c     libucrt:signal.obj
 0004:00001a28       $pdata$_fflush_nolock      0000000180034a28     libucrt:fflush.obj
 0004:00001a34       $pdata$__acrt_stdio_flush_nolock 0000000180034a34     libucrt:fflush.obj
 0004:00001a40       $pdata$?common_flush_all@@YAH_N@Z 0000000180034a40     libucrt:fflush.obj
 0004:00001a4c       $pdata$??$?RV<lambda_842d9ff0dc9ef11c61343bbaebe7f885>@@AEAV<lambda_c5860995281e5c4ce005b3de8f5874ee>@@V<lambda_d90129c13df834fdcbf8d2b88dafcf2d>@@@?$__crt_seh_guarded_call@X@@QEAAX$$QEAV<lambda_842d9ff0dc9ef11c61343bbaebe7f885>@@AEAV<lambda_c5860995281e5c4ce005b3de8f5874ee>@@$$QEAV<lambda_d90129c13df834fdcbf8d2b88dafcf2d>@@@Z 0000000180034a4c     libucrt:fflush.obj
 0004:00001a58       $pdata$?fin$0@?0???$?RV<lambda_842d9ff0dc9ef11c61343bbaebe7f885>@@AEAV<lambda_c5860995281e5c4ce005b3de8f5874ee>@@V<lambda_d90129c13df834fdcbf8d2b88dafcf2d>@@@?$__crt_seh_guarded_call@X@@QEAAX$$QEAV<lambda_842d9ff0dc9ef11c61343bbaebe7f885>@@AEAV<lambda_c5860995281e5c4ce005b3de8f5874ee>@@$$QEAV<lambda_d90129c13df834fdcbf8d2b88dafcf2d>@@@Z@4HA 0000000180034a58     libucrt:fflush.obj
 0004:00001a64       $pdata$??$?RV<lambda_886d6c58226a84441f68b9f2b8217b83>@@AEAV<lambda_ab61a845afdef5b7c387490eaf3616ee>@@V<lambda_f7f22ab5edc0698d5f6905b0d3f44752>@@@?$__crt_seh_guarded_call@X@@QEAAX$$QEAV<lambda_886d6c58226a84441f68b9f2b8217b83>@@AEAV<lambda_ab61a845afdef5b7c387490eaf3616ee>@@$$QEAV<lambda_f7f22ab5edc0698d5f6905b0d3f44752>@@@Z 0000000180034a64     libucrt:fflush.obj
 0004:00001a70       $pdata$?fin$0@?0???$?RV<lambda_886d6c58226a84441f68b9f2b8217b83>@@AEAV<lambda_ab61a845afdef5b7c387490eaf3616ee>@@V<lambda_f7f22ab5edc0698d5f6905b0d3f44752>@@@?$__crt_seh_guarded_call@X@@QEAAX$$QEAV<lambda_886d6c58226a84441f68b9f2b8217b83>@@AEAV<lambda_ab61a845afdef5b7c387490eaf3616ee>@@$$QEAV<lambda_f7f22ab5edc0698d5f6905b0d3f44752>@@@Z@4HA 0000000180034a70     libucrt:fflush.obj
 0004:00001a7c       $pdata$__pctype_func       0000000180034a7c     libucrt:ctype.obj
 0004:00001a88       $pdata$iswctype            0000000180034a88     libucrt:iswctype.obj
 0004:00001a94       $pdata$__acrt_release_locale_ref 0000000180034a94     libucrt:locale_refcounting.obj
 0004:00001aa0       $pdata$__acrt_free_locale  0000000180034aa0     libucrt:locale_refcounting.obj
 0004:00001aac       $pdata$__acrt_locale_free_lc_time_if_unreferenced 0000000180034aac     libucrt:locale_refcounting.obj
 0004:00001ab8       $pdata$__acrt_update_thread_locale_data 0000000180034ab8     libucrt:locale_refcounting.obj
 0004:00001ac4       $pdata$__acrt_update_thread_locale_data$fin$0 0000000180034ac4     libucrt:locale_refcounting.obj
 0004:00001ad0       $pdata$_updatetlocinfoEx_nolock 0000000180034ad0     libucrt:locale_refcounting.obj
 0004:00001adc       $pdata$__acrt_DownlevelLocaleNameToLCID 0000000180034adc     libucrt:lcidtoname_downlevel.obj
 0004:00001ae8       $pdata$_isleadbyte_l       0000000180034ae8     libucrt:_wctype.obj
 0004:00001af4       $pdata$?__mbrtowc_utf8@__crt_mbstring@@YA_KPEA_WPEBD_KPEAU_Mbstatet@@@Z 0000000180034af4     libucrt:mbrtowc.obj
 0004:00001b00       $pdata$?__mbsrtowcs_utf8@__crt_mbstring@@YA_KPEA_WPEAPEBD_KPEAU_Mbstatet@@@Z 0000000180034b00     libucrt:mbrtowc.obj
 0004:00001b0c       $pdata$__acrt_fp_strflt_to_string 0000000180034b0c     libucrt:_fptostr.obj
 0004:00001b18       $pdata$memcpy_s            0000000180034b18     libucrt:cfout.obj
 0004:00001b24       $pdata$__acrt_fltout       0000000180034b24     libucrt:cfout.obj
 0004:00001b30       $pdata$?divide@__crt_strtox@@YA_KAEAUbig_integer@1@AEBU21@@Z 0000000180034b30     libucrt:cfout.obj
 0004:00001b3c       $pdata$0$?divide@__crt_strtox@@YA_KAEAUbig_integer@1@AEBU21@@Z 0000000180034b3c     libucrt:cfout.obj
 0004:00001b48       $pdata$1$?divide@__crt_strtox@@YA_KAEAUbig_integer@1@AEBU21@@Z 0000000180034b48     libucrt:cfout.obj
 0004:00001b54       $pdata$_fcloseall          0000000180034b54     libucrt:closeall.obj
 0004:00001b60       $pdata$_fcloseall$fin$0    0000000180034b60     libucrt:closeall.obj
 0004:00001b6c       $pdata$__acrt_stdio_free_buffer_nolock 0000000180034b6c     libucrt:_freebuf.obj
 0004:00001b78       $pdata$_isatty             0000000180034b78     libucrt:isatty.obj
 0004:00001b84       $pdata$__acrt_locale_free_monetary 0000000180034b84     libucrt:initmon.obj
 0004:00001b90       $pdata$__acrt_locale_free_numeric 0000000180034b90     libucrt:initnum.obj
 0004:00001b9c       $pdata$__acrt_locale_free_time 0000000180034b9c     libucrt:inittime.obj
 0004:00001ba8       $pdata$?free_crt_array_internal@@YAXQEAPEBX_K@Z 0000000180034ba8     libucrt:inittime.obj
 0004:00001bb4       $pdata$__acrt_GetStringTypeA 0000000180034bb4     libucrt:getstringtypea.obj
 0004:00001bc0       $pdata$_get_osfhandle      0000000180034bc0     libucrt:osfinfo.obj
 0004:00001bcc       $pdata$_free_osfhnd        0000000180034bcc     libucrt:osfinfo.obj
 0004:00001bd8       $pdata$__acrt_lowio_create_handle_array 0000000180034bd8     libucrt:osfinfo.obj
 0004:00001be4       $pdata$__acrt_lowio_destroy_handle_array 0000000180034be4     libucrt:osfinfo.obj
 0004:00001bf0       $pdata$__acrt_lowio_ensure_fh_exists 0000000180034bf0     libucrt:osfinfo.obj
 0004:00001bfc       $pdata$qsort               0000000180034bfc     libucrt:qsort.obj
 0004:00001c08       $pdata$4$qsort             0000000180034c08     libucrt:qsort.obj
 0004:00001c14       $pdata$5$qsort             0000000180034c14     libucrt:qsort.obj
 0004:00001c20       $pdata$strncpy_s           0000000180034c20     libucrt:strncpy_s.obj
 0004:00001c2c       $pdata$strpbrk             0000000180034c2c     libucrt:strpbrk.obj
 0004:00001c38       $pdata$fallbackMethod      0000000180034c38     libucrt:strpbrk.obj
 0004:00001c44       $pdata$_mbsdec_l           0000000180034c44     libucrt:mbsdec.obj
 0004:00001c50       $pdata$__acrt_LCMapStringA 0000000180034c50     libucrt:lcmapstringa.obj
 0004:00001c5c       $pdata$?__acrt_LCMapStringA_stat@@YAHPEAU__crt_locale_pointers@@PEB_WKPEBDHPEADHHH@Z 0000000180034c5c     libucrt:lcmapstringa.obj
 0004:00001c68       $pdata$?initialize_multibyte@@YAHXZ 0000000180034c68     libucrt:multibyte_initializer.obj
 0004:00001c74       $pdata$_commit             0000000180034c74     libucrt:commit.obj
 0004:00001c80       $pdata$??$?RV<lambda_a37b2b86f63e897a80ea819b0eb08c01>@@AEAV<lambda_38ce7e780aa69e748d6df282ebc68efe>@@V<lambda_99fb1378e971ab6e7edea83e3a7a83a2>@@@?$__crt_seh_guarded_call@H@@QEAAH$$QEAV<lambda_a37b2b86f63e897a80ea819b0eb08c01>@@AEAV<lambda_38ce7e780aa69e748d6df282ebc68efe>@@$$QEAV<lambda_99fb1378e971ab6e7edea83e3a7a83a2>@@@Z 0000000180034c80     libucrt:commit.obj
 0004:00001c8c       $pdata$?fin$0@?0???$?RV<lambda_751a882b2c74d4b022dec766aa51a29a>@@AEAV<lambda_628dfdc04ba53c8bfc02c9951375f3f5>@@V<lambda_f6c7be5f7998530c34de24c7437d6b54>@@@?$__crt_seh_guarded_call@H@@QEAAH$$QEAV<lambda_751a882b2c74d4b022dec766aa51a29a>@@AEAV<lambda_628dfdc04ba53c8bfc02c9951375f3f5>@@$$QEAV<lambda_f6c7be5f7998530c34de24c7437d6b54>@@@Z@4HA 0000000180034c8c     libucrt:close.obj
 0004:00001c8c       $pdata$?fin$0@?0???$?RV<lambda_a37b2b86f63e897a80ea819b0eb08c01>@@AEAV<lambda_38ce7e780aa69e748d6df282ebc68efe>@@V<lambda_99fb1378e971ab6e7edea83e3a7a83a2>@@@?$__crt_seh_guarded_call@H@@QEAAH$$QEAV<lambda_a37b2b86f63e897a80ea819b0eb08c01>@@AEAV<lambda_38ce7e780aa69e748d6df282ebc68efe>@@$$QEAV<lambda_99fb1378e971ab6e7edea83e3a7a83a2>@@@Z@4HA 0000000180034c8c     libucrt:commit.obj
 0004:00001c98       $pdata$_write              0000000180034c98     libucrt:write.obj
 0004:00001ca4       $pdata$_write$fin$0        0000000180034ca4     libucrt:write.obj
 0004:00001cb0       $pdata$_write_nolock       0000000180034cb0     libucrt:write.obj
 0004:00001cbc       $pdata$?write_double_translated_ansi_nolock@@YA?AUwrite_result@?A0x17268360@@HQEBDI@Z 0000000180034cbc     libucrt:write.obj
 0004:00001cc8       $pdata$?write_text_ansi_nolock@@YA?AUwrite_result@?A0x17268360@@HQEBDI@Z 0000000180034cc8     libucrt:write.obj
 0004:00001cd4       $pdata$?write_text_utf16le_nolock@@YA?AUwrite_result@?A0x17268360@@HQEBDI@Z 0000000180034cd4     libucrt:write.obj
 0004:00001ce0       $pdata$?write_text_utf8_nolock@@YA?AUwrite_result@?A0x17268360@@HQEBDI@Z 0000000180034ce0     libucrt:write.obj
 0004:00001cec       $pdata$?__mbrtoc32_utf8@__crt_mbstring@@YA_KPEA_UPEBD_KPEAU_Mbstatet@@@Z 0000000180034cec     libucrt:mbrtoc32.obj
 0004:00001cf8       $pdata$fegetenv            0000000180034cf8     libucrt:fegetenv.obj
 0004:00001d04       $pdata$fesetenv            0000000180034d04     libucrt:fesetenv.obj
 0004:00001d10       $pdata$feholdexcept        0000000180034d10     libucrt:feholdexcept.obj
 0004:00001d28       $pdata$??$common_lseek_nolock@_J@@YA_JH_JH@Z 0000000180034d28     libucrt:lseek.obj
 0004:00001d34       $pdata$fclose              0000000180034d34     libucrt:fclose.obj
 0004:00001d40       $pdata$fclose$fin$0        0000000180034d40     libucrt:fclose.obj
 0004:00001d4c       $pdata$_fclose_nolock      0000000180034d4c     libucrt:fclose.obj
 0004:00001d58       $pdata$_putwch_nolock      0000000180034d58     libucrt:putwch.obj
 0004:00001d64       $pdata$__acrt_fenv_set_control 0000000180034d64     libucrt:_fenvutils.obj
 0004:00001d70       $pdata$_clearfp            0000000180034d70     libucrt:ieee.obj
 0004:00001d7c       $pdata$_call_matherr       0000000180034d7c     libucrt:libm_error.obj
 0004:00001d88       $pdata$_exception_enabled  0000000180034d88     libucrt:libm_error.obj
 0004:00001d94       $pdata$_handle_error       0000000180034d94     libucrt:libm_error.obj
 0004:00001da0       $pdata$__acrt_initialize_fma3 0000000180034da0     libucrt:fma3_available.obj
 0004:00001dac       $pdata$_log_special_common 0000000180034dac     libucrt:log_special.obj
 0004:00001db8       $pdata$_log10_special      0000000180034db8     libucrt:log_special.obj
 0004:00001dc4       $pdata$_close              0000000180034dc4     libucrt:close.obj
 0004:00001dd0       $pdata$_close_nolock       0000000180034dd0     libucrt:close.obj
 0004:00001ddc       $pdata$??$?RV<lambda_751a882b2c74d4b022dec766aa51a29a>@@AEAV<lambda_628dfdc04ba53c8bfc02c9951375f3f5>@@V<lambda_f6c7be5f7998530c34de24c7437d6b54>@@@?$__crt_seh_guarded_call@H@@QEAAH$$QEAV<lambda_751a882b2c74d4b022dec766aa51a29a>@@AEAV<lambda_628dfdc04ba53c8bfc02c9951375f3f5>@@$$QEAV<lambda_f6c7be5f7998530c34de24c7437d6b54>@@@Z 0000000180034ddc     libucrt:close.obj
 0004:00001de8       $pdata$__dcrt_lowio_ensure_console_output_initialized 0000000180034de8     libucrt:initcon.obj
 0004:00001df4       $pdata$__dcrt_write_console 0000000180034df4     libucrt:initcon.obj
 0004:00001e00       $pdata$__dcrt_terminate_console_output 0000000180034e00     libucrt:initcon.obj
 0004:00001e18       $pdata$_set_errno_from_matherr 0000000180034e18     libucrt:fpexcept.obj
 0004:00001e24       $pdata$_raise_exc          0000000180034e24     libucrt:fpexcept.obj
 0004:00001e30       $pdata$_raise_exc_ex       0000000180034e30     libucrt:fpexcept.obj
 0004:00001e3c       $pdata$_clrfp              0000000180034e3c     libucrt:fpctrl.obj
 0004:00001e48       $pdata$_ctrlfp             0000000180034e48     libucrt:fpctrl.obj
 0004:00001e54       $pdata$_ctrlfp$filt$0      0000000180034e54     libucrt:fpctrl.obj
 0004:00001e60       $pdata$_statfp             0000000180034e60     libucrt:fpctrl.obj
 0004:00001e6c       $pdata$_set_statfp         0000000180034e6c     libucrt:fpctrl.obj
 0004:00001e78       $pdata$_IsNonwritableInCurrentImage 0000000180034e78     LIBCMT:pesect.obj
 0004:00001e84       $pdata$_IsNonwritableInCurrentImage$filt$0 0000000180034e84     LIBCMT:pesect.obj
 0005:00000000       MoveSmall                  0000000180035000     libvcruntime:memcpy.obj
 0005:00000050       MsetTab                    0000000180035050     libvcruntime:memset.obj
 0006:00000220       $R000000                   0000000180036220     Totals.res
 0006:00000ba0       $R000980                   0000000180036ba0     Totals.res
 0006:00000c88       $R000A68                   0000000180036c88     Totals.res
 0006:00000ef0       $R000CD0                   0000000180036ef0     Totals.res
 0006:00001438       $R001218                   0000000180037438     Totals.res
 0006:00004160       $R003F40                   000000018003a160     Totals.res
 0006:00004190       $R003F70                   000000018003a190     Totals.res
