 OPOSCoinDispenser

 Timestamp is 5b863d20 (Wed Aug 29 15:28:48 2018)

 Preferred load address is 0000000180000000

 Start         Length     Name                   Class
 0001:00000000 000000c0H .text$di                CODE
 0001:000000c0 0001f2a0H .text$mn                CODE
 0001:0001f360 00000020H .text$mn$00             CODE
 0001:0001f380 00000400H .text$x                 CODE
 0001:0001f780 000000c0H .text$yd                CODE
 0002:00000000 00000618H .idata$5                DATA
 0002:00000618 00000010H .00cfg                  DATA
 0002:00000628 00000008H .CRT$XCA                DATA
 0002:00000630 00000008H .CRT$XCL                DATA
 0002:00000638 00000020H .CRT$XCU                DATA
 0002:00000658 00000008H .CRT$XCZ                DATA
 0002:00000660 00000008H .CRT$XIA                DATA
 0002:00000668 00000020H .CRT$XIC                DATA
 0002:00000688 00000008H .CRT$XIZ                DATA
 0002:00000690 00000008H .CRT$XLA                DATA
 0002:00000698 00000008H .CRT$XLZ                DATA
 0002:000006a0 00000008H .CRT$XPA                DATA
 0002:000006a8 00000010H .CRT$XPX                DATA
 0002:000006b8 00000008H .CRT$XPXA               DATA
 0002:000006c0 00000008H .CRT$XPZ                DATA
 0002:000006c8 00000008H .CRT$XTA                DATA
 0002:000006d0 00000010H .CRT$XTZ                DATA
 0002:000006d8 00000000H .gfids$y                DATA
 0002:000006e0 00009fc0H .rdata                  DATA
 0002:0000a6a0 00000028H .rdata$T                DATA
 0002:0000a6c8 00000274H .rdata$r                DATA
 0002:0000a93c 000003fcH .rdata$zzzdbg           DATA
 0002:0000ad38 00000008H .rtc$IAA                DATA
 0002:0000ad40 00000008H .rtc$IZZ                DATA
 0002:0000ad48 00000008H .rtc$TAA                DATA
 0002:0000ad50 00000008H .rtc$TZZ                DATA
 0002:0000ad58 00000004H .tls                    DATA
 0002:0000ad5c 00000004H .tls$                   DATA
 0002:0000ad60 00000008H .tls$ZZZ                DATA
 0002:0000ad68 00001678H .xdata                  DATA
 0002:0000c3e0 00000150H .xdata$x                DATA
 0002:0000c530 00000008H ATL$__a                 DATA
 0002:0000c538 00000008H ATL$__z                 DATA
 0002:0000c540 000000b0H .edata                  DATA
 0002:0000c5f0 00000078H .idata$2                DATA
 0002:0000c668 00000018H .idata$3                DATA
 0002:0000c680 00000618H .idata$4                DATA
 0002:0000cc98 00000c1cH .idata$6                DATA
 0003:00000000 00000c98H .data                   DATA
 0003:00000c98 000000c8H .data$r                 DATA
 0003:00000d60 000013fcH .bss                    DATA
 0004:00000000 00001e78H .pdata                  DATA
 0005:00000000 00000220H .rsrc$01                DATA
 0005:00000220 00003a80H .rsrc$02                DATA

  Address         Publics by Value              Rva+Base               Lib:Object

 0000:00000000       __hybrid_code_map_count    0000000000000000     <absolute>
 0000:00000000       __hybrid_code_map          0000000000000000     <absolute>
 0000:00000000       __guard_iat_count          0000000000000000     <absolute>
 0000:00000000       __guard_longjmp_count      0000000000000000     <absolute>
 0000:00000000       __guard_longjmp_table      0000000000000000     <absolute>
 0000:00000000       __volatile_metadata        0000000000000000     <absolute>
 0000:00000000       __guard_iat_table          0000000000000000     <absolute>
 0000:00000000       __guard_fids_count         0000000000000000     <absolute>
 0000:00000000       ___safe_se_handler_count   0000000000000000     <absolute>
 0000:00000000       __enclave_config           0000000000000000     <absolute>
 0000:00000000       ___safe_se_handler_table   0000000000000000     <absolute>
 0000:00000000       __guard_fids_table         0000000000000000     <absolute>
 0000:00000000       __hybrid_auxiliary_iat     0000000000000000     <absolute>
 0000:00000000       __dynamic_value_reloc_table 0000000000000000     <absolute>
 0000:00000100       __guard_flags              0000000000000100     <absolute>
 0000:00000000       __ImageBase                0000000180000000     <linker-defined>
 0001:000000c0       ?DupWide@_CW@@AEAAXXZ      00000001800010c0 f   CWString.obj
 0001:000000e8       ?cw_dup@@YAXPEBDAEAHAEAPEA_W1@Z 00000001800010e8 f   CWString.obj
 0001:00000194       ?cw_memcpy@@YAHPEA_WPEBDH@Z 0000000180001194 f   CWString.obj
 0001:000001e0       ?cw_strcpy@@YAHPEA_WPEBD@Z 00000001800011e0 f   CWString.obj
 0001:000001f4       ??0CAtlComModule@ATL@@QEAA@XZ 00000001800011f4 f i OposVariant.obj
 0001:0000027c       ??0CAtlWinModule@ATL@@QEAA@XZ 000000018000127c f i OposVariant.obj
 0001:000002f0       ??0OposDispParms@@QEAA@PEAVOposVariant@@H@Z 00000001800012f0 f   OposVariant.obj
 0001:00000398       ??1OposDispParms@@QEAA@XZ  0000000180001398 f   OposVariant.obj
 0001:000003b0       ??_Estringdispid@CComTypeInfoHolder@ATL@@QEAAPEAXI@Z 00000001800013b0 f i OposVariant.obj
 0001:00000454       ?AtlWinModuleTerm@ATL@@YAJPEAU_ATL_WIN_MODULE70@1@PEAUHINSTANCE__@@@Z 0000000180001454 f i OposVariant.obj
 0001:00000504       ?ChangeBSTR@OposVariant@@QEAAXPEAPEA_WAEAJ@Z 0000000180001504 f   OposVariant.obj
 0001:00000564       ?ChangeLONG@OposVariant@@QEAAXPEAJAEAJ@Z 0000000180001564 f   OposVariant.obj
 0001:000005c0       ?GetLONG@OposVariant@@QEAAJXZ 00000001800015c0 f   OposVariant.obj
 0001:000005e4       ?SetBSTR@OposVariant@@QEAAXPEA_WAEAJ@Z 00000001800015e4 f   OposVariant.obj
 0001:00000624       ?SetBSTR_Copy@OposVariant@@QEAAXPEA_WAEAJ@Z 0000000180001624 f   OposVariant.obj
 0001:00000694       ?SetBSTR_InOutPtr@OposVariant@@QEAA_NPEAPEA_WAEAJ@Z 0000000180001694 f   OposVariant.obj
 0001:000006e4       ?SetBSTR_OutPtr@OposVariant@@QEAA_NPEAPEA_WAEAJ@Z 00000001800016e4 f   OposVariant.obj
 0001:00000700       ?SetDispatch_Ptr@OposVariant@@QEAAXPEAUIDispatch@@AEAJ@Z 0000000180001700 f   OposVariant.obj
 0001:00000758       ?SetLONG@OposVariant@@QEAAXJ@Z 0000000180001758 f   OposVariant.obj
 0001:00000788       ?SetLONG_Ptr@OposVariant@@QEAAXPEAJAEAJ@Z 0000000180001788 f   OposVariant.obj
 0001:000007d4       ?SetString@OposVariant@@QEAAXPEB_WAEAJ@Z 00000001800017d4 f   OposVariant.obj
 0001:00000838       ?SetVARIANT_BOOL@OposVariant@@QEAAXF@Z 0000000180001838 f   OposVariant.obj
 0001:00000870       ?SetVARIANT_BOOL_Ptr@OposVariant@@QEAAXPEAFAEAJ@Z 0000000180001870 f   OposVariant.obj
 0001:000008bc       ?Term@CAtlComModule@ATL@@QEAAXXZ 00000001800018bc f i OposVariant.obj
 0001:0000092c       ?_AtlInitializeCriticalSectionEx@ATL@@YAHPEAU_RTL_CRITICAL_SECTION@@KK@Z 000000018000192c f i OposVariant.obj
 0001:00000934       ?_AtlRaiseException@ATL@@YAXKK@Z 0000000180001934 f i OposVariant.obj
 0001:00000944       ?CreateInstance@?$CComCreator@V?$CComObjectCached@VCComClassFactory@ATL@@@ATL@@@ATL@@SAJPEAXAEBU_GUID@@PEAPEAX@Z 0000000180001944 f i CoinDispenser.obj
 0001:00000a44       ?CreateInstance@?$CComCreator2@V?$CComCreator@V?$CComObject@VCOPOSCoinDispenser@@@ATL@@@ATL@@V?$CComCreator@V?$CComAggObject@VCOPOSCoinDispenser@@@ATL@@@2@@ATL@@SAJPEAXAEBU_GUID@@PEAPEAX@Z 0000000180001a44 f i CoinDispenser.obj
 0001:00000a54       ?Next@?$CComEnumImpl@UIEnumConnectionPoints@@$1?_GUID_b196b285_bab4_101a_b69c_00aa00341d07@@3U__s_GUID@@BPEAUIConnectionPoint@@V?$_CopyInterface@UIConnectionPoint@@@ATL@@@ATL@@UEAAJKPEAPEAUIConnectionPoint@@PEAK@Z 0000000180001a54 f i CoinDispenser.obj
 0001:00000b20       ?Skip@?$CComEnumImpl@UIEnumConnectionPoints@@$1?_GUID_b196b285_bab4_101a_b69c_00aa00341d07@@3U__s_GUID@@BPEAUIConnectionPoint@@V?$_CopyInterface@UIConnectionPoint@@@ATL@@@ATL@@UEAAJK@Z 0000000180001b20 f i CoinDispenser.obj
 0001:00000b4c       ?Reset@?$CComEnumImpl@UIEnumConnectionPoints@@$1?_GUID_b196b285_bab4_101a_b69c_00aa00341d07@@3U__s_GUID@@BPEAUIConnectionPoint@@V?$_CopyInterface@UIConnectionPoint@@@ATL@@@ATL@@UEAAJXZ 0000000180001b4c f i CoinDispenser.obj
 0001:00000b4c       ?Reset@?$CComEnumImpl@UIEnumConnections@@$1?_GUID_b196b287_bab4_101a_b69c_00aa00341d07@@3U__s_GUID@@BUtagCONNECTDATA@@V?$_Copy@UtagCONNECTDATA@@@ATL@@@ATL@@UEAAJXZ 0000000180001b4c f i CoinDispenser.obj
 0001:00000b58       ?GetCanonicalFormatEtc@?$IDataObjectImpl@VCOPOSCoinDispenser@@@ATL@@UEAAJPEAUtagFORMATETC@@0@Z 0000000180001b58 f i CoinDispenser.obj
 0001:00000b58       ?SetData@?$IDataObjectImpl@VCOPOSCoinDispenser@@@ATL@@UEAAJPEAUtagFORMATETC@@PEAUtagSTGMEDIUM@@H@Z 0000000180001b58 f i CoinDispenser.obj
 0001:00000b58       ?GetDataHere@?$IDataObjectImpl@VCOPOSCoinDispenser@@@ATL@@UEAAJPEAUtagFORMATETC@@PEAUtagSTGMEDIUM@@@Z 0000000180001b58 f i CoinDispenser.obj
 0001:00000b58       ?ContextSensitiveHelp@?$IOleInPlaceObjectWindowlessImpl@VCOPOSCoinDispenser@@@ATL@@UEAAJH@Z 0000000180001b58 f i CoinDispenser.obj
 0001:00000b58       ?GetClipboardData@?$IOleObjectImpl@VCOPOSCoinDispenser@@@ATL@@UEAAJKPEAPEAUIDataObject@@@Z 0000000180001b58 f i CoinDispenser.obj
 0001:00000b58       ?Freeze@?$IViewObjectExImpl@VCOPOSCoinDispenser@@@ATL@@UEAAJKJPEAXPEAK@Z 0000000180001b58 f i CoinDispenser.obj
 0001:00000b58       ?GetControlInfo@?$IOleControlImpl@VCOPOSCoinDispenser@@@ATL@@UEAAJPEAUtagCONTROLINFO@@@Z 0000000180001b58 f i CoinDispenser.obj
 0001:00000b58       ?GetMoniker@?$IOleObjectImpl@VCOPOSCoinDispenser@@@ATL@@UEAAJKKPEAPEAUIMoniker@@@Z 0000000180001b58 f i CoinDispenser.obj
 0001:00000b58       ?QueryInterface@CRegObject@ATL@@UEAAJAEBU_GUID@@PEAPEAX@Z 0000000180001b58 f i CoinDispenser.obj
 0001:00000b58       ?Unfreeze@?$IViewObjectExImpl@VCOPOSCoinDispenser@@@ATL@@UEAAJK@Z 0000000180001b58 f i CoinDispenser.obj
 0001:00000b58       ?SODataDummy@COPOSCoinDispenser@@MEAAJJ@Z 0000000180001b58 f i CoinDispenser.obj
 0001:00000b58       ?SetColorScheme@?$IOleObjectImpl@VCOPOSCoinDispenser@@@ATL@@UEAAJPEAUtagLOGPALETTE@@@Z 0000000180001b58 f i CoinDispenser.obj
 0001:00000b58       ?SOErrorDummy@COPOSCoinDispenser@@MEAAJJJJPEAJ@Z 0000000180001b58 f i CoinDispenser.obj
 0001:00000b58       ?GetColorSet@?$IViewObjectExImpl@VCOPOSCoinDispenser@@@ATL@@UEAAJKJPEAXPEAUtagDVTARGETDEVICE@@PEAUHDC__@@PEAPEAUtagLOGPALETTE@@@Z 0000000180001b58 f i CoinDispenser.obj
 0001:00000b58       ?SOOutputCompleteDummy@COPOSCoinDispenser@@MEAAJJ@Z 0000000180001b58 f i CoinDispenser.obj
 0001:00000b58       ?ContextSensitiveHelp@?$IOleInPlaceActiveObjectImpl@VCOPOSCoinDispenser@@@ATL@@UEAAJH@Z 0000000180001b58 f i CoinDispenser.obj
 0001:00000b58       ?InitFromData@?$IOleObjectImpl@VCOPOSCoinDispenser@@@ATL@@UEAAJPEAUIDataObject@@HK@Z 0000000180001b58 f i CoinDispenser.obj
 0001:00000b58       ?GetRect@?$IViewObjectExImpl@VCOPOSCoinDispenser@@@ATL@@UEAAJKPEAU_RECTL@@@Z 0000000180001b58 f i CoinDispenser.obj
 0001:00000b58       ?OnMnemonic@?$IOleControlImpl@VCOPOSCoinDispenser@@@ATL@@UEAAJPEAUtagMSG@@@Z 0000000180001b58 f i CoinDispenser.obj
 0001:00000b58       ?EnumFormatEtc@?$IDataObjectImpl@VCOPOSCoinDispenser@@@ATL@@UEAAJKPEAPEAUIEnumFORMATETC@@@Z 0000000180001b58 f i CoinDispenser.obj
 0001:00000b58       ?QueryGetData@?$IDataObjectImpl@VCOPOSCoinDispenser@@@ATL@@UEAAJPEAUtagFORMATETC@@@Z 0000000180001b58 f i CoinDispenser.obj
 0001:00000b58       ?GetDropTarget@?$IOleInPlaceObjectWindowlessImpl@VCOPOSCoinDispenser@@@ATL@@UEAAJPEAPEAUIDropTarget@@@Z 0000000180001b58 f i CoinDispenser.obj
 0001:00000b58       ?SetMoniker@?$IOleObjectImpl@VCOPOSCoinDispenser@@@ATL@@UEAAJKPEAUIMoniker@@@Z 0000000180001b58 f i CoinDispenser.obj
 0001:00000b58       ?ReactivateAndUndo@?$IOleInPlaceObjectWindowlessImpl@VCOPOSCoinDispenser@@@ATL@@UEAAJXZ 0000000180001b58 f i CoinDispenser.obj
 0001:00000b60       ?Clone@?$CComEnumImpl@UIEnumConnectionPoints@@$1?_GUID_b196b285_bab4_101a_b69c_00aa00341d07@@3U__s_GUID@@BPEAUIConnectionPoint@@V?$_CopyInterface@UIConnectionPoint@@@ATL@@@ATL@@UEAAJPEAPEAUIEnumConnectionPoints@@@Z 0000000180001b60 f i CoinDispenser.obj
 0001:00000c88       ?AddRef@CRegObject@ATL@@UEAAKXZ 0000000180001c88 f i CoinDispenser.obj
 0001:00000c88       ?FAccessAllowed@?$IObjectSafetyImpl@VCOPOSCoinDispenser@@$02@ATL@@MEAAHXZ 0000000180001c88 f i CoinDispenser.obj
 0001:00000c90       ?ResizeBorder@?$IOleInPlaceActiveObjectImpl@VCOPOSCoinDispenser@@@ATL@@UEAAJPEBUtagRECT@@PEAUIOleInPlaceUIWindow@@H@Z 0000000180001c90 f i CoinDispenser.obj
 0001:00000c90       ?IsUpToDate@?$IOleObjectImpl@VCOPOSCoinDispenser@@@ATL@@UEAAJXZ 0000000180001c90 f i CoinDispenser.obj
 0001:00000c90       ?GetObjectDescription@?$CComCoClass@VCOPOSCoinDispenser@@$1?CLSID_OPOSCoinDispenser@@3U_GUID@@B@ATL@@SAPEB_WXZ 0000000180001c90 f i CoinDispenser.obj
 0001:00000c90       ?Release@CRegObject@ATL@@UEAAKXZ 0000000180001c90 f i CoinDispenser.obj
 0001:00000c90       ?SaveCompleted@?$IPersistStorageImpl@VCOPOSCoinDispenser@@@ATL@@UEAAJPEAUIStorage@@@Z 0000000180001c90 f i CoinDispenser.obj
 0001:00000c90       ?HandsOffStorage@?$IPersistStorageImpl@VCOPOSCoinDispenser@@@ATL@@UEAAJXZ 0000000180001c90 f i CoinDispenser.obj
 0001:00000c90       ?EnableModeless@?$IOleInPlaceActiveObjectImpl@VCOPOSCoinDispenser@@@ATL@@UEAAJH@Z 0000000180001c90 f i CoinDispenser.obj
 0001:00000c90       ?OnFrameWindowActivate@?$IOleInPlaceActiveObjectImpl@VCOPOSCoinDispenser@@@ATL@@UEAAJH@Z 0000000180001c90 f i CoinDispenser.obj
 0001:00000c90       ?OnAmbientPropertyChange@?$IOleControlImpl@VCOPOSCoinDispenser@@@ATL@@UEAAJJ@Z 0000000180001c90 f i CoinDispenser.obj
 0001:00000c90       ?Update@?$IOleObjectImpl@VCOPOSCoinDispenser@@@ATL@@UEAAJXZ 0000000180001c90 f i CoinDispenser.obj
 0001:00000c90       ?SetHostNames@?$IOleObjectImpl@VCOPOSCoinDispenser@@@ATL@@UEAAJPEB_W0@Z 0000000180001c90 f i CoinDispenser.obj
 0001:00000c90       ?GetCategoryMap@CComObjectRootBase@ATL@@SAPEBU_ATL_CATMAP_ENTRY@2@XZ 0000000180001c90 f i CoinDispenser.obj
 0001:00000c94       ?AddReplacement@CRegObject@ATL@@UEAAJPEB_W0@Z 0000000180001c94 f i CoinDispenser.obj
 0001:00000cc4       ?ClearReplacements@CRegObject@ATL@@UEAAJXZ 0000000180001cc4 f i CoinDispenser.obj
 0001:00000cd0       ??_ECRegObject@ATL@@UEAAPEAXI@Z 0000000180001cd0 f i CoinDispenser.obj
 0001:00000cd0       ??_GCRegObject@ATL@@UEAAPEAXI@Z 0000000180001cd0 f i CoinDispenser.obj
 0001:00000d50       ?AddRef@?$CComObject@V?$CComEnum@UIEnumConnectionPoints@@$1?_GUID_b196b285_bab4_101a_b69c_00aa00341d07@@3U__s_GUID@@BPEAUIConnectionPoint@@V?$_CopyInterface@UIConnectionPoint@@@ATL@@VCComSingleThreadModel@6@@ATL@@@ATL@@UEAAKXZ 0000000180001d50 f i CoinDispenser.obj
 0001:00000d50       ?AddRef@?$CComObject@V?$CComEnum@UIEnumConnections@@$1?_GUID_b196b287_bab4_101a_b69c_00aa00341d07@@3U__s_GUID@@BUtagCONNECTDATA@@V?$_Copy@UtagCONNECTDATA@@@ATL@@VCComSingleThreadModel@6@@ATL@@@ATL@@UEAAKXZ 0000000180001d50 f i CoinDispenser.obj
 0001:00000d5c       ?Release@?$CComObject@V?$CComEnum@UIEnumConnections@@$1?_GUID_b196b287_bab4_101a_b69c_00aa00341d07@@3U__s_GUID@@BUtagCONNECTDATA@@V?$_Copy@UtagCONNECTDATA@@@ATL@@VCComSingleThreadModel@6@@ATL@@@ATL@@UEAAKXZ 0000000180001d5c f i CoinDispenser.obj
 0001:00000d5c       ?Release@?$CComObject@V?$CComEnum@UIEnumConnectionPoints@@$1?_GUID_b196b285_bab4_101a_b69c_00aa00341d07@@3U__s_GUID@@BPEAUIConnectionPoint@@V?$_CopyInterface@UIConnectionPoint@@@ATL@@VCComSingleThreadModel@6@@ATL@@@ATL@@UEAAKXZ 0000000180001d5c f i CoinDispenser.obj
 0001:00000db0       ?QueryInterface@?$CComObject@V?$CComEnum@UIEnumConnectionPoints@@$1?_GUID_b196b285_bab4_101a_b69c_00aa00341d07@@3U__s_GUID@@BPEAUIConnectionPoint@@V?$_CopyInterface@UIConnectionPoint@@@ATL@@VCComSingleThreadModel@6@@ATL@@@ATL@@UEAAJAEBU_GUID@@PEAPEAX@Z 0000000180001db0 f i CoinDispenser.obj
 0001:00000dc4       ??_G?$CComObject@V?$CComEnum@UIEnumConnectionPoints@@$1?_GUID_b196b285_bab4_101a_b69c_00aa00341d07@@3U__s_GUID@@BPEAUIConnectionPoint@@V?$_CopyInterface@UIConnectionPoint@@@ATL@@VCComSingleThreadModel@6@@ATL@@@ATL@@UEAAPEAXI@Z 0000000180001dc4 f i CoinDispenser.obj
 0001:00000dc4       ??_E?$CComObject@V?$CComEnum@UIEnumConnectionPoints@@$1?_GUID_b196b285_bab4_101a_b69c_00aa00341d07@@3U__s_GUID@@BPEAUIConnectionPoint@@V?$_CopyInterface@UIConnectionPoint@@@ATL@@VCComSingleThreadModel@6@@ATL@@@ATL@@UEAAPEAXI@Z 0000000180001dc4 f i CoinDispenser.obj
 0001:00000e1c       ?AddRef@?$CComObjectCached@VCComClassFactory@ATL@@@ATL@@UEAAKXZ 0000000180001e1c f i CoinDispenser.obj
 0001:00000e48       ?Release@?$CComObjectCached@VCComClassFactory@ATL@@@ATL@@UEAAKXZ 0000000180001e48 f i CoinDispenser.obj
 0001:00000e88       ?QueryInterface@?$CComObjectCached@VCComClassFactory@ATL@@@ATL@@UEAAJAEBU_GUID@@PEAPEAX@Z 0000000180001e88 f i CoinDispenser.obj
 0001:00000e9c       ??_E?$CComObjectCached@VCComClassFactory@ATL@@@ATL@@UEAAPEAXI@Z 0000000180001e9c f i CoinDispenser.obj
 0001:00000e9c       ??_G?$CComObjectCached@VCComClassFactory@ATL@@@ATL@@UEAAPEAXI@Z 0000000180001e9c f i CoinDispenser.obj
 0001:00000ef4       ?AddRef@?$CComAggObject@VCOPOSCoinDispenser@@@ATL@@UEAAKXZ 0000000180001ef4 f i CoinDispenser.obj
 0001:00000f00       ?Release@?$CComAggObject@VCOPOSCoinDispenser@@@ATL@@UEAAKXZ 0000000180001f00 f i CoinDispenser.obj
 0001:00000f54       ?QueryInterface@?$CComAggObject@VCOPOSCoinDispenser@@@ATL@@UEAAJAEBU_GUID@@PEAPEAX@Z 0000000180001f54 f i CoinDispenser.obj
 0001:00000fb4       ?AddRef@?$CComContainedObject@VCOPOSCoinDispenser@@@ATL@@UEAAKXZ 0000000180001fb4 f i CoinDispenser.obj
 0001:00000fc4       ?Release@?$CComContainedObject@VCOPOSCoinDispenser@@@ATL@@UEAAKXZ 0000000180001fc4 f i CoinDispenser.obj
 0001:00000fd4       ?QueryInterface@?$CComContainedObject@VCOPOSCoinDispenser@@@ATL@@UEAAJAEBU_GUID@@PEAPEAX@Z 0000000180001fd4 f i CoinDispenser.obj
 0001:00000fe4       ??_G?$CComAggObject@VCOPOSCoinDispenser@@@ATL@@UEAAPEAXI@Z 0000000180001fe4 f i CoinDispenser.obj
 0001:00000fe4       ??_E?$CComAggObject@VCOPOSCoinDispenser@@@ATL@@UEAAPEAXI@Z 0000000180001fe4 f i CoinDispenser.obj
 0001:0000103c       ?AddRef@?$CComObject@VCOPOSCoinDispenser@@@ATL@@UEAAKXZ 000000018000203c f i CoinDispenser.obj
 0001:0000104c       ?Release@?$CComObject@VCOPOSCoinDispenser@@@ATL@@UEAAKXZ 000000018000204c f i CoinDispenser.obj
 0001:000010a4       ?QueryInterface@?$CComObject@VCOPOSCoinDispenser@@@ATL@@UEAAJAEBU_GUID@@PEAPEAX@Z 00000001800020a4 f i CoinDispenser.obj
 0001:000010b8       ?OnDrawAdvanced@CComControlBase@ATL@@UEAAJAEAUATL_DRAWINFO@@@Z 00000001800020b8 f i CoinDispenser.obj
 0001:000011d8       ?ObjectMain@CComObjectRootBase@ATL@@SAX_N@Z 00000001800021d8 f i CoinDispenser.obj
 0001:000011d8       ?OnFinalMessage@?$CWindowImplBaseT@VCWindow@ATL@@V?$CWinTraits@$0FGAAAAAA@$0A@@2@@ATL@@UEAAXPEAUHWND__@@@Z 00000001800021d8 f i CoinDispenser.obj
 0001:000011dc       ?Next@?$CComEnumImpl@UIEnumConnections@@$1?_GUID_b196b287_bab4_101a_b69c_00aa00341d07@@3U__s_GUID@@BUtagCONNECTDATA@@V?$_Copy@UtagCONNECTDATA@@@ATL@@@ATL@@UEAAJKPEAUtagCONNECTDATA@@PEAK@Z 00000001800021dc f i CoinDispenser.obj
 0001:000012b0       ?Skip@?$CComEnumImpl@UIEnumConnections@@$1?_GUID_b196b287_bab4_101a_b69c_00aa00341d07@@3U__s_GUID@@BUtagCONNECTDATA@@V?$_Copy@UtagCONNECTDATA@@@ATL@@@ATL@@UEAAJK@Z 00000001800022b0 f i CoinDispenser.obj
 0001:000012dc       ?Clone@?$CComEnumImpl@UIEnumConnections@@$1?_GUID_b196b287_bab4_101a_b69c_00aa00341d07@@3U__s_GUID@@BUtagCONNECTDATA@@V?$_Copy@UtagCONNECTDATA@@@ATL@@@ATL@@UEAAJPEAPEAUIEnumConnections@@@Z 00000001800022dc f i CoinDispenser.obj
 0001:00001404       ?QueryInterface@?$CComObject@V?$CComEnum@UIEnumConnections@@$1?_GUID_b196b287_bab4_101a_b69c_00aa00341d07@@3U__s_GUID@@BUtagCONNECTDATA@@V?$_Copy@UtagCONNECTDATA@@@ATL@@VCComSingleThreadModel@6@@ATL@@@ATL@@UEAAJAEBU_GUID@@PEAPEAX@Z 0000000180002404 f i CoinDispenser.obj
 0001:00001418       ??_E?$CComObject@V?$CComEnum@UIEnumConnections@@$1?_GUID_b196b287_bab4_101a_b69c_00aa00341d07@@3U__s_GUID@@BUtagCONNECTDATA@@V?$_Copy@UtagCONNECTDATA@@@ATL@@VCComSingleThreadModel@6@@ATL@@@ATL@@UEAAPEAXI@Z 0000000180002418 f i CoinDispenser.obj
 0001:00001418       ??_G?$CComObject@V?$CComEnum@UIEnumConnections@@$1?_GUID_b196b287_bab4_101a_b69c_00aa00341d07@@3U__s_GUID@@BUtagCONNECTDATA@@V?$_Copy@UtagCONNECTDATA@@@ATL@@VCComSingleThreadModel@6@@ATL@@@ATL@@UEAAPEAXI@Z 0000000180002418 f i CoinDispenser.obj
 0001:00001470       ?CreateInstance@CComClassFactory@ATL@@UEAAJPEAUIUnknown@@AEBU_GUID@@PEAPEAX@Z 0000000180002470 f i CoinDispenser.obj
 0001:000014d0       ?LockServer@CComClassFactory@ATL@@UEAAJH@Z 00000001800024d0 f i CoinDispenser.obj
 0001:000014f4       ??_ECComClassFactory@ATL@@UEAAPEAXI@Z 00000001800024f4 f i CoinDispenser.obj
 0001:000014f4       ??_GCComClassFactory@ATL@@UEAAPEAXI@Z 00000001800024f4 f i CoinDispenser.obj
 0001:00001544       ??_E?$CComObject@VCOPOSCoinDispenser@@@ATL@@W7EAAPEAXI@Z 0000000180002544 f i CoinDispenser.obj
 0001:00001550       ??_E?$CComObject@VCOPOSCoinDispenser@@@ATL@@WHA@EAAPEAXI@Z 0000000180002550 f i CoinDispenser.obj
 0001:0000155c       ?QueryInterface@?$CComObject@VCOPOSCoinDispenser@@@ATL@@WLI@EAAJAEBU_GUID@@PEAPEAX@Z 000000018000255c f i CoinDispenser.obj
 0001:00001568       ?AddRef@?$CComObject@VCOPOSCoinDispenser@@@ATL@@WLI@EAAKXZ 0000000180002568 f i CoinDispenser.obj
 0001:00001574       ?Release@?$CComObject@VCOPOSCoinDispenser@@@ATL@@WLI@EAAKXZ 0000000180002574 f i CoinDispenser.obj
 0001:00001580       ?QueryInterface@?$CComObject@VCOPOSCoinDispenser@@@ATL@@WMA@EAAJAEBU_GUID@@PEAPEAX@Z 0000000180002580 f i CoinDispenser.obj
 0001:0000158c       ?AddRef@?$CComObject@VCOPOSCoinDispenser@@@ATL@@WMA@EAAKXZ 000000018000258c f i CoinDispenser.obj
 0001:00001598       ?Release@?$CComObject@VCOPOSCoinDispenser@@@ATL@@WMA@EAAKXZ 0000000180002598 f i CoinDispenser.obj
 0001:000015a4       ?QueryInterface@?$CComObject@VCOPOSCoinDispenser@@@ATL@@WMI@EAAJAEBU_GUID@@PEAPEAX@Z 00000001800025a4 f i CoinDispenser.obj
 0001:000015b0       ?AddRef@?$CComObject@VCOPOSCoinDispenser@@@ATL@@WMI@EAAKXZ 00000001800025b0 f i CoinDispenser.obj
 0001:000015bc       ?Release@?$CComObject@VCOPOSCoinDispenser@@@ATL@@WMI@EAAKXZ 00000001800025bc f i CoinDispenser.obj
 0001:000015c8       ?QueryInterface@?$CComObject@VCOPOSCoinDispenser@@@ATL@@WNA@EAAJAEBU_GUID@@PEAPEAX@Z 00000001800025c8 f i CoinDispenser.obj
 0001:000015d4       ?AddRef@?$CComObject@VCOPOSCoinDispenser@@@ATL@@WNA@EAAKXZ 00000001800025d4 f i CoinDispenser.obj
 0001:000015e0       ?Release@?$CComObject@VCOPOSCoinDispenser@@@ATL@@WNA@EAAKXZ 00000001800025e0 f i CoinDispenser.obj
 0001:000015ec       ?QueryInterface@?$CComObject@VCOPOSCoinDispenser@@@ATL@@WNI@EAAJAEBU_GUID@@PEAPEAX@Z 00000001800025ec f i CoinDispenser.obj
 0001:000015f8       ?AddRef@?$CComObject@VCOPOSCoinDispenser@@@ATL@@WNI@EAAKXZ 00000001800025f8 f i CoinDispenser.obj
 0001:00001604       ?Release@?$CComObject@VCOPOSCoinDispenser@@@ATL@@WNI@EAAKXZ 0000000180002604 f i CoinDispenser.obj
 0001:00001610       ?QueryInterface@?$CComObject@VCOPOSCoinDispenser@@@ATL@@WOA@EAAJAEBU_GUID@@PEAPEAX@Z 0000000180002610 f i CoinDispenser.obj
 0001:0000161c       ?AddRef@?$CComObject@VCOPOSCoinDispenser@@@ATL@@WOA@EAAKXZ 000000018000261c f i CoinDispenser.obj
 0001:00001628       ?Release@?$CComObject@VCOPOSCoinDispenser@@@ATL@@WOA@EAAKXZ 0000000180002628 f i CoinDispenser.obj
 0001:00001634       ?QueryInterface@?$CComObject@VCOPOSCoinDispenser@@@ATL@@WOI@EAAJAEBU_GUID@@PEAPEAX@Z 0000000180002634 f i CoinDispenser.obj
 0001:00001640       ?AddRef@?$CComObject@VCOPOSCoinDispenser@@@ATL@@WOI@EAAKXZ 0000000180002640 f i CoinDispenser.obj
 0001:0000164c       ?Release@?$CComObject@VCOPOSCoinDispenser@@@ATL@@WOI@EAAKXZ 000000018000264c f i CoinDispenser.obj
 0001:00001658       ?QueryInterface@?$CComObject@VCOPOSCoinDispenser@@@ATL@@WPA@EAAJAEBU_GUID@@PEAPEAX@Z 0000000180002658 f i CoinDispenser.obj
 0001:00001664       ?AddRef@?$CComObject@VCOPOSCoinDispenser@@@ATL@@WPA@EAAKXZ 0000000180002664 f i CoinDispenser.obj
 0001:00001670       ?Release@?$CComObject@VCOPOSCoinDispenser@@@ATL@@WPA@EAAKXZ 0000000180002670 f i CoinDispenser.obj
 0001:0000167c       ?QueryInterface@?$CComObject@VCOPOSCoinDispenser@@@ATL@@WPI@EAAJAEBU_GUID@@PEAPEAX@Z 000000018000267c f i CoinDispenser.obj
 0001:00001688       ?AddRef@?$CComObject@VCOPOSCoinDispenser@@@ATL@@WPI@EAAKXZ 0000000180002688 f i CoinDispenser.obj
 0001:00001694       ?Release@?$CComObject@VCOPOSCoinDispenser@@@ATL@@WPI@EAAKXZ 0000000180002694 f i CoinDispenser.obj
 0001:000016a0       ?QueryInterface@?$CComObject@VCOPOSCoinDispenser@@@ATL@@WBAA@EAAJAEBU_GUID@@PEAPEAX@Z 00000001800026a0 f i CoinDispenser.obj
 0001:000016ac       ?AddRef@?$CComObject@VCOPOSCoinDispenser@@@ATL@@WBAA@EAAKXZ 00000001800026ac f i CoinDispenser.obj
 0001:000016b8       ?Release@?$CComObject@VCOPOSCoinDispenser@@@ATL@@WBAA@EAAKXZ 00000001800026b8 f i CoinDispenser.obj
 0001:000016c4       ?QueryInterface@?$CComObject@VCOPOSCoinDispenser@@@ATL@@WBAI@EAAJAEBU_GUID@@PEAPEAX@Z 00000001800026c4 f i CoinDispenser.obj
 0001:000016d0       ?AddRef@?$CComObject@VCOPOSCoinDispenser@@@ATL@@WBAI@EAAKXZ 00000001800026d0 f i CoinDispenser.obj
 0001:000016dc       ?Release@?$CComObject@VCOPOSCoinDispenser@@@ATL@@WBAI@EAAKXZ 00000001800026dc f i CoinDispenser.obj
 0001:000016e8       ?QueryInterface@?$CComObject@VCOPOSCoinDispenser@@@ATL@@WBBA@EAAJAEBU_GUID@@PEAPEAX@Z 00000001800026e8 f i CoinDispenser.obj
 0001:000016f4       ?AddRef@?$CComObject@VCOPOSCoinDispenser@@@ATL@@WBBA@EAAKXZ 00000001800026f4 f i CoinDispenser.obj
 0001:00001700       ?Release@?$CComObject@VCOPOSCoinDispenser@@@ATL@@WBBA@EAAKXZ 0000000180002700 f i CoinDispenser.obj
 0001:0000170c       ?QueryInterface@?$CComObject@VCOPOSCoinDispenser@@@ATL@@WBBI@EAAJAEBU_GUID@@PEAPEAX@Z 000000018000270c f i CoinDispenser.obj
 0001:00001718       ?AddRef@?$CComObject@VCOPOSCoinDispenser@@@ATL@@WBBI@EAAKXZ 0000000180002718 f i CoinDispenser.obj
 0001:00001724       ?Release@?$CComObject@VCOPOSCoinDispenser@@@ATL@@WBBI@EAAKXZ 0000000180002724 f i CoinDispenser.obj
 0001:00001730       ?AddRef@?$CComObject@VCOPOSCoinDispenser@@@ATL@@WBCI@EAAKXZ 0000000180002730 f i CoinDispenser.obj
 0001:0000173c       ?Release@?$CComObject@VCOPOSCoinDispenser@@@ATL@@WBCI@EAAKXZ 000000018000273c f i CoinDispenser.obj
 0001:00001748       ?AddRef@?$CComObject@VCOPOSCoinDispenser@@@ATL@@WBEA@EAAKXZ 0000000180002748 f i CoinDispenser.obj
 0001:00001754       ?Release@?$CComObject@VCOPOSCoinDispenser@@@ATL@@WBEA@EAAKXZ 0000000180002754 f i CoinDispenser.obj
 0001:00001760       ??_E?$CComContainedObject@VCOPOSCoinDispenser@@@ATL@@W7EAAPEAXI@Z 0000000180002760 f i CoinDispenser.obj
 0001:0000176c       ??_E?$CComContainedObject@VCOPOSCoinDispenser@@@ATL@@WHA@EAAPEAXI@Z 000000018000276c f i CoinDispenser.obj
 0001:00001778       ?QueryInterface@?$CComContainedObject@VCOPOSCoinDispenser@@@ATL@@WLI@EAAJAEBU_GUID@@PEAPEAX@Z 0000000180002778 f i CoinDispenser.obj
 0001:00001784       ?AddRef@?$CComContainedObject@VCOPOSCoinDispenser@@@ATL@@WLI@EAAKXZ 0000000180002784 f i CoinDispenser.obj
 0001:00001790       ?Release@?$CComContainedObject@VCOPOSCoinDispenser@@@ATL@@WLI@EAAKXZ 0000000180002790 f i CoinDispenser.obj
 0001:0000179c       ?QueryInterface@?$CComContainedObject@VCOPOSCoinDispenser@@@ATL@@WMA@EAAJAEBU_GUID@@PEAPEAX@Z 000000018000279c f i CoinDispenser.obj
 0001:000017a8       ?AddRef@?$CComContainedObject@VCOPOSCoinDispenser@@@ATL@@WMA@EAAKXZ 00000001800027a8 f i CoinDispenser.obj
 0001:000017b4       ?Release@?$CComContainedObject@VCOPOSCoinDispenser@@@ATL@@WMA@EAAKXZ 00000001800027b4 f i CoinDispenser.obj
 0001:000017c0       ?QueryInterface@?$CComContainedObject@VCOPOSCoinDispenser@@@ATL@@WMI@EAAJAEBU_GUID@@PEAPEAX@Z 00000001800027c0 f i CoinDispenser.obj
 0001:000017cc       ?AddRef@?$CComContainedObject@VCOPOSCoinDispenser@@@ATL@@WMI@EAAKXZ 00000001800027cc f i CoinDispenser.obj
 0001:000017d8       ?Release@?$CComContainedObject@VCOPOSCoinDispenser@@@ATL@@WMI@EAAKXZ 00000001800027d8 f i CoinDispenser.obj
 0001:000017e4       ?QueryInterface@?$CComContainedObject@VCOPOSCoinDispenser@@@ATL@@WNA@EAAJAEBU_GUID@@PEAPEAX@Z 00000001800027e4 f i CoinDispenser.obj
 0001:000017f0       ?AddRef@?$CComContainedObject@VCOPOSCoinDispenser@@@ATL@@WNA@EAAKXZ 00000001800027f0 f i CoinDispenser.obj
 0001:000017fc       ?Release@?$CComContainedObject@VCOPOSCoinDispenser@@@ATL@@WNA@EAAKXZ 00000001800027fc f i CoinDispenser.obj
 0001:00001808       ?QueryInterface@?$CComContainedObject@VCOPOSCoinDispenser@@@ATL@@WNI@EAAJAEBU_GUID@@PEAPEAX@Z 0000000180002808 f i CoinDispenser.obj
 0001:00001814       ?AddRef@?$CComContainedObject@VCOPOSCoinDispenser@@@ATL@@WNI@EAAKXZ 0000000180002814 f i CoinDispenser.obj
 0001:00001820       ?Release@?$CComContainedObject@VCOPOSCoinDispenser@@@ATL@@WNI@EAAKXZ 0000000180002820 f i CoinDispenser.obj
 0001:0000182c       ?QueryInterface@?$CComContainedObject@VCOPOSCoinDispenser@@@ATL@@WOA@EAAJAEBU_GUID@@PEAPEAX@Z 000000018000282c f i CoinDispenser.obj
 0001:00001838       ?AddRef@?$CComContainedObject@VCOPOSCoinDispenser@@@ATL@@WOA@EAAKXZ 0000000180002838 f i CoinDispenser.obj
 0001:00001844       ?Release@?$CComContainedObject@VCOPOSCoinDispenser@@@ATL@@WOA@EAAKXZ 0000000180002844 f i CoinDispenser.obj
 0001:00001850       ?QueryInterface@?$CComContainedObject@VCOPOSCoinDispenser@@@ATL@@WOI@EAAJAEBU_GUID@@PEAPEAX@Z 0000000180002850 f i CoinDispenser.obj
 0001:0000185c       ?AddRef@?$CComContainedObject@VCOPOSCoinDispenser@@@ATL@@WOI@EAAKXZ 000000018000285c f i CoinDispenser.obj
 0001:00001868       ?Release@?$CComContainedObject@VCOPOSCoinDispenser@@@ATL@@WOI@EAAKXZ 0000000180002868 f i CoinDispenser.obj
 0001:00001874       ?QueryInterface@?$CComContainedObject@VCOPOSCoinDispenser@@@ATL@@WPA@EAAJAEBU_GUID@@PEAPEAX@Z 0000000180002874 f i CoinDispenser.obj
 0001:00001880       ?AddRef@?$CComContainedObject@VCOPOSCoinDispenser@@@ATL@@WPA@EAAKXZ 0000000180002880 f i CoinDispenser.obj
 0001:0000188c       ?Release@?$CComContainedObject@VCOPOSCoinDispenser@@@ATL@@WPA@EAAKXZ 000000018000288c f i CoinDispenser.obj
 0001:00001898       ?QueryInterface@?$CComContainedObject@VCOPOSCoinDispenser@@@ATL@@WPI@EAAJAEBU_GUID@@PEAPEAX@Z 0000000180002898 f i CoinDispenser.obj
 0001:000018a4       ?AddRef@?$CComContainedObject@VCOPOSCoinDispenser@@@ATL@@WPI@EAAKXZ 00000001800028a4 f i CoinDispenser.obj
 0001:000018b0       ?Release@?$CComContainedObject@VCOPOSCoinDispenser@@@ATL@@WPI@EAAKXZ 00000001800028b0 f i CoinDispenser.obj
 0001:000018bc       ?QueryInterface@?$CComContainedObject@VCOPOSCoinDispenser@@@ATL@@WBAA@EAAJAEBU_GUID@@PEAPEAX@Z 00000001800028bc f i CoinDispenser.obj
 0001:000018c8       ?AddRef@?$CComContainedObject@VCOPOSCoinDispenser@@@ATL@@WBAA@EAAKXZ 00000001800028c8 f i CoinDispenser.obj
 0001:000018d4       ?Release@?$CComContainedObject@VCOPOSCoinDispenser@@@ATL@@WBAA@EAAKXZ 00000001800028d4 f i CoinDispenser.obj
 0001:000018e0       ?QueryInterface@?$CComContainedObject@VCOPOSCoinDispenser@@@ATL@@WBAI@EAAJAEBU_GUID@@PEAPEAX@Z 00000001800028e0 f i CoinDispenser.obj
 0001:000018ec       ?AddRef@?$CComContainedObject@VCOPOSCoinDispenser@@@ATL@@WBAI@EAAKXZ 00000001800028ec f i CoinDispenser.obj
 0001:000018f8       ?Release@?$CComContainedObject@VCOPOSCoinDispenser@@@ATL@@WBAI@EAAKXZ 00000001800028f8 f i CoinDispenser.obj
 0001:00001904       ?QueryInterface@?$CComContainedObject@VCOPOSCoinDispenser@@@ATL@@WBBA@EAAJAEBU_GUID@@PEAPEAX@Z 0000000180002904 f i CoinDispenser.obj
 0001:00001910       ?AddRef@?$CComContainedObject@VCOPOSCoinDispenser@@@ATL@@WBBA@EAAKXZ 0000000180002910 f i CoinDispenser.obj
 0001:0000191c       ?Release@?$CComContainedObject@VCOPOSCoinDispenser@@@ATL@@WBBA@EAAKXZ 000000018000291c f i CoinDispenser.obj
 0001:00001928       ?QueryInterface@?$CComContainedObject@VCOPOSCoinDispenser@@@ATL@@WBBI@EAAJAEBU_GUID@@PEAPEAX@Z 0000000180002928 f i CoinDispenser.obj
 0001:00001934       ?AddRef@?$CComContainedObject@VCOPOSCoinDispenser@@@ATL@@WBBI@EAAKXZ 0000000180002934 f i CoinDispenser.obj
 0001:00001940       ?Release@?$CComContainedObject@VCOPOSCoinDispenser@@@ATL@@WBBI@EAAKXZ 0000000180002940 f i CoinDispenser.obj
 0001:0000194c       ?AddRef@?$CComContainedObject@VCOPOSCoinDispenser@@@ATL@@WBCI@EAAKXZ 000000018000294c f i CoinDispenser.obj
 0001:00001958       ?Release@?$CComContainedObject@VCOPOSCoinDispenser@@@ATL@@WBCI@EAAKXZ 0000000180002958 f i CoinDispenser.obj
 0001:00001964       ?AddRef@?$CComContainedObject@VCOPOSCoinDispenser@@@ATL@@WBEA@EAAKXZ 0000000180002964 f i CoinDispenser.obj
 0001:00001970       ?Release@?$CComContainedObject@VCOPOSCoinDispenser@@@ATL@@WBEA@EAAKXZ 0000000180002970 f i CoinDispenser.obj
 0001:0000197c       ?GetWindowProc@?$CWindowImplBaseT@VCWindow@ATL@@V?$CWinTraits@$0FGAAAAAA@$0A@@2@@ATL@@UEAAP6A_JPEAUHWND__@@I_K_J@ZXZ 000000018000297c f i CoinDispenser.obj
 0001:00001984       ?StartWindowProc@?$CWindowImplBaseT@VCWindow@ATL@@V?$CWinTraits@$0FGAAAAAA@$0A@@2@@ATL@@SA_JPEAUHWND__@@I_K_J@Z 0000000180002984 f i CoinDispenser.obj
 0001:00001a48       ?GetTypeInfoCount@?$IDispatchImpl@UIOPOSCoinDispenser@@$1?IID_IOPOSCoinDispenser@@3U_GUID@@B$1?LIBID_OposCoinDispenser_CCO@@3U3@B$00$0A@VCComTypeInfoHolder@ATL@@@ATL@@UEAAJPEAI@Z 0000000180002a48 f i CoinDispenser.obj
 0001:00001a5c       ?GetTypeInfo@?$IDispatchImpl@UIOPOSCoinDispenser@@$1?IID_IOPOSCoinDispenser@@3U_GUID@@B$1?LIBID_OposCoinDispenser_CCO@@3U3@B$00$0A@VCComTypeInfoHolder@ATL@@@ATL@@UEAAJIKPEAPEAUITypeInfo@@@Z 0000000180002a5c f i CoinDispenser.obj
 0001:00001ac0       ?Lock@CAtlModule@ATL@@UEAAJXZ 0000000180002ac0 f i CoinDispenser.obj
 0001:00001ad0       ?Unlock@CAtlModule@ATL@@UEAAJXZ 0000000180002ad0 f i CoinDispenser.obj
 0001:00001adc       ?GetLockCount@CAtlModule@ATL@@UEAAJXZ 0000000180002adc f i CoinDispenser.obj
 0001:00001ae0       ?GetIDsOfNames@?$IDispatchImpl@UIOPOSCoinDispenser@@$1?IID_IOPOSCoinDispenser@@3U_GUID@@B$1?LIBID_OposCoinDispenser_CCO@@3U3@B$00$0A@VCComTypeInfoHolder@ATL@@@ATL@@UEAAJAEBU_GUID@@PEAPEA_WIKPEAJ@Z 0000000180002ae0 f i CoinDispenser.obj
 0001:00001aec       ?GetGITPtr@CAtlModule@ATL@@UEAAJPEAPEAUIGlobalInterfaceTable@@@Z 0000000180002aec f i CoinDispenser.obj
 0001:00001b5c       ?Invoke@?$IDispatchImpl@UIOPOSCoinDispenser@@$1?IID_IOPOSCoinDispenser@@3U_GUID@@B$1?LIBID_OposCoinDispenser_CCO@@3U3@B$00$0A@VCComTypeInfoHolder@ATL@@@ATL@@UEAAJJAEBU_GUID@@KGPEAUtagDISPPARAMS@@PEAUtagVARIANT@@PEAUtagEXCEPINFO@@PEAI@Z 0000000180002b5c f i CoinDispenser.obj
 0001:00001bec       ?CreateControlWindow@?$CComControl@VCOPOSCoinDispenser@@V?$CWindowImpl@VCOPOSCoinDispenser@@VCWindow@ATL@@V?$CWinTraits@$0FGAAAAAA@$0A@@3@@ATL@@@ATL@@UEAAPEAUHWND__@@PEAU3@AEAUtagRECT@@@Z 0000000180002bec f i CoinDispenser.obj
 0001:00001c24       ?ControlQueryInterface@?$CComControl@VCOPOSCoinDispenser@@V?$CWindowImpl@VCOPOSCoinDispenser@@VCWindow@ATL@@V?$CWinTraits@$0FGAAAAAA@$0A@@3@@ATL@@@ATL@@UEAAJAEBU_GUID@@PEAPEAX@Z 0000000180002c24 f i CoinDispenser.obj
 0001:00001c38       ?GetClassID@?$IPersistStreamInitImpl@VCOPOSCoinDispenser@@@ATL@@UEAAJPEAU_GUID@@@Z 0000000180002c38 f i CoinDispenser.obj
 0001:00001c38       ?GetUserClassID@?$IOleObjectImpl@VCOPOSCoinDispenser@@@ATL@@UEAAJPEAU_GUID@@@Z 0000000180002c38 f i CoinDispenser.obj
 0001:00001c38       ?GetClassID@?$IPersistStorageImpl@VCOPOSCoinDispenser@@@ATL@@UEAAJPEAU_GUID@@@Z 0000000180002c38 f i CoinDispenser.obj
 0001:00001c54       ?IsDirty@?$IPersistStreamInitImpl@VCOPOSCoinDispenser@@@ATL@@UEAAJXZ 0000000180002c54 f i CoinDispenser.obj
 0001:00001c70       ?Load@?$IPersistStreamInitImpl@VCOPOSCoinDispenser@@@ATL@@UEAAJPEAUIStream@@@Z 0000000180002c70 f i CoinDispenser.obj
 0001:00001cc0       ?Save@?$IPersistStreamInitImpl@VCOPOSCoinDispenser@@@ATL@@UEAAJPEAUIStream@@H@Z 0000000180002cc0 f i CoinDispenser.obj
 0001:00001d24       ?GetSizeMax@?$IPersistStreamInitImpl@VCOPOSCoinDispenser@@@ATL@@UEAAJPEAT_ULARGE_INTEGER@@@Z 0000000180002d24 f i CoinDispenser.obj
 0001:00001f50       ?InitNew@?$IPersistStreamInitImpl@VCOPOSCoinDispenser@@@ATL@@UEAAJXZ 0000000180002f50 f i CoinDispenser.obj
 0001:00001f68       ?SetClientSite@?$IOleObjectImpl@VCOPOSCoinDispenser@@@ATL@@UEAAJPEAUIOleClientSite@@@Z 0000000180002f68 f i CoinDispenser.obj
 0001:00001f84       ?GetClientSite@?$IOleObjectImpl@VCOPOSCoinDispenser@@@ATL@@UEAAJPEAPEAUIOleClientSite@@@Z 0000000180002f84 f i CoinDispenser.obj
 0001:00001fcc       ?Close@?$IOleObjectImpl@VCOPOSCoinDispenser@@@ATL@@UEAAJK@Z 0000000180002fcc f i CoinDispenser.obj
 0001:00001fe8       ?DoVerb@?$IOleObjectImpl@VCOPOSCoinDispenser@@@ATL@@UEAAJJPEAUtagMSG@@PEAUIOleClientSite@@JPEAUHWND__@@PEBUtagRECT@@@Z 0000000180002fe8 f i CoinDispenser.obj
 0001:0000218c       ?EnumVerbs@?$IOleObjectImpl@VCOPOSCoinDispenser@@@ATL@@UEAAJPEAPEAUIEnumOLEVERB@@@Z 000000018000318c f i CoinDispenser.obj
 0001:000021a8       ?GetUserType@?$IOleObjectImpl@VCOPOSCoinDispenser@@@ATL@@UEAAJKPEAPEA_W@Z 00000001800031a8 f i CoinDispenser.obj
 0001:000021b8       ?SetExtent@?$IOleObjectImpl@VCOPOSCoinDispenser@@@ATL@@UEAAJKPEAUtagSIZE@@@Z 00000001800031b8 f i CoinDispenser.obj
 0001:000021d4       ?GetExtent@?$IOleObjectImpl@VCOPOSCoinDispenser@@@ATL@@UEAAJKPEAUtagSIZE@@@Z 00000001800031d4 f i CoinDispenser.obj
 0001:00002204       ?Advise@?$IOleObjectImpl@VCOPOSCoinDispenser@@@ATL@@UEAAJPEAUIAdviseSink@@PEAK@Z 0000000180003204 f i CoinDispenser.obj
 0001:00002260       ?Unadvise@?$IOleObjectImpl@VCOPOSCoinDispenser@@@ATL@@UEAAJK@Z 0000000180003260 f i CoinDispenser.obj
 0001:00002298       ?EnumAdvise@?$IOleObjectImpl@VCOPOSCoinDispenser@@@ATL@@UEAAJPEAPEAUIEnumSTATDATA@@@Z 0000000180003298 f i CoinDispenser.obj
 0001:000022e0       ?GetMiscStatus@?$IOleObjectImpl@VCOPOSCoinDispenser@@@ATL@@UEAAJKPEAK@Z 00000001800032e0 f i CoinDispenser.obj
 0001:000022f0       ?GetWindow@?$IOleInPlaceActiveObjectImpl@VCOPOSCoinDispenser@@@ATL@@UEAAJPEAPEAUHWND__@@@Z 00000001800032f0 f i CoinDispenser.obj
 0001:00002344       ?TranslateAcceleratorW@?$IOleInPlaceActiveObjectImpl@VCOPOSCoinDispenser@@@ATL@@UEAAJPEAUtagMSG@@@Z 0000000180003344 f i CoinDispenser.obj
 0001:00002438       ?OnDocWindowActivate@?$IOleInPlaceActiveObjectImpl@VCOPOSCoinDispenser@@@ATL@@UEAAJH@Z 0000000180003438 f i CoinDispenser.obj
 0001:00002464       ?AddCommonRGSReplacements@?$CAtlModuleT@VCComModule@ATL@@@ATL@@UEAAJPEAUIRegistrarBase@@@Z 0000000180003464 f i CoinDispenser.obj
 0001:0000247c       ?Draw@?$IViewObjectExImpl@VCOPOSCoinDispenser@@@ATL@@UEAAJKJPEAXPEAUtagDVTARGETDEVICE@@PEAUHDC__@@2PEBU_RECTL@@3P6AH_K@Z4@Z 000000018000347c f i CoinDispenser.obj
 0001:000024e0       ?SetAdvise@?$IViewObjectExImpl@VCOPOSCoinDispenser@@@ATL@@UEAAJKKPEAUIAdviseSink@@@Z 00000001800034e0 f i CoinDispenser.obj
 0001:00002534       ?GetAdvise@?$IViewObjectExImpl@VCOPOSCoinDispenser@@@ATL@@UEAAJPEAK0PEAPEAUIAdviseSink@@@Z 0000000180003534 f i CoinDispenser.obj
 0001:00002570       ?GetExtent@?$IViewObjectExImpl@VCOPOSCoinDispenser@@@ATL@@UEAAJKJPEAUtagDVTARGETDEVICE@@PEAUtagSIZE@@@Z 0000000180003570 f i CoinDispenser.obj
 0001:000025a0       ?GetViewStatus@?$IViewObjectExImpl@VCOPOSCoinDispenser@@@ATL@@UEAAJPEAK@Z 00000001800035a0 f i CoinDispenser.obj
 0001:000025b4       ?QueryHitPoint@?$IViewObjectExImpl@VCOPOSCoinDispenser@@@ATL@@UEAAJKPEBUtagRECT@@UtagPOINT@@JPEAK@Z 00000001800035b4 f i CoinDispenser.obj
 0001:000025f8       ?QueryHitRect@?$IViewObjectExImpl@VCOPOSCoinDispenser@@@ATL@@UEAAJKPEBUtagRECT@@0JPEAK@Z 00000001800035f8 f i CoinDispenser.obj
 0001:00002660       ?GetNaturalExtent@?$IViewObjectExImpl@VCOPOSCoinDispenser@@@ATL@@UEAAJKJPEAUtagDVTARGETDEVICE@@PEAUHDC__@@PEAUtagExtentInfo@@PEAUtagSIZE@@@Z 0000000180003660 f i CoinDispenser.obj
 0001:000026a8       ?UpdateRegistryFromResourceD@CComModule@ATL@@UEAAJIHPEAU_ATL_REGMAP_ENTRY@2@@Z 00000001800036a8 f i CoinDispenser.obj
 0001:000026a8       ?UpdateRegistryFromResourceD@CComModule@ATL@@UEAAJPEB_WHPEAU_ATL_REGMAP_ENTRY@2@@Z 00000001800036a8 f i CoinDispenser.obj
 0001:000026b0       ?UpdateRegistryFromResource@CComModule@ATL@@UEAAJPEB_WHPEAU_ATL_REGMAP_ENTRY@2@@Z 00000001800036b0 f i CoinDispenser.obj
 0001:000026b8       ?GetWindow@?$IOleInPlaceObjectWindowlessImpl@VCOPOSCoinDispenser@@@ATL@@UEAAJPEAPEAUHWND__@@@Z 00000001800036b8 f i CoinDispenser.obj
 0001:0000270c       ?UpdateRegistryFromResource@CComModule@ATL@@UEAAJIHPEAU_ATL_REGMAP_ENTRY@2@@Z 000000018000370c f i CoinDispenser.obj
 0001:00002714       ?InPlaceDeactivate@?$IOleInPlaceObjectWindowlessImpl@VCOPOSCoinDispenser@@@ATL@@UEAAJXZ 0000000180003714 f i CoinDispenser.obj
 0001:00002730       ?UIDeactivate@?$IOleInPlaceObjectWindowlessImpl@VCOPOSCoinDispenser@@@ATL@@UEAAJXZ 0000000180003730 f i CoinDispenser.obj
 0001:0000274c       ?SetObjectRects@?$IOleInPlaceObjectWindowlessImpl@VCOPOSCoinDispenser@@@ATL@@UEAAJPEBUtagRECT@@0@Z 000000018000374c f i CoinDispenser.obj
 0001:00002768       ?OnWindowMessage@?$IOleInPlaceObjectWindowlessImpl@VCOPOSCoinDispenser@@@ATL@@UEAAJI_K_JPEA_J@Z 0000000180003768 f i CoinDispenser.obj
 0001:00002830       ?EnumConnectionPoints@?$IConnectionPointContainerImpl@VCOPOSCoinDispenser@@@ATL@@UEAAJPEAPEAUIEnumConnectionPoints@@@Z 0000000180003830 f i CoinDispenser.obj
 0001:00002a78       ?FindConnectionPoint@?$IConnectionPointContainerImpl@VCOPOSCoinDispenser@@@ATL@@UEAAJAEBU_GUID@@PEAPEAUIConnectionPoint@@@Z 0000000180003a78 f i CoinDispenser.obj
 0001:00002b48       ?IsDirty@?$IPersistStorageImpl@VCOPOSCoinDispenser@@@ATL@@UEAAJXZ 0000000180003b48 f i CoinDispenser.obj
 0001:00002b8c       ?InitNew@?$IPersistStorageImpl@VCOPOSCoinDispenser@@@ATL@@UEAAJPEAUIStorage@@@Z 0000000180003b8c f i CoinDispenser.obj
 0001:00002bd0       ?Load@?$IPersistStorageImpl@VCOPOSCoinDispenser@@@ATL@@UEAAJPEAUIStorage@@@Z 0000000180003bd0 f i CoinDispenser.obj
 0001:00002c70       ?Save@?$IPersistStorageImpl@VCOPOSCoinDispenser@@@ATL@@UEAAJPEAUIStorage@@H@Z 0000000180003c70 f i CoinDispenser.obj
 0001:00002d20       ??_ECComModule@ATL@@UEAAPEAXI@Z 0000000180003d20 f i CoinDispenser.obj
 0001:00002d20       ??_GCComModule@ATL@@UEAAPEAXI@Z 0000000180003d20 f i CoinDispenser.obj
 0001:00002da0       ?GetPages@?$ISpecifyPropertyPagesImpl@VCOPOSCoinDispenser@@@ATL@@UEAAJPEAUtagCAUUID@@@Z 0000000180003da0 f i CoinDispenser.obj
 0001:00002dac       ?QuickActivate@?$IQuickActivateImpl@VCOPOSCoinDispenser@@@ATL@@UEAAJPEAUtagQACONTAINER@@PEAUtagQACONTROL@@@Z 0000000180003dac f i CoinDispenser.obj
 0001:00002dc8       ?SetContentExtent@?$IQuickActivateImpl@VCOPOSCoinDispenser@@@ATL@@UEAAJPEAUtagSIZE@@@Z 0000000180003dc8 f i CoinDispenser.obj
 0001:00002dfc       ?GetContentExtent@?$IQuickActivateImpl@VCOPOSCoinDispenser@@@ATL@@UEAAJPEAUtagSIZE@@@Z 0000000180003dfc f i CoinDispenser.obj
 0001:00002e34       ?GetData@?$IDataObjectImpl@VCOPOSCoinDispenser@@@ATL@@UEAAJPEAUtagFORMATETC@@PEAUtagSTGMEDIUM@@@Z 0000000180003e34 f i CoinDispenser.obj
 0001:00002e50       ?DAdvise@?$IDataObjectImpl@VCOPOSCoinDispenser@@@ATL@@UEAAJPEAUtagFORMATETC@@KPEAUIAdviseSink@@PEAK@Z 0000000180003e50 f i CoinDispenser.obj
 0001:00002ed8       ?DUnadvise@?$IDataObjectImpl@VCOPOSCoinDispenser@@@ATL@@UEAAJK@Z 0000000180003ed8 f i CoinDispenser.obj
 0001:00002f04       ?EnumDAdvise@?$IDataObjectImpl@VCOPOSCoinDispenser@@@ATL@@UEAAJPEAPEAUIEnumSTATDATA@@@Z 0000000180003f04 f i CoinDispenser.obj
 0001:00002f40       ?GetClassInfoW@?$IProvideClassInfo2Impl@$1?CLSID_OPOSCoinDispenser@@3U_GUID@@B$1?DIID__IOPOSCoinDispenserEvents@@3U2@B$1?LIBID_OposCoinDispenser_CCO@@3U2@B$00$0A@VCComTypeInfoHolder@ATL@@@ATL@@UEAAJPEAPEAUITypeInfo@@@Z 0000000180003f40 f i CoinDispenser.obj
 0001:00002f98       ?GetGUID@?$IProvideClassInfo2Impl@$1?CLSID_OPOSCoinDispenser@@3U_GUID@@B$1?DIID__IOPOSCoinDispenserEvents@@3U2@B$1?LIBID_OposCoinDispenser_CCO@@3U2@B$00$0A@VCComTypeInfoHolder@ATL@@@ATL@@UEAAJKPEAU_GUID@@@Z 0000000180003f98 f i CoinDispenser.obj
 0001:00002fcc       ?GetInterfaceSafetyOptions@?$IObjectSafetyImpl@VCOPOSCoinDispenser@@$02@ATL@@UEAAJAEBU_GUID@@PEAK1@Z 0000000180003fcc f i CoinDispenser.obj
 0001:00003060       ?SetInterfaceSafetyOptions@?$IObjectSafetyImpl@VCOPOSCoinDispenser@@$02@ATL@@UEAAJAEBU_GUID@@KK@Z 0000000180004060 f i CoinDispenser.obj
 0001:00003104       ?_LocCPQueryInterface@?$IConnectionPointImpl@VCOPOSCoinDispenser@@$1?IID_IPropertyNotifySink@@3U_GUID@@BVCComDynamicUnkArray@ATL@@@ATL@@UEAAJAEBU_GUID@@PEAPEAX@Z 0000000180004104 f i CoinDispenser.obj
 0001:00003104       ?_LocCPQueryInterface@?$IConnectionPointImpl@VCOPOSCoinDispenser@@$1?DIID__IOPOSCoinDispenserEvents@@3U_GUID@@BVCComDynamicUnkArray@ATL@@@ATL@@UEAAJAEBU_GUID@@PEAPEAX@Z 0000000180004104 f i CoinDispenser.obj
 0001:00003178       ?GetConnectionInterface@?$IConnectionPointImpl@VCOPOSCoinDispenser@@$1?IID_IPropertyNotifySink@@3U_GUID@@BVCComDynamicUnkArray@ATL@@@ATL@@UEAAJPEAU_GUID@@@Z 0000000180004178 f i CoinDispenser.obj
 0001:00003194       ?GetConnectionPointContainer@?$IConnectionPointImpl@VCOPOSCoinDispenser@@$1?IID_IPropertyNotifySink@@3U_GUID@@BVCComDynamicUnkArray@ATL@@@ATL@@UEAAJPEAPEAUIConnectionPointContainer@@@Z 0000000180004194 f i CoinDispenser.obj
 0001:000031b4       ?Advise@?$IConnectionPointImpl@VCOPOSCoinDispenser@@$1?DIID__IOPOSCoinDispenserEvents@@3U_GUID@@BVCComDynamicUnkArray@ATL@@@ATL@@UEAAJPEAUIUnknown@@PEAK@Z 00000001800041b4 f i CoinDispenser.obj
 0001:000031b4       ?Advise@?$IConnectionPointImpl@VCOPOSCoinDispenser@@$1?IID_IPropertyNotifySink@@3U_GUID@@BVCComDynamicUnkArray@ATL@@@ATL@@UEAAJPEAUIUnknown@@PEAK@Z 00000001800041b4 f i CoinDispenser.obj
 0001:00003274       ?Unadvise@?$IConnectionPointImpl@VCOPOSCoinDispenser@@$1?DIID__IOPOSCoinDispenserEvents@@3U_GUID@@BVCComDynamicUnkArray@ATL@@@ATL@@UEAAJK@Z 0000000180004274 f i CoinDispenser.obj
 0001:00003274       ?Unadvise@?$IConnectionPointImpl@VCOPOSCoinDispenser@@$1?IID_IPropertyNotifySink@@3U_GUID@@BVCComDynamicUnkArray@ATL@@@ATL@@UEAAJK@Z 0000000180004274 f i CoinDispenser.obj
 0001:000032f0       ?EnumConnections@?$IConnectionPointImpl@VCOPOSCoinDispenser@@$1?DIID__IOPOSCoinDispenserEvents@@3U_GUID@@BVCComDynamicUnkArray@ATL@@@ATL@@UEAAJPEAPEAUIEnumConnections@@@Z 00000001800042f0 f i CoinDispenser.obj
 0001:000032f0       ?EnumConnections@?$IConnectionPointImpl@VCOPOSCoinDispenser@@$1?IID_IPropertyNotifySink@@3U_GUID@@BVCComDynamicUnkArray@ATL@@@ATL@@UEAAJPEAPEAUIEnumConnections@@@Z 00000001800042f0 f i CoinDispenser.obj
 0001:00003498       ?GetConnectionInterface@?$IConnectionPointImpl@VCOPOSCoinDispenser@@$1?DIID__IOPOSCoinDispenserEvents@@3U_GUID@@BVCComDynamicUnkArray@ATL@@@ATL@@UEAAJPEAU_GUID@@@Z 0000000180004498 f i CoinDispenser.obj
 0001:000034b4       ?GetConnectionPointContainer@?$IConnectionPointImpl@VCOPOSCoinDispenser@@$1?DIID__IOPOSCoinDispenserEvents@@3U_GUID@@BVCComDynamicUnkArray@ATL@@@ATL@@UEAAJPEAPEAUIConnectionPointContainer@@@Z 00000001800044b4 f i CoinDispenser.obj
 0001:000034d4       ?UpdateRegistry@COPOSCoinDispenser@@SAJH@Z 00000001800044d4 f i CoinDispenser.obj
 0001:000034ec       ?ProcessWindowMessage@COPOSCoinDispenser@@UEAAHPEAUHWND__@@I_K_JAEA_JK@Z 00000001800044ec f i CoinDispenser.obj
 0001:00003574       ?SODirectIO@COPOSCoinDispenser@@MEAAJJPEAJPEAPEA_W@Z 0000000180004574 f i CoinDispenser.obj
 0001:000035ec       ?SOStatusUpdate@COPOSCoinDispenser@@MEAAJJ@Z 00000001800045ec f i CoinDispenser.obj
 0001:0000363c       ??$AtlModuleRegisterWndClassInfoT@VAtlModuleRegisterWndClassInfoParamW@ATL@@@ATL@@YAGPEAU_ATL_BASE_MODULE70@0@PEAU_ATL_WIN_MODULE70@0@PEAU_ATL_WNDCLASSINFOW@0@PEAP6A_JPEAUHWND__@@I_K_J@ZVAtlModuleRegisterWndClassInfoParamW@0@@Z 000000018000463c f i CoinDispenser.obj
 0001:0000383c       ??0?$CComContainedObject@VCOPOSCoinDispenser@@@ATL@@QEAA@PEAX@Z 000000018000483c f i CoinDispenser.obj
 0001:00003958       ??0?$CComObject@VCOPOSCoinDispenser@@@ATL@@QEAA@PEAX@Z 0000000180004958 f i CoinDispenser.obj
 0001:00003a70       ??0CAtlModule@ATL@@QEAA@XZ 0000000180004a70 f i CoinDispenser.obj
 0001:00003aec       ??1?$CComEnumImpl@UIEnumConnectionPoints@@$1?_GUID_b196b285_bab4_101a_b69c_00aa00341d07@@3U__s_GUID@@BPEAUIConnectionPoint@@V?$_CopyInterface@UIConnectionPoint@@@ATL@@@ATL@@UEAA@XZ 0000000180004aec f i CoinDispenser.obj
 0001:00003b48       ??1?$CComEnumImpl@UIEnumConnections@@$1?_GUID_b196b287_bab4_101a_b69c_00aa00341d07@@3U__s_GUID@@BUtagCONNECTDATA@@V?$_Copy@UtagCONNECTDATA@@@ATL@@@ATL@@UEAA@XZ 0000000180004b48 f i CoinDispenser.obj
 0001:00003ba4       ??1?$CComObject@VCOPOSCoinDispenser@@@ATL@@UEAA@XZ 0000000180004ba4 f i CoinDispenser.obj
 0001:00003cc4       ??_E?$CComContainedObject@VCOPOSCoinDispenser@@@ATL@@UEAAPEAXI@Z 0000000180004cc4 f i CoinDispenser.obj
 0001:00003cc4       ??_G?$CComContainedObject@VCOPOSCoinDispenser@@@ATL@@UEAAPEAXI@Z 0000000180004cc4 f i CoinDispenser.obj
 0001:00003cf8       ??_G?$CComObject@VCOPOSCoinDispenser@@@ATL@@UEAAPEAXI@Z 0000000180004cf8 f i CoinDispenser.obj
 0001:00003cf8       ??_E?$CComObject@VCOPOSCoinDispenser@@@ATL@@UEAAPEAXI@Z 0000000180004cf8 f i CoinDispenser.obj
 0001:00003d2c       ?Add@?$CSimpleArray@GV?$CSimpleArrayEqualHelper@G@ATL@@@ATL@@QEAAHAEBG@Z 0000000180004d2c f i CoinDispenser.obj
 0001:00003de0       ?Add@?$CSimpleMap@PEA_WPEA_WVCExpansionVectorEqualHelper@ATL@@@ATL@@QEAAHAEBQEA_W0@Z 0000000180004de0 f i CoinDispenser.obj
 0001:00003e80       ?Add@CComDynamicUnkArray@ATL@@QEAAKPEAUIUnknown@@@Z 0000000180004e80 f i CoinDispenser.obj
 0001:00003f78       ?Add@CExpansionVector@ATL@@QEAAHPEB_W0@Z 0000000180004f78 f i CoinDispenser.obj
 0001:00004108       ?AddValue@CRegParser@ATL@@IEAAJAEAVCRegKey@2@PEB_WPEA_W@Z 0000000180005108 f i CoinDispenser.obj
 0001:00004550       ?AllocateHeap@?$CTempBuffer@_W$0EAA@VCCRTAllocator@ATL@@@ATL@@AEAAX_K@Z 0000000180005550 f i CoinDispenser.obj
 0001:00004550       ?AllocateHeap@?$CTempBuffer@_W$0BAA@VCCRTAllocator@ATL@@@ATL@@AEAAX_K@Z 0000000180005550 f i CoinDispenser.obj
 0001:00004550       ?AllocateHeap@?$CTempBuffer@E$0BAA@VCCRTAllocator@ATL@@@ATL@@AEAAX_K@Z 0000000180005550 f i CoinDispenser.obj
 0001:0000457c       ?Append@CParseBuffer@CRegParser@ATL@@QEAAHPEB_WH@Z 000000018000557c f i CoinDispenser.obj
 0001:00004694       ?AtlCallTermFunc@ATL@@YAXPEAU_ATL_MODULE70@1@@Z 0000000180005694 f i CoinDispenser.obj
 0001:000046f8       ?AtlComModuleGetClassObject@ATL@@YAJPEAU_ATL_COM_MODULE70@1@AEBU_GUID@@1PEAPEAX@Z 00000001800056f8 f i CoinDispenser.obj
 0001:00004838       ?AtlComModuleRegisterServer@ATL@@YAJPEAU_ATL_COM_MODULE70@1@HPEBU_GUID@@@Z 0000000180005838 f i CoinDispenser.obj
 0001:000048f8       ?AtlComModuleUnregisterServer@ATL@@YAJPEAU_ATL_COM_MODULE70@1@HPEBU_GUID@@@Z 00000001800058f8 f i CoinDispenser.obj
 0001:000049b4       ?AtlCreateTargetDC@ATL@@YAPEAUHDC__@@PEAU2@PEAUtagDVTARGETDEVICE@@@Z 00000001800059b4 f i CoinDispenser.obj
 0001:00004a28       ?AtlHiMetricToPixel@ATL@@YAXPEBUtagSIZE@@PEAU2@@Z 0000000180005a28 f i CoinDispenser.obj
 0001:00004ad8       ?AtlHresultFromLastError@ATL@@YAJXZ 0000000180005ad8 f i CoinDispenser.obj
 0001:00004af8       ?AtlHresultFromWin32@ATL@@YAJK@Z 0000000180005af8 f i CoinDispenser.obj
 0001:00004b08       ?AtlIPersistStreamInit_Load@ATL@@YAJPEAUIStream@@PEBUATL_PROPMAP_ENTRY@1@PEAXPEAUIUnknown@@@Z 0000000180005b08 f i CoinDispenser.obj
 0001:00004d40       ?AtlIPersistStreamInit_Save@ATL@@YAJPEAUIStream@@HPEBUATL_PROPMAP_ENTRY@1@PEAXPEAUIUnknown@@@Z 0000000180005d40 f i CoinDispenser.obj
 0001:00004f7c       ?AtlInternalOleLoadFromStream@ATL@@YAJPEAUIStream@@AEBU_GUID@@PEAPEAXTClassesAllowedInStream@1@K@Z 0000000180005f7c f i CoinDispenser.obj
 0001:000050c0       ?AtlInternalQueryInterface@ATL@@YAJPEAXPEBU_ATL_INTMAP_ENTRY@1@AEBU_GUID@@PEAPEAX@Z 00000001800060c0 f i CoinDispenser.obj
 0001:000051c8       ?AtlLoadTypeLib@ATL@@YAJPEAUHINSTANCE__@@PEB_WPEAPEA_WPEAPEAUITypeLib@@@Z 00000001800061c8 f i CoinDispenser.obj
 0001:00005424       ?AtlModuleAddTermFunc@ATL@@YAJPEAU_ATL_MODULE70@1@P6AX_K@Z1@Z 0000000180006424 f i CoinDispenser.obj
 0001:000054b8       ?AtlRegisterClassCategoriesHelper@ATL@@YAJAEBU_GUID@@PEBU_ATL_CATMAP_ENTRY@1@H@Z 00000001800064b8 f i CoinDispenser.obj
 0001:0000591c       ?AtlRegisterTypeLib@ATL@@YAJPEAUHINSTANCE__@@PEB_W@Z 000000018000691c f i CoinDispenser.obj
 0001:00005b18       ?AtlThrowImpl@ATL@@YAXJ@Z  0000000180006b18 f i CoinDispenser.obj
 0001:00005b3c       ?AtlUnRegisterTypeLib@ATL@@YAJPEAUHINSTANCE__@@PEB_W@Z 0000000180006b3c f i CoinDispenser.obj
 0001:00005c04       ?AtlWinModuleExtractCreateWndData@ATL@@YAPEAXPEAU_ATL_WIN_MODULE70@1@@Z 0000000180006c04 f i CoinDispenser.obj
 0001:00005c90       ?Cleanup@CComTypeInfoHolder@ATL@@SAX_K@Z 0000000180006c90 f i CoinDispenser.obj
 0001:00005cd0       ?ClearReplacements@CExpansionVector@ATL@@QEAAJXZ 0000000180006cd0 f i CoinDispenser.obj
 0001:00005d6c       ?Create@?$CWindowImpl@VCOPOSCoinDispenser@@VCWindow@ATL@@V?$CWinTraits@$0FGAAAAAA@$0A@@3@@ATL@@QEAAPEAUHWND__@@PEAU3@V_U_RECT@2@PEB_WKKV_U_MENUorID@2@PEAX@Z 0000000180006d6c f i CoinDispenser.obj
 0001:00005e1c       ?Create@?$CWindowImplBaseT@VCWindow@ATL@@V?$CWinTraits@$0FGAAAAAA@$0A@@2@@ATL@@QEAAPEAUHWND__@@PEAU3@V_U_RECT@2@PEB_WKKV_U_MENUorID@2@GPEAX@Z 0000000180006e1c f i CoinDispenser.obj
 0001:00005f8c       ?Create@CRegKey@ATL@@QEAAJPEAUHKEY__@@PEB_WPEA_WKKPEAU_SECURITY_ATTRIBUTES@@PEAK@Z 0000000180006f8c f i CoinDispenser.obj
 0001:00006070       ?CreateInstance@?$CComCreator@V?$CComAggObject@VCOPOSCoinDispenser@@@ATL@@@ATL@@SAJPEAXAEBU_GUID@@PEAPEAX@Z 0000000180007070 f i CoinDispenser.obj
 0001:00006148       ?CreateInstance@?$CComCreator@V?$CComObject@VCOPOSCoinDispenser@@@ATL@@@ATL@@SAJPEAXAEBU_GUID@@PEAPEAX@Z 0000000180007148 f i CoinDispenser.obj
 0001:00006200       ?CreateInstance@?$CComObject@V?$CComEnum@UIEnumConnectionPoints@@$1?_GUID_b196b285_bab4_101a_b69c_00aa00341d07@@3U__s_GUID@@BPEAUIConnectionPoint@@V?$_CopyInterface@UIConnectionPoint@@@ATL@@VCComSingleThreadModel@6@@ATL@@@ATL@@SAJPEAPEAV12@@Z 0000000180007200 f i CoinDispenser.obj
 0001:0000628c       ?CreateInstance@?$CComObject@V?$CComEnum@UIEnumConnections@@$1?_GUID_b196b287_bab4_101a_b69c_00aa00341d07@@3U__s_GUID@@BUtagCONNECTDATA@@V?$_Copy@UtagCONNECTDATA@@@ATL@@VCComSingleThreadModel@6@@ATL@@@ATL@@SAJPEAPEAV12@@Z 000000018000728c f i CoinDispenser.obj
 0001:00006318       ?DefaultReflectionHandler@?$CWindowImplRoot@VCWindow@ATL@@@ATL@@SAHPEAUHWND__@@I_K_JAEA_J@Z 0000000180007318 f i CoinDispenser.obj
 0001:0000637c       ?DoEvent@COPOSCoinDispenser@@IEAAXI_K_J@Z 000000018000737c f i CoinDispenser.obj
 0001:00006430       ?DoVerbPrimary@?$IOleObjectImpl@VCOPOSCoinDispenser@@@ATL@@QEAAJPEBUtagRECT@@PEAUHWND__@@@Z 0000000180007430 f i CoinDispenser.obj
 0001:00006558       ?DoVerbProperties@CComControlBase@ATL@@QEAAJPEBUtagRECT@@PEAUHWND__@@@Z 0000000180007558 f i CoinDispenser.obj
 0001:00006780       ?FireTheEvent@?$CProxy_IOPOSEvents@VCOPOSCoinDispenser@@@@IEAAXPEAVOposVariant@@IAEAJPEB_WJ@Z 0000000180007780 f i CoinDispenser.obj
 0001:0000686c       ?FireViewChange@CComControlBase@ATL@@QEAAJXZ 000000018000786c f i CoinDispenser.obj
 0001:000068d0       ?Fire_DirectIOEvent@?$CProxy_IOPOSEvents@VCOPOSCoinDispenser@@@@QEAAXJPEAJPEAPEA_W@Z 00000001800078d0 f i CoinDispenser.obj
 0001:00006a28       ?Fire_StatusUpdateEvent@?$CProxy_IOPOSEvents@VCOPOSCoinDispenser@@@@QEAAXJ@Z 0000000180007a28 f i CoinDispenser.obj
 0001:00006b14       ?FreeHeap@?$CTempBuffer@_W$0BAA@VCCRTAllocator@ATL@@@ATL@@AEAAXXZ 0000000180007b14 f i CoinDispenser.obj
 0001:00006b14       ?FreeHeap@?$CTempBuffer@_W$0EAA@VCCRTAllocator@ATL@@@ATL@@AEAAXXZ 0000000180007b14 f i CoinDispenser.obj
 0001:00006b14       ?FreeHeap@?$CTempBuffer@E$0BAA@VCCRTAllocator@ATL@@@ATL@@AEAAXXZ 0000000180007b14 f i CoinDispenser.obj
 0001:00006b1c       ?GetAmbientLocaleID@CComControlBase@ATL@@QEAAJAEAK@Z 0000000180007b1c f i CoinDispenser.obj
 0001:00006bdc       ?GetAmbientUserMode@CComControlBase@ATL@@QEAAJAEAH@Z 0000000180007bdc f i CoinDispenser.obj
 0001:00006cb0       ?GetClassObject@CComModule@ATL@@QEAAJAEBU_GUID@@0PEAPEAX@Z 0000000180007cb0 f i CoinDispenser.obj
 0001:00006da4       ?GetConnMap@COPOSCoinDispenser@@SAPEBU_ATL_CONNMAP_ENTRY@ATL@@PEAH@Z 0000000180007da4 f i CoinDispenser.obj
 0001:00006e2c       ?GetIDsOfNames@CComTypeInfoHolder@ATL@@QEAAJAEBU_GUID@@PEAPEA_WIKPEAJ@Z 0000000180007e2c f i CoinDispenser.obj
 0001:00006fa4       ?GetPagesHelper@?$ISpecifyPropertyPagesImpl@VCOPOSCoinDispenser@@@ATL@@IEAAJPEAUtagCAUUID@@PEBUATL_PROPMAP_ENTRY@2@@Z 0000000180007fa4 f i CoinDispenser.obj
 0001:00007144       ?GetSizeMax@CComVariant@ATL@@QEBAJPEAT_ULARGE_INTEGER@@@Z 0000000180008144 f i CoinDispenser.obj
 0001:00007378       ?GetTI@CComTypeInfoHolder@ATL@@QEAAJK@Z 0000000180008378 f i CoinDispenser.obj
 0001:000075f0       ?GetZoomInfo@CComControlBase@ATL@@QEAAXAEAUATL_DRAWINFO@@@Z 00000001800085f0 f i CoinDispenser.obj
 0001:00007694       ?HKeyFromString@CRegParser@ATL@@KAPEAUHKEY__@@PEA_W@Z 0000000180008694 f i CoinDispenser.obj
 0001:000076f8       ?IDataObject_GetData@CComControlBase@ATL@@QEAAJPEAUtagFORMATETC@@PEAUtagSTGMEDIUM@@@Z 00000001800086f8 f i CoinDispenser.obj
 0001:000078ec       ?IOleInPlaceObject_InPlaceDeactivate@CComControlBase@ATL@@QEAAJXZ 00000001800088ec f i CoinDispenser.obj
 0001:0000798c       ?IOleInPlaceObject_SetObjectRects@CComControlBase@ATL@@QEAAJPEBUtagRECT@@0@Z 000000018000898c f i CoinDispenser.obj
 0001:00007a7c       ?IOleInPlaceObject_UIDeactivate@CComControlBase@ATL@@QEAAJXZ 0000000180008a7c f i CoinDispenser.obj
 0001:00007b88       ?IOleObject_Close@CComControlBase@ATL@@QEAAJK@Z 0000000180008b88 f i CoinDispenser.obj
 0001:00007ca0       ?IOleObject_SetClientSite@CComControlBase@ATL@@QEAAJPEAUIOleClientSite@@@Z 0000000180008ca0 f i CoinDispenser.obj
 0001:00007d18       ?IOleObject_SetExtent@CComControlBase@ATL@@QEAAJKPEAUtagSIZE@@@Z 0000000180008d18 f i CoinDispenser.obj
 0001:00007db0       ?IPSI_GetIPersistStreamInit@?$IPersistStorageImpl@VCOPOSCoinDispenser@@@ATL@@AEAAPEAUIPersistStreamInit@@XZ 0000000180008db0 f i CoinDispenser.obj
 0001:00007e0c       ?IQuickActivate_QuickActivate@CComControlBase@ATL@@QEAAJPEAUtagQACONTAINER@@PEAUtagQACONTROL@@@Z 0000000180008e0c f i CoinDispenser.obj
 0001:000080d0       ?IViewObject_Draw@CComControlBase@ATL@@QEAAJKJPEAXPEAUtagDVTARGETDEVICE@@PEAUHDC__@@2PEBU_RECTL@@3@Z 00000001800090d0 f i CoinDispenser.obj
 0001:000081e4       ?InPlaceActivate@CComControlBase@ATL@@QEAAJJPEBUtagRECT@@@Z 00000001800091e4 f i CoinDispenser.obj
 0001:0000851c       ?Init@?$CComEnumImpl@UIEnumConnectionPoints@@$1?_GUID_b196b285_bab4_101a_b69c_00aa00341d07@@3U__s_GUID@@BPEAUIConnectionPoint@@V?$_CopyInterface@UIConnectionPoint@@@ATL@@@ATL@@QEAAJPEAPEAUIConnectionPoint@@0PEAUIUnknown@@W4CComEnumFlags@2@@Z 000000018000951c f i CoinDispenser.obj
 0001:0000863c       ?Init@?$CComEnumImpl@UIEnumConnections@@$1?_GUID_b196b287_bab4_101a_b69c_00aa00341d07@@3U__s_GUID@@BUtagCONNECTDATA@@V?$_Copy@UtagCONNECTDATA@@@ATL@@@ATL@@QEAAJPEAUtagCONNECTDATA@@0PEAUIUnknown@@W4CComEnumFlags@2@@Z 000000018000963c f i CoinDispenser.obj
 0001:00008760       ?IsEqualObject@?$CComPtrBase@UIOleClientSite@@@ATL@@QEAA_NPEAUIUnknown@@@Z 0000000180009760 f i CoinDispenser.obj
 0001:00008760       ?IsEqualObject@?$CComPtrBase@UITypeInfo@@@ATL@@QEAA_NPEAUIUnknown@@@Z 0000000180009760 f i CoinDispenser.obj
 0001:000087ec       ?LoadNameCache@CComTypeInfoHolder@ATL@@QEAAJPEAUITypeInfo@@@Z 00000001800097ec f i CoinDispenser.obj
 0001:00008970       ?Lookup@?$CSimpleMap@PEA_WPEA_WVCExpansionVectorEqualHelper@ATL@@@ATL@@QEBAPEA_WAEBQEA_W@Z 0000000180009970 f i CoinDispenser.obj
 0001:000089fc       ?NextToken@CRegParser@ATL@@IEAAJPEA_W@Z 00000001800099fc f i CoinDispenser.obj
 0001:00008bb4       ?OnKillFocus@CComControlBase@ATL@@QEAA_JI_K_JAEAH@Z 0000000180009bb4 f i CoinDispenser.obj
 0001:00008c50       ?OnMouseActivate@CComControlBase@ATL@@QEAA_JI_K_JAEAH@Z 0000000180009c50 f i CoinDispenser.obj
 0001:00008cf0       ?OnPaint@CComControlBase@ATL@@QEAA_JI_K_JAEAH@Z 0000000180009cf0 f i CoinDispenser.obj
 0001:00008ddc       ?OnSetFocus@CComControlBase@ATL@@QEAA_JI_K_JAEAH@Z 0000000180009ddc f i CoinDispenser.obj
 0001:00008ed8       ?Open@CRegKey@ATL@@QEAAJPEAUHKEY__@@PEB_WK@Z 0000000180009ed8 f i CoinDispenser.obj
 0001:00008f54       ?PreProcessBuffer@CRegParser@ATL@@QEAAJPEA_WPEAPEA_W@Z 0000000180009f54 f i CoinDispenser.obj
 0001:000092d8       ?ProcessWindowMessage@?$CComControl@VCOPOSCoinDispenser@@V?$CWindowImpl@VCOPOSCoinDispenser@@VCWindow@ATL@@V?$CWinTraits@$0FGAAAAAA@$0A@@3@@ATL@@@ATL@@UEAAHPEAUHWND__@@I_K_JAEA_JK@Z 000000018000a2d8 f i CoinDispenser.obj
 0001:000093bc       ?PutProperty@?$CComPtr@UIDispatch@@@ATL@@SAJPEAUIDispatch@@JPEAUtagVARIANT@@@Z 000000018000a3bc f i CoinDispenser.obj
 0001:000094c0       ?ReadFromStream@CComBSTR@ATL@@QEAAJPEAUIStream@@@Z 000000018000a4c0 f i CoinDispenser.obj
 0001:0000961c       ?ReadFromStream@CComVariant@ATL@@QEAAJPEAUIStream@@GTClassesAllowedInStream@2@K@Z 000000018000a61c f i CoinDispenser.obj
 0001:0000982c       ?RecurseDeleteKey@CRegKey@ATL@@QEAAJPEB_W@Z 000000018000a82c f i CoinDispenser.obj
 0001:00009950       ?RegCreateKeyExW@CAtlTransactionManager@ATL@@QEAAJPEAUHKEY__@@PEB_WKPEA_WKKQEAU_SECURITY_ATTRIBUTES@@PEAPEAU3@PEAK@Z 000000018000a950 f i CoinDispenser.obj
 0001:00009a84       ?RegDeleteKeyW@CAtlTransactionManager@ATL@@QEAAJPEAUHKEY__@@PEB_W@Z 000000018000aa84 f i CoinDispenser.obj
 0001:00009b10       ?RegOpenKeyExW@CAtlTransactionManager@ATL@@QEAAJPEAUHKEY__@@PEB_WKKPEAPEAU3@@Z 000000018000ab10 f i CoinDispenser.obj
 0001:00009bc8       ?RegisterBuffer@CRegParser@ATL@@QEAAJPEA_WH@Z 000000018000abc8 f i CoinDispenser.obj
 0001:00009d30       ?RegisterFromResource@CRegObject@ATL@@IEAAJPEB_W00H@Z 000000018000ad30 f i CoinDispenser.obj
 0001:00009eec       ?RegisterServer@CComModule@ATL@@QEAAJHPEBU_GUID@@@Z 000000018000aeec f i CoinDispenser.obj
 0001:00009fac       ?RegisterSubkeys@CRegParser@ATL@@IEAAJPEA_WPEAUHKEY__@@HH@Z 000000018000afac f i CoinDispenser.obj
 0001:0000a69c       ?SendOnDataChange@CComControlBase@ATL@@QEAAJK@Z 000000018000b69c f i CoinDispenser.obj
 0001:0000a70c       ?SetControlFocus@CComControlBase@ATL@@QEAAHH@Z 000000018000b70c f i CoinDispenser.obj
 0001:0000a7e8       ?SkipAssignment@CRegParser@ATL@@IEAAJPEA_W@Z 000000018000b7e8 f i CoinDispenser.obj
 0001:0000a88c       ?Term@CComModule@ATL@@QEAAXXZ 000000018000b88c f i CoinDispenser.obj
 0001:0000a938       ?UnregisterServer@CComModule@ATL@@QEAAJHPEBU_GUID@@@Z 000000018000b938 f i CoinDispenser.obj
 0001:0000a9e8       ?UpdateRegistryFromResource@CAtlModule@ATL@@QEAAJIHPEAU_ATL_REGMAP_ENTRY@2@@Z 000000018000b9e8 f i CoinDispenser.obj
 0001:0000ad20       ?UpdateRegistryFromResource@CAtlModule@ATL@@QEAAJPEB_WHPEAU_ATL_REGMAP_ENTRY@2@@Z 000000018000bd20 f i CoinDispenser.obj
 0001:0000b078       ?VTFromRegType@CRegParser@ATL@@KAHPEB_WAEAG@Z 000000018000c078 f i CoinDispenser.obj
 0001:0000b114       ?WindowProc@?$CWindowImplBaseT@VCWindow@ATL@@V?$CWinTraits@$0FGAAAAAA@$0A@@2@@ATL@@SA_JPEAUHWND__@@I_K_J@Z 000000018000c114 f i CoinDispenser.obj
 0001:0000b280       ?WriteToStream@CComBSTR@ATL@@QEAAJPEAUIStream@@@Z 000000018000c280 f i CoinDispenser.obj
 0001:0000b300       ?WriteToStream@CComVariant@ATL@@QEAAJPEAUIStream@@@Z 000000018000c300 f i CoinDispenser.obj
 0001:0000b514       ?WriteToStream@CComVariant@ATL@@QEAAJPEAUIStream@@G@Z 000000018000c514 f i CoinDispenser.obj
 0001:0000b5ac       ?_AtlVerifyStackAvailable@_ATL_SAFE_ALLOCA_IMPL@ATL@@YA_N_K@Z 000000018000c5ac f i CoinDispenser.obj
 0001:0000b630       DllCanUnloadNow            000000018000c630 f   CoinDispenser.obj
 0001:0000b63c       DllGetClassObject          000000018000c63c f   CoinDispenser.obj
 0001:0000b654       DllMain                    000000018000c654 f   CoinDispenser.obj
 0001:0000b6fc       DllRegisterServer          000000018000c6fc f   CoinDispenser.obj
 0001:0000b710       DllUnregisterServer        000000018000c710 f   CoinDispenser.obj
 0001:0000b724       __local_stdio_printf_options 000000018000c724 f i CoinDispenser.obj
 0001:0000b7b4       swprintf_s                 000000018000c7b4 f i CoinDispenser.obj
 0001:0000b808       ??0COPOSCoinDispenser@@QEAA@XZ 000000018000c808 f   CoinDispenserImpl.obj
 0001:0000b8c4       ??1?$IConnectionPointImpl@VCOPOSCoinDispenser@@$1?IID_IPropertyNotifySink@@3U_GUID@@BVCComDynamicUnkArray@ATL@@@ATL@@QEAA@XZ 000000018000c8c4 f i CoinDispenserImpl.obj
 0001:0000b8c4       ??1?$IConnectionPointImpl@VCOPOSCoinDispenser@@$1?DIID__IOPOSCoinDispenserEvents@@3U_GUID@@BVCComDynamicUnkArray@ATL@@@ATL@@QEAA@XZ 000000018000c8c4 f i CoinDispenserImpl.obj
 0001:0000b920       ??1CComControlBase@ATL@@UEAA@XZ 000000018000c920 f i CoinDispenserImpl.obj
 0001:0000b99c       ??1COPOSCoinDispenser@@UEAA@XZ 000000018000c99c f   CoinDispenserImpl.obj
 0001:0000ba00       ?AdjustCashCounts@COPOSCoinDispenser@@UEAAJPEA_WPEAJ@Z 000000018000ca00 f   CoinDispenserImpl.obj
 0001:0000ba88       ?CheckHealth@COPOSCoinDispenser@@UEAAJJPEAJ@Z 000000018000ca88 f   CoinDispenserImpl.obj
 0001:0000bb04       ?ClaimDevice@COPOSCoinDispenser@@UEAAJJPEAJ@Z 000000018000cb04 f   CoinDispenserImpl.obj
 0001:0000bba4       ?Close@COPOSCoinDispenser@@UEAAJPEAJ@Z 000000018000cba4 f   CoinDispenserImpl.obj
 0001:0000bc5c       ?CompareFirmwareVersion@COPOSCoinDispenser@@UEAAJPEA_WPEAJ1@Z 000000018000cc5c f   CoinDispenserImpl.obj
 0001:0000bd38       ?DirectIO@COPOSCoinDispenser@@UEAAJJPEAJPEAPEA_W0@Z 000000018000cd38 f   CoinDispenserImpl.obj
 0001:0000be34       ?DispenseChange@COPOSCoinDispenser@@UEAAJJPEAJ@Z 000000018000ce34 f   CoinDispenserImpl.obj
 0001:0000beb0       ?DoInvoke@COPOSCoinDispenser@@IEAAJJPEAVOposVariant@@IHPEAJ_N@Z 000000018000ceb0 f   CoinDispenserImpl.obj
 0001:0000bfe4       ?EventInit@COPOSCoinDispenser@@IEAAJXZ 000000018000cfe4 f i CoinDispenserImpl.obj
 0001:0000c12c       ?EventUninit@COPOSCoinDispenser@@IEAAXXZ 000000018000d12c f i CoinDispenserImpl.obj
 0001:0000c190       ?EventWindowProc@COPOSCoinDispenser@@IEAA_JI_K_J@Z 000000018000d190 f i CoinDispenserImpl.obj
 0001:0000c288       ?FinalConstruct@COPOSCoinDispenser@@QEAAJXZ 000000018000d288 f   CoinDispenserImpl.obj
 0001:0000c2c4       ?FreezeEvents@COPOSCoinDispenser@@MEAAJH@Z 000000018000d2c4 f   CoinDispenserImpl.obj
 0001:0000c338       ?GetOposProp@COPOSCoinDispenser@@IEAAJJPEAJJ@Z 000000018000d338 f   CoinDispenserImpl.obj
 0001:0000c454       ?GetOposProp@COPOSCoinDispenser@@IEAAJJPEAPEA_WJ@Z 000000018000d454 f   CoinDispenserImpl.obj
 0001:0000c580       ?OnDraw@COPOSCoinDispenser@@MEAAJAEAUATL_DRAWINFO@@@Z 000000018000d580 f   CoinDispenserImpl.obj
 0001:0000c66c       ?Open@COPOSCoinDispenser@@UEAAJPEA_WPEAJ@Z 000000018000d66c f   CoinDispenserImpl.obj
 0001:0000cef4       ?ReadCashCounts@COPOSCoinDispenser@@UEAAJPEAPEA_WPEAFPEAJ@Z 000000018000def4 f   CoinDispenserImpl.obj
 0001:0000cfd0       ?ReleaseDevice@COPOSCoinDispenser@@UEAAJPEAJ@Z 000000018000dfd0 f   CoinDispenserImpl.obj
 0001:0000d03c       ?ResetStatistics@COPOSCoinDispenser@@UEAAJPEA_WPEAJ@Z 000000018000e03c f   CoinDispenserImpl.obj
 0001:0000d0c4       ?RetrieveStatistics@COPOSCoinDispenser@@UEAAJPEAPEA_WPEAJ@Z 000000018000e0c4 f   CoinDispenserImpl.obj
 0001:0000d14c       ?SOProcessID@COPOSCoinDispenser@@UEAAJPEAJ@Z 000000018000e14c f   CoinDispenserImpl.obj
 0001:0000d168       ?SetCOFreezeEvents@COPOSCoinDispenser@@IEAAXF@Z 000000018000e168 f   CoinDispenserImpl.obj
 0001:0000d24c       ?SetOposProp@COPOSCoinDispenser@@IEAAJJJJ@Z 000000018000e24c f   CoinDispenserImpl.obj
 0001:0000d3ac       ?UpdateFirmware@COPOSCoinDispenser@@UEAAJPEA_WPEAJ@Z 000000018000e3ac f   CoinDispenserImpl.obj
 0001:0000d434       ?UpdateStatistics@COPOSCoinDispenser@@UEAAJPEA_WPEAJ@Z 000000018000e434 f   CoinDispenserImpl.obj
 0001:0000d4bc       ?get_BinaryConversion@COPOSCoinDispenser@@UEAAJPEAJ@Z 000000018000e4bc f   CoinDispenserImpl.obj
 0001:0000d4d0       ?get_CapCompareFirmwareVersion@COPOSCoinDispenser@@UEAAJPEAF@Z 000000018000e4d0 f   CoinDispenserImpl.obj
 0001:0000d504       ?get_CapEmptySensor@COPOSCoinDispenser@@UEAAJPEAF@Z 000000018000e504 f   CoinDispenserImpl.obj
 0001:0000d534       ?get_CapJamSensor@COPOSCoinDispenser@@UEAAJPEAF@Z 000000018000e534 f   CoinDispenserImpl.obj
 0001:0000d564       ?get_CapNearEmptySensor@COPOSCoinDispenser@@UEAAJPEAF@Z 000000018000e564 f   CoinDispenserImpl.obj
 0001:0000d594       ?get_CapPowerReporting@COPOSCoinDispenser@@UEAAJPEAJ@Z 000000018000e594 f   CoinDispenserImpl.obj
 0001:0000d5a8       ?get_CapStatisticsReporting@COPOSCoinDispenser@@UEAAJPEAF@Z 000000018000e5a8 f   CoinDispenserImpl.obj
 0001:0000d5dc       ?get_CapUpdateFirmware@COPOSCoinDispenser@@UEAAJPEAF@Z 000000018000e5dc f   CoinDispenserImpl.obj
 0001:0000d610       ?get_CapUpdateStatistics@COPOSCoinDispenser@@UEAAJPEAF@Z 000000018000e610 f   CoinDispenserImpl.obj
 0001:0000d644       ?get_CheckHealthText@COPOSCoinDispenser@@UEAAJPEAPEA_W@Z 000000018000e644 f   CoinDispenserImpl.obj
 0001:0000d654       ?get_Claimed@COPOSCoinDispenser@@UEAAJPEAF@Z 000000018000e654 f   CoinDispenserImpl.obj
 0001:0000d684       ?get_ControlObjectDescription@COPOSCoinDispenser@@UEAAJPEAPEA_W@Z 000000018000e684 f   CoinDispenserImpl.obj
 0001:0000d6e8       ?get_ControlObjectVersion@COPOSCoinDispenser@@UEAAJPEAJ@Z 000000018000e6e8 f   CoinDispenserImpl.obj
 0001:0000d6f4       ?get_DeviceDescription@COPOSCoinDispenser@@UEAAJPEAPEA_W@Z 000000018000e6f4 f   CoinDispenserImpl.obj
 0001:0000d704       ?get_DeviceEnabled@COPOSCoinDispenser@@UEAAJPEAF@Z 000000018000e704 f   CoinDispenserImpl.obj
 0001:0000d734       ?get_DeviceName@COPOSCoinDispenser@@UEAAJPEAPEA_W@Z 000000018000e734 f   CoinDispenserImpl.obj
 0001:0000d744       ?get_DispenserStatus@COPOSCoinDispenser@@UEAAJPEAJ@Z 000000018000e744 f   CoinDispenserImpl.obj
 0001:0000d754       ?get_FreezeEvents@COPOSCoinDispenser@@UEAAJPEAF@Z 000000018000e754 f   CoinDispenserImpl.obj
 0001:0000d784       ?get_OpenResult@COPOSCoinDispenser@@UEAAJPEAJ@Z 000000018000e784 f   CoinDispenserImpl.obj
 0001:0000d790       ?get_PowerNotify@COPOSCoinDispenser@@UEAAJPEAJ@Z 000000018000e790 f   CoinDispenserImpl.obj
 0001:0000d7a4       ?get_PowerState@COPOSCoinDispenser@@UEAAJPEAJ@Z 000000018000e7a4 f   CoinDispenserImpl.obj
 0001:0000d7b8       ?get_ResultCode@COPOSCoinDispenser@@UEAAJPEAJ@Z 000000018000e7b8 f   CoinDispenserImpl.obj
 0001:0000d7f4       ?get_ResultCodeExtended@COPOSCoinDispenser@@UEAAJPEAJ@Z 000000018000e7f4 f   CoinDispenserImpl.obj
 0001:0000d804       ?get_ServiceObjectDescription@COPOSCoinDispenser@@UEAAJPEAPEA_W@Z 000000018000e804 f   CoinDispenserImpl.obj
 0001:0000d814       ?get_ServiceObjectVersion@COPOSCoinDispenser@@UEAAJPEAJ@Z 000000018000e814 f   CoinDispenserImpl.obj
 0001:0000d824       ?get_State@COPOSCoinDispenser@@UEAAJPEAJ@Z 000000018000e824 f   CoinDispenserImpl.obj
 0001:0000d850       ?put_BinaryConversion@COPOSCoinDispenser@@UEAAJJ@Z 000000018000e850 f   CoinDispenserImpl.obj
 0001:0000d864       ?put_DeviceEnabled@COPOSCoinDispenser@@UEAAJF@Z 000000018000e864 f   CoinDispenserImpl.obj
 0001:0000d87c       ?put_FreezeEvents@COPOSCoinDispenser@@UEAAJF@Z 000000018000e87c f   CoinDispenserImpl.obj
 0001:0000d8cc       ?put_PowerNotify@COPOSCoinDispenser@@UEAAJJ@Z 000000018000e8cc f   CoinDispenserImpl.obj
 0001:0000d8e0       ?s_EventWindowProc@COPOSCoinDispenser@@KA_JPEAUHWND__@@I_K_J@Z 000000018000e8e0 f i CoinDispenserImpl.obj
 0001:0000d95c       ??_U@YAPEAX_K@Z            000000018000e95c f   LIBCMT:new_array.obj
 0001:0000d964       ??3@YAXPEAX_K@Z            000000018000e964 f   LIBCMT:delete_scalar_size.obj
 0001:0000d964       ??_V@YAXPEAX@Z             000000018000e964 f   LIBCMT:delete_array.obj
 0001:0000d96c       ??_V@YAXPEAX_K@Z           000000018000e96c f   LIBCMT:delete_array_size.obj
 0001:0000d974       __scrt_acquire_startup_lock 000000018000e974 f   LIBCMT:utility.obj
 0001:0000d9b0       __scrt_dllmain_after_initialize_c 000000018000e9b0 f   LIBCMT:utility.obj
 0001:0000d9e4       __scrt_dllmain_before_initialize_c 000000018000e9e4 f   LIBCMT:utility.obj
 0001:0000d9fc       __scrt_dllmain_crt_thread_attach 000000018000e9fc f   LIBCMT:utility.obj
 0001:0000da24       __scrt_dllmain_crt_thread_detach 000000018000ea24 f   LIBCMT:utility.obj
 0001:0000da3c       __scrt_dllmain_exception_filter 000000018000ea3c f   LIBCMT:utility.obj
 0001:0000da9c       __scrt_dllmain_uninitialize_c 000000018000ea9c f   LIBCMT:utility.obj
 0001:0000dacc       __scrt_dllmain_uninitialize_critical 000000018000eacc f   LIBCMT:utility.obj
 0001:0000dae0       __scrt_initialize_crt      000000018000eae0 f   LIBCMT:utility.obj
 0001:0000db2c       __scrt_initialize_onexit_tables 000000018000eb2c f   LIBCMT:utility.obj
 0001:0000dc04       __scrt_is_nonwritable_in_current_image 000000018000ec04 f   LIBCMT:utility.obj
 0001:0000dca0       __scrt_release_startup_lock 000000018000eca0 f   LIBCMT:utility.obj
 0001:0000dcc4       __scrt_uninitialize_crt    000000018000ecc4 f   LIBCMT:utility.obj
 0001:0000dcf0       _onexit                    000000018000ecf0 f   LIBCMT:utility.obj
 0001:0000dd40       atexit                     000000018000ed40 f   LIBCMT:utility.obj
 0001:0000dd58       ??3@YAXPEAX@Z              000000018000ed58 f   LIBCMT:delete_scalar.obj
 0001:0000dee8       _Init_thread_footer        000000018000eee8 f   LIBCMT:thread_safe_statics.obj
 0001:0000df48       _Init_thread_header        000000018000ef48 f   LIBCMT:thread_safe_statics.obj
 0001:0000dfb0       _Init_thread_notify        000000018000efb0 f   LIBCMT:thread_safe_statics.obj
 0001:0000e000       _Init_thread_wait          000000018000f000 f   LIBCMT:thread_safe_statics.obj
 0001:0000e078       __raise_securityfailure    000000018000f078 f   LIBCMT:gs_report.obj
 0001:0000e0ac       __report_gsfailure         000000018000f0ac f   LIBCMT:gs_report.obj
 0001:0000e180       __report_rangecheckfailure 000000018000f180 f   LIBCMT:gs_report.obj
 0001:0000e194       __report_securityfailure   000000018000f194 f   LIBCMT:gs_report.obj
 0001:0000e314       ??2@YAPEAX_KAEBUnothrow_t@std@@@Z 000000018000f314 f   LIBCMT:new_scalar_nothrow.obj
 0001:0000e334       ??_U@YAPEAX_KAEBUnothrow_t@std@@@Z 000000018000f334 f   LIBCMT:new_array_nothrow.obj
 0001:0000e33c       __GSHandlerCheck           000000018000f33c f   LIBCMT:_gshandler_.obj
 0001:0000e35c       __GSHandlerCheckCommon     000000018000f35c f   LIBCMT:_gshandler_.obj
 0001:0000e3b8       __GSHandlerCheck_SEH       000000018000f3b8 f   LIBCMT:_gshandlerseh_.obj
 0001:0000e450       _alloca_probe              000000018000f450 f   LIBCMT:_chkstk_.obj
 0001:0000e450       __chkstk                   000000018000f450 f   LIBCMT:_chkstk_.obj
 0001:0000e4c0       __security_check_cookie    000000018000f4c0 f   LIBCMT:_amdsecgs_.obj
 0001:0000e814       _DllMainCRTStartup         000000018000f814 f   LIBCMT:dll_dllmain.obj
 0001:0000e854       ??2@YAPEAX_K@Z             000000018000f854 f   LIBCMT:new_scalar.obj
 0001:0000e890       __isa_available_init       000000018000f890 f   LIBCMT:_cpu_disp_.obj
 0001:0000ea4c       _get_startup_argv_mode     000000018000fa4c f   LIBCMT:argv_mode.obj
 0001:0000ea54       __scrt_is_ucrt_dll_in_use  000000018000fa54 f   LIBCMT:ucrt_detection.obj
 0001:0000ea60       __crt_debugger_hook        000000018000fa60 f   LIBCMT:utility_desktop.obj
 0001:0000ea68       __scrt_fastfail            000000018000fa68 f   LIBCMT:utility_desktop.obj
 0001:0000ebb4       _guard_check_icall_nop     000000018000fbb4 f i LIBCMT:guard_support.obj
 0001:0000ebb8       __security_init_cookie     000000018000fbb8 f   LIBCMT:gs_support.obj
 0001:0000ec64       ?__scrt_initialize_type_info@@YAXXZ 000000018000fc64 f   LIBCMT:tncleanup.obj
 0001:0000ec74       ?__scrt_uninitialize_type_info@@YAXXZ 000000018000fc74 f   LIBCMT:tncleanup.obj
 0001:0000ec80       __local_stdio_scanf_options 000000018000fc80 f i LIBCMT:default_local_stdio_options.obj
 0001:0000ec88       __scrt_initialize_default_local_stdio_options 000000018000fc88 f   LIBCMT:default_local_stdio_options.obj
 0001:0000eca4       __scrt_get_dyn_tls_init_callback 000000018000fca4 f   LIBCMT:dyn_tls_init.obj
 0001:0000ecac       _RTC_Initialize            000000018000fcac f   LIBCMT:_initsect_.obj
 0001:0000ece8       _RTC_Terminate             000000018000fce8 f   LIBCMT:_initsect_.obj
 0001:0000ed24       ??0bad_alloc@std@@QEAA@AEBV01@@Z 000000018000fd24 f i LIBCMT:throw_bad_alloc.obj
 0001:0000ed64       ??0bad_alloc@std@@QEAA@XZ  000000018000fd64 f i LIBCMT:throw_bad_alloc.obj
 0001:0000ed84       ??0bad_array_new_length@std@@QEAA@AEBV01@@Z 000000018000fd84 f i LIBCMT:throw_bad_alloc.obj
 0001:0000edc4       ??0bad_array_new_length@std@@QEAA@XZ 000000018000fdc4 f i LIBCMT:throw_bad_alloc.obj
 0001:0000ede4       ??0exception@std@@QEAA@AEBV01@@Z 000000018000fde4 f i LIBCMT:throw_bad_alloc.obj
 0001:0000ee1c       ??1bad_alloc@std@@UEAA@XZ  000000018000fe1c f i LIBCMT:throw_bad_alloc.obj
 0001:0000ee1c       ??1bad_exception@std@@UEAA@XZ 000000018000fe1c f i libvcruntime:frame.obj
 0001:0000ee1c       ??1bad_array_new_length@std@@UEAA@XZ 000000018000fe1c f i LIBCMT:throw_bad_alloc.obj
 0001:0000ee30       ??_Eexception@std@@UEAAPEAXI@Z 000000018000fe30 f i LIBCMT:throw_bad_alloc.obj
 0001:0000ee30       ??_Ebad_alloc@std@@UEAAPEAXI@Z 000000018000fe30 f i LIBCMT:throw_bad_alloc.obj
 0001:0000ee30       ??_Gbad_exception@std@@UEAAPEAXI@Z 000000018000fe30 f i libvcruntime:frame.obj
 0001:0000ee30       ??_Gexception@std@@UEAAPEAXI@Z 000000018000fe30 f i LIBCMT:throw_bad_alloc.obj
 0001:0000ee30       ??_Ebad_exception@std@@UEAAPEAXI@Z 000000018000fe30 f i libvcruntime:frame.obj
 0001:0000ee30       ??_Gbad_array_new_length@std@@UEAAPEAXI@Z 000000018000fe30 f i LIBCMT:throw_bad_alloc.obj
 0001:0000ee30       ??_Gbad_alloc@std@@UEAAPEAXI@Z 000000018000fe30 f i LIBCMT:throw_bad_alloc.obj
 0001:0000ee30       ??_Ebad_array_new_length@std@@UEAAPEAXI@Z 000000018000fe30 f i LIBCMT:throw_bad_alloc.obj
 0001:0000ee74       ?__scrt_throw_std_bad_alloc@@YAXXZ 000000018000fe74 f   LIBCMT:throw_bad_alloc.obj
 0001:0000ee94       ?__scrt_throw_std_bad_array_new_length@@YAXXZ 000000018000fe94 f   LIBCMT:throw_bad_alloc.obj
 0001:0000eeb4       ?what@exception@std@@UEBAPEBDXZ 000000018000feb4 f i LIBCMT:throw_bad_alloc.obj
 0001:0000eed0       ??_Etype_info@@UEAAPEAXI@Z 000000018000fed0 f i LIBCMT:std_type_info_static.obj
 0001:0000eed0       ??_Gtype_info@@UEAAPEAXI@Z 000000018000fed0 f i LIBCMT:std_type_info_static.obj
 0001:0000eefc       ??0CAtlBaseModule@ATL@@QEAA@XZ 000000018000fefc f   atls:atlbase.obj
 0001:0000efa4       ??1CAtlBaseModule@ATL@@QEAA@XZ 000000018000ffa4 f   atls:atlbase.obj
 0001:0000f0d8       ?__AllocStdCallThunk_cmn@@YAPEAXXZ 00000001800100d8 f   atls:atlthunk.obj
 0001:0000f230       AtlThunk_AllocateData      0000000180010230 f   atls:atlthunk.obj
 0001:0000f2ac       AtlThunk_DataToCode        00000001800102ac f   atls:atlthunk.obj
 0001:0000f300       AtlThunk_FreeData          0000000180010300 f   atls:atlthunk.obj
 0001:0000f360       AtlThunk_InitData          0000000180010360 f   atls:atlthunk.obj
 0001:0000f420       memset_repmovs             0000000180010420 f   libvcruntime:memset.obj
 0001:0000f440       memset                     0000000180010440 f   libvcruntime:memset.obj
 0001:0000f5d0       _purecall                  00000001800105d0 f   libvcruntime:purevirt.obj
 0001:0000f600       wcsstr                     0000000180010600 f   libvcruntime:wcsstr.obj
 0001:0000f830       memcmp                     0000000180010830 f   libvcruntime:memcmp.obj
 0001:0000f910       memcpy_repmovs             0000000180010910 f   libvcruntime:memcpy.obj
 0001:0000f930       memcpy                     0000000180010930 f   libvcruntime:memcpy.obj
 0001:0000f930       memmove                    0000000180010930 f   libvcruntime:memcpy.obj
 0001:0000fd68       __vcrt_initialize          0000000180010d68 f   libvcruntime:initialization.obj
 0001:0000fd9c       __vcrt_thread_attach       0000000180010d9c f   libvcruntime:initialization.obj
 0001:0000fdb0       __vcrt_thread_detach       0000000180010db0 f   libvcruntime:initialization.obj
 0001:0000fdc4       __vcrt_uninitialize        0000000180010dc4 f   libvcruntime:initialization.obj
 0001:0000fde4       __vcrt_uninitialize_critical 0000000180010de4 f   libvcruntime:initialization.obj
[...]
 0004:0000174c       $pdata$__acrt_SetThreadStackGuarantee 000000018003374c     libucrt:winapi_thunks.obj
 0004:00001758       $pdata$?try_get_function@@YAPEAXW4function_id@?A0x391cf84c@@QEBDQEBW4module_id@2@2@Z 0000000180033758     libucrt:winapi_thunks.obj
 0004:00001764       $pdata$isdigit             0000000180033764     libucrt:_ctype.obj
 0004:00001770       $pdata$tolower             0000000180033770     libucrt:tolower_toupper.obj
 0004:0000177c       $pdata$_tolower_l          000000018003377c     libucrt:tolower_toupper.obj
 0004:00001788       $pdata$?internal_isupper_l@@YA_NHQEAU__crt_locale_pointers@@@Z 0000000180033788     libucrt:tolower_toupper.obj
 0004:00001794       $pdata$wcstol              0000000180033794     libucrt:strtox.obj
 0004:000017a0       $pdata$_mbtowc_l           00000001800337a0     libucrt:mbtowc.obj
 0004:000017ac       $pdata$wcsnlen             00000001800337ac     libucrt:strnlen.obj
 0004:000017b8       $pdata$__acrt_update_locale_info 00000001800337b8     libucrt:locale_update.obj
 0004:000017c4       $pdata$__acrt_update_multibyte_info 00000001800337c4     libucrt:locale_update.obj
 0004:000017d0       $pdata$__acrt_fp_format    00000001800337d0     libucrt:cvt.obj
 0004:000017dc       $pdata$?fp_format_nan_or_infinity@@YAHW4__acrt_fp_class@@_NPEAD_K1@Z 00000001800337dc     libucrt:cvt.obj
 0004:000017e8       $pdata$?fp_format_e_internal@@YAHQEAD_KH_NIQEAU_strflt@@2QEAU__crt_locale_pointers@@@Z 00000001800337e8     libucrt:cvt.obj
 0004:000017f4       $pdata$?fp_format_e@@YAHQEBNQEAD_K12H_NIQEAU__crt_locale_pointers@@@Z 00000001800337f4     libucrt:cvt.obj
 0004:00001800       $pdata$?fp_format_a@@YAHQEBNPEAD_KQEAD2H_NIQEAU__crt_locale_pointers@@@Z 0000000180033800     libucrt:cvt.obj
 0004:0000180c       $pdata$?fp_format_f_internal@@YAHQEAD_KHQEAU_strflt@@_NQEAU__crt_locale_pointers@@@Z 000000018003380c     libucrt:cvt.obj
 0004:00001818       $pdata$?fp_format_g@@YAHQEBNQEAD_K12H_NIQEAU__crt_locale_pointers@@@Z 0000000180033818     libucrt:cvt.obj
 0004:00001824       $pdata$_fileno             0000000180033824     libucrt:fileno.obj
 0004:00001830       $pdata$__acrt_initialize_stdio 0000000180033830     libucrt:_file.obj
 0004:0000183c       $pdata$__acrt_uninitialize_stdio 000000018003383c     libucrt:_file.obj
 0004:00001848       $pdata$__acrt_uninitialize_locale 0000000180033848     libucrt:wsetlocale.obj
 0004:00001854       $pdata$??$?RV<lambda_410d79af7f07d98d83a3f525b3859a53>@@AEAV<lambda_3e16ef9562a7dcce91392c22ab16ea36>@@V<lambda_38119f0e861e05405d8a144b9b982f0a>@@@?$__crt_seh_guarded_call@X@@QEAAX$$QEAV<lambda_410d79af7f07d98d83a3f525b3859a53>@@AEAV<lambda_3e16ef9562a7dcce91392c22ab16ea36>@@$$QEAV<lambda_38119f0e861e05405d8a144b9b982f0a>@@@Z 0000000180033854     libucrt:wsetlocale.obj
 0004:00001860       $pdata$?fin$0@?0???$?RV<lambda_410d79af7f07d98d83a3f525b3859a53>@@AEAV<lambda_3e16ef9562a7dcce91392c22ab16ea36>@@V<lambda_38119f0e861e05405d8a144b9b982f0a>@@@?$__crt_seh_guarded_call@X@@QEAAX$$QEAV<lambda_410d79af7f07d98d83a3f525b3859a53>@@AEAV<lambda_3e16ef9562a7dcce91392c22ab16ea36>@@$$QEAV<lambda_38119f0e861e05405d8a144b9b982f0a>@@@Z@4HA 0000000180033860     libucrt:wsetlocale.obj
 0004:0000186c       $pdata$__acrt_initialize_lowio 000000018003386c     libucrt:ioinit.obj
 0004:00001878       $pdata$__acrt_lowio_ensure_fh_exists$fin$0 0000000180033878     libucrt:osfinfo.obj
 0004:00001878       $pdata$__acrt_initialize_lowio$fin$0 0000000180033878     libucrt:ioinit.obj
 0004:00001884       $pdata$__acrt_uninitialize_lowio 0000000180033884     libucrt:ioinit.obj
 0004:00001890       $pdata$?initialize_inherited_file_handles_nolock@@YAXXZ 0000000180033890     libucrt:ioinit.obj
 0004:0000189c       $pdata$?initialize_stdio_handles_nolock@@YAXXZ 000000018003389c     libucrt:ioinit.obj
 0004:000018a8       $pdata$__acrt_initialize_locks 00000001800338a8     libucrt:locks.obj
 0004:000018b4       $pdata$__acrt_uninitialize_locks 00000001800338b4     libucrt:locks.obj
 0004:000018c0       $pdata$__acrt_get_process_end_policy 00000001800338c0     libucrt:win_policies.obj
 0004:000018cc       $pdata$??$common_expand_argv_wildcards@D@@YAHQEAPEADQEAPEAPEAD@Z 00000001800338cc     libucrt:argv_wildcards.obj
 0004:000018d8       $pdata$??$copy_and_add_argument_to_buffer@D@@YAHQEBD0_KAEAV?$argument_list@D@?A0x5f5c8891@@@Z 00000001800338d8     libucrt:argv_wildcards.obj
 0004:000018e4       $pdata$??$expand_argument_wildcards@D@@YAHQEAD0AEAV?$argument_list@D@?A0x5f5c8891@@@Z 00000001800338e4     libucrt:argv_wildcards.obj
 0004:000018f0       $pdata$__acrt_update_thread_multibyte_data 00000001800338f0     libucrt:mbctype.obj
 0004:000018fc       $pdata$__acrt_initialize_multibyte 00000001800338fc     libucrt:mbctype.obj
 0004:00001908       $pdata$_setmbcp_nolock     0000000180033908     libucrt:mbctype.obj
 0004:00001914       $pdata$?getSystemCP@@YAHH@Z 0000000180033914     libucrt:mbctype.obj
 0004:00001920       $pdata$?setSBCS@@YAXPEAU__crt_multibyte_data@@@Z 0000000180033920     libucrt:mbctype.obj
 0004:0000192c       $pdata$?setSBUpLow@@YAXPEAU__crt_multibyte_data@@@Z 000000018003392c     libucrt:mbctype.obj
 0004:00001938       $pdata$?update_thread_multibyte_data_internal@@YAPEAU__crt_multibyte_data@@QEAU__acrt_ptd@@QEAU1@@Z 0000000180033938     libucrt:mbctype.obj
 0004:00001944       $pdata$?fin$0@?0??update_thread_multibyte_data_internal@@YAPEAU__crt_multibyte_data@@QEAU__acrt_ptd@@QEAU1@@Z@4HA 0000000180033944     libucrt:mbctype.obj
 0004:00001950       $pdata$?setmbcp_internal@@YAHH_NQEAU__acrt_ptd@@QEAPEAU__crt_multibyte_data@@@Z 0000000180033950     libucrt:mbctype.obj
 0004:0000195c       $pdata$??$?RV<lambda_efdfa57d1f175319df784efa44bb7b81>@@AEAV<lambda_5f0a4c1567f8adc6734073e5d1e1b35c>@@V<lambda_2e8a7d3640ea6ccb4c2413664c2db6fd>@@@?$__crt_seh_guarded_call@X@@QEAAX$$QEAV<lambda_efdfa57d1f175319df784efa44bb7b81>@@AEAV<lambda_5f0a4c1567f8adc6734073e5d1e1b35c>@@$$QEAV<lambda_2e8a7d3640ea6ccb4c2413664c2db6fd>@@@Z 000000018003395c     libucrt:mbctype.obj
 0004:00001968       $pdata$?x_ismbbtype_l@@YAHPEAU__crt_locale_pointers@@IHH@Z 0000000180033968     libucrt:ismbbyte.obj
 0004:00001974       $pdata$__acrt_initialize_command_line 0000000180033974     libucrt:argv_data.obj
 0004:00001980       $pdata$__dcrt_get_narrow_environment_from_os 0000000180033980     libucrt:get_environment_from_os.obj
 0004:0000198c       $pdata$__acrt_initialize_heap 000000018003398c     libucrt:heap_handle.obj
 0004:00001998       $pdata$__acrt_execute_initializers 0000000180033998     libucrt:shared_initialization.obj
 0004:000019a4       $pdata$__acrt_execute_uninitializers 00000001800339a4     libucrt:shared_initialization.obj
 0004:000019b0       $pdata$__acrt_get_sigabrt_handler 00000001800339b0     libucrt:signal.obj
 0004:000019bc       $pdata$raise               00000001800339bc     libucrt:signal.obj
 0004:000019c8       $pdata$raise$fin$0         00000001800339c8     libucrt:signal.obj
 0004:000019d4       $pdata$??$?RV<lambda_450d765d439847d4c735a33c368b5fc0>@@AEAV<lambda_44731a7d0e6d81c3e6aa82d741081786>@@V<lambda_601a2a7da3b7a96e9554ac7215c4b07c>@@@?$__crt_seh_guarded_call@P6AXH@Z@@QEAAP6AXH@Z$$QEAV<lambda_450d765d439847d4c735a33c368b5fc0>@@AEAV<lambda_44731a7d0e6d81c3e6aa82d741081786>@@$$QEAV<lambda_601a2a7da3b7a96e9554ac7215c4b07c>@@@Z 00000001800339d4     libucrt:signal.obj
 0004:000019e0       $pdata$__pctype_func       00000001800339e0     libucrt:ctype.obj
 0004:000019ec       $pdata$iswctype            00000001800339ec     libucrt:iswctype.obj
 0004:000019f8       $pdata$_isctype_l          00000001800339f8     libucrt:isctype.obj
 0004:00001a04       $pdata$__acrt_release_locale_ref 0000000180033a04     libucrt:locale_refcounting.obj
 0004:00001a10       $pdata$__acrt_free_locale  0000000180033a10     libucrt:locale_refcounting.obj
 0004:00001a1c       $pdata$__acrt_locale_free_lc_time_if_unreferenced 0000000180033a1c     libucrt:locale_refcounting.obj
 0004:00001a28       $pdata$__acrt_update_thread_locale_data 0000000180033a28     libucrt:locale_refcounting.obj
 0004:00001a34       $pdata$__acrt_update_thread_locale_data$fin$0 0000000180033a34     libucrt:locale_refcounting.obj
 0004:00001a40       $pdata$_updatetlocinfoEx_nolock 0000000180033a40     libucrt:locale_refcounting.obj
 0004:00001a4c       $pdata$__acrt_DownlevelLocaleNameToLCID 0000000180033a4c     libucrt:lcidtoname_downlevel.obj
 0004:00001a58       $pdata$?GetTableIndexFromLocaleName@@YAHPEB_W@Z 0000000180033a58     libucrt:lcidtoname_downlevel.obj
 0004:00001a64       $pdata$_isleadbyte_l       0000000180033a64     libucrt:_wctype.obj
 0004:00001a70       $pdata$__acrt_LCMapStringA 0000000180033a70     libucrt:lcmapstringa.obj
 0004:00001a7c       $pdata$?__acrt_LCMapStringA_stat@@YAHPEAU__crt_locale_pointers@@PEB_WKPEBDHPEADHHH@Z 0000000180033a7c     libucrt:lcmapstringa.obj
 0004:00001a88       $pdata$__acrt_fp_strflt_to_string 0000000180033a88     libucrt:_fptostr.obj
 0004:00001a94       $pdata$memcpy_s            0000000180033a94     libucrt:cfout.obj
 0004:00001aa0       $pdata$__acrt_fltout       0000000180033aa0     libucrt:cfout.obj
 0004:00001aac       $pdata$?divide@__crt_strtox@@YA_KAEAUbig_integer@1@AEBU21@@Z 0000000180033aac     libucrt:cfout.obj
 0004:00001ab8       $pdata$5$?divide@__crt_strtox@@YA_KAEAUbig_integer@1@AEBU21@@Z 0000000180033ab8     libucrt:cfout.obj
 0004:00001ac4       $pdata$6$?divide@__crt_strtox@@YA_KAEAUbig_integer@1@AEBU21@@Z 0000000180033ac4     libucrt:cfout.obj
 0004:00001ad0       $pdata$_fcloseall          0000000180033ad0     libucrt:closeall.obj
 0004:00001adc       $pdata$_fcloseall$fin$0    0000000180033adc     libucrt:closeall.obj
 0004:00001ae8       $pdata$_fflush_nolock      0000000180033ae8     libucrt:fflush.obj
 0004:00001af4       $pdata$__acrt_stdio_flush_nolock 0000000180033af4     libucrt:fflush.obj
 0004:00001b00       $pdata$?common_flush_all@@YAH_N@Z 0000000180033b00     libucrt:fflush.obj
 0004:00001b0c       $pdata$??$?RV<lambda_842d9ff0dc9ef11c61343bbaebe7f885>@@AEAV<lambda_c5860995281e5c4ce005b3de8f5874ee>@@V<lambda_d90129c13df834fdcbf8d2b88dafcf2d>@@@?$__crt_seh_guarded_call@X@@QEAAX$$QEAV<lambda_842d9ff0dc9ef11c61343bbaebe7f885>@@AEAV<lambda_c5860995281e5c4ce005b3de8f5874ee>@@$$QEAV<lambda_d90129c13df834fdcbf8d2b88dafcf2d>@@@Z 0000000180033b0c     libucrt:fflush.obj
 0004:00001b18       $pdata$?fin$0@?0???$?RV<lambda_842d9ff0dc9ef11c61343bbaebe7f885>@@AEAV<lambda_c5860995281e5c4ce005b3de8f5874ee>@@V<lambda_d90129c13df834fdcbf8d2b88dafcf2d>@@@?$__crt_seh_guarded_call@X@@QEAAX$$QEAV<lambda_842d9ff0dc9ef11c61343bbaebe7f885>@@AEAV<lambda_c5860995281e5c4ce005b3de8f5874ee>@@$$QEAV<lambda_d90129c13df834fdcbf8d2b88dafcf2d>@@@Z@4HA 0000000180033b18     libucrt:fflush.obj
 0004:00001b24       $pdata$??$?RV<lambda_886d6c58226a84441f68b9f2b8217b83>@@AEAV<lambda_ab61a845afdef5b7c387490eaf3616ee>@@V<lambda_f7f22ab5edc0698d5f6905b0d3f44752>@@@?$__crt_seh_guarded_call@X@@QEAAX$$QEAV<lambda_886d6c58226a84441f68b9f2b8217b83>@@AEAV<lambda_ab61a845afdef5b7c387490eaf3616ee>@@$$QEAV<lambda_f7f22ab5edc0698d5f6905b0d3f44752>@@@Z 0000000180033b24     libucrt:fflush.obj
 0004:00001b30       $pdata$?fin$0@?0???$?RV<lambda_886d6c58226a84441f68b9f2b8217b83>@@AEAV<lambda_ab61a845afdef5b7c387490eaf3616ee>@@V<lambda_f7f22ab5edc0698d5f6905b0d3f44752>@@@?$__crt_seh_guarded_call@X@@QEAAX$$QEAV<lambda_886d6c58226a84441f68b9f2b8217b83>@@AEAV<lambda_ab61a845afdef5b7c387490eaf3616ee>@@$$QEAV<lambda_f7f22ab5edc0698d5f6905b0d3f44752>@@@Z@4HA 0000000180033b30     libucrt:fflush.obj
 0004:00001b3c       $pdata$__acrt_stdio_free_buffer_nolock 0000000180033b3c     libucrt:_freebuf.obj
 0004:00001b48       $pdata$_isatty             0000000180033b48     libucrt:isatty.obj
 0004:00001b54       $pdata$__acrt_locale_free_monetary 0000000180033b54     libucrt:initmon.obj
 0004:00001b60       $pdata$__acrt_locale_free_numeric 0000000180033b60     libucrt:initnum.obj
 0004:00001b6c       $pdata$__acrt_locale_free_time 0000000180033b6c     libucrt:inittime.obj
 0004:00001b78       $pdata$?free_crt_array_internal@@YAXQEAPEBX_K@Z 0000000180033b78     libucrt:inittime.obj
 0004:00001b84       $pdata$__acrt_GetStringTypeA 0000000180033b84     libucrt:getstringtypea.obj
 0004:00001b90       $pdata$_get_osfhandle      0000000180033b90     libucrt:osfinfo.obj
 0004:00001b9c       $pdata$_free_osfhnd        0000000180033b9c     libucrt:osfinfo.obj
 0004:00001ba8       $pdata$__acrt_lowio_create_handle_array 0000000180033ba8     libucrt:osfinfo.obj
 0004:00001bb4       $pdata$__acrt_lowio_destroy_handle_array 0000000180033bb4     libucrt:osfinfo.obj
 0004:00001bc0       $pdata$__acrt_lowio_ensure_fh_exists 0000000180033bc0     libucrt:osfinfo.obj
 0004:00001bcc       $pdata$qsort               0000000180033bcc     libucrt:qsort.obj
 0004:00001bd8       $pdata$4$qsort             0000000180033bd8     libucrt:qsort.obj
 0004:00001be4       $pdata$5$qsort             0000000180033be4     libucrt:qsort.obj
 0004:00001bf0       $pdata$?shortsort@@YAXPEAD0_KP6AHPEBX2@Z@Z 0000000180033bf0     libucrt:qsort.obj
 0004:00001bfc       $pdata$2$?shortsort@@YAXPEAD0_KP6AHPEBX2@Z@Z 0000000180033bfc     libucrt:qsort.obj
 0004:00001c08       $pdata$3$?shortsort@@YAXPEAD0_KP6AHPEBX2@Z@Z 0000000180033c08     libucrt:qsort.obj
 0004:00001c14       $pdata$strncpy_s           0000000180033c14     libucrt:strncpy_s.obj
 0004:00001c20       $pdata$strpbrk             0000000180033c20     libucrt:strpbrk.obj
 0004:00001c2c       $pdata$_mbsdec_l           0000000180033c2c     libucrt:mbsdec.obj
 0004:00001c38       $pdata$?initialize_multibyte@@YAHXZ 0000000180033c38     libucrt:multibyte_initializer.obj
 0004:00001c44       $pdata$fegetenv            0000000180033c44     libucrt:fegetenv.obj
 0004:00001c50       $pdata$fesetenv            0000000180033c50     libucrt:fesetenv.obj
 0004:00001c5c       $pdata$feholdexcept        0000000180033c5c     libucrt:feholdexcept.obj
 0004:00001c74       $pdata$_write              0000000180033c74     libucrt:write.obj
 0004:00001c80       $pdata$_write$fin$0        0000000180033c80     libucrt:write.obj
 0004:00001c8c       $pdata$_write_nolock       0000000180033c8c     libucrt:write.obj
 0004:00001c98       $pdata$?write_double_translated_ansi_nolock@@YA?AUwrite_result@?A0x17268360@@HQEBDI@Z 0000000180033c98     libucrt:write.obj
 0004:00001ca4       $pdata$?write_text_ansi_nolock@@YA?AUwrite_result@?A0x17268360@@HQEBDI@Z 0000000180033ca4     libucrt:write.obj
 0004:00001cb0       $pdata$?write_text_utf16le_nolock@@YA?AUwrite_result@?A0x17268360@@HQEBDI@Z 0000000180033cb0     libucrt:write.obj
 0004:00001cbc       $pdata$?write_text_utf8_nolock@@YA?AUwrite_result@?A0x17268360@@HQEBDI@Z 0000000180033cbc     libucrt:write.obj
 0004:00001cc8       $pdata$??$common_lseek_nolock@_J@@YA_JH_JH@Z 0000000180033cc8     libucrt:lseek.obj
 0004:00001cd4       $pdata$fclose              0000000180033cd4     libucrt:fclose.obj
 0004:00001ce0       $pdata$fclose$fin$0        0000000180033ce0     libucrt:fclose.obj
 0004:00001cec       $pdata$_fclose_nolock      0000000180033cec     libucrt:fclose.obj
 0004:00001cf8       $pdata$_commit             0000000180033cf8     libucrt:commit.obj
 0004:00001d04       $pdata$??$?RV<lambda_a37b2b86f63e897a80ea819b0eb08c01>@@AEAV<lambda_38ce7e780aa69e748d6df282ebc68efe>@@V<lambda_99fb1378e971ab6e7edea83e3a7a83a2>@@@?$__crt_seh_guarded_call@H@@QEAAH$$QEAV<lambda_a37b2b86f63e897a80ea819b0eb08c01>@@AEAV<lambda_38ce7e780aa69e748d6df282ebc68efe>@@$$QEAV<lambda_99fb1378e971ab6e7edea83e3a7a83a2>@@@Z 0000000180033d04     libucrt:commit.obj
 0004:00001d10       $pdata$?fin$0@?0???$?RV<lambda_751a882b2c74d4b022dec766aa51a29a>@@AEAV<lambda_628dfdc04ba53c8bfc02c9951375f3f5>@@V<lambda_f6c7be5f7998530c34de24c7437d6b54>@@@?$__crt_seh_guarded_call@H@@QEAAH$$QEAV<lambda_751a882b2c74d4b022dec766aa51a29a>@@AEAV<lambda_628dfdc04ba53c8bfc02c9951375f3f5>@@$$QEAV<lambda_f6c7be5f7998530c34de24c7437d6b54>@@@Z@4HA 0000000180033d10     libucrt:close.obj
 0004:00001d10       $pdata$?fin$0@?0???$?RV<lambda_a37b2b86f63e897a80ea819b0eb08c01>@@AEAV<lambda_38ce7e780aa69e748d6df282ebc68efe>@@V<lambda_99fb1378e971ab6e7edea83e3a7a83a2>@@@?$__crt_seh_guarded_call@H@@QEAAH$$QEAV<lambda_a37b2b86f63e897a80ea819b0eb08c01>@@AEAV<lambda_38ce7e780aa69e748d6df282ebc68efe>@@$$QEAV<lambda_99fb1378e971ab6e7edea83e3a7a83a2>@@@Z@4HA 0000000180033d10     libucrt:commit.obj
 0004:00001d1c       $pdata$_setfpstatusword    0000000180033d1c     libucrt:_fenvutils.obj
 0004:00001d28       $pdata$_getfpcontrolword   0000000180033d28     libucrt:_fenvutils.obj
 0004:00001d34       $pdata$_getfpstatusword    0000000180033d34     libucrt:_fenvutils.obj
 0004:00001d40       $pdata$_clearfp            0000000180033d40     libucrt:ieee.obj
 0004:00001d4c       $pdata$common_control87    0000000180033d4c     libucrt:ieee.obj
 0004:00001d58       $pdata$common_control87$filt$0 0000000180033d58     libucrt:ieee.obj
 0004:00001d58       $pdata$_ctrlfp$filt$0      0000000180033d58     libucrt:fpctrl.obj
 0004:00001d64       $pdata$_call_matherr       0000000180033d64     libucrt:libm_error.obj
 0004:00001d70       $pdata$_exception_enabled  0000000180033d70     libucrt:libm_error.obj
 0004:00001d7c       $pdata$_handle_error       0000000180033d7c     libucrt:libm_error.obj
 0004:00001d88       $pdata$__acrt_initialize_fma3 0000000180033d88     libucrt:fma3_available.obj
 0004:00001d94       $pdata$_log_special_common 0000000180033d94     libucrt:log_special.obj
 0004:00001da0       $pdata$_log10_special      0000000180033da0     libucrt:log_special.obj
 0004:00001dac       $pdata$_putwch_nolock      0000000180033dac     libucrt:putwch.obj
 0004:00001db8       $pdata$_close              0000000180033db8     libucrt:close.obj
 0004:00001dc4       $pdata$_close_nolock       0000000180033dc4     libucrt:close.obj
 0004:00001dd0       $pdata$??$?RV<lambda_751a882b2c74d4b022dec766aa51a29a>@@AEAV<lambda_628dfdc04ba53c8bfc02c9951375f3f5>@@V<lambda_f6c7be5f7998530c34de24c7437d6b54>@@@?$__crt_seh_guarded_call@H@@QEAAH$$QEAV<lambda_751a882b2c74d4b022dec766aa51a29a>@@AEAV<lambda_628dfdc04ba53c8bfc02c9951375f3f5>@@$$QEAV<lambda_f6c7be5f7998530c34de24c7437d6b54>@@@Z 0000000180033dd0     libucrt:close.obj
 0004:00001de8       $pdata$_set_errno_from_matherr 0000000180033de8     libucrt:fpexcept.obj
 0004:00001df4       $pdata$_raise_exc          0000000180033df4     libucrt:fpexcept.obj
 0004:00001e00       $pdata$_raise_exc_ex       0000000180033e00     libucrt:fpexcept.obj
 0004:00001e0c       $pdata$_clrfp              0000000180033e0c     libucrt:fpctrl.obj
 0004:00001e18       $pdata$_ctrlfp             0000000180033e18     libucrt:fpctrl.obj
 0004:00001e24       $pdata$_statfp             0000000180033e24     libucrt:fpctrl.obj
 0004:00001e30       $pdata$_set_statfp         0000000180033e30     libucrt:fpctrl.obj
 0004:00001e3c       $pdata$__dcrt_lowio_initialize_console_output 0000000180033e3c     libucrt:initcon.obj
 0004:00001e48       $pdata$__dcrt_terminate_console_output 0000000180033e48     libucrt:initcon.obj
 0004:00001e54       $pdata$_IsNonwritableInCurrentImage 0000000180033e54     LIBCMT:pesect.obj
 0004:00001e60       $pdata$_IsNonwritableInCurrentImage$filt$0 0000000180033e60     LIBCMT:pesect.obj
 0004:00001e6c       $pdata$strrchr             0000000180033e6c     libvcruntime:strrchr.obj
 0005:00000220       $R000000                   0000000180034220     CoinDispenser.res
 0005:00000ba0       $R000980                   0000000180034ba0     CoinDispenser.res
 0005:00000c88       $R000A68                   0000000180034c88     CoinDispenser.res
 0005:00000ef0       $R000CD0                   0000000180034ef0     CoinDispenser.res
 0005:00001430       $R001210                   0000000180035430     CoinDispenser.res
 0005:00003ae0       $R0038C0                   0000000180037ae0     CoinDispenser.res
 0005:00003b20       $R003900                   0000000180037b20     CoinDispenser.res
