 OPOSElectronicJournal

 Timestamp is 5defa8f9 (Tue Dec 10 23:17:29 2019)

 Preferred load address is 0000000180000000

 Start         Length     Name                   Class
 0001:00000000 000000c0H .text$di                CODE
 0001:000000c0 00020fc0H .text$mn                CODE
 0001:00021080 00000020H .text$mn$00             CODE
 0001:000210a0 00000490H .text$x                 CODE
 0001:00021530 00000078H .text$yd                CODE
 0002:00000000 00000618H .idata$5                DATA
 0002:00000618 00000010H .00cfg                  DATA
 0002:00000628 00000008H .CRT$XCA                DATA
 0002:00000630 00000008H .CRT$XCL                DATA
 0002:00000638 00000020H .CRT$XCU                DATA
 0002:00000658 00000008H .CRT$XCZ                DATA
 0002:00000660 00000008H .CRT$XIA                DATA
 0002:00000668 00000020H .CRT$XIC                DATA
 0002:00000688 00000008H .CRT$XIZ                DATA
 0002:00000690 00000008H .CRT$XLA                DATA
 0002:00000698 00000008H .CRT$XLZ                DATA
 0002:000006a0 00000008H .CRT$XPA                DATA
 0002:000006a8 00000010H .CRT$XPX                DATA
 0002:000006b8 00000008H .CRT$XPXA               DATA
 0002:000006c0 00000008H .CRT$XPZ                DATA
 0002:000006c8 00000008H .CRT$XTA                DATA
 0002:000006d0 00000010H .CRT$XTZ                DATA
 0002:000006d8 00000000H .gfids$y                DATA
 0002:000006e0 0000a798H .rdata                  DATA
 0002:0000ae78 00000028H .rdata$T                DATA
 0002:0000aea0 00000274H .rdata$r                DATA
 0002:0000b114 00000414H .rdata$zzzdbg           DATA
 0002:0000b528 00000008H .rtc$IAA                DATA
 0002:0000b530 00000008H .rtc$IZZ                DATA
 0002:0000b538 00000008H .rtc$TAA                DATA
 0002:0000b540 00000008H .rtc$TZZ                DATA
 0002:0000b548 00000004H .tls                    DATA
 0002:0000b54c 00000004H .tls$                   DATA
 0002:0000b550 00000008H .tls$ZZZ                DATA
 0002:0000b558 00001688H .xdata                  DATA
 0002:0000cbe0 00000150H .xdata$x                DATA
 0002:0000cd30 00000008H ATL$__a                 DATA
 0002:0000cd38 00000008H ATL$__z                 DATA
 0002:0000cd40 000000b4H .edata                  DATA
 0002:0000cdf4 00000078H .idata$2                DATA
 0002:0000ce6c 00000014H .idata$3                DATA
 0002:0000ce80 00000618H .idata$4                DATA
 0002:0000d498 00000c24H .idata$6                DATA
 0003:00000000 00000e08H .data                   DATA
 0003:00000e08 000000c8H .data$r                 DATA
 0003:00000ed0 0000140cH .bss                    DATA
 0004:00000000 00001ff8H .pdata                  DATA
 0005:00000000 00000094H _RDATA                  DATA
 0006:00000000 00000220H .rsrc$01                DATA
 0006:00000220 000050e8H .rsrc$02                DATA

  Address         Publics by Value              Rva+Base               Lib:Object

 0000:00000000       __guard_fids_count         0000000000000000     <absolute>
 0000:00000000       __guard_longjmp_count      0000000000000000     <absolute>
 0000:00000000       __guard_longjmp_table      0000000000000000     <absolute>
 0000:00000000       __hybrid_code_map          0000000000000000     <absolute>
 0000:00000000       __guard_iat_count          0000000000000000     <absolute>
 0000:00000000       __guard_iat_table          0000000000000000     <absolute>
 0000:00000000       __volatile_metadata        0000000000000000     <absolute>
 0000:00000000       __hybrid_code_map_count    0000000000000000     <absolute>
 0000:00000000       __enclave_config           0000000000000000     <absolute>
 0000:00000000       ___safe_se_handler_count   0000000000000000     <absolute>
 0000:00000000       __AbsoluteZero             0000000000000000     <absolute>
 0000:00000000       ___safe_se_handler_table   0000000000000000     <absolute>
 0000:00000000       __guard_fids_table         0000000000000000     <absolute>
 0000:00000000       __hybrid_auxiliary_iat     0000000000000000     <absolute>
 0000:00000000       __dynamic_value_reloc_table 0000000000000000     <absolute>
 0000:00000100       __guard_flags              0000000000000100     <absolute>
 0000:00000000       __ImageBase                0000000180000000     <linker-defined>
 0001:000000c0       ?DupWide@_CW@@AEAAXXZ      00000001800010c0 f   CWString.obj
 0001:000000e8       ?cw_dup@@YAXPEBDAEAHAEAPEA_W1@Z 00000001800010e8 f   CWString.obj
 0001:000001c8       ?cw_memcpy@@YAHPEA_WPEBDH@Z 00000001800011c8 f   CWString.obj
 0001:00000214       ?cw_strcpy@@YAHPEA_WPEBD@Z 0000000180001214 f   CWString.obj
 0001:00000228       ??0CAtlComModule@ATL@@QEAA@XZ 0000000180001228 f i OposVariant.obj
 0001:000002a8       ??0CAtlWinModule@ATL@@QEAA@XZ 00000001800012a8 f i OposVariant.obj
 0001:00000314       ??0OposDispParms@@QEAA@PEAVOposVariant@@H@Z 0000000180001314 f   OposVariant.obj
 0001:000003bc       ??1OposDispParms@@QEAA@XZ  00000001800013bc f   OposVariant.obj
 0001:000003d4       ??_Estringdispid@CComTypeInfoHolder@ATL@@QEAAPEAXI@Z 00000001800013d4 f i OposVariant.obj
 0001:00000478       ?AtlWinModuleTerm@ATL@@YAJPEAU_ATL_WIN_MODULE70@1@PEAUHINSTANCE__@@@Z 0000000180001478 f i OposVariant.obj
 0001:00000528       ?ChangeBSTR@OposVariant@@QEAAXPEAPEA_WAEAJ@Z 0000000180001528 f   OposVariant.obj
 0001:00000588       ?ChangeCURRENCY@OposVariant@@QEAAXPEATtagCY@@AEAJ@Z 0000000180001588 f   OposVariant.obj
 0001:000005e8       ?ChangeLONG@OposVariant@@QEAAXPEAJAEAJ@Z 00000001800015e8 f   OposVariant.obj
 0001:00000644       ?GetLONG@OposVariant@@QEAAJXZ 0000000180001644 f   OposVariant.obj
 0001:00000668       ?SetBSTR@OposVariant@@QEAAXPEA_WAEAJ@Z 0000000180001668 f   OposVariant.obj
 0001:000006a8       ?SetBSTR_Copy@OposVariant@@QEAAXPEA_WAEAJ@Z 00000001800016a8 f   OposVariant.obj
 0001:00000718       ?SetBSTR_InOutPtr@OposVariant@@QEAA_NPEAPEA_WAEAJ@Z 0000000180001718 f   OposVariant.obj
 0001:00000768       ?SetBSTR_OutPtr@OposVariant@@QEAA_NPEAPEA_WAEAJ@Z 0000000180001768 f   OposVariant.obj
 0001:00000784       ?SetDispatch_Ptr@OposVariant@@QEAAXPEAUIDispatch@@AEAJ@Z 0000000180001784 f   OposVariant.obj
 0001:000007dc       ?SetLONG@OposVariant@@QEAAXJ@Z 00000001800017dc f   OposVariant.obj
 0001:0000080c       ?SetLONG_Ptr@OposVariant@@QEAAXPEAJAEAJ@Z 000000018000180c f   OposVariant.obj
 0001:00000858       ?SetString@OposVariant@@QEAAXPEB_WAEAJ@Z 0000000180001858 f   OposVariant.obj
 0001:000008bc       ?SetVARIANT_BOOL@OposVariant@@QEAAXF@Z 00000001800018bc f   OposVariant.obj
 0001:000008f4       ?Term@CAtlComModule@ATL@@QEAAXXZ 00000001800018f4 f i OposVariant.obj
 0001:00000964       ?_AtlInitializeCriticalSectionEx@ATL@@YAHPEAU_RTL_CRITICAL_SECTION@@KK@Z 0000000180001964 f i OposVariant.obj
 0001:0000096c       ?_AtlRaiseException@ATL@@YAXKK@Z 000000018000196c f i OposVariant.obj
 0001:0000097c       ?GetWindowProc@?$CWindowImplBaseT@VCWindow@ATL@@V?$CWinTraits@$0FGAAAAAA@$0A@@2@@ATL@@UEAAP6A_JPEAUHWND__@@I_K_J@ZXZ 000000018000197c f i ElectronicJournal.obj
 0001:00000984       ?StartWindowProc@?$CWindowImplBaseT@VCWindow@ATL@@V?$CWinTraits@$0FGAAAAAA@$0A@@2@@ATL@@SA_JPEAUHWND__@@I_K_J@Z 0000000180001984 f i ElectronicJournal.obj
 0001:00000a48       ?OnFinalMessage@?$CWindowImplBaseT@VCWindow@ATL@@V?$CWinTraits@$0FGAAAAAA@$0A@@2@@ATL@@UEAAXPEAUHWND__@@@Z 0000000180001a48 f i ElectronicJournal.obj
 0001:00000a48       ?ObjectMain@CComObjectRootBase@ATL@@SAX_N@Z 0000000180001a48 f i ElectronicJournal.obj
 0001:00000a48       _guard_check_icall_nop     0000000180001a48 f i LIBCMT:guard_support.obj
 0001:00000a4c       ?GetTypeInfoCount@?$IDispatchImpl@UIOPOSElectronicJournal@@$1?IID_IOPOSElectronicJournal@@3U_GUID@@B$1?LIBID_OposElectronicJournal_CCO@@3U3@B$00$0A@VCComTypeInfoHolder@ATL@@@ATL@@UEAAJPEAI@Z 0000000180001a4c f i ElectronicJournal.obj
 0001:00000a60       ?GetTypeInfo@?$IDispatchImpl@UIOPOSElectronicJournal@@$1?IID_IOPOSElectronicJournal@@3U_GUID@@B$1?LIBID_OposElectronicJournal_CCO@@3U3@B$00$0A@VCComTypeInfoHolder@ATL@@@ATL@@UEAAJIKPEAPEAUITypeInfo@@@Z 0000000180001a60 f i ElectronicJournal.obj
 0001:00000ac4       ?GetIDsOfNames@?$IDispatchImpl@UIOPOSElectronicJournal@@$1?IID_IOPOSElectronicJournal@@3U_GUID@@B$1?LIBID_OposElectronicJournal_CCO@@3U3@B$00$0A@VCComTypeInfoHolder@ATL@@@ATL@@UEAAJAEBU_GUID@@PEAPEA_WIKPEAJ@Z 0000000180001ac4 f i ElectronicJournal.obj
 0001:00000ad0       ?Invoke@?$IDispatchImpl@UIOPOSElectronicJournal@@$1?IID_IOPOSElectronicJournal@@3U_GUID@@B$1?LIBID_OposElectronicJournal_CCO@@3U3@B$00$0A@VCComTypeInfoHolder@ATL@@@ATL@@UEAAJJAEBU_GUID@@KGPEAUtagDISPPARAMS@@PEAUtagVARIANT@@PEAUtagEXCEPINFO@@PEAI@Z 0000000180001ad0 f i ElectronicJournal.obj
 0001:00000b60       ?CreateControlWindow@?$CComControl@VCOPOSElectronicJournal@@V?$CWindowImpl@VCOPOSElectronicJournal@@VCWindow@ATL@@V?$CWinTraits@$0FGAAAAAA@$0A@@3@@ATL@@@ATL@@UEAAPEAUHWND__@@PEAU3@AEAUtagRECT@@@Z 0000000180001b60 f i ElectronicJournal.obj
 0001:00000b98       ?ControlQueryInterface@?$CComControl@VCOPOSElectronicJournal@@V?$CWindowImpl@VCOPOSElectronicJournal@@VCWindow@ATL@@V?$CWinTraits@$0FGAAAAAA@$0A@@3@@ATL@@@ATL@@UEAAJAEBU_GUID@@PEAPEAX@Z 0000000180001b98 f i ElectronicJournal.obj
 0001:00000bac       ?GetClassID@?$IPersistStorageImpl@VCOPOSElectronicJournal@@@ATL@@UEAAJPEAU_GUID@@@Z 0000000180001bac f i ElectronicJournal.obj
 0001:00000bac       ?GetClassID@?$IPersistStreamInitImpl@VCOPOSElectronicJournal@@@ATL@@UEAAJPEAU_GUID@@@Z 0000000180001bac f i ElectronicJournal.obj
 0001:00000bac       ?GetUserClassID@?$IOleObjectImpl@VCOPOSElectronicJournal@@@ATL@@UEAAJPEAU_GUID@@@Z 0000000180001bac f i ElectronicJournal.obj
 0001:00000bc8       ?IsDirty@?$IPersistStreamInitImpl@VCOPOSElectronicJournal@@@ATL@@UEAAJXZ 0000000180001bc8 f i ElectronicJournal.obj
 0001:00000be4       ?Load@?$IPersistStreamInitImpl@VCOPOSElectronicJournal@@@ATL@@UEAAJPEAUIStream@@@Z 0000000180001be4 f i ElectronicJournal.obj
 0001:00000bfc       ?Save@?$IPersistStreamInitImpl@VCOPOSElectronicJournal@@@ATL@@UEAAJPEAUIStream@@H@Z 0000000180001bfc f i ElectronicJournal.obj
 0001:00000c14       ?GetSizeMax@?$IPersistStreamInitImpl@VCOPOSElectronicJournal@@@ATL@@UEAAJPEAT_ULARGE_INTEGER@@@Z 0000000180001c14 f i ElectronicJournal.obj
 0001:00000e40       ?InitNew@?$IPersistStreamInitImpl@VCOPOSElectronicJournal@@@ATL@@UEAAJXZ 0000000180001e40 f i ElectronicJournal.obj
 0001:00000e58       ?Freeze@?$IViewObjectExImpl@VCOPOSElectronicJournal@@@ATL@@UEAAJKJPEAXPEAK@Z 0000000180001e58 f i ElectronicJournal.obj
 0001:00000e58       ?OnMnemonic@?$IOleControlImpl@VCOPOSElectronicJournal@@@ATL@@UEAAJPEAUtagMSG@@@Z 0000000180001e58 f i ElectronicJournal.obj
 0001:00000e58       ?SetColorScheme@?$IOleObjectImpl@VCOPOSElectronicJournal@@@ATL@@UEAAJPEAUtagLOGPALETTE@@@Z 0000000180001e58 f i ElectronicJournal.obj
 0001:00000e58       ?EnumFormatEtc@?$IDataObjectImpl@VCOPOSElectronicJournal@@@ATL@@UEAAJKPEAPEAUIEnumFORMATETC@@@Z 0000000180001e58 f i ElectronicJournal.obj
 0001:00000e58       ?GetDropTarget@?$IOleInPlaceObjectWindowlessImpl@VCOPOSElectronicJournal@@@ATL@@UEAAJPEAPEAUIDropTarget@@@Z 0000000180001e58 f i ElectronicJournal.obj
 0001:00000e58       ?ReactivateAndUndo@?$IOleInPlaceObjectWindowlessImpl@VCOPOSElectronicJournal@@@ATL@@UEAAJXZ 0000000180001e58 f i ElectronicJournal.obj
 0001:00000e58       ?InitFromData@?$IOleObjectImpl@VCOPOSElectronicJournal@@@ATL@@UEAAJPEAUIDataObject@@HK@Z 0000000180001e58 f i ElectronicJournal.obj
 0001:00000e58       ?Unfreeze@?$IViewObjectExImpl@VCOPOSElectronicJournal@@@ATL@@UEAAJK@Z 0000000180001e58 f i ElectronicJournal.obj
 0001:00000e58       ?GetRect@?$IViewObjectExImpl@VCOPOSElectronicJournal@@@ATL@@UEAAJKPEAU_RECTL@@@Z 0000000180001e58 f i ElectronicJournal.obj
 0001:00000e58       ?SetMoniker@?$IOleObjectImpl@VCOPOSElectronicJournal@@@ATL@@UEAAJKPEAUIMoniker@@@Z 0000000180001e58 f i ElectronicJournal.obj
 0001:00000e58       ?GetControlInfo@?$IOleControlImpl@VCOPOSElectronicJournal@@@ATL@@UEAAJPEAUtagCONTROLINFO@@@Z 0000000180001e58 f i ElectronicJournal.obj
 0001:00000e58       ?ContextSensitiveHelp@?$IOleInPlaceActiveObjectImpl@VCOPOSElectronicJournal@@@ATL@@UEAAJH@Z 0000000180001e58 f i ElectronicJournal.obj
 0001:00000e58       ?SetData@?$IDataObjectImpl@VCOPOSElectronicJournal@@@ATL@@UEAAJPEAUtagFORMATETC@@PEAUtagSTGMEDIUM@@H@Z 0000000180001e58 f i ElectronicJournal.obj
 0001:00000e58       ?QueryGetData@?$IDataObjectImpl@VCOPOSElectronicJournal@@@ATL@@UEAAJPEAUtagFORMATETC@@@Z 0000000180001e58 f i ElectronicJournal.obj
 0001:00000e58       ?GetCanonicalFormatEtc@?$IDataObjectImpl@VCOPOSElectronicJournal@@@ATL@@UEAAJPEAUtagFORMATETC@@0@Z 0000000180001e58 f i ElectronicJournal.obj
 0001:00000e58       ?QueryInterface@CRegObject@ATL@@UEAAJAEBU_GUID@@PEAPEAX@Z 0000000180001e58 f i ElectronicJournal.obj
 0001:00000e58       ?ContextSensitiveHelp@?$IOleInPlaceObjectWindowlessImpl@VCOPOSElectronicJournal@@@ATL@@UEAAJH@Z 0000000180001e58 f i ElectronicJournal.obj
 0001:00000e58       ?GetDataHere@?$IDataObjectImpl@VCOPOSElectronicJournal@@@ATL@@UEAAJPEAUtagFORMATETC@@PEAUtagSTGMEDIUM@@@Z 0000000180001e58 f i ElectronicJournal.obj
 0001:00000e58       ?GetColorSet@?$IViewObjectExImpl@VCOPOSElectronicJournal@@@ATL@@UEAAJKJPEAXPEAUtagDVTARGETDEVICE@@PEAUHDC__@@PEAPEAUtagLOGPALETTE@@@Z 0000000180001e58 f i ElectronicJournal.obj
 0001:00000e58       ?GetMoniker@?$IOleObjectImpl@VCOPOSElectronicJournal@@@ATL@@UEAAJKKPEAPEAUIMoniker@@@Z 0000000180001e58 f i ElectronicJournal.obj
 0001:00000e58       ?GetClipboardData@?$IOleObjectImpl@VCOPOSElectronicJournal@@@ATL@@UEAAJKPEAPEAUIDataObject@@@Z 0000000180001e58 f i ElectronicJournal.obj
 0001:00000e60       ?GetCategoryMap@CComObjectRootBase@ATL@@SAPEBU_ATL_CATMAP_ENTRY@2@XZ 0000000180001e60 f i ElectronicJournal.obj
 0001:00000e60       ?SetHostNames@?$IOleObjectImpl@VCOPOSElectronicJournal@@@ATL@@UEAAJPEB_W0@Z 0000000180001e60 f i ElectronicJournal.obj
 0001:00000e60       ?EnableModeless@?$IOleInPlaceActiveObjectImpl@VCOPOSElectronicJournal@@@ATL@@UEAAJH@Z 0000000180001e60 f i ElectronicJournal.obj
 0001:00000e60       ?SaveCompleted@?$IPersistStorageImpl@VCOPOSElectronicJournal@@@ATL@@UEAAJPEAUIStorage@@@Z 0000000180001e60 f i ElectronicJournal.obj
 0001:00000e60       ?Release@CRegObject@ATL@@UEAAKXZ 0000000180001e60 f i ElectronicJournal.obj
 0001:00000e60       ?OnFrameWindowActivate@?$IOleInPlaceActiveObjectImpl@VCOPOSElectronicJournal@@@ATL@@UEAAJH@Z 0000000180001e60 f i ElectronicJournal.obj
 0001:00000e60       ?HandsOffStorage@?$IPersistStorageImpl@VCOPOSElectronicJournal@@@ATL@@UEAAJXZ 0000000180001e60 f i ElectronicJournal.obj
 0001:00000e60       ?OnAmbientPropertyChange@?$IOleControlImpl@VCOPOSElectronicJournal@@@ATL@@UEAAJJ@Z 0000000180001e60 f i ElectronicJournal.obj
 0001:00000e60       ?GetObjectDescription@?$CComCoClass@VCOPOSElectronicJournal@@$1?CLSID_OPOSElectronicJournal@@3U_GUID@@B@ATL@@SAPEB_WXZ 0000000180001e60 f i ElectronicJournal.obj
 0001:00000e60       ?IsUpToDate@?$IOleObjectImpl@VCOPOSElectronicJournal@@@ATL@@UEAAJXZ 0000000180001e60 f i ElectronicJournal.obj
 0001:00000e60       ?ResizeBorder@?$IOleInPlaceActiveObjectImpl@VCOPOSElectronicJournal@@@ATL@@UEAAJPEBUtagRECT@@PEAUIOleInPlaceUIWindow@@H@Z 0000000180001e60 f i ElectronicJournal.obj
 0001:00000e60       ?Update@?$IOleObjectImpl@VCOPOSElectronicJournal@@@ATL@@UEAAJXZ 0000000180001e60 f i ElectronicJournal.obj
 0001:00000e64       ?SetClientSite@?$IOleObjectImpl@VCOPOSElectronicJournal@@@ATL@@UEAAJPEAUIOleClientSite@@@Z 0000000180001e64 f i ElectronicJournal.obj
 0001:00000e80       ?GetClientSite@?$IOleObjectImpl@VCOPOSElectronicJournal@@@ATL@@UEAAJPEAPEAUIOleClientSite@@@Z 0000000180001e80 f i ElectronicJournal.obj
 0001:00000ec8       ?Close@?$IOleObjectImpl@VCOPOSElectronicJournal@@@ATL@@UEAAJK@Z 0000000180001ec8 f i ElectronicJournal.obj
 0001:00000ee4       ?DoVerb@?$IOleObjectImpl@VCOPOSElectronicJournal@@@ATL@@UEAAJJPEAUtagMSG@@PEAUIOleClientSite@@JPEAUHWND__@@PEBUtagRECT@@@Z 0000000180001ee4 f i ElectronicJournal.obj
 0001:00001088       ?EnumVerbs@?$IOleObjectImpl@VCOPOSElectronicJournal@@@ATL@@UEAAJPEAPEAUIEnumOLEVERB@@@Z 0000000180002088 f i ElectronicJournal.obj
 0001:000010a4       ?GetUserType@?$IOleObjectImpl@VCOPOSElectronicJournal@@@ATL@@UEAAJKPEAPEA_W@Z 00000001800020a4 f i ElectronicJournal.obj
 0001:000010b4       ?SetExtent@?$IOleObjectImpl@VCOPOSElectronicJournal@@@ATL@@UEAAJKPEAUtagSIZE@@@Z 00000001800020b4 f i ElectronicJournal.obj
 0001:000010d0       ?GetExtent@?$IOleObjectImpl@VCOPOSElectronicJournal@@@ATL@@UEAAJKPEAUtagSIZE@@@Z 00000001800020d0 f i ElectronicJournal.obj
 0001:00001100       ?Advise@?$IOleObjectImpl@VCOPOSElectronicJournal@@@ATL@@UEAAJPEAUIAdviseSink@@PEAK@Z 0000000180002100 f i ElectronicJournal.obj
 0001:0000115c       ?Unadvise@?$IOleObjectImpl@VCOPOSElectronicJournal@@@ATL@@UEAAJK@Z 000000018000215c f i ElectronicJournal.obj
 0001:00001194       ?EnumAdvise@?$IOleObjectImpl@VCOPOSElectronicJournal@@@ATL@@UEAAJPEAPEAUIEnumSTATDATA@@@Z 0000000180002194 f i ElectronicJournal.obj
 0001:000011dc       ?GetMiscStatus@?$IOleObjectImpl@VCOPOSElectronicJournal@@@ATL@@UEAAJKPEAK@Z 00000001800021dc f i ElectronicJournal.obj
 0001:000011ec       ?GetWindow@?$IOleInPlaceActiveObjectImpl@VCOPOSElectronicJournal@@@ATL@@UEAAJPEAPEAUHWND__@@@Z 00000001800021ec f i ElectronicJournal.obj
 0001:00001240       ?TranslateAcceleratorW@?$IOleInPlaceActiveObjectImpl@VCOPOSElectronicJournal@@@ATL@@UEAAJPEAUtagMSG@@@Z 0000000180002240 f i ElectronicJournal.obj
 0001:00001334       ?OnDocWindowActivate@?$IOleInPlaceActiveObjectImpl@VCOPOSElectronicJournal@@@ATL@@UEAAJH@Z 0000000180002334 f i ElectronicJournal.obj
 0001:00001360       ?Draw@?$IViewObjectExImpl@VCOPOSElectronicJournal@@@ATL@@UEAAJKJPEAXPEAUtagDVTARGETDEVICE@@PEAUHDC__@@2PEBU_RECTL@@3P6AH_K@Z4@Z 0000000180002360 f i ElectronicJournal.obj
 0001:000013c4       ?SetAdvise@?$IViewObjectExImpl@VCOPOSElectronicJournal@@@ATL@@UEAAJKKPEAUIAdviseSink@@@Z 00000001800023c4 f i ElectronicJournal.obj
 0001:00001418       ?GetAdvise@?$IViewObjectExImpl@VCOPOSElectronicJournal@@@ATL@@UEAAJPEAK0PEAPEAUIAdviseSink@@@Z 0000000180002418 f i ElectronicJournal.obj
 0001:00001454       ?GetExtent@?$IViewObjectExImpl@VCOPOSElectronicJournal@@@ATL@@UEAAJKJPEAUtagDVTARGETDEVICE@@PEAUtagSIZE@@@Z 0000000180002454 f i ElectronicJournal.obj
 0001:00001484       ?GetViewStatus@?$IViewObjectExImpl@VCOPOSElectronicJournal@@@ATL@@UEAAJPEAK@Z 0000000180002484 f i ElectronicJournal.obj
 0001:00001498       ?QueryHitPoint@?$IViewObjectExImpl@VCOPOSElectronicJournal@@@ATL@@UEAAJKPEBUtagRECT@@UtagPOINT@@JPEAK@Z 0000000180002498 f i ElectronicJournal.obj
 0001:000014dc       ?QueryHitRect@?$IViewObjectExImpl@VCOPOSElectronicJournal@@@ATL@@UEAAJKPEBUtagRECT@@0JPEAK@Z 00000001800024dc f i ElectronicJournal.obj
 0001:00001544       ?GetNaturalExtent@?$IViewObjectExImpl@VCOPOSElectronicJournal@@@ATL@@UEAAJKJPEAUtagDVTARGETDEVICE@@PEAUHDC__@@PEAUtagExtentInfo@@PEAUtagSIZE@@@Z 0000000180002544 f i ElectronicJournal.obj
 0001:0000158c       ?GetWindow@?$IOleInPlaceObjectWindowlessImpl@VCOPOSElectronicJournal@@@ATL@@UEAAJPEAPEAUHWND__@@@Z 000000018000258c f i ElectronicJournal.obj
 0001:000015e0       ?InPlaceDeactivate@?$IOleInPlaceObjectWindowlessImpl@VCOPOSElectronicJournal@@@ATL@@UEAAJXZ 00000001800025e0 f i ElectronicJournal.obj
 0001:000015fc       ?UIDeactivate@?$IOleInPlaceObjectWindowlessImpl@VCOPOSElectronicJournal@@@ATL@@UEAAJXZ 00000001800025fc f i ElectronicJournal.obj
 0001:00001618       ?SetObjectRects@?$IOleInPlaceObjectWindowlessImpl@VCOPOSElectronicJournal@@@ATL@@UEAAJPEBUtagRECT@@0@Z 0000000180002618 f i ElectronicJournal.obj
 0001:00001634       ?OnWindowMessage@?$IOleInPlaceObjectWindowlessImpl@VCOPOSElectronicJournal@@@ATL@@UEAAJI_K_JPEA_J@Z 0000000180002634 f i ElectronicJournal.obj
 0001:000016fc       ?EnumConnectionPoints@?$IConnectionPointContainerImpl@VCOPOSElectronicJournal@@@ATL@@UEAAJPEAPEAUIEnumConnectionPoints@@@Z 00000001800026fc f i ElectronicJournal.obj
 0001:00001940       ?FindConnectionPoint@?$IConnectionPointContainerImpl@VCOPOSElectronicJournal@@@ATL@@UEAAJAEBU_GUID@@PEAPEAUIConnectionPoint@@@Z 0000000180002940 f i ElectronicJournal.obj
 0001:00001a10       ?IsDirty@?$IPersistStorageImpl@VCOPOSElectronicJournal@@@ATL@@UEAAJXZ 0000000180002a10 f i ElectronicJournal.obj
 0001:00001a54       ?InitNew@?$IPersistStorageImpl@VCOPOSElectronicJournal@@@ATL@@UEAAJPEAUIStorage@@@Z 0000000180002a54 f i ElectronicJournal.obj
 0001:00001a98       ?Load@?$IPersistStorageImpl@VCOPOSElectronicJournal@@@ATL@@UEAAJPEAUIStorage@@@Z 0000000180002a98 f i ElectronicJournal.obj
 0001:00001b38       ?Save@?$IPersistStorageImpl@VCOPOSElectronicJournal@@@ATL@@UEAAJPEAUIStorage@@H@Z 0000000180002b38 f i ElectronicJournal.obj
 0001:00001be8       ?GetPages@?$ISpecifyPropertyPagesImpl@VCOPOSElectronicJournal@@@ATL@@UEAAJPEAUtagCAUUID@@@Z 0000000180002be8 f i ElectronicJournal.obj
 0001:00001bf4       ?QuickActivate@?$IQuickActivateImpl@VCOPOSElectronicJournal@@@ATL@@UEAAJPEAUtagQACONTAINER@@PEAUtagQACONTROL@@@Z 0000000180002bf4 f i ElectronicJournal.obj
 0001:00001c10       ?SetContentExtent@?$IQuickActivateImpl@VCOPOSElectronicJournal@@@ATL@@UEAAJPEAUtagSIZE@@@Z 0000000180002c10 f i ElectronicJournal.obj
 0001:00001c44       ?GetContentExtent@?$IQuickActivateImpl@VCOPOSElectronicJournal@@@ATL@@UEAAJPEAUtagSIZE@@@Z 0000000180002c44 f i ElectronicJournal.obj
 0001:00001c7c       ?GetData@?$IDataObjectImpl@VCOPOSElectronicJournal@@@ATL@@UEAAJPEAUtagFORMATETC@@PEAUtagSTGMEDIUM@@@Z 0000000180002c7c f i ElectronicJournal.obj
 0001:00001c98       ?DAdvise@?$IDataObjectImpl@VCOPOSElectronicJournal@@@ATL@@UEAAJPEAUtagFORMATETC@@KPEAUIAdviseSink@@PEAK@Z 0000000180002c98 f i ElectronicJournal.obj
 0001:00001d20       ?DUnadvise@?$IDataObjectImpl@VCOPOSElectronicJournal@@@ATL@@UEAAJK@Z 0000000180002d20 f i ElectronicJournal.obj
 0001:00001d4c       ?EnumDAdvise@?$IDataObjectImpl@VCOPOSElectronicJournal@@@ATL@@UEAAJPEAPEAUIEnumSTATDATA@@@Z 0000000180002d4c f i ElectronicJournal.obj
 0001:00001d88       ?GetClassInfoW@?$IProvideClassInfo2Impl@$1?CLSID_OPOSElectronicJournal@@3U_GUID@@B$1?DIID__IOPOSElectronicJournalEvents@@3U2@B$1?LIBID_OposElectronicJournal_CCO@@3U2@B$00$0A@VCComTypeInfoHolder@ATL@@@ATL@@UEAAJPEAPEAUITypeInfo@@@Z 0000000180002d88 f i ElectronicJournal.obj
 0001:00001de0       ?GetGUID@?$IProvideClassInfo2Impl@$1?CLSID_OPOSElectronicJournal@@3U_GUID@@B$1?DIID__IOPOSElectronicJournalEvents@@3U2@B$1?LIBID_OposElectronicJournal_CCO@@3U2@B$00$0A@VCComTypeInfoHolder@ATL@@@ATL@@UEAAJKPEAU_GUID@@@Z 0000000180002de0 f i ElectronicJournal.obj
 0001:00001e14       ?FAccessAllowed@?$IObjectSafetyImpl@VCOPOSElectronicJournal@@$02@ATL@@MEAAHXZ 0000000180002e14 f i ElectronicJournal.obj
 0001:00001e14       ?AddRef@CRegObject@ATL@@UEAAKXZ 0000000180002e14 f i ElectronicJournal.obj
 0001:00001e14       _get_startup_argv_mode     0000000180002e14 f i LIBCMT:argv_mode.obj
 0001:00001e1c       ?GetInterfaceSafetyOptions@?$IObjectSafetyImpl@VCOPOSElectronicJournal@@$02@ATL@@UEAAJAEBU_GUID@@PEAK1@Z 0000000180002e1c f i ElectronicJournal.obj
 0001:00001eb0       ?SetInterfaceSafetyOptions@?$IObjectSafetyImpl@VCOPOSElectronicJournal@@$02@ATL@@UEAAJAEBU_GUID@@KK@Z 0000000180002eb0 f i ElectronicJournal.obj
 0001:00001f54       ?_LocCPQueryInterface@?$IConnectionPointImpl@VCOPOSElectronicJournal@@$1?DIID__IOPOSElectronicJournalEvents@@3U_GUID@@BVCComDynamicUnkArray@ATL@@@ATL@@UEAAJAEBU_GUID@@PEAPEAX@Z 0000000180002f54 f i ElectronicJournal.obj
 0001:00001f54       ?_LocCPQueryInterface@?$IConnectionPointImpl@VCOPOSElectronicJournal@@$1?IID_IPropertyNotifySink@@3U_GUID@@BVCComDynamicUnkArray@ATL@@@ATL@@UEAAJAEBU_GUID@@PEAPEAX@Z 0000000180002f54 f i ElectronicJournal.obj
 0001:00001fc8       ?GetConnectionInterface@?$IConnectionPointImpl@VCOPOSElectronicJournal@@$1?IID_IPropertyNotifySink@@3U_GUID@@BVCComDynamicUnkArray@ATL@@@ATL@@UEAAJPEAU_GUID@@@Z 0000000180002fc8 f i ElectronicJournal.obj
 0001:00001fe4       ?GetConnectionPointContainer@?$IConnectionPointImpl@VCOPOSElectronicJournal@@$1?IID_IPropertyNotifySink@@3U_GUID@@BVCComDynamicUnkArray@ATL@@@ATL@@UEAAJPEAPEAUIConnectionPointContainer@@@Z 0000000180002fe4 f i ElectronicJournal.obj
 0001:00002004       ?Advise@?$IConnectionPointImpl@VCOPOSElectronicJournal@@$1?IID_IPropertyNotifySink@@3U_GUID@@BVCComDynamicUnkArray@ATL@@@ATL@@UEAAJPEAUIUnknown@@PEAK@Z 0000000180003004 f i ElectronicJournal.obj
 0001:00002004       ?Advise@?$IConnectionPointImpl@VCOPOSElectronicJournal@@$1?DIID__IOPOSElectronicJournalEvents@@3U_GUID@@BVCComDynamicUnkArray@ATL@@@ATL@@UEAAJPEAUIUnknown@@PEAK@Z 0000000180003004 f i ElectronicJournal.obj
 0001:000020c4       ?Unadvise@?$IConnectionPointImpl@VCOPOSElectronicJournal@@$1?DIID__IOPOSElectronicJournalEvents@@3U_GUID@@BVCComDynamicUnkArray@ATL@@@ATL@@UEAAJK@Z 00000001800030c4 f i ElectronicJournal.obj
 0001:000020c4       ?Unadvise@?$IConnectionPointImpl@VCOPOSElectronicJournal@@$1?IID_IPropertyNotifySink@@3U_GUID@@BVCComDynamicUnkArray@ATL@@@ATL@@UEAAJK@Z 00000001800030c4 f i ElectronicJournal.obj
 0001:00002140       ?EnumConnections@?$IConnectionPointImpl@VCOPOSElectronicJournal@@$1?IID_IPropertyNotifySink@@3U_GUID@@BVCComDynamicUnkArray@ATL@@@ATL@@UEAAJPEAPEAUIEnumConnections@@@Z 0000000180003140 f i ElectronicJournal.obj
 0001:00002140       ?EnumConnections@?$IConnectionPointImpl@VCOPOSElectronicJournal@@$1?DIID__IOPOSElectronicJournalEvents@@3U_GUID@@BVCComDynamicUnkArray@ATL@@@ATL@@UEAAJPEAPEAUIEnumConnections@@@Z 0000000180003140 f i ElectronicJournal.obj
 0001:000022f8       ?GetConnectionInterface@?$IConnectionPointImpl@VCOPOSElectronicJournal@@$1?DIID__IOPOSElectronicJournalEvents@@3U_GUID@@BVCComDynamicUnkArray@ATL@@@ATL@@UEAAJPEAU_GUID@@@Z 00000001800032f8 f i ElectronicJournal.obj
 0001:00002314       ?GetConnectionPointContainer@?$IConnectionPointImpl@VCOPOSElectronicJournal@@$1?DIID__IOPOSElectronicJournalEvents@@3U_GUID@@BVCComDynamicUnkArray@ATL@@@ATL@@UEAAJPEAPEAUIConnectionPointContainer@@@Z 0000000180003314 f i ElectronicJournal.obj
 0001:00002334       ?UpdateRegistry@COPOSElectronicJournal@@SAJH@Z 0000000180003334 f i ElectronicJournal.obj
 0001:0000234c       ?ProcessWindowMessage@COPOSElectronicJournal@@UEAAHPEAUHWND__@@I_K_JAEA_JK@Z 000000018000334c f i ElectronicJournal.obj
 0001:000023d4       ?SOData@COPOSElectronicJournal@@MEAAJJ@Z 00000001800033d4 f i ElectronicJournal.obj
 0001:00002424       ?SODirectIO@COPOSElectronicJournal@@MEAAJJPEAJPEAPEA_W@Z 0000000180003424 f i ElectronicJournal.obj
 0001:0000249c       ?SOError@COPOSElectronicJournal@@MEAAJJJJPEAJ@Z 000000018000349c f i ElectronicJournal.obj
 0001:00002524       ?SOOutputComplete@COPOSElectronicJournal@@MEAAJJ@Z 0000000180003524 f i ElectronicJournal.obj
 0001:00002574       ?SOStatusUpdate@COPOSElectronicJournal@@MEAAJJ@Z 0000000180003574 f i ElectronicJournal.obj
 0001:000025c4       ?Lock@CAtlModule@ATL@@UEAAJXZ 00000001800035c4 f i ElectronicJournal.obj
 0001:000025d4       ?Unlock@CAtlModule@ATL@@UEAAJXZ 00000001800035d4 f i ElectronicJournal.obj
 0001:000025e0       ?GetLockCount@CAtlModule@ATL@@UEAAJXZ 00000001800035e0 f i ElectronicJournal.obj
 0001:000025e4       ?GetGITPtr@CAtlModule@ATL@@UEAAJPEAPEAUIGlobalInterfaceTable@@@Z 00000001800035e4 f i ElectronicJournal.obj
 0001:00002654       ?CreateInstance@?$CComCreator@V?$CComObjectCached@VCComClassFactory@ATL@@@ATL@@@ATL@@SAJPEAXAEBU_GUID@@PEAPEAX@Z 0000000180003654 f i ElectronicJournal.obj
 0001:00002780       ?CreateInstance@?$CComCreator2@V?$CComCreator@V?$CComObject@VCOPOSElectronicJournal@@@ATL@@@ATL@@V?$CComCreator@V?$CComAggObject@VCOPOSElectronicJournal@@@ATL@@@2@@ATL@@SAJPEAXAEBU_GUID@@PEAPEAX@Z 0000000180003780 f i ElectronicJournal.obj
 0001:00002790       ?AddCommonRGSReplacements@?$CAtlModuleT@VCComModule@ATL@@@ATL@@UEAAJPEAUIRegistrarBase@@@Z 0000000180003790 f i ElectronicJournal.obj
 0001:000027a8       ?AddRef@?$CComObjectCached@VCComClassFactory@ATL@@@ATL@@UEAAKXZ 00000001800037a8 f i ElectronicJournal.obj
 0001:000027d4       ?Release@?$CComObjectCached@VCComClassFactory@ATL@@@ATL@@UEAAKXZ 00000001800037d4 f i ElectronicJournal.obj
 0001:00002814       ?QueryInterface@?$CComObjectCached@VCComClassFactory@ATL@@@ATL@@UEAAJAEBU_GUID@@PEAPEAX@Z 0000000180003814 f i ElectronicJournal.obj
 0001:00002828       ??_G?$CComObjectCached@VCComClassFactory@ATL@@@ATL@@UEAAPEAXI@Z 0000000180003828 f i ElectronicJournal.obj
 0001:00002828       ??_E?$CComObjectCached@VCComClassFactory@ATL@@@ATL@@UEAAPEAXI@Z 0000000180003828 f i ElectronicJournal.obj
 0001:00002880       ?UpdateRegistryFromResourceD@CComModule@ATL@@UEAAJIHPEAU_ATL_REGMAP_ENTRY@2@@Z 0000000180003880 f i ElectronicJournal.obj
 0001:00002880       ?UpdateRegistryFromResourceD@CComModule@ATL@@UEAAJPEB_WHPEAU_ATL_REGMAP_ENTRY@2@@Z 0000000180003880 f i ElectronicJournal.obj
 0001:00002888       ?UpdateRegistryFromResource@CComModule@ATL@@UEAAJPEB_WHPEAU_ATL_REGMAP_ENTRY@2@@Z 0000000180003888 f i ElectronicJournal.obj
 0001:00002890       ?UpdateRegistryFromResource@CComModule@ATL@@UEAAJIHPEAU_ATL_REGMAP_ENTRY@2@@Z 0000000180003890 f i ElectronicJournal.obj
 0001:00002898       ??_GCComModule@ATL@@UEAAPEAXI@Z 0000000180003898 f i ElectronicJournal.obj
 0001:00002898       ??_ECComModule@ATL@@UEAAPEAXI@Z 0000000180003898 f i ElectronicJournal.obj
 0001:000028d8       ?Next@?$CComEnumImpl@UIEnumConnectionPoints@@$1?_GUID_b196b285_bab4_101a_b69c_00aa00341d07@@3U__s_GUID@@BPEAUIConnectionPoint@@V?$_CopyInterface@UIConnectionPoint@@@ATL@@@ATL@@UEAAJKPEAPEAUIConnectionPoint@@PEAK@Z 00000001800038d8 f i ElectronicJournal.obj
 0001:000029a4       ?Skip@?$CComEnumImpl@UIEnumConnectionPoints@@$1?_GUID_b196b285_bab4_101a_b69c_00aa00341d07@@3U__s_GUID@@BPEAUIConnectionPoint@@V?$_CopyInterface@UIConnectionPoint@@@ATL@@@ATL@@UEAAJK@Z 00000001800039a4 f i ElectronicJournal.obj
 0001:000029d0       ?Reset@?$CComEnumImpl@UIEnumConnections@@$1?_GUID_b196b287_bab4_101a_b69c_00aa00341d07@@3U__s_GUID@@BUtagCONNECTDATA@@V?$_Copy@UtagCONNECTDATA@@@ATL@@@ATL@@UEAAJXZ 00000001800039d0 f i ElectronicJournal.obj
 0001:000029d0       ?Reset@?$CComEnumImpl@UIEnumConnectionPoints@@$1?_GUID_b196b285_bab4_101a_b69c_00aa00341d07@@3U__s_GUID@@BPEAUIConnectionPoint@@V?$_CopyInterface@UIConnectionPoint@@@ATL@@@ATL@@UEAAJXZ 00000001800039d0 f i ElectronicJournal.obj
 0001:000029dc       ?Clone@?$CComEnumImpl@UIEnumConnectionPoints@@$1?_GUID_b196b285_bab4_101a_b69c_00aa00341d07@@3U__s_GUID@@BPEAUIConnectionPoint@@V?$_CopyInterface@UIConnectionPoint@@@ATL@@@ATL@@UEAAJPEAPEAUIEnumConnectionPoints@@@Z 00000001800039dc f i ElectronicJournal.obj
 0001:00002b08       ?AddRef@?$CComObject@V?$CComEnum@UIEnumConnectionPoints@@$1?_GUID_b196b285_bab4_101a_b69c_00aa00341d07@@3U__s_GUID@@BPEAUIConnectionPoint@@V?$_CopyInterface@UIConnectionPoint@@@ATL@@VCComSingleThreadModel@6@@ATL@@@ATL@@UEAAKXZ 0000000180003b08 f i ElectronicJournal.obj
 0001:00002b08       ?AddRef@?$CComObject@V?$CComEnum@UIEnumConnections@@$1?_GUID_b196b287_bab4_101a_b69c_00aa00341d07@@3U__s_GUID@@BUtagCONNECTDATA@@V?$_Copy@UtagCONNECTDATA@@@ATL@@VCComSingleThreadModel@6@@ATL@@@ATL@@UEAAKXZ 0000000180003b08 f i ElectronicJournal.obj
 0001:00002b14       ?Release@?$CComObject@V?$CComEnum@UIEnumConnections@@$1?_GUID_b196b287_bab4_101a_b69c_00aa00341d07@@3U__s_GUID@@BUtagCONNECTDATA@@V?$_Copy@UtagCONNECTDATA@@@ATL@@VCComSingleThreadModel@6@@ATL@@@ATL@@UEAAKXZ 0000000180003b14 f i ElectronicJournal.obj
 0001:00002b14       ?Release@?$CComObject@V?$CComEnum@UIEnumConnectionPoints@@$1?_GUID_b196b285_bab4_101a_b69c_00aa00341d07@@3U__s_GUID@@BPEAUIConnectionPoint@@V?$_CopyInterface@UIConnectionPoint@@@ATL@@VCComSingleThreadModel@6@@ATL@@@ATL@@UEAAKXZ 0000000180003b14 f i ElectronicJournal.obj
 0001:00002b68       ?QueryInterface@?$CComObject@V?$CComEnum@UIEnumConnectionPoints@@$1?_GUID_b196b285_bab4_101a_b69c_00aa00341d07@@3U__s_GUID@@BPEAUIConnectionPoint@@V?$_CopyInterface@UIConnectionPoint@@@ATL@@VCComSingleThreadModel@6@@ATL@@@ATL@@UEAAJAEBU_GUID@@PEAPEAX@Z 0000000180003b68 f i ElectronicJournal.obj
 0001:00002b7c       ??_E?$CComObject@V?$CComEnum@UIEnumConnectionPoints@@$1?_GUID_b196b285_bab4_101a_b69c_00aa00341d07@@3U__s_GUID@@BPEAUIConnectionPoint@@V?$_CopyInterface@UIConnectionPoint@@@ATL@@VCComSingleThreadModel@6@@ATL@@@ATL@@UEAAPEAXI@Z 0000000180003b7c f i ElectronicJournal.obj
 0001:00002b7c       ??_G?$CComObject@V?$CComEnum@UIEnumConnectionPoints@@$1?_GUID_b196b285_bab4_101a_b69c_00aa00341d07@@3U__s_GUID@@BPEAUIConnectionPoint@@V?$_CopyInterface@UIConnectionPoint@@@ATL@@VCComSingleThreadModel@6@@ATL@@@ATL@@UEAAPEAXI@Z 0000000180003b7c f i ElectronicJournal.obj
 0001:00002bd4       ?AddReplacement@CRegObject@ATL@@UEAAJPEB_W0@Z 0000000180003bd4 f i ElectronicJournal.obj
 0001:00002c04       ?ClearReplacements@CRegObject@ATL@@UEAAJXZ 0000000180003c04 f i ElectronicJournal.obj
 0001:00002c10       ??_ECRegObject@ATL@@UEAAPEAXI@Z 0000000180003c10 f i ElectronicJournal.obj
 0001:00002c10       ??_GCRegObject@ATL@@UEAAPEAXI@Z 0000000180003c10 f i ElectronicJournal.obj
 0001:00002c90       ?AddRef@?$CComAggObject@VCOPOSElectronicJournal@@@ATL@@UEAAKXZ 0000000180003c90 f i ElectronicJournal.obj
 0001:00002c9c       ?Release@?$CComAggObject@VCOPOSElectronicJournal@@@ATL@@UEAAKXZ 0000000180003c9c f i ElectronicJournal.obj
 0001:00002cf0       ?QueryInterface@?$CComAggObject@VCOPOSElectronicJournal@@@ATL@@UEAAJAEBU_GUID@@PEAPEAX@Z 0000000180003cf0 f i ElectronicJournal.obj
 0001:00002d50       ?AddRef@?$CComContainedObject@VCOPOSElectronicJournal@@@ATL@@UEAAKXZ 0000000180003d50 f i ElectronicJournal.obj
 0001:00002d60       ?Release@?$CComContainedObject@VCOPOSElectronicJournal@@@ATL@@UEAAKXZ 0000000180003d60 f i ElectronicJournal.obj
 0001:00002d70       ?QueryInterface@?$CComContainedObject@VCOPOSElectronicJournal@@@ATL@@UEAAJAEBU_GUID@@PEAPEAX@Z 0000000180003d70 f i ElectronicJournal.obj
 0001:00002d80       ??_G?$CComAggObject@VCOPOSElectronicJournal@@@ATL@@UEAAPEAXI@Z 0000000180003d80 f i ElectronicJournal.obj
 0001:00002d80       ??_E?$CComAggObject@VCOPOSElectronicJournal@@@ATL@@UEAAPEAXI@Z 0000000180003d80 f i ElectronicJournal.obj
 0001:00002dd8       ?AddRef@?$CComObject@VCOPOSElectronicJournal@@@ATL@@UEAAKXZ 0000000180003dd8 f i ElectronicJournal.obj
 0001:00002de8       ?Release@?$CComObject@VCOPOSElectronicJournal@@@ATL@@UEAAKXZ 0000000180003de8 f i ElectronicJournal.obj
 0001:00002e40       ?QueryInterface@?$CComObject@VCOPOSElectronicJournal@@@ATL@@UEAAJAEBU_GUID@@PEAPEAX@Z 0000000180003e40 f i ElectronicJournal.obj
 0001:00002e54       ?OnDrawAdvanced@CComControlBase@ATL@@UEAAJAEAUATL_DRAWINFO@@@Z 0000000180003e54 f i ElectronicJournal.obj
 0001:00002fe0       ?Next@?$CComEnumImpl@UIEnumConnections@@$1?_GUID_b196b287_bab4_101a_b69c_00aa00341d07@@3U__s_GUID@@BUtagCONNECTDATA@@V?$_Copy@UtagCONNECTDATA@@@ATL@@@ATL@@UEAAJKPEAUtagCONNECTDATA@@PEAK@Z 0000000180003fe0 f i ElectronicJournal.obj
 0001:000030b4       ?Skip@?$CComEnumImpl@UIEnumConnections@@$1?_GUID_b196b287_bab4_101a_b69c_00aa00341d07@@3U__s_GUID@@BUtagCONNECTDATA@@V?$_Copy@UtagCONNECTDATA@@@ATL@@@ATL@@UEAAJK@Z 00000001800040b4 f i ElectronicJournal.obj
 0001:000030e0       ?Clone@?$CComEnumImpl@UIEnumConnections@@$1?_GUID_b196b287_bab4_101a_b69c_00aa00341d07@@3U__s_GUID@@BUtagCONNECTDATA@@V?$_Copy@UtagCONNECTDATA@@@ATL@@@ATL@@UEAAJPEAPEAUIEnumConnections@@@Z 00000001800040e0 f i ElectronicJournal.obj
 0001:0000320c       ?QueryInterface@?$CComObject@V?$CComEnum@UIEnumConnections@@$1?_GUID_b196b287_bab4_101a_b69c_00aa00341d07@@3U__s_GUID@@BUtagCONNECTDATA@@V?$_Copy@UtagCONNECTDATA@@@ATL@@VCComSingleThreadModel@6@@ATL@@@ATL@@UEAAJAEBU_GUID@@PEAPEAX@Z 000000018000420c f i ElectronicJournal.obj
 0001:00003220       ??_G?$CComObject@V?$CComEnum@UIEnumConnections@@$1?_GUID_b196b287_bab4_101a_b69c_00aa00341d07@@3U__s_GUID@@BUtagCONNECTDATA@@V?$_Copy@UtagCONNECTDATA@@@ATL@@VCComSingleThreadModel@6@@ATL@@@ATL@@UEAAPEAXI@Z 0000000180004220 f i ElectronicJournal.obj
 0001:00003220       ??_E?$CComObject@V?$CComEnum@UIEnumConnections@@$1?_GUID_b196b287_bab4_101a_b69c_00aa00341d07@@3U__s_GUID@@BUtagCONNECTDATA@@V?$_Copy@UtagCONNECTDATA@@@ATL@@VCComSingleThreadModel@6@@ATL@@@ATL@@UEAAPEAXI@Z 0000000180004220 f i ElectronicJournal.obj
 0001:00003278       ??_E?$CComObject@VCOPOSElectronicJournal@@@ATL@@W7EAAPEAXI@Z 0000000180004278 f i ElectronicJournal.obj
 0001:00003284       ??_E?$CComObject@VCOPOSElectronicJournal@@@ATL@@WHA@EAAPEAXI@Z 0000000180004284 f i ElectronicJournal.obj
 0001:00003290       ?QueryInterface@?$CComObject@VCOPOSElectronicJournal@@@ATL@@WLI@EAAJAEBU_GUID@@PEAPEAX@Z 0000000180004290 f i ElectronicJournal.obj
 0001:0000329c       ?AddRef@?$CComObject@VCOPOSElectronicJournal@@@ATL@@WLI@EAAKXZ 000000018000429c f i ElectronicJournal.obj
 0001:000032a8       ?Release@?$CComObject@VCOPOSElectronicJournal@@@ATL@@WLI@EAAKXZ 00000001800042a8 f i ElectronicJournal.obj
 0001:000032b4       ?QueryInterface@?$CComObject@VCOPOSElectronicJournal@@@ATL@@WMA@EAAJAEBU_GUID@@PEAPEAX@Z 00000001800042b4 f i ElectronicJournal.obj
 0001:000032c0       ?AddRef@?$CComObject@VCOPOSElectronicJournal@@@ATL@@WMA@EAAKXZ 00000001800042c0 f i ElectronicJournal.obj
 0001:000032cc       ?Release@?$CComObject@VCOPOSElectronicJournal@@@ATL@@WMA@EAAKXZ 00000001800042cc f i ElectronicJournal.obj
 0001:000032d8       ?QueryInterface@?$CComObject@VCOPOSElectronicJournal@@@ATL@@WMI@EAAJAEBU_GUID@@PEAPEAX@Z 00000001800042d8 f i ElectronicJournal.obj
 0001:000032e4       ?AddRef@?$CComObject@VCOPOSElectronicJournal@@@ATL@@WMI@EAAKXZ 00000001800042e4 f i ElectronicJournal.obj
 0001:000032f0       ?Release@?$CComObject@VCOPOSElectronicJournal@@@ATL@@WMI@EAAKXZ 00000001800042f0 f i ElectronicJournal.obj
 0001:000032fc       ?QueryInterface@?$CComObject@VCOPOSElectronicJournal@@@ATL@@WNA@EAAJAEBU_GUID@@PEAPEAX@Z 00000001800042fc f i ElectronicJournal.obj
 0001:00003308       ?AddRef@?$CComObject@VCOPOSElectronicJournal@@@ATL@@WNA@EAAKXZ 0000000180004308 f i ElectronicJournal.obj
 0001:00003314       ?Release@?$CComObject@VCOPOSElectronicJournal@@@ATL@@WNA@EAAKXZ 0000000180004314 f i ElectronicJournal.obj
 0001:00003320       ?QueryInterface@?$CComObject@VCOPOSElectronicJournal@@@ATL@@WNI@EAAJAEBU_GUID@@PEAPEAX@Z 0000000180004320 f i ElectronicJournal.obj
 0001:0000332c       ?AddRef@?$CComObject@VCOPOSElectronicJournal@@@ATL@@WNI@EAAKXZ 000000018000432c f i ElectronicJournal.obj
 0001:00003338       ?Release@?$CComObject@VCOPOSElectronicJournal@@@ATL@@WNI@EAAKXZ 0000000180004338 f i ElectronicJournal.obj
 0001:00003344       ?QueryInterface@?$CComObject@VCOPOSElectronicJournal@@@ATL@@WOA@EAAJAEBU_GUID@@PEAPEAX@Z 0000000180004344 f i ElectronicJournal.obj
 0001:00003350       ?AddRef@?$CComObject@VCOPOSElectronicJournal@@@ATL@@WOA@EAAKXZ 0000000180004350 f i ElectronicJournal.obj
 0001:0000335c       ?Release@?$CComObject@VCOPOSElectronicJournal@@@ATL@@WOA@EAAKXZ 000000018000435c f i ElectronicJournal.obj
 0001:00003368       ?QueryInterface@?$CComObject@VCOPOSElectronicJournal@@@ATL@@WOI@EAAJAEBU_GUID@@PEAPEAX@Z 0000000180004368 f i ElectronicJournal.obj
 0001:00003374       ?AddRef@?$CComObject@VCOPOSElectronicJournal@@@ATL@@WOI@EAAKXZ 0000000180004374 f i ElectronicJournal.obj
 0001:00003380       ?Release@?$CComObject@VCOPOSElectronicJournal@@@ATL@@WOI@EAAKXZ 0000000180004380 f i ElectronicJournal.obj
 0001:0000338c       ?QueryInterface@?$CComObject@VCOPOSElectronicJournal@@@ATL@@WPA@EAAJAEBU_GUID@@PEAPEAX@Z 000000018000438c f i ElectronicJournal.obj
 0001:00003398       ?AddRef@?$CComObject@VCOPOSElectronicJournal@@@ATL@@WPA@EAAKXZ 0000000180004398 f i ElectronicJournal.obj
 0001:000033a4       ?Release@?$CComObject@VCOPOSElectronicJournal@@@ATL@@WPA@EAAKXZ 00000001800043a4 f i ElectronicJournal.obj
 0001:000033b0       ?QueryInterface@?$CComObject@VCOPOSElectronicJournal@@@ATL@@WPI@EAAJAEBU_GUID@@PEAPEAX@Z 00000001800043b0 f i ElectronicJournal.obj
 0001:000033bc       ?AddRef@?$CComObject@VCOPOSElectronicJournal@@@ATL@@WPI@EAAKXZ 00000001800043bc f i ElectronicJournal.obj
 0001:000033c8       ?Release@?$CComObject@VCOPOSElectronicJournal@@@ATL@@WPI@EAAKXZ 00000001800043c8 f i ElectronicJournal.obj
 0001:000033d4       ?QueryInterface@?$CComObject@VCOPOSElectronicJournal@@@ATL@@WBAA@EAAJAEBU_GUID@@PEAPEAX@Z 00000001800043d4 f i ElectronicJournal.obj
 0001:000033e0       ?AddRef@?$CComObject@VCOPOSElectronicJournal@@@ATL@@WBAA@EAAKXZ 00000001800043e0 f i ElectronicJournal.obj
 0001:000033ec       ?Release@?$CComObject@VCOPOSElectronicJournal@@@ATL@@WBAA@EAAKXZ 00000001800043ec f i ElectronicJournal.obj
 0001:000033f8       ?QueryInterface@?$CComObject@VCOPOSElectronicJournal@@@ATL@@WBAI@EAAJAEBU_GUID@@PEAPEAX@Z 00000001800043f8 f i ElectronicJournal.obj
 0001:00003404       ?AddRef@?$CComObject@VCOPOSElectronicJournal@@@ATL@@WBAI@EAAKXZ 0000000180004404 f i ElectronicJournal.obj
 0001:00003410       ?Release@?$CComObject@VCOPOSElectronicJournal@@@ATL@@WBAI@EAAKXZ 0000000180004410 f i ElectronicJournal.obj
 0001:0000341c       ?QueryInterface@?$CComObject@VCOPOSElectronicJournal@@@ATL@@WBBA@EAAJAEBU_GUID@@PEAPEAX@Z 000000018000441c f i ElectronicJournal.obj
 0001:00003428       ?AddRef@?$CComObject@VCOPOSElectronicJournal@@@ATL@@WBBA@EAAKXZ 0000000180004428 f i ElectronicJournal.obj
 0001:00003434       ?Release@?$CComObject@VCOPOSElectronicJournal@@@ATL@@WBBA@EAAKXZ 0000000180004434 f i ElectronicJournal.obj
 0001:00003440       ?QueryInterface@?$CComObject@VCOPOSElectronicJournal@@@ATL@@WBBI@EAAJAEBU_GUID@@PEAPEAX@Z 0000000180004440 f i ElectronicJournal.obj
 0001:0000344c       ?AddRef@?$CComObject@VCOPOSElectronicJournal@@@ATL@@WBBI@EAAKXZ 000000018000444c f i ElectronicJournal.obj
 0001:00003458       ?Release@?$CComObject@VCOPOSElectronicJournal@@@ATL@@WBBI@EAAKXZ 0000000180004458 f i ElectronicJournal.obj
 0001:00003464       ?AddRef@?$CComObject@VCOPOSElectronicJournal@@@ATL@@WBCI@EAAKXZ 0000000180004464 f i ElectronicJournal.obj
 0001:00003470       ?Release@?$CComObject@VCOPOSElectronicJournal@@@ATL@@WBCI@EAAKXZ 0000000180004470 f i ElectronicJournal.obj
 0001:0000347c       ?AddRef@?$CComObject@VCOPOSElectronicJournal@@@ATL@@WBEA@EAAKXZ 000000018000447c f i ElectronicJournal.obj
 0001:00003488       ?Release@?$CComObject@VCOPOSElectronicJournal@@@ATL@@WBEA@EAAKXZ 0000000180004488 f i ElectronicJournal.obj
 0001:00003494       ??_E?$CComContainedObject@VCOPOSElectronicJournal@@@ATL@@W7EAAPEAXI@Z 0000000180004494 f i ElectronicJournal.obj
 0001:000034a0       ??_E?$CComContainedObject@VCOPOSElectronicJournal@@@ATL@@WHA@EAAPEAXI@Z 00000001800044a0 f i ElectronicJournal.obj
 0001:000034ac       ?QueryInterface@?$CComContainedObject@VCOPOSElectronicJournal@@@ATL@@WLI@EAAJAEBU_GUID@@PEAPEAX@Z 00000001800044ac f i ElectronicJournal.obj
 0001:000034b8       ?AddRef@?$CComContainedObject@VCOPOSElectronicJournal@@@ATL@@WLI@EAAKXZ 00000001800044b8 f i ElectronicJournal.obj
 0001:000034c4       ?Release@?$CComContainedObject@VCOPOSElectronicJournal@@@ATL@@WLI@EAAKXZ 00000001800044c4 f i ElectronicJournal.obj
 0001:000034d0       ?QueryInterface@?$CComContainedObject@VCOPOSElectronicJournal@@@ATL@@WMA@EAAJAEBU_GUID@@PEAPEAX@Z 00000001800044d0 f i ElectronicJournal.obj
 0001:000034dc       ?AddRef@?$CComContainedObject@VCOPOSElectronicJournal@@@ATL@@WMA@EAAKXZ 00000001800044dc f i ElectronicJournal.obj
 0001:000034e8       ?Release@?$CComContainedObject@VCOPOSElectronicJournal@@@ATL@@WMA@EAAKXZ 00000001800044e8 f i ElectronicJournal.obj
 0001:000034f4       ?QueryInterface@?$CComContainedObject@VCOPOSElectronicJournal@@@ATL@@WMI@EAAJAEBU_GUID@@PEAPEAX@Z 00000001800044f4 f i ElectronicJournal.obj
 0001:00003500       ?AddRef@?$CComContainedObject@VCOPOSElectronicJournal@@@ATL@@WMI@EAAKXZ 0000000180004500 f i ElectronicJournal.obj
 0001:0000350c       ?Release@?$CComContainedObject@VCOPOSElectronicJournal@@@ATL@@WMI@EAAKXZ 000000018000450c f i ElectronicJournal.obj
 0001:00003518       ?QueryInterface@?$CComContainedObject@VCOPOSElectronicJournal@@@ATL@@WNA@EAAJAEBU_GUID@@PEAPEAX@Z 0000000180004518 f i ElectronicJournal.obj
 0001:00003524       ?AddRef@?$CComContainedObject@VCOPOSElectronicJournal@@@ATL@@WNA@EAAKXZ 0000000180004524 f i ElectronicJournal.obj
 0001:00003530       ?Release@?$CComContainedObject@VCOPOSElectronicJournal@@@ATL@@WNA@EAAKXZ 0000000180004530 f i ElectronicJournal.obj
 0001:0000353c       ?QueryInterface@?$CComContainedObject@VCOPOSElectronicJournal@@@ATL@@WNI@EAAJAEBU_GUID@@PEAPEAX@Z 000000018000453c f i ElectronicJournal.obj
 0001:00003548       ?AddRef@?$CComContainedObject@VCOPOSElectronicJournal@@@ATL@@WNI@EAAKXZ 0000000180004548 f i ElectronicJournal.obj
 0001:00003554       ?Release@?$CComContainedObject@VCOPOSElectronicJournal@@@ATL@@WNI@EAAKXZ 0000000180004554 f i ElectronicJournal.obj
 0001:00003560       ?QueryInterface@?$CComContainedObject@VCOPOSElectronicJournal@@@ATL@@WOA@EAAJAEBU_GUID@@PEAPEAX@Z 0000000180004560 f i ElectronicJournal.obj
 0001:0000356c       ?AddRef@?$CComContainedObject@VCOPOSElectronicJournal@@@ATL@@WOA@EAAKXZ 000000018000456c f i ElectronicJournal.obj
 0001:00003578       ?Release@?$CComContainedObject@VCOPOSElectronicJournal@@@ATL@@WOA@EAAKXZ 0000000180004578 f i ElectronicJournal.obj
 0001:00003584       ?QueryInterface@?$CComContainedObject@VCOPOSElectronicJournal@@@ATL@@WOI@EAAJAEBU_GUID@@PEAPEAX@Z 0000000180004584 f i ElectronicJournal.obj
 0001:00003590       ?AddRef@?$CComContainedObject@VCOPOSElectronicJournal@@@ATL@@WOI@EAAKXZ 0000000180004590 f i ElectronicJournal.obj
 0001:0000359c       ?Release@?$CComContainedObject@VCOPOSElectronicJournal@@@ATL@@WOI@EAAKXZ 000000018000459c f i ElectronicJournal.obj
 0001:000035a8       ?QueryInterface@?$CComContainedObject@VCOPOSElectronicJournal@@@ATL@@WPA@EAAJAEBU_GUID@@PEAPEAX@Z 00000001800045a8 f i ElectronicJournal.obj
 0001:000035b4       ?AddRef@?$CComContainedObject@VCOPOSElectronicJournal@@@ATL@@WPA@EAAKXZ 00000001800045b4 f i ElectronicJournal.obj
 0001:000035c0       ?Release@?$CComContainedObject@VCOPOSElectronicJournal@@@ATL@@WPA@EAAKXZ 00000001800045c0 f i ElectronicJournal.obj
 0001:000035cc       ?QueryInterface@?$CComContainedObject@VCOPOSElectronicJournal@@@ATL@@WPI@EAAJAEBU_GUID@@PEAPEAX@Z 00000001800045cc f i ElectronicJournal.obj
 0001:000035d8       ?AddRef@?$CComContainedObject@VCOPOSElectronicJournal@@@ATL@@WPI@EAAKXZ 00000001800045d8 f i ElectronicJournal.obj
 0001:000035e4       ?Release@?$CComContainedObject@VCOPOSElectronicJournal@@@ATL@@WPI@EAAKXZ 00000001800045e4 f i ElectronicJournal.obj
 0001:000035f0       ?QueryInterface@?$CComContainedObject@VCOPOSElectronicJournal@@@ATL@@WBAA@EAAJAEBU_GUID@@PEAPEAX@Z 00000001800045f0 f i ElectronicJournal.obj
 0001:000035fc       ?AddRef@?$CComContainedObject@VCOPOSElectronicJournal@@@ATL@@WBAA@EAAKXZ 00000001800045fc f i ElectronicJournal.obj
 0001:00003608       ?Release@?$CComContainedObject@VCOPOSElectronicJournal@@@ATL@@WBAA@EAAKXZ 0000000180004608 f i ElectronicJournal.obj
 0001:00003614       ?QueryInterface@?$CComContainedObject@VCOPOSElectronicJournal@@@ATL@@WBAI@EAAJAEBU_GUID@@PEAPEAX@Z 0000000180004614 f i ElectronicJournal.obj
 0001:00003620       ?AddRef@?$CComContainedObject@VCOPOSElectronicJournal@@@ATL@@WBAI@EAAKXZ 0000000180004620 f i ElectronicJournal.obj
 0001:0000362c       ?Release@?$CComContainedObject@VCOPOSElectronicJournal@@@ATL@@WBAI@EAAKXZ 000000018000462c f i ElectronicJournal.obj
 0001:00003638       ?QueryInterface@?$CComContainedObject@VCOPOSElectronicJournal@@@ATL@@WBBA@EAAJAEBU_GUID@@PEAPEAX@Z 0000000180004638 f i ElectronicJournal.obj
 0001:00003644       ?AddRef@?$CComContainedObject@VCOPOSElectronicJournal@@@ATL@@WBBA@EAAKXZ 0000000180004644 f i ElectronicJournal.obj
 0001:00003650       ?Release@?$CComContainedObject@VCOPOSElectronicJournal@@@ATL@@WBBA@EAAKXZ 0000000180004650 f i ElectronicJournal.obj
 0001:0000365c       ?QueryInterface@?$CComContainedObject@VCOPOSElectronicJournal@@@ATL@@WBBI@EAAJAEBU_GUID@@PEAPEAX@Z 000000018000465c f i ElectronicJournal.obj
 0001:00003668       ?AddRef@?$CComContainedObject@VCOPOSElectronicJournal@@@ATL@@WBBI@EAAKXZ 0000000180004668 f i ElectronicJournal.obj
 0001:00003674       ?Release@?$CComContainedObject@VCOPOSElectronicJournal@@@ATL@@WBBI@EAAKXZ 0000000180004674 f i ElectronicJournal.obj
 0001:00003680       ?AddRef@?$CComContainedObject@VCOPOSElectronicJournal@@@ATL@@WBCI@EAAKXZ 0000000180004680 f i ElectronicJournal.obj
 0001:0000368c       ?Release@?$CComContainedObject@VCOPOSElectronicJournal@@@ATL@@WBCI@EAAKXZ 000000018000468c f i ElectronicJournal.obj
 0001:00003698       ?AddRef@?$CComContainedObject@VCOPOSElectronicJournal@@@ATL@@WBEA@EAAKXZ 0000000180004698 f i ElectronicJournal.obj
 0001:000036a4       ?Release@?$CComContainedObject@VCOPOSElectronicJournal@@@ATL@@WBEA@EAAKXZ 00000001800046a4 f i ElectronicJournal.obj
 0001:000036b0       ?CreateInstance@CComClassFactory@ATL@@UEAAJPEAUIUnknown@@AEBU_GUID@@PEAPEAX@Z 00000001800046b0 f i ElectronicJournal.obj
 0001:00003710       ?LockServer@CComClassFactory@ATL@@UEAAJH@Z 0000000180004710 f i ElectronicJournal.obj
 0001:00003734       ??_GCComClassFactory@ATL@@UEAAPEAXI@Z 0000000180004734 f i ElectronicJournal.obj
 0001:00003734       ??_ECComClassFactory@ATL@@UEAAPEAXI@Z 0000000180004734 f i ElectronicJournal.obj
 0001:00003784       ??$AtlModuleRegisterWndClassInfoT@VAtlModuleRegisterWndClassInfoParamW@ATL@@@ATL@@YAGPEAU_ATL_BASE_MODULE70@0@PEAU_ATL_WIN_MODULE70@0@PEAU_ATL_WNDCLASSINFOW@0@PEAP6A_JPEAUHWND__@@I_K_J@ZVAtlModuleRegisterWndClassInfoParamW@0@@Z 0000000180004784 f i ElectronicJournal.obj
 0001:00003984       ??0?$CComContainedObject@VCOPOSElectronicJournal@@@ATL@@QEAA@PEAX@Z 0000000180004984 f i ElectronicJournal.obj
 0001:00003aa0       ??0?$CComObject@VCOPOSElectronicJournal@@@ATL@@QEAA@PEAX@Z 0000000180004aa0 f i ElectronicJournal.obj
 0001:00003bb8       ??0CAtlModule@ATL@@QEAA@XZ 0000000180004bb8 f i ElectronicJournal.obj
 0001:00003c2c       ??1?$CComEnumImpl@UIEnumConnectionPoints@@$1?_GUID_b196b285_bab4_101a_b69c_00aa00341d07@@3U__s_GUID@@BPEAUIConnectionPoint@@V?$_CopyInterface@UIConnectionPoint@@@ATL@@@ATL@@UEAA@XZ 0000000180004c2c f i ElectronicJournal.obj
 0001:00003c88       ??1?$CComEnumImpl@UIEnumConnections@@$1?_GUID_b196b287_bab4_101a_b69c_00aa00341d07@@3U__s_GUID@@BUtagCONNECTDATA@@V?$_Copy@UtagCONNECTDATA@@@ATL@@@ATL@@UEAA@XZ 0000000180004c88 f i ElectronicJournal.obj
 0001:00003ce4       ??1?$CComObject@VCOPOSElectronicJournal@@@ATL@@UEAA@XZ 0000000180004ce4 f i ElectronicJournal.obj
 0001:00003e04       ??_E?$CComContainedObject@VCOPOSElectronicJournal@@@ATL@@UEAAPEAXI@Z 0000000180004e04 f i ElectronicJournal.obj
 0001:00003e04       ??_G?$CComContainedObject@VCOPOSElectronicJournal@@@ATL@@UEAAPEAXI@Z 0000000180004e04 f i ElectronicJournal.obj
 0001:00003e38       ??_G?$CComObject@VCOPOSElectronicJournal@@@ATL@@UEAAPEAXI@Z 0000000180004e38 f i ElectronicJournal.obj
 0001:00003e38       ??_E?$CComObject@VCOPOSElectronicJournal@@@ATL@@UEAAPEAXI@Z 0000000180004e38 f i ElectronicJournal.obj
 0001:00003e6c       ?Add@?$CSimpleArray@GV?$CSimpleArrayEqualHelper@G@ATL@@@ATL@@QEAAHAEBG@Z 0000000180004e6c f i ElectronicJournal.obj
 0001:00003f20       ?Add@?$CSimpleMap@PEA_WPEA_WVCExpansionVectorEqualHelper@ATL@@@ATL@@QEAAHAEBQEA_W0@Z 0000000180004f20 f i ElectronicJournal.obj
 0001:00003fc0       ?Add@CComDynamicUnkArray@ATL@@QEAAKPEAUIUnknown@@@Z 0000000180004fc0 f i ElectronicJournal.obj
 0001:000040a8       ?Add@CExpansionVector@ATL@@QEAAHPEB_W0@Z 00000001800050a8 f i ElectronicJournal.obj
 0001:000041dc       ?AddTermFunc@CAtlModule@ATL@@QEAAJP6AX_K@Z0@Z 00000001800051dc f i ElectronicJournal.obj
 0001:00004278       ?AddValue@CRegParser@ATL@@IEAAJAEAVCRegKey@2@PEB_WPEA_W@Z 0000000180005278 f i ElectronicJournal.obj
 0001:000046c0       ?AllocateHeap@?$CTempBuffer@_W$0BAA@VCCRTAllocator@ATL@@@ATL@@AEAAX_K@Z 00000001800056c0 f i ElectronicJournal.obj
 0001:000046c0       ?AllocateHeap@?$CTempBuffer@_W$0EAA@VCCRTAllocator@ATL@@@ATL@@AEAAX_K@Z 00000001800056c0 f i ElectronicJournal.obj
 0001:000046c0       ?AllocateHeap@?$CTempBuffer@E$0BAA@VCCRTAllocator@ATL@@@ATL@@AEAAX_K@Z 00000001800056c0 f i ElectronicJournal.obj
 0001:000046ec       ?Append@CParseBuffer@CRegParser@ATL@@QEAAHPEB_WH@Z 00000001800056ec f i ElectronicJournal.obj
 0001:00004834       ?AtlComModuleGetClassObject@ATL@@YAJPEAU_ATL_COM_MODULE70@1@AEBU_GUID@@1PEAPEAX@Z 0000000180005834 f i ElectronicJournal.obj
 0001:00004974       ?AtlComModuleRegisterServer@ATL@@YAJPEAU_ATL_COM_MODULE70@1@HPEBU_GUID@@@Z 0000000180005974 f i ElectronicJournal.obj
 0001:00004a34       ?AtlComModuleUnregisterServer@ATL@@YAJPEAU_ATL_COM_MODULE70@1@HPEBU_GUID@@@Z 0000000180005a34 f i ElectronicJournal.obj
 0001:00004af0       ?AtlHiMetricToPixel@ATL@@YAXPEBUtagSIZE@@PEAU2@@Z 0000000180005af0 f i ElectronicJournal.obj
 0001:00004ba0       ?AtlHresultFromLastError@ATL@@YAJXZ 0000000180005ba0 f i ElectronicJournal.obj
 0001:00004bc0       ?AtlHresultFromWin32@ATL@@YAJK@Z 0000000180005bc0 f i ElectronicJournal.obj
 0001:00004bd0       ?AtlInternalOleLoadFromStream@ATL@@YAJPEAUIStream@@AEBU_GUID@@PEAPEAXTClassesAllowedInStream@1@K@Z 0000000180005bd0 f i ElectronicJournal.obj
 0001:00004d14       ?AtlInternalQueryInterface@ATL@@YAJPEAXPEBU_ATL_INTMAP_ENTRY@1@AEBU_GUID@@PEAPEAX@Z 0000000180005d14 f i ElectronicJournal.obj
 0001:00004e1c       ?AtlLoadTypeLib@ATL@@YAJPEAUHINSTANCE__@@PEB_WPEAPEA_WPEAPEAUITypeLib@@@Z 0000000180005e1c f i ElectronicJournal.obj
 0001:00005078       ?AtlRegisterClassCategoriesHelper@ATL@@YAJAEBU_GUID@@PEBU_ATL_CATMAP_ENTRY@1@H@Z 0000000180006078 f i ElectronicJournal.obj
 0001:000054fc       ?AtlRegisterTypeLib@ATL@@YAJPEAUHINSTANCE__@@PEB_W@Z 00000001800064fc f i ElectronicJournal.obj
 0001:000056f8       ?AtlThrowImpl@ATL@@YAXJ@Z  00000001800066f8 f i ElectronicJournal.obj
 0001:0000571c       ?AtlUnRegisterTypeLib@ATL@@YAJPEAUHINSTANCE__@@PEB_W@Z 000000018000671c f i ElectronicJournal.obj
 0001:000057e4       ?AtlWinModuleExtractCreateWndData@ATL@@YAPEAXPEAU_ATL_WIN_MODULE70@1@@Z 00000001800067e4 f i ElectronicJournal.obj
 0001:00005870       ?Cleanup@CComTypeInfoHolder@ATL@@SAX_K@Z 0000000180006870 f i ElectronicJournal.obj
 0001:000058b0       ?ClearReplacements@CExpansionVector@ATL@@QEAAJXZ 00000001800068b0 f i ElectronicJournal.obj
 0001:0000594c       ?CreateInstance@?$CComCreator@V?$CComAggObject@VCOPOSElectronicJournal@@@ATL@@@ATL@@SAJPEAXAEBU_GUID@@PEAPEAX@Z 000000018000694c f i ElectronicJournal.obj
 0001:00005a3c       ?CreateInstance@?$CComCreator@V?$CComObject@VCOPOSElectronicJournal@@@ATL@@@ATL@@SAJPEAXAEBU_GUID@@PEAPEAX@Z 0000000180006a3c f i ElectronicJournal.obj
 0001:00005af4       ?CreateInstance@?$CComObject@V?$CComEnum@UIEnumConnectionPoints@@$1?_GUID_b196b285_bab4_101a_b69c_00aa00341d07@@3U__s_GUID@@BPEAUIConnectionPoint@@V?$_CopyInterface@UIConnectionPoint@@@ATL@@VCComSingleThreadModel@6@@ATL@@@ATL@@SAJPEAPEAV12@@Z 0000000180006af4 f i ElectronicJournal.obj
 0001:00005b80       ?CreateInstance@?$CComObject@V?$CComEnum@UIEnumConnections@@$1?_GUID_b196b287_bab4_101a_b69c_00aa00341d07@@3U__s_GUID@@BUtagCONNECTDATA@@V?$_Copy@UtagCONNECTDATA@@@ATL@@VCComSingleThreadModel@6@@ATL@@@ATL@@SAJPEAPEAV12@@Z 0000000180006b80 f i ElectronicJournal.obj
 0001:00005c0c       ?DefaultReflectionHandler@?$CWindowImplRoot@VCWindow@ATL@@@ATL@@SAHPEAUHWND__@@I_K_JAEA_J@Z 0000000180006c0c f i ElectronicJournal.obj
 0001:00005c70       ?DeleteSubKey@CRegKey@ATL@@QEAAJPEB_W@Z 0000000180006c70 f i ElectronicJournal.obj
 0001:00005d08       ?DoEvent@COPOSElectronicJournal@@IEAAXI_K_J@Z 0000000180006d08 f i ElectronicJournal.obj
 0001:00005dbc       ?DoVerbPrimary@?$IOleObjectImpl@VCOPOSElectronicJournal@@@ATL@@QEAAJPEBUtagRECT@@PEAUHWND__@@@Z 0000000180006dbc f i ElectronicJournal.obj
 0001:00005ee8       ?DoVerbProperties@CComControlBase@ATL@@QEAAJPEBUtagRECT@@PEAUHWND__@@@Z 0000000180006ee8 f i ElectronicJournal.obj
 0001:00006110       ?FireTheEvent@?$CProxy_IOPOSEvents@VCOPOSElectronicJournal@@@@IEAAXPEAVOposVariant@@IAEAJPEB_WJ@Z 0000000180007110 f i ElectronicJournal.obj
 0001:000061fc       ?FireViewChange@CComControlBase@ATL@@QEAAJXZ 00000001800071fc f i ElectronicJournal.obj
 0001:00006260       ?Fire_DataEvent@?$CProxy_IOPOSEvents@VCOPOSElectronicJournal@@@@QEAAXJ@Z 0000000180007260 f i ElectronicJournal.obj
 0001:0000634c       ?Fire_DirectIOEvent@?$CProxy_IOPOSEvents@VCOPOSElectronicJournal@@@@QEAAXJPEAJPEAPEA_W@Z 000000018000734c f i ElectronicJournal.obj
 0001:000064a4       ?Fire_ErrorEvent@?$CProxy_IOPOSEvents@VCOPOSElectronicJournal@@@@QEAAXJJJPEAJ@Z 00000001800074a4 f i ElectronicJournal.obj
 0001:0000660c       ?Fire_OutputCompleteEvent@?$CProxy_IOPOSEvents@VCOPOSElectronicJournal@@@@QEAAXJ@Z 000000018000760c f i ElectronicJournal.obj
 0001:000066f8       ?Fire_StatusUpdateEvent@?$CProxy_IOPOSEvents@VCOPOSElectronicJournal@@@@QEAAXJ@Z 00000001800076f8 f i ElectronicJournal.obj
 0001:000067e4       ?FreeHeap@?$CTempBuffer@E$0BAA@VCCRTAllocator@ATL@@@ATL@@AEAAXXZ 00000001800077e4 f i ElectronicJournal.obj
 0001:000067e4       ?FreeHeap@?$CTempBuffer@_W$0EAA@VCCRTAllocator@ATL@@@ATL@@AEAAXXZ 00000001800077e4 f i ElectronicJournal.obj
 0001:000067e4       ?FreeHeap@?$CTempBuffer@_W$0BAA@VCCRTAllocator@ATL@@@ATL@@AEAAXXZ 00000001800077e4 f i ElectronicJournal.obj
 0001:000067ec       ?GetAmbientLocaleID@CComControlBase@ATL@@QEAAJAEAK@Z 00000001800077ec f i ElectronicJournal.obj
 0001:000068ac       ?GetAmbientUserMode@CComControlBase@ATL@@QEAAJAEAH@Z 00000001800078ac f i ElectronicJournal.obj
 0001:0000697c       ?GetClassObject@CComModule@ATL@@QEAAJAEBU_GUID@@0PEAPEAX@Z 000000018000797c f i ElectronicJournal.obj
 0001:00006a70       ?GetConnMap@COPOSElectronicJournal@@SAPEBU_ATL_CONNMAP_ENTRY@ATL@@PEAH@Z 0000000180007a70 f i ElectronicJournal.obj
 0001:00006af8       ?GetIDsOfNames@CComTypeInfoHolder@ATL@@QEAAJAEBU_GUID@@PEAPEA_WIKPEAJ@Z 0000000180007af8 f i ElectronicJournal.obj
 0001:00006c70       ?GetPagesHelper@?$ISpecifyPropertyPagesImpl@VCOPOSElectronicJournal@@@ATL@@IEAAJPEAUtagCAUUID@@PEBUATL_PROPMAP_ENTRY@2@@Z 0000000180007c70 f i ElectronicJournal.obj
 0001:00006e10       ?GetSizeMax@CComVariant@ATL@@QEBAJPEAT_ULARGE_INTEGER@@@Z 0000000180007e10 f i ElectronicJournal.obj
 0001:00007044       ?GetTI@CComTypeInfoHolder@ATL@@QEAAJK@Z 0000000180008044 f i ElectronicJournal.obj
 0001:0000733c       ?GetZoomInfo@CComControlBase@ATL@@QEAAXAEAUATL_DRAWINFO@@@Z 000000018000833c f i ElectronicJournal.obj
 0001:000073e0       ?HKeyFromString@CRegParser@ATL@@KAPEAUHKEY__@@PEA_W@Z 00000001800083e0 f i ElectronicJournal.obj
 0001:00007444       ?IDataObject_GetData@CComControlBase@ATL@@QEAAJPEAUtagFORMATETC@@PEAUtagSTGMEDIUM@@@Z 0000000180008444 f i ElectronicJournal.obj
 0001:00007638       ?IOleInPlaceObject_InPlaceDeactivate@CComControlBase@ATL@@QEAAJXZ 0000000180008638 f i ElectronicJournal.obj
 0001:000076d8       ?IOleInPlaceObject_SetObjectRects@CComControlBase@ATL@@QEAAJPEBUtagRECT@@0@Z 00000001800086d8 f i ElectronicJournal.obj
 0001:000077c8       ?IOleInPlaceObject_UIDeactivate@CComControlBase@ATL@@QEAAJXZ 00000001800087c8 f i ElectronicJournal.obj
 0001:000078d4       ?IOleObject_Close@CComControlBase@ATL@@QEAAJK@Z 00000001800088d4 f i ElectronicJournal.obj
 0001:000079ec       ?IOleObject_SetClientSite@CComControlBase@ATL@@QEAAJPEAUIOleClientSite@@@Z 00000001800089ec f i ElectronicJournal.obj
 0001:00007a64       ?IOleObject_SetExtent@CComControlBase@ATL@@QEAAJKPEAUtagSIZE@@@Z 0000000180008a64 f i ElectronicJournal.obj
 0001:00007afc       ?IPSI_GetIPersistStreamInit@?$IPersistStorageImpl@VCOPOSElectronicJournal@@@ATL@@AEAAPEAUIPersistStreamInit@@XZ 0000000180008afc f i ElectronicJournal.obj
 0001:00007be4       ?IPersistStreamInit_Load@?$IPersistStreamInitImpl@VCOPOSElectronicJournal@@@ATL@@QEAAJPEAUIStream@@PEBUATL_PROPMAP_ENTRY@2@@Z 0000000180008be4 f i ElectronicJournal.obj
 0001:00007f18       ?IPersistStreamInit_Save@?$IPersistStreamInitImpl@VCOPOSElectronicJournal@@@ATL@@QEAAJPEAUIStream@@HPEBUATL_PROPMAP_ENTRY@2@@Z 0000000180008f18 f i ElectronicJournal.obj
 0001:000081bc       ?IQuickActivate_QuickActivate@CComControlBase@ATL@@QEAAJPEAUtagQACONTAINER@@PEAUtagQACONTROL@@@Z 00000001800091bc f i ElectronicJournal.obj
 0001:00008480       ?IViewObject_Draw@CComControlBase@ATL@@QEAAJKJPEAXPEAUtagDVTARGETDEVICE@@PEAUHDC__@@2PEBU_RECTL@@3@Z 0000000180009480 f i ElectronicJournal.obj
 0001:00008594       ?InPlaceActivate@CComControlBase@ATL@@QEAAJJPEBUtagRECT@@@Z 0000000180009594 f i ElectronicJournal.obj
 0001:000088cc       ?Init@?$CComEnumImpl@UIEnumConnectionPoints@@$1?_GUID_b196b285_bab4_101a_b69c_00aa00341d07@@3U__s_GUID@@BPEAUIConnectionPoint@@V?$_CopyInterface@UIConnectionPoint@@@ATL@@@ATL@@QEAAJPEAPEAUIConnectionPoint@@0PEAUIUnknown@@W4CComEnumFlags@2@@Z 00000001800098cc f i ElectronicJournal.obj
 0001:000089ec       ?Init@?$CComEnumImpl@UIEnumConnections@@$1?_GUID_b196b287_bab4_101a_b69c_00aa00341d07@@3U__s_GUID@@BUtagCONNECTDATA@@V?$_Copy@UtagCONNECTDATA@@@ATL@@@ATL@@QEAAJPEAUtagCONNECTDATA@@0PEAUIUnknown@@W4CComEnumFlags@2@@Z 00000001800099ec f i ElectronicJournal.obj
 0001:00008b10       ?IsEqualObject@?$CComPtrBase@UIOleClientSite@@@ATL@@QEAA_NPEAUIUnknown@@@Z 0000000180009b10 f i ElectronicJournal.obj
 0001:00008b9c       ?LoadNameCache@CComTypeInfoHolder@ATL@@QEAAJPEAUITypeInfo@@@Z 0000000180009b9c f i ElectronicJournal.obj
 0001:00008d1c       ?Lookup@?$CSimpleMap@PEA_WPEA_WVCExpansionVectorEqualHelper@ATL@@@ATL@@QEBAPEA_WAEBQEA_W@Z 0000000180009d1c f i ElectronicJournal.obj
 0001:00008da8       ?NextToken@CRegParser@ATL@@IEAAJPEA_W@Z 0000000180009da8 f i ElectronicJournal.obj
 0001:00008f60       ?OnKillFocus@CComControlBase@ATL@@QEAA_JI_K_JAEAH@Z 0000000180009f60 f i ElectronicJournal.obj
 0001:00008ffc       ?OnMouseActivate@CComControlBase@ATL@@QEAA_JI_K_JAEAH@Z 0000000180009ffc f i ElectronicJournal.obj
 0001:0000909c       ?OnPaint@CComControlBase@ATL@@QEAA_JI_K_JAEAH@Z 000000018000a09c f i ElectronicJournal.obj
 0001:00009188       ?OnSetFocus@CComControlBase@ATL@@QEAA_JI_K_JAEAH@Z 000000018000a188 f i ElectronicJournal.obj
 0001:00009284       ?PreProcessBuffer@CRegParser@ATL@@QEAAJPEA_WPEAPEA_W@Z 000000018000a284 f i ElectronicJournal.obj
 0001:00009608       ?ProcessWindowMessage@?$CComControl@VCOPOSElectronicJournal@@V?$CWindowImpl@VCOPOSElectronicJournal@@VCWindow@ATL@@V?$CWinTraits@$0FGAAAAAA@$0A@@3@@ATL@@@ATL@@UEAAHPEAUHWND__@@I_K_JAEA_JK@Z 000000018000a608 f i ElectronicJournal.obj
 0001:000096ec       ?ReadFromStream@CComBSTR@ATL@@QEAAJPEAUIStream@@@Z 000000018000a6ec f i ElectronicJournal.obj
 0001:00009848       ?ReadFromStream@CComVariant@ATL@@QEAAJPEAUIStream@@GTClassesAllowedInStream@2@K@Z 000000018000a848 f i ElectronicJournal.obj
 0001:00009a58       ?RecurseDeleteKey@CRegKey@ATL@@QEAAJPEB_W@Z 000000018000aa58 f i ElectronicJournal.obj
 0001:00009bb0       ?RegCreateKeyExW@CAtlTransactionManager@ATL@@QEAAJPEAUHKEY__@@PEB_WKPEA_WKKQEAU_SECURITY_ATTRIBUTES@@PEAPEAU3@PEAK@Z 000000018000abb0 f i ElectronicJournal.obj
 0001:00009ce4       ?RegDeleteKeyW@CAtlTransactionManager@ATL@@QEAAJPEAUHKEY__@@PEB_W@Z 000000018000ace4 f i ElectronicJournal.obj
 0001:00009d70       ?RegOpenKeyExW@CAtlTransactionManager@ATL@@QEAAJPEAUHKEY__@@PEB_WKKPEAPEAU3@@Z 000000018000ad70 f i ElectronicJournal.obj
 0001:00009e28       ?RegisterBuffer@CRegParser@ATL@@QEAAJPEA_WH@Z 000000018000ae28 f i ElectronicJournal.obj
 0001:00009f90       ?RegisterFromResource@CRegObject@ATL@@IEAAJPEB_W00H@Z 000000018000af90 f i ElectronicJournal.obj
 0001:0000a14c       ?RegisterServer@CComModule@ATL@@QEAAJHPEBU_GUID@@@Z 000000018000b14c f i ElectronicJournal.obj
 0001:0000a20c       ?RegisterSubkeys@CRegParser@ATL@@IEAAJPEA_WPEAUHKEY__@@HH@Z 000000018000b20c f i ElectronicJournal.obj
 0001:0000aa78       ?SendOnDataChange@CComControlBase@ATL@@QEAAJK@Z 000000018000ba78 f i ElectronicJournal.obj
 0001:0000aae8       ?SetControlFocus@CComControlBase@ATL@@QEAAHH@Z 000000018000bae8 f i ElectronicJournal.obj
 0001:0000abc4       ?SkipAssignment@CRegParser@ATL@@IEAAJPEA_W@Z 000000018000bbc4 f i ElectronicJournal.obj
 0001:0000ac68       ?Term@CAtlModule@ATL@@QEAAXXZ 000000018000bc68 f i ElectronicJournal.obj
 0001:0000ace8       ?Term@CComModule@ATL@@QEAAXXZ 000000018000bce8 f i ElectronicJournal.obj
 0001:0000ad64       ?UnregisterServer@CComModule@ATL@@QEAAJHPEBU_GUID@@@Z 000000018000bd64 f i ElectronicJournal.obj
 0001:0000ae14       ?UpdateRegistryFromResource@CAtlModule@ATL@@QEAAJIHPEAU_ATL_REGMAP_ENTRY@2@@Z 000000018000be14 f i ElectronicJournal.obj
 0001:0000b120       ?UpdateRegistryFromResource@CAtlModule@ATL@@QEAAJPEB_WHPEAU_ATL_REGMAP_ENTRY@2@@Z 000000018000c120 f i ElectronicJournal.obj
 0001:0000b444       ?VTFromRegType@CRegParser@ATL@@KAHPEB_WAEAG@Z 000000018000c444 f i ElectronicJournal.obj
 0001:0000b4e0       ?WindowProc@?$CWindowImplBaseT@VCWindow@ATL@@V?$CWinTraits@$0FGAAAAAA@$0A@@2@@ATL@@SA_JPEAUHWND__@@I_K_J@Z 000000018000c4e0 f i ElectronicJournal.obj
 0001:0000b64c       ?WriteToStream@CComVariant@ATL@@QEAAJPEAUIStream@@@Z 000000018000c64c f i ElectronicJournal.obj
 0001:0000b8a0       ?WriteToStream@CComVariant@ATL@@QEAAJPEAUIStream@@G@Z 000000018000c8a0 f i ElectronicJournal.obj
 0001:0000b938       ?_AtlVerifyStackAvailable@_ATL_SAFE_ALLOCA_IMPL@ATL@@YA_N_K@Z 000000018000c938 f i ElectronicJournal.obj
 0001:0000b9bc       ?atlCreate@?$CWindowImpl@VCOPOSElectronicJournal@@VCWindow@ATL@@V?$CWinTraits@$0FGAAAAAA@$0A@@3@@ATL@@QEAAPEAUHWND__@@PEAU3@V_U_RECT@2@PEB_WKKV_U_MENUorID@2@PEAX@Z 000000018000c9bc f i ElectronicJournal.obj
 0001:0000ba6c       ?atlCreate@?$CWindowImplBaseT@VCWindow@ATL@@V?$CWinTraits@$0FGAAAAAA@$0A@@2@@ATL@@QEAAPEAUHWND__@@PEAU3@V_U_RECT@2@PEB_WKKV_U_MENUorID@2@GPEAX@Z 000000018000ca6c f i ElectronicJournal.obj
 0001:0000bbdc       ?ocscpy_s@@YA_NPEA_W_KPEB_W@Z 000000018000cbdc f i ElectronicJournal.obj
 0001:0000bc8c       DllCanUnloadNow            000000018000cc8c f   ElectronicJournal.obj
 0001:0000bc98       DllGetClassObject          000000018000cc98 f   ElectronicJournal.obj
 0001:0000bcb0       DllMain                    000000018000ccb0 f   ElectronicJournal.obj
 0001:0000bd58       DllRegisterServer          000000018000cd58 f   ElectronicJournal.obj
 0001:0000bd6c       DllUnregisterServer        000000018000cd6c f   ElectronicJournal.obj
 0001:0000bd80       __local_stdio_printf_options 000000018000cd80 f i ElectronicJournal.obj
 0001:0000bd88       swprintf_s                 000000018000cd88 f i ElectronicJournal.obj
 0001:0000bddc       ??0COPOSElectronicJournal@@QEAA@XZ 000000018000cddc f   ElectronicJournalImpl.obj
 0001:0000beac       ??1?$IConnectionPointImpl@VCOPOSElectronicJournal@@$1?DIID__IOPOSElectronicJournalEvents@@3U_GUID@@BVCComDynamicUnkArray@ATL@@@ATL@@QEAA@XZ 000000018000ceac f i ElectronicJournalImpl.obj
 0001:0000beac       ??1?$IConnectionPointImpl@VCOPOSElectronicJournal@@$1?IID_IPropertyNotifySink@@3U_GUID@@BVCComDynamicUnkArray@ATL@@@ATL@@QEAA@XZ 000000018000ceac f i ElectronicJournalImpl.obj
 0001:0000bf08       ??1CComControlBase@ATL@@UEAA@XZ 000000018000cf08 f i ElectronicJournalImpl.obj
 0001:0000bf84       ??1COPOSElectronicJournal@@UEAA@XZ 000000018000cf84 f   ElectronicJournalImpl.obj
 0001:0000bfe8       ?AddMarker@COPOSElectronicJournal@@UEAAJPEA_WPEAJ@Z 000000018000cfe8 f   ElectronicJournalImpl.obj
 0001:0000c070       ?CancelPrintContent@COPOSElectronicJournal@@UEAAJPEAJ@Z 000000018000d070 f   ElectronicJournalImpl.obj
 0001:0000c098       ?CancelQueryContent@COPOSElectronicJournal@@UEAAJPEAJ@Z 000000018000d098 f   ElectronicJournalImpl.obj
 0001:0000c0c0       ?CheckHealth@COPOSElectronicJournal@@UEAAJJPEAJ@Z 000000018000d0c0 f   ElectronicJournalImpl.obj
 0001:0000c13c       ?ClaimDevice@COPOSElectronicJournal@@UEAAJJPEAJ@Z 000000018000d13c f   ElectronicJournalImpl.obj
 0001:0000c1dc       ?ClearInput@COPOSElectronicJournal@@UEAAJPEAJ@Z 000000018000d1dc f   ElectronicJournalImpl.obj
 0001:0000c204       ?ClearOutput@COPOSElectronicJournal@@UEAAJPEAJ@Z 000000018000d204 f   ElectronicJournalImpl.obj
 0001:0000c22c       ?Close@COPOSElectronicJournal@@UEAAJPEAJ@Z 000000018000d22c f   ElectronicJournalImpl.obj
 0001:0000c2e4       ?CompareFirmwareVersion@COPOSElectronicJournal@@UEAAJPEA_WPEAJ1@Z 000000018000d2e4 f   ElectronicJournalImpl.obj
 0001:0000c3c0       ?DirectIO@COPOSElectronicJournal@@UEAAJJPEAJPEAPEA_W0@Z 000000018000d3c0 f   ElectronicJournalImpl.obj
 0001:0000c4bc       ?DoInvoke@COPOSElectronicJournal@@IEAAJJPEAVOposVariant@@IHPEAJ_N@Z 000000018000d4bc f   ElectronicJournalImpl.obj
 0001:0000c5f0       ?EraseMedium@COPOSElectronicJournal@@UEAAJPEAJ@Z 000000018000d5f0 f   ElectronicJournalImpl.obj
 0001:0000c618       ?EventInit@COPOSElectronicJournal@@IEAAJXZ 000000018000d618 f i ElectronicJournalImpl.obj
 0001:0000c760       ?EventUninit@COPOSElectronicJournal@@IEAAXXZ 000000018000d760 f i ElectronicJournalImpl.obj
 0001:0000c7c4       ?EventWindowProc@COPOSElectronicJournal@@IEAA_JI_K_J@Z 000000018000d7c4 f i ElectronicJournalImpl.obj
 0001:0000c9a0       ?FinalConstruct@COPOSElectronicJournal@@QEAAJXZ 000000018000d9a0 f   ElectronicJournalImpl.obj
 0001:0000c9dc       ?FreezeEvents@COPOSElectronicJournal@@MEAAJH@Z 000000018000d9dc f   ElectronicJournalImpl.obj
 0001:0000ca50       ?GetOposProp@COPOSElectronicJournal@@IEAAJJPEAJJ@Z 000000018000da50 f   ElectronicJournalImpl.obj
 0001:0000cb6c       ?GetOposProp@COPOSElectronicJournal@@IEAAJJPEAPEA_WJ@Z 000000018000db6c f   ElectronicJournalImpl.obj
 0001:0000cc98       ?InitializeMedium@COPOSElectronicJournal@@UEAAJPEA_WPEAJ@Z 000000018000dc98 f   ElectronicJournalImpl.obj
 0001:0000cd20       ?OnDraw@COPOSElectronicJournal@@MEAAJAEAUATL_DRAWINFO@@@Z 000000018000dd20 f   ElectronicJournalImpl.obj
 0001:0000ce0c       ?Open@COPOSElectronicJournal@@UEAAJPEA_WPEAJ@Z 000000018000de0c f   ElectronicJournalImpl.obj
 0001:0000d694       ?PrintContent@COPOSElectronicJournal@@UEAAJPEA_W0PEAJ@Z 000000018000e694 f   ElectronicJournalImpl.obj
 0001:0000d770       ?PrintContentFile@COPOSElectronicJournal@@UEAAJPEA_WPEAJ@Z 000000018000e770 f   ElectronicJournalImpl.obj
 0001:0000d7f8       ?QueryContent@COPOSElectronicJournal@@UEAAJPEA_W00PEAJ@Z 000000018000e7f8 f   ElectronicJournalImpl.obj
 0001:0000d8e4       ?ReleaseDevice@COPOSElectronicJournal@@UEAAJPEAJ@Z 000000018000e8e4 f   ElectronicJournalImpl.obj
 0001:0000d950       ?ResetStatistics@COPOSElectronicJournal@@UEAAJPEA_WPEAJ@Z 000000018000e950 f   ElectronicJournalImpl.obj
 0001:0000d9d8       ?ResumePrintContent@COPOSElectronicJournal@@UEAAJPEAJ@Z 000000018000e9d8 f   ElectronicJournalImpl.obj
 0001:0000da00       ?ResumeQueryContent@COPOSElectronicJournal@@UEAAJPEAJ@Z 000000018000ea00 f   ElectronicJournalImpl.obj
 0001:0000da28       ?RetrieveCurrentMarker@COPOSElectronicJournal@@UEAAJJPEAPEA_WPEAJ@Z 000000018000ea28 f   ElectronicJournalImpl.obj
 0001:0000db00       ?RetrieveMarker@COPOSElectronicJournal@@UEAAJJJJPEAPEA_WPEAJ@Z 000000018000eb00 f   ElectronicJournalImpl.obj
 0001:0000dc10       ?RetrieveMarkerByDateTime@COPOSElectronicJournal@@UEAAJJPEA_W0PEAPEA_WPEAJ@Z 000000018000ec10 f   ElectronicJournalImpl.obj
 0001:0000dd18       ?RetrieveMarkersDateTime@COPOSElectronicJournal@@UEAAJPEA_WPEAPEA_WPEAJ@Z 000000018000ed18 f   ElectronicJournalImpl.obj
 0001:0000ddf4       ?RetrieveStatistics@COPOSElectronicJournal@@UEAAJPEAPEA_WPEAJ@Z 000000018000edf4 f   ElectronicJournalImpl.obj
 0001:0000de7c       ?SOProcessID@COPOSElectronicJournal@@UEAAJPEAJ@Z 000000018000ee7c f   ElectronicJournalImpl.obj
 0001:0000de98       ?SetCOFreezeEvents@COPOSElectronicJournal@@IEAAXF@Z 000000018000ee98 f   ElectronicJournalImpl.obj
 0001:0000df7c       ?SetOposProp@COPOSElectronicJournal@@IEAAJJJJ@Z 000000018000ef7c f   ElectronicJournalImpl.obj
 0001:0000e0dc       ?SuspendPrintContent@COPOSElectronicJournal@@UEAAJPEAJ@Z 000000018000f0dc f   ElectronicJournalImpl.obj
 0001:0000e104       ?SuspendQueryContent@COPOSElectronicJournal@@UEAAJPEAJ@Z 000000018000f104 f   ElectronicJournalImpl.obj
 0001:0000e12c       ?UpdateFirmware@COPOSElectronicJournal@@UEAAJPEA_WPEAJ@Z 000000018000f12c f   ElectronicJournalImpl.obj
 0001:0000e1b4       ?UpdateStatistics@COPOSElectronicJournal@@UEAAJPEA_WPEAJ@Z 000000018000f1b4 f   ElectronicJournalImpl.obj
 0001:0000e23c       ?get_AsyncMode@COPOSElectronicJournal@@UEAAJPEAF@Z 000000018000f23c f   ElectronicJournalImpl.obj
 0001:0000e270       ?get_AutoDisable@COPOSElectronicJournal@@UEAAJPEAF@Z 000000018000f270 f   ElectronicJournalImpl.obj
 0001:0000e2a0       ?get_BinaryConversion@COPOSElectronicJournal@@UEAAJPEAJ@Z 000000018000f2a0 f   ElectronicJournalImpl.obj
 0001:0000e2b4       ?get_CapAddMarker@COPOSElectronicJournal@@UEAAJPEAF@Z 000000018000f2b4 f   ElectronicJournalImpl.obj
 0001:0000e2e8       ?get_CapCompareFirmwareVersion@COPOSElectronicJournal@@UEAAJPEAF@Z 000000018000f2e8 f   ElectronicJournalImpl.obj
 0001:0000e31c       ?get_CapErasableMedium@COPOSElectronicJournal@@UEAAJPEAF@Z 000000018000f31c f   ElectronicJournalImpl.obj
 0001:0000e350       ?get_CapInitializeMedium@COPOSElectronicJournal@@UEAAJPEAF@Z 000000018000f350 f   ElectronicJournalImpl.obj
 0001:0000e384       ?get_CapMediumIsAvailable@COPOSElectronicJournal@@UEAAJPEAF@Z 000000018000f384 f   ElectronicJournalImpl.obj
 0001:0000e3b8       ?get_CapPowerReporting@COPOSElectronicJournal@@UEAAJPEAJ@Z 000000018000f3b8 f   ElectronicJournalImpl.obj
 0001:0000e3cc       ?get_CapPrintContent@COPOSElectronicJournal@@UEAAJPEAF@Z 000000018000f3cc f   ElectronicJournalImpl.obj
 0001:0000e400       ?get_CapPrintContentFile@COPOSElectronicJournal@@UEAAJPEAF@Z 000000018000f400 f   ElectronicJournalImpl.obj
 0001:0000e434       ?get_CapRetrieveCurrentMarker@COPOSElectronicJournal@@UEAAJPEAF@Z 000000018000f434 f   ElectronicJournalImpl.obj
 0001:0000e468       ?get_CapRetrieveMarker@COPOSElectronicJournal@@UEAAJPEAF@Z 000000018000f468 f   ElectronicJournalImpl.obj
 0001:0000e49c       ?get_CapRetrieveMarkerByDateTime@COPOSElectronicJournal@@UEAAJPEAF@Z 000000018000f49c f   ElectronicJournalImpl.obj
 0001:0000e4d0       ?get_CapRetrieveMarkersDateTime@COPOSElectronicJournal@@UEAAJPEAF@Z 000000018000f4d0 f   ElectronicJournalImpl.obj
 0001:0000e504       ?get_CapStation@COPOSElectronicJournal@@UEAAJPEAJ@Z 000000018000f504 f   ElectronicJournalImpl.obj
 0001:0000e518       ?get_CapStatisticsReporting@COPOSElectronicJournal@@UEAAJPEAF@Z 000000018000f518 f   ElectronicJournalImpl.obj
 0001:0000e54c       ?get_CapStorageEnabled@COPOSElectronicJournal@@UEAAJPEAF@Z 000000018000f54c f   ElectronicJournalImpl.obj
 0001:0000e580       ?get_CapSuspendPrintContent@COPOSElectronicJournal@@UEAAJPEAF@Z 000000018000f580 f   ElectronicJournalImpl.obj
 0001:0000e5b4       ?get_CapSuspendQueryContent@COPOSElectronicJournal@@UEAAJPEAF@Z 000000018000f5b4 f   ElectronicJournalImpl.obj
 0001:0000e5e8       ?get_CapUpdateFirmware@COPOSElectronicJournal@@UEAAJPEAF@Z 000000018000f5e8 f   ElectronicJournalImpl.obj
 0001:0000e61c       ?get_CapUpdateStatistics@COPOSElectronicJournal@@UEAAJPEAF@Z 000000018000f61c f   ElectronicJournalImpl.obj
 0001:0000e650       ?get_CapWaterMark@COPOSElectronicJournal@@UEAAJPEAF@Z 000000018000f650 f   ElectronicJournalImpl.obj
 0001:0000e684       ?get_CheckHealthText@COPOSElectronicJournal@@UEAAJPEAPEA_W@Z 000000018000f684 f   ElectronicJournalImpl.obj
 0001:0000e698       ?get_Claimed@COPOSElectronicJournal@@UEAAJPEAF@Z 000000018000f698 f   ElectronicJournalImpl.obj
 0001:0000e6cc       ?get_ControlObjectDescription@COPOSElectronicJournal@@UEAAJPEAPEA_W@Z 000000018000f6cc f   ElectronicJournalImpl.obj
 0001:0000e730       ?get_ControlObjectVersion@COPOSElectronicJournal@@UEAAJPEAJ@Z 000000018000f730 f   ElectronicJournalImpl.obj
 0001:0000e73c       ?get_DataCount@COPOSElectronicJournal@@UEAAJPEAJ@Z 000000018000f73c f   ElectronicJournalImpl.obj
 0001:0000e750       ?get_DataEventEnabled@COPOSElectronicJournal@@UEAAJPEAF@Z 000000018000f750 f   ElectronicJournalImpl.obj
 0001:0000e784       ?get_DeviceDescription@COPOSElectronicJournal@@UEAAJPEAPEA_W@Z 000000018000f784 f   ElectronicJournalImpl.obj
 0001:0000e798       ?get_DeviceEnabled@COPOSElectronicJournal@@UEAAJPEAF@Z 000000018000f798 f   ElectronicJournalImpl.obj
 0001:0000e7cc       ?get_DeviceName@COPOSElectronicJournal@@UEAAJPEAPEA_W@Z 000000018000f7cc f   ElectronicJournalImpl.obj
 0001:0000e7e0       ?get_FlagWhenIdle@COPOSElectronicJournal@@UEAAJPEAF@Z 000000018000f7e0 f   ElectronicJournalImpl.obj
 0001:0000e814       ?get_FreezeEvents@COPOSElectronicJournal@@UEAAJPEAF@Z 000000018000f814 f   ElectronicJournalImpl.obj
 0001:0000e844       ?get_MediumFreeSpace@COPOSElectronicJournal@@UEAAJPEATtagCY@@@Z 000000018000f844 f   ElectronicJournalImpl.obj
 0001:0000e914       ?get_MediumID@COPOSElectronicJournal@@UEAAJPEAPEA_W@Z 000000018000f914 f   ElectronicJournalImpl.obj
 0001:0000e928       ?get_MediumIsAvailable@COPOSElectronicJournal@@UEAAJPEAF@Z 000000018000f928 f   ElectronicJournalImpl.obj
 0001:0000e95c       ?get_MediumSize@COPOSElectronicJournal@@UEAAJPEATtagCY@@@Z 000000018000f95c f   ElectronicJournalImpl.obj
 0001:0000ea2c       ?get_OpenResult@COPOSElectronicJournal@@UEAAJPEAJ@Z 000000018000fa2c f   ElectronicJournalImpl.obj
 0001:0000ea38       ?get_OutputID@COPOSElectronicJournal@@UEAAJPEAJ@Z 000000018000fa38 f   ElectronicJournalImpl.obj
 0001:0000ea4c       ?get_PowerNotify@COPOSElectronicJournal@@UEAAJPEAJ@Z 000000018000fa4c f   ElectronicJournalImpl.obj
 0001:0000ea60       ?get_PowerState@COPOSElectronicJournal@@UEAAJPEAJ@Z 000000018000fa60 f   ElectronicJournalImpl.obj
 0001:0000ea74       ?get_ResultCode@COPOSElectronicJournal@@UEAAJPEAJ@Z 000000018000fa74 f   ElectronicJournalImpl.obj
 0001:0000eab0       ?get_ResultCodeExtended@COPOSElectronicJournal@@UEAAJPEAJ@Z 000000018000fab0 f   ElectronicJournalImpl.obj
 0001:0000eac4       ?get_ServiceObjectDescription@COPOSElectronicJournal@@UEAAJPEAPEA_W@Z 000000018000fac4 f   ElectronicJournalImpl.obj
 0001:0000ead8       ?get_ServiceObjectVersion@COPOSElectronicJournal@@UEAAJPEAJ@Z 000000018000fad8 f   ElectronicJournalImpl.obj
 0001:0000eaec       ?get_State@COPOSElectronicJournal@@UEAAJPEAJ@Z 000000018000faec f   ElectronicJournalImpl.obj
 0001:0000eb18       ?get_Station@COPOSElectronicJournal@@UEAAJPEAJ@Z 000000018000fb18 f   ElectronicJournalImpl.obj
 0001:0000eb2c       ?get_StorageEnabled@COPOSElectronicJournal@@UEAAJPEAF@Z 000000018000fb2c f   ElectronicJournalImpl.obj
 0001:0000eb60       ?get_Suspended@COPOSElectronicJournal@@UEAAJPEAF@Z 000000018000fb60 f   ElectronicJournalImpl.obj
 0001:0000eb94       ?get_WaterMark@COPOSElectronicJournal@@UEAAJPEAF@Z 000000018000fb94 f   ElectronicJournalImpl.obj
 0001:0000ebc8       ?put_AsyncMode@COPOSElectronicJournal@@UEAAJF@Z 000000018000fbc8 f   ElectronicJournalImpl.obj
 0001:0000ebe4       ?put_AutoDisable@COPOSElectronicJournal@@UEAAJF@Z 000000018000fbe4 f   ElectronicJournalImpl.obj
 0001:0000ebfc       ?put_BinaryConversion@COPOSElectronicJournal@@UEAAJJ@Z 000000018000fbfc f   ElectronicJournalImpl.obj
 0001:0000ec10       ?put_DataEventEnabled@COPOSElectronicJournal@@UEAAJF@Z 000000018000fc10 f   ElectronicJournalImpl.obj
 0001:0000ec28       ?put_DeviceEnabled@COPOSElectronicJournal@@UEAAJF@Z 000000018000fc28 f   ElectronicJournalImpl.obj
 0001:0000ec40       ?put_FlagWhenIdle@COPOSElectronicJournal@@UEAAJF@Z 000000018000fc40 f   ElectronicJournalImpl.obj
 0001:0000ec5c       ?put_FreezeEvents@COPOSElectronicJournal@@UEAAJF@Z 000000018000fc5c f   ElectronicJournalImpl.obj
 0001:0000ecac       ?put_PowerNotify@COPOSElectronicJournal@@UEAAJJ@Z 000000018000fcac f   ElectronicJournalImpl.obj
 0001:0000ecc0       ?put_Station@COPOSElectronicJournal@@UEAAJJ@Z 000000018000fcc0 f   ElectronicJournalImpl.obj
 0001:0000ecd4       ?put_StorageEnabled@COPOSElectronicJournal@@UEAAJF@Z 000000018000fcd4 f   ElectronicJournalImpl.obj
 0001:0000ecf0       ?put_WaterMark@COPOSElectronicJournal@@UEAAJF@Z 000000018000fcf0 f   ElectronicJournalImpl.obj
[...]
 0004:00001914       $pdata$?try_get_function@@YAPEAXW4function_id@?A0x391cf84c@@QEBDQEBW4module_id@2@2@Z 0000000180036914     libucrt:winapi_thunks.obj
 0004:00001920       $pdata$wcstol              0000000180036920     libucrt:strtox.obj
 0004:0000192c       $pdata$_mbtowc_l           000000018003692c     libucrt:mbtowc.obj
 0004:00001938       $pdata$__acrt_update_locale_info 0000000180036938     libucrt:locale_update.obj
 0004:00001944       $pdata$__acrt_update_multibyte_info 0000000180036944     libucrt:locale_update.obj
 0004:00001950       $pdata$__acrt_fp_format    0000000180036950     libucrt:cvt.obj
 0004:0000195c       $pdata$?fp_format_e_internal@@YAHQEAD_KH_NIQEAU_strflt@@2QEAU__crt_locale_pointers@@@Z 000000018003695c     libucrt:cvt.obj
 0004:00001968       $pdata$?fp_format_e@@YAHQEBNQEAD_K12H_NIQEAU__crt_locale_pointers@@@Z 0000000180036968     libucrt:cvt.obj
 0004:00001974       $pdata$?fp_format_a@@YAHQEBNPEAD_KQEAD2H_NIQEAU__crt_locale_pointers@@@Z 0000000180036974     libucrt:cvt.obj
 0004:00001980       $pdata$?fp_format_f_internal@@YAHQEAD_KHQEAU_strflt@@_NQEAU__crt_locale_pointers@@@Z 0000000180036980     libucrt:cvt.obj
 0004:0000198c       $pdata$?fp_format_g@@YAHQEBNQEAD_K12H_NIQEAU__crt_locale_pointers@@@Z 000000018003698c     libucrt:cvt.obj
 0004:00001998       $pdata$_fileno             0000000180036998     libucrt:fileno.obj
 0004:000019a4       $pdata$__acrt_initialize_stdio 00000001800369a4     libucrt:_file.obj
 0004:000019b0       $pdata$__acrt_uninitialize_stdio 00000001800369b0     libucrt:_file.obj
 0004:000019bc       $pdata$__acrt_uninitialize_locale 00000001800369bc     libucrt:wsetlocale.obj
 0004:000019c8       $pdata$??$?RV<lambda_410d79af7f07d98d83a3f525b3859a53>@@AEAV<lambda_3e16ef9562a7dcce91392c22ab16ea36>@@V<lambda_38119f0e861e05405d8a144b9b982f0a>@@@?$__crt_seh_guarded_call@X@@QEAAX$$QEAV<lambda_410d79af7f07d98d83a3f525b3859a53>@@AEAV<lambda_3e16ef9562a7dcce91392c22ab16ea36>@@$$QEAV<lambda_38119f0e861e05405d8a144b9b982f0a>@@@Z 00000001800369c8     libucrt:wsetlocale.obj
 0004:000019d4       $pdata$?fin$0@?0???$?RV<lambda_410d79af7f07d98d83a3f525b3859a53>@@AEAV<lambda_3e16ef9562a7dcce91392c22ab16ea36>@@V<lambda_38119f0e861e05405d8a144b9b982f0a>@@@?$__crt_seh_guarded_call@X@@QEAAX$$QEAV<lambda_410d79af7f07d98d83a3f525b3859a53>@@AEAV<lambda_3e16ef9562a7dcce91392c22ab16ea36>@@$$QEAV<lambda_38119f0e861e05405d8a144b9b982f0a>@@@Z@4HA 00000001800369d4     libucrt:wsetlocale.obj
 0004:000019e0       $pdata$__acrt_initialize_lowio 00000001800369e0     libucrt:ioinit.obj
 0004:000019ec       $pdata$__acrt_initialize_lowio$fin$0 00000001800369ec     libucrt:ioinit.obj
 0004:000019ec       $pdata$__acrt_lowio_ensure_fh_exists$fin$0 00000001800369ec     libucrt:osfinfo.obj
 0004:000019f8       $pdata$__acrt_uninitialize_lowio 00000001800369f8     libucrt:ioinit.obj
 0004:00001a04       $pdata$?initialize_inherited_file_handles_nolock@@YAXXZ 0000000180036a04     libucrt:ioinit.obj
 0004:00001a10       $pdata$?initialize_stdio_handles_nolock@@YAXXZ 0000000180036a10     libucrt:ioinit.obj
 0004:00001a1c       $pdata$__acrt_initialize_locks 0000000180036a1c     libucrt:locks.obj
 0004:00001a28       $pdata$__acrt_uninitialize_locks 0000000180036a28     libucrt:locks.obj
 0004:00001a34       $pdata$__acrt_get_process_end_policy 0000000180036a34     libucrt:win_policies.obj
 0004:00001a40       $pdata$??$__acrt_mbs_to_wcs_cp@U__crt_win32_buffer_internal_dynamic_resizing@@@@YAHQEBDAEAV?$__crt_win32_buffer@_WU__crt_win32_buffer_internal_dynamic_resizing@@@@I@Z 0000000180036a40     libucrt:argv_wildcards.obj
 0004:00001a4c       $pdata$??$__acrt_wcs_to_mbs_cp@U__crt_win32_buffer_internal_dynamic_resizing@@@@YAHQEB_WAEAV?$__crt_win32_buffer@DU__crt_win32_buffer_internal_dynamic_resizing@@@@I@Z 0000000180036a4c     libucrt:argv_wildcards.obj
 0004:00001a58       $pdata$??$common_expand_argv_wildcards@D@@YAHQEAPEADQEAPEAPEAD@Z 0000000180036a58     libucrt:argv_wildcards.obj
 0004:00001a64       $pdata$??$copy_and_add_argument_to_buffer@D@@YAHQEBD0_KAEAV?$argument_list@D@?A0x5f5c8891@@@Z 0000000180036a64     libucrt:argv_wildcards.obj
 0004:00001a70       $pdata$??$expand_argument_wildcards@D@@YAHQEAD0AEAV?$argument_list@D@?A0x5f5c8891@@@Z 0000000180036a70     libucrt:argv_wildcards.obj
 0004:00001a7c       $pdata$__acrt_GetModuleFileNameA 0000000180036a7c     libucrt:getmodulefilenamea.obj
 0004:00001a88       $pdata$??$__acrt_wcs_to_mbs_cp@U__crt_win32_buffer_no_resizing@@@@YAHQEB_WAEAV?$__crt_win32_buffer@DU__crt_win32_buffer_no_resizing@@@@I@Z 0000000180036a88     libucrt:getmodulefilenamea.obj
 0004:00001a94       $pdata$__acrt_update_thread_multibyte_data 0000000180036a94     libucrt:mbctype.obj
 0004:00001aa0       $pdata$__acrt_initialize_multibyte 0000000180036aa0     libucrt:mbctype.obj
 0004:00001aac       $pdata$_setmbcp_nolock     0000000180036aac     libucrt:mbctype.obj
 0004:00001ab8       $pdata$?getSystemCP@@YAHH@Z 0000000180036ab8     libucrt:mbctype.obj
 0004:00001ac4       $pdata$?setSBCS@@YAXPEAU__crt_multibyte_data@@@Z 0000000180036ac4     libucrt:mbctype.obj
 0004:00001ad0       $pdata$?update_thread_multibyte_data_internal@@YAPEAU__crt_multibyte_data@@QEAU__acrt_ptd@@QEAPEAU1@@Z 0000000180036ad0     libucrt:mbctype.obj
 0004:00001adc       $pdata$?fin$0@?0??update_thread_multibyte_data_internal@@YAPEAU__crt_multibyte_data@@QEAU__acrt_ptd@@QEAPEAU1@@Z@4HA 0000000180036adc     libucrt:mbctype.obj
 0004:00001ae8       $pdata$?setmbcp_internal@@YAHH_NQEAU__acrt_ptd@@QEAPEAU__crt_multibyte_data@@@Z 0000000180036ae8     libucrt:mbctype.obj
 0004:00001af4       $pdata$?setSBUpLow@@YAXPEAU__crt_multibyte_data@@@Z 0000000180036af4     libucrt:mbctype.obj
 0004:00001b00       $pdata$??$?RV<lambda_efdfa57d1f175319df784efa44bb7b81>@@AEAV<lambda_5f0a4c1567f8adc6734073e5d1e1b35c>@@V<lambda_2e8a7d3640ea6ccb4c2413664c2db6fd>@@@?$__crt_seh_guarded_call@X@@QEAAX$$QEAV<lambda_efdfa57d1f175319df784efa44bb7b81>@@AEAV<lambda_5f0a4c1567f8adc6734073e5d1e1b35c>@@$$QEAV<lambda_2e8a7d3640ea6ccb4c2413664c2db6fd>@@@Z 0000000180036b00     libucrt:mbctype.obj
 0004:00001b0c       $pdata$?x_ismbbtype_l@@YAHPEAU__crt_locale_pointers@@IHH@Z 0000000180036b0c     libucrt:ismbbyte.obj
 0004:00001b18       $pdata$__acrt_initialize_command_line 0000000180036b18     libucrt:argv_data.obj
 0004:00001b24       $pdata$__acrt_WideCharToMultiByte 0000000180036b24     libucrt:widechartomultibyte.obj
 0004:00001b30       $pdata$__dcrt_get_narrow_environment_from_os 0000000180036b30     libucrt:get_environment_from_os.obj
 0004:00001b3c       $pdata$__acrt_initialize_heap 0000000180036b3c     libucrt:heap_handle.obj
 0004:00001b48       $pdata$__acrt_execute_initializers 0000000180036b48     libucrt:shared_initialization.obj
 0004:00001b54       $pdata$__acrt_execute_uninitializers 0000000180036b54     libucrt:shared_initialization.obj
 0004:00001b60       $pdata$__acrt_get_sigabrt_handler 0000000180036b60     libucrt:signal.obj
 0004:00001b6c       $pdata$raise               0000000180036b6c     libucrt:signal.obj
 0004:00001b78       $pdata$raise$fin$0         0000000180036b78     libucrt:signal.obj
 0004:00001b84       $pdata$??$?RV<lambda_450d765d439847d4c735a33c368b5fc0>@@AEAV<lambda_44731a7d0e6d81c3e6aa82d741081786>@@V<lambda_601a2a7da3b7a96e9554ac7215c4b07c>@@@?$__crt_seh_guarded_call@P6AXH@Z@@QEAAP6AXH@Z$$QEAV<lambda_450d765d439847d4c735a33c368b5fc0>@@AEAV<lambda_44731a7d0e6d81c3e6aa82d741081786>@@$$QEAV<lambda_601a2a7da3b7a96e9554ac7215c4b07c>@@@Z 0000000180036b84     libucrt:signal.obj
 0004:00001b90       $pdata$_fflush_nolock      0000000180036b90     libucrt:fflush.obj
 0004:00001b9c       $pdata$__acrt_stdio_flush_nolock 0000000180036b9c     libucrt:fflush.obj
 0004:00001ba8       $pdata$?common_flush_all@@YAH_N@Z 0000000180036ba8     libucrt:fflush.obj
 0004:00001bb4       $pdata$??$?RV<lambda_842d9ff0dc9ef11c61343bbaebe7f885>@@AEAV<lambda_c5860995281e5c4ce005b3de8f5874ee>@@V<lambda_d90129c13df834fdcbf8d2b88dafcf2d>@@@?$__crt_seh_guarded_call@X@@QEAAX$$QEAV<lambda_842d9ff0dc9ef11c61343bbaebe7f885>@@AEAV<lambda_c5860995281e5c4ce005b3de8f5874ee>@@$$QEAV<lambda_d90129c13df834fdcbf8d2b88dafcf2d>@@@Z 0000000180036bb4     libucrt:fflush.obj
 0004:00001bc0       $pdata$?fin$0@?0???$?RV<lambda_842d9ff0dc9ef11c61343bbaebe7f885>@@AEAV<lambda_c5860995281e5c4ce005b3de8f5874ee>@@V<lambda_d90129c13df834fdcbf8d2b88dafcf2d>@@@?$__crt_seh_guarded_call@X@@QEAAX$$QEAV<lambda_842d9ff0dc9ef11c61343bbaebe7f885>@@AEAV<lambda_c5860995281e5c4ce005b3de8f5874ee>@@$$QEAV<lambda_d90129c13df834fdcbf8d2b88dafcf2d>@@@Z@4HA 0000000180036bc0     libucrt:fflush.obj
 0004:00001bcc       $pdata$??$?RV<lambda_886d6c58226a84441f68b9f2b8217b83>@@AEAV<lambda_ab61a845afdef5b7c387490eaf3616ee>@@V<lambda_f7f22ab5edc0698d5f6905b0d3f44752>@@@?$__crt_seh_guarded_call@X@@QEAAX$$QEAV<lambda_886d6c58226a84441f68b9f2b8217b83>@@AEAV<lambda_ab61a845afdef5b7c387490eaf3616ee>@@$$QEAV<lambda_f7f22ab5edc0698d5f6905b0d3f44752>@@@Z 0000000180036bcc     libucrt:fflush.obj
 0004:00001bd8       $pdata$?fin$0@?0???$?RV<lambda_886d6c58226a84441f68b9f2b8217b83>@@AEAV<lambda_ab61a845afdef5b7c387490eaf3616ee>@@V<lambda_f7f22ab5edc0698d5f6905b0d3f44752>@@@?$__crt_seh_guarded_call@X@@QEAAX$$QEAV<lambda_886d6c58226a84441f68b9f2b8217b83>@@AEAV<lambda_ab61a845afdef5b7c387490eaf3616ee>@@$$QEAV<lambda_f7f22ab5edc0698d5f6905b0d3f44752>@@@Z@4HA 0000000180036bd8     libucrt:fflush.obj
 0004:00001be4       $pdata$__pctype_func       0000000180036be4     libucrt:ctype.obj
 0004:00001bf0       $pdata$iswctype            0000000180036bf0     libucrt:iswctype.obj
 0004:00001bfc       $pdata$__acrt_release_locale_ref 0000000180036bfc     libucrt:locale_refcounting.obj
 0004:00001c08       $pdata$__acrt_free_locale  0000000180036c08     libucrt:locale_refcounting.obj
 0004:00001c14       $pdata$__acrt_locale_free_lc_time_if_unreferenced 0000000180036c14     libucrt:locale_refcounting.obj
 0004:00001c20       $pdata$__acrt_update_thread_locale_data 0000000180036c20     libucrt:locale_refcounting.obj
 0004:00001c2c       $pdata$__acrt_update_thread_locale_data$fin$0 0000000180036c2c     libucrt:locale_refcounting.obj
 0004:00001c38       $pdata$_updatetlocinfoEx_nolock 0000000180036c38     libucrt:locale_refcounting.obj
 0004:00001c44       $pdata$__acrt_DownlevelLocaleNameToLCID 0000000180036c44     libucrt:lcidtoname_downlevel.obj
 0004:00001c50       $pdata$_isleadbyte_l       0000000180036c50     libucrt:_wctype.obj
 0004:00001c5c       $pdata$?__mbrtowc_utf8@__crt_mbstring@@YA_KPEA_WPEBD_KPEAU_Mbstatet@@@Z 0000000180036c5c     libucrt:mbrtowc.obj
 0004:00001c68       $pdata$?__mbsrtowcs_utf8@__crt_mbstring@@YA_KPEA_WPEAPEBD_KPEAU_Mbstatet@@@Z 0000000180036c68     libucrt:mbrtowc.obj
 0004:00001c74       $pdata$__acrt_fp_strflt_to_string 0000000180036c74     libucrt:_fptostr.obj
 0004:00001c80       $pdata$memcpy_s            0000000180036c80     libucrt:cfout.obj
 0004:00001c8c       $pdata$__acrt_fltout       0000000180036c8c     libucrt:cfout.obj
 0004:00001c98       $pdata$?divide@__crt_strtox@@YA_KAEAUbig_integer@1@AEBU21@@Z 0000000180036c98     libucrt:cfout.obj
 0004:00001ca4       $pdata$0$?divide@__crt_strtox@@YA_KAEAUbig_integer@1@AEBU21@@Z 0000000180036ca4     libucrt:cfout.obj
 0004:00001cb0       $pdata$1$?divide@__crt_strtox@@YA_KAEAUbig_integer@1@AEBU21@@Z 0000000180036cb0     libucrt:cfout.obj
 0004:00001cbc       $pdata$_fcloseall          0000000180036cbc     libucrt:closeall.obj
 0004:00001cc8       $pdata$_fcloseall$fin$0    0000000180036cc8     libucrt:closeall.obj
 0004:00001cd4       $pdata$__acrt_stdio_free_buffer_nolock 0000000180036cd4     libucrt:_freebuf.obj
 0004:00001ce0       $pdata$_isatty             0000000180036ce0     libucrt:isatty.obj
 0004:00001cec       $pdata$__acrt_locale_free_monetary 0000000180036cec     libucrt:initmon.obj
 0004:00001cf8       $pdata$__acrt_locale_free_numeric 0000000180036cf8     libucrt:initnum.obj
 0004:00001d04       $pdata$__acrt_locale_free_time 0000000180036d04     libucrt:inittime.obj
 0004:00001d10       $pdata$?free_crt_array_internal@@YAXQEAPEBX_K@Z 0000000180036d10     libucrt:inittime.obj
 0004:00001d1c       $pdata$__acrt_GetStringTypeA 0000000180036d1c     libucrt:getstringtypea.obj
 0004:00001d28       $pdata$_get_osfhandle      0000000180036d28     libucrt:osfinfo.obj
 0004:00001d34       $pdata$_free_osfhnd        0000000180036d34     libucrt:osfinfo.obj
 0004:00001d40       $pdata$__acrt_lowio_create_handle_array 0000000180036d40     libucrt:osfinfo.obj
 0004:00001d4c       $pdata$__acrt_lowio_destroy_handle_array 0000000180036d4c     libucrt:osfinfo.obj
 0004:00001d58       $pdata$__acrt_lowio_ensure_fh_exists 0000000180036d58     libucrt:osfinfo.obj
 0004:00001d64       $pdata$qsort               0000000180036d64     libucrt:qsort.obj
 0004:00001d70       $pdata$4$qsort             0000000180036d70     libucrt:qsort.obj
 0004:00001d7c       $pdata$5$qsort             0000000180036d7c     libucrt:qsort.obj
 0004:00001d88       $pdata$strncpy_s           0000000180036d88     libucrt:strncpy_s.obj
 0004:00001d94       $pdata$strpbrk             0000000180036d94     libucrt:strpbrk.obj
 0004:00001da0       $pdata$fallbackMethod      0000000180036da0     libucrt:strpbrk.obj
 0004:00001dac       $pdata$_mbsdec_l           0000000180036dac     libucrt:mbsdec.obj
 0004:00001db8       $pdata$__acrt_LCMapStringA 0000000180036db8     libucrt:lcmapstringa.obj
 0004:00001dc4       $pdata$?__acrt_LCMapStringA_stat@@YAHPEAU__crt_locale_pointers@@PEB_WKPEBDHPEADHHH@Z 0000000180036dc4     libucrt:lcmapstringa.obj
 0004:00001dd0       $pdata$?initialize_multibyte@@YAHXZ 0000000180036dd0     libucrt:multibyte_initializer.obj
 0004:00001ddc       $pdata$_commit             0000000180036ddc     libucrt:commit.obj
 0004:00001de8       $pdata$??$?RV<lambda_a37b2b86f63e897a80ea819b0eb08c01>@@AEAV<lambda_38ce7e780aa69e748d6df282ebc68efe>@@V<lambda_99fb1378e971ab6e7edea83e3a7a83a2>@@@?$__crt_seh_guarded_call@H@@QEAAH$$QEAV<lambda_a37b2b86f63e897a80ea819b0eb08c01>@@AEAV<lambda_38ce7e780aa69e748d6df282ebc68efe>@@$$QEAV<lambda_99fb1378e971ab6e7edea83e3a7a83a2>@@@Z 0000000180036de8     libucrt:commit.obj
 0004:00001df4       $pdata$?fin$0@?0???$?RV<lambda_751a882b2c74d4b022dec766aa51a29a>@@AEAV<lambda_628dfdc04ba53c8bfc02c9951375f3f5>@@V<lambda_f6c7be5f7998530c34de24c7437d6b54>@@@?$__crt_seh_guarded_call@H@@QEAAH$$QEAV<lambda_751a882b2c74d4b022dec766aa51a29a>@@AEAV<lambda_628dfdc04ba53c8bfc02c9951375f3f5>@@$$QEAV<lambda_f6c7be5f7998530c34de24c7437d6b54>@@@Z@4HA 0000000180036df4     libucrt:close.obj
 0004:00001df4       $pdata$?fin$0@?0???$?RV<lambda_a37b2b86f63e897a80ea819b0eb08c01>@@AEAV<lambda_38ce7e780aa69e748d6df282ebc68efe>@@V<lambda_99fb1378e971ab6e7edea83e3a7a83a2>@@@?$__crt_seh_guarded_call@H@@QEAAH$$QEAV<lambda_a37b2b86f63e897a80ea819b0eb08c01>@@AEAV<lambda_38ce7e780aa69e748d6df282ebc68efe>@@$$QEAV<lambda_99fb1378e971ab6e7edea83e3a7a83a2>@@@Z@4HA 0000000180036df4     libucrt:commit.obj
 0004:00001e00       $pdata$_write              0000000180036e00     libucrt:write.obj
 0004:00001e0c       $pdata$_write$fin$0        0000000180036e0c     libucrt:write.obj
 0004:00001e18       $pdata$_write_nolock       0000000180036e18     libucrt:write.obj
 0004:00001e24       $pdata$?write_double_translated_ansi_nolock@@YA?AUwrite_result@?A0x17268360@@HQEBDI@Z 0000000180036e24     libucrt:write.obj
 0004:00001e30       $pdata$?write_text_ansi_nolock@@YA?AUwrite_result@?A0x17268360@@HQEBDI@Z 0000000180036e30     libucrt:write.obj
 0004:00001e3c       $pdata$?write_text_utf16le_nolock@@YA?AUwrite_result@?A0x17268360@@HQEBDI@Z 0000000180036e3c     libucrt:write.obj
 0004:00001e48       $pdata$?write_text_utf8_nolock@@YA?AUwrite_result@?A0x17268360@@HQEBDI@Z 0000000180036e48     libucrt:write.obj
 0004:00001e54       $pdata$?__mbrtoc32_utf8@__crt_mbstring@@YA_KPEA_UPEBD_KPEAU_Mbstatet@@@Z 0000000180036e54     libucrt:mbrtoc32.obj
 0004:00001e60       $pdata$fegetenv            0000000180036e60     libucrt:fegetenv.obj
 0004:00001e6c       $pdata$fesetenv            0000000180036e6c     libucrt:fesetenv.obj
 0004:00001e78       $pdata$feholdexcept        0000000180036e78     libucrt:feholdexcept.obj
 0004:00001e90       $pdata$??$common_lseek_nolock@_J@@YA_JH_JH@Z 0000000180036e90     libucrt:lseek.obj
 0004:00001e9c       $pdata$fclose              0000000180036e9c     libucrt:fclose.obj
 0004:00001ea8       $pdata$fclose$fin$0        0000000180036ea8     libucrt:fclose.obj
 0004:00001eb4       $pdata$_fclose_nolock      0000000180036eb4     libucrt:fclose.obj
 0004:00001ec0       $pdata$_putwch_nolock      0000000180036ec0     libucrt:putwch.obj
 0004:00001ecc       $pdata$__acrt_fenv_set_control 0000000180036ecc     libucrt:_fenvutils.obj
 0004:00001ed8       $pdata$_clearfp            0000000180036ed8     libucrt:ieee.obj
 0004:00001ee4       $pdata$_call_matherr       0000000180036ee4     libucrt:libm_error.obj
 0004:00001ef0       $pdata$_exception_enabled  0000000180036ef0     libucrt:libm_error.obj
 0004:00001efc       $pdata$_handle_error       0000000180036efc     libucrt:libm_error.obj
 0004:00001f08       $pdata$__acrt_initialize_fma3 0000000180036f08     libucrt:fma3_available.obj
 0004:00001f14       $pdata$_log_special_common 0000000180036f14     libucrt:log_special.obj
 0004:00001f20       $pdata$_log10_special      0000000180036f20     libucrt:log_special.obj
 0004:00001f2c       $pdata$_close              0000000180036f2c     libucrt:close.obj
 0004:00001f38       $pdata$_close_nolock       0000000180036f38     libucrt:close.obj
 0004:00001f44       $pdata$??$?RV<lambda_751a882b2c74d4b022dec766aa51a29a>@@AEAV<lambda_628dfdc04ba53c8bfc02c9951375f3f5>@@V<lambda_f6c7be5f7998530c34de24c7437d6b54>@@@?$__crt_seh_guarded_call@H@@QEAAH$$QEAV<lambda_751a882b2c74d4b022dec766aa51a29a>@@AEAV<lambda_628dfdc04ba53c8bfc02c9951375f3f5>@@$$QEAV<lambda_f6c7be5f7998530c34de24c7437d6b54>@@@Z 0000000180036f44     libucrt:close.obj
 0004:00001f50       $pdata$__dcrt_lowio_ensure_console_output_initialized 0000000180036f50     libucrt:initcon.obj
 0004:00001f5c       $pdata$__dcrt_write_console 0000000180036f5c     libucrt:initcon.obj
 0004:00001f68       $pdata$__dcrt_terminate_console_output 0000000180036f68     libucrt:initcon.obj
 0004:00001f80       $pdata$_set_errno_from_matherr 0000000180036f80     libucrt:fpexcept.obj
 0004:00001f8c       $pdata$_raise_exc          0000000180036f8c     libucrt:fpexcept.obj
 0004:00001f98       $pdata$_raise_exc_ex       0000000180036f98     libucrt:fpexcept.obj
 0004:00001fa4       $pdata$_clrfp              0000000180036fa4     libucrt:fpctrl.obj
 0004:00001fb0       $pdata$_ctrlfp             0000000180036fb0     libucrt:fpctrl.obj
 0004:00001fbc       $pdata$_ctrlfp$filt$0      0000000180036fbc     libucrt:fpctrl.obj
 0004:00001fc8       $pdata$_statfp             0000000180036fc8     libucrt:fpctrl.obj
 0004:00001fd4       $pdata$_set_statfp         0000000180036fd4     libucrt:fpctrl.obj
 0004:00001fe0       $pdata$_IsNonwritableInCurrentImage 0000000180036fe0     LIBCMT:pesect.obj
 0004:00001fec       $pdata$_IsNonwritableInCurrentImage$filt$0 0000000180036fec     LIBCMT:pesect.obj
 0005:00000000       MoveSmall                  0000000180037000     libvcruntime:memcpy.obj
 0005:00000050       MsetTab                    0000000180037050     libvcruntime:memset.obj
 0006:00000220       $R000000                   0000000180038220     ElectronicJournal.res
 0006:00000be0       $R0009C0                   0000000180038be0     ElectronicJournal.res
 0006:00000cc8       $R000AA8                   0000000180038cc8     ElectronicJournal.res
 0006:00000f30       $R000D10                   0000000180038f30     ElectronicJournal.res
 0006:00001470       $R001250                   0000000180039470     ElectronicJournal.res
 0006:00005140       $R004F20                   000000018003d140     ElectronicJournal.res
 0006:00005188       $R004F68                   000000018003d188     ElectronicJournal.res
