 OPOSSmartCardRW

 Timestamp is 5b863f2e (Wed Aug 29 15:37:34 2018)

 Preferred load address is 0000000180000000

 Start         Length     Name                   Class
 0001:00000000 000000c0H .text$di                CODE
 0001:000000c0 0001fac0H .text$mn                CODE
 0001:0001fb80 00000020H .text$mn$00             CODE
 0001:0001fba0 00000400H .text$x                 CODE
 0001:0001ffa0 000000c0H .text$yd                CODE
 0002:00000000 00000618H .idata$5                DATA
 0002:00000618 00000010H .00cfg                  DATA
 0002:00000628 00000008H .CRT$XCA                DATA
 0002:00000630 00000008H .CRT$XCL                DATA
 0002:00000638 00000020H .CRT$XCU                DATA
 0002:00000658 00000008H .CRT$XCZ                DATA
 0002:00000660 00000008H .CRT$XIA                DATA
 0002:00000668 00000020H .CRT$XIC                DATA
 0002:00000688 00000008H .CRT$XIZ                DATA
 0002:00000690 00000008H .CRT$XLA                DATA
 0002:00000698 00000008H .CRT$XLZ                DATA
 0002:000006a0 00000008H .CRT$XPA                DATA
 0002:000006a8 00000010H .CRT$XPX                DATA
 0002:000006b8 00000008H .CRT$XPXA               DATA
 0002:000006c0 00000008H .CRT$XPZ                DATA
 0002:000006c8 00000008H .CRT$XTA                DATA
 0002:000006d0 00000010H .CRT$XTZ                DATA
 0002:000006d8 00000000H .gfids$y                DATA
 0002:000006e0 0000a1a0H .rdata                  DATA
 0002:0000a880 00000028H .rdata$T                DATA
 0002:0000a8a8 00000274H .rdata$r                DATA
 0002:0000ab1c 000003fcH .rdata$zzzdbg           DATA
 0002:0000af18 00000008H .rtc$IAA                DATA
 0002:0000af20 00000008H .rtc$IZZ                DATA
 0002:0000af28 00000008H .rtc$TAA                DATA
 0002:0000af30 00000008H .rtc$TZZ                DATA
 0002:0000af38 00000004H .tls                    DATA
 0002:0000af3c 00000004H .tls$                   DATA
 0002:0000af40 00000008H .tls$ZZZ                DATA
 0002:0000af48 00001698H .xdata                  DATA
 0002:0000c5e0 00000150H .xdata$x                DATA
 0002:0000c730 00000008H ATL$__a                 DATA
 0002:0000c738 00000008H ATL$__z                 DATA
 0002:0000c740 000000acH .edata                  DATA
 0002:0000c7ec 00000078H .idata$2                DATA
 0002:0000c864 00000014H .idata$3                DATA
 0002:0000c878 00000618H .idata$4                DATA
 0002:0000ce90 00000c1cH .idata$6                DATA
 0003:00000000 00000c98H .data                   DATA
 0003:00000c98 000000c8H .data$r                 DATA
 0003:00000d60 000013fcH .bss                    DATA
 0004:00000000 00001ef0H .pdata                  DATA
 0005:00000000 00000220H .rsrc$01                DATA
 0005:00000220 00004380H .rsrc$02                DATA

  Address         Publics by Value              Rva+Base               Lib:Object

 0000:00000000       __hybrid_code_map_count    0000000000000000     <absolute>
 0000:00000000       __guard_longjmp_count      0000000000000000     <absolute>
 0000:00000000       __hybrid_code_map          0000000000000000     <absolute>
 0000:00000000       __guard_iat_count          0000000000000000     <absolute>
 0000:00000000       __guard_longjmp_table      0000000000000000     <absolute>
 0000:00000000       __volatile_metadata        0000000000000000     <absolute>
 0000:00000000       __guard_iat_table          0000000000000000     <absolute>
 0000:00000000       __guard_fids_count         0000000000000000     <absolute>
 0000:00000000       __enclave_config           0000000000000000     <absolute>
 0000:00000000       ___safe_se_handler_count   0000000000000000     <absolute>
 0000:00000000       ___safe_se_handler_table   0000000000000000     <absolute>
 0000:00000000       __guard_fids_table         0000000000000000     <absolute>
 0000:00000000       __hybrid_auxiliary_iat     0000000000000000     <absolute>
 0000:00000000       __dynamic_value_reloc_table 0000000000000000     <absolute>
 0000:00000100       __guard_flags              0000000000000100     <absolute>
 0000:00000000       __ImageBase                0000000180000000     <linker-defined>
 0001:000000c0       ?DupWide@_CW@@AEAAXXZ      00000001800010c0 f   CWString.obj
 0001:000000e8       ?cw_dup@@YAXPEBDAEAHAEAPEA_W1@Z 00000001800010e8 f   CWString.obj
 0001:00000194       ?cw_memcpy@@YAHPEA_WPEBDH@Z 0000000180001194 f   CWString.obj
 0001:000001e0       ?cw_strcpy@@YAHPEA_WPEBD@Z 00000001800011e0 f   CWString.obj
 0001:000001f4       ??0CAtlComModule@ATL@@QEAA@XZ 00000001800011f4 f i OposVariant.obj
 0001:0000027c       ??0CAtlWinModule@ATL@@QEAA@XZ 000000018000127c f i OposVariant.obj
 0001:000002f0       ??0OposDispParms@@QEAA@PEAVOposVariant@@H@Z 00000001800012f0 f   OposVariant.obj
 0001:00000398       ??1OposDispParms@@QEAA@XZ  0000000180001398 f   OposVariant.obj
 0001:000003b0       ??_Estringdispid@CComTypeInfoHolder@ATL@@QEAAPEAXI@Z 00000001800013b0 f i OposVariant.obj
 0001:00000454       ?AtlWinModuleTerm@ATL@@YAJPEAU_ATL_WIN_MODULE70@1@PEAUHINSTANCE__@@@Z 0000000180001454 f i OposVariant.obj
 0001:00000504       ?ChangeBSTR@OposVariant@@QEAAXPEAPEA_WAEAJ@Z 0000000180001504 f   OposVariant.obj
 0001:00000564       ?ChangeLONG@OposVariant@@QEAAXPEAJAEAJ@Z 0000000180001564 f   OposVariant.obj
 0001:000005c0       ?GetLONG@OposVariant@@QEAAJXZ 00000001800015c0 f   OposVariant.obj
 0001:000005e4       ?SetBSTR@OposVariant@@QEAAXPEA_WAEAJ@Z 00000001800015e4 f   OposVariant.obj
 0001:00000624       ?SetBSTR_Copy@OposVariant@@QEAAXPEA_WAEAJ@Z 0000000180001624 f   OposVariant.obj
 0001:00000694       ?SetBSTR_InOutPtr@OposVariant@@QEAA_NPEAPEA_WAEAJ@Z 0000000180001694 f   OposVariant.obj
 0001:000006e4       ?SetDispatch_Ptr@OposVariant@@QEAAXPEAUIDispatch@@AEAJ@Z 00000001800016e4 f   OposVariant.obj
 0001:0000073c       ?SetLONG@OposVariant@@QEAAXJ@Z 000000018000173c f   OposVariant.obj
 0001:0000076c       ?SetLONG_Ptr@OposVariant@@QEAAXPEAJAEAJ@Z 000000018000176c f   OposVariant.obj
 0001:000007b8       ?SetString@OposVariant@@QEAAXPEB_WAEAJ@Z 00000001800017b8 f   OposVariant.obj
 0001:0000081c       ?SetVARIANT_BOOL@OposVariant@@QEAAXF@Z 000000018000181c f   OposVariant.obj
 0001:00000854       ?Term@CAtlComModule@ATL@@QEAAXXZ 0000000180001854 f i OposVariant.obj
 0001:000008c4       ?_AtlInitializeCriticalSectionEx@ATL@@YAHPEAU_RTL_CRITICAL_SECTION@@KK@Z 00000001800018c4 f i OposVariant.obj
 0001:000008cc       ?_AtlRaiseException@ATL@@YAXKK@Z 00000001800018cc f i OposVariant.obj
 0001:000008dc       ?CreateInstance@?$CComCreator@V?$CComObjectCached@VCComClassFactory@ATL@@@ATL@@@ATL@@SAJPEAXAEBU_GUID@@PEAPEAX@Z 00000001800018dc f i SmartCardRW.obj
 0001:000009dc       ?CreateInstance@?$CComCreator2@V?$CComCreator@V?$CComObject@VCOPOSSmartCardRW@@@ATL@@@ATL@@V?$CComCreator@V?$CComAggObject@VCOPOSSmartCardRW@@@ATL@@@2@@ATL@@SAJPEAXAEBU_GUID@@PEAPEAX@Z 00000001800019dc f i SmartCardRW.obj
 0001:000009ec       ?GetCanonicalFormatEtc@?$IDataObjectImpl@VCOPOSSmartCardRW@@@ATL@@UEAAJPEAUtagFORMATETC@@0@Z 00000001800019ec f i SmartCardRW.obj
 0001:000009ec       ?GetDropTarget@?$IOleInPlaceObjectWindowlessImpl@VCOPOSSmartCardRW@@@ATL@@UEAAJPEAPEAUIDropTarget@@@Z 00000001800019ec f i SmartCardRW.obj
 0001:000009ec       ?SetMoniker@?$IOleObjectImpl@VCOPOSSmartCardRW@@@ATL@@UEAAJKPEAUIMoniker@@@Z 00000001800019ec f i SmartCardRW.obj
 0001:000009ec       ?ReactivateAndUndo@?$IOleInPlaceObjectWindowlessImpl@VCOPOSSmartCardRW@@@ATL@@UEAAJXZ 00000001800019ec f i SmartCardRW.obj
 0001:000009ec       ?Freeze@?$IViewObjectExImpl@VCOPOSSmartCardRW@@@ATL@@UEAAJKJPEAXPEAK@Z 00000001800019ec f i SmartCardRW.obj
 0001:000009ec       ?SetData@?$IDataObjectImpl@VCOPOSSmartCardRW@@@ATL@@UEAAJPEAUtagFORMATETC@@PEAUtagSTGMEDIUM@@H@Z 00000001800019ec f i SmartCardRW.obj
 0001:000009ec       ?ContextSensitiveHelp@?$IOleInPlaceActiveObjectImpl@VCOPOSSmartCardRW@@@ATL@@UEAAJH@Z 00000001800019ec f i SmartCardRW.obj
 0001:000009ec       ?SetColorScheme@?$IOleObjectImpl@VCOPOSSmartCardRW@@@ATL@@UEAAJPEAUtagLOGPALETTE@@@Z 00000001800019ec f i SmartCardRW.obj
 0001:000009ec       ?InitFromData@?$IOleObjectImpl@VCOPOSSmartCardRW@@@ATL@@UEAAJPEAUIDataObject@@HK@Z 00000001800019ec f i SmartCardRW.obj
 0001:000009ec       ?GetColorSet@?$IViewObjectExImpl@VCOPOSSmartCardRW@@@ATL@@UEAAJKJPEAXPEAUtagDVTARGETDEVICE@@PEAUHDC__@@PEAPEAUtagLOGPALETTE@@@Z 00000001800019ec f i SmartCardRW.obj
 0001:000009ec       ?QueryInterface@CRegObject@ATL@@UEAAJAEBU_GUID@@PEAPEAX@Z 00000001800019ec f i SmartCardRW.obj
 0001:000009ec       ?EnumFormatEtc@?$IDataObjectImpl@VCOPOSSmartCardRW@@@ATL@@UEAAJKPEAPEAUIEnumFORMATETC@@@Z 00000001800019ec f i SmartCardRW.obj
 0001:000009ec       ?GetControlInfo@?$IOleControlImpl@VCOPOSSmartCardRW@@@ATL@@UEAAJPEAUtagCONTROLINFO@@@Z 00000001800019ec f i SmartCardRW.obj
 0001:000009ec       ?GetDataHere@?$IDataObjectImpl@VCOPOSSmartCardRW@@@ATL@@UEAAJPEAUtagFORMATETC@@PEAUtagSTGMEDIUM@@@Z 00000001800019ec f i SmartCardRW.obj
 0001:000009ec       ?OnMnemonic@?$IOleControlImpl@VCOPOSSmartCardRW@@@ATL@@UEAAJPEAUtagMSG@@@Z 00000001800019ec f i SmartCardRW.obj
 0001:000009ec       ?GetClipboardData@?$IOleObjectImpl@VCOPOSSmartCardRW@@@ATL@@UEAAJKPEAPEAUIDataObject@@@Z 00000001800019ec f i SmartCardRW.obj
 0001:000009ec       ?GetRect@?$IViewObjectExImpl@VCOPOSSmartCardRW@@@ATL@@UEAAJKPEAU_RECTL@@@Z 00000001800019ec f i SmartCardRW.obj
 0001:000009ec       ?Unfreeze@?$IViewObjectExImpl@VCOPOSSmartCardRW@@@ATL@@UEAAJK@Z 00000001800019ec f i SmartCardRW.obj
 0001:000009ec       ?ContextSensitiveHelp@?$IOleInPlaceObjectWindowlessImpl@VCOPOSSmartCardRW@@@ATL@@UEAAJH@Z 00000001800019ec f i SmartCardRW.obj
 0001:000009ec       ?GetMoniker@?$IOleObjectImpl@VCOPOSSmartCardRW@@@ATL@@UEAAJKKPEAPEAUIMoniker@@@Z 00000001800019ec f i SmartCardRW.obj
 0001:000009ec       ?QueryGetData@?$IDataObjectImpl@VCOPOSSmartCardRW@@@ATL@@UEAAJPEAUtagFORMATETC@@@Z 00000001800019ec f i SmartCardRW.obj
 0001:000009f4       ?AddRef@CRegObject@ATL@@UEAAKXZ 00000001800019f4 f i SmartCardRW.obj
 0001:000009f4       ?FAccessAllowed@?$IObjectSafetyImpl@VCOPOSSmartCardRW@@$02@ATL@@MEAAHXZ 00000001800019f4 f i SmartCardRW.obj
 0001:000009fc       ?OnAmbientPropertyChange@?$IOleControlImpl@VCOPOSSmartCardRW@@@ATL@@UEAAJJ@Z 00000001800019fc f i SmartCardRW.obj
 0001:000009fc       ?ResizeBorder@?$IOleInPlaceActiveObjectImpl@VCOPOSSmartCardRW@@@ATL@@UEAAJPEBUtagRECT@@PEAUIOleInPlaceUIWindow@@H@Z 00000001800019fc f i SmartCardRW.obj
 0001:000009fc       ?SaveCompleted@?$IPersistStorageImpl@VCOPOSSmartCardRW@@@ATL@@UEAAJPEAUIStorage@@@Z 00000001800019fc f i SmartCardRW.obj
 0001:000009fc       ?OnFrameWindowActivate@?$IOleInPlaceActiveObjectImpl@VCOPOSSmartCardRW@@@ATL@@UEAAJH@Z 00000001800019fc f i SmartCardRW.obj
 0001:000009fc       ?IsUpToDate@?$IOleObjectImpl@VCOPOSSmartCardRW@@@ATL@@UEAAJXZ 00000001800019fc f i SmartCardRW.obj
 0001:000009fc       ?GetCategoryMap@CComObjectRootBase@ATL@@SAPEBU_ATL_CATMAP_ENTRY@2@XZ 00000001800019fc f i SmartCardRW.obj
 0001:000009fc       ?EnableModeless@?$IOleInPlaceActiveObjectImpl@VCOPOSSmartCardRW@@@ATL@@UEAAJH@Z 00000001800019fc f i SmartCardRW.obj
 0001:000009fc       ?Release@CRegObject@ATL@@UEAAKXZ 00000001800019fc f i SmartCardRW.obj
 0001:000009fc       ?HandsOffStorage@?$IPersistStorageImpl@VCOPOSSmartCardRW@@@ATL@@UEAAJXZ 00000001800019fc f i SmartCardRW.obj
 0001:000009fc       ?SetHostNames@?$IOleObjectImpl@VCOPOSSmartCardRW@@@ATL@@UEAAJPEB_W0@Z 00000001800019fc f i SmartCardRW.obj
 0001:000009fc       ?GetObjectDescription@?$CComCoClass@VCOPOSSmartCardRW@@$1?CLSID_OPOSSmartCardRW@@3U_GUID@@B@ATL@@SAPEB_WXZ 00000001800019fc f i SmartCardRW.obj
 0001:000009fc       ?Update@?$IOleObjectImpl@VCOPOSSmartCardRW@@@ATL@@UEAAJXZ 00000001800019fc f i SmartCardRW.obj
 0001:00000a00       ?AddReplacement@CRegObject@ATL@@UEAAJPEB_W0@Z 0000000180001a00 f i SmartCardRW.obj
 0001:00000a30       ?ClearReplacements@CRegObject@ATL@@UEAAJXZ 0000000180001a30 f i SmartCardRW.obj
 0001:00000a3c       ??_ECRegObject@ATL@@UEAAPEAXI@Z 0000000180001a3c f i SmartCardRW.obj
 0001:00000a3c       ??_GCRegObject@ATL@@UEAAPEAXI@Z 0000000180001a3c f i SmartCardRW.obj
 0001:00000abc       ?Next@?$CComEnumImpl@UIEnumConnectionPoints@@$1?_GUID_b196b285_bab4_101a_b69c_00aa00341d07@@3U__s_GUID@@BPEAUIConnectionPoint@@V?$_CopyInterface@UIConnectionPoint@@@ATL@@@ATL@@UEAAJKPEAPEAUIConnectionPoint@@PEAK@Z 0000000180001abc f i SmartCardRW.obj
 0001:00000b88       ?Skip@?$CComEnumImpl@UIEnumConnectionPoints@@$1?_GUID_b196b285_bab4_101a_b69c_00aa00341d07@@3U__s_GUID@@BPEAUIConnectionPoint@@V?$_CopyInterface@UIConnectionPoint@@@ATL@@@ATL@@UEAAJK@Z 0000000180001b88 f i SmartCardRW.obj
 0001:00000bb4       ?Reset@?$CComEnumImpl@UIEnumConnectionPoints@@$1?_GUID_b196b285_bab4_101a_b69c_00aa00341d07@@3U__s_GUID@@BPEAUIConnectionPoint@@V?$_CopyInterface@UIConnectionPoint@@@ATL@@@ATL@@UEAAJXZ 0000000180001bb4 f i SmartCardRW.obj
 0001:00000bb4       ?Reset@?$CComEnumImpl@UIEnumConnections@@$1?_GUID_b196b287_bab4_101a_b69c_00aa00341d07@@3U__s_GUID@@BUtagCONNECTDATA@@V?$_Copy@UtagCONNECTDATA@@@ATL@@@ATL@@UEAAJXZ 0000000180001bb4 f i SmartCardRW.obj
 0001:00000bc0       ?Clone@?$CComEnumImpl@UIEnumConnectionPoints@@$1?_GUID_b196b285_bab4_101a_b69c_00aa00341d07@@3U__s_GUID@@BPEAUIConnectionPoint@@V?$_CopyInterface@UIConnectionPoint@@@ATL@@@ATL@@UEAAJPEAPEAUIEnumConnectionPoints@@@Z 0000000180001bc0 f i SmartCardRW.obj
 0001:00000ce8       ?AddRef@?$CComObject@V?$CComEnum@UIEnumConnectionPoints@@$1?_GUID_b196b285_bab4_101a_b69c_00aa00341d07@@3U__s_GUID@@BPEAUIConnectionPoint@@V?$_CopyInterface@UIConnectionPoint@@@ATL@@VCComSingleThreadModel@6@@ATL@@@ATL@@UEAAKXZ 0000000180001ce8 f i SmartCardRW.obj
 0001:00000ce8       ?AddRef@?$CComObject@V?$CComEnum@UIEnumConnections@@$1?_GUID_b196b287_bab4_101a_b69c_00aa00341d07@@3U__s_GUID@@BUtagCONNECTDATA@@V?$_Copy@UtagCONNECTDATA@@@ATL@@VCComSingleThreadModel@6@@ATL@@@ATL@@UEAAKXZ 0000000180001ce8 f i SmartCardRW.obj
 0001:00000cf4       ?Release@?$CComObject@V?$CComEnum@UIEnumConnections@@$1?_GUID_b196b287_bab4_101a_b69c_00aa00341d07@@3U__s_GUID@@BUtagCONNECTDATA@@V?$_Copy@UtagCONNECTDATA@@@ATL@@VCComSingleThreadModel@6@@ATL@@@ATL@@UEAAKXZ 0000000180001cf4 f i SmartCardRW.obj
 0001:00000cf4       ?Release@?$CComObject@V?$CComEnum@UIEnumConnectionPoints@@$1?_GUID_b196b285_bab4_101a_b69c_00aa00341d07@@3U__s_GUID@@BPEAUIConnectionPoint@@V?$_CopyInterface@UIConnectionPoint@@@ATL@@VCComSingleThreadModel@6@@ATL@@@ATL@@UEAAKXZ 0000000180001cf4 f i SmartCardRW.obj
 0001:00000d48       ?QueryInterface@?$CComObject@V?$CComEnum@UIEnumConnectionPoints@@$1?_GUID_b196b285_bab4_101a_b69c_00aa00341d07@@3U__s_GUID@@BPEAUIConnectionPoint@@V?$_CopyInterface@UIConnectionPoint@@@ATL@@VCComSingleThreadModel@6@@ATL@@@ATL@@UEAAJAEBU_GUID@@PEAPEAX@Z 0000000180001d48 f i SmartCardRW.obj
 0001:00000d5c       ??_E?$CComObject@V?$CComEnum@UIEnumConnectionPoints@@$1?_GUID_b196b285_bab4_101a_b69c_00aa00341d07@@3U__s_GUID@@BPEAUIConnectionPoint@@V?$_CopyInterface@UIConnectionPoint@@@ATL@@VCComSingleThreadModel@6@@ATL@@@ATL@@UEAAPEAXI@Z 0000000180001d5c f i SmartCardRW.obj
 0001:00000d5c       ??_G?$CComObject@V?$CComEnum@UIEnumConnectionPoints@@$1?_GUID_b196b285_bab4_101a_b69c_00aa00341d07@@3U__s_GUID@@BPEAUIConnectionPoint@@V?$_CopyInterface@UIConnectionPoint@@@ATL@@VCComSingleThreadModel@6@@ATL@@@ATL@@UEAAPEAXI@Z 0000000180001d5c f i SmartCardRW.obj
 0001:00000db4       ?AddRef@?$CComObjectCached@VCComClassFactory@ATL@@@ATL@@UEAAKXZ 0000000180001db4 f i SmartCardRW.obj
 0001:00000de0       ?Release@?$CComObjectCached@VCComClassFactory@ATL@@@ATL@@UEAAKXZ 0000000180001de0 f i SmartCardRW.obj
 0001:00000e20       ?QueryInterface@?$CComObjectCached@VCComClassFactory@ATL@@@ATL@@UEAAJAEBU_GUID@@PEAPEAX@Z 0000000180001e20 f i SmartCardRW.obj
 0001:00000e34       ??_G?$CComObjectCached@VCComClassFactory@ATL@@@ATL@@UEAAPEAXI@Z 0000000180001e34 f i SmartCardRW.obj
 0001:00000e34       ??_E?$CComObjectCached@VCComClassFactory@ATL@@@ATL@@UEAAPEAXI@Z 0000000180001e34 f i SmartCardRW.obj
 0001:00000e8c       ?AddRef@?$CComAggObject@VCOPOSSmartCardRW@@@ATL@@UEAAKXZ 0000000180001e8c f i SmartCardRW.obj
 0001:00000e98       ?Release@?$CComAggObject@VCOPOSSmartCardRW@@@ATL@@UEAAKXZ 0000000180001e98 f i SmartCardRW.obj
 0001:00000eec       ?QueryInterface@?$CComAggObject@VCOPOSSmartCardRW@@@ATL@@UEAAJAEBU_GUID@@PEAPEAX@Z 0000000180001eec f i SmartCardRW.obj
 0001:00000f4c       ?AddRef@?$CComContainedObject@VCOPOSSmartCardRW@@@ATL@@UEAAKXZ 0000000180001f4c f i SmartCardRW.obj
 0001:00000f5c       ?Release@?$CComContainedObject@VCOPOSSmartCardRW@@@ATL@@UEAAKXZ 0000000180001f5c f i SmartCardRW.obj
 0001:00000f6c       ?QueryInterface@?$CComContainedObject@VCOPOSSmartCardRW@@@ATL@@UEAAJAEBU_GUID@@PEAPEAX@Z 0000000180001f6c f i SmartCardRW.obj
 0001:00000f7c       ??_E?$CComAggObject@VCOPOSSmartCardRW@@@ATL@@UEAAPEAXI@Z 0000000180001f7c f i SmartCardRW.obj
 0001:00000f7c       ??_G?$CComAggObject@VCOPOSSmartCardRW@@@ATL@@UEAAPEAXI@Z 0000000180001f7c f i SmartCardRW.obj
 0001:00000fd4       ?AddRef@?$CComObject@VCOPOSSmartCardRW@@@ATL@@UEAAKXZ 0000000180001fd4 f i SmartCardRW.obj
 0001:00000fe4       ?Release@?$CComObject@VCOPOSSmartCardRW@@@ATL@@UEAAKXZ 0000000180001fe4 f i SmartCardRW.obj
 0001:0000103c       ?QueryInterface@?$CComObject@VCOPOSSmartCardRW@@@ATL@@UEAAJAEBU_GUID@@PEAPEAX@Z 000000018000203c f i SmartCardRW.obj
 0001:00001050       ?OnDrawAdvanced@CComControlBase@ATL@@UEAAJAEAUATL_DRAWINFO@@@Z 0000000180002050 f i SmartCardRW.obj
 0001:00001170       ?OnFinalMessage@?$CWindowImplBaseT@VCWindow@ATL@@V?$CWinTraits@$0FGAAAAAA@$0A@@2@@ATL@@UEAAXPEAUHWND__@@@Z 0000000180002170 f i SmartCardRW.obj
 0001:00001170       ?ObjectMain@CComObjectRootBase@ATL@@SAX_N@Z 0000000180002170 f i SmartCardRW.obj
 0001:00001174       ?CreateInstance@CComClassFactory@ATL@@UEAAJPEAUIUnknown@@AEBU_GUID@@PEAPEAX@Z 0000000180002174 f i SmartCardRW.obj
 0001:000011d4       ?LockServer@CComClassFactory@ATL@@UEAAJH@Z 00000001800021d4 f i SmartCardRW.obj
 0001:000011f8       ??_GCComClassFactory@ATL@@UEAAPEAXI@Z 00000001800021f8 f i SmartCardRW.obj
 0001:000011f8       ??_ECComClassFactory@ATL@@UEAAPEAXI@Z 00000001800021f8 f i SmartCardRW.obj
 0001:00001248       ?Next@?$CComEnumImpl@UIEnumConnections@@$1?_GUID_b196b287_bab4_101a_b69c_00aa00341d07@@3U__s_GUID@@BUtagCONNECTDATA@@V?$_Copy@UtagCONNECTDATA@@@ATL@@@ATL@@UEAAJKPEAUtagCONNECTDATA@@PEAK@Z 0000000180002248 f i SmartCardRW.obj
 0001:0000131c       ?Skip@?$CComEnumImpl@UIEnumConnections@@$1?_GUID_b196b287_bab4_101a_b69c_00aa00341d07@@3U__s_GUID@@BUtagCONNECTDATA@@V?$_Copy@UtagCONNECTDATA@@@ATL@@@ATL@@UEAAJK@Z 000000018000231c f i SmartCardRW.obj
 0001:00001348       ?Clone@?$CComEnumImpl@UIEnumConnections@@$1?_GUID_b196b287_bab4_101a_b69c_00aa00341d07@@3U__s_GUID@@BUtagCONNECTDATA@@V?$_Copy@UtagCONNECTDATA@@@ATL@@@ATL@@UEAAJPEAPEAUIEnumConnections@@@Z 0000000180002348 f i SmartCardRW.obj
 0001:00001470       ?QueryInterface@?$CComObject@V?$CComEnum@UIEnumConnections@@$1?_GUID_b196b287_bab4_101a_b69c_00aa00341d07@@3U__s_GUID@@BUtagCONNECTDATA@@V?$_Copy@UtagCONNECTDATA@@@ATL@@VCComSingleThreadModel@6@@ATL@@@ATL@@UEAAJAEBU_GUID@@PEAPEAX@Z 0000000180002470 f i SmartCardRW.obj
 0001:00001484       ??_G?$CComObject@V?$CComEnum@UIEnumConnections@@$1?_GUID_b196b287_bab4_101a_b69c_00aa00341d07@@3U__s_GUID@@BUtagCONNECTDATA@@V?$_Copy@UtagCONNECTDATA@@@ATL@@VCComSingleThreadModel@6@@ATL@@@ATL@@UEAAPEAXI@Z 0000000180002484 f i SmartCardRW.obj
 0001:00001484       ??_E?$CComObject@V?$CComEnum@UIEnumConnections@@$1?_GUID_b196b287_bab4_101a_b69c_00aa00341d07@@3U__s_GUID@@BUtagCONNECTDATA@@V?$_Copy@UtagCONNECTDATA@@@ATL@@VCComSingleThreadModel@6@@ATL@@@ATL@@UEAAPEAXI@Z 0000000180002484 f i SmartCardRW.obj
 0001:000014dc       ??_E?$CComObject@VCOPOSSmartCardRW@@@ATL@@W7EAAPEAXI@Z 00000001800024dc f i SmartCardRW.obj
 0001:000014e8       ??_E?$CComObject@VCOPOSSmartCardRW@@@ATL@@WHA@EAAPEAXI@Z 00000001800024e8 f i SmartCardRW.obj
 0001:000014f4       ?QueryInterface@?$CComObject@VCOPOSSmartCardRW@@@ATL@@WLI@EAAJAEBU_GUID@@PEAPEAX@Z 00000001800024f4 f i SmartCardRW.obj
 0001:00001500       ?AddRef@?$CComObject@VCOPOSSmartCardRW@@@ATL@@WLI@EAAKXZ 0000000180002500 f i SmartCardRW.obj
 0001:0000150c       ?Release@?$CComObject@VCOPOSSmartCardRW@@@ATL@@WLI@EAAKXZ 000000018000250c f i SmartCardRW.obj
 0001:00001518       ?QueryInterface@?$CComObject@VCOPOSSmartCardRW@@@ATL@@WMA@EAAJAEBU_GUID@@PEAPEAX@Z 0000000180002518 f i SmartCardRW.obj
 0001:00001524       ?AddRef@?$CComObject@VCOPOSSmartCardRW@@@ATL@@WMA@EAAKXZ 0000000180002524 f i SmartCardRW.obj
 0001:00001530       ?Release@?$CComObject@VCOPOSSmartCardRW@@@ATL@@WMA@EAAKXZ 0000000180002530 f i SmartCardRW.obj
 0001:0000153c       ?QueryInterface@?$CComObject@VCOPOSSmartCardRW@@@ATL@@WMI@EAAJAEBU_GUID@@PEAPEAX@Z 000000018000253c f i SmartCardRW.obj
 0001:00001548       ?AddRef@?$CComObject@VCOPOSSmartCardRW@@@ATL@@WMI@EAAKXZ 0000000180002548 f i SmartCardRW.obj
 0001:00001554       ?Release@?$CComObject@VCOPOSSmartCardRW@@@ATL@@WMI@EAAKXZ 0000000180002554 f i SmartCardRW.obj
 0001:00001560       ?QueryInterface@?$CComObject@VCOPOSSmartCardRW@@@ATL@@WNA@EAAJAEBU_GUID@@PEAPEAX@Z 0000000180002560 f i SmartCardRW.obj
 0001:0000156c       ?AddRef@?$CComObject@VCOPOSSmartCardRW@@@ATL@@WNA@EAAKXZ 000000018000256c f i SmartCardRW.obj
 0001:00001578       ?Release@?$CComObject@VCOPOSSmartCardRW@@@ATL@@WNA@EAAKXZ 0000000180002578 f i SmartCardRW.obj
 0001:00001584       ?QueryInterface@?$CComObject@VCOPOSSmartCardRW@@@ATL@@WNI@EAAJAEBU_GUID@@PEAPEAX@Z 0000000180002584 f i SmartCardRW.obj
 0001:00001590       ?AddRef@?$CComObject@VCOPOSSmartCardRW@@@ATL@@WNI@EAAKXZ 0000000180002590 f i SmartCardRW.obj
 0001:0000159c       ?Release@?$CComObject@VCOPOSSmartCardRW@@@ATL@@WNI@EAAKXZ 000000018000259c f i SmartCardRW.obj
 0001:000015a8       ?QueryInterface@?$CComObject@VCOPOSSmartCardRW@@@ATL@@WOA@EAAJAEBU_GUID@@PEAPEAX@Z 00000001800025a8 f i SmartCardRW.obj
 0001:000015b4       ?AddRef@?$CComObject@VCOPOSSmartCardRW@@@ATL@@WOA@EAAKXZ 00000001800025b4 f i SmartCardRW.obj
 0001:000015c0       ?Release@?$CComObject@VCOPOSSmartCardRW@@@ATL@@WOA@EAAKXZ 00000001800025c0 f i SmartCardRW.obj
 0001:000015cc       ?QueryInterface@?$CComObject@VCOPOSSmartCardRW@@@ATL@@WOI@EAAJAEBU_GUID@@PEAPEAX@Z 00000001800025cc f i SmartCardRW.obj
 0001:000015d8       ?AddRef@?$CComObject@VCOPOSSmartCardRW@@@ATL@@WOI@EAAKXZ 00000001800025d8 f i SmartCardRW.obj
 0001:000015e4       ?Release@?$CComObject@VCOPOSSmartCardRW@@@ATL@@WOI@EAAKXZ 00000001800025e4 f i SmartCardRW.obj
 0001:000015f0       ?QueryInterface@?$CComObject@VCOPOSSmartCardRW@@@ATL@@WPA@EAAJAEBU_GUID@@PEAPEAX@Z 00000001800025f0 f i SmartCardRW.obj
 0001:000015fc       ?AddRef@?$CComObject@VCOPOSSmartCardRW@@@ATL@@WPA@EAAKXZ 00000001800025fc f i SmartCardRW.obj
 0001:00001608       ?Release@?$CComObject@VCOPOSSmartCardRW@@@ATL@@WPA@EAAKXZ 0000000180002608 f i SmartCardRW.obj
 0001:00001614       ?QueryInterface@?$CComObject@VCOPOSSmartCardRW@@@ATL@@WPI@EAAJAEBU_GUID@@PEAPEAX@Z 0000000180002614 f i SmartCardRW.obj
 0001:00001620       ?AddRef@?$CComObject@VCOPOSSmartCardRW@@@ATL@@WPI@EAAKXZ 0000000180002620 f i SmartCardRW.obj
 0001:0000162c       ?Release@?$CComObject@VCOPOSSmartCardRW@@@ATL@@WPI@EAAKXZ 000000018000262c f i SmartCardRW.obj
 0001:00001638       ?QueryInterface@?$CComObject@VCOPOSSmartCardRW@@@ATL@@WBAA@EAAJAEBU_GUID@@PEAPEAX@Z 0000000180002638 f i SmartCardRW.obj
 0001:00001644       ?AddRef@?$CComObject@VCOPOSSmartCardRW@@@ATL@@WBAA@EAAKXZ 0000000180002644 f i SmartCardRW.obj
 0001:00001650       ?Release@?$CComObject@VCOPOSSmartCardRW@@@ATL@@WBAA@EAAKXZ 0000000180002650 f i SmartCardRW.obj
 0001:0000165c       ?QueryInterface@?$CComObject@VCOPOSSmartCardRW@@@ATL@@WBAI@EAAJAEBU_GUID@@PEAPEAX@Z 000000018000265c f i SmartCardRW.obj
 0001:00001668       ?AddRef@?$CComObject@VCOPOSSmartCardRW@@@ATL@@WBAI@EAAKXZ 0000000180002668 f i SmartCardRW.obj
 0001:00001674       ?Release@?$CComObject@VCOPOSSmartCardRW@@@ATL@@WBAI@EAAKXZ 0000000180002674 f i SmartCardRW.obj
 0001:00001680       ?QueryInterface@?$CComObject@VCOPOSSmartCardRW@@@ATL@@WBBA@EAAJAEBU_GUID@@PEAPEAX@Z 0000000180002680 f i SmartCardRW.obj
 0001:0000168c       ?AddRef@?$CComObject@VCOPOSSmartCardRW@@@ATL@@WBBA@EAAKXZ 000000018000268c f i SmartCardRW.obj
 0001:00001698       ?Release@?$CComObject@VCOPOSSmartCardRW@@@ATL@@WBBA@EAAKXZ 0000000180002698 f i SmartCardRW.obj
 0001:000016a4       ?QueryInterface@?$CComObject@VCOPOSSmartCardRW@@@ATL@@WBBI@EAAJAEBU_GUID@@PEAPEAX@Z 00000001800026a4 f i SmartCardRW.obj
 0001:000016b0       ?AddRef@?$CComObject@VCOPOSSmartCardRW@@@ATL@@WBBI@EAAKXZ 00000001800026b0 f i SmartCardRW.obj
 0001:000016bc       ?Release@?$CComObject@VCOPOSSmartCardRW@@@ATL@@WBBI@EAAKXZ 00000001800026bc f i SmartCardRW.obj
 0001:000016c8       ?AddRef@?$CComObject@VCOPOSSmartCardRW@@@ATL@@WBCI@EAAKXZ 00000001800026c8 f i SmartCardRW.obj
 0001:000016d4       ?Release@?$CComObject@VCOPOSSmartCardRW@@@ATL@@WBCI@EAAKXZ 00000001800026d4 f i SmartCardRW.obj
 0001:000016e0       ?AddRef@?$CComObject@VCOPOSSmartCardRW@@@ATL@@WBEA@EAAKXZ 00000001800026e0 f i SmartCardRW.obj
 0001:000016ec       ?Release@?$CComObject@VCOPOSSmartCardRW@@@ATL@@WBEA@EAAKXZ 00000001800026ec f i SmartCardRW.obj
 0001:000016f8       ??_E?$CComContainedObject@VCOPOSSmartCardRW@@@ATL@@W7EAAPEAXI@Z 00000001800026f8 f i SmartCardRW.obj
 0001:00001704       ??_E?$CComContainedObject@VCOPOSSmartCardRW@@@ATL@@WHA@EAAPEAXI@Z 0000000180002704 f i SmartCardRW.obj
 0001:00001710       ?QueryInterface@?$CComContainedObject@VCOPOSSmartCardRW@@@ATL@@WLI@EAAJAEBU_GUID@@PEAPEAX@Z 0000000180002710 f i SmartCardRW.obj
 0001:0000171c       ?AddRef@?$CComContainedObject@VCOPOSSmartCardRW@@@ATL@@WLI@EAAKXZ 000000018000271c f i SmartCardRW.obj
 0001:00001728       ?Release@?$CComContainedObject@VCOPOSSmartCardRW@@@ATL@@WLI@EAAKXZ 0000000180002728 f i SmartCardRW.obj
 0001:00001734       ?QueryInterface@?$CComContainedObject@VCOPOSSmartCardRW@@@ATL@@WMA@EAAJAEBU_GUID@@PEAPEAX@Z 0000000180002734 f i SmartCardRW.obj
 0001:00001740       ?AddRef@?$CComContainedObject@VCOPOSSmartCardRW@@@ATL@@WMA@EAAKXZ 0000000180002740 f i SmartCardRW.obj
 0001:0000174c       ?Release@?$CComContainedObject@VCOPOSSmartCardRW@@@ATL@@WMA@EAAKXZ 000000018000274c f i SmartCardRW.obj
 0001:00001758       ?QueryInterface@?$CComContainedObject@VCOPOSSmartCardRW@@@ATL@@WMI@EAAJAEBU_GUID@@PEAPEAX@Z 0000000180002758 f i SmartCardRW.obj
 0001:00001764       ?AddRef@?$CComContainedObject@VCOPOSSmartCardRW@@@ATL@@WMI@EAAKXZ 0000000180002764 f i SmartCardRW.obj
 0001:00001770       ?Release@?$CComContainedObject@VCOPOSSmartCardRW@@@ATL@@WMI@EAAKXZ 0000000180002770 f i SmartCardRW.obj
 0001:0000177c       ?QueryInterface@?$CComContainedObject@VCOPOSSmartCardRW@@@ATL@@WNA@EAAJAEBU_GUID@@PEAPEAX@Z 000000018000277c f i SmartCardRW.obj
 0001:00001788       ?AddRef@?$CComContainedObject@VCOPOSSmartCardRW@@@ATL@@WNA@EAAKXZ 0000000180002788 f i SmartCardRW.obj
 0001:00001794       ?Release@?$CComContainedObject@VCOPOSSmartCardRW@@@ATL@@WNA@EAAKXZ 0000000180002794 f i SmartCardRW.obj
 0001:000017a0       ?QueryInterface@?$CComContainedObject@VCOPOSSmartCardRW@@@ATL@@WNI@EAAJAEBU_GUID@@PEAPEAX@Z 00000001800027a0 f i SmartCardRW.obj
 0001:000017ac       ?AddRef@?$CComContainedObject@VCOPOSSmartCardRW@@@ATL@@WNI@EAAKXZ 00000001800027ac f i SmartCardRW.obj
 0001:000017b8       ?Release@?$CComContainedObject@VCOPOSSmartCardRW@@@ATL@@WNI@EAAKXZ 00000001800027b8 f i SmartCardRW.obj
 0001:000017c4       ?QueryInterface@?$CComContainedObject@VCOPOSSmartCardRW@@@ATL@@WOA@EAAJAEBU_GUID@@PEAPEAX@Z 00000001800027c4 f i SmartCardRW.obj
 0001:000017d0       ?AddRef@?$CComContainedObject@VCOPOSSmartCardRW@@@ATL@@WOA@EAAKXZ 00000001800027d0 f i SmartCardRW.obj
 0001:000017dc       ?Release@?$CComContainedObject@VCOPOSSmartCardRW@@@ATL@@WOA@EAAKXZ 00000001800027dc f i SmartCardRW.obj
 0001:000017e8       ?QueryInterface@?$CComContainedObject@VCOPOSSmartCardRW@@@ATL@@WOI@EAAJAEBU_GUID@@PEAPEAX@Z 00000001800027e8 f i SmartCardRW.obj
 0001:000017f4       ?AddRef@?$CComContainedObject@VCOPOSSmartCardRW@@@ATL@@WOI@EAAKXZ 00000001800027f4 f i SmartCardRW.obj
 0001:00001800       ?Release@?$CComContainedObject@VCOPOSSmartCardRW@@@ATL@@WOI@EAAKXZ 0000000180002800 f i SmartCardRW.obj
 0001:0000180c       ?QueryInterface@?$CComContainedObject@VCOPOSSmartCardRW@@@ATL@@WPA@EAAJAEBU_GUID@@PEAPEAX@Z 000000018000280c f i SmartCardRW.obj
 0001:00001818       ?AddRef@?$CComContainedObject@VCOPOSSmartCardRW@@@ATL@@WPA@EAAKXZ 0000000180002818 f i SmartCardRW.obj
 0001:00001824       ?Release@?$CComContainedObject@VCOPOSSmartCardRW@@@ATL@@WPA@EAAKXZ 0000000180002824 f i SmartCardRW.obj
 0001:00001830       ?QueryInterface@?$CComContainedObject@VCOPOSSmartCardRW@@@ATL@@WPI@EAAJAEBU_GUID@@PEAPEAX@Z 0000000180002830 f i SmartCardRW.obj
 0001:0000183c       ?AddRef@?$CComContainedObject@VCOPOSSmartCardRW@@@ATL@@WPI@EAAKXZ 000000018000283c f i SmartCardRW.obj
 0001:00001848       ?Release@?$CComContainedObject@VCOPOSSmartCardRW@@@ATL@@WPI@EAAKXZ 0000000180002848 f i SmartCardRW.obj
 0001:00001854       ?QueryInterface@?$CComContainedObject@VCOPOSSmartCardRW@@@ATL@@WBAA@EAAJAEBU_GUID@@PEAPEAX@Z 0000000180002854 f i SmartCardRW.obj
 0001:00001860       ?AddRef@?$CComContainedObject@VCOPOSSmartCardRW@@@ATL@@WBAA@EAAKXZ 0000000180002860 f i SmartCardRW.obj
 0001:0000186c       ?Release@?$CComContainedObject@VCOPOSSmartCardRW@@@ATL@@WBAA@EAAKXZ 000000018000286c f i SmartCardRW.obj
 0001:00001878       ?QueryInterface@?$CComContainedObject@VCOPOSSmartCardRW@@@ATL@@WBAI@EAAJAEBU_GUID@@PEAPEAX@Z 0000000180002878 f i SmartCardRW.obj
 0001:00001884       ?AddRef@?$CComContainedObject@VCOPOSSmartCardRW@@@ATL@@WBAI@EAAKXZ 0000000180002884 f i SmartCardRW.obj
 0001:00001890       ?Release@?$CComContainedObject@VCOPOSSmartCardRW@@@ATL@@WBAI@EAAKXZ 0000000180002890 f i SmartCardRW.obj
 0001:0000189c       ?QueryInterface@?$CComContainedObject@VCOPOSSmartCardRW@@@ATL@@WBBA@EAAJAEBU_GUID@@PEAPEAX@Z 000000018000289c f i SmartCardRW.obj
 0001:000018a8       ?AddRef@?$CComContainedObject@VCOPOSSmartCardRW@@@ATL@@WBBA@EAAKXZ 00000001800028a8 f i SmartCardRW.obj
 0001:000018b4       ?Release@?$CComContainedObject@VCOPOSSmartCardRW@@@ATL@@WBBA@EAAKXZ 00000001800028b4 f i SmartCardRW.obj
 0001:000018c0       ?QueryInterface@?$CComContainedObject@VCOPOSSmartCardRW@@@ATL@@WBBI@EAAJAEBU_GUID@@PEAPEAX@Z 00000001800028c0 f i SmartCardRW.obj
 0001:000018cc       ?AddRef@?$CComContainedObject@VCOPOSSmartCardRW@@@ATL@@WBBI@EAAKXZ 00000001800028cc f i SmartCardRW.obj
 0001:000018d8       ?Release@?$CComContainedObject@VCOPOSSmartCardRW@@@ATL@@WBBI@EAAKXZ 00000001800028d8 f i SmartCardRW.obj
 0001:000018e4       ?AddRef@?$CComContainedObject@VCOPOSSmartCardRW@@@ATL@@WBCI@EAAKXZ 00000001800028e4 f i SmartCardRW.obj
 0001:000018f0       ?Release@?$CComContainedObject@VCOPOSSmartCardRW@@@ATL@@WBCI@EAAKXZ 00000001800028f0 f i SmartCardRW.obj
 0001:000018fc       ?AddRef@?$CComContainedObject@VCOPOSSmartCardRW@@@ATL@@WBEA@EAAKXZ 00000001800028fc f i SmartCardRW.obj
 0001:00001908       ?Release@?$CComContainedObject@VCOPOSSmartCardRW@@@ATL@@WBEA@EAAKXZ 0000000180002908 f i SmartCardRW.obj
 0001:00001914       ?GetWindowProc@?$CWindowImplBaseT@VCWindow@ATL@@V?$CWinTraits@$0FGAAAAAA@$0A@@2@@ATL@@UEAAP6A_JPEAUHWND__@@I_K_J@ZXZ 0000000180002914 f i SmartCardRW.obj
 0001:0000191c       ?StartWindowProc@?$CWindowImplBaseT@VCWindow@ATL@@V?$CWinTraits@$0FGAAAAAA@$0A@@2@@ATL@@SA_JPEAUHWND__@@I_K_J@Z 000000018000291c f i SmartCardRW.obj
 0001:000019e0       ?Lock@CAtlModule@ATL@@UEAAJXZ 00000001800029e0 f i SmartCardRW.obj
 0001:000019f0       ?Unlock@CAtlModule@ATL@@UEAAJXZ 00000001800029f0 f i SmartCardRW.obj
 0001:000019fc       ?GetLockCount@CAtlModule@ATL@@UEAAJXZ 00000001800029fc f i SmartCardRW.obj
 0001:00001a00       ?GetGITPtr@CAtlModule@ATL@@UEAAJPEAPEAUIGlobalInterfaceTable@@@Z 0000000180002a00 f i SmartCardRW.obj
 0001:00001a70       ?GetTypeInfoCount@?$IDispatchImpl@UIOPOSSmartCardRW@@$1?IID_IOPOSSmartCardRW@@3U_GUID@@B$1?LIBID_OposSmartCardRW_CCO@@3U3@B$00$0A@VCComTypeInfoHolder@ATL@@@ATL@@UEAAJPEAI@Z 0000000180002a70 f i SmartCardRW.obj
 0001:00001a84       ?GetTypeInfo@?$IDispatchImpl@UIOPOSSmartCardRW@@$1?IID_IOPOSSmartCardRW@@3U_GUID@@B$1?LIBID_OposSmartCardRW_CCO@@3U3@B$00$0A@VCComTypeInfoHolder@ATL@@@ATL@@UEAAJIKPEAPEAUITypeInfo@@@Z 0000000180002a84 f i SmartCardRW.obj
 0001:00001ae8       ?GetIDsOfNames@?$IDispatchImpl@UIOPOSSmartCardRW@@$1?IID_IOPOSSmartCardRW@@3U_GUID@@B$1?LIBID_OposSmartCardRW_CCO@@3U3@B$00$0A@VCComTypeInfoHolder@ATL@@@ATL@@UEAAJAEBU_GUID@@PEAPEA_WIKPEAJ@Z 0000000180002ae8 f i SmartCardRW.obj
 0001:00001af4       ?Invoke@?$IDispatchImpl@UIOPOSSmartCardRW@@$1?IID_IOPOSSmartCardRW@@3U_GUID@@B$1?LIBID_OposSmartCardRW_CCO@@3U3@B$00$0A@VCComTypeInfoHolder@ATL@@@ATL@@UEAAJJAEBU_GUID@@KGPEAUtagDISPPARAMS@@PEAUtagVARIANT@@PEAUtagEXCEPINFO@@PEAI@Z 0000000180002af4 f i SmartCardRW.obj
 0001:00001b84       ?CreateControlWindow@?$CComControl@VCOPOSSmartCardRW@@V?$CWindowImpl@VCOPOSSmartCardRW@@VCWindow@ATL@@V?$CWinTraits@$0FGAAAAAA@$0A@@3@@ATL@@@ATL@@UEAAPEAUHWND__@@PEAU3@AEAUtagRECT@@@Z 0000000180002b84 f i SmartCardRW.obj
 0001:00001bbc       ?ControlQueryInterface@?$CComControl@VCOPOSSmartCardRW@@V?$CWindowImpl@VCOPOSSmartCardRW@@VCWindow@ATL@@V?$CWinTraits@$0FGAAAAAA@$0A@@3@@ATL@@@ATL@@UEAAJAEBU_GUID@@PEAPEAX@Z 0000000180002bbc f i SmartCardRW.obj
 0001:00001bd0       ?GetClassID@?$IPersistStreamInitImpl@VCOPOSSmartCardRW@@@ATL@@UEAAJPEAU_GUID@@@Z 0000000180002bd0 f i SmartCardRW.obj
 0001:00001bd0       ?GetClassID@?$IPersistStorageImpl@VCOPOSSmartCardRW@@@ATL@@UEAAJPEAU_GUID@@@Z 0000000180002bd0 f i SmartCardRW.obj
 0001:00001bd0       ?GetUserClassID@?$IOleObjectImpl@VCOPOSSmartCardRW@@@ATL@@UEAAJPEAU_GUID@@@Z 0000000180002bd0 f i SmartCardRW.obj
 0001:00001bec       ?IsDirty@?$IPersistStreamInitImpl@VCOPOSSmartCardRW@@@ATL@@UEAAJXZ 0000000180002bec f i SmartCardRW.obj
 0001:00001c08       ?Load@?$IPersistStreamInitImpl@VCOPOSSmartCardRW@@@ATL@@UEAAJPEAUIStream@@@Z 0000000180002c08 f i SmartCardRW.obj
 0001:00001c58       ?Save@?$IPersistStreamInitImpl@VCOPOSSmartCardRW@@@ATL@@UEAAJPEAUIStream@@H@Z 0000000180002c58 f i SmartCardRW.obj
 0001:00001cbc       ?GetSizeMax@?$IPersistStreamInitImpl@VCOPOSSmartCardRW@@@ATL@@UEAAJPEAT_ULARGE_INTEGER@@@Z 0000000180002cbc f i SmartCardRW.obj
 0001:00001ee8       ?InitNew@?$IPersistStreamInitImpl@VCOPOSSmartCardRW@@@ATL@@UEAAJXZ 0000000180002ee8 f i SmartCardRW.obj
 0001:00001f00       ?SetClientSite@?$IOleObjectImpl@VCOPOSSmartCardRW@@@ATL@@UEAAJPEAUIOleClientSite@@@Z 0000000180002f00 f i SmartCardRW.obj
 0001:00001f1c       ?GetClientSite@?$IOleObjectImpl@VCOPOSSmartCardRW@@@ATL@@UEAAJPEAPEAUIOleClientSite@@@Z 0000000180002f1c f i SmartCardRW.obj
 0001:00001f64       ?Close@?$IOleObjectImpl@VCOPOSSmartCardRW@@@ATL@@UEAAJK@Z 0000000180002f64 f i SmartCardRW.obj
 0001:00001f80       ?DoVerb@?$IOleObjectImpl@VCOPOSSmartCardRW@@@ATL@@UEAAJJPEAUtagMSG@@PEAUIOleClientSite@@JPEAUHWND__@@PEBUtagRECT@@@Z 0000000180002f80 f i SmartCardRW.obj
 0001:00002124       ?EnumVerbs@?$IOleObjectImpl@VCOPOSSmartCardRW@@@ATL@@UEAAJPEAPEAUIEnumOLEVERB@@@Z 0000000180003124 f i SmartCardRW.obj
 0001:00002140       ?GetUserType@?$IOleObjectImpl@VCOPOSSmartCardRW@@@ATL@@UEAAJKPEAPEA_W@Z 0000000180003140 f i SmartCardRW.obj
 0001:00002150       ?SetExtent@?$IOleObjectImpl@VCOPOSSmartCardRW@@@ATL@@UEAAJKPEAUtagSIZE@@@Z 0000000180003150 f i SmartCardRW.obj
 0001:0000216c       ?GetExtent@?$IOleObjectImpl@VCOPOSSmartCardRW@@@ATL@@UEAAJKPEAUtagSIZE@@@Z 000000018000316c f i SmartCardRW.obj
 0001:0000219c       ?Advise@?$IOleObjectImpl@VCOPOSSmartCardRW@@@ATL@@UEAAJPEAUIAdviseSink@@PEAK@Z 000000018000319c f i SmartCardRW.obj
 0001:000021f8       ?Unadvise@?$IOleObjectImpl@VCOPOSSmartCardRW@@@ATL@@UEAAJK@Z 00000001800031f8 f i SmartCardRW.obj
 0001:00002230       ?AddCommonRGSReplacements@?$CAtlModuleT@VCComModule@ATL@@@ATL@@UEAAJPEAUIRegistrarBase@@@Z 0000000180003230 f i SmartCardRW.obj
 0001:00002248       ?EnumAdvise@?$IOleObjectImpl@VCOPOSSmartCardRW@@@ATL@@UEAAJPEAPEAUIEnumSTATDATA@@@Z 0000000180003248 f i SmartCardRW.obj
 0001:00002290       ?GetMiscStatus@?$IOleObjectImpl@VCOPOSSmartCardRW@@@ATL@@UEAAJKPEAK@Z 0000000180003290 f i SmartCardRW.obj
 0001:000022a0       ?GetWindow@?$IOleInPlaceActiveObjectImpl@VCOPOSSmartCardRW@@@ATL@@UEAAJPEAPEAUHWND__@@@Z 00000001800032a0 f i SmartCardRW.obj
 0001:000022f4       ?TranslateAcceleratorW@?$IOleInPlaceActiveObjectImpl@VCOPOSSmartCardRW@@@ATL@@UEAAJPEAUtagMSG@@@Z 00000001800032f4 f i SmartCardRW.obj
 0001:000023e8       ?OnDocWindowActivate@?$IOleInPlaceActiveObjectImpl@VCOPOSSmartCardRW@@@ATL@@UEAAJH@Z 00000001800033e8 f i SmartCardRW.obj
 0001:00002414       ?Draw@?$IViewObjectExImpl@VCOPOSSmartCardRW@@@ATL@@UEAAJKJPEAXPEAUtagDVTARGETDEVICE@@PEAUHDC__@@2PEBU_RECTL@@3P6AH_K@Z4@Z 0000000180003414 f i SmartCardRW.obj
 0001:00002478       ?UpdateRegistryFromResourceD@CComModule@ATL@@UEAAJIHPEAU_ATL_REGMAP_ENTRY@2@@Z 0000000180003478 f i SmartCardRW.obj
 0001:00002478       ?UpdateRegistryFromResourceD@CComModule@ATL@@UEAAJPEB_WHPEAU_ATL_REGMAP_ENTRY@2@@Z 0000000180003478 f i SmartCardRW.obj
 0001:00002480       ?SetAdvise@?$IViewObjectExImpl@VCOPOSSmartCardRW@@@ATL@@UEAAJKKPEAUIAdviseSink@@@Z 0000000180003480 f i SmartCardRW.obj
 0001:000024d4       ?GetAdvise@?$IViewObjectExImpl@VCOPOSSmartCardRW@@@ATL@@UEAAJPEAK0PEAPEAUIAdviseSink@@@Z 00000001800034d4 f i SmartCardRW.obj
 0001:00002510       ?UpdateRegistryFromResource@CComModule@ATL@@UEAAJPEB_WHPEAU_ATL_REGMAP_ENTRY@2@@Z 0000000180003510 f i SmartCardRW.obj
 0001:00002518       ?UpdateRegistryFromResource@CComModule@ATL@@UEAAJIHPEAU_ATL_REGMAP_ENTRY@2@@Z 0000000180003518 f i SmartCardRW.obj
 0001:00002520       ?GetExtent@?$IViewObjectExImpl@VCOPOSSmartCardRW@@@ATL@@UEAAJKJPEAUtagDVTARGETDEVICE@@PEAUtagSIZE@@@Z 0000000180003520 f i SmartCardRW.obj
 0001:00002550       ?GetViewStatus@?$IViewObjectExImpl@VCOPOSSmartCardRW@@@ATL@@UEAAJPEAK@Z 0000000180003550 f i SmartCardRW.obj
 0001:00002564       ?QueryHitPoint@?$IViewObjectExImpl@VCOPOSSmartCardRW@@@ATL@@UEAAJKPEBUtagRECT@@UtagPOINT@@JPEAK@Z 0000000180003564 f i SmartCardRW.obj
 0001:000025a8       ?QueryHitRect@?$IViewObjectExImpl@VCOPOSSmartCardRW@@@ATL@@UEAAJKPEBUtagRECT@@0JPEAK@Z 00000001800035a8 f i SmartCardRW.obj
 0001:00002610       ?GetNaturalExtent@?$IViewObjectExImpl@VCOPOSSmartCardRW@@@ATL@@UEAAJKJPEAUtagDVTARGETDEVICE@@PEAUHDC__@@PEAUtagExtentInfo@@PEAUtagSIZE@@@Z 0000000180003610 f i SmartCardRW.obj
 0001:00002658       ?GetWindow@?$IOleInPlaceObjectWindowlessImpl@VCOPOSSmartCardRW@@@ATL@@UEAAJPEAPEAUHWND__@@@Z 0000000180003658 f i SmartCardRW.obj
 0001:000026ac       ?InPlaceDeactivate@?$IOleInPlaceObjectWindowlessImpl@VCOPOSSmartCardRW@@@ATL@@UEAAJXZ 00000001800036ac f i SmartCardRW.obj
 0001:000026c8       ?UIDeactivate@?$IOleInPlaceObjectWindowlessImpl@VCOPOSSmartCardRW@@@ATL@@UEAAJXZ 00000001800036c8 f i SmartCardRW.obj
 0001:000026e4       ?SetObjectRects@?$IOleInPlaceObjectWindowlessImpl@VCOPOSSmartCardRW@@@ATL@@UEAAJPEBUtagRECT@@0@Z 00000001800036e4 f i SmartCardRW.obj
 0001:00002700       ?OnWindowMessage@?$IOleInPlaceObjectWindowlessImpl@VCOPOSSmartCardRW@@@ATL@@UEAAJI_K_JPEA_J@Z 0000000180003700 f i SmartCardRW.obj
 0001:000027c8       ??_GCComModule@ATL@@UEAAPEAXI@Z 00000001800037c8 f i SmartCardRW.obj
 0001:000027c8       ??_ECComModule@ATL@@UEAAPEAXI@Z 00000001800037c8 f i SmartCardRW.obj
 0001:00002848       ?EnumConnectionPoints@?$IConnectionPointContainerImpl@VCOPOSSmartCardRW@@@ATL@@UEAAJPEAPEAUIEnumConnectionPoints@@@Z 0000000180003848 f i SmartCardRW.obj
 0001:00002a90       ?FindConnectionPoint@?$IConnectionPointContainerImpl@VCOPOSSmartCardRW@@@ATL@@UEAAJAEBU_GUID@@PEAPEAUIConnectionPoint@@@Z 0000000180003a90 f i SmartCardRW.obj
 0001:00002b60       ?IsDirty@?$IPersistStorageImpl@VCOPOSSmartCardRW@@@ATL@@UEAAJXZ 0000000180003b60 f i SmartCardRW.obj
 0001:00002ba4       ?InitNew@?$IPersistStorageImpl@VCOPOSSmartCardRW@@@ATL@@UEAAJPEAUIStorage@@@Z 0000000180003ba4 f i SmartCardRW.obj
 0001:00002be8       ?Load@?$IPersistStorageImpl@VCOPOSSmartCardRW@@@ATL@@UEAAJPEAUIStorage@@@Z 0000000180003be8 f i SmartCardRW.obj
 0001:00002c88       ?Save@?$IPersistStorageImpl@VCOPOSSmartCardRW@@@ATL@@UEAAJPEAUIStorage@@H@Z 0000000180003c88 f i SmartCardRW.obj
 0001:00002d38       ?GetPages@?$ISpecifyPropertyPagesImpl@VCOPOSSmartCardRW@@@ATL@@UEAAJPEAUtagCAUUID@@@Z 0000000180003d38 f i SmartCardRW.obj
 0001:00002d44       ?QuickActivate@?$IQuickActivateImpl@VCOPOSSmartCardRW@@@ATL@@UEAAJPEAUtagQACONTAINER@@PEAUtagQACONTROL@@@Z 0000000180003d44 f i SmartCardRW.obj
 0001:00002d60       ?SetContentExtent@?$IQuickActivateImpl@VCOPOSSmartCardRW@@@ATL@@UEAAJPEAUtagSIZE@@@Z 0000000180003d60 f i SmartCardRW.obj
 0001:00002d94       ?GetContentExtent@?$IQuickActivateImpl@VCOPOSSmartCardRW@@@ATL@@UEAAJPEAUtagSIZE@@@Z 0000000180003d94 f i SmartCardRW.obj
 0001:00002dcc       ?GetData@?$IDataObjectImpl@VCOPOSSmartCardRW@@@ATL@@UEAAJPEAUtagFORMATETC@@PEAUtagSTGMEDIUM@@@Z 0000000180003dcc f i SmartCardRW.obj
 0001:00002de8       ?DAdvise@?$IDataObjectImpl@VCOPOSSmartCardRW@@@ATL@@UEAAJPEAUtagFORMATETC@@KPEAUIAdviseSink@@PEAK@Z 0000000180003de8 f i SmartCardRW.obj
 0001:00002e70       ?DUnadvise@?$IDataObjectImpl@VCOPOSSmartCardRW@@@ATL@@UEAAJK@Z 0000000180003e70 f i SmartCardRW.obj
 0001:00002e9c       ?EnumDAdvise@?$IDataObjectImpl@VCOPOSSmartCardRW@@@ATL@@UEAAJPEAPEAUIEnumSTATDATA@@@Z 0000000180003e9c f i SmartCardRW.obj
 0001:00002ed8       ?GetClassInfoW@?$IProvideClassInfo2Impl@$1?CLSID_OPOSSmartCardRW@@3U_GUID@@B$1?DIID__IOPOSSmartCardRWEvents@@3U2@B$1?LIBID_OposSmartCardRW_CCO@@3U2@B$00$0A@VCComTypeInfoHolder@ATL@@@ATL@@UEAAJPEAPEAUITypeInfo@@@Z 0000000180003ed8 f i SmartCardRW.obj
 0001:00002f30       ?GetGUID@?$IProvideClassInfo2Impl@$1?CLSID_OPOSSmartCardRW@@3U_GUID@@B$1?DIID__IOPOSSmartCardRWEvents@@3U2@B$1?LIBID_OposSmartCardRW_CCO@@3U2@B$00$0A@VCComTypeInfoHolder@ATL@@@ATL@@UEAAJKPEAU_GUID@@@Z 0000000180003f30 f i SmartCardRW.obj
 0001:00002f64       ?GetInterfaceSafetyOptions@?$IObjectSafetyImpl@VCOPOSSmartCardRW@@$02@ATL@@UEAAJAEBU_GUID@@PEAK1@Z 0000000180003f64 f i SmartCardRW.obj
 0001:00002ff8       ?SetInterfaceSafetyOptions@?$IObjectSafetyImpl@VCOPOSSmartCardRW@@$02@ATL@@UEAAJAEBU_GUID@@KK@Z 0000000180003ff8 f i SmartCardRW.obj
 0001:0000309c       ?_LocCPQueryInterface@?$IConnectionPointImpl@VCOPOSSmartCardRW@@$1?DIID__IOPOSSmartCardRWEvents@@3U_GUID@@BVCComDynamicUnkArray@ATL@@@ATL@@UEAAJAEBU_GUID@@PEAPEAX@Z 000000018000409c f i SmartCardRW.obj
 0001:0000309c       ?_LocCPQueryInterface@?$IConnectionPointImpl@VCOPOSSmartCardRW@@$1?IID_IPropertyNotifySink@@3U_GUID@@BVCComDynamicUnkArray@ATL@@@ATL@@UEAAJAEBU_GUID@@PEAPEAX@Z 000000018000409c f i SmartCardRW.obj
 0001:00003110       ?GetConnectionInterface@?$IConnectionPointImpl@VCOPOSSmartCardRW@@$1?IID_IPropertyNotifySink@@3U_GUID@@BVCComDynamicUnkArray@ATL@@@ATL@@UEAAJPEAU_GUID@@@Z 0000000180004110 f i SmartCardRW.obj
 0001:0000312c       ?GetConnectionPointContainer@?$IConnectionPointImpl@VCOPOSSmartCardRW@@$1?IID_IPropertyNotifySink@@3U_GUID@@BVCComDynamicUnkArray@ATL@@@ATL@@UEAAJPEAPEAUIConnectionPointContainer@@@Z 000000018000412c f i SmartCardRW.obj
 0001:0000314c       ?Advise@?$IConnectionPointImpl@VCOPOSSmartCardRW@@$1?IID_IPropertyNotifySink@@3U_GUID@@BVCComDynamicUnkArray@ATL@@@ATL@@UEAAJPEAUIUnknown@@PEAK@Z 000000018000414c f i SmartCardRW.obj
 0001:0000314c       ?Advise@?$IConnectionPointImpl@VCOPOSSmartCardRW@@$1?DIID__IOPOSSmartCardRWEvents@@3U_GUID@@BVCComDynamicUnkArray@ATL@@@ATL@@UEAAJPEAUIUnknown@@PEAK@Z 000000018000414c f i SmartCardRW.obj
 0001:0000320c       ?Unadvise@?$IConnectionPointImpl@VCOPOSSmartCardRW@@$1?IID_IPropertyNotifySink@@3U_GUID@@BVCComDynamicUnkArray@ATL@@@ATL@@UEAAJK@Z 000000018000420c f i SmartCardRW.obj
 0001:0000320c       ?Unadvise@?$IConnectionPointImpl@VCOPOSSmartCardRW@@$1?DIID__IOPOSSmartCardRWEvents@@3U_GUID@@BVCComDynamicUnkArray@ATL@@@ATL@@UEAAJK@Z 000000018000420c f i SmartCardRW.obj
 0001:00003288       ?EnumConnections@?$IConnectionPointImpl@VCOPOSSmartCardRW@@$1?IID_IPropertyNotifySink@@3U_GUID@@BVCComDynamicUnkArray@ATL@@@ATL@@UEAAJPEAPEAUIEnumConnections@@@Z 0000000180004288 f i SmartCardRW.obj
 0001:00003288       ?EnumConnections@?$IConnectionPointImpl@VCOPOSSmartCardRW@@$1?DIID__IOPOSSmartCardRWEvents@@3U_GUID@@BVCComDynamicUnkArray@ATL@@@ATL@@UEAAJPEAPEAUIEnumConnections@@@Z 0000000180004288 f i SmartCardRW.obj
 0001:00003430       ?GetConnectionInterface@?$IConnectionPointImpl@VCOPOSSmartCardRW@@$1?DIID__IOPOSSmartCardRWEvents@@3U_GUID@@BVCComDynamicUnkArray@ATL@@@ATL@@UEAAJPEAU_GUID@@@Z 0000000180004430 f i SmartCardRW.obj
 0001:0000344c       ?GetConnectionPointContainer@?$IConnectionPointImpl@VCOPOSSmartCardRW@@$1?DIID__IOPOSSmartCardRWEvents@@3U_GUID@@BVCComDynamicUnkArray@ATL@@@ATL@@UEAAJPEAPEAUIConnectionPointContainer@@@Z 000000018000444c f i SmartCardRW.obj
 0001:0000346c       ?UpdateRegistry@COPOSSmartCardRW@@SAJH@Z 000000018000446c f i SmartCardRW.obj
 0001:00003484       ?ProcessWindowMessage@COPOSSmartCardRW@@UEAAHPEAUHWND__@@I_K_JAEA_JK@Z 0000000180004484 f i SmartCardRW.obj
 0001:0000350c       ?SOData@COPOSSmartCardRW@@MEAAJJ@Z 000000018000450c f i SmartCardRW.obj
 0001:0000355c       ?SODirectIO@COPOSSmartCardRW@@MEAAJJPEAJPEAPEA_W@Z 000000018000455c f i SmartCardRW.obj
 0001:000035d4       ?SOError@COPOSSmartCardRW@@MEAAJJJJPEAJ@Z 00000001800045d4 f i SmartCardRW.obj
 0001:0000365c       ?SOOutputComplete@COPOSSmartCardRW@@MEAAJJ@Z 000000018000465c f i SmartCardRW.obj
 0001:000036ac       ?SOStatusUpdate@COPOSSmartCardRW@@MEAAJJ@Z 00000001800046ac f i SmartCardRW.obj
 0001:000036fc       ??$AtlModuleRegisterWndClassInfoT@VAtlModuleRegisterWndClassInfoParamW@ATL@@@ATL@@YAGPEAU_ATL_BASE_MODULE70@0@PEAU_ATL_WIN_MODULE70@0@PEAU_ATL_WNDCLASSINFOW@0@PEAP6A_JPEAUHWND__@@I_K_J@ZVAtlModuleRegisterWndClassInfoParamW@0@@Z 00000001800046fc f i SmartCardRW.obj
 0001:000038fc       ??0?$CComContainedObject@VCOPOSSmartCardRW@@@ATL@@QEAA@PEAX@Z 00000001800048fc f i SmartCardRW.obj
 0001:00003a18       ??0?$CComObject@VCOPOSSmartCardRW@@@ATL@@QEAA@PEAX@Z 0000000180004a18 f i SmartCardRW.obj
 0001:00003b30       ??0CAtlModule@ATL@@QEAA@XZ 0000000180004b30 f i SmartCardRW.obj
 0001:00003bac       ??1?$CComEnumImpl@UIEnumConnectionPoints@@$1?_GUID_b196b285_bab4_101a_b69c_00aa00341d07@@3U__s_GUID@@BPEAUIConnectionPoint@@V?$_CopyInterface@UIConnectionPoint@@@ATL@@@ATL@@UEAA@XZ 0000000180004bac f i SmartCardRW.obj
 0001:00003c08       ??1?$CComEnumImpl@UIEnumConnections@@$1?_GUID_b196b287_bab4_101a_b69c_00aa00341d07@@3U__s_GUID@@BUtagCONNECTDATA@@V?$_Copy@UtagCONNECTDATA@@@ATL@@@ATL@@UEAA@XZ 0000000180004c08 f i SmartCardRW.obj
 0001:00003c64       ??1?$CComObject@VCOPOSSmartCardRW@@@ATL@@UEAA@XZ 0000000180004c64 f i SmartCardRW.obj
 0001:00003d84       ??_G?$CComContainedObject@VCOPOSSmartCardRW@@@ATL@@UEAAPEAXI@Z 0000000180004d84 f i SmartCardRW.obj
 0001:00003d84       ??_E?$CComContainedObject@VCOPOSSmartCardRW@@@ATL@@UEAAPEAXI@Z 0000000180004d84 f i SmartCardRW.obj
 0001:00003db8       ??_G?$CComObject@VCOPOSSmartCardRW@@@ATL@@UEAAPEAXI@Z 0000000180004db8 f i SmartCardRW.obj
 0001:00003db8       ??_E?$CComObject@VCOPOSSmartCardRW@@@ATL@@UEAAPEAXI@Z 0000000180004db8 f i SmartCardRW.obj
 0001:00003dec       ?Add@?$CSimpleArray@GV?$CSimpleArrayEqualHelper@G@ATL@@@ATL@@QEAAHAEBG@Z 0000000180004dec f i SmartCardRW.obj
 0001:00003ea0       ?Add@?$CSimpleMap@PEA_WPEA_WVCExpansionVectorEqualHelper@ATL@@@ATL@@QEAAHAEBQEA_W0@Z 0000000180004ea0 f i SmartCardRW.obj
 0001:00003f40       ?Add@CComDynamicUnkArray@ATL@@QEAAKPEAUIUnknown@@@Z 0000000180004f40 f i SmartCardRW.obj
 0001:00004038       ?Add@CExpansionVector@ATL@@QEAAHPEB_W0@Z 0000000180005038 f i SmartCardRW.obj
 0001:000041c8       ?AddValue@CRegParser@ATL@@IEAAJAEAVCRegKey@2@PEB_WPEA_W@Z 00000001800051c8 f i SmartCardRW.obj
 0001:00004610       ?AllocateHeap@?$CTempBuffer@_W$0BAA@VCCRTAllocator@ATL@@@ATL@@AEAAX_K@Z 0000000180005610 f i SmartCardRW.obj
 0001:00004610       ?AllocateHeap@?$CTempBuffer@E$0BAA@VCCRTAllocator@ATL@@@ATL@@AEAAX_K@Z 0000000180005610 f i SmartCardRW.obj
 0001:00004610       ?AllocateHeap@?$CTempBuffer@_W$0EAA@VCCRTAllocator@ATL@@@ATL@@AEAAX_K@Z 0000000180005610 f i SmartCardRW.obj
 0001:0000463c       ?Append@CParseBuffer@CRegParser@ATL@@QEAAHPEB_WH@Z 000000018000563c f i SmartCardRW.obj
 0001:00004754       ?AtlCallTermFunc@ATL@@YAXPEAU_ATL_MODULE70@1@@Z 0000000180005754 f i SmartCardRW.obj
 0001:000047b8       ?AtlComModuleGetClassObject@ATL@@YAJPEAU_ATL_COM_MODULE70@1@AEBU_GUID@@1PEAPEAX@Z 00000001800057b8 f i SmartCardRW.obj
 0001:000048f8       ?AtlComModuleRegisterServer@ATL@@YAJPEAU_ATL_COM_MODULE70@1@HPEBU_GUID@@@Z 00000001800058f8 f i SmartCardRW.obj
 0001:000049b8       ?AtlComModuleUnregisterServer@ATL@@YAJPEAU_ATL_COM_MODULE70@1@HPEBU_GUID@@@Z 00000001800059b8 f i SmartCardRW.obj
 0001:00004a74       ?AtlCreateTargetDC@ATL@@YAPEAUHDC__@@PEAU2@PEAUtagDVTARGETDEVICE@@@Z 0000000180005a74 f i SmartCardRW.obj
 0001:00004ae8       ?AtlHiMetricToPixel@ATL@@YAXPEBUtagSIZE@@PEAU2@@Z 0000000180005ae8 f i SmartCardRW.obj
 0001:00004b98       ?AtlHresultFromLastError@ATL@@YAJXZ 0000000180005b98 f i SmartCardRW.obj
 0001:00004bb8       ?AtlHresultFromWin32@ATL@@YAJK@Z 0000000180005bb8 f i SmartCardRW.obj
 0001:00004bc8       ?AtlIPersistStreamInit_Load@ATL@@YAJPEAUIStream@@PEBUATL_PROPMAP_ENTRY@1@PEAXPEAUIUnknown@@@Z 0000000180005bc8 f i SmartCardRW.obj
 0001:00004e00       ?AtlIPersistStreamInit_Save@ATL@@YAJPEAUIStream@@HPEBUATL_PROPMAP_ENTRY@1@PEAXPEAUIUnknown@@@Z 0000000180005e00 f i SmartCardRW.obj
 0001:0000503c       ?AtlInternalOleLoadFromStream@ATL@@YAJPEAUIStream@@AEBU_GUID@@PEAPEAXTClassesAllowedInStream@1@K@Z 000000018000603c f i SmartCardRW.obj
 0001:00005180       ?AtlInternalQueryInterface@ATL@@YAJPEAXPEBU_ATL_INTMAP_ENTRY@1@AEBU_GUID@@PEAPEAX@Z 0000000180006180 f i SmartCardRW.obj
 0001:00005288       ?AtlLoadTypeLib@ATL@@YAJPEAUHINSTANCE__@@PEB_WPEAPEA_WPEAPEAUITypeLib@@@Z 0000000180006288 f i SmartCardRW.obj
 0001:000054e4       ?AtlModuleAddTermFunc@ATL@@YAJPEAU_ATL_MODULE70@1@P6AX_K@Z1@Z 00000001800064e4 f i SmartCardRW.obj
 0001:00005578       ?AtlRegisterClassCategoriesHelper@ATL@@YAJAEBU_GUID@@PEBU_ATL_CATMAP_ENTRY@1@H@Z 0000000180006578 f i SmartCardRW.obj
 0001:000059dc       ?AtlRegisterTypeLib@ATL@@YAJPEAUHINSTANCE__@@PEB_W@Z 00000001800069dc f i SmartCardRW.obj
 0001:00005bd8       ?AtlThrowImpl@ATL@@YAXJ@Z  0000000180006bd8 f i SmartCardRW.obj
 0001:00005bfc       ?AtlUnRegisterTypeLib@ATL@@YAJPEAUHINSTANCE__@@PEB_W@Z 0000000180006bfc f i SmartCardRW.obj
 0001:00005cc4       ?AtlWinModuleExtractCreateWndData@ATL@@YAPEAXPEAU_ATL_WIN_MODULE70@1@@Z 0000000180006cc4 f i SmartCardRW.obj
 0001:00005d50       ?Cleanup@CComTypeInfoHolder@ATL@@SAX_K@Z 0000000180006d50 f i SmartCardRW.obj
 0001:00005d90       ?ClearReplacements@CExpansionVector@ATL@@QEAAJXZ 0000000180006d90 f i SmartCardRW.obj
 0001:00005e2c       ?Create@?$CWindowImpl@VCOPOSSmartCardRW@@VCWindow@ATL@@V?$CWinTraits@$0FGAAAAAA@$0A@@3@@ATL@@QEAAPEAUHWND__@@PEAU3@V_U_RECT@2@PEB_WKKV_U_MENUorID@2@PEAX@Z 0000000180006e2c f i SmartCardRW.obj
 0001:00005edc       ?Create@?$CWindowImplBaseT@VCWindow@ATL@@V?$CWinTraits@$0FGAAAAAA@$0A@@2@@ATL@@QEAAPEAUHWND__@@PEAU3@V_U_RECT@2@PEB_WKKV_U_MENUorID@2@GPEAX@Z 0000000180006edc f i SmartCardRW.obj
 0001:0000604c       ?Create@CRegKey@ATL@@QEAAJPEAUHKEY__@@PEB_WPEA_WKKPEAU_SECURITY_ATTRIBUTES@@PEAK@Z 000000018000704c f i SmartCardRW.obj
 0001:00006130       ?CreateInstance@?$CComCreator@V?$CComAggObject@VCOPOSSmartCardRW@@@ATL@@@ATL@@SAJPEAXAEBU_GUID@@PEAPEAX@Z 0000000180007130 f i SmartCardRW.obj
 0001:00006208       ?CreateInstance@?$CComCreator@V?$CComObject@VCOPOSSmartCardRW@@@ATL@@@ATL@@SAJPEAXAEBU_GUID@@PEAPEAX@Z 0000000180007208 f i SmartCardRW.obj
 0001:000062c0       ?CreateInstance@?$CComObject@V?$CComEnum@UIEnumConnectionPoints@@$1?_GUID_b196b285_bab4_101a_b69c_00aa00341d07@@3U__s_GUID@@BPEAUIConnectionPoint@@V?$_CopyInterface@UIConnectionPoint@@@ATL@@VCComSingleThreadModel@6@@ATL@@@ATL@@SAJPEAPEAV12@@Z 00000001800072c0 f i SmartCardRW.obj
 0001:0000634c       ?CreateInstance@?$CComObject@V?$CComEnum@UIEnumConnections@@$1?_GUID_b196b287_bab4_101a_b69c_00aa00341d07@@3U__s_GUID@@BUtagCONNECTDATA@@V?$_Copy@UtagCONNECTDATA@@@ATL@@VCComSingleThreadModel@6@@ATL@@@ATL@@SAJPEAPEAV12@@Z 000000018000734c f i SmartCardRW.obj
 0001:000063d8       ?DefaultReflectionHandler@?$CWindowImplRoot@VCWindow@ATL@@@ATL@@SAHPEAUHWND__@@I_K_JAEA_J@Z 00000001800073d8 f i SmartCardRW.obj
 0001:0000643c       ?DoEvent@COPOSSmartCardRW@@IEAAXI_K_J@Z 000000018000743c f i SmartCardRW.obj
 0001:000064f0       ?DoVerbPrimary@?$IOleObjectImpl@VCOPOSSmartCardRW@@@ATL@@QEAAJPEBUtagRECT@@PEAUHWND__@@@Z 00000001800074f0 f i SmartCardRW.obj
 0001:00006618       ?DoVerbProperties@CComControlBase@ATL@@QEAAJPEBUtagRECT@@PEAUHWND__@@@Z 0000000180007618 f i SmartCardRW.obj
 0001:00006840       ?FireTheEvent@?$CProxy_IOPOSEvents@VCOPOSSmartCardRW@@@@IEAAXPEAVOposVariant@@IAEAJPEB_WJ@Z 0000000180007840 f i SmartCardRW.obj
 0001:0000692c       ?FireViewChange@CComControlBase@ATL@@QEAAJXZ 000000018000792c f i SmartCardRW.obj
 0001:00006990       ?Fire_DataEvent@?$CProxy_IOPOSEvents@VCOPOSSmartCardRW@@@@QEAAXJ@Z 0000000180007990 f i SmartCardRW.obj
 0001:00006a7c       ?Fire_DirectIOEvent@?$CProxy_IOPOSEvents@VCOPOSSmartCardRW@@@@QEAAXJPEAJPEAPEA_W@Z 0000000180007a7c f i SmartCardRW.obj
 0001:00006bd4       ?Fire_ErrorEvent@?$CProxy_IOPOSEvents@VCOPOSSmartCardRW@@@@QEAAXJJJPEAJ@Z 0000000180007bd4 f i SmartCardRW.obj
 0001:00006d3c       ?Fire_OutputCompleteEvent@?$CProxy_IOPOSEvents@VCOPOSSmartCardRW@@@@QEAAXJ@Z 0000000180007d3c f i SmartCardRW.obj
 0001:00006e28       ?Fire_StatusUpdateEvent@?$CProxy_IOPOSEvents@VCOPOSSmartCardRW@@@@QEAAXJ@Z 0000000180007e28 f i SmartCardRW.obj
 0001:00006f14       ?FreeHeap@?$CTempBuffer@_W$0EAA@VCCRTAllocator@ATL@@@ATL@@AEAAXXZ 0000000180007f14 f i SmartCardRW.obj
 0001:00006f14       ?FreeHeap@?$CTempBuffer@E$0BAA@VCCRTAllocator@ATL@@@ATL@@AEAAXXZ 0000000180007f14 f i SmartCardRW.obj
 0001:00006f14       ?FreeHeap@?$CTempBuffer@_W$0BAA@VCCRTAllocator@ATL@@@ATL@@AEAAXXZ 0000000180007f14 f i SmartCardRW.obj
 0001:00006f1c       ?GetAmbientLocaleID@CComControlBase@ATL@@QEAAJAEAK@Z 0000000180007f1c f i SmartCardRW.obj
 0001:00006fdc       ?GetAmbientUserMode@CComControlBase@ATL@@QEAAJAEAH@Z 0000000180007fdc f i SmartCardRW.obj
 0001:000070b0       ?GetClassObject@CComModule@ATL@@QEAAJAEBU_GUID@@0PEAPEAX@Z 00000001800080b0 f i SmartCardRW.obj
 0001:000071a4       ?GetConnMap@COPOSSmartCardRW@@SAPEBU_ATL_CONNMAP_ENTRY@ATL@@PEAH@Z 00000001800081a4 f i SmartCardRW.obj
 0001:0000722c       ?GetIDsOfNames@CComTypeInfoHolder@ATL@@QEAAJAEBU_GUID@@PEAPEA_WIKPEAJ@Z 000000018000822c f i SmartCardRW.obj
 0001:000073a4       ?GetPagesHelper@?$ISpecifyPropertyPagesImpl@VCOPOSSmartCardRW@@@ATL@@IEAAJPEAUtagCAUUID@@PEBUATL_PROPMAP_ENTRY@2@@Z 00000001800083a4 f i SmartCardRW.obj
 0001:00007544       ?GetSizeMax@CComVariant@ATL@@QEBAJPEAT_ULARGE_INTEGER@@@Z 0000000180008544 f i SmartCardRW.obj
 0001:00007778       ?GetTI@CComTypeInfoHolder@ATL@@QEAAJK@Z 0000000180008778 f i SmartCardRW.obj
 0001:000079f0       ?GetZoomInfo@CComControlBase@ATL@@QEAAXAEAUATL_DRAWINFO@@@Z 00000001800089f0 f i SmartCardRW.obj
 0001:00007a94       ?HKeyFromString@CRegParser@ATL@@KAPEAUHKEY__@@PEA_W@Z 0000000180008a94 f i SmartCardRW.obj
 0001:00007af8       ?IDataObject_GetData@CComControlBase@ATL@@QEAAJPEAUtagFORMATETC@@PEAUtagSTGMEDIUM@@@Z 0000000180008af8 f i SmartCardRW.obj
 0001:00007cec       ?IOleInPlaceObject_InPlaceDeactivate@CComControlBase@ATL@@QEAAJXZ 0000000180008cec f i SmartCardRW.obj
 0001:00007d8c       ?IOleInPlaceObject_SetObjectRects@CComControlBase@ATL@@QEAAJPEBUtagRECT@@0@Z 0000000180008d8c f i SmartCardRW.obj
 0001:00007e7c       ?IOleInPlaceObject_UIDeactivate@CComControlBase@ATL@@QEAAJXZ 0000000180008e7c f i SmartCardRW.obj
 0001:00007f88       ?IOleObject_Close@CComControlBase@ATL@@QEAAJK@Z 0000000180008f88 f i SmartCardRW.obj
 0001:000080a0       ?IOleObject_SetClientSite@CComControlBase@ATL@@QEAAJPEAUIOleClientSite@@@Z 00000001800090a0 f i SmartCardRW.obj
 0001:00008118       ?IOleObject_SetExtent@CComControlBase@ATL@@QEAAJKPEAUtagSIZE@@@Z 0000000180009118 f i SmartCardRW.obj
 0001:000081b0       ?IPSI_GetIPersistStreamInit@?$IPersistStorageImpl@VCOPOSSmartCardRW@@@ATL@@AEAAPEAUIPersistStreamInit@@XZ 00000001800091b0 f i SmartCardRW.obj
 0001:0000820c       ?IQuickActivate_QuickActivate@CComControlBase@ATL@@QEAAJPEAUtagQACONTAINER@@PEAUtagQACONTROL@@@Z 000000018000920c f i SmartCardRW.obj
 0001:000084d0       ?IViewObject_Draw@CComControlBase@ATL@@QEAAJKJPEAXPEAUtagDVTARGETDEVICE@@PEAUHDC__@@2PEBU_RECTL@@3@Z 00000001800094d0 f i SmartCardRW.obj
 0001:000085e4       ?InPlaceActivate@CComControlBase@ATL@@QEAAJJPEBUtagRECT@@@Z 00000001800095e4 f i SmartCardRW.obj
 0001:0000891c       ?Init@?$CComEnumImpl@UIEnumConnectionPoints@@$1?_GUID_b196b285_bab4_101a_b69c_00aa00341d07@@3U__s_GUID@@BPEAUIConnectionPoint@@V?$_CopyInterface@UIConnectionPoint@@@ATL@@@ATL@@QEAAJPEAPEAUIConnectionPoint@@0PEAUIUnknown@@W4CComEnumFlags@2@@Z 000000018000991c f i SmartCardRW.obj
 0001:00008a3c       ?Init@?$CComEnumImpl@UIEnumConnections@@$1?_GUID_b196b287_bab4_101a_b69c_00aa00341d07@@3U__s_GUID@@BUtagCONNECTDATA@@V?$_Copy@UtagCONNECTDATA@@@ATL@@@ATL@@QEAAJPEAUtagCONNECTDATA@@0PEAUIUnknown@@W4CComEnumFlags@2@@Z 0000000180009a3c f i SmartCardRW.obj
 0001:00008b60       ?IsEqualObject@?$CComPtrBase@UIOleClientSite@@@ATL@@QEAA_NPEAUIUnknown@@@Z 0000000180009b60 f i SmartCardRW.obj
 0001:00008b60       ?IsEqualObject@?$CComPtrBase@UITypeInfo@@@ATL@@QEAA_NPEAUIUnknown@@@Z 0000000180009b60 f i SmartCardRW.obj
 0001:00008bec       ?LoadNameCache@CComTypeInfoHolder@ATL@@QEAAJPEAUITypeInfo@@@Z 0000000180009bec f i SmartCardRW.obj
 0001:00008d70       ?Lookup@?$CSimpleMap@PEA_WPEA_WVCExpansionVectorEqualHelper@ATL@@@ATL@@QEBAPEA_WAEBQEA_W@Z 0000000180009d70 f i SmartCardRW.obj
 0001:00008dfc       ?NextToken@CRegParser@ATL@@IEAAJPEA_W@Z 0000000180009dfc f i SmartCardRW.obj
 0001:00008fb4       ?OnKillFocus@CComControlBase@ATL@@QEAA_JI_K_JAEAH@Z 0000000180009fb4 f i SmartCardRW.obj
 0001:00009050       ?OnMouseActivate@CComControlBase@ATL@@QEAA_JI_K_JAEAH@Z 000000018000a050 f i SmartCardRW.obj
 0001:000090f0       ?OnPaint@CComControlBase@ATL@@QEAA_JI_K_JAEAH@Z 000000018000a0f0 f i SmartCardRW.obj
 0001:000091dc       ?OnSetFocus@CComControlBase@ATL@@QEAA_JI_K_JAEAH@Z 000000018000a1dc f i SmartCardRW.obj
 0001:000092d8       ?Open@CRegKey@ATL@@QEAAJPEAUHKEY__@@PEB_WK@Z 000000018000a2d8 f i SmartCardRW.obj
 0001:00009354       ?PreProcessBuffer@CRegParser@ATL@@QEAAJPEA_WPEAPEA_W@Z 000000018000a354 f i SmartCardRW.obj
 0001:000096d8       ?ProcessWindowMessage@?$CComControl@VCOPOSSmartCardRW@@V?$CWindowImpl@VCOPOSSmartCardRW@@VCWindow@ATL@@V?$CWinTraits@$0FGAAAAAA@$0A@@3@@ATL@@@ATL@@UEAAHPEAUHWND__@@I_K_JAEA_JK@Z 000000018000a6d8 f i SmartCardRW.obj
 0001:000097bc       ?PutProperty@?$CComPtr@UIDispatch@@@ATL@@SAJPEAUIDispatch@@JPEAUtagVARIANT@@@Z 000000018000a7bc f i SmartCardRW.obj
 0001:000098c0       ?ReadFromStream@CComBSTR@ATL@@QEAAJPEAUIStream@@@Z 000000018000a8c0 f i SmartCardRW.obj
 0001:00009a1c       ?ReadFromStream@CComVariant@ATL@@QEAAJPEAUIStream@@GTClassesAllowedInStream@2@K@Z 000000018000aa1c f i SmartCardRW.obj
 0001:00009c2c       ?RecurseDeleteKey@CRegKey@ATL@@QEAAJPEB_W@Z 000000018000ac2c f i SmartCardRW.obj
 0001:00009d50       ?RegCreateKeyExW@CAtlTransactionManager@ATL@@QEAAJPEAUHKEY__@@PEB_WKPEA_WKKQEAU_SECURITY_ATTRIBUTES@@PEAPEAU3@PEAK@Z 000000018000ad50 f i SmartCardRW.obj
 0001:00009e84       ?RegDeleteKeyW@CAtlTransactionManager@ATL@@QEAAJPEAUHKEY__@@PEB_W@Z 000000018000ae84 f i SmartCardRW.obj
 0001:00009f10       ?RegOpenKeyExW@CAtlTransactionManager@ATL@@QEAAJPEAUHKEY__@@PEB_WKKPEAPEAU3@@Z 000000018000af10 f i SmartCardRW.obj
 0001:00009fc8       ?RegisterBuffer@CRegParser@ATL@@QEAAJPEA_WH@Z 000000018000afc8 f i SmartCardRW.obj
 0001:0000a130       ?RegisterFromResource@CRegObject@ATL@@IEAAJPEB_W00H@Z 000000018000b130 f i SmartCardRW.obj
 0001:0000a2ec       ?RegisterServer@CComModule@ATL@@QEAAJHPEBU_GUID@@@Z 000000018000b2ec f i SmartCardRW.obj
 0001:0000a3ac       ?RegisterSubkeys@CRegParser@ATL@@IEAAJPEA_WPEAUHKEY__@@HH@Z 000000018000b3ac f i SmartCardRW.obj
 0001:0000aa9c       ?SendOnDataChange@CComControlBase@ATL@@QEAAJK@Z 000000018000ba9c f i SmartCardRW.obj
 0001:0000ab0c       ?SetControlFocus@CComControlBase@ATL@@QEAAHH@Z 000000018000bb0c f i SmartCardRW.obj
 0001:0000abe8       ?SkipAssignment@CRegParser@ATL@@IEAAJPEA_W@Z 000000018000bbe8 f i SmartCardRW.obj
 0001:0000ac8c       ?Term@CComModule@ATL@@QEAAXXZ 000000018000bc8c f i SmartCardRW.obj
 0001:0000ad38       ?UnregisterServer@CComModule@ATL@@QEAAJHPEBU_GUID@@@Z 000000018000bd38 f i SmartCardRW.obj
 0001:0000ade8       ?UpdateRegistryFromResource@CAtlModule@ATL@@QEAAJIHPEAU_ATL_REGMAP_ENTRY@2@@Z 000000018000bde8 f i SmartCardRW.obj
 0001:0000b120       ?UpdateRegistryFromResource@CAtlModule@ATL@@QEAAJPEB_WHPEAU_ATL_REGMAP_ENTRY@2@@Z 000000018000c120 f i SmartCardRW.obj
 0001:0000b478       ?VTFromRegType@CRegParser@ATL@@KAHPEB_WAEAG@Z 000000018000c478 f i SmartCardRW.obj
 0001:0000b514       ?WindowProc@?$CWindowImplBaseT@VCWindow@ATL@@V?$CWinTraits@$0FGAAAAAA@$0A@@2@@ATL@@SA_JPEAUHWND__@@I_K_J@Z 000000018000c514 f i SmartCardRW.obj
 0001:0000b680       ?WriteToStream@CComBSTR@ATL@@QEAAJPEAUIStream@@@Z 000000018000c680 f i SmartCardRW.obj
 0001:0000b700       ?WriteToStream@CComVariant@ATL@@QEAAJPEAUIStream@@@Z 000000018000c700 f i SmartCardRW.obj
 0001:0000b914       ?WriteToStream@CComVariant@ATL@@QEAAJPEAUIStream@@G@Z 000000018000c914 f i SmartCardRW.obj
 0001:0000b9ac       ?_AtlVerifyStackAvailable@_ATL_SAFE_ALLOCA_IMPL@ATL@@YA_N_K@Z 000000018000c9ac f i SmartCardRW.obj
 0001:0000ba30       DllCanUnloadNow            000000018000ca30 f   SmartCardRW.obj
 0001:0000ba3c       DllGetClassObject          000000018000ca3c f   SmartCardRW.obj
 0001:0000ba54       DllMain                    000000018000ca54 f   SmartCardRW.obj
 0001:0000bafc       DllRegisterServer          000000018000cafc f   SmartCardRW.obj
 0001:0000bb10       DllUnregisterServer        000000018000cb10 f   SmartCardRW.obj
 0001:0000bb24       __local_stdio_printf_options 000000018000cb24 f i SmartCardRW.obj
 0001:0000bbb4       swprintf_s                 000000018000cbb4 f i SmartCardRW.obj
 0001:0000bc08       ??0COPOSSmartCardRW@@QEAA@XZ 000000018000cc08 f   SmartCardRWImpl.obj
 0001:0000bcd8       ??1?$IConnectionPointImpl@VCOPOSSmartCardRW@@$1?DIID__IOPOSSmartCardRWEvents@@3U_GUID@@BVCComDynamicUnkArray@ATL@@@ATL@@QEAA@XZ 000000018000ccd8 f i SmartCardRWImpl.obj
 0001:0000bcd8       ??1?$IConnectionPointImpl@VCOPOSSmartCardRW@@$1?IID_IPropertyNotifySink@@3U_GUID@@BVCComDynamicUnkArray@ATL@@@ATL@@QEAA@XZ 000000018000ccd8 f i SmartCardRWImpl.obj
 0001:0000bd34       ??1CComControlBase@ATL@@UEAA@XZ 000000018000cd34 f i SmartCardRWImpl.obj
 0001:0000bdb0       ??1COPOSSmartCardRW@@UEAA@XZ 000000018000cdb0 f   SmartCardRWImpl.obj
 0001:0000be14       ?BeginInsertion@COPOSSmartCardRW@@UEAAJJPEAJ@Z 000000018000ce14 f   SmartCardRWImpl.obj
 0001:0000be90       ?BeginRemoval@COPOSSmartCardRW@@UEAAJJPEAJ@Z 000000018000ce90 f   SmartCardRWImpl.obj
 0001:0000bf0c       ?CheckHealth@COPOSSmartCardRW@@UEAAJJPEAJ@Z 000000018000cf0c f   SmartCardRWImpl.obj
 0001:0000bf88       ?ClaimDevice@COPOSSmartCardRW@@UEAAJJPEAJ@Z 000000018000cf88 f   SmartCardRWImpl.obj
 0001:0000c028       ?ClearInput@COPOSSmartCardRW@@UEAAJPEAJ@Z 000000018000d028 f   SmartCardRWImpl.obj
 0001:0000c050       ?ClearInputProperties@COPOSSmartCardRW@@UEAAJPEAJ@Z 000000018000d050 f   SmartCardRWImpl.obj
 0001:0000c078       ?ClearOutput@COPOSSmartCardRW@@UEAAJPEAJ@Z 000000018000d078 f   SmartCardRWImpl.obj
 0001:0000c0a0       ?Close@COPOSSmartCardRW@@UEAAJPEAJ@Z 000000018000d0a0 f   SmartCardRWImpl.obj
 0001:0000c158       ?CompareFirmwareVersion@COPOSSmartCardRW@@UEAAJPEA_WPEAJ1@Z 000000018000d158 f   SmartCardRWImpl.obj
 0001:0000c234       ?DirectIO@COPOSSmartCardRW@@UEAAJJPEAJPEAPEA_W0@Z 000000018000d234 f   SmartCardRWImpl.obj
 0001:0000c330       ?DoInvoke@COPOSSmartCardRW@@IEAAJJPEAVOposVariant@@IHPEAJ_N@Z 000000018000d330 f   SmartCardRWImpl.obj
 0001:0000c464       ?EndInsertion@COPOSSmartCardRW@@UEAAJPEAJ@Z 000000018000d464 f   SmartCardRWImpl.obj
 0001:0000c48c       ?EndRemoval@COPOSSmartCardRW@@UEAAJPEAJ@Z 000000018000d48c f   SmartCardRWImpl.obj
 0001:0000c4b4       ?EventInit@COPOSSmartCardRW@@IEAAJXZ 000000018000d4b4 f i SmartCardRWImpl.obj
 0001:0000c5fc       ?EventUninit@COPOSSmartCardRW@@IEAAXXZ 000000018000d5fc f i SmartCardRWImpl.obj
 0001:0000c660       ?EventWindowProc@COPOSSmartCardRW@@IEAA_JI_K_J@Z 000000018000d660 f i SmartCardRWImpl.obj
 0001:0000c83c       ?FinalConstruct@COPOSSmartCardRW@@QEAAJXZ 000000018000d83c f   SmartCardRWImpl.obj
 0001:0000c878       ?FreezeEvents@COPOSSmartCardRW@@MEAAJH@Z 000000018000d878 f   SmartCardRWImpl.obj
 0001:0000c8ec       ?GetOposProp@COPOSSmartCardRW@@IEAAJJPEAJJ@Z 000000018000d8ec f   SmartCardRWImpl.obj
 0001:0000ca08       ?GetOposProp@COPOSSmartCardRW@@IEAAJJPEAPEA_WJ@Z 000000018000da08 f   SmartCardRWImpl.obj
 0001:0000cb34       ?OnDraw@COPOSSmartCardRW@@MEAAJAEAUATL_DRAWINFO@@@Z 000000018000db34 f   SmartCardRWImpl.obj
 0001:0000cc20       ?Open@COPOSSmartCardRW@@UEAAJPEA_WPEAJ@Z 000000018000dc20 f   SmartCardRWImpl.obj
 0001:0000d49c       ?ReadData@COPOSSmartCardRW@@UEAAJJPEAJPEAPEA_W0@Z 000000018000e49c f   SmartCardRWImpl.obj
 0001:0000d598       ?ReleaseDevice@COPOSSmartCardRW@@UEAAJPEAJ@Z 000000018000e598 f   SmartCardRWImpl.obj
 0001:0000d604       ?ResetStatistics@COPOSSmartCardRW@@UEAAJPEA_WPEAJ@Z 000000018000e604 f   SmartCardRWImpl.obj
 0001:0000d68c       ?RetrieveStatistics@COPOSSmartCardRW@@UEAAJPEAPEA_WPEAJ@Z 000000018000e68c f   SmartCardRWImpl.obj
 0001:0000d714       ?SOProcessID@COPOSSmartCardRW@@UEAAJPEAJ@Z 000000018000e714 f   SmartCardRWImpl.obj
 0001:0000d730       ?SetCOFreezeEvents@COPOSSmartCardRW@@IEAAXF@Z 000000018000e730 f   SmartCardRWImpl.obj
 0001:0000d814       ?SetOposProp@COPOSSmartCardRW@@IEAAJJJJ@Z 000000018000e814 f   SmartCardRWImpl.obj
 0001:0000d974       ?UpdateFirmware@COPOSSmartCardRW@@UEAAJPEA_WPEAJ@Z 000000018000e974 f   SmartCardRWImpl.obj
 0001:0000d9fc       ?UpdateStatistics@COPOSSmartCardRW@@UEAAJPEA_WPEAJ@Z 000000018000e9fc f   SmartCardRWImpl.obj
 0001:0000da84       ?WriteData@COPOSSmartCardRW@@UEAAJJJPEA_WPEAJ@Z 000000018000ea84 f   SmartCardRWImpl.obj
 0001:0000db7c       ?get_BinaryConversion@COPOSSmartCardRW@@UEAAJPEAJ@Z 000000018000eb7c f   SmartCardRWImpl.obj
 0001:0000db90       ?get_CapCardErrorDetection@COPOSSmartCardRW@@UEAAJPEAF@Z 000000018000eb90 f   SmartCardRWImpl.obj
 0001:0000dbc4       ?get_CapCompareFirmwareVersion@COPOSSmartCardRW@@UEAAJPEAF@Z 000000018000ebc4 f   SmartCardRWImpl.obj
 0001:0000dbf8       ?get_CapInterfaceMode@COPOSSmartCardRW@@UEAAJPEAJ@Z 000000018000ebf8 f   SmartCardRWImpl.obj
 0001:0000dc0c       ?get_CapIsoEmvMode@COPOSSmartCardRW@@UEAAJPEAJ@Z 000000018000ec0c f   SmartCardRWImpl.obj
 0001:0000dc20       ?get_CapPowerReporting@COPOSSmartCardRW@@UEAAJPEAJ@Z 000000018000ec20 f   SmartCardRWImpl.obj
 0001:0000dc34       ?get_CapSCPresentSensor@COPOSSmartCardRW@@UEAAJPEAJ@Z 000000018000ec34 f   SmartCardRWImpl.obj
 0001:0000dc48       ?get_CapSCSlots@COPOSSmartCardRW@@UEAAJPEAJ@Z 000000018000ec48 f   SmartCardRWImpl.obj
 0001:0000dc5c       ?get_CapStatisticsReporting@COPOSSmartCardRW@@UEAAJPEAF@Z 000000018000ec5c f   SmartCardRWImpl.obj
 0001:0000dc90       ?get_CapTransmissionProtocol@COPOSSmartCardRW@@UEAAJPEAJ@Z 000000018000ec90 f   SmartCardRWImpl.obj
 0001:0000dca4       ?get_CapUpdateFirmware@COPOSSmartCardRW@@UEAAJPEAF@Z 000000018000eca4 f   SmartCardRWImpl.obj
 0001:0000dcd8       ?get_CapUpdateStatistics@COPOSSmartCardRW@@UEAAJPEAF@Z 000000018000ecd8 f   SmartCardRWImpl.obj
 0001:0000dd0c       ?get_CheckHealthText@COPOSSmartCardRW@@UEAAJPEAPEA_W@Z 000000018000ed0c f   SmartCardRWImpl.obj
 0001:0000dd20       ?get_Claimed@COPOSSmartCardRW@@UEAAJPEAF@Z 000000018000ed20 f   SmartCardRWImpl.obj
 0001:0000dd54       ?get_ControlObjectDescription@COPOSSmartCardRW@@UEAAJPEAPEA_W@Z 000000018000ed54 f   SmartCardRWImpl.obj
 0001:0000ddb8       ?get_ControlObjectVersion@COPOSSmartCardRW@@UEAAJPEAJ@Z 000000018000edb8 f   SmartCardRWImpl.obj
 0001:0000ddc4       ?get_DataCount@COPOSSmartCardRW@@UEAAJPEAJ@Z 000000018000edc4 f   SmartCardRWImpl.obj
 0001:0000ddd8       ?get_DataEventEnabled@COPOSSmartCardRW@@UEAAJPEAF@Z 000000018000edd8 f   SmartCardRWImpl.obj
 0001:0000de0c       ?get_DeviceDescription@COPOSSmartCardRW@@UEAAJPEAPEA_W@Z 000000018000ee0c f   SmartCardRWImpl.obj
 0001:0000de20       ?get_DeviceEnabled@COPOSSmartCardRW@@UEAAJPEAF@Z 000000018000ee20 f   SmartCardRWImpl.obj
 0001:0000de54       ?get_DeviceName@COPOSSmartCardRW@@UEAAJPEAPEA_W@Z 000000018000ee54 f   SmartCardRWImpl.obj
 0001:0000de68       ?get_FreezeEvents@COPOSSmartCardRW@@UEAAJPEAF@Z 000000018000ee68 f   SmartCardRWImpl.obj
 0001:0000de98       ?get_InterfaceMode@COPOSSmartCardRW@@UEAAJPEAJ@Z 000000018000ee98 f   SmartCardRWImpl.obj
 0001:0000deac       ?get_IsoEmvMode@COPOSSmartCardRW@@UEAAJPEAJ@Z 000000018000eeac f   SmartCardRWImpl.obj
 0001:0000dec0       ?get_OpenResult@COPOSSmartCardRW@@UEAAJPEAJ@Z 000000018000eec0 f   SmartCardRWImpl.obj
 0001:0000decc       ?get_OutputID@COPOSSmartCardRW@@UEAAJPEAJ@Z 000000018000eecc f   SmartCardRWImpl.obj
 0001:0000dee0       ?get_PowerNotify@COPOSSmartCardRW@@UEAAJPEAJ@Z 000000018000eee0 f   SmartCardRWImpl.obj
 0001:0000def4       ?get_PowerState@COPOSSmartCardRW@@UEAAJPEAJ@Z 000000018000eef4 f   SmartCardRWImpl.obj
 0001:0000df08       ?get_ResultCode@COPOSSmartCardRW@@UEAAJPEAJ@Z 000000018000ef08 f   SmartCardRWImpl.obj
 0001:0000df44       ?get_ResultCodeExtended@COPOSSmartCardRW@@UEAAJPEAJ@Z 000000018000ef44 f   SmartCardRWImpl.obj
 0001:0000df58       ?get_SCPresentSensor@COPOSSmartCardRW@@UEAAJPEAJ@Z 000000018000ef58 f   SmartCardRWImpl.obj
 0001:0000df6c       ?get_SCSlot@COPOSSmartCardRW@@UEAAJPEAJ@Z 000000018000ef6c f   SmartCardRWImpl.obj
 0001:0000df80       ?get_ServiceObjectDescription@COPOSSmartCardRW@@UEAAJPEAPEA_W@Z 000000018000ef80 f   SmartCardRWImpl.obj
 0001:0000df94       ?get_ServiceObjectVersion@COPOSSmartCardRW@@UEAAJPEAJ@Z 000000018000ef94 f   SmartCardRWImpl.obj
 0001:0000dfa8       ?get_State@COPOSSmartCardRW@@UEAAJPEAJ@Z 000000018000efa8 f   SmartCardRWImpl.obj
 0001:0000dfd4       ?get_TransactionInProgress@COPOSSmartCardRW@@UEAAJPEAF@Z 000000018000efd4 f   SmartCardRWImpl.obj
 0001:0000e008       ?get_TransmissionProtocol@COPOSSmartCardRW@@UEAAJPEAJ@Z 000000018000f008 f   SmartCardRWImpl.obj
 0001:0000e01c       ?put_BinaryConversion@COPOSSmartCardRW@@UEAAJJ@Z 000000018000f01c f   SmartCardRWImpl.obj
 0001:0000e030       ?put_DataEventEnabled@COPOSSmartCardRW@@UEAAJF@Z 000000018000f030 f   SmartCardRWImpl.obj
 0001:0000e048       ?put_DeviceEnabled@COPOSSmartCardRW@@UEAAJF@Z 000000018000f048 f   SmartCardRWImpl.obj
 0001:0000e060       ?put_FreezeEvents@COPOSSmartCardRW@@UEAAJF@Z 000000018000f060 f   SmartCardRWImpl.obj
 0001:0000e0b0       ?put_InterfaceMode@COPOSSmartCardRW@@UEAAJJ@Z 000000018000f0b0 f   SmartCardRWImpl.obj
 0001:0000e0c4       ?put_IsoEmvMode@COPOSSmartCardRW@@UEAAJJ@Z 000000018000f0c4 f   SmartCardRWImpl.obj
 0001:0000e0d8       ?put_PowerNotify@COPOSSmartCardRW@@UEAAJJ@Z 000000018000f0d8 f   SmartCardRWImpl.obj
 0001:0000e0ec       ?put_SCSlot@COPOSSmartCardRW@@UEAAJJ@Z 000000018000f0ec f   SmartCardRWImpl.obj
 0001:0000e100       ?s_EventWindowProc@COPOSSmartCardRW@@KA_JPEAUHWND__@@I_K_J@Z 000000018000f100 f i SmartCardRWImpl.obj
 0001:0000e17c       ??_U@YAPEAX_K@Z            000000018000f17c f   LIBCMT:new_array.obj
 0001:0000e184       ??_V@YAXPEAX@Z             000000018000f184 f   LIBCMT:delete_array.obj
 0001:0000e184       ??3@YAXPEAX_K@Z            000000018000f184 f   LIBCMT:delete_scalar_size.obj
 0001:0000e18c       ??_V@YAXPEAX_K@Z           000000018000f18c f   LIBCMT:delete_array_size.obj
 0001:0000e194       __scrt_acquire_startup_lock 000000018000f194 f   LIBCMT:utility.obj
 0001:0000e1d0       __scrt_dllmain_after_initialize_c 000000018000f1d0 f   LIBCMT:utility.obj
 0001:0000e204       __scrt_dllmain_before_initialize_c 000000018000f204 f   LIBCMT:utility.obj
 0001:0000e21c       __scrt_dllmain_crt_thread_attach 000000018000f21c f   LIBCMT:utility.obj
 0001:0000e244       __scrt_dllmain_crt_thread_detach 000000018000f244 f   LIBCMT:utility.obj
 0001:0000e25c       __scrt_dllmain_exception_filter 000000018000f25c f   LIBCMT:utility.obj
 0001:0000e2bc       __scrt_dllmain_uninitialize_c 000000018000f2bc f   LIBCMT:utility.obj
 0001:0000e2ec       __scrt_dllmain_uninitialize_critical 000000018000f2ec f   LIBCMT:utility.obj
 0001:0000e300       __scrt_initialize_crt      000000018000f300 f   LIBCMT:utility.obj
 0001:0000e34c       __scrt_initialize_onexit_tables 000000018000f34c f   LIBCMT:utility.obj
 0001:0000e424       __scrt_is_nonwritable_in_current_image 000000018000f424 f   LIBCMT:utility.obj
 0001:0000e4c0       __scrt_release_startup_lock 000000018000f4c0 f   LIBCMT:utility.obj
 0001:0000e4e4       __scrt_uninitialize_crt    000000018000f4e4 f   LIBCMT:utility.obj
 0001:0000e510       _onexit                    000000018000f510 f   LIBCMT:utility.obj
 0001:0000e560       atexit                     000000018000f560 f   LIBCMT:utility.obj
 0001:0000e578       ??3@YAXPEAX@Z              000000018000f578 f   LIBCMT:delete_scalar.obj
 0001:0000e708       _Init_thread_footer        000000018000f708 f   LIBCMT:thread_safe_statics.obj
 0001:0000e768       _Init_thread_header        000000018000f768 f   LIBCMT:thread_safe_statics.obj
 0001:0000e7d0       _Init_thread_notify        000000018000f7d0 f   LIBCMT:thread_safe_statics.obj
 0001:0000e820       _Init_thread_wait          000000018000f820 f   LIBCMT:thread_safe_statics.obj
 0001:0000e898       __raise_securityfailure    000000018000f898 f   LIBCMT:gs_report.obj
 0001:0000e8cc       __report_gsfailure         000000018000f8cc f   LIBCMT:gs_report.obj
 0001:0000e9a0       __report_rangecheckfailure 000000018000f9a0 f   LIBCMT:gs_report.obj
 0001:0000e9b4       __report_securityfailure   000000018000f9b4 f   LIBCMT:gs_report.obj
 0001:0000eb34       ??2@YAPEAX_KAEBUnothrow_t@std@@@Z 000000018000fb34 f   LIBCMT:new_scalar_nothrow.obj
 0001:0000eb54       ??_U@YAPEAX_KAEBUnothrow_t@std@@@Z 000000018000fb54 f   LIBCMT:new_array_nothrow.obj
 0001:0000eb5c       __GSHandlerCheck           000000018000fb5c f   LIBCMT:_gshandler_.obj
 0001:0000eb7c       __GSHandlerCheckCommon     000000018000fb7c f   LIBCMT:_gshandler_.obj
 0001:0000ebd8       __GSHandlerCheck_SEH       000000018000fbd8 f   LIBCMT:_gshandlerseh_.obj
 0001:0000ec70       _alloca_probe              000000018000fc70 f   LIBCMT:_chkstk_.obj
 0001:0000ec70       __chkstk                   000000018000fc70 f   LIBCMT:_chkstk_.obj
 0001:0000ece0       __security_check_cookie    000000018000fce0 f   LIBCMT:_amdsecgs_.obj
 0001:0000f034       _DllMainCRTStartup         0000000180010034 f   LIBCMT:dll_dllmain.obj
 0001:0000f074       ??2@YAPEAX_K@Z             0000000180010074 f   LIBCMT:new_scalar.obj
 0001:0000f0b0       __isa_available_init       00000001800100b0 f   LIBCMT:_cpu_disp_.obj
 0001:0000f26c       _get_startup_argv_mode     000000018001026c f   LIBCMT:argv_mode.obj
 0001:0000f274       __scrt_is_ucrt_dll_in_use  0000000180010274 f   LIBCMT:ucrt_detection.obj
 0001:0000f280       __crt_debugger_hook        0000000180010280 f   LIBCMT:utility_desktop.obj
 0001:0000f288       __scrt_fastfail            0000000180010288 f   LIBCMT:utility_desktop.obj
 0001:0000f3d4       _guard_check_icall_nop     00000001800103d4 f i LIBCMT:guard_support.obj
 0001:0000f3d8       __security_init_cookie     00000001800103d8 f   LIBCMT:gs_support.obj
 0001:0000f484       ?__scrt_initialize_type_info@@YAXXZ 0000000180010484 f   LIBCMT:tncleanup.obj
 0001:0000f494       ?__scrt_uninitialize_type_info@@YAXXZ 0000000180010494 f   LIBCMT:tncleanup.obj
 0001:0000f4a0       __local_stdio_scanf_options 00000001800104a0 f i LIBCMT:default_local_stdio_options.obj
 0001:0000f4a8       __scrt_initialize_default_local_stdio_options 00000001800104a8 f   LIBCMT:default_local_stdio_options.obj
 0001:0000f4c4       __scrt_get_dyn_tls_init_callback 00000001800104c4 f   LIBCMT:dyn_tls_init.obj
 0001:0000f4cc       _RTC_Initialize            00000001800104cc f   LIBCMT:_initsect_.obj
 0001:0000f508       _RTC_Terminate             0000000180010508 f   LIBCMT:_initsect_.obj
 0001:0000f544       ??0bad_alloc@std@@QEAA@AEBV01@@Z 0000000180010544 f i LIBCMT:throw_bad_alloc.obj
 0001:0000f584       ??0bad_alloc@std@@QEAA@XZ  0000000180010584 f i LIBCMT:throw_bad_alloc.obj
 0001:0000f5a4       ??0bad_array_new_length@std@@QEAA@AEBV01@@Z 00000001800105a4 f i LIBCMT:throw_bad_alloc.obj
 0001:0000f5e4       ??0bad_array_new_length@std@@QEAA@XZ 00000001800105e4 f i LIBCMT:throw_bad_alloc.obj
 0001:0000f604       ??0exception@std@@QEAA@AEBV01@@Z 0000000180010604 f i LIBCMT:throw_bad_alloc.obj
 0001:0000f63c       ??1bad_alloc@std@@UEAA@XZ  000000018001063c f i LIBCMT:throw_bad_alloc.obj
 0001:0000f63c       ??1bad_exception@std@@UEAA@XZ 000000018001063c f i libvcruntime:frame.obj
 0001:0000f63c       ??1bad_array_new_length@std@@UEAA@XZ 000000018001063c f i LIBCMT:throw_bad_alloc.obj
 0001:0000f650       ??_Ebad_array_new_length@std@@UEAAPEAXI@Z 0000000180010650 f i LIBCMT:throw_bad_alloc.obj
 0001:0000f650       ??_Gbad_alloc@std@@UEAAPEAXI@Z 0000000180010650 f i LIBCMT:throw_bad_alloc.obj
 0001:0000f650       ??_Gexception@std@@UEAAPEAXI@Z 0000000180010650 f i LIBCMT:throw_bad_alloc.obj
 0001:0000f650       ??_Gbad_exception@std@@UEAAPEAXI@Z 0000000180010650 f i libvcruntime:frame.obj
 0001:0000f650       ??_Ebad_alloc@std@@UEAAPEAXI@Z 0000000180010650 f i LIBCMT:throw_bad_alloc.obj
 0001:0000f650       ??_Eexception@std@@UEAAPEAXI@Z 0000000180010650 f i LIBCMT:throw_bad_alloc.obj
 0001:0000f650       ??_Ebad_exception@std@@UEAAPEAXI@Z 0000000180010650 f i libvcruntime:frame.obj
 0001:0000f650       ??_Gbad_array_new_length@std@@UEAAPEAXI@Z 0000000180010650 f i LIBCMT:throw_bad_alloc.obj
 0001:0000f694       ?__scrt_throw_std_bad_alloc@@YAXXZ 0000000180010694 f   LIBCMT:throw_bad_alloc.obj
 0001:0000f6b4       ?__scrt_throw_std_bad_array_new_length@@YAXXZ 00000001800106b4 f   LIBCMT:throw_bad_alloc.obj
 0001:0000f6d4       ?what@exception@std@@UEBAPEBDXZ 00000001800106d4 f i LIBCMT:throw_bad_alloc.obj
 0001:0000f6f0       ??_Etype_info@@UEAAPEAXI@Z 00000001800106f0 f i LIBCMT:std_type_info_static.obj
 0001:0000f6f0       ??_Gtype_info@@UEAAPEAXI@Z 00000001800106f0 f i LIBCMT:std_type_info_static.obj
 0001:0000f71c       ??0CAtlBaseModule@ATL@@QEAA@XZ 000000018001071c f   atls:atlbase.obj
 0001:0000f7c4       ??1CAtlBaseModule@ATL@@QEAA@XZ 00000001800107c4 f   atls:atlbase.obj
 0001:0000f8f8       ?__AllocStdCallThunk_cmn@@YAPEAXXZ 00000001800108f8 f   atls:atlthunk.obj
 0001:0000fa50       AtlThunk_AllocateData      0000000180010a50 f   atls:atlthunk.obj
 0001:0000facc       AtlThunk_DataToCode        0000000180010acc f   atls:atlthunk.obj
 0001:0000fb20       AtlThunk_FreeData          0000000180010b20 f   atls:atlthunk.obj
 0001:0000fb80       AtlThunk_InitData          0000000180010b80 f   atls:atlthunk.obj
 0001:0000fc40       memset_repmovs             0000000180010c40 f   libvcruntime:memset.obj
 0001:0000fc60       memset                     0000000180010c60 f   libvcruntime:memset.obj
 0001:0000fdf0       _purecall                  0000000180010df0 f   libvcruntime:purevirt.obj
 0001:0000fe20       wcsstr                     0000000180010e20 f   libvcruntime:wcsstr.obj
[...]
 0004:000017c4       $pdata$__acrt_SetThreadStackGuarantee 00000001800347c4     libucrt:winapi_thunks.obj
 0004:000017d0       $pdata$?try_get_function@@YAPEAXW4function_id@?A0x391cf84c@@QEBDQEBW4module_id@2@2@Z 00000001800347d0     libucrt:winapi_thunks.obj
 0004:000017dc       $pdata$isdigit             00000001800347dc     libucrt:_ctype.obj
 0004:000017e8       $pdata$tolower             00000001800347e8     libucrt:tolower_toupper.obj
 0004:000017f4       $pdata$_tolower_l          00000001800347f4     libucrt:tolower_toupper.obj
 0004:00001800       $pdata$?internal_isupper_l@@YA_NHQEAU__crt_locale_pointers@@@Z 0000000180034800     libucrt:tolower_toupper.obj
 0004:0000180c       $pdata$wcstol              000000018003480c     libucrt:strtox.obj
 0004:00001818       $pdata$_mbtowc_l           0000000180034818     libucrt:mbtowc.obj
 0004:00001824       $pdata$wcsnlen             0000000180034824     libucrt:strnlen.obj
 0004:00001830       $pdata$__acrt_update_locale_info 0000000180034830     libucrt:locale_update.obj
 0004:0000183c       $pdata$__acrt_update_multibyte_info 000000018003483c     libucrt:locale_update.obj
 0004:00001848       $pdata$__acrt_fp_format    0000000180034848     libucrt:cvt.obj
 0004:00001854       $pdata$?fp_format_nan_or_infinity@@YAHW4__acrt_fp_class@@_NPEAD_K1@Z 0000000180034854     libucrt:cvt.obj
 0004:00001860       $pdata$?fp_format_e_internal@@YAHQEAD_KH_NIQEAU_strflt@@2QEAU__crt_locale_pointers@@@Z 0000000180034860     libucrt:cvt.obj
 0004:0000186c       $pdata$?fp_format_e@@YAHQEBNQEAD_K12H_NIQEAU__crt_locale_pointers@@@Z 000000018003486c     libucrt:cvt.obj
 0004:00001878       $pdata$?fp_format_a@@YAHQEBNPEAD_KQEAD2H_NIQEAU__crt_locale_pointers@@@Z 0000000180034878     libucrt:cvt.obj
 0004:00001884       $pdata$?fp_format_f_internal@@YAHQEAD_KHQEAU_strflt@@_NQEAU__crt_locale_pointers@@@Z 0000000180034884     libucrt:cvt.obj
 0004:00001890       $pdata$?fp_format_g@@YAHQEBNQEAD_K12H_NIQEAU__crt_locale_pointers@@@Z 0000000180034890     libucrt:cvt.obj
 0004:0000189c       $pdata$_fileno             000000018003489c     libucrt:fileno.obj
 0004:000018a8       $pdata$__acrt_initialize_stdio 00000001800348a8     libucrt:_file.obj
 0004:000018b4       $pdata$__acrt_uninitialize_stdio 00000001800348b4     libucrt:_file.obj
 0004:000018c0       $pdata$__acrt_uninitialize_locale 00000001800348c0     libucrt:wsetlocale.obj
 0004:000018cc       $pdata$??$?RV<lambda_410d79af7f07d98d83a3f525b3859a53>@@AEAV<lambda_3e16ef9562a7dcce91392c22ab16ea36>@@V<lambda_38119f0e861e05405d8a144b9b982f0a>@@@?$__crt_seh_guarded_call@X@@QEAAX$$QEAV<lambda_410d79af7f07d98d83a3f525b3859a53>@@AEAV<lambda_3e16ef9562a7dcce91392c22ab16ea36>@@$$QEAV<lambda_38119f0e861e05405d8a144b9b982f0a>@@@Z 00000001800348cc     libucrt:wsetlocale.obj
 0004:000018d8       $pdata$?fin$0@?0???$?RV<lambda_410d79af7f07d98d83a3f525b3859a53>@@AEAV<lambda_3e16ef9562a7dcce91392c22ab16ea36>@@V<lambda_38119f0e861e05405d8a144b9b982f0a>@@@?$__crt_seh_guarded_call@X@@QEAAX$$QEAV<lambda_410d79af7f07d98d83a3f525b3859a53>@@AEAV<lambda_3e16ef9562a7dcce91392c22ab16ea36>@@$$QEAV<lambda_38119f0e861e05405d8a144b9b982f0a>@@@Z@4HA 00000001800348d8     libucrt:wsetlocale.obj
 0004:000018e4       $pdata$__acrt_initialize_lowio 00000001800348e4     libucrt:ioinit.obj
 0004:000018f0       $pdata$__acrt_initialize_lowio$fin$0 00000001800348f0     libucrt:ioinit.obj
 0004:000018f0       $pdata$__acrt_lowio_ensure_fh_exists$fin$0 00000001800348f0     libucrt:osfinfo.obj
 0004:000018fc       $pdata$__acrt_uninitialize_lowio 00000001800348fc     libucrt:ioinit.obj
 0004:00001908       $pdata$?initialize_inherited_file_handles_nolock@@YAXXZ 0000000180034908     libucrt:ioinit.obj
 0004:00001914       $pdata$?initialize_stdio_handles_nolock@@YAXXZ 0000000180034914     libucrt:ioinit.obj
 0004:00001920       $pdata$__acrt_initialize_locks 0000000180034920     libucrt:locks.obj
 0004:0000192c       $pdata$__acrt_uninitialize_locks 000000018003492c     libucrt:locks.obj
 0004:00001938       $pdata$__acrt_get_process_end_policy 0000000180034938     libucrt:win_policies.obj
 0004:00001944       $pdata$??$common_expand_argv_wildcards@D@@YAHQEAPEADQEAPEAPEAD@Z 0000000180034944     libucrt:argv_wildcards.obj
 0004:00001950       $pdata$??$copy_and_add_argument_to_buffer@D@@YAHQEBD0_KAEAV?$argument_list@D@?A0x5f5c8891@@@Z 0000000180034950     libucrt:argv_wildcards.obj
 0004:0000195c       $pdata$??$expand_argument_wildcards@D@@YAHQEAD0AEAV?$argument_list@D@?A0x5f5c8891@@@Z 000000018003495c     libucrt:argv_wildcards.obj
 0004:00001968       $pdata$__acrt_update_thread_multibyte_data 0000000180034968     libucrt:mbctype.obj
 0004:00001974       $pdata$__acrt_initialize_multibyte 0000000180034974     libucrt:mbctype.obj
 0004:00001980       $pdata$_setmbcp_nolock     0000000180034980     libucrt:mbctype.obj
 0004:0000198c       $pdata$?getSystemCP@@YAHH@Z 000000018003498c     libucrt:mbctype.obj
 0004:00001998       $pdata$?setSBCS@@YAXPEAU__crt_multibyte_data@@@Z 0000000180034998     libucrt:mbctype.obj
 0004:000019a4       $pdata$?setSBUpLow@@YAXPEAU__crt_multibyte_data@@@Z 00000001800349a4     libucrt:mbctype.obj
 0004:000019b0       $pdata$?update_thread_multibyte_data_internal@@YAPEAU__crt_multibyte_data@@QEAU__acrt_ptd@@QEAU1@@Z 00000001800349b0     libucrt:mbctype.obj
 0004:000019bc       $pdata$?fin$0@?0??update_thread_multibyte_data_internal@@YAPEAU__crt_multibyte_data@@QEAU__acrt_ptd@@QEAU1@@Z@4HA 00000001800349bc     libucrt:mbctype.obj
 0004:000019c8       $pdata$?setmbcp_internal@@YAHH_NQEAU__acrt_ptd@@QEAPEAU__crt_multibyte_data@@@Z 00000001800349c8     libucrt:mbctype.obj
 0004:000019d4       $pdata$??$?RV<lambda_efdfa57d1f175319df784efa44bb7b81>@@AEAV<lambda_5f0a4c1567f8adc6734073e5d1e1b35c>@@V<lambda_2e8a7d3640ea6ccb4c2413664c2db6fd>@@@?$__crt_seh_guarded_call@X@@QEAAX$$QEAV<lambda_efdfa57d1f175319df784efa44bb7b81>@@AEAV<lambda_5f0a4c1567f8adc6734073e5d1e1b35c>@@$$QEAV<lambda_2e8a7d3640ea6ccb4c2413664c2db6fd>@@@Z 00000001800349d4     libucrt:mbctype.obj
 0004:000019e0       $pdata$?x_ismbbtype_l@@YAHPEAU__crt_locale_pointers@@IHH@Z 00000001800349e0     libucrt:ismbbyte.obj
 0004:000019ec       $pdata$__acrt_initialize_command_line 00000001800349ec     libucrt:argv_data.obj
 0004:000019f8       $pdata$__dcrt_get_narrow_environment_from_os 00000001800349f8     libucrt:get_environment_from_os.obj
 0004:00001a04       $pdata$__acrt_initialize_heap 0000000180034a04     libucrt:heap_handle.obj
 0004:00001a10       $pdata$__acrt_execute_initializers 0000000180034a10     libucrt:shared_initialization.obj
 0004:00001a1c       $pdata$__acrt_execute_uninitializers 0000000180034a1c     libucrt:shared_initialization.obj
 0004:00001a28       $pdata$__acrt_get_sigabrt_handler 0000000180034a28     libucrt:signal.obj
 0004:00001a34       $pdata$raise               0000000180034a34     libucrt:signal.obj
 0004:00001a40       $pdata$raise$fin$0         0000000180034a40     libucrt:signal.obj
 0004:00001a4c       $pdata$??$?RV<lambda_450d765d439847d4c735a33c368b5fc0>@@AEAV<lambda_44731a7d0e6d81c3e6aa82d741081786>@@V<lambda_601a2a7da3b7a96e9554ac7215c4b07c>@@@?$__crt_seh_guarded_call@P6AXH@Z@@QEAAP6AXH@Z$$QEAV<lambda_450d765d439847d4c735a33c368b5fc0>@@AEAV<lambda_44731a7d0e6d81c3e6aa82d741081786>@@$$QEAV<lambda_601a2a7da3b7a96e9554ac7215c4b07c>@@@Z 0000000180034a4c     libucrt:signal.obj
 0004:00001a58       $pdata$__pctype_func       0000000180034a58     libucrt:ctype.obj
 0004:00001a64       $pdata$iswctype            0000000180034a64     libucrt:iswctype.obj
 0004:00001a70       $pdata$_isctype_l          0000000180034a70     libucrt:isctype.obj
 0004:00001a7c       $pdata$__acrt_release_locale_ref 0000000180034a7c     libucrt:locale_refcounting.obj
 0004:00001a88       $pdata$__acrt_free_locale  0000000180034a88     libucrt:locale_refcounting.obj
 0004:00001a94       $pdata$__acrt_locale_free_lc_time_if_unreferenced 0000000180034a94     libucrt:locale_refcounting.obj
 0004:00001aa0       $pdata$__acrt_update_thread_locale_data 0000000180034aa0     libucrt:locale_refcounting.obj
 0004:00001aac       $pdata$__acrt_update_thread_locale_data$fin$0 0000000180034aac     libucrt:locale_refcounting.obj
 0004:00001ab8       $pdata$_updatetlocinfoEx_nolock 0000000180034ab8     libucrt:locale_refcounting.obj
 0004:00001ac4       $pdata$__acrt_DownlevelLocaleNameToLCID 0000000180034ac4     libucrt:lcidtoname_downlevel.obj
 0004:00001ad0       $pdata$?GetTableIndexFromLocaleName@@YAHPEB_W@Z 0000000180034ad0     libucrt:lcidtoname_downlevel.obj
 0004:00001adc       $pdata$_isleadbyte_l       0000000180034adc     libucrt:_wctype.obj
 0004:00001ae8       $pdata$__acrt_LCMapStringA 0000000180034ae8     libucrt:lcmapstringa.obj
 0004:00001af4       $pdata$?__acrt_LCMapStringA_stat@@YAHPEAU__crt_locale_pointers@@PEB_WKPEBDHPEADHHH@Z 0000000180034af4     libucrt:lcmapstringa.obj
 0004:00001b00       $pdata$__acrt_fp_strflt_to_string 0000000180034b00     libucrt:_fptostr.obj
 0004:00001b0c       $pdata$memcpy_s            0000000180034b0c     libucrt:cfout.obj
 0004:00001b18       $pdata$__acrt_fltout       0000000180034b18     libucrt:cfout.obj
 0004:00001b24       $pdata$?divide@__crt_strtox@@YA_KAEAUbig_integer@1@AEBU21@@Z 0000000180034b24     libucrt:cfout.obj
 0004:00001b30       $pdata$5$?divide@__crt_strtox@@YA_KAEAUbig_integer@1@AEBU21@@Z 0000000180034b30     libucrt:cfout.obj
 0004:00001b3c       $pdata$6$?divide@__crt_strtox@@YA_KAEAUbig_integer@1@AEBU21@@Z 0000000180034b3c     libucrt:cfout.obj
 0004:00001b48       $pdata$_fcloseall          0000000180034b48     libucrt:closeall.obj
 0004:00001b54       $pdata$_fcloseall$fin$0    0000000180034b54     libucrt:closeall.obj
 0004:00001b60       $pdata$_fflush_nolock      0000000180034b60     libucrt:fflush.obj
 0004:00001b6c       $pdata$__acrt_stdio_flush_nolock 0000000180034b6c     libucrt:fflush.obj
 0004:00001b78       $pdata$?common_flush_all@@YAH_N@Z 0000000180034b78     libucrt:fflush.obj
 0004:00001b84       $pdata$??$?RV<lambda_842d9ff0dc9ef11c61343bbaebe7f885>@@AEAV<lambda_c5860995281e5c4ce005b3de8f5874ee>@@V<lambda_d90129c13df834fdcbf8d2b88dafcf2d>@@@?$__crt_seh_guarded_call@X@@QEAAX$$QEAV<lambda_842d9ff0dc9ef11c61343bbaebe7f885>@@AEAV<lambda_c5860995281e5c4ce005b3de8f5874ee>@@$$QEAV<lambda_d90129c13df834fdcbf8d2b88dafcf2d>@@@Z 0000000180034b84     libucrt:fflush.obj
 0004:00001b90       $pdata$?fin$0@?0???$?RV<lambda_842d9ff0dc9ef11c61343bbaebe7f885>@@AEAV<lambda_c5860995281e5c4ce005b3de8f5874ee>@@V<lambda_d90129c13df834fdcbf8d2b88dafcf2d>@@@?$__crt_seh_guarded_call@X@@QEAAX$$QEAV<lambda_842d9ff0dc9ef11c61343bbaebe7f885>@@AEAV<lambda_c5860995281e5c4ce005b3de8f5874ee>@@$$QEAV<lambda_d90129c13df834fdcbf8d2b88dafcf2d>@@@Z@4HA 0000000180034b90     libucrt:fflush.obj
 0004:00001b9c       $pdata$??$?RV<lambda_886d6c58226a84441f68b9f2b8217b83>@@AEAV<lambda_ab61a845afdef5b7c387490eaf3616ee>@@V<lambda_f7f22ab5edc0698d5f6905b0d3f44752>@@@?$__crt_seh_guarded_call@X@@QEAAX$$QEAV<lambda_886d6c58226a84441f68b9f2b8217b83>@@AEAV<lambda_ab61a845afdef5b7c387490eaf3616ee>@@$$QEAV<lambda_f7f22ab5edc0698d5f6905b0d3f44752>@@@Z 0000000180034b9c     libucrt:fflush.obj
 0004:00001ba8       $pdata$?fin$0@?0???$?RV<lambda_886d6c58226a84441f68b9f2b8217b83>@@AEAV<lambda_ab61a845afdef5b7c387490eaf3616ee>@@V<lambda_f7f22ab5edc0698d5f6905b0d3f44752>@@@?$__crt_seh_guarded_call@X@@QEAAX$$QEAV<lambda_886d6c58226a84441f68b9f2b8217b83>@@AEAV<lambda_ab61a845afdef5b7c387490eaf3616ee>@@$$QEAV<lambda_f7f22ab5edc0698d5f6905b0d3f44752>@@@Z@4HA 0000000180034ba8     libucrt:fflush.obj
 0004:00001bb4       $pdata$__acrt_stdio_free_buffer_nolock 0000000180034bb4     libucrt:_freebuf.obj
 0004:00001bc0       $pdata$_isatty             0000000180034bc0     libucrt:isatty.obj
 0004:00001bcc       $pdata$__acrt_locale_free_monetary 0000000180034bcc     libucrt:initmon.obj
 0004:00001bd8       $pdata$__acrt_locale_free_numeric 0000000180034bd8     libucrt:initnum.obj
 0004:00001be4       $pdata$__acrt_locale_free_time 0000000180034be4     libucrt:inittime.obj
 0004:00001bf0       $pdata$?free_crt_array_internal@@YAXQEAPEBX_K@Z 0000000180034bf0     libucrt:inittime.obj
 0004:00001bfc       $pdata$__acrt_GetStringTypeA 0000000180034bfc     libucrt:getstringtypea.obj
 0004:00001c08       $pdata$_get_osfhandle      0000000180034c08     libucrt:osfinfo.obj
 0004:00001c14       $pdata$_free_osfhnd        0000000180034c14     libucrt:osfinfo.obj
 0004:00001c20       $pdata$__acrt_lowio_create_handle_array 0000000180034c20     libucrt:osfinfo.obj
 0004:00001c2c       $pdata$__acrt_lowio_destroy_handle_array 0000000180034c2c     libucrt:osfinfo.obj
 0004:00001c38       $pdata$__acrt_lowio_ensure_fh_exists 0000000180034c38     libucrt:osfinfo.obj
 0004:00001c44       $pdata$qsort               0000000180034c44     libucrt:qsort.obj
 0004:00001c50       $pdata$4$qsort             0000000180034c50     libucrt:qsort.obj
 0004:00001c5c       $pdata$5$qsort             0000000180034c5c     libucrt:qsort.obj
 0004:00001c68       $pdata$?shortsort@@YAXPEAD0_KP6AHPEBX2@Z@Z 0000000180034c68     libucrt:qsort.obj
 0004:00001c74       $pdata$2$?shortsort@@YAXPEAD0_KP6AHPEBX2@Z@Z 0000000180034c74     libucrt:qsort.obj
 0004:00001c80       $pdata$3$?shortsort@@YAXPEAD0_KP6AHPEBX2@Z@Z 0000000180034c80     libucrt:qsort.obj
 0004:00001c8c       $pdata$strncpy_s           0000000180034c8c     libucrt:strncpy_s.obj
 0004:00001c98       $pdata$strpbrk             0000000180034c98     libucrt:strpbrk.obj
 0004:00001ca4       $pdata$_mbsdec_l           0000000180034ca4     libucrt:mbsdec.obj
 0004:00001cb0       $pdata$?initialize_multibyte@@YAHXZ 0000000180034cb0     libucrt:multibyte_initializer.obj
 0004:00001cbc       $pdata$fegetenv            0000000180034cbc     libucrt:fegetenv.obj
 0004:00001cc8       $pdata$fesetenv            0000000180034cc8     libucrt:fesetenv.obj
 0004:00001cd4       $pdata$feholdexcept        0000000180034cd4     libucrt:feholdexcept.obj
 0004:00001cec       $pdata$_write              0000000180034cec     libucrt:write.obj
 0004:00001cf8       $pdata$_write$fin$0        0000000180034cf8     libucrt:write.obj
 0004:00001d04       $pdata$_write_nolock       0000000180034d04     libucrt:write.obj
 0004:00001d10       $pdata$?write_double_translated_ansi_nolock@@YA?AUwrite_result@?A0x17268360@@HQEBDI@Z 0000000180034d10     libucrt:write.obj
 0004:00001d1c       $pdata$?write_text_ansi_nolock@@YA?AUwrite_result@?A0x17268360@@HQEBDI@Z 0000000180034d1c     libucrt:write.obj
 0004:00001d28       $pdata$?write_text_utf16le_nolock@@YA?AUwrite_result@?A0x17268360@@HQEBDI@Z 0000000180034d28     libucrt:write.obj
 0004:00001d34       $pdata$?write_text_utf8_nolock@@YA?AUwrite_result@?A0x17268360@@HQEBDI@Z 0000000180034d34     libucrt:write.obj
 0004:00001d40       $pdata$??$common_lseek_nolock@_J@@YA_JH_JH@Z 0000000180034d40     libucrt:lseek.obj
 0004:00001d4c       $pdata$fclose              0000000180034d4c     libucrt:fclose.obj
 0004:00001d58       $pdata$fclose$fin$0        0000000180034d58     libucrt:fclose.obj
 0004:00001d64       $pdata$_fclose_nolock      0000000180034d64     libucrt:fclose.obj
 0004:00001d70       $pdata$_commit             0000000180034d70     libucrt:commit.obj
 0004:00001d7c       $pdata$??$?RV<lambda_a37b2b86f63e897a80ea819b0eb08c01>@@AEAV<lambda_38ce7e780aa69e748d6df282ebc68efe>@@V<lambda_99fb1378e971ab6e7edea83e3a7a83a2>@@@?$__crt_seh_guarded_call@H@@QEAAH$$QEAV<lambda_a37b2b86f63e897a80ea819b0eb08c01>@@AEAV<lambda_38ce7e780aa69e748d6df282ebc68efe>@@$$QEAV<lambda_99fb1378e971ab6e7edea83e3a7a83a2>@@@Z 0000000180034d7c     libucrt:commit.obj
 0004:00001d88       $pdata$?fin$0@?0???$?RV<lambda_a37b2b86f63e897a80ea819b0eb08c01>@@AEAV<lambda_38ce7e780aa69e748d6df282ebc68efe>@@V<lambda_99fb1378e971ab6e7edea83e3a7a83a2>@@@?$__crt_seh_guarded_call@H@@QEAAH$$QEAV<lambda_a37b2b86f63e897a80ea819b0eb08c01>@@AEAV<lambda_38ce7e780aa69e748d6df282ebc68efe>@@$$QEAV<lambda_99fb1378e971ab6e7edea83e3a7a83a2>@@@Z@4HA 0000000180034d88     libucrt:commit.obj
 0004:00001d88       $pdata$?fin$0@?0???$?RV<lambda_751a882b2c74d4b022dec766aa51a29a>@@AEAV<lambda_628dfdc04ba53c8bfc02c9951375f3f5>@@V<lambda_f6c7be5f7998530c34de24c7437d6b54>@@@?$__crt_seh_guarded_call@H@@QEAAH$$QEAV<lambda_751a882b2c74d4b022dec766aa51a29a>@@AEAV<lambda_628dfdc04ba53c8bfc02c9951375f3f5>@@$$QEAV<lambda_f6c7be5f7998530c34de24c7437d6b54>@@@Z@4HA 0000000180034d88     libucrt:close.obj
 0004:00001d94       $pdata$_setfpstatusword    0000000180034d94     libucrt:_fenvutils.obj
 0004:00001da0       $pdata$_getfpcontrolword   0000000180034da0     libucrt:_fenvutils.obj
 0004:00001dac       $pdata$_getfpstatusword    0000000180034dac     libucrt:_fenvutils.obj
 0004:00001db8       $pdata$_clearfp            0000000180034db8     libucrt:ieee.obj
 0004:00001dc4       $pdata$common_control87    0000000180034dc4     libucrt:ieee.obj
 0004:00001dd0       $pdata$_ctrlfp$filt$0      0000000180034dd0     libucrt:fpctrl.obj
 0004:00001dd0       $pdata$common_control87$filt$0 0000000180034dd0     libucrt:ieee.obj
 0004:00001ddc       $pdata$_call_matherr       0000000180034ddc     libucrt:libm_error.obj
 0004:00001de8       $pdata$_exception_enabled  0000000180034de8     libucrt:libm_error.obj
 0004:00001df4       $pdata$_handle_error       0000000180034df4     libucrt:libm_error.obj
 0004:00001e00       $pdata$__acrt_initialize_fma3 0000000180034e00     libucrt:fma3_available.obj
 0004:00001e0c       $pdata$_log_special_common 0000000180034e0c     libucrt:log_special.obj
 0004:00001e18       $pdata$_log10_special      0000000180034e18     libucrt:log_special.obj
 0004:00001e24       $pdata$_putwch_nolock      0000000180034e24     libucrt:putwch.obj
 0004:00001e30       $pdata$_close              0000000180034e30     libucrt:close.obj
 0004:00001e3c       $pdata$_close_nolock       0000000180034e3c     libucrt:close.obj
 0004:00001e48       $pdata$??$?RV<lambda_751a882b2c74d4b022dec766aa51a29a>@@AEAV<lambda_628dfdc04ba53c8bfc02c9951375f3f5>@@V<lambda_f6c7be5f7998530c34de24c7437d6b54>@@@?$__crt_seh_guarded_call@H@@QEAAH$$QEAV<lambda_751a882b2c74d4b022dec766aa51a29a>@@AEAV<lambda_628dfdc04ba53c8bfc02c9951375f3f5>@@$$QEAV<lambda_f6c7be5f7998530c34de24c7437d6b54>@@@Z 0000000180034e48     libucrt:close.obj
 0004:00001e60       $pdata$_set_errno_from_matherr 0000000180034e60     libucrt:fpexcept.obj
 0004:00001e6c       $pdata$_raise_exc          0000000180034e6c     libucrt:fpexcept.obj
 0004:00001e78       $pdata$_raise_exc_ex       0000000180034e78     libucrt:fpexcept.obj
 0004:00001e84       $pdata$_clrfp              0000000180034e84     libucrt:fpctrl.obj
 0004:00001e90       $pdata$_ctrlfp             0000000180034e90     libucrt:fpctrl.obj
 0004:00001e9c       $pdata$_statfp             0000000180034e9c     libucrt:fpctrl.obj
 0004:00001ea8       $pdata$_set_statfp         0000000180034ea8     libucrt:fpctrl.obj
 0004:00001eb4       $pdata$__dcrt_lowio_initialize_console_output 0000000180034eb4     libucrt:initcon.obj
 0004:00001ec0       $pdata$__dcrt_terminate_console_output 0000000180034ec0     libucrt:initcon.obj
 0004:00001ecc       $pdata$_IsNonwritableInCurrentImage 0000000180034ecc     LIBCMT:pesect.obj
 0004:00001ed8       $pdata$_IsNonwritableInCurrentImage$filt$0 0000000180034ed8     LIBCMT:pesect.obj
 0004:00001ee4       $pdata$strrchr             0000000180034ee4     libvcruntime:strrchr.obj
 0005:00000220       $R000000                   0000000180035220     SmartCardRW.res
 0005:00000b98       $R000978                   0000000180035b98     SmartCardRW.res
 0005:00000c80       $R000A60                   0000000180035c80     SmartCardRW.res
 0005:00000ee8       $R000CC8                   0000000180035ee8     SmartCardRW.res
 0005:000013c0       $R0011A0                   00000001800363c0     SmartCardRW.res
 0005:000043e8       $R0041C8                   00000001800393e8     SmartCardRW.res
 0005:00004420       $R004200                   0000000180039420     SmartCardRW.res
