 OPOSScanner

 Timestamp is 5c4439f9 (Sun Jan 20 18:06:01 2019)

 Preferred load address is 0000000180000000

 Start         Length     Name                   Class
 0001:00000000 000000c0H .text$di                CODE
 0001:000000c0 0001f450H .text$mn                CODE
 0001:0001f510 00000020H .text$mn$00             CODE
 0001:0001f530 00000410H .text$x                 CODE
 0001:0001f940 000000c0H .text$yd                CODE
 0002:00000000 00000620H .idata$5                DATA
 0002:00000620 00000010H .00cfg                  DATA
 0002:00000630 00000008H .CRT$XCA                DATA
 0002:00000638 00000008H .CRT$XCL                DATA
 0002:00000640 00000020H .CRT$XCU                DATA
 0002:00000660 00000008H .CRT$XCZ                DATA
 0002:00000668 00000008H .CRT$XIA                DATA
 0002:00000670 00000020H .CRT$XIC                DATA
 0002:00000690 00000008H .CRT$XIZ                DATA
 0002:00000698 00000008H .CRT$XLA                DATA
 0002:000006a0 00000008H .CRT$XLZ                DATA
 0002:000006a8 00000008H .CRT$XPA                DATA
 0002:000006b0 00000010H .CRT$XPX                DATA
 0002:000006c0 00000008H .CRT$XPXA               DATA
 0002:000006c8 00000008H .CRT$XPZ                DATA
 0002:000006d0 00000008H .CRT$XTA                DATA
 0002:000006d8 00000008H .CRT$XTZ                DATA
 0002:000006e0 00000000H .gfids$x                DATA
 0002:000006e0 00000000H .gfids$y                DATA
 0002:000006e0 0000a0c0H .rdata                  DATA
 0002:0000a7a0 00000028H .rdata$T                DATA
 0002:0000a7c8 00000274H .rdata$r                DATA
 0002:0000aa3c 000003f4H .rdata$zzzdbg           DATA
 0002:0000ae30 00000008H .rtc$IAA                DATA
 0002:0000ae38 00000008H .rtc$IZZ                DATA
 0002:0000ae40 00000008H .rtc$TAA                DATA
 0002:0000ae48 00000008H .rtc$TZZ                DATA
 0002:0000ae50 00000004H .tls                    DATA
 0002:0000ae54 00000004H .tls$                   DATA
 0002:0000ae58 00000008H .tls$ZZZ                DATA
 0002:0000ae60 00001650H .xdata                  DATA
 0002:0000c4b0 00000150H .xdata$x                DATA
 0002:0000c600 00000008H ATL$__a                 DATA
 0002:0000c608 00000008H ATL$__z                 DATA
 0002:0000c610 000000a8H .edata                  DATA
 0002:0000c6b8 00000078H .idata$2                DATA
 0002:0000c730 00000018H .idata$3                DATA
 0002:0000c748 00000620H .idata$4                DATA
 0002:0000cd68 00000c3aH .idata$6                DATA
 0003:00000000 00000c68H .data                   DATA
 0003:00000c68 000000c8H .data$r                 DATA
 0003:00000d30 000013d4H .bss                    DATA
 0004:00000000 00001e54H .pdata                  DATA
 0005:00000000 00000220H .rsrc$01                DATA
 0005:00000220 00003b90H .rsrc$02                DATA

  Address         Publics by Value              Rva+Base               Lib:Object

 0000:00000000       __hybrid_code_map          0000000000000000     <absolute>
 0000:00000000       __volatile_metadata        0000000000000000     <absolute>
 0000:00000000       __guard_longjmp_count      0000000000000000     <absolute>
 0000:00000000       __guard_longjmp_table      0000000000000000     <absolute>
 0000:00000000       __guard_fids_count         0000000000000000     <absolute>
 0000:00000000       __hybrid_code_map_count    0000000000000000     <absolute>
 0000:00000000       __guard_iat_table          0000000000000000     <absolute>
 0000:00000000       __guard_iat_count          0000000000000000     <absolute>
 0000:00000000       ___safe_se_handler_count   0000000000000000     <absolute>
 0000:00000000       __enclave_config           0000000000000000     <absolute>
 0000:00000000       ___safe_se_handler_table   0000000000000000     <absolute>
 0000:00000000       __guard_fids_table         0000000000000000     <absolute>
 0000:00000000       __hybrid_auxiliary_iat     0000000000000000     <absolute>
 0000:00000000       __dynamic_value_reloc_table 0000000000000000     <absolute>
 0000:00000100       __guard_flags              0000000000000100     <absolute>
 0000:00000000       __ImageBase                0000000180000000     <linker-defined>
 0001:000000c0       ?DupWide@_CW@@AEAAXXZ      00000001800010c0 f   CWString.obj
 0001:000000e8       ?cw_dup@@YAXPEBDAEAHAEAPEA_W1@Z 00000001800010e8 f   CWString.obj
 0001:00000194       ?cw_memcpy@@YAHPEA_WPEBDH@Z 0000000180001194 f   CWString.obj
 0001:000001e0       ?cw_strcpy@@YAHPEA_WPEBD@Z 00000001800011e0 f   CWString.obj
 0001:000001f4       ??0CAtlComModule@ATL@@QEAA@XZ 00000001800011f4 f i OposVariant.obj
 0001:0000027c       ??0CAtlWinModule@ATL@@QEAA@XZ 000000018000127c f i OposVariant.obj
 0001:000002f4       ??0OposDispParms@@QEAA@PEAVOposVariant@@H@Z 00000001800012f4 f   OposVariant.obj
 0001:0000039c       ??1OposDispParms@@QEAA@XZ  000000018000139c f   OposVariant.obj
 0001:000003b4       ??_Estringdispid@CComTypeInfoHolder@ATL@@QEAAPEAXI@Z 00000001800013b4 f i OposVariant.obj
 0001:00000458       ?AtlWinModuleTerm@ATL@@YAJPEAU_ATL_WIN_MODULE70@1@PEAUHINSTANCE__@@@Z 0000000180001458 f i OposVariant.obj
 0001:00000508       ?ChangeBSTR@OposVariant@@QEAAXPEAPEA_WAEAJ@Z 0000000180001508 f   OposVariant.obj
 0001:00000568       ?ChangeLONG@OposVariant@@QEAAXPEAJAEAJ@Z 0000000180001568 f   OposVariant.obj
 0001:000005c4       ?GetLONG@OposVariant@@QEAAJXZ 00000001800015c4 f   OposVariant.obj
 0001:000005e8       ?SetBSTR@OposVariant@@QEAAXPEA_WAEAJ@Z 00000001800015e8 f   OposVariant.obj
 0001:00000628       ?SetBSTR_Copy@OposVariant@@QEAAXPEA_WAEAJ@Z 0000000180001628 f   OposVariant.obj
 0001:00000698       ?SetBSTR_InOutPtr@OposVariant@@QEAA_NPEAPEA_WAEAJ@Z 0000000180001698 f   OposVariant.obj
 0001:000006e8       ?SetDispatch_Ptr@OposVariant@@QEAAXPEAUIDispatch@@AEAJ@Z 00000001800016e8 f   OposVariant.obj
 0001:00000740       ?SetLONG@OposVariant@@QEAAXJ@Z 0000000180001740 f   OposVariant.obj
 0001:00000770       ?SetLONG_Ptr@OposVariant@@QEAAXPEAJAEAJ@Z 0000000180001770 f   OposVariant.obj
 0001:000007bc       ?SetString@OposVariant@@QEAAXPEB_WAEAJ@Z 00000001800017bc f   OposVariant.obj
 0001:00000820       ?SetVARIANT_BOOL@OposVariant@@QEAAXF@Z 0000000180001820 f   OposVariant.obj
 0001:00000858       ?Term@CAtlComModule@ATL@@QEAAXXZ 0000000180001858 f i OposVariant.obj
 0001:000008c8       ?_AtlInitializeCriticalSectionEx@ATL@@YAHPEAU_RTL_CRITICAL_SECTION@@KK@Z 00000001800018c8 f i OposVariant.obj
 0001:000008d0       ?_AtlRaiseException@ATL@@YAXKK@Z 00000001800018d0 f i OposVariant.obj
 0001:000008e0       ?AddRef@?$CComAggObject@VCOPOSScanner@@@ATL@@UEAAKXZ 00000001800018e0 f i Scanner.obj
 0001:000008ec       ?Release@?$CComAggObject@VCOPOSScanner@@@ATL@@UEAAKXZ 00000001800018ec f i Scanner.obj
 0001:00000940       ?QueryInterface@?$CComAggObject@VCOPOSScanner@@@ATL@@UEAAJAEBU_GUID@@PEAPEAX@Z 0000000180001940 f i Scanner.obj
 0001:000009a0       ?AddRef@?$CComContainedObject@VCOPOSScanner@@@ATL@@UEAAKXZ 00000001800019a0 f i Scanner.obj
 0001:000009b0       ?Release@?$CComContainedObject@VCOPOSScanner@@@ATL@@UEAAKXZ 00000001800019b0 f i Scanner.obj
 0001:000009c0       ?QueryInterface@?$CComContainedObject@VCOPOSScanner@@@ATL@@UEAAJAEBU_GUID@@PEAPEAX@Z 00000001800019c0 f i Scanner.obj
 0001:000009d0       ??_E?$CComAggObject@VCOPOSScanner@@@ATL@@UEAAPEAXI@Z 00000001800019d0 f i Scanner.obj
 0001:000009d0       ??_G?$CComAggObject@VCOPOSScanner@@@ATL@@UEAAPEAXI@Z 00000001800019d0 f i Scanner.obj
 0001:00000a28       ?AddRef@?$CComObject@VCOPOSScanner@@@ATL@@UEAAKXZ 0000000180001a28 f i Scanner.obj
 0001:00000a38       ?Release@?$CComObject@VCOPOSScanner@@@ATL@@UEAAKXZ 0000000180001a38 f i Scanner.obj
 0001:00000a90       ?QueryInterface@?$CComObject@VCOPOSScanner@@@ATL@@UEAAJAEBU_GUID@@PEAPEAX@Z 0000000180001a90 f i Scanner.obj
 0001:00000aa4       ?OnFinalMessage@?$CWindowImplBaseT@VCWindow@ATL@@V?$CWinTraits@$0FGAAAAAA@$0A@@2@@ATL@@UEAAXPEAUHWND__@@@Z 0000000180001aa4 f i Scanner.obj
 0001:00000aa4       _guard_check_icall_nop     0000000180001aa4 f i LIBCMT:guard_support.obj
 0001:00000aa4       ?ObjectMain@CComObjectRootBase@ATL@@SAX_N@Z 0000000180001aa4 f i Scanner.obj
 0001:00000aa8       ?GetCategoryMap@CComObjectRootBase@ATL@@SAPEBU_ATL_CATMAP_ENTRY@2@XZ 0000000180001aa8 f i Scanner.obj
 0001:00000aa8       ?Update@?$IOleObjectImpl@VCOPOSScanner@@@ATL@@UEAAJXZ 0000000180001aa8 f i Scanner.obj
 0001:00000aa8       ?IsUpToDate@?$IOleObjectImpl@VCOPOSScanner@@@ATL@@UEAAJXZ 0000000180001aa8 f i Scanner.obj
 0001:00000aa8       ?OnFrameWindowActivate@?$IOleInPlaceActiveObjectImpl@VCOPOSScanner@@@ATL@@UEAAJH@Z 0000000180001aa8 f i Scanner.obj
 0001:00000aa8       ?Release@CRegObject@ATL@@UEAAKXZ 0000000180001aa8 f i Scanner.obj
 0001:00000aa8       ?EnableModeless@?$IOleInPlaceActiveObjectImpl@VCOPOSScanner@@@ATL@@UEAAJH@Z 0000000180001aa8 f i Scanner.obj
 0001:00000aa8       ?OnAmbientPropertyChange@?$IOleControlImpl@VCOPOSScanner@@@ATL@@UEAAJJ@Z 0000000180001aa8 f i Scanner.obj
 0001:00000aa8       ?HandsOffStorage@?$IPersistStorageImpl@VCOPOSScanner@@@ATL@@UEAAJXZ 0000000180001aa8 f i Scanner.obj
 0001:00000aa8       ?ResizeBorder@?$IOleInPlaceActiveObjectImpl@VCOPOSScanner@@@ATL@@UEAAJPEBUtagRECT@@PEAUIOleInPlaceUIWindow@@H@Z 0000000180001aa8 f i Scanner.obj
 0001:00000aa8       ?GetObjectDescription@?$CComCoClass@VCOPOSScanner@@$1?CLSID_OPOSScanner@@3U_GUID@@B@ATL@@SAPEB_WXZ 0000000180001aa8 f i Scanner.obj
 0001:00000aa8       ?SaveCompleted@?$IPersistStorageImpl@VCOPOSScanner@@@ATL@@UEAAJPEAUIStorage@@@Z 0000000180001aa8 f i Scanner.obj
 0001:00000aa8       ?SetHostNames@?$IOleObjectImpl@VCOPOSScanner@@@ATL@@UEAAJPEB_W0@Z 0000000180001aa8 f i Scanner.obj
 0001:00000aac       ?OnDrawAdvanced@CComControlBase@ATL@@UEAAJAEAUATL_DRAWINFO@@@Z 0000000180001aac f i Scanner.obj
 0001:00000bcc       ?CreateInstance@CComClassFactory@ATL@@UEAAJPEAUIUnknown@@AEBU_GUID@@PEAPEAX@Z 0000000180001bcc f i Scanner.obj
 0001:00000c2c       ?LockServer@CComClassFactory@ATL@@UEAAJH@Z 0000000180001c2c f i Scanner.obj
 0001:00000c50       ??_ECComClassFactory@ATL@@UEAAPEAXI@Z 0000000180001c50 f i Scanner.obj
 0001:00000c50       ??_GCComClassFactory@ATL@@UEAAPEAXI@Z 0000000180001c50 f i Scanner.obj
 0001:00000ca0       ?Next@?$CComEnumImpl@UIEnumConnections@@$1?_GUID_b196b287_bab4_101a_b69c_00aa00341d07@@3U__s_GUID@@BUtagCONNECTDATA@@V?$_Copy@UtagCONNECTDATA@@@ATL@@@ATL@@UEAAJKPEAUtagCONNECTDATA@@PEAK@Z 0000000180001ca0 f i Scanner.obj
 0001:00000d74       ?Skip@?$CComEnumImpl@UIEnumConnections@@$1?_GUID_b196b287_bab4_101a_b69c_00aa00341d07@@3U__s_GUID@@BUtagCONNECTDATA@@V?$_Copy@UtagCONNECTDATA@@@ATL@@@ATL@@UEAAJK@Z 0000000180001d74 f i Scanner.obj
 0001:00000da0       ?Reset@?$CComEnumImpl@UIEnumConnections@@$1?_GUID_b196b287_bab4_101a_b69c_00aa00341d07@@3U__s_GUID@@BUtagCONNECTDATA@@V?$_Copy@UtagCONNECTDATA@@@ATL@@@ATL@@UEAAJXZ 0000000180001da0 f i Scanner.obj
 0001:00000da0       ?Reset@?$CComEnumImpl@UIEnumConnectionPoints@@$1?_GUID_b196b285_bab4_101a_b69c_00aa00341d07@@3U__s_GUID@@BPEAUIConnectionPoint@@V?$_CopyInterface@UIConnectionPoint@@@ATL@@@ATL@@UEAAJXZ 0000000180001da0 f i Scanner.obj
 0001:00000dac       ?Clone@?$CComEnumImpl@UIEnumConnections@@$1?_GUID_b196b287_bab4_101a_b69c_00aa00341d07@@3U__s_GUID@@BUtagCONNECTDATA@@V?$_Copy@UtagCONNECTDATA@@@ATL@@@ATL@@UEAAJPEAPEAUIEnumConnections@@@Z 0000000180001dac f i Scanner.obj
 0001:00000ed4       ?AddRef@?$CComObject@V?$CComEnum@UIEnumConnectionPoints@@$1?_GUID_b196b285_bab4_101a_b69c_00aa00341d07@@3U__s_GUID@@BPEAUIConnectionPoint@@V?$_CopyInterface@UIConnectionPoint@@@ATL@@VCComSingleThreadModel@6@@ATL@@@ATL@@UEAAKXZ 0000000180001ed4 f i Scanner.obj
 0001:00000ed4       ?AddRef@?$CComObject@V?$CComEnum@UIEnumConnections@@$1?_GUID_b196b287_bab4_101a_b69c_00aa00341d07@@3U__s_GUID@@BUtagCONNECTDATA@@V?$_Copy@UtagCONNECTDATA@@@ATL@@VCComSingleThreadModel@6@@ATL@@@ATL@@UEAAKXZ 0000000180001ed4 f i Scanner.obj
 0001:00000ee0       ?Release@?$CComObject@V?$CComEnum@UIEnumConnectionPoints@@$1?_GUID_b196b285_bab4_101a_b69c_00aa00341d07@@3U__s_GUID@@BPEAUIConnectionPoint@@V?$_CopyInterface@UIConnectionPoint@@@ATL@@VCComSingleThreadModel@6@@ATL@@@ATL@@UEAAKXZ 0000000180001ee0 f i Scanner.obj
 0001:00000ee0       ?Release@?$CComObject@V?$CComEnum@UIEnumConnections@@$1?_GUID_b196b287_bab4_101a_b69c_00aa00341d07@@3U__s_GUID@@BUtagCONNECTDATA@@V?$_Copy@UtagCONNECTDATA@@@ATL@@VCComSingleThreadModel@6@@ATL@@@ATL@@UEAAKXZ 0000000180001ee0 f i Scanner.obj
 0001:00000f34       ?QueryInterface@?$CComObject@V?$CComEnum@UIEnumConnections@@$1?_GUID_b196b287_bab4_101a_b69c_00aa00341d07@@3U__s_GUID@@BUtagCONNECTDATA@@V?$_Copy@UtagCONNECTDATA@@@ATL@@VCComSingleThreadModel@6@@ATL@@@ATL@@UEAAJAEBU_GUID@@PEAPEAX@Z 0000000180001f34 f i Scanner.obj
 0001:00000f48       ??_E?$CComObject@V?$CComEnum@UIEnumConnections@@$1?_GUID_b196b287_bab4_101a_b69c_00aa00341d07@@3U__s_GUID@@BUtagCONNECTDATA@@V?$_Copy@UtagCONNECTDATA@@@ATL@@VCComSingleThreadModel@6@@ATL@@@ATL@@UEAAPEAXI@Z 0000000180001f48 f i Scanner.obj
 0001:00000f48       ??_G?$CComObject@V?$CComEnum@UIEnumConnections@@$1?_GUID_b196b287_bab4_101a_b69c_00aa00341d07@@3U__s_GUID@@BUtagCONNECTDATA@@V?$_Copy@UtagCONNECTDATA@@@ATL@@VCComSingleThreadModel@6@@ATL@@@ATL@@UEAAPEAXI@Z 0000000180001f48 f i Scanner.obj
 0001:00000fa0       ??_E?$CComObject@VCOPOSScanner@@@ATL@@W7EAAPEAXI@Z 0000000180001fa0 f i Scanner.obj
 0001:00000fac       ??_E?$CComObject@VCOPOSScanner@@@ATL@@WHA@EAAPEAXI@Z 0000000180001fac f i Scanner.obj
 0001:00000fb8       ?QueryInterface@?$CComObject@VCOPOSScanner@@@ATL@@WLI@EAAJAEBU_GUID@@PEAPEAX@Z 0000000180001fb8 f i Scanner.obj
 0001:00000fc4       ?AddRef@?$CComObject@VCOPOSScanner@@@ATL@@WLI@EAAKXZ 0000000180001fc4 f i Scanner.obj
 0001:00000fd0       ?Release@?$CComObject@VCOPOSScanner@@@ATL@@WLI@EAAKXZ 0000000180001fd0 f i Scanner.obj
 0001:00000fdc       ?QueryInterface@?$CComObject@VCOPOSScanner@@@ATL@@WMA@EAAJAEBU_GUID@@PEAPEAX@Z 0000000180001fdc f i Scanner.obj
 0001:00000fe8       ?AddRef@?$CComObject@VCOPOSScanner@@@ATL@@WMA@EAAKXZ 0000000180001fe8 f i Scanner.obj
 0001:00000ff4       ?Release@?$CComObject@VCOPOSScanner@@@ATL@@WMA@EAAKXZ 0000000180001ff4 f i Scanner.obj
 0001:00001000       ?QueryInterface@?$CComObject@VCOPOSScanner@@@ATL@@WMI@EAAJAEBU_GUID@@PEAPEAX@Z 0000000180002000 f i Scanner.obj
 0001:0000100c       ?AddRef@?$CComObject@VCOPOSScanner@@@ATL@@WMI@EAAKXZ 000000018000200c f i Scanner.obj
 0001:00001018       ?Release@?$CComObject@VCOPOSScanner@@@ATL@@WMI@EAAKXZ 0000000180002018 f i Scanner.obj
 0001:00001024       ?QueryInterface@?$CComObject@VCOPOSScanner@@@ATL@@WNA@EAAJAEBU_GUID@@PEAPEAX@Z 0000000180002024 f i Scanner.obj
 0001:00001030       ?AddRef@?$CComObject@VCOPOSScanner@@@ATL@@WNA@EAAKXZ 0000000180002030 f i Scanner.obj
 0001:0000103c       ?Release@?$CComObject@VCOPOSScanner@@@ATL@@WNA@EAAKXZ 000000018000203c f i Scanner.obj
 0001:00001048       ?QueryInterface@?$CComObject@VCOPOSScanner@@@ATL@@WNI@EAAJAEBU_GUID@@PEAPEAX@Z 0000000180002048 f i Scanner.obj
 0001:00001054       ?AddRef@?$CComObject@VCOPOSScanner@@@ATL@@WNI@EAAKXZ 0000000180002054 f i Scanner.obj
 0001:00001060       ?Release@?$CComObject@VCOPOSScanner@@@ATL@@WNI@EAAKXZ 0000000180002060 f i Scanner.obj
 0001:0000106c       ?QueryInterface@?$CComObject@VCOPOSScanner@@@ATL@@WOA@EAAJAEBU_GUID@@PEAPEAX@Z 000000018000206c f i Scanner.obj
 0001:00001078       ?AddRef@?$CComObject@VCOPOSScanner@@@ATL@@WOA@EAAKXZ 0000000180002078 f i Scanner.obj
 0001:00001084       ?Release@?$CComObject@VCOPOSScanner@@@ATL@@WOA@EAAKXZ 0000000180002084 f i Scanner.obj
 0001:00001090       ?QueryInterface@?$CComObject@VCOPOSScanner@@@ATL@@WOI@EAAJAEBU_GUID@@PEAPEAX@Z 0000000180002090 f i Scanner.obj
 0001:0000109c       ?AddRef@?$CComObject@VCOPOSScanner@@@ATL@@WOI@EAAKXZ 000000018000209c f i Scanner.obj
 0001:000010a8       ?Release@?$CComObject@VCOPOSScanner@@@ATL@@WOI@EAAKXZ 00000001800020a8 f i Scanner.obj
 0001:000010b4       ?QueryInterface@?$CComObject@VCOPOSScanner@@@ATL@@WPA@EAAJAEBU_GUID@@PEAPEAX@Z 00000001800020b4 f i Scanner.obj
 0001:000010c0       ?AddRef@?$CComObject@VCOPOSScanner@@@ATL@@WPA@EAAKXZ 00000001800020c0 f i Scanner.obj
 0001:000010cc       ?Release@?$CComObject@VCOPOSScanner@@@ATL@@WPA@EAAKXZ 00000001800020cc f i Scanner.obj
 0001:000010d8       ?QueryInterface@?$CComObject@VCOPOSScanner@@@ATL@@WPI@EAAJAEBU_GUID@@PEAPEAX@Z 00000001800020d8 f i Scanner.obj
 0001:000010e4       ?AddRef@?$CComObject@VCOPOSScanner@@@ATL@@WPI@EAAKXZ 00000001800020e4 f i Scanner.obj
 0001:000010f0       ?Release@?$CComObject@VCOPOSScanner@@@ATL@@WPI@EAAKXZ 00000001800020f0 f i Scanner.obj
 0001:000010fc       ?QueryInterface@?$CComObject@VCOPOSScanner@@@ATL@@WBAA@EAAJAEBU_GUID@@PEAPEAX@Z 00000001800020fc f i Scanner.obj
 0001:00001108       ?AddRef@?$CComObject@VCOPOSScanner@@@ATL@@WBAA@EAAKXZ 0000000180002108 f i Scanner.obj
 0001:00001114       ?Release@?$CComObject@VCOPOSScanner@@@ATL@@WBAA@EAAKXZ 0000000180002114 f i Scanner.obj
 0001:00001120       ?QueryInterface@?$CComObject@VCOPOSScanner@@@ATL@@WBAI@EAAJAEBU_GUID@@PEAPEAX@Z 0000000180002120 f i Scanner.obj
 0001:0000112c       ?AddRef@?$CComObject@VCOPOSScanner@@@ATL@@WBAI@EAAKXZ 000000018000212c f i Scanner.obj
 0001:00001138       ?Release@?$CComObject@VCOPOSScanner@@@ATL@@WBAI@EAAKXZ 0000000180002138 f i Scanner.obj
 0001:00001144       ?QueryInterface@?$CComObject@VCOPOSScanner@@@ATL@@WBBA@EAAJAEBU_GUID@@PEAPEAX@Z 0000000180002144 f i Scanner.obj
 0001:00001150       ?AddRef@?$CComObject@VCOPOSScanner@@@ATL@@WBBA@EAAKXZ 0000000180002150 f i Scanner.obj
 0001:0000115c       ?Release@?$CComObject@VCOPOSScanner@@@ATL@@WBBA@EAAKXZ 000000018000215c f i Scanner.obj
 0001:00001168       ?QueryInterface@?$CComObject@VCOPOSScanner@@@ATL@@WBBI@EAAJAEBU_GUID@@PEAPEAX@Z 0000000180002168 f i Scanner.obj
 0001:00001174       ?AddRef@?$CComObject@VCOPOSScanner@@@ATL@@WBBI@EAAKXZ 0000000180002174 f i Scanner.obj
 0001:00001180       ?Release@?$CComObject@VCOPOSScanner@@@ATL@@WBBI@EAAKXZ 0000000180002180 f i Scanner.obj
 0001:0000118c       ?AddRef@?$CComObject@VCOPOSScanner@@@ATL@@WBCI@EAAKXZ 000000018000218c f i Scanner.obj
 0001:00001198       ?Release@?$CComObject@VCOPOSScanner@@@ATL@@WBCI@EAAKXZ 0000000180002198 f i Scanner.obj
 0001:000011a4       ?AddRef@?$CComObject@VCOPOSScanner@@@ATL@@WBEA@EAAKXZ 00000001800021a4 f i Scanner.obj
 0001:000011b0       ?Release@?$CComObject@VCOPOSScanner@@@ATL@@WBEA@EAAKXZ 00000001800021b0 f i Scanner.obj
 0001:000011bc       ??_E?$CComContainedObject@VCOPOSScanner@@@ATL@@W7EAAPEAXI@Z 00000001800021bc f i Scanner.obj
 0001:000011c8       ??_E?$CComContainedObject@VCOPOSScanner@@@ATL@@WHA@EAAPEAXI@Z 00000001800021c8 f i Scanner.obj
 0001:000011d4       ?QueryInterface@?$CComContainedObject@VCOPOSScanner@@@ATL@@WLI@EAAJAEBU_GUID@@PEAPEAX@Z 00000001800021d4 f i Scanner.obj
 0001:000011e0       ?AddRef@?$CComContainedObject@VCOPOSScanner@@@ATL@@WLI@EAAKXZ 00000001800021e0 f i Scanner.obj
 0001:000011ec       ?Release@?$CComContainedObject@VCOPOSScanner@@@ATL@@WLI@EAAKXZ 00000001800021ec f i Scanner.obj
 0001:000011f8       ?QueryInterface@?$CComContainedObject@VCOPOSScanner@@@ATL@@WMA@EAAJAEBU_GUID@@PEAPEAX@Z 00000001800021f8 f i Scanner.obj
 0001:00001204       ?AddRef@?$CComContainedObject@VCOPOSScanner@@@ATL@@WMA@EAAKXZ 0000000180002204 f i Scanner.obj
 0001:00001210       ?Release@?$CComContainedObject@VCOPOSScanner@@@ATL@@WMA@EAAKXZ 0000000180002210 f i Scanner.obj
 0001:0000121c       ?QueryInterface@?$CComContainedObject@VCOPOSScanner@@@ATL@@WMI@EAAJAEBU_GUID@@PEAPEAX@Z 000000018000221c f i Scanner.obj
 0001:00001228       ?AddRef@?$CComContainedObject@VCOPOSScanner@@@ATL@@WMI@EAAKXZ 0000000180002228 f i Scanner.obj
 0001:00001234       ?Release@?$CComContainedObject@VCOPOSScanner@@@ATL@@WMI@EAAKXZ 0000000180002234 f i Scanner.obj
 0001:00001240       ?QueryInterface@?$CComContainedObject@VCOPOSScanner@@@ATL@@WNA@EAAJAEBU_GUID@@PEAPEAX@Z 0000000180002240 f i Scanner.obj
 0001:0000124c       ?AddRef@?$CComContainedObject@VCOPOSScanner@@@ATL@@WNA@EAAKXZ 000000018000224c f i Scanner.obj
 0001:00001258       ?Release@?$CComContainedObject@VCOPOSScanner@@@ATL@@WNA@EAAKXZ 0000000180002258 f i Scanner.obj
 0001:00001264       ?QueryInterface@?$CComContainedObject@VCOPOSScanner@@@ATL@@WNI@EAAJAEBU_GUID@@PEAPEAX@Z 0000000180002264 f i Scanner.obj
 0001:00001270       ?AddRef@?$CComContainedObject@VCOPOSScanner@@@ATL@@WNI@EAAKXZ 0000000180002270 f i Scanner.obj
 0001:0000127c       ?Release@?$CComContainedObject@VCOPOSScanner@@@ATL@@WNI@EAAKXZ 000000018000227c f i Scanner.obj
 0001:00001288       ?QueryInterface@?$CComContainedObject@VCOPOSScanner@@@ATL@@WOA@EAAJAEBU_GUID@@PEAPEAX@Z 0000000180002288 f i Scanner.obj
 0001:00001294       ?AddRef@?$CComContainedObject@VCOPOSScanner@@@ATL@@WOA@EAAKXZ 0000000180002294 f i Scanner.obj
 0001:000012a0       ?Release@?$CComContainedObject@VCOPOSScanner@@@ATL@@WOA@EAAKXZ 00000001800022a0 f i Scanner.obj
 0001:000012ac       ?QueryInterface@?$CComContainedObject@VCOPOSScanner@@@ATL@@WOI@EAAJAEBU_GUID@@PEAPEAX@Z 00000001800022ac f i Scanner.obj
 0001:000012b8       ?AddRef@?$CComContainedObject@VCOPOSScanner@@@ATL@@WOI@EAAKXZ 00000001800022b8 f i Scanner.obj
 0001:000012c4       ?Release@?$CComContainedObject@VCOPOSScanner@@@ATL@@WOI@EAAKXZ 00000001800022c4 f i Scanner.obj
 0001:000012d0       ?QueryInterface@?$CComContainedObject@VCOPOSScanner@@@ATL@@WPA@EAAJAEBU_GUID@@PEAPEAX@Z 00000001800022d0 f i Scanner.obj
 0001:000012dc       ?AddRef@?$CComContainedObject@VCOPOSScanner@@@ATL@@WPA@EAAKXZ 00000001800022dc f i Scanner.obj
 0001:000012e8       ?Release@?$CComContainedObject@VCOPOSScanner@@@ATL@@WPA@EAAKXZ 00000001800022e8 f i Scanner.obj
 0001:000012f4       ?QueryInterface@?$CComContainedObject@VCOPOSScanner@@@ATL@@WPI@EAAJAEBU_GUID@@PEAPEAX@Z 00000001800022f4 f i Scanner.obj
 0001:00001300       ?AddRef@?$CComContainedObject@VCOPOSScanner@@@ATL@@WPI@EAAKXZ 0000000180002300 f i Scanner.obj
 0001:0000130c       ?Release@?$CComContainedObject@VCOPOSScanner@@@ATL@@WPI@EAAKXZ 000000018000230c f i Scanner.obj
 0001:00001318       ?QueryInterface@?$CComContainedObject@VCOPOSScanner@@@ATL@@WBAA@EAAJAEBU_GUID@@PEAPEAX@Z 0000000180002318 f i Scanner.obj
 0001:00001324       ?AddRef@?$CComContainedObject@VCOPOSScanner@@@ATL@@WBAA@EAAKXZ 0000000180002324 f i Scanner.obj
 0001:00001330       ?Release@?$CComContainedObject@VCOPOSScanner@@@ATL@@WBAA@EAAKXZ 0000000180002330 f i Scanner.obj
 0001:0000133c       ?QueryInterface@?$CComContainedObject@VCOPOSScanner@@@ATL@@WBAI@EAAJAEBU_GUID@@PEAPEAX@Z 000000018000233c f i Scanner.obj
 0001:00001348       ?AddRef@?$CComContainedObject@VCOPOSScanner@@@ATL@@WBAI@EAAKXZ 0000000180002348 f i Scanner.obj
 0001:00001354       ?Release@?$CComContainedObject@VCOPOSScanner@@@ATL@@WBAI@EAAKXZ 0000000180002354 f i Scanner.obj
 0001:00001360       ?QueryInterface@?$CComContainedObject@VCOPOSScanner@@@ATL@@WBBA@EAAJAEBU_GUID@@PEAPEAX@Z 0000000180002360 f i Scanner.obj
 0001:0000136c       ?AddRef@?$CComContainedObject@VCOPOSScanner@@@ATL@@WBBA@EAAKXZ 000000018000236c f i Scanner.obj
 0001:00001378       ?Release@?$CComContainedObject@VCOPOSScanner@@@ATL@@WBBA@EAAKXZ 0000000180002378 f i Scanner.obj
 0001:00001384       ?QueryInterface@?$CComContainedObject@VCOPOSScanner@@@ATL@@WBBI@EAAJAEBU_GUID@@PEAPEAX@Z 0000000180002384 f i Scanner.obj
 0001:00001390       ?AddRef@?$CComContainedObject@VCOPOSScanner@@@ATL@@WBBI@EAAKXZ 0000000180002390 f i Scanner.obj
 0001:0000139c       ?Release@?$CComContainedObject@VCOPOSScanner@@@ATL@@WBBI@EAAKXZ 000000018000239c f i Scanner.obj
 0001:000013a8       ?AddRef@?$CComContainedObject@VCOPOSScanner@@@ATL@@WBCI@EAAKXZ 00000001800023a8 f i Scanner.obj
 0001:000013b4       ?Release@?$CComContainedObject@VCOPOSScanner@@@ATL@@WBCI@EAAKXZ 00000001800023b4 f i Scanner.obj
 0001:000013c0       ?AddRef@?$CComContainedObject@VCOPOSScanner@@@ATL@@WBEA@EAAKXZ 00000001800023c0 f i Scanner.obj
 0001:000013cc       ?Release@?$CComContainedObject@VCOPOSScanner@@@ATL@@WBEA@EAAKXZ 00000001800023cc f i Scanner.obj
 0001:000013d8       ?Lock@CAtlModule@ATL@@UEAAJXZ 00000001800023d8 f i Scanner.obj
 0001:000013e8       ?Unlock@CAtlModule@ATL@@UEAAJXZ 00000001800023e8 f i Scanner.obj
 0001:000013f4       ?GetLockCount@CAtlModule@ATL@@UEAAJXZ 00000001800023f4 f i Scanner.obj
 0001:000013f8       ?GetGITPtr@CAtlModule@ATL@@UEAAJPEAPEAUIGlobalInterfaceTable@@@Z 00000001800023f8 f i Scanner.obj
 0001:00001468       ?AddCommonRGSReplacements@?$CAtlModuleT@VCComModule@ATL@@@ATL@@UEAAJPEAUIRegistrarBase@@@Z 0000000180002468 f i Scanner.obj
 0001:00001480       ?GetWindowProc@?$CWindowImplBaseT@VCWindow@ATL@@V?$CWinTraits@$0FGAAAAAA@$0A@@2@@ATL@@UEAAP6A_JPEAUHWND__@@I_K_J@ZXZ 0000000180002480 f i Scanner.obj
 0001:00001488       ?StartWindowProc@?$CWindowImplBaseT@VCWindow@ATL@@V?$CWinTraits@$0FGAAAAAA@$0A@@2@@ATL@@SA_JPEAUHWND__@@I_K_J@Z 0000000180002488 f i Scanner.obj
 0001:0000154c       ?UpdateRegistryFromResourceD@CComModule@ATL@@UEAAJPEB_WHPEAU_ATL_REGMAP_ENTRY@2@@Z 000000018000254c f i Scanner.obj
 0001:0000154c       ?UpdateRegistryFromResourceD@CComModule@ATL@@UEAAJIHPEAU_ATL_REGMAP_ENTRY@2@@Z 000000018000254c f i Scanner.obj
 0001:00001554       ?UpdateRegistryFromResource@CComModule@ATL@@UEAAJPEB_WHPEAU_ATL_REGMAP_ENTRY@2@@Z 0000000180002554 f i Scanner.obj
 0001:0000155c       ?UpdateRegistryFromResource@CComModule@ATL@@UEAAJIHPEAU_ATL_REGMAP_ENTRY@2@@Z 000000018000255c f i Scanner.obj
 0001:00001564       ??_ECComModule@ATL@@UEAAPEAXI@Z 0000000180002564 f i Scanner.obj
 0001:00001564       ??_GCComModule@ATL@@UEAAPEAXI@Z 0000000180002564 f i Scanner.obj
 0001:000015e4       ?GetTypeInfoCount@?$IDispatchImpl@UIOPOSScanner@@$1?IID_IOPOSScanner@@3U_GUID@@B$1?LIBID_OposScanner_CCO@@3U3@B$00$0A@VCComTypeInfoHolder@ATL@@@ATL@@UEAAJPEAI@Z 00000001800025e4 f i Scanner.obj
 0001:000015f8       ?GetTypeInfo@?$IDispatchImpl@UIOPOSScanner@@$1?IID_IOPOSScanner@@3U_GUID@@B$1?LIBID_OposScanner_CCO@@3U3@B$00$0A@VCComTypeInfoHolder@ATL@@@ATL@@UEAAJIKPEAPEAUITypeInfo@@@Z 00000001800025f8 f i Scanner.obj
 0001:0000165c       ?GetIDsOfNames@?$IDispatchImpl@UIOPOSScanner@@$1?IID_IOPOSScanner@@3U_GUID@@B$1?LIBID_OposScanner_CCO@@3U3@B$00$0A@VCComTypeInfoHolder@ATL@@@ATL@@UEAAJAEBU_GUID@@PEAPEA_WIKPEAJ@Z 000000018000265c f i Scanner.obj
 0001:00001668       ?Invoke@?$IDispatchImpl@UIOPOSScanner@@$1?IID_IOPOSScanner@@3U_GUID@@B$1?LIBID_OposScanner_CCO@@3U3@B$00$0A@VCComTypeInfoHolder@ATL@@@ATL@@UEAAJJAEBU_GUID@@KGPEAUtagDISPPARAMS@@PEAUtagVARIANT@@PEAUtagEXCEPINFO@@PEAI@Z 0000000180002668 f i Scanner.obj
 0001:000016f8       ?CreateControlWindow@?$CComControl@VCOPOSScanner@@V?$CWindowImpl@VCOPOSScanner@@VCWindow@ATL@@V?$CWinTraits@$0FGAAAAAA@$0A@@3@@ATL@@@ATL@@UEAAPEAUHWND__@@PEAU3@AEAUtagRECT@@@Z 00000001800026f8 f i Scanner.obj
 0001:00001730       ?ControlQueryInterface@?$CComControl@VCOPOSScanner@@V?$CWindowImpl@VCOPOSScanner@@VCWindow@ATL@@V?$CWinTraits@$0FGAAAAAA@$0A@@3@@ATL@@@ATL@@UEAAJAEBU_GUID@@PEAPEAX@Z 0000000180002730 f i Scanner.obj
 0001:00001744       ?GetUserClassID@?$IOleObjectImpl@VCOPOSScanner@@@ATL@@UEAAJPEAU_GUID@@@Z 0000000180002744 f i Scanner.obj
 0001:00001744       ?GetClassID@?$IPersistStorageImpl@VCOPOSScanner@@@ATL@@UEAAJPEAU_GUID@@@Z 0000000180002744 f i Scanner.obj
 0001:00001744       ?GetClassID@?$IPersistStreamInitImpl@VCOPOSScanner@@@ATL@@UEAAJPEAU_GUID@@@Z 0000000180002744 f i Scanner.obj
 0001:00001760       ?IsDirty@?$IPersistStreamInitImpl@VCOPOSScanner@@@ATL@@UEAAJXZ 0000000180002760 f i Scanner.obj
 0001:0000177c       ?Load@?$IPersistStreamInitImpl@VCOPOSScanner@@@ATL@@UEAAJPEAUIStream@@@Z 000000018000277c f i Scanner.obj
 0001:000017cc       ?Save@?$IPersistStreamInitImpl@VCOPOSScanner@@@ATL@@UEAAJPEAUIStream@@H@Z 00000001800027cc f i Scanner.obj
 0001:00001830       ?GetSizeMax@?$IPersistStreamInitImpl@VCOPOSScanner@@@ATL@@UEAAJPEAT_ULARGE_INTEGER@@@Z 0000000180002830 f i Scanner.obj
 0001:00001a5c       ?InitNew@?$IPersistStreamInitImpl@VCOPOSScanner@@@ATL@@UEAAJXZ 0000000180002a5c f i Scanner.obj
 0001:00001a74       ?SetData@?$IDataObjectImpl@VCOPOSScanner@@@ATL@@UEAAJPEAUtagFORMATETC@@PEAUtagSTGMEDIUM@@H@Z 0000000180002a74 f i Scanner.obj
 0001:00001a74       ?ContextSensitiveHelp@?$IOleInPlaceActiveObjectImpl@VCOPOSScanner@@@ATL@@UEAAJH@Z 0000000180002a74 f i Scanner.obj
 0001:00001a74       ?ContextSensitiveHelp@?$IOleInPlaceObjectWindowlessImpl@VCOPOSScanner@@@ATL@@UEAAJH@Z 0000000180002a74 f i Scanner.obj
 0001:00001a74       ?InitFromData@?$IOleObjectImpl@VCOPOSScanner@@@ATL@@UEAAJPEAUIDataObject@@HK@Z 0000000180002a74 f i Scanner.obj
 0001:00001a74       ?SetMoniker@?$IOleObjectImpl@VCOPOSScanner@@@ATL@@UEAAJKPEAUIMoniker@@@Z 0000000180002a74 f i Scanner.obj
 0001:00001a74       ?GetControlInfo@?$IOleControlImpl@VCOPOSScanner@@@ATL@@UEAAJPEAUtagCONTROLINFO@@@Z 0000000180002a74 f i Scanner.obj
 0001:00001a74       ?ReactivateAndUndo@?$IOleInPlaceObjectWindowlessImpl@VCOPOSScanner@@@ATL@@UEAAJXZ 0000000180002a74 f i Scanner.obj
 0001:00001a74       ?EnumFormatEtc@?$IDataObjectImpl@VCOPOSScanner@@@ATL@@UEAAJKPEAPEAUIEnumFORMATETC@@@Z 0000000180002a74 f i Scanner.obj
 0001:00001a74       ?GetMoniker@?$IOleObjectImpl@VCOPOSScanner@@@ATL@@UEAAJKKPEAPEAUIMoniker@@@Z 0000000180002a74 f i Scanner.obj
 0001:00001a74       ?SOOutputCompleteDummy@COPOSScanner@@MEAAJJ@Z 0000000180002a74 f i Scanner.obj
 0001:00001a74       ?GetDataHere@?$IDataObjectImpl@VCOPOSScanner@@@ATL@@UEAAJPEAUtagFORMATETC@@PEAUtagSTGMEDIUM@@@Z 0000000180002a74 f i Scanner.obj
 0001:00001a74       ?Unfreeze@?$IViewObjectExImpl@VCOPOSScanner@@@ATL@@UEAAJK@Z 0000000180002a74 f i Scanner.obj
 0001:00001a74       ?QueryInterface@CRegObject@ATL@@UEAAJAEBU_GUID@@PEAPEAX@Z 0000000180002a74 f i Scanner.obj
 0001:00001a74       ?GetClipboardData@?$IOleObjectImpl@VCOPOSScanner@@@ATL@@UEAAJKPEAPEAUIDataObject@@@Z 0000000180002a74 f i Scanner.obj
 0001:00001a74       ?GetCanonicalFormatEtc@?$IDataObjectImpl@VCOPOSScanner@@@ATL@@UEAAJPEAUtagFORMATETC@@0@Z 0000000180002a74 f i Scanner.obj
 0001:00001a74       ?GetDropTarget@?$IOleInPlaceObjectWindowlessImpl@VCOPOSScanner@@@ATL@@UEAAJPEAPEAUIDropTarget@@@Z 0000000180002a74 f i Scanner.obj
 0001:00001a74       ?GetColorSet@?$IViewObjectExImpl@VCOPOSScanner@@@ATL@@UEAAJKJPEAXPEAUtagDVTARGETDEVICE@@PEAUHDC__@@PEAPEAUtagLOGPALETTE@@@Z 0000000180002a74 f i Scanner.obj
 0001:00001a74       ?QueryGetData@?$IDataObjectImpl@VCOPOSScanner@@@ATL@@UEAAJPEAUtagFORMATETC@@@Z 0000000180002a74 f i Scanner.obj
 0001:00001a74       ?SetColorScheme@?$IOleObjectImpl@VCOPOSScanner@@@ATL@@UEAAJPEAUtagLOGPALETTE@@@Z 0000000180002a74 f i Scanner.obj
 0001:00001a74       ?OnMnemonic@?$IOleControlImpl@VCOPOSScanner@@@ATL@@UEAAJPEAUtagMSG@@@Z 0000000180002a74 f i Scanner.obj
 0001:00001a74       ?GetRect@?$IViewObjectExImpl@VCOPOSScanner@@@ATL@@UEAAJKPEAU_RECTL@@@Z 0000000180002a74 f i Scanner.obj
 0001:00001a74       ?Freeze@?$IViewObjectExImpl@VCOPOSScanner@@@ATL@@UEAAJKJPEAXPEAK@Z 0000000180002a74 f i Scanner.obj
 0001:00001a7c       ?SetClientSite@?$IOleObjectImpl@VCOPOSScanner@@@ATL@@UEAAJPEAUIOleClientSite@@@Z 0000000180002a7c f i Scanner.obj
 0001:00001a98       ?GetClientSite@?$IOleObjectImpl@VCOPOSScanner@@@ATL@@UEAAJPEAPEAUIOleClientSite@@@Z 0000000180002a98 f i Scanner.obj
 0001:00001ae0       ?Close@?$IOleObjectImpl@VCOPOSScanner@@@ATL@@UEAAJK@Z 0000000180002ae0 f i Scanner.obj
 0001:00001afc       ?DoVerb@?$IOleObjectImpl@VCOPOSScanner@@@ATL@@UEAAJJPEAUtagMSG@@PEAUIOleClientSite@@JPEAUHWND__@@PEBUtagRECT@@@Z 0000000180002afc f i Scanner.obj
 0001:00001ca0       ?EnumVerbs@?$IOleObjectImpl@VCOPOSScanner@@@ATL@@UEAAJPEAPEAUIEnumOLEVERB@@@Z 0000000180002ca0 f i Scanner.obj
 0001:00001cbc       ?GetUserType@?$IOleObjectImpl@VCOPOSScanner@@@ATL@@UEAAJKPEAPEA_W@Z 0000000180002cbc f i Scanner.obj
 0001:00001ccc       ?SetExtent@?$IOleObjectImpl@VCOPOSScanner@@@ATL@@UEAAJKPEAUtagSIZE@@@Z 0000000180002ccc f i Scanner.obj
 0001:00001ce8       ?GetExtent@?$IOleObjectImpl@VCOPOSScanner@@@ATL@@UEAAJKPEAUtagSIZE@@@Z 0000000180002ce8 f i Scanner.obj
 0001:00001d18       ?Advise@?$IOleObjectImpl@VCOPOSScanner@@@ATL@@UEAAJPEAUIAdviseSink@@PEAK@Z 0000000180002d18 f i Scanner.obj
 0001:00001d74       ?Unadvise@?$IOleObjectImpl@VCOPOSScanner@@@ATL@@UEAAJK@Z 0000000180002d74 f i Scanner.obj
 0001:00001dac       ?EnumAdvise@?$IOleObjectImpl@VCOPOSScanner@@@ATL@@UEAAJPEAPEAUIEnumSTATDATA@@@Z 0000000180002dac f i Scanner.obj
 0001:00001df4       ?GetMiscStatus@?$IOleObjectImpl@VCOPOSScanner@@@ATL@@UEAAJKPEAK@Z 0000000180002df4 f i Scanner.obj
 0001:00001e04       ?GetWindow@?$IOleInPlaceActiveObjectImpl@VCOPOSScanner@@@ATL@@UEAAJPEAPEAUHWND__@@@Z 0000000180002e04 f i Scanner.obj
 0001:00001e58       ?TranslateAcceleratorW@?$IOleInPlaceActiveObjectImpl@VCOPOSScanner@@@ATL@@UEAAJPEAUtagMSG@@@Z 0000000180002e58 f i Scanner.obj
 0001:00001f4c       ?OnDocWindowActivate@?$IOleInPlaceActiveObjectImpl@VCOPOSScanner@@@ATL@@UEAAJH@Z 0000000180002f4c f i Scanner.obj
 0001:00001f78       ?Draw@?$IViewObjectExImpl@VCOPOSScanner@@@ATL@@UEAAJKJPEAXPEAUtagDVTARGETDEVICE@@PEAUHDC__@@2PEBU_RECTL@@3P6AH_K@Z4@Z 0000000180002f78 f i Scanner.obj
 0001:00001fdc       ?SetAdvise@?$IViewObjectExImpl@VCOPOSScanner@@@ATL@@UEAAJKKPEAUIAdviseSink@@@Z 0000000180002fdc f i Scanner.obj
 0001:00002030       ?GetAdvise@?$IViewObjectExImpl@VCOPOSScanner@@@ATL@@UEAAJPEAK0PEAPEAUIAdviseSink@@@Z 0000000180003030 f i Scanner.obj
 0001:0000206c       ?GetExtent@?$IViewObjectExImpl@VCOPOSScanner@@@ATL@@UEAAJKJPEAUtagDVTARGETDEVICE@@PEAUtagSIZE@@@Z 000000018000306c f i Scanner.obj
 0001:0000209c       ?GetViewStatus@?$IViewObjectExImpl@VCOPOSScanner@@@ATL@@UEAAJPEAK@Z 000000018000309c f i Scanner.obj
 0001:000020b0       ?QueryHitPoint@?$IViewObjectExImpl@VCOPOSScanner@@@ATL@@UEAAJKPEBUtagRECT@@UtagPOINT@@JPEAK@Z 00000001800030b0 f i Scanner.obj
 0001:000020f4       ?QueryHitRect@?$IViewObjectExImpl@VCOPOSScanner@@@ATL@@UEAAJKPEBUtagRECT@@0JPEAK@Z 00000001800030f4 f i Scanner.obj
 0001:0000215c       ?GetNaturalExtent@?$IViewObjectExImpl@VCOPOSScanner@@@ATL@@UEAAJKJPEAUtagDVTARGETDEVICE@@PEAUHDC__@@PEAUtagExtentInfo@@PEAUtagSIZE@@@Z 000000018000315c f i Scanner.obj
 0001:000021a4       ?GetWindow@?$IOleInPlaceObjectWindowlessImpl@VCOPOSScanner@@@ATL@@UEAAJPEAPEAUHWND__@@@Z 00000001800031a4 f i Scanner.obj
 0001:000021f8       ?InPlaceDeactivate@?$IOleInPlaceObjectWindowlessImpl@VCOPOSScanner@@@ATL@@UEAAJXZ 00000001800031f8 f i Scanner.obj
 0001:00002214       ?UIDeactivate@?$IOleInPlaceObjectWindowlessImpl@VCOPOSScanner@@@ATL@@UEAAJXZ 0000000180003214 f i Scanner.obj
 0001:00002230       ?SetObjectRects@?$IOleInPlaceObjectWindowlessImpl@VCOPOSScanner@@@ATL@@UEAAJPEBUtagRECT@@0@Z 0000000180003230 f i Scanner.obj
 0001:0000224c       ?OnWindowMessage@?$IOleInPlaceObjectWindowlessImpl@VCOPOSScanner@@@ATL@@UEAAJI_K_JPEA_J@Z 000000018000324c f i Scanner.obj
 0001:00002314       ?EnumConnectionPoints@?$IConnectionPointContainerImpl@VCOPOSScanner@@@ATL@@UEAAJPEAPEAUIEnumConnectionPoints@@@Z 0000000180003314 f i Scanner.obj
 0001:0000255c       ?FindConnectionPoint@?$IConnectionPointContainerImpl@VCOPOSScanner@@@ATL@@UEAAJAEBU_GUID@@PEAPEAUIConnectionPoint@@@Z 000000018000355c f i Scanner.obj
 0001:0000262c       ?IsDirty@?$IPersistStorageImpl@VCOPOSScanner@@@ATL@@UEAAJXZ 000000018000362c f i Scanner.obj
 0001:00002670       ?InitNew@?$IPersistStorageImpl@VCOPOSScanner@@@ATL@@UEAAJPEAUIStorage@@@Z 0000000180003670 f i Scanner.obj
 0001:000026b4       ?Load@?$IPersistStorageImpl@VCOPOSScanner@@@ATL@@UEAAJPEAUIStorage@@@Z 00000001800036b4 f i Scanner.obj
 0001:00002754       ?Save@?$IPersistStorageImpl@VCOPOSScanner@@@ATL@@UEAAJPEAUIStorage@@H@Z 0000000180003754 f i Scanner.obj
 0001:00002804       ?GetPages@?$ISpecifyPropertyPagesImpl@VCOPOSScanner@@@ATL@@UEAAJPEAUtagCAUUID@@@Z 0000000180003804 f i Scanner.obj
 0001:00002810       ?QuickActivate@?$IQuickActivateImpl@VCOPOSScanner@@@ATL@@UEAAJPEAUtagQACONTAINER@@PEAUtagQACONTROL@@@Z 0000000180003810 f i Scanner.obj
 0001:0000282c       ?SetContentExtent@?$IQuickActivateImpl@VCOPOSScanner@@@ATL@@UEAAJPEAUtagSIZE@@@Z 000000018000382c f i Scanner.obj
 0001:00002860       ?GetContentExtent@?$IQuickActivateImpl@VCOPOSScanner@@@ATL@@UEAAJPEAUtagSIZE@@@Z 0000000180003860 f i Scanner.obj
 0001:00002898       ?GetData@?$IDataObjectImpl@VCOPOSScanner@@@ATL@@UEAAJPEAUtagFORMATETC@@PEAUtagSTGMEDIUM@@@Z 0000000180003898 f i Scanner.obj
 0001:000028b4       ?DAdvise@?$IDataObjectImpl@VCOPOSScanner@@@ATL@@UEAAJPEAUtagFORMATETC@@KPEAUIAdviseSink@@PEAK@Z 00000001800038b4 f i Scanner.obj
 0001:0000293c       ?DUnadvise@?$IDataObjectImpl@VCOPOSScanner@@@ATL@@UEAAJK@Z 000000018000393c f i Scanner.obj
 0001:00002968       ?EnumDAdvise@?$IDataObjectImpl@VCOPOSScanner@@@ATL@@UEAAJPEAPEAUIEnumSTATDATA@@@Z 0000000180003968 f i Scanner.obj
 0001:000029a4       ?GetClassInfoW@?$IProvideClassInfo2Impl@$1?CLSID_OPOSScanner@@3U_GUID@@B$1?DIID__IOPOSScannerEvents@@3U2@B$1?LIBID_OposScanner_CCO@@3U2@B$00$0A@VCComTypeInfoHolder@ATL@@@ATL@@UEAAJPEAPEAUITypeInfo@@@Z 00000001800039a4 f i Scanner.obj
 0001:000029fc       ?GetGUID@?$IProvideClassInfo2Impl@$1?CLSID_OPOSScanner@@3U_GUID@@B$1?DIID__IOPOSScannerEvents@@3U2@B$1?LIBID_OposScanner_CCO@@3U2@B$00$0A@VCComTypeInfoHolder@ATL@@@ATL@@UEAAJKPEAU_GUID@@@Z 00000001800039fc f i Scanner.obj
 0001:00002a30       ?FAccessAllowed@?$IObjectSafetyImpl@VCOPOSScanner@@$02@ATL@@MEAAHXZ 0000000180003a30 f i Scanner.obj
 0001:00002a30       _get_startup_argv_mode     0000000180003a30 f i LIBCMT:argv_mode.obj
 0001:00002a30       ?AddRef@CRegObject@ATL@@UEAAKXZ 0000000180003a30 f i Scanner.obj
 0001:00002a38       ?GetInterfaceSafetyOptions@?$IObjectSafetyImpl@VCOPOSScanner@@$02@ATL@@UEAAJAEBU_GUID@@PEAK1@Z 0000000180003a38 f i Scanner.obj
 0001:00002acc       ?SetInterfaceSafetyOptions@?$IObjectSafetyImpl@VCOPOSScanner@@$02@ATL@@UEAAJAEBU_GUID@@KK@Z 0000000180003acc f i Scanner.obj
 0001:00002b70       ?_LocCPQueryInterface@?$IConnectionPointImpl@VCOPOSScanner@@$1?IID_IPropertyNotifySink@@3U_GUID@@BVCComDynamicUnkArray@ATL@@@ATL@@UEAAJAEBU_GUID@@PEAPEAX@Z 0000000180003b70 f i Scanner.obj
 0001:00002b70       ?_LocCPQueryInterface@?$IConnectionPointImpl@VCOPOSScanner@@$1?DIID__IOPOSScannerEvents@@3U_GUID@@BVCComDynamicUnkArray@ATL@@@ATL@@UEAAJAEBU_GUID@@PEAPEAX@Z 0000000180003b70 f i Scanner.obj
 0001:00002be4       ?GetConnectionInterface@?$IConnectionPointImpl@VCOPOSScanner@@$1?IID_IPropertyNotifySink@@3U_GUID@@BVCComDynamicUnkArray@ATL@@@ATL@@UEAAJPEAU_GUID@@@Z 0000000180003be4 f i Scanner.obj
 0001:00002c00       ?GetConnectionPointContainer@?$IConnectionPointImpl@VCOPOSScanner@@$1?IID_IPropertyNotifySink@@3U_GUID@@BVCComDynamicUnkArray@ATL@@@ATL@@UEAAJPEAPEAUIConnectionPointContainer@@@Z 0000000180003c00 f i Scanner.obj
 0001:00002c20       ?Advise@?$IConnectionPointImpl@VCOPOSScanner@@$1?DIID__IOPOSScannerEvents@@3U_GUID@@BVCComDynamicUnkArray@ATL@@@ATL@@UEAAJPEAUIUnknown@@PEAK@Z 0000000180003c20 f i Scanner.obj
 0001:00002c20       ?Advise@?$IConnectionPointImpl@VCOPOSScanner@@$1?IID_IPropertyNotifySink@@3U_GUID@@BVCComDynamicUnkArray@ATL@@@ATL@@UEAAJPEAUIUnknown@@PEAK@Z 0000000180003c20 f i Scanner.obj
 0001:00002ce0       ?Unadvise@?$IConnectionPointImpl@VCOPOSScanner@@$1?IID_IPropertyNotifySink@@3U_GUID@@BVCComDynamicUnkArray@ATL@@@ATL@@UEAAJK@Z 0000000180003ce0 f i Scanner.obj
 0001:00002ce0       ?Unadvise@?$IConnectionPointImpl@VCOPOSScanner@@$1?DIID__IOPOSScannerEvents@@3U_GUID@@BVCComDynamicUnkArray@ATL@@@ATL@@UEAAJK@Z 0000000180003ce0 f i Scanner.obj
 0001:00002d5c       ?EnumConnections@?$IConnectionPointImpl@VCOPOSScanner@@$1?IID_IPropertyNotifySink@@3U_GUID@@BVCComDynamicUnkArray@ATL@@@ATL@@UEAAJPEAPEAUIEnumConnections@@@Z 0000000180003d5c f i Scanner.obj
 0001:00002d5c       ?EnumConnections@?$IConnectionPointImpl@VCOPOSScanner@@$1?DIID__IOPOSScannerEvents@@3U_GUID@@BVCComDynamicUnkArray@ATL@@@ATL@@UEAAJPEAPEAUIEnumConnections@@@Z 0000000180003d5c f i Scanner.obj
 0001:00002f04       ?GetConnectionInterface@?$IConnectionPointImpl@VCOPOSScanner@@$1?DIID__IOPOSScannerEvents@@3U_GUID@@BVCComDynamicUnkArray@ATL@@@ATL@@UEAAJPEAU_GUID@@@Z 0000000180003f04 f i Scanner.obj
 0001:00002f20       ?GetConnectionPointContainer@?$IConnectionPointImpl@VCOPOSScanner@@$1?DIID__IOPOSScannerEvents@@3U_GUID@@BVCComDynamicUnkArray@ATL@@@ATL@@UEAAJPEAPEAUIConnectionPointContainer@@@Z 0000000180003f20 f i Scanner.obj
 0001:00002f40       ?UpdateRegistry@COPOSScanner@@SAJH@Z 0000000180003f40 f i Scanner.obj
 0001:00002f58       ?ProcessWindowMessage@COPOSScanner@@UEAAHPEAUHWND__@@I_K_JAEA_JK@Z 0000000180003f58 f i Scanner.obj
 0001:00002fe0       ?SOData@COPOSScanner@@MEAAJJ@Z 0000000180003fe0 f i Scanner.obj
 0001:00003030       ?SODirectIO@COPOSScanner@@MEAAJJPEAJPEAPEA_W@Z 0000000180004030 f i Scanner.obj
 0001:000030a8       ?SOError@COPOSScanner@@MEAAJJJJPEAJ@Z 00000001800040a8 f i Scanner.obj
 0001:00003130       ?SOStatusUpdate@COPOSScanner@@MEAAJJ@Z 0000000180004130 f i Scanner.obj
 0001:00003180       ?AddReplacement@CRegObject@ATL@@UEAAJPEB_W0@Z 0000000180004180 f i Scanner.obj
 0001:000031b0       ?ClearReplacements@CRegObject@ATL@@UEAAJXZ 00000001800041b0 f i Scanner.obj
 0001:000031bc       ??_GCRegObject@ATL@@UEAAPEAXI@Z 00000001800041bc f i Scanner.obj
 0001:000031bc       ??_ECRegObject@ATL@@UEAAPEAXI@Z 00000001800041bc f i Scanner.obj
 0001:0000323c       ?CreateInstance@?$CComCreator@V?$CComObjectCached@VCComClassFactory@ATL@@@ATL@@@ATL@@SAJPEAXAEBU_GUID@@PEAPEAX@Z 000000018000423c f i Scanner.obj
 0001:00003340       ?CreateInstance@?$CComCreator2@V?$CComCreator@V?$CComObject@VCOPOSScanner@@@ATL@@@ATL@@V?$CComCreator@V?$CComAggObject@VCOPOSScanner@@@ATL@@@2@@ATL@@SAJPEAXAEBU_GUID@@PEAPEAX@Z 0000000180004340 f i Scanner.obj
 0001:00003350       ?Next@?$CComEnumImpl@UIEnumConnectionPoints@@$1?_GUID_b196b285_bab4_101a_b69c_00aa00341d07@@3U__s_GUID@@BPEAUIConnectionPoint@@V?$_CopyInterface@UIConnectionPoint@@@ATL@@@ATL@@UEAAJKPEAPEAUIConnectionPoint@@PEAK@Z 0000000180004350 f i Scanner.obj
 0001:0000341c       ?Skip@?$CComEnumImpl@UIEnumConnectionPoints@@$1?_GUID_b196b285_bab4_101a_b69c_00aa00341d07@@3U__s_GUID@@BPEAUIConnectionPoint@@V?$_CopyInterface@UIConnectionPoint@@@ATL@@@ATL@@UEAAJK@Z 000000018000441c f i Scanner.obj
 0001:00003448       ?Clone@?$CComEnumImpl@UIEnumConnectionPoints@@$1?_GUID_b196b285_bab4_101a_b69c_00aa00341d07@@3U__s_GUID@@BPEAUIConnectionPoint@@V?$_CopyInterface@UIConnectionPoint@@@ATL@@@ATL@@UEAAJPEAPEAUIEnumConnectionPoints@@@Z 0000000180004448 f i Scanner.obj
 0001:00003570       ?QueryInterface@?$CComObject@V?$CComEnum@UIEnumConnectionPoints@@$1?_GUID_b196b285_bab4_101a_b69c_00aa00341d07@@3U__s_GUID@@BPEAUIConnectionPoint@@V?$_CopyInterface@UIConnectionPoint@@@ATL@@VCComSingleThreadModel@6@@ATL@@@ATL@@UEAAJAEBU_GUID@@PEAPEAX@Z 0000000180004570 f i Scanner.obj
 0001:00003584       ??_E?$CComObject@V?$CComEnum@UIEnumConnectionPoints@@$1?_GUID_b196b285_bab4_101a_b69c_00aa00341d07@@3U__s_GUID@@BPEAUIConnectionPoint@@V?$_CopyInterface@UIConnectionPoint@@@ATL@@VCComSingleThreadModel@6@@ATL@@@ATL@@UEAAPEAXI@Z 0000000180004584 f i Scanner.obj
 0001:00003584       ??_G?$CComObject@V?$CComEnum@UIEnumConnectionPoints@@$1?_GUID_b196b285_bab4_101a_b69c_00aa00341d07@@3U__s_GUID@@BPEAUIConnectionPoint@@V?$_CopyInterface@UIConnectionPoint@@@ATL@@VCComSingleThreadModel@6@@ATL@@@ATL@@UEAAPEAXI@Z 0000000180004584 f i Scanner.obj
 0001:000035dc       ?AddRef@?$CComObjectCached@VCComClassFactory@ATL@@@ATL@@UEAAKXZ 00000001800045dc f i Scanner.obj
 0001:00003608       ?Release@?$CComObjectCached@VCComClassFactory@ATL@@@ATL@@UEAAKXZ 0000000180004608 f i Scanner.obj
 0001:00003648       ?QueryInterface@?$CComObjectCached@VCComClassFactory@ATL@@@ATL@@UEAAJAEBU_GUID@@PEAPEAX@Z 0000000180004648 f i Scanner.obj
 0001:0000365c       ??_G?$CComObjectCached@VCComClassFactory@ATL@@@ATL@@UEAAPEAXI@Z 000000018000465c f i Scanner.obj
 0001:0000365c       ??_E?$CComObjectCached@VCComClassFactory@ATL@@@ATL@@UEAAPEAXI@Z 000000018000465c f i Scanner.obj
 0001:000036b4       ??$AtlModuleRegisterWndClassInfoT@VAtlModuleRegisterWndClassInfoParamW@ATL@@@ATL@@YAGPEAU_ATL_BASE_MODULE70@0@PEAU_ATL_WIN_MODULE70@0@PEAU_ATL_WNDCLASSINFOW@0@PEAP6A_JPEAUHWND__@@I_K_J@ZVAtlModuleRegisterWndClassInfoParamW@0@@Z 00000001800046b4 f i Scanner.obj
 0001:000038b4       ??0?$CComContainedObject@VCOPOSScanner@@@ATL@@QEAA@PEAX@Z 00000001800048b4 f i Scanner.obj
 0001:000039d0       ??0?$CComObject@VCOPOSScanner@@@ATL@@QEAA@PEAX@Z 00000001800049d0 f i Scanner.obj
 0001:00003ae8       ??0CAtlModule@ATL@@QEAA@XZ 0000000180004ae8 f i Scanner.obj
 0001:00003b68       ??1?$CComEnumImpl@UIEnumConnectionPoints@@$1?_GUID_b196b285_bab4_101a_b69c_00aa00341d07@@3U__s_GUID@@BPEAUIConnectionPoint@@V?$_CopyInterface@UIConnectionPoint@@@ATL@@@ATL@@UEAA@XZ 0000000180004b68 f i Scanner.obj
 0001:00003bc4       ??1?$CComEnumImpl@UIEnumConnections@@$1?_GUID_b196b287_bab4_101a_b69c_00aa00341d07@@3U__s_GUID@@BUtagCONNECTDATA@@V?$_Copy@UtagCONNECTDATA@@@ATL@@@ATL@@UEAA@XZ 0000000180004bc4 f i Scanner.obj
 0001:00003c20       ??1?$CComObject@VCOPOSScanner@@@ATL@@UEAA@XZ 0000000180004c20 f i Scanner.obj
 0001:00003d40       ??_E?$CComContainedObject@VCOPOSScanner@@@ATL@@UEAAPEAXI@Z 0000000180004d40 f i Scanner.obj
 0001:00003d40       ??_G?$CComContainedObject@VCOPOSScanner@@@ATL@@UEAAPEAXI@Z 0000000180004d40 f i Scanner.obj
 0001:00003d74       ??_G?$CComObject@VCOPOSScanner@@@ATL@@UEAAPEAXI@Z 0000000180004d74 f i Scanner.obj
 0001:00003d74       ??_E?$CComObject@VCOPOSScanner@@@ATL@@UEAAPEAXI@Z 0000000180004d74 f i Scanner.obj
 0001:00003da8       ?Add@?$CSimpleArray@GV?$CSimpleArrayEqualHelper@G@ATL@@@ATL@@QEAAHAEBG@Z 0000000180004da8 f i Scanner.obj
 0001:00003e5c       ?Add@?$CSimpleMap@PEA_WPEA_WVCExpansionVectorEqualHelper@ATL@@@ATL@@QEAAHAEBQEA_W0@Z 0000000180004e5c f i Scanner.obj
 0001:00003efc       ?Add@CComDynamicUnkArray@ATL@@QEAAKPEAUIUnknown@@@Z 0000000180004efc f i Scanner.obj
 0001:00003ff4       ?Add@CExpansionVector@ATL@@QEAAHPEB_W0@Z 0000000180004ff4 f i Scanner.obj
 0001:00004184       ?AddValue@CRegParser@ATL@@IEAAJAEAVCRegKey@2@PEB_WPEA_W@Z 0000000180005184 f i Scanner.obj
 0001:000045cc       ?AllocateHeap@?$CTempBuffer@_W$0BAA@VCCRTAllocator@ATL@@@ATL@@AEAAX_K@Z 00000001800055cc f i Scanner.obj
 0001:000045cc       ?AllocateHeap@?$CTempBuffer@E$0BAA@VCCRTAllocator@ATL@@@ATL@@AEAAX_K@Z 00000001800055cc f i Scanner.obj
 0001:000045cc       ?AllocateHeap@?$CTempBuffer@_W$0EAA@VCCRTAllocator@ATL@@@ATL@@AEAAX_K@Z 00000001800055cc f i Scanner.obj
 0001:000045f8       ?Append@CParseBuffer@CRegParser@ATL@@QEAAHPEB_WH@Z 00000001800055f8 f i Scanner.obj
 0001:00004710       ?AtlCallTermFunc@ATL@@YAXPEAU_ATL_MODULE70@1@@Z 0000000180005710 f i Scanner.obj
 0001:00004774       ?AtlComModuleGetClassObject@ATL@@YAJPEAU_ATL_COM_MODULE70@1@AEBU_GUID@@1PEAPEAX@Z 0000000180005774 f i Scanner.obj
 0001:000048b4       ?AtlComModuleRegisterServer@ATL@@YAJPEAU_ATL_COM_MODULE70@1@HPEBU_GUID@@@Z 00000001800058b4 f i Scanner.obj
 0001:00004974       ?AtlComModuleUnregisterServer@ATL@@YAJPEAU_ATL_COM_MODULE70@1@HPEBU_GUID@@@Z 0000000180005974 f i Scanner.obj
 0001:00004a30       ?AtlCreateTargetDC@ATL@@YAPEAUHDC__@@PEAU2@PEAUtagDVTARGETDEVICE@@@Z 0000000180005a30 f i Scanner.obj
 0001:00004aa4       ?AtlHiMetricToPixel@ATL@@YAXPEBUtagSIZE@@PEAU2@@Z 0000000180005aa4 f i Scanner.obj
 0001:00004b54       ?AtlHresultFromLastError@ATL@@YAJXZ 0000000180005b54 f i Scanner.obj
 0001:00004b74       ?AtlHresultFromWin32@ATL@@YAJK@Z 0000000180005b74 f i Scanner.obj
 0001:00004b84       ?AtlIPersistStreamInit_Load@ATL@@YAJPEAUIStream@@PEBUATL_PROPMAP_ENTRY@1@PEAXPEAUIUnknown@@@Z 0000000180005b84 f i Scanner.obj
 0001:00004dbc       ?AtlIPersistStreamInit_Save@ATL@@YAJPEAUIStream@@HPEBUATL_PROPMAP_ENTRY@1@PEAXPEAUIUnknown@@@Z 0000000180005dbc f i Scanner.obj
 0001:00004ff8       ?AtlInternalOleLoadFromStream@ATL@@YAJPEAUIStream@@AEBU_GUID@@PEAPEAXTClassesAllowedInStream@1@K@Z 0000000180005ff8 f i Scanner.obj
 0001:0000513c       ?AtlInternalQueryInterface@ATL@@YAJPEAXPEBU_ATL_INTMAP_ENTRY@1@AEBU_GUID@@PEAPEAX@Z 000000018000613c f i Scanner.obj
 0001:00005244       ?AtlLoadTypeLib@ATL@@YAJPEAUHINSTANCE__@@PEB_WPEAPEA_WPEAPEAUITypeLib@@@Z 0000000180006244 f i Scanner.obj
 0001:000054a0       ?AtlModuleAddTermFunc@ATL@@YAJPEAU_ATL_MODULE70@1@P6AX_K@Z1@Z 00000001800064a0 f i Scanner.obj
 0001:00005534       ?AtlRegisterClassCategoriesHelper@ATL@@YAJAEBU_GUID@@PEBU_ATL_CATMAP_ENTRY@1@H@Z 0000000180006534 f i Scanner.obj
 0001:0000599c       ?AtlRegisterTypeLib@ATL@@YAJPEAUHINSTANCE__@@PEB_W@Z 000000018000699c f i Scanner.obj
 0001:00005b98       ?AtlThrowImpl@ATL@@YAXJ@Z  0000000180006b98 f i Scanner.obj
 0001:00005bbc       ?AtlUnRegisterTypeLib@ATL@@YAJPEAUHINSTANCE__@@PEB_W@Z 0000000180006bbc f i Scanner.obj
 0001:00005c84       ?AtlWinModuleExtractCreateWndData@ATL@@YAPEAXPEAU_ATL_WIN_MODULE70@1@@Z 0000000180006c84 f i Scanner.obj
 0001:00005d10       ?Cleanup@CComTypeInfoHolder@ATL@@SAX_K@Z 0000000180006d10 f i Scanner.obj
 0001:00005d50       ?ClearReplacements@CExpansionVector@ATL@@QEAAJXZ 0000000180006d50 f i Scanner.obj
 0001:00005dec       ?CreateInstance@?$CComCreator@V?$CComAggObject@VCOPOSScanner@@@ATL@@@ATL@@SAJPEAXAEBU_GUID@@PEAPEAX@Z 0000000180006dec f i Scanner.obj
 0001:00005ec4       ?CreateInstance@?$CComCreator@V?$CComObject@VCOPOSScanner@@@ATL@@@ATL@@SAJPEAXAEBU_GUID@@PEAPEAX@Z 0000000180006ec4 f i Scanner.obj
 0001:00005f7c       ?CreateInstance@?$CComObject@V?$CComEnum@UIEnumConnectionPoints@@$1?_GUID_b196b285_bab4_101a_b69c_00aa00341d07@@3U__s_GUID@@BPEAUIConnectionPoint@@V?$_CopyInterface@UIConnectionPoint@@@ATL@@VCComSingleThreadModel@6@@ATL@@@ATL@@SAJPEAPEAV12@@Z 0000000180006f7c f i Scanner.obj
 0001:00006008       ?CreateInstance@?$CComObject@V?$CComEnum@UIEnumConnections@@$1?_GUID_b196b287_bab4_101a_b69c_00aa00341d07@@3U__s_GUID@@BUtagCONNECTDATA@@V?$_Copy@UtagCONNECTDATA@@@ATL@@VCComSingleThreadModel@6@@ATL@@@ATL@@SAJPEAPEAV12@@Z 0000000180007008 f i Scanner.obj
 0001:00006094       ?DefaultReflectionHandler@?$CWindowImplRoot@VCWindow@ATL@@@ATL@@SAHPEAUHWND__@@I_K_JAEA_J@Z 0000000180007094 f i Scanner.obj
 0001:000060f8       ?DeleteSubKey@CRegKey@ATL@@QEAAJPEB_W@Z 00000001800070f8 f i Scanner.obj
 0001:00006190       ?DoEvent@COPOSScanner@@IEAAXI_K_J@Z 0000000180007190 f i Scanner.obj
 0001:00006244       ?DoVerbPrimary@?$IOleObjectImpl@VCOPOSScanner@@@ATL@@QEAAJPEBUtagRECT@@PEAUHWND__@@@Z 0000000180007244 f i Scanner.obj
 0001:0000636c       ?DoVerbProperties@CComControlBase@ATL@@QEAAJPEBUtagRECT@@PEAUHWND__@@@Z 000000018000736c f i Scanner.obj
 0001:00006594       ?FireTheEvent@?$CProxy_IOPOSEvents@VCOPOSScanner@@@@IEAAXPEAVOposVariant@@IAEAJPEB_WJ@Z 0000000180007594 f i Scanner.obj
 0001:00006680       ?FireViewChange@CComControlBase@ATL@@QEAAJXZ 0000000180007680 f i Scanner.obj
 0001:000066e4       ?Fire_DataEvent@?$CProxy_IOPOSEvents@VCOPOSScanner@@@@QEAAXJ@Z 00000001800076e4 f i Scanner.obj
 0001:000067d0       ?Fire_DirectIOEvent@?$CProxy_IOPOSEvents@VCOPOSScanner@@@@QEAAXJPEAJPEAPEA_W@Z 00000001800077d0 f i Scanner.obj
 0001:00006928       ?Fire_ErrorEvent@?$CProxy_IOPOSEvents@VCOPOSScanner@@@@QEAAXJJJPEAJ@Z 0000000180007928 f i Scanner.obj
 0001:00006a90       ?Fire_StatusUpdateEvent@?$CProxy_IOPOSEvents@VCOPOSScanner@@@@QEAAXJ@Z 0000000180007a90 f i Scanner.obj
 0001:00006b7c       ?FreeHeap@?$CTempBuffer@_W$0EAA@VCCRTAllocator@ATL@@@ATL@@AEAAXXZ 0000000180007b7c f i Scanner.obj
 0001:00006b7c       ?FreeHeap@?$CTempBuffer@_W$0BAA@VCCRTAllocator@ATL@@@ATL@@AEAAXXZ 0000000180007b7c f i Scanner.obj
 0001:00006b7c       ?FreeHeap@?$CTempBuffer@E$0BAA@VCCRTAllocator@ATL@@@ATL@@AEAAXXZ 0000000180007b7c f i Scanner.obj
 0001:00006b84       ?GetAmbientLocaleID@CComControlBase@ATL@@QEAAJAEAK@Z 0000000180007b84 f i Scanner.obj
 0001:00006c44       ?GetAmbientUserMode@CComControlBase@ATL@@QEAAJAEAH@Z 0000000180007c44 f i Scanner.obj
 0001:00006d18       ?GetClassObject@CComModule@ATL@@QEAAJAEBU_GUID@@0PEAPEAX@Z 0000000180007d18 f i Scanner.obj
 0001:00006e0c       ?GetConnMap@COPOSScanner@@SAPEBU_ATL_CONNMAP_ENTRY@ATL@@PEAH@Z 0000000180007e0c f i Scanner.obj
 0001:00006e94       ?GetIDsOfNames@CComTypeInfoHolder@ATL@@QEAAJAEBU_GUID@@PEAPEA_WIKPEAJ@Z 0000000180007e94 f i Scanner.obj
 0001:0000700c       ?GetPagesHelper@?$ISpecifyPropertyPagesImpl@VCOPOSScanner@@@ATL@@IEAAJPEAUtagCAUUID@@PEBUATL_PROPMAP_ENTRY@2@@Z 000000018000800c f i Scanner.obj
 0001:000071ac       ?GetSizeMax@CComVariant@ATL@@QEBAJPEAT_ULARGE_INTEGER@@@Z 00000001800081ac f i Scanner.obj
 0001:000073e0       ?GetTI@CComTypeInfoHolder@ATL@@QEAAJK@Z 00000001800083e0 f i Scanner.obj
 0001:00007658       ?GetZoomInfo@CComControlBase@ATL@@QEAAXAEAUATL_DRAWINFO@@@Z 0000000180008658 f i Scanner.obj
 0001:000076fc       ?HKeyFromString@CRegParser@ATL@@KAPEAUHKEY__@@PEA_W@Z 00000001800086fc f i Scanner.obj
 0001:00007760       ?IDataObject_GetData@CComControlBase@ATL@@QEAAJPEAUtagFORMATETC@@PEAUtagSTGMEDIUM@@@Z 0000000180008760 f i Scanner.obj
 0001:00007954       ?IOleInPlaceObject_InPlaceDeactivate@CComControlBase@ATL@@QEAAJXZ 0000000180008954 f i Scanner.obj
 0001:000079f4       ?IOleInPlaceObject_SetObjectRects@CComControlBase@ATL@@QEAAJPEBUtagRECT@@0@Z 00000001800089f4 f i Scanner.obj
 0001:00007ae4       ?IOleInPlaceObject_UIDeactivate@CComControlBase@ATL@@QEAAJXZ 0000000180008ae4 f i Scanner.obj
 0001:00007bf0       ?IOleObject_Close@CComControlBase@ATL@@QEAAJK@Z 0000000180008bf0 f i Scanner.obj
 0001:00007d08       ?IOleObject_SetClientSite@CComControlBase@ATL@@QEAAJPEAUIOleClientSite@@@Z 0000000180008d08 f i Scanner.obj
 0001:00007d80       ?IOleObject_SetExtent@CComControlBase@ATL@@QEAAJKPEAUtagSIZE@@@Z 0000000180008d80 f i Scanner.obj
 0001:00007e18       ?IPSI_GetIPersistStreamInit@?$IPersistStorageImpl@VCOPOSScanner@@@ATL@@AEAAPEAUIPersistStreamInit@@XZ 0000000180008e18 f i Scanner.obj
 0001:00007e74       ?IQuickActivate_QuickActivate@CComControlBase@ATL@@QEAAJPEAUtagQACONTAINER@@PEAUtagQACONTROL@@@Z 0000000180008e74 f i Scanner.obj
 0001:00008138       ?IViewObject_Draw@CComControlBase@ATL@@QEAAJKJPEAXPEAUtagDVTARGETDEVICE@@PEAUHDC__@@2PEBU_RECTL@@3@Z 0000000180009138 f i Scanner.obj
 0001:0000824c       ?InPlaceActivate@CComControlBase@ATL@@QEAAJJPEBUtagRECT@@@Z 000000018000924c f i Scanner.obj
 0001:00008584       ?Init@?$CComEnumImpl@UIEnumConnectionPoints@@$1?_GUID_b196b285_bab4_101a_b69c_00aa00341d07@@3U__s_GUID@@BPEAUIConnectionPoint@@V?$_CopyInterface@UIConnectionPoint@@@ATL@@@ATL@@QEAAJPEAPEAUIConnectionPoint@@0PEAUIUnknown@@W4CComEnumFlags@2@@Z 0000000180009584 f i Scanner.obj
 0001:000086a4       ?Init@?$CComEnumImpl@UIEnumConnections@@$1?_GUID_b196b287_bab4_101a_b69c_00aa00341d07@@3U__s_GUID@@BUtagCONNECTDATA@@V?$_Copy@UtagCONNECTDATA@@@ATL@@@ATL@@QEAAJPEAUtagCONNECTDATA@@0PEAUIUnknown@@W4CComEnumFlags@2@@Z 00000001800096a4 f i Scanner.obj
 0001:000087c8       ?IsEqualObject@?$CComPtrBase@UITypeInfo@@@ATL@@QEAA_NPEAUIUnknown@@@Z 00000001800097c8 f i Scanner.obj
 0001:000087c8       ?IsEqualObject@?$CComPtrBase@UIOleClientSite@@@ATL@@QEAA_NPEAUIUnknown@@@Z 00000001800097c8 f i Scanner.obj
 0001:00008854       ?LoadNameCache@CComTypeInfoHolder@ATL@@QEAAJPEAUITypeInfo@@@Z 0000000180009854 f i Scanner.obj
 0001:000089d8       ?Lookup@?$CSimpleMap@PEA_WPEA_WVCExpansionVectorEqualHelper@ATL@@@ATL@@QEBAPEA_WAEBQEA_W@Z 00000001800099d8 f i Scanner.obj
 0001:00008a64       ?NextToken@CRegParser@ATL@@IEAAJPEA_W@Z 0000000180009a64 f i Scanner.obj
 0001:00008c1c       ?OnKillFocus@CComControlBase@ATL@@QEAA_JI_K_JAEAH@Z 0000000180009c1c f i Scanner.obj
 0001:00008cb8       ?OnMouseActivate@CComControlBase@ATL@@QEAA_JI_K_JAEAH@Z 0000000180009cb8 f i Scanner.obj
 0001:00008d58       ?OnPaint@CComControlBase@ATL@@QEAA_JI_K_JAEAH@Z 0000000180009d58 f i Scanner.obj
 0001:00008e44       ?OnSetFocus@CComControlBase@ATL@@QEAA_JI_K_JAEAH@Z 0000000180009e44 f i Scanner.obj
 0001:00008f40       ?Open@CRegKey@ATL@@QEAAJPEAUHKEY__@@PEB_WK@Z 0000000180009f40 f i Scanner.obj
 0001:00008fcc       ?PreProcessBuffer@CRegParser@ATL@@QEAAJPEA_WPEAPEA_W@Z 0000000180009fcc f i Scanner.obj
 0001:00009350       ?ProcessWindowMessage@?$CComControl@VCOPOSScanner@@V?$CWindowImpl@VCOPOSScanner@@VCWindow@ATL@@V?$CWinTraits@$0FGAAAAAA@$0A@@3@@ATL@@@ATL@@UEAAHPEAUHWND__@@I_K_JAEA_JK@Z 000000018000a350 f i Scanner.obj
 0001:00009434       ?PutProperty@?$CComPtr@UIDispatch@@@ATL@@SAJPEAUIDispatch@@JPEAUtagVARIANT@@@Z 000000018000a434 f i Scanner.obj
 0001:00009538       ?ReadFromStream@CComBSTR@ATL@@QEAAJPEAUIStream@@@Z 000000018000a538 f i Scanner.obj
 0001:00009694       ?ReadFromStream@CComVariant@ATL@@QEAAJPEAUIStream@@GTClassesAllowedInStream@2@K@Z 000000018000a694 f i Scanner.obj
 0001:000098a4       ?RecurseDeleteKey@CRegKey@ATL@@QEAAJPEB_W@Z 000000018000a8a4 f i Scanner.obj
 0001:000099b0       ?RegCreateKeyExW@CAtlTransactionManager@ATL@@QEAAJPEAUHKEY__@@PEB_WKPEA_WKKQEAU_SECURITY_ATTRIBUTES@@PEAPEAU3@PEAK@Z 000000018000a9b0 f i Scanner.obj
 0001:00009ae4       ?RegDeleteKeyW@CAtlTransactionManager@ATL@@QEAAJPEAUHKEY__@@PEB_W@Z 000000018000aae4 f i Scanner.obj
 0001:00009b70       ?RegOpenKeyExW@CAtlTransactionManager@ATL@@QEAAJPEAUHKEY__@@PEB_WKKPEAPEAU3@@Z 000000018000ab70 f i Scanner.obj
 0001:00009c28       ?RegisterBuffer@CRegParser@ATL@@QEAAJPEA_WH@Z 000000018000ac28 f i Scanner.obj
 0001:00009d90       ?RegisterFromResource@CRegObject@ATL@@IEAAJPEB_W00H@Z 000000018000ad90 f i Scanner.obj
 0001:00009f4c       ?RegisterServer@CComModule@ATL@@QEAAJHPEBU_GUID@@@Z 000000018000af4c f i Scanner.obj
 0001:0000a00c       ?RegisterSubkeys@CRegParser@ATL@@IEAAJPEA_WPEAUHKEY__@@HH@Z 000000018000b00c f i Scanner.obj
 0001:0000a708       ?SendOnDataChange@CComControlBase@ATL@@QEAAJK@Z 000000018000b708 f i Scanner.obj
 0001:0000a778       ?SetControlFocus@CComControlBase@ATL@@QEAAHH@Z 000000018000b778 f i Scanner.obj
 0001:0000a854       ?SkipAssignment@CRegParser@ATL@@IEAAJPEA_W@Z 000000018000b854 f i Scanner.obj
 0001:0000a8f8       ?Term@CComModule@ATL@@QEAAXXZ 000000018000b8f8 f i Scanner.obj
 0001:0000a9a4       ?UnregisterServer@CComModule@ATL@@QEAAJHPEBU_GUID@@@Z 000000018000b9a4 f i Scanner.obj
 0001:0000aa54       ?UpdateRegistryFromResource@CAtlModule@ATL@@QEAAJIHPEAU_ATL_REGMAP_ENTRY@2@@Z 000000018000ba54 f i Scanner.obj
 0001:0000ad8c       ?UpdateRegistryFromResource@CAtlModule@ATL@@QEAAJPEB_WHPEAU_ATL_REGMAP_ENTRY@2@@Z 000000018000bd8c f i Scanner.obj
 0001:0000b0e4       ?VTFromRegType@CRegParser@ATL@@KAHPEB_WAEAG@Z 000000018000c0e4 f i Scanner.obj
 0001:0000b180       ?WindowProc@?$CWindowImplBaseT@VCWindow@ATL@@V?$CWinTraits@$0FGAAAAAA@$0A@@2@@ATL@@SA_JPEAUHWND__@@I_K_J@Z 000000018000c180 f i Scanner.obj
 0001:0000b2ec       ?WriteToStream@CComBSTR@ATL@@QEAAJPEAUIStream@@@Z 000000018000c2ec f i Scanner.obj
 0001:0000b36c       ?WriteToStream@CComVariant@ATL@@QEAAJPEAUIStream@@@Z 000000018000c36c f i Scanner.obj
 0001:0000b580       ?WriteToStream@CComVariant@ATL@@QEAAJPEAUIStream@@G@Z 000000018000c580 f i Scanner.obj
 0001:0000b618       ?_AtlVerifyStackAvailable@_ATL_SAFE_ALLOCA_IMPL@ATL@@YA_N_K@Z 000000018000c618 f i Scanner.obj
 0001:0000b69c       ?atlCreate@?$CWindowImpl@VCOPOSScanner@@VCWindow@ATL@@V?$CWinTraits@$0FGAAAAAA@$0A@@3@@ATL@@QEAAPEAUHWND__@@PEAU3@V_U_RECT@2@PEB_WKKV_U_MENUorID@2@PEAX@Z 000000018000c69c f i Scanner.obj
 0001:0000b74c       ?atlCreate@?$CWindowImplBaseT@VCWindow@ATL@@V?$CWinTraits@$0FGAAAAAA@$0A@@2@@ATL@@QEAAPEAUHWND__@@PEAU3@V_U_RECT@2@PEB_WKKV_U_MENUorID@2@GPEAX@Z 000000018000c74c f i Scanner.obj
 0001:0000b8bc       ?atlCreate@CRegKey@ATL@@QEAAJPEAUHKEY__@@PEB_WPEA_WKKPEAU_SECURITY_ATTRIBUTES@@PEAK@Z 000000018000c8bc f i Scanner.obj
 0001:0000b9a8       DllCanUnloadNow            000000018000c9a8 f   Scanner.obj
 0001:0000b9b4       DllGetClassObject          000000018000c9b4 f   Scanner.obj
 0001:0000b9cc       DllMain                    000000018000c9cc f   Scanner.obj
 0001:0000ba74       DllRegisterServer          000000018000ca74 f   Scanner.obj
 0001:0000ba88       DllUnregisterServer        000000018000ca88 f   Scanner.obj
 0001:0000ba9c       __local_stdio_printf_options 000000018000ca9c f i Scanner.obj
 0001:0000bb2c       swprintf_s                 000000018000cb2c f i Scanner.obj
 0001:0000bb80       ??0COPOSScanner@@QEAA@XZ   000000018000cb80 f   ScannerImpl.obj
 0001:0000bc48       ??1?$IConnectionPointImpl@VCOPOSScanner@@$1?IID_IPropertyNotifySink@@3U_GUID@@BVCComDynamicUnkArray@ATL@@@ATL@@QEAA@XZ 000000018000cc48 f i ScannerImpl.obj
 0001:0000bc48       ??1?$IConnectionPointImpl@VCOPOSScanner@@$1?DIID__IOPOSScannerEvents@@3U_GUID@@BVCComDynamicUnkArray@ATL@@@ATL@@QEAA@XZ 000000018000cc48 f i ScannerImpl.obj
 0001:0000bca4       ??1CComControlBase@ATL@@UEAA@XZ 000000018000cca4 f i ScannerImpl.obj
 0001:0000bd20       ??1COPOSScanner@@UEAA@XZ   000000018000cd20 f   ScannerImpl.obj
 0001:0000bd84       ?CheckHealth@COPOSScanner@@UEAAJJPEAJ@Z 000000018000cd84 f   ScannerImpl.obj
 0001:0000be00       ?ClaimDevice@COPOSScanner@@UEAAJJPEAJ@Z 000000018000ce00 f   ScannerImpl.obj
 0001:0000bea0       ?ClearInput@COPOSScanner@@UEAAJPEAJ@Z 000000018000cea0 f   ScannerImpl.obj
 0001:0000bec8       ?ClearInputProperties@COPOSScanner@@UEAAJPEAJ@Z 000000018000cec8 f   ScannerImpl.obj
 0001:0000bef0       ?Close@COPOSScanner@@UEAAJPEAJ@Z 000000018000cef0 f   ScannerImpl.obj
 0001:0000bfa8       ?CompareFirmwareVersion@COPOSScanner@@UEAAJPEA_WPEAJ1@Z 000000018000cfa8 f   ScannerImpl.obj
 0001:0000c084       ?DirectIO@COPOSScanner@@UEAAJJPEAJPEAPEA_W0@Z 000000018000d084 f   ScannerImpl.obj
 0001:0000c180       ?DoInvoke@COPOSScanner@@IEAAJJPEAVOposVariant@@IHPEAJ_N@Z 000000018000d180 f   ScannerImpl.obj
 0001:0000c2b4       ?EventInit@COPOSScanner@@IEAAJXZ 000000018000d2b4 f i ScannerImpl.obj
 0001:0000c3fc       ?EventUninit@COPOSScanner@@IEAAXXZ 000000018000d3fc f i ScannerImpl.obj
 0001:0000c460       ?EventWindowProc@COPOSScanner@@IEAA_JI_K_J@Z 000000018000d460 f i ScannerImpl.obj
 0001:0000c5ec       ?FinalConstruct@COPOSScanner@@QEAAJXZ 000000018000d5ec f   ScannerImpl.obj
 0001:0000c628       ?FreezeEvents@COPOSScanner@@MEAAJH@Z 000000018000d628 f   ScannerImpl.obj
 0001:0000c69c       ?GetOposProp@COPOSScanner@@IEAAJJPEAJJ@Z 000000018000d69c f   ScannerImpl.obj
 0001:0000c7b8       ?GetOposProp@COPOSScanner@@IEAAJJPEAPEA_WJ@Z 000000018000d7b8 f   ScannerImpl.obj
 0001:0000c8e4       ?OnDraw@COPOSScanner@@MEAAJAEAUATL_DRAWINFO@@@Z 000000018000d8e4 f   ScannerImpl.obj
 0001:0000c9d0       ?Open@COPOSScanner@@UEAAJPEA_WPEAJ@Z 000000018000d9d0 f   ScannerImpl.obj
 0001:0000d258       ?ReleaseDevice@COPOSScanner@@UEAAJPEAJ@Z 000000018000e258 f   ScannerImpl.obj
 0001:0000d2c4       ?ResetStatistics@COPOSScanner@@UEAAJPEA_WPEAJ@Z 000000018000e2c4 f   ScannerImpl.obj
 0001:0000d34c       ?RetrieveStatistics@COPOSScanner@@UEAAJPEAPEA_WPEAJ@Z 000000018000e34c f   ScannerImpl.obj
 0001:0000d3d4       ?SOProcessID@COPOSScanner@@UEAAJPEAJ@Z 000000018000e3d4 f   ScannerImpl.obj
 0001:0000d3f0       ?SetCOFreezeEvents@COPOSScanner@@IEAAXF@Z 000000018000e3f0 f   ScannerImpl.obj
 0001:0000d4d4       ?SetOposProp@COPOSScanner@@IEAAJJJJ@Z 000000018000e4d4 f   ScannerImpl.obj
 0001:0000d634       ?UpdateFirmware@COPOSScanner@@UEAAJPEA_WPEAJ@Z 000000018000e634 f   ScannerImpl.obj
 0001:0000d6bc       ?UpdateStatistics@COPOSScanner@@UEAAJPEA_WPEAJ@Z 000000018000e6bc f   ScannerImpl.obj
 0001:0000d744       ?get_AutoDisable@COPOSScanner@@UEAAJPEAF@Z 000000018000e744 f   ScannerImpl.obj
 0001:0000d778       ?get_BinaryConversion@COPOSScanner@@UEAAJPEAJ@Z 000000018000e778 f   ScannerImpl.obj
 0001:0000d78c       ?get_CapCompareFirmwareVersion@COPOSScanner@@UEAAJPEAF@Z 000000018000e78c f   ScannerImpl.obj
 0001:0000d7c0       ?get_CapPowerReporting@COPOSScanner@@UEAAJPEAJ@Z 000000018000e7c0 f   ScannerImpl.obj
 0001:0000d7d4       ?get_CapStatisticsReporting@COPOSScanner@@UEAAJPEAF@Z 000000018000e7d4 f   ScannerImpl.obj
 0001:0000d808       ?get_CapUpdateFirmware@COPOSScanner@@UEAAJPEAF@Z 000000018000e808 f   ScannerImpl.obj
 0001:0000d83c       ?get_CapUpdateStatistics@COPOSScanner@@UEAAJPEAF@Z 000000018000e83c f   ScannerImpl.obj
 0001:0000d870       ?get_CheckHealthText@COPOSScanner@@UEAAJPEAPEA_W@Z 000000018000e870 f   ScannerImpl.obj
 0001:0000d880       ?get_Claimed@COPOSScanner@@UEAAJPEAF@Z 000000018000e880 f   ScannerImpl.obj
 0001:0000d8b0       ?get_ControlObjectDescription@COPOSScanner@@UEAAJPEAPEA_W@Z 000000018000e8b0 f   ScannerImpl.obj
 0001:0000d914       ?get_ControlObjectVersion@COPOSScanner@@UEAAJPEAJ@Z 000000018000e914 f   ScannerImpl.obj
 0001:0000d920       ?get_DataCount@COPOSScanner@@UEAAJPEAJ@Z 000000018000e920 f   ScannerImpl.obj
 0001:0000d934       ?get_DataEventEnabled@COPOSScanner@@UEAAJPEAF@Z 000000018000e934 f   ScannerImpl.obj
 0001:0000d964       ?get_DecodeData@COPOSScanner@@UEAAJPEAF@Z 000000018000e964 f   ScannerImpl.obj
 0001:0000d998       ?get_DeviceDescription@COPOSScanner@@UEAAJPEAPEA_W@Z 000000018000e998 f   ScannerImpl.obj
 0001:0000d9a8       ?get_DeviceEnabled@COPOSScanner@@UEAAJPEAF@Z 000000018000e9a8 f   ScannerImpl.obj
 0001:0000d9d8       ?get_DeviceName@COPOSScanner@@UEAAJPEAPEA_W@Z 000000018000e9d8 f   ScannerImpl.obj
 0001:0000d9e8       ?get_FreezeEvents@COPOSScanner@@UEAAJPEAF@Z 000000018000e9e8 f   ScannerImpl.obj
 0001:0000da18       ?get_OpenResult@COPOSScanner@@UEAAJPEAJ@Z 000000018000ea18 f   ScannerImpl.obj
 0001:0000da24       ?get_PowerNotify@COPOSScanner@@UEAAJPEAJ@Z 000000018000ea24 f   ScannerImpl.obj
 0001:0000da38       ?get_PowerState@COPOSScanner@@UEAAJPEAJ@Z 000000018000ea38 f   ScannerImpl.obj
 0001:0000da4c       ?get_ResultCode@COPOSScanner@@UEAAJPEAJ@Z 000000018000ea4c f   ScannerImpl.obj
 0001:0000da88       ?get_ResultCodeExtended@COPOSScanner@@UEAAJPEAJ@Z 000000018000ea88 f   ScannerImpl.obj
 0001:0000da98       ?get_ScanData@COPOSScanner@@UEAAJPEAPEA_W@Z 000000018000ea98 f   ScannerImpl.obj
 0001:0000daa8       ?get_ScanDataLabel@COPOSScanner@@UEAAJPEAPEA_W@Z 000000018000eaa8 f   ScannerImpl.obj
 0001:0000dabc       ?get_ScanDataType@COPOSScanner@@UEAAJPEAJ@Z 000000018000eabc f   ScannerImpl.obj
 0001:0000dad0       ?get_ServiceObjectDescription@COPOSScanner@@UEAAJPEAPEA_W@Z 000000018000ead0 f   ScannerImpl.obj
 0001:0000dae0       ?get_ServiceObjectVersion@COPOSScanner@@UEAAJPEAJ@Z 000000018000eae0 f   ScannerImpl.obj
 0001:0000daf0       ?get_State@COPOSScanner@@UEAAJPEAJ@Z 000000018000eaf0 f   ScannerImpl.obj
 0001:0000db1c       ?put_AutoDisable@COPOSScanner@@UEAAJF@Z 000000018000eb1c f   ScannerImpl.obj
 0001:0000db34       ?put_BinaryConversion@COPOSScanner@@UEAAJJ@Z 000000018000eb34 f   ScannerImpl.obj
 0001:0000db48       ?put_DataEventEnabled@COPOSScanner@@UEAAJF@Z 000000018000eb48 f   ScannerImpl.obj
 0001:0000db60       ?put_DecodeData@COPOSScanner@@UEAAJF@Z 000000018000eb60 f   ScannerImpl.obj
 0001:0000db7c       ?put_DeviceEnabled@COPOSScanner@@UEAAJF@Z 000000018000eb7c f   ScannerImpl.obj
 0001:0000db94       ?put_FreezeEvents@COPOSScanner@@UEAAJF@Z 000000018000eb94 f   ScannerImpl.obj
 0001:0000dbe4       ?put_PowerNotify@COPOSScanner@@UEAAJJ@Z 000000018000ebe4 f   ScannerImpl.obj
 0001:0000dbf8       ?s_EventWindowProc@COPOSScanner@@KA_JPEAUHWND__@@I_K_J@Z 000000018000ebf8 f i ScannerImpl.obj
 0001:0000dc74       ??_U@YAPEAX_K@Z            000000018000ec74 f   LIBCMT:new_array.obj
 0001:0000dc7c       ??_V@YAXPEAX@Z             000000018000ec7c f   LIBCMT:delete_array.obj
 0001:0000dc7c       ??3@YAXPEAX_K@Z            000000018000ec7c f   LIBCMT:delete_scalar_size.obj
 0001:0000dc84       ??_V@YAXPEAX_K@Z           000000018000ec84 f   LIBCMT:delete_array_size.obj
 0001:0000dc8c       __scrt_acquire_startup_lock 000000018000ec8c f   LIBCMT:utility.obj
 0001:0000dcc8       __scrt_dllmain_after_initialize_c 000000018000ecc8 f   LIBCMT:utility.obj
 0001:0000dcfc       __scrt_dllmain_before_initialize_c 000000018000ecfc f   LIBCMT:utility.obj
 0001:0000dd14       __scrt_dllmain_crt_thread_attach 000000018000ed14 f   LIBCMT:utility.obj
 0001:0000dd3c       __scrt_dllmain_crt_thread_detach 000000018000ed3c f   LIBCMT:utility.obj
 0001:0000dd54       __scrt_dllmain_exception_filter 000000018000ed54 f   LIBCMT:utility.obj
 0001:0000ddb4       __scrt_dllmain_uninitialize_c 000000018000edb4 f   LIBCMT:utility.obj
 0001:0000dde4       __scrt_dllmain_uninitialize_critical 000000018000ede4 f   LIBCMT:utility.obj
 0001:0000ddf8       __scrt_initialize_crt      000000018000edf8 f   LIBCMT:utility.obj
 0001:0000de44       __scrt_initialize_onexit_tables 000000018000ee44 f   LIBCMT:utility.obj
 0001:0000df1c       __scrt_is_nonwritable_in_current_image 000000018000ef1c f   LIBCMT:utility.obj
 0001:0000dfb8       __scrt_release_startup_lock 000000018000efb8 f   LIBCMT:utility.obj
 0001:0000dfdc       __scrt_uninitialize_crt    000000018000efdc f   LIBCMT:utility.obj
 0001:0000e008       _onexit                    000000018000f008 f   LIBCMT:utility.obj
 0001:0000e058       atexit                     000000018000f058 f   LIBCMT:utility.obj
 0001:0000e070       ??3@YAXPEAX@Z              000000018000f070 f   LIBCMT:delete_scalar.obj
 0001:0000e200       _Init_thread_footer        000000018000f200 f   LIBCMT:thread_safe_statics.obj
 0001:0000e260       _Init_thread_header        000000018000f260 f   LIBCMT:thread_safe_statics.obj
 0001:0000e2c8       _Init_thread_notify        000000018000f2c8 f   LIBCMT:thread_safe_statics.obj
 0001:0000e318       _Init_thread_wait          000000018000f318 f   LIBCMT:thread_safe_statics.obj
 0001:0000e390       __raise_securityfailure    000000018000f390 f   LIBCMT:gs_report.obj
 0001:0000e3c4       __report_gsfailure         000000018000f3c4 f   LIBCMT:gs_report.obj
 0001:0000e498       __report_rangecheckfailure 000000018000f498 f   LIBCMT:gs_report.obj
 0001:0000e4ac       __report_securityfailure   000000018000f4ac f   LIBCMT:gs_report.obj
 0001:0000e62c       ??2@YAPEAX_KAEBUnothrow_t@std@@@Z 000000018000f62c f   LIBCMT:new_scalar_nothrow.obj
 0001:0000e64c       ??_U@YAPEAX_KAEBUnothrow_t@std@@@Z 000000018000f64c f   LIBCMT:new_array_nothrow.obj
 0001:0000e654       __GSHandlerCheck           000000018000f654 f   LIBCMT:gshandler.obj
 0001:0000e674       __GSHandlerCheckCommon     000000018000f674 f   LIBCMT:gshandler.obj
 0001:0000e6d0       __GSHandlerCheck_SEH       000000018000f6d0 f   LIBCMT:gshandlerseh.obj
 0001:0000e770       _alloca_probe              000000018000f770 f   LIBCMT:chkstk.obj
 0001:0000e770       __chkstk                   000000018000f770 f   LIBCMT:chkstk.obj
 0001:0000e7e0       __security_check_cookie    000000018000f7e0 f   LIBCMT:amdsecgs.obj
 0001:0000eb34       _DllMainCRTStartup         000000018000fb34 f   LIBCMT:dll_dllmain.obj
 0001:0000eb74       ??2@YAPEAX_K@Z             000000018000fb74 f   LIBCMT:new_scalar.obj
 0001:0000ebb0       __isa_available_init       000000018000fbb0 f   LIBCMT:cpu_disp.obj
 0001:0000ed6c       __scrt_is_ucrt_dll_in_use  000000018000fd6c f   LIBCMT:ucrt_detection.obj
 0001:0000ed78       __crt_debugger_hook        000000018000fd78 f   LIBCMT:utility_desktop.obj
 0001:0000ed80       __scrt_fastfail            000000018000fd80 f   LIBCMT:utility_desktop.obj
 0001:0000eecc       __security_init_cookie     000000018000fecc f   LIBCMT:gs_support.obj
 0001:0000ef78       ?__scrt_initialize_type_info@@YAXXZ 000000018000ff78 f   LIBCMT:tncleanup.obj
 0001:0000ef88       ?__scrt_uninitialize_type_info@@YAXXZ 000000018000ff88 f   LIBCMT:tncleanup.obj
 0001:0000ef94       __local_stdio_scanf_options 000000018000ff94 f i LIBCMT:default_local_stdio_options.obj
 0001:0000ef9c       __scrt_initialize_default_local_stdio_options 000000018000ff9c f   LIBCMT:default_local_stdio_options.obj
 0001:0000efb8       __scrt_get_dyn_tls_init_callback 000000018000ffb8 f   LIBCMT:dyn_tls_init.obj
 0001:0000efc0       _RTC_Initialize            000000018000ffc0 f   LIBCMT:initsect.obj
 0001:0000effc       _RTC_Terminate             000000018000fffc f   LIBCMT:initsect.obj
 0001:0000f038       ??0bad_alloc@std@@QEAA@AEBV01@@Z 0000000180010038 f i LIBCMT:throw_bad_alloc.obj
 0001:0000f078       ??0bad_alloc@std@@QEAA@XZ  0000000180010078 f i LIBCMT:throw_bad_alloc.obj
 0001:0000f098       ??0bad_array_new_length@std@@QEAA@AEBV01@@Z 0000000180010098 f i LIBCMT:throw_bad_alloc.obj
 0001:0000f0d8       ??0bad_array_new_length@std@@QEAA@XZ 00000001800100d8 f i LIBCMT:throw_bad_alloc.obj
 0001:0000f0f8       ??0exception@std@@QEAA@AEBV01@@Z 00000001800100f8 f i LIBCMT:throw_bad_alloc.obj
 0001:0000f130       ??1bad_alloc@std@@UEAA@XZ  0000000180010130 f i LIBCMT:throw_bad_alloc.obj
 0001:0000f130       ??1bad_exception@std@@UEAA@XZ 0000000180010130 f i libvcruntime:frame.obj
 0001:0000f130       ??1bad_array_new_length@std@@UEAA@XZ 0000000180010130 f i LIBCMT:throw_bad_alloc.obj
 0001:0000f144       ??_Eexception@std@@UEAAPEAXI@Z 0000000180010144 f i LIBCMT:throw_bad_alloc.obj
 0001:0000f144       ??_Ebad_alloc@std@@UEAAPEAXI@Z 0000000180010144 f i LIBCMT:throw_bad_alloc.obj
 0001:0000f144       ??_Gbad_alloc@std@@UEAAPEAXI@Z 0000000180010144 f i LIBCMT:throw_bad_alloc.obj
 0001:0000f144       ??_Gbad_array_new_length@std@@UEAAPEAXI@Z 0000000180010144 f i LIBCMT:throw_bad_alloc.obj
 0001:0000f144       ??_Gexception@std@@UEAAPEAXI@Z 0000000180010144 f i LIBCMT:throw_bad_alloc.obj
 0001:0000f144       ??_Ebad_array_new_length@std@@UEAAPEAXI@Z 0000000180010144 f i LIBCMT:throw_bad_alloc.obj
 0001:0000f144       ??_Ebad_exception@std@@UEAAPEAXI@Z 0000000180010144 f i libvcruntime:frame.obj
 0001:0000f144       ??_Gbad_exception@std@@UEAAPEAXI@Z 0000000180010144 f i libvcruntime:frame.obj
 0001:0000f188       ?__scrt_throw_std_bad_alloc@@YAXXZ 0000000180010188 f   LIBCMT:throw_bad_alloc.obj
 0001:0000f1a8       ?__scrt_throw_std_bad_array_new_length@@YAXXZ 00000001800101a8 f   LIBCMT:throw_bad_alloc.obj
 0001:0000f1c8       ?what@exception@std@@UEBAPEBDXZ 00000001800101c8 f i LIBCMT:throw_bad_alloc.obj
 0001:0000f1e0       ??_Gtype_info@@UEAAPEAXI@Z 00000001800101e0 f i LIBCMT:std_type_info_static.obj
 0001:0000f1e0       ??_Etype_info@@UEAAPEAXI@Z 00000001800101e0 f i LIBCMT:std_type_info_static.obj
 0001:0000f20c       ??0CAtlBaseModule@ATL@@QEAA@XZ 000000018001020c f   atls:atlbase.obj
 0001:0000f2b4       ??1CAtlBaseModule@ATL@@QEAA@XZ 00000001800102b4 f   atls:atlbase.obj
 0001:0000f3e8       ?__AllocStdCallThunk_cmn@@YAPEAXXZ 00000001800103e8 f   atls:atlthunk.obj
 0001:0000f540       AtlThunk_AllocateData      0000000180010540 f   atls:atlthunk.obj
 0001:0000f5bc       AtlThunk_DataToCode        00000001800105bc f   atls:atlthunk.obj
 0001:0000f610       AtlThunk_FreeData          0000000180010610 f   atls:atlthunk.obj
 0001:0000f670       AtlThunk_InitData          0000000180010670 f   atls:atlthunk.obj
 0001:0000f730       memset_repmovs             0000000180010730 f   libvcruntime:memset.obj
 0001:0000f750       memset                     0000000180010750 f   libvcruntime:memset.obj
 0001:0000f8e0       _purecall                  00000001800108e0 f   libvcruntime:purevirt.obj
 0001:0000f910       wcsstr                     0000000180010910 f   libvcruntime:wcsstr.obj
 0001:0000fb40       memcmp                     0000000180010b40 f   libvcruntime:memcmp.obj
 0001:0000fc20       memcpy_repmovs             0000000180010c20 f   libvcruntime:memcpy.obj
 0001:0000fc40       memmove                    0000000180010c40 f   libvcruntime:memcpy.obj
 0001:0000fc40       memcpy                     0000000180010c40 f   libvcruntime:memcpy.obj
 0001:00010078       __vcrt_initialize          0000000180011078 f   libvcruntime:initialization.obj
 0001:000100ac       __vcrt_thread_attach       00000001800110ac f   libvcruntime:initialization.obj
 0001:000100c0       __vcrt_thread_detach       00000001800110c0 f   libvcruntime:initialization.obj
 0001:000100d4       __vcrt_uninitialize        00000001800110d4 f   libvcruntime:initialization.obj
 0001:000100f4       __vcrt_uninitialize_critical 00000001800110f4 f   libvcruntime:initialization.obj
 0001:00010104       __C_specific_handler       0000000180011104 f   libvcruntime:riscchandler.obj
 0001:00010310       __DestructExceptionObject  0000000180011310 f   libvcruntime:ehhelpers.obj
 0001:00010384       ?_CallMemberFunction0@@YAXQEAX0@Z 0000000180011384 f i libvcruntime:ehhelpers.obj
 0001:00010388       _IsExceptionObjectToBeDestroyed 0000000180011388 f   libvcruntime:ehhelpers.obj
 0001:000103b8       __AdjustPointer            00000001800113b8 f   libvcruntime:ehhelpers.obj
 0001:000103dc       __FrameUnwindFilter        00000001800113dc f   libvcruntime:ehhelpers.obj
 0001:00010428       __std_terminate            0000000180011428 f   libvcruntime:ehhelpers.obj
 0001:00010434       ??$_CallSETranslator@V__FrameHandler3@@@@YAHPEAUEHExceptionRecord@@PEA_KPEAU_CONTEXT@@PEAU_xDISPATCHER_CONTEXT@@PEBU_s_FuncInfo@@K1@Z 0000000180011434 f i libvcruntime:risctrnsctrl.obj
 0001:00010488       ?CatchTryBlock@__FrameHandler3@@SAPEBU_s_TryBlockMapEntry@@PEBU_s_FuncInfo@@H@Z 0000000180011488 f   libvcruntime:risctrnsctrl.obj
 0001:000104e0       ?ExecutionInCatch@__FrameHandler3@@SA_NPEAU_xDISPATCHER_CONTEXT@@PEBU_s_FuncInfo@@@Z 00000001800114e0 f   libvcruntime:risctrnsctrl.obj
 0001:0001050c       ?FrameUnwindToEmptyState@__FrameHandler3@@SAXPEA_KPEAU_xDISPATCHER_CONTEXT@@PEBU_s_FuncInfo@@@Z 000000018001150c f   libvcruntime:risctrnsctrl.obj
 0001:00010570       ?GetEstablisherFrame@__FrameHandler3@@SAPEA_KPEA_KPEAU_xDISPATCHER_CONTEXT@@PEBU_s_FuncInfo@@0@Z 0000000180011570 f   libvcruntime:risctrnsctrl.obj
 0001:0001063c       ?GetRangeOfTrysToCheck@__FrameHandler3@@SA?AU?$pair@Viterator@TryBlockMap@__FrameHandler3@@V123@@std@@AEAVTryBlockMap@1@HH@Z 000000018001163c f   libvcruntime:risctrnsctrl.obj
 0001:00010798       ?UnwindNestedFrames@__FrameHandler3@@SAXPEA_KPEAUEHExceptionRecord@@PEAU_CONTEXT@@0PEAXPEBU_s_FuncInfo@@HHPEBU_s_HandlerType@@PEAU_xDISPATCHER_CONTEXT@@E@Z 0000000180011798 f   libvcruntime:risctrnsctrl.obj
 0001:000108bc       _CreateFrameInfo           00000001800118bc f   libvcruntime:risctrnsctrl.obj
 0001:000108f8       _FindAndUnlinkFrame        00000001800118f8 f   libvcruntime:risctrnsctrl.obj
 0001:0001094c       _GetImageBase              000000018001194c f   libvcruntime:risctrnsctrl.obj
 0001:00010960       _GetThrowImageBase         0000000180011960 f   libvcruntime:risctrnsctrl.obj
 0001:00010974       _SetImageBase              0000000180011974 f   libvcruntime:risctrnsctrl.obj
 0001:0001098c       _SetThrowImageBase         000000018001198c f   libvcruntime:risctrnsctrl.obj
 0001:000109a4       __CxxFrameHandler3         00000001800119a4 f   libvcruntime:risctrnsctrl.obj
 0001:00010a24       __std_type_info_compare    0000000180011a24 f   libvcruntime:std_type_info.obj
 0001:00010a4c       __std_type_info_destroy_list 0000000180011a4c f   libvcruntime:std_type_info.obj
 0001:00010a78       __std_exception_copy       0000000180011a78 f   libvcruntime:std_exception.obj
 0001:00010b08       __std_exception_destroy    0000000180011b08 f   libvcruntime:std_exception.obj
 0001:00010b30       _CxxThrowException         0000000180011b30 f   libvcruntime:throw.obj
 0001:00010bf0       __vcrt_initialize_pure_virtual_call_handler 0000000180011bf0 f   libvcruntime:purevirt_data.obj
 0001:00010c00       __vcrt_freefls             0000000180011c00 f   libvcruntime:per_thread_data.obj
 0001:00010c20       __vcrt_freeptd             0000000180011c20 f   libvcruntime:per_thread_data.obj
 0001:00010c70       __vcrt_getptd              0000000180011c70 f   libvcruntime:per_thread_data.obj
 0001:00010c8c       __vcrt_getptd_noexit       0000000180011c8c f   libvcruntime:per_thread_data.obj
 0001:00010d58       __vcrt_initialize_ptd      0000000180011d58 f   libvcruntime:per_thread_data.obj
 0001:00010dac       __vcrt_uninitialize_ptd    0000000180011dac f   libvcruntime:per_thread_data.obj
 0001:00010dd0       __vcrt_initialize_locks    0000000180011dd0 f   libvcruntime:locks.obj
[...]
 0004:0000168c       $pdata$??$?RV<lambda_46352004c1216016012b18bd6f87e700>@@AEAV<lambda_3bd07e1a1191394380780325891bf33f>@@V<lambda_334532d3f185bcaa59b5be82d7d22bff>@@@?$__crt_seh_guarded_call@X@@QEAAX$$QEAV<lambda_46352004c1216016012b18bd6f87e700>@@AEAV<lambda_3bd07e1a1191394380780325891bf33f>@@$$QEAV<lambda_334532d3f185bcaa59b5be82d7d22bff>@@@Z 000000018003368c     libucrt:per_thread_data.obj
 0004:00001698       $pdata$??$?RV<lambda_fb3a7dec4e47f37f22dae91bb15c9095>@@AEAV<lambda_698284760c8add0bfb0756c19673e34b>@@V<lambda_dfb8eca1e75fef3034a8fb18dd509707>@@@?$__crt_seh_guarded_call@X@@QEAAX$$QEAV<lambda_fb3a7dec4e47f37f22dae91bb15c9095>@@AEAV<lambda_698284760c8add0bfb0756c19673e34b>@@$$QEAV<lambda_dfb8eca1e75fef3034a8fb18dd509707>@@@Z 0000000180033698     libucrt:per_thread_data.obj
 0004:000016a4       $pdata$_calloc_base        00000001800336a4     libucrt:calloc_base.obj
 0004:000016b0       $pdata$_malloc_base        00000001800336b0     libucrt:malloc_base.obj
 0004:000016bc       $pdata$_msize              00000001800336bc     libucrt:msize.obj
 0004:000016c8       $pdata$_realloc_base       00000001800336c8     libucrt:realloc_base.obj
 0004:000016d4       $pdata$__acrt_FlsAlloc     00000001800336d4     libucrt:winapi_thunks.obj
 0004:000016e0       $pdata$__acrt_FlsFree      00000001800336e0     libucrt:winapi_thunks.obj
 0004:000016ec       $pdata$__acrt_FlsGetValue  00000001800336ec     libucrt:winapi_thunks.obj
 0004:000016f8       $pdata$__acrt_FlsSetValue  00000001800336f8     libucrt:winapi_thunks.obj
 0004:00001704       $pdata$__acrt_initialize_winapi_thunks 0000000180033704     libucrt:winapi_thunks.obj
 0004:00001710       $pdata$__acrt_uninitialize_winapi_thunks 0000000180033710     libucrt:winapi_thunks.obj
 0004:0000171c       $pdata$__acrt_InitializeCriticalSectionEx 000000018003371c     libucrt:winapi_thunks.obj
 0004:00001728       $pdata$__acrt_LCMapStringEx 0000000180033728     libucrt:winapi_thunks.obj
 0004:00001734       $pdata$__acrt_LocaleNameToLCID 0000000180033734     libucrt:winapi_thunks.obj
 0004:00001740       $pdata$__acrt_SetThreadStackGuarantee 0000000180033740     libucrt:winapi_thunks.obj
 0004:0000174c       $pdata$__acrt_is_packaged_app 000000018003374c     libucrt:winapi_thunks.obj
 0004:00001758       $pdata$?try_get_function@@YAPEAXW4function_id@?A0x63058377@@QEBDQEBW4module_id@2@2@Z 0000000180033758     libucrt:winapi_thunks.obj
 0004:00001764       $pdata$isdigit             0000000180033764     libucrt:_ctype.obj
 0004:00001770       $pdata$tolower             0000000180033770     libucrt:tolower_toupper.obj
 0004:0000177c       $pdata$_tolower_l          000000018003377c     libucrt:tolower_toupper.obj
 0004:00001788       $pdata$?internal_isupper_l@@YA_NHQEAU__crt_locale_pointers@@@Z 0000000180033788     libucrt:tolower_toupper.obj
 0004:00001794       $pdata$wcstol              0000000180033794     libucrt:strtox.obj
 0004:000017a0       $pdata$_mbtowc_l           00000001800337a0     libucrt:mbtowc.obj
 0004:000017ac       $pdata$wcsnlen             00000001800337ac     libucrt:strnlen.obj
 0004:000017b8       $pdata$__acrt_update_locale_info 00000001800337b8     libucrt:locale_update.obj
 0004:000017c4       $pdata$__acrt_update_multibyte_info 00000001800337c4     libucrt:locale_update.obj
 0004:000017d0       $pdata$__acrt_fp_format    00000001800337d0     libucrt:cvt.obj
 0004:000017dc       $pdata$?fp_format_nan_or_infinity@@YAHW4__acrt_fp_class@@_NPEAD_K1@Z 00000001800337dc     libucrt:cvt.obj
 0004:000017e8       $pdata$?fp_format_e_internal@@YAHQEAD_KH_NIQEAU_strflt@@2QEAU__crt_locale_pointers@@@Z 00000001800337e8     libucrt:cvt.obj
 0004:000017f4       $pdata$?fp_format_e@@YAHQEBNQEAD_K12H_NIQEAU__crt_locale_pointers@@@Z 00000001800337f4     libucrt:cvt.obj
 0004:00001800       $pdata$?fp_format_a@@YAHQEBNPEAD_KQEAD2H_NIQEAU__crt_locale_pointers@@@Z 0000000180033800     libucrt:cvt.obj
 0004:0000180c       $pdata$?fp_format_f_internal@@YAHQEAD_KHQEAU_strflt@@_NQEAU__crt_locale_pointers@@@Z 000000018003380c     libucrt:cvt.obj
 0004:00001818       $pdata$?fp_format_g@@YAHQEBNQEAD_K12H_NIQEAU__crt_locale_pointers@@@Z 0000000180033818     libucrt:cvt.obj
 0004:00001824       $pdata$_fileno             0000000180033824     libucrt:fileno.obj
 0004:00001830       $pdata$__acrt_initialize_stdio 0000000180033830     libucrt:_file.obj
 0004:0000183c       $pdata$__acrt_uninitialize_stdio 000000018003383c     libucrt:_file.obj
 0004:00001848       $pdata$__acrt_uninitialize_locale 0000000180033848     libucrt:wsetlocale.obj
 0004:00001854       $pdata$__acrt_update_thread_locale_data$fin$0 0000000180033854     libucrt:locale_refcounting.obj
 0004:00001854       $pdata$__acrt_uninitialize_locale$fin$0 0000000180033854     libucrt:wsetlocale.obj
 0004:00001860       $pdata$__acrt_initialize_lowio 0000000180033860     libucrt:ioinit.obj
 0004:0000186c       $pdata$__acrt_lowio_ensure_fh_exists$fin$0 000000018003386c     libucrt:osfinfo.obj
 0004:0000186c       $pdata$__acrt_initialize_lowio$fin$0 000000018003386c     libucrt:ioinit.obj
 0004:00001878       $pdata$__acrt_uninitialize_lowio 0000000180033878     libucrt:ioinit.obj
 0004:00001884       $pdata$?initialize_inherited_file_handles_nolock@@YAXXZ 0000000180033884     libucrt:ioinit.obj
 0004:00001890       $pdata$?initialize_stdio_handles_nolock@@YAXXZ 0000000180033890     libucrt:ioinit.obj
 0004:0000189c       $pdata$__acrt_initialize_locks 000000018003389c     libucrt:locks.obj
 0004:000018a8       $pdata$__acrt_uninitialize_locks 00000001800338a8     libucrt:locks.obj
 0004:000018b4       $pdata$??$common_expand_argv_wildcards@D@@YAHQEAPEADQEAPEAPEAD@Z 00000001800338b4     libucrt:argv_wildcards.obj
 0004:000018c0       $pdata$?expand_if_necessary@?$argument_list@D@?A0xca0879c4@@AEAAHXZ 00000001800338c0     libucrt:argv_wildcards.obj
 0004:000018cc       $pdata$??$copy_and_add_argument_to_buffer@D@@YAHQEBD0_KAEAV?$argument_list@D@?A0xca0879c4@@@Z 00000001800338cc     libucrt:argv_wildcards.obj
 0004:000018d8       $pdata$??$expand_argument_wildcards@D@@YAHQEAD0AEAV?$argument_list@D@?A0xca0879c4@@@Z 00000001800338d8     libucrt:argv_wildcards.obj
 0004:000018e4       $pdata$__acrt_update_thread_multibyte_data 00000001800338e4     libucrt:mbctype.obj
 0004:000018f0       $pdata$__acrt_update_thread_multibyte_data$fin$0 00000001800338f0     libucrt:mbctype.obj
 0004:000018fc       $pdata$__acrt_initialize_multibyte 00000001800338fc     libucrt:mbctype.obj
 0004:00001908       $pdata$_setmbcp_nolock     0000000180033908     libucrt:mbctype.obj
 0004:00001914       $pdata$?getSystemCP@@YAHH@Z 0000000180033914     libucrt:mbctype.obj
 0004:00001920       $pdata$?setSBCS@@YAXPEAU__crt_multibyte_data@@@Z 0000000180033920     libucrt:mbctype.obj
 0004:0000192c       $pdata$?setSBUpLow@@YAXPEAU__crt_multibyte_data@@@Z 000000018003392c     libucrt:mbctype.obj
 0004:00001938       $pdata$?setmbcp_internal@@YAHH_N@Z 0000000180033938     libucrt:mbctype.obj
 0004:00001944       $pdata$??R<lambda_ad1ced32f4ac17aa236e5ef05d6b3b7c>@@QEBAXXZ 0000000180033944     libucrt:mbctype.obj
 0004:00001950       $pdata$??$?RV<lambda_99476a1ad63dd22509b5d3e65b0ffc95>@@AEAV<lambda_ad1ced32f4ac17aa236e5ef05d6b3b7c>@@V<lambda_f7424dd8d45958661754dc4f2697e9c3>@@@?$__crt_seh_guarded_call@X@@QEAAX$$QEAV<lambda_99476a1ad63dd22509b5d3e65b0ffc95>@@AEAV<lambda_ad1ced32f4ac17aa236e5ef05d6b3b7c>@@$$QEAV<lambda_f7424dd8d45958661754dc4f2697e9c3>@@@Z 0000000180033950     libucrt:mbctype.obj
 0004:0000195c       $pdata$?x_ismbbtype_l@@YAHPEAU__crt_locale_pointers@@IHH@Z 000000018003395c     libucrt:ismbbyte.obj
 0004:00001968       $pdata$__acrt_initialize_command_line 0000000180033968     libucrt:argv_data.obj
 0004:00001974       $pdata$__dcrt_get_narrow_environment_from_os 0000000180033974     libucrt:get_environment_from_os.obj
 0004:00001980       $pdata$__acrt_initialize_heap 0000000180033980     libucrt:heap_handle.obj
 0004:0000198c       $pdata$__acrt_execute_initializers 000000018003398c     libucrt:shared_initialization.obj
 0004:00001998       $pdata$__acrt_execute_uninitializers 0000000180033998     libucrt:shared_initialization.obj
 0004:000019a4       $pdata$__acrt_get_sigabrt_handler 00000001800339a4     libucrt:signal.obj
 0004:000019b0       $pdata$raise               00000001800339b0     libucrt:signal.obj
 0004:000019bc       $pdata$raise$fin$0         00000001800339bc     libucrt:signal.obj
 0004:000019c8       $pdata$??$?RV<lambda_c36588078e9f5dfd39652860aa6b3aaf>@@AEAV<lambda_ec61778202f4f5fc7e7711acc23c3bca>@@V<lambda_dc9d2797ccde5d239b4a0efae8ebd7db>@@@?$__crt_seh_guarded_call@P6AXH@Z@@QEAAP6AXH@Z$$QEAV<lambda_c36588078e9f5dfd39652860aa6b3aaf>@@AEAV<lambda_ec61778202f4f5fc7e7711acc23c3bca>@@$$QEAV<lambda_dc9d2797ccde5d239b4a0efae8ebd7db>@@@Z 00000001800339c8     libucrt:signal.obj
 0004:000019d4       $pdata$__acrt_invoke_user_matherr 00000001800339d4     libucrt:matherr.obj
 0004:000019e0       $pdata$__pctype_func       00000001800339e0     libucrt:ctype.obj
 0004:000019ec       $pdata$iswctype            00000001800339ec     libucrt:iswctype.obj
 0004:000019f8       $pdata$_isctype_l          00000001800339f8     libucrt:isctype.obj
 0004:00001a04       $pdata$__acrt_release_locale_ref 0000000180033a04     libucrt:locale_refcounting.obj
 0004:00001a10       $pdata$__acrt_free_locale  0000000180033a10     libucrt:locale_refcounting.obj
 0004:00001a1c       $pdata$__acrt_locale_free_lc_time_if_unreferenced 0000000180033a1c     libucrt:locale_refcounting.obj
 0004:00001a28       $pdata$__acrt_update_thread_locale_data 0000000180033a28     libucrt:locale_refcounting.obj
 0004:00001a34       $pdata$_updatetlocinfoEx_nolock 0000000180033a34     libucrt:locale_refcounting.obj
 0004:00001a40       $pdata$__acrt_DownlevelLocaleNameToLCID 0000000180033a40     libucrt:lcidtoname_downlevel.obj
 0004:00001a4c       $pdata$?GetTableIndexFromLocaleName@@YAHPEB_W@Z 0000000180033a4c     libucrt:lcidtoname_downlevel.obj
 0004:00001a58       $pdata$_isleadbyte_l       0000000180033a58     libucrt:_wctype.obj
 0004:00001a64       $pdata$__acrt_LCMapStringA 0000000180033a64     libucrt:lcmapstringa.obj
 0004:00001a70       $pdata$?__acrt_LCMapStringA_stat@@YAHPEAU__crt_locale_pointers@@PEB_WKPEBDHPEADHHH@Z 0000000180033a70     libucrt:lcmapstringa.obj
 0004:00001a7c       $pdata$__acrt_fp_strflt_to_string 0000000180033a7c     libucrt:_fptostr.obj
 0004:00001a88       $pdata$memcpy_s            0000000180033a88     libucrt:cfout.obj
 0004:00001a94       $pdata$__acrt_fltout       0000000180033a94     libucrt:cfout.obj
 0004:00001aa0       $pdata$?divide@__crt_strtox@@YA_KAEAUbig_integer@1@AEBU21@@Z 0000000180033aa0     libucrt:cfout.obj
 0004:00001aac       $pdata$5$?divide@__crt_strtox@@YA_KAEAUbig_integer@1@AEBU21@@Z 0000000180033aac     libucrt:cfout.obj
 0004:00001ab8       $pdata$6$?divide@__crt_strtox@@YA_KAEAUbig_integer@1@AEBU21@@Z 0000000180033ab8     libucrt:cfout.obj
 0004:00001ac4       $pdata$_fcloseall          0000000180033ac4     libucrt:closeall.obj
 0004:00001ad0       $pdata$_fcloseall$fin$0    0000000180033ad0     libucrt:closeall.obj
 0004:00001adc       $pdata$_fflush_nolock      0000000180033adc     libucrt:fflush.obj
 0004:00001ae8       $pdata$__acrt_stdio_flush_nolock 0000000180033ae8     libucrt:fflush.obj
 0004:00001af4       $pdata$common_flush_all    0000000180033af4     libucrt:fflush.obj
 0004:00001b00       $pdata$common_flush_all$fin$0 0000000180033b00     libucrt:fflush.obj
 0004:00001b0c       $pdata$common_flush_all$fin$1 0000000180033b0c     libucrt:fflush.obj
 0004:00001b18       $pdata$__acrt_stdio_free_buffer_nolock 0000000180033b18     libucrt:_freebuf.obj
 0004:00001b24       $pdata$_isatty             0000000180033b24     libucrt:isatty.obj
 0004:00001b30       $pdata$__acrt_locale_free_monetary 0000000180033b30     libucrt:initmon.obj
 0004:00001b3c       $pdata$__acrt_locale_free_numeric 0000000180033b3c     libucrt:initnum.obj
 0004:00001b48       $pdata$__acrt_locale_free_time 0000000180033b48     libucrt:inittime.obj
 0004:00001b54       $pdata$?free_crt_array_internal@@YAXQEAPEBX_K@Z 0000000180033b54     libucrt:inittime.obj
 0004:00001b60       $pdata$__acrt_GetStringTypeA 0000000180033b60     libucrt:getstringtypea.obj
 0004:00001b6c       $pdata$_get_osfhandle      0000000180033b6c     libucrt:osfinfo.obj
 0004:00001b78       $pdata$_free_osfhnd        0000000180033b78     libucrt:osfinfo.obj
 0004:00001b84       $pdata$__acrt_lowio_create_handle_array 0000000180033b84     libucrt:osfinfo.obj
 0004:00001b90       $pdata$__acrt_lowio_destroy_handle_array 0000000180033b90     libucrt:osfinfo.obj
 0004:00001b9c       $pdata$__acrt_lowio_ensure_fh_exists 0000000180033b9c     libucrt:osfinfo.obj
 0004:00001ba8       $pdata$qsort               0000000180033ba8     libucrt:qsort.obj
 0004:00001bb4       $pdata$4$qsort             0000000180033bb4     libucrt:qsort.obj
 0004:00001bc0       $pdata$5$qsort             0000000180033bc0     libucrt:qsort.obj
 0004:00001bcc       $pdata$?shortsort@@YAXPEAD0_KP6AHPEBX2@Z@Z 0000000180033bcc     libucrt:qsort.obj
 0004:00001bd8       $pdata$2$?shortsort@@YAXPEAD0_KP6AHPEBX2@Z@Z 0000000180033bd8     libucrt:qsort.obj
 0004:00001be4       $pdata$3$?shortsort@@YAXPEAD0_KP6AHPEBX2@Z@Z 0000000180033be4     libucrt:qsort.obj
 0004:00001bf0       $pdata$strncpy_s           0000000180033bf0     libucrt:strncpy_s.obj
 0004:00001bfc       $pdata$strpbrk             0000000180033bfc     libucrt:strpbrk.obj
 0004:00001c08       $pdata$_mbsdec_l           0000000180033c08     libucrt:mbsdec.obj
 0004:00001c14       $pdata$?initialize_multibyte@@YAHXZ 0000000180033c14     libucrt:multibyte_initializer.obj
 0004:00001c20       $pdata$fegetenv            0000000180033c20     libucrt:fegetenv.obj
 0004:00001c2c       $pdata$fesetenv            0000000180033c2c     libucrt:fesetenv.obj
 0004:00001c38       $pdata$feholdexcept        0000000180033c38     libucrt:feholdexcept.obj
 0004:00001c50       $pdata$_write              0000000180033c50     libucrt:write.obj
 0004:00001c5c       $pdata$_write$fin$0        0000000180033c5c     libucrt:write.obj
 0004:00001c68       $pdata$_write_nolock       0000000180033c68     libucrt:write.obj
 0004:00001c74       $pdata$?write_double_translated_ansi_nolock@@YA?AUwrite_result@?A0x9c548279@@HQEBDI@Z 0000000180033c74     libucrt:write.obj
 0004:00001c80       $pdata$?write_text_ansi_nolock@@YA?AUwrite_result@?A0x9c548279@@HQEBDI@Z 0000000180033c80     libucrt:write.obj
 0004:00001c8c       $pdata$?write_text_utf16le_nolock@@YA?AUwrite_result@?A0x9c548279@@HQEBDI@Z 0000000180033c8c     libucrt:write.obj
 0004:00001c98       $pdata$?write_text_utf8_nolock@@YA?AUwrite_result@?A0x9c548279@@HQEBDI@Z 0000000180033c98     libucrt:write.obj
 0004:00001ca4       $pdata$??$common_lseek_nolock@_J@@YA_JH_JH@Z 0000000180033ca4     libucrt:lseek.obj
 0004:00001cb0       $pdata$fclose              0000000180033cb0     libucrt:fclose.obj
 0004:00001cbc       $pdata$fclose$fin$0        0000000180033cbc     libucrt:fclose.obj
 0004:00001cc8       $pdata$_fclose_nolock      0000000180033cc8     libucrt:fclose.obj
 0004:00001cd4       $pdata$_commit             0000000180033cd4     libucrt:commit.obj
 0004:00001ce0       $pdata$??$?RV<lambda_b521505b218e5242e90febf6bfebc422>@@AEAV<lambda_6978c1fb23f02e42e1d9e99668cc68aa>@@V<lambda_314360699dd331753a4119843814e9a7>@@@?$__crt_seh_guarded_call@H@@QEAAH$$QEAV<lambda_b521505b218e5242e90febf6bfebc422>@@AEAV<lambda_6978c1fb23f02e42e1d9e99668cc68aa>@@$$QEAV<lambda_314360699dd331753a4119843814e9a7>@@@Z 0000000180033ce0     libucrt:commit.obj
 0004:00001cec       $pdata$?fin$0@?0???$?RV<lambda_bfedae4ebbf01fab1bb6dcc6a9e276e0>@@AEAV<lambda_2fe9b910cf3cbf4a0ab98a02ba45b3ec>@@V<lambda_237c231691f317818eb88cc1d5d642d6>@@@?$__crt_seh_guarded_call@H@@QEAAH$$QEAV<lambda_bfedae4ebbf01fab1bb6dcc6a9e276e0>@@AEAV<lambda_2fe9b910cf3cbf4a0ab98a02ba45b3ec>@@$$QEAV<lambda_237c231691f317818eb88cc1d5d642d6>@@@Z@4HA 0000000180033cec     libucrt:close.obj
 0004:00001cec       $pdata$?fin$0@?0???$?RV<lambda_b521505b218e5242e90febf6bfebc422>@@AEAV<lambda_6978c1fb23f02e42e1d9e99668cc68aa>@@V<lambda_314360699dd331753a4119843814e9a7>@@@?$__crt_seh_guarded_call@H@@QEAAH$$QEAV<lambda_b521505b218e5242e90febf6bfebc422>@@AEAV<lambda_6978c1fb23f02e42e1d9e99668cc68aa>@@$$QEAV<lambda_314360699dd331753a4119843814e9a7>@@@Z@4HA 0000000180033cec     libucrt:commit.obj
 0004:00001cf8       $pdata$_setfpstatusword    0000000180033cf8     libucrt:_fenvutils.obj
 0004:00001d04       $pdata$_getfpcontrolword   0000000180033d04     libucrt:_fenvutils.obj
 0004:00001d10       $pdata$_getfpstatusword    0000000180033d10     libucrt:_fenvutils.obj
 0004:00001d1c       $pdata$_clearfp            0000000180033d1c     libucrt:ieee.obj
 0004:00001d28       $pdata$common_control87    0000000180033d28     libucrt:ieee.obj
 0004:00001d34       $pdata$common_control87$filt$0 0000000180033d34     libucrt:ieee.obj
 0004:00001d34       $pdata$_ctrlfp$filt$0      0000000180033d34     libucrt:fpctrl.obj
 0004:00001d40       $pdata$_call_matherr       0000000180033d40     libucrt:libm_error.obj
 0004:00001d4c       $pdata$_exception_enabled  0000000180033d4c     libucrt:libm_error.obj
 0004:00001d58       $pdata$_handle_error       0000000180033d58     libucrt:libm_error.obj
 0004:00001d64       $pdata$__acrt_initialize_fma3 0000000180033d64     libucrt:fma3_available.obj
 0004:00001d70       $pdata$_log_special_common 0000000180033d70     libucrt:log_special.obj
 0004:00001d7c       $pdata$_log10_special      0000000180033d7c     libucrt:log_special.obj
 0004:00001d88       $pdata$_putwch_nolock      0000000180033d88     libucrt:putwch.obj
 0004:00001d94       $pdata$_close              0000000180033d94     libucrt:close.obj
 0004:00001da0       $pdata$_close_nolock       0000000180033da0     libucrt:close.obj
 0004:00001dac       $pdata$??$?RV<lambda_bfedae4ebbf01fab1bb6dcc6a9e276e0>@@AEAV<lambda_2fe9b910cf3cbf4a0ab98a02ba45b3ec>@@V<lambda_237c231691f317818eb88cc1d5d642d6>@@@?$__crt_seh_guarded_call@H@@QEAAH$$QEAV<lambda_bfedae4ebbf01fab1bb6dcc6a9e276e0>@@AEAV<lambda_2fe9b910cf3cbf4a0ab98a02ba45b3ec>@@$$QEAV<lambda_237c231691f317818eb88cc1d5d642d6>@@@Z 0000000180033dac     libucrt:close.obj
 0004:00001dc4       $pdata$_set_errno_from_matherr 0000000180033dc4     libucrt:fpexcept.obj
 0004:00001dd0       $pdata$_raise_exc          0000000180033dd0     libucrt:fpexcept.obj
 0004:00001ddc       $pdata$_raise_exc_ex       0000000180033ddc     libucrt:fpexcept.obj
 0004:00001de8       $pdata$_clrfp              0000000180033de8     libucrt:fpctrl.obj
 0004:00001df4       $pdata$_ctrlfp             0000000180033df4     libucrt:fpctrl.obj
 0004:00001e00       $pdata$_statfp             0000000180033e00     libucrt:fpctrl.obj
 0004:00001e0c       $pdata$_set_statfp         0000000180033e0c     libucrt:fpctrl.obj
 0004:00001e18       $pdata$__dcrt_lowio_initialize_console_output 0000000180033e18     libucrt:initcon.obj
 0004:00001e24       $pdata$__dcrt_terminate_console_output 0000000180033e24     libucrt:initcon.obj
 0004:00001e30       $pdata$_IsNonwritableInCurrentImage 0000000180033e30     LIBCMT:pesect.obj
 0004:00001e3c       $pdata$_IsNonwritableInCurrentImage$filt$0 0000000180033e3c     LIBCMT:pesect.obj
 0004:00001e48       $pdata$strrchr             0000000180033e48     libvcruntime:strrchr.obj
 0005:00000220       $R000000                   0000000180034220     Scanner.res
 0005:00000b80       $R000960                   0000000180034b80     Scanner.res
 0005:00000c68       $R000A48                   0000000180034c68     Scanner.res
 0005:00000ed0       $R000CB0                   0000000180034ed0     Scanner.res
 0005:000013e0       $R0011C0                   00000001800353e0     Scanner.res
 0005:00003c00       $R0039E0                   0000000180037c00     Scanner.res
 0005:00003c30       $R003A10                   0000000180037c30     Scanner.res
