 OPOSImageScanner

 Timestamp is 5b863d91 (Wed Aug 29 15:30:41 2018)

 Preferred load address is 0000000180000000

 Start         Length     Name                   Class
 0001:00000000 000000c0H .text$di                CODE
 0001:000000c0 0001f830H .text$mn                CODE
 0001:0001f8f0 00000020H .text$mn$00             CODE
 0001:0001f910 00000400H .text$x                 CODE
 0001:0001fd10 000000c0H .text$yd                CODE
 0002:00000000 00000618H .idata$5                DATA
 0002:00000618 00000010H .00cfg                  DATA
 0002:00000628 00000008H .CRT$XCA                DATA
 0002:00000630 00000008H .CRT$XCL                DATA
 0002:00000638 00000020H .CRT$XCU                DATA
 0002:00000658 00000008H .CRT$XCZ                DATA
 0002:00000660 00000008H .CRT$XIA                DATA
 0002:00000668 00000020H .CRT$XIC                DATA
 0002:00000688 00000008H .CRT$XIZ                DATA
 0002:00000690 00000008H .CRT$XLA                DATA
 0002:00000698 00000008H .CRT$XLZ                DATA
 0002:000006a0 00000008H .CRT$XPA                DATA
 0002:000006a8 00000010H .CRT$XPX                DATA
 0002:000006b8 00000008H .CRT$XPXA               DATA
 0002:000006c0 00000008H .CRT$XPZ                DATA
 0002:000006c8 00000008H .CRT$XTA                DATA
 0002:000006d0 00000010H .CRT$XTZ                DATA
 0002:000006d8 00000000H .gfids$y                DATA
 0002:000006e0 0000a140H .rdata                  DATA
 0002:0000a820 00000028H .rdata$T                DATA
 0002:0000a848 00000274H .rdata$r                DATA
 0002:0000aabc 000003fcH .rdata$zzzdbg           DATA
 0002:0000aeb8 00000008H .rtc$IAA                DATA
 0002:0000aec0 00000008H .rtc$IZZ                DATA
 0002:0000aec8 00000008H .rtc$TAA                DATA
 0002:0000aed0 00000008H .rtc$TZZ                DATA
 0002:0000aed8 00000004H .tls                    DATA
 0002:0000aedc 00000004H .tls$                   DATA
 0002:0000aee0 00000008H .tls$ZZZ                DATA
 0002:0000aee8 00001698H .xdata                  DATA
 0002:0000c580 00000150H .xdata$x                DATA
 0002:0000c6d0 00000008H ATL$__a                 DATA
 0002:0000c6d8 00000008H ATL$__z                 DATA
 0002:0000c6e0 000000b0H .edata                  DATA
 0002:0000c790 00000078H .idata$2                DATA
 0002:0000c808 00000018H .idata$3                DATA
 0002:0000c820 00000618H .idata$4                DATA
 0002:0000ce38 00000c1cH .idata$6                DATA
 0003:00000000 00000c58H .data                   DATA
 0003:00000c58 000000c8H .data$r                 DATA
 0003:00000d20 000013fcH .bss                    DATA
 0004:00000000 00001efcH .pdata                  DATA
 0005:00000000 00000220H .rsrc$01                DATA
 0005:00000220 00004350H .rsrc$02                DATA

  Address         Publics by Value              Rva+Base               Lib:Object

 0000:00000000       __hybrid_code_map_count    0000000000000000     <absolute>
 0000:00000000       __hybrid_code_map          0000000000000000     <absolute>
 0000:00000000       __guard_longjmp_count      0000000000000000     <absolute>
 0000:00000000       __guard_iat_count          0000000000000000     <absolute>
 0000:00000000       __guard_longjmp_table      0000000000000000     <absolute>
 0000:00000000       __volatile_metadata        0000000000000000     <absolute>
 0000:00000000       __guard_iat_table          0000000000000000     <absolute>
 0000:00000000       __guard_fids_count         0000000000000000     <absolute>
 0000:00000000       __enclave_config           0000000000000000     <absolute>
 0000:00000000       ___safe_se_handler_count   0000000000000000     <absolute>
 0000:00000000       ___safe_se_handler_table   0000000000000000     <absolute>
 0000:00000000       __guard_fids_table         0000000000000000     <absolute>
 0000:00000000       __hybrid_auxiliary_iat     0000000000000000     <absolute>
 0000:00000000       __dynamic_value_reloc_table 0000000000000000     <absolute>
 0000:00000100       __guard_flags              0000000000000100     <absolute>
 0000:00000000       __ImageBase                0000000180000000     <linker-defined>
 0001:000000c0       ?DupWide@_CW@@AEAAXXZ      00000001800010c0 f   CWString.obj
 0001:000000e8       ?cw_dup@@YAXPEBDAEAHAEAPEA_W1@Z 00000001800010e8 f   CWString.obj
 0001:00000194       ?cw_memcpy@@YAHPEA_WPEBDH@Z 0000000180001194 f   CWString.obj
 0001:000001e0       ?cw_strcpy@@YAHPEA_WPEBD@Z 00000001800011e0 f   CWString.obj
 0001:000001f4       ??0CAtlComModule@ATL@@QEAA@XZ 00000001800011f4 f i OposVariant.obj
 0001:0000027c       ??0CAtlWinModule@ATL@@QEAA@XZ 000000018000127c f i OposVariant.obj
 0001:000002f0       ??0OposDispParms@@QEAA@PEAVOposVariant@@H@Z 00000001800012f0 f   OposVariant.obj
 0001:00000398       ??1OposDispParms@@QEAA@XZ  0000000180001398 f   OposVariant.obj
 0001:000003b0       ??_Estringdispid@CComTypeInfoHolder@ATL@@QEAAPEAXI@Z 00000001800013b0 f i OposVariant.obj
 0001:00000454       ?AtlWinModuleTerm@ATL@@YAJPEAU_ATL_WIN_MODULE70@1@PEAUHINSTANCE__@@@Z 0000000180001454 f i OposVariant.obj
 0001:00000504       ?ChangeBSTR@OposVariant@@QEAAXPEAPEA_WAEAJ@Z 0000000180001504 f   OposVariant.obj
 0001:00000564       ?ChangeLONG@OposVariant@@QEAAXPEAJAEAJ@Z 0000000180001564 f   OposVariant.obj
 0001:000005c0       ?GetLONG@OposVariant@@QEAAJXZ 00000001800015c0 f   OposVariant.obj
 0001:000005e4       ?SetBSTR@OposVariant@@QEAAXPEA_WAEAJ@Z 00000001800015e4 f   OposVariant.obj
 0001:00000624       ?SetBSTR_Copy@OposVariant@@QEAAXPEA_WAEAJ@Z 0000000180001624 f   OposVariant.obj
 0001:00000694       ?SetBSTR_InOutPtr@OposVariant@@QEAA_NPEAPEA_WAEAJ@Z 0000000180001694 f   OposVariant.obj
 0001:000006e4       ?SetDispatch_Ptr@OposVariant@@QEAAXPEAUIDispatch@@AEAJ@Z 00000001800016e4 f   OposVariant.obj
 0001:0000073c       ?SetLONG@OposVariant@@QEAAXJ@Z 000000018000173c f   OposVariant.obj
 0001:0000076c       ?SetLONG_Ptr@OposVariant@@QEAAXPEAJAEAJ@Z 000000018000176c f   OposVariant.obj
 0001:000007b8       ?SetString@OposVariant@@QEAAXPEB_WAEAJ@Z 00000001800017b8 f   OposVariant.obj
 0001:0000081c       ?SetVARIANT_BOOL@OposVariant@@QEAAXF@Z 000000018000181c f   OposVariant.obj
 0001:00000854       ?Term@CAtlComModule@ATL@@QEAAXXZ 0000000180001854 f i OposVariant.obj
 0001:000008c4       ?_AtlInitializeCriticalSectionEx@ATL@@YAHPEAU_RTL_CRITICAL_SECTION@@KK@Z 00000001800018c4 f i OposVariant.obj
 0001:000008cc       ?_AtlRaiseException@ATL@@YAXKK@Z 00000001800018cc f i OposVariant.obj
 0001:000008dc       ?CreateInstance@?$CComCreator@V?$CComObjectCached@VCComClassFactory@ATL@@@ATL@@@ATL@@SAJPEAXAEBU_GUID@@PEAPEAX@Z 00000001800018dc f i ImageScanner.obj
 0001:000009dc       ?CreateInstance@?$CComCreator2@V?$CComCreator@V?$CComObject@VCOPOSImageScanner@@@ATL@@@ATL@@V?$CComCreator@V?$CComAggObject@VCOPOSImageScanner@@@ATL@@@2@@ATL@@SAJPEAXAEBU_GUID@@PEAPEAX@Z 00000001800019dc f i ImageScanner.obj
 0001:000009ec       ?OnMnemonic@?$IOleControlImpl@VCOPOSImageScanner@@@ATL@@UEAAJPEAUtagMSG@@@Z 00000001800019ec f i ImageScanner.obj
 0001:000009ec       ?QueryGetData@?$IDataObjectImpl@VCOPOSImageScanner@@@ATL@@UEAAJPEAUtagFORMATETC@@@Z 00000001800019ec f i ImageScanner.obj
 0001:000009ec       ?GetMoniker@?$IOleObjectImpl@VCOPOSImageScanner@@@ATL@@UEAAJKKPEAPEAUIMoniker@@@Z 00000001800019ec f i ImageScanner.obj
 0001:000009ec       ?GetDataHere@?$IDataObjectImpl@VCOPOSImageScanner@@@ATL@@UEAAJPEAUtagFORMATETC@@PEAUtagSTGMEDIUM@@@Z 00000001800019ec f i ImageScanner.obj
 0001:000009ec       ?QueryInterface@CRegObject@ATL@@UEAAJAEBU_GUID@@PEAPEAX@Z 00000001800019ec f i ImageScanner.obj
 0001:000009ec       ?EnumFormatEtc@?$IDataObjectImpl@VCOPOSImageScanner@@@ATL@@UEAAJKPEAPEAUIEnumFORMATETC@@@Z 00000001800019ec f i ImageScanner.obj
 0001:000009ec       ?SetData@?$IDataObjectImpl@VCOPOSImageScanner@@@ATL@@UEAAJPEAUtagFORMATETC@@PEAUtagSTGMEDIUM@@H@Z 00000001800019ec f i ImageScanner.obj
 0001:000009ec       ?ReactivateAndUndo@?$IOleInPlaceObjectWindowlessImpl@VCOPOSImageScanner@@@ATL@@UEAAJXZ 00000001800019ec f i ImageScanner.obj
 0001:000009ec       ?SetMoniker@?$IOleObjectImpl@VCOPOSImageScanner@@@ATL@@UEAAJKPEAUIMoniker@@@Z 00000001800019ec f i ImageScanner.obj
 0001:000009ec       ?GetClipboardData@?$IOleObjectImpl@VCOPOSImageScanner@@@ATL@@UEAAJKPEAPEAUIDataObject@@@Z 00000001800019ec f i ImageScanner.obj
 0001:000009ec       ?GetCanonicalFormatEtc@?$IDataObjectImpl@VCOPOSImageScanner@@@ATL@@UEAAJPEAUtagFORMATETC@@0@Z 00000001800019ec f i ImageScanner.obj
 0001:000009ec       ?GetRect@?$IViewObjectExImpl@VCOPOSImageScanner@@@ATL@@UEAAJKPEAU_RECTL@@@Z 00000001800019ec f i ImageScanner.obj
 0001:000009ec       ?Freeze@?$IViewObjectExImpl@VCOPOSImageScanner@@@ATL@@UEAAJKJPEAXPEAK@Z 00000001800019ec f i ImageScanner.obj
 0001:000009ec       ?ContextSensitiveHelp@?$IOleInPlaceActiveObjectImpl@VCOPOSImageScanner@@@ATL@@UEAAJH@Z 00000001800019ec f i ImageScanner.obj
 0001:000009ec       ?SOOutputCompleteDummy@COPOSImageScanner@@MEAAJJ@Z 00000001800019ec f i ImageScanner.obj
 0001:000009ec       ?GetDropTarget@?$IOleInPlaceObjectWindowlessImpl@VCOPOSImageScanner@@@ATL@@UEAAJPEAPEAUIDropTarget@@@Z 00000001800019ec f i ImageScanner.obj
 0001:000009ec       ?SetColorScheme@?$IOleObjectImpl@VCOPOSImageScanner@@@ATL@@UEAAJPEAUtagLOGPALETTE@@@Z 00000001800019ec f i ImageScanner.obj
 0001:000009ec       ?InitFromData@?$IOleObjectImpl@VCOPOSImageScanner@@@ATL@@UEAAJPEAUIDataObject@@HK@Z 00000001800019ec f i ImageScanner.obj
 0001:000009ec       ?Unfreeze@?$IViewObjectExImpl@VCOPOSImageScanner@@@ATL@@UEAAJK@Z 00000001800019ec f i ImageScanner.obj
 0001:000009ec       ?GetColorSet@?$IViewObjectExImpl@VCOPOSImageScanner@@@ATL@@UEAAJKJPEAXPEAUtagDVTARGETDEVICE@@PEAUHDC__@@PEAPEAUtagLOGPALETTE@@@Z 00000001800019ec f i ImageScanner.obj
 0001:000009ec       ?GetControlInfo@?$IOleControlImpl@VCOPOSImageScanner@@@ATL@@UEAAJPEAUtagCONTROLINFO@@@Z 00000001800019ec f i ImageScanner.obj
 0001:000009ec       ?ContextSensitiveHelp@?$IOleInPlaceObjectWindowlessImpl@VCOPOSImageScanner@@@ATL@@UEAAJH@Z 00000001800019ec f i ImageScanner.obj
 0001:000009f4       ?AddRef@CRegObject@ATL@@UEAAKXZ 00000001800019f4 f i ImageScanner.obj
 0001:000009f4       ?FAccessAllowed@?$IObjectSafetyImpl@VCOPOSImageScanner@@$02@ATL@@MEAAHXZ 00000001800019f4 f i ImageScanner.obj
 0001:000009fc       ?EnableModeless@?$IOleInPlaceActiveObjectImpl@VCOPOSImageScanner@@@ATL@@UEAAJH@Z 00000001800019fc f i ImageScanner.obj
 0001:000009fc       ?GetCategoryMap@CComObjectRootBase@ATL@@SAPEBU_ATL_CATMAP_ENTRY@2@XZ 00000001800019fc f i ImageScanner.obj
 0001:000009fc       ?GetObjectDescription@?$CComCoClass@VCOPOSImageScanner@@$1?CLSID_OPOSImageScanner@@3U_GUID@@B@ATL@@SAPEB_WXZ 00000001800019fc f i ImageScanner.obj
 0001:000009fc       ?Update@?$IOleObjectImpl@VCOPOSImageScanner@@@ATL@@UEAAJXZ 00000001800019fc f i ImageScanner.obj
 0001:000009fc       ?ResizeBorder@?$IOleInPlaceActiveObjectImpl@VCOPOSImageScanner@@@ATL@@UEAAJPEBUtagRECT@@PEAUIOleInPlaceUIWindow@@H@Z 00000001800019fc f i ImageScanner.obj
 0001:000009fc       ?SaveCompleted@?$IPersistStorageImpl@VCOPOSImageScanner@@@ATL@@UEAAJPEAUIStorage@@@Z 00000001800019fc f i ImageScanner.obj
 0001:000009fc       ?Release@CRegObject@ATL@@UEAAKXZ 00000001800019fc f i ImageScanner.obj
 0001:000009fc       ?OnFrameWindowActivate@?$IOleInPlaceActiveObjectImpl@VCOPOSImageScanner@@@ATL@@UEAAJH@Z 00000001800019fc f i ImageScanner.obj
 0001:000009fc       ?HandsOffStorage@?$IPersistStorageImpl@VCOPOSImageScanner@@@ATL@@UEAAJXZ 00000001800019fc f i ImageScanner.obj
 0001:000009fc       ?SetHostNames@?$IOleObjectImpl@VCOPOSImageScanner@@@ATL@@UEAAJPEB_W0@Z 00000001800019fc f i ImageScanner.obj
 0001:000009fc       ?IsUpToDate@?$IOleObjectImpl@VCOPOSImageScanner@@@ATL@@UEAAJXZ 00000001800019fc f i ImageScanner.obj
 0001:000009fc       ?OnAmbientPropertyChange@?$IOleControlImpl@VCOPOSImageScanner@@@ATL@@UEAAJJ@Z 00000001800019fc f i ImageScanner.obj
 0001:00000a00       ?AddReplacement@CRegObject@ATL@@UEAAJPEB_W0@Z 0000000180001a00 f i ImageScanner.obj
 0001:00000a30       ?ClearReplacements@CRegObject@ATL@@UEAAJXZ 0000000180001a30 f i ImageScanner.obj
 0001:00000a3c       ??_GCRegObject@ATL@@UEAAPEAXI@Z 0000000180001a3c f i ImageScanner.obj
 0001:00000a3c       ??_ECRegObject@ATL@@UEAAPEAXI@Z 0000000180001a3c f i ImageScanner.obj
 0001:00000abc       ?Next@?$CComEnumImpl@UIEnumConnectionPoints@@$1?_GUID_b196b285_bab4_101a_b69c_00aa00341d07@@3U__s_GUID@@BPEAUIConnectionPoint@@V?$_CopyInterface@UIConnectionPoint@@@ATL@@@ATL@@UEAAJKPEAPEAUIConnectionPoint@@PEAK@Z 0000000180001abc f i ImageScanner.obj
 0001:00000b88       ?Skip@?$CComEnumImpl@UIEnumConnectionPoints@@$1?_GUID_b196b285_bab4_101a_b69c_00aa00341d07@@3U__s_GUID@@BPEAUIConnectionPoint@@V?$_CopyInterface@UIConnectionPoint@@@ATL@@@ATL@@UEAAJK@Z 0000000180001b88 f i ImageScanner.obj
 0001:00000bb4       ?Reset@?$CComEnumImpl@UIEnumConnectionPoints@@$1?_GUID_b196b285_bab4_101a_b69c_00aa00341d07@@3U__s_GUID@@BPEAUIConnectionPoint@@V?$_CopyInterface@UIConnectionPoint@@@ATL@@@ATL@@UEAAJXZ 0000000180001bb4 f i ImageScanner.obj
 0001:00000bb4       ?Reset@?$CComEnumImpl@UIEnumConnections@@$1?_GUID_b196b287_bab4_101a_b69c_00aa00341d07@@3U__s_GUID@@BUtagCONNECTDATA@@V?$_Copy@UtagCONNECTDATA@@@ATL@@@ATL@@UEAAJXZ 0000000180001bb4 f i ImageScanner.obj
 0001:00000bc0       ?Clone@?$CComEnumImpl@UIEnumConnectionPoints@@$1?_GUID_b196b285_bab4_101a_b69c_00aa00341d07@@3U__s_GUID@@BPEAUIConnectionPoint@@V?$_CopyInterface@UIConnectionPoint@@@ATL@@@ATL@@UEAAJPEAPEAUIEnumConnectionPoints@@@Z 0000000180001bc0 f i ImageScanner.obj
 0001:00000ce8       ?AddRef@?$CComObject@V?$CComEnum@UIEnumConnections@@$1?_GUID_b196b287_bab4_101a_b69c_00aa00341d07@@3U__s_GUID@@BUtagCONNECTDATA@@V?$_Copy@UtagCONNECTDATA@@@ATL@@VCComSingleThreadModel@6@@ATL@@@ATL@@UEAAKXZ 0000000180001ce8 f i ImageScanner.obj
 0001:00000ce8       ?AddRef@?$CComObject@V?$CComEnum@UIEnumConnectionPoints@@$1?_GUID_b196b285_bab4_101a_b69c_00aa00341d07@@3U__s_GUID@@BPEAUIConnectionPoint@@V?$_CopyInterface@UIConnectionPoint@@@ATL@@VCComSingleThreadModel@6@@ATL@@@ATL@@UEAAKXZ 0000000180001ce8 f i ImageScanner.obj
 0001:00000cf4       ?Release@?$CComObject@V?$CComEnum@UIEnumConnections@@$1?_GUID_b196b287_bab4_101a_b69c_00aa00341d07@@3U__s_GUID@@BUtagCONNECTDATA@@V?$_Copy@UtagCONNECTDATA@@@ATL@@VCComSingleThreadModel@6@@ATL@@@ATL@@UEAAKXZ 0000000180001cf4 f i ImageScanner.obj
 0001:00000cf4       ?Release@?$CComObject@V?$CComEnum@UIEnumConnectionPoints@@$1?_GUID_b196b285_bab4_101a_b69c_00aa00341d07@@3U__s_GUID@@BPEAUIConnectionPoint@@V?$_CopyInterface@UIConnectionPoint@@@ATL@@VCComSingleThreadModel@6@@ATL@@@ATL@@UEAAKXZ 0000000180001cf4 f i ImageScanner.obj
 0001:00000d48       ?QueryInterface@?$CComObject@V?$CComEnum@UIEnumConnectionPoints@@$1?_GUID_b196b285_bab4_101a_b69c_00aa00341d07@@3U__s_GUID@@BPEAUIConnectionPoint@@V?$_CopyInterface@UIConnectionPoint@@@ATL@@VCComSingleThreadModel@6@@ATL@@@ATL@@UEAAJAEBU_GUID@@PEAPEAX@Z 0000000180001d48 f i ImageScanner.obj
 0001:00000d5c       ??_E?$CComObject@V?$CComEnum@UIEnumConnectionPoints@@$1?_GUID_b196b285_bab4_101a_b69c_00aa00341d07@@3U__s_GUID@@BPEAUIConnectionPoint@@V?$_CopyInterface@UIConnectionPoint@@@ATL@@VCComSingleThreadModel@6@@ATL@@@ATL@@UEAAPEAXI@Z 0000000180001d5c f i ImageScanner.obj
 0001:00000d5c       ??_G?$CComObject@V?$CComEnum@UIEnumConnectionPoints@@$1?_GUID_b196b285_bab4_101a_b69c_00aa00341d07@@3U__s_GUID@@BPEAUIConnectionPoint@@V?$_CopyInterface@UIConnectionPoint@@@ATL@@VCComSingleThreadModel@6@@ATL@@@ATL@@UEAAPEAXI@Z 0000000180001d5c f i ImageScanner.obj
 0001:00000db4       ?AddRef@?$CComObjectCached@VCComClassFactory@ATL@@@ATL@@UEAAKXZ 0000000180001db4 f i ImageScanner.obj
 0001:00000de0       ?Release@?$CComObjectCached@VCComClassFactory@ATL@@@ATL@@UEAAKXZ 0000000180001de0 f i ImageScanner.obj
 0001:00000e20       ?QueryInterface@?$CComObjectCached@VCComClassFactory@ATL@@@ATL@@UEAAJAEBU_GUID@@PEAPEAX@Z 0000000180001e20 f i ImageScanner.obj
 0001:00000e34       ??_E?$CComObjectCached@VCComClassFactory@ATL@@@ATL@@UEAAPEAXI@Z 0000000180001e34 f i ImageScanner.obj
 0001:00000e34       ??_G?$CComObjectCached@VCComClassFactory@ATL@@@ATL@@UEAAPEAXI@Z 0000000180001e34 f i ImageScanner.obj
 0001:00000e8c       ?AddRef@?$CComAggObject@VCOPOSImageScanner@@@ATL@@UEAAKXZ 0000000180001e8c f i ImageScanner.obj
 0001:00000e98       ?Release@?$CComAggObject@VCOPOSImageScanner@@@ATL@@UEAAKXZ 0000000180001e98 f i ImageScanner.obj
 0001:00000eec       ?QueryInterface@?$CComAggObject@VCOPOSImageScanner@@@ATL@@UEAAJAEBU_GUID@@PEAPEAX@Z 0000000180001eec f i ImageScanner.obj
 0001:00000f4c       ?AddRef@?$CComContainedObject@VCOPOSImageScanner@@@ATL@@UEAAKXZ 0000000180001f4c f i ImageScanner.obj
 0001:00000f5c       ?Release@?$CComContainedObject@VCOPOSImageScanner@@@ATL@@UEAAKXZ 0000000180001f5c f i ImageScanner.obj
 0001:00000f6c       ?QueryInterface@?$CComContainedObject@VCOPOSImageScanner@@@ATL@@UEAAJAEBU_GUID@@PEAPEAX@Z 0000000180001f6c f i ImageScanner.obj
 0001:00000f7c       ??_G?$CComAggObject@VCOPOSImageScanner@@@ATL@@UEAAPEAXI@Z 0000000180001f7c f i ImageScanner.obj
 0001:00000f7c       ??_E?$CComAggObject@VCOPOSImageScanner@@@ATL@@UEAAPEAXI@Z 0000000180001f7c f i ImageScanner.obj
 0001:00000fd4       ?AddRef@?$CComObject@VCOPOSImageScanner@@@ATL@@UEAAKXZ 0000000180001fd4 f i ImageScanner.obj
 0001:00000fe4       ?Release@?$CComObject@VCOPOSImageScanner@@@ATL@@UEAAKXZ 0000000180001fe4 f i ImageScanner.obj
 0001:0000103c       ?QueryInterface@?$CComObject@VCOPOSImageScanner@@@ATL@@UEAAJAEBU_GUID@@PEAPEAX@Z 000000018000203c f i ImageScanner.obj
 0001:00001050       ?OnDrawAdvanced@CComControlBase@ATL@@UEAAJAEAUATL_DRAWINFO@@@Z 0000000180002050 f i ImageScanner.obj
 0001:00001170       ?ObjectMain@CComObjectRootBase@ATL@@SAX_N@Z 0000000180002170 f i ImageScanner.obj
 0001:00001170       ?OnFinalMessage@?$CWindowImplBaseT@VCWindow@ATL@@V?$CWinTraits@$0FGAAAAAA@$0A@@2@@ATL@@UEAAXPEAUHWND__@@@Z 0000000180002170 f i ImageScanner.obj
 0001:00001174       ?CreateInstance@CComClassFactory@ATL@@UEAAJPEAUIUnknown@@AEBU_GUID@@PEAPEAX@Z 0000000180002174 f i ImageScanner.obj
 0001:000011d4       ?LockServer@CComClassFactory@ATL@@UEAAJH@Z 00000001800021d4 f i ImageScanner.obj
 0001:000011f8       ?Next@?$CComEnumImpl@UIEnumConnections@@$1?_GUID_b196b287_bab4_101a_b69c_00aa00341d07@@3U__s_GUID@@BUtagCONNECTDATA@@V?$_Copy@UtagCONNECTDATA@@@ATL@@@ATL@@UEAAJKPEAUtagCONNECTDATA@@PEAK@Z 00000001800021f8 f i ImageScanner.obj
 0001:000012cc       ?Skip@?$CComEnumImpl@UIEnumConnections@@$1?_GUID_b196b287_bab4_101a_b69c_00aa00341d07@@3U__s_GUID@@BUtagCONNECTDATA@@V?$_Copy@UtagCONNECTDATA@@@ATL@@@ATL@@UEAAJK@Z 00000001800022cc f i ImageScanner.obj
 0001:000012f8       ??_ECComClassFactory@ATL@@UEAAPEAXI@Z 00000001800022f8 f i ImageScanner.obj
 0001:000012f8       ??_GCComClassFactory@ATL@@UEAAPEAXI@Z 00000001800022f8 f i ImageScanner.obj
 0001:00001348       ?Clone@?$CComEnumImpl@UIEnumConnections@@$1?_GUID_b196b287_bab4_101a_b69c_00aa00341d07@@3U__s_GUID@@BUtagCONNECTDATA@@V?$_Copy@UtagCONNECTDATA@@@ATL@@@ATL@@UEAAJPEAPEAUIEnumConnections@@@Z 0000000180002348 f i ImageScanner.obj
 0001:00001470       ?QueryInterface@?$CComObject@V?$CComEnum@UIEnumConnections@@$1?_GUID_b196b287_bab4_101a_b69c_00aa00341d07@@3U__s_GUID@@BUtagCONNECTDATA@@V?$_Copy@UtagCONNECTDATA@@@ATL@@VCComSingleThreadModel@6@@ATL@@@ATL@@UEAAJAEBU_GUID@@PEAPEAX@Z 0000000180002470 f i ImageScanner.obj
 0001:00001484       ??_E?$CComObject@V?$CComEnum@UIEnumConnections@@$1?_GUID_b196b287_bab4_101a_b69c_00aa00341d07@@3U__s_GUID@@BUtagCONNECTDATA@@V?$_Copy@UtagCONNECTDATA@@@ATL@@VCComSingleThreadModel@6@@ATL@@@ATL@@UEAAPEAXI@Z 0000000180002484 f i ImageScanner.obj
 0001:00001484       ??_G?$CComObject@V?$CComEnum@UIEnumConnections@@$1?_GUID_b196b287_bab4_101a_b69c_00aa00341d07@@3U__s_GUID@@BUtagCONNECTDATA@@V?$_Copy@UtagCONNECTDATA@@@ATL@@VCComSingleThreadModel@6@@ATL@@@ATL@@UEAAPEAXI@Z 0000000180002484 f i ImageScanner.obj
 0001:000014dc       ??_E?$CComObject@VCOPOSImageScanner@@@ATL@@W7EAAPEAXI@Z 00000001800024dc f i ImageScanner.obj
 0001:000014e8       ??_E?$CComObject@VCOPOSImageScanner@@@ATL@@WHA@EAAPEAXI@Z 00000001800024e8 f i ImageScanner.obj
 0001:000014f4       ?QueryInterface@?$CComObject@VCOPOSImageScanner@@@ATL@@WLI@EAAJAEBU_GUID@@PEAPEAX@Z 00000001800024f4 f i ImageScanner.obj
 0001:00001500       ?AddRef@?$CComObject@VCOPOSImageScanner@@@ATL@@WLI@EAAKXZ 0000000180002500 f i ImageScanner.obj
 0001:0000150c       ?Release@?$CComObject@VCOPOSImageScanner@@@ATL@@WLI@EAAKXZ 000000018000250c f i ImageScanner.obj
 0001:00001518       ?QueryInterface@?$CComObject@VCOPOSImageScanner@@@ATL@@WMA@EAAJAEBU_GUID@@PEAPEAX@Z 0000000180002518 f i ImageScanner.obj
 0001:00001524       ?AddRef@?$CComObject@VCOPOSImageScanner@@@ATL@@WMA@EAAKXZ 0000000180002524 f i ImageScanner.obj
 0001:00001530       ?Release@?$CComObject@VCOPOSImageScanner@@@ATL@@WMA@EAAKXZ 0000000180002530 f i ImageScanner.obj
 0001:0000153c       ?QueryInterface@?$CComObject@VCOPOSImageScanner@@@ATL@@WMI@EAAJAEBU_GUID@@PEAPEAX@Z 000000018000253c f i ImageScanner.obj
 0001:00001548       ?AddRef@?$CComObject@VCOPOSImageScanner@@@ATL@@WMI@EAAKXZ 0000000180002548 f i ImageScanner.obj
 0001:00001554       ?Release@?$CComObject@VCOPOSImageScanner@@@ATL@@WMI@EAAKXZ 0000000180002554 f i ImageScanner.obj
 0001:00001560       ?QueryInterface@?$CComObject@VCOPOSImageScanner@@@ATL@@WNA@EAAJAEBU_GUID@@PEAPEAX@Z 0000000180002560 f i ImageScanner.obj
 0001:0000156c       ?AddRef@?$CComObject@VCOPOSImageScanner@@@ATL@@WNA@EAAKXZ 000000018000256c f i ImageScanner.obj
 0001:00001578       ?Release@?$CComObject@VCOPOSImageScanner@@@ATL@@WNA@EAAKXZ 0000000180002578 f i ImageScanner.obj
 0001:00001584       ?QueryInterface@?$CComObject@VCOPOSImageScanner@@@ATL@@WNI@EAAJAEBU_GUID@@PEAPEAX@Z 0000000180002584 f i ImageScanner.obj
 0001:00001590       ?AddRef@?$CComObject@VCOPOSImageScanner@@@ATL@@WNI@EAAKXZ 0000000180002590 f i ImageScanner.obj
 0001:0000159c       ?Release@?$CComObject@VCOPOSImageScanner@@@ATL@@WNI@EAAKXZ 000000018000259c f i ImageScanner.obj
 0001:000015a8       ?QueryInterface@?$CComObject@VCOPOSImageScanner@@@ATL@@WOA@EAAJAEBU_GUID@@PEAPEAX@Z 00000001800025a8 f i ImageScanner.obj
 0001:000015b4       ?AddRef@?$CComObject@VCOPOSImageScanner@@@ATL@@WOA@EAAKXZ 00000001800025b4 f i ImageScanner.obj
 0001:000015c0       ?Release@?$CComObject@VCOPOSImageScanner@@@ATL@@WOA@EAAKXZ 00000001800025c0 f i ImageScanner.obj
 0001:000015cc       ?QueryInterface@?$CComObject@VCOPOSImageScanner@@@ATL@@WOI@EAAJAEBU_GUID@@PEAPEAX@Z 00000001800025cc f i ImageScanner.obj
 0001:000015d8       ?AddRef@?$CComObject@VCOPOSImageScanner@@@ATL@@WOI@EAAKXZ 00000001800025d8 f i ImageScanner.obj
 0001:000015e4       ?Release@?$CComObject@VCOPOSImageScanner@@@ATL@@WOI@EAAKXZ 00000001800025e4 f i ImageScanner.obj
 0001:000015f0       ?QueryInterface@?$CComObject@VCOPOSImageScanner@@@ATL@@WPA@EAAJAEBU_GUID@@PEAPEAX@Z 00000001800025f0 f i ImageScanner.obj
 0001:000015fc       ?AddRef@?$CComObject@VCOPOSImageScanner@@@ATL@@WPA@EAAKXZ 00000001800025fc f i ImageScanner.obj
 0001:00001608       ?Release@?$CComObject@VCOPOSImageScanner@@@ATL@@WPA@EAAKXZ 0000000180002608 f i ImageScanner.obj
 0001:00001614       ?QueryInterface@?$CComObject@VCOPOSImageScanner@@@ATL@@WPI@EAAJAEBU_GUID@@PEAPEAX@Z 0000000180002614 f i ImageScanner.obj
 0001:00001620       ?AddRef@?$CComObject@VCOPOSImageScanner@@@ATL@@WPI@EAAKXZ 0000000180002620 f i ImageScanner.obj
 0001:0000162c       ?Release@?$CComObject@VCOPOSImageScanner@@@ATL@@WPI@EAAKXZ 000000018000262c f i ImageScanner.obj
 0001:00001638       ?QueryInterface@?$CComObject@VCOPOSImageScanner@@@ATL@@WBAA@EAAJAEBU_GUID@@PEAPEAX@Z 0000000180002638 f i ImageScanner.obj
 0001:00001644       ?AddRef@?$CComObject@VCOPOSImageScanner@@@ATL@@WBAA@EAAKXZ 0000000180002644 f i ImageScanner.obj
 0001:00001650       ?Release@?$CComObject@VCOPOSImageScanner@@@ATL@@WBAA@EAAKXZ 0000000180002650 f i ImageScanner.obj
 0001:0000165c       ?QueryInterface@?$CComObject@VCOPOSImageScanner@@@ATL@@WBAI@EAAJAEBU_GUID@@PEAPEAX@Z 000000018000265c f i ImageScanner.obj
 0001:00001668       ?AddRef@?$CComObject@VCOPOSImageScanner@@@ATL@@WBAI@EAAKXZ 0000000180002668 f i ImageScanner.obj
 0001:00001674       ?Release@?$CComObject@VCOPOSImageScanner@@@ATL@@WBAI@EAAKXZ 0000000180002674 f i ImageScanner.obj
 0001:00001680       ?QueryInterface@?$CComObject@VCOPOSImageScanner@@@ATL@@WBBA@EAAJAEBU_GUID@@PEAPEAX@Z 0000000180002680 f i ImageScanner.obj
 0001:0000168c       ?AddRef@?$CComObject@VCOPOSImageScanner@@@ATL@@WBBA@EAAKXZ 000000018000268c f i ImageScanner.obj
 0001:00001698       ?Release@?$CComObject@VCOPOSImageScanner@@@ATL@@WBBA@EAAKXZ 0000000180002698 f i ImageScanner.obj
 0001:000016a4       ?QueryInterface@?$CComObject@VCOPOSImageScanner@@@ATL@@WBBI@EAAJAEBU_GUID@@PEAPEAX@Z 00000001800026a4 f i ImageScanner.obj
 0001:000016b0       ?AddRef@?$CComObject@VCOPOSImageScanner@@@ATL@@WBBI@EAAKXZ 00000001800026b0 f i ImageScanner.obj
 0001:000016bc       ?Release@?$CComObject@VCOPOSImageScanner@@@ATL@@WBBI@EAAKXZ 00000001800026bc f i ImageScanner.obj
 0001:000016c8       ?AddRef@?$CComObject@VCOPOSImageScanner@@@ATL@@WBCI@EAAKXZ 00000001800026c8 f i ImageScanner.obj
 0001:000016d4       ?Release@?$CComObject@VCOPOSImageScanner@@@ATL@@WBCI@EAAKXZ 00000001800026d4 f i ImageScanner.obj
 0001:000016e0       ?AddRef@?$CComObject@VCOPOSImageScanner@@@ATL@@WBEA@EAAKXZ 00000001800026e0 f i ImageScanner.obj
 0001:000016ec       ?Release@?$CComObject@VCOPOSImageScanner@@@ATL@@WBEA@EAAKXZ 00000001800026ec f i ImageScanner.obj
 0001:000016f8       ??_E?$CComContainedObject@VCOPOSImageScanner@@@ATL@@W7EAAPEAXI@Z 00000001800026f8 f i ImageScanner.obj
 0001:00001704       ??_E?$CComContainedObject@VCOPOSImageScanner@@@ATL@@WHA@EAAPEAXI@Z 0000000180002704 f i ImageScanner.obj
 0001:00001710       ?QueryInterface@?$CComContainedObject@VCOPOSImageScanner@@@ATL@@WLI@EAAJAEBU_GUID@@PEAPEAX@Z 0000000180002710 f i ImageScanner.obj
 0001:0000171c       ?AddRef@?$CComContainedObject@VCOPOSImageScanner@@@ATL@@WLI@EAAKXZ 000000018000271c f i ImageScanner.obj
 0001:00001728       ?Release@?$CComContainedObject@VCOPOSImageScanner@@@ATL@@WLI@EAAKXZ 0000000180002728 f i ImageScanner.obj
 0001:00001734       ?QueryInterface@?$CComContainedObject@VCOPOSImageScanner@@@ATL@@WMA@EAAJAEBU_GUID@@PEAPEAX@Z 0000000180002734 f i ImageScanner.obj
 0001:00001740       ?AddRef@?$CComContainedObject@VCOPOSImageScanner@@@ATL@@WMA@EAAKXZ 0000000180002740 f i ImageScanner.obj
 0001:0000174c       ?Release@?$CComContainedObject@VCOPOSImageScanner@@@ATL@@WMA@EAAKXZ 000000018000274c f i ImageScanner.obj
 0001:00001758       ?QueryInterface@?$CComContainedObject@VCOPOSImageScanner@@@ATL@@WMI@EAAJAEBU_GUID@@PEAPEAX@Z 0000000180002758 f i ImageScanner.obj
 0001:00001764       ?AddRef@?$CComContainedObject@VCOPOSImageScanner@@@ATL@@WMI@EAAKXZ 0000000180002764 f i ImageScanner.obj
 0001:00001770       ?Release@?$CComContainedObject@VCOPOSImageScanner@@@ATL@@WMI@EAAKXZ 0000000180002770 f i ImageScanner.obj
 0001:0000177c       ?QueryInterface@?$CComContainedObject@VCOPOSImageScanner@@@ATL@@WNA@EAAJAEBU_GUID@@PEAPEAX@Z 000000018000277c f i ImageScanner.obj
 0001:00001788       ?AddRef@?$CComContainedObject@VCOPOSImageScanner@@@ATL@@WNA@EAAKXZ 0000000180002788 f i ImageScanner.obj
 0001:00001794       ?Release@?$CComContainedObject@VCOPOSImageScanner@@@ATL@@WNA@EAAKXZ 0000000180002794 f i ImageScanner.obj
 0001:000017a0       ?QueryInterface@?$CComContainedObject@VCOPOSImageScanner@@@ATL@@WNI@EAAJAEBU_GUID@@PEAPEAX@Z 00000001800027a0 f i ImageScanner.obj
 0001:000017ac       ?AddRef@?$CComContainedObject@VCOPOSImageScanner@@@ATL@@WNI@EAAKXZ 00000001800027ac f i ImageScanner.obj
 0001:000017b8       ?Release@?$CComContainedObject@VCOPOSImageScanner@@@ATL@@WNI@EAAKXZ 00000001800027b8 f i ImageScanner.obj
 0001:000017c4       ?QueryInterface@?$CComContainedObject@VCOPOSImageScanner@@@ATL@@WOA@EAAJAEBU_GUID@@PEAPEAX@Z 00000001800027c4 f i ImageScanner.obj
 0001:000017d0       ?AddRef@?$CComContainedObject@VCOPOSImageScanner@@@ATL@@WOA@EAAKXZ 00000001800027d0 f i ImageScanner.obj
 0001:000017dc       ?Release@?$CComContainedObject@VCOPOSImageScanner@@@ATL@@WOA@EAAKXZ 00000001800027dc f i ImageScanner.obj
 0001:000017e8       ?QueryInterface@?$CComContainedObject@VCOPOSImageScanner@@@ATL@@WOI@EAAJAEBU_GUID@@PEAPEAX@Z 00000001800027e8 f i ImageScanner.obj
 0001:000017f4       ?AddRef@?$CComContainedObject@VCOPOSImageScanner@@@ATL@@WOI@EAAKXZ 00000001800027f4 f i ImageScanner.obj
 0001:00001800       ?Release@?$CComContainedObject@VCOPOSImageScanner@@@ATL@@WOI@EAAKXZ 0000000180002800 f i ImageScanner.obj
 0001:0000180c       ?QueryInterface@?$CComContainedObject@VCOPOSImageScanner@@@ATL@@WPA@EAAJAEBU_GUID@@PEAPEAX@Z 000000018000280c f i ImageScanner.obj
 0001:00001818       ?AddRef@?$CComContainedObject@VCOPOSImageScanner@@@ATL@@WPA@EAAKXZ 0000000180002818 f i ImageScanner.obj
 0001:00001824       ?Release@?$CComContainedObject@VCOPOSImageScanner@@@ATL@@WPA@EAAKXZ 0000000180002824 f i ImageScanner.obj
 0001:00001830       ?QueryInterface@?$CComContainedObject@VCOPOSImageScanner@@@ATL@@WPI@EAAJAEBU_GUID@@PEAPEAX@Z 0000000180002830 f i ImageScanner.obj
 0001:0000183c       ?AddRef@?$CComContainedObject@VCOPOSImageScanner@@@ATL@@WPI@EAAKXZ 000000018000283c f i ImageScanner.obj
 0001:00001848       ?Release@?$CComContainedObject@VCOPOSImageScanner@@@ATL@@WPI@EAAKXZ 0000000180002848 f i ImageScanner.obj
 0001:00001854       ?QueryInterface@?$CComContainedObject@VCOPOSImageScanner@@@ATL@@WBAA@EAAJAEBU_GUID@@PEAPEAX@Z 0000000180002854 f i ImageScanner.obj
 0001:00001860       ?AddRef@?$CComContainedObject@VCOPOSImageScanner@@@ATL@@WBAA@EAAKXZ 0000000180002860 f i ImageScanner.obj
 0001:0000186c       ?Release@?$CComContainedObject@VCOPOSImageScanner@@@ATL@@WBAA@EAAKXZ 000000018000286c f i ImageScanner.obj
 0001:00001878       ?QueryInterface@?$CComContainedObject@VCOPOSImageScanner@@@ATL@@WBAI@EAAJAEBU_GUID@@PEAPEAX@Z 0000000180002878 f i ImageScanner.obj
 0001:00001884       ?AddRef@?$CComContainedObject@VCOPOSImageScanner@@@ATL@@WBAI@EAAKXZ 0000000180002884 f i ImageScanner.obj
 0001:00001890       ?Release@?$CComContainedObject@VCOPOSImageScanner@@@ATL@@WBAI@EAAKXZ 0000000180002890 f i ImageScanner.obj
 0001:0000189c       ?QueryInterface@?$CComContainedObject@VCOPOSImageScanner@@@ATL@@WBBA@EAAJAEBU_GUID@@PEAPEAX@Z 000000018000289c f i ImageScanner.obj
 0001:000018a8       ?AddRef@?$CComContainedObject@VCOPOSImageScanner@@@ATL@@WBBA@EAAKXZ 00000001800028a8 f i ImageScanner.obj
 0001:000018b4       ?Release@?$CComContainedObject@VCOPOSImageScanner@@@ATL@@WBBA@EAAKXZ 00000001800028b4 f i ImageScanner.obj
 0001:000018c0       ?QueryInterface@?$CComContainedObject@VCOPOSImageScanner@@@ATL@@WBBI@EAAJAEBU_GUID@@PEAPEAX@Z 00000001800028c0 f i ImageScanner.obj
 0001:000018cc       ?AddRef@?$CComContainedObject@VCOPOSImageScanner@@@ATL@@WBBI@EAAKXZ 00000001800028cc f i ImageScanner.obj
 0001:000018d8       ?Release@?$CComContainedObject@VCOPOSImageScanner@@@ATL@@WBBI@EAAKXZ 00000001800028d8 f i ImageScanner.obj
 0001:000018e4       ?AddRef@?$CComContainedObject@VCOPOSImageScanner@@@ATL@@WBCI@EAAKXZ 00000001800028e4 f i ImageScanner.obj
 0001:000018f0       ?Release@?$CComContainedObject@VCOPOSImageScanner@@@ATL@@WBCI@EAAKXZ 00000001800028f0 f i ImageScanner.obj
 0001:000018fc       ?AddRef@?$CComContainedObject@VCOPOSImageScanner@@@ATL@@WBEA@EAAKXZ 00000001800028fc f i ImageScanner.obj
 0001:00001908       ?Release@?$CComContainedObject@VCOPOSImageScanner@@@ATL@@WBEA@EAAKXZ 0000000180002908 f i ImageScanner.obj
 0001:00001914       ?GetWindowProc@?$CWindowImplBaseT@VCWindow@ATL@@V?$CWinTraits@$0FGAAAAAA@$0A@@2@@ATL@@UEAAP6A_JPEAUHWND__@@I_K_J@ZXZ 0000000180002914 f i ImageScanner.obj
 0001:0000191c       ?StartWindowProc@?$CWindowImplBaseT@VCWindow@ATL@@V?$CWinTraits@$0FGAAAAAA@$0A@@2@@ATL@@SA_JPEAUHWND__@@I_K_J@Z 000000018000291c f i ImageScanner.obj
 0001:000019e0       ?Lock@CAtlModule@ATL@@UEAAJXZ 00000001800029e0 f i ImageScanner.obj
 0001:000019f0       ?Unlock@CAtlModule@ATL@@UEAAJXZ 00000001800029f0 f i ImageScanner.obj
 0001:000019fc       ?GetLockCount@CAtlModule@ATL@@UEAAJXZ 00000001800029fc f i ImageScanner.obj
 0001:00001a00       ?GetGITPtr@CAtlModule@ATL@@UEAAJPEAPEAUIGlobalInterfaceTable@@@Z 0000000180002a00 f i ImageScanner.obj
 0001:00001a70       ?GetTypeInfoCount@?$IDispatchImpl@UIOPOSImageScanner@@$1?IID_IOPOSImageScanner@@3U_GUID@@B$1?LIBID_OposImageScanner_CCO@@3U3@B$00$0A@VCComTypeInfoHolder@ATL@@@ATL@@UEAAJPEAI@Z 0000000180002a70 f i ImageScanner.obj
 0001:00001a84       ?GetTypeInfo@?$IDispatchImpl@UIOPOSImageScanner@@$1?IID_IOPOSImageScanner@@3U_GUID@@B$1?LIBID_OposImageScanner_CCO@@3U3@B$00$0A@VCComTypeInfoHolder@ATL@@@ATL@@UEAAJIKPEAPEAUITypeInfo@@@Z 0000000180002a84 f i ImageScanner.obj
 0001:00001ae8       ?GetIDsOfNames@?$IDispatchImpl@UIOPOSImageScanner@@$1?IID_IOPOSImageScanner@@3U_GUID@@B$1?LIBID_OposImageScanner_CCO@@3U3@B$00$0A@VCComTypeInfoHolder@ATL@@@ATL@@UEAAJAEBU_GUID@@PEAPEA_WIKPEAJ@Z 0000000180002ae8 f i ImageScanner.obj
 0001:00001af4       ?Invoke@?$IDispatchImpl@UIOPOSImageScanner@@$1?IID_IOPOSImageScanner@@3U_GUID@@B$1?LIBID_OposImageScanner_CCO@@3U3@B$00$0A@VCComTypeInfoHolder@ATL@@@ATL@@UEAAJJAEBU_GUID@@KGPEAUtagDISPPARAMS@@PEAUtagVARIANT@@PEAUtagEXCEPINFO@@PEAI@Z 0000000180002af4 f i ImageScanner.obj
 0001:00001b84       ?CreateControlWindow@?$CComControl@VCOPOSImageScanner@@V?$CWindowImpl@VCOPOSImageScanner@@VCWindow@ATL@@V?$CWinTraits@$0FGAAAAAA@$0A@@3@@ATL@@@ATL@@UEAAPEAUHWND__@@PEAU3@AEAUtagRECT@@@Z 0000000180002b84 f i ImageScanner.obj
 0001:00001bbc       ?ControlQueryInterface@?$CComControl@VCOPOSImageScanner@@V?$CWindowImpl@VCOPOSImageScanner@@VCWindow@ATL@@V?$CWinTraits@$0FGAAAAAA@$0A@@3@@ATL@@@ATL@@UEAAJAEBU_GUID@@PEAPEAX@Z 0000000180002bbc f i ImageScanner.obj
 0001:00001bd0       ?GetUserClassID@?$IOleObjectImpl@VCOPOSImageScanner@@@ATL@@UEAAJPEAU_GUID@@@Z 0000000180002bd0 f i ImageScanner.obj
 0001:00001bd0       ?GetClassID@?$IPersistStorageImpl@VCOPOSImageScanner@@@ATL@@UEAAJPEAU_GUID@@@Z 0000000180002bd0 f i ImageScanner.obj
 0001:00001bd0       ?GetClassID@?$IPersistStreamInitImpl@VCOPOSImageScanner@@@ATL@@UEAAJPEAU_GUID@@@Z 0000000180002bd0 f i ImageScanner.obj
 0001:00001bec       ?IsDirty@?$IPersistStreamInitImpl@VCOPOSImageScanner@@@ATL@@UEAAJXZ 0000000180002bec f i ImageScanner.obj
 0001:00001c08       ?Load@?$IPersistStreamInitImpl@VCOPOSImageScanner@@@ATL@@UEAAJPEAUIStream@@@Z 0000000180002c08 f i ImageScanner.obj
 0001:00001c58       ?Save@?$IPersistStreamInitImpl@VCOPOSImageScanner@@@ATL@@UEAAJPEAUIStream@@H@Z 0000000180002c58 f i ImageScanner.obj
 0001:00001cbc       ?GetSizeMax@?$IPersistStreamInitImpl@VCOPOSImageScanner@@@ATL@@UEAAJPEAT_ULARGE_INTEGER@@@Z 0000000180002cbc f i ImageScanner.obj
 0001:00001ee8       ?InitNew@?$IPersistStreamInitImpl@VCOPOSImageScanner@@@ATL@@UEAAJXZ 0000000180002ee8 f i ImageScanner.obj
 0001:00001f00       ?SetClientSite@?$IOleObjectImpl@VCOPOSImageScanner@@@ATL@@UEAAJPEAUIOleClientSite@@@Z 0000000180002f00 f i ImageScanner.obj
 0001:00001f1c       ?GetClientSite@?$IOleObjectImpl@VCOPOSImageScanner@@@ATL@@UEAAJPEAPEAUIOleClientSite@@@Z 0000000180002f1c f i ImageScanner.obj
 0001:00001f64       ?Close@?$IOleObjectImpl@VCOPOSImageScanner@@@ATL@@UEAAJK@Z 0000000180002f64 f i ImageScanner.obj
 0001:00001f80       ?DoVerb@?$IOleObjectImpl@VCOPOSImageScanner@@@ATL@@UEAAJJPEAUtagMSG@@PEAUIOleClientSite@@JPEAUHWND__@@PEBUtagRECT@@@Z 0000000180002f80 f i ImageScanner.obj
 0001:00002124       ?EnumVerbs@?$IOleObjectImpl@VCOPOSImageScanner@@@ATL@@UEAAJPEAPEAUIEnumOLEVERB@@@Z 0000000180003124 f i ImageScanner.obj
 0001:00002140       ?GetUserType@?$IOleObjectImpl@VCOPOSImageScanner@@@ATL@@UEAAJKPEAPEA_W@Z 0000000180003140 f i ImageScanner.obj
 0001:00002150       ?SetExtent@?$IOleObjectImpl@VCOPOSImageScanner@@@ATL@@UEAAJKPEAUtagSIZE@@@Z 0000000180003150 f i ImageScanner.obj
 0001:0000216c       ?GetExtent@?$IOleObjectImpl@VCOPOSImageScanner@@@ATL@@UEAAJKPEAUtagSIZE@@@Z 000000018000316c f i ImageScanner.obj
 0001:0000219c       ?Advise@?$IOleObjectImpl@VCOPOSImageScanner@@@ATL@@UEAAJPEAUIAdviseSink@@PEAK@Z 000000018000319c f i ImageScanner.obj
 0001:000021f8       ?Unadvise@?$IOleObjectImpl@VCOPOSImageScanner@@@ATL@@UEAAJK@Z 00000001800031f8 f i ImageScanner.obj
 0001:00002230       ?EnumAdvise@?$IOleObjectImpl@VCOPOSImageScanner@@@ATL@@UEAAJPEAPEAUIEnumSTATDATA@@@Z 0000000180003230 f i ImageScanner.obj
 0001:00002278       ?GetMiscStatus@?$IOleObjectImpl@VCOPOSImageScanner@@@ATL@@UEAAJKPEAK@Z 0000000180003278 f i ImageScanner.obj
 0001:00002288       ?AddCommonRGSReplacements@?$CAtlModuleT@VCComModule@ATL@@@ATL@@UEAAJPEAUIRegistrarBase@@@Z 0000000180003288 f i ImageScanner.obj
 0001:000022a0       ?GetWindow@?$IOleInPlaceActiveObjectImpl@VCOPOSImageScanner@@@ATL@@UEAAJPEAPEAUHWND__@@@Z 00000001800032a0 f i ImageScanner.obj
 0001:000022f4       ?TranslateAcceleratorW@?$IOleInPlaceActiveObjectImpl@VCOPOSImageScanner@@@ATL@@UEAAJPEAUtagMSG@@@Z 00000001800032f4 f i ImageScanner.obj
 0001:000023e8       ?OnDocWindowActivate@?$IOleInPlaceActiveObjectImpl@VCOPOSImageScanner@@@ATL@@UEAAJH@Z 00000001800033e8 f i ImageScanner.obj
 0001:00002414       ?Draw@?$IViewObjectExImpl@VCOPOSImageScanner@@@ATL@@UEAAJKJPEAXPEAUtagDVTARGETDEVICE@@PEAUHDC__@@2PEBU_RECTL@@3P6AH_K@Z4@Z 0000000180003414 f i ImageScanner.obj
 0001:00002478       ?SetAdvise@?$IViewObjectExImpl@VCOPOSImageScanner@@@ATL@@UEAAJKKPEAUIAdviseSink@@@Z 0000000180003478 f i ImageScanner.obj
 0001:000024cc       ?GetAdvise@?$IViewObjectExImpl@VCOPOSImageScanner@@@ATL@@UEAAJPEAK0PEAPEAUIAdviseSink@@@Z 00000001800034cc f i ImageScanner.obj
 0001:00002508       ?GetExtent@?$IViewObjectExImpl@VCOPOSImageScanner@@@ATL@@UEAAJKJPEAUtagDVTARGETDEVICE@@PEAUtagSIZE@@@Z 0000000180003508 f i ImageScanner.obj
 0001:00002538       ?GetViewStatus@?$IViewObjectExImpl@VCOPOSImageScanner@@@ATL@@UEAAJPEAK@Z 0000000180003538 f i ImageScanner.obj
 0001:0000254c       ?QueryHitPoint@?$IViewObjectExImpl@VCOPOSImageScanner@@@ATL@@UEAAJKPEBUtagRECT@@UtagPOINT@@JPEAK@Z 000000018000354c f i ImageScanner.obj
 0001:00002590       ?UpdateRegistryFromResourceD@CComModule@ATL@@UEAAJIHPEAU_ATL_REGMAP_ENTRY@2@@Z 0000000180003590 f i ImageScanner.obj
 0001:00002590       ?UpdateRegistryFromResourceD@CComModule@ATL@@UEAAJPEB_WHPEAU_ATL_REGMAP_ENTRY@2@@Z 0000000180003590 f i ImageScanner.obj
 0001:00002598       ?QueryHitRect@?$IViewObjectExImpl@VCOPOSImageScanner@@@ATL@@UEAAJKPEBUtagRECT@@0JPEAK@Z 0000000180003598 f i ImageScanner.obj
 0001:00002600       ?UpdateRegistryFromResource@CComModule@ATL@@UEAAJPEB_WHPEAU_ATL_REGMAP_ENTRY@2@@Z 0000000180003600 f i ImageScanner.obj
 0001:00002608       ?GetNaturalExtent@?$IViewObjectExImpl@VCOPOSImageScanner@@@ATL@@UEAAJKJPEAUtagDVTARGETDEVICE@@PEAUHDC__@@PEAUtagExtentInfo@@PEAUtagSIZE@@@Z 0000000180003608 f i ImageScanner.obj
 0001:00002650       ?UpdateRegistryFromResource@CComModule@ATL@@UEAAJIHPEAU_ATL_REGMAP_ENTRY@2@@Z 0000000180003650 f i ImageScanner.obj
 0001:00002658       ?GetWindow@?$IOleInPlaceObjectWindowlessImpl@VCOPOSImageScanner@@@ATL@@UEAAJPEAPEAUHWND__@@@Z 0000000180003658 f i ImageScanner.obj
 0001:000026ac       ?InPlaceDeactivate@?$IOleInPlaceObjectWindowlessImpl@VCOPOSImageScanner@@@ATL@@UEAAJXZ 00000001800036ac f i ImageScanner.obj
 0001:000026c8       ?UIDeactivate@?$IOleInPlaceObjectWindowlessImpl@VCOPOSImageScanner@@@ATL@@UEAAJXZ 00000001800036c8 f i ImageScanner.obj
 0001:000026e4       ?SetObjectRects@?$IOleInPlaceObjectWindowlessImpl@VCOPOSImageScanner@@@ATL@@UEAAJPEBUtagRECT@@0@Z 00000001800036e4 f i ImageScanner.obj
 0001:00002700       ?OnWindowMessage@?$IOleInPlaceObjectWindowlessImpl@VCOPOSImageScanner@@@ATL@@UEAAJI_K_JPEA_J@Z 0000000180003700 f i ImageScanner.obj
 0001:000027c8       ?EnumConnectionPoints@?$IConnectionPointContainerImpl@VCOPOSImageScanner@@@ATL@@UEAAJPEAPEAUIEnumConnectionPoints@@@Z 00000001800037c8 f i ImageScanner.obj
 0001:00002a10       ?FindConnectionPoint@?$IConnectionPointContainerImpl@VCOPOSImageScanner@@@ATL@@UEAAJAEBU_GUID@@PEAPEAUIConnectionPoint@@@Z 0000000180003a10 f i ImageScanner.obj
 0001:00002ae0       ??_ECComModule@ATL@@UEAAPEAXI@Z 0000000180003ae0 f i ImageScanner.obj
 0001:00002ae0       ??_GCComModule@ATL@@UEAAPEAXI@Z 0000000180003ae0 f i ImageScanner.obj
 0001:00002b60       ?IsDirty@?$IPersistStorageImpl@VCOPOSImageScanner@@@ATL@@UEAAJXZ 0000000180003b60 f i ImageScanner.obj
 0001:00002ba4       ?InitNew@?$IPersistStorageImpl@VCOPOSImageScanner@@@ATL@@UEAAJPEAUIStorage@@@Z 0000000180003ba4 f i ImageScanner.obj
 0001:00002be8       ?Load@?$IPersistStorageImpl@VCOPOSImageScanner@@@ATL@@UEAAJPEAUIStorage@@@Z 0000000180003be8 f i ImageScanner.obj
 0001:00002c88       ?Save@?$IPersistStorageImpl@VCOPOSImageScanner@@@ATL@@UEAAJPEAUIStorage@@H@Z 0000000180003c88 f i ImageScanner.obj
 0001:00002d38       ?GetPages@?$ISpecifyPropertyPagesImpl@VCOPOSImageScanner@@@ATL@@UEAAJPEAUtagCAUUID@@@Z 0000000180003d38 f i ImageScanner.obj
 0001:00002d44       ?QuickActivate@?$IQuickActivateImpl@VCOPOSImageScanner@@@ATL@@UEAAJPEAUtagQACONTAINER@@PEAUtagQACONTROL@@@Z 0000000180003d44 f i ImageScanner.obj
 0001:00002d60       ?SetContentExtent@?$IQuickActivateImpl@VCOPOSImageScanner@@@ATL@@UEAAJPEAUtagSIZE@@@Z 0000000180003d60 f i ImageScanner.obj
 0001:00002d94       ?GetContentExtent@?$IQuickActivateImpl@VCOPOSImageScanner@@@ATL@@UEAAJPEAUtagSIZE@@@Z 0000000180003d94 f i ImageScanner.obj
 0001:00002dcc       ?GetData@?$IDataObjectImpl@VCOPOSImageScanner@@@ATL@@UEAAJPEAUtagFORMATETC@@PEAUtagSTGMEDIUM@@@Z 0000000180003dcc f i ImageScanner.obj
 0001:00002de8       ?DAdvise@?$IDataObjectImpl@VCOPOSImageScanner@@@ATL@@UEAAJPEAUtagFORMATETC@@KPEAUIAdviseSink@@PEAK@Z 0000000180003de8 f i ImageScanner.obj
 0001:00002e70       ?DUnadvise@?$IDataObjectImpl@VCOPOSImageScanner@@@ATL@@UEAAJK@Z 0000000180003e70 f i ImageScanner.obj
 0001:00002e9c       ?EnumDAdvise@?$IDataObjectImpl@VCOPOSImageScanner@@@ATL@@UEAAJPEAPEAUIEnumSTATDATA@@@Z 0000000180003e9c f i ImageScanner.obj
 0001:00002ed8       ?GetClassInfoW@?$IProvideClassInfo2Impl@$1?CLSID_OPOSImageScanner@@3U_GUID@@B$1?DIID__IOPOSImageScannerEvents@@3U2@B$1?LIBID_OposImageScanner_CCO@@3U2@B$00$0A@VCComTypeInfoHolder@ATL@@@ATL@@UEAAJPEAPEAUITypeInfo@@@Z 0000000180003ed8 f i ImageScanner.obj
 0001:00002f30       ?GetGUID@?$IProvideClassInfo2Impl@$1?CLSID_OPOSImageScanner@@3U_GUID@@B$1?DIID__IOPOSImageScannerEvents@@3U2@B$1?LIBID_OposImageScanner_CCO@@3U2@B$00$0A@VCComTypeInfoHolder@ATL@@@ATL@@UEAAJKPEAU_GUID@@@Z 0000000180003f30 f i ImageScanner.obj
 0001:00002f64       ?GetInterfaceSafetyOptions@?$IObjectSafetyImpl@VCOPOSImageScanner@@$02@ATL@@UEAAJAEBU_GUID@@PEAK1@Z 0000000180003f64 f i ImageScanner.obj
 0001:00002ff8       ?SetInterfaceSafetyOptions@?$IObjectSafetyImpl@VCOPOSImageScanner@@$02@ATL@@UEAAJAEBU_GUID@@KK@Z 0000000180003ff8 f i ImageScanner.obj
 0001:0000309c       ?_LocCPQueryInterface@?$IConnectionPointImpl@VCOPOSImageScanner@@$1?DIID__IOPOSImageScannerEvents@@3U_GUID@@BVCComDynamicUnkArray@ATL@@@ATL@@UEAAJAEBU_GUID@@PEAPEAX@Z 000000018000409c f i ImageScanner.obj
 0001:0000309c       ?_LocCPQueryInterface@?$IConnectionPointImpl@VCOPOSImageScanner@@$1?IID_IPropertyNotifySink@@3U_GUID@@BVCComDynamicUnkArray@ATL@@@ATL@@UEAAJAEBU_GUID@@PEAPEAX@Z 000000018000409c f i ImageScanner.obj
 0001:00003110       ?GetConnectionInterface@?$IConnectionPointImpl@VCOPOSImageScanner@@$1?IID_IPropertyNotifySink@@3U_GUID@@BVCComDynamicUnkArray@ATL@@@ATL@@UEAAJPEAU_GUID@@@Z 0000000180004110 f i ImageScanner.obj
 0001:0000312c       ?GetConnectionPointContainer@?$IConnectionPointImpl@VCOPOSImageScanner@@$1?IID_IPropertyNotifySink@@3U_GUID@@BVCComDynamicUnkArray@ATL@@@ATL@@UEAAJPEAPEAUIConnectionPointContainer@@@Z 000000018000412c f i ImageScanner.obj
 0001:0000314c       ?Advise@?$IConnectionPointImpl@VCOPOSImageScanner@@$1?IID_IPropertyNotifySink@@3U_GUID@@BVCComDynamicUnkArray@ATL@@@ATL@@UEAAJPEAUIUnknown@@PEAK@Z 000000018000414c f i ImageScanner.obj
 0001:0000314c       ?Advise@?$IConnectionPointImpl@VCOPOSImageScanner@@$1?DIID__IOPOSImageScannerEvents@@3U_GUID@@BVCComDynamicUnkArray@ATL@@@ATL@@UEAAJPEAUIUnknown@@PEAK@Z 000000018000414c f i ImageScanner.obj
 0001:0000320c       ?Unadvise@?$IConnectionPointImpl@VCOPOSImageScanner@@$1?DIID__IOPOSImageScannerEvents@@3U_GUID@@BVCComDynamicUnkArray@ATL@@@ATL@@UEAAJK@Z 000000018000420c f i ImageScanner.obj
 0001:0000320c       ?Unadvise@?$IConnectionPointImpl@VCOPOSImageScanner@@$1?IID_IPropertyNotifySink@@3U_GUID@@BVCComDynamicUnkArray@ATL@@@ATL@@UEAAJK@Z 000000018000420c f i ImageScanner.obj
 0001:00003288       ?EnumConnections@?$IConnectionPointImpl@VCOPOSImageScanner@@$1?IID_IPropertyNotifySink@@3U_GUID@@BVCComDynamicUnkArray@ATL@@@ATL@@UEAAJPEAPEAUIEnumConnections@@@Z 0000000180004288 f i ImageScanner.obj
 0001:00003288       ?EnumConnections@?$IConnectionPointImpl@VCOPOSImageScanner@@$1?DIID__IOPOSImageScannerEvents@@3U_GUID@@BVCComDynamicUnkArray@ATL@@@ATL@@UEAAJPEAPEAUIEnumConnections@@@Z 0000000180004288 f i ImageScanner.obj
 0001:00003430       ?GetConnectionInterface@?$IConnectionPointImpl@VCOPOSImageScanner@@$1?DIID__IOPOSImageScannerEvents@@3U_GUID@@BVCComDynamicUnkArray@ATL@@@ATL@@UEAAJPEAU_GUID@@@Z 0000000180004430 f i ImageScanner.obj
 0001:0000344c       ?GetConnectionPointContainer@?$IConnectionPointImpl@VCOPOSImageScanner@@$1?DIID__IOPOSImageScannerEvents@@3U_GUID@@BVCComDynamicUnkArray@ATL@@@ATL@@UEAAJPEAPEAUIConnectionPointContainer@@@Z 000000018000444c f i ImageScanner.obj
 0001:0000346c       ?UpdateRegistry@COPOSImageScanner@@SAJH@Z 000000018000446c f i ImageScanner.obj
 0001:00003484       ?ProcessWindowMessage@COPOSImageScanner@@UEAAHPEAUHWND__@@I_K_JAEA_JK@Z 0000000180004484 f i ImageScanner.obj
 0001:0000350c       ?SOData@COPOSImageScanner@@MEAAJJ@Z 000000018000450c f i ImageScanner.obj
 0001:0000355c       ?SODirectIO@COPOSImageScanner@@MEAAJJPEAJPEAPEA_W@Z 000000018000455c f i ImageScanner.obj
 0001:000035d4       ?SOError@COPOSImageScanner@@MEAAJJJJPEAJ@Z 00000001800045d4 f i ImageScanner.obj
 0001:0000365c       ?SOStatusUpdate@COPOSImageScanner@@MEAAJJ@Z 000000018000465c f i ImageScanner.obj
 0001:000036ac       ??$AtlModuleRegisterWndClassInfoT@VAtlModuleRegisterWndClassInfoParamW@ATL@@@ATL@@YAGPEAU_ATL_BASE_MODULE70@0@PEAU_ATL_WIN_MODULE70@0@PEAU_ATL_WNDCLASSINFOW@0@PEAP6A_JPEAUHWND__@@I_K_J@ZVAtlModuleRegisterWndClassInfoParamW@0@@Z 00000001800046ac f i ImageScanner.obj
 0001:000038ac       ??0?$CComContainedObject@VCOPOSImageScanner@@@ATL@@QEAA@PEAX@Z 00000001800048ac f i ImageScanner.obj
 0001:000039c8       ??0?$CComObject@VCOPOSImageScanner@@@ATL@@QEAA@PEAX@Z 00000001800049c8 f i ImageScanner.obj
 0001:00003ae0       ??0CAtlModule@ATL@@QEAA@XZ 0000000180004ae0 f i ImageScanner.obj
 0001:00003b5c       ??1?$CComEnumImpl@UIEnumConnectionPoints@@$1?_GUID_b196b285_bab4_101a_b69c_00aa00341d07@@3U__s_GUID@@BPEAUIConnectionPoint@@V?$_CopyInterface@UIConnectionPoint@@@ATL@@@ATL@@UEAA@XZ 0000000180004b5c f i ImageScanner.obj
 0001:00003bb8       ??1?$CComEnumImpl@UIEnumConnections@@$1?_GUID_b196b287_bab4_101a_b69c_00aa00341d07@@3U__s_GUID@@BUtagCONNECTDATA@@V?$_Copy@UtagCONNECTDATA@@@ATL@@@ATL@@UEAA@XZ 0000000180004bb8 f i ImageScanner.obj
 0001:00003c14       ??1?$CComObject@VCOPOSImageScanner@@@ATL@@UEAA@XZ 0000000180004c14 f i ImageScanner.obj
 0001:00003d34       ??_E?$CComContainedObject@VCOPOSImageScanner@@@ATL@@UEAAPEAXI@Z 0000000180004d34 f i ImageScanner.obj
 0001:00003d34       ??_G?$CComContainedObject@VCOPOSImageScanner@@@ATL@@UEAAPEAXI@Z 0000000180004d34 f i ImageScanner.obj
 0001:00003d68       ??_E?$CComObject@VCOPOSImageScanner@@@ATL@@UEAAPEAXI@Z 0000000180004d68 f i ImageScanner.obj
 0001:00003d68       ??_G?$CComObject@VCOPOSImageScanner@@@ATL@@UEAAPEAXI@Z 0000000180004d68 f i ImageScanner.obj
 0001:00003d9c       ?Add@?$CSimpleArray@GV?$CSimpleArrayEqualHelper@G@ATL@@@ATL@@QEAAHAEBG@Z 0000000180004d9c f i ImageScanner.obj
 0001:00003e50       ?Add@?$CSimpleMap@PEA_WPEA_WVCExpansionVectorEqualHelper@ATL@@@ATL@@QEAAHAEBQEA_W0@Z 0000000180004e50 f i ImageScanner.obj
 0001:00003ef0       ?Add@CComDynamicUnkArray@ATL@@QEAAKPEAUIUnknown@@@Z 0000000180004ef0 f i ImageScanner.obj
 0001:00003fe8       ?Add@CExpansionVector@ATL@@QEAAHPEB_W0@Z 0000000180004fe8 f i ImageScanner.obj
 0001:00004178       ?AddValue@CRegParser@ATL@@IEAAJAEAVCRegKey@2@PEB_WPEA_W@Z 0000000180005178 f i ImageScanner.obj
 0001:000045c0       ?AllocateHeap@?$CTempBuffer@_W$0BAA@VCCRTAllocator@ATL@@@ATL@@AEAAX_K@Z 00000001800055c0 f i ImageScanner.obj
 0001:000045c0       ?AllocateHeap@?$CTempBuffer@E$0BAA@VCCRTAllocator@ATL@@@ATL@@AEAAX_K@Z 00000001800055c0 f i ImageScanner.obj
 0001:000045c0       ?AllocateHeap@?$CTempBuffer@_W$0EAA@VCCRTAllocator@ATL@@@ATL@@AEAAX_K@Z 00000001800055c0 f i ImageScanner.obj
 0001:000045ec       ?Append@CParseBuffer@CRegParser@ATL@@QEAAHPEB_WH@Z 00000001800055ec f i ImageScanner.obj
 0001:00004704       ?AtlCallTermFunc@ATL@@YAXPEAU_ATL_MODULE70@1@@Z 0000000180005704 f i ImageScanner.obj
 0001:00004768       ?AtlComModuleGetClassObject@ATL@@YAJPEAU_ATL_COM_MODULE70@1@AEBU_GUID@@1PEAPEAX@Z 0000000180005768 f i ImageScanner.obj
 0001:000048a8       ?AtlComModuleRegisterServer@ATL@@YAJPEAU_ATL_COM_MODULE70@1@HPEBU_GUID@@@Z 00000001800058a8 f i ImageScanner.obj
 0001:00004968       ?AtlComModuleUnregisterServer@ATL@@YAJPEAU_ATL_COM_MODULE70@1@HPEBU_GUID@@@Z 0000000180005968 f i ImageScanner.obj
 0001:00004a24       ?AtlCreateTargetDC@ATL@@YAPEAUHDC__@@PEAU2@PEAUtagDVTARGETDEVICE@@@Z 0000000180005a24 f i ImageScanner.obj
 0001:00004a98       ?AtlHiMetricToPixel@ATL@@YAXPEBUtagSIZE@@PEAU2@@Z 0000000180005a98 f i ImageScanner.obj
 0001:00004b48       ?AtlHresultFromLastError@ATL@@YAJXZ 0000000180005b48 f i ImageScanner.obj
 0001:00004b68       ?AtlHresultFromWin32@ATL@@YAJK@Z 0000000180005b68 f i ImageScanner.obj
 0001:00004b78       ?AtlIPersistStreamInit_Load@ATL@@YAJPEAUIStream@@PEBUATL_PROPMAP_ENTRY@1@PEAXPEAUIUnknown@@@Z 0000000180005b78 f i ImageScanner.obj
 0001:00004db0       ?AtlIPersistStreamInit_Save@ATL@@YAJPEAUIStream@@HPEBUATL_PROPMAP_ENTRY@1@PEAXPEAUIUnknown@@@Z 0000000180005db0 f i ImageScanner.obj
 0001:00004fec       ?AtlInternalOleLoadFromStream@ATL@@YAJPEAUIStream@@AEBU_GUID@@PEAPEAXTClassesAllowedInStream@1@K@Z 0000000180005fec f i ImageScanner.obj
 0001:00005130       ?AtlInternalQueryInterface@ATL@@YAJPEAXPEBU_ATL_INTMAP_ENTRY@1@AEBU_GUID@@PEAPEAX@Z 0000000180006130 f i ImageScanner.obj
 0001:00005238       ?AtlLoadTypeLib@ATL@@YAJPEAUHINSTANCE__@@PEB_WPEAPEA_WPEAPEAUITypeLib@@@Z 0000000180006238 f i ImageScanner.obj
 0001:00005494       ?AtlModuleAddTermFunc@ATL@@YAJPEAU_ATL_MODULE70@1@P6AX_K@Z1@Z 0000000180006494 f i ImageScanner.obj
 0001:00005528       ?AtlRegisterClassCategoriesHelper@ATL@@YAJAEBU_GUID@@PEBU_ATL_CATMAP_ENTRY@1@H@Z 0000000180006528 f i ImageScanner.obj
 0001:0000598c       ?AtlRegisterTypeLib@ATL@@YAJPEAUHINSTANCE__@@PEB_W@Z 000000018000698c f i ImageScanner.obj
 0001:00005b88       ?AtlThrowImpl@ATL@@YAXJ@Z  0000000180006b88 f i ImageScanner.obj
 0001:00005bac       ?AtlUnRegisterTypeLib@ATL@@YAJPEAUHINSTANCE__@@PEB_W@Z 0000000180006bac f i ImageScanner.obj
 0001:00005c74       ?AtlWinModuleExtractCreateWndData@ATL@@YAPEAXPEAU_ATL_WIN_MODULE70@1@@Z 0000000180006c74 f i ImageScanner.obj
 0001:00005d00       ?Cleanup@CComTypeInfoHolder@ATL@@SAX_K@Z 0000000180006d00 f i ImageScanner.obj
 0001:00005d40       ?ClearReplacements@CExpansionVector@ATL@@QEAAJXZ 0000000180006d40 f i ImageScanner.obj
 0001:00005ddc       ?Create@?$CWindowImpl@VCOPOSImageScanner@@VCWindow@ATL@@V?$CWinTraits@$0FGAAAAAA@$0A@@3@@ATL@@QEAAPEAUHWND__@@PEAU3@V_U_RECT@2@PEB_WKKV_U_MENUorID@2@PEAX@Z 0000000180006ddc f i ImageScanner.obj
 0001:00005e8c       ?Create@?$CWindowImplBaseT@VCWindow@ATL@@V?$CWinTraits@$0FGAAAAAA@$0A@@2@@ATL@@QEAAPEAUHWND__@@PEAU3@V_U_RECT@2@PEB_WKKV_U_MENUorID@2@GPEAX@Z 0000000180006e8c f i ImageScanner.obj
 0001:00005ffc       ?Create@CRegKey@ATL@@QEAAJPEAUHKEY__@@PEB_WPEA_WKKPEAU_SECURITY_ATTRIBUTES@@PEAK@Z 0000000180006ffc f i ImageScanner.obj
 0001:000060e0       ?CreateInstance@?$CComCreator@V?$CComAggObject@VCOPOSImageScanner@@@ATL@@@ATL@@SAJPEAXAEBU_GUID@@PEAPEAX@Z 00000001800070e0 f i ImageScanner.obj
 0001:000061b8       ?CreateInstance@?$CComCreator@V?$CComObject@VCOPOSImageScanner@@@ATL@@@ATL@@SAJPEAXAEBU_GUID@@PEAPEAX@Z 00000001800071b8 f i ImageScanner.obj
 0001:00006270       ?CreateInstance@?$CComObject@V?$CComEnum@UIEnumConnectionPoints@@$1?_GUID_b196b285_bab4_101a_b69c_00aa00341d07@@3U__s_GUID@@BPEAUIConnectionPoint@@V?$_CopyInterface@UIConnectionPoint@@@ATL@@VCComSingleThreadModel@6@@ATL@@@ATL@@SAJPEAPEAV12@@Z 0000000180007270 f i ImageScanner.obj
 0001:000062fc       ?CreateInstance@?$CComObject@V?$CComEnum@UIEnumConnections@@$1?_GUID_b196b287_bab4_101a_b69c_00aa00341d07@@3U__s_GUID@@BUtagCONNECTDATA@@V?$_Copy@UtagCONNECTDATA@@@ATL@@VCComSingleThreadModel@6@@ATL@@@ATL@@SAJPEAPEAV12@@Z 00000001800072fc f i ImageScanner.obj
 0001:00006388       ?DefaultReflectionHandler@?$CWindowImplRoot@VCWindow@ATL@@@ATL@@SAHPEAUHWND__@@I_K_JAEA_J@Z 0000000180007388 f i ImageScanner.obj
 0001:000063ec       ?DoEvent@COPOSImageScanner@@IEAAXI_K_J@Z 00000001800073ec f i ImageScanner.obj
 0001:000064a0       ?DoVerbPrimary@?$IOleObjectImpl@VCOPOSImageScanner@@@ATL@@QEAAJPEBUtagRECT@@PEAUHWND__@@@Z 00000001800074a0 f i ImageScanner.obj
 0001:000065c8       ?DoVerbProperties@CComControlBase@ATL@@QEAAJPEBUtagRECT@@PEAUHWND__@@@Z 00000001800075c8 f i ImageScanner.obj
 0001:000067f0       ?FireTheEvent@?$CProxy_IOPOSEvents@VCOPOSImageScanner@@@@IEAAXPEAVOposVariant@@IAEAJPEB_WJ@Z 00000001800077f0 f i ImageScanner.obj
 0001:000068dc       ?FireViewChange@CComControlBase@ATL@@QEAAJXZ 00000001800078dc f i ImageScanner.obj
 0001:00006940       ?Fire_DataEvent@?$CProxy_IOPOSEvents@VCOPOSImageScanner@@@@QEAAXJ@Z 0000000180007940 f i ImageScanner.obj
 0001:00006a2c       ?Fire_DirectIOEvent@?$CProxy_IOPOSEvents@VCOPOSImageScanner@@@@QEAAXJPEAJPEAPEA_W@Z 0000000180007a2c f i ImageScanner.obj
 0001:00006b84       ?Fire_ErrorEvent@?$CProxy_IOPOSEvents@VCOPOSImageScanner@@@@QEAAXJJJPEAJ@Z 0000000180007b84 f i ImageScanner.obj
 0001:00006cec       ?Fire_StatusUpdateEvent@?$CProxy_IOPOSEvents@VCOPOSImageScanner@@@@QEAAXJ@Z 0000000180007cec f i ImageScanner.obj
 0001:00006dd8       ?FreeHeap@?$CTempBuffer@_W$0EAA@VCCRTAllocator@ATL@@@ATL@@AEAAXXZ 0000000180007dd8 f i ImageScanner.obj
 0001:00006dd8       ?FreeHeap@?$CTempBuffer@_W$0BAA@VCCRTAllocator@ATL@@@ATL@@AEAAXXZ 0000000180007dd8 f i ImageScanner.obj
 0001:00006dd8       ?FreeHeap@?$CTempBuffer@E$0BAA@VCCRTAllocator@ATL@@@ATL@@AEAAXXZ 0000000180007dd8 f i ImageScanner.obj
 0001:00006de0       ?GetAmbientLocaleID@CComControlBase@ATL@@QEAAJAEAK@Z 0000000180007de0 f i ImageScanner.obj
 0001:00006ea0       ?GetAmbientUserMode@CComControlBase@ATL@@QEAAJAEAH@Z 0000000180007ea0 f i ImageScanner.obj
 0001:00006f74       ?GetClassObject@CComModule@ATL@@QEAAJAEBU_GUID@@0PEAPEAX@Z 0000000180007f74 f i ImageScanner.obj
 0001:00007068       ?GetConnMap@COPOSImageScanner@@SAPEBU_ATL_CONNMAP_ENTRY@ATL@@PEAH@Z 0000000180008068 f i ImageScanner.obj
 0001:000070f0       ?GetIDsOfNames@CComTypeInfoHolder@ATL@@QEAAJAEBU_GUID@@PEAPEA_WIKPEAJ@Z 00000001800080f0 f i ImageScanner.obj
 0001:00007268       ?GetPagesHelper@?$ISpecifyPropertyPagesImpl@VCOPOSImageScanner@@@ATL@@IEAAJPEAUtagCAUUID@@PEBUATL_PROPMAP_ENTRY@2@@Z 0000000180008268 f i ImageScanner.obj
 0001:00007408       ?GetSizeMax@CComVariant@ATL@@QEBAJPEAT_ULARGE_INTEGER@@@Z 0000000180008408 f i ImageScanner.obj
 0001:0000763c       ?GetTI@CComTypeInfoHolder@ATL@@QEAAJK@Z 000000018000863c f i ImageScanner.obj
 0001:000078b4       ?GetZoomInfo@CComControlBase@ATL@@QEAAXAEAUATL_DRAWINFO@@@Z 00000001800088b4 f i ImageScanner.obj
 0001:00007958       ?HKeyFromString@CRegParser@ATL@@KAPEAUHKEY__@@PEA_W@Z 0000000180008958 f i ImageScanner.obj
 0001:000079bc       ?IDataObject_GetData@CComControlBase@ATL@@QEAAJPEAUtagFORMATETC@@PEAUtagSTGMEDIUM@@@Z 00000001800089bc f i ImageScanner.obj
 0001:00007bb0       ?IOleInPlaceObject_InPlaceDeactivate@CComControlBase@ATL@@QEAAJXZ 0000000180008bb0 f i ImageScanner.obj
 0001:00007c50       ?IOleInPlaceObject_SetObjectRects@CComControlBase@ATL@@QEAAJPEBUtagRECT@@0@Z 0000000180008c50 f i ImageScanner.obj
 0001:00007d40       ?IOleInPlaceObject_UIDeactivate@CComControlBase@ATL@@QEAAJXZ 0000000180008d40 f i ImageScanner.obj
 0001:00007e4c       ?IOleObject_Close@CComControlBase@ATL@@QEAAJK@Z 0000000180008e4c f i ImageScanner.obj
 0001:00007f64       ?IOleObject_SetClientSite@CComControlBase@ATL@@QEAAJPEAUIOleClientSite@@@Z 0000000180008f64 f i ImageScanner.obj
 0001:00007fdc       ?IOleObject_SetExtent@CComControlBase@ATL@@QEAAJKPEAUtagSIZE@@@Z 0000000180008fdc f i ImageScanner.obj
 0001:00008074       ?IPSI_GetIPersistStreamInit@?$IPersistStorageImpl@VCOPOSImageScanner@@@ATL@@AEAAPEAUIPersistStreamInit@@XZ 0000000180009074 f i ImageScanner.obj
 0001:000080d0       ?IQuickActivate_QuickActivate@CComControlBase@ATL@@QEAAJPEAUtagQACONTAINER@@PEAUtagQACONTROL@@@Z 00000001800090d0 f i ImageScanner.obj
 0001:00008394       ?IViewObject_Draw@CComControlBase@ATL@@QEAAJKJPEAXPEAUtagDVTARGETDEVICE@@PEAUHDC__@@2PEBU_RECTL@@3@Z 0000000180009394 f i ImageScanner.obj
 0001:000084a8       ?InPlaceActivate@CComControlBase@ATL@@QEAAJJPEBUtagRECT@@@Z 00000001800094a8 f i ImageScanner.obj
 0001:000087e0       ?Init@?$CComEnumImpl@UIEnumConnectionPoints@@$1?_GUID_b196b285_bab4_101a_b69c_00aa00341d07@@3U__s_GUID@@BPEAUIConnectionPoint@@V?$_CopyInterface@UIConnectionPoint@@@ATL@@@ATL@@QEAAJPEAPEAUIConnectionPoint@@0PEAUIUnknown@@W4CComEnumFlags@2@@Z 00000001800097e0 f i ImageScanner.obj
 0001:00008900       ?Init@?$CComEnumImpl@UIEnumConnections@@$1?_GUID_b196b287_bab4_101a_b69c_00aa00341d07@@3U__s_GUID@@BUtagCONNECTDATA@@V?$_Copy@UtagCONNECTDATA@@@ATL@@@ATL@@QEAAJPEAUtagCONNECTDATA@@0PEAUIUnknown@@W4CComEnumFlags@2@@Z 0000000180009900 f i ImageScanner.obj
 0001:00008a24       ?IsEqualObject@?$CComPtrBase@UIOleClientSite@@@ATL@@QEAA_NPEAUIUnknown@@@Z 0000000180009a24 f i ImageScanner.obj
 0001:00008a24       ?IsEqualObject@?$CComPtrBase@UITypeInfo@@@ATL@@QEAA_NPEAUIUnknown@@@Z 0000000180009a24 f i ImageScanner.obj
 0001:00008ab0       ?LoadNameCache@CComTypeInfoHolder@ATL@@QEAAJPEAUITypeInfo@@@Z 0000000180009ab0 f i ImageScanner.obj
 0001:00008c34       ?Lookup@?$CSimpleMap@PEA_WPEA_WVCExpansionVectorEqualHelper@ATL@@@ATL@@QEBAPEA_WAEBQEA_W@Z 0000000180009c34 f i ImageScanner.obj
 0001:00008cc0       ?NextToken@CRegParser@ATL@@IEAAJPEA_W@Z 0000000180009cc0 f i ImageScanner.obj
 0001:00008e78       ?OnKillFocus@CComControlBase@ATL@@QEAA_JI_K_JAEAH@Z 0000000180009e78 f i ImageScanner.obj
 0001:00008f14       ?OnMouseActivate@CComControlBase@ATL@@QEAA_JI_K_JAEAH@Z 0000000180009f14 f i ImageScanner.obj
 0001:00008fb4       ?OnPaint@CComControlBase@ATL@@QEAA_JI_K_JAEAH@Z 0000000180009fb4 f i ImageScanner.obj
 0001:000090a0       ?OnSetFocus@CComControlBase@ATL@@QEAA_JI_K_JAEAH@Z 000000018000a0a0 f i ImageScanner.obj
 0001:0000919c       ?Open@CRegKey@ATL@@QEAAJPEAUHKEY__@@PEB_WK@Z 000000018000a19c f i ImageScanner.obj
 0001:00009218       ?PreProcessBuffer@CRegParser@ATL@@QEAAJPEA_WPEAPEA_W@Z 000000018000a218 f i ImageScanner.obj
 0001:0000959c       ?ProcessWindowMessage@?$CComControl@VCOPOSImageScanner@@V?$CWindowImpl@VCOPOSImageScanner@@VCWindow@ATL@@V?$CWinTraits@$0FGAAAAAA@$0A@@3@@ATL@@@ATL@@UEAAHPEAUHWND__@@I_K_JAEA_JK@Z 000000018000a59c f i ImageScanner.obj
 0001:00009680       ?PutProperty@?$CComPtr@UIDispatch@@@ATL@@SAJPEAUIDispatch@@JPEAUtagVARIANT@@@Z 000000018000a680 f i ImageScanner.obj
 0001:00009784       ?ReadFromStream@CComBSTR@ATL@@QEAAJPEAUIStream@@@Z 000000018000a784 f i ImageScanner.obj
 0001:000098e0       ?ReadFromStream@CComVariant@ATL@@QEAAJPEAUIStream@@GTClassesAllowedInStream@2@K@Z 000000018000a8e0 f i ImageScanner.obj
 0001:00009af0       ?RecurseDeleteKey@CRegKey@ATL@@QEAAJPEB_W@Z 000000018000aaf0 f i ImageScanner.obj
 0001:00009c14       ?RegCreateKeyExW@CAtlTransactionManager@ATL@@QEAAJPEAUHKEY__@@PEB_WKPEA_WKKQEAU_SECURITY_ATTRIBUTES@@PEAPEAU3@PEAK@Z 000000018000ac14 f i ImageScanner.obj
 0001:00009d48       ?RegDeleteKeyW@CAtlTransactionManager@ATL@@QEAAJPEAUHKEY__@@PEB_W@Z 000000018000ad48 f i ImageScanner.obj
 0001:00009dd4       ?RegOpenKeyExW@CAtlTransactionManager@ATL@@QEAAJPEAUHKEY__@@PEB_WKKPEAPEAU3@@Z 000000018000add4 f i ImageScanner.obj
 0001:00009e8c       ?RegisterBuffer@CRegParser@ATL@@QEAAJPEA_WH@Z 000000018000ae8c f i ImageScanner.obj
 0001:00009ff4       ?RegisterFromResource@CRegObject@ATL@@IEAAJPEB_W00H@Z 000000018000aff4 f i ImageScanner.obj
 0001:0000a1b0       ?RegisterServer@CComModule@ATL@@QEAAJHPEBU_GUID@@@Z 000000018000b1b0 f i ImageScanner.obj
 0001:0000a270       ?RegisterSubkeys@CRegParser@ATL@@IEAAJPEA_WPEAUHKEY__@@HH@Z 000000018000b270 f i ImageScanner.obj
 0001:0000a960       ?SendOnDataChange@CComControlBase@ATL@@QEAAJK@Z 000000018000b960 f i ImageScanner.obj
 0001:0000a9d0       ?SetControlFocus@CComControlBase@ATL@@QEAAHH@Z 000000018000b9d0 f i ImageScanner.obj
 0001:0000aaac       ?SkipAssignment@CRegParser@ATL@@IEAAJPEA_W@Z 000000018000baac f i ImageScanner.obj
 0001:0000ab50       ?Term@CComModule@ATL@@QEAAXXZ 000000018000bb50 f i ImageScanner.obj
 0001:0000abfc       ?UnregisterServer@CComModule@ATL@@QEAAJHPEBU_GUID@@@Z 000000018000bbfc f i ImageScanner.obj
 0001:0000acac       ?UpdateRegistryFromResource@CAtlModule@ATL@@QEAAJIHPEAU_ATL_REGMAP_ENTRY@2@@Z 000000018000bcac f i ImageScanner.obj
 0001:0000afe4       ?UpdateRegistryFromResource@CAtlModule@ATL@@QEAAJPEB_WHPEAU_ATL_REGMAP_ENTRY@2@@Z 000000018000bfe4 f i ImageScanner.obj
 0001:0000b33c       ?VTFromRegType@CRegParser@ATL@@KAHPEB_WAEAG@Z 000000018000c33c f i ImageScanner.obj
 0001:0000b3d8       ?WindowProc@?$CWindowImplBaseT@VCWindow@ATL@@V?$CWinTraits@$0FGAAAAAA@$0A@@2@@ATL@@SA_JPEAUHWND__@@I_K_J@Z 000000018000c3d8 f i ImageScanner.obj
 0001:0000b544       ?WriteToStream@CComBSTR@ATL@@QEAAJPEAUIStream@@@Z 000000018000c544 f i ImageScanner.obj
 0001:0000b5c4       ?WriteToStream@CComVariant@ATL@@QEAAJPEAUIStream@@@Z 000000018000c5c4 f i ImageScanner.obj
 0001:0000b7d8       ?WriteToStream@CComVariant@ATL@@QEAAJPEAUIStream@@G@Z 000000018000c7d8 f i ImageScanner.obj
 0001:0000b870       ?_AtlVerifyStackAvailable@_ATL_SAFE_ALLOCA_IMPL@ATL@@YA_N_K@Z 000000018000c870 f i ImageScanner.obj
 0001:0000b8f4       DllCanUnloadNow            000000018000c8f4 f   ImageScanner.obj
 0001:0000b900       DllGetClassObject          000000018000c900 f   ImageScanner.obj
 0001:0000b918       DllMain                    000000018000c918 f   ImageScanner.obj
 0001:0000b9c0       DllRegisterServer          000000018000c9c0 f   ImageScanner.obj
 0001:0000b9d4       DllUnregisterServer        000000018000c9d4 f   ImageScanner.obj
 0001:0000b9e8       __local_stdio_printf_options 000000018000c9e8 f i ImageScanner.obj
 0001:0000ba78       swprintf_s                 000000018000ca78 f i ImageScanner.obj
 0001:0000bacc       ??0COPOSImageScanner@@QEAA@XZ 000000018000cacc f   ImageScannerImpl.obj
 0001:0000bb94       ??1?$IConnectionPointImpl@VCOPOSImageScanner@@$1?IID_IPropertyNotifySink@@3U_GUID@@BVCComDynamicUnkArray@ATL@@@ATL@@QEAA@XZ 000000018000cb94 f i ImageScannerImpl.obj
 0001:0000bb94       ??1?$IConnectionPointImpl@VCOPOSImageScanner@@$1?DIID__IOPOSImageScannerEvents@@3U_GUID@@BVCComDynamicUnkArray@ATL@@@ATL@@QEAA@XZ 000000018000cb94 f i ImageScannerImpl.obj
 0001:0000bbf0       ??1CComControlBase@ATL@@UEAA@XZ 000000018000cbf0 f i ImageScannerImpl.obj
 0001:0000bc6c       ??1COPOSImageScanner@@UEAA@XZ 000000018000cc6c f   ImageScannerImpl.obj
 0001:0000bcd0       ?CheckHealth@COPOSImageScanner@@UEAAJJPEAJ@Z 000000018000ccd0 f   ImageScannerImpl.obj
 0001:0000bd4c       ?ClaimDevice@COPOSImageScanner@@UEAAJJPEAJ@Z 000000018000cd4c f   ImageScannerImpl.obj
 0001:0000bdec       ?ClearInput@COPOSImageScanner@@UEAAJPEAJ@Z 000000018000cdec f   ImageScannerImpl.obj
 0001:0000be14       ?ClearInputProperties@COPOSImageScanner@@UEAAJPEAJ@Z 000000018000ce14 f   ImageScannerImpl.obj
 0001:0000be3c       ?Close@COPOSImageScanner@@UEAAJPEAJ@Z 000000018000ce3c f   ImageScannerImpl.obj
 0001:0000bef4       ?CompareFirmwareVersion@COPOSImageScanner@@UEAAJPEA_WPEAJ1@Z 000000018000cef4 f   ImageScannerImpl.obj
 0001:0000bfd0       ?DirectIO@COPOSImageScanner@@UEAAJJPEAJPEAPEA_W0@Z 000000018000cfd0 f   ImageScannerImpl.obj
 0001:0000c0cc       ?DoInvoke@COPOSImageScanner@@IEAAJJPEAVOposVariant@@IHPEAJ_N@Z 000000018000d0cc f   ImageScannerImpl.obj
 0001:0000c200       ?EventInit@COPOSImageScanner@@IEAAJXZ 000000018000d200 f i ImageScannerImpl.obj
 0001:0000c348       ?EventUninit@COPOSImageScanner@@IEAAXXZ 000000018000d348 f i ImageScannerImpl.obj
 0001:0000c3ac       ?EventWindowProc@COPOSImageScanner@@IEAA_JI_K_J@Z 000000018000d3ac f i ImageScannerImpl.obj
 0001:0000c538       ?FinalConstruct@COPOSImageScanner@@QEAAJXZ 000000018000d538 f   ImageScannerImpl.obj
 0001:0000c574       ?FreezeEvents@COPOSImageScanner@@MEAAJH@Z 000000018000d574 f   ImageScannerImpl.obj
 0001:0000c5e8       ?GetOposProp@COPOSImageScanner@@IEAAJJPEAJJ@Z 000000018000d5e8 f   ImageScannerImpl.obj
 0001:0000c704       ?GetOposProp@COPOSImageScanner@@IEAAJJPEAPEA_WJ@Z 000000018000d704 f   ImageScannerImpl.obj
 0001:0000c830       ?OnDraw@COPOSImageScanner@@MEAAJAEAUATL_DRAWINFO@@@Z 000000018000d830 f   ImageScannerImpl.obj
 0001:0000c91c       ?Open@COPOSImageScanner@@UEAAJPEA_WPEAJ@Z 000000018000d91c f   ImageScannerImpl.obj
 0001:0000d1a4       ?ReleaseDevice@COPOSImageScanner@@UEAAJPEAJ@Z 000000018000e1a4 f   ImageScannerImpl.obj
 0001:0000d210       ?ResetStatistics@COPOSImageScanner@@UEAAJPEA_WPEAJ@Z 000000018000e210 f   ImageScannerImpl.obj
 0001:0000d298       ?RetrieveStatistics@COPOSImageScanner@@UEAAJPEAPEA_WPEAJ@Z 000000018000e298 f   ImageScannerImpl.obj
 0001:0000d320       ?SOProcessID@COPOSImageScanner@@UEAAJPEAJ@Z 000000018000e320 f   ImageScannerImpl.obj
 0001:0000d33c       ?SetCOFreezeEvents@COPOSImageScanner@@IEAAXF@Z 000000018000e33c f   ImageScannerImpl.obj
 0001:0000d420       ?SetOposProp@COPOSImageScanner@@IEAAJJJJ@Z 000000018000e420 f   ImageScannerImpl.obj
 0001:0000d580       ?StartSession@COPOSImageScanner@@UEAAJPEAJ@Z 000000018000e580 f   ImageScannerImpl.obj
 0001:0000d5a8       ?StopSession@COPOSImageScanner@@UEAAJPEAJ@Z 000000018000e5a8 f   ImageScannerImpl.obj
 0001:0000d5d0       ?UpdateFirmware@COPOSImageScanner@@UEAAJPEA_WPEAJ@Z 000000018000e5d0 f   ImageScannerImpl.obj
 0001:0000d658       ?UpdateStatistics@COPOSImageScanner@@UEAAJPEA_WPEAJ@Z 000000018000e658 f   ImageScannerImpl.obj
 0001:0000d6e0       ?get_AimMode@COPOSImageScanner@@UEAAJPEAF@Z 000000018000e6e0 f   ImageScannerImpl.obj
 0001:0000d714       ?get_AutoDisable@COPOSImageScanner@@UEAAJPEAF@Z 000000018000e714 f   ImageScannerImpl.obj
 0001:0000d748       ?get_BinaryConversion@COPOSImageScanner@@UEAAJPEAJ@Z 000000018000e748 f   ImageScannerImpl.obj
 0001:0000d75c       ?get_BitsPerPixel@COPOSImageScanner@@UEAAJPEAJ@Z 000000018000e75c f   ImageScannerImpl.obj
 0001:0000d770       ?get_CapAim@COPOSImageScanner@@UEAAJPEAF@Z 000000018000e770 f   ImageScannerImpl.obj
 0001:0000d7a4       ?get_CapCompareFirmwareVersion@COPOSImageScanner@@UEAAJPEAF@Z 000000018000e7a4 f   ImageScannerImpl.obj
 0001:0000d7d8       ?get_CapDecodeData@COPOSImageScanner@@UEAAJPEAF@Z 000000018000e7d8 f   ImageScannerImpl.obj
 0001:0000d80c       ?get_CapHostTriggered@COPOSImageScanner@@UEAAJPEAF@Z 000000018000e80c f   ImageScannerImpl.obj
 0001:0000d840       ?get_CapIlluminate@COPOSImageScanner@@UEAAJPEAF@Z 000000018000e840 f   ImageScannerImpl.obj
 0001:0000d874       ?get_CapImageData@COPOSImageScanner@@UEAAJPEAF@Z 000000018000e874 f   ImageScannerImpl.obj
 0001:0000d8a8       ?get_CapImageQuality@COPOSImageScanner@@UEAAJPEAF@Z 000000018000e8a8 f   ImageScannerImpl.obj
 0001:0000d8dc       ?get_CapPowerReporting@COPOSImageScanner@@UEAAJPEAJ@Z 000000018000e8dc f   ImageScannerImpl.obj
 0001:0000d8f0       ?get_CapStatisticsReporting@COPOSImageScanner@@UEAAJPEAF@Z 000000018000e8f0 f   ImageScannerImpl.obj
 0001:0000d924       ?get_CapUpdateFirmware@COPOSImageScanner@@UEAAJPEAF@Z 000000018000e924 f   ImageScannerImpl.obj
 0001:0000d958       ?get_CapUpdateStatistics@COPOSImageScanner@@UEAAJPEAF@Z 000000018000e958 f   ImageScannerImpl.obj
 0001:0000d98c       ?get_CapVideoData@COPOSImageScanner@@UEAAJPEAF@Z 000000018000e98c f   ImageScannerImpl.obj
 0001:0000d9c0       ?get_CheckHealthText@COPOSImageScanner@@UEAAJPEAPEA_W@Z 000000018000e9c0 f   ImageScannerImpl.obj
 0001:0000d9d4       ?get_Claimed@COPOSImageScanner@@UEAAJPEAF@Z 000000018000e9d4 f   ImageScannerImpl.obj
 0001:0000da08       ?get_ControlObjectDescription@COPOSImageScanner@@UEAAJPEAPEA_W@Z 000000018000ea08 f   ImageScannerImpl.obj
 0001:0000da6c       ?get_ControlObjectVersion@COPOSImageScanner@@UEAAJPEAJ@Z 000000018000ea6c f   ImageScannerImpl.obj
 0001:0000da78       ?get_DataCount@COPOSImageScanner@@UEAAJPEAJ@Z 000000018000ea78 f   ImageScannerImpl.obj
 0001:0000da8c       ?get_DataEventEnabled@COPOSImageScanner@@UEAAJPEAF@Z 000000018000ea8c f   ImageScannerImpl.obj
 0001:0000dac0       ?get_DeviceDescription@COPOSImageScanner@@UEAAJPEAPEA_W@Z 000000018000eac0 f   ImageScannerImpl.obj
 0001:0000dad4       ?get_DeviceEnabled@COPOSImageScanner@@UEAAJPEAF@Z 000000018000ead4 f   ImageScannerImpl.obj
 0001:0000db08       ?get_DeviceName@COPOSImageScanner@@UEAAJPEAPEA_W@Z 000000018000eb08 f   ImageScannerImpl.obj
 0001:0000db1c       ?get_FrameData@COPOSImageScanner@@UEAAJPEAPEA_W@Z 000000018000eb1c f   ImageScannerImpl.obj
 0001:0000db30       ?get_FrameType@COPOSImageScanner@@UEAAJPEAJ@Z 000000018000eb30 f   ImageScannerImpl.obj
 0001:0000db44       ?get_FreezeEvents@COPOSImageScanner@@UEAAJPEAF@Z 000000018000eb44 f   ImageScannerImpl.obj
 0001:0000db74       ?get_IlluminateMode@COPOSImageScanner@@UEAAJPEAF@Z 000000018000eb74 f   ImageScannerImpl.obj
 0001:0000dba8       ?get_ImageHeight@COPOSImageScanner@@UEAAJPEAJ@Z 000000018000eba8 f   ImageScannerImpl.obj
 0001:0000dbbc       ?get_ImageLength@COPOSImageScanner@@UEAAJPEAJ@Z 000000018000ebbc f   ImageScannerImpl.obj
 0001:0000dbd0       ?get_ImageMode@COPOSImageScanner@@UEAAJPEAJ@Z 000000018000ebd0 f   ImageScannerImpl.obj
 0001:0000dbe4       ?get_ImageQuality@COPOSImageScanner@@UEAAJPEAJ@Z 000000018000ebe4 f   ImageScannerImpl.obj
 0001:0000dbf8       ?get_ImageType@COPOSImageScanner@@UEAAJPEAJ@Z 000000018000ebf8 f   ImageScannerImpl.obj
 0001:0000dc0c       ?get_ImageWidth@COPOSImageScanner@@UEAAJPEAJ@Z 000000018000ec0c f   ImageScannerImpl.obj
 0001:0000dc20       ?get_OpenResult@COPOSImageScanner@@UEAAJPEAJ@Z 000000018000ec20 f   ImageScannerImpl.obj
 0001:0000dc2c       ?get_PowerNotify@COPOSImageScanner@@UEAAJPEAJ@Z 000000018000ec2c f   ImageScannerImpl.obj
 0001:0000dc40       ?get_PowerState@COPOSImageScanner@@UEAAJPEAJ@Z 000000018000ec40 f   ImageScannerImpl.obj
 0001:0000dc54       ?get_ResultCode@COPOSImageScanner@@UEAAJPEAJ@Z 000000018000ec54 f   ImageScannerImpl.obj
 0001:0000dc90       ?get_ResultCodeExtended@COPOSImageScanner@@UEAAJPEAJ@Z 000000018000ec90 f   ImageScannerImpl.obj
 0001:0000dca4       ?get_ServiceObjectDescription@COPOSImageScanner@@UEAAJPEAPEA_W@Z 000000018000eca4 f   ImageScannerImpl.obj
 0001:0000dcb8       ?get_ServiceObjectVersion@COPOSImageScanner@@UEAAJPEAJ@Z 000000018000ecb8 f   ImageScannerImpl.obj
 0001:0000dccc       ?get_State@COPOSImageScanner@@UEAAJPEAJ@Z 000000018000eccc f   ImageScannerImpl.obj
 0001:0000dcf8       ?get_VideoCount@COPOSImageScanner@@UEAAJPEAJ@Z 000000018000ecf8 f   ImageScannerImpl.obj
 0001:0000dd0c       ?get_VideoRate@COPOSImageScanner@@UEAAJPEAJ@Z 000000018000ed0c f   ImageScannerImpl.obj
 0001:0000dd20       ?put_AimMode@COPOSImageScanner@@UEAAJF@Z 000000018000ed20 f   ImageScannerImpl.obj
 0001:0000dd3c       ?put_AutoDisable@COPOSImageScanner@@UEAAJF@Z 000000018000ed3c f   ImageScannerImpl.obj
 0001:0000dd54       ?put_BinaryConversion@COPOSImageScanner@@UEAAJJ@Z 000000018000ed54 f   ImageScannerImpl.obj
 0001:0000dd68       ?put_DataEventEnabled@COPOSImageScanner@@UEAAJF@Z 000000018000ed68 f   ImageScannerImpl.obj
 0001:0000dd80       ?put_DeviceEnabled@COPOSImageScanner@@UEAAJF@Z 000000018000ed80 f   ImageScannerImpl.obj
 0001:0000dd98       ?put_FreezeEvents@COPOSImageScanner@@UEAAJF@Z 000000018000ed98 f   ImageScannerImpl.obj
 0001:0000dde8       ?put_IlluminateMode@COPOSImageScanner@@UEAAJF@Z 000000018000ede8 f   ImageScannerImpl.obj
 0001:0000de04       ?put_ImageMode@COPOSImageScanner@@UEAAJJ@Z 000000018000ee04 f   ImageScannerImpl.obj
 0001:0000de18       ?put_ImageQuality@COPOSImageScanner@@UEAAJJ@Z 000000018000ee18 f   ImageScannerImpl.obj
 0001:0000de2c       ?put_PowerNotify@COPOSImageScanner@@UEAAJJ@Z 000000018000ee2c f   ImageScannerImpl.obj
 0001:0000de40       ?put_VideoCount@COPOSImageScanner@@UEAAJJ@Z 000000018000ee40 f   ImageScannerImpl.obj
 0001:0000de54       ?put_VideoRate@COPOSImageScanner@@UEAAJJ@Z 000000018000ee54 f   ImageScannerImpl.obj
 0001:0000de68       ?s_EventWindowProc@COPOSImageScanner@@KA_JPEAUHWND__@@I_K_J@Z 000000018000ee68 f i ImageScannerImpl.obj
 0001:0000dee4       ??_U@YAPEAX_K@Z            000000018000eee4 f   LIBCMT:new_array.obj
 0001:0000deec       ??3@YAXPEAX_K@Z            000000018000eeec f   LIBCMT:delete_scalar_size.obj
 0001:0000deec       ??_V@YAXPEAX@Z             000000018000eeec f   LIBCMT:delete_array.obj
 0001:0000def4       ??_V@YAXPEAX_K@Z           000000018000eef4 f   LIBCMT:delete_array_size.obj
 0001:0000defc       __scrt_acquire_startup_lock 000000018000eefc f   LIBCMT:utility.obj
 0001:0000df38       __scrt_dllmain_after_initialize_c 000000018000ef38 f   LIBCMT:utility.obj
 0001:0000df6c       __scrt_dllmain_before_initialize_c 000000018000ef6c f   LIBCMT:utility.obj
 0001:0000df84       __scrt_dllmain_crt_thread_attach 000000018000ef84 f   LIBCMT:utility.obj
 0001:0000dfac       __scrt_dllmain_crt_thread_detach 000000018000efac f   LIBCMT:utility.obj
 0001:0000dfc4       __scrt_dllmain_exception_filter 000000018000efc4 f   LIBCMT:utility.obj
 0001:0000e024       __scrt_dllmain_uninitialize_c 000000018000f024 f   LIBCMT:utility.obj
 0001:0000e054       __scrt_dllmain_uninitialize_critical 000000018000f054 f   LIBCMT:utility.obj
 0001:0000e068       __scrt_initialize_crt      000000018000f068 f   LIBCMT:utility.obj
 0001:0000e0b4       __scrt_initialize_onexit_tables 000000018000f0b4 f   LIBCMT:utility.obj
 0001:0000e18c       __scrt_is_nonwritable_in_current_image 000000018000f18c f   LIBCMT:utility.obj
 0001:0000e228       __scrt_release_startup_lock 000000018000f228 f   LIBCMT:utility.obj
 0001:0000e24c       __scrt_uninitialize_crt    000000018000f24c f   LIBCMT:utility.obj
 0001:0000e278       _onexit                    000000018000f278 f   LIBCMT:utility.obj
 0001:0000e2c8       atexit                     000000018000f2c8 f   LIBCMT:utility.obj
 0001:0000e2e0       ??3@YAXPEAX@Z              000000018000f2e0 f   LIBCMT:delete_scalar.obj
 0001:0000e470       _Init_thread_footer        000000018000f470 f   LIBCMT:thread_safe_statics.obj
 0001:0000e4d0       _Init_thread_header        000000018000f4d0 f   LIBCMT:thread_safe_statics.obj
 0001:0000e538       _Init_thread_notify        000000018000f538 f   LIBCMT:thread_safe_statics.obj
 0001:0000e588       _Init_thread_wait          000000018000f588 f   LIBCMT:thread_safe_statics.obj
 0001:0000e600       __raise_securityfailure    000000018000f600 f   LIBCMT:gs_report.obj
 0001:0000e634       __report_gsfailure         000000018000f634 f   LIBCMT:gs_report.obj
 0001:0000e708       __report_rangecheckfailure 000000018000f708 f   LIBCMT:gs_report.obj
 0001:0000e71c       __report_securityfailure   000000018000f71c f   LIBCMT:gs_report.obj
 0001:0000e89c       ??2@YAPEAX_KAEBUnothrow_t@std@@@Z 000000018000f89c f   LIBCMT:new_scalar_nothrow.obj
 0001:0000e8bc       ??_U@YAPEAX_KAEBUnothrow_t@std@@@Z 000000018000f8bc f   LIBCMT:new_array_nothrow.obj
 0001:0000e8c4       __GSHandlerCheck           000000018000f8c4 f   LIBCMT:_gshandler_.obj
 0001:0000e8e4       __GSHandlerCheckCommon     000000018000f8e4 f   LIBCMT:_gshandler_.obj
 0001:0000e940       __GSHandlerCheck_SEH       000000018000f940 f   LIBCMT:_gshandlerseh_.obj
 0001:0000e9e0       _alloca_probe              000000018000f9e0 f   LIBCMT:_chkstk_.obj
 0001:0000e9e0       __chkstk                   000000018000f9e0 f   LIBCMT:_chkstk_.obj
 0001:0000ea50       __security_check_cookie    000000018000fa50 f   LIBCMT:_amdsecgs_.obj
 0001:0000eda4       _DllMainCRTStartup         000000018000fda4 f   LIBCMT:dll_dllmain.obj
 0001:0000ede4       ??2@YAPEAX_K@Z             000000018000fde4 f   LIBCMT:new_scalar.obj
 0001:0000ee20       __isa_available_init       000000018000fe20 f   LIBCMT:_cpu_disp_.obj
 0001:0000efdc       _get_startup_argv_mode     000000018000ffdc f   LIBCMT:argv_mode.obj
 0001:0000efe4       __scrt_is_ucrt_dll_in_use  000000018000ffe4 f   LIBCMT:ucrt_detection.obj
 0001:0000eff0       __crt_debugger_hook        000000018000fff0 f   LIBCMT:utility_desktop.obj
 0001:0000eff8       __scrt_fastfail            000000018000fff8 f   LIBCMT:utility_desktop.obj
 0001:0000f144       _guard_check_icall_nop     0000000180010144 f i LIBCMT:guard_support.obj
 0001:0000f148       __security_init_cookie     0000000180010148 f   LIBCMT:gs_support.obj
 0001:0000f1f4       ?__scrt_initialize_type_info@@YAXXZ 00000001800101f4 f   LIBCMT:tncleanup.obj
 0001:0000f204       ?__scrt_uninitialize_type_info@@YAXXZ 0000000180010204 f   LIBCMT:tncleanup.obj
 0001:0000f210       __local_stdio_scanf_options 0000000180010210 f i LIBCMT:default_local_stdio_options.obj
 0001:0000f218       __scrt_initialize_default_local_stdio_options 0000000180010218 f   LIBCMT:default_local_stdio_options.obj
 0001:0000f234       __scrt_get_dyn_tls_init_callback 0000000180010234 f   LIBCMT:dyn_tls_init.obj
 0001:0000f23c       _RTC_Initialize            000000018001023c f   LIBCMT:_initsect_.obj
 0001:0000f278       _RTC_Terminate             0000000180010278 f   LIBCMT:_initsect_.obj
 0001:0000f2b4       ??0bad_alloc@std@@QEAA@AEBV01@@Z 00000001800102b4 f i LIBCMT:throw_bad_alloc.obj
 0001:0000f2f4       ??0bad_alloc@std@@QEAA@XZ  00000001800102f4 f i LIBCMT:throw_bad_alloc.obj
 0001:0000f314       ??0bad_array_new_length@std@@QEAA@AEBV01@@Z 0000000180010314 f i LIBCMT:throw_bad_alloc.obj
 0001:0000f354       ??0bad_array_new_length@std@@QEAA@XZ 0000000180010354 f i LIBCMT:throw_bad_alloc.obj
 0001:0000f374       ??0exception@std@@QEAA@AEBV01@@Z 0000000180010374 f i LIBCMT:throw_bad_alloc.obj
 0001:0000f3ac       ??1bad_alloc@std@@UEAA@XZ  00000001800103ac f i LIBCMT:throw_bad_alloc.obj
 0001:0000f3ac       ??1bad_array_new_length@std@@UEAA@XZ 00000001800103ac f i LIBCMT:throw_bad_alloc.obj
 0001:0000f3ac       ??1bad_exception@std@@UEAA@XZ 00000001800103ac f i libvcruntime:frame.obj
 0001:0000f3c0       ??_Eexception@std@@UEAAPEAXI@Z 00000001800103c0 f i LIBCMT:throw_bad_alloc.obj
 0001:0000f3c0       ??_Gexception@std@@UEAAPEAXI@Z 00000001800103c0 f i LIBCMT:throw_bad_alloc.obj
 0001:0000f3c0       ??_Gbad_alloc@std@@UEAAPEAXI@Z 00000001800103c0 f i LIBCMT:throw_bad_alloc.obj
 0001:0000f3c0       ??_Gbad_exception@std@@UEAAPEAXI@Z 00000001800103c0 f i libvcruntime:frame.obj
 0001:0000f3c0       ??_Ebad_array_new_length@std@@UEAAPEAXI@Z 00000001800103c0 f i LIBCMT:throw_bad_alloc.obj
 0001:0000f3c0       ??_Ebad_alloc@std@@UEAAPEAXI@Z 00000001800103c0 f i LIBCMT:throw_bad_alloc.obj
 0001:0000f3c0       ??_Gbad_array_new_length@std@@UEAAPEAXI@Z 00000001800103c0 f i LIBCMT:throw_bad_alloc.obj
 0001:0000f3c0       ??_Ebad_exception@std@@UEAAPEAXI@Z 00000001800103c0 f i libvcruntime:frame.obj
 0001:0000f404       ?__scrt_throw_std_bad_alloc@@YAXXZ 0000000180010404 f   LIBCMT:throw_bad_alloc.obj
[...]
 0004:000017d0       $pdata$__acrt_SetThreadStackGuarantee 00000001800337d0     libucrt:winapi_thunks.obj
 0004:000017dc       $pdata$?try_get_function@@YAPEAXW4function_id@?A0x391cf84c@@QEBDQEBW4module_id@2@2@Z 00000001800337dc     libucrt:winapi_thunks.obj
 0004:000017e8       $pdata$isdigit             00000001800337e8     libucrt:_ctype.obj
 0004:000017f4       $pdata$tolower             00000001800337f4     libucrt:tolower_toupper.obj
 0004:00001800       $pdata$_tolower_l          0000000180033800     libucrt:tolower_toupper.obj
 0004:0000180c       $pdata$?internal_isupper_l@@YA_NHQEAU__crt_locale_pointers@@@Z 000000018003380c     libucrt:tolower_toupper.obj
 0004:00001818       $pdata$wcstol              0000000180033818     libucrt:strtox.obj
 0004:00001824       $pdata$_mbtowc_l           0000000180033824     libucrt:mbtowc.obj
 0004:00001830       $pdata$wcsnlen             0000000180033830     libucrt:strnlen.obj
 0004:0000183c       $pdata$__acrt_update_locale_info 000000018003383c     libucrt:locale_update.obj
 0004:00001848       $pdata$__acrt_update_multibyte_info 0000000180033848     libucrt:locale_update.obj
 0004:00001854       $pdata$__acrt_fp_format    0000000180033854     libucrt:cvt.obj
 0004:00001860       $pdata$?fp_format_nan_or_infinity@@YAHW4__acrt_fp_class@@_NPEAD_K1@Z 0000000180033860     libucrt:cvt.obj
 0004:0000186c       $pdata$?fp_format_e_internal@@YAHQEAD_KH_NIQEAU_strflt@@2QEAU__crt_locale_pointers@@@Z 000000018003386c     libucrt:cvt.obj
 0004:00001878       $pdata$?fp_format_e@@YAHQEBNQEAD_K12H_NIQEAU__crt_locale_pointers@@@Z 0000000180033878     libucrt:cvt.obj
 0004:00001884       $pdata$?fp_format_a@@YAHQEBNPEAD_KQEAD2H_NIQEAU__crt_locale_pointers@@@Z 0000000180033884     libucrt:cvt.obj
 0004:00001890       $pdata$?fp_format_f_internal@@YAHQEAD_KHQEAU_strflt@@_NQEAU__crt_locale_pointers@@@Z 0000000180033890     libucrt:cvt.obj
 0004:0000189c       $pdata$?fp_format_g@@YAHQEBNQEAD_K12H_NIQEAU__crt_locale_pointers@@@Z 000000018003389c     libucrt:cvt.obj
 0004:000018a8       $pdata$_fileno             00000001800338a8     libucrt:fileno.obj
 0004:000018b4       $pdata$__acrt_initialize_stdio 00000001800338b4     libucrt:_file.obj
 0004:000018c0       $pdata$__acrt_uninitialize_stdio 00000001800338c0     libucrt:_file.obj
 0004:000018cc       $pdata$__acrt_uninitialize_locale 00000001800338cc     libucrt:wsetlocale.obj
 0004:000018d8       $pdata$??$?RV<lambda_410d79af7f07d98d83a3f525b3859a53>@@AEAV<lambda_3e16ef9562a7dcce91392c22ab16ea36>@@V<lambda_38119f0e861e05405d8a144b9b982f0a>@@@?$__crt_seh_guarded_call@X@@QEAAX$$QEAV<lambda_410d79af7f07d98d83a3f525b3859a53>@@AEAV<lambda_3e16ef9562a7dcce91392c22ab16ea36>@@$$QEAV<lambda_38119f0e861e05405d8a144b9b982f0a>@@@Z 00000001800338d8     libucrt:wsetlocale.obj
 0004:000018e4       $pdata$?fin$0@?0???$?RV<lambda_410d79af7f07d98d83a3f525b3859a53>@@AEAV<lambda_3e16ef9562a7dcce91392c22ab16ea36>@@V<lambda_38119f0e861e05405d8a144b9b982f0a>@@@?$__crt_seh_guarded_call@X@@QEAAX$$QEAV<lambda_410d79af7f07d98d83a3f525b3859a53>@@AEAV<lambda_3e16ef9562a7dcce91392c22ab16ea36>@@$$QEAV<lambda_38119f0e861e05405d8a144b9b982f0a>@@@Z@4HA 00000001800338e4     libucrt:wsetlocale.obj
 0004:000018f0       $pdata$__acrt_initialize_lowio 00000001800338f0     libucrt:ioinit.obj
 0004:000018fc       $pdata$__acrt_lowio_ensure_fh_exists$fin$0 00000001800338fc     libucrt:osfinfo.obj
 0004:000018fc       $pdata$__acrt_initialize_lowio$fin$0 00000001800338fc     libucrt:ioinit.obj
 0004:00001908       $pdata$__acrt_uninitialize_lowio 0000000180033908     libucrt:ioinit.obj
 0004:00001914       $pdata$?initialize_inherited_file_handles_nolock@@YAXXZ 0000000180033914     libucrt:ioinit.obj
 0004:00001920       $pdata$?initialize_stdio_handles_nolock@@YAXXZ 0000000180033920     libucrt:ioinit.obj
 0004:0000192c       $pdata$__acrt_initialize_locks 000000018003392c     libucrt:locks.obj
 0004:00001938       $pdata$__acrt_uninitialize_locks 0000000180033938     libucrt:locks.obj
 0004:00001944       $pdata$__acrt_get_process_end_policy 0000000180033944     libucrt:win_policies.obj
 0004:00001950       $pdata$??$common_expand_argv_wildcards@D@@YAHQEAPEADQEAPEAPEAD@Z 0000000180033950     libucrt:argv_wildcards.obj
 0004:0000195c       $pdata$??$copy_and_add_argument_to_buffer@D@@YAHQEBD0_KAEAV?$argument_list@D@?A0x5f5c8891@@@Z 000000018003395c     libucrt:argv_wildcards.obj
 0004:00001968       $pdata$??$expand_argument_wildcards@D@@YAHQEAD0AEAV?$argument_list@D@?A0x5f5c8891@@@Z 0000000180033968     libucrt:argv_wildcards.obj
 0004:00001974       $pdata$__acrt_update_thread_multibyte_data 0000000180033974     libucrt:mbctype.obj
 0004:00001980       $pdata$__acrt_initialize_multibyte 0000000180033980     libucrt:mbctype.obj
 0004:0000198c       $pdata$_setmbcp_nolock     000000018003398c     libucrt:mbctype.obj
 0004:00001998       $pdata$?getSystemCP@@YAHH@Z 0000000180033998     libucrt:mbctype.obj
 0004:000019a4       $pdata$?setSBCS@@YAXPEAU__crt_multibyte_data@@@Z 00000001800339a4     libucrt:mbctype.obj
 0004:000019b0       $pdata$?setSBUpLow@@YAXPEAU__crt_multibyte_data@@@Z 00000001800339b0     libucrt:mbctype.obj
 0004:000019bc       $pdata$?update_thread_multibyte_data_internal@@YAPEAU__crt_multibyte_data@@QEAU__acrt_ptd@@QEAU1@@Z 00000001800339bc     libucrt:mbctype.obj
 0004:000019c8       $pdata$?fin$0@?0??update_thread_multibyte_data_internal@@YAPEAU__crt_multibyte_data@@QEAU__acrt_ptd@@QEAU1@@Z@4HA 00000001800339c8     libucrt:mbctype.obj
 0004:000019d4       $pdata$?setmbcp_internal@@YAHH_NQEAU__acrt_ptd@@QEAPEAU__crt_multibyte_data@@@Z 00000001800339d4     libucrt:mbctype.obj
 0004:000019e0       $pdata$??$?RV<lambda_efdfa57d1f175319df784efa44bb7b81>@@AEAV<lambda_5f0a4c1567f8adc6734073e5d1e1b35c>@@V<lambda_2e8a7d3640ea6ccb4c2413664c2db6fd>@@@?$__crt_seh_guarded_call@X@@QEAAX$$QEAV<lambda_efdfa57d1f175319df784efa44bb7b81>@@AEAV<lambda_5f0a4c1567f8adc6734073e5d1e1b35c>@@$$QEAV<lambda_2e8a7d3640ea6ccb4c2413664c2db6fd>@@@Z 00000001800339e0     libucrt:mbctype.obj
 0004:000019ec       $pdata$?x_ismbbtype_l@@YAHPEAU__crt_locale_pointers@@IHH@Z 00000001800339ec     libucrt:ismbbyte.obj
 0004:000019f8       $pdata$__acrt_initialize_command_line 00000001800339f8     libucrt:argv_data.obj
 0004:00001a04       $pdata$__dcrt_get_narrow_environment_from_os 0000000180033a04     libucrt:get_environment_from_os.obj
 0004:00001a10       $pdata$__acrt_initialize_heap 0000000180033a10     libucrt:heap_handle.obj
 0004:00001a1c       $pdata$__acrt_execute_initializers 0000000180033a1c     libucrt:shared_initialization.obj
 0004:00001a28       $pdata$__acrt_execute_uninitializers 0000000180033a28     libucrt:shared_initialization.obj
 0004:00001a34       $pdata$__acrt_get_sigabrt_handler 0000000180033a34     libucrt:signal.obj
 0004:00001a40       $pdata$raise               0000000180033a40     libucrt:signal.obj
 0004:00001a4c       $pdata$raise$fin$0         0000000180033a4c     libucrt:signal.obj
 0004:00001a58       $pdata$??$?RV<lambda_450d765d439847d4c735a33c368b5fc0>@@AEAV<lambda_44731a7d0e6d81c3e6aa82d741081786>@@V<lambda_601a2a7da3b7a96e9554ac7215c4b07c>@@@?$__crt_seh_guarded_call@P6AXH@Z@@QEAAP6AXH@Z$$QEAV<lambda_450d765d439847d4c735a33c368b5fc0>@@AEAV<lambda_44731a7d0e6d81c3e6aa82d741081786>@@$$QEAV<lambda_601a2a7da3b7a96e9554ac7215c4b07c>@@@Z 0000000180033a58     libucrt:signal.obj
 0004:00001a64       $pdata$__pctype_func       0000000180033a64     libucrt:ctype.obj
 0004:00001a70       $pdata$iswctype            0000000180033a70     libucrt:iswctype.obj
 0004:00001a7c       $pdata$_isctype_l          0000000180033a7c     libucrt:isctype.obj
 0004:00001a88       $pdata$__acrt_release_locale_ref 0000000180033a88     libucrt:locale_refcounting.obj
 0004:00001a94       $pdata$__acrt_free_locale  0000000180033a94     libucrt:locale_refcounting.obj
 0004:00001aa0       $pdata$__acrt_locale_free_lc_time_if_unreferenced 0000000180033aa0     libucrt:locale_refcounting.obj
 0004:00001aac       $pdata$__acrt_update_thread_locale_data 0000000180033aac     libucrt:locale_refcounting.obj
 0004:00001ab8       $pdata$__acrt_update_thread_locale_data$fin$0 0000000180033ab8     libucrt:locale_refcounting.obj
 0004:00001ac4       $pdata$_updatetlocinfoEx_nolock 0000000180033ac4     libucrt:locale_refcounting.obj
 0004:00001ad0       $pdata$__acrt_DownlevelLocaleNameToLCID 0000000180033ad0     libucrt:lcidtoname_downlevel.obj
 0004:00001adc       $pdata$?GetTableIndexFromLocaleName@@YAHPEB_W@Z 0000000180033adc     libucrt:lcidtoname_downlevel.obj
 0004:00001ae8       $pdata$_isleadbyte_l       0000000180033ae8     libucrt:_wctype.obj
 0004:00001af4       $pdata$__acrt_LCMapStringA 0000000180033af4     libucrt:lcmapstringa.obj
 0004:00001b00       $pdata$?__acrt_LCMapStringA_stat@@YAHPEAU__crt_locale_pointers@@PEB_WKPEBDHPEADHHH@Z 0000000180033b00     libucrt:lcmapstringa.obj
 0004:00001b0c       $pdata$__acrt_fp_strflt_to_string 0000000180033b0c     libucrt:_fptostr.obj
 0004:00001b18       $pdata$memcpy_s            0000000180033b18     libucrt:cfout.obj
 0004:00001b24       $pdata$__acrt_fltout       0000000180033b24     libucrt:cfout.obj
 0004:00001b30       $pdata$?divide@__crt_strtox@@YA_KAEAUbig_integer@1@AEBU21@@Z 0000000180033b30     libucrt:cfout.obj
 0004:00001b3c       $pdata$5$?divide@__crt_strtox@@YA_KAEAUbig_integer@1@AEBU21@@Z 0000000180033b3c     libucrt:cfout.obj
 0004:00001b48       $pdata$6$?divide@__crt_strtox@@YA_KAEAUbig_integer@1@AEBU21@@Z 0000000180033b48     libucrt:cfout.obj
 0004:00001b54       $pdata$_fcloseall          0000000180033b54     libucrt:closeall.obj
 0004:00001b60       $pdata$_fcloseall$fin$0    0000000180033b60     libucrt:closeall.obj
 0004:00001b6c       $pdata$_fflush_nolock      0000000180033b6c     libucrt:fflush.obj
 0004:00001b78       $pdata$__acrt_stdio_flush_nolock 0000000180033b78     libucrt:fflush.obj
 0004:00001b84       $pdata$?common_flush_all@@YAH_N@Z 0000000180033b84     libucrt:fflush.obj
 0004:00001b90       $pdata$??$?RV<lambda_842d9ff0dc9ef11c61343bbaebe7f885>@@AEAV<lambda_c5860995281e5c4ce005b3de8f5874ee>@@V<lambda_d90129c13df834fdcbf8d2b88dafcf2d>@@@?$__crt_seh_guarded_call@X@@QEAAX$$QEAV<lambda_842d9ff0dc9ef11c61343bbaebe7f885>@@AEAV<lambda_c5860995281e5c4ce005b3de8f5874ee>@@$$QEAV<lambda_d90129c13df834fdcbf8d2b88dafcf2d>@@@Z 0000000180033b90     libucrt:fflush.obj
 0004:00001b9c       $pdata$?fin$0@?0???$?RV<lambda_842d9ff0dc9ef11c61343bbaebe7f885>@@AEAV<lambda_c5860995281e5c4ce005b3de8f5874ee>@@V<lambda_d90129c13df834fdcbf8d2b88dafcf2d>@@@?$__crt_seh_guarded_call@X@@QEAAX$$QEAV<lambda_842d9ff0dc9ef11c61343bbaebe7f885>@@AEAV<lambda_c5860995281e5c4ce005b3de8f5874ee>@@$$QEAV<lambda_d90129c13df834fdcbf8d2b88dafcf2d>@@@Z@4HA 0000000180033b9c     libucrt:fflush.obj
 0004:00001ba8       $pdata$??$?RV<lambda_886d6c58226a84441f68b9f2b8217b83>@@AEAV<lambda_ab61a845afdef5b7c387490eaf3616ee>@@V<lambda_f7f22ab5edc0698d5f6905b0d3f44752>@@@?$__crt_seh_guarded_call@X@@QEAAX$$QEAV<lambda_886d6c58226a84441f68b9f2b8217b83>@@AEAV<lambda_ab61a845afdef5b7c387490eaf3616ee>@@$$QEAV<lambda_f7f22ab5edc0698d5f6905b0d3f44752>@@@Z 0000000180033ba8     libucrt:fflush.obj
 0004:00001bb4       $pdata$?fin$0@?0???$?RV<lambda_886d6c58226a84441f68b9f2b8217b83>@@AEAV<lambda_ab61a845afdef5b7c387490eaf3616ee>@@V<lambda_f7f22ab5edc0698d5f6905b0d3f44752>@@@?$__crt_seh_guarded_call@X@@QEAAX$$QEAV<lambda_886d6c58226a84441f68b9f2b8217b83>@@AEAV<lambda_ab61a845afdef5b7c387490eaf3616ee>@@$$QEAV<lambda_f7f22ab5edc0698d5f6905b0d3f44752>@@@Z@4HA 0000000180033bb4     libucrt:fflush.obj
 0004:00001bc0       $pdata$__acrt_stdio_free_buffer_nolock 0000000180033bc0     libucrt:_freebuf.obj
 0004:00001bcc       $pdata$_isatty             0000000180033bcc     libucrt:isatty.obj
 0004:00001bd8       $pdata$__acrt_locale_free_monetary 0000000180033bd8     libucrt:initmon.obj
 0004:00001be4       $pdata$__acrt_locale_free_numeric 0000000180033be4     libucrt:initnum.obj
 0004:00001bf0       $pdata$__acrt_locale_free_time 0000000180033bf0     libucrt:inittime.obj
 0004:00001bfc       $pdata$?free_crt_array_internal@@YAXQEAPEBX_K@Z 0000000180033bfc     libucrt:inittime.obj
 0004:00001c08       $pdata$__acrt_GetStringTypeA 0000000180033c08     libucrt:getstringtypea.obj
 0004:00001c14       $pdata$_get_osfhandle      0000000180033c14     libucrt:osfinfo.obj
 0004:00001c20       $pdata$_free_osfhnd        0000000180033c20     libucrt:osfinfo.obj
 0004:00001c2c       $pdata$__acrt_lowio_create_handle_array 0000000180033c2c     libucrt:osfinfo.obj
 0004:00001c38       $pdata$__acrt_lowio_destroy_handle_array 0000000180033c38     libucrt:osfinfo.obj
 0004:00001c44       $pdata$__acrt_lowio_ensure_fh_exists 0000000180033c44     libucrt:osfinfo.obj
 0004:00001c50       $pdata$qsort               0000000180033c50     libucrt:qsort.obj
 0004:00001c5c       $pdata$4$qsort             0000000180033c5c     libucrt:qsort.obj
 0004:00001c68       $pdata$5$qsort             0000000180033c68     libucrt:qsort.obj
 0004:00001c74       $pdata$?shortsort@@YAXPEAD0_KP6AHPEBX2@Z@Z 0000000180033c74     libucrt:qsort.obj
 0004:00001c80       $pdata$2$?shortsort@@YAXPEAD0_KP6AHPEBX2@Z@Z 0000000180033c80     libucrt:qsort.obj
 0004:00001c8c       $pdata$3$?shortsort@@YAXPEAD0_KP6AHPEBX2@Z@Z 0000000180033c8c     libucrt:qsort.obj
 0004:00001c98       $pdata$strncpy_s           0000000180033c98     libucrt:strncpy_s.obj
 0004:00001ca4       $pdata$strpbrk             0000000180033ca4     libucrt:strpbrk.obj
 0004:00001cb0       $pdata$_mbsdec_l           0000000180033cb0     libucrt:mbsdec.obj
 0004:00001cbc       $pdata$?initialize_multibyte@@YAHXZ 0000000180033cbc     libucrt:multibyte_initializer.obj
 0004:00001cc8       $pdata$fegetenv            0000000180033cc8     libucrt:fegetenv.obj
 0004:00001cd4       $pdata$fesetenv            0000000180033cd4     libucrt:fesetenv.obj
 0004:00001ce0       $pdata$feholdexcept        0000000180033ce0     libucrt:feholdexcept.obj
 0004:00001cf8       $pdata$_write              0000000180033cf8     libucrt:write.obj
 0004:00001d04       $pdata$_write$fin$0        0000000180033d04     libucrt:write.obj
 0004:00001d10       $pdata$_write_nolock       0000000180033d10     libucrt:write.obj
 0004:00001d1c       $pdata$?write_double_translated_ansi_nolock@@YA?AUwrite_result@?A0x17268360@@HQEBDI@Z 0000000180033d1c     libucrt:write.obj
 0004:00001d28       $pdata$?write_text_ansi_nolock@@YA?AUwrite_result@?A0x17268360@@HQEBDI@Z 0000000180033d28     libucrt:write.obj
 0004:00001d34       $pdata$?write_text_utf16le_nolock@@YA?AUwrite_result@?A0x17268360@@HQEBDI@Z 0000000180033d34     libucrt:write.obj
 0004:00001d40       $pdata$?write_text_utf8_nolock@@YA?AUwrite_result@?A0x17268360@@HQEBDI@Z 0000000180033d40     libucrt:write.obj
 0004:00001d4c       $pdata$??$common_lseek_nolock@_J@@YA_JH_JH@Z 0000000180033d4c     libucrt:lseek.obj
 0004:00001d58       $pdata$fclose              0000000180033d58     libucrt:fclose.obj
 0004:00001d64       $pdata$fclose$fin$0        0000000180033d64     libucrt:fclose.obj
 0004:00001d70       $pdata$_fclose_nolock      0000000180033d70     libucrt:fclose.obj
 0004:00001d7c       $pdata$_commit             0000000180033d7c     libucrt:commit.obj
 0004:00001d88       $pdata$??$?RV<lambda_a37b2b86f63e897a80ea819b0eb08c01>@@AEAV<lambda_38ce7e780aa69e748d6df282ebc68efe>@@V<lambda_99fb1378e971ab6e7edea83e3a7a83a2>@@@?$__crt_seh_guarded_call@H@@QEAAH$$QEAV<lambda_a37b2b86f63e897a80ea819b0eb08c01>@@AEAV<lambda_38ce7e780aa69e748d6df282ebc68efe>@@$$QEAV<lambda_99fb1378e971ab6e7edea83e3a7a83a2>@@@Z 0000000180033d88     libucrt:commit.obj
 0004:00001d94       $pdata$?fin$0@?0???$?RV<lambda_a37b2b86f63e897a80ea819b0eb08c01>@@AEAV<lambda_38ce7e780aa69e748d6df282ebc68efe>@@V<lambda_99fb1378e971ab6e7edea83e3a7a83a2>@@@?$__crt_seh_guarded_call@H@@QEAAH$$QEAV<lambda_a37b2b86f63e897a80ea819b0eb08c01>@@AEAV<lambda_38ce7e780aa69e748d6df282ebc68efe>@@$$QEAV<lambda_99fb1378e971ab6e7edea83e3a7a83a2>@@@Z@4HA 0000000180033d94     libucrt:commit.obj
 0004:00001d94       $pdata$?fin$0@?0???$?RV<lambda_751a882b2c74d4b022dec766aa51a29a>@@AEAV<lambda_628dfdc04ba53c8bfc02c9951375f3f5>@@V<lambda_f6c7be5f7998530c34de24c7437d6b54>@@@?$__crt_seh_guarded_call@H@@QEAAH$$QEAV<lambda_751a882b2c74d4b022dec766aa51a29a>@@AEAV<lambda_628dfdc04ba53c8bfc02c9951375f3f5>@@$$QEAV<lambda_f6c7be5f7998530c34de24c7437d6b54>@@@Z@4HA 0000000180033d94     libucrt:close.obj
 0004:00001da0       $pdata$_setfpstatusword    0000000180033da0     libucrt:_fenvutils.obj
 0004:00001dac       $pdata$_getfpcontrolword   0000000180033dac     libucrt:_fenvutils.obj
 0004:00001db8       $pdata$_getfpstatusword    0000000180033db8     libucrt:_fenvutils.obj
 0004:00001dc4       $pdata$_clearfp            0000000180033dc4     libucrt:ieee.obj
 0004:00001dd0       $pdata$common_control87    0000000180033dd0     libucrt:ieee.obj
 0004:00001ddc       $pdata$common_control87$filt$0 0000000180033ddc     libucrt:ieee.obj
 0004:00001ddc       $pdata$_ctrlfp$filt$0      0000000180033ddc     libucrt:fpctrl.obj
 0004:00001de8       $pdata$_call_matherr       0000000180033de8     libucrt:libm_error.obj
 0004:00001df4       $pdata$_exception_enabled  0000000180033df4     libucrt:libm_error.obj
 0004:00001e00       $pdata$_handle_error       0000000180033e00     libucrt:libm_error.obj
 0004:00001e0c       $pdata$__acrt_initialize_fma3 0000000180033e0c     libucrt:fma3_available.obj
 0004:00001e18       $pdata$_log_special_common 0000000180033e18     libucrt:log_special.obj
 0004:00001e24       $pdata$_log10_special      0000000180033e24     libucrt:log_special.obj
 0004:00001e30       $pdata$_putwch_nolock      0000000180033e30     libucrt:putwch.obj
 0004:00001e3c       $pdata$_close              0000000180033e3c     libucrt:close.obj
 0004:00001e48       $pdata$_close_nolock       0000000180033e48     libucrt:close.obj
 0004:00001e54       $pdata$??$?RV<lambda_751a882b2c74d4b022dec766aa51a29a>@@AEAV<lambda_628dfdc04ba53c8bfc02c9951375f3f5>@@V<lambda_f6c7be5f7998530c34de24c7437d6b54>@@@?$__crt_seh_guarded_call@H@@QEAAH$$QEAV<lambda_751a882b2c74d4b022dec766aa51a29a>@@AEAV<lambda_628dfdc04ba53c8bfc02c9951375f3f5>@@$$QEAV<lambda_f6c7be5f7998530c34de24c7437d6b54>@@@Z 0000000180033e54     libucrt:close.obj
 0004:00001e6c       $pdata$_set_errno_from_matherr 0000000180033e6c     libucrt:fpexcept.obj
 0004:00001e78       $pdata$_raise_exc          0000000180033e78     libucrt:fpexcept.obj
 0004:00001e84       $pdata$_raise_exc_ex       0000000180033e84     libucrt:fpexcept.obj
 0004:00001e90       $pdata$_clrfp              0000000180033e90     libucrt:fpctrl.obj
 0004:00001e9c       $pdata$_ctrlfp             0000000180033e9c     libucrt:fpctrl.obj
 0004:00001ea8       $pdata$_statfp             0000000180033ea8     libucrt:fpctrl.obj
 0004:00001eb4       $pdata$_set_statfp         0000000180033eb4     libucrt:fpctrl.obj
 0004:00001ec0       $pdata$__dcrt_lowio_initialize_console_output 0000000180033ec0     libucrt:initcon.obj
 0004:00001ecc       $pdata$__dcrt_terminate_console_output 0000000180033ecc     libucrt:initcon.obj
 0004:00001ed8       $pdata$_IsNonwritableInCurrentImage 0000000180033ed8     LIBCMT:pesect.obj
 0004:00001ee4       $pdata$_IsNonwritableInCurrentImage$filt$0 0000000180033ee4     LIBCMT:pesect.obj
 0004:00001ef0       $pdata$strrchr             0000000180033ef0     libvcruntime:strrchr.obj
 0005:00000220       $R000000                   0000000180034220     ImageScanner.res
 0005:00000ba0       $R000980                   0000000180034ba0     ImageScanner.res
 0005:00000c88       $R000A68                   0000000180034c88     ImageScanner.res
 0005:00000ef0       $R000CD0                   0000000180034ef0     ImageScanner.res
 0005:000013d0       $R0011B0                   00000001800353d0     ImageScanner.res
 0005:000043b8       $R004198                   00000001800383b8     ImageScanner.res
 0005:000043f0       $R0041D0                   00000001800383f0     ImageScanner.res
