 OPOSFiscalPrinter

 Timestamp is 5b863d64 (Wed Aug 29 15:29:56 2018)

 Preferred load address is 0000000180000000

 Start         Length     Name                   Class
 0001:00000000 000000c0H .text$di                CODE
 0001:000000c0 00022f20H .text$mn                CODE
 0001:00022fe0 00000020H .text$mn$00             CODE
 0001:00023000 00000400H .text$x                 CODE
 0001:00023400 000000c0H .text$yd                CODE
 0002:00000000 00000618H .idata$5                DATA
 0002:00000618 00000010H .00cfg                  DATA
 0002:00000628 00000008H .CRT$XCA                DATA
 0002:00000630 00000008H .CRT$XCL                DATA
 0002:00000638 00000020H .CRT$XCU                DATA
 0002:00000658 00000008H .CRT$XCZ                DATA
 0002:00000660 00000008H .CRT$XIA                DATA
 0002:00000668 00000020H .CRT$XIC                DATA
 0002:00000688 00000008H .CRT$XIZ                DATA
 0002:00000690 00000008H .CRT$XLA                DATA
 0002:00000698 00000008H .CRT$XLZ                DATA
 0002:000006a0 00000008H .CRT$XPA                DATA
 0002:000006a8 00000010H .CRT$XPX                DATA
 0002:000006b8 00000008H .CRT$XPXA               DATA
 0002:000006c0 00000008H .CRT$XPZ                DATA
 0002:000006c8 00000008H .CRT$XTA                DATA
 0002:000006d0 00000010H .CRT$XTZ                DATA
 0002:000006d8 00000000H .gfids$y                DATA
 0002:000006e0 0000af90H .rdata                  DATA
 0002:0000b670 00000028H .rdata$T                DATA
 0002:0000b698 00000274H .rdata$r                DATA
 0002:0000b90c 000003fcH .rdata$zzzdbg           DATA
 0002:0000bd08 00000008H .rtc$IAA                DATA
 0002:0000bd10 00000008H .rtc$IZZ                DATA
 0002:0000bd18 00000008H .rtc$TAA                DATA
 0002:0000bd20 00000008H .rtc$TZZ                DATA
 0002:0000bd28 00000004H .tls                    DATA
 0002:0000bd2c 00000004H .tls$                   DATA
 0002:0000bd30 00000008H .tls$ZZZ                DATA
 0002:0000bd38 00001750H .xdata                  DATA
 0002:0000d488 00000150H .xdata$x                DATA
 0002:0000d5d8 00000008H ATL$__a                 DATA
 0002:0000d5e0 00000010H ATL$__z                 DATA
 0002:0000d5f0 000000b0H .edata                  DATA
 0002:0000d6a0 00000078H .idata$2                DATA
 0002:0000d718 00000018H .idata$3                DATA
 0002:0000d730 00000618H .idata$4                DATA
 0002:0000dd48 00000c1cH .idata$6                DATA
 0003:00000000 00000e58H .data                   DATA
 0003:00000e58 000000c8H .data$r                 DATA
 0003:00000f20 000013fcH .bss                    DATA
 0004:00000000 0000249cH .pdata                  DATA
 0005:00000000 00000220H .rsrc$01                DATA
 0005:00000220 000097f8H .rsrc$02                DATA

  Address         Publics by Value              Rva+Base               Lib:Object

 0000:00000000       __guard_fids_count         0000000000000000     <absolute>
 0000:00000000       __guard_longjmp_count      0000000000000000     <absolute>
 0000:00000000       __guard_longjmp_table      0000000000000000     <absolute>
 0000:00000000       __hybrid_code_map          0000000000000000     <absolute>
 0000:00000000       __guard_iat_count          0000000000000000     <absolute>
 0000:00000000       __volatile_metadata        0000000000000000     <absolute>
 0000:00000000       __guard_iat_table          0000000000000000     <absolute>
 0000:00000000       __hybrid_code_map_count    0000000000000000     <absolute>
 0000:00000000       __enclave_config           0000000000000000     <absolute>
 0000:00000000       ___safe_se_handler_count   0000000000000000     <absolute>
 0000:00000000       ___safe_se_handler_table   0000000000000000     <absolute>
 0000:00000000       __guard_fids_table         0000000000000000     <absolute>
 0000:00000000       __hybrid_auxiliary_iat     0000000000000000     <absolute>
 0000:00000000       __dynamic_value_reloc_table 0000000000000000     <absolute>
 0000:00000100       __guard_flags              0000000000000100     <absolute>
 0000:00000000       __ImageBase                0000000180000000     <linker-defined>
 0001:000000c0       ?DupWide@_CW@@AEAAXXZ      00000001800010c0 f   CWString.obj
 0001:000000e8       ?cw_dup@@YAXPEBDAEAHAEAPEA_W1@Z 00000001800010e8 f   CWString.obj
 0001:00000194       ?cw_memcpy@@YAHPEA_WPEBDH@Z 0000000180001194 f   CWString.obj
 0001:000001e0       ?cw_strcpy@@YAHPEA_WPEBD@Z 00000001800011e0 f   CWString.obj
 0001:000001f4       ??0CAtlComModule@ATL@@QEAA@XZ 00000001800011f4 f i OposVariant.obj
 0001:0000027c       ??0CAtlWinModule@ATL@@QEAA@XZ 000000018000127c f i OposVariant.obj
 0001:000002f0       ??0OposDispParms@@QEAA@PEAVOposVariant@@H@Z 00000001800012f0 f   OposVariant.obj
 0001:00000398       ??1OposDispParms@@QEAA@XZ  0000000180001398 f   OposVariant.obj
 0001:000003b0       ??_Estringdispid@CComTypeInfoHolder@ATL@@QEAAPEAXI@Z 00000001800013b0 f i OposVariant.obj
 0001:00000454       ?AtlWinModuleTerm@ATL@@YAJPEAU_ATL_WIN_MODULE70@1@PEAUHINSTANCE__@@@Z 0000000180001454 f i OposVariant.obj
 0001:00000504       ?ChangeBSTR@OposVariant@@QEAAXPEAPEA_WAEAJ@Z 0000000180001504 f   OposVariant.obj
 0001:00000564       ?ChangeLONG@OposVariant@@QEAAXPEAJAEAJ@Z 0000000180001564 f   OposVariant.obj
 0001:000005c0       ?GetLONG@OposVariant@@QEAAJXZ 00000001800015c0 f   OposVariant.obj
 0001:000005e4       ?SetBSTR@OposVariant@@QEAAXPEA_WAEAJ@Z 00000001800015e4 f   OposVariant.obj
 0001:00000624       ?SetBSTR_Copy@OposVariant@@QEAAXPEA_WAEAJ@Z 0000000180001624 f   OposVariant.obj
 0001:00000694       ?SetBSTR_InOutPtr@OposVariant@@QEAA_NPEAPEA_WAEAJ@Z 0000000180001694 f   OposVariant.obj
 0001:000006e4       ?SetBSTR_OutPtr@OposVariant@@QEAA_NPEAPEA_WAEAJ@Z 00000001800016e4 f   OposVariant.obj
 0001:00000700       ?SetCURRENCY@OposVariant@@QEAAXTtagCY@@@Z 0000000180001700 f   OposVariant.obj
 0001:00000734       ?SetDispatch_Ptr@OposVariant@@QEAAXPEAUIDispatch@@AEAJ@Z 0000000180001734 f   OposVariant.obj
 0001:0000078c       ?SetLONG@OposVariant@@QEAAXJ@Z 000000018000178c f   OposVariant.obj
 0001:000007bc       ?SetLONG_Ptr@OposVariant@@QEAAXPEAJAEAJ@Z 00000001800017bc f   OposVariant.obj
 0001:00000808       ?SetString@OposVariant@@QEAAXPEB_WAEAJ@Z 0000000180001808 f   OposVariant.obj
 0001:0000086c       ?SetVARIANT_BOOL@OposVariant@@QEAAXF@Z 000000018000186c f   OposVariant.obj
 0001:000008a4       ?Term@CAtlComModule@ATL@@QEAAXXZ 00000001800018a4 f i OposVariant.obj
 0001:00000914       ?_AtlInitializeCriticalSectionEx@ATL@@YAHPEAU_RTL_CRITICAL_SECTION@@KK@Z 0000000180001914 f i OposVariant.obj
 0001:0000091c       ?_AtlRaiseException@ATL@@YAXKK@Z 000000018000191c f i OposVariant.obj
 0001:0000092c       ?GetTypeInfoCount@?$IDispatchImpl@UIOPOSFiscalPrinter@@$1?IID_IOPOSFiscalPrinter@@3U_GUID@@B$1?LIBID_OposFiscalPrinter_CCO@@3U3@B$00$0A@VCComTypeInfoHolder@ATL@@@ATL@@UEAAJPEAI@Z 000000018000192c f i FiscalPrinter.obj
 0001:00000940       ?GetTypeInfo@?$IDispatchImpl@UIOPOSFiscalPrinter@@$1?IID_IOPOSFiscalPrinter@@3U_GUID@@B$1?LIBID_OposFiscalPrinter_CCO@@3U3@B$00$0A@VCComTypeInfoHolder@ATL@@@ATL@@UEAAJIKPEAPEAUITypeInfo@@@Z 0000000180001940 f i FiscalPrinter.obj
 0001:000009a4       ?GetIDsOfNames@?$IDispatchImpl@UIOPOSFiscalPrinter@@$1?IID_IOPOSFiscalPrinter@@3U_GUID@@B$1?LIBID_OposFiscalPrinter_CCO@@3U3@B$00$0A@VCComTypeInfoHolder@ATL@@@ATL@@UEAAJAEBU_GUID@@PEAPEA_WIKPEAJ@Z 00000001800019a4 f i FiscalPrinter.obj
 0001:000009b0       ?Invoke@?$IDispatchImpl@UIOPOSFiscalPrinter@@$1?IID_IOPOSFiscalPrinter@@3U_GUID@@B$1?LIBID_OposFiscalPrinter_CCO@@3U3@B$00$0A@VCComTypeInfoHolder@ATL@@@ATL@@UEAAJJAEBU_GUID@@KGPEAUtagDISPPARAMS@@PEAUtagVARIANT@@PEAUtagEXCEPINFO@@PEAI@Z 00000001800019b0 f i FiscalPrinter.obj
 0001:00000a40       ?CreateControlWindow@?$CComControl@VCOPOSFiscalPrinter@@V?$CWindowImpl@VCOPOSFiscalPrinter@@VCWindow@ATL@@V?$CWinTraits@$0FGAAAAAA@$0A@@3@@ATL@@@ATL@@UEAAPEAUHWND__@@PEAU3@AEAUtagRECT@@@Z 0000000180001a40 f i FiscalPrinter.obj
 0001:00000a78       ?ControlQueryInterface@?$CComControl@VCOPOSFiscalPrinter@@V?$CWindowImpl@VCOPOSFiscalPrinter@@VCWindow@ATL@@V?$CWinTraits@$0FGAAAAAA@$0A@@3@@ATL@@@ATL@@UEAAJAEBU_GUID@@PEAPEAX@Z 0000000180001a78 f i FiscalPrinter.obj
 0001:00000a8c       ?GetClassID@?$IPersistStorageImpl@VCOPOSFiscalPrinter@@@ATL@@UEAAJPEAU_GUID@@@Z 0000000180001a8c f i FiscalPrinter.obj
 0001:00000a8c       ?GetUserClassID@?$IOleObjectImpl@VCOPOSFiscalPrinter@@@ATL@@UEAAJPEAU_GUID@@@Z 0000000180001a8c f i FiscalPrinter.obj
 0001:00000a8c       ?GetClassID@?$IPersistStreamInitImpl@VCOPOSFiscalPrinter@@@ATL@@UEAAJPEAU_GUID@@@Z 0000000180001a8c f i FiscalPrinter.obj
 0001:00000aa8       ?IsDirty@?$IPersistStreamInitImpl@VCOPOSFiscalPrinter@@@ATL@@UEAAJXZ 0000000180001aa8 f i FiscalPrinter.obj
 0001:00000ac4       ?Load@?$IPersistStreamInitImpl@VCOPOSFiscalPrinter@@@ATL@@UEAAJPEAUIStream@@@Z 0000000180001ac4 f i FiscalPrinter.obj
 0001:00000b14       ?Save@?$IPersistStreamInitImpl@VCOPOSFiscalPrinter@@@ATL@@UEAAJPEAUIStream@@H@Z 0000000180001b14 f i FiscalPrinter.obj
 0001:00000b78       ?GetSizeMax@?$IPersistStreamInitImpl@VCOPOSFiscalPrinter@@@ATL@@UEAAJPEAT_ULARGE_INTEGER@@@Z 0000000180001b78 f i FiscalPrinter.obj
 0001:00000da4       ?InitNew@?$IPersistStreamInitImpl@VCOPOSFiscalPrinter@@@ATL@@UEAAJXZ 0000000180001da4 f i FiscalPrinter.obj
 0001:00000dbc       ?GetDropTarget@?$IOleInPlaceObjectWindowlessImpl@VCOPOSFiscalPrinter@@@ATL@@UEAAJPEAPEAUIDropTarget@@@Z 0000000180001dbc f i FiscalPrinter.obj
 0001:00000dbc       ?EnumFormatEtc@?$IDataObjectImpl@VCOPOSFiscalPrinter@@@ATL@@UEAAJKPEAPEAUIEnumFORMATETC@@@Z 0000000180001dbc f i FiscalPrinter.obj
 0001:00000dbc       ?QueryInterface@CRegObject@ATL@@UEAAJAEBU_GUID@@PEAPEAX@Z 0000000180001dbc f i FiscalPrinter.obj
 0001:00000dbc       ?GetControlInfo@?$IOleControlImpl@VCOPOSFiscalPrinter@@@ATL@@UEAAJPEAUtagCONTROLINFO@@@Z 0000000180001dbc f i FiscalPrinter.obj
 0001:00000dbc       ?SODataDummy@COPOSFiscalPrinter@@MEAAJJ@Z 0000000180001dbc f i FiscalPrinter.obj
 0001:00000dbc       ?OnMnemonic@?$IOleControlImpl@VCOPOSFiscalPrinter@@@ATL@@UEAAJPEAUtagMSG@@@Z 0000000180001dbc f i FiscalPrinter.obj
 0001:00000dbc       ?QueryGetData@?$IDataObjectImpl@VCOPOSFiscalPrinter@@@ATL@@UEAAJPEAUtagFORMATETC@@@Z 0000000180001dbc f i FiscalPrinter.obj
 0001:00000dbc       ?SetColorScheme@?$IOleObjectImpl@VCOPOSFiscalPrinter@@@ATL@@UEAAJPEAUtagLOGPALETTE@@@Z 0000000180001dbc f i FiscalPrinter.obj
 0001:00000dbc       ?SetMoniker@?$IOleObjectImpl@VCOPOSFiscalPrinter@@@ATL@@UEAAJKPEAUIMoniker@@@Z 0000000180001dbc f i FiscalPrinter.obj
 0001:00000dbc       ?Unfreeze@?$IViewObjectExImpl@VCOPOSFiscalPrinter@@@ATL@@UEAAJK@Z 0000000180001dbc f i FiscalPrinter.obj
 0001:00000dbc       ?ContextSensitiveHelp@?$IOleInPlaceObjectWindowlessImpl@VCOPOSFiscalPrinter@@@ATL@@UEAAJH@Z 0000000180001dbc f i FiscalPrinter.obj
 0001:00000dbc       ?ContextSensitiveHelp@?$IOleInPlaceActiveObjectImpl@VCOPOSFiscalPrinter@@@ATL@@UEAAJH@Z 0000000180001dbc f i FiscalPrinter.obj
 0001:00000dbc       ?InitFromData@?$IOleObjectImpl@VCOPOSFiscalPrinter@@@ATL@@UEAAJPEAUIDataObject@@HK@Z 0000000180001dbc f i FiscalPrinter.obj
 0001:00000dbc       ?GetCanonicalFormatEtc@?$IDataObjectImpl@VCOPOSFiscalPrinter@@@ATL@@UEAAJPEAUtagFORMATETC@@0@Z 0000000180001dbc f i FiscalPrinter.obj
 0001:00000dbc       ?Freeze@?$IViewObjectExImpl@VCOPOSFiscalPrinter@@@ATL@@UEAAJKJPEAXPEAK@Z 0000000180001dbc f i FiscalPrinter.obj
 0001:00000dbc       ?SetData@?$IDataObjectImpl@VCOPOSFiscalPrinter@@@ATL@@UEAAJPEAUtagFORMATETC@@PEAUtagSTGMEDIUM@@H@Z 0000000180001dbc f i FiscalPrinter.obj
 0001:00000dbc       ?GetDataHere@?$IDataObjectImpl@VCOPOSFiscalPrinter@@@ATL@@UEAAJPEAUtagFORMATETC@@PEAUtagSTGMEDIUM@@@Z 0000000180001dbc f i FiscalPrinter.obj
 0001:00000dbc       ?GetColorSet@?$IViewObjectExImpl@VCOPOSFiscalPrinter@@@ATL@@UEAAJKJPEAXPEAUtagDVTARGETDEVICE@@PEAUHDC__@@PEAPEAUtagLOGPALETTE@@@Z 0000000180001dbc f i FiscalPrinter.obj
 0001:00000dbc       ?GetMoniker@?$IOleObjectImpl@VCOPOSFiscalPrinter@@@ATL@@UEAAJKKPEAPEAUIMoniker@@@Z 0000000180001dbc f i FiscalPrinter.obj
 0001:00000dbc       ?ReactivateAndUndo@?$IOleInPlaceObjectWindowlessImpl@VCOPOSFiscalPrinter@@@ATL@@UEAAJXZ 0000000180001dbc f i FiscalPrinter.obj
 0001:00000dbc       ?GetClipboardData@?$IOleObjectImpl@VCOPOSFiscalPrinter@@@ATL@@UEAAJKPEAPEAUIDataObject@@@Z 0000000180001dbc f i FiscalPrinter.obj
 0001:00000dbc       ?GetRect@?$IViewObjectExImpl@VCOPOSFiscalPrinter@@@ATL@@UEAAJKPEAU_RECTL@@@Z 0000000180001dbc f i FiscalPrinter.obj
 0001:00000dc4       ?Update@?$IOleObjectImpl@VCOPOSFiscalPrinter@@@ATL@@UEAAJXZ 0000000180001dc4 f i FiscalPrinter.obj
 0001:00000dc4       ?GetCategoryMap@CComObjectRootBase@ATL@@SAPEBU_ATL_CATMAP_ENTRY@2@XZ 0000000180001dc4 f i FiscalPrinter.obj
 0001:00000dc4       ?SetHostNames@?$IOleObjectImpl@VCOPOSFiscalPrinter@@@ATL@@UEAAJPEB_W0@Z 0000000180001dc4 f i FiscalPrinter.obj
 0001:00000dc4       ?GetObjectDescription@?$CComCoClass@VCOPOSFiscalPrinter@@$1?CLSID_OPOSFiscalPrinter@@3U_GUID@@B@ATL@@SAPEB_WXZ 0000000180001dc4 f i FiscalPrinter.obj
 0001:00000dc4       ?ResizeBorder@?$IOleInPlaceActiveObjectImpl@VCOPOSFiscalPrinter@@@ATL@@UEAAJPEBUtagRECT@@PEAUIOleInPlaceUIWindow@@H@Z 0000000180001dc4 f i FiscalPrinter.obj
 0001:00000dc4       ?OnAmbientPropertyChange@?$IOleControlImpl@VCOPOSFiscalPrinter@@@ATL@@UEAAJJ@Z 0000000180001dc4 f i FiscalPrinter.obj
 0001:00000dc4       ?IsUpToDate@?$IOleObjectImpl@VCOPOSFiscalPrinter@@@ATL@@UEAAJXZ 0000000180001dc4 f i FiscalPrinter.obj
 0001:00000dc4       ?OnFrameWindowActivate@?$IOleInPlaceActiveObjectImpl@VCOPOSFiscalPrinter@@@ATL@@UEAAJH@Z 0000000180001dc4 f i FiscalPrinter.obj
 0001:00000dc4       ?EnableModeless@?$IOleInPlaceActiveObjectImpl@VCOPOSFiscalPrinter@@@ATL@@UEAAJH@Z 0000000180001dc4 f i FiscalPrinter.obj
 0001:00000dc4       ?Release@CRegObject@ATL@@UEAAKXZ 0000000180001dc4 f i FiscalPrinter.obj
 0001:00000dc4       ?SaveCompleted@?$IPersistStorageImpl@VCOPOSFiscalPrinter@@@ATL@@UEAAJPEAUIStorage@@@Z 0000000180001dc4 f i FiscalPrinter.obj
 0001:00000dc4       ?HandsOffStorage@?$IPersistStorageImpl@VCOPOSFiscalPrinter@@@ATL@@UEAAJXZ 0000000180001dc4 f i FiscalPrinter.obj
 0001:00000dc8       ?SetClientSite@?$IOleObjectImpl@VCOPOSFiscalPrinter@@@ATL@@UEAAJPEAUIOleClientSite@@@Z 0000000180001dc8 f i FiscalPrinter.obj
 0001:00000de4       ?GetClientSite@?$IOleObjectImpl@VCOPOSFiscalPrinter@@@ATL@@UEAAJPEAPEAUIOleClientSite@@@Z 0000000180001de4 f i FiscalPrinter.obj
 0001:00000e2c       ?Close@?$IOleObjectImpl@VCOPOSFiscalPrinter@@@ATL@@UEAAJK@Z 0000000180001e2c f i FiscalPrinter.obj
 0001:00000e48       ?DoVerb@?$IOleObjectImpl@VCOPOSFiscalPrinter@@@ATL@@UEAAJJPEAUtagMSG@@PEAUIOleClientSite@@JPEAUHWND__@@PEBUtagRECT@@@Z 0000000180001e48 f i FiscalPrinter.obj
 0001:00000fec       ?EnumVerbs@?$IOleObjectImpl@VCOPOSFiscalPrinter@@@ATL@@UEAAJPEAPEAUIEnumOLEVERB@@@Z 0000000180001fec f i FiscalPrinter.obj
 0001:00001008       ?GetUserType@?$IOleObjectImpl@VCOPOSFiscalPrinter@@@ATL@@UEAAJKPEAPEA_W@Z 0000000180002008 f i FiscalPrinter.obj
 0001:00001018       ?SetExtent@?$IOleObjectImpl@VCOPOSFiscalPrinter@@@ATL@@UEAAJKPEAUtagSIZE@@@Z 0000000180002018 f i FiscalPrinter.obj
 0001:00001034       ?GetExtent@?$IOleObjectImpl@VCOPOSFiscalPrinter@@@ATL@@UEAAJKPEAUtagSIZE@@@Z 0000000180002034 f i FiscalPrinter.obj
 0001:00001064       ?Advise@?$IOleObjectImpl@VCOPOSFiscalPrinter@@@ATL@@UEAAJPEAUIAdviseSink@@PEAK@Z 0000000180002064 f i FiscalPrinter.obj
 0001:000010c0       ?Unadvise@?$IOleObjectImpl@VCOPOSFiscalPrinter@@@ATL@@UEAAJK@Z 00000001800020c0 f i FiscalPrinter.obj
 0001:000010f8       ?EnumAdvise@?$IOleObjectImpl@VCOPOSFiscalPrinter@@@ATL@@UEAAJPEAPEAUIEnumSTATDATA@@@Z 00000001800020f8 f i FiscalPrinter.obj
 0001:00001140       ?GetMiscStatus@?$IOleObjectImpl@VCOPOSFiscalPrinter@@@ATL@@UEAAJKPEAK@Z 0000000180002140 f i FiscalPrinter.obj
 0001:00001150       ?GetWindow@?$IOleInPlaceActiveObjectImpl@VCOPOSFiscalPrinter@@@ATL@@UEAAJPEAPEAUHWND__@@@Z 0000000180002150 f i FiscalPrinter.obj
 0001:000011a4       ?TranslateAcceleratorW@?$IOleInPlaceActiveObjectImpl@VCOPOSFiscalPrinter@@@ATL@@UEAAJPEAUtagMSG@@@Z 00000001800021a4 f i FiscalPrinter.obj
 0001:00001298       ?OnDocWindowActivate@?$IOleInPlaceActiveObjectImpl@VCOPOSFiscalPrinter@@@ATL@@UEAAJH@Z 0000000180002298 f i FiscalPrinter.obj
 0001:000012c4       ?Draw@?$IViewObjectExImpl@VCOPOSFiscalPrinter@@@ATL@@UEAAJKJPEAXPEAUtagDVTARGETDEVICE@@PEAUHDC__@@2PEBU_RECTL@@3P6AH_K@Z4@Z 00000001800022c4 f i FiscalPrinter.obj
 0001:00001328       ?SetAdvise@?$IViewObjectExImpl@VCOPOSFiscalPrinter@@@ATL@@UEAAJKKPEAUIAdviseSink@@@Z 0000000180002328 f i FiscalPrinter.obj
 0001:0000137c       ?GetAdvise@?$IViewObjectExImpl@VCOPOSFiscalPrinter@@@ATL@@UEAAJPEAK0PEAPEAUIAdviseSink@@@Z 000000018000237c f i FiscalPrinter.obj
 0001:000013b8       ?GetExtent@?$IViewObjectExImpl@VCOPOSFiscalPrinter@@@ATL@@UEAAJKJPEAUtagDVTARGETDEVICE@@PEAUtagSIZE@@@Z 00000001800023b8 f i FiscalPrinter.obj
 0001:000013e8       ?GetViewStatus@?$IViewObjectExImpl@VCOPOSFiscalPrinter@@@ATL@@UEAAJPEAK@Z 00000001800023e8 f i FiscalPrinter.obj
 0001:000013fc       ?QueryHitPoint@?$IViewObjectExImpl@VCOPOSFiscalPrinter@@@ATL@@UEAAJKPEBUtagRECT@@UtagPOINT@@JPEAK@Z 00000001800023fc f i FiscalPrinter.obj
 0001:00001440       ?QueryHitRect@?$IViewObjectExImpl@VCOPOSFiscalPrinter@@@ATL@@UEAAJKPEBUtagRECT@@0JPEAK@Z 0000000180002440 f i FiscalPrinter.obj
 0001:000014a8       ?GetNaturalExtent@?$IViewObjectExImpl@VCOPOSFiscalPrinter@@@ATL@@UEAAJKJPEAUtagDVTARGETDEVICE@@PEAUHDC__@@PEAUtagExtentInfo@@PEAUtagSIZE@@@Z 00000001800024a8 f i FiscalPrinter.obj
 0001:000014f0       ?GetWindow@?$IOleInPlaceObjectWindowlessImpl@VCOPOSFiscalPrinter@@@ATL@@UEAAJPEAPEAUHWND__@@@Z 00000001800024f0 f i FiscalPrinter.obj
 0001:00001544       ?FAccessAllowed@?$IObjectSafetyImpl@VCOPOSFiscalPrinter@@$02@ATL@@MEAAHXZ 0000000180002544 f i FiscalPrinter.obj
 0001:00001544       ?AddRef@CRegObject@ATL@@UEAAKXZ 0000000180002544 f i FiscalPrinter.obj
 0001:0000154c       ?InPlaceDeactivate@?$IOleInPlaceObjectWindowlessImpl@VCOPOSFiscalPrinter@@@ATL@@UEAAJXZ 000000018000254c f i FiscalPrinter.obj
 0001:00001568       ?UIDeactivate@?$IOleInPlaceObjectWindowlessImpl@VCOPOSFiscalPrinter@@@ATL@@UEAAJXZ 0000000180002568 f i FiscalPrinter.obj
 0001:00001584       ?AddReplacement@CRegObject@ATL@@UEAAJPEB_W0@Z 0000000180002584 f i FiscalPrinter.obj
 0001:000015b4       ?SetObjectRects@?$IOleInPlaceObjectWindowlessImpl@VCOPOSFiscalPrinter@@@ATL@@UEAAJPEBUtagRECT@@0@Z 00000001800025b4 f i FiscalPrinter.obj
 0001:000015d0       ?ClearReplacements@CRegObject@ATL@@UEAAJXZ 00000001800025d0 f i FiscalPrinter.obj
 0001:000015dc       ?OnWindowMessage@?$IOleInPlaceObjectWindowlessImpl@VCOPOSFiscalPrinter@@@ATL@@UEAAJI_K_JPEA_J@Z 00000001800025dc f i FiscalPrinter.obj
 0001:000016a4       ?EnumConnectionPoints@?$IConnectionPointContainerImpl@VCOPOSFiscalPrinter@@@ATL@@UEAAJPEAPEAUIEnumConnectionPoints@@@Z 00000001800026a4 f i FiscalPrinter.obj
 0001:000018ec       ?FindConnectionPoint@?$IConnectionPointContainerImpl@VCOPOSFiscalPrinter@@@ATL@@UEAAJAEBU_GUID@@PEAPEAUIConnectionPoint@@@Z 00000001800028ec f i FiscalPrinter.obj
 0001:000019bc       ??_ECRegObject@ATL@@UEAAPEAXI@Z 00000001800029bc f i FiscalPrinter.obj
 0001:000019bc       ??_GCRegObject@ATL@@UEAAPEAXI@Z 00000001800029bc f i FiscalPrinter.obj
 0001:00001a3c       ?IsDirty@?$IPersistStorageImpl@VCOPOSFiscalPrinter@@@ATL@@UEAAJXZ 0000000180002a3c f i FiscalPrinter.obj
 0001:00001a80       ?InitNew@?$IPersistStorageImpl@VCOPOSFiscalPrinter@@@ATL@@UEAAJPEAUIStorage@@@Z 0000000180002a80 f i FiscalPrinter.obj
 0001:00001ac4       ?Load@?$IPersistStorageImpl@VCOPOSFiscalPrinter@@@ATL@@UEAAJPEAUIStorage@@@Z 0000000180002ac4 f i FiscalPrinter.obj
 0001:00001b64       ?Save@?$IPersistStorageImpl@VCOPOSFiscalPrinter@@@ATL@@UEAAJPEAUIStorage@@H@Z 0000000180002b64 f i FiscalPrinter.obj
 0001:00001c14       ?GetPages@?$ISpecifyPropertyPagesImpl@VCOPOSFiscalPrinter@@@ATL@@UEAAJPEAUtagCAUUID@@@Z 0000000180002c14 f i FiscalPrinter.obj
 0001:00001c20       ?QuickActivate@?$IQuickActivateImpl@VCOPOSFiscalPrinter@@@ATL@@UEAAJPEAUtagQACONTAINER@@PEAUtagQACONTROL@@@Z 0000000180002c20 f i FiscalPrinter.obj
 0001:00001c3c       ?SetContentExtent@?$IQuickActivateImpl@VCOPOSFiscalPrinter@@@ATL@@UEAAJPEAUtagSIZE@@@Z 0000000180002c3c f i FiscalPrinter.obj
 0001:00001c70       ?GetContentExtent@?$IQuickActivateImpl@VCOPOSFiscalPrinter@@@ATL@@UEAAJPEAUtagSIZE@@@Z 0000000180002c70 f i FiscalPrinter.obj
 0001:00001ca8       ?GetData@?$IDataObjectImpl@VCOPOSFiscalPrinter@@@ATL@@UEAAJPEAUtagFORMATETC@@PEAUtagSTGMEDIUM@@@Z 0000000180002ca8 f i FiscalPrinter.obj
 0001:00001cc4       ?DAdvise@?$IDataObjectImpl@VCOPOSFiscalPrinter@@@ATL@@UEAAJPEAUtagFORMATETC@@KPEAUIAdviseSink@@PEAK@Z 0000000180002cc4 f i FiscalPrinter.obj
 0001:00001d4c       ?DUnadvise@?$IDataObjectImpl@VCOPOSFiscalPrinter@@@ATL@@UEAAJK@Z 0000000180002d4c f i FiscalPrinter.obj
 0001:00001d78       ?EnumDAdvise@?$IDataObjectImpl@VCOPOSFiscalPrinter@@@ATL@@UEAAJPEAPEAUIEnumSTATDATA@@@Z 0000000180002d78 f i FiscalPrinter.obj
 0001:00001db4       ?GetClassInfoW@?$IProvideClassInfo2Impl@$1?CLSID_OPOSFiscalPrinter@@3U_GUID@@B$1?DIID__IOPOSFiscalPrinterEvents@@3U2@B$1?LIBID_OposFiscalPrinter_CCO@@3U2@B$00$0A@VCComTypeInfoHolder@ATL@@@ATL@@UEAAJPEAPEAUITypeInfo@@@Z 0000000180002db4 f i FiscalPrinter.obj
 0001:00001e0c       ?GetGUID@?$IProvideClassInfo2Impl@$1?CLSID_OPOSFiscalPrinter@@3U_GUID@@B$1?DIID__IOPOSFiscalPrinterEvents@@3U2@B$1?LIBID_OposFiscalPrinter_CCO@@3U2@B$00$0A@VCComTypeInfoHolder@ATL@@@ATL@@UEAAJKPEAU_GUID@@@Z 0000000180002e0c f i FiscalPrinter.obj
 0001:00001e40       ?GetInterfaceSafetyOptions@?$IObjectSafetyImpl@VCOPOSFiscalPrinter@@$02@ATL@@UEAAJAEBU_GUID@@PEAK1@Z 0000000180002e40 f i FiscalPrinter.obj
 0001:00001ed4       ?SetInterfaceSafetyOptions@?$IObjectSafetyImpl@VCOPOSFiscalPrinter@@$02@ATL@@UEAAJAEBU_GUID@@KK@Z 0000000180002ed4 f i FiscalPrinter.obj
 0001:00001f78       ?_LocCPQueryInterface@?$IConnectionPointImpl@VCOPOSFiscalPrinter@@$1?DIID__IOPOSFiscalPrinterEvents@@3U_GUID@@BVCComDynamicUnkArray@ATL@@@ATL@@UEAAJAEBU_GUID@@PEAPEAX@Z 0000000180002f78 f i FiscalPrinter.obj
 0001:00001f78       ?_LocCPQueryInterface@?$IConnectionPointImpl@VCOPOSFiscalPrinter@@$1?IID_IPropertyNotifySink@@3U_GUID@@BVCComDynamicUnkArray@ATL@@@ATL@@UEAAJAEBU_GUID@@PEAPEAX@Z 0000000180002f78 f i FiscalPrinter.obj
 0001:00001fec       ?GetConnectionInterface@?$IConnectionPointImpl@VCOPOSFiscalPrinter@@$1?IID_IPropertyNotifySink@@3U_GUID@@BVCComDynamicUnkArray@ATL@@@ATL@@UEAAJPEAU_GUID@@@Z 0000000180002fec f i FiscalPrinter.obj
 0001:00002008       ?GetConnectionPointContainer@?$IConnectionPointImpl@VCOPOSFiscalPrinter@@$1?IID_IPropertyNotifySink@@3U_GUID@@BVCComDynamicUnkArray@ATL@@@ATL@@UEAAJPEAPEAUIConnectionPointContainer@@@Z 0000000180003008 f i FiscalPrinter.obj
 0001:00002028       ?Advise@?$IConnectionPointImpl@VCOPOSFiscalPrinter@@$1?DIID__IOPOSFiscalPrinterEvents@@3U_GUID@@BVCComDynamicUnkArray@ATL@@@ATL@@UEAAJPEAUIUnknown@@PEAK@Z 0000000180003028 f i FiscalPrinter.obj
 0001:00002028       ?Advise@?$IConnectionPointImpl@VCOPOSFiscalPrinter@@$1?IID_IPropertyNotifySink@@3U_GUID@@BVCComDynamicUnkArray@ATL@@@ATL@@UEAAJPEAUIUnknown@@PEAK@Z 0000000180003028 f i FiscalPrinter.obj
 0001:000020e8       ?Unadvise@?$IConnectionPointImpl@VCOPOSFiscalPrinter@@$1?DIID__IOPOSFiscalPrinterEvents@@3U_GUID@@BVCComDynamicUnkArray@ATL@@@ATL@@UEAAJK@Z 00000001800030e8 f i FiscalPrinter.obj
 0001:000020e8       ?Unadvise@?$IConnectionPointImpl@VCOPOSFiscalPrinter@@$1?IID_IPropertyNotifySink@@3U_GUID@@BVCComDynamicUnkArray@ATL@@@ATL@@UEAAJK@Z 00000001800030e8 f i FiscalPrinter.obj
 0001:00002164       ?EnumConnections@?$IConnectionPointImpl@VCOPOSFiscalPrinter@@$1?DIID__IOPOSFiscalPrinterEvents@@3U_GUID@@BVCComDynamicUnkArray@ATL@@@ATL@@UEAAJPEAPEAUIEnumConnections@@@Z 0000000180003164 f i FiscalPrinter.obj
 0001:00002164       ?EnumConnections@?$IConnectionPointImpl@VCOPOSFiscalPrinter@@$1?IID_IPropertyNotifySink@@3U_GUID@@BVCComDynamicUnkArray@ATL@@@ATL@@UEAAJPEAPEAUIEnumConnections@@@Z 0000000180003164 f i FiscalPrinter.obj
 0001:0000230c       ?GetConnectionInterface@?$IConnectionPointImpl@VCOPOSFiscalPrinter@@$1?DIID__IOPOSFiscalPrinterEvents@@3U_GUID@@BVCComDynamicUnkArray@ATL@@@ATL@@UEAAJPEAU_GUID@@@Z 000000018000330c f i FiscalPrinter.obj
 0001:00002328       ?GetConnectionPointContainer@?$IConnectionPointImpl@VCOPOSFiscalPrinter@@$1?DIID__IOPOSFiscalPrinterEvents@@3U_GUID@@BVCComDynamicUnkArray@ATL@@@ATL@@UEAAJPEAPEAUIConnectionPointContainer@@@Z 0000000180003328 f i FiscalPrinter.obj
 0001:00002348       ?UpdateRegistry@COPOSFiscalPrinter@@SAJH@Z 0000000180003348 f i FiscalPrinter.obj
 0001:00002360       ?ProcessWindowMessage@COPOSFiscalPrinter@@UEAAHPEAUHWND__@@I_K_JAEA_JK@Z 0000000180003360 f i FiscalPrinter.obj
 0001:000023e8       ?SODirectIO@COPOSFiscalPrinter@@MEAAJJPEAJPEAPEA_W@Z 00000001800033e8 f i FiscalPrinter.obj
 0001:00002460       ?SOError@COPOSFiscalPrinter@@MEAAJJJJPEAJ@Z 0000000180003460 f i FiscalPrinter.obj
 0001:000024e8       ?SOOutputComplete@COPOSFiscalPrinter@@MEAAJJ@Z 00000001800034e8 f i FiscalPrinter.obj
 0001:00002538       ?SOStatusUpdate@COPOSFiscalPrinter@@MEAAJJ@Z 0000000180003538 f i FiscalPrinter.obj
 0001:00002588       ?CreateInstance@?$CComCreator@V?$CComObjectCached@VCComClassFactory@ATL@@@ATL@@@ATL@@SAJPEAXAEBU_GUID@@PEAPEAX@Z 0000000180003588 f i FiscalPrinter.obj
 0001:00002688       ?CreateInstance@?$CComCreator2@V?$CComCreator@V?$CComObject@VCOPOSFiscalPrinter@@@ATL@@@ATL@@V?$CComCreator@V?$CComAggObject@VCOPOSFiscalPrinter@@@ATL@@@2@@ATL@@SAJPEAXAEBU_GUID@@PEAPEAX@Z 0000000180003688 f i FiscalPrinter.obj
 0001:00002698       ?Next@?$CComEnumImpl@UIEnumConnectionPoints@@$1?_GUID_b196b285_bab4_101a_b69c_00aa00341d07@@3U__s_GUID@@BPEAUIConnectionPoint@@V?$_CopyInterface@UIConnectionPoint@@@ATL@@@ATL@@UEAAJKPEAPEAUIConnectionPoint@@PEAK@Z 0000000180003698 f i FiscalPrinter.obj
 0001:00002764       ?Skip@?$CComEnumImpl@UIEnumConnectionPoints@@$1?_GUID_b196b285_bab4_101a_b69c_00aa00341d07@@3U__s_GUID@@BPEAUIConnectionPoint@@V?$_CopyInterface@UIConnectionPoint@@@ATL@@@ATL@@UEAAJK@Z 0000000180003764 f i FiscalPrinter.obj
 0001:00002790       ?Reset@?$CComEnumImpl@UIEnumConnections@@$1?_GUID_b196b287_bab4_101a_b69c_00aa00341d07@@3U__s_GUID@@BUtagCONNECTDATA@@V?$_Copy@UtagCONNECTDATA@@@ATL@@@ATL@@UEAAJXZ 0000000180003790 f i FiscalPrinter.obj
 0001:00002790       ?Reset@?$CComEnumImpl@UIEnumConnectionPoints@@$1?_GUID_b196b285_bab4_101a_b69c_00aa00341d07@@3U__s_GUID@@BPEAUIConnectionPoint@@V?$_CopyInterface@UIConnectionPoint@@@ATL@@@ATL@@UEAAJXZ 0000000180003790 f i FiscalPrinter.obj
 0001:0000279c       ?Clone@?$CComEnumImpl@UIEnumConnectionPoints@@$1?_GUID_b196b285_bab4_101a_b69c_00aa00341d07@@3U__s_GUID@@BPEAUIConnectionPoint@@V?$_CopyInterface@UIConnectionPoint@@@ATL@@@ATL@@UEAAJPEAPEAUIEnumConnectionPoints@@@Z 000000018000379c f i FiscalPrinter.obj
 0001:000028c4       ?AddRef@?$CComObject@V?$CComEnum@UIEnumConnectionPoints@@$1?_GUID_b196b285_bab4_101a_b69c_00aa00341d07@@3U__s_GUID@@BPEAUIConnectionPoint@@V?$_CopyInterface@UIConnectionPoint@@@ATL@@VCComSingleThreadModel@6@@ATL@@@ATL@@UEAAKXZ 00000001800038c4 f i FiscalPrinter.obj
 0001:000028c4       ?AddRef@?$CComObject@V?$CComEnum@UIEnumConnections@@$1?_GUID_b196b287_bab4_101a_b69c_00aa00341d07@@3U__s_GUID@@BUtagCONNECTDATA@@V?$_Copy@UtagCONNECTDATA@@@ATL@@VCComSingleThreadModel@6@@ATL@@@ATL@@UEAAKXZ 00000001800038c4 f i FiscalPrinter.obj
 0001:000028d0       ?Release@?$CComObject@V?$CComEnum@UIEnumConnectionPoints@@$1?_GUID_b196b285_bab4_101a_b69c_00aa00341d07@@3U__s_GUID@@BPEAUIConnectionPoint@@V?$_CopyInterface@UIConnectionPoint@@@ATL@@VCComSingleThreadModel@6@@ATL@@@ATL@@UEAAKXZ 00000001800038d0 f i FiscalPrinter.obj
 0001:000028d0       ?Release@?$CComObject@V?$CComEnum@UIEnumConnections@@$1?_GUID_b196b287_bab4_101a_b69c_00aa00341d07@@3U__s_GUID@@BUtagCONNECTDATA@@V?$_Copy@UtagCONNECTDATA@@@ATL@@VCComSingleThreadModel@6@@ATL@@@ATL@@UEAAKXZ 00000001800038d0 f i FiscalPrinter.obj
 0001:00002924       ?QueryInterface@?$CComObject@V?$CComEnum@UIEnumConnectionPoints@@$1?_GUID_b196b285_bab4_101a_b69c_00aa00341d07@@3U__s_GUID@@BPEAUIConnectionPoint@@V?$_CopyInterface@UIConnectionPoint@@@ATL@@VCComSingleThreadModel@6@@ATL@@@ATL@@UEAAJAEBU_GUID@@PEAPEAX@Z 0000000180003924 f i FiscalPrinter.obj
 0001:00002938       ??_G?$CComObject@V?$CComEnum@UIEnumConnectionPoints@@$1?_GUID_b196b285_bab4_101a_b69c_00aa00341d07@@3U__s_GUID@@BPEAUIConnectionPoint@@V?$_CopyInterface@UIConnectionPoint@@@ATL@@VCComSingleThreadModel@6@@ATL@@@ATL@@UEAAPEAXI@Z 0000000180003938 f i FiscalPrinter.obj
 0001:00002938       ??_E?$CComObject@V?$CComEnum@UIEnumConnectionPoints@@$1?_GUID_b196b285_bab4_101a_b69c_00aa00341d07@@3U__s_GUID@@BPEAUIConnectionPoint@@V?$_CopyInterface@UIConnectionPoint@@@ATL@@VCComSingleThreadModel@6@@ATL@@@ATL@@UEAAPEAXI@Z 0000000180003938 f i FiscalPrinter.obj
 0001:00002990       ?OnDrawAdvanced@CComControlBase@ATL@@UEAAJAEAUATL_DRAWINFO@@@Z 0000000180003990 f i FiscalPrinter.obj
 0001:00002ab0       ?AddRef@?$CComObjectCached@VCComClassFactory@ATL@@@ATL@@UEAAKXZ 0000000180003ab0 f i FiscalPrinter.obj
 0001:00002adc       ?Release@?$CComObjectCached@VCComClassFactory@ATL@@@ATL@@UEAAKXZ 0000000180003adc f i FiscalPrinter.obj
 0001:00002b1c       ?QueryInterface@?$CComObjectCached@VCComClassFactory@ATL@@@ATL@@UEAAJAEBU_GUID@@PEAPEAX@Z 0000000180003b1c f i FiscalPrinter.obj
 0001:00002b30       ??_G?$CComObjectCached@VCComClassFactory@ATL@@@ATL@@UEAAPEAXI@Z 0000000180003b30 f i FiscalPrinter.obj
 0001:00002b30       ??_E?$CComObjectCached@VCComClassFactory@ATL@@@ATL@@UEAAPEAXI@Z 0000000180003b30 f i FiscalPrinter.obj
 0001:00002b88       ?ObjectMain@CComObjectRootBase@ATL@@SAX_N@Z 0000000180003b88 f i FiscalPrinter.obj
 0001:00002b88       ?OnFinalMessage@?$CWindowImplBaseT@VCWindow@ATL@@V?$CWinTraits@$0FGAAAAAA@$0A@@2@@ATL@@UEAAXPEAUHWND__@@@Z 0000000180003b88 f i FiscalPrinter.obj
 0001:00002b8c       ?AddRef@?$CComAggObject@VCOPOSFiscalPrinter@@@ATL@@UEAAKXZ 0000000180003b8c f i FiscalPrinter.obj
 0001:00002b98       ?Release@?$CComAggObject@VCOPOSFiscalPrinter@@@ATL@@UEAAKXZ 0000000180003b98 f i FiscalPrinter.obj
 0001:00002bec       ?QueryInterface@?$CComAggObject@VCOPOSFiscalPrinter@@@ATL@@UEAAJAEBU_GUID@@PEAPEAX@Z 0000000180003bec f i FiscalPrinter.obj
 0001:00002c4c       ?AddRef@?$CComContainedObject@VCOPOSFiscalPrinter@@@ATL@@UEAAKXZ 0000000180003c4c f i FiscalPrinter.obj
 0001:00002c5c       ?Release@?$CComContainedObject@VCOPOSFiscalPrinter@@@ATL@@UEAAKXZ 0000000180003c5c f i FiscalPrinter.obj
 0001:00002c6c       ?QueryInterface@?$CComContainedObject@VCOPOSFiscalPrinter@@@ATL@@UEAAJAEBU_GUID@@PEAPEAX@Z 0000000180003c6c f i FiscalPrinter.obj
 0001:00002c7c       ??_E?$CComAggObject@VCOPOSFiscalPrinter@@@ATL@@UEAAPEAXI@Z 0000000180003c7c f i FiscalPrinter.obj
 0001:00002c7c       ??_G?$CComAggObject@VCOPOSFiscalPrinter@@@ATL@@UEAAPEAXI@Z 0000000180003c7c f i FiscalPrinter.obj
 0001:00002cd4       ?AddRef@?$CComObject@VCOPOSFiscalPrinter@@@ATL@@UEAAKXZ 0000000180003cd4 f i FiscalPrinter.obj
 0001:00002ce4       ?Release@?$CComObject@VCOPOSFiscalPrinter@@@ATL@@UEAAKXZ 0000000180003ce4 f i FiscalPrinter.obj
 0001:00002d3c       ?QueryInterface@?$CComObject@VCOPOSFiscalPrinter@@@ATL@@UEAAJAEBU_GUID@@PEAPEAX@Z 0000000180003d3c f i FiscalPrinter.obj
 0001:00002d50       ?CreateInstance@CComClassFactory@ATL@@UEAAJPEAUIUnknown@@AEBU_GUID@@PEAPEAX@Z 0000000180003d50 f i FiscalPrinter.obj
 0001:00002db0       ?LockServer@CComClassFactory@ATL@@UEAAJH@Z 0000000180003db0 f i FiscalPrinter.obj
 0001:00002dd4       ??_ECComClassFactory@ATL@@UEAAPEAXI@Z 0000000180003dd4 f i FiscalPrinter.obj
 0001:00002dd4       ??_GCComClassFactory@ATL@@UEAAPEAXI@Z 0000000180003dd4 f i FiscalPrinter.obj
 0001:00002e24       ?Next@?$CComEnumImpl@UIEnumConnections@@$1?_GUID_b196b287_bab4_101a_b69c_00aa00341d07@@3U__s_GUID@@BUtagCONNECTDATA@@V?$_Copy@UtagCONNECTDATA@@@ATL@@@ATL@@UEAAJKPEAUtagCONNECTDATA@@PEAK@Z 0000000180003e24 f i FiscalPrinter.obj
 0001:00002ef8       ?Skip@?$CComEnumImpl@UIEnumConnections@@$1?_GUID_b196b287_bab4_101a_b69c_00aa00341d07@@3U__s_GUID@@BUtagCONNECTDATA@@V?$_Copy@UtagCONNECTDATA@@@ATL@@@ATL@@UEAAJK@Z 0000000180003ef8 f i FiscalPrinter.obj
 0001:00002f24       ?Clone@?$CComEnumImpl@UIEnumConnections@@$1?_GUID_b196b287_bab4_101a_b69c_00aa00341d07@@3U__s_GUID@@BUtagCONNECTDATA@@V?$_Copy@UtagCONNECTDATA@@@ATL@@@ATL@@UEAAJPEAPEAUIEnumConnections@@@Z 0000000180003f24 f i FiscalPrinter.obj
 0001:0000304c       ?QueryInterface@?$CComObject@V?$CComEnum@UIEnumConnections@@$1?_GUID_b196b287_bab4_101a_b69c_00aa00341d07@@3U__s_GUID@@BUtagCONNECTDATA@@V?$_Copy@UtagCONNECTDATA@@@ATL@@VCComSingleThreadModel@6@@ATL@@@ATL@@UEAAJAEBU_GUID@@PEAPEAX@Z 000000018000404c f i FiscalPrinter.obj
 0001:00003060       ??_G?$CComObject@V?$CComEnum@UIEnumConnections@@$1?_GUID_b196b287_bab4_101a_b69c_00aa00341d07@@3U__s_GUID@@BUtagCONNECTDATA@@V?$_Copy@UtagCONNECTDATA@@@ATL@@VCComSingleThreadModel@6@@ATL@@@ATL@@UEAAPEAXI@Z 0000000180004060 f i FiscalPrinter.obj
 0001:00003060       ??_E?$CComObject@V?$CComEnum@UIEnumConnections@@$1?_GUID_b196b287_bab4_101a_b69c_00aa00341d07@@3U__s_GUID@@BUtagCONNECTDATA@@V?$_Copy@UtagCONNECTDATA@@@ATL@@VCComSingleThreadModel@6@@ATL@@@ATL@@UEAAPEAXI@Z 0000000180004060 f i FiscalPrinter.obj
 0001:000030b8       ?GetWindowProc@?$CWindowImplBaseT@VCWindow@ATL@@V?$CWinTraits@$0FGAAAAAA@$0A@@2@@ATL@@UEAAP6A_JPEAUHWND__@@I_K_J@ZXZ 00000001800040b8 f i FiscalPrinter.obj
 0001:000030c0       ?StartWindowProc@?$CWindowImplBaseT@VCWindow@ATL@@V?$CWinTraits@$0FGAAAAAA@$0A@@2@@ATL@@SA_JPEAUHWND__@@I_K_J@Z 00000001800040c0 f i FiscalPrinter.obj
 0001:00003184       ?Lock@CAtlModule@ATL@@UEAAJXZ 0000000180004184 f i FiscalPrinter.obj
 0001:00003194       ?Unlock@CAtlModule@ATL@@UEAAJXZ 0000000180004194 f i FiscalPrinter.obj
 0001:000031a0       ?GetLockCount@CAtlModule@ATL@@UEAAJXZ 00000001800041a0 f i FiscalPrinter.obj
 0001:000031a4       ?GetGITPtr@CAtlModule@ATL@@UEAAJPEAPEAUIGlobalInterfaceTable@@@Z 00000001800041a4 f i FiscalPrinter.obj
 0001:00003214       ?AddCommonRGSReplacements@?$CAtlModuleT@VCComModule@ATL@@@ATL@@UEAAJPEAUIRegistrarBase@@@Z 0000000180004214 f i FiscalPrinter.obj
 0001:0000322c       ??_E?$CComObject@VCOPOSFiscalPrinter@@@ATL@@W7EAAPEAXI@Z 000000018000422c f i FiscalPrinter.obj
 0001:00003238       ??_E?$CComObject@VCOPOSFiscalPrinter@@@ATL@@WHA@EAAPEAXI@Z 0000000180004238 f i FiscalPrinter.obj
 0001:00003244       ?QueryInterface@?$CComObject@VCOPOSFiscalPrinter@@@ATL@@WLI@EAAJAEBU_GUID@@PEAPEAX@Z 0000000180004244 f i FiscalPrinter.obj
 0001:00003250       ?AddRef@?$CComObject@VCOPOSFiscalPrinter@@@ATL@@WLI@EAAKXZ 0000000180004250 f i FiscalPrinter.obj
 0001:0000325c       ?Release@?$CComObject@VCOPOSFiscalPrinter@@@ATL@@WLI@EAAKXZ 000000018000425c f i FiscalPrinter.obj
 0001:00003268       ?QueryInterface@?$CComObject@VCOPOSFiscalPrinter@@@ATL@@WMA@EAAJAEBU_GUID@@PEAPEAX@Z 0000000180004268 f i FiscalPrinter.obj
 0001:00003274       ?AddRef@?$CComObject@VCOPOSFiscalPrinter@@@ATL@@WMA@EAAKXZ 0000000180004274 f i FiscalPrinter.obj
 0001:00003280       ?Release@?$CComObject@VCOPOSFiscalPrinter@@@ATL@@WMA@EAAKXZ 0000000180004280 f i FiscalPrinter.obj
 0001:0000328c       ?QueryInterface@?$CComObject@VCOPOSFiscalPrinter@@@ATL@@WMI@EAAJAEBU_GUID@@PEAPEAX@Z 000000018000428c f i FiscalPrinter.obj
 0001:00003298       ?AddRef@?$CComObject@VCOPOSFiscalPrinter@@@ATL@@WMI@EAAKXZ 0000000180004298 f i FiscalPrinter.obj
 0001:000032a4       ?Release@?$CComObject@VCOPOSFiscalPrinter@@@ATL@@WMI@EAAKXZ 00000001800042a4 f i FiscalPrinter.obj
 0001:000032b0       ?QueryInterface@?$CComObject@VCOPOSFiscalPrinter@@@ATL@@WNA@EAAJAEBU_GUID@@PEAPEAX@Z 00000001800042b0 f i FiscalPrinter.obj
 0001:000032bc       ?AddRef@?$CComObject@VCOPOSFiscalPrinter@@@ATL@@WNA@EAAKXZ 00000001800042bc f i FiscalPrinter.obj
 0001:000032c8       ?Release@?$CComObject@VCOPOSFiscalPrinter@@@ATL@@WNA@EAAKXZ 00000001800042c8 f i FiscalPrinter.obj
 0001:000032d4       ?QueryInterface@?$CComObject@VCOPOSFiscalPrinter@@@ATL@@WNI@EAAJAEBU_GUID@@PEAPEAX@Z 00000001800042d4 f i FiscalPrinter.obj
 0001:000032e0       ?AddRef@?$CComObject@VCOPOSFiscalPrinter@@@ATL@@WNI@EAAKXZ 00000001800042e0 f i FiscalPrinter.obj
 0001:000032ec       ?Release@?$CComObject@VCOPOSFiscalPrinter@@@ATL@@WNI@EAAKXZ 00000001800042ec f i FiscalPrinter.obj
 0001:000032f8       ?QueryInterface@?$CComObject@VCOPOSFiscalPrinter@@@ATL@@WOA@EAAJAEBU_GUID@@PEAPEAX@Z 00000001800042f8 f i FiscalPrinter.obj
 0001:00003304       ?AddRef@?$CComObject@VCOPOSFiscalPrinter@@@ATL@@WOA@EAAKXZ 0000000180004304 f i FiscalPrinter.obj
 0001:00003310       ?Release@?$CComObject@VCOPOSFiscalPrinter@@@ATL@@WOA@EAAKXZ 0000000180004310 f i FiscalPrinter.obj
 0001:0000331c       ?QueryInterface@?$CComObject@VCOPOSFiscalPrinter@@@ATL@@WOI@EAAJAEBU_GUID@@PEAPEAX@Z 000000018000431c f i FiscalPrinter.obj
 0001:00003328       ?AddRef@?$CComObject@VCOPOSFiscalPrinter@@@ATL@@WOI@EAAKXZ 0000000180004328 f i FiscalPrinter.obj
 0001:00003334       ?Release@?$CComObject@VCOPOSFiscalPrinter@@@ATL@@WOI@EAAKXZ 0000000180004334 f i FiscalPrinter.obj
 0001:00003340       ?QueryInterface@?$CComObject@VCOPOSFiscalPrinter@@@ATL@@WPA@EAAJAEBU_GUID@@PEAPEAX@Z 0000000180004340 f i FiscalPrinter.obj
 0001:0000334c       ?AddRef@?$CComObject@VCOPOSFiscalPrinter@@@ATL@@WPA@EAAKXZ 000000018000434c f i FiscalPrinter.obj
 0001:00003358       ?Release@?$CComObject@VCOPOSFiscalPrinter@@@ATL@@WPA@EAAKXZ 0000000180004358 f i FiscalPrinter.obj
 0001:00003364       ?QueryInterface@?$CComObject@VCOPOSFiscalPrinter@@@ATL@@WPI@EAAJAEBU_GUID@@PEAPEAX@Z 0000000180004364 f i FiscalPrinter.obj
 0001:00003370       ?AddRef@?$CComObject@VCOPOSFiscalPrinter@@@ATL@@WPI@EAAKXZ 0000000180004370 f i FiscalPrinter.obj
 0001:0000337c       ?Release@?$CComObject@VCOPOSFiscalPrinter@@@ATL@@WPI@EAAKXZ 000000018000437c f i FiscalPrinter.obj
 0001:00003388       ?QueryInterface@?$CComObject@VCOPOSFiscalPrinter@@@ATL@@WBAA@EAAJAEBU_GUID@@PEAPEAX@Z 0000000180004388 f i FiscalPrinter.obj
 0001:00003394       ?AddRef@?$CComObject@VCOPOSFiscalPrinter@@@ATL@@WBAA@EAAKXZ 0000000180004394 f i FiscalPrinter.obj
 0001:000033a0       ?Release@?$CComObject@VCOPOSFiscalPrinter@@@ATL@@WBAA@EAAKXZ 00000001800043a0 f i FiscalPrinter.obj
 0001:000033ac       ?UpdateRegistryFromResourceD@CComModule@ATL@@UEAAJPEB_WHPEAU_ATL_REGMAP_ENTRY@2@@Z 00000001800043ac f i FiscalPrinter.obj
 0001:000033ac       ?UpdateRegistryFromResourceD@CComModule@ATL@@UEAAJIHPEAU_ATL_REGMAP_ENTRY@2@@Z 00000001800043ac f i FiscalPrinter.obj
 0001:000033b4       ?QueryInterface@?$CComObject@VCOPOSFiscalPrinter@@@ATL@@WBAI@EAAJAEBU_GUID@@PEAPEAX@Z 00000001800043b4 f i FiscalPrinter.obj
 0001:000033c0       ?AddRef@?$CComObject@VCOPOSFiscalPrinter@@@ATL@@WBAI@EAAKXZ 00000001800043c0 f i FiscalPrinter.obj
 0001:000033cc       ?Release@?$CComObject@VCOPOSFiscalPrinter@@@ATL@@WBAI@EAAKXZ 00000001800043cc f i FiscalPrinter.obj
 0001:000033d8       ?QueryInterface@?$CComObject@VCOPOSFiscalPrinter@@@ATL@@WBBA@EAAJAEBU_GUID@@PEAPEAX@Z 00000001800043d8 f i FiscalPrinter.obj
 0001:000033e4       ?AddRef@?$CComObject@VCOPOSFiscalPrinter@@@ATL@@WBBA@EAAKXZ 00000001800043e4 f i FiscalPrinter.obj
 0001:000033f0       ?Release@?$CComObject@VCOPOSFiscalPrinter@@@ATL@@WBBA@EAAKXZ 00000001800043f0 f i FiscalPrinter.obj
 0001:000033fc       ?QueryInterface@?$CComObject@VCOPOSFiscalPrinter@@@ATL@@WBBI@EAAJAEBU_GUID@@PEAPEAX@Z 00000001800043fc f i FiscalPrinter.obj
 0001:00003408       ?AddRef@?$CComObject@VCOPOSFiscalPrinter@@@ATL@@WBBI@EAAKXZ 0000000180004408 f i FiscalPrinter.obj
 0001:00003414       ?UpdateRegistryFromResource@CComModule@ATL@@UEAAJPEB_WHPEAU_ATL_REGMAP_ENTRY@2@@Z 0000000180004414 f i FiscalPrinter.obj
 0001:0000341c       ?Release@?$CComObject@VCOPOSFiscalPrinter@@@ATL@@WBBI@EAAKXZ 000000018000441c f i FiscalPrinter.obj
 0001:00003428       ?AddRef@?$CComObject@VCOPOSFiscalPrinter@@@ATL@@WBCI@EAAKXZ 0000000180004428 f i FiscalPrinter.obj
 0001:00003434       ?Release@?$CComObject@VCOPOSFiscalPrinter@@@ATL@@WBCI@EAAKXZ 0000000180004434 f i FiscalPrinter.obj
 0001:00003440       ?AddRef@?$CComObject@VCOPOSFiscalPrinter@@@ATL@@WBEA@EAAKXZ 0000000180004440 f i FiscalPrinter.obj
 0001:0000344c       ?UpdateRegistryFromResource@CComModule@ATL@@UEAAJIHPEAU_ATL_REGMAP_ENTRY@2@@Z 000000018000444c f i FiscalPrinter.obj
 0001:00003454       ?Release@?$CComObject@VCOPOSFiscalPrinter@@@ATL@@WBEA@EAAKXZ 0000000180004454 f i FiscalPrinter.obj
 0001:00003460       ??_E?$CComContainedObject@VCOPOSFiscalPrinter@@@ATL@@W7EAAPEAXI@Z 0000000180004460 f i FiscalPrinter.obj
 0001:0000346c       ??_E?$CComContainedObject@VCOPOSFiscalPrinter@@@ATL@@WHA@EAAPEAXI@Z 000000018000446c f i FiscalPrinter.obj
 0001:00003478       ?QueryInterface@?$CComContainedObject@VCOPOSFiscalPrinter@@@ATL@@WLI@EAAJAEBU_GUID@@PEAPEAX@Z 0000000180004478 f i FiscalPrinter.obj
 0001:00003484       ?AddRef@?$CComContainedObject@VCOPOSFiscalPrinter@@@ATL@@WLI@EAAKXZ 0000000180004484 f i FiscalPrinter.obj
 0001:00003490       ?Release@?$CComContainedObject@VCOPOSFiscalPrinter@@@ATL@@WLI@EAAKXZ 0000000180004490 f i FiscalPrinter.obj
 0001:0000349c       ?QueryInterface@?$CComContainedObject@VCOPOSFiscalPrinter@@@ATL@@WMA@EAAJAEBU_GUID@@PEAPEAX@Z 000000018000449c f i FiscalPrinter.obj
 0001:000034a8       ?AddRef@?$CComContainedObject@VCOPOSFiscalPrinter@@@ATL@@WMA@EAAKXZ 00000001800044a8 f i FiscalPrinter.obj
 0001:000034b4       ?Release@?$CComContainedObject@VCOPOSFiscalPrinter@@@ATL@@WMA@EAAKXZ 00000001800044b4 f i FiscalPrinter.obj
 0001:000034c0       ?QueryInterface@?$CComContainedObject@VCOPOSFiscalPrinter@@@ATL@@WMI@EAAJAEBU_GUID@@PEAPEAX@Z 00000001800044c0 f i FiscalPrinter.obj
 0001:000034cc       ?AddRef@?$CComContainedObject@VCOPOSFiscalPrinter@@@ATL@@WMI@EAAKXZ 00000001800044cc f i FiscalPrinter.obj
 0001:000034d8       ?Release@?$CComContainedObject@VCOPOSFiscalPrinter@@@ATL@@WMI@EAAKXZ 00000001800044d8 f i FiscalPrinter.obj
 0001:000034e4       ?QueryInterface@?$CComContainedObject@VCOPOSFiscalPrinter@@@ATL@@WNA@EAAJAEBU_GUID@@PEAPEAX@Z 00000001800044e4 f i FiscalPrinter.obj
 0001:000034f0       ?AddRef@?$CComContainedObject@VCOPOSFiscalPrinter@@@ATL@@WNA@EAAKXZ 00000001800044f0 f i FiscalPrinter.obj
 0001:000034fc       ?Release@?$CComContainedObject@VCOPOSFiscalPrinter@@@ATL@@WNA@EAAKXZ 00000001800044fc f i FiscalPrinter.obj
 0001:00003508       ?QueryInterface@?$CComContainedObject@VCOPOSFiscalPrinter@@@ATL@@WNI@EAAJAEBU_GUID@@PEAPEAX@Z 0000000180004508 f i FiscalPrinter.obj
 0001:00003514       ?AddRef@?$CComContainedObject@VCOPOSFiscalPrinter@@@ATL@@WNI@EAAKXZ 0000000180004514 f i FiscalPrinter.obj
 0001:00003520       ?Release@?$CComContainedObject@VCOPOSFiscalPrinter@@@ATL@@WNI@EAAKXZ 0000000180004520 f i FiscalPrinter.obj
 0001:0000352c       ?QueryInterface@?$CComContainedObject@VCOPOSFiscalPrinter@@@ATL@@WOA@EAAJAEBU_GUID@@PEAPEAX@Z 000000018000452c f i FiscalPrinter.obj
 0001:00003538       ?AddRef@?$CComContainedObject@VCOPOSFiscalPrinter@@@ATL@@WOA@EAAKXZ 0000000180004538 f i FiscalPrinter.obj
 0001:00003544       ?Release@?$CComContainedObject@VCOPOSFiscalPrinter@@@ATL@@WOA@EAAKXZ 0000000180004544 f i FiscalPrinter.obj
 0001:00003550       ?QueryInterface@?$CComContainedObject@VCOPOSFiscalPrinter@@@ATL@@WOI@EAAJAEBU_GUID@@PEAPEAX@Z 0000000180004550 f i FiscalPrinter.obj
 0001:0000355c       ?AddRef@?$CComContainedObject@VCOPOSFiscalPrinter@@@ATL@@WOI@EAAKXZ 000000018000455c f i FiscalPrinter.obj
 0001:00003568       ?Release@?$CComContainedObject@VCOPOSFiscalPrinter@@@ATL@@WOI@EAAKXZ 0000000180004568 f i FiscalPrinter.obj
 0001:00003574       ?QueryInterface@?$CComContainedObject@VCOPOSFiscalPrinter@@@ATL@@WPA@EAAJAEBU_GUID@@PEAPEAX@Z 0000000180004574 f i FiscalPrinter.obj
 0001:00003580       ?AddRef@?$CComContainedObject@VCOPOSFiscalPrinter@@@ATL@@WPA@EAAKXZ 0000000180004580 f i FiscalPrinter.obj
 0001:0000358c       ?Release@?$CComContainedObject@VCOPOSFiscalPrinter@@@ATL@@WPA@EAAKXZ 000000018000458c f i FiscalPrinter.obj
 0001:00003598       ?QueryInterface@?$CComContainedObject@VCOPOSFiscalPrinter@@@ATL@@WPI@EAAJAEBU_GUID@@PEAPEAX@Z 0000000180004598 f i FiscalPrinter.obj
 0001:000035a4       ?AddRef@?$CComContainedObject@VCOPOSFiscalPrinter@@@ATL@@WPI@EAAKXZ 00000001800045a4 f i FiscalPrinter.obj
 0001:000035b0       ?Release@?$CComContainedObject@VCOPOSFiscalPrinter@@@ATL@@WPI@EAAKXZ 00000001800045b0 f i FiscalPrinter.obj
 0001:000035bc       ?QueryInterface@?$CComContainedObject@VCOPOSFiscalPrinter@@@ATL@@WBAA@EAAJAEBU_GUID@@PEAPEAX@Z 00000001800045bc f i FiscalPrinter.obj
 0001:000035c8       ?AddRef@?$CComContainedObject@VCOPOSFiscalPrinter@@@ATL@@WBAA@EAAKXZ 00000001800045c8 f i FiscalPrinter.obj
 0001:000035d4       ?Release@?$CComContainedObject@VCOPOSFiscalPrinter@@@ATL@@WBAA@EAAKXZ 00000001800045d4 f i FiscalPrinter.obj
 0001:000035e0       ?QueryInterface@?$CComContainedObject@VCOPOSFiscalPrinter@@@ATL@@WBAI@EAAJAEBU_GUID@@PEAPEAX@Z 00000001800045e0 f i FiscalPrinter.obj
 0001:000035ec       ?AddRef@?$CComContainedObject@VCOPOSFiscalPrinter@@@ATL@@WBAI@EAAKXZ 00000001800045ec f i FiscalPrinter.obj
 0001:000035f8       ?Release@?$CComContainedObject@VCOPOSFiscalPrinter@@@ATL@@WBAI@EAAKXZ 00000001800045f8 f i FiscalPrinter.obj
 0001:00003604       ?QueryInterface@?$CComContainedObject@VCOPOSFiscalPrinter@@@ATL@@WBBA@EAAJAEBU_GUID@@PEAPEAX@Z 0000000180004604 f i FiscalPrinter.obj
 0001:00003610       ?AddRef@?$CComContainedObject@VCOPOSFiscalPrinter@@@ATL@@WBBA@EAAKXZ 0000000180004610 f i FiscalPrinter.obj
 0001:0000361c       ?Release@?$CComContainedObject@VCOPOSFiscalPrinter@@@ATL@@WBBA@EAAKXZ 000000018000461c f i FiscalPrinter.obj
 0001:00003628       ?QueryInterface@?$CComContainedObject@VCOPOSFiscalPrinter@@@ATL@@WBBI@EAAJAEBU_GUID@@PEAPEAX@Z 0000000180004628 f i FiscalPrinter.obj
 0001:00003634       ?AddRef@?$CComContainedObject@VCOPOSFiscalPrinter@@@ATL@@WBBI@EAAKXZ 0000000180004634 f i FiscalPrinter.obj
 0001:00003640       ?Release@?$CComContainedObject@VCOPOSFiscalPrinter@@@ATL@@WBBI@EAAKXZ 0000000180004640 f i FiscalPrinter.obj
 0001:0000364c       ?AddRef@?$CComContainedObject@VCOPOSFiscalPrinter@@@ATL@@WBCI@EAAKXZ 000000018000464c f i FiscalPrinter.obj
 0001:00003658       ?Release@?$CComContainedObject@VCOPOSFiscalPrinter@@@ATL@@WBCI@EAAKXZ 0000000180004658 f i FiscalPrinter.obj
 0001:00003664       ?AddRef@?$CComContainedObject@VCOPOSFiscalPrinter@@@ATL@@WBEA@EAAKXZ 0000000180004664 f i FiscalPrinter.obj
 0001:00003670       ?Release@?$CComContainedObject@VCOPOSFiscalPrinter@@@ATL@@WBEA@EAAKXZ 0000000180004670 f i FiscalPrinter.obj
 0001:0000367c       ??_GCComModule@ATL@@UEAAPEAXI@Z 000000018000467c f i FiscalPrinter.obj
 0001:0000367c       ??_ECComModule@ATL@@UEAAPEAXI@Z 000000018000467c f i FiscalPrinter.obj
 0001:000036fc       ??$AtlModuleRegisterWndClassInfoT@VAtlModuleRegisterWndClassInfoParamW@ATL@@@ATL@@YAGPEAU_ATL_BASE_MODULE70@0@PEAU_ATL_WIN_MODULE70@0@PEAU_ATL_WNDCLASSINFOW@0@PEAP6A_JPEAUHWND__@@I_K_J@ZVAtlModuleRegisterWndClassInfoParamW@0@@Z 00000001800046fc f i FiscalPrinter.obj
 0001:000038fc       ??0?$CComContainedObject@VCOPOSFiscalPrinter@@@ATL@@QEAA@PEAX@Z 00000001800048fc f i FiscalPrinter.obj
 0001:00003a18       ??0?$CComObject@VCOPOSFiscalPrinter@@@ATL@@QEAA@PEAX@Z 0000000180004a18 f i FiscalPrinter.obj
 0001:00003b30       ??0CAtlModule@ATL@@QEAA@XZ 0000000180004b30 f i FiscalPrinter.obj
 0001:00003bac       ??1?$CComEnumImpl@UIEnumConnectionPoints@@$1?_GUID_b196b285_bab4_101a_b69c_00aa00341d07@@3U__s_GUID@@BPEAUIConnectionPoint@@V?$_CopyInterface@UIConnectionPoint@@@ATL@@@ATL@@UEAA@XZ 0000000180004bac f i FiscalPrinter.obj
 0001:00003c08       ??1?$CComEnumImpl@UIEnumConnections@@$1?_GUID_b196b287_bab4_101a_b69c_00aa00341d07@@3U__s_GUID@@BUtagCONNECTDATA@@V?$_Copy@UtagCONNECTDATA@@@ATL@@@ATL@@UEAA@XZ 0000000180004c08 f i FiscalPrinter.obj
 0001:00003c64       ??1?$CComObject@VCOPOSFiscalPrinter@@@ATL@@UEAA@XZ 0000000180004c64 f i FiscalPrinter.obj
 0001:00003d84       ??_G?$CComContainedObject@VCOPOSFiscalPrinter@@@ATL@@UEAAPEAXI@Z 0000000180004d84 f i FiscalPrinter.obj
 0001:00003d84       ??_E?$CComContainedObject@VCOPOSFiscalPrinter@@@ATL@@UEAAPEAXI@Z 0000000180004d84 f i FiscalPrinter.obj
 0001:00003db8       ??_E?$CComObject@VCOPOSFiscalPrinter@@@ATL@@UEAAPEAXI@Z 0000000180004db8 f i FiscalPrinter.obj
 0001:00003db8       ??_G?$CComObject@VCOPOSFiscalPrinter@@@ATL@@UEAAPEAXI@Z 0000000180004db8 f i FiscalPrinter.obj
 0001:00003dec       ?Add@?$CSimpleArray@GV?$CSimpleArrayEqualHelper@G@ATL@@@ATL@@QEAAHAEBG@Z 0000000180004dec f i FiscalPrinter.obj
 0001:00003ea0       ?Add@?$CSimpleMap@PEA_WPEA_WVCExpansionVectorEqualHelper@ATL@@@ATL@@QEAAHAEBQEA_W0@Z 0000000180004ea0 f i FiscalPrinter.obj
 0001:00003f40       ?Add@CComDynamicUnkArray@ATL@@QEAAKPEAUIUnknown@@@Z 0000000180004f40 f i FiscalPrinter.obj
 0001:00004038       ?Add@CExpansionVector@ATL@@QEAAHPEB_W0@Z 0000000180005038 f i FiscalPrinter.obj
 0001:000041c8       ?AddValue@CRegParser@ATL@@IEAAJAEAVCRegKey@2@PEB_WPEA_W@Z 00000001800051c8 f i FiscalPrinter.obj
 0001:00004610       ?AllocateHeap@?$CTempBuffer@_W$0BAA@VCCRTAllocator@ATL@@@ATL@@AEAAX_K@Z 0000000180005610 f i FiscalPrinter.obj
 0001:00004610       ?AllocateHeap@?$CTempBuffer@E$0BAA@VCCRTAllocator@ATL@@@ATL@@AEAAX_K@Z 0000000180005610 f i FiscalPrinter.obj
 0001:00004610       ?AllocateHeap@?$CTempBuffer@_W$0EAA@VCCRTAllocator@ATL@@@ATL@@AEAAX_K@Z 0000000180005610 f i FiscalPrinter.obj
 0001:0000463c       ?Append@CParseBuffer@CRegParser@ATL@@QEAAHPEB_WH@Z 000000018000563c f i FiscalPrinter.obj
 0001:00004754       ?AtlCallTermFunc@ATL@@YAXPEAU_ATL_MODULE70@1@@Z 0000000180005754 f i FiscalPrinter.obj
 0001:000047b8       ?AtlComModuleGetClassObject@ATL@@YAJPEAU_ATL_COM_MODULE70@1@AEBU_GUID@@1PEAPEAX@Z 00000001800057b8 f i FiscalPrinter.obj
 0001:000048f8       ?AtlComModuleRegisterServer@ATL@@YAJPEAU_ATL_COM_MODULE70@1@HPEBU_GUID@@@Z 00000001800058f8 f i FiscalPrinter.obj
 0001:000049b8       ?AtlComModuleUnregisterServer@ATL@@YAJPEAU_ATL_COM_MODULE70@1@HPEBU_GUID@@@Z 00000001800059b8 f i FiscalPrinter.obj
 0001:00004a74       ?AtlCreateTargetDC@ATL@@YAPEAUHDC__@@PEAU2@PEAUtagDVTARGETDEVICE@@@Z 0000000180005a74 f i FiscalPrinter.obj
 0001:00004ae8       ?AtlHiMetricToPixel@ATL@@YAXPEBUtagSIZE@@PEAU2@@Z 0000000180005ae8 f i FiscalPrinter.obj
 0001:00004b98       ?AtlHresultFromLastError@ATL@@YAJXZ 0000000180005b98 f i FiscalPrinter.obj
 0001:00004bb8       ?AtlHresultFromWin32@ATL@@YAJK@Z 0000000180005bb8 f i FiscalPrinter.obj
 0001:00004bc8       ?AtlIPersistStreamInit_Load@ATL@@YAJPEAUIStream@@PEBUATL_PROPMAP_ENTRY@1@PEAXPEAUIUnknown@@@Z 0000000180005bc8 f i FiscalPrinter.obj
 0001:00004e00       ?AtlIPersistStreamInit_Save@ATL@@YAJPEAUIStream@@HPEBUATL_PROPMAP_ENTRY@1@PEAXPEAUIUnknown@@@Z 0000000180005e00 f i FiscalPrinter.obj
 0001:0000503c       ?AtlInternalOleLoadFromStream@ATL@@YAJPEAUIStream@@AEBU_GUID@@PEAPEAXTClassesAllowedInStream@1@K@Z 000000018000603c f i FiscalPrinter.obj
 0001:00005180       ?AtlInternalQueryInterface@ATL@@YAJPEAXPEBU_ATL_INTMAP_ENTRY@1@AEBU_GUID@@PEAPEAX@Z 0000000180006180 f i FiscalPrinter.obj
 0001:00005288       ?AtlLoadTypeLib@ATL@@YAJPEAUHINSTANCE__@@PEB_WPEAPEA_WPEAPEAUITypeLib@@@Z 0000000180006288 f i FiscalPrinter.obj
 0001:000054e4       ?AtlModuleAddTermFunc@ATL@@YAJPEAU_ATL_MODULE70@1@P6AX_K@Z1@Z 00000001800064e4 f i FiscalPrinter.obj
 0001:00005578       ?AtlRegisterClassCategoriesHelper@ATL@@YAJAEBU_GUID@@PEBU_ATL_CATMAP_ENTRY@1@H@Z 0000000180006578 f i FiscalPrinter.obj
 0001:000059dc       ?AtlRegisterTypeLib@ATL@@YAJPEAUHINSTANCE__@@PEB_W@Z 00000001800069dc f i FiscalPrinter.obj
 0001:00005bd8       ?AtlThrowImpl@ATL@@YAXJ@Z  0000000180006bd8 f i FiscalPrinter.obj
 0001:00005bfc       ?AtlUnRegisterTypeLib@ATL@@YAJPEAUHINSTANCE__@@PEB_W@Z 0000000180006bfc f i FiscalPrinter.obj
 0001:00005cc4       ?AtlWinModuleExtractCreateWndData@ATL@@YAPEAXPEAU_ATL_WIN_MODULE70@1@@Z 0000000180006cc4 f i FiscalPrinter.obj
 0001:00005d50       ?Cleanup@CComTypeInfoHolder@ATL@@SAX_K@Z 0000000180006d50 f i FiscalPrinter.obj
 0001:00005d90       ?ClearReplacements@CExpansionVector@ATL@@QEAAJXZ 0000000180006d90 f i FiscalPrinter.obj
 0001:00005e2c       ?Create@?$CWindowImpl@VCOPOSFiscalPrinter@@VCWindow@ATL@@V?$CWinTraits@$0FGAAAAAA@$0A@@3@@ATL@@QEAAPEAUHWND__@@PEAU3@V_U_RECT@2@PEB_WKKV_U_MENUorID@2@PEAX@Z 0000000180006e2c f i FiscalPrinter.obj
 0001:00005edc       ?Create@?$CWindowImplBaseT@VCWindow@ATL@@V?$CWinTraits@$0FGAAAAAA@$0A@@2@@ATL@@QEAAPEAUHWND__@@PEAU3@V_U_RECT@2@PEB_WKKV_U_MENUorID@2@GPEAX@Z 0000000180006edc f i FiscalPrinter.obj
 0001:0000604c       ?Create@CRegKey@ATL@@QEAAJPEAUHKEY__@@PEB_WPEA_WKKPEAU_SECURITY_ATTRIBUTES@@PEAK@Z 000000018000704c f i FiscalPrinter.obj
 0001:00006130       ?CreateInstance@?$CComCreator@V?$CComAggObject@VCOPOSFiscalPrinter@@@ATL@@@ATL@@SAJPEAXAEBU_GUID@@PEAPEAX@Z 0000000180007130 f i FiscalPrinter.obj
 0001:00006208       ?CreateInstance@?$CComCreator@V?$CComObject@VCOPOSFiscalPrinter@@@ATL@@@ATL@@SAJPEAXAEBU_GUID@@PEAPEAX@Z 0000000180007208 f i FiscalPrinter.obj
 0001:000062c0       ?CreateInstance@?$CComObject@V?$CComEnum@UIEnumConnectionPoints@@$1?_GUID_b196b285_bab4_101a_b69c_00aa00341d07@@3U__s_GUID@@BPEAUIConnectionPoint@@V?$_CopyInterface@UIConnectionPoint@@@ATL@@VCComSingleThreadModel@6@@ATL@@@ATL@@SAJPEAPEAV12@@Z 00000001800072c0 f i FiscalPrinter.obj
 0001:0000634c       ?CreateInstance@?$CComObject@V?$CComEnum@UIEnumConnections@@$1?_GUID_b196b287_bab4_101a_b69c_00aa00341d07@@3U__s_GUID@@BUtagCONNECTDATA@@V?$_Copy@UtagCONNECTDATA@@@ATL@@VCComSingleThreadModel@6@@ATL@@@ATL@@SAJPEAPEAV12@@Z 000000018000734c f i FiscalPrinter.obj
 0001:000063d8       ?DefaultReflectionHandler@?$CWindowImplRoot@VCWindow@ATL@@@ATL@@SAHPEAUHWND__@@I_K_JAEA_J@Z 00000001800073d8 f i FiscalPrinter.obj
 0001:0000643c       ?DoEvent@COPOSFiscalPrinter@@IEAAXI_K_J@Z 000000018000743c f i FiscalPrinter.obj
 0001:000064f0       ?DoVerbPrimary@?$IOleObjectImpl@VCOPOSFiscalPrinter@@@ATL@@QEAAJPEBUtagRECT@@PEAUHWND__@@@Z 00000001800074f0 f i FiscalPrinter.obj
 0001:00006618       ?DoVerbProperties@CComControlBase@ATL@@QEAAJPEBUtagRECT@@PEAUHWND__@@@Z 0000000180007618 f i FiscalPrinter.obj
 0001:00006840       ?FireTheEvent@?$CProxy_IOPOSEvents@VCOPOSFiscalPrinter@@@@IEAAXPEAVOposVariant@@IAEAJPEB_WJ@Z 0000000180007840 f i FiscalPrinter.obj
 0001:0000692c       ?FireViewChange@CComControlBase@ATL@@QEAAJXZ 000000018000792c f i FiscalPrinter.obj
 0001:00006990       ?Fire_DirectIOEvent@?$CProxy_IOPOSEvents@VCOPOSFiscalPrinter@@@@QEAAXJPEAJPEAPEA_W@Z 0000000180007990 f i FiscalPrinter.obj
 0001:00006ae8       ?Fire_ErrorEvent@?$CProxy_IOPOSEvents@VCOPOSFiscalPrinter@@@@QEAAXJJJPEAJ@Z 0000000180007ae8 f i FiscalPrinter.obj
 0001:00006c50       ?Fire_OutputCompleteEvent@?$CProxy_IOPOSEvents@VCOPOSFiscalPrinter@@@@QEAAXJ@Z 0000000180007c50 f i FiscalPrinter.obj
 0001:00006d3c       ?Fire_StatusUpdateEvent@?$CProxy_IOPOSEvents@VCOPOSFiscalPrinter@@@@QEAAXJ@Z 0000000180007d3c f i FiscalPrinter.obj
 0001:00006e28       ?FreeHeap@?$CTempBuffer@E$0BAA@VCCRTAllocator@ATL@@@ATL@@AEAAXXZ 0000000180007e28 f i FiscalPrinter.obj
 0001:00006e28       ?FreeHeap@?$CTempBuffer@_W$0EAA@VCCRTAllocator@ATL@@@ATL@@AEAAXXZ 0000000180007e28 f i FiscalPrinter.obj
 0001:00006e28       ?FreeHeap@?$CTempBuffer@_W$0BAA@VCCRTAllocator@ATL@@@ATL@@AEAAXXZ 0000000180007e28 f i FiscalPrinter.obj
 0001:00006e30       ?GetAmbientLocaleID@CComControlBase@ATL@@QEAAJAEAK@Z 0000000180007e30 f i FiscalPrinter.obj
 0001:00006ef0       ?GetAmbientUserMode@CComControlBase@ATL@@QEAAJAEAH@Z 0000000180007ef0 f i FiscalPrinter.obj
 0001:00006fc4       ?GetClassObject@CComModule@ATL@@QEAAJAEBU_GUID@@0PEAPEAX@Z 0000000180007fc4 f i FiscalPrinter.obj
 0001:000070b8       ?GetConnMap@COPOSFiscalPrinter@@SAPEBU_ATL_CONNMAP_ENTRY@ATL@@PEAH@Z 00000001800080b8 f i FiscalPrinter.obj
 0001:00007140       ?GetIDsOfNames@CComTypeInfoHolder@ATL@@QEAAJAEBU_GUID@@PEAPEA_WIKPEAJ@Z 0000000180008140 f i FiscalPrinter.obj
 0001:000072b8       ?GetPagesHelper@?$ISpecifyPropertyPagesImpl@VCOPOSFiscalPrinter@@@ATL@@IEAAJPEAUtagCAUUID@@PEBUATL_PROPMAP_ENTRY@2@@Z 00000001800082b8 f i FiscalPrinter.obj
 0001:00007458       ?GetSizeMax@CComVariant@ATL@@QEBAJPEAT_ULARGE_INTEGER@@@Z 0000000180008458 f i FiscalPrinter.obj
 0001:0000768c       ?GetTI@CComTypeInfoHolder@ATL@@QEAAJK@Z 000000018000868c f i FiscalPrinter.obj
 0001:00007904       ?GetZoomInfo@CComControlBase@ATL@@QEAAXAEAUATL_DRAWINFO@@@Z 0000000180008904 f i FiscalPrinter.obj
 0001:000079a8       ?HKeyFromString@CRegParser@ATL@@KAPEAUHKEY__@@PEA_W@Z 00000001800089a8 f i FiscalPrinter.obj
 0001:00007a0c       ?IDataObject_GetData@CComControlBase@ATL@@QEAAJPEAUtagFORMATETC@@PEAUtagSTGMEDIUM@@@Z 0000000180008a0c f i FiscalPrinter.obj
 0001:00007c00       ?IOleInPlaceObject_InPlaceDeactivate@CComControlBase@ATL@@QEAAJXZ 0000000180008c00 f i FiscalPrinter.obj
 0001:00007ca0       ?IOleInPlaceObject_SetObjectRects@CComControlBase@ATL@@QEAAJPEBUtagRECT@@0@Z 0000000180008ca0 f i FiscalPrinter.obj
 0001:00007d90       ?IOleInPlaceObject_UIDeactivate@CComControlBase@ATL@@QEAAJXZ 0000000180008d90 f i FiscalPrinter.obj
 0001:00007e9c       ?IOleObject_Close@CComControlBase@ATL@@QEAAJK@Z 0000000180008e9c f i FiscalPrinter.obj
 0001:00007fb4       ?IOleObject_SetClientSite@CComControlBase@ATL@@QEAAJPEAUIOleClientSite@@@Z 0000000180008fb4 f i FiscalPrinter.obj
 0001:0000802c       ?IOleObject_SetExtent@CComControlBase@ATL@@QEAAJKPEAUtagSIZE@@@Z 000000018000902c f i FiscalPrinter.obj
 0001:000080c4       ?IPSI_GetIPersistStreamInit@?$IPersistStorageImpl@VCOPOSFiscalPrinter@@@ATL@@AEAAPEAUIPersistStreamInit@@XZ 00000001800090c4 f i FiscalPrinter.obj
 0001:00008120       ?IQuickActivate_QuickActivate@CComControlBase@ATL@@QEAAJPEAUtagQACONTAINER@@PEAUtagQACONTROL@@@Z 0000000180009120 f i FiscalPrinter.obj
 0001:000083e4       ?IViewObject_Draw@CComControlBase@ATL@@QEAAJKJPEAXPEAUtagDVTARGETDEVICE@@PEAUHDC__@@2PEBU_RECTL@@3@Z 00000001800093e4 f i FiscalPrinter.obj
 0001:000084f8       ?InPlaceActivate@CComControlBase@ATL@@QEAAJJPEBUtagRECT@@@Z 00000001800094f8 f i FiscalPrinter.obj
 0001:00008830       ?Init@?$CComEnumImpl@UIEnumConnectionPoints@@$1?_GUID_b196b285_bab4_101a_b69c_00aa00341d07@@3U__s_GUID@@BPEAUIConnectionPoint@@V?$_CopyInterface@UIConnectionPoint@@@ATL@@@ATL@@QEAAJPEAPEAUIConnectionPoint@@0PEAUIUnknown@@W4CComEnumFlags@2@@Z 0000000180009830 f i FiscalPrinter.obj
 0001:00008950       ?Init@?$CComEnumImpl@UIEnumConnections@@$1?_GUID_b196b287_bab4_101a_b69c_00aa00341d07@@3U__s_GUID@@BUtagCONNECTDATA@@V?$_Copy@UtagCONNECTDATA@@@ATL@@@ATL@@QEAAJPEAUtagCONNECTDATA@@0PEAUIUnknown@@W4CComEnumFlags@2@@Z 0000000180009950 f i FiscalPrinter.obj
 0001:00008a74       ?IsEqualObject@?$CComPtrBase@UIOleClientSite@@@ATL@@QEAA_NPEAUIUnknown@@@Z 0000000180009a74 f i FiscalPrinter.obj
 0001:00008a74       ?IsEqualObject@?$CComPtrBase@UITypeInfo@@@ATL@@QEAA_NPEAUIUnknown@@@Z 0000000180009a74 f i FiscalPrinter.obj
 0001:00008b00       ?LoadNameCache@CComTypeInfoHolder@ATL@@QEAAJPEAUITypeInfo@@@Z 0000000180009b00 f i FiscalPrinter.obj
 0001:00008c84       ?Lookup@?$CSimpleMap@PEA_WPEA_WVCExpansionVectorEqualHelper@ATL@@@ATL@@QEBAPEA_WAEBQEA_W@Z 0000000180009c84 f i FiscalPrinter.obj
 0001:00008d10       ?NextToken@CRegParser@ATL@@IEAAJPEA_W@Z 0000000180009d10 f i FiscalPrinter.obj
 0001:00008ec8       ?OnKillFocus@CComControlBase@ATL@@QEAA_JI_K_JAEAH@Z 0000000180009ec8 f i FiscalPrinter.obj
 0001:00008f64       ?OnMouseActivate@CComControlBase@ATL@@QEAA_JI_K_JAEAH@Z 0000000180009f64 f i FiscalPrinter.obj
 0001:00009004       ?OnPaint@CComControlBase@ATL@@QEAA_JI_K_JAEAH@Z 000000018000a004 f i FiscalPrinter.obj
 0001:000090f0       ?OnSetFocus@CComControlBase@ATL@@QEAA_JI_K_JAEAH@Z 000000018000a0f0 f i FiscalPrinter.obj
 0001:000091ec       ?Open@CRegKey@ATL@@QEAAJPEAUHKEY__@@PEB_WK@Z 000000018000a1ec f i FiscalPrinter.obj
 0001:00009268       ?PreProcessBuffer@CRegParser@ATL@@QEAAJPEA_WPEAPEA_W@Z 000000018000a268 f i FiscalPrinter.obj
 0001:000095ec       ?ProcessWindowMessage@?$CComControl@VCOPOSFiscalPrinter@@V?$CWindowImpl@VCOPOSFiscalPrinter@@VCWindow@ATL@@V?$CWinTraits@$0FGAAAAAA@$0A@@3@@ATL@@@ATL@@UEAAHPEAUHWND__@@I_K_JAEA_JK@Z 000000018000a5ec f i FiscalPrinter.obj
 0001:000096d0       ?PutProperty@?$CComPtr@UIDispatch@@@ATL@@SAJPEAUIDispatch@@JPEAUtagVARIANT@@@Z 000000018000a6d0 f i FiscalPrinter.obj
 0001:000097d4       ?ReadFromStream@CComBSTR@ATL@@QEAAJPEAUIStream@@@Z 000000018000a7d4 f i FiscalPrinter.obj
 0001:00009930       ?ReadFromStream@CComVariant@ATL@@QEAAJPEAUIStream@@GTClassesAllowedInStream@2@K@Z 000000018000a930 f i FiscalPrinter.obj
 0001:00009b40       ?RecurseDeleteKey@CRegKey@ATL@@QEAAJPEB_W@Z 000000018000ab40 f i FiscalPrinter.obj
 0001:00009c64       ?RegCreateKeyExW@CAtlTransactionManager@ATL@@QEAAJPEAUHKEY__@@PEB_WKPEA_WKKQEAU_SECURITY_ATTRIBUTES@@PEAPEAU3@PEAK@Z 000000018000ac64 f i FiscalPrinter.obj
 0001:00009d98       ?RegDeleteKeyW@CAtlTransactionManager@ATL@@QEAAJPEAUHKEY__@@PEB_W@Z 000000018000ad98 f i FiscalPrinter.obj
 0001:00009e24       ?RegOpenKeyExW@CAtlTransactionManager@ATL@@QEAAJPEAUHKEY__@@PEB_WKKPEAPEAU3@@Z 000000018000ae24 f i FiscalPrinter.obj
 0001:00009edc       ?RegisterBuffer@CRegParser@ATL@@QEAAJPEA_WH@Z 000000018000aedc f i FiscalPrinter.obj
 0001:0000a044       ?RegisterFromResource@CRegObject@ATL@@IEAAJPEB_W00H@Z 000000018000b044 f i FiscalPrinter.obj
 0001:0000a200       ?RegisterServer@CComModule@ATL@@QEAAJHPEBU_GUID@@@Z 000000018000b200 f i FiscalPrinter.obj
 0001:0000a2c0       ?RegisterSubkeys@CRegParser@ATL@@IEAAJPEA_WPEAUHKEY__@@HH@Z 000000018000b2c0 f i FiscalPrinter.obj
 0001:0000a9b0       ?SendOnDataChange@CComControlBase@ATL@@QEAAJK@Z 000000018000b9b0 f i FiscalPrinter.obj
 0001:0000aa20       ?SetControlFocus@CComControlBase@ATL@@QEAAHH@Z 000000018000ba20 f i FiscalPrinter.obj
 0001:0000aafc       ?SkipAssignment@CRegParser@ATL@@IEAAJPEA_W@Z 000000018000bafc f i FiscalPrinter.obj
 0001:0000aba0       ?Term@CComModule@ATL@@QEAAXXZ 000000018000bba0 f i FiscalPrinter.obj
 0001:0000ac4c       ?UnregisterServer@CComModule@ATL@@QEAAJHPEBU_GUID@@@Z 000000018000bc4c f i FiscalPrinter.obj
 0001:0000acfc       ?UpdateRegistryFromResource@CAtlModule@ATL@@QEAAJIHPEAU_ATL_REGMAP_ENTRY@2@@Z 000000018000bcfc f i FiscalPrinter.obj
 0001:0000b034       ?UpdateRegistryFromResource@CAtlModule@ATL@@QEAAJPEB_WHPEAU_ATL_REGMAP_ENTRY@2@@Z 000000018000c034 f i FiscalPrinter.obj
 0001:0000b38c       ?VTFromRegType@CRegParser@ATL@@KAHPEB_WAEAG@Z 000000018000c38c f i FiscalPrinter.obj
 0001:0000b428       ?WindowProc@?$CWindowImplBaseT@VCWindow@ATL@@V?$CWinTraits@$0FGAAAAAA@$0A@@2@@ATL@@SA_JPEAUHWND__@@I_K_J@Z 000000018000c428 f i FiscalPrinter.obj
 0001:0000b594       ?WriteToStream@CComBSTR@ATL@@QEAAJPEAUIStream@@@Z 000000018000c594 f i FiscalPrinter.obj
 0001:0000b614       ?WriteToStream@CComVariant@ATL@@QEAAJPEAUIStream@@@Z 000000018000c614 f i FiscalPrinter.obj
 0001:0000b828       ?WriteToStream@CComVariant@ATL@@QEAAJPEAUIStream@@G@Z 000000018000c828 f i FiscalPrinter.obj
 0001:0000b8c0       ?_AtlVerifyStackAvailable@_ATL_SAFE_ALLOCA_IMPL@ATL@@YA_N_K@Z 000000018000c8c0 f i FiscalPrinter.obj
 0001:0000b944       DllCanUnloadNow            000000018000c944 f   FiscalPrinter.obj
 0001:0000b950       DllGetClassObject          000000018000c950 f   FiscalPrinter.obj
 0001:0000b968       DllMain                    000000018000c968 f   FiscalPrinter.obj
 0001:0000ba10       DllRegisterServer          000000018000ca10 f   FiscalPrinter.obj
 0001:0000ba24       DllUnregisterServer        000000018000ca24 f   FiscalPrinter.obj
 0001:0000ba38       __local_stdio_printf_options 000000018000ca38 f i FiscalPrinter.obj
 0001:0000bac8       swprintf_s                 000000018000cac8 f i FiscalPrinter.obj
 0001:0000bb1c       ??0COPOSFiscalPrinter@@QEAA@XZ 000000018000cb1c f   FiscalPrinterImpl.obj
 0001:0000bbe4       ??1?$IConnectionPointImpl@VCOPOSFiscalPrinter@@$1?IID_IPropertyNotifySink@@3U_GUID@@BVCComDynamicUnkArray@ATL@@@ATL@@QEAA@XZ 000000018000cbe4 f i FiscalPrinterImpl.obj
 0001:0000bbe4       ??1?$IConnectionPointImpl@VCOPOSFiscalPrinter@@$1?DIID__IOPOSFiscalPrinterEvents@@3U_GUID@@BVCComDynamicUnkArray@ATL@@@ATL@@QEAA@XZ 000000018000cbe4 f i FiscalPrinterImpl.obj
 0001:0000bc40       ??1CComControlBase@ATL@@UEAA@XZ 000000018000cc40 f i FiscalPrinterImpl.obj
 0001:0000bcbc       ??1COPOSFiscalPrinter@@UEAA@XZ 000000018000ccbc f   FiscalPrinterImpl.obj
 0001:0000bd20       ?BeginFiscalDocument@COPOSFiscalPrinter@@UEAAJJPEAJ@Z 000000018000cd20 f   FiscalPrinterImpl.obj
 0001:0000bd9c       ?BeginFiscalReceipt@COPOSFiscalPrinter@@UEAAJFPEAJ@Z 000000018000cd9c f   FiscalPrinterImpl.obj
 0001:0000be18       ?BeginFixedOutput@COPOSFiscalPrinter@@UEAAJJJPEAJ@Z 000000018000ce18 f   FiscalPrinterImpl.obj
 0001:0000bee4       ?BeginInsertion@COPOSFiscalPrinter@@UEAAJJPEAJ@Z 000000018000cee4 f   FiscalPrinterImpl.obj
 0001:0000bf60       ?BeginItemList@COPOSFiscalPrinter@@UEAAJJPEAJ@Z 000000018000cf60 f   FiscalPrinterImpl.obj
 0001:0000bfdc       ?BeginNonFiscal@COPOSFiscalPrinter@@UEAAJPEAJ@Z 000000018000cfdc f   FiscalPrinterImpl.obj
 0001:0000c004       ?BeginRemoval@COPOSFiscalPrinter@@UEAAJJPEAJ@Z 000000018000d004 f   FiscalPrinterImpl.obj
 0001:0000c080       ?BeginTraining@COPOSFiscalPrinter@@UEAAJPEAJ@Z 000000018000d080 f   FiscalPrinterImpl.obj
 0001:0000c0a8       ?CheckHealth@COPOSFiscalPrinter@@UEAAJJPEAJ@Z 000000018000d0a8 f   FiscalPrinterImpl.obj
 0001:0000c124       ?ClaimDevice@COPOSFiscalPrinter@@UEAAJJPEAJ@Z 000000018000d124 f   FiscalPrinterImpl.obj
 0001:0000c1c4       ?ClearError@COPOSFiscalPrinter@@UEAAJPEAJ@Z 000000018000d1c4 f   FiscalPrinterImpl.obj
 0001:0000c1ec       ?ClearOutput@COPOSFiscalPrinter@@UEAAJPEAJ@Z 000000018000d1ec f   FiscalPrinterImpl.obj
 0001:0000c214       ?Close@COPOSFiscalPrinter@@UEAAJPEAJ@Z 000000018000d214 f   FiscalPrinterImpl.obj
 0001:0000c2cc       ?CompareFirmwareVersion@COPOSFiscalPrinter@@UEAAJPEA_WPEAJ1@Z 000000018000d2cc f   FiscalPrinterImpl.obj
 0001:0000c3a8       ?DirectIO@COPOSFiscalPrinter@@UEAAJJPEAJPEAPEA_W0@Z 000000018000d3a8 f   FiscalPrinterImpl.obj
 0001:0000c4a4       ?DoInvoke@COPOSFiscalPrinter@@IEAAJJPEAVOposVariant@@IHPEAJ_N@Z 000000018000d4a4 f   FiscalPrinterImpl.obj
 0001:0000c5d8       ?EndFiscalDocument@COPOSFiscalPrinter@@UEAAJPEAJ@Z 000000018000d5d8 f   FiscalPrinterImpl.obj
 0001:0000c600       ?EndFiscalReceipt@COPOSFiscalPrinter@@UEAAJFPEAJ@Z 000000018000d600 f   FiscalPrinterImpl.obj
 0001:0000c67c       ?EndFixedOutput@COPOSFiscalPrinter@@UEAAJPEAJ@Z 000000018000d67c f   FiscalPrinterImpl.obj
 0001:0000c6a4       ?EndInsertion@COPOSFiscalPrinter@@UEAAJPEAJ@Z 000000018000d6a4 f   FiscalPrinterImpl.obj
 0001:0000c6cc       ?EndItemList@COPOSFiscalPrinter@@UEAAJPEAJ@Z 000000018000d6cc f   FiscalPrinterImpl.obj
 0001:0000c6f4       ?EndNonFiscal@COPOSFiscalPrinter@@UEAAJPEAJ@Z 000000018000d6f4 f   FiscalPrinterImpl.obj
 0001:0000c71c       ?EndRemoval@COPOSFiscalPrinter@@UEAAJPEAJ@Z 000000018000d71c f   FiscalPrinterImpl.obj
 0001:0000c744       ?EndTraining@COPOSFiscalPrinter@@UEAAJPEAJ@Z 000000018000d744 f   FiscalPrinterImpl.obj
 0001:0000c76c       ?EventInit@COPOSFiscalPrinter@@IEAAJXZ 000000018000d76c f i FiscalPrinterImpl.obj
 0001:0000c8b4       ?EventUninit@COPOSFiscalPrinter@@IEAAXXZ 000000018000d8b4 f i FiscalPrinterImpl.obj
 0001:0000c918       ?EventWindowProc@COPOSFiscalPrinter@@IEAA_JI_K_J@Z 000000018000d918 f i FiscalPrinterImpl.obj
 0001:0000cab0       ?FinalConstruct@COPOSFiscalPrinter@@QEAAJXZ 000000018000dab0 f   FiscalPrinterImpl.obj
 0001:0000caec       ?FreezeEvents@COPOSFiscalPrinter@@MEAAJH@Z 000000018000daec f   FiscalPrinterImpl.obj
 0001:0000cb60       ?GetData@COPOSFiscalPrinter@@UEAAJJPEAJPEAPEA_W0@Z 000000018000db60 f   FiscalPrinterImpl.obj
 0001:0000cc5c       ?GetDate@COPOSFiscalPrinter@@UEAAJPEAPEA_WPEAJ@Z 000000018000dc5c f   FiscalPrinterImpl.obj
 0001:0000cce4       ?GetOposProp@COPOSFiscalPrinter@@IEAAJJPEAJJ@Z 000000018000dce4 f   FiscalPrinterImpl.obj
 0001:0000ce00       ?GetOposProp@COPOSFiscalPrinter@@IEAAJJPEAPEA_WJ@Z 000000018000de00 f   FiscalPrinterImpl.obj
 0001:0000cf2c       ?GetTotalizer@COPOSFiscalPrinter@@UEAAJJJPEAPEA_WPEAJ@Z 000000018000df2c f   FiscalPrinterImpl.obj
 0001:0000d024       ?GetVatEntry@COPOSFiscalPrinter@@UEAAJJJPEAJ0@Z 000000018000e024 f   FiscalPrinterImpl.obj
 0001:0000d11c       ?OnDraw@COPOSFiscalPrinter@@MEAAJAEAUATL_DRAWINFO@@@Z 000000018000e11c f   FiscalPrinterImpl.obj
 0001:0000d208       ?Open@COPOSFiscalPrinter@@UEAAJPEA_WPEAJ@Z 000000018000e208 f   FiscalPrinterImpl.obj
 0001:0000da84       ?PrintDuplicateReceipt@COPOSFiscalPrinter@@UEAAJPEAJ@Z 000000018000ea84 f   FiscalPrinterImpl.obj
 0001:0000daac       ?PrintFiscalDocumentLine@COPOSFiscalPrinter@@UEAAJPEA_WPEAJ@Z 000000018000eaac f   FiscalPrinterImpl.obj
 0001:0000db34       ?PrintFixedOutput@COPOSFiscalPrinter@@UEAAJJJPEA_WPEAJ@Z 000000018000eb34 f   FiscalPrinterImpl.obj
 0001:0000dc2c       ?PrintNormal@COPOSFiscalPrinter@@UEAAJJPEA_WPEAJ@Z 000000018000ec2c f   FiscalPrinterImpl.obj
 0001:0000dd04       ?PrintPeriodicTotalsReport@COPOSFiscalPrinter@@UEAAJPEA_W0PEAJ@Z 000000018000ed04 f   FiscalPrinterImpl.obj
 0001:0000dde0       ?PrintPowerLossReport@COPOSFiscalPrinter@@UEAAJPEAJ@Z 000000018000ede0 f   FiscalPrinterImpl.obj
 0001:0000de08       ?PrintRecCash@COPOSFiscalPrinter@@UEAAJTtagCY@@PEAJ@Z 000000018000ee08 f   FiscalPrinterImpl.obj
 0001:0000de84       ?PrintRecItem@COPOSFiscalPrinter@@UEAAJPEA_WTtagCY@@JJ10PEAJ@Z 000000018000ee84 f   FiscalPrinterImpl.obj
 0001:0000dfb0       ?PrintRecItemAdjustment@COPOSFiscalPrinter@@UEAAJJPEA_WTtagCY@@JPEAJ@Z 000000018000efb0 f   FiscalPrinterImpl.obj
 0001:0000e0a4       ?PrintRecItemAdjustmentVoid@COPOSFiscalPrinter@@UEAAJJPEA_WTtagCY@@JPEAJ@Z 000000018000f0a4 f   FiscalPrinterImpl.obj
 0001:0000e198       ?PrintRecItemFuel@COPOSFiscalPrinter@@UEAAJPEA_WTtagCY@@JJ1010PEAJ@Z 000000018000f198 f   FiscalPrinterImpl.obj
 0001:0000e2ec       ?PrintRecItemFuelVoid@COPOSFiscalPrinter@@UEAAJPEA_WTtagCY@@J1PEAJ@Z 000000018000f2ec f   FiscalPrinterImpl.obj
 0001:0000e3e0       ?PrintRecItemRefund@COPOSFiscalPrinter@@UEAAJPEA_WTtagCY@@JJ10PEAJ@Z 000000018000f3e0 f   FiscalPrinterImpl.obj
 0001:0000e50c       ?PrintRecItemRefundVoid@COPOSFiscalPrinter@@UEAAJPEA_WTtagCY@@JJ10PEAJ@Z 000000018000f50c f   FiscalPrinterImpl.obj
 0001:0000e638       ?PrintRecItemVoid@COPOSFiscalPrinter@@UEAAJPEA_WTtagCY@@JJ10PEAJ@Z 000000018000f638 f   FiscalPrinterImpl.obj
 0001:0000e764       ?PrintRecMessage@COPOSFiscalPrinter@@UEAAJPEA_WPEAJ@Z 000000018000f764 f   FiscalPrinterImpl.obj
 0001:0000e7ec       ?PrintRecNotPaid@COPOSFiscalPrinter@@UEAAJPEA_WTtagCY@@PEAJ@Z 000000018000f7ec f   FiscalPrinterImpl.obj
 0001:0000e8c4       ?PrintRecPackageAdjustVoid@COPOSFiscalPrinter@@UEAAJJPEA_WPEAJ@Z 000000018000f8c4 f   FiscalPrinterImpl.obj
 0001:0000e99c       ?PrintRecPackageAdjustment@COPOSFiscalPrinter@@UEAAJJPEA_W0PEAJ@Z 000000018000f99c f   FiscalPrinterImpl.obj
 0001:0000ea98       ?PrintRecRefund@COPOSFiscalPrinter@@UEAAJPEA_WTtagCY@@JPEAJ@Z 000000018000fa98 f   FiscalPrinterImpl.obj
 0001:0000eb90       ?PrintRecRefundVoid@COPOSFiscalPrinter@@UEAAJPEA_WTtagCY@@JPEAJ@Z 000000018000fb90 f   FiscalPrinterImpl.obj
 0001:0000ec88       ?PrintRecSubtotal@COPOSFiscalPrinter@@UEAAJTtagCY@@PEAJ@Z 000000018000fc88 f   FiscalPrinterImpl.obj
 0001:0000ed04       ?PrintRecSubtotalAdjustVoid@COPOSFiscalPrinter@@UEAAJJTtagCY@@PEAJ@Z 000000018000fd04 f   FiscalPrinterImpl.obj
 0001:0000edd0       ?PrintRecSubtotalAdjustment@COPOSFiscalPrinter@@UEAAJJPEA_WTtagCY@@PEAJ@Z 000000018000fdd0 f   FiscalPrinterImpl.obj
 0001:0000eec8       ?PrintRecTaxID@COPOSFiscalPrinter@@UEAAJPEA_WPEAJ@Z 000000018000fec8 f   FiscalPrinterImpl.obj
 0001:0000ef50       ?PrintRecTotal@COPOSFiscalPrinter@@UEAAJTtagCY@@0PEA_WPEAJ@Z 000000018000ff50 f   FiscalPrinterImpl.obj
 0001:0000f048       ?PrintRecVoid@COPOSFiscalPrinter@@UEAAJPEA_WPEAJ@Z 0000000180010048 f   FiscalPrinterImpl.obj
 0001:0000f0d0       ?PrintRecVoidItem@COPOSFiscalPrinter@@UEAAJPEA_WTtagCY@@JJ1JPEAJ@Z 00000001800100d0 f   FiscalPrinterImpl.obj
 0001:0000f1ec       ?PrintReport@COPOSFiscalPrinter@@UEAAJJPEA_W0PEAJ@Z 00000001800101ec f   FiscalPrinterImpl.obj
 0001:0000f2e8       ?PrintXReport@COPOSFiscalPrinter@@UEAAJPEAJ@Z 00000001800102e8 f   FiscalPrinterImpl.obj
 0001:0000f310       ?PrintZReport@COPOSFiscalPrinter@@UEAAJPEAJ@Z 0000000180010310 f   FiscalPrinterImpl.obj
 0001:0000f338       ?ReleaseDevice@COPOSFiscalPrinter@@UEAAJPEAJ@Z 0000000180010338 f   FiscalPrinterImpl.obj
 0001:0000f3a4       ?ResetPrinterW@COPOSFiscalPrinter@@UEAAJPEAJ@Z 00000001800103a4 f   FiscalPrinterImpl.obj
 0001:0000f3cc       ?ResetStatistics@COPOSFiscalPrinter@@UEAAJPEA_WPEAJ@Z 00000001800103cc f   FiscalPrinterImpl.obj
 0001:0000f454       ?RetrieveStatistics@COPOSFiscalPrinter@@UEAAJPEAPEA_WPEAJ@Z 0000000180010454 f   FiscalPrinterImpl.obj
 0001:0000f4dc       ?SOProcessID@COPOSFiscalPrinter@@UEAAJPEAJ@Z 00000001800104dc f   FiscalPrinterImpl.obj
 0001:0000f4f8       ?SetCOFreezeEvents@COPOSFiscalPrinter@@IEAAXF@Z 00000001800104f8 f   FiscalPrinterImpl.obj
 0001:0000f5dc       ?SetCurrency@COPOSFiscalPrinter@@UEAAJJPEAJ@Z 00000001800105dc f   FiscalPrinterImpl.obj
 0001:0000f658       ?SetDate@COPOSFiscalPrinter@@UEAAJPEA_WPEAJ@Z 0000000180010658 f   FiscalPrinterImpl.obj
 0001:0000f6e0       ?SetHeaderLine@COPOSFiscalPrinter@@UEAAJJPEA_WFPEAJ@Z 00000001800106e0 f   FiscalPrinterImpl.obj
 0001:0000f7d8       ?SetOposProp@COPOSFiscalPrinter@@IEAAJJJJ@Z 00000001800107d8 f   FiscalPrinterImpl.obj
 0001:0000f938       ?SetOposProp@COPOSFiscalPrinter@@IEAAJJPEA_WJ@Z 0000000180010938 f   FiscalPrinterImpl.obj
 0001:0000fa90       ?SetPOSID@COPOSFiscalPrinter@@UEAAJPEA_W0PEAJ@Z 0000000180010a90 f   FiscalPrinterImpl.obj
 0001:0000fb6c       ?SetStoreFiscalID@COPOSFiscalPrinter@@UEAAJPEA_WPEAJ@Z 0000000180010b6c f   FiscalPrinterImpl.obj
 0001:0000fbf4       ?SetTrailerLine@COPOSFiscalPrinter@@UEAAJJPEA_WFPEAJ@Z 0000000180010bf4 f   FiscalPrinterImpl.obj
 0001:0000fcec       ?SetVatTable@COPOSFiscalPrinter@@UEAAJPEAJ@Z 0000000180010cec f   FiscalPrinterImpl.obj
 0001:0000fd14       ?SetVatValue@COPOSFiscalPrinter@@UEAAJJPEA_WPEAJ@Z 0000000180010d14 f   FiscalPrinterImpl.obj
 0001:0000fdec       ?UpdateFirmware@COPOSFiscalPrinter@@UEAAJPEA_WPEAJ@Z 0000000180010dec f   FiscalPrinterImpl.obj
 0001:0000fe74       ?UpdateStatistics@COPOSFiscalPrinter@@UEAAJPEA_WPEAJ@Z 0000000180010e74 f   FiscalPrinterImpl.obj
 0001:0000fefc       ?VerifyItem@COPOSFiscalPrinter@@UEAAJPEA_WJPEAJ@Z 0000000180010efc f   FiscalPrinterImpl.obj
 0001:0000ffd4       ?get_ActualCurrency@COPOSFiscalPrinter@@UEAAJPEAJ@Z 0000000180010fd4 f   FiscalPrinterImpl.obj
 0001:0000ffe8       ?get_AdditionalHeader@COPOSFiscalPrinter@@UEAAJPEAPEA_W@Z 0000000180010fe8 f   FiscalPrinterImpl.obj
 0001:0000fffc       ?get_AdditionalTrailer@COPOSFiscalPrinter@@UEAAJPEAPEA_W@Z 0000000180010ffc f   FiscalPrinterImpl.obj
 0001:00010010       ?get_AmountDecimalPlaces@COPOSFiscalPrinter@@UEAAJPEAJ@Z 0000000180011010 f   FiscalPrinterImpl.obj
 0001:00010024       ?get_AsyncMode@COPOSFiscalPrinter@@UEAAJPEAF@Z 0000000180011024 f   FiscalPrinterImpl.obj
 0001:00010058       ?get_BinaryConversion@COPOSFiscalPrinter@@UEAAJPEAJ@Z 0000000180011058 f   FiscalPrinterImpl.obj
 0001:0001006c       ?get_CapAdditionalHeader@COPOSFiscalPrinter@@UEAAJPEAF@Z 000000018001106c f   FiscalPrinterImpl.obj
 0001:000100a0       ?get_CapAdditionalLines@COPOSFiscalPrinter@@UEAAJPEAF@Z 00000001800110a0 f   FiscalPrinterImpl.obj
 0001:000100d4       ?get_CapAdditionalTrailer@COPOSFiscalPrinter@@UEAAJPEAF@Z 00000001800110d4 f   FiscalPrinterImpl.obj
 0001:00010108       ?get_CapAmountAdjustment@COPOSFiscalPrinter@@UEAAJPEAF@Z 0000000180011108 f   FiscalPrinterImpl.obj
 0001:0001013c       ?get_CapAmountNotPaid@COPOSFiscalPrinter@@UEAAJPEAF@Z 000000018001113c f   FiscalPrinterImpl.obj
 0001:00010170       ?get_CapChangeDue@COPOSFiscalPrinter@@UEAAJPEAF@Z 0000000180011170 f   FiscalPrinterImpl.obj
 0001:000101a4       ?get_CapCheckTotal@COPOSFiscalPrinter@@UEAAJPEAF@Z 00000001800111a4 f   FiscalPrinterImpl.obj
 0001:000101d8       ?get_CapCompareFirmwareVersion@COPOSFiscalPrinter@@UEAAJPEAF@Z 00000001800111d8 f   FiscalPrinterImpl.obj
 0001:0001020c       ?get_CapCoverSensor@COPOSFiscalPrinter@@UEAAJPEAF@Z 000000018001120c f   FiscalPrinterImpl.obj
 0001:00010240       ?get_CapDoubleWidth@COPOSFiscalPrinter@@UEAAJPEAF@Z 0000000180011240 f   FiscalPrinterImpl.obj
 0001:00010274       ?get_CapDuplicateReceipt@COPOSFiscalPrinter@@UEAAJPEAF@Z 0000000180011274 f   FiscalPrinterImpl.obj
 0001:000102a8       ?get_CapEmptyReceiptIsVoidable@COPOSFiscalPrinter@@UEAAJPEAF@Z 00000001800112a8 f   FiscalPrinterImpl.obj
 0001:000102dc       ?get_CapFiscalReceiptStation@COPOSFiscalPrinter@@UEAAJPEAF@Z 00000001800112dc f   FiscalPrinterImpl.obj
 0001:00010310       ?get_CapFiscalReceiptType@COPOSFiscalPrinter@@UEAAJPEAF@Z 0000000180011310 f   FiscalPrinterImpl.obj
 0001:00010344       ?get_CapFixedOutput@COPOSFiscalPrinter@@UEAAJPEAF@Z 0000000180011344 f   FiscalPrinterImpl.obj
 0001:00010378       ?get_CapHasVatTable@COPOSFiscalPrinter@@UEAAJPEAF@Z 0000000180011378 f   FiscalPrinterImpl.obj
 0001:000103ac       ?get_CapIndependentHeader@COPOSFiscalPrinter@@UEAAJPEAF@Z 00000001800113ac f   FiscalPrinterImpl.obj
 0001:000103e0       ?get_CapItemList@COPOSFiscalPrinter@@UEAAJPEAF@Z 00000001800113e0 f   FiscalPrinterImpl.obj
 0001:00010414       ?get_CapJrnEmptySensor@COPOSFiscalPrinter@@UEAAJPEAF@Z 0000000180011414 f   FiscalPrinterImpl.obj
 0001:00010448       ?get_CapJrnNearEndSensor@COPOSFiscalPrinter@@UEAAJPEAF@Z 0000000180011448 f   FiscalPrinterImpl.obj
 0001:0001047c       ?get_CapJrnPresent@COPOSFiscalPrinter@@UEAAJPEAF@Z 000000018001147c f   FiscalPrinterImpl.obj
 0001:000104b0       ?get_CapMultiContractor@COPOSFiscalPrinter@@UEAAJPEAF@Z 00000001800114b0 f   FiscalPrinterImpl.obj
 0001:000104e4       ?get_CapNonFiscalMode@COPOSFiscalPrinter@@UEAAJPEAF@Z 00000001800114e4 f   FiscalPrinterImpl.obj
 0001:00010518       ?get_CapOnlyVoidLastItem@COPOSFiscalPrinter@@UEAAJPEAF@Z 0000000180011518 f   FiscalPrinterImpl.obj
 0001:0001054c       ?get_CapOrderAdjustmentFirst@COPOSFiscalPrinter@@UEAAJPEAF@Z 000000018001154c f   FiscalPrinterImpl.obj
 0001:00010580       ?get_CapPackageAdjustment@COPOSFiscalPrinter@@UEAAJPEAF@Z 0000000180011580 f   FiscalPrinterImpl.obj
 0001:000105b4       ?get_CapPercentAdjustment@COPOSFiscalPrinter@@UEAAJPEAF@Z 00000001800115b4 f   FiscalPrinterImpl.obj
 0001:000105e8       ?get_CapPositiveAdjustment@COPOSFiscalPrinter@@UEAAJPEAF@Z 00000001800115e8 f   FiscalPrinterImpl.obj
 0001:0001061c       ?get_CapPositiveSubtotalAdjustment@COPOSFiscalPrinter@@UEAAJPEAF@Z 000000018001161c f   FiscalPrinterImpl.obj
 0001:00010650       ?get_CapPostPreLine@COPOSFiscalPrinter@@UEAAJPEAF@Z 0000000180011650 f   FiscalPrinterImpl.obj
 0001:00010684       ?get_CapPowerLossReport@COPOSFiscalPrinter@@UEAAJPEAF@Z 0000000180011684 f   FiscalPrinterImpl.obj
 0001:000106b8       ?get_CapPowerReporting@COPOSFiscalPrinter@@UEAAJPEAJ@Z 00000001800116b8 f   FiscalPrinterImpl.obj
 0001:000106cc       ?get_CapPredefinedPaymentLines@COPOSFiscalPrinter@@UEAAJPEAF@Z 00000001800116cc f   FiscalPrinterImpl.obj
 0001:00010700       ?get_CapRecEmptySensor@COPOSFiscalPrinter@@UEAAJPEAF@Z 0000000180011700 f   FiscalPrinterImpl.obj
 0001:00010734       ?get_CapRecNearEndSensor@COPOSFiscalPrinter@@UEAAJPEAF@Z 0000000180011734 f   FiscalPrinterImpl.obj
 0001:00010768       ?get_CapRecPresent@COPOSFiscalPrinter@@UEAAJPEAF@Z 0000000180011768 f   FiscalPrinterImpl.obj
[...]
 0004:00001d70       $pdata$__acrt_SetThreadStackGuarantee 0000000180038d70     libucrt:winapi_thunks.obj
 0004:00001d7c       $pdata$?try_get_function@@YAPEAXW4function_id@?A0x391cf84c@@QEBDQEBW4module_id@2@2@Z 0000000180038d7c     libucrt:winapi_thunks.obj
 0004:00001d88       $pdata$isdigit             0000000180038d88     libucrt:_ctype.obj
 0004:00001d94       $pdata$tolower             0000000180038d94     libucrt:tolower_toupper.obj
 0004:00001da0       $pdata$_tolower_l          0000000180038da0     libucrt:tolower_toupper.obj
 0004:00001dac       $pdata$?internal_isupper_l@@YA_NHQEAU__crt_locale_pointers@@@Z 0000000180038dac     libucrt:tolower_toupper.obj
 0004:00001db8       $pdata$wcstol              0000000180038db8     libucrt:strtox.obj
 0004:00001dc4       $pdata$_mbtowc_l           0000000180038dc4     libucrt:mbtowc.obj
 0004:00001dd0       $pdata$wcsnlen             0000000180038dd0     libucrt:strnlen.obj
 0004:00001ddc       $pdata$__acrt_update_locale_info 0000000180038ddc     libucrt:locale_update.obj
 0004:00001de8       $pdata$__acrt_update_multibyte_info 0000000180038de8     libucrt:locale_update.obj
 0004:00001df4       $pdata$__acrt_fp_format    0000000180038df4     libucrt:cvt.obj
 0004:00001e00       $pdata$?fp_format_nan_or_infinity@@YAHW4__acrt_fp_class@@_NPEAD_K1@Z 0000000180038e00     libucrt:cvt.obj
 0004:00001e0c       $pdata$?fp_format_e_internal@@YAHQEAD_KH_NIQEAU_strflt@@2QEAU__crt_locale_pointers@@@Z 0000000180038e0c     libucrt:cvt.obj
 0004:00001e18       $pdata$?fp_format_e@@YAHQEBNQEAD_K12H_NIQEAU__crt_locale_pointers@@@Z 0000000180038e18     libucrt:cvt.obj
 0004:00001e24       $pdata$?fp_format_a@@YAHQEBNPEAD_KQEAD2H_NIQEAU__crt_locale_pointers@@@Z 0000000180038e24     libucrt:cvt.obj
 0004:00001e30       $pdata$?fp_format_f_internal@@YAHQEAD_KHQEAU_strflt@@_NQEAU__crt_locale_pointers@@@Z 0000000180038e30     libucrt:cvt.obj
 0004:00001e3c       $pdata$?fp_format_g@@YAHQEBNQEAD_K12H_NIQEAU__crt_locale_pointers@@@Z 0000000180038e3c     libucrt:cvt.obj
 0004:00001e48       $pdata$_fileno             0000000180038e48     libucrt:fileno.obj
 0004:00001e54       $pdata$__acrt_initialize_stdio 0000000180038e54     libucrt:_file.obj
 0004:00001e60       $pdata$__acrt_uninitialize_stdio 0000000180038e60     libucrt:_file.obj
 0004:00001e6c       $pdata$__acrt_uninitialize_locale 0000000180038e6c     libucrt:wsetlocale.obj
 0004:00001e78       $pdata$??$?RV<lambda_410d79af7f07d98d83a3f525b3859a53>@@AEAV<lambda_3e16ef9562a7dcce91392c22ab16ea36>@@V<lambda_38119f0e861e05405d8a144b9b982f0a>@@@?$__crt_seh_guarded_call@X@@QEAAX$$QEAV<lambda_410d79af7f07d98d83a3f525b3859a53>@@AEAV<lambda_3e16ef9562a7dcce91392c22ab16ea36>@@$$QEAV<lambda_38119f0e861e05405d8a144b9b982f0a>@@@Z 0000000180038e78     libucrt:wsetlocale.obj
 0004:00001e84       $pdata$?fin$0@?0???$?RV<lambda_410d79af7f07d98d83a3f525b3859a53>@@AEAV<lambda_3e16ef9562a7dcce91392c22ab16ea36>@@V<lambda_38119f0e861e05405d8a144b9b982f0a>@@@?$__crt_seh_guarded_call@X@@QEAAX$$QEAV<lambda_410d79af7f07d98d83a3f525b3859a53>@@AEAV<lambda_3e16ef9562a7dcce91392c22ab16ea36>@@$$QEAV<lambda_38119f0e861e05405d8a144b9b982f0a>@@@Z@4HA 0000000180038e84     libucrt:wsetlocale.obj
 0004:00001e90       $pdata$__acrt_initialize_lowio 0000000180038e90     libucrt:ioinit.obj
 0004:00001e9c       $pdata$__acrt_lowio_ensure_fh_exists$fin$0 0000000180038e9c     libucrt:osfinfo.obj
 0004:00001e9c       $pdata$__acrt_initialize_lowio$fin$0 0000000180038e9c     libucrt:ioinit.obj
 0004:00001ea8       $pdata$__acrt_uninitialize_lowio 0000000180038ea8     libucrt:ioinit.obj
 0004:00001eb4       $pdata$?initialize_inherited_file_handles_nolock@@YAXXZ 0000000180038eb4     libucrt:ioinit.obj
 0004:00001ec0       $pdata$?initialize_stdio_handles_nolock@@YAXXZ 0000000180038ec0     libucrt:ioinit.obj
 0004:00001ecc       $pdata$__acrt_initialize_locks 0000000180038ecc     libucrt:locks.obj
 0004:00001ed8       $pdata$__acrt_uninitialize_locks 0000000180038ed8     libucrt:locks.obj
 0004:00001ee4       $pdata$__acrt_get_process_end_policy 0000000180038ee4     libucrt:win_policies.obj
 0004:00001ef0       $pdata$??$common_expand_argv_wildcards@D@@YAHQEAPEADQEAPEAPEAD@Z 0000000180038ef0     libucrt:argv_wildcards.obj
 0004:00001efc       $pdata$??$copy_and_add_argument_to_buffer@D@@YAHQEBD0_KAEAV?$argument_list@D@?A0x5f5c8891@@@Z 0000000180038efc     libucrt:argv_wildcards.obj
 0004:00001f08       $pdata$??$expand_argument_wildcards@D@@YAHQEAD0AEAV?$argument_list@D@?A0x5f5c8891@@@Z 0000000180038f08     libucrt:argv_wildcards.obj
 0004:00001f14       $pdata$__acrt_update_thread_multibyte_data 0000000180038f14     libucrt:mbctype.obj
 0004:00001f20       $pdata$__acrt_initialize_multibyte 0000000180038f20     libucrt:mbctype.obj
 0004:00001f2c       $pdata$_setmbcp_nolock     0000000180038f2c     libucrt:mbctype.obj
 0004:00001f38       $pdata$?getSystemCP@@YAHH@Z 0000000180038f38     libucrt:mbctype.obj
 0004:00001f44       $pdata$?setSBCS@@YAXPEAU__crt_multibyte_data@@@Z 0000000180038f44     libucrt:mbctype.obj
 0004:00001f50       $pdata$?setSBUpLow@@YAXPEAU__crt_multibyte_data@@@Z 0000000180038f50     libucrt:mbctype.obj
 0004:00001f5c       $pdata$?update_thread_multibyte_data_internal@@YAPEAU__crt_multibyte_data@@QEAU__acrt_ptd@@QEAU1@@Z 0000000180038f5c     libucrt:mbctype.obj
 0004:00001f68       $pdata$?fin$0@?0??update_thread_multibyte_data_internal@@YAPEAU__crt_multibyte_data@@QEAU__acrt_ptd@@QEAU1@@Z@4HA 0000000180038f68     libucrt:mbctype.obj
 0004:00001f74       $pdata$?setmbcp_internal@@YAHH_NQEAU__acrt_ptd@@QEAPEAU__crt_multibyte_data@@@Z 0000000180038f74     libucrt:mbctype.obj
 0004:00001f80       $pdata$??$?RV<lambda_efdfa57d1f175319df784efa44bb7b81>@@AEAV<lambda_5f0a4c1567f8adc6734073e5d1e1b35c>@@V<lambda_2e8a7d3640ea6ccb4c2413664c2db6fd>@@@?$__crt_seh_guarded_call@X@@QEAAX$$QEAV<lambda_efdfa57d1f175319df784efa44bb7b81>@@AEAV<lambda_5f0a4c1567f8adc6734073e5d1e1b35c>@@$$QEAV<lambda_2e8a7d3640ea6ccb4c2413664c2db6fd>@@@Z 0000000180038f80     libucrt:mbctype.obj
 0004:00001f8c       $pdata$?x_ismbbtype_l@@YAHPEAU__crt_locale_pointers@@IHH@Z 0000000180038f8c     libucrt:ismbbyte.obj
 0004:00001f98       $pdata$__acrt_initialize_command_line 0000000180038f98     libucrt:argv_data.obj
 0004:00001fa4       $pdata$__dcrt_get_narrow_environment_from_os 0000000180038fa4     libucrt:get_environment_from_os.obj
 0004:00001fb0       $pdata$__acrt_initialize_heap 0000000180038fb0     libucrt:heap_handle.obj
 0004:00001fbc       $pdata$__acrt_execute_initializers 0000000180038fbc     libucrt:shared_initialization.obj
 0004:00001fc8       $pdata$__acrt_execute_uninitializers 0000000180038fc8     libucrt:shared_initialization.obj
 0004:00001fd4       $pdata$__acrt_get_sigabrt_handler 0000000180038fd4     libucrt:signal.obj
 0004:00001fe0       $pdata$raise               0000000180038fe0     libucrt:signal.obj
 0004:00001fec       $pdata$raise$fin$0         0000000180038fec     libucrt:signal.obj
 0004:00001ff8       $pdata$??$?RV<lambda_450d765d439847d4c735a33c368b5fc0>@@AEAV<lambda_44731a7d0e6d81c3e6aa82d741081786>@@V<lambda_601a2a7da3b7a96e9554ac7215c4b07c>@@@?$__crt_seh_guarded_call@P6AXH@Z@@QEAAP6AXH@Z$$QEAV<lambda_450d765d439847d4c735a33c368b5fc0>@@AEAV<lambda_44731a7d0e6d81c3e6aa82d741081786>@@$$QEAV<lambda_601a2a7da3b7a96e9554ac7215c4b07c>@@@Z 0000000180038ff8     libucrt:signal.obj
 0004:00002004       $pdata$__pctype_func       0000000180039004     libucrt:ctype.obj
 0004:00002010       $pdata$iswctype            0000000180039010     libucrt:iswctype.obj
 0004:0000201c       $pdata$_isctype_l          000000018003901c     libucrt:isctype.obj
 0004:00002028       $pdata$__acrt_release_locale_ref 0000000180039028     libucrt:locale_refcounting.obj
 0004:00002034       $pdata$__acrt_free_locale  0000000180039034     libucrt:locale_refcounting.obj
 0004:00002040       $pdata$__acrt_locale_free_lc_time_if_unreferenced 0000000180039040     libucrt:locale_refcounting.obj
 0004:0000204c       $pdata$__acrt_update_thread_locale_data 000000018003904c     libucrt:locale_refcounting.obj
 0004:00002058       $pdata$__acrt_update_thread_locale_data$fin$0 0000000180039058     libucrt:locale_refcounting.obj
 0004:00002064       $pdata$_updatetlocinfoEx_nolock 0000000180039064     libucrt:locale_refcounting.obj
 0004:00002070       $pdata$__acrt_DownlevelLocaleNameToLCID 0000000180039070     libucrt:lcidtoname_downlevel.obj
 0004:0000207c       $pdata$?GetTableIndexFromLocaleName@@YAHPEB_W@Z 000000018003907c     libucrt:lcidtoname_downlevel.obj
 0004:00002088       $pdata$_isleadbyte_l       0000000180039088     libucrt:_wctype.obj
 0004:00002094       $pdata$__acrt_LCMapStringA 0000000180039094     libucrt:lcmapstringa.obj
 0004:000020a0       $pdata$?__acrt_LCMapStringA_stat@@YAHPEAU__crt_locale_pointers@@PEB_WKPEBDHPEADHHH@Z 00000001800390a0     libucrt:lcmapstringa.obj
 0004:000020ac       $pdata$__acrt_fp_strflt_to_string 00000001800390ac     libucrt:_fptostr.obj
 0004:000020b8       $pdata$memcpy_s            00000001800390b8     libucrt:cfout.obj
 0004:000020c4       $pdata$__acrt_fltout       00000001800390c4     libucrt:cfout.obj
 0004:000020d0       $pdata$?divide@__crt_strtox@@YA_KAEAUbig_integer@1@AEBU21@@Z 00000001800390d0     libucrt:cfout.obj
 0004:000020dc       $pdata$5$?divide@__crt_strtox@@YA_KAEAUbig_integer@1@AEBU21@@Z 00000001800390dc     libucrt:cfout.obj
 0004:000020e8       $pdata$6$?divide@__crt_strtox@@YA_KAEAUbig_integer@1@AEBU21@@Z 00000001800390e8     libucrt:cfout.obj
 0004:000020f4       $pdata$_fcloseall          00000001800390f4     libucrt:closeall.obj
 0004:00002100       $pdata$_fcloseall$fin$0    0000000180039100     libucrt:closeall.obj
 0004:0000210c       $pdata$_fflush_nolock      000000018003910c     libucrt:fflush.obj
 0004:00002118       $pdata$__acrt_stdio_flush_nolock 0000000180039118     libucrt:fflush.obj
 0004:00002124       $pdata$?common_flush_all@@YAH_N@Z 0000000180039124     libucrt:fflush.obj
 0004:00002130       $pdata$??$?RV<lambda_842d9ff0dc9ef11c61343bbaebe7f885>@@AEAV<lambda_c5860995281e5c4ce005b3de8f5874ee>@@V<lambda_d90129c13df834fdcbf8d2b88dafcf2d>@@@?$__crt_seh_guarded_call@X@@QEAAX$$QEAV<lambda_842d9ff0dc9ef11c61343bbaebe7f885>@@AEAV<lambda_c5860995281e5c4ce005b3de8f5874ee>@@$$QEAV<lambda_d90129c13df834fdcbf8d2b88dafcf2d>@@@Z 0000000180039130     libucrt:fflush.obj
 0004:0000213c       $pdata$?fin$0@?0???$?RV<lambda_842d9ff0dc9ef11c61343bbaebe7f885>@@AEAV<lambda_c5860995281e5c4ce005b3de8f5874ee>@@V<lambda_d90129c13df834fdcbf8d2b88dafcf2d>@@@?$__crt_seh_guarded_call@X@@QEAAX$$QEAV<lambda_842d9ff0dc9ef11c61343bbaebe7f885>@@AEAV<lambda_c5860995281e5c4ce005b3de8f5874ee>@@$$QEAV<lambda_d90129c13df834fdcbf8d2b88dafcf2d>@@@Z@4HA 000000018003913c     libucrt:fflush.obj
 0004:00002148       $pdata$??$?RV<lambda_886d6c58226a84441f68b9f2b8217b83>@@AEAV<lambda_ab61a845afdef5b7c387490eaf3616ee>@@V<lambda_f7f22ab5edc0698d5f6905b0d3f44752>@@@?$__crt_seh_guarded_call@X@@QEAAX$$QEAV<lambda_886d6c58226a84441f68b9f2b8217b83>@@AEAV<lambda_ab61a845afdef5b7c387490eaf3616ee>@@$$QEAV<lambda_f7f22ab5edc0698d5f6905b0d3f44752>@@@Z 0000000180039148     libucrt:fflush.obj
 0004:00002154       $pdata$?fin$0@?0???$?RV<lambda_886d6c58226a84441f68b9f2b8217b83>@@AEAV<lambda_ab61a845afdef5b7c387490eaf3616ee>@@V<lambda_f7f22ab5edc0698d5f6905b0d3f44752>@@@?$__crt_seh_guarded_call@X@@QEAAX$$QEAV<lambda_886d6c58226a84441f68b9f2b8217b83>@@AEAV<lambda_ab61a845afdef5b7c387490eaf3616ee>@@$$QEAV<lambda_f7f22ab5edc0698d5f6905b0d3f44752>@@@Z@4HA 0000000180039154     libucrt:fflush.obj
 0004:00002160       $pdata$__acrt_stdio_free_buffer_nolock 0000000180039160     libucrt:_freebuf.obj
 0004:0000216c       $pdata$_isatty             000000018003916c     libucrt:isatty.obj
 0004:00002178       $pdata$__acrt_locale_free_monetary 0000000180039178     libucrt:initmon.obj
 0004:00002184       $pdata$__acrt_locale_free_numeric 0000000180039184     libucrt:initnum.obj
 0004:00002190       $pdata$__acrt_locale_free_time 0000000180039190     libucrt:inittime.obj
 0004:0000219c       $pdata$?free_crt_array_internal@@YAXQEAPEBX_K@Z 000000018003919c     libucrt:inittime.obj
 0004:000021a8       $pdata$__acrt_GetStringTypeA 00000001800391a8     libucrt:getstringtypea.obj
 0004:000021b4       $pdata$_get_osfhandle      00000001800391b4     libucrt:osfinfo.obj
 0004:000021c0       $pdata$_free_osfhnd        00000001800391c0     libucrt:osfinfo.obj
 0004:000021cc       $pdata$__acrt_lowio_create_handle_array 00000001800391cc     libucrt:osfinfo.obj
 0004:000021d8       $pdata$__acrt_lowio_destroy_handle_array 00000001800391d8     libucrt:osfinfo.obj
 0004:000021e4       $pdata$__acrt_lowio_ensure_fh_exists 00000001800391e4     libucrt:osfinfo.obj
 0004:000021f0       $pdata$qsort               00000001800391f0     libucrt:qsort.obj
 0004:000021fc       $pdata$4$qsort             00000001800391fc     libucrt:qsort.obj
 0004:00002208       $pdata$5$qsort             0000000180039208     libucrt:qsort.obj
 0004:00002214       $pdata$?shortsort@@YAXPEAD0_KP6AHPEBX2@Z@Z 0000000180039214     libucrt:qsort.obj
 0004:00002220       $pdata$2$?shortsort@@YAXPEAD0_KP6AHPEBX2@Z@Z 0000000180039220     libucrt:qsort.obj
 0004:0000222c       $pdata$3$?shortsort@@YAXPEAD0_KP6AHPEBX2@Z@Z 000000018003922c     libucrt:qsort.obj
 0004:00002238       $pdata$strncpy_s           0000000180039238     libucrt:strncpy_s.obj
 0004:00002244       $pdata$strpbrk             0000000180039244     libucrt:strpbrk.obj
 0004:00002250       $pdata$_mbsdec_l           0000000180039250     libucrt:mbsdec.obj
 0004:0000225c       $pdata$?initialize_multibyte@@YAHXZ 000000018003925c     libucrt:multibyte_initializer.obj
 0004:00002268       $pdata$fegetenv            0000000180039268     libucrt:fegetenv.obj
 0004:00002274       $pdata$fesetenv            0000000180039274     libucrt:fesetenv.obj
 0004:00002280       $pdata$feholdexcept        0000000180039280     libucrt:feholdexcept.obj
 0004:00002298       $pdata$_write              0000000180039298     libucrt:write.obj
 0004:000022a4       $pdata$_write$fin$0        00000001800392a4     libucrt:write.obj
 0004:000022b0       $pdata$_write_nolock       00000001800392b0     libucrt:write.obj
 0004:000022bc       $pdata$?write_double_translated_ansi_nolock@@YA?AUwrite_result@?A0x17268360@@HQEBDI@Z 00000001800392bc     libucrt:write.obj
 0004:000022c8       $pdata$?write_text_ansi_nolock@@YA?AUwrite_result@?A0x17268360@@HQEBDI@Z 00000001800392c8     libucrt:write.obj
 0004:000022d4       $pdata$?write_text_utf16le_nolock@@YA?AUwrite_result@?A0x17268360@@HQEBDI@Z 00000001800392d4     libucrt:write.obj
 0004:000022e0       $pdata$?write_text_utf8_nolock@@YA?AUwrite_result@?A0x17268360@@HQEBDI@Z 00000001800392e0     libucrt:write.obj
 0004:000022ec       $pdata$??$common_lseek_nolock@_J@@YA_JH_JH@Z 00000001800392ec     libucrt:lseek.obj
 0004:000022f8       $pdata$fclose              00000001800392f8     libucrt:fclose.obj
 0004:00002304       $pdata$fclose$fin$0        0000000180039304     libucrt:fclose.obj
 0004:00002310       $pdata$_fclose_nolock      0000000180039310     libucrt:fclose.obj
 0004:0000231c       $pdata$_commit             000000018003931c     libucrt:commit.obj
 0004:00002328       $pdata$??$?RV<lambda_a37b2b86f63e897a80ea819b0eb08c01>@@AEAV<lambda_38ce7e780aa69e748d6df282ebc68efe>@@V<lambda_99fb1378e971ab6e7edea83e3a7a83a2>@@@?$__crt_seh_guarded_call@H@@QEAAH$$QEAV<lambda_a37b2b86f63e897a80ea819b0eb08c01>@@AEAV<lambda_38ce7e780aa69e748d6df282ebc68efe>@@$$QEAV<lambda_99fb1378e971ab6e7edea83e3a7a83a2>@@@Z 0000000180039328     libucrt:commit.obj
 0004:00002334       $pdata$?fin$0@?0???$?RV<lambda_a37b2b86f63e897a80ea819b0eb08c01>@@AEAV<lambda_38ce7e780aa69e748d6df282ebc68efe>@@V<lambda_99fb1378e971ab6e7edea83e3a7a83a2>@@@?$__crt_seh_guarded_call@H@@QEAAH$$QEAV<lambda_a37b2b86f63e897a80ea819b0eb08c01>@@AEAV<lambda_38ce7e780aa69e748d6df282ebc68efe>@@$$QEAV<lambda_99fb1378e971ab6e7edea83e3a7a83a2>@@@Z@4HA 0000000180039334     libucrt:commit.obj
 0004:00002334       $pdata$?fin$0@?0???$?RV<lambda_751a882b2c74d4b022dec766aa51a29a>@@AEAV<lambda_628dfdc04ba53c8bfc02c9951375f3f5>@@V<lambda_f6c7be5f7998530c34de24c7437d6b54>@@@?$__crt_seh_guarded_call@H@@QEAAH$$QEAV<lambda_751a882b2c74d4b022dec766aa51a29a>@@AEAV<lambda_628dfdc04ba53c8bfc02c9951375f3f5>@@$$QEAV<lambda_f6c7be5f7998530c34de24c7437d6b54>@@@Z@4HA 0000000180039334     libucrt:close.obj
 0004:00002340       $pdata$_setfpstatusword    0000000180039340     libucrt:_fenvutils.obj
 0004:0000234c       $pdata$_getfpcontrolword   000000018003934c     libucrt:_fenvutils.obj
 0004:00002358       $pdata$_getfpstatusword    0000000180039358     libucrt:_fenvutils.obj
 0004:00002364       $pdata$_clearfp            0000000180039364     libucrt:ieee.obj
 0004:00002370       $pdata$common_control87    0000000180039370     libucrt:ieee.obj
 0004:0000237c       $pdata$_ctrlfp$filt$0      000000018003937c     libucrt:fpctrl.obj
 0004:0000237c       $pdata$common_control87$filt$0 000000018003937c     libucrt:ieee.obj
 0004:00002388       $pdata$_call_matherr       0000000180039388     libucrt:libm_error.obj
 0004:00002394       $pdata$_exception_enabled  0000000180039394     libucrt:libm_error.obj
 0004:000023a0       $pdata$_handle_error       00000001800393a0     libucrt:libm_error.obj
 0004:000023ac       $pdata$__acrt_initialize_fma3 00000001800393ac     libucrt:fma3_available.obj
 0004:000023b8       $pdata$_log_special_common 00000001800393b8     libucrt:log_special.obj
 0004:000023c4       $pdata$_log10_special      00000001800393c4     libucrt:log_special.obj
 0004:000023d0       $pdata$_putwch_nolock      00000001800393d0     libucrt:putwch.obj
 0004:000023dc       $pdata$_close              00000001800393dc     libucrt:close.obj
 0004:000023e8       $pdata$_close_nolock       00000001800393e8     libucrt:close.obj
 0004:000023f4       $pdata$??$?RV<lambda_751a882b2c74d4b022dec766aa51a29a>@@AEAV<lambda_628dfdc04ba53c8bfc02c9951375f3f5>@@V<lambda_f6c7be5f7998530c34de24c7437d6b54>@@@?$__crt_seh_guarded_call@H@@QEAAH$$QEAV<lambda_751a882b2c74d4b022dec766aa51a29a>@@AEAV<lambda_628dfdc04ba53c8bfc02c9951375f3f5>@@$$QEAV<lambda_f6c7be5f7998530c34de24c7437d6b54>@@@Z 00000001800393f4     libucrt:close.obj
 0004:0000240c       $pdata$_set_errno_from_matherr 000000018003940c     libucrt:fpexcept.obj
 0004:00002418       $pdata$_raise_exc          0000000180039418     libucrt:fpexcept.obj
 0004:00002424       $pdata$_raise_exc_ex       0000000180039424     libucrt:fpexcept.obj
 0004:00002430       $pdata$_clrfp              0000000180039430     libucrt:fpctrl.obj
 0004:0000243c       $pdata$_ctrlfp             000000018003943c     libucrt:fpctrl.obj
 0004:00002448       $pdata$_statfp             0000000180039448     libucrt:fpctrl.obj
 0004:00002454       $pdata$_set_statfp         0000000180039454     libucrt:fpctrl.obj
 0004:00002460       $pdata$__dcrt_lowio_initialize_console_output 0000000180039460     libucrt:initcon.obj
 0004:0000246c       $pdata$__dcrt_terminate_console_output 000000018003946c     libucrt:initcon.obj
 0004:00002478       $pdata$_IsNonwritableInCurrentImage 0000000180039478     LIBCMT:pesect.obj
 0004:00002484       $pdata$_IsNonwritableInCurrentImage$filt$0 0000000180039484     LIBCMT:pesect.obj
 0004:00002490       $pdata$strrchr             0000000180039490     libvcruntime:strrchr.obj
 0005:00000220       $R000000                   000000018003a220     FiscalPrinter.res
 0005:00000ba0       $R000980                   000000018003aba0     FiscalPrinter.res
 0005:00000c88       $R000A68                   000000018003ac88     FiscalPrinter.res
 0005:00000ef0       $R000CD0                   000000018003aef0     FiscalPrinter.res
 0005:00001468       $R001248                   000000018003b468     FiscalPrinter.res
 0005:00009858       $R009638                   0000000180043858     FiscalPrinter.res
 0005:00009898       $R009678                   0000000180043898     FiscalPrinter.res
