 OPOSCoinAcceptor

 Timestamp is 5ed457a5 (Mon Jun  1 10:19:33 2020)

 Preferred load address is 0000000180000000

 Start         Length     Name                   Class
 0001:00000000 000000c0H .text$di                CODE
 0001:000000c0 000212b0H .text$mn                CODE
 0001:00021370 00000040H .text$mn$00             CODE
 0001:000213b0 000004b0H .text$x                 CODE
 0001:00021860 00000078H .text$yd                CODE
 0002:00000000 00000618H .idata$5                DATA
 0002:00000618 00000028H .00cfg                  DATA
 0002:00000640 00000008H .CRT$XCA                DATA
 0002:00000648 00000008H .CRT$XCL                DATA
 0002:00000650 00000020H .CRT$XCU                DATA
 0002:00000670 00000008H .CRT$XCZ                DATA
 0002:00000678 00000008H .CRT$XIA                DATA
 0002:00000680 00000020H .CRT$XIC                DATA
 0002:000006a0 00000008H .CRT$XIZ                DATA
 0002:000006a8 00000008H .CRT$XLA                DATA
 0002:000006b0 00000008H .CRT$XLZ                DATA
 0002:000006b8 00000008H .CRT$XPA                DATA
 0002:000006c0 00000010H .CRT$XPX                DATA
 0002:000006d0 00000008H .CRT$XPXA               DATA
 0002:000006d8 00000008H .CRT$XPZ                DATA
 0002:000006e0 00000008H .CRT$XTA                DATA
 0002:000006e8 00000008H .CRT$XTZ                DATA
 0002:000006f0 00000000H .gfids$y                DATA
 0002:000006f0 0000a810H .rdata                  DATA
 0002:0000af00 00000028H .rdata$T                DATA
 0002:0000af28 00000274H .rdata$r                DATA
 0002:0000b19c 0000040cH .rdata$zzzdbg           DATA
 0002:0000b5a8 00000008H .rtc$IAA                DATA
 0002:0000b5b0 00000008H .rtc$IZZ                DATA
 0002:0000b5b8 00000008H .rtc$TAA                DATA
 0002:0000b5c0 00000008H .rtc$TZZ                DATA
 0002:0000b5c8 00000004H .tls                    DATA
 0002:0000b5cc 00000004H .tls$                   DATA
 0002:0000b5d0 00000008H .tls$ZZZ                DATA
 0002:0000b5d8 000016a8H .xdata                  DATA
 0002:0000cc80 00000150H .xdata$x                DATA
 0002:0000cdd0 00000008H ATL$__a                 DATA
 0002:0000cdd8 00000008H ATL$__z                 DATA
 0002:0000cde0 000000b0H .edata                  DATA
 0002:0000ce90 00000078H .idata$2                DATA
 0002:0000cf08 00000018H .idata$3                DATA
 0002:0000cf20 00000618H .idata$4                DATA
 0002:0000d538 00000c2aH .idata$6                DATA
 0003:00000000 00000d98H .data                   DATA
 0003:00000d98 000000c8H .data$r                 DATA
 0003:00000e60 0000140cH .bss                    DATA
 0004:00000000 00001ec0H .pdata                  DATA
 0005:00000000 00000094H _RDATA                  DATA
 0006:00000000 00000220H .rsrc$01                DATA
 0006:00000220 000040c8H .rsrc$02                DATA

  Address         Publics by Value              Rva+Base               Lib:Object

 0000:00000000       __guard_fids_count         0000000000000000     <absolute>
 0000:00000000       __x64_code_ranges_to_entry_points 0000000000000000     <absolute>
 0000:00000000       __guard_longjmp_count      0000000000000000     <absolute>
 0000:00000000       __guard_longjmp_table      0000000000000000     <absolute>
 0000:00000000       __hybrid_code_map          0000000000000000     <absolute>
 0000:00000000       __arm64x_redirection_metadata 0000000000000000     <absolute>
 0000:00000000       __guard_iat_count          0000000000000000     <absolute>
 0000:00000000       __guard_eh_cont_count      0000000000000000     <absolute>
 0000:00000000       __arm64x_native_entrypoint 0000000000000000     <absolute>
 0000:00000000       __guard_iat_table          0000000000000000     <absolute>
 0000:00000000       __volatile_metadata        0000000000000000     <absolute>
 0000:00000000       __hybrid_code_map_count    0000000000000000     <absolute>
 0000:00000000       __guard_eh_cont_table      0000000000000000     <absolute>
 0000:00000000       __enclave_config           0000000000000000     <absolute>
 0000:00000000       ___safe_se_handler_count   0000000000000000     <absolute>
 0000:00000000       __AbsoluteZero             0000000000000000     <absolute>
 0000:00000000       ___safe_se_handler_table   0000000000000000     <absolute>
 0000:00000000       __guard_fids_table         0000000000000000     <absolute>
 0000:00000000       __hybrid_auxiliary_iat     0000000000000000     <absolute>
 0000:00000000       __dynamic_value_reloc_table 0000000000000000     <absolute>
 0000:00000100       __guard_flags              0000000000000100     <absolute>
 0000:00000000       __ImageBase                0000000180000000     <linker-defined>
 0001:000000c0       ?DupWide@_CW@@AEAAXXZ      00000001800010c0 f   CWString.obj
 0001:000000e8       ?cw_dup@@YAXPEBDAEAHAEAPEA_W1@Z 00000001800010e8 f   CWString.obj
 0001:000001c8       ?cw_memcpy@@YAHPEA_WPEBDH@Z 00000001800011c8 f   CWString.obj
 0001:00000214       ?cw_strcpy@@YAHPEA_WPEBD@Z 0000000180001214 f   CWString.obj
 0001:00000228       ??0CAtlComModule@ATL@@QEAA@XZ 0000000180001228 f i OposVariant.obj
 0001:000002a8       ??0CAtlWinModule@ATL@@QEAA@XZ 00000001800012a8 f i OposVariant.obj
 0001:00000314       ??0OposDispParms@@QEAA@PEAVOposVariant@@H@Z 0000000180001314 f   OposVariant.obj
 0001:000003bc       ??1OposDispParms@@QEAA@XZ  00000001800013bc f   OposVariant.obj
 0001:000003d4       ??_Estringdispid@CComTypeInfoHolder@ATL@@QEAAPEAXI@Z 00000001800013d4 f i OposVariant.obj
 0001:00000478       ?AtlWinModuleTerm@ATL@@YAJPEAU_ATL_WIN_MODULE70@1@PEAUHINSTANCE__@@@Z 0000000180001478 f i OposVariant.obj
 0001:00000528       ?ChangeBSTR@OposVariant@@QEAAXPEAPEA_WAEAJ@Z 0000000180001528 f   OposVariant.obj
 0001:00000588       ?ChangeLONG@OposVariant@@QEAAXPEAJAEAJ@Z 0000000180001588 f   OposVariant.obj
 0001:000005e4       ?GetLONG@OposVariant@@QEAAJXZ 00000001800015e4 f   OposVariant.obj
 0001:00000608       ?SetBSTR@OposVariant@@QEAAXPEA_WAEAJ@Z 0000000180001608 f   OposVariant.obj
 0001:00000648       ?SetBSTR_Copy@OposVariant@@QEAAXPEA_WAEAJ@Z 0000000180001648 f   OposVariant.obj
 0001:000006b8       ?SetBSTR_InOutPtr@OposVariant@@QEAA_NPEAPEA_WAEAJ@Z 00000001800016b8 f   OposVariant.obj
 0001:00000708       ?SetBSTR_OutPtr@OposVariant@@QEAA_NPEAPEA_WAEAJ@Z 0000000180001708 f   OposVariant.obj
 0001:00000724       ?SetDispatch_Ptr@OposVariant@@QEAAXPEAUIDispatch@@AEAJ@Z 0000000180001724 f   OposVariant.obj
 0001:0000077c       ?SetLONG@OposVariant@@QEAAXJ@Z 000000018000177c f   OposVariant.obj
 0001:000007ac       ?SetLONG_Ptr@OposVariant@@QEAAXPEAJAEAJ@Z 00000001800017ac f   OposVariant.obj
 0001:000007f8       ?SetString@OposVariant@@QEAAXPEB_WAEAJ@Z 00000001800017f8 f   OposVariant.obj
 0001:0000085c       ?SetVARIANT_BOOL@OposVariant@@QEAAXF@Z 000000018000185c f   OposVariant.obj
 0001:00000894       ?SetVARIANT_BOOL_Ptr@OposVariant@@QEAAXPEAFAEAJ@Z 0000000180001894 f   OposVariant.obj
 0001:000008e0       ?Term@CAtlComModule@ATL@@QEAAXXZ 00000001800018e0 f i OposVariant.obj
 0001:00000950       ?_AtlInitializeCriticalSectionEx@ATL@@YAHPEAU_RTL_CRITICAL_SECTION@@KK@Z 0000000180001950 f i OposVariant.obj
 0001:00000958       ?_AtlRaiseException@ATL@@YAXKK@Z 0000000180001958 f i OposVariant.obj
 0001:00000968       ?GetWindowProc@?$CWindowImplBaseT@VCWindow@ATL@@V?$CWinTraits@$0FGAAAAAA@$0A@@2@@ATL@@UEAAP6A_JPEAUHWND__@@I_K_J@ZXZ 0000000180001968 f i CoinAcceptor.obj
 0001:00000970       ?StartWindowProc@?$CWindowImplBaseT@VCWindow@ATL@@V?$CWinTraits@$0FGAAAAAA@$0A@@2@@ATL@@SA_JPEAUHWND__@@I_K_J@Z 0000000180001970 f i CoinAcceptor.obj
 0001:00000a34       ?ObjectMain@CComObjectRootBase@ATL@@SAX_N@Z 0000000180001a34 f i CoinAcceptor.obj
 0001:00000a34       _guard_check_icall_nop     0000000180001a34 f i LIBCMT:guard_support.obj
 0001:00000a34       ?OnFinalMessage@?$CWindowImplBaseT@VCWindow@ATL@@V?$CWinTraits@$0FGAAAAAA@$0A@@2@@ATL@@UEAAXPEAUHWND__@@@Z 0000000180001a34 f i CoinAcceptor.obj
 0001:00000a38       ?GetTypeInfoCount@?$IDispatchImpl@UIOPOSCoinAcceptor@@$1?IID_IOPOSCoinAcceptor@@3U_GUID@@B$1?LIBID_OposCoinAcceptor_CCO@@3U3@B$00$0A@VCComTypeInfoHolder@ATL@@@ATL@@UEAAJPEAI@Z 0000000180001a38 f i CoinAcceptor.obj
 0001:00000a4c       ?GetTypeInfo@?$IDispatchImpl@UIOPOSCoinAcceptor@@$1?IID_IOPOSCoinAcceptor@@3U_GUID@@B$1?LIBID_OposCoinAcceptor_CCO@@3U3@B$00$0A@VCComTypeInfoHolder@ATL@@@ATL@@UEAAJIKPEAPEAUITypeInfo@@@Z 0000000180001a4c f i CoinAcceptor.obj
 0001:00000ab0       ?GetIDsOfNames@?$IDispatchImpl@UIOPOSCoinAcceptor@@$1?IID_IOPOSCoinAcceptor@@3U_GUID@@B$1?LIBID_OposCoinAcceptor_CCO@@3U3@B$00$0A@VCComTypeInfoHolder@ATL@@@ATL@@UEAAJAEBU_GUID@@PEAPEA_WIKPEAJ@Z 0000000180001ab0 f i CoinAcceptor.obj
 0001:00000abc       ?Invoke@?$IDispatchImpl@UIOPOSCoinAcceptor@@$1?IID_IOPOSCoinAcceptor@@3U_GUID@@B$1?LIBID_OposCoinAcceptor_CCO@@3U3@B$00$0A@VCComTypeInfoHolder@ATL@@@ATL@@UEAAJJAEBU_GUID@@KGPEAUtagDISPPARAMS@@PEAUtagVARIANT@@PEAUtagEXCEPINFO@@PEAI@Z 0000000180001abc f i CoinAcceptor.obj
 0001:00000b4c       ?CreateControlWindow@?$CComControl@VCOPOSCoinAcceptor@@V?$CWindowImpl@VCOPOSCoinAcceptor@@VCWindow@ATL@@V?$CWinTraits@$0FGAAAAAA@$0A@@3@@ATL@@@ATL@@UEAAPEAUHWND__@@PEAU3@AEAUtagRECT@@@Z 0000000180001b4c f i CoinAcceptor.obj
 0001:00000b84       ?ControlQueryInterface@?$CComControl@VCOPOSCoinAcceptor@@V?$CWindowImpl@VCOPOSCoinAcceptor@@VCWindow@ATL@@V?$CWinTraits@$0FGAAAAAA@$0A@@3@@ATL@@@ATL@@UEAAJAEBU_GUID@@PEAPEAX@Z 0000000180001b84 f i CoinAcceptor.obj
 0001:00000b98       ?GetUserClassID@?$IOleObjectImpl@VCOPOSCoinAcceptor@@@ATL@@UEAAJPEAU_GUID@@@Z 0000000180001b98 f i CoinAcceptor.obj
 0001:00000b98       ?GetClassID@?$IPersistStorageImpl@VCOPOSCoinAcceptor@@@ATL@@UEAAJPEAU_GUID@@@Z 0000000180001b98 f i CoinAcceptor.obj
 0001:00000b98       ?GetClassID@?$IPersistStreamInitImpl@VCOPOSCoinAcceptor@@@ATL@@UEAAJPEAU_GUID@@@Z 0000000180001b98 f i CoinAcceptor.obj
 0001:00000bb4       ?IsDirty@?$IPersistStreamInitImpl@VCOPOSCoinAcceptor@@@ATL@@UEAAJXZ 0000000180001bb4 f i CoinAcceptor.obj
 0001:00000bd0       ?Load@?$IPersistStreamInitImpl@VCOPOSCoinAcceptor@@@ATL@@UEAAJPEAUIStream@@@Z 0000000180001bd0 f i CoinAcceptor.obj
 0001:00000be8       ?Save@?$IPersistStreamInitImpl@VCOPOSCoinAcceptor@@@ATL@@UEAAJPEAUIStream@@H@Z 0000000180001be8 f i CoinAcceptor.obj
 0001:00000c00       ?GetSizeMax@?$IPersistStreamInitImpl@VCOPOSCoinAcceptor@@@ATL@@UEAAJPEAT_ULARGE_INTEGER@@@Z 0000000180001c00 f i CoinAcceptor.obj
 0001:00000e2c       ?InitNew@?$IPersistStreamInitImpl@VCOPOSCoinAcceptor@@@ATL@@UEAAJXZ 0000000180001e2c f i CoinAcceptor.obj
 0001:00000e44       ?GetRect@?$IViewObjectExImpl@VCOPOSCoinAcceptor@@@ATL@@UEAAJKPEAU_RECTL@@@Z 0000000180001e44 f i CoinAcceptor.obj
 0001:00000e44       ?QueryGetData@?$IDataObjectImpl@VCOPOSCoinAcceptor@@@ATL@@UEAAJPEAUtagFORMATETC@@@Z 0000000180001e44 f i CoinAcceptor.obj
 0001:00000e44       ?QueryInterface@CRegObject@ATL@@UEAAJAEBU_GUID@@PEAPEAX@Z 0000000180001e44 f i CoinAcceptor.obj
 0001:00000e44       ?GetClipboardData@?$IOleObjectImpl@VCOPOSCoinAcceptor@@@ATL@@UEAAJKPEAPEAUIDataObject@@@Z 0000000180001e44 f i CoinAcceptor.obj
 0001:00000e44       ?SOErrorDummy@COPOSCoinAcceptor@@MEAAJJJJPEAJ@Z 0000000180001e44 f i CoinAcceptor.obj
 0001:00000e44       ?Freeze@?$IViewObjectExImpl@VCOPOSCoinAcceptor@@@ATL@@UEAAJKJPEAXPEAK@Z 0000000180001e44 f i CoinAcceptor.obj
 0001:00000e44       ?ReactivateAndUndo@?$IOleInPlaceObjectWindowlessImpl@VCOPOSCoinAcceptor@@@ATL@@UEAAJXZ 0000000180001e44 f i CoinAcceptor.obj
 0001:00000e44       ?Unfreeze@?$IViewObjectExImpl@VCOPOSCoinAcceptor@@@ATL@@UEAAJK@Z 0000000180001e44 f i CoinAcceptor.obj
 0001:00000e44       ?OnMnemonic@?$IOleControlImpl@VCOPOSCoinAcceptor@@@ATL@@UEAAJPEAUtagMSG@@@Z 0000000180001e44 f i CoinAcceptor.obj
 0001:00000e44       ?GetControlInfo@?$IOleControlImpl@VCOPOSCoinAcceptor@@@ATL@@UEAAJPEAUtagCONTROLINFO@@@Z 0000000180001e44 f i CoinAcceptor.obj
 0001:00000e44       ?GetMoniker@?$IOleObjectImpl@VCOPOSCoinAcceptor@@@ATL@@UEAAJKKPEAPEAUIMoniker@@@Z 0000000180001e44 f i CoinAcceptor.obj
 0001:00000e44       ?SetData@?$IDataObjectImpl@VCOPOSCoinAcceptor@@@ATL@@UEAAJPEAUtagFORMATETC@@PEAUtagSTGMEDIUM@@H@Z 0000000180001e44 f i CoinAcceptor.obj
 0001:00000e44       ?GetDropTarget@?$IOleInPlaceObjectWindowlessImpl@VCOPOSCoinAcceptor@@@ATL@@UEAAJPEAPEAUIDropTarget@@@Z 0000000180001e44 f i CoinAcceptor.obj
 0001:00000e44       ?EnumFormatEtc@?$IDataObjectImpl@VCOPOSCoinAcceptor@@@ATL@@UEAAJKPEAPEAUIEnumFORMATETC@@@Z 0000000180001e44 f i CoinAcceptor.obj
 0001:00000e44       ?ContextSensitiveHelp@?$IOleInPlaceObjectWindowlessImpl@VCOPOSCoinAcceptor@@@ATL@@UEAAJH@Z 0000000180001e44 f i CoinAcceptor.obj
 0001:00000e44       ?GetCanonicalFormatEtc@?$IDataObjectImpl@VCOPOSCoinAcceptor@@@ATL@@UEAAJPEAUtagFORMATETC@@0@Z 0000000180001e44 f i CoinAcceptor.obj
 0001:00000e44       ?GetColorSet@?$IViewObjectExImpl@VCOPOSCoinAcceptor@@@ATL@@UEAAJKJPEAXPEAUtagDVTARGETDEVICE@@PEAUHDC__@@PEAPEAUtagLOGPALETTE@@@Z 0000000180001e44 f i CoinAcceptor.obj
 0001:00000e44       ?ContextSensitiveHelp@?$IOleInPlaceActiveObjectImpl@VCOPOSCoinAcceptor@@@ATL@@UEAAJH@Z 0000000180001e44 f i CoinAcceptor.obj
 0001:00000e44       ?SetColorScheme@?$IOleObjectImpl@VCOPOSCoinAcceptor@@@ATL@@UEAAJPEAUtagLOGPALETTE@@@Z 0000000180001e44 f i CoinAcceptor.obj
 0001:00000e44       ?InitFromData@?$IOleObjectImpl@VCOPOSCoinAcceptor@@@ATL@@UEAAJPEAUIDataObject@@HK@Z 0000000180001e44 f i CoinAcceptor.obj
 0001:00000e44       ?GetDataHere@?$IDataObjectImpl@VCOPOSCoinAcceptor@@@ATL@@UEAAJPEAUtagFORMATETC@@PEAUtagSTGMEDIUM@@@Z 0000000180001e44 f i CoinAcceptor.obj
 0001:00000e44       ?SetMoniker@?$IOleObjectImpl@VCOPOSCoinAcceptor@@@ATL@@UEAAJKPEAUIMoniker@@@Z 0000000180001e44 f i CoinAcceptor.obj
 0001:00000e44       ?SOOutputCompleteDummy@COPOSCoinAcceptor@@MEAAJJ@Z 0000000180001e44 f i CoinAcceptor.obj
 0001:00000e4c       ?Release@CRegObject@ATL@@UEAAKXZ 0000000180001e4c f i CoinAcceptor.obj
 0001:00000e4c       ?SaveCompleted@?$IPersistStorageImpl@VCOPOSCoinAcceptor@@@ATL@@UEAAJPEAUIStorage@@@Z 0000000180001e4c f i CoinAcceptor.obj
 0001:00000e4c       ?OnAmbientPropertyChange@?$IOleControlImpl@VCOPOSCoinAcceptor@@@ATL@@UEAAJJ@Z 0000000180001e4c f i CoinAcceptor.obj
 0001:00000e4c       ?EnableModeless@?$IOleInPlaceActiveObjectImpl@VCOPOSCoinAcceptor@@@ATL@@UEAAJH@Z 0000000180001e4c f i CoinAcceptor.obj
 0001:00000e4c       ?OnFrameWindowActivate@?$IOleInPlaceActiveObjectImpl@VCOPOSCoinAcceptor@@@ATL@@UEAAJH@Z 0000000180001e4c f i CoinAcceptor.obj
 0001:00000e4c       ?HandsOffStorage@?$IPersistStorageImpl@VCOPOSCoinAcceptor@@@ATL@@UEAAJXZ 0000000180001e4c f i CoinAcceptor.obj
 0001:00000e4c       ?GetObjectDescription@?$CComCoClass@VCOPOSCoinAcceptor@@$1?CLSID_OPOSCoinAcceptor@@3U_GUID@@B@ATL@@SAPEB_WXZ 0000000180001e4c f i CoinAcceptor.obj
 0001:00000e4c       ?ResizeBorder@?$IOleInPlaceActiveObjectImpl@VCOPOSCoinAcceptor@@@ATL@@UEAAJPEBUtagRECT@@PEAUIOleInPlaceUIWindow@@H@Z 0000000180001e4c f i CoinAcceptor.obj
 0001:00000e4c       ?IsUpToDate@?$IOleObjectImpl@VCOPOSCoinAcceptor@@@ATL@@UEAAJXZ 0000000180001e4c f i CoinAcceptor.obj
 0001:00000e4c       ?SetHostNames@?$IOleObjectImpl@VCOPOSCoinAcceptor@@@ATL@@UEAAJPEB_W0@Z 0000000180001e4c f i CoinAcceptor.obj
 0001:00000e4c       ?Update@?$IOleObjectImpl@VCOPOSCoinAcceptor@@@ATL@@UEAAJXZ 0000000180001e4c f i CoinAcceptor.obj
 0001:00000e4c       ?GetCategoryMap@CComObjectRootBase@ATL@@SAPEBU_ATL_CATMAP_ENTRY@2@XZ 0000000180001e4c f i CoinAcceptor.obj
 0001:00000e50       ?SetClientSite@?$IOleObjectImpl@VCOPOSCoinAcceptor@@@ATL@@UEAAJPEAUIOleClientSite@@@Z 0000000180001e50 f i CoinAcceptor.obj
 0001:00000e6c       ?GetClientSite@?$IOleObjectImpl@VCOPOSCoinAcceptor@@@ATL@@UEAAJPEAPEAUIOleClientSite@@@Z 0000000180001e6c f i CoinAcceptor.obj
 0001:00000eb4       ?Close@?$IOleObjectImpl@VCOPOSCoinAcceptor@@@ATL@@UEAAJK@Z 0000000180001eb4 f i CoinAcceptor.obj
 0001:00000ed0       ?DoVerb@?$IOleObjectImpl@VCOPOSCoinAcceptor@@@ATL@@UEAAJJPEAUtagMSG@@PEAUIOleClientSite@@JPEAUHWND__@@PEBUtagRECT@@@Z 0000000180001ed0 f i CoinAcceptor.obj
 0001:00001074       ?EnumVerbs@?$IOleObjectImpl@VCOPOSCoinAcceptor@@@ATL@@UEAAJPEAPEAUIEnumOLEVERB@@@Z 0000000180002074 f i CoinAcceptor.obj
 0001:00001090       ?GetUserType@?$IOleObjectImpl@VCOPOSCoinAcceptor@@@ATL@@UEAAJKPEAPEA_W@Z 0000000180002090 f i CoinAcceptor.obj
 0001:000010a0       ?SetExtent@?$IOleObjectImpl@VCOPOSCoinAcceptor@@@ATL@@UEAAJKPEAUtagSIZE@@@Z 00000001800020a0 f i CoinAcceptor.obj
 0001:000010bc       ?GetExtent@?$IOleObjectImpl@VCOPOSCoinAcceptor@@@ATL@@UEAAJKPEAUtagSIZE@@@Z 00000001800020bc f i CoinAcceptor.obj
 0001:000010ec       ?Advise@?$IOleObjectImpl@VCOPOSCoinAcceptor@@@ATL@@UEAAJPEAUIAdviseSink@@PEAK@Z 00000001800020ec f i CoinAcceptor.obj
 0001:00001148       ?Unadvise@?$IOleObjectImpl@VCOPOSCoinAcceptor@@@ATL@@UEAAJK@Z 0000000180002148 f i CoinAcceptor.obj
 0001:00001180       ?EnumAdvise@?$IOleObjectImpl@VCOPOSCoinAcceptor@@@ATL@@UEAAJPEAPEAUIEnumSTATDATA@@@Z 0000000180002180 f i CoinAcceptor.obj
 0001:000011c8       ?GetMiscStatus@?$IOleObjectImpl@VCOPOSCoinAcceptor@@@ATL@@UEAAJKPEAK@Z 00000001800021c8 f i CoinAcceptor.obj
 0001:000011d8       ?GetWindow@?$IOleInPlaceActiveObjectImpl@VCOPOSCoinAcceptor@@@ATL@@UEAAJPEAPEAUHWND__@@@Z 00000001800021d8 f i CoinAcceptor.obj
 0001:0000122c       ?TranslateAcceleratorW@?$IOleInPlaceActiveObjectImpl@VCOPOSCoinAcceptor@@@ATL@@UEAAJPEAUtagMSG@@@Z 000000018000222c f i CoinAcceptor.obj
 0001:00001320       ?OnDocWindowActivate@?$IOleInPlaceActiveObjectImpl@VCOPOSCoinAcceptor@@@ATL@@UEAAJH@Z 0000000180002320 f i CoinAcceptor.obj
 0001:0000134c       ?Draw@?$IViewObjectExImpl@VCOPOSCoinAcceptor@@@ATL@@UEAAJKJPEAXPEAUtagDVTARGETDEVICE@@PEAUHDC__@@2PEBU_RECTL@@3P6AH_K@Z4@Z 000000018000234c f i CoinAcceptor.obj
 0001:000013b0       ?SetAdvise@?$IViewObjectExImpl@VCOPOSCoinAcceptor@@@ATL@@UEAAJKKPEAUIAdviseSink@@@Z 00000001800023b0 f i CoinAcceptor.obj
 0001:00001404       ?GetAdvise@?$IViewObjectExImpl@VCOPOSCoinAcceptor@@@ATL@@UEAAJPEAK0PEAPEAUIAdviseSink@@@Z 0000000180002404 f i CoinAcceptor.obj
 0001:00001440       ?GetExtent@?$IViewObjectExImpl@VCOPOSCoinAcceptor@@@ATL@@UEAAJKJPEAUtagDVTARGETDEVICE@@PEAUtagSIZE@@@Z 0000000180002440 f i CoinAcceptor.obj
 0001:00001470       ?GetViewStatus@?$IViewObjectExImpl@VCOPOSCoinAcceptor@@@ATL@@UEAAJPEAK@Z 0000000180002470 f i CoinAcceptor.obj
 0001:00001484       ?QueryHitPoint@?$IViewObjectExImpl@VCOPOSCoinAcceptor@@@ATL@@UEAAJKPEBUtagRECT@@UtagPOINT@@JPEAK@Z 0000000180002484 f i CoinAcceptor.obj
 0001:000014c8       ?QueryHitRect@?$IViewObjectExImpl@VCOPOSCoinAcceptor@@@ATL@@UEAAJKPEBUtagRECT@@0JPEAK@Z 00000001800024c8 f i CoinAcceptor.obj
 0001:00001530       ?GetNaturalExtent@?$IViewObjectExImpl@VCOPOSCoinAcceptor@@@ATL@@UEAAJKJPEAUtagDVTARGETDEVICE@@PEAUHDC__@@PEAUtagExtentInfo@@PEAUtagSIZE@@@Z 0000000180002530 f i CoinAcceptor.obj
 0001:00001578       ?GetWindow@?$IOleInPlaceObjectWindowlessImpl@VCOPOSCoinAcceptor@@@ATL@@UEAAJPEAPEAUHWND__@@@Z 0000000180002578 f i CoinAcceptor.obj
 0001:000015cc       ?InPlaceDeactivate@?$IOleInPlaceObjectWindowlessImpl@VCOPOSCoinAcceptor@@@ATL@@UEAAJXZ 00000001800025cc f i CoinAcceptor.obj
 0001:000015e8       ?UIDeactivate@?$IOleInPlaceObjectWindowlessImpl@VCOPOSCoinAcceptor@@@ATL@@UEAAJXZ 00000001800025e8 f i CoinAcceptor.obj
 0001:00001604       ?SetObjectRects@?$IOleInPlaceObjectWindowlessImpl@VCOPOSCoinAcceptor@@@ATL@@UEAAJPEBUtagRECT@@0@Z 0000000180002604 f i CoinAcceptor.obj
 0001:00001620       ?OnWindowMessage@?$IOleInPlaceObjectWindowlessImpl@VCOPOSCoinAcceptor@@@ATL@@UEAAJI_K_JPEA_J@Z 0000000180002620 f i CoinAcceptor.obj
 0001:000016e8       ?EnumConnectionPoints@?$IConnectionPointContainerImpl@VCOPOSCoinAcceptor@@@ATL@@UEAAJPEAPEAUIEnumConnectionPoints@@@Z 00000001800026e8 f i CoinAcceptor.obj
 0001:00001934       ?FindConnectionPoint@?$IConnectionPointContainerImpl@VCOPOSCoinAcceptor@@@ATL@@UEAAJAEBU_GUID@@PEAPEAUIConnectionPoint@@@Z 0000000180002934 f i CoinAcceptor.obj
 0001:00001a04       ?IsDirty@?$IPersistStorageImpl@VCOPOSCoinAcceptor@@@ATL@@UEAAJXZ 0000000180002a04 f i CoinAcceptor.obj
 0001:00001a44       ?InitNew@?$IPersistStorageImpl@VCOPOSCoinAcceptor@@@ATL@@UEAAJPEAUIStorage@@@Z 0000000180002a44 f i CoinAcceptor.obj
 0001:00001a84       ?Load@?$IPersistStorageImpl@VCOPOSCoinAcceptor@@@ATL@@UEAAJPEAUIStorage@@@Z 0000000180002a84 f i CoinAcceptor.obj
 0001:00001b24       ?Save@?$IPersistStorageImpl@VCOPOSCoinAcceptor@@@ATL@@UEAAJPEAUIStorage@@H@Z 0000000180002b24 f i CoinAcceptor.obj
 0001:00001bd4       ?GetPages@?$ISpecifyPropertyPagesImpl@VCOPOSCoinAcceptor@@@ATL@@UEAAJPEAUtagCAUUID@@@Z 0000000180002bd4 f i CoinAcceptor.obj
 0001:00001be0       ?QuickActivate@?$IQuickActivateImpl@VCOPOSCoinAcceptor@@@ATL@@UEAAJPEAUtagQACONTAINER@@PEAUtagQACONTROL@@@Z 0000000180002be0 f i CoinAcceptor.obj
 0001:00001bfc       ?SetContentExtent@?$IQuickActivateImpl@VCOPOSCoinAcceptor@@@ATL@@UEAAJPEAUtagSIZE@@@Z 0000000180002bfc f i CoinAcceptor.obj
 0001:00001c30       ?GetContentExtent@?$IQuickActivateImpl@VCOPOSCoinAcceptor@@@ATL@@UEAAJPEAUtagSIZE@@@Z 0000000180002c30 f i CoinAcceptor.obj
 0001:00001c68       ?GetData@?$IDataObjectImpl@VCOPOSCoinAcceptor@@@ATL@@UEAAJPEAUtagFORMATETC@@PEAUtagSTGMEDIUM@@@Z 0000000180002c68 f i CoinAcceptor.obj
 0001:00001c84       ?DAdvise@?$IDataObjectImpl@VCOPOSCoinAcceptor@@@ATL@@UEAAJPEAUtagFORMATETC@@KPEAUIAdviseSink@@PEAK@Z 0000000180002c84 f i CoinAcceptor.obj
 0001:00001d0c       ?DUnadvise@?$IDataObjectImpl@VCOPOSCoinAcceptor@@@ATL@@UEAAJK@Z 0000000180002d0c f i CoinAcceptor.obj
 0001:00001d38       ?EnumDAdvise@?$IDataObjectImpl@VCOPOSCoinAcceptor@@@ATL@@UEAAJPEAPEAUIEnumSTATDATA@@@Z 0000000180002d38 f i CoinAcceptor.obj
 0001:00001d74       ?GetClassInfoW@?$IProvideClassInfo2Impl@$1?CLSID_OPOSCoinAcceptor@@3U_GUID@@B$1?DIID__IOPOSCoinAcceptorEvents@@3U2@B$1?LIBID_OposCoinAcceptor_CCO@@3U2@B$00$0A@VCComTypeInfoHolder@ATL@@@ATL@@UEAAJPEAPEAUITypeInfo@@@Z 0000000180002d74 f i CoinAcceptor.obj
 0001:00001dcc       ?GetGUID@?$IProvideClassInfo2Impl@$1?CLSID_OPOSCoinAcceptor@@3U_GUID@@B$1?DIID__IOPOSCoinAcceptorEvents@@3U2@B$1?LIBID_OposCoinAcceptor_CCO@@3U2@B$00$0A@VCComTypeInfoHolder@ATL@@@ATL@@UEAAJKPEAU_GUID@@@Z 0000000180002dcc f i CoinAcceptor.obj
 0001:00001e00       ?AddRef@CRegObject@ATL@@UEAAKXZ 0000000180002e00 f i CoinAcceptor.obj
 0001:00001e00       ?FAccessAllowed@?$IObjectSafetyImpl@VCOPOSCoinAcceptor@@$02@ATL@@MEAAHXZ 0000000180002e00 f i CoinAcceptor.obj
 0001:00001e00       _get_startup_argv_mode     0000000180002e00 f i LIBCMT:argv_mode.obj
 0001:00001e08       ?GetInterfaceSafetyOptions@?$IObjectSafetyImpl@VCOPOSCoinAcceptor@@$02@ATL@@UEAAJAEBU_GUID@@PEAK1@Z 0000000180002e08 f i CoinAcceptor.obj
 0001:00001e9c       ?SetInterfaceSafetyOptions@?$IObjectSafetyImpl@VCOPOSCoinAcceptor@@$02@ATL@@UEAAJAEBU_GUID@@KK@Z 0000000180002e9c f i CoinAcceptor.obj
 0001:00001f40       ?_LocCPQueryInterface@?$IConnectionPointImpl@VCOPOSCoinAcceptor@@$1?IID_IPropertyNotifySink@@3U_GUID@@BVCComDynamicUnkArray@ATL@@@ATL@@UEAAJAEBU_GUID@@PEAPEAX@Z 0000000180002f40 f i CoinAcceptor.obj
 0001:00001f40       ?_LocCPQueryInterface@?$IConnectionPointImpl@VCOPOSCoinAcceptor@@$1?DIID__IOPOSCoinAcceptorEvents@@3U_GUID@@BVCComDynamicUnkArray@ATL@@@ATL@@UEAAJAEBU_GUID@@PEAPEAX@Z 0000000180002f40 f i CoinAcceptor.obj
 0001:00001fb0       ?GetConnectionInterface@?$IConnectionPointImpl@VCOPOSCoinAcceptor@@$1?IID_IPropertyNotifySink@@3U_GUID@@BVCComDynamicUnkArray@ATL@@@ATL@@UEAAJPEAU_GUID@@@Z 0000000180002fb0 f i CoinAcceptor.obj
 0001:00001fcc       ?GetConnectionPointContainer@?$IConnectionPointImpl@VCOPOSCoinAcceptor@@$1?IID_IPropertyNotifySink@@3U_GUID@@BVCComDynamicUnkArray@ATL@@@ATL@@UEAAJPEAPEAUIConnectionPointContainer@@@Z 0000000180002fcc f i CoinAcceptor.obj
 0001:00001fec       ?Advise@?$IConnectionPointImpl@VCOPOSCoinAcceptor@@$1?IID_IPropertyNotifySink@@3U_GUID@@BVCComDynamicUnkArray@ATL@@@ATL@@UEAAJPEAUIUnknown@@PEAK@Z 0000000180002fec f i CoinAcceptor.obj
 0001:00001fec       ?Advise@?$IConnectionPointImpl@VCOPOSCoinAcceptor@@$1?DIID__IOPOSCoinAcceptorEvents@@3U_GUID@@BVCComDynamicUnkArray@ATL@@@ATL@@UEAAJPEAUIUnknown@@PEAK@Z 0000000180002fec f i CoinAcceptor.obj
 0001:000020a8       ?Unadvise@?$IConnectionPointImpl@VCOPOSCoinAcceptor@@$1?DIID__IOPOSCoinAcceptorEvents@@3U_GUID@@BVCComDynamicUnkArray@ATL@@@ATL@@UEAAJK@Z 00000001800030a8 f i CoinAcceptor.obj
 0001:000020a8       ?Unadvise@?$IConnectionPointImpl@VCOPOSCoinAcceptor@@$1?IID_IPropertyNotifySink@@3U_GUID@@BVCComDynamicUnkArray@ATL@@@ATL@@UEAAJK@Z 00000001800030a8 f i CoinAcceptor.obj
 0001:00002110       ?EnumConnections@?$IConnectionPointImpl@VCOPOSCoinAcceptor@@$1?IID_IPropertyNotifySink@@3U_GUID@@BVCComDynamicUnkArray@ATL@@@ATL@@UEAAJPEAPEAUIEnumConnections@@@Z 0000000180003110 f i CoinAcceptor.obj
 0001:00002110       ?EnumConnections@?$IConnectionPointImpl@VCOPOSCoinAcceptor@@$1?DIID__IOPOSCoinAcceptorEvents@@3U_GUID@@BVCComDynamicUnkArray@ATL@@@ATL@@UEAAJPEAPEAUIEnumConnections@@@Z 0000000180003110 f i CoinAcceptor.obj
 0001:000022bc       ?GetConnectionInterface@?$IConnectionPointImpl@VCOPOSCoinAcceptor@@$1?DIID__IOPOSCoinAcceptorEvents@@3U_GUID@@BVCComDynamicUnkArray@ATL@@@ATL@@UEAAJPEAU_GUID@@@Z 00000001800032bc f i CoinAcceptor.obj
 0001:000022d8       ?GetConnectionPointContainer@?$IConnectionPointImpl@VCOPOSCoinAcceptor@@$1?DIID__IOPOSCoinAcceptorEvents@@3U_GUID@@BVCComDynamicUnkArray@ATL@@@ATL@@UEAAJPEAPEAUIConnectionPointContainer@@@Z 00000001800032d8 f i CoinAcceptor.obj
 0001:000022f8       ?UpdateRegistry@COPOSCoinAcceptor@@SAJH@Z 00000001800032f8 f i CoinAcceptor.obj
 0001:00002310       ?ProcessWindowMessage@COPOSCoinAcceptor@@UEAAHPEAUHWND__@@I_K_JAEA_JK@Z 0000000180003310 f i CoinAcceptor.obj
 0001:00002398       ?SOData@COPOSCoinAcceptor@@MEAAJJ@Z 0000000180003398 f i CoinAcceptor.obj
 0001:000023e8       ?SODirectIO@COPOSCoinAcceptor@@MEAAJJPEAJPEAPEA_W@Z 00000001800033e8 f i CoinAcceptor.obj
 0001:00002460       ?SOStatusUpdate@COPOSCoinAcceptor@@MEAAJJ@Z 0000000180003460 f i CoinAcceptor.obj
 0001:000024b0       ?Lock@CAtlModule@ATL@@UEAAJXZ 00000001800034b0 f i CoinAcceptor.obj
 0001:000024c0       ?Unlock@CAtlModule@ATL@@UEAAJXZ 00000001800034c0 f i CoinAcceptor.obj
 0001:000024cc       ?GetLockCount@CAtlModule@ATL@@UEAAJXZ 00000001800034cc f i CoinAcceptor.obj
 0001:000024d0       ?GetGITPtr@CAtlModule@ATL@@UEAAJPEAPEAUIGlobalInterfaceTable@@@Z 00000001800034d0 f i CoinAcceptor.obj
 0001:00002540       ?CreateInstance@?$CComCreator@V?$CComObjectCached@VCComClassFactory@ATL@@@ATL@@@ATL@@SAJPEAXAEBU_GUID@@PEAPEAX@Z 0000000180003540 f i CoinAcceptor.obj
 0001:00002664       ?CreateInstance@?$CComCreator2@V?$CComCreator@V?$CComObject@VCOPOSCoinAcceptor@@@ATL@@@ATL@@V?$CComCreator@V?$CComAggObject@VCOPOSCoinAcceptor@@@ATL@@@2@@ATL@@SAJPEAXAEBU_GUID@@PEAPEAX@Z 0000000180003664 f i CoinAcceptor.obj
 0001:00002674       ?AddRef@?$CComObjectCached@VCComClassFactory@ATL@@@ATL@@UEAAKXZ 0000000180003674 f i CoinAcceptor.obj
 0001:000026a0       ?Release@?$CComObjectCached@VCComClassFactory@ATL@@@ATL@@UEAAKXZ 00000001800036a0 f i CoinAcceptor.obj
 0001:000026e0       ?QueryInterface@?$CComObjectCached@VCComClassFactory@ATL@@@ATL@@UEAAJAEBU_GUID@@PEAPEAX@Z 00000001800036e0 f i CoinAcceptor.obj
 0001:000026f4       ??_E?$CComObjectCached@VCComClassFactory@ATL@@@ATL@@UEAAPEAXI@Z 00000001800036f4 f i CoinAcceptor.obj
 0001:000026f4       ??_G?$CComObjectCached@VCComClassFactory@ATL@@@ATL@@UEAAPEAXI@Z 00000001800036f4 f i CoinAcceptor.obj
 0001:0000274c       ?AddCommonRGSReplacements@?$CAtlModuleT@VCComModule@ATL@@@ATL@@UEAAJPEAUIRegistrarBase@@@Z 000000018000374c f i CoinAcceptor.obj
 0001:00002764       ?UpdateRegistryFromResourceD@CComModule@ATL@@UEAAJIHPEAU_ATL_REGMAP_ENTRY@2@@Z 0000000180003764 f i CoinAcceptor.obj
 0001:00002764       ?UpdateRegistryFromResourceD@CComModule@ATL@@UEAAJPEB_WHPEAU_ATL_REGMAP_ENTRY@2@@Z 0000000180003764 f i CoinAcceptor.obj
 0001:0000276c       ?UpdateRegistryFromResource@CComModule@ATL@@UEAAJPEB_WHPEAU_ATL_REGMAP_ENTRY@2@@Z 000000018000376c f i CoinAcceptor.obj
 0001:00002774       ?UpdateRegistryFromResource@CComModule@ATL@@UEAAJIHPEAU_ATL_REGMAP_ENTRY@2@@Z 0000000180003774 f i CoinAcceptor.obj
 0001:0000277c       ??_GCComModule@ATL@@UEAAPEAXI@Z 000000018000377c f i CoinAcceptor.obj
 0001:0000277c       ??_ECComModule@ATL@@UEAAPEAXI@Z 000000018000377c f i CoinAcceptor.obj
 0001:000027bc       ?Next@?$CComEnumImpl@UIEnumConnectionPoints@@$1?_GUID_b196b285_bab4_101a_b69c_00aa00341d07@@3U__s_GUID@@BPEAUIConnectionPoint@@V?$_CopyInterface@UIConnectionPoint@@@ATL@@@ATL@@UEAAJKPEAPEAUIConnectionPoint@@PEAK@Z 00000001800037bc f i CoinAcceptor.obj
 0001:00002888       ?Skip@?$CComEnumImpl@UIEnumConnectionPoints@@$1?_GUID_b196b285_bab4_101a_b69c_00aa00341d07@@3U__s_GUID@@BPEAUIConnectionPoint@@V?$_CopyInterface@UIConnectionPoint@@@ATL@@@ATL@@UEAAJK@Z 0000000180003888 f i CoinAcceptor.obj
 0001:000028b4       ?Reset@?$CComEnumImpl@UIEnumConnectionPoints@@$1?_GUID_b196b285_bab4_101a_b69c_00aa00341d07@@3U__s_GUID@@BPEAUIConnectionPoint@@V?$_CopyInterface@UIConnectionPoint@@@ATL@@@ATL@@UEAAJXZ 00000001800038b4 f i CoinAcceptor.obj
 0001:000028b4       ?Reset@?$CComEnumImpl@UIEnumConnections@@$1?_GUID_b196b287_bab4_101a_b69c_00aa00341d07@@3U__s_GUID@@BUtagCONNECTDATA@@V?$_Copy@UtagCONNECTDATA@@@ATL@@@ATL@@UEAAJXZ 00000001800038b4 f i CoinAcceptor.obj
 0001:000028c0       ?Clone@?$CComEnumImpl@UIEnumConnectionPoints@@$1?_GUID_b196b285_bab4_101a_b69c_00aa00341d07@@3U__s_GUID@@BPEAUIConnectionPoint@@V?$_CopyInterface@UIConnectionPoint@@@ATL@@@ATL@@UEAAJPEAPEAUIEnumConnectionPoints@@@Z 00000001800038c0 f i CoinAcceptor.obj
 0001:000029ec       ?AddRef@?$CComObject@V?$CComEnum@UIEnumConnections@@$1?_GUID_b196b287_bab4_101a_b69c_00aa00341d07@@3U__s_GUID@@BUtagCONNECTDATA@@V?$_Copy@UtagCONNECTDATA@@@ATL@@VCComSingleThreadModel@6@@ATL@@@ATL@@UEAAKXZ 00000001800039ec f i CoinAcceptor.obj
 0001:000029ec       ?AddRef@?$CComObject@V?$CComEnum@UIEnumConnectionPoints@@$1?_GUID_b196b285_bab4_101a_b69c_00aa00341d07@@3U__s_GUID@@BPEAUIConnectionPoint@@V?$_CopyInterface@UIConnectionPoint@@@ATL@@VCComSingleThreadModel@6@@ATL@@@ATL@@UEAAKXZ 00000001800039ec f i CoinAcceptor.obj
 0001:000029f8       ?Release@?$CComObject@V?$CComEnum@UIEnumConnections@@$1?_GUID_b196b287_bab4_101a_b69c_00aa00341d07@@3U__s_GUID@@BUtagCONNECTDATA@@V?$_Copy@UtagCONNECTDATA@@@ATL@@VCComSingleThreadModel@6@@ATL@@@ATL@@UEAAKXZ 00000001800039f8 f i CoinAcceptor.obj
 0001:000029f8       ?Release@?$CComObject@V?$CComEnum@UIEnumConnectionPoints@@$1?_GUID_b196b285_bab4_101a_b69c_00aa00341d07@@3U__s_GUID@@BPEAUIConnectionPoint@@V?$_CopyInterface@UIConnectionPoint@@@ATL@@VCComSingleThreadModel@6@@ATL@@@ATL@@UEAAKXZ 00000001800039f8 f i CoinAcceptor.obj
 0001:00002a4c       ?QueryInterface@?$CComObject@V?$CComEnum@UIEnumConnectionPoints@@$1?_GUID_b196b285_bab4_101a_b69c_00aa00341d07@@3U__s_GUID@@BPEAUIConnectionPoint@@V?$_CopyInterface@UIConnectionPoint@@@ATL@@VCComSingleThreadModel@6@@ATL@@@ATL@@UEAAJAEBU_GUID@@PEAPEAX@Z 0000000180003a4c f i CoinAcceptor.obj
 0001:00002a60       ??_E?$CComObject@V?$CComEnum@UIEnumConnectionPoints@@$1?_GUID_b196b285_bab4_101a_b69c_00aa00341d07@@3U__s_GUID@@BPEAUIConnectionPoint@@V?$_CopyInterface@UIConnectionPoint@@@ATL@@VCComSingleThreadModel@6@@ATL@@@ATL@@UEAAPEAXI@Z 0000000180003a60 f i CoinAcceptor.obj
 0001:00002a60       ??_G?$CComObject@V?$CComEnum@UIEnumConnectionPoints@@$1?_GUID_b196b285_bab4_101a_b69c_00aa00341d07@@3U__s_GUID@@BPEAUIConnectionPoint@@V?$_CopyInterface@UIConnectionPoint@@@ATL@@VCComSingleThreadModel@6@@ATL@@@ATL@@UEAAPEAXI@Z 0000000180003a60 f i CoinAcceptor.obj
 0001:00002ab8       ?AddReplacement@CRegObject@ATL@@UEAAJPEB_W0@Z 0000000180003ab8 f i CoinAcceptor.obj
 0001:00002ae8       ?ClearReplacements@CRegObject@ATL@@UEAAJXZ 0000000180003ae8 f i CoinAcceptor.obj
 0001:00002af4       ??_ECRegObject@ATL@@UEAAPEAXI@Z 0000000180003af4 f i CoinAcceptor.obj
 0001:00002af4       ??_GCRegObject@ATL@@UEAAPEAXI@Z 0000000180003af4 f i CoinAcceptor.obj
 0001:00002b74       ?AddRef@?$CComAggObject@VCOPOSCoinAcceptor@@@ATL@@UEAAKXZ 0000000180003b74 f i CoinAcceptor.obj
 0001:00002b80       ?Release@?$CComAggObject@VCOPOSCoinAcceptor@@@ATL@@UEAAKXZ 0000000180003b80 f i CoinAcceptor.obj
 0001:00002bd4       ?QueryInterface@?$CComAggObject@VCOPOSCoinAcceptor@@@ATL@@UEAAJAEBU_GUID@@PEAPEAX@Z 0000000180003bd4 f i CoinAcceptor.obj
 0001:00002c34       ?AddRef@?$CComContainedObject@VCOPOSCoinAcceptor@@@ATL@@UEAAKXZ 0000000180003c34 f i CoinAcceptor.obj
 0001:00002c44       ?Release@?$CComContainedObject@VCOPOSCoinAcceptor@@@ATL@@UEAAKXZ 0000000180003c44 f i CoinAcceptor.obj
 0001:00002c54       ?QueryInterface@?$CComContainedObject@VCOPOSCoinAcceptor@@@ATL@@UEAAJAEBU_GUID@@PEAPEAX@Z 0000000180003c54 f i CoinAcceptor.obj
 0001:00002c64       ??_G?$CComAggObject@VCOPOSCoinAcceptor@@@ATL@@UEAAPEAXI@Z 0000000180003c64 f i CoinAcceptor.obj
 0001:00002c64       ??_E?$CComAggObject@VCOPOSCoinAcceptor@@@ATL@@UEAAPEAXI@Z 0000000180003c64 f i CoinAcceptor.obj
 0001:00002cbc       ?AddRef@?$CComObject@VCOPOSCoinAcceptor@@@ATL@@UEAAKXZ 0000000180003cbc f i CoinAcceptor.obj
 0001:00002ccc       ?Release@?$CComObject@VCOPOSCoinAcceptor@@@ATL@@UEAAKXZ 0000000180003ccc f i CoinAcceptor.obj
 0001:00002d24       ?QueryInterface@?$CComObject@VCOPOSCoinAcceptor@@@ATL@@UEAAJAEBU_GUID@@PEAPEAX@Z 0000000180003d24 f i CoinAcceptor.obj
 0001:00002d38       ?OnDrawAdvanced@CComControlBase@ATL@@UEAAJAEAUATL_DRAWINFO@@@Z 0000000180003d38 f i CoinAcceptor.obj
 0001:00002ec4       ?Next@?$CComEnumImpl@UIEnumConnections@@$1?_GUID_b196b287_bab4_101a_b69c_00aa00341d07@@3U__s_GUID@@BUtagCONNECTDATA@@V?$_Copy@UtagCONNECTDATA@@@ATL@@@ATL@@UEAAJKPEAUtagCONNECTDATA@@PEAK@Z 0000000180003ec4 f i CoinAcceptor.obj
 0001:00002f98       ?Skip@?$CComEnumImpl@UIEnumConnections@@$1?_GUID_b196b287_bab4_101a_b69c_00aa00341d07@@3U__s_GUID@@BUtagCONNECTDATA@@V?$_Copy@UtagCONNECTDATA@@@ATL@@@ATL@@UEAAJK@Z 0000000180003f98 f i CoinAcceptor.obj
 0001:00002fc4       ?Clone@?$CComEnumImpl@UIEnumConnections@@$1?_GUID_b196b287_bab4_101a_b69c_00aa00341d07@@3U__s_GUID@@BUtagCONNECTDATA@@V?$_Copy@UtagCONNECTDATA@@@ATL@@@ATL@@UEAAJPEAPEAUIEnumConnections@@@Z 0000000180003fc4 f i CoinAcceptor.obj
 0001:000030f0       ?QueryInterface@?$CComObject@V?$CComEnum@UIEnumConnections@@$1?_GUID_b196b287_bab4_101a_b69c_00aa00341d07@@3U__s_GUID@@BUtagCONNECTDATA@@V?$_Copy@UtagCONNECTDATA@@@ATL@@VCComSingleThreadModel@6@@ATL@@@ATL@@UEAAJAEBU_GUID@@PEAPEAX@Z 00000001800040f0 f i CoinAcceptor.obj
 0001:00003104       ??_G?$CComObject@V?$CComEnum@UIEnumConnections@@$1?_GUID_b196b287_bab4_101a_b69c_00aa00341d07@@3U__s_GUID@@BUtagCONNECTDATA@@V?$_Copy@UtagCONNECTDATA@@@ATL@@VCComSingleThreadModel@6@@ATL@@@ATL@@UEAAPEAXI@Z 0000000180004104 f i CoinAcceptor.obj
 0001:00003104       ??_E?$CComObject@V?$CComEnum@UIEnumConnections@@$1?_GUID_b196b287_bab4_101a_b69c_00aa00341d07@@3U__s_GUID@@BUtagCONNECTDATA@@V?$_Copy@UtagCONNECTDATA@@@ATL@@VCComSingleThreadModel@6@@ATL@@@ATL@@UEAAPEAXI@Z 0000000180004104 f i CoinAcceptor.obj
 0001:0000315c       ??_E?$CComObject@VCOPOSCoinAcceptor@@@ATL@@W7EAAPEAXI@Z 000000018000415c f i CoinAcceptor.obj
 0001:00003168       ??_E?$CComObject@VCOPOSCoinAcceptor@@@ATL@@WHA@EAAPEAXI@Z 0000000180004168 f i CoinAcceptor.obj
 0001:00003174       ?QueryInterface@?$CComObject@VCOPOSCoinAcceptor@@@ATL@@WLI@EAAJAEBU_GUID@@PEAPEAX@Z 0000000180004174 f i CoinAcceptor.obj
 0001:00003180       ?AddRef@?$CComObject@VCOPOSCoinAcceptor@@@ATL@@WLI@EAAKXZ 0000000180004180 f i CoinAcceptor.obj
 0001:0000318c       ?Release@?$CComObject@VCOPOSCoinAcceptor@@@ATL@@WLI@EAAKXZ 000000018000418c f i CoinAcceptor.obj
 0001:00003198       ?QueryInterface@?$CComObject@VCOPOSCoinAcceptor@@@ATL@@WMA@EAAJAEBU_GUID@@PEAPEAX@Z 0000000180004198 f i CoinAcceptor.obj
 0001:000031a4       ?AddRef@?$CComObject@VCOPOSCoinAcceptor@@@ATL@@WMA@EAAKXZ 00000001800041a4 f i CoinAcceptor.obj
 0001:000031b0       ?Release@?$CComObject@VCOPOSCoinAcceptor@@@ATL@@WMA@EAAKXZ 00000001800041b0 f i CoinAcceptor.obj
 0001:000031bc       ?QueryInterface@?$CComObject@VCOPOSCoinAcceptor@@@ATL@@WMI@EAAJAEBU_GUID@@PEAPEAX@Z 00000001800041bc f i CoinAcceptor.obj
 0001:000031c8       ?AddRef@?$CComObject@VCOPOSCoinAcceptor@@@ATL@@WMI@EAAKXZ 00000001800041c8 f i CoinAcceptor.obj
 0001:000031d4       ?Release@?$CComObject@VCOPOSCoinAcceptor@@@ATL@@WMI@EAAKXZ 00000001800041d4 f i CoinAcceptor.obj
 0001:000031e0       ?QueryInterface@?$CComObject@VCOPOSCoinAcceptor@@@ATL@@WNA@EAAJAEBU_GUID@@PEAPEAX@Z 00000001800041e0 f i CoinAcceptor.obj
 0001:000031ec       ?AddRef@?$CComObject@VCOPOSCoinAcceptor@@@ATL@@WNA@EAAKXZ 00000001800041ec f i CoinAcceptor.obj
 0001:000031f8       ?Release@?$CComObject@VCOPOSCoinAcceptor@@@ATL@@WNA@EAAKXZ 00000001800041f8 f i CoinAcceptor.obj
 0001:00003204       ?QueryInterface@?$CComObject@VCOPOSCoinAcceptor@@@ATL@@WNI@EAAJAEBU_GUID@@PEAPEAX@Z 0000000180004204 f i CoinAcceptor.obj
 0001:00003210       ?AddRef@?$CComObject@VCOPOSCoinAcceptor@@@ATL@@WNI@EAAKXZ 0000000180004210 f i CoinAcceptor.obj
 0001:0000321c       ?Release@?$CComObject@VCOPOSCoinAcceptor@@@ATL@@WNI@EAAKXZ 000000018000421c f i CoinAcceptor.obj
 0001:00003228       ?QueryInterface@?$CComObject@VCOPOSCoinAcceptor@@@ATL@@WOA@EAAJAEBU_GUID@@PEAPEAX@Z 0000000180004228 f i CoinAcceptor.obj
 0001:00003234       ?AddRef@?$CComObject@VCOPOSCoinAcceptor@@@ATL@@WOA@EAAKXZ 0000000180004234 f i CoinAcceptor.obj
 0001:00003240       ?Release@?$CComObject@VCOPOSCoinAcceptor@@@ATL@@WOA@EAAKXZ 0000000180004240 f i CoinAcceptor.obj
 0001:0000324c       ?QueryInterface@?$CComObject@VCOPOSCoinAcceptor@@@ATL@@WOI@EAAJAEBU_GUID@@PEAPEAX@Z 000000018000424c f i CoinAcceptor.obj
 0001:00003258       ?AddRef@?$CComObject@VCOPOSCoinAcceptor@@@ATL@@WOI@EAAKXZ 0000000180004258 f i CoinAcceptor.obj
 0001:00003264       ?Release@?$CComObject@VCOPOSCoinAcceptor@@@ATL@@WOI@EAAKXZ 0000000180004264 f i CoinAcceptor.obj
 0001:00003270       ?QueryInterface@?$CComObject@VCOPOSCoinAcceptor@@@ATL@@WPA@EAAJAEBU_GUID@@PEAPEAX@Z 0000000180004270 f i CoinAcceptor.obj
 0001:0000327c       ?AddRef@?$CComObject@VCOPOSCoinAcceptor@@@ATL@@WPA@EAAKXZ 000000018000427c f i CoinAcceptor.obj
 0001:00003288       ?Release@?$CComObject@VCOPOSCoinAcceptor@@@ATL@@WPA@EAAKXZ 0000000180004288 f i CoinAcceptor.obj
 0001:00003294       ?QueryInterface@?$CComObject@VCOPOSCoinAcceptor@@@ATL@@WPI@EAAJAEBU_GUID@@PEAPEAX@Z 0000000180004294 f i CoinAcceptor.obj
 0001:000032a0       ?AddRef@?$CComObject@VCOPOSCoinAcceptor@@@ATL@@WPI@EAAKXZ 00000001800042a0 f i CoinAcceptor.obj
 0001:000032ac       ?Release@?$CComObject@VCOPOSCoinAcceptor@@@ATL@@WPI@EAAKXZ 00000001800042ac f i CoinAcceptor.obj
 0001:000032b8       ?QueryInterface@?$CComObject@VCOPOSCoinAcceptor@@@ATL@@WBAA@EAAJAEBU_GUID@@PEAPEAX@Z 00000001800042b8 f i CoinAcceptor.obj
 0001:000032c4       ?AddRef@?$CComObject@VCOPOSCoinAcceptor@@@ATL@@WBAA@EAAKXZ 00000001800042c4 f i CoinAcceptor.obj
 0001:000032d0       ?Release@?$CComObject@VCOPOSCoinAcceptor@@@ATL@@WBAA@EAAKXZ 00000001800042d0 f i CoinAcceptor.obj
 0001:000032dc       ?QueryInterface@?$CComObject@VCOPOSCoinAcceptor@@@ATL@@WBAI@EAAJAEBU_GUID@@PEAPEAX@Z 00000001800042dc f i CoinAcceptor.obj
 0001:000032e8       ?AddRef@?$CComObject@VCOPOSCoinAcceptor@@@ATL@@WBAI@EAAKXZ 00000001800042e8 f i CoinAcceptor.obj
 0001:000032f4       ?Release@?$CComObject@VCOPOSCoinAcceptor@@@ATL@@WBAI@EAAKXZ 00000001800042f4 f i CoinAcceptor.obj
 0001:00003300       ?QueryInterface@?$CComObject@VCOPOSCoinAcceptor@@@ATL@@WBBA@EAAJAEBU_GUID@@PEAPEAX@Z 0000000180004300 f i CoinAcceptor.obj
 0001:0000330c       ?AddRef@?$CComObject@VCOPOSCoinAcceptor@@@ATL@@WBBA@EAAKXZ 000000018000430c f i CoinAcceptor.obj
 0001:00003318       ?Release@?$CComObject@VCOPOSCoinAcceptor@@@ATL@@WBBA@EAAKXZ 0000000180004318 f i CoinAcceptor.obj
 0001:00003324       ?QueryInterface@?$CComObject@VCOPOSCoinAcceptor@@@ATL@@WBBI@EAAJAEBU_GUID@@PEAPEAX@Z 0000000180004324 f i CoinAcceptor.obj
 0001:00003330       ?AddRef@?$CComObject@VCOPOSCoinAcceptor@@@ATL@@WBBI@EAAKXZ 0000000180004330 f i CoinAcceptor.obj
 0001:0000333c       ?Release@?$CComObject@VCOPOSCoinAcceptor@@@ATL@@WBBI@EAAKXZ 000000018000433c f i CoinAcceptor.obj
 0001:00003348       ?AddRef@?$CComObject@VCOPOSCoinAcceptor@@@ATL@@WBCI@EAAKXZ 0000000180004348 f i CoinAcceptor.obj
 0001:00003354       ?Release@?$CComObject@VCOPOSCoinAcceptor@@@ATL@@WBCI@EAAKXZ 0000000180004354 f i CoinAcceptor.obj
 0001:00003360       ?AddRef@?$CComObject@VCOPOSCoinAcceptor@@@ATL@@WBEA@EAAKXZ 0000000180004360 f i CoinAcceptor.obj
 0001:0000336c       ?Release@?$CComObject@VCOPOSCoinAcceptor@@@ATL@@WBEA@EAAKXZ 000000018000436c f i CoinAcceptor.obj
 0001:00003378       ??_E?$CComContainedObject@VCOPOSCoinAcceptor@@@ATL@@W7EAAPEAXI@Z 0000000180004378 f i CoinAcceptor.obj
 0001:00003384       ??_E?$CComContainedObject@VCOPOSCoinAcceptor@@@ATL@@WHA@EAAPEAXI@Z 0000000180004384 f i CoinAcceptor.obj
 0001:00003390       ?QueryInterface@?$CComContainedObject@VCOPOSCoinAcceptor@@@ATL@@WLI@EAAJAEBU_GUID@@PEAPEAX@Z 0000000180004390 f i CoinAcceptor.obj
 0001:0000339c       ?AddRef@?$CComContainedObject@VCOPOSCoinAcceptor@@@ATL@@WLI@EAAKXZ 000000018000439c f i CoinAcceptor.obj
 0001:000033a8       ?Release@?$CComContainedObject@VCOPOSCoinAcceptor@@@ATL@@WLI@EAAKXZ 00000001800043a8 f i CoinAcceptor.obj
 0001:000033b4       ?QueryInterface@?$CComContainedObject@VCOPOSCoinAcceptor@@@ATL@@WMA@EAAJAEBU_GUID@@PEAPEAX@Z 00000001800043b4 f i CoinAcceptor.obj
 0001:000033c0       ?AddRef@?$CComContainedObject@VCOPOSCoinAcceptor@@@ATL@@WMA@EAAKXZ 00000001800043c0 f i CoinAcceptor.obj
 0001:000033cc       ?Release@?$CComContainedObject@VCOPOSCoinAcceptor@@@ATL@@WMA@EAAKXZ 00000001800043cc f i CoinAcceptor.obj
 0001:000033d8       ?QueryInterface@?$CComContainedObject@VCOPOSCoinAcceptor@@@ATL@@WMI@EAAJAEBU_GUID@@PEAPEAX@Z 00000001800043d8 f i CoinAcceptor.obj
 0001:000033e4       ?AddRef@?$CComContainedObject@VCOPOSCoinAcceptor@@@ATL@@WMI@EAAKXZ 00000001800043e4 f i CoinAcceptor.obj
 0001:000033f0       ?Release@?$CComContainedObject@VCOPOSCoinAcceptor@@@ATL@@WMI@EAAKXZ 00000001800043f0 f i CoinAcceptor.obj
 0001:000033fc       ?QueryInterface@?$CComContainedObject@VCOPOSCoinAcceptor@@@ATL@@WNA@EAAJAEBU_GUID@@PEAPEAX@Z 00000001800043fc f i CoinAcceptor.obj
 0001:00003408       ?AddRef@?$CComContainedObject@VCOPOSCoinAcceptor@@@ATL@@WNA@EAAKXZ 0000000180004408 f i CoinAcceptor.obj
 0001:00003414       ?Release@?$CComContainedObject@VCOPOSCoinAcceptor@@@ATL@@WNA@EAAKXZ 0000000180004414 f i CoinAcceptor.obj
 0001:00003420       ?QueryInterface@?$CComContainedObject@VCOPOSCoinAcceptor@@@ATL@@WNI@EAAJAEBU_GUID@@PEAPEAX@Z 0000000180004420 f i CoinAcceptor.obj
 0001:0000342c       ?AddRef@?$CComContainedObject@VCOPOSCoinAcceptor@@@ATL@@WNI@EAAKXZ 000000018000442c f i CoinAcceptor.obj
 0001:00003438       ?Release@?$CComContainedObject@VCOPOSCoinAcceptor@@@ATL@@WNI@EAAKXZ 0000000180004438 f i CoinAcceptor.obj
 0001:00003444       ?QueryInterface@?$CComContainedObject@VCOPOSCoinAcceptor@@@ATL@@WOA@EAAJAEBU_GUID@@PEAPEAX@Z 0000000180004444 f i CoinAcceptor.obj
 0001:00003450       ?AddRef@?$CComContainedObject@VCOPOSCoinAcceptor@@@ATL@@WOA@EAAKXZ 0000000180004450 f i CoinAcceptor.obj
 0001:0000345c       ?Release@?$CComContainedObject@VCOPOSCoinAcceptor@@@ATL@@WOA@EAAKXZ 000000018000445c f i CoinAcceptor.obj
 0001:00003468       ?QueryInterface@?$CComContainedObject@VCOPOSCoinAcceptor@@@ATL@@WOI@EAAJAEBU_GUID@@PEAPEAX@Z 0000000180004468 f i CoinAcceptor.obj
 0001:00003474       ?AddRef@?$CComContainedObject@VCOPOSCoinAcceptor@@@ATL@@WOI@EAAKXZ 0000000180004474 f i CoinAcceptor.obj
 0001:00003480       ?Release@?$CComContainedObject@VCOPOSCoinAcceptor@@@ATL@@WOI@EAAKXZ 0000000180004480 f i CoinAcceptor.obj
 0001:0000348c       ?QueryInterface@?$CComContainedObject@VCOPOSCoinAcceptor@@@ATL@@WPA@EAAJAEBU_GUID@@PEAPEAX@Z 000000018000448c f i CoinAcceptor.obj
 0001:00003498       ?AddRef@?$CComContainedObject@VCOPOSCoinAcceptor@@@ATL@@WPA@EAAKXZ 0000000180004498 f i CoinAcceptor.obj
 0001:000034a4       ?Release@?$CComContainedObject@VCOPOSCoinAcceptor@@@ATL@@WPA@EAAKXZ 00000001800044a4 f i CoinAcceptor.obj
 0001:000034b0       ?QueryInterface@?$CComContainedObject@VCOPOSCoinAcceptor@@@ATL@@WPI@EAAJAEBU_GUID@@PEAPEAX@Z 00000001800044b0 f i CoinAcceptor.obj
 0001:000034bc       ?AddRef@?$CComContainedObject@VCOPOSCoinAcceptor@@@ATL@@WPI@EAAKXZ 00000001800044bc f i CoinAcceptor.obj
 0001:000034c8       ?Release@?$CComContainedObject@VCOPOSCoinAcceptor@@@ATL@@WPI@EAAKXZ 00000001800044c8 f i CoinAcceptor.obj
 0001:000034d4       ?QueryInterface@?$CComContainedObject@VCOPOSCoinAcceptor@@@ATL@@WBAA@EAAJAEBU_GUID@@PEAPEAX@Z 00000001800044d4 f i CoinAcceptor.obj
 0001:000034e0       ?AddRef@?$CComContainedObject@VCOPOSCoinAcceptor@@@ATL@@WBAA@EAAKXZ 00000001800044e0 f i CoinAcceptor.obj
 0001:000034ec       ?Release@?$CComContainedObject@VCOPOSCoinAcceptor@@@ATL@@WBAA@EAAKXZ 00000001800044ec f i CoinAcceptor.obj
 0001:000034f8       ?QueryInterface@?$CComContainedObject@VCOPOSCoinAcceptor@@@ATL@@WBAI@EAAJAEBU_GUID@@PEAPEAX@Z 00000001800044f8 f i CoinAcceptor.obj
 0001:00003504       ?AddRef@?$CComContainedObject@VCOPOSCoinAcceptor@@@ATL@@WBAI@EAAKXZ 0000000180004504 f i CoinAcceptor.obj
 0001:00003510       ?Release@?$CComContainedObject@VCOPOSCoinAcceptor@@@ATL@@WBAI@EAAKXZ 0000000180004510 f i CoinAcceptor.obj
 0001:0000351c       ?QueryInterface@?$CComContainedObject@VCOPOSCoinAcceptor@@@ATL@@WBBA@EAAJAEBU_GUID@@PEAPEAX@Z 000000018000451c f i CoinAcceptor.obj
 0001:00003528       ?AddRef@?$CComContainedObject@VCOPOSCoinAcceptor@@@ATL@@WBBA@EAAKXZ 0000000180004528 f i CoinAcceptor.obj
 0001:00003534       ?Release@?$CComContainedObject@VCOPOSCoinAcceptor@@@ATL@@WBBA@EAAKXZ 0000000180004534 f i CoinAcceptor.obj
 0001:00003540       ?QueryInterface@?$CComContainedObject@VCOPOSCoinAcceptor@@@ATL@@WBBI@EAAJAEBU_GUID@@PEAPEAX@Z 0000000180004540 f i CoinAcceptor.obj
 0001:0000354c       ?AddRef@?$CComContainedObject@VCOPOSCoinAcceptor@@@ATL@@WBBI@EAAKXZ 000000018000454c f i CoinAcceptor.obj
 0001:00003558       ?Release@?$CComContainedObject@VCOPOSCoinAcceptor@@@ATL@@WBBI@EAAKXZ 0000000180004558 f i CoinAcceptor.obj
 0001:00003564       ?AddRef@?$CComContainedObject@VCOPOSCoinAcceptor@@@ATL@@WBCI@EAAKXZ 0000000180004564 f i CoinAcceptor.obj
 0001:00003570       ?Release@?$CComContainedObject@VCOPOSCoinAcceptor@@@ATL@@WBCI@EAAKXZ 0000000180004570 f i CoinAcceptor.obj
 0001:0000357c       ?AddRef@?$CComContainedObject@VCOPOSCoinAcceptor@@@ATL@@WBEA@EAAKXZ 000000018000457c f i CoinAcceptor.obj
 0001:00003588       ?Release@?$CComContainedObject@VCOPOSCoinAcceptor@@@ATL@@WBEA@EAAKXZ 0000000180004588 f i CoinAcceptor.obj
 0001:00003594       ?CreateInstance@CComClassFactory@ATL@@UEAAJPEAUIUnknown@@AEBU_GUID@@PEAPEAX@Z 0000000180004594 f i CoinAcceptor.obj
 0001:000035f4       ?LockServer@CComClassFactory@ATL@@UEAAJH@Z 00000001800045f4 f i CoinAcceptor.obj
 0001:00003618       ??_ECComClassFactory@ATL@@UEAAPEAXI@Z 0000000180004618 f i CoinAcceptor.obj
 0001:00003618       ??_GCComClassFactory@ATL@@UEAAPEAXI@Z 0000000180004618 f i CoinAcceptor.obj
 0001:00003668       ??$AtlModuleRegisterWndClassInfoT@VAtlModuleRegisterWndClassInfoParamW@ATL@@@ATL@@YAGPEAU_ATL_BASE_MODULE70@0@PEAU_ATL_WIN_MODULE70@0@PEAU_ATL_WNDCLASSINFOW@0@PEAP6A_JPEAUHWND__@@I_K_J@ZVAtlModuleRegisterWndClassInfoParamW@0@@Z 0000000180004668 f i CoinAcceptor.obj
 0001:00003868       ??0?$CComContainedObject@VCOPOSCoinAcceptor@@@ATL@@QEAA@PEAX@Z 0000000180004868 f i CoinAcceptor.obj
 0001:00003984       ??0?$CComObject@VCOPOSCoinAcceptor@@@ATL@@QEAA@PEAX@Z 0000000180004984 f i CoinAcceptor.obj
 0001:00003a9c       ??0CAtlModule@ATL@@QEAA@XZ 0000000180004a9c f i CoinAcceptor.obj
 0001:00003b10       ??1?$CComEnumImpl@UIEnumConnectionPoints@@$1?_GUID_b196b285_bab4_101a_b69c_00aa00341d07@@3U__s_GUID@@BPEAUIConnectionPoint@@V?$_CopyInterface@UIConnectionPoint@@@ATL@@@ATL@@UEAA@XZ 0000000180004b10 f i CoinAcceptor.obj
 0001:00003b6c       ??1?$CComEnumImpl@UIEnumConnections@@$1?_GUID_b196b287_bab4_101a_b69c_00aa00341d07@@3U__s_GUID@@BUtagCONNECTDATA@@V?$_Copy@UtagCONNECTDATA@@@ATL@@@ATL@@UEAA@XZ 0000000180004b6c f i CoinAcceptor.obj
 0001:00003bc8       ??1?$CComObject@VCOPOSCoinAcceptor@@@ATL@@UEAA@XZ 0000000180004bc8 f i CoinAcceptor.obj
 0001:00003ce8       ??_E?$CComContainedObject@VCOPOSCoinAcceptor@@@ATL@@UEAAPEAXI@Z 0000000180004ce8 f i CoinAcceptor.obj
 0001:00003ce8       ??_G?$CComContainedObject@VCOPOSCoinAcceptor@@@ATL@@UEAAPEAXI@Z 0000000180004ce8 f i CoinAcceptor.obj
 0001:00003d1c       ??_G?$CComObject@VCOPOSCoinAcceptor@@@ATL@@UEAAPEAXI@Z 0000000180004d1c f i CoinAcceptor.obj
 0001:00003d1c       ??_E?$CComObject@VCOPOSCoinAcceptor@@@ATL@@UEAAPEAXI@Z 0000000180004d1c f i CoinAcceptor.obj
 0001:00003d50       ?Add@?$CSimpleArray@GV?$CSimpleArrayEqualHelper@G@ATL@@@ATL@@QEAAHAEBG@Z 0000000180004d50 f i CoinAcceptor.obj
 0001:00003e04       ?Add@?$CSimpleMap@PEA_WPEA_WVCExpansionVectorEqualHelper@ATL@@@ATL@@QEAAHAEBQEA_W0@Z 0000000180004e04 f i CoinAcceptor.obj
 0001:00003ea4       ?Add@CComDynamicUnkArray@ATL@@QEAAKPEAUIUnknown@@@Z 0000000180004ea4 f i CoinAcceptor.obj
 0001:00003f90       ?Add@CExpansionVector@ATL@@QEAAHPEB_W0@Z 0000000180004f90 f i CoinAcceptor.obj
 0001:000040c4       ?AddTermFunc@CAtlModule@ATL@@QEAAJP6AX_K@Z0@Z 00000001800050c4 f i CoinAcceptor.obj
 0001:00004160       ?AddValue@CRegParser@ATL@@IEAAJAEAVCRegKey@2@PEB_WPEA_W@Z 0000000180005160 f i CoinAcceptor.obj
 0001:000045a8       ?AllocateHeap@?$CTempBuffer@E$0BAA@VCCRTAllocator@ATL@@@ATL@@AEAAX_K@Z 00000001800055a8 f i CoinAcceptor.obj
 0001:000045a8       ?AllocateHeap@?$CTempBuffer@_W$0BAA@VCCRTAllocator@ATL@@@ATL@@AEAAX_K@Z 00000001800055a8 f i CoinAcceptor.obj
 0001:000045a8       ?AllocateHeap@?$CTempBuffer@_W$0EAA@VCCRTAllocator@ATL@@@ATL@@AEAAX_K@Z 00000001800055a8 f i CoinAcceptor.obj
 0001:000045d4       ?Append@CParseBuffer@CRegParser@ATL@@QEAAHPEB_WH@Z 00000001800055d4 f i CoinAcceptor.obj
 0001:0000471c       ?AtlComModuleGetClassObject@ATL@@YAJPEAU_ATL_COM_MODULE70@1@AEBU_GUID@@1PEAPEAX@Z 000000018000571c f i CoinAcceptor.obj
 0001:0000485c       ?AtlComModuleRegisterServer@ATL@@YAJPEAU_ATL_COM_MODULE70@1@HPEBU_GUID@@@Z 000000018000585c f i CoinAcceptor.obj
 0001:0000491c       ?AtlComModuleUnregisterServer@ATL@@YAJPEAU_ATL_COM_MODULE70@1@HPEBU_GUID@@@Z 000000018000591c f i CoinAcceptor.obj
 0001:000049d8       ?AtlHiMetricToPixel@ATL@@YAXPEBUtagSIZE@@PEAU2@@Z 00000001800059d8 f i CoinAcceptor.obj
 0001:00004a88       ?AtlHresultFromLastError@ATL@@YAJXZ 0000000180005a88 f i CoinAcceptor.obj
 0001:00004aa8       ?AtlHresultFromWin32@ATL@@YAJK@Z 0000000180005aa8 f i CoinAcceptor.obj
 0001:00004ab8       ?AtlInternalOleLoadFromStream@ATL@@YAJPEAUIStream@@AEBU_GUID@@PEAPEAXTClassesAllowedInStream@1@K@Z 0000000180005ab8 f i CoinAcceptor.obj
 0001:00004bfc       ?AtlInternalQueryInterface@ATL@@YAJPEAXPEBU_ATL_INTMAP_ENTRY@1@AEBU_GUID@@PEAPEAX@Z 0000000180005bfc f i CoinAcceptor.obj
 0001:00004d04       ?AtlLoadTypeLib@ATL@@YAJPEAUHINSTANCE__@@PEB_WPEAPEA_WPEAPEAUITypeLib@@@Z 0000000180005d04 f i CoinAcceptor.obj
 0001:00004f60       ?AtlRegisterClassCategoriesHelper@ATL@@YAJAEBU_GUID@@PEBU_ATL_CATMAP_ENTRY@1@H@Z 0000000180005f60 f i CoinAcceptor.obj
 0001:000053e4       ?AtlRegisterTypeLib@ATL@@YAJPEAUHINSTANCE__@@PEB_W@Z 00000001800063e4 f i CoinAcceptor.obj
 0001:000055e0       ?AtlThrowImpl@ATL@@YAXJ@Z  00000001800065e0 f i CoinAcceptor.obj
 0001:00005604       ?AtlUnRegisterTypeLib@ATL@@YAJPEAUHINSTANCE__@@PEB_W@Z 0000000180006604 f i CoinAcceptor.obj
 0001:000056cc       ?AtlWinModuleExtractCreateWndData@ATL@@YAPEAXPEAU_ATL_WIN_MODULE70@1@@Z 00000001800066cc f i CoinAcceptor.obj
 0001:00005758       ?Cleanup@CComTypeInfoHolder@ATL@@SAX_K@Z 0000000180006758 f i CoinAcceptor.obj
 0001:00005798       ?ClearReplacements@CExpansionVector@ATL@@QEAAJXZ 0000000180006798 f i CoinAcceptor.obj
 0001:00005834       ?CreateInstance@?$CComCreator@V?$CComAggObject@VCOPOSCoinAcceptor@@@ATL@@@ATL@@SAJPEAXAEBU_GUID@@PEAPEAX@Z 0000000180006834 f i CoinAcceptor.obj
 0001:00005918       ?CreateInstance@?$CComCreator@V?$CComObject@VCOPOSCoinAcceptor@@@ATL@@@ATL@@SAJPEAXAEBU_GUID@@PEAPEAX@Z 0000000180006918 f i CoinAcceptor.obj
 0001:000059cc       ?CreateInstance@?$CComObject@V?$CComEnum@UIEnumConnectionPoints@@$1?_GUID_b196b285_bab4_101a_b69c_00aa00341d07@@3U__s_GUID@@BPEAUIConnectionPoint@@V?$_CopyInterface@UIConnectionPoint@@@ATL@@VCComSingleThreadModel@6@@ATL@@@ATL@@SAJPEAPEAV12@@Z 00000001800069cc f i CoinAcceptor.obj
 0001:00005a5c       ?CreateInstance@?$CComObject@V?$CComEnum@UIEnumConnections@@$1?_GUID_b196b287_bab4_101a_b69c_00aa00341d07@@3U__s_GUID@@BUtagCONNECTDATA@@V?$_Copy@UtagCONNECTDATA@@@ATL@@VCComSingleThreadModel@6@@ATL@@@ATL@@SAJPEAPEAV12@@Z 0000000180006a5c f i CoinAcceptor.obj
 0001:00005aec       ?DefaultReflectionHandler@?$CWindowImplRoot@VCWindow@ATL@@@ATL@@SAHPEAUHWND__@@I_K_JAEA_J@Z 0000000180006aec f i CoinAcceptor.obj
 0001:00005b50       ?DeleteSubKey@CRegKey@ATL@@QEAAJPEB_W@Z 0000000180006b50 f i CoinAcceptor.obj
 0001:00005be8       ?DoEvent@COPOSCoinAcceptor@@IEAAXI_K_J@Z 0000000180006be8 f i CoinAcceptor.obj
 0001:00005c9c       ?DoVerbPrimary@?$IOleObjectImpl@VCOPOSCoinAcceptor@@@ATL@@QEAAJPEBUtagRECT@@PEAUHWND__@@@Z 0000000180006c9c f i CoinAcceptor.obj
 0001:00005dc8       ?DoVerbProperties@CComControlBase@ATL@@QEAAJPEBUtagRECT@@PEAUHWND__@@@Z 0000000180006dc8 f i CoinAcceptor.obj
 0001:00005ff0       ?FireTheEvent@?$CProxy_IOPOSEvents@VCOPOSCoinAcceptor@@@@IEAAXPEAVOposVariant@@IAEAJPEB_WJ@Z 0000000180006ff0 f i CoinAcceptor.obj
 0001:000060dc       ?FireViewChange@CComControlBase@ATL@@QEAAJXZ 00000001800070dc f i CoinAcceptor.obj
 0001:00006140       ?Fire_DataEvent@?$CProxy_IOPOSEvents@VCOPOSCoinAcceptor@@@@QEAAXJ@Z 0000000180007140 f i CoinAcceptor.obj
 0001:0000622c       ?Fire_DirectIOEvent@?$CProxy_IOPOSEvents@VCOPOSCoinAcceptor@@@@QEAAXJPEAJPEAPEA_W@Z 000000018000722c f i CoinAcceptor.obj
 0001:0000638c       ?Fire_StatusUpdateEvent@?$CProxy_IOPOSEvents@VCOPOSCoinAcceptor@@@@QEAAXJ@Z 000000018000738c f i CoinAcceptor.obj
 0001:00006478       ?FreeHeap@?$CTempBuffer@E$0BAA@VCCRTAllocator@ATL@@@ATL@@AEAAXXZ 0000000180007478 f i CoinAcceptor.obj
 0001:00006478       ?FreeHeap@?$CTempBuffer@_W$0EAA@VCCRTAllocator@ATL@@@ATL@@AEAAXXZ 0000000180007478 f i CoinAcceptor.obj
 0001:00006478       ?FreeHeap@?$CTempBuffer@_W$0BAA@VCCRTAllocator@ATL@@@ATL@@AEAAXXZ 0000000180007478 f i CoinAcceptor.obj
 0001:00006480       ?GetAmbientLocaleID@CComControlBase@ATL@@QEAAJAEAK@Z 0000000180007480 f i CoinAcceptor.obj
 0001:00006540       ?GetAmbientUserMode@CComControlBase@ATL@@QEAAJAEAH@Z 0000000180007540 f i CoinAcceptor.obj
 0001:00006610       ?GetClassObject@CComModule@ATL@@QEAAJAEBU_GUID@@0PEAPEAX@Z 0000000180007610 f i CoinAcceptor.obj
 0001:00006704       ?GetConnMap@COPOSCoinAcceptor@@SAPEBU_ATL_CONNMAP_ENTRY@ATL@@PEAH@Z 0000000180007704 f i CoinAcceptor.obj
 0001:0000678c       ?GetIDsOfNames@CComTypeInfoHolder@ATL@@QEAAJAEBU_GUID@@PEAPEA_WIKPEAJ@Z 000000018000778c f i CoinAcceptor.obj
 0001:00006904       ?GetPagesHelper@?$ISpecifyPropertyPagesImpl@VCOPOSCoinAcceptor@@@ATL@@IEAAJPEAUtagCAUUID@@PEBUATL_PROPMAP_ENTRY@2@@Z 0000000180007904 f i CoinAcceptor.obj
 0001:00006aa4       ?GetSizeMax@CComVariant@ATL@@QEBAJPEAT_ULARGE_INTEGER@@@Z 0000000180007aa4 f i CoinAcceptor.obj
 0001:00006cd4       ?GetTI@CComTypeInfoHolder@ATL@@QEAAJK@Z 0000000180007cd4 f i CoinAcceptor.obj
 0001:00006fbc       ?GetZoomInfo@CComControlBase@ATL@@QEAAXAEAUATL_DRAWINFO@@@Z 0000000180007fbc f i CoinAcceptor.obj
 0001:00007060       ?HKeyFromString@CRegParser@ATL@@KAPEAUHKEY__@@PEA_W@Z 0000000180008060 f i CoinAcceptor.obj
 0001:000070c4       ?IDataObject_GetData@CComControlBase@ATL@@QEAAJPEAUtagFORMATETC@@PEAUtagSTGMEDIUM@@@Z 00000001800080c4 f i CoinAcceptor.obj
 0001:000072b8       ?IOleInPlaceObject_InPlaceDeactivate@CComControlBase@ATL@@QEAAJXZ 00000001800082b8 f i CoinAcceptor.obj
 0001:00007358       ?IOleInPlaceObject_SetObjectRects@CComControlBase@ATL@@QEAAJPEBUtagRECT@@0@Z 0000000180008358 f i CoinAcceptor.obj
 0001:00007448       ?IOleInPlaceObject_UIDeactivate@CComControlBase@ATL@@QEAAJXZ 0000000180008448 f i CoinAcceptor.obj
 0001:00007554       ?IOleObject_Close@CComControlBase@ATL@@QEAAJK@Z 0000000180008554 f i CoinAcceptor.obj
 0001:0000766c       ?IOleObject_SetClientSite@CComControlBase@ATL@@QEAAJPEAUIOleClientSite@@@Z 000000018000866c f i CoinAcceptor.obj
 0001:000076e4       ?IOleObject_SetExtent@CComControlBase@ATL@@QEAAJKPEAUtagSIZE@@@Z 00000001800086e4 f i CoinAcceptor.obj
 0001:0000777c       ?IPSI_GetIPersistStreamInit@?$IPersistStorageImpl@VCOPOSCoinAcceptor@@@ATL@@AEAAPEAUIPersistStreamInit@@XZ 000000018000877c f i CoinAcceptor.obj
 0001:00007864       ?IPersistStreamInit_Load@?$IPersistStreamInitImpl@VCOPOSCoinAcceptor@@@ATL@@QEAAJPEAUIStream@@PEBUATL_PROPMAP_ENTRY@2@@Z 0000000180008864 f i CoinAcceptor.obj
 0001:00007b90       ?IPersistStreamInit_Save@?$IPersistStreamInitImpl@VCOPOSCoinAcceptor@@@ATL@@QEAAJPEAUIStream@@HPEBUATL_PROPMAP_ENTRY@2@@Z 0000000180008b90 f i CoinAcceptor.obj
 0001:00007e30       ?IQuickActivate_QuickActivate@CComControlBase@ATL@@QEAAJPEAUtagQACONTAINER@@PEAUtagQACONTROL@@@Z 0000000180008e30 f i CoinAcceptor.obj
 0001:000080f4       ?IViewObject_Draw@CComControlBase@ATL@@QEAAJKJPEAXPEAUtagDVTARGETDEVICE@@PEAUHDC__@@2PEBU_RECTL@@3@Z 00000001800090f4 f i CoinAcceptor.obj
 0001:00008208       ?InPlaceActivate@CComControlBase@ATL@@QEAAJJPEBUtagRECT@@@Z 0000000180009208 f i CoinAcceptor.obj
 0001:0000853c       ?Init@?$CComEnumImpl@UIEnumConnectionPoints@@$1?_GUID_b196b285_bab4_101a_b69c_00aa00341d07@@3U__s_GUID@@BPEAUIConnectionPoint@@V?$_CopyInterface@UIConnectionPoint@@@ATL@@@ATL@@QEAAJPEAPEAUIConnectionPoint@@0PEAUIUnknown@@W4CComEnumFlags@2@@Z 000000018000953c f i CoinAcceptor.obj
 0001:0000865c       ?Init@?$CComEnumImpl@UIEnumConnections@@$1?_GUID_b196b287_bab4_101a_b69c_00aa00341d07@@3U__s_GUID@@BUtagCONNECTDATA@@V?$_Copy@UtagCONNECTDATA@@@ATL@@@ATL@@QEAAJPEAUtagCONNECTDATA@@0PEAUIUnknown@@W4CComEnumFlags@2@@Z 000000018000965c f i CoinAcceptor.obj
 0001:00008780       ?IsEqualObject@?$CComPtrBase@UIOleClientSite@@@ATL@@QEAA_NPEAUIUnknown@@@Z 0000000180009780 f i CoinAcceptor.obj
 0001:0000880c       ?LoadNameCache@CComTypeInfoHolder@ATL@@QEAAJPEAUITypeInfo@@@Z 000000018000980c f i CoinAcceptor.obj
 0001:0000898c       ?Lookup@?$CSimpleMap@PEA_WPEA_WVCExpansionVectorEqualHelper@ATL@@@ATL@@QEBAPEA_WAEBQEA_W@Z 000000018000998c f i CoinAcceptor.obj
 0001:00008a14       ?NextToken@CRegParser@ATL@@IEAAJPEA_W@Z 0000000180009a14 f i CoinAcceptor.obj
 0001:00008bcc       ?OnKillFocus@CComControlBase@ATL@@QEAA_JI_K_JAEAH@Z 0000000180009bcc f i CoinAcceptor.obj
 0001:00008c68       ?OnMouseActivate@CComControlBase@ATL@@QEAA_JI_K_JAEAH@Z 0000000180009c68 f i CoinAcceptor.obj
 0001:00008d08       ?OnPaint@CComControlBase@ATL@@QEAA_JI_K_JAEAH@Z 0000000180009d08 f i CoinAcceptor.obj
 0001:00008df4       ?OnSetFocus@CComControlBase@ATL@@QEAA_JI_K_JAEAH@Z 0000000180009df4 f i CoinAcceptor.obj
 0001:00008ef0       ?PreProcessBuffer@CRegParser@ATL@@QEAAJPEA_WPEAPEA_W@Z 0000000180009ef0 f i CoinAcceptor.obj
 0001:0000927c       ?ProcessWindowMessage@?$CComControl@VCOPOSCoinAcceptor@@V?$CWindowImpl@VCOPOSCoinAcceptor@@VCWindow@ATL@@V?$CWinTraits@$0FGAAAAAA@$0A@@3@@ATL@@@ATL@@UEAAHPEAUHWND__@@I_K_JAEA_JK@Z 000000018000a27c f i CoinAcceptor.obj
 0001:00009360       ?ReadFromStream@CComBSTR@ATL@@QEAAJPEAUIStream@@@Z 000000018000a360 f i CoinAcceptor.obj
 0001:000094b0       ?ReadFromStream@CComVariant@ATL@@QEAAJPEAUIStream@@GTClassesAllowedInStream@2@K@Z 000000018000a4b0 f i CoinAcceptor.obj
 0001:000096d4       ?RecurseDeleteKey@CRegKey@ATL@@QEAAJPEB_W@Z 000000018000a6d4 f i CoinAcceptor.obj
 0001:0000982c       ?RegCreateKeyExW@CAtlTransactionManager@ATL@@QEAAJPEAUHKEY__@@PEB_WKPEA_WKKQEAU_SECURITY_ATTRIBUTES@@PEAPEAU3@PEAK@Z 000000018000a82c f i CoinAcceptor.obj
 0001:00009960       ?RegDeleteKeyW@CAtlTransactionManager@ATL@@QEAAJPEAUHKEY__@@PEB_W@Z 000000018000a960 f i CoinAcceptor.obj
 0001:000099ec       ?RegOpenKeyExW@CAtlTransactionManager@ATL@@QEAAJPEAUHKEY__@@PEB_WKKPEAPEAU3@@Z 000000018000a9ec f i CoinAcceptor.obj
 0001:00009aa4       ?RegisterBuffer@CRegParser@ATL@@QEAAJPEA_WH@Z 000000018000aaa4 f i CoinAcceptor.obj
 0001:00009c0c       ?RegisterFromResource@CRegObject@ATL@@IEAAJPEB_W00H@Z 000000018000ac0c f i CoinAcceptor.obj
 0001:00009dc8       ?RegisterServer@CComModule@ATL@@QEAAJHPEBU_GUID@@@Z 000000018000adc8 f i CoinAcceptor.obj
 0001:00009e88       ?RegisterSubkeys@CRegParser@ATL@@IEAAJPEA_WPEAUHKEY__@@HH@Z 000000018000ae88 f i CoinAcceptor.obj
 0001:0000a6f4       ?SendOnDataChange@CComControlBase@ATL@@QEAAJK@Z 000000018000b6f4 f i CoinAcceptor.obj
 0001:0000a764       ?SetControlFocus@CComControlBase@ATL@@QEAAHH@Z 000000018000b764 f i CoinAcceptor.obj
 0001:0000a840       ?SkipAssignment@CRegParser@ATL@@IEAAJPEA_W@Z 000000018000b840 f i CoinAcceptor.obj
 0001:0000a8e4       ?Term@CAtlModule@ATL@@QEAAXXZ 000000018000b8e4 f i CoinAcceptor.obj
 0001:0000a964       ?Term@CComModule@ATL@@QEAAXXZ 000000018000b964 f i CoinAcceptor.obj
 0001:0000a9e0       ?UnregisterServer@CComModule@ATL@@QEAAJHPEBU_GUID@@@Z 000000018000b9e0 f i CoinAcceptor.obj
 0001:0000aa90       ?UpdateRegistryFromResource@CAtlModule@ATL@@QEAAJIHPEAU_ATL_REGMAP_ENTRY@2@@Z 000000018000ba90 f i CoinAcceptor.obj
 0001:0000ad9c       ?UpdateRegistryFromResource@CAtlModule@ATL@@QEAAJPEB_WHPEAU_ATL_REGMAP_ENTRY@2@@Z 000000018000bd9c f i CoinAcceptor.obj
 0001:0000b0c0       ?VTFromRegType@CRegParser@ATL@@KAHPEB_WAEAG@Z 000000018000c0c0 f i CoinAcceptor.obj
 0001:0000b15c       ?WindowProc@?$CWindowImplBaseT@VCWindow@ATL@@V?$CWinTraits@$0FGAAAAAA@$0A@@2@@ATL@@SA_JPEAUHWND__@@I_K_J@Z 000000018000c15c f i CoinAcceptor.obj
 0001:0000b2c8       ?WriteToStream@CComVariant@ATL@@QEAAJPEAUIStream@@@Z 000000018000c2c8 f i CoinAcceptor.obj
 0001:0000b544       ?WriteToStream@CComVariant@ATL@@QEAAJPEAUIStream@@G@Z 000000018000c544 f i CoinAcceptor.obj
 0001:0000b5dc       ?_AtlVerifyStackAvailable@_ATL_SAFE_ALLOCA_IMPL@ATL@@YA_N_K@Z 000000018000c5dc f i CoinAcceptor.obj
 0001:0000b660       ?atlCreate@?$CWindowImpl@VCOPOSCoinAcceptor@@VCWindow@ATL@@V?$CWinTraits@$0FGAAAAAA@$0A@@3@@ATL@@QEAAPEAUHWND__@@PEAU3@V_U_RECT@2@PEB_WKKV_U_MENUorID@2@PEAX@Z 000000018000c660 f i CoinAcceptor.obj
 0001:0000b710       ?atlCreate@?$CWindowImplBaseT@VCWindow@ATL@@V?$CWinTraits@$0FGAAAAAA@$0A@@2@@ATL@@QEAAPEAUHWND__@@PEAU3@V_U_RECT@2@PEB_WKKV_U_MENUorID@2@GPEAX@Z 000000018000c710 f i CoinAcceptor.obj
 0001:0000b880       ?ocscpy_s@@YA_NPEA_W_KPEB_W@Z 000000018000c880 f i CoinAcceptor.obj
 0001:0000b930       DllCanUnloadNow            000000018000c930 f   CoinAcceptor.obj
 0001:0000b93c       DllGetClassObject          000000018000c93c f   CoinAcceptor.obj
 0001:0000b954       DllMain                    000000018000c954 f   CoinAcceptor.obj
 0001:0000b9fc       DllRegisterServer          000000018000c9fc f   CoinAcceptor.obj
 0001:0000ba10       DllUnregisterServer        000000018000ca10 f   CoinAcceptor.obj
 0001:0000ba24       __local_stdio_printf_options 000000018000ca24 f i CoinAcceptor.obj
 0001:0000ba2c       swprintf_s                 000000018000ca2c f i CoinAcceptor.obj
 0001:0000ba80       ??0COPOSCoinAcceptor@@QEAA@XZ 000000018000ca80 f   CoinAcceptorImpl.obj
 0001:0000bb44       ??1?$IConnectionPointImpl@VCOPOSCoinAcceptor@@$1?DIID__IOPOSCoinAcceptorEvents@@3U_GUID@@BVCComDynamicUnkArray@ATL@@@ATL@@QEAA@XZ 000000018000cb44 f i CoinAcceptorImpl.obj
 0001:0000bb44       ??1?$IConnectionPointImpl@VCOPOSCoinAcceptor@@$1?IID_IPropertyNotifySink@@3U_GUID@@BVCComDynamicUnkArray@ATL@@@ATL@@QEAA@XZ 000000018000cb44 f i CoinAcceptorImpl.obj
 0001:0000bba0       ??1CComControlBase@ATL@@UEAA@XZ 000000018000cba0 f i CoinAcceptorImpl.obj
 0001:0000bc1c       ??1COPOSCoinAcceptor@@UEAA@XZ 000000018000cc1c f   CoinAcceptorImpl.obj
 0001:0000bc80       ?AdjustCashCounts@COPOSCoinAcceptor@@UEAAJPEA_WPEAJ@Z 000000018000cc80 f   CoinAcceptorImpl.obj
 0001:0000bd08       ?BeginDeposit@COPOSCoinAcceptor@@UEAAJPEAJ@Z 000000018000cd08 f   CoinAcceptorImpl.obj
 0001:0000bd30       ?CheckHealth@COPOSCoinAcceptor@@UEAAJJPEAJ@Z 000000018000cd30 f   CoinAcceptorImpl.obj
 0001:0000bdac       ?ClaimDevice@COPOSCoinAcceptor@@UEAAJJPEAJ@Z 000000018000cdac f   CoinAcceptorImpl.obj
 0001:0000be4c       ?ClearInput@COPOSCoinAcceptor@@UEAAJPEAJ@Z 000000018000ce4c f   CoinAcceptorImpl.obj
 0001:0000be74       ?Close@COPOSCoinAcceptor@@UEAAJPEAJ@Z 000000018000ce74 f   CoinAcceptorImpl.obj
 0001:0000bf2c       ?CompareFirmwareVersion@COPOSCoinAcceptor@@UEAAJPEA_WPEAJ1@Z 000000018000cf2c f   CoinAcceptorImpl.obj
 0001:0000c008       ?DirectIO@COPOSCoinAcceptor@@UEAAJJPEAJPEAPEA_W0@Z 000000018000d008 f   CoinAcceptorImpl.obj
 0001:0000c104       ?DoInvoke@COPOSCoinAcceptor@@IEAAJJPEAVOposVariant@@IHPEAJ_N@Z 000000018000d104 f   CoinAcceptorImpl.obj
 0001:0000c238       ?EndDeposit@COPOSCoinAcceptor@@UEAAJJPEAJ@Z 000000018000d238 f   CoinAcceptorImpl.obj
 0001:0000c2b4       ?EventInit@COPOSCoinAcceptor@@IEAAJXZ 000000018000d2b4 f i CoinAcceptorImpl.obj
 0001:0000c3fc       ?EventUninit@COPOSCoinAcceptor@@IEAAXXZ 000000018000d3fc f i CoinAcceptorImpl.obj
 0001:0000c460       ?EventWindowProc@COPOSCoinAcceptor@@IEAA_JI_K_J@Z 000000018000d460 f i CoinAcceptorImpl.obj
 0001:0000c570       ?FinalConstruct@COPOSCoinAcceptor@@QEAAJXZ 000000018000d570 f   CoinAcceptorImpl.obj
 0001:0000c5ac       ?FixDeposit@COPOSCoinAcceptor@@UEAAJPEAJ@Z 000000018000d5ac f   CoinAcceptorImpl.obj
 0001:0000c5d4       ?FreezeEvents@COPOSCoinAcceptor@@MEAAJH@Z 000000018000d5d4 f   CoinAcceptorImpl.obj
 0001:0000c648       ?GetOposProp@COPOSCoinAcceptor@@IEAAJJPEAJJ@Z 000000018000d648 f   CoinAcceptorImpl.obj
 0001:0000c764       ?GetOposProp@COPOSCoinAcceptor@@IEAAJJPEAPEA_WJ@Z 000000018000d764 f   CoinAcceptorImpl.obj
 0001:0000c890       ?OnDraw@COPOSCoinAcceptor@@MEAAJAEAUATL_DRAWINFO@@@Z 000000018000d890 f   CoinAcceptorImpl.obj
 0001:0000c97c       ?Open@COPOSCoinAcceptor@@UEAAJPEA_WPEAJ@Z 000000018000d97c f   CoinAcceptorImpl.obj
 0001:0000d204       ?PauseDeposit@COPOSCoinAcceptor@@UEAAJJPEAJ@Z 000000018000e204 f   CoinAcceptorImpl.obj
 0001:0000d280       ?ReadCashCounts@COPOSCoinAcceptor@@UEAAJPEAPEA_WPEAFPEAJ@Z 000000018000e280 f   CoinAcceptorImpl.obj
 0001:0000d35c       ?ReleaseDevice@COPOSCoinAcceptor@@UEAAJPEAJ@Z 000000018000e35c f   CoinAcceptorImpl.obj
 0001:0000d3c8       ?ResetStatistics@COPOSCoinAcceptor@@UEAAJPEA_WPEAJ@Z 000000018000e3c8 f   CoinAcceptorImpl.obj
 0001:0000d450       ?RetrieveStatistics@COPOSCoinAcceptor@@UEAAJPEAPEA_WPEAJ@Z 000000018000e450 f   CoinAcceptorImpl.obj
 0001:0000d4d8       ?SOProcessID@COPOSCoinAcceptor@@UEAAJPEAJ@Z 000000018000e4d8 f   CoinAcceptorImpl.obj
 0001:0000d4f4       ?SetCOFreezeEvents@COPOSCoinAcceptor@@IEAAXF@Z 000000018000e4f4 f   CoinAcceptorImpl.obj
 0001:0000d5d8       ?SetOposProp@COPOSCoinAcceptor@@IEAAJJJJ@Z 000000018000e5d8 f   CoinAcceptorImpl.obj
 0001:0000d738       ?SetOposProp@COPOSCoinAcceptor@@IEAAJJPEA_WJ@Z 000000018000e738 f   CoinAcceptorImpl.obj
 0001:0000d890       ?UpdateFirmware@COPOSCoinAcceptor@@UEAAJPEA_WPEAJ@Z 000000018000e890 f   CoinAcceptorImpl.obj
 0001:0000d918       ?UpdateStatistics@COPOSCoinAcceptor@@UEAAJPEA_WPEAJ@Z 000000018000e918 f   CoinAcceptorImpl.obj
 0001:0000d9a0       ?get_BinaryConversion@COPOSCoinAcceptor@@UEAAJPEAJ@Z 000000018000e9a0 f   CoinAcceptorImpl.obj
 0001:0000d9b4       ?get_CapCompareFirmwareVersion@COPOSCoinAcceptor@@UEAAJPEAF@Z 000000018000e9b4 f   CoinAcceptorImpl.obj
 0001:0000d9e8       ?get_CapDiscrepancy@COPOSCoinAcceptor@@UEAAJPEAF@Z 000000018000e9e8 f   CoinAcceptorImpl.obj
 0001:0000da1c       ?get_CapFullSensor@COPOSCoinAcceptor@@UEAAJPEAF@Z 000000018000ea1c f   CoinAcceptorImpl.obj
 0001:0000da50       ?get_CapJamSensor@COPOSCoinAcceptor@@UEAAJPEAF@Z 000000018000ea50 f   CoinAcceptorImpl.obj
 0001:0000da84       ?get_CapNearFullSensor@COPOSCoinAcceptor@@UEAAJPEAF@Z 000000018000ea84 f   CoinAcceptorImpl.obj
 0001:0000dab8       ?get_CapPauseDeposit@COPOSCoinAcceptor@@UEAAJPEAF@Z 000000018000eab8 f   CoinAcceptorImpl.obj
 0001:0000daec       ?get_CapPowerReporting@COPOSCoinAcceptor@@UEAAJPEAJ@Z 000000018000eaec f   CoinAcceptorImpl.obj
 0001:0000db00       ?get_CapRealTimeData@COPOSCoinAcceptor@@UEAAJPEAF@Z 000000018000eb00 f   CoinAcceptorImpl.obj
 0001:0000db34       ?get_CapStatisticsReporting@COPOSCoinAcceptor@@UEAAJPEAF@Z 000000018000eb34 f   CoinAcceptorImpl.obj
 0001:0000db68       ?get_CapUpdateFirmware@COPOSCoinAcceptor@@UEAAJPEAF@Z 000000018000eb68 f   CoinAcceptorImpl.obj
 0001:0000db9c       ?get_CapUpdateStatistics@COPOSCoinAcceptor@@UEAAJPEAF@Z 000000018000eb9c f   CoinAcceptorImpl.obj
 0001:0000dbd0       ?get_CheckHealthText@COPOSCoinAcceptor@@UEAAJPEAPEA_W@Z 000000018000ebd0 f   CoinAcceptorImpl.obj
 0001:0000dbe4       ?get_Claimed@COPOSCoinAcceptor@@UEAAJPEAF@Z 000000018000ebe4 f   CoinAcceptorImpl.obj
 0001:0000dc18       ?get_ControlObjectDescription@COPOSCoinAcceptor@@UEAAJPEAPEA_W@Z 000000018000ec18 f   CoinAcceptorImpl.obj
 0001:0000dc7c       ?get_ControlObjectVersion@COPOSCoinAcceptor@@UEAAJPEAJ@Z 000000018000ec7c f   CoinAcceptorImpl.obj
 0001:0000dc88       ?get_CurrencyCode@COPOSCoinAcceptor@@UEAAJPEAPEA_W@Z 000000018000ec88 f   CoinAcceptorImpl.obj
 0001:0000dc9c       ?get_DataCount@COPOSCoinAcceptor@@UEAAJPEAJ@Z 000000018000ec9c f   CoinAcceptorImpl.obj
 0001:0000dcb0       ?get_DataEventEnabled@COPOSCoinAcceptor@@UEAAJPEAF@Z 000000018000ecb0 f   CoinAcceptorImpl.obj
 0001:0000dce4       ?get_DepositAmount@COPOSCoinAcceptor@@UEAAJPEAJ@Z 000000018000ece4 f   CoinAcceptorImpl.obj
 0001:0000dcf8       ?get_DepositCashList@COPOSCoinAcceptor@@UEAAJPEAPEA_W@Z 000000018000ecf8 f   CoinAcceptorImpl.obj
 0001:0000dd0c       ?get_DepositCodeList@COPOSCoinAcceptor@@UEAAJPEAPEA_W@Z 000000018000ed0c f   CoinAcceptorImpl.obj
 0001:0000dd20       ?get_DepositCounts@COPOSCoinAcceptor@@UEAAJPEAPEA_W@Z 000000018000ed20 f   CoinAcceptorImpl.obj
 0001:0000dd34       ?get_DepositStatus@COPOSCoinAcceptor@@UEAAJPEAJ@Z 000000018000ed34 f   CoinAcceptorImpl.obj
 0001:0000dd48       ?get_DeviceDescription@COPOSCoinAcceptor@@UEAAJPEAPEA_W@Z 000000018000ed48 f   CoinAcceptorImpl.obj
 0001:0000dd5c       ?get_DeviceEnabled@COPOSCoinAcceptor@@UEAAJPEAF@Z 000000018000ed5c f   CoinAcceptorImpl.obj
 0001:0000dd90       ?get_DeviceName@COPOSCoinAcceptor@@UEAAJPEAPEA_W@Z 000000018000ed90 f   CoinAcceptorImpl.obj
 0001:0000dda4       ?get_FreezeEvents@COPOSCoinAcceptor@@UEAAJPEAF@Z 000000018000eda4 f   CoinAcceptorImpl.obj
 0001:0000ddd4       ?get_FullStatus@COPOSCoinAcceptor@@UEAAJPEAJ@Z 000000018000edd4 f   CoinAcceptorImpl.obj
 0001:0000dde8       ?get_OpenResult@COPOSCoinAcceptor@@UEAAJPEAJ@Z 000000018000ede8 f   CoinAcceptorImpl.obj
 0001:0000ddf4       ?get_PowerNotify@COPOSCoinAcceptor@@UEAAJPEAJ@Z 000000018000edf4 f   CoinAcceptorImpl.obj
 0001:0000de08       ?get_PowerState@COPOSCoinAcceptor@@UEAAJPEAJ@Z 000000018000ee08 f   CoinAcceptorImpl.obj
 0001:0000de1c       ?get_RealTimeDataEnabled@COPOSCoinAcceptor@@UEAAJPEAF@Z 000000018000ee1c f   CoinAcceptorImpl.obj
 0001:0000de50       ?get_ResultCode@COPOSCoinAcceptor@@UEAAJPEAJ@Z 000000018000ee50 f   CoinAcceptorImpl.obj
 0001:0000de8c       ?get_ResultCodeExtended@COPOSCoinAcceptor@@UEAAJPEAJ@Z 000000018000ee8c f   CoinAcceptorImpl.obj
 0001:0000dea0       ?get_ServiceObjectDescription@COPOSCoinAcceptor@@UEAAJPEAPEA_W@Z 000000018000eea0 f   CoinAcceptorImpl.obj
 0001:0000deb4       ?get_ServiceObjectVersion@COPOSCoinAcceptor@@UEAAJPEAJ@Z 000000018000eeb4 f   CoinAcceptorImpl.obj
 0001:0000dec8       ?get_State@COPOSCoinAcceptor@@UEAAJPEAJ@Z 000000018000eec8 f   CoinAcceptorImpl.obj
 0001:0000def4       ?put_BinaryConversion@COPOSCoinAcceptor@@UEAAJJ@Z 000000018000eef4 f   CoinAcceptorImpl.obj
 0001:0000df08       ?put_CurrencyCode@COPOSCoinAcceptor@@UEAAJPEA_W@Z 000000018000ef08 f   CoinAcceptorImpl.obj
 0001:0000df1c       ?put_DataEventEnabled@COPOSCoinAcceptor@@UEAAJF@Z 000000018000ef1c f   CoinAcceptorImpl.obj
 0001:0000df34       ?put_DeviceEnabled@COPOSCoinAcceptor@@UEAAJF@Z 000000018000ef34 f   CoinAcceptorImpl.obj
 0001:0000df4c       ?put_FreezeEvents@COPOSCoinAcceptor@@UEAAJF@Z 000000018000ef4c f   CoinAcceptorImpl.obj
 0001:0000df9c       ?put_PowerNotify@COPOSCoinAcceptor@@UEAAJJ@Z 000000018000ef9c f   CoinAcceptorImpl.obj
 0001:0000dfb0       ?s_EventWindowProc@COPOSCoinAcceptor@@KA_JPEAUHWND__@@I_K_J@Z 000000018000efb0 f i CoinAcceptorImpl.obj
 0001:0000e02c       ??_U@YAPEAX_K@Z            000000018000f02c f   LIBCMT:new_array.obj
 0001:0000e034       ??_V@YAXPEAX@Z             000000018000f034 f   LIBCMT:delete_array.obj
 0001:0000e034       ??3@YAXPEAX_K@Z            000000018000f034 f   LIBCMT:delete_scalar_size.obj
 0001:0000e03c       ??_V@YAXPEAX_K@Z           000000018000f03c f   LIBCMT:delete_array_size.obj
 0001:0000e044       __scrt_acquire_startup_lock 000000018000f044 f   LIBCMT:utility.obj
 0001:0000e080       __scrt_dllmain_after_initialize_c 000000018000f080 f   LIBCMT:utility.obj
 0001:0000e0b4       __scrt_dllmain_before_initialize_c 000000018000f0b4 f   LIBCMT:utility.obj
 0001:0000e0cc       __scrt_dllmain_crt_thread_attach 000000018000f0cc f   LIBCMT:utility.obj
 0001:0000e0f4       __scrt_dllmain_crt_thread_detach 000000018000f0f4 f   LIBCMT:utility.obj
 0001:0000e10c       __scrt_dllmain_exception_filter 000000018000f10c f   LIBCMT:utility.obj
 0001:0000e16c       __scrt_dllmain_uninitialize_c 000000018000f16c f   LIBCMT:utility.obj
 0001:0000e19c       __scrt_dllmain_uninitialize_critical 000000018000f19c f   LIBCMT:utility.obj
 0001:0000e1b0       __scrt_initialize_crt      000000018000f1b0 f   LIBCMT:utility.obj
 0001:0000e1fc       __scrt_initialize_onexit_tables 000000018000f1fc f   LIBCMT:utility.obj
 0001:0000e288       __scrt_is_nonwritable_in_current_image 000000018000f288 f   LIBCMT:utility.obj
 0001:0000e320       __scrt_release_startup_lock 000000018000f320 f   LIBCMT:utility.obj
 0001:0000e344       __scrt_uninitialize_crt    000000018000f344 f   LIBCMT:utility.obj
 0001:0000e370       _onexit                    000000018000f370 f   LIBCMT:utility.obj
 0001:0000e3ac       atexit                     000000018000f3ac f   LIBCMT:utility.obj
 0001:0000e3c4       ??3@YAXPEAX@Z              000000018000f3c4 f   LIBCMT:delete_scalar.obj
 0001:0000e4c4       _Init_thread_footer        000000018000f4c4 f   LIBCMT:thread_safe_statics.obj
 0001:0000e524       _Init_thread_header        000000018000f524 f   LIBCMT:thread_safe_statics.obj
 0001:0000e58c       _Init_thread_notify        000000018000f58c f   LIBCMT:thread_safe_statics.obj
 0001:0000e5d0       _Init_thread_wait          000000018000f5d0 f   LIBCMT:thread_safe_statics.obj
 0001:0000e634       __raise_securityfailure    000000018000f634 f   LIBCMT:gs_report.obj
 0001:0000e668       __report_gsfailure         000000018000f668 f   LIBCMT:gs_report.obj
 0001:0000e73c       __report_rangecheckfailure 000000018000f73c f   LIBCMT:gs_report.obj
 0001:0000e750       __report_securityfailure   000000018000f750 f   LIBCMT:gs_report.obj
 0001:0000e8d0       ??2@YAPEAX_KAEBUnothrow_t@std@@@Z 000000018000f8d0 f   LIBCMT:new_scalar_nothrow.obj
 0001:0000e8e4       ??_U@YAPEAX_KAEBUnothrow_t@std@@@Z 000000018000f8e4 f   LIBCMT:new_array_nothrow.obj
 0001:0000e8ec       __GSHandlerCheck           000000018000f8ec f   LIBCMT:gshandler.obj
 0001:0000e90c       __GSHandlerCheckCommon     000000018000f90c f   LIBCMT:gshandler.obj
 0001:0000e968       __GSHandlerCheck_SEH       000000018000f968 f   LIBCMT:gshandlerseh.obj
 0001:0000ea00       _alloca_probe              000000018000fa00 f   LIBCMT:chkstk.obj
 0001:0000ea00       __chkstk                   000000018000fa00 f   LIBCMT:chkstk.obj
 0001:0000ea70       __security_check_cookie    000000018000fa70 f   LIBCMT:amdsecgs.obj
 0001:0000edb4       _DllMainCRTStartup         000000018000fdb4 f   LIBCMT:dll_dllmain.obj
 0001:0000edf4       ??2@YAPEAX_K@Z             000000018000fdf4 f   LIBCMT:new_scalar.obj
 0001:0000ee30       __isa_available_init       000000018000fe30 f   LIBCMT:cpu_disp.obj
 0001:0000efd4       __scrt_is_ucrt_dll_in_use  000000018000ffd4 f   LIBCMT:ucrt_detection.obj
 0001:0000efe0       __crt_debugger_hook        000000018000ffe0 f   LIBCMT:utility_desktop.obj
 0001:0000efe8       __scrt_fastfail            000000018000ffe8 f   LIBCMT:utility_desktop.obj
 0001:0000f134       __security_init_cookie     0000000180010134 f   LIBCMT:gs_support.obj
 0001:0000f1e0       ?__scrt_initialize_type_info@@YAXXZ 00000001800101e0 f   LIBCMT:tncleanup.obj
 0001:0000f1f0       ?__scrt_uninitialize_type_info@@YAXXZ 00000001800101f0 f   LIBCMT:tncleanup.obj
 0001:0000f1fc       __local_stdio_scanf_options 00000001800101fc f i LIBCMT:default_local_stdio_options.obj
 0001:0000f204       __scrt_initialize_default_local_stdio_options 0000000180010204 f   LIBCMT:default_local_stdio_options.obj
 0001:0000f220       __scrt_get_dyn_tls_init_callback 0000000180010220 f   LIBCMT:dyn_tls_init.obj
 0001:0000f228       _RTC_Initialize            0000000180010228 f   LIBCMT:initsect.obj
 0001:0000f264       _RTC_Terminate             0000000180010264 f   LIBCMT:initsect.obj
 0001:0000f2a0       ??0bad_alloc@std@@QEAA@AEBV01@@Z 00000001800102a0 f i LIBCMT:throw_bad_alloc.obj
 0001:0000f2dc       ??0bad_alloc@std@@QEAA@XZ  00000001800102dc f i LIBCMT:throw_bad_alloc.obj
 0001:0000f2fc       ??0bad_array_new_length@std@@QEAA@AEBV01@@Z 00000001800102fc f i LIBCMT:throw_bad_alloc.obj
 0001:0000f338       ??0bad_array_new_length@std@@QEAA@XZ 0000000180010338 f i LIBCMT:throw_bad_alloc.obj
 0001:0000f358       ??0exception@std@@QEAA@AEBV01@@Z 0000000180010358 f i LIBCMT:throw_bad_alloc.obj
 0001:0000f38c       ??1bad_alloc@std@@UEAA@XZ  000000018001038c f i LIBCMT:throw_bad_alloc.obj
 0001:0000f38c       ??1bad_exception@std@@UEAA@XZ 000000018001038c f i libvcruntime:frame.obj
 0001:0000f38c       ??1bad_array_new_length@std@@UEAA@XZ 000000018001038c f i LIBCMT:throw_bad_alloc.obj
 0001:0000f3a0       ??_Gbad_exception@std@@UEAAPEAXI@Z 00000001800103a0 f i libvcruntime:frame.obj
 0001:0000f3a0       ??_Ebad_exception@std@@UEAAPEAXI@Z 00000001800103a0 f i libvcruntime:frame.obj
 0001:0000f3a0       ??_Gbad_alloc@std@@UEAAPEAXI@Z 00000001800103a0 f i LIBCMT:throw_bad_alloc.obj
 0001:0000f3a0       ??_Ebad_array_new_length@std@@UEAAPEAXI@Z 00000001800103a0 f i LIBCMT:throw_bad_alloc.obj
 0001:0000f3a0       ??_Ebad_alloc@std@@UEAAPEAXI@Z 00000001800103a0 f i LIBCMT:throw_bad_alloc.obj
 0001:0000f3a0       ??_Gexception@std@@UEAAPEAXI@Z 00000001800103a0 f i LIBCMT:throw_bad_alloc.obj
 0001:0000f3a0       ??_Gbad_array_new_length@std@@UEAAPEAXI@Z 00000001800103a0 f i LIBCMT:throw_bad_alloc.obj
 0001:0000f3a0       ??_Eexception@std@@UEAAPEAXI@Z 00000001800103a0 f i LIBCMT:throw_bad_alloc.obj
 0001:0000f3e4       ?__scrt_throw_std_bad_alloc@@YAXXZ 00000001800103e4 f   LIBCMT:throw_bad_alloc.obj
 0001:0000f404       ?__scrt_throw_std_bad_array_new_length@@YAXXZ 0000000180010404 f   LIBCMT:throw_bad_alloc.obj
 0001:0000f424       ?what@exception@std@@UEBAPEBDXZ 0000000180010424 f i LIBCMT:throw_bad_alloc.obj
 0001:0000f440       ??_Etype_info@@UEAAPEAXI@Z 0000000180010440 f i LIBCMT:std_type_info_static.obj
 0001:0000f440       ??_Gtype_info@@UEAAPEAXI@Z 0000000180010440 f i LIBCMT:std_type_info_static.obj
 0001:0000f46c       ??0CAtlBaseModule@ATL@@QEAA@XZ 000000018001046c f   atls:atlbase.obj
 0001:0000f514       ??1CAtlBaseModule@ATL@@QEAA@XZ 0000000180010514 f   atls:atlbase.obj
 0001:0000f648       ?__AllocStdCallThunk_cmn@@YAPEAXXZ 0000000180010648 f   atls:atlthunk.obj
 0001:0000f7a0       AtlThunk_AllocateData      00000001800107a0 f   atls:atlthunk.obj
[...]
 0004:000017e8       $pdata$__acrt_fp_format    00000001800367e8     libucrt:cvt.obj
 0004:000017f4       $pdata$?fp_format_e_internal@@YAHQEAD_KH_NIQEAU_strflt@@2QEAU__crt_locale_pointers@@@Z 00000001800367f4     libucrt:cvt.obj
 0004:00001800       $pdata$?fp_format_e@@YAHQEBNQEAD_K12H_NIQEAU__crt_locale_pointers@@W4__acrt_rounding_mode@@@Z 0000000180036800     libucrt:cvt.obj
 0004:0000180c       $pdata$?should_round_up@@YA_NQEBN_KFW4__acrt_rounding_mode@@@Z 000000018003680c     libucrt:cvt.obj
 0004:00001818       $pdata$?fp_format_a@@YAHQEBNPEAD_KQEAD2H_NIQEAU__crt_locale_pointers@@W4__acrt_rounding_mode@@@Z 0000000180036818     libucrt:cvt.obj
 0004:00001824       $pdata$?fp_format_f_internal@@YAHQEAD_KHQEAU_strflt@@_NQEAU__crt_locale_pointers@@@Z 0000000180036824     libucrt:cvt.obj
 0004:00001830       $pdata$?fp_format_g@@YAHQEBNQEAD_K12H_NIQEAU__crt_locale_pointers@@@Z 0000000180036830     libucrt:cvt.obj
 0004:0000183c       $pdata$_fileno             000000018003683c     libucrt:fileno.obj
 0004:00001848       $pdata$__acrt_initialize_stdio 0000000180036848     libucrt:_file.obj
 0004:00001854       $pdata$__acrt_uninitialize_stdio 0000000180036854     libucrt:_file.obj
 0004:00001860       $pdata$__acrt_uninitialize_locale 0000000180036860     libucrt:wsetlocale.obj
 0004:0000186c       $pdata$??$?RV<lambda_410d79af7f07d98d83a3f525b3859a53>@@AEAV<lambda_3e16ef9562a7dcce91392c22ab16ea36>@@V<lambda_38119f0e861e05405d8a144b9b982f0a>@@@?$__crt_seh_guarded_call@X@@QEAAX$$QEAV<lambda_410d79af7f07d98d83a3f525b3859a53>@@AEAV<lambda_3e16ef9562a7dcce91392c22ab16ea36>@@$$QEAV<lambda_38119f0e861e05405d8a144b9b982f0a>@@@Z 000000018003686c     libucrt:wsetlocale.obj
 0004:00001878       $pdata$?fin$0@?0???$?RV<lambda_410d79af7f07d98d83a3f525b3859a53>@@AEAV<lambda_3e16ef9562a7dcce91392c22ab16ea36>@@V<lambda_38119f0e861e05405d8a144b9b982f0a>@@@?$__crt_seh_guarded_call@X@@QEAAX$$QEAV<lambda_410d79af7f07d98d83a3f525b3859a53>@@AEAV<lambda_3e16ef9562a7dcce91392c22ab16ea36>@@$$QEAV<lambda_38119f0e861e05405d8a144b9b982f0a>@@@Z@4HA 0000000180036878     libucrt:wsetlocale.obj
 0004:00001884       $pdata$__acrt_initialize_lowio 0000000180036884     libucrt:ioinit.obj
 0004:00001890       $pdata$__acrt_initialize_lowio$fin$0 0000000180036890     libucrt:ioinit.obj
 0004:00001890       $pdata$__acrt_lowio_ensure_fh_exists$fin$0 0000000180036890     libucrt:osfinfo.obj
 0004:0000189c       $pdata$__acrt_uninitialize_lowio 000000018003689c     libucrt:ioinit.obj
 0004:000018a8       $pdata$?initialize_inherited_file_handles_nolock@@YAXXZ 00000001800368a8     libucrt:ioinit.obj
 0004:000018b4       $pdata$?initialize_stdio_handles_nolock@@YAXXZ 00000001800368b4     libucrt:ioinit.obj
 0004:000018c0       $pdata$__acrt_initialize_locks 00000001800368c0     libucrt:locks.obj
 0004:000018cc       $pdata$__acrt_uninitialize_locks 00000001800368cc     libucrt:locks.obj
 0004:000018d8       $pdata$__acrt_get_process_end_policy 00000001800368d8     libucrt:win_policies.obj
 0004:000018e4       $pdata$??$__acrt_mbs_to_wcs_cp@U__crt_win32_buffer_internal_dynamic_resizing@@@@YAHQEBDAEAV?$__crt_win32_buffer@_WU__crt_win32_buffer_internal_dynamic_resizing@@@@I@Z 00000001800368e4     libucrt:argv_wildcards.obj
 0004:000018f0       $pdata$??$__acrt_wcs_to_mbs_cp@U__crt_win32_buffer_internal_dynamic_resizing@@@@YAHQEB_WAEAV?$__crt_win32_buffer@DU__crt_win32_buffer_internal_dynamic_resizing@@@@I@Z 00000001800368f0     libucrt:argv_wildcards.obj
 0004:000018fc       $pdata$??$common_expand_argv_wildcards@D@@YAHQEAPEADQEAPEAPEAD@Z 00000001800368fc     libucrt:argv_wildcards.obj
 0004:00001908       $pdata$??$copy_and_add_argument_to_buffer@D@@YAHQEBD0_KAEAV?$argument_list@D@?A0x5f5c8891@@@Z 0000000180036908     libucrt:argv_wildcards.obj
 0004:00001914       $pdata$??$expand_argument_wildcards@D@@YAHQEAD0AEAV?$argument_list@D@?A0x5f5c8891@@@Z 0000000180036914     libucrt:argv_wildcards.obj
 0004:00001920       $pdata$__acrt_GetModuleFileNameA 0000000180036920     libucrt:getmodulefilenamea.obj
 0004:0000192c       $pdata$??$__acrt_wcs_to_mbs_cp@U__crt_win32_buffer_no_resizing@@@@YAHQEB_WAEAV?$__crt_win32_buffer@DU__crt_win32_buffer_no_resizing@@@@I@Z 000000018003692c     libucrt:getmodulefilenamea.obj
 0004:00001938       $pdata$__acrt_update_thread_multibyte_data 0000000180036938     libucrt:mbctype.obj
 0004:00001944       $pdata$__acrt_initialize_multibyte 0000000180036944     libucrt:mbctype.obj
 0004:00001950       $pdata$_setmbcp_nolock     0000000180036950     libucrt:mbctype.obj
 0004:0000195c       $pdata$?getSystemCP@@YAHH@Z 000000018003695c     libucrt:mbctype.obj
 0004:00001968       $pdata$?setSBCS@@YAXPEAU__crt_multibyte_data@@@Z 0000000180036968     libucrt:mbctype.obj
 0004:00001974       $pdata$?update_thread_multibyte_data_internal@@YAPEAU__crt_multibyte_data@@QEAU__acrt_ptd@@QEAPEAU1@@Z 0000000180036974     libucrt:mbctype.obj
 0004:00001980       $pdata$?fin$0@?0??update_thread_multibyte_data_internal@@YAPEAU__crt_multibyte_data@@QEAU__acrt_ptd@@QEAPEAU1@@Z@4HA 0000000180036980     libucrt:mbctype.obj
 0004:0000198c       $pdata$?setmbcp_internal@@YAHH_NQEAU__acrt_ptd@@QEAPEAU__crt_multibyte_data@@@Z 000000018003698c     libucrt:mbctype.obj
 0004:00001998       $pdata$?setSBUpLow@@YAXPEAU__crt_multibyte_data@@@Z 0000000180036998     libucrt:mbctype.obj
 0004:000019a4       $pdata$??$?RV<lambda_efdfa57d1f175319df784efa44bb7b81>@@AEAV<lambda_5f0a4c1567f8adc6734073e5d1e1b35c>@@V<lambda_2e8a7d3640ea6ccb4c2413664c2db6fd>@@@?$__crt_seh_guarded_call@X@@QEAAX$$QEAV<lambda_efdfa57d1f175319df784efa44bb7b81>@@AEAV<lambda_5f0a4c1567f8adc6734073e5d1e1b35c>@@$$QEAV<lambda_2e8a7d3640ea6ccb4c2413664c2db6fd>@@@Z 00000001800369a4     libucrt:mbctype.obj
 0004:000019b0       $pdata$?x_ismbbtype_l@@YAHPEAU__crt_locale_pointers@@IHH@Z 00000001800369b0     libucrt:ismbbyte.obj
 0004:000019bc       $pdata$__acrt_initialize_command_line 00000001800369bc     libucrt:argv_data.obj
 0004:000019c8       $pdata$__acrt_WideCharToMultiByte 00000001800369c8     libucrt:widechartomultibyte.obj
 0004:000019d4       $pdata$__dcrt_get_narrow_environment_from_os 00000001800369d4     libucrt:get_environment_from_os.obj
 0004:000019e0       $pdata$__acrt_initialize_heap 00000001800369e0     libucrt:heap_handle.obj
 0004:000019ec       $pdata$__acrt_execute_initializers 00000001800369ec     libucrt:shared_initialization.obj
 0004:000019f8       $pdata$__acrt_execute_uninitializers 00000001800369f8     libucrt:shared_initialization.obj
 0004:00001a04       $pdata$__acrt_get_sigabrt_handler 0000000180036a04     libucrt:signal.obj
 0004:00001a10       $pdata$raise               0000000180036a10     libucrt:signal.obj
 0004:00001a1c       $pdata$raise$fin$0         0000000180036a1c     libucrt:signal.obj
 0004:00001a28       $pdata$??$?RV<lambda_450d765d439847d4c735a33c368b5fc0>@@AEAV<lambda_44731a7d0e6d81c3e6aa82d741081786>@@V<lambda_601a2a7da3b7a96e9554ac7215c4b07c>@@@?$__crt_seh_guarded_call@P6AXH@Z@@QEAAP6AXH@Z$$QEAV<lambda_450d765d439847d4c735a33c368b5fc0>@@AEAV<lambda_44731a7d0e6d81c3e6aa82d741081786>@@$$QEAV<lambda_601a2a7da3b7a96e9554ac7215c4b07c>@@@Z 0000000180036a28     libucrt:signal.obj
 0004:00001a34       $pdata$_fflush_nolock      0000000180036a34     libucrt:fflush.obj
 0004:00001a40       $pdata$__acrt_stdio_flush_nolock 0000000180036a40     libucrt:fflush.obj
 0004:00001a4c       $pdata$?common_flush_all@@YAH_N@Z 0000000180036a4c     libucrt:fflush.obj
 0004:00001a58       $pdata$??$?RV<lambda_842d9ff0dc9ef11c61343bbaebe7f885>@@AEAV<lambda_c5860995281e5c4ce005b3de8f5874ee>@@V<lambda_d90129c13df834fdcbf8d2b88dafcf2d>@@@?$__crt_seh_guarded_call@X@@QEAAX$$QEAV<lambda_842d9ff0dc9ef11c61343bbaebe7f885>@@AEAV<lambda_c5860995281e5c4ce005b3de8f5874ee>@@$$QEAV<lambda_d90129c13df834fdcbf8d2b88dafcf2d>@@@Z 0000000180036a58     libucrt:fflush.obj
 0004:00001a64       $pdata$?fin$0@?0???$?RV<lambda_842d9ff0dc9ef11c61343bbaebe7f885>@@AEAV<lambda_c5860995281e5c4ce005b3de8f5874ee>@@V<lambda_d90129c13df834fdcbf8d2b88dafcf2d>@@@?$__crt_seh_guarded_call@X@@QEAAX$$QEAV<lambda_842d9ff0dc9ef11c61343bbaebe7f885>@@AEAV<lambda_c5860995281e5c4ce005b3de8f5874ee>@@$$QEAV<lambda_d90129c13df834fdcbf8d2b88dafcf2d>@@@Z@4HA 0000000180036a64     libucrt:fflush.obj
 0004:00001a70       $pdata$??$?RV<lambda_886d6c58226a84441f68b9f2b8217b83>@@AEAV<lambda_ab61a845afdef5b7c387490eaf3616ee>@@V<lambda_f7f22ab5edc0698d5f6905b0d3f44752>@@@?$__crt_seh_guarded_call@X@@QEAAX$$QEAV<lambda_886d6c58226a84441f68b9f2b8217b83>@@AEAV<lambda_ab61a845afdef5b7c387490eaf3616ee>@@$$QEAV<lambda_f7f22ab5edc0698d5f6905b0d3f44752>@@@Z 0000000180036a70     libucrt:fflush.obj
 0004:00001a7c       $pdata$?fin$0@?0???$?RV<lambda_886d6c58226a84441f68b9f2b8217b83>@@AEAV<lambda_ab61a845afdef5b7c387490eaf3616ee>@@V<lambda_f7f22ab5edc0698d5f6905b0d3f44752>@@@?$__crt_seh_guarded_call@X@@QEAAX$$QEAV<lambda_886d6c58226a84441f68b9f2b8217b83>@@AEAV<lambda_ab61a845afdef5b7c387490eaf3616ee>@@$$QEAV<lambda_f7f22ab5edc0698d5f6905b0d3f44752>@@@Z@4HA 0000000180036a7c     libucrt:fflush.obj
 0004:00001a88       $pdata$__pctype_func       0000000180036a88     libucrt:ctype.obj
 0004:00001a94       $pdata$iswctype            0000000180036a94     libucrt:iswctype.obj
 0004:00001aa0       $pdata$__acrt_release_locale_ref 0000000180036aa0     libucrt:locale_refcounting.obj
 0004:00001aac       $pdata$__acrt_free_locale  0000000180036aac     libucrt:locale_refcounting.obj
 0004:00001ab8       $pdata$__acrt_locale_free_lc_time_if_unreferenced 0000000180036ab8     libucrt:locale_refcounting.obj
 0004:00001ac4       $pdata$__acrt_update_thread_locale_data 0000000180036ac4     libucrt:locale_refcounting.obj
 0004:00001ad0       $pdata$__acrt_update_thread_locale_data$fin$0 0000000180036ad0     libucrt:locale_refcounting.obj
 0004:00001adc       $pdata$_updatetlocinfoEx_nolock 0000000180036adc     libucrt:locale_refcounting.obj
 0004:00001ae8       $pdata$__acrt_DownlevelLocaleNameToLCID 0000000180036ae8     libucrt:lcidtoname_downlevel.obj
 0004:00001af4       $pdata$_isleadbyte_l       0000000180036af4     libucrt:_wctype.obj
 0004:00001b00       $pdata$?__mbrtowc_utf8@__crt_mbstring@@YA_KPEA_WPEBD_KPEAU_Mbstatet@@@Z 0000000180036b00     libucrt:mbrtowc.obj
 0004:00001b0c       $pdata$?__mbsrtowcs_utf8@__crt_mbstring@@YA_KPEA_WPEAPEBD_KPEAU_Mbstatet@@@Z 0000000180036b0c     libucrt:mbrtowc.obj
 0004:00001b18       $pdata$__acrt_fp_strflt_to_string 0000000180036b18     libucrt:_fptostr.obj
 0004:00001b24       $pdata$memcpy_s            0000000180036b24     libucrt:cfout.obj
 0004:00001b30       $pdata$__acrt_fltout       0000000180036b30     libucrt:cfout.obj
 0004:00001b3c       $pdata$?divide@__crt_strtox@@YA_KAEAUbig_integer@1@AEBU21@@Z 0000000180036b3c     libucrt:cfout.obj
 0004:00001b48       $pdata$0$?divide@__crt_strtox@@YA_KAEAUbig_integer@1@AEBU21@@Z 0000000180036b48     libucrt:cfout.obj
 0004:00001b54       $pdata$1$?divide@__crt_strtox@@YA_KAEAUbig_integer@1@AEBU21@@Z 0000000180036b54     libucrt:cfout.obj
 0004:00001b60       $pdata$fegetround          0000000180036b60     libucrt:fegetround.obj
 0004:00001b6c       $pdata$_fcloseall          0000000180036b6c     libucrt:closeall.obj
 0004:00001b78       $pdata$_fcloseall$fin$0    0000000180036b78     libucrt:closeall.obj
 0004:00001b84       $pdata$__acrt_stdio_free_buffer_nolock 0000000180036b84     libucrt:_freebuf.obj
 0004:00001b90       $pdata$_isatty             0000000180036b90     libucrt:isatty.obj
 0004:00001b9c       $pdata$__acrt_locale_free_monetary 0000000180036b9c     libucrt:initmon.obj
 0004:00001ba8       $pdata$__acrt_locale_free_numeric 0000000180036ba8     libucrt:initnum.obj
 0004:00001bb4       $pdata$__acrt_locale_free_time 0000000180036bb4     libucrt:inittime.obj
 0004:00001bc0       $pdata$?free_crt_array_internal@@YAXQEAPEBX_K@Z 0000000180036bc0     libucrt:inittime.obj
 0004:00001bcc       $pdata$__acrt_GetStringTypeA 0000000180036bcc     libucrt:getstringtypea.obj
 0004:00001bd8       $pdata$_get_osfhandle      0000000180036bd8     libucrt:osfinfo.obj
 0004:00001be4       $pdata$_free_osfhnd        0000000180036be4     libucrt:osfinfo.obj
 0004:00001bf0       $pdata$__acrt_lowio_create_handle_array 0000000180036bf0     libucrt:osfinfo.obj
 0004:00001bfc       $pdata$__acrt_lowio_destroy_handle_array 0000000180036bfc     libucrt:osfinfo.obj
 0004:00001c08       $pdata$__acrt_lowio_ensure_fh_exists 0000000180036c08     libucrt:osfinfo.obj
 0004:00001c14       $pdata$qsort               0000000180036c14     libucrt:qsort.obj
 0004:00001c20       $pdata$4$qsort             0000000180036c20     libucrt:qsort.obj
 0004:00001c2c       $pdata$5$qsort             0000000180036c2c     libucrt:qsort.obj
 0004:00001c38       $pdata$strncpy_s           0000000180036c38     libucrt:strncpy_s.obj
 0004:00001c44       $pdata$strpbrk             0000000180036c44     libucrt:strpbrk.obj
 0004:00001c50       $pdata$fallbackMethod      0000000180036c50     libucrt:strpbrk.obj
 0004:00001c5c       $pdata$_mbsdec_l           0000000180036c5c     libucrt:mbsdec.obj
 0004:00001c68       $pdata$__acrt_LCMapStringA 0000000180036c68     libucrt:lcmapstringa.obj
 0004:00001c74       $pdata$?__acrt_LCMapStringA_stat@@YAHPEAU__crt_locale_pointers@@PEB_WKPEBDHPEADHHH@Z 0000000180036c74     libucrt:lcmapstringa.obj
 0004:00001c80       $pdata$?initialize_multibyte@@YAHXZ 0000000180036c80     libucrt:multibyte_initializer.obj
 0004:00001c8c       $pdata$_commit             0000000180036c8c     libucrt:commit.obj
 0004:00001c98       $pdata$??$?RV<lambda_a37b2b86f63e897a80ea819b0eb08c01>@@AEAV<lambda_38ce7e780aa69e748d6df282ebc68efe>@@V<lambda_99fb1378e971ab6e7edea83e3a7a83a2>@@@?$__crt_seh_guarded_call@H@@QEAAH$$QEAV<lambda_a37b2b86f63e897a80ea819b0eb08c01>@@AEAV<lambda_38ce7e780aa69e748d6df282ebc68efe>@@$$QEAV<lambda_99fb1378e971ab6e7edea83e3a7a83a2>@@@Z 0000000180036c98     libucrt:commit.obj
 0004:00001ca4       $pdata$?fin$0@?0???$?RV<lambda_751a882b2c74d4b022dec766aa51a29a>@@AEAV<lambda_628dfdc04ba53c8bfc02c9951375f3f5>@@V<lambda_f6c7be5f7998530c34de24c7437d6b54>@@@?$__crt_seh_guarded_call@H@@QEAAH$$QEAV<lambda_751a882b2c74d4b022dec766aa51a29a>@@AEAV<lambda_628dfdc04ba53c8bfc02c9951375f3f5>@@$$QEAV<lambda_f6c7be5f7998530c34de24c7437d6b54>@@@Z@4HA 0000000180036ca4     libucrt:close.obj
 0004:00001ca4       $pdata$?fin$0@?0???$?RV<lambda_a37b2b86f63e897a80ea819b0eb08c01>@@AEAV<lambda_38ce7e780aa69e748d6df282ebc68efe>@@V<lambda_99fb1378e971ab6e7edea83e3a7a83a2>@@@?$__crt_seh_guarded_call@H@@QEAAH$$QEAV<lambda_a37b2b86f63e897a80ea819b0eb08c01>@@AEAV<lambda_38ce7e780aa69e748d6df282ebc68efe>@@$$QEAV<lambda_99fb1378e971ab6e7edea83e3a7a83a2>@@@Z@4HA 0000000180036ca4     libucrt:commit.obj
 0004:00001cb0       $pdata$_write              0000000180036cb0     libucrt:write.obj
 0004:00001cbc       $pdata$_write$fin$0        0000000180036cbc     libucrt:write.obj
 0004:00001cc8       $pdata$_write_nolock       0000000180036cc8     libucrt:write.obj
 0004:00001cd4       $pdata$?write_double_translated_ansi_nolock@@YA?AUwrite_result@?A0x17268360@@HQEBDI@Z 0000000180036cd4     libucrt:write.obj
 0004:00001ce0       $pdata$?write_text_ansi_nolock@@YA?AUwrite_result@?A0x17268360@@HQEBDI@Z 0000000180036ce0     libucrt:write.obj
 0004:00001cec       $pdata$?write_text_utf16le_nolock@@YA?AUwrite_result@?A0x17268360@@HQEBDI@Z 0000000180036cec     libucrt:write.obj
 0004:00001cf8       $pdata$?write_text_utf8_nolock@@YA?AUwrite_result@?A0x17268360@@HQEBDI@Z 0000000180036cf8     libucrt:write.obj
 0004:00001d04       $pdata$?__mbrtoc32_utf8@__crt_mbstring@@YA_KPEA_UPEBD_KPEAU_Mbstatet@@@Z 0000000180036d04     libucrt:mbrtoc32.obj
 0004:00001d10       $pdata$_controlfp_s        0000000180036d10     libucrt:contrlfp.obj
 0004:00001d1c       $pdata$fegetenv            0000000180036d1c     libucrt:fegetenv.obj
 0004:00001d28       $pdata$fesetenv            0000000180036d28     libucrt:fesetenv.obj
 0004:00001d34       $pdata$feholdexcept        0000000180036d34     libucrt:feholdexcept.obj
 0004:00001d4c       $pdata$__acrt_fenv_set_control 0000000180036d4c     libucrt:_fenvutils.obj
 0004:00001d58       $pdata$??$common_lseek_nolock@_J@@YA_JH_JH@Z 0000000180036d58     libucrt:lseek.obj
 0004:00001d64       $pdata$fclose              0000000180036d64     libucrt:fclose.obj
 0004:00001d70       $pdata$fclose$fin$0        0000000180036d70     libucrt:fclose.obj
 0004:00001d7c       $pdata$_fclose_nolock      0000000180036d7c     libucrt:fclose.obj
 0004:00001d88       $pdata$_putwch_nolock      0000000180036d88     libucrt:putwch.obj
 0004:00001d94       $pdata$_clearfp            0000000180036d94     libucrt:ieee.obj
 0004:00001da0       $pdata$common_control87    0000000180036da0     libucrt:ieee.obj
 0004:00001dac       $pdata$_ctrlfp$filt$0      0000000180036dac     libucrt:fpctrl.obj
 0004:00001dac       $pdata$common_control87$filt$0 0000000180036dac     libucrt:ieee.obj
 0004:00001db8       $pdata$_call_matherr       0000000180036db8     libucrt:libm_error.obj
 0004:00001dc4       $pdata$_exception_enabled  0000000180036dc4     libucrt:libm_error.obj
 0004:00001dd0       $pdata$_handle_error       0000000180036dd0     libucrt:libm_error.obj
 0004:00001ddc       $pdata$__acrt_initialize_fma3 0000000180036ddc     libucrt:fma3_available.obj
 0004:00001de8       $pdata$_log_special_common 0000000180036de8     libucrt:log_special.obj
 0004:00001df4       $pdata$_log10_special      0000000180036df4     libucrt:log_special.obj
 0004:00001e00       $pdata$_close              0000000180036e00     libucrt:close.obj
 0004:00001e0c       $pdata$_close_nolock       0000000180036e0c     libucrt:close.obj
 0004:00001e18       $pdata$??$?RV<lambda_751a882b2c74d4b022dec766aa51a29a>@@AEAV<lambda_628dfdc04ba53c8bfc02c9951375f3f5>@@V<lambda_f6c7be5f7998530c34de24c7437d6b54>@@@?$__crt_seh_guarded_call@H@@QEAAH$$QEAV<lambda_751a882b2c74d4b022dec766aa51a29a>@@AEAV<lambda_628dfdc04ba53c8bfc02c9951375f3f5>@@$$QEAV<lambda_f6c7be5f7998530c34de24c7437d6b54>@@@Z 0000000180036e18     libucrt:close.obj
 0004:00001e24       $pdata$__dcrt_lowio_ensure_console_output_initialized 0000000180036e24     libucrt:initcon.obj
 0004:00001e30       $pdata$__dcrt_write_console 0000000180036e30     libucrt:initcon.obj
 0004:00001e3c       $pdata$__dcrt_terminate_console_output 0000000180036e3c     libucrt:initcon.obj
 0004:00001e54       $pdata$_set_errno_from_matherr 0000000180036e54     libucrt:fpexcept.obj
 0004:00001e60       $pdata$_raise_exc          0000000180036e60     libucrt:fpexcept.obj
 0004:00001e6c       $pdata$_raise_exc_ex       0000000180036e6c     libucrt:fpexcept.obj
 0004:00001e78       $pdata$_clrfp              0000000180036e78     libucrt:fpctrl.obj
 0004:00001e84       $pdata$_ctrlfp             0000000180036e84     libucrt:fpctrl.obj
 0004:00001e90       $pdata$_statfp             0000000180036e90     libucrt:fpctrl.obj
 0004:00001e9c       $pdata$_set_statfp         0000000180036e9c     libucrt:fpctrl.obj
 0004:00001ea8       $pdata$_IsNonwritableInCurrentImage 0000000180036ea8     LIBCMT:pesect.obj
 0004:00001eb4       $pdata$_IsNonwritableInCurrentImage$filt$0 0000000180036eb4     LIBCMT:pesect.obj
 0005:00000000       MoveSmall                  0000000180037000     libvcruntime:memcpy.obj
 0005:00000050       MsetTab                    0000000180037050     libvcruntime:memset.obj
 0006:00000220       $R000000                   0000000180038220     CoinAcceptor.res
 0006:00000bc8       $R0009A8                   0000000180038bc8     CoinAcceptor.res
 0006:00000cb0       $R000A90                   0000000180038cb0     CoinAcceptor.res
 0006:00000f18       $R000CF8                   0000000180038f18     CoinAcceptor.res
 0006:00001430       $R001210                   0000000180039430     CoinAcceptor.res
 0006:00004130       $R003F10                   000000018003c130     CoinAcceptor.res
 0006:00004168       $R003F48                   000000018003c168     CoinAcceptor.res
