 OPOSCashDrawer

 Timestamp is 5defa87e (Tue Dec 10 23:15:26 2019)

 Preferred load address is 0000000180000000

 Start         Length     Name                   Class
 0001:00000000 000000c0H .text$di                CODE
 0001:000000c0 0001fb90H .text$mn                CODE
 0001:0001fc50 00000020H .text$mn$00             CODE
 0001:0001fc70 00000490H .text$x                 CODE
 0001:00020100 00000078H .text$yd                CODE
 0002:00000000 00000618H .idata$5                DATA
 0002:00000618 00000010H .00cfg                  DATA
 0002:00000628 00000008H .CRT$XCA                DATA
 0002:00000630 00000008H .CRT$XCL                DATA
 0002:00000638 00000020H .CRT$XCU                DATA
 0002:00000658 00000008H .CRT$XCZ                DATA
 0002:00000660 00000008H .CRT$XIA                DATA
 0002:00000668 00000020H .CRT$XIC                DATA
 0002:00000688 00000008H .CRT$XIZ                DATA
 0002:00000690 00000008H .CRT$XLA                DATA
 0002:00000698 00000008H .CRT$XLZ                DATA
 0002:000006a0 00000008H .CRT$XPA                DATA
 0002:000006a8 00000010H .CRT$XPX                DATA
 0002:000006b8 00000008H .CRT$XPXA               DATA
 0002:000006c0 00000008H .CRT$XPZ                DATA
 0002:000006c8 00000008H .CRT$XTA                DATA
 0002:000006d0 00000010H .CRT$XTZ                DATA
 0002:000006d8 00000000H .gfids$y                DATA
 0002:000006e0 0000a2f8H .rdata                  DATA
 0002:0000a9d8 00000028H .rdata$T                DATA
 0002:0000aa00 00000274H .rdata$r                DATA
 0002:0000ac74 0000040cH .rdata$zzzdbg           DATA
 0002:0000b080 00000008H .rtc$IAA                DATA
 0002:0000b088 00000008H .rtc$IZZ                DATA
 0002:0000b090 00000008H .rtc$TAA                DATA
 0002:0000b098 00000008H .rtc$TZZ                DATA
 0002:0000b0a0 00000004H .tls                    DATA
 0002:0000b0a4 00000004H .tls$                   DATA
 0002:0000b0a8 00000008H .tls$ZZZ                DATA
 0002:0000b0b0 00001610H .xdata                  DATA
 0002:0000c6c0 00000150H .xdata$x                DATA
 0002:0000c810 00000008H ATL$__a                 DATA
 0002:0000c818 00000008H ATL$__z                 DATA
 0002:0000c820 000000acH .edata                  DATA
 0002:0000c8cc 00000078H .idata$2                DATA
 0002:0000c944 00000014H .idata$3                DATA
 0002:0000c958 00000618H .idata$4                DATA
 0002:0000cf70 00000c24H .idata$6                DATA
 0003:00000000 00000d88H .data                   DATA
 0003:00000d88 000000c8H .data$r                 DATA
 0003:00000e50 0000140cH .bss                    DATA
 0004:00000000 00001ddcH .pdata                  DATA
 0005:00000000 00000094H _RDATA                  DATA
 0006:00000000 00000220H .rsrc$01                DATA
 0006:00000220 000038d0H .rsrc$02                DATA

  Address         Publics by Value              Rva+Base               Lib:Object

 0000:00000000       __guard_fids_count         0000000000000000     <absolute>
 0000:00000000       __guard_longjmp_count      0000000000000000     <absolute>
 0000:00000000       __hybrid_code_map          0000000000000000     <absolute>
 0000:00000000       __guard_longjmp_table      0000000000000000     <absolute>
 0000:00000000       __guard_iat_count          0000000000000000     <absolute>
 0000:00000000       __volatile_metadata        0000000000000000     <absolute>
 0000:00000000       __guard_iat_table          0000000000000000     <absolute>
 0000:00000000       __hybrid_code_map_count    0000000000000000     <absolute>
 0000:00000000       __enclave_config           0000000000000000     <absolute>
 0000:00000000       ___safe_se_handler_count   0000000000000000     <absolute>
 0000:00000000       __AbsoluteZero             0000000000000000     <absolute>
 0000:00000000       ___safe_se_handler_table   0000000000000000     <absolute>
 0000:00000000       __guard_fids_table         0000000000000000     <absolute>
 0000:00000000       __hybrid_auxiliary_iat     0000000000000000     <absolute>
 0000:00000000       __dynamic_value_reloc_table 0000000000000000     <absolute>
 0000:00000100       __guard_flags              0000000000000100     <absolute>
 0000:00000000       __ImageBase                0000000180000000     <linker-defined>
 0001:000000c0       ?DupWide@_CW@@AEAAXXZ      00000001800010c0 f   CWString.obj
 0001:000000e8       ?cw_dup@@YAXPEBDAEAHAEAPEA_W1@Z 00000001800010e8 f   CWString.obj
 0001:000001c8       ?cw_memcpy@@YAHPEA_WPEBDH@Z 00000001800011c8 f   CWString.obj
 0001:00000214       ?cw_strcpy@@YAHPEA_WPEBD@Z 0000000180001214 f   CWString.obj
 0001:00000228       ??0CAtlComModule@ATL@@QEAA@XZ 0000000180001228 f i OposVariant.obj
 0001:000002a8       ??0CAtlWinModule@ATL@@QEAA@XZ 00000001800012a8 f i OposVariant.obj
 0001:00000314       ??0OposDispParms@@QEAA@PEAVOposVariant@@H@Z 0000000180001314 f   OposVariant.obj
 0001:000003bc       ??1OposDispParms@@QEAA@XZ  00000001800013bc f   OposVariant.obj
 0001:000003d4       ??_Estringdispid@CComTypeInfoHolder@ATL@@QEAAPEAXI@Z 00000001800013d4 f i OposVariant.obj
 0001:00000478       ?AtlWinModuleTerm@ATL@@YAJPEAU_ATL_WIN_MODULE70@1@PEAUHINSTANCE__@@@Z 0000000180001478 f i OposVariant.obj
 0001:00000528       ?ChangeBSTR@OposVariant@@QEAAXPEAPEA_WAEAJ@Z 0000000180001528 f   OposVariant.obj
 0001:00000588       ?ChangeLONG@OposVariant@@QEAAXPEAJAEAJ@Z 0000000180001588 f   OposVariant.obj
 0001:000005e4       ?GetLONG@OposVariant@@QEAAJXZ 00000001800015e4 f   OposVariant.obj
 0001:00000608       ?SetBSTR@OposVariant@@QEAAXPEA_WAEAJ@Z 0000000180001608 f   OposVariant.obj
 0001:00000648       ?SetBSTR_Copy@OposVariant@@QEAAXPEA_WAEAJ@Z 0000000180001648 f   OposVariant.obj
 0001:000006b8       ?SetBSTR_InOutPtr@OposVariant@@QEAA_NPEAPEA_WAEAJ@Z 00000001800016b8 f   OposVariant.obj
 0001:00000708       ?SetDispatch_Ptr@OposVariant@@QEAAXPEAUIDispatch@@AEAJ@Z 0000000180001708 f   OposVariant.obj
 0001:00000760       ?SetLONG@OposVariant@@QEAAXJ@Z 0000000180001760 f   OposVariant.obj
 0001:00000790       ?SetLONG_Ptr@OposVariant@@QEAAXPEAJAEAJ@Z 0000000180001790 f   OposVariant.obj
 0001:000007dc       ?SetString@OposVariant@@QEAAXPEB_WAEAJ@Z 00000001800017dc f   OposVariant.obj
 0001:00000840       ?SetVARIANT_BOOL@OposVariant@@QEAAXF@Z 0000000180001840 f   OposVariant.obj
 0001:00000878       ?Term@CAtlComModule@ATL@@QEAAXXZ 0000000180001878 f i OposVariant.obj
 0001:000008e8       ?_AtlInitializeCriticalSectionEx@ATL@@YAHPEAU_RTL_CRITICAL_SECTION@@KK@Z 00000001800018e8 f i OposVariant.obj
 0001:000008f0       ?_AtlRaiseException@ATL@@YAXKK@Z 00000001800018f0 f i OposVariant.obj
 0001:00000900       ?GetWindowProc@?$CWindowImplBaseT@VCWindow@ATL@@V?$CWinTraits@$0FGAAAAAA@$0A@@2@@ATL@@UEAAP6A_JPEAUHWND__@@I_K_J@ZXZ 0000000180001900 f i CashDrawer.obj
 0001:00000908       ?StartWindowProc@?$CWindowImplBaseT@VCWindow@ATL@@V?$CWinTraits@$0FGAAAAAA@$0A@@2@@ATL@@SA_JPEAUHWND__@@I_K_J@Z 0000000180001908 f i CashDrawer.obj
 0001:000009cc       _guard_check_icall_nop     00000001800019cc f i LIBCMT:guard_support.obj
 0001:000009cc       ?OnFinalMessage@?$CWindowImplBaseT@VCWindow@ATL@@V?$CWinTraits@$0FGAAAAAA@$0A@@2@@ATL@@UEAAXPEAUHWND__@@@Z 00000001800019cc f i CashDrawer.obj
 0001:000009cc       ?ObjectMain@CComObjectRootBase@ATL@@SAX_N@Z 00000001800019cc f i CashDrawer.obj
 0001:000009d0       ?GetTypeInfoCount@?$IDispatchImpl@UIOPOSCashDrawer@@$1?IID_IOPOSCashDrawer@@3U_GUID@@B$1?LIBID_OposCashDrawer_CCO@@3U3@B$00$0A@VCComTypeInfoHolder@ATL@@@ATL@@UEAAJPEAI@Z 00000001800019d0 f i CashDrawer.obj
 0001:000009e4       ?GetTypeInfo@?$IDispatchImpl@UIOPOSCashDrawer@@$1?IID_IOPOSCashDrawer@@3U_GUID@@B$1?LIBID_OposCashDrawer_CCO@@3U3@B$00$0A@VCComTypeInfoHolder@ATL@@@ATL@@UEAAJIKPEAPEAUITypeInfo@@@Z 00000001800019e4 f i CashDrawer.obj
 0001:00000a48       ?GetIDsOfNames@?$IDispatchImpl@UIOPOSCashDrawer@@$1?IID_IOPOSCashDrawer@@3U_GUID@@B$1?LIBID_OposCashDrawer_CCO@@3U3@B$00$0A@VCComTypeInfoHolder@ATL@@@ATL@@UEAAJAEBU_GUID@@PEAPEA_WIKPEAJ@Z 0000000180001a48 f i CashDrawer.obj
 0001:00000a54       ?Invoke@?$IDispatchImpl@UIOPOSCashDrawer@@$1?IID_IOPOSCashDrawer@@3U_GUID@@B$1?LIBID_OposCashDrawer_CCO@@3U3@B$00$0A@VCComTypeInfoHolder@ATL@@@ATL@@UEAAJJAEBU_GUID@@KGPEAUtagDISPPARAMS@@PEAUtagVARIANT@@PEAUtagEXCEPINFO@@PEAI@Z 0000000180001a54 f i CashDrawer.obj
 0001:00000ae4       ?CreateControlWindow@?$CComControl@VCOPOSCashDrawer@@V?$CWindowImpl@VCOPOSCashDrawer@@VCWindow@ATL@@V?$CWinTraits@$0FGAAAAAA@$0A@@3@@ATL@@@ATL@@UEAAPEAUHWND__@@PEAU3@AEAUtagRECT@@@Z 0000000180001ae4 f i CashDrawer.obj
 0001:00000b1c       ?ControlQueryInterface@?$CComControl@VCOPOSCashDrawer@@V?$CWindowImpl@VCOPOSCashDrawer@@VCWindow@ATL@@V?$CWinTraits@$0FGAAAAAA@$0A@@3@@ATL@@@ATL@@UEAAJAEBU_GUID@@PEAPEAX@Z 0000000180001b1c f i CashDrawer.obj
 0001:00000b30       ?GetUserClassID@?$IOleObjectImpl@VCOPOSCashDrawer@@@ATL@@UEAAJPEAU_GUID@@@Z 0000000180001b30 f i CashDrawer.obj
 0001:00000b30       ?GetClassID@?$IPersistStreamInitImpl@VCOPOSCashDrawer@@@ATL@@UEAAJPEAU_GUID@@@Z 0000000180001b30 f i CashDrawer.obj
 0001:00000b30       ?GetClassID@?$IPersistStorageImpl@VCOPOSCashDrawer@@@ATL@@UEAAJPEAU_GUID@@@Z 0000000180001b30 f i CashDrawer.obj
 0001:00000b4c       ?IsDirty@?$IPersistStreamInitImpl@VCOPOSCashDrawer@@@ATL@@UEAAJXZ 0000000180001b4c f i CashDrawer.obj
 0001:00000b68       ?Load@?$IPersistStreamInitImpl@VCOPOSCashDrawer@@@ATL@@UEAAJPEAUIStream@@@Z 0000000180001b68 f i CashDrawer.obj
 0001:00000b80       ?Save@?$IPersistStreamInitImpl@VCOPOSCashDrawer@@@ATL@@UEAAJPEAUIStream@@H@Z 0000000180001b80 f i CashDrawer.obj
 0001:00000b98       ?GetSizeMax@?$IPersistStreamInitImpl@VCOPOSCashDrawer@@@ATL@@UEAAJPEAT_ULARGE_INTEGER@@@Z 0000000180001b98 f i CashDrawer.obj
 0001:00000dc4       ?InitNew@?$IPersistStreamInitImpl@VCOPOSCashDrawer@@@ATL@@UEAAJXZ 0000000180001dc4 f i CashDrawer.obj
 0001:00000ddc       ?GetDataHere@?$IDataObjectImpl@VCOPOSCashDrawer@@@ATL@@UEAAJPEAUtagFORMATETC@@PEAUtagSTGMEDIUM@@@Z 0000000180001ddc f i CashDrawer.obj
 0001:00000ddc       ?OnMnemonic@?$IOleControlImpl@VCOPOSCashDrawer@@@ATL@@UEAAJPEAUtagMSG@@@Z 0000000180001ddc f i CashDrawer.obj
 0001:00000ddc       ?QueryInterface@CRegObject@ATL@@UEAAJAEBU_GUID@@PEAPEAX@Z 0000000180001ddc f i CashDrawer.obj
 0001:00000ddc       ?ContextSensitiveHelp@?$IOleInPlaceActiveObjectImpl@VCOPOSCashDrawer@@@ATL@@UEAAJH@Z 0000000180001ddc f i CashDrawer.obj
 0001:00000ddc       ?SetData@?$IDataObjectImpl@VCOPOSCashDrawer@@@ATL@@UEAAJPEAUtagFORMATETC@@PEAUtagSTGMEDIUM@@H@Z 0000000180001ddc f i CashDrawer.obj
 0001:00000ddc       ?SOOutputCompleteDummy@COPOSCashDrawer@@MEAAJJ@Z 0000000180001ddc f i CashDrawer.obj
 0001:00000ddc       ?ReactivateAndUndo@?$IOleInPlaceObjectWindowlessImpl@VCOPOSCashDrawer@@@ATL@@UEAAJXZ 0000000180001ddc f i CashDrawer.obj
 0001:00000ddc       ?EnumFormatEtc@?$IDataObjectImpl@VCOPOSCashDrawer@@@ATL@@UEAAJKPEAPEAUIEnumFORMATETC@@@Z 0000000180001ddc f i CashDrawer.obj
 0001:00000ddc       ?SetMoniker@?$IOleObjectImpl@VCOPOSCashDrawer@@@ATL@@UEAAJKPEAUIMoniker@@@Z 0000000180001ddc f i CashDrawer.obj
 0001:00000ddc       ?GetClipboardData@?$IOleObjectImpl@VCOPOSCashDrawer@@@ATL@@UEAAJKPEAPEAUIDataObject@@@Z 0000000180001ddc f i CashDrawer.obj
 0001:00000ddc       ?InitFromData@?$IOleObjectImpl@VCOPOSCashDrawer@@@ATL@@UEAAJPEAUIDataObject@@HK@Z 0000000180001ddc f i CashDrawer.obj
 0001:00000ddc       ?SODataDummy@COPOSCashDrawer@@MEAAJJ@Z 0000000180001ddc f i CashDrawer.obj
 0001:00000ddc       ?GetColorSet@?$IViewObjectExImpl@VCOPOSCashDrawer@@@ATL@@UEAAJKJPEAXPEAUtagDVTARGETDEVICE@@PEAUHDC__@@PEAPEAUtagLOGPALETTE@@@Z 0000000180001ddc f i CashDrawer.obj
 0001:00000ddc       ?SOErrorDummy@COPOSCashDrawer@@MEAAJJJJPEAJ@Z 0000000180001ddc f i CashDrawer.obj
 0001:00000ddc       ?ContextSensitiveHelp@?$IOleInPlaceObjectWindowlessImpl@VCOPOSCashDrawer@@@ATL@@UEAAJH@Z 0000000180001ddc f i CashDrawer.obj
 0001:00000ddc       ?GetMoniker@?$IOleObjectImpl@VCOPOSCashDrawer@@@ATL@@UEAAJKKPEAPEAUIMoniker@@@Z 0000000180001ddc f i CashDrawer.obj
 0001:00000ddc       ?SetColorScheme@?$IOleObjectImpl@VCOPOSCashDrawer@@@ATL@@UEAAJPEAUtagLOGPALETTE@@@Z 0000000180001ddc f i CashDrawer.obj
 0001:00000ddc       ?GetDropTarget@?$IOleInPlaceObjectWindowlessImpl@VCOPOSCashDrawer@@@ATL@@UEAAJPEAPEAUIDropTarget@@@Z 0000000180001ddc f i CashDrawer.obj
 0001:00000ddc       ?Freeze@?$IViewObjectExImpl@VCOPOSCashDrawer@@@ATL@@UEAAJKJPEAXPEAK@Z 0000000180001ddc f i CashDrawer.obj
 0001:00000ddc       ?QueryGetData@?$IDataObjectImpl@VCOPOSCashDrawer@@@ATL@@UEAAJPEAUtagFORMATETC@@@Z 0000000180001ddc f i CashDrawer.obj
 0001:00000ddc       ?GetRect@?$IViewObjectExImpl@VCOPOSCashDrawer@@@ATL@@UEAAJKPEAU_RECTL@@@Z 0000000180001ddc f i CashDrawer.obj
 0001:00000ddc       ?GetControlInfo@?$IOleControlImpl@VCOPOSCashDrawer@@@ATL@@UEAAJPEAUtagCONTROLINFO@@@Z 0000000180001ddc f i CashDrawer.obj
 0001:00000ddc       ?GetCanonicalFormatEtc@?$IDataObjectImpl@VCOPOSCashDrawer@@@ATL@@UEAAJPEAUtagFORMATETC@@0@Z 0000000180001ddc f i CashDrawer.obj
 0001:00000ddc       ?Unfreeze@?$IViewObjectExImpl@VCOPOSCashDrawer@@@ATL@@UEAAJK@Z 0000000180001ddc f i CashDrawer.obj
 0001:00000de4       ?EnableModeless@?$IOleInPlaceActiveObjectImpl@VCOPOSCashDrawer@@@ATL@@UEAAJH@Z 0000000180001de4 f i CashDrawer.obj
 0001:00000de4       ?GetObjectDescription@?$CComCoClass@VCOPOSCashDrawer@@$1?CLSID_OPOSCashDrawer@@3U_GUID@@B@ATL@@SAPEB_WXZ 0000000180001de4 f i CashDrawer.obj
 0001:00000de4       ?Release@CRegObject@ATL@@UEAAKXZ 0000000180001de4 f i CashDrawer.obj
 0001:00000de4       ?HandsOffStorage@?$IPersistStorageImpl@VCOPOSCashDrawer@@@ATL@@UEAAJXZ 0000000180001de4 f i CashDrawer.obj
 0001:00000de4       ?Update@?$IOleObjectImpl@VCOPOSCashDrawer@@@ATL@@UEAAJXZ 0000000180001de4 f i CashDrawer.obj
 0001:00000de4       ?GetCategoryMap@CComObjectRootBase@ATL@@SAPEBU_ATL_CATMAP_ENTRY@2@XZ 0000000180001de4 f i CashDrawer.obj
 0001:00000de4       ?SaveCompleted@?$IPersistStorageImpl@VCOPOSCashDrawer@@@ATL@@UEAAJPEAUIStorage@@@Z 0000000180001de4 f i CashDrawer.obj
 0001:00000de4       ?IsUpToDate@?$IOleObjectImpl@VCOPOSCashDrawer@@@ATL@@UEAAJXZ 0000000180001de4 f i CashDrawer.obj
 0001:00000de4       ?ResizeBorder@?$IOleInPlaceActiveObjectImpl@VCOPOSCashDrawer@@@ATL@@UEAAJPEBUtagRECT@@PEAUIOleInPlaceUIWindow@@H@Z 0000000180001de4 f i CashDrawer.obj
 0001:00000de4       ?OnFrameWindowActivate@?$IOleInPlaceActiveObjectImpl@VCOPOSCashDrawer@@@ATL@@UEAAJH@Z 0000000180001de4 f i CashDrawer.obj
 0001:00000de4       ?OnAmbientPropertyChange@?$IOleControlImpl@VCOPOSCashDrawer@@@ATL@@UEAAJJ@Z 0000000180001de4 f i CashDrawer.obj
 0001:00000de4       ?SetHostNames@?$IOleObjectImpl@VCOPOSCashDrawer@@@ATL@@UEAAJPEB_W0@Z 0000000180001de4 f i CashDrawer.obj
 0001:00000de8       ?SetClientSite@?$IOleObjectImpl@VCOPOSCashDrawer@@@ATL@@UEAAJPEAUIOleClientSite@@@Z 0000000180001de8 f i CashDrawer.obj
 0001:00000e04       ?GetClientSite@?$IOleObjectImpl@VCOPOSCashDrawer@@@ATL@@UEAAJPEAPEAUIOleClientSite@@@Z 0000000180001e04 f i CashDrawer.obj
 0001:00000e4c       ?Close@?$IOleObjectImpl@VCOPOSCashDrawer@@@ATL@@UEAAJK@Z 0000000180001e4c f i CashDrawer.obj
 0001:00000e68       ?DoVerb@?$IOleObjectImpl@VCOPOSCashDrawer@@@ATL@@UEAAJJPEAUtagMSG@@PEAUIOleClientSite@@JPEAUHWND__@@PEBUtagRECT@@@Z 0000000180001e68 f i CashDrawer.obj
 0001:0000100c       ?EnumVerbs@?$IOleObjectImpl@VCOPOSCashDrawer@@@ATL@@UEAAJPEAPEAUIEnumOLEVERB@@@Z 000000018000200c f i CashDrawer.obj
 0001:00001028       ?GetUserType@?$IOleObjectImpl@VCOPOSCashDrawer@@@ATL@@UEAAJKPEAPEA_W@Z 0000000180002028 f i CashDrawer.obj
 0001:00001038       ?SetExtent@?$IOleObjectImpl@VCOPOSCashDrawer@@@ATL@@UEAAJKPEAUtagSIZE@@@Z 0000000180002038 f i CashDrawer.obj
 0001:00001054       ?GetExtent@?$IOleObjectImpl@VCOPOSCashDrawer@@@ATL@@UEAAJKPEAUtagSIZE@@@Z 0000000180002054 f i CashDrawer.obj
 0001:00001084       ?Advise@?$IOleObjectImpl@VCOPOSCashDrawer@@@ATL@@UEAAJPEAUIAdviseSink@@PEAK@Z 0000000180002084 f i CashDrawer.obj
 0001:000010e0       ?Unadvise@?$IOleObjectImpl@VCOPOSCashDrawer@@@ATL@@UEAAJK@Z 00000001800020e0 f i CashDrawer.obj
 0001:00001118       ?EnumAdvise@?$IOleObjectImpl@VCOPOSCashDrawer@@@ATL@@UEAAJPEAPEAUIEnumSTATDATA@@@Z 0000000180002118 f i CashDrawer.obj
 0001:00001160       ?GetMiscStatus@?$IOleObjectImpl@VCOPOSCashDrawer@@@ATL@@UEAAJKPEAK@Z 0000000180002160 f i CashDrawer.obj
 0001:00001170       ?GetWindow@?$IOleInPlaceActiveObjectImpl@VCOPOSCashDrawer@@@ATL@@UEAAJPEAPEAUHWND__@@@Z 0000000180002170 f i CashDrawer.obj
 0001:000011c4       ?TranslateAcceleratorW@?$IOleInPlaceActiveObjectImpl@VCOPOSCashDrawer@@@ATL@@UEAAJPEAUtagMSG@@@Z 00000001800021c4 f i CashDrawer.obj
 0001:000012b8       ?OnDocWindowActivate@?$IOleInPlaceActiveObjectImpl@VCOPOSCashDrawer@@@ATL@@UEAAJH@Z 00000001800022b8 f i CashDrawer.obj
 0001:000012e4       ?Draw@?$IViewObjectExImpl@VCOPOSCashDrawer@@@ATL@@UEAAJKJPEAXPEAUtagDVTARGETDEVICE@@PEAUHDC__@@2PEBU_RECTL@@3P6AH_K@Z4@Z 00000001800022e4 f i CashDrawer.obj
 0001:00001348       ?SetAdvise@?$IViewObjectExImpl@VCOPOSCashDrawer@@@ATL@@UEAAJKKPEAUIAdviseSink@@@Z 0000000180002348 f i CashDrawer.obj
 0001:0000139c       ?GetAdvise@?$IViewObjectExImpl@VCOPOSCashDrawer@@@ATL@@UEAAJPEAK0PEAPEAUIAdviseSink@@@Z 000000018000239c f i CashDrawer.obj
 0001:000013d8       ?GetExtent@?$IViewObjectExImpl@VCOPOSCashDrawer@@@ATL@@UEAAJKJPEAUtagDVTARGETDEVICE@@PEAUtagSIZE@@@Z 00000001800023d8 f i CashDrawer.obj
 0001:00001408       ?GetViewStatus@?$IViewObjectExImpl@VCOPOSCashDrawer@@@ATL@@UEAAJPEAK@Z 0000000180002408 f i CashDrawer.obj
 0001:0000141c       ?QueryHitPoint@?$IViewObjectExImpl@VCOPOSCashDrawer@@@ATL@@UEAAJKPEBUtagRECT@@UtagPOINT@@JPEAK@Z 000000018000241c f i CashDrawer.obj
 0001:00001460       ?QueryHitRect@?$IViewObjectExImpl@VCOPOSCashDrawer@@@ATL@@UEAAJKPEBUtagRECT@@0JPEAK@Z 0000000180002460 f i CashDrawer.obj
 0001:000014c8       ?GetNaturalExtent@?$IViewObjectExImpl@VCOPOSCashDrawer@@@ATL@@UEAAJKJPEAUtagDVTARGETDEVICE@@PEAUHDC__@@PEAUtagExtentInfo@@PEAUtagSIZE@@@Z 00000001800024c8 f i CashDrawer.obj
 0001:00001510       ?GetWindow@?$IOleInPlaceObjectWindowlessImpl@VCOPOSCashDrawer@@@ATL@@UEAAJPEAPEAUHWND__@@@Z 0000000180002510 f i CashDrawer.obj
 0001:00001564       ?InPlaceDeactivate@?$IOleInPlaceObjectWindowlessImpl@VCOPOSCashDrawer@@@ATL@@UEAAJXZ 0000000180002564 f i CashDrawer.obj
 0001:00001580       ?UIDeactivate@?$IOleInPlaceObjectWindowlessImpl@VCOPOSCashDrawer@@@ATL@@UEAAJXZ 0000000180002580 f i CashDrawer.obj
 0001:0000159c       ?SetObjectRects@?$IOleInPlaceObjectWindowlessImpl@VCOPOSCashDrawer@@@ATL@@UEAAJPEBUtagRECT@@0@Z 000000018000259c f i CashDrawer.obj
 0001:000015b8       ?OnWindowMessage@?$IOleInPlaceObjectWindowlessImpl@VCOPOSCashDrawer@@@ATL@@UEAAJI_K_JPEA_J@Z 00000001800025b8 f i CashDrawer.obj
 0001:00001680       ?EnumConnectionPoints@?$IConnectionPointContainerImpl@VCOPOSCashDrawer@@@ATL@@UEAAJPEAPEAUIEnumConnectionPoints@@@Z 0000000180002680 f i CashDrawer.obj
 0001:000018c4       ?FindConnectionPoint@?$IConnectionPointContainerImpl@VCOPOSCashDrawer@@@ATL@@UEAAJAEBU_GUID@@PEAPEAUIConnectionPoint@@@Z 00000001800028c4 f i CashDrawer.obj
 0001:00001994       ?IsDirty@?$IPersistStorageImpl@VCOPOSCashDrawer@@@ATL@@UEAAJXZ 0000000180002994 f i CashDrawer.obj
 0001:000019d8       ?InitNew@?$IPersistStorageImpl@VCOPOSCashDrawer@@@ATL@@UEAAJPEAUIStorage@@@Z 00000001800029d8 f i CashDrawer.obj
 0001:00001a1c       ?Load@?$IPersistStorageImpl@VCOPOSCashDrawer@@@ATL@@UEAAJPEAUIStorage@@@Z 0000000180002a1c f i CashDrawer.obj
 0001:00001abc       ?Save@?$IPersistStorageImpl@VCOPOSCashDrawer@@@ATL@@UEAAJPEAUIStorage@@H@Z 0000000180002abc f i CashDrawer.obj
 0001:00001b6c       ?GetPages@?$ISpecifyPropertyPagesImpl@VCOPOSCashDrawer@@@ATL@@UEAAJPEAUtagCAUUID@@@Z 0000000180002b6c f i CashDrawer.obj
 0001:00001b78       ?QuickActivate@?$IQuickActivateImpl@VCOPOSCashDrawer@@@ATL@@UEAAJPEAUtagQACONTAINER@@PEAUtagQACONTROL@@@Z 0000000180002b78 f i CashDrawer.obj
 0001:00001b94       ?SetContentExtent@?$IQuickActivateImpl@VCOPOSCashDrawer@@@ATL@@UEAAJPEAUtagSIZE@@@Z 0000000180002b94 f i CashDrawer.obj
 0001:00001bc8       ?GetContentExtent@?$IQuickActivateImpl@VCOPOSCashDrawer@@@ATL@@UEAAJPEAUtagSIZE@@@Z 0000000180002bc8 f i CashDrawer.obj
 0001:00001c00       ?GetData@?$IDataObjectImpl@VCOPOSCashDrawer@@@ATL@@UEAAJPEAUtagFORMATETC@@PEAUtagSTGMEDIUM@@@Z 0000000180002c00 f i CashDrawer.obj
 0001:00001c1c       ?DAdvise@?$IDataObjectImpl@VCOPOSCashDrawer@@@ATL@@UEAAJPEAUtagFORMATETC@@KPEAUIAdviseSink@@PEAK@Z 0000000180002c1c f i CashDrawer.obj
 0001:00001ca4       ?DUnadvise@?$IDataObjectImpl@VCOPOSCashDrawer@@@ATL@@UEAAJK@Z 0000000180002ca4 f i CashDrawer.obj
 0001:00001cd0       ?EnumDAdvise@?$IDataObjectImpl@VCOPOSCashDrawer@@@ATL@@UEAAJPEAPEAUIEnumSTATDATA@@@Z 0000000180002cd0 f i CashDrawer.obj
 0001:00001d0c       ?GetClassInfoW@?$IProvideClassInfo2Impl@$1?CLSID_OPOSCashDrawer@@3U_GUID@@B$1?DIID__IOPOSCashDrawerEvents@@3U2@B$1?LIBID_OposCashDrawer_CCO@@3U2@B$00$0A@VCComTypeInfoHolder@ATL@@@ATL@@UEAAJPEAPEAUITypeInfo@@@Z 0000000180002d0c f i CashDrawer.obj
 0001:00001d64       ?GetGUID@?$IProvideClassInfo2Impl@$1?CLSID_OPOSCashDrawer@@3U_GUID@@B$1?DIID__IOPOSCashDrawerEvents@@3U2@B$1?LIBID_OposCashDrawer_CCO@@3U2@B$00$0A@VCComTypeInfoHolder@ATL@@@ATL@@UEAAJKPEAU_GUID@@@Z 0000000180002d64 f i CashDrawer.obj
 0001:00001d98       _get_startup_argv_mode     0000000180002d98 f i LIBCMT:argv_mode.obj
 0001:00001d98       ?AddRef@CRegObject@ATL@@UEAAKXZ 0000000180002d98 f i CashDrawer.obj
 0001:00001d98       ?FAccessAllowed@?$IObjectSafetyImpl@VCOPOSCashDrawer@@$02@ATL@@MEAAHXZ 0000000180002d98 f i CashDrawer.obj
 0001:00001da0       ?GetInterfaceSafetyOptions@?$IObjectSafetyImpl@VCOPOSCashDrawer@@$02@ATL@@UEAAJAEBU_GUID@@PEAK1@Z 0000000180002da0 f i CashDrawer.obj
 0001:00001e34       ?SetInterfaceSafetyOptions@?$IObjectSafetyImpl@VCOPOSCashDrawer@@$02@ATL@@UEAAJAEBU_GUID@@KK@Z 0000000180002e34 f i CashDrawer.obj
 0001:00001ed8       ?_LocCPQueryInterface@?$IConnectionPointImpl@VCOPOSCashDrawer@@$1?DIID__IOPOSCashDrawerEvents@@3U_GUID@@BVCComDynamicUnkArray@ATL@@@ATL@@UEAAJAEBU_GUID@@PEAPEAX@Z 0000000180002ed8 f i CashDrawer.obj
 0001:00001ed8       ?_LocCPQueryInterface@?$IConnectionPointImpl@VCOPOSCashDrawer@@$1?IID_IPropertyNotifySink@@3U_GUID@@BVCComDynamicUnkArray@ATL@@@ATL@@UEAAJAEBU_GUID@@PEAPEAX@Z 0000000180002ed8 f i CashDrawer.obj
 0001:00001f4c       ?GetConnectionInterface@?$IConnectionPointImpl@VCOPOSCashDrawer@@$1?IID_IPropertyNotifySink@@3U_GUID@@BVCComDynamicUnkArray@ATL@@@ATL@@UEAAJPEAU_GUID@@@Z 0000000180002f4c f i CashDrawer.obj
 0001:00001f68       ?GetConnectionPointContainer@?$IConnectionPointImpl@VCOPOSCashDrawer@@$1?IID_IPropertyNotifySink@@3U_GUID@@BVCComDynamicUnkArray@ATL@@@ATL@@UEAAJPEAPEAUIConnectionPointContainer@@@Z 0000000180002f68 f i CashDrawer.obj
 0001:00001f88       ?Advise@?$IConnectionPointImpl@VCOPOSCashDrawer@@$1?DIID__IOPOSCashDrawerEvents@@3U_GUID@@BVCComDynamicUnkArray@ATL@@@ATL@@UEAAJPEAUIUnknown@@PEAK@Z 0000000180002f88 f i CashDrawer.obj
 0001:00001f88       ?Advise@?$IConnectionPointImpl@VCOPOSCashDrawer@@$1?IID_IPropertyNotifySink@@3U_GUID@@BVCComDynamicUnkArray@ATL@@@ATL@@UEAAJPEAUIUnknown@@PEAK@Z 0000000180002f88 f i CashDrawer.obj
 0001:00002048       ?Unadvise@?$IConnectionPointImpl@VCOPOSCashDrawer@@$1?DIID__IOPOSCashDrawerEvents@@3U_GUID@@BVCComDynamicUnkArray@ATL@@@ATL@@UEAAJK@Z 0000000180003048 f i CashDrawer.obj
 0001:00002048       ?Unadvise@?$IConnectionPointImpl@VCOPOSCashDrawer@@$1?IID_IPropertyNotifySink@@3U_GUID@@BVCComDynamicUnkArray@ATL@@@ATL@@UEAAJK@Z 0000000180003048 f i CashDrawer.obj
 0001:000020c4       ?EnumConnections@?$IConnectionPointImpl@VCOPOSCashDrawer@@$1?DIID__IOPOSCashDrawerEvents@@3U_GUID@@BVCComDynamicUnkArray@ATL@@@ATL@@UEAAJPEAPEAUIEnumConnections@@@Z 00000001800030c4 f i CashDrawer.obj
 0001:000020c4       ?EnumConnections@?$IConnectionPointImpl@VCOPOSCashDrawer@@$1?IID_IPropertyNotifySink@@3U_GUID@@BVCComDynamicUnkArray@ATL@@@ATL@@UEAAJPEAPEAUIEnumConnections@@@Z 00000001800030c4 f i CashDrawer.obj
 0001:0000227c       ?GetConnectionInterface@?$IConnectionPointImpl@VCOPOSCashDrawer@@$1?DIID__IOPOSCashDrawerEvents@@3U_GUID@@BVCComDynamicUnkArray@ATL@@@ATL@@UEAAJPEAU_GUID@@@Z 000000018000327c f i CashDrawer.obj
 0001:00002298       ?GetConnectionPointContainer@?$IConnectionPointImpl@VCOPOSCashDrawer@@$1?DIID__IOPOSCashDrawerEvents@@3U_GUID@@BVCComDynamicUnkArray@ATL@@@ATL@@UEAAJPEAPEAUIConnectionPointContainer@@@Z 0000000180003298 f i CashDrawer.obj
 0001:000022b8       ?UpdateRegistry@COPOSCashDrawer@@SAJH@Z 00000001800032b8 f i CashDrawer.obj
 0001:000022d0       ?ProcessWindowMessage@COPOSCashDrawer@@UEAAHPEAUHWND__@@I_K_JAEA_JK@Z 00000001800032d0 f i CashDrawer.obj
 0001:00002358       ?SODirectIO@COPOSCashDrawer@@MEAAJJPEAJPEAPEA_W@Z 0000000180003358 f i CashDrawer.obj
 0001:000023d0       ?SOStatusUpdate@COPOSCashDrawer@@MEAAJJ@Z 00000001800033d0 f i CashDrawer.obj
 0001:00002420       ?Lock@CAtlModule@ATL@@UEAAJXZ 0000000180003420 f i CashDrawer.obj
 0001:00002430       ?Unlock@CAtlModule@ATL@@UEAAJXZ 0000000180003430 f i CashDrawer.obj
 0001:0000243c       ?GetLockCount@CAtlModule@ATL@@UEAAJXZ 000000018000343c f i CashDrawer.obj
 0001:00002440       ?GetGITPtr@CAtlModule@ATL@@UEAAJPEAPEAUIGlobalInterfaceTable@@@Z 0000000180003440 f i CashDrawer.obj
 0001:000024b0       ?CreateInstance@?$CComCreator@V?$CComObjectCached@VCComClassFactory@ATL@@@ATL@@@ATL@@SAJPEAXAEBU_GUID@@PEAPEAX@Z 00000001800034b0 f i CashDrawer.obj
 0001:000025dc       ?CreateInstance@?$CComCreator2@V?$CComCreator@V?$CComObject@VCOPOSCashDrawer@@@ATL@@@ATL@@V?$CComCreator@V?$CComAggObject@VCOPOSCashDrawer@@@ATL@@@2@@ATL@@SAJPEAXAEBU_GUID@@PEAPEAX@Z 00000001800035dc f i CashDrawer.obj
 0001:000025ec       ?AddRef@?$CComObjectCached@VCComClassFactory@ATL@@@ATL@@UEAAKXZ 00000001800035ec f i CashDrawer.obj
 0001:00002618       ?Release@?$CComObjectCached@VCComClassFactory@ATL@@@ATL@@UEAAKXZ 0000000180003618 f i CashDrawer.obj
 0001:00002658       ?QueryInterface@?$CComObjectCached@VCComClassFactory@ATL@@@ATL@@UEAAJAEBU_GUID@@PEAPEAX@Z 0000000180003658 f i CashDrawer.obj
 0001:0000266c       ??_E?$CComObjectCached@VCComClassFactory@ATL@@@ATL@@UEAAPEAXI@Z 000000018000366c f i CashDrawer.obj
 0001:0000266c       ??_G?$CComObjectCached@VCComClassFactory@ATL@@@ATL@@UEAAPEAXI@Z 000000018000366c f i CashDrawer.obj
 0001:000026c4       ?AddCommonRGSReplacements@?$CAtlModuleT@VCComModule@ATL@@@ATL@@UEAAJPEAUIRegistrarBase@@@Z 00000001800036c4 f i CashDrawer.obj
 0001:000026dc       ?UpdateRegistryFromResourceD@CComModule@ATL@@UEAAJIHPEAU_ATL_REGMAP_ENTRY@2@@Z 00000001800036dc f i CashDrawer.obj
 0001:000026dc       ?UpdateRegistryFromResourceD@CComModule@ATL@@UEAAJPEB_WHPEAU_ATL_REGMAP_ENTRY@2@@Z 00000001800036dc f i CashDrawer.obj
 0001:000026e4       ?UpdateRegistryFromResource@CComModule@ATL@@UEAAJPEB_WHPEAU_ATL_REGMAP_ENTRY@2@@Z 00000001800036e4 f i CashDrawer.obj
 0001:000026ec       ?UpdateRegistryFromResource@CComModule@ATL@@UEAAJIHPEAU_ATL_REGMAP_ENTRY@2@@Z 00000001800036ec f i CashDrawer.obj
 0001:000026f4       ?Next@?$CComEnumImpl@UIEnumConnectionPoints@@$1?_GUID_b196b285_bab4_101a_b69c_00aa00341d07@@3U__s_GUID@@BPEAUIConnectionPoint@@V?$_CopyInterface@UIConnectionPoint@@@ATL@@@ATL@@UEAAJKPEAPEAUIConnectionPoint@@PEAK@Z 00000001800036f4 f i CashDrawer.obj
 0001:000027c0       ?Skip@?$CComEnumImpl@UIEnumConnectionPoints@@$1?_GUID_b196b285_bab4_101a_b69c_00aa00341d07@@3U__s_GUID@@BPEAUIConnectionPoint@@V?$_CopyInterface@UIConnectionPoint@@@ATL@@@ATL@@UEAAJK@Z 00000001800037c0 f i CashDrawer.obj
 0001:000027ec       ?Reset@?$CComEnumImpl@UIEnumConnectionPoints@@$1?_GUID_b196b285_bab4_101a_b69c_00aa00341d07@@3U__s_GUID@@BPEAUIConnectionPoint@@V?$_CopyInterface@UIConnectionPoint@@@ATL@@@ATL@@UEAAJXZ 00000001800037ec f i CashDrawer.obj
 0001:000027ec       ?Reset@?$CComEnumImpl@UIEnumConnections@@$1?_GUID_b196b287_bab4_101a_b69c_00aa00341d07@@3U__s_GUID@@BUtagCONNECTDATA@@V?$_Copy@UtagCONNECTDATA@@@ATL@@@ATL@@UEAAJXZ 00000001800037ec f i CashDrawer.obj
 0001:000027f8       ?Clone@?$CComEnumImpl@UIEnumConnectionPoints@@$1?_GUID_b196b285_bab4_101a_b69c_00aa00341d07@@3U__s_GUID@@BPEAUIConnectionPoint@@V?$_CopyInterface@UIConnectionPoint@@@ATL@@@ATL@@UEAAJPEAPEAUIEnumConnectionPoints@@@Z 00000001800037f8 f i CashDrawer.obj
 0001:00002924       ??_GCComModule@ATL@@UEAAPEAXI@Z 0000000180003924 f i CashDrawer.obj
 0001:00002924       ??_ECComModule@ATL@@UEAAPEAXI@Z 0000000180003924 f i CashDrawer.obj
 0001:00002964       ?AddRef@?$CComObject@V?$CComEnum@UIEnumConnectionPoints@@$1?_GUID_b196b285_bab4_101a_b69c_00aa00341d07@@3U__s_GUID@@BPEAUIConnectionPoint@@V?$_CopyInterface@UIConnectionPoint@@@ATL@@VCComSingleThreadModel@6@@ATL@@@ATL@@UEAAKXZ 0000000180003964 f i CashDrawer.obj
 0001:00002964       ?AddRef@?$CComObject@V?$CComEnum@UIEnumConnections@@$1?_GUID_b196b287_bab4_101a_b69c_00aa00341d07@@3U__s_GUID@@BUtagCONNECTDATA@@V?$_Copy@UtagCONNECTDATA@@@ATL@@VCComSingleThreadModel@6@@ATL@@@ATL@@UEAAKXZ 0000000180003964 f i CashDrawer.obj
 0001:00002970       ?Release@?$CComObject@V?$CComEnum@UIEnumConnections@@$1?_GUID_b196b287_bab4_101a_b69c_00aa00341d07@@3U__s_GUID@@BUtagCONNECTDATA@@V?$_Copy@UtagCONNECTDATA@@@ATL@@VCComSingleThreadModel@6@@ATL@@@ATL@@UEAAKXZ 0000000180003970 f i CashDrawer.obj
 0001:00002970       ?Release@?$CComObject@V?$CComEnum@UIEnumConnectionPoints@@$1?_GUID_b196b285_bab4_101a_b69c_00aa00341d07@@3U__s_GUID@@BPEAUIConnectionPoint@@V?$_CopyInterface@UIConnectionPoint@@@ATL@@VCComSingleThreadModel@6@@ATL@@@ATL@@UEAAKXZ 0000000180003970 f i CashDrawer.obj
 0001:000029c4       ?QueryInterface@?$CComObject@V?$CComEnum@UIEnumConnectionPoints@@$1?_GUID_b196b285_bab4_101a_b69c_00aa00341d07@@3U__s_GUID@@BPEAUIConnectionPoint@@V?$_CopyInterface@UIConnectionPoint@@@ATL@@VCComSingleThreadModel@6@@ATL@@@ATL@@UEAAJAEBU_GUID@@PEAPEAX@Z 00000001800039c4 f i CashDrawer.obj
 0001:000029d8       ??_E?$CComObject@V?$CComEnum@UIEnumConnectionPoints@@$1?_GUID_b196b285_bab4_101a_b69c_00aa00341d07@@3U__s_GUID@@BPEAUIConnectionPoint@@V?$_CopyInterface@UIConnectionPoint@@@ATL@@VCComSingleThreadModel@6@@ATL@@@ATL@@UEAAPEAXI@Z 00000001800039d8 f i CashDrawer.obj
 0001:000029d8       ??_G?$CComObject@V?$CComEnum@UIEnumConnectionPoints@@$1?_GUID_b196b285_bab4_101a_b69c_00aa00341d07@@3U__s_GUID@@BPEAUIConnectionPoint@@V?$_CopyInterface@UIConnectionPoint@@@ATL@@VCComSingleThreadModel@6@@ATL@@@ATL@@UEAAPEAXI@Z 00000001800039d8 f i CashDrawer.obj
 0001:00002a30       ?AddReplacement@CRegObject@ATL@@UEAAJPEB_W0@Z 0000000180003a30 f i CashDrawer.obj
 0001:00002a60       ?ClearReplacements@CRegObject@ATL@@UEAAJXZ 0000000180003a60 f i CashDrawer.obj
 0001:00002a6c       ??_ECRegObject@ATL@@UEAAPEAXI@Z 0000000180003a6c f i CashDrawer.obj
 0001:00002a6c       ??_GCRegObject@ATL@@UEAAPEAXI@Z 0000000180003a6c f i CashDrawer.obj
 0001:00002aec       ?AddRef@?$CComAggObject@VCOPOSCashDrawer@@@ATL@@UEAAKXZ 0000000180003aec f i CashDrawer.obj
 0001:00002af8       ?Release@?$CComAggObject@VCOPOSCashDrawer@@@ATL@@UEAAKXZ 0000000180003af8 f i CashDrawer.obj
 0001:00002b4c       ?QueryInterface@?$CComAggObject@VCOPOSCashDrawer@@@ATL@@UEAAJAEBU_GUID@@PEAPEAX@Z 0000000180003b4c f i CashDrawer.obj
 0001:00002bac       ?AddRef@?$CComContainedObject@VCOPOSCashDrawer@@@ATL@@UEAAKXZ 0000000180003bac f i CashDrawer.obj
 0001:00002bbc       ?Release@?$CComContainedObject@VCOPOSCashDrawer@@@ATL@@UEAAKXZ 0000000180003bbc f i CashDrawer.obj
 0001:00002bcc       ?QueryInterface@?$CComContainedObject@VCOPOSCashDrawer@@@ATL@@UEAAJAEBU_GUID@@PEAPEAX@Z 0000000180003bcc f i CashDrawer.obj
 0001:00002bdc       ??_G?$CComAggObject@VCOPOSCashDrawer@@@ATL@@UEAAPEAXI@Z 0000000180003bdc f i CashDrawer.obj
 0001:00002bdc       ??_E?$CComAggObject@VCOPOSCashDrawer@@@ATL@@UEAAPEAXI@Z 0000000180003bdc f i CashDrawer.obj
 0001:00002c34       ?AddRef@?$CComObject@VCOPOSCashDrawer@@@ATL@@UEAAKXZ 0000000180003c34 f i CashDrawer.obj
 0001:00002c44       ?Release@?$CComObject@VCOPOSCashDrawer@@@ATL@@UEAAKXZ 0000000180003c44 f i CashDrawer.obj
 0001:00002c9c       ?QueryInterface@?$CComObject@VCOPOSCashDrawer@@@ATL@@UEAAJAEBU_GUID@@PEAPEAX@Z 0000000180003c9c f i CashDrawer.obj
 0001:00002cb0       ?OnDrawAdvanced@CComControlBase@ATL@@UEAAJAEAUATL_DRAWINFO@@@Z 0000000180003cb0 f i CashDrawer.obj
 0001:00002e3c       ?Next@?$CComEnumImpl@UIEnumConnections@@$1?_GUID_b196b287_bab4_101a_b69c_00aa00341d07@@3U__s_GUID@@BUtagCONNECTDATA@@V?$_Copy@UtagCONNECTDATA@@@ATL@@@ATL@@UEAAJKPEAUtagCONNECTDATA@@PEAK@Z 0000000180003e3c f i CashDrawer.obj
 0001:00002f10       ?Skip@?$CComEnumImpl@UIEnumConnections@@$1?_GUID_b196b287_bab4_101a_b69c_00aa00341d07@@3U__s_GUID@@BUtagCONNECTDATA@@V?$_Copy@UtagCONNECTDATA@@@ATL@@@ATL@@UEAAJK@Z 0000000180003f10 f i CashDrawer.obj
 0001:00002f3c       ?Clone@?$CComEnumImpl@UIEnumConnections@@$1?_GUID_b196b287_bab4_101a_b69c_00aa00341d07@@3U__s_GUID@@BUtagCONNECTDATA@@V?$_Copy@UtagCONNECTDATA@@@ATL@@@ATL@@UEAAJPEAPEAUIEnumConnections@@@Z 0000000180003f3c f i CashDrawer.obj
 0001:00003068       ?QueryInterface@?$CComObject@V?$CComEnum@UIEnumConnections@@$1?_GUID_b196b287_bab4_101a_b69c_00aa00341d07@@3U__s_GUID@@BUtagCONNECTDATA@@V?$_Copy@UtagCONNECTDATA@@@ATL@@VCComSingleThreadModel@6@@ATL@@@ATL@@UEAAJAEBU_GUID@@PEAPEAX@Z 0000000180004068 f i CashDrawer.obj
 0001:0000307c       ??_E?$CComObject@V?$CComEnum@UIEnumConnections@@$1?_GUID_b196b287_bab4_101a_b69c_00aa00341d07@@3U__s_GUID@@BUtagCONNECTDATA@@V?$_Copy@UtagCONNECTDATA@@@ATL@@VCComSingleThreadModel@6@@ATL@@@ATL@@UEAAPEAXI@Z 000000018000407c f i CashDrawer.obj
 0001:0000307c       ??_G?$CComObject@V?$CComEnum@UIEnumConnections@@$1?_GUID_b196b287_bab4_101a_b69c_00aa00341d07@@3U__s_GUID@@BUtagCONNECTDATA@@V?$_Copy@UtagCONNECTDATA@@@ATL@@VCComSingleThreadModel@6@@ATL@@@ATL@@UEAAPEAXI@Z 000000018000407c f i CashDrawer.obj
 0001:000030d4       ??_E?$CComObject@VCOPOSCashDrawer@@@ATL@@W7EAAPEAXI@Z 00000001800040d4 f i CashDrawer.obj
 0001:000030e0       ??_E?$CComObject@VCOPOSCashDrawer@@@ATL@@WHA@EAAPEAXI@Z 00000001800040e0 f i CashDrawer.obj
 0001:000030ec       ?QueryInterface@?$CComObject@VCOPOSCashDrawer@@@ATL@@WLI@EAAJAEBU_GUID@@PEAPEAX@Z 00000001800040ec f i CashDrawer.obj
 0001:000030f8       ?AddRef@?$CComObject@VCOPOSCashDrawer@@@ATL@@WLI@EAAKXZ 00000001800040f8 f i CashDrawer.obj
 0001:00003104       ?Release@?$CComObject@VCOPOSCashDrawer@@@ATL@@WLI@EAAKXZ 0000000180004104 f i CashDrawer.obj
 0001:00003110       ?QueryInterface@?$CComObject@VCOPOSCashDrawer@@@ATL@@WMA@EAAJAEBU_GUID@@PEAPEAX@Z 0000000180004110 f i CashDrawer.obj
 0001:0000311c       ?AddRef@?$CComObject@VCOPOSCashDrawer@@@ATL@@WMA@EAAKXZ 000000018000411c f i CashDrawer.obj
 0001:00003128       ?Release@?$CComObject@VCOPOSCashDrawer@@@ATL@@WMA@EAAKXZ 0000000180004128 f i CashDrawer.obj
 0001:00003134       ?QueryInterface@?$CComObject@VCOPOSCashDrawer@@@ATL@@WMI@EAAJAEBU_GUID@@PEAPEAX@Z 0000000180004134 f i CashDrawer.obj
 0001:00003140       ?AddRef@?$CComObject@VCOPOSCashDrawer@@@ATL@@WMI@EAAKXZ 0000000180004140 f i CashDrawer.obj
 0001:0000314c       ?Release@?$CComObject@VCOPOSCashDrawer@@@ATL@@WMI@EAAKXZ 000000018000414c f i CashDrawer.obj
 0001:00003158       ?QueryInterface@?$CComObject@VCOPOSCashDrawer@@@ATL@@WNA@EAAJAEBU_GUID@@PEAPEAX@Z 0000000180004158 f i CashDrawer.obj
 0001:00003164       ?AddRef@?$CComObject@VCOPOSCashDrawer@@@ATL@@WNA@EAAKXZ 0000000180004164 f i CashDrawer.obj
 0001:00003170       ?Release@?$CComObject@VCOPOSCashDrawer@@@ATL@@WNA@EAAKXZ 0000000180004170 f i CashDrawer.obj
 0001:0000317c       ?QueryInterface@?$CComObject@VCOPOSCashDrawer@@@ATL@@WNI@EAAJAEBU_GUID@@PEAPEAX@Z 000000018000417c f i CashDrawer.obj
 0001:00003188       ?AddRef@?$CComObject@VCOPOSCashDrawer@@@ATL@@WNI@EAAKXZ 0000000180004188 f i CashDrawer.obj
 0001:00003194       ?Release@?$CComObject@VCOPOSCashDrawer@@@ATL@@WNI@EAAKXZ 0000000180004194 f i CashDrawer.obj
 0001:000031a0       ?QueryInterface@?$CComObject@VCOPOSCashDrawer@@@ATL@@WOA@EAAJAEBU_GUID@@PEAPEAX@Z 00000001800041a0 f i CashDrawer.obj
 0001:000031ac       ?AddRef@?$CComObject@VCOPOSCashDrawer@@@ATL@@WOA@EAAKXZ 00000001800041ac f i CashDrawer.obj
 0001:000031b8       ?Release@?$CComObject@VCOPOSCashDrawer@@@ATL@@WOA@EAAKXZ 00000001800041b8 f i CashDrawer.obj
 0001:000031c4       ?QueryInterface@?$CComObject@VCOPOSCashDrawer@@@ATL@@WOI@EAAJAEBU_GUID@@PEAPEAX@Z 00000001800041c4 f i CashDrawer.obj
 0001:000031d0       ?AddRef@?$CComObject@VCOPOSCashDrawer@@@ATL@@WOI@EAAKXZ 00000001800041d0 f i CashDrawer.obj
 0001:000031dc       ?Release@?$CComObject@VCOPOSCashDrawer@@@ATL@@WOI@EAAKXZ 00000001800041dc f i CashDrawer.obj
 0001:000031e8       ?QueryInterface@?$CComObject@VCOPOSCashDrawer@@@ATL@@WPA@EAAJAEBU_GUID@@PEAPEAX@Z 00000001800041e8 f i CashDrawer.obj
 0001:000031f4       ?AddRef@?$CComObject@VCOPOSCashDrawer@@@ATL@@WPA@EAAKXZ 00000001800041f4 f i CashDrawer.obj
 0001:00003200       ?Release@?$CComObject@VCOPOSCashDrawer@@@ATL@@WPA@EAAKXZ 0000000180004200 f i CashDrawer.obj
 0001:0000320c       ?QueryInterface@?$CComObject@VCOPOSCashDrawer@@@ATL@@WPI@EAAJAEBU_GUID@@PEAPEAX@Z 000000018000420c f i CashDrawer.obj
 0001:00003218       ?AddRef@?$CComObject@VCOPOSCashDrawer@@@ATL@@WPI@EAAKXZ 0000000180004218 f i CashDrawer.obj
 0001:00003224       ?Release@?$CComObject@VCOPOSCashDrawer@@@ATL@@WPI@EAAKXZ 0000000180004224 f i CashDrawer.obj
 0001:00003230       ?QueryInterface@?$CComObject@VCOPOSCashDrawer@@@ATL@@WBAA@EAAJAEBU_GUID@@PEAPEAX@Z 0000000180004230 f i CashDrawer.obj
 0001:0000323c       ?AddRef@?$CComObject@VCOPOSCashDrawer@@@ATL@@WBAA@EAAKXZ 000000018000423c f i CashDrawer.obj
 0001:00003248       ?Release@?$CComObject@VCOPOSCashDrawer@@@ATL@@WBAA@EAAKXZ 0000000180004248 f i CashDrawer.obj
 0001:00003254       ?QueryInterface@?$CComObject@VCOPOSCashDrawer@@@ATL@@WBAI@EAAJAEBU_GUID@@PEAPEAX@Z 0000000180004254 f i CashDrawer.obj
 0001:00003260       ?AddRef@?$CComObject@VCOPOSCashDrawer@@@ATL@@WBAI@EAAKXZ 0000000180004260 f i CashDrawer.obj
 0001:0000326c       ?Release@?$CComObject@VCOPOSCashDrawer@@@ATL@@WBAI@EAAKXZ 000000018000426c f i CashDrawer.obj
 0001:00003278       ?QueryInterface@?$CComObject@VCOPOSCashDrawer@@@ATL@@WBBA@EAAJAEBU_GUID@@PEAPEAX@Z 0000000180004278 f i CashDrawer.obj
 0001:00003284       ?AddRef@?$CComObject@VCOPOSCashDrawer@@@ATL@@WBBA@EAAKXZ 0000000180004284 f i CashDrawer.obj
 0001:00003290       ?Release@?$CComObject@VCOPOSCashDrawer@@@ATL@@WBBA@EAAKXZ 0000000180004290 f i CashDrawer.obj
 0001:0000329c       ?QueryInterface@?$CComObject@VCOPOSCashDrawer@@@ATL@@WBBI@EAAJAEBU_GUID@@PEAPEAX@Z 000000018000429c f i CashDrawer.obj
 0001:000032a8       ?AddRef@?$CComObject@VCOPOSCashDrawer@@@ATL@@WBBI@EAAKXZ 00000001800042a8 f i CashDrawer.obj
 0001:000032b4       ?Release@?$CComObject@VCOPOSCashDrawer@@@ATL@@WBBI@EAAKXZ 00000001800042b4 f i CashDrawer.obj
 0001:000032c0       ?AddRef@?$CComObject@VCOPOSCashDrawer@@@ATL@@WBCI@EAAKXZ 00000001800042c0 f i CashDrawer.obj
 0001:000032cc       ?Release@?$CComObject@VCOPOSCashDrawer@@@ATL@@WBCI@EAAKXZ 00000001800042cc f i CashDrawer.obj
 0001:000032d8       ?AddRef@?$CComObject@VCOPOSCashDrawer@@@ATL@@WBEA@EAAKXZ 00000001800042d8 f i CashDrawer.obj
 0001:000032e4       ?Release@?$CComObject@VCOPOSCashDrawer@@@ATL@@WBEA@EAAKXZ 00000001800042e4 f i CashDrawer.obj
 0001:000032f0       ??_E?$CComContainedObject@VCOPOSCashDrawer@@@ATL@@W7EAAPEAXI@Z 00000001800042f0 f i CashDrawer.obj
 0001:000032fc       ??_E?$CComContainedObject@VCOPOSCashDrawer@@@ATL@@WHA@EAAPEAXI@Z 00000001800042fc f i CashDrawer.obj
 0001:00003308       ?QueryInterface@?$CComContainedObject@VCOPOSCashDrawer@@@ATL@@WLI@EAAJAEBU_GUID@@PEAPEAX@Z 0000000180004308 f i CashDrawer.obj
 0001:00003314       ?AddRef@?$CComContainedObject@VCOPOSCashDrawer@@@ATL@@WLI@EAAKXZ 0000000180004314 f i CashDrawer.obj
 0001:00003320       ?Release@?$CComContainedObject@VCOPOSCashDrawer@@@ATL@@WLI@EAAKXZ 0000000180004320 f i CashDrawer.obj
 0001:0000332c       ?QueryInterface@?$CComContainedObject@VCOPOSCashDrawer@@@ATL@@WMA@EAAJAEBU_GUID@@PEAPEAX@Z 000000018000432c f i CashDrawer.obj
 0001:00003338       ?AddRef@?$CComContainedObject@VCOPOSCashDrawer@@@ATL@@WMA@EAAKXZ 0000000180004338 f i CashDrawer.obj
 0001:00003344       ?Release@?$CComContainedObject@VCOPOSCashDrawer@@@ATL@@WMA@EAAKXZ 0000000180004344 f i CashDrawer.obj
 0001:00003350       ?QueryInterface@?$CComContainedObject@VCOPOSCashDrawer@@@ATL@@WMI@EAAJAEBU_GUID@@PEAPEAX@Z 0000000180004350 f i CashDrawer.obj
 0001:0000335c       ?AddRef@?$CComContainedObject@VCOPOSCashDrawer@@@ATL@@WMI@EAAKXZ 000000018000435c f i CashDrawer.obj
 0001:00003368       ?Release@?$CComContainedObject@VCOPOSCashDrawer@@@ATL@@WMI@EAAKXZ 0000000180004368 f i CashDrawer.obj
 0001:00003374       ?QueryInterface@?$CComContainedObject@VCOPOSCashDrawer@@@ATL@@WNA@EAAJAEBU_GUID@@PEAPEAX@Z 0000000180004374 f i CashDrawer.obj
 0001:00003380       ?AddRef@?$CComContainedObject@VCOPOSCashDrawer@@@ATL@@WNA@EAAKXZ 0000000180004380 f i CashDrawer.obj
 0001:0000338c       ?Release@?$CComContainedObject@VCOPOSCashDrawer@@@ATL@@WNA@EAAKXZ 000000018000438c f i CashDrawer.obj
 0001:00003398       ?QueryInterface@?$CComContainedObject@VCOPOSCashDrawer@@@ATL@@WNI@EAAJAEBU_GUID@@PEAPEAX@Z 0000000180004398 f i CashDrawer.obj
 0001:000033a4       ?AddRef@?$CComContainedObject@VCOPOSCashDrawer@@@ATL@@WNI@EAAKXZ 00000001800043a4 f i CashDrawer.obj
 0001:000033b0       ?Release@?$CComContainedObject@VCOPOSCashDrawer@@@ATL@@WNI@EAAKXZ 00000001800043b0 f i CashDrawer.obj
 0001:000033bc       ?QueryInterface@?$CComContainedObject@VCOPOSCashDrawer@@@ATL@@WOA@EAAJAEBU_GUID@@PEAPEAX@Z 00000001800043bc f i CashDrawer.obj
 0001:000033c8       ?AddRef@?$CComContainedObject@VCOPOSCashDrawer@@@ATL@@WOA@EAAKXZ 00000001800043c8 f i CashDrawer.obj
 0001:000033d4       ?Release@?$CComContainedObject@VCOPOSCashDrawer@@@ATL@@WOA@EAAKXZ 00000001800043d4 f i CashDrawer.obj
 0001:000033e0       ?QueryInterface@?$CComContainedObject@VCOPOSCashDrawer@@@ATL@@WOI@EAAJAEBU_GUID@@PEAPEAX@Z 00000001800043e0 f i CashDrawer.obj
 0001:000033ec       ?AddRef@?$CComContainedObject@VCOPOSCashDrawer@@@ATL@@WOI@EAAKXZ 00000001800043ec f i CashDrawer.obj
 0001:000033f8       ?Release@?$CComContainedObject@VCOPOSCashDrawer@@@ATL@@WOI@EAAKXZ 00000001800043f8 f i CashDrawer.obj
 0001:00003404       ?QueryInterface@?$CComContainedObject@VCOPOSCashDrawer@@@ATL@@WPA@EAAJAEBU_GUID@@PEAPEAX@Z 0000000180004404 f i CashDrawer.obj
 0001:00003410       ?AddRef@?$CComContainedObject@VCOPOSCashDrawer@@@ATL@@WPA@EAAKXZ 0000000180004410 f i CashDrawer.obj
 0001:0000341c       ?Release@?$CComContainedObject@VCOPOSCashDrawer@@@ATL@@WPA@EAAKXZ 000000018000441c f i CashDrawer.obj
 0001:00003428       ?QueryInterface@?$CComContainedObject@VCOPOSCashDrawer@@@ATL@@WPI@EAAJAEBU_GUID@@PEAPEAX@Z 0000000180004428 f i CashDrawer.obj
 0001:00003434       ?AddRef@?$CComContainedObject@VCOPOSCashDrawer@@@ATL@@WPI@EAAKXZ 0000000180004434 f i CashDrawer.obj
 0001:00003440       ?Release@?$CComContainedObject@VCOPOSCashDrawer@@@ATL@@WPI@EAAKXZ 0000000180004440 f i CashDrawer.obj
 0001:0000344c       ?QueryInterface@?$CComContainedObject@VCOPOSCashDrawer@@@ATL@@WBAA@EAAJAEBU_GUID@@PEAPEAX@Z 000000018000444c f i CashDrawer.obj
 0001:00003458       ?AddRef@?$CComContainedObject@VCOPOSCashDrawer@@@ATL@@WBAA@EAAKXZ 0000000180004458 f i CashDrawer.obj
 0001:00003464       ?Release@?$CComContainedObject@VCOPOSCashDrawer@@@ATL@@WBAA@EAAKXZ 0000000180004464 f i CashDrawer.obj
 0001:00003470       ?QueryInterface@?$CComContainedObject@VCOPOSCashDrawer@@@ATL@@WBAI@EAAJAEBU_GUID@@PEAPEAX@Z 0000000180004470 f i CashDrawer.obj
 0001:0000347c       ?AddRef@?$CComContainedObject@VCOPOSCashDrawer@@@ATL@@WBAI@EAAKXZ 000000018000447c f i CashDrawer.obj
 0001:00003488       ?Release@?$CComContainedObject@VCOPOSCashDrawer@@@ATL@@WBAI@EAAKXZ 0000000180004488 f i CashDrawer.obj
 0001:00003494       ?QueryInterface@?$CComContainedObject@VCOPOSCashDrawer@@@ATL@@WBBA@EAAJAEBU_GUID@@PEAPEAX@Z 0000000180004494 f i CashDrawer.obj
 0001:000034a0       ?AddRef@?$CComContainedObject@VCOPOSCashDrawer@@@ATL@@WBBA@EAAKXZ 00000001800044a0 f i CashDrawer.obj
 0001:000034ac       ?Release@?$CComContainedObject@VCOPOSCashDrawer@@@ATL@@WBBA@EAAKXZ 00000001800044ac f i CashDrawer.obj
 0001:000034b8       ?QueryInterface@?$CComContainedObject@VCOPOSCashDrawer@@@ATL@@WBBI@EAAJAEBU_GUID@@PEAPEAX@Z 00000001800044b8 f i CashDrawer.obj
 0001:000034c4       ?AddRef@?$CComContainedObject@VCOPOSCashDrawer@@@ATL@@WBBI@EAAKXZ 00000001800044c4 f i CashDrawer.obj
 0001:000034d0       ?Release@?$CComContainedObject@VCOPOSCashDrawer@@@ATL@@WBBI@EAAKXZ 00000001800044d0 f i CashDrawer.obj
 0001:000034dc       ?AddRef@?$CComContainedObject@VCOPOSCashDrawer@@@ATL@@WBCI@EAAKXZ 00000001800044dc f i CashDrawer.obj
 0001:000034e8       ?Release@?$CComContainedObject@VCOPOSCashDrawer@@@ATL@@WBCI@EAAKXZ 00000001800044e8 f i CashDrawer.obj
 0001:000034f4       ?AddRef@?$CComContainedObject@VCOPOSCashDrawer@@@ATL@@WBEA@EAAKXZ 00000001800044f4 f i CashDrawer.obj
 0001:00003500       ?Release@?$CComContainedObject@VCOPOSCashDrawer@@@ATL@@WBEA@EAAKXZ 0000000180004500 f i CashDrawer.obj
 0001:0000350c       ?CreateInstance@CComClassFactory@ATL@@UEAAJPEAUIUnknown@@AEBU_GUID@@PEAPEAX@Z 000000018000450c f i CashDrawer.obj
 0001:0000356c       ?LockServer@CComClassFactory@ATL@@UEAAJH@Z 000000018000456c f i CashDrawer.obj
 0001:00003590       ??_GCComClassFactory@ATL@@UEAAPEAXI@Z 0000000180004590 f i CashDrawer.obj
 0001:00003590       ??_ECComClassFactory@ATL@@UEAAPEAXI@Z 0000000180004590 f i CashDrawer.obj
 0001:000035e0       ??$AtlModuleRegisterWndClassInfoT@VAtlModuleRegisterWndClassInfoParamW@ATL@@@ATL@@YAGPEAU_ATL_BASE_MODULE70@0@PEAU_ATL_WIN_MODULE70@0@PEAU_ATL_WNDCLASSINFOW@0@PEAP6A_JPEAUHWND__@@I_K_J@ZVAtlModuleRegisterWndClassInfoParamW@0@@Z 00000001800045e0 f i CashDrawer.obj
 0001:000037e0       ??0?$CComContainedObject@VCOPOSCashDrawer@@@ATL@@QEAA@PEAX@Z 00000001800047e0 f i CashDrawer.obj
 0001:000038fc       ??0?$CComObject@VCOPOSCashDrawer@@@ATL@@QEAA@PEAX@Z 00000001800048fc f i CashDrawer.obj
 0001:00003a14       ??0CAtlModule@ATL@@QEAA@XZ 0000000180004a14 f i CashDrawer.obj
 0001:00003a88       ??1?$CComEnumImpl@UIEnumConnectionPoints@@$1?_GUID_b196b285_bab4_101a_b69c_00aa00341d07@@3U__s_GUID@@BPEAUIConnectionPoint@@V?$_CopyInterface@UIConnectionPoint@@@ATL@@@ATL@@UEAA@XZ 0000000180004a88 f i CashDrawer.obj
 0001:00003ae4       ??1?$CComEnumImpl@UIEnumConnections@@$1?_GUID_b196b287_bab4_101a_b69c_00aa00341d07@@3U__s_GUID@@BUtagCONNECTDATA@@V?$_Copy@UtagCONNECTDATA@@@ATL@@@ATL@@UEAA@XZ 0000000180004ae4 f i CashDrawer.obj
 0001:00003b40       ??1?$CComObject@VCOPOSCashDrawer@@@ATL@@UEAA@XZ 0000000180004b40 f i CashDrawer.obj
 0001:00003c60       ??_G?$CComContainedObject@VCOPOSCashDrawer@@@ATL@@UEAAPEAXI@Z 0000000180004c60 f i CashDrawer.obj
 0001:00003c60       ??_E?$CComContainedObject@VCOPOSCashDrawer@@@ATL@@UEAAPEAXI@Z 0000000180004c60 f i CashDrawer.obj
 0001:00003c94       ??_G?$CComObject@VCOPOSCashDrawer@@@ATL@@UEAAPEAXI@Z 0000000180004c94 f i CashDrawer.obj
 0001:00003c94       ??_E?$CComObject@VCOPOSCashDrawer@@@ATL@@UEAAPEAXI@Z 0000000180004c94 f i CashDrawer.obj
 0001:00003cc8       ?Add@?$CSimpleArray@GV?$CSimpleArrayEqualHelper@G@ATL@@@ATL@@QEAAHAEBG@Z 0000000180004cc8 f i CashDrawer.obj
 0001:00003d7c       ?Add@?$CSimpleMap@PEA_WPEA_WVCExpansionVectorEqualHelper@ATL@@@ATL@@QEAAHAEBQEA_W0@Z 0000000180004d7c f i CashDrawer.obj
 0001:00003e1c       ?Add@CComDynamicUnkArray@ATL@@QEAAKPEAUIUnknown@@@Z 0000000180004e1c f i CashDrawer.obj
 0001:00003f04       ?Add@CExpansionVector@ATL@@QEAAHPEB_W0@Z 0000000180004f04 f i CashDrawer.obj
 0001:00004038       ?AddTermFunc@CAtlModule@ATL@@QEAAJP6AX_K@Z0@Z 0000000180005038 f i CashDrawer.obj
 0001:000040d4       ?AddValue@CRegParser@ATL@@IEAAJAEAVCRegKey@2@PEB_WPEA_W@Z 00000001800050d4 f i CashDrawer.obj
 0001:0000451c       ?AllocateHeap@?$CTempBuffer@E$0BAA@VCCRTAllocator@ATL@@@ATL@@AEAAX_K@Z 000000018000551c f i CashDrawer.obj
 0001:0000451c       ?AllocateHeap@?$CTempBuffer@_W$0EAA@VCCRTAllocator@ATL@@@ATL@@AEAAX_K@Z 000000018000551c f i CashDrawer.obj
 0001:0000451c       ?AllocateHeap@?$CTempBuffer@_W$0BAA@VCCRTAllocator@ATL@@@ATL@@AEAAX_K@Z 000000018000551c f i CashDrawer.obj
 0001:00004548       ?Append@CParseBuffer@CRegParser@ATL@@QEAAHPEB_WH@Z 0000000180005548 f i CashDrawer.obj
 0001:00004690       ?AtlComModuleGetClassObject@ATL@@YAJPEAU_ATL_COM_MODULE70@1@AEBU_GUID@@1PEAPEAX@Z 0000000180005690 f i CashDrawer.obj
 0001:000047d0       ?AtlComModuleRegisterServer@ATL@@YAJPEAU_ATL_COM_MODULE70@1@HPEBU_GUID@@@Z 00000001800057d0 f i CashDrawer.obj
 0001:00004890       ?AtlComModuleUnregisterServer@ATL@@YAJPEAU_ATL_COM_MODULE70@1@HPEBU_GUID@@@Z 0000000180005890 f i CashDrawer.obj
 0001:0000494c       ?AtlHiMetricToPixel@ATL@@YAXPEBUtagSIZE@@PEAU2@@Z 000000018000594c f i CashDrawer.obj
 0001:000049fc       ?AtlHresultFromLastError@ATL@@YAJXZ 00000001800059fc f i CashDrawer.obj
 0001:00004a1c       ?AtlHresultFromWin32@ATL@@YAJK@Z 0000000180005a1c f i CashDrawer.obj
 0001:00004a2c       ?AtlInternalOleLoadFromStream@ATL@@YAJPEAUIStream@@AEBU_GUID@@PEAPEAXTClassesAllowedInStream@1@K@Z 0000000180005a2c f i CashDrawer.obj
 0001:00004b70       ?AtlInternalQueryInterface@ATL@@YAJPEAXPEBU_ATL_INTMAP_ENTRY@1@AEBU_GUID@@PEAPEAX@Z 0000000180005b70 f i CashDrawer.obj
 0001:00004c78       ?AtlLoadTypeLib@ATL@@YAJPEAUHINSTANCE__@@PEB_WPEAPEA_WPEAPEAUITypeLib@@@Z 0000000180005c78 f i CashDrawer.obj
 0001:00004ed4       ?AtlRegisterClassCategoriesHelper@ATL@@YAJAEBU_GUID@@PEBU_ATL_CATMAP_ENTRY@1@H@Z 0000000180005ed4 f i CashDrawer.obj
 0001:00005358       ?AtlRegisterTypeLib@ATL@@YAJPEAUHINSTANCE__@@PEB_W@Z 0000000180006358 f i CashDrawer.obj
 0001:00005554       ?AtlThrowImpl@ATL@@YAXJ@Z  0000000180006554 f i CashDrawer.obj
 0001:00005578       ?AtlUnRegisterTypeLib@ATL@@YAJPEAUHINSTANCE__@@PEB_W@Z 0000000180006578 f i CashDrawer.obj
 0001:00005640       ?AtlWinModuleExtractCreateWndData@ATL@@YAPEAXPEAU_ATL_WIN_MODULE70@1@@Z 0000000180006640 f i CashDrawer.obj
 0001:000056cc       ?Cleanup@CComTypeInfoHolder@ATL@@SAX_K@Z 00000001800066cc f i CashDrawer.obj
 0001:0000570c       ?ClearReplacements@CExpansionVector@ATL@@QEAAJXZ 000000018000670c f i CashDrawer.obj
 0001:000057a8       ?CreateInstance@?$CComCreator@V?$CComAggObject@VCOPOSCashDrawer@@@ATL@@@ATL@@SAJPEAXAEBU_GUID@@PEAPEAX@Z 00000001800067a8 f i CashDrawer.obj
 0001:00005898       ?CreateInstance@?$CComCreator@V?$CComObject@VCOPOSCashDrawer@@@ATL@@@ATL@@SAJPEAXAEBU_GUID@@PEAPEAX@Z 0000000180006898 f i CashDrawer.obj
 0001:00005950       ?CreateInstance@?$CComObject@V?$CComEnum@UIEnumConnectionPoints@@$1?_GUID_b196b285_bab4_101a_b69c_00aa00341d07@@3U__s_GUID@@BPEAUIConnectionPoint@@V?$_CopyInterface@UIConnectionPoint@@@ATL@@VCComSingleThreadModel@6@@ATL@@@ATL@@SAJPEAPEAV12@@Z 0000000180006950 f i CashDrawer.obj
 0001:000059dc       ?CreateInstance@?$CComObject@V?$CComEnum@UIEnumConnections@@$1?_GUID_b196b287_bab4_101a_b69c_00aa00341d07@@3U__s_GUID@@BUtagCONNECTDATA@@V?$_Copy@UtagCONNECTDATA@@@ATL@@VCComSingleThreadModel@6@@ATL@@@ATL@@SAJPEAPEAV12@@Z 00000001800069dc f i CashDrawer.obj
 0001:00005a68       ?DefaultReflectionHandler@?$CWindowImplRoot@VCWindow@ATL@@@ATL@@SAHPEAUHWND__@@I_K_JAEA_J@Z 0000000180006a68 f i CashDrawer.obj
 0001:00005acc       ?DeleteSubKey@CRegKey@ATL@@QEAAJPEB_W@Z 0000000180006acc f i CashDrawer.obj
 0001:00005b64       ?DoEvent@COPOSCashDrawer@@IEAAXI_K_J@Z 0000000180006b64 f i CashDrawer.obj
 0001:00005c18       ?DoVerbPrimary@?$IOleObjectImpl@VCOPOSCashDrawer@@@ATL@@QEAAJPEBUtagRECT@@PEAUHWND__@@@Z 0000000180006c18 f i CashDrawer.obj
 0001:00005d44       ?DoVerbProperties@CComControlBase@ATL@@QEAAJPEBUtagRECT@@PEAUHWND__@@@Z 0000000180006d44 f i CashDrawer.obj
 0001:00005f6c       ?FireTheEvent@?$CProxy_IOPOSEvents@VCOPOSCashDrawer@@@@IEAAXPEAVOposVariant@@IAEAJPEB_WJ@Z 0000000180006f6c f i CashDrawer.obj
 0001:00006058       ?FireViewChange@CComControlBase@ATL@@QEAAJXZ 0000000180007058 f i CashDrawer.obj
 0001:000060bc       ?Fire_DirectIOEvent@?$CProxy_IOPOSEvents@VCOPOSCashDrawer@@@@QEAAXJPEAJPEAPEA_W@Z 00000001800070bc f i CashDrawer.obj
 0001:00006214       ?Fire_StatusUpdateEvent@?$CProxy_IOPOSEvents@VCOPOSCashDrawer@@@@QEAAXJ@Z 0000000180007214 f i CashDrawer.obj
 0001:00006300       ?FreeHeap@?$CTempBuffer@E$0BAA@VCCRTAllocator@ATL@@@ATL@@AEAAXXZ 0000000180007300 f i CashDrawer.obj
 0001:00006300       ?FreeHeap@?$CTempBuffer@_W$0BAA@VCCRTAllocator@ATL@@@ATL@@AEAAXXZ 0000000180007300 f i CashDrawer.obj
 0001:00006300       ?FreeHeap@?$CTempBuffer@_W$0EAA@VCCRTAllocator@ATL@@@ATL@@AEAAXXZ 0000000180007300 f i CashDrawer.obj
 0001:00006308       ?GetAmbientLocaleID@CComControlBase@ATL@@QEAAJAEAK@Z 0000000180007308 f i CashDrawer.obj
 0001:000063c8       ?GetAmbientUserMode@CComControlBase@ATL@@QEAAJAEAH@Z 00000001800073c8 f i CashDrawer.obj
 0001:00006498       ?GetClassObject@CComModule@ATL@@QEAAJAEBU_GUID@@0PEAPEAX@Z 0000000180007498 f i CashDrawer.obj
 0001:0000658c       ?GetConnMap@COPOSCashDrawer@@SAPEBU_ATL_CONNMAP_ENTRY@ATL@@PEAH@Z 000000018000758c f i CashDrawer.obj
 0001:00006614       ?GetIDsOfNames@CComTypeInfoHolder@ATL@@QEAAJAEBU_GUID@@PEAPEA_WIKPEAJ@Z 0000000180007614 f i CashDrawer.obj
 0001:0000678c       ?GetPagesHelper@?$ISpecifyPropertyPagesImpl@VCOPOSCashDrawer@@@ATL@@IEAAJPEAUtagCAUUID@@PEBUATL_PROPMAP_ENTRY@2@@Z 000000018000778c f i CashDrawer.obj
 0001:0000692c       ?GetSizeMax@CComVariant@ATL@@QEBAJPEAT_ULARGE_INTEGER@@@Z 000000018000792c f i CashDrawer.obj
 0001:00006b60       ?GetTI@CComTypeInfoHolder@ATL@@QEAAJK@Z 0000000180007b60 f i CashDrawer.obj
 0001:00006e58       ?GetZoomInfo@CComControlBase@ATL@@QEAAXAEAUATL_DRAWINFO@@@Z 0000000180007e58 f i CashDrawer.obj
 0001:00006efc       ?HKeyFromString@CRegParser@ATL@@KAPEAUHKEY__@@PEA_W@Z 0000000180007efc f i CashDrawer.obj
 0001:00006f60       ?IDataObject_GetData@CComControlBase@ATL@@QEAAJPEAUtagFORMATETC@@PEAUtagSTGMEDIUM@@@Z 0000000180007f60 f i CashDrawer.obj
 0001:00007154       ?IOleInPlaceObject_InPlaceDeactivate@CComControlBase@ATL@@QEAAJXZ 0000000180008154 f i CashDrawer.obj
 0001:000071f4       ?IOleInPlaceObject_SetObjectRects@CComControlBase@ATL@@QEAAJPEBUtagRECT@@0@Z 00000001800081f4 f i CashDrawer.obj
 0001:000072e4       ?IOleInPlaceObject_UIDeactivate@CComControlBase@ATL@@QEAAJXZ 00000001800082e4 f i CashDrawer.obj
 0001:000073f0       ?IOleObject_Close@CComControlBase@ATL@@QEAAJK@Z 00000001800083f0 f i CashDrawer.obj
 0001:00007508       ?IOleObject_SetClientSite@CComControlBase@ATL@@QEAAJPEAUIOleClientSite@@@Z 0000000180008508 f i CashDrawer.obj
 0001:00007580       ?IOleObject_SetExtent@CComControlBase@ATL@@QEAAJKPEAUtagSIZE@@@Z 0000000180008580 f i CashDrawer.obj
 0001:00007618       ?IPSI_GetIPersistStreamInit@?$IPersistStorageImpl@VCOPOSCashDrawer@@@ATL@@AEAAPEAUIPersistStreamInit@@XZ 0000000180008618 f i CashDrawer.obj
 0001:00007700       ?IPersistStreamInit_Load@?$IPersistStreamInitImpl@VCOPOSCashDrawer@@@ATL@@QEAAJPEAUIStream@@PEBUATL_PROPMAP_ENTRY@2@@Z 0000000180008700 f i CashDrawer.obj
 0001:00007a34       ?IPersistStreamInit_Save@?$IPersistStreamInitImpl@VCOPOSCashDrawer@@@ATL@@QEAAJPEAUIStream@@HPEBUATL_PROPMAP_ENTRY@2@@Z 0000000180008a34 f i CashDrawer.obj
 0001:00007cd8       ?IQuickActivate_QuickActivate@CComControlBase@ATL@@QEAAJPEAUtagQACONTAINER@@PEAUtagQACONTROL@@@Z 0000000180008cd8 f i CashDrawer.obj
 0001:00007f9c       ?IViewObject_Draw@CComControlBase@ATL@@QEAAJKJPEAXPEAUtagDVTARGETDEVICE@@PEAUHDC__@@2PEBU_RECTL@@3@Z 0000000180008f9c f i CashDrawer.obj
 0001:000080b0       ?InPlaceActivate@CComControlBase@ATL@@QEAAJJPEBUtagRECT@@@Z 00000001800090b0 f i CashDrawer.obj
 0001:000083e8       ?Init@?$CComEnumImpl@UIEnumConnectionPoints@@$1?_GUID_b196b285_bab4_101a_b69c_00aa00341d07@@3U__s_GUID@@BPEAUIConnectionPoint@@V?$_CopyInterface@UIConnectionPoint@@@ATL@@@ATL@@QEAAJPEAPEAUIConnectionPoint@@0PEAUIUnknown@@W4CComEnumFlags@2@@Z 00000001800093e8 f i CashDrawer.obj
 0001:00008508       ?Init@?$CComEnumImpl@UIEnumConnections@@$1?_GUID_b196b287_bab4_101a_b69c_00aa00341d07@@3U__s_GUID@@BUtagCONNECTDATA@@V?$_Copy@UtagCONNECTDATA@@@ATL@@@ATL@@QEAAJPEAUtagCONNECTDATA@@0PEAUIUnknown@@W4CComEnumFlags@2@@Z 0000000180009508 f i CashDrawer.obj
 0001:0000862c       ?IsEqualObject@?$CComPtrBase@UIOleClientSite@@@ATL@@QEAA_NPEAUIUnknown@@@Z 000000018000962c f i CashDrawer.obj
 0001:000086b8       ?LoadNameCache@CComTypeInfoHolder@ATL@@QEAAJPEAUITypeInfo@@@Z 00000001800096b8 f i CashDrawer.obj
 0001:00008838       ?Lookup@?$CSimpleMap@PEA_WPEA_WVCExpansionVectorEqualHelper@ATL@@@ATL@@QEBAPEA_WAEBQEA_W@Z 0000000180009838 f i CashDrawer.obj
 0001:000088c4       ?NextToken@CRegParser@ATL@@IEAAJPEA_W@Z 00000001800098c4 f i CashDrawer.obj
 0001:00008a7c       ?OnKillFocus@CComControlBase@ATL@@QEAA_JI_K_JAEAH@Z 0000000180009a7c f i CashDrawer.obj
 0001:00008b18       ?OnMouseActivate@CComControlBase@ATL@@QEAA_JI_K_JAEAH@Z 0000000180009b18 f i CashDrawer.obj
 0001:00008bb8       ?OnPaint@CComControlBase@ATL@@QEAA_JI_K_JAEAH@Z 0000000180009bb8 f i CashDrawer.obj
 0001:00008ca4       ?OnSetFocus@CComControlBase@ATL@@QEAA_JI_K_JAEAH@Z 0000000180009ca4 f i CashDrawer.obj
 0001:00008da0       ?PreProcessBuffer@CRegParser@ATL@@QEAAJPEA_WPEAPEA_W@Z 0000000180009da0 f i CashDrawer.obj
 0001:00009124       ?ProcessWindowMessage@?$CComControl@VCOPOSCashDrawer@@V?$CWindowImpl@VCOPOSCashDrawer@@VCWindow@ATL@@V?$CWinTraits@$0FGAAAAAA@$0A@@3@@ATL@@@ATL@@UEAAHPEAUHWND__@@I_K_JAEA_JK@Z 000000018000a124 f i CashDrawer.obj
 0001:00009208       ?ReadFromStream@CComBSTR@ATL@@QEAAJPEAUIStream@@@Z 000000018000a208 f i CashDrawer.obj
 0001:00009364       ?ReadFromStream@CComVariant@ATL@@QEAAJPEAUIStream@@GTClassesAllowedInStream@2@K@Z 000000018000a364 f i CashDrawer.obj
 0001:00009574       ?RecurseDeleteKey@CRegKey@ATL@@QEAAJPEB_W@Z 000000018000a574 f i CashDrawer.obj
 0001:000096cc       ?RegCreateKeyExW@CAtlTransactionManager@ATL@@QEAAJPEAUHKEY__@@PEB_WKPEA_WKKQEAU_SECURITY_ATTRIBUTES@@PEAPEAU3@PEAK@Z 000000018000a6cc f i CashDrawer.obj
 0001:00009800       ?RegDeleteKeyW@CAtlTransactionManager@ATL@@QEAAJPEAUHKEY__@@PEB_W@Z 000000018000a800 f i CashDrawer.obj
 0001:0000988c       ?RegOpenKeyExW@CAtlTransactionManager@ATL@@QEAAJPEAUHKEY__@@PEB_WKKPEAPEAU3@@Z 000000018000a88c f i CashDrawer.obj
 0001:00009944       ?RegisterBuffer@CRegParser@ATL@@QEAAJPEA_WH@Z 000000018000a944 f i CashDrawer.obj
 0001:00009aac       ?RegisterFromResource@CRegObject@ATL@@IEAAJPEB_W00H@Z 000000018000aaac f i CashDrawer.obj
 0001:00009c68       ?RegisterServer@CComModule@ATL@@QEAAJHPEBU_GUID@@@Z 000000018000ac68 f i CashDrawer.obj
 0001:00009d28       ?RegisterSubkeys@CRegParser@ATL@@IEAAJPEA_WPEAUHKEY__@@HH@Z 000000018000ad28 f i CashDrawer.obj
 0001:0000a594       ?SendOnDataChange@CComControlBase@ATL@@QEAAJK@Z 000000018000b594 f i CashDrawer.obj
 0001:0000a604       ?SetControlFocus@CComControlBase@ATL@@QEAAHH@Z 000000018000b604 f i CashDrawer.obj
 0001:0000a6e0       ?SkipAssignment@CRegParser@ATL@@IEAAJPEA_W@Z 000000018000b6e0 f i CashDrawer.obj
 0001:0000a784       ?Term@CAtlModule@ATL@@QEAAXXZ 000000018000b784 f i CashDrawer.obj
 0001:0000a804       ?Term@CComModule@ATL@@QEAAXXZ 000000018000b804 f i CashDrawer.obj
 0001:0000a880       ?UnregisterServer@CComModule@ATL@@QEAAJHPEBU_GUID@@@Z 000000018000b880 f i CashDrawer.obj
 0001:0000a930       ?UpdateRegistryFromResource@CAtlModule@ATL@@QEAAJIHPEAU_ATL_REGMAP_ENTRY@2@@Z 000000018000b930 f i CashDrawer.obj
 0001:0000ac3c       ?UpdateRegistryFromResource@CAtlModule@ATL@@QEAAJPEB_WHPEAU_ATL_REGMAP_ENTRY@2@@Z 000000018000bc3c f i CashDrawer.obj
 0001:0000af60       ?VTFromRegType@CRegParser@ATL@@KAHPEB_WAEAG@Z 000000018000bf60 f i CashDrawer.obj
 0001:0000affc       ?WindowProc@?$CWindowImplBaseT@VCWindow@ATL@@V?$CWinTraits@$0FGAAAAAA@$0A@@2@@ATL@@SA_JPEAUHWND__@@I_K_J@Z 000000018000bffc f i CashDrawer.obj
 0001:0000b168       ?WriteToStream@CComVariant@ATL@@QEAAJPEAUIStream@@@Z 000000018000c168 f i CashDrawer.obj
 0001:0000b3bc       ?WriteToStream@CComVariant@ATL@@QEAAJPEAUIStream@@G@Z 000000018000c3bc f i CashDrawer.obj
 0001:0000b454       ?_AtlVerifyStackAvailable@_ATL_SAFE_ALLOCA_IMPL@ATL@@YA_N_K@Z 000000018000c454 f i CashDrawer.obj
 0001:0000b4d8       ?atlCreate@?$CWindowImpl@VCOPOSCashDrawer@@VCWindow@ATL@@V?$CWinTraits@$0FGAAAAAA@$0A@@3@@ATL@@QEAAPEAUHWND__@@PEAU3@V_U_RECT@2@PEB_WKKV_U_MENUorID@2@PEAX@Z 000000018000c4d8 f i CashDrawer.obj
 0001:0000b588       ?atlCreate@?$CWindowImplBaseT@VCWindow@ATL@@V?$CWinTraits@$0FGAAAAAA@$0A@@2@@ATL@@QEAAPEAUHWND__@@PEAU3@V_U_RECT@2@PEB_WKKV_U_MENUorID@2@GPEAX@Z 000000018000c588 f i CashDrawer.obj
 0001:0000b6f8       ?ocscpy_s@@YA_NPEA_W_KPEB_W@Z 000000018000c6f8 f i CashDrawer.obj
 0001:0000b7a8       DllCanUnloadNow            000000018000c7a8 f   CashDrawer.obj
 0001:0000b7b4       DllGetClassObject          000000018000c7b4 f   CashDrawer.obj
 0001:0000b7cc       DllMain                    000000018000c7cc f   CashDrawer.obj
 0001:0000b874       DllRegisterServer          000000018000c874 f   CashDrawer.obj
 0001:0000b888       DllUnregisterServer        000000018000c888 f   CashDrawer.obj
 0001:0000b89c       __local_stdio_printf_options 000000018000c89c f i CashDrawer.obj
 0001:0000b8a4       swprintf_s                 000000018000c8a4 f i CashDrawer.obj
 0001:0000b8f8       ??0COPOSCashDrawer@@QEAA@XZ 000000018000c8f8 f   CashDrawerImpl.obj
 0001:0000b9b4       ??1?$IConnectionPointImpl@VCOPOSCashDrawer@@$1?IID_IPropertyNotifySink@@3U_GUID@@BVCComDynamicUnkArray@ATL@@@ATL@@QEAA@XZ 000000018000c9b4 f i CashDrawerImpl.obj
 0001:0000b9b4       ??1?$IConnectionPointImpl@VCOPOSCashDrawer@@$1?DIID__IOPOSCashDrawerEvents@@3U_GUID@@BVCComDynamicUnkArray@ATL@@@ATL@@QEAA@XZ 000000018000c9b4 f i CashDrawerImpl.obj
 0001:0000ba10       ??1CComControlBase@ATL@@UEAA@XZ 000000018000ca10 f i CashDrawerImpl.obj
 0001:0000ba8c       ??1COPOSCashDrawer@@UEAA@XZ 000000018000ca8c f   CashDrawerImpl.obj
 0001:0000baf0       ?CheckHealth@COPOSCashDrawer@@UEAAJJPEAJ@Z 000000018000caf0 f   CashDrawerImpl.obj
 0001:0000bb6c       ?ClaimDevice@COPOSCashDrawer@@UEAAJJPEAJ@Z 000000018000cb6c f   CashDrawerImpl.obj
 0001:0000bc04       ?Close@COPOSCashDrawer@@UEAAJPEAJ@Z 000000018000cc04 f   CashDrawerImpl.obj
 0001:0000bcbc       ?CompareFirmwareVersion@COPOSCashDrawer@@UEAAJPEA_WPEAJ1@Z 000000018000ccbc f   CashDrawerImpl.obj
 0001:0000bd98       ?DirectIO@COPOSCashDrawer@@UEAAJJPEAJPEAPEA_W0@Z 000000018000cd98 f   CashDrawerImpl.obj
 0001:0000be94       ?DoInvoke@COPOSCashDrawer@@IEAAJJPEAVOposVariant@@IHPEAJ_N@Z 000000018000ce94 f   CashDrawerImpl.obj
 0001:0000bfc8       ?EventInit@COPOSCashDrawer@@IEAAJXZ 000000018000cfc8 f i CashDrawerImpl.obj
 0001:0000c110       ?EventUninit@COPOSCashDrawer@@IEAAXXZ 000000018000d110 f i CashDrawerImpl.obj
 0001:0000c174       ?EventWindowProc@COPOSCashDrawer@@IEAA_JI_K_J@Z 000000018000d174 f i CashDrawerImpl.obj
 0001:0000c26c       ?FinalConstruct@COPOSCashDrawer@@QEAAJXZ 000000018000d26c f   CashDrawerImpl.obj
 0001:0000c2a8       ?FreezeEvents@COPOSCashDrawer@@MEAAJH@Z 000000018000d2a8 f   CashDrawerImpl.obj
 0001:0000c31c       ?GetOposProp@COPOSCashDrawer@@IEAAJJPEAJJ@Z 000000018000d31c f   CashDrawerImpl.obj
 0001:0000c438       ?GetOposProp@COPOSCashDrawer@@IEAAJJPEAPEA_WJ@Z 000000018000d438 f   CashDrawerImpl.obj
 0001:0000c564       ?OnDraw@COPOSCashDrawer@@MEAAJAEAUATL_DRAWINFO@@@Z 000000018000d564 f   CashDrawerImpl.obj
 0001:0000c650       ?Open@COPOSCashDrawer@@UEAAJPEA_WPEAJ@Z 000000018000d650 f   CashDrawerImpl.obj
 0001:0000ced8       ?OpenDrawer@COPOSCashDrawer@@UEAAJPEAJ@Z 000000018000ded8 f   CashDrawerImpl.obj
 0001:0000cf00       ?ReleaseDevice@COPOSCashDrawer@@UEAAJPEAJ@Z 000000018000df00 f   CashDrawerImpl.obj
 0001:0000cf44       ?ResetStatistics@COPOSCashDrawer@@UEAAJPEA_WPEAJ@Z 000000018000df44 f   CashDrawerImpl.obj
 0001:0000cfcc       ?RetrieveStatistics@COPOSCashDrawer@@UEAAJPEAPEA_WPEAJ@Z 000000018000dfcc f   CashDrawerImpl.obj
 0001:0000d054       ?SOProcessID@COPOSCashDrawer@@UEAAJPEAJ@Z 000000018000e054 f   CashDrawerImpl.obj
 0001:0000d070       ?SetCOFreezeEvents@COPOSCashDrawer@@IEAAXF@Z 000000018000e070 f   CashDrawerImpl.obj
 0001:0000d154       ?SetOposProp@COPOSCashDrawer@@IEAAJJJJ@Z 000000018000e154 f   CashDrawerImpl.obj
 0001:0000d2b4       ?UpdateFirmware@COPOSCashDrawer@@UEAAJPEA_WPEAJ@Z 000000018000e2b4 f   CashDrawerImpl.obj
 0001:0000d33c       ?UpdateStatistics@COPOSCashDrawer@@UEAAJPEA_WPEAJ@Z 000000018000e33c f   CashDrawerImpl.obj
 0001:0000d3c4       ?WaitForDrawerClose@COPOSCashDrawer@@UEAAJJJJJPEAJ@Z 000000018000e3c4 f   CashDrawerImpl.obj
 0001:0000d4c0       ?get_BinaryConversion@COPOSCashDrawer@@UEAAJPEAJ@Z 000000018000e4c0 f   CashDrawerImpl.obj
 0001:0000d4d4       ?get_CapCompareFirmwareVersion@COPOSCashDrawer@@UEAAJPEAF@Z 000000018000e4d4 f   CashDrawerImpl.obj
 0001:0000d508       ?get_CapPowerReporting@COPOSCashDrawer@@UEAAJPEAJ@Z 000000018000e508 f   CashDrawerImpl.obj
 0001:0000d51c       ?get_CapStatisticsReporting@COPOSCashDrawer@@UEAAJPEAF@Z 000000018000e51c f   CashDrawerImpl.obj
 0001:0000d550       ?get_CapStatus@COPOSCashDrawer@@UEAAJPEAF@Z 000000018000e550 f   CashDrawerImpl.obj
 0001:0000d580       ?get_CapStatusMultiDrawerDetect@COPOSCashDrawer@@UEAAJPEAF@Z 000000018000e580 f   CashDrawerImpl.obj
 0001:0000d5b4       ?get_CapUpdateFirmware@COPOSCashDrawer@@UEAAJPEAF@Z 000000018000e5b4 f   CashDrawerImpl.obj
 0001:0000d5e8       ?get_CapUpdateStatistics@COPOSCashDrawer@@UEAAJPEAF@Z 000000018000e5e8 f   CashDrawerImpl.obj
 0001:0000d61c       ?get_CheckHealthText@COPOSCashDrawer@@UEAAJPEAPEA_W@Z 000000018000e61c f   CashDrawerImpl.obj
 0001:0000d62c       ?get_Claimed@COPOSCashDrawer@@UEAAJPEAF@Z 000000018000e62c f   CashDrawerImpl.obj
 0001:0000d65c       ?get_ControlObjectDescription@COPOSCashDrawer@@UEAAJPEAPEA_W@Z 000000018000e65c f   CashDrawerImpl.obj
 0001:0000d6c0       ?get_ControlObjectVersion@COPOSCashDrawer@@UEAAJPEAJ@Z 000000018000e6c0 f   CashDrawerImpl.obj
 0001:0000d6cc       ?get_DeviceDescription@COPOSCashDrawer@@UEAAJPEAPEA_W@Z 000000018000e6cc f   CashDrawerImpl.obj
 0001:0000d6dc       ?get_DeviceEnabled@COPOSCashDrawer@@UEAAJPEAF@Z 000000018000e6dc f   CashDrawerImpl.obj
 0001:0000d70c       ?get_DeviceName@COPOSCashDrawer@@UEAAJPEAPEA_W@Z 000000018000e70c f   CashDrawerImpl.obj
 0001:0000d71c       ?get_DrawerOpened@COPOSCashDrawer@@UEAAJPEAF@Z 000000018000e71c f   CashDrawerImpl.obj
 0001:0000d74c       ?get_FreezeEvents@COPOSCashDrawer@@UEAAJPEAF@Z 000000018000e74c f   CashDrawerImpl.obj
 0001:0000d77c       ?get_OpenResult@COPOSCashDrawer@@UEAAJPEAJ@Z 000000018000e77c f   CashDrawerImpl.obj
 0001:0000d788       ?get_PowerNotify@COPOSCashDrawer@@UEAAJPEAJ@Z 000000018000e788 f   CashDrawerImpl.obj
 0001:0000d79c       ?get_PowerState@COPOSCashDrawer@@UEAAJPEAJ@Z 000000018000e79c f   CashDrawerImpl.obj
 0001:0000d7b0       ?get_ResultCode@COPOSCashDrawer@@UEAAJPEAJ@Z 000000018000e7b0 f   CashDrawerImpl.obj
 0001:0000d7ec       ?get_ResultCodeExtended@COPOSCashDrawer@@UEAAJPEAJ@Z 000000018000e7ec f   CashDrawerImpl.obj
 0001:0000d7fc       ?get_ServiceObjectDescription@COPOSCashDrawer@@UEAAJPEAPEA_W@Z 000000018000e7fc f   CashDrawerImpl.obj
 0001:0000d80c       ?get_ServiceObjectVersion@COPOSCashDrawer@@UEAAJPEAJ@Z 000000018000e80c f   CashDrawerImpl.obj
 0001:0000d81c       ?get_State@COPOSCashDrawer@@UEAAJPEAJ@Z 000000018000e81c f   CashDrawerImpl.obj
 0001:0000d848       ?put_BinaryConversion@COPOSCashDrawer@@UEAAJJ@Z 000000018000e848 f   CashDrawerImpl.obj
 0001:0000d85c       ?put_DeviceEnabled@COPOSCashDrawer@@UEAAJF@Z 000000018000e85c f   CashDrawerImpl.obj
 0001:0000d874       ?put_FreezeEvents@COPOSCashDrawer@@UEAAJF@Z 000000018000e874 f   CashDrawerImpl.obj
 0001:0000d8c4       ?put_PowerNotify@COPOSCashDrawer@@UEAAJJ@Z 000000018000e8c4 f   CashDrawerImpl.obj
 0001:0000d8d8       ?s_EventWindowProc@COPOSCashDrawer@@KA_JPEAUHWND__@@I_K_J@Z 000000018000e8d8 f i CashDrawerImpl.obj
 0001:0000d954       ??_U@YAPEAX_K@Z            000000018000e954 f   LIBCMT:new_array.obj
 0001:0000d95c       ??3@YAXPEAX_K@Z            000000018000e95c f   LIBCMT:delete_scalar_size.obj
 0001:0000d95c       ??_V@YAXPEAX@Z             000000018000e95c f   LIBCMT:delete_array.obj
 0001:0000d964       ??_V@YAXPEAX_K@Z           000000018000e964 f   LIBCMT:delete_array_size.obj
 0001:0000d96c       __scrt_acquire_startup_lock 000000018000e96c f   LIBCMT:utility.obj
 0001:0000d9a8       __scrt_dllmain_after_initialize_c 000000018000e9a8 f   LIBCMT:utility.obj
 0001:0000d9dc       __scrt_dllmain_before_initialize_c 000000018000e9dc f   LIBCMT:utility.obj
 0001:0000d9f4       __scrt_dllmain_crt_thread_attach 000000018000e9f4 f   LIBCMT:utility.obj
 0001:0000da1c       __scrt_dllmain_crt_thread_detach 000000018000ea1c f   LIBCMT:utility.obj
 0001:0000da34       __scrt_dllmain_exception_filter 000000018000ea34 f   LIBCMT:utility.obj
 0001:0000da94       __scrt_dllmain_uninitialize_c 000000018000ea94 f   LIBCMT:utility.obj
 0001:0000dac4       __scrt_dllmain_uninitialize_critical 000000018000eac4 f   LIBCMT:utility.obj
 0001:0000dad8       __scrt_initialize_crt      000000018000ead8 f   LIBCMT:utility.obj
 0001:0000db24       __scrt_initialize_onexit_tables 000000018000eb24 f   LIBCMT:utility.obj
 0001:0000dbb0       __scrt_is_nonwritable_in_current_image 000000018000ebb0 f   LIBCMT:utility.obj
 0001:0000dc48       __scrt_release_startup_lock 000000018000ec48 f   LIBCMT:utility.obj
 0001:0000dc6c       __scrt_uninitialize_crt    000000018000ec6c f   LIBCMT:utility.obj
 0001:0000dc98       _onexit                    000000018000ec98 f   LIBCMT:utility.obj
 0001:0000dcd4       atexit                     000000018000ecd4 f   LIBCMT:utility.obj
 0001:0000dcec       ??3@YAXPEAX@Z              000000018000ecec f   LIBCMT:delete_scalar.obj
 0001:0000ddec       _Init_thread_footer        000000018000edec f   LIBCMT:thread_safe_statics.obj
 0001:0000de4c       _Init_thread_header        000000018000ee4c f   LIBCMT:thread_safe_statics.obj
 0001:0000deb4       _Init_thread_notify        000000018000eeb4 f   LIBCMT:thread_safe_statics.obj
 0001:0000def8       _Init_thread_wait          000000018000eef8 f   LIBCMT:thread_safe_statics.obj
 0001:0000df5c       __raise_securityfailure    000000018000ef5c f   LIBCMT:gs_report.obj
 0001:0000df90       __report_gsfailure         000000018000ef90 f   LIBCMT:gs_report.obj
 0001:0000e064       __report_rangecheckfailure 000000018000f064 f   LIBCMT:gs_report.obj
 0001:0000e078       __report_securityfailure   000000018000f078 f   LIBCMT:gs_report.obj
 0001:0000e1f8       ??2@YAPEAX_KAEBUnothrow_t@std@@@Z 000000018000f1f8 f   LIBCMT:new_scalar_nothrow.obj
 0001:0000e218       ??_U@YAPEAX_KAEBUnothrow_t@std@@@Z 000000018000f218 f   LIBCMT:new_array_nothrow.obj
 0001:0000e220       __GSHandlerCheck           000000018000f220 f   LIBCMT:gshandler.obj
 0001:0000e240       __GSHandlerCheckCommon     000000018000f240 f   LIBCMT:gshandler.obj
 0001:0000e29c       __GSHandlerCheck_SEH       000000018000f29c f   LIBCMT:gshandlerseh.obj
 0001:0000e340       __chkstk                   000000018000f340 f   LIBCMT:chkstk.obj
 0001:0000e340       _alloca_probe              000000018000f340 f   LIBCMT:chkstk.obj
 0001:0000e3b0       __security_check_cookie    000000018000f3b0 f   LIBCMT:amdsecgs.obj
 0001:0000e6f4       _DllMainCRTStartup         000000018000f6f4 f   LIBCMT:dll_dllmain.obj
 0001:0000e734       ??2@YAPEAX_K@Z             000000018000f734 f   LIBCMT:new_scalar.obj
 0001:0000e770       __isa_available_init       000000018000f770 f   LIBCMT:cpu_disp.obj
 0001:0000e914       __scrt_is_ucrt_dll_in_use  000000018000f914 f   LIBCMT:ucrt_detection.obj
 0001:0000e920       __crt_debugger_hook        000000018000f920 f   LIBCMT:utility_desktop.obj
 0001:0000e928       __scrt_fastfail            000000018000f928 f   LIBCMT:utility_desktop.obj
 0001:0000ea74       __security_init_cookie     000000018000fa74 f   LIBCMT:gs_support.obj
 0001:0000eb20       ?__scrt_initialize_type_info@@YAXXZ 000000018000fb20 f   LIBCMT:tncleanup.obj
 0001:0000eb30       ?__scrt_uninitialize_type_info@@YAXXZ 000000018000fb30 f   LIBCMT:tncleanup.obj
 0001:0000eb3c       __local_stdio_scanf_options 000000018000fb3c f i LIBCMT:default_local_stdio_options.obj
 0001:0000eb44       __scrt_initialize_default_local_stdio_options 000000018000fb44 f   LIBCMT:default_local_stdio_options.obj
 0001:0000eb60       __scrt_get_dyn_tls_init_callback 000000018000fb60 f   LIBCMT:dyn_tls_init.obj
 0001:0000eb68       _RTC_Initialize            000000018000fb68 f   LIBCMT:initsect.obj
 0001:0000eba4       _RTC_Terminate             000000018000fba4 f   LIBCMT:initsect.obj
 0001:0000ebe0       ??0bad_alloc@std@@QEAA@AEBV01@@Z 000000018000fbe0 f i LIBCMT:throw_bad_alloc.obj
 0001:0000ec1c       ??0bad_alloc@std@@QEAA@XZ  000000018000fc1c f i LIBCMT:throw_bad_alloc.obj
 0001:0000ec3c       ??0bad_array_new_length@std@@QEAA@AEBV01@@Z 000000018000fc3c f i LIBCMT:throw_bad_alloc.obj
 0001:0000ec78       ??0bad_array_new_length@std@@QEAA@XZ 000000018000fc78 f i LIBCMT:throw_bad_alloc.obj
 0001:0000ec98       ??0exception@std@@QEAA@AEBV01@@Z 000000018000fc98 f i LIBCMT:throw_bad_alloc.obj
 0001:0000eccc       ??1bad_exception@std@@UEAA@XZ 000000018000fccc f i libvcruntime:frame.obj
 0001:0000eccc       ??1bad_array_new_length@std@@UEAA@XZ 000000018000fccc f i LIBCMT:throw_bad_alloc.obj
 0001:0000eccc       ??1bad_alloc@std@@UEAA@XZ  000000018000fccc f i LIBCMT:throw_bad_alloc.obj
 0001:0000ece0       ??_Gbad_exception@std@@UEAAPEAXI@Z 000000018000fce0 f i libvcruntime:frame.obj
 0001:0000ece0       ??_Gbad_alloc@std@@UEAAPEAXI@Z 000000018000fce0 f i LIBCMT:throw_bad_alloc.obj
 0001:0000ece0       ??_Ebad_alloc@std@@UEAAPEAXI@Z 000000018000fce0 f i LIBCMT:throw_bad_alloc.obj
 0001:0000ece0       ??_Ebad_array_new_length@std@@UEAAPEAXI@Z 000000018000fce0 f i LIBCMT:throw_bad_alloc.obj
 0001:0000ece0       ??_Gexception@std@@UEAAPEAXI@Z 000000018000fce0 f i LIBCMT:throw_bad_alloc.obj
 0001:0000ece0       ??_Gbad_array_new_length@std@@UEAAPEAXI@Z 000000018000fce0 f i LIBCMT:throw_bad_alloc.obj
 0001:0000ece0       ??_Ebad_exception@std@@UEAAPEAXI@Z 000000018000fce0 f i libvcruntime:frame.obj
 0001:0000ece0       ??_Eexception@std@@UEAAPEAXI@Z 000000018000fce0 f i LIBCMT:throw_bad_alloc.obj
 0001:0000ed24       ?__scrt_throw_std_bad_alloc@@YAXXZ 000000018000fd24 f   LIBCMT:throw_bad_alloc.obj
 0001:0000ed44       ?__scrt_throw_std_bad_array_new_length@@YAXXZ 000000018000fd44 f   LIBCMT:throw_bad_alloc.obj
 0001:0000ed64       ?what@exception@std@@UEBAPEBDXZ 000000018000fd64 f i LIBCMT:throw_bad_alloc.obj
 0001:0000ed80       ??_Etype_info@@UEAAPEAXI@Z 000000018000fd80 f i LIBCMT:std_type_info_static.obj
 0001:0000ed80       ??_Gtype_info@@UEAAPEAXI@Z 000000018000fd80 f i LIBCMT:std_type_info_static.obj
 0001:0000edac       ??0CAtlBaseModule@ATL@@QEAA@XZ 000000018000fdac f   atls:atlbase.obj
 0001:0000ee54       ??1CAtlBaseModule@ATL@@QEAA@XZ 000000018000fe54 f   atls:atlbase.obj
 0001:0000ef88       ?__AllocStdCallThunk_cmn@@YAPEAXXZ 000000018000ff88 f   atls:atlthunk.obj
 0001:0000f0e0       AtlThunk_AllocateData      00000001800100e0 f   atls:atlthunk.obj
 0001:0000f15c       AtlThunk_DataToCode        000000018001015c f   atls:atlthunk.obj
 0001:0000f1b0       AtlThunk_FreeData          00000001800101b0 f   atls:atlthunk.obj
 0001:0000f210       AtlThunk_InitData          0000000180010210 f   atls:atlthunk.obj
 0001:0000f2b8       _get_purecall_handler      00000001800102b8 f   libvcruntime:purevirt.obj
 0001:0000f2c0       _purecall                  00000001800102c0 f   libvcruntime:purevirt.obj
 0001:0000f2dc       wcsstr                     00000001800102dc f   libvcruntime:wcsstr.obj
 0001:0000f510       memcmp                     0000000180010510 f   libvcruntime:memcmp.obj
 0001:0000f5f0       memcpy_repmovs             00000001800105f0 f   libvcruntime:memcpy.obj
 0001:0000f610       memmove                    0000000180010610 f   libvcruntime:memcpy.obj
 0001:0000f610       memcpy                     0000000180010610 f   libvcruntime:memcpy.obj
 0001:0000fa00       memset_repmovs             0000000180010a00 f   libvcruntime:memset.obj
 0001:0000fa20       memset                     0000000180010a20 f   libvcruntime:memset.obj
 0001:0000fbb0       __vcrt_initialize          0000000180010bb0 f   libvcruntime:initialization.obj
 0001:0000fbd8       __vcrt_thread_attach       0000000180010bd8 f   libvcruntime:initialization.obj
 0001:0000fbec       __vcrt_thread_detach       0000000180010bec f   libvcruntime:initialization.obj
 0001:0000fc00       __vcrt_uninitialize        0000000180010c00 f   libvcruntime:initialization.obj
 0001:0000fc1c       __vcrt_uninitialize_critical 0000000180010c1c f   libvcruntime:initialization.obj
 0001:0000fc2c       __C_specific_handler       0000000180010c2c f   libvcruntime:riscchandler.obj
 0001:0000fe38       ??$_CallSETranslator@V__FrameHandler3@@@@YAHPEAUEHExceptionRecord@@PEA_KPEAU_CONTEXT@@PEAU_xDISPATCHER_CONTEXT@@PEBU_s_FuncInfo@@K1@Z 0000000180010e38 f i libvcruntime:risctrnsctrl.obj
 0001:0000fe8c       ?CatchTryBlock@__FrameHandler3@@SAPEBU_s_TryBlockMapEntry@@PEBU_s_FuncInfo@@H@Z 0000000180010e8c f   libvcruntime:risctrnsctrl.obj
 0001:0000fee0       ?ExecutionInCatch@__FrameHandler3@@SA_NPEAU_xDISPATCHER_CONTEXT@@PEBU_s_FuncInfo@@@Z 0000000180010ee0 f   libvcruntime:risctrnsctrl.obj
 0001:0000ff0c       ?FrameUnwindToEmptyState@__FrameHandler3@@SAXPEA_KPEAU_xDISPATCHER_CONTEXT@@PEBU_s_FuncInfo@@@Z 0000000180010f0c f   libvcruntime:risctrnsctrl.obj
 0001:0000ff70       ?GetEstablisherFrame@__FrameHandler3@@SAPEA_KPEA_KPEAU_xDISPATCHER_CONTEXT@@PEBU_s_FuncInfo@@0@Z 0000000180010f70 f   libvcruntime:risctrnsctrl.obj
 0001:0001003c       ?GetRangeOfTrysToCheck@__FrameHandler3@@SA?AU?$pair@Viterator@TryBlockMap@__FrameHandler3@@V123@@std@@AEAVTryBlockMap@1@HPEAU_xDISPATCHER_CONTEXT@@PEBU_s_FuncInfo@@H@Z 000000018001103c f   libvcruntime:risctrnsctrl.obj
 0001:0001017c       ?UnwindNestedFrames@__FrameHandler3@@SAXPEA_KPEAUEHExceptionRecord@@PEAU_CONTEXT@@0PEAXPEBU_s_FuncInfo@@HHPEBU_s_HandlerType@@PEAU_xDISPATCHER_CONTEXT@@E@Z 000000018001117c f   libvcruntime:risctrnsctrl.obj
 0001:00010280       _CreateFrameInfo           0000000180011280 f   libvcruntime:risctrnsctrl.obj
 0001:000102bc       _FindAndUnlinkFrame        00000001800112bc f   libvcruntime:risctrnsctrl.obj
 0001:00010310       _GetImageBase              0000000180011310 f   libvcruntime:risctrnsctrl.obj
 0001:00010324       _GetThrowImageBase         0000000180011324 f   libvcruntime:risctrnsctrl.obj
 0001:00010338       _SetImageBase              0000000180011338 f   libvcruntime:risctrnsctrl.obj
 0001:00010350       _SetThrowImageBase         0000000180011350 f   libvcruntime:risctrnsctrl.obj
 0001:00010368       __CxxFrameHandler3         0000000180011368 f   libvcruntime:risctrnsctrl.obj
 0001:000103f0       __DestructExceptionObject  00000001800113f0 f   libvcruntime:ehhelpers.obj
 0001:00010460       ?_CallMemberFunction0@@YAXQEAX0@Z 0000000180011460 f i libvcruntime:ehhelpers.obj
 0001:00010464       _IsExceptionObjectToBeDestroyed 0000000180011464 f   libvcruntime:ehhelpers.obj
 0001:00010494       __AdjustPointer            0000000180011494 f   libvcruntime:ehhelpers.obj
 0001:000104b8       __FrameUnwindFilter        00000001800114b8 f   libvcruntime:ehhelpers.obj
 0001:00010520       __std_type_info_compare    0000000180011520 f   libvcruntime:std_type_info.obj
 0001:00010548       __std_type_info_destroy_list 0000000180011548 f   libvcruntime:std_type_info.obj
 0001:00010574       __std_exception_copy       0000000180011574 f   libvcruntime:std_exception.obj
 0001:00010604       __std_exception_destroy    0000000180011604 f   libvcruntime:std_exception.obj
 0001:0001062c       _CxxThrowException         000000018001162c f   libvcruntime:throw.obj
[...]
 0004:000016f8       $pdata$?try_get_function@@YAPEAXW4function_id@?A0x391cf84c@@QEBDQEBW4module_id@2@2@Z 00000001800346f8     libucrt:winapi_thunks.obj
 0004:00001704       $pdata$wcstol              0000000180034704     libucrt:strtox.obj
 0004:00001710       $pdata$_mbtowc_l           0000000180034710     libucrt:mbtowc.obj
 0004:0000171c       $pdata$__acrt_update_locale_info 000000018003471c     libucrt:locale_update.obj
 0004:00001728       $pdata$__acrt_update_multibyte_info 0000000180034728     libucrt:locale_update.obj
 0004:00001734       $pdata$__acrt_fp_format    0000000180034734     libucrt:cvt.obj
 0004:00001740       $pdata$?fp_format_e_internal@@YAHQEAD_KH_NIQEAU_strflt@@2QEAU__crt_locale_pointers@@@Z 0000000180034740     libucrt:cvt.obj
 0004:0000174c       $pdata$?fp_format_e@@YAHQEBNQEAD_K12H_NIQEAU__crt_locale_pointers@@@Z 000000018003474c     libucrt:cvt.obj
 0004:00001758       $pdata$?fp_format_a@@YAHQEBNPEAD_KQEAD2H_NIQEAU__crt_locale_pointers@@@Z 0000000180034758     libucrt:cvt.obj
 0004:00001764       $pdata$?fp_format_f_internal@@YAHQEAD_KHQEAU_strflt@@_NQEAU__crt_locale_pointers@@@Z 0000000180034764     libucrt:cvt.obj
 0004:00001770       $pdata$?fp_format_g@@YAHQEBNQEAD_K12H_NIQEAU__crt_locale_pointers@@@Z 0000000180034770     libucrt:cvt.obj
 0004:0000177c       $pdata$_fileno             000000018003477c     libucrt:fileno.obj
 0004:00001788       $pdata$__acrt_initialize_stdio 0000000180034788     libucrt:_file.obj
 0004:00001794       $pdata$__acrt_uninitialize_stdio 0000000180034794     libucrt:_file.obj
 0004:000017a0       $pdata$__acrt_uninitialize_locale 00000001800347a0     libucrt:wsetlocale.obj
 0004:000017ac       $pdata$??$?RV<lambda_410d79af7f07d98d83a3f525b3859a53>@@AEAV<lambda_3e16ef9562a7dcce91392c22ab16ea36>@@V<lambda_38119f0e861e05405d8a144b9b982f0a>@@@?$__crt_seh_guarded_call@X@@QEAAX$$QEAV<lambda_410d79af7f07d98d83a3f525b3859a53>@@AEAV<lambda_3e16ef9562a7dcce91392c22ab16ea36>@@$$QEAV<lambda_38119f0e861e05405d8a144b9b982f0a>@@@Z 00000001800347ac     libucrt:wsetlocale.obj
 0004:000017b8       $pdata$?fin$0@?0???$?RV<lambda_410d79af7f07d98d83a3f525b3859a53>@@AEAV<lambda_3e16ef9562a7dcce91392c22ab16ea36>@@V<lambda_38119f0e861e05405d8a144b9b982f0a>@@@?$__crt_seh_guarded_call@X@@QEAAX$$QEAV<lambda_410d79af7f07d98d83a3f525b3859a53>@@AEAV<lambda_3e16ef9562a7dcce91392c22ab16ea36>@@$$QEAV<lambda_38119f0e861e05405d8a144b9b982f0a>@@@Z@4HA 00000001800347b8     libucrt:wsetlocale.obj
 0004:000017c4       $pdata$__acrt_initialize_lowio 00000001800347c4     libucrt:ioinit.obj
 0004:000017d0       $pdata$__acrt_initialize_lowio$fin$0 00000001800347d0     libucrt:ioinit.obj
 0004:000017d0       $pdata$__acrt_lowio_ensure_fh_exists$fin$0 00000001800347d0     libucrt:osfinfo.obj
 0004:000017dc       $pdata$__acrt_uninitialize_lowio 00000001800347dc     libucrt:ioinit.obj
 0004:000017e8       $pdata$?initialize_inherited_file_handles_nolock@@YAXXZ 00000001800347e8     libucrt:ioinit.obj
 0004:000017f4       $pdata$?initialize_stdio_handles_nolock@@YAXXZ 00000001800347f4     libucrt:ioinit.obj
 0004:00001800       $pdata$__acrt_initialize_locks 0000000180034800     libucrt:locks.obj
 0004:0000180c       $pdata$__acrt_uninitialize_locks 000000018003480c     libucrt:locks.obj
 0004:00001818       $pdata$__acrt_get_process_end_policy 0000000180034818     libucrt:win_policies.obj
 0004:00001824       $pdata$??$__acrt_mbs_to_wcs_cp@U__crt_win32_buffer_internal_dynamic_resizing@@@@YAHQEBDAEAV?$__crt_win32_buffer@_WU__crt_win32_buffer_internal_dynamic_resizing@@@@I@Z 0000000180034824     libucrt:argv_wildcards.obj
 0004:00001830       $pdata$??$__acrt_wcs_to_mbs_cp@U__crt_win32_buffer_internal_dynamic_resizing@@@@YAHQEB_WAEAV?$__crt_win32_buffer@DU__crt_win32_buffer_internal_dynamic_resizing@@@@I@Z 0000000180034830     libucrt:argv_wildcards.obj
 0004:0000183c       $pdata$??$common_expand_argv_wildcards@D@@YAHQEAPEADQEAPEAPEAD@Z 000000018003483c     libucrt:argv_wildcards.obj
 0004:00001848       $pdata$??$copy_and_add_argument_to_buffer@D@@YAHQEBD0_KAEAV?$argument_list@D@?A0x5f5c8891@@@Z 0000000180034848     libucrt:argv_wildcards.obj
 0004:00001854       $pdata$??$expand_argument_wildcards@D@@YAHQEAD0AEAV?$argument_list@D@?A0x5f5c8891@@@Z 0000000180034854     libucrt:argv_wildcards.obj
 0004:00001860       $pdata$__acrt_GetModuleFileNameA 0000000180034860     libucrt:getmodulefilenamea.obj
 0004:0000186c       $pdata$??$__acrt_wcs_to_mbs_cp@U__crt_win32_buffer_no_resizing@@@@YAHQEB_WAEAV?$__crt_win32_buffer@DU__crt_win32_buffer_no_resizing@@@@I@Z 000000018003486c     libucrt:getmodulefilenamea.obj
 0004:00001878       $pdata$__acrt_update_thread_multibyte_data 0000000180034878     libucrt:mbctype.obj
 0004:00001884       $pdata$__acrt_initialize_multibyte 0000000180034884     libucrt:mbctype.obj
 0004:00001890       $pdata$_setmbcp_nolock     0000000180034890     libucrt:mbctype.obj
 0004:0000189c       $pdata$?getSystemCP@@YAHH@Z 000000018003489c     libucrt:mbctype.obj
 0004:000018a8       $pdata$?setSBCS@@YAXPEAU__crt_multibyte_data@@@Z 00000001800348a8     libucrt:mbctype.obj
 0004:000018b4       $pdata$?update_thread_multibyte_data_internal@@YAPEAU__crt_multibyte_data@@QEAU__acrt_ptd@@QEAPEAU1@@Z 00000001800348b4     libucrt:mbctype.obj
 0004:000018c0       $pdata$?fin$0@?0??update_thread_multibyte_data_internal@@YAPEAU__crt_multibyte_data@@QEAU__acrt_ptd@@QEAPEAU1@@Z@4HA 00000001800348c0     libucrt:mbctype.obj
 0004:000018cc       $pdata$?setmbcp_internal@@YAHH_NQEAU__acrt_ptd@@QEAPEAU__crt_multibyte_data@@@Z 00000001800348cc     libucrt:mbctype.obj
 0004:000018d8       $pdata$?setSBUpLow@@YAXPEAU__crt_multibyte_data@@@Z 00000001800348d8     libucrt:mbctype.obj
 0004:000018e4       $pdata$??$?RV<lambda_efdfa57d1f175319df784efa44bb7b81>@@AEAV<lambda_5f0a4c1567f8adc6734073e5d1e1b35c>@@V<lambda_2e8a7d3640ea6ccb4c2413664c2db6fd>@@@?$__crt_seh_guarded_call@X@@QEAAX$$QEAV<lambda_efdfa57d1f175319df784efa44bb7b81>@@AEAV<lambda_5f0a4c1567f8adc6734073e5d1e1b35c>@@$$QEAV<lambda_2e8a7d3640ea6ccb4c2413664c2db6fd>@@@Z 00000001800348e4     libucrt:mbctype.obj
 0004:000018f0       $pdata$?x_ismbbtype_l@@YAHPEAU__crt_locale_pointers@@IHH@Z 00000001800348f0     libucrt:ismbbyte.obj
 0004:000018fc       $pdata$__acrt_initialize_command_line 00000001800348fc     libucrt:argv_data.obj
 0004:00001908       $pdata$__acrt_WideCharToMultiByte 0000000180034908     libucrt:widechartomultibyte.obj
 0004:00001914       $pdata$__dcrt_get_narrow_environment_from_os 0000000180034914     libucrt:get_environment_from_os.obj
 0004:00001920       $pdata$__acrt_initialize_heap 0000000180034920     libucrt:heap_handle.obj
 0004:0000192c       $pdata$__acrt_execute_initializers 000000018003492c     libucrt:shared_initialization.obj
 0004:00001938       $pdata$__acrt_execute_uninitializers 0000000180034938     libucrt:shared_initialization.obj
 0004:00001944       $pdata$__acrt_get_sigabrt_handler 0000000180034944     libucrt:signal.obj
 0004:00001950       $pdata$raise               0000000180034950     libucrt:signal.obj
 0004:0000195c       $pdata$raise$fin$0         000000018003495c     libucrt:signal.obj
 0004:00001968       $pdata$??$?RV<lambda_450d765d439847d4c735a33c368b5fc0>@@AEAV<lambda_44731a7d0e6d81c3e6aa82d741081786>@@V<lambda_601a2a7da3b7a96e9554ac7215c4b07c>@@@?$__crt_seh_guarded_call@P6AXH@Z@@QEAAP6AXH@Z$$QEAV<lambda_450d765d439847d4c735a33c368b5fc0>@@AEAV<lambda_44731a7d0e6d81c3e6aa82d741081786>@@$$QEAV<lambda_601a2a7da3b7a96e9554ac7215c4b07c>@@@Z 0000000180034968     libucrt:signal.obj
 0004:00001974       $pdata$_fflush_nolock      0000000180034974     libucrt:fflush.obj
 0004:00001980       $pdata$__acrt_stdio_flush_nolock 0000000180034980     libucrt:fflush.obj
 0004:0000198c       $pdata$?common_flush_all@@YAH_N@Z 000000018003498c     libucrt:fflush.obj
 0004:00001998       $pdata$??$?RV<lambda_842d9ff0dc9ef11c61343bbaebe7f885>@@AEAV<lambda_c5860995281e5c4ce005b3de8f5874ee>@@V<lambda_d90129c13df834fdcbf8d2b88dafcf2d>@@@?$__crt_seh_guarded_call@X@@QEAAX$$QEAV<lambda_842d9ff0dc9ef11c61343bbaebe7f885>@@AEAV<lambda_c5860995281e5c4ce005b3de8f5874ee>@@$$QEAV<lambda_d90129c13df834fdcbf8d2b88dafcf2d>@@@Z 0000000180034998     libucrt:fflush.obj
 0004:000019a4       $pdata$?fin$0@?0???$?RV<lambda_842d9ff0dc9ef11c61343bbaebe7f885>@@AEAV<lambda_c5860995281e5c4ce005b3de8f5874ee>@@V<lambda_d90129c13df834fdcbf8d2b88dafcf2d>@@@?$__crt_seh_guarded_call@X@@QEAAX$$QEAV<lambda_842d9ff0dc9ef11c61343bbaebe7f885>@@AEAV<lambda_c5860995281e5c4ce005b3de8f5874ee>@@$$QEAV<lambda_d90129c13df834fdcbf8d2b88dafcf2d>@@@Z@4HA 00000001800349a4     libucrt:fflush.obj
 0004:000019b0       $pdata$??$?RV<lambda_886d6c58226a84441f68b9f2b8217b83>@@AEAV<lambda_ab61a845afdef5b7c387490eaf3616ee>@@V<lambda_f7f22ab5edc0698d5f6905b0d3f44752>@@@?$__crt_seh_guarded_call@X@@QEAAX$$QEAV<lambda_886d6c58226a84441f68b9f2b8217b83>@@AEAV<lambda_ab61a845afdef5b7c387490eaf3616ee>@@$$QEAV<lambda_f7f22ab5edc0698d5f6905b0d3f44752>@@@Z 00000001800349b0     libucrt:fflush.obj
 0004:000019bc       $pdata$?fin$0@?0???$?RV<lambda_886d6c58226a84441f68b9f2b8217b83>@@AEAV<lambda_ab61a845afdef5b7c387490eaf3616ee>@@V<lambda_f7f22ab5edc0698d5f6905b0d3f44752>@@@?$__crt_seh_guarded_call@X@@QEAAX$$QEAV<lambda_886d6c58226a84441f68b9f2b8217b83>@@AEAV<lambda_ab61a845afdef5b7c387490eaf3616ee>@@$$QEAV<lambda_f7f22ab5edc0698d5f6905b0d3f44752>@@@Z@4HA 00000001800349bc     libucrt:fflush.obj
 0004:000019c8       $pdata$__pctype_func       00000001800349c8     libucrt:ctype.obj
 0004:000019d4       $pdata$iswctype            00000001800349d4     libucrt:iswctype.obj
 0004:000019e0       $pdata$__acrt_release_locale_ref 00000001800349e0     libucrt:locale_refcounting.obj
 0004:000019ec       $pdata$__acrt_free_locale  00000001800349ec     libucrt:locale_refcounting.obj
 0004:000019f8       $pdata$__acrt_locale_free_lc_time_if_unreferenced 00000001800349f8     libucrt:locale_refcounting.obj
 0004:00001a04       $pdata$__acrt_update_thread_locale_data 0000000180034a04     libucrt:locale_refcounting.obj
 0004:00001a10       $pdata$__acrt_update_thread_locale_data$fin$0 0000000180034a10     libucrt:locale_refcounting.obj
 0004:00001a1c       $pdata$_updatetlocinfoEx_nolock 0000000180034a1c     libucrt:locale_refcounting.obj
 0004:00001a28       $pdata$__acrt_DownlevelLocaleNameToLCID 0000000180034a28     libucrt:lcidtoname_downlevel.obj
 0004:00001a34       $pdata$_isleadbyte_l       0000000180034a34     libucrt:_wctype.obj
 0004:00001a40       $pdata$?__mbrtowc_utf8@__crt_mbstring@@YA_KPEA_WPEBD_KPEAU_Mbstatet@@@Z 0000000180034a40     libucrt:mbrtowc.obj
 0004:00001a4c       $pdata$?__mbsrtowcs_utf8@__crt_mbstring@@YA_KPEA_WPEAPEBD_KPEAU_Mbstatet@@@Z 0000000180034a4c     libucrt:mbrtowc.obj
 0004:00001a58       $pdata$__acrt_fp_strflt_to_string 0000000180034a58     libucrt:_fptostr.obj
 0004:00001a64       $pdata$memcpy_s            0000000180034a64     libucrt:cfout.obj
 0004:00001a70       $pdata$__acrt_fltout       0000000180034a70     libucrt:cfout.obj
 0004:00001a7c       $pdata$?divide@__crt_strtox@@YA_KAEAUbig_integer@1@AEBU21@@Z 0000000180034a7c     libucrt:cfout.obj
 0004:00001a88       $pdata$0$?divide@__crt_strtox@@YA_KAEAUbig_integer@1@AEBU21@@Z 0000000180034a88     libucrt:cfout.obj
 0004:00001a94       $pdata$1$?divide@__crt_strtox@@YA_KAEAUbig_integer@1@AEBU21@@Z 0000000180034a94     libucrt:cfout.obj
 0004:00001aa0       $pdata$_fcloseall          0000000180034aa0     libucrt:closeall.obj
 0004:00001aac       $pdata$_fcloseall$fin$0    0000000180034aac     libucrt:closeall.obj
 0004:00001ab8       $pdata$__acrt_stdio_free_buffer_nolock 0000000180034ab8     libucrt:_freebuf.obj
 0004:00001ac4       $pdata$_isatty             0000000180034ac4     libucrt:isatty.obj
 0004:00001ad0       $pdata$__acrt_locale_free_monetary 0000000180034ad0     libucrt:initmon.obj
 0004:00001adc       $pdata$__acrt_locale_free_numeric 0000000180034adc     libucrt:initnum.obj
 0004:00001ae8       $pdata$__acrt_locale_free_time 0000000180034ae8     libucrt:inittime.obj
 0004:00001af4       $pdata$?free_crt_array_internal@@YAXQEAPEBX_K@Z 0000000180034af4     libucrt:inittime.obj
 0004:00001b00       $pdata$__acrt_GetStringTypeA 0000000180034b00     libucrt:getstringtypea.obj
 0004:00001b0c       $pdata$_get_osfhandle      0000000180034b0c     libucrt:osfinfo.obj
 0004:00001b18       $pdata$_free_osfhnd        0000000180034b18     libucrt:osfinfo.obj
 0004:00001b24       $pdata$__acrt_lowio_create_handle_array 0000000180034b24     libucrt:osfinfo.obj
 0004:00001b30       $pdata$__acrt_lowio_destroy_handle_array 0000000180034b30     libucrt:osfinfo.obj
 0004:00001b3c       $pdata$__acrt_lowio_ensure_fh_exists 0000000180034b3c     libucrt:osfinfo.obj
 0004:00001b48       $pdata$qsort               0000000180034b48     libucrt:qsort.obj
 0004:00001b54       $pdata$4$qsort             0000000180034b54     libucrt:qsort.obj
 0004:00001b60       $pdata$5$qsort             0000000180034b60     libucrt:qsort.obj
 0004:00001b6c       $pdata$strncpy_s           0000000180034b6c     libucrt:strncpy_s.obj
 0004:00001b78       $pdata$strpbrk             0000000180034b78     libucrt:strpbrk.obj
 0004:00001b84       $pdata$fallbackMethod      0000000180034b84     libucrt:strpbrk.obj
 0004:00001b90       $pdata$_mbsdec_l           0000000180034b90     libucrt:mbsdec.obj
 0004:00001b9c       $pdata$__acrt_LCMapStringA 0000000180034b9c     libucrt:lcmapstringa.obj
 0004:00001ba8       $pdata$?__acrt_LCMapStringA_stat@@YAHPEAU__crt_locale_pointers@@PEB_WKPEBDHPEADHHH@Z 0000000180034ba8     libucrt:lcmapstringa.obj
 0004:00001bb4       $pdata$?initialize_multibyte@@YAHXZ 0000000180034bb4     libucrt:multibyte_initializer.obj
 0004:00001bc0       $pdata$_commit             0000000180034bc0     libucrt:commit.obj
 0004:00001bcc       $pdata$??$?RV<lambda_a37b2b86f63e897a80ea819b0eb08c01>@@AEAV<lambda_38ce7e780aa69e748d6df282ebc68efe>@@V<lambda_99fb1378e971ab6e7edea83e3a7a83a2>@@@?$__crt_seh_guarded_call@H@@QEAAH$$QEAV<lambda_a37b2b86f63e897a80ea819b0eb08c01>@@AEAV<lambda_38ce7e780aa69e748d6df282ebc68efe>@@$$QEAV<lambda_99fb1378e971ab6e7edea83e3a7a83a2>@@@Z 0000000180034bcc     libucrt:commit.obj
 0004:00001bd8       $pdata$?fin$0@?0???$?RV<lambda_751a882b2c74d4b022dec766aa51a29a>@@AEAV<lambda_628dfdc04ba53c8bfc02c9951375f3f5>@@V<lambda_f6c7be5f7998530c34de24c7437d6b54>@@@?$__crt_seh_guarded_call@H@@QEAAH$$QEAV<lambda_751a882b2c74d4b022dec766aa51a29a>@@AEAV<lambda_628dfdc04ba53c8bfc02c9951375f3f5>@@$$QEAV<lambda_f6c7be5f7998530c34de24c7437d6b54>@@@Z@4HA 0000000180034bd8     libucrt:close.obj
 0004:00001bd8       $pdata$?fin$0@?0???$?RV<lambda_a37b2b86f63e897a80ea819b0eb08c01>@@AEAV<lambda_38ce7e780aa69e748d6df282ebc68efe>@@V<lambda_99fb1378e971ab6e7edea83e3a7a83a2>@@@?$__crt_seh_guarded_call@H@@QEAAH$$QEAV<lambda_a37b2b86f63e897a80ea819b0eb08c01>@@AEAV<lambda_38ce7e780aa69e748d6df282ebc68efe>@@$$QEAV<lambda_99fb1378e971ab6e7edea83e3a7a83a2>@@@Z@4HA 0000000180034bd8     libucrt:commit.obj
 0004:00001be4       $pdata$_write              0000000180034be4     libucrt:write.obj
 0004:00001bf0       $pdata$_write$fin$0        0000000180034bf0     libucrt:write.obj
 0004:00001bfc       $pdata$_write_nolock       0000000180034bfc     libucrt:write.obj
 0004:00001c08       $pdata$?write_double_translated_ansi_nolock@@YA?AUwrite_result@?A0x17268360@@HQEBDI@Z 0000000180034c08     libucrt:write.obj
 0004:00001c14       $pdata$?write_text_ansi_nolock@@YA?AUwrite_result@?A0x17268360@@HQEBDI@Z 0000000180034c14     libucrt:write.obj
 0004:00001c20       $pdata$?write_text_utf16le_nolock@@YA?AUwrite_result@?A0x17268360@@HQEBDI@Z 0000000180034c20     libucrt:write.obj
 0004:00001c2c       $pdata$?write_text_utf8_nolock@@YA?AUwrite_result@?A0x17268360@@HQEBDI@Z 0000000180034c2c     libucrt:write.obj
 0004:00001c38       $pdata$?__mbrtoc32_utf8@__crt_mbstring@@YA_KPEA_UPEBD_KPEAU_Mbstatet@@@Z 0000000180034c38     libucrt:mbrtoc32.obj
 0004:00001c44       $pdata$fegetenv            0000000180034c44     libucrt:fegetenv.obj
 0004:00001c50       $pdata$fesetenv            0000000180034c50     libucrt:fesetenv.obj
 0004:00001c5c       $pdata$feholdexcept        0000000180034c5c     libucrt:feholdexcept.obj
 0004:00001c74       $pdata$??$common_lseek_nolock@_J@@YA_JH_JH@Z 0000000180034c74     libucrt:lseek.obj
 0004:00001c80       $pdata$fclose              0000000180034c80     libucrt:fclose.obj
 0004:00001c8c       $pdata$fclose$fin$0        0000000180034c8c     libucrt:fclose.obj
 0004:00001c98       $pdata$_fclose_nolock      0000000180034c98     libucrt:fclose.obj
 0004:00001ca4       $pdata$_putwch_nolock      0000000180034ca4     libucrt:putwch.obj
 0004:00001cb0       $pdata$__acrt_fenv_set_control 0000000180034cb0     libucrt:_fenvutils.obj
 0004:00001cbc       $pdata$_clearfp            0000000180034cbc     libucrt:ieee.obj
 0004:00001cc8       $pdata$_call_matherr       0000000180034cc8     libucrt:libm_error.obj
 0004:00001cd4       $pdata$_exception_enabled  0000000180034cd4     libucrt:libm_error.obj
 0004:00001ce0       $pdata$_handle_error       0000000180034ce0     libucrt:libm_error.obj
 0004:00001cec       $pdata$__acrt_initialize_fma3 0000000180034cec     libucrt:fma3_available.obj
 0004:00001cf8       $pdata$_log_special_common 0000000180034cf8     libucrt:log_special.obj
 0004:00001d04       $pdata$_log10_special      0000000180034d04     libucrt:log_special.obj
 0004:00001d10       $pdata$_close              0000000180034d10     libucrt:close.obj
 0004:00001d1c       $pdata$_close_nolock       0000000180034d1c     libucrt:close.obj
 0004:00001d28       $pdata$??$?RV<lambda_751a882b2c74d4b022dec766aa51a29a>@@AEAV<lambda_628dfdc04ba53c8bfc02c9951375f3f5>@@V<lambda_f6c7be5f7998530c34de24c7437d6b54>@@@?$__crt_seh_guarded_call@H@@QEAAH$$QEAV<lambda_751a882b2c74d4b022dec766aa51a29a>@@AEAV<lambda_628dfdc04ba53c8bfc02c9951375f3f5>@@$$QEAV<lambda_f6c7be5f7998530c34de24c7437d6b54>@@@Z 0000000180034d28     libucrt:close.obj
 0004:00001d34       $pdata$__dcrt_lowio_ensure_console_output_initialized 0000000180034d34     libucrt:initcon.obj
 0004:00001d40       $pdata$__dcrt_write_console 0000000180034d40     libucrt:initcon.obj
 0004:00001d4c       $pdata$__dcrt_terminate_console_output 0000000180034d4c     libucrt:initcon.obj
 0004:00001d64       $pdata$_set_errno_from_matherr 0000000180034d64     libucrt:fpexcept.obj
 0004:00001d70       $pdata$_raise_exc          0000000180034d70     libucrt:fpexcept.obj
 0004:00001d7c       $pdata$_raise_exc_ex       0000000180034d7c     libucrt:fpexcept.obj
 0004:00001d88       $pdata$_clrfp              0000000180034d88     libucrt:fpctrl.obj
 0004:00001d94       $pdata$_ctrlfp             0000000180034d94     libucrt:fpctrl.obj
 0004:00001da0       $pdata$_ctrlfp$filt$0      0000000180034da0     libucrt:fpctrl.obj
 0004:00001dac       $pdata$_statfp             0000000180034dac     libucrt:fpctrl.obj
 0004:00001db8       $pdata$_set_statfp         0000000180034db8     libucrt:fpctrl.obj
 0004:00001dc4       $pdata$_IsNonwritableInCurrentImage 0000000180034dc4     LIBCMT:pesect.obj
 0004:00001dd0       $pdata$_IsNonwritableInCurrentImage$filt$0 0000000180034dd0     LIBCMT:pesect.obj
 0005:00000000       MoveSmall                  0000000180035000     libvcruntime:memcpy.obj
 0005:00000050       MsetTab                    0000000180035050     libvcruntime:memset.obj
 0006:00000220       $R000000                   0000000180036220     CashDrawer.res
 0006:00000bb8       $R000998                   0000000180036bb8     CashDrawer.res
 0006:00000ca0       $R000A80                   0000000180036ca0     CashDrawer.res
 0006:00000f08       $R000CE8                   0000000180036f08     CashDrawer.res
 0006:00001470       $R001250                   0000000180037470     CashDrawer.res
 0006:00003938       $R003718                   0000000180039938     CashDrawer.res
 0006:00003970       $R003750                   0000000180039970     CashDrawer.res
