 OPOSPOSKeyboard

 Timestamp is 61a7583d (Wed Dec  1 20:10:53 2021)

 Preferred load address is 0000000180000000

 Start         Length     Name                   Class
 0001:00000000 000000c0H .text$di                CODE
 0001:000000c0 00023a00H .text$mn                CODE
 0001:00023ac0 00000040H .text$mn$00             CODE
 0001:00023b00 00000660H .text$x                 CODE
 0001:00024160 00000078H .text$yd                CODE
 0002:00000000 00000638H .idata$5                DATA
 0002:00000638 00000030H .00cfg                  DATA
 0002:00000668 00000008H .CRT$XCA                DATA
 0002:00000670 00000008H .CRT$XCL                DATA
 0002:00000678 00000020H .CRT$XCU                DATA
 0002:00000698 00000008H .CRT$XCZ                DATA
 0002:000006a0 00000008H .CRT$XIA                DATA
 0002:000006a8 00000020H .CRT$XIC                DATA
 0002:000006c8 00000008H .CRT$XIZ                DATA
 0002:000006d0 00000008H .CRT$XLA                DATA
 0002:000006d8 00000008H .CRT$XLZ                DATA
 0002:000006e0 00000008H .CRT$XPA                DATA
 0002:000006e8 00000010H .CRT$XPX                DATA
 0002:000006f8 00000008H .CRT$XPXA               DATA
 0002:00000700 00000008H .CRT$XPZ                DATA
 0002:00000708 00000008H .CRT$XTA                DATA
 0002:00000710 00000010H .CRT$XTZ                DATA
 0002:00000718 00000000H .gehcont$y              DATA
 0002:00000718 00000000H .gfids$y                DATA
 0002:00000720 0000a3e0H .rdata                  DATA
 0002:0000ab00 00000000H .rdata$CastGuardVftablesA DATA
 0002:0000ab00 00000000H .rdata$CastGuardVftablesC DATA
 0002:0000ab00 00000028H .rdata$T                DATA
 0002:0000ab28 00000274H .rdata$r                DATA
 0002:0000ad9c 00000048H .rdata$voltmd           DATA
 0002:0000ade4 00000434H .rdata$zzzdbg           DATA
 0002:0000b218 00000008H .rtc$IAA                DATA
 0002:0000b220 00000008H .rtc$IZZ                DATA
 0002:0000b228 00000008H .rtc$TAA                DATA
 0002:0000b230 00000008H .rtc$TZZ                DATA
 0002:0000b238 00000004H .tls                    DATA
 0002:0000b23c 00000004H .tls$                   DATA
 0002:0000b240 00000008H .tls$ZZZ                DATA
 0002:0000b248 00001920H .xdata                  DATA
 0002:0000cb68 00000150H .xdata$x                DATA
 0002:0000ccb8 00000008H ATL$__a                 DATA
 0002:0000ccc0 00000010H ATL$__z                 DATA
 0002:0000ccd0 000000acH .edata                  DATA
 0002:0000cd7c 00000078H .idata$2                DATA
 0002:0000cdf4 00000014H .idata$3                DATA
 0002:0000ce08 00000638H .idata$4                DATA
 0002:0000d440 00000c5cH .idata$6                DATA
 0003:00000000 00000d88H .data                   DATA
 0003:00000d88 000000a8H .data$r                 DATA
 0003:00000e30 00000020H .data$rs                DATA
 0003:00000e50 000013ecH .bss                    DATA
 0004:00000000 00001fd4H .pdata                  DATA
 0005:00000000 000000f4H _RDATA                  DATA
 0006:00000000 00000220H .rsrc$01                DATA
 0006:00000220 00003b38H .rsrc$02                DATA

  Address         Publics by Value              Rva+Base               Lib:Object

 0000:00000000       __x64_code_ranges_to_entry_points 0000000000000000     <absolute>
 0000:00000000       __x64_code_ranges_to_entry_points_count 0000000000000000     <absolute>
 0000:00000000       __guard_longjmp_table      0000000000000000     <absolute>
 0000:00000000       __guard_fids_count         0000000000000000     <absolute>
 0000:00000000       __arm64x_extra_rfe_table   0000000000000000     <absolute>
 0000:00000000       __arm64x_redirection_metadata 0000000000000000     <absolute>
 0000:00000000       __guard_iat_table          0000000000000000     <absolute>
 0000:00000000       __hybrid_code_map          0000000000000000     <absolute>
 0000:00000000       __arm64x_extra_rfe_table_size 0000000000000000     <absolute>
 0000:00000000       ___safe_se_handler_count   0000000000000000     <absolute>
 0000:00000000       __guard_iat_count          0000000000000000     <absolute>
 0000:00000000       __guard_longjmp_count      0000000000000000     <absolute>
 0000:00000000       ___safe_se_handler_table   0000000000000000     <absolute>
 0000:00000000       __dynamic_value_reloc_table 0000000000000000     <absolute>
 0000:00000000       __hybrid_auxiliary_iat     0000000000000000     <absolute>
 0000:00000000       __hybrid_auxiliary_iat_copy 0000000000000000     <absolute>
 0000:00000000       __AbsoluteZero             0000000000000000     <absolute>
 0000:00000000       __guard_eh_cont_count      0000000000000000     <absolute>
 0000:00000000       __guard_check_icall_a64n_fptr 0000000000000000     <absolute>
 0000:00000000       __guard_fids_table         0000000000000000     <absolute>
 0000:00000000       __arm64x_redirection_metadata_count 0000000000000000     <absolute>
 0000:00000000       __enclave_config           0000000000000000     <absolute>
 0000:00000000       __guard_eh_cont_table      0000000000000000     <absolute>
 0000:00000000       __arm64x_native_entrypoint 0000000000000000     <absolute>
 0000:00000000       __hybrid_code_map_count    0000000000000000     <absolute>
 0000:00000100       __guard_flags              0000000000000100     <absolute>
 0000:00000000       __ImageBase                0000000180000000     <linker-defined>
 0001:000000c0       ?DupWide@_CW@@AEAAXXZ      00000001800010c0 f   CWString.obj
 0001:000000e8       ?cw_dup@@YAXPEBDAEAHAEAPEA_W1@Z 00000001800010e8 f   CWString.obj
 0001:000001c8       ?cw_memcpy@@YAHPEA_WPEBDH@Z 00000001800011c8 f   CWString.obj
 0001:00000214       ?cw_strcpy@@YAHPEA_WPEBD@Z 0000000180001214 f   CWString.obj
 0001:00000228       ??0CAtlComModule@ATL@@QEAA@XZ 0000000180001228 f i OposVariant.obj
 0001:000002a8       ??0CAtlWinModule@ATL@@QEAA@XZ 00000001800012a8 f i OposVariant.obj
 0001:00000314       ??0OposDispParms@@QEAA@PEAVOposVariant@@H@Z 0000000180001314 f   OposVariant.obj
 0001:000003bc       ??1OposDispParms@@QEAA@XZ  00000001800013bc f   OposVariant.obj
 0001:000003d4       ??_Estringdispid@CComTypeInfoHolder@ATL@@QEAAPEAXI@Z 00000001800013d4 f i OposVariant.obj
 0001:00000478       ?AtlWinModuleTerm@ATL@@YAJPEAU_ATL_WIN_MODULE70@1@PEAUHINSTANCE__@@@Z 0000000180001478 f i OposVariant.obj
 0001:00000528       ?ChangeBSTR@OposVariant@@QEAAXPEAPEA_WAEAJ@Z 0000000180001528 f   OposVariant.obj
 0001:00000588       ?ChangeLONG@OposVariant@@QEAAXPEAJAEAJ@Z 0000000180001588 f   OposVariant.obj
 0001:000005e4       ?GetLONG@OposVariant@@QEAAJXZ 00000001800015e4 f   OposVariant.obj
 0001:00000608       ?SetBSTR@OposVariant@@QEAAXPEA_WAEAJ@Z 0000000180001608 f   OposVariant.obj
 0001:00000648       ?SetBSTR_Copy@OposVariant@@QEAAXPEA_WAEAJ@Z 0000000180001648 f   OposVariant.obj
 0001:000006b8       ?SetBSTR_InOutPtr@OposVariant@@QEAA_NPEAPEA_WAEAJ@Z 00000001800016b8 f   OposVariant.obj
 0001:00000708       ?SetDispatch_Ptr@OposVariant@@QEAAXPEAUIDispatch@@AEAJ@Z 0000000180001708 f   OposVariant.obj
 0001:00000760       ?SetLONG@OposVariant@@QEAAXJ@Z 0000000180001760 f   OposVariant.obj
 0001:00000790       ?SetLONG_Ptr@OposVariant@@QEAAXPEAJAEAJ@Z 0000000180001790 f   OposVariant.obj
 0001:000007dc       ?SetString@OposVariant@@QEAAXPEB_WAEAJ@Z 00000001800017dc f   OposVariant.obj
 0001:00000840       ?SetVARIANT_BOOL@OposVariant@@QEAAXF@Z 0000000180001840 f   OposVariant.obj
 0001:00000878       ?Term@CAtlComModule@ATL@@QEAAXXZ 0000000180001878 f i OposVariant.obj
 0001:000008e8       ?_AtlInitializeCriticalSectionEx@ATL@@YAHPEAU_RTL_CRITICAL_SECTION@@KK@Z 00000001800018e8 f i OposVariant.obj
 0001:000008f0       ?_AtlRaiseException@ATL@@YAXKK@Z 00000001800018f0 f i OposVariant.obj
 0001:00000900       ?Next@?$CComEnumImpl@UIEnumConnections@@$1?_GUID_b196b287_bab4_101a_b69c_00aa00341d07@@3U__s_GUID@@BUtagCONNECTDATA@@V?$_Copy@UtagCONNECTDATA@@@ATL@@@ATL@@UEAAJKPEAUtagCONNECTDATA@@PEAK@Z 0000000180001900 f i POSKeyboard.obj
 0001:000009c8       ?Skip@?$CComEnumImpl@UIEnumConnections@@$1?_GUID_b196b287_bab4_101a_b69c_00aa00341d07@@3U__s_GUID@@BUtagCONNECTDATA@@V?$_Copy@UtagCONNECTDATA@@@ATL@@@ATL@@UEAAJK@Z 00000001800019c8 f i POSKeyboard.obj
 0001:000009f4       ?Reset@?$CComEnumImpl@UIEnumConnectionPoints@@$1?_GUID_b196b285_bab4_101a_b69c_00aa00341d07@@3U__s_GUID@@BPEAUIConnectionPoint@@V?$_CopyInterface@UIConnectionPoint@@@ATL@@@ATL@@UEAAJXZ 00000001800019f4 f i POSKeyboard.obj
 0001:000009f4       ?Reset@?$CComEnumImpl@UIEnumConnections@@$1?_GUID_b196b287_bab4_101a_b69c_00aa00341d07@@3U__s_GUID@@BUtagCONNECTDATA@@V?$_Copy@UtagCONNECTDATA@@@ATL@@@ATL@@UEAAJXZ 00000001800019f4 f i POSKeyboard.obj
 0001:00000a00       ?Clone@?$CComEnumImpl@UIEnumConnections@@$1?_GUID_b196b287_bab4_101a_b69c_00aa00341d07@@3U__s_GUID@@BUtagCONNECTDATA@@V?$_Copy@UtagCONNECTDATA@@@ATL@@@ATL@@UEAAJPEAPEAUIEnumConnections@@@Z 0000000180001a00 f i POSKeyboard.obj
 0001:00000b2c       ?AddRef@?$CComObject@V?$CComEnum@UIEnumConnections@@$1?_GUID_b196b287_bab4_101a_b69c_00aa00341d07@@3U__s_GUID@@BUtagCONNECTDATA@@V?$_Copy@UtagCONNECTDATA@@@ATL@@VCComSingleThreadModel@6@@ATL@@@ATL@@UEAAKXZ 0000000180001b2c f i POSKeyboard.obj
 0001:00000b2c       ?AddRef@?$CComObject@V?$CComEnum@UIEnumConnectionPoints@@$1?_GUID_b196b285_bab4_101a_b69c_00aa00341d07@@3U__s_GUID@@BPEAUIConnectionPoint@@V?$_CopyInterface@UIConnectionPoint@@@ATL@@VCComSingleThreadModel@6@@ATL@@@ATL@@UEAAKXZ 0000000180001b2c f i POSKeyboard.obj
 0001:00000b38       ?Release@?$CComObject@V?$CComEnum@UIEnumConnectionPoints@@$1?_GUID_b196b285_bab4_101a_b69c_00aa00341d07@@3U__s_GUID@@BPEAUIConnectionPoint@@V?$_CopyInterface@UIConnectionPoint@@@ATL@@VCComSingleThreadModel@6@@ATL@@@ATL@@UEAAKXZ 0000000180001b38 f i POSKeyboard.obj
 0001:00000b38       ?Release@?$CComObject@V?$CComEnum@UIEnumConnections@@$1?_GUID_b196b287_bab4_101a_b69c_00aa00341d07@@3U__s_GUID@@BUtagCONNECTDATA@@V?$_Copy@UtagCONNECTDATA@@@ATL@@VCComSingleThreadModel@6@@ATL@@@ATL@@UEAAKXZ 0000000180001b38 f i POSKeyboard.obj
 0001:00000b8c       ?QueryInterface@?$CComObject@V?$CComEnum@UIEnumConnections@@$1?_GUID_b196b287_bab4_101a_b69c_00aa00341d07@@3U__s_GUID@@BUtagCONNECTDATA@@V?$_Copy@UtagCONNECTDATA@@@ATL@@VCComSingleThreadModel@6@@ATL@@@ATL@@UEAAJAEBU_GUID@@PEAPEAX@Z 0000000180001b8c f i POSKeyboard.obj
 0001:00000ba0       ??_G?$CComObject@V?$CComEnum@UIEnumConnections@@$1?_GUID_b196b287_bab4_101a_b69c_00aa00341d07@@3U__s_GUID@@BUtagCONNECTDATA@@V?$_Copy@UtagCONNECTDATA@@@ATL@@VCComSingleThreadModel@6@@ATL@@@ATL@@UEAAPEAXI@Z 0000000180001ba0 f i POSKeyboard.obj
 0001:00000ba0       ??_E?$CComObject@V?$CComEnum@UIEnumConnections@@$1?_GUID_b196b287_bab4_101a_b69c_00aa00341d07@@3U__s_GUID@@BUtagCONNECTDATA@@V?$_Copy@UtagCONNECTDATA@@@ATL@@VCComSingleThreadModel@6@@ATL@@@ATL@@UEAAPEAXI@Z 0000000180001ba0 f i POSKeyboard.obj
 0001:00000bf8       _guard_check_icall_nop     0000000180001bf8 f i LIBCMT:guard_support.obj
 0001:00000bf8       ?ObjectMain@CComObjectRootBase@ATL@@SAX_N@Z 0000000180001bf8 f i POSKeyboard.obj
 0001:00000bf8       ?OnFinalMessage@?$CWindowImplBaseT@VCWindow@ATL@@V?$CWinTraits@$0FGAAAAAA@$0A@@2@@ATL@@UEAAXPEAUHWND__@@@Z 0000000180001bf8 f i POSKeyboard.obj
 0001:00000bfc       ?SetHostNames@?$IOleObjectImpl@VCOPOSPOSKeyboard@@@ATL@@UEAAJPEB_W0@Z 0000000180001bfc f i POSKeyboard.obj
 0001:00000bfc       ?HandsOffStorage@?$IPersistStorageImpl@VCOPOSPOSKeyboard@@@ATL@@UEAAJXZ 0000000180001bfc f i POSKeyboard.obj
 0001:00000bfc       ?Update@?$IOleObjectImpl@VCOPOSPOSKeyboard@@@ATL@@UEAAJXZ 0000000180001bfc f i POSKeyboard.obj
 0001:00000bfc       ?ResizeBorder@?$IOleInPlaceActiveObjectImpl@VCOPOSPOSKeyboard@@@ATL@@UEAAJPEBUtagRECT@@PEAUIOleInPlaceUIWindow@@H@Z 0000000180001bfc f i POSKeyboard.obj
 0001:00000bfc       ?Release@CRegObject@ATL@@UEAAKXZ 0000000180001bfc f i POSKeyboard.obj
 0001:00000bfc       ?EnableModeless@?$IOleInPlaceActiveObjectImpl@VCOPOSPOSKeyboard@@@ATL@@UEAAJH@Z 0000000180001bfc f i POSKeyboard.obj
 0001:00000bfc       ?GetObjectDescription@?$CComCoClass@VCOPOSPOSKeyboard@@$1?CLSID_OPOSPOSKeyboard@@3U_GUID@@B@ATL@@SAPEB_WXZ 0000000180001bfc f i POSKeyboard.obj
 0001:00000bfc       ?SaveCompleted@?$IPersistStorageImpl@VCOPOSPOSKeyboard@@@ATL@@UEAAJPEAUIStorage@@@Z 0000000180001bfc f i POSKeyboard.obj
 0001:00000bfc       ?IsUpToDate@?$IOleObjectImpl@VCOPOSPOSKeyboard@@@ATL@@UEAAJXZ 0000000180001bfc f i POSKeyboard.obj
 0001:00000bfc       ?OnAmbientPropertyChange@?$IOleControlImpl@VCOPOSPOSKeyboard@@@ATL@@UEAAJJ@Z 0000000180001bfc f i POSKeyboard.obj
 0001:00000bfc       ?GetCategoryMap@CComObjectRootBase@ATL@@SAPEBU_ATL_CATMAP_ENTRY@2@XZ 0000000180001bfc f i POSKeyboard.obj
 0001:00000bfc       ?OnFrameWindowActivate@?$IOleInPlaceActiveObjectImpl@VCOPOSPOSKeyboard@@@ATL@@UEAAJH@Z 0000000180001bfc f i POSKeyboard.obj
 0001:00000c00       ??_E?$CComObject@VCOPOSPOSKeyboard@@@ATL@@W7EAAPEAXI@Z 0000000180001c00 f i POSKeyboard.obj
 0001:00000c0c       ??_E?$CComObject@VCOPOSPOSKeyboard@@@ATL@@WHA@EAAPEAXI@Z 0000000180001c0c f i POSKeyboard.obj
 0001:00000c18       ?QueryInterface@?$CComObject@VCOPOSPOSKeyboard@@@ATL@@WLI@EAAJAEBU_GUID@@PEAPEAX@Z 0000000180001c18 f i POSKeyboard.obj
 0001:00000c24       ?AddRef@?$CComObject@VCOPOSPOSKeyboard@@@ATL@@WLI@EAAKXZ 0000000180001c24 f i POSKeyboard.obj
 0001:00000c30       ?Release@?$CComObject@VCOPOSPOSKeyboard@@@ATL@@WLI@EAAKXZ 0000000180001c30 f i POSKeyboard.obj
 0001:00000c3c       ?QueryInterface@?$CComObject@VCOPOSPOSKeyboard@@@ATL@@WMA@EAAJAEBU_GUID@@PEAPEAX@Z 0000000180001c3c f i POSKeyboard.obj
 0001:00000c48       ?AddRef@?$CComObject@VCOPOSPOSKeyboard@@@ATL@@WMA@EAAKXZ 0000000180001c48 f i POSKeyboard.obj
 0001:00000c54       ?Release@?$CComObject@VCOPOSPOSKeyboard@@@ATL@@WMA@EAAKXZ 0000000180001c54 f i POSKeyboard.obj
 0001:00000c60       ?QueryInterface@?$CComObject@VCOPOSPOSKeyboard@@@ATL@@WMI@EAAJAEBU_GUID@@PEAPEAX@Z 0000000180001c60 f i POSKeyboard.obj
 0001:00000c6c       ?AddRef@?$CComObject@VCOPOSPOSKeyboard@@@ATL@@WMI@EAAKXZ 0000000180001c6c f i POSKeyboard.obj
 0001:00000c78       ?Release@?$CComObject@VCOPOSPOSKeyboard@@@ATL@@WMI@EAAKXZ 0000000180001c78 f i POSKeyboard.obj
 0001:00000c84       ?QueryInterface@?$CComObject@VCOPOSPOSKeyboard@@@ATL@@WNA@EAAJAEBU_GUID@@PEAPEAX@Z 0000000180001c84 f i POSKeyboard.obj
 0001:00000c90       ?AddRef@?$CComObject@VCOPOSPOSKeyboard@@@ATL@@WNA@EAAKXZ 0000000180001c90 f i POSKeyboard.obj
 0001:00000c9c       ?Release@?$CComObject@VCOPOSPOSKeyboard@@@ATL@@WNA@EAAKXZ 0000000180001c9c f i POSKeyboard.obj
 0001:00000ca8       ?QueryInterface@?$CComObject@VCOPOSPOSKeyboard@@@ATL@@WNI@EAAJAEBU_GUID@@PEAPEAX@Z 0000000180001ca8 f i POSKeyboard.obj
 0001:00000cb4       ?AddRef@?$CComObject@VCOPOSPOSKeyboard@@@ATL@@WNI@EAAKXZ 0000000180001cb4 f i POSKeyboard.obj
 0001:00000cc0       ?Release@?$CComObject@VCOPOSPOSKeyboard@@@ATL@@WNI@EAAKXZ 0000000180001cc0 f i POSKeyboard.obj
 0001:00000ccc       ?QueryInterface@?$CComObject@VCOPOSPOSKeyboard@@@ATL@@WOA@EAAJAEBU_GUID@@PEAPEAX@Z 0000000180001ccc f i POSKeyboard.obj
 0001:00000cd8       ?AddRef@?$CComObject@VCOPOSPOSKeyboard@@@ATL@@WOA@EAAKXZ 0000000180001cd8 f i POSKeyboard.obj
 0001:00000ce4       ?Release@?$CComObject@VCOPOSPOSKeyboard@@@ATL@@WOA@EAAKXZ 0000000180001ce4 f i POSKeyboard.obj
 0001:00000cf0       ?QueryInterface@?$CComObject@VCOPOSPOSKeyboard@@@ATL@@WOI@EAAJAEBU_GUID@@PEAPEAX@Z 0000000180001cf0 f i POSKeyboard.obj
 0001:00000cfc       ?AddRef@?$CComObject@VCOPOSPOSKeyboard@@@ATL@@WOI@EAAKXZ 0000000180001cfc f i POSKeyboard.obj
 0001:00000d08       ?Release@?$CComObject@VCOPOSPOSKeyboard@@@ATL@@WOI@EAAKXZ 0000000180001d08 f i POSKeyboard.obj
 0001:00000d14       ?QueryInterface@?$CComObject@VCOPOSPOSKeyboard@@@ATL@@WPA@EAAJAEBU_GUID@@PEAPEAX@Z 0000000180001d14 f i POSKeyboard.obj
 0001:00000d20       ?AddRef@?$CComObject@VCOPOSPOSKeyboard@@@ATL@@WPA@EAAKXZ 0000000180001d20 f i POSKeyboard.obj
 0001:00000d2c       ?Release@?$CComObject@VCOPOSPOSKeyboard@@@ATL@@WPA@EAAKXZ 0000000180001d2c f i POSKeyboard.obj
 0001:00000d38       ?QueryInterface@?$CComObject@VCOPOSPOSKeyboard@@@ATL@@WPI@EAAJAEBU_GUID@@PEAPEAX@Z 0000000180001d38 f i POSKeyboard.obj
 0001:00000d44       ?AddRef@?$CComObject@VCOPOSPOSKeyboard@@@ATL@@WPI@EAAKXZ 0000000180001d44 f i POSKeyboard.obj
 0001:00000d50       ?Release@?$CComObject@VCOPOSPOSKeyboard@@@ATL@@WPI@EAAKXZ 0000000180001d50 f i POSKeyboard.obj
 0001:00000d5c       ?QueryInterface@?$CComObject@VCOPOSPOSKeyboard@@@ATL@@WBAA@EAAJAEBU_GUID@@PEAPEAX@Z 0000000180001d5c f i POSKeyboard.obj
 0001:00000d68       ?AddRef@?$CComObject@VCOPOSPOSKeyboard@@@ATL@@WBAA@EAAKXZ 0000000180001d68 f i POSKeyboard.obj
 0001:00000d74       ?Release@?$CComObject@VCOPOSPOSKeyboard@@@ATL@@WBAA@EAAKXZ 0000000180001d74 f i POSKeyboard.obj
 0001:00000d80       ?QueryInterface@?$CComObject@VCOPOSPOSKeyboard@@@ATL@@WBAI@EAAJAEBU_GUID@@PEAPEAX@Z 0000000180001d80 f i POSKeyboard.obj
 0001:00000d8c       ?AddRef@?$CComObject@VCOPOSPOSKeyboard@@@ATL@@WBAI@EAAKXZ 0000000180001d8c f i POSKeyboard.obj
 0001:00000d98       ?Release@?$CComObject@VCOPOSPOSKeyboard@@@ATL@@WBAI@EAAKXZ 0000000180001d98 f i POSKeyboard.obj
 0001:00000da4       ?QueryInterface@?$CComObject@VCOPOSPOSKeyboard@@@ATL@@WBBA@EAAJAEBU_GUID@@PEAPEAX@Z 0000000180001da4 f i POSKeyboard.obj
 0001:00000db0       ?AddRef@?$CComObject@VCOPOSPOSKeyboard@@@ATL@@WBBA@EAAKXZ 0000000180001db0 f i POSKeyboard.obj
 0001:00000dbc       ?Release@?$CComObject@VCOPOSPOSKeyboard@@@ATL@@WBBA@EAAKXZ 0000000180001dbc f i POSKeyboard.obj
 0001:00000dc8       ?QueryInterface@?$CComObject@VCOPOSPOSKeyboard@@@ATL@@WBBI@EAAJAEBU_GUID@@PEAPEAX@Z 0000000180001dc8 f i POSKeyboard.obj
 0001:00000dd4       ?AddRef@?$CComObject@VCOPOSPOSKeyboard@@@ATL@@WBBI@EAAKXZ 0000000180001dd4 f i POSKeyboard.obj
 0001:00000de0       ?Release@?$CComObject@VCOPOSPOSKeyboard@@@ATL@@WBBI@EAAKXZ 0000000180001de0 f i POSKeyboard.obj
 0001:00000dec       ?AddRef@?$CComObject@VCOPOSPOSKeyboard@@@ATL@@WBCI@EAAKXZ 0000000180001dec f i POSKeyboard.obj
 0001:00000df8       ?Release@?$CComObject@VCOPOSPOSKeyboard@@@ATL@@WBCI@EAAKXZ 0000000180001df8 f i POSKeyboard.obj
 0001:00000e04       ?AddRef@?$CComObject@VCOPOSPOSKeyboard@@@ATL@@WBEA@EAAKXZ 0000000180001e04 f i POSKeyboard.obj
 0001:00000e10       ?Release@?$CComObject@VCOPOSPOSKeyboard@@@ATL@@WBEA@EAAKXZ 0000000180001e10 f i POSKeyboard.obj
 0001:00000e1c       ??_E?$CComContainedObject@VCOPOSPOSKeyboard@@@ATL@@W7EAAPEAXI@Z 0000000180001e1c f i POSKeyboard.obj
 0001:00000e28       ??_E?$CComContainedObject@VCOPOSPOSKeyboard@@@ATL@@WHA@EAAPEAXI@Z 0000000180001e28 f i POSKeyboard.obj
 0001:00000e34       ?QueryInterface@?$CComContainedObject@VCOPOSPOSKeyboard@@@ATL@@WLI@EAAJAEBU_GUID@@PEAPEAX@Z 0000000180001e34 f i POSKeyboard.obj
 0001:00000e40       ?AddRef@?$CComContainedObject@VCOPOSPOSKeyboard@@@ATL@@WLI@EAAKXZ 0000000180001e40 f i POSKeyboard.obj
 0001:00000e4c       ?Release@?$CComContainedObject@VCOPOSPOSKeyboard@@@ATL@@WLI@EAAKXZ 0000000180001e4c f i POSKeyboard.obj
 0001:00000e58       ?QueryInterface@?$CComContainedObject@VCOPOSPOSKeyboard@@@ATL@@WMA@EAAJAEBU_GUID@@PEAPEAX@Z 0000000180001e58 f i POSKeyboard.obj
 0001:00000e64       ?AddRef@?$CComContainedObject@VCOPOSPOSKeyboard@@@ATL@@WMA@EAAKXZ 0000000180001e64 f i POSKeyboard.obj
 0001:00000e70       ?Release@?$CComContainedObject@VCOPOSPOSKeyboard@@@ATL@@WMA@EAAKXZ 0000000180001e70 f i POSKeyboard.obj
 0001:00000e7c       ?QueryInterface@?$CComContainedObject@VCOPOSPOSKeyboard@@@ATL@@WMI@EAAJAEBU_GUID@@PEAPEAX@Z 0000000180001e7c f i POSKeyboard.obj
 0001:00000e88       ?AddRef@?$CComContainedObject@VCOPOSPOSKeyboard@@@ATL@@WMI@EAAKXZ 0000000180001e88 f i POSKeyboard.obj
 0001:00000e94       ?Release@?$CComContainedObject@VCOPOSPOSKeyboard@@@ATL@@WMI@EAAKXZ 0000000180001e94 f i POSKeyboard.obj
 0001:00000ea0       ?QueryInterface@?$CComContainedObject@VCOPOSPOSKeyboard@@@ATL@@WNA@EAAJAEBU_GUID@@PEAPEAX@Z 0000000180001ea0 f i POSKeyboard.obj
 0001:00000eac       ?AddRef@?$CComContainedObject@VCOPOSPOSKeyboard@@@ATL@@WNA@EAAKXZ 0000000180001eac f i POSKeyboard.obj
 0001:00000eb8       ?Release@?$CComContainedObject@VCOPOSPOSKeyboard@@@ATL@@WNA@EAAKXZ 0000000180001eb8 f i POSKeyboard.obj
 0001:00000ec4       ?QueryInterface@?$CComContainedObject@VCOPOSPOSKeyboard@@@ATL@@WNI@EAAJAEBU_GUID@@PEAPEAX@Z 0000000180001ec4 f i POSKeyboard.obj
 0001:00000ed0       ?AddRef@?$CComContainedObject@VCOPOSPOSKeyboard@@@ATL@@WNI@EAAKXZ 0000000180001ed0 f i POSKeyboard.obj
 0001:00000edc       ?Release@?$CComContainedObject@VCOPOSPOSKeyboard@@@ATL@@WNI@EAAKXZ 0000000180001edc f i POSKeyboard.obj
 0001:00000ee8       ?QueryInterface@?$CComContainedObject@VCOPOSPOSKeyboard@@@ATL@@WOA@EAAJAEBU_GUID@@PEAPEAX@Z 0000000180001ee8 f i POSKeyboard.obj
 0001:00000ef4       ?AddRef@?$CComContainedObject@VCOPOSPOSKeyboard@@@ATL@@WOA@EAAKXZ 0000000180001ef4 f i POSKeyboard.obj
 0001:00000f00       ?Release@?$CComContainedObject@VCOPOSPOSKeyboard@@@ATL@@WOA@EAAKXZ 0000000180001f00 f i POSKeyboard.obj
 0001:00000f0c       ?QueryInterface@?$CComContainedObject@VCOPOSPOSKeyboard@@@ATL@@WOI@EAAJAEBU_GUID@@PEAPEAX@Z 0000000180001f0c f i POSKeyboard.obj
 0001:00000f18       ?AddRef@?$CComContainedObject@VCOPOSPOSKeyboard@@@ATL@@WOI@EAAKXZ 0000000180001f18 f i POSKeyboard.obj
 0001:00000f24       ?Release@?$CComContainedObject@VCOPOSPOSKeyboard@@@ATL@@WOI@EAAKXZ 0000000180001f24 f i POSKeyboard.obj
 0001:00000f30       ?QueryInterface@?$CComContainedObject@VCOPOSPOSKeyboard@@@ATL@@WPA@EAAJAEBU_GUID@@PEAPEAX@Z 0000000180001f30 f i POSKeyboard.obj
 0001:00000f3c       ?AddRef@?$CComContainedObject@VCOPOSPOSKeyboard@@@ATL@@WPA@EAAKXZ 0000000180001f3c f i POSKeyboard.obj
 0001:00000f48       ?Release@?$CComContainedObject@VCOPOSPOSKeyboard@@@ATL@@WPA@EAAKXZ 0000000180001f48 f i POSKeyboard.obj
 0001:00000f54       ?QueryInterface@?$CComContainedObject@VCOPOSPOSKeyboard@@@ATL@@WPI@EAAJAEBU_GUID@@PEAPEAX@Z 0000000180001f54 f i POSKeyboard.obj
 0001:00000f60       ?AddRef@?$CComContainedObject@VCOPOSPOSKeyboard@@@ATL@@WPI@EAAKXZ 0000000180001f60 f i POSKeyboard.obj
 0001:00000f6c       ?Release@?$CComContainedObject@VCOPOSPOSKeyboard@@@ATL@@WPI@EAAKXZ 0000000180001f6c f i POSKeyboard.obj
 0001:00000f78       ?QueryInterface@?$CComContainedObject@VCOPOSPOSKeyboard@@@ATL@@WBAA@EAAJAEBU_GUID@@PEAPEAX@Z 0000000180001f78 f i POSKeyboard.obj
 0001:00000f84       ?AddRef@?$CComContainedObject@VCOPOSPOSKeyboard@@@ATL@@WBAA@EAAKXZ 0000000180001f84 f i POSKeyboard.obj
 0001:00000f90       ?Release@?$CComContainedObject@VCOPOSPOSKeyboard@@@ATL@@WBAA@EAAKXZ 0000000180001f90 f i POSKeyboard.obj
 0001:00000f9c       ?QueryInterface@?$CComContainedObject@VCOPOSPOSKeyboard@@@ATL@@WBAI@EAAJAEBU_GUID@@PEAPEAX@Z 0000000180001f9c f i POSKeyboard.obj
 0001:00000fa8       ?AddRef@?$CComContainedObject@VCOPOSPOSKeyboard@@@ATL@@WBAI@EAAKXZ 0000000180001fa8 f i POSKeyboard.obj
 0001:00000fb4       ?Release@?$CComContainedObject@VCOPOSPOSKeyboard@@@ATL@@WBAI@EAAKXZ 0000000180001fb4 f i POSKeyboard.obj
 0001:00000fc0       ?QueryInterface@?$CComContainedObject@VCOPOSPOSKeyboard@@@ATL@@WBBA@EAAJAEBU_GUID@@PEAPEAX@Z 0000000180001fc0 f i POSKeyboard.obj
 0001:00000fcc       ?AddRef@?$CComContainedObject@VCOPOSPOSKeyboard@@@ATL@@WBBA@EAAKXZ 0000000180001fcc f i POSKeyboard.obj
 0001:00000fd8       ?Release@?$CComContainedObject@VCOPOSPOSKeyboard@@@ATL@@WBBA@EAAKXZ 0000000180001fd8 f i POSKeyboard.obj
 0001:00000fe4       ?QueryInterface@?$CComContainedObject@VCOPOSPOSKeyboard@@@ATL@@WBBI@EAAJAEBU_GUID@@PEAPEAX@Z 0000000180001fe4 f i POSKeyboard.obj
 0001:00000ff0       ?AddRef@?$CComContainedObject@VCOPOSPOSKeyboard@@@ATL@@WBBI@EAAKXZ 0000000180001ff0 f i POSKeyboard.obj
 0001:00000ffc       ?Release@?$CComContainedObject@VCOPOSPOSKeyboard@@@ATL@@WBBI@EAAKXZ 0000000180001ffc f i POSKeyboard.obj
 0001:00001008       ?AddRef@?$CComContainedObject@VCOPOSPOSKeyboard@@@ATL@@WBCI@EAAKXZ 0000000180002008 f i POSKeyboard.obj
 0001:00001014       ?Release@?$CComContainedObject@VCOPOSPOSKeyboard@@@ATL@@WBCI@EAAKXZ 0000000180002014 f i POSKeyboard.obj
 0001:00001020       ?AddRef@?$CComContainedObject@VCOPOSPOSKeyboard@@@ATL@@WBEA@EAAKXZ 0000000180002020 f i POSKeyboard.obj
 0001:0000102c       ?Release@?$CComContainedObject@VCOPOSPOSKeyboard@@@ATL@@WBEA@EAAKXZ 000000018000202c f i POSKeyboard.obj
 0001:00001038       ?CreateInstance@CComClassFactory@ATL@@UEAAJPEAUIUnknown@@AEBU_GUID@@PEAPEAX@Z 0000000180002038 f i POSKeyboard.obj
 0001:00001098       ?LockServer@CComClassFactory@ATL@@UEAAJH@Z 0000000180002098 f i POSKeyboard.obj
 0001:000010bc       ??_ECComClassFactory@ATL@@UEAAPEAXI@Z 00000001800020bc f i POSKeyboard.obj
 0001:000010bc       ??_GCComClassFactory@ATL@@UEAAPEAXI@Z 00000001800020bc f i POSKeyboard.obj
 0001:0000110c       ?GetWindowProc@?$CWindowImplBaseT@VCWindow@ATL@@V?$CWinTraits@$0FGAAAAAA@$0A@@2@@ATL@@UEAAP6A_JPEAUHWND__@@I_K_J@ZXZ 000000018000210c f i POSKeyboard.obj
 0001:00001114       ?StartWindowProc@?$CWindowImplBaseT@VCWindow@ATL@@V?$CWinTraits@$0FGAAAAAA@$0A@@2@@ATL@@SA_JPEAUHWND__@@I_K_J@Z 0000000180002114 f i POSKeyboard.obj
 0001:000011c8       ?GetTypeInfoCount@?$IDispatchImpl@UIOPOSPOSKeyboard@@$1?IID_IOPOSPOSKeyboard@@3U_GUID@@B$1?LIBID_OposPOSKeyboard_CCO@@3U3@B$00$0A@VCComTypeInfoHolder@ATL@@@ATL@@UEAAJPEAI@Z 00000001800021c8 f i POSKeyboard.obj
 0001:000011dc       ?GetTypeInfo@?$IDispatchImpl@UIOPOSPOSKeyboard@@$1?IID_IOPOSPOSKeyboard@@3U_GUID@@B$1?LIBID_OposPOSKeyboard_CCO@@3U3@B$00$0A@VCComTypeInfoHolder@ATL@@@ATL@@UEAAJIKPEAPEAUITypeInfo@@@Z 00000001800021dc f i POSKeyboard.obj
 0001:00001240       ?GetIDsOfNames@?$IDispatchImpl@UIOPOSPOSKeyboard@@$1?IID_IOPOSPOSKeyboard@@3U_GUID@@B$1?LIBID_OposPOSKeyboard_CCO@@3U3@B$00$0A@VCComTypeInfoHolder@ATL@@@ATL@@UEAAJAEBU_GUID@@PEAPEA_WIKPEAJ@Z 0000000180002240 f i POSKeyboard.obj
 0001:0000124c       ?Invoke@?$IDispatchImpl@UIOPOSPOSKeyboard@@$1?IID_IOPOSPOSKeyboard@@3U_GUID@@B$1?LIBID_OposPOSKeyboard_CCO@@3U3@B$00$0A@VCComTypeInfoHolder@ATL@@@ATL@@UEAAJJAEBU_GUID@@KGPEAUtagDISPPARAMS@@PEAUtagVARIANT@@PEAUtagEXCEPINFO@@PEAI@Z 000000018000224c f i POSKeyboard.obj
 0001:000012dc       ?CreateControlWindow@?$CComControl@VCOPOSPOSKeyboard@@V?$CWindowImpl@VCOPOSPOSKeyboard@@VCWindow@ATL@@V?$CWinTraits@$0FGAAAAAA@$0A@@3@@ATL@@@ATL@@UEAAPEAUHWND__@@PEAU3@AEAUtagRECT@@@Z 00000001800022dc f i POSKeyboard.obj
 0001:00001314       ?ControlQueryInterface@?$CComControl@VCOPOSPOSKeyboard@@V?$CWindowImpl@VCOPOSPOSKeyboard@@VCWindow@ATL@@V?$CWinTraits@$0FGAAAAAA@$0A@@3@@ATL@@@ATL@@UEAAJAEBU_GUID@@PEAPEAX@Z 0000000180002314 f i POSKeyboard.obj
 0001:00001328       ?GetClassID@?$IPersistStreamInitImpl@VCOPOSPOSKeyboard@@@ATL@@UEAAJPEAU_GUID@@@Z 0000000180002328 f i POSKeyboard.obj
 0001:00001328       ?GetClassID@?$IPersistStorageImpl@VCOPOSPOSKeyboard@@@ATL@@UEAAJPEAU_GUID@@@Z 0000000180002328 f i POSKeyboard.obj
 0001:00001328       ?GetUserClassID@?$IOleObjectImpl@VCOPOSPOSKeyboard@@@ATL@@UEAAJPEAU_GUID@@@Z 0000000180002328 f i POSKeyboard.obj
 0001:00001344       ?IsDirty@?$IPersistStreamInitImpl@VCOPOSPOSKeyboard@@@ATL@@UEAAJXZ 0000000180002344 f i POSKeyboard.obj
 0001:00001360       ?Load@?$IPersistStreamInitImpl@VCOPOSPOSKeyboard@@@ATL@@UEAAJPEAUIStream@@@Z 0000000180002360 f i POSKeyboard.obj
 0001:00001378       ?Save@?$IPersistStreamInitImpl@VCOPOSPOSKeyboard@@@ATL@@UEAAJPEAUIStream@@H@Z 0000000180002378 f i POSKeyboard.obj
 0001:00001390       ?GetSizeMax@?$IPersistStreamInitImpl@VCOPOSPOSKeyboard@@@ATL@@UEAAJPEAT_ULARGE_INTEGER@@@Z 0000000180002390 f i POSKeyboard.obj
 0001:000015b4       ?InitNew@?$IPersistStreamInitImpl@VCOPOSPOSKeyboard@@@ATL@@UEAAJXZ 00000001800025b4 f i POSKeyboard.obj
 0001:000015cc       ?GetColorSet@?$IViewObjectExImpl@VCOPOSPOSKeyboard@@@ATL@@UEAAJKJPEAXPEAUtagDVTARGETDEVICE@@PEAUHDC__@@PEAPEAUtagLOGPALETTE@@@Z 00000001800025cc f i POSKeyboard.obj
 0001:000015cc       ?GetClipboardData@?$IOleObjectImpl@VCOPOSPOSKeyboard@@@ATL@@UEAAJKPEAPEAUIDataObject@@@Z 00000001800025cc f i POSKeyboard.obj
 0001:000015cc       ?GetRect@?$IViewObjectExImpl@VCOPOSPOSKeyboard@@@ATL@@UEAAJKPEAU_RECTL@@@Z 00000001800025cc f i POSKeyboard.obj
 0001:000015cc       ?GetControlInfo@?$IOleControlImpl@VCOPOSPOSKeyboard@@@ATL@@UEAAJPEAUtagCONTROLINFO@@@Z 00000001800025cc f i POSKeyboard.obj
 0001:000015cc       ?GetMoniker@?$IOleObjectImpl@VCOPOSPOSKeyboard@@@ATL@@UEAAJKKPEAPEAUIMoniker@@@Z 00000001800025cc f i POSKeyboard.obj
 0001:000015cc       ?SOOutputCompleteDummy@COPOSPOSKeyboard@@MEAAJJ@Z 00000001800025cc f i POSKeyboard.obj
 0001:000015cc       ?ReactivateAndUndo@?$IOleInPlaceObjectWindowlessImpl@VCOPOSPOSKeyboard@@@ATL@@UEAAJXZ 00000001800025cc f i POSKeyboard.obj
 0001:000015cc       ?InitFromData@?$IOleObjectImpl@VCOPOSPOSKeyboard@@@ATL@@UEAAJPEAUIDataObject@@HK@Z 00000001800025cc f i POSKeyboard.obj
 0001:000015cc       ?Freeze@?$IViewObjectExImpl@VCOPOSPOSKeyboard@@@ATL@@UEAAJKJPEAXPEAK@Z 00000001800025cc f i POSKeyboard.obj
 0001:000015cc       ?ContextSensitiveHelp@?$IOleInPlaceActiveObjectImpl@VCOPOSPOSKeyboard@@@ATL@@UEAAJH@Z 00000001800025cc f i POSKeyboard.obj
 0001:000015cc       ?SetMoniker@?$IOleObjectImpl@VCOPOSPOSKeyboard@@@ATL@@UEAAJKPEAUIMoniker@@@Z 00000001800025cc f i POSKeyboard.obj
 0001:000015cc       ?GetCanonicalFormatEtc@?$IDataObjectImpl@VCOPOSPOSKeyboard@@@ATL@@UEAAJPEAUtagFORMATETC@@0@Z 00000001800025cc f i POSKeyboard.obj
 0001:000015cc       ?ContextSensitiveHelp@?$IOleInPlaceObjectWindowlessImpl@VCOPOSPOSKeyboard@@@ATL@@UEAAJH@Z 00000001800025cc f i POSKeyboard.obj
 0001:000015cc       ?Unfreeze@?$IViewObjectExImpl@VCOPOSPOSKeyboard@@@ATL@@UEAAJK@Z 00000001800025cc f i POSKeyboard.obj
 0001:000015cc       ?QueryInterface@CRegObject@ATL@@UEAAJAEBU_GUID@@PEAPEAX@Z 00000001800025cc f i POSKeyboard.obj
 0001:000015cc       ?SetColorScheme@?$IOleObjectImpl@VCOPOSPOSKeyboard@@@ATL@@UEAAJPEAUtagLOGPALETTE@@@Z 00000001800025cc f i POSKeyboard.obj
 0001:000015cc       ?GetDataHere@?$IDataObjectImpl@VCOPOSPOSKeyboard@@@ATL@@UEAAJPEAUtagFORMATETC@@PEAUtagSTGMEDIUM@@@Z 00000001800025cc f i POSKeyboard.obj
 0001:000015cc       ?SetData@?$IDataObjectImpl@VCOPOSPOSKeyboard@@@ATL@@UEAAJPEAUtagFORMATETC@@PEAUtagSTGMEDIUM@@H@Z 00000001800025cc f i POSKeyboard.obj
 0001:000015cc       ?OnMnemonic@?$IOleControlImpl@VCOPOSPOSKeyboard@@@ATL@@UEAAJPEAUtagMSG@@@Z 00000001800025cc f i POSKeyboard.obj
 0001:000015cc       ?GetDropTarget@?$IOleInPlaceObjectWindowlessImpl@VCOPOSPOSKeyboard@@@ATL@@UEAAJPEAPEAUIDropTarget@@@Z 00000001800025cc f i POSKeyboard.obj
 0001:000015cc       ?QueryGetData@?$IDataObjectImpl@VCOPOSPOSKeyboard@@@ATL@@UEAAJPEAUtagFORMATETC@@@Z 00000001800025cc f i POSKeyboard.obj
 0001:000015cc       ?EnumFormatEtc@?$IDataObjectImpl@VCOPOSPOSKeyboard@@@ATL@@UEAAJKPEAPEAUIEnumFORMATETC@@@Z 00000001800025cc f i POSKeyboard.obj
 0001:000015d4       ?SetClientSite@?$IOleObjectImpl@VCOPOSPOSKeyboard@@@ATL@@UEAAJPEAUIOleClientSite@@@Z 00000001800025d4 f i POSKeyboard.obj
 0001:000015f0       ?GetClientSite@?$IOleObjectImpl@VCOPOSPOSKeyboard@@@ATL@@UEAAJPEAPEAUIOleClientSite@@@Z 00000001800025f0 f i POSKeyboard.obj
 0001:00001638       ?Close@?$IOleObjectImpl@VCOPOSPOSKeyboard@@@ATL@@UEAAJK@Z 0000000180002638 f i POSKeyboard.obj
 0001:00001654       ?DoVerb@?$IOleObjectImpl@VCOPOSPOSKeyboard@@@ATL@@UEAAJJPEAUtagMSG@@PEAUIOleClientSite@@JPEAUHWND__@@PEBUtagRECT@@@Z 0000000180002654 f i POSKeyboard.obj
 0001:000017f8       ?EnumVerbs@?$IOleObjectImpl@VCOPOSPOSKeyboard@@@ATL@@UEAAJPEAPEAUIEnumOLEVERB@@@Z 00000001800027f8 f i POSKeyboard.obj
 0001:00001814       ?GetUserType@?$IOleObjectImpl@VCOPOSPOSKeyboard@@@ATL@@UEAAJKPEAPEA_W@Z 0000000180002814 f i POSKeyboard.obj
 0001:00001824       ?SetExtent@?$IOleObjectImpl@VCOPOSPOSKeyboard@@@ATL@@UEAAJKPEAUtagSIZE@@@Z 0000000180002824 f i POSKeyboard.obj
 0001:00001840       ?GetExtent@?$IOleObjectImpl@VCOPOSPOSKeyboard@@@ATL@@UEAAJKPEAUtagSIZE@@@Z 0000000180002840 f i POSKeyboard.obj
 0001:00001870       ?Advise@?$IOleObjectImpl@VCOPOSPOSKeyboard@@@ATL@@UEAAJPEAUIAdviseSink@@PEAK@Z 0000000180002870 f i POSKeyboard.obj
 0001:000018cc       ?Unadvise@?$IOleObjectImpl@VCOPOSPOSKeyboard@@@ATL@@UEAAJK@Z 00000001800028cc f i POSKeyboard.obj
 0001:00001904       ?EnumAdvise@?$IOleObjectImpl@VCOPOSPOSKeyboard@@@ATL@@UEAAJPEAPEAUIEnumSTATDATA@@@Z 0000000180002904 f i POSKeyboard.obj
 0001:0000194c       ?GetMiscStatus@?$IOleObjectImpl@VCOPOSPOSKeyboard@@@ATL@@UEAAJKPEAK@Z 000000018000294c f i POSKeyboard.obj
 0001:0000195c       ?GetWindow@?$IOleInPlaceActiveObjectImpl@VCOPOSPOSKeyboard@@@ATL@@UEAAJPEAPEAUHWND__@@@Z 000000018000295c f i POSKeyboard.obj
 0001:000019b0       ?TranslateAcceleratorW@?$IOleInPlaceActiveObjectImpl@VCOPOSPOSKeyboard@@@ATL@@UEAAJPEAUtagMSG@@@Z 00000001800029b0 f i POSKeyboard.obj
 0001:00001aa4       ?OnDocWindowActivate@?$IOleInPlaceActiveObjectImpl@VCOPOSPOSKeyboard@@@ATL@@UEAAJH@Z 0000000180002aa4 f i POSKeyboard.obj
 0001:00001ad0       ?Draw@?$IViewObjectExImpl@VCOPOSPOSKeyboard@@@ATL@@UEAAJKJPEAXPEAUtagDVTARGETDEVICE@@PEAUHDC__@@2PEBU_RECTL@@3P6AH_K@Z4@Z 0000000180002ad0 f i POSKeyboard.obj
 0001:00001b34       ?SetAdvise@?$IViewObjectExImpl@VCOPOSPOSKeyboard@@@ATL@@UEAAJKKPEAUIAdviseSink@@@Z 0000000180002b34 f i POSKeyboard.obj
 0001:00001b88       ?GetAdvise@?$IViewObjectExImpl@VCOPOSPOSKeyboard@@@ATL@@UEAAJPEAK0PEAPEAUIAdviseSink@@@Z 0000000180002b88 f i POSKeyboard.obj
 0001:00001bc4       ?GetExtent@?$IViewObjectExImpl@VCOPOSPOSKeyboard@@@ATL@@UEAAJKJPEAUtagDVTARGETDEVICE@@PEAUtagSIZE@@@Z 0000000180002bc4 f i POSKeyboard.obj
 0001:00001bf4       ?GetViewStatus@?$IViewObjectExImpl@VCOPOSPOSKeyboard@@@ATL@@UEAAJPEAK@Z 0000000180002bf4 f i POSKeyboard.obj
 0001:00001c08       ?QueryHitPoint@?$IViewObjectExImpl@VCOPOSPOSKeyboard@@@ATL@@UEAAJKPEBUtagRECT@@UtagPOINT@@JPEAK@Z 0000000180002c08 f i POSKeyboard.obj
 0001:00001c4c       ?QueryHitRect@?$IViewObjectExImpl@VCOPOSPOSKeyboard@@@ATL@@UEAAJKPEBUtagRECT@@0JPEAK@Z 0000000180002c4c f i POSKeyboard.obj
 0001:00001cb4       ?GetNaturalExtent@?$IViewObjectExImpl@VCOPOSPOSKeyboard@@@ATL@@UEAAJKJPEAUtagDVTARGETDEVICE@@PEAUHDC__@@PEAUtagExtentInfo@@PEAUtagSIZE@@@Z 0000000180002cb4 f i POSKeyboard.obj
 0001:00001cfc       ?GetWindow@?$IOleInPlaceObjectWindowlessImpl@VCOPOSPOSKeyboard@@@ATL@@UEAAJPEAPEAUHWND__@@@Z 0000000180002cfc f i POSKeyboard.obj
 0001:00001d50       ?InPlaceDeactivate@?$IOleInPlaceObjectWindowlessImpl@VCOPOSPOSKeyboard@@@ATL@@UEAAJXZ 0000000180002d50 f i POSKeyboard.obj
 0001:00001d6c       ?UIDeactivate@?$IOleInPlaceObjectWindowlessImpl@VCOPOSPOSKeyboard@@@ATL@@UEAAJXZ 0000000180002d6c f i POSKeyboard.obj
 0001:00001d88       ?SetObjectRects@?$IOleInPlaceObjectWindowlessImpl@VCOPOSPOSKeyboard@@@ATL@@UEAAJPEBUtagRECT@@0@Z 0000000180002d88 f i POSKeyboard.obj
 0001:00001da4       ?OnWindowMessage@?$IOleInPlaceObjectWindowlessImpl@VCOPOSPOSKeyboard@@@ATL@@UEAAJI_K_JPEA_J@Z 0000000180002da4 f i POSKeyboard.obj
 0001:00001e6c       ?EnumConnectionPoints@?$IConnectionPointContainerImpl@VCOPOSPOSKeyboard@@@ATL@@UEAAJPEAPEAUIEnumConnectionPoints@@@Z 0000000180002e6c f i POSKeyboard.obj
 0001:000020b4       ?FindConnectionPoint@?$IConnectionPointContainerImpl@VCOPOSPOSKeyboard@@@ATL@@UEAAJAEBU_GUID@@PEAPEAUIConnectionPoint@@@Z 00000001800030b4 f i POSKeyboard.obj
 0001:00002184       ?IsDirty@?$IPersistStorageImpl@VCOPOSPOSKeyboard@@@ATL@@UEAAJXZ 0000000180003184 f i POSKeyboard.obj
 0001:000021c4       ?InitNew@?$IPersistStorageImpl@VCOPOSPOSKeyboard@@@ATL@@UEAAJPEAUIStorage@@@Z 00000001800031c4 f i POSKeyboard.obj
 0001:00002204       ?Load@?$IPersistStorageImpl@VCOPOSPOSKeyboard@@@ATL@@UEAAJPEAUIStorage@@@Z 0000000180003204 f i POSKeyboard.obj
 0001:000022a4       ?Save@?$IPersistStorageImpl@VCOPOSPOSKeyboard@@@ATL@@UEAAJPEAUIStorage@@H@Z 00000001800032a4 f i POSKeyboard.obj
 0001:00002354       ?GetPages@?$ISpecifyPropertyPagesImpl@VCOPOSPOSKeyboard@@@ATL@@UEAAJPEAUtagCAUUID@@@Z 0000000180003354 f i POSKeyboard.obj
 0001:00002360       ?QuickActivate@?$IQuickActivateImpl@VCOPOSPOSKeyboard@@@ATL@@UEAAJPEAUtagQACONTAINER@@PEAUtagQACONTROL@@@Z 0000000180003360 f i POSKeyboard.obj
 0001:0000237c       ?SetContentExtent@?$IQuickActivateImpl@VCOPOSPOSKeyboard@@@ATL@@UEAAJPEAUtagSIZE@@@Z 000000018000337c f i POSKeyboard.obj
 0001:000023b0       ?GetContentExtent@?$IQuickActivateImpl@VCOPOSPOSKeyboard@@@ATL@@UEAAJPEAUtagSIZE@@@Z 00000001800033b0 f i POSKeyboard.obj
 0001:000023e8       ?GetData@?$IDataObjectImpl@VCOPOSPOSKeyboard@@@ATL@@UEAAJPEAUtagFORMATETC@@PEAUtagSTGMEDIUM@@@Z 00000001800033e8 f i POSKeyboard.obj
 0001:00002404       ?DAdvise@?$IDataObjectImpl@VCOPOSPOSKeyboard@@@ATL@@UEAAJPEAUtagFORMATETC@@KPEAUIAdviseSink@@PEAK@Z 0000000180003404 f i POSKeyboard.obj
 0001:0000248c       ?DUnadvise@?$IDataObjectImpl@VCOPOSPOSKeyboard@@@ATL@@UEAAJK@Z 000000018000348c f i POSKeyboard.obj
 0001:000024b8       ?EnumDAdvise@?$IDataObjectImpl@VCOPOSPOSKeyboard@@@ATL@@UEAAJPEAPEAUIEnumSTATDATA@@@Z 00000001800034b8 f i POSKeyboard.obj
 0001:000024f4       ?GetClassInfoW@?$IProvideClassInfo2Impl@$1?CLSID_OPOSPOSKeyboard@@3U_GUID@@B$1?DIID__IOPOSPOSKeyboardEvents@@3U2@B$1?LIBID_OposPOSKeyboard_CCO@@3U2@B$00$0A@VCComTypeInfoHolder@ATL@@@ATL@@UEAAJPEAPEAUITypeInfo@@@Z 00000001800034f4 f i POSKeyboard.obj
 0001:0000254c       ?GetGUID@?$IProvideClassInfo2Impl@$1?CLSID_OPOSPOSKeyboard@@3U_GUID@@B$1?DIID__IOPOSPOSKeyboardEvents@@3U2@B$1?LIBID_OposPOSKeyboard_CCO@@3U2@B$00$0A@VCComTypeInfoHolder@ATL@@@ATL@@UEAAJKPEAU_GUID@@@Z 000000018000354c f i POSKeyboard.obj
 0001:00002580       _get_startup_argv_mode     0000000180003580 f i LIBCMT:argv_mode.obj
 0001:00002580       ?FAccessAllowed@?$IObjectSafetyImpl@VCOPOSPOSKeyboard@@$02@ATL@@MEAAHXZ 0000000180003580 f i POSKeyboard.obj
 0001:00002580       ?AddRef@CRegObject@ATL@@UEAAKXZ 0000000180003580 f i POSKeyboard.obj
 0001:00002588       ?GetInterfaceSafetyOptions@?$IObjectSafetyImpl@VCOPOSPOSKeyboard@@$02@ATL@@UEAAJAEBU_GUID@@PEAK1@Z 0000000180003588 f i POSKeyboard.obj
 0001:0000261c       ?SetInterfaceSafetyOptions@?$IObjectSafetyImpl@VCOPOSPOSKeyboard@@$02@ATL@@UEAAJAEBU_GUID@@KK@Z 000000018000361c f i POSKeyboard.obj
 0001:000026c0       ?_LocCPQueryInterface@?$IConnectionPointImpl@VCOPOSPOSKeyboard@@$1?IID_IPropertyNotifySink@@3U_GUID@@BVCComDynamicUnkArray@ATL@@@ATL@@UEAAJAEBU_GUID@@PEAPEAX@Z 00000001800036c0 f i POSKeyboard.obj
 0001:000026c0       ?_LocCPQueryInterface@?$IConnectionPointImpl@VCOPOSPOSKeyboard@@$1?DIID__IOPOSPOSKeyboardEvents@@3U_GUID@@BVCComDynamicUnkArray@ATL@@@ATL@@UEAAJAEBU_GUID@@PEAPEAX@Z 00000001800036c0 f i POSKeyboard.obj
 0001:00002734       ?GetConnectionInterface@?$IConnectionPointImpl@VCOPOSPOSKeyboard@@$1?IID_IPropertyNotifySink@@3U_GUID@@BVCComDynamicUnkArray@ATL@@@ATL@@UEAAJPEAU_GUID@@@Z 0000000180003734 f i POSKeyboard.obj
 0001:00002750       ?GetConnectionPointContainer@?$IConnectionPointImpl@VCOPOSPOSKeyboard@@$1?IID_IPropertyNotifySink@@3U_GUID@@BVCComDynamicUnkArray@ATL@@@ATL@@UEAAJPEAPEAUIConnectionPointContainer@@@Z 0000000180003750 f i POSKeyboard.obj
 0001:00002770       ?Advise@?$IConnectionPointImpl@VCOPOSPOSKeyboard@@$1?IID_IPropertyNotifySink@@3U_GUID@@BVCComDynamicUnkArray@ATL@@@ATL@@UEAAJPEAUIUnknown@@PEAK@Z 0000000180003770 f i POSKeyboard.obj
 0001:00002770       ?Advise@?$IConnectionPointImpl@VCOPOSPOSKeyboard@@$1?DIID__IOPOSPOSKeyboardEvents@@3U_GUID@@BVCComDynamicUnkArray@ATL@@@ATL@@UEAAJPEAUIUnknown@@PEAK@Z 0000000180003770 f i POSKeyboard.obj
 0001:0000282c       ?Unadvise@?$IConnectionPointImpl@VCOPOSPOSKeyboard@@$1?IID_IPropertyNotifySink@@3U_GUID@@BVCComDynamicUnkArray@ATL@@@ATL@@UEAAJK@Z 000000018000382c f i POSKeyboard.obj
 0001:0000282c       ?Unadvise@?$IConnectionPointImpl@VCOPOSPOSKeyboard@@$1?DIID__IOPOSPOSKeyboardEvents@@3U_GUID@@BVCComDynamicUnkArray@ATL@@@ATL@@UEAAJK@Z 000000018000382c f i POSKeyboard.obj
 0001:00002894       ?EnumConnections@?$IConnectionPointImpl@VCOPOSPOSKeyboard@@$1?DIID__IOPOSPOSKeyboardEvents@@3U_GUID@@BVCComDynamicUnkArray@ATL@@@ATL@@UEAAJPEAPEAUIEnumConnections@@@Z 0000000180003894 f i POSKeyboard.obj
 0001:00002894       ?EnumConnections@?$IConnectionPointImpl@VCOPOSPOSKeyboard@@$1?IID_IPropertyNotifySink@@3U_GUID@@BVCComDynamicUnkArray@ATL@@@ATL@@UEAAJPEAPEAUIEnumConnections@@@Z 0000000180003894 f i POSKeyboard.obj
 0001:00002a28       ?GetConnectionInterface@?$IConnectionPointImpl@VCOPOSPOSKeyboard@@$1?DIID__IOPOSPOSKeyboardEvents@@3U_GUID@@BVCComDynamicUnkArray@ATL@@@ATL@@UEAAJPEAU_GUID@@@Z 0000000180003a28 f i POSKeyboard.obj
 0001:00002a44       ?GetConnectionPointContainer@?$IConnectionPointImpl@VCOPOSPOSKeyboard@@$1?DIID__IOPOSPOSKeyboardEvents@@3U_GUID@@BVCComDynamicUnkArray@ATL@@@ATL@@UEAAJPEAPEAUIConnectionPointContainer@@@Z 0000000180003a44 f i POSKeyboard.obj
 0001:00002a64       ?Lock@CAtlModule@ATL@@UEAAJXZ 0000000180003a64 f i POSKeyboard.obj
 0001:00002a74       ?Unlock@CAtlModule@ATL@@UEAAJXZ 0000000180003a74 f i POSKeyboard.obj
 0001:00002a80       ?GetLockCount@CAtlModule@ATL@@UEAAJXZ 0000000180003a80 f i POSKeyboard.obj
 0001:00002a84       ?GetGITPtr@CAtlModule@ATL@@UEAAJPEAPEAUIGlobalInterfaceTable@@@Z 0000000180003a84 f i POSKeyboard.obj
 0001:00002af4       ?UpdateRegistry@COPOSPOSKeyboard@@SAJH@Z 0000000180003af4 f i POSKeyboard.obj
 0001:00002b0c       ?ProcessWindowMessage@COPOSPOSKeyboard@@UEAAHPEAUHWND__@@I_K_JAEA_JK@Z 0000000180003b0c f i POSKeyboard.obj
 0001:00002b9c       ?SOData@COPOSPOSKeyboard@@MEAAJJ@Z 0000000180003b9c f i POSKeyboard.obj
 0001:00002bec       ?SODirectIO@COPOSPOSKeyboard@@MEAAJJPEAJPEAPEA_W@Z 0000000180003bec f i POSKeyboard.obj
 0001:00002c64       ?SOError@COPOSPOSKeyboard@@MEAAJJJJPEAJ@Z 0000000180003c64 f i POSKeyboard.obj
 0001:00002cec       ?SOStatusUpdate@COPOSPOSKeyboard@@MEAAJJ@Z 0000000180003cec f i POSKeyboard.obj
 0001:00002d3c       ?AddCommonRGSReplacements@?$CAtlModuleT@VCComModule@ATL@@@ATL@@UEAAJPEAUIRegistrarBase@@@Z 0000000180003d3c f i POSKeyboard.obj
 0001:00002d54       ?UpdateRegistryFromResourceD@CComModule@ATL@@UEAAJPEB_WHPEAU_ATL_REGMAP_ENTRY@2@@Z 0000000180003d54 f i POSKeyboard.obj
 0001:00002d54       ?UpdateRegistryFromResourceD@CComModule@ATL@@UEAAJIHPEAU_ATL_REGMAP_ENTRY@2@@Z 0000000180003d54 f i POSKeyboard.obj
 0001:00002d5c       ?UpdateRegistryFromResource@CComModule@ATL@@UEAAJPEB_WHPEAU_ATL_REGMAP_ENTRY@2@@Z 0000000180003d5c f i POSKeyboard.obj
 0001:00002d64       ?UpdateRegistryFromResource@CComModule@ATL@@UEAAJIHPEAU_ATL_REGMAP_ENTRY@2@@Z 0000000180003d64 f i POSKeyboard.obj
 0001:00002d6c       ??_ECComModule@ATL@@UEAAPEAXI@Z 0000000180003d6c f i POSKeyboard.obj
 0001:00002d6c       ??_GCComModule@ATL@@UEAAPEAXI@Z 0000000180003d6c f i POSKeyboard.obj
 0001:00002dac       ?CreateInstance@?$CComCreator@V?$CComObjectCached@VCComClassFactory@ATL@@@ATL@@@ATL@@SAJPEAXAEBU_GUID@@PEAPEAX@Z 0000000180003dac f i POSKeyboard.obj
 0001:00002ed0       ?CreateInstance@?$CComCreator2@V?$CComCreator@V?$CComObject@VCOPOSPOSKeyboard@@@ATL@@@ATL@@V?$CComCreator@V?$CComAggObject@VCOPOSPOSKeyboard@@@ATL@@@2@@ATL@@SAJPEAXAEBU_GUID@@PEAPEAX@Z 0000000180003ed0 f i POSKeyboard.obj
 0001:00002ee0       ?AddRef@?$CComObjectCached@VCComClassFactory@ATL@@@ATL@@UEAAKXZ 0000000180003ee0 f i POSKeyboard.obj
 0001:00002f0c       ?Release@?$CComObjectCached@VCComClassFactory@ATL@@@ATL@@UEAAKXZ 0000000180003f0c f i POSKeyboard.obj
 0001:00002f4c       ?QueryInterface@?$CComObjectCached@VCComClassFactory@ATL@@@ATL@@UEAAJAEBU_GUID@@PEAPEAX@Z 0000000180003f4c f i POSKeyboard.obj
 0001:00002f60       ??_G?$CComObjectCached@VCComClassFactory@ATL@@@ATL@@UEAAPEAXI@Z 0000000180003f60 f i POSKeyboard.obj
 0001:00002f60       ??_E?$CComObjectCached@VCComClassFactory@ATL@@@ATL@@UEAAPEAXI@Z 0000000180003f60 f i POSKeyboard.obj
 0001:00002fb8       ?Next@?$CComEnumImpl@UIEnumConnectionPoints@@$1?_GUID_b196b285_bab4_101a_b69c_00aa00341d07@@3U__s_GUID@@BPEAUIConnectionPoint@@V?$_CopyInterface@UIConnectionPoint@@@ATL@@@ATL@@UEAAJKPEAPEAUIConnectionPoint@@PEAK@Z 0000000180003fb8 f i POSKeyboard.obj
 0001:0000307c       ?Skip@?$CComEnumImpl@UIEnumConnectionPoints@@$1?_GUID_b196b285_bab4_101a_b69c_00aa00341d07@@3U__s_GUID@@BPEAUIConnectionPoint@@V?$_CopyInterface@UIConnectionPoint@@@ATL@@@ATL@@UEAAJK@Z 000000018000407c f i POSKeyboard.obj
 0001:000030a8       ?Clone@?$CComEnumImpl@UIEnumConnectionPoints@@$1?_GUID_b196b285_bab4_101a_b69c_00aa00341d07@@3U__s_GUID@@BPEAUIConnectionPoint@@V?$_CopyInterface@UIConnectionPoint@@@ATL@@@ATL@@UEAAJPEAPEAUIEnumConnectionPoints@@@Z 00000001800040a8 f i POSKeyboard.obj
 0001:000031d4       ?QueryInterface@?$CComObject@V?$CComEnum@UIEnumConnectionPoints@@$1?_GUID_b196b285_bab4_101a_b69c_00aa00341d07@@3U__s_GUID@@BPEAUIConnectionPoint@@V?$_CopyInterface@UIConnectionPoint@@@ATL@@VCComSingleThreadModel@6@@ATL@@@ATL@@UEAAJAEBU_GUID@@PEAPEAX@Z 00000001800041d4 f i POSKeyboard.obj
 0001:000031e8       ??_G?$CComObject@V?$CComEnum@UIEnumConnectionPoints@@$1?_GUID_b196b285_bab4_101a_b69c_00aa00341d07@@3U__s_GUID@@BPEAUIConnectionPoint@@V?$_CopyInterface@UIConnectionPoint@@@ATL@@VCComSingleThreadModel@6@@ATL@@@ATL@@UEAAPEAXI@Z 00000001800041e8 f i POSKeyboard.obj
 0001:000031e8       ??_E?$CComObject@V?$CComEnum@UIEnumConnectionPoints@@$1?_GUID_b196b285_bab4_101a_b69c_00aa00341d07@@3U__s_GUID@@BPEAUIConnectionPoint@@V?$_CopyInterface@UIConnectionPoint@@@ATL@@VCComSingleThreadModel@6@@ATL@@@ATL@@UEAAPEAXI@Z 00000001800041e8 f i POSKeyboard.obj
 0001:00003240       ?AddReplacement@CRegObject@ATL@@UEAAJPEB_W0@Z 0000000180004240 f i POSKeyboard.obj
 0001:00003270       ?ClearReplacements@CRegObject@ATL@@UEAAJXZ 0000000180004270 f i POSKeyboard.obj
 0001:0000327c       ??_GCRegObject@ATL@@UEAAPEAXI@Z 000000018000427c f i POSKeyboard.obj
 0001:0000327c       ??_ECRegObject@ATL@@UEAAPEAXI@Z 000000018000427c f i POSKeyboard.obj
 0001:000032fc       ?AddRef@?$CComAggObject@VCOPOSPOSKeyboard@@@ATL@@UEAAKXZ 00000001800042fc f i POSKeyboard.obj
 0001:00003308       ?Release@?$CComAggObject@VCOPOSPOSKeyboard@@@ATL@@UEAAKXZ 0000000180004308 f i POSKeyboard.obj
 0001:0000335c       ?QueryInterface@?$CComAggObject@VCOPOSPOSKeyboard@@@ATL@@UEAAJAEBU_GUID@@PEAPEAX@Z 000000018000435c f i POSKeyboard.obj
 0001:000033bc       ?AddRef@?$CComContainedObject@VCOPOSPOSKeyboard@@@ATL@@UEAAKXZ 00000001800043bc f i POSKeyboard.obj
 0001:000033cc       ?Release@?$CComContainedObject@VCOPOSPOSKeyboard@@@ATL@@UEAAKXZ 00000001800043cc f i POSKeyboard.obj
 0001:000033dc       ?QueryInterface@?$CComContainedObject@VCOPOSPOSKeyboard@@@ATL@@UEAAJAEBU_GUID@@PEAPEAX@Z 00000001800043dc f i POSKeyboard.obj
 0001:000033ec       ??_E?$CComAggObject@VCOPOSPOSKeyboard@@@ATL@@UEAAPEAXI@Z 00000001800043ec f i POSKeyboard.obj
 0001:000033ec       ??_G?$CComAggObject@VCOPOSPOSKeyboard@@@ATL@@UEAAPEAXI@Z 00000001800043ec f i POSKeyboard.obj
 0001:00003444       ?AddRef@?$CComObject@VCOPOSPOSKeyboard@@@ATL@@UEAAKXZ 0000000180004444 f i POSKeyboard.obj
 0001:00003454       ?Release@?$CComObject@VCOPOSPOSKeyboard@@@ATL@@UEAAKXZ 0000000180004454 f i POSKeyboard.obj
 0001:000034ac       ?QueryInterface@?$CComObject@VCOPOSPOSKeyboard@@@ATL@@UEAAJAEBU_GUID@@PEAPEAX@Z 00000001800044ac f i POSKeyboard.obj
 0001:000034c0       ?OnDrawAdvanced@CComControlBase@ATL@@UEAAJAEAUATL_DRAWINFO@@@Z 00000001800044c0 f i POSKeyboard.obj
 0001:0000364c       ??$AtlModuleRegisterWndClassInfoT@VAtlModuleRegisterWndClassInfoParamW@ATL@@@ATL@@YAGPEAU_ATL_BASE_MODULE70@0@PEAU_ATL_WIN_MODULE70@0@PEAU_ATL_WNDCLASSINFOW@0@PEAP6A_JPEAUHWND__@@I_K_J@ZVAtlModuleRegisterWndClassInfoParamW@0@@Z 000000018000464c f i POSKeyboard.obj
 0001:0000384c       ??0?$CComContainedObject@VCOPOSPOSKeyboard@@@ATL@@QEAA@PEAX@Z 000000018000484c f i POSKeyboard.obj
 0001:00003968       ??0?$CComObject@VCOPOSPOSKeyboard@@@ATL@@QEAA@PEAX@Z 0000000180004968 f i POSKeyboard.obj
 0001:00003a80       ??0CAtlModule@ATL@@QEAA@XZ 0000000180004a80 f i POSKeyboard.obj
 0001:00003af4       ??1?$CComEnumImpl@UIEnumConnectionPoints@@$1?_GUID_b196b285_bab4_101a_b69c_00aa00341d07@@3U__s_GUID@@BPEAUIConnectionPoint@@V?$_CopyInterface@UIConnectionPoint@@@ATL@@@ATL@@UEAA@XZ 0000000180004af4 f i POSKeyboard.obj
 0001:00003b4c       ??1?$CComEnumImpl@UIEnumConnections@@$1?_GUID_b196b287_bab4_101a_b69c_00aa00341d07@@3U__s_GUID@@BUtagCONNECTDATA@@V?$_Copy@UtagCONNECTDATA@@@ATL@@@ATL@@UEAA@XZ 0000000180004b4c f i POSKeyboard.obj
 0001:00003ba4       ??1?$CComObject@VCOPOSPOSKeyboard@@@ATL@@UEAA@XZ 0000000180004ba4 f i POSKeyboard.obj
 0001:00003cc4       ??_G?$CComContainedObject@VCOPOSPOSKeyboard@@@ATL@@UEAAPEAXI@Z 0000000180004cc4 f i POSKeyboard.obj
 0001:00003cc4       ??_E?$CComContainedObject@VCOPOSPOSKeyboard@@@ATL@@UEAAPEAXI@Z 0000000180004cc4 f i POSKeyboard.obj
 0001:00003cf8       ??_E?$CComObject@VCOPOSPOSKeyboard@@@ATL@@UEAAPEAXI@Z 0000000180004cf8 f i POSKeyboard.obj
 0001:00003cf8       ??_G?$CComObject@VCOPOSPOSKeyboard@@@ATL@@UEAAPEAXI@Z 0000000180004cf8 f i POSKeyboard.obj
 0001:00003d2c       ?Add@?$CSimpleArray@GV?$CSimpleArrayEqualHelper@G@ATL@@@ATL@@QEAAHAEBG@Z 0000000180004d2c f i POSKeyboard.obj
 0001:00003dcc       ?Add@?$CSimpleMap@PEA_WPEA_WVCExpansionVectorEqualHelper@ATL@@@ATL@@QEAAHAEBQEA_W0@Z 0000000180004dcc f i POSKeyboard.obj
 0001:00003e68       ?Add@CComDynamicUnkArray@ATL@@QEAAKPEAUIUnknown@@@Z 0000000180004e68 f i POSKeyboard.obj
 0001:00003f4c       ?Add@CExpansionVector@ATL@@QEAAHPEB_W0@Z 0000000180004f4c f i POSKeyboard.obj
 0001:00004080       ?AddTermFunc@CAtlModule@ATL@@QEAAJP6AX_K@Z0@Z 0000000180005080 f i POSKeyboard.obj
 0001:0000411c       ?AddValue@CRegParser@ATL@@IEAAJAEAVCRegKey@2@PEB_WPEA_W@Z 000000018000511c f i POSKeyboard.obj
 0001:0000452c       ?AllocateHeap@?$CTempBuffer@E$0BAA@VCCRTAllocator@ATL@@@ATL@@AEAAX_K@Z 000000018000552c f i POSKeyboard.obj
 0001:0000452c       ?AllocateHeap@?$CTempBuffer@_W$0BAA@VCCRTAllocator@ATL@@@ATL@@AEAAX_K@Z 000000018000552c f i POSKeyboard.obj
 0001:0000452c       ?AllocateHeap@?$CTempBuffer@_W$0EAA@VCCRTAllocator@ATL@@@ATL@@AEAAX_K@Z 000000018000552c f i POSKeyboard.obj
 0001:00004558       ?Append@CParseBuffer@CRegParser@ATL@@QEAAHPEB_WH@Z 0000000180005558 f i POSKeyboard.obj
 0001:0000468c       ?AtlComModuleGetClassObject@ATL@@YAJPEAU_ATL_COM_MODULE70@1@AEBU_GUID@@1PEAPEAX@Z 000000018000568c f i POSKeyboard.obj
 0001:000047c8       ?AtlComModuleRegisterServer@ATL@@YAJPEAU_ATL_COM_MODULE70@1@HPEBU_GUID@@@Z 00000001800057c8 f i POSKeyboard.obj
 0001:00004888       ?AtlComModuleUnregisterServer@ATL@@YAJPEAU_ATL_COM_MODULE70@1@HPEBU_GUID@@@Z 0000000180005888 f i POSKeyboard.obj
 0001:00004944       ?AtlHiMetricToPixel@ATL@@YAXPEBUtagSIZE@@PEAU2@@Z 0000000180005944 f i POSKeyboard.obj
 0001:000049f4       ?AtlHresultFromLastError@ATL@@YAJXZ 00000001800059f4 f i POSKeyboard.obj
 0001:00004a14       ?AtlHresultFromWin32@ATL@@YAJK@Z 0000000180005a14 f i POSKeyboard.obj
 0001:00004a24       ?AtlInternalOleLoadFromStream@ATL@@YAJPEAUIStream@@AEBU_GUID@@PEAPEAXTClassesAllowedInStream@1@K@Z 0000000180005a24 f i POSKeyboard.obj
 0001:00004b74       ?AtlInternalQueryInterface@ATL@@YAJPEAXPEBU_ATL_INTMAP_ENTRY@1@AEBU_GUID@@PEAPEAX@Z 0000000180005b74 f i POSKeyboard.obj
 0001:00004c7c       ?AtlLoadTypeLib@ATL@@YAJPEAUHINSTANCE__@@PEB_WPEAPEA_WPEAPEAUITypeLib@@@Z 0000000180005c7c f i POSKeyboard.obj
 0001:00004ed8       ?AtlRegisterClassCategoriesHelper@ATL@@YAJAEBU_GUID@@PEBU_ATL_CATMAP_ENTRY@1@H@Z 0000000180005ed8 f i POSKeyboard.obj
 0001:0000535c       ?AtlRegisterTypeLib@ATL@@YAJPEAUHINSTANCE__@@PEB_W@Z 000000018000635c f i POSKeyboard.obj
 0001:00005558       ?AtlThrowImpl@ATL@@YAXJ@Z  0000000180006558 f i POSKeyboard.obj
 0001:0000557c       ?AtlUnRegisterTypeLib@ATL@@YAJPEAUHINSTANCE__@@PEB_W@Z 000000018000657c f i POSKeyboard.obj
 0001:00005644       ?AtlWinModuleExtractCreateWndData@ATL@@YAPEAXPEAU_ATL_WIN_MODULE70@1@@Z 0000000180006644 f i POSKeyboard.obj
 0001:000056d0       ?ChToByte@CRegParser@ATL@@KAE_W@Z 00000001800066d0 f i POSKeyboard.obj
 0001:0000575c       ?Cleanup@CComTypeInfoHolder@ATL@@SAX_K@Z 000000018000675c f i POSKeyboard.obj
 0001:0000579c       ?ClearReplacements@CExpansionVector@ATL@@QEAAJXZ 000000018000679c f i POSKeyboard.obj
 0001:00005838       ?CreateInstance@?$CComCreator@V?$CComAggObject@VCOPOSPOSKeyboard@@@ATL@@@ATL@@SAJPEAXAEBU_GUID@@PEAPEAX@Z 0000000180006838 f i POSKeyboard.obj
 0001:0000591c       ?CreateInstance@?$CComCreator@V?$CComObject@VCOPOSPOSKeyboard@@@ATL@@@ATL@@SAJPEAXAEBU_GUID@@PEAPEAX@Z 000000018000691c f i POSKeyboard.obj
 0001:000059dc       ?CreateInstance@?$CComObject@V?$CComEnum@UIEnumConnectionPoints@@$1?_GUID_b196b285_bab4_101a_b69c_00aa00341d07@@3U__s_GUID@@BPEAUIConnectionPoint@@V?$_CopyInterface@UIConnectionPoint@@@ATL@@VCComSingleThreadModel@6@@ATL@@@ATL@@SAJPEAPEAV12@@Z 00000001800069dc f i POSKeyboard.obj
 0001:00005a6c       ?CreateInstance@?$CComObject@V?$CComEnum@UIEnumConnections@@$1?_GUID_b196b287_bab4_101a_b69c_00aa00341d07@@3U__s_GUID@@BUtagCONNECTDATA@@V?$_Copy@UtagCONNECTDATA@@@ATL@@VCComSingleThreadModel@6@@ATL@@@ATL@@SAJPEAPEAV12@@Z 0000000180006a6c f i POSKeyboard.obj
 0001:00005afc       ?DefaultReflectionHandler@?$CWindowImplRoot@VCWindow@ATL@@@ATL@@SAHPEAUHWND__@@I_K_JAEA_J@Z 0000000180006afc f i POSKeyboard.obj
 0001:00005b90       ?DeleteSubKey@CRegKey@ATL@@QEAAJPEB_W@Z 0000000180006b90 f i POSKeyboard.obj
 0001:00005c28       ?DoEvent@COPOSPOSKeyboard@@IEAAXI_K_J@Z 0000000180006c28 f i POSKeyboard.obj
 0001:00005cdc       ?DoVerbPrimary@?$IOleObjectImpl@VCOPOSPOSKeyboard@@@ATL@@QEAAJPEBUtagRECT@@PEAUHWND__@@@Z 0000000180006cdc f i POSKeyboard.obj
 0001:00005e08       ?DoVerbProperties@CComControlBase@ATL@@QEAAJPEBUtagRECT@@PEAUHWND__@@@Z 0000000180006e08 f i POSKeyboard.obj
 0001:00006030       ?FireTheEvent@?$CProxy_IOPOSEvents@VCOPOSPOSKeyboard@@@@IEAAXPEAVOposVariant@@IAEAJPEB_WJ@Z 0000000180007030 f i POSKeyboard.obj
 0001:0000611c       ?FireViewChange@CComControlBase@ATL@@QEAAJXZ 000000018000711c f i POSKeyboard.obj
 0001:00006180       ?Fire_DataEvent@?$CProxy_IOPOSEvents@VCOPOSPOSKeyboard@@@@QEAAXJ@Z 0000000180007180 f i POSKeyboard.obj
 0001:0000626c       ?Fire_DirectIOEvent@?$CProxy_IOPOSEvents@VCOPOSPOSKeyboard@@@@QEAAXJPEAJPEAPEA_W@Z 000000018000726c f i POSKeyboard.obj
 0001:000063cc       ?Fire_ErrorEvent@?$CProxy_IOPOSEvents@VCOPOSPOSKeyboard@@@@QEAAXJJJPEAJ@Z 00000001800073cc f i POSKeyboard.obj
 0001:00006540       ?Fire_StatusUpdateEvent@?$CProxy_IOPOSEvents@VCOPOSPOSKeyboard@@@@QEAAXJ@Z 0000000180007540 f i POSKeyboard.obj
 0001:0000662c       ?FreeHeap@?$CTempBuffer@_W$0BAA@VCCRTAllocator@ATL@@@ATL@@AEAAXXZ 000000018000762c f i POSKeyboard.obj
 0001:0000662c       ?FreeHeap@?$CTempBuffer@_W$0EAA@VCCRTAllocator@ATL@@@ATL@@AEAAXXZ 000000018000762c f i POSKeyboard.obj
 0001:0000662c       ?FreeHeap@?$CTempBuffer@E$0BAA@VCCRTAllocator@ATL@@@ATL@@AEAAXXZ 000000018000762c f i POSKeyboard.obj
 0001:00006634       ?GetAmbientLocaleID@CComControlBase@ATL@@QEAAJAEAK@Z 0000000180007634 f i POSKeyboard.obj
 0001:000066f4       ?GetAmbientUserMode@CComControlBase@ATL@@QEAAJAEAH@Z 00000001800076f4 f i POSKeyboard.obj
 0001:000067c4       ?GetClassObject@CComModule@ATL@@QEAAJAEBU_GUID@@0PEAPEAX@Z 00000001800077c4 f i POSKeyboard.obj
 0001:000068b8       ?GetConnMap@COPOSPOSKeyboard@@SAPEBU_ATL_CONNMAP_ENTRY@ATL@@PEAH@Z 00000001800078b8 f i POSKeyboard.obj
 0001:00006940       ?GetIDsOfNames@CComTypeInfoHolder@ATL@@QEAAJAEBU_GUID@@PEAPEA_WIKPEAJ@Z 0000000180007940 f i POSKeyboard.obj
 0001:00006ab0       ?GetPagesHelper@?$ISpecifyPropertyPagesImpl@VCOPOSPOSKeyboard@@@ATL@@IEAAJPEAUtagCAUUID@@PEBUATL_PROPMAP_ENTRY@2@@Z 0000000180007ab0 f i POSKeyboard.obj
 0001:00006c50       ?GetSizeMax@CComVariant@ATL@@QEBAJPEAT_ULARGE_INTEGER@@@Z 0000000180007c50 f i POSKeyboard.obj
 0001:00006e80       ?GetTI@CComTypeInfoHolder@ATL@@QEAAJK@Z 0000000180007e80 f i POSKeyboard.obj
 0001:00007164       ?GetZoomInfo@CComControlBase@ATL@@QEAAXAEAUATL_DRAWINFO@@@Z 0000000180008164 f i POSKeyboard.obj
 0001:00007208       ?HKeyFromString@CRegParser@ATL@@KAPEAUHKEY__@@PEA_W@Z 0000000180008208 f i POSKeyboard.obj
 0001:0000726c       ?IDataObject_GetData@CComControlBase@ATL@@QEAAJPEAUtagFORMATETC@@PEAUtagSTGMEDIUM@@@Z 000000018000826c f i POSKeyboard.obj
 0001:00007460       ?IOleInPlaceObject_InPlaceDeactivate@CComControlBase@ATL@@QEAAJXZ 0000000180008460 f i POSKeyboard.obj
 0001:00007500       ?IOleInPlaceObject_SetObjectRects@CComControlBase@ATL@@QEAAJPEBUtagRECT@@0@Z 0000000180008500 f i POSKeyboard.obj
 0001:000075f0       ?IOleInPlaceObject_UIDeactivate@CComControlBase@ATL@@QEAAJXZ 00000001800085f0 f i POSKeyboard.obj
 0001:000076fc       ?IOleObject_Close@CComControlBase@ATL@@QEAAJK@Z 00000001800086fc f i POSKeyboard.obj
 0001:00007814       ?IOleObject_SetClientSite@CComControlBase@ATL@@QEAAJPEAUIOleClientSite@@@Z 0000000180008814 f i POSKeyboard.obj
 0001:00007888       ?IOleObject_SetExtent@CComControlBase@ATL@@QEAAJKPEAUtagSIZE@@@Z 0000000180008888 f i POSKeyboard.obj
 0001:00007920       ?IPSI_GetIPersistStreamInit@?$IPersistStorageImpl@VCOPOSPOSKeyboard@@@ATL@@AEAAPEAUIPersistStreamInit@@XZ 0000000180008920 f i POSKeyboard.obj
 0001:00007a08       ?IPersistStreamInit_Load@?$IPersistStreamInitImpl@VCOPOSPOSKeyboard@@@ATL@@QEAAJPEAUIStream@@PEBUATL_PROPMAP_ENTRY@2@@Z 0000000180008a08 f i POSKeyboard.obj
 0001:00007d30       ?IPersistStreamInit_Save@?$IPersistStreamInitImpl@VCOPOSPOSKeyboard@@@ATL@@QEAAJPEAUIStream@@HPEBUATL_PROPMAP_ENTRY@2@@Z 0000000180008d30 f i POSKeyboard.obj
 0001:00007fcc       ?IQuickActivate_QuickActivate@CComControlBase@ATL@@QEAAJPEAUtagQACONTAINER@@PEAUtagQACONTROL@@@Z 0000000180008fcc f i POSKeyboard.obj
 0001:00008290       ?IViewObject_Draw@CComControlBase@ATL@@QEAAJKJPEAXPEAUtagDVTARGETDEVICE@@PEAUHDC__@@2PEBU_RECTL@@3@Z 0000000180009290 f i POSKeyboard.obj
 0001:000083a4       ?InPlaceActivate@CComControlBase@ATL@@QEAAJJPEBUtagRECT@@@Z 00000001800093a4 f i POSKeyboard.obj
 0001:000086d4       ?Init@?$CComEnumImpl@UIEnumConnectionPoints@@$1?_GUID_b196b285_bab4_101a_b69c_00aa00341d07@@3U__s_GUID@@BPEAUIConnectionPoint@@V?$_CopyInterface@UIConnectionPoint@@@ATL@@@ATL@@QEAAJPEAPEAUIConnectionPoint@@0PEAUIUnknown@@W4CComEnumFlags@2@@Z 00000001800096d4 f i POSKeyboard.obj
 0001:000087f0       ?Init@?$CComEnumImpl@UIEnumConnections@@$1?_GUID_b196b287_bab4_101a_b69c_00aa00341d07@@3U__s_GUID@@BUtagCONNECTDATA@@V?$_Copy@UtagCONNECTDATA@@@ATL@@@ATL@@QEAAJPEAUtagCONNECTDATA@@0PEAUIUnknown@@W4CComEnumFlags@2@@Z 00000001800097f0 f i POSKeyboard.obj
 0001:00008910       ?IsEqualObject@?$CComPtrBase@UIOleClientSite@@@ATL@@QEAA_NPEAUIUnknown@@@Z 0000000180009910 f i POSKeyboard.obj
 0001:0000899c       ?LoadNameCache@CComTypeInfoHolder@ATL@@QEAAJPEAUITypeInfo@@@Z 000000018000999c f i POSKeyboard.obj
 0001:00008b2c       ?Lookup@?$CSimpleMap@PEA_WPEA_WVCExpansionVectorEqualHelper@ATL@@@ATL@@QEBAPEA_WAEBQEA_W@Z 0000000180009b2c f i POSKeyboard.obj
 0001:00008bb4       ?NextToken@CRegParser@ATL@@IEAAJPEA_W@Z 0000000180009bb4 f i POSKeyboard.obj
 0001:00008d50       ?OnKillFocus@CComControlBase@ATL@@QEAA_JI_K_JAEAH@Z 0000000180009d50 f i POSKeyboard.obj
 0001:00008dec       ?OnMouseActivate@CComControlBase@ATL@@QEAA_JI_K_JAEAH@Z 0000000180009dec f i POSKeyboard.obj
 0001:00008e8c       ?OnPaint@CComControlBase@ATL@@QEAA_JI_K_JAEAH@Z 0000000180009e8c f i POSKeyboard.obj
 0001:00008f78       ?OnSetFocus@CComControlBase@ATL@@QEAA_JI_K_JAEAH@Z 0000000180009f78 f i POSKeyboard.obj
 0001:00009080       ?PreProcessBuffer@CRegParser@ATL@@QEAAJPEA_WPEAPEA_W@Z 000000018000a080 f i POSKeyboard.obj
 0001:00009408       ?ProcessWindowMessage@?$CComControl@VCOPOSPOSKeyboard@@V?$CWindowImpl@VCOPOSPOSKeyboard@@VCWindow@ATL@@V?$CWinTraits@$0FGAAAAAA@$0A@@3@@ATL@@@ATL@@UEAAHPEAUHWND__@@I_K_JAEA_JK@Z 000000018000a408 f i POSKeyboard.obj
 0001:000094f4       ?ReadFromStream@CComBSTR@ATL@@QEAAJPEAUIStream@@@Z 000000018000a4f4 f i POSKeyboard.obj
 0001:00009644       ?ReadFromStream@CComVariant@ATL@@QEAAJPEAUIStream@@GTClassesAllowedInStream@2@K@Z 000000018000a644 f i POSKeyboard.obj
 0001:00009888       ?RecurseDeleteKey@CRegKey@ATL@@QEAAJPEB_W@Z 000000018000a888 f i POSKeyboard.obj
 0001:000099e0       ?RegCreateKeyExW@CAtlTransactionManager@ATL@@QEAAJPEAUHKEY__@@PEB_WKPEA_WKKQEAU_SECURITY_ATTRIBUTES@@PEAPEAU3@PEAK@Z 000000018000a9e0 f i POSKeyboard.obj
 0001:00009b14       ?RegDeleteKeyW@CAtlTransactionManager@ATL@@QEAAJPEAUHKEY__@@PEB_W@Z 000000018000ab14 f i POSKeyboard.obj
 0001:00009ba0       ?RegOpenKeyExW@CAtlTransactionManager@ATL@@QEAAJPEAUHKEY__@@PEB_WKKPEAPEAU3@@Z 000000018000aba0 f i POSKeyboard.obj
 0001:00009c58       ?RegisterBuffer@CRegParser@ATL@@QEAAJPEA_WH@Z 000000018000ac58 f i POSKeyboard.obj
 0001:00009dc4       ?RegisterFromResource@CRegObject@ATL@@IEAAJPEB_W00H@Z 000000018000adc4 f i POSKeyboard.obj
 0001:00009f80       ?RegisterServer@CComModule@ATL@@QEAAJHPEBU_GUID@@@Z 000000018000af80 f i POSKeyboard.obj
 0001:0000a03c       ?RegisterSubkeys@CRegParser@ATL@@IEAAJPEA_WPEAUHKEY__@@HH@Z 000000018000b03c f i POSKeyboard.obj
 0001:0000a8bc       ?SendOnDataChange@CComControlBase@ATL@@QEAAJK@Z 000000018000b8bc f i POSKeyboard.obj
 0001:0000a92c       ?SetControlFocus@CComControlBase@ATL@@QEAAHH@Z 000000018000b92c f i POSKeyboard.obj
 0001:0000a9fc       ?SkipAssignment@CRegParser@ATL@@IEAAJPEA_W@Z 000000018000b9fc f i POSKeyboard.obj
 0001:0000aab4       ?Term@CAtlModule@ATL@@QEAAXXZ 000000018000bab4 f i POSKeyboard.obj
 0001:0000ab6c       ?Term@CComModule@ATL@@QEAAXXZ 000000018000bb6c f i POSKeyboard.obj
 0001:0000abe8       ?UnregisterServer@CComModule@ATL@@QEAAJHPEBU_GUID@@@Z 000000018000bbe8 f i POSKeyboard.obj
 0001:0000ac98       ?UpdateRegistryFromResource@CAtlModule@ATL@@QEAAJIHPEAU_ATL_REGMAP_ENTRY@2@@Z 000000018000bc98 f i POSKeyboard.obj
 0001:0000afa4       ?UpdateRegistryFromResource@CAtlModule@ATL@@QEAAJPEB_WHPEAU_ATL_REGMAP_ENTRY@2@@Z 000000018000bfa4 f i POSKeyboard.obj
 0001:0000b2c8       ?VTFromRegType@CRegParser@ATL@@KAHPEB_WAEAG@Z 000000018000c2c8 f i POSKeyboard.obj
 0001:0000b364       ?WindowProc@?$CWindowImplBaseT@VCWindow@ATL@@V?$CWinTraits@$0FGAAAAAA@$0A@@2@@ATL@@SA_JPEAUHWND__@@I_K_J@Z 000000018000c364 f i POSKeyboard.obj
 0001:0000b4d0       ?WriteToStream@CComVariant@ATL@@QEAAJPEAUIStream@@@Z 000000018000c4d0 f i POSKeyboard.obj
 0001:0000b73c       ?WriteToStream@CComVariant@ATL@@QEAAJPEAUIStream@@G@Z 000000018000c73c f i POSKeyboard.obj
 0001:0000b7d4       ?_AtlVerifyStackAvailable@_ATL_SAFE_ALLOCA_IMPL@ATL@@YA_N_K@Z 000000018000c7d4 f i POSKeyboard.obj
 0001:0000b858       ?atlCreate@?$CWindowImpl@VCOPOSPOSKeyboard@@VCWindow@ATL@@V?$CWinTraits@$0FGAAAAAA@$0A@@3@@ATL@@QEAAPEAUHWND__@@PEAU3@V_U_RECT@2@PEB_WKKV_U_MENUorID@2@PEAX@Z 000000018000c858 f i POSKeyboard.obj
 0001:0000b914       ?atlCreate@?$CWindowImplBaseT@VCWindow@ATL@@V?$CWinTraits@$0FGAAAAAA@$0A@@2@@ATL@@QEAAPEAUHWND__@@PEAU3@V_U_RECT@2@PEB_WKKV_U_MENUorID@2@GPEAX@Z 000000018000c914 f i POSKeyboard.obj
 0001:0000ba84       ?ocscpy_s@@YA_NPEA_W_KPEB_W@Z 000000018000ca84 f i POSKeyboard.obj
 0001:0000bb34       DllCanUnloadNow            000000018000cb34 f   POSKeyboard.obj
 0001:0000bb40       DllGetClassObject          000000018000cb40 f   POSKeyboard.obj
 0001:0000bb58       DllMain                    000000018000cb58 f   POSKeyboard.obj
 0001:0000bc00       DllRegisterServer          000000018000cc00 f   POSKeyboard.obj
 0001:0000bc14       DllUnregisterServer        000000018000cc14 f   POSKeyboard.obj
 0001:0000bc28       __local_stdio_printf_options 000000018000cc28 f i POSKeyboard.obj
 0001:0000bc30       swprintf_s                 000000018000cc30 f i POSKeyboard.obj
 0001:0000bc84       ??0COPOSPOSKeyboard@@QEAA@XZ 000000018000cc84 f   POSKeyboardImpl.obj
 0001:0000bd4c       ??1?$IConnectionPointImpl@VCOPOSPOSKeyboard@@$1?IID_IPropertyNotifySink@@3U_GUID@@BVCComDynamicUnkArray@ATL@@@ATL@@QEAA@XZ 000000018000cd4c f i POSKeyboardImpl.obj
 0001:0000bd4c       ??1?$IConnectionPointImpl@VCOPOSPOSKeyboard@@$1?DIID__IOPOSPOSKeyboardEvents@@3U_GUID@@BVCComDynamicUnkArray@ATL@@@ATL@@QEAA@XZ 000000018000cd4c f i POSKeyboardImpl.obj
 0001:0000bda8       ??1CComControlBase@ATL@@UEAA@XZ 000000018000cda8 f i POSKeyboardImpl.obj
 0001:0000be24       ??1COPOSPOSKeyboard@@UEAA@XZ 000000018000ce24 f   POSKeyboardImpl.obj
 0001:0000be88       ?CheckHealth@COPOSPOSKeyboard@@UEAAJJPEAJ@Z 000000018000ce88 f   POSKeyboardImpl.obj
 0001:0000bf04       ?ClaimDevice@COPOSPOSKeyboard@@UEAAJJPEAJ@Z 000000018000cf04 f   POSKeyboardImpl.obj
 0001:0000bfa4       ?ClearInput@COPOSPOSKeyboard@@UEAAJPEAJ@Z 000000018000cfa4 f   POSKeyboardImpl.obj
 0001:0000bfcc       ?Close@COPOSPOSKeyboard@@UEAAJPEAJ@Z 000000018000cfcc f   POSKeyboardImpl.obj
 0001:0000c084       ?CompareFirmwareVersion@COPOSPOSKeyboard@@UEAAJPEA_WPEAJ1@Z 000000018000d084 f   POSKeyboardImpl.obj
 0001:0000c160       ?DirectIO@COPOSPOSKeyboard@@UEAAJJPEAJPEAPEA_W0@Z 000000018000d160 f   POSKeyboardImpl.obj
 0001:0000c25c       ?DoInvoke@COPOSPOSKeyboard@@IEAAJJPEAVOposVariant@@IHPEAJ_N@Z 000000018000d25c f   POSKeyboardImpl.obj
 0001:0000c390       ?EventInit@COPOSPOSKeyboard@@IEAAJXZ 000000018000d390 f i POSKeyboardImpl.obj
 0001:0000c4e0       ?EventUninit@COPOSPOSKeyboard@@IEAAXXZ 000000018000d4e0 f i POSKeyboardImpl.obj
 0001:0000c544       ?EventWindowProc@COPOSPOSKeyboard@@IEAA_JI_K_J@Z 000000018000d544 f i POSKeyboardImpl.obj
 0001:0000c6bc       ?FinalConstruct@COPOSPOSKeyboard@@QEAAJXZ 000000018000d6bc f   POSKeyboardImpl.obj
 0001:0000c6f8       ?FreezeEvents@COPOSPOSKeyboard@@MEAAJH@Z 000000018000d6f8 f   POSKeyboardImpl.obj
 0001:0000c764       ?GetOposProp@COPOSPOSKeyboard@@IEAAJJPEAJJ@Z 000000018000d764 f   POSKeyboardImpl.obj
 0001:0000c880       ?GetOposProp@COPOSPOSKeyboard@@IEAAJJPEAPEA_WJ@Z 000000018000d880 f   POSKeyboardImpl.obj
 0001:0000c9ac       ?OnDraw@COPOSPOSKeyboard@@MEAAJAEAUATL_DRAWINFO@@@Z 000000018000d9ac f   POSKeyboardImpl.obj
 0001:0000ca98       ?Open@COPOSPOSKeyboard@@UEAAJPEA_WPEAJ@Z 000000018000da98 f   POSKeyboardImpl.obj
 0001:0000d300       ?ReleaseDevice@COPOSPOSKeyboard@@UEAAJPEAJ@Z 000000018000e300 f   POSKeyboardImpl.obj
 0001:0000d36c       ?ResetStatistics@COPOSPOSKeyboard@@UEAAJPEA_WPEAJ@Z 000000018000e36c f   POSKeyboardImpl.obj
 0001:0000d3f4       ?RetrieveStatistics@COPOSPOSKeyboard@@UEAAJPEAPEA_WPEAJ@Z 000000018000e3f4 f   POSKeyboardImpl.obj
 0001:0000d47c       ?SOProcessID@COPOSPOSKeyboard@@UEAAJPEAJ@Z 000000018000e47c f   POSKeyboardImpl.obj
 0001:0000d498       ?SetCOFreezeEvents@COPOSPOSKeyboard@@IEAAXF@Z 000000018000e498 f   POSKeyboardImpl.obj
 0001:0000d57c       ?SetOposProp@COPOSPOSKeyboard@@IEAAJJJJ@Z 000000018000e57c f   POSKeyboardImpl.obj
 0001:0000d6dc       ?UpdateFirmware@COPOSPOSKeyboard@@UEAAJPEA_WPEAJ@Z 000000018000e6dc f   POSKeyboardImpl.obj
 0001:0000d764       ?UpdateStatistics@COPOSPOSKeyboard@@UEAAJPEA_WPEAJ@Z 000000018000e764 f   POSKeyboardImpl.obj
 0001:0000d7ec       ?get_AutoDisable@COPOSPOSKeyboard@@UEAAJPEAF@Z 000000018000e7ec f   POSKeyboardImpl.obj
 0001:0000d820       ?get_BinaryConversion@COPOSPOSKeyboard@@UEAAJPEAJ@Z 000000018000e820 f   POSKeyboardImpl.obj
 0001:0000d834       ?get_CapCompareFirmwareVersion@COPOSPOSKeyboard@@UEAAJPEAF@Z 000000018000e834 f   POSKeyboardImpl.obj
 0001:0000d868       ?get_CapKeyUp@COPOSPOSKeyboard@@UEAAJPEAF@Z 000000018000e868 f   POSKeyboardImpl.obj
 0001:0000d89c       ?get_CapPowerReporting@COPOSPOSKeyboard@@UEAAJPEAJ@Z 000000018000e89c f   POSKeyboardImpl.obj
 0001:0000d8b0       ?get_CapStatisticsReporting@COPOSPOSKeyboard@@UEAAJPEAF@Z 000000018000e8b0 f   POSKeyboardImpl.obj
 0001:0000d8e4       ?get_CapUpdateFirmware@COPOSPOSKeyboard@@UEAAJPEAF@Z 000000018000e8e4 f   POSKeyboardImpl.obj
 0001:0000d918       ?get_CapUpdateStatistics@COPOSPOSKeyboard@@UEAAJPEAF@Z 000000018000e918 f   POSKeyboardImpl.obj
 0001:0000d94c       ?get_CheckHealthText@COPOSPOSKeyboard@@UEAAJPEAPEA_W@Z 000000018000e94c f   POSKeyboardImpl.obj
 0001:0000d960       ?get_Claimed@COPOSPOSKeyboard@@UEAAJPEAF@Z 000000018000e960 f   POSKeyboardImpl.obj
 0001:0000d990       ?get_ControlObjectDescription@COPOSPOSKeyboard@@UEAAJPEAPEA_W@Z 000000018000e990 f   POSKeyboardImpl.obj
 0001:0000d9f4       ?get_ControlObjectVersion@COPOSPOSKeyboard@@UEAAJPEAJ@Z 000000018000e9f4 f   POSKeyboardImpl.obj
 0001:0000da00       ?get_DataCount@COPOSPOSKeyboard@@UEAAJPEAJ@Z 000000018000ea00 f   POSKeyboardImpl.obj
 0001:0000da14       ?get_DataEventEnabled@COPOSPOSKeyboard@@UEAAJPEAF@Z 000000018000ea14 f   POSKeyboardImpl.obj
 0001:0000da48       ?get_DeviceDescription@COPOSPOSKeyboard@@UEAAJPEAPEA_W@Z 000000018000ea48 f   POSKeyboardImpl.obj
 0001:0000da5c       ?get_DeviceEnabled@COPOSPOSKeyboard@@UEAAJPEAF@Z 000000018000ea5c f   POSKeyboardImpl.obj
 0001:0000da90       ?get_DeviceName@COPOSPOSKeyboard@@UEAAJPEAPEA_W@Z 000000018000ea90 f   POSKeyboardImpl.obj
 0001:0000daa4       ?get_EventTypes@COPOSPOSKeyboard@@UEAAJPEAJ@Z 000000018000eaa4 f   POSKeyboardImpl.obj
 0001:0000dab8       ?get_FreezeEvents@COPOSPOSKeyboard@@UEAAJPEAF@Z 000000018000eab8 f   POSKeyboardImpl.obj
 0001:0000dae8       ?get_OpenResult@COPOSPOSKeyboard@@UEAAJPEAJ@Z 000000018000eae8 f   POSKeyboardImpl.obj
 0001:0000daf4       ?get_POSKeyData@COPOSPOSKeyboard@@UEAAJPEAJ@Z 000000018000eaf4 f   POSKeyboardImpl.obj
 0001:0000db08       ?get_POSKeyEventType@COPOSPOSKeyboard@@UEAAJPEAJ@Z 000000018000eb08 f   POSKeyboardImpl.obj
 0001:0000db1c       ?get_PowerNotify@COPOSPOSKeyboard@@UEAAJPEAJ@Z 000000018000eb1c f   POSKeyboardImpl.obj
 0001:0000db30       ?get_PowerState@COPOSPOSKeyboard@@UEAAJPEAJ@Z 000000018000eb30 f   POSKeyboardImpl.obj
 0001:0000db44       ?get_ResultCode@COPOSPOSKeyboard@@UEAAJPEAJ@Z 000000018000eb44 f   POSKeyboardImpl.obj
 0001:0000db80       ?get_ResultCodeExtended@COPOSPOSKeyboard@@UEAAJPEAJ@Z 000000018000eb80 f   POSKeyboardImpl.obj
 0001:0000db94       ?get_ServiceObjectDescription@COPOSPOSKeyboard@@UEAAJPEAPEA_W@Z 000000018000eb94 f   POSKeyboardImpl.obj
 0001:0000dba8       ?get_ServiceObjectVersion@COPOSPOSKeyboard@@UEAAJPEAJ@Z 000000018000eba8 f   POSKeyboardImpl.obj
 0001:0000dbbc       ?get_State@COPOSPOSKeyboard@@UEAAJPEAJ@Z 000000018000ebbc f   POSKeyboardImpl.obj
 0001:0000dbe8       ?put_AutoDisable@COPOSPOSKeyboard@@UEAAJF@Z 000000018000ebe8 f   POSKeyboardImpl.obj
 0001:0000dc00       ?put_BinaryConversion@COPOSPOSKeyboard@@UEAAJJ@Z 000000018000ec00 f   POSKeyboardImpl.obj
 0001:0000dc14       ?put_DataEventEnabled@COPOSPOSKeyboard@@UEAAJF@Z 000000018000ec14 f   POSKeyboardImpl.obj
 0001:0000dc2c       ?put_DeviceEnabled@COPOSPOSKeyboard@@UEAAJF@Z 000000018000ec2c f   POSKeyboardImpl.obj
 0001:0000dc44       ?put_EventTypes@COPOSPOSKeyboard@@UEAAJJ@Z 000000018000ec44 f   POSKeyboardImpl.obj
 0001:0000dc58       ?put_FreezeEvents@COPOSPOSKeyboard@@UEAAJF@Z 000000018000ec58 f   POSKeyboardImpl.obj
 0001:0000dca8       ?put_PowerNotify@COPOSPOSKeyboard@@UEAAJJ@Z 000000018000eca8 f   POSKeyboardImpl.obj
 0001:0000dcbc       ?s_EventWindowProc@COPOSPOSKeyboard@@KA_JPEAUHWND__@@I_K_J@Z 000000018000ecbc f i POSKeyboardImpl.obj
 0001:0000dd38       ??_U@YAPEAX_K@Z            000000018000ed38 f   LIBCMT:new_array.obj
 0001:0000dd40       ??3@YAXPEAX_K@Z            000000018000ed40 f   LIBCMT:delete_scalar_size.obj
 0001:0000dd40       ??_V@YAXPEAX@Z             000000018000ed40 f   LIBCMT:delete_array.obj
 0001:0000dd48       ??_V@YAXPEAX_K@Z           000000018000ed48 f   LIBCMT:delete_array_size.obj
 0001:0000dd50       __scrt_acquire_startup_lock 000000018000ed50 f   LIBCMT:utility.obj
 0001:0000dd8c       __scrt_dllmain_after_initialize_c 000000018000ed8c f   LIBCMT:utility.obj
 0001:0000ddc0       __scrt_dllmain_before_initialize_c 000000018000edc0 f   LIBCMT:utility.obj
 0001:0000ddd8       __scrt_dllmain_crt_thread_attach 000000018000edd8 f   LIBCMT:utility.obj
 0001:0000de00       __scrt_dllmain_crt_thread_detach 000000018000ee00 f   LIBCMT:utility.obj
 0001:0000de18       __scrt_dllmain_exception_filter 000000018000ee18 f   LIBCMT:utility.obj
 0001:0000de78       __scrt_dllmain_uninitialize_c 000000018000ee78 f   LIBCMT:utility.obj
 0001:0000dea8       __scrt_dllmain_uninitialize_critical 000000018000eea8 f   LIBCMT:utility.obj
 0001:0000debc       __scrt_initialize_crt      000000018000eebc f   LIBCMT:utility.obj
 0001:0000df08       __scrt_initialize_onexit_tables 000000018000ef08 f   LIBCMT:utility.obj
 0001:0000df94       __scrt_is_nonwritable_in_current_image 000000018000ef94 f   LIBCMT:utility.obj
 0001:0000e02c       __scrt_release_startup_lock 000000018000f02c f   LIBCMT:utility.obj
 0001:0000e050       __scrt_uninitialize_crt    000000018000f050 f   LIBCMT:utility.obj
 0001:0000e07c       _onexit                    000000018000f07c f   LIBCMT:utility.obj
 0001:0000e0b8       atexit                     000000018000f0b8 f   LIBCMT:utility.obj
 0001:0000e0d0       ??3@YAXPEAX@Z              000000018000f0d0 f   LIBCMT:delete_scalar.obj
 0001:0000e1d0       _Init_thread_footer        000000018000f1d0 f   LIBCMT:thread_safe_statics.obj
 0001:0000e230       _Init_thread_header        000000018000f230 f   LIBCMT:thread_safe_statics.obj
 0001:0000e298       _Init_thread_notify        000000018000f298 f   LIBCMT:thread_safe_statics.obj
 0001:0000e2dc       _Init_thread_wait          000000018000f2dc f   LIBCMT:thread_safe_statics.obj
 0001:0000e340       __raise_securityfailure    000000018000f340 f   LIBCMT:gs_report.obj
 0001:0000e374       __report_gsfailure         000000018000f374 f   LIBCMT:gs_report.obj
 0001:0000e448       __report_rangecheckfailure 000000018000f448 f   LIBCMT:gs_report.obj
 0001:0000e45c       __report_securityfailure   000000018000f45c f   LIBCMT:gs_report.obj
 0001:0000e5dc       ??2@YAPEAX_KAEBUnothrow_t@std@@@Z 000000018000f5dc f   LIBCMT:new_scalar_nothrow.obj
 0001:0000e5f0       ??_U@YAPEAX_KAEBUnothrow_t@std@@@Z 000000018000f5f0 f   LIBCMT:new_array_nothrow.obj
 0001:0000e5f8       __GSHandlerCheck           000000018000f5f8 f   LIBCMT:gshandler.obj
 0001:0000e618       __GSHandlerCheckCommon     000000018000f618 f   LIBCMT:gshandler.obj
 0001:0000e674       __GSHandlerCheck_SEH       000000018000f674 f   LIBCMT:gshandlerseh.obj
 0001:0000e710       _alloca_probe              000000018000f710 f   LIBCMT:chkstk.obj
 0001:0000e710       __chkstk                   000000018000f710 f   LIBCMT:chkstk.obj
 0001:0000e770       __security_check_cookie    000000018000f770 f   LIBCMT:amdsecgs.obj
 0001:0000eab0       _DllMainCRTStartup         000000018000fab0 f   LIBCMT:dll_dllmain.obj
 0001:0000eaf0       ??2@YAPEAX_K@Z             000000018000faf0 f   LIBCMT:new_scalar.obj
 0001:0000eb2c       __isa_available_init       000000018000fb2c f   LIBCMT:cpu_disp.obj
 0001:0000ecd0       __scrt_is_ucrt_dll_in_use  000000018000fcd0 f   LIBCMT:ucrt_detection.obj
 0001:0000ecdc       __crt_debugger_hook        000000018000fcdc f   LIBCMT:utility_desktop.obj
 0001:0000ece4       __scrt_fastfail            000000018000fce4 f   LIBCMT:utility_desktop.obj
 0001:0000ee30       __security_init_cookie     000000018000fe30 f   LIBCMT:gs_support.obj
 0001:0000eedc       ?__scrt_initialize_type_info@@YAXXZ 000000018000fedc f   LIBCMT:tncleanup.obj
 0001:0000eeec       ?__scrt_uninitialize_type_info@@YAXXZ 000000018000feec f   LIBCMT:tncleanup.obj
 0001:0000eef8       __local_stdio_scanf_options 000000018000fef8 f i LIBCMT:default_local_stdio_options.obj
 0001:0000ef00       __scrt_initialize_default_local_stdio_options 000000018000ff00 f   LIBCMT:default_local_stdio_options.obj
 0001:0000ef1c       __scrt_get_dyn_tls_init_callback 000000018000ff1c f   LIBCMT:dyn_tls_init.obj
 0001:0000ef24       _RTC_Initialize            000000018000ff24 f   LIBCMT:initsect.obj
 0001:0000ef60       _RTC_Terminate             000000018000ff60 f   LIBCMT:initsect.obj
 0001:0000ef9c       ??0bad_alloc@std@@QEAA@AEBV01@@Z 000000018000ff9c f i LIBCMT:throw_bad_alloc.obj
 0001:0000efd8       ??0bad_alloc@std@@QEAA@XZ  000000018000ffd8 f i LIBCMT:throw_bad_alloc.obj
 0001:0000eff8       ??0bad_array_new_length@std@@QEAA@AEBV01@@Z 000000018000fff8 f i LIBCMT:throw_bad_alloc.obj
 0001:0000f034       ??0bad_array_new_length@std@@QEAA@XZ 0000000180010034 f i LIBCMT:throw_bad_alloc.obj
 0001:0000f054       ??0exception@std@@QEAA@AEBV01@@Z 0000000180010054 f i LIBCMT:throw_bad_alloc.obj
 0001:0000f088       ??1bad_array_new_length@std@@UEAA@XZ 0000000180010088 f i LIBCMT:throw_bad_alloc.obj
 0001:0000f088       ??1bad_exception@std@@UEAA@XZ 0000000180010088 f i libvcruntime:frame.obj
 0001:0000f088       ??1bad_alloc@std@@UEAA@XZ  0000000180010088 f i LIBCMT:throw_bad_alloc.obj
 0001:0000f09c       ??_Ebad_exception@std@@UEAAPEAXI@Z 000000018001009c f i libvcruntime:frame.obj
 0001:0000f09c       ??_Gbad_exception@std@@UEAAPEAXI@Z 000000018001009c f i libvcruntime:frame.obj
 0001:0000f09c       ??_Eexception@std@@UEAAPEAXI@Z 000000018001009c f i LIBCMT:throw_bad_alloc.obj
 0001:0000f09c       ??_Ebad_alloc@std@@UEAAPEAXI@Z 000000018001009c f i LIBCMT:throw_bad_alloc.obj
 0001:0000f09c       ??_Ebad_array_new_length@std@@UEAAPEAXI@Z 000000018001009c f i LIBCMT:throw_bad_alloc.obj
 0001:0000f09c       ??_Gbad_array_new_length@std@@UEAAPEAXI@Z 000000018001009c f i LIBCMT:throw_bad_alloc.obj
 0001:0000f09c       ??_Gbad_alloc@std@@UEAAPEAXI@Z 000000018001009c f i LIBCMT:throw_bad_alloc.obj
 0001:0000f09c       ??_Gexception@std@@UEAAPEAXI@Z 000000018001009c f i LIBCMT:throw_bad_alloc.obj
 0001:0000f0e0       ?__scrt_throw_std_bad_alloc@@YAXXZ 00000001800100e0 f   LIBCMT:throw_bad_alloc.obj
 0001:0000f100       ?__scrt_throw_std_bad_array_new_length@@YAXXZ 0000000180010100 f   LIBCMT:throw_bad_alloc.obj
 0001:0000f120       ?what@exception@std@@UEBAPEBDXZ 0000000180010120 f i LIBCMT:throw_bad_alloc.obj
 0001:0000f140       ??_Gtype_info@@UEAAPEAXI@Z 0000000180010140 f i LIBCMT:std_type_info_static.obj
 0001:0000f140       ??_Etype_info@@UEAAPEAXI@Z 0000000180010140 f i LIBCMT:std_type_info_static.obj
 0001:0000f16c       ??0CAtlBaseModule@ATL@@QEAA@XZ 000000018001016c f   atls:atlbase.obj
 0001:0000f214       ??1CAtlBaseModule@ATL@@QEAA@XZ 0000000180010214 f   atls:atlbase.obj
 0001:0000f348       ?__AllocStdCallThunk_cmn@@YAPEAXXZ 0000000180010348 f   atls:atlthunk.obj
 0001:0000f4a0       AtlThunk_AllocateData      00000001800104a0 f   atls:atlthunk.obj
 0001:0000f51c       AtlThunk_DataToCode        000000018001051c f   atls:atlthunk.obj
 0001:0000f570       AtlThunk_FreeData          0000000180010570 f   atls:atlthunk.obj
 0001:0000f5d0       AtlThunk_InitData          00000001800105d0 f   atls:atlthunk.obj
 0001:0000f678       _get_purecall_handler      0000000180010678 f   libvcruntime:purevirt.obj
 0001:0000f684       _purecall                  0000000180010684 f   libvcruntime:purevirt.obj
 0001:0000f6a0       wcsstr                     00000001800106a0 f   libvcruntime:wcsstr.obj
 0001:0000f8d0       memcmp                     00000001800108d0 f   libvcruntime:memcmp.obj
 0001:0000f9b0       memcpy_repmovs             00000001800109b0 f   libvcruntime:memcpy.obj
 0001:0000f9d0       memcpy                     00000001800109d0 f   libvcruntime:memcpy.obj
 0001:0000f9d0       memmove                    00000001800109d0 f   libvcruntime:memcpy.obj
 0001:00010060       memset_repmovs             0000000180011060 f   libvcruntime:memset.obj
 0001:00010080       memset                     0000000180011080 f   libvcruntime:memset.obj
 0001:00010210       __vcrt_initialize          0000000180011210 f   libvcruntime:initialization.obj
 0001:00010238       __vcrt_thread_attach       0000000180011238 f   libvcruntime:initialization.obj
 0001:0001024c       __vcrt_thread_detach       000000018001124c f   libvcruntime:initialization.obj
 0001:00010260       __vcrt_uninitialize        0000000180011260 f   libvcruntime:initialization.obj
 0001:0001027c       __vcrt_uninitialize_critical 000000018001127c f   libvcruntime:initialization.obj
 0001:0001028c       __C_specific_handler       000000018001128c f   libvcruntime:riscchandler.obj
[...]
 0002:0000c438       $unwind$??$?RV<lambda_2d41944a1d46af3157314b8a01080d33>@@AEAV<lambda_8f455de75cd7d7f24b4096f044d8b9e6>@@V<lambda_aa500f224e6afead328df44964fe2772>@@@?$__crt_seh_guarded_call@X@@QEAAX$$QEAV<lambda_2d41944a1d46af3157314b8a01080d33>@@AEAV<lambda_8f455de75cd7d7f24b4096f044d8b9e6>@@$$QEAV<lambda_aa500f224e6afead328df44964fe2772>@@@Z 0000000180032438     libucrt:per_thread_data.obj
 0002:0000c45c       $unwind$__acrt_uninitialize_locale 000000018003245c     libucrt:wsetlocale.obj
 0002:0000c45c       $unwind$__acrt_get_sigabrt_handler 000000018003245c     libucrt:signal.obj
 0002:0000c464       $unwind$??$?RV<lambda_410d79af7f07d98d83a3f525b3859a53>@@AEAV<lambda_3e16ef9562a7dcce91392c22ab16ea36>@@V<lambda_38119f0e861e05405d8a144b9b982f0a>@@@?$__crt_seh_guarded_call@X@@QEAAX$$QEAV<lambda_410d79af7f07d98d83a3f525b3859a53>@@AEAV<lambda_3e16ef9562a7dcce91392c22ab16ea36>@@$$QEAV<lambda_38119f0e861e05405d8a144b9b982f0a>@@@Z 0000000180032464     libucrt:wsetlocale.obj
 0002:0000c48c       $unwind$__acrt_initialize_winapi_thunks 000000018003248c     libucrt:winapi_thunks.obj
 0002:0000c48c       $unwind$__acrt_fenv_get_control 000000018003248c     libucrt:_fenvutils.obj
 0002:0000c494       $unwind$__acrt_fp_format   0000000180032494     libucrt:cvt.obj
 0002:0000c4a4       $unwind$?fp_format_e_internal@@YAHQEAD_KH_NIQEAU_strflt@@2AEAV__crt_cached_ptd_host@@@Z 00000001800324a4     libucrt:cvt.obj
 0002:0000c4c0       $unwind$?fp_format_a@@YAHQEBNPEAD_KQEAD2H_NIW4__acrt_rounding_mode@@AEAV__crt_cached_ptd_host@@@Z 00000001800324c0     libucrt:cvt.obj
 0002:0000c4dc       $unwind$?fp_format_g@@YAHQEBNQEAD_K12H_NIW4__acrt_rounding_mode@@AEAV__crt_cached_ptd_host@@@Z 00000001800324dc     libucrt:cvt.obj
 0002:0000c4f4       $unwind$__acrt_initialize_lowio 00000001800324f4     libucrt:ioinit.obj
 0002:0000c514       $unwind$??$common_expand_argv_wildcards@D@@YAHQEAPEADQEAPEAPEAD@Z 0000000180032514     libucrt:argv_wildcards.obj
 0002:0000c52c       $unwind$__dcrt_get_narrow_environment_from_os 000000018003252c     libucrt:get_environment_from_os.obj
 0002:0000c52c       $unwind$??$__acrt_convert_wcs_mbs_cp@_WDV<lambda_d8593a27d1aa8c02be35c86a17d324c4>@@U__crt_win32_buffer_internal_dynamic_resizing@@@@YAHQEB_WAEAV?$__crt_win32_buffer@DU__crt_win32_buffer_internal_dynamic_resizing@@@@AEBV<lambda_d8593a27d1aa8c02be35c86a17d324c4>@@I@Z 000000018003252c     libucrt:argv_wildcards.obj
 0002:0000c544       $unwind$??$copy_and_add_argument_to_buffer@D@@YAHQEBD0_KAEAV?$argument_list@D@?A0x5f5c8891@@@Z 0000000180032544     libucrt:argv_wildcards.obj
 0002:0000c560       $unwind$??$expand_argument_wildcards@D@@YAHQEAD0AEAV?$argument_list@D@?A0x5f5c8891@@@Z 0000000180032560     libucrt:argv_wildcards.obj
 0002:0000c580       $unwind$__acrt_GetModuleFileNameA 0000000180032580     libucrt:getmodulefilenamea.obj
 0002:0000c59c       $unwind$_setmbcp_nolock    000000018003259c     libucrt:mbctype.obj
 0002:0000c5bc       $unwind$?update_thread_multibyte_data_internal@@YAPEAU__crt_multibyte_data@@QEAU__acrt_ptd@@QEAPEAU1@@Z 00000001800325bc     libucrt:mbctype.obj
 0002:0000c5e4       $unwind$?setmbcp_internal@@YAHH_NQEAU__acrt_ptd@@QEAPEAU__crt_multibyte_data@@@Z 00000001800325e4     libucrt:mbctype.obj
 0002:0000c5fc       $unwind$?setSBUpLow@@YAXPEAU__crt_multibyte_data@@@Z 00000001800325fc     libucrt:mbctype.obj
 0002:0000c618       $unwind$??$?RV<lambda_efdfa57d1f175319df784efa44bb7b81>@@AEAV<lambda_5f0a4c1567f8adc6734073e5d1e1b35c>@@V<lambda_2e8a7d3640ea6ccb4c2413664c2db6fd>@@@?$__crt_seh_guarded_call@X@@QEAAX$$QEAV<lambda_efdfa57d1f175319df784efa44bb7b81>@@AEAV<lambda_5f0a4c1567f8adc6734073e5d1e1b35c>@@$$QEAV<lambda_2e8a7d3640ea6ccb4c2413664c2db6fd>@@@Z 0000000180032618     libucrt:mbctype.obj
 0002:0000c63c       $unwind$__acrt_WideCharToMultiByte 000000018003263c     libucrt:widechartomultibyte.obj
 0002:0000c648       $unwind$raise              0000000180032648     libucrt:signal.obj
 0002:0000c684       $unwind$??$?RV<lambda_450d765d439847d4c735a33c368b5fc0>@@AEAV<lambda_44731a7d0e6d81c3e6aa82d741081786>@@V<lambda_601a2a7da3b7a96e9554ac7215c4b07c>@@@?$__crt_seh_guarded_call@P6AXH@Z@@QEAAP6AXH@Z$$QEAV<lambda_450d765d439847d4c735a33c368b5fc0>@@AEAV<lambda_44731a7d0e6d81c3e6aa82d741081786>@@$$QEAV<lambda_601a2a7da3b7a96e9554ac7215c4b07c>@@@Z 0000000180032684     libucrt:signal.obj
 0002:0000c6a8       $unwind$fclose             00000001800326a8     libucrt:fclose.obj
 0002:0000c6a8       $unwind$_fflush_nolock     00000001800326a8     libucrt:fflush.obj
 0002:0000c6b8       $unwind$?common_flush_all@@YAH_N@Z 00000001800326b8     libucrt:fflush.obj
 0002:0000c6c0       $unwind$??$?RV<lambda_842d9ff0dc9ef11c61343bbaebe7f885>@@AEAV<lambda_c5860995281e5c4ce005b3de8f5874ee>@@V<lambda_d90129c13df834fdcbf8d2b88dafcf2d>@@@?$__crt_seh_guarded_call@X@@QEAAX$$QEAV<lambda_842d9ff0dc9ef11c61343bbaebe7f885>@@AEAV<lambda_c5860995281e5c4ce005b3de8f5874ee>@@$$QEAV<lambda_d90129c13df834fdcbf8d2b88dafcf2d>@@@Z 00000001800326c0     libucrt:fflush.obj
 0002:0000c6e4       $unwind$??$?RV<lambda_886d6c58226a84441f68b9f2b8217b83>@@AEAV<lambda_ab61a845afdef5b7c387490eaf3616ee>@@V<lambda_f7f22ab5edc0698d5f6905b0d3f44752>@@@?$__crt_seh_guarded_call@X@@QEAAX$$QEAV<lambda_886d6c58226a84441f68b9f2b8217b83>@@AEAV<lambda_ab61a845afdef5b7c387490eaf3616ee>@@$$QEAV<lambda_f7f22ab5edc0698d5f6905b0d3f44752>@@@Z 00000001800326e4     libucrt:fflush.obj
 0002:0000c70c       $unwind$__acrt_update_thread_locale_data 000000018003270c     libucrt:locale_refcounting.obj
 0002:0000c730       $unwind$__acrt_locale_free_monetary 0000000180032730     libucrt:initmon.obj
 0002:0000c738       $unwind$__acrt_locale_free_time 0000000180032738     libucrt:inittime.obj
 0002:0000c748       $unwind$__acrt_GetStringTypeA 0000000180032748     libucrt:getstringtypea.obj
 0002:0000c770       $unwind$__acrt_fp_strflt_to_string 0000000180032770     libucrt:_fptostr.obj
 0002:0000c78c       $unwind$__acrt_fltout      000000018003278c     libucrt:cfout.obj
 0002:0000c7ac       $unwind$?divide@__crt_strtox@@YA_KAEAUbig_integer@1@AEBU21@@Z 00000001800327ac     libucrt:cfout.obj
 0002:0000c7c4       $chain$0$?divide@__crt_strtox@@YA_KAEAUbig_integer@1@AEBU21@@Z 00000001800327c4     libucrt:cfout.obj
 0002:0000c7d8       $chain$1$?divide@__crt_strtox@@YA_KAEAUbig_integer@1@AEBU21@@Z 00000001800327d8     libucrt:cfout.obj
 0002:0000c7e8       $unwind$?__mbsrtowcs_utf8@__crt_mbstring@@YA_KPEA_WPEAPEBD_KPEAU_Mbstatet@@AEAV__crt_cached_ptd_host@@@Z 00000001800327e8     libucrt:mbrtowc.obj
 0002:0000c800       $unwind$_fcloseall         0000000180032800     libucrt:closeall.obj
 0002:0000c824       $unwind$__acrt_lowio_destroy_handle_array 0000000180032824     libucrt:osfinfo.obj
 0002:0000c834       $unwind$__acrt_lowio_ensure_fh_exists 0000000180032834     libucrt:osfinfo.obj
 0002:0000c860       $unwind$qsort              0000000180032860     libucrt:qsort.obj
 0002:0000c878       $chain$4$qsort             0000000180032878     libucrt:qsort.obj
 0002:0000c89c       $chain$5$qsort             000000018003289c     libucrt:qsort.obj
 0002:0000c8ac       $unwind$strpbrk            00000001800328ac     libucrt:strpbrk.obj
 0002:0000c8bc       $unwind$fallbackMethod     00000001800328bc     libucrt:strpbrk.obj
 0002:0000c8cc       $unwind$__acrt_LCMapStringA 00000001800328cc     libucrt:lcmapstringa.obj
 0002:0000c8dc       $unwind$?__acrt_LCMapStringA_stat@@YAHPEAU__crt_locale_pointers@@PEB_WKPEBDHPEADHHH@Z 00000001800328dc     libucrt:lcmapstringa.obj
 0002:0000c904       $unwind$_commit            0000000180032904     libucrt:commit.obj
 0002:0000c90c       $unwind$??$?RV<lambda_a37b2b86f63e897a80ea819b0eb08c01>@@AEAV<lambda_38ce7e780aa69e748d6df282ebc68efe>@@V<lambda_99fb1378e971ab6e7edea83e3a7a83a2>@@@?$__crt_seh_guarded_call@H@@QEAAH$$QEAV<lambda_a37b2b86f63e897a80ea819b0eb08c01>@@AEAV<lambda_38ce7e780aa69e748d6df282ebc68efe>@@$$QEAV<lambda_99fb1378e971ab6e7edea83e3a7a83a2>@@@Z 000000018003290c     libucrt:commit.obj
 0002:0000c930       $unwind$_write_nolock      0000000180032930     libucrt:write.obj
 0002:0000c948       $unwind$_write_internal    0000000180032948     libucrt:write.obj
 0002:0000c978       $unwind$?write_double_translated_ansi_nolock@@YA?AUwrite_result@?A0x17268360@@HQEBDIAEAV__crt_cached_ptd_host@@@Z 0000000180032978     libucrt:write.obj
 0002:0000c9a0       $ip2state$?write_double_translated_ansi_nolock@@YA?AUwrite_result@?A0x17268360@@HQEBDIAEAV__crt_cached_ptd_host@@@Z 00000001800329a0     libucrt:write.obj
 0002:0000c9a8       $unwind$?write_text_ansi_nolock@@YA?AUwrite_result@?A0x17268360@@HQEBDI@Z 00000001800329a8     libucrt:write.obj
 0002:0000c9a8       $unwind$?write_text_utf16le_nolock@@YA?AUwrite_result@?A0x17268360@@HQEBDI@Z 00000001800329a8     libucrt:write.obj
 0002:0000c9c8       $unwind$?write_text_utf8_nolock@@YA?AUwrite_result@?A0x17268360@@HQEBDI@Z 00000001800329c8     libucrt:write.obj
 0002:0000c9f0       $xdatasym                  00000001800329f0     libucrt:log10.obj
 0002:0000c9fc       $unwind$__acrt_fenv_set_control 00000001800329fc     libucrt:_fenvutils.obj
 0002:0000ca0c       $unwind$?__mbrtoc32_utf8@__crt_mbstring@@YA_KPEA_UPEBD_KPEAU_Mbstatet@@AEAV__crt_cached_ptd_host@@@Z 0000000180032a0c     libucrt:mbrtoc32.obj
 0002:0000ca28       $unwind$?_fclose_nolock_internal@@YAHQEAU_iobuf@@AEAV__crt_cached_ptd_host@@@Z 0000000180032a28     libucrt:fclose.obj
 0002:0000ca38       $unwind$?_fclose_internal@@YAHQEAU_iobuf@@AEAV__crt_cached_ptd_host@@@Z 0000000180032a38     libucrt:fclose.obj
 0002:0000ca5c       $unwind$_putwch_nolock     0000000180032a5c     libucrt:putwch.obj
 0002:0000ca64       $unwind$common_control87   0000000180032a64     libucrt:ieee.obj
 0002:0000ca90       $unwind$_call_matherr      0000000180032a90     libucrt:libm_error.obj
 0002:0000ca98       $unwind$_handle_error      0000000180032a98     libucrt:libm_error.obj
 0002:0000cab8       $unwind$__acrt_initialize_fma3 0000000180032ab8     libucrt:fma3_available.obj
 0002:0000cac0       $unwind$_log_special_common 0000000180032ac0     libucrt:log_special.obj
 0002:0000cacc       $unwind$_close_internal    0000000180032acc     libucrt:close.obj
 0002:0000cad4       $unwind$??$?RV<lambda_ad8af0d99a0adf03d037d7dffe354bb5>@@AEAV<lambda_c9ba49e555ba839a7b07aa3fbecb7617>@@V<lambda_2f1ebd5d68526518146ae959c9e734c8>@@@?$__crt_seh_guarded_call@H@@QEAAH$$QEAV<lambda_ad8af0d99a0adf03d037d7dffe354bb5>@@AEAV<lambda_c9ba49e555ba839a7b07aa3fbecb7617>@@$$QEAV<lambda_2f1ebd5d68526518146ae959c9e734c8>@@@Z 0000000180032ad4     libucrt:close.obj
 0002:0000caf8       $xdatasym                  0000000180032af8     libucrt:fpsr.obj
 0002:0000cb00       $unwind$_raise_exc_ex      0000000180032b00     libucrt:fpexcept.obj
 0002:0000cb14       $unwind$_ctrlfp            0000000180032b14     libucrt:fpctrl.obj
 0002:0000cb3c       $unwind$_IsNonwritableInCurrentImage 0000000180032b3c     LIBCMT:pesect.obj
 0002:0000cb60       $unwind$strrchr            0000000180032b60     libvcruntime:strrchr.obj
 0002:0000ccd0       .edata                     0000000180032cd0     OPOSPOSKeyboard.exp
 0002:0000ccf8       rgpv                       0000000180032cf8     OPOSPOSKeyboard.exp
 0002:0000cd08       rgszName                   0000000180032d08     OPOSPOSKeyboard.exp
 0002:0000cd18       rgwOrd                     0000000180032d18     OPOSPOSKeyboard.exp
 0002:0000cd20       szName                     0000000180032d20     OPOSPOSKeyboard.exp
 0002:0000cd34       $N00001                    0000000180032d34     OPOSPOSKeyboard.exp
 0002:0000cd44       $N00002                    0000000180032d44     OPOSPOSKeyboard.exp
 0002:0000cd56       $N00003                    0000000180032d56     OPOSPOSKeyboard.exp
 0002:0000cd68       $N00004                    0000000180032d68     OPOSPOSKeyboard.exp
 0002:0000d6b2       .idata$6                   00000001800336b2     kernel32:KERNEL32.dll
 0002:0000d8ca       .idata$6                   00000001800338ca     user32:USER32.dll
 0002:0000d9fe       .idata$6                   00000001800339fe     gdi32:GDI32.dll
 0002:0000daa4       .idata$6                   0000000180033aa4     advapi32:ADVAPI32.dll
 0002:0000dbc0       .idata$6                   0000000180033bc0     ole32:ole32.dll
 0002:0000dbca       .idata$6                   0000000180033bca     oleaut32:OLEAUT32.dll
 0003:000001c0       ?ObjectMap@@3PAU_ATL_OBJMAP_ENTRY30@ATL@@A 00000001800351c0     POSKeyboard.obj
 0003:000002d0       ?s_SOMethodNames@@3PAPEADA 00000001800352d0     POSKeyboardImpl.obj
 0003:00000360       ?s_RequiredMethodsPerRelease@@3PAHA 0000000180035360     POSKeyboardImpl.obj
 0003:000003c0       ?__vcrt_flsindex@@3KA      00000001800353c0     libvcruntime:per_thread_data.obj
 0003:000003d0       ?errno_no_memory@@3HA      00000001800353d0     libucrt:errno.obj
 0003:000003d4       ?doserrno_no_memory@@3KA   00000001800353d4     libucrt:errno.obj
 0003:000003e0       ?__acrt_flsindex@@3KA      00000001800353e0     libucrt:per_thread_data.obj
 0003:000008a0       _mbctypes                  00000001800358a0     libucrt:mbctype.obj
 0003:000009b0       _mbcasemaps                00000001800359b0     libucrt:mbctype.obj
 0003:00000ab0       ?__rgctypeflag@@3PADA      0000000180035ab0     libucrt:mbctype.obj
 0003:00000ac0       ?__rgcode_page_info@@3PAUcode_page_info@@A 0000000180035ac0     libucrt:mbctype.obj
 0003:00000d60       ?dazSupported@?1??common_control87@@9@9 0000000180035d60     libucrt:ieee.obj
 0003:00000d70       ?__dcrt_lowio_console_output_handle@@3PEAXEA 0000000180035d70     libucrt:initcon.obj
 0003:00000d80       ?dazSupported@?1??_ctrlfp@@9@9 0000000180035d80     libucrt:fpctrl.obj
 0003:00000fd0       ?is_initialized_as_dll@@3_NA 0000000180035fd0     LIBCMT:utility.obj
 0003:00000fd1       ?module_local_atexit_table_initialized@@3_NA 0000000180035fd1     LIBCMT:utility.obj
 0003:00000fd8       ?module_local_atexit_table@@3U_onexit_table_t@@A 0000000180035fd8     LIBCMT:utility.obj
 0003:00000ff0       ?module_local_at_quick_exit_table@@3U_onexit_table_t@@A 0000000180035ff0     LIBCMT:utility.obj
 0003:00001008       ?g_tss_cv@@3U_RTL_CONDITION_VARIABLE@@A 0000000180036008     LIBCMT:thread_safe_statics.obj
 0003:00001010       ?g_tss_event@@3PEAXEA      0000000180036010     LIBCMT:thread_safe_statics.obj
 0003:00001018       ?g_tss_mutex@@3U_RTL_CRITICAL_SECTION@@A 0000000180036018     LIBCMT:thread_safe_statics.obj
 0003:00001040       ?g_sleep_condition_variable_cs@@3P6AHPEAU_RTL_CONDITION_VARIABLE@@PEAU_RTL_CRITICAL_SECTION@@K@ZEA 0000000180036040     LIBCMT:thread_safe_statics.obj
 0003:00001048       ?g_wake_all_condition_variable@@3P6AXPEAU_RTL_CONDITION_VARIABLE@@@ZEA 0000000180036048     LIBCMT:thread_safe_statics.obj
 0003:00001050       GS_ExceptionRecord         0000000180036050     LIBCMT:gs_report.obj
 0003:000010f0       GS_ContextRecord           00000001800360f0     LIBCMT:gs_report.obj
 0003:000015c4       ?__proc_attached@@3HA      00000001800365c4     LIBCMT:dll_dllmain.obj
 0003:00001658       ?AllocateData@@3P6APEAUAtlThunkData_t@@XZEA 0000000180036658     atls:atlthunk.obj
 0003:00001660       ?InitData@@3P6AXPEAUAtlThunkData_t@@PEAX_K@ZEA 0000000180036660     atls:atlthunk.obj
 0003:00001668       ?DataToCode@@3P6AP6A_JPEAUHWND__@@I_K_J@ZPEAUAtlThunkData_t@@@ZEA 0000000180036668     atls:atlthunk.obj
 0003:00001670       ?FreeData@@3P6AXPEAUAtlThunkData_t@@@ZEA 0000000180036670     atls:atlthunk.obj
 0003:00001678       ?Initialized@@3_NA         0000000180036678     atls:atlthunk.obj
 0003:00001690       ?__vcrt_startup_thread_ptd@@3U__vcrt_ptd@@A 0000000180036690     libvcruntime:per_thread_data.obj
 0003:00001710       __vcrt_lock_table          0000000180036710     libvcruntime:locks.obj
 0003:00001738       __vcrt_locks_initialized   0000000180036738     libvcruntime:locks.obj
 0003:00001780       ?heap@@3V_HeapManager@@A   0000000180036780     libvcruntime:undname.obj
 0003:000017a8       ?module_handles@@3PAPEAUHINSTANCE__@@A 00000001800367a8     libvcruntime:winapi_downlevel.obj
 0003:000017c0       ?function_pointers@@3PAPEAXA 00000001800367c0     libvcruntime:winapi_downlevel.obj
 0003:000017e8       ?__acrt_invalid_parameter_handler@@3V?$dual_state_global@P6AXPEB_W00I_K@Z@__crt_state_management@@A 00000001800367e8     libucrt:invalid_parameter.obj
 0003:000017f0       ?c_termination_complete@@3JA 00000001800367f0     libucrt:exit.obj
 0003:000017f8       ?thread_local_exit_callback_func@@3P6AXPEAXK0@ZEA 00000001800367f8     libucrt:exit.obj
 0003:00001810       ?program_name@?1???$common_configure_argv@D@@YAHW4_crt_argv_mode@@@Z@4PADA 0000000180036810     libucrt:argv_parsing.obj
 0003:00001968       ?__acrt_new_handler@@3V?$dual_state_global@P6AH_K@Z@__crt_state_management@@A 0000000180036968     libucrt:new_handler.obj
 0003:00001980       ?module_handles@@3PAPEAUHINSTANCE__@@A 0000000180036980     libucrt:winapi_thunks.obj
 0003:00001a20       ?encoded_function_pointers@@3PAPEAXA 0000000180036a20     libucrt:winapi_thunks.obj
 0003:00001b10       ?internal_state@?1??_mbtowc_internal@@9@4U_Mbstatet@@A 0000000180036b10     libucrt:mbtowc.obj
 0003:00001b28       ?enable_percent_n@@3_KA    0000000180036b28     libucrt:printf_count_output.obj
 0003:00001f50       ?__acrt_lock_table@@3PAU_RTL_CRITICAL_SECTION@@A 0000000180036f50     libucrt:locks.obj
 0003:00002180       ?__acrt_locks_initialized@@3IA 0000000180037180     libucrt:locks.obj
 0003:000021a0       ?fSystemSet@@3HA           00000001800371a0     libucrt:mbctype.obj
 0003:000021a4       ?initialized@?1??__acrt_initialize_multibyte@@9@4_NA 00000001800371a4     libucrt:mbctype.obj
 0003:000021e0       ?ctrlc_action@@3V?$dual_state_global@P6AXH@Z@__crt_state_management@@A 00000001800371e0     libucrt:signal.obj
 0003:000021e8       ?ctrlbreak_action@@3V?$dual_state_global@P6AXH@Z@__crt_state_management@@A 00000001800371e8     libucrt:signal.obj
 0003:000021f0       ?abort_action@@3V?$dual_state_global@P6AXH@Z@__crt_state_management@@A 00000001800371f0     libucrt:signal.obj
 0003:000021f8       ?term_action@@3V?$dual_state_global@P6AXH@Z@__crt_state_management@@A 00000001800371f8     libucrt:signal.obj
 0003:00002200       ?user_matherr@@3V?$dual_state_global@P6AHPEAU_exception@@@Z@__crt_state_management@@A 0000000180037200     libucrt:matherr.obj
 0003:00002210       ?__acrt_global_new_mode@@3V?$dual_state_global@J@__crt_state_management@@A 0000000180037210     libucrt:new_mode.obj
 0003:00002218       ?internal_pst@?1??__mbrtoc32_utf8@__crt_mbstring@@YA_KPEA_UPEBD_KPEAU_Mbstatet@@AEAV__crt_cached_ptd_host@@@Z@4U3@A 0000000180037218     libucrt:mbrtoc32.obj
 0003:00002220       ?__acrt_app_type@@3W4_crt_app_type@@A 0000000180037220     libucrt:report_runtime_error.obj
 0005:00000000       MoveSmall                  000000018003a000     libvcruntime:memcpy.obj
 0005:00000040       MoveSmallYmm               000000018003a040     libvcruntime:memcpy.obj
 0005:00000064       MoveSmallYmmNT             000000018003a064     libvcruntime:memcpy.obj
 0005:00000088       MoveSmallXmm               000000018003a088     libvcruntime:memcpy.obj
 0005:000000b0       MsetTab                    000000018003a0b0     libvcruntime:memset.obj
 0006:00000220       $R000000                   000000018003b220     POSKeyboard.res
 0006:00000bc0       $R0009A0                   000000018003bbc0     POSKeyboard.res
 0006:00000ca8       $R000A88                   000000018003bca8     POSKeyboard.res
 0006:00000f10       $R000CF0                   000000018003bf10     POSKeyboard.res
 0006:00001480       $R001260                   000000018003c480     POSKeyboard.res
 0006:00003ba0       $R003980                   000000018003eba0     POSKeyboard.res
 0006:00003bd8       $R0039B8                   000000018003ebd8     POSKeyboard.res
