 OPOSSmartCardRW

 Timestamp is 5ed459fa (Mon Jun  1 10:29:30 2020)

 Preferred load address is 0000000180000000

 Start         Length     Name                   Class
 0001:00000000 000000c0H .text$di                CODE
 0001:000000c0 00021530H .text$mn                CODE
 0001:000215f0 00000040H .text$mn$00             CODE
 0001:00021630 000004b0H .text$x                 CODE
 0001:00021ae0 00000078H .text$yd                CODE
 0002:00000000 00000618H .idata$5                DATA
 0002:00000618 00000028H .00cfg                  DATA
 0002:00000640 00000008H .CRT$XCA                DATA
 0002:00000648 00000008H .CRT$XCL                DATA
 0002:00000650 00000020H .CRT$XCU                DATA
 0002:00000670 00000008H .CRT$XCZ                DATA
 0002:00000678 00000008H .CRT$XIA                DATA
 0002:00000680 00000020H .CRT$XIC                DATA
 0002:000006a0 00000008H .CRT$XIZ                DATA
 0002:000006a8 00000008H .CRT$XLA                DATA
 0002:000006b0 00000008H .CRT$XLZ                DATA
 0002:000006b8 00000008H .CRT$XPA                DATA
 0002:000006c0 00000010H .CRT$XPX                DATA
 0002:000006d0 00000008H .CRT$XPXA               DATA
 0002:000006d8 00000008H .CRT$XPZ                DATA
 0002:000006e0 00000008H .CRT$XTA                DATA
 0002:000006e8 00000008H .CRT$XTZ                DATA
 0002:000006f0 00000000H .gfids$y                DATA
 0002:000006f0 0000a8f0H .rdata                  DATA
 0002:0000afe0 00000028H .rdata$T                DATA
 0002:0000b008 00000274H .rdata$r                DATA
 0002:0000b27c 0000040cH .rdata$zzzdbg           DATA
 0002:0000b688 00000008H .rtc$IAA                DATA
 0002:0000b690 00000008H .rtc$IZZ                DATA
 0002:0000b698 00000008H .rtc$TAA                DATA
 0002:0000b6a0 00000008H .rtc$TZZ                DATA
 0002:0000b6a8 00000004H .tls                    DATA
 0002:0000b6ac 00000004H .tls$                   DATA
 0002:0000b6b0 00000008H .tls$ZZZ                DATA
 0002:0000b6b8 000016b0H .xdata                  DATA
 0002:0000cd68 00000150H .xdata$x                DATA
 0002:0000ceb8 00000008H ATL$__a                 DATA
 0002:0000cec0 00000010H ATL$__z                 DATA
 0002:0000ced0 000000acH .edata                  DATA
 0002:0000cf7c 00000078H .idata$2                DATA
 0002:0000cff4 00000014H .idata$3                DATA
 0002:0000d008 00000618H .idata$4                DATA
 0002:0000d620 00000c2aH .idata$6                DATA
 0003:00000000 00000db8H .data                   DATA
 0003:00000db8 000000c8H .data$r                 DATA
 0003:00000e80 0000140cH .bss                    DATA
 0004:00000000 00001ea8H .pdata                  DATA
 0005:00000000 00000094H _RDATA                  DATA
 0006:00000000 00000220H .rsrc$01                DATA
 0006:00000220 000043f0H .rsrc$02                DATA

  Address         Publics by Value              Rva+Base               Lib:Object

 0000:00000000       __guard_fids_count         0000000000000000     <absolute>
 0000:00000000       __x64_code_ranges_to_entry_points 0000000000000000     <absolute>
 0000:00000000       __guard_longjmp_count      0000000000000000     <absolute>
 0000:00000000       __guard_longjmp_table      0000000000000000     <absolute>
 0000:00000000       __hybrid_code_map          0000000000000000     <absolute>
 0000:00000000       __arm64x_redirection_metadata 0000000000000000     <absolute>
 0000:00000000       __guard_iat_count          0000000000000000     <absolute>
 0000:00000000       __guard_eh_cont_count      0000000000000000     <absolute>
 0000:00000000       __guard_iat_table          0000000000000000     <absolute>
 0000:00000000       __arm64x_native_entrypoint 0000000000000000     <absolute>
 0000:00000000       __volatile_metadata        0000000000000000     <absolute>
 0000:00000000       __hybrid_code_map_count    0000000000000000     <absolute>
 0000:00000000       __guard_eh_cont_table      0000000000000000     <absolute>
 0000:00000000       __enclave_config           0000000000000000     <absolute>
 0000:00000000       ___safe_se_handler_count   0000000000000000     <absolute>
 0000:00000000       __AbsoluteZero             0000000000000000     <absolute>
 0000:00000000       ___safe_se_handler_table   0000000000000000     <absolute>
 0000:00000000       __guard_fids_table         0000000000000000     <absolute>
 0000:00000000       __hybrid_auxiliary_iat     0000000000000000     <absolute>
 0000:00000000       __dynamic_value_reloc_table 0000000000000000     <absolute>
 0000:00000100       __guard_flags              0000000000000100     <absolute>
 0000:00000000       __ImageBase                0000000180000000     <linker-defined>
 0001:000000c0       ?DupWide@_CW@@AEAAXXZ      00000001800010c0 f   CWString.obj
 0001:000000e8       ?cw_dup@@YAXPEBDAEAHAEAPEA_W1@Z 00000001800010e8 f   CWString.obj
 0001:000001c8       ?cw_memcpy@@YAHPEA_WPEBDH@Z 00000001800011c8 f   CWString.obj
 0001:00000214       ?cw_strcpy@@YAHPEA_WPEBD@Z 0000000180001214 f   CWString.obj
 0001:00000228       ??0CAtlComModule@ATL@@QEAA@XZ 0000000180001228 f i OposVariant.obj
 0001:000002a8       ??0CAtlWinModule@ATL@@QEAA@XZ 00000001800012a8 f i OposVariant.obj
 0001:00000314       ??0OposDispParms@@QEAA@PEAVOposVariant@@H@Z 0000000180001314 f   OposVariant.obj
 0001:000003bc       ??1OposDispParms@@QEAA@XZ  00000001800013bc f   OposVariant.obj
 0001:000003d4       ??_Estringdispid@CComTypeInfoHolder@ATL@@QEAAPEAXI@Z 00000001800013d4 f i OposVariant.obj
 0001:00000478       ?AtlWinModuleTerm@ATL@@YAJPEAU_ATL_WIN_MODULE70@1@PEAUHINSTANCE__@@@Z 0000000180001478 f i OposVariant.obj
 0001:00000528       ?ChangeBSTR@OposVariant@@QEAAXPEAPEA_WAEAJ@Z 0000000180001528 f   OposVariant.obj
 0001:00000588       ?ChangeLONG@OposVariant@@QEAAXPEAJAEAJ@Z 0000000180001588 f   OposVariant.obj
 0001:000005e4       ?GetLONG@OposVariant@@QEAAJXZ 00000001800015e4 f   OposVariant.obj
 0001:00000608       ?SetBSTR@OposVariant@@QEAAXPEA_WAEAJ@Z 0000000180001608 f   OposVariant.obj
 0001:00000648       ?SetBSTR_Copy@OposVariant@@QEAAXPEA_WAEAJ@Z 0000000180001648 f   OposVariant.obj
 0001:000006b8       ?SetBSTR_InOutPtr@OposVariant@@QEAA_NPEAPEA_WAEAJ@Z 00000001800016b8 f   OposVariant.obj
 0001:00000708       ?SetDispatch_Ptr@OposVariant@@QEAAXPEAUIDispatch@@AEAJ@Z 0000000180001708 f   OposVariant.obj
 0001:00000760       ?SetLONG@OposVariant@@QEAAXJ@Z 0000000180001760 f   OposVariant.obj
 0001:00000790       ?SetLONG_Ptr@OposVariant@@QEAAXPEAJAEAJ@Z 0000000180001790 f   OposVariant.obj
 0001:000007dc       ?SetString@OposVariant@@QEAAXPEB_WAEAJ@Z 00000001800017dc f   OposVariant.obj
 0001:00000840       ?SetVARIANT_BOOL@OposVariant@@QEAAXF@Z 0000000180001840 f   OposVariant.obj
 0001:00000878       ?Term@CAtlComModule@ATL@@QEAAXXZ 0000000180001878 f i OposVariant.obj
 0001:000008e8       ?_AtlInitializeCriticalSectionEx@ATL@@YAHPEAU_RTL_CRITICAL_SECTION@@KK@Z 00000001800018e8 f i OposVariant.obj
 0001:000008f0       ?_AtlRaiseException@ATL@@YAXKK@Z 00000001800018f0 f i OposVariant.obj
 0001:00000900       ?GetWindowProc@?$CWindowImplBaseT@VCWindow@ATL@@V?$CWinTraits@$0FGAAAAAA@$0A@@2@@ATL@@UEAAP6A_JPEAUHWND__@@I_K_J@ZXZ 0000000180001900 f i SmartCardRW.obj
 0001:00000908       ?StartWindowProc@?$CWindowImplBaseT@VCWindow@ATL@@V?$CWinTraits@$0FGAAAAAA@$0A@@2@@ATL@@SA_JPEAUHWND__@@I_K_J@Z 0000000180001908 f i SmartCardRW.obj
 0001:000009cc       ?OnFinalMessage@?$CWindowImplBaseT@VCWindow@ATL@@V?$CWinTraits@$0FGAAAAAA@$0A@@2@@ATL@@UEAAXPEAUHWND__@@@Z 00000001800019cc f i SmartCardRW.obj
 0001:000009cc       _guard_check_icall_nop     00000001800019cc f i LIBCMT:guard_support.obj
 0001:000009cc       ?ObjectMain@CComObjectRootBase@ATL@@SAX_N@Z 00000001800019cc f i SmartCardRW.obj
 0001:000009d0       ?GetTypeInfoCount@?$IDispatchImpl@UIOPOSSmartCardRW@@$1?IID_IOPOSSmartCardRW@@3U_GUID@@B$1?LIBID_OposSmartCardRW_CCO@@3U3@B$00$0A@VCComTypeInfoHolder@ATL@@@ATL@@UEAAJPEAI@Z 00000001800019d0 f i SmartCardRW.obj
 0001:000009e4       ?GetTypeInfo@?$IDispatchImpl@UIOPOSSmartCardRW@@$1?IID_IOPOSSmartCardRW@@3U_GUID@@B$1?LIBID_OposSmartCardRW_CCO@@3U3@B$00$0A@VCComTypeInfoHolder@ATL@@@ATL@@UEAAJIKPEAPEAUITypeInfo@@@Z 00000001800019e4 f i SmartCardRW.obj
 0001:00000a48       ?GetIDsOfNames@?$IDispatchImpl@UIOPOSSmartCardRW@@$1?IID_IOPOSSmartCardRW@@3U_GUID@@B$1?LIBID_OposSmartCardRW_CCO@@3U3@B$00$0A@VCComTypeInfoHolder@ATL@@@ATL@@UEAAJAEBU_GUID@@PEAPEA_WIKPEAJ@Z 0000000180001a48 f i SmartCardRW.obj
 0001:00000a54       ?Invoke@?$IDispatchImpl@UIOPOSSmartCardRW@@$1?IID_IOPOSSmartCardRW@@3U_GUID@@B$1?LIBID_OposSmartCardRW_CCO@@3U3@B$00$0A@VCComTypeInfoHolder@ATL@@@ATL@@UEAAJJAEBU_GUID@@KGPEAUtagDISPPARAMS@@PEAUtagVARIANT@@PEAUtagEXCEPINFO@@PEAI@Z 0000000180001a54 f i SmartCardRW.obj
 0001:00000ae4       ?CreateControlWindow@?$CComControl@VCOPOSSmartCardRW@@V?$CWindowImpl@VCOPOSSmartCardRW@@VCWindow@ATL@@V?$CWinTraits@$0FGAAAAAA@$0A@@3@@ATL@@@ATL@@UEAAPEAUHWND__@@PEAU3@AEAUtagRECT@@@Z 0000000180001ae4 f i SmartCardRW.obj
 0001:00000b1c       ?ControlQueryInterface@?$CComControl@VCOPOSSmartCardRW@@V?$CWindowImpl@VCOPOSSmartCardRW@@VCWindow@ATL@@V?$CWinTraits@$0FGAAAAAA@$0A@@3@@ATL@@@ATL@@UEAAJAEBU_GUID@@PEAPEAX@Z 0000000180001b1c f i SmartCardRW.obj
 0001:00000b30       ?GetUserClassID@?$IOleObjectImpl@VCOPOSSmartCardRW@@@ATL@@UEAAJPEAU_GUID@@@Z 0000000180001b30 f i SmartCardRW.obj
 0001:00000b30       ?GetClassID@?$IPersistStreamInitImpl@VCOPOSSmartCardRW@@@ATL@@UEAAJPEAU_GUID@@@Z 0000000180001b30 f i SmartCardRW.obj
 0001:00000b30       ?GetClassID@?$IPersistStorageImpl@VCOPOSSmartCardRW@@@ATL@@UEAAJPEAU_GUID@@@Z 0000000180001b30 f i SmartCardRW.obj
 0001:00000b4c       ?IsDirty@?$IPersistStreamInitImpl@VCOPOSSmartCardRW@@@ATL@@UEAAJXZ 0000000180001b4c f i SmartCardRW.obj
 0001:00000b68       ?Load@?$IPersistStreamInitImpl@VCOPOSSmartCardRW@@@ATL@@UEAAJPEAUIStream@@@Z 0000000180001b68 f i SmartCardRW.obj
 0001:00000b80       ?Save@?$IPersistStreamInitImpl@VCOPOSSmartCardRW@@@ATL@@UEAAJPEAUIStream@@H@Z 0000000180001b80 f i SmartCardRW.obj
 0001:00000b98       ?GetSizeMax@?$IPersistStreamInitImpl@VCOPOSSmartCardRW@@@ATL@@UEAAJPEAT_ULARGE_INTEGER@@@Z 0000000180001b98 f i SmartCardRW.obj
 0001:00000dc4       ?InitNew@?$IPersistStreamInitImpl@VCOPOSSmartCardRW@@@ATL@@UEAAJXZ 0000000180001dc4 f i SmartCardRW.obj
 0001:00000ddc       ?GetCanonicalFormatEtc@?$IDataObjectImpl@VCOPOSSmartCardRW@@@ATL@@UEAAJPEAUtagFORMATETC@@0@Z 0000000180001ddc f i SmartCardRW.obj
 0001:00000ddc       ?SetMoniker@?$IOleObjectImpl@VCOPOSSmartCardRW@@@ATL@@UEAAJKPEAUIMoniker@@@Z 0000000180001ddc f i SmartCardRW.obj
 0001:00000ddc       ?SetData@?$IDataObjectImpl@VCOPOSSmartCardRW@@@ATL@@UEAAJPEAUtagFORMATETC@@PEAUtagSTGMEDIUM@@H@Z 0000000180001ddc f i SmartCardRW.obj
 0001:00000ddc       ?QueryInterface@CRegObject@ATL@@UEAAJAEBU_GUID@@PEAPEAX@Z 0000000180001ddc f i SmartCardRW.obj
 0001:00000ddc       ?OnMnemonic@?$IOleControlImpl@VCOPOSSmartCardRW@@@ATL@@UEAAJPEAUtagMSG@@@Z 0000000180001ddc f i SmartCardRW.obj
 0001:00000ddc       ?Unfreeze@?$IViewObjectExImpl@VCOPOSSmartCardRW@@@ATL@@UEAAJK@Z 0000000180001ddc f i SmartCardRW.obj
 0001:00000ddc       ?GetClipboardData@?$IOleObjectImpl@VCOPOSSmartCardRW@@@ATL@@UEAAJKPEAPEAUIDataObject@@@Z 0000000180001ddc f i SmartCardRW.obj
 0001:00000ddc       ?InitFromData@?$IOleObjectImpl@VCOPOSSmartCardRW@@@ATL@@UEAAJPEAUIDataObject@@HK@Z 0000000180001ddc f i SmartCardRW.obj
 0001:00000ddc       ?GetDataHere@?$IDataObjectImpl@VCOPOSSmartCardRW@@@ATL@@UEAAJPEAUtagFORMATETC@@PEAUtagSTGMEDIUM@@@Z 0000000180001ddc f i SmartCardRW.obj
 0001:00000ddc       ?ContextSensitiveHelp@?$IOleInPlaceActiveObjectImpl@VCOPOSSmartCardRW@@@ATL@@UEAAJH@Z 0000000180001ddc f i SmartCardRW.obj
 0001:00000ddc       ?GetRect@?$IViewObjectExImpl@VCOPOSSmartCardRW@@@ATL@@UEAAJKPEAU_RECTL@@@Z 0000000180001ddc f i SmartCardRW.obj
 0001:00000ddc       ?GetControlInfo@?$IOleControlImpl@VCOPOSSmartCardRW@@@ATL@@UEAAJPEAUtagCONTROLINFO@@@Z 0000000180001ddc f i SmartCardRW.obj
 0001:00000ddc       ?QueryGetData@?$IDataObjectImpl@VCOPOSSmartCardRW@@@ATL@@UEAAJPEAUtagFORMATETC@@@Z 0000000180001ddc f i SmartCardRW.obj
 0001:00000ddc       ?GetColorSet@?$IViewObjectExImpl@VCOPOSSmartCardRW@@@ATL@@UEAAJKJPEAXPEAUtagDVTARGETDEVICE@@PEAUHDC__@@PEAPEAUtagLOGPALETTE@@@Z 0000000180001ddc f i SmartCardRW.obj
 0001:00000ddc       ?Freeze@?$IViewObjectExImpl@VCOPOSSmartCardRW@@@ATL@@UEAAJKJPEAXPEAK@Z 0000000180001ddc f i SmartCardRW.obj
 0001:00000ddc       ?GetDropTarget@?$IOleInPlaceObjectWindowlessImpl@VCOPOSSmartCardRW@@@ATL@@UEAAJPEAPEAUIDropTarget@@@Z 0000000180001ddc f i SmartCardRW.obj
 0001:00000ddc       ?EnumFormatEtc@?$IDataObjectImpl@VCOPOSSmartCardRW@@@ATL@@UEAAJKPEAPEAUIEnumFORMATETC@@@Z 0000000180001ddc f i SmartCardRW.obj
 0001:00000ddc       ?GetMoniker@?$IOleObjectImpl@VCOPOSSmartCardRW@@@ATL@@UEAAJKKPEAPEAUIMoniker@@@Z 0000000180001ddc f i SmartCardRW.obj
 0001:00000ddc       ?ReactivateAndUndo@?$IOleInPlaceObjectWindowlessImpl@VCOPOSSmartCardRW@@@ATL@@UEAAJXZ 0000000180001ddc f i SmartCardRW.obj
 0001:00000ddc       ?SetColorScheme@?$IOleObjectImpl@VCOPOSSmartCardRW@@@ATL@@UEAAJPEAUtagLOGPALETTE@@@Z 0000000180001ddc f i SmartCardRW.obj
 0001:00000ddc       ?ContextSensitiveHelp@?$IOleInPlaceObjectWindowlessImpl@VCOPOSSmartCardRW@@@ATL@@UEAAJH@Z 0000000180001ddc f i SmartCardRW.obj
 0001:00000de4       ?GetObjectDescription@?$CComCoClass@VCOPOSSmartCardRW@@$1?CLSID_OPOSSmartCardRW@@3U_GUID@@B@ATL@@SAPEB_WXZ 0000000180001de4 f i SmartCardRW.obj
 0001:00000de4       ?Release@CRegObject@ATL@@UEAAKXZ 0000000180001de4 f i SmartCardRW.obj
 0001:00000de4       ?IsUpToDate@?$IOleObjectImpl@VCOPOSSmartCardRW@@@ATL@@UEAAJXZ 0000000180001de4 f i SmartCardRW.obj
 0001:00000de4       ?OnAmbientPropertyChange@?$IOleControlImpl@VCOPOSSmartCardRW@@@ATL@@UEAAJJ@Z 0000000180001de4 f i SmartCardRW.obj
 0001:00000de4       ?OnFrameWindowActivate@?$IOleInPlaceActiveObjectImpl@VCOPOSSmartCardRW@@@ATL@@UEAAJH@Z 0000000180001de4 f i SmartCardRW.obj
 0001:00000de4       ?EnableModeless@?$IOleInPlaceActiveObjectImpl@VCOPOSSmartCardRW@@@ATL@@UEAAJH@Z 0000000180001de4 f i SmartCardRW.obj
 0001:00000de4       ?ResizeBorder@?$IOleInPlaceActiveObjectImpl@VCOPOSSmartCardRW@@@ATL@@UEAAJPEBUtagRECT@@PEAUIOleInPlaceUIWindow@@H@Z 0000000180001de4 f i SmartCardRW.obj
 0001:00000de4       ?SetHostNames@?$IOleObjectImpl@VCOPOSSmartCardRW@@@ATL@@UEAAJPEB_W0@Z 0000000180001de4 f i SmartCardRW.obj
 0001:00000de4       ?HandsOffStorage@?$IPersistStorageImpl@VCOPOSSmartCardRW@@@ATL@@UEAAJXZ 0000000180001de4 f i SmartCardRW.obj
 0001:00000de4       ?Update@?$IOleObjectImpl@VCOPOSSmartCardRW@@@ATL@@UEAAJXZ 0000000180001de4 f i SmartCardRW.obj
 0001:00000de4       ?SaveCompleted@?$IPersistStorageImpl@VCOPOSSmartCardRW@@@ATL@@UEAAJPEAUIStorage@@@Z 0000000180001de4 f i SmartCardRW.obj
 0001:00000de4       ?GetCategoryMap@CComObjectRootBase@ATL@@SAPEBU_ATL_CATMAP_ENTRY@2@XZ 0000000180001de4 f i SmartCardRW.obj
 0001:00000de8       ?SetClientSite@?$IOleObjectImpl@VCOPOSSmartCardRW@@@ATL@@UEAAJPEAUIOleClientSite@@@Z 0000000180001de8 f i SmartCardRW.obj
 0001:00000e04       ?GetClientSite@?$IOleObjectImpl@VCOPOSSmartCardRW@@@ATL@@UEAAJPEAPEAUIOleClientSite@@@Z 0000000180001e04 f i SmartCardRW.obj
 0001:00000e4c       ?Close@?$IOleObjectImpl@VCOPOSSmartCardRW@@@ATL@@UEAAJK@Z 0000000180001e4c f i SmartCardRW.obj
 0001:00000e68       ?DoVerb@?$IOleObjectImpl@VCOPOSSmartCardRW@@@ATL@@UEAAJJPEAUtagMSG@@PEAUIOleClientSite@@JPEAUHWND__@@PEBUtagRECT@@@Z 0000000180001e68 f i SmartCardRW.obj
 0001:0000100c       ?EnumVerbs@?$IOleObjectImpl@VCOPOSSmartCardRW@@@ATL@@UEAAJPEAPEAUIEnumOLEVERB@@@Z 000000018000200c f i SmartCardRW.obj
 0001:00001028       ?GetUserType@?$IOleObjectImpl@VCOPOSSmartCardRW@@@ATL@@UEAAJKPEAPEA_W@Z 0000000180002028 f i SmartCardRW.obj
 0001:00001038       ?SetExtent@?$IOleObjectImpl@VCOPOSSmartCardRW@@@ATL@@UEAAJKPEAUtagSIZE@@@Z 0000000180002038 f i SmartCardRW.obj
 0001:00001054       ?GetExtent@?$IOleObjectImpl@VCOPOSSmartCardRW@@@ATL@@UEAAJKPEAUtagSIZE@@@Z 0000000180002054 f i SmartCardRW.obj
 0001:00001084       ?Advise@?$IOleObjectImpl@VCOPOSSmartCardRW@@@ATL@@UEAAJPEAUIAdviseSink@@PEAK@Z 0000000180002084 f i SmartCardRW.obj
 0001:000010e0       ?Unadvise@?$IOleObjectImpl@VCOPOSSmartCardRW@@@ATL@@UEAAJK@Z 00000001800020e0 f i SmartCardRW.obj
 0001:00001118       ?EnumAdvise@?$IOleObjectImpl@VCOPOSSmartCardRW@@@ATL@@UEAAJPEAPEAUIEnumSTATDATA@@@Z 0000000180002118 f i SmartCardRW.obj
 0001:00001160       ?GetMiscStatus@?$IOleObjectImpl@VCOPOSSmartCardRW@@@ATL@@UEAAJKPEAK@Z 0000000180002160 f i SmartCardRW.obj
 0001:00001170       ?GetWindow@?$IOleInPlaceActiveObjectImpl@VCOPOSSmartCardRW@@@ATL@@UEAAJPEAPEAUHWND__@@@Z 0000000180002170 f i SmartCardRW.obj
 0001:000011c4       ?TranslateAcceleratorW@?$IOleInPlaceActiveObjectImpl@VCOPOSSmartCardRW@@@ATL@@UEAAJPEAUtagMSG@@@Z 00000001800021c4 f i SmartCardRW.obj
 0001:000012b8       ?OnDocWindowActivate@?$IOleInPlaceActiveObjectImpl@VCOPOSSmartCardRW@@@ATL@@UEAAJH@Z 00000001800022b8 f i SmartCardRW.obj
 0001:000012e4       ?Draw@?$IViewObjectExImpl@VCOPOSSmartCardRW@@@ATL@@UEAAJKJPEAXPEAUtagDVTARGETDEVICE@@PEAUHDC__@@2PEBU_RECTL@@3P6AH_K@Z4@Z 00000001800022e4 f i SmartCardRW.obj
 0001:00001348       ?SetAdvise@?$IViewObjectExImpl@VCOPOSSmartCardRW@@@ATL@@UEAAJKKPEAUIAdviseSink@@@Z 0000000180002348 f i SmartCardRW.obj
 0001:0000139c       ?GetAdvise@?$IViewObjectExImpl@VCOPOSSmartCardRW@@@ATL@@UEAAJPEAK0PEAPEAUIAdviseSink@@@Z 000000018000239c f i SmartCardRW.obj
 0001:000013d8       ?GetExtent@?$IViewObjectExImpl@VCOPOSSmartCardRW@@@ATL@@UEAAJKJPEAUtagDVTARGETDEVICE@@PEAUtagSIZE@@@Z 00000001800023d8 f i SmartCardRW.obj
 0001:00001408       ?GetViewStatus@?$IViewObjectExImpl@VCOPOSSmartCardRW@@@ATL@@UEAAJPEAK@Z 0000000180002408 f i SmartCardRW.obj
 0001:0000141c       ?QueryHitPoint@?$IViewObjectExImpl@VCOPOSSmartCardRW@@@ATL@@UEAAJKPEBUtagRECT@@UtagPOINT@@JPEAK@Z 000000018000241c f i SmartCardRW.obj
 0001:00001460       ?QueryHitRect@?$IViewObjectExImpl@VCOPOSSmartCardRW@@@ATL@@UEAAJKPEBUtagRECT@@0JPEAK@Z 0000000180002460 f i SmartCardRW.obj
 0001:000014c8       ?GetNaturalExtent@?$IViewObjectExImpl@VCOPOSSmartCardRW@@@ATL@@UEAAJKJPEAUtagDVTARGETDEVICE@@PEAUHDC__@@PEAUtagExtentInfo@@PEAUtagSIZE@@@Z 00000001800024c8 f i SmartCardRW.obj
 0001:00001510       ?GetWindow@?$IOleInPlaceObjectWindowlessImpl@VCOPOSSmartCardRW@@@ATL@@UEAAJPEAPEAUHWND__@@@Z 0000000180002510 f i SmartCardRW.obj
 0001:00001564       ?InPlaceDeactivate@?$IOleInPlaceObjectWindowlessImpl@VCOPOSSmartCardRW@@@ATL@@UEAAJXZ 0000000180002564 f i SmartCardRW.obj
 0001:00001580       ?UIDeactivate@?$IOleInPlaceObjectWindowlessImpl@VCOPOSSmartCardRW@@@ATL@@UEAAJXZ 0000000180002580 f i SmartCardRW.obj
 0001:0000159c       ?SetObjectRects@?$IOleInPlaceObjectWindowlessImpl@VCOPOSSmartCardRW@@@ATL@@UEAAJPEBUtagRECT@@0@Z 000000018000259c f i SmartCardRW.obj
 0001:000015b8       ?OnWindowMessage@?$IOleInPlaceObjectWindowlessImpl@VCOPOSSmartCardRW@@@ATL@@UEAAJI_K_JPEA_J@Z 00000001800025b8 f i SmartCardRW.obj
 0001:00001680       ?EnumConnectionPoints@?$IConnectionPointContainerImpl@VCOPOSSmartCardRW@@@ATL@@UEAAJPEAPEAUIEnumConnectionPoints@@@Z 0000000180002680 f i SmartCardRW.obj
 0001:000018cc       ?FindConnectionPoint@?$IConnectionPointContainerImpl@VCOPOSSmartCardRW@@@ATL@@UEAAJAEBU_GUID@@PEAPEAUIConnectionPoint@@@Z 00000001800028cc f i SmartCardRW.obj
 0001:0000199c       ?IsDirty@?$IPersistStorageImpl@VCOPOSSmartCardRW@@@ATL@@UEAAJXZ 000000018000299c f i SmartCardRW.obj
 0001:000019dc       ?InitNew@?$IPersistStorageImpl@VCOPOSSmartCardRW@@@ATL@@UEAAJPEAUIStorage@@@Z 00000001800029dc f i SmartCardRW.obj
 0001:00001a1c       ?Load@?$IPersistStorageImpl@VCOPOSSmartCardRW@@@ATL@@UEAAJPEAUIStorage@@@Z 0000000180002a1c f i SmartCardRW.obj
 0001:00001abc       ?Save@?$IPersistStorageImpl@VCOPOSSmartCardRW@@@ATL@@UEAAJPEAUIStorage@@H@Z 0000000180002abc f i SmartCardRW.obj
 0001:00001b6c       ?GetPages@?$ISpecifyPropertyPagesImpl@VCOPOSSmartCardRW@@@ATL@@UEAAJPEAUtagCAUUID@@@Z 0000000180002b6c f i SmartCardRW.obj
 0001:00001b78       ?QuickActivate@?$IQuickActivateImpl@VCOPOSSmartCardRW@@@ATL@@UEAAJPEAUtagQACONTAINER@@PEAUtagQACONTROL@@@Z 0000000180002b78 f i SmartCardRW.obj
 0001:00001b94       ?SetContentExtent@?$IQuickActivateImpl@VCOPOSSmartCardRW@@@ATL@@UEAAJPEAUtagSIZE@@@Z 0000000180002b94 f i SmartCardRW.obj
 0001:00001bc8       ?GetContentExtent@?$IQuickActivateImpl@VCOPOSSmartCardRW@@@ATL@@UEAAJPEAUtagSIZE@@@Z 0000000180002bc8 f i SmartCardRW.obj
 0001:00001c00       ?GetData@?$IDataObjectImpl@VCOPOSSmartCardRW@@@ATL@@UEAAJPEAUtagFORMATETC@@PEAUtagSTGMEDIUM@@@Z 0000000180002c00 f i SmartCardRW.obj
 0001:00001c1c       ?DAdvise@?$IDataObjectImpl@VCOPOSSmartCardRW@@@ATL@@UEAAJPEAUtagFORMATETC@@KPEAUIAdviseSink@@PEAK@Z 0000000180002c1c f i SmartCardRW.obj
 0001:00001ca4       ?DUnadvise@?$IDataObjectImpl@VCOPOSSmartCardRW@@@ATL@@UEAAJK@Z 0000000180002ca4 f i SmartCardRW.obj
 0001:00001cd0       ?EnumDAdvise@?$IDataObjectImpl@VCOPOSSmartCardRW@@@ATL@@UEAAJPEAPEAUIEnumSTATDATA@@@Z 0000000180002cd0 f i SmartCardRW.obj
 0001:00001d0c       ?GetClassInfoW@?$IProvideClassInfo2Impl@$1?CLSID_OPOSSmartCardRW@@3U_GUID@@B$1?DIID__IOPOSSmartCardRWEvents@@3U2@B$1?LIBID_OposSmartCardRW_CCO@@3U2@B$00$0A@VCComTypeInfoHolder@ATL@@@ATL@@UEAAJPEAPEAUITypeInfo@@@Z 0000000180002d0c f i SmartCardRW.obj
 0001:00001d64       ?GetGUID@?$IProvideClassInfo2Impl@$1?CLSID_OPOSSmartCardRW@@3U_GUID@@B$1?DIID__IOPOSSmartCardRWEvents@@3U2@B$1?LIBID_OposSmartCardRW_CCO@@3U2@B$00$0A@VCComTypeInfoHolder@ATL@@@ATL@@UEAAJKPEAU_GUID@@@Z 0000000180002d64 f i SmartCardRW.obj
 0001:00001d98       _get_startup_argv_mode     0000000180002d98 f i LIBCMT:argv_mode.obj
 0001:00001d98       ?AddRef@CRegObject@ATL@@UEAAKXZ 0000000180002d98 f i SmartCardRW.obj
 0001:00001d98       ?FAccessAllowed@?$IObjectSafetyImpl@VCOPOSSmartCardRW@@$02@ATL@@MEAAHXZ 0000000180002d98 f i SmartCardRW.obj
 0001:00001da0       ?GetInterfaceSafetyOptions@?$IObjectSafetyImpl@VCOPOSSmartCardRW@@$02@ATL@@UEAAJAEBU_GUID@@PEAK1@Z 0000000180002da0 f i SmartCardRW.obj
 0001:00001e34       ?SetInterfaceSafetyOptions@?$IObjectSafetyImpl@VCOPOSSmartCardRW@@$02@ATL@@UEAAJAEBU_GUID@@KK@Z 0000000180002e34 f i SmartCardRW.obj
 0001:00001ed8       ?_LocCPQueryInterface@?$IConnectionPointImpl@VCOPOSSmartCardRW@@$1?IID_IPropertyNotifySink@@3U_GUID@@BVCComDynamicUnkArray@ATL@@@ATL@@UEAAJAEBU_GUID@@PEAPEAX@Z 0000000180002ed8 f i SmartCardRW.obj
 0001:00001ed8       ?_LocCPQueryInterface@?$IConnectionPointImpl@VCOPOSSmartCardRW@@$1?DIID__IOPOSSmartCardRWEvents@@3U_GUID@@BVCComDynamicUnkArray@ATL@@@ATL@@UEAAJAEBU_GUID@@PEAPEAX@Z 0000000180002ed8 f i SmartCardRW.obj
 0001:00001f48       ?GetConnectionInterface@?$IConnectionPointImpl@VCOPOSSmartCardRW@@$1?IID_IPropertyNotifySink@@3U_GUID@@BVCComDynamicUnkArray@ATL@@@ATL@@UEAAJPEAU_GUID@@@Z 0000000180002f48 f i SmartCardRW.obj
 0001:00001f64       ?GetConnectionPointContainer@?$IConnectionPointImpl@VCOPOSSmartCardRW@@$1?IID_IPropertyNotifySink@@3U_GUID@@BVCComDynamicUnkArray@ATL@@@ATL@@UEAAJPEAPEAUIConnectionPointContainer@@@Z 0000000180002f64 f i SmartCardRW.obj
 0001:00001f84       ?Advise@?$IConnectionPointImpl@VCOPOSSmartCardRW@@$1?IID_IPropertyNotifySink@@3U_GUID@@BVCComDynamicUnkArray@ATL@@@ATL@@UEAAJPEAUIUnknown@@PEAK@Z 0000000180002f84 f i SmartCardRW.obj
 0001:00001f84       ?Advise@?$IConnectionPointImpl@VCOPOSSmartCardRW@@$1?DIID__IOPOSSmartCardRWEvents@@3U_GUID@@BVCComDynamicUnkArray@ATL@@@ATL@@UEAAJPEAUIUnknown@@PEAK@Z 0000000180002f84 f i SmartCardRW.obj
 0001:00002040       ?Unadvise@?$IConnectionPointImpl@VCOPOSSmartCardRW@@$1?DIID__IOPOSSmartCardRWEvents@@3U_GUID@@BVCComDynamicUnkArray@ATL@@@ATL@@UEAAJK@Z 0000000180003040 f i SmartCardRW.obj
 0001:00002040       ?Unadvise@?$IConnectionPointImpl@VCOPOSSmartCardRW@@$1?IID_IPropertyNotifySink@@3U_GUID@@BVCComDynamicUnkArray@ATL@@@ATL@@UEAAJK@Z 0000000180003040 f i SmartCardRW.obj
 0001:000020a8       ?EnumConnections@?$IConnectionPointImpl@VCOPOSSmartCardRW@@$1?IID_IPropertyNotifySink@@3U_GUID@@BVCComDynamicUnkArray@ATL@@@ATL@@UEAAJPEAPEAUIEnumConnections@@@Z 00000001800030a8 f i SmartCardRW.obj
 0001:000020a8       ?EnumConnections@?$IConnectionPointImpl@VCOPOSSmartCardRW@@$1?DIID__IOPOSSmartCardRWEvents@@3U_GUID@@BVCComDynamicUnkArray@ATL@@@ATL@@UEAAJPEAPEAUIEnumConnections@@@Z 00000001800030a8 f i SmartCardRW.obj
 0001:00002254       ?GetConnectionInterface@?$IConnectionPointImpl@VCOPOSSmartCardRW@@$1?DIID__IOPOSSmartCardRWEvents@@3U_GUID@@BVCComDynamicUnkArray@ATL@@@ATL@@UEAAJPEAU_GUID@@@Z 0000000180003254 f i SmartCardRW.obj
 0001:00002270       ?GetConnectionPointContainer@?$IConnectionPointImpl@VCOPOSSmartCardRW@@$1?DIID__IOPOSSmartCardRWEvents@@3U_GUID@@BVCComDynamicUnkArray@ATL@@@ATL@@UEAAJPEAPEAUIConnectionPointContainer@@@Z 0000000180003270 f i SmartCardRW.obj
 0001:00002290       ?UpdateRegistry@COPOSSmartCardRW@@SAJH@Z 0000000180003290 f i SmartCardRW.obj
 0001:000022a8       ?ProcessWindowMessage@COPOSSmartCardRW@@UEAAHPEAUHWND__@@I_K_JAEA_JK@Z 00000001800032a8 f i SmartCardRW.obj
 0001:00002330       ?SOData@COPOSSmartCardRW@@MEAAJJ@Z 0000000180003330 f i SmartCardRW.obj
 0001:00002380       ?SODirectIO@COPOSSmartCardRW@@MEAAJJPEAJPEAPEA_W@Z 0000000180003380 f i SmartCardRW.obj
 0001:000023f8       ?SOError@COPOSSmartCardRW@@MEAAJJJJPEAJ@Z 00000001800033f8 f i SmartCardRW.obj
 0001:00002480       ?SOOutputComplete@COPOSSmartCardRW@@MEAAJJ@Z 0000000180003480 f i SmartCardRW.obj
 0001:000024d0       ?SOStatusUpdate@COPOSSmartCardRW@@MEAAJJ@Z 00000001800034d0 f i SmartCardRW.obj
 0001:00002520       ?Lock@CAtlModule@ATL@@UEAAJXZ 0000000180003520 f i SmartCardRW.obj
 0001:00002530       ?Unlock@CAtlModule@ATL@@UEAAJXZ 0000000180003530 f i SmartCardRW.obj
 0001:0000253c       ?GetLockCount@CAtlModule@ATL@@UEAAJXZ 000000018000353c f i SmartCardRW.obj
 0001:00002540       ?GetGITPtr@CAtlModule@ATL@@UEAAJPEAPEAUIGlobalInterfaceTable@@@Z 0000000180003540 f i SmartCardRW.obj
 0001:000025b0       ?CreateInstance@?$CComCreator@V?$CComObjectCached@VCComClassFactory@ATL@@@ATL@@@ATL@@SAJPEAXAEBU_GUID@@PEAPEAX@Z 00000001800035b0 f i SmartCardRW.obj
 0001:000026d4       ?CreateInstance@?$CComCreator2@V?$CComCreator@V?$CComObject@VCOPOSSmartCardRW@@@ATL@@@ATL@@V?$CComCreator@V?$CComAggObject@VCOPOSSmartCardRW@@@ATL@@@2@@ATL@@SAJPEAXAEBU_GUID@@PEAPEAX@Z 00000001800036d4 f i SmartCardRW.obj
 0001:000026e4       ?AddCommonRGSReplacements@?$CAtlModuleT@VCComModule@ATL@@@ATL@@UEAAJPEAUIRegistrarBase@@@Z 00000001800036e4 f i SmartCardRW.obj
 0001:000026fc       ?AddRef@?$CComObjectCached@VCComClassFactory@ATL@@@ATL@@UEAAKXZ 00000001800036fc f i SmartCardRW.obj
 0001:00002728       ?Release@?$CComObjectCached@VCComClassFactory@ATL@@@ATL@@UEAAKXZ 0000000180003728 f i SmartCardRW.obj
 0001:00002768       ?QueryInterface@?$CComObjectCached@VCComClassFactory@ATL@@@ATL@@UEAAJAEBU_GUID@@PEAPEAX@Z 0000000180003768 f i SmartCardRW.obj
 0001:0000277c       ??_E?$CComObjectCached@VCComClassFactory@ATL@@@ATL@@UEAAPEAXI@Z 000000018000377c f i SmartCardRW.obj
 0001:0000277c       ??_G?$CComObjectCached@VCComClassFactory@ATL@@@ATL@@UEAAPEAXI@Z 000000018000377c f i SmartCardRW.obj
 0001:000027d4       ?UpdateRegistryFromResourceD@CComModule@ATL@@UEAAJPEB_WHPEAU_ATL_REGMAP_ENTRY@2@@Z 00000001800037d4 f i SmartCardRW.obj
 0001:000027d4       ?UpdateRegistryFromResourceD@CComModule@ATL@@UEAAJIHPEAU_ATL_REGMAP_ENTRY@2@@Z 00000001800037d4 f i SmartCardRW.obj
 0001:000027dc       ?UpdateRegistryFromResource@CComModule@ATL@@UEAAJPEB_WHPEAU_ATL_REGMAP_ENTRY@2@@Z 00000001800037dc f i SmartCardRW.obj
 0001:000027e4       ?UpdateRegistryFromResource@CComModule@ATL@@UEAAJIHPEAU_ATL_REGMAP_ENTRY@2@@Z 00000001800037e4 f i SmartCardRW.obj
 0001:000027ec       ??_ECComModule@ATL@@UEAAPEAXI@Z 00000001800037ec f i SmartCardRW.obj
 0001:000027ec       ??_GCComModule@ATL@@UEAAPEAXI@Z 00000001800037ec f i SmartCardRW.obj
 0001:0000282c       ?Next@?$CComEnumImpl@UIEnumConnectionPoints@@$1?_GUID_b196b285_bab4_101a_b69c_00aa00341d07@@3U__s_GUID@@BPEAUIConnectionPoint@@V?$_CopyInterface@UIConnectionPoint@@@ATL@@@ATL@@UEAAJKPEAPEAUIConnectionPoint@@PEAK@Z 000000018000382c f i SmartCardRW.obj
 0001:000028f8       ?Skip@?$CComEnumImpl@UIEnumConnectionPoints@@$1?_GUID_b196b285_bab4_101a_b69c_00aa00341d07@@3U__s_GUID@@BPEAUIConnectionPoint@@V?$_CopyInterface@UIConnectionPoint@@@ATL@@@ATL@@UEAAJK@Z 00000001800038f8 f i SmartCardRW.obj
 0001:00002924       ?Reset@?$CComEnumImpl@UIEnumConnectionPoints@@$1?_GUID_b196b285_bab4_101a_b69c_00aa00341d07@@3U__s_GUID@@BPEAUIConnectionPoint@@V?$_CopyInterface@UIConnectionPoint@@@ATL@@@ATL@@UEAAJXZ 0000000180003924 f i SmartCardRW.obj
 0001:00002924       ?Reset@?$CComEnumImpl@UIEnumConnections@@$1?_GUID_b196b287_bab4_101a_b69c_00aa00341d07@@3U__s_GUID@@BUtagCONNECTDATA@@V?$_Copy@UtagCONNECTDATA@@@ATL@@@ATL@@UEAAJXZ 0000000180003924 f i SmartCardRW.obj
 0001:00002930       ?Clone@?$CComEnumImpl@UIEnumConnectionPoints@@$1?_GUID_b196b285_bab4_101a_b69c_00aa00341d07@@3U__s_GUID@@BPEAUIConnectionPoint@@V?$_CopyInterface@UIConnectionPoint@@@ATL@@@ATL@@UEAAJPEAPEAUIEnumConnectionPoints@@@Z 0000000180003930 f i SmartCardRW.obj
 0001:00002a5c       ?AddRef@?$CComObject@V?$CComEnum@UIEnumConnections@@$1?_GUID_b196b287_bab4_101a_b69c_00aa00341d07@@3U__s_GUID@@BUtagCONNECTDATA@@V?$_Copy@UtagCONNECTDATA@@@ATL@@VCComSingleThreadModel@6@@ATL@@@ATL@@UEAAKXZ 0000000180003a5c f i SmartCardRW.obj
 0001:00002a5c       ?AddRef@?$CComObject@V?$CComEnum@UIEnumConnectionPoints@@$1?_GUID_b196b285_bab4_101a_b69c_00aa00341d07@@3U__s_GUID@@BPEAUIConnectionPoint@@V?$_CopyInterface@UIConnectionPoint@@@ATL@@VCComSingleThreadModel@6@@ATL@@@ATL@@UEAAKXZ 0000000180003a5c f i SmartCardRW.obj
 0001:00002a68       ?Release@?$CComObject@V?$CComEnum@UIEnumConnections@@$1?_GUID_b196b287_bab4_101a_b69c_00aa00341d07@@3U__s_GUID@@BUtagCONNECTDATA@@V?$_Copy@UtagCONNECTDATA@@@ATL@@VCComSingleThreadModel@6@@ATL@@@ATL@@UEAAKXZ 0000000180003a68 f i SmartCardRW.obj
 0001:00002a68       ?Release@?$CComObject@V?$CComEnum@UIEnumConnectionPoints@@$1?_GUID_b196b285_bab4_101a_b69c_00aa00341d07@@3U__s_GUID@@BPEAUIConnectionPoint@@V?$_CopyInterface@UIConnectionPoint@@@ATL@@VCComSingleThreadModel@6@@ATL@@@ATL@@UEAAKXZ 0000000180003a68 f i SmartCardRW.obj
 0001:00002abc       ?QueryInterface@?$CComObject@V?$CComEnum@UIEnumConnectionPoints@@$1?_GUID_b196b285_bab4_101a_b69c_00aa00341d07@@3U__s_GUID@@BPEAUIConnectionPoint@@V?$_CopyInterface@UIConnectionPoint@@@ATL@@VCComSingleThreadModel@6@@ATL@@@ATL@@UEAAJAEBU_GUID@@PEAPEAX@Z 0000000180003abc f i SmartCardRW.obj
 0001:00002ad0       ??_E?$CComObject@V?$CComEnum@UIEnumConnectionPoints@@$1?_GUID_b196b285_bab4_101a_b69c_00aa00341d07@@3U__s_GUID@@BPEAUIConnectionPoint@@V?$_CopyInterface@UIConnectionPoint@@@ATL@@VCComSingleThreadModel@6@@ATL@@@ATL@@UEAAPEAXI@Z 0000000180003ad0 f i SmartCardRW.obj
 0001:00002ad0       ??_G?$CComObject@V?$CComEnum@UIEnumConnectionPoints@@$1?_GUID_b196b285_bab4_101a_b69c_00aa00341d07@@3U__s_GUID@@BPEAUIConnectionPoint@@V?$_CopyInterface@UIConnectionPoint@@@ATL@@VCComSingleThreadModel@6@@ATL@@@ATL@@UEAAPEAXI@Z 0000000180003ad0 f i SmartCardRW.obj
 0001:00002b28       ?AddReplacement@CRegObject@ATL@@UEAAJPEB_W0@Z 0000000180003b28 f i SmartCardRW.obj
 0001:00002b58       ?ClearReplacements@CRegObject@ATL@@UEAAJXZ 0000000180003b58 f i SmartCardRW.obj
 0001:00002b64       ??_ECRegObject@ATL@@UEAAPEAXI@Z 0000000180003b64 f i SmartCardRW.obj
 0001:00002b64       ??_GCRegObject@ATL@@UEAAPEAXI@Z 0000000180003b64 f i SmartCardRW.obj
 0001:00002be4       ?AddRef@?$CComAggObject@VCOPOSSmartCardRW@@@ATL@@UEAAKXZ 0000000180003be4 f i SmartCardRW.obj
 0001:00002bf0       ?Release@?$CComAggObject@VCOPOSSmartCardRW@@@ATL@@UEAAKXZ 0000000180003bf0 f i SmartCardRW.obj
 0001:00002c44       ?QueryInterface@?$CComAggObject@VCOPOSSmartCardRW@@@ATL@@UEAAJAEBU_GUID@@PEAPEAX@Z 0000000180003c44 f i SmartCardRW.obj
 0001:00002ca4       ?AddRef@?$CComContainedObject@VCOPOSSmartCardRW@@@ATL@@UEAAKXZ 0000000180003ca4 f i SmartCardRW.obj
 0001:00002cb4       ?Release@?$CComContainedObject@VCOPOSSmartCardRW@@@ATL@@UEAAKXZ 0000000180003cb4 f i SmartCardRW.obj
 0001:00002cc4       ?QueryInterface@?$CComContainedObject@VCOPOSSmartCardRW@@@ATL@@UEAAJAEBU_GUID@@PEAPEAX@Z 0000000180003cc4 f i SmartCardRW.obj
 0001:00002cd4       ??_G?$CComAggObject@VCOPOSSmartCardRW@@@ATL@@UEAAPEAXI@Z 0000000180003cd4 f i SmartCardRW.obj
 0001:00002cd4       ??_E?$CComAggObject@VCOPOSSmartCardRW@@@ATL@@UEAAPEAXI@Z 0000000180003cd4 f i SmartCardRW.obj
 0001:00002d2c       ?AddRef@?$CComObject@VCOPOSSmartCardRW@@@ATL@@UEAAKXZ 0000000180003d2c f i SmartCardRW.obj
 0001:00002d3c       ?Release@?$CComObject@VCOPOSSmartCardRW@@@ATL@@UEAAKXZ 0000000180003d3c f i SmartCardRW.obj
 0001:00002d94       ?QueryInterface@?$CComObject@VCOPOSSmartCardRW@@@ATL@@UEAAJAEBU_GUID@@PEAPEAX@Z 0000000180003d94 f i SmartCardRW.obj
 0001:00002da8       ?OnDrawAdvanced@CComControlBase@ATL@@UEAAJAEAUATL_DRAWINFO@@@Z 0000000180003da8 f i SmartCardRW.obj
 0001:00002f34       ?Next@?$CComEnumImpl@UIEnumConnections@@$1?_GUID_b196b287_bab4_101a_b69c_00aa00341d07@@3U__s_GUID@@BUtagCONNECTDATA@@V?$_Copy@UtagCONNECTDATA@@@ATL@@@ATL@@UEAAJKPEAUtagCONNECTDATA@@PEAK@Z 0000000180003f34 f i SmartCardRW.obj
 0001:00003008       ?Skip@?$CComEnumImpl@UIEnumConnections@@$1?_GUID_b196b287_bab4_101a_b69c_00aa00341d07@@3U__s_GUID@@BUtagCONNECTDATA@@V?$_Copy@UtagCONNECTDATA@@@ATL@@@ATL@@UEAAJK@Z 0000000180004008 f i SmartCardRW.obj
 0001:00003034       ?Clone@?$CComEnumImpl@UIEnumConnections@@$1?_GUID_b196b287_bab4_101a_b69c_00aa00341d07@@3U__s_GUID@@BUtagCONNECTDATA@@V?$_Copy@UtagCONNECTDATA@@@ATL@@@ATL@@UEAAJPEAPEAUIEnumConnections@@@Z 0000000180004034 f i SmartCardRW.obj
 0001:00003160       ?QueryInterface@?$CComObject@V?$CComEnum@UIEnumConnections@@$1?_GUID_b196b287_bab4_101a_b69c_00aa00341d07@@3U__s_GUID@@BUtagCONNECTDATA@@V?$_Copy@UtagCONNECTDATA@@@ATL@@VCComSingleThreadModel@6@@ATL@@@ATL@@UEAAJAEBU_GUID@@PEAPEAX@Z 0000000180004160 f i SmartCardRW.obj
 0001:00003174       ??_E?$CComObject@V?$CComEnum@UIEnumConnections@@$1?_GUID_b196b287_bab4_101a_b69c_00aa00341d07@@3U__s_GUID@@BUtagCONNECTDATA@@V?$_Copy@UtagCONNECTDATA@@@ATL@@VCComSingleThreadModel@6@@ATL@@@ATL@@UEAAPEAXI@Z 0000000180004174 f i SmartCardRW.obj
 0001:00003174       ??_G?$CComObject@V?$CComEnum@UIEnumConnections@@$1?_GUID_b196b287_bab4_101a_b69c_00aa00341d07@@3U__s_GUID@@BUtagCONNECTDATA@@V?$_Copy@UtagCONNECTDATA@@@ATL@@VCComSingleThreadModel@6@@ATL@@@ATL@@UEAAPEAXI@Z 0000000180004174 f i SmartCardRW.obj
 0001:000031cc       ??_E?$CComObject@VCOPOSSmartCardRW@@@ATL@@W7EAAPEAXI@Z 00000001800041cc f i SmartCardRW.obj
 0001:000031d8       ??_E?$CComObject@VCOPOSSmartCardRW@@@ATL@@WHA@EAAPEAXI@Z 00000001800041d8 f i SmartCardRW.obj
 0001:000031e4       ?QueryInterface@?$CComObject@VCOPOSSmartCardRW@@@ATL@@WLI@EAAJAEBU_GUID@@PEAPEAX@Z 00000001800041e4 f i SmartCardRW.obj
 0001:000031f0       ?AddRef@?$CComObject@VCOPOSSmartCardRW@@@ATL@@WLI@EAAKXZ 00000001800041f0 f i SmartCardRW.obj
 0001:000031fc       ?Release@?$CComObject@VCOPOSSmartCardRW@@@ATL@@WLI@EAAKXZ 00000001800041fc f i SmartCardRW.obj
 0001:00003208       ?QueryInterface@?$CComObject@VCOPOSSmartCardRW@@@ATL@@WMA@EAAJAEBU_GUID@@PEAPEAX@Z 0000000180004208 f i SmartCardRW.obj
 0001:00003214       ?AddRef@?$CComObject@VCOPOSSmartCardRW@@@ATL@@WMA@EAAKXZ 0000000180004214 f i SmartCardRW.obj
 0001:00003220       ?Release@?$CComObject@VCOPOSSmartCardRW@@@ATL@@WMA@EAAKXZ 0000000180004220 f i SmartCardRW.obj
 0001:0000322c       ?QueryInterface@?$CComObject@VCOPOSSmartCardRW@@@ATL@@WMI@EAAJAEBU_GUID@@PEAPEAX@Z 000000018000422c f i SmartCardRW.obj
 0001:00003238       ?AddRef@?$CComObject@VCOPOSSmartCardRW@@@ATL@@WMI@EAAKXZ 0000000180004238 f i SmartCardRW.obj
 0001:00003244       ?Release@?$CComObject@VCOPOSSmartCardRW@@@ATL@@WMI@EAAKXZ 0000000180004244 f i SmartCardRW.obj
 0001:00003250       ?QueryInterface@?$CComObject@VCOPOSSmartCardRW@@@ATL@@WNA@EAAJAEBU_GUID@@PEAPEAX@Z 0000000180004250 f i SmartCardRW.obj
 0001:0000325c       ?AddRef@?$CComObject@VCOPOSSmartCardRW@@@ATL@@WNA@EAAKXZ 000000018000425c f i SmartCardRW.obj
 0001:00003268       ?Release@?$CComObject@VCOPOSSmartCardRW@@@ATL@@WNA@EAAKXZ 0000000180004268 f i SmartCardRW.obj
 0001:00003274       ?QueryInterface@?$CComObject@VCOPOSSmartCardRW@@@ATL@@WNI@EAAJAEBU_GUID@@PEAPEAX@Z 0000000180004274 f i SmartCardRW.obj
 0001:00003280       ?AddRef@?$CComObject@VCOPOSSmartCardRW@@@ATL@@WNI@EAAKXZ 0000000180004280 f i SmartCardRW.obj
 0001:0000328c       ?Release@?$CComObject@VCOPOSSmartCardRW@@@ATL@@WNI@EAAKXZ 000000018000428c f i SmartCardRW.obj
 0001:00003298       ?QueryInterface@?$CComObject@VCOPOSSmartCardRW@@@ATL@@WOA@EAAJAEBU_GUID@@PEAPEAX@Z 0000000180004298 f i SmartCardRW.obj
 0001:000032a4       ?AddRef@?$CComObject@VCOPOSSmartCardRW@@@ATL@@WOA@EAAKXZ 00000001800042a4 f i SmartCardRW.obj
 0001:000032b0       ?Release@?$CComObject@VCOPOSSmartCardRW@@@ATL@@WOA@EAAKXZ 00000001800042b0 f i SmartCardRW.obj
 0001:000032bc       ?QueryInterface@?$CComObject@VCOPOSSmartCardRW@@@ATL@@WOI@EAAJAEBU_GUID@@PEAPEAX@Z 00000001800042bc f i SmartCardRW.obj
 0001:000032c8       ?AddRef@?$CComObject@VCOPOSSmartCardRW@@@ATL@@WOI@EAAKXZ 00000001800042c8 f i SmartCardRW.obj
 0001:000032d4       ?Release@?$CComObject@VCOPOSSmartCardRW@@@ATL@@WOI@EAAKXZ 00000001800042d4 f i SmartCardRW.obj
 0001:000032e0       ?QueryInterface@?$CComObject@VCOPOSSmartCardRW@@@ATL@@WPA@EAAJAEBU_GUID@@PEAPEAX@Z 00000001800042e0 f i SmartCardRW.obj
 0001:000032ec       ?AddRef@?$CComObject@VCOPOSSmartCardRW@@@ATL@@WPA@EAAKXZ 00000001800042ec f i SmartCardRW.obj
 0001:000032f8       ?Release@?$CComObject@VCOPOSSmartCardRW@@@ATL@@WPA@EAAKXZ 00000001800042f8 f i SmartCardRW.obj
 0001:00003304       ?QueryInterface@?$CComObject@VCOPOSSmartCardRW@@@ATL@@WPI@EAAJAEBU_GUID@@PEAPEAX@Z 0000000180004304 f i SmartCardRW.obj
 0001:00003310       ?AddRef@?$CComObject@VCOPOSSmartCardRW@@@ATL@@WPI@EAAKXZ 0000000180004310 f i SmartCardRW.obj
 0001:0000331c       ?Release@?$CComObject@VCOPOSSmartCardRW@@@ATL@@WPI@EAAKXZ 000000018000431c f i SmartCardRW.obj
 0001:00003328       ?QueryInterface@?$CComObject@VCOPOSSmartCardRW@@@ATL@@WBAA@EAAJAEBU_GUID@@PEAPEAX@Z 0000000180004328 f i SmartCardRW.obj
 0001:00003334       ?AddRef@?$CComObject@VCOPOSSmartCardRW@@@ATL@@WBAA@EAAKXZ 0000000180004334 f i SmartCardRW.obj
 0001:00003340       ?Release@?$CComObject@VCOPOSSmartCardRW@@@ATL@@WBAA@EAAKXZ 0000000180004340 f i SmartCardRW.obj
 0001:0000334c       ?QueryInterface@?$CComObject@VCOPOSSmartCardRW@@@ATL@@WBAI@EAAJAEBU_GUID@@PEAPEAX@Z 000000018000434c f i SmartCardRW.obj
 0001:00003358       ?AddRef@?$CComObject@VCOPOSSmartCardRW@@@ATL@@WBAI@EAAKXZ 0000000180004358 f i SmartCardRW.obj
 0001:00003364       ?Release@?$CComObject@VCOPOSSmartCardRW@@@ATL@@WBAI@EAAKXZ 0000000180004364 f i SmartCardRW.obj
 0001:00003370       ?QueryInterface@?$CComObject@VCOPOSSmartCardRW@@@ATL@@WBBA@EAAJAEBU_GUID@@PEAPEAX@Z 0000000180004370 f i SmartCardRW.obj
 0001:0000337c       ?AddRef@?$CComObject@VCOPOSSmartCardRW@@@ATL@@WBBA@EAAKXZ 000000018000437c f i SmartCardRW.obj
 0001:00003388       ?Release@?$CComObject@VCOPOSSmartCardRW@@@ATL@@WBBA@EAAKXZ 0000000180004388 f i SmartCardRW.obj
 0001:00003394       ?QueryInterface@?$CComObject@VCOPOSSmartCardRW@@@ATL@@WBBI@EAAJAEBU_GUID@@PEAPEAX@Z 0000000180004394 f i SmartCardRW.obj
 0001:000033a0       ?AddRef@?$CComObject@VCOPOSSmartCardRW@@@ATL@@WBBI@EAAKXZ 00000001800043a0 f i SmartCardRW.obj
 0001:000033ac       ?Release@?$CComObject@VCOPOSSmartCardRW@@@ATL@@WBBI@EAAKXZ 00000001800043ac f i SmartCardRW.obj
 0001:000033b8       ?AddRef@?$CComObject@VCOPOSSmartCardRW@@@ATL@@WBCI@EAAKXZ 00000001800043b8 f i SmartCardRW.obj
 0001:000033c4       ?Release@?$CComObject@VCOPOSSmartCardRW@@@ATL@@WBCI@EAAKXZ 00000001800043c4 f i SmartCardRW.obj
 0001:000033d0       ?AddRef@?$CComObject@VCOPOSSmartCardRW@@@ATL@@WBEA@EAAKXZ 00000001800043d0 f i SmartCardRW.obj
 0001:000033dc       ?Release@?$CComObject@VCOPOSSmartCardRW@@@ATL@@WBEA@EAAKXZ 00000001800043dc f i SmartCardRW.obj
 0001:000033e8       ??_E?$CComContainedObject@VCOPOSSmartCardRW@@@ATL@@W7EAAPEAXI@Z 00000001800043e8 f i SmartCardRW.obj
 0001:000033f4       ??_E?$CComContainedObject@VCOPOSSmartCardRW@@@ATL@@WHA@EAAPEAXI@Z 00000001800043f4 f i SmartCardRW.obj
 0001:00003400       ?QueryInterface@?$CComContainedObject@VCOPOSSmartCardRW@@@ATL@@WLI@EAAJAEBU_GUID@@PEAPEAX@Z 0000000180004400 f i SmartCardRW.obj
 0001:0000340c       ?AddRef@?$CComContainedObject@VCOPOSSmartCardRW@@@ATL@@WLI@EAAKXZ 000000018000440c f i SmartCardRW.obj
 0001:00003418       ?Release@?$CComContainedObject@VCOPOSSmartCardRW@@@ATL@@WLI@EAAKXZ 0000000180004418 f i SmartCardRW.obj
 0001:00003424       ?QueryInterface@?$CComContainedObject@VCOPOSSmartCardRW@@@ATL@@WMA@EAAJAEBU_GUID@@PEAPEAX@Z 0000000180004424 f i SmartCardRW.obj
 0001:00003430       ?AddRef@?$CComContainedObject@VCOPOSSmartCardRW@@@ATL@@WMA@EAAKXZ 0000000180004430 f i SmartCardRW.obj
 0001:0000343c       ?Release@?$CComContainedObject@VCOPOSSmartCardRW@@@ATL@@WMA@EAAKXZ 000000018000443c f i SmartCardRW.obj
 0001:00003448       ?QueryInterface@?$CComContainedObject@VCOPOSSmartCardRW@@@ATL@@WMI@EAAJAEBU_GUID@@PEAPEAX@Z 0000000180004448 f i SmartCardRW.obj
 0001:00003454       ?AddRef@?$CComContainedObject@VCOPOSSmartCardRW@@@ATL@@WMI@EAAKXZ 0000000180004454 f i SmartCardRW.obj
 0001:00003460       ?Release@?$CComContainedObject@VCOPOSSmartCardRW@@@ATL@@WMI@EAAKXZ 0000000180004460 f i SmartCardRW.obj
 0001:0000346c       ?QueryInterface@?$CComContainedObject@VCOPOSSmartCardRW@@@ATL@@WNA@EAAJAEBU_GUID@@PEAPEAX@Z 000000018000446c f i SmartCardRW.obj
 0001:00003478       ?AddRef@?$CComContainedObject@VCOPOSSmartCardRW@@@ATL@@WNA@EAAKXZ 0000000180004478 f i SmartCardRW.obj
 0001:00003484       ?Release@?$CComContainedObject@VCOPOSSmartCardRW@@@ATL@@WNA@EAAKXZ 0000000180004484 f i SmartCardRW.obj
 0001:00003490       ?QueryInterface@?$CComContainedObject@VCOPOSSmartCardRW@@@ATL@@WNI@EAAJAEBU_GUID@@PEAPEAX@Z 0000000180004490 f i SmartCardRW.obj
 0001:0000349c       ?AddRef@?$CComContainedObject@VCOPOSSmartCardRW@@@ATL@@WNI@EAAKXZ 000000018000449c f i SmartCardRW.obj
 0001:000034a8       ?Release@?$CComContainedObject@VCOPOSSmartCardRW@@@ATL@@WNI@EAAKXZ 00000001800044a8 f i SmartCardRW.obj
 0001:000034b4       ?QueryInterface@?$CComContainedObject@VCOPOSSmartCardRW@@@ATL@@WOA@EAAJAEBU_GUID@@PEAPEAX@Z 00000001800044b4 f i SmartCardRW.obj
 0001:000034c0       ?AddRef@?$CComContainedObject@VCOPOSSmartCardRW@@@ATL@@WOA@EAAKXZ 00000001800044c0 f i SmartCardRW.obj
 0001:000034cc       ?Release@?$CComContainedObject@VCOPOSSmartCardRW@@@ATL@@WOA@EAAKXZ 00000001800044cc f i SmartCardRW.obj
 0001:000034d8       ?QueryInterface@?$CComContainedObject@VCOPOSSmartCardRW@@@ATL@@WOI@EAAJAEBU_GUID@@PEAPEAX@Z 00000001800044d8 f i SmartCardRW.obj
 0001:000034e4       ?AddRef@?$CComContainedObject@VCOPOSSmartCardRW@@@ATL@@WOI@EAAKXZ 00000001800044e4 f i SmartCardRW.obj
 0001:000034f0       ?Release@?$CComContainedObject@VCOPOSSmartCardRW@@@ATL@@WOI@EAAKXZ 00000001800044f0 f i SmartCardRW.obj
 0001:000034fc       ?QueryInterface@?$CComContainedObject@VCOPOSSmartCardRW@@@ATL@@WPA@EAAJAEBU_GUID@@PEAPEAX@Z 00000001800044fc f i SmartCardRW.obj
 0001:00003508       ?AddRef@?$CComContainedObject@VCOPOSSmartCardRW@@@ATL@@WPA@EAAKXZ 0000000180004508 f i SmartCardRW.obj
 0001:00003514       ?Release@?$CComContainedObject@VCOPOSSmartCardRW@@@ATL@@WPA@EAAKXZ 0000000180004514 f i SmartCardRW.obj
 0001:00003520       ?QueryInterface@?$CComContainedObject@VCOPOSSmartCardRW@@@ATL@@WPI@EAAJAEBU_GUID@@PEAPEAX@Z 0000000180004520 f i SmartCardRW.obj
 0001:0000352c       ?AddRef@?$CComContainedObject@VCOPOSSmartCardRW@@@ATL@@WPI@EAAKXZ 000000018000452c f i SmartCardRW.obj
 0001:00003538       ?Release@?$CComContainedObject@VCOPOSSmartCardRW@@@ATL@@WPI@EAAKXZ 0000000180004538 f i SmartCardRW.obj
 0001:00003544       ?QueryInterface@?$CComContainedObject@VCOPOSSmartCardRW@@@ATL@@WBAA@EAAJAEBU_GUID@@PEAPEAX@Z 0000000180004544 f i SmartCardRW.obj
 0001:00003550       ?AddRef@?$CComContainedObject@VCOPOSSmartCardRW@@@ATL@@WBAA@EAAKXZ 0000000180004550 f i SmartCardRW.obj
 0001:0000355c       ?Release@?$CComContainedObject@VCOPOSSmartCardRW@@@ATL@@WBAA@EAAKXZ 000000018000455c f i SmartCardRW.obj
 0001:00003568       ?QueryInterface@?$CComContainedObject@VCOPOSSmartCardRW@@@ATL@@WBAI@EAAJAEBU_GUID@@PEAPEAX@Z 0000000180004568 f i SmartCardRW.obj
 0001:00003574       ?AddRef@?$CComContainedObject@VCOPOSSmartCardRW@@@ATL@@WBAI@EAAKXZ 0000000180004574 f i SmartCardRW.obj
 0001:00003580       ?Release@?$CComContainedObject@VCOPOSSmartCardRW@@@ATL@@WBAI@EAAKXZ 0000000180004580 f i SmartCardRW.obj
 0001:0000358c       ?QueryInterface@?$CComContainedObject@VCOPOSSmartCardRW@@@ATL@@WBBA@EAAJAEBU_GUID@@PEAPEAX@Z 000000018000458c f i SmartCardRW.obj
 0001:00003598       ?AddRef@?$CComContainedObject@VCOPOSSmartCardRW@@@ATL@@WBBA@EAAKXZ 0000000180004598 f i SmartCardRW.obj
 0001:000035a4       ?Release@?$CComContainedObject@VCOPOSSmartCardRW@@@ATL@@WBBA@EAAKXZ 00000001800045a4 f i SmartCardRW.obj
 0001:000035b0       ?QueryInterface@?$CComContainedObject@VCOPOSSmartCardRW@@@ATL@@WBBI@EAAJAEBU_GUID@@PEAPEAX@Z 00000001800045b0 f i SmartCardRW.obj
 0001:000035bc       ?AddRef@?$CComContainedObject@VCOPOSSmartCardRW@@@ATL@@WBBI@EAAKXZ 00000001800045bc f i SmartCardRW.obj
 0001:000035c8       ?Release@?$CComContainedObject@VCOPOSSmartCardRW@@@ATL@@WBBI@EAAKXZ 00000001800045c8 f i SmartCardRW.obj
 0001:000035d4       ?AddRef@?$CComContainedObject@VCOPOSSmartCardRW@@@ATL@@WBCI@EAAKXZ 00000001800045d4 f i SmartCardRW.obj
 0001:000035e0       ?Release@?$CComContainedObject@VCOPOSSmartCardRW@@@ATL@@WBCI@EAAKXZ 00000001800045e0 f i SmartCardRW.obj
 0001:000035ec       ?AddRef@?$CComContainedObject@VCOPOSSmartCardRW@@@ATL@@WBEA@EAAKXZ 00000001800045ec f i SmartCardRW.obj
 0001:000035f8       ?Release@?$CComContainedObject@VCOPOSSmartCardRW@@@ATL@@WBEA@EAAKXZ 00000001800045f8 f i SmartCardRW.obj
 0001:00003604       ?CreateInstance@CComClassFactory@ATL@@UEAAJPEAUIUnknown@@AEBU_GUID@@PEAPEAX@Z 0000000180004604 f i SmartCardRW.obj
 0001:00003664       ?LockServer@CComClassFactory@ATL@@UEAAJH@Z 0000000180004664 f i SmartCardRW.obj
 0001:00003688       ??_ECComClassFactory@ATL@@UEAAPEAXI@Z 0000000180004688 f i SmartCardRW.obj
 0001:00003688       ??_GCComClassFactory@ATL@@UEAAPEAXI@Z 0000000180004688 f i SmartCardRW.obj
 0001:000036d8       ??$AtlModuleRegisterWndClassInfoT@VAtlModuleRegisterWndClassInfoParamW@ATL@@@ATL@@YAGPEAU_ATL_BASE_MODULE70@0@PEAU_ATL_WIN_MODULE70@0@PEAU_ATL_WNDCLASSINFOW@0@PEAP6A_JPEAUHWND__@@I_K_J@ZVAtlModuleRegisterWndClassInfoParamW@0@@Z 00000001800046d8 f i SmartCardRW.obj
 0001:000038d8       ??0?$CComContainedObject@VCOPOSSmartCardRW@@@ATL@@QEAA@PEAX@Z 00000001800048d8 f i SmartCardRW.obj
 0001:000039f4       ??0?$CComObject@VCOPOSSmartCardRW@@@ATL@@QEAA@PEAX@Z 00000001800049f4 f i SmartCardRW.obj
 0001:00003b0c       ??0CAtlModule@ATL@@QEAA@XZ 0000000180004b0c f i SmartCardRW.obj
 0001:00003b80       ??1?$CComEnumImpl@UIEnumConnectionPoints@@$1?_GUID_b196b285_bab4_101a_b69c_00aa00341d07@@3U__s_GUID@@BPEAUIConnectionPoint@@V?$_CopyInterface@UIConnectionPoint@@@ATL@@@ATL@@UEAA@XZ 0000000180004b80 f i SmartCardRW.obj
 0001:00003bdc       ??1?$CComEnumImpl@UIEnumConnections@@$1?_GUID_b196b287_bab4_101a_b69c_00aa00341d07@@3U__s_GUID@@BUtagCONNECTDATA@@V?$_Copy@UtagCONNECTDATA@@@ATL@@@ATL@@UEAA@XZ 0000000180004bdc f i SmartCardRW.obj
 0001:00003c38       ??1?$CComObject@VCOPOSSmartCardRW@@@ATL@@UEAA@XZ 0000000180004c38 f i SmartCardRW.obj
 0001:00003d58       ??_E?$CComContainedObject@VCOPOSSmartCardRW@@@ATL@@UEAAPEAXI@Z 0000000180004d58 f i SmartCardRW.obj
 0001:00003d58       ??_G?$CComContainedObject@VCOPOSSmartCardRW@@@ATL@@UEAAPEAXI@Z 0000000180004d58 f i SmartCardRW.obj
 0001:00003d8c       ??_G?$CComObject@VCOPOSSmartCardRW@@@ATL@@UEAAPEAXI@Z 0000000180004d8c f i SmartCardRW.obj
 0001:00003d8c       ??_E?$CComObject@VCOPOSSmartCardRW@@@ATL@@UEAAPEAXI@Z 0000000180004d8c f i SmartCardRW.obj
 0001:00003dc0       ?Add@?$CSimpleArray@GV?$CSimpleArrayEqualHelper@G@ATL@@@ATL@@QEAAHAEBG@Z 0000000180004dc0 f i SmartCardRW.obj
 0001:00003e74       ?Add@?$CSimpleMap@PEA_WPEA_WVCExpansionVectorEqualHelper@ATL@@@ATL@@QEAAHAEBQEA_W0@Z 0000000180004e74 f i SmartCardRW.obj
 0001:00003f14       ?Add@CComDynamicUnkArray@ATL@@QEAAKPEAUIUnknown@@@Z 0000000180004f14 f i SmartCardRW.obj
 0001:00004000       ?Add@CExpansionVector@ATL@@QEAAHPEB_W0@Z 0000000180005000 f i SmartCardRW.obj
 0001:00004134       ?AddTermFunc@CAtlModule@ATL@@QEAAJP6AX_K@Z0@Z 0000000180005134 f i SmartCardRW.obj
 0001:000041d0       ?AddValue@CRegParser@ATL@@IEAAJAEAVCRegKey@2@PEB_WPEA_W@Z 00000001800051d0 f i SmartCardRW.obj
 0001:00004618       ?AllocateHeap@?$CTempBuffer@_W$0BAA@VCCRTAllocator@ATL@@@ATL@@AEAAX_K@Z 0000000180005618 f i SmartCardRW.obj
 0001:00004618       ?AllocateHeap@?$CTempBuffer@_W$0EAA@VCCRTAllocator@ATL@@@ATL@@AEAAX_K@Z 0000000180005618 f i SmartCardRW.obj
 0001:00004618       ?AllocateHeap@?$CTempBuffer@E$0BAA@VCCRTAllocator@ATL@@@ATL@@AEAAX_K@Z 0000000180005618 f i SmartCardRW.obj
 0001:00004644       ?Append@CParseBuffer@CRegParser@ATL@@QEAAHPEB_WH@Z 0000000180005644 f i SmartCardRW.obj
 0001:0000478c       ?AtlComModuleGetClassObject@ATL@@YAJPEAU_ATL_COM_MODULE70@1@AEBU_GUID@@1PEAPEAX@Z 000000018000578c f i SmartCardRW.obj
 0001:000048cc       ?AtlComModuleRegisterServer@ATL@@YAJPEAU_ATL_COM_MODULE70@1@HPEBU_GUID@@@Z 00000001800058cc f i SmartCardRW.obj
 0001:0000498c       ?AtlComModuleUnregisterServer@ATL@@YAJPEAU_ATL_COM_MODULE70@1@HPEBU_GUID@@@Z 000000018000598c f i SmartCardRW.obj
 0001:00004a48       ?AtlHiMetricToPixel@ATL@@YAXPEBUtagSIZE@@PEAU2@@Z 0000000180005a48 f i SmartCardRW.obj
 0001:00004af8       ?AtlHresultFromLastError@ATL@@YAJXZ 0000000180005af8 f i SmartCardRW.obj
 0001:00004b18       ?AtlHresultFromWin32@ATL@@YAJK@Z 0000000180005b18 f i SmartCardRW.obj
 0001:00004b28       ?AtlInternalOleLoadFromStream@ATL@@YAJPEAUIStream@@AEBU_GUID@@PEAPEAXTClassesAllowedInStream@1@K@Z 0000000180005b28 f i SmartCardRW.obj
 0001:00004c6c       ?AtlInternalQueryInterface@ATL@@YAJPEAXPEBU_ATL_INTMAP_ENTRY@1@AEBU_GUID@@PEAPEAX@Z 0000000180005c6c f i SmartCardRW.obj
 0001:00004d74       ?AtlLoadTypeLib@ATL@@YAJPEAUHINSTANCE__@@PEB_WPEAPEA_WPEAPEAUITypeLib@@@Z 0000000180005d74 f i SmartCardRW.obj
 0001:00004fd0       ?AtlRegisterClassCategoriesHelper@ATL@@YAJAEBU_GUID@@PEBU_ATL_CATMAP_ENTRY@1@H@Z 0000000180005fd0 f i SmartCardRW.obj
 0001:00005454       ?AtlRegisterTypeLib@ATL@@YAJPEAUHINSTANCE__@@PEB_W@Z 0000000180006454 f i SmartCardRW.obj
 0001:00005650       ?AtlThrowImpl@ATL@@YAXJ@Z  0000000180006650 f i SmartCardRW.obj
 0001:00005674       ?AtlUnRegisterTypeLib@ATL@@YAJPEAUHINSTANCE__@@PEB_W@Z 0000000180006674 f i SmartCardRW.obj
 0001:0000573c       ?AtlWinModuleExtractCreateWndData@ATL@@YAPEAXPEAU_ATL_WIN_MODULE70@1@@Z 000000018000673c f i SmartCardRW.obj
 0001:000057c8       ?Cleanup@CComTypeInfoHolder@ATL@@SAX_K@Z 00000001800067c8 f i SmartCardRW.obj
 0001:00005808       ?ClearReplacements@CExpansionVector@ATL@@QEAAJXZ 0000000180006808 f i SmartCardRW.obj
 0001:000058a4       ?CreateInstance@?$CComCreator@V?$CComAggObject@VCOPOSSmartCardRW@@@ATL@@@ATL@@SAJPEAXAEBU_GUID@@PEAPEAX@Z 00000001800068a4 f i SmartCardRW.obj
 0001:00005988       ?CreateInstance@?$CComCreator@V?$CComObject@VCOPOSSmartCardRW@@@ATL@@@ATL@@SAJPEAXAEBU_GUID@@PEAPEAX@Z 0000000180006988 f i SmartCardRW.obj
 0001:00005a3c       ?CreateInstance@?$CComObject@V?$CComEnum@UIEnumConnectionPoints@@$1?_GUID_b196b285_bab4_101a_b69c_00aa00341d07@@3U__s_GUID@@BPEAUIConnectionPoint@@V?$_CopyInterface@UIConnectionPoint@@@ATL@@VCComSingleThreadModel@6@@ATL@@@ATL@@SAJPEAPEAV12@@Z 0000000180006a3c f i SmartCardRW.obj
 0001:00005acc       ?CreateInstance@?$CComObject@V?$CComEnum@UIEnumConnections@@$1?_GUID_b196b287_bab4_101a_b69c_00aa00341d07@@3U__s_GUID@@BUtagCONNECTDATA@@V?$_Copy@UtagCONNECTDATA@@@ATL@@VCComSingleThreadModel@6@@ATL@@@ATL@@SAJPEAPEAV12@@Z 0000000180006acc f i SmartCardRW.obj
 0001:00005b5c       ?DefaultReflectionHandler@?$CWindowImplRoot@VCWindow@ATL@@@ATL@@SAHPEAUHWND__@@I_K_JAEA_J@Z 0000000180006b5c f i SmartCardRW.obj
 0001:00005bc0       ?DeleteSubKey@CRegKey@ATL@@QEAAJPEB_W@Z 0000000180006bc0 f i SmartCardRW.obj
 0001:00005c58       ?DoEvent@COPOSSmartCardRW@@IEAAXI_K_J@Z 0000000180006c58 f i SmartCardRW.obj
 0001:00005d0c       ?DoVerbPrimary@?$IOleObjectImpl@VCOPOSSmartCardRW@@@ATL@@QEAAJPEBUtagRECT@@PEAUHWND__@@@Z 0000000180006d0c f i SmartCardRW.obj
 0001:00005e38       ?DoVerbProperties@CComControlBase@ATL@@QEAAJPEBUtagRECT@@PEAUHWND__@@@Z 0000000180006e38 f i SmartCardRW.obj
 0001:00006060       ?FireTheEvent@?$CProxy_IOPOSEvents@VCOPOSSmartCardRW@@@@IEAAXPEAVOposVariant@@IAEAJPEB_WJ@Z 0000000180007060 f i SmartCardRW.obj
 0001:0000614c       ?FireViewChange@CComControlBase@ATL@@QEAAJXZ 000000018000714c f i SmartCardRW.obj
 0001:000061b0       ?Fire_DataEvent@?$CProxy_IOPOSEvents@VCOPOSSmartCardRW@@@@QEAAXJ@Z 00000001800071b0 f i SmartCardRW.obj
 0001:0000629c       ?Fire_DirectIOEvent@?$CProxy_IOPOSEvents@VCOPOSSmartCardRW@@@@QEAAXJPEAJPEAPEA_W@Z 000000018000729c f i SmartCardRW.obj
 0001:000063fc       ?Fire_ErrorEvent@?$CProxy_IOPOSEvents@VCOPOSSmartCardRW@@@@QEAAXJJJPEAJ@Z 00000001800073fc f i SmartCardRW.obj
 0001:00006570       ?Fire_OutputCompleteEvent@?$CProxy_IOPOSEvents@VCOPOSSmartCardRW@@@@QEAAXJ@Z 0000000180007570 f i SmartCardRW.obj
 0001:0000665c       ?Fire_StatusUpdateEvent@?$CProxy_IOPOSEvents@VCOPOSSmartCardRW@@@@QEAAXJ@Z 000000018000765c f i SmartCardRW.obj
 0001:00006748       ?FreeHeap@?$CTempBuffer@E$0BAA@VCCRTAllocator@ATL@@@ATL@@AEAAXXZ 0000000180007748 f i SmartCardRW.obj
 0001:00006748       ?FreeHeap@?$CTempBuffer@_W$0EAA@VCCRTAllocator@ATL@@@ATL@@AEAAXXZ 0000000180007748 f i SmartCardRW.obj
 0001:00006748       ?FreeHeap@?$CTempBuffer@_W$0BAA@VCCRTAllocator@ATL@@@ATL@@AEAAXXZ 0000000180007748 f i SmartCardRW.obj
 0001:00006750       ?GetAmbientLocaleID@CComControlBase@ATL@@QEAAJAEAK@Z 0000000180007750 f i SmartCardRW.obj
 0001:00006810       ?GetAmbientUserMode@CComControlBase@ATL@@QEAAJAEAH@Z 0000000180007810 f i SmartCardRW.obj
 0001:000068e0       ?GetClassObject@CComModule@ATL@@QEAAJAEBU_GUID@@0PEAPEAX@Z 00000001800078e0 f i SmartCardRW.obj
 0001:000069d4       ?GetConnMap@COPOSSmartCardRW@@SAPEBU_ATL_CONNMAP_ENTRY@ATL@@PEAH@Z 00000001800079d4 f i SmartCardRW.obj
 0001:00006a5c       ?GetIDsOfNames@CComTypeInfoHolder@ATL@@QEAAJAEBU_GUID@@PEAPEA_WIKPEAJ@Z 0000000180007a5c f i SmartCardRW.obj
 0001:00006bd4       ?GetPagesHelper@?$ISpecifyPropertyPagesImpl@VCOPOSSmartCardRW@@@ATL@@IEAAJPEAUtagCAUUID@@PEBUATL_PROPMAP_ENTRY@2@@Z 0000000180007bd4 f i SmartCardRW.obj
 0001:00006d74       ?GetSizeMax@CComVariant@ATL@@QEBAJPEAT_ULARGE_INTEGER@@@Z 0000000180007d74 f i SmartCardRW.obj
 0001:00006fa4       ?GetTI@CComTypeInfoHolder@ATL@@QEAAJK@Z 0000000180007fa4 f i SmartCardRW.obj
 0001:0000728c       ?GetZoomInfo@CComControlBase@ATL@@QEAAXAEAUATL_DRAWINFO@@@Z 000000018000828c f i SmartCardRW.obj
 0001:00007330       ?HKeyFromString@CRegParser@ATL@@KAPEAUHKEY__@@PEA_W@Z 0000000180008330 f i SmartCardRW.obj
 0001:00007394       ?IDataObject_GetData@CComControlBase@ATL@@QEAAJPEAUtagFORMATETC@@PEAUtagSTGMEDIUM@@@Z 0000000180008394 f i SmartCardRW.obj
 0001:00007588       ?IOleInPlaceObject_InPlaceDeactivate@CComControlBase@ATL@@QEAAJXZ 0000000180008588 f i SmartCardRW.obj
 0001:00007628       ?IOleInPlaceObject_SetObjectRects@CComControlBase@ATL@@QEAAJPEBUtagRECT@@0@Z 0000000180008628 f i SmartCardRW.obj
 0001:00007718       ?IOleInPlaceObject_UIDeactivate@CComControlBase@ATL@@QEAAJXZ 0000000180008718 f i SmartCardRW.obj
 0001:00007824       ?IOleObject_Close@CComControlBase@ATL@@QEAAJK@Z 0000000180008824 f i SmartCardRW.obj
 0001:0000793c       ?IOleObject_SetClientSite@CComControlBase@ATL@@QEAAJPEAUIOleClientSite@@@Z 000000018000893c f i SmartCardRW.obj
 0001:000079b4       ?IOleObject_SetExtent@CComControlBase@ATL@@QEAAJKPEAUtagSIZE@@@Z 00000001800089b4 f i SmartCardRW.obj
 0001:00007a4c       ?IPSI_GetIPersistStreamInit@?$IPersistStorageImpl@VCOPOSSmartCardRW@@@ATL@@AEAAPEAUIPersistStreamInit@@XZ 0000000180008a4c f i SmartCardRW.obj
 0001:00007b34       ?IPersistStreamInit_Load@?$IPersistStreamInitImpl@VCOPOSSmartCardRW@@@ATL@@QEAAJPEAUIStream@@PEBUATL_PROPMAP_ENTRY@2@@Z 0000000180008b34 f i SmartCardRW.obj
 0001:00007e60       ?IPersistStreamInit_Save@?$IPersistStreamInitImpl@VCOPOSSmartCardRW@@@ATL@@QEAAJPEAUIStream@@HPEBUATL_PROPMAP_ENTRY@2@@Z 0000000180008e60 f i SmartCardRW.obj
 0001:00008100       ?IQuickActivate_QuickActivate@CComControlBase@ATL@@QEAAJPEAUtagQACONTAINER@@PEAUtagQACONTROL@@@Z 0000000180009100 f i SmartCardRW.obj
 0001:000083c4       ?IViewObject_Draw@CComControlBase@ATL@@QEAAJKJPEAXPEAUtagDVTARGETDEVICE@@PEAUHDC__@@2PEBU_RECTL@@3@Z 00000001800093c4 f i SmartCardRW.obj
 0001:000084d8       ?InPlaceActivate@CComControlBase@ATL@@QEAAJJPEBUtagRECT@@@Z 00000001800094d8 f i SmartCardRW.obj
 0001:0000880c       ?Init@?$CComEnumImpl@UIEnumConnectionPoints@@$1?_GUID_b196b285_bab4_101a_b69c_00aa00341d07@@3U__s_GUID@@BPEAUIConnectionPoint@@V?$_CopyInterface@UIConnectionPoint@@@ATL@@@ATL@@QEAAJPEAPEAUIConnectionPoint@@0PEAUIUnknown@@W4CComEnumFlags@2@@Z 000000018000980c f i SmartCardRW.obj
 0001:0000892c       ?Init@?$CComEnumImpl@UIEnumConnections@@$1?_GUID_b196b287_bab4_101a_b69c_00aa00341d07@@3U__s_GUID@@BUtagCONNECTDATA@@V?$_Copy@UtagCONNECTDATA@@@ATL@@@ATL@@QEAAJPEAUtagCONNECTDATA@@0PEAUIUnknown@@W4CComEnumFlags@2@@Z 000000018000992c f i SmartCardRW.obj
 0001:00008a50       ?IsEqualObject@?$CComPtrBase@UIOleClientSite@@@ATL@@QEAA_NPEAUIUnknown@@@Z 0000000180009a50 f i SmartCardRW.obj
 0001:00008adc       ?LoadNameCache@CComTypeInfoHolder@ATL@@QEAAJPEAUITypeInfo@@@Z 0000000180009adc f i SmartCardRW.obj
 0001:00008c5c       ?Lookup@?$CSimpleMap@PEA_WPEA_WVCExpansionVectorEqualHelper@ATL@@@ATL@@QEBAPEA_WAEBQEA_W@Z 0000000180009c5c f i SmartCardRW.obj
 0001:00008ce4       ?NextToken@CRegParser@ATL@@IEAAJPEA_W@Z 0000000180009ce4 f i SmartCardRW.obj
 0001:00008e9c       ?OnKillFocus@CComControlBase@ATL@@QEAA_JI_K_JAEAH@Z 0000000180009e9c f i SmartCardRW.obj
 0001:00008f38       ?OnMouseActivate@CComControlBase@ATL@@QEAA_JI_K_JAEAH@Z 0000000180009f38 f i SmartCardRW.obj
 0001:00008fd8       ?OnPaint@CComControlBase@ATL@@QEAA_JI_K_JAEAH@Z 0000000180009fd8 f i SmartCardRW.obj
 0001:000090c4       ?OnSetFocus@CComControlBase@ATL@@QEAA_JI_K_JAEAH@Z 000000018000a0c4 f i SmartCardRW.obj
 0001:000091c0       ?PreProcessBuffer@CRegParser@ATL@@QEAAJPEA_WPEAPEA_W@Z 000000018000a1c0 f i SmartCardRW.obj
 0001:0000954c       ?ProcessWindowMessage@?$CComControl@VCOPOSSmartCardRW@@V?$CWindowImpl@VCOPOSSmartCardRW@@VCWindow@ATL@@V?$CWinTraits@$0FGAAAAAA@$0A@@3@@ATL@@@ATL@@UEAAHPEAUHWND__@@I_K_JAEA_JK@Z 000000018000a54c f i SmartCardRW.obj
 0001:00009630       ?ReadFromStream@CComBSTR@ATL@@QEAAJPEAUIStream@@@Z 000000018000a630 f i SmartCardRW.obj
 0001:00009780       ?ReadFromStream@CComVariant@ATL@@QEAAJPEAUIStream@@GTClassesAllowedInStream@2@K@Z 000000018000a780 f i SmartCardRW.obj
 0001:000099a4       ?RecurseDeleteKey@CRegKey@ATL@@QEAAJPEB_W@Z 000000018000a9a4 f i SmartCardRW.obj
 0001:00009afc       ?RegCreateKeyExW@CAtlTransactionManager@ATL@@QEAAJPEAUHKEY__@@PEB_WKPEA_WKKQEAU_SECURITY_ATTRIBUTES@@PEAPEAU3@PEAK@Z 000000018000aafc f i SmartCardRW.obj
 0001:00009c30       ?RegDeleteKeyW@CAtlTransactionManager@ATL@@QEAAJPEAUHKEY__@@PEB_W@Z 000000018000ac30 f i SmartCardRW.obj
 0001:00009cbc       ?RegOpenKeyExW@CAtlTransactionManager@ATL@@QEAAJPEAUHKEY__@@PEB_WKKPEAPEAU3@@Z 000000018000acbc f i SmartCardRW.obj
 0001:00009d74       ?RegisterBuffer@CRegParser@ATL@@QEAAJPEA_WH@Z 000000018000ad74 f i SmartCardRW.obj
 0001:00009edc       ?RegisterFromResource@CRegObject@ATL@@IEAAJPEB_W00H@Z 000000018000aedc f i SmartCardRW.obj
 0001:0000a098       ?RegisterServer@CComModule@ATL@@QEAAJHPEBU_GUID@@@Z 000000018000b098 f i SmartCardRW.obj
 0001:0000a158       ?RegisterSubkeys@CRegParser@ATL@@IEAAJPEA_WPEAUHKEY__@@HH@Z 000000018000b158 f i SmartCardRW.obj
 0001:0000a9c4       ?SendOnDataChange@CComControlBase@ATL@@QEAAJK@Z 000000018000b9c4 f i SmartCardRW.obj
 0001:0000aa34       ?SetControlFocus@CComControlBase@ATL@@QEAAHH@Z 000000018000ba34 f i SmartCardRW.obj
 0001:0000ab10       ?SkipAssignment@CRegParser@ATL@@IEAAJPEA_W@Z 000000018000bb10 f i SmartCardRW.obj
 0001:0000abb4       ?Term@CAtlModule@ATL@@QEAAXXZ 000000018000bbb4 f i SmartCardRW.obj
 0001:0000ac34       ?Term@CComModule@ATL@@QEAAXXZ 000000018000bc34 f i SmartCardRW.obj
 0001:0000acb0       ?UnregisterServer@CComModule@ATL@@QEAAJHPEBU_GUID@@@Z 000000018000bcb0 f i SmartCardRW.obj
 0001:0000ad60       ?UpdateRegistryFromResource@CAtlModule@ATL@@QEAAJIHPEAU_ATL_REGMAP_ENTRY@2@@Z 000000018000bd60 f i SmartCardRW.obj
 0001:0000b06c       ?UpdateRegistryFromResource@CAtlModule@ATL@@QEAAJPEB_WHPEAU_ATL_REGMAP_ENTRY@2@@Z 000000018000c06c f i SmartCardRW.obj
 0001:0000b390       ?VTFromRegType@CRegParser@ATL@@KAHPEB_WAEAG@Z 000000018000c390 f i SmartCardRW.obj
 0001:0000b42c       ?WindowProc@?$CWindowImplBaseT@VCWindow@ATL@@V?$CWinTraits@$0FGAAAAAA@$0A@@2@@ATL@@SA_JPEAUHWND__@@I_K_J@Z 000000018000c42c f i SmartCardRW.obj
 0001:0000b598       ?WriteToStream@CComVariant@ATL@@QEAAJPEAUIStream@@@Z 000000018000c598 f i SmartCardRW.obj
 0001:0000b814       ?WriteToStream@CComVariant@ATL@@QEAAJPEAUIStream@@G@Z 000000018000c814 f i SmartCardRW.obj
 0001:0000b8ac       ?_AtlVerifyStackAvailable@_ATL_SAFE_ALLOCA_IMPL@ATL@@YA_N_K@Z 000000018000c8ac f i SmartCardRW.obj
 0001:0000b930       ?atlCreate@?$CWindowImpl@VCOPOSSmartCardRW@@VCWindow@ATL@@V?$CWinTraits@$0FGAAAAAA@$0A@@3@@ATL@@QEAAPEAUHWND__@@PEAU3@V_U_RECT@2@PEB_WKKV_U_MENUorID@2@PEAX@Z 000000018000c930 f i SmartCardRW.obj
 0001:0000b9e0       ?atlCreate@?$CWindowImplBaseT@VCWindow@ATL@@V?$CWinTraits@$0FGAAAAAA@$0A@@2@@ATL@@QEAAPEAUHWND__@@PEAU3@V_U_RECT@2@PEB_WKKV_U_MENUorID@2@GPEAX@Z 000000018000c9e0 f i SmartCardRW.obj
 0001:0000bb50       ?ocscpy_s@@YA_NPEA_W_KPEB_W@Z 000000018000cb50 f i SmartCardRW.obj
 0001:0000bc00       DllCanUnloadNow            000000018000cc00 f   SmartCardRW.obj
 0001:0000bc0c       DllGetClassObject          000000018000cc0c f   SmartCardRW.obj
 0001:0000bc24       DllMain                    000000018000cc24 f   SmartCardRW.obj
 0001:0000bccc       DllRegisterServer          000000018000cccc f   SmartCardRW.obj
 0001:0000bce0       DllUnregisterServer        000000018000cce0 f   SmartCardRW.obj
 0001:0000bcf4       __local_stdio_printf_options 000000018000ccf4 f i SmartCardRW.obj
 0001:0000bcfc       swprintf_s                 000000018000ccfc f i SmartCardRW.obj
 0001:0000bd50       ??0COPOSSmartCardRW@@QEAA@XZ 000000018000cd50 f   SmartCardRWImpl.obj
 0001:0000be20       ??1?$IConnectionPointImpl@VCOPOSSmartCardRW@@$1?DIID__IOPOSSmartCardRWEvents@@3U_GUID@@BVCComDynamicUnkArray@ATL@@@ATL@@QEAA@XZ 000000018000ce20 f i SmartCardRWImpl.obj
 0001:0000be20       ??1?$IConnectionPointImpl@VCOPOSSmartCardRW@@$1?IID_IPropertyNotifySink@@3U_GUID@@BVCComDynamicUnkArray@ATL@@@ATL@@QEAA@XZ 000000018000ce20 f i SmartCardRWImpl.obj
 0001:0000be7c       ??1CComControlBase@ATL@@UEAA@XZ 000000018000ce7c f i SmartCardRWImpl.obj
 0001:0000bef8       ??1COPOSSmartCardRW@@UEAA@XZ 000000018000cef8 f   SmartCardRWImpl.obj
 0001:0000bf5c       ?BeginInsertion@COPOSSmartCardRW@@UEAAJJPEAJ@Z 000000018000cf5c f   SmartCardRWImpl.obj
 0001:0000bfd8       ?BeginRemoval@COPOSSmartCardRW@@UEAAJJPEAJ@Z 000000018000cfd8 f   SmartCardRWImpl.obj
 0001:0000c054       ?CheckHealth@COPOSSmartCardRW@@UEAAJJPEAJ@Z 000000018000d054 f   SmartCardRWImpl.obj
 0001:0000c0d0       ?ClaimDevice@COPOSSmartCardRW@@UEAAJJPEAJ@Z 000000018000d0d0 f   SmartCardRWImpl.obj
 0001:0000c170       ?ClearInput@COPOSSmartCardRW@@UEAAJPEAJ@Z 000000018000d170 f   SmartCardRWImpl.obj
 0001:0000c198       ?ClearInputProperties@COPOSSmartCardRW@@UEAAJPEAJ@Z 000000018000d198 f   SmartCardRWImpl.obj
 0001:0000c1c0       ?ClearOutput@COPOSSmartCardRW@@UEAAJPEAJ@Z 000000018000d1c0 f   SmartCardRWImpl.obj
 0001:0000c1e8       ?Close@COPOSSmartCardRW@@UEAAJPEAJ@Z 000000018000d1e8 f   SmartCardRWImpl.obj
 0001:0000c2a0       ?CompareFirmwareVersion@COPOSSmartCardRW@@UEAAJPEA_WPEAJ1@Z 000000018000d2a0 f   SmartCardRWImpl.obj
 0001:0000c37c       ?DirectIO@COPOSSmartCardRW@@UEAAJJPEAJPEAPEA_W0@Z 000000018000d37c f   SmartCardRWImpl.obj
 0001:0000c478       ?DoInvoke@COPOSSmartCardRW@@IEAAJJPEAVOposVariant@@IHPEAJ_N@Z 000000018000d478 f   SmartCardRWImpl.obj
 0001:0000c5ac       ?EndInsertion@COPOSSmartCardRW@@UEAAJPEAJ@Z 000000018000d5ac f   SmartCardRWImpl.obj
 0001:0000c5d4       ?EndRemoval@COPOSSmartCardRW@@UEAAJPEAJ@Z 000000018000d5d4 f   SmartCardRWImpl.obj
 0001:0000c5fc       ?EventInit@COPOSSmartCardRW@@IEAAJXZ 000000018000d5fc f i SmartCardRWImpl.obj
 0001:0000c744       ?EventUninit@COPOSSmartCardRW@@IEAAXXZ 000000018000d744 f i SmartCardRWImpl.obj
 0001:0000c7a8       ?EventWindowProc@COPOSSmartCardRW@@IEAA_JI_K_J@Z 000000018000d7a8 f i SmartCardRWImpl.obj
 0001:0000c96c       ?FinalConstruct@COPOSSmartCardRW@@QEAAJXZ 000000018000d96c f   SmartCardRWImpl.obj
 0001:0000c9a8       ?FreezeEvents@COPOSSmartCardRW@@MEAAJH@Z 000000018000d9a8 f   SmartCardRWImpl.obj
 0001:0000ca1c       ?GetOposProp@COPOSSmartCardRW@@IEAAJJPEAJJ@Z 000000018000da1c f   SmartCardRWImpl.obj
 0001:0000cb38       ?GetOposProp@COPOSSmartCardRW@@IEAAJJPEAPEA_WJ@Z 000000018000db38 f   SmartCardRWImpl.obj
 0001:0000cc64       ?OnDraw@COPOSSmartCardRW@@MEAAJAEAUATL_DRAWINFO@@@Z 000000018000dc64 f   SmartCardRWImpl.obj
 0001:0000cd50       ?Open@COPOSSmartCardRW@@UEAAJPEA_WPEAJ@Z 000000018000dd50 f   SmartCardRWImpl.obj
 0001:0000d5cc       ?ReadData@COPOSSmartCardRW@@UEAAJJPEAJPEAPEA_W0@Z 000000018000e5cc f   SmartCardRWImpl.obj
 0001:0000d6c8       ?ReleaseDevice@COPOSSmartCardRW@@UEAAJPEAJ@Z 000000018000e6c8 f   SmartCardRWImpl.obj
 0001:0000d734       ?ResetStatistics@COPOSSmartCardRW@@UEAAJPEA_WPEAJ@Z 000000018000e734 f   SmartCardRWImpl.obj
 0001:0000d7bc       ?RetrieveStatistics@COPOSSmartCardRW@@UEAAJPEAPEA_WPEAJ@Z 000000018000e7bc f   SmartCardRWImpl.obj
 0001:0000d844       ?SOProcessID@COPOSSmartCardRW@@UEAAJPEAJ@Z 000000018000e844 f   SmartCardRWImpl.obj
 0001:0000d860       ?SetCOFreezeEvents@COPOSSmartCardRW@@IEAAXF@Z 000000018000e860 f   SmartCardRWImpl.obj
 0001:0000d944       ?SetOposProp@COPOSSmartCardRW@@IEAAJJJJ@Z 000000018000e944 f   SmartCardRWImpl.obj
 0001:0000daa4       ?UpdateFirmware@COPOSSmartCardRW@@UEAAJPEA_WPEAJ@Z 000000018000eaa4 f   SmartCardRWImpl.obj
 0001:0000db2c       ?UpdateStatistics@COPOSSmartCardRW@@UEAAJPEA_WPEAJ@Z 000000018000eb2c f   SmartCardRWImpl.obj
 0001:0000dbb4       ?WriteData@COPOSSmartCardRW@@UEAAJJJPEA_WPEAJ@Z 000000018000ebb4 f   SmartCardRWImpl.obj
 0001:0000dcac       ?get_BinaryConversion@COPOSSmartCardRW@@UEAAJPEAJ@Z 000000018000ecac f   SmartCardRWImpl.obj
 0001:0000dcc0       ?get_CapCardErrorDetection@COPOSSmartCardRW@@UEAAJPEAF@Z 000000018000ecc0 f   SmartCardRWImpl.obj
 0001:0000dcf4       ?get_CapCompareFirmwareVersion@COPOSSmartCardRW@@UEAAJPEAF@Z 000000018000ecf4 f   SmartCardRWImpl.obj
 0001:0000dd28       ?get_CapInterfaceMode@COPOSSmartCardRW@@UEAAJPEAJ@Z 000000018000ed28 f   SmartCardRWImpl.obj
 0001:0000dd3c       ?get_CapIsoEmvMode@COPOSSmartCardRW@@UEAAJPEAJ@Z 000000018000ed3c f   SmartCardRWImpl.obj
 0001:0000dd50       ?get_CapPowerReporting@COPOSSmartCardRW@@UEAAJPEAJ@Z 000000018000ed50 f   SmartCardRWImpl.obj
 0001:0000dd64       ?get_CapSCPresentSensor@COPOSSmartCardRW@@UEAAJPEAJ@Z 000000018000ed64 f   SmartCardRWImpl.obj
 0001:0000dd78       ?get_CapSCSlots@COPOSSmartCardRW@@UEAAJPEAJ@Z 000000018000ed78 f   SmartCardRWImpl.obj
 0001:0000dd8c       ?get_CapStatisticsReporting@COPOSSmartCardRW@@UEAAJPEAF@Z 000000018000ed8c f   SmartCardRWImpl.obj
 0001:0000ddc0       ?get_CapTransmissionProtocol@COPOSSmartCardRW@@UEAAJPEAJ@Z 000000018000edc0 f   SmartCardRWImpl.obj
 0001:0000ddd4       ?get_CapUpdateFirmware@COPOSSmartCardRW@@UEAAJPEAF@Z 000000018000edd4 f   SmartCardRWImpl.obj
 0001:0000de08       ?get_CapUpdateStatistics@COPOSSmartCardRW@@UEAAJPEAF@Z 000000018000ee08 f   SmartCardRWImpl.obj
 0001:0000de3c       ?get_CheckHealthText@COPOSSmartCardRW@@UEAAJPEAPEA_W@Z 000000018000ee3c f   SmartCardRWImpl.obj
 0001:0000de50       ?get_Claimed@COPOSSmartCardRW@@UEAAJPEAF@Z 000000018000ee50 f   SmartCardRWImpl.obj
 0001:0000de84       ?get_ControlObjectDescription@COPOSSmartCardRW@@UEAAJPEAPEA_W@Z 000000018000ee84 f   SmartCardRWImpl.obj
 0001:0000dee8       ?get_ControlObjectVersion@COPOSSmartCardRW@@UEAAJPEAJ@Z 000000018000eee8 f   SmartCardRWImpl.obj
 0001:0000def4       ?get_DataCount@COPOSSmartCardRW@@UEAAJPEAJ@Z 000000018000eef4 f   SmartCardRWImpl.obj
 0001:0000df08       ?get_DataEventEnabled@COPOSSmartCardRW@@UEAAJPEAF@Z 000000018000ef08 f   SmartCardRWImpl.obj
 0001:0000df3c       ?get_DeviceDescription@COPOSSmartCardRW@@UEAAJPEAPEA_W@Z 000000018000ef3c f   SmartCardRWImpl.obj
 0001:0000df50       ?get_DeviceEnabled@COPOSSmartCardRW@@UEAAJPEAF@Z 000000018000ef50 f   SmartCardRWImpl.obj
 0001:0000df84       ?get_DeviceName@COPOSSmartCardRW@@UEAAJPEAPEA_W@Z 000000018000ef84 f   SmartCardRWImpl.obj
 0001:0000df98       ?get_FreezeEvents@COPOSSmartCardRW@@UEAAJPEAF@Z 000000018000ef98 f   SmartCardRWImpl.obj
 0001:0000dfc8       ?get_InterfaceMode@COPOSSmartCardRW@@UEAAJPEAJ@Z 000000018000efc8 f   SmartCardRWImpl.obj
 0001:0000dfdc       ?get_IsoEmvMode@COPOSSmartCardRW@@UEAAJPEAJ@Z 000000018000efdc f   SmartCardRWImpl.obj
 0001:0000dff0       ?get_OpenResult@COPOSSmartCardRW@@UEAAJPEAJ@Z 000000018000eff0 f   SmartCardRWImpl.obj
 0001:0000dffc       ?get_OutputID@COPOSSmartCardRW@@UEAAJPEAJ@Z 000000018000effc f   SmartCardRWImpl.obj
 0001:0000e010       ?get_PowerNotify@COPOSSmartCardRW@@UEAAJPEAJ@Z 000000018000f010 f   SmartCardRWImpl.obj
 0001:0000e024       ?get_PowerState@COPOSSmartCardRW@@UEAAJPEAJ@Z 000000018000f024 f   SmartCardRWImpl.obj
 0001:0000e038       ?get_ResultCode@COPOSSmartCardRW@@UEAAJPEAJ@Z 000000018000f038 f   SmartCardRWImpl.obj
 0001:0000e074       ?get_ResultCodeExtended@COPOSSmartCardRW@@UEAAJPEAJ@Z 000000018000f074 f   SmartCardRWImpl.obj
 0001:0000e088       ?get_SCPresentSensor@COPOSSmartCardRW@@UEAAJPEAJ@Z 000000018000f088 f   SmartCardRWImpl.obj
 0001:0000e09c       ?get_SCSlot@COPOSSmartCardRW@@UEAAJPEAJ@Z 000000018000f09c f   SmartCardRWImpl.obj
 0001:0000e0b0       ?get_ServiceObjectDescription@COPOSSmartCardRW@@UEAAJPEAPEA_W@Z 000000018000f0b0 f   SmartCardRWImpl.obj
 0001:0000e0c4       ?get_ServiceObjectVersion@COPOSSmartCardRW@@UEAAJPEAJ@Z 000000018000f0c4 f   SmartCardRWImpl.obj
 0001:0000e0d8       ?get_State@COPOSSmartCardRW@@UEAAJPEAJ@Z 000000018000f0d8 f   SmartCardRWImpl.obj
 0001:0000e104       ?get_TransactionInProgress@COPOSSmartCardRW@@UEAAJPEAF@Z 000000018000f104 f   SmartCardRWImpl.obj
 0001:0000e138       ?get_TransmissionProtocol@COPOSSmartCardRW@@UEAAJPEAJ@Z 000000018000f138 f   SmartCardRWImpl.obj
 0001:0000e14c       ?put_BinaryConversion@COPOSSmartCardRW@@UEAAJJ@Z 000000018000f14c f   SmartCardRWImpl.obj
 0001:0000e160       ?put_DataEventEnabled@COPOSSmartCardRW@@UEAAJF@Z 000000018000f160 f   SmartCardRWImpl.obj
 0001:0000e178       ?put_DeviceEnabled@COPOSSmartCardRW@@UEAAJF@Z 000000018000f178 f   SmartCardRWImpl.obj
 0001:0000e190       ?put_FreezeEvents@COPOSSmartCardRW@@UEAAJF@Z 000000018000f190 f   SmartCardRWImpl.obj
 0001:0000e1e0       ?put_InterfaceMode@COPOSSmartCardRW@@UEAAJJ@Z 000000018000f1e0 f   SmartCardRWImpl.obj
 0001:0000e1f4       ?put_IsoEmvMode@COPOSSmartCardRW@@UEAAJJ@Z 000000018000f1f4 f   SmartCardRWImpl.obj
 0001:0000e208       ?put_PowerNotify@COPOSSmartCardRW@@UEAAJJ@Z 000000018000f208 f   SmartCardRWImpl.obj
 0001:0000e21c       ?put_SCSlot@COPOSSmartCardRW@@UEAAJJ@Z 000000018000f21c f   SmartCardRWImpl.obj
 0001:0000e230       ?s_EventWindowProc@COPOSSmartCardRW@@KA_JPEAUHWND__@@I_K_J@Z 000000018000f230 f i SmartCardRWImpl.obj
 0001:0000e2ac       ??_U@YAPEAX_K@Z            000000018000f2ac f   LIBCMT:new_array.obj
 0001:0000e2b4       ??_V@YAXPEAX@Z             000000018000f2b4 f   LIBCMT:delete_array.obj
 0001:0000e2b4       ??3@YAXPEAX_K@Z            000000018000f2b4 f   LIBCMT:delete_scalar_size.obj
 0001:0000e2bc       ??_V@YAXPEAX_K@Z           000000018000f2bc f   LIBCMT:delete_array_size.obj
 0001:0000e2c4       __scrt_acquire_startup_lock 000000018000f2c4 f   LIBCMT:utility.obj
 0001:0000e300       __scrt_dllmain_after_initialize_c 000000018000f300 f   LIBCMT:utility.obj
 0001:0000e334       __scrt_dllmain_before_initialize_c 000000018000f334 f   LIBCMT:utility.obj
 0001:0000e34c       __scrt_dllmain_crt_thread_attach 000000018000f34c f   LIBCMT:utility.obj
 0001:0000e374       __scrt_dllmain_crt_thread_detach 000000018000f374 f   LIBCMT:utility.obj
 0001:0000e38c       __scrt_dllmain_exception_filter 000000018000f38c f   LIBCMT:utility.obj
 0001:0000e3ec       __scrt_dllmain_uninitialize_c 000000018000f3ec f   LIBCMT:utility.obj
 0001:0000e41c       __scrt_dllmain_uninitialize_critical 000000018000f41c f   LIBCMT:utility.obj
 0001:0000e430       __scrt_initialize_crt      000000018000f430 f   LIBCMT:utility.obj
 0001:0000e47c       __scrt_initialize_onexit_tables 000000018000f47c f   LIBCMT:utility.obj
 0001:0000e508       __scrt_is_nonwritable_in_current_image 000000018000f508 f   LIBCMT:utility.obj
 0001:0000e5a0       __scrt_release_startup_lock 000000018000f5a0 f   LIBCMT:utility.obj
 0001:0000e5c4       __scrt_uninitialize_crt    000000018000f5c4 f   LIBCMT:utility.obj
 0001:0000e5f0       _onexit                    000000018000f5f0 f   LIBCMT:utility.obj
 0001:0000e62c       atexit                     000000018000f62c f   LIBCMT:utility.obj
 0001:0000e644       ??3@YAXPEAX@Z              000000018000f644 f   LIBCMT:delete_scalar.obj
 0001:0000e744       _Init_thread_footer        000000018000f744 f   LIBCMT:thread_safe_statics.obj
 0001:0000e7a4       _Init_thread_header        000000018000f7a4 f   LIBCMT:thread_safe_statics.obj
 0001:0000e80c       _Init_thread_notify        000000018000f80c f   LIBCMT:thread_safe_statics.obj
 0001:0000e850       _Init_thread_wait          000000018000f850 f   LIBCMT:thread_safe_statics.obj
 0001:0000e8b4       __raise_securityfailure    000000018000f8b4 f   LIBCMT:gs_report.obj
 0001:0000e8e8       __report_gsfailure         000000018000f8e8 f   LIBCMT:gs_report.obj
 0001:0000e9bc       __report_rangecheckfailure 000000018000f9bc f   LIBCMT:gs_report.obj
 0001:0000e9d0       __report_securityfailure   000000018000f9d0 f   LIBCMT:gs_report.obj
 0001:0000eb50       ??2@YAPEAX_KAEBUnothrow_t@std@@@Z 000000018000fb50 f   LIBCMT:new_scalar_nothrow.obj
 0001:0000eb64       ??_U@YAPEAX_KAEBUnothrow_t@std@@@Z 000000018000fb64 f   LIBCMT:new_array_nothrow.obj
 0001:0000eb6c       __GSHandlerCheck           000000018000fb6c f   LIBCMT:gshandler.obj
 0001:0000eb8c       __GSHandlerCheckCommon     000000018000fb8c f   LIBCMT:gshandler.obj
 0001:0000ebe8       __GSHandlerCheck_SEH       000000018000fbe8 f   LIBCMT:gshandlerseh.obj
 0001:0000ec80       __chkstk                   000000018000fc80 f   LIBCMT:chkstk.obj
 0001:0000ec80       _alloca_probe              000000018000fc80 f   LIBCMT:chkstk.obj
 0001:0000ecf0       __security_check_cookie    000000018000fcf0 f   LIBCMT:amdsecgs.obj
 0001:0000f034       _DllMainCRTStartup         0000000180010034 f   LIBCMT:dll_dllmain.obj
 0001:0000f074       ??2@YAPEAX_K@Z             0000000180010074 f   LIBCMT:new_scalar.obj
 0001:0000f0b0       __isa_available_init       00000001800100b0 f   LIBCMT:cpu_disp.obj
 0001:0000f254       __scrt_is_ucrt_dll_in_use  0000000180010254 f   LIBCMT:ucrt_detection.obj
 0001:0000f260       __crt_debugger_hook        0000000180010260 f   LIBCMT:utility_desktop.obj
 0001:0000f268       __scrt_fastfail            0000000180010268 f   LIBCMT:utility_desktop.obj
 0001:0000f3b4       __security_init_cookie     00000001800103b4 f   LIBCMT:gs_support.obj
 0001:0000f460       ?__scrt_initialize_type_info@@YAXXZ 0000000180010460 f   LIBCMT:tncleanup.obj
 0001:0000f470       ?__scrt_uninitialize_type_info@@YAXXZ 0000000180010470 f   LIBCMT:tncleanup.obj
 0001:0000f47c       __local_stdio_scanf_options 000000018001047c f i LIBCMT:default_local_stdio_options.obj
 0001:0000f484       __scrt_initialize_default_local_stdio_options 0000000180010484 f   LIBCMT:default_local_stdio_options.obj
 0001:0000f4a0       __scrt_get_dyn_tls_init_callback 00000001800104a0 f   LIBCMT:dyn_tls_init.obj
 0001:0000f4a8       _RTC_Initialize            00000001800104a8 f   LIBCMT:initsect.obj
 0001:0000f4e4       _RTC_Terminate             00000001800104e4 f   LIBCMT:initsect.obj
 0001:0000f520       ??0bad_alloc@std@@QEAA@AEBV01@@Z 0000000180010520 f i LIBCMT:throw_bad_alloc.obj
 0001:0000f55c       ??0bad_alloc@std@@QEAA@XZ  000000018001055c f i LIBCMT:throw_bad_alloc.obj
 0001:0000f57c       ??0bad_array_new_length@std@@QEAA@AEBV01@@Z 000000018001057c f i LIBCMT:throw_bad_alloc.obj
 0001:0000f5b8       ??0bad_array_new_length@std@@QEAA@XZ 00000001800105b8 f i LIBCMT:throw_bad_alloc.obj
 0001:0000f5d8       ??0exception@std@@QEAA@AEBV01@@Z 00000001800105d8 f i LIBCMT:throw_bad_alloc.obj
 0001:0000f60c       ??1bad_array_new_length@std@@UEAA@XZ 000000018001060c f i LIBCMT:throw_bad_alloc.obj
 0001:0000f60c       ??1bad_alloc@std@@UEAA@XZ  000000018001060c f i LIBCMT:throw_bad_alloc.obj
 0001:0000f60c       ??1bad_exception@std@@UEAA@XZ 000000018001060c f i libvcruntime:frame.obj
 0001:0000f620       ??_Ebad_exception@std@@UEAAPEAXI@Z 0000000180010620 f i libvcruntime:frame.obj
 0001:0000f620       ??_Ebad_array_new_length@std@@UEAAPEAXI@Z 0000000180010620 f i LIBCMT:throw_bad_alloc.obj
 0001:0000f620       ??_Gbad_alloc@std@@UEAAPEAXI@Z 0000000180010620 f i LIBCMT:throw_bad_alloc.obj
 0001:0000f620       ??_Gexception@std@@UEAAPEAXI@Z 0000000180010620 f i LIBCMT:throw_bad_alloc.obj
 0001:0000f620       ??_Eexception@std@@UEAAPEAXI@Z 0000000180010620 f i LIBCMT:throw_bad_alloc.obj
 0001:0000f620       ??_Ebad_alloc@std@@UEAAPEAXI@Z 0000000180010620 f i LIBCMT:throw_bad_alloc.obj
 0001:0000f620       ??_Gbad_exception@std@@UEAAPEAXI@Z 0000000180010620 f i libvcruntime:frame.obj
 0001:0000f620       ??_Gbad_array_new_length@std@@UEAAPEAXI@Z 0000000180010620 f i LIBCMT:throw_bad_alloc.obj
 0001:0000f664       ?__scrt_throw_std_bad_alloc@@YAXXZ 0000000180010664 f   LIBCMT:throw_bad_alloc.obj
 0001:0000f684       ?__scrt_throw_std_bad_array_new_length@@YAXXZ 0000000180010684 f   LIBCMT:throw_bad_alloc.obj
 0001:0000f6a4       ?what@exception@std@@UEBAPEBDXZ 00000001800106a4 f i LIBCMT:throw_bad_alloc.obj
 0001:0000f6c0       ??_Gtype_info@@UEAAPEAXI@Z 00000001800106c0 f i LIBCMT:std_type_info_static.obj
 0001:0000f6c0       ??_Etype_info@@UEAAPEAXI@Z 00000001800106c0 f i LIBCMT:std_type_info_static.obj
 0001:0000f6ec       ??0CAtlBaseModule@ATL@@QEAA@XZ 00000001800106ec f   atls:atlbase.obj
 0001:0000f794       ??1CAtlBaseModule@ATL@@QEAA@XZ 0000000180010794 f   atls:atlbase.obj
 0001:0000f8c8       ?__AllocStdCallThunk_cmn@@YAPEAXXZ 00000001800108c8 f   atls:atlthunk.obj
 0001:0000fa20       AtlThunk_AllocateData      0000000180010a20 f   atls:atlthunk.obj
 0001:0000fa9c       AtlThunk_DataToCode        0000000180010a9c f   atls:atlthunk.obj
 0001:0000faf0       AtlThunk_FreeData          0000000180010af0 f   atls:atlthunk.obj
 0001:0000fb50       AtlThunk_InitData          0000000180010b50 f   atls:atlthunk.obj
 0001:0000fbf8       _get_purecall_handler      0000000180010bf8 f   libvcruntime:purevirt.obj
 0001:0000fc00       _purecall                  0000000180010c00 f   libvcruntime:purevirt.obj
 0001:0000fc1c       wcsstr                     0000000180010c1c f   libvcruntime:wcsstr.obj
 0001:0000fe50       memcmp                     0000000180010e50 f   libvcruntime:memcmp.obj
[...]
 0004:000017d0       $pdata$__acrt_fp_format    00000001800367d0     libucrt:cvt.obj
 0004:000017dc       $pdata$?fp_format_e_internal@@YAHQEAD_KH_NIQEAU_strflt@@2QEAU__crt_locale_pointers@@@Z 00000001800367dc     libucrt:cvt.obj
 0004:000017e8       $pdata$?fp_format_e@@YAHQEBNQEAD_K12H_NIQEAU__crt_locale_pointers@@W4__acrt_rounding_mode@@@Z 00000001800367e8     libucrt:cvt.obj
 0004:000017f4       $pdata$?should_round_up@@YA_NQEBN_KFW4__acrt_rounding_mode@@@Z 00000001800367f4     libucrt:cvt.obj
 0004:00001800       $pdata$?fp_format_a@@YAHQEBNPEAD_KQEAD2H_NIQEAU__crt_locale_pointers@@W4__acrt_rounding_mode@@@Z 0000000180036800     libucrt:cvt.obj
 0004:0000180c       $pdata$?fp_format_f_internal@@YAHQEAD_KHQEAU_strflt@@_NQEAU__crt_locale_pointers@@@Z 000000018003680c     libucrt:cvt.obj
 0004:00001818       $pdata$?fp_format_g@@YAHQEBNQEAD_K12H_NIQEAU__crt_locale_pointers@@@Z 0000000180036818     libucrt:cvt.obj
 0004:00001824       $pdata$_fileno             0000000180036824     libucrt:fileno.obj
 0004:00001830       $pdata$__acrt_initialize_stdio 0000000180036830     libucrt:_file.obj
 0004:0000183c       $pdata$__acrt_uninitialize_stdio 000000018003683c     libucrt:_file.obj
 0004:00001848       $pdata$__acrt_uninitialize_locale 0000000180036848     libucrt:wsetlocale.obj
 0004:00001854       $pdata$??$?RV<lambda_410d79af7f07d98d83a3f525b3859a53>@@AEAV<lambda_3e16ef9562a7dcce91392c22ab16ea36>@@V<lambda_38119f0e861e05405d8a144b9b982f0a>@@@?$__crt_seh_guarded_call@X@@QEAAX$$QEAV<lambda_410d79af7f07d98d83a3f525b3859a53>@@AEAV<lambda_3e16ef9562a7dcce91392c22ab16ea36>@@$$QEAV<lambda_38119f0e861e05405d8a144b9b982f0a>@@@Z 0000000180036854     libucrt:wsetlocale.obj
 0004:00001860       $pdata$?fin$0@?0???$?RV<lambda_410d79af7f07d98d83a3f525b3859a53>@@AEAV<lambda_3e16ef9562a7dcce91392c22ab16ea36>@@V<lambda_38119f0e861e05405d8a144b9b982f0a>@@@?$__crt_seh_guarded_call@X@@QEAAX$$QEAV<lambda_410d79af7f07d98d83a3f525b3859a53>@@AEAV<lambda_3e16ef9562a7dcce91392c22ab16ea36>@@$$QEAV<lambda_38119f0e861e05405d8a144b9b982f0a>@@@Z@4HA 0000000180036860     libucrt:wsetlocale.obj
 0004:0000186c       $pdata$__acrt_initialize_lowio 000000018003686c     libucrt:ioinit.obj
 0004:00001878       $pdata$__acrt_initialize_lowio$fin$0 0000000180036878     libucrt:ioinit.obj
 0004:00001878       $pdata$__acrt_lowio_ensure_fh_exists$fin$0 0000000180036878     libucrt:osfinfo.obj
 0004:00001884       $pdata$__acrt_uninitialize_lowio 0000000180036884     libucrt:ioinit.obj
 0004:00001890       $pdata$?initialize_inherited_file_handles_nolock@@YAXXZ 0000000180036890     libucrt:ioinit.obj
 0004:0000189c       $pdata$?initialize_stdio_handles_nolock@@YAXXZ 000000018003689c     libucrt:ioinit.obj
 0004:000018a8       $pdata$__acrt_initialize_locks 00000001800368a8     libucrt:locks.obj
 0004:000018b4       $pdata$__acrt_uninitialize_locks 00000001800368b4     libucrt:locks.obj
 0004:000018c0       $pdata$__acrt_get_process_end_policy 00000001800368c0     libucrt:win_policies.obj
 0004:000018cc       $pdata$??$__acrt_mbs_to_wcs_cp@U__crt_win32_buffer_internal_dynamic_resizing@@@@YAHQEBDAEAV?$__crt_win32_buffer@_WU__crt_win32_buffer_internal_dynamic_resizing@@@@I@Z 00000001800368cc     libucrt:argv_wildcards.obj
 0004:000018d8       $pdata$??$__acrt_wcs_to_mbs_cp@U__crt_win32_buffer_internal_dynamic_resizing@@@@YAHQEB_WAEAV?$__crt_win32_buffer@DU__crt_win32_buffer_internal_dynamic_resizing@@@@I@Z 00000001800368d8     libucrt:argv_wildcards.obj
 0004:000018e4       $pdata$??$common_expand_argv_wildcards@D@@YAHQEAPEADQEAPEAPEAD@Z 00000001800368e4     libucrt:argv_wildcards.obj
 0004:000018f0       $pdata$??$copy_and_add_argument_to_buffer@D@@YAHQEBD0_KAEAV?$argument_list@D@?A0x5f5c8891@@@Z 00000001800368f0     libucrt:argv_wildcards.obj
 0004:000018fc       $pdata$??$expand_argument_wildcards@D@@YAHQEAD0AEAV?$argument_list@D@?A0x5f5c8891@@@Z 00000001800368fc     libucrt:argv_wildcards.obj
 0004:00001908       $pdata$__acrt_GetModuleFileNameA 0000000180036908     libucrt:getmodulefilenamea.obj
 0004:00001914       $pdata$??$__acrt_wcs_to_mbs_cp@U__crt_win32_buffer_no_resizing@@@@YAHQEB_WAEAV?$__crt_win32_buffer@DU__crt_win32_buffer_no_resizing@@@@I@Z 0000000180036914     libucrt:getmodulefilenamea.obj
 0004:00001920       $pdata$__acrt_update_thread_multibyte_data 0000000180036920     libucrt:mbctype.obj
 0004:0000192c       $pdata$__acrt_initialize_multibyte 000000018003692c     libucrt:mbctype.obj
 0004:00001938       $pdata$_setmbcp_nolock     0000000180036938     libucrt:mbctype.obj
 0004:00001944       $pdata$?getSystemCP@@YAHH@Z 0000000180036944     libucrt:mbctype.obj
 0004:00001950       $pdata$?setSBCS@@YAXPEAU__crt_multibyte_data@@@Z 0000000180036950     libucrt:mbctype.obj
 0004:0000195c       $pdata$?update_thread_multibyte_data_internal@@YAPEAU__crt_multibyte_data@@QEAU__acrt_ptd@@QEAPEAU1@@Z 000000018003695c     libucrt:mbctype.obj
 0004:00001968       $pdata$?fin$0@?0??update_thread_multibyte_data_internal@@YAPEAU__crt_multibyte_data@@QEAU__acrt_ptd@@QEAPEAU1@@Z@4HA 0000000180036968     libucrt:mbctype.obj
 0004:00001974       $pdata$?setmbcp_internal@@YAHH_NQEAU__acrt_ptd@@QEAPEAU__crt_multibyte_data@@@Z 0000000180036974     libucrt:mbctype.obj
 0004:00001980       $pdata$?setSBUpLow@@YAXPEAU__crt_multibyte_data@@@Z 0000000180036980     libucrt:mbctype.obj
 0004:0000198c       $pdata$??$?RV<lambda_efdfa57d1f175319df784efa44bb7b81>@@AEAV<lambda_5f0a4c1567f8adc6734073e5d1e1b35c>@@V<lambda_2e8a7d3640ea6ccb4c2413664c2db6fd>@@@?$__crt_seh_guarded_call@X@@QEAAX$$QEAV<lambda_efdfa57d1f175319df784efa44bb7b81>@@AEAV<lambda_5f0a4c1567f8adc6734073e5d1e1b35c>@@$$QEAV<lambda_2e8a7d3640ea6ccb4c2413664c2db6fd>@@@Z 000000018003698c     libucrt:mbctype.obj
 0004:00001998       $pdata$?x_ismbbtype_l@@YAHPEAU__crt_locale_pointers@@IHH@Z 0000000180036998     libucrt:ismbbyte.obj
 0004:000019a4       $pdata$__acrt_initialize_command_line 00000001800369a4     libucrt:argv_data.obj
 0004:000019b0       $pdata$__acrt_WideCharToMultiByte 00000001800369b0     libucrt:widechartomultibyte.obj
 0004:000019bc       $pdata$__dcrt_get_narrow_environment_from_os 00000001800369bc     libucrt:get_environment_from_os.obj
 0004:000019c8       $pdata$__acrt_initialize_heap 00000001800369c8     libucrt:heap_handle.obj
 0004:000019d4       $pdata$__acrt_execute_initializers 00000001800369d4     libucrt:shared_initialization.obj
 0004:000019e0       $pdata$__acrt_execute_uninitializers 00000001800369e0     libucrt:shared_initialization.obj
 0004:000019ec       $pdata$__acrt_get_sigabrt_handler 00000001800369ec     libucrt:signal.obj
 0004:000019f8       $pdata$raise               00000001800369f8     libucrt:signal.obj
 0004:00001a04       $pdata$raise$fin$0         0000000180036a04     libucrt:signal.obj
 0004:00001a10       $pdata$??$?RV<lambda_450d765d439847d4c735a33c368b5fc0>@@AEAV<lambda_44731a7d0e6d81c3e6aa82d741081786>@@V<lambda_601a2a7da3b7a96e9554ac7215c4b07c>@@@?$__crt_seh_guarded_call@P6AXH@Z@@QEAAP6AXH@Z$$QEAV<lambda_450d765d439847d4c735a33c368b5fc0>@@AEAV<lambda_44731a7d0e6d81c3e6aa82d741081786>@@$$QEAV<lambda_601a2a7da3b7a96e9554ac7215c4b07c>@@@Z 0000000180036a10     libucrt:signal.obj
 0004:00001a1c       $pdata$_fflush_nolock      0000000180036a1c     libucrt:fflush.obj
 0004:00001a28       $pdata$__acrt_stdio_flush_nolock 0000000180036a28     libucrt:fflush.obj
 0004:00001a34       $pdata$?common_flush_all@@YAH_N@Z 0000000180036a34     libucrt:fflush.obj
 0004:00001a40       $pdata$??$?RV<lambda_842d9ff0dc9ef11c61343bbaebe7f885>@@AEAV<lambda_c5860995281e5c4ce005b3de8f5874ee>@@V<lambda_d90129c13df834fdcbf8d2b88dafcf2d>@@@?$__crt_seh_guarded_call@X@@QEAAX$$QEAV<lambda_842d9ff0dc9ef11c61343bbaebe7f885>@@AEAV<lambda_c5860995281e5c4ce005b3de8f5874ee>@@$$QEAV<lambda_d90129c13df834fdcbf8d2b88dafcf2d>@@@Z 0000000180036a40     libucrt:fflush.obj
 0004:00001a4c       $pdata$?fin$0@?0???$?RV<lambda_842d9ff0dc9ef11c61343bbaebe7f885>@@AEAV<lambda_c5860995281e5c4ce005b3de8f5874ee>@@V<lambda_d90129c13df834fdcbf8d2b88dafcf2d>@@@?$__crt_seh_guarded_call@X@@QEAAX$$QEAV<lambda_842d9ff0dc9ef11c61343bbaebe7f885>@@AEAV<lambda_c5860995281e5c4ce005b3de8f5874ee>@@$$QEAV<lambda_d90129c13df834fdcbf8d2b88dafcf2d>@@@Z@4HA 0000000180036a4c     libucrt:fflush.obj
 0004:00001a58       $pdata$??$?RV<lambda_886d6c58226a84441f68b9f2b8217b83>@@AEAV<lambda_ab61a845afdef5b7c387490eaf3616ee>@@V<lambda_f7f22ab5edc0698d5f6905b0d3f44752>@@@?$__crt_seh_guarded_call@X@@QEAAX$$QEAV<lambda_886d6c58226a84441f68b9f2b8217b83>@@AEAV<lambda_ab61a845afdef5b7c387490eaf3616ee>@@$$QEAV<lambda_f7f22ab5edc0698d5f6905b0d3f44752>@@@Z 0000000180036a58     libucrt:fflush.obj
 0004:00001a64       $pdata$?fin$0@?0???$?RV<lambda_886d6c58226a84441f68b9f2b8217b83>@@AEAV<lambda_ab61a845afdef5b7c387490eaf3616ee>@@V<lambda_f7f22ab5edc0698d5f6905b0d3f44752>@@@?$__crt_seh_guarded_call@X@@QEAAX$$QEAV<lambda_886d6c58226a84441f68b9f2b8217b83>@@AEAV<lambda_ab61a845afdef5b7c387490eaf3616ee>@@$$QEAV<lambda_f7f22ab5edc0698d5f6905b0d3f44752>@@@Z@4HA 0000000180036a64     libucrt:fflush.obj
 0004:00001a70       $pdata$__pctype_func       0000000180036a70     libucrt:ctype.obj
 0004:00001a7c       $pdata$iswctype            0000000180036a7c     libucrt:iswctype.obj
 0004:00001a88       $pdata$__acrt_release_locale_ref 0000000180036a88     libucrt:locale_refcounting.obj
 0004:00001a94       $pdata$__acrt_free_locale  0000000180036a94     libucrt:locale_refcounting.obj
 0004:00001aa0       $pdata$__acrt_locale_free_lc_time_if_unreferenced 0000000180036aa0     libucrt:locale_refcounting.obj
 0004:00001aac       $pdata$__acrt_update_thread_locale_data 0000000180036aac     libucrt:locale_refcounting.obj
 0004:00001ab8       $pdata$__acrt_update_thread_locale_data$fin$0 0000000180036ab8     libucrt:locale_refcounting.obj
 0004:00001ac4       $pdata$_updatetlocinfoEx_nolock 0000000180036ac4     libucrt:locale_refcounting.obj
 0004:00001ad0       $pdata$__acrt_DownlevelLocaleNameToLCID 0000000180036ad0     libucrt:lcidtoname_downlevel.obj
 0004:00001adc       $pdata$_isleadbyte_l       0000000180036adc     libucrt:_wctype.obj
 0004:00001ae8       $pdata$?__mbrtowc_utf8@__crt_mbstring@@YA_KPEA_WPEBD_KPEAU_Mbstatet@@@Z 0000000180036ae8     libucrt:mbrtowc.obj
 0004:00001af4       $pdata$?__mbsrtowcs_utf8@__crt_mbstring@@YA_KPEA_WPEAPEBD_KPEAU_Mbstatet@@@Z 0000000180036af4     libucrt:mbrtowc.obj
 0004:00001b00       $pdata$__acrt_fp_strflt_to_string 0000000180036b00     libucrt:_fptostr.obj
 0004:00001b0c       $pdata$memcpy_s            0000000180036b0c     libucrt:cfout.obj
 0004:00001b18       $pdata$__acrt_fltout       0000000180036b18     libucrt:cfout.obj
 0004:00001b24       $pdata$?divide@__crt_strtox@@YA_KAEAUbig_integer@1@AEBU21@@Z 0000000180036b24     libucrt:cfout.obj
 0004:00001b30       $pdata$0$?divide@__crt_strtox@@YA_KAEAUbig_integer@1@AEBU21@@Z 0000000180036b30     libucrt:cfout.obj
 0004:00001b3c       $pdata$1$?divide@__crt_strtox@@YA_KAEAUbig_integer@1@AEBU21@@Z 0000000180036b3c     libucrt:cfout.obj
 0004:00001b48       $pdata$fegetround          0000000180036b48     libucrt:fegetround.obj
 0004:00001b54       $pdata$_fcloseall          0000000180036b54     libucrt:closeall.obj
 0004:00001b60       $pdata$_fcloseall$fin$0    0000000180036b60     libucrt:closeall.obj
 0004:00001b6c       $pdata$__acrt_stdio_free_buffer_nolock 0000000180036b6c     libucrt:_freebuf.obj
 0004:00001b78       $pdata$_isatty             0000000180036b78     libucrt:isatty.obj
 0004:00001b84       $pdata$__acrt_locale_free_monetary 0000000180036b84     libucrt:initmon.obj
 0004:00001b90       $pdata$__acrt_locale_free_numeric 0000000180036b90     libucrt:initnum.obj
 0004:00001b9c       $pdata$__acrt_locale_free_time 0000000180036b9c     libucrt:inittime.obj
 0004:00001ba8       $pdata$?free_crt_array_internal@@YAXQEAPEBX_K@Z 0000000180036ba8     libucrt:inittime.obj
 0004:00001bb4       $pdata$__acrt_GetStringTypeA 0000000180036bb4     libucrt:getstringtypea.obj
 0004:00001bc0       $pdata$_get_osfhandle      0000000180036bc0     libucrt:osfinfo.obj
 0004:00001bcc       $pdata$_free_osfhnd        0000000180036bcc     libucrt:osfinfo.obj
 0004:00001bd8       $pdata$__acrt_lowio_create_handle_array 0000000180036bd8     libucrt:osfinfo.obj
 0004:00001be4       $pdata$__acrt_lowio_destroy_handle_array 0000000180036be4     libucrt:osfinfo.obj
 0004:00001bf0       $pdata$__acrt_lowio_ensure_fh_exists 0000000180036bf0     libucrt:osfinfo.obj
 0004:00001bfc       $pdata$qsort               0000000180036bfc     libucrt:qsort.obj
 0004:00001c08       $pdata$4$qsort             0000000180036c08     libucrt:qsort.obj
 0004:00001c14       $pdata$5$qsort             0000000180036c14     libucrt:qsort.obj
 0004:00001c20       $pdata$strncpy_s           0000000180036c20     libucrt:strncpy_s.obj
 0004:00001c2c       $pdata$strpbrk             0000000180036c2c     libucrt:strpbrk.obj
 0004:00001c38       $pdata$fallbackMethod      0000000180036c38     libucrt:strpbrk.obj
 0004:00001c44       $pdata$_mbsdec_l           0000000180036c44     libucrt:mbsdec.obj
 0004:00001c50       $pdata$__acrt_LCMapStringA 0000000180036c50     libucrt:lcmapstringa.obj
 0004:00001c5c       $pdata$?__acrt_LCMapStringA_stat@@YAHPEAU__crt_locale_pointers@@PEB_WKPEBDHPEADHHH@Z 0000000180036c5c     libucrt:lcmapstringa.obj
 0004:00001c68       $pdata$?initialize_multibyte@@YAHXZ 0000000180036c68     libucrt:multibyte_initializer.obj
 0004:00001c74       $pdata$_commit             0000000180036c74     libucrt:commit.obj
 0004:00001c80       $pdata$??$?RV<lambda_a37b2b86f63e897a80ea819b0eb08c01>@@AEAV<lambda_38ce7e780aa69e748d6df282ebc68efe>@@V<lambda_99fb1378e971ab6e7edea83e3a7a83a2>@@@?$__crt_seh_guarded_call@H@@QEAAH$$QEAV<lambda_a37b2b86f63e897a80ea819b0eb08c01>@@AEAV<lambda_38ce7e780aa69e748d6df282ebc68efe>@@$$QEAV<lambda_99fb1378e971ab6e7edea83e3a7a83a2>@@@Z 0000000180036c80     libucrt:commit.obj
 0004:00001c8c       $pdata$?fin$0@?0???$?RV<lambda_751a882b2c74d4b022dec766aa51a29a>@@AEAV<lambda_628dfdc04ba53c8bfc02c9951375f3f5>@@V<lambda_f6c7be5f7998530c34de24c7437d6b54>@@@?$__crt_seh_guarded_call@H@@QEAAH$$QEAV<lambda_751a882b2c74d4b022dec766aa51a29a>@@AEAV<lambda_628dfdc04ba53c8bfc02c9951375f3f5>@@$$QEAV<lambda_f6c7be5f7998530c34de24c7437d6b54>@@@Z@4HA 0000000180036c8c     libucrt:close.obj
 0004:00001c8c       $pdata$?fin$0@?0???$?RV<lambda_a37b2b86f63e897a80ea819b0eb08c01>@@AEAV<lambda_38ce7e780aa69e748d6df282ebc68efe>@@V<lambda_99fb1378e971ab6e7edea83e3a7a83a2>@@@?$__crt_seh_guarded_call@H@@QEAAH$$QEAV<lambda_a37b2b86f63e897a80ea819b0eb08c01>@@AEAV<lambda_38ce7e780aa69e748d6df282ebc68efe>@@$$QEAV<lambda_99fb1378e971ab6e7edea83e3a7a83a2>@@@Z@4HA 0000000180036c8c     libucrt:commit.obj
 0004:00001c98       $pdata$_write              0000000180036c98     libucrt:write.obj
 0004:00001ca4       $pdata$_write$fin$0        0000000180036ca4     libucrt:write.obj
 0004:00001cb0       $pdata$_write_nolock       0000000180036cb0     libucrt:write.obj
 0004:00001cbc       $pdata$?write_double_translated_ansi_nolock@@YA?AUwrite_result@?A0x17268360@@HQEBDI@Z 0000000180036cbc     libucrt:write.obj
 0004:00001cc8       $pdata$?write_text_ansi_nolock@@YA?AUwrite_result@?A0x17268360@@HQEBDI@Z 0000000180036cc8     libucrt:write.obj
 0004:00001cd4       $pdata$?write_text_utf16le_nolock@@YA?AUwrite_result@?A0x17268360@@HQEBDI@Z 0000000180036cd4     libucrt:write.obj
 0004:00001ce0       $pdata$?write_text_utf8_nolock@@YA?AUwrite_result@?A0x17268360@@HQEBDI@Z 0000000180036ce0     libucrt:write.obj
 0004:00001cec       $pdata$?__mbrtoc32_utf8@__crt_mbstring@@YA_KPEA_UPEBD_KPEAU_Mbstatet@@@Z 0000000180036cec     libucrt:mbrtoc32.obj
 0004:00001cf8       $pdata$_controlfp_s        0000000180036cf8     libucrt:contrlfp.obj
 0004:00001d04       $pdata$fegetenv            0000000180036d04     libucrt:fegetenv.obj
 0004:00001d10       $pdata$fesetenv            0000000180036d10     libucrt:fesetenv.obj
 0004:00001d1c       $pdata$feholdexcept        0000000180036d1c     libucrt:feholdexcept.obj
 0004:00001d34       $pdata$__acrt_fenv_set_control 0000000180036d34     libucrt:_fenvutils.obj
 0004:00001d40       $pdata$??$common_lseek_nolock@_J@@YA_JH_JH@Z 0000000180036d40     libucrt:lseek.obj
 0004:00001d4c       $pdata$fclose              0000000180036d4c     libucrt:fclose.obj
 0004:00001d58       $pdata$fclose$fin$0        0000000180036d58     libucrt:fclose.obj
 0004:00001d64       $pdata$_fclose_nolock      0000000180036d64     libucrt:fclose.obj
 0004:00001d70       $pdata$_putwch_nolock      0000000180036d70     libucrt:putwch.obj
 0004:00001d7c       $pdata$_clearfp            0000000180036d7c     libucrt:ieee.obj
 0004:00001d88       $pdata$common_control87    0000000180036d88     libucrt:ieee.obj
 0004:00001d94       $pdata$_ctrlfp$filt$0      0000000180036d94     libucrt:fpctrl.obj
 0004:00001d94       $pdata$common_control87$filt$0 0000000180036d94     libucrt:ieee.obj
 0004:00001da0       $pdata$_call_matherr       0000000180036da0     libucrt:libm_error.obj
 0004:00001dac       $pdata$_exception_enabled  0000000180036dac     libucrt:libm_error.obj
 0004:00001db8       $pdata$_handle_error       0000000180036db8     libucrt:libm_error.obj
 0004:00001dc4       $pdata$__acrt_initialize_fma3 0000000180036dc4     libucrt:fma3_available.obj
 0004:00001dd0       $pdata$_log_special_common 0000000180036dd0     libucrt:log_special.obj
 0004:00001ddc       $pdata$_log10_special      0000000180036ddc     libucrt:log_special.obj
 0004:00001de8       $pdata$_close              0000000180036de8     libucrt:close.obj
 0004:00001df4       $pdata$_close_nolock       0000000180036df4     libucrt:close.obj
 0004:00001e00       $pdata$??$?RV<lambda_751a882b2c74d4b022dec766aa51a29a>@@AEAV<lambda_628dfdc04ba53c8bfc02c9951375f3f5>@@V<lambda_f6c7be5f7998530c34de24c7437d6b54>@@@?$__crt_seh_guarded_call@H@@QEAAH$$QEAV<lambda_751a882b2c74d4b022dec766aa51a29a>@@AEAV<lambda_628dfdc04ba53c8bfc02c9951375f3f5>@@$$QEAV<lambda_f6c7be5f7998530c34de24c7437d6b54>@@@Z 0000000180036e00     libucrt:close.obj
 0004:00001e0c       $pdata$__dcrt_lowio_ensure_console_output_initialized 0000000180036e0c     libucrt:initcon.obj
 0004:00001e18       $pdata$__dcrt_write_console 0000000180036e18     libucrt:initcon.obj
 0004:00001e24       $pdata$__dcrt_terminate_console_output 0000000180036e24     libucrt:initcon.obj
 0004:00001e3c       $pdata$_set_errno_from_matherr 0000000180036e3c     libucrt:fpexcept.obj
 0004:00001e48       $pdata$_raise_exc          0000000180036e48     libucrt:fpexcept.obj
 0004:00001e54       $pdata$_raise_exc_ex       0000000180036e54     libucrt:fpexcept.obj
 0004:00001e60       $pdata$_clrfp              0000000180036e60     libucrt:fpctrl.obj
 0004:00001e6c       $pdata$_ctrlfp             0000000180036e6c     libucrt:fpctrl.obj
 0004:00001e78       $pdata$_statfp             0000000180036e78     libucrt:fpctrl.obj
 0004:00001e84       $pdata$_set_statfp         0000000180036e84     libucrt:fpctrl.obj
 0004:00001e90       $pdata$_IsNonwritableInCurrentImage 0000000180036e90     LIBCMT:pesect.obj
 0004:00001e9c       $pdata$_IsNonwritableInCurrentImage$filt$0 0000000180036e9c     LIBCMT:pesect.obj
 0005:00000000       MoveSmall                  0000000180037000     libvcruntime:memcpy.obj
 0005:00000050       MsetTab                    0000000180037050     libvcruntime:memset.obj
 0006:00000220       $R000000                   0000000180038220     SmartCardRW.res
 0006:00000bc0       $R0009A0                   0000000180038bc0     SmartCardRW.res
 0006:00000ca8       $R000A88                   0000000180038ca8     SmartCardRW.res
 0006:00000f10       $R000CF0                   0000000180038f10     SmartCardRW.res
 0006:00001420       $R001200                   0000000180039420     SmartCardRW.res
 0006:00004458       $R004238                   000000018003c458     SmartCardRW.res
 0006:00004490       $R004270                   000000018003c490     SmartCardRW.res
