 OPOSMotionSensor

 Timestamp is 5d429ec7 (Thu Aug  1 17:11:51 2019)

 Preferred load address is 0000000180000000

 Start         Length     Name                   Class
 0001:00000000 000000c0H .text$di                CODE
 0001:000000c0 0001f900H .text$mn                CODE
 0001:0001f9c0 00000020H .text$mn$00             CODE
 0001:0001f9e0 00000400H .text$x                 CODE
 0001:0001fde0 000000c0H .text$yd                CODE
 0002:00000000 00000618H .idata$5                DATA
 0002:00000618 00000010H .00cfg                  DATA
 0002:00000628 00000008H .CRT$XCA                DATA
 0002:00000630 00000008H .CRT$XCL                DATA
 0002:00000638 00000020H .CRT$XCU                DATA
 0002:00000658 00000008H .CRT$XCZ                DATA
 0002:00000660 00000008H .CRT$XIA                DATA
 0002:00000668 00000020H .CRT$XIC                DATA
 0002:00000688 00000008H .CRT$XIZ                DATA
 0002:00000690 00000008H .CRT$XLA                DATA
 0002:00000698 00000008H .CRT$XLZ                DATA
 0002:000006a0 00000008H .CRT$XPA                DATA
 0002:000006a8 00000010H .CRT$XPX                DATA
 0002:000006b8 00000008H .CRT$XPXA               DATA
 0002:000006c0 00000008H .CRT$XPZ                DATA
 0002:000006c8 00000008H .CRT$XTA                DATA
 0002:000006d0 00000010H .CRT$XTZ                DATA
 0002:000006d8 00000000H .gfids$y                DATA
 0002:000006e0 00009f38H .rdata                  DATA
 0002:0000a618 00000028H .rdata$T                DATA
 0002:0000a640 00000274H .rdata$r                DATA
 0002:0000a8b4 0000040cH .rdata$zzzdbg           DATA
 0002:0000acc0 00000008H .rtc$IAA                DATA
 0002:0000acc8 00000008H .rtc$IZZ                DATA
 0002:0000acd0 00000008H .rtc$TAA                DATA
 0002:0000acd8 00000008H .rtc$TZZ                DATA
 0002:0000ace0 00000004H .tls                    DATA
 0002:0000ace4 00000004H .tls$                   DATA
 0002:0000ace8 00000008H .tls$ZZZ                DATA
 0002:0000acf0 000015f8H .xdata                  DATA
 0002:0000c2e8 00000150H .xdata$x                DATA
 0002:0000c438 00000008H ATL$__a                 DATA
 0002:0000c440 00000010H ATL$__z                 DATA
 0002:0000c450 000000b0H .edata                  DATA
 0002:0000c500 00000078H .idata$2                DATA
 0002:0000c578 00000018H .idata$3                DATA
 0002:0000c590 00000618H .idata$4                DATA
 0002:0000cba8 00000c24H .idata$6                DATA
 0003:00000000 00000d58H .data                   DATA
 0003:00000d58 000000c8H .data$r                 DATA
 0003:00000e20 0000140cH .bss                    DATA
 0004:00000000 00001e00H .pdata                  DATA
 0005:00000000 00000094H _RDATA                  DATA
 0006:00000000 00000220H .rsrc$01                DATA
 0006:00000220 000036a8H .rsrc$02                DATA

  Address         Publics by Value              Rva+Base               Lib:Object

 0000:00000000       __guard_fids_count         0000000000000000     <absolute>
 0000:00000000       ___safe_se_handler_count   0000000000000000     <absolute>
 0000:00000000       __guard_longjmp_count      0000000000000000     <absolute>
 0000:00000000       __guard_longjmp_table      0000000000000000     <absolute>
 0000:00000000       __hybrid_code_map          0000000000000000     <absolute>
 0000:00000000       __guard_iat_table          0000000000000000     <absolute>
 0000:00000000       __guard_iat_count          0000000000000000     <absolute>
 0000:00000000       __hybrid_code_map_count    0000000000000000     <absolute>
 0000:00000000       __volatile_metadata        0000000000000000     <absolute>
 0000:00000000       __enclave_config           0000000000000000     <absolute>
 0000:00000000       __AbsoluteZero             0000000000000000     <absolute>
 0000:00000000       ___safe_se_handler_table   0000000000000000     <absolute>
 0000:00000000       __guard_fids_table         0000000000000000     <absolute>
 0000:00000000       __hybrid_auxiliary_iat     0000000000000000     <absolute>
 0000:00000000       __dynamic_value_reloc_table 0000000000000000     <absolute>
 0000:00000100       __guard_flags              0000000000000100     <absolute>
 0000:00000000       __ImageBase                0000000180000000     <linker-defined>
 0001:000000c0       ?DupWide@_CW@@AEAAXXZ      00000001800010c0 f   CWString.obj
 0001:000000e8       ?cw_dup@@YAXPEBDAEAHAEAPEA_W1@Z 00000001800010e8 f   CWString.obj
 0001:00000194       ?cw_memcpy@@YAHPEA_WPEBDH@Z 0000000180001194 f   CWString.obj
 0001:000001e0       ?cw_strcpy@@YAHPEA_WPEBD@Z 00000001800011e0 f   CWString.obj
 0001:000001f4       ??0CAtlComModule@ATL@@QEAA@XZ 00000001800011f4 f i OposVariant.obj
 0001:00000274       ??0CAtlWinModule@ATL@@QEAA@XZ 0000000180001274 f i OposVariant.obj
 0001:000002e0       ??0OposDispParms@@QEAA@PEAVOposVariant@@H@Z 00000001800012e0 f   OposVariant.obj
 0001:00000388       ??1OposDispParms@@QEAA@XZ  0000000180001388 f   OposVariant.obj
 0001:000003a0       ??_Estringdispid@CComTypeInfoHolder@ATL@@QEAAPEAXI@Z 00000001800013a0 f i OposVariant.obj
 0001:00000444       ?AtlWinModuleTerm@ATL@@YAJPEAU_ATL_WIN_MODULE70@1@PEAUHINSTANCE__@@@Z 0000000180001444 f i OposVariant.obj
 0001:000004f4       ?ChangeBSTR@OposVariant@@QEAAXPEAPEA_WAEAJ@Z 00000001800014f4 f   OposVariant.obj
 0001:00000554       ?ChangeLONG@OposVariant@@QEAAXPEAJAEAJ@Z 0000000180001554 f   OposVariant.obj
 0001:000005b0       ?GetLONG@OposVariant@@QEAAJXZ 00000001800015b0 f   OposVariant.obj
 0001:000005d4       ?SetBSTR@OposVariant@@QEAAXPEA_WAEAJ@Z 00000001800015d4 f   OposVariant.obj
 0001:00000614       ?SetBSTR_Copy@OposVariant@@QEAAXPEA_WAEAJ@Z 0000000180001614 f   OposVariant.obj
 0001:00000684       ?SetBSTR_InOutPtr@OposVariant@@QEAA_NPEAPEA_WAEAJ@Z 0000000180001684 f   OposVariant.obj
 0001:000006d4       ?SetDispatch_Ptr@OposVariant@@QEAAXPEAUIDispatch@@AEAJ@Z 00000001800016d4 f   OposVariant.obj
 0001:0000072c       ?SetLONG@OposVariant@@QEAAXJ@Z 000000018000172c f   OposVariant.obj
 0001:0000075c       ?SetLONG_Ptr@OposVariant@@QEAAXPEAJAEAJ@Z 000000018000175c f   OposVariant.obj
 0001:000007a8       ?SetString@OposVariant@@QEAAXPEB_WAEAJ@Z 00000001800017a8 f   OposVariant.obj
 0001:0000080c       ?SetVARIANT_BOOL@OposVariant@@QEAAXF@Z 000000018000180c f   OposVariant.obj
 0001:00000844       ?Term@CAtlComModule@ATL@@QEAAXXZ 0000000180001844 f i OposVariant.obj
 0001:000008b4       ?_AtlInitializeCriticalSectionEx@ATL@@YAHPEAU_RTL_CRITICAL_SECTION@@KK@Z 00000001800018b4 f i OposVariant.obj
 0001:000008bc       ?_AtlRaiseException@ATL@@YAXKK@Z 00000001800018bc f i OposVariant.obj
 0001:000008cc       ?AddRef@?$CComObjectCached@VCComClassFactory@ATL@@@ATL@@UEAAKXZ 00000001800018cc f i MotionSensor.obj
 0001:000008f8       ?Release@?$CComObjectCached@VCComClassFactory@ATL@@@ATL@@UEAAKXZ 00000001800018f8 f i MotionSensor.obj
 0001:00000938       ?QueryInterface@?$CComObjectCached@VCComClassFactory@ATL@@@ATL@@UEAAJAEBU_GUID@@PEAPEAX@Z 0000000180001938 f i MotionSensor.obj
 0001:0000094c       ??_E?$CComObjectCached@VCComClassFactory@ATL@@@ATL@@UEAAPEAXI@Z 000000018000194c f i MotionSensor.obj
 0001:0000094c       ??_G?$CComObjectCached@VCComClassFactory@ATL@@@ATL@@UEAAPEAXI@Z 000000018000194c f i MotionSensor.obj
 0001:000009a4       ?AddRef@?$CComAggObject@VCOPOSMotionSensor@@@ATL@@UEAAKXZ 00000001800019a4 f i MotionSensor.obj
 0001:000009b0       ?Release@?$CComAggObject@VCOPOSMotionSensor@@@ATL@@UEAAKXZ 00000001800019b0 f i MotionSensor.obj
 0001:00000a04       ?QueryInterface@?$CComAggObject@VCOPOSMotionSensor@@@ATL@@UEAAJAEBU_GUID@@PEAPEAX@Z 0000000180001a04 f i MotionSensor.obj
 0001:00000a64       ?AddRef@?$CComContainedObject@VCOPOSMotionSensor@@@ATL@@UEAAKXZ 0000000180001a64 f i MotionSensor.obj
 0001:00000a74       ?Release@?$CComContainedObject@VCOPOSMotionSensor@@@ATL@@UEAAKXZ 0000000180001a74 f i MotionSensor.obj
 0001:00000a84       ?QueryInterface@?$CComContainedObject@VCOPOSMotionSensor@@@ATL@@UEAAJAEBU_GUID@@PEAPEAX@Z 0000000180001a84 f i MotionSensor.obj
 0001:00000a94       ??_G?$CComAggObject@VCOPOSMotionSensor@@@ATL@@UEAAPEAXI@Z 0000000180001a94 f i MotionSensor.obj
 0001:00000a94       ??_E?$CComAggObject@VCOPOSMotionSensor@@@ATL@@UEAAPEAXI@Z 0000000180001a94 f i MotionSensor.obj
 0001:00000aec       ?AddRef@?$CComObject@VCOPOSMotionSensor@@@ATL@@UEAAKXZ 0000000180001aec f i MotionSensor.obj
 0001:00000afc       ?Release@?$CComObject@VCOPOSMotionSensor@@@ATL@@UEAAKXZ 0000000180001afc f i MotionSensor.obj
 0001:00000b54       ?QueryInterface@?$CComObject@VCOPOSMotionSensor@@@ATL@@UEAAJAEBU_GUID@@PEAPEAX@Z 0000000180001b54 f i MotionSensor.obj
 0001:00000b68       ?Lock@CAtlModule@ATL@@UEAAJXZ 0000000180001b68 f i MotionSensor.obj
 0001:00000b78       ?Unlock@CAtlModule@ATL@@UEAAJXZ 0000000180001b78 f i MotionSensor.obj
 0001:00000b84       ?GetLockCount@CAtlModule@ATL@@UEAAJXZ 0000000180001b84 f i MotionSensor.obj
 0001:00000b88       ?GetGITPtr@CAtlModule@ATL@@UEAAJPEAPEAUIGlobalInterfaceTable@@@Z 0000000180001b88 f i MotionSensor.obj
 0001:00000bf8       ?AddCommonRGSReplacements@?$CAtlModuleT@VCComModule@ATL@@@ATL@@UEAAJPEAUIRegistrarBase@@@Z 0000000180001bf8 f i MotionSensor.obj
 0001:00000c10       ?UpdateRegistryFromResourceD@CComModule@ATL@@UEAAJIHPEAU_ATL_REGMAP_ENTRY@2@@Z 0000000180001c10 f i MotionSensor.obj
 0001:00000c10       ?UpdateRegistryFromResourceD@CComModule@ATL@@UEAAJPEB_WHPEAU_ATL_REGMAP_ENTRY@2@@Z 0000000180001c10 f i MotionSensor.obj
 0001:00000c18       ?UpdateRegistryFromResource@CComModule@ATL@@UEAAJPEB_WHPEAU_ATL_REGMAP_ENTRY@2@@Z 0000000180001c18 f i MotionSensor.obj
 0001:00000c20       ?OnDrawAdvanced@CComControlBase@ATL@@UEAAJAEAUATL_DRAWINFO@@@Z 0000000180001c20 f i MotionSensor.obj
 0001:00000d40       ?UpdateRegistryFromResource@CComModule@ATL@@UEAAJIHPEAU_ATL_REGMAP_ENTRY@2@@Z 0000000180001d40 f i MotionSensor.obj
 0001:00000d48       ??_ECComModule@ATL@@UEAAPEAXI@Z 0000000180001d48 f i MotionSensor.obj
 0001:00000d48       ??_GCComModule@ATL@@UEAAPEAXI@Z 0000000180001d48 f i MotionSensor.obj
 0001:00000dc8       ?Next@?$CComEnumImpl@UIEnumConnections@@$1?_GUID_b196b287_bab4_101a_b69c_00aa00341d07@@3U__s_GUID@@BUtagCONNECTDATA@@V?$_Copy@UtagCONNECTDATA@@@ATL@@@ATL@@UEAAJKPEAUtagCONNECTDATA@@PEAK@Z 0000000180001dc8 f i MotionSensor.obj
 0001:00000e9c       ?Skip@?$CComEnumImpl@UIEnumConnections@@$1?_GUID_b196b287_bab4_101a_b69c_00aa00341d07@@3U__s_GUID@@BUtagCONNECTDATA@@V?$_Copy@UtagCONNECTDATA@@@ATL@@@ATL@@UEAAJK@Z 0000000180001e9c f i MotionSensor.obj
 0001:00000ec8       ?Reset@?$CComEnumImpl@UIEnumConnections@@$1?_GUID_b196b287_bab4_101a_b69c_00aa00341d07@@3U__s_GUID@@BUtagCONNECTDATA@@V?$_Copy@UtagCONNECTDATA@@@ATL@@@ATL@@UEAAJXZ 0000000180001ec8 f i MotionSensor.obj
 0001:00000ec8       ?Reset@?$CComEnumImpl@UIEnumConnectionPoints@@$1?_GUID_b196b285_bab4_101a_b69c_00aa00341d07@@3U__s_GUID@@BPEAUIConnectionPoint@@V?$_CopyInterface@UIConnectionPoint@@@ATL@@@ATL@@UEAAJXZ 0000000180001ec8 f i MotionSensor.obj
 0001:00000ed4       ?Clone@?$CComEnumImpl@UIEnumConnections@@$1?_GUID_b196b287_bab4_101a_b69c_00aa00341d07@@3U__s_GUID@@BUtagCONNECTDATA@@V?$_Copy@UtagCONNECTDATA@@@ATL@@@ATL@@UEAAJPEAPEAUIEnumConnections@@@Z 0000000180001ed4 f i MotionSensor.obj
 0001:00001000       ?AddRef@?$CComObject@V?$CComEnum@UIEnumConnectionPoints@@$1?_GUID_b196b285_bab4_101a_b69c_00aa00341d07@@3U__s_GUID@@BPEAUIConnectionPoint@@V?$_CopyInterface@UIConnectionPoint@@@ATL@@VCComSingleThreadModel@6@@ATL@@@ATL@@UEAAKXZ 0000000180002000 f i MotionSensor.obj
 0001:00001000       ?AddRef@?$CComObject@V?$CComEnum@UIEnumConnections@@$1?_GUID_b196b287_bab4_101a_b69c_00aa00341d07@@3U__s_GUID@@BUtagCONNECTDATA@@V?$_Copy@UtagCONNECTDATA@@@ATL@@VCComSingleThreadModel@6@@ATL@@@ATL@@UEAAKXZ 0000000180002000 f i MotionSensor.obj
 0001:0000100c       ?Release@?$CComObject@V?$CComEnum@UIEnumConnectionPoints@@$1?_GUID_b196b285_bab4_101a_b69c_00aa00341d07@@3U__s_GUID@@BPEAUIConnectionPoint@@V?$_CopyInterface@UIConnectionPoint@@@ATL@@VCComSingleThreadModel@6@@ATL@@@ATL@@UEAAKXZ 000000018000200c f i MotionSensor.obj
 0001:0000100c       ?Release@?$CComObject@V?$CComEnum@UIEnumConnections@@$1?_GUID_b196b287_bab4_101a_b69c_00aa00341d07@@3U__s_GUID@@BUtagCONNECTDATA@@V?$_Copy@UtagCONNECTDATA@@@ATL@@VCComSingleThreadModel@6@@ATL@@@ATL@@UEAAKXZ 000000018000200c f i MotionSensor.obj
 0001:00001060       ?QueryInterface@?$CComObject@V?$CComEnum@UIEnumConnections@@$1?_GUID_b196b287_bab4_101a_b69c_00aa00341d07@@3U__s_GUID@@BUtagCONNECTDATA@@V?$_Copy@UtagCONNECTDATA@@@ATL@@VCComSingleThreadModel@6@@ATL@@@ATL@@UEAAJAEBU_GUID@@PEAPEAX@Z 0000000180002060 f i MotionSensor.obj
 0001:00001074       ??_E?$CComObject@V?$CComEnum@UIEnumConnections@@$1?_GUID_b196b287_bab4_101a_b69c_00aa00341d07@@3U__s_GUID@@BUtagCONNECTDATA@@V?$_Copy@UtagCONNECTDATA@@@ATL@@VCComSingleThreadModel@6@@ATL@@@ATL@@UEAAPEAXI@Z 0000000180002074 f i MotionSensor.obj
 0001:00001074       ??_G?$CComObject@V?$CComEnum@UIEnumConnections@@$1?_GUID_b196b287_bab4_101a_b69c_00aa00341d07@@3U__s_GUID@@BUtagCONNECTDATA@@V?$_Copy@UtagCONNECTDATA@@@ATL@@VCComSingleThreadModel@6@@ATL@@@ATL@@UEAAPEAXI@Z 0000000180002074 f i MotionSensor.obj
 0001:000010cc       ??_E?$CComObject@VCOPOSMotionSensor@@@ATL@@W7EAAPEAXI@Z 00000001800020cc f i MotionSensor.obj
 0001:000010d8       ??_E?$CComObject@VCOPOSMotionSensor@@@ATL@@WHA@EAAPEAXI@Z 00000001800020d8 f i MotionSensor.obj
 0001:000010e4       ?QueryInterface@?$CComObject@VCOPOSMotionSensor@@@ATL@@WLI@EAAJAEBU_GUID@@PEAPEAX@Z 00000001800020e4 f i MotionSensor.obj
 0001:000010f0       ?AddRef@?$CComObject@VCOPOSMotionSensor@@@ATL@@WLI@EAAKXZ 00000001800020f0 f i MotionSensor.obj
 0001:000010fc       ?Release@?$CComObject@VCOPOSMotionSensor@@@ATL@@WLI@EAAKXZ 00000001800020fc f i MotionSensor.obj
 0001:00001108       ?QueryInterface@?$CComObject@VCOPOSMotionSensor@@@ATL@@WMA@EAAJAEBU_GUID@@PEAPEAX@Z 0000000180002108 f i MotionSensor.obj
 0001:00001114       ?AddRef@?$CComObject@VCOPOSMotionSensor@@@ATL@@WMA@EAAKXZ 0000000180002114 f i MotionSensor.obj
 0001:00001120       ?Release@?$CComObject@VCOPOSMotionSensor@@@ATL@@WMA@EAAKXZ 0000000180002120 f i MotionSensor.obj
 0001:0000112c       ?QueryInterface@?$CComObject@VCOPOSMotionSensor@@@ATL@@WMI@EAAJAEBU_GUID@@PEAPEAX@Z 000000018000212c f i MotionSensor.obj
 0001:00001138       ?AddRef@?$CComObject@VCOPOSMotionSensor@@@ATL@@WMI@EAAKXZ 0000000180002138 f i MotionSensor.obj
 0001:00001144       ?Release@?$CComObject@VCOPOSMotionSensor@@@ATL@@WMI@EAAKXZ 0000000180002144 f i MotionSensor.obj
 0001:00001150       ?QueryInterface@?$CComObject@VCOPOSMotionSensor@@@ATL@@WNA@EAAJAEBU_GUID@@PEAPEAX@Z 0000000180002150 f i MotionSensor.obj
 0001:0000115c       ?AddRef@?$CComObject@VCOPOSMotionSensor@@@ATL@@WNA@EAAKXZ 000000018000215c f i MotionSensor.obj
 0001:00001168       ?Release@?$CComObject@VCOPOSMotionSensor@@@ATL@@WNA@EAAKXZ 0000000180002168 f i MotionSensor.obj
 0001:00001174       ?QueryInterface@?$CComObject@VCOPOSMotionSensor@@@ATL@@WNI@EAAJAEBU_GUID@@PEAPEAX@Z 0000000180002174 f i MotionSensor.obj
 0001:00001180       ?AddRef@?$CComObject@VCOPOSMotionSensor@@@ATL@@WNI@EAAKXZ 0000000180002180 f i MotionSensor.obj
 0001:0000118c       ?Release@?$CComObject@VCOPOSMotionSensor@@@ATL@@WNI@EAAKXZ 000000018000218c f i MotionSensor.obj
 0001:00001198       ?QueryInterface@?$CComObject@VCOPOSMotionSensor@@@ATL@@WOA@EAAJAEBU_GUID@@PEAPEAX@Z 0000000180002198 f i MotionSensor.obj
 0001:000011a4       ?AddRef@?$CComObject@VCOPOSMotionSensor@@@ATL@@WOA@EAAKXZ 00000001800021a4 f i MotionSensor.obj
 0001:000011b0       ?Release@?$CComObject@VCOPOSMotionSensor@@@ATL@@WOA@EAAKXZ 00000001800021b0 f i MotionSensor.obj
 0001:000011bc       ?QueryInterface@?$CComObject@VCOPOSMotionSensor@@@ATL@@WOI@EAAJAEBU_GUID@@PEAPEAX@Z 00000001800021bc f i MotionSensor.obj
 0001:000011c8       ?AddRef@?$CComObject@VCOPOSMotionSensor@@@ATL@@WOI@EAAKXZ 00000001800021c8 f i MotionSensor.obj
 0001:000011d4       ?Release@?$CComObject@VCOPOSMotionSensor@@@ATL@@WOI@EAAKXZ 00000001800021d4 f i MotionSensor.obj
 0001:000011e0       ?QueryInterface@?$CComObject@VCOPOSMotionSensor@@@ATL@@WPA@EAAJAEBU_GUID@@PEAPEAX@Z 00000001800021e0 f i MotionSensor.obj
 0001:000011ec       ?AddRef@?$CComObject@VCOPOSMotionSensor@@@ATL@@WPA@EAAKXZ 00000001800021ec f i MotionSensor.obj
 0001:000011f8       ?Release@?$CComObject@VCOPOSMotionSensor@@@ATL@@WPA@EAAKXZ 00000001800021f8 f i MotionSensor.obj
 0001:00001204       ?QueryInterface@?$CComObject@VCOPOSMotionSensor@@@ATL@@WPI@EAAJAEBU_GUID@@PEAPEAX@Z 0000000180002204 f i MotionSensor.obj
 0001:00001210       ?AddRef@?$CComObject@VCOPOSMotionSensor@@@ATL@@WPI@EAAKXZ 0000000180002210 f i MotionSensor.obj
 0001:0000121c       ?Release@?$CComObject@VCOPOSMotionSensor@@@ATL@@WPI@EAAKXZ 000000018000221c f i MotionSensor.obj
 0001:00001228       ?QueryInterface@?$CComObject@VCOPOSMotionSensor@@@ATL@@WBAA@EAAJAEBU_GUID@@PEAPEAX@Z 0000000180002228 f i MotionSensor.obj
 0001:00001234       ?AddRef@?$CComObject@VCOPOSMotionSensor@@@ATL@@WBAA@EAAKXZ 0000000180002234 f i MotionSensor.obj
 0001:00001240       ?Release@?$CComObject@VCOPOSMotionSensor@@@ATL@@WBAA@EAAKXZ 0000000180002240 f i MotionSensor.obj
 0001:0000124c       ?QueryInterface@?$CComObject@VCOPOSMotionSensor@@@ATL@@WBAI@EAAJAEBU_GUID@@PEAPEAX@Z 000000018000224c f i MotionSensor.obj
 0001:00001258       ?AddRef@?$CComObject@VCOPOSMotionSensor@@@ATL@@WBAI@EAAKXZ 0000000180002258 f i MotionSensor.obj
 0001:00001264       ?Release@?$CComObject@VCOPOSMotionSensor@@@ATL@@WBAI@EAAKXZ 0000000180002264 f i MotionSensor.obj
 0001:00001270       ?QueryInterface@?$CComObject@VCOPOSMotionSensor@@@ATL@@WBBA@EAAJAEBU_GUID@@PEAPEAX@Z 0000000180002270 f i MotionSensor.obj
 0001:0000127c       ?AddRef@?$CComObject@VCOPOSMotionSensor@@@ATL@@WBBA@EAAKXZ 000000018000227c f i MotionSensor.obj
 0001:00001288       ?Release@?$CComObject@VCOPOSMotionSensor@@@ATL@@WBBA@EAAKXZ 0000000180002288 f i MotionSensor.obj
 0001:00001294       ?QueryInterface@?$CComObject@VCOPOSMotionSensor@@@ATL@@WBBI@EAAJAEBU_GUID@@PEAPEAX@Z 0000000180002294 f i MotionSensor.obj
 0001:000012a0       ?AddRef@?$CComObject@VCOPOSMotionSensor@@@ATL@@WBBI@EAAKXZ 00000001800022a0 f i MotionSensor.obj
 0001:000012ac       ?ContextSensitiveHelp@?$IOleInPlaceObjectWindowlessImpl@VCOPOSMotionSensor@@@ATL@@UEAAJH@Z 00000001800022ac f i MotionSensor.obj
 0001:000012ac       ?GetMoniker@?$IOleObjectImpl@VCOPOSMotionSensor@@@ATL@@UEAAJKKPEAPEAUIMoniker@@@Z 00000001800022ac f i MotionSensor.obj
 0001:000012ac       ?ContextSensitiveHelp@?$IOleInPlaceActiveObjectImpl@VCOPOSMotionSensor@@@ATL@@UEAAJH@Z 00000001800022ac f i MotionSensor.obj
 0001:000012ac       ?QueryGetData@?$IDataObjectImpl@VCOPOSMotionSensor@@@ATL@@UEAAJPEAUtagFORMATETC@@@Z 00000001800022ac f i MotionSensor.obj
 0001:000012ac       ?GetDataHere@?$IDataObjectImpl@VCOPOSMotionSensor@@@ATL@@UEAAJPEAUtagFORMATETC@@PEAUtagSTGMEDIUM@@@Z 00000001800022ac f i MotionSensor.obj
 0001:000012ac       ?SOErrorDummy@COPOSMotionSensor@@MEAAJJJJPEAJ@Z 00000001800022ac f i MotionSensor.obj
 0001:000012ac       ?QueryInterface@CRegObject@ATL@@UEAAJAEBU_GUID@@PEAPEAX@Z 00000001800022ac f i MotionSensor.obj
 0001:000012ac       ?Freeze@?$IViewObjectExImpl@VCOPOSMotionSensor@@@ATL@@UEAAJKJPEAXPEAK@Z 00000001800022ac f i MotionSensor.obj
 0001:000012ac       ?GetClipboardData@?$IOleObjectImpl@VCOPOSMotionSensor@@@ATL@@UEAAJKPEAPEAUIDataObject@@@Z 00000001800022ac f i MotionSensor.obj
 0001:000012ac       ?GetColorSet@?$IViewObjectExImpl@VCOPOSMotionSensor@@@ATL@@UEAAJKJPEAXPEAUtagDVTARGETDEVICE@@PEAUHDC__@@PEAPEAUtagLOGPALETTE@@@Z 00000001800022ac f i MotionSensor.obj
 0001:000012ac       ?SOOutputCompleteDummy@COPOSMotionSensor@@MEAAJJ@Z 00000001800022ac f i MotionSensor.obj
 0001:000012ac       ?InitFromData@?$IOleObjectImpl@VCOPOSMotionSensor@@@ATL@@UEAAJPEAUIDataObject@@HK@Z 00000001800022ac f i MotionSensor.obj
 0001:000012ac       ?SetColorScheme@?$IOleObjectImpl@VCOPOSMotionSensor@@@ATL@@UEAAJPEAUtagLOGPALETTE@@@Z 00000001800022ac f i MotionSensor.obj
 0001:000012ac       ?SetMoniker@?$IOleObjectImpl@VCOPOSMotionSensor@@@ATL@@UEAAJKPEAUIMoniker@@@Z 00000001800022ac f i MotionSensor.obj
 0001:000012ac       ?ReactivateAndUndo@?$IOleInPlaceObjectWindowlessImpl@VCOPOSMotionSensor@@@ATL@@UEAAJXZ 00000001800022ac f i MotionSensor.obj
 0001:000012ac       ?GetRect@?$IViewObjectExImpl@VCOPOSMotionSensor@@@ATL@@UEAAJKPEAU_RECTL@@@Z 00000001800022ac f i MotionSensor.obj
 0001:000012ac       ?Unfreeze@?$IViewObjectExImpl@VCOPOSMotionSensor@@@ATL@@UEAAJK@Z 00000001800022ac f i MotionSensor.obj
 0001:000012ac       ?SODataDummy@COPOSMotionSensor@@MEAAJJ@Z 00000001800022ac f i MotionSensor.obj
 0001:000012ac       ?GetControlInfo@?$IOleControlImpl@VCOPOSMotionSensor@@@ATL@@UEAAJPEAUtagCONTROLINFO@@@Z 00000001800022ac f i MotionSensor.obj
 0001:000012ac       ?GetDropTarget@?$IOleInPlaceObjectWindowlessImpl@VCOPOSMotionSensor@@@ATL@@UEAAJPEAPEAUIDropTarget@@@Z 00000001800022ac f i MotionSensor.obj
 0001:000012ac       ?OnMnemonic@?$IOleControlImpl@VCOPOSMotionSensor@@@ATL@@UEAAJPEAUtagMSG@@@Z 00000001800022ac f i MotionSensor.obj
 0001:000012ac       ?GetCanonicalFormatEtc@?$IDataObjectImpl@VCOPOSMotionSensor@@@ATL@@UEAAJPEAUtagFORMATETC@@0@Z 00000001800022ac f i MotionSensor.obj
 0001:000012ac       ?SetData@?$IDataObjectImpl@VCOPOSMotionSensor@@@ATL@@UEAAJPEAUtagFORMATETC@@PEAUtagSTGMEDIUM@@H@Z 00000001800022ac f i MotionSensor.obj
 0001:000012ac       ?EnumFormatEtc@?$IDataObjectImpl@VCOPOSMotionSensor@@@ATL@@UEAAJKPEAPEAUIEnumFORMATETC@@@Z 00000001800022ac f i MotionSensor.obj
 0001:000012b4       ?Release@?$CComObject@VCOPOSMotionSensor@@@ATL@@WBBI@EAAKXZ 00000001800022b4 f i MotionSensor.obj
 0001:000012c0       ?AddRef@?$CComObject@VCOPOSMotionSensor@@@ATL@@WBCI@EAAKXZ 00000001800022c0 f i MotionSensor.obj
 0001:000012cc       ?AddRef@CRegObject@ATL@@UEAAKXZ 00000001800022cc f i MotionSensor.obj
 0001:000012cc       _get_startup_argv_mode     00000001800022cc f i LIBCMT:argv_mode.obj
 0001:000012cc       ?FAccessAllowed@?$IObjectSafetyImpl@VCOPOSMotionSensor@@$02@ATL@@MEAAHXZ 00000001800022cc f i MotionSensor.obj
 0001:000012d4       ?Release@?$CComObject@VCOPOSMotionSensor@@@ATL@@WBCI@EAAKXZ 00000001800022d4 f i MotionSensor.obj
 0001:000012e0       ?AddRef@?$CComObject@VCOPOSMotionSensor@@@ATL@@WBEA@EAAKXZ 00000001800022e0 f i MotionSensor.obj
 0001:000012ec       ?Update@?$IOleObjectImpl@VCOPOSMotionSensor@@@ATL@@UEAAJXZ 00000001800022ec f i MotionSensor.obj
 0001:000012ec       ?GetCategoryMap@CComObjectRootBase@ATL@@SAPEBU_ATL_CATMAP_ENTRY@2@XZ 00000001800022ec f i MotionSensor.obj
 0001:000012ec       ?OnAmbientPropertyChange@?$IOleControlImpl@VCOPOSMotionSensor@@@ATL@@UEAAJJ@Z 00000001800022ec f i MotionSensor.obj
 0001:000012ec       ?SaveCompleted@?$IPersistStorageImpl@VCOPOSMotionSensor@@@ATL@@UEAAJPEAUIStorage@@@Z 00000001800022ec f i MotionSensor.obj
 0001:000012ec       ?IsUpToDate@?$IOleObjectImpl@VCOPOSMotionSensor@@@ATL@@UEAAJXZ 00000001800022ec f i MotionSensor.obj
 0001:000012ec       ?GetObjectDescription@?$CComCoClass@VCOPOSMotionSensor@@$1?CLSID_OPOSMotionSensor@@3U_GUID@@B@ATL@@SAPEB_WXZ 00000001800022ec f i MotionSensor.obj
 0001:000012ec       ?ResizeBorder@?$IOleInPlaceActiveObjectImpl@VCOPOSMotionSensor@@@ATL@@UEAAJPEBUtagRECT@@PEAUIOleInPlaceUIWindow@@H@Z 00000001800022ec f i MotionSensor.obj
 0001:000012ec       ?HandsOffStorage@?$IPersistStorageImpl@VCOPOSMotionSensor@@@ATL@@UEAAJXZ 00000001800022ec f i MotionSensor.obj
 0001:000012ec       ?Release@CRegObject@ATL@@UEAAKXZ 00000001800022ec f i MotionSensor.obj
 0001:000012ec       ?OnFrameWindowActivate@?$IOleInPlaceActiveObjectImpl@VCOPOSMotionSensor@@@ATL@@UEAAJH@Z 00000001800022ec f i MotionSensor.obj
 0001:000012ec       ?EnableModeless@?$IOleInPlaceActiveObjectImpl@VCOPOSMotionSensor@@@ATL@@UEAAJH@Z 00000001800022ec f i MotionSensor.obj
 0001:000012ec       ?SetHostNames@?$IOleObjectImpl@VCOPOSMotionSensor@@@ATL@@UEAAJPEB_W0@Z 00000001800022ec f i MotionSensor.obj
 0001:000012f0       ?Release@?$CComObject@VCOPOSMotionSensor@@@ATL@@WBEA@EAAKXZ 00000001800022f0 f i MotionSensor.obj
 0001:000012fc       ?AddReplacement@CRegObject@ATL@@UEAAJPEB_W0@Z 00000001800022fc f i MotionSensor.obj
 0001:0000132c       ?ClearReplacements@CRegObject@ATL@@UEAAJXZ 000000018000232c f i MotionSensor.obj
 0001:00001338       ??_E?$CComContainedObject@VCOPOSMotionSensor@@@ATL@@W7EAAPEAXI@Z 0000000180002338 f i MotionSensor.obj
 0001:00001344       ??_E?$CComContainedObject@VCOPOSMotionSensor@@@ATL@@WHA@EAAPEAXI@Z 0000000180002344 f i MotionSensor.obj
 0001:00001350       ?QueryInterface@?$CComContainedObject@VCOPOSMotionSensor@@@ATL@@WLI@EAAJAEBU_GUID@@PEAPEAX@Z 0000000180002350 f i MotionSensor.obj
 0001:0000135c       ?AddRef@?$CComContainedObject@VCOPOSMotionSensor@@@ATL@@WLI@EAAKXZ 000000018000235c f i MotionSensor.obj
 0001:00001368       ?Release@?$CComContainedObject@VCOPOSMotionSensor@@@ATL@@WLI@EAAKXZ 0000000180002368 f i MotionSensor.obj
 0001:00001374       ?QueryInterface@?$CComContainedObject@VCOPOSMotionSensor@@@ATL@@WMA@EAAJAEBU_GUID@@PEAPEAX@Z 0000000180002374 f i MotionSensor.obj
 0001:00001380       ?AddRef@?$CComContainedObject@VCOPOSMotionSensor@@@ATL@@WMA@EAAKXZ 0000000180002380 f i MotionSensor.obj
 0001:0000138c       ?Release@?$CComContainedObject@VCOPOSMotionSensor@@@ATL@@WMA@EAAKXZ 000000018000238c f i MotionSensor.obj
 0001:00001398       ?QueryInterface@?$CComContainedObject@VCOPOSMotionSensor@@@ATL@@WMI@EAAJAEBU_GUID@@PEAPEAX@Z 0000000180002398 f i MotionSensor.obj
 0001:000013a4       ?AddRef@?$CComContainedObject@VCOPOSMotionSensor@@@ATL@@WMI@EAAKXZ 00000001800023a4 f i MotionSensor.obj
 0001:000013b0       ?Release@?$CComContainedObject@VCOPOSMotionSensor@@@ATL@@WMI@EAAKXZ 00000001800023b0 f i MotionSensor.obj
 0001:000013bc       ?QueryInterface@?$CComContainedObject@VCOPOSMotionSensor@@@ATL@@WNA@EAAJAEBU_GUID@@PEAPEAX@Z 00000001800023bc f i MotionSensor.obj
 0001:000013c8       ?AddRef@?$CComContainedObject@VCOPOSMotionSensor@@@ATL@@WNA@EAAKXZ 00000001800023c8 f i MotionSensor.obj
 0001:000013d4       ?Release@?$CComContainedObject@VCOPOSMotionSensor@@@ATL@@WNA@EAAKXZ 00000001800023d4 f i MotionSensor.obj
 0001:000013e0       ?QueryInterface@?$CComContainedObject@VCOPOSMotionSensor@@@ATL@@WNI@EAAJAEBU_GUID@@PEAPEAX@Z 00000001800023e0 f i MotionSensor.obj
 0001:000013ec       ?AddRef@?$CComContainedObject@VCOPOSMotionSensor@@@ATL@@WNI@EAAKXZ 00000001800023ec f i MotionSensor.obj
 0001:000013f8       ?Release@?$CComContainedObject@VCOPOSMotionSensor@@@ATL@@WNI@EAAKXZ 00000001800023f8 f i MotionSensor.obj
 0001:00001404       ?QueryInterface@?$CComContainedObject@VCOPOSMotionSensor@@@ATL@@WOA@EAAJAEBU_GUID@@PEAPEAX@Z 0000000180002404 f i MotionSensor.obj
 0001:00001410       ?AddRef@?$CComContainedObject@VCOPOSMotionSensor@@@ATL@@WOA@EAAKXZ 0000000180002410 f i MotionSensor.obj
 0001:0000141c       ?Release@?$CComContainedObject@VCOPOSMotionSensor@@@ATL@@WOA@EAAKXZ 000000018000241c f i MotionSensor.obj
 0001:00001428       ?QueryInterface@?$CComContainedObject@VCOPOSMotionSensor@@@ATL@@WOI@EAAJAEBU_GUID@@PEAPEAX@Z 0000000180002428 f i MotionSensor.obj
 0001:00001434       ?AddRef@?$CComContainedObject@VCOPOSMotionSensor@@@ATL@@WOI@EAAKXZ 0000000180002434 f i MotionSensor.obj
 0001:00001440       ?Release@?$CComContainedObject@VCOPOSMotionSensor@@@ATL@@WOI@EAAKXZ 0000000180002440 f i MotionSensor.obj
 0001:0000144c       ?QueryInterface@?$CComContainedObject@VCOPOSMotionSensor@@@ATL@@WPA@EAAJAEBU_GUID@@PEAPEAX@Z 000000018000244c f i MotionSensor.obj
 0001:00001458       ?AddRef@?$CComContainedObject@VCOPOSMotionSensor@@@ATL@@WPA@EAAKXZ 0000000180002458 f i MotionSensor.obj
 0001:00001464       ?Release@?$CComContainedObject@VCOPOSMotionSensor@@@ATL@@WPA@EAAKXZ 0000000180002464 f i MotionSensor.obj
 0001:00001470       ?QueryInterface@?$CComContainedObject@VCOPOSMotionSensor@@@ATL@@WPI@EAAJAEBU_GUID@@PEAPEAX@Z 0000000180002470 f i MotionSensor.obj
 0001:0000147c       ?AddRef@?$CComContainedObject@VCOPOSMotionSensor@@@ATL@@WPI@EAAKXZ 000000018000247c f i MotionSensor.obj
 0001:00001488       ?Release@?$CComContainedObject@VCOPOSMotionSensor@@@ATL@@WPI@EAAKXZ 0000000180002488 f i MotionSensor.obj
 0001:00001494       ??_ECRegObject@ATL@@UEAAPEAXI@Z 0000000180002494 f i MotionSensor.obj
 0001:00001494       ??_GCRegObject@ATL@@UEAAPEAXI@Z 0000000180002494 f i MotionSensor.obj
 0001:00001514       ?QueryInterface@?$CComContainedObject@VCOPOSMotionSensor@@@ATL@@WBAA@EAAJAEBU_GUID@@PEAPEAX@Z 0000000180002514 f i MotionSensor.obj
 0001:00001520       ?AddRef@?$CComContainedObject@VCOPOSMotionSensor@@@ATL@@WBAA@EAAKXZ 0000000180002520 f i MotionSensor.obj
 0001:0000152c       ?Release@?$CComContainedObject@VCOPOSMotionSensor@@@ATL@@WBAA@EAAKXZ 000000018000252c f i MotionSensor.obj
 0001:00001538       ?QueryInterface@?$CComContainedObject@VCOPOSMotionSensor@@@ATL@@WBAI@EAAJAEBU_GUID@@PEAPEAX@Z 0000000180002538 f i MotionSensor.obj
 0001:00001544       ?AddRef@?$CComContainedObject@VCOPOSMotionSensor@@@ATL@@WBAI@EAAKXZ 0000000180002544 f i MotionSensor.obj
 0001:00001550       ?Release@?$CComContainedObject@VCOPOSMotionSensor@@@ATL@@WBAI@EAAKXZ 0000000180002550 f i MotionSensor.obj
 0001:0000155c       ?QueryInterface@?$CComContainedObject@VCOPOSMotionSensor@@@ATL@@WBBA@EAAJAEBU_GUID@@PEAPEAX@Z 000000018000255c f i MotionSensor.obj
 0001:00001568       ?AddRef@?$CComContainedObject@VCOPOSMotionSensor@@@ATL@@WBBA@EAAKXZ 0000000180002568 f i MotionSensor.obj
 0001:00001574       ?Release@?$CComContainedObject@VCOPOSMotionSensor@@@ATL@@WBBA@EAAKXZ 0000000180002574 f i MotionSensor.obj
 0001:00001580       ?QueryInterface@?$CComContainedObject@VCOPOSMotionSensor@@@ATL@@WBBI@EAAJAEBU_GUID@@PEAPEAX@Z 0000000180002580 f i MotionSensor.obj
 0001:0000158c       ?AddRef@?$CComContainedObject@VCOPOSMotionSensor@@@ATL@@WBBI@EAAKXZ 000000018000258c f i MotionSensor.obj
 0001:00001598       ?Release@?$CComContainedObject@VCOPOSMotionSensor@@@ATL@@WBBI@EAAKXZ 0000000180002598 f i MotionSensor.obj
 0001:000015a4       ?AddRef@?$CComContainedObject@VCOPOSMotionSensor@@@ATL@@WBCI@EAAKXZ 00000001800025a4 f i MotionSensor.obj
 0001:000015b0       ?Release@?$CComContainedObject@VCOPOSMotionSensor@@@ATL@@WBCI@EAAKXZ 00000001800025b0 f i MotionSensor.obj
 0001:000015bc       ?AddRef@?$CComContainedObject@VCOPOSMotionSensor@@@ATL@@WBEA@EAAKXZ 00000001800025bc f i MotionSensor.obj
 0001:000015c8       ?Release@?$CComContainedObject@VCOPOSMotionSensor@@@ATL@@WBEA@EAAKXZ 00000001800025c8 f i MotionSensor.obj
 0001:000015d4       ?GetWindowProc@?$CWindowImplBaseT@VCWindow@ATL@@V?$CWinTraits@$0FGAAAAAA@$0A@@2@@ATL@@UEAAP6A_JPEAUHWND__@@I_K_J@ZXZ 00000001800025d4 f i MotionSensor.obj
 0001:000015dc       ?StartWindowProc@?$CWindowImplBaseT@VCWindow@ATL@@V?$CWinTraits@$0FGAAAAAA@$0A@@2@@ATL@@SA_JPEAUHWND__@@I_K_J@Z 00000001800025dc f i MotionSensor.obj
 0001:000016a0       ?ObjectMain@CComObjectRootBase@ATL@@SAX_N@Z 00000001800026a0 f i MotionSensor.obj
 0001:000016a0       _guard_check_icall_nop     00000001800026a0 f i LIBCMT:guard_support.obj
 0001:000016a0       ?OnFinalMessage@?$CWindowImplBaseT@VCWindow@ATL@@V?$CWinTraits@$0FGAAAAAA@$0A@@2@@ATL@@UEAAXPEAUHWND__@@@Z 00000001800026a0 f i MotionSensor.obj
 0001:000016a4       ?GetTypeInfoCount@?$IDispatchImpl@UIOPOSMotionSensor@@$1?IID_IOPOSMotionSensor@@3U_GUID@@B$1?LIBID_OposMotionSensor_CCO@@3U3@B$00$0A@VCComTypeInfoHolder@ATL@@@ATL@@UEAAJPEAI@Z 00000001800026a4 f i MotionSensor.obj
 0001:000016b8       ?GetTypeInfo@?$IDispatchImpl@UIOPOSMotionSensor@@$1?IID_IOPOSMotionSensor@@3U_GUID@@B$1?LIBID_OposMotionSensor_CCO@@3U3@B$00$0A@VCComTypeInfoHolder@ATL@@@ATL@@UEAAJIKPEAPEAUITypeInfo@@@Z 00000001800026b8 f i MotionSensor.obj
 0001:0000171c       ?GetIDsOfNames@?$IDispatchImpl@UIOPOSMotionSensor@@$1?IID_IOPOSMotionSensor@@3U_GUID@@B$1?LIBID_OposMotionSensor_CCO@@3U3@B$00$0A@VCComTypeInfoHolder@ATL@@@ATL@@UEAAJAEBU_GUID@@PEAPEA_WIKPEAJ@Z 000000018000271c f i MotionSensor.obj
 0001:00001728       ?Invoke@?$IDispatchImpl@UIOPOSMotionSensor@@$1?IID_IOPOSMotionSensor@@3U_GUID@@B$1?LIBID_OposMotionSensor_CCO@@3U3@B$00$0A@VCComTypeInfoHolder@ATL@@@ATL@@UEAAJJAEBU_GUID@@KGPEAUtagDISPPARAMS@@PEAUtagVARIANT@@PEAUtagEXCEPINFO@@PEAI@Z 0000000180002728 f i MotionSensor.obj
 0001:000017b8       ?CreateControlWindow@?$CComControl@VCOPOSMotionSensor@@V?$CWindowImpl@VCOPOSMotionSensor@@VCWindow@ATL@@V?$CWinTraits@$0FGAAAAAA@$0A@@3@@ATL@@@ATL@@UEAAPEAUHWND__@@PEAU3@AEAUtagRECT@@@Z 00000001800027b8 f i MotionSensor.obj
 0001:000017f0       ?ControlQueryInterface@?$CComControl@VCOPOSMotionSensor@@V?$CWindowImpl@VCOPOSMotionSensor@@VCWindow@ATL@@V?$CWinTraits@$0FGAAAAAA@$0A@@3@@ATL@@@ATL@@UEAAJAEBU_GUID@@PEAPEAX@Z 00000001800027f0 f i MotionSensor.obj
 0001:00001804       ?GetClassID@?$IPersistStorageImpl@VCOPOSMotionSensor@@@ATL@@UEAAJPEAU_GUID@@@Z 0000000180002804 f i MotionSensor.obj
 0001:00001804       ?GetUserClassID@?$IOleObjectImpl@VCOPOSMotionSensor@@@ATL@@UEAAJPEAU_GUID@@@Z 0000000180002804 f i MotionSensor.obj
 0001:00001804       ?GetClassID@?$IPersistStreamInitImpl@VCOPOSMotionSensor@@@ATL@@UEAAJPEAU_GUID@@@Z 0000000180002804 f i MotionSensor.obj
 0001:00001820       ?IsDirty@?$IPersistStreamInitImpl@VCOPOSMotionSensor@@@ATL@@UEAAJXZ 0000000180002820 f i MotionSensor.obj
 0001:0000183c       ?Load@?$IPersistStreamInitImpl@VCOPOSMotionSensor@@@ATL@@UEAAJPEAUIStream@@@Z 000000018000283c f i MotionSensor.obj
 0001:0000188c       ?Save@?$IPersistStreamInitImpl@VCOPOSMotionSensor@@@ATL@@UEAAJPEAUIStream@@H@Z 000000018000288c f i MotionSensor.obj
 0001:000018f0       ?GetSizeMax@?$IPersistStreamInitImpl@VCOPOSMotionSensor@@@ATL@@UEAAJPEAT_ULARGE_INTEGER@@@Z 00000001800028f0 f i MotionSensor.obj
 0001:00001b1c       ?InitNew@?$IPersistStreamInitImpl@VCOPOSMotionSensor@@@ATL@@UEAAJXZ 0000000180002b1c f i MotionSensor.obj
 0001:00001b34       ?SetClientSite@?$IOleObjectImpl@VCOPOSMotionSensor@@@ATL@@UEAAJPEAUIOleClientSite@@@Z 0000000180002b34 f i MotionSensor.obj
 0001:00001b50       ?GetClientSite@?$IOleObjectImpl@VCOPOSMotionSensor@@@ATL@@UEAAJPEAPEAUIOleClientSite@@@Z 0000000180002b50 f i MotionSensor.obj
 0001:00001b98       ?Close@?$IOleObjectImpl@VCOPOSMotionSensor@@@ATL@@UEAAJK@Z 0000000180002b98 f i MotionSensor.obj
 0001:00001bb4       ?DoVerb@?$IOleObjectImpl@VCOPOSMotionSensor@@@ATL@@UEAAJJPEAUtagMSG@@PEAUIOleClientSite@@JPEAUHWND__@@PEBUtagRECT@@@Z 0000000180002bb4 f i MotionSensor.obj
 0001:00001d58       ?EnumVerbs@?$IOleObjectImpl@VCOPOSMotionSensor@@@ATL@@UEAAJPEAPEAUIEnumOLEVERB@@@Z 0000000180002d58 f i MotionSensor.obj
 0001:00001d74       ?GetUserType@?$IOleObjectImpl@VCOPOSMotionSensor@@@ATL@@UEAAJKPEAPEA_W@Z 0000000180002d74 f i MotionSensor.obj
 0001:00001d84       ?SetExtent@?$IOleObjectImpl@VCOPOSMotionSensor@@@ATL@@UEAAJKPEAUtagSIZE@@@Z 0000000180002d84 f i MotionSensor.obj
 0001:00001da0       ?GetExtent@?$IOleObjectImpl@VCOPOSMotionSensor@@@ATL@@UEAAJKPEAUtagSIZE@@@Z 0000000180002da0 f i MotionSensor.obj
 0001:00001dd0       ?Advise@?$IOleObjectImpl@VCOPOSMotionSensor@@@ATL@@UEAAJPEAUIAdviseSink@@PEAK@Z 0000000180002dd0 f i MotionSensor.obj
 0001:00001e2c       ?Unadvise@?$IOleObjectImpl@VCOPOSMotionSensor@@@ATL@@UEAAJK@Z 0000000180002e2c f i MotionSensor.obj
 0001:00001e64       ?EnumAdvise@?$IOleObjectImpl@VCOPOSMotionSensor@@@ATL@@UEAAJPEAPEAUIEnumSTATDATA@@@Z 0000000180002e64 f i MotionSensor.obj
 0001:00001eac       ?GetMiscStatus@?$IOleObjectImpl@VCOPOSMotionSensor@@@ATL@@UEAAJKPEAK@Z 0000000180002eac f i MotionSensor.obj
 0001:00001ebc       ?GetWindow@?$IOleInPlaceActiveObjectImpl@VCOPOSMotionSensor@@@ATL@@UEAAJPEAPEAUHWND__@@@Z 0000000180002ebc f i MotionSensor.obj
 0001:00001f10       ?TranslateAcceleratorW@?$IOleInPlaceActiveObjectImpl@VCOPOSMotionSensor@@@ATL@@UEAAJPEAUtagMSG@@@Z 0000000180002f10 f i MotionSensor.obj
 0001:00002004       ?OnDocWindowActivate@?$IOleInPlaceActiveObjectImpl@VCOPOSMotionSensor@@@ATL@@UEAAJH@Z 0000000180003004 f i MotionSensor.obj
 0001:00002030       ?Draw@?$IViewObjectExImpl@VCOPOSMotionSensor@@@ATL@@UEAAJKJPEAXPEAUtagDVTARGETDEVICE@@PEAUHDC__@@2PEBU_RECTL@@3P6AH_K@Z4@Z 0000000180003030 f i MotionSensor.obj
 0001:00002094       ?SetAdvise@?$IViewObjectExImpl@VCOPOSMotionSensor@@@ATL@@UEAAJKKPEAUIAdviseSink@@@Z 0000000180003094 f i MotionSensor.obj
 0001:000020e8       ?GetAdvise@?$IViewObjectExImpl@VCOPOSMotionSensor@@@ATL@@UEAAJPEAK0PEAPEAUIAdviseSink@@@Z 00000001800030e8 f i MotionSensor.obj
 0001:00002124       ?GetExtent@?$IViewObjectExImpl@VCOPOSMotionSensor@@@ATL@@UEAAJKJPEAUtagDVTARGETDEVICE@@PEAUtagSIZE@@@Z 0000000180003124 f i MotionSensor.obj
 0001:00002154       ?GetViewStatus@?$IViewObjectExImpl@VCOPOSMotionSensor@@@ATL@@UEAAJPEAK@Z 0000000180003154 f i MotionSensor.obj
 0001:00002168       ?QueryHitPoint@?$IViewObjectExImpl@VCOPOSMotionSensor@@@ATL@@UEAAJKPEBUtagRECT@@UtagPOINT@@JPEAK@Z 0000000180003168 f i MotionSensor.obj
 0001:000021ac       ?QueryHitRect@?$IViewObjectExImpl@VCOPOSMotionSensor@@@ATL@@UEAAJKPEBUtagRECT@@0JPEAK@Z 00000001800031ac f i MotionSensor.obj
 0001:00002214       ?GetNaturalExtent@?$IViewObjectExImpl@VCOPOSMotionSensor@@@ATL@@UEAAJKJPEAUtagDVTARGETDEVICE@@PEAUHDC__@@PEAUtagExtentInfo@@PEAUtagSIZE@@@Z 0000000180003214 f i MotionSensor.obj
 0001:0000225c       ?GetWindow@?$IOleInPlaceObjectWindowlessImpl@VCOPOSMotionSensor@@@ATL@@UEAAJPEAPEAUHWND__@@@Z 000000018000325c f i MotionSensor.obj
 0001:000022b0       ?InPlaceDeactivate@?$IOleInPlaceObjectWindowlessImpl@VCOPOSMotionSensor@@@ATL@@UEAAJXZ 00000001800032b0 f i MotionSensor.obj
 0001:000022cc       ?UIDeactivate@?$IOleInPlaceObjectWindowlessImpl@VCOPOSMotionSensor@@@ATL@@UEAAJXZ 00000001800032cc f i MotionSensor.obj
 0001:000022e8       ?SetObjectRects@?$IOleInPlaceObjectWindowlessImpl@VCOPOSMotionSensor@@@ATL@@UEAAJPEBUtagRECT@@0@Z 00000001800032e8 f i MotionSensor.obj
 0001:00002304       ?OnWindowMessage@?$IOleInPlaceObjectWindowlessImpl@VCOPOSMotionSensor@@@ATL@@UEAAJI_K_JPEA_J@Z 0000000180003304 f i MotionSensor.obj
 0001:000023cc       ?EnumConnectionPoints@?$IConnectionPointContainerImpl@VCOPOSMotionSensor@@@ATL@@UEAAJPEAPEAUIEnumConnectionPoints@@@Z 00000001800033cc f i MotionSensor.obj
 0001:000025ec       ?FindConnectionPoint@?$IConnectionPointContainerImpl@VCOPOSMotionSensor@@@ATL@@UEAAJAEBU_GUID@@PEAPEAUIConnectionPoint@@@Z 00000001800035ec f i MotionSensor.obj
 0001:000026bc       ?IsDirty@?$IPersistStorageImpl@VCOPOSMotionSensor@@@ATL@@UEAAJXZ 00000001800036bc f i MotionSensor.obj
 0001:00002700       ?InitNew@?$IPersistStorageImpl@VCOPOSMotionSensor@@@ATL@@UEAAJPEAUIStorage@@@Z 0000000180003700 f i MotionSensor.obj
 0001:00002744       ?Load@?$IPersistStorageImpl@VCOPOSMotionSensor@@@ATL@@UEAAJPEAUIStorage@@@Z 0000000180003744 f i MotionSensor.obj
 0001:000027e4       ?Save@?$IPersistStorageImpl@VCOPOSMotionSensor@@@ATL@@UEAAJPEAUIStorage@@H@Z 00000001800037e4 f i MotionSensor.obj
 0001:00002894       ?GetPages@?$ISpecifyPropertyPagesImpl@VCOPOSMotionSensor@@@ATL@@UEAAJPEAUtagCAUUID@@@Z 0000000180003894 f i MotionSensor.obj
 0001:000028a0       ?QuickActivate@?$IQuickActivateImpl@VCOPOSMotionSensor@@@ATL@@UEAAJPEAUtagQACONTAINER@@PEAUtagQACONTROL@@@Z 00000001800038a0 f i MotionSensor.obj
 0001:000028bc       ?SetContentExtent@?$IQuickActivateImpl@VCOPOSMotionSensor@@@ATL@@UEAAJPEAUtagSIZE@@@Z 00000001800038bc f i MotionSensor.obj
 0001:000028f0       ?GetContentExtent@?$IQuickActivateImpl@VCOPOSMotionSensor@@@ATL@@UEAAJPEAUtagSIZE@@@Z 00000001800038f0 f i MotionSensor.obj
 0001:00002928       ?GetData@?$IDataObjectImpl@VCOPOSMotionSensor@@@ATL@@UEAAJPEAUtagFORMATETC@@PEAUtagSTGMEDIUM@@@Z 0000000180003928 f i MotionSensor.obj
 0001:00002944       ?DAdvise@?$IDataObjectImpl@VCOPOSMotionSensor@@@ATL@@UEAAJPEAUtagFORMATETC@@KPEAUIAdviseSink@@PEAK@Z 0000000180003944 f i MotionSensor.obj
 0001:000029cc       ?DUnadvise@?$IDataObjectImpl@VCOPOSMotionSensor@@@ATL@@UEAAJK@Z 00000001800039cc f i MotionSensor.obj
 0001:000029f8       ?EnumDAdvise@?$IDataObjectImpl@VCOPOSMotionSensor@@@ATL@@UEAAJPEAPEAUIEnumSTATDATA@@@Z 00000001800039f8 f i MotionSensor.obj
 0001:00002a34       ?GetClassInfoW@?$IProvideClassInfo2Impl@$1?CLSID_OPOSMotionSensor@@3U_GUID@@B$1?DIID__IOPOSMotionSensorEvents@@3U2@B$1?LIBID_OposMotionSensor_CCO@@3U2@B$00$0A@VCComTypeInfoHolder@ATL@@@ATL@@UEAAJPEAPEAUITypeInfo@@@Z 0000000180003a34 f i MotionSensor.obj
 0001:00002a8c       ?GetGUID@?$IProvideClassInfo2Impl@$1?CLSID_OPOSMotionSensor@@3U_GUID@@B$1?DIID__IOPOSMotionSensorEvents@@3U2@B$1?LIBID_OposMotionSensor_CCO@@3U2@B$00$0A@VCComTypeInfoHolder@ATL@@@ATL@@UEAAJKPEAU_GUID@@@Z 0000000180003a8c f i MotionSensor.obj
 0001:00002ac0       ?GetInterfaceSafetyOptions@?$IObjectSafetyImpl@VCOPOSMotionSensor@@$02@ATL@@UEAAJAEBU_GUID@@PEAK1@Z 0000000180003ac0 f i MotionSensor.obj
 0001:00002b54       ?SetInterfaceSafetyOptions@?$IObjectSafetyImpl@VCOPOSMotionSensor@@$02@ATL@@UEAAJAEBU_GUID@@KK@Z 0000000180003b54 f i MotionSensor.obj
 0001:00002bf8       ?_LocCPQueryInterface@?$IConnectionPointImpl@VCOPOSMotionSensor@@$1?DIID__IOPOSMotionSensorEvents@@3U_GUID@@BVCComDynamicUnkArray@ATL@@@ATL@@UEAAJAEBU_GUID@@PEAPEAX@Z 0000000180003bf8 f i MotionSensor.obj
 0001:00002bf8       ?_LocCPQueryInterface@?$IConnectionPointImpl@VCOPOSMotionSensor@@$1?IID_IPropertyNotifySink@@3U_GUID@@BVCComDynamicUnkArray@ATL@@@ATL@@UEAAJAEBU_GUID@@PEAPEAX@Z 0000000180003bf8 f i MotionSensor.obj
 0001:00002c6c       ?GetConnectionInterface@?$IConnectionPointImpl@VCOPOSMotionSensor@@$1?IID_IPropertyNotifySink@@3U_GUID@@BVCComDynamicUnkArray@ATL@@@ATL@@UEAAJPEAU_GUID@@@Z 0000000180003c6c f i MotionSensor.obj
 0001:00002c88       ?GetConnectionPointContainer@?$IConnectionPointImpl@VCOPOSMotionSensor@@$1?IID_IPropertyNotifySink@@3U_GUID@@BVCComDynamicUnkArray@ATL@@@ATL@@UEAAJPEAPEAUIConnectionPointContainer@@@Z 0000000180003c88 f i MotionSensor.obj
 0001:00002ca8       ?Advise@?$IConnectionPointImpl@VCOPOSMotionSensor@@$1?IID_IPropertyNotifySink@@3U_GUID@@BVCComDynamicUnkArray@ATL@@@ATL@@UEAAJPEAUIUnknown@@PEAK@Z 0000000180003ca8 f i MotionSensor.obj
 0001:00002ca8       ?Advise@?$IConnectionPointImpl@VCOPOSMotionSensor@@$1?DIID__IOPOSMotionSensorEvents@@3U_GUID@@BVCComDynamicUnkArray@ATL@@@ATL@@UEAAJPEAUIUnknown@@PEAK@Z 0000000180003ca8 f i MotionSensor.obj
 0001:00002d68       ?Unadvise@?$IConnectionPointImpl@VCOPOSMotionSensor@@$1?IID_IPropertyNotifySink@@3U_GUID@@BVCComDynamicUnkArray@ATL@@@ATL@@UEAAJK@Z 0000000180003d68 f i MotionSensor.obj
 0001:00002d68       ?Unadvise@?$IConnectionPointImpl@VCOPOSMotionSensor@@$1?DIID__IOPOSMotionSensorEvents@@3U_GUID@@BVCComDynamicUnkArray@ATL@@@ATL@@UEAAJK@Z 0000000180003d68 f i MotionSensor.obj
 0001:00002de4       ?EnumConnections@?$IConnectionPointImpl@VCOPOSMotionSensor@@$1?IID_IPropertyNotifySink@@3U_GUID@@BVCComDynamicUnkArray@ATL@@@ATL@@UEAAJPEAPEAUIEnumConnections@@@Z 0000000180003de4 f i MotionSensor.obj
 0001:00002de4       ?EnumConnections@?$IConnectionPointImpl@VCOPOSMotionSensor@@$1?DIID__IOPOSMotionSensorEvents@@3U_GUID@@BVCComDynamicUnkArray@ATL@@@ATL@@UEAAJPEAPEAUIEnumConnections@@@Z 0000000180003de4 f i MotionSensor.obj
 0001:00002f8c       ?GetConnectionInterface@?$IConnectionPointImpl@VCOPOSMotionSensor@@$1?DIID__IOPOSMotionSensorEvents@@3U_GUID@@BVCComDynamicUnkArray@ATL@@@ATL@@UEAAJPEAU_GUID@@@Z 0000000180003f8c f i MotionSensor.obj
 0001:00002fa8       ?GetConnectionPointContainer@?$IConnectionPointImpl@VCOPOSMotionSensor@@$1?DIID__IOPOSMotionSensorEvents@@3U_GUID@@BVCComDynamicUnkArray@ATL@@@ATL@@UEAAJPEAPEAUIConnectionPointContainer@@@Z 0000000180003fa8 f i MotionSensor.obj
 0001:00002fc8       ?UpdateRegistry@COPOSMotionSensor@@SAJH@Z 0000000180003fc8 f i MotionSensor.obj
 0001:00002fe0       ?ProcessWindowMessage@COPOSMotionSensor@@UEAAHPEAUHWND__@@I_K_JAEA_JK@Z 0000000180003fe0 f i MotionSensor.obj
 0001:00003068       ?SODirectIO@COPOSMotionSensor@@MEAAJJPEAJPEAPEA_W@Z 0000000180004068 f i MotionSensor.obj
 0001:000030e0       ?SOStatusUpdate@COPOSMotionSensor@@MEAAJJ@Z 00000001800040e0 f i MotionSensor.obj
 0001:00003130       ?CreateInstance@?$CComCreator@V?$CComObjectCached@VCComClassFactory@ATL@@@ATL@@@ATL@@SAJPEAXAEBU_GUID@@PEAPEAX@Z 0000000180004130 f i MotionSensor.obj
 0001:00003238       ?CreateInstance@?$CComCreator2@V?$CComCreator@V?$CComObject@VCOPOSMotionSensor@@@ATL@@@ATL@@V?$CComCreator@V?$CComAggObject@VCOPOSMotionSensor@@@ATL@@@2@@ATL@@SAJPEAXAEBU_GUID@@PEAPEAX@Z 0000000180004238 f i MotionSensor.obj
 0001:00003248       ?Next@?$CComEnumImpl@UIEnumConnectionPoints@@$1?_GUID_b196b285_bab4_101a_b69c_00aa00341d07@@3U__s_GUID@@BPEAUIConnectionPoint@@V?$_CopyInterface@UIConnectionPoint@@@ATL@@@ATL@@UEAAJKPEAPEAUIConnectionPoint@@PEAK@Z 0000000180004248 f i MotionSensor.obj
 0001:00003314       ?Skip@?$CComEnumImpl@UIEnumConnectionPoints@@$1?_GUID_b196b285_bab4_101a_b69c_00aa00341d07@@3U__s_GUID@@BPEAUIConnectionPoint@@V?$_CopyInterface@UIConnectionPoint@@@ATL@@@ATL@@UEAAJK@Z 0000000180004314 f i MotionSensor.obj
 0001:00003340       ?Clone@?$CComEnumImpl@UIEnumConnectionPoints@@$1?_GUID_b196b285_bab4_101a_b69c_00aa00341d07@@3U__s_GUID@@BPEAUIConnectionPoint@@V?$_CopyInterface@UIConnectionPoint@@@ATL@@@ATL@@UEAAJPEAPEAUIEnumConnectionPoints@@@Z 0000000180004340 f i MotionSensor.obj
 0001:0000346c       ?QueryInterface@?$CComObject@V?$CComEnum@UIEnumConnectionPoints@@$1?_GUID_b196b285_bab4_101a_b69c_00aa00341d07@@3U__s_GUID@@BPEAUIConnectionPoint@@V?$_CopyInterface@UIConnectionPoint@@@ATL@@VCComSingleThreadModel@6@@ATL@@@ATL@@UEAAJAEBU_GUID@@PEAPEAX@Z 000000018000446c f i MotionSensor.obj
 0001:00003480       ??_E?$CComObject@V?$CComEnum@UIEnumConnectionPoints@@$1?_GUID_b196b285_bab4_101a_b69c_00aa00341d07@@3U__s_GUID@@BPEAUIConnectionPoint@@V?$_CopyInterface@UIConnectionPoint@@@ATL@@VCComSingleThreadModel@6@@ATL@@@ATL@@UEAAPEAXI@Z 0000000180004480 f i MotionSensor.obj
 0001:00003480       ??_G?$CComObject@V?$CComEnum@UIEnumConnectionPoints@@$1?_GUID_b196b285_bab4_101a_b69c_00aa00341d07@@3U__s_GUID@@BPEAUIConnectionPoint@@V?$_CopyInterface@UIConnectionPoint@@@ATL@@VCComSingleThreadModel@6@@ATL@@@ATL@@UEAAPEAXI@Z 0000000180004480 f i MotionSensor.obj
 0001:000034d8       ?CreateInstance@CComClassFactory@ATL@@UEAAJPEAUIUnknown@@AEBU_GUID@@PEAPEAX@Z 00000001800044d8 f i MotionSensor.obj
 0001:00003538       ?LockServer@CComClassFactory@ATL@@UEAAJH@Z 0000000180004538 f i MotionSensor.obj
 0001:0000355c       ??_GCComClassFactory@ATL@@UEAAPEAXI@Z 000000018000455c f i MotionSensor.obj
 0001:0000355c       ??_ECComClassFactory@ATL@@UEAAPEAXI@Z 000000018000455c f i MotionSensor.obj
 0001:000035ac       ??$AtlModuleRegisterWndClassInfoT@VAtlModuleRegisterWndClassInfoParamW@ATL@@@ATL@@YAGPEAU_ATL_BASE_MODULE70@0@PEAU_ATL_WIN_MODULE70@0@PEAU_ATL_WNDCLASSINFOW@0@PEAP6A_JPEAUHWND__@@I_K_J@ZVAtlModuleRegisterWndClassInfoParamW@0@@Z 00000001800045ac f i MotionSensor.obj
 0001:000037ac       ??0?$CComContainedObject@VCOPOSMotionSensor@@@ATL@@QEAA@PEAX@Z 00000001800047ac f i MotionSensor.obj
 0001:000038c8       ??0?$CComObject@VCOPOSMotionSensor@@@ATL@@QEAA@PEAX@Z 00000001800048c8 f i MotionSensor.obj
 0001:000039e0       ??0CAtlModule@ATL@@QEAA@XZ 00000001800049e0 f i MotionSensor.obj
 0001:00003a54       ??1?$CComEnumImpl@UIEnumConnectionPoints@@$1?_GUID_b196b285_bab4_101a_b69c_00aa00341d07@@3U__s_GUID@@BPEAUIConnectionPoint@@V?$_CopyInterface@UIConnectionPoint@@@ATL@@@ATL@@UEAA@XZ 0000000180004a54 f i MotionSensor.obj
 0001:00003ab0       ??1?$CComEnumImpl@UIEnumConnections@@$1?_GUID_b196b287_bab4_101a_b69c_00aa00341d07@@3U__s_GUID@@BUtagCONNECTDATA@@V?$_Copy@UtagCONNECTDATA@@@ATL@@@ATL@@UEAA@XZ 0000000180004ab0 f i MotionSensor.obj
 0001:00003b0c       ??1?$CComObject@VCOPOSMotionSensor@@@ATL@@UEAA@XZ 0000000180004b0c f i MotionSensor.obj
 0001:00003c2c       ??_E?$CComContainedObject@VCOPOSMotionSensor@@@ATL@@UEAAPEAXI@Z 0000000180004c2c f i MotionSensor.obj
 0001:00003c2c       ??_G?$CComContainedObject@VCOPOSMotionSensor@@@ATL@@UEAAPEAXI@Z 0000000180004c2c f i MotionSensor.obj
 0001:00003c60       ??_E?$CComObject@VCOPOSMotionSensor@@@ATL@@UEAAPEAXI@Z 0000000180004c60 f i MotionSensor.obj
 0001:00003c60       ??_G?$CComObject@VCOPOSMotionSensor@@@ATL@@UEAAPEAXI@Z 0000000180004c60 f i MotionSensor.obj
 0001:00003c94       ?Add@?$CSimpleArray@GV?$CSimpleArrayEqualHelper@G@ATL@@@ATL@@QEAAHAEBG@Z 0000000180004c94 f i MotionSensor.obj
 0001:00003d48       ?Add@?$CSimpleMap@PEA_WPEA_WVCExpansionVectorEqualHelper@ATL@@@ATL@@QEAAHAEBQEA_W0@Z 0000000180004d48 f i MotionSensor.obj
 0001:00003de8       ?Add@CComDynamicUnkArray@ATL@@QEAAKPEAUIUnknown@@@Z 0000000180004de8 f i MotionSensor.obj
 0001:00003ed0       ?Add@CExpansionVector@ATL@@QEAAHPEB_W0@Z 0000000180004ed0 f i MotionSensor.obj
 0001:00004060       ?AddValue@CRegParser@ATL@@IEAAJAEAVCRegKey@2@PEB_WPEA_W@Z 0000000180005060 f i MotionSensor.obj
 0001:000044a8       ?AllocateHeap@?$CTempBuffer@_W$0BAA@VCCRTAllocator@ATL@@@ATL@@AEAAX_K@Z 00000001800054a8 f i MotionSensor.obj
 0001:000044a8       ?AllocateHeap@?$CTempBuffer@E$0BAA@VCCRTAllocator@ATL@@@ATL@@AEAAX_K@Z 00000001800054a8 f i MotionSensor.obj
 0001:000044a8       ?AllocateHeap@?$CTempBuffer@_W$0EAA@VCCRTAllocator@ATL@@@ATL@@AEAAX_K@Z 00000001800054a8 f i MotionSensor.obj
 0001:000044d4       ?Append@CParseBuffer@CRegParser@ATL@@QEAAHPEB_WH@Z 00000001800054d4 f i MotionSensor.obj
 0001:000045ec       ?AtlCallTermFunc@ATL@@YAXPEAU_ATL_MODULE70@1@@Z 00000001800055ec f i MotionSensor.obj
 0001:00004650       ?AtlComModuleGetClassObject@ATL@@YAJPEAU_ATL_COM_MODULE70@1@AEBU_GUID@@1PEAPEAX@Z 0000000180005650 f i MotionSensor.obj
 0001:00004790       ?AtlComModuleRegisterServer@ATL@@YAJPEAU_ATL_COM_MODULE70@1@HPEBU_GUID@@@Z 0000000180005790 f i MotionSensor.obj
 0001:00004850       ?AtlComModuleUnregisterServer@ATL@@YAJPEAU_ATL_COM_MODULE70@1@HPEBU_GUID@@@Z 0000000180005850 f i MotionSensor.obj
 0001:0000490c       ?AtlCreateTargetDC@ATL@@YAPEAUHDC__@@PEAU2@PEAUtagDVTARGETDEVICE@@@Z 000000018000590c f i MotionSensor.obj
 0001:00004980       ?AtlHiMetricToPixel@ATL@@YAXPEBUtagSIZE@@PEAU2@@Z 0000000180005980 f i MotionSensor.obj
 0001:00004a30       ?AtlHresultFromLastError@ATL@@YAJXZ 0000000180005a30 f i MotionSensor.obj
 0001:00004a50       ?AtlHresultFromWin32@ATL@@YAJK@Z 0000000180005a50 f i MotionSensor.obj
 0001:00004a60       ?AtlIPersistStreamInit_Load@ATL@@YAJPEAUIStream@@PEBUATL_PROPMAP_ENTRY@1@PEAXPEAUIUnknown@@@Z 0000000180005a60 f i MotionSensor.obj
 0001:00004c98       ?AtlIPersistStreamInit_Save@ATL@@YAJPEAUIStream@@HPEBUATL_PROPMAP_ENTRY@1@PEAXPEAUIUnknown@@@Z 0000000180005c98 f i MotionSensor.obj
 0001:00004ed0       ?AtlInternalOleLoadFromStream@ATL@@YAJPEAUIStream@@AEBU_GUID@@PEAPEAXTClassesAllowedInStream@1@K@Z 0000000180005ed0 f i MotionSensor.obj
 0001:00005014       ?AtlInternalQueryInterface@ATL@@YAJPEAXPEBU_ATL_INTMAP_ENTRY@1@AEBU_GUID@@PEAPEAX@Z 0000000180006014 f i MotionSensor.obj
 0001:0000511c       ?AtlLoadTypeLib@ATL@@YAJPEAUHINSTANCE__@@PEB_WPEAPEA_WPEAPEAUITypeLib@@@Z 000000018000611c f i MotionSensor.obj
 0001:00005378       ?AtlModuleAddTermFunc@ATL@@YAJPEAU_ATL_MODULE70@1@P6AX_K@Z1@Z 0000000180006378 f i MotionSensor.obj
 0001:0000540c       ?AtlRegisterClassCategoriesHelper@ATL@@YAJAEBU_GUID@@PEBU_ATL_CATMAP_ENTRY@1@H@Z 000000018000640c f i MotionSensor.obj
 0001:00005874       ?AtlRegisterTypeLib@ATL@@YAJPEAUHINSTANCE__@@PEB_W@Z 0000000180006874 f i MotionSensor.obj
 0001:00005a70       ?AtlThrowImpl@ATL@@YAXJ@Z  0000000180006a70 f i MotionSensor.obj
 0001:00005a94       ?AtlUnRegisterTypeLib@ATL@@YAJPEAUHINSTANCE__@@PEB_W@Z 0000000180006a94 f i MotionSensor.obj
 0001:00005b5c       ?AtlWinModuleExtractCreateWndData@ATL@@YAPEAXPEAU_ATL_WIN_MODULE70@1@@Z 0000000180006b5c f i MotionSensor.obj
 0001:00005be8       ?Cleanup@CComTypeInfoHolder@ATL@@SAX_K@Z 0000000180006be8 f i MotionSensor.obj
 0001:00005c28       ?ClearReplacements@CExpansionVector@ATL@@QEAAJXZ 0000000180006c28 f i MotionSensor.obj
 0001:00005cc4       ?CreateInstance@?$CComCreator@V?$CComAggObject@VCOPOSMotionSensor@@@ATL@@@ATL@@SAJPEAXAEBU_GUID@@PEAPEAX@Z 0000000180006cc4 f i MotionSensor.obj
 0001:00005d9c       ?CreateInstance@?$CComCreator@V?$CComObject@VCOPOSMotionSensor@@@ATL@@@ATL@@SAJPEAXAEBU_GUID@@PEAPEAX@Z 0000000180006d9c f i MotionSensor.obj
 0001:00005e54       ?CreateInstance@?$CComObject@V?$CComEnum@UIEnumConnectionPoints@@$1?_GUID_b196b285_bab4_101a_b69c_00aa00341d07@@3U__s_GUID@@BPEAUIConnectionPoint@@V?$_CopyInterface@UIConnectionPoint@@@ATL@@VCComSingleThreadModel@6@@ATL@@@ATL@@SAJPEAPEAV12@@Z 0000000180006e54 f i MotionSensor.obj
 0001:00005ee0       ?CreateInstance@?$CComObject@V?$CComEnum@UIEnumConnections@@$1?_GUID_b196b287_bab4_101a_b69c_00aa00341d07@@3U__s_GUID@@BUtagCONNECTDATA@@V?$_Copy@UtagCONNECTDATA@@@ATL@@VCComSingleThreadModel@6@@ATL@@@ATL@@SAJPEAPEAV12@@Z 0000000180006ee0 f i MotionSensor.obj
 0001:00005f6c       ?DefaultReflectionHandler@?$CWindowImplRoot@VCWindow@ATL@@@ATL@@SAHPEAUHWND__@@I_K_JAEA_J@Z 0000000180006f6c f i MotionSensor.obj
 0001:00005fd0       ?DeleteSubKey@CRegKey@ATL@@QEAAJPEB_W@Z 0000000180006fd0 f i MotionSensor.obj
 0001:00006068       ?DoEvent@COPOSMotionSensor@@IEAAXI_K_J@Z 0000000180007068 f i MotionSensor.obj
 0001:0000611c       ?DoVerbPrimary@?$IOleObjectImpl@VCOPOSMotionSensor@@@ATL@@QEAAJPEBUtagRECT@@PEAUHWND__@@@Z 000000018000711c f i MotionSensor.obj
 0001:00006248       ?DoVerbProperties@CComControlBase@ATL@@QEAAJPEBUtagRECT@@PEAUHWND__@@@Z 0000000180007248 f i MotionSensor.obj
 0001:00006470       ?FireTheEvent@?$CProxy_IOPOSEvents@VCOPOSMotionSensor@@@@IEAAXPEAVOposVariant@@IAEAJPEB_WJ@Z 0000000180007470 f i MotionSensor.obj
 0001:0000655c       ?FireViewChange@CComControlBase@ATL@@QEAAJXZ 000000018000755c f i MotionSensor.obj
 0001:000065c0       ?Fire_DirectIOEvent@?$CProxy_IOPOSEvents@VCOPOSMotionSensor@@@@QEAAXJPEAJPEAPEA_W@Z 00000001800075c0 f i MotionSensor.obj
 0001:00006718       ?Fire_StatusUpdateEvent@?$CProxy_IOPOSEvents@VCOPOSMotionSensor@@@@QEAAXJ@Z 0000000180007718 f i MotionSensor.obj
 0001:00006804       ?FreeHeap@?$CTempBuffer@_W$0BAA@VCCRTAllocator@ATL@@@ATL@@AEAAXXZ 0000000180007804 f i MotionSensor.obj
 0001:00006804       ?FreeHeap@?$CTempBuffer@E$0BAA@VCCRTAllocator@ATL@@@ATL@@AEAAXXZ 0000000180007804 f i MotionSensor.obj
 0001:00006804       ?FreeHeap@?$CTempBuffer@_W$0EAA@VCCRTAllocator@ATL@@@ATL@@AEAAXXZ 0000000180007804 f i MotionSensor.obj
 0001:0000680c       ?GetAmbientLocaleID@CComControlBase@ATL@@QEAAJAEAK@Z 000000018000780c f i MotionSensor.obj
 0001:000068cc       ?GetAmbientUserMode@CComControlBase@ATL@@QEAAJAEAH@Z 00000001800078cc f i MotionSensor.obj
 0001:0000699c       ?GetClassObject@CComModule@ATL@@QEAAJAEBU_GUID@@0PEAPEAX@Z 000000018000799c f i MotionSensor.obj
 0001:00006a90       ?GetConnMap@COPOSMotionSensor@@SAPEBU_ATL_CONNMAP_ENTRY@ATL@@PEAH@Z 0000000180007a90 f i MotionSensor.obj
 0001:00006b18       ?GetIDsOfNames@CComTypeInfoHolder@ATL@@QEAAJAEBU_GUID@@PEAPEA_WIKPEAJ@Z 0000000180007b18 f i MotionSensor.obj
 0001:00006c90       ?GetPagesHelper@?$ISpecifyPropertyPagesImpl@VCOPOSMotionSensor@@@ATL@@IEAAJPEAUtagCAUUID@@PEBUATL_PROPMAP_ENTRY@2@@Z 0000000180007c90 f i MotionSensor.obj
 0001:00006e30       ?GetSizeMax@CComVariant@ATL@@QEBAJPEAT_ULARGE_INTEGER@@@Z 0000000180007e30 f i MotionSensor.obj
 0001:00007064       ?GetTI@CComTypeInfoHolder@ATL@@QEAAJK@Z 0000000180008064 f i MotionSensor.obj
 0001:000072dc       ?GetZoomInfo@CComControlBase@ATL@@QEAAXAEAUATL_DRAWINFO@@@Z 00000001800082dc f i MotionSensor.obj
 0001:00007380       ?HKeyFromString@CRegParser@ATL@@KAPEAUHKEY__@@PEA_W@Z 0000000180008380 f i MotionSensor.obj
 0001:000073e4       ?IDataObject_GetData@CComControlBase@ATL@@QEAAJPEAUtagFORMATETC@@PEAUtagSTGMEDIUM@@@Z 00000001800083e4 f i MotionSensor.obj
 0001:000075d8       ?IOleInPlaceObject_InPlaceDeactivate@CComControlBase@ATL@@QEAAJXZ 00000001800085d8 f i MotionSensor.obj
 0001:00007678       ?IOleInPlaceObject_SetObjectRects@CComControlBase@ATL@@QEAAJPEBUtagRECT@@0@Z 0000000180008678 f i MotionSensor.obj
 0001:00007768       ?IOleInPlaceObject_UIDeactivate@CComControlBase@ATL@@QEAAJXZ 0000000180008768 f i MotionSensor.obj
 0001:00007874       ?IOleObject_Close@CComControlBase@ATL@@QEAAJK@Z 0000000180008874 f i MotionSensor.obj
 0001:0000798c       ?IOleObject_SetClientSite@CComControlBase@ATL@@QEAAJPEAUIOleClientSite@@@Z 000000018000898c f i MotionSensor.obj
 0001:00007a04       ?IOleObject_SetExtent@CComControlBase@ATL@@QEAAJKPEAUtagSIZE@@@Z 0000000180008a04 f i MotionSensor.obj
 0001:00007a9c       ?IPSI_GetIPersistStreamInit@?$IPersistStorageImpl@VCOPOSMotionSensor@@@ATL@@AEAAPEAUIPersistStreamInit@@XZ 0000000180008a9c f i MotionSensor.obj
 0001:00007af8       ?IQuickActivate_QuickActivate@CComControlBase@ATL@@QEAAJPEAUtagQACONTAINER@@PEAUtagQACONTROL@@@Z 0000000180008af8 f i MotionSensor.obj
 0001:00007dbc       ?IViewObject_Draw@CComControlBase@ATL@@QEAAJKJPEAXPEAUtagDVTARGETDEVICE@@PEAUHDC__@@2PEBU_RECTL@@3@Z 0000000180008dbc f i MotionSensor.obj
 0001:00007ed0       ?InPlaceActivate@CComControlBase@ATL@@QEAAJJPEBUtagRECT@@@Z 0000000180008ed0 f i MotionSensor.obj
 0001:00008208       ?Init@?$CComEnumImpl@UIEnumConnectionPoints@@$1?_GUID_b196b285_bab4_101a_b69c_00aa00341d07@@3U__s_GUID@@BPEAUIConnectionPoint@@V?$_CopyInterface@UIConnectionPoint@@@ATL@@@ATL@@QEAAJPEAPEAUIConnectionPoint@@0PEAUIUnknown@@W4CComEnumFlags@2@@Z 0000000180009208 f i MotionSensor.obj
 0001:00008328       ?Init@?$CComEnumImpl@UIEnumConnections@@$1?_GUID_b196b287_bab4_101a_b69c_00aa00341d07@@3U__s_GUID@@BUtagCONNECTDATA@@V?$_Copy@UtagCONNECTDATA@@@ATL@@@ATL@@QEAAJPEAUtagCONNECTDATA@@0PEAUIUnknown@@W4CComEnumFlags@2@@Z 0000000180009328 f i MotionSensor.obj
 0001:0000844c       ?IsEqualObject@?$CComPtrBase@UIOleClientSite@@@ATL@@QEAA_NPEAUIUnknown@@@Z 000000018000944c f i MotionSensor.obj
 0001:0000844c       ?IsEqualObject@?$CComPtrBase@UITypeInfo@@@ATL@@QEAA_NPEAUIUnknown@@@Z 000000018000944c f i MotionSensor.obj
 0001:000084d8       ?LoadNameCache@CComTypeInfoHolder@ATL@@QEAAJPEAUITypeInfo@@@Z 00000001800094d8 f i MotionSensor.obj
 0001:0000865c       ?Lookup@?$CSimpleMap@PEA_WPEA_WVCExpansionVectorEqualHelper@ATL@@@ATL@@QEBAPEA_WAEBQEA_W@Z 000000018000965c f i MotionSensor.obj
 0001:000086e8       ?NextToken@CRegParser@ATL@@IEAAJPEA_W@Z 00000001800096e8 f i MotionSensor.obj
 0001:000088a0       ?OnKillFocus@CComControlBase@ATL@@QEAA_JI_K_JAEAH@Z 00000001800098a0 f i MotionSensor.obj
 0001:0000893c       ?OnMouseActivate@CComControlBase@ATL@@QEAA_JI_K_JAEAH@Z 000000018000993c f i MotionSensor.obj
 0001:000089dc       ?OnPaint@CComControlBase@ATL@@QEAA_JI_K_JAEAH@Z 00000001800099dc f i MotionSensor.obj
 0001:00008ac8       ?OnSetFocus@CComControlBase@ATL@@QEAA_JI_K_JAEAH@Z 0000000180009ac8 f i MotionSensor.obj
 0001:00008bc4       ?Open@CRegKey@ATL@@QEAAJPEAUHKEY__@@PEB_WK@Z 0000000180009bc4 f i MotionSensor.obj
 0001:00008c50       ?PreProcessBuffer@CRegParser@ATL@@QEAAJPEA_WPEAPEA_W@Z 0000000180009c50 f i MotionSensor.obj
 0001:00008fd4       ?ProcessWindowMessage@?$CComControl@VCOPOSMotionSensor@@V?$CWindowImpl@VCOPOSMotionSensor@@VCWindow@ATL@@V?$CWinTraits@$0FGAAAAAA@$0A@@3@@ATL@@@ATL@@UEAAHPEAUHWND__@@I_K_JAEA_JK@Z 0000000180009fd4 f i MotionSensor.obj
 0001:000090b8       ?PutProperty@?$CComPtr@UIDispatch@@@ATL@@SAJPEAUIDispatch@@JPEAUtagVARIANT@@@Z 000000018000a0b8 f i MotionSensor.obj
 0001:000091bc       ?ReadFromStream@CComBSTR@ATL@@QEAAJPEAUIStream@@@Z 000000018000a1bc f i MotionSensor.obj
 0001:00009318       ?ReadFromStream@CComVariant@ATL@@QEAAJPEAUIStream@@GTClassesAllowedInStream@2@K@Z 000000018000a318 f i MotionSensor.obj
 0001:00009528       ?RecurseDeleteKey@CRegKey@ATL@@QEAAJPEB_W@Z 000000018000a528 f i MotionSensor.obj
 0001:00009634       ?RegCreateKeyExW@CAtlTransactionManager@ATL@@QEAAJPEAUHKEY__@@PEB_WKPEA_WKKQEAU_SECURITY_ATTRIBUTES@@PEAPEAU3@PEAK@Z 000000018000a634 f i MotionSensor.obj
 0001:00009768       ?RegDeleteKeyW@CAtlTransactionManager@ATL@@QEAAJPEAUHKEY__@@PEB_W@Z 000000018000a768 f i MotionSensor.obj
 0001:000097f4       ?RegOpenKeyExW@CAtlTransactionManager@ATL@@QEAAJPEAUHKEY__@@PEB_WKKPEAPEAU3@@Z 000000018000a7f4 f i MotionSensor.obj
 0001:000098ac       ?RegisterBuffer@CRegParser@ATL@@QEAAJPEA_WH@Z 000000018000a8ac f i MotionSensor.obj
 0001:00009a14       ?RegisterFromResource@CRegObject@ATL@@IEAAJPEB_W00H@Z 000000018000aa14 f i MotionSensor.obj
 0001:00009bd0       ?RegisterServer@CComModule@ATL@@QEAAJHPEBU_GUID@@@Z 000000018000abd0 f i MotionSensor.obj
 0001:00009c90       ?RegisterSubkeys@CRegParser@ATL@@IEAAJPEA_WPEAUHKEY__@@HH@Z 000000018000ac90 f i MotionSensor.obj
 0001:0000a384       ?SendOnDataChange@CComControlBase@ATL@@QEAAJK@Z 000000018000b384 f i MotionSensor.obj
 0001:0000a3f4       ?SetControlFocus@CComControlBase@ATL@@QEAAHH@Z 000000018000b3f4 f i MotionSensor.obj
 0001:0000a4d0       ?SkipAssignment@CRegParser@ATL@@IEAAJPEA_W@Z 000000018000b4d0 f i MotionSensor.obj
 0001:0000a574       ?Term@CComModule@ATL@@QEAAXXZ 000000018000b574 f i MotionSensor.obj
 0001:0000a620       ?UnregisterServer@CComModule@ATL@@QEAAJHPEBU_GUID@@@Z 000000018000b620 f i MotionSensor.obj
 0001:0000a6d0       ?UpdateRegistryFromResource@CAtlModule@ATL@@QEAAJIHPEAU_ATL_REGMAP_ENTRY@2@@Z 000000018000b6d0 f i MotionSensor.obj
 0001:0000aa08       ?UpdateRegistryFromResource@CAtlModule@ATL@@QEAAJPEB_WHPEAU_ATL_REGMAP_ENTRY@2@@Z 000000018000ba08 f i MotionSensor.obj
 0001:0000ad60       ?VTFromRegType@CRegParser@ATL@@KAHPEB_WAEAG@Z 000000018000bd60 f i MotionSensor.obj
 0001:0000adfc       ?WindowProc@?$CWindowImplBaseT@VCWindow@ATL@@V?$CWinTraits@$0FGAAAAAA@$0A@@2@@ATL@@SA_JPEAUHWND__@@I_K_J@Z 000000018000bdfc f i MotionSensor.obj
 0001:0000af68       ?WriteToStream@CComBSTR@ATL@@QEAAJPEAUIStream@@@Z 000000018000bf68 f i MotionSensor.obj
 0001:0000afe8       ?WriteToStream@CComVariant@ATL@@QEAAJPEAUIStream@@@Z 000000018000bfe8 f i MotionSensor.obj
 0001:0000b1fc       ?WriteToStream@CComVariant@ATL@@QEAAJPEAUIStream@@G@Z 000000018000c1fc f i MotionSensor.obj
 0001:0000b294       ?_AtlVerifyStackAvailable@_ATL_SAFE_ALLOCA_IMPL@ATL@@YA_N_K@Z 000000018000c294 f i MotionSensor.obj
 0001:0000b318       ?atlCreate@?$CWindowImpl@VCOPOSMotionSensor@@VCWindow@ATL@@V?$CWinTraits@$0FGAAAAAA@$0A@@3@@ATL@@QEAAPEAUHWND__@@PEAU3@V_U_RECT@2@PEB_WKKV_U_MENUorID@2@PEAX@Z 000000018000c318 f i MotionSensor.obj
 0001:0000b3c8       ?atlCreate@?$CWindowImplBaseT@VCWindow@ATL@@V?$CWinTraits@$0FGAAAAAA@$0A@@2@@ATL@@QEAAPEAUHWND__@@PEAU3@V_U_RECT@2@PEB_WKKV_U_MENUorID@2@GPEAX@Z 000000018000c3c8 f i MotionSensor.obj
 0001:0000b538       ?atlCreate@CRegKey@ATL@@QEAAJPEAUHKEY__@@PEB_WPEA_WKKPEAU_SECURITY_ATTRIBUTES@@PEAK@Z 000000018000c538 f i MotionSensor.obj
 0001:0000b624       DllCanUnloadNow            000000018000c624 f   MotionSensor.obj
 0001:0000b630       DllGetClassObject          000000018000c630 f   MotionSensor.obj
 0001:0000b648       DllMain                    000000018000c648 f   MotionSensor.obj
 0001:0000b6f0       DllRegisterServer          000000018000c6f0 f   MotionSensor.obj
 0001:0000b704       DllUnregisterServer        000000018000c704 f   MotionSensor.obj
 0001:0000b718       __local_stdio_printf_options 000000018000c718 f i MotionSensor.obj
 0001:0000b7a8       swprintf_s                 000000018000c7a8 f i MotionSensor.obj
 0001:0000b7fc       ??0COPOSMotionSensor@@QEAA@XZ 000000018000c7fc f   MotionSensorImpl.obj
 0001:0000b8b8       ??1?$IConnectionPointImpl@VCOPOSMotionSensor@@$1?DIID__IOPOSMotionSensorEvents@@3U_GUID@@BVCComDynamicUnkArray@ATL@@@ATL@@QEAA@XZ 000000018000c8b8 f i MotionSensorImpl.obj
 0001:0000b8b8       ??1?$IConnectionPointImpl@VCOPOSMotionSensor@@$1?IID_IPropertyNotifySink@@3U_GUID@@BVCComDynamicUnkArray@ATL@@@ATL@@QEAA@XZ 000000018000c8b8 f i MotionSensorImpl.obj
 0001:0000b914       ??1CComControlBase@ATL@@UEAA@XZ 000000018000c914 f i MotionSensorImpl.obj
 0001:0000b990       ??1COPOSMotionSensor@@UEAA@XZ 000000018000c990 f   MotionSensorImpl.obj
 0001:0000b9f4       ?CheckHealth@COPOSMotionSensor@@UEAAJJPEAJ@Z 000000018000c9f4 f   MotionSensorImpl.obj
 0001:0000ba70       ?ClaimDevice@COPOSMotionSensor@@UEAAJJPEAJ@Z 000000018000ca70 f   MotionSensorImpl.obj
 0001:0000bb08       ?Close@COPOSMotionSensor@@UEAAJPEAJ@Z 000000018000cb08 f   MotionSensorImpl.obj
 0001:0000bbc0       ?CompareFirmwareVersion@COPOSMotionSensor@@UEAAJPEA_WPEAJ1@Z 000000018000cbc0 f   MotionSensorImpl.obj
 0001:0000bc9c       ?DirectIO@COPOSMotionSensor@@UEAAJJPEAJPEAPEA_W0@Z 000000018000cc9c f   MotionSensorImpl.obj
 0001:0000bd98       ?DoInvoke@COPOSMotionSensor@@IEAAJJPEAVOposVariant@@IHPEAJ_N@Z 000000018000cd98 f   MotionSensorImpl.obj
 0001:0000becc       ?EventInit@COPOSMotionSensor@@IEAAJXZ 000000018000cecc f i MotionSensorImpl.obj
 0001:0000c014       ?EventUninit@COPOSMotionSensor@@IEAAXXZ 000000018000d014 f i MotionSensorImpl.obj
 0001:0000c078       ?EventWindowProc@COPOSMotionSensor@@IEAA_JI_K_J@Z 000000018000d078 f i MotionSensorImpl.obj
 0001:0000c170       ?FinalConstruct@COPOSMotionSensor@@QEAAJXZ 000000018000d170 f   MotionSensorImpl.obj
 0001:0000c1ac       ?FreezeEvents@COPOSMotionSensor@@MEAAJH@Z 000000018000d1ac f   MotionSensorImpl.obj
 0001:0000c220       ?GetOposProp@COPOSMotionSensor@@IEAAJJPEAJJ@Z 000000018000d220 f   MotionSensorImpl.obj
 0001:0000c33c       ?GetOposProp@COPOSMotionSensor@@IEAAJJPEAPEA_WJ@Z 000000018000d33c f   MotionSensorImpl.obj
 0001:0000c468       ?OnDraw@COPOSMotionSensor@@MEAAJAEAUATL_DRAWINFO@@@Z 000000018000d468 f   MotionSensorImpl.obj
 0001:0000c554       ?Open@COPOSMotionSensor@@UEAAJPEA_WPEAJ@Z 000000018000d554 f   MotionSensorImpl.obj
 0001:0000cdd0       ?ReleaseDevice@COPOSMotionSensor@@UEAAJPEAJ@Z 000000018000ddd0 f   MotionSensorImpl.obj
 0001:0000ce14       ?ResetStatistics@COPOSMotionSensor@@UEAAJPEA_WPEAJ@Z 000000018000de14 f   MotionSensorImpl.obj
 0001:0000ce9c       ?RetrieveStatistics@COPOSMotionSensor@@UEAAJPEAPEA_WPEAJ@Z 000000018000de9c f   MotionSensorImpl.obj
 0001:0000cf24       ?SOProcessID@COPOSMotionSensor@@UEAAJPEAJ@Z 000000018000df24 f   MotionSensorImpl.obj
 0001:0000cf40       ?SetCOFreezeEvents@COPOSMotionSensor@@IEAAXF@Z 000000018000df40 f   MotionSensorImpl.obj
 0001:0000d024       ?SetOposProp@COPOSMotionSensor@@IEAAJJJJ@Z 000000018000e024 f   MotionSensorImpl.obj
 0001:0000d184       ?UpdateFirmware@COPOSMotionSensor@@UEAAJPEA_WPEAJ@Z 000000018000e184 f   MotionSensorImpl.obj
 0001:0000d20c       ?UpdateStatistics@COPOSMotionSensor@@UEAAJPEA_WPEAJ@Z 000000018000e20c f   MotionSensorImpl.obj
 0001:0000d294       ?WaitForMotion@COPOSMotionSensor@@UEAAJJPEAJ@Z 000000018000e294 f   MotionSensorImpl.obj
 0001:0000d310       ?get_BinaryConversion@COPOSMotionSensor@@UEAAJPEAJ@Z 000000018000e310 f   MotionSensorImpl.obj
 0001:0000d324       ?get_CapCompareFirmwareVersion@COPOSMotionSensor@@UEAAJPEAF@Z 000000018000e324 f   MotionSensorImpl.obj
 0001:0000d358       ?get_CapPowerReporting@COPOSMotionSensor@@UEAAJPEAJ@Z 000000018000e358 f   MotionSensorImpl.obj
 0001:0000d36c       ?get_CapStatisticsReporting@COPOSMotionSensor@@UEAAJPEAF@Z 000000018000e36c f   MotionSensorImpl.obj
 0001:0000d3a0       ?get_CapUpdateFirmware@COPOSMotionSensor@@UEAAJPEAF@Z 000000018000e3a0 f   MotionSensorImpl.obj
 0001:0000d3d4       ?get_CapUpdateStatistics@COPOSMotionSensor@@UEAAJPEAF@Z 000000018000e3d4 f   MotionSensorImpl.obj
 0001:0000d408       ?get_CheckHealthText@COPOSMotionSensor@@UEAAJPEAPEA_W@Z 000000018000e408 f   MotionSensorImpl.obj
 0001:0000d41c       ?get_Claimed@COPOSMotionSensor@@UEAAJPEAF@Z 000000018000e41c f   MotionSensorImpl.obj
 0001:0000d450       ?get_ControlObjectDescription@COPOSMotionSensor@@UEAAJPEAPEA_W@Z 000000018000e450 f   MotionSensorImpl.obj
 0001:0000d4b4       ?get_ControlObjectVersion@COPOSMotionSensor@@UEAAJPEAJ@Z 000000018000e4b4 f   MotionSensorImpl.obj
 0001:0000d4c0       ?get_DeviceDescription@COPOSMotionSensor@@UEAAJPEAPEA_W@Z 000000018000e4c0 f   MotionSensorImpl.obj
 0001:0000d4d4       ?get_DeviceEnabled@COPOSMotionSensor@@UEAAJPEAF@Z 000000018000e4d4 f   MotionSensorImpl.obj
 0001:0000d508       ?get_DeviceName@COPOSMotionSensor@@UEAAJPEAPEA_W@Z 000000018000e508 f   MotionSensorImpl.obj
 0001:0000d51c       ?get_FreezeEvents@COPOSMotionSensor@@UEAAJPEAF@Z 000000018000e51c f   MotionSensorImpl.obj
 0001:0000d54c       ?get_Motion@COPOSMotionSensor@@UEAAJPEAF@Z 000000018000e54c f   MotionSensorImpl.obj
 0001:0000d580       ?get_OpenResult@COPOSMotionSensor@@UEAAJPEAJ@Z 000000018000e580 f   MotionSensorImpl.obj
 0001:0000d58c       ?get_PowerNotify@COPOSMotionSensor@@UEAAJPEAJ@Z 000000018000e58c f   MotionSensorImpl.obj
 0001:0000d5a0       ?get_PowerState@COPOSMotionSensor@@UEAAJPEAJ@Z 000000018000e5a0 f   MotionSensorImpl.obj
 0001:0000d5b4       ?get_ResultCode@COPOSMotionSensor@@UEAAJPEAJ@Z 000000018000e5b4 f   MotionSensorImpl.obj
 0001:0000d5f0       ?get_ResultCodeExtended@COPOSMotionSensor@@UEAAJPEAJ@Z 000000018000e5f0 f   MotionSensorImpl.obj
 0001:0000d604       ?get_ServiceObjectDescription@COPOSMotionSensor@@UEAAJPEAPEA_W@Z 000000018000e604 f   MotionSensorImpl.obj
 0001:0000d618       ?get_ServiceObjectVersion@COPOSMotionSensor@@UEAAJPEAJ@Z 000000018000e618 f   MotionSensorImpl.obj
 0001:0000d62c       ?get_State@COPOSMotionSensor@@UEAAJPEAJ@Z 000000018000e62c f   MotionSensorImpl.obj
 0001:0000d658       ?get_Timeout@COPOSMotionSensor@@UEAAJPEAJ@Z 000000018000e658 f   MotionSensorImpl.obj
 0001:0000d66c       ?put_BinaryConversion@COPOSMotionSensor@@UEAAJJ@Z 000000018000e66c f   MotionSensorImpl.obj
 0001:0000d680       ?put_DeviceEnabled@COPOSMotionSensor@@UEAAJF@Z 000000018000e680 f   MotionSensorImpl.obj
 0001:0000d698       ?put_FreezeEvents@COPOSMotionSensor@@UEAAJF@Z 000000018000e698 f   MotionSensorImpl.obj
 0001:0000d6e8       ?put_PowerNotify@COPOSMotionSensor@@UEAAJJ@Z 000000018000e6e8 f   MotionSensorImpl.obj
 0001:0000d6fc       ?put_Timeout@COPOSMotionSensor@@UEAAJJ@Z 000000018000e6fc f   MotionSensorImpl.obj
 0001:0000d710       ?s_EventWindowProc@COPOSMotionSensor@@KA_JPEAUHWND__@@I_K_J@Z 000000018000e710 f i MotionSensorImpl.obj
 0001:0000d78c       ??_U@YAPEAX_K@Z            000000018000e78c f   LIBCMT:new_array.obj
 0001:0000d794       ??_V@YAXPEAX@Z             000000018000e794 f   LIBCMT:delete_array.obj
 0001:0000d794       ??3@YAXPEAX_K@Z            000000018000e794 f   LIBCMT:delete_scalar_size.obj
 0001:0000d79c       ??_V@YAXPEAX_K@Z           000000018000e79c f   LIBCMT:delete_array_size.obj
 0001:0000d7a4       __scrt_acquire_startup_lock 000000018000e7a4 f   LIBCMT:utility.obj
 0001:0000d7e0       __scrt_dllmain_after_initialize_c 000000018000e7e0 f   LIBCMT:utility.obj
 0001:0000d814       __scrt_dllmain_before_initialize_c 000000018000e814 f   LIBCMT:utility.obj
 0001:0000d82c       __scrt_dllmain_crt_thread_attach 000000018000e82c f   LIBCMT:utility.obj
 0001:0000d854       __scrt_dllmain_crt_thread_detach 000000018000e854 f   LIBCMT:utility.obj
 0001:0000d86c       __scrt_dllmain_exception_filter 000000018000e86c f   LIBCMT:utility.obj
 0001:0000d8cc       __scrt_dllmain_uninitialize_c 000000018000e8cc f   LIBCMT:utility.obj
 0001:0000d8fc       __scrt_dllmain_uninitialize_critical 000000018000e8fc f   LIBCMT:utility.obj
 0001:0000d910       __scrt_initialize_crt      000000018000e910 f   LIBCMT:utility.obj
 0001:0000d95c       __scrt_initialize_onexit_tables 000000018000e95c f   LIBCMT:utility.obj
 0001:0000d9e8       __scrt_is_nonwritable_in_current_image 000000018000e9e8 f   LIBCMT:utility.obj
 0001:0000da80       __scrt_release_startup_lock 000000018000ea80 f   LIBCMT:utility.obj
 0001:0000daa4       __scrt_uninitialize_crt    000000018000eaa4 f   LIBCMT:utility.obj
 0001:0000dad0       _onexit                    000000018000ead0 f   LIBCMT:utility.obj
 0001:0000db0c       atexit                     000000018000eb0c f   LIBCMT:utility.obj
 0001:0000db24       ??3@YAXPEAX@Z              000000018000eb24 f   LIBCMT:delete_scalar.obj
 0001:0000dc24       _Init_thread_footer        000000018000ec24 f   LIBCMT:thread_safe_statics.obj
 0001:0000dc84       _Init_thread_header        000000018000ec84 f   LIBCMT:thread_safe_statics.obj
 0001:0000dcec       _Init_thread_notify        000000018000ecec f   LIBCMT:thread_safe_statics.obj
 0001:0000dd30       _Init_thread_wait          000000018000ed30 f   LIBCMT:thread_safe_statics.obj
 0001:0000dd94       __raise_securityfailure    000000018000ed94 f   LIBCMT:gs_report.obj
 0001:0000ddc8       __report_gsfailure         000000018000edc8 f   LIBCMT:gs_report.obj
 0001:0000de9c       __report_rangecheckfailure 000000018000ee9c f   LIBCMT:gs_report.obj
 0001:0000deb0       __report_securityfailure   000000018000eeb0 f   LIBCMT:gs_report.obj
 0001:0000e030       ??2@YAPEAX_KAEBUnothrow_t@std@@@Z 000000018000f030 f   LIBCMT:new_scalar_nothrow.obj
 0001:0000e050       ??_U@YAPEAX_KAEBUnothrow_t@std@@@Z 000000018000f050 f   LIBCMT:new_array_nothrow.obj
 0001:0000e058       __GSHandlerCheck           000000018000f058 f   LIBCMT:gshandler.obj
 0001:0000e078       __GSHandlerCheckCommon     000000018000f078 f   LIBCMT:gshandler.obj
 0001:0000e0d4       __GSHandlerCheck_SEH       000000018000f0d4 f   LIBCMT:gshandlerseh.obj
 0001:0000e170       _alloca_probe              000000018000f170 f   LIBCMT:chkstk.obj
 0001:0000e170       __chkstk                   000000018000f170 f   LIBCMT:chkstk.obj
 0001:0000e1e0       __security_check_cookie    000000018000f1e0 f   LIBCMT:amdsecgs.obj
 0001:0000e524       _DllMainCRTStartup         000000018000f524 f   LIBCMT:dll_dllmain.obj
 0001:0000e564       ??2@YAPEAX_K@Z             000000018000f564 f   LIBCMT:new_scalar.obj
 0001:0000e5a0       __isa_available_init       000000018000f5a0 f   LIBCMT:cpu_disp.obj
 0001:0000e71c       __scrt_is_ucrt_dll_in_use  000000018000f71c f   LIBCMT:ucrt_detection.obj
 0001:0000e728       __crt_debugger_hook        000000018000f728 f   LIBCMT:utility_desktop.obj
 0001:0000e730       __scrt_fastfail            000000018000f730 f   LIBCMT:utility_desktop.obj
 0001:0000e87c       __security_init_cookie     000000018000f87c f   LIBCMT:gs_support.obj
 0001:0000e928       ?__scrt_initialize_type_info@@YAXXZ 000000018000f928 f   LIBCMT:tncleanup.obj
 0001:0000e938       ?__scrt_uninitialize_type_info@@YAXXZ 000000018000f938 f   LIBCMT:tncleanup.obj
 0001:0000e944       __local_stdio_scanf_options 000000018000f944 f i LIBCMT:default_local_stdio_options.obj
 0001:0000e94c       __scrt_initialize_default_local_stdio_options 000000018000f94c f   LIBCMT:default_local_stdio_options.obj
 0001:0000e968       __scrt_get_dyn_tls_init_callback 000000018000f968 f   LIBCMT:dyn_tls_init.obj
 0001:0000e970       _RTC_Initialize            000000018000f970 f   LIBCMT:initsect.obj
 0001:0000e9ac       _RTC_Terminate             000000018000f9ac f   LIBCMT:initsect.obj
 0001:0000e9e8       ??0bad_alloc@std@@QEAA@AEBV01@@Z 000000018000f9e8 f i LIBCMT:throw_bad_alloc.obj
 0001:0000ea24       ??0bad_alloc@std@@QEAA@XZ  000000018000fa24 f i LIBCMT:throw_bad_alloc.obj
 0001:0000ea44       ??0bad_array_new_length@std@@QEAA@AEBV01@@Z 000000018000fa44 f i LIBCMT:throw_bad_alloc.obj
 0001:0000ea80       ??0bad_array_new_length@std@@QEAA@XZ 000000018000fa80 f i LIBCMT:throw_bad_alloc.obj
 0001:0000eaa0       ??0exception@std@@QEAA@AEBV01@@Z 000000018000faa0 f i LIBCMT:throw_bad_alloc.obj
 0001:0000ead4       ??1bad_array_new_length@std@@UEAA@XZ 000000018000fad4 f i LIBCMT:throw_bad_alloc.obj
 0001:0000ead4       ??1bad_exception@std@@UEAA@XZ 000000018000fad4 f i libvcruntime:frame.obj
 0001:0000ead4       ??1bad_alloc@std@@UEAA@XZ  000000018000fad4 f i LIBCMT:throw_bad_alloc.obj
 0001:0000eae8       ??_Ebad_alloc@std@@UEAAPEAXI@Z 000000018000fae8 f i LIBCMT:throw_bad_alloc.obj
 0001:0000eae8       ??_Gbad_array_new_length@std@@UEAAPEAXI@Z 000000018000fae8 f i LIBCMT:throw_bad_alloc.obj
 0001:0000eae8       ??_Gexception@std@@UEAAPEAXI@Z 000000018000fae8 f i LIBCMT:throw_bad_alloc.obj
 0001:0000eae8       ??_Eexception@std@@UEAAPEAXI@Z 000000018000fae8 f i LIBCMT:throw_bad_alloc.obj
 0001:0000eae8       ??_Ebad_array_new_length@std@@UEAAPEAXI@Z 000000018000fae8 f i LIBCMT:throw_bad_alloc.obj
 0001:0000eae8       ??_Gbad_alloc@std@@UEAAPEAXI@Z 000000018000fae8 f i LIBCMT:throw_bad_alloc.obj
 0001:0000eae8       ??_Ebad_exception@std@@UEAAPEAXI@Z 000000018000fae8 f i libvcruntime:frame.obj
 0001:0000eae8       ??_Gbad_exception@std@@UEAAPEAXI@Z 000000018000fae8 f i libvcruntime:frame.obj
 0001:0000eb2c       ?__scrt_throw_std_bad_alloc@@YAXXZ 000000018000fb2c f   LIBCMT:throw_bad_alloc.obj
 0001:0000eb4c       ?__scrt_throw_std_bad_array_new_length@@YAXXZ 000000018000fb4c f   LIBCMT:throw_bad_alloc.obj
 0001:0000eb6c       ?what@exception@std@@UEBAPEBDXZ 000000018000fb6c f i LIBCMT:throw_bad_alloc.obj
 0001:0000eb80       ??_Gtype_info@@UEAAPEAXI@Z 000000018000fb80 f i LIBCMT:std_type_info_static.obj
 0001:0000eb80       ??_Etype_info@@UEAAPEAXI@Z 000000018000fb80 f i LIBCMT:std_type_info_static.obj
 0001:0000ebac       ??0CAtlBaseModule@ATL@@QEAA@XZ 000000018000fbac f   atls:atlbase.obj
 0001:0000ec54       ??1CAtlBaseModule@ATL@@QEAA@XZ 000000018000fc54 f   atls:atlbase.obj
 0001:0000ed88       ?__AllocStdCallThunk_cmn@@YAPEAXXZ 000000018000fd88 f   atls:atlthunk.obj
 0001:0000eee0       AtlThunk_AllocateData      000000018000fee0 f   atls:atlthunk.obj
 0001:0000ef5c       AtlThunk_DataToCode        000000018000ff5c f   atls:atlthunk.obj
 0001:0000efb0       AtlThunk_FreeData          000000018000ffb0 f   atls:atlthunk.obj
 0001:0000f010       AtlThunk_InitData          0000000180010010 f   atls:atlthunk.obj
 0001:0000f0b8       _purecall                  00000001800100b8 f   libvcruntime:purevirt.obj
 0001:0000f0d4       wcsstr                     00000001800100d4 f   libvcruntime:wcsstr.obj
 0001:0000f300       memcmp                     0000000180010300 f   libvcruntime:memcmp.obj
 0001:0000f3e0       memcpy_repmovs             00000001800103e0 f   libvcruntime:memcpy.obj
 0001:0000f400       memmove                    0000000180010400 f   libvcruntime:memcpy.obj
 0001:0000f400       memcpy                     0000000180010400 f   libvcruntime:memcpy.obj
 0001:0000f7f0       memset_repmovs             00000001800107f0 f   libvcruntime:memset.obj
 0001:0000f810       memset                     0000000180010810 f   libvcruntime:memset.obj
 0001:0000f9a0       __vcrt_initialize          00000001800109a0 f   libvcruntime:initialization.obj
 0001:0000f9c8       __vcrt_thread_attach       00000001800109c8 f   libvcruntime:initialization.obj
 0001:0000f9dc       __vcrt_thread_detach       00000001800109dc f   libvcruntime:initialization.obj
 0001:0000f9f0       __vcrt_uninitialize        00000001800109f0 f   libvcruntime:initialization.obj
 0001:0000fa0c       __vcrt_uninitialize_critical 0000000180010a0c f   libvcruntime:initialization.obj
 0001:0000fa1c       __C_specific_handler       0000000180010a1c f   libvcruntime:riscchandler.obj
 0001:0000fc28       ??$_CallSETranslator@V__FrameHandler3@@@@YAHPEAUEHExceptionRecord@@PEA_KPEAU_CONTEXT@@PEAU_xDISPATCHER_CONTEXT@@PEBU_s_FuncInfo@@K1@Z 0000000180010c28 f i libvcruntime:risctrnsctrl.obj
 0001:0000fc7c       ?CatchTryBlock@__FrameHandler3@@SAPEBU_s_TryBlockMapEntry@@PEBU_s_FuncInfo@@H@Z 0000000180010c7c f   libvcruntime:risctrnsctrl.obj
 0001:0000fcd0       ?ExecutionInCatch@__FrameHandler3@@SA_NPEAU_xDISPATCHER_CONTEXT@@PEBU_s_FuncInfo@@@Z 0000000180010cd0 f   libvcruntime:risctrnsctrl.obj
 0001:0000fcfc       ?FrameUnwindToEmptyState@__FrameHandler3@@SAXPEA_KPEAU_xDISPATCHER_CONTEXT@@PEBU_s_FuncInfo@@@Z 0000000180010cfc f   libvcruntime:risctrnsctrl.obj
 0001:0000fd60       ?GetEstablisherFrame@__FrameHandler3@@SAPEA_KPEA_KPEAU_xDISPATCHER_CONTEXT@@PEBU_s_FuncInfo@@0@Z 0000000180010d60 f   libvcruntime:risctrnsctrl.obj
[...]
 0004:0000171c       $pdata$__acrt_SetThreadStackGuarantee 000000018003371c     libucrt:winapi_thunks.obj
 0004:00001728       $pdata$?try_get_function@@YAPEAXW4function_id@?A0x391cf84c@@QEBDQEBW4module_id@2@2@Z 0000000180033728     libucrt:winapi_thunks.obj
 0004:00001734       $pdata$wcstol              0000000180033734     libucrt:strtox.obj
 0004:00001740       $pdata$_mbtowc_l           0000000180033740     libucrt:mbtowc.obj
 0004:0000174c       $pdata$__acrt_update_locale_info 000000018003374c     libucrt:locale_update.obj
 0004:00001758       $pdata$__acrt_update_multibyte_info 0000000180033758     libucrt:locale_update.obj
 0004:00001764       $pdata$__acrt_fp_format    0000000180033764     libucrt:cvt.obj
 0004:00001770       $pdata$?fp_format_e_internal@@YAHQEAD_KH_NIQEAU_strflt@@2QEAU__crt_locale_pointers@@@Z 0000000180033770     libucrt:cvt.obj
 0004:0000177c       $pdata$?fp_format_e@@YAHQEBNQEAD_K12H_NIQEAU__crt_locale_pointers@@@Z 000000018003377c     libucrt:cvt.obj
 0004:00001788       $pdata$?fp_format_a@@YAHQEBNPEAD_KQEAD2H_NIQEAU__crt_locale_pointers@@@Z 0000000180033788     libucrt:cvt.obj
 0004:00001794       $pdata$?fp_format_f_internal@@YAHQEAD_KHQEAU_strflt@@_NQEAU__crt_locale_pointers@@@Z 0000000180033794     libucrt:cvt.obj
 0004:000017a0       $pdata$?fp_format_g@@YAHQEBNQEAD_K12H_NIQEAU__crt_locale_pointers@@@Z 00000001800337a0     libucrt:cvt.obj
 0004:000017ac       $pdata$_fileno             00000001800337ac     libucrt:fileno.obj
 0004:000017b8       $pdata$__acrt_initialize_stdio 00000001800337b8     libucrt:_file.obj
 0004:000017c4       $pdata$__acrt_uninitialize_stdio 00000001800337c4     libucrt:_file.obj
 0004:000017d0       $pdata$__acrt_uninitialize_locale 00000001800337d0     libucrt:wsetlocale.obj
 0004:000017dc       $pdata$??$?RV<lambda_410d79af7f07d98d83a3f525b3859a53>@@AEAV<lambda_3e16ef9562a7dcce91392c22ab16ea36>@@V<lambda_38119f0e861e05405d8a144b9b982f0a>@@@?$__crt_seh_guarded_call@X@@QEAAX$$QEAV<lambda_410d79af7f07d98d83a3f525b3859a53>@@AEAV<lambda_3e16ef9562a7dcce91392c22ab16ea36>@@$$QEAV<lambda_38119f0e861e05405d8a144b9b982f0a>@@@Z 00000001800337dc     libucrt:wsetlocale.obj
 0004:000017e8       $pdata$?fin$0@?0???$?RV<lambda_410d79af7f07d98d83a3f525b3859a53>@@AEAV<lambda_3e16ef9562a7dcce91392c22ab16ea36>@@V<lambda_38119f0e861e05405d8a144b9b982f0a>@@@?$__crt_seh_guarded_call@X@@QEAAX$$QEAV<lambda_410d79af7f07d98d83a3f525b3859a53>@@AEAV<lambda_3e16ef9562a7dcce91392c22ab16ea36>@@$$QEAV<lambda_38119f0e861e05405d8a144b9b982f0a>@@@Z@4HA 00000001800337e8     libucrt:wsetlocale.obj
 0004:000017f4       $pdata$__acrt_initialize_lowio 00000001800337f4     libucrt:ioinit.obj
 0004:00001800       $pdata$__acrt_lowio_ensure_fh_exists$fin$0 0000000180033800     libucrt:osfinfo.obj
 0004:00001800       $pdata$__acrt_initialize_lowio$fin$0 0000000180033800     libucrt:ioinit.obj
 0004:0000180c       $pdata$__acrt_uninitialize_lowio 000000018003380c     libucrt:ioinit.obj
 0004:00001818       $pdata$?initialize_inherited_file_handles_nolock@@YAXXZ 0000000180033818     libucrt:ioinit.obj
 0004:00001824       $pdata$?initialize_stdio_handles_nolock@@YAXXZ 0000000180033824     libucrt:ioinit.obj
 0004:00001830       $pdata$__acrt_initialize_locks 0000000180033830     libucrt:locks.obj
 0004:0000183c       $pdata$__acrt_uninitialize_locks 000000018003383c     libucrt:locks.obj
 0004:00001848       $pdata$__acrt_get_process_end_policy 0000000180033848     libucrt:win_policies.obj
 0004:00001854       $pdata$??$__acrt_mbs_to_wcs_cp@U__crt_win32_buffer_internal_dynamic_resizing@@@@YAHQEBDAEAV?$__crt_win32_buffer@_WU__crt_win32_buffer_internal_dynamic_resizing@@@@I@Z 0000000180033854     libucrt:argv_wildcards.obj
 0004:00001860       $pdata$??$__acrt_wcs_to_mbs_cp@U__crt_win32_buffer_internal_dynamic_resizing@@@@YAHQEB_WAEAV?$__crt_win32_buffer@DU__crt_win32_buffer_internal_dynamic_resizing@@@@I@Z 0000000180033860     libucrt:argv_wildcards.obj
 0004:0000186c       $pdata$??$common_expand_argv_wildcards@D@@YAHQEAPEADQEAPEAPEAD@Z 000000018003386c     libucrt:argv_wildcards.obj
 0004:00001878       $pdata$??$copy_and_add_argument_to_buffer@D@@YAHQEBD0_KAEAV?$argument_list@D@?A0x5f5c8891@@@Z 0000000180033878     libucrt:argv_wildcards.obj
 0004:00001884       $pdata$??$expand_argument_wildcards@D@@YAHQEAD0AEAV?$argument_list@D@?A0x5f5c8891@@@Z 0000000180033884     libucrt:argv_wildcards.obj
 0004:00001890       $pdata$__acrt_GetModuleFileNameA 0000000180033890     libucrt:getmodulefilenamea.obj
 0004:0000189c       $pdata$??$__acrt_wcs_to_mbs_cp@U__crt_win32_buffer_no_resizing@@@@YAHQEB_WAEAV?$__crt_win32_buffer@DU__crt_win32_buffer_no_resizing@@@@I@Z 000000018003389c     libucrt:getmodulefilenamea.obj
 0004:000018a8       $pdata$__acrt_update_thread_multibyte_data 00000001800338a8     libucrt:mbctype.obj
 0004:000018b4       $pdata$__acrt_initialize_multibyte 00000001800338b4     libucrt:mbctype.obj
 0004:000018c0       $pdata$_setmbcp_nolock     00000001800338c0     libucrt:mbctype.obj
 0004:000018cc       $pdata$?getSystemCP@@YAHH@Z 00000001800338cc     libucrt:mbctype.obj
 0004:000018d8       $pdata$?setSBCS@@YAXPEAU__crt_multibyte_data@@@Z 00000001800338d8     libucrt:mbctype.obj
 0004:000018e4       $pdata$?update_thread_multibyte_data_internal@@YAPEAU__crt_multibyte_data@@QEAU__acrt_ptd@@QEAPEAU1@@Z 00000001800338e4     libucrt:mbctype.obj
 0004:000018f0       $pdata$?fin$0@?0??update_thread_multibyte_data_internal@@YAPEAU__crt_multibyte_data@@QEAU__acrt_ptd@@QEAPEAU1@@Z@4HA 00000001800338f0     libucrt:mbctype.obj
 0004:000018fc       $pdata$?setmbcp_internal@@YAHH_NQEAU__acrt_ptd@@QEAPEAU__crt_multibyte_data@@@Z 00000001800338fc     libucrt:mbctype.obj
 0004:00001908       $pdata$?setSBUpLow@@YAXPEAU__crt_multibyte_data@@@Z 0000000180033908     libucrt:mbctype.obj
 0004:00001914       $pdata$??$?RV<lambda_efdfa57d1f175319df784efa44bb7b81>@@AEAV<lambda_5f0a4c1567f8adc6734073e5d1e1b35c>@@V<lambda_2e8a7d3640ea6ccb4c2413664c2db6fd>@@@?$__crt_seh_guarded_call@X@@QEAAX$$QEAV<lambda_efdfa57d1f175319df784efa44bb7b81>@@AEAV<lambda_5f0a4c1567f8adc6734073e5d1e1b35c>@@$$QEAV<lambda_2e8a7d3640ea6ccb4c2413664c2db6fd>@@@Z 0000000180033914     libucrt:mbctype.obj
 0004:00001920       $pdata$?x_ismbbtype_l@@YAHPEAU__crt_locale_pointers@@IHH@Z 0000000180033920     libucrt:ismbbyte.obj
 0004:0000192c       $pdata$__acrt_initialize_command_line 000000018003392c     libucrt:argv_data.obj
 0004:00001938       $pdata$__acrt_WideCharToMultiByte 0000000180033938     libucrt:widechartomultibyte.obj
 0004:00001944       $pdata$__dcrt_get_narrow_environment_from_os 0000000180033944     libucrt:get_environment_from_os.obj
 0004:00001950       $pdata$__acrt_initialize_heap 0000000180033950     libucrt:heap_handle.obj
 0004:0000195c       $pdata$__acrt_execute_initializers 000000018003395c     libucrt:shared_initialization.obj
 0004:00001968       $pdata$__acrt_execute_uninitializers 0000000180033968     libucrt:shared_initialization.obj
 0004:00001974       $pdata$__acrt_get_sigabrt_handler 0000000180033974     libucrt:signal.obj
 0004:00001980       $pdata$raise               0000000180033980     libucrt:signal.obj
 0004:0000198c       $pdata$raise$fin$0         000000018003398c     libucrt:signal.obj
 0004:00001998       $pdata$??$?RV<lambda_450d765d439847d4c735a33c368b5fc0>@@AEAV<lambda_44731a7d0e6d81c3e6aa82d741081786>@@V<lambda_601a2a7da3b7a96e9554ac7215c4b07c>@@@?$__crt_seh_guarded_call@P6AXH@Z@@QEAAP6AXH@Z$$QEAV<lambda_450d765d439847d4c735a33c368b5fc0>@@AEAV<lambda_44731a7d0e6d81c3e6aa82d741081786>@@$$QEAV<lambda_601a2a7da3b7a96e9554ac7215c4b07c>@@@Z 0000000180033998     libucrt:signal.obj
 0004:000019a4       $pdata$_fflush_nolock      00000001800339a4     libucrt:fflush.obj
 0004:000019b0       $pdata$__acrt_stdio_flush_nolock 00000001800339b0     libucrt:fflush.obj
 0004:000019bc       $pdata$?common_flush_all@@YAH_N@Z 00000001800339bc     libucrt:fflush.obj
 0004:000019c8       $pdata$??$?RV<lambda_842d9ff0dc9ef11c61343bbaebe7f885>@@AEAV<lambda_c5860995281e5c4ce005b3de8f5874ee>@@V<lambda_d90129c13df834fdcbf8d2b88dafcf2d>@@@?$__crt_seh_guarded_call@X@@QEAAX$$QEAV<lambda_842d9ff0dc9ef11c61343bbaebe7f885>@@AEAV<lambda_c5860995281e5c4ce005b3de8f5874ee>@@$$QEAV<lambda_d90129c13df834fdcbf8d2b88dafcf2d>@@@Z 00000001800339c8     libucrt:fflush.obj
 0004:000019d4       $pdata$?fin$0@?0???$?RV<lambda_842d9ff0dc9ef11c61343bbaebe7f885>@@AEAV<lambda_c5860995281e5c4ce005b3de8f5874ee>@@V<lambda_d90129c13df834fdcbf8d2b88dafcf2d>@@@?$__crt_seh_guarded_call@X@@QEAAX$$QEAV<lambda_842d9ff0dc9ef11c61343bbaebe7f885>@@AEAV<lambda_c5860995281e5c4ce005b3de8f5874ee>@@$$QEAV<lambda_d90129c13df834fdcbf8d2b88dafcf2d>@@@Z@4HA 00000001800339d4     libucrt:fflush.obj
 0004:000019e0       $pdata$??$?RV<lambda_886d6c58226a84441f68b9f2b8217b83>@@AEAV<lambda_ab61a845afdef5b7c387490eaf3616ee>@@V<lambda_f7f22ab5edc0698d5f6905b0d3f44752>@@@?$__crt_seh_guarded_call@X@@QEAAX$$QEAV<lambda_886d6c58226a84441f68b9f2b8217b83>@@AEAV<lambda_ab61a845afdef5b7c387490eaf3616ee>@@$$QEAV<lambda_f7f22ab5edc0698d5f6905b0d3f44752>@@@Z 00000001800339e0     libucrt:fflush.obj
 0004:000019ec       $pdata$?fin$0@?0???$?RV<lambda_886d6c58226a84441f68b9f2b8217b83>@@AEAV<lambda_ab61a845afdef5b7c387490eaf3616ee>@@V<lambda_f7f22ab5edc0698d5f6905b0d3f44752>@@@?$__crt_seh_guarded_call@X@@QEAAX$$QEAV<lambda_886d6c58226a84441f68b9f2b8217b83>@@AEAV<lambda_ab61a845afdef5b7c387490eaf3616ee>@@$$QEAV<lambda_f7f22ab5edc0698d5f6905b0d3f44752>@@@Z@4HA 00000001800339ec     libucrt:fflush.obj
 0004:000019f8       $pdata$__pctype_func       00000001800339f8     libucrt:ctype.obj
 0004:00001a04       $pdata$iswctype            0000000180033a04     libucrt:iswctype.obj
 0004:00001a10       $pdata$__acrt_release_locale_ref 0000000180033a10     libucrt:locale_refcounting.obj
 0004:00001a1c       $pdata$__acrt_free_locale  0000000180033a1c     libucrt:locale_refcounting.obj
 0004:00001a28       $pdata$__acrt_locale_free_lc_time_if_unreferenced 0000000180033a28     libucrt:locale_refcounting.obj
 0004:00001a34       $pdata$__acrt_update_thread_locale_data 0000000180033a34     libucrt:locale_refcounting.obj
 0004:00001a40       $pdata$__acrt_update_thread_locale_data$fin$0 0000000180033a40     libucrt:locale_refcounting.obj
 0004:00001a4c       $pdata$_updatetlocinfoEx_nolock 0000000180033a4c     libucrt:locale_refcounting.obj
 0004:00001a58       $pdata$__acrt_DownlevelLocaleNameToLCID 0000000180033a58     libucrt:lcidtoname_downlevel.obj
 0004:00001a64       $pdata$_isleadbyte_l       0000000180033a64     libucrt:_wctype.obj
 0004:00001a70       $pdata$?__mbrtowc_utf8@__crt_mbstring@@YA_KPEA_WPEBD_KPEAU_Mbstatet@@@Z 0000000180033a70     libucrt:mbrtowc.obj
 0004:00001a7c       $pdata$?__mbsrtowcs_utf8@__crt_mbstring@@YA_KPEA_WPEAPEBD_KPEAU_Mbstatet@@@Z 0000000180033a7c     libucrt:mbrtowc.obj
 0004:00001a88       $pdata$__acrt_fp_strflt_to_string 0000000180033a88     libucrt:_fptostr.obj
 0004:00001a94       $pdata$__acrt_fltout       0000000180033a94     libucrt:cfout.obj
 0004:00001aa0       $pdata$?divide@__crt_strtox@@YA_KAEAUbig_integer@1@AEBU21@@Z 0000000180033aa0     libucrt:cfout.obj
 0004:00001aac       $pdata$0$?divide@__crt_strtox@@YA_KAEAUbig_integer@1@AEBU21@@Z 0000000180033aac     libucrt:cfout.obj
 0004:00001ab8       $pdata$1$?divide@__crt_strtox@@YA_KAEAUbig_integer@1@AEBU21@@Z 0000000180033ab8     libucrt:cfout.obj
 0004:00001ac4       $pdata$_fcloseall          0000000180033ac4     libucrt:closeall.obj
 0004:00001ad0       $pdata$_fcloseall$fin$0    0000000180033ad0     libucrt:closeall.obj
 0004:00001adc       $pdata$__acrt_stdio_free_buffer_nolock 0000000180033adc     libucrt:_freebuf.obj
 0004:00001ae8       $pdata$_isatty             0000000180033ae8     libucrt:isatty.obj
 0004:00001af4       $pdata$__acrt_locale_free_monetary 0000000180033af4     libucrt:initmon.obj
 0004:00001b00       $pdata$__acrt_locale_free_numeric 0000000180033b00     libucrt:initnum.obj
 0004:00001b0c       $pdata$__acrt_locale_free_time 0000000180033b0c     libucrt:inittime.obj
 0004:00001b18       $pdata$?free_crt_array_internal@@YAXQEAPEBX_K@Z 0000000180033b18     libucrt:inittime.obj
 0004:00001b24       $pdata$__acrt_GetStringTypeA 0000000180033b24     libucrt:getstringtypea.obj
 0004:00001b30       $pdata$_get_osfhandle      0000000180033b30     libucrt:osfinfo.obj
 0004:00001b3c       $pdata$_free_osfhnd        0000000180033b3c     libucrt:osfinfo.obj
 0004:00001b48       $pdata$__acrt_lowio_create_handle_array 0000000180033b48     libucrt:osfinfo.obj
 0004:00001b54       $pdata$__acrt_lowio_destroy_handle_array 0000000180033b54     libucrt:osfinfo.obj
 0004:00001b60       $pdata$__acrt_lowio_ensure_fh_exists 0000000180033b60     libucrt:osfinfo.obj
 0004:00001b6c       $pdata$qsort               0000000180033b6c     libucrt:qsort.obj
 0004:00001b78       $pdata$4$qsort             0000000180033b78     libucrt:qsort.obj
 0004:00001b84       $pdata$5$qsort             0000000180033b84     libucrt:qsort.obj
 0004:00001b90       $pdata$strncpy_s           0000000180033b90     libucrt:strncpy_s.obj
 0004:00001b9c       $pdata$strpbrk             0000000180033b9c     libucrt:strpbrk.obj
 0004:00001ba8       $pdata$fallbackMethod      0000000180033ba8     libucrt:strpbrk.obj
 0004:00001bb4       $pdata$_mbsdec_l           0000000180033bb4     libucrt:mbsdec.obj
 0004:00001bc0       $pdata$__acrt_LCMapStringA 0000000180033bc0     libucrt:lcmapstringa.obj
 0004:00001bcc       $pdata$?__acrt_LCMapStringA_stat@@YAHPEAU__crt_locale_pointers@@PEB_WKPEBDHPEADHHH@Z 0000000180033bcc     libucrt:lcmapstringa.obj
 0004:00001bd8       $pdata$?initialize_multibyte@@YAHXZ 0000000180033bd8     libucrt:multibyte_initializer.obj
 0004:00001be4       $pdata$_commit             0000000180033be4     libucrt:commit.obj
 0004:00001bf0       $pdata$??$?RV<lambda_a37b2b86f63e897a80ea819b0eb08c01>@@AEAV<lambda_38ce7e780aa69e748d6df282ebc68efe>@@V<lambda_99fb1378e971ab6e7edea83e3a7a83a2>@@@?$__crt_seh_guarded_call@H@@QEAAH$$QEAV<lambda_a37b2b86f63e897a80ea819b0eb08c01>@@AEAV<lambda_38ce7e780aa69e748d6df282ebc68efe>@@$$QEAV<lambda_99fb1378e971ab6e7edea83e3a7a83a2>@@@Z 0000000180033bf0     libucrt:commit.obj
 0004:00001bfc       $pdata$?fin$0@?0???$?RV<lambda_751a882b2c74d4b022dec766aa51a29a>@@AEAV<lambda_628dfdc04ba53c8bfc02c9951375f3f5>@@V<lambda_f6c7be5f7998530c34de24c7437d6b54>@@@?$__crt_seh_guarded_call@H@@QEAAH$$QEAV<lambda_751a882b2c74d4b022dec766aa51a29a>@@AEAV<lambda_628dfdc04ba53c8bfc02c9951375f3f5>@@$$QEAV<lambda_f6c7be5f7998530c34de24c7437d6b54>@@@Z@4HA 0000000180033bfc     libucrt:close.obj
 0004:00001bfc       $pdata$?fin$0@?0???$?RV<lambda_a37b2b86f63e897a80ea819b0eb08c01>@@AEAV<lambda_38ce7e780aa69e748d6df282ebc68efe>@@V<lambda_99fb1378e971ab6e7edea83e3a7a83a2>@@@?$__crt_seh_guarded_call@H@@QEAAH$$QEAV<lambda_a37b2b86f63e897a80ea819b0eb08c01>@@AEAV<lambda_38ce7e780aa69e748d6df282ebc68efe>@@$$QEAV<lambda_99fb1378e971ab6e7edea83e3a7a83a2>@@@Z@4HA 0000000180033bfc     libucrt:commit.obj
 0004:00001c08       $pdata$_write              0000000180033c08     libucrt:write.obj
 0004:00001c14       $pdata$_write$fin$0        0000000180033c14     libucrt:write.obj
 0004:00001c20       $pdata$_write_nolock       0000000180033c20     libucrt:write.obj
 0004:00001c2c       $pdata$?write_double_translated_ansi_nolock@@YA?AUwrite_result@?A0x17268360@@HQEBDI@Z 0000000180033c2c     libucrt:write.obj
 0004:00001c38       $pdata$?write_text_ansi_nolock@@YA?AUwrite_result@?A0x17268360@@HQEBDI@Z 0000000180033c38     libucrt:write.obj
 0004:00001c44       $pdata$?write_text_utf16le_nolock@@YA?AUwrite_result@?A0x17268360@@HQEBDI@Z 0000000180033c44     libucrt:write.obj
 0004:00001c50       $pdata$?write_text_utf8_nolock@@YA?AUwrite_result@?A0x17268360@@HQEBDI@Z 0000000180033c50     libucrt:write.obj
 0004:00001c5c       $pdata$?__mbrtoc32_utf8@__crt_mbstring@@YA_KPEA_UPEBD_KPEAU_Mbstatet@@@Z 0000000180033c5c     libucrt:mbrtoc32.obj
 0004:00001c68       $pdata$fegetenv            0000000180033c68     libucrt:fegetenv.obj
 0004:00001c74       $pdata$fesetenv            0000000180033c74     libucrt:fesetenv.obj
 0004:00001c80       $pdata$feholdexcept        0000000180033c80     libucrt:feholdexcept.obj
 0004:00001c98       $pdata$??$common_lseek_nolock@_J@@YA_JH_JH@Z 0000000180033c98     libucrt:lseek.obj
 0004:00001ca4       $pdata$fclose              0000000180033ca4     libucrt:fclose.obj
 0004:00001cb0       $pdata$fclose$fin$0        0000000180033cb0     libucrt:fclose.obj
 0004:00001cbc       $pdata$_fclose_nolock      0000000180033cbc     libucrt:fclose.obj
 0004:00001cc8       $pdata$_putwch_nolock      0000000180033cc8     libucrt:putwch.obj
 0004:00001cd4       $pdata$__acrt_fenv_set_control 0000000180033cd4     libucrt:_fenvutils.obj
 0004:00001ce0       $pdata$_clearfp            0000000180033ce0     libucrt:ieee.obj
 0004:00001cec       $pdata$_call_matherr       0000000180033cec     libucrt:libm_error.obj
 0004:00001cf8       $pdata$_exception_enabled  0000000180033cf8     libucrt:libm_error.obj
 0004:00001d04       $pdata$_handle_error       0000000180033d04     libucrt:libm_error.obj
 0004:00001d10       $pdata$__acrt_initialize_fma3 0000000180033d10     libucrt:fma3_available.obj
 0004:00001d1c       $pdata$_log_special_common 0000000180033d1c     libucrt:log_special.obj
 0004:00001d28       $pdata$_log10_special      0000000180033d28     libucrt:log_special.obj
 0004:00001d34       $pdata$_close              0000000180033d34     libucrt:close.obj
 0004:00001d40       $pdata$_close_nolock       0000000180033d40     libucrt:close.obj
 0004:00001d4c       $pdata$??$?RV<lambda_751a882b2c74d4b022dec766aa51a29a>@@AEAV<lambda_628dfdc04ba53c8bfc02c9951375f3f5>@@V<lambda_f6c7be5f7998530c34de24c7437d6b54>@@@?$__crt_seh_guarded_call@H@@QEAAH$$QEAV<lambda_751a882b2c74d4b022dec766aa51a29a>@@AEAV<lambda_628dfdc04ba53c8bfc02c9951375f3f5>@@$$QEAV<lambda_f6c7be5f7998530c34de24c7437d6b54>@@@Z 0000000180033d4c     libucrt:close.obj
 0004:00001d58       $pdata$__dcrt_lowio_ensure_console_output_initialized 0000000180033d58     libucrt:initcon.obj
 0004:00001d64       $pdata$__dcrt_write_console 0000000180033d64     libucrt:initcon.obj
 0004:00001d70       $pdata$__dcrt_terminate_console_output 0000000180033d70     libucrt:initcon.obj
 0004:00001d88       $pdata$_set_errno_from_matherr 0000000180033d88     libucrt:fpexcept.obj
 0004:00001d94       $pdata$_raise_exc          0000000180033d94     libucrt:fpexcept.obj
 0004:00001da0       $pdata$_raise_exc_ex       0000000180033da0     libucrt:fpexcept.obj
 0004:00001dac       $pdata$_clrfp              0000000180033dac     libucrt:fpctrl.obj
 0004:00001db8       $pdata$_ctrlfp             0000000180033db8     libucrt:fpctrl.obj
 0004:00001dc4       $pdata$_ctrlfp$filt$0      0000000180033dc4     libucrt:fpctrl.obj
 0004:00001dd0       $pdata$_statfp             0000000180033dd0     libucrt:fpctrl.obj
 0004:00001ddc       $pdata$_set_statfp         0000000180033ddc     libucrt:fpctrl.obj
 0004:00001de8       $pdata$_IsNonwritableInCurrentImage 0000000180033de8     LIBCMT:pesect.obj
 0004:00001df4       $pdata$_IsNonwritableInCurrentImage$filt$0 0000000180033df4     LIBCMT:pesect.obj
 0005:00000000       MoveSmall                  0000000180034000     libvcruntime:memcpy.obj
 0005:00000050       MsetTab                    0000000180034050     libvcruntime:memset.obj
 0006:00000220       $R000000                   0000000180035220     MotionSensor.res
 0006:00000ba0       $R000980                   0000000180035ba0     MotionSensor.res
 0006:00000c88       $R000A68                   0000000180035c88     MotionSensor.res
 0006:00000ef0       $R000CD0                   0000000180035ef0     MotionSensor.res
 0006:000013d0       $R0011B0                   00000001800363d0     MotionSensor.res
 0006:00003710       $R0034F0                   0000000180038710     MotionSensor.res
 0006:00003748       $R003528                   0000000180038748     MotionSensor.res
