 OPOSCoinDispenser

 Timestamp is 600f7810 (Tue Jan 26 11:01:52 2021)

 Preferred load address is 0000000180000000

 Start         Length     Name                   Class
 0001:00000000 000000c0H .text$di                CODE
 0001:000000c0 00020cf0H .text$mn                CODE
 0001:00020db0 00000040H .text$mn$00             CODE
 0001:00020df0 000004b0H .text$x                 CODE
 0001:000212a0 00000078H .text$yd                CODE
 0002:00000000 00000618H .idata$5                DATA
 0002:00000618 00000028H .00cfg                  DATA
 0002:00000640 00000008H .CRT$XCA                DATA
 0002:00000648 00000008H .CRT$XCL                DATA
 0002:00000650 00000020H .CRT$XCU                DATA
 0002:00000670 00000008H .CRT$XCZ                DATA
 0002:00000678 00000008H .CRT$XIA                DATA
 0002:00000680 00000020H .CRT$XIC                DATA
 0002:000006a0 00000008H .CRT$XIZ                DATA
 0002:000006a8 00000008H .CRT$XLA                DATA
 0002:000006b0 00000008H .CRT$XLZ                DATA
 0002:000006b8 00000008H .CRT$XPA                DATA
 0002:000006c0 00000010H .CRT$XPX                DATA
 0002:000006d0 00000008H .CRT$XPXA               DATA
 0002:000006d8 00000008H .CRT$XPZ                DATA
 0002:000006e0 00000008H .CRT$XTA                DATA
 0002:000006e8 00000008H .CRT$XTZ                DATA
 0002:000006f0 00000000H .gehcont$y              DATA
 0002:000006f0 00000000H .gfids$y                DATA
 0002:000006f0 0000a790H .rdata                  DATA
 0002:0000ae80 00000000H .rdata$CastGuardVftablesA DATA
 0002:0000ae80 00000000H .rdata$CastGuardVftablesC DATA
 0002:0000ae80 00000028H .rdata$T                DATA
 0002:0000aea8 00000274H .rdata$r                DATA
 0002:0000b11c 0000040cH .rdata$zzzdbg           DATA
 0002:0000b528 00000008H .rtc$IAA                DATA
 0002:0000b530 00000008H .rtc$IZZ                DATA
 0002:0000b538 00000008H .rtc$TAA                DATA
 0002:0000b540 00000008H .rtc$TZZ                DATA
 0002:0000b548 00000004H .tls                    DATA
 0002:0000b54c 00000004H .tls$                   DATA
 0002:0000b550 00000008H .tls$ZZZ                DATA
 0002:0000b558 00001690H .xdata                  DATA
 0002:0000cbe8 00000150H .xdata$x                DATA
 0002:0000cd38 00000008H ATL$__a                 DATA
 0002:0000cd40 00000010H ATL$__z                 DATA
 0002:0000cd50 000000b0H .edata                  DATA
 0002:0000ce00 00000078H .idata$2                DATA
 0002:0000ce78 00000018H .idata$3                DATA
 0002:0000ce90 00000618H .idata$4                DATA
 0002:0000d4a8 00000c2aH .idata$6                DATA
 0003:00000000 00000db8H .data                   DATA
 0003:00000db8 000000c8H .data$r                 DATA
 0003:00000e80 0000141cH .bss                    DATA
 0004:00000000 00001e30H .pdata                  DATA
 0005:00000000 00000094H _RDATA                  DATA
 0006:00000000 00000220H .rsrc$01                DATA
 0006:00000220 00003af8H .rsrc$02                DATA

  Address         Publics by Value              Rva+Base               Lib:Object

 0000:00000000       ___safe_se_handler_table   0000000000000000     <absolute>
 0000:00000000       __guard_longjmp_table      0000000000000000     <absolute>
 0000:00000000       __x64_code_ranges_to_entry_points 0000000000000000     <absolute>
 0000:00000000       __arm64x_redirection_metadata 0000000000000000     <absolute>
 0000:00000000       __guard_iat_table          0000000000000000     <absolute>
 0000:00000000       __guard_fids_count         0000000000000000     <absolute>
 0000:00000000       __arm64x_extra_rfe_table   0000000000000000     <absolute>
 0000:00000000       __guard_iat_count          0000000000000000     <absolute>
 0000:00000000       __guard_longjmp_count      0000000000000000     <absolute>
 0000:00000000       __dynamic_value_reloc_table 0000000000000000     <absolute>
 0000:00000000       __x64_code_ranges_to_entry_points_count 0000000000000000     <absolute>
 0000:00000000       __hybrid_code_map          0000000000000000     <absolute>
 0000:00000000       __hybrid_auxiliary_iat     0000000000000000     <absolute>
 0000:00000000       __volatile_metadata        0000000000000000     <absolute>
 0000:00000000       __arm64x_extra_rfe_table_size 0000000000000000     <absolute>
 0000:00000000       ___safe_se_handler_count   0000000000000000     <absolute>
 0000:00000000       __AbsoluteZero             0000000000000000     <absolute>
 0000:00000000       __guard_eh_cont_count      0000000000000000     <absolute>
 0000:00000000       __guard_fids_table         0000000000000000     <absolute>
 0000:00000000       __arm64x_redirection_metadata_count 0000000000000000     <absolute>
 0000:00000000       __enclave_config           0000000000000000     <absolute>
 0000:00000000       __guard_eh_cont_table      0000000000000000     <absolute>
 0000:00000000       __arm64x_native_entrypoint 0000000000000000     <absolute>
 0000:00000000       __hybrid_code_map_count    0000000000000000     <absolute>
 0000:00000100       __guard_flags              0000000000000100     <absolute>
 0000:00000000       __ImageBase                0000000180000000     <linker-defined>
 0001:000000c0       ?DupWide@_CW@@AEAAXXZ      00000001800010c0 f   CWString.obj
 0001:000000e8       ?cw_dup@@YAXPEBDAEAHAEAPEA_W1@Z 00000001800010e8 f   CWString.obj
 0001:000001c8       ?cw_memcpy@@YAHPEA_WPEBDH@Z 00000001800011c8 f   CWString.obj
 0001:00000214       ?cw_strcpy@@YAHPEA_WPEBD@Z 0000000180001214 f   CWString.obj
 0001:00000228       ??0CAtlComModule@ATL@@QEAA@XZ 0000000180001228 f i OposVariant.obj
 0001:000002a8       ??0CAtlWinModule@ATL@@QEAA@XZ 00000001800012a8 f i OposVariant.obj
 0001:00000314       ??0OposDispParms@@QEAA@PEAVOposVariant@@H@Z 0000000180001314 f   OposVariant.obj
 0001:000003bc       ??1OposDispParms@@QEAA@XZ  00000001800013bc f   OposVariant.obj
 0001:000003d4       ??_Estringdispid@CComTypeInfoHolder@ATL@@QEAAPEAXI@Z 00000001800013d4 f i OposVariant.obj
 0001:00000478       ?AtlWinModuleTerm@ATL@@YAJPEAU_ATL_WIN_MODULE70@1@PEAUHINSTANCE__@@@Z 0000000180001478 f i OposVariant.obj
 0001:00000528       ?ChangeBSTR@OposVariant@@QEAAXPEAPEA_WAEAJ@Z 0000000180001528 f   OposVariant.obj
 0001:00000588       ?ChangeLONG@OposVariant@@QEAAXPEAJAEAJ@Z 0000000180001588 f   OposVariant.obj
 0001:000005e4       ?GetLONG@OposVariant@@QEAAJXZ 00000001800015e4 f   OposVariant.obj
 0001:00000608       ?SetBSTR@OposVariant@@QEAAXPEA_WAEAJ@Z 0000000180001608 f   OposVariant.obj
 0001:00000648       ?SetBSTR_Copy@OposVariant@@QEAAXPEA_WAEAJ@Z 0000000180001648 f   OposVariant.obj
 0001:000006b8       ?SetBSTR_InOutPtr@OposVariant@@QEAA_NPEAPEA_WAEAJ@Z 00000001800016b8 f   OposVariant.obj
 0001:00000708       ?SetBSTR_OutPtr@OposVariant@@QEAA_NPEAPEA_WAEAJ@Z 0000000180001708 f   OposVariant.obj
 0001:00000724       ?SetDispatch_Ptr@OposVariant@@QEAAXPEAUIDispatch@@AEAJ@Z 0000000180001724 f   OposVariant.obj
 0001:0000077c       ?SetLONG@OposVariant@@QEAAXJ@Z 000000018000177c f   OposVariant.obj
 0001:000007ac       ?SetLONG_Ptr@OposVariant@@QEAAXPEAJAEAJ@Z 00000001800017ac f   OposVariant.obj
 0001:000007f8       ?SetString@OposVariant@@QEAAXPEB_WAEAJ@Z 00000001800017f8 f   OposVariant.obj
 0001:0000085c       ?SetVARIANT_BOOL@OposVariant@@QEAAXF@Z 000000018000185c f   OposVariant.obj
 0001:00000894       ?SetVARIANT_BOOL_Ptr@OposVariant@@QEAAXPEAFAEAJ@Z 0000000180001894 f   OposVariant.obj
 0001:000008e0       ?Term@CAtlComModule@ATL@@QEAAXXZ 00000001800018e0 f i OposVariant.obj
 0001:00000950       ?_AtlInitializeCriticalSectionEx@ATL@@YAHPEAU_RTL_CRITICAL_SECTION@@KK@Z 0000000180001950 f i OposVariant.obj
 0001:00000958       ?_AtlRaiseException@ATL@@YAXKK@Z 0000000180001958 f i OposVariant.obj
 0001:00000968       ?GetWindowProc@?$CWindowImplBaseT@VCWindow@ATL@@V?$CWinTraits@$0FGAAAAAA@$0A@@2@@ATL@@UEAAP6A_JPEAUHWND__@@I_K_J@ZXZ 0000000180001968 f i CoinDispenser.obj
 0001:00000970       ?StartWindowProc@?$CWindowImplBaseT@VCWindow@ATL@@V?$CWinTraits@$0FGAAAAAA@$0A@@2@@ATL@@SA_JPEAUHWND__@@I_K_J@Z 0000000180001970 f i CoinDispenser.obj
 0001:00000a34       _guard_check_icall_nop     0000000180001a34 f i LIBCMT:guard_support.obj
 0001:00000a34       ?OnFinalMessage@?$CWindowImplBaseT@VCWindow@ATL@@V?$CWinTraits@$0FGAAAAAA@$0A@@2@@ATL@@UEAAXPEAUHWND__@@@Z 0000000180001a34 f i CoinDispenser.obj
 0001:00000a34       ?ObjectMain@CComObjectRootBase@ATL@@SAX_N@Z 0000000180001a34 f i CoinDispenser.obj
 0001:00000a38       ?GetTypeInfoCount@?$IDispatchImpl@UIOPOSCoinDispenser@@$1?IID_IOPOSCoinDispenser@@3U_GUID@@B$1?LIBID_OposCoinDispenser_CCO@@3U3@B$00$0A@VCComTypeInfoHolder@ATL@@@ATL@@UEAAJPEAI@Z 0000000180001a38 f i CoinDispenser.obj
 0001:00000a4c       ?GetTypeInfo@?$IDispatchImpl@UIOPOSCoinDispenser@@$1?IID_IOPOSCoinDispenser@@3U_GUID@@B$1?LIBID_OposCoinDispenser_CCO@@3U3@B$00$0A@VCComTypeInfoHolder@ATL@@@ATL@@UEAAJIKPEAPEAUITypeInfo@@@Z 0000000180001a4c f i CoinDispenser.obj
 0001:00000ab0       ?GetIDsOfNames@?$IDispatchImpl@UIOPOSCoinDispenser@@$1?IID_IOPOSCoinDispenser@@3U_GUID@@B$1?LIBID_OposCoinDispenser_CCO@@3U3@B$00$0A@VCComTypeInfoHolder@ATL@@@ATL@@UEAAJAEBU_GUID@@PEAPEA_WIKPEAJ@Z 0000000180001ab0 f i CoinDispenser.obj
 0001:00000abc       ?Invoke@?$IDispatchImpl@UIOPOSCoinDispenser@@$1?IID_IOPOSCoinDispenser@@3U_GUID@@B$1?LIBID_OposCoinDispenser_CCO@@3U3@B$00$0A@VCComTypeInfoHolder@ATL@@@ATL@@UEAAJJAEBU_GUID@@KGPEAUtagDISPPARAMS@@PEAUtagVARIANT@@PEAUtagEXCEPINFO@@PEAI@Z 0000000180001abc f i CoinDispenser.obj
 0001:00000b4c       ?CreateControlWindow@?$CComControl@VCOPOSCoinDispenser@@V?$CWindowImpl@VCOPOSCoinDispenser@@VCWindow@ATL@@V?$CWinTraits@$0FGAAAAAA@$0A@@3@@ATL@@@ATL@@UEAAPEAUHWND__@@PEAU3@AEAUtagRECT@@@Z 0000000180001b4c f i CoinDispenser.obj
 0001:00000b84       ?ControlQueryInterface@?$CComControl@VCOPOSCoinDispenser@@V?$CWindowImpl@VCOPOSCoinDispenser@@VCWindow@ATL@@V?$CWinTraits@$0FGAAAAAA@$0A@@3@@ATL@@@ATL@@UEAAJAEBU_GUID@@PEAPEAX@Z 0000000180001b84 f i CoinDispenser.obj
 0001:00000b98       ?GetClassID@?$IPersistStorageImpl@VCOPOSCoinDispenser@@@ATL@@UEAAJPEAU_GUID@@@Z 0000000180001b98 f i CoinDispenser.obj
 0001:00000b98       ?GetUserClassID@?$IOleObjectImpl@VCOPOSCoinDispenser@@@ATL@@UEAAJPEAU_GUID@@@Z 0000000180001b98 f i CoinDispenser.obj
 0001:00000b98       ?GetClassID@?$IPersistStreamInitImpl@VCOPOSCoinDispenser@@@ATL@@UEAAJPEAU_GUID@@@Z 0000000180001b98 f i CoinDispenser.obj
 0001:00000bb4       ?IsDirty@?$IPersistStreamInitImpl@VCOPOSCoinDispenser@@@ATL@@UEAAJXZ 0000000180001bb4 f i CoinDispenser.obj
 0001:00000bd0       ?Load@?$IPersistStreamInitImpl@VCOPOSCoinDispenser@@@ATL@@UEAAJPEAUIStream@@@Z 0000000180001bd0 f i CoinDispenser.obj
 0001:00000be8       ?Save@?$IPersistStreamInitImpl@VCOPOSCoinDispenser@@@ATL@@UEAAJPEAUIStream@@H@Z 0000000180001be8 f i CoinDispenser.obj
 0001:00000c00       ?GetSizeMax@?$IPersistStreamInitImpl@VCOPOSCoinDispenser@@@ATL@@UEAAJPEAT_ULARGE_INTEGER@@@Z 0000000180001c00 f i CoinDispenser.obj
 0001:00000e2c       ?InitNew@?$IPersistStreamInitImpl@VCOPOSCoinDispenser@@@ATL@@UEAAJXZ 0000000180001e2c f i CoinDispenser.obj
 0001:00000e44       ?GetCanonicalFormatEtc@?$IDataObjectImpl@VCOPOSCoinDispenser@@@ATL@@UEAAJPEAUtagFORMATETC@@0@Z 0000000180001e44 f i CoinDispenser.obj
 0001:00000e44       ?GetControlInfo@?$IOleControlImpl@VCOPOSCoinDispenser@@@ATL@@UEAAJPEAUtagCONTROLINFO@@@Z 0000000180001e44 f i CoinDispenser.obj
 0001:00000e44       ?SetData@?$IDataObjectImpl@VCOPOSCoinDispenser@@@ATL@@UEAAJPEAUtagFORMATETC@@PEAUtagSTGMEDIUM@@H@Z 0000000180001e44 f i CoinDispenser.obj
 0001:00000e44       ?GetDataHere@?$IDataObjectImpl@VCOPOSCoinDispenser@@@ATL@@UEAAJPEAUtagFORMATETC@@PEAUtagSTGMEDIUM@@@Z 0000000180001e44 f i CoinDispenser.obj
 0001:00000e44       ?OnMnemonic@?$IOleControlImpl@VCOPOSCoinDispenser@@@ATL@@UEAAJPEAUtagMSG@@@Z 0000000180001e44 f i CoinDispenser.obj
 0001:00000e44       ?QueryGetData@?$IDataObjectImpl@VCOPOSCoinDispenser@@@ATL@@UEAAJPEAUtagFORMATETC@@@Z 0000000180001e44 f i CoinDispenser.obj
 0001:00000e44       ?GetColorSet@?$IViewObjectExImpl@VCOPOSCoinDispenser@@@ATL@@UEAAJKJPEAXPEAUtagDVTARGETDEVICE@@PEAUHDC__@@PEAPEAUtagLOGPALETTE@@@Z 0000000180001e44 f i CoinDispenser.obj
 0001:00000e44       ?SOErrorDummy@COPOSCoinDispenser@@MEAAJJJJPEAJ@Z 0000000180001e44 f i CoinDispenser.obj
 0001:00000e44       ?EnumFormatEtc@?$IDataObjectImpl@VCOPOSCoinDispenser@@@ATL@@UEAAJKPEAPEAUIEnumFORMATETC@@@Z 0000000180001e44 f i CoinDispenser.obj
 0001:00000e44       ?GetDropTarget@?$IOleInPlaceObjectWindowlessImpl@VCOPOSCoinDispenser@@@ATL@@UEAAJPEAPEAUIDropTarget@@@Z 0000000180001e44 f i CoinDispenser.obj
 0001:00000e44       ?Freeze@?$IViewObjectExImpl@VCOPOSCoinDispenser@@@ATL@@UEAAJKJPEAXPEAK@Z 0000000180001e44 f i CoinDispenser.obj
 0001:00000e44       ?ContextSensitiveHelp@?$IOleInPlaceActiveObjectImpl@VCOPOSCoinDispenser@@@ATL@@UEAAJH@Z 0000000180001e44 f i CoinDispenser.obj
 0001:00000e44       ?InitFromData@?$IOleObjectImpl@VCOPOSCoinDispenser@@@ATL@@UEAAJPEAUIDataObject@@HK@Z 0000000180001e44 f i CoinDispenser.obj
 0001:00000e44       ?SODataDummy@COPOSCoinDispenser@@MEAAJJ@Z 0000000180001e44 f i CoinDispenser.obj
 0001:00000e44       ?SetMoniker@?$IOleObjectImpl@VCOPOSCoinDispenser@@@ATL@@UEAAJKPEAUIMoniker@@@Z 0000000180001e44 f i CoinDispenser.obj
 0001:00000e44       ?GetClipboardData@?$IOleObjectImpl@VCOPOSCoinDispenser@@@ATL@@UEAAJKPEAPEAUIDataObject@@@Z 0000000180001e44 f i CoinDispenser.obj
 0001:00000e44       ?SOOutputCompleteDummy@COPOSCoinDispenser@@MEAAJJ@Z 0000000180001e44 f i CoinDispenser.obj
 0001:00000e44       ?GetRect@?$IViewObjectExImpl@VCOPOSCoinDispenser@@@ATL@@UEAAJKPEAU_RECTL@@@Z 0000000180001e44 f i CoinDispenser.obj
 0001:00000e44       ?ContextSensitiveHelp@?$IOleInPlaceObjectWindowlessImpl@VCOPOSCoinDispenser@@@ATL@@UEAAJH@Z 0000000180001e44 f i CoinDispenser.obj
 0001:00000e44       ?Unfreeze@?$IViewObjectExImpl@VCOPOSCoinDispenser@@@ATL@@UEAAJK@Z 0000000180001e44 f i CoinDispenser.obj
 0001:00000e44       ?ReactivateAndUndo@?$IOleInPlaceObjectWindowlessImpl@VCOPOSCoinDispenser@@@ATL@@UEAAJXZ 0000000180001e44 f i CoinDispenser.obj
 0001:00000e44       ?QueryInterface@CRegObject@ATL@@UEAAJAEBU_GUID@@PEAPEAX@Z 0000000180001e44 f i CoinDispenser.obj
 0001:00000e44       ?SetColorScheme@?$IOleObjectImpl@VCOPOSCoinDispenser@@@ATL@@UEAAJPEAUtagLOGPALETTE@@@Z 0000000180001e44 f i CoinDispenser.obj
 0001:00000e44       ?GetMoniker@?$IOleObjectImpl@VCOPOSCoinDispenser@@@ATL@@UEAAJKKPEAPEAUIMoniker@@@Z 0000000180001e44 f i CoinDispenser.obj
 0001:00000e4c       ?ResizeBorder@?$IOleInPlaceActiveObjectImpl@VCOPOSCoinDispenser@@@ATL@@UEAAJPEBUtagRECT@@PEAUIOleInPlaceUIWindow@@H@Z 0000000180001e4c f i CoinDispenser.obj
 0001:00000e4c       ?GetCategoryMap@CComObjectRootBase@ATL@@SAPEBU_ATL_CATMAP_ENTRY@2@XZ 0000000180001e4c f i CoinDispenser.obj
 0001:00000e4c       ?SetHostNames@?$IOleObjectImpl@VCOPOSCoinDispenser@@@ATL@@UEAAJPEB_W0@Z 0000000180001e4c f i CoinDispenser.obj
 0001:00000e4c       ?EnableModeless@?$IOleInPlaceActiveObjectImpl@VCOPOSCoinDispenser@@@ATL@@UEAAJH@Z 0000000180001e4c f i CoinDispenser.obj
 0001:00000e4c       ?OnFrameWindowActivate@?$IOleInPlaceActiveObjectImpl@VCOPOSCoinDispenser@@@ATL@@UEAAJH@Z 0000000180001e4c f i CoinDispenser.obj
 0001:00000e4c       ?OnAmbientPropertyChange@?$IOleControlImpl@VCOPOSCoinDispenser@@@ATL@@UEAAJJ@Z 0000000180001e4c f i CoinDispenser.obj
 0001:00000e4c       ?Release@CRegObject@ATL@@UEAAKXZ 0000000180001e4c f i CoinDispenser.obj
 0001:00000e4c       ?HandsOffStorage@?$IPersistStorageImpl@VCOPOSCoinDispenser@@@ATL@@UEAAJXZ 0000000180001e4c f i CoinDispenser.obj
 0001:00000e4c       ?GetObjectDescription@?$CComCoClass@VCOPOSCoinDispenser@@$1?CLSID_OPOSCoinDispenser@@3U_GUID@@B@ATL@@SAPEB_WXZ 0000000180001e4c f i CoinDispenser.obj
 0001:00000e4c       ?Update@?$IOleObjectImpl@VCOPOSCoinDispenser@@@ATL@@UEAAJXZ 0000000180001e4c f i CoinDispenser.obj
 0001:00000e4c       ?SaveCompleted@?$IPersistStorageImpl@VCOPOSCoinDispenser@@@ATL@@UEAAJPEAUIStorage@@@Z 0000000180001e4c f i CoinDispenser.obj
 0001:00000e4c       ?IsUpToDate@?$IOleObjectImpl@VCOPOSCoinDispenser@@@ATL@@UEAAJXZ 0000000180001e4c f i CoinDispenser.obj
 0001:00000e50       ?SetClientSite@?$IOleObjectImpl@VCOPOSCoinDispenser@@@ATL@@UEAAJPEAUIOleClientSite@@@Z 0000000180001e50 f i CoinDispenser.obj
 0001:00000e6c       ?GetClientSite@?$IOleObjectImpl@VCOPOSCoinDispenser@@@ATL@@UEAAJPEAPEAUIOleClientSite@@@Z 0000000180001e6c f i CoinDispenser.obj
 0001:00000eb4       ?Close@?$IOleObjectImpl@VCOPOSCoinDispenser@@@ATL@@UEAAJK@Z 0000000180001eb4 f i CoinDispenser.obj
 0001:00000ed0       ?DoVerb@?$IOleObjectImpl@VCOPOSCoinDispenser@@@ATL@@UEAAJJPEAUtagMSG@@PEAUIOleClientSite@@JPEAUHWND__@@PEBUtagRECT@@@Z 0000000180001ed0 f i CoinDispenser.obj
 0001:00001074       ?EnumVerbs@?$IOleObjectImpl@VCOPOSCoinDispenser@@@ATL@@UEAAJPEAPEAUIEnumOLEVERB@@@Z 0000000180002074 f i CoinDispenser.obj
 0001:00001090       ?GetUserType@?$IOleObjectImpl@VCOPOSCoinDispenser@@@ATL@@UEAAJKPEAPEA_W@Z 0000000180002090 f i CoinDispenser.obj
 0001:000010a0       ?SetExtent@?$IOleObjectImpl@VCOPOSCoinDispenser@@@ATL@@UEAAJKPEAUtagSIZE@@@Z 00000001800020a0 f i CoinDispenser.obj
 0001:000010bc       ?GetExtent@?$IOleObjectImpl@VCOPOSCoinDispenser@@@ATL@@UEAAJKPEAUtagSIZE@@@Z 00000001800020bc f i CoinDispenser.obj
 0001:000010ec       ?Advise@?$IOleObjectImpl@VCOPOSCoinDispenser@@@ATL@@UEAAJPEAUIAdviseSink@@PEAK@Z 00000001800020ec f i CoinDispenser.obj
 0001:00001148       ?Unadvise@?$IOleObjectImpl@VCOPOSCoinDispenser@@@ATL@@UEAAJK@Z 0000000180002148 f i CoinDispenser.obj
 0001:00001180       ?EnumAdvise@?$IOleObjectImpl@VCOPOSCoinDispenser@@@ATL@@UEAAJPEAPEAUIEnumSTATDATA@@@Z 0000000180002180 f i CoinDispenser.obj
 0001:000011c8       ?GetMiscStatus@?$IOleObjectImpl@VCOPOSCoinDispenser@@@ATL@@UEAAJKPEAK@Z 00000001800021c8 f i CoinDispenser.obj
 0001:000011d8       ?GetWindow@?$IOleInPlaceActiveObjectImpl@VCOPOSCoinDispenser@@@ATL@@UEAAJPEAPEAUHWND__@@@Z 00000001800021d8 f i CoinDispenser.obj
 0001:0000122c       ?TranslateAcceleratorW@?$IOleInPlaceActiveObjectImpl@VCOPOSCoinDispenser@@@ATL@@UEAAJPEAUtagMSG@@@Z 000000018000222c f i CoinDispenser.obj
 0001:00001320       ?OnDocWindowActivate@?$IOleInPlaceActiveObjectImpl@VCOPOSCoinDispenser@@@ATL@@UEAAJH@Z 0000000180002320 f i CoinDispenser.obj
 0001:0000134c       ?Draw@?$IViewObjectExImpl@VCOPOSCoinDispenser@@@ATL@@UEAAJKJPEAXPEAUtagDVTARGETDEVICE@@PEAUHDC__@@2PEBU_RECTL@@3P6AH_K@Z4@Z 000000018000234c f i CoinDispenser.obj
 0001:000013b0       ?SetAdvise@?$IViewObjectExImpl@VCOPOSCoinDispenser@@@ATL@@UEAAJKKPEAUIAdviseSink@@@Z 00000001800023b0 f i CoinDispenser.obj
 0001:00001404       ?GetAdvise@?$IViewObjectExImpl@VCOPOSCoinDispenser@@@ATL@@UEAAJPEAK0PEAPEAUIAdviseSink@@@Z 0000000180002404 f i CoinDispenser.obj
 0001:00001440       ?GetExtent@?$IViewObjectExImpl@VCOPOSCoinDispenser@@@ATL@@UEAAJKJPEAUtagDVTARGETDEVICE@@PEAUtagSIZE@@@Z 0000000180002440 f i CoinDispenser.obj
 0001:00001470       ?GetViewStatus@?$IViewObjectExImpl@VCOPOSCoinDispenser@@@ATL@@UEAAJPEAK@Z 0000000180002470 f i CoinDispenser.obj
 0001:00001484       ?QueryHitPoint@?$IViewObjectExImpl@VCOPOSCoinDispenser@@@ATL@@UEAAJKPEBUtagRECT@@UtagPOINT@@JPEAK@Z 0000000180002484 f i CoinDispenser.obj
 0001:000014c8       ?QueryHitRect@?$IViewObjectExImpl@VCOPOSCoinDispenser@@@ATL@@UEAAJKPEBUtagRECT@@0JPEAK@Z 00000001800024c8 f i CoinDispenser.obj
 0001:00001530       ?GetNaturalExtent@?$IViewObjectExImpl@VCOPOSCoinDispenser@@@ATL@@UEAAJKJPEAUtagDVTARGETDEVICE@@PEAUHDC__@@PEAUtagExtentInfo@@PEAUtagSIZE@@@Z 0000000180002530 f i CoinDispenser.obj
 0001:00001578       ?GetWindow@?$IOleInPlaceObjectWindowlessImpl@VCOPOSCoinDispenser@@@ATL@@UEAAJPEAPEAUHWND__@@@Z 0000000180002578 f i CoinDispenser.obj
 0001:000015cc       ?InPlaceDeactivate@?$IOleInPlaceObjectWindowlessImpl@VCOPOSCoinDispenser@@@ATL@@UEAAJXZ 00000001800025cc f i CoinDispenser.obj
 0001:000015e8       ?UIDeactivate@?$IOleInPlaceObjectWindowlessImpl@VCOPOSCoinDispenser@@@ATL@@UEAAJXZ 00000001800025e8 f i CoinDispenser.obj
 0001:00001604       ?SetObjectRects@?$IOleInPlaceObjectWindowlessImpl@VCOPOSCoinDispenser@@@ATL@@UEAAJPEBUtagRECT@@0@Z 0000000180002604 f i CoinDispenser.obj
 0001:00001620       ?OnWindowMessage@?$IOleInPlaceObjectWindowlessImpl@VCOPOSCoinDispenser@@@ATL@@UEAAJI_K_JPEA_J@Z 0000000180002620 f i CoinDispenser.obj
 0001:000016e8       ?EnumConnectionPoints@?$IConnectionPointContainerImpl@VCOPOSCoinDispenser@@@ATL@@UEAAJPEAPEAUIEnumConnectionPoints@@@Z 00000001800026e8 f i CoinDispenser.obj
 0001:00001934       ?FindConnectionPoint@?$IConnectionPointContainerImpl@VCOPOSCoinDispenser@@@ATL@@UEAAJAEBU_GUID@@PEAPEAUIConnectionPoint@@@Z 0000000180002934 f i CoinDispenser.obj
 0001:00001a04       ?IsDirty@?$IPersistStorageImpl@VCOPOSCoinDispenser@@@ATL@@UEAAJXZ 0000000180002a04 f i CoinDispenser.obj
 0001:00001a44       ?InitNew@?$IPersistStorageImpl@VCOPOSCoinDispenser@@@ATL@@UEAAJPEAUIStorage@@@Z 0000000180002a44 f i CoinDispenser.obj
 0001:00001a84       ?Load@?$IPersistStorageImpl@VCOPOSCoinDispenser@@@ATL@@UEAAJPEAUIStorage@@@Z 0000000180002a84 f i CoinDispenser.obj
 0001:00001b24       ?Save@?$IPersistStorageImpl@VCOPOSCoinDispenser@@@ATL@@UEAAJPEAUIStorage@@H@Z 0000000180002b24 f i CoinDispenser.obj
 0001:00001bd4       ?GetPages@?$ISpecifyPropertyPagesImpl@VCOPOSCoinDispenser@@@ATL@@UEAAJPEAUtagCAUUID@@@Z 0000000180002bd4 f i CoinDispenser.obj
 0001:00001be0       ?QuickActivate@?$IQuickActivateImpl@VCOPOSCoinDispenser@@@ATL@@UEAAJPEAUtagQACONTAINER@@PEAUtagQACONTROL@@@Z 0000000180002be0 f i CoinDispenser.obj
 0001:00001bfc       ?SetContentExtent@?$IQuickActivateImpl@VCOPOSCoinDispenser@@@ATL@@UEAAJPEAUtagSIZE@@@Z 0000000180002bfc f i CoinDispenser.obj
 0001:00001c30       ?GetContentExtent@?$IQuickActivateImpl@VCOPOSCoinDispenser@@@ATL@@UEAAJPEAUtagSIZE@@@Z 0000000180002c30 f i CoinDispenser.obj
 0001:00001c68       ?GetData@?$IDataObjectImpl@VCOPOSCoinDispenser@@@ATL@@UEAAJPEAUtagFORMATETC@@PEAUtagSTGMEDIUM@@@Z 0000000180002c68 f i CoinDispenser.obj
 0001:00001c84       ?DAdvise@?$IDataObjectImpl@VCOPOSCoinDispenser@@@ATL@@UEAAJPEAUtagFORMATETC@@KPEAUIAdviseSink@@PEAK@Z 0000000180002c84 f i CoinDispenser.obj
 0001:00001d0c       ?DUnadvise@?$IDataObjectImpl@VCOPOSCoinDispenser@@@ATL@@UEAAJK@Z 0000000180002d0c f i CoinDispenser.obj
 0001:00001d38       ?EnumDAdvise@?$IDataObjectImpl@VCOPOSCoinDispenser@@@ATL@@UEAAJPEAPEAUIEnumSTATDATA@@@Z 0000000180002d38 f i CoinDispenser.obj
 0001:00001d74       ?GetClassInfoW@?$IProvideClassInfo2Impl@$1?CLSID_OPOSCoinDispenser@@3U_GUID@@B$1?DIID__IOPOSCoinDispenserEvents@@3U2@B$1?LIBID_OposCoinDispenser_CCO@@3U2@B$00$0A@VCComTypeInfoHolder@ATL@@@ATL@@UEAAJPEAPEAUITypeInfo@@@Z 0000000180002d74 f i CoinDispenser.obj
 0001:00001dcc       ?GetGUID@?$IProvideClassInfo2Impl@$1?CLSID_OPOSCoinDispenser@@3U_GUID@@B$1?DIID__IOPOSCoinDispenserEvents@@3U2@B$1?LIBID_OposCoinDispenser_CCO@@3U2@B$00$0A@VCComTypeInfoHolder@ATL@@@ATL@@UEAAJKPEAU_GUID@@@Z 0000000180002dcc f i CoinDispenser.obj
 0001:00001e00       _get_startup_argv_mode     0000000180002e00 f i LIBCMT:argv_mode.obj
 0001:00001e00       ?AddRef@CRegObject@ATL@@UEAAKXZ 0000000180002e00 f i CoinDispenser.obj
 0001:00001e00       ?FAccessAllowed@?$IObjectSafetyImpl@VCOPOSCoinDispenser@@$02@ATL@@MEAAHXZ 0000000180002e00 f i CoinDispenser.obj
 0001:00001e08       ?GetInterfaceSafetyOptions@?$IObjectSafetyImpl@VCOPOSCoinDispenser@@$02@ATL@@UEAAJAEBU_GUID@@PEAK1@Z 0000000180002e08 f i CoinDispenser.obj
 0001:00001e9c       ?SetInterfaceSafetyOptions@?$IObjectSafetyImpl@VCOPOSCoinDispenser@@$02@ATL@@UEAAJAEBU_GUID@@KK@Z 0000000180002e9c f i CoinDispenser.obj
 0001:00001f40       ?_LocCPQueryInterface@?$IConnectionPointImpl@VCOPOSCoinDispenser@@$1?DIID__IOPOSCoinDispenserEvents@@3U_GUID@@BVCComDynamicUnkArray@ATL@@@ATL@@UEAAJAEBU_GUID@@PEAPEAX@Z 0000000180002f40 f i CoinDispenser.obj
 0001:00001f40       ?_LocCPQueryInterface@?$IConnectionPointImpl@VCOPOSCoinDispenser@@$1?IID_IPropertyNotifySink@@3U_GUID@@BVCComDynamicUnkArray@ATL@@@ATL@@UEAAJAEBU_GUID@@PEAPEAX@Z 0000000180002f40 f i CoinDispenser.obj
 0001:00001fb0       ?GetConnectionInterface@?$IConnectionPointImpl@VCOPOSCoinDispenser@@$1?IID_IPropertyNotifySink@@3U_GUID@@BVCComDynamicUnkArray@ATL@@@ATL@@UEAAJPEAU_GUID@@@Z 0000000180002fb0 f i CoinDispenser.obj
 0001:00001fcc       ?GetConnectionPointContainer@?$IConnectionPointImpl@VCOPOSCoinDispenser@@$1?IID_IPropertyNotifySink@@3U_GUID@@BVCComDynamicUnkArray@ATL@@@ATL@@UEAAJPEAPEAUIConnectionPointContainer@@@Z 0000000180002fcc f i CoinDispenser.obj
 0001:00001fec       ?Advise@?$IConnectionPointImpl@VCOPOSCoinDispenser@@$1?IID_IPropertyNotifySink@@3U_GUID@@BVCComDynamicUnkArray@ATL@@@ATL@@UEAAJPEAUIUnknown@@PEAK@Z 0000000180002fec f i CoinDispenser.obj
 0001:00001fec       ?Advise@?$IConnectionPointImpl@VCOPOSCoinDispenser@@$1?DIID__IOPOSCoinDispenserEvents@@3U_GUID@@BVCComDynamicUnkArray@ATL@@@ATL@@UEAAJPEAUIUnknown@@PEAK@Z 0000000180002fec f i CoinDispenser.obj
 0001:000020a8       ?Unadvise@?$IConnectionPointImpl@VCOPOSCoinDispenser@@$1?DIID__IOPOSCoinDispenserEvents@@3U_GUID@@BVCComDynamicUnkArray@ATL@@@ATL@@UEAAJK@Z 00000001800030a8 f i CoinDispenser.obj
 0001:000020a8       ?Unadvise@?$IConnectionPointImpl@VCOPOSCoinDispenser@@$1?IID_IPropertyNotifySink@@3U_GUID@@BVCComDynamicUnkArray@ATL@@@ATL@@UEAAJK@Z 00000001800030a8 f i CoinDispenser.obj
 0001:00002110       ?EnumConnections@?$IConnectionPointImpl@VCOPOSCoinDispenser@@$1?DIID__IOPOSCoinDispenserEvents@@3U_GUID@@BVCComDynamicUnkArray@ATL@@@ATL@@UEAAJPEAPEAUIEnumConnections@@@Z 0000000180003110 f i CoinDispenser.obj
 0001:00002110       ?EnumConnections@?$IConnectionPointImpl@VCOPOSCoinDispenser@@$1?IID_IPropertyNotifySink@@3U_GUID@@BVCComDynamicUnkArray@ATL@@@ATL@@UEAAJPEAPEAUIEnumConnections@@@Z 0000000180003110 f i CoinDispenser.obj
 0001:000022bc       ?GetConnectionInterface@?$IConnectionPointImpl@VCOPOSCoinDispenser@@$1?DIID__IOPOSCoinDispenserEvents@@3U_GUID@@BVCComDynamicUnkArray@ATL@@@ATL@@UEAAJPEAU_GUID@@@Z 00000001800032bc f i CoinDispenser.obj
 0001:000022d8       ?GetConnectionPointContainer@?$IConnectionPointImpl@VCOPOSCoinDispenser@@$1?DIID__IOPOSCoinDispenserEvents@@3U_GUID@@BVCComDynamicUnkArray@ATL@@@ATL@@UEAAJPEAPEAUIConnectionPointContainer@@@Z 00000001800032d8 f i CoinDispenser.obj
 0001:000022f8       ?UpdateRegistry@COPOSCoinDispenser@@SAJH@Z 00000001800032f8 f i CoinDispenser.obj
 0001:00002310       ?ProcessWindowMessage@COPOSCoinDispenser@@UEAAHPEAUHWND__@@I_K_JAEA_JK@Z 0000000180003310 f i CoinDispenser.obj
 0001:00002398       ?SODirectIO@COPOSCoinDispenser@@MEAAJJPEAJPEAPEA_W@Z 0000000180003398 f i CoinDispenser.obj
 0001:00002410       ?SOStatusUpdate@COPOSCoinDispenser@@MEAAJJ@Z 0000000180003410 f i CoinDispenser.obj
 0001:00002460       ?Lock@CAtlModule@ATL@@UEAAJXZ 0000000180003460 f i CoinDispenser.obj
 0001:00002470       ?Unlock@CAtlModule@ATL@@UEAAJXZ 0000000180003470 f i CoinDispenser.obj
 0001:0000247c       ?GetLockCount@CAtlModule@ATL@@UEAAJXZ 000000018000347c f i CoinDispenser.obj
 0001:00002480       ?GetGITPtr@CAtlModule@ATL@@UEAAJPEAPEAUIGlobalInterfaceTable@@@Z 0000000180003480 f i CoinDispenser.obj
 0001:000024f0       ?CreateInstance@?$CComCreator@V?$CComObjectCached@VCComClassFactory@ATL@@@ATL@@@ATL@@SAJPEAXAEBU_GUID@@PEAPEAX@Z 00000001800034f0 f i CoinDispenser.obj
 0001:00002614       ?CreateInstance@?$CComCreator2@V?$CComCreator@V?$CComObject@VCOPOSCoinDispenser@@@ATL@@@ATL@@V?$CComCreator@V?$CComAggObject@VCOPOSCoinDispenser@@@ATL@@@2@@ATL@@SAJPEAXAEBU_GUID@@PEAPEAX@Z 0000000180003614 f i CoinDispenser.obj
 0001:00002624       ?AddCommonRGSReplacements@?$CAtlModuleT@VCComModule@ATL@@@ATL@@UEAAJPEAUIRegistrarBase@@@Z 0000000180003624 f i CoinDispenser.obj
 0001:0000263c       ?AddRef@?$CComObjectCached@VCComClassFactory@ATL@@@ATL@@UEAAKXZ 000000018000363c f i CoinDispenser.obj
 0001:00002668       ?Release@?$CComObjectCached@VCComClassFactory@ATL@@@ATL@@UEAAKXZ 0000000180003668 f i CoinDispenser.obj
 0001:000026a8       ?QueryInterface@?$CComObjectCached@VCComClassFactory@ATL@@@ATL@@UEAAJAEBU_GUID@@PEAPEAX@Z 00000001800036a8 f i CoinDispenser.obj
 0001:000026bc       ??_E?$CComObjectCached@VCComClassFactory@ATL@@@ATL@@UEAAPEAXI@Z 00000001800036bc f i CoinDispenser.obj
 0001:000026bc       ??_G?$CComObjectCached@VCComClassFactory@ATL@@@ATL@@UEAAPEAXI@Z 00000001800036bc f i CoinDispenser.obj
 0001:00002714       ?UpdateRegistryFromResourceD@CComModule@ATL@@UEAAJPEB_WHPEAU_ATL_REGMAP_ENTRY@2@@Z 0000000180003714 f i CoinDispenser.obj
 0001:00002714       ?UpdateRegistryFromResourceD@CComModule@ATL@@UEAAJIHPEAU_ATL_REGMAP_ENTRY@2@@Z 0000000180003714 f i CoinDispenser.obj
 0001:0000271c       ?UpdateRegistryFromResource@CComModule@ATL@@UEAAJPEB_WHPEAU_ATL_REGMAP_ENTRY@2@@Z 000000018000371c f i CoinDispenser.obj
 0001:00002724       ?UpdateRegistryFromResource@CComModule@ATL@@UEAAJIHPEAU_ATL_REGMAP_ENTRY@2@@Z 0000000180003724 f i CoinDispenser.obj
 0001:0000272c       ??_GCComModule@ATL@@UEAAPEAXI@Z 000000018000372c f i CoinDispenser.obj
 0001:0000272c       ??_ECComModule@ATL@@UEAAPEAXI@Z 000000018000372c f i CoinDispenser.obj
 0001:0000276c       ?Next@?$CComEnumImpl@UIEnumConnectionPoints@@$1?_GUID_b196b285_bab4_101a_b69c_00aa00341d07@@3U__s_GUID@@BPEAUIConnectionPoint@@V?$_CopyInterface@UIConnectionPoint@@@ATL@@@ATL@@UEAAJKPEAPEAUIConnectionPoint@@PEAK@Z 000000018000376c f i CoinDispenser.obj
 0001:00002838       ?Skip@?$CComEnumImpl@UIEnumConnectionPoints@@$1?_GUID_b196b285_bab4_101a_b69c_00aa00341d07@@3U__s_GUID@@BPEAUIConnectionPoint@@V?$_CopyInterface@UIConnectionPoint@@@ATL@@@ATL@@UEAAJK@Z 0000000180003838 f i CoinDispenser.obj
 0001:00002864       ?Reset@?$CComEnumImpl@UIEnumConnections@@$1?_GUID_b196b287_bab4_101a_b69c_00aa00341d07@@3U__s_GUID@@BUtagCONNECTDATA@@V?$_Copy@UtagCONNECTDATA@@@ATL@@@ATL@@UEAAJXZ 0000000180003864 f i CoinDispenser.obj
 0001:00002864       ?Reset@?$CComEnumImpl@UIEnumConnectionPoints@@$1?_GUID_b196b285_bab4_101a_b69c_00aa00341d07@@3U__s_GUID@@BPEAUIConnectionPoint@@V?$_CopyInterface@UIConnectionPoint@@@ATL@@@ATL@@UEAAJXZ 0000000180003864 f i CoinDispenser.obj
 0001:00002870       ?Clone@?$CComEnumImpl@UIEnumConnectionPoints@@$1?_GUID_b196b285_bab4_101a_b69c_00aa00341d07@@3U__s_GUID@@BPEAUIConnectionPoint@@V?$_CopyInterface@UIConnectionPoint@@@ATL@@@ATL@@UEAAJPEAPEAUIEnumConnectionPoints@@@Z 0000000180003870 f i CoinDispenser.obj
 0001:0000299c       ?AddRef@?$CComObject@V?$CComEnum@UIEnumConnectionPoints@@$1?_GUID_b196b285_bab4_101a_b69c_00aa00341d07@@3U__s_GUID@@BPEAUIConnectionPoint@@V?$_CopyInterface@UIConnectionPoint@@@ATL@@VCComSingleThreadModel@6@@ATL@@@ATL@@UEAAKXZ 000000018000399c f i CoinDispenser.obj
 0001:0000299c       ?AddRef@?$CComObject@V?$CComEnum@UIEnumConnections@@$1?_GUID_b196b287_bab4_101a_b69c_00aa00341d07@@3U__s_GUID@@BUtagCONNECTDATA@@V?$_Copy@UtagCONNECTDATA@@@ATL@@VCComSingleThreadModel@6@@ATL@@@ATL@@UEAAKXZ 000000018000399c f i CoinDispenser.obj
 0001:000029a8       ?Release@?$CComObject@V?$CComEnum@UIEnumConnections@@$1?_GUID_b196b287_bab4_101a_b69c_00aa00341d07@@3U__s_GUID@@BUtagCONNECTDATA@@V?$_Copy@UtagCONNECTDATA@@@ATL@@VCComSingleThreadModel@6@@ATL@@@ATL@@UEAAKXZ 00000001800039a8 f i CoinDispenser.obj
 0001:000029a8       ?Release@?$CComObject@V?$CComEnum@UIEnumConnectionPoints@@$1?_GUID_b196b285_bab4_101a_b69c_00aa00341d07@@3U__s_GUID@@BPEAUIConnectionPoint@@V?$_CopyInterface@UIConnectionPoint@@@ATL@@VCComSingleThreadModel@6@@ATL@@@ATL@@UEAAKXZ 00000001800039a8 f i CoinDispenser.obj
 0001:000029fc       ?QueryInterface@?$CComObject@V?$CComEnum@UIEnumConnectionPoints@@$1?_GUID_b196b285_bab4_101a_b69c_00aa00341d07@@3U__s_GUID@@BPEAUIConnectionPoint@@V?$_CopyInterface@UIConnectionPoint@@@ATL@@VCComSingleThreadModel@6@@ATL@@@ATL@@UEAAJAEBU_GUID@@PEAPEAX@Z 00000001800039fc f i CoinDispenser.obj
 0001:00002a10       ??_G?$CComObject@V?$CComEnum@UIEnumConnectionPoints@@$1?_GUID_b196b285_bab4_101a_b69c_00aa00341d07@@3U__s_GUID@@BPEAUIConnectionPoint@@V?$_CopyInterface@UIConnectionPoint@@@ATL@@VCComSingleThreadModel@6@@ATL@@@ATL@@UEAAPEAXI@Z 0000000180003a10 f i CoinDispenser.obj
 0001:00002a10       ??_E?$CComObject@V?$CComEnum@UIEnumConnectionPoints@@$1?_GUID_b196b285_bab4_101a_b69c_00aa00341d07@@3U__s_GUID@@BPEAUIConnectionPoint@@V?$_CopyInterface@UIConnectionPoint@@@ATL@@VCComSingleThreadModel@6@@ATL@@@ATL@@UEAAPEAXI@Z 0000000180003a10 f i CoinDispenser.obj
 0001:00002a68       ?AddReplacement@CRegObject@ATL@@UEAAJPEB_W0@Z 0000000180003a68 f i CoinDispenser.obj
 0001:00002a98       ?ClearReplacements@CRegObject@ATL@@UEAAJXZ 0000000180003a98 f i CoinDispenser.obj
 0001:00002aa4       ??_GCRegObject@ATL@@UEAAPEAXI@Z 0000000180003aa4 f i CoinDispenser.obj
 0001:00002aa4       ??_ECRegObject@ATL@@UEAAPEAXI@Z 0000000180003aa4 f i CoinDispenser.obj
 0001:00002b24       ?AddRef@?$CComAggObject@VCOPOSCoinDispenser@@@ATL@@UEAAKXZ 0000000180003b24 f i CoinDispenser.obj
 0001:00002b30       ?Release@?$CComAggObject@VCOPOSCoinDispenser@@@ATL@@UEAAKXZ 0000000180003b30 f i CoinDispenser.obj
 0001:00002b84       ?QueryInterface@?$CComAggObject@VCOPOSCoinDispenser@@@ATL@@UEAAJAEBU_GUID@@PEAPEAX@Z 0000000180003b84 f i CoinDispenser.obj
 0001:00002be4       ?AddRef@?$CComContainedObject@VCOPOSCoinDispenser@@@ATL@@UEAAKXZ 0000000180003be4 f i CoinDispenser.obj
 0001:00002bf4       ?Release@?$CComContainedObject@VCOPOSCoinDispenser@@@ATL@@UEAAKXZ 0000000180003bf4 f i CoinDispenser.obj
 0001:00002c04       ?QueryInterface@?$CComContainedObject@VCOPOSCoinDispenser@@@ATL@@UEAAJAEBU_GUID@@PEAPEAX@Z 0000000180003c04 f i CoinDispenser.obj
 0001:00002c14       ??_G?$CComAggObject@VCOPOSCoinDispenser@@@ATL@@UEAAPEAXI@Z 0000000180003c14 f i CoinDispenser.obj
 0001:00002c14       ??_E?$CComAggObject@VCOPOSCoinDispenser@@@ATL@@UEAAPEAXI@Z 0000000180003c14 f i CoinDispenser.obj
 0001:00002c6c       ?AddRef@?$CComObject@VCOPOSCoinDispenser@@@ATL@@UEAAKXZ 0000000180003c6c f i CoinDispenser.obj
 0001:00002c7c       ?Release@?$CComObject@VCOPOSCoinDispenser@@@ATL@@UEAAKXZ 0000000180003c7c f i CoinDispenser.obj
 0001:00002cd4       ?QueryInterface@?$CComObject@VCOPOSCoinDispenser@@@ATL@@UEAAJAEBU_GUID@@PEAPEAX@Z 0000000180003cd4 f i CoinDispenser.obj
 0001:00002ce8       ?OnDrawAdvanced@CComControlBase@ATL@@UEAAJAEAUATL_DRAWINFO@@@Z 0000000180003ce8 f i CoinDispenser.obj
 0001:00002e74       ?Next@?$CComEnumImpl@UIEnumConnections@@$1?_GUID_b196b287_bab4_101a_b69c_00aa00341d07@@3U__s_GUID@@BUtagCONNECTDATA@@V?$_Copy@UtagCONNECTDATA@@@ATL@@@ATL@@UEAAJKPEAUtagCONNECTDATA@@PEAK@Z 0000000180003e74 f i CoinDispenser.obj
 0001:00002f48       ?Skip@?$CComEnumImpl@UIEnumConnections@@$1?_GUID_b196b287_bab4_101a_b69c_00aa00341d07@@3U__s_GUID@@BUtagCONNECTDATA@@V?$_Copy@UtagCONNECTDATA@@@ATL@@@ATL@@UEAAJK@Z 0000000180003f48 f i CoinDispenser.obj
 0001:00002f74       ?Clone@?$CComEnumImpl@UIEnumConnections@@$1?_GUID_b196b287_bab4_101a_b69c_00aa00341d07@@3U__s_GUID@@BUtagCONNECTDATA@@V?$_Copy@UtagCONNECTDATA@@@ATL@@@ATL@@UEAAJPEAPEAUIEnumConnections@@@Z 0000000180003f74 f i CoinDispenser.obj
 0001:000030a0       ?QueryInterface@?$CComObject@V?$CComEnum@UIEnumConnections@@$1?_GUID_b196b287_bab4_101a_b69c_00aa00341d07@@3U__s_GUID@@BUtagCONNECTDATA@@V?$_Copy@UtagCONNECTDATA@@@ATL@@VCComSingleThreadModel@6@@ATL@@@ATL@@UEAAJAEBU_GUID@@PEAPEAX@Z 00000001800040a0 f i CoinDispenser.obj
 0001:000030b4       ??_E?$CComObject@V?$CComEnum@UIEnumConnections@@$1?_GUID_b196b287_bab4_101a_b69c_00aa00341d07@@3U__s_GUID@@BUtagCONNECTDATA@@V?$_Copy@UtagCONNECTDATA@@@ATL@@VCComSingleThreadModel@6@@ATL@@@ATL@@UEAAPEAXI@Z 00000001800040b4 f i CoinDispenser.obj
 0001:000030b4       ??_G?$CComObject@V?$CComEnum@UIEnumConnections@@$1?_GUID_b196b287_bab4_101a_b69c_00aa00341d07@@3U__s_GUID@@BUtagCONNECTDATA@@V?$_Copy@UtagCONNECTDATA@@@ATL@@VCComSingleThreadModel@6@@ATL@@@ATL@@UEAAPEAXI@Z 00000001800040b4 f i CoinDispenser.obj
 0001:0000310c       ??_E?$CComObject@VCOPOSCoinDispenser@@@ATL@@W7EAAPEAXI@Z 000000018000410c f i CoinDispenser.obj
 0001:00003118       ??_E?$CComObject@VCOPOSCoinDispenser@@@ATL@@WHA@EAAPEAXI@Z 0000000180004118 f i CoinDispenser.obj
 0001:00003124       ?QueryInterface@?$CComObject@VCOPOSCoinDispenser@@@ATL@@WLI@EAAJAEBU_GUID@@PEAPEAX@Z 0000000180004124 f i CoinDispenser.obj
 0001:00003130       ?AddRef@?$CComObject@VCOPOSCoinDispenser@@@ATL@@WLI@EAAKXZ 0000000180004130 f i CoinDispenser.obj
 0001:0000313c       ?Release@?$CComObject@VCOPOSCoinDispenser@@@ATL@@WLI@EAAKXZ 000000018000413c f i CoinDispenser.obj
 0001:00003148       ?QueryInterface@?$CComObject@VCOPOSCoinDispenser@@@ATL@@WMA@EAAJAEBU_GUID@@PEAPEAX@Z 0000000180004148 f i CoinDispenser.obj
 0001:00003154       ?AddRef@?$CComObject@VCOPOSCoinDispenser@@@ATL@@WMA@EAAKXZ 0000000180004154 f i CoinDispenser.obj
 0001:00003160       ?Release@?$CComObject@VCOPOSCoinDispenser@@@ATL@@WMA@EAAKXZ 0000000180004160 f i CoinDispenser.obj
 0001:0000316c       ?QueryInterface@?$CComObject@VCOPOSCoinDispenser@@@ATL@@WMI@EAAJAEBU_GUID@@PEAPEAX@Z 000000018000416c f i CoinDispenser.obj
 0001:00003178       ?AddRef@?$CComObject@VCOPOSCoinDispenser@@@ATL@@WMI@EAAKXZ 0000000180004178 f i CoinDispenser.obj
 0001:00003184       ?Release@?$CComObject@VCOPOSCoinDispenser@@@ATL@@WMI@EAAKXZ 0000000180004184 f i CoinDispenser.obj
 0001:00003190       ?QueryInterface@?$CComObject@VCOPOSCoinDispenser@@@ATL@@WNA@EAAJAEBU_GUID@@PEAPEAX@Z 0000000180004190 f i CoinDispenser.obj
 0001:0000319c       ?AddRef@?$CComObject@VCOPOSCoinDispenser@@@ATL@@WNA@EAAKXZ 000000018000419c f i CoinDispenser.obj
 0001:000031a8       ?Release@?$CComObject@VCOPOSCoinDispenser@@@ATL@@WNA@EAAKXZ 00000001800041a8 f i CoinDispenser.obj
 0001:000031b4       ?QueryInterface@?$CComObject@VCOPOSCoinDispenser@@@ATL@@WNI@EAAJAEBU_GUID@@PEAPEAX@Z 00000001800041b4 f i CoinDispenser.obj
 0001:000031c0       ?AddRef@?$CComObject@VCOPOSCoinDispenser@@@ATL@@WNI@EAAKXZ 00000001800041c0 f i CoinDispenser.obj
 0001:000031cc       ?Release@?$CComObject@VCOPOSCoinDispenser@@@ATL@@WNI@EAAKXZ 00000001800041cc f i CoinDispenser.obj
 0001:000031d8       ?QueryInterface@?$CComObject@VCOPOSCoinDispenser@@@ATL@@WOA@EAAJAEBU_GUID@@PEAPEAX@Z 00000001800041d8 f i CoinDispenser.obj
 0001:000031e4       ?AddRef@?$CComObject@VCOPOSCoinDispenser@@@ATL@@WOA@EAAKXZ 00000001800041e4 f i CoinDispenser.obj
 0001:000031f0       ?Release@?$CComObject@VCOPOSCoinDispenser@@@ATL@@WOA@EAAKXZ 00000001800041f0 f i CoinDispenser.obj
 0001:000031fc       ?QueryInterface@?$CComObject@VCOPOSCoinDispenser@@@ATL@@WOI@EAAJAEBU_GUID@@PEAPEAX@Z 00000001800041fc f i CoinDispenser.obj
 0001:00003208       ?AddRef@?$CComObject@VCOPOSCoinDispenser@@@ATL@@WOI@EAAKXZ 0000000180004208 f i CoinDispenser.obj
 0001:00003214       ?Release@?$CComObject@VCOPOSCoinDispenser@@@ATL@@WOI@EAAKXZ 0000000180004214 f i CoinDispenser.obj
 0001:00003220       ?QueryInterface@?$CComObject@VCOPOSCoinDispenser@@@ATL@@WPA@EAAJAEBU_GUID@@PEAPEAX@Z 0000000180004220 f i CoinDispenser.obj
 0001:0000322c       ?AddRef@?$CComObject@VCOPOSCoinDispenser@@@ATL@@WPA@EAAKXZ 000000018000422c f i CoinDispenser.obj
 0001:00003238       ?Release@?$CComObject@VCOPOSCoinDispenser@@@ATL@@WPA@EAAKXZ 0000000180004238 f i CoinDispenser.obj
 0001:00003244       ?QueryInterface@?$CComObject@VCOPOSCoinDispenser@@@ATL@@WPI@EAAJAEBU_GUID@@PEAPEAX@Z 0000000180004244 f i CoinDispenser.obj
 0001:00003250       ?AddRef@?$CComObject@VCOPOSCoinDispenser@@@ATL@@WPI@EAAKXZ 0000000180004250 f i CoinDispenser.obj
 0001:0000325c       ?Release@?$CComObject@VCOPOSCoinDispenser@@@ATL@@WPI@EAAKXZ 000000018000425c f i CoinDispenser.obj
 0001:00003268       ?QueryInterface@?$CComObject@VCOPOSCoinDispenser@@@ATL@@WBAA@EAAJAEBU_GUID@@PEAPEAX@Z 0000000180004268 f i CoinDispenser.obj
 0001:00003274       ?AddRef@?$CComObject@VCOPOSCoinDispenser@@@ATL@@WBAA@EAAKXZ 0000000180004274 f i CoinDispenser.obj
 0001:00003280       ?Release@?$CComObject@VCOPOSCoinDispenser@@@ATL@@WBAA@EAAKXZ 0000000180004280 f i CoinDispenser.obj
 0001:0000328c       ?QueryInterface@?$CComObject@VCOPOSCoinDispenser@@@ATL@@WBAI@EAAJAEBU_GUID@@PEAPEAX@Z 000000018000428c f i CoinDispenser.obj
 0001:00003298       ?AddRef@?$CComObject@VCOPOSCoinDispenser@@@ATL@@WBAI@EAAKXZ 0000000180004298 f i CoinDispenser.obj
 0001:000032a4       ?Release@?$CComObject@VCOPOSCoinDispenser@@@ATL@@WBAI@EAAKXZ 00000001800042a4 f i CoinDispenser.obj
 0001:000032b0       ?QueryInterface@?$CComObject@VCOPOSCoinDispenser@@@ATL@@WBBA@EAAJAEBU_GUID@@PEAPEAX@Z 00000001800042b0 f i CoinDispenser.obj
 0001:000032bc       ?AddRef@?$CComObject@VCOPOSCoinDispenser@@@ATL@@WBBA@EAAKXZ 00000001800042bc f i CoinDispenser.obj
 0001:000032c8       ?Release@?$CComObject@VCOPOSCoinDispenser@@@ATL@@WBBA@EAAKXZ 00000001800042c8 f i CoinDispenser.obj
 0001:000032d4       ?QueryInterface@?$CComObject@VCOPOSCoinDispenser@@@ATL@@WBBI@EAAJAEBU_GUID@@PEAPEAX@Z 00000001800042d4 f i CoinDispenser.obj
 0001:000032e0       ?AddRef@?$CComObject@VCOPOSCoinDispenser@@@ATL@@WBBI@EAAKXZ 00000001800042e0 f i CoinDispenser.obj
 0001:000032ec       ?Release@?$CComObject@VCOPOSCoinDispenser@@@ATL@@WBBI@EAAKXZ 00000001800042ec f i CoinDispenser.obj
 0001:000032f8       ?AddRef@?$CComObject@VCOPOSCoinDispenser@@@ATL@@WBCI@EAAKXZ 00000001800042f8 f i CoinDispenser.obj
 0001:00003304       ?Release@?$CComObject@VCOPOSCoinDispenser@@@ATL@@WBCI@EAAKXZ 0000000180004304 f i CoinDispenser.obj
 0001:00003310       ?AddRef@?$CComObject@VCOPOSCoinDispenser@@@ATL@@WBEA@EAAKXZ 0000000180004310 f i CoinDispenser.obj
 0001:0000331c       ?Release@?$CComObject@VCOPOSCoinDispenser@@@ATL@@WBEA@EAAKXZ 000000018000431c f i CoinDispenser.obj
 0001:00003328       ??_E?$CComContainedObject@VCOPOSCoinDispenser@@@ATL@@W7EAAPEAXI@Z 0000000180004328 f i CoinDispenser.obj
 0001:00003334       ??_E?$CComContainedObject@VCOPOSCoinDispenser@@@ATL@@WHA@EAAPEAXI@Z 0000000180004334 f i CoinDispenser.obj
 0001:00003340       ?QueryInterface@?$CComContainedObject@VCOPOSCoinDispenser@@@ATL@@WLI@EAAJAEBU_GUID@@PEAPEAX@Z 0000000180004340 f i CoinDispenser.obj
 0001:0000334c       ?AddRef@?$CComContainedObject@VCOPOSCoinDispenser@@@ATL@@WLI@EAAKXZ 000000018000434c f i CoinDispenser.obj
 0001:00003358       ?Release@?$CComContainedObject@VCOPOSCoinDispenser@@@ATL@@WLI@EAAKXZ 0000000180004358 f i CoinDispenser.obj
 0001:00003364       ?QueryInterface@?$CComContainedObject@VCOPOSCoinDispenser@@@ATL@@WMA@EAAJAEBU_GUID@@PEAPEAX@Z 0000000180004364 f i CoinDispenser.obj
 0001:00003370       ?AddRef@?$CComContainedObject@VCOPOSCoinDispenser@@@ATL@@WMA@EAAKXZ 0000000180004370 f i CoinDispenser.obj
 0001:0000337c       ?Release@?$CComContainedObject@VCOPOSCoinDispenser@@@ATL@@WMA@EAAKXZ 000000018000437c f i CoinDispenser.obj
 0001:00003388       ?QueryInterface@?$CComContainedObject@VCOPOSCoinDispenser@@@ATL@@WMI@EAAJAEBU_GUID@@PEAPEAX@Z 0000000180004388 f i CoinDispenser.obj
 0001:00003394       ?AddRef@?$CComContainedObject@VCOPOSCoinDispenser@@@ATL@@WMI@EAAKXZ 0000000180004394 f i CoinDispenser.obj
 0001:000033a0       ?Release@?$CComContainedObject@VCOPOSCoinDispenser@@@ATL@@WMI@EAAKXZ 00000001800043a0 f i CoinDispenser.obj
 0001:000033ac       ?QueryInterface@?$CComContainedObject@VCOPOSCoinDispenser@@@ATL@@WNA@EAAJAEBU_GUID@@PEAPEAX@Z 00000001800043ac f i CoinDispenser.obj
 0001:000033b8       ?AddRef@?$CComContainedObject@VCOPOSCoinDispenser@@@ATL@@WNA@EAAKXZ 00000001800043b8 f i CoinDispenser.obj
 0001:000033c4       ?Release@?$CComContainedObject@VCOPOSCoinDispenser@@@ATL@@WNA@EAAKXZ 00000001800043c4 f i CoinDispenser.obj
 0001:000033d0       ?QueryInterface@?$CComContainedObject@VCOPOSCoinDispenser@@@ATL@@WNI@EAAJAEBU_GUID@@PEAPEAX@Z 00000001800043d0 f i CoinDispenser.obj
 0001:000033dc       ?AddRef@?$CComContainedObject@VCOPOSCoinDispenser@@@ATL@@WNI@EAAKXZ 00000001800043dc f i CoinDispenser.obj
 0001:000033e8       ?Release@?$CComContainedObject@VCOPOSCoinDispenser@@@ATL@@WNI@EAAKXZ 00000001800043e8 f i CoinDispenser.obj
 0001:000033f4       ?QueryInterface@?$CComContainedObject@VCOPOSCoinDispenser@@@ATL@@WOA@EAAJAEBU_GUID@@PEAPEAX@Z 00000001800043f4 f i CoinDispenser.obj
 0001:00003400       ?AddRef@?$CComContainedObject@VCOPOSCoinDispenser@@@ATL@@WOA@EAAKXZ 0000000180004400 f i CoinDispenser.obj
 0001:0000340c       ?Release@?$CComContainedObject@VCOPOSCoinDispenser@@@ATL@@WOA@EAAKXZ 000000018000440c f i CoinDispenser.obj
 0001:00003418       ?QueryInterface@?$CComContainedObject@VCOPOSCoinDispenser@@@ATL@@WOI@EAAJAEBU_GUID@@PEAPEAX@Z 0000000180004418 f i CoinDispenser.obj
 0001:00003424       ?AddRef@?$CComContainedObject@VCOPOSCoinDispenser@@@ATL@@WOI@EAAKXZ 0000000180004424 f i CoinDispenser.obj
 0001:00003430       ?Release@?$CComContainedObject@VCOPOSCoinDispenser@@@ATL@@WOI@EAAKXZ 0000000180004430 f i CoinDispenser.obj
 0001:0000343c       ?QueryInterface@?$CComContainedObject@VCOPOSCoinDispenser@@@ATL@@WPA@EAAJAEBU_GUID@@PEAPEAX@Z 000000018000443c f i CoinDispenser.obj
 0001:00003448       ?AddRef@?$CComContainedObject@VCOPOSCoinDispenser@@@ATL@@WPA@EAAKXZ 0000000180004448 f i CoinDispenser.obj
 0001:00003454       ?Release@?$CComContainedObject@VCOPOSCoinDispenser@@@ATL@@WPA@EAAKXZ 0000000180004454 f i CoinDispenser.obj
 0001:00003460       ?QueryInterface@?$CComContainedObject@VCOPOSCoinDispenser@@@ATL@@WPI@EAAJAEBU_GUID@@PEAPEAX@Z 0000000180004460 f i CoinDispenser.obj
 0001:0000346c       ?AddRef@?$CComContainedObject@VCOPOSCoinDispenser@@@ATL@@WPI@EAAKXZ 000000018000446c f i CoinDispenser.obj
 0001:00003478       ?Release@?$CComContainedObject@VCOPOSCoinDispenser@@@ATL@@WPI@EAAKXZ 0000000180004478 f i CoinDispenser.obj
 0001:00003484       ?QueryInterface@?$CComContainedObject@VCOPOSCoinDispenser@@@ATL@@WBAA@EAAJAEBU_GUID@@PEAPEAX@Z 0000000180004484 f i CoinDispenser.obj
 0001:00003490       ?AddRef@?$CComContainedObject@VCOPOSCoinDispenser@@@ATL@@WBAA@EAAKXZ 0000000180004490 f i CoinDispenser.obj
 0001:0000349c       ?Release@?$CComContainedObject@VCOPOSCoinDispenser@@@ATL@@WBAA@EAAKXZ 000000018000449c f i CoinDispenser.obj
 0001:000034a8       ?QueryInterface@?$CComContainedObject@VCOPOSCoinDispenser@@@ATL@@WBAI@EAAJAEBU_GUID@@PEAPEAX@Z 00000001800044a8 f i CoinDispenser.obj
 0001:000034b4       ?AddRef@?$CComContainedObject@VCOPOSCoinDispenser@@@ATL@@WBAI@EAAKXZ 00000001800044b4 f i CoinDispenser.obj
 0001:000034c0       ?Release@?$CComContainedObject@VCOPOSCoinDispenser@@@ATL@@WBAI@EAAKXZ 00000001800044c0 f i CoinDispenser.obj
 0001:000034cc       ?QueryInterface@?$CComContainedObject@VCOPOSCoinDispenser@@@ATL@@WBBA@EAAJAEBU_GUID@@PEAPEAX@Z 00000001800044cc f i CoinDispenser.obj
 0001:000034d8       ?AddRef@?$CComContainedObject@VCOPOSCoinDispenser@@@ATL@@WBBA@EAAKXZ 00000001800044d8 f i CoinDispenser.obj
 0001:000034e4       ?Release@?$CComContainedObject@VCOPOSCoinDispenser@@@ATL@@WBBA@EAAKXZ 00000001800044e4 f i CoinDispenser.obj
 0001:000034f0       ?QueryInterface@?$CComContainedObject@VCOPOSCoinDispenser@@@ATL@@WBBI@EAAJAEBU_GUID@@PEAPEAX@Z 00000001800044f0 f i CoinDispenser.obj
 0001:000034fc       ?AddRef@?$CComContainedObject@VCOPOSCoinDispenser@@@ATL@@WBBI@EAAKXZ 00000001800044fc f i CoinDispenser.obj
 0001:00003508       ?Release@?$CComContainedObject@VCOPOSCoinDispenser@@@ATL@@WBBI@EAAKXZ 0000000180004508 f i CoinDispenser.obj
 0001:00003514       ?AddRef@?$CComContainedObject@VCOPOSCoinDispenser@@@ATL@@WBCI@EAAKXZ 0000000180004514 f i CoinDispenser.obj
 0001:00003520       ?Release@?$CComContainedObject@VCOPOSCoinDispenser@@@ATL@@WBCI@EAAKXZ 0000000180004520 f i CoinDispenser.obj
 0001:0000352c       ?AddRef@?$CComContainedObject@VCOPOSCoinDispenser@@@ATL@@WBEA@EAAKXZ 000000018000452c f i CoinDispenser.obj
 0001:00003538       ?Release@?$CComContainedObject@VCOPOSCoinDispenser@@@ATL@@WBEA@EAAKXZ 0000000180004538 f i CoinDispenser.obj
 0001:00003544       ?CreateInstance@CComClassFactory@ATL@@UEAAJPEAUIUnknown@@AEBU_GUID@@PEAPEAX@Z 0000000180004544 f i CoinDispenser.obj
 0001:000035a4       ?LockServer@CComClassFactory@ATL@@UEAAJH@Z 00000001800045a4 f i CoinDispenser.obj
 0001:000035c8       ??_GCComClassFactory@ATL@@UEAAPEAXI@Z 00000001800045c8 f i CoinDispenser.obj
 0001:000035c8       ??_ECComClassFactory@ATL@@UEAAPEAXI@Z 00000001800045c8 f i CoinDispenser.obj
 0001:00003618       ??$AtlModuleRegisterWndClassInfoT@VAtlModuleRegisterWndClassInfoParamW@ATL@@@ATL@@YAGPEAU_ATL_BASE_MODULE70@0@PEAU_ATL_WIN_MODULE70@0@PEAU_ATL_WNDCLASSINFOW@0@PEAP6A_JPEAUHWND__@@I_K_J@ZVAtlModuleRegisterWndClassInfoParamW@0@@Z 0000000180004618 f i CoinDispenser.obj
 0001:00003818       ??0?$CComContainedObject@VCOPOSCoinDispenser@@@ATL@@QEAA@PEAX@Z 0000000180004818 f i CoinDispenser.obj
 0001:00003934       ??0?$CComObject@VCOPOSCoinDispenser@@@ATL@@QEAA@PEAX@Z 0000000180004934 f i CoinDispenser.obj
 0001:00003a4c       ??0CAtlModule@ATL@@QEAA@XZ 0000000180004a4c f i CoinDispenser.obj
 0001:00003ac0       ??1?$CComEnumImpl@UIEnumConnectionPoints@@$1?_GUID_b196b285_bab4_101a_b69c_00aa00341d07@@3U__s_GUID@@BPEAUIConnectionPoint@@V?$_CopyInterface@UIConnectionPoint@@@ATL@@@ATL@@UEAA@XZ 0000000180004ac0 f i CoinDispenser.obj
 0001:00003b1c       ??1?$CComEnumImpl@UIEnumConnections@@$1?_GUID_b196b287_bab4_101a_b69c_00aa00341d07@@3U__s_GUID@@BUtagCONNECTDATA@@V?$_Copy@UtagCONNECTDATA@@@ATL@@@ATL@@UEAA@XZ 0000000180004b1c f i CoinDispenser.obj
 0001:00003b78       ??1?$CComObject@VCOPOSCoinDispenser@@@ATL@@UEAA@XZ 0000000180004b78 f i CoinDispenser.obj
 0001:00003c98       ??_E?$CComContainedObject@VCOPOSCoinDispenser@@@ATL@@UEAAPEAXI@Z 0000000180004c98 f i CoinDispenser.obj
 0001:00003c98       ??_G?$CComContainedObject@VCOPOSCoinDispenser@@@ATL@@UEAAPEAXI@Z 0000000180004c98 f i CoinDispenser.obj
 0001:00003ccc       ??_E?$CComObject@VCOPOSCoinDispenser@@@ATL@@UEAAPEAXI@Z 0000000180004ccc f i CoinDispenser.obj
 0001:00003ccc       ??_G?$CComObject@VCOPOSCoinDispenser@@@ATL@@UEAAPEAXI@Z 0000000180004ccc f i CoinDispenser.obj
 0001:00003d00       ?Add@?$CSimpleArray@GV?$CSimpleArrayEqualHelper@G@ATL@@@ATL@@QEAAHAEBG@Z 0000000180004d00 f i CoinDispenser.obj
 0001:00003db4       ?Add@?$CSimpleMap@PEA_WPEA_WVCExpansionVectorEqualHelper@ATL@@@ATL@@QEAAHAEBQEA_W0@Z 0000000180004db4 f i CoinDispenser.obj
 0001:00003e54       ?Add@CComDynamicUnkArray@ATL@@QEAAKPEAUIUnknown@@@Z 0000000180004e54 f i CoinDispenser.obj
 0001:00003f40       ?Add@CExpansionVector@ATL@@QEAAHPEB_W0@Z 0000000180004f40 f i CoinDispenser.obj
 0001:00004074       ?AddTermFunc@CAtlModule@ATL@@QEAAJP6AX_K@Z0@Z 0000000180005074 f i CoinDispenser.obj
 0001:00004110       ?AddValue@CRegParser@ATL@@IEAAJAEAVCRegKey@2@PEB_WPEA_W@Z 0000000180005110 f i CoinDispenser.obj
 0001:00004558       ?AllocateHeap@?$CTempBuffer@_W$0EAA@VCCRTAllocator@ATL@@@ATL@@AEAAX_K@Z 0000000180005558 f i CoinDispenser.obj
 0001:00004558       ?AllocateHeap@?$CTempBuffer@_W$0BAA@VCCRTAllocator@ATL@@@ATL@@AEAAX_K@Z 0000000180005558 f i CoinDispenser.obj
 0001:00004558       ?AllocateHeap@?$CTempBuffer@E$0BAA@VCCRTAllocator@ATL@@@ATL@@AEAAX_K@Z 0000000180005558 f i CoinDispenser.obj
 0001:00004584       ?Append@CParseBuffer@CRegParser@ATL@@QEAAHPEB_WH@Z 0000000180005584 f i CoinDispenser.obj
 0001:000046cc       ?AtlComModuleGetClassObject@ATL@@YAJPEAU_ATL_COM_MODULE70@1@AEBU_GUID@@1PEAPEAX@Z 00000001800056cc f i CoinDispenser.obj
 0001:0000480c       ?AtlComModuleRegisterServer@ATL@@YAJPEAU_ATL_COM_MODULE70@1@HPEBU_GUID@@@Z 000000018000580c f i CoinDispenser.obj
 0001:000048cc       ?AtlComModuleUnregisterServer@ATL@@YAJPEAU_ATL_COM_MODULE70@1@HPEBU_GUID@@@Z 00000001800058cc f i CoinDispenser.obj
 0001:00004988       ?AtlHiMetricToPixel@ATL@@YAXPEBUtagSIZE@@PEAU2@@Z 0000000180005988 f i CoinDispenser.obj
 0001:00004a38       ?AtlHresultFromLastError@ATL@@YAJXZ 0000000180005a38 f i CoinDispenser.obj
 0001:00004a58       ?AtlHresultFromWin32@ATL@@YAJK@Z 0000000180005a58 f i CoinDispenser.obj
 0001:00004a68       ?AtlInternalOleLoadFromStream@ATL@@YAJPEAUIStream@@AEBU_GUID@@PEAPEAXTClassesAllowedInStream@1@K@Z 0000000180005a68 f i CoinDispenser.obj
 0001:00004bac       ?AtlInternalQueryInterface@ATL@@YAJPEAXPEBU_ATL_INTMAP_ENTRY@1@AEBU_GUID@@PEAPEAX@Z 0000000180005bac f i CoinDispenser.obj
 0001:00004cb4       ?AtlLoadTypeLib@ATL@@YAJPEAUHINSTANCE__@@PEB_WPEAPEA_WPEAPEAUITypeLib@@@Z 0000000180005cb4 f i CoinDispenser.obj
 0001:00004f10       ?AtlRegisterClassCategoriesHelper@ATL@@YAJAEBU_GUID@@PEBU_ATL_CATMAP_ENTRY@1@H@Z 0000000180005f10 f i CoinDispenser.obj
 0001:00005394       ?AtlRegisterTypeLib@ATL@@YAJPEAUHINSTANCE__@@PEB_W@Z 0000000180006394 f i CoinDispenser.obj
 0001:00005590       ?AtlThrowImpl@ATL@@YAXJ@Z  0000000180006590 f i CoinDispenser.obj
 0001:000055b4       ?AtlUnRegisterTypeLib@ATL@@YAJPEAUHINSTANCE__@@PEB_W@Z 00000001800065b4 f i CoinDispenser.obj
 0001:0000567c       ?AtlWinModuleExtractCreateWndData@ATL@@YAPEAXPEAU_ATL_WIN_MODULE70@1@@Z 000000018000667c f i CoinDispenser.obj
 0001:00005708       ?Cleanup@CComTypeInfoHolder@ATL@@SAX_K@Z 0000000180006708 f i CoinDispenser.obj
 0001:00005748       ?ClearReplacements@CExpansionVector@ATL@@QEAAJXZ 0000000180006748 f i CoinDispenser.obj
 0001:000057e4       ?CreateInstance@?$CComCreator@V?$CComAggObject@VCOPOSCoinDispenser@@@ATL@@@ATL@@SAJPEAXAEBU_GUID@@PEAPEAX@Z 00000001800067e4 f i CoinDispenser.obj
 0001:000058c8       ?CreateInstance@?$CComCreator@V?$CComObject@VCOPOSCoinDispenser@@@ATL@@@ATL@@SAJPEAXAEBU_GUID@@PEAPEAX@Z 00000001800068c8 f i CoinDispenser.obj
 0001:0000597c       ?CreateInstance@?$CComObject@V?$CComEnum@UIEnumConnectionPoints@@$1?_GUID_b196b285_bab4_101a_b69c_00aa00341d07@@3U__s_GUID@@BPEAUIConnectionPoint@@V?$_CopyInterface@UIConnectionPoint@@@ATL@@VCComSingleThreadModel@6@@ATL@@@ATL@@SAJPEAPEAV12@@Z 000000018000697c f i CoinDispenser.obj
 0001:00005a0c       ?CreateInstance@?$CComObject@V?$CComEnum@UIEnumConnections@@$1?_GUID_b196b287_bab4_101a_b69c_00aa00341d07@@3U__s_GUID@@BUtagCONNECTDATA@@V?$_Copy@UtagCONNECTDATA@@@ATL@@VCComSingleThreadModel@6@@ATL@@@ATL@@SAJPEAPEAV12@@Z 0000000180006a0c f i CoinDispenser.obj
 0001:00005a9c       ?DefaultReflectionHandler@?$CWindowImplRoot@VCWindow@ATL@@@ATL@@SAHPEAUHWND__@@I_K_JAEA_J@Z 0000000180006a9c f i CoinDispenser.obj
 0001:00005b00       ?DeleteSubKey@CRegKey@ATL@@QEAAJPEB_W@Z 0000000180006b00 f i CoinDispenser.obj
 0001:00005b98       ?DoEvent@COPOSCoinDispenser@@IEAAXI_K_J@Z 0000000180006b98 f i CoinDispenser.obj
 0001:00005c4c       ?DoVerbPrimary@?$IOleObjectImpl@VCOPOSCoinDispenser@@@ATL@@QEAAJPEBUtagRECT@@PEAUHWND__@@@Z 0000000180006c4c f i CoinDispenser.obj
 0001:00005d78       ?DoVerbProperties@CComControlBase@ATL@@QEAAJPEBUtagRECT@@PEAUHWND__@@@Z 0000000180006d78 f i CoinDispenser.obj
 0001:00005fa0       ?FireTheEvent@?$CProxy_IOPOSEvents@VCOPOSCoinDispenser@@@@IEAAXPEAVOposVariant@@IAEAJPEB_WJ@Z 0000000180006fa0 f i CoinDispenser.obj
 0001:0000608c       ?FireViewChange@CComControlBase@ATL@@QEAAJXZ 000000018000708c f i CoinDispenser.obj
 0001:000060f0       ?Fire_DirectIOEvent@?$CProxy_IOPOSEvents@VCOPOSCoinDispenser@@@@QEAAXJPEAJPEAPEA_W@Z 00000001800070f0 f i CoinDispenser.obj
 0001:00006250       ?Fire_StatusUpdateEvent@?$CProxy_IOPOSEvents@VCOPOSCoinDispenser@@@@QEAAXJ@Z 0000000180007250 f i CoinDispenser.obj
 0001:0000633c       ?FreeHeap@?$CTempBuffer@_W$0EAA@VCCRTAllocator@ATL@@@ATL@@AEAAXXZ 000000018000733c f i CoinDispenser.obj
 0001:0000633c       ?FreeHeap@?$CTempBuffer@_W$0BAA@VCCRTAllocator@ATL@@@ATL@@AEAAXXZ 000000018000733c f i CoinDispenser.obj
 0001:0000633c       ?FreeHeap@?$CTempBuffer@E$0BAA@VCCRTAllocator@ATL@@@ATL@@AEAAXXZ 000000018000733c f i CoinDispenser.obj
 0001:00006344       ?GetAmbientLocaleID@CComControlBase@ATL@@QEAAJAEAK@Z 0000000180007344 f i CoinDispenser.obj
 0001:00006404       ?GetAmbientUserMode@CComControlBase@ATL@@QEAAJAEAH@Z 0000000180007404 f i CoinDispenser.obj
 0001:000064d4       ?GetClassObject@CComModule@ATL@@QEAAJAEBU_GUID@@0PEAPEAX@Z 00000001800074d4 f i CoinDispenser.obj
 0001:000065c8       ?GetConnMap@COPOSCoinDispenser@@SAPEBU_ATL_CONNMAP_ENTRY@ATL@@PEAH@Z 00000001800075c8 f i CoinDispenser.obj
 0001:00006650       ?GetIDsOfNames@CComTypeInfoHolder@ATL@@QEAAJAEBU_GUID@@PEAPEA_WIKPEAJ@Z 0000000180007650 f i CoinDispenser.obj
 0001:000067c8       ?GetPagesHelper@?$ISpecifyPropertyPagesImpl@VCOPOSCoinDispenser@@@ATL@@IEAAJPEAUtagCAUUID@@PEBUATL_PROPMAP_ENTRY@2@@Z 00000001800077c8 f i CoinDispenser.obj
 0001:00006968       ?GetSizeMax@CComVariant@ATL@@QEBAJPEAT_ULARGE_INTEGER@@@Z 0000000180007968 f i CoinDispenser.obj
 0001:00006b98       ?GetTI@CComTypeInfoHolder@ATL@@QEAAJK@Z 0000000180007b98 f i CoinDispenser.obj
 0001:00006e80       ?GetZoomInfo@CComControlBase@ATL@@QEAAXAEAUATL_DRAWINFO@@@Z 0000000180007e80 f i CoinDispenser.obj
 0001:00006f24       ?HKeyFromString@CRegParser@ATL@@KAPEAUHKEY__@@PEA_W@Z 0000000180007f24 f i CoinDispenser.obj
 0001:00006f88       ?IDataObject_GetData@CComControlBase@ATL@@QEAAJPEAUtagFORMATETC@@PEAUtagSTGMEDIUM@@@Z 0000000180007f88 f i CoinDispenser.obj
 0001:0000717c       ?IOleInPlaceObject_InPlaceDeactivate@CComControlBase@ATL@@QEAAJXZ 000000018000817c f i CoinDispenser.obj
 0001:0000721c       ?IOleInPlaceObject_SetObjectRects@CComControlBase@ATL@@QEAAJPEBUtagRECT@@0@Z 000000018000821c f i CoinDispenser.obj
 0001:0000730c       ?IOleInPlaceObject_UIDeactivate@CComControlBase@ATL@@QEAAJXZ 000000018000830c f i CoinDispenser.obj
 0001:00007418       ?IOleObject_Close@CComControlBase@ATL@@QEAAJK@Z 0000000180008418 f i CoinDispenser.obj
 0001:00007530       ?IOleObject_SetClientSite@CComControlBase@ATL@@QEAAJPEAUIOleClientSite@@@Z 0000000180008530 f i CoinDispenser.obj
 0001:000075a8       ?IOleObject_SetExtent@CComControlBase@ATL@@QEAAJKPEAUtagSIZE@@@Z 00000001800085a8 f i CoinDispenser.obj
 0001:00007640       ?IPSI_GetIPersistStreamInit@?$IPersistStorageImpl@VCOPOSCoinDispenser@@@ATL@@AEAAPEAUIPersistStreamInit@@XZ 0000000180008640 f i CoinDispenser.obj
 0001:00007728       ?IPersistStreamInit_Load@?$IPersistStreamInitImpl@VCOPOSCoinDispenser@@@ATL@@QEAAJPEAUIStream@@PEBUATL_PROPMAP_ENTRY@2@@Z 0000000180008728 f i CoinDispenser.obj
 0001:00007a54       ?IPersistStreamInit_Save@?$IPersistStreamInitImpl@VCOPOSCoinDispenser@@@ATL@@QEAAJPEAUIStream@@HPEBUATL_PROPMAP_ENTRY@2@@Z 0000000180008a54 f i CoinDispenser.obj
 0001:00007cf4       ?IQuickActivate_QuickActivate@CComControlBase@ATL@@QEAAJPEAUtagQACONTAINER@@PEAUtagQACONTROL@@@Z 0000000180008cf4 f i CoinDispenser.obj
 0001:00007fb8       ?IViewObject_Draw@CComControlBase@ATL@@QEAAJKJPEAXPEAUtagDVTARGETDEVICE@@PEAUHDC__@@2PEBU_RECTL@@3@Z 0000000180008fb8 f i CoinDispenser.obj
 0001:000080cc       ?InPlaceActivate@CComControlBase@ATL@@QEAAJJPEBUtagRECT@@@Z 00000001800090cc f i CoinDispenser.obj
 0001:00008400       ?Init@?$CComEnumImpl@UIEnumConnectionPoints@@$1?_GUID_b196b285_bab4_101a_b69c_00aa00341d07@@3U__s_GUID@@BPEAUIConnectionPoint@@V?$_CopyInterface@UIConnectionPoint@@@ATL@@@ATL@@QEAAJPEAPEAUIConnectionPoint@@0PEAUIUnknown@@W4CComEnumFlags@2@@Z 0000000180009400 f i CoinDispenser.obj
 0001:00008520       ?Init@?$CComEnumImpl@UIEnumConnections@@$1?_GUID_b196b287_bab4_101a_b69c_00aa00341d07@@3U__s_GUID@@BUtagCONNECTDATA@@V?$_Copy@UtagCONNECTDATA@@@ATL@@@ATL@@QEAAJPEAUtagCONNECTDATA@@0PEAUIUnknown@@W4CComEnumFlags@2@@Z 0000000180009520 f i CoinDispenser.obj
 0001:00008644       ?IsEqualObject@?$CComPtrBase@UIOleClientSite@@@ATL@@QEAA_NPEAUIUnknown@@@Z 0000000180009644 f i CoinDispenser.obj
 0001:000086d0       ?LoadNameCache@CComTypeInfoHolder@ATL@@QEAAJPEAUITypeInfo@@@Z 00000001800096d0 f i CoinDispenser.obj
 0001:00008850       ?Lookup@?$CSimpleMap@PEA_WPEA_WVCExpansionVectorEqualHelper@ATL@@@ATL@@QEBAPEA_WAEBQEA_W@Z 0000000180009850 f i CoinDispenser.obj
 0001:000088d8       ?NextToken@CRegParser@ATL@@IEAAJPEA_W@Z 00000001800098d8 f i CoinDispenser.obj
 0001:00008a90       ?OnKillFocus@CComControlBase@ATL@@QEAA_JI_K_JAEAH@Z 0000000180009a90 f i CoinDispenser.obj
 0001:00008b2c       ?OnMouseActivate@CComControlBase@ATL@@QEAA_JI_K_JAEAH@Z 0000000180009b2c f i CoinDispenser.obj
 0001:00008bcc       ?OnPaint@CComControlBase@ATL@@QEAA_JI_K_JAEAH@Z 0000000180009bcc f i CoinDispenser.obj
 0001:00008cb8       ?OnSetFocus@CComControlBase@ATL@@QEAA_JI_K_JAEAH@Z 0000000180009cb8 f i CoinDispenser.obj
 0001:00008db4       ?PreProcessBuffer@CRegParser@ATL@@QEAAJPEA_WPEAPEA_W@Z 0000000180009db4 f i CoinDispenser.obj
 0001:00009140       ?ProcessWindowMessage@?$CComControl@VCOPOSCoinDispenser@@V?$CWindowImpl@VCOPOSCoinDispenser@@VCWindow@ATL@@V?$CWinTraits@$0FGAAAAAA@$0A@@3@@ATL@@@ATL@@UEAAHPEAUHWND__@@I_K_JAEA_JK@Z 000000018000a140 f i CoinDispenser.obj
 0001:00009224       ?ReadFromStream@CComBSTR@ATL@@QEAAJPEAUIStream@@@Z 000000018000a224 f i CoinDispenser.obj
 0001:00009374       ?ReadFromStream@CComVariant@ATL@@QEAAJPEAUIStream@@GTClassesAllowedInStream@2@K@Z 000000018000a374 f i CoinDispenser.obj
 0001:00009598       ?RecurseDeleteKey@CRegKey@ATL@@QEAAJPEB_W@Z 000000018000a598 f i CoinDispenser.obj
 0001:000096f0       ?RegCreateKeyExW@CAtlTransactionManager@ATL@@QEAAJPEAUHKEY__@@PEB_WKPEA_WKKQEAU_SECURITY_ATTRIBUTES@@PEAPEAU3@PEAK@Z 000000018000a6f0 f i CoinDispenser.obj
 0001:00009824       ?RegDeleteKeyW@CAtlTransactionManager@ATL@@QEAAJPEAUHKEY__@@PEB_W@Z 000000018000a824 f i CoinDispenser.obj
 0001:000098b0       ?RegOpenKeyExW@CAtlTransactionManager@ATL@@QEAAJPEAUHKEY__@@PEB_WKKPEAPEAU3@@Z 000000018000a8b0 f i CoinDispenser.obj
 0001:00009968       ?RegisterBuffer@CRegParser@ATL@@QEAAJPEA_WH@Z 000000018000a968 f i CoinDispenser.obj
 0001:00009ad0       ?RegisterFromResource@CRegObject@ATL@@IEAAJPEB_W00H@Z 000000018000aad0 f i CoinDispenser.obj
 0001:00009c8c       ?RegisterServer@CComModule@ATL@@QEAAJHPEBU_GUID@@@Z 000000018000ac8c f i CoinDispenser.obj
 0001:00009d4c       ?RegisterSubkeys@CRegParser@ATL@@IEAAJPEA_WPEAUHKEY__@@HH@Z 000000018000ad4c f i CoinDispenser.obj
 0001:0000a5b8       ?SendOnDataChange@CComControlBase@ATL@@QEAAJK@Z 000000018000b5b8 f i CoinDispenser.obj
 0001:0000a628       ?SetControlFocus@CComControlBase@ATL@@QEAAHH@Z 000000018000b628 f i CoinDispenser.obj
 0001:0000a704       ?SkipAssignment@CRegParser@ATL@@IEAAJPEA_W@Z 000000018000b704 f i CoinDispenser.obj
 0001:0000a7a8       ?Term@CAtlModule@ATL@@QEAAXXZ 000000018000b7a8 f i CoinDispenser.obj
 0001:0000a828       ?Term@CComModule@ATL@@QEAAXXZ 000000018000b828 f i CoinDispenser.obj
 0001:0000a8a4       ?UnregisterServer@CComModule@ATL@@QEAAJHPEBU_GUID@@@Z 000000018000b8a4 f i CoinDispenser.obj
 0001:0000a954       ?UpdateRegistryFromResource@CAtlModule@ATL@@QEAAJIHPEAU_ATL_REGMAP_ENTRY@2@@Z 000000018000b954 f i CoinDispenser.obj
 0001:0000ac60       ?UpdateRegistryFromResource@CAtlModule@ATL@@QEAAJPEB_WHPEAU_ATL_REGMAP_ENTRY@2@@Z 000000018000bc60 f i CoinDispenser.obj
 0001:0000af84       ?VTFromRegType@CRegParser@ATL@@KAHPEB_WAEAG@Z 000000018000bf84 f i CoinDispenser.obj
 0001:0000b020       ?WindowProc@?$CWindowImplBaseT@VCWindow@ATL@@V?$CWinTraits@$0FGAAAAAA@$0A@@2@@ATL@@SA_JPEAUHWND__@@I_K_J@Z 000000018000c020 f i CoinDispenser.obj
 0001:0000b18c       ?WriteToStream@CComVariant@ATL@@QEAAJPEAUIStream@@@Z 000000018000c18c f i CoinDispenser.obj
 0001:0000b408       ?WriteToStream@CComVariant@ATL@@QEAAJPEAUIStream@@G@Z 000000018000c408 f i CoinDispenser.obj
 0001:0000b4a0       ?_AtlVerifyStackAvailable@_ATL_SAFE_ALLOCA_IMPL@ATL@@YA_N_K@Z 000000018000c4a0 f i CoinDispenser.obj
 0001:0000b524       ?atlCreate@?$CWindowImpl@VCOPOSCoinDispenser@@VCWindow@ATL@@V?$CWinTraits@$0FGAAAAAA@$0A@@3@@ATL@@QEAAPEAUHWND__@@PEAU3@V_U_RECT@2@PEB_WKKV_U_MENUorID@2@PEAX@Z 000000018000c524 f i CoinDispenser.obj
 0001:0000b5d8       ?atlCreate@?$CWindowImplBaseT@VCWindow@ATL@@V?$CWinTraits@$0FGAAAAAA@$0A@@2@@ATL@@QEAAPEAUHWND__@@PEAU3@V_U_RECT@2@PEB_WKKV_U_MENUorID@2@GPEAX@Z 000000018000c5d8 f i CoinDispenser.obj
 0001:0000b748       ?ocscpy_s@@YA_NPEA_W_KPEB_W@Z 000000018000c748 f i CoinDispenser.obj
 0001:0000b7f8       DllCanUnloadNow            000000018000c7f8 f   CoinDispenser.obj
 0001:0000b804       DllGetClassObject          000000018000c804 f   CoinDispenser.obj
 0001:0000b81c       DllMain                    000000018000c81c f   CoinDispenser.obj
 0001:0000b8c4       DllRegisterServer          000000018000c8c4 f   CoinDispenser.obj
 0001:0000b8d8       DllUnregisterServer        000000018000c8d8 f   CoinDispenser.obj
 0001:0000b8ec       __local_stdio_printf_options 000000018000c8ec f i CoinDispenser.obj
 0001:0000b8f4       swprintf_s                 000000018000c8f4 f i CoinDispenser.obj
 0001:0000b948       ??0COPOSCoinDispenser@@QEAA@XZ 000000018000c948 f   CoinDispenserImpl.obj
 0001:0000ba04       ??1?$IConnectionPointImpl@VCOPOSCoinDispenser@@$1?DIID__IOPOSCoinDispenserEvents@@3U_GUID@@BVCComDynamicUnkArray@ATL@@@ATL@@QEAA@XZ 000000018000ca04 f i CoinDispenserImpl.obj
 0001:0000ba04       ??1?$IConnectionPointImpl@VCOPOSCoinDispenser@@$1?IID_IPropertyNotifySink@@3U_GUID@@BVCComDynamicUnkArray@ATL@@@ATL@@QEAA@XZ 000000018000ca04 f i CoinDispenserImpl.obj
 0001:0000ba60       ??1CComControlBase@ATL@@UEAA@XZ 000000018000ca60 f i CoinDispenserImpl.obj
 0001:0000badc       ??1COPOSCoinDispenser@@UEAA@XZ 000000018000cadc f   CoinDispenserImpl.obj
 0001:0000bb40       ?AdjustCashCounts@COPOSCoinDispenser@@UEAAJPEA_WPEAJ@Z 000000018000cb40 f   CoinDispenserImpl.obj
 0001:0000bbc8       ?CheckHealth@COPOSCoinDispenser@@UEAAJJPEAJ@Z 000000018000cbc8 f   CoinDispenserImpl.obj
 0001:0000bc44       ?ClaimDevice@COPOSCoinDispenser@@UEAAJJPEAJ@Z 000000018000cc44 f   CoinDispenserImpl.obj
 0001:0000bce4       ?Close@COPOSCoinDispenser@@UEAAJPEAJ@Z 000000018000cce4 f   CoinDispenserImpl.obj
 0001:0000bd9c       ?CompareFirmwareVersion@COPOSCoinDispenser@@UEAAJPEA_WPEAJ1@Z 000000018000cd9c f   CoinDispenserImpl.obj
 0001:0000be78       ?DirectIO@COPOSCoinDispenser@@UEAAJJPEAJPEAPEA_W0@Z 000000018000ce78 f   CoinDispenserImpl.obj
 0001:0000bf74       ?DispenseChange@COPOSCoinDispenser@@UEAAJJPEAJ@Z 000000018000cf74 f   CoinDispenserImpl.obj
 0001:0000bff0       ?DoInvoke@COPOSCoinDispenser@@IEAAJJPEAVOposVariant@@IHPEAJ_N@Z 000000018000cff0 f   CoinDispenserImpl.obj
 0001:0000c124       ?EventInit@COPOSCoinDispenser@@IEAAJXZ 000000018000d124 f i CoinDispenserImpl.obj
 0001:0000c26c       ?EventUninit@COPOSCoinDispenser@@IEAAXXZ 000000018000d26c f i CoinDispenserImpl.obj
 0001:0000c2d0       ?EventWindowProc@COPOSCoinDispenser@@IEAA_JI_K_J@Z 000000018000d2d0 f i CoinDispenserImpl.obj
 0001:0000c394       ?FinalConstruct@COPOSCoinDispenser@@QEAAJXZ 000000018000d394 f   CoinDispenserImpl.obj
 0001:0000c3d0       ?FreezeEvents@COPOSCoinDispenser@@MEAAJH@Z 000000018000d3d0 f   CoinDispenserImpl.obj
 0001:0000c444       ?GetOposProp@COPOSCoinDispenser@@IEAAJJPEAJJ@Z 000000018000d444 f   CoinDispenserImpl.obj
 0001:0000c560       ?GetOposProp@COPOSCoinDispenser@@IEAAJJPEAPEA_WJ@Z 000000018000d560 f   CoinDispenserImpl.obj
 0001:0000c68c       ?OnDraw@COPOSCoinDispenser@@MEAAJAEAUATL_DRAWINFO@@@Z 000000018000d68c f   CoinDispenserImpl.obj
 0001:0000c778       ?Open@COPOSCoinDispenser@@UEAAJPEA_WPEAJ@Z 000000018000d778 f   CoinDispenserImpl.obj
 0001:0000d000       ?ReadCashCounts@COPOSCoinDispenser@@UEAAJPEAPEA_WPEAFPEAJ@Z 000000018000e000 f   CoinDispenserImpl.obj
 0001:0000d0dc       ?ReleaseDevice@COPOSCoinDispenser@@UEAAJPEAJ@Z 000000018000e0dc f   CoinDispenserImpl.obj
 0001:0000d148       ?ResetStatistics@COPOSCoinDispenser@@UEAAJPEA_WPEAJ@Z 000000018000e148 f   CoinDispenserImpl.obj
 0001:0000d1d0       ?RetrieveStatistics@COPOSCoinDispenser@@UEAAJPEAPEA_WPEAJ@Z 000000018000e1d0 f   CoinDispenserImpl.obj
 0001:0000d258       ?SOProcessID@COPOSCoinDispenser@@UEAAJPEAJ@Z 000000018000e258 f   CoinDispenserImpl.obj
 0001:0000d274       ?SetCOFreezeEvents@COPOSCoinDispenser@@IEAAXF@Z 000000018000e274 f   CoinDispenserImpl.obj
 0001:0000d358       ?SetOposProp@COPOSCoinDispenser@@IEAAJJJJ@Z 000000018000e358 f   CoinDispenserImpl.obj
 0001:0000d4b8       ?UpdateFirmware@COPOSCoinDispenser@@UEAAJPEA_WPEAJ@Z 000000018000e4b8 f   CoinDispenserImpl.obj
 0001:0000d540       ?UpdateStatistics@COPOSCoinDispenser@@UEAAJPEA_WPEAJ@Z 000000018000e540 f   CoinDispenserImpl.obj
 0001:0000d5c8       ?get_BinaryConversion@COPOSCoinDispenser@@UEAAJPEAJ@Z 000000018000e5c8 f   CoinDispenserImpl.obj
 0001:0000d5dc       ?get_CapCompareFirmwareVersion@COPOSCoinDispenser@@UEAAJPEAF@Z 000000018000e5dc f   CoinDispenserImpl.obj
 0001:0000d610       ?get_CapEmptySensor@COPOSCoinDispenser@@UEAAJPEAF@Z 000000018000e610 f   CoinDispenserImpl.obj
 0001:0000d640       ?get_CapJamSensor@COPOSCoinDispenser@@UEAAJPEAF@Z 000000018000e640 f   CoinDispenserImpl.obj
 0001:0000d670       ?get_CapNearEmptySensor@COPOSCoinDispenser@@UEAAJPEAF@Z 000000018000e670 f   CoinDispenserImpl.obj
 0001:0000d6a0       ?get_CapPowerReporting@COPOSCoinDispenser@@UEAAJPEAJ@Z 000000018000e6a0 f   CoinDispenserImpl.obj
 0001:0000d6b4       ?get_CapStatisticsReporting@COPOSCoinDispenser@@UEAAJPEAF@Z 000000018000e6b4 f   CoinDispenserImpl.obj
 0001:0000d6e8       ?get_CapUpdateFirmware@COPOSCoinDispenser@@UEAAJPEAF@Z 000000018000e6e8 f   CoinDispenserImpl.obj
 0001:0000d71c       ?get_CapUpdateStatistics@COPOSCoinDispenser@@UEAAJPEAF@Z 000000018000e71c f   CoinDispenserImpl.obj
 0001:0000d750       ?get_CheckHealthText@COPOSCoinDispenser@@UEAAJPEAPEA_W@Z 000000018000e750 f   CoinDispenserImpl.obj
 0001:0000d760       ?get_Claimed@COPOSCoinDispenser@@UEAAJPEAF@Z 000000018000e760 f   CoinDispenserImpl.obj
 0001:0000d790       ?get_ControlObjectDescription@COPOSCoinDispenser@@UEAAJPEAPEA_W@Z 000000018000e790 f   CoinDispenserImpl.obj
 0001:0000d7f4       ?get_ControlObjectVersion@COPOSCoinDispenser@@UEAAJPEAJ@Z 000000018000e7f4 f   CoinDispenserImpl.obj
 0001:0000d800       ?get_DeviceDescription@COPOSCoinDispenser@@UEAAJPEAPEA_W@Z 000000018000e800 f   CoinDispenserImpl.obj
 0001:0000d810       ?get_DeviceEnabled@COPOSCoinDispenser@@UEAAJPEAF@Z 000000018000e810 f   CoinDispenserImpl.obj
 0001:0000d840       ?get_DeviceName@COPOSCoinDispenser@@UEAAJPEAPEA_W@Z 000000018000e840 f   CoinDispenserImpl.obj
 0001:0000d850       ?get_DispenserStatus@COPOSCoinDispenser@@UEAAJPEAJ@Z 000000018000e850 f   CoinDispenserImpl.obj
 0001:0000d860       ?get_FreezeEvents@COPOSCoinDispenser@@UEAAJPEAF@Z 000000018000e860 f   CoinDispenserImpl.obj
 0001:0000d890       ?get_OpenResult@COPOSCoinDispenser@@UEAAJPEAJ@Z 000000018000e890 f   CoinDispenserImpl.obj
 0001:0000d89c       ?get_PowerNotify@COPOSCoinDispenser@@UEAAJPEAJ@Z 000000018000e89c f   CoinDispenserImpl.obj
 0001:0000d8b0       ?get_PowerState@COPOSCoinDispenser@@UEAAJPEAJ@Z 000000018000e8b0 f   CoinDispenserImpl.obj
 0001:0000d8c4       ?get_ResultCode@COPOSCoinDispenser@@UEAAJPEAJ@Z 000000018000e8c4 f   CoinDispenserImpl.obj
 0001:0000d900       ?get_ResultCodeExtended@COPOSCoinDispenser@@UEAAJPEAJ@Z 000000018000e900 f   CoinDispenserImpl.obj
 0001:0000d910       ?get_ServiceObjectDescription@COPOSCoinDispenser@@UEAAJPEAPEA_W@Z 000000018000e910 f   CoinDispenserImpl.obj
 0001:0000d920       ?get_ServiceObjectVersion@COPOSCoinDispenser@@UEAAJPEAJ@Z 000000018000e920 f   CoinDispenserImpl.obj
 0001:0000d930       ?get_State@COPOSCoinDispenser@@UEAAJPEAJ@Z 000000018000e930 f   CoinDispenserImpl.obj
 0001:0000d95c       ?put_BinaryConversion@COPOSCoinDispenser@@UEAAJJ@Z 000000018000e95c f   CoinDispenserImpl.obj
 0001:0000d970       ?put_DeviceEnabled@COPOSCoinDispenser@@UEAAJF@Z 000000018000e970 f   CoinDispenserImpl.obj
 0001:0000d988       ?put_FreezeEvents@COPOSCoinDispenser@@UEAAJF@Z 000000018000e988 f   CoinDispenserImpl.obj
 0001:0000d9d8       ?put_PowerNotify@COPOSCoinDispenser@@UEAAJJ@Z 000000018000e9d8 f   CoinDispenserImpl.obj
 0001:0000d9ec       ?s_EventWindowProc@COPOSCoinDispenser@@KA_JPEAUHWND__@@I_K_J@Z 000000018000e9ec f i CoinDispenserImpl.obj
 0001:0000da68       ??_U@YAPEAX_K@Z            000000018000ea68 f   LIBCMT:new_array.obj
 0001:0000da70       ??_V@YAXPEAX@Z             000000018000ea70 f   LIBCMT:delete_array.obj
 0001:0000da70       ??3@YAXPEAX_K@Z            000000018000ea70 f   LIBCMT:delete_scalar_size.obj
 0001:0000da78       ??_V@YAXPEAX_K@Z           000000018000ea78 f   LIBCMT:delete_array_size.obj
 0001:0000da80       __scrt_acquire_startup_lock 000000018000ea80 f   LIBCMT:utility.obj
 0001:0000dabc       __scrt_dllmain_after_initialize_c 000000018000eabc f   LIBCMT:utility.obj
 0001:0000daf0       __scrt_dllmain_before_initialize_c 000000018000eaf0 f   LIBCMT:utility.obj
 0001:0000db08       __scrt_dllmain_crt_thread_attach 000000018000eb08 f   LIBCMT:utility.obj
 0001:0000db30       __scrt_dllmain_crt_thread_detach 000000018000eb30 f   LIBCMT:utility.obj
 0001:0000db48       __scrt_dllmain_exception_filter 000000018000eb48 f   LIBCMT:utility.obj
 0001:0000dba8       __scrt_dllmain_uninitialize_c 000000018000eba8 f   LIBCMT:utility.obj
 0001:0000dbd8       __scrt_dllmain_uninitialize_critical 000000018000ebd8 f   LIBCMT:utility.obj
 0001:0000dbec       __scrt_initialize_crt      000000018000ebec f   LIBCMT:utility.obj
 0001:0000dc38       __scrt_initialize_onexit_tables 000000018000ec38 f   LIBCMT:utility.obj
 0001:0000dcc4       __scrt_is_nonwritable_in_current_image 000000018000ecc4 f   LIBCMT:utility.obj
 0001:0000dd5c       __scrt_release_startup_lock 000000018000ed5c f   LIBCMT:utility.obj
 0001:0000dd80       __scrt_uninitialize_crt    000000018000ed80 f   LIBCMT:utility.obj
 0001:0000ddac       _onexit                    000000018000edac f   LIBCMT:utility.obj
 0001:0000dde8       atexit                     000000018000ede8 f   LIBCMT:utility.obj
 0001:0000de00       ??3@YAXPEAX@Z              000000018000ee00 f   LIBCMT:delete_scalar.obj
 0001:0000df00       _Init_thread_footer        000000018000ef00 f   LIBCMT:thread_safe_statics.obj
 0001:0000df60       _Init_thread_header        000000018000ef60 f   LIBCMT:thread_safe_statics.obj
 0001:0000dfc8       _Init_thread_notify        000000018000efc8 f   LIBCMT:thread_safe_statics.obj
 0001:0000e00c       _Init_thread_wait          000000018000f00c f   LIBCMT:thread_safe_statics.obj
 0001:0000e070       __raise_securityfailure    000000018000f070 f   LIBCMT:gs_report.obj
 0001:0000e0a4       __report_gsfailure         000000018000f0a4 f   LIBCMT:gs_report.obj
 0001:0000e178       __report_rangecheckfailure 000000018000f178 f   LIBCMT:gs_report.obj
 0001:0000e18c       __report_securityfailure   000000018000f18c f   LIBCMT:gs_report.obj
 0001:0000e30c       ??2@YAPEAX_KAEBUnothrow_t@std@@@Z 000000018000f30c f   LIBCMT:new_scalar_nothrow.obj
 0001:0000e320       ??_U@YAPEAX_KAEBUnothrow_t@std@@@Z 000000018000f320 f   LIBCMT:new_array_nothrow.obj
 0001:0000e328       __GSHandlerCheck           000000018000f328 f   LIBCMT:gshandler.obj
 0001:0000e348       __GSHandlerCheckCommon     000000018000f348 f   LIBCMT:gshandler.obj
 0001:0000e3a4       __GSHandlerCheck_SEH       000000018000f3a4 f   LIBCMT:gshandlerseh.obj
 0001:0000e440       __chkstk                   000000018000f440 f   LIBCMT:chkstk.obj
 0001:0000e440       _alloca_probe              000000018000f440 f   LIBCMT:chkstk.obj
 0001:0000e4b0       __security_check_cookie    000000018000f4b0 f   LIBCMT:amdsecgs.obj
 0001:0000e7f4       _DllMainCRTStartup         000000018000f7f4 f   LIBCMT:dll_dllmain.obj
 0001:0000e834       ??2@YAPEAX_K@Z             000000018000f834 f   LIBCMT:new_scalar.obj
 0001:0000e870       __isa_available_init       000000018000f870 f   LIBCMT:cpu_disp.obj
 0001:0000ea14       __scrt_is_ucrt_dll_in_use  000000018000fa14 f   LIBCMT:ucrt_detection.obj
 0001:0000ea20       __crt_debugger_hook        000000018000fa20 f   LIBCMT:utility_desktop.obj
 0001:0000ea28       __scrt_fastfail            000000018000fa28 f   LIBCMT:utility_desktop.obj
 0001:0000eb74       __security_init_cookie     000000018000fb74 f   LIBCMT:gs_support.obj
 0001:0000ec20       ?__scrt_initialize_type_info@@YAXXZ 000000018000fc20 f   LIBCMT:tncleanup.obj
 0001:0000ec30       ?__scrt_uninitialize_type_info@@YAXXZ 000000018000fc30 f   LIBCMT:tncleanup.obj
 0001:0000ec3c       __local_stdio_scanf_options 000000018000fc3c f i LIBCMT:default_local_stdio_options.obj
 0001:0000ec44       __scrt_initialize_default_local_stdio_options 000000018000fc44 f   LIBCMT:default_local_stdio_options.obj
 0001:0000ec60       __scrt_get_dyn_tls_init_callback 000000018000fc60 f   LIBCMT:dyn_tls_init.obj
 0001:0000ec68       _RTC_Initialize            000000018000fc68 f   LIBCMT:initsect.obj
 0001:0000eca4       _RTC_Terminate             000000018000fca4 f   LIBCMT:initsect.obj
 0001:0000ece0       ??0bad_alloc@std@@QEAA@AEBV01@@Z 000000018000fce0 f i LIBCMT:throw_bad_alloc.obj
 0001:0000ed1c       ??0bad_alloc@std@@QEAA@XZ  000000018000fd1c f i LIBCMT:throw_bad_alloc.obj
 0001:0000ed3c       ??0bad_array_new_length@std@@QEAA@AEBV01@@Z 000000018000fd3c f i LIBCMT:throw_bad_alloc.obj
 0001:0000ed78       ??0bad_array_new_length@std@@QEAA@XZ 000000018000fd78 f i LIBCMT:throw_bad_alloc.obj
 0001:0000ed98       ??0exception@std@@QEAA@AEBV01@@Z 000000018000fd98 f i LIBCMT:throw_bad_alloc.obj
 0001:0000edcc       ??1bad_array_new_length@std@@UEAA@XZ 000000018000fdcc f i LIBCMT:throw_bad_alloc.obj
 0001:0000edcc       ??1bad_exception@std@@UEAA@XZ 000000018000fdcc f i libvcruntime:frame.obj
 0001:0000edcc       ??1bad_alloc@std@@UEAA@XZ  000000018000fdcc f i LIBCMT:throw_bad_alloc.obj
 0001:0000ede0       ??_Eexception@std@@UEAAPEAXI@Z 000000018000fde0 f i LIBCMT:throw_bad_alloc.obj
 0001:0000ede0       ??_Ebad_array_new_length@std@@UEAAPEAXI@Z 000000018000fde0 f i LIBCMT:throw_bad_alloc.obj
 0001:0000ede0       ??_Ebad_exception@std@@UEAAPEAXI@Z 000000018000fde0 f i libvcruntime:frame.obj
 0001:0000ede0       ??_Ebad_alloc@std@@UEAAPEAXI@Z 000000018000fde0 f i LIBCMT:throw_bad_alloc.obj
 0001:0000ede0       ??_Gbad_exception@std@@UEAAPEAXI@Z 000000018000fde0 f i libvcruntime:frame.obj
 0001:0000ede0       ??_Gexception@std@@UEAAPEAXI@Z 000000018000fde0 f i LIBCMT:throw_bad_alloc.obj
 0001:0000ede0       ??_Gbad_alloc@std@@UEAAPEAXI@Z 000000018000fde0 f i LIBCMT:throw_bad_alloc.obj
 0001:0000ede0       ??_Gbad_array_new_length@std@@UEAAPEAXI@Z 000000018000fde0 f i LIBCMT:throw_bad_alloc.obj
 0001:0000ee24       ?__scrt_throw_std_bad_alloc@@YAXXZ 000000018000fe24 f   LIBCMT:throw_bad_alloc.obj
 0001:0000ee44       ?__scrt_throw_std_bad_array_new_length@@YAXXZ 000000018000fe44 f   LIBCMT:throw_bad_alloc.obj
 0001:0000ee64       ?what@exception@std@@UEBAPEBDXZ 000000018000fe64 f i LIBCMT:throw_bad_alloc.obj
 0001:0000ee80       ??_Etype_info@@UEAAPEAXI@Z 000000018000fe80 f i LIBCMT:std_type_info_static.obj
 0001:0000ee80       ??_Gtype_info@@UEAAPEAXI@Z 000000018000fe80 f i LIBCMT:std_type_info_static.obj
 0001:0000eeac       ??0CAtlBaseModule@ATL@@QEAA@XZ 000000018000feac f   atls:atlbase.obj
 0001:0000ef54       ??1CAtlBaseModule@ATL@@QEAA@XZ 000000018000ff54 f   atls:atlbase.obj
 0001:0000f088       ?__AllocStdCallThunk_cmn@@YAPEAXXZ 0000000180010088 f   atls:atlthunk.obj
 0001:0000f1e0       AtlThunk_AllocateData      00000001800101e0 f   atls:atlthunk.obj
 0001:0000f25c       AtlThunk_DataToCode        000000018001025c f   atls:atlthunk.obj
 0001:0000f2b0       AtlThunk_FreeData          00000001800102b0 f   atls:atlthunk.obj
 0001:0000f310       AtlThunk_InitData          0000000180010310 f   atls:atlthunk.obj
 0001:0000f3b8       _get_purecall_handler      00000001800103b8 f   libvcruntime:purevirt.obj
 0001:0000f3c0       _purecall                  00000001800103c0 f   libvcruntime:purevirt.obj
 0001:0000f3dc       wcsstr                     00000001800103dc f   libvcruntime:wcsstr.obj
 0001:0000f610       memcmp                     0000000180010610 f   libvcruntime:memcmp.obj
 0001:0000f6f0       memcpy_repmovs             00000001800106f0 f   libvcruntime:memcpy.obj
 0001:0000f710       memcpy                     0000000180010710 f   libvcruntime:memcpy.obj
 0001:0000f710       memmove                    0000000180010710 f   libvcruntime:memcpy.obj
 0001:0000fb00       memset_repmovs             0000000180010b00 f   libvcruntime:memset.obj
[...]
 0002:0000c484       $unwind$terminate          000000018002f484     libucrt:terminate.obj
 0002:0000c4a4       $unwind$??$parse_integer@KV?$c_string_character_source@_W@__crt_strtox@@@__crt_strtox@@YAKQEAU__crt_locale_pointers@@V?$c_string_character_source@_W@0@H_N@Z 000000018002f4a4     libucrt:atox.obj
 0002:0000c4c0       $xdatasym                  000000018002f4c0     libucrt:strncmp.obj
 0002:0000c4c4       $unwind$?construct_ptd_array@@YAXQEAU__acrt_ptd@@@Z 000000018002f4c4     libucrt:per_thread_data.obj
 0002:0000c4cc       $unwind$?destroy_ptd_array@@YAXQEAU__acrt_ptd@@@Z 000000018002f4cc     libucrt:per_thread_data.obj
 0002:0000c4d4       $unwind$??$?RV<lambda_0ae27a3a962d80f24befdcbee591983d>@@AEAV<lambda_8d0ee55de4b1038c4002e0adecdf1839>@@V<lambda_dc504788e8f1664fe9b84e20bfb512f2>@@@?$__crt_seh_guarded_call@X@@QEAAX$$QEAV<lambda_0ae27a3a962d80f24befdcbee591983d>@@AEAV<lambda_8d0ee55de4b1038c4002e0adecdf1839>@@$$QEAV<lambda_dc504788e8f1664fe9b84e20bfb512f2>@@@Z 000000018002f4d4     libucrt:per_thread_data.obj
 0002:0000c4f8       $unwind$??$?RV<lambda_aa87e3671a710a21b5dc78c0bdf72e11>@@AEAV<lambda_92619d2358a28f41a33ba319515a20b9>@@V<lambda_6992ecaafeb10aed2b74cb1fae11a551>@@@?$__crt_seh_guarded_call@X@@QEAAX$$QEAV<lambda_aa87e3671a710a21b5dc78c0bdf72e11>@@AEAV<lambda_92619d2358a28f41a33ba319515a20b9>@@$$QEAV<lambda_6992ecaafeb10aed2b74cb1fae11a551>@@@Z 000000018002f4f8     libucrt:per_thread_data.obj
 0002:0000c51c       $unwind$??$?RV<lambda_f2e299630e499de9f9a165e60fcd3db5>@@AEAV<lambda_2ae9d31cdba2644fcbeaf08da7c24588>@@V<lambda_40d01ff24d0e7b3814fdbdcee8eab3c7>@@@?$__crt_seh_guarded_call@X@@QEAAX$$QEAV<lambda_f2e299630e499de9f9a165e60fcd3db5>@@AEAV<lambda_2ae9d31cdba2644fcbeaf08da7c24588>@@$$QEAV<lambda_40d01ff24d0e7b3814fdbdcee8eab3c7>@@@Z 000000018002f51c     libucrt:per_thread_data.obj
 0002:0000c540       $unwind$??$?RV<lambda_2d41944a1d46af3157314b8a01080d33>@@AEAV<lambda_8f455de75cd7d7f24b4096f044d8b9e6>@@V<lambda_aa500f224e6afead328df44964fe2772>@@@?$__crt_seh_guarded_call@X@@QEAAX$$QEAV<lambda_2d41944a1d46af3157314b8a01080d33>@@AEAV<lambda_8f455de75cd7d7f24b4096f044d8b9e6>@@$$QEAV<lambda_aa500f224e6afead328df44964fe2772>@@@Z 000000018002f540     libucrt:per_thread_data.obj
 0002:0000c564       $unwind$__acrt_initialize_winapi_thunks 000000018002f564     libucrt:winapi_thunks.obj
 0002:0000c56c       $unwind$__acrt_fp_format   000000018002f56c     libucrt:cvt.obj
 0002:0000c584       $unwind$?fp_format_e_internal@@YAHQEAD_KH_NIQEAU_strflt@@2QEAU__crt_locale_pointers@@@Z 000000018002f584     libucrt:cvt.obj
 0002:0000c59c       $unwind$?fp_format_a@@YAHQEBNPEAD_KQEAD2H_NIQEAU__crt_locale_pointers@@W4__acrt_rounding_mode@@@Z 000000018002f59c     libucrt:cvt.obj
 0002:0000c5b8       $unwind$?fp_format_g@@YAHQEBNQEAD_K12H_NIQEAU__crt_locale_pointers@@@Z 000000018002f5b8     libucrt:cvt.obj
 0002:0000c5cc       $unwind$__acrt_uninitialize_locale 000000018002f5cc     libucrt:wsetlocale.obj
 0002:0000c5cc       $unwind$__acrt_get_sigabrt_handler 000000018002f5cc     libucrt:signal.obj
 0002:0000c5d4       $unwind$??$?RV<lambda_410d79af7f07d98d83a3f525b3859a53>@@AEAV<lambda_3e16ef9562a7dcce91392c22ab16ea36>@@V<lambda_38119f0e861e05405d8a144b9b982f0a>@@@?$__crt_seh_guarded_call@X@@QEAAX$$QEAV<lambda_410d79af7f07d98d83a3f525b3859a53>@@AEAV<lambda_3e16ef9562a7dcce91392c22ab16ea36>@@$$QEAV<lambda_38119f0e861e05405d8a144b9b982f0a>@@@Z 000000018002f5d4     libucrt:wsetlocale.obj
 0002:0000c5fc       $unwind$__acrt_initialize_lowio 000000018002f5fc     libucrt:ioinit.obj
 0002:0000c61c       $unwind$??$common_expand_argv_wildcards@D@@YAHQEAPEADQEAPEAPEAD@Z 000000018002f61c     libucrt:argv_wildcards.obj
 0002:0000c634       $unwind$??$copy_and_add_argument_to_buffer@D@@YAHQEBD0_KAEAV?$argument_list@D@?A0x5f5c8891@@@Z 000000018002f634     libucrt:argv_wildcards.obj
 0002:0000c650       $unwind$??$expand_argument_wildcards@D@@YAHQEAD0AEAV?$argument_list@D@?A0x5f5c8891@@@Z 000000018002f650     libucrt:argv_wildcards.obj
 0002:0000c674       $unwind$__acrt_GetModuleFileNameA 000000018002f674     libucrt:getmodulefilenamea.obj
 0002:0000c690       $unwind$_setmbcp_nolock    000000018002f690     libucrt:mbctype.obj
 0002:0000c6b0       $unwind$?update_thread_multibyte_data_internal@@YAPEAU__crt_multibyte_data@@QEAU__acrt_ptd@@QEAPEAU1@@Z 000000018002f6b0     libucrt:mbctype.obj
 0002:0000c6d8       $unwind$?setmbcp_internal@@YAHH_NQEAU__acrt_ptd@@QEAPEAU__crt_multibyte_data@@@Z 000000018002f6d8     libucrt:mbctype.obj
 0002:0000c6e8       $unwind$?setSBUpLow@@YAXPEAU__crt_multibyte_data@@@Z 000000018002f6e8     libucrt:mbctype.obj
 0002:0000c704       $unwind$??$?RV<lambda_efdfa57d1f175319df784efa44bb7b81>@@AEAV<lambda_5f0a4c1567f8adc6734073e5d1e1b35c>@@V<lambda_2e8a7d3640ea6ccb4c2413664c2db6fd>@@@?$__crt_seh_guarded_call@X@@QEAAX$$QEAV<lambda_efdfa57d1f175319df784efa44bb7b81>@@AEAV<lambda_5f0a4c1567f8adc6734073e5d1e1b35c>@@$$QEAV<lambda_2e8a7d3640ea6ccb4c2413664c2db6fd>@@@Z 000000018002f704     libucrt:mbctype.obj
 0002:0000c728       $unwind$__acrt_WideCharToMultiByte 000000018002f728     libucrt:widechartomultibyte.obj
 0002:0000c734       $unwind$raise              000000018002f734     libucrt:signal.obj
 0002:0000c770       $unwind$??$?RV<lambda_450d765d439847d4c735a33c368b5fc0>@@AEAV<lambda_44731a7d0e6d81c3e6aa82d741081786>@@V<lambda_601a2a7da3b7a96e9554ac7215c4b07c>@@@?$__crt_seh_guarded_call@P6AXH@Z@@QEAAP6AXH@Z$$QEAV<lambda_450d765d439847d4c735a33c368b5fc0>@@AEAV<lambda_44731a7d0e6d81c3e6aa82d741081786>@@$$QEAV<lambda_601a2a7da3b7a96e9554ac7215c4b07c>@@@Z 000000018002f770     libucrt:signal.obj
 0002:0000c794       $unwind$?common_flush_all@@YAH_N@Z 000000018002f794     libucrt:fflush.obj
 0002:0000c79c       $unwind$??$?RV<lambda_842d9ff0dc9ef11c61343bbaebe7f885>@@AEAV<lambda_c5860995281e5c4ce005b3de8f5874ee>@@V<lambda_d90129c13df834fdcbf8d2b88dafcf2d>@@@?$__crt_seh_guarded_call@X@@QEAAX$$QEAV<lambda_842d9ff0dc9ef11c61343bbaebe7f885>@@AEAV<lambda_c5860995281e5c4ce005b3de8f5874ee>@@$$QEAV<lambda_d90129c13df834fdcbf8d2b88dafcf2d>@@@Z 000000018002f79c     libucrt:fflush.obj
 0002:0000c7c0       $unwind$??$?RV<lambda_886d6c58226a84441f68b9f2b8217b83>@@AEAV<lambda_ab61a845afdef5b7c387490eaf3616ee>@@V<lambda_f7f22ab5edc0698d5f6905b0d3f44752>@@@?$__crt_seh_guarded_call@X@@QEAAX$$QEAV<lambda_886d6c58226a84441f68b9f2b8217b83>@@AEAV<lambda_ab61a845afdef5b7c387490eaf3616ee>@@$$QEAV<lambda_f7f22ab5edc0698d5f6905b0d3f44752>@@@Z 000000018002f7c0     libucrt:fflush.obj
 0002:0000c7e8       $unwind$__acrt_update_thread_locale_data 000000018002f7e8     libucrt:locale_refcounting.obj
 0002:0000c80c       $unwind$?__mbrtowc_utf8@__crt_mbstring@@YA_KPEA_WPEBD_KPEAU_Mbstatet@@@Z 000000018002f80c     libucrt:mbrtowc.obj
 0002:0000c814       $unwind$?__mbsrtowcs_utf8@__crt_mbstring@@YA_KPEA_WPEAPEBD_KPEAU_Mbstatet@@@Z 000000018002f814     libucrt:mbrtowc.obj
 0002:0000c82c       $unwind$__acrt_fltout      000000018002f82c     libucrt:cfout.obj
 0002:0000c84c       $unwind$?divide@__crt_strtox@@YA_KAEAUbig_integer@1@AEBU21@@Z 000000018002f84c     libucrt:cfout.obj
 0002:0000c864       $chain$0$?divide@__crt_strtox@@YA_KAEAUbig_integer@1@AEBU21@@Z 000000018002f864     libucrt:cfout.obj
 0002:0000c878       $chain$1$?divide@__crt_strtox@@YA_KAEAUbig_integer@1@AEBU21@@Z 000000018002f878     libucrt:cfout.obj
 0002:0000c888       $unwind$_fcloseall         000000018002f888     libucrt:closeall.obj
 0002:0000c8ac       $unwind$__acrt_locale_free_monetary 000000018002f8ac     libucrt:initmon.obj
 0002:0000c8b4       $unwind$__acrt_locale_free_time 000000018002f8b4     libucrt:inittime.obj
 0002:0000c8c4       $unwind$__acrt_GetStringTypeA 000000018002f8c4     libucrt:getstringtypea.obj
 0002:0000c8ec       $unwind$__acrt_lowio_destroy_handle_array 000000018002f8ec     libucrt:osfinfo.obj
 0002:0000c8fc       $unwind$__acrt_lowio_ensure_fh_exists 000000018002f8fc     libucrt:osfinfo.obj
 0002:0000c928       $unwind$qsort              000000018002f928     libucrt:qsort.obj
 0002:0000c940       $chain$4$qsort             000000018002f940     libucrt:qsort.obj
 0002:0000c964       $chain$5$qsort             000000018002f964     libucrt:qsort.obj
 0002:0000c974       $unwind$strpbrk            000000018002f974     libucrt:strpbrk.obj
 0002:0000c984       $unwind$fallbackMethod     000000018002f984     libucrt:strpbrk.obj
 0002:0000c994       $unwind$__acrt_LCMapStringA 000000018002f994     libucrt:lcmapstringa.obj
 0002:0000c9a4       $unwind$?__acrt_LCMapStringA_stat@@YAHPEAU__crt_locale_pointers@@PEB_WKPEBDHPEADHHH@Z 000000018002f9a4     libucrt:lcmapstringa.obj
 0002:0000c9cc       $unwind$_close             000000018002f9cc     libucrt:close.obj
 0002:0000c9cc       $unwind$_commit            000000018002f9cc     libucrt:commit.obj
 0002:0000c9d4       $unwind$??$?RV<lambda_a37b2b86f63e897a80ea819b0eb08c01>@@AEAV<lambda_38ce7e780aa69e748d6df282ebc68efe>@@V<lambda_99fb1378e971ab6e7edea83e3a7a83a2>@@@?$__crt_seh_guarded_call@H@@QEAAH$$QEAV<lambda_a37b2b86f63e897a80ea819b0eb08c01>@@AEAV<lambda_38ce7e780aa69e748d6df282ebc68efe>@@$$QEAV<lambda_99fb1378e971ab6e7edea83e3a7a83a2>@@@Z 000000018002f9d4     libucrt:commit.obj
 0002:0000c9f8       $unwind$_write             000000018002f9f8     libucrt:write.obj
 0002:0000ca28       $unwind$_write_nolock      000000018002fa28     libucrt:write.obj
 0002:0000ca40       $unwind$?write_double_translated_ansi_nolock@@YA?AUwrite_result@?A0x17268360@@HQEBDI@Z 000000018002fa40     libucrt:write.obj
 0002:0000ca64       $unwind$?write_text_ansi_nolock@@YA?AUwrite_result@?A0x17268360@@HQEBDI@Z 000000018002fa64     libucrt:write.obj
 0002:0000ca64       $unwind$?write_text_utf16le_nolock@@YA?AUwrite_result@?A0x17268360@@HQEBDI@Z 000000018002fa64     libucrt:write.obj
 0002:0000ca84       $unwind$?write_text_utf8_nolock@@YA?AUwrite_result@?A0x17268360@@HQEBDI@Z 000000018002fa84     libucrt:write.obj
 0002:0000caa8       $xdatasym                  000000018002faa8     libucrt:log10.obj
 0002:0000cab4       $unwind$__acrt_fenv_set_control 000000018002fab4     libucrt:_fenvutils.obj
 0002:0000cac4       $unwind$fclose             000000018002fac4     libucrt:fclose.obj
 0002:0000cae8       $unwind$_putwch_nolock     000000018002fae8     libucrt:putwch.obj
 0002:0000caf0       $unwind$common_control87   000000018002faf0     libucrt:ieee.obj
 0002:0000cb1c       $unwind$_call_matherr      000000018002fb1c     libucrt:libm_error.obj
 0002:0000cb24       $unwind$_handle_error      000000018002fb24     libucrt:libm_error.obj
 0002:0000cb44       $unwind$__acrt_initialize_fma3 000000018002fb44     libucrt:fma3_available.obj
 0002:0000cb4c       $unwind$_log_special_common 000000018002fb4c     libucrt:log_special.obj
 0002:0000cb58       $unwind$??$?RV<lambda_751a882b2c74d4b022dec766aa51a29a>@@AEAV<lambda_628dfdc04ba53c8bfc02c9951375f3f5>@@V<lambda_f6c7be5f7998530c34de24c7437d6b54>@@@?$__crt_seh_guarded_call@H@@QEAAH$$QEAV<lambda_751a882b2c74d4b022dec766aa51a29a>@@AEAV<lambda_628dfdc04ba53c8bfc02c9951375f3f5>@@$$QEAV<lambda_f6c7be5f7998530c34de24c7437d6b54>@@@Z 000000018002fb58     libucrt:close.obj
 0002:0000cb80       $xdatasym                  000000018002fb80     libucrt:fpsr.obj
 0002:0000cb88       $unwind$_raise_exc_ex      000000018002fb88     libucrt:fpexcept.obj
 0002:0000cb9c       $unwind$_ctrlfp            000000018002fb9c     libucrt:fpctrl.obj
 0002:0000cbc4       $unwind$_IsNonwritableInCurrentImage 000000018002fbc4     LIBCMT:pesect.obj
 0002:0000cd50       .edata                     000000018002fd50     OPOSCoinDispenser.exp
 0002:0000cd78       rgpv                       000000018002fd78     OPOSCoinDispenser.exp
 0002:0000cd88       rgszName                   000000018002fd88     OPOSCoinDispenser.exp
 0002:0000cd98       rgwOrd                     000000018002fd98     OPOSCoinDispenser.exp
 0002:0000cda0       szName                     000000018002fda0     OPOSCoinDispenser.exp
 0002:0000cdb6       $N00001                    000000018002fdb6     OPOSCoinDispenser.exp
 0002:0000cdc6       $N00002                    000000018002fdc6     OPOSCoinDispenser.exp
 0002:0000cdd8       $N00003                    000000018002fdd8     OPOSCoinDispenser.exp
 0002:0000cdea       $N00004                    000000018002fdea     OPOSCoinDispenser.exp
 0002:0000d71a       .idata$6                   000000018003071a     kernel32:KERNEL32.dll
 0002:0000d932       .idata$6                   0000000180030932     user32:USER32.dll
 0002:0000da66       .idata$6                   0000000180030a66     gdi32:GDI32.dll
 0002:0000db0c       .idata$6                   0000000180030b0c     advapi32:ADVAPI32.dll
 0002:0000dc28       .idata$6                   0000000180030c28     ole32:ole32.dll
 0002:0000dc32       .idata$6                   0000000180030c32     oleaut32:OLEAUT32.dll
 0003:000001c0       ?ObjectMap@@3PAU_ATL_OBJMAP_ENTRY30@ATL@@A 00000001800321c0     CoinDispenser.obj
 0003:000002e0       ?s_SOMethodNames@@3PAPEADA 00000001800322e0     CoinDispenserImpl.obj
 0003:00000380       ?s_RequiredMethodsPerRelease@@3PAHA 0000000180032380     CoinDispenserImpl.obj
 0003:000003f0       ?__vcrt_flsindex@@3KA      00000001800323f0     libvcruntime:per_thread_data.obj
 0003:00000400       ?errno_no_memory@@3HA      0000000180032400     libucrt:errno.obj
 0003:00000404       ?doserrno_no_memory@@3KA   0000000180032404     libucrt:errno.obj
 0003:00000410       ?__acrt_flsindex@@3KA      0000000180032410     libucrt:per_thread_data.obj
 0003:000008d0       _mbctypes                  00000001800328d0     libucrt:mbctype.obj
 0003:000009e0       _mbcasemaps                00000001800329e0     libucrt:mbctype.obj
 0003:00000ae0       ?__rgctypeflag@@3PADA      0000000180032ae0     libucrt:mbctype.obj
 0003:00000af0       ?__rgcode_page_info@@3PAUcode_page_info@@A 0000000180032af0     libucrt:mbctype.obj
 0003:00000d90       ?dazSupported@?1??common_control87@@9@9 0000000180032d90     libucrt:ieee.obj
 0003:00000da0       ?__dcrt_lowio_console_output_handle@@3PEAXEA 0000000180032da0     libucrt:initcon.obj
 0003:00000db0       ?dazSupported@?1??_ctrlfp@@9@9 0000000180032db0     libucrt:fpctrl.obj
 0003:00001000       ?is_initialized_as_dll@@3_NA 0000000180033000     LIBCMT:utility.obj
 0003:00001001       ?module_local_atexit_table_initialized@@3_NA 0000000180033001     LIBCMT:utility.obj
 0003:00001008       ?module_local_atexit_table@@3U_onexit_table_t@@A 0000000180033008     LIBCMT:utility.obj
 0003:00001020       ?module_local_at_quick_exit_table@@3U_onexit_table_t@@A 0000000180033020     LIBCMT:utility.obj
 0003:00001038       ?g_tss_cv@@3U_RTL_CONDITION_VARIABLE@@A 0000000180033038     LIBCMT:thread_safe_statics.obj
 0003:00001040       ?g_tss_event@@3PEAXEA      0000000180033040     LIBCMT:thread_safe_statics.obj
 0003:00001048       ?g_tss_mutex@@3U_RTL_CRITICAL_SECTION@@A 0000000180033048     LIBCMT:thread_safe_statics.obj
 0003:00001070       ?g_sleep_condition_variable_cs@@3P6AHPEAU_RTL_CONDITION_VARIABLE@@PEAU_RTL_CRITICAL_SECTION@@K@ZEA 0000000180033070     LIBCMT:thread_safe_statics.obj
 0003:00001078       ?g_wake_all_condition_variable@@3P6AXPEAU_RTL_CONDITION_VARIABLE@@@ZEA 0000000180033078     LIBCMT:thread_safe_statics.obj
 0003:00001080       GS_ExceptionRecord         0000000180033080     LIBCMT:gs_report.obj
 0003:00001120       GS_ContextRecord           0000000180033120     LIBCMT:gs_report.obj
 0003:000015f4       ?__proc_attached@@3HA      00000001800335f4     LIBCMT:dll_dllmain.obj
 0003:00001698       ?AllocateData@@3P6APEAUAtlThunkData_t@@XZEA 0000000180033698     atls:atlthunk.obj
 0003:000016a0       ?InitData@@3P6AXPEAUAtlThunkData_t@@PEAX_K@ZEA 00000001800336a0     atls:atlthunk.obj
 0003:000016a8       ?DataToCode@@3P6AP6A_JPEAUHWND__@@I_K_J@ZPEAUAtlThunkData_t@@@ZEA 00000001800336a8     atls:atlthunk.obj
 0003:000016b0       ?FreeData@@3P6AXPEAUAtlThunkData_t@@@ZEA 00000001800336b0     atls:atlthunk.obj
 0003:000016b8       ?Initialized@@3_NA         00000001800336b8     atls:atlthunk.obj
 0003:000016d0       ?__vcrt_startup_thread_ptd@@3U__vcrt_ptd@@A 00000001800336d0     libvcruntime:per_thread_data.obj
 0003:00001750       __vcrt_lock_table          0000000180033750     libvcruntime:locks.obj
 0003:00001778       __vcrt_locks_initialized   0000000180033778     libvcruntime:locks.obj
 0003:000017c0       ?heap@@3V_HeapManager@@A   00000001800337c0     libvcruntime:undname.obj
 0003:000017e8       ?module_handles@@3PAPEAUHINSTANCE__@@A 00000001800337e8     libvcruntime:winapi_downlevel.obj
 0003:00001800       ?function_pointers@@3PAPEAXA 0000000180033800     libvcruntime:winapi_downlevel.obj
 0003:00001828       ?__acrt_invalid_parameter_handler@@3V?$dual_state_global@P6AXPEB_W00I_K@Z@__crt_state_management@@A 0000000180033828     libucrt:invalid_parameter.obj
 0003:00001830       ?c_termination_complete@@3JA 0000000180033830     libucrt:exit.obj
 0003:00001838       ?thread_local_exit_callback_func@@3P6AXPEAXK0@ZEA 0000000180033838     libucrt:exit.obj
 0003:00001850       ?program_name@?1???$common_configure_argv@D@@YAHW4_crt_argv_mode@@@Z@4PADA 0000000180033850     libucrt:argv_parsing.obj
 0003:000019a8       ?__acrt_new_handler@@3V?$dual_state_global@P6AH_K@Z@__crt_state_management@@A 00000001800339a8     libucrt:new_handler.obj
 0003:000019b0       ?module_handles@@3PAPEAUHINSTANCE__@@A 00000001800339b0     libucrt:winapi_thunks.obj
 0003:00001a50       ?encoded_function_pointers@@3PAPEAXA 0000000180033a50     libucrt:winapi_thunks.obj
 0003:00001b60       ?internal_state@?1??_mbtowc_l@@9@4U_Mbstatet@@A 0000000180033b60     libucrt:mbtowc.obj
 0003:00001b78       ?enable_percent_n@@3_KA    0000000180033b78     libucrt:printf_count_output.obj
 0003:00001fb0       ?__acrt_lock_table@@3PAU_RTL_CRITICAL_SECTION@@A 0000000180033fb0     libucrt:locks.obj
 0003:000021e0       ?__acrt_locks_initialized@@3IA 00000001800341e0     libucrt:locks.obj
 0003:00002200       ?fSystemSet@@3HA           0000000180034200     libucrt:mbctype.obj
 0003:00002204       ?initialized@?1??__acrt_initialize_multibyte@@9@4_NA 0000000180034204     libucrt:mbctype.obj
 0003:00002240       ?ctrlc_action@@3V?$dual_state_global@P6AXH@Z@__crt_state_management@@A 0000000180034240     libucrt:signal.obj
 0003:00002248       ?ctrlbreak_action@@3V?$dual_state_global@P6AXH@Z@__crt_state_management@@A 0000000180034248     libucrt:signal.obj
 0003:00002250       ?abort_action@@3V?$dual_state_global@P6AXH@Z@__crt_state_management@@A 0000000180034250     libucrt:signal.obj
 0003:00002258       ?term_action@@3V?$dual_state_global@P6AXH@Z@__crt_state_management@@A 0000000180034258     libucrt:signal.obj
 0003:00002260       ?user_matherr@@3V?$dual_state_global@P6AHPEAU_exception@@@Z@__crt_state_management@@A 0000000180034260     libucrt:matherr.obj
 0003:00002268       ?__acrt_global_new_mode@@3V?$dual_state_global@J@__crt_state_management@@A 0000000180034268     libucrt:new_mode.obj
 0003:00002278       ?internal_pst@?1??__mbrtoc32_utf8@__crt_mbstring@@YA_KPEA_UPEBD_KPEAU_Mbstatet@@@Z@4U3@A 0000000180034278     libucrt:mbrtoc32.obj
 0003:00002280       ?__acrt_app_type@@3W4_crt_app_type@@A 0000000180034280     libucrt:report_runtime_error.obj
 0005:00000000       MoveSmall                  0000000180037000     libvcruntime:memcpy.obj
 0005:00000050       MsetTab                    0000000180037050     libvcruntime:memset.obj
 0006:00000220       $R000000                   0000000180038220     CoinDispenser.res
 0006:00000bc8       $R0009A8                   0000000180038bc8     CoinDispenser.res
 0006:00000cb0       $R000A90                   0000000180038cb0     CoinDispenser.res
 0006:00000f18       $R000CF8                   0000000180038f18     CoinDispenser.res
 0006:00001498       $R001278                   0000000180039498     CoinDispenser.res
 0006:00003b58       $R003938                   000000018003bb58     CoinDispenser.res
 0006:00003b98       $R003978                   000000018003bb98     CoinDispenser.res
