 OPOSCashDrawer

 Timestamp is 600f7796 (Tue Jan 26 10:59:50 2021)

 Preferred load address is 0000000180000000

 Start         Length     Name                   Class
 0001:00000000 000000c0H .text$di                CODE
 0001:000000c0 00020b90H .text$mn                CODE
 0001:00020c50 00000040H .text$mn$00             CODE
 0001:00020c90 000004b0H .text$x                 CODE
 0001:00021140 00000078H .text$yd                CODE
 0002:00000000 00000618H .idata$5                DATA
 0002:00000618 00000028H .00cfg                  DATA
 0002:00000640 00000008H .CRT$XCA                DATA
 0002:00000648 00000008H .CRT$XCL                DATA
 0002:00000650 00000020H .CRT$XCU                DATA
 0002:00000670 00000008H .CRT$XCZ                DATA
 0002:00000678 00000008H .CRT$XIA                DATA
 0002:00000680 00000020H .CRT$XIC                DATA
 0002:000006a0 00000008H .CRT$XIZ                DATA
 0002:000006a8 00000008H .CRT$XLA                DATA
 0002:000006b0 00000008H .CRT$XLZ                DATA
 0002:000006b8 00000008H .CRT$XPA                DATA
 0002:000006c0 00000010H .CRT$XPX                DATA
 0002:000006d0 00000008H .CRT$XPXA               DATA
 0002:000006d8 00000008H .CRT$XPZ                DATA
 0002:000006e0 00000008H .CRT$XTA                DATA
 0002:000006e8 00000008H .CRT$XTZ                DATA
 0002:000006f0 00000000H .gehcont$y              DATA
 0002:000006f0 00000000H .gfids$y                DATA
 0002:000006f0 0000a710H .rdata                  DATA
 0002:0000ae00 00000000H .rdata$CastGuardVftablesA DATA
 0002:0000ae00 00000000H .rdata$CastGuardVftablesC DATA
 0002:0000ae00 00000028H .rdata$T                DATA
 0002:0000ae28 00000274H .rdata$r                DATA
 0002:0000b09c 0000040cH .rdata$zzzdbg           DATA
 0002:0000b4a8 00000008H .rtc$IAA                DATA
 0002:0000b4b0 00000008H .rtc$IZZ                DATA
 0002:0000b4b8 00000008H .rtc$TAA                DATA
 0002:0000b4c0 00000008H .rtc$TZZ                DATA
 0002:0000b4c8 00000004H .tls                    DATA
 0002:0000b4cc 00000004H .tls$                   DATA
 0002:0000b4d0 00000008H .tls$ZZZ                DATA
 0002:0000b4d8 000016a8H .xdata                  DATA
 0002:0000cb80 00000150H .xdata$x                DATA
 0002:0000ccd0 00000008H ATL$__a                 DATA
 0002:0000ccd8 00000008H ATL$__z                 DATA
 0002:0000cce0 000000acH .edata                  DATA
 0002:0000cd8c 00000078H .idata$2                DATA
 0002:0000ce04 00000014H .idata$3                DATA
 0002:0000ce18 00000618H .idata$4                DATA
 0002:0000d430 00000c2aH .idata$6                DATA
 0003:00000000 00000d98H .data                   DATA
 0003:00000d98 000000c8H .data$r                 DATA
 0003:00000e60 0000141cH .bss                    DATA
 0004:00000000 00001e0cH .pdata                  DATA
 0005:00000000 00000094H _RDATA                  DATA
 0006:00000000 00000220H .rsrc$01                DATA
 0006:00000220 000038d0H .rsrc$02                DATA

  Address         Publics by Value              Rva+Base               Lib:Object

 0000:00000000       ___safe_se_handler_table   0000000000000000     <absolute>
 0000:00000000       __guard_longjmp_table      0000000000000000     <absolute>
 0000:00000000       __x64_code_ranges_to_entry_points 0000000000000000     <absolute>
 0000:00000000       __arm64x_redirection_metadata 0000000000000000     <absolute>
 0000:00000000       __guard_iat_table          0000000000000000     <absolute>
 0000:00000000       __guard_fids_count         0000000000000000     <absolute>
 0000:00000000       __arm64x_extra_rfe_table   0000000000000000     <absolute>
 0000:00000000       __guard_iat_count          0000000000000000     <absolute>
 0000:00000000       __guard_longjmp_count      0000000000000000     <absolute>
 0000:00000000       __dynamic_value_reloc_table 0000000000000000     <absolute>
 0000:00000000       __x64_code_ranges_to_entry_points_count 0000000000000000     <absolute>
 0000:00000000       __hybrid_code_map          0000000000000000     <absolute>
 0000:00000000       __hybrid_auxiliary_iat     0000000000000000     <absolute>
 0000:00000000       __volatile_metadata        0000000000000000     <absolute>
 0000:00000000       __arm64x_extra_rfe_table_size 0000000000000000     <absolute>
 0000:00000000       ___safe_se_handler_count   0000000000000000     <absolute>
 0000:00000000       __AbsoluteZero             0000000000000000     <absolute>
 0000:00000000       __guard_eh_cont_count      0000000000000000     <absolute>
 0000:00000000       __guard_fids_table         0000000000000000     <absolute>
 0000:00000000       __arm64x_redirection_metadata_count 0000000000000000     <absolute>
 0000:00000000       __enclave_config           0000000000000000     <absolute>
 0000:00000000       __guard_eh_cont_table      0000000000000000     <absolute>
 0000:00000000       __arm64x_native_entrypoint 0000000000000000     <absolute>
 0000:00000000       __hybrid_code_map_count    0000000000000000     <absolute>
 0000:00000100       __guard_flags              0000000000000100     <absolute>
 0000:00000000       __ImageBase                0000000180000000     <linker-defined>
 0001:000000c0       ?DupWide@_CW@@AEAAXXZ      00000001800010c0 f   CWString.obj
 0001:000000e8       ?cw_dup@@YAXPEBDAEAHAEAPEA_W1@Z 00000001800010e8 f   CWString.obj
 0001:000001c8       ?cw_memcpy@@YAHPEA_WPEBDH@Z 00000001800011c8 f   CWString.obj
 0001:00000214       ?cw_strcpy@@YAHPEA_WPEBD@Z 0000000180001214 f   CWString.obj
 0001:00000228       ??0CAtlComModule@ATL@@QEAA@XZ 0000000180001228 f i OposVariant.obj
 0001:000002a8       ??0CAtlWinModule@ATL@@QEAA@XZ 00000001800012a8 f i OposVariant.obj
 0001:00000314       ??0OposDispParms@@QEAA@PEAVOposVariant@@H@Z 0000000180001314 f   OposVariant.obj
 0001:000003bc       ??1OposDispParms@@QEAA@XZ  00000001800013bc f   OposVariant.obj
 0001:000003d4       ??_Estringdispid@CComTypeInfoHolder@ATL@@QEAAPEAXI@Z 00000001800013d4 f i OposVariant.obj
 0001:00000478       ?AtlWinModuleTerm@ATL@@YAJPEAU_ATL_WIN_MODULE70@1@PEAUHINSTANCE__@@@Z 0000000180001478 f i OposVariant.obj
 0001:00000528       ?ChangeBSTR@OposVariant@@QEAAXPEAPEA_WAEAJ@Z 0000000180001528 f   OposVariant.obj
 0001:00000588       ?ChangeLONG@OposVariant@@QEAAXPEAJAEAJ@Z 0000000180001588 f   OposVariant.obj
 0001:000005e4       ?GetLONG@OposVariant@@QEAAJXZ 00000001800015e4 f   OposVariant.obj
 0001:00000608       ?SetBSTR@OposVariant@@QEAAXPEA_WAEAJ@Z 0000000180001608 f   OposVariant.obj
 0001:00000648       ?SetBSTR_Copy@OposVariant@@QEAAXPEA_WAEAJ@Z 0000000180001648 f   OposVariant.obj
 0001:000006b8       ?SetBSTR_InOutPtr@OposVariant@@QEAA_NPEAPEA_WAEAJ@Z 00000001800016b8 f   OposVariant.obj
 0001:00000708       ?SetDispatch_Ptr@OposVariant@@QEAAXPEAUIDispatch@@AEAJ@Z 0000000180001708 f   OposVariant.obj
 0001:00000760       ?SetLONG@OposVariant@@QEAAXJ@Z 0000000180001760 f   OposVariant.obj
 0001:00000790       ?SetLONG_Ptr@OposVariant@@QEAAXPEAJAEAJ@Z 0000000180001790 f   OposVariant.obj
 0001:000007dc       ?SetString@OposVariant@@QEAAXPEB_WAEAJ@Z 00000001800017dc f   OposVariant.obj
 0001:00000840       ?SetVARIANT_BOOL@OposVariant@@QEAAXF@Z 0000000180001840 f   OposVariant.obj
 0001:00000878       ?Term@CAtlComModule@ATL@@QEAAXXZ 0000000180001878 f i OposVariant.obj
 0001:000008e8       ?_AtlInitializeCriticalSectionEx@ATL@@YAHPEAU_RTL_CRITICAL_SECTION@@KK@Z 00000001800018e8 f i OposVariant.obj
 0001:000008f0       ?_AtlRaiseException@ATL@@YAXKK@Z 00000001800018f0 f i OposVariant.obj
 0001:00000900       ?GetWindowProc@?$CWindowImplBaseT@VCWindow@ATL@@V?$CWinTraits@$0FGAAAAAA@$0A@@2@@ATL@@UEAAP6A_JPEAUHWND__@@I_K_J@ZXZ 0000000180001900 f i CashDrawer.obj
 0001:00000908       ?StartWindowProc@?$CWindowImplBaseT@VCWindow@ATL@@V?$CWinTraits@$0FGAAAAAA@$0A@@2@@ATL@@SA_JPEAUHWND__@@I_K_J@Z 0000000180001908 f i CashDrawer.obj
 0001:000009cc       ?OnFinalMessage@?$CWindowImplBaseT@VCWindow@ATL@@V?$CWinTraits@$0FGAAAAAA@$0A@@2@@ATL@@UEAAXPEAUHWND__@@@Z 00000001800019cc f i CashDrawer.obj
 0001:000009cc       ?ObjectMain@CComObjectRootBase@ATL@@SAX_N@Z 00000001800019cc f i CashDrawer.obj
 0001:000009cc       _guard_check_icall_nop     00000001800019cc f i LIBCMT:guard_support.obj
 0001:000009d0       ?GetTypeInfoCount@?$IDispatchImpl@UIOPOSCashDrawer@@$1?IID_IOPOSCashDrawer@@3U_GUID@@B$1?LIBID_OposCashDrawer_CCO@@3U3@B$00$0A@VCComTypeInfoHolder@ATL@@@ATL@@UEAAJPEAI@Z 00000001800019d0 f i CashDrawer.obj
 0001:000009e4       ?GetTypeInfo@?$IDispatchImpl@UIOPOSCashDrawer@@$1?IID_IOPOSCashDrawer@@3U_GUID@@B$1?LIBID_OposCashDrawer_CCO@@3U3@B$00$0A@VCComTypeInfoHolder@ATL@@@ATL@@UEAAJIKPEAPEAUITypeInfo@@@Z 00000001800019e4 f i CashDrawer.obj
 0001:00000a48       ?GetIDsOfNames@?$IDispatchImpl@UIOPOSCashDrawer@@$1?IID_IOPOSCashDrawer@@3U_GUID@@B$1?LIBID_OposCashDrawer_CCO@@3U3@B$00$0A@VCComTypeInfoHolder@ATL@@@ATL@@UEAAJAEBU_GUID@@PEAPEA_WIKPEAJ@Z 0000000180001a48 f i CashDrawer.obj
 0001:00000a54       ?Invoke@?$IDispatchImpl@UIOPOSCashDrawer@@$1?IID_IOPOSCashDrawer@@3U_GUID@@B$1?LIBID_OposCashDrawer_CCO@@3U3@B$00$0A@VCComTypeInfoHolder@ATL@@@ATL@@UEAAJJAEBU_GUID@@KGPEAUtagDISPPARAMS@@PEAUtagVARIANT@@PEAUtagEXCEPINFO@@PEAI@Z 0000000180001a54 f i CashDrawer.obj
 0001:00000ae4       ?CreateControlWindow@?$CComControl@VCOPOSCashDrawer@@V?$CWindowImpl@VCOPOSCashDrawer@@VCWindow@ATL@@V?$CWinTraits@$0FGAAAAAA@$0A@@3@@ATL@@@ATL@@UEAAPEAUHWND__@@PEAU3@AEAUtagRECT@@@Z 0000000180001ae4 f i CashDrawer.obj
 0001:00000b1c       ?ControlQueryInterface@?$CComControl@VCOPOSCashDrawer@@V?$CWindowImpl@VCOPOSCashDrawer@@VCWindow@ATL@@V?$CWinTraits@$0FGAAAAAA@$0A@@3@@ATL@@@ATL@@UEAAJAEBU_GUID@@PEAPEAX@Z 0000000180001b1c f i CashDrawer.obj
 0001:00000b30       ?GetClassID@?$IPersistStreamInitImpl@VCOPOSCashDrawer@@@ATL@@UEAAJPEAU_GUID@@@Z 0000000180001b30 f i CashDrawer.obj
 0001:00000b30       ?GetClassID@?$IPersistStorageImpl@VCOPOSCashDrawer@@@ATL@@UEAAJPEAU_GUID@@@Z 0000000180001b30 f i CashDrawer.obj
 0001:00000b30       ?GetUserClassID@?$IOleObjectImpl@VCOPOSCashDrawer@@@ATL@@UEAAJPEAU_GUID@@@Z 0000000180001b30 f i CashDrawer.obj
 0001:00000b4c       ?IsDirty@?$IPersistStreamInitImpl@VCOPOSCashDrawer@@@ATL@@UEAAJXZ 0000000180001b4c f i CashDrawer.obj
 0001:00000b68       ?Load@?$IPersistStreamInitImpl@VCOPOSCashDrawer@@@ATL@@UEAAJPEAUIStream@@@Z 0000000180001b68 f i CashDrawer.obj
 0001:00000b80       ?Save@?$IPersistStreamInitImpl@VCOPOSCashDrawer@@@ATL@@UEAAJPEAUIStream@@H@Z 0000000180001b80 f i CashDrawer.obj
 0001:00000b98       ?GetSizeMax@?$IPersistStreamInitImpl@VCOPOSCashDrawer@@@ATL@@UEAAJPEAT_ULARGE_INTEGER@@@Z 0000000180001b98 f i CashDrawer.obj
 0001:00000dc4       ?InitNew@?$IPersistStreamInitImpl@VCOPOSCashDrawer@@@ATL@@UEAAJXZ 0000000180001dc4 f i CashDrawer.obj
 0001:00000ddc       ?QueryInterface@CRegObject@ATL@@UEAAJAEBU_GUID@@PEAPEAX@Z 0000000180001ddc f i CashDrawer.obj
 0001:00000ddc       ?GetDataHere@?$IDataObjectImpl@VCOPOSCashDrawer@@@ATL@@UEAAJPEAUtagFORMATETC@@PEAUtagSTGMEDIUM@@@Z 0000000180001ddc f i CashDrawer.obj
 0001:00000ddc       ?GetColorSet@?$IViewObjectExImpl@VCOPOSCashDrawer@@@ATL@@UEAAJKJPEAXPEAUtagDVTARGETDEVICE@@PEAUHDC__@@PEAPEAUtagLOGPALETTE@@@Z 0000000180001ddc f i CashDrawer.obj
 0001:00000ddc       ?OnMnemonic@?$IOleControlImpl@VCOPOSCashDrawer@@@ATL@@UEAAJPEAUtagMSG@@@Z 0000000180001ddc f i CashDrawer.obj
 0001:00000ddc       ?SetMoniker@?$IOleObjectImpl@VCOPOSCashDrawer@@@ATL@@UEAAJKPEAUIMoniker@@@Z 0000000180001ddc f i CashDrawer.obj
 0001:00000ddc       ?GetControlInfo@?$IOleControlImpl@VCOPOSCashDrawer@@@ATL@@UEAAJPEAUtagCONTROLINFO@@@Z 0000000180001ddc f i CashDrawer.obj
 0001:00000ddc       ?InitFromData@?$IOleObjectImpl@VCOPOSCashDrawer@@@ATL@@UEAAJPEAUIDataObject@@HK@Z 0000000180001ddc f i CashDrawer.obj
 0001:00000ddc       ?SetData@?$IDataObjectImpl@VCOPOSCashDrawer@@@ATL@@UEAAJPEAUtagFORMATETC@@PEAUtagSTGMEDIUM@@H@Z 0000000180001ddc f i CashDrawer.obj
 0001:00000ddc       ?ContextSensitiveHelp@?$IOleInPlaceObjectWindowlessImpl@VCOPOSCashDrawer@@@ATL@@UEAAJH@Z 0000000180001ddc f i CashDrawer.obj
 0001:00000ddc       ?GetDropTarget@?$IOleInPlaceObjectWindowlessImpl@VCOPOSCashDrawer@@@ATL@@UEAAJPEAPEAUIDropTarget@@@Z 0000000180001ddc f i CashDrawer.obj
 0001:00000ddc       ?Unfreeze@?$IViewObjectExImpl@VCOPOSCashDrawer@@@ATL@@UEAAJK@Z 0000000180001ddc f i CashDrawer.obj
 0001:00000ddc       ?SODataDummy@COPOSCashDrawer@@MEAAJJ@Z 0000000180001ddc f i CashDrawer.obj
 0001:00000ddc       ?GetRect@?$IViewObjectExImpl@VCOPOSCashDrawer@@@ATL@@UEAAJKPEAU_RECTL@@@Z 0000000180001ddc f i CashDrawer.obj
 0001:00000ddc       ?SOOutputCompleteDummy@COPOSCashDrawer@@MEAAJJ@Z 0000000180001ddc f i CashDrawer.obj
 0001:00000ddc       ?EnumFormatEtc@?$IDataObjectImpl@VCOPOSCashDrawer@@@ATL@@UEAAJKPEAPEAUIEnumFORMATETC@@@Z 0000000180001ddc f i CashDrawer.obj
 0001:00000ddc       ?GetCanonicalFormatEtc@?$IDataObjectImpl@VCOPOSCashDrawer@@@ATL@@UEAAJPEAUtagFORMATETC@@0@Z 0000000180001ddc f i CashDrawer.obj
 0001:00000ddc       ?SOErrorDummy@COPOSCashDrawer@@MEAAJJJJPEAJ@Z 0000000180001ddc f i CashDrawer.obj
 0001:00000ddc       ?Freeze@?$IViewObjectExImpl@VCOPOSCashDrawer@@@ATL@@UEAAJKJPEAXPEAK@Z 0000000180001ddc f i CashDrawer.obj
 0001:00000ddc       ?GetMoniker@?$IOleObjectImpl@VCOPOSCashDrawer@@@ATL@@UEAAJKKPEAPEAUIMoniker@@@Z 0000000180001ddc f i CashDrawer.obj
 0001:00000ddc       ?SetColorScheme@?$IOleObjectImpl@VCOPOSCashDrawer@@@ATL@@UEAAJPEAUtagLOGPALETTE@@@Z 0000000180001ddc f i CashDrawer.obj
 0001:00000ddc       ?QueryGetData@?$IDataObjectImpl@VCOPOSCashDrawer@@@ATL@@UEAAJPEAUtagFORMATETC@@@Z 0000000180001ddc f i CashDrawer.obj
 0001:00000ddc       ?GetClipboardData@?$IOleObjectImpl@VCOPOSCashDrawer@@@ATL@@UEAAJKPEAPEAUIDataObject@@@Z 0000000180001ddc f i CashDrawer.obj
 0001:00000ddc       ?ContextSensitiveHelp@?$IOleInPlaceActiveObjectImpl@VCOPOSCashDrawer@@@ATL@@UEAAJH@Z 0000000180001ddc f i CashDrawer.obj
 0001:00000ddc       ?ReactivateAndUndo@?$IOleInPlaceObjectWindowlessImpl@VCOPOSCashDrawer@@@ATL@@UEAAJXZ 0000000180001ddc f i CashDrawer.obj
 0001:00000de4       ?Update@?$IOleObjectImpl@VCOPOSCashDrawer@@@ATL@@UEAAJXZ 0000000180001de4 f i CashDrawer.obj
 0001:00000de4       ?OnAmbientPropertyChange@?$IOleControlImpl@VCOPOSCashDrawer@@@ATL@@UEAAJJ@Z 0000000180001de4 f i CashDrawer.obj
 0001:00000de4       ?HandsOffStorage@?$IPersistStorageImpl@VCOPOSCashDrawer@@@ATL@@UEAAJXZ 0000000180001de4 f i CashDrawer.obj
 0001:00000de4       ?Release@CRegObject@ATL@@UEAAKXZ 0000000180001de4 f i CashDrawer.obj
 0001:00000de4       ?GetObjectDescription@?$CComCoClass@VCOPOSCashDrawer@@$1?CLSID_OPOSCashDrawer@@3U_GUID@@B@ATL@@SAPEB_WXZ 0000000180001de4 f i CashDrawer.obj
 0001:00000de4       ?EnableModeless@?$IOleInPlaceActiveObjectImpl@VCOPOSCashDrawer@@@ATL@@UEAAJH@Z 0000000180001de4 f i CashDrawer.obj
 0001:00000de4       ?GetCategoryMap@CComObjectRootBase@ATL@@SAPEBU_ATL_CATMAP_ENTRY@2@XZ 0000000180001de4 f i CashDrawer.obj
 0001:00000de4       ?SaveCompleted@?$IPersistStorageImpl@VCOPOSCashDrawer@@@ATL@@UEAAJPEAUIStorage@@@Z 0000000180001de4 f i CashDrawer.obj
 0001:00000de4       ?OnFrameWindowActivate@?$IOleInPlaceActiveObjectImpl@VCOPOSCashDrawer@@@ATL@@UEAAJH@Z 0000000180001de4 f i CashDrawer.obj
 0001:00000de4       ?IsUpToDate@?$IOleObjectImpl@VCOPOSCashDrawer@@@ATL@@UEAAJXZ 0000000180001de4 f i CashDrawer.obj
 0001:00000de4       ?ResizeBorder@?$IOleInPlaceActiveObjectImpl@VCOPOSCashDrawer@@@ATL@@UEAAJPEBUtagRECT@@PEAUIOleInPlaceUIWindow@@H@Z 0000000180001de4 f i CashDrawer.obj
 0001:00000de4       ?SetHostNames@?$IOleObjectImpl@VCOPOSCashDrawer@@@ATL@@UEAAJPEB_W0@Z 0000000180001de4 f i CashDrawer.obj
 0001:00000de8       ?SetClientSite@?$IOleObjectImpl@VCOPOSCashDrawer@@@ATL@@UEAAJPEAUIOleClientSite@@@Z 0000000180001de8 f i CashDrawer.obj
 0001:00000e04       ?GetClientSite@?$IOleObjectImpl@VCOPOSCashDrawer@@@ATL@@UEAAJPEAPEAUIOleClientSite@@@Z 0000000180001e04 f i CashDrawer.obj
 0001:00000e4c       ?Close@?$IOleObjectImpl@VCOPOSCashDrawer@@@ATL@@UEAAJK@Z 0000000180001e4c f i CashDrawer.obj
 0001:00000e68       ?DoVerb@?$IOleObjectImpl@VCOPOSCashDrawer@@@ATL@@UEAAJJPEAUtagMSG@@PEAUIOleClientSite@@JPEAUHWND__@@PEBUtagRECT@@@Z 0000000180001e68 f i CashDrawer.obj
 0001:0000100c       ?EnumVerbs@?$IOleObjectImpl@VCOPOSCashDrawer@@@ATL@@UEAAJPEAPEAUIEnumOLEVERB@@@Z 000000018000200c f i CashDrawer.obj
 0001:00001028       ?GetUserType@?$IOleObjectImpl@VCOPOSCashDrawer@@@ATL@@UEAAJKPEAPEA_W@Z 0000000180002028 f i CashDrawer.obj
 0001:00001038       ?SetExtent@?$IOleObjectImpl@VCOPOSCashDrawer@@@ATL@@UEAAJKPEAUtagSIZE@@@Z 0000000180002038 f i CashDrawer.obj
 0001:00001054       ?GetExtent@?$IOleObjectImpl@VCOPOSCashDrawer@@@ATL@@UEAAJKPEAUtagSIZE@@@Z 0000000180002054 f i CashDrawer.obj
 0001:00001084       ?Advise@?$IOleObjectImpl@VCOPOSCashDrawer@@@ATL@@UEAAJPEAUIAdviseSink@@PEAK@Z 0000000180002084 f i CashDrawer.obj
 0001:000010e0       ?Unadvise@?$IOleObjectImpl@VCOPOSCashDrawer@@@ATL@@UEAAJK@Z 00000001800020e0 f i CashDrawer.obj
 0001:00001118       ?EnumAdvise@?$IOleObjectImpl@VCOPOSCashDrawer@@@ATL@@UEAAJPEAPEAUIEnumSTATDATA@@@Z 0000000180002118 f i CashDrawer.obj
 0001:00001160       ?GetMiscStatus@?$IOleObjectImpl@VCOPOSCashDrawer@@@ATL@@UEAAJKPEAK@Z 0000000180002160 f i CashDrawer.obj
 0001:00001170       ?GetWindow@?$IOleInPlaceActiveObjectImpl@VCOPOSCashDrawer@@@ATL@@UEAAJPEAPEAUHWND__@@@Z 0000000180002170 f i CashDrawer.obj
 0001:000011c4       ?TranslateAcceleratorW@?$IOleInPlaceActiveObjectImpl@VCOPOSCashDrawer@@@ATL@@UEAAJPEAUtagMSG@@@Z 00000001800021c4 f i CashDrawer.obj
 0001:000012b8       ?OnDocWindowActivate@?$IOleInPlaceActiveObjectImpl@VCOPOSCashDrawer@@@ATL@@UEAAJH@Z 00000001800022b8 f i CashDrawer.obj
 0001:000012e4       ?Draw@?$IViewObjectExImpl@VCOPOSCashDrawer@@@ATL@@UEAAJKJPEAXPEAUtagDVTARGETDEVICE@@PEAUHDC__@@2PEBU_RECTL@@3P6AH_K@Z4@Z 00000001800022e4 f i CashDrawer.obj
 0001:00001348       ?SetAdvise@?$IViewObjectExImpl@VCOPOSCashDrawer@@@ATL@@UEAAJKKPEAUIAdviseSink@@@Z 0000000180002348 f i CashDrawer.obj
 0001:0000139c       ?GetAdvise@?$IViewObjectExImpl@VCOPOSCashDrawer@@@ATL@@UEAAJPEAK0PEAPEAUIAdviseSink@@@Z 000000018000239c f i CashDrawer.obj
 0001:000013d8       ?GetExtent@?$IViewObjectExImpl@VCOPOSCashDrawer@@@ATL@@UEAAJKJPEAUtagDVTARGETDEVICE@@PEAUtagSIZE@@@Z 00000001800023d8 f i CashDrawer.obj
 0001:00001408       ?GetViewStatus@?$IViewObjectExImpl@VCOPOSCashDrawer@@@ATL@@UEAAJPEAK@Z 0000000180002408 f i CashDrawer.obj
 0001:0000141c       ?QueryHitPoint@?$IViewObjectExImpl@VCOPOSCashDrawer@@@ATL@@UEAAJKPEBUtagRECT@@UtagPOINT@@JPEAK@Z 000000018000241c f i CashDrawer.obj
 0001:00001460       ?QueryHitRect@?$IViewObjectExImpl@VCOPOSCashDrawer@@@ATL@@UEAAJKPEBUtagRECT@@0JPEAK@Z 0000000180002460 f i CashDrawer.obj
 0001:000014c8       ?GetNaturalExtent@?$IViewObjectExImpl@VCOPOSCashDrawer@@@ATL@@UEAAJKJPEAUtagDVTARGETDEVICE@@PEAUHDC__@@PEAUtagExtentInfo@@PEAUtagSIZE@@@Z 00000001800024c8 f i CashDrawer.obj
 0001:00001510       ?GetWindow@?$IOleInPlaceObjectWindowlessImpl@VCOPOSCashDrawer@@@ATL@@UEAAJPEAPEAUHWND__@@@Z 0000000180002510 f i CashDrawer.obj
 0001:00001564       ?InPlaceDeactivate@?$IOleInPlaceObjectWindowlessImpl@VCOPOSCashDrawer@@@ATL@@UEAAJXZ 0000000180002564 f i CashDrawer.obj
 0001:00001580       ?UIDeactivate@?$IOleInPlaceObjectWindowlessImpl@VCOPOSCashDrawer@@@ATL@@UEAAJXZ 0000000180002580 f i CashDrawer.obj
 0001:0000159c       ?SetObjectRects@?$IOleInPlaceObjectWindowlessImpl@VCOPOSCashDrawer@@@ATL@@UEAAJPEBUtagRECT@@0@Z 000000018000259c f i CashDrawer.obj
 0001:000015b8       ?OnWindowMessage@?$IOleInPlaceObjectWindowlessImpl@VCOPOSCashDrawer@@@ATL@@UEAAJI_K_JPEA_J@Z 00000001800025b8 f i CashDrawer.obj
 0001:00001680       ?EnumConnectionPoints@?$IConnectionPointContainerImpl@VCOPOSCashDrawer@@@ATL@@UEAAJPEAPEAUIEnumConnectionPoints@@@Z 0000000180002680 f i CashDrawer.obj
 0001:000018cc       ?FindConnectionPoint@?$IConnectionPointContainerImpl@VCOPOSCashDrawer@@@ATL@@UEAAJAEBU_GUID@@PEAPEAUIConnectionPoint@@@Z 00000001800028cc f i CashDrawer.obj
 0001:0000199c       ?IsDirty@?$IPersistStorageImpl@VCOPOSCashDrawer@@@ATL@@UEAAJXZ 000000018000299c f i CashDrawer.obj
 0001:000019dc       ?InitNew@?$IPersistStorageImpl@VCOPOSCashDrawer@@@ATL@@UEAAJPEAUIStorage@@@Z 00000001800029dc f i CashDrawer.obj
 0001:00001a1c       ?Load@?$IPersistStorageImpl@VCOPOSCashDrawer@@@ATL@@UEAAJPEAUIStorage@@@Z 0000000180002a1c f i CashDrawer.obj
 0001:00001abc       ?Save@?$IPersistStorageImpl@VCOPOSCashDrawer@@@ATL@@UEAAJPEAUIStorage@@H@Z 0000000180002abc f i CashDrawer.obj
 0001:00001b6c       ?GetPages@?$ISpecifyPropertyPagesImpl@VCOPOSCashDrawer@@@ATL@@UEAAJPEAUtagCAUUID@@@Z 0000000180002b6c f i CashDrawer.obj
 0001:00001b78       ?QuickActivate@?$IQuickActivateImpl@VCOPOSCashDrawer@@@ATL@@UEAAJPEAUtagQACONTAINER@@PEAUtagQACONTROL@@@Z 0000000180002b78 f i CashDrawer.obj
 0001:00001b94       ?SetContentExtent@?$IQuickActivateImpl@VCOPOSCashDrawer@@@ATL@@UEAAJPEAUtagSIZE@@@Z 0000000180002b94 f i CashDrawer.obj
 0001:00001bc8       ?GetContentExtent@?$IQuickActivateImpl@VCOPOSCashDrawer@@@ATL@@UEAAJPEAUtagSIZE@@@Z 0000000180002bc8 f i CashDrawer.obj
 0001:00001c00       ?GetData@?$IDataObjectImpl@VCOPOSCashDrawer@@@ATL@@UEAAJPEAUtagFORMATETC@@PEAUtagSTGMEDIUM@@@Z 0000000180002c00 f i CashDrawer.obj
 0001:00001c1c       ?DAdvise@?$IDataObjectImpl@VCOPOSCashDrawer@@@ATL@@UEAAJPEAUtagFORMATETC@@KPEAUIAdviseSink@@PEAK@Z 0000000180002c1c f i CashDrawer.obj
 0001:00001ca4       ?DUnadvise@?$IDataObjectImpl@VCOPOSCashDrawer@@@ATL@@UEAAJK@Z 0000000180002ca4 f i CashDrawer.obj
 0001:00001cd0       ?EnumDAdvise@?$IDataObjectImpl@VCOPOSCashDrawer@@@ATL@@UEAAJPEAPEAUIEnumSTATDATA@@@Z 0000000180002cd0 f i CashDrawer.obj
 0001:00001d0c       ?GetClassInfoW@?$IProvideClassInfo2Impl@$1?CLSID_OPOSCashDrawer@@3U_GUID@@B$1?DIID__IOPOSCashDrawerEvents@@3U2@B$1?LIBID_OposCashDrawer_CCO@@3U2@B$00$0A@VCComTypeInfoHolder@ATL@@@ATL@@UEAAJPEAPEAUITypeInfo@@@Z 0000000180002d0c f i CashDrawer.obj
 0001:00001d64       ?GetGUID@?$IProvideClassInfo2Impl@$1?CLSID_OPOSCashDrawer@@3U_GUID@@B$1?DIID__IOPOSCashDrawerEvents@@3U2@B$1?LIBID_OposCashDrawer_CCO@@3U2@B$00$0A@VCComTypeInfoHolder@ATL@@@ATL@@UEAAJKPEAU_GUID@@@Z 0000000180002d64 f i CashDrawer.obj
 0001:00001d98       _get_startup_argv_mode     0000000180002d98 f i LIBCMT:argv_mode.obj
 0001:00001d98       ?AddRef@CRegObject@ATL@@UEAAKXZ 0000000180002d98 f i CashDrawer.obj
 0001:00001d98       ?FAccessAllowed@?$IObjectSafetyImpl@VCOPOSCashDrawer@@$02@ATL@@MEAAHXZ 0000000180002d98 f i CashDrawer.obj
 0001:00001da0       ?GetInterfaceSafetyOptions@?$IObjectSafetyImpl@VCOPOSCashDrawer@@$02@ATL@@UEAAJAEBU_GUID@@PEAK1@Z 0000000180002da0 f i CashDrawer.obj
 0001:00001e34       ?SetInterfaceSafetyOptions@?$IObjectSafetyImpl@VCOPOSCashDrawer@@$02@ATL@@UEAAJAEBU_GUID@@KK@Z 0000000180002e34 f i CashDrawer.obj
 0001:00001ed8       ?_LocCPQueryInterface@?$IConnectionPointImpl@VCOPOSCashDrawer@@$1?DIID__IOPOSCashDrawerEvents@@3U_GUID@@BVCComDynamicUnkArray@ATL@@@ATL@@UEAAJAEBU_GUID@@PEAPEAX@Z 0000000180002ed8 f i CashDrawer.obj
 0001:00001ed8       ?_LocCPQueryInterface@?$IConnectionPointImpl@VCOPOSCashDrawer@@$1?IID_IPropertyNotifySink@@3U_GUID@@BVCComDynamicUnkArray@ATL@@@ATL@@UEAAJAEBU_GUID@@PEAPEAX@Z 0000000180002ed8 f i CashDrawer.obj
 0001:00001f48       ?GetConnectionInterface@?$IConnectionPointImpl@VCOPOSCashDrawer@@$1?IID_IPropertyNotifySink@@3U_GUID@@BVCComDynamicUnkArray@ATL@@@ATL@@UEAAJPEAU_GUID@@@Z 0000000180002f48 f i CashDrawer.obj
 0001:00001f64       ?GetConnectionPointContainer@?$IConnectionPointImpl@VCOPOSCashDrawer@@$1?IID_IPropertyNotifySink@@3U_GUID@@BVCComDynamicUnkArray@ATL@@@ATL@@UEAAJPEAPEAUIConnectionPointContainer@@@Z 0000000180002f64 f i CashDrawer.obj
 0001:00001f84       ?Advise@?$IConnectionPointImpl@VCOPOSCashDrawer@@$1?IID_IPropertyNotifySink@@3U_GUID@@BVCComDynamicUnkArray@ATL@@@ATL@@UEAAJPEAUIUnknown@@PEAK@Z 0000000180002f84 f i CashDrawer.obj
 0001:00001f84       ?Advise@?$IConnectionPointImpl@VCOPOSCashDrawer@@$1?DIID__IOPOSCashDrawerEvents@@3U_GUID@@BVCComDynamicUnkArray@ATL@@@ATL@@UEAAJPEAUIUnknown@@PEAK@Z 0000000180002f84 f i CashDrawer.obj
 0001:00002040       ?Unadvise@?$IConnectionPointImpl@VCOPOSCashDrawer@@$1?IID_IPropertyNotifySink@@3U_GUID@@BVCComDynamicUnkArray@ATL@@@ATL@@UEAAJK@Z 0000000180003040 f i CashDrawer.obj
 0001:00002040       ?Unadvise@?$IConnectionPointImpl@VCOPOSCashDrawer@@$1?DIID__IOPOSCashDrawerEvents@@3U_GUID@@BVCComDynamicUnkArray@ATL@@@ATL@@UEAAJK@Z 0000000180003040 f i CashDrawer.obj
 0001:000020a8       ?EnumConnections@?$IConnectionPointImpl@VCOPOSCashDrawer@@$1?IID_IPropertyNotifySink@@3U_GUID@@BVCComDynamicUnkArray@ATL@@@ATL@@UEAAJPEAPEAUIEnumConnections@@@Z 00000001800030a8 f i CashDrawer.obj
 0001:000020a8       ?EnumConnections@?$IConnectionPointImpl@VCOPOSCashDrawer@@$1?DIID__IOPOSCashDrawerEvents@@3U_GUID@@BVCComDynamicUnkArray@ATL@@@ATL@@UEAAJPEAPEAUIEnumConnections@@@Z 00000001800030a8 f i CashDrawer.obj
 0001:00002254       ?GetConnectionInterface@?$IConnectionPointImpl@VCOPOSCashDrawer@@$1?DIID__IOPOSCashDrawerEvents@@3U_GUID@@BVCComDynamicUnkArray@ATL@@@ATL@@UEAAJPEAU_GUID@@@Z 0000000180003254 f i CashDrawer.obj
 0001:00002270       ?GetConnectionPointContainer@?$IConnectionPointImpl@VCOPOSCashDrawer@@$1?DIID__IOPOSCashDrawerEvents@@3U_GUID@@BVCComDynamicUnkArray@ATL@@@ATL@@UEAAJPEAPEAUIConnectionPointContainer@@@Z 0000000180003270 f i CashDrawer.obj
 0001:00002290       ?UpdateRegistry@COPOSCashDrawer@@SAJH@Z 0000000180003290 f i CashDrawer.obj
 0001:000022a8       ?ProcessWindowMessage@COPOSCashDrawer@@UEAAHPEAUHWND__@@I_K_JAEA_JK@Z 00000001800032a8 f i CashDrawer.obj
 0001:00002330       ?SODirectIO@COPOSCashDrawer@@MEAAJJPEAJPEAPEA_W@Z 0000000180003330 f i CashDrawer.obj
 0001:000023a8       ?SOStatusUpdate@COPOSCashDrawer@@MEAAJJ@Z 00000001800033a8 f i CashDrawer.obj
 0001:000023f8       ?Lock@CAtlModule@ATL@@UEAAJXZ 00000001800033f8 f i CashDrawer.obj
 0001:00002408       ?Unlock@CAtlModule@ATL@@UEAAJXZ 0000000180003408 f i CashDrawer.obj
 0001:00002414       ?GetLockCount@CAtlModule@ATL@@UEAAJXZ 0000000180003414 f i CashDrawer.obj
 0001:00002418       ?GetGITPtr@CAtlModule@ATL@@UEAAJPEAPEAUIGlobalInterfaceTable@@@Z 0000000180003418 f i CashDrawer.obj
 0001:00002488       ?CreateInstance@?$CComCreator@V?$CComObjectCached@VCComClassFactory@ATL@@@ATL@@@ATL@@SAJPEAXAEBU_GUID@@PEAPEAX@Z 0000000180003488 f i CashDrawer.obj
 0001:000025ac       ?CreateInstance@?$CComCreator2@V?$CComCreator@V?$CComObject@VCOPOSCashDrawer@@@ATL@@@ATL@@V?$CComCreator@V?$CComAggObject@VCOPOSCashDrawer@@@ATL@@@2@@ATL@@SAJPEAXAEBU_GUID@@PEAPEAX@Z 00000001800035ac f i CashDrawer.obj
 0001:000025bc       ?AddCommonRGSReplacements@?$CAtlModuleT@VCComModule@ATL@@@ATL@@UEAAJPEAUIRegistrarBase@@@Z 00000001800035bc f i CashDrawer.obj
 0001:000025d4       ?AddRef@?$CComObjectCached@VCComClassFactory@ATL@@@ATL@@UEAAKXZ 00000001800035d4 f i CashDrawer.obj
 0001:00002600       ?Release@?$CComObjectCached@VCComClassFactory@ATL@@@ATL@@UEAAKXZ 0000000180003600 f i CashDrawer.obj
 0001:00002640       ?QueryInterface@?$CComObjectCached@VCComClassFactory@ATL@@@ATL@@UEAAJAEBU_GUID@@PEAPEAX@Z 0000000180003640 f i CashDrawer.obj
 0001:00002654       ??_E?$CComObjectCached@VCComClassFactory@ATL@@@ATL@@UEAAPEAXI@Z 0000000180003654 f i CashDrawer.obj
 0001:00002654       ??_G?$CComObjectCached@VCComClassFactory@ATL@@@ATL@@UEAAPEAXI@Z 0000000180003654 f i CashDrawer.obj
 0001:000026ac       ?UpdateRegistryFromResourceD@CComModule@ATL@@UEAAJIHPEAU_ATL_REGMAP_ENTRY@2@@Z 00000001800036ac f i CashDrawer.obj
 0001:000026ac       ?UpdateRegistryFromResourceD@CComModule@ATL@@UEAAJPEB_WHPEAU_ATL_REGMAP_ENTRY@2@@Z 00000001800036ac f i CashDrawer.obj
 0001:000026b4       ?UpdateRegistryFromResource@CComModule@ATL@@UEAAJPEB_WHPEAU_ATL_REGMAP_ENTRY@2@@Z 00000001800036b4 f i CashDrawer.obj
 0001:000026bc       ?UpdateRegistryFromResource@CComModule@ATL@@UEAAJIHPEAU_ATL_REGMAP_ENTRY@2@@Z 00000001800036bc f i CashDrawer.obj
 0001:000026c4       ??_ECComModule@ATL@@UEAAPEAXI@Z 00000001800036c4 f i CashDrawer.obj
 0001:000026c4       ??_GCComModule@ATL@@UEAAPEAXI@Z 00000001800036c4 f i CashDrawer.obj
 0001:00002704       ?Next@?$CComEnumImpl@UIEnumConnectionPoints@@$1?_GUID_b196b285_bab4_101a_b69c_00aa00341d07@@3U__s_GUID@@BPEAUIConnectionPoint@@V?$_CopyInterface@UIConnectionPoint@@@ATL@@@ATL@@UEAAJKPEAPEAUIConnectionPoint@@PEAK@Z 0000000180003704 f i CashDrawer.obj
 0001:000027d0       ?Skip@?$CComEnumImpl@UIEnumConnectionPoints@@$1?_GUID_b196b285_bab4_101a_b69c_00aa00341d07@@3U__s_GUID@@BPEAUIConnectionPoint@@V?$_CopyInterface@UIConnectionPoint@@@ATL@@@ATL@@UEAAJK@Z 00000001800037d0 f i CashDrawer.obj
 0001:000027fc       ?Reset@?$CComEnumImpl@UIEnumConnections@@$1?_GUID_b196b287_bab4_101a_b69c_00aa00341d07@@3U__s_GUID@@BUtagCONNECTDATA@@V?$_Copy@UtagCONNECTDATA@@@ATL@@@ATL@@UEAAJXZ 00000001800037fc f i CashDrawer.obj
 0001:000027fc       ?Reset@?$CComEnumImpl@UIEnumConnectionPoints@@$1?_GUID_b196b285_bab4_101a_b69c_00aa00341d07@@3U__s_GUID@@BPEAUIConnectionPoint@@V?$_CopyInterface@UIConnectionPoint@@@ATL@@@ATL@@UEAAJXZ 00000001800037fc f i CashDrawer.obj
 0001:00002808       ?Clone@?$CComEnumImpl@UIEnumConnectionPoints@@$1?_GUID_b196b285_bab4_101a_b69c_00aa00341d07@@3U__s_GUID@@BPEAUIConnectionPoint@@V?$_CopyInterface@UIConnectionPoint@@@ATL@@@ATL@@UEAAJPEAPEAUIEnumConnectionPoints@@@Z 0000000180003808 f i CashDrawer.obj
 0001:00002934       ?AddRef@?$CComObject@V?$CComEnum@UIEnumConnectionPoints@@$1?_GUID_b196b285_bab4_101a_b69c_00aa00341d07@@3U__s_GUID@@BPEAUIConnectionPoint@@V?$_CopyInterface@UIConnectionPoint@@@ATL@@VCComSingleThreadModel@6@@ATL@@@ATL@@UEAAKXZ 0000000180003934 f i CashDrawer.obj
 0001:00002934       ?AddRef@?$CComObject@V?$CComEnum@UIEnumConnections@@$1?_GUID_b196b287_bab4_101a_b69c_00aa00341d07@@3U__s_GUID@@BUtagCONNECTDATA@@V?$_Copy@UtagCONNECTDATA@@@ATL@@VCComSingleThreadModel@6@@ATL@@@ATL@@UEAAKXZ 0000000180003934 f i CashDrawer.obj
 0001:00002940       ?Release@?$CComObject@V?$CComEnum@UIEnumConnectionPoints@@$1?_GUID_b196b285_bab4_101a_b69c_00aa00341d07@@3U__s_GUID@@BPEAUIConnectionPoint@@V?$_CopyInterface@UIConnectionPoint@@@ATL@@VCComSingleThreadModel@6@@ATL@@@ATL@@UEAAKXZ 0000000180003940 f i CashDrawer.obj
 0001:00002940       ?Release@?$CComObject@V?$CComEnum@UIEnumConnections@@$1?_GUID_b196b287_bab4_101a_b69c_00aa00341d07@@3U__s_GUID@@BUtagCONNECTDATA@@V?$_Copy@UtagCONNECTDATA@@@ATL@@VCComSingleThreadModel@6@@ATL@@@ATL@@UEAAKXZ 0000000180003940 f i CashDrawer.obj
 0001:00002994       ?QueryInterface@?$CComObject@V?$CComEnum@UIEnumConnectionPoints@@$1?_GUID_b196b285_bab4_101a_b69c_00aa00341d07@@3U__s_GUID@@BPEAUIConnectionPoint@@V?$_CopyInterface@UIConnectionPoint@@@ATL@@VCComSingleThreadModel@6@@ATL@@@ATL@@UEAAJAEBU_GUID@@PEAPEAX@Z 0000000180003994 f i CashDrawer.obj
 0001:000029a8       ??_E?$CComObject@V?$CComEnum@UIEnumConnectionPoints@@$1?_GUID_b196b285_bab4_101a_b69c_00aa00341d07@@3U__s_GUID@@BPEAUIConnectionPoint@@V?$_CopyInterface@UIConnectionPoint@@@ATL@@VCComSingleThreadModel@6@@ATL@@@ATL@@UEAAPEAXI@Z 00000001800039a8 f i CashDrawer.obj
 0001:000029a8       ??_G?$CComObject@V?$CComEnum@UIEnumConnectionPoints@@$1?_GUID_b196b285_bab4_101a_b69c_00aa00341d07@@3U__s_GUID@@BPEAUIConnectionPoint@@V?$_CopyInterface@UIConnectionPoint@@@ATL@@VCComSingleThreadModel@6@@ATL@@@ATL@@UEAAPEAXI@Z 00000001800039a8 f i CashDrawer.obj
 0001:00002a00       ?AddReplacement@CRegObject@ATL@@UEAAJPEB_W0@Z 0000000180003a00 f i CashDrawer.obj
 0001:00002a30       ?ClearReplacements@CRegObject@ATL@@UEAAJXZ 0000000180003a30 f i CashDrawer.obj
 0001:00002a3c       ??_ECRegObject@ATL@@UEAAPEAXI@Z 0000000180003a3c f i CashDrawer.obj
 0001:00002a3c       ??_GCRegObject@ATL@@UEAAPEAXI@Z 0000000180003a3c f i CashDrawer.obj
 0001:00002abc       ?AddRef@?$CComAggObject@VCOPOSCashDrawer@@@ATL@@UEAAKXZ 0000000180003abc f i CashDrawer.obj
 0001:00002ac8       ?Release@?$CComAggObject@VCOPOSCashDrawer@@@ATL@@UEAAKXZ 0000000180003ac8 f i CashDrawer.obj
 0001:00002b1c       ?QueryInterface@?$CComAggObject@VCOPOSCashDrawer@@@ATL@@UEAAJAEBU_GUID@@PEAPEAX@Z 0000000180003b1c f i CashDrawer.obj
 0001:00002b7c       ?AddRef@?$CComContainedObject@VCOPOSCashDrawer@@@ATL@@UEAAKXZ 0000000180003b7c f i CashDrawer.obj
 0001:00002b8c       ?Release@?$CComContainedObject@VCOPOSCashDrawer@@@ATL@@UEAAKXZ 0000000180003b8c f i CashDrawer.obj
 0001:00002b9c       ?QueryInterface@?$CComContainedObject@VCOPOSCashDrawer@@@ATL@@UEAAJAEBU_GUID@@PEAPEAX@Z 0000000180003b9c f i CashDrawer.obj
 0001:00002bac       ??_E?$CComAggObject@VCOPOSCashDrawer@@@ATL@@UEAAPEAXI@Z 0000000180003bac f i CashDrawer.obj
 0001:00002bac       ??_G?$CComAggObject@VCOPOSCashDrawer@@@ATL@@UEAAPEAXI@Z 0000000180003bac f i CashDrawer.obj
 0001:00002c04       ?AddRef@?$CComObject@VCOPOSCashDrawer@@@ATL@@UEAAKXZ 0000000180003c04 f i CashDrawer.obj
 0001:00002c14       ?Release@?$CComObject@VCOPOSCashDrawer@@@ATL@@UEAAKXZ 0000000180003c14 f i CashDrawer.obj
 0001:00002c6c       ?QueryInterface@?$CComObject@VCOPOSCashDrawer@@@ATL@@UEAAJAEBU_GUID@@PEAPEAX@Z 0000000180003c6c f i CashDrawer.obj
 0001:00002c80       ?OnDrawAdvanced@CComControlBase@ATL@@UEAAJAEAUATL_DRAWINFO@@@Z 0000000180003c80 f i CashDrawer.obj
 0001:00002e0c       ?Next@?$CComEnumImpl@UIEnumConnections@@$1?_GUID_b196b287_bab4_101a_b69c_00aa00341d07@@3U__s_GUID@@BUtagCONNECTDATA@@V?$_Copy@UtagCONNECTDATA@@@ATL@@@ATL@@UEAAJKPEAUtagCONNECTDATA@@PEAK@Z 0000000180003e0c f i CashDrawer.obj
 0001:00002ee0       ?Skip@?$CComEnumImpl@UIEnumConnections@@$1?_GUID_b196b287_bab4_101a_b69c_00aa00341d07@@3U__s_GUID@@BUtagCONNECTDATA@@V?$_Copy@UtagCONNECTDATA@@@ATL@@@ATL@@UEAAJK@Z 0000000180003ee0 f i CashDrawer.obj
 0001:00002f0c       ?Clone@?$CComEnumImpl@UIEnumConnections@@$1?_GUID_b196b287_bab4_101a_b69c_00aa00341d07@@3U__s_GUID@@BUtagCONNECTDATA@@V?$_Copy@UtagCONNECTDATA@@@ATL@@@ATL@@UEAAJPEAPEAUIEnumConnections@@@Z 0000000180003f0c f i CashDrawer.obj
 0001:00003038       ?QueryInterface@?$CComObject@V?$CComEnum@UIEnumConnections@@$1?_GUID_b196b287_bab4_101a_b69c_00aa00341d07@@3U__s_GUID@@BUtagCONNECTDATA@@V?$_Copy@UtagCONNECTDATA@@@ATL@@VCComSingleThreadModel@6@@ATL@@@ATL@@UEAAJAEBU_GUID@@PEAPEAX@Z 0000000180004038 f i CashDrawer.obj
 0001:0000304c       ??_E?$CComObject@V?$CComEnum@UIEnumConnections@@$1?_GUID_b196b287_bab4_101a_b69c_00aa00341d07@@3U__s_GUID@@BUtagCONNECTDATA@@V?$_Copy@UtagCONNECTDATA@@@ATL@@VCComSingleThreadModel@6@@ATL@@@ATL@@UEAAPEAXI@Z 000000018000404c f i CashDrawer.obj
 0001:0000304c       ??_G?$CComObject@V?$CComEnum@UIEnumConnections@@$1?_GUID_b196b287_bab4_101a_b69c_00aa00341d07@@3U__s_GUID@@BUtagCONNECTDATA@@V?$_Copy@UtagCONNECTDATA@@@ATL@@VCComSingleThreadModel@6@@ATL@@@ATL@@UEAAPEAXI@Z 000000018000404c f i CashDrawer.obj
 0001:000030a4       ??_E?$CComObject@VCOPOSCashDrawer@@@ATL@@W7EAAPEAXI@Z 00000001800040a4 f i CashDrawer.obj
 0001:000030b0       ??_E?$CComObject@VCOPOSCashDrawer@@@ATL@@WHA@EAAPEAXI@Z 00000001800040b0 f i CashDrawer.obj
 0001:000030bc       ?QueryInterface@?$CComObject@VCOPOSCashDrawer@@@ATL@@WLI@EAAJAEBU_GUID@@PEAPEAX@Z 00000001800040bc f i CashDrawer.obj
 0001:000030c8       ?AddRef@?$CComObject@VCOPOSCashDrawer@@@ATL@@WLI@EAAKXZ 00000001800040c8 f i CashDrawer.obj
 0001:000030d4       ?Release@?$CComObject@VCOPOSCashDrawer@@@ATL@@WLI@EAAKXZ 00000001800040d4 f i CashDrawer.obj
 0001:000030e0       ?QueryInterface@?$CComObject@VCOPOSCashDrawer@@@ATL@@WMA@EAAJAEBU_GUID@@PEAPEAX@Z 00000001800040e0 f i CashDrawer.obj
 0001:000030ec       ?AddRef@?$CComObject@VCOPOSCashDrawer@@@ATL@@WMA@EAAKXZ 00000001800040ec f i CashDrawer.obj
 0001:000030f8       ?Release@?$CComObject@VCOPOSCashDrawer@@@ATL@@WMA@EAAKXZ 00000001800040f8 f i CashDrawer.obj
 0001:00003104       ?QueryInterface@?$CComObject@VCOPOSCashDrawer@@@ATL@@WMI@EAAJAEBU_GUID@@PEAPEAX@Z 0000000180004104 f i CashDrawer.obj
 0001:00003110       ?AddRef@?$CComObject@VCOPOSCashDrawer@@@ATL@@WMI@EAAKXZ 0000000180004110 f i CashDrawer.obj
 0001:0000311c       ?Release@?$CComObject@VCOPOSCashDrawer@@@ATL@@WMI@EAAKXZ 000000018000411c f i CashDrawer.obj
 0001:00003128       ?QueryInterface@?$CComObject@VCOPOSCashDrawer@@@ATL@@WNA@EAAJAEBU_GUID@@PEAPEAX@Z 0000000180004128 f i CashDrawer.obj
 0001:00003134       ?AddRef@?$CComObject@VCOPOSCashDrawer@@@ATL@@WNA@EAAKXZ 0000000180004134 f i CashDrawer.obj
 0001:00003140       ?Release@?$CComObject@VCOPOSCashDrawer@@@ATL@@WNA@EAAKXZ 0000000180004140 f i CashDrawer.obj
 0001:0000314c       ?QueryInterface@?$CComObject@VCOPOSCashDrawer@@@ATL@@WNI@EAAJAEBU_GUID@@PEAPEAX@Z 000000018000414c f i CashDrawer.obj
 0001:00003158       ?AddRef@?$CComObject@VCOPOSCashDrawer@@@ATL@@WNI@EAAKXZ 0000000180004158 f i CashDrawer.obj
 0001:00003164       ?Release@?$CComObject@VCOPOSCashDrawer@@@ATL@@WNI@EAAKXZ 0000000180004164 f i CashDrawer.obj
 0001:00003170       ?QueryInterface@?$CComObject@VCOPOSCashDrawer@@@ATL@@WOA@EAAJAEBU_GUID@@PEAPEAX@Z 0000000180004170 f i CashDrawer.obj
 0001:0000317c       ?AddRef@?$CComObject@VCOPOSCashDrawer@@@ATL@@WOA@EAAKXZ 000000018000417c f i CashDrawer.obj
 0001:00003188       ?Release@?$CComObject@VCOPOSCashDrawer@@@ATL@@WOA@EAAKXZ 0000000180004188 f i CashDrawer.obj
 0001:00003194       ?QueryInterface@?$CComObject@VCOPOSCashDrawer@@@ATL@@WOI@EAAJAEBU_GUID@@PEAPEAX@Z 0000000180004194 f i CashDrawer.obj
 0001:000031a0       ?AddRef@?$CComObject@VCOPOSCashDrawer@@@ATL@@WOI@EAAKXZ 00000001800041a0 f i CashDrawer.obj
 0001:000031ac       ?Release@?$CComObject@VCOPOSCashDrawer@@@ATL@@WOI@EAAKXZ 00000001800041ac f i CashDrawer.obj
 0001:000031b8       ?QueryInterface@?$CComObject@VCOPOSCashDrawer@@@ATL@@WPA@EAAJAEBU_GUID@@PEAPEAX@Z 00000001800041b8 f i CashDrawer.obj
 0001:000031c4       ?AddRef@?$CComObject@VCOPOSCashDrawer@@@ATL@@WPA@EAAKXZ 00000001800041c4 f i CashDrawer.obj
 0001:000031d0       ?Release@?$CComObject@VCOPOSCashDrawer@@@ATL@@WPA@EAAKXZ 00000001800041d0 f i CashDrawer.obj
 0001:000031dc       ?QueryInterface@?$CComObject@VCOPOSCashDrawer@@@ATL@@WPI@EAAJAEBU_GUID@@PEAPEAX@Z 00000001800041dc f i CashDrawer.obj
 0001:000031e8       ?AddRef@?$CComObject@VCOPOSCashDrawer@@@ATL@@WPI@EAAKXZ 00000001800041e8 f i CashDrawer.obj
 0001:000031f4       ?Release@?$CComObject@VCOPOSCashDrawer@@@ATL@@WPI@EAAKXZ 00000001800041f4 f i CashDrawer.obj
 0001:00003200       ?QueryInterface@?$CComObject@VCOPOSCashDrawer@@@ATL@@WBAA@EAAJAEBU_GUID@@PEAPEAX@Z 0000000180004200 f i CashDrawer.obj
 0001:0000320c       ?AddRef@?$CComObject@VCOPOSCashDrawer@@@ATL@@WBAA@EAAKXZ 000000018000420c f i CashDrawer.obj
 0001:00003218       ?Release@?$CComObject@VCOPOSCashDrawer@@@ATL@@WBAA@EAAKXZ 0000000180004218 f i CashDrawer.obj
 0001:00003224       ?QueryInterface@?$CComObject@VCOPOSCashDrawer@@@ATL@@WBAI@EAAJAEBU_GUID@@PEAPEAX@Z 0000000180004224 f i CashDrawer.obj
 0001:00003230       ?AddRef@?$CComObject@VCOPOSCashDrawer@@@ATL@@WBAI@EAAKXZ 0000000180004230 f i CashDrawer.obj
 0001:0000323c       ?Release@?$CComObject@VCOPOSCashDrawer@@@ATL@@WBAI@EAAKXZ 000000018000423c f i CashDrawer.obj
 0001:00003248       ?QueryInterface@?$CComObject@VCOPOSCashDrawer@@@ATL@@WBBA@EAAJAEBU_GUID@@PEAPEAX@Z 0000000180004248 f i CashDrawer.obj
 0001:00003254       ?AddRef@?$CComObject@VCOPOSCashDrawer@@@ATL@@WBBA@EAAKXZ 0000000180004254 f i CashDrawer.obj
 0001:00003260       ?Release@?$CComObject@VCOPOSCashDrawer@@@ATL@@WBBA@EAAKXZ 0000000180004260 f i CashDrawer.obj
 0001:0000326c       ?QueryInterface@?$CComObject@VCOPOSCashDrawer@@@ATL@@WBBI@EAAJAEBU_GUID@@PEAPEAX@Z 000000018000426c f i CashDrawer.obj
 0001:00003278       ?AddRef@?$CComObject@VCOPOSCashDrawer@@@ATL@@WBBI@EAAKXZ 0000000180004278 f i CashDrawer.obj
 0001:00003284       ?Release@?$CComObject@VCOPOSCashDrawer@@@ATL@@WBBI@EAAKXZ 0000000180004284 f i CashDrawer.obj
 0001:00003290       ?AddRef@?$CComObject@VCOPOSCashDrawer@@@ATL@@WBCI@EAAKXZ 0000000180004290 f i CashDrawer.obj
 0001:0000329c       ?Release@?$CComObject@VCOPOSCashDrawer@@@ATL@@WBCI@EAAKXZ 000000018000429c f i CashDrawer.obj
 0001:000032a8       ?AddRef@?$CComObject@VCOPOSCashDrawer@@@ATL@@WBEA@EAAKXZ 00000001800042a8 f i CashDrawer.obj
 0001:000032b4       ?Release@?$CComObject@VCOPOSCashDrawer@@@ATL@@WBEA@EAAKXZ 00000001800042b4 f i CashDrawer.obj
 0001:000032c0       ??_E?$CComContainedObject@VCOPOSCashDrawer@@@ATL@@W7EAAPEAXI@Z 00000001800042c0 f i CashDrawer.obj
 0001:000032cc       ??_E?$CComContainedObject@VCOPOSCashDrawer@@@ATL@@WHA@EAAPEAXI@Z 00000001800042cc f i CashDrawer.obj
 0001:000032d8       ?QueryInterface@?$CComContainedObject@VCOPOSCashDrawer@@@ATL@@WLI@EAAJAEBU_GUID@@PEAPEAX@Z 00000001800042d8 f i CashDrawer.obj
 0001:000032e4       ?AddRef@?$CComContainedObject@VCOPOSCashDrawer@@@ATL@@WLI@EAAKXZ 00000001800042e4 f i CashDrawer.obj
 0001:000032f0       ?Release@?$CComContainedObject@VCOPOSCashDrawer@@@ATL@@WLI@EAAKXZ 00000001800042f0 f i CashDrawer.obj
 0001:000032fc       ?QueryInterface@?$CComContainedObject@VCOPOSCashDrawer@@@ATL@@WMA@EAAJAEBU_GUID@@PEAPEAX@Z 00000001800042fc f i CashDrawer.obj
 0001:00003308       ?AddRef@?$CComContainedObject@VCOPOSCashDrawer@@@ATL@@WMA@EAAKXZ 0000000180004308 f i CashDrawer.obj
 0001:00003314       ?Release@?$CComContainedObject@VCOPOSCashDrawer@@@ATL@@WMA@EAAKXZ 0000000180004314 f i CashDrawer.obj
 0001:00003320       ?QueryInterface@?$CComContainedObject@VCOPOSCashDrawer@@@ATL@@WMI@EAAJAEBU_GUID@@PEAPEAX@Z 0000000180004320 f i CashDrawer.obj
 0001:0000332c       ?AddRef@?$CComContainedObject@VCOPOSCashDrawer@@@ATL@@WMI@EAAKXZ 000000018000432c f i CashDrawer.obj
 0001:00003338       ?Release@?$CComContainedObject@VCOPOSCashDrawer@@@ATL@@WMI@EAAKXZ 0000000180004338 f i CashDrawer.obj
 0001:00003344       ?QueryInterface@?$CComContainedObject@VCOPOSCashDrawer@@@ATL@@WNA@EAAJAEBU_GUID@@PEAPEAX@Z 0000000180004344 f i CashDrawer.obj
 0001:00003350       ?AddRef@?$CComContainedObject@VCOPOSCashDrawer@@@ATL@@WNA@EAAKXZ 0000000180004350 f i CashDrawer.obj
 0001:0000335c       ?Release@?$CComContainedObject@VCOPOSCashDrawer@@@ATL@@WNA@EAAKXZ 000000018000435c f i CashDrawer.obj
 0001:00003368       ?QueryInterface@?$CComContainedObject@VCOPOSCashDrawer@@@ATL@@WNI@EAAJAEBU_GUID@@PEAPEAX@Z 0000000180004368 f i CashDrawer.obj
 0001:00003374       ?AddRef@?$CComContainedObject@VCOPOSCashDrawer@@@ATL@@WNI@EAAKXZ 0000000180004374 f i CashDrawer.obj
 0001:00003380       ?Release@?$CComContainedObject@VCOPOSCashDrawer@@@ATL@@WNI@EAAKXZ 0000000180004380 f i CashDrawer.obj
 0001:0000338c       ?QueryInterface@?$CComContainedObject@VCOPOSCashDrawer@@@ATL@@WOA@EAAJAEBU_GUID@@PEAPEAX@Z 000000018000438c f i CashDrawer.obj
 0001:00003398       ?AddRef@?$CComContainedObject@VCOPOSCashDrawer@@@ATL@@WOA@EAAKXZ 0000000180004398 f i CashDrawer.obj
 0001:000033a4       ?Release@?$CComContainedObject@VCOPOSCashDrawer@@@ATL@@WOA@EAAKXZ 00000001800043a4 f i CashDrawer.obj
 0001:000033b0       ?QueryInterface@?$CComContainedObject@VCOPOSCashDrawer@@@ATL@@WOI@EAAJAEBU_GUID@@PEAPEAX@Z 00000001800043b0 f i CashDrawer.obj
 0001:000033bc       ?AddRef@?$CComContainedObject@VCOPOSCashDrawer@@@ATL@@WOI@EAAKXZ 00000001800043bc f i CashDrawer.obj
 0001:000033c8       ?Release@?$CComContainedObject@VCOPOSCashDrawer@@@ATL@@WOI@EAAKXZ 00000001800043c8 f i CashDrawer.obj
 0001:000033d4       ?QueryInterface@?$CComContainedObject@VCOPOSCashDrawer@@@ATL@@WPA@EAAJAEBU_GUID@@PEAPEAX@Z 00000001800043d4 f i CashDrawer.obj
 0001:000033e0       ?AddRef@?$CComContainedObject@VCOPOSCashDrawer@@@ATL@@WPA@EAAKXZ 00000001800043e0 f i CashDrawer.obj
 0001:000033ec       ?Release@?$CComContainedObject@VCOPOSCashDrawer@@@ATL@@WPA@EAAKXZ 00000001800043ec f i CashDrawer.obj
 0001:000033f8       ?QueryInterface@?$CComContainedObject@VCOPOSCashDrawer@@@ATL@@WPI@EAAJAEBU_GUID@@PEAPEAX@Z 00000001800043f8 f i CashDrawer.obj
 0001:00003404       ?AddRef@?$CComContainedObject@VCOPOSCashDrawer@@@ATL@@WPI@EAAKXZ 0000000180004404 f i CashDrawer.obj
 0001:00003410       ?Release@?$CComContainedObject@VCOPOSCashDrawer@@@ATL@@WPI@EAAKXZ 0000000180004410 f i CashDrawer.obj
 0001:0000341c       ?QueryInterface@?$CComContainedObject@VCOPOSCashDrawer@@@ATL@@WBAA@EAAJAEBU_GUID@@PEAPEAX@Z 000000018000441c f i CashDrawer.obj
 0001:00003428       ?AddRef@?$CComContainedObject@VCOPOSCashDrawer@@@ATL@@WBAA@EAAKXZ 0000000180004428 f i CashDrawer.obj
 0001:00003434       ?Release@?$CComContainedObject@VCOPOSCashDrawer@@@ATL@@WBAA@EAAKXZ 0000000180004434 f i CashDrawer.obj
 0001:00003440       ?QueryInterface@?$CComContainedObject@VCOPOSCashDrawer@@@ATL@@WBAI@EAAJAEBU_GUID@@PEAPEAX@Z 0000000180004440 f i CashDrawer.obj
 0001:0000344c       ?AddRef@?$CComContainedObject@VCOPOSCashDrawer@@@ATL@@WBAI@EAAKXZ 000000018000444c f i CashDrawer.obj
 0001:00003458       ?Release@?$CComContainedObject@VCOPOSCashDrawer@@@ATL@@WBAI@EAAKXZ 0000000180004458 f i CashDrawer.obj
 0001:00003464       ?QueryInterface@?$CComContainedObject@VCOPOSCashDrawer@@@ATL@@WBBA@EAAJAEBU_GUID@@PEAPEAX@Z 0000000180004464 f i CashDrawer.obj
 0001:00003470       ?AddRef@?$CComContainedObject@VCOPOSCashDrawer@@@ATL@@WBBA@EAAKXZ 0000000180004470 f i CashDrawer.obj
 0001:0000347c       ?Release@?$CComContainedObject@VCOPOSCashDrawer@@@ATL@@WBBA@EAAKXZ 000000018000447c f i CashDrawer.obj
 0001:00003488       ?QueryInterface@?$CComContainedObject@VCOPOSCashDrawer@@@ATL@@WBBI@EAAJAEBU_GUID@@PEAPEAX@Z 0000000180004488 f i CashDrawer.obj
 0001:00003494       ?AddRef@?$CComContainedObject@VCOPOSCashDrawer@@@ATL@@WBBI@EAAKXZ 0000000180004494 f i CashDrawer.obj
 0001:000034a0       ?Release@?$CComContainedObject@VCOPOSCashDrawer@@@ATL@@WBBI@EAAKXZ 00000001800044a0 f i CashDrawer.obj
 0001:000034ac       ?AddRef@?$CComContainedObject@VCOPOSCashDrawer@@@ATL@@WBCI@EAAKXZ 00000001800044ac f i CashDrawer.obj
 0001:000034b8       ?Release@?$CComContainedObject@VCOPOSCashDrawer@@@ATL@@WBCI@EAAKXZ 00000001800044b8 f i CashDrawer.obj
 0001:000034c4       ?AddRef@?$CComContainedObject@VCOPOSCashDrawer@@@ATL@@WBEA@EAAKXZ 00000001800044c4 f i CashDrawer.obj
 0001:000034d0       ?Release@?$CComContainedObject@VCOPOSCashDrawer@@@ATL@@WBEA@EAAKXZ 00000001800044d0 f i CashDrawer.obj
 0001:000034dc       ?CreateInstance@CComClassFactory@ATL@@UEAAJPEAUIUnknown@@AEBU_GUID@@PEAPEAX@Z 00000001800044dc f i CashDrawer.obj
 0001:0000353c       ?LockServer@CComClassFactory@ATL@@UEAAJH@Z 000000018000453c f i CashDrawer.obj
 0001:00003560       ??_ECComClassFactory@ATL@@UEAAPEAXI@Z 0000000180004560 f i CashDrawer.obj
 0001:00003560       ??_GCComClassFactory@ATL@@UEAAPEAXI@Z 0000000180004560 f i CashDrawer.obj
 0001:000035b0       ??$AtlModuleRegisterWndClassInfoT@VAtlModuleRegisterWndClassInfoParamW@ATL@@@ATL@@YAGPEAU_ATL_BASE_MODULE70@0@PEAU_ATL_WIN_MODULE70@0@PEAU_ATL_WNDCLASSINFOW@0@PEAP6A_JPEAUHWND__@@I_K_J@ZVAtlModuleRegisterWndClassInfoParamW@0@@Z 00000001800045b0 f i CashDrawer.obj
 0001:000037b0       ??0?$CComContainedObject@VCOPOSCashDrawer@@@ATL@@QEAA@PEAX@Z 00000001800047b0 f i CashDrawer.obj
 0001:000038cc       ??0?$CComObject@VCOPOSCashDrawer@@@ATL@@QEAA@PEAX@Z 00000001800048cc f i CashDrawer.obj
 0001:000039e4       ??0CAtlModule@ATL@@QEAA@XZ 00000001800049e4 f i CashDrawer.obj
 0001:00003a58       ??1?$CComEnumImpl@UIEnumConnectionPoints@@$1?_GUID_b196b285_bab4_101a_b69c_00aa00341d07@@3U__s_GUID@@BPEAUIConnectionPoint@@V?$_CopyInterface@UIConnectionPoint@@@ATL@@@ATL@@UEAA@XZ 0000000180004a58 f i CashDrawer.obj
 0001:00003ab4       ??1?$CComEnumImpl@UIEnumConnections@@$1?_GUID_b196b287_bab4_101a_b69c_00aa00341d07@@3U__s_GUID@@BUtagCONNECTDATA@@V?$_Copy@UtagCONNECTDATA@@@ATL@@@ATL@@UEAA@XZ 0000000180004ab4 f i CashDrawer.obj
 0001:00003b10       ??1?$CComObject@VCOPOSCashDrawer@@@ATL@@UEAA@XZ 0000000180004b10 f i CashDrawer.obj
 0001:00003c30       ??_E?$CComContainedObject@VCOPOSCashDrawer@@@ATL@@UEAAPEAXI@Z 0000000180004c30 f i CashDrawer.obj
 0001:00003c30       ??_G?$CComContainedObject@VCOPOSCashDrawer@@@ATL@@UEAAPEAXI@Z 0000000180004c30 f i CashDrawer.obj
 0001:00003c64       ??_G?$CComObject@VCOPOSCashDrawer@@@ATL@@UEAAPEAXI@Z 0000000180004c64 f i CashDrawer.obj
 0001:00003c64       ??_E?$CComObject@VCOPOSCashDrawer@@@ATL@@UEAAPEAXI@Z 0000000180004c64 f i CashDrawer.obj
 0001:00003c98       ?Add@?$CSimpleArray@GV?$CSimpleArrayEqualHelper@G@ATL@@@ATL@@QEAAHAEBG@Z 0000000180004c98 f i CashDrawer.obj
 0001:00003d4c       ?Add@?$CSimpleMap@PEA_WPEA_WVCExpansionVectorEqualHelper@ATL@@@ATL@@QEAAHAEBQEA_W0@Z 0000000180004d4c f i CashDrawer.obj
 0001:00003dec       ?Add@CComDynamicUnkArray@ATL@@QEAAKPEAUIUnknown@@@Z 0000000180004dec f i CashDrawer.obj
 0001:00003ed8       ?Add@CExpansionVector@ATL@@QEAAHPEB_W0@Z 0000000180004ed8 f i CashDrawer.obj
 0001:0000400c       ?AddTermFunc@CAtlModule@ATL@@QEAAJP6AX_K@Z0@Z 000000018000500c f i CashDrawer.obj
 0001:000040a8       ?AddValue@CRegParser@ATL@@IEAAJAEAVCRegKey@2@PEB_WPEA_W@Z 00000001800050a8 f i CashDrawer.obj
 0001:000044f0       ?AllocateHeap@?$CTempBuffer@_W$0EAA@VCCRTAllocator@ATL@@@ATL@@AEAAX_K@Z 00000001800054f0 f i CashDrawer.obj
 0001:000044f0       ?AllocateHeap@?$CTempBuffer@_W$0BAA@VCCRTAllocator@ATL@@@ATL@@AEAAX_K@Z 00000001800054f0 f i CashDrawer.obj
 0001:000044f0       ?AllocateHeap@?$CTempBuffer@E$0BAA@VCCRTAllocator@ATL@@@ATL@@AEAAX_K@Z 00000001800054f0 f i CashDrawer.obj
 0001:0000451c       ?Append@CParseBuffer@CRegParser@ATL@@QEAAHPEB_WH@Z 000000018000551c f i CashDrawer.obj
 0001:00004664       ?AtlComModuleGetClassObject@ATL@@YAJPEAU_ATL_COM_MODULE70@1@AEBU_GUID@@1PEAPEAX@Z 0000000180005664 f i CashDrawer.obj
 0001:000047a4       ?AtlComModuleRegisterServer@ATL@@YAJPEAU_ATL_COM_MODULE70@1@HPEBU_GUID@@@Z 00000001800057a4 f i CashDrawer.obj
 0001:00004864       ?AtlComModuleUnregisterServer@ATL@@YAJPEAU_ATL_COM_MODULE70@1@HPEBU_GUID@@@Z 0000000180005864 f i CashDrawer.obj
 0001:00004920       ?AtlHiMetricToPixel@ATL@@YAXPEBUtagSIZE@@PEAU2@@Z 0000000180005920 f i CashDrawer.obj
 0001:000049d0       ?AtlHresultFromLastError@ATL@@YAJXZ 00000001800059d0 f i CashDrawer.obj
 0001:000049f0       ?AtlHresultFromWin32@ATL@@YAJK@Z 00000001800059f0 f i CashDrawer.obj
 0001:00004a00       ?AtlInternalOleLoadFromStream@ATL@@YAJPEAUIStream@@AEBU_GUID@@PEAPEAXTClassesAllowedInStream@1@K@Z 0000000180005a00 f i CashDrawer.obj
 0001:00004b44       ?AtlInternalQueryInterface@ATL@@YAJPEAXPEBU_ATL_INTMAP_ENTRY@1@AEBU_GUID@@PEAPEAX@Z 0000000180005b44 f i CashDrawer.obj
 0001:00004c4c       ?AtlLoadTypeLib@ATL@@YAJPEAUHINSTANCE__@@PEB_WPEAPEA_WPEAPEAUITypeLib@@@Z 0000000180005c4c f i CashDrawer.obj
 0001:00004ea8       ?AtlRegisterClassCategoriesHelper@ATL@@YAJAEBU_GUID@@PEBU_ATL_CATMAP_ENTRY@1@H@Z 0000000180005ea8 f i CashDrawer.obj
 0001:0000532c       ?AtlRegisterTypeLib@ATL@@YAJPEAUHINSTANCE__@@PEB_W@Z 000000018000632c f i CashDrawer.obj
 0001:00005528       ?AtlThrowImpl@ATL@@YAXJ@Z  0000000180006528 f i CashDrawer.obj
 0001:0000554c       ?AtlUnRegisterTypeLib@ATL@@YAJPEAUHINSTANCE__@@PEB_W@Z 000000018000654c f i CashDrawer.obj
 0001:00005614       ?AtlWinModuleExtractCreateWndData@ATL@@YAPEAXPEAU_ATL_WIN_MODULE70@1@@Z 0000000180006614 f i CashDrawer.obj
 0001:000056a0       ?Cleanup@CComTypeInfoHolder@ATL@@SAX_K@Z 00000001800066a0 f i CashDrawer.obj
 0001:000056e0       ?ClearReplacements@CExpansionVector@ATL@@QEAAJXZ 00000001800066e0 f i CashDrawer.obj
 0001:0000577c       ?CreateInstance@?$CComCreator@V?$CComAggObject@VCOPOSCashDrawer@@@ATL@@@ATL@@SAJPEAXAEBU_GUID@@PEAPEAX@Z 000000018000677c f i CashDrawer.obj
 0001:00005860       ?CreateInstance@?$CComCreator@V?$CComObject@VCOPOSCashDrawer@@@ATL@@@ATL@@SAJPEAXAEBU_GUID@@PEAPEAX@Z 0000000180006860 f i CashDrawer.obj
 0001:00005914       ?CreateInstance@?$CComObject@V?$CComEnum@UIEnumConnectionPoints@@$1?_GUID_b196b285_bab4_101a_b69c_00aa00341d07@@3U__s_GUID@@BPEAUIConnectionPoint@@V?$_CopyInterface@UIConnectionPoint@@@ATL@@VCComSingleThreadModel@6@@ATL@@@ATL@@SAJPEAPEAV12@@Z 0000000180006914 f i CashDrawer.obj
 0001:000059a4       ?CreateInstance@?$CComObject@V?$CComEnum@UIEnumConnections@@$1?_GUID_b196b287_bab4_101a_b69c_00aa00341d07@@3U__s_GUID@@BUtagCONNECTDATA@@V?$_Copy@UtagCONNECTDATA@@@ATL@@VCComSingleThreadModel@6@@ATL@@@ATL@@SAJPEAPEAV12@@Z 00000001800069a4 f i CashDrawer.obj
 0001:00005a34       ?DefaultReflectionHandler@?$CWindowImplRoot@VCWindow@ATL@@@ATL@@SAHPEAUHWND__@@I_K_JAEA_J@Z 0000000180006a34 f i CashDrawer.obj
 0001:00005a98       ?DeleteSubKey@CRegKey@ATL@@QEAAJPEB_W@Z 0000000180006a98 f i CashDrawer.obj
 0001:00005b30       ?DoEvent@COPOSCashDrawer@@IEAAXI_K_J@Z 0000000180006b30 f i CashDrawer.obj
 0001:00005be4       ?DoVerbPrimary@?$IOleObjectImpl@VCOPOSCashDrawer@@@ATL@@QEAAJPEBUtagRECT@@PEAUHWND__@@@Z 0000000180006be4 f i CashDrawer.obj
 0001:00005d10       ?DoVerbProperties@CComControlBase@ATL@@QEAAJPEBUtagRECT@@PEAUHWND__@@@Z 0000000180006d10 f i CashDrawer.obj
 0001:00005f38       ?FireTheEvent@?$CProxy_IOPOSEvents@VCOPOSCashDrawer@@@@IEAAXPEAVOposVariant@@IAEAJPEB_WJ@Z 0000000180006f38 f i CashDrawer.obj
 0001:00006024       ?FireViewChange@CComControlBase@ATL@@QEAAJXZ 0000000180007024 f i CashDrawer.obj
 0001:00006088       ?Fire_DirectIOEvent@?$CProxy_IOPOSEvents@VCOPOSCashDrawer@@@@QEAAXJPEAJPEAPEA_W@Z 0000000180007088 f i CashDrawer.obj
 0001:000061e8       ?Fire_StatusUpdateEvent@?$CProxy_IOPOSEvents@VCOPOSCashDrawer@@@@QEAAXJ@Z 00000001800071e8 f i CashDrawer.obj
 0001:000062d4       ?FreeHeap@?$CTempBuffer@E$0BAA@VCCRTAllocator@ATL@@@ATL@@AEAAXXZ 00000001800072d4 f i CashDrawer.obj
 0001:000062d4       ?FreeHeap@?$CTempBuffer@_W$0BAA@VCCRTAllocator@ATL@@@ATL@@AEAAXXZ 00000001800072d4 f i CashDrawer.obj
 0001:000062d4       ?FreeHeap@?$CTempBuffer@_W$0EAA@VCCRTAllocator@ATL@@@ATL@@AEAAXXZ 00000001800072d4 f i CashDrawer.obj
 0001:000062dc       ?GetAmbientLocaleID@CComControlBase@ATL@@QEAAJAEAK@Z 00000001800072dc f i CashDrawer.obj
 0001:0000639c       ?GetAmbientUserMode@CComControlBase@ATL@@QEAAJAEAH@Z 000000018000739c f i CashDrawer.obj
 0001:0000646c       ?GetClassObject@CComModule@ATL@@QEAAJAEBU_GUID@@0PEAPEAX@Z 000000018000746c f i CashDrawer.obj
 0001:00006560       ?GetConnMap@COPOSCashDrawer@@SAPEBU_ATL_CONNMAP_ENTRY@ATL@@PEAH@Z 0000000180007560 f i CashDrawer.obj
 0001:000065e8       ?GetIDsOfNames@CComTypeInfoHolder@ATL@@QEAAJAEBU_GUID@@PEAPEA_WIKPEAJ@Z 00000001800075e8 f i CashDrawer.obj
 0001:00006760       ?GetPagesHelper@?$ISpecifyPropertyPagesImpl@VCOPOSCashDrawer@@@ATL@@IEAAJPEAUtagCAUUID@@PEBUATL_PROPMAP_ENTRY@2@@Z 0000000180007760 f i CashDrawer.obj
 0001:00006900       ?GetSizeMax@CComVariant@ATL@@QEBAJPEAT_ULARGE_INTEGER@@@Z 0000000180007900 f i CashDrawer.obj
 0001:00006b30       ?GetTI@CComTypeInfoHolder@ATL@@QEAAJK@Z 0000000180007b30 f i CashDrawer.obj
 0001:00006e18       ?GetZoomInfo@CComControlBase@ATL@@QEAAXAEAUATL_DRAWINFO@@@Z 0000000180007e18 f i CashDrawer.obj
 0001:00006ebc       ?HKeyFromString@CRegParser@ATL@@KAPEAUHKEY__@@PEA_W@Z 0000000180007ebc f i CashDrawer.obj
 0001:00006f20       ?IDataObject_GetData@CComControlBase@ATL@@QEAAJPEAUtagFORMATETC@@PEAUtagSTGMEDIUM@@@Z 0000000180007f20 f i CashDrawer.obj
 0001:00007114       ?IOleInPlaceObject_InPlaceDeactivate@CComControlBase@ATL@@QEAAJXZ 0000000180008114 f i CashDrawer.obj
 0001:000071b4       ?IOleInPlaceObject_SetObjectRects@CComControlBase@ATL@@QEAAJPEBUtagRECT@@0@Z 00000001800081b4 f i CashDrawer.obj
 0001:000072a4       ?IOleInPlaceObject_UIDeactivate@CComControlBase@ATL@@QEAAJXZ 00000001800082a4 f i CashDrawer.obj
 0001:000073b0       ?IOleObject_Close@CComControlBase@ATL@@QEAAJK@Z 00000001800083b0 f i CashDrawer.obj
 0001:000074c8       ?IOleObject_SetClientSite@CComControlBase@ATL@@QEAAJPEAUIOleClientSite@@@Z 00000001800084c8 f i CashDrawer.obj
 0001:00007540       ?IOleObject_SetExtent@CComControlBase@ATL@@QEAAJKPEAUtagSIZE@@@Z 0000000180008540 f i CashDrawer.obj
 0001:000075d8       ?IPSI_GetIPersistStreamInit@?$IPersistStorageImpl@VCOPOSCashDrawer@@@ATL@@AEAAPEAUIPersistStreamInit@@XZ 00000001800085d8 f i CashDrawer.obj
 0001:000076c0       ?IPersistStreamInit_Load@?$IPersistStreamInitImpl@VCOPOSCashDrawer@@@ATL@@QEAAJPEAUIStream@@PEBUATL_PROPMAP_ENTRY@2@@Z 00000001800086c0 f i CashDrawer.obj
 0001:000079ec       ?IPersistStreamInit_Save@?$IPersistStreamInitImpl@VCOPOSCashDrawer@@@ATL@@QEAAJPEAUIStream@@HPEBUATL_PROPMAP_ENTRY@2@@Z 00000001800089ec f i CashDrawer.obj
 0001:00007c8c       ?IQuickActivate_QuickActivate@CComControlBase@ATL@@QEAAJPEAUtagQACONTAINER@@PEAUtagQACONTROL@@@Z 0000000180008c8c f i CashDrawer.obj
 0001:00007f50       ?IViewObject_Draw@CComControlBase@ATL@@QEAAJKJPEAXPEAUtagDVTARGETDEVICE@@PEAUHDC__@@2PEBU_RECTL@@3@Z 0000000180008f50 f i CashDrawer.obj
 0001:00008064       ?InPlaceActivate@CComControlBase@ATL@@QEAAJJPEBUtagRECT@@@Z 0000000180009064 f i CashDrawer.obj
 0001:00008398       ?Init@?$CComEnumImpl@UIEnumConnectionPoints@@$1?_GUID_b196b285_bab4_101a_b69c_00aa00341d07@@3U__s_GUID@@BPEAUIConnectionPoint@@V?$_CopyInterface@UIConnectionPoint@@@ATL@@@ATL@@QEAAJPEAPEAUIConnectionPoint@@0PEAUIUnknown@@W4CComEnumFlags@2@@Z 0000000180009398 f i CashDrawer.obj
 0001:000084b8       ?Init@?$CComEnumImpl@UIEnumConnections@@$1?_GUID_b196b287_bab4_101a_b69c_00aa00341d07@@3U__s_GUID@@BUtagCONNECTDATA@@V?$_Copy@UtagCONNECTDATA@@@ATL@@@ATL@@QEAAJPEAUtagCONNECTDATA@@0PEAUIUnknown@@W4CComEnumFlags@2@@Z 00000001800094b8 f i CashDrawer.obj
 0001:000085dc       ?IsEqualObject@?$CComPtrBase@UIOleClientSite@@@ATL@@QEAA_NPEAUIUnknown@@@Z 00000001800095dc f i CashDrawer.obj
 0001:00008668       ?LoadNameCache@CComTypeInfoHolder@ATL@@QEAAJPEAUITypeInfo@@@Z 0000000180009668 f i CashDrawer.obj
 0001:000087e8       ?Lookup@?$CSimpleMap@PEA_WPEA_WVCExpansionVectorEqualHelper@ATL@@@ATL@@QEBAPEA_WAEBQEA_W@Z 00000001800097e8 f i CashDrawer.obj
 0001:00008870       ?NextToken@CRegParser@ATL@@IEAAJPEA_W@Z 0000000180009870 f i CashDrawer.obj
 0001:00008a28       ?OnKillFocus@CComControlBase@ATL@@QEAA_JI_K_JAEAH@Z 0000000180009a28 f i CashDrawer.obj
 0001:00008ac4       ?OnMouseActivate@CComControlBase@ATL@@QEAA_JI_K_JAEAH@Z 0000000180009ac4 f i CashDrawer.obj
 0001:00008b64       ?OnPaint@CComControlBase@ATL@@QEAA_JI_K_JAEAH@Z 0000000180009b64 f i CashDrawer.obj
 0001:00008c50       ?OnSetFocus@CComControlBase@ATL@@QEAA_JI_K_JAEAH@Z 0000000180009c50 f i CashDrawer.obj
 0001:00008d4c       ?PreProcessBuffer@CRegParser@ATL@@QEAAJPEA_WPEAPEA_W@Z 0000000180009d4c f i CashDrawer.obj
 0001:000090d8       ?ProcessWindowMessage@?$CComControl@VCOPOSCashDrawer@@V?$CWindowImpl@VCOPOSCashDrawer@@VCWindow@ATL@@V?$CWinTraits@$0FGAAAAAA@$0A@@3@@ATL@@@ATL@@UEAAHPEAUHWND__@@I_K_JAEA_JK@Z 000000018000a0d8 f i CashDrawer.obj
 0001:000091bc       ?ReadFromStream@CComBSTR@ATL@@QEAAJPEAUIStream@@@Z 000000018000a1bc f i CashDrawer.obj
 0001:0000930c       ?ReadFromStream@CComVariant@ATL@@QEAAJPEAUIStream@@GTClassesAllowedInStream@2@K@Z 000000018000a30c f i CashDrawer.obj
 0001:00009530       ?RecurseDeleteKey@CRegKey@ATL@@QEAAJPEB_W@Z 000000018000a530 f i CashDrawer.obj
 0001:00009688       ?RegCreateKeyExW@CAtlTransactionManager@ATL@@QEAAJPEAUHKEY__@@PEB_WKPEA_WKKQEAU_SECURITY_ATTRIBUTES@@PEAPEAU3@PEAK@Z 000000018000a688 f i CashDrawer.obj
 0001:000097bc       ?RegDeleteKeyW@CAtlTransactionManager@ATL@@QEAAJPEAUHKEY__@@PEB_W@Z 000000018000a7bc f i CashDrawer.obj
 0001:00009848       ?RegOpenKeyExW@CAtlTransactionManager@ATL@@QEAAJPEAUHKEY__@@PEB_WKKPEAPEAU3@@Z 000000018000a848 f i CashDrawer.obj
 0001:00009900       ?RegisterBuffer@CRegParser@ATL@@QEAAJPEA_WH@Z 000000018000a900 f i CashDrawer.obj
 0001:00009a68       ?RegisterFromResource@CRegObject@ATL@@IEAAJPEB_W00H@Z 000000018000aa68 f i CashDrawer.obj
 0001:00009c24       ?RegisterServer@CComModule@ATL@@QEAAJHPEBU_GUID@@@Z 000000018000ac24 f i CashDrawer.obj
 0001:00009ce4       ?RegisterSubkeys@CRegParser@ATL@@IEAAJPEA_WPEAUHKEY__@@HH@Z 000000018000ace4 f i CashDrawer.obj
 0001:0000a550       ?SendOnDataChange@CComControlBase@ATL@@QEAAJK@Z 000000018000b550 f i CashDrawer.obj
 0001:0000a5c0       ?SetControlFocus@CComControlBase@ATL@@QEAAHH@Z 000000018000b5c0 f i CashDrawer.obj
 0001:0000a69c       ?SkipAssignment@CRegParser@ATL@@IEAAJPEA_W@Z 000000018000b69c f i CashDrawer.obj
 0001:0000a740       ?Term@CAtlModule@ATL@@QEAAXXZ 000000018000b740 f i CashDrawer.obj
 0001:0000a7c0       ?Term@CComModule@ATL@@QEAAXXZ 000000018000b7c0 f i CashDrawer.obj
 0001:0000a83c       ?UnregisterServer@CComModule@ATL@@QEAAJHPEBU_GUID@@@Z 000000018000b83c f i CashDrawer.obj
 0001:0000a8ec       ?UpdateRegistryFromResource@CAtlModule@ATL@@QEAAJIHPEAU_ATL_REGMAP_ENTRY@2@@Z 000000018000b8ec f i CashDrawer.obj
 0001:0000abf8       ?UpdateRegistryFromResource@CAtlModule@ATL@@QEAAJPEB_WHPEAU_ATL_REGMAP_ENTRY@2@@Z 000000018000bbf8 f i CashDrawer.obj
 0001:0000af1c       ?VTFromRegType@CRegParser@ATL@@KAHPEB_WAEAG@Z 000000018000bf1c f i CashDrawer.obj
 0001:0000afb8       ?WindowProc@?$CWindowImplBaseT@VCWindow@ATL@@V?$CWinTraits@$0FGAAAAAA@$0A@@2@@ATL@@SA_JPEAUHWND__@@I_K_J@Z 000000018000bfb8 f i CashDrawer.obj
 0001:0000b124       ?WriteToStream@CComVariant@ATL@@QEAAJPEAUIStream@@@Z 000000018000c124 f i CashDrawer.obj
 0001:0000b3a0       ?WriteToStream@CComVariant@ATL@@QEAAJPEAUIStream@@G@Z 000000018000c3a0 f i CashDrawer.obj
 0001:0000b438       ?_AtlVerifyStackAvailable@_ATL_SAFE_ALLOCA_IMPL@ATL@@YA_N_K@Z 000000018000c438 f i CashDrawer.obj
 0001:0000b4bc       ?atlCreate@?$CWindowImpl@VCOPOSCashDrawer@@VCWindow@ATL@@V?$CWinTraits@$0FGAAAAAA@$0A@@3@@ATL@@QEAAPEAUHWND__@@PEAU3@V_U_RECT@2@PEB_WKKV_U_MENUorID@2@PEAX@Z 000000018000c4bc f i CashDrawer.obj
 0001:0000b570       ?atlCreate@?$CWindowImplBaseT@VCWindow@ATL@@V?$CWinTraits@$0FGAAAAAA@$0A@@2@@ATL@@QEAAPEAUHWND__@@PEAU3@V_U_RECT@2@PEB_WKKV_U_MENUorID@2@GPEAX@Z 000000018000c570 f i CashDrawer.obj
 0001:0000b6e0       ?ocscpy_s@@YA_NPEA_W_KPEB_W@Z 000000018000c6e0 f i CashDrawer.obj
 0001:0000b790       DllCanUnloadNow            000000018000c790 f   CashDrawer.obj
 0001:0000b79c       DllGetClassObject          000000018000c79c f   CashDrawer.obj
 0001:0000b7b4       DllMain                    000000018000c7b4 f   CashDrawer.obj
 0001:0000b85c       DllRegisterServer          000000018000c85c f   CashDrawer.obj
 0001:0000b870       DllUnregisterServer        000000018000c870 f   CashDrawer.obj
 0001:0000b884       __local_stdio_printf_options 000000018000c884 f i CashDrawer.obj
 0001:0000b88c       swprintf_s                 000000018000c88c f i CashDrawer.obj
 0001:0000b8e0       ??0COPOSCashDrawer@@QEAA@XZ 000000018000c8e0 f   CashDrawerImpl.obj
 0001:0000b99c       ??1?$IConnectionPointImpl@VCOPOSCashDrawer@@$1?DIID__IOPOSCashDrawerEvents@@3U_GUID@@BVCComDynamicUnkArray@ATL@@@ATL@@QEAA@XZ 000000018000c99c f i CashDrawerImpl.obj
 0001:0000b99c       ??1?$IConnectionPointImpl@VCOPOSCashDrawer@@$1?IID_IPropertyNotifySink@@3U_GUID@@BVCComDynamicUnkArray@ATL@@@ATL@@QEAA@XZ 000000018000c99c f i CashDrawerImpl.obj
 0001:0000b9f8       ??1CComControlBase@ATL@@UEAA@XZ 000000018000c9f8 f i CashDrawerImpl.obj
 0001:0000ba74       ??1COPOSCashDrawer@@UEAA@XZ 000000018000ca74 f   CashDrawerImpl.obj
 0001:0000bad8       ?CheckHealth@COPOSCashDrawer@@UEAAJJPEAJ@Z 000000018000cad8 f   CashDrawerImpl.obj
 0001:0000bb54       ?ClaimDevice@COPOSCashDrawer@@UEAAJJPEAJ@Z 000000018000cb54 f   CashDrawerImpl.obj
 0001:0000bbec       ?Close@COPOSCashDrawer@@UEAAJPEAJ@Z 000000018000cbec f   CashDrawerImpl.obj
 0001:0000bca4       ?CompareFirmwareVersion@COPOSCashDrawer@@UEAAJPEA_WPEAJ1@Z 000000018000cca4 f   CashDrawerImpl.obj
 0001:0000bd80       ?DirectIO@COPOSCashDrawer@@UEAAJJPEAJPEAPEA_W0@Z 000000018000cd80 f   CashDrawerImpl.obj
 0001:0000be7c       ?DoInvoke@COPOSCashDrawer@@IEAAJJPEAVOposVariant@@IHPEAJ_N@Z 000000018000ce7c f   CashDrawerImpl.obj
 0001:0000bfb0       ?EventInit@COPOSCashDrawer@@IEAAJXZ 000000018000cfb0 f i CashDrawerImpl.obj
 0001:0000c0f8       ?EventUninit@COPOSCashDrawer@@IEAAXXZ 000000018000d0f8 f i CashDrawerImpl.obj
 0001:0000c15c       ?EventWindowProc@COPOSCashDrawer@@IEAA_JI_K_J@Z 000000018000d15c f i CashDrawerImpl.obj
 0001:0000c220       ?FinalConstruct@COPOSCashDrawer@@QEAAJXZ 000000018000d220 f   CashDrawerImpl.obj
 0001:0000c25c       ?FreezeEvents@COPOSCashDrawer@@MEAAJH@Z 000000018000d25c f   CashDrawerImpl.obj
 0001:0000c2d0       ?GetOposProp@COPOSCashDrawer@@IEAAJJPEAJJ@Z 000000018000d2d0 f   CashDrawerImpl.obj
 0001:0000c3ec       ?GetOposProp@COPOSCashDrawer@@IEAAJJPEAPEA_WJ@Z 000000018000d3ec f   CashDrawerImpl.obj
 0001:0000c518       ?OnDraw@COPOSCashDrawer@@MEAAJAEAUATL_DRAWINFO@@@Z 000000018000d518 f   CashDrawerImpl.obj
 0001:0000c604       ?Open@COPOSCashDrawer@@UEAAJPEA_WPEAJ@Z 000000018000d604 f   CashDrawerImpl.obj
 0001:0000ce8c       ?OpenDrawer@COPOSCashDrawer@@UEAAJPEAJ@Z 000000018000de8c f   CashDrawerImpl.obj
 0001:0000ceb4       ?ReleaseDevice@COPOSCashDrawer@@UEAAJPEAJ@Z 000000018000deb4 f   CashDrawerImpl.obj
 0001:0000cef8       ?ResetStatistics@COPOSCashDrawer@@UEAAJPEA_WPEAJ@Z 000000018000def8 f   CashDrawerImpl.obj
 0001:0000cf80       ?RetrieveStatistics@COPOSCashDrawer@@UEAAJPEAPEA_WPEAJ@Z 000000018000df80 f   CashDrawerImpl.obj
 0001:0000d008       ?SOProcessID@COPOSCashDrawer@@UEAAJPEAJ@Z 000000018000e008 f   CashDrawerImpl.obj
 0001:0000d024       ?SetCOFreezeEvents@COPOSCashDrawer@@IEAAXF@Z 000000018000e024 f   CashDrawerImpl.obj
 0001:0000d108       ?SetOposProp@COPOSCashDrawer@@IEAAJJJJ@Z 000000018000e108 f   CashDrawerImpl.obj
 0001:0000d268       ?UpdateFirmware@COPOSCashDrawer@@UEAAJPEA_WPEAJ@Z 000000018000e268 f   CashDrawerImpl.obj
 0001:0000d2f0       ?UpdateStatistics@COPOSCashDrawer@@UEAAJPEA_WPEAJ@Z 000000018000e2f0 f   CashDrawerImpl.obj
 0001:0000d378       ?WaitForDrawerClose@COPOSCashDrawer@@UEAAJJJJJPEAJ@Z 000000018000e378 f   CashDrawerImpl.obj
 0001:0000d474       ?get_BinaryConversion@COPOSCashDrawer@@UEAAJPEAJ@Z 000000018000e474 f   CashDrawerImpl.obj
 0001:0000d488       ?get_CapCompareFirmwareVersion@COPOSCashDrawer@@UEAAJPEAF@Z 000000018000e488 f   CashDrawerImpl.obj
 0001:0000d4bc       ?get_CapPowerReporting@COPOSCashDrawer@@UEAAJPEAJ@Z 000000018000e4bc f   CashDrawerImpl.obj
 0001:0000d4d0       ?get_CapStatisticsReporting@COPOSCashDrawer@@UEAAJPEAF@Z 000000018000e4d0 f   CashDrawerImpl.obj
 0001:0000d504       ?get_CapStatus@COPOSCashDrawer@@UEAAJPEAF@Z 000000018000e504 f   CashDrawerImpl.obj
 0001:0000d534       ?get_CapStatusMultiDrawerDetect@COPOSCashDrawer@@UEAAJPEAF@Z 000000018000e534 f   CashDrawerImpl.obj
 0001:0000d568       ?get_CapUpdateFirmware@COPOSCashDrawer@@UEAAJPEAF@Z 000000018000e568 f   CashDrawerImpl.obj
 0001:0000d59c       ?get_CapUpdateStatistics@COPOSCashDrawer@@UEAAJPEAF@Z 000000018000e59c f   CashDrawerImpl.obj
 0001:0000d5d0       ?get_CheckHealthText@COPOSCashDrawer@@UEAAJPEAPEA_W@Z 000000018000e5d0 f   CashDrawerImpl.obj
 0001:0000d5e0       ?get_Claimed@COPOSCashDrawer@@UEAAJPEAF@Z 000000018000e5e0 f   CashDrawerImpl.obj
 0001:0000d610       ?get_ControlObjectDescription@COPOSCashDrawer@@UEAAJPEAPEA_W@Z 000000018000e610 f   CashDrawerImpl.obj
 0001:0000d674       ?get_ControlObjectVersion@COPOSCashDrawer@@UEAAJPEAJ@Z 000000018000e674 f   CashDrawerImpl.obj
 0001:0000d680       ?get_DeviceDescription@COPOSCashDrawer@@UEAAJPEAPEA_W@Z 000000018000e680 f   CashDrawerImpl.obj
 0001:0000d690       ?get_DeviceEnabled@COPOSCashDrawer@@UEAAJPEAF@Z 000000018000e690 f   CashDrawerImpl.obj
 0001:0000d6c0       ?get_DeviceName@COPOSCashDrawer@@UEAAJPEAPEA_W@Z 000000018000e6c0 f   CashDrawerImpl.obj
 0001:0000d6d0       ?get_DrawerOpened@COPOSCashDrawer@@UEAAJPEAF@Z 000000018000e6d0 f   CashDrawerImpl.obj
 0001:0000d700       ?get_FreezeEvents@COPOSCashDrawer@@UEAAJPEAF@Z 000000018000e700 f   CashDrawerImpl.obj
 0001:0000d730       ?get_OpenResult@COPOSCashDrawer@@UEAAJPEAJ@Z 000000018000e730 f   CashDrawerImpl.obj
 0001:0000d73c       ?get_PowerNotify@COPOSCashDrawer@@UEAAJPEAJ@Z 000000018000e73c f   CashDrawerImpl.obj
 0001:0000d750       ?get_PowerState@COPOSCashDrawer@@UEAAJPEAJ@Z 000000018000e750 f   CashDrawerImpl.obj
 0001:0000d764       ?get_ResultCode@COPOSCashDrawer@@UEAAJPEAJ@Z 000000018000e764 f   CashDrawerImpl.obj
 0001:0000d7a0       ?get_ResultCodeExtended@COPOSCashDrawer@@UEAAJPEAJ@Z 000000018000e7a0 f   CashDrawerImpl.obj
 0001:0000d7b0       ?get_ServiceObjectDescription@COPOSCashDrawer@@UEAAJPEAPEA_W@Z 000000018000e7b0 f   CashDrawerImpl.obj
 0001:0000d7c0       ?get_ServiceObjectVersion@COPOSCashDrawer@@UEAAJPEAJ@Z 000000018000e7c0 f   CashDrawerImpl.obj
 0001:0000d7d0       ?get_State@COPOSCashDrawer@@UEAAJPEAJ@Z 000000018000e7d0 f   CashDrawerImpl.obj
 0001:0000d7fc       ?put_BinaryConversion@COPOSCashDrawer@@UEAAJJ@Z 000000018000e7fc f   CashDrawerImpl.obj
 0001:0000d810       ?put_DeviceEnabled@COPOSCashDrawer@@UEAAJF@Z 000000018000e810 f   CashDrawerImpl.obj
 0001:0000d828       ?put_FreezeEvents@COPOSCashDrawer@@UEAAJF@Z 000000018000e828 f   CashDrawerImpl.obj
 0001:0000d878       ?put_PowerNotify@COPOSCashDrawer@@UEAAJJ@Z 000000018000e878 f   CashDrawerImpl.obj
 0001:0000d88c       ?s_EventWindowProc@COPOSCashDrawer@@KA_JPEAUHWND__@@I_K_J@Z 000000018000e88c f i CashDrawerImpl.obj
 0001:0000d908       ??_U@YAPEAX_K@Z            000000018000e908 f   LIBCMT:new_array.obj
 0001:0000d910       ??3@YAXPEAX_K@Z            000000018000e910 f   LIBCMT:delete_scalar_size.obj
 0001:0000d910       ??_V@YAXPEAX@Z             000000018000e910 f   LIBCMT:delete_array.obj
 0001:0000d918       ??_V@YAXPEAX_K@Z           000000018000e918 f   LIBCMT:delete_array_size.obj
 0001:0000d920       __scrt_acquire_startup_lock 000000018000e920 f   LIBCMT:utility.obj
 0001:0000d95c       __scrt_dllmain_after_initialize_c 000000018000e95c f   LIBCMT:utility.obj
 0001:0000d990       __scrt_dllmain_before_initialize_c 000000018000e990 f   LIBCMT:utility.obj
 0001:0000d9a8       __scrt_dllmain_crt_thread_attach 000000018000e9a8 f   LIBCMT:utility.obj
 0001:0000d9d0       __scrt_dllmain_crt_thread_detach 000000018000e9d0 f   LIBCMT:utility.obj
 0001:0000d9e8       __scrt_dllmain_exception_filter 000000018000e9e8 f   LIBCMT:utility.obj
 0001:0000da48       __scrt_dllmain_uninitialize_c 000000018000ea48 f   LIBCMT:utility.obj
 0001:0000da78       __scrt_dllmain_uninitialize_critical 000000018000ea78 f   LIBCMT:utility.obj
 0001:0000da8c       __scrt_initialize_crt      000000018000ea8c f   LIBCMT:utility.obj
 0001:0000dad8       __scrt_initialize_onexit_tables 000000018000ead8 f   LIBCMT:utility.obj
 0001:0000db64       __scrt_is_nonwritable_in_current_image 000000018000eb64 f   LIBCMT:utility.obj
 0001:0000dbfc       __scrt_release_startup_lock 000000018000ebfc f   LIBCMT:utility.obj
 0001:0000dc20       __scrt_uninitialize_crt    000000018000ec20 f   LIBCMT:utility.obj
 0001:0000dc4c       _onexit                    000000018000ec4c f   LIBCMT:utility.obj
 0001:0000dc88       atexit                     000000018000ec88 f   LIBCMT:utility.obj
 0001:0000dca0       ??3@YAXPEAX@Z              000000018000eca0 f   LIBCMT:delete_scalar.obj
 0001:0000dda0       _Init_thread_footer        000000018000eda0 f   LIBCMT:thread_safe_statics.obj
 0001:0000de00       _Init_thread_header        000000018000ee00 f   LIBCMT:thread_safe_statics.obj
 0001:0000de68       _Init_thread_notify        000000018000ee68 f   LIBCMT:thread_safe_statics.obj
 0001:0000deac       _Init_thread_wait          000000018000eeac f   LIBCMT:thread_safe_statics.obj
 0001:0000df10       __raise_securityfailure    000000018000ef10 f   LIBCMT:gs_report.obj
 0001:0000df44       __report_gsfailure         000000018000ef44 f   LIBCMT:gs_report.obj
 0001:0000e018       __report_rangecheckfailure 000000018000f018 f   LIBCMT:gs_report.obj
 0001:0000e02c       __report_securityfailure   000000018000f02c f   LIBCMT:gs_report.obj
 0001:0000e1ac       ??2@YAPEAX_KAEBUnothrow_t@std@@@Z 000000018000f1ac f   LIBCMT:new_scalar_nothrow.obj
 0001:0000e1c0       ??_U@YAPEAX_KAEBUnothrow_t@std@@@Z 000000018000f1c0 f   LIBCMT:new_array_nothrow.obj
 0001:0000e1c8       __GSHandlerCheck           000000018000f1c8 f   LIBCMT:gshandler.obj
 0001:0000e1e8       __GSHandlerCheckCommon     000000018000f1e8 f   LIBCMT:gshandler.obj
 0001:0000e244       __GSHandlerCheck_SEH       000000018000f244 f   LIBCMT:gshandlerseh.obj
 0001:0000e2e0       __chkstk                   000000018000f2e0 f   LIBCMT:chkstk.obj
 0001:0000e2e0       _alloca_probe              000000018000f2e0 f   LIBCMT:chkstk.obj
 0001:0000e350       __security_check_cookie    000000018000f350 f   LIBCMT:amdsecgs.obj
 0001:0000e694       _DllMainCRTStartup         000000018000f694 f   LIBCMT:dll_dllmain.obj
 0001:0000e6d4       ??2@YAPEAX_K@Z             000000018000f6d4 f   LIBCMT:new_scalar.obj
 0001:0000e710       __isa_available_init       000000018000f710 f   LIBCMT:cpu_disp.obj
 0001:0000e8b4       __scrt_is_ucrt_dll_in_use  000000018000f8b4 f   LIBCMT:ucrt_detection.obj
 0001:0000e8c0       __crt_debugger_hook        000000018000f8c0 f   LIBCMT:utility_desktop.obj
 0001:0000e8c8       __scrt_fastfail            000000018000f8c8 f   LIBCMT:utility_desktop.obj
 0001:0000ea14       __security_init_cookie     000000018000fa14 f   LIBCMT:gs_support.obj
 0001:0000eac0       ?__scrt_initialize_type_info@@YAXXZ 000000018000fac0 f   LIBCMT:tncleanup.obj
 0001:0000ead0       ?__scrt_uninitialize_type_info@@YAXXZ 000000018000fad0 f   LIBCMT:tncleanup.obj
 0001:0000eadc       __local_stdio_scanf_options 000000018000fadc f i LIBCMT:default_local_stdio_options.obj
 0001:0000eae4       __scrt_initialize_default_local_stdio_options 000000018000fae4 f   LIBCMT:default_local_stdio_options.obj
 0001:0000eb00       __scrt_get_dyn_tls_init_callback 000000018000fb00 f   LIBCMT:dyn_tls_init.obj
 0001:0000eb08       _RTC_Initialize            000000018000fb08 f   LIBCMT:initsect.obj
 0001:0000eb44       _RTC_Terminate             000000018000fb44 f   LIBCMT:initsect.obj
 0001:0000eb80       ??0bad_alloc@std@@QEAA@AEBV01@@Z 000000018000fb80 f i LIBCMT:throw_bad_alloc.obj
 0001:0000ebbc       ??0bad_alloc@std@@QEAA@XZ  000000018000fbbc f i LIBCMT:throw_bad_alloc.obj
 0001:0000ebdc       ??0bad_array_new_length@std@@QEAA@AEBV01@@Z 000000018000fbdc f i LIBCMT:throw_bad_alloc.obj
 0001:0000ec18       ??0bad_array_new_length@std@@QEAA@XZ 000000018000fc18 f i LIBCMT:throw_bad_alloc.obj
 0001:0000ec38       ??0exception@std@@QEAA@AEBV01@@Z 000000018000fc38 f i LIBCMT:throw_bad_alloc.obj
 0001:0000ec6c       ??1bad_alloc@std@@UEAA@XZ  000000018000fc6c f i LIBCMT:throw_bad_alloc.obj
 0001:0000ec6c       ??1bad_array_new_length@std@@UEAA@XZ 000000018000fc6c f i LIBCMT:throw_bad_alloc.obj
 0001:0000ec6c       ??1bad_exception@std@@UEAA@XZ 000000018000fc6c f i libvcruntime:frame.obj
 0001:0000ec80       ??_Ebad_array_new_length@std@@UEAAPEAXI@Z 000000018000fc80 f i LIBCMT:throw_bad_alloc.obj
 0001:0000ec80       ??_Gbad_exception@std@@UEAAPEAXI@Z 000000018000fc80 f i libvcruntime:frame.obj
 0001:0000ec80       ??_Gbad_array_new_length@std@@UEAAPEAXI@Z 000000018000fc80 f i LIBCMT:throw_bad_alloc.obj
 0001:0000ec80       ??_Gbad_alloc@std@@UEAAPEAXI@Z 000000018000fc80 f i LIBCMT:throw_bad_alloc.obj
 0001:0000ec80       ??_Ebad_exception@std@@UEAAPEAXI@Z 000000018000fc80 f i libvcruntime:frame.obj
 0001:0000ec80       ??_Eexception@std@@UEAAPEAXI@Z 000000018000fc80 f i LIBCMT:throw_bad_alloc.obj
 0001:0000ec80       ??_Gexception@std@@UEAAPEAXI@Z 000000018000fc80 f i LIBCMT:throw_bad_alloc.obj
 0001:0000ec80       ??_Ebad_alloc@std@@UEAAPEAXI@Z 000000018000fc80 f i LIBCMT:throw_bad_alloc.obj
 0001:0000ecc4       ?__scrt_throw_std_bad_alloc@@YAXXZ 000000018000fcc4 f   LIBCMT:throw_bad_alloc.obj
 0001:0000ece4       ?__scrt_throw_std_bad_array_new_length@@YAXXZ 000000018000fce4 f   LIBCMT:throw_bad_alloc.obj
 0001:0000ed04       ?what@exception@std@@UEBAPEBDXZ 000000018000fd04 f i LIBCMT:throw_bad_alloc.obj
 0001:0000ed20       ??_Etype_info@@UEAAPEAXI@Z 000000018000fd20 f i LIBCMT:std_type_info_static.obj
 0001:0000ed20       ??_Gtype_info@@UEAAPEAXI@Z 000000018000fd20 f i LIBCMT:std_type_info_static.obj
 0001:0000ed4c       ??0CAtlBaseModule@ATL@@QEAA@XZ 000000018000fd4c f   atls:atlbase.obj
 0001:0000edf4       ??1CAtlBaseModule@ATL@@QEAA@XZ 000000018000fdf4 f   atls:atlbase.obj
 0001:0000ef28       ?__AllocStdCallThunk_cmn@@YAPEAXXZ 000000018000ff28 f   atls:atlthunk.obj
 0001:0000f080       AtlThunk_AllocateData      0000000180010080 f   atls:atlthunk.obj
 0001:0000f0fc       AtlThunk_DataToCode        00000001800100fc f   atls:atlthunk.obj
 0001:0000f150       AtlThunk_FreeData          0000000180010150 f   atls:atlthunk.obj
 0001:0000f1b0       AtlThunk_InitData          00000001800101b0 f   atls:atlthunk.obj
 0001:0000f258       _get_purecall_handler      0000000180010258 f   libvcruntime:purevirt.obj
 0001:0000f260       _purecall                  0000000180010260 f   libvcruntime:purevirt.obj
 0001:0000f27c       wcsstr                     000000018001027c f   libvcruntime:wcsstr.obj
 0001:0000f4b0       memcmp                     00000001800104b0 f   libvcruntime:memcmp.obj
 0001:0000f590       memcpy_repmovs             0000000180010590 f   libvcruntime:memcpy.obj
 0001:0000f5b0       memmove                    00000001800105b0 f   libvcruntime:memcpy.obj
 0001:0000f5b0       memcpy                     00000001800105b0 f   libvcruntime:memcpy.obj
 0001:0000f9a0       memset_repmovs             00000001800109a0 f   libvcruntime:memset.obj
 0001:0000f9c0       memset                     00000001800109c0 f   libvcruntime:memset.obj
 0001:0000fb50       __vcrt_initialize          0000000180010b50 f   libvcruntime:initialization.obj
 0001:0000fb78       __vcrt_thread_attach       0000000180010b78 f   libvcruntime:initialization.obj
 0001:0000fb8c       __vcrt_thread_detach       0000000180010b8c f   libvcruntime:initialization.obj
 0001:0000fba0       __vcrt_uninitialize        0000000180010ba0 f   libvcruntime:initialization.obj
 0001:0000fbbc       __vcrt_uninitialize_critical 0000000180010bbc f   libvcruntime:initialization.obj
 0001:0000fbcc       __C_specific_handler       0000000180010bcc f   libvcruntime:riscchandler.obj
 0001:0000fdd8       ??$_CallSETranslator@V__FrameHandler4@@@@YAHPEAUEHExceptionRecord@@PEA_KPEAU_CONTEXT@@PEAU_xDISPATCHER_CONTEXT@@PEAUFuncInfo4@FH4@@K1H@Z 0000000180010dd8 f i libvcruntime:risctrnsctrl.obj
 0001:0000fe2c       ?DecompFuncInfo@FH4@@YA_JPEAEAEAUFuncInfo4@1@_KH_N@Z 0000000180010e2c f i libvcruntime:risctrnsctrl.obj
 0001:0000ff50       ?ExecutionInCatch@__FrameHandler4@@SA_NPEAU_xDISPATCHER_CONTEXT@@PEAUFuncInfo4@FH4@@@Z 0000000180010f50 f   libvcruntime:risctrnsctrl.obj
 0001:0000ff58       ?FrameUnwindToEmptyState@__FrameHandler4@@SAXPEA_KPEAU_xDISPATCHER_CONTEXT@@PEAUFuncInfo4@FH4@@@Z 0000000180010f58 f   libvcruntime:risctrnsctrl.obj
 0001:0000ff8c       ?GetEstablisherFrame@__FrameHandler4@@SAPEA_KPEA_KPEAU_xDISPATCHER_CONTEXT@@PEAUFuncInfo4@FH4@@0@Z 0000000180010f8c f   libvcruntime:risctrnsctrl.obj
 0001:0000ffb0       ?GetRangeOfTrysToCheck@__FrameHandler4@@SA?AU?$pair@Viterator@TryBlockMap4@FH4@@V123@@std@@AEAVTryBlockMap4@FH4@@HPEAU_xDISPATCHER_CONTEXT@@PEAUFuncInfo4@5@H@Z 0000000180010fb0 f   libvcruntime:risctrnsctrl.obj
 0001:00010118       ?UnwindNestedFrames@__FrameHandler4@@SAXPEA_KPEAUEHExceptionRecord@@PEAU_CONTEXT@@0PEAXPEAUFuncInfo4@FH4@@HHPEAUHandlerType4@5@PEAU_xDISPATCHER_CONTEXT@@E@Z 0000000180011118 f   libvcruntime:risctrnsctrl.obj
 0001:00010238       ?setBuffer@TryBlockMap4@FH4@@QEAAXViterator@12@@Z 0000000180011238 f i libvcruntime:risctrnsctrl.obj
 0001:000103f8       _CreateFrameInfo           00000001800113f8 f   libvcruntime:risctrnsctrl.obj
 0001:00010434       _FindAndUnlinkFrame        0000000180011434 f   libvcruntime:risctrnsctrl.obj
 0001:00010488       _GetImageBase              0000000180011488 f   libvcruntime:risctrnsctrl.obj
 0001:0001049c       _GetThrowImageBase         000000018001149c f   libvcruntime:risctrnsctrl.obj
 0001:000104b0       _SetImageBase              00000001800114b0 f   libvcruntime:risctrnsctrl.obj
 0001:000104c8       _SetThrowImageBase         00000001800114c8 f   libvcruntime:risctrnsctrl.obj
[...]
 0002:0000c41c       $unwind$terminate          000000018002f41c     libucrt:terminate.obj
 0002:0000c43c       $unwind$??$parse_integer@KV?$c_string_character_source@_W@__crt_strtox@@@__crt_strtox@@YAKQEAU__crt_locale_pointers@@V?$c_string_character_source@_W@0@H_N@Z 000000018002f43c     libucrt:atox.obj
 0002:0000c458       $xdatasym                  000000018002f458     libucrt:strncmp.obj
 0002:0000c45c       $unwind$?construct_ptd_array@@YAXQEAU__acrt_ptd@@@Z 000000018002f45c     libucrt:per_thread_data.obj
 0002:0000c464       $unwind$?destroy_ptd_array@@YAXQEAU__acrt_ptd@@@Z 000000018002f464     libucrt:per_thread_data.obj
 0002:0000c46c       $unwind$??$?RV<lambda_0ae27a3a962d80f24befdcbee591983d>@@AEAV<lambda_8d0ee55de4b1038c4002e0adecdf1839>@@V<lambda_dc504788e8f1664fe9b84e20bfb512f2>@@@?$__crt_seh_guarded_call@X@@QEAAX$$QEAV<lambda_0ae27a3a962d80f24befdcbee591983d>@@AEAV<lambda_8d0ee55de4b1038c4002e0adecdf1839>@@$$QEAV<lambda_dc504788e8f1664fe9b84e20bfb512f2>@@@Z 000000018002f46c     libucrt:per_thread_data.obj
 0002:0000c490       $unwind$??$?RV<lambda_aa87e3671a710a21b5dc78c0bdf72e11>@@AEAV<lambda_92619d2358a28f41a33ba319515a20b9>@@V<lambda_6992ecaafeb10aed2b74cb1fae11a551>@@@?$__crt_seh_guarded_call@X@@QEAAX$$QEAV<lambda_aa87e3671a710a21b5dc78c0bdf72e11>@@AEAV<lambda_92619d2358a28f41a33ba319515a20b9>@@$$QEAV<lambda_6992ecaafeb10aed2b74cb1fae11a551>@@@Z 000000018002f490     libucrt:per_thread_data.obj
 0002:0000c4b4       $unwind$??$?RV<lambda_f2e299630e499de9f9a165e60fcd3db5>@@AEAV<lambda_2ae9d31cdba2644fcbeaf08da7c24588>@@V<lambda_40d01ff24d0e7b3814fdbdcee8eab3c7>@@@?$__crt_seh_guarded_call@X@@QEAAX$$QEAV<lambda_f2e299630e499de9f9a165e60fcd3db5>@@AEAV<lambda_2ae9d31cdba2644fcbeaf08da7c24588>@@$$QEAV<lambda_40d01ff24d0e7b3814fdbdcee8eab3c7>@@@Z 000000018002f4b4     libucrt:per_thread_data.obj
 0002:0000c4d8       $unwind$??$?RV<lambda_2d41944a1d46af3157314b8a01080d33>@@AEAV<lambda_8f455de75cd7d7f24b4096f044d8b9e6>@@V<lambda_aa500f224e6afead328df44964fe2772>@@@?$__crt_seh_guarded_call@X@@QEAAX$$QEAV<lambda_2d41944a1d46af3157314b8a01080d33>@@AEAV<lambda_8f455de75cd7d7f24b4096f044d8b9e6>@@$$QEAV<lambda_aa500f224e6afead328df44964fe2772>@@@Z 000000018002f4d8     libucrt:per_thread_data.obj
 0002:0000c4fc       $unwind$__acrt_initialize_winapi_thunks 000000018002f4fc     libucrt:winapi_thunks.obj
 0002:0000c504       $unwind$__acrt_fp_format   000000018002f504     libucrt:cvt.obj
 0002:0000c51c       $unwind$?fp_format_e_internal@@YAHQEAD_KH_NIQEAU_strflt@@2QEAU__crt_locale_pointers@@@Z 000000018002f51c     libucrt:cvt.obj
 0002:0000c534       $unwind$?fp_format_a@@YAHQEBNPEAD_KQEAD2H_NIQEAU__crt_locale_pointers@@W4__acrt_rounding_mode@@@Z 000000018002f534     libucrt:cvt.obj
 0002:0000c550       $unwind$?fp_format_g@@YAHQEBNQEAD_K12H_NIQEAU__crt_locale_pointers@@@Z 000000018002f550     libucrt:cvt.obj
 0002:0000c564       $unwind$__acrt_uninitialize_locale 000000018002f564     libucrt:wsetlocale.obj
 0002:0000c564       $unwind$__acrt_get_sigabrt_handler 000000018002f564     libucrt:signal.obj
 0002:0000c56c       $unwind$??$?RV<lambda_410d79af7f07d98d83a3f525b3859a53>@@AEAV<lambda_3e16ef9562a7dcce91392c22ab16ea36>@@V<lambda_38119f0e861e05405d8a144b9b982f0a>@@@?$__crt_seh_guarded_call@X@@QEAAX$$QEAV<lambda_410d79af7f07d98d83a3f525b3859a53>@@AEAV<lambda_3e16ef9562a7dcce91392c22ab16ea36>@@$$QEAV<lambda_38119f0e861e05405d8a144b9b982f0a>@@@Z 000000018002f56c     libucrt:wsetlocale.obj
 0002:0000c594       $unwind$__acrt_initialize_lowio 000000018002f594     libucrt:ioinit.obj
 0002:0000c5b4       $unwind$??$common_expand_argv_wildcards@D@@YAHQEAPEADQEAPEAPEAD@Z 000000018002f5b4     libucrt:argv_wildcards.obj
 0002:0000c5cc       $unwind$??$copy_and_add_argument_to_buffer@D@@YAHQEBD0_KAEAV?$argument_list@D@?A0x5f5c8891@@@Z 000000018002f5cc     libucrt:argv_wildcards.obj
 0002:0000c5e8       $unwind$??$expand_argument_wildcards@D@@YAHQEAD0AEAV?$argument_list@D@?A0x5f5c8891@@@Z 000000018002f5e8     libucrt:argv_wildcards.obj
 0002:0000c60c       $unwind$__acrt_GetModuleFileNameA 000000018002f60c     libucrt:getmodulefilenamea.obj
 0002:0000c628       $unwind$_setmbcp_nolock    000000018002f628     libucrt:mbctype.obj
 0002:0000c648       $unwind$?update_thread_multibyte_data_internal@@YAPEAU__crt_multibyte_data@@QEAU__acrt_ptd@@QEAPEAU1@@Z 000000018002f648     libucrt:mbctype.obj
 0002:0000c670       $unwind$?setmbcp_internal@@YAHH_NQEAU__acrt_ptd@@QEAPEAU__crt_multibyte_data@@@Z 000000018002f670     libucrt:mbctype.obj
 0002:0000c680       $unwind$?setSBUpLow@@YAXPEAU__crt_multibyte_data@@@Z 000000018002f680     libucrt:mbctype.obj
 0002:0000c69c       $unwind$??$?RV<lambda_efdfa57d1f175319df784efa44bb7b81>@@AEAV<lambda_5f0a4c1567f8adc6734073e5d1e1b35c>@@V<lambda_2e8a7d3640ea6ccb4c2413664c2db6fd>@@@?$__crt_seh_guarded_call@X@@QEAAX$$QEAV<lambda_efdfa57d1f175319df784efa44bb7b81>@@AEAV<lambda_5f0a4c1567f8adc6734073e5d1e1b35c>@@$$QEAV<lambda_2e8a7d3640ea6ccb4c2413664c2db6fd>@@@Z 000000018002f69c     libucrt:mbctype.obj
 0002:0000c6c0       $unwind$__acrt_WideCharToMultiByte 000000018002f6c0     libucrt:widechartomultibyte.obj
 0002:0000c6cc       $unwind$raise              000000018002f6cc     libucrt:signal.obj
 0002:0000c708       $unwind$??$?RV<lambda_450d765d439847d4c735a33c368b5fc0>@@AEAV<lambda_44731a7d0e6d81c3e6aa82d741081786>@@V<lambda_601a2a7da3b7a96e9554ac7215c4b07c>@@@?$__crt_seh_guarded_call@P6AXH@Z@@QEAAP6AXH@Z$$QEAV<lambda_450d765d439847d4c735a33c368b5fc0>@@AEAV<lambda_44731a7d0e6d81c3e6aa82d741081786>@@$$QEAV<lambda_601a2a7da3b7a96e9554ac7215c4b07c>@@@Z 000000018002f708     libucrt:signal.obj
 0002:0000c72c       $unwind$?common_flush_all@@YAH_N@Z 000000018002f72c     libucrt:fflush.obj
 0002:0000c734       $unwind$??$?RV<lambda_842d9ff0dc9ef11c61343bbaebe7f885>@@AEAV<lambda_c5860995281e5c4ce005b3de8f5874ee>@@V<lambda_d90129c13df834fdcbf8d2b88dafcf2d>@@@?$__crt_seh_guarded_call@X@@QEAAX$$QEAV<lambda_842d9ff0dc9ef11c61343bbaebe7f885>@@AEAV<lambda_c5860995281e5c4ce005b3de8f5874ee>@@$$QEAV<lambda_d90129c13df834fdcbf8d2b88dafcf2d>@@@Z 000000018002f734     libucrt:fflush.obj
 0002:0000c758       $unwind$??$?RV<lambda_886d6c58226a84441f68b9f2b8217b83>@@AEAV<lambda_ab61a845afdef5b7c387490eaf3616ee>@@V<lambda_f7f22ab5edc0698d5f6905b0d3f44752>@@@?$__crt_seh_guarded_call@X@@QEAAX$$QEAV<lambda_886d6c58226a84441f68b9f2b8217b83>@@AEAV<lambda_ab61a845afdef5b7c387490eaf3616ee>@@$$QEAV<lambda_f7f22ab5edc0698d5f6905b0d3f44752>@@@Z 000000018002f758     libucrt:fflush.obj
 0002:0000c780       $unwind$__acrt_update_thread_locale_data 000000018002f780     libucrt:locale_refcounting.obj
 0002:0000c7a4       $unwind$?__mbrtowc_utf8@__crt_mbstring@@YA_KPEA_WPEBD_KPEAU_Mbstatet@@@Z 000000018002f7a4     libucrt:mbrtowc.obj
 0002:0000c7ac       $unwind$?__mbsrtowcs_utf8@__crt_mbstring@@YA_KPEA_WPEAPEBD_KPEAU_Mbstatet@@@Z 000000018002f7ac     libucrt:mbrtowc.obj
 0002:0000c7c4       $unwind$__acrt_fltout      000000018002f7c4     libucrt:cfout.obj
 0002:0000c7e4       $unwind$?divide@__crt_strtox@@YA_KAEAUbig_integer@1@AEBU21@@Z 000000018002f7e4     libucrt:cfout.obj
 0002:0000c7fc       $chain$0$?divide@__crt_strtox@@YA_KAEAUbig_integer@1@AEBU21@@Z 000000018002f7fc     libucrt:cfout.obj
 0002:0000c810       $chain$1$?divide@__crt_strtox@@YA_KAEAUbig_integer@1@AEBU21@@Z 000000018002f810     libucrt:cfout.obj
 0002:0000c820       $unwind$_fcloseall         000000018002f820     libucrt:closeall.obj
 0002:0000c844       $unwind$__acrt_locale_free_monetary 000000018002f844     libucrt:initmon.obj
 0002:0000c84c       $unwind$__acrt_locale_free_time 000000018002f84c     libucrt:inittime.obj
 0002:0000c85c       $unwind$__acrt_GetStringTypeA 000000018002f85c     libucrt:getstringtypea.obj
 0002:0000c884       $unwind$__acrt_lowio_destroy_handle_array 000000018002f884     libucrt:osfinfo.obj
 0002:0000c894       $unwind$__acrt_lowio_ensure_fh_exists 000000018002f894     libucrt:osfinfo.obj
 0002:0000c8c0       $unwind$qsort              000000018002f8c0     libucrt:qsort.obj
 0002:0000c8d8       $chain$4$qsort             000000018002f8d8     libucrt:qsort.obj
 0002:0000c8fc       $chain$5$qsort             000000018002f8fc     libucrt:qsort.obj
 0002:0000c90c       $unwind$strpbrk            000000018002f90c     libucrt:strpbrk.obj
 0002:0000c91c       $unwind$fallbackMethod     000000018002f91c     libucrt:strpbrk.obj
 0002:0000c92c       $unwind$__acrt_LCMapStringA 000000018002f92c     libucrt:lcmapstringa.obj
 0002:0000c93c       $unwind$?__acrt_LCMapStringA_stat@@YAHPEAU__crt_locale_pointers@@PEB_WKPEBDHPEADHHH@Z 000000018002f93c     libucrt:lcmapstringa.obj
 0002:0000c964       $unwind$_close             000000018002f964     libucrt:close.obj
 0002:0000c964       $unwind$_commit            000000018002f964     libucrt:commit.obj
 0002:0000c96c       $unwind$??$?RV<lambda_a37b2b86f63e897a80ea819b0eb08c01>@@AEAV<lambda_38ce7e780aa69e748d6df282ebc68efe>@@V<lambda_99fb1378e971ab6e7edea83e3a7a83a2>@@@?$__crt_seh_guarded_call@H@@QEAAH$$QEAV<lambda_a37b2b86f63e897a80ea819b0eb08c01>@@AEAV<lambda_38ce7e780aa69e748d6df282ebc68efe>@@$$QEAV<lambda_99fb1378e971ab6e7edea83e3a7a83a2>@@@Z 000000018002f96c     libucrt:commit.obj
 0002:0000c990       $unwind$_write             000000018002f990     libucrt:write.obj
 0002:0000c9c0       $unwind$_write_nolock      000000018002f9c0     libucrt:write.obj
 0002:0000c9d8       $unwind$?write_double_translated_ansi_nolock@@YA?AUwrite_result@?A0x17268360@@HQEBDI@Z 000000018002f9d8     libucrt:write.obj
 0002:0000c9fc       $unwind$?write_text_ansi_nolock@@YA?AUwrite_result@?A0x17268360@@HQEBDI@Z 000000018002f9fc     libucrt:write.obj
 0002:0000c9fc       $unwind$?write_text_utf16le_nolock@@YA?AUwrite_result@?A0x17268360@@HQEBDI@Z 000000018002f9fc     libucrt:write.obj
 0002:0000ca1c       $unwind$?write_text_utf8_nolock@@YA?AUwrite_result@?A0x17268360@@HQEBDI@Z 000000018002fa1c     libucrt:write.obj
 0002:0000ca40       $xdatasym                  000000018002fa40     libucrt:log10.obj
 0002:0000ca4c       $unwind$__acrt_fenv_set_control 000000018002fa4c     libucrt:_fenvutils.obj
 0002:0000ca5c       $unwind$fclose             000000018002fa5c     libucrt:fclose.obj
 0002:0000ca80       $unwind$_putwch_nolock     000000018002fa80     libucrt:putwch.obj
 0002:0000ca88       $unwind$common_control87   000000018002fa88     libucrt:ieee.obj
 0002:0000cab4       $unwind$_call_matherr      000000018002fab4     libucrt:libm_error.obj
 0002:0000cabc       $unwind$_handle_error      000000018002fabc     libucrt:libm_error.obj
 0002:0000cadc       $unwind$__acrt_initialize_fma3 000000018002fadc     libucrt:fma3_available.obj
 0002:0000cae4       $unwind$_log_special_common 000000018002fae4     libucrt:log_special.obj
 0002:0000caf0       $unwind$??$?RV<lambda_751a882b2c74d4b022dec766aa51a29a>@@AEAV<lambda_628dfdc04ba53c8bfc02c9951375f3f5>@@V<lambda_f6c7be5f7998530c34de24c7437d6b54>@@@?$__crt_seh_guarded_call@H@@QEAAH$$QEAV<lambda_751a882b2c74d4b022dec766aa51a29a>@@AEAV<lambda_628dfdc04ba53c8bfc02c9951375f3f5>@@$$QEAV<lambda_f6c7be5f7998530c34de24c7437d6b54>@@@Z 000000018002faf0     libucrt:close.obj
 0002:0000cb18       $xdatasym                  000000018002fb18     libucrt:fpsr.obj
 0002:0000cb20       $unwind$_raise_exc_ex      000000018002fb20     libucrt:fpexcept.obj
 0002:0000cb34       $unwind$_ctrlfp            000000018002fb34     libucrt:fpctrl.obj
 0002:0000cb5c       $unwind$_IsNonwritableInCurrentImage 000000018002fb5c     LIBCMT:pesect.obj
 0002:0000cce0       .edata                     000000018002fce0     OPOSCashDrawer.exp
 0002:0000cd08       rgpv                       000000018002fd08     OPOSCashDrawer.exp
 0002:0000cd18       rgszName                   000000018002fd18     OPOSCashDrawer.exp
 0002:0000cd28       rgwOrd                     000000018002fd28     OPOSCashDrawer.exp
 0002:0000cd30       szName                     000000018002fd30     OPOSCashDrawer.exp
 0002:0000cd43       $N00001                    000000018002fd43     OPOSCashDrawer.exp
 0002:0000cd53       $N00002                    000000018002fd53     OPOSCashDrawer.exp
 0002:0000cd65       $N00003                    000000018002fd65     OPOSCashDrawer.exp
 0002:0000cd77       $N00004                    000000018002fd77     OPOSCashDrawer.exp
 0002:0000d6a2       .idata$6                   00000001800306a2     kernel32:KERNEL32.dll
 0002:0000d8ba       .idata$6                   00000001800308ba     user32:USER32.dll
 0002:0000d9ee       .idata$6                   00000001800309ee     gdi32:GDI32.dll
 0002:0000da94       .idata$6                   0000000180030a94     advapi32:ADVAPI32.dll
 0002:0000dbb0       .idata$6                   0000000180030bb0     ole32:ole32.dll
 0002:0000dbba       .idata$6                   0000000180030bba     oleaut32:OLEAUT32.dll
 0003:000001c0       ?ObjectMap@@3PAU_ATL_OBJMAP_ENTRY30@ATL@@A 00000001800321c0     CashDrawer.obj
 0003:000002d0       ?s_SOMethodNames@@3PAPEADA 00000001800322d0     CashDrawerImpl.obj
 0003:00000368       ?s_RequiredMethodsPerRelease@@3PAHA 0000000180032368     CashDrawerImpl.obj
 0003:000003d0       ?__vcrt_flsindex@@3KA      00000001800323d0     libvcruntime:per_thread_data.obj
 0003:000003e0       ?errno_no_memory@@3HA      00000001800323e0     libucrt:errno.obj
 0003:000003e4       ?doserrno_no_memory@@3KA   00000001800323e4     libucrt:errno.obj
 0003:000003f0       ?__acrt_flsindex@@3KA      00000001800323f0     libucrt:per_thread_data.obj
 0003:000008b0       _mbctypes                  00000001800328b0     libucrt:mbctype.obj
 0003:000009c0       _mbcasemaps                00000001800329c0     libucrt:mbctype.obj
 0003:00000ac0       ?__rgctypeflag@@3PADA      0000000180032ac0     libucrt:mbctype.obj
 0003:00000ad0       ?__rgcode_page_info@@3PAUcode_page_info@@A 0000000180032ad0     libucrt:mbctype.obj
 0003:00000d70       ?dazSupported@?1??common_control87@@9@9 0000000180032d70     libucrt:ieee.obj
 0003:00000d80       ?__dcrt_lowio_console_output_handle@@3PEAXEA 0000000180032d80     libucrt:initcon.obj
 0003:00000d90       ?dazSupported@?1??_ctrlfp@@9@9 0000000180032d90     libucrt:fpctrl.obj
 0003:00000fe0       ?is_initialized_as_dll@@3_NA 0000000180032fe0     LIBCMT:utility.obj
 0003:00000fe1       ?module_local_atexit_table_initialized@@3_NA 0000000180032fe1     LIBCMT:utility.obj
 0003:00000fe8       ?module_local_atexit_table@@3U_onexit_table_t@@A 0000000180032fe8     LIBCMT:utility.obj
 0003:00001000       ?module_local_at_quick_exit_table@@3U_onexit_table_t@@A 0000000180033000     LIBCMT:utility.obj
 0003:00001018       ?g_tss_cv@@3U_RTL_CONDITION_VARIABLE@@A 0000000180033018     LIBCMT:thread_safe_statics.obj
 0003:00001020       ?g_tss_event@@3PEAXEA      0000000180033020     LIBCMT:thread_safe_statics.obj
 0003:00001028       ?g_tss_mutex@@3U_RTL_CRITICAL_SECTION@@A 0000000180033028     LIBCMT:thread_safe_statics.obj
 0003:00001050       ?g_sleep_condition_variable_cs@@3P6AHPEAU_RTL_CONDITION_VARIABLE@@PEAU_RTL_CRITICAL_SECTION@@K@ZEA 0000000180033050     LIBCMT:thread_safe_statics.obj
 0003:00001058       ?g_wake_all_condition_variable@@3P6AXPEAU_RTL_CONDITION_VARIABLE@@@ZEA 0000000180033058     LIBCMT:thread_safe_statics.obj
 0003:00001060       GS_ExceptionRecord         0000000180033060     LIBCMT:gs_report.obj
 0003:00001100       GS_ContextRecord           0000000180033100     LIBCMT:gs_report.obj
 0003:000015d4       ?__proc_attached@@3HA      00000001800335d4     LIBCMT:dll_dllmain.obj
 0003:00001678       ?AllocateData@@3P6APEAUAtlThunkData_t@@XZEA 0000000180033678     atls:atlthunk.obj
 0003:00001680       ?InitData@@3P6AXPEAUAtlThunkData_t@@PEAX_K@ZEA 0000000180033680     atls:atlthunk.obj
 0003:00001688       ?DataToCode@@3P6AP6A_JPEAUHWND__@@I_K_J@ZPEAUAtlThunkData_t@@@ZEA 0000000180033688     atls:atlthunk.obj
 0003:00001690       ?FreeData@@3P6AXPEAUAtlThunkData_t@@@ZEA 0000000180033690     atls:atlthunk.obj
 0003:00001698       ?Initialized@@3_NA         0000000180033698     atls:atlthunk.obj
 0003:000016b0       ?__vcrt_startup_thread_ptd@@3U__vcrt_ptd@@A 00000001800336b0     libvcruntime:per_thread_data.obj
 0003:00001730       __vcrt_lock_table          0000000180033730     libvcruntime:locks.obj
 0003:00001758       __vcrt_locks_initialized   0000000180033758     libvcruntime:locks.obj
 0003:000017a0       ?heap@@3V_HeapManager@@A   00000001800337a0     libvcruntime:undname.obj
 0003:000017c8       ?module_handles@@3PAPEAUHINSTANCE__@@A 00000001800337c8     libvcruntime:winapi_downlevel.obj
 0003:000017e0       ?function_pointers@@3PAPEAXA 00000001800337e0     libvcruntime:winapi_downlevel.obj
 0003:00001808       ?__acrt_invalid_parameter_handler@@3V?$dual_state_global@P6AXPEB_W00I_K@Z@__crt_state_management@@A 0000000180033808     libucrt:invalid_parameter.obj
 0003:00001810       ?c_termination_complete@@3JA 0000000180033810     libucrt:exit.obj
 0003:00001818       ?thread_local_exit_callback_func@@3P6AXPEAXK0@ZEA 0000000180033818     libucrt:exit.obj
 0003:00001830       ?program_name@?1???$common_configure_argv@D@@YAHW4_crt_argv_mode@@@Z@4PADA 0000000180033830     libucrt:argv_parsing.obj
 0003:00001988       ?__acrt_new_handler@@3V?$dual_state_global@P6AH_K@Z@__crt_state_management@@A 0000000180033988     libucrt:new_handler.obj
 0003:00001990       ?module_handles@@3PAPEAUHINSTANCE__@@A 0000000180033990     libucrt:winapi_thunks.obj
 0003:00001a30       ?encoded_function_pointers@@3PAPEAXA 0000000180033a30     libucrt:winapi_thunks.obj
 0003:00001b40       ?internal_state@?1??_mbtowc_l@@9@4U_Mbstatet@@A 0000000180033b40     libucrt:mbtowc.obj
 0003:00001b58       ?enable_percent_n@@3_KA    0000000180033b58     libucrt:printf_count_output.obj
 0003:00001f90       ?__acrt_lock_table@@3PAU_RTL_CRITICAL_SECTION@@A 0000000180033f90     libucrt:locks.obj
 0003:000021c0       ?__acrt_locks_initialized@@3IA 00000001800341c0     libucrt:locks.obj
 0003:000021e0       ?fSystemSet@@3HA           00000001800341e0     libucrt:mbctype.obj
 0003:000021e4       ?initialized@?1??__acrt_initialize_multibyte@@9@4_NA 00000001800341e4     libucrt:mbctype.obj
 0003:00002220       ?ctrlc_action@@3V?$dual_state_global@P6AXH@Z@__crt_state_management@@A 0000000180034220     libucrt:signal.obj
 0003:00002228       ?ctrlbreak_action@@3V?$dual_state_global@P6AXH@Z@__crt_state_management@@A 0000000180034228     libucrt:signal.obj
 0003:00002230       ?abort_action@@3V?$dual_state_global@P6AXH@Z@__crt_state_management@@A 0000000180034230     libucrt:signal.obj
 0003:00002238       ?term_action@@3V?$dual_state_global@P6AXH@Z@__crt_state_management@@A 0000000180034238     libucrt:signal.obj
 0003:00002240       ?user_matherr@@3V?$dual_state_global@P6AHPEAU_exception@@@Z@__crt_state_management@@A 0000000180034240     libucrt:matherr.obj
 0003:00002248       ?__acrt_global_new_mode@@3V?$dual_state_global@J@__crt_state_management@@A 0000000180034248     libucrt:new_mode.obj
 0003:00002258       ?internal_pst@?1??__mbrtoc32_utf8@__crt_mbstring@@YA_KPEA_UPEBD_KPEAU_Mbstatet@@@Z@4U3@A 0000000180034258     libucrt:mbrtoc32.obj
 0003:00002260       ?__acrt_app_type@@3W4_crt_app_type@@A 0000000180034260     libucrt:report_runtime_error.obj
 0005:00000000       MoveSmall                  0000000180037000     libvcruntime:memcpy.obj
 0005:00000050       MsetTab                    0000000180037050     libvcruntime:memset.obj
 0006:00000220       $R000000                   0000000180038220     CashDrawer.res
 0006:00000bb8       $R000998                   0000000180038bb8     CashDrawer.res
 0006:00000ca0       $R000A80                   0000000180038ca0     CashDrawer.res
 0006:00000f08       $R000CE8                   0000000180038f08     CashDrawer.res
 0006:00001470       $R001250                   0000000180039470     CashDrawer.res
 0006:00003938       $R003718                   000000018003b938     CashDrawer.res
 0006:00003970       $R003750                   000000018003b970     CashDrawer.res
