 OPOSKeylock

 Timestamp is 61a75875 (Wed Dec  1 20:11:49 2021)

 Preferred load address is 0000000180000000

 Start         Length     Name                   Class
 0001:00000000 000000c0H .text$di                CODE
 0001:000000c0 00023580H .text$mn                CODE
 0001:00023640 00000040H .text$mn$00             CODE
 0001:00023680 00000660H .text$x                 CODE
 0001:00023ce0 00000078H .text$yd                CODE
 0002:00000000 00000638H .idata$5                DATA
 0002:00000638 00000030H .00cfg                  DATA
 0002:00000668 00000008H .CRT$XCA                DATA
 0002:00000670 00000008H .CRT$XCL                DATA
 0002:00000678 00000020H .CRT$XCU                DATA
 0002:00000698 00000008H .CRT$XCZ                DATA
 0002:000006a0 00000008H .CRT$XIA                DATA
 0002:000006a8 00000020H .CRT$XIC                DATA
 0002:000006c8 00000008H .CRT$XIZ                DATA
 0002:000006d0 00000008H .CRT$XLA                DATA
 0002:000006d8 00000008H .CRT$XLZ                DATA
 0002:000006e0 00000008H .CRT$XPA                DATA
 0002:000006e8 00000010H .CRT$XPX                DATA
 0002:000006f8 00000008H .CRT$XPXA               DATA
 0002:00000700 00000008H .CRT$XPZ                DATA
 0002:00000708 00000008H .CRT$XTA                DATA
 0002:00000710 00000010H .CRT$XTZ                DATA
 0002:00000718 00000000H .gehcont$y              DATA
 0002:00000718 00000000H .gfids$y                DATA
 0002:00000720 0000a360H .rdata                  DATA
 0002:0000aa80 00000000H .rdata$CastGuardVftablesA DATA
 0002:0000aa80 00000000H .rdata$CastGuardVftablesC DATA
 0002:0000aa80 00000028H .rdata$T                DATA
 0002:0000aaa8 00000274H .rdata$r                DATA
 0002:0000ad1c 00000048H .rdata$voltmd           DATA
 0002:0000ad64 00000434H .rdata$zzzdbg           DATA
 0002:0000b198 00000008H .rtc$IAA                DATA
 0002:0000b1a0 00000008H .rtc$IZZ                DATA
 0002:0000b1a8 00000008H .rtc$TAA                DATA
 0002:0000b1b0 00000008H .rtc$TZZ                DATA
 0002:0000b1b8 00000004H .tls                    DATA
 0002:0000b1bc 00000004H .tls$                   DATA
 0002:0000b1c0 00000008H .tls$ZZZ                DATA
 0002:0000b1c8 00001900H .xdata                  DATA
 0002:0000cac8 00000150H .xdata$x                DATA
 0002:0000cc18 00000008H ATL$__a                 DATA
 0002:0000cc20 00000010H ATL$__z                 DATA
 0002:0000cc30 000000a8H .edata                  DATA
 0002:0000ccd8 00000078H .idata$2                DATA
 0002:0000cd50 00000018H .idata$3                DATA
 0002:0000cd68 00000638H .idata$4                DATA
 0002:0000d3a0 00000c5cH .idata$6                DATA
 0003:00000000 00000d88H .data                   DATA
 0003:00000d88 000000a8H .data$r                 DATA
 0003:00000e30 00000020H .data$rs                DATA
 0003:00000e50 000013ecH .bss                    DATA
 0004:00000000 00001f80H .pdata                  DATA
 0005:00000000 000000f4H _RDATA                  DATA
 0006:00000000 00000220H .rsrc$01                DATA
 0006:00000220 000038e0H .rsrc$02                DATA

  Address         Publics by Value              Rva+Base               Lib:Object

 0000:00000000       __x64_code_ranges_to_entry_points 0000000000000000     <absolute>
 0000:00000000       __x64_code_ranges_to_entry_points_count 0000000000000000     <absolute>
 0000:00000000       __guard_fids_count         0000000000000000     <absolute>
 0000:00000000       __arm64x_extra_rfe_table   0000000000000000     <absolute>
 0000:00000000       __arm64x_redirection_metadata 0000000000000000     <absolute>
 0000:00000000       __guard_longjmp_table      0000000000000000     <absolute>
 0000:00000000       __guard_iat_table          0000000000000000     <absolute>
 0000:00000000       __hybrid_code_map          0000000000000000     <absolute>
 0000:00000000       __arm64x_extra_rfe_table_size 0000000000000000     <absolute>
 0000:00000000       ___safe_se_handler_count   0000000000000000     <absolute>
 0000:00000000       __guard_iat_count          0000000000000000     <absolute>
 0000:00000000       __guard_longjmp_count      0000000000000000     <absolute>
 0000:00000000       ___safe_se_handler_table   0000000000000000     <absolute>
 0000:00000000       __dynamic_value_reloc_table 0000000000000000     <absolute>
 0000:00000000       __hybrid_auxiliary_iat     0000000000000000     <absolute>
 0000:00000000       __hybrid_auxiliary_iat_copy 0000000000000000     <absolute>
 0000:00000000       __guard_eh_cont_count      0000000000000000     <absolute>
 0000:00000000       __AbsoluteZero             0000000000000000     <absolute>
 0000:00000000       __guard_check_icall_a64n_fptr 0000000000000000     <absolute>
 0000:00000000       __guard_fids_table         0000000000000000     <absolute>
 0000:00000000       __arm64x_redirection_metadata_count 0000000000000000     <absolute>
 0000:00000000       __enclave_config           0000000000000000     <absolute>
 0000:00000000       __guard_eh_cont_table      0000000000000000     <absolute>
 0000:00000000       __arm64x_native_entrypoint 0000000000000000     <absolute>
 0000:00000000       __hybrid_code_map_count    0000000000000000     <absolute>
 0000:00000100       __guard_flags              0000000000000100     <absolute>
 0000:00000000       __ImageBase                0000000180000000     <linker-defined>
 0001:000000c0       ?DupWide@_CW@@AEAAXXZ      00000001800010c0 f   CWString.obj
 0001:000000e8       ?cw_dup@@YAXPEBDAEAHAEAPEA_W1@Z 00000001800010e8 f   CWString.obj
 0001:000001c8       ?cw_memcpy@@YAHPEA_WPEBDH@Z 00000001800011c8 f   CWString.obj
 0001:00000214       ?cw_strcpy@@YAHPEA_WPEBD@Z 0000000180001214 f   CWString.obj
 0001:00000228       ??0CAtlComModule@ATL@@QEAA@XZ 0000000180001228 f i OposVariant.obj
 0001:000002a8       ??0CAtlWinModule@ATL@@QEAA@XZ 00000001800012a8 f i OposVariant.obj
 0001:00000314       ??0OposDispParms@@QEAA@PEAVOposVariant@@H@Z 0000000180001314 f   OposVariant.obj
 0001:000003bc       ??1OposDispParms@@QEAA@XZ  00000001800013bc f   OposVariant.obj
 0001:000003d4       ??_Estringdispid@CComTypeInfoHolder@ATL@@QEAAPEAXI@Z 00000001800013d4 f i OposVariant.obj
 0001:00000478       ?AtlWinModuleTerm@ATL@@YAJPEAU_ATL_WIN_MODULE70@1@PEAUHINSTANCE__@@@Z 0000000180001478 f i OposVariant.obj
 0001:00000528       ?ChangeBSTR@OposVariant@@QEAAXPEAPEA_WAEAJ@Z 0000000180001528 f   OposVariant.obj
 0001:00000588       ?ChangeLONG@OposVariant@@QEAAXPEAJAEAJ@Z 0000000180001588 f   OposVariant.obj
 0001:000005e4       ?GetLONG@OposVariant@@QEAAJXZ 00000001800015e4 f   OposVariant.obj
 0001:00000608       ?SetBSTR@OposVariant@@QEAAXPEA_WAEAJ@Z 0000000180001608 f   OposVariant.obj
 0001:00000648       ?SetBSTR_Copy@OposVariant@@QEAAXPEA_WAEAJ@Z 0000000180001648 f   OposVariant.obj
 0001:000006b8       ?SetBSTR_InOutPtr@OposVariant@@QEAA_NPEAPEA_WAEAJ@Z 00000001800016b8 f   OposVariant.obj
 0001:00000708       ?SetDispatch_Ptr@OposVariant@@QEAAXPEAUIDispatch@@AEAJ@Z 0000000180001708 f   OposVariant.obj
 0001:00000760       ?SetLONG@OposVariant@@QEAAXJ@Z 0000000180001760 f   OposVariant.obj
 0001:00000790       ?SetLONG_Ptr@OposVariant@@QEAAXPEAJAEAJ@Z 0000000180001790 f   OposVariant.obj
 0001:000007dc       ?SetString@OposVariant@@QEAAXPEB_WAEAJ@Z 00000001800017dc f   OposVariant.obj
 0001:00000840       ?SetVARIANT_BOOL@OposVariant@@QEAAXF@Z 0000000180001840 f   OposVariant.obj
 0001:00000878       ?Term@CAtlComModule@ATL@@QEAAXXZ 0000000180001878 f i OposVariant.obj
 0001:000008e8       ?_AtlInitializeCriticalSectionEx@ATL@@YAHPEAU_RTL_CRITICAL_SECTION@@KK@Z 00000001800018e8 f i OposVariant.obj
 0001:000008f0       ?_AtlRaiseException@ATL@@YAXKK@Z 00000001800018f0 f i OposVariant.obj
 0001:00000900       ?Next@?$CComEnumImpl@UIEnumConnections@@$1?_GUID_b196b287_bab4_101a_b69c_00aa00341d07@@3U__s_GUID@@BUtagCONNECTDATA@@V?$_Copy@UtagCONNECTDATA@@@ATL@@@ATL@@UEAAJKPEAUtagCONNECTDATA@@PEAK@Z 0000000180001900 f i Keylock.obj
 0001:000009c8       ?Skip@?$CComEnumImpl@UIEnumConnections@@$1?_GUID_b196b287_bab4_101a_b69c_00aa00341d07@@3U__s_GUID@@BUtagCONNECTDATA@@V?$_Copy@UtagCONNECTDATA@@@ATL@@@ATL@@UEAAJK@Z 00000001800019c8 f i Keylock.obj
 0001:000009f4       ?Reset@?$CComEnumImpl@UIEnumConnectionPoints@@$1?_GUID_b196b285_bab4_101a_b69c_00aa00341d07@@3U__s_GUID@@BPEAUIConnectionPoint@@V?$_CopyInterface@UIConnectionPoint@@@ATL@@@ATL@@UEAAJXZ 00000001800019f4 f i Keylock.obj
 0001:000009f4       ?Reset@?$CComEnumImpl@UIEnumConnections@@$1?_GUID_b196b287_bab4_101a_b69c_00aa00341d07@@3U__s_GUID@@BUtagCONNECTDATA@@V?$_Copy@UtagCONNECTDATA@@@ATL@@@ATL@@UEAAJXZ 00000001800019f4 f i Keylock.obj
 0001:00000a00       ?Clone@?$CComEnumImpl@UIEnumConnections@@$1?_GUID_b196b287_bab4_101a_b69c_00aa00341d07@@3U__s_GUID@@BUtagCONNECTDATA@@V?$_Copy@UtagCONNECTDATA@@@ATL@@@ATL@@UEAAJPEAPEAUIEnumConnections@@@Z 0000000180001a00 f i Keylock.obj
 0001:00000b2c       ?AddRef@?$CComObject@V?$CComEnum@UIEnumConnections@@$1?_GUID_b196b287_bab4_101a_b69c_00aa00341d07@@3U__s_GUID@@BUtagCONNECTDATA@@V?$_Copy@UtagCONNECTDATA@@@ATL@@VCComSingleThreadModel@6@@ATL@@@ATL@@UEAAKXZ 0000000180001b2c f i Keylock.obj
 0001:00000b2c       ?AddRef@?$CComObject@V?$CComEnum@UIEnumConnectionPoints@@$1?_GUID_b196b285_bab4_101a_b69c_00aa00341d07@@3U__s_GUID@@BPEAUIConnectionPoint@@V?$_CopyInterface@UIConnectionPoint@@@ATL@@VCComSingleThreadModel@6@@ATL@@@ATL@@UEAAKXZ 0000000180001b2c f i Keylock.obj
 0001:00000b38       ?Release@?$CComObject@V?$CComEnum@UIEnumConnections@@$1?_GUID_b196b287_bab4_101a_b69c_00aa00341d07@@3U__s_GUID@@BUtagCONNECTDATA@@V?$_Copy@UtagCONNECTDATA@@@ATL@@VCComSingleThreadModel@6@@ATL@@@ATL@@UEAAKXZ 0000000180001b38 f i Keylock.obj
 0001:00000b38       ?Release@?$CComObject@V?$CComEnum@UIEnumConnectionPoints@@$1?_GUID_b196b285_bab4_101a_b69c_00aa00341d07@@3U__s_GUID@@BPEAUIConnectionPoint@@V?$_CopyInterface@UIConnectionPoint@@@ATL@@VCComSingleThreadModel@6@@ATL@@@ATL@@UEAAKXZ 0000000180001b38 f i Keylock.obj
 0001:00000b8c       ?QueryInterface@?$CComObject@V?$CComEnum@UIEnumConnections@@$1?_GUID_b196b287_bab4_101a_b69c_00aa00341d07@@3U__s_GUID@@BUtagCONNECTDATA@@V?$_Copy@UtagCONNECTDATA@@@ATL@@VCComSingleThreadModel@6@@ATL@@@ATL@@UEAAJAEBU_GUID@@PEAPEAX@Z 0000000180001b8c f i Keylock.obj
 0001:00000ba0       ??_G?$CComObject@V?$CComEnum@UIEnumConnections@@$1?_GUID_b196b287_bab4_101a_b69c_00aa00341d07@@3U__s_GUID@@BUtagCONNECTDATA@@V?$_Copy@UtagCONNECTDATA@@@ATL@@VCComSingleThreadModel@6@@ATL@@@ATL@@UEAAPEAXI@Z 0000000180001ba0 f i Keylock.obj
 0001:00000ba0       ??_E?$CComObject@V?$CComEnum@UIEnumConnections@@$1?_GUID_b196b287_bab4_101a_b69c_00aa00341d07@@3U__s_GUID@@BUtagCONNECTDATA@@V?$_Copy@UtagCONNECTDATA@@@ATL@@VCComSingleThreadModel@6@@ATL@@@ATL@@UEAAPEAXI@Z 0000000180001ba0 f i Keylock.obj
 0001:00000bf8       _guard_check_icall_nop     0000000180001bf8 f i LIBCMT:guard_support.obj
 0001:00000bf8       ?ObjectMain@CComObjectRootBase@ATL@@SAX_N@Z 0000000180001bf8 f i Keylock.obj
 0001:00000bf8       ?OnFinalMessage@?$CWindowImplBaseT@VCWindow@ATL@@V?$CWinTraits@$0FGAAAAAA@$0A@@2@@ATL@@UEAAXPEAUHWND__@@@Z 0000000180001bf8 f i Keylock.obj
 0001:00000bfc       ?IsUpToDate@?$IOleObjectImpl@VCOPOSKeylock@@@ATL@@UEAAJXZ 0000000180001bfc f i Keylock.obj
 0001:00000bfc       ?GetObjectDescription@?$CComCoClass@VCOPOSKeylock@@$1?CLSID_OPOSKeylock@@3U_GUID@@B@ATL@@SAPEB_WXZ 0000000180001bfc f i Keylock.obj
 0001:00000bfc       ?EnableModeless@?$IOleInPlaceActiveObjectImpl@VCOPOSKeylock@@@ATL@@UEAAJH@Z 0000000180001bfc f i Keylock.obj
 0001:00000bfc       ?OnFrameWindowActivate@?$IOleInPlaceActiveObjectImpl@VCOPOSKeylock@@@ATL@@UEAAJH@Z 0000000180001bfc f i Keylock.obj
 0001:00000bfc       ?Release@CRegObject@ATL@@UEAAKXZ 0000000180001bfc f i Keylock.obj
 0001:00000bfc       ?HandsOffStorage@?$IPersistStorageImpl@VCOPOSKeylock@@@ATL@@UEAAJXZ 0000000180001bfc f i Keylock.obj
 0001:00000bfc       ?ResizeBorder@?$IOleInPlaceActiveObjectImpl@VCOPOSKeylock@@@ATL@@UEAAJPEBUtagRECT@@PEAUIOleInPlaceUIWindow@@H@Z 0000000180001bfc f i Keylock.obj
 0001:00000bfc       ?SetHostNames@?$IOleObjectImpl@VCOPOSKeylock@@@ATL@@UEAAJPEB_W0@Z 0000000180001bfc f i Keylock.obj
 0001:00000bfc       ?GetCategoryMap@CComObjectRootBase@ATL@@SAPEBU_ATL_CATMAP_ENTRY@2@XZ 0000000180001bfc f i Keylock.obj
 0001:00000bfc       ?OnAmbientPropertyChange@?$IOleControlImpl@VCOPOSKeylock@@@ATL@@UEAAJJ@Z 0000000180001bfc f i Keylock.obj
 0001:00000bfc       ?SaveCompleted@?$IPersistStorageImpl@VCOPOSKeylock@@@ATL@@UEAAJPEAUIStorage@@@Z 0000000180001bfc f i Keylock.obj
 0001:00000bfc       ?Update@?$IOleObjectImpl@VCOPOSKeylock@@@ATL@@UEAAJXZ 0000000180001bfc f i Keylock.obj
 0001:00000c00       ??_E?$CComObject@VCOPOSKeylock@@@ATL@@W7EAAPEAXI@Z 0000000180001c00 f i Keylock.obj
 0001:00000c0c       ??_E?$CComObject@VCOPOSKeylock@@@ATL@@WHA@EAAPEAXI@Z 0000000180001c0c f i Keylock.obj
 0001:00000c18       ?QueryInterface@?$CComObject@VCOPOSKeylock@@@ATL@@WLI@EAAJAEBU_GUID@@PEAPEAX@Z 0000000180001c18 f i Keylock.obj
 0001:00000c24       ?AddRef@?$CComObject@VCOPOSKeylock@@@ATL@@WLI@EAAKXZ 0000000180001c24 f i Keylock.obj
 0001:00000c30       ?Release@?$CComObject@VCOPOSKeylock@@@ATL@@WLI@EAAKXZ 0000000180001c30 f i Keylock.obj
 0001:00000c3c       ?QueryInterface@?$CComObject@VCOPOSKeylock@@@ATL@@WMA@EAAJAEBU_GUID@@PEAPEAX@Z 0000000180001c3c f i Keylock.obj
 0001:00000c48       ?AddRef@?$CComObject@VCOPOSKeylock@@@ATL@@WMA@EAAKXZ 0000000180001c48 f i Keylock.obj
 0001:00000c54       ?Release@?$CComObject@VCOPOSKeylock@@@ATL@@WMA@EAAKXZ 0000000180001c54 f i Keylock.obj
 0001:00000c60       ?QueryInterface@?$CComObject@VCOPOSKeylock@@@ATL@@WMI@EAAJAEBU_GUID@@PEAPEAX@Z 0000000180001c60 f i Keylock.obj
 0001:00000c6c       ?AddRef@?$CComObject@VCOPOSKeylock@@@ATL@@WMI@EAAKXZ 0000000180001c6c f i Keylock.obj
 0001:00000c78       ?Release@?$CComObject@VCOPOSKeylock@@@ATL@@WMI@EAAKXZ 0000000180001c78 f i Keylock.obj
 0001:00000c84       ?QueryInterface@?$CComObject@VCOPOSKeylock@@@ATL@@WNA@EAAJAEBU_GUID@@PEAPEAX@Z 0000000180001c84 f i Keylock.obj
 0001:00000c90       ?AddRef@?$CComObject@VCOPOSKeylock@@@ATL@@WNA@EAAKXZ 0000000180001c90 f i Keylock.obj
 0001:00000c9c       ?Release@?$CComObject@VCOPOSKeylock@@@ATL@@WNA@EAAKXZ 0000000180001c9c f i Keylock.obj
 0001:00000ca8       ?QueryInterface@?$CComObject@VCOPOSKeylock@@@ATL@@WNI@EAAJAEBU_GUID@@PEAPEAX@Z 0000000180001ca8 f i Keylock.obj
 0001:00000cb4       ?AddRef@?$CComObject@VCOPOSKeylock@@@ATL@@WNI@EAAKXZ 0000000180001cb4 f i Keylock.obj
 0001:00000cc0       ?Release@?$CComObject@VCOPOSKeylock@@@ATL@@WNI@EAAKXZ 0000000180001cc0 f i Keylock.obj
 0001:00000ccc       ?QueryInterface@?$CComObject@VCOPOSKeylock@@@ATL@@WOA@EAAJAEBU_GUID@@PEAPEAX@Z 0000000180001ccc f i Keylock.obj
 0001:00000cd8       ?AddRef@?$CComObject@VCOPOSKeylock@@@ATL@@WOA@EAAKXZ 0000000180001cd8 f i Keylock.obj
 0001:00000ce4       ?Release@?$CComObject@VCOPOSKeylock@@@ATL@@WOA@EAAKXZ 0000000180001ce4 f i Keylock.obj
 0001:00000cf0       ?QueryInterface@?$CComObject@VCOPOSKeylock@@@ATL@@WOI@EAAJAEBU_GUID@@PEAPEAX@Z 0000000180001cf0 f i Keylock.obj
 0001:00000cfc       ?AddRef@?$CComObject@VCOPOSKeylock@@@ATL@@WOI@EAAKXZ 0000000180001cfc f i Keylock.obj
 0001:00000d08       ?Release@?$CComObject@VCOPOSKeylock@@@ATL@@WOI@EAAKXZ 0000000180001d08 f i Keylock.obj
 0001:00000d14       ?QueryInterface@?$CComObject@VCOPOSKeylock@@@ATL@@WPA@EAAJAEBU_GUID@@PEAPEAX@Z 0000000180001d14 f i Keylock.obj
 0001:00000d20       ?AddRef@?$CComObject@VCOPOSKeylock@@@ATL@@WPA@EAAKXZ 0000000180001d20 f i Keylock.obj
 0001:00000d2c       ?Release@?$CComObject@VCOPOSKeylock@@@ATL@@WPA@EAAKXZ 0000000180001d2c f i Keylock.obj
 0001:00000d38       ?QueryInterface@?$CComObject@VCOPOSKeylock@@@ATL@@WPI@EAAJAEBU_GUID@@PEAPEAX@Z 0000000180001d38 f i Keylock.obj
 0001:00000d44       ?AddRef@?$CComObject@VCOPOSKeylock@@@ATL@@WPI@EAAKXZ 0000000180001d44 f i Keylock.obj
 0001:00000d50       ?Release@?$CComObject@VCOPOSKeylock@@@ATL@@WPI@EAAKXZ 0000000180001d50 f i Keylock.obj
 0001:00000d5c       ?QueryInterface@?$CComObject@VCOPOSKeylock@@@ATL@@WBAA@EAAJAEBU_GUID@@PEAPEAX@Z 0000000180001d5c f i Keylock.obj
 0001:00000d68       ?AddRef@?$CComObject@VCOPOSKeylock@@@ATL@@WBAA@EAAKXZ 0000000180001d68 f i Keylock.obj
 0001:00000d74       ?Release@?$CComObject@VCOPOSKeylock@@@ATL@@WBAA@EAAKXZ 0000000180001d74 f i Keylock.obj
 0001:00000d80       ?QueryInterface@?$CComObject@VCOPOSKeylock@@@ATL@@WBAI@EAAJAEBU_GUID@@PEAPEAX@Z 0000000180001d80 f i Keylock.obj
 0001:00000d8c       ?AddRef@?$CComObject@VCOPOSKeylock@@@ATL@@WBAI@EAAKXZ 0000000180001d8c f i Keylock.obj
 0001:00000d98       ?Release@?$CComObject@VCOPOSKeylock@@@ATL@@WBAI@EAAKXZ 0000000180001d98 f i Keylock.obj
 0001:00000da4       ?QueryInterface@?$CComObject@VCOPOSKeylock@@@ATL@@WBBA@EAAJAEBU_GUID@@PEAPEAX@Z 0000000180001da4 f i Keylock.obj
 0001:00000db0       ?AddRef@?$CComObject@VCOPOSKeylock@@@ATL@@WBBA@EAAKXZ 0000000180001db0 f i Keylock.obj
 0001:00000dbc       ?Release@?$CComObject@VCOPOSKeylock@@@ATL@@WBBA@EAAKXZ 0000000180001dbc f i Keylock.obj
 0001:00000dc8       ?QueryInterface@?$CComObject@VCOPOSKeylock@@@ATL@@WBBI@EAAJAEBU_GUID@@PEAPEAX@Z 0000000180001dc8 f i Keylock.obj
 0001:00000dd4       ?AddRef@?$CComObject@VCOPOSKeylock@@@ATL@@WBBI@EAAKXZ 0000000180001dd4 f i Keylock.obj
 0001:00000de0       ?Release@?$CComObject@VCOPOSKeylock@@@ATL@@WBBI@EAAKXZ 0000000180001de0 f i Keylock.obj
 0001:00000dec       ?AddRef@?$CComObject@VCOPOSKeylock@@@ATL@@WBCI@EAAKXZ 0000000180001dec f i Keylock.obj
 0001:00000df8       ?Release@?$CComObject@VCOPOSKeylock@@@ATL@@WBCI@EAAKXZ 0000000180001df8 f i Keylock.obj
 0001:00000e04       ?AddRef@?$CComObject@VCOPOSKeylock@@@ATL@@WBEA@EAAKXZ 0000000180001e04 f i Keylock.obj
 0001:00000e10       ?Release@?$CComObject@VCOPOSKeylock@@@ATL@@WBEA@EAAKXZ 0000000180001e10 f i Keylock.obj
 0001:00000e1c       ??_E?$CComContainedObject@VCOPOSKeylock@@@ATL@@W7EAAPEAXI@Z 0000000180001e1c f i Keylock.obj
 0001:00000e28       ??_E?$CComContainedObject@VCOPOSKeylock@@@ATL@@WHA@EAAPEAXI@Z 0000000180001e28 f i Keylock.obj
 0001:00000e34       ?QueryInterface@?$CComContainedObject@VCOPOSKeylock@@@ATL@@WLI@EAAJAEBU_GUID@@PEAPEAX@Z 0000000180001e34 f i Keylock.obj
 0001:00000e40       ?AddRef@?$CComContainedObject@VCOPOSKeylock@@@ATL@@WLI@EAAKXZ 0000000180001e40 f i Keylock.obj
 0001:00000e4c       ?Release@?$CComContainedObject@VCOPOSKeylock@@@ATL@@WLI@EAAKXZ 0000000180001e4c f i Keylock.obj
 0001:00000e58       ?QueryInterface@?$CComContainedObject@VCOPOSKeylock@@@ATL@@WMA@EAAJAEBU_GUID@@PEAPEAX@Z 0000000180001e58 f i Keylock.obj
 0001:00000e64       ?AddRef@?$CComContainedObject@VCOPOSKeylock@@@ATL@@WMA@EAAKXZ 0000000180001e64 f i Keylock.obj
 0001:00000e70       ?Release@?$CComContainedObject@VCOPOSKeylock@@@ATL@@WMA@EAAKXZ 0000000180001e70 f i Keylock.obj
 0001:00000e7c       ?QueryInterface@?$CComContainedObject@VCOPOSKeylock@@@ATL@@WMI@EAAJAEBU_GUID@@PEAPEAX@Z 0000000180001e7c f i Keylock.obj
 0001:00000e88       ?AddRef@?$CComContainedObject@VCOPOSKeylock@@@ATL@@WMI@EAAKXZ 0000000180001e88 f i Keylock.obj
 0001:00000e94       ?Release@?$CComContainedObject@VCOPOSKeylock@@@ATL@@WMI@EAAKXZ 0000000180001e94 f i Keylock.obj
 0001:00000ea0       ?QueryInterface@?$CComContainedObject@VCOPOSKeylock@@@ATL@@WNA@EAAJAEBU_GUID@@PEAPEAX@Z 0000000180001ea0 f i Keylock.obj
 0001:00000eac       ?AddRef@?$CComContainedObject@VCOPOSKeylock@@@ATL@@WNA@EAAKXZ 0000000180001eac f i Keylock.obj
 0001:00000eb8       ?Release@?$CComContainedObject@VCOPOSKeylock@@@ATL@@WNA@EAAKXZ 0000000180001eb8 f i Keylock.obj
 0001:00000ec4       ?QueryInterface@?$CComContainedObject@VCOPOSKeylock@@@ATL@@WNI@EAAJAEBU_GUID@@PEAPEAX@Z 0000000180001ec4 f i Keylock.obj
 0001:00000ed0       ?AddRef@?$CComContainedObject@VCOPOSKeylock@@@ATL@@WNI@EAAKXZ 0000000180001ed0 f i Keylock.obj
 0001:00000edc       ?Release@?$CComContainedObject@VCOPOSKeylock@@@ATL@@WNI@EAAKXZ 0000000180001edc f i Keylock.obj
 0001:00000ee8       ?QueryInterface@?$CComContainedObject@VCOPOSKeylock@@@ATL@@WOA@EAAJAEBU_GUID@@PEAPEAX@Z 0000000180001ee8 f i Keylock.obj
 0001:00000ef4       ?AddRef@?$CComContainedObject@VCOPOSKeylock@@@ATL@@WOA@EAAKXZ 0000000180001ef4 f i Keylock.obj
 0001:00000f00       ?Release@?$CComContainedObject@VCOPOSKeylock@@@ATL@@WOA@EAAKXZ 0000000180001f00 f i Keylock.obj
 0001:00000f0c       ?QueryInterface@?$CComContainedObject@VCOPOSKeylock@@@ATL@@WOI@EAAJAEBU_GUID@@PEAPEAX@Z 0000000180001f0c f i Keylock.obj
 0001:00000f18       ?AddRef@?$CComContainedObject@VCOPOSKeylock@@@ATL@@WOI@EAAKXZ 0000000180001f18 f i Keylock.obj
 0001:00000f24       ?Release@?$CComContainedObject@VCOPOSKeylock@@@ATL@@WOI@EAAKXZ 0000000180001f24 f i Keylock.obj
 0001:00000f30       ?QueryInterface@?$CComContainedObject@VCOPOSKeylock@@@ATL@@WPA@EAAJAEBU_GUID@@PEAPEAX@Z 0000000180001f30 f i Keylock.obj
 0001:00000f3c       ?AddRef@?$CComContainedObject@VCOPOSKeylock@@@ATL@@WPA@EAAKXZ 0000000180001f3c f i Keylock.obj
 0001:00000f48       ?Release@?$CComContainedObject@VCOPOSKeylock@@@ATL@@WPA@EAAKXZ 0000000180001f48 f i Keylock.obj
 0001:00000f54       ?QueryInterface@?$CComContainedObject@VCOPOSKeylock@@@ATL@@WPI@EAAJAEBU_GUID@@PEAPEAX@Z 0000000180001f54 f i Keylock.obj
 0001:00000f60       ?AddRef@?$CComContainedObject@VCOPOSKeylock@@@ATL@@WPI@EAAKXZ 0000000180001f60 f i Keylock.obj
 0001:00000f6c       ?Release@?$CComContainedObject@VCOPOSKeylock@@@ATL@@WPI@EAAKXZ 0000000180001f6c f i Keylock.obj
 0001:00000f78       ?QueryInterface@?$CComContainedObject@VCOPOSKeylock@@@ATL@@WBAA@EAAJAEBU_GUID@@PEAPEAX@Z 0000000180001f78 f i Keylock.obj
 0001:00000f84       ?AddRef@?$CComContainedObject@VCOPOSKeylock@@@ATL@@WBAA@EAAKXZ 0000000180001f84 f i Keylock.obj
 0001:00000f90       ?Release@?$CComContainedObject@VCOPOSKeylock@@@ATL@@WBAA@EAAKXZ 0000000180001f90 f i Keylock.obj
 0001:00000f9c       ?QueryInterface@?$CComContainedObject@VCOPOSKeylock@@@ATL@@WBAI@EAAJAEBU_GUID@@PEAPEAX@Z 0000000180001f9c f i Keylock.obj
 0001:00000fa8       ?AddRef@?$CComContainedObject@VCOPOSKeylock@@@ATL@@WBAI@EAAKXZ 0000000180001fa8 f i Keylock.obj
 0001:00000fb4       ?Release@?$CComContainedObject@VCOPOSKeylock@@@ATL@@WBAI@EAAKXZ 0000000180001fb4 f i Keylock.obj
 0001:00000fc0       ?QueryInterface@?$CComContainedObject@VCOPOSKeylock@@@ATL@@WBBA@EAAJAEBU_GUID@@PEAPEAX@Z 0000000180001fc0 f i Keylock.obj
 0001:00000fcc       ?AddRef@?$CComContainedObject@VCOPOSKeylock@@@ATL@@WBBA@EAAKXZ 0000000180001fcc f i Keylock.obj
 0001:00000fd8       ?Release@?$CComContainedObject@VCOPOSKeylock@@@ATL@@WBBA@EAAKXZ 0000000180001fd8 f i Keylock.obj
 0001:00000fe4       ?QueryInterface@?$CComContainedObject@VCOPOSKeylock@@@ATL@@WBBI@EAAJAEBU_GUID@@PEAPEAX@Z 0000000180001fe4 f i Keylock.obj
 0001:00000ff0       ?AddRef@?$CComContainedObject@VCOPOSKeylock@@@ATL@@WBBI@EAAKXZ 0000000180001ff0 f i Keylock.obj
 0001:00000ffc       ?Release@?$CComContainedObject@VCOPOSKeylock@@@ATL@@WBBI@EAAKXZ 0000000180001ffc f i Keylock.obj
 0001:00001008       ?AddRef@?$CComContainedObject@VCOPOSKeylock@@@ATL@@WBCI@EAAKXZ 0000000180002008 f i Keylock.obj
 0001:00001014       ?Release@?$CComContainedObject@VCOPOSKeylock@@@ATL@@WBCI@EAAKXZ 0000000180002014 f i Keylock.obj
 0001:00001020       ?AddRef@?$CComContainedObject@VCOPOSKeylock@@@ATL@@WBEA@EAAKXZ 0000000180002020 f i Keylock.obj
 0001:0000102c       ?Release@?$CComContainedObject@VCOPOSKeylock@@@ATL@@WBEA@EAAKXZ 000000018000202c f i Keylock.obj
 0001:00001038       ?CreateInstance@CComClassFactory@ATL@@UEAAJPEAUIUnknown@@AEBU_GUID@@PEAPEAX@Z 0000000180002038 f i Keylock.obj
 0001:00001098       ?LockServer@CComClassFactory@ATL@@UEAAJH@Z 0000000180002098 f i Keylock.obj
 0001:000010bc       ??_ECComClassFactory@ATL@@UEAAPEAXI@Z 00000001800020bc f i Keylock.obj
 0001:000010bc       ??_GCComClassFactory@ATL@@UEAAPEAXI@Z 00000001800020bc f i Keylock.obj
 0001:0000110c       ?GetWindowProc@?$CWindowImplBaseT@VCWindow@ATL@@V?$CWinTraits@$0FGAAAAAA@$0A@@2@@ATL@@UEAAP6A_JPEAUHWND__@@I_K_J@ZXZ 000000018000210c f i Keylock.obj
 0001:00001114       ?StartWindowProc@?$CWindowImplBaseT@VCWindow@ATL@@V?$CWinTraits@$0FGAAAAAA@$0A@@2@@ATL@@SA_JPEAUHWND__@@I_K_J@Z 0000000180002114 f i Keylock.obj
 0001:000011c8       ?GetTypeInfoCount@?$IDispatchImpl@UIOPOSKeylock@@$1?IID_IOPOSKeylock@@3U_GUID@@B$1?LIBID_OposKeylock_CCO@@3U3@B$00$0A@VCComTypeInfoHolder@ATL@@@ATL@@UEAAJPEAI@Z 00000001800021c8 f i Keylock.obj
 0001:000011dc       ?GetTypeInfo@?$IDispatchImpl@UIOPOSKeylock@@$1?IID_IOPOSKeylock@@3U_GUID@@B$1?LIBID_OposKeylock_CCO@@3U3@B$00$0A@VCComTypeInfoHolder@ATL@@@ATL@@UEAAJIKPEAPEAUITypeInfo@@@Z 00000001800021dc f i Keylock.obj
 0001:00001240       ?GetIDsOfNames@?$IDispatchImpl@UIOPOSKeylock@@$1?IID_IOPOSKeylock@@3U_GUID@@B$1?LIBID_OposKeylock_CCO@@3U3@B$00$0A@VCComTypeInfoHolder@ATL@@@ATL@@UEAAJAEBU_GUID@@PEAPEA_WIKPEAJ@Z 0000000180002240 f i Keylock.obj
 0001:0000124c       ?Invoke@?$IDispatchImpl@UIOPOSKeylock@@$1?IID_IOPOSKeylock@@3U_GUID@@B$1?LIBID_OposKeylock_CCO@@3U3@B$00$0A@VCComTypeInfoHolder@ATL@@@ATL@@UEAAJJAEBU_GUID@@KGPEAUtagDISPPARAMS@@PEAUtagVARIANT@@PEAUtagEXCEPINFO@@PEAI@Z 000000018000224c f i Keylock.obj
 0001:000012dc       ?CreateControlWindow@?$CComControl@VCOPOSKeylock@@V?$CWindowImpl@VCOPOSKeylock@@VCWindow@ATL@@V?$CWinTraits@$0FGAAAAAA@$0A@@3@@ATL@@@ATL@@UEAAPEAUHWND__@@PEAU3@AEAUtagRECT@@@Z 00000001800022dc f i Keylock.obj
 0001:00001314       ?ControlQueryInterface@?$CComControl@VCOPOSKeylock@@V?$CWindowImpl@VCOPOSKeylock@@VCWindow@ATL@@V?$CWinTraits@$0FGAAAAAA@$0A@@3@@ATL@@@ATL@@UEAAJAEBU_GUID@@PEAPEAX@Z 0000000180002314 f i Keylock.obj
 0001:00001328       ?GetClassID@?$IPersistStorageImpl@VCOPOSKeylock@@@ATL@@UEAAJPEAU_GUID@@@Z 0000000180002328 f i Keylock.obj
 0001:00001328       ?GetClassID@?$IPersistStreamInitImpl@VCOPOSKeylock@@@ATL@@UEAAJPEAU_GUID@@@Z 0000000180002328 f i Keylock.obj
 0001:00001328       ?GetUserClassID@?$IOleObjectImpl@VCOPOSKeylock@@@ATL@@UEAAJPEAU_GUID@@@Z 0000000180002328 f i Keylock.obj
 0001:00001344       ?IsDirty@?$IPersistStreamInitImpl@VCOPOSKeylock@@@ATL@@UEAAJXZ 0000000180002344 f i Keylock.obj
 0001:00001360       ?Load@?$IPersistStreamInitImpl@VCOPOSKeylock@@@ATL@@UEAAJPEAUIStream@@@Z 0000000180002360 f i Keylock.obj
 0001:00001378       ?Save@?$IPersistStreamInitImpl@VCOPOSKeylock@@@ATL@@UEAAJPEAUIStream@@H@Z 0000000180002378 f i Keylock.obj
 0001:00001390       ?GetSizeMax@?$IPersistStreamInitImpl@VCOPOSKeylock@@@ATL@@UEAAJPEAT_ULARGE_INTEGER@@@Z 0000000180002390 f i Keylock.obj
 0001:000015b4       ?InitNew@?$IPersistStreamInitImpl@VCOPOSKeylock@@@ATL@@UEAAJXZ 00000001800025b4 f i Keylock.obj
 0001:000015cc       ?ContextSensitiveHelp@?$IOleInPlaceObjectWindowlessImpl@VCOPOSKeylock@@@ATL@@UEAAJH@Z 00000001800025cc f i Keylock.obj
 0001:000015cc       ?SODataDummy@COPOSKeylock@@MEAAJJ@Z 00000001800025cc f i Keylock.obj
 0001:000015cc       ?GetControlInfo@?$IOleControlImpl@VCOPOSKeylock@@@ATL@@UEAAJPEAUtagCONTROLINFO@@@Z 00000001800025cc f i Keylock.obj
 0001:000015cc       ?GetDropTarget@?$IOleInPlaceObjectWindowlessImpl@VCOPOSKeylock@@@ATL@@UEAAJPEAPEAUIDropTarget@@@Z 00000001800025cc f i Keylock.obj
 0001:000015cc       ?SetMoniker@?$IOleObjectImpl@VCOPOSKeylock@@@ATL@@UEAAJKPEAUIMoniker@@@Z 00000001800025cc f i Keylock.obj
 0001:000015cc       ?SetColorScheme@?$IOleObjectImpl@VCOPOSKeylock@@@ATL@@UEAAJPEAUtagLOGPALETTE@@@Z 00000001800025cc f i Keylock.obj
 0001:000015cc       ?ContextSensitiveHelp@?$IOleInPlaceActiveObjectImpl@VCOPOSKeylock@@@ATL@@UEAAJH@Z 00000001800025cc f i Keylock.obj
 0001:000015cc       ?QueryInterface@CRegObject@ATL@@UEAAJAEBU_GUID@@PEAPEAX@Z 00000001800025cc f i Keylock.obj
 0001:000015cc       ?GetClipboardData@?$IOleObjectImpl@VCOPOSKeylock@@@ATL@@UEAAJKPEAPEAUIDataObject@@@Z 00000001800025cc f i Keylock.obj
 0001:000015cc       ?SetData@?$IDataObjectImpl@VCOPOSKeylock@@@ATL@@UEAAJPEAUtagFORMATETC@@PEAUtagSTGMEDIUM@@H@Z 00000001800025cc f i Keylock.obj
 0001:000015cc       ?EnumFormatEtc@?$IDataObjectImpl@VCOPOSKeylock@@@ATL@@UEAAJKPEAPEAUIEnumFORMATETC@@@Z 00000001800025cc f i Keylock.obj
 0001:000015cc       ?OnMnemonic@?$IOleControlImpl@VCOPOSKeylock@@@ATL@@UEAAJPEAUtagMSG@@@Z 00000001800025cc f i Keylock.obj
 0001:000015cc       ?Unfreeze@?$IViewObjectExImpl@VCOPOSKeylock@@@ATL@@UEAAJK@Z 00000001800025cc f i Keylock.obj
 0001:000015cc       ?GetRect@?$IViewObjectExImpl@VCOPOSKeylock@@@ATL@@UEAAJKPEAU_RECTL@@@Z 00000001800025cc f i Keylock.obj
 0001:000015cc       ?SOErrorDummy@COPOSKeylock@@MEAAJJJJPEAJ@Z 00000001800025cc f i Keylock.obj
 0001:000015cc       ?InitFromData@?$IOleObjectImpl@VCOPOSKeylock@@@ATL@@UEAAJPEAUIDataObject@@HK@Z 00000001800025cc f i Keylock.obj
 0001:000015cc       ?QueryGetData@?$IDataObjectImpl@VCOPOSKeylock@@@ATL@@UEAAJPEAUtagFORMATETC@@@Z 00000001800025cc f i Keylock.obj
 0001:000015cc       ?GetCanonicalFormatEtc@?$IDataObjectImpl@VCOPOSKeylock@@@ATL@@UEAAJPEAUtagFORMATETC@@0@Z 00000001800025cc f i Keylock.obj
 0001:000015cc       ?Freeze@?$IViewObjectExImpl@VCOPOSKeylock@@@ATL@@UEAAJKJPEAXPEAK@Z 00000001800025cc f i Keylock.obj
 0001:000015cc       ?GetDataHere@?$IDataObjectImpl@VCOPOSKeylock@@@ATL@@UEAAJPEAUtagFORMATETC@@PEAUtagSTGMEDIUM@@@Z 00000001800025cc f i Keylock.obj
 0001:000015cc       ?GetMoniker@?$IOleObjectImpl@VCOPOSKeylock@@@ATL@@UEAAJKKPEAPEAUIMoniker@@@Z 00000001800025cc f i Keylock.obj
 0001:000015cc       ?SOOutputCompleteDummy@COPOSKeylock@@MEAAJJ@Z 00000001800025cc f i Keylock.obj
 0001:000015cc       ?GetColorSet@?$IViewObjectExImpl@VCOPOSKeylock@@@ATL@@UEAAJKJPEAXPEAUtagDVTARGETDEVICE@@PEAUHDC__@@PEAPEAUtagLOGPALETTE@@@Z 00000001800025cc f i Keylock.obj
 0001:000015cc       ?ReactivateAndUndo@?$IOleInPlaceObjectWindowlessImpl@VCOPOSKeylock@@@ATL@@UEAAJXZ 00000001800025cc f i Keylock.obj
 0001:000015d4       ?SetClientSite@?$IOleObjectImpl@VCOPOSKeylock@@@ATL@@UEAAJPEAUIOleClientSite@@@Z 00000001800025d4 f i Keylock.obj
 0001:000015f0       ?GetClientSite@?$IOleObjectImpl@VCOPOSKeylock@@@ATL@@UEAAJPEAPEAUIOleClientSite@@@Z 00000001800025f0 f i Keylock.obj
 0001:00001638       ?Close@?$IOleObjectImpl@VCOPOSKeylock@@@ATL@@UEAAJK@Z 0000000180002638 f i Keylock.obj
 0001:00001654       ?DoVerb@?$IOleObjectImpl@VCOPOSKeylock@@@ATL@@UEAAJJPEAUtagMSG@@PEAUIOleClientSite@@JPEAUHWND__@@PEBUtagRECT@@@Z 0000000180002654 f i Keylock.obj
 0001:000017f8       ?EnumVerbs@?$IOleObjectImpl@VCOPOSKeylock@@@ATL@@UEAAJPEAPEAUIEnumOLEVERB@@@Z 00000001800027f8 f i Keylock.obj
 0001:00001814       ?GetUserType@?$IOleObjectImpl@VCOPOSKeylock@@@ATL@@UEAAJKPEAPEA_W@Z 0000000180002814 f i Keylock.obj
 0001:00001824       ?SetExtent@?$IOleObjectImpl@VCOPOSKeylock@@@ATL@@UEAAJKPEAUtagSIZE@@@Z 0000000180002824 f i Keylock.obj
 0001:00001840       ?GetExtent@?$IOleObjectImpl@VCOPOSKeylock@@@ATL@@UEAAJKPEAUtagSIZE@@@Z 0000000180002840 f i Keylock.obj
 0001:00001870       ?Advise@?$IOleObjectImpl@VCOPOSKeylock@@@ATL@@UEAAJPEAUIAdviseSink@@PEAK@Z 0000000180002870 f i Keylock.obj
 0001:000018cc       ?Unadvise@?$IOleObjectImpl@VCOPOSKeylock@@@ATL@@UEAAJK@Z 00000001800028cc f i Keylock.obj
 0001:00001904       ?EnumAdvise@?$IOleObjectImpl@VCOPOSKeylock@@@ATL@@UEAAJPEAPEAUIEnumSTATDATA@@@Z 0000000180002904 f i Keylock.obj
 0001:0000194c       ?GetMiscStatus@?$IOleObjectImpl@VCOPOSKeylock@@@ATL@@UEAAJKPEAK@Z 000000018000294c f i Keylock.obj
 0001:0000195c       ?GetWindow@?$IOleInPlaceActiveObjectImpl@VCOPOSKeylock@@@ATL@@UEAAJPEAPEAUHWND__@@@Z 000000018000295c f i Keylock.obj
 0001:000019b0       ?TranslateAcceleratorW@?$IOleInPlaceActiveObjectImpl@VCOPOSKeylock@@@ATL@@UEAAJPEAUtagMSG@@@Z 00000001800029b0 f i Keylock.obj
 0001:00001aa4       ?OnDocWindowActivate@?$IOleInPlaceActiveObjectImpl@VCOPOSKeylock@@@ATL@@UEAAJH@Z 0000000180002aa4 f i Keylock.obj
 0001:00001ad0       ?Draw@?$IViewObjectExImpl@VCOPOSKeylock@@@ATL@@UEAAJKJPEAXPEAUtagDVTARGETDEVICE@@PEAUHDC__@@2PEBU_RECTL@@3P6AH_K@Z4@Z 0000000180002ad0 f i Keylock.obj
 0001:00001b34       ?SetAdvise@?$IViewObjectExImpl@VCOPOSKeylock@@@ATL@@UEAAJKKPEAUIAdviseSink@@@Z 0000000180002b34 f i Keylock.obj
 0001:00001b88       ?GetAdvise@?$IViewObjectExImpl@VCOPOSKeylock@@@ATL@@UEAAJPEAK0PEAPEAUIAdviseSink@@@Z 0000000180002b88 f i Keylock.obj
 0001:00001bc4       ?GetExtent@?$IViewObjectExImpl@VCOPOSKeylock@@@ATL@@UEAAJKJPEAUtagDVTARGETDEVICE@@PEAUtagSIZE@@@Z 0000000180002bc4 f i Keylock.obj
 0001:00001bf4       ?GetViewStatus@?$IViewObjectExImpl@VCOPOSKeylock@@@ATL@@UEAAJPEAK@Z 0000000180002bf4 f i Keylock.obj
 0001:00001c08       ?QueryHitPoint@?$IViewObjectExImpl@VCOPOSKeylock@@@ATL@@UEAAJKPEBUtagRECT@@UtagPOINT@@JPEAK@Z 0000000180002c08 f i Keylock.obj
 0001:00001c4c       ?QueryHitRect@?$IViewObjectExImpl@VCOPOSKeylock@@@ATL@@UEAAJKPEBUtagRECT@@0JPEAK@Z 0000000180002c4c f i Keylock.obj
 0001:00001cb4       ?GetNaturalExtent@?$IViewObjectExImpl@VCOPOSKeylock@@@ATL@@UEAAJKJPEAUtagDVTARGETDEVICE@@PEAUHDC__@@PEAUtagExtentInfo@@PEAUtagSIZE@@@Z 0000000180002cb4 f i Keylock.obj
 0001:00001cfc       ?GetWindow@?$IOleInPlaceObjectWindowlessImpl@VCOPOSKeylock@@@ATL@@UEAAJPEAPEAUHWND__@@@Z 0000000180002cfc f i Keylock.obj
 0001:00001d50       ?InPlaceDeactivate@?$IOleInPlaceObjectWindowlessImpl@VCOPOSKeylock@@@ATL@@UEAAJXZ 0000000180002d50 f i Keylock.obj
 0001:00001d6c       ?UIDeactivate@?$IOleInPlaceObjectWindowlessImpl@VCOPOSKeylock@@@ATL@@UEAAJXZ 0000000180002d6c f i Keylock.obj
 0001:00001d88       ?SetObjectRects@?$IOleInPlaceObjectWindowlessImpl@VCOPOSKeylock@@@ATL@@UEAAJPEBUtagRECT@@0@Z 0000000180002d88 f i Keylock.obj
 0001:00001da4       ?OnWindowMessage@?$IOleInPlaceObjectWindowlessImpl@VCOPOSKeylock@@@ATL@@UEAAJI_K_JPEA_J@Z 0000000180002da4 f i Keylock.obj
 0001:00001e6c       ?EnumConnectionPoints@?$IConnectionPointContainerImpl@VCOPOSKeylock@@@ATL@@UEAAJPEAPEAUIEnumConnectionPoints@@@Z 0000000180002e6c f i Keylock.obj
 0001:000020b4       ?FindConnectionPoint@?$IConnectionPointContainerImpl@VCOPOSKeylock@@@ATL@@UEAAJAEBU_GUID@@PEAPEAUIConnectionPoint@@@Z 00000001800030b4 f i Keylock.obj
 0001:00002184       ?IsDirty@?$IPersistStorageImpl@VCOPOSKeylock@@@ATL@@UEAAJXZ 0000000180003184 f i Keylock.obj
 0001:000021c4       ?InitNew@?$IPersistStorageImpl@VCOPOSKeylock@@@ATL@@UEAAJPEAUIStorage@@@Z 00000001800031c4 f i Keylock.obj
 0001:00002204       ?Load@?$IPersistStorageImpl@VCOPOSKeylock@@@ATL@@UEAAJPEAUIStorage@@@Z 0000000180003204 f i Keylock.obj
 0001:000022a4       ?Save@?$IPersistStorageImpl@VCOPOSKeylock@@@ATL@@UEAAJPEAUIStorage@@H@Z 00000001800032a4 f i Keylock.obj
 0001:00002354       ?GetPages@?$ISpecifyPropertyPagesImpl@VCOPOSKeylock@@@ATL@@UEAAJPEAUtagCAUUID@@@Z 0000000180003354 f i Keylock.obj
 0001:00002360       ?QuickActivate@?$IQuickActivateImpl@VCOPOSKeylock@@@ATL@@UEAAJPEAUtagQACONTAINER@@PEAUtagQACONTROL@@@Z 0000000180003360 f i Keylock.obj
 0001:0000237c       ?SetContentExtent@?$IQuickActivateImpl@VCOPOSKeylock@@@ATL@@UEAAJPEAUtagSIZE@@@Z 000000018000337c f i Keylock.obj
 0001:000023b0       ?GetContentExtent@?$IQuickActivateImpl@VCOPOSKeylock@@@ATL@@UEAAJPEAUtagSIZE@@@Z 00000001800033b0 f i Keylock.obj
 0001:000023e8       ?GetData@?$IDataObjectImpl@VCOPOSKeylock@@@ATL@@UEAAJPEAUtagFORMATETC@@PEAUtagSTGMEDIUM@@@Z 00000001800033e8 f i Keylock.obj
 0001:00002404       ?DAdvise@?$IDataObjectImpl@VCOPOSKeylock@@@ATL@@UEAAJPEAUtagFORMATETC@@KPEAUIAdviseSink@@PEAK@Z 0000000180003404 f i Keylock.obj
 0001:0000248c       ?DUnadvise@?$IDataObjectImpl@VCOPOSKeylock@@@ATL@@UEAAJK@Z 000000018000348c f i Keylock.obj
 0001:000024b8       ?EnumDAdvise@?$IDataObjectImpl@VCOPOSKeylock@@@ATL@@UEAAJPEAPEAUIEnumSTATDATA@@@Z 00000001800034b8 f i Keylock.obj
 0001:000024f4       ?GetClassInfoW@?$IProvideClassInfo2Impl@$1?CLSID_OPOSKeylock@@3U_GUID@@B$1?DIID__IOPOSKeylockEvents@@3U2@B$1?LIBID_OposKeylock_CCO@@3U2@B$00$0A@VCComTypeInfoHolder@ATL@@@ATL@@UEAAJPEAPEAUITypeInfo@@@Z 00000001800034f4 f i Keylock.obj
 0001:0000254c       ?GetGUID@?$IProvideClassInfo2Impl@$1?CLSID_OPOSKeylock@@3U_GUID@@B$1?DIID__IOPOSKeylockEvents@@3U2@B$1?LIBID_OposKeylock_CCO@@3U2@B$00$0A@VCComTypeInfoHolder@ATL@@@ATL@@UEAAJKPEAU_GUID@@@Z 000000018000354c f i Keylock.obj
 0001:00002580       _get_startup_argv_mode     0000000180003580 f i LIBCMT:argv_mode.obj
 0001:00002580       ?FAccessAllowed@?$IObjectSafetyImpl@VCOPOSKeylock@@$02@ATL@@MEAAHXZ 0000000180003580 f i Keylock.obj
 0001:00002580       ?AddRef@CRegObject@ATL@@UEAAKXZ 0000000180003580 f i Keylock.obj
 0001:00002588       ?GetInterfaceSafetyOptions@?$IObjectSafetyImpl@VCOPOSKeylock@@$02@ATL@@UEAAJAEBU_GUID@@PEAK1@Z 0000000180003588 f i Keylock.obj
 0001:0000261c       ?SetInterfaceSafetyOptions@?$IObjectSafetyImpl@VCOPOSKeylock@@$02@ATL@@UEAAJAEBU_GUID@@KK@Z 000000018000361c f i Keylock.obj
 0001:000026c0       ?_LocCPQueryInterface@?$IConnectionPointImpl@VCOPOSKeylock@@$1?DIID__IOPOSKeylockEvents@@3U_GUID@@BVCComDynamicUnkArray@ATL@@@ATL@@UEAAJAEBU_GUID@@PEAPEAX@Z 00000001800036c0 f i Keylock.obj
 0001:000026c0       ?_LocCPQueryInterface@?$IConnectionPointImpl@VCOPOSKeylock@@$1?IID_IPropertyNotifySink@@3U_GUID@@BVCComDynamicUnkArray@ATL@@@ATL@@UEAAJAEBU_GUID@@PEAPEAX@Z 00000001800036c0 f i Keylock.obj
 0001:00002734       ?GetConnectionInterface@?$IConnectionPointImpl@VCOPOSKeylock@@$1?IID_IPropertyNotifySink@@3U_GUID@@BVCComDynamicUnkArray@ATL@@@ATL@@UEAAJPEAU_GUID@@@Z 0000000180003734 f i Keylock.obj
 0001:00002750       ?GetConnectionPointContainer@?$IConnectionPointImpl@VCOPOSKeylock@@$1?IID_IPropertyNotifySink@@3U_GUID@@BVCComDynamicUnkArray@ATL@@@ATL@@UEAAJPEAPEAUIConnectionPointContainer@@@Z 0000000180003750 f i Keylock.obj
 0001:00002770       ?Advise@?$IConnectionPointImpl@VCOPOSKeylock@@$1?DIID__IOPOSKeylockEvents@@3U_GUID@@BVCComDynamicUnkArray@ATL@@@ATL@@UEAAJPEAUIUnknown@@PEAK@Z 0000000180003770 f i Keylock.obj
 0001:00002770       ?Advise@?$IConnectionPointImpl@VCOPOSKeylock@@$1?IID_IPropertyNotifySink@@3U_GUID@@BVCComDynamicUnkArray@ATL@@@ATL@@UEAAJPEAUIUnknown@@PEAK@Z 0000000180003770 f i Keylock.obj
 0001:0000282c       ?Unadvise@?$IConnectionPointImpl@VCOPOSKeylock@@$1?DIID__IOPOSKeylockEvents@@3U_GUID@@BVCComDynamicUnkArray@ATL@@@ATL@@UEAAJK@Z 000000018000382c f i Keylock.obj
 0001:0000282c       ?Unadvise@?$IConnectionPointImpl@VCOPOSKeylock@@$1?IID_IPropertyNotifySink@@3U_GUID@@BVCComDynamicUnkArray@ATL@@@ATL@@UEAAJK@Z 000000018000382c f i Keylock.obj
 0001:00002894       ?EnumConnections@?$IConnectionPointImpl@VCOPOSKeylock@@$1?DIID__IOPOSKeylockEvents@@3U_GUID@@BVCComDynamicUnkArray@ATL@@@ATL@@UEAAJPEAPEAUIEnumConnections@@@Z 0000000180003894 f i Keylock.obj
 0001:00002894       ?EnumConnections@?$IConnectionPointImpl@VCOPOSKeylock@@$1?IID_IPropertyNotifySink@@3U_GUID@@BVCComDynamicUnkArray@ATL@@@ATL@@UEAAJPEAPEAUIEnumConnections@@@Z 0000000180003894 f i Keylock.obj
 0001:00002a28       ?GetConnectionInterface@?$IConnectionPointImpl@VCOPOSKeylock@@$1?DIID__IOPOSKeylockEvents@@3U_GUID@@BVCComDynamicUnkArray@ATL@@@ATL@@UEAAJPEAU_GUID@@@Z 0000000180003a28 f i Keylock.obj
 0001:00002a44       ?GetConnectionPointContainer@?$IConnectionPointImpl@VCOPOSKeylock@@$1?DIID__IOPOSKeylockEvents@@3U_GUID@@BVCComDynamicUnkArray@ATL@@@ATL@@UEAAJPEAPEAUIConnectionPointContainer@@@Z 0000000180003a44 f i Keylock.obj
 0001:00002a64       ?Lock@CAtlModule@ATL@@UEAAJXZ 0000000180003a64 f i Keylock.obj
 0001:00002a74       ?Unlock@CAtlModule@ATL@@UEAAJXZ 0000000180003a74 f i Keylock.obj
 0001:00002a80       ?GetLockCount@CAtlModule@ATL@@UEAAJXZ 0000000180003a80 f i Keylock.obj
 0001:00002a84       ?GetGITPtr@CAtlModule@ATL@@UEAAJPEAPEAUIGlobalInterfaceTable@@@Z 0000000180003a84 f i Keylock.obj
 0001:00002af4       ?UpdateRegistry@COPOSKeylock@@SAJH@Z 0000000180003af4 f i Keylock.obj
 0001:00002b0c       ?ProcessWindowMessage@COPOSKeylock@@UEAAHPEAUHWND__@@I_K_JAEA_JK@Z 0000000180003b0c f i Keylock.obj
 0001:00002b9c       ?SODirectIO@COPOSKeylock@@MEAAJJPEAJPEAPEA_W@Z 0000000180003b9c f i Keylock.obj
 0001:00002c14       ?SOStatusUpdate@COPOSKeylock@@MEAAJJ@Z 0000000180003c14 f i Keylock.obj
 0001:00002c64       ?AddCommonRGSReplacements@?$CAtlModuleT@VCComModule@ATL@@@ATL@@UEAAJPEAUIRegistrarBase@@@Z 0000000180003c64 f i Keylock.obj
 0001:00002c7c       ?UpdateRegistryFromResourceD@CComModule@ATL@@UEAAJIHPEAU_ATL_REGMAP_ENTRY@2@@Z 0000000180003c7c f i Keylock.obj
 0001:00002c7c       ?UpdateRegistryFromResourceD@CComModule@ATL@@UEAAJPEB_WHPEAU_ATL_REGMAP_ENTRY@2@@Z 0000000180003c7c f i Keylock.obj
 0001:00002c84       ?UpdateRegistryFromResource@CComModule@ATL@@UEAAJPEB_WHPEAU_ATL_REGMAP_ENTRY@2@@Z 0000000180003c84 f i Keylock.obj
 0001:00002c8c       ?UpdateRegistryFromResource@CComModule@ATL@@UEAAJIHPEAU_ATL_REGMAP_ENTRY@2@@Z 0000000180003c8c f i Keylock.obj
 0001:00002c94       ??_ECComModule@ATL@@UEAAPEAXI@Z 0000000180003c94 f i Keylock.obj
 0001:00002c94       ??_GCComModule@ATL@@UEAAPEAXI@Z 0000000180003c94 f i Keylock.obj
 0001:00002cd4       ?CreateInstance@?$CComCreator@V?$CComObjectCached@VCComClassFactory@ATL@@@ATL@@@ATL@@SAJPEAXAEBU_GUID@@PEAPEAX@Z 0000000180003cd4 f i Keylock.obj
 0001:00002df8       ?CreateInstance@?$CComCreator2@V?$CComCreator@V?$CComObject@VCOPOSKeylock@@@ATL@@@ATL@@V?$CComCreator@V?$CComAggObject@VCOPOSKeylock@@@ATL@@@2@@ATL@@SAJPEAXAEBU_GUID@@PEAPEAX@Z 0000000180003df8 f i Keylock.obj
 0001:00002e08       ?AddRef@?$CComObjectCached@VCComClassFactory@ATL@@@ATL@@UEAAKXZ 0000000180003e08 f i Keylock.obj
 0001:00002e34       ?Release@?$CComObjectCached@VCComClassFactory@ATL@@@ATL@@UEAAKXZ 0000000180003e34 f i Keylock.obj
 0001:00002e74       ?QueryInterface@?$CComObjectCached@VCComClassFactory@ATL@@@ATL@@UEAAJAEBU_GUID@@PEAPEAX@Z 0000000180003e74 f i Keylock.obj
 0001:00002e88       ??_G?$CComObjectCached@VCComClassFactory@ATL@@@ATL@@UEAAPEAXI@Z 0000000180003e88 f i Keylock.obj
 0001:00002e88       ??_E?$CComObjectCached@VCComClassFactory@ATL@@@ATL@@UEAAPEAXI@Z 0000000180003e88 f i Keylock.obj
 0001:00002ee0       ?Next@?$CComEnumImpl@UIEnumConnectionPoints@@$1?_GUID_b196b285_bab4_101a_b69c_00aa00341d07@@3U__s_GUID@@BPEAUIConnectionPoint@@V?$_CopyInterface@UIConnectionPoint@@@ATL@@@ATL@@UEAAJKPEAPEAUIConnectionPoint@@PEAK@Z 0000000180003ee0 f i Keylock.obj
 0001:00002fa4       ?Skip@?$CComEnumImpl@UIEnumConnectionPoints@@$1?_GUID_b196b285_bab4_101a_b69c_00aa00341d07@@3U__s_GUID@@BPEAUIConnectionPoint@@V?$_CopyInterface@UIConnectionPoint@@@ATL@@@ATL@@UEAAJK@Z 0000000180003fa4 f i Keylock.obj
 0001:00002fd0       ?Clone@?$CComEnumImpl@UIEnumConnectionPoints@@$1?_GUID_b196b285_bab4_101a_b69c_00aa00341d07@@3U__s_GUID@@BPEAUIConnectionPoint@@V?$_CopyInterface@UIConnectionPoint@@@ATL@@@ATL@@UEAAJPEAPEAUIEnumConnectionPoints@@@Z 0000000180003fd0 f i Keylock.obj
 0001:000030fc       ?QueryInterface@?$CComObject@V?$CComEnum@UIEnumConnectionPoints@@$1?_GUID_b196b285_bab4_101a_b69c_00aa00341d07@@3U__s_GUID@@BPEAUIConnectionPoint@@V?$_CopyInterface@UIConnectionPoint@@@ATL@@VCComSingleThreadModel@6@@ATL@@@ATL@@UEAAJAEBU_GUID@@PEAPEAX@Z 00000001800040fc f i Keylock.obj
 0001:00003110       ??_G?$CComObject@V?$CComEnum@UIEnumConnectionPoints@@$1?_GUID_b196b285_bab4_101a_b69c_00aa00341d07@@3U__s_GUID@@BPEAUIConnectionPoint@@V?$_CopyInterface@UIConnectionPoint@@@ATL@@VCComSingleThreadModel@6@@ATL@@@ATL@@UEAAPEAXI@Z 0000000180004110 f i Keylock.obj
 0001:00003110       ??_E?$CComObject@V?$CComEnum@UIEnumConnectionPoints@@$1?_GUID_b196b285_bab4_101a_b69c_00aa00341d07@@3U__s_GUID@@BPEAUIConnectionPoint@@V?$_CopyInterface@UIConnectionPoint@@@ATL@@VCComSingleThreadModel@6@@ATL@@@ATL@@UEAAPEAXI@Z 0000000180004110 f i Keylock.obj
 0001:00003168       ?AddReplacement@CRegObject@ATL@@UEAAJPEB_W0@Z 0000000180004168 f i Keylock.obj
 0001:00003198       ?ClearReplacements@CRegObject@ATL@@UEAAJXZ 0000000180004198 f i Keylock.obj
 0001:000031a4       ??_GCRegObject@ATL@@UEAAPEAXI@Z 00000001800041a4 f i Keylock.obj
 0001:000031a4       ??_ECRegObject@ATL@@UEAAPEAXI@Z 00000001800041a4 f i Keylock.obj
 0001:00003224       ?AddRef@?$CComAggObject@VCOPOSKeylock@@@ATL@@UEAAKXZ 0000000180004224 f i Keylock.obj
 0001:00003230       ?Release@?$CComAggObject@VCOPOSKeylock@@@ATL@@UEAAKXZ 0000000180004230 f i Keylock.obj
 0001:00003284       ?QueryInterface@?$CComAggObject@VCOPOSKeylock@@@ATL@@UEAAJAEBU_GUID@@PEAPEAX@Z 0000000180004284 f i Keylock.obj
 0001:000032e4       ?AddRef@?$CComContainedObject@VCOPOSKeylock@@@ATL@@UEAAKXZ 00000001800042e4 f i Keylock.obj
 0001:000032f4       ?Release@?$CComContainedObject@VCOPOSKeylock@@@ATL@@UEAAKXZ 00000001800042f4 f i Keylock.obj
 0001:00003304       ?QueryInterface@?$CComContainedObject@VCOPOSKeylock@@@ATL@@UEAAJAEBU_GUID@@PEAPEAX@Z 0000000180004304 f i Keylock.obj
 0001:00003314       ??_G?$CComAggObject@VCOPOSKeylock@@@ATL@@UEAAPEAXI@Z 0000000180004314 f i Keylock.obj
 0001:00003314       ??_E?$CComAggObject@VCOPOSKeylock@@@ATL@@UEAAPEAXI@Z 0000000180004314 f i Keylock.obj
 0001:0000336c       ?AddRef@?$CComObject@VCOPOSKeylock@@@ATL@@UEAAKXZ 000000018000436c f i Keylock.obj
 0001:0000337c       ?Release@?$CComObject@VCOPOSKeylock@@@ATL@@UEAAKXZ 000000018000437c f i Keylock.obj
 0001:000033d4       ?QueryInterface@?$CComObject@VCOPOSKeylock@@@ATL@@UEAAJAEBU_GUID@@PEAPEAX@Z 00000001800043d4 f i Keylock.obj
 0001:000033e8       ?OnDrawAdvanced@CComControlBase@ATL@@UEAAJAEAUATL_DRAWINFO@@@Z 00000001800043e8 f i Keylock.obj
 0001:00003574       ??$AtlModuleRegisterWndClassInfoT@VAtlModuleRegisterWndClassInfoParamW@ATL@@@ATL@@YAGPEAU_ATL_BASE_MODULE70@0@PEAU_ATL_WIN_MODULE70@0@PEAU_ATL_WNDCLASSINFOW@0@PEAP6A_JPEAUHWND__@@I_K_J@ZVAtlModuleRegisterWndClassInfoParamW@0@@Z 0000000180004574 f i Keylock.obj
 0001:00003774       ??0?$CComContainedObject@VCOPOSKeylock@@@ATL@@QEAA@PEAX@Z 0000000180004774 f i Keylock.obj
 0001:00003890       ??0?$CComObject@VCOPOSKeylock@@@ATL@@QEAA@PEAX@Z 0000000180004890 f i Keylock.obj
 0001:000039a8       ??0CAtlModule@ATL@@QEAA@XZ 00000001800049a8 f i Keylock.obj
 0001:00003a1c       ??1?$CComEnumImpl@UIEnumConnectionPoints@@$1?_GUID_b196b285_bab4_101a_b69c_00aa00341d07@@3U__s_GUID@@BPEAUIConnectionPoint@@V?$_CopyInterface@UIConnectionPoint@@@ATL@@@ATL@@UEAA@XZ 0000000180004a1c f i Keylock.obj
 0001:00003a74       ??1?$CComEnumImpl@UIEnumConnections@@$1?_GUID_b196b287_bab4_101a_b69c_00aa00341d07@@3U__s_GUID@@BUtagCONNECTDATA@@V?$_Copy@UtagCONNECTDATA@@@ATL@@@ATL@@UEAA@XZ 0000000180004a74 f i Keylock.obj
 0001:00003acc       ??1?$CComObject@VCOPOSKeylock@@@ATL@@UEAA@XZ 0000000180004acc f i Keylock.obj
 0001:00003bec       ??_G?$CComContainedObject@VCOPOSKeylock@@@ATL@@UEAAPEAXI@Z 0000000180004bec f i Keylock.obj
 0001:00003bec       ??_E?$CComContainedObject@VCOPOSKeylock@@@ATL@@UEAAPEAXI@Z 0000000180004bec f i Keylock.obj
 0001:00003c20       ??_E?$CComObject@VCOPOSKeylock@@@ATL@@UEAAPEAXI@Z 0000000180004c20 f i Keylock.obj
 0001:00003c20       ??_G?$CComObject@VCOPOSKeylock@@@ATL@@UEAAPEAXI@Z 0000000180004c20 f i Keylock.obj
 0001:00003c54       ?Add@?$CSimpleArray@GV?$CSimpleArrayEqualHelper@G@ATL@@@ATL@@QEAAHAEBG@Z 0000000180004c54 f i Keylock.obj
 0001:00003cf4       ?Add@?$CSimpleMap@PEA_WPEA_WVCExpansionVectorEqualHelper@ATL@@@ATL@@QEAAHAEBQEA_W0@Z 0000000180004cf4 f i Keylock.obj
 0001:00003d90       ?Add@CComDynamicUnkArray@ATL@@QEAAKPEAUIUnknown@@@Z 0000000180004d90 f i Keylock.obj
 0001:00003e74       ?Add@CExpansionVector@ATL@@QEAAHPEB_W0@Z 0000000180004e74 f i Keylock.obj
 0001:00003fa8       ?AddTermFunc@CAtlModule@ATL@@QEAAJP6AX_K@Z0@Z 0000000180004fa8 f i Keylock.obj
 0001:00004044       ?AddValue@CRegParser@ATL@@IEAAJAEAVCRegKey@2@PEB_WPEA_W@Z 0000000180005044 f i Keylock.obj
 0001:00004454       ?AllocateHeap@?$CTempBuffer@_W$0BAA@VCCRTAllocator@ATL@@@ATL@@AEAAX_K@Z 0000000180005454 f i Keylock.obj
 0001:00004454       ?AllocateHeap@?$CTempBuffer@E$0BAA@VCCRTAllocator@ATL@@@ATL@@AEAAX_K@Z 0000000180005454 f i Keylock.obj
 0001:00004454       ?AllocateHeap@?$CTempBuffer@_W$0EAA@VCCRTAllocator@ATL@@@ATL@@AEAAX_K@Z 0000000180005454 f i Keylock.obj
 0001:00004480       ?Append@CParseBuffer@CRegParser@ATL@@QEAAHPEB_WH@Z 0000000180005480 f i Keylock.obj
 0001:000045b4       ?AtlComModuleGetClassObject@ATL@@YAJPEAU_ATL_COM_MODULE70@1@AEBU_GUID@@1PEAPEAX@Z 00000001800055b4 f i Keylock.obj
 0001:000046f0       ?AtlComModuleRegisterServer@ATL@@YAJPEAU_ATL_COM_MODULE70@1@HPEBU_GUID@@@Z 00000001800056f0 f i Keylock.obj
 0001:000047b0       ?AtlComModuleUnregisterServer@ATL@@YAJPEAU_ATL_COM_MODULE70@1@HPEBU_GUID@@@Z 00000001800057b0 f i Keylock.obj
 0001:0000486c       ?AtlHiMetricToPixel@ATL@@YAXPEBUtagSIZE@@PEAU2@@Z 000000018000586c f i Keylock.obj
 0001:0000491c       ?AtlHresultFromLastError@ATL@@YAJXZ 000000018000591c f i Keylock.obj
 0001:0000493c       ?AtlHresultFromWin32@ATL@@YAJK@Z 000000018000593c f i Keylock.obj
 0001:0000494c       ?AtlInternalOleLoadFromStream@ATL@@YAJPEAUIStream@@AEBU_GUID@@PEAPEAXTClassesAllowedInStream@1@K@Z 000000018000594c f i Keylock.obj
 0001:00004a9c       ?AtlInternalQueryInterface@ATL@@YAJPEAXPEBU_ATL_INTMAP_ENTRY@1@AEBU_GUID@@PEAPEAX@Z 0000000180005a9c f i Keylock.obj
 0001:00004ba4       ?AtlLoadTypeLib@ATL@@YAJPEAUHINSTANCE__@@PEB_WPEAPEA_WPEAPEAUITypeLib@@@Z 0000000180005ba4 f i Keylock.obj
 0001:00004e00       ?AtlRegisterClassCategoriesHelper@ATL@@YAJAEBU_GUID@@PEBU_ATL_CATMAP_ENTRY@1@H@Z 0000000180005e00 f i Keylock.obj
 0001:00005284       ?AtlRegisterTypeLib@ATL@@YAJPEAUHINSTANCE__@@PEB_W@Z 0000000180006284 f i Keylock.obj
 0001:00005480       ?AtlThrowImpl@ATL@@YAXJ@Z  0000000180006480 f i Keylock.obj
 0001:000054a4       ?AtlUnRegisterTypeLib@ATL@@YAJPEAUHINSTANCE__@@PEB_W@Z 00000001800064a4 f i Keylock.obj
 0001:0000556c       ?AtlWinModuleExtractCreateWndData@ATL@@YAPEAXPEAU_ATL_WIN_MODULE70@1@@Z 000000018000656c f i Keylock.obj
 0001:000055f8       ?ChToByte@CRegParser@ATL@@KAE_W@Z 00000001800065f8 f i Keylock.obj
 0001:00005684       ?Cleanup@CComTypeInfoHolder@ATL@@SAX_K@Z 0000000180006684 f i Keylock.obj
 0001:000056c4       ?ClearReplacements@CExpansionVector@ATL@@QEAAJXZ 00000001800066c4 f i Keylock.obj
 0001:00005760       ?CreateInstance@?$CComCreator@V?$CComAggObject@VCOPOSKeylock@@@ATL@@@ATL@@SAJPEAXAEBU_GUID@@PEAPEAX@Z 0000000180006760 f i Keylock.obj
 0001:00005844       ?CreateInstance@?$CComCreator@V?$CComObject@VCOPOSKeylock@@@ATL@@@ATL@@SAJPEAXAEBU_GUID@@PEAPEAX@Z 0000000180006844 f i Keylock.obj
 0001:00005904       ?CreateInstance@?$CComObject@V?$CComEnum@UIEnumConnectionPoints@@$1?_GUID_b196b285_bab4_101a_b69c_00aa00341d07@@3U__s_GUID@@BPEAUIConnectionPoint@@V?$_CopyInterface@UIConnectionPoint@@@ATL@@VCComSingleThreadModel@6@@ATL@@@ATL@@SAJPEAPEAV12@@Z 0000000180006904 f i Keylock.obj
 0001:00005994       ?CreateInstance@?$CComObject@V?$CComEnum@UIEnumConnections@@$1?_GUID_b196b287_bab4_101a_b69c_00aa00341d07@@3U__s_GUID@@BUtagCONNECTDATA@@V?$_Copy@UtagCONNECTDATA@@@ATL@@VCComSingleThreadModel@6@@ATL@@@ATL@@SAJPEAPEAV12@@Z 0000000180006994 f i Keylock.obj
 0001:00005a24       ?DefaultReflectionHandler@?$CWindowImplRoot@VCWindow@ATL@@@ATL@@SAHPEAUHWND__@@I_K_JAEA_J@Z 0000000180006a24 f i Keylock.obj
 0001:00005ab8       ?DeleteSubKey@CRegKey@ATL@@QEAAJPEB_W@Z 0000000180006ab8 f i Keylock.obj
 0001:00005b50       ?DoEvent@COPOSKeylock@@IEAAXI_K_J@Z 0000000180006b50 f i Keylock.obj
 0001:00005c04       ?DoVerbPrimary@?$IOleObjectImpl@VCOPOSKeylock@@@ATL@@QEAAJPEBUtagRECT@@PEAUHWND__@@@Z 0000000180006c04 f i Keylock.obj
 0001:00005d30       ?DoVerbProperties@CComControlBase@ATL@@QEAAJPEBUtagRECT@@PEAUHWND__@@@Z 0000000180006d30 f i Keylock.obj
 0001:00005f58       ?FireTheEvent@?$CProxy_IOPOSEvents@VCOPOSKeylock@@@@IEAAXPEAVOposVariant@@IAEAJPEB_WJ@Z 0000000180006f58 f i Keylock.obj
 0001:00006044       ?FireViewChange@CComControlBase@ATL@@QEAAJXZ 0000000180007044 f i Keylock.obj
 0001:000060a8       ?Fire_DirectIOEvent@?$CProxy_IOPOSEvents@VCOPOSKeylock@@@@QEAAXJPEAJPEAPEA_W@Z 00000001800070a8 f i Keylock.obj
 0001:00006208       ?Fire_StatusUpdateEvent@?$CProxy_IOPOSEvents@VCOPOSKeylock@@@@QEAAXJ@Z 0000000180007208 f i Keylock.obj
 0001:000062f4       ?FreeHeap@?$CTempBuffer@E$0BAA@VCCRTAllocator@ATL@@@ATL@@AEAAXXZ 00000001800072f4 f i Keylock.obj
 0001:000062f4       ?FreeHeap@?$CTempBuffer@_W$0EAA@VCCRTAllocator@ATL@@@ATL@@AEAAXXZ 00000001800072f4 f i Keylock.obj
 0001:000062f4       ?FreeHeap@?$CTempBuffer@_W$0BAA@VCCRTAllocator@ATL@@@ATL@@AEAAXXZ 00000001800072f4 f i Keylock.obj
 0001:000062fc       ?GetAmbientLocaleID@CComControlBase@ATL@@QEAAJAEAK@Z 00000001800072fc f i Keylock.obj
 0001:000063bc       ?GetAmbientUserMode@CComControlBase@ATL@@QEAAJAEAH@Z 00000001800073bc f i Keylock.obj
 0001:0000648c       ?GetClassObject@CComModule@ATL@@QEAAJAEBU_GUID@@0PEAPEAX@Z 000000018000748c f i Keylock.obj
 0001:00006580       ?GetConnMap@COPOSKeylock@@SAPEBU_ATL_CONNMAP_ENTRY@ATL@@PEAH@Z 0000000180007580 f i Keylock.obj
 0001:00006608       ?GetIDsOfNames@CComTypeInfoHolder@ATL@@QEAAJAEBU_GUID@@PEAPEA_WIKPEAJ@Z 0000000180007608 f i Keylock.obj
 0001:00006778       ?GetPagesHelper@?$ISpecifyPropertyPagesImpl@VCOPOSKeylock@@@ATL@@IEAAJPEAUtagCAUUID@@PEBUATL_PROPMAP_ENTRY@2@@Z 0000000180007778 f i Keylock.obj
 0001:00006918       ?GetSizeMax@CComVariant@ATL@@QEBAJPEAT_ULARGE_INTEGER@@@Z 0000000180007918 f i Keylock.obj
 0001:00006b48       ?GetTI@CComTypeInfoHolder@ATL@@QEAAJK@Z 0000000180007b48 f i Keylock.obj
 0001:00006e2c       ?GetZoomInfo@CComControlBase@ATL@@QEAAXAEAUATL_DRAWINFO@@@Z 0000000180007e2c f i Keylock.obj
 0001:00006ed0       ?HKeyFromString@CRegParser@ATL@@KAPEAUHKEY__@@PEA_W@Z 0000000180007ed0 f i Keylock.obj
 0001:00006f34       ?IDataObject_GetData@CComControlBase@ATL@@QEAAJPEAUtagFORMATETC@@PEAUtagSTGMEDIUM@@@Z 0000000180007f34 f i Keylock.obj
 0001:00007128       ?IOleInPlaceObject_InPlaceDeactivate@CComControlBase@ATL@@QEAAJXZ 0000000180008128 f i Keylock.obj
 0001:000071c8       ?IOleInPlaceObject_SetObjectRects@CComControlBase@ATL@@QEAAJPEBUtagRECT@@0@Z 00000001800081c8 f i Keylock.obj
 0001:000072b8       ?IOleInPlaceObject_UIDeactivate@CComControlBase@ATL@@QEAAJXZ 00000001800082b8 f i Keylock.obj
 0001:000073c4       ?IOleObject_Close@CComControlBase@ATL@@QEAAJK@Z 00000001800083c4 f i Keylock.obj
 0001:000074dc       ?IOleObject_SetClientSite@CComControlBase@ATL@@QEAAJPEAUIOleClientSite@@@Z 00000001800084dc f i Keylock.obj
 0001:00007550       ?IOleObject_SetExtent@CComControlBase@ATL@@QEAAJKPEAUtagSIZE@@@Z 0000000180008550 f i Keylock.obj
 0001:000075e8       ?IPSI_GetIPersistStreamInit@?$IPersistStorageImpl@VCOPOSKeylock@@@ATL@@AEAAPEAUIPersistStreamInit@@XZ 00000001800085e8 f i Keylock.obj
 0001:000076d0       ?IPersistStreamInit_Load@?$IPersistStreamInitImpl@VCOPOSKeylock@@@ATL@@QEAAJPEAUIStream@@PEBUATL_PROPMAP_ENTRY@2@@Z 00000001800086d0 f i Keylock.obj
 0001:000079f8       ?IPersistStreamInit_Save@?$IPersistStreamInitImpl@VCOPOSKeylock@@@ATL@@QEAAJPEAUIStream@@HPEBUATL_PROPMAP_ENTRY@2@@Z 00000001800089f8 f i Keylock.obj
 0001:00007c94       ?IQuickActivate_QuickActivate@CComControlBase@ATL@@QEAAJPEAUtagQACONTAINER@@PEAUtagQACONTROL@@@Z 0000000180008c94 f i Keylock.obj
 0001:00007f58       ?IViewObject_Draw@CComControlBase@ATL@@QEAAJKJPEAXPEAUtagDVTARGETDEVICE@@PEAUHDC__@@2PEBU_RECTL@@3@Z 0000000180008f58 f i Keylock.obj
 0001:0000806c       ?InPlaceActivate@CComControlBase@ATL@@QEAAJJPEBUtagRECT@@@Z 000000018000906c f i Keylock.obj
 0001:0000839c       ?Init@?$CComEnumImpl@UIEnumConnectionPoints@@$1?_GUID_b196b285_bab4_101a_b69c_00aa00341d07@@3U__s_GUID@@BPEAUIConnectionPoint@@V?$_CopyInterface@UIConnectionPoint@@@ATL@@@ATL@@QEAAJPEAPEAUIConnectionPoint@@0PEAUIUnknown@@W4CComEnumFlags@2@@Z 000000018000939c f i Keylock.obj
 0001:000084b8       ?Init@?$CComEnumImpl@UIEnumConnections@@$1?_GUID_b196b287_bab4_101a_b69c_00aa00341d07@@3U__s_GUID@@BUtagCONNECTDATA@@V?$_Copy@UtagCONNECTDATA@@@ATL@@@ATL@@QEAAJPEAUtagCONNECTDATA@@0PEAUIUnknown@@W4CComEnumFlags@2@@Z 00000001800094b8 f i Keylock.obj
 0001:000085d8       ?IsEqualObject@?$CComPtrBase@UIOleClientSite@@@ATL@@QEAA_NPEAUIUnknown@@@Z 00000001800095d8 f i Keylock.obj
 0001:00008664       ?LoadNameCache@CComTypeInfoHolder@ATL@@QEAAJPEAUITypeInfo@@@Z 0000000180009664 f i Keylock.obj
 0001:000087f4       ?Lookup@?$CSimpleMap@PEA_WPEA_WVCExpansionVectorEqualHelper@ATL@@@ATL@@QEBAPEA_WAEBQEA_W@Z 00000001800097f4 f i Keylock.obj
 0001:0000887c       ?NextToken@CRegParser@ATL@@IEAAJPEA_W@Z 000000018000987c f i Keylock.obj
 0001:00008a18       ?OnKillFocus@CComControlBase@ATL@@QEAA_JI_K_JAEAH@Z 0000000180009a18 f i Keylock.obj
 0001:00008ab4       ?OnMouseActivate@CComControlBase@ATL@@QEAA_JI_K_JAEAH@Z 0000000180009ab4 f i Keylock.obj
 0001:00008b54       ?OnPaint@CComControlBase@ATL@@QEAA_JI_K_JAEAH@Z 0000000180009b54 f i Keylock.obj
 0001:00008c40       ?OnSetFocus@CComControlBase@ATL@@QEAA_JI_K_JAEAH@Z 0000000180009c40 f i Keylock.obj
 0001:00008d48       ?PreProcessBuffer@CRegParser@ATL@@QEAAJPEA_WPEAPEA_W@Z 0000000180009d48 f i Keylock.obj
 0001:000090d0       ?ProcessWindowMessage@?$CComControl@VCOPOSKeylock@@V?$CWindowImpl@VCOPOSKeylock@@VCWindow@ATL@@V?$CWinTraits@$0FGAAAAAA@$0A@@3@@ATL@@@ATL@@UEAAHPEAUHWND__@@I_K_JAEA_JK@Z 000000018000a0d0 f i Keylock.obj
 0001:000091bc       ?ReadFromStream@CComBSTR@ATL@@QEAAJPEAUIStream@@@Z 000000018000a1bc f i Keylock.obj
 0001:0000930c       ?ReadFromStream@CComVariant@ATL@@QEAAJPEAUIStream@@GTClassesAllowedInStream@2@K@Z 000000018000a30c f i Keylock.obj
 0001:00009550       ?RecurseDeleteKey@CRegKey@ATL@@QEAAJPEB_W@Z 000000018000a550 f i Keylock.obj
 0001:000096a8       ?RegCreateKeyExW@CAtlTransactionManager@ATL@@QEAAJPEAUHKEY__@@PEB_WKPEA_WKKQEAU_SECURITY_ATTRIBUTES@@PEAPEAU3@PEAK@Z 000000018000a6a8 f i Keylock.obj
 0001:000097dc       ?RegDeleteKeyW@CAtlTransactionManager@ATL@@QEAAJPEAUHKEY__@@PEB_W@Z 000000018000a7dc f i Keylock.obj
 0001:00009868       ?RegOpenKeyExW@CAtlTransactionManager@ATL@@QEAAJPEAUHKEY__@@PEB_WKKPEAPEAU3@@Z 000000018000a868 f i Keylock.obj
 0001:00009920       ?RegisterBuffer@CRegParser@ATL@@QEAAJPEA_WH@Z 000000018000a920 f i Keylock.obj
 0001:00009a8c       ?RegisterFromResource@CRegObject@ATL@@IEAAJPEB_W00H@Z 000000018000aa8c f i Keylock.obj
 0001:00009c48       ?RegisterServer@CComModule@ATL@@QEAAJHPEBU_GUID@@@Z 000000018000ac48 f i Keylock.obj
 0001:00009d04       ?RegisterSubkeys@CRegParser@ATL@@IEAAJPEA_WPEAUHKEY__@@HH@Z 000000018000ad04 f i Keylock.obj
 0001:0000a584       ?SendOnDataChange@CComControlBase@ATL@@QEAAJK@Z 000000018000b584 f i Keylock.obj
 0001:0000a5f4       ?SetControlFocus@CComControlBase@ATL@@QEAAHH@Z 000000018000b5f4 f i Keylock.obj
 0001:0000a6c4       ?SkipAssignment@CRegParser@ATL@@IEAAJPEA_W@Z 000000018000b6c4 f i Keylock.obj
 0001:0000a77c       ?Term@CAtlModule@ATL@@QEAAXXZ 000000018000b77c f i Keylock.obj
 0001:0000a834       ?Term@CComModule@ATL@@QEAAXXZ 000000018000b834 f i Keylock.obj
 0001:0000a8b0       ?UnregisterServer@CComModule@ATL@@QEAAJHPEBU_GUID@@@Z 000000018000b8b0 f i Keylock.obj
 0001:0000a960       ?UpdateRegistryFromResource@CAtlModule@ATL@@QEAAJIHPEAU_ATL_REGMAP_ENTRY@2@@Z 000000018000b960 f i Keylock.obj
 0001:0000ac6c       ?UpdateRegistryFromResource@CAtlModule@ATL@@QEAAJPEB_WHPEAU_ATL_REGMAP_ENTRY@2@@Z 000000018000bc6c f i Keylock.obj
 0001:0000af90       ?VTFromRegType@CRegParser@ATL@@KAHPEB_WAEAG@Z 000000018000bf90 f i Keylock.obj
 0001:0000b02c       ?WindowProc@?$CWindowImplBaseT@VCWindow@ATL@@V?$CWinTraits@$0FGAAAAAA@$0A@@2@@ATL@@SA_JPEAUHWND__@@I_K_J@Z 000000018000c02c f i Keylock.obj
 0001:0000b198       ?WriteToStream@CComVariant@ATL@@QEAAJPEAUIStream@@@Z 000000018000c198 f i Keylock.obj
 0001:0000b404       ?WriteToStream@CComVariant@ATL@@QEAAJPEAUIStream@@G@Z 000000018000c404 f i Keylock.obj
 0001:0000b49c       ?_AtlVerifyStackAvailable@_ATL_SAFE_ALLOCA_IMPL@ATL@@YA_N_K@Z 000000018000c49c f i Keylock.obj
 0001:0000b520       ?atlCreate@?$CWindowImpl@VCOPOSKeylock@@VCWindow@ATL@@V?$CWinTraits@$0FGAAAAAA@$0A@@3@@ATL@@QEAAPEAUHWND__@@PEAU3@V_U_RECT@2@PEB_WKKV_U_MENUorID@2@PEAX@Z 000000018000c520 f i Keylock.obj
 0001:0000b5dc       ?atlCreate@?$CWindowImplBaseT@VCWindow@ATL@@V?$CWinTraits@$0FGAAAAAA@$0A@@2@@ATL@@QEAAPEAUHWND__@@PEAU3@V_U_RECT@2@PEB_WKKV_U_MENUorID@2@GPEAX@Z 000000018000c5dc f i Keylock.obj
 0001:0000b74c       ?ocscpy_s@@YA_NPEA_W_KPEB_W@Z 000000018000c74c f i Keylock.obj
 0001:0000b7fc       DllCanUnloadNow            000000018000c7fc f   Keylock.obj
 0001:0000b808       DllGetClassObject          000000018000c808 f   Keylock.obj
 0001:0000b820       DllMain                    000000018000c820 f   Keylock.obj
 0001:0000b8c8       DllRegisterServer          000000018000c8c8 f   Keylock.obj
 0001:0000b8dc       DllUnregisterServer        000000018000c8dc f   Keylock.obj
 0001:0000b8f0       __local_stdio_printf_options 000000018000c8f0 f i Keylock.obj
 0001:0000b8f8       swprintf_s                 000000018000c8f8 f i Keylock.obj
 0001:0000b94c       ??0COPOSKeylock@@QEAA@XZ   000000018000c94c f   KeylockImpl.obj
 0001:0000ba08       ??1?$IConnectionPointImpl@VCOPOSKeylock@@$1?IID_IPropertyNotifySink@@3U_GUID@@BVCComDynamicUnkArray@ATL@@@ATL@@QEAA@XZ 000000018000ca08 f i KeylockImpl.obj
 0001:0000ba08       ??1?$IConnectionPointImpl@VCOPOSKeylock@@$1?DIID__IOPOSKeylockEvents@@3U_GUID@@BVCComDynamicUnkArray@ATL@@@ATL@@QEAA@XZ 000000018000ca08 f i KeylockImpl.obj
 0001:0000ba64       ??1CComControlBase@ATL@@UEAA@XZ 000000018000ca64 f i KeylockImpl.obj
 0001:0000bae0       ??1COPOSKeylock@@UEAA@XZ   000000018000cae0 f   KeylockImpl.obj
 0001:0000bb44       ?CheckHealth@COPOSKeylock@@UEAAJJPEAJ@Z 000000018000cb44 f   KeylockImpl.obj
 0001:0000bbc0       ?ClaimDevice@COPOSKeylock@@UEAAJJPEAJ@Z 000000018000cbc0 f   KeylockImpl.obj
 0001:0000bc58       ?Close@COPOSKeylock@@UEAAJPEAJ@Z 000000018000cc58 f   KeylockImpl.obj
 0001:0000bd10       ?CompareFirmwareVersion@COPOSKeylock@@UEAAJPEA_WPEAJ1@Z 000000018000cd10 f   KeylockImpl.obj
 0001:0000bdec       ?DirectIO@COPOSKeylock@@UEAAJJPEAJPEAPEA_W0@Z 000000018000cdec f   KeylockImpl.obj
 0001:0000bee8       ?DoInvoke@COPOSKeylock@@IEAAJJPEAVOposVariant@@IHPEAJ_N@Z 000000018000cee8 f   KeylockImpl.obj
 0001:0000c01c       ?EventInit@COPOSKeylock@@IEAAJXZ 000000018000d01c f i KeylockImpl.obj
 0001:0000c16c       ?EventUninit@COPOSKeylock@@IEAAXXZ 000000018000d16c f i KeylockImpl.obj
 0001:0000c1d0       ?EventWindowProc@COPOSKeylock@@IEAA_JI_K_J@Z 000000018000d1d0 f i KeylockImpl.obj
 0001:0000c294       ?FinalConstruct@COPOSKeylock@@QEAAJXZ 000000018000d294 f   KeylockImpl.obj
 0001:0000c2d0       ?FreezeEvents@COPOSKeylock@@MEAAJH@Z 000000018000d2d0 f   KeylockImpl.obj
 0001:0000c33c       ?GetOposProp@COPOSKeylock@@IEAAJJPEAJJ@Z 000000018000d33c f   KeylockImpl.obj
 0001:0000c458       ?GetOposProp@COPOSKeylock@@IEAAJJPEAPEA_WJ@Z 000000018000d458 f   KeylockImpl.obj
 0001:0000c584       ?OnDraw@COPOSKeylock@@MEAAJAEAUATL_DRAWINFO@@@Z 000000018000d584 f   KeylockImpl.obj
 0001:0000c670       ?Open@COPOSKeylock@@UEAAJPEA_WPEAJ@Z 000000018000d670 f   KeylockImpl.obj
 0001:0000cee4       ?ReleaseDevice@COPOSKeylock@@UEAAJPEAJ@Z 000000018000dee4 f   KeylockImpl.obj
 0001:0000cf28       ?ResetStatistics@COPOSKeylock@@UEAAJPEA_WPEAJ@Z 000000018000df28 f   KeylockImpl.obj
 0001:0000cfb0       ?RetrieveStatistics@COPOSKeylock@@UEAAJPEAPEA_WPEAJ@Z 000000018000dfb0 f   KeylockImpl.obj
 0001:0000d038       ?SOProcessID@COPOSKeylock@@UEAAJPEAJ@Z 000000018000e038 f   KeylockImpl.obj
 0001:0000d054       ?SetCOFreezeEvents@COPOSKeylock@@IEAAXF@Z 000000018000e054 f   KeylockImpl.obj
 0001:0000d138       ?SetOposProp@COPOSKeylock@@IEAAJJJJ@Z 000000018000e138 f   KeylockImpl.obj
 0001:0000d298       ?UpdateFirmware@COPOSKeylock@@UEAAJPEA_WPEAJ@Z 000000018000e298 f   KeylockImpl.obj
 0001:0000d320       ?UpdateStatistics@COPOSKeylock@@UEAAJPEA_WPEAJ@Z 000000018000e320 f   KeylockImpl.obj
 0001:0000d3a8       ?WaitForKeylockChange@COPOSKeylock@@UEAAJJJPEAJ@Z 000000018000e3a8 f   KeylockImpl.obj
 0001:0000d474       ?get_BinaryConversion@COPOSKeylock@@UEAAJPEAJ@Z 000000018000e474 f   KeylockImpl.obj
 0001:0000d488       ?get_CapCompareFirmwareVersion@COPOSKeylock@@UEAAJPEAF@Z 000000018000e488 f   KeylockImpl.obj
 0001:0000d4bc       ?get_CapKeylockType@COPOSKeylock@@UEAAJPEAJ@Z 000000018000e4bc f   KeylockImpl.obj
 0001:0000d4d0       ?get_CapPowerReporting@COPOSKeylock@@UEAAJPEAJ@Z 000000018000e4d0 f   KeylockImpl.obj
 0001:0000d4e4       ?get_CapStatisticsReporting@COPOSKeylock@@UEAAJPEAF@Z 000000018000e4e4 f   KeylockImpl.obj
 0001:0000d518       ?get_CapUpdateFirmware@COPOSKeylock@@UEAAJPEAF@Z 000000018000e518 f   KeylockImpl.obj
 0001:0000d54c       ?get_CapUpdateStatistics@COPOSKeylock@@UEAAJPEAF@Z 000000018000e54c f   KeylockImpl.obj
 0001:0000d580       ?get_CheckHealthText@COPOSKeylock@@UEAAJPEAPEA_W@Z 000000018000e580 f   KeylockImpl.obj
 0001:0000d590       ?get_Claimed@COPOSKeylock@@UEAAJPEAF@Z 000000018000e590 f   KeylockImpl.obj
 0001:0000d5c0       ?get_ControlObjectDescription@COPOSKeylock@@UEAAJPEAPEA_W@Z 000000018000e5c0 f   KeylockImpl.obj
 0001:0000d624       ?get_ControlObjectVersion@COPOSKeylock@@UEAAJPEAJ@Z 000000018000e624 f   KeylockImpl.obj
 0001:0000d630       ?get_DeviceDescription@COPOSKeylock@@UEAAJPEAPEA_W@Z 000000018000e630 f   KeylockImpl.obj
 0001:0000d640       ?get_DeviceEnabled@COPOSKeylock@@UEAAJPEAF@Z 000000018000e640 f   KeylockImpl.obj
 0001:0000d670       ?get_DeviceName@COPOSKeylock@@UEAAJPEAPEA_W@Z 000000018000e670 f   KeylockImpl.obj
 0001:0000d680       ?get_ElectronicKeyValue@COPOSKeylock@@UEAAJPEAPEA_W@Z 000000018000e680 f   KeylockImpl.obj
 0001:0000d694       ?get_FreezeEvents@COPOSKeylock@@UEAAJPEAF@Z 000000018000e694 f   KeylockImpl.obj
 0001:0000d6c4       ?get_KeyPosition@COPOSKeylock@@UEAAJPEAJ@Z 000000018000e6c4 f   KeylockImpl.obj
 0001:0000d6d4       ?get_OpenResult@COPOSKeylock@@UEAAJPEAJ@Z 000000018000e6d4 f   KeylockImpl.obj
 0001:0000d6e0       ?get_PositionCount@COPOSKeylock@@UEAAJPEAJ@Z 000000018000e6e0 f   KeylockImpl.obj
 0001:0000d6f0       ?get_PowerNotify@COPOSKeylock@@UEAAJPEAJ@Z 000000018000e6f0 f   KeylockImpl.obj
 0001:0000d704       ?get_PowerState@COPOSKeylock@@UEAAJPEAJ@Z 000000018000e704 f   KeylockImpl.obj
 0001:0000d718       ?get_ResultCode@COPOSKeylock@@UEAAJPEAJ@Z 000000018000e718 f   KeylockImpl.obj
 0001:0000d754       ?get_ResultCodeExtended@COPOSKeylock@@UEAAJPEAJ@Z 000000018000e754 f   KeylockImpl.obj
 0001:0000d764       ?get_ServiceObjectDescription@COPOSKeylock@@UEAAJPEAPEA_W@Z 000000018000e764 f   KeylockImpl.obj
 0001:0000d774       ?get_ServiceObjectVersion@COPOSKeylock@@UEAAJPEAJ@Z 000000018000e774 f   KeylockImpl.obj
 0001:0000d784       ?get_State@COPOSKeylock@@UEAAJPEAJ@Z 000000018000e784 f   KeylockImpl.obj
 0001:0000d7b0       ?put_BinaryConversion@COPOSKeylock@@UEAAJJ@Z 000000018000e7b0 f   KeylockImpl.obj
 0001:0000d7c4       ?put_DeviceEnabled@COPOSKeylock@@UEAAJF@Z 000000018000e7c4 f   KeylockImpl.obj
 0001:0000d7dc       ?put_FreezeEvents@COPOSKeylock@@UEAAJF@Z 000000018000e7dc f   KeylockImpl.obj
 0001:0000d82c       ?put_PowerNotify@COPOSKeylock@@UEAAJJ@Z 000000018000e82c f   KeylockImpl.obj
 0001:0000d840       ?s_EventWindowProc@COPOSKeylock@@KA_JPEAUHWND__@@I_K_J@Z 000000018000e840 f i KeylockImpl.obj
 0001:0000d8bc       ??_U@YAPEAX_K@Z            000000018000e8bc f   LIBCMT:new_array.obj
 0001:0000d8c4       ??_V@YAXPEAX@Z             000000018000e8c4 f   LIBCMT:delete_array.obj
 0001:0000d8c4       ??3@YAXPEAX_K@Z            000000018000e8c4 f   LIBCMT:delete_scalar_size.obj
 0001:0000d8cc       ??_V@YAXPEAX_K@Z           000000018000e8cc f   LIBCMT:delete_array_size.obj
 0001:0000d8d4       __scrt_acquire_startup_lock 000000018000e8d4 f   LIBCMT:utility.obj
 0001:0000d910       __scrt_dllmain_after_initialize_c 000000018000e910 f   LIBCMT:utility.obj
 0001:0000d944       __scrt_dllmain_before_initialize_c 000000018000e944 f   LIBCMT:utility.obj
 0001:0000d95c       __scrt_dllmain_crt_thread_attach 000000018000e95c f   LIBCMT:utility.obj
 0001:0000d984       __scrt_dllmain_crt_thread_detach 000000018000e984 f   LIBCMT:utility.obj
 0001:0000d99c       __scrt_dllmain_exception_filter 000000018000e99c f   LIBCMT:utility.obj
 0001:0000d9fc       __scrt_dllmain_uninitialize_c 000000018000e9fc f   LIBCMT:utility.obj
 0001:0000da2c       __scrt_dllmain_uninitialize_critical 000000018000ea2c f   LIBCMT:utility.obj
 0001:0000da40       __scrt_initialize_crt      000000018000ea40 f   LIBCMT:utility.obj
 0001:0000da8c       __scrt_initialize_onexit_tables 000000018000ea8c f   LIBCMT:utility.obj
 0001:0000db18       __scrt_is_nonwritable_in_current_image 000000018000eb18 f   LIBCMT:utility.obj
 0001:0000dbb0       __scrt_release_startup_lock 000000018000ebb0 f   LIBCMT:utility.obj
 0001:0000dbd4       __scrt_uninitialize_crt    000000018000ebd4 f   LIBCMT:utility.obj
 0001:0000dc00       _onexit                    000000018000ec00 f   LIBCMT:utility.obj
 0001:0000dc3c       atexit                     000000018000ec3c f   LIBCMT:utility.obj
 0001:0000dc54       ??3@YAXPEAX@Z              000000018000ec54 f   LIBCMT:delete_scalar.obj
 0001:0000dd54       _Init_thread_footer        000000018000ed54 f   LIBCMT:thread_safe_statics.obj
 0001:0000ddb4       _Init_thread_header        000000018000edb4 f   LIBCMT:thread_safe_statics.obj
 0001:0000de1c       _Init_thread_notify        000000018000ee1c f   LIBCMT:thread_safe_statics.obj
 0001:0000de60       _Init_thread_wait          000000018000ee60 f   LIBCMT:thread_safe_statics.obj
 0001:0000dec4       __raise_securityfailure    000000018000eec4 f   LIBCMT:gs_report.obj
 0001:0000def8       __report_gsfailure         000000018000eef8 f   LIBCMT:gs_report.obj
 0001:0000dfcc       __report_rangecheckfailure 000000018000efcc f   LIBCMT:gs_report.obj
 0001:0000dfe0       __report_securityfailure   000000018000efe0 f   LIBCMT:gs_report.obj
 0001:0000e160       ??2@YAPEAX_KAEBUnothrow_t@std@@@Z 000000018000f160 f   LIBCMT:new_scalar_nothrow.obj
 0001:0000e174       ??_U@YAPEAX_KAEBUnothrow_t@std@@@Z 000000018000f174 f   LIBCMT:new_array_nothrow.obj
 0001:0000e17c       __GSHandlerCheck           000000018000f17c f   LIBCMT:gshandler.obj
 0001:0000e19c       __GSHandlerCheckCommon     000000018000f19c f   LIBCMT:gshandler.obj
 0001:0000e1f8       __GSHandlerCheck_SEH       000000018000f1f8 f   LIBCMT:gshandlerseh.obj
 0001:0000e290       _alloca_probe              000000018000f290 f   LIBCMT:chkstk.obj
 0001:0000e290       __chkstk                   000000018000f290 f   LIBCMT:chkstk.obj
 0001:0000e2f0       __security_check_cookie    000000018000f2f0 f   LIBCMT:amdsecgs.obj
 0001:0000e630       _DllMainCRTStartup         000000018000f630 f   LIBCMT:dll_dllmain.obj
 0001:0000e670       ??2@YAPEAX_K@Z             000000018000f670 f   LIBCMT:new_scalar.obj
 0001:0000e6ac       __isa_available_init       000000018000f6ac f   LIBCMT:cpu_disp.obj
 0001:0000e850       __scrt_is_ucrt_dll_in_use  000000018000f850 f   LIBCMT:ucrt_detection.obj
 0001:0000e85c       __crt_debugger_hook        000000018000f85c f   LIBCMT:utility_desktop.obj
 0001:0000e864       __scrt_fastfail            000000018000f864 f   LIBCMT:utility_desktop.obj
 0001:0000e9b0       __security_init_cookie     000000018000f9b0 f   LIBCMT:gs_support.obj
 0001:0000ea5c       ?__scrt_initialize_type_info@@YAXXZ 000000018000fa5c f   LIBCMT:tncleanup.obj
 0001:0000ea6c       ?__scrt_uninitialize_type_info@@YAXXZ 000000018000fa6c f   LIBCMT:tncleanup.obj
 0001:0000ea78       __local_stdio_scanf_options 000000018000fa78 f i LIBCMT:default_local_stdio_options.obj
 0001:0000ea80       __scrt_initialize_default_local_stdio_options 000000018000fa80 f   LIBCMT:default_local_stdio_options.obj
 0001:0000ea9c       __scrt_get_dyn_tls_init_callback 000000018000fa9c f   LIBCMT:dyn_tls_init.obj
 0001:0000eaa4       _RTC_Initialize            000000018000faa4 f   LIBCMT:initsect.obj
 0001:0000eae0       _RTC_Terminate             000000018000fae0 f   LIBCMT:initsect.obj
 0001:0000eb1c       ??0bad_alloc@std@@QEAA@AEBV01@@Z 000000018000fb1c f i LIBCMT:throw_bad_alloc.obj
 0001:0000eb58       ??0bad_alloc@std@@QEAA@XZ  000000018000fb58 f i LIBCMT:throw_bad_alloc.obj
 0001:0000eb78       ??0bad_array_new_length@std@@QEAA@AEBV01@@Z 000000018000fb78 f i LIBCMT:throw_bad_alloc.obj
 0001:0000ebb4       ??0bad_array_new_length@std@@QEAA@XZ 000000018000fbb4 f i LIBCMT:throw_bad_alloc.obj
 0001:0000ebd4       ??0exception@std@@QEAA@AEBV01@@Z 000000018000fbd4 f i LIBCMT:throw_bad_alloc.obj
 0001:0000ec08       ??1bad_alloc@std@@UEAA@XZ  000000018000fc08 f i LIBCMT:throw_bad_alloc.obj
 0001:0000ec08       ??1bad_array_new_length@std@@UEAA@XZ 000000018000fc08 f i LIBCMT:throw_bad_alloc.obj
 0001:0000ec08       ??1bad_exception@std@@UEAA@XZ 000000018000fc08 f i libvcruntime:frame.obj
 0001:0000ec1c       ??_Ebad_exception@std@@UEAAPEAXI@Z 000000018000fc1c f i libvcruntime:frame.obj
 0001:0000ec1c       ??_Ebad_array_new_length@std@@UEAAPEAXI@Z 000000018000fc1c f i LIBCMT:throw_bad_alloc.obj
 0001:0000ec1c       ??_Gbad_exception@std@@UEAAPEAXI@Z 000000018000fc1c f i libvcruntime:frame.obj
 0001:0000ec1c       ??_Gbad_alloc@std@@UEAAPEAXI@Z 000000018000fc1c f i LIBCMT:throw_bad_alloc.obj
 0001:0000ec1c       ??_Gbad_array_new_length@std@@UEAAPEAXI@Z 000000018000fc1c f i LIBCMT:throw_bad_alloc.obj
 0001:0000ec1c       ??_Ebad_alloc@std@@UEAAPEAXI@Z 000000018000fc1c f i LIBCMT:throw_bad_alloc.obj
 0001:0000ec1c       ??_Gexception@std@@UEAAPEAXI@Z 000000018000fc1c f i LIBCMT:throw_bad_alloc.obj
 0001:0000ec1c       ??_Eexception@std@@UEAAPEAXI@Z 000000018000fc1c f i LIBCMT:throw_bad_alloc.obj
 0001:0000ec60       ?__scrt_throw_std_bad_alloc@@YAXXZ 000000018000fc60 f   LIBCMT:throw_bad_alloc.obj
 0001:0000ec80       ?__scrt_throw_std_bad_array_new_length@@YAXXZ 000000018000fc80 f   LIBCMT:throw_bad_alloc.obj
 0001:0000eca0       ?what@exception@std@@UEBAPEBDXZ 000000018000fca0 f i LIBCMT:throw_bad_alloc.obj
 0001:0000ecc0       ??_Etype_info@@UEAAPEAXI@Z 000000018000fcc0 f i LIBCMT:std_type_info_static.obj
 0001:0000ecc0       ??_Gtype_info@@UEAAPEAXI@Z 000000018000fcc0 f i LIBCMT:std_type_info_static.obj
 0001:0000ecec       ??0CAtlBaseModule@ATL@@QEAA@XZ 000000018000fcec f   atls:atlbase.obj
 0001:0000ed94       ??1CAtlBaseModule@ATL@@QEAA@XZ 000000018000fd94 f   atls:atlbase.obj
 0001:0000eec8       ?__AllocStdCallThunk_cmn@@YAPEAXXZ 000000018000fec8 f   atls:atlthunk.obj
 0001:0000f020       AtlThunk_AllocateData      0000000180010020 f   atls:atlthunk.obj
 0001:0000f09c       AtlThunk_DataToCode        000000018001009c f   atls:atlthunk.obj
 0001:0000f0f0       AtlThunk_FreeData          00000001800100f0 f   atls:atlthunk.obj
 0001:0000f150       AtlThunk_InitData          0000000180010150 f   atls:atlthunk.obj
 0001:0000f1f8       _get_purecall_handler      00000001800101f8 f   libvcruntime:purevirt.obj
 0001:0000f204       _purecall                  0000000180010204 f   libvcruntime:purevirt.obj
 0001:0000f220       wcsstr                     0000000180010220 f   libvcruntime:wcsstr.obj
 0001:0000f450       memcmp                     0000000180010450 f   libvcruntime:memcmp.obj
 0001:0000f530       memcpy_repmovs             0000000180010530 f   libvcruntime:memcpy.obj
 0001:0000f550       memmove                    0000000180010550 f   libvcruntime:memcpy.obj
 0001:0000f550       memcpy                     0000000180010550 f   libvcruntime:memcpy.obj
 0001:0000fbe0       memset_repmovs             0000000180010be0 f   libvcruntime:memset.obj
 0001:0000fc00       memset                     0000000180010c00 f   libvcruntime:memset.obj
 0001:0000fd90       __vcrt_initialize          0000000180010d90 f   libvcruntime:initialization.obj
 0001:0000fdb8       __vcrt_thread_attach       0000000180010db8 f   libvcruntime:initialization.obj
 0001:0000fdcc       __vcrt_thread_detach       0000000180010dcc f   libvcruntime:initialization.obj
 0001:0000fde0       __vcrt_uninitialize        0000000180010de0 f   libvcruntime:initialization.obj
 0001:0000fdfc       __vcrt_uninitialize_critical 0000000180010dfc f   libvcruntime:initialization.obj
 0001:0000fe0c       __C_specific_handler       0000000180010e0c f   libvcruntime:riscchandler.obj
 0001:00010004       ??$_CallSETranslator@V__FrameHandler3@@@@YAHPEAUEHExceptionRecord@@PEA_KPEAU_CONTEXT@@PEAU_xDISPATCHER_CONTEXT@@PEBU_s_FuncInfo@@K1H@Z 0000000180011004 f i libvcruntime:risctrnsctrl.obj
 0001:00010058       ??$_CallSETranslator@V__FrameHandler4@@@@YAHPEAUEHExceptionRecord@@PEA_KPEAU_CONTEXT@@PEAU_xDISPATCHER_CONTEXT@@PEAUFuncInfo4@FH4@@K1H@Z 0000000180011058 f i libvcruntime:risctrnsctrl.obj
 0001:000100ac       ?CatchTryBlock@__FrameHandler3@@SAPEBU_s_TryBlockMapEntry@@PEBU_s_FuncInfo@@H@Z 00000001800110ac f   libvcruntime:risctrnsctrl.obj
 0001:00010110       ?DecompFuncInfo@FH4@@YA_JPEAEAEAUFuncInfo4@1@_KH_N@Z 0000000180011110 f i libvcruntime:risctrnsctrl.obj
 0001:00010234       ?ExecutionInCatch@__FrameHandler3@@SA_NPEAU_xDISPATCHER_CONTEXT@@PEBU_s_FuncInfo@@@Z 0000000180011234 f   libvcruntime:risctrnsctrl.obj
 0001:00010260       ?ExecutionInCatch@__FrameHandler4@@SA_NPEAU_xDISPATCHER_CONTEXT@@PEAUFuncInfo4@FH4@@@Z 0000000180011260 f   libvcruntime:risctrnsctrl.obj
 0001:00010268       ?FrameUnwindToEmptyState@__FrameHandler3@@SAXPEA_KPEAU_xDISPATCHER_CONTEXT@@PEBU_s_FuncInfo@@@Z 0000000180011268 f   libvcruntime:risctrnsctrl.obj
 0001:000102cc       ?FrameUnwindToEmptyState@__FrameHandler4@@SAXPEA_KPEAU_xDISPATCHER_CONTEXT@@PEAUFuncInfo4@FH4@@@Z 00000001800112cc f   libvcruntime:risctrnsctrl.obj
 0001:00010300       ?GetEstablisherFrame@__FrameHandler3@@SAPEA_KPEA_KPEAU_xDISPATCHER_CONTEXT@@PEBU_s_FuncInfo@@0@Z 0000000180011300 f   libvcruntime:risctrnsctrl.obj
 0001:000103cc       ?GetEstablisherFrame@__FrameHandler4@@SAPEA_KPEA_KPEAU_xDISPATCHER_CONTEXT@@PEAUFuncInfo4@FH4@@0@Z 00000001800113cc f   libvcruntime:risctrnsctrl.obj
 0001:000103f0       ?GetRangeOfTrysToCheck@__FrameHandler3@@SA?AU?$pair@Viterator@TryBlockMap@__FrameHandler3@@V123@@std@@AEAVTryBlockMap@1@HPEAU_xDISPATCHER_CONTEXT@@PEBU_s_FuncInfo@@H@Z 00000001800113f0 f   libvcruntime:risctrnsctrl.obj
 0001:00010530       ?GetRangeOfTrysToCheck@__FrameHandler4@@SA?AU?$pair@Viterator@TryBlockMap4@FH4@@V123@@std@@AEAVTryBlockMap4@FH4@@HPEAU_xDISPATCHER_CONTEXT@@PEAUFuncInfo4@5@H@Z 0000000180011530 f   libvcruntime:risctrnsctrl.obj
 0001:0001069c       ?UnwindNestedFrames@__FrameHandler3@@SAXPEA_KPEAUEHExceptionRecord@@PEAU_CONTEXT@@0PEAXPEBU_s_FuncInfo@@HHPEBU_s_HandlerType@@PEAU_xDISPATCHER_CONTEXT@@E@Z 000000018001169c f   libvcruntime:risctrnsctrl.obj
 0001:000107a0       ?UnwindNestedFrames@__FrameHandler4@@SAXPEA_KPEAUEHExceptionRecord@@PEAU_CONTEXT@@0PEAXPEAUFuncInfo4@FH4@@HHPEAUHandlerType4@5@PEAU_xDISPATCHER_CONTEXT@@E@Z 00000001800117a0 f   libvcruntime:risctrnsctrl.obj
 0001:000108c0       ?setBuffer@TryBlockMap4@FH4@@QEAAXViterator@12@@Z 00000001800118c0 f i libvcruntime:risctrnsctrl.obj
 0001:00010a84       _CreateFrameInfo           0000000180011a84 f   libvcruntime:risctrnsctrl.obj
 0001:00010ac0       _FindAndUnlinkFrame        0000000180011ac0 f   libvcruntime:risctrnsctrl.obj
 0001:00010b14       _GetImageBase              0000000180011b14 f   libvcruntime:risctrnsctrl.obj
 0001:00010b28       _GetThrowImageBase         0000000180011b28 f   libvcruntime:risctrnsctrl.obj
 0001:00010b3c       _SetImageBase              0000000180011b3c f   libvcruntime:risctrnsctrl.obj
 0001:00010b54       _SetThrowImageBase         0000000180011b54 f   libvcruntime:risctrnsctrl.obj
 0001:00010b6c       __CxxFrameHandler3         0000000180011b6c f   libvcruntime:risctrnsctrl.obj
 0001:00010bf4       __CxxFrameHandler4         0000000180011bf4 f   libvcruntime:risctrnsctrl.obj
 0001:00010cb4       __DestructExceptionObject  0000000180011cb4 f   libvcruntime:ehhelpers.obj
 0001:00010d24       ?_CallMemberFunction0@@YAXQEAX0@Z 0000000180011d24 f i libvcruntime:ehhelpers.obj
 0001:00010d28       _IsExceptionObjectToBeDestroyed 0000000180011d28 f   libvcruntime:ehhelpers.obj
 0001:00010d58       __AdjustPointer            0000000180011d58 f   libvcruntime:ehhelpers.obj
 0001:00010d7c       __FrameUnwindFilter        0000000180011d7c f   libvcruntime:ehhelpers.obj
[...]
 0002:0000c398       $unwind$??$?RV<lambda_2d41944a1d46af3157314b8a01080d33>@@AEAV<lambda_8f455de75cd7d7f24b4096f044d8b9e6>@@V<lambda_aa500f224e6afead328df44964fe2772>@@@?$__crt_seh_guarded_call@X@@QEAAX$$QEAV<lambda_2d41944a1d46af3157314b8a01080d33>@@AEAV<lambda_8f455de75cd7d7f24b4096f044d8b9e6>@@$$QEAV<lambda_aa500f224e6afead328df44964fe2772>@@@Z 0000000180031398     libucrt:per_thread_data.obj
 0002:0000c3bc       $unwind$__acrt_uninitialize_locale 00000001800313bc     libucrt:wsetlocale.obj
 0002:0000c3bc       $unwind$__acrt_get_sigabrt_handler 00000001800313bc     libucrt:signal.obj
 0002:0000c3c4       $unwind$??$?RV<lambda_410d79af7f07d98d83a3f525b3859a53>@@AEAV<lambda_3e16ef9562a7dcce91392c22ab16ea36>@@V<lambda_38119f0e861e05405d8a144b9b982f0a>@@@?$__crt_seh_guarded_call@X@@QEAAX$$QEAV<lambda_410d79af7f07d98d83a3f525b3859a53>@@AEAV<lambda_3e16ef9562a7dcce91392c22ab16ea36>@@$$QEAV<lambda_38119f0e861e05405d8a144b9b982f0a>@@@Z 00000001800313c4     libucrt:wsetlocale.obj
 0002:0000c3ec       $unwind$__acrt_initialize_winapi_thunks 00000001800313ec     libucrt:winapi_thunks.obj
 0002:0000c3ec       $unwind$__acrt_fenv_get_control 00000001800313ec     libucrt:_fenvutils.obj
 0002:0000c3f4       $unwind$__acrt_fp_format   00000001800313f4     libucrt:cvt.obj
 0002:0000c404       $unwind$?fp_format_e_internal@@YAHQEAD_KH_NIQEAU_strflt@@2AEAV__crt_cached_ptd_host@@@Z 0000000180031404     libucrt:cvt.obj
 0002:0000c420       $unwind$?fp_format_a@@YAHQEBNPEAD_KQEAD2H_NIW4__acrt_rounding_mode@@AEAV__crt_cached_ptd_host@@@Z 0000000180031420     libucrt:cvt.obj
 0002:0000c43c       $unwind$?fp_format_g@@YAHQEBNQEAD_K12H_NIW4__acrt_rounding_mode@@AEAV__crt_cached_ptd_host@@@Z 000000018003143c     libucrt:cvt.obj
 0002:0000c454       $unwind$__acrt_initialize_lowio 0000000180031454     libucrt:ioinit.obj
 0002:0000c474       $unwind$??$common_expand_argv_wildcards@D@@YAHQEAPEADQEAPEAPEAD@Z 0000000180031474     libucrt:argv_wildcards.obj
 0002:0000c48c       $unwind$__dcrt_get_narrow_environment_from_os 000000018003148c     libucrt:get_environment_from_os.obj
 0002:0000c48c       $unwind$??$__acrt_convert_wcs_mbs_cp@_WDV<lambda_d8593a27d1aa8c02be35c86a17d324c4>@@U__crt_win32_buffer_internal_dynamic_resizing@@@@YAHQEB_WAEAV?$__crt_win32_buffer@DU__crt_win32_buffer_internal_dynamic_resizing@@@@AEBV<lambda_d8593a27d1aa8c02be35c86a17d324c4>@@I@Z 000000018003148c     libucrt:argv_wildcards.obj
 0002:0000c4a4       $unwind$??$copy_and_add_argument_to_buffer@D@@YAHQEBD0_KAEAV?$argument_list@D@?A0x5f5c8891@@@Z 00000001800314a4     libucrt:argv_wildcards.obj
 0002:0000c4c0       $unwind$??$expand_argument_wildcards@D@@YAHQEAD0AEAV?$argument_list@D@?A0x5f5c8891@@@Z 00000001800314c0     libucrt:argv_wildcards.obj
 0002:0000c4e0       $unwind$__acrt_GetModuleFileNameA 00000001800314e0     libucrt:getmodulefilenamea.obj
 0002:0000c4fc       $unwind$_setmbcp_nolock    00000001800314fc     libucrt:mbctype.obj
 0002:0000c51c       $unwind$?update_thread_multibyte_data_internal@@YAPEAU__crt_multibyte_data@@QEAU__acrt_ptd@@QEAPEAU1@@Z 000000018003151c     libucrt:mbctype.obj
 0002:0000c544       $unwind$?setmbcp_internal@@YAHH_NQEAU__acrt_ptd@@QEAPEAU__crt_multibyte_data@@@Z 0000000180031544     libucrt:mbctype.obj
 0002:0000c55c       $unwind$?setSBUpLow@@YAXPEAU__crt_multibyte_data@@@Z 000000018003155c     libucrt:mbctype.obj
 0002:0000c578       $unwind$??$?RV<lambda_efdfa57d1f175319df784efa44bb7b81>@@AEAV<lambda_5f0a4c1567f8adc6734073e5d1e1b35c>@@V<lambda_2e8a7d3640ea6ccb4c2413664c2db6fd>@@@?$__crt_seh_guarded_call@X@@QEAAX$$QEAV<lambda_efdfa57d1f175319df784efa44bb7b81>@@AEAV<lambda_5f0a4c1567f8adc6734073e5d1e1b35c>@@$$QEAV<lambda_2e8a7d3640ea6ccb4c2413664c2db6fd>@@@Z 0000000180031578     libucrt:mbctype.obj
 0002:0000c59c       $unwind$__acrt_WideCharToMultiByte 000000018003159c     libucrt:widechartomultibyte.obj
 0002:0000c5a8       $unwind$raise              00000001800315a8     libucrt:signal.obj
 0002:0000c5e4       $unwind$??$?RV<lambda_450d765d439847d4c735a33c368b5fc0>@@AEAV<lambda_44731a7d0e6d81c3e6aa82d741081786>@@V<lambda_601a2a7da3b7a96e9554ac7215c4b07c>@@@?$__crt_seh_guarded_call@P6AXH@Z@@QEAAP6AXH@Z$$QEAV<lambda_450d765d439847d4c735a33c368b5fc0>@@AEAV<lambda_44731a7d0e6d81c3e6aa82d741081786>@@$$QEAV<lambda_601a2a7da3b7a96e9554ac7215c4b07c>@@@Z 00000001800315e4     libucrt:signal.obj
 0002:0000c608       $unwind$fclose             0000000180031608     libucrt:fclose.obj
 0002:0000c608       $unwind$_fflush_nolock     0000000180031608     libucrt:fflush.obj
 0002:0000c618       $unwind$?common_flush_all@@YAH_N@Z 0000000180031618     libucrt:fflush.obj
 0002:0000c620       $unwind$??$?RV<lambda_842d9ff0dc9ef11c61343bbaebe7f885>@@AEAV<lambda_c5860995281e5c4ce005b3de8f5874ee>@@V<lambda_d90129c13df834fdcbf8d2b88dafcf2d>@@@?$__crt_seh_guarded_call@X@@QEAAX$$QEAV<lambda_842d9ff0dc9ef11c61343bbaebe7f885>@@AEAV<lambda_c5860995281e5c4ce005b3de8f5874ee>@@$$QEAV<lambda_d90129c13df834fdcbf8d2b88dafcf2d>@@@Z 0000000180031620     libucrt:fflush.obj
 0002:0000c644       $unwind$??$?RV<lambda_886d6c58226a84441f68b9f2b8217b83>@@AEAV<lambda_ab61a845afdef5b7c387490eaf3616ee>@@V<lambda_f7f22ab5edc0698d5f6905b0d3f44752>@@@?$__crt_seh_guarded_call@X@@QEAAX$$QEAV<lambda_886d6c58226a84441f68b9f2b8217b83>@@AEAV<lambda_ab61a845afdef5b7c387490eaf3616ee>@@$$QEAV<lambda_f7f22ab5edc0698d5f6905b0d3f44752>@@@Z 0000000180031644     libucrt:fflush.obj
 0002:0000c66c       $unwind$__acrt_update_thread_locale_data 000000018003166c     libucrt:locale_refcounting.obj
 0002:0000c690       $unwind$__acrt_locale_free_monetary 0000000180031690     libucrt:initmon.obj
 0002:0000c698       $unwind$__acrt_locale_free_time 0000000180031698     libucrt:inittime.obj
 0002:0000c6a8       $unwind$__acrt_GetStringTypeA 00000001800316a8     libucrt:getstringtypea.obj
 0002:0000c6d0       $unwind$__acrt_fp_strflt_to_string 00000001800316d0     libucrt:_fptostr.obj
 0002:0000c6ec       $unwind$__acrt_fltout      00000001800316ec     libucrt:cfout.obj
 0002:0000c70c       $unwind$?divide@__crt_strtox@@YA_KAEAUbig_integer@1@AEBU21@@Z 000000018003170c     libucrt:cfout.obj
 0002:0000c724       $chain$0$?divide@__crt_strtox@@YA_KAEAUbig_integer@1@AEBU21@@Z 0000000180031724     libucrt:cfout.obj
 0002:0000c738       $chain$1$?divide@__crt_strtox@@YA_KAEAUbig_integer@1@AEBU21@@Z 0000000180031738     libucrt:cfout.obj
 0002:0000c748       $unwind$?__mbsrtowcs_utf8@__crt_mbstring@@YA_KPEA_WPEAPEBD_KPEAU_Mbstatet@@AEAV__crt_cached_ptd_host@@@Z 0000000180031748     libucrt:mbrtowc.obj
 0002:0000c760       $unwind$_fcloseall         0000000180031760     libucrt:closeall.obj
 0002:0000c784       $unwind$__acrt_lowio_destroy_handle_array 0000000180031784     libucrt:osfinfo.obj
 0002:0000c794       $unwind$__acrt_lowio_ensure_fh_exists 0000000180031794     libucrt:osfinfo.obj
 0002:0000c7c0       $unwind$qsort              00000001800317c0     libucrt:qsort.obj
 0002:0000c7d8       $chain$4$qsort             00000001800317d8     libucrt:qsort.obj
 0002:0000c7fc       $chain$5$qsort             00000001800317fc     libucrt:qsort.obj
 0002:0000c80c       $unwind$strpbrk            000000018003180c     libucrt:strpbrk.obj
 0002:0000c81c       $unwind$fallbackMethod     000000018003181c     libucrt:strpbrk.obj
 0002:0000c82c       $unwind$__acrt_LCMapStringA 000000018003182c     libucrt:lcmapstringa.obj
 0002:0000c83c       $unwind$?__acrt_LCMapStringA_stat@@YAHPEAU__crt_locale_pointers@@PEB_WKPEBDHPEADHHH@Z 000000018003183c     libucrt:lcmapstringa.obj
 0002:0000c864       $unwind$_commit            0000000180031864     libucrt:commit.obj
 0002:0000c86c       $unwind$??$?RV<lambda_a37b2b86f63e897a80ea819b0eb08c01>@@AEAV<lambda_38ce7e780aa69e748d6df282ebc68efe>@@V<lambda_99fb1378e971ab6e7edea83e3a7a83a2>@@@?$__crt_seh_guarded_call@H@@QEAAH$$QEAV<lambda_a37b2b86f63e897a80ea819b0eb08c01>@@AEAV<lambda_38ce7e780aa69e748d6df282ebc68efe>@@$$QEAV<lambda_99fb1378e971ab6e7edea83e3a7a83a2>@@@Z 000000018003186c     libucrt:commit.obj
 0002:0000c890       $unwind$_write_nolock      0000000180031890     libucrt:write.obj
 0002:0000c8a8       $unwind$_write_internal    00000001800318a8     libucrt:write.obj
 0002:0000c8d8       $unwind$?write_double_translated_ansi_nolock@@YA?AUwrite_result@?A0x17268360@@HQEBDIAEAV__crt_cached_ptd_host@@@Z 00000001800318d8     libucrt:write.obj
 0002:0000c900       $ip2state$?write_double_translated_ansi_nolock@@YA?AUwrite_result@?A0x17268360@@HQEBDIAEAV__crt_cached_ptd_host@@@Z 0000000180031900     libucrt:write.obj
 0002:0000c908       $unwind$?write_text_ansi_nolock@@YA?AUwrite_result@?A0x17268360@@HQEBDI@Z 0000000180031908     libucrt:write.obj
 0002:0000c908       $unwind$?write_text_utf16le_nolock@@YA?AUwrite_result@?A0x17268360@@HQEBDI@Z 0000000180031908     libucrt:write.obj
 0002:0000c928       $unwind$?write_text_utf8_nolock@@YA?AUwrite_result@?A0x17268360@@HQEBDI@Z 0000000180031928     libucrt:write.obj
 0002:0000c950       $xdatasym                  0000000180031950     libucrt:log10.obj
 0002:0000c95c       $unwind$__acrt_fenv_set_control 000000018003195c     libucrt:_fenvutils.obj
 0002:0000c96c       $unwind$?__mbrtoc32_utf8@__crt_mbstring@@YA_KPEA_UPEBD_KPEAU_Mbstatet@@AEAV__crt_cached_ptd_host@@@Z 000000018003196c     libucrt:mbrtoc32.obj
 0002:0000c988       $unwind$?_fclose_nolock_internal@@YAHQEAU_iobuf@@AEAV__crt_cached_ptd_host@@@Z 0000000180031988     libucrt:fclose.obj
 0002:0000c998       $unwind$?_fclose_internal@@YAHQEAU_iobuf@@AEAV__crt_cached_ptd_host@@@Z 0000000180031998     libucrt:fclose.obj
 0002:0000c9bc       $unwind$_putwch_nolock     00000001800319bc     libucrt:putwch.obj
 0002:0000c9c4       $unwind$common_control87   00000001800319c4     libucrt:ieee.obj
 0002:0000c9f0       $unwind$_call_matherr      00000001800319f0     libucrt:libm_error.obj
 0002:0000c9f8       $unwind$_handle_error      00000001800319f8     libucrt:libm_error.obj
 0002:0000ca18       $unwind$__acrt_initialize_fma3 0000000180031a18     libucrt:fma3_available.obj
 0002:0000ca20       $unwind$_log_special_common 0000000180031a20     libucrt:log_special.obj
 0002:0000ca2c       $unwind$_close_internal    0000000180031a2c     libucrt:close.obj
 0002:0000ca34       $unwind$??$?RV<lambda_ad8af0d99a0adf03d037d7dffe354bb5>@@AEAV<lambda_c9ba49e555ba839a7b07aa3fbecb7617>@@V<lambda_2f1ebd5d68526518146ae959c9e734c8>@@@?$__crt_seh_guarded_call@H@@QEAAH$$QEAV<lambda_ad8af0d99a0adf03d037d7dffe354bb5>@@AEAV<lambda_c9ba49e555ba839a7b07aa3fbecb7617>@@$$QEAV<lambda_2f1ebd5d68526518146ae959c9e734c8>@@@Z 0000000180031a34     libucrt:close.obj
 0002:0000ca58       $xdatasym                  0000000180031a58     libucrt:fpsr.obj
 0002:0000ca60       $unwind$_raise_exc_ex      0000000180031a60     libucrt:fpexcept.obj
 0002:0000ca74       $unwind$_ctrlfp            0000000180031a74     libucrt:fpctrl.obj
 0002:0000ca9c       $unwind$_IsNonwritableInCurrentImage 0000000180031a9c     LIBCMT:pesect.obj
 0002:0000cac0       $unwind$strrchr            0000000180031ac0     libvcruntime:strrchr.obj
 0002:0000cc30       .edata                     0000000180031c30     OPOSKeylock.exp
 0002:0000cc58       rgpv                       0000000180031c58     OPOSKeylock.exp
 0002:0000cc68       rgszName                   0000000180031c68     OPOSKeylock.exp
 0002:0000cc78       rgwOrd                     0000000180031c78     OPOSKeylock.exp
 0002:0000cc80       szName                     0000000180031c80     OPOSKeylock.exp
 0002:0000cc90       $N00001                    0000000180031c90     OPOSKeylock.exp
 0002:0000cca0       $N00002                    0000000180031ca0     OPOSKeylock.exp
 0002:0000ccb2       $N00003                    0000000180031cb2     OPOSKeylock.exp
 0002:0000ccc4       $N00004                    0000000180031cc4     OPOSKeylock.exp
 0002:0000d612       .idata$6                   0000000180032612     kernel32:KERNEL32.dll
 0002:0000d82a       .idata$6                   000000018003282a     user32:USER32.dll
 0002:0000d95e       .idata$6                   000000018003295e     gdi32:GDI32.dll
 0002:0000da04       .idata$6                   0000000180032a04     advapi32:ADVAPI32.dll
 0002:0000db20       .idata$6                   0000000180032b20     ole32:ole32.dll
 0002:0000db2a       .idata$6                   0000000180032b2a     oleaut32:OLEAUT32.dll
 0003:000001c0       ?ObjectMap@@3PAU_ATL_OBJMAP_ENTRY30@ATL@@A 00000001800331c0     Keylock.obj
 0003:000002c0       ?s_SOMethodNames@@3PAPEADA 00000001800332c0     KeylockImpl.obj
 0003:00000350       ?s_RequiredMethodsPerRelease@@3PAHA 0000000180033350     KeylockImpl.obj
 0003:000003c0       ?__vcrt_flsindex@@3KA      00000001800333c0     libvcruntime:per_thread_data.obj
 0003:000003d0       ?errno_no_memory@@3HA      00000001800333d0     libucrt:errno.obj
 0003:000003d4       ?doserrno_no_memory@@3KA   00000001800333d4     libucrt:errno.obj
 0003:000003e0       ?__acrt_flsindex@@3KA      00000001800333e0     libucrt:per_thread_data.obj
 0003:000008a0       _mbctypes                  00000001800338a0     libucrt:mbctype.obj
 0003:000009b0       _mbcasemaps                00000001800339b0     libucrt:mbctype.obj
 0003:00000ab0       ?__rgctypeflag@@3PADA      0000000180033ab0     libucrt:mbctype.obj
 0003:00000ac0       ?__rgcode_page_info@@3PAUcode_page_info@@A 0000000180033ac0     libucrt:mbctype.obj
 0003:00000d60       ?dazSupported@?1??common_control87@@9@9 0000000180033d60     libucrt:ieee.obj
 0003:00000d70       ?__dcrt_lowio_console_output_handle@@3PEAXEA 0000000180033d70     libucrt:initcon.obj
 0003:00000d80       ?dazSupported@?1??_ctrlfp@@9@9 0000000180033d80     libucrt:fpctrl.obj
 0003:00000fd0       ?is_initialized_as_dll@@3_NA 0000000180033fd0     LIBCMT:utility.obj
 0003:00000fd1       ?module_local_atexit_table_initialized@@3_NA 0000000180033fd1     LIBCMT:utility.obj
 0003:00000fd8       ?module_local_atexit_table@@3U_onexit_table_t@@A 0000000180033fd8     LIBCMT:utility.obj
 0003:00000ff0       ?module_local_at_quick_exit_table@@3U_onexit_table_t@@A 0000000180033ff0     LIBCMT:utility.obj
 0003:00001008       ?g_tss_cv@@3U_RTL_CONDITION_VARIABLE@@A 0000000180034008     LIBCMT:thread_safe_statics.obj
 0003:00001010       ?g_tss_event@@3PEAXEA      0000000180034010     LIBCMT:thread_safe_statics.obj
 0003:00001018       ?g_tss_mutex@@3U_RTL_CRITICAL_SECTION@@A 0000000180034018     LIBCMT:thread_safe_statics.obj
 0003:00001040       ?g_sleep_condition_variable_cs@@3P6AHPEAU_RTL_CONDITION_VARIABLE@@PEAU_RTL_CRITICAL_SECTION@@K@ZEA 0000000180034040     LIBCMT:thread_safe_statics.obj
 0003:00001048       ?g_wake_all_condition_variable@@3P6AXPEAU_RTL_CONDITION_VARIABLE@@@ZEA 0000000180034048     LIBCMT:thread_safe_statics.obj
 0003:00001050       GS_ExceptionRecord         0000000180034050     LIBCMT:gs_report.obj
 0003:000010f0       GS_ContextRecord           00000001800340f0     LIBCMT:gs_report.obj
 0003:000015c4       ?__proc_attached@@3HA      00000001800345c4     LIBCMT:dll_dllmain.obj
 0003:00001658       ?AllocateData@@3P6APEAUAtlThunkData_t@@XZEA 0000000180034658     atls:atlthunk.obj
 0003:00001660       ?InitData@@3P6AXPEAUAtlThunkData_t@@PEAX_K@ZEA 0000000180034660     atls:atlthunk.obj
 0003:00001668       ?DataToCode@@3P6AP6A_JPEAUHWND__@@I_K_J@ZPEAUAtlThunkData_t@@@ZEA 0000000180034668     atls:atlthunk.obj
 0003:00001670       ?FreeData@@3P6AXPEAUAtlThunkData_t@@@ZEA 0000000180034670     atls:atlthunk.obj
 0003:00001678       ?Initialized@@3_NA         0000000180034678     atls:atlthunk.obj
 0003:00001690       ?__vcrt_startup_thread_ptd@@3U__vcrt_ptd@@A 0000000180034690     libvcruntime:per_thread_data.obj
 0003:00001710       __vcrt_lock_table          0000000180034710     libvcruntime:locks.obj
 0003:00001738       __vcrt_locks_initialized   0000000180034738     libvcruntime:locks.obj
 0003:00001780       ?heap@@3V_HeapManager@@A   0000000180034780     libvcruntime:undname.obj
 0003:000017a8       ?module_handles@@3PAPEAUHINSTANCE__@@A 00000001800347a8     libvcruntime:winapi_downlevel.obj
 0003:000017c0       ?function_pointers@@3PAPEAXA 00000001800347c0     libvcruntime:winapi_downlevel.obj
 0003:000017e8       ?__acrt_invalid_parameter_handler@@3V?$dual_state_global@P6AXPEB_W00I_K@Z@__crt_state_management@@A 00000001800347e8     libucrt:invalid_parameter.obj
 0003:000017f0       ?c_termination_complete@@3JA 00000001800347f0     libucrt:exit.obj
 0003:000017f8       ?thread_local_exit_callback_func@@3P6AXPEAXK0@ZEA 00000001800347f8     libucrt:exit.obj
 0003:00001810       ?program_name@?1???$common_configure_argv@D@@YAHW4_crt_argv_mode@@@Z@4PADA 0000000180034810     libucrt:argv_parsing.obj
 0003:00001968       ?__acrt_new_handler@@3V?$dual_state_global@P6AH_K@Z@__crt_state_management@@A 0000000180034968     libucrt:new_handler.obj
 0003:00001980       ?module_handles@@3PAPEAUHINSTANCE__@@A 0000000180034980     libucrt:winapi_thunks.obj
 0003:00001a20       ?encoded_function_pointers@@3PAPEAXA 0000000180034a20     libucrt:winapi_thunks.obj
 0003:00001b10       ?internal_state@?1??_mbtowc_internal@@9@4U_Mbstatet@@A 0000000180034b10     libucrt:mbtowc.obj
 0003:00001b28       ?enable_percent_n@@3_KA    0000000180034b28     libucrt:printf_count_output.obj
 0003:00001f50       ?__acrt_lock_table@@3PAU_RTL_CRITICAL_SECTION@@A 0000000180034f50     libucrt:locks.obj
 0003:00002180       ?__acrt_locks_initialized@@3IA 0000000180035180     libucrt:locks.obj
 0003:000021a0       ?fSystemSet@@3HA           00000001800351a0     libucrt:mbctype.obj
 0003:000021a4       ?initialized@?1??__acrt_initialize_multibyte@@9@4_NA 00000001800351a4     libucrt:mbctype.obj
 0003:000021e0       ?ctrlc_action@@3V?$dual_state_global@P6AXH@Z@__crt_state_management@@A 00000001800351e0     libucrt:signal.obj
 0003:000021e8       ?ctrlbreak_action@@3V?$dual_state_global@P6AXH@Z@__crt_state_management@@A 00000001800351e8     libucrt:signal.obj
 0003:000021f0       ?abort_action@@3V?$dual_state_global@P6AXH@Z@__crt_state_management@@A 00000001800351f0     libucrt:signal.obj
 0003:000021f8       ?term_action@@3V?$dual_state_global@P6AXH@Z@__crt_state_management@@A 00000001800351f8     libucrt:signal.obj
 0003:00002200       ?user_matherr@@3V?$dual_state_global@P6AHPEAU_exception@@@Z@__crt_state_management@@A 0000000180035200     libucrt:matherr.obj
 0003:00002210       ?__acrt_global_new_mode@@3V?$dual_state_global@J@__crt_state_management@@A 0000000180035210     libucrt:new_mode.obj
 0003:00002218       ?internal_pst@?1??__mbrtoc32_utf8@__crt_mbstring@@YA_KPEA_UPEBD_KPEAU_Mbstatet@@AEAV__crt_cached_ptd_host@@@Z@4U3@A 0000000180035218     libucrt:mbrtoc32.obj
 0003:00002220       ?__acrt_app_type@@3W4_crt_app_type@@A 0000000180035220     libucrt:report_runtime_error.obj
 0005:00000000       MoveSmall                  0000000180038000     libvcruntime:memcpy.obj
 0005:00000040       MoveSmallYmm               0000000180038040     libvcruntime:memcpy.obj
 0005:00000064       MoveSmallYmmNT             0000000180038064     libvcruntime:memcpy.obj
 0005:00000088       MoveSmallXmm               0000000180038088     libvcruntime:memcpy.obj
 0005:000000b0       MsetTab                    00000001800380b0     libvcruntime:memset.obj
 0006:00000220       $R000000                   0000000180039220     Keylock.res
 0006:00000ba8       $R000988                   0000000180039ba8     Keylock.res
 0006:00000c90       $R000A70                   0000000180039c90     Keylock.res
 0006:00000ef8       $R000CD8                   0000000180039ef8     Keylock.res
 0006:00001448       $R001228                   000000018003a448     Keylock.res
 0006:00003950       $R003730                   000000018003c950     Keylock.res
 0006:00003980       $R003760                   000000018003c980     Keylock.res
