 OPOSScanner

 Timestamp is 5b863f01 (Wed Aug 29 15:36:49 2018)

 Preferred load address is 0000000180000000

 Start         Length     Name                   Class
 0001:00000000 000000c0H .text$di                CODE
 0001:000000c0 0001f510H .text$mn                CODE
 0001:0001f5d0 00000020H .text$mn$00             CODE
 0001:0001f5f0 00000400H .text$x                 CODE
 0001:0001f9f0 000000c0H .text$yd                CODE
 0002:00000000 00000618H .idata$5                DATA
 0002:00000618 00000010H .00cfg                  DATA
 0002:00000628 00000008H .CRT$XCA                DATA
 0002:00000630 00000008H .CRT$XCL                DATA
 0002:00000638 00000020H .CRT$XCU                DATA
 0002:00000658 00000008H .CRT$XCZ                DATA
 0002:00000660 00000008H .CRT$XIA                DATA
 0002:00000668 00000020H .CRT$XIC                DATA
 0002:00000688 00000008H .CRT$XIZ                DATA
 0002:00000690 00000008H .CRT$XLA                DATA
 0002:00000698 00000008H .CRT$XLZ                DATA
 0002:000006a0 00000008H .CRT$XPA                DATA
 0002:000006a8 00000010H .CRT$XPX                DATA
 0002:000006b8 00000008H .CRT$XPXA               DATA
 0002:000006c0 00000008H .CRT$XPZ                DATA
 0002:000006c8 00000008H .CRT$XTA                DATA
 0002:000006d0 00000010H .CRT$XTZ                DATA
 0002:000006d8 00000000H .gfids$y                DATA
 0002:000006e0 0000a030H .rdata                  DATA
 0002:0000a710 00000028H .rdata$T                DATA
 0002:0000a738 00000274H .rdata$r                DATA
 0002:0000a9ac 000003f4H .rdata$zzzdbg           DATA
 0002:0000ada0 00000008H .rtc$IAA                DATA
 0002:0000ada8 00000008H .rtc$IZZ                DATA
 0002:0000adb0 00000008H .rtc$TAA                DATA
 0002:0000adb8 00000008H .rtc$TZZ                DATA
 0002:0000adc0 00000004H .tls                    DATA
 0002:0000adc4 00000004H .tls$                   DATA
 0002:0000adc8 00000008H .tls$ZZZ                DATA
 0002:0000add0 00001698H .xdata                  DATA
 0002:0000c468 00000150H .xdata$x                DATA
 0002:0000c5b8 00000008H ATL$__a                 DATA
 0002:0000c5c0 00000010H ATL$__z                 DATA
 0002:0000c5d0 000000a8H .edata                  DATA
 0002:0000c678 00000078H .idata$2                DATA
 0002:0000c6f0 00000018H .idata$3                DATA
 0002:0000c708 00000618H .idata$4                DATA
 0002:0000cd20 00000c1cH .idata$6                DATA
 0003:00000000 00000c68H .data                   DATA
 0003:00000c68 000000c8H .data$r                 DATA
 0003:00000d30 000013fcH .bss                    DATA
 0004:00000000 00001e84H .pdata                  DATA
 0005:00000000 00000220H .rsrc$01                DATA
 0005:00000220 00003b90H .rsrc$02                DATA

  Address         Publics by Value              Rva+Base               Lib:Object

 0000:00000000       __guard_fids_count         0000000000000000     <absolute>
 0000:00000000       __hybrid_code_map          0000000000000000     <absolute>
 0000:00000000       __guard_longjmp_count      0000000000000000     <absolute>
 0000:00000000       __guard_iat_count          0000000000000000     <absolute>
 0000:00000000       __guard_longjmp_table      0000000000000000     <absolute>
 0000:00000000       __volatile_metadata        0000000000000000     <absolute>
 0000:00000000       __guard_iat_table          0000000000000000     <absolute>
 0000:00000000       __hybrid_code_map_count    0000000000000000     <absolute>
 0000:00000000       __enclave_config           0000000000000000     <absolute>
 0000:00000000       ___safe_se_handler_count   0000000000000000     <absolute>
 0000:00000000       ___safe_se_handler_table   0000000000000000     <absolute>
 0000:00000000       __guard_fids_table         0000000000000000     <absolute>
 0000:00000000       __hybrid_auxiliary_iat     0000000000000000     <absolute>
 0000:00000000       __dynamic_value_reloc_table 0000000000000000     <absolute>
 0000:00000100       __guard_flags              0000000000000100     <absolute>
 0000:00000000       __ImageBase                0000000180000000     <linker-defined>
 0001:000000c0       ?DupWide@_CW@@AEAAXXZ      00000001800010c0 f   CWString.obj
 0001:000000e8       ?cw_dup@@YAXPEBDAEAHAEAPEA_W1@Z 00000001800010e8 f   CWString.obj
 0001:00000194       ?cw_memcpy@@YAHPEA_WPEBDH@Z 0000000180001194 f   CWString.obj
 0001:000001e0       ?cw_strcpy@@YAHPEA_WPEBD@Z 00000001800011e0 f   CWString.obj
 0001:000001f4       ??0CAtlComModule@ATL@@QEAA@XZ 00000001800011f4 f i OposVariant.obj
 0001:0000027c       ??0CAtlWinModule@ATL@@QEAA@XZ 000000018000127c f i OposVariant.obj
 0001:000002f0       ??0OposDispParms@@QEAA@PEAVOposVariant@@H@Z 00000001800012f0 f   OposVariant.obj
 0001:00000398       ??1OposDispParms@@QEAA@XZ  0000000180001398 f   OposVariant.obj
 0001:000003b0       ??_Estringdispid@CComTypeInfoHolder@ATL@@QEAAPEAXI@Z 00000001800013b0 f i OposVariant.obj
 0001:00000454       ?AtlWinModuleTerm@ATL@@YAJPEAU_ATL_WIN_MODULE70@1@PEAUHINSTANCE__@@@Z 0000000180001454 f i OposVariant.obj
 0001:00000504       ?ChangeBSTR@OposVariant@@QEAAXPEAPEA_WAEAJ@Z 0000000180001504 f   OposVariant.obj
 0001:00000564       ?ChangeLONG@OposVariant@@QEAAXPEAJAEAJ@Z 0000000180001564 f   OposVariant.obj
 0001:000005c0       ?GetLONG@OposVariant@@QEAAJXZ 00000001800015c0 f   OposVariant.obj
 0001:000005e4       ?SetBSTR@OposVariant@@QEAAXPEA_WAEAJ@Z 00000001800015e4 f   OposVariant.obj
 0001:00000624       ?SetBSTR_Copy@OposVariant@@QEAAXPEA_WAEAJ@Z 0000000180001624 f   OposVariant.obj
 0001:00000694       ?SetBSTR_InOutPtr@OposVariant@@QEAA_NPEAPEA_WAEAJ@Z 0000000180001694 f   OposVariant.obj
 0001:000006e4       ?SetDispatch_Ptr@OposVariant@@QEAAXPEAUIDispatch@@AEAJ@Z 00000001800016e4 f   OposVariant.obj
 0001:0000073c       ?SetLONG@OposVariant@@QEAAXJ@Z 000000018000173c f   OposVariant.obj
 0001:0000076c       ?SetLONG_Ptr@OposVariant@@QEAAXPEAJAEAJ@Z 000000018000176c f   OposVariant.obj
 0001:000007b8       ?SetString@OposVariant@@QEAAXPEB_WAEAJ@Z 00000001800017b8 f   OposVariant.obj
 0001:0000081c       ?SetVARIANT_BOOL@OposVariant@@QEAAXF@Z 000000018000181c f   OposVariant.obj
 0001:00000854       ?Term@CAtlComModule@ATL@@QEAAXXZ 0000000180001854 f i OposVariant.obj
 0001:000008c4       ?_AtlInitializeCriticalSectionEx@ATL@@YAHPEAU_RTL_CRITICAL_SECTION@@KK@Z 00000001800018c4 f i OposVariant.obj
 0001:000008cc       ?_AtlRaiseException@ATL@@YAXKK@Z 00000001800018cc f i OposVariant.obj
 0001:000008dc       ?CreateInstance@?$CComCreator@V?$CComObjectCached@VCComClassFactory@ATL@@@ATL@@@ATL@@SAJPEAXAEBU_GUID@@PEAPEAX@Z 00000001800018dc f i Scanner.obj
 0001:000009dc       ?CreateInstance@?$CComCreator2@V?$CComCreator@V?$CComObject@VCOPOSScanner@@@ATL@@@ATL@@V?$CComCreator@V?$CComAggObject@VCOPOSScanner@@@ATL@@@2@@ATL@@SAJPEAXAEBU_GUID@@PEAPEAX@Z 00000001800019dc f i Scanner.obj
 0001:000009ec       ?InitFromData@?$IOleObjectImpl@VCOPOSScanner@@@ATL@@UEAAJPEAUIDataObject@@HK@Z 00000001800019ec f i Scanner.obj
 0001:000009ec       ?QueryInterface@CRegObject@ATL@@UEAAJAEBU_GUID@@PEAPEAX@Z 00000001800019ec f i Scanner.obj
 0001:000009ec       ?ContextSensitiveHelp@?$IOleInPlaceObjectWindowlessImpl@VCOPOSScanner@@@ATL@@UEAAJH@Z 00000001800019ec f i Scanner.obj
 0001:000009ec       ?GetDropTarget@?$IOleInPlaceObjectWindowlessImpl@VCOPOSScanner@@@ATL@@UEAAJPEAPEAUIDropTarget@@@Z 00000001800019ec f i Scanner.obj
 0001:000009ec       ?OnMnemonic@?$IOleControlImpl@VCOPOSScanner@@@ATL@@UEAAJPEAUtagMSG@@@Z 00000001800019ec f i Scanner.obj
 0001:000009ec       ?GetControlInfo@?$IOleControlImpl@VCOPOSScanner@@@ATL@@UEAAJPEAUtagCONTROLINFO@@@Z 00000001800019ec f i Scanner.obj
 0001:000009ec       ?GetClipboardData@?$IOleObjectImpl@VCOPOSScanner@@@ATL@@UEAAJKPEAPEAUIDataObject@@@Z 00000001800019ec f i Scanner.obj
 0001:000009ec       ?GetMoniker@?$IOleObjectImpl@VCOPOSScanner@@@ATL@@UEAAJKKPEAPEAUIMoniker@@@Z 00000001800019ec f i Scanner.obj
 0001:000009ec       ?Unfreeze@?$IViewObjectExImpl@VCOPOSScanner@@@ATL@@UEAAJK@Z 00000001800019ec f i Scanner.obj
 0001:000009ec       ?ReactivateAndUndo@?$IOleInPlaceObjectWindowlessImpl@VCOPOSScanner@@@ATL@@UEAAJXZ 00000001800019ec f i Scanner.obj
 0001:000009ec       ?ContextSensitiveHelp@?$IOleInPlaceActiveObjectImpl@VCOPOSScanner@@@ATL@@UEAAJH@Z 00000001800019ec f i Scanner.obj
 0001:000009ec       ?EnumFormatEtc@?$IDataObjectImpl@VCOPOSScanner@@@ATL@@UEAAJKPEAPEAUIEnumFORMATETC@@@Z 00000001800019ec f i Scanner.obj
 0001:000009ec       ?GetColorSet@?$IViewObjectExImpl@VCOPOSScanner@@@ATL@@UEAAJKJPEAXPEAUtagDVTARGETDEVICE@@PEAUHDC__@@PEAPEAUtagLOGPALETTE@@@Z 00000001800019ec f i Scanner.obj
 0001:000009ec       ?SetMoniker@?$IOleObjectImpl@VCOPOSScanner@@@ATL@@UEAAJKPEAUIMoniker@@@Z 00000001800019ec f i Scanner.obj
 0001:000009ec       ?SetColorScheme@?$IOleObjectImpl@VCOPOSScanner@@@ATL@@UEAAJPEAUtagLOGPALETTE@@@Z 00000001800019ec f i Scanner.obj
 0001:000009ec       ?GetDataHere@?$IDataObjectImpl@VCOPOSScanner@@@ATL@@UEAAJPEAUtagFORMATETC@@PEAUtagSTGMEDIUM@@@Z 00000001800019ec f i Scanner.obj
 0001:000009ec       ?Freeze@?$IViewObjectExImpl@VCOPOSScanner@@@ATL@@UEAAJKJPEAXPEAK@Z 00000001800019ec f i Scanner.obj
 0001:000009ec       ?SetData@?$IDataObjectImpl@VCOPOSScanner@@@ATL@@UEAAJPEAUtagFORMATETC@@PEAUtagSTGMEDIUM@@H@Z 00000001800019ec f i Scanner.obj
 0001:000009ec       ?GetRect@?$IViewObjectExImpl@VCOPOSScanner@@@ATL@@UEAAJKPEAU_RECTL@@@Z 00000001800019ec f i Scanner.obj
 0001:000009ec       ?SOOutputCompleteDummy@COPOSScanner@@MEAAJJ@Z 00000001800019ec f i Scanner.obj
 0001:000009ec       ?GetCanonicalFormatEtc@?$IDataObjectImpl@VCOPOSScanner@@@ATL@@UEAAJPEAUtagFORMATETC@@0@Z 00000001800019ec f i Scanner.obj
 0001:000009ec       ?QueryGetData@?$IDataObjectImpl@VCOPOSScanner@@@ATL@@UEAAJPEAUtagFORMATETC@@@Z 00000001800019ec f i Scanner.obj
 0001:000009f4       ?FAccessAllowed@?$IObjectSafetyImpl@VCOPOSScanner@@$02@ATL@@MEAAHXZ 00000001800019f4 f i Scanner.obj
 0001:000009f4       ?AddRef@CRegObject@ATL@@UEAAKXZ 00000001800019f4 f i Scanner.obj
 0001:000009fc       ?OnAmbientPropertyChange@?$IOleControlImpl@VCOPOSScanner@@@ATL@@UEAAJJ@Z 00000001800019fc f i Scanner.obj
 0001:000009fc       ?HandsOffStorage@?$IPersistStorageImpl@VCOPOSScanner@@@ATL@@UEAAJXZ 00000001800019fc f i Scanner.obj
 0001:000009fc       ?Update@?$IOleObjectImpl@VCOPOSScanner@@@ATL@@UEAAJXZ 00000001800019fc f i Scanner.obj
 0001:000009fc       ?Release@CRegObject@ATL@@UEAAKXZ 00000001800019fc f i Scanner.obj
 0001:000009fc       ?SaveCompleted@?$IPersistStorageImpl@VCOPOSScanner@@@ATL@@UEAAJPEAUIStorage@@@Z 00000001800019fc f i Scanner.obj
 0001:000009fc       ?OnFrameWindowActivate@?$IOleInPlaceActiveObjectImpl@VCOPOSScanner@@@ATL@@UEAAJH@Z 00000001800019fc f i Scanner.obj
 0001:000009fc       ?IsUpToDate@?$IOleObjectImpl@VCOPOSScanner@@@ATL@@UEAAJXZ 00000001800019fc f i Scanner.obj
 0001:000009fc       ?GetCategoryMap@CComObjectRootBase@ATL@@SAPEBU_ATL_CATMAP_ENTRY@2@XZ 00000001800019fc f i Scanner.obj
 0001:000009fc       ?EnableModeless@?$IOleInPlaceActiveObjectImpl@VCOPOSScanner@@@ATL@@UEAAJH@Z 00000001800019fc f i Scanner.obj
 0001:000009fc       ?SetHostNames@?$IOleObjectImpl@VCOPOSScanner@@@ATL@@UEAAJPEB_W0@Z 00000001800019fc f i Scanner.obj
 0001:000009fc       ?ResizeBorder@?$IOleInPlaceActiveObjectImpl@VCOPOSScanner@@@ATL@@UEAAJPEBUtagRECT@@PEAUIOleInPlaceUIWindow@@H@Z 00000001800019fc f i Scanner.obj
 0001:000009fc       ?GetObjectDescription@?$CComCoClass@VCOPOSScanner@@$1?CLSID_OPOSScanner@@3U_GUID@@B@ATL@@SAPEB_WXZ 00000001800019fc f i Scanner.obj
 0001:00000a00       ?AddReplacement@CRegObject@ATL@@UEAAJPEB_W0@Z 0000000180001a00 f i Scanner.obj
 0001:00000a30       ?ClearReplacements@CRegObject@ATL@@UEAAJXZ 0000000180001a30 f i Scanner.obj
 0001:00000a3c       ??_ECRegObject@ATL@@UEAAPEAXI@Z 0000000180001a3c f i Scanner.obj
 0001:00000a3c       ??_GCRegObject@ATL@@UEAAPEAXI@Z 0000000180001a3c f i Scanner.obj
 0001:00000abc       ?Next@?$CComEnumImpl@UIEnumConnectionPoints@@$1?_GUID_b196b285_bab4_101a_b69c_00aa00341d07@@3U__s_GUID@@BPEAUIConnectionPoint@@V?$_CopyInterface@UIConnectionPoint@@@ATL@@@ATL@@UEAAJKPEAPEAUIConnectionPoint@@PEAK@Z 0000000180001abc f i Scanner.obj
 0001:00000b88       ?Skip@?$CComEnumImpl@UIEnumConnectionPoints@@$1?_GUID_b196b285_bab4_101a_b69c_00aa00341d07@@3U__s_GUID@@BPEAUIConnectionPoint@@V?$_CopyInterface@UIConnectionPoint@@@ATL@@@ATL@@UEAAJK@Z 0000000180001b88 f i Scanner.obj
 0001:00000bb4       ?Reset@?$CComEnumImpl@UIEnumConnections@@$1?_GUID_b196b287_bab4_101a_b69c_00aa00341d07@@3U__s_GUID@@BUtagCONNECTDATA@@V?$_Copy@UtagCONNECTDATA@@@ATL@@@ATL@@UEAAJXZ 0000000180001bb4 f i Scanner.obj
 0001:00000bb4       ?Reset@?$CComEnumImpl@UIEnumConnectionPoints@@$1?_GUID_b196b285_bab4_101a_b69c_00aa00341d07@@3U__s_GUID@@BPEAUIConnectionPoint@@V?$_CopyInterface@UIConnectionPoint@@@ATL@@@ATL@@UEAAJXZ 0000000180001bb4 f i Scanner.obj
 0001:00000bc0       ?Clone@?$CComEnumImpl@UIEnumConnectionPoints@@$1?_GUID_b196b285_bab4_101a_b69c_00aa00341d07@@3U__s_GUID@@BPEAUIConnectionPoint@@V?$_CopyInterface@UIConnectionPoint@@@ATL@@@ATL@@UEAAJPEAPEAUIEnumConnectionPoints@@@Z 0000000180001bc0 f i Scanner.obj
 0001:00000ce8       ?AddRef@?$CComObject@V?$CComEnum@UIEnumConnectionPoints@@$1?_GUID_b196b285_bab4_101a_b69c_00aa00341d07@@3U__s_GUID@@BPEAUIConnectionPoint@@V?$_CopyInterface@UIConnectionPoint@@@ATL@@VCComSingleThreadModel@6@@ATL@@@ATL@@UEAAKXZ 0000000180001ce8 f i Scanner.obj
 0001:00000ce8       ?AddRef@?$CComObject@V?$CComEnum@UIEnumConnections@@$1?_GUID_b196b287_bab4_101a_b69c_00aa00341d07@@3U__s_GUID@@BUtagCONNECTDATA@@V?$_Copy@UtagCONNECTDATA@@@ATL@@VCComSingleThreadModel@6@@ATL@@@ATL@@UEAAKXZ 0000000180001ce8 f i Scanner.obj
 0001:00000cf4       ?Release@?$CComObject@V?$CComEnum@UIEnumConnections@@$1?_GUID_b196b287_bab4_101a_b69c_00aa00341d07@@3U__s_GUID@@BUtagCONNECTDATA@@V?$_Copy@UtagCONNECTDATA@@@ATL@@VCComSingleThreadModel@6@@ATL@@@ATL@@UEAAKXZ 0000000180001cf4 f i Scanner.obj
 0001:00000cf4       ?Release@?$CComObject@V?$CComEnum@UIEnumConnectionPoints@@$1?_GUID_b196b285_bab4_101a_b69c_00aa00341d07@@3U__s_GUID@@BPEAUIConnectionPoint@@V?$_CopyInterface@UIConnectionPoint@@@ATL@@VCComSingleThreadModel@6@@ATL@@@ATL@@UEAAKXZ 0000000180001cf4 f i Scanner.obj
 0001:00000d48       ?QueryInterface@?$CComObject@V?$CComEnum@UIEnumConnectionPoints@@$1?_GUID_b196b285_bab4_101a_b69c_00aa00341d07@@3U__s_GUID@@BPEAUIConnectionPoint@@V?$_CopyInterface@UIConnectionPoint@@@ATL@@VCComSingleThreadModel@6@@ATL@@@ATL@@UEAAJAEBU_GUID@@PEAPEAX@Z 0000000180001d48 f i Scanner.obj
 0001:00000d5c       ??_E?$CComObject@V?$CComEnum@UIEnumConnectionPoints@@$1?_GUID_b196b285_bab4_101a_b69c_00aa00341d07@@3U__s_GUID@@BPEAUIConnectionPoint@@V?$_CopyInterface@UIConnectionPoint@@@ATL@@VCComSingleThreadModel@6@@ATL@@@ATL@@UEAAPEAXI@Z 0000000180001d5c f i Scanner.obj
 0001:00000d5c       ??_G?$CComObject@V?$CComEnum@UIEnumConnectionPoints@@$1?_GUID_b196b285_bab4_101a_b69c_00aa00341d07@@3U__s_GUID@@BPEAUIConnectionPoint@@V?$_CopyInterface@UIConnectionPoint@@@ATL@@VCComSingleThreadModel@6@@ATL@@@ATL@@UEAAPEAXI@Z 0000000180001d5c f i Scanner.obj
 0001:00000db4       ?AddRef@?$CComObjectCached@VCComClassFactory@ATL@@@ATL@@UEAAKXZ 0000000180001db4 f i Scanner.obj
 0001:00000de0       ?Release@?$CComObjectCached@VCComClassFactory@ATL@@@ATL@@UEAAKXZ 0000000180001de0 f i Scanner.obj
 0001:00000e20       ?QueryInterface@?$CComObjectCached@VCComClassFactory@ATL@@@ATL@@UEAAJAEBU_GUID@@PEAPEAX@Z 0000000180001e20 f i Scanner.obj
 0001:00000e34       ??_E?$CComObjectCached@VCComClassFactory@ATL@@@ATL@@UEAAPEAXI@Z 0000000180001e34 f i Scanner.obj
 0001:00000e34       ??_G?$CComObjectCached@VCComClassFactory@ATL@@@ATL@@UEAAPEAXI@Z 0000000180001e34 f i Scanner.obj
 0001:00000e8c       ?AddRef@?$CComAggObject@VCOPOSScanner@@@ATL@@UEAAKXZ 0000000180001e8c f i Scanner.obj
 0001:00000e98       ?Release@?$CComAggObject@VCOPOSScanner@@@ATL@@UEAAKXZ 0000000180001e98 f i Scanner.obj
 0001:00000eec       ?QueryInterface@?$CComAggObject@VCOPOSScanner@@@ATL@@UEAAJAEBU_GUID@@PEAPEAX@Z 0000000180001eec f i Scanner.obj
 0001:00000f4c       ?AddRef@?$CComContainedObject@VCOPOSScanner@@@ATL@@UEAAKXZ 0000000180001f4c f i Scanner.obj
 0001:00000f5c       ?Release@?$CComContainedObject@VCOPOSScanner@@@ATL@@UEAAKXZ 0000000180001f5c f i Scanner.obj
 0001:00000f6c       ?QueryInterface@?$CComContainedObject@VCOPOSScanner@@@ATL@@UEAAJAEBU_GUID@@PEAPEAX@Z 0000000180001f6c f i Scanner.obj
 0001:00000f7c       ??_E?$CComAggObject@VCOPOSScanner@@@ATL@@UEAAPEAXI@Z 0000000180001f7c f i Scanner.obj
 0001:00000f7c       ??_G?$CComAggObject@VCOPOSScanner@@@ATL@@UEAAPEAXI@Z 0000000180001f7c f i Scanner.obj
 0001:00000fd4       ?AddRef@?$CComObject@VCOPOSScanner@@@ATL@@UEAAKXZ 0000000180001fd4 f i Scanner.obj
 0001:00000fe4       ?Release@?$CComObject@VCOPOSScanner@@@ATL@@UEAAKXZ 0000000180001fe4 f i Scanner.obj
 0001:0000103c       ?QueryInterface@?$CComObject@VCOPOSScanner@@@ATL@@UEAAJAEBU_GUID@@PEAPEAX@Z 000000018000203c f i Scanner.obj
 0001:00001050       ?OnDrawAdvanced@CComControlBase@ATL@@UEAAJAEAUATL_DRAWINFO@@@Z 0000000180002050 f i Scanner.obj
 0001:00001170       ?ObjectMain@CComObjectRootBase@ATL@@SAX_N@Z 0000000180002170 f i Scanner.obj
 0001:00001170       ?OnFinalMessage@?$CWindowImplBaseT@VCWindow@ATL@@V?$CWinTraits@$0FGAAAAAA@$0A@@2@@ATL@@UEAAXPEAUHWND__@@@Z 0000000180002170 f i Scanner.obj
 0001:00001174       ?Next@?$CComEnumImpl@UIEnumConnections@@$1?_GUID_b196b287_bab4_101a_b69c_00aa00341d07@@3U__s_GUID@@BUtagCONNECTDATA@@V?$_Copy@UtagCONNECTDATA@@@ATL@@@ATL@@UEAAJKPEAUtagCONNECTDATA@@PEAK@Z 0000000180002174 f i Scanner.obj
 0001:00001248       ?Skip@?$CComEnumImpl@UIEnumConnections@@$1?_GUID_b196b287_bab4_101a_b69c_00aa00341d07@@3U__s_GUID@@BUtagCONNECTDATA@@V?$_Copy@UtagCONNECTDATA@@@ATL@@@ATL@@UEAAJK@Z 0000000180002248 f i Scanner.obj
 0001:00001274       ?Clone@?$CComEnumImpl@UIEnumConnections@@$1?_GUID_b196b287_bab4_101a_b69c_00aa00341d07@@3U__s_GUID@@BUtagCONNECTDATA@@V?$_Copy@UtagCONNECTDATA@@@ATL@@@ATL@@UEAAJPEAPEAUIEnumConnections@@@Z 0000000180002274 f i Scanner.obj
 0001:0000139c       ?CreateInstance@CComClassFactory@ATL@@UEAAJPEAUIUnknown@@AEBU_GUID@@PEAPEAX@Z 000000018000239c f i Scanner.obj
 0001:000013fc       ?LockServer@CComClassFactory@ATL@@UEAAJH@Z 00000001800023fc f i Scanner.obj
 0001:00001420       ??_ECComClassFactory@ATL@@UEAAPEAXI@Z 0000000180002420 f i Scanner.obj
 0001:00001420       ??_GCComClassFactory@ATL@@UEAAPEAXI@Z 0000000180002420 f i Scanner.obj
 0001:00001470       ?QueryInterface@?$CComObject@V?$CComEnum@UIEnumConnections@@$1?_GUID_b196b287_bab4_101a_b69c_00aa00341d07@@3U__s_GUID@@BUtagCONNECTDATA@@V?$_Copy@UtagCONNECTDATA@@@ATL@@VCComSingleThreadModel@6@@ATL@@@ATL@@UEAAJAEBU_GUID@@PEAPEAX@Z 0000000180002470 f i Scanner.obj
 0001:00001484       ??_E?$CComObject@V?$CComEnum@UIEnumConnections@@$1?_GUID_b196b287_bab4_101a_b69c_00aa00341d07@@3U__s_GUID@@BUtagCONNECTDATA@@V?$_Copy@UtagCONNECTDATA@@@ATL@@VCComSingleThreadModel@6@@ATL@@@ATL@@UEAAPEAXI@Z 0000000180002484 f i Scanner.obj
 0001:00001484       ??_G?$CComObject@V?$CComEnum@UIEnumConnections@@$1?_GUID_b196b287_bab4_101a_b69c_00aa00341d07@@3U__s_GUID@@BUtagCONNECTDATA@@V?$_Copy@UtagCONNECTDATA@@@ATL@@VCComSingleThreadModel@6@@ATL@@@ATL@@UEAAPEAXI@Z 0000000180002484 f i Scanner.obj
 0001:000014dc       ??_E?$CComObject@VCOPOSScanner@@@ATL@@W7EAAPEAXI@Z 00000001800024dc f i Scanner.obj
 0001:000014e8       ??_E?$CComObject@VCOPOSScanner@@@ATL@@WHA@EAAPEAXI@Z 00000001800024e8 f i Scanner.obj
 0001:000014f4       ?QueryInterface@?$CComObject@VCOPOSScanner@@@ATL@@WLI@EAAJAEBU_GUID@@PEAPEAX@Z 00000001800024f4 f i Scanner.obj
 0001:00001500       ?AddRef@?$CComObject@VCOPOSScanner@@@ATL@@WLI@EAAKXZ 0000000180002500 f i Scanner.obj
 0001:0000150c       ?Release@?$CComObject@VCOPOSScanner@@@ATL@@WLI@EAAKXZ 000000018000250c f i Scanner.obj
 0001:00001518       ?QueryInterface@?$CComObject@VCOPOSScanner@@@ATL@@WMA@EAAJAEBU_GUID@@PEAPEAX@Z 0000000180002518 f i Scanner.obj
 0001:00001524       ?AddRef@?$CComObject@VCOPOSScanner@@@ATL@@WMA@EAAKXZ 0000000180002524 f i Scanner.obj
 0001:00001530       ?Release@?$CComObject@VCOPOSScanner@@@ATL@@WMA@EAAKXZ 0000000180002530 f i Scanner.obj
 0001:0000153c       ?QueryInterface@?$CComObject@VCOPOSScanner@@@ATL@@WMI@EAAJAEBU_GUID@@PEAPEAX@Z 000000018000253c f i Scanner.obj
 0001:00001548       ?AddRef@?$CComObject@VCOPOSScanner@@@ATL@@WMI@EAAKXZ 0000000180002548 f i Scanner.obj
 0001:00001554       ?Release@?$CComObject@VCOPOSScanner@@@ATL@@WMI@EAAKXZ 0000000180002554 f i Scanner.obj
 0001:00001560       ?QueryInterface@?$CComObject@VCOPOSScanner@@@ATL@@WNA@EAAJAEBU_GUID@@PEAPEAX@Z 0000000180002560 f i Scanner.obj
 0001:0000156c       ?AddRef@?$CComObject@VCOPOSScanner@@@ATL@@WNA@EAAKXZ 000000018000256c f i Scanner.obj
 0001:00001578       ?Release@?$CComObject@VCOPOSScanner@@@ATL@@WNA@EAAKXZ 0000000180002578 f i Scanner.obj
 0001:00001584       ?QueryInterface@?$CComObject@VCOPOSScanner@@@ATL@@WNI@EAAJAEBU_GUID@@PEAPEAX@Z 0000000180002584 f i Scanner.obj
 0001:00001590       ?AddRef@?$CComObject@VCOPOSScanner@@@ATL@@WNI@EAAKXZ 0000000180002590 f i Scanner.obj
 0001:0000159c       ?Release@?$CComObject@VCOPOSScanner@@@ATL@@WNI@EAAKXZ 000000018000259c f i Scanner.obj
 0001:000015a8       ?QueryInterface@?$CComObject@VCOPOSScanner@@@ATL@@WOA@EAAJAEBU_GUID@@PEAPEAX@Z 00000001800025a8 f i Scanner.obj
 0001:000015b4       ?AddRef@?$CComObject@VCOPOSScanner@@@ATL@@WOA@EAAKXZ 00000001800025b4 f i Scanner.obj
 0001:000015c0       ?Release@?$CComObject@VCOPOSScanner@@@ATL@@WOA@EAAKXZ 00000001800025c0 f i Scanner.obj
 0001:000015cc       ?QueryInterface@?$CComObject@VCOPOSScanner@@@ATL@@WOI@EAAJAEBU_GUID@@PEAPEAX@Z 00000001800025cc f i Scanner.obj
 0001:000015d8       ?AddRef@?$CComObject@VCOPOSScanner@@@ATL@@WOI@EAAKXZ 00000001800025d8 f i Scanner.obj
 0001:000015e4       ?Release@?$CComObject@VCOPOSScanner@@@ATL@@WOI@EAAKXZ 00000001800025e4 f i Scanner.obj
 0001:000015f0       ?QueryInterface@?$CComObject@VCOPOSScanner@@@ATL@@WPA@EAAJAEBU_GUID@@PEAPEAX@Z 00000001800025f0 f i Scanner.obj
 0001:000015fc       ?AddRef@?$CComObject@VCOPOSScanner@@@ATL@@WPA@EAAKXZ 00000001800025fc f i Scanner.obj
 0001:00001608       ?Release@?$CComObject@VCOPOSScanner@@@ATL@@WPA@EAAKXZ 0000000180002608 f i Scanner.obj
 0001:00001614       ?QueryInterface@?$CComObject@VCOPOSScanner@@@ATL@@WPI@EAAJAEBU_GUID@@PEAPEAX@Z 0000000180002614 f i Scanner.obj
 0001:00001620       ?AddRef@?$CComObject@VCOPOSScanner@@@ATL@@WPI@EAAKXZ 0000000180002620 f i Scanner.obj
 0001:0000162c       ?Release@?$CComObject@VCOPOSScanner@@@ATL@@WPI@EAAKXZ 000000018000262c f i Scanner.obj
 0001:00001638       ?QueryInterface@?$CComObject@VCOPOSScanner@@@ATL@@WBAA@EAAJAEBU_GUID@@PEAPEAX@Z 0000000180002638 f i Scanner.obj
 0001:00001644       ?AddRef@?$CComObject@VCOPOSScanner@@@ATL@@WBAA@EAAKXZ 0000000180002644 f i Scanner.obj
 0001:00001650       ?Release@?$CComObject@VCOPOSScanner@@@ATL@@WBAA@EAAKXZ 0000000180002650 f i Scanner.obj
 0001:0000165c       ?QueryInterface@?$CComObject@VCOPOSScanner@@@ATL@@WBAI@EAAJAEBU_GUID@@PEAPEAX@Z 000000018000265c f i Scanner.obj
 0001:00001668       ?AddRef@?$CComObject@VCOPOSScanner@@@ATL@@WBAI@EAAKXZ 0000000180002668 f i Scanner.obj
 0001:00001674       ?Release@?$CComObject@VCOPOSScanner@@@ATL@@WBAI@EAAKXZ 0000000180002674 f i Scanner.obj
 0001:00001680       ?QueryInterface@?$CComObject@VCOPOSScanner@@@ATL@@WBBA@EAAJAEBU_GUID@@PEAPEAX@Z 0000000180002680 f i Scanner.obj
 0001:0000168c       ?AddRef@?$CComObject@VCOPOSScanner@@@ATL@@WBBA@EAAKXZ 000000018000268c f i Scanner.obj
 0001:00001698       ?Release@?$CComObject@VCOPOSScanner@@@ATL@@WBBA@EAAKXZ 0000000180002698 f i Scanner.obj
 0001:000016a4       ?QueryInterface@?$CComObject@VCOPOSScanner@@@ATL@@WBBI@EAAJAEBU_GUID@@PEAPEAX@Z 00000001800026a4 f i Scanner.obj
 0001:000016b0       ?AddRef@?$CComObject@VCOPOSScanner@@@ATL@@WBBI@EAAKXZ 00000001800026b0 f i Scanner.obj
 0001:000016bc       ?Release@?$CComObject@VCOPOSScanner@@@ATL@@WBBI@EAAKXZ 00000001800026bc f i Scanner.obj
 0001:000016c8       ?AddRef@?$CComObject@VCOPOSScanner@@@ATL@@WBCI@EAAKXZ 00000001800026c8 f i Scanner.obj
 0001:000016d4       ?Release@?$CComObject@VCOPOSScanner@@@ATL@@WBCI@EAAKXZ 00000001800026d4 f i Scanner.obj
 0001:000016e0       ?AddRef@?$CComObject@VCOPOSScanner@@@ATL@@WBEA@EAAKXZ 00000001800026e0 f i Scanner.obj
 0001:000016ec       ?Release@?$CComObject@VCOPOSScanner@@@ATL@@WBEA@EAAKXZ 00000001800026ec f i Scanner.obj
 0001:000016f8       ??_E?$CComContainedObject@VCOPOSScanner@@@ATL@@W7EAAPEAXI@Z 00000001800026f8 f i Scanner.obj
 0001:00001704       ??_E?$CComContainedObject@VCOPOSScanner@@@ATL@@WHA@EAAPEAXI@Z 0000000180002704 f i Scanner.obj
 0001:00001710       ?QueryInterface@?$CComContainedObject@VCOPOSScanner@@@ATL@@WLI@EAAJAEBU_GUID@@PEAPEAX@Z 0000000180002710 f i Scanner.obj
 0001:0000171c       ?AddRef@?$CComContainedObject@VCOPOSScanner@@@ATL@@WLI@EAAKXZ 000000018000271c f i Scanner.obj
 0001:00001728       ?Release@?$CComContainedObject@VCOPOSScanner@@@ATL@@WLI@EAAKXZ 0000000180002728 f i Scanner.obj
 0001:00001734       ?QueryInterface@?$CComContainedObject@VCOPOSScanner@@@ATL@@WMA@EAAJAEBU_GUID@@PEAPEAX@Z 0000000180002734 f i Scanner.obj
 0001:00001740       ?AddRef@?$CComContainedObject@VCOPOSScanner@@@ATL@@WMA@EAAKXZ 0000000180002740 f i Scanner.obj
 0001:0000174c       ?Release@?$CComContainedObject@VCOPOSScanner@@@ATL@@WMA@EAAKXZ 000000018000274c f i Scanner.obj
 0001:00001758       ?QueryInterface@?$CComContainedObject@VCOPOSScanner@@@ATL@@WMI@EAAJAEBU_GUID@@PEAPEAX@Z 0000000180002758 f i Scanner.obj
 0001:00001764       ?AddRef@?$CComContainedObject@VCOPOSScanner@@@ATL@@WMI@EAAKXZ 0000000180002764 f i Scanner.obj
 0001:00001770       ?Release@?$CComContainedObject@VCOPOSScanner@@@ATL@@WMI@EAAKXZ 0000000180002770 f i Scanner.obj
 0001:0000177c       ?QueryInterface@?$CComContainedObject@VCOPOSScanner@@@ATL@@WNA@EAAJAEBU_GUID@@PEAPEAX@Z 000000018000277c f i Scanner.obj
 0001:00001788       ?AddRef@?$CComContainedObject@VCOPOSScanner@@@ATL@@WNA@EAAKXZ 0000000180002788 f i Scanner.obj
 0001:00001794       ?Release@?$CComContainedObject@VCOPOSScanner@@@ATL@@WNA@EAAKXZ 0000000180002794 f i Scanner.obj
 0001:000017a0       ?QueryInterface@?$CComContainedObject@VCOPOSScanner@@@ATL@@WNI@EAAJAEBU_GUID@@PEAPEAX@Z 00000001800027a0 f i Scanner.obj
 0001:000017ac       ?AddRef@?$CComContainedObject@VCOPOSScanner@@@ATL@@WNI@EAAKXZ 00000001800027ac f i Scanner.obj
 0001:000017b8       ?Release@?$CComContainedObject@VCOPOSScanner@@@ATL@@WNI@EAAKXZ 00000001800027b8 f i Scanner.obj
 0001:000017c4       ?QueryInterface@?$CComContainedObject@VCOPOSScanner@@@ATL@@WOA@EAAJAEBU_GUID@@PEAPEAX@Z 00000001800027c4 f i Scanner.obj
 0001:000017d0       ?AddRef@?$CComContainedObject@VCOPOSScanner@@@ATL@@WOA@EAAKXZ 00000001800027d0 f i Scanner.obj
 0001:000017dc       ?Release@?$CComContainedObject@VCOPOSScanner@@@ATL@@WOA@EAAKXZ 00000001800027dc f i Scanner.obj
 0001:000017e8       ?QueryInterface@?$CComContainedObject@VCOPOSScanner@@@ATL@@WOI@EAAJAEBU_GUID@@PEAPEAX@Z 00000001800027e8 f i Scanner.obj
 0001:000017f4       ?AddRef@?$CComContainedObject@VCOPOSScanner@@@ATL@@WOI@EAAKXZ 00000001800027f4 f i Scanner.obj
 0001:00001800       ?Release@?$CComContainedObject@VCOPOSScanner@@@ATL@@WOI@EAAKXZ 0000000180002800 f i Scanner.obj
 0001:0000180c       ?QueryInterface@?$CComContainedObject@VCOPOSScanner@@@ATL@@WPA@EAAJAEBU_GUID@@PEAPEAX@Z 000000018000280c f i Scanner.obj
 0001:00001818       ?AddRef@?$CComContainedObject@VCOPOSScanner@@@ATL@@WPA@EAAKXZ 0000000180002818 f i Scanner.obj
 0001:00001824       ?Release@?$CComContainedObject@VCOPOSScanner@@@ATL@@WPA@EAAKXZ 0000000180002824 f i Scanner.obj
 0001:00001830       ?QueryInterface@?$CComContainedObject@VCOPOSScanner@@@ATL@@WPI@EAAJAEBU_GUID@@PEAPEAX@Z 0000000180002830 f i Scanner.obj
 0001:0000183c       ?AddRef@?$CComContainedObject@VCOPOSScanner@@@ATL@@WPI@EAAKXZ 000000018000283c f i Scanner.obj
 0001:00001848       ?Release@?$CComContainedObject@VCOPOSScanner@@@ATL@@WPI@EAAKXZ 0000000180002848 f i Scanner.obj
 0001:00001854       ?QueryInterface@?$CComContainedObject@VCOPOSScanner@@@ATL@@WBAA@EAAJAEBU_GUID@@PEAPEAX@Z 0000000180002854 f i Scanner.obj
 0001:00001860       ?AddRef@?$CComContainedObject@VCOPOSScanner@@@ATL@@WBAA@EAAKXZ 0000000180002860 f i Scanner.obj
 0001:0000186c       ?Release@?$CComContainedObject@VCOPOSScanner@@@ATL@@WBAA@EAAKXZ 000000018000286c f i Scanner.obj
 0001:00001878       ?QueryInterface@?$CComContainedObject@VCOPOSScanner@@@ATL@@WBAI@EAAJAEBU_GUID@@PEAPEAX@Z 0000000180002878 f i Scanner.obj
 0001:00001884       ?AddRef@?$CComContainedObject@VCOPOSScanner@@@ATL@@WBAI@EAAKXZ 0000000180002884 f i Scanner.obj
 0001:00001890       ?Release@?$CComContainedObject@VCOPOSScanner@@@ATL@@WBAI@EAAKXZ 0000000180002890 f i Scanner.obj
 0001:0000189c       ?QueryInterface@?$CComContainedObject@VCOPOSScanner@@@ATL@@WBBA@EAAJAEBU_GUID@@PEAPEAX@Z 000000018000289c f i Scanner.obj
 0001:000018a8       ?AddRef@?$CComContainedObject@VCOPOSScanner@@@ATL@@WBBA@EAAKXZ 00000001800028a8 f i Scanner.obj
 0001:000018b4       ?Release@?$CComContainedObject@VCOPOSScanner@@@ATL@@WBBA@EAAKXZ 00000001800028b4 f i Scanner.obj
 0001:000018c0       ?QueryInterface@?$CComContainedObject@VCOPOSScanner@@@ATL@@WBBI@EAAJAEBU_GUID@@PEAPEAX@Z 00000001800028c0 f i Scanner.obj
 0001:000018cc       ?AddRef@?$CComContainedObject@VCOPOSScanner@@@ATL@@WBBI@EAAKXZ 00000001800028cc f i Scanner.obj
 0001:000018d8       ?Release@?$CComContainedObject@VCOPOSScanner@@@ATL@@WBBI@EAAKXZ 00000001800028d8 f i Scanner.obj
 0001:000018e4       ?AddRef@?$CComContainedObject@VCOPOSScanner@@@ATL@@WBCI@EAAKXZ 00000001800028e4 f i Scanner.obj
 0001:000018f0       ?Release@?$CComContainedObject@VCOPOSScanner@@@ATL@@WBCI@EAAKXZ 00000001800028f0 f i Scanner.obj
 0001:000018fc       ?AddRef@?$CComContainedObject@VCOPOSScanner@@@ATL@@WBEA@EAAKXZ 00000001800028fc f i Scanner.obj
 0001:00001908       ?Release@?$CComContainedObject@VCOPOSScanner@@@ATL@@WBEA@EAAKXZ 0000000180002908 f i Scanner.obj
 0001:00001914       ?GetWindowProc@?$CWindowImplBaseT@VCWindow@ATL@@V?$CWinTraits@$0FGAAAAAA@$0A@@2@@ATL@@UEAAP6A_JPEAUHWND__@@I_K_J@ZXZ 0000000180002914 f i Scanner.obj
 0001:0000191c       ?StartWindowProc@?$CWindowImplBaseT@VCWindow@ATL@@V?$CWinTraits@$0FGAAAAAA@$0A@@2@@ATL@@SA_JPEAUHWND__@@I_K_J@Z 000000018000291c f i Scanner.obj
 0001:000019e0       ?Lock@CAtlModule@ATL@@UEAAJXZ 00000001800029e0 f i Scanner.obj
 0001:000019f0       ?Unlock@CAtlModule@ATL@@UEAAJXZ 00000001800029f0 f i Scanner.obj
 0001:000019fc       ?GetLockCount@CAtlModule@ATL@@UEAAJXZ 00000001800029fc f i Scanner.obj
 0001:00001a00       ?GetGITPtr@CAtlModule@ATL@@UEAAJPEAPEAUIGlobalInterfaceTable@@@Z 0000000180002a00 f i Scanner.obj
 0001:00001a70       ?GetTypeInfoCount@?$IDispatchImpl@UIOPOSScanner@@$1?IID_IOPOSScanner@@3U_GUID@@B$1?LIBID_OposScanner_CCO@@3U3@B$00$0A@VCComTypeInfoHolder@ATL@@@ATL@@UEAAJPEAI@Z 0000000180002a70 f i Scanner.obj
 0001:00001a84       ?GetTypeInfo@?$IDispatchImpl@UIOPOSScanner@@$1?IID_IOPOSScanner@@3U_GUID@@B$1?LIBID_OposScanner_CCO@@3U3@B$00$0A@VCComTypeInfoHolder@ATL@@@ATL@@UEAAJIKPEAPEAUITypeInfo@@@Z 0000000180002a84 f i Scanner.obj
 0001:00001ae8       ?GetIDsOfNames@?$IDispatchImpl@UIOPOSScanner@@$1?IID_IOPOSScanner@@3U_GUID@@B$1?LIBID_OposScanner_CCO@@3U3@B$00$0A@VCComTypeInfoHolder@ATL@@@ATL@@UEAAJAEBU_GUID@@PEAPEA_WIKPEAJ@Z 0000000180002ae8 f i Scanner.obj
 0001:00001af4       ?Invoke@?$IDispatchImpl@UIOPOSScanner@@$1?IID_IOPOSScanner@@3U_GUID@@B$1?LIBID_OposScanner_CCO@@3U3@B$00$0A@VCComTypeInfoHolder@ATL@@@ATL@@UEAAJJAEBU_GUID@@KGPEAUtagDISPPARAMS@@PEAUtagVARIANT@@PEAUtagEXCEPINFO@@PEAI@Z 0000000180002af4 f i Scanner.obj
 0001:00001b84       ?CreateControlWindow@?$CComControl@VCOPOSScanner@@V?$CWindowImpl@VCOPOSScanner@@VCWindow@ATL@@V?$CWinTraits@$0FGAAAAAA@$0A@@3@@ATL@@@ATL@@UEAAPEAUHWND__@@PEAU3@AEAUtagRECT@@@Z 0000000180002b84 f i Scanner.obj
 0001:00001bbc       ?ControlQueryInterface@?$CComControl@VCOPOSScanner@@V?$CWindowImpl@VCOPOSScanner@@VCWindow@ATL@@V?$CWinTraits@$0FGAAAAAA@$0A@@3@@ATL@@@ATL@@UEAAJAEBU_GUID@@PEAPEAX@Z 0000000180002bbc f i Scanner.obj
 0001:00001bd0       ?GetClassID@?$IPersistStreamInitImpl@VCOPOSScanner@@@ATL@@UEAAJPEAU_GUID@@@Z 0000000180002bd0 f i Scanner.obj
 0001:00001bd0       ?GetUserClassID@?$IOleObjectImpl@VCOPOSScanner@@@ATL@@UEAAJPEAU_GUID@@@Z 0000000180002bd0 f i Scanner.obj
 0001:00001bd0       ?GetClassID@?$IPersistStorageImpl@VCOPOSScanner@@@ATL@@UEAAJPEAU_GUID@@@Z 0000000180002bd0 f i Scanner.obj
 0001:00001bec       ?IsDirty@?$IPersistStreamInitImpl@VCOPOSScanner@@@ATL@@UEAAJXZ 0000000180002bec f i Scanner.obj
 0001:00001c08       ?Load@?$IPersistStreamInitImpl@VCOPOSScanner@@@ATL@@UEAAJPEAUIStream@@@Z 0000000180002c08 f i Scanner.obj
 0001:00001c58       ?Save@?$IPersistStreamInitImpl@VCOPOSScanner@@@ATL@@UEAAJPEAUIStream@@H@Z 0000000180002c58 f i Scanner.obj
 0001:00001cbc       ?GetSizeMax@?$IPersistStreamInitImpl@VCOPOSScanner@@@ATL@@UEAAJPEAT_ULARGE_INTEGER@@@Z 0000000180002cbc f i Scanner.obj
 0001:00001ee8       ?InitNew@?$IPersistStreamInitImpl@VCOPOSScanner@@@ATL@@UEAAJXZ 0000000180002ee8 f i Scanner.obj
 0001:00001f00       ?SetClientSite@?$IOleObjectImpl@VCOPOSScanner@@@ATL@@UEAAJPEAUIOleClientSite@@@Z 0000000180002f00 f i Scanner.obj
 0001:00001f1c       ?GetClientSite@?$IOleObjectImpl@VCOPOSScanner@@@ATL@@UEAAJPEAPEAUIOleClientSite@@@Z 0000000180002f1c f i Scanner.obj
 0001:00001f64       ?Close@?$IOleObjectImpl@VCOPOSScanner@@@ATL@@UEAAJK@Z 0000000180002f64 f i Scanner.obj
 0001:00001f80       ?DoVerb@?$IOleObjectImpl@VCOPOSScanner@@@ATL@@UEAAJJPEAUtagMSG@@PEAUIOleClientSite@@JPEAUHWND__@@PEBUtagRECT@@@Z 0000000180002f80 f i Scanner.obj
 0001:00002124       ?EnumVerbs@?$IOleObjectImpl@VCOPOSScanner@@@ATL@@UEAAJPEAPEAUIEnumOLEVERB@@@Z 0000000180003124 f i Scanner.obj
 0001:00002140       ?GetUserType@?$IOleObjectImpl@VCOPOSScanner@@@ATL@@UEAAJKPEAPEA_W@Z 0000000180003140 f i Scanner.obj
 0001:00002150       ?SetExtent@?$IOleObjectImpl@VCOPOSScanner@@@ATL@@UEAAJKPEAUtagSIZE@@@Z 0000000180003150 f i Scanner.obj
 0001:0000216c       ?GetExtent@?$IOleObjectImpl@VCOPOSScanner@@@ATL@@UEAAJKPEAUtagSIZE@@@Z 000000018000316c f i Scanner.obj
 0001:0000219c       ?Advise@?$IOleObjectImpl@VCOPOSScanner@@@ATL@@UEAAJPEAUIAdviseSink@@PEAK@Z 000000018000319c f i Scanner.obj
 0001:000021f8       ?Unadvise@?$IOleObjectImpl@VCOPOSScanner@@@ATL@@UEAAJK@Z 00000001800031f8 f i Scanner.obj
 0001:00002230       ?EnumAdvise@?$IOleObjectImpl@VCOPOSScanner@@@ATL@@UEAAJPEAPEAUIEnumSTATDATA@@@Z 0000000180003230 f i Scanner.obj
 0001:00002278       ?GetMiscStatus@?$IOleObjectImpl@VCOPOSScanner@@@ATL@@UEAAJKPEAK@Z 0000000180003278 f i Scanner.obj
 0001:00002288       ?AddCommonRGSReplacements@?$CAtlModuleT@VCComModule@ATL@@@ATL@@UEAAJPEAUIRegistrarBase@@@Z 0000000180003288 f i Scanner.obj
 0001:000022a0       ?GetWindow@?$IOleInPlaceActiveObjectImpl@VCOPOSScanner@@@ATL@@UEAAJPEAPEAUHWND__@@@Z 00000001800032a0 f i Scanner.obj
 0001:000022f4       ?TranslateAcceleratorW@?$IOleInPlaceActiveObjectImpl@VCOPOSScanner@@@ATL@@UEAAJPEAUtagMSG@@@Z 00000001800032f4 f i Scanner.obj
 0001:000023e8       ?OnDocWindowActivate@?$IOleInPlaceActiveObjectImpl@VCOPOSScanner@@@ATL@@UEAAJH@Z 00000001800033e8 f i Scanner.obj
 0001:00002414       ?Draw@?$IViewObjectExImpl@VCOPOSScanner@@@ATL@@UEAAJKJPEAXPEAUtagDVTARGETDEVICE@@PEAUHDC__@@2PEBU_RECTL@@3P6AH_K@Z4@Z 0000000180003414 f i Scanner.obj
 0001:00002478       ?SetAdvise@?$IViewObjectExImpl@VCOPOSScanner@@@ATL@@UEAAJKKPEAUIAdviseSink@@@Z 0000000180003478 f i Scanner.obj
 0001:000024cc       ?GetAdvise@?$IViewObjectExImpl@VCOPOSScanner@@@ATL@@UEAAJPEAK0PEAPEAUIAdviseSink@@@Z 00000001800034cc f i Scanner.obj
 0001:00002508       ?GetExtent@?$IViewObjectExImpl@VCOPOSScanner@@@ATL@@UEAAJKJPEAUtagDVTARGETDEVICE@@PEAUtagSIZE@@@Z 0000000180003508 f i Scanner.obj
 0001:00002538       ?GetViewStatus@?$IViewObjectExImpl@VCOPOSScanner@@@ATL@@UEAAJPEAK@Z 0000000180003538 f i Scanner.obj
 0001:0000254c       ?QueryHitPoint@?$IViewObjectExImpl@VCOPOSScanner@@@ATL@@UEAAJKPEBUtagRECT@@UtagPOINT@@JPEAK@Z 000000018000354c f i Scanner.obj
 0001:00002590       ?UpdateRegistryFromResourceD@CComModule@ATL@@UEAAJPEB_WHPEAU_ATL_REGMAP_ENTRY@2@@Z 0000000180003590 f i Scanner.obj
 0001:00002590       ?UpdateRegistryFromResourceD@CComModule@ATL@@UEAAJIHPEAU_ATL_REGMAP_ENTRY@2@@Z 0000000180003590 f i Scanner.obj
 0001:00002598       ?QueryHitRect@?$IViewObjectExImpl@VCOPOSScanner@@@ATL@@UEAAJKPEBUtagRECT@@0JPEAK@Z 0000000180003598 f i Scanner.obj
 0001:00002600       ?GetNaturalExtent@?$IViewObjectExImpl@VCOPOSScanner@@@ATL@@UEAAJKJPEAUtagDVTARGETDEVICE@@PEAUHDC__@@PEAUtagExtentInfo@@PEAUtagSIZE@@@Z 0000000180003600 f i Scanner.obj
 0001:00002648       ?UpdateRegistryFromResource@CComModule@ATL@@UEAAJPEB_WHPEAU_ATL_REGMAP_ENTRY@2@@Z 0000000180003648 f i Scanner.obj
 0001:00002650       ?UpdateRegistryFromResource@CComModule@ATL@@UEAAJIHPEAU_ATL_REGMAP_ENTRY@2@@Z 0000000180003650 f i Scanner.obj
 0001:00002658       ?GetWindow@?$IOleInPlaceObjectWindowlessImpl@VCOPOSScanner@@@ATL@@UEAAJPEAPEAUHWND__@@@Z 0000000180003658 f i Scanner.obj
 0001:000026ac       ?InPlaceDeactivate@?$IOleInPlaceObjectWindowlessImpl@VCOPOSScanner@@@ATL@@UEAAJXZ 00000001800036ac f i Scanner.obj
 0001:000026c8       ?UIDeactivate@?$IOleInPlaceObjectWindowlessImpl@VCOPOSScanner@@@ATL@@UEAAJXZ 00000001800036c8 f i Scanner.obj
 0001:000026e4       ?SetObjectRects@?$IOleInPlaceObjectWindowlessImpl@VCOPOSScanner@@@ATL@@UEAAJPEBUtagRECT@@0@Z 00000001800036e4 f i Scanner.obj
 0001:00002700       ?OnWindowMessage@?$IOleInPlaceObjectWindowlessImpl@VCOPOSScanner@@@ATL@@UEAAJI_K_JPEA_J@Z 0000000180003700 f i Scanner.obj
 0001:000027c8       ?EnumConnectionPoints@?$IConnectionPointContainerImpl@VCOPOSScanner@@@ATL@@UEAAJPEAPEAUIEnumConnectionPoints@@@Z 00000001800037c8 f i Scanner.obj
 0001:00002a10       ?FindConnectionPoint@?$IConnectionPointContainerImpl@VCOPOSScanner@@@ATL@@UEAAJAEBU_GUID@@PEAPEAUIConnectionPoint@@@Z 0000000180003a10 f i Scanner.obj
 0001:00002ae0       ?IsDirty@?$IPersistStorageImpl@VCOPOSScanner@@@ATL@@UEAAJXZ 0000000180003ae0 f i Scanner.obj
 0001:00002b24       ?InitNew@?$IPersistStorageImpl@VCOPOSScanner@@@ATL@@UEAAJPEAUIStorage@@@Z 0000000180003b24 f i Scanner.obj
 0001:00002b68       ??_ECComModule@ATL@@UEAAPEAXI@Z 0000000180003b68 f i Scanner.obj
 0001:00002b68       ??_GCComModule@ATL@@UEAAPEAXI@Z 0000000180003b68 f i Scanner.obj
 0001:00002be8       ?Load@?$IPersistStorageImpl@VCOPOSScanner@@@ATL@@UEAAJPEAUIStorage@@@Z 0000000180003be8 f i Scanner.obj
 0001:00002c88       ?Save@?$IPersistStorageImpl@VCOPOSScanner@@@ATL@@UEAAJPEAUIStorage@@H@Z 0000000180003c88 f i Scanner.obj
 0001:00002d38       ?GetPages@?$ISpecifyPropertyPagesImpl@VCOPOSScanner@@@ATL@@UEAAJPEAUtagCAUUID@@@Z 0000000180003d38 f i Scanner.obj
 0001:00002d44       ?QuickActivate@?$IQuickActivateImpl@VCOPOSScanner@@@ATL@@UEAAJPEAUtagQACONTAINER@@PEAUtagQACONTROL@@@Z 0000000180003d44 f i Scanner.obj
 0001:00002d60       ?SetContentExtent@?$IQuickActivateImpl@VCOPOSScanner@@@ATL@@UEAAJPEAUtagSIZE@@@Z 0000000180003d60 f i Scanner.obj
 0001:00002d94       ?GetContentExtent@?$IQuickActivateImpl@VCOPOSScanner@@@ATL@@UEAAJPEAUtagSIZE@@@Z 0000000180003d94 f i Scanner.obj
 0001:00002dcc       ?GetData@?$IDataObjectImpl@VCOPOSScanner@@@ATL@@UEAAJPEAUtagFORMATETC@@PEAUtagSTGMEDIUM@@@Z 0000000180003dcc f i Scanner.obj
 0001:00002de8       ?DAdvise@?$IDataObjectImpl@VCOPOSScanner@@@ATL@@UEAAJPEAUtagFORMATETC@@KPEAUIAdviseSink@@PEAK@Z 0000000180003de8 f i Scanner.obj
 0001:00002e70       ?DUnadvise@?$IDataObjectImpl@VCOPOSScanner@@@ATL@@UEAAJK@Z 0000000180003e70 f i Scanner.obj
 0001:00002e9c       ?EnumDAdvise@?$IDataObjectImpl@VCOPOSScanner@@@ATL@@UEAAJPEAPEAUIEnumSTATDATA@@@Z 0000000180003e9c f i Scanner.obj
 0001:00002ed8       ?GetClassInfoW@?$IProvideClassInfo2Impl@$1?CLSID_OPOSScanner@@3U_GUID@@B$1?DIID__IOPOSScannerEvents@@3U2@B$1?LIBID_OposScanner_CCO@@3U2@B$00$0A@VCComTypeInfoHolder@ATL@@@ATL@@UEAAJPEAPEAUITypeInfo@@@Z 0000000180003ed8 f i Scanner.obj
 0001:00002f30       ?GetGUID@?$IProvideClassInfo2Impl@$1?CLSID_OPOSScanner@@3U_GUID@@B$1?DIID__IOPOSScannerEvents@@3U2@B$1?LIBID_OposScanner_CCO@@3U2@B$00$0A@VCComTypeInfoHolder@ATL@@@ATL@@UEAAJKPEAU_GUID@@@Z 0000000180003f30 f i Scanner.obj
 0001:00002f64       ?GetInterfaceSafetyOptions@?$IObjectSafetyImpl@VCOPOSScanner@@$02@ATL@@UEAAJAEBU_GUID@@PEAK1@Z 0000000180003f64 f i Scanner.obj
 0001:00002ff8       ?SetInterfaceSafetyOptions@?$IObjectSafetyImpl@VCOPOSScanner@@$02@ATL@@UEAAJAEBU_GUID@@KK@Z 0000000180003ff8 f i Scanner.obj
 0001:0000309c       ?_LocCPQueryInterface@?$IConnectionPointImpl@VCOPOSScanner@@$1?DIID__IOPOSScannerEvents@@3U_GUID@@BVCComDynamicUnkArray@ATL@@@ATL@@UEAAJAEBU_GUID@@PEAPEAX@Z 000000018000409c f i Scanner.obj
 0001:0000309c       ?_LocCPQueryInterface@?$IConnectionPointImpl@VCOPOSScanner@@$1?IID_IPropertyNotifySink@@3U_GUID@@BVCComDynamicUnkArray@ATL@@@ATL@@UEAAJAEBU_GUID@@PEAPEAX@Z 000000018000409c f i Scanner.obj
 0001:00003110       ?GetConnectionInterface@?$IConnectionPointImpl@VCOPOSScanner@@$1?IID_IPropertyNotifySink@@3U_GUID@@BVCComDynamicUnkArray@ATL@@@ATL@@UEAAJPEAU_GUID@@@Z 0000000180004110 f i Scanner.obj
 0001:0000312c       ?GetConnectionPointContainer@?$IConnectionPointImpl@VCOPOSScanner@@$1?IID_IPropertyNotifySink@@3U_GUID@@BVCComDynamicUnkArray@ATL@@@ATL@@UEAAJPEAPEAUIConnectionPointContainer@@@Z 000000018000412c f i Scanner.obj
 0001:0000314c       ?Advise@?$IConnectionPointImpl@VCOPOSScanner@@$1?IID_IPropertyNotifySink@@3U_GUID@@BVCComDynamicUnkArray@ATL@@@ATL@@UEAAJPEAUIUnknown@@PEAK@Z 000000018000414c f i Scanner.obj
 0001:0000314c       ?Advise@?$IConnectionPointImpl@VCOPOSScanner@@$1?DIID__IOPOSScannerEvents@@3U_GUID@@BVCComDynamicUnkArray@ATL@@@ATL@@UEAAJPEAUIUnknown@@PEAK@Z 000000018000414c f i Scanner.obj
 0001:0000320c       ?Unadvise@?$IConnectionPointImpl@VCOPOSScanner@@$1?IID_IPropertyNotifySink@@3U_GUID@@BVCComDynamicUnkArray@ATL@@@ATL@@UEAAJK@Z 000000018000420c f i Scanner.obj
 0001:0000320c       ?Unadvise@?$IConnectionPointImpl@VCOPOSScanner@@$1?DIID__IOPOSScannerEvents@@3U_GUID@@BVCComDynamicUnkArray@ATL@@@ATL@@UEAAJK@Z 000000018000420c f i Scanner.obj
 0001:00003288       ?EnumConnections@?$IConnectionPointImpl@VCOPOSScanner@@$1?DIID__IOPOSScannerEvents@@3U_GUID@@BVCComDynamicUnkArray@ATL@@@ATL@@UEAAJPEAPEAUIEnumConnections@@@Z 0000000180004288 f i Scanner.obj
 0001:00003288       ?EnumConnections@?$IConnectionPointImpl@VCOPOSScanner@@$1?IID_IPropertyNotifySink@@3U_GUID@@BVCComDynamicUnkArray@ATL@@@ATL@@UEAAJPEAPEAUIEnumConnections@@@Z 0000000180004288 f i Scanner.obj
 0001:00003430       ?GetConnectionInterface@?$IConnectionPointImpl@VCOPOSScanner@@$1?DIID__IOPOSScannerEvents@@3U_GUID@@BVCComDynamicUnkArray@ATL@@@ATL@@UEAAJPEAU_GUID@@@Z 0000000180004430 f i Scanner.obj
 0001:0000344c       ?GetConnectionPointContainer@?$IConnectionPointImpl@VCOPOSScanner@@$1?DIID__IOPOSScannerEvents@@3U_GUID@@BVCComDynamicUnkArray@ATL@@@ATL@@UEAAJPEAPEAUIConnectionPointContainer@@@Z 000000018000444c f i Scanner.obj
 0001:0000346c       ?UpdateRegistry@COPOSScanner@@SAJH@Z 000000018000446c f i Scanner.obj
 0001:00003484       ?ProcessWindowMessage@COPOSScanner@@UEAAHPEAUHWND__@@I_K_JAEA_JK@Z 0000000180004484 f i Scanner.obj
 0001:0000350c       ?SOData@COPOSScanner@@MEAAJJ@Z 000000018000450c f i Scanner.obj
 0001:0000355c       ?SODirectIO@COPOSScanner@@MEAAJJPEAJPEAPEA_W@Z 000000018000455c f i Scanner.obj
 0001:000035d4       ?SOError@COPOSScanner@@MEAAJJJJPEAJ@Z 00000001800045d4 f i Scanner.obj
 0001:0000365c       ?SOStatusUpdate@COPOSScanner@@MEAAJJ@Z 000000018000465c f i Scanner.obj
 0001:000036ac       ??$AtlModuleRegisterWndClassInfoT@VAtlModuleRegisterWndClassInfoParamW@ATL@@@ATL@@YAGPEAU_ATL_BASE_MODULE70@0@PEAU_ATL_WIN_MODULE70@0@PEAU_ATL_WNDCLASSINFOW@0@PEAP6A_JPEAUHWND__@@I_K_J@ZVAtlModuleRegisterWndClassInfoParamW@0@@Z 00000001800046ac f i Scanner.obj
 0001:000038ac       ??0?$CComContainedObject@VCOPOSScanner@@@ATL@@QEAA@PEAX@Z 00000001800048ac f i Scanner.obj
 0001:000039c8       ??0?$CComObject@VCOPOSScanner@@@ATL@@QEAA@PEAX@Z 00000001800049c8 f i Scanner.obj
 0001:00003ae0       ??0CAtlModule@ATL@@QEAA@XZ 0000000180004ae0 f i Scanner.obj
 0001:00003b5c       ??1?$CComEnumImpl@UIEnumConnectionPoints@@$1?_GUID_b196b285_bab4_101a_b69c_00aa00341d07@@3U__s_GUID@@BPEAUIConnectionPoint@@V?$_CopyInterface@UIConnectionPoint@@@ATL@@@ATL@@UEAA@XZ 0000000180004b5c f i Scanner.obj
 0001:00003bb8       ??1?$CComEnumImpl@UIEnumConnections@@$1?_GUID_b196b287_bab4_101a_b69c_00aa00341d07@@3U__s_GUID@@BUtagCONNECTDATA@@V?$_Copy@UtagCONNECTDATA@@@ATL@@@ATL@@UEAA@XZ 0000000180004bb8 f i Scanner.obj
 0001:00003c14       ??1?$CComObject@VCOPOSScanner@@@ATL@@UEAA@XZ 0000000180004c14 f i Scanner.obj
 0001:00003d34       ??_E?$CComContainedObject@VCOPOSScanner@@@ATL@@UEAAPEAXI@Z 0000000180004d34 f i Scanner.obj
 0001:00003d34       ??_G?$CComContainedObject@VCOPOSScanner@@@ATL@@UEAAPEAXI@Z 0000000180004d34 f i Scanner.obj
 0001:00003d68       ??_G?$CComObject@VCOPOSScanner@@@ATL@@UEAAPEAXI@Z 0000000180004d68 f i Scanner.obj
 0001:00003d68       ??_E?$CComObject@VCOPOSScanner@@@ATL@@UEAAPEAXI@Z 0000000180004d68 f i Scanner.obj
 0001:00003d9c       ?Add@?$CSimpleArray@GV?$CSimpleArrayEqualHelper@G@ATL@@@ATL@@QEAAHAEBG@Z 0000000180004d9c f i Scanner.obj
 0001:00003e50       ?Add@?$CSimpleMap@PEA_WPEA_WVCExpansionVectorEqualHelper@ATL@@@ATL@@QEAAHAEBQEA_W0@Z 0000000180004e50 f i Scanner.obj
 0001:00003ef0       ?Add@CComDynamicUnkArray@ATL@@QEAAKPEAUIUnknown@@@Z 0000000180004ef0 f i Scanner.obj
 0001:00003fe8       ?Add@CExpansionVector@ATL@@QEAAHPEB_W0@Z 0000000180004fe8 f i Scanner.obj
 0001:00004178       ?AddValue@CRegParser@ATL@@IEAAJAEAVCRegKey@2@PEB_WPEA_W@Z 0000000180005178 f i Scanner.obj
 0001:000045c0       ?AllocateHeap@?$CTempBuffer@E$0BAA@VCCRTAllocator@ATL@@@ATL@@AEAAX_K@Z 00000001800055c0 f i Scanner.obj
 0001:000045c0       ?AllocateHeap@?$CTempBuffer@_W$0BAA@VCCRTAllocator@ATL@@@ATL@@AEAAX_K@Z 00000001800055c0 f i Scanner.obj
 0001:000045c0       ?AllocateHeap@?$CTempBuffer@_W$0EAA@VCCRTAllocator@ATL@@@ATL@@AEAAX_K@Z 00000001800055c0 f i Scanner.obj
 0001:000045ec       ?Append@CParseBuffer@CRegParser@ATL@@QEAAHPEB_WH@Z 00000001800055ec f i Scanner.obj
 0001:00004704       ?AtlCallTermFunc@ATL@@YAXPEAU_ATL_MODULE70@1@@Z 0000000180005704 f i Scanner.obj
 0001:00004768       ?AtlComModuleGetClassObject@ATL@@YAJPEAU_ATL_COM_MODULE70@1@AEBU_GUID@@1PEAPEAX@Z 0000000180005768 f i Scanner.obj
 0001:000048a8       ?AtlComModuleRegisterServer@ATL@@YAJPEAU_ATL_COM_MODULE70@1@HPEBU_GUID@@@Z 00000001800058a8 f i Scanner.obj
 0001:00004968       ?AtlComModuleUnregisterServer@ATL@@YAJPEAU_ATL_COM_MODULE70@1@HPEBU_GUID@@@Z 0000000180005968 f i Scanner.obj
 0001:00004a24       ?AtlCreateTargetDC@ATL@@YAPEAUHDC__@@PEAU2@PEAUtagDVTARGETDEVICE@@@Z 0000000180005a24 f i Scanner.obj
 0001:00004a98       ?AtlHiMetricToPixel@ATL@@YAXPEBUtagSIZE@@PEAU2@@Z 0000000180005a98 f i Scanner.obj
 0001:00004b48       ?AtlHresultFromLastError@ATL@@YAJXZ 0000000180005b48 f i Scanner.obj
 0001:00004b68       ?AtlHresultFromWin32@ATL@@YAJK@Z 0000000180005b68 f i Scanner.obj
 0001:00004b78       ?AtlIPersistStreamInit_Load@ATL@@YAJPEAUIStream@@PEBUATL_PROPMAP_ENTRY@1@PEAXPEAUIUnknown@@@Z 0000000180005b78 f i Scanner.obj
 0001:00004db0       ?AtlIPersistStreamInit_Save@ATL@@YAJPEAUIStream@@HPEBUATL_PROPMAP_ENTRY@1@PEAXPEAUIUnknown@@@Z 0000000180005db0 f i Scanner.obj
 0001:00004fec       ?AtlInternalOleLoadFromStream@ATL@@YAJPEAUIStream@@AEBU_GUID@@PEAPEAXTClassesAllowedInStream@1@K@Z 0000000180005fec f i Scanner.obj
 0001:00005130       ?AtlInternalQueryInterface@ATL@@YAJPEAXPEBU_ATL_INTMAP_ENTRY@1@AEBU_GUID@@PEAPEAX@Z 0000000180006130 f i Scanner.obj
 0001:00005238       ?AtlLoadTypeLib@ATL@@YAJPEAUHINSTANCE__@@PEB_WPEAPEA_WPEAPEAUITypeLib@@@Z 0000000180006238 f i Scanner.obj
 0001:00005494       ?AtlModuleAddTermFunc@ATL@@YAJPEAU_ATL_MODULE70@1@P6AX_K@Z1@Z 0000000180006494 f i Scanner.obj
 0001:00005528       ?AtlRegisterClassCategoriesHelper@ATL@@YAJAEBU_GUID@@PEBU_ATL_CATMAP_ENTRY@1@H@Z 0000000180006528 f i Scanner.obj
 0001:0000598c       ?AtlRegisterTypeLib@ATL@@YAJPEAUHINSTANCE__@@PEB_W@Z 000000018000698c f i Scanner.obj
 0001:00005b88       ?AtlThrowImpl@ATL@@YAXJ@Z  0000000180006b88 f i Scanner.obj
 0001:00005bac       ?AtlUnRegisterTypeLib@ATL@@YAJPEAUHINSTANCE__@@PEB_W@Z 0000000180006bac f i Scanner.obj
 0001:00005c74       ?AtlWinModuleExtractCreateWndData@ATL@@YAPEAXPEAU_ATL_WIN_MODULE70@1@@Z 0000000180006c74 f i Scanner.obj
 0001:00005d00       ?Cleanup@CComTypeInfoHolder@ATL@@SAX_K@Z 0000000180006d00 f i Scanner.obj
 0001:00005d40       ?ClearReplacements@CExpansionVector@ATL@@QEAAJXZ 0000000180006d40 f i Scanner.obj
 0001:00005ddc       ?Create@?$CWindowImpl@VCOPOSScanner@@VCWindow@ATL@@V?$CWinTraits@$0FGAAAAAA@$0A@@3@@ATL@@QEAAPEAUHWND__@@PEAU3@V_U_RECT@2@PEB_WKKV_U_MENUorID@2@PEAX@Z 0000000180006ddc f i Scanner.obj
 0001:00005e8c       ?Create@?$CWindowImplBaseT@VCWindow@ATL@@V?$CWinTraits@$0FGAAAAAA@$0A@@2@@ATL@@QEAAPEAUHWND__@@PEAU3@V_U_RECT@2@PEB_WKKV_U_MENUorID@2@GPEAX@Z 0000000180006e8c f i Scanner.obj
 0001:00005ffc       ?Create@CRegKey@ATL@@QEAAJPEAUHKEY__@@PEB_WPEA_WKKPEAU_SECURITY_ATTRIBUTES@@PEAK@Z 0000000180006ffc f i Scanner.obj
 0001:000060e0       ?CreateInstance@?$CComCreator@V?$CComAggObject@VCOPOSScanner@@@ATL@@@ATL@@SAJPEAXAEBU_GUID@@PEAPEAX@Z 00000001800070e0 f i Scanner.obj
 0001:000061b8       ?CreateInstance@?$CComCreator@V?$CComObject@VCOPOSScanner@@@ATL@@@ATL@@SAJPEAXAEBU_GUID@@PEAPEAX@Z 00000001800071b8 f i Scanner.obj
 0001:00006270       ?CreateInstance@?$CComObject@V?$CComEnum@UIEnumConnectionPoints@@$1?_GUID_b196b285_bab4_101a_b69c_00aa00341d07@@3U__s_GUID@@BPEAUIConnectionPoint@@V?$_CopyInterface@UIConnectionPoint@@@ATL@@VCComSingleThreadModel@6@@ATL@@@ATL@@SAJPEAPEAV12@@Z 0000000180007270 f i Scanner.obj
 0001:000062fc       ?CreateInstance@?$CComObject@V?$CComEnum@UIEnumConnections@@$1?_GUID_b196b287_bab4_101a_b69c_00aa00341d07@@3U__s_GUID@@BUtagCONNECTDATA@@V?$_Copy@UtagCONNECTDATA@@@ATL@@VCComSingleThreadModel@6@@ATL@@@ATL@@SAJPEAPEAV12@@Z 00000001800072fc f i Scanner.obj
 0001:00006388       ?DefaultReflectionHandler@?$CWindowImplRoot@VCWindow@ATL@@@ATL@@SAHPEAUHWND__@@I_K_JAEA_J@Z 0000000180007388 f i Scanner.obj
 0001:000063ec       ?DoEvent@COPOSScanner@@IEAAXI_K_J@Z 00000001800073ec f i Scanner.obj
 0001:000064a0       ?DoVerbPrimary@?$IOleObjectImpl@VCOPOSScanner@@@ATL@@QEAAJPEBUtagRECT@@PEAUHWND__@@@Z 00000001800074a0 f i Scanner.obj
 0001:000065c8       ?DoVerbProperties@CComControlBase@ATL@@QEAAJPEBUtagRECT@@PEAUHWND__@@@Z 00000001800075c8 f i Scanner.obj
 0001:000067f0       ?FireTheEvent@?$CProxy_IOPOSEvents@VCOPOSScanner@@@@IEAAXPEAVOposVariant@@IAEAJPEB_WJ@Z 00000001800077f0 f i Scanner.obj
 0001:000068dc       ?FireViewChange@CComControlBase@ATL@@QEAAJXZ 00000001800078dc f i Scanner.obj
 0001:00006940       ?Fire_DataEvent@?$CProxy_IOPOSEvents@VCOPOSScanner@@@@QEAAXJ@Z 0000000180007940 f i Scanner.obj
 0001:00006a2c       ?Fire_DirectIOEvent@?$CProxy_IOPOSEvents@VCOPOSScanner@@@@QEAAXJPEAJPEAPEA_W@Z 0000000180007a2c f i Scanner.obj
 0001:00006b84       ?Fire_ErrorEvent@?$CProxy_IOPOSEvents@VCOPOSScanner@@@@QEAAXJJJPEAJ@Z 0000000180007b84 f i Scanner.obj
 0001:00006cec       ?Fire_StatusUpdateEvent@?$CProxy_IOPOSEvents@VCOPOSScanner@@@@QEAAXJ@Z 0000000180007cec f i Scanner.obj
 0001:00006dd8       ?FreeHeap@?$CTempBuffer@E$0BAA@VCCRTAllocator@ATL@@@ATL@@AEAAXXZ 0000000180007dd8 f i Scanner.obj
 0001:00006dd8       ?FreeHeap@?$CTempBuffer@_W$0EAA@VCCRTAllocator@ATL@@@ATL@@AEAAXXZ 0000000180007dd8 f i Scanner.obj
 0001:00006dd8       ?FreeHeap@?$CTempBuffer@_W$0BAA@VCCRTAllocator@ATL@@@ATL@@AEAAXXZ 0000000180007dd8 f i Scanner.obj
 0001:00006de0       ?GetAmbientLocaleID@CComControlBase@ATL@@QEAAJAEAK@Z 0000000180007de0 f i Scanner.obj
 0001:00006ea0       ?GetAmbientUserMode@CComControlBase@ATL@@QEAAJAEAH@Z 0000000180007ea0 f i Scanner.obj
 0001:00006f74       ?GetClassObject@CComModule@ATL@@QEAAJAEBU_GUID@@0PEAPEAX@Z 0000000180007f74 f i Scanner.obj
 0001:00007068       ?GetConnMap@COPOSScanner@@SAPEBU_ATL_CONNMAP_ENTRY@ATL@@PEAH@Z 0000000180008068 f i Scanner.obj
 0001:000070f0       ?GetIDsOfNames@CComTypeInfoHolder@ATL@@QEAAJAEBU_GUID@@PEAPEA_WIKPEAJ@Z 00000001800080f0 f i Scanner.obj
 0001:00007268       ?GetPagesHelper@?$ISpecifyPropertyPagesImpl@VCOPOSScanner@@@ATL@@IEAAJPEAUtagCAUUID@@PEBUATL_PROPMAP_ENTRY@2@@Z 0000000180008268 f i Scanner.obj
 0001:00007408       ?GetSizeMax@CComVariant@ATL@@QEBAJPEAT_ULARGE_INTEGER@@@Z 0000000180008408 f i Scanner.obj
 0001:0000763c       ?GetTI@CComTypeInfoHolder@ATL@@QEAAJK@Z 000000018000863c f i Scanner.obj
 0001:000078b4       ?GetZoomInfo@CComControlBase@ATL@@QEAAXAEAUATL_DRAWINFO@@@Z 00000001800088b4 f i Scanner.obj
 0001:00007958       ?HKeyFromString@CRegParser@ATL@@KAPEAUHKEY__@@PEA_W@Z 0000000180008958 f i Scanner.obj
 0001:000079bc       ?IDataObject_GetData@CComControlBase@ATL@@QEAAJPEAUtagFORMATETC@@PEAUtagSTGMEDIUM@@@Z 00000001800089bc f i Scanner.obj
 0001:00007bb0       ?IOleInPlaceObject_InPlaceDeactivate@CComControlBase@ATL@@QEAAJXZ 0000000180008bb0 f i Scanner.obj
 0001:00007c50       ?IOleInPlaceObject_SetObjectRects@CComControlBase@ATL@@QEAAJPEBUtagRECT@@0@Z 0000000180008c50 f i Scanner.obj
 0001:00007d40       ?IOleInPlaceObject_UIDeactivate@CComControlBase@ATL@@QEAAJXZ 0000000180008d40 f i Scanner.obj
 0001:00007e4c       ?IOleObject_Close@CComControlBase@ATL@@QEAAJK@Z 0000000180008e4c f i Scanner.obj
 0001:00007f64       ?IOleObject_SetClientSite@CComControlBase@ATL@@QEAAJPEAUIOleClientSite@@@Z 0000000180008f64 f i Scanner.obj
 0001:00007fdc       ?IOleObject_SetExtent@CComControlBase@ATL@@QEAAJKPEAUtagSIZE@@@Z 0000000180008fdc f i Scanner.obj
 0001:00008074       ?IPSI_GetIPersistStreamInit@?$IPersistStorageImpl@VCOPOSScanner@@@ATL@@AEAAPEAUIPersistStreamInit@@XZ 0000000180009074 f i Scanner.obj
 0001:000080d0       ?IQuickActivate_QuickActivate@CComControlBase@ATL@@QEAAJPEAUtagQACONTAINER@@PEAUtagQACONTROL@@@Z 00000001800090d0 f i Scanner.obj
 0001:00008394       ?IViewObject_Draw@CComControlBase@ATL@@QEAAJKJPEAXPEAUtagDVTARGETDEVICE@@PEAUHDC__@@2PEBU_RECTL@@3@Z 0000000180009394 f i Scanner.obj
 0001:000084a8       ?InPlaceActivate@CComControlBase@ATL@@QEAAJJPEBUtagRECT@@@Z 00000001800094a8 f i Scanner.obj
 0001:000087e0       ?Init@?$CComEnumImpl@UIEnumConnectionPoints@@$1?_GUID_b196b285_bab4_101a_b69c_00aa00341d07@@3U__s_GUID@@BPEAUIConnectionPoint@@V?$_CopyInterface@UIConnectionPoint@@@ATL@@@ATL@@QEAAJPEAPEAUIConnectionPoint@@0PEAUIUnknown@@W4CComEnumFlags@2@@Z 00000001800097e0 f i Scanner.obj
 0001:00008900       ?Init@?$CComEnumImpl@UIEnumConnections@@$1?_GUID_b196b287_bab4_101a_b69c_00aa00341d07@@3U__s_GUID@@BUtagCONNECTDATA@@V?$_Copy@UtagCONNECTDATA@@@ATL@@@ATL@@QEAAJPEAUtagCONNECTDATA@@0PEAUIUnknown@@W4CComEnumFlags@2@@Z 0000000180009900 f i Scanner.obj
 0001:00008a24       ?IsEqualObject@?$CComPtrBase@UITypeInfo@@@ATL@@QEAA_NPEAUIUnknown@@@Z 0000000180009a24 f i Scanner.obj
 0001:00008a24       ?IsEqualObject@?$CComPtrBase@UIOleClientSite@@@ATL@@QEAA_NPEAUIUnknown@@@Z 0000000180009a24 f i Scanner.obj
 0001:00008ab0       ?LoadNameCache@CComTypeInfoHolder@ATL@@QEAAJPEAUITypeInfo@@@Z 0000000180009ab0 f i Scanner.obj
 0001:00008c34       ?Lookup@?$CSimpleMap@PEA_WPEA_WVCExpansionVectorEqualHelper@ATL@@@ATL@@QEBAPEA_WAEBQEA_W@Z 0000000180009c34 f i Scanner.obj
 0001:00008cc0       ?NextToken@CRegParser@ATL@@IEAAJPEA_W@Z 0000000180009cc0 f i Scanner.obj
 0001:00008e78       ?OnKillFocus@CComControlBase@ATL@@QEAA_JI_K_JAEAH@Z 0000000180009e78 f i Scanner.obj
 0001:00008f14       ?OnMouseActivate@CComControlBase@ATL@@QEAA_JI_K_JAEAH@Z 0000000180009f14 f i Scanner.obj
 0001:00008fb4       ?OnPaint@CComControlBase@ATL@@QEAA_JI_K_JAEAH@Z 0000000180009fb4 f i Scanner.obj
 0001:000090a0       ?OnSetFocus@CComControlBase@ATL@@QEAA_JI_K_JAEAH@Z 000000018000a0a0 f i Scanner.obj
 0001:0000919c       ?Open@CRegKey@ATL@@QEAAJPEAUHKEY__@@PEB_WK@Z 000000018000a19c f i Scanner.obj
 0001:00009218       ?PreProcessBuffer@CRegParser@ATL@@QEAAJPEA_WPEAPEA_W@Z 000000018000a218 f i Scanner.obj
 0001:0000959c       ?ProcessWindowMessage@?$CComControl@VCOPOSScanner@@V?$CWindowImpl@VCOPOSScanner@@VCWindow@ATL@@V?$CWinTraits@$0FGAAAAAA@$0A@@3@@ATL@@@ATL@@UEAAHPEAUHWND__@@I_K_JAEA_JK@Z 000000018000a59c f i Scanner.obj
 0001:00009680       ?PutProperty@?$CComPtr@UIDispatch@@@ATL@@SAJPEAUIDispatch@@JPEAUtagVARIANT@@@Z 000000018000a680 f i Scanner.obj
 0001:00009784       ?ReadFromStream@CComBSTR@ATL@@QEAAJPEAUIStream@@@Z 000000018000a784 f i Scanner.obj
 0001:000098e0       ?ReadFromStream@CComVariant@ATL@@QEAAJPEAUIStream@@GTClassesAllowedInStream@2@K@Z 000000018000a8e0 f i Scanner.obj
 0001:00009af0       ?RecurseDeleteKey@CRegKey@ATL@@QEAAJPEB_W@Z 000000018000aaf0 f i Scanner.obj
 0001:00009c14       ?RegCreateKeyExW@CAtlTransactionManager@ATL@@QEAAJPEAUHKEY__@@PEB_WKPEA_WKKQEAU_SECURITY_ATTRIBUTES@@PEAPEAU3@PEAK@Z 000000018000ac14 f i Scanner.obj
 0001:00009d48       ?RegDeleteKeyW@CAtlTransactionManager@ATL@@QEAAJPEAUHKEY__@@PEB_W@Z 000000018000ad48 f i Scanner.obj
 0001:00009dd4       ?RegOpenKeyExW@CAtlTransactionManager@ATL@@QEAAJPEAUHKEY__@@PEB_WKKPEAPEAU3@@Z 000000018000add4 f i Scanner.obj
 0001:00009e8c       ?RegisterBuffer@CRegParser@ATL@@QEAAJPEA_WH@Z 000000018000ae8c f i Scanner.obj
 0001:00009ff4       ?RegisterFromResource@CRegObject@ATL@@IEAAJPEB_W00H@Z 000000018000aff4 f i Scanner.obj
 0001:0000a1b0       ?RegisterServer@CComModule@ATL@@QEAAJHPEBU_GUID@@@Z 000000018000b1b0 f i Scanner.obj
 0001:0000a270       ?RegisterSubkeys@CRegParser@ATL@@IEAAJPEA_WPEAUHKEY__@@HH@Z 000000018000b270 f i Scanner.obj
 0001:0000a960       ?SendOnDataChange@CComControlBase@ATL@@QEAAJK@Z 000000018000b960 f i Scanner.obj
 0001:0000a9d0       ?SetControlFocus@CComControlBase@ATL@@QEAAHH@Z 000000018000b9d0 f i Scanner.obj
 0001:0000aaac       ?SkipAssignment@CRegParser@ATL@@IEAAJPEA_W@Z 000000018000baac f i Scanner.obj
 0001:0000ab50       ?Term@CComModule@ATL@@QEAAXXZ 000000018000bb50 f i Scanner.obj
 0001:0000abfc       ?UnregisterServer@CComModule@ATL@@QEAAJHPEBU_GUID@@@Z 000000018000bbfc f i Scanner.obj
 0001:0000acac       ?UpdateRegistryFromResource@CAtlModule@ATL@@QEAAJIHPEAU_ATL_REGMAP_ENTRY@2@@Z 000000018000bcac f i Scanner.obj
 0001:0000afe4       ?UpdateRegistryFromResource@CAtlModule@ATL@@QEAAJPEB_WHPEAU_ATL_REGMAP_ENTRY@2@@Z 000000018000bfe4 f i Scanner.obj
 0001:0000b33c       ?VTFromRegType@CRegParser@ATL@@KAHPEB_WAEAG@Z 000000018000c33c f i Scanner.obj
 0001:0000b3d8       ?WindowProc@?$CWindowImplBaseT@VCWindow@ATL@@V?$CWinTraits@$0FGAAAAAA@$0A@@2@@ATL@@SA_JPEAUHWND__@@I_K_J@Z 000000018000c3d8 f i Scanner.obj
 0001:0000b544       ?WriteToStream@CComBSTR@ATL@@QEAAJPEAUIStream@@@Z 000000018000c544 f i Scanner.obj
 0001:0000b5c4       ?WriteToStream@CComVariant@ATL@@QEAAJPEAUIStream@@@Z 000000018000c5c4 f i Scanner.obj
 0001:0000b7d8       ?WriteToStream@CComVariant@ATL@@QEAAJPEAUIStream@@G@Z 000000018000c7d8 f i Scanner.obj
 0001:0000b870       ?_AtlVerifyStackAvailable@_ATL_SAFE_ALLOCA_IMPL@ATL@@YA_N_K@Z 000000018000c870 f i Scanner.obj
 0001:0000b8f4       DllCanUnloadNow            000000018000c8f4 f   Scanner.obj
 0001:0000b900       DllGetClassObject          000000018000c900 f   Scanner.obj
 0001:0000b918       DllMain                    000000018000c918 f   Scanner.obj
 0001:0000b9c0       DllRegisterServer          000000018000c9c0 f   Scanner.obj
 0001:0000b9d4       DllUnregisterServer        000000018000c9d4 f   Scanner.obj
 0001:0000b9e8       __local_stdio_printf_options 000000018000c9e8 f i Scanner.obj
 0001:0000ba78       swprintf_s                 000000018000ca78 f i Scanner.obj
 0001:0000bacc       ??0COPOSScanner@@QEAA@XZ   000000018000cacc f   ScannerImpl.obj
 0001:0000bb94       ??1?$IConnectionPointImpl@VCOPOSScanner@@$1?DIID__IOPOSScannerEvents@@3U_GUID@@BVCComDynamicUnkArray@ATL@@@ATL@@QEAA@XZ 000000018000cb94 f i ScannerImpl.obj
 0001:0000bb94       ??1?$IConnectionPointImpl@VCOPOSScanner@@$1?IID_IPropertyNotifySink@@3U_GUID@@BVCComDynamicUnkArray@ATL@@@ATL@@QEAA@XZ 000000018000cb94 f i ScannerImpl.obj
 0001:0000bbf0       ??1CComControlBase@ATL@@UEAA@XZ 000000018000cbf0 f i ScannerImpl.obj
 0001:0000bc6c       ??1COPOSScanner@@UEAA@XZ   000000018000cc6c f   ScannerImpl.obj
 0001:0000bcd0       ?CheckHealth@COPOSScanner@@UEAAJJPEAJ@Z 000000018000ccd0 f   ScannerImpl.obj
 0001:0000bd4c       ?ClaimDevice@COPOSScanner@@UEAAJJPEAJ@Z 000000018000cd4c f   ScannerImpl.obj
 0001:0000bdec       ?ClearInput@COPOSScanner@@UEAAJPEAJ@Z 000000018000cdec f   ScannerImpl.obj
 0001:0000be14       ?ClearInputProperties@COPOSScanner@@UEAAJPEAJ@Z 000000018000ce14 f   ScannerImpl.obj
 0001:0000be3c       ?Close@COPOSScanner@@UEAAJPEAJ@Z 000000018000ce3c f   ScannerImpl.obj
 0001:0000bef4       ?CompareFirmwareVersion@COPOSScanner@@UEAAJPEA_WPEAJ1@Z 000000018000cef4 f   ScannerImpl.obj
 0001:0000bfd0       ?DirectIO@COPOSScanner@@UEAAJJPEAJPEAPEA_W0@Z 000000018000cfd0 f   ScannerImpl.obj
 0001:0000c0cc       ?DoInvoke@COPOSScanner@@IEAAJJPEAVOposVariant@@IHPEAJ_N@Z 000000018000d0cc f   ScannerImpl.obj
 0001:0000c200       ?EventInit@COPOSScanner@@IEAAJXZ 000000018000d200 f i ScannerImpl.obj
 0001:0000c348       ?EventUninit@COPOSScanner@@IEAAXXZ 000000018000d348 f i ScannerImpl.obj
 0001:0000c3ac       ?EventWindowProc@COPOSScanner@@IEAA_JI_K_J@Z 000000018000d3ac f i ScannerImpl.obj
 0001:0000c538       ?FinalConstruct@COPOSScanner@@QEAAJXZ 000000018000d538 f   ScannerImpl.obj
 0001:0000c574       ?FreezeEvents@COPOSScanner@@MEAAJH@Z 000000018000d574 f   ScannerImpl.obj
 0001:0000c5e8       ?GetOposProp@COPOSScanner@@IEAAJJPEAJJ@Z 000000018000d5e8 f   ScannerImpl.obj
 0001:0000c704       ?GetOposProp@COPOSScanner@@IEAAJJPEAPEA_WJ@Z 000000018000d704 f   ScannerImpl.obj
 0001:0000c830       ?OnDraw@COPOSScanner@@MEAAJAEAUATL_DRAWINFO@@@Z 000000018000d830 f   ScannerImpl.obj
 0001:0000c91c       ?Open@COPOSScanner@@UEAAJPEA_WPEAJ@Z 000000018000d91c f   ScannerImpl.obj
 0001:0000d1a4       ?ReleaseDevice@COPOSScanner@@UEAAJPEAJ@Z 000000018000e1a4 f   ScannerImpl.obj
 0001:0000d210       ?ResetStatistics@COPOSScanner@@UEAAJPEA_WPEAJ@Z 000000018000e210 f   ScannerImpl.obj
 0001:0000d298       ?RetrieveStatistics@COPOSScanner@@UEAAJPEAPEA_WPEAJ@Z 000000018000e298 f   ScannerImpl.obj
 0001:0000d320       ?SOProcessID@COPOSScanner@@UEAAJPEAJ@Z 000000018000e320 f   ScannerImpl.obj
 0001:0000d33c       ?SetCOFreezeEvents@COPOSScanner@@IEAAXF@Z 000000018000e33c f   ScannerImpl.obj
 0001:0000d420       ?SetOposProp@COPOSScanner@@IEAAJJJJ@Z 000000018000e420 f   ScannerImpl.obj
 0001:0000d580       ?UpdateFirmware@COPOSScanner@@UEAAJPEA_WPEAJ@Z 000000018000e580 f   ScannerImpl.obj
 0001:0000d608       ?UpdateStatistics@COPOSScanner@@UEAAJPEA_WPEAJ@Z 000000018000e608 f   ScannerImpl.obj
 0001:0000d690       ?get_AutoDisable@COPOSScanner@@UEAAJPEAF@Z 000000018000e690 f   ScannerImpl.obj
 0001:0000d6c4       ?get_BinaryConversion@COPOSScanner@@UEAAJPEAJ@Z 000000018000e6c4 f   ScannerImpl.obj
 0001:0000d6d8       ?get_CapCompareFirmwareVersion@COPOSScanner@@UEAAJPEAF@Z 000000018000e6d8 f   ScannerImpl.obj
 0001:0000d70c       ?get_CapPowerReporting@COPOSScanner@@UEAAJPEAJ@Z 000000018000e70c f   ScannerImpl.obj
 0001:0000d720       ?get_CapStatisticsReporting@COPOSScanner@@UEAAJPEAF@Z 000000018000e720 f   ScannerImpl.obj
 0001:0000d754       ?get_CapUpdateFirmware@COPOSScanner@@UEAAJPEAF@Z 000000018000e754 f   ScannerImpl.obj
 0001:0000d788       ?get_CapUpdateStatistics@COPOSScanner@@UEAAJPEAF@Z 000000018000e788 f   ScannerImpl.obj
 0001:0000d7bc       ?get_CheckHealthText@COPOSScanner@@UEAAJPEAPEA_W@Z 000000018000e7bc f   ScannerImpl.obj
 0001:0000d7cc       ?get_Claimed@COPOSScanner@@UEAAJPEAF@Z 000000018000e7cc f   ScannerImpl.obj
 0001:0000d7fc       ?get_ControlObjectDescription@COPOSScanner@@UEAAJPEAPEA_W@Z 000000018000e7fc f   ScannerImpl.obj
 0001:0000d860       ?get_ControlObjectVersion@COPOSScanner@@UEAAJPEAJ@Z 000000018000e860 f   ScannerImpl.obj
 0001:0000d86c       ?get_DataCount@COPOSScanner@@UEAAJPEAJ@Z 000000018000e86c f   ScannerImpl.obj
 0001:0000d880       ?get_DataEventEnabled@COPOSScanner@@UEAAJPEAF@Z 000000018000e880 f   ScannerImpl.obj
 0001:0000d8b0       ?get_DecodeData@COPOSScanner@@UEAAJPEAF@Z 000000018000e8b0 f   ScannerImpl.obj
 0001:0000d8e4       ?get_DeviceDescription@COPOSScanner@@UEAAJPEAPEA_W@Z 000000018000e8e4 f   ScannerImpl.obj
 0001:0000d8f4       ?get_DeviceEnabled@COPOSScanner@@UEAAJPEAF@Z 000000018000e8f4 f   ScannerImpl.obj
 0001:0000d924       ?get_DeviceName@COPOSScanner@@UEAAJPEAPEA_W@Z 000000018000e924 f   ScannerImpl.obj
 0001:0000d934       ?get_FreezeEvents@COPOSScanner@@UEAAJPEAF@Z 000000018000e934 f   ScannerImpl.obj
 0001:0000d964       ?get_OpenResult@COPOSScanner@@UEAAJPEAJ@Z 000000018000e964 f   ScannerImpl.obj
 0001:0000d970       ?get_PowerNotify@COPOSScanner@@UEAAJPEAJ@Z 000000018000e970 f   ScannerImpl.obj
 0001:0000d984       ?get_PowerState@COPOSScanner@@UEAAJPEAJ@Z 000000018000e984 f   ScannerImpl.obj
 0001:0000d998       ?get_ResultCode@COPOSScanner@@UEAAJPEAJ@Z 000000018000e998 f   ScannerImpl.obj
 0001:0000d9d4       ?get_ResultCodeExtended@COPOSScanner@@UEAAJPEAJ@Z 000000018000e9d4 f   ScannerImpl.obj
 0001:0000d9e4       ?get_ScanData@COPOSScanner@@UEAAJPEAPEA_W@Z 000000018000e9e4 f   ScannerImpl.obj
 0001:0000d9f4       ?get_ScanDataLabel@COPOSScanner@@UEAAJPEAPEA_W@Z 000000018000e9f4 f   ScannerImpl.obj
 0001:0000da08       ?get_ScanDataType@COPOSScanner@@UEAAJPEAJ@Z 000000018000ea08 f   ScannerImpl.obj
 0001:0000da1c       ?get_ServiceObjectDescription@COPOSScanner@@UEAAJPEAPEA_W@Z 000000018000ea1c f   ScannerImpl.obj
 0001:0000da2c       ?get_ServiceObjectVersion@COPOSScanner@@UEAAJPEAJ@Z 000000018000ea2c f   ScannerImpl.obj
 0001:0000da3c       ?get_State@COPOSScanner@@UEAAJPEAJ@Z 000000018000ea3c f   ScannerImpl.obj
 0001:0000da68       ?put_AutoDisable@COPOSScanner@@UEAAJF@Z 000000018000ea68 f   ScannerImpl.obj
 0001:0000da80       ?put_BinaryConversion@COPOSScanner@@UEAAJJ@Z 000000018000ea80 f   ScannerImpl.obj
 0001:0000da94       ?put_DataEventEnabled@COPOSScanner@@UEAAJF@Z 000000018000ea94 f   ScannerImpl.obj
 0001:0000daac       ?put_DecodeData@COPOSScanner@@UEAAJF@Z 000000018000eaac f   ScannerImpl.obj
 0001:0000dac8       ?put_DeviceEnabled@COPOSScanner@@UEAAJF@Z 000000018000eac8 f   ScannerImpl.obj
 0001:0000dae0       ?put_FreezeEvents@COPOSScanner@@UEAAJF@Z 000000018000eae0 f   ScannerImpl.obj
 0001:0000db30       ?put_PowerNotify@COPOSScanner@@UEAAJJ@Z 000000018000eb30 f   ScannerImpl.obj
 0001:0000db44       ?s_EventWindowProc@COPOSScanner@@KA_JPEAUHWND__@@I_K_J@Z 000000018000eb44 f i ScannerImpl.obj
 0001:0000dbc0       ??_U@YAPEAX_K@Z            000000018000ebc0 f   LIBCMT:new_array.obj
 0001:0000dbc8       ??3@YAXPEAX_K@Z            000000018000ebc8 f   LIBCMT:delete_scalar_size.obj
 0001:0000dbc8       ??_V@YAXPEAX@Z             000000018000ebc8 f   LIBCMT:delete_array.obj
 0001:0000dbd0       ??_V@YAXPEAX_K@Z           000000018000ebd0 f   LIBCMT:delete_array_size.obj
 0001:0000dbd8       __scrt_acquire_startup_lock 000000018000ebd8 f   LIBCMT:utility.obj
 0001:0000dc14       __scrt_dllmain_after_initialize_c 000000018000ec14 f   LIBCMT:utility.obj
 0001:0000dc48       __scrt_dllmain_before_initialize_c 000000018000ec48 f   LIBCMT:utility.obj
 0001:0000dc60       __scrt_dllmain_crt_thread_attach 000000018000ec60 f   LIBCMT:utility.obj
 0001:0000dc88       __scrt_dllmain_crt_thread_detach 000000018000ec88 f   LIBCMT:utility.obj
 0001:0000dca0       __scrt_dllmain_exception_filter 000000018000eca0 f   LIBCMT:utility.obj
 0001:0000dd00       __scrt_dllmain_uninitialize_c 000000018000ed00 f   LIBCMT:utility.obj
 0001:0000dd30       __scrt_dllmain_uninitialize_critical 000000018000ed30 f   LIBCMT:utility.obj
 0001:0000dd44       __scrt_initialize_crt      000000018000ed44 f   LIBCMT:utility.obj
 0001:0000dd90       __scrt_initialize_onexit_tables 000000018000ed90 f   LIBCMT:utility.obj
 0001:0000de68       __scrt_is_nonwritable_in_current_image 000000018000ee68 f   LIBCMT:utility.obj
 0001:0000df04       __scrt_release_startup_lock 000000018000ef04 f   LIBCMT:utility.obj
 0001:0000df28       __scrt_uninitialize_crt    000000018000ef28 f   LIBCMT:utility.obj
 0001:0000df54       _onexit                    000000018000ef54 f   LIBCMT:utility.obj
 0001:0000dfa4       atexit                     000000018000efa4 f   LIBCMT:utility.obj
 0001:0000dfbc       ??3@YAXPEAX@Z              000000018000efbc f   LIBCMT:delete_scalar.obj
 0001:0000e14c       _Init_thread_footer        000000018000f14c f   LIBCMT:thread_safe_statics.obj
 0001:0000e1ac       _Init_thread_header        000000018000f1ac f   LIBCMT:thread_safe_statics.obj
 0001:0000e214       _Init_thread_notify        000000018000f214 f   LIBCMT:thread_safe_statics.obj
 0001:0000e264       _Init_thread_wait          000000018000f264 f   LIBCMT:thread_safe_statics.obj
 0001:0000e2dc       __raise_securityfailure    000000018000f2dc f   LIBCMT:gs_report.obj
 0001:0000e310       __report_gsfailure         000000018000f310 f   LIBCMT:gs_report.obj
 0001:0000e3e4       __report_rangecheckfailure 000000018000f3e4 f   LIBCMT:gs_report.obj
 0001:0000e3f8       __report_securityfailure   000000018000f3f8 f   LIBCMT:gs_report.obj
 0001:0000e578       ??2@YAPEAX_KAEBUnothrow_t@std@@@Z 000000018000f578 f   LIBCMT:new_scalar_nothrow.obj
 0001:0000e598       ??_U@YAPEAX_KAEBUnothrow_t@std@@@Z 000000018000f598 f   LIBCMT:new_array_nothrow.obj
 0001:0000e5a0       __GSHandlerCheck           000000018000f5a0 f   LIBCMT:_gshandler_.obj
 0001:0000e5c0       __GSHandlerCheckCommon     000000018000f5c0 f   LIBCMT:_gshandler_.obj
 0001:0000e61c       __GSHandlerCheck_SEH       000000018000f61c f   LIBCMT:_gshandlerseh_.obj
 0001:0000e6c0       __chkstk                   000000018000f6c0 f   LIBCMT:_chkstk_.obj
 0001:0000e6c0       _alloca_probe              000000018000f6c0 f   LIBCMT:_chkstk_.obj
 0001:0000e730       __security_check_cookie    000000018000f730 f   LIBCMT:_amdsecgs_.obj
 0001:0000ea84       _DllMainCRTStartup         000000018000fa84 f   LIBCMT:dll_dllmain.obj
 0001:0000eac4       ??2@YAPEAX_K@Z             000000018000fac4 f   LIBCMT:new_scalar.obj
 0001:0000eb00       __isa_available_init       000000018000fb00 f   LIBCMT:_cpu_disp_.obj
 0001:0000ecbc       _get_startup_argv_mode     000000018000fcbc f   LIBCMT:argv_mode.obj
 0001:0000ecc4       __scrt_is_ucrt_dll_in_use  000000018000fcc4 f   LIBCMT:ucrt_detection.obj
 0001:0000ecd0       __crt_debugger_hook        000000018000fcd0 f   LIBCMT:utility_desktop.obj
 0001:0000ecd8       __scrt_fastfail            000000018000fcd8 f   LIBCMT:utility_desktop.obj
 0001:0000ee24       _guard_check_icall_nop     000000018000fe24 f i LIBCMT:guard_support.obj
 0001:0000ee28       __security_init_cookie     000000018000fe28 f   LIBCMT:gs_support.obj
 0001:0000eed4       ?__scrt_initialize_type_info@@YAXXZ 000000018000fed4 f   LIBCMT:tncleanup.obj
 0001:0000eee4       ?__scrt_uninitialize_type_info@@YAXXZ 000000018000fee4 f   LIBCMT:tncleanup.obj
 0001:0000eef0       __local_stdio_scanf_options 000000018000fef0 f i LIBCMT:default_local_stdio_options.obj
 0001:0000eef8       __scrt_initialize_default_local_stdio_options 000000018000fef8 f   LIBCMT:default_local_stdio_options.obj
 0001:0000ef14       __scrt_get_dyn_tls_init_callback 000000018000ff14 f   LIBCMT:dyn_tls_init.obj
 0001:0000ef1c       _RTC_Initialize            000000018000ff1c f   LIBCMT:_initsect_.obj
 0001:0000ef58       _RTC_Terminate             000000018000ff58 f   LIBCMT:_initsect_.obj
 0001:0000ef94       ??0bad_alloc@std@@QEAA@AEBV01@@Z 000000018000ff94 f i LIBCMT:throw_bad_alloc.obj
 0001:0000efd4       ??0bad_alloc@std@@QEAA@XZ  000000018000ffd4 f i LIBCMT:throw_bad_alloc.obj
 0001:0000eff4       ??0bad_array_new_length@std@@QEAA@AEBV01@@Z 000000018000fff4 f i LIBCMT:throw_bad_alloc.obj
 0001:0000f034       ??0bad_array_new_length@std@@QEAA@XZ 0000000180010034 f i LIBCMT:throw_bad_alloc.obj
 0001:0000f054       ??0exception@std@@QEAA@AEBV01@@Z 0000000180010054 f i LIBCMT:throw_bad_alloc.obj
 0001:0000f08c       ??1bad_exception@std@@UEAA@XZ 000000018001008c f i libvcruntime:frame.obj
 0001:0000f08c       ??1bad_array_new_length@std@@UEAA@XZ 000000018001008c f i LIBCMT:throw_bad_alloc.obj
 0001:0000f08c       ??1bad_alloc@std@@UEAA@XZ  000000018001008c f i LIBCMT:throw_bad_alloc.obj
 0001:0000f0a0       ??_Gexception@std@@UEAAPEAXI@Z 00000001800100a0 f i LIBCMT:throw_bad_alloc.obj
 0001:0000f0a0       ??_Ebad_alloc@std@@UEAAPEAXI@Z 00000001800100a0 f i LIBCMT:throw_bad_alloc.obj
 0001:0000f0a0       ??_Eexception@std@@UEAAPEAXI@Z 00000001800100a0 f i LIBCMT:throw_bad_alloc.obj
 0001:0000f0a0       ??_Gbad_alloc@std@@UEAAPEAXI@Z 00000001800100a0 f i LIBCMT:throw_bad_alloc.obj
 0001:0000f0a0       ??_Ebad_array_new_length@std@@UEAAPEAXI@Z 00000001800100a0 f i LIBCMT:throw_bad_alloc.obj
 0001:0000f0a0       ??_Gbad_exception@std@@UEAAPEAXI@Z 00000001800100a0 f i libvcruntime:frame.obj
 0001:0000f0a0       ??_Gbad_array_new_length@std@@UEAAPEAXI@Z 00000001800100a0 f i LIBCMT:throw_bad_alloc.obj
 0001:0000f0a0       ??_Ebad_exception@std@@UEAAPEAXI@Z 00000001800100a0 f i libvcruntime:frame.obj
 0001:0000f0e4       ?__scrt_throw_std_bad_alloc@@YAXXZ 00000001800100e4 f   LIBCMT:throw_bad_alloc.obj
 0001:0000f104       ?__scrt_throw_std_bad_array_new_length@@YAXXZ 0000000180010104 f   LIBCMT:throw_bad_alloc.obj
 0001:0000f124       ?what@exception@std@@UEBAPEBDXZ 0000000180010124 f i LIBCMT:throw_bad_alloc.obj
 0001:0000f140       ??_Etype_info@@UEAAPEAXI@Z 0000000180010140 f i LIBCMT:std_type_info_static.obj
 0001:0000f140       ??_Gtype_info@@UEAAPEAXI@Z 0000000180010140 f i LIBCMT:std_type_info_static.obj
 0001:0000f16c       ??0CAtlBaseModule@ATL@@QEAA@XZ 000000018001016c f   atls:atlbase.obj
 0001:0000f214       ??1CAtlBaseModule@ATL@@QEAA@XZ 0000000180010214 f   atls:atlbase.obj
 0001:0000f348       ?__AllocStdCallThunk_cmn@@YAPEAXXZ 0000000180010348 f   atls:atlthunk.obj
 0001:0000f4a0       AtlThunk_AllocateData      00000001800104a0 f   atls:atlthunk.obj
 0001:0000f51c       AtlThunk_DataToCode        000000018001051c f   atls:atlthunk.obj
 0001:0000f570       AtlThunk_FreeData          0000000180010570 f   atls:atlthunk.obj
 0001:0000f5d0       AtlThunk_InitData          00000001800105d0 f   atls:atlthunk.obj
 0001:0000f690       memset_repmovs             0000000180010690 f   libvcruntime:memset.obj
 0001:0000f6b0       memset                     00000001800106b0 f   libvcruntime:memset.obj
 0001:0000f840       _purecall                  0000000180010840 f   libvcruntime:purevirt.obj
 0001:0000f870       wcsstr                     0000000180010870 f   libvcruntime:wcsstr.obj
 0001:0000faa0       memcmp                     0000000180010aa0 f   libvcruntime:memcmp.obj
 0001:0000fb80       memcpy_repmovs             0000000180010b80 f   libvcruntime:memcpy.obj
 0001:0000fba0       memmove                    0000000180010ba0 f   libvcruntime:memcpy.obj
 0001:0000fba0       memcpy                     0000000180010ba0 f   libvcruntime:memcpy.obj
 0001:0000ffd8       __vcrt_initialize          0000000180010fd8 f   libvcruntime:initialization.obj
 0001:0001000c       __vcrt_thread_attach       000000018001100c f   libvcruntime:initialization.obj
 0001:00010020       __vcrt_thread_detach       0000000180011020 f   libvcruntime:initialization.obj
 0001:00010034       __vcrt_uninitialize        0000000180011034 f   libvcruntime:initialization.obj
 0001:00010054       __vcrt_uninitialize_critical 0000000180011054 f   libvcruntime:initialization.obj
 0001:00010064       __C_specific_handler       0000000180011064 f   libvcruntime:_riscchandler_.obj
 0001:00010270       __DestructExceptionObject  0000000180011270 f   libvcruntime:ehhelpers.obj
 0001:000102e4       ?_CallMemberFunction0@@YAXQEAX0@Z 00000001800112e4 f i libvcruntime:ehhelpers.obj
 0001:000102e8       _IsExceptionObjectToBeDestroyed 00000001800112e8 f   libvcruntime:ehhelpers.obj
 0001:00010318       __AdjustPointer            0000000180011318 f   libvcruntime:ehhelpers.obj
 0001:0001033c       __FrameUnwindFilter        000000018001133c f   libvcruntime:ehhelpers.obj
 0001:00010388       __std_terminate            0000000180011388 f   libvcruntime:ehhelpers.obj
 0001:00010394       ??$_CallSETranslator@V__FrameHandler3@@@@YAHPEAUEHExceptionRecord@@PEA_KPEAU_CONTEXT@@PEAU_xDISPATCHER_CONTEXT@@PEBU_s_FuncInfo@@K1@Z 0000000180011394 f i libvcruntime:risctrnsctrl.obj
 0001:000103e8       ?CatchTryBlock@__FrameHandler3@@SAPEBU_s_TryBlockMapEntry@@PEBU_s_FuncInfo@@H@Z 00000001800113e8 f   libvcruntime:risctrnsctrl.obj
 0001:00010440       ?ExecutionInCatch@__FrameHandler3@@SA_NPEAU_xDISPATCHER_CONTEXT@@PEBU_s_FuncInfo@@@Z 0000000180011440 f   libvcruntime:risctrnsctrl.obj
 0001:0001046c       ?FrameUnwindToEmptyState@__FrameHandler3@@SAXPEA_KPEAU_xDISPATCHER_CONTEXT@@PEBU_s_FuncInfo@@@Z 000000018001146c f   libvcruntime:risctrnsctrl.obj
 0001:000104d0       ?GetEstablisherFrame@__FrameHandler3@@SAPEA_KPEA_KPEAU_xDISPATCHER_CONTEXT@@PEBU_s_FuncInfo@@0@Z 00000001800114d0 f   libvcruntime:risctrnsctrl.obj
 0001:0001059c       ?GetRangeOfTrysToCheck@__FrameHandler3@@SA?AU?$pair@Viterator@TryBlockMap@__FrameHandler3@@V123@@std@@AEAVTryBlockMap@1@HH@Z 000000018001159c f   libvcruntime:risctrnsctrl.obj
 0001:000106f8       ?UnwindNestedFrames@__FrameHandler3@@SAXPEA_KPEAUEHExceptionRecord@@PEAU_CONTEXT@@0PEAXPEBU_s_FuncInfo@@HHPEBU_s_HandlerType@@PEAU_xDISPATCHER_CONTEXT@@E@Z 00000001800116f8 f   libvcruntime:risctrnsctrl.obj
 0001:0001081c       _CreateFrameInfo           000000018001181c f   libvcruntime:risctrnsctrl.obj
 0001:00010858       _FindAndUnlinkFrame        0000000180011858 f   libvcruntime:risctrnsctrl.obj
 0001:000108ac       _GetImageBase              00000001800118ac f   libvcruntime:risctrnsctrl.obj
 0001:000108c0       _GetThrowImageBase         00000001800118c0 f   libvcruntime:risctrnsctrl.obj
 0001:000108d4       _SetImageBase              00000001800118d4 f   libvcruntime:risctrnsctrl.obj
 0001:000108ec       _SetThrowImageBase         00000001800118ec f   libvcruntime:risctrnsctrl.obj
 0001:00010904       __CxxFrameHandler3         0000000180011904 f   libvcruntime:risctrnsctrl.obj
 0001:00010984       __std_type_info_compare    0000000180011984 f   libvcruntime:std_type_info.obj
 0001:000109ac       __std_type_info_destroy_list 00000001800119ac f   libvcruntime:std_type_info.obj
 0001:000109d8       __std_exception_copy       00000001800119d8 f   libvcruntime:std_exception.obj
 0001:00010a68       __std_exception_destroy    0000000180011a68 f   libvcruntime:std_exception.obj
 0001:00010a90       _CxxThrowException         0000000180011a90 f   libvcruntime:throw.obj
 0001:00010b50       __vcrt_initialize_pure_virtual_call_handler 0000000180011b50 f   libvcruntime:purevirt_data.obj
 0001:00010b60       __vcrt_freefls             0000000180011b60 f   libvcruntime:per_thread_data.obj
 0001:00010b80       __vcrt_freeptd             0000000180011b80 f   libvcruntime:per_thread_data.obj
 0001:00010bd0       __vcrt_getptd              0000000180011bd0 f   libvcruntime:per_thread_data.obj
 0001:00010bec       __vcrt_getptd_noexit       0000000180011bec f   libvcruntime:per_thread_data.obj
 0001:00010cb8       __vcrt_initialize_ptd      0000000180011cb8 f   libvcruntime:per_thread_data.obj
 0001:00010d0c       __vcrt_uninitialize_ptd    0000000180011d0c f   libvcruntime:per_thread_data.obj
 0001:00010d30       __vcrt_initialize_locks    0000000180011d30 f   libvcruntime:locks.obj
 0001:00010d78       __vcrt_uninitialize_locks  0000000180011d78 f   libvcruntime:locks.obj
[...]
 0004:00001758       $pdata$__acrt_SetThreadStackGuarantee 0000000180033758     libucrt:winapi_thunks.obj
 0004:00001764       $pdata$?try_get_function@@YAPEAXW4function_id@?A0x391cf84c@@QEBDQEBW4module_id@2@2@Z 0000000180033764     libucrt:winapi_thunks.obj
 0004:00001770       $pdata$isdigit             0000000180033770     libucrt:_ctype.obj
 0004:0000177c       $pdata$tolower             000000018003377c     libucrt:tolower_toupper.obj
 0004:00001788       $pdata$_tolower_l          0000000180033788     libucrt:tolower_toupper.obj
 0004:00001794       $pdata$?internal_isupper_l@@YA_NHQEAU__crt_locale_pointers@@@Z 0000000180033794     libucrt:tolower_toupper.obj
 0004:000017a0       $pdata$wcstol              00000001800337a0     libucrt:strtox.obj
 0004:000017ac       $pdata$_mbtowc_l           00000001800337ac     libucrt:mbtowc.obj
 0004:000017b8       $pdata$wcsnlen             00000001800337b8     libucrt:strnlen.obj
 0004:000017c4       $pdata$__acrt_update_locale_info 00000001800337c4     libucrt:locale_update.obj
 0004:000017d0       $pdata$__acrt_update_multibyte_info 00000001800337d0     libucrt:locale_update.obj
 0004:000017dc       $pdata$__acrt_fp_format    00000001800337dc     libucrt:cvt.obj
 0004:000017e8       $pdata$?fp_format_nan_or_infinity@@YAHW4__acrt_fp_class@@_NPEAD_K1@Z 00000001800337e8     libucrt:cvt.obj
 0004:000017f4       $pdata$?fp_format_e_internal@@YAHQEAD_KH_NIQEAU_strflt@@2QEAU__crt_locale_pointers@@@Z 00000001800337f4     libucrt:cvt.obj
 0004:00001800       $pdata$?fp_format_e@@YAHQEBNQEAD_K12H_NIQEAU__crt_locale_pointers@@@Z 0000000180033800     libucrt:cvt.obj
 0004:0000180c       $pdata$?fp_format_a@@YAHQEBNPEAD_KQEAD2H_NIQEAU__crt_locale_pointers@@@Z 000000018003380c     libucrt:cvt.obj
 0004:00001818       $pdata$?fp_format_f_internal@@YAHQEAD_KHQEAU_strflt@@_NQEAU__crt_locale_pointers@@@Z 0000000180033818     libucrt:cvt.obj
 0004:00001824       $pdata$?fp_format_g@@YAHQEBNQEAD_K12H_NIQEAU__crt_locale_pointers@@@Z 0000000180033824     libucrt:cvt.obj
 0004:00001830       $pdata$_fileno             0000000180033830     libucrt:fileno.obj
 0004:0000183c       $pdata$__acrt_initialize_stdio 000000018003383c     libucrt:_file.obj
 0004:00001848       $pdata$__acrt_uninitialize_stdio 0000000180033848     libucrt:_file.obj
 0004:00001854       $pdata$__acrt_uninitialize_locale 0000000180033854     libucrt:wsetlocale.obj
 0004:00001860       $pdata$??$?RV<lambda_410d79af7f07d98d83a3f525b3859a53>@@AEAV<lambda_3e16ef9562a7dcce91392c22ab16ea36>@@V<lambda_38119f0e861e05405d8a144b9b982f0a>@@@?$__crt_seh_guarded_call@X@@QEAAX$$QEAV<lambda_410d79af7f07d98d83a3f525b3859a53>@@AEAV<lambda_3e16ef9562a7dcce91392c22ab16ea36>@@$$QEAV<lambda_38119f0e861e05405d8a144b9b982f0a>@@@Z 0000000180033860     libucrt:wsetlocale.obj
 0004:0000186c       $pdata$?fin$0@?0???$?RV<lambda_410d79af7f07d98d83a3f525b3859a53>@@AEAV<lambda_3e16ef9562a7dcce91392c22ab16ea36>@@V<lambda_38119f0e861e05405d8a144b9b982f0a>@@@?$__crt_seh_guarded_call@X@@QEAAX$$QEAV<lambda_410d79af7f07d98d83a3f525b3859a53>@@AEAV<lambda_3e16ef9562a7dcce91392c22ab16ea36>@@$$QEAV<lambda_38119f0e861e05405d8a144b9b982f0a>@@@Z@4HA 000000018003386c     libucrt:wsetlocale.obj
 0004:00001878       $pdata$__acrt_initialize_lowio 0000000180033878     libucrt:ioinit.obj
 0004:00001884       $pdata$__acrt_lowio_ensure_fh_exists$fin$0 0000000180033884     libucrt:osfinfo.obj
 0004:00001884       $pdata$__acrt_initialize_lowio$fin$0 0000000180033884     libucrt:ioinit.obj
 0004:00001890       $pdata$__acrt_uninitialize_lowio 0000000180033890     libucrt:ioinit.obj
 0004:0000189c       $pdata$?initialize_inherited_file_handles_nolock@@YAXXZ 000000018003389c     libucrt:ioinit.obj
 0004:000018a8       $pdata$?initialize_stdio_handles_nolock@@YAXXZ 00000001800338a8     libucrt:ioinit.obj
 0004:000018b4       $pdata$__acrt_initialize_locks 00000001800338b4     libucrt:locks.obj
 0004:000018c0       $pdata$__acrt_uninitialize_locks 00000001800338c0     libucrt:locks.obj
 0004:000018cc       $pdata$__acrt_get_process_end_policy 00000001800338cc     libucrt:win_policies.obj
 0004:000018d8       $pdata$??$common_expand_argv_wildcards@D@@YAHQEAPEADQEAPEAPEAD@Z 00000001800338d8     libucrt:argv_wildcards.obj
 0004:000018e4       $pdata$??$copy_and_add_argument_to_buffer@D@@YAHQEBD0_KAEAV?$argument_list@D@?A0x5f5c8891@@@Z 00000001800338e4     libucrt:argv_wildcards.obj
 0004:000018f0       $pdata$??$expand_argument_wildcards@D@@YAHQEAD0AEAV?$argument_list@D@?A0x5f5c8891@@@Z 00000001800338f0     libucrt:argv_wildcards.obj
 0004:000018fc       $pdata$__acrt_update_thread_multibyte_data 00000001800338fc     libucrt:mbctype.obj
 0004:00001908       $pdata$__acrt_initialize_multibyte 0000000180033908     libucrt:mbctype.obj
 0004:00001914       $pdata$_setmbcp_nolock     0000000180033914     libucrt:mbctype.obj
 0004:00001920       $pdata$?getSystemCP@@YAHH@Z 0000000180033920     libucrt:mbctype.obj
 0004:0000192c       $pdata$?setSBCS@@YAXPEAU__crt_multibyte_data@@@Z 000000018003392c     libucrt:mbctype.obj
 0004:00001938       $pdata$?setSBUpLow@@YAXPEAU__crt_multibyte_data@@@Z 0000000180033938     libucrt:mbctype.obj
 0004:00001944       $pdata$?update_thread_multibyte_data_internal@@YAPEAU__crt_multibyte_data@@QEAU__acrt_ptd@@QEAU1@@Z 0000000180033944     libucrt:mbctype.obj
 0004:00001950       $pdata$?fin$0@?0??update_thread_multibyte_data_internal@@YAPEAU__crt_multibyte_data@@QEAU__acrt_ptd@@QEAU1@@Z@4HA 0000000180033950     libucrt:mbctype.obj
 0004:0000195c       $pdata$?setmbcp_internal@@YAHH_NQEAU__acrt_ptd@@QEAPEAU__crt_multibyte_data@@@Z 000000018003395c     libucrt:mbctype.obj
 0004:00001968       $pdata$??$?RV<lambda_efdfa57d1f175319df784efa44bb7b81>@@AEAV<lambda_5f0a4c1567f8adc6734073e5d1e1b35c>@@V<lambda_2e8a7d3640ea6ccb4c2413664c2db6fd>@@@?$__crt_seh_guarded_call@X@@QEAAX$$QEAV<lambda_efdfa57d1f175319df784efa44bb7b81>@@AEAV<lambda_5f0a4c1567f8adc6734073e5d1e1b35c>@@$$QEAV<lambda_2e8a7d3640ea6ccb4c2413664c2db6fd>@@@Z 0000000180033968     libucrt:mbctype.obj
 0004:00001974       $pdata$?x_ismbbtype_l@@YAHPEAU__crt_locale_pointers@@IHH@Z 0000000180033974     libucrt:ismbbyte.obj
 0004:00001980       $pdata$__acrt_initialize_command_line 0000000180033980     libucrt:argv_data.obj
 0004:0000198c       $pdata$__dcrt_get_narrow_environment_from_os 000000018003398c     libucrt:get_environment_from_os.obj
 0004:00001998       $pdata$__acrt_initialize_heap 0000000180033998     libucrt:heap_handle.obj
 0004:000019a4       $pdata$__acrt_execute_initializers 00000001800339a4     libucrt:shared_initialization.obj
 0004:000019b0       $pdata$__acrt_execute_uninitializers 00000001800339b0     libucrt:shared_initialization.obj
 0004:000019bc       $pdata$__acrt_get_sigabrt_handler 00000001800339bc     libucrt:signal.obj
 0004:000019c8       $pdata$raise               00000001800339c8     libucrt:signal.obj
 0004:000019d4       $pdata$raise$fin$0         00000001800339d4     libucrt:signal.obj
 0004:000019e0       $pdata$??$?RV<lambda_450d765d439847d4c735a33c368b5fc0>@@AEAV<lambda_44731a7d0e6d81c3e6aa82d741081786>@@V<lambda_601a2a7da3b7a96e9554ac7215c4b07c>@@@?$__crt_seh_guarded_call@P6AXH@Z@@QEAAP6AXH@Z$$QEAV<lambda_450d765d439847d4c735a33c368b5fc0>@@AEAV<lambda_44731a7d0e6d81c3e6aa82d741081786>@@$$QEAV<lambda_601a2a7da3b7a96e9554ac7215c4b07c>@@@Z 00000001800339e0     libucrt:signal.obj
 0004:000019ec       $pdata$__pctype_func       00000001800339ec     libucrt:ctype.obj
 0004:000019f8       $pdata$iswctype            00000001800339f8     libucrt:iswctype.obj
 0004:00001a04       $pdata$_isctype_l          0000000180033a04     libucrt:isctype.obj
 0004:00001a10       $pdata$__acrt_release_locale_ref 0000000180033a10     libucrt:locale_refcounting.obj
 0004:00001a1c       $pdata$__acrt_free_locale  0000000180033a1c     libucrt:locale_refcounting.obj
 0004:00001a28       $pdata$__acrt_locale_free_lc_time_if_unreferenced 0000000180033a28     libucrt:locale_refcounting.obj
 0004:00001a34       $pdata$__acrt_update_thread_locale_data 0000000180033a34     libucrt:locale_refcounting.obj
 0004:00001a40       $pdata$__acrt_update_thread_locale_data$fin$0 0000000180033a40     libucrt:locale_refcounting.obj
 0004:00001a4c       $pdata$_updatetlocinfoEx_nolock 0000000180033a4c     libucrt:locale_refcounting.obj
 0004:00001a58       $pdata$__acrt_DownlevelLocaleNameToLCID 0000000180033a58     libucrt:lcidtoname_downlevel.obj
 0004:00001a64       $pdata$?GetTableIndexFromLocaleName@@YAHPEB_W@Z 0000000180033a64     libucrt:lcidtoname_downlevel.obj
 0004:00001a70       $pdata$_isleadbyte_l       0000000180033a70     libucrt:_wctype.obj
 0004:00001a7c       $pdata$__acrt_LCMapStringA 0000000180033a7c     libucrt:lcmapstringa.obj
 0004:00001a88       $pdata$?__acrt_LCMapStringA_stat@@YAHPEAU__crt_locale_pointers@@PEB_WKPEBDHPEADHHH@Z 0000000180033a88     libucrt:lcmapstringa.obj
 0004:00001a94       $pdata$__acrt_fp_strflt_to_string 0000000180033a94     libucrt:_fptostr.obj
 0004:00001aa0       $pdata$memcpy_s            0000000180033aa0     libucrt:cfout.obj
 0004:00001aac       $pdata$__acrt_fltout       0000000180033aac     libucrt:cfout.obj
 0004:00001ab8       $pdata$?divide@__crt_strtox@@YA_KAEAUbig_integer@1@AEBU21@@Z 0000000180033ab8     libucrt:cfout.obj
 0004:00001ac4       $pdata$5$?divide@__crt_strtox@@YA_KAEAUbig_integer@1@AEBU21@@Z 0000000180033ac4     libucrt:cfout.obj
 0004:00001ad0       $pdata$6$?divide@__crt_strtox@@YA_KAEAUbig_integer@1@AEBU21@@Z 0000000180033ad0     libucrt:cfout.obj
 0004:00001adc       $pdata$_fcloseall          0000000180033adc     libucrt:closeall.obj
 0004:00001ae8       $pdata$_fcloseall$fin$0    0000000180033ae8     libucrt:closeall.obj
 0004:00001af4       $pdata$_fflush_nolock      0000000180033af4     libucrt:fflush.obj
 0004:00001b00       $pdata$__acrt_stdio_flush_nolock 0000000180033b00     libucrt:fflush.obj
 0004:00001b0c       $pdata$?common_flush_all@@YAH_N@Z 0000000180033b0c     libucrt:fflush.obj
 0004:00001b18       $pdata$??$?RV<lambda_842d9ff0dc9ef11c61343bbaebe7f885>@@AEAV<lambda_c5860995281e5c4ce005b3de8f5874ee>@@V<lambda_d90129c13df834fdcbf8d2b88dafcf2d>@@@?$__crt_seh_guarded_call@X@@QEAAX$$QEAV<lambda_842d9ff0dc9ef11c61343bbaebe7f885>@@AEAV<lambda_c5860995281e5c4ce005b3de8f5874ee>@@$$QEAV<lambda_d90129c13df834fdcbf8d2b88dafcf2d>@@@Z 0000000180033b18     libucrt:fflush.obj
 0004:00001b24       $pdata$?fin$0@?0???$?RV<lambda_842d9ff0dc9ef11c61343bbaebe7f885>@@AEAV<lambda_c5860995281e5c4ce005b3de8f5874ee>@@V<lambda_d90129c13df834fdcbf8d2b88dafcf2d>@@@?$__crt_seh_guarded_call@X@@QEAAX$$QEAV<lambda_842d9ff0dc9ef11c61343bbaebe7f885>@@AEAV<lambda_c5860995281e5c4ce005b3de8f5874ee>@@$$QEAV<lambda_d90129c13df834fdcbf8d2b88dafcf2d>@@@Z@4HA 0000000180033b24     libucrt:fflush.obj
 0004:00001b30       $pdata$??$?RV<lambda_886d6c58226a84441f68b9f2b8217b83>@@AEAV<lambda_ab61a845afdef5b7c387490eaf3616ee>@@V<lambda_f7f22ab5edc0698d5f6905b0d3f44752>@@@?$__crt_seh_guarded_call@X@@QEAAX$$QEAV<lambda_886d6c58226a84441f68b9f2b8217b83>@@AEAV<lambda_ab61a845afdef5b7c387490eaf3616ee>@@$$QEAV<lambda_f7f22ab5edc0698d5f6905b0d3f44752>@@@Z 0000000180033b30     libucrt:fflush.obj
 0004:00001b3c       $pdata$?fin$0@?0???$?RV<lambda_886d6c58226a84441f68b9f2b8217b83>@@AEAV<lambda_ab61a845afdef5b7c387490eaf3616ee>@@V<lambda_f7f22ab5edc0698d5f6905b0d3f44752>@@@?$__crt_seh_guarded_call@X@@QEAAX$$QEAV<lambda_886d6c58226a84441f68b9f2b8217b83>@@AEAV<lambda_ab61a845afdef5b7c387490eaf3616ee>@@$$QEAV<lambda_f7f22ab5edc0698d5f6905b0d3f44752>@@@Z@4HA 0000000180033b3c     libucrt:fflush.obj
 0004:00001b48       $pdata$__acrt_stdio_free_buffer_nolock 0000000180033b48     libucrt:_freebuf.obj
 0004:00001b54       $pdata$_isatty             0000000180033b54     libucrt:isatty.obj
 0004:00001b60       $pdata$__acrt_locale_free_monetary 0000000180033b60     libucrt:initmon.obj
 0004:00001b6c       $pdata$__acrt_locale_free_numeric 0000000180033b6c     libucrt:initnum.obj
 0004:00001b78       $pdata$__acrt_locale_free_time 0000000180033b78     libucrt:inittime.obj
 0004:00001b84       $pdata$?free_crt_array_internal@@YAXQEAPEBX_K@Z 0000000180033b84     libucrt:inittime.obj
 0004:00001b90       $pdata$__acrt_GetStringTypeA 0000000180033b90     libucrt:getstringtypea.obj
 0004:00001b9c       $pdata$_get_osfhandle      0000000180033b9c     libucrt:osfinfo.obj
 0004:00001ba8       $pdata$_free_osfhnd        0000000180033ba8     libucrt:osfinfo.obj
 0004:00001bb4       $pdata$__acrt_lowio_create_handle_array 0000000180033bb4     libucrt:osfinfo.obj
 0004:00001bc0       $pdata$__acrt_lowio_destroy_handle_array 0000000180033bc0     libucrt:osfinfo.obj
 0004:00001bcc       $pdata$__acrt_lowio_ensure_fh_exists 0000000180033bcc     libucrt:osfinfo.obj
 0004:00001bd8       $pdata$qsort               0000000180033bd8     libucrt:qsort.obj
 0004:00001be4       $pdata$4$qsort             0000000180033be4     libucrt:qsort.obj
 0004:00001bf0       $pdata$5$qsort             0000000180033bf0     libucrt:qsort.obj
 0004:00001bfc       $pdata$?shortsort@@YAXPEAD0_KP6AHPEBX2@Z@Z 0000000180033bfc     libucrt:qsort.obj
 0004:00001c08       $pdata$2$?shortsort@@YAXPEAD0_KP6AHPEBX2@Z@Z 0000000180033c08     libucrt:qsort.obj
 0004:00001c14       $pdata$3$?shortsort@@YAXPEAD0_KP6AHPEBX2@Z@Z 0000000180033c14     libucrt:qsort.obj
 0004:00001c20       $pdata$strncpy_s           0000000180033c20     libucrt:strncpy_s.obj
 0004:00001c2c       $pdata$strpbrk             0000000180033c2c     libucrt:strpbrk.obj
 0004:00001c38       $pdata$_mbsdec_l           0000000180033c38     libucrt:mbsdec.obj
 0004:00001c44       $pdata$?initialize_multibyte@@YAHXZ 0000000180033c44     libucrt:multibyte_initializer.obj
 0004:00001c50       $pdata$fegetenv            0000000180033c50     libucrt:fegetenv.obj
 0004:00001c5c       $pdata$fesetenv            0000000180033c5c     libucrt:fesetenv.obj
 0004:00001c68       $pdata$feholdexcept        0000000180033c68     libucrt:feholdexcept.obj
 0004:00001c80       $pdata$_write              0000000180033c80     libucrt:write.obj
 0004:00001c8c       $pdata$_write$fin$0        0000000180033c8c     libucrt:write.obj
 0004:00001c98       $pdata$_write_nolock       0000000180033c98     libucrt:write.obj
 0004:00001ca4       $pdata$?write_double_translated_ansi_nolock@@YA?AUwrite_result@?A0x17268360@@HQEBDI@Z 0000000180033ca4     libucrt:write.obj
 0004:00001cb0       $pdata$?write_text_ansi_nolock@@YA?AUwrite_result@?A0x17268360@@HQEBDI@Z 0000000180033cb0     libucrt:write.obj
 0004:00001cbc       $pdata$?write_text_utf16le_nolock@@YA?AUwrite_result@?A0x17268360@@HQEBDI@Z 0000000180033cbc     libucrt:write.obj
 0004:00001cc8       $pdata$?write_text_utf8_nolock@@YA?AUwrite_result@?A0x17268360@@HQEBDI@Z 0000000180033cc8     libucrt:write.obj
 0004:00001cd4       $pdata$??$common_lseek_nolock@_J@@YA_JH_JH@Z 0000000180033cd4     libucrt:lseek.obj
 0004:00001ce0       $pdata$fclose              0000000180033ce0     libucrt:fclose.obj
 0004:00001cec       $pdata$fclose$fin$0        0000000180033cec     libucrt:fclose.obj
 0004:00001cf8       $pdata$_fclose_nolock      0000000180033cf8     libucrt:fclose.obj
 0004:00001d04       $pdata$_commit             0000000180033d04     libucrt:commit.obj
 0004:00001d10       $pdata$??$?RV<lambda_a37b2b86f63e897a80ea819b0eb08c01>@@AEAV<lambda_38ce7e780aa69e748d6df282ebc68efe>@@V<lambda_99fb1378e971ab6e7edea83e3a7a83a2>@@@?$__crt_seh_guarded_call@H@@QEAAH$$QEAV<lambda_a37b2b86f63e897a80ea819b0eb08c01>@@AEAV<lambda_38ce7e780aa69e748d6df282ebc68efe>@@$$QEAV<lambda_99fb1378e971ab6e7edea83e3a7a83a2>@@@Z 0000000180033d10     libucrt:commit.obj
 0004:00001d1c       $pdata$?fin$0@?0???$?RV<lambda_a37b2b86f63e897a80ea819b0eb08c01>@@AEAV<lambda_38ce7e780aa69e748d6df282ebc68efe>@@V<lambda_99fb1378e971ab6e7edea83e3a7a83a2>@@@?$__crt_seh_guarded_call@H@@QEAAH$$QEAV<lambda_a37b2b86f63e897a80ea819b0eb08c01>@@AEAV<lambda_38ce7e780aa69e748d6df282ebc68efe>@@$$QEAV<lambda_99fb1378e971ab6e7edea83e3a7a83a2>@@@Z@4HA 0000000180033d1c     libucrt:commit.obj
 0004:00001d1c       $pdata$?fin$0@?0???$?RV<lambda_751a882b2c74d4b022dec766aa51a29a>@@AEAV<lambda_628dfdc04ba53c8bfc02c9951375f3f5>@@V<lambda_f6c7be5f7998530c34de24c7437d6b54>@@@?$__crt_seh_guarded_call@H@@QEAAH$$QEAV<lambda_751a882b2c74d4b022dec766aa51a29a>@@AEAV<lambda_628dfdc04ba53c8bfc02c9951375f3f5>@@$$QEAV<lambda_f6c7be5f7998530c34de24c7437d6b54>@@@Z@4HA 0000000180033d1c     libucrt:close.obj
 0004:00001d28       $pdata$_setfpstatusword    0000000180033d28     libucrt:_fenvutils.obj
 0004:00001d34       $pdata$_getfpcontrolword   0000000180033d34     libucrt:_fenvutils.obj
 0004:00001d40       $pdata$_getfpstatusword    0000000180033d40     libucrt:_fenvutils.obj
 0004:00001d4c       $pdata$_clearfp            0000000180033d4c     libucrt:ieee.obj
 0004:00001d58       $pdata$common_control87    0000000180033d58     libucrt:ieee.obj
 0004:00001d64       $pdata$common_control87$filt$0 0000000180033d64     libucrt:ieee.obj
 0004:00001d64       $pdata$_ctrlfp$filt$0      0000000180033d64     libucrt:fpctrl.obj
 0004:00001d70       $pdata$_call_matherr       0000000180033d70     libucrt:libm_error.obj
 0004:00001d7c       $pdata$_exception_enabled  0000000180033d7c     libucrt:libm_error.obj
 0004:00001d88       $pdata$_handle_error       0000000180033d88     libucrt:libm_error.obj
 0004:00001d94       $pdata$__acrt_initialize_fma3 0000000180033d94     libucrt:fma3_available.obj
 0004:00001da0       $pdata$_log_special_common 0000000180033da0     libucrt:log_special.obj
 0004:00001dac       $pdata$_log10_special      0000000180033dac     libucrt:log_special.obj
 0004:00001db8       $pdata$_putwch_nolock      0000000180033db8     libucrt:putwch.obj
 0004:00001dc4       $pdata$_close              0000000180033dc4     libucrt:close.obj
 0004:00001dd0       $pdata$_close_nolock       0000000180033dd0     libucrt:close.obj
 0004:00001ddc       $pdata$??$?RV<lambda_751a882b2c74d4b022dec766aa51a29a>@@AEAV<lambda_628dfdc04ba53c8bfc02c9951375f3f5>@@V<lambda_f6c7be5f7998530c34de24c7437d6b54>@@@?$__crt_seh_guarded_call@H@@QEAAH$$QEAV<lambda_751a882b2c74d4b022dec766aa51a29a>@@AEAV<lambda_628dfdc04ba53c8bfc02c9951375f3f5>@@$$QEAV<lambda_f6c7be5f7998530c34de24c7437d6b54>@@@Z 0000000180033ddc     libucrt:close.obj
 0004:00001df4       $pdata$_set_errno_from_matherr 0000000180033df4     libucrt:fpexcept.obj
 0004:00001e00       $pdata$_raise_exc          0000000180033e00     libucrt:fpexcept.obj
 0004:00001e0c       $pdata$_raise_exc_ex       0000000180033e0c     libucrt:fpexcept.obj
 0004:00001e18       $pdata$_clrfp              0000000180033e18     libucrt:fpctrl.obj
 0004:00001e24       $pdata$_ctrlfp             0000000180033e24     libucrt:fpctrl.obj
 0004:00001e30       $pdata$_statfp             0000000180033e30     libucrt:fpctrl.obj
 0004:00001e3c       $pdata$_set_statfp         0000000180033e3c     libucrt:fpctrl.obj
 0004:00001e48       $pdata$__dcrt_lowio_initialize_console_output 0000000180033e48     libucrt:initcon.obj
 0004:00001e54       $pdata$__dcrt_terminate_console_output 0000000180033e54     libucrt:initcon.obj
 0004:00001e60       $pdata$_IsNonwritableInCurrentImage 0000000180033e60     LIBCMT:pesect.obj
 0004:00001e6c       $pdata$_IsNonwritableInCurrentImage$filt$0 0000000180033e6c     LIBCMT:pesect.obj
 0004:00001e78       $pdata$strrchr             0000000180033e78     libvcruntime:strrchr.obj
 0005:00000220       $R000000                   0000000180034220     Scanner.res
 0005:00000b80       $R000960                   0000000180034b80     Scanner.res
 0005:00000c68       $R000A48                   0000000180034c68     Scanner.res
 0005:00000ed0       $R000CB0                   0000000180034ed0     Scanner.res
 0005:000013e0       $R0011C0                   00000001800353e0     Scanner.res
 0005:00003c00       $R0039E0                   0000000180037c00     Scanner.res
 0005:00003c30       $R003A10                   0000000180037c30     Scanner.res
