 OPOSPOSKeyboard

 Timestamp is 5d429f2e (Thu Aug  1 17:13:34 2019)

 Preferred load address is 0000000180000000

 Start         Length     Name                   Class
 0001:00000000 000000c0H .text$di                CODE
 0001:000000c0 0001fd80H .text$mn                CODE
 0001:0001fe40 00000020H .text$mn$00             CODE
 0001:0001fe60 00000400H .text$x                 CODE
 0001:00020260 000000c0H .text$yd                CODE
 0002:00000000 00000618H .idata$5                DATA
 0002:00000618 00000010H .00cfg                  DATA
 0002:00000628 00000008H .CRT$XCA                DATA
 0002:00000630 00000008H .CRT$XCL                DATA
 0002:00000638 00000020H .CRT$XCU                DATA
 0002:00000658 00000008H .CRT$XCZ                DATA
 0002:00000660 00000008H .CRT$XIA                DATA
 0002:00000668 00000020H .CRT$XIC                DATA
 0002:00000688 00000008H .CRT$XIZ                DATA
 0002:00000690 00000008H .CRT$XLA                DATA
 0002:00000698 00000008H .CRT$XLZ                DATA
 0002:000006a0 00000008H .CRT$XPA                DATA
 0002:000006a8 00000010H .CRT$XPX                DATA
 0002:000006b8 00000008H .CRT$XPXA               DATA
 0002:000006c0 00000008H .CRT$XPZ                DATA
 0002:000006c8 00000008H .CRT$XTA                DATA
 0002:000006d0 00000010H .CRT$XTZ                DATA
 0002:000006d8 00000000H .gfids$y                DATA
 0002:000006e0 00009fd8H .rdata                  DATA
 0002:0000a6b8 00000028H .rdata$T                DATA
 0002:0000a6e0 00000274H .rdata$r                DATA
 0002:0000a954 0000040cH .rdata$zzzdbg           DATA
 0002:0000ad60 00000008H .rtc$IAA                DATA
 0002:0000ad68 00000008H .rtc$IZZ                DATA
 0002:0000ad70 00000008H .rtc$TAA                DATA
 0002:0000ad78 00000008H .rtc$TZZ                DATA
 0002:0000ad80 00000004H .tls                    DATA
 0002:0000ad84 00000004H .tls$                   DATA
 0002:0000ad88 00000008H .tls$ZZZ                DATA
 0002:0000ad90 00001618H .xdata                  DATA
 0002:0000c3a8 00000150H .xdata$x                DATA
 0002:0000c4f8 00000008H ATL$__a                 DATA
 0002:0000c500 00000010H ATL$__z                 DATA
 0002:0000c510 000000acH .edata                  DATA
 0002:0000c5bc 00000078H .idata$2                DATA
 0002:0000c634 00000014H .idata$3                DATA
 0002:0000c648 00000618H .idata$4                DATA
 0002:0000cc60 00000c24H .idata$6                DATA
 0003:00000000 00000d68H .data                   DATA
 0003:00000d68 000000c8H .data$r                 DATA
 0003:00000e30 0000140cH .bss                    DATA
 0004:00000000 00001e48H .pdata                  DATA
 0005:00000000 00000094H _RDATA                  DATA
 0006:00000000 00000220H .rsrc$01                DATA
 0006:00000220 00003ab8H .rsrc$02                DATA

  Address         Publics by Value              Rva+Base               Lib:Object

 0000:00000000       __guard_fids_count         0000000000000000     <absolute>
 0000:00000000       __guard_longjmp_count      0000000000000000     <absolute>
 0000:00000000       __guard_longjmp_table      0000000000000000     <absolute>
 0000:00000000       __hybrid_code_map          0000000000000000     <absolute>
 0000:00000000       __guard_iat_count          0000000000000000     <absolute>
 0000:00000000       __guard_iat_table          0000000000000000     <absolute>
 0000:00000000       __volatile_metadata        0000000000000000     <absolute>
 0000:00000000       __hybrid_code_map_count    0000000000000000     <absolute>
 0000:00000000       __enclave_config           0000000000000000     <absolute>
 0000:00000000       ___safe_se_handler_count   0000000000000000     <absolute>
 0000:00000000       __AbsoluteZero             0000000000000000     <absolute>
 0000:00000000       ___safe_se_handler_table   0000000000000000     <absolute>
 0000:00000000       __guard_fids_table         0000000000000000     <absolute>
 0000:00000000       __hybrid_auxiliary_iat     0000000000000000     <absolute>
 0000:00000000       __dynamic_value_reloc_table 0000000000000000     <absolute>
 0000:00000100       __guard_flags              0000000000000100     <absolute>
 0000:00000000       __ImageBase                0000000180000000     <linker-defined>
 0001:000000c0       ?DupWide@_CW@@AEAAXXZ      00000001800010c0 f   CWString.obj
 0001:000000e8       ?cw_dup@@YAXPEBDAEAHAEAPEA_W1@Z 00000001800010e8 f   CWString.obj
 0001:00000194       ?cw_memcpy@@YAHPEA_WPEBDH@Z 0000000180001194 f   CWString.obj
 0001:000001e0       ?cw_strcpy@@YAHPEA_WPEBD@Z 00000001800011e0 f   CWString.obj
 0001:000001f4       ??0CAtlComModule@ATL@@QEAA@XZ 00000001800011f4 f i OposVariant.obj
 0001:00000274       ??0CAtlWinModule@ATL@@QEAA@XZ 0000000180001274 f i OposVariant.obj
 0001:000002e0       ??0OposDispParms@@QEAA@PEAVOposVariant@@H@Z 00000001800012e0 f   OposVariant.obj
 0001:00000388       ??1OposDispParms@@QEAA@XZ  0000000180001388 f   OposVariant.obj
 0001:000003a0       ??_Estringdispid@CComTypeInfoHolder@ATL@@QEAAPEAXI@Z 00000001800013a0 f i OposVariant.obj
 0001:00000444       ?AtlWinModuleTerm@ATL@@YAJPEAU_ATL_WIN_MODULE70@1@PEAUHINSTANCE__@@@Z 0000000180001444 f i OposVariant.obj
 0001:000004f4       ?ChangeBSTR@OposVariant@@QEAAXPEAPEA_WAEAJ@Z 00000001800014f4 f   OposVariant.obj
 0001:00000554       ?ChangeLONG@OposVariant@@QEAAXPEAJAEAJ@Z 0000000180001554 f   OposVariant.obj
 0001:000005b0       ?GetLONG@OposVariant@@QEAAJXZ 00000001800015b0 f   OposVariant.obj
 0001:000005d4       ?SetBSTR@OposVariant@@QEAAXPEA_WAEAJ@Z 00000001800015d4 f   OposVariant.obj
 0001:00000614       ?SetBSTR_Copy@OposVariant@@QEAAXPEA_WAEAJ@Z 0000000180001614 f   OposVariant.obj
 0001:00000684       ?SetBSTR_InOutPtr@OposVariant@@QEAA_NPEAPEA_WAEAJ@Z 0000000180001684 f   OposVariant.obj
 0001:000006d4       ?SetDispatch_Ptr@OposVariant@@QEAAXPEAUIDispatch@@AEAJ@Z 00000001800016d4 f   OposVariant.obj
 0001:0000072c       ?SetLONG@OposVariant@@QEAAXJ@Z 000000018000172c f   OposVariant.obj
 0001:0000075c       ?SetLONG_Ptr@OposVariant@@QEAAXPEAJAEAJ@Z 000000018000175c f   OposVariant.obj
 0001:000007a8       ?SetString@OposVariant@@QEAAXPEB_WAEAJ@Z 00000001800017a8 f   OposVariant.obj
 0001:0000080c       ?SetVARIANT_BOOL@OposVariant@@QEAAXF@Z 000000018000180c f   OposVariant.obj
 0001:00000844       ?Term@CAtlComModule@ATL@@QEAAXXZ 0000000180001844 f i OposVariant.obj
 0001:000008b4       ?_AtlInitializeCriticalSectionEx@ATL@@YAHPEAU_RTL_CRITICAL_SECTION@@KK@Z 00000001800018b4 f i OposVariant.obj
 0001:000008bc       ?_AtlRaiseException@ATL@@YAXKK@Z 00000001800018bc f i OposVariant.obj
 0001:000008cc       ?AddRef@?$CComObjectCached@VCComClassFactory@ATL@@@ATL@@UEAAKXZ 00000001800018cc f i POSKeyboard.obj
 0001:000008f8       ?Release@?$CComObjectCached@VCComClassFactory@ATL@@@ATL@@UEAAKXZ 00000001800018f8 f i POSKeyboard.obj
 0001:00000938       ?QueryInterface@?$CComObjectCached@VCComClassFactory@ATL@@@ATL@@UEAAJAEBU_GUID@@PEAPEAX@Z 0000000180001938 f i POSKeyboard.obj
 0001:0000094c       ??_G?$CComObjectCached@VCComClassFactory@ATL@@@ATL@@UEAAPEAXI@Z 000000018000194c f i POSKeyboard.obj
 0001:0000094c       ??_E?$CComObjectCached@VCComClassFactory@ATL@@@ATL@@UEAAPEAXI@Z 000000018000194c f i POSKeyboard.obj
 0001:000009a4       ?AddRef@?$CComAggObject@VCOPOSPOSKeyboard@@@ATL@@UEAAKXZ 00000001800019a4 f i POSKeyboard.obj
 0001:000009b0       ?Release@?$CComAggObject@VCOPOSPOSKeyboard@@@ATL@@UEAAKXZ 00000001800019b0 f i POSKeyboard.obj
 0001:00000a04       ?QueryInterface@?$CComAggObject@VCOPOSPOSKeyboard@@@ATL@@UEAAJAEBU_GUID@@PEAPEAX@Z 0000000180001a04 f i POSKeyboard.obj
 0001:00000a64       ?AddRef@?$CComContainedObject@VCOPOSPOSKeyboard@@@ATL@@UEAAKXZ 0000000180001a64 f i POSKeyboard.obj
 0001:00000a74       ?Release@?$CComContainedObject@VCOPOSPOSKeyboard@@@ATL@@UEAAKXZ 0000000180001a74 f i POSKeyboard.obj
 0001:00000a84       ?QueryInterface@?$CComContainedObject@VCOPOSPOSKeyboard@@@ATL@@UEAAJAEBU_GUID@@PEAPEAX@Z 0000000180001a84 f i POSKeyboard.obj
 0001:00000a94       ??_E?$CComAggObject@VCOPOSPOSKeyboard@@@ATL@@UEAAPEAXI@Z 0000000180001a94 f i POSKeyboard.obj
 0001:00000a94       ??_G?$CComAggObject@VCOPOSPOSKeyboard@@@ATL@@UEAAPEAXI@Z 0000000180001a94 f i POSKeyboard.obj
 0001:00000aec       ?AddRef@?$CComObject@VCOPOSPOSKeyboard@@@ATL@@UEAAKXZ 0000000180001aec f i POSKeyboard.obj
 0001:00000afc       ?Release@?$CComObject@VCOPOSPOSKeyboard@@@ATL@@UEAAKXZ 0000000180001afc f i POSKeyboard.obj
 0001:00000b54       ?QueryInterface@?$CComObject@VCOPOSPOSKeyboard@@@ATL@@UEAAJAEBU_GUID@@PEAPEAX@Z 0000000180001b54 f i POSKeyboard.obj
 0001:00000b68       ?Lock@CAtlModule@ATL@@UEAAJXZ 0000000180001b68 f i POSKeyboard.obj
 0001:00000b78       ?Unlock@CAtlModule@ATL@@UEAAJXZ 0000000180001b78 f i POSKeyboard.obj
 0001:00000b84       ?GetLockCount@CAtlModule@ATL@@UEAAJXZ 0000000180001b84 f i POSKeyboard.obj
 0001:00000b88       ?GetGITPtr@CAtlModule@ATL@@UEAAJPEAPEAUIGlobalInterfaceTable@@@Z 0000000180001b88 f i POSKeyboard.obj
 0001:00000bf8       ?AddCommonRGSReplacements@?$CAtlModuleT@VCComModule@ATL@@@ATL@@UEAAJPEAUIRegistrarBase@@@Z 0000000180001bf8 f i POSKeyboard.obj
 0001:00000c10       ?UpdateRegistryFromResourceD@CComModule@ATL@@UEAAJIHPEAU_ATL_REGMAP_ENTRY@2@@Z 0000000180001c10 f i POSKeyboard.obj
 0001:00000c10       ?UpdateRegistryFromResourceD@CComModule@ATL@@UEAAJPEB_WHPEAU_ATL_REGMAP_ENTRY@2@@Z 0000000180001c10 f i POSKeyboard.obj
 0001:00000c18       ?UpdateRegistryFromResource@CComModule@ATL@@UEAAJPEB_WHPEAU_ATL_REGMAP_ENTRY@2@@Z 0000000180001c18 f i POSKeyboard.obj
 0001:00000c20       ?OnDrawAdvanced@CComControlBase@ATL@@UEAAJAEAUATL_DRAWINFO@@@Z 0000000180001c20 f i POSKeyboard.obj
 0001:00000d40       ?UpdateRegistryFromResource@CComModule@ATL@@UEAAJIHPEAU_ATL_REGMAP_ENTRY@2@@Z 0000000180001d40 f i POSKeyboard.obj
 0001:00000d48       ??_GCComModule@ATL@@UEAAPEAXI@Z 0000000180001d48 f i POSKeyboard.obj
 0001:00000d48       ??_ECComModule@ATL@@UEAAPEAXI@Z 0000000180001d48 f i POSKeyboard.obj
 0001:00000dc8       ?Next@?$CComEnumImpl@UIEnumConnections@@$1?_GUID_b196b287_bab4_101a_b69c_00aa00341d07@@3U__s_GUID@@BUtagCONNECTDATA@@V?$_Copy@UtagCONNECTDATA@@@ATL@@@ATL@@UEAAJKPEAUtagCONNECTDATA@@PEAK@Z 0000000180001dc8 f i POSKeyboard.obj
 0001:00000e9c       ?Skip@?$CComEnumImpl@UIEnumConnections@@$1?_GUID_b196b287_bab4_101a_b69c_00aa00341d07@@3U__s_GUID@@BUtagCONNECTDATA@@V?$_Copy@UtagCONNECTDATA@@@ATL@@@ATL@@UEAAJK@Z 0000000180001e9c f i POSKeyboard.obj
 0001:00000ec8       ?Reset@?$CComEnumImpl@UIEnumConnectionPoints@@$1?_GUID_b196b285_bab4_101a_b69c_00aa00341d07@@3U__s_GUID@@BPEAUIConnectionPoint@@V?$_CopyInterface@UIConnectionPoint@@@ATL@@@ATL@@UEAAJXZ 0000000180001ec8 f i POSKeyboard.obj
 0001:00000ec8       ?Reset@?$CComEnumImpl@UIEnumConnections@@$1?_GUID_b196b287_bab4_101a_b69c_00aa00341d07@@3U__s_GUID@@BUtagCONNECTDATA@@V?$_Copy@UtagCONNECTDATA@@@ATL@@@ATL@@UEAAJXZ 0000000180001ec8 f i POSKeyboard.obj
 0001:00000ed4       ?Clone@?$CComEnumImpl@UIEnumConnections@@$1?_GUID_b196b287_bab4_101a_b69c_00aa00341d07@@3U__s_GUID@@BUtagCONNECTDATA@@V?$_Copy@UtagCONNECTDATA@@@ATL@@@ATL@@UEAAJPEAPEAUIEnumConnections@@@Z 0000000180001ed4 f i POSKeyboard.obj
 0001:00001000       ?AddRef@?$CComObject@V?$CComEnum@UIEnumConnections@@$1?_GUID_b196b287_bab4_101a_b69c_00aa00341d07@@3U__s_GUID@@BUtagCONNECTDATA@@V?$_Copy@UtagCONNECTDATA@@@ATL@@VCComSingleThreadModel@6@@ATL@@@ATL@@UEAAKXZ 0000000180002000 f i POSKeyboard.obj
 0001:00001000       ?AddRef@?$CComObject@V?$CComEnum@UIEnumConnectionPoints@@$1?_GUID_b196b285_bab4_101a_b69c_00aa00341d07@@3U__s_GUID@@BPEAUIConnectionPoint@@V?$_CopyInterface@UIConnectionPoint@@@ATL@@VCComSingleThreadModel@6@@ATL@@@ATL@@UEAAKXZ 0000000180002000 f i POSKeyboard.obj
 0001:0000100c       ?Release@?$CComObject@V?$CComEnum@UIEnumConnections@@$1?_GUID_b196b287_bab4_101a_b69c_00aa00341d07@@3U__s_GUID@@BUtagCONNECTDATA@@V?$_Copy@UtagCONNECTDATA@@@ATL@@VCComSingleThreadModel@6@@ATL@@@ATL@@UEAAKXZ 000000018000200c f i POSKeyboard.obj
 0001:0000100c       ?Release@?$CComObject@V?$CComEnum@UIEnumConnectionPoints@@$1?_GUID_b196b285_bab4_101a_b69c_00aa00341d07@@3U__s_GUID@@BPEAUIConnectionPoint@@V?$_CopyInterface@UIConnectionPoint@@@ATL@@VCComSingleThreadModel@6@@ATL@@@ATL@@UEAAKXZ 000000018000200c f i POSKeyboard.obj
 0001:00001060       ?QueryInterface@?$CComObject@V?$CComEnum@UIEnumConnections@@$1?_GUID_b196b287_bab4_101a_b69c_00aa00341d07@@3U__s_GUID@@BUtagCONNECTDATA@@V?$_Copy@UtagCONNECTDATA@@@ATL@@VCComSingleThreadModel@6@@ATL@@@ATL@@UEAAJAEBU_GUID@@PEAPEAX@Z 0000000180002060 f i POSKeyboard.obj
 0001:00001074       ??_G?$CComObject@V?$CComEnum@UIEnumConnections@@$1?_GUID_b196b287_bab4_101a_b69c_00aa00341d07@@3U__s_GUID@@BUtagCONNECTDATA@@V?$_Copy@UtagCONNECTDATA@@@ATL@@VCComSingleThreadModel@6@@ATL@@@ATL@@UEAAPEAXI@Z 0000000180002074 f i POSKeyboard.obj
 0001:00001074       ??_E?$CComObject@V?$CComEnum@UIEnumConnections@@$1?_GUID_b196b287_bab4_101a_b69c_00aa00341d07@@3U__s_GUID@@BUtagCONNECTDATA@@V?$_Copy@UtagCONNECTDATA@@@ATL@@VCComSingleThreadModel@6@@ATL@@@ATL@@UEAAPEAXI@Z 0000000180002074 f i POSKeyboard.obj
 0001:000010cc       ?GetColorSet@?$IViewObjectExImpl@VCOPOSPOSKeyboard@@@ATL@@UEAAJKJPEAXPEAUtagDVTARGETDEVICE@@PEAUHDC__@@PEAPEAUtagLOGPALETTE@@@Z 00000001800020cc f i POSKeyboard.obj
 0001:000010cc       ?InitFromData@?$IOleObjectImpl@VCOPOSPOSKeyboard@@@ATL@@UEAAJPEAUIDataObject@@HK@Z 00000001800020cc f i POSKeyboard.obj
 0001:000010cc       ?GetDropTarget@?$IOleInPlaceObjectWindowlessImpl@VCOPOSPOSKeyboard@@@ATL@@UEAAJPEAPEAUIDropTarget@@@Z 00000001800020cc f i POSKeyboard.obj
 0001:000010cc       ?GetClipboardData@?$IOleObjectImpl@VCOPOSPOSKeyboard@@@ATL@@UEAAJKPEAPEAUIDataObject@@@Z 00000001800020cc f i POSKeyboard.obj
 0001:000010cc       ?SetData@?$IDataObjectImpl@VCOPOSPOSKeyboard@@@ATL@@UEAAJPEAUtagFORMATETC@@PEAUtagSTGMEDIUM@@H@Z 00000001800020cc f i POSKeyboard.obj
 0001:000010cc       ?GetControlInfo@?$IOleControlImpl@VCOPOSPOSKeyboard@@@ATL@@UEAAJPEAUtagCONTROLINFO@@@Z 00000001800020cc f i POSKeyboard.obj
 0001:000010cc       ?ContextSensitiveHelp@?$IOleInPlaceObjectWindowlessImpl@VCOPOSPOSKeyboard@@@ATL@@UEAAJH@Z 00000001800020cc f i POSKeyboard.obj
 0001:000010cc       ?QueryGetData@?$IDataObjectImpl@VCOPOSPOSKeyboard@@@ATL@@UEAAJPEAUtagFORMATETC@@@Z 00000001800020cc f i POSKeyboard.obj
 0001:000010cc       ?GetDataHere@?$IDataObjectImpl@VCOPOSPOSKeyboard@@@ATL@@UEAAJPEAUtagFORMATETC@@PEAUtagSTGMEDIUM@@@Z 00000001800020cc f i POSKeyboard.obj
 0001:000010cc       ?GetMoniker@?$IOleObjectImpl@VCOPOSPOSKeyboard@@@ATL@@UEAAJKKPEAPEAUIMoniker@@@Z 00000001800020cc f i POSKeyboard.obj
 0001:000010cc       ?GetCanonicalFormatEtc@?$IDataObjectImpl@VCOPOSPOSKeyboard@@@ATL@@UEAAJPEAUtagFORMATETC@@0@Z 00000001800020cc f i POSKeyboard.obj
 0001:000010cc       ?ReactivateAndUndo@?$IOleInPlaceObjectWindowlessImpl@VCOPOSPOSKeyboard@@@ATL@@UEAAJXZ 00000001800020cc f i POSKeyboard.obj
 0001:000010cc       ?SOOutputCompleteDummy@COPOSPOSKeyboard@@MEAAJJ@Z 00000001800020cc f i POSKeyboard.obj
 0001:000010cc       ?Freeze@?$IViewObjectExImpl@VCOPOSPOSKeyboard@@@ATL@@UEAAJKJPEAXPEAK@Z 00000001800020cc f i POSKeyboard.obj
 0001:000010cc       ?Unfreeze@?$IViewObjectExImpl@VCOPOSPOSKeyboard@@@ATL@@UEAAJK@Z 00000001800020cc f i POSKeyboard.obj
 0001:000010cc       ?SetMoniker@?$IOleObjectImpl@VCOPOSPOSKeyboard@@@ATL@@UEAAJKPEAUIMoniker@@@Z 00000001800020cc f i POSKeyboard.obj
 0001:000010cc       ?EnumFormatEtc@?$IDataObjectImpl@VCOPOSPOSKeyboard@@@ATL@@UEAAJKPEAPEAUIEnumFORMATETC@@@Z 00000001800020cc f i POSKeyboard.obj
 0001:000010cc       ?SetColorScheme@?$IOleObjectImpl@VCOPOSPOSKeyboard@@@ATL@@UEAAJPEAUtagLOGPALETTE@@@Z 00000001800020cc f i POSKeyboard.obj
 0001:000010cc       ?QueryInterface@CRegObject@ATL@@UEAAJAEBU_GUID@@PEAPEAX@Z 00000001800020cc f i POSKeyboard.obj
 0001:000010cc       ?GetRect@?$IViewObjectExImpl@VCOPOSPOSKeyboard@@@ATL@@UEAAJKPEAU_RECTL@@@Z 00000001800020cc f i POSKeyboard.obj
 0001:000010cc       ?OnMnemonic@?$IOleControlImpl@VCOPOSPOSKeyboard@@@ATL@@UEAAJPEAUtagMSG@@@Z 00000001800020cc f i POSKeyboard.obj
 0001:000010cc       ?ContextSensitiveHelp@?$IOleInPlaceActiveObjectImpl@VCOPOSPOSKeyboard@@@ATL@@UEAAJH@Z 00000001800020cc f i POSKeyboard.obj
 0001:000010d4       ?AddRef@CRegObject@ATL@@UEAAKXZ 00000001800020d4 f i POSKeyboard.obj
 0001:000010d4       ?FAccessAllowed@?$IObjectSafetyImpl@VCOPOSPOSKeyboard@@$02@ATL@@MEAAHXZ 00000001800020d4 f i POSKeyboard.obj
 0001:000010d4       _get_startup_argv_mode     00000001800020d4 f i LIBCMT:argv_mode.obj
 0001:000010dc       ?Update@?$IOleObjectImpl@VCOPOSPOSKeyboard@@@ATL@@UEAAJXZ 00000001800020dc f i POSKeyboard.obj
 0001:000010dc       ?ResizeBorder@?$IOleInPlaceActiveObjectImpl@VCOPOSPOSKeyboard@@@ATL@@UEAAJPEBUtagRECT@@PEAUIOleInPlaceUIWindow@@H@Z 00000001800020dc f i POSKeyboard.obj
 0001:000010dc       ?SaveCompleted@?$IPersistStorageImpl@VCOPOSPOSKeyboard@@@ATL@@UEAAJPEAUIStorage@@@Z 00000001800020dc f i POSKeyboard.obj
 0001:000010dc       ?OnFrameWindowActivate@?$IOleInPlaceActiveObjectImpl@VCOPOSPOSKeyboard@@@ATL@@UEAAJH@Z 00000001800020dc f i POSKeyboard.obj
 0001:000010dc       ?HandsOffStorage@?$IPersistStorageImpl@VCOPOSPOSKeyboard@@@ATL@@UEAAJXZ 00000001800020dc f i POSKeyboard.obj
 0001:000010dc       ?IsUpToDate@?$IOleObjectImpl@VCOPOSPOSKeyboard@@@ATL@@UEAAJXZ 00000001800020dc f i POSKeyboard.obj
 0001:000010dc       ?GetObjectDescription@?$CComCoClass@VCOPOSPOSKeyboard@@$1?CLSID_OPOSPOSKeyboard@@3U_GUID@@B@ATL@@SAPEB_WXZ 00000001800020dc f i POSKeyboard.obj
 0001:000010dc       ?OnAmbientPropertyChange@?$IOleControlImpl@VCOPOSPOSKeyboard@@@ATL@@UEAAJJ@Z 00000001800020dc f i POSKeyboard.obj
 0001:000010dc       ?SetHostNames@?$IOleObjectImpl@VCOPOSPOSKeyboard@@@ATL@@UEAAJPEB_W0@Z 00000001800020dc f i POSKeyboard.obj
 0001:000010dc       ?GetCategoryMap@CComObjectRootBase@ATL@@SAPEBU_ATL_CATMAP_ENTRY@2@XZ 00000001800020dc f i POSKeyboard.obj
 0001:000010dc       ?EnableModeless@?$IOleInPlaceActiveObjectImpl@VCOPOSPOSKeyboard@@@ATL@@UEAAJH@Z 00000001800020dc f i POSKeyboard.obj
 0001:000010dc       ?Release@CRegObject@ATL@@UEAAKXZ 00000001800020dc f i POSKeyboard.obj
 0001:000010e0       ?AddReplacement@CRegObject@ATL@@UEAAJPEB_W0@Z 00000001800020e0 f i POSKeyboard.obj
 0001:00001110       ?ClearReplacements@CRegObject@ATL@@UEAAJXZ 0000000180002110 f i POSKeyboard.obj
 0001:0000111c       ??_E?$CComObject@VCOPOSPOSKeyboard@@@ATL@@W7EAAPEAXI@Z 000000018000211c f i POSKeyboard.obj
 0001:00001128       ??_E?$CComObject@VCOPOSPOSKeyboard@@@ATL@@WHA@EAAPEAXI@Z 0000000180002128 f i POSKeyboard.obj
 0001:00001134       ?QueryInterface@?$CComObject@VCOPOSPOSKeyboard@@@ATL@@WLI@EAAJAEBU_GUID@@PEAPEAX@Z 0000000180002134 f i POSKeyboard.obj
 0001:00001140       ?AddRef@?$CComObject@VCOPOSPOSKeyboard@@@ATL@@WLI@EAAKXZ 0000000180002140 f i POSKeyboard.obj
 0001:0000114c       ?Release@?$CComObject@VCOPOSPOSKeyboard@@@ATL@@WLI@EAAKXZ 000000018000214c f i POSKeyboard.obj
 0001:00001158       ?QueryInterface@?$CComObject@VCOPOSPOSKeyboard@@@ATL@@WMA@EAAJAEBU_GUID@@PEAPEAX@Z 0000000180002158 f i POSKeyboard.obj
 0001:00001164       ?AddRef@?$CComObject@VCOPOSPOSKeyboard@@@ATL@@WMA@EAAKXZ 0000000180002164 f i POSKeyboard.obj
 0001:00001170       ?Release@?$CComObject@VCOPOSPOSKeyboard@@@ATL@@WMA@EAAKXZ 0000000180002170 f i POSKeyboard.obj
 0001:0000117c       ?QueryInterface@?$CComObject@VCOPOSPOSKeyboard@@@ATL@@WMI@EAAJAEBU_GUID@@PEAPEAX@Z 000000018000217c f i POSKeyboard.obj
 0001:00001188       ?AddRef@?$CComObject@VCOPOSPOSKeyboard@@@ATL@@WMI@EAAKXZ 0000000180002188 f i POSKeyboard.obj
 0001:00001194       ?Release@?$CComObject@VCOPOSPOSKeyboard@@@ATL@@WMI@EAAKXZ 0000000180002194 f i POSKeyboard.obj
 0001:000011a0       ?QueryInterface@?$CComObject@VCOPOSPOSKeyboard@@@ATL@@WNA@EAAJAEBU_GUID@@PEAPEAX@Z 00000001800021a0 f i POSKeyboard.obj
 0001:000011ac       ?AddRef@?$CComObject@VCOPOSPOSKeyboard@@@ATL@@WNA@EAAKXZ 00000001800021ac f i POSKeyboard.obj
 0001:000011b8       ??_ECRegObject@ATL@@UEAAPEAXI@Z 00000001800021b8 f i POSKeyboard.obj
 0001:000011b8       ??_GCRegObject@ATL@@UEAAPEAXI@Z 00000001800021b8 f i POSKeyboard.obj
 0001:00001238       ?Release@?$CComObject@VCOPOSPOSKeyboard@@@ATL@@WNA@EAAKXZ 0000000180002238 f i POSKeyboard.obj
 0001:00001244       ?QueryInterface@?$CComObject@VCOPOSPOSKeyboard@@@ATL@@WNI@EAAJAEBU_GUID@@PEAPEAX@Z 0000000180002244 f i POSKeyboard.obj
 0001:00001250       ?AddRef@?$CComObject@VCOPOSPOSKeyboard@@@ATL@@WNI@EAAKXZ 0000000180002250 f i POSKeyboard.obj
 0001:0000125c       ?Release@?$CComObject@VCOPOSPOSKeyboard@@@ATL@@WNI@EAAKXZ 000000018000225c f i POSKeyboard.obj
 0001:00001268       ?QueryInterface@?$CComObject@VCOPOSPOSKeyboard@@@ATL@@WOA@EAAJAEBU_GUID@@PEAPEAX@Z 0000000180002268 f i POSKeyboard.obj
 0001:00001274       ?AddRef@?$CComObject@VCOPOSPOSKeyboard@@@ATL@@WOA@EAAKXZ 0000000180002274 f i POSKeyboard.obj
 0001:00001280       ?Release@?$CComObject@VCOPOSPOSKeyboard@@@ATL@@WOA@EAAKXZ 0000000180002280 f i POSKeyboard.obj
 0001:0000128c       ?QueryInterface@?$CComObject@VCOPOSPOSKeyboard@@@ATL@@WOI@EAAJAEBU_GUID@@PEAPEAX@Z 000000018000228c f i POSKeyboard.obj
 0001:00001298       ?AddRef@?$CComObject@VCOPOSPOSKeyboard@@@ATL@@WOI@EAAKXZ 0000000180002298 f i POSKeyboard.obj
 0001:000012a4       ?Release@?$CComObject@VCOPOSPOSKeyboard@@@ATL@@WOI@EAAKXZ 00000001800022a4 f i POSKeyboard.obj
 0001:000012b0       ?QueryInterface@?$CComObject@VCOPOSPOSKeyboard@@@ATL@@WPA@EAAJAEBU_GUID@@PEAPEAX@Z 00000001800022b0 f i POSKeyboard.obj
 0001:000012bc       ?AddRef@?$CComObject@VCOPOSPOSKeyboard@@@ATL@@WPA@EAAKXZ 00000001800022bc f i POSKeyboard.obj
 0001:000012c8       ?Release@?$CComObject@VCOPOSPOSKeyboard@@@ATL@@WPA@EAAKXZ 00000001800022c8 f i POSKeyboard.obj
 0001:000012d4       ?QueryInterface@?$CComObject@VCOPOSPOSKeyboard@@@ATL@@WPI@EAAJAEBU_GUID@@PEAPEAX@Z 00000001800022d4 f i POSKeyboard.obj
 0001:000012e0       ?AddRef@?$CComObject@VCOPOSPOSKeyboard@@@ATL@@WPI@EAAKXZ 00000001800022e0 f i POSKeyboard.obj
 0001:000012ec       ?Release@?$CComObject@VCOPOSPOSKeyboard@@@ATL@@WPI@EAAKXZ 00000001800022ec f i POSKeyboard.obj
 0001:000012f8       ?QueryInterface@?$CComObject@VCOPOSPOSKeyboard@@@ATL@@WBAA@EAAJAEBU_GUID@@PEAPEAX@Z 00000001800022f8 f i POSKeyboard.obj
 0001:00001304       ?AddRef@?$CComObject@VCOPOSPOSKeyboard@@@ATL@@WBAA@EAAKXZ 0000000180002304 f i POSKeyboard.obj
 0001:00001310       ?Release@?$CComObject@VCOPOSPOSKeyboard@@@ATL@@WBAA@EAAKXZ 0000000180002310 f i POSKeyboard.obj
 0001:0000131c       ?QueryInterface@?$CComObject@VCOPOSPOSKeyboard@@@ATL@@WBAI@EAAJAEBU_GUID@@PEAPEAX@Z 000000018000231c f i POSKeyboard.obj
 0001:00001328       ?AddRef@?$CComObject@VCOPOSPOSKeyboard@@@ATL@@WBAI@EAAKXZ 0000000180002328 f i POSKeyboard.obj
 0001:00001334       ?Release@?$CComObject@VCOPOSPOSKeyboard@@@ATL@@WBAI@EAAKXZ 0000000180002334 f i POSKeyboard.obj
 0001:00001340       ?QueryInterface@?$CComObject@VCOPOSPOSKeyboard@@@ATL@@WBBA@EAAJAEBU_GUID@@PEAPEAX@Z 0000000180002340 f i POSKeyboard.obj
 0001:0000134c       ?AddRef@?$CComObject@VCOPOSPOSKeyboard@@@ATL@@WBBA@EAAKXZ 000000018000234c f i POSKeyboard.obj
 0001:00001358       ?Release@?$CComObject@VCOPOSPOSKeyboard@@@ATL@@WBBA@EAAKXZ 0000000180002358 f i POSKeyboard.obj
 0001:00001364       ?QueryInterface@?$CComObject@VCOPOSPOSKeyboard@@@ATL@@WBBI@EAAJAEBU_GUID@@PEAPEAX@Z 0000000180002364 f i POSKeyboard.obj
 0001:00001370       ?AddRef@?$CComObject@VCOPOSPOSKeyboard@@@ATL@@WBBI@EAAKXZ 0000000180002370 f i POSKeyboard.obj
 0001:0000137c       ?Release@?$CComObject@VCOPOSPOSKeyboard@@@ATL@@WBBI@EAAKXZ 000000018000237c f i POSKeyboard.obj
 0001:00001388       ?AddRef@?$CComObject@VCOPOSPOSKeyboard@@@ATL@@WBCI@EAAKXZ 0000000180002388 f i POSKeyboard.obj
 0001:00001394       ?Release@?$CComObject@VCOPOSPOSKeyboard@@@ATL@@WBCI@EAAKXZ 0000000180002394 f i POSKeyboard.obj
 0001:000013a0       ?AddRef@?$CComObject@VCOPOSPOSKeyboard@@@ATL@@WBEA@EAAKXZ 00000001800023a0 f i POSKeyboard.obj
 0001:000013ac       ?Release@?$CComObject@VCOPOSPOSKeyboard@@@ATL@@WBEA@EAAKXZ 00000001800023ac f i POSKeyboard.obj
 0001:000013b8       ??_E?$CComContainedObject@VCOPOSPOSKeyboard@@@ATL@@W7EAAPEAXI@Z 00000001800023b8 f i POSKeyboard.obj
 0001:000013c4       ??_E?$CComContainedObject@VCOPOSPOSKeyboard@@@ATL@@WHA@EAAPEAXI@Z 00000001800023c4 f i POSKeyboard.obj
 0001:000013d0       ?QueryInterface@?$CComContainedObject@VCOPOSPOSKeyboard@@@ATL@@WLI@EAAJAEBU_GUID@@PEAPEAX@Z 00000001800023d0 f i POSKeyboard.obj
 0001:000013dc       ?AddRef@?$CComContainedObject@VCOPOSPOSKeyboard@@@ATL@@WLI@EAAKXZ 00000001800023dc f i POSKeyboard.obj
 0001:000013e8       ?Release@?$CComContainedObject@VCOPOSPOSKeyboard@@@ATL@@WLI@EAAKXZ 00000001800023e8 f i POSKeyboard.obj
 0001:000013f4       ?QueryInterface@?$CComContainedObject@VCOPOSPOSKeyboard@@@ATL@@WMA@EAAJAEBU_GUID@@PEAPEAX@Z 00000001800023f4 f i POSKeyboard.obj
 0001:00001400       ?AddRef@?$CComContainedObject@VCOPOSPOSKeyboard@@@ATL@@WMA@EAAKXZ 0000000180002400 f i POSKeyboard.obj
 0001:0000140c       ?Release@?$CComContainedObject@VCOPOSPOSKeyboard@@@ATL@@WMA@EAAKXZ 000000018000240c f i POSKeyboard.obj
 0001:00001418       ?QueryInterface@?$CComContainedObject@VCOPOSPOSKeyboard@@@ATL@@WMI@EAAJAEBU_GUID@@PEAPEAX@Z 0000000180002418 f i POSKeyboard.obj
 0001:00001424       ?AddRef@?$CComContainedObject@VCOPOSPOSKeyboard@@@ATL@@WMI@EAAKXZ 0000000180002424 f i POSKeyboard.obj
 0001:00001430       ?Release@?$CComContainedObject@VCOPOSPOSKeyboard@@@ATL@@WMI@EAAKXZ 0000000180002430 f i POSKeyboard.obj
 0001:0000143c       ?QueryInterface@?$CComContainedObject@VCOPOSPOSKeyboard@@@ATL@@WNA@EAAJAEBU_GUID@@PEAPEAX@Z 000000018000243c f i POSKeyboard.obj
 0001:00001448       ?AddRef@?$CComContainedObject@VCOPOSPOSKeyboard@@@ATL@@WNA@EAAKXZ 0000000180002448 f i POSKeyboard.obj
 0001:00001454       ?Release@?$CComContainedObject@VCOPOSPOSKeyboard@@@ATL@@WNA@EAAKXZ 0000000180002454 f i POSKeyboard.obj
 0001:00001460       ?QueryInterface@?$CComContainedObject@VCOPOSPOSKeyboard@@@ATL@@WNI@EAAJAEBU_GUID@@PEAPEAX@Z 0000000180002460 f i POSKeyboard.obj
 0001:0000146c       ?AddRef@?$CComContainedObject@VCOPOSPOSKeyboard@@@ATL@@WNI@EAAKXZ 000000018000246c f i POSKeyboard.obj
 0001:00001478       ?Release@?$CComContainedObject@VCOPOSPOSKeyboard@@@ATL@@WNI@EAAKXZ 0000000180002478 f i POSKeyboard.obj
 0001:00001484       ?QueryInterface@?$CComContainedObject@VCOPOSPOSKeyboard@@@ATL@@WOA@EAAJAEBU_GUID@@PEAPEAX@Z 0000000180002484 f i POSKeyboard.obj
 0001:00001490       ?AddRef@?$CComContainedObject@VCOPOSPOSKeyboard@@@ATL@@WOA@EAAKXZ 0000000180002490 f i POSKeyboard.obj
 0001:0000149c       ?Release@?$CComContainedObject@VCOPOSPOSKeyboard@@@ATL@@WOA@EAAKXZ 000000018000249c f i POSKeyboard.obj
 0001:000014a8       ?QueryInterface@?$CComContainedObject@VCOPOSPOSKeyboard@@@ATL@@WOI@EAAJAEBU_GUID@@PEAPEAX@Z 00000001800024a8 f i POSKeyboard.obj
 0001:000014b4       ?AddRef@?$CComContainedObject@VCOPOSPOSKeyboard@@@ATL@@WOI@EAAKXZ 00000001800024b4 f i POSKeyboard.obj
 0001:000014c0       ?Release@?$CComContainedObject@VCOPOSPOSKeyboard@@@ATL@@WOI@EAAKXZ 00000001800024c0 f i POSKeyboard.obj
 0001:000014cc       ?QueryInterface@?$CComContainedObject@VCOPOSPOSKeyboard@@@ATL@@WPA@EAAJAEBU_GUID@@PEAPEAX@Z 00000001800024cc f i POSKeyboard.obj
 0001:000014d8       ?AddRef@?$CComContainedObject@VCOPOSPOSKeyboard@@@ATL@@WPA@EAAKXZ 00000001800024d8 f i POSKeyboard.obj
 0001:000014e4       ?Release@?$CComContainedObject@VCOPOSPOSKeyboard@@@ATL@@WPA@EAAKXZ 00000001800024e4 f i POSKeyboard.obj
 0001:000014f0       ?QueryInterface@?$CComContainedObject@VCOPOSPOSKeyboard@@@ATL@@WPI@EAAJAEBU_GUID@@PEAPEAX@Z 00000001800024f0 f i POSKeyboard.obj
 0001:000014fc       ?AddRef@?$CComContainedObject@VCOPOSPOSKeyboard@@@ATL@@WPI@EAAKXZ 00000001800024fc f i POSKeyboard.obj
 0001:00001508       ?Release@?$CComContainedObject@VCOPOSPOSKeyboard@@@ATL@@WPI@EAAKXZ 0000000180002508 f i POSKeyboard.obj
 0001:00001514       ?QueryInterface@?$CComContainedObject@VCOPOSPOSKeyboard@@@ATL@@WBAA@EAAJAEBU_GUID@@PEAPEAX@Z 0000000180002514 f i POSKeyboard.obj
 0001:00001520       ?AddRef@?$CComContainedObject@VCOPOSPOSKeyboard@@@ATL@@WBAA@EAAKXZ 0000000180002520 f i POSKeyboard.obj
 0001:0000152c       ?Release@?$CComContainedObject@VCOPOSPOSKeyboard@@@ATL@@WBAA@EAAKXZ 000000018000252c f i POSKeyboard.obj
 0001:00001538       ?QueryInterface@?$CComContainedObject@VCOPOSPOSKeyboard@@@ATL@@WBAI@EAAJAEBU_GUID@@PEAPEAX@Z 0000000180002538 f i POSKeyboard.obj
 0001:00001544       ?AddRef@?$CComContainedObject@VCOPOSPOSKeyboard@@@ATL@@WBAI@EAAKXZ 0000000180002544 f i POSKeyboard.obj
 0001:00001550       ?Release@?$CComContainedObject@VCOPOSPOSKeyboard@@@ATL@@WBAI@EAAKXZ 0000000180002550 f i POSKeyboard.obj
 0001:0000155c       ?QueryInterface@?$CComContainedObject@VCOPOSPOSKeyboard@@@ATL@@WBBA@EAAJAEBU_GUID@@PEAPEAX@Z 000000018000255c f i POSKeyboard.obj
 0001:00001568       ?AddRef@?$CComContainedObject@VCOPOSPOSKeyboard@@@ATL@@WBBA@EAAKXZ 0000000180002568 f i POSKeyboard.obj
 0001:00001574       ?Release@?$CComContainedObject@VCOPOSPOSKeyboard@@@ATL@@WBBA@EAAKXZ 0000000180002574 f i POSKeyboard.obj
 0001:00001580       ?QueryInterface@?$CComContainedObject@VCOPOSPOSKeyboard@@@ATL@@WBBI@EAAJAEBU_GUID@@PEAPEAX@Z 0000000180002580 f i POSKeyboard.obj
 0001:0000158c       ?AddRef@?$CComContainedObject@VCOPOSPOSKeyboard@@@ATL@@WBBI@EAAKXZ 000000018000258c f i POSKeyboard.obj
 0001:00001598       ?Release@?$CComContainedObject@VCOPOSPOSKeyboard@@@ATL@@WBBI@EAAKXZ 0000000180002598 f i POSKeyboard.obj
 0001:000015a4       ?AddRef@?$CComContainedObject@VCOPOSPOSKeyboard@@@ATL@@WBCI@EAAKXZ 00000001800025a4 f i POSKeyboard.obj
 0001:000015b0       ?Release@?$CComContainedObject@VCOPOSPOSKeyboard@@@ATL@@WBCI@EAAKXZ 00000001800025b0 f i POSKeyboard.obj
 0001:000015bc       ?AddRef@?$CComContainedObject@VCOPOSPOSKeyboard@@@ATL@@WBEA@EAAKXZ 00000001800025bc f i POSKeyboard.obj
 0001:000015c8       ?Release@?$CComContainedObject@VCOPOSPOSKeyboard@@@ATL@@WBEA@EAAKXZ 00000001800025c8 f i POSKeyboard.obj
 0001:000015d4       ?GetWindowProc@?$CWindowImplBaseT@VCWindow@ATL@@V?$CWinTraits@$0FGAAAAAA@$0A@@2@@ATL@@UEAAP6A_JPEAUHWND__@@I_K_J@ZXZ 00000001800025d4 f i POSKeyboard.obj
 0001:000015dc       ?StartWindowProc@?$CWindowImplBaseT@VCWindow@ATL@@V?$CWinTraits@$0FGAAAAAA@$0A@@2@@ATL@@SA_JPEAUHWND__@@I_K_J@Z 00000001800025dc f i POSKeyboard.obj
 0001:000016a0       _guard_check_icall_nop     00000001800026a0 f i LIBCMT:guard_support.obj
 0001:000016a0       ?OnFinalMessage@?$CWindowImplBaseT@VCWindow@ATL@@V?$CWinTraits@$0FGAAAAAA@$0A@@2@@ATL@@UEAAXPEAUHWND__@@@Z 00000001800026a0 f i POSKeyboard.obj
 0001:000016a0       ?ObjectMain@CComObjectRootBase@ATL@@SAX_N@Z 00000001800026a0 f i POSKeyboard.obj
 0001:000016a4       ?GetTypeInfoCount@?$IDispatchImpl@UIOPOSPOSKeyboard@@$1?IID_IOPOSPOSKeyboard@@3U_GUID@@B$1?LIBID_OposPOSKeyboard_CCO@@3U3@B$00$0A@VCComTypeInfoHolder@ATL@@@ATL@@UEAAJPEAI@Z 00000001800026a4 f i POSKeyboard.obj
 0001:000016b8       ?GetTypeInfo@?$IDispatchImpl@UIOPOSPOSKeyboard@@$1?IID_IOPOSPOSKeyboard@@3U_GUID@@B$1?LIBID_OposPOSKeyboard_CCO@@3U3@B$00$0A@VCComTypeInfoHolder@ATL@@@ATL@@UEAAJIKPEAPEAUITypeInfo@@@Z 00000001800026b8 f i POSKeyboard.obj
 0001:0000171c       ?GetIDsOfNames@?$IDispatchImpl@UIOPOSPOSKeyboard@@$1?IID_IOPOSPOSKeyboard@@3U_GUID@@B$1?LIBID_OposPOSKeyboard_CCO@@3U3@B$00$0A@VCComTypeInfoHolder@ATL@@@ATL@@UEAAJAEBU_GUID@@PEAPEA_WIKPEAJ@Z 000000018000271c f i POSKeyboard.obj
 0001:00001728       ?Invoke@?$IDispatchImpl@UIOPOSPOSKeyboard@@$1?IID_IOPOSPOSKeyboard@@3U_GUID@@B$1?LIBID_OposPOSKeyboard_CCO@@3U3@B$00$0A@VCComTypeInfoHolder@ATL@@@ATL@@UEAAJJAEBU_GUID@@KGPEAUtagDISPPARAMS@@PEAUtagVARIANT@@PEAUtagEXCEPINFO@@PEAI@Z 0000000180002728 f i POSKeyboard.obj
 0001:000017b8       ?CreateControlWindow@?$CComControl@VCOPOSPOSKeyboard@@V?$CWindowImpl@VCOPOSPOSKeyboard@@VCWindow@ATL@@V?$CWinTraits@$0FGAAAAAA@$0A@@3@@ATL@@@ATL@@UEAAPEAUHWND__@@PEAU3@AEAUtagRECT@@@Z 00000001800027b8 f i POSKeyboard.obj
 0001:000017f0       ?ControlQueryInterface@?$CComControl@VCOPOSPOSKeyboard@@V?$CWindowImpl@VCOPOSPOSKeyboard@@VCWindow@ATL@@V?$CWinTraits@$0FGAAAAAA@$0A@@3@@ATL@@@ATL@@UEAAJAEBU_GUID@@PEAPEAX@Z 00000001800027f0 f i POSKeyboard.obj
 0001:00001804       ?GetUserClassID@?$IOleObjectImpl@VCOPOSPOSKeyboard@@@ATL@@UEAAJPEAU_GUID@@@Z 0000000180002804 f i POSKeyboard.obj
 0001:00001804       ?GetClassID@?$IPersistStreamInitImpl@VCOPOSPOSKeyboard@@@ATL@@UEAAJPEAU_GUID@@@Z 0000000180002804 f i POSKeyboard.obj
 0001:00001804       ?GetClassID@?$IPersistStorageImpl@VCOPOSPOSKeyboard@@@ATL@@UEAAJPEAU_GUID@@@Z 0000000180002804 f i POSKeyboard.obj
 0001:00001820       ?IsDirty@?$IPersistStreamInitImpl@VCOPOSPOSKeyboard@@@ATL@@UEAAJXZ 0000000180002820 f i POSKeyboard.obj
 0001:0000183c       ?Load@?$IPersistStreamInitImpl@VCOPOSPOSKeyboard@@@ATL@@UEAAJPEAUIStream@@@Z 000000018000283c f i POSKeyboard.obj
 0001:0000188c       ?Save@?$IPersistStreamInitImpl@VCOPOSPOSKeyboard@@@ATL@@UEAAJPEAUIStream@@H@Z 000000018000288c f i POSKeyboard.obj
 0001:000018f0       ?GetSizeMax@?$IPersistStreamInitImpl@VCOPOSPOSKeyboard@@@ATL@@UEAAJPEAT_ULARGE_INTEGER@@@Z 00000001800028f0 f i POSKeyboard.obj
 0001:00001b1c       ?InitNew@?$IPersistStreamInitImpl@VCOPOSPOSKeyboard@@@ATL@@UEAAJXZ 0000000180002b1c f i POSKeyboard.obj
 0001:00001b34       ?SetClientSite@?$IOleObjectImpl@VCOPOSPOSKeyboard@@@ATL@@UEAAJPEAUIOleClientSite@@@Z 0000000180002b34 f i POSKeyboard.obj
 0001:00001b50       ?GetClientSite@?$IOleObjectImpl@VCOPOSPOSKeyboard@@@ATL@@UEAAJPEAPEAUIOleClientSite@@@Z 0000000180002b50 f i POSKeyboard.obj
 0001:00001b98       ?Close@?$IOleObjectImpl@VCOPOSPOSKeyboard@@@ATL@@UEAAJK@Z 0000000180002b98 f i POSKeyboard.obj
 0001:00001bb4       ?DoVerb@?$IOleObjectImpl@VCOPOSPOSKeyboard@@@ATL@@UEAAJJPEAUtagMSG@@PEAUIOleClientSite@@JPEAUHWND__@@PEBUtagRECT@@@Z 0000000180002bb4 f i POSKeyboard.obj
 0001:00001d58       ?EnumVerbs@?$IOleObjectImpl@VCOPOSPOSKeyboard@@@ATL@@UEAAJPEAPEAUIEnumOLEVERB@@@Z 0000000180002d58 f i POSKeyboard.obj
 0001:00001d74       ?GetUserType@?$IOleObjectImpl@VCOPOSPOSKeyboard@@@ATL@@UEAAJKPEAPEA_W@Z 0000000180002d74 f i POSKeyboard.obj
 0001:00001d84       ?SetExtent@?$IOleObjectImpl@VCOPOSPOSKeyboard@@@ATL@@UEAAJKPEAUtagSIZE@@@Z 0000000180002d84 f i POSKeyboard.obj
 0001:00001da0       ?GetExtent@?$IOleObjectImpl@VCOPOSPOSKeyboard@@@ATL@@UEAAJKPEAUtagSIZE@@@Z 0000000180002da0 f i POSKeyboard.obj
 0001:00001dd0       ?Advise@?$IOleObjectImpl@VCOPOSPOSKeyboard@@@ATL@@UEAAJPEAUIAdviseSink@@PEAK@Z 0000000180002dd0 f i POSKeyboard.obj
 0001:00001e2c       ?Unadvise@?$IOleObjectImpl@VCOPOSPOSKeyboard@@@ATL@@UEAAJK@Z 0000000180002e2c f i POSKeyboard.obj
 0001:00001e64       ?EnumAdvise@?$IOleObjectImpl@VCOPOSPOSKeyboard@@@ATL@@UEAAJPEAPEAUIEnumSTATDATA@@@Z 0000000180002e64 f i POSKeyboard.obj
 0001:00001eac       ?GetMiscStatus@?$IOleObjectImpl@VCOPOSPOSKeyboard@@@ATL@@UEAAJKPEAK@Z 0000000180002eac f i POSKeyboard.obj
 0001:00001ebc       ?GetWindow@?$IOleInPlaceActiveObjectImpl@VCOPOSPOSKeyboard@@@ATL@@UEAAJPEAPEAUHWND__@@@Z 0000000180002ebc f i POSKeyboard.obj
 0001:00001f10       ?TranslateAcceleratorW@?$IOleInPlaceActiveObjectImpl@VCOPOSPOSKeyboard@@@ATL@@UEAAJPEAUtagMSG@@@Z 0000000180002f10 f i POSKeyboard.obj
 0001:00002004       ?OnDocWindowActivate@?$IOleInPlaceActiveObjectImpl@VCOPOSPOSKeyboard@@@ATL@@UEAAJH@Z 0000000180003004 f i POSKeyboard.obj
 0001:00002030       ?Draw@?$IViewObjectExImpl@VCOPOSPOSKeyboard@@@ATL@@UEAAJKJPEAXPEAUtagDVTARGETDEVICE@@PEAUHDC__@@2PEBU_RECTL@@3P6AH_K@Z4@Z 0000000180003030 f i POSKeyboard.obj
 0001:00002094       ?SetAdvise@?$IViewObjectExImpl@VCOPOSPOSKeyboard@@@ATL@@UEAAJKKPEAUIAdviseSink@@@Z 0000000180003094 f i POSKeyboard.obj
 0001:000020e8       ?GetAdvise@?$IViewObjectExImpl@VCOPOSPOSKeyboard@@@ATL@@UEAAJPEAK0PEAPEAUIAdviseSink@@@Z 00000001800030e8 f i POSKeyboard.obj
 0001:00002124       ?GetExtent@?$IViewObjectExImpl@VCOPOSPOSKeyboard@@@ATL@@UEAAJKJPEAUtagDVTARGETDEVICE@@PEAUtagSIZE@@@Z 0000000180003124 f i POSKeyboard.obj
 0001:00002154       ?GetViewStatus@?$IViewObjectExImpl@VCOPOSPOSKeyboard@@@ATL@@UEAAJPEAK@Z 0000000180003154 f i POSKeyboard.obj
 0001:00002168       ?QueryHitPoint@?$IViewObjectExImpl@VCOPOSPOSKeyboard@@@ATL@@UEAAJKPEBUtagRECT@@UtagPOINT@@JPEAK@Z 0000000180003168 f i POSKeyboard.obj
 0001:000021ac       ?QueryHitRect@?$IViewObjectExImpl@VCOPOSPOSKeyboard@@@ATL@@UEAAJKPEBUtagRECT@@0JPEAK@Z 00000001800031ac f i POSKeyboard.obj
 0001:00002214       ?GetNaturalExtent@?$IViewObjectExImpl@VCOPOSPOSKeyboard@@@ATL@@UEAAJKJPEAUtagDVTARGETDEVICE@@PEAUHDC__@@PEAUtagExtentInfo@@PEAUtagSIZE@@@Z 0000000180003214 f i POSKeyboard.obj
 0001:0000225c       ?GetWindow@?$IOleInPlaceObjectWindowlessImpl@VCOPOSPOSKeyboard@@@ATL@@UEAAJPEAPEAUHWND__@@@Z 000000018000325c f i POSKeyboard.obj
 0001:000022b0       ?InPlaceDeactivate@?$IOleInPlaceObjectWindowlessImpl@VCOPOSPOSKeyboard@@@ATL@@UEAAJXZ 00000001800032b0 f i POSKeyboard.obj
 0001:000022cc       ?UIDeactivate@?$IOleInPlaceObjectWindowlessImpl@VCOPOSPOSKeyboard@@@ATL@@UEAAJXZ 00000001800032cc f i POSKeyboard.obj
 0001:000022e8       ?SetObjectRects@?$IOleInPlaceObjectWindowlessImpl@VCOPOSPOSKeyboard@@@ATL@@UEAAJPEBUtagRECT@@0@Z 00000001800032e8 f i POSKeyboard.obj
 0001:00002304       ?OnWindowMessage@?$IOleInPlaceObjectWindowlessImpl@VCOPOSPOSKeyboard@@@ATL@@UEAAJI_K_JPEA_J@Z 0000000180003304 f i POSKeyboard.obj
 0001:000023cc       ?EnumConnectionPoints@?$IConnectionPointContainerImpl@VCOPOSPOSKeyboard@@@ATL@@UEAAJPEAPEAUIEnumConnectionPoints@@@Z 00000001800033cc f i POSKeyboard.obj
 0001:000025ec       ?FindConnectionPoint@?$IConnectionPointContainerImpl@VCOPOSPOSKeyboard@@@ATL@@UEAAJAEBU_GUID@@PEAPEAUIConnectionPoint@@@Z 00000001800035ec f i POSKeyboard.obj
 0001:000026bc       ?IsDirty@?$IPersistStorageImpl@VCOPOSPOSKeyboard@@@ATL@@UEAAJXZ 00000001800036bc f i POSKeyboard.obj
 0001:00002700       ?InitNew@?$IPersistStorageImpl@VCOPOSPOSKeyboard@@@ATL@@UEAAJPEAUIStorage@@@Z 0000000180003700 f i POSKeyboard.obj
 0001:00002744       ?Load@?$IPersistStorageImpl@VCOPOSPOSKeyboard@@@ATL@@UEAAJPEAUIStorage@@@Z 0000000180003744 f i POSKeyboard.obj
 0001:000027e4       ?Save@?$IPersistStorageImpl@VCOPOSPOSKeyboard@@@ATL@@UEAAJPEAUIStorage@@H@Z 00000001800037e4 f i POSKeyboard.obj
 0001:00002894       ?GetPages@?$ISpecifyPropertyPagesImpl@VCOPOSPOSKeyboard@@@ATL@@UEAAJPEAUtagCAUUID@@@Z 0000000180003894 f i POSKeyboard.obj
 0001:000028a0       ?QuickActivate@?$IQuickActivateImpl@VCOPOSPOSKeyboard@@@ATL@@UEAAJPEAUtagQACONTAINER@@PEAUtagQACONTROL@@@Z 00000001800038a0 f i POSKeyboard.obj
 0001:000028bc       ?SetContentExtent@?$IQuickActivateImpl@VCOPOSPOSKeyboard@@@ATL@@UEAAJPEAUtagSIZE@@@Z 00000001800038bc f i POSKeyboard.obj
 0001:000028f0       ?GetContentExtent@?$IQuickActivateImpl@VCOPOSPOSKeyboard@@@ATL@@UEAAJPEAUtagSIZE@@@Z 00000001800038f0 f i POSKeyboard.obj
 0001:00002928       ?GetData@?$IDataObjectImpl@VCOPOSPOSKeyboard@@@ATL@@UEAAJPEAUtagFORMATETC@@PEAUtagSTGMEDIUM@@@Z 0000000180003928 f i POSKeyboard.obj
 0001:00002944       ?DAdvise@?$IDataObjectImpl@VCOPOSPOSKeyboard@@@ATL@@UEAAJPEAUtagFORMATETC@@KPEAUIAdviseSink@@PEAK@Z 0000000180003944 f i POSKeyboard.obj
 0001:000029cc       ?DUnadvise@?$IDataObjectImpl@VCOPOSPOSKeyboard@@@ATL@@UEAAJK@Z 00000001800039cc f i POSKeyboard.obj
 0001:000029f8       ?EnumDAdvise@?$IDataObjectImpl@VCOPOSPOSKeyboard@@@ATL@@UEAAJPEAPEAUIEnumSTATDATA@@@Z 00000001800039f8 f i POSKeyboard.obj
 0001:00002a34       ?GetClassInfoW@?$IProvideClassInfo2Impl@$1?CLSID_OPOSPOSKeyboard@@3U_GUID@@B$1?DIID__IOPOSPOSKeyboardEvents@@3U2@B$1?LIBID_OposPOSKeyboard_CCO@@3U2@B$00$0A@VCComTypeInfoHolder@ATL@@@ATL@@UEAAJPEAPEAUITypeInfo@@@Z 0000000180003a34 f i POSKeyboard.obj
 0001:00002a8c       ?GetGUID@?$IProvideClassInfo2Impl@$1?CLSID_OPOSPOSKeyboard@@3U_GUID@@B$1?DIID__IOPOSPOSKeyboardEvents@@3U2@B$1?LIBID_OposPOSKeyboard_CCO@@3U2@B$00$0A@VCComTypeInfoHolder@ATL@@@ATL@@UEAAJKPEAU_GUID@@@Z 0000000180003a8c f i POSKeyboard.obj
 0001:00002ac0       ?GetInterfaceSafetyOptions@?$IObjectSafetyImpl@VCOPOSPOSKeyboard@@$02@ATL@@UEAAJAEBU_GUID@@PEAK1@Z 0000000180003ac0 f i POSKeyboard.obj
 0001:00002b54       ?SetInterfaceSafetyOptions@?$IObjectSafetyImpl@VCOPOSPOSKeyboard@@$02@ATL@@UEAAJAEBU_GUID@@KK@Z 0000000180003b54 f i POSKeyboard.obj
 0001:00002bf8       ?_LocCPQueryInterface@?$IConnectionPointImpl@VCOPOSPOSKeyboard@@$1?IID_IPropertyNotifySink@@3U_GUID@@BVCComDynamicUnkArray@ATL@@@ATL@@UEAAJAEBU_GUID@@PEAPEAX@Z 0000000180003bf8 f i POSKeyboard.obj
 0001:00002bf8       ?_LocCPQueryInterface@?$IConnectionPointImpl@VCOPOSPOSKeyboard@@$1?DIID__IOPOSPOSKeyboardEvents@@3U_GUID@@BVCComDynamicUnkArray@ATL@@@ATL@@UEAAJAEBU_GUID@@PEAPEAX@Z 0000000180003bf8 f i POSKeyboard.obj
 0001:00002c6c       ?GetConnectionInterface@?$IConnectionPointImpl@VCOPOSPOSKeyboard@@$1?IID_IPropertyNotifySink@@3U_GUID@@BVCComDynamicUnkArray@ATL@@@ATL@@UEAAJPEAU_GUID@@@Z 0000000180003c6c f i POSKeyboard.obj
 0001:00002c88       ?GetConnectionPointContainer@?$IConnectionPointImpl@VCOPOSPOSKeyboard@@$1?IID_IPropertyNotifySink@@3U_GUID@@BVCComDynamicUnkArray@ATL@@@ATL@@UEAAJPEAPEAUIConnectionPointContainer@@@Z 0000000180003c88 f i POSKeyboard.obj
 0001:00002ca8       ?Advise@?$IConnectionPointImpl@VCOPOSPOSKeyboard@@$1?DIID__IOPOSPOSKeyboardEvents@@3U_GUID@@BVCComDynamicUnkArray@ATL@@@ATL@@UEAAJPEAUIUnknown@@PEAK@Z 0000000180003ca8 f i POSKeyboard.obj
 0001:00002ca8       ?Advise@?$IConnectionPointImpl@VCOPOSPOSKeyboard@@$1?IID_IPropertyNotifySink@@3U_GUID@@BVCComDynamicUnkArray@ATL@@@ATL@@UEAAJPEAUIUnknown@@PEAK@Z 0000000180003ca8 f i POSKeyboard.obj
 0001:00002d68       ?Unadvise@?$IConnectionPointImpl@VCOPOSPOSKeyboard@@$1?DIID__IOPOSPOSKeyboardEvents@@3U_GUID@@BVCComDynamicUnkArray@ATL@@@ATL@@UEAAJK@Z 0000000180003d68 f i POSKeyboard.obj
 0001:00002d68       ?Unadvise@?$IConnectionPointImpl@VCOPOSPOSKeyboard@@$1?IID_IPropertyNotifySink@@3U_GUID@@BVCComDynamicUnkArray@ATL@@@ATL@@UEAAJK@Z 0000000180003d68 f i POSKeyboard.obj
 0001:00002de4       ?EnumConnections@?$IConnectionPointImpl@VCOPOSPOSKeyboard@@$1?IID_IPropertyNotifySink@@3U_GUID@@BVCComDynamicUnkArray@ATL@@@ATL@@UEAAJPEAPEAUIEnumConnections@@@Z 0000000180003de4 f i POSKeyboard.obj
 0001:00002de4       ?EnumConnections@?$IConnectionPointImpl@VCOPOSPOSKeyboard@@$1?DIID__IOPOSPOSKeyboardEvents@@3U_GUID@@BVCComDynamicUnkArray@ATL@@@ATL@@UEAAJPEAPEAUIEnumConnections@@@Z 0000000180003de4 f i POSKeyboard.obj
 0001:00002f8c       ?GetConnectionInterface@?$IConnectionPointImpl@VCOPOSPOSKeyboard@@$1?DIID__IOPOSPOSKeyboardEvents@@3U_GUID@@BVCComDynamicUnkArray@ATL@@@ATL@@UEAAJPEAU_GUID@@@Z 0000000180003f8c f i POSKeyboard.obj
 0001:00002fa8       ?GetConnectionPointContainer@?$IConnectionPointImpl@VCOPOSPOSKeyboard@@$1?DIID__IOPOSPOSKeyboardEvents@@3U_GUID@@BVCComDynamicUnkArray@ATL@@@ATL@@UEAAJPEAPEAUIConnectionPointContainer@@@Z 0000000180003fa8 f i POSKeyboard.obj
 0001:00002fc8       ?UpdateRegistry@COPOSPOSKeyboard@@SAJH@Z 0000000180003fc8 f i POSKeyboard.obj
 0001:00002fe0       ?ProcessWindowMessage@COPOSPOSKeyboard@@UEAAHPEAUHWND__@@I_K_JAEA_JK@Z 0000000180003fe0 f i POSKeyboard.obj
 0001:00003068       ?SOData@COPOSPOSKeyboard@@MEAAJJ@Z 0000000180004068 f i POSKeyboard.obj
 0001:000030b8       ?SODirectIO@COPOSPOSKeyboard@@MEAAJJPEAJPEAPEA_W@Z 00000001800040b8 f i POSKeyboard.obj
 0001:00003130       ?SOError@COPOSPOSKeyboard@@MEAAJJJJPEAJ@Z 0000000180004130 f i POSKeyboard.obj
 0001:000031b8       ?SOStatusUpdate@COPOSPOSKeyboard@@MEAAJJ@Z 00000001800041b8 f i POSKeyboard.obj
 0001:00003208       ?CreateInstance@?$CComCreator@V?$CComObjectCached@VCComClassFactory@ATL@@@ATL@@@ATL@@SAJPEAXAEBU_GUID@@PEAPEAX@Z 0000000180004208 f i POSKeyboard.obj
 0001:00003310       ?CreateInstance@?$CComCreator2@V?$CComCreator@V?$CComObject@VCOPOSPOSKeyboard@@@ATL@@@ATL@@V?$CComCreator@V?$CComAggObject@VCOPOSPOSKeyboard@@@ATL@@@2@@ATL@@SAJPEAXAEBU_GUID@@PEAPEAX@Z 0000000180004310 f i POSKeyboard.obj
 0001:00003320       ?Next@?$CComEnumImpl@UIEnumConnectionPoints@@$1?_GUID_b196b285_bab4_101a_b69c_00aa00341d07@@3U__s_GUID@@BPEAUIConnectionPoint@@V?$_CopyInterface@UIConnectionPoint@@@ATL@@@ATL@@UEAAJKPEAPEAUIConnectionPoint@@PEAK@Z 0000000180004320 f i POSKeyboard.obj
 0001:000033ec       ?Skip@?$CComEnumImpl@UIEnumConnectionPoints@@$1?_GUID_b196b285_bab4_101a_b69c_00aa00341d07@@3U__s_GUID@@BPEAUIConnectionPoint@@V?$_CopyInterface@UIConnectionPoint@@@ATL@@@ATL@@UEAAJK@Z 00000001800043ec f i POSKeyboard.obj
 0001:00003418       ?Clone@?$CComEnumImpl@UIEnumConnectionPoints@@$1?_GUID_b196b285_bab4_101a_b69c_00aa00341d07@@3U__s_GUID@@BPEAUIConnectionPoint@@V?$_CopyInterface@UIConnectionPoint@@@ATL@@@ATL@@UEAAJPEAPEAUIEnumConnectionPoints@@@Z 0000000180004418 f i POSKeyboard.obj
 0001:00003544       ?QueryInterface@?$CComObject@V?$CComEnum@UIEnumConnectionPoints@@$1?_GUID_b196b285_bab4_101a_b69c_00aa00341d07@@3U__s_GUID@@BPEAUIConnectionPoint@@V?$_CopyInterface@UIConnectionPoint@@@ATL@@VCComSingleThreadModel@6@@ATL@@@ATL@@UEAAJAEBU_GUID@@PEAPEAX@Z 0000000180004544 f i POSKeyboard.obj
 0001:00003558       ??_E?$CComObject@V?$CComEnum@UIEnumConnectionPoints@@$1?_GUID_b196b285_bab4_101a_b69c_00aa00341d07@@3U__s_GUID@@BPEAUIConnectionPoint@@V?$_CopyInterface@UIConnectionPoint@@@ATL@@VCComSingleThreadModel@6@@ATL@@@ATL@@UEAAPEAXI@Z 0000000180004558 f i POSKeyboard.obj
 0001:00003558       ??_G?$CComObject@V?$CComEnum@UIEnumConnectionPoints@@$1?_GUID_b196b285_bab4_101a_b69c_00aa00341d07@@3U__s_GUID@@BPEAUIConnectionPoint@@V?$_CopyInterface@UIConnectionPoint@@@ATL@@VCComSingleThreadModel@6@@ATL@@@ATL@@UEAAPEAXI@Z 0000000180004558 f i POSKeyboard.obj
 0001:000035b0       ?CreateInstance@CComClassFactory@ATL@@UEAAJPEAUIUnknown@@AEBU_GUID@@PEAPEAX@Z 00000001800045b0 f i POSKeyboard.obj
 0001:00003610       ?LockServer@CComClassFactory@ATL@@UEAAJH@Z 0000000180004610 f i POSKeyboard.obj
 0001:00003634       ??_GCComClassFactory@ATL@@UEAAPEAXI@Z 0000000180004634 f i POSKeyboard.obj
 0001:00003634       ??_ECComClassFactory@ATL@@UEAAPEAXI@Z 0000000180004634 f i POSKeyboard.obj
 0001:00003684       ??$AtlModuleRegisterWndClassInfoT@VAtlModuleRegisterWndClassInfoParamW@ATL@@@ATL@@YAGPEAU_ATL_BASE_MODULE70@0@PEAU_ATL_WIN_MODULE70@0@PEAU_ATL_WNDCLASSINFOW@0@PEAP6A_JPEAUHWND__@@I_K_J@ZVAtlModuleRegisterWndClassInfoParamW@0@@Z 0000000180004684 f i POSKeyboard.obj
 0001:00003884       ??0?$CComContainedObject@VCOPOSPOSKeyboard@@@ATL@@QEAA@PEAX@Z 0000000180004884 f i POSKeyboard.obj
 0001:000039a0       ??0?$CComObject@VCOPOSPOSKeyboard@@@ATL@@QEAA@PEAX@Z 00000001800049a0 f i POSKeyboard.obj
 0001:00003ab8       ??0CAtlModule@ATL@@QEAA@XZ 0000000180004ab8 f i POSKeyboard.obj
 0001:00003b2c       ??1?$CComEnumImpl@UIEnumConnectionPoints@@$1?_GUID_b196b285_bab4_101a_b69c_00aa00341d07@@3U__s_GUID@@BPEAUIConnectionPoint@@V?$_CopyInterface@UIConnectionPoint@@@ATL@@@ATL@@UEAA@XZ 0000000180004b2c f i POSKeyboard.obj
 0001:00003b88       ??1?$CComEnumImpl@UIEnumConnections@@$1?_GUID_b196b287_bab4_101a_b69c_00aa00341d07@@3U__s_GUID@@BUtagCONNECTDATA@@V?$_Copy@UtagCONNECTDATA@@@ATL@@@ATL@@UEAA@XZ 0000000180004b88 f i POSKeyboard.obj
 0001:00003be4       ??1?$CComObject@VCOPOSPOSKeyboard@@@ATL@@UEAA@XZ 0000000180004be4 f i POSKeyboard.obj
 0001:00003d04       ??_E?$CComContainedObject@VCOPOSPOSKeyboard@@@ATL@@UEAAPEAXI@Z 0000000180004d04 f i POSKeyboard.obj
 0001:00003d04       ??_G?$CComContainedObject@VCOPOSPOSKeyboard@@@ATL@@UEAAPEAXI@Z 0000000180004d04 f i POSKeyboard.obj
 0001:00003d38       ??_G?$CComObject@VCOPOSPOSKeyboard@@@ATL@@UEAAPEAXI@Z 0000000180004d38 f i POSKeyboard.obj
 0001:00003d38       ??_E?$CComObject@VCOPOSPOSKeyboard@@@ATL@@UEAAPEAXI@Z 0000000180004d38 f i POSKeyboard.obj
 0001:00003d6c       ?Add@?$CSimpleArray@GV?$CSimpleArrayEqualHelper@G@ATL@@@ATL@@QEAAHAEBG@Z 0000000180004d6c f i POSKeyboard.obj
 0001:00003e20       ?Add@?$CSimpleMap@PEA_WPEA_WVCExpansionVectorEqualHelper@ATL@@@ATL@@QEAAHAEBQEA_W0@Z 0000000180004e20 f i POSKeyboard.obj
 0001:00003ec0       ?Add@CComDynamicUnkArray@ATL@@QEAAKPEAUIUnknown@@@Z 0000000180004ec0 f i POSKeyboard.obj
 0001:00003fa8       ?Add@CExpansionVector@ATL@@QEAAHPEB_W0@Z 0000000180004fa8 f i POSKeyboard.obj
 0001:00004138       ?AddValue@CRegParser@ATL@@IEAAJAEAVCRegKey@2@PEB_WPEA_W@Z 0000000180005138 f i POSKeyboard.obj
 0001:00004580       ?AllocateHeap@?$CTempBuffer@_W$0BAA@VCCRTAllocator@ATL@@@ATL@@AEAAX_K@Z 0000000180005580 f i POSKeyboard.obj
 0001:00004580       ?AllocateHeap@?$CTempBuffer@E$0BAA@VCCRTAllocator@ATL@@@ATL@@AEAAX_K@Z 0000000180005580 f i POSKeyboard.obj
 0001:00004580       ?AllocateHeap@?$CTempBuffer@_W$0EAA@VCCRTAllocator@ATL@@@ATL@@AEAAX_K@Z 0000000180005580 f i POSKeyboard.obj
 0001:000045ac       ?Append@CParseBuffer@CRegParser@ATL@@QEAAHPEB_WH@Z 00000001800055ac f i POSKeyboard.obj
 0001:000046c4       ?AtlCallTermFunc@ATL@@YAXPEAU_ATL_MODULE70@1@@Z 00000001800056c4 f i POSKeyboard.obj
 0001:00004728       ?AtlComModuleGetClassObject@ATL@@YAJPEAU_ATL_COM_MODULE70@1@AEBU_GUID@@1PEAPEAX@Z 0000000180005728 f i POSKeyboard.obj
 0001:00004868       ?AtlComModuleRegisterServer@ATL@@YAJPEAU_ATL_COM_MODULE70@1@HPEBU_GUID@@@Z 0000000180005868 f i POSKeyboard.obj
 0001:00004928       ?AtlComModuleUnregisterServer@ATL@@YAJPEAU_ATL_COM_MODULE70@1@HPEBU_GUID@@@Z 0000000180005928 f i POSKeyboard.obj
 0001:000049e4       ?AtlCreateTargetDC@ATL@@YAPEAUHDC__@@PEAU2@PEAUtagDVTARGETDEVICE@@@Z 00000001800059e4 f i POSKeyboard.obj
 0001:00004a58       ?AtlHiMetricToPixel@ATL@@YAXPEBUtagSIZE@@PEAU2@@Z 0000000180005a58 f i POSKeyboard.obj
 0001:00004b08       ?AtlHresultFromLastError@ATL@@YAJXZ 0000000180005b08 f i POSKeyboard.obj
 0001:00004b28       ?AtlHresultFromWin32@ATL@@YAJK@Z 0000000180005b28 f i POSKeyboard.obj
 0001:00004b38       ?AtlIPersistStreamInit_Load@ATL@@YAJPEAUIStream@@PEBUATL_PROPMAP_ENTRY@1@PEAXPEAUIUnknown@@@Z 0000000180005b38 f i POSKeyboard.obj
 0001:00004d70       ?AtlIPersistStreamInit_Save@ATL@@YAJPEAUIStream@@HPEBUATL_PROPMAP_ENTRY@1@PEAXPEAUIUnknown@@@Z 0000000180005d70 f i POSKeyboard.obj
 0001:00004fa8       ?AtlInternalOleLoadFromStream@ATL@@YAJPEAUIStream@@AEBU_GUID@@PEAPEAXTClassesAllowedInStream@1@K@Z 0000000180005fa8 f i POSKeyboard.obj
 0001:000050ec       ?AtlInternalQueryInterface@ATL@@YAJPEAXPEBU_ATL_INTMAP_ENTRY@1@AEBU_GUID@@PEAPEAX@Z 00000001800060ec f i POSKeyboard.obj
 0001:000051f4       ?AtlLoadTypeLib@ATL@@YAJPEAUHINSTANCE__@@PEB_WPEAPEA_WPEAPEAUITypeLib@@@Z 00000001800061f4 f i POSKeyboard.obj
 0001:00005450       ?AtlModuleAddTermFunc@ATL@@YAJPEAU_ATL_MODULE70@1@P6AX_K@Z1@Z 0000000180006450 f i POSKeyboard.obj
 0001:000054e4       ?AtlRegisterClassCategoriesHelper@ATL@@YAJAEBU_GUID@@PEBU_ATL_CATMAP_ENTRY@1@H@Z 00000001800064e4 f i POSKeyboard.obj
 0001:0000594c       ?AtlRegisterTypeLib@ATL@@YAJPEAUHINSTANCE__@@PEB_W@Z 000000018000694c f i POSKeyboard.obj
 0001:00005b48       ?AtlThrowImpl@ATL@@YAXJ@Z  0000000180006b48 f i POSKeyboard.obj
 0001:00005b6c       ?AtlUnRegisterTypeLib@ATL@@YAJPEAUHINSTANCE__@@PEB_W@Z 0000000180006b6c f i POSKeyboard.obj
 0001:00005c34       ?AtlWinModuleExtractCreateWndData@ATL@@YAPEAXPEAU_ATL_WIN_MODULE70@1@@Z 0000000180006c34 f i POSKeyboard.obj
 0001:00005cc0       ?Cleanup@CComTypeInfoHolder@ATL@@SAX_K@Z 0000000180006cc0 f i POSKeyboard.obj
 0001:00005d00       ?ClearReplacements@CExpansionVector@ATL@@QEAAJXZ 0000000180006d00 f i POSKeyboard.obj
 0001:00005d9c       ?CreateInstance@?$CComCreator@V?$CComAggObject@VCOPOSPOSKeyboard@@@ATL@@@ATL@@SAJPEAXAEBU_GUID@@PEAPEAX@Z 0000000180006d9c f i POSKeyboard.obj
 0001:00005e74       ?CreateInstance@?$CComCreator@V?$CComObject@VCOPOSPOSKeyboard@@@ATL@@@ATL@@SAJPEAXAEBU_GUID@@PEAPEAX@Z 0000000180006e74 f i POSKeyboard.obj
 0001:00005f2c       ?CreateInstance@?$CComObject@V?$CComEnum@UIEnumConnectionPoints@@$1?_GUID_b196b285_bab4_101a_b69c_00aa00341d07@@3U__s_GUID@@BPEAUIConnectionPoint@@V?$_CopyInterface@UIConnectionPoint@@@ATL@@VCComSingleThreadModel@6@@ATL@@@ATL@@SAJPEAPEAV12@@Z 0000000180006f2c f i POSKeyboard.obj
 0001:00005fb8       ?CreateInstance@?$CComObject@V?$CComEnum@UIEnumConnections@@$1?_GUID_b196b287_bab4_101a_b69c_00aa00341d07@@3U__s_GUID@@BUtagCONNECTDATA@@V?$_Copy@UtagCONNECTDATA@@@ATL@@VCComSingleThreadModel@6@@ATL@@@ATL@@SAJPEAPEAV12@@Z 0000000180006fb8 f i POSKeyboard.obj
 0001:00006044       ?DefaultReflectionHandler@?$CWindowImplRoot@VCWindow@ATL@@@ATL@@SAHPEAUHWND__@@I_K_JAEA_J@Z 0000000180007044 f i POSKeyboard.obj
 0001:000060a8       ?DeleteSubKey@CRegKey@ATL@@QEAAJPEB_W@Z 00000001800070a8 f i POSKeyboard.obj
 0001:00006140       ?DoEvent@COPOSPOSKeyboard@@IEAAXI_K_J@Z 0000000180007140 f i POSKeyboard.obj
 0001:000061f4       ?DoVerbPrimary@?$IOleObjectImpl@VCOPOSPOSKeyboard@@@ATL@@QEAAJPEBUtagRECT@@PEAUHWND__@@@Z 00000001800071f4 f i POSKeyboard.obj
 0001:00006320       ?DoVerbProperties@CComControlBase@ATL@@QEAAJPEBUtagRECT@@PEAUHWND__@@@Z 0000000180007320 f i POSKeyboard.obj
 0001:00006548       ?FireTheEvent@?$CProxy_IOPOSEvents@VCOPOSPOSKeyboard@@@@IEAAXPEAVOposVariant@@IAEAJPEB_WJ@Z 0000000180007548 f i POSKeyboard.obj
 0001:00006634       ?FireViewChange@CComControlBase@ATL@@QEAAJXZ 0000000180007634 f i POSKeyboard.obj
 0001:00006698       ?Fire_DataEvent@?$CProxy_IOPOSEvents@VCOPOSPOSKeyboard@@@@QEAAXJ@Z 0000000180007698 f i POSKeyboard.obj
 0001:00006784       ?Fire_DirectIOEvent@?$CProxy_IOPOSEvents@VCOPOSPOSKeyboard@@@@QEAAXJPEAJPEAPEA_W@Z 0000000180007784 f i POSKeyboard.obj
 0001:000068dc       ?Fire_ErrorEvent@?$CProxy_IOPOSEvents@VCOPOSPOSKeyboard@@@@QEAAXJJJPEAJ@Z 00000001800078dc f i POSKeyboard.obj
 0001:00006a44       ?Fire_StatusUpdateEvent@?$CProxy_IOPOSEvents@VCOPOSPOSKeyboard@@@@QEAAXJ@Z 0000000180007a44 f i POSKeyboard.obj
 0001:00006b30       ?FreeHeap@?$CTempBuffer@_W$0EAA@VCCRTAllocator@ATL@@@ATL@@AEAAXXZ 0000000180007b30 f i POSKeyboard.obj
 0001:00006b30       ?FreeHeap@?$CTempBuffer@_W$0BAA@VCCRTAllocator@ATL@@@ATL@@AEAAXXZ 0000000180007b30 f i POSKeyboard.obj
 0001:00006b30       ?FreeHeap@?$CTempBuffer@E$0BAA@VCCRTAllocator@ATL@@@ATL@@AEAAXXZ 0000000180007b30 f i POSKeyboard.obj
 0001:00006b38       ?GetAmbientLocaleID@CComControlBase@ATL@@QEAAJAEAK@Z 0000000180007b38 f i POSKeyboard.obj
 0001:00006bf8       ?GetAmbientUserMode@CComControlBase@ATL@@QEAAJAEAH@Z 0000000180007bf8 f i POSKeyboard.obj
 0001:00006cc8       ?GetClassObject@CComModule@ATL@@QEAAJAEBU_GUID@@0PEAPEAX@Z 0000000180007cc8 f i POSKeyboard.obj
 0001:00006dbc       ?GetConnMap@COPOSPOSKeyboard@@SAPEBU_ATL_CONNMAP_ENTRY@ATL@@PEAH@Z 0000000180007dbc f i POSKeyboard.obj
 0001:00006e44       ?GetIDsOfNames@CComTypeInfoHolder@ATL@@QEAAJAEBU_GUID@@PEAPEA_WIKPEAJ@Z 0000000180007e44 f i POSKeyboard.obj
 0001:00006fbc       ?GetPagesHelper@?$ISpecifyPropertyPagesImpl@VCOPOSPOSKeyboard@@@ATL@@IEAAJPEAUtagCAUUID@@PEBUATL_PROPMAP_ENTRY@2@@Z 0000000180007fbc f i POSKeyboard.obj
 0001:0000715c       ?GetSizeMax@CComVariant@ATL@@QEBAJPEAT_ULARGE_INTEGER@@@Z 000000018000815c f i POSKeyboard.obj
 0001:00007390       ?GetTI@CComTypeInfoHolder@ATL@@QEAAJK@Z 0000000180008390 f i POSKeyboard.obj
 0001:00007608       ?GetZoomInfo@CComControlBase@ATL@@QEAAXAEAUATL_DRAWINFO@@@Z 0000000180008608 f i POSKeyboard.obj
 0001:000076ac       ?HKeyFromString@CRegParser@ATL@@KAPEAUHKEY__@@PEA_W@Z 00000001800086ac f i POSKeyboard.obj
 0001:00007710       ?IDataObject_GetData@CComControlBase@ATL@@QEAAJPEAUtagFORMATETC@@PEAUtagSTGMEDIUM@@@Z 0000000180008710 f i POSKeyboard.obj
 0001:00007904       ?IOleInPlaceObject_InPlaceDeactivate@CComControlBase@ATL@@QEAAJXZ 0000000180008904 f i POSKeyboard.obj
 0001:000079a4       ?IOleInPlaceObject_SetObjectRects@CComControlBase@ATL@@QEAAJPEBUtagRECT@@0@Z 00000001800089a4 f i POSKeyboard.obj
 0001:00007a94       ?IOleInPlaceObject_UIDeactivate@CComControlBase@ATL@@QEAAJXZ 0000000180008a94 f i POSKeyboard.obj
 0001:00007ba0       ?IOleObject_Close@CComControlBase@ATL@@QEAAJK@Z 0000000180008ba0 f i POSKeyboard.obj
 0001:00007cb8       ?IOleObject_SetClientSite@CComControlBase@ATL@@QEAAJPEAUIOleClientSite@@@Z 0000000180008cb8 f i POSKeyboard.obj
 0001:00007d30       ?IOleObject_SetExtent@CComControlBase@ATL@@QEAAJKPEAUtagSIZE@@@Z 0000000180008d30 f i POSKeyboard.obj
 0001:00007dc8       ?IPSI_GetIPersistStreamInit@?$IPersistStorageImpl@VCOPOSPOSKeyboard@@@ATL@@AEAAPEAUIPersistStreamInit@@XZ 0000000180008dc8 f i POSKeyboard.obj
 0001:00007e24       ?IQuickActivate_QuickActivate@CComControlBase@ATL@@QEAAJPEAUtagQACONTAINER@@PEAUtagQACONTROL@@@Z 0000000180008e24 f i POSKeyboard.obj
 0001:000080e8       ?IViewObject_Draw@CComControlBase@ATL@@QEAAJKJPEAXPEAUtagDVTARGETDEVICE@@PEAUHDC__@@2PEBU_RECTL@@3@Z 00000001800090e8 f i POSKeyboard.obj
 0001:000081fc       ?InPlaceActivate@CComControlBase@ATL@@QEAAJJPEBUtagRECT@@@Z 00000001800091fc f i POSKeyboard.obj
 0001:00008534       ?Init@?$CComEnumImpl@UIEnumConnectionPoints@@$1?_GUID_b196b285_bab4_101a_b69c_00aa00341d07@@3U__s_GUID@@BPEAUIConnectionPoint@@V?$_CopyInterface@UIConnectionPoint@@@ATL@@@ATL@@QEAAJPEAPEAUIConnectionPoint@@0PEAUIUnknown@@W4CComEnumFlags@2@@Z 0000000180009534 f i POSKeyboard.obj
 0001:00008654       ?Init@?$CComEnumImpl@UIEnumConnections@@$1?_GUID_b196b287_bab4_101a_b69c_00aa00341d07@@3U__s_GUID@@BUtagCONNECTDATA@@V?$_Copy@UtagCONNECTDATA@@@ATL@@@ATL@@QEAAJPEAUtagCONNECTDATA@@0PEAUIUnknown@@W4CComEnumFlags@2@@Z 0000000180009654 f i POSKeyboard.obj
 0001:00008778       ?IsEqualObject@?$CComPtrBase@UIOleClientSite@@@ATL@@QEAA_NPEAUIUnknown@@@Z 0000000180009778 f i POSKeyboard.obj
 0001:00008778       ?IsEqualObject@?$CComPtrBase@UITypeInfo@@@ATL@@QEAA_NPEAUIUnknown@@@Z 0000000180009778 f i POSKeyboard.obj
 0001:00008804       ?LoadNameCache@CComTypeInfoHolder@ATL@@QEAAJPEAUITypeInfo@@@Z 0000000180009804 f i POSKeyboard.obj
 0001:00008988       ?Lookup@?$CSimpleMap@PEA_WPEA_WVCExpansionVectorEqualHelper@ATL@@@ATL@@QEBAPEA_WAEBQEA_W@Z 0000000180009988 f i POSKeyboard.obj
 0001:00008a14       ?NextToken@CRegParser@ATL@@IEAAJPEA_W@Z 0000000180009a14 f i POSKeyboard.obj
 0001:00008bcc       ?OnKillFocus@CComControlBase@ATL@@QEAA_JI_K_JAEAH@Z 0000000180009bcc f i POSKeyboard.obj
 0001:00008c68       ?OnMouseActivate@CComControlBase@ATL@@QEAA_JI_K_JAEAH@Z 0000000180009c68 f i POSKeyboard.obj
 0001:00008d08       ?OnPaint@CComControlBase@ATL@@QEAA_JI_K_JAEAH@Z 0000000180009d08 f i POSKeyboard.obj
 0001:00008df4       ?OnSetFocus@CComControlBase@ATL@@QEAA_JI_K_JAEAH@Z 0000000180009df4 f i POSKeyboard.obj
 0001:00008ef0       ?Open@CRegKey@ATL@@QEAAJPEAUHKEY__@@PEB_WK@Z 0000000180009ef0 f i POSKeyboard.obj
 0001:00008f7c       ?PreProcessBuffer@CRegParser@ATL@@QEAAJPEA_WPEAPEA_W@Z 0000000180009f7c f i POSKeyboard.obj
 0001:00009300       ?ProcessWindowMessage@?$CComControl@VCOPOSPOSKeyboard@@V?$CWindowImpl@VCOPOSPOSKeyboard@@VCWindow@ATL@@V?$CWinTraits@$0FGAAAAAA@$0A@@3@@ATL@@@ATL@@UEAAHPEAUHWND__@@I_K_JAEA_JK@Z 000000018000a300 f i POSKeyboard.obj
 0001:000093e4       ?PutProperty@?$CComPtr@UIDispatch@@@ATL@@SAJPEAUIDispatch@@JPEAUtagVARIANT@@@Z 000000018000a3e4 f i POSKeyboard.obj
 0001:000094e8       ?ReadFromStream@CComBSTR@ATL@@QEAAJPEAUIStream@@@Z 000000018000a4e8 f i POSKeyboard.obj
 0001:00009644       ?ReadFromStream@CComVariant@ATL@@QEAAJPEAUIStream@@GTClassesAllowedInStream@2@K@Z 000000018000a644 f i POSKeyboard.obj
 0001:00009854       ?RecurseDeleteKey@CRegKey@ATL@@QEAAJPEB_W@Z 000000018000a854 f i POSKeyboard.obj
 0001:00009960       ?RegCreateKeyExW@CAtlTransactionManager@ATL@@QEAAJPEAUHKEY__@@PEB_WKPEA_WKKQEAU_SECURITY_ATTRIBUTES@@PEAPEAU3@PEAK@Z 000000018000a960 f i POSKeyboard.obj
 0001:00009a94       ?RegDeleteKeyW@CAtlTransactionManager@ATL@@QEAAJPEAUHKEY__@@PEB_W@Z 000000018000aa94 f i POSKeyboard.obj
 0001:00009b20       ?RegOpenKeyExW@CAtlTransactionManager@ATL@@QEAAJPEAUHKEY__@@PEB_WKKPEAPEAU3@@Z 000000018000ab20 f i POSKeyboard.obj
 0001:00009bd8       ?RegisterBuffer@CRegParser@ATL@@QEAAJPEA_WH@Z 000000018000abd8 f i POSKeyboard.obj
 0001:00009d40       ?RegisterFromResource@CRegObject@ATL@@IEAAJPEB_W00H@Z 000000018000ad40 f i POSKeyboard.obj
 0001:00009efc       ?RegisterServer@CComModule@ATL@@QEAAJHPEBU_GUID@@@Z 000000018000aefc f i POSKeyboard.obj
 0001:00009fbc       ?RegisterSubkeys@CRegParser@ATL@@IEAAJPEA_WPEAUHKEY__@@HH@Z 000000018000afbc f i POSKeyboard.obj
 0001:0000a6b0       ?SendOnDataChange@CComControlBase@ATL@@QEAAJK@Z 000000018000b6b0 f i POSKeyboard.obj
 0001:0000a720       ?SetControlFocus@CComControlBase@ATL@@QEAAHH@Z 000000018000b720 f i POSKeyboard.obj
 0001:0000a7fc       ?SkipAssignment@CRegParser@ATL@@IEAAJPEA_W@Z 000000018000b7fc f i POSKeyboard.obj
 0001:0000a8a0       ?Term@CComModule@ATL@@QEAAXXZ 000000018000b8a0 f i POSKeyboard.obj
 0001:0000a94c       ?UnregisterServer@CComModule@ATL@@QEAAJHPEBU_GUID@@@Z 000000018000b94c f i POSKeyboard.obj
 0001:0000a9fc       ?UpdateRegistryFromResource@CAtlModule@ATL@@QEAAJIHPEAU_ATL_REGMAP_ENTRY@2@@Z 000000018000b9fc f i POSKeyboard.obj
 0001:0000ad34       ?UpdateRegistryFromResource@CAtlModule@ATL@@QEAAJPEB_WHPEAU_ATL_REGMAP_ENTRY@2@@Z 000000018000bd34 f i POSKeyboard.obj
 0001:0000b08c       ?VTFromRegType@CRegParser@ATL@@KAHPEB_WAEAG@Z 000000018000c08c f i POSKeyboard.obj
 0001:0000b128       ?WindowProc@?$CWindowImplBaseT@VCWindow@ATL@@V?$CWinTraits@$0FGAAAAAA@$0A@@2@@ATL@@SA_JPEAUHWND__@@I_K_J@Z 000000018000c128 f i POSKeyboard.obj
 0001:0000b294       ?WriteToStream@CComBSTR@ATL@@QEAAJPEAUIStream@@@Z 000000018000c294 f i POSKeyboard.obj
 0001:0000b314       ?WriteToStream@CComVariant@ATL@@QEAAJPEAUIStream@@@Z 000000018000c314 f i POSKeyboard.obj
 0001:0000b528       ?WriteToStream@CComVariant@ATL@@QEAAJPEAUIStream@@G@Z 000000018000c528 f i POSKeyboard.obj
 0001:0000b5c0       ?_AtlVerifyStackAvailable@_ATL_SAFE_ALLOCA_IMPL@ATL@@YA_N_K@Z 000000018000c5c0 f i POSKeyboard.obj
 0001:0000b644       ?atlCreate@?$CWindowImpl@VCOPOSPOSKeyboard@@VCWindow@ATL@@V?$CWinTraits@$0FGAAAAAA@$0A@@3@@ATL@@QEAAPEAUHWND__@@PEAU3@V_U_RECT@2@PEB_WKKV_U_MENUorID@2@PEAX@Z 000000018000c644 f i POSKeyboard.obj
 0001:0000b6f4       ?atlCreate@?$CWindowImplBaseT@VCWindow@ATL@@V?$CWinTraits@$0FGAAAAAA@$0A@@2@@ATL@@QEAAPEAUHWND__@@PEAU3@V_U_RECT@2@PEB_WKKV_U_MENUorID@2@GPEAX@Z 000000018000c6f4 f i POSKeyboard.obj
 0001:0000b864       ?atlCreate@CRegKey@ATL@@QEAAJPEAUHKEY__@@PEB_WPEA_WKKPEAU_SECURITY_ATTRIBUTES@@PEAK@Z 000000018000c864 f i POSKeyboard.obj
 0001:0000b950       DllCanUnloadNow            000000018000c950 f   POSKeyboard.obj
 0001:0000b95c       DllGetClassObject          000000018000c95c f   POSKeyboard.obj
 0001:0000b974       DllMain                    000000018000c974 f   POSKeyboard.obj
 0001:0000ba1c       DllRegisterServer          000000018000ca1c f   POSKeyboard.obj
 0001:0000ba30       DllUnregisterServer        000000018000ca30 f   POSKeyboard.obj
 0001:0000ba44       __local_stdio_printf_options 000000018000ca44 f i POSKeyboard.obj
 0001:0000bad4       swprintf_s                 000000018000cad4 f i POSKeyboard.obj
 0001:0000bb28       ??0COPOSPOSKeyboard@@QEAA@XZ 000000018000cb28 f   POSKeyboardImpl.obj
 0001:0000bbf0       ??1?$IConnectionPointImpl@VCOPOSPOSKeyboard@@$1?DIID__IOPOSPOSKeyboardEvents@@3U_GUID@@BVCComDynamicUnkArray@ATL@@@ATL@@QEAA@XZ 000000018000cbf0 f i POSKeyboardImpl.obj
 0001:0000bbf0       ??1?$IConnectionPointImpl@VCOPOSPOSKeyboard@@$1?IID_IPropertyNotifySink@@3U_GUID@@BVCComDynamicUnkArray@ATL@@@ATL@@QEAA@XZ 000000018000cbf0 f i POSKeyboardImpl.obj
 0001:0000bc4c       ??1CComControlBase@ATL@@UEAA@XZ 000000018000cc4c f i POSKeyboardImpl.obj
 0001:0000bcc8       ??1COPOSPOSKeyboard@@UEAA@XZ 000000018000ccc8 f   POSKeyboardImpl.obj
 0001:0000bd2c       ?CheckHealth@COPOSPOSKeyboard@@UEAAJJPEAJ@Z 000000018000cd2c f   POSKeyboardImpl.obj
 0001:0000bda8       ?ClaimDevice@COPOSPOSKeyboard@@UEAAJJPEAJ@Z 000000018000cda8 f   POSKeyboardImpl.obj
 0001:0000be48       ?ClearInput@COPOSPOSKeyboard@@UEAAJPEAJ@Z 000000018000ce48 f   POSKeyboardImpl.obj
 0001:0000be70       ?Close@COPOSPOSKeyboard@@UEAAJPEAJ@Z 000000018000ce70 f   POSKeyboardImpl.obj
 0001:0000bf28       ?CompareFirmwareVersion@COPOSPOSKeyboard@@UEAAJPEA_WPEAJ1@Z 000000018000cf28 f   POSKeyboardImpl.obj
 0001:0000c004       ?DirectIO@COPOSPOSKeyboard@@UEAAJJPEAJPEAPEA_W0@Z 000000018000d004 f   POSKeyboardImpl.obj
 0001:0000c100       ?DoInvoke@COPOSPOSKeyboard@@IEAAJJPEAVOposVariant@@IHPEAJ_N@Z 000000018000d100 f   POSKeyboardImpl.obj
 0001:0000c234       ?EventInit@COPOSPOSKeyboard@@IEAAJXZ 000000018000d234 f i POSKeyboardImpl.obj
 0001:0000c37c       ?EventUninit@COPOSPOSKeyboard@@IEAAXXZ 000000018000d37c f i POSKeyboardImpl.obj
 0001:0000c3e0       ?EventWindowProc@COPOSPOSKeyboard@@IEAA_JI_K_J@Z 000000018000d3e0 f i POSKeyboardImpl.obj
 0001:0000c56c       ?FinalConstruct@COPOSPOSKeyboard@@QEAAJXZ 000000018000d56c f   POSKeyboardImpl.obj
 0001:0000c5a8       ?FreezeEvents@COPOSPOSKeyboard@@MEAAJH@Z 000000018000d5a8 f   POSKeyboardImpl.obj
 0001:0000c61c       ?GetOposProp@COPOSPOSKeyboard@@IEAAJJPEAJJ@Z 000000018000d61c f   POSKeyboardImpl.obj
 0001:0000c738       ?GetOposProp@COPOSPOSKeyboard@@IEAAJJPEAPEA_WJ@Z 000000018000d738 f   POSKeyboardImpl.obj
 0001:0000c864       ?OnDraw@COPOSPOSKeyboard@@MEAAJAEAUATL_DRAWINFO@@@Z 000000018000d864 f   POSKeyboardImpl.obj
 0001:0000c950       ?Open@COPOSPOSKeyboard@@UEAAJPEA_WPEAJ@Z 000000018000d950 f   POSKeyboardImpl.obj
 0001:0000d1cc       ?ReleaseDevice@COPOSPOSKeyboard@@UEAAJPEAJ@Z 000000018000e1cc f   POSKeyboardImpl.obj
 0001:0000d238       ?ResetStatistics@COPOSPOSKeyboard@@UEAAJPEA_WPEAJ@Z 000000018000e238 f   POSKeyboardImpl.obj
 0001:0000d2c0       ?RetrieveStatistics@COPOSPOSKeyboard@@UEAAJPEAPEA_WPEAJ@Z 000000018000e2c0 f   POSKeyboardImpl.obj
 0001:0000d348       ?SOProcessID@COPOSPOSKeyboard@@UEAAJPEAJ@Z 000000018000e348 f   POSKeyboardImpl.obj
 0001:0000d364       ?SetCOFreezeEvents@COPOSPOSKeyboard@@IEAAXF@Z 000000018000e364 f   POSKeyboardImpl.obj
 0001:0000d448       ?SetOposProp@COPOSPOSKeyboard@@IEAAJJJJ@Z 000000018000e448 f   POSKeyboardImpl.obj
 0001:0000d5a8       ?UpdateFirmware@COPOSPOSKeyboard@@UEAAJPEA_WPEAJ@Z 000000018000e5a8 f   POSKeyboardImpl.obj
 0001:0000d630       ?UpdateStatistics@COPOSPOSKeyboard@@UEAAJPEA_WPEAJ@Z 000000018000e630 f   POSKeyboardImpl.obj
 0001:0000d6b8       ?get_AutoDisable@COPOSPOSKeyboard@@UEAAJPEAF@Z 000000018000e6b8 f   POSKeyboardImpl.obj
 0001:0000d6ec       ?get_BinaryConversion@COPOSPOSKeyboard@@UEAAJPEAJ@Z 000000018000e6ec f   POSKeyboardImpl.obj
 0001:0000d700       ?get_CapCompareFirmwareVersion@COPOSPOSKeyboard@@UEAAJPEAF@Z 000000018000e700 f   POSKeyboardImpl.obj
 0001:0000d734       ?get_CapKeyUp@COPOSPOSKeyboard@@UEAAJPEAF@Z 000000018000e734 f   POSKeyboardImpl.obj
 0001:0000d768       ?get_CapPowerReporting@COPOSPOSKeyboard@@UEAAJPEAJ@Z 000000018000e768 f   POSKeyboardImpl.obj
 0001:0000d77c       ?get_CapStatisticsReporting@COPOSPOSKeyboard@@UEAAJPEAF@Z 000000018000e77c f   POSKeyboardImpl.obj
 0001:0000d7b0       ?get_CapUpdateFirmware@COPOSPOSKeyboard@@UEAAJPEAF@Z 000000018000e7b0 f   POSKeyboardImpl.obj
 0001:0000d7e4       ?get_CapUpdateStatistics@COPOSPOSKeyboard@@UEAAJPEAF@Z 000000018000e7e4 f   POSKeyboardImpl.obj
 0001:0000d818       ?get_CheckHealthText@COPOSPOSKeyboard@@UEAAJPEAPEA_W@Z 000000018000e818 f   POSKeyboardImpl.obj
 0001:0000d82c       ?get_Claimed@COPOSPOSKeyboard@@UEAAJPEAF@Z 000000018000e82c f   POSKeyboardImpl.obj
 0001:0000d85c       ?get_ControlObjectDescription@COPOSPOSKeyboard@@UEAAJPEAPEA_W@Z 000000018000e85c f   POSKeyboardImpl.obj
 0001:0000d8c0       ?get_ControlObjectVersion@COPOSPOSKeyboard@@UEAAJPEAJ@Z 000000018000e8c0 f   POSKeyboardImpl.obj
 0001:0000d8cc       ?get_DataCount@COPOSPOSKeyboard@@UEAAJPEAJ@Z 000000018000e8cc f   POSKeyboardImpl.obj
 0001:0000d8e0       ?get_DataEventEnabled@COPOSPOSKeyboard@@UEAAJPEAF@Z 000000018000e8e0 f   POSKeyboardImpl.obj
 0001:0000d914       ?get_DeviceDescription@COPOSPOSKeyboard@@UEAAJPEAPEA_W@Z 000000018000e914 f   POSKeyboardImpl.obj
 0001:0000d928       ?get_DeviceEnabled@COPOSPOSKeyboard@@UEAAJPEAF@Z 000000018000e928 f   POSKeyboardImpl.obj
 0001:0000d95c       ?get_DeviceName@COPOSPOSKeyboard@@UEAAJPEAPEA_W@Z 000000018000e95c f   POSKeyboardImpl.obj
 0001:0000d970       ?get_EventTypes@COPOSPOSKeyboard@@UEAAJPEAJ@Z 000000018000e970 f   POSKeyboardImpl.obj
 0001:0000d984       ?get_FreezeEvents@COPOSPOSKeyboard@@UEAAJPEAF@Z 000000018000e984 f   POSKeyboardImpl.obj
 0001:0000d9b4       ?get_OpenResult@COPOSPOSKeyboard@@UEAAJPEAJ@Z 000000018000e9b4 f   POSKeyboardImpl.obj
 0001:0000d9c0       ?get_POSKeyData@COPOSPOSKeyboard@@UEAAJPEAJ@Z 000000018000e9c0 f   POSKeyboardImpl.obj
 0001:0000d9d4       ?get_POSKeyEventType@COPOSPOSKeyboard@@UEAAJPEAJ@Z 000000018000e9d4 f   POSKeyboardImpl.obj
 0001:0000d9e8       ?get_PowerNotify@COPOSPOSKeyboard@@UEAAJPEAJ@Z 000000018000e9e8 f   POSKeyboardImpl.obj
 0001:0000d9fc       ?get_PowerState@COPOSPOSKeyboard@@UEAAJPEAJ@Z 000000018000e9fc f   POSKeyboardImpl.obj
 0001:0000da10       ?get_ResultCode@COPOSPOSKeyboard@@UEAAJPEAJ@Z 000000018000ea10 f   POSKeyboardImpl.obj
 0001:0000da4c       ?get_ResultCodeExtended@COPOSPOSKeyboard@@UEAAJPEAJ@Z 000000018000ea4c f   POSKeyboardImpl.obj
 0001:0000da60       ?get_ServiceObjectDescription@COPOSPOSKeyboard@@UEAAJPEAPEA_W@Z 000000018000ea60 f   POSKeyboardImpl.obj
 0001:0000da74       ?get_ServiceObjectVersion@COPOSPOSKeyboard@@UEAAJPEAJ@Z 000000018000ea74 f   POSKeyboardImpl.obj
 0001:0000da88       ?get_State@COPOSPOSKeyboard@@UEAAJPEAJ@Z 000000018000ea88 f   POSKeyboardImpl.obj
 0001:0000dab4       ?put_AutoDisable@COPOSPOSKeyboard@@UEAAJF@Z 000000018000eab4 f   POSKeyboardImpl.obj
 0001:0000dacc       ?put_BinaryConversion@COPOSPOSKeyboard@@UEAAJJ@Z 000000018000eacc f   POSKeyboardImpl.obj
 0001:0000dae0       ?put_DataEventEnabled@COPOSPOSKeyboard@@UEAAJF@Z 000000018000eae0 f   POSKeyboardImpl.obj
 0001:0000daf8       ?put_DeviceEnabled@COPOSPOSKeyboard@@UEAAJF@Z 000000018000eaf8 f   POSKeyboardImpl.obj
 0001:0000db10       ?put_EventTypes@COPOSPOSKeyboard@@UEAAJJ@Z 000000018000eb10 f   POSKeyboardImpl.obj
 0001:0000db24       ?put_FreezeEvents@COPOSPOSKeyboard@@UEAAJF@Z 000000018000eb24 f   POSKeyboardImpl.obj
 0001:0000db74       ?put_PowerNotify@COPOSPOSKeyboard@@UEAAJJ@Z 000000018000eb74 f   POSKeyboardImpl.obj
 0001:0000db88       ?s_EventWindowProc@COPOSPOSKeyboard@@KA_JPEAUHWND__@@I_K_J@Z 000000018000eb88 f i POSKeyboardImpl.obj
 0001:0000dc04       ??_U@YAPEAX_K@Z            000000018000ec04 f   LIBCMT:new_array.obj
 0001:0000dc0c       ??_V@YAXPEAX@Z             000000018000ec0c f   LIBCMT:delete_array.obj
 0001:0000dc0c       ??3@YAXPEAX_K@Z            000000018000ec0c f   LIBCMT:delete_scalar_size.obj
 0001:0000dc14       ??_V@YAXPEAX_K@Z           000000018000ec14 f   LIBCMT:delete_array_size.obj
 0001:0000dc1c       __scrt_acquire_startup_lock 000000018000ec1c f   LIBCMT:utility.obj
 0001:0000dc58       __scrt_dllmain_after_initialize_c 000000018000ec58 f   LIBCMT:utility.obj
 0001:0000dc8c       __scrt_dllmain_before_initialize_c 000000018000ec8c f   LIBCMT:utility.obj
 0001:0000dca4       __scrt_dllmain_crt_thread_attach 000000018000eca4 f   LIBCMT:utility.obj
 0001:0000dccc       __scrt_dllmain_crt_thread_detach 000000018000eccc f   LIBCMT:utility.obj
 0001:0000dce4       __scrt_dllmain_exception_filter 000000018000ece4 f   LIBCMT:utility.obj
 0001:0000dd44       __scrt_dllmain_uninitialize_c 000000018000ed44 f   LIBCMT:utility.obj
 0001:0000dd74       __scrt_dllmain_uninitialize_critical 000000018000ed74 f   LIBCMT:utility.obj
 0001:0000dd88       __scrt_initialize_crt      000000018000ed88 f   LIBCMT:utility.obj
 0001:0000ddd4       __scrt_initialize_onexit_tables 000000018000edd4 f   LIBCMT:utility.obj
 0001:0000de60       __scrt_is_nonwritable_in_current_image 000000018000ee60 f   LIBCMT:utility.obj
 0001:0000def8       __scrt_release_startup_lock 000000018000eef8 f   LIBCMT:utility.obj
 0001:0000df1c       __scrt_uninitialize_crt    000000018000ef1c f   LIBCMT:utility.obj
 0001:0000df48       _onexit                    000000018000ef48 f   LIBCMT:utility.obj
 0001:0000df84       atexit                     000000018000ef84 f   LIBCMT:utility.obj
 0001:0000df9c       ??3@YAXPEAX@Z              000000018000ef9c f   LIBCMT:delete_scalar.obj
 0001:0000e09c       _Init_thread_footer        000000018000f09c f   LIBCMT:thread_safe_statics.obj
 0001:0000e0fc       _Init_thread_header        000000018000f0fc f   LIBCMT:thread_safe_statics.obj
 0001:0000e164       _Init_thread_notify        000000018000f164 f   LIBCMT:thread_safe_statics.obj
 0001:0000e1a8       _Init_thread_wait          000000018000f1a8 f   LIBCMT:thread_safe_statics.obj
 0001:0000e20c       __raise_securityfailure    000000018000f20c f   LIBCMT:gs_report.obj
 0001:0000e240       __report_gsfailure         000000018000f240 f   LIBCMT:gs_report.obj
 0001:0000e314       __report_rangecheckfailure 000000018000f314 f   LIBCMT:gs_report.obj
 0001:0000e328       __report_securityfailure   000000018000f328 f   LIBCMT:gs_report.obj
 0001:0000e4a8       ??2@YAPEAX_KAEBUnothrow_t@std@@@Z 000000018000f4a8 f   LIBCMT:new_scalar_nothrow.obj
 0001:0000e4c8       ??_U@YAPEAX_KAEBUnothrow_t@std@@@Z 000000018000f4c8 f   LIBCMT:new_array_nothrow.obj
 0001:0000e4d0       __GSHandlerCheck           000000018000f4d0 f   LIBCMT:gshandler.obj
 0001:0000e4f0       __GSHandlerCheckCommon     000000018000f4f0 f   LIBCMT:gshandler.obj
 0001:0000e54c       __GSHandlerCheck_SEH       000000018000f54c f   LIBCMT:gshandlerseh.obj
 0001:0000e5f0       __chkstk                   000000018000f5f0 f   LIBCMT:chkstk.obj
 0001:0000e5f0       _alloca_probe              000000018000f5f0 f   LIBCMT:chkstk.obj
 0001:0000e660       __security_check_cookie    000000018000f660 f   LIBCMT:amdsecgs.obj
 0001:0000e9a4       _DllMainCRTStartup         000000018000f9a4 f   LIBCMT:dll_dllmain.obj
 0001:0000e9e4       ??2@YAPEAX_K@Z             000000018000f9e4 f   LIBCMT:new_scalar.obj
 0001:0000ea20       __isa_available_init       000000018000fa20 f   LIBCMT:cpu_disp.obj
 0001:0000eb9c       __scrt_is_ucrt_dll_in_use  000000018000fb9c f   LIBCMT:ucrt_detection.obj
 0001:0000eba8       __crt_debugger_hook        000000018000fba8 f   LIBCMT:utility_desktop.obj
 0001:0000ebb0       __scrt_fastfail            000000018000fbb0 f   LIBCMT:utility_desktop.obj
 0001:0000ecfc       __security_init_cookie     000000018000fcfc f   LIBCMT:gs_support.obj
 0001:0000eda8       ?__scrt_initialize_type_info@@YAXXZ 000000018000fda8 f   LIBCMT:tncleanup.obj
 0001:0000edb8       ?__scrt_uninitialize_type_info@@YAXXZ 000000018000fdb8 f   LIBCMT:tncleanup.obj
 0001:0000edc4       __local_stdio_scanf_options 000000018000fdc4 f i LIBCMT:default_local_stdio_options.obj
 0001:0000edcc       __scrt_initialize_default_local_stdio_options 000000018000fdcc f   LIBCMT:default_local_stdio_options.obj
 0001:0000ede8       __scrt_get_dyn_tls_init_callback 000000018000fde8 f   LIBCMT:dyn_tls_init.obj
 0001:0000edf0       _RTC_Initialize            000000018000fdf0 f   LIBCMT:initsect.obj
 0001:0000ee2c       _RTC_Terminate             000000018000fe2c f   LIBCMT:initsect.obj
 0001:0000ee68       ??0bad_alloc@std@@QEAA@AEBV01@@Z 000000018000fe68 f i LIBCMT:throw_bad_alloc.obj
 0001:0000eea4       ??0bad_alloc@std@@QEAA@XZ  000000018000fea4 f i LIBCMT:throw_bad_alloc.obj
 0001:0000eec4       ??0bad_array_new_length@std@@QEAA@AEBV01@@Z 000000018000fec4 f i LIBCMT:throw_bad_alloc.obj
 0001:0000ef00       ??0bad_array_new_length@std@@QEAA@XZ 000000018000ff00 f i LIBCMT:throw_bad_alloc.obj
 0001:0000ef20       ??0exception@std@@QEAA@AEBV01@@Z 000000018000ff20 f i LIBCMT:throw_bad_alloc.obj
 0001:0000ef54       ??1bad_exception@std@@UEAA@XZ 000000018000ff54 f i libvcruntime:frame.obj
 0001:0000ef54       ??1bad_alloc@std@@UEAA@XZ  000000018000ff54 f i LIBCMT:throw_bad_alloc.obj
 0001:0000ef54       ??1bad_array_new_length@std@@UEAA@XZ 000000018000ff54 f i LIBCMT:throw_bad_alloc.obj
 0001:0000ef68       ??_Gbad_array_new_length@std@@UEAAPEAXI@Z 000000018000ff68 f i LIBCMT:throw_bad_alloc.obj
 0001:0000ef68       ??_Ebad_alloc@std@@UEAAPEAXI@Z 000000018000ff68 f i LIBCMT:throw_bad_alloc.obj
 0001:0000ef68       ??_Ebad_exception@std@@UEAAPEAXI@Z 000000018000ff68 f i libvcruntime:frame.obj
 0001:0000ef68       ??_Gbad_alloc@std@@UEAAPEAXI@Z 000000018000ff68 f i LIBCMT:throw_bad_alloc.obj
 0001:0000ef68       ??_Gbad_exception@std@@UEAAPEAXI@Z 000000018000ff68 f i libvcruntime:frame.obj
 0001:0000ef68       ??_Gexception@std@@UEAAPEAXI@Z 000000018000ff68 f i LIBCMT:throw_bad_alloc.obj
 0001:0000ef68       ??_Eexception@std@@UEAAPEAXI@Z 000000018000ff68 f i LIBCMT:throw_bad_alloc.obj
 0001:0000ef68       ??_Ebad_array_new_length@std@@UEAAPEAXI@Z 000000018000ff68 f i LIBCMT:throw_bad_alloc.obj
 0001:0000efac       ?__scrt_throw_std_bad_alloc@@YAXXZ 000000018000ffac f   LIBCMT:throw_bad_alloc.obj
 0001:0000efcc       ?__scrt_throw_std_bad_array_new_length@@YAXXZ 000000018000ffcc f   LIBCMT:throw_bad_alloc.obj
 0001:0000efec       ?what@exception@std@@UEBAPEBDXZ 000000018000ffec f i LIBCMT:throw_bad_alloc.obj
 0001:0000f000       ??_Gtype_info@@UEAAPEAXI@Z 0000000180010000 f i LIBCMT:std_type_info_static.obj
 0001:0000f000       ??_Etype_info@@UEAAPEAXI@Z 0000000180010000 f i LIBCMT:std_type_info_static.obj
 0001:0000f02c       ??0CAtlBaseModule@ATL@@QEAA@XZ 000000018001002c f   atls:atlbase.obj
 0001:0000f0d4       ??1CAtlBaseModule@ATL@@QEAA@XZ 00000001800100d4 f   atls:atlbase.obj
 0001:0000f208       ?__AllocStdCallThunk_cmn@@YAPEAXXZ 0000000180010208 f   atls:atlthunk.obj
 0001:0000f360       AtlThunk_AllocateData      0000000180010360 f   atls:atlthunk.obj
 0001:0000f3dc       AtlThunk_DataToCode        00000001800103dc f   atls:atlthunk.obj
 0001:0000f430       AtlThunk_FreeData          0000000180010430 f   atls:atlthunk.obj
 0001:0000f490       AtlThunk_InitData          0000000180010490 f   atls:atlthunk.obj
 0001:0000f538       _purecall                  0000000180010538 f   libvcruntime:purevirt.obj
 0001:0000f554       wcsstr                     0000000180010554 f   libvcruntime:wcsstr.obj
 0001:0000f780       memcmp                     0000000180010780 f   libvcruntime:memcmp.obj
 0001:0000f860       memcpy_repmovs             0000000180010860 f   libvcruntime:memcpy.obj
 0001:0000f880       memmove                    0000000180010880 f   libvcruntime:memcpy.obj
 0001:0000f880       memcpy                     0000000180010880 f   libvcruntime:memcpy.obj
 0001:0000fc70       memset_repmovs             0000000180010c70 f   libvcruntime:memset.obj
 0001:0000fc90       memset                     0000000180010c90 f   libvcruntime:memset.obj
 0001:0000fe20       __vcrt_initialize          0000000180010e20 f   libvcruntime:initialization.obj
 0001:0000fe48       __vcrt_thread_attach       0000000180010e48 f   libvcruntime:initialization.obj
 0001:0000fe5c       __vcrt_thread_detach       0000000180010e5c f   libvcruntime:initialization.obj
 0001:0000fe70       __vcrt_uninitialize        0000000180010e70 f   libvcruntime:initialization.obj
 0001:0000fe8c       __vcrt_uninitialize_critical 0000000180010e8c f   libvcruntime:initialization.obj
 0001:0000fe9c       __C_specific_handler       0000000180010e9c f   libvcruntime:riscchandler.obj
 0001:000100a8       ??$_CallSETranslator@V__FrameHandler3@@@@YAHPEAUEHExceptionRecord@@PEA_KPEAU_CONTEXT@@PEAU_xDISPATCHER_CONTEXT@@PEBU_s_FuncInfo@@K1@Z 00000001800110a8 f i libvcruntime:risctrnsctrl.obj
 0001:000100fc       ?CatchTryBlock@__FrameHandler3@@SAPEBU_s_TryBlockMapEntry@@PEBU_s_FuncInfo@@H@Z 00000001800110fc f   libvcruntime:risctrnsctrl.obj
 0001:00010150       ?ExecutionInCatch@__FrameHandler3@@SA_NPEAU_xDISPATCHER_CONTEXT@@PEBU_s_FuncInfo@@@Z 0000000180011150 f   libvcruntime:risctrnsctrl.obj
 0001:0001017c       ?FrameUnwindToEmptyState@__FrameHandler3@@SAXPEA_KPEAU_xDISPATCHER_CONTEXT@@PEBU_s_FuncInfo@@@Z 000000018001117c f   libvcruntime:risctrnsctrl.obj
[...]
 0004:00001764       $pdata$__acrt_SetThreadStackGuarantee 0000000180034764     libucrt:winapi_thunks.obj
 0004:00001770       $pdata$?try_get_function@@YAPEAXW4function_id@?A0x391cf84c@@QEBDQEBW4module_id@2@2@Z 0000000180034770     libucrt:winapi_thunks.obj
 0004:0000177c       $pdata$wcstol              000000018003477c     libucrt:strtox.obj
 0004:00001788       $pdata$_mbtowc_l           0000000180034788     libucrt:mbtowc.obj
 0004:00001794       $pdata$__acrt_update_locale_info 0000000180034794     libucrt:locale_update.obj
 0004:000017a0       $pdata$__acrt_update_multibyte_info 00000001800347a0     libucrt:locale_update.obj
 0004:000017ac       $pdata$__acrt_fp_format    00000001800347ac     libucrt:cvt.obj
 0004:000017b8       $pdata$?fp_format_e_internal@@YAHQEAD_KH_NIQEAU_strflt@@2QEAU__crt_locale_pointers@@@Z 00000001800347b8     libucrt:cvt.obj
 0004:000017c4       $pdata$?fp_format_e@@YAHQEBNQEAD_K12H_NIQEAU__crt_locale_pointers@@@Z 00000001800347c4     libucrt:cvt.obj
 0004:000017d0       $pdata$?fp_format_a@@YAHQEBNPEAD_KQEAD2H_NIQEAU__crt_locale_pointers@@@Z 00000001800347d0     libucrt:cvt.obj
 0004:000017dc       $pdata$?fp_format_f_internal@@YAHQEAD_KHQEAU_strflt@@_NQEAU__crt_locale_pointers@@@Z 00000001800347dc     libucrt:cvt.obj
 0004:000017e8       $pdata$?fp_format_g@@YAHQEBNQEAD_K12H_NIQEAU__crt_locale_pointers@@@Z 00000001800347e8     libucrt:cvt.obj
 0004:000017f4       $pdata$_fileno             00000001800347f4     libucrt:fileno.obj
 0004:00001800       $pdata$__acrt_initialize_stdio 0000000180034800     libucrt:_file.obj
 0004:0000180c       $pdata$__acrt_uninitialize_stdio 000000018003480c     libucrt:_file.obj
 0004:00001818       $pdata$__acrt_uninitialize_locale 0000000180034818     libucrt:wsetlocale.obj
 0004:00001824       $pdata$??$?RV<lambda_410d79af7f07d98d83a3f525b3859a53>@@AEAV<lambda_3e16ef9562a7dcce91392c22ab16ea36>@@V<lambda_38119f0e861e05405d8a144b9b982f0a>@@@?$__crt_seh_guarded_call@X@@QEAAX$$QEAV<lambda_410d79af7f07d98d83a3f525b3859a53>@@AEAV<lambda_3e16ef9562a7dcce91392c22ab16ea36>@@$$QEAV<lambda_38119f0e861e05405d8a144b9b982f0a>@@@Z 0000000180034824     libucrt:wsetlocale.obj
 0004:00001830       $pdata$?fin$0@?0???$?RV<lambda_410d79af7f07d98d83a3f525b3859a53>@@AEAV<lambda_3e16ef9562a7dcce91392c22ab16ea36>@@V<lambda_38119f0e861e05405d8a144b9b982f0a>@@@?$__crt_seh_guarded_call@X@@QEAAX$$QEAV<lambda_410d79af7f07d98d83a3f525b3859a53>@@AEAV<lambda_3e16ef9562a7dcce91392c22ab16ea36>@@$$QEAV<lambda_38119f0e861e05405d8a144b9b982f0a>@@@Z@4HA 0000000180034830     libucrt:wsetlocale.obj
 0004:0000183c       $pdata$__acrt_initialize_lowio 000000018003483c     libucrt:ioinit.obj
 0004:00001848       $pdata$__acrt_lowio_ensure_fh_exists$fin$0 0000000180034848     libucrt:osfinfo.obj
 0004:00001848       $pdata$__acrt_initialize_lowio$fin$0 0000000180034848     libucrt:ioinit.obj
 0004:00001854       $pdata$__acrt_uninitialize_lowio 0000000180034854     libucrt:ioinit.obj
 0004:00001860       $pdata$?initialize_inherited_file_handles_nolock@@YAXXZ 0000000180034860     libucrt:ioinit.obj
 0004:0000186c       $pdata$?initialize_stdio_handles_nolock@@YAXXZ 000000018003486c     libucrt:ioinit.obj
 0004:00001878       $pdata$__acrt_initialize_locks 0000000180034878     libucrt:locks.obj
 0004:00001884       $pdata$__acrt_uninitialize_locks 0000000180034884     libucrt:locks.obj
 0004:00001890       $pdata$__acrt_get_process_end_policy 0000000180034890     libucrt:win_policies.obj
 0004:0000189c       $pdata$??$__acrt_mbs_to_wcs_cp@U__crt_win32_buffer_internal_dynamic_resizing@@@@YAHQEBDAEAV?$__crt_win32_buffer@_WU__crt_win32_buffer_internal_dynamic_resizing@@@@I@Z 000000018003489c     libucrt:argv_wildcards.obj
 0004:000018a8       $pdata$??$__acrt_wcs_to_mbs_cp@U__crt_win32_buffer_internal_dynamic_resizing@@@@YAHQEB_WAEAV?$__crt_win32_buffer@DU__crt_win32_buffer_internal_dynamic_resizing@@@@I@Z 00000001800348a8     libucrt:argv_wildcards.obj
 0004:000018b4       $pdata$??$common_expand_argv_wildcards@D@@YAHQEAPEADQEAPEAPEAD@Z 00000001800348b4     libucrt:argv_wildcards.obj
 0004:000018c0       $pdata$??$copy_and_add_argument_to_buffer@D@@YAHQEBD0_KAEAV?$argument_list@D@?A0x5f5c8891@@@Z 00000001800348c0     libucrt:argv_wildcards.obj
 0004:000018cc       $pdata$??$expand_argument_wildcards@D@@YAHQEAD0AEAV?$argument_list@D@?A0x5f5c8891@@@Z 00000001800348cc     libucrt:argv_wildcards.obj
 0004:000018d8       $pdata$__acrt_GetModuleFileNameA 00000001800348d8     libucrt:getmodulefilenamea.obj
 0004:000018e4       $pdata$??$__acrt_wcs_to_mbs_cp@U__crt_win32_buffer_no_resizing@@@@YAHQEB_WAEAV?$__crt_win32_buffer@DU__crt_win32_buffer_no_resizing@@@@I@Z 00000001800348e4     libucrt:getmodulefilenamea.obj
 0004:000018f0       $pdata$__acrt_update_thread_multibyte_data 00000001800348f0     libucrt:mbctype.obj
 0004:000018fc       $pdata$__acrt_initialize_multibyte 00000001800348fc     libucrt:mbctype.obj
 0004:00001908       $pdata$_setmbcp_nolock     0000000180034908     libucrt:mbctype.obj
 0004:00001914       $pdata$?getSystemCP@@YAHH@Z 0000000180034914     libucrt:mbctype.obj
 0004:00001920       $pdata$?setSBCS@@YAXPEAU__crt_multibyte_data@@@Z 0000000180034920     libucrt:mbctype.obj
 0004:0000192c       $pdata$?update_thread_multibyte_data_internal@@YAPEAU__crt_multibyte_data@@QEAU__acrt_ptd@@QEAPEAU1@@Z 000000018003492c     libucrt:mbctype.obj
 0004:00001938       $pdata$?fin$0@?0??update_thread_multibyte_data_internal@@YAPEAU__crt_multibyte_data@@QEAU__acrt_ptd@@QEAPEAU1@@Z@4HA 0000000180034938     libucrt:mbctype.obj
 0004:00001944       $pdata$?setmbcp_internal@@YAHH_NQEAU__acrt_ptd@@QEAPEAU__crt_multibyte_data@@@Z 0000000180034944     libucrt:mbctype.obj
 0004:00001950       $pdata$?setSBUpLow@@YAXPEAU__crt_multibyte_data@@@Z 0000000180034950     libucrt:mbctype.obj
 0004:0000195c       $pdata$??$?RV<lambda_efdfa57d1f175319df784efa44bb7b81>@@AEAV<lambda_5f0a4c1567f8adc6734073e5d1e1b35c>@@V<lambda_2e8a7d3640ea6ccb4c2413664c2db6fd>@@@?$__crt_seh_guarded_call@X@@QEAAX$$QEAV<lambda_efdfa57d1f175319df784efa44bb7b81>@@AEAV<lambda_5f0a4c1567f8adc6734073e5d1e1b35c>@@$$QEAV<lambda_2e8a7d3640ea6ccb4c2413664c2db6fd>@@@Z 000000018003495c     libucrt:mbctype.obj
 0004:00001968       $pdata$?x_ismbbtype_l@@YAHPEAU__crt_locale_pointers@@IHH@Z 0000000180034968     libucrt:ismbbyte.obj
 0004:00001974       $pdata$__acrt_initialize_command_line 0000000180034974     libucrt:argv_data.obj
 0004:00001980       $pdata$__acrt_WideCharToMultiByte 0000000180034980     libucrt:widechartomultibyte.obj
 0004:0000198c       $pdata$__dcrt_get_narrow_environment_from_os 000000018003498c     libucrt:get_environment_from_os.obj
 0004:00001998       $pdata$__acrt_initialize_heap 0000000180034998     libucrt:heap_handle.obj
 0004:000019a4       $pdata$__acrt_execute_initializers 00000001800349a4     libucrt:shared_initialization.obj
 0004:000019b0       $pdata$__acrt_execute_uninitializers 00000001800349b0     libucrt:shared_initialization.obj
 0004:000019bc       $pdata$__acrt_get_sigabrt_handler 00000001800349bc     libucrt:signal.obj
 0004:000019c8       $pdata$raise               00000001800349c8     libucrt:signal.obj
 0004:000019d4       $pdata$raise$fin$0         00000001800349d4     libucrt:signal.obj
 0004:000019e0       $pdata$??$?RV<lambda_450d765d439847d4c735a33c368b5fc0>@@AEAV<lambda_44731a7d0e6d81c3e6aa82d741081786>@@V<lambda_601a2a7da3b7a96e9554ac7215c4b07c>@@@?$__crt_seh_guarded_call@P6AXH@Z@@QEAAP6AXH@Z$$QEAV<lambda_450d765d439847d4c735a33c368b5fc0>@@AEAV<lambda_44731a7d0e6d81c3e6aa82d741081786>@@$$QEAV<lambda_601a2a7da3b7a96e9554ac7215c4b07c>@@@Z 00000001800349e0     libucrt:signal.obj
 0004:000019ec       $pdata$_fflush_nolock      00000001800349ec     libucrt:fflush.obj
 0004:000019f8       $pdata$__acrt_stdio_flush_nolock 00000001800349f8     libucrt:fflush.obj
 0004:00001a04       $pdata$?common_flush_all@@YAH_N@Z 0000000180034a04     libucrt:fflush.obj
 0004:00001a10       $pdata$??$?RV<lambda_842d9ff0dc9ef11c61343bbaebe7f885>@@AEAV<lambda_c5860995281e5c4ce005b3de8f5874ee>@@V<lambda_d90129c13df834fdcbf8d2b88dafcf2d>@@@?$__crt_seh_guarded_call@X@@QEAAX$$QEAV<lambda_842d9ff0dc9ef11c61343bbaebe7f885>@@AEAV<lambda_c5860995281e5c4ce005b3de8f5874ee>@@$$QEAV<lambda_d90129c13df834fdcbf8d2b88dafcf2d>@@@Z 0000000180034a10     libucrt:fflush.obj
 0004:00001a1c       $pdata$?fin$0@?0???$?RV<lambda_842d9ff0dc9ef11c61343bbaebe7f885>@@AEAV<lambda_c5860995281e5c4ce005b3de8f5874ee>@@V<lambda_d90129c13df834fdcbf8d2b88dafcf2d>@@@?$__crt_seh_guarded_call@X@@QEAAX$$QEAV<lambda_842d9ff0dc9ef11c61343bbaebe7f885>@@AEAV<lambda_c5860995281e5c4ce005b3de8f5874ee>@@$$QEAV<lambda_d90129c13df834fdcbf8d2b88dafcf2d>@@@Z@4HA 0000000180034a1c     libucrt:fflush.obj
 0004:00001a28       $pdata$??$?RV<lambda_886d6c58226a84441f68b9f2b8217b83>@@AEAV<lambda_ab61a845afdef5b7c387490eaf3616ee>@@V<lambda_f7f22ab5edc0698d5f6905b0d3f44752>@@@?$__crt_seh_guarded_call@X@@QEAAX$$QEAV<lambda_886d6c58226a84441f68b9f2b8217b83>@@AEAV<lambda_ab61a845afdef5b7c387490eaf3616ee>@@$$QEAV<lambda_f7f22ab5edc0698d5f6905b0d3f44752>@@@Z 0000000180034a28     libucrt:fflush.obj
 0004:00001a34       $pdata$?fin$0@?0???$?RV<lambda_886d6c58226a84441f68b9f2b8217b83>@@AEAV<lambda_ab61a845afdef5b7c387490eaf3616ee>@@V<lambda_f7f22ab5edc0698d5f6905b0d3f44752>@@@?$__crt_seh_guarded_call@X@@QEAAX$$QEAV<lambda_886d6c58226a84441f68b9f2b8217b83>@@AEAV<lambda_ab61a845afdef5b7c387490eaf3616ee>@@$$QEAV<lambda_f7f22ab5edc0698d5f6905b0d3f44752>@@@Z@4HA 0000000180034a34     libucrt:fflush.obj
 0004:00001a40       $pdata$__pctype_func       0000000180034a40     libucrt:ctype.obj
 0004:00001a4c       $pdata$iswctype            0000000180034a4c     libucrt:iswctype.obj
 0004:00001a58       $pdata$__acrt_release_locale_ref 0000000180034a58     libucrt:locale_refcounting.obj
 0004:00001a64       $pdata$__acrt_free_locale  0000000180034a64     libucrt:locale_refcounting.obj
 0004:00001a70       $pdata$__acrt_locale_free_lc_time_if_unreferenced 0000000180034a70     libucrt:locale_refcounting.obj
 0004:00001a7c       $pdata$__acrt_update_thread_locale_data 0000000180034a7c     libucrt:locale_refcounting.obj
 0004:00001a88       $pdata$__acrt_update_thread_locale_data$fin$0 0000000180034a88     libucrt:locale_refcounting.obj
 0004:00001a94       $pdata$_updatetlocinfoEx_nolock 0000000180034a94     libucrt:locale_refcounting.obj
 0004:00001aa0       $pdata$__acrt_DownlevelLocaleNameToLCID 0000000180034aa0     libucrt:lcidtoname_downlevel.obj
 0004:00001aac       $pdata$_isleadbyte_l       0000000180034aac     libucrt:_wctype.obj
 0004:00001ab8       $pdata$?__mbrtowc_utf8@__crt_mbstring@@YA_KPEA_WPEBD_KPEAU_Mbstatet@@@Z 0000000180034ab8     libucrt:mbrtowc.obj
 0004:00001ac4       $pdata$?__mbsrtowcs_utf8@__crt_mbstring@@YA_KPEA_WPEAPEBD_KPEAU_Mbstatet@@@Z 0000000180034ac4     libucrt:mbrtowc.obj
 0004:00001ad0       $pdata$__acrt_fp_strflt_to_string 0000000180034ad0     libucrt:_fptostr.obj
 0004:00001adc       $pdata$__acrt_fltout       0000000180034adc     libucrt:cfout.obj
 0004:00001ae8       $pdata$?divide@__crt_strtox@@YA_KAEAUbig_integer@1@AEBU21@@Z 0000000180034ae8     libucrt:cfout.obj
 0004:00001af4       $pdata$0$?divide@__crt_strtox@@YA_KAEAUbig_integer@1@AEBU21@@Z 0000000180034af4     libucrt:cfout.obj
 0004:00001b00       $pdata$1$?divide@__crt_strtox@@YA_KAEAUbig_integer@1@AEBU21@@Z 0000000180034b00     libucrt:cfout.obj
 0004:00001b0c       $pdata$_fcloseall          0000000180034b0c     libucrt:closeall.obj
 0004:00001b18       $pdata$_fcloseall$fin$0    0000000180034b18     libucrt:closeall.obj
 0004:00001b24       $pdata$__acrt_stdio_free_buffer_nolock 0000000180034b24     libucrt:_freebuf.obj
 0004:00001b30       $pdata$_isatty             0000000180034b30     libucrt:isatty.obj
 0004:00001b3c       $pdata$__acrt_locale_free_monetary 0000000180034b3c     libucrt:initmon.obj
 0004:00001b48       $pdata$__acrt_locale_free_numeric 0000000180034b48     libucrt:initnum.obj
 0004:00001b54       $pdata$__acrt_locale_free_time 0000000180034b54     libucrt:inittime.obj
 0004:00001b60       $pdata$?free_crt_array_internal@@YAXQEAPEBX_K@Z 0000000180034b60     libucrt:inittime.obj
 0004:00001b6c       $pdata$__acrt_GetStringTypeA 0000000180034b6c     libucrt:getstringtypea.obj
 0004:00001b78       $pdata$_get_osfhandle      0000000180034b78     libucrt:osfinfo.obj
 0004:00001b84       $pdata$_free_osfhnd        0000000180034b84     libucrt:osfinfo.obj
 0004:00001b90       $pdata$__acrt_lowio_create_handle_array 0000000180034b90     libucrt:osfinfo.obj
 0004:00001b9c       $pdata$__acrt_lowio_destroy_handle_array 0000000180034b9c     libucrt:osfinfo.obj
 0004:00001ba8       $pdata$__acrt_lowio_ensure_fh_exists 0000000180034ba8     libucrt:osfinfo.obj
 0004:00001bb4       $pdata$qsort               0000000180034bb4     libucrt:qsort.obj
 0004:00001bc0       $pdata$4$qsort             0000000180034bc0     libucrt:qsort.obj
 0004:00001bcc       $pdata$5$qsort             0000000180034bcc     libucrt:qsort.obj
 0004:00001bd8       $pdata$strncpy_s           0000000180034bd8     libucrt:strncpy_s.obj
 0004:00001be4       $pdata$strpbrk             0000000180034be4     libucrt:strpbrk.obj
 0004:00001bf0       $pdata$fallbackMethod      0000000180034bf0     libucrt:strpbrk.obj
 0004:00001bfc       $pdata$_mbsdec_l           0000000180034bfc     libucrt:mbsdec.obj
 0004:00001c08       $pdata$__acrt_LCMapStringA 0000000180034c08     libucrt:lcmapstringa.obj
 0004:00001c14       $pdata$?__acrt_LCMapStringA_stat@@YAHPEAU__crt_locale_pointers@@PEB_WKPEBDHPEADHHH@Z 0000000180034c14     libucrt:lcmapstringa.obj
 0004:00001c20       $pdata$?initialize_multibyte@@YAHXZ 0000000180034c20     libucrt:multibyte_initializer.obj
 0004:00001c2c       $pdata$_commit             0000000180034c2c     libucrt:commit.obj
 0004:00001c38       $pdata$??$?RV<lambda_a37b2b86f63e897a80ea819b0eb08c01>@@AEAV<lambda_38ce7e780aa69e748d6df282ebc68efe>@@V<lambda_99fb1378e971ab6e7edea83e3a7a83a2>@@@?$__crt_seh_guarded_call@H@@QEAAH$$QEAV<lambda_a37b2b86f63e897a80ea819b0eb08c01>@@AEAV<lambda_38ce7e780aa69e748d6df282ebc68efe>@@$$QEAV<lambda_99fb1378e971ab6e7edea83e3a7a83a2>@@@Z 0000000180034c38     libucrt:commit.obj
 0004:00001c44       $pdata$?fin$0@?0???$?RV<lambda_a37b2b86f63e897a80ea819b0eb08c01>@@AEAV<lambda_38ce7e780aa69e748d6df282ebc68efe>@@V<lambda_99fb1378e971ab6e7edea83e3a7a83a2>@@@?$__crt_seh_guarded_call@H@@QEAAH$$QEAV<lambda_a37b2b86f63e897a80ea819b0eb08c01>@@AEAV<lambda_38ce7e780aa69e748d6df282ebc68efe>@@$$QEAV<lambda_99fb1378e971ab6e7edea83e3a7a83a2>@@@Z@4HA 0000000180034c44     libucrt:commit.obj
 0004:00001c44       $pdata$?fin$0@?0???$?RV<lambda_751a882b2c74d4b022dec766aa51a29a>@@AEAV<lambda_628dfdc04ba53c8bfc02c9951375f3f5>@@V<lambda_f6c7be5f7998530c34de24c7437d6b54>@@@?$__crt_seh_guarded_call@H@@QEAAH$$QEAV<lambda_751a882b2c74d4b022dec766aa51a29a>@@AEAV<lambda_628dfdc04ba53c8bfc02c9951375f3f5>@@$$QEAV<lambda_f6c7be5f7998530c34de24c7437d6b54>@@@Z@4HA 0000000180034c44     libucrt:close.obj
 0004:00001c50       $pdata$_write              0000000180034c50     libucrt:write.obj
 0004:00001c5c       $pdata$_write$fin$0        0000000180034c5c     libucrt:write.obj
 0004:00001c68       $pdata$_write_nolock       0000000180034c68     libucrt:write.obj
 0004:00001c74       $pdata$?write_double_translated_ansi_nolock@@YA?AUwrite_result@?A0x17268360@@HQEBDI@Z 0000000180034c74     libucrt:write.obj
 0004:00001c80       $pdata$?write_text_ansi_nolock@@YA?AUwrite_result@?A0x17268360@@HQEBDI@Z 0000000180034c80     libucrt:write.obj
 0004:00001c8c       $pdata$?write_text_utf16le_nolock@@YA?AUwrite_result@?A0x17268360@@HQEBDI@Z 0000000180034c8c     libucrt:write.obj
 0004:00001c98       $pdata$?write_text_utf8_nolock@@YA?AUwrite_result@?A0x17268360@@HQEBDI@Z 0000000180034c98     libucrt:write.obj
 0004:00001ca4       $pdata$?__mbrtoc32_utf8@__crt_mbstring@@YA_KPEA_UPEBD_KPEAU_Mbstatet@@@Z 0000000180034ca4     libucrt:mbrtoc32.obj
 0004:00001cb0       $pdata$fegetenv            0000000180034cb0     libucrt:fegetenv.obj
 0004:00001cbc       $pdata$fesetenv            0000000180034cbc     libucrt:fesetenv.obj
 0004:00001cc8       $pdata$feholdexcept        0000000180034cc8     libucrt:feholdexcept.obj
 0004:00001ce0       $pdata$??$common_lseek_nolock@_J@@YA_JH_JH@Z 0000000180034ce0     libucrt:lseek.obj
 0004:00001cec       $pdata$fclose              0000000180034cec     libucrt:fclose.obj
 0004:00001cf8       $pdata$fclose$fin$0        0000000180034cf8     libucrt:fclose.obj
 0004:00001d04       $pdata$_fclose_nolock      0000000180034d04     libucrt:fclose.obj
 0004:00001d10       $pdata$_putwch_nolock      0000000180034d10     libucrt:putwch.obj
 0004:00001d1c       $pdata$__acrt_fenv_set_control 0000000180034d1c     libucrt:_fenvutils.obj
 0004:00001d28       $pdata$_clearfp            0000000180034d28     libucrt:ieee.obj
 0004:00001d34       $pdata$_call_matherr       0000000180034d34     libucrt:libm_error.obj
 0004:00001d40       $pdata$_exception_enabled  0000000180034d40     libucrt:libm_error.obj
 0004:00001d4c       $pdata$_handle_error       0000000180034d4c     libucrt:libm_error.obj
 0004:00001d58       $pdata$__acrt_initialize_fma3 0000000180034d58     libucrt:fma3_available.obj
 0004:00001d64       $pdata$_log_special_common 0000000180034d64     libucrt:log_special.obj
 0004:00001d70       $pdata$_log10_special      0000000180034d70     libucrt:log_special.obj
 0004:00001d7c       $pdata$_close              0000000180034d7c     libucrt:close.obj
 0004:00001d88       $pdata$_close_nolock       0000000180034d88     libucrt:close.obj
 0004:00001d94       $pdata$??$?RV<lambda_751a882b2c74d4b022dec766aa51a29a>@@AEAV<lambda_628dfdc04ba53c8bfc02c9951375f3f5>@@V<lambda_f6c7be5f7998530c34de24c7437d6b54>@@@?$__crt_seh_guarded_call@H@@QEAAH$$QEAV<lambda_751a882b2c74d4b022dec766aa51a29a>@@AEAV<lambda_628dfdc04ba53c8bfc02c9951375f3f5>@@$$QEAV<lambda_f6c7be5f7998530c34de24c7437d6b54>@@@Z 0000000180034d94     libucrt:close.obj
 0004:00001da0       $pdata$__dcrt_lowio_ensure_console_output_initialized 0000000180034da0     libucrt:initcon.obj
 0004:00001dac       $pdata$__dcrt_write_console 0000000180034dac     libucrt:initcon.obj
 0004:00001db8       $pdata$__dcrt_terminate_console_output 0000000180034db8     libucrt:initcon.obj
 0004:00001dd0       $pdata$_set_errno_from_matherr 0000000180034dd0     libucrt:fpexcept.obj
 0004:00001ddc       $pdata$_raise_exc          0000000180034ddc     libucrt:fpexcept.obj
 0004:00001de8       $pdata$_raise_exc_ex       0000000180034de8     libucrt:fpexcept.obj
 0004:00001df4       $pdata$_clrfp              0000000180034df4     libucrt:fpctrl.obj
 0004:00001e00       $pdata$_ctrlfp             0000000180034e00     libucrt:fpctrl.obj
 0004:00001e0c       $pdata$_ctrlfp$filt$0      0000000180034e0c     libucrt:fpctrl.obj
 0004:00001e18       $pdata$_statfp             0000000180034e18     libucrt:fpctrl.obj
 0004:00001e24       $pdata$_set_statfp         0000000180034e24     libucrt:fpctrl.obj
 0004:00001e30       $pdata$_IsNonwritableInCurrentImage 0000000180034e30     LIBCMT:pesect.obj
 0004:00001e3c       $pdata$_IsNonwritableInCurrentImage$filt$0 0000000180034e3c     LIBCMT:pesect.obj
 0005:00000000       MoveSmall                  0000000180035000     libvcruntime:memcpy.obj
 0005:00000050       MsetTab                    0000000180035050     libvcruntime:memset.obj
 0006:00000220       $R000000                   0000000180036220     POSKeyboard.res
 0006:00000b98       $R000978                   0000000180036b98     POSKeyboard.res
 0006:00000c80       $R000A60                   0000000180036c80     POSKeyboard.res
 0006:00000ee8       $R000CC8                   0000000180036ee8     POSKeyboard.res
 0006:00001418       $R0011F8                   0000000180037418     POSKeyboard.res
 0006:00003b20       $R003900                   0000000180039b20     POSKeyboard.res
 0006:00003b58       $R003938                   0000000180039b58     POSKeyboard.res
