 OPOSFiscalPrinter

 Timestamp is 5d429df5 (Thu Aug  1 17:08:21 2019)

 Preferred load address is 0000000180000000

 Start         Length     Name                   Class
 0001:00000000 000000c0H .text$di                CODE
 0001:000000c0 000237a0H .text$mn                CODE
 0001:00023860 00000020H .text$mn$00             CODE
 0001:00023880 00000400H .text$x                 CODE
 0001:00023c80 000000c0H .text$yd                CODE
 0002:00000000 00000618H .idata$5                DATA
 0002:00000618 00000010H .00cfg                  DATA
 0002:00000628 00000008H .CRT$XCA                DATA
 0002:00000630 00000008H .CRT$XCL                DATA
 0002:00000638 00000020H .CRT$XCU                DATA
 0002:00000658 00000008H .CRT$XCZ                DATA
 0002:00000660 00000008H .CRT$XIA                DATA
 0002:00000668 00000020H .CRT$XIC                DATA
 0002:00000688 00000008H .CRT$XIZ                DATA
 0002:00000690 00000008H .CRT$XLA                DATA
 0002:00000698 00000008H .CRT$XLZ                DATA
 0002:000006a0 00000008H .CRT$XPA                DATA
 0002:000006a8 00000010H .CRT$XPX                DATA
 0002:000006b8 00000008H .CRT$XPXA               DATA
 0002:000006c0 00000008H .CRT$XPZ                DATA
 0002:000006c8 00000008H .CRT$XTA                DATA
 0002:000006d0 00000010H .CRT$XTZ                DATA
 0002:000006d8 00000000H .gfids$y                DATA
 0002:000006e0 0000af78H .rdata                  DATA
 0002:0000b658 00000028H .rdata$T                DATA
 0002:0000b680 00000274H .rdata$r                DATA
 0002:0000b8f4 0000040cH .rdata$zzzdbg           DATA
 0002:0000bd00 00000008H .rtc$IAA                DATA
 0002:0000bd08 00000008H .rtc$IZZ                DATA
 0002:0000bd10 00000008H .rtc$TAA                DATA
 0002:0000bd18 00000008H .rtc$TZZ                DATA
 0002:0000bd20 00000004H .tls                    DATA
 0002:0000bd24 00000004H .tls$                   DATA
 0002:0000bd28 00000008H .tls$ZZZ                DATA
 0002:0000bd30 00001698H .xdata                  DATA
 0002:0000d3c8 00000150H .xdata$x                DATA
 0002:0000d518 00000008H ATL$__a                 DATA
 0002:0000d520 00000010H ATL$__z                 DATA
 0002:0000d530 000000b0H .edata                  DATA
 0002:0000d5e0 00000078H .idata$2                DATA
 0002:0000d658 00000018H .idata$3                DATA
 0002:0000d670 00000618H .idata$4                DATA
 0002:0000dc88 00000c24H .idata$6                DATA
 0003:00000000 00000f68H .data                   DATA
 0003:00000f68 000000c8H .data$r                 DATA
 0003:00001030 0000140cH .bss                    DATA
 0004:00000000 0000246cH .pdata                  DATA
 0005:00000000 00000094H _RDATA                  DATA
 0006:00000000 00000220H .rsrc$01                DATA
 0006:00000220 000097f8H .rsrc$02                DATA

  Address         Publics by Value              Rva+Base               Lib:Object

 0000:00000000       __guard_fids_count         0000000000000000     <absolute>
 0000:00000000       __hybrid_code_map_count    0000000000000000     <absolute>
 0000:00000000       __guard_longjmp_count      0000000000000000     <absolute>
 0000:00000000       __guard_longjmp_table      0000000000000000     <absolute>
 0000:00000000       __guard_iat_table          0000000000000000     <absolute>
 0000:00000000       __hybrid_code_map          0000000000000000     <absolute>
 0000:00000000       __guard_iat_count          0000000000000000     <absolute>
 0000:00000000       ___safe_se_handler_count   0000000000000000     <absolute>
 0000:00000000       __volatile_metadata        0000000000000000     <absolute>
 0000:00000000       __enclave_config           0000000000000000     <absolute>
 0000:00000000       __AbsoluteZero             0000000000000000     <absolute>
 0000:00000000       ___safe_se_handler_table   0000000000000000     <absolute>
 0000:00000000       __guard_fids_table         0000000000000000     <absolute>
 0000:00000000       __hybrid_auxiliary_iat     0000000000000000     <absolute>
 0000:00000000       __dynamic_value_reloc_table 0000000000000000     <absolute>
 0000:00000100       __guard_flags              0000000000000100     <absolute>
 0000:00000000       __ImageBase                0000000180000000     <linker-defined>
 0001:000000c0       ?DupWide@_CW@@AEAAXXZ      00000001800010c0 f   CWString.obj
 0001:000000e8       ?cw_dup@@YAXPEBDAEAHAEAPEA_W1@Z 00000001800010e8 f   CWString.obj
 0001:00000194       ?cw_memcpy@@YAHPEA_WPEBDH@Z 0000000180001194 f   CWString.obj
 0001:000001e0       ?cw_strcpy@@YAHPEA_WPEBD@Z 00000001800011e0 f   CWString.obj
 0001:000001f4       ??0CAtlComModule@ATL@@QEAA@XZ 00000001800011f4 f i OposVariant.obj
 0001:00000274       ??0CAtlWinModule@ATL@@QEAA@XZ 0000000180001274 f i OposVariant.obj
 0001:000002e0       ??0OposDispParms@@QEAA@PEAVOposVariant@@H@Z 00000001800012e0 f   OposVariant.obj
 0001:00000388       ??1OposDispParms@@QEAA@XZ  0000000180001388 f   OposVariant.obj
 0001:000003a0       ??_Estringdispid@CComTypeInfoHolder@ATL@@QEAAPEAXI@Z 00000001800013a0 f i OposVariant.obj
 0001:00000444       ?AtlWinModuleTerm@ATL@@YAJPEAU_ATL_WIN_MODULE70@1@PEAUHINSTANCE__@@@Z 0000000180001444 f i OposVariant.obj
 0001:000004f4       ?ChangeBSTR@OposVariant@@QEAAXPEAPEA_WAEAJ@Z 00000001800014f4 f   OposVariant.obj
 0001:00000554       ?ChangeLONG@OposVariant@@QEAAXPEAJAEAJ@Z 0000000180001554 f   OposVariant.obj
 0001:000005b0       ?GetLONG@OposVariant@@QEAAJXZ 00000001800015b0 f   OposVariant.obj
 0001:000005d4       ?SetBSTR@OposVariant@@QEAAXPEA_WAEAJ@Z 00000001800015d4 f   OposVariant.obj
 0001:00000614       ?SetBSTR_Copy@OposVariant@@QEAAXPEA_WAEAJ@Z 0000000180001614 f   OposVariant.obj
 0001:00000684       ?SetBSTR_InOutPtr@OposVariant@@QEAA_NPEAPEA_WAEAJ@Z 0000000180001684 f   OposVariant.obj
 0001:000006d4       ?SetBSTR_OutPtr@OposVariant@@QEAA_NPEAPEA_WAEAJ@Z 00000001800016d4 f   OposVariant.obj
 0001:000006f0       ?SetCURRENCY@OposVariant@@QEAAXTtagCY@@@Z 00000001800016f0 f   OposVariant.obj
 0001:00000724       ?SetDispatch_Ptr@OposVariant@@QEAAXPEAUIDispatch@@AEAJ@Z 0000000180001724 f   OposVariant.obj
 0001:0000077c       ?SetLONG@OposVariant@@QEAAXJ@Z 000000018000177c f   OposVariant.obj
 0001:000007ac       ?SetLONG_Ptr@OposVariant@@QEAAXPEAJAEAJ@Z 00000001800017ac f   OposVariant.obj
 0001:000007f8       ?SetString@OposVariant@@QEAAXPEB_WAEAJ@Z 00000001800017f8 f   OposVariant.obj
 0001:0000085c       ?SetVARIANT_BOOL@OposVariant@@QEAAXF@Z 000000018000185c f   OposVariant.obj
 0001:00000894       ?Term@CAtlComModule@ATL@@QEAAXXZ 0000000180001894 f i OposVariant.obj
 0001:00000904       ?_AtlInitializeCriticalSectionEx@ATL@@YAHPEAU_RTL_CRITICAL_SECTION@@KK@Z 0000000180001904 f i OposVariant.obj
 0001:0000090c       ?_AtlRaiseException@ATL@@YAXKK@Z 000000018000190c f i OposVariant.obj
 0001:0000091c       ?CreateInstance@?$CComCreator@V?$CComObjectCached@VCComClassFactory@ATL@@@ATL@@@ATL@@SAJPEAXAEBU_GUID@@PEAPEAX@Z 000000018000191c f i FiscalPrinter.obj
 0001:00000a24       ?CreateInstance@?$CComCreator2@V?$CComCreator@V?$CComObject@VCOPOSFiscalPrinter@@@ATL@@@ATL@@V?$CComCreator@V?$CComAggObject@VCOPOSFiscalPrinter@@@ATL@@@2@@ATL@@SAJPEAXAEBU_GUID@@PEAPEAX@Z 0000000180001a24 f i FiscalPrinter.obj
 0001:00000a34       ?Next@?$CComEnumImpl@UIEnumConnectionPoints@@$1?_GUID_b196b285_bab4_101a_b69c_00aa00341d07@@3U__s_GUID@@BPEAUIConnectionPoint@@V?$_CopyInterface@UIConnectionPoint@@@ATL@@@ATL@@UEAAJKPEAPEAUIConnectionPoint@@PEAK@Z 0000000180001a34 f i FiscalPrinter.obj
 0001:00000b00       ?Skip@?$CComEnumImpl@UIEnumConnectionPoints@@$1?_GUID_b196b285_bab4_101a_b69c_00aa00341d07@@3U__s_GUID@@BPEAUIConnectionPoint@@V?$_CopyInterface@UIConnectionPoint@@@ATL@@@ATL@@UEAAJK@Z 0000000180001b00 f i FiscalPrinter.obj
 0001:00000b2c       ?Reset@?$CComEnumImpl@UIEnumConnectionPoints@@$1?_GUID_b196b285_bab4_101a_b69c_00aa00341d07@@3U__s_GUID@@BPEAUIConnectionPoint@@V?$_CopyInterface@UIConnectionPoint@@@ATL@@@ATL@@UEAAJXZ 0000000180001b2c f i FiscalPrinter.obj
 0001:00000b2c       ?Reset@?$CComEnumImpl@UIEnumConnections@@$1?_GUID_b196b287_bab4_101a_b69c_00aa00341d07@@3U__s_GUID@@BUtagCONNECTDATA@@V?$_Copy@UtagCONNECTDATA@@@ATL@@@ATL@@UEAAJXZ 0000000180001b2c f i FiscalPrinter.obj
 0001:00000b38       ?Clone@?$CComEnumImpl@UIEnumConnectionPoints@@$1?_GUID_b196b285_bab4_101a_b69c_00aa00341d07@@3U__s_GUID@@BPEAUIConnectionPoint@@V?$_CopyInterface@UIConnectionPoint@@@ATL@@@ATL@@UEAAJPEAPEAUIEnumConnectionPoints@@@Z 0000000180001b38 f i FiscalPrinter.obj
 0001:00000c64       ?AddRef@?$CComObject@V?$CComEnum@UIEnumConnectionPoints@@$1?_GUID_b196b285_bab4_101a_b69c_00aa00341d07@@3U__s_GUID@@BPEAUIConnectionPoint@@V?$_CopyInterface@UIConnectionPoint@@@ATL@@VCComSingleThreadModel@6@@ATL@@@ATL@@UEAAKXZ 0000000180001c64 f i FiscalPrinter.obj
 0001:00000c64       ?AddRef@?$CComObject@V?$CComEnum@UIEnumConnections@@$1?_GUID_b196b287_bab4_101a_b69c_00aa00341d07@@3U__s_GUID@@BUtagCONNECTDATA@@V?$_Copy@UtagCONNECTDATA@@@ATL@@VCComSingleThreadModel@6@@ATL@@@ATL@@UEAAKXZ 0000000180001c64 f i FiscalPrinter.obj
 0001:00000c70       ?Release@?$CComObject@V?$CComEnum@UIEnumConnections@@$1?_GUID_b196b287_bab4_101a_b69c_00aa00341d07@@3U__s_GUID@@BUtagCONNECTDATA@@V?$_Copy@UtagCONNECTDATA@@@ATL@@VCComSingleThreadModel@6@@ATL@@@ATL@@UEAAKXZ 0000000180001c70 f i FiscalPrinter.obj
 0001:00000c70       ?Release@?$CComObject@V?$CComEnum@UIEnumConnectionPoints@@$1?_GUID_b196b285_bab4_101a_b69c_00aa00341d07@@3U__s_GUID@@BPEAUIConnectionPoint@@V?$_CopyInterface@UIConnectionPoint@@@ATL@@VCComSingleThreadModel@6@@ATL@@@ATL@@UEAAKXZ 0000000180001c70 f i FiscalPrinter.obj
 0001:00000cc4       ?QueryInterface@?$CComObject@V?$CComEnum@UIEnumConnectionPoints@@$1?_GUID_b196b285_bab4_101a_b69c_00aa00341d07@@3U__s_GUID@@BPEAUIConnectionPoint@@V?$_CopyInterface@UIConnectionPoint@@@ATL@@VCComSingleThreadModel@6@@ATL@@@ATL@@UEAAJAEBU_GUID@@PEAPEAX@Z 0000000180001cc4 f i FiscalPrinter.obj
 0001:00000cd8       ??_G?$CComObject@V?$CComEnum@UIEnumConnectionPoints@@$1?_GUID_b196b285_bab4_101a_b69c_00aa00341d07@@3U__s_GUID@@BPEAUIConnectionPoint@@V?$_CopyInterface@UIConnectionPoint@@@ATL@@VCComSingleThreadModel@6@@ATL@@@ATL@@UEAAPEAXI@Z 0000000180001cd8 f i FiscalPrinter.obj
 0001:00000cd8       ??_E?$CComObject@V?$CComEnum@UIEnumConnectionPoints@@$1?_GUID_b196b285_bab4_101a_b69c_00aa00341d07@@3U__s_GUID@@BPEAUIConnectionPoint@@V?$_CopyInterface@UIConnectionPoint@@@ATL@@VCComSingleThreadModel@6@@ATL@@@ATL@@UEAAPEAXI@Z 0000000180001cd8 f i FiscalPrinter.obj
 0001:00000d30       ?Lock@CAtlModule@ATL@@UEAAJXZ 0000000180001d30 f i FiscalPrinter.obj
 0001:00000d40       ?Unlock@CAtlModule@ATL@@UEAAJXZ 0000000180001d40 f i FiscalPrinter.obj
 0001:00000d4c       ?GetLockCount@CAtlModule@ATL@@UEAAJXZ 0000000180001d4c f i FiscalPrinter.obj
 0001:00000d50       ?GetGITPtr@CAtlModule@ATL@@UEAAJPEAPEAUIGlobalInterfaceTable@@@Z 0000000180001d50 f i FiscalPrinter.obj
 0001:00000dc0       ?AddCommonRGSReplacements@?$CAtlModuleT@VCComModule@ATL@@@ATL@@UEAAJPEAUIRegistrarBase@@@Z 0000000180001dc0 f i FiscalPrinter.obj
 0001:00000dd8       ?UpdateRegistryFromResourceD@CComModule@ATL@@UEAAJIHPEAU_ATL_REGMAP_ENTRY@2@@Z 0000000180001dd8 f i FiscalPrinter.obj
 0001:00000dd8       ?UpdateRegistryFromResourceD@CComModule@ATL@@UEAAJPEB_WHPEAU_ATL_REGMAP_ENTRY@2@@Z 0000000180001dd8 f i FiscalPrinter.obj
 0001:00000de0       ?UpdateRegistryFromResource@CComModule@ATL@@UEAAJPEB_WHPEAU_ATL_REGMAP_ENTRY@2@@Z 0000000180001de0 f i FiscalPrinter.obj
 0001:00000de8       ?OnDrawAdvanced@CComControlBase@ATL@@UEAAJAEAUATL_DRAWINFO@@@Z 0000000180001de8 f i FiscalPrinter.obj
 0001:00000f08       ?UpdateRegistryFromResource@CComModule@ATL@@UEAAJIHPEAU_ATL_REGMAP_ENTRY@2@@Z 0000000180001f08 f i FiscalPrinter.obj
 0001:00000f10       ?AddRef@?$CComObjectCached@VCComClassFactory@ATL@@@ATL@@UEAAKXZ 0000000180001f10 f i FiscalPrinter.obj
 0001:00000f3c       ?Release@?$CComObjectCached@VCComClassFactory@ATL@@@ATL@@UEAAKXZ 0000000180001f3c f i FiscalPrinter.obj
 0001:00000f7c       ?QueryInterface@?$CComObjectCached@VCComClassFactory@ATL@@@ATL@@UEAAJAEBU_GUID@@PEAPEAX@Z 0000000180001f7c f i FiscalPrinter.obj
 0001:00000f90       ??_E?$CComObjectCached@VCComClassFactory@ATL@@@ATL@@UEAAPEAXI@Z 0000000180001f90 f i FiscalPrinter.obj
 0001:00000f90       ??_G?$CComObjectCached@VCComClassFactory@ATL@@@ATL@@UEAAPEAXI@Z 0000000180001f90 f i FiscalPrinter.obj
 0001:00000fe8       ??_GCComModule@ATL@@UEAAPEAXI@Z 0000000180001fe8 f i FiscalPrinter.obj
 0001:00000fe8       ??_ECComModule@ATL@@UEAAPEAXI@Z 0000000180001fe8 f i FiscalPrinter.obj
 0001:00001068       ?AddRef@?$CComAggObject@VCOPOSFiscalPrinter@@@ATL@@UEAAKXZ 0000000180002068 f i FiscalPrinter.obj
 0001:00001074       ?Release@?$CComAggObject@VCOPOSFiscalPrinter@@@ATL@@UEAAKXZ 0000000180002074 f i FiscalPrinter.obj
 0001:000010c8       ?QueryInterface@?$CComAggObject@VCOPOSFiscalPrinter@@@ATL@@UEAAJAEBU_GUID@@PEAPEAX@Z 00000001800020c8 f i FiscalPrinter.obj
 0001:00001128       ?AddRef@?$CComContainedObject@VCOPOSFiscalPrinter@@@ATL@@UEAAKXZ 0000000180002128 f i FiscalPrinter.obj
 0001:00001138       ?Release@?$CComContainedObject@VCOPOSFiscalPrinter@@@ATL@@UEAAKXZ 0000000180002138 f i FiscalPrinter.obj
 0001:00001148       ?QueryInterface@?$CComContainedObject@VCOPOSFiscalPrinter@@@ATL@@UEAAJAEBU_GUID@@PEAPEAX@Z 0000000180002148 f i FiscalPrinter.obj
 0001:00001158       ??_E?$CComAggObject@VCOPOSFiscalPrinter@@@ATL@@UEAAPEAXI@Z 0000000180002158 f i FiscalPrinter.obj
 0001:00001158       ??_G?$CComAggObject@VCOPOSFiscalPrinter@@@ATL@@UEAAPEAXI@Z 0000000180002158 f i FiscalPrinter.obj
 0001:000011b0       ?AddRef@?$CComObject@VCOPOSFiscalPrinter@@@ATL@@UEAAKXZ 00000001800021b0 f i FiscalPrinter.obj
 0001:000011c0       ?Release@?$CComObject@VCOPOSFiscalPrinter@@@ATL@@UEAAKXZ 00000001800021c0 f i FiscalPrinter.obj
 0001:00001218       ?QueryInterface@?$CComObject@VCOPOSFiscalPrinter@@@ATL@@UEAAJAEBU_GUID@@PEAPEAX@Z 0000000180002218 f i FiscalPrinter.obj
 0001:0000122c       ?SetMoniker@?$IOleObjectImpl@VCOPOSFiscalPrinter@@@ATL@@UEAAJKPEAUIMoniker@@@Z 000000018000222c f i FiscalPrinter.obj
 0001:0000122c       ?ReactivateAndUndo@?$IOleInPlaceObjectWindowlessImpl@VCOPOSFiscalPrinter@@@ATL@@UEAAJXZ 000000018000222c f i FiscalPrinter.obj
 0001:0000122c       ?InitFromData@?$IOleObjectImpl@VCOPOSFiscalPrinter@@@ATL@@UEAAJPEAUIDataObject@@HK@Z 000000018000222c f i FiscalPrinter.obj
 0001:0000122c       ?Unfreeze@?$IViewObjectExImpl@VCOPOSFiscalPrinter@@@ATL@@UEAAJK@Z 000000018000222c f i FiscalPrinter.obj
 0001:0000122c       ?GetDropTarget@?$IOleInPlaceObjectWindowlessImpl@VCOPOSFiscalPrinter@@@ATL@@UEAAJPEAPEAUIDropTarget@@@Z 000000018000222c f i FiscalPrinter.obj
 0001:0000122c       ?GetControlInfo@?$IOleControlImpl@VCOPOSFiscalPrinter@@@ATL@@UEAAJPEAUtagCONTROLINFO@@@Z 000000018000222c f i FiscalPrinter.obj
 0001:0000122c       ?SODataDummy@COPOSFiscalPrinter@@MEAAJJ@Z 000000018000222c f i FiscalPrinter.obj
 0001:0000122c       ?OnMnemonic@?$IOleControlImpl@VCOPOSFiscalPrinter@@@ATL@@UEAAJPEAUtagMSG@@@Z 000000018000222c f i FiscalPrinter.obj
 0001:0000122c       ?QueryGetData@?$IDataObjectImpl@VCOPOSFiscalPrinter@@@ATL@@UEAAJPEAUtagFORMATETC@@@Z 000000018000222c f i FiscalPrinter.obj
 0001:0000122c       ?GetMoniker@?$IOleObjectImpl@VCOPOSFiscalPrinter@@@ATL@@UEAAJKKPEAPEAUIMoniker@@@Z 000000018000222c f i FiscalPrinter.obj
 0001:0000122c       ?GetCanonicalFormatEtc@?$IDataObjectImpl@VCOPOSFiscalPrinter@@@ATL@@UEAAJPEAUtagFORMATETC@@0@Z 000000018000222c f i FiscalPrinter.obj
 0001:0000122c       ?GetClipboardData@?$IOleObjectImpl@VCOPOSFiscalPrinter@@@ATL@@UEAAJKPEAPEAUIDataObject@@@Z 000000018000222c f i FiscalPrinter.obj
 0001:0000122c       ?EnumFormatEtc@?$IDataObjectImpl@VCOPOSFiscalPrinter@@@ATL@@UEAAJKPEAPEAUIEnumFORMATETC@@@Z 000000018000222c f i FiscalPrinter.obj
 0001:0000122c       ?GetColorSet@?$IViewObjectExImpl@VCOPOSFiscalPrinter@@@ATL@@UEAAJKJPEAXPEAUtagDVTARGETDEVICE@@PEAUHDC__@@PEAPEAUtagLOGPALETTE@@@Z 000000018000222c f i FiscalPrinter.obj
 0001:0000122c       ?ContextSensitiveHelp@?$IOleInPlaceActiveObjectImpl@VCOPOSFiscalPrinter@@@ATL@@UEAAJH@Z 000000018000222c f i FiscalPrinter.obj
 0001:0000122c       ?SetData@?$IDataObjectImpl@VCOPOSFiscalPrinter@@@ATL@@UEAAJPEAUtagFORMATETC@@PEAUtagSTGMEDIUM@@H@Z 000000018000222c f i FiscalPrinter.obj
 0001:0000122c       ?GetRect@?$IViewObjectExImpl@VCOPOSFiscalPrinter@@@ATL@@UEAAJKPEAU_RECTL@@@Z 000000018000222c f i FiscalPrinter.obj
 0001:0000122c       ?Freeze@?$IViewObjectExImpl@VCOPOSFiscalPrinter@@@ATL@@UEAAJKJPEAXPEAK@Z 000000018000222c f i FiscalPrinter.obj
 0001:0000122c       ?SetColorScheme@?$IOleObjectImpl@VCOPOSFiscalPrinter@@@ATL@@UEAAJPEAUtagLOGPALETTE@@@Z 000000018000222c f i FiscalPrinter.obj
 0001:0000122c       ?GetDataHere@?$IDataObjectImpl@VCOPOSFiscalPrinter@@@ATL@@UEAAJPEAUtagFORMATETC@@PEAUtagSTGMEDIUM@@@Z 000000018000222c f i FiscalPrinter.obj
 0001:0000122c       ?QueryInterface@CRegObject@ATL@@UEAAJAEBU_GUID@@PEAPEAX@Z 000000018000222c f i FiscalPrinter.obj
 0001:0000122c       ?ContextSensitiveHelp@?$IOleInPlaceObjectWindowlessImpl@VCOPOSFiscalPrinter@@@ATL@@UEAAJH@Z 000000018000222c f i FiscalPrinter.obj
 0001:00001234       _get_startup_argv_mode     0000000180002234 f i LIBCMT:argv_mode.obj
 0001:00001234       ?FAccessAllowed@?$IObjectSafetyImpl@VCOPOSFiscalPrinter@@$02@ATL@@MEAAHXZ 0000000180002234 f i FiscalPrinter.obj
 0001:00001234       ?AddRef@CRegObject@ATL@@UEAAKXZ 0000000180002234 f i FiscalPrinter.obj
 0001:0000123c       ?ResizeBorder@?$IOleInPlaceActiveObjectImpl@VCOPOSFiscalPrinter@@@ATL@@UEAAJPEBUtagRECT@@PEAUIOleInPlaceUIWindow@@H@Z 000000018000223c f i FiscalPrinter.obj
 0001:0000123c       ?GetObjectDescription@?$CComCoClass@VCOPOSFiscalPrinter@@$1?CLSID_OPOSFiscalPrinter@@3U_GUID@@B@ATL@@SAPEB_WXZ 000000018000223c f i FiscalPrinter.obj
 0001:0000123c       ?IsUpToDate@?$IOleObjectImpl@VCOPOSFiscalPrinter@@@ATL@@UEAAJXZ 000000018000223c f i FiscalPrinter.obj
 0001:0000123c       ?Release@CRegObject@ATL@@UEAAKXZ 000000018000223c f i FiscalPrinter.obj
 0001:0000123c       ?SaveCompleted@?$IPersistStorageImpl@VCOPOSFiscalPrinter@@@ATL@@UEAAJPEAUIStorage@@@Z 000000018000223c f i FiscalPrinter.obj
 0001:0000123c       ?GetCategoryMap@CComObjectRootBase@ATL@@SAPEBU_ATL_CATMAP_ENTRY@2@XZ 000000018000223c f i FiscalPrinter.obj
 0001:0000123c       ?OnFrameWindowActivate@?$IOleInPlaceActiveObjectImpl@VCOPOSFiscalPrinter@@@ATL@@UEAAJH@Z 000000018000223c f i FiscalPrinter.obj
 0001:0000123c       ?Update@?$IOleObjectImpl@VCOPOSFiscalPrinter@@@ATL@@UEAAJXZ 000000018000223c f i FiscalPrinter.obj
 0001:0000123c       ?HandsOffStorage@?$IPersistStorageImpl@VCOPOSFiscalPrinter@@@ATL@@UEAAJXZ 000000018000223c f i FiscalPrinter.obj
 0001:0000123c       ?SetHostNames@?$IOleObjectImpl@VCOPOSFiscalPrinter@@@ATL@@UEAAJPEB_W0@Z 000000018000223c f i FiscalPrinter.obj
 0001:0000123c       ?OnAmbientPropertyChange@?$IOleControlImpl@VCOPOSFiscalPrinter@@@ATL@@UEAAJJ@Z 000000018000223c f i FiscalPrinter.obj
 0001:0000123c       ?EnableModeless@?$IOleInPlaceActiveObjectImpl@VCOPOSFiscalPrinter@@@ATL@@UEAAJH@Z 000000018000223c f i FiscalPrinter.obj
 0001:00001240       ?AddReplacement@CRegObject@ATL@@UEAAJPEB_W0@Z 0000000180002240 f i FiscalPrinter.obj
 0001:00001270       ?ClearReplacements@CRegObject@ATL@@UEAAJXZ 0000000180002270 f i FiscalPrinter.obj
 0001:0000127c       ??_GCRegObject@ATL@@UEAAPEAXI@Z 000000018000227c f i FiscalPrinter.obj
 0001:0000127c       ??_ECRegObject@ATL@@UEAAPEAXI@Z 000000018000227c f i FiscalPrinter.obj
 0001:000012fc       ?Next@?$CComEnumImpl@UIEnumConnections@@$1?_GUID_b196b287_bab4_101a_b69c_00aa00341d07@@3U__s_GUID@@BUtagCONNECTDATA@@V?$_Copy@UtagCONNECTDATA@@@ATL@@@ATL@@UEAAJKPEAUtagCONNECTDATA@@PEAK@Z 00000001800022fc f i FiscalPrinter.obj
 0001:000013d0       ?Skip@?$CComEnumImpl@UIEnumConnections@@$1?_GUID_b196b287_bab4_101a_b69c_00aa00341d07@@3U__s_GUID@@BUtagCONNECTDATA@@V?$_Copy@UtagCONNECTDATA@@@ATL@@@ATL@@UEAAJK@Z 00000001800023d0 f i FiscalPrinter.obj
 0001:000013fc       ?Clone@?$CComEnumImpl@UIEnumConnections@@$1?_GUID_b196b287_bab4_101a_b69c_00aa00341d07@@3U__s_GUID@@BUtagCONNECTDATA@@V?$_Copy@UtagCONNECTDATA@@@ATL@@@ATL@@UEAAJPEAPEAUIEnumConnections@@@Z 00000001800023fc f i FiscalPrinter.obj
 0001:00001528       ?QueryInterface@?$CComObject@V?$CComEnum@UIEnumConnections@@$1?_GUID_b196b287_bab4_101a_b69c_00aa00341d07@@3U__s_GUID@@BUtagCONNECTDATA@@V?$_Copy@UtagCONNECTDATA@@@ATL@@VCComSingleThreadModel@6@@ATL@@@ATL@@UEAAJAEBU_GUID@@PEAPEAX@Z 0000000180002528 f i FiscalPrinter.obj
 0001:0000153c       ??_E?$CComObject@V?$CComEnum@UIEnumConnections@@$1?_GUID_b196b287_bab4_101a_b69c_00aa00341d07@@3U__s_GUID@@BUtagCONNECTDATA@@V?$_Copy@UtagCONNECTDATA@@@ATL@@VCComSingleThreadModel@6@@ATL@@@ATL@@UEAAPEAXI@Z 000000018000253c f i FiscalPrinter.obj
 0001:0000153c       ??_G?$CComObject@V?$CComEnum@UIEnumConnections@@$1?_GUID_b196b287_bab4_101a_b69c_00aa00341d07@@3U__s_GUID@@BUtagCONNECTDATA@@V?$_Copy@UtagCONNECTDATA@@@ATL@@VCComSingleThreadModel@6@@ATL@@@ATL@@UEAAPEAXI@Z 000000018000253c f i FiscalPrinter.obj
 0001:00001594       ?GetWindowProc@?$CWindowImplBaseT@VCWindow@ATL@@V?$CWinTraits@$0FGAAAAAA@$0A@@2@@ATL@@UEAAP6A_JPEAUHWND__@@I_K_J@ZXZ 0000000180002594 f i FiscalPrinter.obj
 0001:0000159c       ?StartWindowProc@?$CWindowImplBaseT@VCWindow@ATL@@V?$CWinTraits@$0FGAAAAAA@$0A@@2@@ATL@@SA_JPEAUHWND__@@I_K_J@Z 000000018000259c f i FiscalPrinter.obj
 0001:00001660       ?OnFinalMessage@?$CWindowImplBaseT@VCWindow@ATL@@V?$CWinTraits@$0FGAAAAAA@$0A@@2@@ATL@@UEAAXPEAUHWND__@@@Z 0000000180002660 f i FiscalPrinter.obj
 0001:00001660       ?ObjectMain@CComObjectRootBase@ATL@@SAX_N@Z 0000000180002660 f i FiscalPrinter.obj
 0001:00001660       _guard_check_icall_nop     0000000180002660 f i LIBCMT:guard_support.obj
 0001:00001664       ??_E?$CComObject@VCOPOSFiscalPrinter@@@ATL@@W7EAAPEAXI@Z 0000000180002664 f i FiscalPrinter.obj
 0001:00001670       ??_E?$CComObject@VCOPOSFiscalPrinter@@@ATL@@WHA@EAAPEAXI@Z 0000000180002670 f i FiscalPrinter.obj
 0001:0000167c       ?QueryInterface@?$CComObject@VCOPOSFiscalPrinter@@@ATL@@WLI@EAAJAEBU_GUID@@PEAPEAX@Z 000000018000267c f i FiscalPrinter.obj
 0001:00001688       ?AddRef@?$CComObject@VCOPOSFiscalPrinter@@@ATL@@WLI@EAAKXZ 0000000180002688 f i FiscalPrinter.obj
 0001:00001694       ?Release@?$CComObject@VCOPOSFiscalPrinter@@@ATL@@WLI@EAAKXZ 0000000180002694 f i FiscalPrinter.obj
 0001:000016a0       ?QueryInterface@?$CComObject@VCOPOSFiscalPrinter@@@ATL@@WMA@EAAJAEBU_GUID@@PEAPEAX@Z 00000001800026a0 f i FiscalPrinter.obj
 0001:000016ac       ?AddRef@?$CComObject@VCOPOSFiscalPrinter@@@ATL@@WMA@EAAKXZ 00000001800026ac f i FiscalPrinter.obj
 0001:000016b8       ?Release@?$CComObject@VCOPOSFiscalPrinter@@@ATL@@WMA@EAAKXZ 00000001800026b8 f i FiscalPrinter.obj
 0001:000016c4       ?QueryInterface@?$CComObject@VCOPOSFiscalPrinter@@@ATL@@WMI@EAAJAEBU_GUID@@PEAPEAX@Z 00000001800026c4 f i FiscalPrinter.obj
 0001:000016d0       ?AddRef@?$CComObject@VCOPOSFiscalPrinter@@@ATL@@WMI@EAAKXZ 00000001800026d0 f i FiscalPrinter.obj
 0001:000016dc       ?Release@?$CComObject@VCOPOSFiscalPrinter@@@ATL@@WMI@EAAKXZ 00000001800026dc f i FiscalPrinter.obj
 0001:000016e8       ?QueryInterface@?$CComObject@VCOPOSFiscalPrinter@@@ATL@@WNA@EAAJAEBU_GUID@@PEAPEAX@Z 00000001800026e8 f i FiscalPrinter.obj
 0001:000016f4       ?AddRef@?$CComObject@VCOPOSFiscalPrinter@@@ATL@@WNA@EAAKXZ 00000001800026f4 f i FiscalPrinter.obj
 0001:00001700       ?Release@?$CComObject@VCOPOSFiscalPrinter@@@ATL@@WNA@EAAKXZ 0000000180002700 f i FiscalPrinter.obj
 0001:0000170c       ?QueryInterface@?$CComObject@VCOPOSFiscalPrinter@@@ATL@@WNI@EAAJAEBU_GUID@@PEAPEAX@Z 000000018000270c f i FiscalPrinter.obj
 0001:00001718       ?AddRef@?$CComObject@VCOPOSFiscalPrinter@@@ATL@@WNI@EAAKXZ 0000000180002718 f i FiscalPrinter.obj
 0001:00001724       ?Release@?$CComObject@VCOPOSFiscalPrinter@@@ATL@@WNI@EAAKXZ 0000000180002724 f i FiscalPrinter.obj
 0001:00001730       ?QueryInterface@?$CComObject@VCOPOSFiscalPrinter@@@ATL@@WOA@EAAJAEBU_GUID@@PEAPEAX@Z 0000000180002730 f i FiscalPrinter.obj
 0001:0000173c       ?AddRef@?$CComObject@VCOPOSFiscalPrinter@@@ATL@@WOA@EAAKXZ 000000018000273c f i FiscalPrinter.obj
 0001:00001748       ?Release@?$CComObject@VCOPOSFiscalPrinter@@@ATL@@WOA@EAAKXZ 0000000180002748 f i FiscalPrinter.obj
 0001:00001754       ?QueryInterface@?$CComObject@VCOPOSFiscalPrinter@@@ATL@@WOI@EAAJAEBU_GUID@@PEAPEAX@Z 0000000180002754 f i FiscalPrinter.obj
 0001:00001760       ?AddRef@?$CComObject@VCOPOSFiscalPrinter@@@ATL@@WOI@EAAKXZ 0000000180002760 f i FiscalPrinter.obj
 0001:0000176c       ?Release@?$CComObject@VCOPOSFiscalPrinter@@@ATL@@WOI@EAAKXZ 000000018000276c f i FiscalPrinter.obj
 0001:00001778       ?QueryInterface@?$CComObject@VCOPOSFiscalPrinter@@@ATL@@WPA@EAAJAEBU_GUID@@PEAPEAX@Z 0000000180002778 f i FiscalPrinter.obj
 0001:00001784       ?AddRef@?$CComObject@VCOPOSFiscalPrinter@@@ATL@@WPA@EAAKXZ 0000000180002784 f i FiscalPrinter.obj
 0001:00001790       ?Release@?$CComObject@VCOPOSFiscalPrinter@@@ATL@@WPA@EAAKXZ 0000000180002790 f i FiscalPrinter.obj
 0001:0000179c       ?QueryInterface@?$CComObject@VCOPOSFiscalPrinter@@@ATL@@WPI@EAAJAEBU_GUID@@PEAPEAX@Z 000000018000279c f i FiscalPrinter.obj
 0001:000017a8       ?AddRef@?$CComObject@VCOPOSFiscalPrinter@@@ATL@@WPI@EAAKXZ 00000001800027a8 f i FiscalPrinter.obj
 0001:000017b4       ?Release@?$CComObject@VCOPOSFiscalPrinter@@@ATL@@WPI@EAAKXZ 00000001800027b4 f i FiscalPrinter.obj
 0001:000017c0       ?QueryInterface@?$CComObject@VCOPOSFiscalPrinter@@@ATL@@WBAA@EAAJAEBU_GUID@@PEAPEAX@Z 00000001800027c0 f i FiscalPrinter.obj
 0001:000017cc       ?AddRef@?$CComObject@VCOPOSFiscalPrinter@@@ATL@@WBAA@EAAKXZ 00000001800027cc f i FiscalPrinter.obj
 0001:000017d8       ?Release@?$CComObject@VCOPOSFiscalPrinter@@@ATL@@WBAA@EAAKXZ 00000001800027d8 f i FiscalPrinter.obj
 0001:000017e4       ?QueryInterface@?$CComObject@VCOPOSFiscalPrinter@@@ATL@@WBAI@EAAJAEBU_GUID@@PEAPEAX@Z 00000001800027e4 f i FiscalPrinter.obj
 0001:000017f0       ?AddRef@?$CComObject@VCOPOSFiscalPrinter@@@ATL@@WBAI@EAAKXZ 00000001800027f0 f i FiscalPrinter.obj
 0001:000017fc       ?Release@?$CComObject@VCOPOSFiscalPrinter@@@ATL@@WBAI@EAAKXZ 00000001800027fc f i FiscalPrinter.obj
 0001:00001808       ?QueryInterface@?$CComObject@VCOPOSFiscalPrinter@@@ATL@@WBBA@EAAJAEBU_GUID@@PEAPEAX@Z 0000000180002808 f i FiscalPrinter.obj
 0001:00001814       ?AddRef@?$CComObject@VCOPOSFiscalPrinter@@@ATL@@WBBA@EAAKXZ 0000000180002814 f i FiscalPrinter.obj
 0001:00001820       ?Release@?$CComObject@VCOPOSFiscalPrinter@@@ATL@@WBBA@EAAKXZ 0000000180002820 f i FiscalPrinter.obj
 0001:0000182c       ?QueryInterface@?$CComObject@VCOPOSFiscalPrinter@@@ATL@@WBBI@EAAJAEBU_GUID@@PEAPEAX@Z 000000018000282c f i FiscalPrinter.obj
 0001:00001838       ?AddRef@?$CComObject@VCOPOSFiscalPrinter@@@ATL@@WBBI@EAAKXZ 0000000180002838 f i FiscalPrinter.obj
 0001:00001844       ?Release@?$CComObject@VCOPOSFiscalPrinter@@@ATL@@WBBI@EAAKXZ 0000000180002844 f i FiscalPrinter.obj
 0001:00001850       ?AddRef@?$CComObject@VCOPOSFiscalPrinter@@@ATL@@WBCI@EAAKXZ 0000000180002850 f i FiscalPrinter.obj
 0001:0000185c       ?Release@?$CComObject@VCOPOSFiscalPrinter@@@ATL@@WBCI@EAAKXZ 000000018000285c f i FiscalPrinter.obj
 0001:00001868       ?AddRef@?$CComObject@VCOPOSFiscalPrinter@@@ATL@@WBEA@EAAKXZ 0000000180002868 f i FiscalPrinter.obj
 0001:00001874       ?Release@?$CComObject@VCOPOSFiscalPrinter@@@ATL@@WBEA@EAAKXZ 0000000180002874 f i FiscalPrinter.obj
 0001:00001880       ??_E?$CComContainedObject@VCOPOSFiscalPrinter@@@ATL@@W7EAAPEAXI@Z 0000000180002880 f i FiscalPrinter.obj
 0001:0000188c       ??_E?$CComContainedObject@VCOPOSFiscalPrinter@@@ATL@@WHA@EAAPEAXI@Z 000000018000288c f i FiscalPrinter.obj
 0001:00001898       ?QueryInterface@?$CComContainedObject@VCOPOSFiscalPrinter@@@ATL@@WLI@EAAJAEBU_GUID@@PEAPEAX@Z 0000000180002898 f i FiscalPrinter.obj
 0001:000018a4       ?AddRef@?$CComContainedObject@VCOPOSFiscalPrinter@@@ATL@@WLI@EAAKXZ 00000001800028a4 f i FiscalPrinter.obj
 0001:000018b0       ?Release@?$CComContainedObject@VCOPOSFiscalPrinter@@@ATL@@WLI@EAAKXZ 00000001800028b0 f i FiscalPrinter.obj
 0001:000018bc       ?QueryInterface@?$CComContainedObject@VCOPOSFiscalPrinter@@@ATL@@WMA@EAAJAEBU_GUID@@PEAPEAX@Z 00000001800028bc f i FiscalPrinter.obj
 0001:000018c8       ?AddRef@?$CComContainedObject@VCOPOSFiscalPrinter@@@ATL@@WMA@EAAKXZ 00000001800028c8 f i FiscalPrinter.obj
 0001:000018d4       ?Release@?$CComContainedObject@VCOPOSFiscalPrinter@@@ATL@@WMA@EAAKXZ 00000001800028d4 f i FiscalPrinter.obj
 0001:000018e0       ?QueryInterface@?$CComContainedObject@VCOPOSFiscalPrinter@@@ATL@@WMI@EAAJAEBU_GUID@@PEAPEAX@Z 00000001800028e0 f i FiscalPrinter.obj
 0001:000018ec       ?AddRef@?$CComContainedObject@VCOPOSFiscalPrinter@@@ATL@@WMI@EAAKXZ 00000001800028ec f i FiscalPrinter.obj
 0001:000018f8       ?Release@?$CComContainedObject@VCOPOSFiscalPrinter@@@ATL@@WMI@EAAKXZ 00000001800028f8 f i FiscalPrinter.obj
 0001:00001904       ?QueryInterface@?$CComContainedObject@VCOPOSFiscalPrinter@@@ATL@@WNA@EAAJAEBU_GUID@@PEAPEAX@Z 0000000180002904 f i FiscalPrinter.obj
 0001:00001910       ?AddRef@?$CComContainedObject@VCOPOSFiscalPrinter@@@ATL@@WNA@EAAKXZ 0000000180002910 f i FiscalPrinter.obj
 0001:0000191c       ?Release@?$CComContainedObject@VCOPOSFiscalPrinter@@@ATL@@WNA@EAAKXZ 000000018000291c f i FiscalPrinter.obj
 0001:00001928       ?QueryInterface@?$CComContainedObject@VCOPOSFiscalPrinter@@@ATL@@WNI@EAAJAEBU_GUID@@PEAPEAX@Z 0000000180002928 f i FiscalPrinter.obj
 0001:00001934       ?AddRef@?$CComContainedObject@VCOPOSFiscalPrinter@@@ATL@@WNI@EAAKXZ 0000000180002934 f i FiscalPrinter.obj
 0001:00001940       ?Release@?$CComContainedObject@VCOPOSFiscalPrinter@@@ATL@@WNI@EAAKXZ 0000000180002940 f i FiscalPrinter.obj
 0001:0000194c       ?QueryInterface@?$CComContainedObject@VCOPOSFiscalPrinter@@@ATL@@WOA@EAAJAEBU_GUID@@PEAPEAX@Z 000000018000294c f i FiscalPrinter.obj
 0001:00001958       ?AddRef@?$CComContainedObject@VCOPOSFiscalPrinter@@@ATL@@WOA@EAAKXZ 0000000180002958 f i FiscalPrinter.obj
 0001:00001964       ?Release@?$CComContainedObject@VCOPOSFiscalPrinter@@@ATL@@WOA@EAAKXZ 0000000180002964 f i FiscalPrinter.obj
 0001:00001970       ?QueryInterface@?$CComContainedObject@VCOPOSFiscalPrinter@@@ATL@@WOI@EAAJAEBU_GUID@@PEAPEAX@Z 0000000180002970 f i FiscalPrinter.obj
 0001:0000197c       ?AddRef@?$CComContainedObject@VCOPOSFiscalPrinter@@@ATL@@WOI@EAAKXZ 000000018000297c f i FiscalPrinter.obj
 0001:00001988       ?Release@?$CComContainedObject@VCOPOSFiscalPrinter@@@ATL@@WOI@EAAKXZ 0000000180002988 f i FiscalPrinter.obj
 0001:00001994       ?QueryInterface@?$CComContainedObject@VCOPOSFiscalPrinter@@@ATL@@WPA@EAAJAEBU_GUID@@PEAPEAX@Z 0000000180002994 f i FiscalPrinter.obj
 0001:000019a0       ?AddRef@?$CComContainedObject@VCOPOSFiscalPrinter@@@ATL@@WPA@EAAKXZ 00000001800029a0 f i FiscalPrinter.obj
 0001:000019ac       ?Release@?$CComContainedObject@VCOPOSFiscalPrinter@@@ATL@@WPA@EAAKXZ 00000001800029ac f i FiscalPrinter.obj
 0001:000019b8       ?QueryInterface@?$CComContainedObject@VCOPOSFiscalPrinter@@@ATL@@WPI@EAAJAEBU_GUID@@PEAPEAX@Z 00000001800029b8 f i FiscalPrinter.obj
 0001:000019c4       ?AddRef@?$CComContainedObject@VCOPOSFiscalPrinter@@@ATL@@WPI@EAAKXZ 00000001800029c4 f i FiscalPrinter.obj
 0001:000019d0       ?Release@?$CComContainedObject@VCOPOSFiscalPrinter@@@ATL@@WPI@EAAKXZ 00000001800029d0 f i FiscalPrinter.obj
 0001:000019dc       ?QueryInterface@?$CComContainedObject@VCOPOSFiscalPrinter@@@ATL@@WBAA@EAAJAEBU_GUID@@PEAPEAX@Z 00000001800029dc f i FiscalPrinter.obj
 0001:000019e8       ?AddRef@?$CComContainedObject@VCOPOSFiscalPrinter@@@ATL@@WBAA@EAAKXZ 00000001800029e8 f i FiscalPrinter.obj
 0001:000019f4       ?Release@?$CComContainedObject@VCOPOSFiscalPrinter@@@ATL@@WBAA@EAAKXZ 00000001800029f4 f i FiscalPrinter.obj
 0001:00001a00       ?QueryInterface@?$CComContainedObject@VCOPOSFiscalPrinter@@@ATL@@WBAI@EAAJAEBU_GUID@@PEAPEAX@Z 0000000180002a00 f i FiscalPrinter.obj
 0001:00001a0c       ?AddRef@?$CComContainedObject@VCOPOSFiscalPrinter@@@ATL@@WBAI@EAAKXZ 0000000180002a0c f i FiscalPrinter.obj
 0001:00001a18       ?Release@?$CComContainedObject@VCOPOSFiscalPrinter@@@ATL@@WBAI@EAAKXZ 0000000180002a18 f i FiscalPrinter.obj
 0001:00001a24       ?QueryInterface@?$CComContainedObject@VCOPOSFiscalPrinter@@@ATL@@WBBA@EAAJAEBU_GUID@@PEAPEAX@Z 0000000180002a24 f i FiscalPrinter.obj
 0001:00001a30       ?AddRef@?$CComContainedObject@VCOPOSFiscalPrinter@@@ATL@@WBBA@EAAKXZ 0000000180002a30 f i FiscalPrinter.obj
 0001:00001a3c       ?Release@?$CComContainedObject@VCOPOSFiscalPrinter@@@ATL@@WBBA@EAAKXZ 0000000180002a3c f i FiscalPrinter.obj
 0001:00001a48       ?QueryInterface@?$CComContainedObject@VCOPOSFiscalPrinter@@@ATL@@WBBI@EAAJAEBU_GUID@@PEAPEAX@Z 0000000180002a48 f i FiscalPrinter.obj
 0001:00001a54       ?AddRef@?$CComContainedObject@VCOPOSFiscalPrinter@@@ATL@@WBBI@EAAKXZ 0000000180002a54 f i FiscalPrinter.obj
 0001:00001a60       ?Release@?$CComContainedObject@VCOPOSFiscalPrinter@@@ATL@@WBBI@EAAKXZ 0000000180002a60 f i FiscalPrinter.obj
 0001:00001a6c       ?AddRef@?$CComContainedObject@VCOPOSFiscalPrinter@@@ATL@@WBCI@EAAKXZ 0000000180002a6c f i FiscalPrinter.obj
 0001:00001a78       ?Release@?$CComContainedObject@VCOPOSFiscalPrinter@@@ATL@@WBCI@EAAKXZ 0000000180002a78 f i FiscalPrinter.obj
 0001:00001a84       ?AddRef@?$CComContainedObject@VCOPOSFiscalPrinter@@@ATL@@WBEA@EAAKXZ 0000000180002a84 f i FiscalPrinter.obj
 0001:00001a90       ?Release@?$CComContainedObject@VCOPOSFiscalPrinter@@@ATL@@WBEA@EAAKXZ 0000000180002a90 f i FiscalPrinter.obj
 0001:00001a9c       ?GetTypeInfoCount@?$IDispatchImpl@UIOPOSFiscalPrinter@@$1?IID_IOPOSFiscalPrinter@@3U_GUID@@B$1?LIBID_OposFiscalPrinter_CCO@@3U3@B$00$0A@VCComTypeInfoHolder@ATL@@@ATL@@UEAAJPEAI@Z 0000000180002a9c f i FiscalPrinter.obj
 0001:00001ab0       ?GetTypeInfo@?$IDispatchImpl@UIOPOSFiscalPrinter@@$1?IID_IOPOSFiscalPrinter@@3U_GUID@@B$1?LIBID_OposFiscalPrinter_CCO@@3U3@B$00$0A@VCComTypeInfoHolder@ATL@@@ATL@@UEAAJIKPEAPEAUITypeInfo@@@Z 0000000180002ab0 f i FiscalPrinter.obj
 0001:00001b14       ?GetIDsOfNames@?$IDispatchImpl@UIOPOSFiscalPrinter@@$1?IID_IOPOSFiscalPrinter@@3U_GUID@@B$1?LIBID_OposFiscalPrinter_CCO@@3U3@B$00$0A@VCComTypeInfoHolder@ATL@@@ATL@@UEAAJAEBU_GUID@@PEAPEA_WIKPEAJ@Z 0000000180002b14 f i FiscalPrinter.obj
 0001:00001b20       ?Invoke@?$IDispatchImpl@UIOPOSFiscalPrinter@@$1?IID_IOPOSFiscalPrinter@@3U_GUID@@B$1?LIBID_OposFiscalPrinter_CCO@@3U3@B$00$0A@VCComTypeInfoHolder@ATL@@@ATL@@UEAAJJAEBU_GUID@@KGPEAUtagDISPPARAMS@@PEAUtagVARIANT@@PEAUtagEXCEPINFO@@PEAI@Z 0000000180002b20 f i FiscalPrinter.obj
 0001:00001bb0       ?CreateControlWindow@?$CComControl@VCOPOSFiscalPrinter@@V?$CWindowImpl@VCOPOSFiscalPrinter@@VCWindow@ATL@@V?$CWinTraits@$0FGAAAAAA@$0A@@3@@ATL@@@ATL@@UEAAPEAUHWND__@@PEAU3@AEAUtagRECT@@@Z 0000000180002bb0 f i FiscalPrinter.obj
 0001:00001be8       ?ControlQueryInterface@?$CComControl@VCOPOSFiscalPrinter@@V?$CWindowImpl@VCOPOSFiscalPrinter@@VCWindow@ATL@@V?$CWinTraits@$0FGAAAAAA@$0A@@3@@ATL@@@ATL@@UEAAJAEBU_GUID@@PEAPEAX@Z 0000000180002be8 f i FiscalPrinter.obj
 0001:00001bfc       ?GetClassID@?$IPersistStorageImpl@VCOPOSFiscalPrinter@@@ATL@@UEAAJPEAU_GUID@@@Z 0000000180002bfc f i FiscalPrinter.obj
 0001:00001bfc       ?GetClassID@?$IPersistStreamInitImpl@VCOPOSFiscalPrinter@@@ATL@@UEAAJPEAU_GUID@@@Z 0000000180002bfc f i FiscalPrinter.obj
 0001:00001bfc       ?GetUserClassID@?$IOleObjectImpl@VCOPOSFiscalPrinter@@@ATL@@UEAAJPEAU_GUID@@@Z 0000000180002bfc f i FiscalPrinter.obj
 0001:00001c18       ?IsDirty@?$IPersistStreamInitImpl@VCOPOSFiscalPrinter@@@ATL@@UEAAJXZ 0000000180002c18 f i FiscalPrinter.obj
 0001:00001c34       ?Load@?$IPersistStreamInitImpl@VCOPOSFiscalPrinter@@@ATL@@UEAAJPEAUIStream@@@Z 0000000180002c34 f i FiscalPrinter.obj
 0001:00001c84       ?Save@?$IPersistStreamInitImpl@VCOPOSFiscalPrinter@@@ATL@@UEAAJPEAUIStream@@H@Z 0000000180002c84 f i FiscalPrinter.obj
 0001:00001ce8       ?GetSizeMax@?$IPersistStreamInitImpl@VCOPOSFiscalPrinter@@@ATL@@UEAAJPEAT_ULARGE_INTEGER@@@Z 0000000180002ce8 f i FiscalPrinter.obj
 0001:00001f14       ?InitNew@?$IPersistStreamInitImpl@VCOPOSFiscalPrinter@@@ATL@@UEAAJXZ 0000000180002f14 f i FiscalPrinter.obj
 0001:00001f2c       ?SetClientSite@?$IOleObjectImpl@VCOPOSFiscalPrinter@@@ATL@@UEAAJPEAUIOleClientSite@@@Z 0000000180002f2c f i FiscalPrinter.obj
 0001:00001f48       ?GetClientSite@?$IOleObjectImpl@VCOPOSFiscalPrinter@@@ATL@@UEAAJPEAPEAUIOleClientSite@@@Z 0000000180002f48 f i FiscalPrinter.obj
 0001:00001f90       ?Close@?$IOleObjectImpl@VCOPOSFiscalPrinter@@@ATL@@UEAAJK@Z 0000000180002f90 f i FiscalPrinter.obj
 0001:00001fac       ?DoVerb@?$IOleObjectImpl@VCOPOSFiscalPrinter@@@ATL@@UEAAJJPEAUtagMSG@@PEAUIOleClientSite@@JPEAUHWND__@@PEBUtagRECT@@@Z 0000000180002fac f i FiscalPrinter.obj
 0001:00002150       ?EnumVerbs@?$IOleObjectImpl@VCOPOSFiscalPrinter@@@ATL@@UEAAJPEAPEAUIEnumOLEVERB@@@Z 0000000180003150 f i FiscalPrinter.obj
 0001:0000216c       ?GetUserType@?$IOleObjectImpl@VCOPOSFiscalPrinter@@@ATL@@UEAAJKPEAPEA_W@Z 000000018000316c f i FiscalPrinter.obj
 0001:0000217c       ?SetExtent@?$IOleObjectImpl@VCOPOSFiscalPrinter@@@ATL@@UEAAJKPEAUtagSIZE@@@Z 000000018000317c f i FiscalPrinter.obj
 0001:00002198       ?GetExtent@?$IOleObjectImpl@VCOPOSFiscalPrinter@@@ATL@@UEAAJKPEAUtagSIZE@@@Z 0000000180003198 f i FiscalPrinter.obj
 0001:000021c8       ?Advise@?$IOleObjectImpl@VCOPOSFiscalPrinter@@@ATL@@UEAAJPEAUIAdviseSink@@PEAK@Z 00000001800031c8 f i FiscalPrinter.obj
 0001:00002224       ?Unadvise@?$IOleObjectImpl@VCOPOSFiscalPrinter@@@ATL@@UEAAJK@Z 0000000180003224 f i FiscalPrinter.obj
 0001:0000225c       ?EnumAdvise@?$IOleObjectImpl@VCOPOSFiscalPrinter@@@ATL@@UEAAJPEAPEAUIEnumSTATDATA@@@Z 000000018000325c f i FiscalPrinter.obj
 0001:000022a4       ?GetMiscStatus@?$IOleObjectImpl@VCOPOSFiscalPrinter@@@ATL@@UEAAJKPEAK@Z 00000001800032a4 f i FiscalPrinter.obj
 0001:000022b4       ?GetWindow@?$IOleInPlaceActiveObjectImpl@VCOPOSFiscalPrinter@@@ATL@@UEAAJPEAPEAUHWND__@@@Z 00000001800032b4 f i FiscalPrinter.obj
 0001:00002308       ?TranslateAcceleratorW@?$IOleInPlaceActiveObjectImpl@VCOPOSFiscalPrinter@@@ATL@@UEAAJPEAUtagMSG@@@Z 0000000180003308 f i FiscalPrinter.obj
 0001:000023fc       ?OnDocWindowActivate@?$IOleInPlaceActiveObjectImpl@VCOPOSFiscalPrinter@@@ATL@@UEAAJH@Z 00000001800033fc f i FiscalPrinter.obj
 0001:00002428       ?Draw@?$IViewObjectExImpl@VCOPOSFiscalPrinter@@@ATL@@UEAAJKJPEAXPEAUtagDVTARGETDEVICE@@PEAUHDC__@@2PEBU_RECTL@@3P6AH_K@Z4@Z 0000000180003428 f i FiscalPrinter.obj
 0001:0000248c       ?SetAdvise@?$IViewObjectExImpl@VCOPOSFiscalPrinter@@@ATL@@UEAAJKKPEAUIAdviseSink@@@Z 000000018000348c f i FiscalPrinter.obj
 0001:000024e0       ?GetAdvise@?$IViewObjectExImpl@VCOPOSFiscalPrinter@@@ATL@@UEAAJPEAK0PEAPEAUIAdviseSink@@@Z 00000001800034e0 f i FiscalPrinter.obj
 0001:0000251c       ?GetExtent@?$IViewObjectExImpl@VCOPOSFiscalPrinter@@@ATL@@UEAAJKJPEAUtagDVTARGETDEVICE@@PEAUtagSIZE@@@Z 000000018000351c f i FiscalPrinter.obj
 0001:0000254c       ?GetViewStatus@?$IViewObjectExImpl@VCOPOSFiscalPrinter@@@ATL@@UEAAJPEAK@Z 000000018000354c f i FiscalPrinter.obj
 0001:00002560       ?QueryHitPoint@?$IViewObjectExImpl@VCOPOSFiscalPrinter@@@ATL@@UEAAJKPEBUtagRECT@@UtagPOINT@@JPEAK@Z 0000000180003560 f i FiscalPrinter.obj
 0001:000025a4       ?QueryHitRect@?$IViewObjectExImpl@VCOPOSFiscalPrinter@@@ATL@@UEAAJKPEBUtagRECT@@0JPEAK@Z 00000001800035a4 f i FiscalPrinter.obj
 0001:0000260c       ?GetNaturalExtent@?$IViewObjectExImpl@VCOPOSFiscalPrinter@@@ATL@@UEAAJKJPEAUtagDVTARGETDEVICE@@PEAUHDC__@@PEAUtagExtentInfo@@PEAUtagSIZE@@@Z 000000018000360c f i FiscalPrinter.obj
 0001:00002654       ?GetWindow@?$IOleInPlaceObjectWindowlessImpl@VCOPOSFiscalPrinter@@@ATL@@UEAAJPEAPEAUHWND__@@@Z 0000000180003654 f i FiscalPrinter.obj
 0001:000026a8       ?InPlaceDeactivate@?$IOleInPlaceObjectWindowlessImpl@VCOPOSFiscalPrinter@@@ATL@@UEAAJXZ 00000001800036a8 f i FiscalPrinter.obj
 0001:000026c4       ?UIDeactivate@?$IOleInPlaceObjectWindowlessImpl@VCOPOSFiscalPrinter@@@ATL@@UEAAJXZ 00000001800036c4 f i FiscalPrinter.obj
 0001:000026e0       ?SetObjectRects@?$IOleInPlaceObjectWindowlessImpl@VCOPOSFiscalPrinter@@@ATL@@UEAAJPEBUtagRECT@@0@Z 00000001800036e0 f i FiscalPrinter.obj
 0001:000026fc       ?OnWindowMessage@?$IOleInPlaceObjectWindowlessImpl@VCOPOSFiscalPrinter@@@ATL@@UEAAJI_K_JPEA_J@Z 00000001800036fc f i FiscalPrinter.obj
 0001:000027c4       ?EnumConnectionPoints@?$IConnectionPointContainerImpl@VCOPOSFiscalPrinter@@@ATL@@UEAAJPEAPEAUIEnumConnectionPoints@@@Z 00000001800037c4 f i FiscalPrinter.obj
 0001:000029e4       ?FindConnectionPoint@?$IConnectionPointContainerImpl@VCOPOSFiscalPrinter@@@ATL@@UEAAJAEBU_GUID@@PEAPEAUIConnectionPoint@@@Z 00000001800039e4 f i FiscalPrinter.obj
 0001:00002ab4       ?IsDirty@?$IPersistStorageImpl@VCOPOSFiscalPrinter@@@ATL@@UEAAJXZ 0000000180003ab4 f i FiscalPrinter.obj
 0001:00002af8       ?InitNew@?$IPersistStorageImpl@VCOPOSFiscalPrinter@@@ATL@@UEAAJPEAUIStorage@@@Z 0000000180003af8 f i FiscalPrinter.obj
 0001:00002b3c       ?Load@?$IPersistStorageImpl@VCOPOSFiscalPrinter@@@ATL@@UEAAJPEAUIStorage@@@Z 0000000180003b3c f i FiscalPrinter.obj
 0001:00002bdc       ?Save@?$IPersistStorageImpl@VCOPOSFiscalPrinter@@@ATL@@UEAAJPEAUIStorage@@H@Z 0000000180003bdc f i FiscalPrinter.obj
 0001:00002c8c       ?GetPages@?$ISpecifyPropertyPagesImpl@VCOPOSFiscalPrinter@@@ATL@@UEAAJPEAUtagCAUUID@@@Z 0000000180003c8c f i FiscalPrinter.obj
 0001:00002c98       ?QuickActivate@?$IQuickActivateImpl@VCOPOSFiscalPrinter@@@ATL@@UEAAJPEAUtagQACONTAINER@@PEAUtagQACONTROL@@@Z 0000000180003c98 f i FiscalPrinter.obj
 0001:00002cb4       ?SetContentExtent@?$IQuickActivateImpl@VCOPOSFiscalPrinter@@@ATL@@UEAAJPEAUtagSIZE@@@Z 0000000180003cb4 f i FiscalPrinter.obj
 0001:00002ce8       ?GetContentExtent@?$IQuickActivateImpl@VCOPOSFiscalPrinter@@@ATL@@UEAAJPEAUtagSIZE@@@Z 0000000180003ce8 f i FiscalPrinter.obj
 0001:00002d20       ?GetData@?$IDataObjectImpl@VCOPOSFiscalPrinter@@@ATL@@UEAAJPEAUtagFORMATETC@@PEAUtagSTGMEDIUM@@@Z 0000000180003d20 f i FiscalPrinter.obj
 0001:00002d3c       ?DAdvise@?$IDataObjectImpl@VCOPOSFiscalPrinter@@@ATL@@UEAAJPEAUtagFORMATETC@@KPEAUIAdviseSink@@PEAK@Z 0000000180003d3c f i FiscalPrinter.obj
 0001:00002dc4       ?DUnadvise@?$IDataObjectImpl@VCOPOSFiscalPrinter@@@ATL@@UEAAJK@Z 0000000180003dc4 f i FiscalPrinter.obj
 0001:00002df0       ?EnumDAdvise@?$IDataObjectImpl@VCOPOSFiscalPrinter@@@ATL@@UEAAJPEAPEAUIEnumSTATDATA@@@Z 0000000180003df0 f i FiscalPrinter.obj
 0001:00002e2c       ?GetClassInfoW@?$IProvideClassInfo2Impl@$1?CLSID_OPOSFiscalPrinter@@3U_GUID@@B$1?DIID__IOPOSFiscalPrinterEvents@@3U2@B$1?LIBID_OposFiscalPrinter_CCO@@3U2@B$00$0A@VCComTypeInfoHolder@ATL@@@ATL@@UEAAJPEAPEAUITypeInfo@@@Z 0000000180003e2c f i FiscalPrinter.obj
 0001:00002e84       ?GetGUID@?$IProvideClassInfo2Impl@$1?CLSID_OPOSFiscalPrinter@@3U_GUID@@B$1?DIID__IOPOSFiscalPrinterEvents@@3U2@B$1?LIBID_OposFiscalPrinter_CCO@@3U2@B$00$0A@VCComTypeInfoHolder@ATL@@@ATL@@UEAAJKPEAU_GUID@@@Z 0000000180003e84 f i FiscalPrinter.obj
 0001:00002eb8       ?GetInterfaceSafetyOptions@?$IObjectSafetyImpl@VCOPOSFiscalPrinter@@$02@ATL@@UEAAJAEBU_GUID@@PEAK1@Z 0000000180003eb8 f i FiscalPrinter.obj
 0001:00002f4c       ?SetInterfaceSafetyOptions@?$IObjectSafetyImpl@VCOPOSFiscalPrinter@@$02@ATL@@UEAAJAEBU_GUID@@KK@Z 0000000180003f4c f i FiscalPrinter.obj
 0001:00002ff0       ?_LocCPQueryInterface@?$IConnectionPointImpl@VCOPOSFiscalPrinter@@$1?DIID__IOPOSFiscalPrinterEvents@@3U_GUID@@BVCComDynamicUnkArray@ATL@@@ATL@@UEAAJAEBU_GUID@@PEAPEAX@Z 0000000180003ff0 f i FiscalPrinter.obj
 0001:00002ff0       ?_LocCPQueryInterface@?$IConnectionPointImpl@VCOPOSFiscalPrinter@@$1?IID_IPropertyNotifySink@@3U_GUID@@BVCComDynamicUnkArray@ATL@@@ATL@@UEAAJAEBU_GUID@@PEAPEAX@Z 0000000180003ff0 f i FiscalPrinter.obj
 0001:00003064       ?GetConnectionInterface@?$IConnectionPointImpl@VCOPOSFiscalPrinter@@$1?IID_IPropertyNotifySink@@3U_GUID@@BVCComDynamicUnkArray@ATL@@@ATL@@UEAAJPEAU_GUID@@@Z 0000000180004064 f i FiscalPrinter.obj
 0001:00003080       ?GetConnectionPointContainer@?$IConnectionPointImpl@VCOPOSFiscalPrinter@@$1?IID_IPropertyNotifySink@@3U_GUID@@BVCComDynamicUnkArray@ATL@@@ATL@@UEAAJPEAPEAUIConnectionPointContainer@@@Z 0000000180004080 f i FiscalPrinter.obj
 0001:000030a0       ?Advise@?$IConnectionPointImpl@VCOPOSFiscalPrinter@@$1?DIID__IOPOSFiscalPrinterEvents@@3U_GUID@@BVCComDynamicUnkArray@ATL@@@ATL@@UEAAJPEAUIUnknown@@PEAK@Z 00000001800040a0 f i FiscalPrinter.obj
 0001:000030a0       ?Advise@?$IConnectionPointImpl@VCOPOSFiscalPrinter@@$1?IID_IPropertyNotifySink@@3U_GUID@@BVCComDynamicUnkArray@ATL@@@ATL@@UEAAJPEAUIUnknown@@PEAK@Z 00000001800040a0 f i FiscalPrinter.obj
 0001:00003160       ?Unadvise@?$IConnectionPointImpl@VCOPOSFiscalPrinter@@$1?DIID__IOPOSFiscalPrinterEvents@@3U_GUID@@BVCComDynamicUnkArray@ATL@@@ATL@@UEAAJK@Z 0000000180004160 f i FiscalPrinter.obj
 0001:00003160       ?Unadvise@?$IConnectionPointImpl@VCOPOSFiscalPrinter@@$1?IID_IPropertyNotifySink@@3U_GUID@@BVCComDynamicUnkArray@ATL@@@ATL@@UEAAJK@Z 0000000180004160 f i FiscalPrinter.obj
 0001:000031dc       ?EnumConnections@?$IConnectionPointImpl@VCOPOSFiscalPrinter@@$1?IID_IPropertyNotifySink@@3U_GUID@@BVCComDynamicUnkArray@ATL@@@ATL@@UEAAJPEAPEAUIEnumConnections@@@Z 00000001800041dc f i FiscalPrinter.obj
 0001:000031dc       ?EnumConnections@?$IConnectionPointImpl@VCOPOSFiscalPrinter@@$1?DIID__IOPOSFiscalPrinterEvents@@3U_GUID@@BVCComDynamicUnkArray@ATL@@@ATL@@UEAAJPEAPEAUIEnumConnections@@@Z 00000001800041dc f i FiscalPrinter.obj
 0001:00003384       ?GetConnectionInterface@?$IConnectionPointImpl@VCOPOSFiscalPrinter@@$1?DIID__IOPOSFiscalPrinterEvents@@3U_GUID@@BVCComDynamicUnkArray@ATL@@@ATL@@UEAAJPEAU_GUID@@@Z 0000000180004384 f i FiscalPrinter.obj
 0001:000033a0       ?GetConnectionPointContainer@?$IConnectionPointImpl@VCOPOSFiscalPrinter@@$1?DIID__IOPOSFiscalPrinterEvents@@3U_GUID@@BVCComDynamicUnkArray@ATL@@@ATL@@UEAAJPEAPEAUIConnectionPointContainer@@@Z 00000001800043a0 f i FiscalPrinter.obj
 0001:000033c0       ?UpdateRegistry@COPOSFiscalPrinter@@SAJH@Z 00000001800043c0 f i FiscalPrinter.obj
 0001:000033d8       ?ProcessWindowMessage@COPOSFiscalPrinter@@UEAAHPEAUHWND__@@I_K_JAEA_JK@Z 00000001800043d8 f i FiscalPrinter.obj
 0001:00003460       ?SODirectIO@COPOSFiscalPrinter@@MEAAJJPEAJPEAPEA_W@Z 0000000180004460 f i FiscalPrinter.obj
 0001:000034d8       ?SOError@COPOSFiscalPrinter@@MEAAJJJJPEAJ@Z 00000001800044d8 f i FiscalPrinter.obj
 0001:00003560       ?SOOutputComplete@COPOSFiscalPrinter@@MEAAJJ@Z 0000000180004560 f i FiscalPrinter.obj
 0001:000035b0       ?SOStatusUpdate@COPOSFiscalPrinter@@MEAAJJ@Z 00000001800045b0 f i FiscalPrinter.obj
 0001:00003600       ?CreateInstance@CComClassFactory@ATL@@UEAAJPEAUIUnknown@@AEBU_GUID@@PEAPEAX@Z 0000000180004600 f i FiscalPrinter.obj
 0001:00003660       ?LockServer@CComClassFactory@ATL@@UEAAJH@Z 0000000180004660 f i FiscalPrinter.obj
 0001:00003684       ??_ECComClassFactory@ATL@@UEAAPEAXI@Z 0000000180004684 f i FiscalPrinter.obj
 0001:00003684       ??_GCComClassFactory@ATL@@UEAAPEAXI@Z 0000000180004684 f i FiscalPrinter.obj
 0001:000036d4       ??$AtlModuleRegisterWndClassInfoT@VAtlModuleRegisterWndClassInfoParamW@ATL@@@ATL@@YAGPEAU_ATL_BASE_MODULE70@0@PEAU_ATL_WIN_MODULE70@0@PEAU_ATL_WNDCLASSINFOW@0@PEAP6A_JPEAUHWND__@@I_K_J@ZVAtlModuleRegisterWndClassInfoParamW@0@@Z 00000001800046d4 f i FiscalPrinter.obj
 0001:000038d4       ??0?$CComContainedObject@VCOPOSFiscalPrinter@@@ATL@@QEAA@PEAX@Z 00000001800048d4 f i FiscalPrinter.obj
 0001:000039f0       ??0?$CComObject@VCOPOSFiscalPrinter@@@ATL@@QEAA@PEAX@Z 00000001800049f0 f i FiscalPrinter.obj
 0001:00003b08       ??0CAtlModule@ATL@@QEAA@XZ 0000000180004b08 f i FiscalPrinter.obj
 0001:00003b7c       ??1?$CComEnumImpl@UIEnumConnectionPoints@@$1?_GUID_b196b285_bab4_101a_b69c_00aa00341d07@@3U__s_GUID@@BPEAUIConnectionPoint@@V?$_CopyInterface@UIConnectionPoint@@@ATL@@@ATL@@UEAA@XZ 0000000180004b7c f i FiscalPrinter.obj
 0001:00003bd8       ??1?$CComEnumImpl@UIEnumConnections@@$1?_GUID_b196b287_bab4_101a_b69c_00aa00341d07@@3U__s_GUID@@BUtagCONNECTDATA@@V?$_Copy@UtagCONNECTDATA@@@ATL@@@ATL@@UEAA@XZ 0000000180004bd8 f i FiscalPrinter.obj
 0001:00003c34       ??1?$CComObject@VCOPOSFiscalPrinter@@@ATL@@UEAA@XZ 0000000180004c34 f i FiscalPrinter.obj
 0001:00003d54       ??_G?$CComContainedObject@VCOPOSFiscalPrinter@@@ATL@@UEAAPEAXI@Z 0000000180004d54 f i FiscalPrinter.obj
 0001:00003d54       ??_E?$CComContainedObject@VCOPOSFiscalPrinter@@@ATL@@UEAAPEAXI@Z 0000000180004d54 f i FiscalPrinter.obj
 0001:00003d88       ??_G?$CComObject@VCOPOSFiscalPrinter@@@ATL@@UEAAPEAXI@Z 0000000180004d88 f i FiscalPrinter.obj
 0001:00003d88       ??_E?$CComObject@VCOPOSFiscalPrinter@@@ATL@@UEAAPEAXI@Z 0000000180004d88 f i FiscalPrinter.obj
 0001:00003dbc       ?Add@?$CSimpleArray@GV?$CSimpleArrayEqualHelper@G@ATL@@@ATL@@QEAAHAEBG@Z 0000000180004dbc f i FiscalPrinter.obj
 0001:00003e70       ?Add@?$CSimpleMap@PEA_WPEA_WVCExpansionVectorEqualHelper@ATL@@@ATL@@QEAAHAEBQEA_W0@Z 0000000180004e70 f i FiscalPrinter.obj
 0001:00003f10       ?Add@CComDynamicUnkArray@ATL@@QEAAKPEAUIUnknown@@@Z 0000000180004f10 f i FiscalPrinter.obj
 0001:00003ff8       ?Add@CExpansionVector@ATL@@QEAAHPEB_W0@Z 0000000180004ff8 f i FiscalPrinter.obj
 0001:00004188       ?AddValue@CRegParser@ATL@@IEAAJAEAVCRegKey@2@PEB_WPEA_W@Z 0000000180005188 f i FiscalPrinter.obj
 0001:000045d0       ?AllocateHeap@?$CTempBuffer@_W$0BAA@VCCRTAllocator@ATL@@@ATL@@AEAAX_K@Z 00000001800055d0 f i FiscalPrinter.obj
 0001:000045d0       ?AllocateHeap@?$CTempBuffer@E$0BAA@VCCRTAllocator@ATL@@@ATL@@AEAAX_K@Z 00000001800055d0 f i FiscalPrinter.obj
 0001:000045d0       ?AllocateHeap@?$CTempBuffer@_W$0EAA@VCCRTAllocator@ATL@@@ATL@@AEAAX_K@Z 00000001800055d0 f i FiscalPrinter.obj
 0001:000045fc       ?Append@CParseBuffer@CRegParser@ATL@@QEAAHPEB_WH@Z 00000001800055fc f i FiscalPrinter.obj
 0001:00004714       ?AtlCallTermFunc@ATL@@YAXPEAU_ATL_MODULE70@1@@Z 0000000180005714 f i FiscalPrinter.obj
 0001:00004778       ?AtlComModuleGetClassObject@ATL@@YAJPEAU_ATL_COM_MODULE70@1@AEBU_GUID@@1PEAPEAX@Z 0000000180005778 f i FiscalPrinter.obj
 0001:000048b8       ?AtlComModuleRegisterServer@ATL@@YAJPEAU_ATL_COM_MODULE70@1@HPEBU_GUID@@@Z 00000001800058b8 f i FiscalPrinter.obj
 0001:00004978       ?AtlComModuleUnregisterServer@ATL@@YAJPEAU_ATL_COM_MODULE70@1@HPEBU_GUID@@@Z 0000000180005978 f i FiscalPrinter.obj
 0001:00004a34       ?AtlCreateTargetDC@ATL@@YAPEAUHDC__@@PEAU2@PEAUtagDVTARGETDEVICE@@@Z 0000000180005a34 f i FiscalPrinter.obj
 0001:00004aa8       ?AtlHiMetricToPixel@ATL@@YAXPEBUtagSIZE@@PEAU2@@Z 0000000180005aa8 f i FiscalPrinter.obj
 0001:00004b58       ?AtlHresultFromLastError@ATL@@YAJXZ 0000000180005b58 f i FiscalPrinter.obj
 0001:00004b78       ?AtlHresultFromWin32@ATL@@YAJK@Z 0000000180005b78 f i FiscalPrinter.obj
 0001:00004b88       ?AtlIPersistStreamInit_Load@ATL@@YAJPEAUIStream@@PEBUATL_PROPMAP_ENTRY@1@PEAXPEAUIUnknown@@@Z 0000000180005b88 f i FiscalPrinter.obj
 0001:00004dc0       ?AtlIPersistStreamInit_Save@ATL@@YAJPEAUIStream@@HPEBUATL_PROPMAP_ENTRY@1@PEAXPEAUIUnknown@@@Z 0000000180005dc0 f i FiscalPrinter.obj
 0001:00004ff8       ?AtlInternalOleLoadFromStream@ATL@@YAJPEAUIStream@@AEBU_GUID@@PEAPEAXTClassesAllowedInStream@1@K@Z 0000000180005ff8 f i FiscalPrinter.obj
 0001:0000513c       ?AtlInternalQueryInterface@ATL@@YAJPEAXPEBU_ATL_INTMAP_ENTRY@1@AEBU_GUID@@PEAPEAX@Z 000000018000613c f i FiscalPrinter.obj
 0001:00005244       ?AtlLoadTypeLib@ATL@@YAJPEAUHINSTANCE__@@PEB_WPEAPEA_WPEAPEAUITypeLib@@@Z 0000000180006244 f i FiscalPrinter.obj
 0001:000054a0       ?AtlModuleAddTermFunc@ATL@@YAJPEAU_ATL_MODULE70@1@P6AX_K@Z1@Z 00000001800064a0 f i FiscalPrinter.obj
 0001:00005534       ?AtlRegisterClassCategoriesHelper@ATL@@YAJAEBU_GUID@@PEBU_ATL_CATMAP_ENTRY@1@H@Z 0000000180006534 f i FiscalPrinter.obj
 0001:0000599c       ?AtlRegisterTypeLib@ATL@@YAJPEAUHINSTANCE__@@PEB_W@Z 000000018000699c f i FiscalPrinter.obj
 0001:00005b98       ?AtlThrowImpl@ATL@@YAXJ@Z  0000000180006b98 f i FiscalPrinter.obj
 0001:00005bbc       ?AtlUnRegisterTypeLib@ATL@@YAJPEAUHINSTANCE__@@PEB_W@Z 0000000180006bbc f i FiscalPrinter.obj
 0001:00005c84       ?AtlWinModuleExtractCreateWndData@ATL@@YAPEAXPEAU_ATL_WIN_MODULE70@1@@Z 0000000180006c84 f i FiscalPrinter.obj
 0001:00005d10       ?Cleanup@CComTypeInfoHolder@ATL@@SAX_K@Z 0000000180006d10 f i FiscalPrinter.obj
 0001:00005d50       ?ClearReplacements@CExpansionVector@ATL@@QEAAJXZ 0000000180006d50 f i FiscalPrinter.obj
 0001:00005dec       ?CreateInstance@?$CComCreator@V?$CComAggObject@VCOPOSFiscalPrinter@@@ATL@@@ATL@@SAJPEAXAEBU_GUID@@PEAPEAX@Z 0000000180006dec f i FiscalPrinter.obj
 0001:00005ec4       ?CreateInstance@?$CComCreator@V?$CComObject@VCOPOSFiscalPrinter@@@ATL@@@ATL@@SAJPEAXAEBU_GUID@@PEAPEAX@Z 0000000180006ec4 f i FiscalPrinter.obj
 0001:00005f7c       ?CreateInstance@?$CComObject@V?$CComEnum@UIEnumConnectionPoints@@$1?_GUID_b196b285_bab4_101a_b69c_00aa00341d07@@3U__s_GUID@@BPEAUIConnectionPoint@@V?$_CopyInterface@UIConnectionPoint@@@ATL@@VCComSingleThreadModel@6@@ATL@@@ATL@@SAJPEAPEAV12@@Z 0000000180006f7c f i FiscalPrinter.obj
 0001:00006008       ?CreateInstance@?$CComObject@V?$CComEnum@UIEnumConnections@@$1?_GUID_b196b287_bab4_101a_b69c_00aa00341d07@@3U__s_GUID@@BUtagCONNECTDATA@@V?$_Copy@UtagCONNECTDATA@@@ATL@@VCComSingleThreadModel@6@@ATL@@@ATL@@SAJPEAPEAV12@@Z 0000000180007008 f i FiscalPrinter.obj
 0001:00006094       ?DefaultReflectionHandler@?$CWindowImplRoot@VCWindow@ATL@@@ATL@@SAHPEAUHWND__@@I_K_JAEA_J@Z 0000000180007094 f i FiscalPrinter.obj
 0001:000060f8       ?DeleteSubKey@CRegKey@ATL@@QEAAJPEB_W@Z 00000001800070f8 f i FiscalPrinter.obj
 0001:00006190       ?DoEvent@COPOSFiscalPrinter@@IEAAXI_K_J@Z 0000000180007190 f i FiscalPrinter.obj
 0001:00006244       ?DoVerbPrimary@?$IOleObjectImpl@VCOPOSFiscalPrinter@@@ATL@@QEAAJPEBUtagRECT@@PEAUHWND__@@@Z 0000000180007244 f i FiscalPrinter.obj
 0001:00006370       ?DoVerbProperties@CComControlBase@ATL@@QEAAJPEBUtagRECT@@PEAUHWND__@@@Z 0000000180007370 f i FiscalPrinter.obj
 0001:00006598       ?FireTheEvent@?$CProxy_IOPOSEvents@VCOPOSFiscalPrinter@@@@IEAAXPEAVOposVariant@@IAEAJPEB_WJ@Z 0000000180007598 f i FiscalPrinter.obj
 0001:00006684       ?FireViewChange@CComControlBase@ATL@@QEAAJXZ 0000000180007684 f i FiscalPrinter.obj
 0001:000066e8       ?Fire_DirectIOEvent@?$CProxy_IOPOSEvents@VCOPOSFiscalPrinter@@@@QEAAXJPEAJPEAPEA_W@Z 00000001800076e8 f i FiscalPrinter.obj
 0001:00006840       ?Fire_ErrorEvent@?$CProxy_IOPOSEvents@VCOPOSFiscalPrinter@@@@QEAAXJJJPEAJ@Z 0000000180007840 f i FiscalPrinter.obj
 0001:000069a8       ?Fire_OutputCompleteEvent@?$CProxy_IOPOSEvents@VCOPOSFiscalPrinter@@@@QEAAXJ@Z 00000001800079a8 f i FiscalPrinter.obj
 0001:00006a94       ?Fire_StatusUpdateEvent@?$CProxy_IOPOSEvents@VCOPOSFiscalPrinter@@@@QEAAXJ@Z 0000000180007a94 f i FiscalPrinter.obj
 0001:00006b80       ?FreeHeap@?$CTempBuffer@_W$0EAA@VCCRTAllocator@ATL@@@ATL@@AEAAXXZ 0000000180007b80 f i FiscalPrinter.obj
 0001:00006b80       ?FreeHeap@?$CTempBuffer@E$0BAA@VCCRTAllocator@ATL@@@ATL@@AEAAXXZ 0000000180007b80 f i FiscalPrinter.obj
 0001:00006b80       ?FreeHeap@?$CTempBuffer@_W$0BAA@VCCRTAllocator@ATL@@@ATL@@AEAAXXZ 0000000180007b80 f i FiscalPrinter.obj
 0001:00006b88       ?GetAmbientLocaleID@CComControlBase@ATL@@QEAAJAEAK@Z 0000000180007b88 f i FiscalPrinter.obj
 0001:00006c48       ?GetAmbientUserMode@CComControlBase@ATL@@QEAAJAEAH@Z 0000000180007c48 f i FiscalPrinter.obj
 0001:00006d18       ?GetClassObject@CComModule@ATL@@QEAAJAEBU_GUID@@0PEAPEAX@Z 0000000180007d18 f i FiscalPrinter.obj
 0001:00006e0c       ?GetConnMap@COPOSFiscalPrinter@@SAPEBU_ATL_CONNMAP_ENTRY@ATL@@PEAH@Z 0000000180007e0c f i FiscalPrinter.obj
 0001:00006e94       ?GetIDsOfNames@CComTypeInfoHolder@ATL@@QEAAJAEBU_GUID@@PEAPEA_WIKPEAJ@Z 0000000180007e94 f i FiscalPrinter.obj
 0001:0000700c       ?GetPagesHelper@?$ISpecifyPropertyPagesImpl@VCOPOSFiscalPrinter@@@ATL@@IEAAJPEAUtagCAUUID@@PEBUATL_PROPMAP_ENTRY@2@@Z 000000018000800c f i FiscalPrinter.obj
 0001:000071ac       ?GetSizeMax@CComVariant@ATL@@QEBAJPEAT_ULARGE_INTEGER@@@Z 00000001800081ac f i FiscalPrinter.obj
 0001:000073e0       ?GetTI@CComTypeInfoHolder@ATL@@QEAAJK@Z 00000001800083e0 f i FiscalPrinter.obj
 0001:00007658       ?GetZoomInfo@CComControlBase@ATL@@QEAAXAEAUATL_DRAWINFO@@@Z 0000000180008658 f i FiscalPrinter.obj
 0001:000076fc       ?HKeyFromString@CRegParser@ATL@@KAPEAUHKEY__@@PEA_W@Z 00000001800086fc f i FiscalPrinter.obj
 0001:00007760       ?IDataObject_GetData@CComControlBase@ATL@@QEAAJPEAUtagFORMATETC@@PEAUtagSTGMEDIUM@@@Z 0000000180008760 f i FiscalPrinter.obj
 0001:00007954       ?IOleInPlaceObject_InPlaceDeactivate@CComControlBase@ATL@@QEAAJXZ 0000000180008954 f i FiscalPrinter.obj
 0001:000079f4       ?IOleInPlaceObject_SetObjectRects@CComControlBase@ATL@@QEAAJPEBUtagRECT@@0@Z 00000001800089f4 f i FiscalPrinter.obj
 0001:00007ae4       ?IOleInPlaceObject_UIDeactivate@CComControlBase@ATL@@QEAAJXZ 0000000180008ae4 f i FiscalPrinter.obj
 0001:00007bf0       ?IOleObject_Close@CComControlBase@ATL@@QEAAJK@Z 0000000180008bf0 f i FiscalPrinter.obj
 0001:00007d08       ?IOleObject_SetClientSite@CComControlBase@ATL@@QEAAJPEAUIOleClientSite@@@Z 0000000180008d08 f i FiscalPrinter.obj
 0001:00007d80       ?IOleObject_SetExtent@CComControlBase@ATL@@QEAAJKPEAUtagSIZE@@@Z 0000000180008d80 f i FiscalPrinter.obj
 0001:00007e18       ?IPSI_GetIPersistStreamInit@?$IPersistStorageImpl@VCOPOSFiscalPrinter@@@ATL@@AEAAPEAUIPersistStreamInit@@XZ 0000000180008e18 f i FiscalPrinter.obj
 0001:00007e74       ?IQuickActivate_QuickActivate@CComControlBase@ATL@@QEAAJPEAUtagQACONTAINER@@PEAUtagQACONTROL@@@Z 0000000180008e74 f i FiscalPrinter.obj
 0001:00008138       ?IViewObject_Draw@CComControlBase@ATL@@QEAAJKJPEAXPEAUtagDVTARGETDEVICE@@PEAUHDC__@@2PEBU_RECTL@@3@Z 0000000180009138 f i FiscalPrinter.obj
 0001:0000824c       ?InPlaceActivate@CComControlBase@ATL@@QEAAJJPEBUtagRECT@@@Z 000000018000924c f i FiscalPrinter.obj
 0001:00008584       ?Init@?$CComEnumImpl@UIEnumConnectionPoints@@$1?_GUID_b196b285_bab4_101a_b69c_00aa00341d07@@3U__s_GUID@@BPEAUIConnectionPoint@@V?$_CopyInterface@UIConnectionPoint@@@ATL@@@ATL@@QEAAJPEAPEAUIConnectionPoint@@0PEAUIUnknown@@W4CComEnumFlags@2@@Z 0000000180009584 f i FiscalPrinter.obj
 0001:000086a4       ?Init@?$CComEnumImpl@UIEnumConnections@@$1?_GUID_b196b287_bab4_101a_b69c_00aa00341d07@@3U__s_GUID@@BUtagCONNECTDATA@@V?$_Copy@UtagCONNECTDATA@@@ATL@@@ATL@@QEAAJPEAUtagCONNECTDATA@@0PEAUIUnknown@@W4CComEnumFlags@2@@Z 00000001800096a4 f i FiscalPrinter.obj
 0001:000087c8       ?IsEqualObject@?$CComPtrBase@UITypeInfo@@@ATL@@QEAA_NPEAUIUnknown@@@Z 00000001800097c8 f i FiscalPrinter.obj
 0001:000087c8       ?IsEqualObject@?$CComPtrBase@UIOleClientSite@@@ATL@@QEAA_NPEAUIUnknown@@@Z 00000001800097c8 f i FiscalPrinter.obj
 0001:00008854       ?LoadNameCache@CComTypeInfoHolder@ATL@@QEAAJPEAUITypeInfo@@@Z 0000000180009854 f i FiscalPrinter.obj
 0001:000089d8       ?Lookup@?$CSimpleMap@PEA_WPEA_WVCExpansionVectorEqualHelper@ATL@@@ATL@@QEBAPEA_WAEBQEA_W@Z 00000001800099d8 f i FiscalPrinter.obj
 0001:00008a64       ?NextToken@CRegParser@ATL@@IEAAJPEA_W@Z 0000000180009a64 f i FiscalPrinter.obj
 0001:00008c1c       ?OnKillFocus@CComControlBase@ATL@@QEAA_JI_K_JAEAH@Z 0000000180009c1c f i FiscalPrinter.obj
 0001:00008cb8       ?OnMouseActivate@CComControlBase@ATL@@QEAA_JI_K_JAEAH@Z 0000000180009cb8 f i FiscalPrinter.obj
 0001:00008d58       ?OnPaint@CComControlBase@ATL@@QEAA_JI_K_JAEAH@Z 0000000180009d58 f i FiscalPrinter.obj
 0001:00008e44       ?OnSetFocus@CComControlBase@ATL@@QEAA_JI_K_JAEAH@Z 0000000180009e44 f i FiscalPrinter.obj
 0001:00008f40       ?Open@CRegKey@ATL@@QEAAJPEAUHKEY__@@PEB_WK@Z 0000000180009f40 f i FiscalPrinter.obj
 0001:00008fcc       ?PreProcessBuffer@CRegParser@ATL@@QEAAJPEA_WPEAPEA_W@Z 0000000180009fcc f i FiscalPrinter.obj
 0001:00009350       ?ProcessWindowMessage@?$CComControl@VCOPOSFiscalPrinter@@V?$CWindowImpl@VCOPOSFiscalPrinter@@VCWindow@ATL@@V?$CWinTraits@$0FGAAAAAA@$0A@@3@@ATL@@@ATL@@UEAAHPEAUHWND__@@I_K_JAEA_JK@Z 000000018000a350 f i FiscalPrinter.obj
 0001:00009434       ?PutProperty@?$CComPtr@UIDispatch@@@ATL@@SAJPEAUIDispatch@@JPEAUtagVARIANT@@@Z 000000018000a434 f i FiscalPrinter.obj
 0001:00009538       ?ReadFromStream@CComBSTR@ATL@@QEAAJPEAUIStream@@@Z 000000018000a538 f i FiscalPrinter.obj
 0001:00009694       ?ReadFromStream@CComVariant@ATL@@QEAAJPEAUIStream@@GTClassesAllowedInStream@2@K@Z 000000018000a694 f i FiscalPrinter.obj
 0001:000098a4       ?RecurseDeleteKey@CRegKey@ATL@@QEAAJPEB_W@Z 000000018000a8a4 f i FiscalPrinter.obj
 0001:000099b0       ?RegCreateKeyExW@CAtlTransactionManager@ATL@@QEAAJPEAUHKEY__@@PEB_WKPEA_WKKQEAU_SECURITY_ATTRIBUTES@@PEAPEAU3@PEAK@Z 000000018000a9b0 f i FiscalPrinter.obj
 0001:00009ae4       ?RegDeleteKeyW@CAtlTransactionManager@ATL@@QEAAJPEAUHKEY__@@PEB_W@Z 000000018000aae4 f i FiscalPrinter.obj
 0001:00009b70       ?RegOpenKeyExW@CAtlTransactionManager@ATL@@QEAAJPEAUHKEY__@@PEB_WKKPEAPEAU3@@Z 000000018000ab70 f i FiscalPrinter.obj
 0001:00009c28       ?RegisterBuffer@CRegParser@ATL@@QEAAJPEA_WH@Z 000000018000ac28 f i FiscalPrinter.obj
 0001:00009d90       ?RegisterFromResource@CRegObject@ATL@@IEAAJPEB_W00H@Z 000000018000ad90 f i FiscalPrinter.obj
 0001:00009f4c       ?RegisterServer@CComModule@ATL@@QEAAJHPEBU_GUID@@@Z 000000018000af4c f i FiscalPrinter.obj
 0001:0000a00c       ?RegisterSubkeys@CRegParser@ATL@@IEAAJPEA_WPEAUHKEY__@@HH@Z 000000018000b00c f i FiscalPrinter.obj
 0001:0000a700       ?SendOnDataChange@CComControlBase@ATL@@QEAAJK@Z 000000018000b700 f i FiscalPrinter.obj
 0001:0000a770       ?SetControlFocus@CComControlBase@ATL@@QEAAHH@Z 000000018000b770 f i FiscalPrinter.obj
 0001:0000a84c       ?SkipAssignment@CRegParser@ATL@@IEAAJPEA_W@Z 000000018000b84c f i FiscalPrinter.obj
 0001:0000a8f0       ?Term@CComModule@ATL@@QEAAXXZ 000000018000b8f0 f i FiscalPrinter.obj
 0001:0000a99c       ?UnregisterServer@CComModule@ATL@@QEAAJHPEBU_GUID@@@Z 000000018000b99c f i FiscalPrinter.obj
 0001:0000aa4c       ?UpdateRegistryFromResource@CAtlModule@ATL@@QEAAJIHPEAU_ATL_REGMAP_ENTRY@2@@Z 000000018000ba4c f i FiscalPrinter.obj
 0001:0000ad84       ?UpdateRegistryFromResource@CAtlModule@ATL@@QEAAJPEB_WHPEAU_ATL_REGMAP_ENTRY@2@@Z 000000018000bd84 f i FiscalPrinter.obj
 0001:0000b0dc       ?VTFromRegType@CRegParser@ATL@@KAHPEB_WAEAG@Z 000000018000c0dc f i FiscalPrinter.obj
 0001:0000b178       ?WindowProc@?$CWindowImplBaseT@VCWindow@ATL@@V?$CWinTraits@$0FGAAAAAA@$0A@@2@@ATL@@SA_JPEAUHWND__@@I_K_J@Z 000000018000c178 f i FiscalPrinter.obj
 0001:0000b2e4       ?WriteToStream@CComBSTR@ATL@@QEAAJPEAUIStream@@@Z 000000018000c2e4 f i FiscalPrinter.obj
 0001:0000b364       ?WriteToStream@CComVariant@ATL@@QEAAJPEAUIStream@@@Z 000000018000c364 f i FiscalPrinter.obj
 0001:0000b578       ?WriteToStream@CComVariant@ATL@@QEAAJPEAUIStream@@G@Z 000000018000c578 f i FiscalPrinter.obj
 0001:0000b610       ?_AtlVerifyStackAvailable@_ATL_SAFE_ALLOCA_IMPL@ATL@@YA_N_K@Z 000000018000c610 f i FiscalPrinter.obj
 0001:0000b694       ?atlCreate@?$CWindowImpl@VCOPOSFiscalPrinter@@VCWindow@ATL@@V?$CWinTraits@$0FGAAAAAA@$0A@@3@@ATL@@QEAAPEAUHWND__@@PEAU3@V_U_RECT@2@PEB_WKKV_U_MENUorID@2@PEAX@Z 000000018000c694 f i FiscalPrinter.obj
 0001:0000b744       ?atlCreate@?$CWindowImplBaseT@VCWindow@ATL@@V?$CWinTraits@$0FGAAAAAA@$0A@@2@@ATL@@QEAAPEAUHWND__@@PEAU3@V_U_RECT@2@PEB_WKKV_U_MENUorID@2@GPEAX@Z 000000018000c744 f i FiscalPrinter.obj
 0001:0000b8b4       ?atlCreate@CRegKey@ATL@@QEAAJPEAUHKEY__@@PEB_WPEA_WKKPEAU_SECURITY_ATTRIBUTES@@PEAK@Z 000000018000c8b4 f i FiscalPrinter.obj
 0001:0000b9a0       DllCanUnloadNow            000000018000c9a0 f   FiscalPrinter.obj
 0001:0000b9ac       DllGetClassObject          000000018000c9ac f   FiscalPrinter.obj
 0001:0000b9c4       DllMain                    000000018000c9c4 f   FiscalPrinter.obj
 0001:0000ba6c       DllRegisterServer          000000018000ca6c f   FiscalPrinter.obj
 0001:0000ba80       DllUnregisterServer        000000018000ca80 f   FiscalPrinter.obj
 0001:0000ba94       __local_stdio_printf_options 000000018000ca94 f i FiscalPrinter.obj
 0001:0000bb24       swprintf_s                 000000018000cb24 f i FiscalPrinter.obj
 0001:0000bb78       ??0COPOSFiscalPrinter@@QEAA@XZ 000000018000cb78 f   FiscalPrinterImpl.obj
 0001:0000bc40       ??1?$IConnectionPointImpl@VCOPOSFiscalPrinter@@$1?DIID__IOPOSFiscalPrinterEvents@@3U_GUID@@BVCComDynamicUnkArray@ATL@@@ATL@@QEAA@XZ 000000018000cc40 f i FiscalPrinterImpl.obj
 0001:0000bc40       ??1?$IConnectionPointImpl@VCOPOSFiscalPrinter@@$1?IID_IPropertyNotifySink@@3U_GUID@@BVCComDynamicUnkArray@ATL@@@ATL@@QEAA@XZ 000000018000cc40 f i FiscalPrinterImpl.obj
 0001:0000bc9c       ??1CComControlBase@ATL@@UEAA@XZ 000000018000cc9c f i FiscalPrinterImpl.obj
 0001:0000bd18       ??1COPOSFiscalPrinter@@UEAA@XZ 000000018000cd18 f   FiscalPrinterImpl.obj
 0001:0000bd7c       ?BeginFiscalDocument@COPOSFiscalPrinter@@UEAAJJPEAJ@Z 000000018000cd7c f   FiscalPrinterImpl.obj
 0001:0000bdf8       ?BeginFiscalReceipt@COPOSFiscalPrinter@@UEAAJFPEAJ@Z 000000018000cdf8 f   FiscalPrinterImpl.obj
 0001:0000be74       ?BeginFixedOutput@COPOSFiscalPrinter@@UEAAJJJPEAJ@Z 000000018000ce74 f   FiscalPrinterImpl.obj
 0001:0000bf40       ?BeginInsertion@COPOSFiscalPrinter@@UEAAJJPEAJ@Z 000000018000cf40 f   FiscalPrinterImpl.obj
 0001:0000bfbc       ?BeginItemList@COPOSFiscalPrinter@@UEAAJJPEAJ@Z 000000018000cfbc f   FiscalPrinterImpl.obj
 0001:0000c038       ?BeginNonFiscal@COPOSFiscalPrinter@@UEAAJPEAJ@Z 000000018000d038 f   FiscalPrinterImpl.obj
 0001:0000c060       ?BeginRemoval@COPOSFiscalPrinter@@UEAAJJPEAJ@Z 000000018000d060 f   FiscalPrinterImpl.obj
 0001:0000c0dc       ?BeginTraining@COPOSFiscalPrinter@@UEAAJPEAJ@Z 000000018000d0dc f   FiscalPrinterImpl.obj
 0001:0000c104       ?CheckHealth@COPOSFiscalPrinter@@UEAAJJPEAJ@Z 000000018000d104 f   FiscalPrinterImpl.obj
 0001:0000c180       ?ClaimDevice@COPOSFiscalPrinter@@UEAAJJPEAJ@Z 000000018000d180 f   FiscalPrinterImpl.obj
 0001:0000c220       ?ClearError@COPOSFiscalPrinter@@UEAAJPEAJ@Z 000000018000d220 f   FiscalPrinterImpl.obj
 0001:0000c248       ?ClearOutput@COPOSFiscalPrinter@@UEAAJPEAJ@Z 000000018000d248 f   FiscalPrinterImpl.obj
 0001:0000c270       ?Close@COPOSFiscalPrinter@@UEAAJPEAJ@Z 000000018000d270 f   FiscalPrinterImpl.obj
 0001:0000c328       ?CompareFirmwareVersion@COPOSFiscalPrinter@@UEAAJPEA_WPEAJ1@Z 000000018000d328 f   FiscalPrinterImpl.obj
 0001:0000c404       ?DirectIO@COPOSFiscalPrinter@@UEAAJJPEAJPEAPEA_W0@Z 000000018000d404 f   FiscalPrinterImpl.obj
 0001:0000c500       ?DoInvoke@COPOSFiscalPrinter@@IEAAJJPEAVOposVariant@@IHPEAJ_N@Z 000000018000d500 f   FiscalPrinterImpl.obj
 0001:0000c634       ?EndFiscalDocument@COPOSFiscalPrinter@@UEAAJPEAJ@Z 000000018000d634 f   FiscalPrinterImpl.obj
 0001:0000c65c       ?EndFiscalReceipt@COPOSFiscalPrinter@@UEAAJFPEAJ@Z 000000018000d65c f   FiscalPrinterImpl.obj
 0001:0000c6d8       ?EndFixedOutput@COPOSFiscalPrinter@@UEAAJPEAJ@Z 000000018000d6d8 f   FiscalPrinterImpl.obj
 0001:0000c700       ?EndInsertion@COPOSFiscalPrinter@@UEAAJPEAJ@Z 000000018000d700 f   FiscalPrinterImpl.obj
 0001:0000c728       ?EndItemList@COPOSFiscalPrinter@@UEAAJPEAJ@Z 000000018000d728 f   FiscalPrinterImpl.obj
 0001:0000c750       ?EndNonFiscal@COPOSFiscalPrinter@@UEAAJPEAJ@Z 000000018000d750 f   FiscalPrinterImpl.obj
 0001:0000c778       ?EndRemoval@COPOSFiscalPrinter@@UEAAJPEAJ@Z 000000018000d778 f   FiscalPrinterImpl.obj
 0001:0000c7a0       ?EndTraining@COPOSFiscalPrinter@@UEAAJPEAJ@Z 000000018000d7a0 f   FiscalPrinterImpl.obj
 0001:0000c7c8       ?EventInit@COPOSFiscalPrinter@@IEAAJXZ 000000018000d7c8 f i FiscalPrinterImpl.obj
 0001:0000c910       ?EventUninit@COPOSFiscalPrinter@@IEAAXXZ 000000018000d910 f i FiscalPrinterImpl.obj
 0001:0000c974       ?EventWindowProc@COPOSFiscalPrinter@@IEAA_JI_K_J@Z 000000018000d974 f i FiscalPrinterImpl.obj
 0001:0000cb0c       ?FinalConstruct@COPOSFiscalPrinter@@QEAAJXZ 000000018000db0c f   FiscalPrinterImpl.obj
 0001:0000cb48       ?FreezeEvents@COPOSFiscalPrinter@@MEAAJH@Z 000000018000db48 f   FiscalPrinterImpl.obj
 0001:0000cbbc       ?GetData@COPOSFiscalPrinter@@UEAAJJPEAJPEAPEA_W0@Z 000000018000dbbc f   FiscalPrinterImpl.obj
 0001:0000ccb8       ?GetDate@COPOSFiscalPrinter@@UEAAJPEAPEA_WPEAJ@Z 000000018000dcb8 f   FiscalPrinterImpl.obj
 0001:0000cd40       ?GetOposProp@COPOSFiscalPrinter@@IEAAJJPEAJJ@Z 000000018000dd40 f   FiscalPrinterImpl.obj
 0001:0000ce5c       ?GetOposProp@COPOSFiscalPrinter@@IEAAJJPEAPEA_WJ@Z 000000018000de5c f   FiscalPrinterImpl.obj
 0001:0000cf88       ?GetTotalizer@COPOSFiscalPrinter@@UEAAJJJPEAPEA_WPEAJ@Z 000000018000df88 f   FiscalPrinterImpl.obj
 0001:0000d080       ?GetVatEntry@COPOSFiscalPrinter@@UEAAJJJPEAJ0@Z 000000018000e080 f   FiscalPrinterImpl.obj
 0001:0000d178       ?OnDraw@COPOSFiscalPrinter@@MEAAJAEAUATL_DRAWINFO@@@Z 000000018000e178 f   FiscalPrinterImpl.obj
 0001:0000d264       ?Open@COPOSFiscalPrinter@@UEAAJPEA_WPEAJ@Z 000000018000e264 f   FiscalPrinterImpl.obj
 0001:0000dae0       ?PrintDuplicateReceipt@COPOSFiscalPrinter@@UEAAJPEAJ@Z 000000018000eae0 f   FiscalPrinterImpl.obj
 0001:0000db08       ?PrintFiscalDocumentLine@COPOSFiscalPrinter@@UEAAJPEA_WPEAJ@Z 000000018000eb08 f   FiscalPrinterImpl.obj
 0001:0000db90       ?PrintFixedOutput@COPOSFiscalPrinter@@UEAAJJJPEA_WPEAJ@Z 000000018000eb90 f   FiscalPrinterImpl.obj
 0001:0000dc88       ?PrintNormal@COPOSFiscalPrinter@@UEAAJJPEA_WPEAJ@Z 000000018000ec88 f   FiscalPrinterImpl.obj
 0001:0000dd60       ?PrintPeriodicTotalsReport@COPOSFiscalPrinter@@UEAAJPEA_W0PEAJ@Z 000000018000ed60 f   FiscalPrinterImpl.obj
 0001:0000de3c       ?PrintPowerLossReport@COPOSFiscalPrinter@@UEAAJPEAJ@Z 000000018000ee3c f   FiscalPrinterImpl.obj
 0001:0000de64       ?PrintRecCash@COPOSFiscalPrinter@@UEAAJTtagCY@@PEAJ@Z 000000018000ee64 f   FiscalPrinterImpl.obj
 0001:0000dee0       ?PrintRecItem@COPOSFiscalPrinter@@UEAAJPEA_WTtagCY@@JJ10PEAJ@Z 000000018000eee0 f   FiscalPrinterImpl.obj
 0001:0000e00c       ?PrintRecItemAdjustment@COPOSFiscalPrinter@@UEAAJJPEA_WTtagCY@@JPEAJ@Z 000000018000f00c f   FiscalPrinterImpl.obj
 0001:0000e100       ?PrintRecItemAdjustmentVoid@COPOSFiscalPrinter@@UEAAJJPEA_WTtagCY@@JPEAJ@Z 000000018000f100 f   FiscalPrinterImpl.obj
 0001:0000e1f4       ?PrintRecItemFuel@COPOSFiscalPrinter@@UEAAJPEA_WTtagCY@@JJ1010PEAJ@Z 000000018000f1f4 f   FiscalPrinterImpl.obj
 0001:0000e348       ?PrintRecItemFuelVoid@COPOSFiscalPrinter@@UEAAJPEA_WTtagCY@@J1PEAJ@Z 000000018000f348 f   FiscalPrinterImpl.obj
 0001:0000e43c       ?PrintRecItemRefund@COPOSFiscalPrinter@@UEAAJPEA_WTtagCY@@JJ10PEAJ@Z 000000018000f43c f   FiscalPrinterImpl.obj
 0001:0000e568       ?PrintRecItemRefundVoid@COPOSFiscalPrinter@@UEAAJPEA_WTtagCY@@JJ10PEAJ@Z 000000018000f568 f   FiscalPrinterImpl.obj
 0001:0000e694       ?PrintRecItemVoid@COPOSFiscalPrinter@@UEAAJPEA_WTtagCY@@JJ10PEAJ@Z 000000018000f694 f   FiscalPrinterImpl.obj
 0001:0000e7c0       ?PrintRecMessage@COPOSFiscalPrinter@@UEAAJPEA_WPEAJ@Z 000000018000f7c0 f   FiscalPrinterImpl.obj
 0001:0000e848       ?PrintRecNotPaid@COPOSFiscalPrinter@@UEAAJPEA_WTtagCY@@PEAJ@Z 000000018000f848 f   FiscalPrinterImpl.obj
 0001:0000e920       ?PrintRecPackageAdjustVoid@COPOSFiscalPrinter@@UEAAJJPEA_WPEAJ@Z 000000018000f920 f   FiscalPrinterImpl.obj
 0001:0000e9f8       ?PrintRecPackageAdjustment@COPOSFiscalPrinter@@UEAAJJPEA_W0PEAJ@Z 000000018000f9f8 f   FiscalPrinterImpl.obj
 0001:0000eaf4       ?PrintRecRefund@COPOSFiscalPrinter@@UEAAJPEA_WTtagCY@@JPEAJ@Z 000000018000faf4 f   FiscalPrinterImpl.obj
 0001:0000ebec       ?PrintRecRefundVoid@COPOSFiscalPrinter@@UEAAJPEA_WTtagCY@@JPEAJ@Z 000000018000fbec f   FiscalPrinterImpl.obj
 0001:0000ece4       ?PrintRecSubtotal@COPOSFiscalPrinter@@UEAAJTtagCY@@PEAJ@Z 000000018000fce4 f   FiscalPrinterImpl.obj
 0001:0000ed60       ?PrintRecSubtotalAdjustVoid@COPOSFiscalPrinter@@UEAAJJTtagCY@@PEAJ@Z 000000018000fd60 f   FiscalPrinterImpl.obj
 0001:0000ee2c       ?PrintRecSubtotalAdjustment@COPOSFiscalPrinter@@UEAAJJPEA_WTtagCY@@PEAJ@Z 000000018000fe2c f   FiscalPrinterImpl.obj
 0001:0000ef24       ?PrintRecTaxID@COPOSFiscalPrinter@@UEAAJPEA_WPEAJ@Z 000000018000ff24 f   FiscalPrinterImpl.obj
 0001:0000efac       ?PrintRecTotal@COPOSFiscalPrinter@@UEAAJTtagCY@@0PEA_WPEAJ@Z 000000018000ffac f   FiscalPrinterImpl.obj
 0001:0000f0a4       ?PrintRecVoid@COPOSFiscalPrinter@@UEAAJPEA_WPEAJ@Z 00000001800100a4 f   FiscalPrinterImpl.obj
 0001:0000f12c       ?PrintRecVoidItem@COPOSFiscalPrinter@@UEAAJPEA_WTtagCY@@JJ1JPEAJ@Z 000000018001012c f   FiscalPrinterImpl.obj
 0001:0000f248       ?PrintReport@COPOSFiscalPrinter@@UEAAJJPEA_W0PEAJ@Z 0000000180010248 f   FiscalPrinterImpl.obj
 0001:0000f344       ?PrintXReport@COPOSFiscalPrinter@@UEAAJPEAJ@Z 0000000180010344 f   FiscalPrinterImpl.obj
 0001:0000f36c       ?PrintZReport@COPOSFiscalPrinter@@UEAAJPEAJ@Z 000000018001036c f   FiscalPrinterImpl.obj
 0001:0000f394       ?ReleaseDevice@COPOSFiscalPrinter@@UEAAJPEAJ@Z 0000000180010394 f   FiscalPrinterImpl.obj
 0001:0000f400       ?ResetPrinterW@COPOSFiscalPrinter@@UEAAJPEAJ@Z 0000000180010400 f   FiscalPrinterImpl.obj
 0001:0000f428       ?ResetStatistics@COPOSFiscalPrinter@@UEAAJPEA_WPEAJ@Z 0000000180010428 f   FiscalPrinterImpl.obj
 0001:0000f4b0       ?RetrieveStatistics@COPOSFiscalPrinter@@UEAAJPEAPEA_WPEAJ@Z 00000001800104b0 f   FiscalPrinterImpl.obj
 0001:0000f538       ?SOProcessID@COPOSFiscalPrinter@@UEAAJPEAJ@Z 0000000180010538 f   FiscalPrinterImpl.obj
 0001:0000f554       ?SetCOFreezeEvents@COPOSFiscalPrinter@@IEAAXF@Z 0000000180010554 f   FiscalPrinterImpl.obj
 0001:0000f638       ?SetCurrency@COPOSFiscalPrinter@@UEAAJJPEAJ@Z 0000000180010638 f   FiscalPrinterImpl.obj
 0001:0000f6b4       ?SetDate@COPOSFiscalPrinter@@UEAAJPEA_WPEAJ@Z 00000001800106b4 f   FiscalPrinterImpl.obj
 0001:0000f73c       ?SetHeaderLine@COPOSFiscalPrinter@@UEAAJJPEA_WFPEAJ@Z 000000018001073c f   FiscalPrinterImpl.obj
 0001:0000f834       ?SetOposProp@COPOSFiscalPrinter@@IEAAJJJJ@Z 0000000180010834 f   FiscalPrinterImpl.obj
 0001:0000f994       ?SetOposProp@COPOSFiscalPrinter@@IEAAJJPEA_WJ@Z 0000000180010994 f   FiscalPrinterImpl.obj
 0001:0000faec       ?SetPOSID@COPOSFiscalPrinter@@UEAAJPEA_W0PEAJ@Z 0000000180010aec f   FiscalPrinterImpl.obj
 0001:0000fbc8       ?SetStoreFiscalID@COPOSFiscalPrinter@@UEAAJPEA_WPEAJ@Z 0000000180010bc8 f   FiscalPrinterImpl.obj
 0001:0000fc50       ?SetTrailerLine@COPOSFiscalPrinter@@UEAAJJPEA_WFPEAJ@Z 0000000180010c50 f   FiscalPrinterImpl.obj
 0001:0000fd48       ?SetVatTable@COPOSFiscalPrinter@@UEAAJPEAJ@Z 0000000180010d48 f   FiscalPrinterImpl.obj
 0001:0000fd70       ?SetVatValue@COPOSFiscalPrinter@@UEAAJJPEA_WPEAJ@Z 0000000180010d70 f   FiscalPrinterImpl.obj
 0001:0000fe48       ?UpdateFirmware@COPOSFiscalPrinter@@UEAAJPEA_WPEAJ@Z 0000000180010e48 f   FiscalPrinterImpl.obj
 0001:0000fed0       ?UpdateStatistics@COPOSFiscalPrinter@@UEAAJPEA_WPEAJ@Z 0000000180010ed0 f   FiscalPrinterImpl.obj
 0001:0000ff58       ?VerifyItem@COPOSFiscalPrinter@@UEAAJPEA_WJPEAJ@Z 0000000180010f58 f   FiscalPrinterImpl.obj
 0001:00010030       ?get_ActualCurrency@COPOSFiscalPrinter@@UEAAJPEAJ@Z 0000000180011030 f   FiscalPrinterImpl.obj
 0001:00010044       ?get_AdditionalHeader@COPOSFiscalPrinter@@UEAAJPEAPEA_W@Z 0000000180011044 f   FiscalPrinterImpl.obj
 0001:00010058       ?get_AdditionalTrailer@COPOSFiscalPrinter@@UEAAJPEAPEA_W@Z 0000000180011058 f   FiscalPrinterImpl.obj
 0001:0001006c       ?get_AmountDecimalPlaces@COPOSFiscalPrinter@@UEAAJPEAJ@Z 000000018001106c f   FiscalPrinterImpl.obj
 0001:00010080       ?get_AsyncMode@COPOSFiscalPrinter@@UEAAJPEAF@Z 0000000180011080 f   FiscalPrinterImpl.obj
 0001:000100b4       ?get_BinaryConversion@COPOSFiscalPrinter@@UEAAJPEAJ@Z 00000001800110b4 f   FiscalPrinterImpl.obj
 0001:000100c8       ?get_CapAdditionalHeader@COPOSFiscalPrinter@@UEAAJPEAF@Z 00000001800110c8 f   FiscalPrinterImpl.obj
 0001:000100fc       ?get_CapAdditionalLines@COPOSFiscalPrinter@@UEAAJPEAF@Z 00000001800110fc f   FiscalPrinterImpl.obj
 0001:00010130       ?get_CapAdditionalTrailer@COPOSFiscalPrinter@@UEAAJPEAF@Z 0000000180011130 f   FiscalPrinterImpl.obj
 0001:00010164       ?get_CapAmountAdjustment@COPOSFiscalPrinter@@UEAAJPEAF@Z 0000000180011164 f   FiscalPrinterImpl.obj
 0001:00010198       ?get_CapAmountNotPaid@COPOSFiscalPrinter@@UEAAJPEAF@Z 0000000180011198 f   FiscalPrinterImpl.obj
 0001:000101cc       ?get_CapChangeDue@COPOSFiscalPrinter@@UEAAJPEAF@Z 00000001800111cc f   FiscalPrinterImpl.obj
 0001:00010200       ?get_CapCheckTotal@COPOSFiscalPrinter@@UEAAJPEAF@Z 0000000180011200 f   FiscalPrinterImpl.obj
 0001:00010234       ?get_CapCompareFirmwareVersion@COPOSFiscalPrinter@@UEAAJPEAF@Z 0000000180011234 f   FiscalPrinterImpl.obj
 0001:00010268       ?get_CapCoverSensor@COPOSFiscalPrinter@@UEAAJPEAF@Z 0000000180011268 f   FiscalPrinterImpl.obj
 0001:0001029c       ?get_CapDoubleWidth@COPOSFiscalPrinter@@UEAAJPEAF@Z 000000018001129c f   FiscalPrinterImpl.obj
 0001:000102d0       ?get_CapDuplicateReceipt@COPOSFiscalPrinter@@UEAAJPEAF@Z 00000001800112d0 f   FiscalPrinterImpl.obj
 0001:00010304       ?get_CapEmptyReceiptIsVoidable@COPOSFiscalPrinter@@UEAAJPEAF@Z 0000000180011304 f   FiscalPrinterImpl.obj
 0001:00010338       ?get_CapFiscalReceiptStation@COPOSFiscalPrinter@@UEAAJPEAF@Z 0000000180011338 f   FiscalPrinterImpl.obj
 0001:0001036c       ?get_CapFiscalReceiptType@COPOSFiscalPrinter@@UEAAJPEAF@Z 000000018001136c f   FiscalPrinterImpl.obj
 0001:000103a0       ?get_CapFixedOutput@COPOSFiscalPrinter@@UEAAJPEAF@Z 00000001800113a0 f   FiscalPrinterImpl.obj
 0001:000103d4       ?get_CapHasVatTable@COPOSFiscalPrinter@@UEAAJPEAF@Z 00000001800113d4 f   FiscalPrinterImpl.obj
 0001:00010408       ?get_CapIndependentHeader@COPOSFiscalPrinter@@UEAAJPEAF@Z 0000000180011408 f   FiscalPrinterImpl.obj
 0001:0001043c       ?get_CapItemList@COPOSFiscalPrinter@@UEAAJPEAF@Z 000000018001143c f   FiscalPrinterImpl.obj
 0001:00010470       ?get_CapJrnEmptySensor@COPOSFiscalPrinter@@UEAAJPEAF@Z 0000000180011470 f   FiscalPrinterImpl.obj
 0001:000104a4       ?get_CapJrnNearEndSensor@COPOSFiscalPrinter@@UEAAJPEAF@Z 00000001800114a4 f   FiscalPrinterImpl.obj
 0001:000104d8       ?get_CapJrnPresent@COPOSFiscalPrinter@@UEAAJPEAF@Z 00000001800114d8 f   FiscalPrinterImpl.obj
 0001:0001050c       ?get_CapMultiContractor@COPOSFiscalPrinter@@UEAAJPEAF@Z 000000018001150c f   FiscalPrinterImpl.obj
 0001:00010540       ?get_CapNonFiscalMode@COPOSFiscalPrinter@@UEAAJPEAF@Z 0000000180011540 f   FiscalPrinterImpl.obj
 0001:00010574       ?get_CapOnlyVoidLastItem@COPOSFiscalPrinter@@UEAAJPEAF@Z 0000000180011574 f   FiscalPrinterImpl.obj
 0001:000105a8       ?get_CapOrderAdjustmentFirst@COPOSFiscalPrinter@@UEAAJPEAF@Z 00000001800115a8 f   FiscalPrinterImpl.obj
 0001:000105dc       ?get_CapPackageAdjustment@COPOSFiscalPrinter@@UEAAJPEAF@Z 00000001800115dc f   FiscalPrinterImpl.obj
 0001:00010610       ?get_CapPercentAdjustment@COPOSFiscalPrinter@@UEAAJPEAF@Z 0000000180011610 f   FiscalPrinterImpl.obj
 0001:00010644       ?get_CapPositiveAdjustment@COPOSFiscalPrinter@@UEAAJPEAF@Z 0000000180011644 f   FiscalPrinterImpl.obj
 0001:00010678       ?get_CapPositiveSubtotalAdjustment@COPOSFiscalPrinter@@UEAAJPEAF@Z 0000000180011678 f   FiscalPrinterImpl.obj
 0001:000106ac       ?get_CapPostPreLine@COPOSFiscalPrinter@@UEAAJPEAF@Z 00000001800116ac f   FiscalPrinterImpl.obj
 0001:000106e0       ?get_CapPowerLossReport@COPOSFiscalPrinter@@UEAAJPEAF@Z 00000001800116e0 f   FiscalPrinterImpl.obj
 0001:00010714       ?get_CapPowerReporting@COPOSFiscalPrinter@@UEAAJPEAJ@Z 0000000180011714 f   FiscalPrinterImpl.obj
 0001:00010728       ?get_CapPredefinedPaymentLines@COPOSFiscalPrinter@@UEAAJPEAF@Z 0000000180011728 f   FiscalPrinterImpl.obj
[...]
 0004:00001d88       $pdata$__acrt_SetThreadStackGuarantee 0000000180038d88     libucrt:winapi_thunks.obj
 0004:00001d94       $pdata$?try_get_function@@YAPEAXW4function_id@?A0x391cf84c@@QEBDQEBW4module_id@2@2@Z 0000000180038d94     libucrt:winapi_thunks.obj
 0004:00001da0       $pdata$wcstol              0000000180038da0     libucrt:strtox.obj
 0004:00001dac       $pdata$_mbtowc_l           0000000180038dac     libucrt:mbtowc.obj
 0004:00001db8       $pdata$__acrt_update_locale_info 0000000180038db8     libucrt:locale_update.obj
 0004:00001dc4       $pdata$__acrt_update_multibyte_info 0000000180038dc4     libucrt:locale_update.obj
 0004:00001dd0       $pdata$__acrt_fp_format    0000000180038dd0     libucrt:cvt.obj
 0004:00001ddc       $pdata$?fp_format_e_internal@@YAHQEAD_KH_NIQEAU_strflt@@2QEAU__crt_locale_pointers@@@Z 0000000180038ddc     libucrt:cvt.obj
 0004:00001de8       $pdata$?fp_format_e@@YAHQEBNQEAD_K12H_NIQEAU__crt_locale_pointers@@@Z 0000000180038de8     libucrt:cvt.obj
 0004:00001df4       $pdata$?fp_format_a@@YAHQEBNPEAD_KQEAD2H_NIQEAU__crt_locale_pointers@@@Z 0000000180038df4     libucrt:cvt.obj
 0004:00001e00       $pdata$?fp_format_f_internal@@YAHQEAD_KHQEAU_strflt@@_NQEAU__crt_locale_pointers@@@Z 0000000180038e00     libucrt:cvt.obj
 0004:00001e0c       $pdata$?fp_format_g@@YAHQEBNQEAD_K12H_NIQEAU__crt_locale_pointers@@@Z 0000000180038e0c     libucrt:cvt.obj
 0004:00001e18       $pdata$_fileno             0000000180038e18     libucrt:fileno.obj
 0004:00001e24       $pdata$__acrt_initialize_stdio 0000000180038e24     libucrt:_file.obj
 0004:00001e30       $pdata$__acrt_uninitialize_stdio 0000000180038e30     libucrt:_file.obj
 0004:00001e3c       $pdata$__acrt_uninitialize_locale 0000000180038e3c     libucrt:wsetlocale.obj
 0004:00001e48       $pdata$??$?RV<lambda_410d79af7f07d98d83a3f525b3859a53>@@AEAV<lambda_3e16ef9562a7dcce91392c22ab16ea36>@@V<lambda_38119f0e861e05405d8a144b9b982f0a>@@@?$__crt_seh_guarded_call@X@@QEAAX$$QEAV<lambda_410d79af7f07d98d83a3f525b3859a53>@@AEAV<lambda_3e16ef9562a7dcce91392c22ab16ea36>@@$$QEAV<lambda_38119f0e861e05405d8a144b9b982f0a>@@@Z 0000000180038e48     libucrt:wsetlocale.obj
 0004:00001e54       $pdata$?fin$0@?0???$?RV<lambda_410d79af7f07d98d83a3f525b3859a53>@@AEAV<lambda_3e16ef9562a7dcce91392c22ab16ea36>@@V<lambda_38119f0e861e05405d8a144b9b982f0a>@@@?$__crt_seh_guarded_call@X@@QEAAX$$QEAV<lambda_410d79af7f07d98d83a3f525b3859a53>@@AEAV<lambda_3e16ef9562a7dcce91392c22ab16ea36>@@$$QEAV<lambda_38119f0e861e05405d8a144b9b982f0a>@@@Z@4HA 0000000180038e54     libucrt:wsetlocale.obj
 0004:00001e60       $pdata$__acrt_initialize_lowio 0000000180038e60     libucrt:ioinit.obj
 0004:00001e6c       $pdata$__acrt_lowio_ensure_fh_exists$fin$0 0000000180038e6c     libucrt:osfinfo.obj
 0004:00001e6c       $pdata$__acrt_initialize_lowio$fin$0 0000000180038e6c     libucrt:ioinit.obj
 0004:00001e78       $pdata$__acrt_uninitialize_lowio 0000000180038e78     libucrt:ioinit.obj
 0004:00001e84       $pdata$?initialize_inherited_file_handles_nolock@@YAXXZ 0000000180038e84     libucrt:ioinit.obj
 0004:00001e90       $pdata$?initialize_stdio_handles_nolock@@YAXXZ 0000000180038e90     libucrt:ioinit.obj
 0004:00001e9c       $pdata$__acrt_initialize_locks 0000000180038e9c     libucrt:locks.obj
 0004:00001ea8       $pdata$__acrt_uninitialize_locks 0000000180038ea8     libucrt:locks.obj
 0004:00001eb4       $pdata$__acrt_get_process_end_policy 0000000180038eb4     libucrt:win_policies.obj
 0004:00001ec0       $pdata$??$__acrt_mbs_to_wcs_cp@U__crt_win32_buffer_internal_dynamic_resizing@@@@YAHQEBDAEAV?$__crt_win32_buffer@_WU__crt_win32_buffer_internal_dynamic_resizing@@@@I@Z 0000000180038ec0     libucrt:argv_wildcards.obj
 0004:00001ecc       $pdata$??$__acrt_wcs_to_mbs_cp@U__crt_win32_buffer_internal_dynamic_resizing@@@@YAHQEB_WAEAV?$__crt_win32_buffer@DU__crt_win32_buffer_internal_dynamic_resizing@@@@I@Z 0000000180038ecc     libucrt:argv_wildcards.obj
 0004:00001ed8       $pdata$??$common_expand_argv_wildcards@D@@YAHQEAPEADQEAPEAPEAD@Z 0000000180038ed8     libucrt:argv_wildcards.obj
 0004:00001ee4       $pdata$??$copy_and_add_argument_to_buffer@D@@YAHQEBD0_KAEAV?$argument_list@D@?A0x5f5c8891@@@Z 0000000180038ee4     libucrt:argv_wildcards.obj
 0004:00001ef0       $pdata$??$expand_argument_wildcards@D@@YAHQEAD0AEAV?$argument_list@D@?A0x5f5c8891@@@Z 0000000180038ef0     libucrt:argv_wildcards.obj
 0004:00001efc       $pdata$__acrt_GetModuleFileNameA 0000000180038efc     libucrt:getmodulefilenamea.obj
 0004:00001f08       $pdata$??$__acrt_wcs_to_mbs_cp@U__crt_win32_buffer_no_resizing@@@@YAHQEB_WAEAV?$__crt_win32_buffer@DU__crt_win32_buffer_no_resizing@@@@I@Z 0000000180038f08     libucrt:getmodulefilenamea.obj
 0004:00001f14       $pdata$__acrt_update_thread_multibyte_data 0000000180038f14     libucrt:mbctype.obj
 0004:00001f20       $pdata$__acrt_initialize_multibyte 0000000180038f20     libucrt:mbctype.obj
 0004:00001f2c       $pdata$_setmbcp_nolock     0000000180038f2c     libucrt:mbctype.obj
 0004:00001f38       $pdata$?getSystemCP@@YAHH@Z 0000000180038f38     libucrt:mbctype.obj
 0004:00001f44       $pdata$?setSBCS@@YAXPEAU__crt_multibyte_data@@@Z 0000000180038f44     libucrt:mbctype.obj
 0004:00001f50       $pdata$?update_thread_multibyte_data_internal@@YAPEAU__crt_multibyte_data@@QEAU__acrt_ptd@@QEAPEAU1@@Z 0000000180038f50     libucrt:mbctype.obj
 0004:00001f5c       $pdata$?fin$0@?0??update_thread_multibyte_data_internal@@YAPEAU__crt_multibyte_data@@QEAU__acrt_ptd@@QEAPEAU1@@Z@4HA 0000000180038f5c     libucrt:mbctype.obj
 0004:00001f68       $pdata$?setmbcp_internal@@YAHH_NQEAU__acrt_ptd@@QEAPEAU__crt_multibyte_data@@@Z 0000000180038f68     libucrt:mbctype.obj
 0004:00001f74       $pdata$?setSBUpLow@@YAXPEAU__crt_multibyte_data@@@Z 0000000180038f74     libucrt:mbctype.obj
 0004:00001f80       $pdata$??$?RV<lambda_efdfa57d1f175319df784efa44bb7b81>@@AEAV<lambda_5f0a4c1567f8adc6734073e5d1e1b35c>@@V<lambda_2e8a7d3640ea6ccb4c2413664c2db6fd>@@@?$__crt_seh_guarded_call@X@@QEAAX$$QEAV<lambda_efdfa57d1f175319df784efa44bb7b81>@@AEAV<lambda_5f0a4c1567f8adc6734073e5d1e1b35c>@@$$QEAV<lambda_2e8a7d3640ea6ccb4c2413664c2db6fd>@@@Z 0000000180038f80     libucrt:mbctype.obj
 0004:00001f8c       $pdata$?x_ismbbtype_l@@YAHPEAU__crt_locale_pointers@@IHH@Z 0000000180038f8c     libucrt:ismbbyte.obj
 0004:00001f98       $pdata$__acrt_initialize_command_line 0000000180038f98     libucrt:argv_data.obj
 0004:00001fa4       $pdata$__acrt_WideCharToMultiByte 0000000180038fa4     libucrt:widechartomultibyte.obj
 0004:00001fb0       $pdata$__dcrt_get_narrow_environment_from_os 0000000180038fb0     libucrt:get_environment_from_os.obj
 0004:00001fbc       $pdata$__acrt_initialize_heap 0000000180038fbc     libucrt:heap_handle.obj
 0004:00001fc8       $pdata$__acrt_execute_initializers 0000000180038fc8     libucrt:shared_initialization.obj
 0004:00001fd4       $pdata$__acrt_execute_uninitializers 0000000180038fd4     libucrt:shared_initialization.obj
 0004:00001fe0       $pdata$__acrt_get_sigabrt_handler 0000000180038fe0     libucrt:signal.obj
 0004:00001fec       $pdata$raise               0000000180038fec     libucrt:signal.obj
 0004:00001ff8       $pdata$raise$fin$0         0000000180038ff8     libucrt:signal.obj
 0004:00002004       $pdata$??$?RV<lambda_450d765d439847d4c735a33c368b5fc0>@@AEAV<lambda_44731a7d0e6d81c3e6aa82d741081786>@@V<lambda_601a2a7da3b7a96e9554ac7215c4b07c>@@@?$__crt_seh_guarded_call@P6AXH@Z@@QEAAP6AXH@Z$$QEAV<lambda_450d765d439847d4c735a33c368b5fc0>@@AEAV<lambda_44731a7d0e6d81c3e6aa82d741081786>@@$$QEAV<lambda_601a2a7da3b7a96e9554ac7215c4b07c>@@@Z 0000000180039004     libucrt:signal.obj
 0004:00002010       $pdata$_fflush_nolock      0000000180039010     libucrt:fflush.obj
 0004:0000201c       $pdata$__acrt_stdio_flush_nolock 000000018003901c     libucrt:fflush.obj
 0004:00002028       $pdata$?common_flush_all@@YAH_N@Z 0000000180039028     libucrt:fflush.obj
 0004:00002034       $pdata$??$?RV<lambda_842d9ff0dc9ef11c61343bbaebe7f885>@@AEAV<lambda_c5860995281e5c4ce005b3de8f5874ee>@@V<lambda_d90129c13df834fdcbf8d2b88dafcf2d>@@@?$__crt_seh_guarded_call@X@@QEAAX$$QEAV<lambda_842d9ff0dc9ef11c61343bbaebe7f885>@@AEAV<lambda_c5860995281e5c4ce005b3de8f5874ee>@@$$QEAV<lambda_d90129c13df834fdcbf8d2b88dafcf2d>@@@Z 0000000180039034     libucrt:fflush.obj
 0004:00002040       $pdata$?fin$0@?0???$?RV<lambda_842d9ff0dc9ef11c61343bbaebe7f885>@@AEAV<lambda_c5860995281e5c4ce005b3de8f5874ee>@@V<lambda_d90129c13df834fdcbf8d2b88dafcf2d>@@@?$__crt_seh_guarded_call@X@@QEAAX$$QEAV<lambda_842d9ff0dc9ef11c61343bbaebe7f885>@@AEAV<lambda_c5860995281e5c4ce005b3de8f5874ee>@@$$QEAV<lambda_d90129c13df834fdcbf8d2b88dafcf2d>@@@Z@4HA 0000000180039040     libucrt:fflush.obj
 0004:0000204c       $pdata$??$?RV<lambda_886d6c58226a84441f68b9f2b8217b83>@@AEAV<lambda_ab61a845afdef5b7c387490eaf3616ee>@@V<lambda_f7f22ab5edc0698d5f6905b0d3f44752>@@@?$__crt_seh_guarded_call@X@@QEAAX$$QEAV<lambda_886d6c58226a84441f68b9f2b8217b83>@@AEAV<lambda_ab61a845afdef5b7c387490eaf3616ee>@@$$QEAV<lambda_f7f22ab5edc0698d5f6905b0d3f44752>@@@Z 000000018003904c     libucrt:fflush.obj
 0004:00002058       $pdata$?fin$0@?0???$?RV<lambda_886d6c58226a84441f68b9f2b8217b83>@@AEAV<lambda_ab61a845afdef5b7c387490eaf3616ee>@@V<lambda_f7f22ab5edc0698d5f6905b0d3f44752>@@@?$__crt_seh_guarded_call@X@@QEAAX$$QEAV<lambda_886d6c58226a84441f68b9f2b8217b83>@@AEAV<lambda_ab61a845afdef5b7c387490eaf3616ee>@@$$QEAV<lambda_f7f22ab5edc0698d5f6905b0d3f44752>@@@Z@4HA 0000000180039058     libucrt:fflush.obj
 0004:00002064       $pdata$__pctype_func       0000000180039064     libucrt:ctype.obj
 0004:00002070       $pdata$iswctype            0000000180039070     libucrt:iswctype.obj
 0004:0000207c       $pdata$__acrt_release_locale_ref 000000018003907c     libucrt:locale_refcounting.obj
 0004:00002088       $pdata$__acrt_free_locale  0000000180039088     libucrt:locale_refcounting.obj
 0004:00002094       $pdata$__acrt_locale_free_lc_time_if_unreferenced 0000000180039094     libucrt:locale_refcounting.obj
 0004:000020a0       $pdata$__acrt_update_thread_locale_data 00000001800390a0     libucrt:locale_refcounting.obj
 0004:000020ac       $pdata$__acrt_update_thread_locale_data$fin$0 00000001800390ac     libucrt:locale_refcounting.obj
 0004:000020b8       $pdata$_updatetlocinfoEx_nolock 00000001800390b8     libucrt:locale_refcounting.obj
 0004:000020c4       $pdata$__acrt_DownlevelLocaleNameToLCID 00000001800390c4     libucrt:lcidtoname_downlevel.obj
 0004:000020d0       $pdata$_isleadbyte_l       00000001800390d0     libucrt:_wctype.obj
 0004:000020dc       $pdata$?__mbrtowc_utf8@__crt_mbstring@@YA_KPEA_WPEBD_KPEAU_Mbstatet@@@Z 00000001800390dc     libucrt:mbrtowc.obj
 0004:000020e8       $pdata$?__mbsrtowcs_utf8@__crt_mbstring@@YA_KPEA_WPEAPEBD_KPEAU_Mbstatet@@@Z 00000001800390e8     libucrt:mbrtowc.obj
 0004:000020f4       $pdata$__acrt_fp_strflt_to_string 00000001800390f4     libucrt:_fptostr.obj
 0004:00002100       $pdata$__acrt_fltout       0000000180039100     libucrt:cfout.obj
 0004:0000210c       $pdata$?divide@__crt_strtox@@YA_KAEAUbig_integer@1@AEBU21@@Z 000000018003910c     libucrt:cfout.obj
 0004:00002118       $pdata$0$?divide@__crt_strtox@@YA_KAEAUbig_integer@1@AEBU21@@Z 0000000180039118     libucrt:cfout.obj
 0004:00002124       $pdata$1$?divide@__crt_strtox@@YA_KAEAUbig_integer@1@AEBU21@@Z 0000000180039124     libucrt:cfout.obj
 0004:00002130       $pdata$_fcloseall          0000000180039130     libucrt:closeall.obj
 0004:0000213c       $pdata$_fcloseall$fin$0    000000018003913c     libucrt:closeall.obj
 0004:00002148       $pdata$__acrt_stdio_free_buffer_nolock 0000000180039148     libucrt:_freebuf.obj
 0004:00002154       $pdata$_isatty             0000000180039154     libucrt:isatty.obj
 0004:00002160       $pdata$__acrt_locale_free_monetary 0000000180039160     libucrt:initmon.obj
 0004:0000216c       $pdata$__acrt_locale_free_numeric 000000018003916c     libucrt:initnum.obj
 0004:00002178       $pdata$__acrt_locale_free_time 0000000180039178     libucrt:inittime.obj
 0004:00002184       $pdata$?free_crt_array_internal@@YAXQEAPEBX_K@Z 0000000180039184     libucrt:inittime.obj
 0004:00002190       $pdata$__acrt_GetStringTypeA 0000000180039190     libucrt:getstringtypea.obj
 0004:0000219c       $pdata$_get_osfhandle      000000018003919c     libucrt:osfinfo.obj
 0004:000021a8       $pdata$_free_osfhnd        00000001800391a8     libucrt:osfinfo.obj
 0004:000021b4       $pdata$__acrt_lowio_create_handle_array 00000001800391b4     libucrt:osfinfo.obj
 0004:000021c0       $pdata$__acrt_lowio_destroy_handle_array 00000001800391c0     libucrt:osfinfo.obj
 0004:000021cc       $pdata$__acrt_lowio_ensure_fh_exists 00000001800391cc     libucrt:osfinfo.obj
 0004:000021d8       $pdata$qsort               00000001800391d8     libucrt:qsort.obj
 0004:000021e4       $pdata$4$qsort             00000001800391e4     libucrt:qsort.obj
 0004:000021f0       $pdata$5$qsort             00000001800391f0     libucrt:qsort.obj
 0004:000021fc       $pdata$strncpy_s           00000001800391fc     libucrt:strncpy_s.obj
 0004:00002208       $pdata$strpbrk             0000000180039208     libucrt:strpbrk.obj
 0004:00002214       $pdata$fallbackMethod      0000000180039214     libucrt:strpbrk.obj
 0004:00002220       $pdata$_mbsdec_l           0000000180039220     libucrt:mbsdec.obj
 0004:0000222c       $pdata$__acrt_LCMapStringA 000000018003922c     libucrt:lcmapstringa.obj
 0004:00002238       $pdata$?__acrt_LCMapStringA_stat@@YAHPEAU__crt_locale_pointers@@PEB_WKPEBDHPEADHHH@Z 0000000180039238     libucrt:lcmapstringa.obj
 0004:00002244       $pdata$?initialize_multibyte@@YAHXZ 0000000180039244     libucrt:multibyte_initializer.obj
 0004:00002250       $pdata$_commit             0000000180039250     libucrt:commit.obj
 0004:0000225c       $pdata$??$?RV<lambda_a37b2b86f63e897a80ea819b0eb08c01>@@AEAV<lambda_38ce7e780aa69e748d6df282ebc68efe>@@V<lambda_99fb1378e971ab6e7edea83e3a7a83a2>@@@?$__crt_seh_guarded_call@H@@QEAAH$$QEAV<lambda_a37b2b86f63e897a80ea819b0eb08c01>@@AEAV<lambda_38ce7e780aa69e748d6df282ebc68efe>@@$$QEAV<lambda_99fb1378e971ab6e7edea83e3a7a83a2>@@@Z 000000018003925c     libucrt:commit.obj
 0004:00002268       $pdata$?fin$0@?0???$?RV<lambda_751a882b2c74d4b022dec766aa51a29a>@@AEAV<lambda_628dfdc04ba53c8bfc02c9951375f3f5>@@V<lambda_f6c7be5f7998530c34de24c7437d6b54>@@@?$__crt_seh_guarded_call@H@@QEAAH$$QEAV<lambda_751a882b2c74d4b022dec766aa51a29a>@@AEAV<lambda_628dfdc04ba53c8bfc02c9951375f3f5>@@$$QEAV<lambda_f6c7be5f7998530c34de24c7437d6b54>@@@Z@4HA 0000000180039268     libucrt:close.obj
 0004:00002268       $pdata$?fin$0@?0???$?RV<lambda_a37b2b86f63e897a80ea819b0eb08c01>@@AEAV<lambda_38ce7e780aa69e748d6df282ebc68efe>@@V<lambda_99fb1378e971ab6e7edea83e3a7a83a2>@@@?$__crt_seh_guarded_call@H@@QEAAH$$QEAV<lambda_a37b2b86f63e897a80ea819b0eb08c01>@@AEAV<lambda_38ce7e780aa69e748d6df282ebc68efe>@@$$QEAV<lambda_99fb1378e971ab6e7edea83e3a7a83a2>@@@Z@4HA 0000000180039268     libucrt:commit.obj
 0004:00002274       $pdata$_write              0000000180039274     libucrt:write.obj
 0004:00002280       $pdata$_write$fin$0        0000000180039280     libucrt:write.obj
 0004:0000228c       $pdata$_write_nolock       000000018003928c     libucrt:write.obj
 0004:00002298       $pdata$?write_double_translated_ansi_nolock@@YA?AUwrite_result@?A0x17268360@@HQEBDI@Z 0000000180039298     libucrt:write.obj
 0004:000022a4       $pdata$?write_text_ansi_nolock@@YA?AUwrite_result@?A0x17268360@@HQEBDI@Z 00000001800392a4     libucrt:write.obj
 0004:000022b0       $pdata$?write_text_utf16le_nolock@@YA?AUwrite_result@?A0x17268360@@HQEBDI@Z 00000001800392b0     libucrt:write.obj
 0004:000022bc       $pdata$?write_text_utf8_nolock@@YA?AUwrite_result@?A0x17268360@@HQEBDI@Z 00000001800392bc     libucrt:write.obj
 0004:000022c8       $pdata$?__mbrtoc32_utf8@__crt_mbstring@@YA_KPEA_UPEBD_KPEAU_Mbstatet@@@Z 00000001800392c8     libucrt:mbrtoc32.obj
 0004:000022d4       $pdata$fegetenv            00000001800392d4     libucrt:fegetenv.obj
 0004:000022e0       $pdata$fesetenv            00000001800392e0     libucrt:fesetenv.obj
 0004:000022ec       $pdata$feholdexcept        00000001800392ec     libucrt:feholdexcept.obj
 0004:00002304       $pdata$??$common_lseek_nolock@_J@@YA_JH_JH@Z 0000000180039304     libucrt:lseek.obj
 0004:00002310       $pdata$fclose              0000000180039310     libucrt:fclose.obj
 0004:0000231c       $pdata$fclose$fin$0        000000018003931c     libucrt:fclose.obj
 0004:00002328       $pdata$_fclose_nolock      0000000180039328     libucrt:fclose.obj
 0004:00002334       $pdata$_putwch_nolock      0000000180039334     libucrt:putwch.obj
 0004:00002340       $pdata$__acrt_fenv_set_control 0000000180039340     libucrt:_fenvutils.obj
 0004:0000234c       $pdata$_clearfp            000000018003934c     libucrt:ieee.obj
 0004:00002358       $pdata$_call_matherr       0000000180039358     libucrt:libm_error.obj
 0004:00002364       $pdata$_exception_enabled  0000000180039364     libucrt:libm_error.obj
 0004:00002370       $pdata$_handle_error       0000000180039370     libucrt:libm_error.obj
 0004:0000237c       $pdata$__acrt_initialize_fma3 000000018003937c     libucrt:fma3_available.obj
 0004:00002388       $pdata$_log_special_common 0000000180039388     libucrt:log_special.obj
 0004:00002394       $pdata$_log10_special      0000000180039394     libucrt:log_special.obj
 0004:000023a0       $pdata$_close              00000001800393a0     libucrt:close.obj
 0004:000023ac       $pdata$_close_nolock       00000001800393ac     libucrt:close.obj
 0004:000023b8       $pdata$??$?RV<lambda_751a882b2c74d4b022dec766aa51a29a>@@AEAV<lambda_628dfdc04ba53c8bfc02c9951375f3f5>@@V<lambda_f6c7be5f7998530c34de24c7437d6b54>@@@?$__crt_seh_guarded_call@H@@QEAAH$$QEAV<lambda_751a882b2c74d4b022dec766aa51a29a>@@AEAV<lambda_628dfdc04ba53c8bfc02c9951375f3f5>@@$$QEAV<lambda_f6c7be5f7998530c34de24c7437d6b54>@@@Z 00000001800393b8     libucrt:close.obj
 0004:000023c4       $pdata$__dcrt_lowio_ensure_console_output_initialized 00000001800393c4     libucrt:initcon.obj
 0004:000023d0       $pdata$__dcrt_write_console 00000001800393d0     libucrt:initcon.obj
 0004:000023dc       $pdata$__dcrt_terminate_console_output 00000001800393dc     libucrt:initcon.obj
 0004:000023f4       $pdata$_set_errno_from_matherr 00000001800393f4     libucrt:fpexcept.obj
 0004:00002400       $pdata$_raise_exc          0000000180039400     libucrt:fpexcept.obj
 0004:0000240c       $pdata$_raise_exc_ex       000000018003940c     libucrt:fpexcept.obj
 0004:00002418       $pdata$_clrfp              0000000180039418     libucrt:fpctrl.obj
 0004:00002424       $pdata$_ctrlfp             0000000180039424     libucrt:fpctrl.obj
 0004:00002430       $pdata$_ctrlfp$filt$0      0000000180039430     libucrt:fpctrl.obj
 0004:0000243c       $pdata$_statfp             000000018003943c     libucrt:fpctrl.obj
 0004:00002448       $pdata$_set_statfp         0000000180039448     libucrt:fpctrl.obj
 0004:00002454       $pdata$_IsNonwritableInCurrentImage 0000000180039454     LIBCMT:pesect.obj
 0004:00002460       $pdata$_IsNonwritableInCurrentImage$filt$0 0000000180039460     LIBCMT:pesect.obj
 0005:00000000       MoveSmall                  000000018003a000     libvcruntime:memcpy.obj
 0005:00000050       MsetTab                    000000018003a050     libvcruntime:memset.obj
 0006:00000220       $R000000                   000000018003b220     FiscalPrinter.res
 0006:00000ba0       $R000980                   000000018003bba0     FiscalPrinter.res
 0006:00000c88       $R000A68                   000000018003bc88     FiscalPrinter.res
 0006:00000ef0       $R000CD0                   000000018003bef0     FiscalPrinter.res
 0006:00001468       $R001248                   000000018003c468     FiscalPrinter.res
 0006:00009858       $R009638                   0000000180044858     FiscalPrinter.res
 0006:00009898       $R009678                   0000000180044898     FiscalPrinter.res
