 Opos_Constants

 Timestamp is 5c4436ab (Sun Jan 20 17:51:55 2019)

 Preferred load address is 0000000180000000

 Start         Length     Name                   Class
 0001:00000000 000001a0H .text$di                CODE
 0001:000001a0 000105e0H .text$mn                CODE
 0001:00010780 00000020H .text$mn$00             CODE
 0001:000107a0 000003f0H .text$x                 CODE
 0001:00010b90 000000b8H .text$yd                CODE
 0002:00000000 00000338H .idata$5                DATA
 0002:00000338 00000010H .00cfg                  DATA
 0002:00000348 00000008H .CRT$XCA                DATA
 0002:00000350 00000008H .CRT$XCL                DATA
 0002:00000358 00000010H .CRT$XCU                DATA
 0002:00000368 00000008H .CRT$XCZ                DATA
 0002:00000370 00000008H .CRT$XIA                DATA
 0002:00000378 00000018H .CRT$XIC                DATA
 0002:00000390 00000008H .CRT$XIZ                DATA
 0002:00000398 00000008H .CRT$XPA                DATA
 0002:000003a0 00000010H .CRT$XPX                DATA
 0002:000003b0 00000008H .CRT$XPXA               DATA
 0002:000003b8 00000008H .CRT$XPZ                DATA
 0002:000003c0 00000008H .CRT$XTA                DATA
 0002:000003c8 00000008H .CRT$XTZ                DATA
 0002:000003d0 00000000H .gfids$x                DATA
 0002:000003d0 00000000H .gfids$y                DATA
 0002:000003d0 00007aa0H .rdata                  DATA
 0002:00007e70 00000274H .rdata$r                DATA
 0002:000080e4 0000038cH .rdata$zzzdbg           DATA
 0002:00008470 00000008H .rtc$IAA                DATA
 0002:00008478 00000008H .rtc$IZZ                DATA
 0002:00008480 00000008H .rtc$TAA                DATA
 0002:00008488 00000008H .rtc$TZZ                DATA
 0002:00008490 00001220H .xdata                  DATA
 0002:000096b0 00000150H .xdata$x                DATA
 0002:00009800 00000008H ATL$__a                 DATA
 0002:00009808 00000008H ATL$__z                 DATA
 0002:00009810 000000acH .edata                  DATA
 0002:000098bc 00000064H .idata$2                DATA
 0002:00009920 00000018H .idata$3                DATA
 0002:00009938 00000338H .idata$4                DATA
 0002:00009c70 000006dcH .idata$6                DATA
 0003:00000000 000008e0H .data                   DATA
 0003:000008e0 000000d0H .data$r                 DATA
 0003:000009b0 00001324H .bss                    DATA
 0004:00000000 00001374H .pdata                  DATA
 0005:00000000 00000140H .rsrc$01                DATA
 0005:00000140 0001add0H .rsrc$02                DATA

  Address         Publics by Value              Rva+Base               Lib:Object

 0000:00000000       __hybrid_code_map_count    0000000000000000     <absolute>
 0000:00000000       __hybrid_code_map          0000000000000000     <absolute>
 0000:00000000       __guard_iat_count          0000000000000000     <absolute>
 0000:00000000       __volatile_metadata        0000000000000000     <absolute>
 0000:00000000       __guard_longjmp_count      0000000000000000     <absolute>
 0000:00000000       __guard_longjmp_table      0000000000000000     <absolute>
 0000:00000000       __guard_iat_table          0000000000000000     <absolute>
 0000:00000000       __guard_fids_count         0000000000000000     <absolute>
 0000:00000000       ___safe_se_handler_count   0000000000000000     <absolute>
 0000:00000000       __enclave_config           0000000000000000     <absolute>
 0000:00000000       ___safe_se_handler_table   0000000000000000     <absolute>
 0000:00000000       __guard_fids_table         0000000000000000     <absolute>
 0000:00000000       __dynamic_value_reloc_table 0000000000000000     <absolute>
 0000:00000000       __hybrid_auxiliary_iat     0000000000000000     <absolute>
 0000:00000100       __guard_flags              0000000000000100     <absolute>
 0000:00000000       __ImageBase                0000000180000000     <linker-defined>
 0001:000001a0       ?_AtlInitializeCriticalSectionEx@ATL@@YAHPEAU_RTL_CRITICAL_SECTION@@KK@Z 00000001800011a0 f i StdAfx.obj
 0001:000001b0       ?_AtlRaiseException@ATL@@YAXKK@Z 00000001800011b0 f i StdAfx.obj
 0001:000001c0       ?Lock@CAtlModule@ATL@@UEAAJXZ 00000001800011c0 f i OposConstants.obj
 0001:000001d0       ?Unlock@CAtlModule@ATL@@UEAAJXZ 00000001800011d0 f i OposConstants.obj
 0001:000001e0       ?GetLockCount@CAtlModule@ATL@@UEAAJXZ 00000001800011e0 f i OposConstants.obj
 0001:000001f0       ?GetGITPtr@CAtlModule@ATL@@UEAAJPEAPEAUIGlobalInterfaceTable@@@Z 00000001800011f0 f i OposConstants.obj
 0001:00000270       ?AddCommonRGSReplacements@?$CAtlModuleT@VCComModule@ATL@@@ATL@@UEAAJPEAUIRegistrarBase@@@Z 0000000180001270 f i OposConstants.obj
 0001:00000290       ?UpdateRegistryFromResourceD@CComModule@ATL@@UEAAJIHPEAU_ATL_REGMAP_ENTRY@2@@Z 0000000180001290 f i OposConstants.obj
 0001:00000290       ?UpdateRegistryFromResourceD@CComModule@ATL@@UEAAJPEB_WHPEAU_ATL_REGMAP_ENTRY@2@@Z 0000000180001290 f i OposConstants.obj
 0001:000002a0       ?UpdateRegistryFromResource@CComModule@ATL@@UEAAJPEB_WHPEAU_ATL_REGMAP_ENTRY@2@@Z 00000001800012a0 f i OposConstants.obj
 0001:000002b0       ?UpdateRegistryFromResource@CComModule@ATL@@UEAAJIHPEAU_ATL_REGMAP_ENTRY@2@@Z 00000001800012b0 f i OposConstants.obj
 0001:000002c0       ??_GCComModule@ATL@@UEAAPEAXI@Z 00000001800012c0 f i OposConstants.obj
 0001:000002c0       ??_ECComModule@ATL@@UEAAPEAXI@Z 00000001800012c0 f i OposConstants.obj
 0001:00000300       ?QueryInterface@CRegObject@ATL@@UEAAJAEBU_GUID@@PEAPEAX@Z 0000000180001300 f i OposConstants.obj
 0001:00000310       _get_startup_argv_mode     0000000180001310 f i LIBCMT:argv_mode.obj
 0001:00000310       ?AddRef@CRegObject@ATL@@UEAAKXZ 0000000180001310 f i OposConstants.obj
 0001:00000320       ?Release@CRegObject@ATL@@UEAAKXZ 0000000180001320 f i OposConstants.obj
 0001:00000330       ?AddReplacement@CRegObject@ATL@@UEAAJPEB_W0@Z 0000000180001330 f i OposConstants.obj
 0001:00000370       ?ClearReplacements@CRegObject@ATL@@UEAAJXZ 0000000180001370 f i OposConstants.obj
 0001:00000380       ??_ECRegObject@ATL@@UEAAPEAXI@Z 0000000180001380 f i OposConstants.obj
 0001:00000380       ??_GCRegObject@ATL@@UEAAPEAXI@Z 0000000180001380 f i OposConstants.obj
 0001:00000410       ?Add@CExpansionVector@ATL@@QEAAHPEB_W0@Z 0000000180001410 f i OposConstants.obj
 0001:000005b0       ?AddValue@CRegParser@ATL@@IEAAJAEAVCRegKey@2@PEB_WPEA_W@Z 00000001800015b0 f i OposConstants.obj
 0001:00000af0       ?AllocateHeap@?$CTempBuffer@E$0BAA@VCCRTAllocator@ATL@@@ATL@@AEAAX_K@Z 0000000180001af0 f i OposConstants.obj
 0001:00000af0       ?AllocateHeap@?$CTempBuffer@_W$0BAA@VCCRTAllocator@ATL@@@ATL@@AEAAX_K@Z 0000000180001af0 f i OposConstants.obj
 0001:00000af0       ?AllocateHeap@?$CTempBuffer@_W$0EAA@VCCRTAllocator@ATL@@@ATL@@AEAAX_K@Z 0000000180001af0 f i OposConstants.obj
 0001:00000b20       ?Append@CParseBuffer@CRegParser@ATL@@QEAAHPEB_WH@Z 0000000180001b20 f i OposConstants.obj
 0001:00000c10       ?AtlHresultFromLastError@ATL@@YAJXZ 0000000180001c10 f i OposConstants.obj
 0001:00000c30       ?AtlHresultFromWin32@ATL@@YAJK@Z 0000000180001c30 f i OposConstants.obj
 0001:00000c40       ?AtlLoadTypeLib@ATL@@YAJPEAUHINSTANCE__@@PEB_WPEAPEA_WPEAPEAUITypeLib@@@Z 0000000180001c40 f i OposConstants.obj
 0001:00000e80       ?AtlRegisterClassCategoriesHelper@ATL@@YAJAEBU_GUID@@PEBU_ATL_CATMAP_ENTRY@1@H@Z 0000000180001e80 f i OposConstants.obj
 0001:000012f0       ?AtlRegisterTypeLib@ATL@@YAJPEAUHINSTANCE__@@PEB_W@Z 00000001800022f0 f i OposConstants.obj
 0001:00001500       ?AtlThrowImpl@ATL@@YAXJ@Z  0000000180002500 f i OposConstants.obj
 0001:00001530       ?AtlUnRegisterTypeLib@ATL@@YAJPEAUHINSTANCE__@@PEB_W@Z 0000000180002530 f i OposConstants.obj
 0001:00001600       ?ClearReplacements@CExpansionVector@ATL@@QEAAJXZ 0000000180002600 f i OposConstants.obj
 0001:000016b0       ?DeleteSubKey@CRegKey@ATL@@QEAAJPEB_W@Z 00000001800026b0 f i OposConstants.obj
 0001:000017e0       ?EndOfVar@CRegParser@ATL@@IEAAHXZ 00000001800027e0 f i OposConstants.obj
 0001:00001820       ?FreeHeap@?$CTempBuffer@_W$0EAA@VCCRTAllocator@ATL@@@ATL@@AEAAXXZ 0000000180002820 f i OposConstants.obj
 0001:00001820       ?FreeHeap@?$CTempBuffer@_W$0BAA@VCCRTAllocator@ATL@@@ATL@@AEAAXXZ 0000000180002820 f i OposConstants.obj
 0001:00001820       ?FreeHeap@?$CTempBuffer@E$0BAA@VCCRTAllocator@ATL@@@ATL@@AEAAXXZ 0000000180002820 f i OposConstants.obj
 0001:00001830       ?GetClassObject@CComModule@ATL@@QEAAJAEBU_GUID@@0PEAPEAX@Z 0000000180002830 f i OposConstants.obj
 0001:00001a50       ?HasSubKeys@CRegParser@ATL@@IEAAHPEAUHKEY__@@@Z 0000000180002a50 f i OposConstants.obj
 0001:00001ac0       ?NextToken@CRegParser@ATL@@IEAAJPEA_W@Z 0000000180002ac0 f i OposConstants.obj
 0001:00001ca0       ?Open@CRegKey@ATL@@QEAAJPEAUHKEY__@@PEB_WK@Z 0000000180002ca0 f i OposConstants.obj
 0001:00001da0       ?PreProcessBuffer@CRegParser@ATL@@QEAAJPEA_WPEAPEA_W@Z 0000000180002da0 f i OposConstants.obj
 0001:000021e0       ?RecurseDeleteKey@CRegKey@ATL@@QEAAJPEB_W@Z 00000001800031e0 f i OposConstants.obj
 0001:00002330       ?RegisterBuffer@CRegParser@ATL@@QEAAJPEA_WH@Z 0000000180003330 f i OposConstants.obj
 0001:00002810       ?RegisterFromResource@CRegObject@ATL@@IEAAJPEB_W00H@Z 0000000180003810 f i OposConstants.obj
 0001:000029d0       ?RegisterServer@CComModule@ATL@@QEAAJHPEBU_GUID@@@Z 00000001800039d0 f i OposConstants.obj
 0001:00002c30       ?RegisterSubkeys@CRegParser@ATL@@IEAAJPEA_WPEAUHKEY__@@HH@Z 0000000180003c30 f i OposConstants.obj
 0001:000038e0       ?SkipAssignment@CRegParser@ATL@@IEAAJPEA_W@Z 00000001800048e0 f i OposConstants.obj
 0001:00003990       ?StrChrW@CRegParser@ATL@@KAPEA_WPEA_W_W@Z 0000000180004990 f i OposConstants.obj
 0001:00003a00       ?Term@CAtlModule@ATL@@QEAAXXZ 0000000180004a00 f i OposConstants.obj
 0001:00003ab0       ?Term@CComModule@ATL@@QEAAXXZ 0000000180004ab0 f i OposConstants.obj
 0001:00003bd0       ?UpdateRegistryFromResource@CAtlModule@ATL@@QEAAJIHPEAU_ATL_REGMAP_ENTRY@2@@Z 0000000180004bd0 f i OposConstants.obj
 0001:00003f60       ?UpdateRegistryFromResource@CAtlModule@ATL@@QEAAJPEB_WHPEAU_ATL_REGMAP_ENTRY@2@@Z 0000000180004f60 f i OposConstants.obj
 0001:00004310       ?atlCreate@CRegKey@ATL@@QEAAJPEAUHKEY__@@PEB_WPEA_WKKPEAU_SECURITY_ATTRIBUTES@@PEAK@Z 0000000180005310 f i OposConstants.obj
 0001:00004480       ?memcpy_s@Checked@ATL@@YAXPEAX_KPEBX1@Z 0000000180005480 f i OposConstants.obj
 0001:000044d0       ?wcscpy_s@Checked@ATL@@YAXPEA_W_KPEB_W@Z 00000001800054d0 f i OposConstants.obj
 0001:00004520       DllCanUnloadNow            0000000180005520 f   OposConstants.obj
 0001:00004530       DllGetClassObject          0000000180005530 f   OposConstants.obj
 0001:00004550       DllMain                    0000000180005550 f   OposConstants.obj
 0001:00004610       DllRegisterServer          0000000180005610 f   OposConstants.obj
 0001:00004630       DllUnregisterServer        0000000180005630 f   OposConstants.obj
 0001:000047a8       ??0CAtlBaseModule@ATL@@QEAA@XZ 00000001800057a8 f   atls:atlbase.obj
 0001:00004850       ??1CAtlBaseModule@ATL@@QEAA@XZ 0000000180005850 f   atls:atlbase.obj
 0001:00004884       ??3@YAXPEAX_K@Z            0000000180005884 f   LIBCMT:delete_scalar_size.obj
 0001:00004884       ??_V@YAXPEAX@Z             0000000180005884 f   LIBCMT:delete_array.obj
 0001:0000488c       __scrt_acquire_startup_lock 000000018000588c f   LIBCMT:utility.obj
 0001:000048c8       __scrt_dllmain_after_initialize_c 00000001800058c8 f   LIBCMT:utility.obj
 0001:000048fc       __scrt_dllmain_before_initialize_c 00000001800058fc f   LIBCMT:utility.obj
 0001:00004914       __scrt_dllmain_crt_thread_attach 0000000180005914 f   LIBCMT:utility.obj
 0001:0000493c       __scrt_dllmain_crt_thread_detach 000000018000593c f   LIBCMT:utility.obj
 0001:00004954       __scrt_dllmain_exception_filter 0000000180005954 f   LIBCMT:utility.obj
 0001:000049b4       __scrt_dllmain_uninitialize_c 00000001800059b4 f   LIBCMT:utility.obj
 0001:000049e4       __scrt_dllmain_uninitialize_critical 00000001800059e4 f   LIBCMT:utility.obj
 0001:000049f8       __scrt_initialize_crt      00000001800059f8 f   LIBCMT:utility.obj
 0001:00004a44       __scrt_initialize_onexit_tables 0000000180005a44 f   LIBCMT:utility.obj
 0001:00004b1c       __scrt_is_nonwritable_in_current_image 0000000180005b1c f   LIBCMT:utility.obj
 0001:00004bb8       __scrt_release_startup_lock 0000000180005bb8 f   LIBCMT:utility.obj
 0001:00004bdc       __scrt_uninitialize_crt    0000000180005bdc f   LIBCMT:utility.obj
 0001:00004c08       _onexit                    0000000180005c08 f   LIBCMT:utility.obj
 0001:00004c58       atexit                     0000000180005c58 f   LIBCMT:utility.obj
 0001:00004c70       ??3@YAXPEAX@Z              0000000180005c70 f   LIBCMT:delete_scalar.obj
 0001:00004c78       __raise_securityfailure    0000000180005c78 f   LIBCMT:gs_report.obj
 0001:00004cac       __report_gsfailure         0000000180005cac f   LIBCMT:gs_report.obj
 0001:00004d80       __report_rangecheckfailure 0000000180005d80 f   LIBCMT:gs_report.obj
 0001:00004d94       __report_securityfailure   0000000180005d94 f   LIBCMT:gs_report.obj
 0001:00004f14       ??_U@YAPEAX_KAEBUnothrow_t@std@@@Z 0000000180005f14 f   LIBCMT:new_array_nothrow.obj
 0001:00004f1c       __GSHandlerCheck           0000000180005f1c f   LIBCMT:gshandler.obj
 0001:00004f3c       __GSHandlerCheckCommon     0000000180005f3c f   LIBCMT:gshandler.obj
 0001:00004fb0       _alloca_probe              0000000180005fb0 f   LIBCMT:chkstk.obj
 0001:00004fb0       __chkstk                   0000000180005fb0 f   LIBCMT:chkstk.obj
 0001:00005020       __security_check_cookie    0000000180006020 f   LIBCMT:amdsecgs.obj
 0001:00005374       _DllMainCRTStartup         0000000180006374 f   LIBCMT:dll_dllmain.obj
 0001:000053b4       _guard_check_icall_nop     00000001800063b4 f i LIBCMT:guard_support.obj
 0001:000053b8       __isa_available_init       00000001800063b8 f   LIBCMT:cpu_disp.obj
 0001:00005574       __scrt_is_ucrt_dll_in_use  0000000180006574 f   LIBCMT:ucrt_detection.obj
 0001:00005580       __crt_debugger_hook        0000000180006580 f   LIBCMT:utility_desktop.obj
 0001:00005588       __scrt_fastfail            0000000180006588 f   LIBCMT:utility_desktop.obj
 0001:000056d4       ??2@YAPEAX_KAEBUnothrow_t@std@@@Z 00000001800066d4 f   LIBCMT:new_scalar_nothrow.obj
 0001:000056f4       __security_init_cookie     00000001800066f4 f   LIBCMT:gs_support.obj
 0001:000057a0       ?__scrt_initialize_type_info@@YAXXZ 00000001800067a0 f   LIBCMT:tncleanup.obj
 0001:000057b0       ?__scrt_uninitialize_type_info@@YAXXZ 00000001800067b0 f   LIBCMT:tncleanup.obj
 0001:000057bc       __local_stdio_printf_options 00000001800067bc f i LIBCMT:default_local_stdio_options.obj
 0001:000057c4       __local_stdio_scanf_options 00000001800067c4 f i LIBCMT:default_local_stdio_options.obj
 0001:000057cc       __scrt_initialize_default_local_stdio_options 00000001800067cc f   LIBCMT:default_local_stdio_options.obj
 0001:000057e8       __scrt_get_dyn_tls_init_callback 00000001800067e8 f   LIBCMT:dyn_tls_init.obj
 0001:000057f0       _RTC_Initialize            00000001800067f0 f   LIBCMT:initsect.obj
 0001:0000582c       _RTC_Terminate             000000018000682c f   LIBCMT:initsect.obj
 0001:00005870       ??2@YAPEAX_K@Z             0000000180006870 f   LIBCMT:new_scalar.obj
 0001:000058ac       ??0bad_alloc@std@@QEAA@AEBV01@@Z 00000001800068ac f i LIBCMT:throw_bad_alloc.obj
 0001:000058ec       ??0bad_alloc@std@@QEAA@XZ  00000001800068ec f i LIBCMT:throw_bad_alloc.obj
 0001:0000590c       ??0bad_array_new_length@std@@QEAA@AEBV01@@Z 000000018000690c f i LIBCMT:throw_bad_alloc.obj
 0001:0000594c       ??0bad_array_new_length@std@@QEAA@XZ 000000018000694c f i LIBCMT:throw_bad_alloc.obj
 0001:0000596c       ??0exception@std@@QEAA@AEBV01@@Z 000000018000696c f i LIBCMT:throw_bad_alloc.obj
 0001:000059a4       ??1bad_exception@std@@UEAA@XZ 00000001800069a4 f i libvcruntime:frame.obj
 0001:000059a4       ??1bad_alloc@std@@UEAA@XZ  00000001800069a4 f i LIBCMT:throw_bad_alloc.obj
 0001:000059a4       ??1bad_array_new_length@std@@UEAA@XZ 00000001800069a4 f i LIBCMT:throw_bad_alloc.obj
 0001:000059b8       ??_Ebad_alloc@std@@UEAAPEAXI@Z 00000001800069b8 f i LIBCMT:throw_bad_alloc.obj
 0001:000059b8       ??_Ebad_exception@std@@UEAAPEAXI@Z 00000001800069b8 f i libvcruntime:frame.obj
 0001:000059b8       ??_Gexception@std@@UEAAPEAXI@Z 00000001800069b8 f i LIBCMT:throw_bad_alloc.obj
 0001:000059b8       ??_Ebad_array_new_length@std@@UEAAPEAXI@Z 00000001800069b8 f i LIBCMT:throw_bad_alloc.obj
 0001:000059b8       ??_Gbad_array_new_length@std@@UEAAPEAXI@Z 00000001800069b8 f i LIBCMT:throw_bad_alloc.obj
 0001:000059b8       ??_Gbad_exception@std@@UEAAPEAXI@Z 00000001800069b8 f i libvcruntime:frame.obj
 0001:000059b8       ??_Gbad_alloc@std@@UEAAPEAXI@Z 00000001800069b8 f i LIBCMT:throw_bad_alloc.obj
 0001:000059b8       ??_Eexception@std@@UEAAPEAXI@Z 00000001800069b8 f i LIBCMT:throw_bad_alloc.obj
 0001:000059fc       ?__scrt_throw_std_bad_alloc@@YAXXZ 00000001800069fc f   LIBCMT:throw_bad_alloc.obj
 0001:00005a1c       ?__scrt_throw_std_bad_array_new_length@@YAXXZ 0000000180006a1c f   LIBCMT:throw_bad_alloc.obj
 0001:00005a3c       ?what@exception@std@@UEBAPEBDXZ 0000000180006a3c f i LIBCMT:throw_bad_alloc.obj
 0001:00005a50       ??_Etype_info@@UEAAPEAXI@Z 0000000180006a50 f i LIBCMT:std_type_info_static.obj
 0001:00005a50       ??_Gtype_info@@UEAAPEAXI@Z 0000000180006a50 f i LIBCMT:std_type_info_static.obj
 0001:00005a7c       wcsstr                     0000000180006a7c f   libvcruntime:wcsstr.obj
 0001:00005cb0       memcpy_repmovs             0000000180006cb0 f   libvcruntime:memcpy.obj
 0001:00005cd0       memmove                    0000000180006cd0 f   libvcruntime:memcpy.obj
 0001:00005cd0       memcpy                     0000000180006cd0 f   libvcruntime:memcpy.obj
 0001:00006120       memset_repmovs             0000000180007120 f   libvcruntime:memset.obj
 0001:00006140       memset                     0000000180007140 f   libvcruntime:memset.obj
 0001:000062d0       __vcrt_initialize          00000001800072d0 f   libvcruntime:initialization.obj
 0001:00006304       __vcrt_thread_attach       0000000180007304 f   libvcruntime:initialization.obj
 0001:00006318       __vcrt_thread_detach       0000000180007318 f   libvcruntime:initialization.obj
 0001:0000632c       __vcrt_uninitialize        000000018000732c f   libvcruntime:initialization.obj
 0001:0000634c       __vcrt_uninitialize_critical 000000018000734c f   libvcruntime:initialization.obj
 0001:0000635c       __C_specific_handler       000000018000735c f   libvcruntime:riscchandler.obj
 0001:00006568       ??$_CallSETranslator@V__FrameHandler3@@@@YAHPEAUEHExceptionRecord@@PEA_KPEAU_CONTEXT@@PEAU_xDISPATCHER_CONTEXT@@PEBU_s_FuncInfo@@K1@Z 0000000180007568 f i libvcruntime:risctrnsctrl.obj
 0001:000065bc       ?CatchTryBlock@__FrameHandler3@@SAPEBU_s_TryBlockMapEntry@@PEBU_s_FuncInfo@@H@Z 00000001800075bc f   libvcruntime:risctrnsctrl.obj
 0001:00006614       ?ExecutionInCatch@__FrameHandler3@@SA_NPEAU_xDISPATCHER_CONTEXT@@PEBU_s_FuncInfo@@@Z 0000000180007614 f   libvcruntime:risctrnsctrl.obj
 0001:00006640       ?FrameUnwindToEmptyState@__FrameHandler3@@SAXPEA_KPEAU_xDISPATCHER_CONTEXT@@PEBU_s_FuncInfo@@@Z 0000000180007640 f   libvcruntime:risctrnsctrl.obj
 0001:000066a4       ?GetEstablisherFrame@__FrameHandler3@@SAPEA_KPEA_KPEAU_xDISPATCHER_CONTEXT@@PEBU_s_FuncInfo@@0@Z 00000001800076a4 f   libvcruntime:risctrnsctrl.obj
 0001:00006770       ?GetRangeOfTrysToCheck@__FrameHandler3@@SA?AU?$pair@Viterator@TryBlockMap@__FrameHandler3@@V123@@std@@AEAVTryBlockMap@1@HH@Z 0000000180007770 f   libvcruntime:risctrnsctrl.obj
 0001:000068cc       ?UnwindNestedFrames@__FrameHandler3@@SAXPEA_KPEAUEHExceptionRecord@@PEAU_CONTEXT@@0PEAXPEBU_s_FuncInfo@@HHPEBU_s_HandlerType@@PEAU_xDISPATCHER_CONTEXT@@E@Z 00000001800078cc f   libvcruntime:risctrnsctrl.obj
 0001:000069f0       _CreateFrameInfo           00000001800079f0 f   libvcruntime:risctrnsctrl.obj
 0001:00006a2c       _FindAndUnlinkFrame        0000000180007a2c f   libvcruntime:risctrnsctrl.obj
 0001:00006a80       _GetImageBase              0000000180007a80 f   libvcruntime:risctrnsctrl.obj
 0001:00006a94       _GetThrowImageBase         0000000180007a94 f   libvcruntime:risctrnsctrl.obj
 0001:00006aa8       _SetImageBase              0000000180007aa8 f   libvcruntime:risctrnsctrl.obj
 0001:00006ac0       _SetThrowImageBase         0000000180007ac0 f   libvcruntime:risctrnsctrl.obj
 0001:00006ad8       __CxxFrameHandler3         0000000180007ad8 f   libvcruntime:risctrnsctrl.obj
 0001:00006b58       __std_type_info_compare    0000000180007b58 f   libvcruntime:std_type_info.obj
 0001:00006b80       __std_type_info_destroy_list 0000000180007b80 f   libvcruntime:std_type_info.obj
 0001:00006bac       __std_exception_copy       0000000180007bac f   libvcruntime:std_exception.obj
 0001:00006c3c       __std_exception_destroy    0000000180007c3c f   libvcruntime:std_exception.obj
 0001:00006c64       _CxxThrowException         0000000180007c64 f   libvcruntime:throw.obj
 0001:00006d24       __vcrt_freefls             0000000180007d24 f   libvcruntime:per_thread_data.obj
 0001:00006d44       __vcrt_freeptd             0000000180007d44 f   libvcruntime:per_thread_data.obj
 0001:00006d94       __vcrt_getptd              0000000180007d94 f   libvcruntime:per_thread_data.obj
 0001:00006db0       __vcrt_getptd_noexit       0000000180007db0 f   libvcruntime:per_thread_data.obj
 0001:00006e7c       __vcrt_initialize_ptd      0000000180007e7c f   libvcruntime:per_thread_data.obj
 0001:00006ed0       __vcrt_uninitialize_ptd    0000000180007ed0 f   libvcruntime:per_thread_data.obj
 0001:00006ef4       __vcrt_initialize_locks    0000000180007ef4 f   libvcruntime:locks.obj
 0001:00006f3c       __vcrt_uninitialize_locks  0000000180007f3c f   libvcruntime:locks.obj
 0001:0000714c       __vcrt_FlsAlloc            000000018000814c f   libvcruntime:winapi_downlevel.obj
 0001:00007194       __vcrt_FlsFree             0000000180008194 f   libvcruntime:winapi_downlevel.obj
 0001:000071dc       __vcrt_FlsGetValue         00000001800081dc f   libvcruntime:winapi_downlevel.obj
 0001:00007224       __vcrt_FlsSetValue         0000000180008224 f   libvcruntime:winapi_downlevel.obj
 0001:00007278       __vcrt_InitializeCriticalSectionEx 0000000180008278 f   libvcruntime:winapi_downlevel.obj
 0001:000072dc       __vcrt_initialize_winapi_thunks 00000001800082dc f   libvcruntime:winapi_downlevel.obj
 0001:0000730c       __vcrt_uninitialize_winapi_thunks 000000018000830c f   libvcruntime:winapi_downlevel.obj
 0001:0000734c       __vcrt_initialize_pure_virtual_call_handler 000000018000834c f   libvcruntime:purevirt_data.obj
 0001:00007370       _NLG_Notify                0000000180008370 f   libvcruntime:notify.obj
 0001:00007390       __NLG_Dispatch2            0000000180008390 f   libvcruntime:notify.obj
 0001:000073a0       __NLG_Return2              00000001800083a0 f   libvcruntime:notify.obj
 0001:000073a4       __except_validate_context_record 00000001800083a4 f   libvcruntime:jbcxrval.obj
 0001:000073dc       __DestructExceptionObject  00000001800083dc f   libvcruntime:ehhelpers.obj
 0001:00007450       ?_CallMemberFunction0@@YAXQEAX0@Z 0000000180008450 f i libvcruntime:ehhelpers.obj
 0001:00007454       _IsExceptionObjectToBeDestroyed 0000000180008454 f   libvcruntime:ehhelpers.obj
 0001:00007484       __AdjustPointer            0000000180008484 f   libvcruntime:ehhelpers.obj
 0001:000074a8       __FrameUnwindFilter        00000001800084a8 f   libvcruntime:ehhelpers.obj
 0001:000074f4       ?GetCurrentState@__FrameHandler3@@SAHPEA_KPEAU_xDISPATCHER_CONTEXT@@PEBU_s_FuncInfo@@@Z 00000001800084f4 f   libvcruntime:ehstate.obj
 0001:0000751c       ?GetUnwindTryBlock@__FrameHandler3@@SAHPEA_KPEAU_xDISPATCHER_CONTEXT@@PEBU_s_FuncInfo@@@Z 000000018000851c f   libvcruntime:ehstate.obj
 0001:00007548       ?SetState@__FrameHandler3@@SAXPEA_KPEBU_s_FuncInfo@@H@Z 0000000180008548 f   libvcruntime:ehstate.obj
 0001:00007554       ?SetUnwindTryBlock@__FrameHandler3@@SAXPEA_KPEAU_xDISPATCHER_CONTEXT@@PEBU_s_FuncInfo@@H@Z 0000000180008554 f   libvcruntime:ehstate.obj
 0001:00007590       ?StateFromControlPc@__FrameHandler3@@SAHPEBU_s_FuncInfo@@PEAU_xDISPATCHER_CONTEXT@@@Z 0000000180008590 f   libvcruntime:ehstate.obj
 0001:00007598       ?StateFromIp@__FrameHandler3@@SAHPEBU_s_FuncInfo@@PEAU_xDISPATCHER_CONTEXT@@_K@Z 0000000180008598 f   libvcruntime:ehstate.obj
 0001:00008024       ??$TypeMatchHelper@V__FrameHandler3@@@@YAHPEBU_s_HandlerType@@PEBU_s_CatchableType@@PEBU_s_ThrowInfo@@@Z 0000000180009024 f i libvcruntime:frame.obj
 0001:00008168       ??$__InternalCxxFrameHandler@V__FrameHandler3@@@@YA?AW4_EXCEPTION_DISPOSITION@@PEAUEHExceptionRecord@@PEA_KPEAU_CONTEXT@@PEAU_xDISPATCHER_CONTEXT@@PEBU_s_FuncInfo@@H1E@Z 0000000180009168 f i libvcruntime:frame.obj
 0001:000083b0       ??0bad_exception@std@@QEAA@AEBV01@@Z 00000001800093b0 f i libvcruntime:frame.obj
 0001:000083f0       ??0bad_exception@std@@QEAA@XZ 00000001800093f0 f i libvcruntime:frame.obj
 0001:00008410       ?CxxCallCatchBlock@__FrameHandler3@@SAPEAXPEAU_EXCEPTION_RECORD@@@Z 0000000180009410 f   libvcruntime:frame.obj
 0001:00008684       ?FrameUnwindToState@__FrameHandler3@@SAXPEA_KPEAU_xDISPATCHER_CONTEXT@@PEBU_s_FuncInfo@@H@Z 0000000180009684 f   libvcruntime:frame.obj
 0001:00008818       ?GetHandlerSearchState@__FrameHandler3@@SAHPEA_KPEAU_xDISPATCHER_CONTEXT@@PEBU_s_FuncInfo@@@Z 0000000180009818 f i libvcruntime:frame.obj
 0001:00008a1c       ?_CallMemberFunction1@@YAXQEAX00@Z 0000000180009a1c f i libvcruntime:frame.obj
 0001:00008a28       ?_CallMemberFunction2@@YAXQEAX00H@Z 0000000180009a28 f i libvcruntime:frame.obj
 0001:00008a50       _CallSettingFrame          0000000180009a50 f   libvcruntime:handlers.obj
 0001:00008aa0       _CallSettingFrameEncoded   0000000180009aa0 f   libvcruntime:handlers.obj
 0001:00008ae8       free                       0000000180009ae8 f   libucrt:free.obj
 0001:00008af0       __acrt_call_reportfault    0000000180009af0 f   libucrt:invalid_parameter.obj
 0001:00008c4c       __acrt_initialize_invalid_parameter_handler 0000000180009c4c f   libucrt:invalid_parameter.obj
 0001:00008c54       _invalid_parameter         0000000180009c54 f   libucrt:invalid_parameter.obj
 0001:00008cfc       _invalid_parameter_noinfo  0000000180009cfc f   libucrt:invalid_parameter.obj
 0001:00008d1c       _invoke_watson             0000000180009d1c f   libucrt:invalid_parameter.obj
 0001:00008d64       __acrt_errno_from_os_error 0000000180009d64 f   libucrt:errno.obj
 0001:00008dac       __acrt_errno_map_os_error  0000000180009dac f   libucrt:errno.obj
 0001:00008dfc       __doserrno                 0000000180009dfc f   libucrt:errno.obj
 0001:00008e1c       _errno                     0000000180009e1c f   libucrt:errno.obj
 0001:00008e3c       malloc                     0000000180009e3c f   libucrt:malloc.obj
 0001:00008e44       _recalloc                  0000000180009e44 f   libucrt:recalloc.obj
 0001:00008e4c       _recalloc_base             0000000180009e4c f   libucrt:recalloc.obj
 0001:00008ee4       wcscat_s                   0000000180009ee4 f   libucrt:wcscat_s.obj
 0001:00008f64       wcscpy_s                   0000000180009f64 f   libucrt:wcscpy_s.obj
 0001:00008fcc       wcsncpy_s                  0000000180009fcc f   libucrt:wcsncpy_s.obj
 0001:000090b0       _seh_filter_dll            000000018000a0b0 f   libucrt:exception_filter.obj
 0001:000090c4       _seh_filter_exe            000000018000a0c4 f   libucrt:exception_filter.obj
 0001:00009484       __acrt_initialize_thread_local_exit_callback 000000018000a484 f   libucrt:exit.obj
 0001:0000948c       _cexit                     000000018000a48c f   libucrt:exit.obj
 0001:0000949c       _exit                      000000018000a49c f   libucrt:exit.obj
 0001:000094a8       _is_c_termination_complete 000000018000a4a8 f   libucrt:exit.obj
 0001:0000966c       __acrt_allocate_buffer_for_argv 000000018000a66c f   libucrt:argv_parsing.obj
 0001:000096d0       _configure_narrow_argv     000000018000a6d0 f   libucrt:argv_parsing.obj
 0001:00009a2c       __dcrt_uninitialize_environments_nolock 000000018000aa2c f   libucrt:environment_initialization.obj
 0001:00009a64       _initialize_narrow_environment 000000018000aa64 f   libucrt:environment_initialization.obj
 0001:00009a6c       ??$?RV<lambda_b8c45f8f788dd370798f47cfe8ac3a86>@@AEAV<lambda_4e60a939b0d047cfe11ddc22648dfba9>@@V<lambda_332c3edc96d0294ec56c57d38c1cdfd5>@@@?$__crt_seh_guarded_call@H@@QEAAH$$QEAV<lambda_b8c45f8f788dd370798f47cfe8ac3a86>@@AEAV<lambda_4e60a939b0d047cfe11ddc22648dfba9>@@$$QEAV<lambda_332c3edc96d0294ec56c57d38c1cdfd5>@@@Z 000000018000aa6c f i libucrt:onexit.obj
 0001:00009aa8       ??$?RV<lambda_e24bbb7b643b32fcea6fa61b31d4c984>@@AEAV<lambda_275893d493268fdec8709772e3fcec0e>@@V<lambda_9d71df4d7cf3f480f8d633942495c3b0>@@@?$__crt_seh_guarded_call@H@@QEAAH$$QEAV<lambda_e24bbb7b643b32fcea6fa61b31d4c984>@@AEAV<lambda_275893d493268fdec8709772e3fcec0e>@@$$QEAV<lambda_9d71df4d7cf3f480f8d633942495c3b0>@@@Z 000000018000aaa8 f i libucrt:onexit.obj
 0001:00009e24       _crt_atexit                000000018000ae24 f   libucrt:onexit.obj
 0001:00009e34       _execute_onexit_table      000000018000ae34 f   libucrt:onexit.obj
 0001:00009e70       _initialize_onexit_table   000000018000ae70 f   libucrt:onexit.obj
 0001:00009eb0       _register_onexit_function  000000018000aeb0 f   libucrt:onexit.obj
 0001:00009f30       __acrt_uninitialize_command_line 000000018000af30 f   libucrt:argv_data.obj
 0001:0000a030       __acrt_initialize          000000018000b030 f   libucrt:initialization.obj
 0001:0000a044       __acrt_thread_attach       000000018000b044 f   libucrt:initialization.obj
 0001:0000a058       __acrt_thread_detach       000000018000b058 f   libucrt:initialization.obj
 0001:0000a068       __acrt_uninitialize        000000018000b068 f   libucrt:initialization.obj
 0001:0000a07c       __acrt_uninitialize_critical 000000018000b07c f   libucrt:initialization.obj
 0001:0000a08c       _initterm                  000000018000b08c f   libucrt:initterm.obj
 0001:0000a104       _initterm_e                000000018000b104 f   libucrt:initterm.obj
 0001:0000a150       terminate                  000000018000b150 f   libucrt:terminate.obj
 0001:0000a178       __acrt_initialize_new_handler 000000018000b178 f   libucrt:new_handler.obj
 0001:0000a180       _callnewh                  000000018000b180 f   libucrt:new_handler.obj
 0001:0000a1c0       _query_new_handler         000000018000b1c0 f   libucrt:new_handler.obj
 0001:0000a1f4       strcpy_s                   000000018000b1f4 f   libucrt:strcpy_s.obj
 0001:0000a254       abort                      000000018000b254 f   libucrt:abort.obj
 0001:0000a2ac       calloc                     000000018000b2ac f   libucrt:calloc.obj
 0001:0000a2b4       wcsncmp                    000000018000b2b4 f   libucrt:wcsncmp.obj
 0001:0000a2e0       ??0_LocaleUpdate@@QEAA@QEAU__crt_locale_pointers@@@Z 000000018000b2e0 f i libucrt:output.obj
 0001:0000a380       strncmp                    000000018000b380 f   libucrt:strncmp.obj
 0001:0000a400       _free_base                 000000018000b400 f   libucrt:free_base.obj
 0001:0000a440       ??$?RV<lambda_46352004c1216016012b18bd6f87e700>@@AEAV<lambda_3bd07e1a1191394380780325891bf33f>@@V<lambda_334532d3f185bcaa59b5be82d7d22bff>@@@?$__crt_seh_guarded_call@X@@QEAAX$$QEAV<lambda_46352004c1216016012b18bd6f87e700>@@AEAV<lambda_3bd07e1a1191394380780325891bf33f>@@$$QEAV<lambda_334532d3f185bcaa59b5be82d7d22bff>@@@Z 000000018000b440 f i libucrt:per_thread_data.obj
 0001:0000a4a0       ??$?RV<lambda_5e887d1dcbef67a5eb4283622ba103bf>@@AEAV<lambda_4466841279450cc726390878d4a41900>@@V<lambda_341c25c0346d94847f1f3c463c57e077>@@@?$__crt_seh_guarded_call@X@@QEAAX$$QEAV<lambda_5e887d1dcbef67a5eb4283622ba103bf>@@AEAV<lambda_4466841279450cc726390878d4a41900>@@$$QEAV<lambda_341c25c0346d94847f1f3c463c57e077>@@@Z 000000018000b4a0 f i libucrt:per_thread_data.obj
 0001:0000a4e8       ??$?RV<lambda_72d1df2b273a38828b1ce30cbf4cdab5>@@AEAV<lambda_876a65b173b8412d3a47c70a915b0cf4>@@V<lambda_41932305e351933ebe8f8be3ed8bb5dc>@@@?$__crt_seh_guarded_call@X@@QEAAX$$QEAV<lambda_72d1df2b273a38828b1ce30cbf4cdab5>@@AEAV<lambda_876a65b173b8412d3a47c70a915b0cf4>@@$$QEAV<lambda_41932305e351933ebe8f8be3ed8bb5dc>@@@Z 000000018000b4e8 f i libucrt:per_thread_data.obj
 0001:0000a528       ??$?RV<lambda_fb3a7dec4e47f37f22dae91bb15c9095>@@AEAV<lambda_698284760c8add0bfb0756c19673e34b>@@V<lambda_dfb8eca1e75fef3034a8fb18dd509707>@@@?$__crt_seh_guarded_call@X@@QEAAX$$QEAV<lambda_fb3a7dec4e47f37f22dae91bb15c9095>@@AEAV<lambda_698284760c8add0bfb0756c19673e34b>@@$$QEAV<lambda_dfb8eca1e75fef3034a8fb18dd509707>@@@Z 000000018000b528 f i libucrt:per_thread_data.obj
 0001:0000a7b8       __acrt_freeptd             000000018000b7b8 f   libucrt:per_thread_data.obj
 0001:0000a7fc       __acrt_getptd              000000018000b7fc f   libucrt:per_thread_data.obj
 0001:0000a890       __acrt_getptd_noexit       000000018000b890 f   libucrt:per_thread_data.obj
 0001:0000a930       __acrt_initialize_ptd      000000018000b930 f   libucrt:per_thread_data.obj
 0001:0000a96c       __acrt_uninitialize_ptd    000000018000b96c f   libucrt:per_thread_data.obj
 0001:0000a990       _malloc_base               000000018000b990 f   libucrt:malloc_base.obj
 0001:0000a9f0       _msize                     000000018000b9f0 f   libucrt:msize.obj
 0001:0000aa2c       _realloc_base              000000018000ba2c f   libucrt:realloc_base.obj
 0001:0000aab0       __acrt_initialize_locks    000000018000bab0 f   libucrt:locks.obj
 0001:0000aaf8       __acrt_lock                000000018000baf8 f   libucrt:locks.obj
 0001:0000ab14       __acrt_uninitialize_locks  000000018000bb14 f   libucrt:locks.obj
 0001:0000ab4c       __acrt_unlock              000000018000bb4c f   libucrt:locks.obj
 0001:0000ad08       __acrt_FlsAlloc            000000018000bd08 f   libucrt:winapi_thunks.obj
 0001:0000ad60       __acrt_FlsFree             000000018000bd60 f   libucrt:winapi_thunks.obj
 0001:0000adb8       __acrt_FlsGetValue         000000018000bdb8 f   libucrt:winapi_thunks.obj
 0001:0000ae10       __acrt_FlsSetValue         000000018000be10 f   libucrt:winapi_thunks.obj
 0001:0000ae78       __acrt_InitializeCriticalSectionEx 000000018000be78 f   libucrt:winapi_thunks.obj
 0001:0000aef0       __acrt_LCMapStringEx       000000018000bef0 f   libucrt:winapi_thunks.obj
 0001:0000afe0       __acrt_LocaleNameToLCID    000000018000bfe0 f   libucrt:winapi_thunks.obj
 0001:0000b048       __acrt_initialize_winapi_thunks 000000018000c048 f   libucrt:winapi_thunks.obj
 0001:0000b080       __acrt_is_packaged_app     000000018000c080 f   libucrt:winapi_thunks.obj
 0001:0000b108       __acrt_uninitialize_winapi_thunks 000000018000c108 f   libucrt:winapi_thunks.obj
 0001:0000b14c       _calloc_base               000000018000c14c f   libucrt:calloc_base.obj
 0001:0000b6a0       ?expand_if_necessary@?$argument_list@D@?A0xca0879c4@@AEAAHXZ 000000018000c6a0 f i libucrt:argv_wildcards.obj
 0001:0000b768       __acrt_expand_narrow_argv_wildcards 000000018000c768 f   libucrt:argv_wildcards.obj
 0001:0000b770       ??$?RV<lambda_99476a1ad63dd22509b5d3e65b0ffc95>@@AEAV<lambda_ad1ced32f4ac17aa236e5ef05d6b3b7c>@@V<lambda_f7424dd8d45958661754dc4f2697e9c3>@@@?$__crt_seh_guarded_call@X@@QEAAX$$QEAV<lambda_99476a1ad63dd22509b5d3e65b0ffc95>@@AEAV<lambda_ad1ced32f4ac17aa236e5ef05d6b3b7c>@@$$QEAV<lambda_f7424dd8d45958661754dc4f2697e9c3>@@@Z 000000018000c770 f i libucrt:mbctype.obj
 0001:0000be6c       __acrt_initialize_multibyte 000000018000ce6c f   libucrt:mbctype.obj
 0001:0000be94       __acrt_update_thread_multibyte_data 000000018000ce94 f   libucrt:mbctype.obj
 0001:0000bf54       _setmbcp_nolock            000000018000cf54 f   libucrt:mbctype.obj
 0001:0000c274       _ismbblead                 000000018000d274 f   libucrt:ismbbyte.obj
 0001:0000c288       __acrt_initialize_command_line 000000018000d288 f   libucrt:argv_data.obj
 0001:0000c2b0       __dcrt_get_narrow_environment_from_os 000000018000d2b0 f   libucrt:get_environment_from_os.obj
 0001:0000c3b4       __acrt_initialize_heap     000000018000d3b4 f   libucrt:heap_handle.obj
 0001:0000c3d0       __acrt_uninitialize_heap   000000018000d3d0 f   libucrt:heap_handle.obj
 0001:0000c5c4       __acrt_initialize_lowio    000000018000d5c4 f   libucrt:ioinit.obj
 0001:0000c600       __acrt_uninitialize_lowio  000000018000d600 f   libucrt:ioinit.obj
 0001:0000c640       __acrt_execute_initializers 000000018000d640 f   libucrt:shared_initialization.obj
 0001:0000c6d4       __acrt_execute_uninitializers 000000018000d6d4 f   libucrt:shared_initialization.obj
 0001:0000c724       ??$?RV<lambda_c36588078e9f5dfd39652860aa6b3aaf>@@AEAV<lambda_ec61778202f4f5fc7e7711acc23c3bca>@@V<lambda_dc9d2797ccde5d239b4a0efae8ebd7db>@@@?$__crt_seh_guarded_call@P6AXH@Z@@QEAAP6AXH@Z$$QEAV<lambda_c36588078e9f5dfd39652860aa6b3aaf>@@AEAV<lambda_ec61778202f4f5fc7e7711acc23c3bca>@@$$QEAV<lambda_dc9d2797ccde5d239b4a0efae8ebd7db>@@@Z 000000018000d724 f i libucrt:signal.obj
 0001:0000c76c       __acrt_get_sigabrt_handler 000000018000d76c f   libucrt:signal.obj
 0001:0000c79c       __acrt_initialize_signal_handlers 000000018000d79c f   libucrt:signal.obj
 0001:0000c7bc       raise                      000000018000d7bc f   libucrt:signal.obj
 0001:0000ca58       __acrt_has_user_matherr    000000018000da58 f   libucrt:matherr.obj
 0001:0000ca78       __acrt_initialize_user_matherr 000000018000da78 f   libucrt:matherr.obj
 0001:0000ca80       __acrt_invoke_user_matherr 000000018000da80 f   libucrt:matherr.obj
 0001:0000cac8       _mbtowc_l                  000000018000dac8 f   libucrt:mbtowc.obj
 0001:0000cc10       mbtowc                     000000018000dc10 f   libucrt:mbtowc.obj
 0001:0000cc18       __acrt_update_locale_info  000000018000dc18 f   libucrt:locale_update.obj
 0001:0000cc4c       __acrt_update_multibyte_info 000000018000dc4c f   libucrt:locale_update.obj
 0001:0000cc80       _fileno                    000000018000dc80 f   libucrt:fileno.obj
 0001:0000cca8       __acrt_initialize_stdio    000000018000dca8 f   libucrt:_file.obj
 0001:0000cdc8       __acrt_uninitialize_stdio  000000018000ddc8 f   libucrt:_file.obj
 0001:0000ce24       _lock_file                 000000018000de24 f   libucrt:_file.obj
 0001:0000ce30       _unlock_file               000000018000de30 f   libucrt:_file.obj
 0001:0000ce3c       __acrt_set_locale_changed  000000018000de3c f   libucrt:wsetlocale.obj
 0001:0000ce48       __acrt_uninitialize_locale 000000018000de48 f   libucrt:wsetlocale.obj
 0001:0000ce90       __pctype_func              000000018000de90 f   libucrt:ctype.obj
 0001:0000cec0       __acrt_add_locale_ref      000000018000dec0 f   libucrt:locale_refcounting.obj
 0001:0000cf4c       __acrt_free_locale         000000018000df4c f   libucrt:locale_refcounting.obj
 0001:0000d0c4       __acrt_locale_add_lc_time_reference 000000018000e0c4 f   libucrt:locale_refcounting.obj
 0001:0000d0ec       __acrt_locale_free_lc_time_if_unreferenced 000000018000e0ec f   libucrt:locale_refcounting.obj
 0001:0000d124       __acrt_locale_release_lc_time_reference 000000018000e124 f   libucrt:locale_refcounting.obj
 0001:0000d14c       __acrt_release_locale_ref  000000018000e14c f   libucrt:locale_refcounting.obj
 0001:0000d1f4       __acrt_update_thread_locale_data 000000018000e1f4 f   libucrt:locale_refcounting.obj
 0001:0000d264       _updatetlocinfoEx_nolock   000000018000e264 f   libucrt:locale_refcounting.obj
 0001:0000d2cc       _query_new_mode            000000018000e2cc f   libucrt:new_mode.obj
 0001:0000d39c       __acrt_DownlevelLocaleNameToLCID 000000018000e39c f   libucrt:lcidtoname_downlevel.obj
 0001:0000d4a0       qsort                      000000018000e4a0 f   libucrt:qsort.obj
 0001:0000d7d4       strncpy_s                  000000018000e7d4 f   libucrt:strncpy_s.obj
 0001:0000d8a8       strpbrk                    000000018000e8a8 f   libucrt:strpbrk.obj
 0001:0000d948       _mbsdec                    000000018000e948 f   libucrt:mbsdec.obj
 0001:0000d950       _mbsdec_l                  000000018000e950 f   libucrt:mbsdec.obj
 0001:0000d9e8       __acrt_GetStringTypeA      000000018000e9e8 f   libucrt:getstringtypea.obj
 0001:0000def8       __acrt_LCMapStringA        000000018000eef8 f   libucrt:lcmapstringa.obj
 0001:0000dfa8       __acrt_lowio_create_handle_array 000000018000efa8 f   libucrt:osfinfo.obj
 0001:0000e040       __acrt_lowio_destroy_handle_array 000000018000f040 f   libucrt:osfinfo.obj
 0001:0000e090       __acrt_lowio_ensure_fh_exists 000000018000f090 f   libucrt:osfinfo.obj
 0001:0000e148       __acrt_lowio_lock_fh       000000018000f148 f   libucrt:osfinfo.obj
 0001:0000e16c       __acrt_lowio_unlock_fh     000000018000f16c f   libucrt:osfinfo.obj
 0001:0000e190       _free_osfhnd               000000018000f190 f   libucrt:osfinfo.obj
 0001:0000e24c       _get_osfhandle             000000018000f24c f   libucrt:osfinfo.obj
 0001:0000e2c4       _isatty                    000000018000f2c4 f   libucrt:isatty.obj
 0001:0000e324       __acrt_stdio_flush_nolock  000000018000f324 f   libucrt:fflush.obj
 0001:0000e39c       _fflush_nolock             000000018000f39c f   libucrt:fflush.obj
 0001:0000e3e8       _flushall                  000000018000f3e8 f   libucrt:fflush.obj
 0001:0000e4d8       _isleadbyte_l              000000018000f4d8 f i libucrt:_wctype.obj
 0001:0000e518       _fcloseall                 000000018000f518 f   libucrt:closeall.obj
 0001:0000e5cc       __acrt_stdio_free_buffer_nolock 000000018000f5cc f   libucrt:_freebuf.obj
 0001:0000e60c       __acrt_locale_free_monetary 000000018000f60c f   libucrt:initmon.obj
 0001:0000e718       __acrt_locale_free_numeric 000000018000f718 f   libucrt:initnum.obj
 0001:0000e7dc       __acrt_locale_free_time    000000018000f7dc f   libucrt:inittime.obj
 0001:0000e8e4       __strncnt                  000000018000f8e4 f   libucrt:strncnt.obj
 0001:0000e8fc       _query_app_type            000000018000f8fc f   libucrt:report_runtime_error.obj
 0001:0000e904       ??$?RV<lambda_b521505b218e5242e90febf6bfebc422>@@AEAV<lambda_6978c1fb23f02e42e1d9e99668cc68aa>@@V<lambda_314360699dd331753a4119843814e9a7>@@@?$__crt_seh_guarded_call@H@@QEAAH$$QEAV<lambda_b521505b218e5242e90febf6bfebc422>@@AEAV<lambda_6978c1fb23f02e42e1d9e99668cc68aa>@@$$QEAV<lambda_314360699dd331753a4119843814e9a7>@@@Z 000000018000f904 f i libucrt:commit.obj
 0001:0000e990       _commit                    000000018000f990 f   libucrt:commit.obj
 0001:0000efc4       _write                     000000018000ffc4 f   libucrt:write.obj
 0001:0000f0b0       _write_nolock              00000001800100b0 f   libucrt:write.obj
 0001:0000f3a0       log10                      00000001800103a0 f   libucrt:log10.obj
 0001:0000f9e8       _lseeki64_nolock           00000001800109e8 f   libucrt:lseek.obj
 0001:0000f9f0       _fclose_nolock             00000001800109f0 f   libucrt:fclose.obj
 0001:0000fa74       fclose                     0000000180010a74 f   libucrt:fclose.obj
 0001:0000fae0       _putwch_nolock             0000000180010ae0 f   libucrt:putwch.obj
 0001:0000fc60       _handle_error              0000000180010c60 f   libucrt:libm_error.obj
 0001:0000fd90       __acrt_initialize_fma3     0000000180010d90 f   libucrt:fma3_available.obj
 0001:0000fe00       _log10_special             0000000180010e00 f   libucrt:log_special.obj
 0001:0000feb8       ??$?RV<lambda_bfedae4ebbf01fab1bb6dcc6a9e276e0>@@AEAV<lambda_2fe9b910cf3cbf4a0ab98a02ba45b3ec>@@V<lambda_237c231691f317818eb88cc1d5d642d6>@@@?$__crt_seh_guarded_call@H@@QEAAH$$QEAV<lambda_bfedae4ebbf01fab1bb6dcc6a9e276e0>@@AEAV<lambda_2fe9b910cf3cbf4a0ab98a02ba45b3ec>@@$$QEAV<lambda_237c231691f317818eb88cc1d5d642d6>@@@Z 0000000180010eb8 f i libucrt:close.obj
 0001:0000ff2c       _close                     0000000180010f2c f   libucrt:close.obj
 0001:0000ffd0       _close_nolock              0000000180010fd0 f   libucrt:close.obj
 0001:0001008c       ?__acrt_stdio_free_stream@@YAXV__crt_stdio_stream@@@Z 000000018001108c f   libucrt:stream.obj
 0001:000100d0       __dcrt_lowio_initialize_console_output 00000001800110d0 f   libucrt:initcon.obj
 0001:0001010c       __dcrt_terminate_console_output 000000018001110c f   libucrt:initcon.obj
 0001:00010140       _get_fpsr                  0000000180011140 f   libucrt:fpsr.obj
 0001:00010150       _set_fpsr                  0000000180011150 f   libucrt:fpsr.obj
 0001:0001015a       _fclrf                     000000018001115a f   libucrt:fpsr.obj
 0001:0001016e       _frnd                      000000018001116e f   libucrt:fpsr.obj
 0001:00010190       _raise_exc                 0000000180011190 f   libucrt:fpexcept.obj
 0001:000101b8       _raise_exc_ex              00000001800111b8 f   libucrt:fpexcept.obj
 0001:000104c0       _set_errno_from_matherr    00000001800114c0 f   libucrt:fpexcept.obj
 0001:000104f0       _clrfp                     00000001800114f0 f   libucrt:fpctrl.obj
 0001:00010510       _ctrlfp                    0000000180011510 f   libucrt:fpctrl.obj
 0001:0001058c       _set_statfp                000000018001158c f   libucrt:fpctrl.obj
 0001:000105ac       _statfp                    00000001800115ac f   libucrt:fpctrl.obj
 0001:000105bd       IsProcessorFeaturePresent  00000001800115bd f   kernel32:KERNEL32.dll
 0001:000105d0       _FindPESection             00000001800115d0 f   LIBCMT:pesect.obj
 0001:00010620       _IsNonwritableInCurrentImage 0000000180011620 f   LIBCMT:pesect.obj
 0001:00010670       _ValidateImageBase         0000000180011670 f   LIBCMT:pesect.obj
 0001:000106b0       memcmp                     00000001800116b0 f   libvcruntime:memcmp.obj
 0001:00010790       _guard_dispatch_icall_nop  0000000180011790 f   LIBCMT:guard_dispatch.obj
 0002:00000000       __imp_RegQueryInfoKeyW     0000000180012000     advapi32:ADVAPI32.dll
 0002:00000008       __imp_RegOpenKeyExW        0000000180012008     advapi32:ADVAPI32.dll
 0002:00000010       __imp_RegEnumKeyExW        0000000180012010     advapi32:ADVAPI32.dll
 0002:00000018       __imp_RegDeleteValueW      0000000180012018     advapi32:ADVAPI32.dll
 0002:00000020       __imp_RegDeleteKeyW        0000000180012020     advapi32:ADVAPI32.dll
 0002:00000028       __imp_RegCreateKeyExW      0000000180012028     advapi32:ADVAPI32.dll
 0002:00000030       __imp_RegCloseKey          0000000180012030     advapi32:ADVAPI32.dll
 0002:00000038       __imp_RegSetValueExW       0000000180012038     advapi32:ADVAPI32.dll
 0002:00000040       \177ADVAPI32_NULL_THUNK_DATA 0000000180012040     advapi32:ADVAPI32.dll
 0002:00000048       __imp_FreeLibrary          0000000180012048     kernel32:KERNEL32.dll
 0002:00000050       __imp_GetModuleFileNameW   0000000180012050     kernel32:KERNEL32.dll
 0002:00000058       __imp_GetModuleHandleW     0000000180012058     kernel32:KERNEL32.dll
 0002:00000060       __imp_GetProcAddress       0000000180012060     kernel32:KERNEL32.dll
 0002:00000068       __imp_LoadLibraryExW       0000000180012068     kernel32:KERNEL32.dll
 0002:00000070       __imp_LoadResource         0000000180012070     kernel32:KERNEL32.dll
 0002:00000078       __imp_DisableThreadLibraryCalls 0000000180012078     kernel32:KERNEL32.dll
 0002:00000080       __imp_lstrcmpiW            0000000180012080     kernel32:KERNEL32.dll
 0002:00000088       __imp_FindResourceW        0000000180012088     kernel32:KERNEL32.dll
 0002:00000090       __imp_MultiByteToWideChar  0000000180012090     kernel32:KERNEL32.dll
 0002:00000098       __imp_CreateFileW          0000000180012098     kernel32:KERNEL32.dll
 0002:000000a0       __imp_WriteConsoleW        00000001800120a0     kernel32:KERNEL32.dll
 0002:000000a8       __imp_LeaveCriticalSection 00000001800120a8     kernel32:KERNEL32.dll
 0002:000000b0       __imp_EnterCriticalSection 00000001800120b0     kernel32:KERNEL32.dll
 0002:000000b8       __imp_EncodePointer        00000001800120b8     kernel32:KERNEL32.dll
 0002:000000c0       __imp_DeleteCriticalSection 00000001800120c0     kernel32:KERNEL32.dll
 0002:000000c8       __imp_InitializeCriticalSectionEx 00000001800120c8     kernel32:KERNEL32.dll
 0002:000000d0       __imp_GetLastError         00000001800120d0     kernel32:KERNEL32.dll
 0002:000000d8       __imp_RaiseException       00000001800120d8     kernel32:KERNEL32.dll
 0002:000000e0       __imp_SizeofResource       00000001800120e0     kernel32:KERNEL32.dll
 0002:000000e8       __imp_DecodePointer        00000001800120e8     kernel32:KERNEL32.dll
 0002:000000f0       __imp_CloseHandle          00000001800120f0     kernel32:KERNEL32.dll
 0002:000000f8       __imp_SetFilePointerEx     00000001800120f8     kernel32:KERNEL32.dll
 0002:00000100       __imp_GetConsoleMode       0000000180012100     kernel32:KERNEL32.dll
 0002:00000108       __imp_GetConsoleCP         0000000180012108     kernel32:KERNEL32.dll
 0002:00000110       __imp_FlushFileBuffers     0000000180012110     kernel32:KERNEL32.dll
 0002:00000118       __imp_WriteFile            0000000180012118     kernel32:KERNEL32.dll
 0002:00000120       __imp_SetStdHandle         0000000180012120     kernel32:KERNEL32.dll
 0002:00000128       __imp_GetStringTypeW       0000000180012128     kernel32:KERNEL32.dll
 0002:00000130       __imp_GetFileType          0000000180012130     kernel32:KERNEL32.dll
 0002:00000138       __imp_GetStdHandle         0000000180012138     kernel32:KERNEL32.dll
 0002:00000140       __imp_GetProcessHeap       0000000180012140     kernel32:KERNEL32.dll
 0002:00000148       __imp_IsDebuggerPresent    0000000180012148     kernel32:KERNEL32.dll
 0002:00000150       __imp_OutputDebugStringW   0000000180012150     kernel32:KERNEL32.dll
 0002:00000158       __imp_RtlCaptureContext    0000000180012158     kernel32:KERNEL32.dll
 0002:00000160       __imp_RtlLookupFunctionEntry 0000000180012160     kernel32:KERNEL32.dll
 0002:00000168       __imp_RtlVirtualUnwind     0000000180012168     kernel32:KERNEL32.dll
 0002:00000170       __imp_UnhandledExceptionFilter 0000000180012170     kernel32:KERNEL32.dll
 0002:00000178       __imp_SetUnhandledExceptionFilter 0000000180012178     kernel32:KERNEL32.dll
 0002:00000180       __imp_GetCurrentProcess    0000000180012180     kernel32:KERNEL32.dll
 0002:00000188       __imp_TerminateProcess     0000000180012188     kernel32:KERNEL32.dll
 0002:00000190       __imp_IsProcessorFeaturePresent 0000000180012190     kernel32:KERNEL32.dll
 0002:00000198       __imp_GetStartupInfoW      0000000180012198     kernel32:KERNEL32.dll
 0002:000001a0       __imp_QueryPerformanceCounter 00000001800121a0     kernel32:KERNEL32.dll
 0002:000001a8       __imp_GetCurrentProcessId  00000001800121a8     kernel32:KERNEL32.dll
 0002:000001b0       __imp_GetCurrentThreadId   00000001800121b0     kernel32:KERNEL32.dll
 0002:000001b8       __imp_GetSystemTimeAsFileTime 00000001800121b8     kernel32:KERNEL32.dll
 0002:000001c0       __imp_InitializeSListHead  00000001800121c0     kernel32:KERNEL32.dll
 0002:000001c8       __imp_RtlUnwindEx          00000001800121c8     kernel32:KERNEL32.dll
 0002:000001d0       __imp_InterlockedFlushSList 00000001800121d0     kernel32:KERNEL32.dll
 0002:000001d8       __imp_RtlPcToFileHeader    00000001800121d8     kernel32:KERNEL32.dll
 0002:000001e0       __imp_SetLastError         00000001800121e0     kernel32:KERNEL32.dll
 0002:000001e8       __imp_InitializeCriticalSectionAndSpinCount 00000001800121e8     kernel32:KERNEL32.dll
 0002:000001f0       __imp_TlsAlloc             00000001800121f0     kernel32:KERNEL32.dll
 0002:000001f8       __imp_TlsGetValue          00000001800121f8     kernel32:KERNEL32.dll
 0002:00000200       __imp_TlsSetValue          0000000180012200     kernel32:KERNEL32.dll
 0002:00000208       __imp_TlsFree              0000000180012208     kernel32:KERNEL32.dll
 0002:00000210       __imp_ExitProcess          0000000180012210     kernel32:KERNEL32.dll
 0002:00000218       __imp_GetModuleHandleExW   0000000180012218     kernel32:KERNEL32.dll
 0002:00000220       __imp_GetModuleFileNameA   0000000180012220     kernel32:KERNEL32.dll
 0002:00000228       __imp_WideCharToMultiByte  0000000180012228     kernel32:KERNEL32.dll
 0002:00000230       __imp_HeapFree             0000000180012230     kernel32:KERNEL32.dll
 0002:00000238       __imp_HeapAlloc            0000000180012238     kernel32:KERNEL32.dll
 0002:00000240       __imp_HeapSize             0000000180012240     kernel32:KERNEL32.dll
 0002:00000248       __imp_HeapReAlloc          0000000180012248     kernel32:KERNEL32.dll
 0002:00000250       __imp_LCMapStringW         0000000180012250     kernel32:KERNEL32.dll
 0002:00000258       __imp_FindClose            0000000180012258     kernel32:KERNEL32.dll
 0002:00000260       __imp_FindFirstFileExA     0000000180012260     kernel32:KERNEL32.dll
 0002:00000268       __imp_FindNextFileA        0000000180012268     kernel32:KERNEL32.dll
 0002:00000270       __imp_IsValidCodePage      0000000180012270     kernel32:KERNEL32.dll
 0002:00000278       __imp_GetACP               0000000180012278     kernel32:KERNEL32.dll
 0002:00000280       __imp_GetOEMCP             0000000180012280     kernel32:KERNEL32.dll
 0002:00000288       __imp_GetCPInfo            0000000180012288     kernel32:KERNEL32.dll
 0002:00000290       __imp_GetCommandLineA      0000000180012290     kernel32:KERNEL32.dll
 0002:00000298       __imp_GetCommandLineW      0000000180012298     kernel32:KERNEL32.dll
 0002:000002a0       __imp_GetEnvironmentStringsW 00000001800122a0     kernel32:KERNEL32.dll
 0002:000002a8       __imp_FreeEnvironmentStringsW 00000001800122a8     kernel32:KERNEL32.dll
 0002:000002b0       \177KERNEL32_NULL_THUNK_DATA 00000001800122b0     kernel32:KERNEL32.dll
 0002:000002b8       __imp_LoadTypeLib          00000001800122b8     oleaut32:OLEAUT32.dll
 0002:000002c0       __imp_UnRegisterTypeLib    00000001800122c0     oleaut32:OLEAUT32.dll
 0002:000002c8       __imp_SysStringLen         00000001800122c8     oleaut32:OLEAUT32.dll
 0002:000002d0       __imp_SysAllocString       00000001800122d0     oleaut32:OLEAUT32.dll
 0002:000002d8       __imp_SysFreeString        00000001800122d8     oleaut32:OLEAUT32.dll
 0002:000002e0       __imp_VarUI4FromStr        00000001800122e0     oleaut32:OLEAUT32.dll
 0002:000002e8       __imp_RegisterTypeLib      00000001800122e8     oleaut32:OLEAUT32.dll
 0002:000002f0       \177OLEAUT32_NULL_THUNK_DATA 00000001800122f0     oleaut32:OLEAUT32.dll
 0002:000002f8       __imp_CharNextW            00000001800122f8     user32:USER32.dll
 0002:00000300       \177USER32_NULL_THUNK_DATA 0000000180012300     user32:USER32.dll
 0002:00000308       __imp_CoTaskMemRealloc     0000000180012308     ole32:ole32.dll
 0002:00000310       __imp_CoCreateInstance     0000000180012310     ole32:ole32.dll
 0002:00000318       __imp_StringFromGUID2      0000000180012318     ole32:ole32.dll
 0002:00000320       __imp_CoTaskMemAlloc       0000000180012320     ole32:ole32.dll
 0002:00000328       __imp_CoTaskMemFree        0000000180012328     ole32:ole32.dll
 0002:00000330       \177ole32_NULL_THUNK_DATA  0000000180012330     ole32:ole32.dll
 0002:00000338       __guard_check_icall_fptr   0000000180012338     LIBCMT:guard_support.obj
 0002:00000340       __guard_dispatch_icall_fptr 0000000180012340     LIBCMT:guard_support.obj
 0002:00000348       __xc_a                     0000000180012348     LIBCMT:initializers.obj
 0002:00000368       __xc_z                     0000000180012368     LIBCMT:initializers.obj
 0002:00000370       __xi_a                     0000000180012370     LIBCMT:initializers.obj
 0002:00000378       __acrt_multibyte_initializer 0000000180012378     libucrt:multibyte_initializer.obj
 0002:00000380       __acrt_stdio_initializer   0000000180012380     libucrt:stdio_initializer.obj
 0002:00000388       __acrt_tran_fma3_initializer 0000000180012388     libucrt:fma3_initializer.obj
 0002:00000390       __xi_z                     0000000180012390     LIBCMT:initializers.obj
 0002:00000398       __xp_a                     0000000180012398     LIBCMT:initializers.obj
 0002:000003a0       __acrt_locale_terminator   00000001800123a0     libucrt:locale_initializer.obj
 0002:000003a8       __dcrt_console_output_terminator 00000001800123a8     libucrt:console_output_initializer.obj
 0002:000003b0       __acrt_stdio_terminator    00000001800123b0     libucrt:stdio_initializer.obj
 0002:000003b8       __xp_z                     00000001800123b8     LIBCMT:initializers.obj
 0002:000003c0       __xt_a                     00000001800123c0     LIBCMT:initializers.obj
 0002:000003c8       __xt_z                     00000001800123c8     LIBCMT:initializers.obj
 0002:000003d0       ??_C@_13HADIAKP@?$AAS@     00000001800123d0     StdAfx.obj
 0002:000003d4       ??_C@_13LHMFKAAD@?$AAM@    00000001800123d4     StdAfx.obj
 0002:000003d8       ??_C@_13MKMNOPIJ@?$AAD@    00000001800123d8     StdAfx.obj
 0002:000003dc       ??_C@_13OPKGLAFF@?$AAB@    00000001800123dc     StdAfx.obj
 0002:000003e0       ??_C@_17LLMMEOJD@?$AAV?$AAa?$AAl@ 00000001800123e0     StdAfx.obj
 0002:000003e8       ??_C@_1BI@JFAIJMHL@?$AAF?$AAo?$AAr?$AAc?$AAe?$AAR?$AAe?$AAm?$AAo?$AAv?$AAe@ 00000001800123e8     StdAfx.obj
 0002:00000400       ??_C@_1BC@GCKHIPE@?$AAN?$AAo?$AAR?$AAe?$AAm?$AAo?$AAv?$AAe@ 0000000180012400     StdAfx.obj
 0002:00000418       ??_C@_1O@JDLOHAN@?$AAD?$AAe?$AAl?$AAe?$AAt?$AAe@ 0000000180012418     StdAfx.obj
 0002:00000428       ??_C@_1BK@BIGILECK@?$AAA?$AAd?$AAv?$AAa?$AAp?$AAi?$AA3?$AA2?$AA?4?$AAd?$AAl?$AAl@ 0000000180012428     OposConstants.obj
 0002:00000448       ??_C@_0BI@MNCFCPFK@RegCreateKeyTransactedW@ 0000000180012448     OposConstants.obj
 0002:00000460       _GUID_00000146_0000_0000_c000_000000000046 0000000180012460     OposConstants.obj
 0002:00000470       ??_7CComModule@ATL@@6B@    0000000180012470     OposConstants.obj
 0002:000004c0       ??_C@_1M@KANJNLFF@?$AAC?$AAL?$AAS?$AAI?$AAD@ 00000001800124c0     OposConstants.obj
 0002:000004d0       ??_C@_1M@EJNEECMJ@?$AAA?$AAp?$AAp?$AAI?$AAD@ 00000001800124d0     OposConstants.obj
 0002:000004e0       ?rgszNeverDelete@CRegParser@ATL@@1QBQEB_WB 00000001800124e0     OposConstants.obj
 0002:00000540       LIBID_OPOSCONSTANTSLib     0000000180012540     OposConstants.obj
 0002:00000550       ??_7CRegObject@ATL@@6B@    0000000180012550     OposConstants.obj
 0002:00000580       ??_C@_1CK@OEKPKBNA@?$AAC?$AAo?$AAm?$AAp?$AAo?$AAn?$AAe?$AAn?$AAt?$AA?5?$AAC?$AAa?$AAt?$AAe?$AAg@ 0000000180012580     OposConstants.obj
 0002:000005b0       ??_C@_1BC@NKMMNMGL@?$AAF?$AAi?$AAl?$AAe?$AAT?$AAy?$AAp?$AAe@ 00000001800125b0     OposConstants.obj
 0002:000005c8       ??_C@_1BE@EKPAFMCP@?$AAI?$AAn?$AAt?$AAe?$AAr?$AAf?$AAa?$AAc?$AAe@ 00000001800125c8     OposConstants.obj
 0002:000005e0       ??_C@_1BC@MAICEHGI@?$AAH?$AAa?$AAr?$AAd?$AAw?$AAa?$AAr?$AAe@ 00000001800125e0     OposConstants.obj
 0002:000005f8       ??_C@_19HLLLM@?$AAM?$AAi?$AAm?$AAe@ 00000001800125f8     OposConstants.obj
 0002:00000608       ??_C@_17OMAOINJK@?$AAS?$AAA?$AAM@ 0000000180012608     OposConstants.obj
 0002:00000610       ??_C@_1BC@IBECJAAI@?$AAS?$AAE?$AAC?$AAU?$AAR?$AAI?$AAT?$AAY@ 0000000180012610     OposConstants.obj
 0002:00000628       ??_C@_1O@GBFINDKL@?$AAS?$AAY?$AAS?$AAT?$AAE?$AAM@ 0000000180012628     OposConstants.obj
 0002:00000638       ??_C@_1BC@EAHCMADO@?$AAS?$AAo?$AAf?$AAt?$AAw?$AAa?$AAr?$AAe@ 0000000180012638     OposConstants.obj
 0002:00000650       ??_C@_1BA@JIHHIEDE@?$AAT?$AAy?$AAp?$AAe?$AAL?$AAi?$AAb@ 0000000180012650     OposConstants.obj
 0002:00000660       ?map@?1??HKeyFromString@CRegParser@ATL@@KAPEAUHKEY__@@PEA_W@Z@4QBUkeymap@?1??123@KAPEAU4@0@Z@B 0000000180012660     OposConstants.obj
 0002:00000740       ??_C@_19NCHLBIN@?$AAH?$AAK?$AAC?$AAR@ 0000000180012740     OposConstants.obj
 0002:00000750       ??_C@_19JAPAIJDE@?$AAH?$AAK?$AAC?$AAU@ 0000000180012750     OposConstants.obj
 0002:00000760       ??_C@_19PEALEEJB@?$AAH?$AAK?$AAL?$AAM@ 0000000180012760     OposConstants.obj
 0002:00000770       ??_C@_17PJOJPMPB@?$AAH?$AAK?$AAU@ 0000000180012770     OposConstants.obj
 0002:00000778       ??_C@_19PNBHMJPL@?$AAH?$AAK?$AAP?$AAD@ 0000000180012778     OposConstants.obj
 0002:00000788       ??_C@_19GFFAIJHG@?$AAH?$AAK?$AAD?$AAD@ 0000000180012788     OposConstants.obj
 0002:00000798       ??_C@_19OFICIBHH@?$AAH?$AAK?$AAC?$AAC@ 0000000180012798     OposConstants.obj
 0002:000007a8       ??_C@_1CE@PACHPJFI@?$AAH?$AAK?$AAE?$AAY?$AA_?$AAC?$AAL?$AAA?$AAS?$AAS?$AAE?$AAS?$AA_?$AAR?$AAO@ 00000001800127a8     OposConstants.obj
 0002:000007d0       ??_C@_1CE@HLHNCBPM@?$AAH?$AAK?$AAE?$AAY?$AA_?$AAC?$AAU?$AAR?$AAR?$AAE?$AAN?$AAT?$AA_?$AAU?$AAS@ 00000001800127d0     OposConstants.obj
 0002:000007f8       ??_C@_1CG@GFBEANJL@?$AAH?$AAK?$AAE?$AAY?$AA_?$AAL?$AAO?$AAC?$AAA?$AAL?$AA_?$AAM?$AAA?$AAC?$AAH@ 00000001800127f8     OposConstants.obj
 0002:00000820       ??_C@_1BG@BGODANIO@?$AAH?$AAK?$AAE?$AAY?$AA_?$AAU?$AAS?$AAE?$AAR?$AAS@ 0000000180012820     OposConstants.obj
 0002:00000838       ??_C@_1CM@KHNNAOIC@?$AAH?$AAK?$AAE?$AAY?$AA_?$AAP?$AAE?$AAR?$AAF?$AAO?$AAR?$AAM?$AAA?$AAN?$AAC@ 0000000180012838     OposConstants.obj
 0002:00000868       ??_C@_1BM@HAGMMHIA@?$AAH?$AAK?$AAE?$AAY?$AA_?$AAD?$AAY?$AAN?$AA_?$AAD?$AAA?$AAT?$AAA@ 0000000180012868     OposConstants.obj
 0002:00000888       ??_C@_1CI@BBJOACGG@?$AAH?$AAK?$AAE?$AAY?$AA_?$AAC?$AAU?$AAR?$AAR?$AAE?$AAN?$AAT?$AA_?$AAC?$AAO@ 0000000180012888     OposConstants.obj
 0002:000008b0       ??_C@_1EA@NHKLICFA@?$AAH?$AAK?$AAC?$AAU?$AA?$AN?$AA?6?$AA?$HL?$AA?7?$AAS?$AAo?$AAf?$AAt?$AAw?$AAa?$AAr@ 00000001800128b0     OposConstants.obj
 0002:000008f0       ??_C@_1BE@LJOLIMEM@?$AA?$AN?$AA?6?$AA?7?$AA?$HN?$AA?$AN?$AA?6?$AA?$HN?$AA?$AN?$AA?6@ 00000001800128f0     OposConstants.obj
 0002:00000908       ??_C@_1O@MNLDABAF@?$AAM?$AAo?$AAd?$AAu?$AAl?$AAe@ 0000000180012908     OposConstants.obj
 0002:00000918       ??_C@_1BG@JBACFMF@?$AAM?$AAo?$AAd?$AAu?$AAl?$AAe?$AA_?$AAR?$AAa?$AAw@ 0000000180012918     OposConstants.obj
 0002:00000930       ??_C@_1BC@KAILKFFG@?$AAR?$AAE?$AAG?$AAI?$AAS?$AAT?$AAR?$AAY@ 0000000180012930     OposConstants.obj
 0002:00000944       ??_C@_11LOCGONAA@@         0000000180012944     OposConstants.obj
 0002:00000948       ??_C@_1M@PPPPCDEP@?$AAA?$AAP?$AAP?$AAI?$AAD@ 0000000180012948     OposConstants.obj
 0002:00000958       _GUID_00000000_0000_0000_c000_000000000046 0000000180012958     OposConstants.obj
 0002:00000968       ??_C@_0BG@EKFFMJIO@RegOpenKeyTransactedW@ 0000000180012968     OposConstants.obj
 0002:00000980       ??_C@_0BI@HAKLOOGP@RegDeleteKeyTransactedW@ 0000000180012980     OposConstants.obj
 0002:00000998       ??_C@_0BA@LILAPHGE@RegDeleteKeyExW@ 0000000180012998     OposConstants.obj
 0002:000009a8       ??_C@_19ILOCMLCJ@?$AA?4?$AAt?$AAl?$AAb@ 00000001800129a8     OposConstants.obj
 0002:000009b8       _GUID_0002e012_0000_0000_c000_000000000046 00000001800129b8     OposConstants.obj
 0002:000009c8       ??_C@_1O@FHBGLCIO@?$AAC?$AAL?$AAS?$AAI?$AAD?$AA?2@ 00000001800129c8     OposConstants.obj
 0002:000009d8       ??_C@_1CK@IFBKBFAA@?$AA?2?$AAR?$AAe?$AAq?$AAu?$AAi?$AAr?$AAe?$AAd?$AA?5?$AAC?$AAa?$AAt?$AAe?$AAg@ 00000001800129d8     OposConstants.obj
 0002:00000a08       ??_C@_1DA@BIHALFED@?$AA?2?$AAI?$AAm?$AAp?$AAl?$AAe?$AAm?$AAe?$AAn?$AAt?$AAe?$AAd?$AA?5?$AAC?$AAa@ 0000000180012a08     OposConstants.obj
 0002:00000a38       ??_C@_1BK@EDKOLFBJ@?$AAO?$AAL?$AAE?$AAA?$AAU?$AAT?$AA3?$AA2?$AA?4?$AAD?$AAL?$AAL@ 0000000180012a38     OposConstants.obj
 0002:00000a58       ??_C@_0BJ@CNLFOMHB@UnRegisterTypeLibForUser@ 0000000180012a58     OposConstants.obj
 0002:00000a78       ??_C@_0BH@LBOMMKPJ@RegisterTypeLibForUser@ 0000000180012a78     OposConstants.obj
 0002:00000a90       GUID_NULL                  0000000180012a90     uuid:cguid_i.obj
 0002:00000aa0       CLSID_StdGlobalInterfaceTable 0000000180012aa0     uuid:cguid_i.obj
 0002:00000ab0       CLSID_StdComponentCategoriesMgr 0000000180012ab0     uuid:ieguids.obj
 0002:00000ac0       GUID_ATLVer110             0000000180012ac0     atls:atlbase.obj
 0002:00000ad0       ??_C@_1IC@ONKHOIDK@?$AAE?$AAR?$AAR?$AAO?$AAR?$AA?5?$AA?3?$AA?5?$AAU?$AAn?$AAa?$AAb?$AAl?$AAe?$AA?5@ 0000000180012ad0     atls:atlbase.obj
 0002:00000b52       ?nothrow@std@@3Unothrow_t@1@B 0000000180012b52     LIBCMT:std_nothrow.obj
 0002:00000b68       _pRawDllMain               0000000180012b68     LIBCMT:dll_dllmain.obj
 0002:00000b68       _pDefaultRawDllMain        0000000180012b68     LIBCMT:dll_dllmain.obj
 0002:00000ba0       ??_7exception@std@@6B@     0000000180012ba0     LIBCMT:throw_bad_alloc.obj
 0002:00000bb0       ??_C@_0BC@EOODALEL@Unknown?5exception@ 0000000180012bb0     LIBCMT:throw_bad_alloc.obj
 0002:00000bd0       ??_7bad_alloc@std@@6B@     0000000180012bd0     LIBCMT:throw_bad_alloc.obj
 0002:00000be0       ??_C@_0P@GHFPNOJB@bad?5allocation@ 0000000180012be0     LIBCMT:throw_bad_alloc.obj
 0002:00000bf8       ??_7bad_array_new_length@std@@6B@ 0000000180012bf8     LIBCMT:throw_bad_alloc.obj
 0002:00000c08       ??_C@_0BF@KINCDENJ@bad?5array?5new?5length@ 0000000180012c08     LIBCMT:throw_bad_alloc.obj
 0002:00000c28       ??_7type_info@@6B@         0000000180012c28     LIBCMT:std_type_info_static.obj
 0002:00000d28       ??_C@_1DM@KHCHBNEB@?$AAa?$AAp?$AAi?$AA?9?$AAm?$AAs?$AA?9?$AAw?$AAi?$AAn?$AA?9?$AAc?$AAo?$AAr?$AAe@ 0000000180012d28     libvcruntime:winapi_downlevel.obj
 0002:00000d68       ??_C@_1DK@LPPGFMPP@?$AAa?$AAp?$AAi?$AA?9?$AAm?$AAs?$AA?9?$AAw?$AAi?$AAn?$AA?9?$AAc?$AAo?$AAr?$AAe@ 0000000180012d68     libvcruntime:winapi_downlevel.obj
 0002:00000da8       ??_C@_1BC@GDMECMAK@?$AAk?$AAe?$AAr?$AAn?$AAe?$AAl?$AA3?$AA2@ 0000000180012da8     libvcruntime:winapi_downlevel.obj
 0002:00000dc0       ??_C@_1BA@PFFKHIOG@?$AAa?$AAp?$AAi?$AA?9?$AAm?$AAs?$AA?9@ 0000000180012dc0     libvcruntime:winapi_downlevel.obj
 0002:00000dd0       ??_C@_1BA@IAIFMGEF@?$AAe?$AAx?$AAt?$AA?9?$AAm?$AAs?$AA?9@ 0000000180012dd0     libvcruntime:winapi_downlevel.obj
 0002:00000de8       ??_C@_08KNHFBNJ@FlsAlloc@  0000000180012de8     libvcruntime:winapi_downlevel.obj
 0002:00000e00       ??_C@_07PEJMOBNF@FlsFree@  0000000180012e00     libvcruntime:winapi_downlevel.obj
 0002:00000e10       ??_C@_0M@GDNOONDI@FlsGetValue@ 0000000180012e10     libvcruntime:winapi_downlevel.obj
 0002:00000e28       ??_C@_0M@JCPCPOEF@FlsSetValue@ 0000000180012e28     libvcruntime:winapi_downlevel.obj
 0002:00000e40       ??_C@_0BM@HCFOFFN@InitializeCriticalSectionEx@ 0000000180012e40     libvcruntime:winapi_downlevel.obj
 0002:00000e60       _pDestructExceptionObject  0000000180012e60     libvcruntime:ehhelpers.obj
 0002:00000e70       ??_7bad_exception@std@@6B@ 0000000180012e70     libvcruntime:frame.obj
 0002:00000e80       ??_C@_0O@DPKOEFFH@bad?5exception@ 0000000180012e80     libvcruntime:frame.obj
 0002:000011c8       ??_C@_08EHJDFFNH@__based?$CI@ 00000001800131c8     libvcruntime:undname.obj
 0002:000011d8       ??_C@_07KOLFKCDI@__cdecl@  00000001800131d8     libvcruntime:undname.obj
 0002:000011e0       ??_C@_08GHMPAG@__pascal@   00000001800131e0     libvcruntime:undname.obj
 0002:000011f0       ??_C@_09IFJBGAPI@__stdcall@ 00000001800131f0     libvcruntime:undname.obj
 0002:00001200       ??_C@_0L@NPHFGOKO@__thiscall@ 0000000180013200     libvcruntime:undname.obj
 0002:00001210       ??_C@_0L@JMKHOMEK@__fastcall@ 0000000180013210     libvcruntime:undname.obj
 0002:00001220       ??_C@_0N@BCKKPABJ@__vectorcall@ 0000000180013220     libvcruntime:undname.obj
 0002:00001230       ??_C@_09HIJEGCPM@__clrcall@ 0000000180013230     libvcruntime:undname.obj
 0002:0000123c       ??_C@_06GHPCKEAG@__eabi@   000000018001323c     libvcruntime:undname.obj
 0002:00001248       ??_C@_09IOPIDJLG@__swift_1@ 0000000180013248     libvcruntime:undname.obj
 0002:00001258       ??_C@_09KFNFGKHF@__swift_2@ 0000000180013258     libvcruntime:undname.obj
 0002:00001268       ??_C@_07JOMMBBKO@__ptr64@  0000000180013268     libvcruntime:undname.obj
 0002:00001270       ??_C@_0L@PILCLIHE@__restrict@ 0000000180013270     libvcruntime:undname.obj
 0002:00001280       ??_C@_0M@GFIIJFMG@__unaligned@ 0000000180013280     libvcruntime:undname.obj
 0002:00001290       ??_C@_09DHDLOLLB@restrict?$CI@ 0000000180013290     libvcruntime:undname.obj
 0002:0000129a       ??_C@_00CNPNBAHC@@         000000018001329a     libvcruntime:undname.obj
 0002:0000129c       ??_C@_04NIHEBCM@?5new@     000000018001329c     libvcruntime:undname.obj
 0002:000012a8       ??_C@_07FPCDHGMM@?5delete@ 00000001800132a8     libvcruntime:undname.obj
 0002:000012b0       ??_C@_01NEMOKFLO@?$DN@     00000001800132b0     libvcruntime:undname.obj
 0002:000012b4       ??_C@_02GPIOPFAK@?$DO?$DO@ 00000001800132b4     libvcruntime:undname.obj
 0002:000012b8       ??_C@_02FODMEDOG@?$DM?$DM@ 00000001800132b8     libvcruntime:undname.obj
 0002:000012bc       ??_C@_01DCLJPIOD@?$CB@     00000001800132bc     libvcruntime:undname.obj
 0002:000012c0       ??_C@_02EGOFBIJA@?$DN?$DN@ 00000001800132c0     libvcruntime:undname.obj
 0002:000012c4       ??_C@_02FDNJECIE@?$CB?$DN@ 00000001800132c4     libvcruntime:undname.obj
 0002:000012c8       ??_C@_02GPECMEKF@?$FL?$FN@ 00000001800132c8     libvcruntime:undname.obj
 0002:000012d0       ??_C@_08LHJFAFGD@operator@ 00000001800132d0     libvcruntime:undname.obj
 0002:000012dc       ??_C@_02HBOOOICD@?9?$DO@   00000001800132dc     libvcruntime:undname.obj
 0002:000012e0       ??_C@_01NBENCBCI@?$CK@     00000001800132e0     libvcruntime:undname.obj
 0002:000012e4       ??_C@_02ECNGHCIF@?$CL?$CL@ 00000001800132e4     libvcruntime:undname.obj
 0002:000012e8       ??_C@_02BAABKJLB@?9?9@     00000001800132e8     libvcruntime:undname.obj
 0002:000012ec       ??_C@_01JOAMLHOP@?9@       00000001800132ec     libvcruntime:undname.obj
 0002:000012f0       ??_C@_01MIFGBAGJ@?$CL@     00000001800132f0     libvcruntime:undname.obj
 0002:000012f4       ??_C@_01HNPIGOCE@?$CG@     00000001800132f4     libvcruntime:undname.obj
 0002:000012f8       ??_C@_03MNHNFDLC@?9?$DO?$CK@ 00000001800132f8     libvcruntime:undname.obj
 0002:000012fc       ??_C@_01KMDKNFGN@?1@       00000001800132fc     libvcruntime:undname.obj
 0002:00001300       ??_C@_01FGNFDNOH@?$CF@     0000000180013300     libvcruntime:undname.obj
 0002:00001304       ??_C@_01MNNFJEPP@?$DM@     0000000180013304     libvcruntime:undname.obj
 0002:00001308       ??_C@_02EHCHHCKH@?$DM?$DN@ 0000000180013308     libvcruntime:undname.obj
 0002:0000130c       ??_C@_01PPODPGHN@?$DO@     000000018001330c     libvcruntime:undname.obj
 0002:00001310       ??_C@_02EEKDKGMJ@?$DO?$DN@ 0000000180013310     libvcruntime:undname.obj
 0002:00001314       ??_C@_01IHBHIGKO@?0@       0000000180013314     libvcruntime:undname.obj
 0002:00001318       ??_C@_02HCKGKOFO@?$CI?$CJ@ 0000000180013318     libvcruntime:undname.obj
 0002:0000131c       ??_C@_01PJKLJHI@?$HO@      000000018001331c     libvcruntime:undname.obj
 0002:00001320       ??_C@_01JKBOJNNK@?$FO@     0000000180013320     libvcruntime:undname.obj
 0002:00001324       ??_C@_01DNKMNLPK@?$HM@     0000000180013324     libvcruntime:undname.obj
 0002:00001328       ??_C@_02PPKAJPJL@?$CG?$CG@ 0000000180013328     libvcruntime:undname.obj
 0002:0000132c       ??_C@_02NONPIBCD@?$HM?$HM@ 000000018001332c     libvcruntime:undname.obj
 0002:00001330       ??_C@_02FPIMKNGF@?$CK?$DN@ 0000000180013330     libvcruntime:undname.obj
 0002:00001334       ??_C@_02FOEOMHFC@?$CL?$DN@ 0000000180013334     libvcruntime:undname.obj
 0002:00001338       ??_C@_02FKMDLLOA@?9?$DN@   0000000180013338     libvcruntime:undname.obj
 0002:0000133c       ??_C@_02FJEHGPIO@?1?$DN@   000000018001333c     libvcruntime:undname.obj
 0002:00001340       ??_C@_02FENAOKFI@?$CF?$DN@ 0000000180013340     libvcruntime:undname.obj
 0002:00001344       ??_C@_03IKFCCPFF@?$DO?$DO?$DN@ 0000000180013344     libvcruntime:undname.obj
 0002:00001348       ??_C@_03CDNPDDLA@?$DM?$DM?$DN@ 0000000180013348     libvcruntime:undname.obj
 0002:0000134c       ??_C@_02FGJGFEAB@?$CG?$DN@ 000000018001334c     libvcruntime:undname.obj
 0002:00001350       ??_C@_02DHLNPPGH@?$HM?$DN@ 0000000180013350     libvcruntime:undname.obj
 0002:00001354       ??_C@_02MHEGNOJ@?$FO?$DN@  0000000180013354     libvcruntime:undname.obj
 0002:00001358       ??_C@_09IFPLHPGF@?$GAvftable?8@ 0000000180013358     libvcruntime:undname.obj
 0002:00001368       ??_C@_09BLBHBJP@?$GAvbtable?8@ 0000000180013368     libvcruntime:undname.obj
 0002:00001378       ??_C@_07FEEIOKP@?$GAvcall?8@ 0000000180013378     libvcruntime:undname.obj
 0002:00001380       ??_C@_08LLFFHHDJ@?$GAtypeof?8@ 0000000180013380     libvcruntime:undname.obj
 0002:00001390       ??_C@_0BF@KDPPACIK@?$GAlocal?5static?5guard?8@ 0000000180013390     libvcruntime:undname.obj
 0002:000013a8       ??_C@_08OBABFOLI@?$GAstring?8@ 00000001800133a8     libvcruntime:undname.obj
 0002:000013b8       ??_C@_0BD@JDLKDPAB@?$GAvbase?5destructor?8@ 00000001800133b8     libvcruntime:undname.obj
 0002:000013d0       ??_C@_0BN@DEGPLNFK@?$GAvector?5deleting?5destructor?8@ 00000001800133d0     libvcruntime:undname.obj
 0002:000013f0       ??_C@_0BO@OBMKPJIG@?$GAdefault?5constructor?5closure?8@ 00000001800133f0     libvcruntime:undname.obj
 0002:00001410       ??_C@_0BN@IMDCHIKM@?$GAscalar?5deleting?5destructor?8@ 0000000180013410     libvcruntime:undname.obj
 0002:00001430       ??_C@_0BO@PFGOCPJJ@?$GAvector?5constructor?5iterator?8@ 0000000180013430     libvcruntime:undname.obj
 0002:00001450       ??_C@_0BN@LFPFMEDL@?$GAvector?5destructor?5iterator?8@ 0000000180013450     libvcruntime:undname.obj
 0002:00001470       ??_C@_0CE@IKBNEHA@?$GAvector?5vbase?5constructor?5itera@ 0000000180013470     libvcruntime:undname.obj
 0002:00001498       ??_C@_0BL@NILFHHPC@?$GAvirtual?5displacement?5map?8@ 0000000180013498     libvcruntime:undname.obj
 0002:000014b8       ??_C@_0CB@JONCMFFK@?$GAeh?5vector?5constructor?5iterator@ 00000001800134b8     libvcruntime:undname.obj
 0002:000014e0       ??_C@_0CA@GCEOPDGL@?$GAeh?5vector?5destructor?5iterator?8@ 00000001800134e0     libvcruntime:undname.obj
 0002:00001500       ??_C@_0CH@OOJPLCPH@?$GAeh?5vector?5vbase?5constructor?5it@ 0000000180013500     libvcruntime:undname.obj
 0002:00001528       ??_C@_0BL@LLKPOHJI@?$GAcopy?5constructor?5closure?8@ 0000000180013528     libvcruntime:undname.obj
 0002:00001548       ??_C@_0BA@KBCDOMBN@?$GAudt?5returning?8@ 0000000180013548     libvcruntime:undname.obj
 0002:00001558       ??_C@_03KLGMFNMG@?$GAEH@   0000000180013558     libvcruntime:undname.obj
 0002:0000155c       ??_C@_05KHLCHHI@?$GARTTI@  000000018001355c     libvcruntime:undname.obj
 0002:00001568       ??_C@_0BA@KKLDJDLB@?$GAlocal?5vftable?8@ 0000000180013568     libvcruntime:undname.obj
 0002:00001578       ??_C@_0CE@IIHCMGGL@?$GAlocal?5vftable?5constructor?5clos@ 0000000180013578     libvcruntime:undname.obj
 0002:0000159c       ??_C@_06FHBGPFGH@?5new?$FL?$FN@ 000000018001359c     libvcruntime:undname.obj
 0002:000015a8       ??_C@_09LBNFPBCA@?5delete?$FL?$FN@ 00000001800135a8     libvcruntime:undname.obj
 0002:000015b8       ??_C@_0P@HJKNJFNN@?$GAomni?5callsig?8@ 00000001800135b8     libvcruntime:undname.obj
 0002:000015c8       ??_C@_0BL@CNOONJFP@?$GAplacement?5delete?5closure?8@ 00000001800135c8     libvcruntime:undname.obj
 0002:000015e8       ??_C@_0BN@CKNJLHMB@?$GAplacement?5delete?$FL?$FN?5closure?8@ 00000001800135e8     libvcruntime:undname.obj
 0002:00001608       ??_C@_0CG@CFDHKGGD@?$GAmanaged?5vector?5constructor?5ite@ 0000000180013608     libvcruntime:undname.obj
 0002:00001630       ??_C@_0CF@IMGKMJNO@?$GAmanaged?5vector?5destructor?5iter@ 0000000180013630     libvcruntime:undname.obj
 0002:00001658       ??_C@_0CG@HLDDJMAG@?$GAeh?5vector?5copy?5constructor?5ite@ 0000000180013658     libvcruntime:undname.obj
 0002:00001680       ??_C@_0CM@FCBBDIGB@?$GAeh?5vector?5vbase?5copy?5construct@ 0000000180013680     libvcruntime:undname.obj
 0002:000016b0       ??_C@_0BL@CLIPGLGB@?$GAdynamic?5initializer?5for?5?8@ 00000001800136b0     libvcruntime:undname.obj
 0002:000016d0       ??_C@_0CB@PDBIFEP@?$GAdynamic?5atexit?5destructor?5for?5@ 00000001800136d0     libvcruntime:undname.obj
 0002:000016f8       ??_C@_0CD@CGAJBKEJ@?$GAvector?5copy?5constructor?5iterat@ 00000001800136f8     libvcruntime:undname.obj
 0002:00001720       ??_C@_0CJ@GJELGAMM@?$GAvector?5vbase?5copy?5constructor?5@ 0000000180013720     libvcruntime:undname.obj
 0002:00001750       ??_C@_0CL@FGIJHLCE@?$GAmanaged?5vector?5copy?5constructo@ 0000000180013750     libvcruntime:undname.obj
 0002:00001780       ??_C@_0BM@PMGGMLDN@?$GAlocal?5static?5thread?5guard?8@ 0000000180013780     libvcruntime:undname.obj
 0002:000017a0       ??_C@_0N@BDNMDMOL@operator?5?$CC?$CC?5@ 00000001800137a0     libvcruntime:undname.obj
 0002:000017b0       ??_C@_0BC@GGEBGALA@operator?5co_await@ 00000001800137b0     libvcruntime:undname.obj
 0002:000017c8       ??_C@_0BC@DAFEJGAK@?5Type?5Descriptor?8@ 00000001800137c8     libvcruntime:undname.obj
 0002:000017e0       ??_C@_0BM@LDKODKLH@?5Base?5Class?5Descriptor?5at?5?$CI@ 00000001800137e0     libvcruntime:undname.obj
 0002:00001800       ??_C@_0BD@LGICGFMM@?5Base?5Class?5Array?8@ 0000000180013800     libvcruntime:undname.obj
 0002:00001818       ??_C@_0BN@MECKDCOJ@?5Class?5Hierarchy?5Descriptor?8@ 0000000180013818     libvcruntime:undname.obj
 0002:00001838       ??_C@_0BK@CFCOFLF@?5Complete?5Object?5Locator?8@ 0000000180013838     libvcruntime:undname.obj
 0002:000019d0       __acrt_exception_action_table 00000001800139d0     libucrt:exception_filter.obj
 0002:00001a90       __acrt_signal_action_table_count 0000000180013a90     libucrt:exception_filter.obj
 0002:00001a98       __acrt_signal_action_first_fpe_index 0000000180013a98     libucrt:exception_filter.obj
 0002:00001aa0       __acrt_signal_action_fpe_count 0000000180013aa0     libucrt:exception_filter.obj
 0002:00001aa8       ??_C@_1BI@BGOHAHKC@?$AAm?$AAs?$AAc?$AAo?$AAr?$AAe?$AAe?$AA?4?$AAd?$AAl?$AAl?$AA?$AA@ 0000000180013aa8     libucrt:exit.obj
 0002:00001ac0       ??_C@_0P@MIGLKIOC@CorExitProcess?$AA@ 0000000180013ac0     libucrt:exit.obj
 0002:00001c60       ??_C@_1EG@CNNIPFIM@?$AAa?$AAp?$AAi?$AA?9?$AAm?$AAs?$AA?9?$AAw?$AAi?$AAn?$AA?9?$AAa?$AAp?$AAp?$AAm?$AAo?$AAd?$AAe?$AAl?$AA?9?$AAr?$AAu?$AAn?$AAt?$AAi?$AAm?$AAe?$AA?9?$AAl?$AA1?$AA?9?$AA1@ 0000000180013c60     libucrt:winapi_thunks.obj
 0002:00001cb0       ??_C@_1EA@JGEFHKEI@?$AAa?$AAp?$AAi?$AA?9?$AAm?$AAs?$AA?9?$AAw?$AAi?$AAn?$AA?9?$AAc?$AAo?$AAr?$AAe?$AA?9?$AAd?$AAa?$AAt?$AAe?$AAt?$AAi?$AAm?$AAe?$AA?9?$AAl?$AA1?$AA?9?$AA1?$AA?9?$AA1?$AA?$AA@ 0000000180013cb0     libucrt:winapi_thunks.obj
 0002:00001cf0       ??_C@_1DM@KHCHBNEB@?$AAa?$AAp?$AAi?$AA?9?$AAm?$AAs?$AA?9?$AAw?$AAi?$AAn?$AA?9?$AAc?$AAo?$AAr?$AAe?$AA?9?$AAf?$AAi?$AAb?$AAe?$AAr?$AAs?$AA?9?$AAl?$AA1?$AA?9?$AA1?$AA?9?$AA1?$AA?$AA@ 0000000180013cf0     libucrt:winapi_thunks.obj
 0002:00001d30       ??_C@_1DI@GCIAAENM@?$AAa?$AAp?$AAi?$AA?9?$AAm?$AAs?$AA?9?$AAw?$AAi?$AAn?$AA?9?$AAc?$AAo?$AAr?$AAe?$AA?9?$AAf?$AAi?$AAl?$AAe?$AA?9?$AAl?$AA2?$AA?9?$AA1?$AA?9?$AA1?$AA?$AA@ 0000000180013d30     libucrt:winapi_thunks.obj
 0002:00001d70       ??_C@_1EI@MPIAOHOC@?$AAa?$AAp?$AAi?$AA?9?$AAm?$AAs?$AA?9?$AAw?$AAi?$AAn?$AA?9?$AAc?$AAo?$AAr?$AAe?$AA?9?$AAl?$AAo?$AAc?$AAa?$AAl?$AAi?$AAz?$AAa?$AAt?$AAi?$AAo?$AAn?$AA?9?$AAl?$AA1?$AA?9@ 0000000180013d70     libucrt:winapi_thunks.obj
 0002:00001dc0       ??_C@_1FK@FPHCKFIE@?$AAa?$AAp?$AAi?$AA?9?$AAm?$AAs?$AA?9?$AAw?$AAi?$AAn?$AA?9?$AAc?$AAo?$AAr?$AAe?$AA?9?$AAl?$AAo?$AAc?$AAa?$AAl?$AAi?$AAz?$AAa?$AAt?$AAi?$AAo?$AAn?$AA?9?$AAo?$AAb?$AAs@ 0000000180013dc0     libucrt:winapi_thunks.obj
[...]
 0004:00000bb8       $pdata$__acrt_uninitialize_critical 000000018001fbb8     libucrt:initialization.obj
 0004:00000bc4       $pdata$__acrt_thread_attach 000000018001fbc4     libucrt:initialization.obj
 0004:00000bd0       $pdata$__acrt_thread_detach 000000018001fbd0     libucrt:initialization.obj
 0004:00000bdc       $pdata$initialize_c        000000018001fbdc     libucrt:initialization.obj
 0004:00000be8       $pdata$uninitialize_environment 000000018001fbe8     libucrt:initialization.obj
 0004:00000bf4       $pdata$initialize_pointers 000000018001fbf4     libucrt:initialization.obj
 0004:00000c00       $pdata$uninitialize_allocated_memory 000000018001fc00     libucrt:initialization.obj
 0004:00000c0c       $pdata$_initterm           000000018001fc0c     libucrt:initterm.obj
 0004:00000c18       $pdata$_initterm_e         000000018001fc18     libucrt:initterm.obj
 0004:00000c24       $pdata$terminate           000000018001fc24     libucrt:terminate.obj
 0004:00000c30       $pdata$_callnewh           000000018001fc30     libucrt:new_handler.obj
 0004:00000c3c       $pdata$_query_new_handler  000000018001fc3c     libucrt:new_handler.obj
 0004:00000c48       $pdata$_query_new_handler$fin$0 000000018001fc48     libucrt:new_handler.obj
 0004:00000c54       $pdata$strcpy_s            000000018001fc54     libucrt:strcpy_s.obj
 0004:00000c60       $pdata$abort               000000018001fc60     libucrt:abort.obj
 0004:00000c6c       $pdata$??0_LocaleUpdate@@QEAA@QEAU__crt_locale_pointers@@@Z 000000018001fc6c     libucrt:output.obj
 0004:00000c84       $pdata$_free_base          000000018001fc84     libucrt:free_base.obj
 0004:00000c90       $pdata$__acrt_initialize_ptd 000000018001fc90     libucrt:per_thread_data.obj
 0004:00000c9c       $pdata$__acrt_uninitialize_ptd 000000018001fc9c     libucrt:per_thread_data.obj
 0004:00000ca8       $pdata$__acrt_getptd       000000018001fca8     libucrt:per_thread_data.obj
 0004:00000cb4       $pdata$__acrt_getptd_noexit 000000018001fcb4     libucrt:per_thread_data.obj
 0004:00000cc0       $pdata$__acrt_freeptd      000000018001fcc0     libucrt:per_thread_data.obj
 0004:00000ccc       $pdata$?destroy_fls@@YAXPEAX@Z 000000018001fccc     libucrt:per_thread_data.obj
 0004:00000cd8       $pdata$?replace_current_thread_locale_nolock@@YAXQEAU__acrt_ptd@@QEAU__crt_locale_data@@@Z 000000018001fcd8     libucrt:per_thread_data.obj
 0004:00000ce4       $pdata$?construct_ptd_array@@YAXQEAU__acrt_ptd@@@Z 000000018001fce4     libucrt:per_thread_data.obj
 0004:00000cf0       $pdata$?destroy_ptd_array@@YAXQEAU__acrt_ptd@@@Z 000000018001fcf0     libucrt:per_thread_data.obj
 0004:00000cfc       $pdata$??$?RV<lambda_72d1df2b273a38828b1ce30cbf4cdab5>@@AEAV<lambda_876a65b173b8412d3a47c70a915b0cf4>@@V<lambda_41932305e351933ebe8f8be3ed8bb5dc>@@@?$__crt_seh_guarded_call@X@@QEAAX$$QEAV<lambda_72d1df2b273a38828b1ce30cbf4cdab5>@@AEAV<lambda_876a65b173b8412d3a47c70a915b0cf4>@@$$QEAV<lambda_41932305e351933ebe8f8be3ed8bb5dc>@@@Z 000000018001fcfc     libucrt:per_thread_data.obj
 0004:00000d08       $pdata$??$?RV<lambda_5e887d1dcbef67a5eb4283622ba103bf>@@AEAV<lambda_4466841279450cc726390878d4a41900>@@V<lambda_341c25c0346d94847f1f3c463c57e077>@@@?$__crt_seh_guarded_call@X@@QEAAX$$QEAV<lambda_5e887d1dcbef67a5eb4283622ba103bf>@@AEAV<lambda_4466841279450cc726390878d4a41900>@@$$QEAV<lambda_341c25c0346d94847f1f3c463c57e077>@@@Z 000000018001fd08     libucrt:per_thread_data.obj
 0004:00000d14       $pdata$??$?RV<lambda_46352004c1216016012b18bd6f87e700>@@AEAV<lambda_3bd07e1a1191394380780325891bf33f>@@V<lambda_334532d3f185bcaa59b5be82d7d22bff>@@@?$__crt_seh_guarded_call@X@@QEAAX$$QEAV<lambda_46352004c1216016012b18bd6f87e700>@@AEAV<lambda_3bd07e1a1191394380780325891bf33f>@@$$QEAV<lambda_334532d3f185bcaa59b5be82d7d22bff>@@@Z 000000018001fd14     libucrt:per_thread_data.obj
 0004:00000d20       $pdata$??$?RV<lambda_fb3a7dec4e47f37f22dae91bb15c9095>@@AEAV<lambda_698284760c8add0bfb0756c19673e34b>@@V<lambda_dfb8eca1e75fef3034a8fb18dd509707>@@@?$__crt_seh_guarded_call@X@@QEAAX$$QEAV<lambda_fb3a7dec4e47f37f22dae91bb15c9095>@@AEAV<lambda_698284760c8add0bfb0756c19673e34b>@@$$QEAV<lambda_dfb8eca1e75fef3034a8fb18dd509707>@@@Z 000000018001fd20     libucrt:per_thread_data.obj
 0004:00000d2c       $pdata$_malloc_base        000000018001fd2c     libucrt:malloc_base.obj
 0004:00000d38       $pdata$_msize              000000018001fd38     libucrt:msize.obj
 0004:00000d44       $pdata$_realloc_base       000000018001fd44     libucrt:realloc_base.obj
 0004:00000d50       $pdata$__acrt_initialize_locks 000000018001fd50     libucrt:locks.obj
 0004:00000d5c       $pdata$__acrt_uninitialize_locks 000000018001fd5c     libucrt:locks.obj
 0004:00000d68       $pdata$__acrt_FlsAlloc     000000018001fd68     libucrt:winapi_thunks.obj
 0004:00000d74       $pdata$__acrt_FlsFree      000000018001fd74     libucrt:winapi_thunks.obj
 0004:00000d80       $pdata$__acrt_FlsGetValue  000000018001fd80     libucrt:winapi_thunks.obj
 0004:00000d8c       $pdata$__acrt_FlsSetValue  000000018001fd8c     libucrt:winapi_thunks.obj
 0004:00000d98       $pdata$__acrt_initialize_winapi_thunks 000000018001fd98     libucrt:winapi_thunks.obj
 0004:00000da4       $pdata$__acrt_uninitialize_winapi_thunks 000000018001fda4     libucrt:winapi_thunks.obj
 0004:00000db0       $pdata$__acrt_InitializeCriticalSectionEx 000000018001fdb0     libucrt:winapi_thunks.obj
 0004:00000dbc       $pdata$__acrt_LCMapStringEx 000000018001fdbc     libucrt:winapi_thunks.obj
 0004:00000dc8       $pdata$__acrt_LocaleNameToLCID 000000018001fdc8     libucrt:winapi_thunks.obj
 0004:00000dd4       $pdata$__acrt_is_packaged_app 000000018001fdd4     libucrt:winapi_thunks.obj
 0004:00000de0       $pdata$?try_get_function@@YAPEAXW4function_id@?A0x63058377@@QEBDQEBW4module_id@2@2@Z 000000018001fde0     libucrt:winapi_thunks.obj
 0004:00000dec       $pdata$_calloc_base        000000018001fdec     libucrt:calloc_base.obj
 0004:00000df8       $pdata$??$common_expand_argv_wildcards@D@@YAHQEAPEADQEAPEAPEAD@Z 000000018001fdf8     libucrt:argv_wildcards.obj
 0004:00000e04       $pdata$?expand_if_necessary@?$argument_list@D@?A0xca0879c4@@AEAAHXZ 000000018001fe04     libucrt:argv_wildcards.obj
 0004:00000e10       $pdata$??$copy_and_add_argument_to_buffer@D@@YAHQEBD0_KAEAV?$argument_list@D@?A0xca0879c4@@@Z 000000018001fe10     libucrt:argv_wildcards.obj
 0004:00000e1c       $pdata$??$expand_argument_wildcards@D@@YAHQEAD0AEAV?$argument_list@D@?A0xca0879c4@@@Z 000000018001fe1c     libucrt:argv_wildcards.obj
 0004:00000e28       $pdata$__acrt_update_thread_multibyte_data 000000018001fe28     libucrt:mbctype.obj
 0004:00000e34       $pdata$__acrt_update_thread_multibyte_data$fin$0 000000018001fe34     libucrt:mbctype.obj
 0004:00000e40       $pdata$__acrt_initialize_multibyte 000000018001fe40     libucrt:mbctype.obj
 0004:00000e4c       $pdata$_setmbcp_nolock     000000018001fe4c     libucrt:mbctype.obj
 0004:00000e58       $pdata$?getSystemCP@@YAHH@Z 000000018001fe58     libucrt:mbctype.obj
 0004:00000e64       $pdata$?setSBCS@@YAXPEAU__crt_multibyte_data@@@Z 000000018001fe64     libucrt:mbctype.obj
 0004:00000e70       $pdata$?setSBUpLow@@YAXPEAU__crt_multibyte_data@@@Z 000000018001fe70     libucrt:mbctype.obj
 0004:00000e7c       $pdata$?setmbcp_internal@@YAHH_N@Z 000000018001fe7c     libucrt:mbctype.obj
 0004:00000e88       $pdata$??R<lambda_ad1ced32f4ac17aa236e5ef05d6b3b7c>@@QEBAXXZ 000000018001fe88     libucrt:mbctype.obj
 0004:00000e94       $pdata$??$?RV<lambda_99476a1ad63dd22509b5d3e65b0ffc95>@@AEAV<lambda_ad1ced32f4ac17aa236e5ef05d6b3b7c>@@V<lambda_f7424dd8d45958661754dc4f2697e9c3>@@@?$__crt_seh_guarded_call@X@@QEAAX$$QEAV<lambda_99476a1ad63dd22509b5d3e65b0ffc95>@@AEAV<lambda_ad1ced32f4ac17aa236e5ef05d6b3b7c>@@$$QEAV<lambda_f7424dd8d45958661754dc4f2697e9c3>@@@Z 000000018001fe94     libucrt:mbctype.obj
 0004:00000ea0       $pdata$?x_ismbbtype_l@@YAHPEAU__crt_locale_pointers@@IHH@Z 000000018001fea0     libucrt:ismbbyte.obj
 0004:00000eac       $pdata$__acrt_initialize_command_line 000000018001feac     libucrt:argv_data.obj
 0004:00000eb8       $pdata$__dcrt_get_narrow_environment_from_os 000000018001feb8     libucrt:get_environment_from_os.obj
 0004:00000ec4       $pdata$__acrt_initialize_heap 000000018001fec4     libucrt:heap_handle.obj
 0004:00000ed0       $pdata$__acrt_initialize_lowio 000000018001fed0     libucrt:ioinit.obj
 0004:00000edc       $pdata$__acrt_lowio_ensure_fh_exists$fin$0 000000018001fedc     libucrt:osfinfo.obj
 0004:00000edc       $pdata$__acrt_initialize_lowio$fin$0 000000018001fedc     libucrt:ioinit.obj
 0004:00000ee8       $pdata$__acrt_uninitialize_lowio 000000018001fee8     libucrt:ioinit.obj
 0004:00000ef4       $pdata$?initialize_inherited_file_handles_nolock@@YAXXZ 000000018001fef4     libucrt:ioinit.obj
 0004:00000f00       $pdata$?initialize_stdio_handles_nolock@@YAXXZ 000000018001ff00     libucrt:ioinit.obj
 0004:00000f0c       $pdata$__acrt_execute_initializers 000000018001ff0c     libucrt:shared_initialization.obj
 0004:00000f18       $pdata$__acrt_execute_uninitializers 000000018001ff18     libucrt:shared_initialization.obj
 0004:00000f24       $pdata$__acrt_get_sigabrt_handler 000000018001ff24     libucrt:signal.obj
 0004:00000f30       $pdata$raise               000000018001ff30     libucrt:signal.obj
 0004:00000f3c       $pdata$raise$fin$0         000000018001ff3c     libucrt:signal.obj
 0004:00000f48       $pdata$??$?RV<lambda_c36588078e9f5dfd39652860aa6b3aaf>@@AEAV<lambda_ec61778202f4f5fc7e7711acc23c3bca>@@V<lambda_dc9d2797ccde5d239b4a0efae8ebd7db>@@@?$__crt_seh_guarded_call@P6AXH@Z@@QEAAP6AXH@Z$$QEAV<lambda_c36588078e9f5dfd39652860aa6b3aaf>@@AEAV<lambda_ec61778202f4f5fc7e7711acc23c3bca>@@$$QEAV<lambda_dc9d2797ccde5d239b4a0efae8ebd7db>@@@Z 000000018001ff48     libucrt:signal.obj
 0004:00000f54       $pdata$__acrt_invoke_user_matherr 000000018001ff54     libucrt:matherr.obj
 0004:00000f60       $pdata$_mbtowc_l           000000018001ff60     libucrt:mbtowc.obj
 0004:00000f6c       $pdata$__acrt_update_locale_info 000000018001ff6c     libucrt:locale_update.obj
 0004:00000f78       $pdata$__acrt_update_multibyte_info 000000018001ff78     libucrt:locale_update.obj
 0004:00000f84       $pdata$_fileno             000000018001ff84     libucrt:fileno.obj
 0004:00000f90       $pdata$__acrt_initialize_stdio 000000018001ff90     libucrt:_file.obj
 0004:00000f9c       $pdata$__acrt_uninitialize_stdio 000000018001ff9c     libucrt:_file.obj
 0004:00000fa8       $pdata$__acrt_uninitialize_locale 000000018001ffa8     libucrt:wsetlocale.obj
 0004:00000fb4       $pdata$__acrt_update_thread_locale_data$fin$0 000000018001ffb4     libucrt:locale_refcounting.obj
 0004:00000fb4       $pdata$__acrt_uninitialize_locale$fin$0 000000018001ffb4     libucrt:wsetlocale.obj
 0004:00000fc0       $pdata$__pctype_func       000000018001ffc0     libucrt:ctype.obj
 0004:00000fcc       $pdata$__acrt_release_locale_ref 000000018001ffcc     libucrt:locale_refcounting.obj
 0004:00000fd8       $pdata$__acrt_free_locale  000000018001ffd8     libucrt:locale_refcounting.obj
 0004:00000fe4       $pdata$__acrt_locale_free_lc_time_if_unreferenced 000000018001ffe4     libucrt:locale_refcounting.obj
 0004:00000ff0       $pdata$__acrt_update_thread_locale_data 000000018001fff0     libucrt:locale_refcounting.obj
 0004:00000ffc       $pdata$_updatetlocinfoEx_nolock 000000018001fffc     libucrt:locale_refcounting.obj
 0004:00001008       $pdata$__acrt_DownlevelLocaleNameToLCID 0000000180020008     libucrt:lcidtoname_downlevel.obj
 0004:00001014       $pdata$?GetTableIndexFromLocaleName@@YAHPEB_W@Z 0000000180020014     libucrt:lcidtoname_downlevel.obj
 0004:00001020       $pdata$qsort               0000000180020020     libucrt:qsort.obj
 0004:0000102c       $pdata$4$qsort             000000018002002c     libucrt:qsort.obj
 0004:00001038       $pdata$5$qsort             0000000180020038     libucrt:qsort.obj
 0004:00001044       $pdata$?shortsort@@YAXPEAD0_KP6AHPEBX2@Z@Z 0000000180020044     libucrt:qsort.obj
 0004:00001050       $pdata$2$?shortsort@@YAXPEAD0_KP6AHPEBX2@Z@Z 0000000180020050     libucrt:qsort.obj
 0004:0000105c       $pdata$3$?shortsort@@YAXPEAD0_KP6AHPEBX2@Z@Z 000000018002005c     libucrt:qsort.obj
 0004:00001068       $pdata$strncpy_s           0000000180020068     libucrt:strncpy_s.obj
 0004:00001074       $pdata$strpbrk             0000000180020074     libucrt:strpbrk.obj
 0004:00001080       $pdata$_mbsdec_l           0000000180020080     libucrt:mbsdec.obj
 0004:0000108c       $pdata$__acrt_GetStringTypeA 000000018002008c     libucrt:getstringtypea.obj
 0004:00001098       $pdata$__acrt_LCMapStringA 0000000180020098     libucrt:lcmapstringa.obj
 0004:000010a4       $pdata$?__acrt_LCMapStringA_stat@@YAHPEAU__crt_locale_pointers@@PEB_WKPEBDHPEADHHH@Z 00000001800200a4     libucrt:lcmapstringa.obj
 0004:000010b0       $pdata$?initialize_multibyte@@YAHXZ 00000001800200b0     libucrt:multibyte_initializer.obj
 0004:000010bc       $pdata$_get_osfhandle      00000001800200bc     libucrt:osfinfo.obj
 0004:000010c8       $pdata$_free_osfhnd        00000001800200c8     libucrt:osfinfo.obj
 0004:000010d4       $pdata$__acrt_lowio_create_handle_array 00000001800200d4     libucrt:osfinfo.obj
 0004:000010e0       $pdata$__acrt_lowio_destroy_handle_array 00000001800200e0     libucrt:osfinfo.obj
 0004:000010ec       $pdata$__acrt_lowio_ensure_fh_exists 00000001800200ec     libucrt:osfinfo.obj
 0004:000010f8       $pdata$_isatty             00000001800200f8     libucrt:isatty.obj
 0004:00001104       $pdata$_fflush_nolock      0000000180020104     libucrt:fflush.obj
 0004:00001110       $pdata$__acrt_stdio_flush_nolock 0000000180020110     libucrt:fflush.obj
 0004:0000111c       $pdata$common_flush_all    000000018002011c     libucrt:fflush.obj
 0004:00001128       $pdata$common_flush_all$fin$0 0000000180020128     libucrt:fflush.obj
 0004:00001134       $pdata$common_flush_all$fin$1 0000000180020134     libucrt:fflush.obj
 0004:00001140       $pdata$_isleadbyte_l       0000000180020140     libucrt:_wctype.obj
 0004:0000114c       $pdata$_fcloseall          000000018002014c     libucrt:closeall.obj
 0004:00001158       $pdata$_fcloseall$fin$0    0000000180020158     libucrt:closeall.obj
 0004:00001164       $pdata$__acrt_stdio_free_buffer_nolock 0000000180020164     libucrt:_freebuf.obj
 0004:00001170       $pdata$__acrt_locale_free_monetary 0000000180020170     libucrt:initmon.obj
 0004:0000117c       $pdata$__acrt_locale_free_numeric 000000018002017c     libucrt:initnum.obj
 0004:00001188       $pdata$__acrt_locale_free_time 0000000180020188     libucrt:inittime.obj
 0004:00001194       $pdata$?free_crt_array_internal@@YAXQEAPEBX_K@Z 0000000180020194     libucrt:inittime.obj
 0004:000011a0       $pdata$_commit             00000001800201a0     libucrt:commit.obj
 0004:000011ac       $pdata$??$?RV<lambda_b521505b218e5242e90febf6bfebc422>@@AEAV<lambda_6978c1fb23f02e42e1d9e99668cc68aa>@@V<lambda_314360699dd331753a4119843814e9a7>@@@?$__crt_seh_guarded_call@H@@QEAAH$$QEAV<lambda_b521505b218e5242e90febf6bfebc422>@@AEAV<lambda_6978c1fb23f02e42e1d9e99668cc68aa>@@$$QEAV<lambda_314360699dd331753a4119843814e9a7>@@@Z 00000001800201ac     libucrt:commit.obj
 0004:000011b8       $pdata$?fin$0@?0???$?RV<lambda_bfedae4ebbf01fab1bb6dcc6a9e276e0>@@AEAV<lambda_2fe9b910cf3cbf4a0ab98a02ba45b3ec>@@V<lambda_237c231691f317818eb88cc1d5d642d6>@@@?$__crt_seh_guarded_call@H@@QEAAH$$QEAV<lambda_bfedae4ebbf01fab1bb6dcc6a9e276e0>@@AEAV<lambda_2fe9b910cf3cbf4a0ab98a02ba45b3ec>@@$$QEAV<lambda_237c231691f317818eb88cc1d5d642d6>@@@Z@4HA 00000001800201b8     libucrt:close.obj
 0004:000011b8       $pdata$?fin$0@?0???$?RV<lambda_b521505b218e5242e90febf6bfebc422>@@AEAV<lambda_6978c1fb23f02e42e1d9e99668cc68aa>@@V<lambda_314360699dd331753a4119843814e9a7>@@@?$__crt_seh_guarded_call@H@@QEAAH$$QEAV<lambda_b521505b218e5242e90febf6bfebc422>@@AEAV<lambda_6978c1fb23f02e42e1d9e99668cc68aa>@@$$QEAV<lambda_314360699dd331753a4119843814e9a7>@@@Z@4HA 00000001800201b8     libucrt:commit.obj
 0004:000011c4       $pdata$_write              00000001800201c4     libucrt:write.obj
 0004:000011d0       $pdata$_write$fin$0        00000001800201d0     libucrt:write.obj
 0004:000011dc       $pdata$_write_nolock       00000001800201dc     libucrt:write.obj
 0004:000011e8       $pdata$?write_double_translated_ansi_nolock@@YA?AUwrite_result@?A0x9c548279@@HQEBDI@Z 00000001800201e8     libucrt:write.obj
 0004:000011f4       $pdata$?write_text_ansi_nolock@@YA?AUwrite_result@?A0x9c548279@@HQEBDI@Z 00000001800201f4     libucrt:write.obj
 0004:00001200       $pdata$?write_text_utf16le_nolock@@YA?AUwrite_result@?A0x9c548279@@HQEBDI@Z 0000000180020200     libucrt:write.obj
 0004:0000120c       $pdata$?write_text_utf8_nolock@@YA?AUwrite_result@?A0x9c548279@@HQEBDI@Z 000000018002020c     libucrt:write.obj
 0004:00001224       $pdata$??$common_lseek_nolock@_J@@YA_JH_JH@Z 0000000180020224     libucrt:lseek.obj
 0004:00001230       $pdata$fclose              0000000180020230     libucrt:fclose.obj
 0004:0000123c       $pdata$fclose$fin$0        000000018002023c     libucrt:fclose.obj
 0004:00001248       $pdata$_fclose_nolock      0000000180020248     libucrt:fclose.obj
 0004:00001254       $pdata$_putwch_nolock      0000000180020254     libucrt:putwch.obj
 0004:00001260       $pdata$_call_matherr       0000000180020260     libucrt:libm_error.obj
 0004:0000126c       $pdata$_exception_enabled  000000018002026c     libucrt:libm_error.obj
 0004:00001278       $pdata$_handle_error       0000000180020278     libucrt:libm_error.obj
 0004:00001284       $pdata$__acrt_initialize_fma3 0000000180020284     libucrt:fma3_available.obj
 0004:00001290       $pdata$_log_special_common 0000000180020290     libucrt:log_special.obj
 0004:0000129c       $pdata$_log10_special      000000018002029c     libucrt:log_special.obj
 0004:000012a8       $pdata$_close              00000001800202a8     libucrt:close.obj
 0004:000012b4       $pdata$_close_nolock       00000001800202b4     libucrt:close.obj
 0004:000012c0       $pdata$??$?RV<lambda_bfedae4ebbf01fab1bb6dcc6a9e276e0>@@AEAV<lambda_2fe9b910cf3cbf4a0ab98a02ba45b3ec>@@V<lambda_237c231691f317818eb88cc1d5d642d6>@@@?$__crt_seh_guarded_call@H@@QEAAH$$QEAV<lambda_bfedae4ebbf01fab1bb6dcc6a9e276e0>@@AEAV<lambda_2fe9b910cf3cbf4a0ab98a02ba45b3ec>@@$$QEAV<lambda_237c231691f317818eb88cc1d5d642d6>@@@Z 00000001800202c0     libucrt:close.obj
 0004:000012cc       $pdata$__dcrt_lowio_initialize_console_output 00000001800202cc     libucrt:initcon.obj
 0004:000012d8       $pdata$__dcrt_terminate_console_output 00000001800202d8     libucrt:initcon.obj
 0004:000012f0       $pdata$_set_errno_from_matherr 00000001800202f0     libucrt:fpexcept.obj
 0004:000012fc       $pdata$_raise_exc          00000001800202fc     libucrt:fpexcept.obj
 0004:00001308       $pdata$_raise_exc_ex       0000000180020308     libucrt:fpexcept.obj
 0004:00001314       $pdata$_clrfp              0000000180020314     libucrt:fpctrl.obj
 0004:00001320       $pdata$_ctrlfp             0000000180020320     libucrt:fpctrl.obj
 0004:0000132c       $pdata$_ctrlfp$filt$0      000000018002032c     libucrt:fpctrl.obj
 0004:00001338       $pdata$_statfp             0000000180020338     libucrt:fpctrl.obj
 0004:00001344       $pdata$_set_statfp         0000000180020344     libucrt:fpctrl.obj
 0004:00001350       $pdata$_IsNonwritableInCurrentImage 0000000180020350     LIBCMT:pesect.obj
 0004:0000135c       $pdata$_IsNonwritableInCurrentImage$filt$0 000000018002035c     LIBCMT:pesect.obj
 0005:00000140       $R000000                   0000000180021140     OposConstants.res
 0005:00000a80       $R000940                   0000000180021a80     OposConstants.res
 0005:0001ad50       $R01AC10                   000000018003bd50     OposConstants.res
 0005:0001ad90       $R01AC50                   000000018003bd90     OposConstants.res
