 OPOSCashDrawer

 Timestamp is 5d429d46 (Thu Aug  1 17:05:26 2019)

 Preferred load address is 0000000180000000

 Start         Length     Name                   Class
 0001:00000000 000000c0H .text$di                CODE
 0001:000000c0 0001f9d0H .text$mn                CODE
 0001:0001fa90 00000020H .text$mn$00             CODE
 0001:0001fab0 00000400H .text$x                 CODE
 0001:0001feb0 000000c0H .text$yd                CODE
 0002:00000000 00000618H .idata$5                DATA
 0002:00000618 00000010H .00cfg                  DATA
 0002:00000628 00000008H .CRT$XCA                DATA
 0002:00000630 00000008H .CRT$XCL                DATA
 0002:00000638 00000020H .CRT$XCU                DATA
 0002:00000658 00000008H .CRT$XCZ                DATA
 0002:00000660 00000008H .CRT$XIA                DATA
 0002:00000668 00000020H .CRT$XIC                DATA
 0002:00000688 00000008H .CRT$XIZ                DATA
 0002:00000690 00000008H .CRT$XLA                DATA
 0002:00000698 00000008H .CRT$XLZ                DATA
 0002:000006a0 00000008H .CRT$XPA                DATA
 0002:000006a8 00000010H .CRT$XPX                DATA
 0002:000006b8 00000008H .CRT$XPXA               DATA
 0002:000006c0 00000008H .CRT$XPZ                DATA
 0002:000006c8 00000008H .CRT$XTA                DATA
 0002:000006d0 00000010H .CRT$XTZ                DATA
 0002:000006d8 00000000H .gfids$y                DATA
 0002:000006e0 00009f58H .rdata                  DATA
 0002:0000a638 00000028H .rdata$T                DATA
 0002:0000a660 00000274H .rdata$r                DATA
 0002:0000a8d4 0000040cH .rdata$zzzdbg           DATA
 0002:0000ace0 00000008H .rtc$IAA                DATA
 0002:0000ace8 00000008H .rtc$IZZ                DATA
 0002:0000acf0 00000008H .rtc$TAA                DATA
 0002:0000acf8 00000008H .rtc$TZZ                DATA
 0002:0000ad00 00000004H .tls                    DATA
 0002:0000ad04 00000004H .tls$                   DATA
 0002:0000ad08 00000008H .tls$ZZZ                DATA
 0002:0000ad10 00001618H .xdata                  DATA
 0002:0000c328 00000150H .xdata$x                DATA
 0002:0000c478 00000008H ATL$__a                 DATA
 0002:0000c480 00000010H ATL$__z                 DATA
 0002:0000c490 000000acH .edata                  DATA
 0002:0000c53c 00000078H .idata$2                DATA
 0002:0000c5b4 00000014H .idata$3                DATA
 0002:0000c5c8 00000618H .idata$4                DATA
 0002:0000cbe0 00000c24H .idata$6                DATA
 0003:00000000 00000d68H .data                   DATA
 0003:00000d68 000000c8H .data$r                 DATA
 0003:00000e30 0000140cH .bss                    DATA
 0004:00000000 00001e24H .pdata                  DATA
 0005:00000000 00000094H _RDATA                  DATA
 0006:00000000 00000220H .rsrc$01                DATA
 0006:00000220 00003850H .rsrc$02                DATA

  Address         Publics by Value              Rva+Base               Lib:Object

 0000:00000000       __guard_fids_count         0000000000000000     <absolute>
 0000:00000000       __guard_longjmp_count      0000000000000000     <absolute>
 0000:00000000       __hybrid_code_map          0000000000000000     <absolute>
 0000:00000000       __guard_longjmp_table      0000000000000000     <absolute>
 0000:00000000       __guard_iat_count          0000000000000000     <absolute>
 0000:00000000       __volatile_metadata        0000000000000000     <absolute>
 0000:00000000       __guard_iat_table          0000000000000000     <absolute>
 0000:00000000       __hybrid_code_map_count    0000000000000000     <absolute>
 0000:00000000       __enclave_config           0000000000000000     <absolute>
 0000:00000000       ___safe_se_handler_count   0000000000000000     <absolute>
 0000:00000000       __AbsoluteZero             0000000000000000     <absolute>
 0000:00000000       ___safe_se_handler_table   0000000000000000     <absolute>
 0000:00000000       __guard_fids_table         0000000000000000     <absolute>
 0000:00000000       __hybrid_auxiliary_iat     0000000000000000     <absolute>
 0000:00000000       __dynamic_value_reloc_table 0000000000000000     <absolute>
 0000:00000100       __guard_flags              0000000000000100     <absolute>
 0000:00000000       __ImageBase                0000000180000000     <linker-defined>
 0001:000000c0       ?DupWide@_CW@@AEAAXXZ      00000001800010c0 f   CWString.obj
 0001:000000e8       ?cw_dup@@YAXPEBDAEAHAEAPEA_W1@Z 00000001800010e8 f   CWString.obj
 0001:00000194       ?cw_memcpy@@YAHPEA_WPEBDH@Z 0000000180001194 f   CWString.obj
 0001:000001e0       ?cw_strcpy@@YAHPEA_WPEBD@Z 00000001800011e0 f   CWString.obj
 0001:000001f4       ??0CAtlComModule@ATL@@QEAA@XZ 00000001800011f4 f i OposVariant.obj
 0001:00000274       ??0CAtlWinModule@ATL@@QEAA@XZ 0000000180001274 f i OposVariant.obj
 0001:000002e0       ??0OposDispParms@@QEAA@PEAVOposVariant@@H@Z 00000001800012e0 f   OposVariant.obj
 0001:00000388       ??1OposDispParms@@QEAA@XZ  0000000180001388 f   OposVariant.obj
 0001:000003a0       ??_Estringdispid@CComTypeInfoHolder@ATL@@QEAAPEAXI@Z 00000001800013a0 f i OposVariant.obj
 0001:00000444       ?AtlWinModuleTerm@ATL@@YAJPEAU_ATL_WIN_MODULE70@1@PEAUHINSTANCE__@@@Z 0000000180001444 f i OposVariant.obj
 0001:000004f4       ?ChangeBSTR@OposVariant@@QEAAXPEAPEA_WAEAJ@Z 00000001800014f4 f   OposVariant.obj
 0001:00000554       ?ChangeLONG@OposVariant@@QEAAXPEAJAEAJ@Z 0000000180001554 f   OposVariant.obj
 0001:000005b0       ?GetLONG@OposVariant@@QEAAJXZ 00000001800015b0 f   OposVariant.obj
 0001:000005d4       ?SetBSTR@OposVariant@@QEAAXPEA_WAEAJ@Z 00000001800015d4 f   OposVariant.obj
 0001:00000614       ?SetBSTR_Copy@OposVariant@@QEAAXPEA_WAEAJ@Z 0000000180001614 f   OposVariant.obj
 0001:00000684       ?SetBSTR_InOutPtr@OposVariant@@QEAA_NPEAPEA_WAEAJ@Z 0000000180001684 f   OposVariant.obj
 0001:000006d4       ?SetDispatch_Ptr@OposVariant@@QEAAXPEAUIDispatch@@AEAJ@Z 00000001800016d4 f   OposVariant.obj
 0001:0000072c       ?SetLONG@OposVariant@@QEAAXJ@Z 000000018000172c f   OposVariant.obj
 0001:0000075c       ?SetLONG_Ptr@OposVariant@@QEAAXPEAJAEAJ@Z 000000018000175c f   OposVariant.obj
 0001:000007a8       ?SetString@OposVariant@@QEAAXPEB_WAEAJ@Z 00000001800017a8 f   OposVariant.obj
 0001:0000080c       ?SetVARIANT_BOOL@OposVariant@@QEAAXF@Z 000000018000180c f   OposVariant.obj
 0001:00000844       ?Term@CAtlComModule@ATL@@QEAAXXZ 0000000180001844 f i OposVariant.obj
 0001:000008b4       ?_AtlInitializeCriticalSectionEx@ATL@@YAHPEAU_RTL_CRITICAL_SECTION@@KK@Z 00000001800018b4 f i OposVariant.obj
 0001:000008bc       ?_AtlRaiseException@ATL@@YAXKK@Z 00000001800018bc f i OposVariant.obj
 0001:000008cc       ?AddRef@?$CComObjectCached@VCComClassFactory@ATL@@@ATL@@UEAAKXZ 00000001800018cc f i CashDrawer.obj
 0001:000008f8       ?Release@?$CComObjectCached@VCComClassFactory@ATL@@@ATL@@UEAAKXZ 00000001800018f8 f i CashDrawer.obj
 0001:00000938       ?QueryInterface@?$CComObjectCached@VCComClassFactory@ATL@@@ATL@@UEAAJAEBU_GUID@@PEAPEAX@Z 0000000180001938 f i CashDrawer.obj
 0001:0000094c       ??_G?$CComObjectCached@VCComClassFactory@ATL@@@ATL@@UEAAPEAXI@Z 000000018000194c f i CashDrawer.obj
 0001:0000094c       ??_E?$CComObjectCached@VCComClassFactory@ATL@@@ATL@@UEAAPEAXI@Z 000000018000194c f i CashDrawer.obj
 0001:000009a4       ?AddRef@?$CComAggObject@VCOPOSCashDrawer@@@ATL@@UEAAKXZ 00000001800019a4 f i CashDrawer.obj
 0001:000009b0       ?Release@?$CComAggObject@VCOPOSCashDrawer@@@ATL@@UEAAKXZ 00000001800019b0 f i CashDrawer.obj
 0001:00000a04       ?QueryInterface@?$CComAggObject@VCOPOSCashDrawer@@@ATL@@UEAAJAEBU_GUID@@PEAPEAX@Z 0000000180001a04 f i CashDrawer.obj
 0001:00000a64       ?AddRef@?$CComContainedObject@VCOPOSCashDrawer@@@ATL@@UEAAKXZ 0000000180001a64 f i CashDrawer.obj
 0001:00000a74       ?Release@?$CComContainedObject@VCOPOSCashDrawer@@@ATL@@UEAAKXZ 0000000180001a74 f i CashDrawer.obj
 0001:00000a84       ?QueryInterface@?$CComContainedObject@VCOPOSCashDrawer@@@ATL@@UEAAJAEBU_GUID@@PEAPEAX@Z 0000000180001a84 f i CashDrawer.obj
 0001:00000a94       ??_G?$CComAggObject@VCOPOSCashDrawer@@@ATL@@UEAAPEAXI@Z 0000000180001a94 f i CashDrawer.obj
 0001:00000a94       ??_E?$CComAggObject@VCOPOSCashDrawer@@@ATL@@UEAAPEAXI@Z 0000000180001a94 f i CashDrawer.obj
 0001:00000aec       ?AddRef@?$CComObject@VCOPOSCashDrawer@@@ATL@@UEAAKXZ 0000000180001aec f i CashDrawer.obj
 0001:00000afc       ?Release@?$CComObject@VCOPOSCashDrawer@@@ATL@@UEAAKXZ 0000000180001afc f i CashDrawer.obj
 0001:00000b54       ?QueryInterface@?$CComObject@VCOPOSCashDrawer@@@ATL@@UEAAJAEBU_GUID@@PEAPEAX@Z 0000000180001b54 f i CashDrawer.obj
 0001:00000b68       ?Lock@CAtlModule@ATL@@UEAAJXZ 0000000180001b68 f i CashDrawer.obj
 0001:00000b78       ?Unlock@CAtlModule@ATL@@UEAAJXZ 0000000180001b78 f i CashDrawer.obj
 0001:00000b84       ?GetLockCount@CAtlModule@ATL@@UEAAJXZ 0000000180001b84 f i CashDrawer.obj
 0001:00000b88       ?GetGITPtr@CAtlModule@ATL@@UEAAJPEAPEAUIGlobalInterfaceTable@@@Z 0000000180001b88 f i CashDrawer.obj
 0001:00000bf8       ?AddCommonRGSReplacements@?$CAtlModuleT@VCComModule@ATL@@@ATL@@UEAAJPEAUIRegistrarBase@@@Z 0000000180001bf8 f i CashDrawer.obj
 0001:00000c10       ?UpdateRegistryFromResourceD@CComModule@ATL@@UEAAJIHPEAU_ATL_REGMAP_ENTRY@2@@Z 0000000180001c10 f i CashDrawer.obj
 0001:00000c10       ?UpdateRegistryFromResourceD@CComModule@ATL@@UEAAJPEB_WHPEAU_ATL_REGMAP_ENTRY@2@@Z 0000000180001c10 f i CashDrawer.obj
 0001:00000c18       ?UpdateRegistryFromResource@CComModule@ATL@@UEAAJPEB_WHPEAU_ATL_REGMAP_ENTRY@2@@Z 0000000180001c18 f i CashDrawer.obj
 0001:00000c20       ?OnDrawAdvanced@CComControlBase@ATL@@UEAAJAEAUATL_DRAWINFO@@@Z 0000000180001c20 f i CashDrawer.obj
 0001:00000d40       ?UpdateRegistryFromResource@CComModule@ATL@@UEAAJIHPEAU_ATL_REGMAP_ENTRY@2@@Z 0000000180001d40 f i CashDrawer.obj
 0001:00000d48       ??_GCComModule@ATL@@UEAAPEAXI@Z 0000000180001d48 f i CashDrawer.obj
 0001:00000d48       ??_ECComModule@ATL@@UEAAPEAXI@Z 0000000180001d48 f i CashDrawer.obj
 0001:00000dc8       ?Next@?$CComEnumImpl@UIEnumConnections@@$1?_GUID_b196b287_bab4_101a_b69c_00aa00341d07@@3U__s_GUID@@BUtagCONNECTDATA@@V?$_Copy@UtagCONNECTDATA@@@ATL@@@ATL@@UEAAJKPEAUtagCONNECTDATA@@PEAK@Z 0000000180001dc8 f i CashDrawer.obj
 0001:00000e9c       ?Skip@?$CComEnumImpl@UIEnumConnections@@$1?_GUID_b196b287_bab4_101a_b69c_00aa00341d07@@3U__s_GUID@@BUtagCONNECTDATA@@V?$_Copy@UtagCONNECTDATA@@@ATL@@@ATL@@UEAAJK@Z 0000000180001e9c f i CashDrawer.obj
 0001:00000ec8       ?Reset@?$CComEnumImpl@UIEnumConnectionPoints@@$1?_GUID_b196b285_bab4_101a_b69c_00aa00341d07@@3U__s_GUID@@BPEAUIConnectionPoint@@V?$_CopyInterface@UIConnectionPoint@@@ATL@@@ATL@@UEAAJXZ 0000000180001ec8 f i CashDrawer.obj
 0001:00000ec8       ?Reset@?$CComEnumImpl@UIEnumConnections@@$1?_GUID_b196b287_bab4_101a_b69c_00aa00341d07@@3U__s_GUID@@BUtagCONNECTDATA@@V?$_Copy@UtagCONNECTDATA@@@ATL@@@ATL@@UEAAJXZ 0000000180001ec8 f i CashDrawer.obj
 0001:00000ed4       ?Clone@?$CComEnumImpl@UIEnumConnections@@$1?_GUID_b196b287_bab4_101a_b69c_00aa00341d07@@3U__s_GUID@@BUtagCONNECTDATA@@V?$_Copy@UtagCONNECTDATA@@@ATL@@@ATL@@UEAAJPEAPEAUIEnumConnections@@@Z 0000000180001ed4 f i CashDrawer.obj
 0001:00001000       ?AddRef@?$CComObject@V?$CComEnum@UIEnumConnections@@$1?_GUID_b196b287_bab4_101a_b69c_00aa00341d07@@3U__s_GUID@@BUtagCONNECTDATA@@V?$_Copy@UtagCONNECTDATA@@@ATL@@VCComSingleThreadModel@6@@ATL@@@ATL@@UEAAKXZ 0000000180002000 f i CashDrawer.obj
 0001:00001000       ?AddRef@?$CComObject@V?$CComEnum@UIEnumConnectionPoints@@$1?_GUID_b196b285_bab4_101a_b69c_00aa00341d07@@3U__s_GUID@@BPEAUIConnectionPoint@@V?$_CopyInterface@UIConnectionPoint@@@ATL@@VCComSingleThreadModel@6@@ATL@@@ATL@@UEAAKXZ 0000000180002000 f i CashDrawer.obj
 0001:0000100c       ?Release@?$CComObject@V?$CComEnum@UIEnumConnectionPoints@@$1?_GUID_b196b285_bab4_101a_b69c_00aa00341d07@@3U__s_GUID@@BPEAUIConnectionPoint@@V?$_CopyInterface@UIConnectionPoint@@@ATL@@VCComSingleThreadModel@6@@ATL@@@ATL@@UEAAKXZ 000000018000200c f i CashDrawer.obj
 0001:0000100c       ?Release@?$CComObject@V?$CComEnum@UIEnumConnections@@$1?_GUID_b196b287_bab4_101a_b69c_00aa00341d07@@3U__s_GUID@@BUtagCONNECTDATA@@V?$_Copy@UtagCONNECTDATA@@@ATL@@VCComSingleThreadModel@6@@ATL@@@ATL@@UEAAKXZ 000000018000200c f i CashDrawer.obj
 0001:00001060       ?QueryInterface@?$CComObject@V?$CComEnum@UIEnumConnections@@$1?_GUID_b196b287_bab4_101a_b69c_00aa00341d07@@3U__s_GUID@@BUtagCONNECTDATA@@V?$_Copy@UtagCONNECTDATA@@@ATL@@VCComSingleThreadModel@6@@ATL@@@ATL@@UEAAJAEBU_GUID@@PEAPEAX@Z 0000000180002060 f i CashDrawer.obj
 0001:00001074       ??_E?$CComObject@V?$CComEnum@UIEnumConnections@@$1?_GUID_b196b287_bab4_101a_b69c_00aa00341d07@@3U__s_GUID@@BUtagCONNECTDATA@@V?$_Copy@UtagCONNECTDATA@@@ATL@@VCComSingleThreadModel@6@@ATL@@@ATL@@UEAAPEAXI@Z 0000000180002074 f i CashDrawer.obj
 0001:00001074       ??_G?$CComObject@V?$CComEnum@UIEnumConnections@@$1?_GUID_b196b287_bab4_101a_b69c_00aa00341d07@@3U__s_GUID@@BUtagCONNECTDATA@@V?$_Copy@UtagCONNECTDATA@@@ATL@@VCComSingleThreadModel@6@@ATL@@@ATL@@UEAAPEAXI@Z 0000000180002074 f i CashDrawer.obj
 0001:000010cc       ??_E?$CComObject@VCOPOSCashDrawer@@@ATL@@W7EAAPEAXI@Z 00000001800020cc f i CashDrawer.obj
 0001:000010d8       ??_E?$CComObject@VCOPOSCashDrawer@@@ATL@@WHA@EAAPEAXI@Z 00000001800020d8 f i CashDrawer.obj
 0001:000010e4       ?QueryInterface@?$CComObject@VCOPOSCashDrawer@@@ATL@@WLI@EAAJAEBU_GUID@@PEAPEAX@Z 00000001800020e4 f i CashDrawer.obj
 0001:000010f0       ?AddRef@?$CComObject@VCOPOSCashDrawer@@@ATL@@WLI@EAAKXZ 00000001800020f0 f i CashDrawer.obj
 0001:000010fc       ?Release@?$CComObject@VCOPOSCashDrawer@@@ATL@@WLI@EAAKXZ 00000001800020fc f i CashDrawer.obj
 0001:00001108       ?QueryInterface@?$CComObject@VCOPOSCashDrawer@@@ATL@@WMA@EAAJAEBU_GUID@@PEAPEAX@Z 0000000180002108 f i CashDrawer.obj
 0001:00001114       ?AddRef@?$CComObject@VCOPOSCashDrawer@@@ATL@@WMA@EAAKXZ 0000000180002114 f i CashDrawer.obj
 0001:00001120       ?Release@?$CComObject@VCOPOSCashDrawer@@@ATL@@WMA@EAAKXZ 0000000180002120 f i CashDrawer.obj
 0001:0000112c       ?QueryInterface@?$CComObject@VCOPOSCashDrawer@@@ATL@@WMI@EAAJAEBU_GUID@@PEAPEAX@Z 000000018000212c f i CashDrawer.obj
 0001:00001138       ?AddRef@?$CComObject@VCOPOSCashDrawer@@@ATL@@WMI@EAAKXZ 0000000180002138 f i CashDrawer.obj
 0001:00001144       ?Release@?$CComObject@VCOPOSCashDrawer@@@ATL@@WMI@EAAKXZ 0000000180002144 f i CashDrawer.obj
 0001:00001150       ?QueryInterface@?$CComObject@VCOPOSCashDrawer@@@ATL@@WNA@EAAJAEBU_GUID@@PEAPEAX@Z 0000000180002150 f i CashDrawer.obj
 0001:0000115c       ?AddRef@?$CComObject@VCOPOSCashDrawer@@@ATL@@WNA@EAAKXZ 000000018000215c f i CashDrawer.obj
 0001:00001168       ?Release@?$CComObject@VCOPOSCashDrawer@@@ATL@@WNA@EAAKXZ 0000000180002168 f i CashDrawer.obj
 0001:00001174       ?QueryInterface@?$CComObject@VCOPOSCashDrawer@@@ATL@@WNI@EAAJAEBU_GUID@@PEAPEAX@Z 0000000180002174 f i CashDrawer.obj
 0001:00001180       ?AddRef@?$CComObject@VCOPOSCashDrawer@@@ATL@@WNI@EAAKXZ 0000000180002180 f i CashDrawer.obj
 0001:0000118c       ?Release@?$CComObject@VCOPOSCashDrawer@@@ATL@@WNI@EAAKXZ 000000018000218c f i CashDrawer.obj
 0001:00001198       ?QueryInterface@?$CComObject@VCOPOSCashDrawer@@@ATL@@WOA@EAAJAEBU_GUID@@PEAPEAX@Z 0000000180002198 f i CashDrawer.obj
 0001:000011a4       ?AddRef@?$CComObject@VCOPOSCashDrawer@@@ATL@@WOA@EAAKXZ 00000001800021a4 f i CashDrawer.obj
 0001:000011b0       ?Release@?$CComObject@VCOPOSCashDrawer@@@ATL@@WOA@EAAKXZ 00000001800021b0 f i CashDrawer.obj
 0001:000011bc       ?QueryInterface@?$CComObject@VCOPOSCashDrawer@@@ATL@@WOI@EAAJAEBU_GUID@@PEAPEAX@Z 00000001800021bc f i CashDrawer.obj
 0001:000011c8       ?AddRef@?$CComObject@VCOPOSCashDrawer@@@ATL@@WOI@EAAKXZ 00000001800021c8 f i CashDrawer.obj
 0001:000011d4       ?Release@?$CComObject@VCOPOSCashDrawer@@@ATL@@WOI@EAAKXZ 00000001800021d4 f i CashDrawer.obj
 0001:000011e0       ?QueryInterface@?$CComObject@VCOPOSCashDrawer@@@ATL@@WPA@EAAJAEBU_GUID@@PEAPEAX@Z 00000001800021e0 f i CashDrawer.obj
 0001:000011ec       ?AddRef@?$CComObject@VCOPOSCashDrawer@@@ATL@@WPA@EAAKXZ 00000001800021ec f i CashDrawer.obj
 0001:000011f8       ?Release@?$CComObject@VCOPOSCashDrawer@@@ATL@@WPA@EAAKXZ 00000001800021f8 f i CashDrawer.obj
 0001:00001204       ?QueryInterface@?$CComObject@VCOPOSCashDrawer@@@ATL@@WPI@EAAJAEBU_GUID@@PEAPEAX@Z 0000000180002204 f i CashDrawer.obj
 0001:00001210       ?AddRef@?$CComObject@VCOPOSCashDrawer@@@ATL@@WPI@EAAKXZ 0000000180002210 f i CashDrawer.obj
 0001:0000121c       ?Release@?$CComObject@VCOPOSCashDrawer@@@ATL@@WPI@EAAKXZ 000000018000221c f i CashDrawer.obj
 0001:00001228       ?QueryInterface@?$CComObject@VCOPOSCashDrawer@@@ATL@@WBAA@EAAJAEBU_GUID@@PEAPEAX@Z 0000000180002228 f i CashDrawer.obj
 0001:00001234       ?SetMoniker@?$IOleObjectImpl@VCOPOSCashDrawer@@@ATL@@UEAAJKPEAUIMoniker@@@Z 0000000180002234 f i CashDrawer.obj
 0001:00001234       ?SetData@?$IDataObjectImpl@VCOPOSCashDrawer@@@ATL@@UEAAJPEAUtagFORMATETC@@PEAUtagSTGMEDIUM@@H@Z 0000000180002234 f i CashDrawer.obj
 0001:00001234       ?InitFromData@?$IOleObjectImpl@VCOPOSCashDrawer@@@ATL@@UEAAJPEAUIDataObject@@HK@Z 0000000180002234 f i CashDrawer.obj
 0001:00001234       ?GetControlInfo@?$IOleControlImpl@VCOPOSCashDrawer@@@ATL@@UEAAJPEAUtagCONTROLINFO@@@Z 0000000180002234 f i CashDrawer.obj
 0001:00001234       ?ContextSensitiveHelp@?$IOleInPlaceActiveObjectImpl@VCOPOSCashDrawer@@@ATL@@UEAAJH@Z 0000000180002234 f i CashDrawer.obj
 0001:00001234       ?GetCanonicalFormatEtc@?$IDataObjectImpl@VCOPOSCashDrawer@@@ATL@@UEAAJPEAUtagFORMATETC@@0@Z 0000000180002234 f i CashDrawer.obj
 0001:00001234       ?SOOutputCompleteDummy@COPOSCashDrawer@@MEAAJJ@Z 0000000180002234 f i CashDrawer.obj
 0001:00001234       ?GetDataHere@?$IDataObjectImpl@VCOPOSCashDrawer@@@ATL@@UEAAJPEAUtagFORMATETC@@PEAUtagSTGMEDIUM@@@Z 0000000180002234 f i CashDrawer.obj
 0001:00001234       ?GetDropTarget@?$IOleInPlaceObjectWindowlessImpl@VCOPOSCashDrawer@@@ATL@@UEAAJPEAPEAUIDropTarget@@@Z 0000000180002234 f i CashDrawer.obj
 0001:00001234       ?ReactivateAndUndo@?$IOleInPlaceObjectWindowlessImpl@VCOPOSCashDrawer@@@ATL@@UEAAJXZ 0000000180002234 f i CashDrawer.obj
 0001:00001234       ?GetMoniker@?$IOleObjectImpl@VCOPOSCashDrawer@@@ATL@@UEAAJKKPEAPEAUIMoniker@@@Z 0000000180002234 f i CashDrawer.obj
 0001:00001234       ?GetClipboardData@?$IOleObjectImpl@VCOPOSCashDrawer@@@ATL@@UEAAJKPEAPEAUIDataObject@@@Z 0000000180002234 f i CashDrawer.obj
 0001:00001234       ?SOErrorDummy@COPOSCashDrawer@@MEAAJJJJPEAJ@Z 0000000180002234 f i CashDrawer.obj
 0001:00001234       ?QueryGetData@?$IDataObjectImpl@VCOPOSCashDrawer@@@ATL@@UEAAJPEAUtagFORMATETC@@@Z 0000000180002234 f i CashDrawer.obj
 0001:00001234       ?EnumFormatEtc@?$IDataObjectImpl@VCOPOSCashDrawer@@@ATL@@UEAAJKPEAPEAUIEnumFORMATETC@@@Z 0000000180002234 f i CashDrawer.obj
 0001:00001234       ?SetColorScheme@?$IOleObjectImpl@VCOPOSCashDrawer@@@ATL@@UEAAJPEAUtagLOGPALETTE@@@Z 0000000180002234 f i CashDrawer.obj
 0001:00001234       ?GetRect@?$IViewObjectExImpl@VCOPOSCashDrawer@@@ATL@@UEAAJKPEAU_RECTL@@@Z 0000000180002234 f i CashDrawer.obj
 0001:00001234       ?Freeze@?$IViewObjectExImpl@VCOPOSCashDrawer@@@ATL@@UEAAJKJPEAXPEAK@Z 0000000180002234 f i CashDrawer.obj
 0001:00001234       ?SODataDummy@COPOSCashDrawer@@MEAAJJ@Z 0000000180002234 f i CashDrawer.obj
 0001:00001234       ?ContextSensitiveHelp@?$IOleInPlaceObjectWindowlessImpl@VCOPOSCashDrawer@@@ATL@@UEAAJH@Z 0000000180002234 f i CashDrawer.obj
 0001:00001234       ?QueryInterface@CRegObject@ATL@@UEAAJAEBU_GUID@@PEAPEAX@Z 0000000180002234 f i CashDrawer.obj
 0001:00001234       ?Unfreeze@?$IViewObjectExImpl@VCOPOSCashDrawer@@@ATL@@UEAAJK@Z 0000000180002234 f i CashDrawer.obj
 0001:00001234       ?GetColorSet@?$IViewObjectExImpl@VCOPOSCashDrawer@@@ATL@@UEAAJKJPEAXPEAUtagDVTARGETDEVICE@@PEAUHDC__@@PEAPEAUtagLOGPALETTE@@@Z 0000000180002234 f i CashDrawer.obj
 0001:00001234       ?OnMnemonic@?$IOleControlImpl@VCOPOSCashDrawer@@@ATL@@UEAAJPEAUtagMSG@@@Z 0000000180002234 f i CashDrawer.obj
 0001:0000123c       ?AddRef@?$CComObject@VCOPOSCashDrawer@@@ATL@@WBAA@EAAKXZ 000000018000223c f i CashDrawer.obj
 0001:00001248       ?Release@?$CComObject@VCOPOSCashDrawer@@@ATL@@WBAA@EAAKXZ 0000000180002248 f i CashDrawer.obj
 0001:00001254       _get_startup_argv_mode     0000000180002254 f i LIBCMT:argv_mode.obj
 0001:00001254       ?AddRef@CRegObject@ATL@@UEAAKXZ 0000000180002254 f i CashDrawer.obj
 0001:00001254       ?FAccessAllowed@?$IObjectSafetyImpl@VCOPOSCashDrawer@@$02@ATL@@MEAAHXZ 0000000180002254 f i CashDrawer.obj
 0001:0000125c       ?QueryInterface@?$CComObject@VCOPOSCashDrawer@@@ATL@@WBAI@EAAJAEBU_GUID@@PEAPEAX@Z 000000018000225c f i CashDrawer.obj
 0001:00001268       ?AddRef@?$CComObject@VCOPOSCashDrawer@@@ATL@@WBAI@EAAKXZ 0000000180002268 f i CashDrawer.obj
 0001:00001274       ?OnFrameWindowActivate@?$IOleInPlaceActiveObjectImpl@VCOPOSCashDrawer@@@ATL@@UEAAJH@Z 0000000180002274 f i CashDrawer.obj
 0001:00001274       ?SetHostNames@?$IOleObjectImpl@VCOPOSCashDrawer@@@ATL@@UEAAJPEB_W0@Z 0000000180002274 f i CashDrawer.obj
 0001:00001274       ?OnAmbientPropertyChange@?$IOleControlImpl@VCOPOSCashDrawer@@@ATL@@UEAAJJ@Z 0000000180002274 f i CashDrawer.obj
 0001:00001274       ?IsUpToDate@?$IOleObjectImpl@VCOPOSCashDrawer@@@ATL@@UEAAJXZ 0000000180002274 f i CashDrawer.obj
 0001:00001274       ?SaveCompleted@?$IPersistStorageImpl@VCOPOSCashDrawer@@@ATL@@UEAAJPEAUIStorage@@@Z 0000000180002274 f i CashDrawer.obj
 0001:00001274       ?Release@CRegObject@ATL@@UEAAKXZ 0000000180002274 f i CashDrawer.obj
 0001:00001274       ?HandsOffStorage@?$IPersistStorageImpl@VCOPOSCashDrawer@@@ATL@@UEAAJXZ 0000000180002274 f i CashDrawer.obj
 0001:00001274       ?EnableModeless@?$IOleInPlaceActiveObjectImpl@VCOPOSCashDrawer@@@ATL@@UEAAJH@Z 0000000180002274 f i CashDrawer.obj
 0001:00001274       ?Update@?$IOleObjectImpl@VCOPOSCashDrawer@@@ATL@@UEAAJXZ 0000000180002274 f i CashDrawer.obj
 0001:00001274       ?GetCategoryMap@CComObjectRootBase@ATL@@SAPEBU_ATL_CATMAP_ENTRY@2@XZ 0000000180002274 f i CashDrawer.obj
 0001:00001274       ?GetObjectDescription@?$CComCoClass@VCOPOSCashDrawer@@$1?CLSID_OPOSCashDrawer@@3U_GUID@@B@ATL@@SAPEB_WXZ 0000000180002274 f i CashDrawer.obj
 0001:00001274       ?ResizeBorder@?$IOleInPlaceActiveObjectImpl@VCOPOSCashDrawer@@@ATL@@UEAAJPEBUtagRECT@@PEAUIOleInPlaceUIWindow@@H@Z 0000000180002274 f i CashDrawer.obj
 0001:00001278       ?Release@?$CComObject@VCOPOSCashDrawer@@@ATL@@WBAI@EAAKXZ 0000000180002278 f i CashDrawer.obj
 0001:00001284       ?QueryInterface@?$CComObject@VCOPOSCashDrawer@@@ATL@@WBBA@EAAJAEBU_GUID@@PEAPEAX@Z 0000000180002284 f i CashDrawer.obj
 0001:00001290       ?AddRef@?$CComObject@VCOPOSCashDrawer@@@ATL@@WBBA@EAAKXZ 0000000180002290 f i CashDrawer.obj
 0001:0000129c       ?Release@?$CComObject@VCOPOSCashDrawer@@@ATL@@WBBA@EAAKXZ 000000018000229c f i CashDrawer.obj
 0001:000012a8       ?QueryInterface@?$CComObject@VCOPOSCashDrawer@@@ATL@@WBBI@EAAJAEBU_GUID@@PEAPEAX@Z 00000001800022a8 f i CashDrawer.obj
 0001:000012b4       ?AddRef@?$CComObject@VCOPOSCashDrawer@@@ATL@@WBBI@EAAKXZ 00000001800022b4 f i CashDrawer.obj
 0001:000012c0       ?AddReplacement@CRegObject@ATL@@UEAAJPEB_W0@Z 00000001800022c0 f i CashDrawer.obj
 0001:000012f0       ?Release@?$CComObject@VCOPOSCashDrawer@@@ATL@@WBBI@EAAKXZ 00000001800022f0 f i CashDrawer.obj
 0001:000012fc       ?ClearReplacements@CRegObject@ATL@@UEAAJXZ 00000001800022fc f i CashDrawer.obj
 0001:00001308       ?AddRef@?$CComObject@VCOPOSCashDrawer@@@ATL@@WBCI@EAAKXZ 0000000180002308 f i CashDrawer.obj
 0001:00001314       ?Release@?$CComObject@VCOPOSCashDrawer@@@ATL@@WBCI@EAAKXZ 0000000180002314 f i CashDrawer.obj
 0001:00001320       ?AddRef@?$CComObject@VCOPOSCashDrawer@@@ATL@@WBEA@EAAKXZ 0000000180002320 f i CashDrawer.obj
 0001:0000132c       ?Release@?$CComObject@VCOPOSCashDrawer@@@ATL@@WBEA@EAAKXZ 000000018000232c f i CashDrawer.obj
 0001:00001338       ??_E?$CComContainedObject@VCOPOSCashDrawer@@@ATL@@W7EAAPEAXI@Z 0000000180002338 f i CashDrawer.obj
 0001:00001344       ??_E?$CComContainedObject@VCOPOSCashDrawer@@@ATL@@WHA@EAAPEAXI@Z 0000000180002344 f i CashDrawer.obj
 0001:00001350       ?QueryInterface@?$CComContainedObject@VCOPOSCashDrawer@@@ATL@@WLI@EAAJAEBU_GUID@@PEAPEAX@Z 0000000180002350 f i CashDrawer.obj
 0001:0000135c       ?AddRef@?$CComContainedObject@VCOPOSCashDrawer@@@ATL@@WLI@EAAKXZ 000000018000235c f i CashDrawer.obj
 0001:00001368       ?Release@?$CComContainedObject@VCOPOSCashDrawer@@@ATL@@WLI@EAAKXZ 0000000180002368 f i CashDrawer.obj
 0001:00001374       ?QueryInterface@?$CComContainedObject@VCOPOSCashDrawer@@@ATL@@WMA@EAAJAEBU_GUID@@PEAPEAX@Z 0000000180002374 f i CashDrawer.obj
 0001:00001380       ?AddRef@?$CComContainedObject@VCOPOSCashDrawer@@@ATL@@WMA@EAAKXZ 0000000180002380 f i CashDrawer.obj
 0001:0000138c       ?Release@?$CComContainedObject@VCOPOSCashDrawer@@@ATL@@WMA@EAAKXZ 000000018000238c f i CashDrawer.obj
 0001:00001398       ?QueryInterface@?$CComContainedObject@VCOPOSCashDrawer@@@ATL@@WMI@EAAJAEBU_GUID@@PEAPEAX@Z 0000000180002398 f i CashDrawer.obj
 0001:000013a4       ?AddRef@?$CComContainedObject@VCOPOSCashDrawer@@@ATL@@WMI@EAAKXZ 00000001800023a4 f i CashDrawer.obj
 0001:000013b0       ?Release@?$CComContainedObject@VCOPOSCashDrawer@@@ATL@@WMI@EAAKXZ 00000001800023b0 f i CashDrawer.obj
 0001:000013bc       ?QueryInterface@?$CComContainedObject@VCOPOSCashDrawer@@@ATL@@WNA@EAAJAEBU_GUID@@PEAPEAX@Z 00000001800023bc f i CashDrawer.obj
 0001:000013c8       ?AddRef@?$CComContainedObject@VCOPOSCashDrawer@@@ATL@@WNA@EAAKXZ 00000001800023c8 f i CashDrawer.obj
 0001:000013d4       ?Release@?$CComContainedObject@VCOPOSCashDrawer@@@ATL@@WNA@EAAKXZ 00000001800023d4 f i CashDrawer.obj
 0001:000013e0       ?QueryInterface@?$CComContainedObject@VCOPOSCashDrawer@@@ATL@@WNI@EAAJAEBU_GUID@@PEAPEAX@Z 00000001800023e0 f i CashDrawer.obj
 0001:000013ec       ?AddRef@?$CComContainedObject@VCOPOSCashDrawer@@@ATL@@WNI@EAAKXZ 00000001800023ec f i CashDrawer.obj
 0001:000013f8       ?Release@?$CComContainedObject@VCOPOSCashDrawer@@@ATL@@WNI@EAAKXZ 00000001800023f8 f i CashDrawer.obj
 0001:00001404       ?QueryInterface@?$CComContainedObject@VCOPOSCashDrawer@@@ATL@@WOA@EAAJAEBU_GUID@@PEAPEAX@Z 0000000180002404 f i CashDrawer.obj
 0001:00001410       ?AddRef@?$CComContainedObject@VCOPOSCashDrawer@@@ATL@@WOA@EAAKXZ 0000000180002410 f i CashDrawer.obj
 0001:0000141c       ??_ECRegObject@ATL@@UEAAPEAXI@Z 000000018000241c f i CashDrawer.obj
 0001:0000141c       ??_GCRegObject@ATL@@UEAAPEAXI@Z 000000018000241c f i CashDrawer.obj
 0001:0000149c       ?Release@?$CComContainedObject@VCOPOSCashDrawer@@@ATL@@WOA@EAAKXZ 000000018000249c f i CashDrawer.obj
 0001:000014a8       ?QueryInterface@?$CComContainedObject@VCOPOSCashDrawer@@@ATL@@WOI@EAAJAEBU_GUID@@PEAPEAX@Z 00000001800024a8 f i CashDrawer.obj
 0001:000014b4       ?AddRef@?$CComContainedObject@VCOPOSCashDrawer@@@ATL@@WOI@EAAKXZ 00000001800024b4 f i CashDrawer.obj
 0001:000014c0       ?Release@?$CComContainedObject@VCOPOSCashDrawer@@@ATL@@WOI@EAAKXZ 00000001800024c0 f i CashDrawer.obj
 0001:000014cc       ?QueryInterface@?$CComContainedObject@VCOPOSCashDrawer@@@ATL@@WPA@EAAJAEBU_GUID@@PEAPEAX@Z 00000001800024cc f i CashDrawer.obj
 0001:000014d8       ?AddRef@?$CComContainedObject@VCOPOSCashDrawer@@@ATL@@WPA@EAAKXZ 00000001800024d8 f i CashDrawer.obj
 0001:000014e4       ?Release@?$CComContainedObject@VCOPOSCashDrawer@@@ATL@@WPA@EAAKXZ 00000001800024e4 f i CashDrawer.obj
 0001:000014f0       ?QueryInterface@?$CComContainedObject@VCOPOSCashDrawer@@@ATL@@WPI@EAAJAEBU_GUID@@PEAPEAX@Z 00000001800024f0 f i CashDrawer.obj
 0001:000014fc       ?AddRef@?$CComContainedObject@VCOPOSCashDrawer@@@ATL@@WPI@EAAKXZ 00000001800024fc f i CashDrawer.obj
 0001:00001508       ?Release@?$CComContainedObject@VCOPOSCashDrawer@@@ATL@@WPI@EAAKXZ 0000000180002508 f i CashDrawer.obj
 0001:00001514       ?QueryInterface@?$CComContainedObject@VCOPOSCashDrawer@@@ATL@@WBAA@EAAJAEBU_GUID@@PEAPEAX@Z 0000000180002514 f i CashDrawer.obj
 0001:00001520       ?AddRef@?$CComContainedObject@VCOPOSCashDrawer@@@ATL@@WBAA@EAAKXZ 0000000180002520 f i CashDrawer.obj
 0001:0000152c       ?Release@?$CComContainedObject@VCOPOSCashDrawer@@@ATL@@WBAA@EAAKXZ 000000018000252c f i CashDrawer.obj
 0001:00001538       ?QueryInterface@?$CComContainedObject@VCOPOSCashDrawer@@@ATL@@WBAI@EAAJAEBU_GUID@@PEAPEAX@Z 0000000180002538 f i CashDrawer.obj
 0001:00001544       ?AddRef@?$CComContainedObject@VCOPOSCashDrawer@@@ATL@@WBAI@EAAKXZ 0000000180002544 f i CashDrawer.obj
 0001:00001550       ?Release@?$CComContainedObject@VCOPOSCashDrawer@@@ATL@@WBAI@EAAKXZ 0000000180002550 f i CashDrawer.obj
 0001:0000155c       ?QueryInterface@?$CComContainedObject@VCOPOSCashDrawer@@@ATL@@WBBA@EAAJAEBU_GUID@@PEAPEAX@Z 000000018000255c f i CashDrawer.obj
 0001:00001568       ?AddRef@?$CComContainedObject@VCOPOSCashDrawer@@@ATL@@WBBA@EAAKXZ 0000000180002568 f i CashDrawer.obj
 0001:00001574       ?Release@?$CComContainedObject@VCOPOSCashDrawer@@@ATL@@WBBA@EAAKXZ 0000000180002574 f i CashDrawer.obj
 0001:00001580       ?QueryInterface@?$CComContainedObject@VCOPOSCashDrawer@@@ATL@@WBBI@EAAJAEBU_GUID@@PEAPEAX@Z 0000000180002580 f i CashDrawer.obj
 0001:0000158c       ?AddRef@?$CComContainedObject@VCOPOSCashDrawer@@@ATL@@WBBI@EAAKXZ 000000018000258c f i CashDrawer.obj
 0001:00001598       ?Release@?$CComContainedObject@VCOPOSCashDrawer@@@ATL@@WBBI@EAAKXZ 0000000180002598 f i CashDrawer.obj
 0001:000015a4       ?AddRef@?$CComContainedObject@VCOPOSCashDrawer@@@ATL@@WBCI@EAAKXZ 00000001800025a4 f i CashDrawer.obj
 0001:000015b0       ?Release@?$CComContainedObject@VCOPOSCashDrawer@@@ATL@@WBCI@EAAKXZ 00000001800025b0 f i CashDrawer.obj
 0001:000015bc       ?AddRef@?$CComContainedObject@VCOPOSCashDrawer@@@ATL@@WBEA@EAAKXZ 00000001800025bc f i CashDrawer.obj
 0001:000015c8       ?Release@?$CComContainedObject@VCOPOSCashDrawer@@@ATL@@WBEA@EAAKXZ 00000001800025c8 f i CashDrawer.obj
 0001:000015d4       ?GetWindowProc@?$CWindowImplBaseT@VCWindow@ATL@@V?$CWinTraits@$0FGAAAAAA@$0A@@2@@ATL@@UEAAP6A_JPEAUHWND__@@I_K_J@ZXZ 00000001800025d4 f i CashDrawer.obj
 0001:000015dc       ?StartWindowProc@?$CWindowImplBaseT@VCWindow@ATL@@V?$CWinTraits@$0FGAAAAAA@$0A@@2@@ATL@@SA_JPEAUHWND__@@I_K_J@Z 00000001800025dc f i CashDrawer.obj
 0001:000016a0       ?ObjectMain@CComObjectRootBase@ATL@@SAX_N@Z 00000001800026a0 f i CashDrawer.obj
 0001:000016a0       ?OnFinalMessage@?$CWindowImplBaseT@VCWindow@ATL@@V?$CWinTraits@$0FGAAAAAA@$0A@@2@@ATL@@UEAAXPEAUHWND__@@@Z 00000001800026a0 f i CashDrawer.obj
 0001:000016a0       _guard_check_icall_nop     00000001800026a0 f i LIBCMT:guard_support.obj
 0001:000016a4       ?GetTypeInfoCount@?$IDispatchImpl@UIOPOSCashDrawer@@$1?IID_IOPOSCashDrawer@@3U_GUID@@B$1?LIBID_OposCashDrawer_CCO@@3U3@B$00$0A@VCComTypeInfoHolder@ATL@@@ATL@@UEAAJPEAI@Z 00000001800026a4 f i CashDrawer.obj
 0001:000016b8       ?GetTypeInfo@?$IDispatchImpl@UIOPOSCashDrawer@@$1?IID_IOPOSCashDrawer@@3U_GUID@@B$1?LIBID_OposCashDrawer_CCO@@3U3@B$00$0A@VCComTypeInfoHolder@ATL@@@ATL@@UEAAJIKPEAPEAUITypeInfo@@@Z 00000001800026b8 f i CashDrawer.obj
 0001:0000171c       ?GetIDsOfNames@?$IDispatchImpl@UIOPOSCashDrawer@@$1?IID_IOPOSCashDrawer@@3U_GUID@@B$1?LIBID_OposCashDrawer_CCO@@3U3@B$00$0A@VCComTypeInfoHolder@ATL@@@ATL@@UEAAJAEBU_GUID@@PEAPEA_WIKPEAJ@Z 000000018000271c f i CashDrawer.obj
 0001:00001728       ?Invoke@?$IDispatchImpl@UIOPOSCashDrawer@@$1?IID_IOPOSCashDrawer@@3U_GUID@@B$1?LIBID_OposCashDrawer_CCO@@3U3@B$00$0A@VCComTypeInfoHolder@ATL@@@ATL@@UEAAJJAEBU_GUID@@KGPEAUtagDISPPARAMS@@PEAUtagVARIANT@@PEAUtagEXCEPINFO@@PEAI@Z 0000000180002728 f i CashDrawer.obj
 0001:000017b8       ?CreateControlWindow@?$CComControl@VCOPOSCashDrawer@@V?$CWindowImpl@VCOPOSCashDrawer@@VCWindow@ATL@@V?$CWinTraits@$0FGAAAAAA@$0A@@3@@ATL@@@ATL@@UEAAPEAUHWND__@@PEAU3@AEAUtagRECT@@@Z 00000001800027b8 f i CashDrawer.obj
 0001:000017f0       ?ControlQueryInterface@?$CComControl@VCOPOSCashDrawer@@V?$CWindowImpl@VCOPOSCashDrawer@@VCWindow@ATL@@V?$CWinTraits@$0FGAAAAAA@$0A@@3@@ATL@@@ATL@@UEAAJAEBU_GUID@@PEAPEAX@Z 00000001800027f0 f i CashDrawer.obj
 0001:00001804       ?GetClassID@?$IPersistStorageImpl@VCOPOSCashDrawer@@@ATL@@UEAAJPEAU_GUID@@@Z 0000000180002804 f i CashDrawer.obj
 0001:00001804       ?GetUserClassID@?$IOleObjectImpl@VCOPOSCashDrawer@@@ATL@@UEAAJPEAU_GUID@@@Z 0000000180002804 f i CashDrawer.obj
 0001:00001804       ?GetClassID@?$IPersistStreamInitImpl@VCOPOSCashDrawer@@@ATL@@UEAAJPEAU_GUID@@@Z 0000000180002804 f i CashDrawer.obj
 0001:00001820       ?IsDirty@?$IPersistStreamInitImpl@VCOPOSCashDrawer@@@ATL@@UEAAJXZ 0000000180002820 f i CashDrawer.obj
 0001:0000183c       ?Load@?$IPersistStreamInitImpl@VCOPOSCashDrawer@@@ATL@@UEAAJPEAUIStream@@@Z 000000018000283c f i CashDrawer.obj
 0001:0000188c       ?Save@?$IPersistStreamInitImpl@VCOPOSCashDrawer@@@ATL@@UEAAJPEAUIStream@@H@Z 000000018000288c f i CashDrawer.obj
 0001:000018f0       ?GetSizeMax@?$IPersistStreamInitImpl@VCOPOSCashDrawer@@@ATL@@UEAAJPEAT_ULARGE_INTEGER@@@Z 00000001800028f0 f i CashDrawer.obj
 0001:00001b1c       ?InitNew@?$IPersistStreamInitImpl@VCOPOSCashDrawer@@@ATL@@UEAAJXZ 0000000180002b1c f i CashDrawer.obj
 0001:00001b34       ?SetClientSite@?$IOleObjectImpl@VCOPOSCashDrawer@@@ATL@@UEAAJPEAUIOleClientSite@@@Z 0000000180002b34 f i CashDrawer.obj
 0001:00001b50       ?GetClientSite@?$IOleObjectImpl@VCOPOSCashDrawer@@@ATL@@UEAAJPEAPEAUIOleClientSite@@@Z 0000000180002b50 f i CashDrawer.obj
 0001:00001b98       ?Close@?$IOleObjectImpl@VCOPOSCashDrawer@@@ATL@@UEAAJK@Z 0000000180002b98 f i CashDrawer.obj
 0001:00001bb4       ?DoVerb@?$IOleObjectImpl@VCOPOSCashDrawer@@@ATL@@UEAAJJPEAUtagMSG@@PEAUIOleClientSite@@JPEAUHWND__@@PEBUtagRECT@@@Z 0000000180002bb4 f i CashDrawer.obj
 0001:00001d58       ?EnumVerbs@?$IOleObjectImpl@VCOPOSCashDrawer@@@ATL@@UEAAJPEAPEAUIEnumOLEVERB@@@Z 0000000180002d58 f i CashDrawer.obj
 0001:00001d74       ?GetUserType@?$IOleObjectImpl@VCOPOSCashDrawer@@@ATL@@UEAAJKPEAPEA_W@Z 0000000180002d74 f i CashDrawer.obj
 0001:00001d84       ?SetExtent@?$IOleObjectImpl@VCOPOSCashDrawer@@@ATL@@UEAAJKPEAUtagSIZE@@@Z 0000000180002d84 f i CashDrawer.obj
 0001:00001da0       ?GetExtent@?$IOleObjectImpl@VCOPOSCashDrawer@@@ATL@@UEAAJKPEAUtagSIZE@@@Z 0000000180002da0 f i CashDrawer.obj
 0001:00001dd0       ?Advise@?$IOleObjectImpl@VCOPOSCashDrawer@@@ATL@@UEAAJPEAUIAdviseSink@@PEAK@Z 0000000180002dd0 f i CashDrawer.obj
 0001:00001e2c       ?Unadvise@?$IOleObjectImpl@VCOPOSCashDrawer@@@ATL@@UEAAJK@Z 0000000180002e2c f i CashDrawer.obj
 0001:00001e64       ?EnumAdvise@?$IOleObjectImpl@VCOPOSCashDrawer@@@ATL@@UEAAJPEAPEAUIEnumSTATDATA@@@Z 0000000180002e64 f i CashDrawer.obj
 0001:00001eac       ?GetMiscStatus@?$IOleObjectImpl@VCOPOSCashDrawer@@@ATL@@UEAAJKPEAK@Z 0000000180002eac f i CashDrawer.obj
 0001:00001ebc       ?GetWindow@?$IOleInPlaceActiveObjectImpl@VCOPOSCashDrawer@@@ATL@@UEAAJPEAPEAUHWND__@@@Z 0000000180002ebc f i CashDrawer.obj
 0001:00001f10       ?TranslateAcceleratorW@?$IOleInPlaceActiveObjectImpl@VCOPOSCashDrawer@@@ATL@@UEAAJPEAUtagMSG@@@Z 0000000180002f10 f i CashDrawer.obj
 0001:00002004       ?OnDocWindowActivate@?$IOleInPlaceActiveObjectImpl@VCOPOSCashDrawer@@@ATL@@UEAAJH@Z 0000000180003004 f i CashDrawer.obj
 0001:00002030       ?Draw@?$IViewObjectExImpl@VCOPOSCashDrawer@@@ATL@@UEAAJKJPEAXPEAUtagDVTARGETDEVICE@@PEAUHDC__@@2PEBU_RECTL@@3P6AH_K@Z4@Z 0000000180003030 f i CashDrawer.obj
 0001:00002094       ?SetAdvise@?$IViewObjectExImpl@VCOPOSCashDrawer@@@ATL@@UEAAJKKPEAUIAdviseSink@@@Z 0000000180003094 f i CashDrawer.obj
 0001:000020e8       ?GetAdvise@?$IViewObjectExImpl@VCOPOSCashDrawer@@@ATL@@UEAAJPEAK0PEAPEAUIAdviseSink@@@Z 00000001800030e8 f i CashDrawer.obj
 0001:00002124       ?GetExtent@?$IViewObjectExImpl@VCOPOSCashDrawer@@@ATL@@UEAAJKJPEAUtagDVTARGETDEVICE@@PEAUtagSIZE@@@Z 0000000180003124 f i CashDrawer.obj
 0001:00002154       ?GetViewStatus@?$IViewObjectExImpl@VCOPOSCashDrawer@@@ATL@@UEAAJPEAK@Z 0000000180003154 f i CashDrawer.obj
 0001:00002168       ?QueryHitPoint@?$IViewObjectExImpl@VCOPOSCashDrawer@@@ATL@@UEAAJKPEBUtagRECT@@UtagPOINT@@JPEAK@Z 0000000180003168 f i CashDrawer.obj
 0001:000021ac       ?QueryHitRect@?$IViewObjectExImpl@VCOPOSCashDrawer@@@ATL@@UEAAJKPEBUtagRECT@@0JPEAK@Z 00000001800031ac f i CashDrawer.obj
 0001:00002214       ?GetNaturalExtent@?$IViewObjectExImpl@VCOPOSCashDrawer@@@ATL@@UEAAJKJPEAUtagDVTARGETDEVICE@@PEAUHDC__@@PEAUtagExtentInfo@@PEAUtagSIZE@@@Z 0000000180003214 f i CashDrawer.obj
 0001:0000225c       ?GetWindow@?$IOleInPlaceObjectWindowlessImpl@VCOPOSCashDrawer@@@ATL@@UEAAJPEAPEAUHWND__@@@Z 000000018000325c f i CashDrawer.obj
 0001:000022b0       ?InPlaceDeactivate@?$IOleInPlaceObjectWindowlessImpl@VCOPOSCashDrawer@@@ATL@@UEAAJXZ 00000001800032b0 f i CashDrawer.obj
 0001:000022cc       ?UIDeactivate@?$IOleInPlaceObjectWindowlessImpl@VCOPOSCashDrawer@@@ATL@@UEAAJXZ 00000001800032cc f i CashDrawer.obj
 0001:000022e8       ?SetObjectRects@?$IOleInPlaceObjectWindowlessImpl@VCOPOSCashDrawer@@@ATL@@UEAAJPEBUtagRECT@@0@Z 00000001800032e8 f i CashDrawer.obj
 0001:00002304       ?OnWindowMessage@?$IOleInPlaceObjectWindowlessImpl@VCOPOSCashDrawer@@@ATL@@UEAAJI_K_JPEA_J@Z 0000000180003304 f i CashDrawer.obj
 0001:000023cc       ?EnumConnectionPoints@?$IConnectionPointContainerImpl@VCOPOSCashDrawer@@@ATL@@UEAAJPEAPEAUIEnumConnectionPoints@@@Z 00000001800033cc f i CashDrawer.obj
 0001:000025ec       ?FindConnectionPoint@?$IConnectionPointContainerImpl@VCOPOSCashDrawer@@@ATL@@UEAAJAEBU_GUID@@PEAPEAUIConnectionPoint@@@Z 00000001800035ec f i CashDrawer.obj
 0001:000026bc       ?IsDirty@?$IPersistStorageImpl@VCOPOSCashDrawer@@@ATL@@UEAAJXZ 00000001800036bc f i CashDrawer.obj
 0001:00002700       ?InitNew@?$IPersistStorageImpl@VCOPOSCashDrawer@@@ATL@@UEAAJPEAUIStorage@@@Z 0000000180003700 f i CashDrawer.obj
 0001:00002744       ?Load@?$IPersistStorageImpl@VCOPOSCashDrawer@@@ATL@@UEAAJPEAUIStorage@@@Z 0000000180003744 f i CashDrawer.obj
 0001:000027e4       ?Save@?$IPersistStorageImpl@VCOPOSCashDrawer@@@ATL@@UEAAJPEAUIStorage@@H@Z 00000001800037e4 f i CashDrawer.obj
 0001:00002894       ?GetPages@?$ISpecifyPropertyPagesImpl@VCOPOSCashDrawer@@@ATL@@UEAAJPEAUtagCAUUID@@@Z 0000000180003894 f i CashDrawer.obj
 0001:000028a0       ?QuickActivate@?$IQuickActivateImpl@VCOPOSCashDrawer@@@ATL@@UEAAJPEAUtagQACONTAINER@@PEAUtagQACONTROL@@@Z 00000001800038a0 f i CashDrawer.obj
 0001:000028bc       ?SetContentExtent@?$IQuickActivateImpl@VCOPOSCashDrawer@@@ATL@@UEAAJPEAUtagSIZE@@@Z 00000001800038bc f i CashDrawer.obj
 0001:000028f0       ?GetContentExtent@?$IQuickActivateImpl@VCOPOSCashDrawer@@@ATL@@UEAAJPEAUtagSIZE@@@Z 00000001800038f0 f i CashDrawer.obj
 0001:00002928       ?GetData@?$IDataObjectImpl@VCOPOSCashDrawer@@@ATL@@UEAAJPEAUtagFORMATETC@@PEAUtagSTGMEDIUM@@@Z 0000000180003928 f i CashDrawer.obj
 0001:00002944       ?DAdvise@?$IDataObjectImpl@VCOPOSCashDrawer@@@ATL@@UEAAJPEAUtagFORMATETC@@KPEAUIAdviseSink@@PEAK@Z 0000000180003944 f i CashDrawer.obj
 0001:000029cc       ?DUnadvise@?$IDataObjectImpl@VCOPOSCashDrawer@@@ATL@@UEAAJK@Z 00000001800039cc f i CashDrawer.obj
 0001:000029f8       ?EnumDAdvise@?$IDataObjectImpl@VCOPOSCashDrawer@@@ATL@@UEAAJPEAPEAUIEnumSTATDATA@@@Z 00000001800039f8 f i CashDrawer.obj
 0001:00002a34       ?GetClassInfoW@?$IProvideClassInfo2Impl@$1?CLSID_OPOSCashDrawer@@3U_GUID@@B$1?DIID__IOPOSCashDrawerEvents@@3U2@B$1?LIBID_OposCashDrawer_CCO@@3U2@B$00$0A@VCComTypeInfoHolder@ATL@@@ATL@@UEAAJPEAPEAUITypeInfo@@@Z 0000000180003a34 f i CashDrawer.obj
 0001:00002a8c       ?GetGUID@?$IProvideClassInfo2Impl@$1?CLSID_OPOSCashDrawer@@3U_GUID@@B$1?DIID__IOPOSCashDrawerEvents@@3U2@B$1?LIBID_OposCashDrawer_CCO@@3U2@B$00$0A@VCComTypeInfoHolder@ATL@@@ATL@@UEAAJKPEAU_GUID@@@Z 0000000180003a8c f i CashDrawer.obj
 0001:00002ac0       ?GetInterfaceSafetyOptions@?$IObjectSafetyImpl@VCOPOSCashDrawer@@$02@ATL@@UEAAJAEBU_GUID@@PEAK1@Z 0000000180003ac0 f i CashDrawer.obj
 0001:00002b54       ?SetInterfaceSafetyOptions@?$IObjectSafetyImpl@VCOPOSCashDrawer@@$02@ATL@@UEAAJAEBU_GUID@@KK@Z 0000000180003b54 f i CashDrawer.obj
 0001:00002bf8       ?_LocCPQueryInterface@?$IConnectionPointImpl@VCOPOSCashDrawer@@$1?DIID__IOPOSCashDrawerEvents@@3U_GUID@@BVCComDynamicUnkArray@ATL@@@ATL@@UEAAJAEBU_GUID@@PEAPEAX@Z 0000000180003bf8 f i CashDrawer.obj
 0001:00002bf8       ?_LocCPQueryInterface@?$IConnectionPointImpl@VCOPOSCashDrawer@@$1?IID_IPropertyNotifySink@@3U_GUID@@BVCComDynamicUnkArray@ATL@@@ATL@@UEAAJAEBU_GUID@@PEAPEAX@Z 0000000180003bf8 f i CashDrawer.obj
 0001:00002c6c       ?GetConnectionInterface@?$IConnectionPointImpl@VCOPOSCashDrawer@@$1?IID_IPropertyNotifySink@@3U_GUID@@BVCComDynamicUnkArray@ATL@@@ATL@@UEAAJPEAU_GUID@@@Z 0000000180003c6c f i CashDrawer.obj
 0001:00002c88       ?GetConnectionPointContainer@?$IConnectionPointImpl@VCOPOSCashDrawer@@$1?IID_IPropertyNotifySink@@3U_GUID@@BVCComDynamicUnkArray@ATL@@@ATL@@UEAAJPEAPEAUIConnectionPointContainer@@@Z 0000000180003c88 f i CashDrawer.obj
 0001:00002ca8       ?Advise@?$IConnectionPointImpl@VCOPOSCashDrawer@@$1?IID_IPropertyNotifySink@@3U_GUID@@BVCComDynamicUnkArray@ATL@@@ATL@@UEAAJPEAUIUnknown@@PEAK@Z 0000000180003ca8 f i CashDrawer.obj
 0001:00002ca8       ?Advise@?$IConnectionPointImpl@VCOPOSCashDrawer@@$1?DIID__IOPOSCashDrawerEvents@@3U_GUID@@BVCComDynamicUnkArray@ATL@@@ATL@@UEAAJPEAUIUnknown@@PEAK@Z 0000000180003ca8 f i CashDrawer.obj
 0001:00002d68       ?Unadvise@?$IConnectionPointImpl@VCOPOSCashDrawer@@$1?DIID__IOPOSCashDrawerEvents@@3U_GUID@@BVCComDynamicUnkArray@ATL@@@ATL@@UEAAJK@Z 0000000180003d68 f i CashDrawer.obj
 0001:00002d68       ?Unadvise@?$IConnectionPointImpl@VCOPOSCashDrawer@@$1?IID_IPropertyNotifySink@@3U_GUID@@BVCComDynamicUnkArray@ATL@@@ATL@@UEAAJK@Z 0000000180003d68 f i CashDrawer.obj
 0001:00002de4       ?EnumConnections@?$IConnectionPointImpl@VCOPOSCashDrawer@@$1?IID_IPropertyNotifySink@@3U_GUID@@BVCComDynamicUnkArray@ATL@@@ATL@@UEAAJPEAPEAUIEnumConnections@@@Z 0000000180003de4 f i CashDrawer.obj
 0001:00002de4       ?EnumConnections@?$IConnectionPointImpl@VCOPOSCashDrawer@@$1?DIID__IOPOSCashDrawerEvents@@3U_GUID@@BVCComDynamicUnkArray@ATL@@@ATL@@UEAAJPEAPEAUIEnumConnections@@@Z 0000000180003de4 f i CashDrawer.obj
 0001:00002f8c       ?GetConnectionInterface@?$IConnectionPointImpl@VCOPOSCashDrawer@@$1?DIID__IOPOSCashDrawerEvents@@3U_GUID@@BVCComDynamicUnkArray@ATL@@@ATL@@UEAAJPEAU_GUID@@@Z 0000000180003f8c f i CashDrawer.obj
 0001:00002fa8       ?GetConnectionPointContainer@?$IConnectionPointImpl@VCOPOSCashDrawer@@$1?DIID__IOPOSCashDrawerEvents@@3U_GUID@@BVCComDynamicUnkArray@ATL@@@ATL@@UEAAJPEAPEAUIConnectionPointContainer@@@Z 0000000180003fa8 f i CashDrawer.obj
 0001:00002fc8       ?UpdateRegistry@COPOSCashDrawer@@SAJH@Z 0000000180003fc8 f i CashDrawer.obj
 0001:00002fe0       ?ProcessWindowMessage@COPOSCashDrawer@@UEAAHPEAUHWND__@@I_K_JAEA_JK@Z 0000000180003fe0 f i CashDrawer.obj
 0001:00003068       ?SODirectIO@COPOSCashDrawer@@MEAAJJPEAJPEAPEA_W@Z 0000000180004068 f i CashDrawer.obj
 0001:000030e0       ?SOStatusUpdate@COPOSCashDrawer@@MEAAJJ@Z 00000001800040e0 f i CashDrawer.obj
 0001:00003130       ?CreateInstance@?$CComCreator@V?$CComObjectCached@VCComClassFactory@ATL@@@ATL@@@ATL@@SAJPEAXAEBU_GUID@@PEAPEAX@Z 0000000180004130 f i CashDrawer.obj
 0001:00003238       ?CreateInstance@?$CComCreator2@V?$CComCreator@V?$CComObject@VCOPOSCashDrawer@@@ATL@@@ATL@@V?$CComCreator@V?$CComAggObject@VCOPOSCashDrawer@@@ATL@@@2@@ATL@@SAJPEAXAEBU_GUID@@PEAPEAX@Z 0000000180004238 f i CashDrawer.obj
 0001:00003248       ?Next@?$CComEnumImpl@UIEnumConnectionPoints@@$1?_GUID_b196b285_bab4_101a_b69c_00aa00341d07@@3U__s_GUID@@BPEAUIConnectionPoint@@V?$_CopyInterface@UIConnectionPoint@@@ATL@@@ATL@@UEAAJKPEAPEAUIConnectionPoint@@PEAK@Z 0000000180004248 f i CashDrawer.obj
 0001:00003314       ?Skip@?$CComEnumImpl@UIEnumConnectionPoints@@$1?_GUID_b196b285_bab4_101a_b69c_00aa00341d07@@3U__s_GUID@@BPEAUIConnectionPoint@@V?$_CopyInterface@UIConnectionPoint@@@ATL@@@ATL@@UEAAJK@Z 0000000180004314 f i CashDrawer.obj
 0001:00003340       ?Clone@?$CComEnumImpl@UIEnumConnectionPoints@@$1?_GUID_b196b285_bab4_101a_b69c_00aa00341d07@@3U__s_GUID@@BPEAUIConnectionPoint@@V?$_CopyInterface@UIConnectionPoint@@@ATL@@@ATL@@UEAAJPEAPEAUIEnumConnectionPoints@@@Z 0000000180004340 f i CashDrawer.obj
 0001:0000346c       ?QueryInterface@?$CComObject@V?$CComEnum@UIEnumConnectionPoints@@$1?_GUID_b196b285_bab4_101a_b69c_00aa00341d07@@3U__s_GUID@@BPEAUIConnectionPoint@@V?$_CopyInterface@UIConnectionPoint@@@ATL@@VCComSingleThreadModel@6@@ATL@@@ATL@@UEAAJAEBU_GUID@@PEAPEAX@Z 000000018000446c f i CashDrawer.obj
 0001:00003480       ??_E?$CComObject@V?$CComEnum@UIEnumConnectionPoints@@$1?_GUID_b196b285_bab4_101a_b69c_00aa00341d07@@3U__s_GUID@@BPEAUIConnectionPoint@@V?$_CopyInterface@UIConnectionPoint@@@ATL@@VCComSingleThreadModel@6@@ATL@@@ATL@@UEAAPEAXI@Z 0000000180004480 f i CashDrawer.obj
 0001:00003480       ??_G?$CComObject@V?$CComEnum@UIEnumConnectionPoints@@$1?_GUID_b196b285_bab4_101a_b69c_00aa00341d07@@3U__s_GUID@@BPEAUIConnectionPoint@@V?$_CopyInterface@UIConnectionPoint@@@ATL@@VCComSingleThreadModel@6@@ATL@@@ATL@@UEAAPEAXI@Z 0000000180004480 f i CashDrawer.obj
 0001:000034d8       ?CreateInstance@CComClassFactory@ATL@@UEAAJPEAUIUnknown@@AEBU_GUID@@PEAPEAX@Z 00000001800044d8 f i CashDrawer.obj
 0001:00003538       ?LockServer@CComClassFactory@ATL@@UEAAJH@Z 0000000180004538 f i CashDrawer.obj
 0001:0000355c       ??_ECComClassFactory@ATL@@UEAAPEAXI@Z 000000018000455c f i CashDrawer.obj
 0001:0000355c       ??_GCComClassFactory@ATL@@UEAAPEAXI@Z 000000018000455c f i CashDrawer.obj
 0001:000035ac       ??$AtlModuleRegisterWndClassInfoT@VAtlModuleRegisterWndClassInfoParamW@ATL@@@ATL@@YAGPEAU_ATL_BASE_MODULE70@0@PEAU_ATL_WIN_MODULE70@0@PEAU_ATL_WNDCLASSINFOW@0@PEAP6A_JPEAUHWND__@@I_K_J@ZVAtlModuleRegisterWndClassInfoParamW@0@@Z 00000001800045ac f i CashDrawer.obj
 0001:000037ac       ??0?$CComContainedObject@VCOPOSCashDrawer@@@ATL@@QEAA@PEAX@Z 00000001800047ac f i CashDrawer.obj
 0001:000038c8       ??0?$CComObject@VCOPOSCashDrawer@@@ATL@@QEAA@PEAX@Z 00000001800048c8 f i CashDrawer.obj
 0001:000039e0       ??0CAtlModule@ATL@@QEAA@XZ 00000001800049e0 f i CashDrawer.obj
 0001:00003a54       ??1?$CComEnumImpl@UIEnumConnectionPoints@@$1?_GUID_b196b285_bab4_101a_b69c_00aa00341d07@@3U__s_GUID@@BPEAUIConnectionPoint@@V?$_CopyInterface@UIConnectionPoint@@@ATL@@@ATL@@UEAA@XZ 0000000180004a54 f i CashDrawer.obj
 0001:00003ab0       ??1?$CComEnumImpl@UIEnumConnections@@$1?_GUID_b196b287_bab4_101a_b69c_00aa00341d07@@3U__s_GUID@@BUtagCONNECTDATA@@V?$_Copy@UtagCONNECTDATA@@@ATL@@@ATL@@UEAA@XZ 0000000180004ab0 f i CashDrawer.obj
 0001:00003b0c       ??1?$CComObject@VCOPOSCashDrawer@@@ATL@@UEAA@XZ 0000000180004b0c f i CashDrawer.obj
 0001:00003c2c       ??_E?$CComContainedObject@VCOPOSCashDrawer@@@ATL@@UEAAPEAXI@Z 0000000180004c2c f i CashDrawer.obj
 0001:00003c2c       ??_G?$CComContainedObject@VCOPOSCashDrawer@@@ATL@@UEAAPEAXI@Z 0000000180004c2c f i CashDrawer.obj
 0001:00003c60       ??_G?$CComObject@VCOPOSCashDrawer@@@ATL@@UEAAPEAXI@Z 0000000180004c60 f i CashDrawer.obj
 0001:00003c60       ??_E?$CComObject@VCOPOSCashDrawer@@@ATL@@UEAAPEAXI@Z 0000000180004c60 f i CashDrawer.obj
 0001:00003c94       ?Add@?$CSimpleArray@GV?$CSimpleArrayEqualHelper@G@ATL@@@ATL@@QEAAHAEBG@Z 0000000180004c94 f i CashDrawer.obj
 0001:00003d48       ?Add@?$CSimpleMap@PEA_WPEA_WVCExpansionVectorEqualHelper@ATL@@@ATL@@QEAAHAEBQEA_W0@Z 0000000180004d48 f i CashDrawer.obj
 0001:00003de8       ?Add@CComDynamicUnkArray@ATL@@QEAAKPEAUIUnknown@@@Z 0000000180004de8 f i CashDrawer.obj
 0001:00003ed0       ?Add@CExpansionVector@ATL@@QEAAHPEB_W0@Z 0000000180004ed0 f i CashDrawer.obj
 0001:00004060       ?AddValue@CRegParser@ATL@@IEAAJAEAVCRegKey@2@PEB_WPEA_W@Z 0000000180005060 f i CashDrawer.obj
 0001:000044a8       ?AllocateHeap@?$CTempBuffer@E$0BAA@VCCRTAllocator@ATL@@@ATL@@AEAAX_K@Z 00000001800054a8 f i CashDrawer.obj
 0001:000044a8       ?AllocateHeap@?$CTempBuffer@_W$0BAA@VCCRTAllocator@ATL@@@ATL@@AEAAX_K@Z 00000001800054a8 f i CashDrawer.obj
 0001:000044a8       ?AllocateHeap@?$CTempBuffer@_W$0EAA@VCCRTAllocator@ATL@@@ATL@@AEAAX_K@Z 00000001800054a8 f i CashDrawer.obj
 0001:000044d4       ?Append@CParseBuffer@CRegParser@ATL@@QEAAHPEB_WH@Z 00000001800054d4 f i CashDrawer.obj
 0001:000045ec       ?AtlCallTermFunc@ATL@@YAXPEAU_ATL_MODULE70@1@@Z 00000001800055ec f i CashDrawer.obj
 0001:00004650       ?AtlComModuleGetClassObject@ATL@@YAJPEAU_ATL_COM_MODULE70@1@AEBU_GUID@@1PEAPEAX@Z 0000000180005650 f i CashDrawer.obj
 0001:00004790       ?AtlComModuleRegisterServer@ATL@@YAJPEAU_ATL_COM_MODULE70@1@HPEBU_GUID@@@Z 0000000180005790 f i CashDrawer.obj
 0001:00004850       ?AtlComModuleUnregisterServer@ATL@@YAJPEAU_ATL_COM_MODULE70@1@HPEBU_GUID@@@Z 0000000180005850 f i CashDrawer.obj
 0001:0000490c       ?AtlCreateTargetDC@ATL@@YAPEAUHDC__@@PEAU2@PEAUtagDVTARGETDEVICE@@@Z 000000018000590c f i CashDrawer.obj
 0001:00004980       ?AtlHiMetricToPixel@ATL@@YAXPEBUtagSIZE@@PEAU2@@Z 0000000180005980 f i CashDrawer.obj
 0001:00004a30       ?AtlHresultFromLastError@ATL@@YAJXZ 0000000180005a30 f i CashDrawer.obj
 0001:00004a50       ?AtlHresultFromWin32@ATL@@YAJK@Z 0000000180005a50 f i CashDrawer.obj
 0001:00004a60       ?AtlIPersistStreamInit_Load@ATL@@YAJPEAUIStream@@PEBUATL_PROPMAP_ENTRY@1@PEAXPEAUIUnknown@@@Z 0000000180005a60 f i CashDrawer.obj
 0001:00004c98       ?AtlIPersistStreamInit_Save@ATL@@YAJPEAUIStream@@HPEBUATL_PROPMAP_ENTRY@1@PEAXPEAUIUnknown@@@Z 0000000180005c98 f i CashDrawer.obj
 0001:00004ed0       ?AtlInternalOleLoadFromStream@ATL@@YAJPEAUIStream@@AEBU_GUID@@PEAPEAXTClassesAllowedInStream@1@K@Z 0000000180005ed0 f i CashDrawer.obj
 0001:00005014       ?AtlInternalQueryInterface@ATL@@YAJPEAXPEBU_ATL_INTMAP_ENTRY@1@AEBU_GUID@@PEAPEAX@Z 0000000180006014 f i CashDrawer.obj
 0001:0000511c       ?AtlLoadTypeLib@ATL@@YAJPEAUHINSTANCE__@@PEB_WPEAPEA_WPEAPEAUITypeLib@@@Z 000000018000611c f i CashDrawer.obj
 0001:00005378       ?AtlModuleAddTermFunc@ATL@@YAJPEAU_ATL_MODULE70@1@P6AX_K@Z1@Z 0000000180006378 f i CashDrawer.obj
 0001:0000540c       ?AtlRegisterClassCategoriesHelper@ATL@@YAJAEBU_GUID@@PEBU_ATL_CATMAP_ENTRY@1@H@Z 000000018000640c f i CashDrawer.obj
 0001:00005874       ?AtlRegisterTypeLib@ATL@@YAJPEAUHINSTANCE__@@PEB_W@Z 0000000180006874 f i CashDrawer.obj
 0001:00005a70       ?AtlThrowImpl@ATL@@YAXJ@Z  0000000180006a70 f i CashDrawer.obj
 0001:00005a94       ?AtlUnRegisterTypeLib@ATL@@YAJPEAUHINSTANCE__@@PEB_W@Z 0000000180006a94 f i CashDrawer.obj
 0001:00005b5c       ?AtlWinModuleExtractCreateWndData@ATL@@YAPEAXPEAU_ATL_WIN_MODULE70@1@@Z 0000000180006b5c f i CashDrawer.obj
 0001:00005be8       ?Cleanup@CComTypeInfoHolder@ATL@@SAX_K@Z 0000000180006be8 f i CashDrawer.obj
 0001:00005c28       ?ClearReplacements@CExpansionVector@ATL@@QEAAJXZ 0000000180006c28 f i CashDrawer.obj
 0001:00005cc4       ?CreateInstance@?$CComCreator@V?$CComAggObject@VCOPOSCashDrawer@@@ATL@@@ATL@@SAJPEAXAEBU_GUID@@PEAPEAX@Z 0000000180006cc4 f i CashDrawer.obj
 0001:00005d9c       ?CreateInstance@?$CComCreator@V?$CComObject@VCOPOSCashDrawer@@@ATL@@@ATL@@SAJPEAXAEBU_GUID@@PEAPEAX@Z 0000000180006d9c f i CashDrawer.obj
 0001:00005e54       ?CreateInstance@?$CComObject@V?$CComEnum@UIEnumConnectionPoints@@$1?_GUID_b196b285_bab4_101a_b69c_00aa00341d07@@3U__s_GUID@@BPEAUIConnectionPoint@@V?$_CopyInterface@UIConnectionPoint@@@ATL@@VCComSingleThreadModel@6@@ATL@@@ATL@@SAJPEAPEAV12@@Z 0000000180006e54 f i CashDrawer.obj
 0001:00005ee0       ?CreateInstance@?$CComObject@V?$CComEnum@UIEnumConnections@@$1?_GUID_b196b287_bab4_101a_b69c_00aa00341d07@@3U__s_GUID@@BUtagCONNECTDATA@@V?$_Copy@UtagCONNECTDATA@@@ATL@@VCComSingleThreadModel@6@@ATL@@@ATL@@SAJPEAPEAV12@@Z 0000000180006ee0 f i CashDrawer.obj
 0001:00005f6c       ?DefaultReflectionHandler@?$CWindowImplRoot@VCWindow@ATL@@@ATL@@SAHPEAUHWND__@@I_K_JAEA_J@Z 0000000180006f6c f i CashDrawer.obj
 0001:00005fd0       ?DeleteSubKey@CRegKey@ATL@@QEAAJPEB_W@Z 0000000180006fd0 f i CashDrawer.obj
 0001:00006068       ?DoEvent@COPOSCashDrawer@@IEAAXI_K_J@Z 0000000180007068 f i CashDrawer.obj
 0001:0000611c       ?DoVerbPrimary@?$IOleObjectImpl@VCOPOSCashDrawer@@@ATL@@QEAAJPEBUtagRECT@@PEAUHWND__@@@Z 000000018000711c f i CashDrawer.obj
 0001:00006248       ?DoVerbProperties@CComControlBase@ATL@@QEAAJPEBUtagRECT@@PEAUHWND__@@@Z 0000000180007248 f i CashDrawer.obj
 0001:00006470       ?FireTheEvent@?$CProxy_IOPOSEvents@VCOPOSCashDrawer@@@@IEAAXPEAVOposVariant@@IAEAJPEB_WJ@Z 0000000180007470 f i CashDrawer.obj
 0001:0000655c       ?FireViewChange@CComControlBase@ATL@@QEAAJXZ 000000018000755c f i CashDrawer.obj
 0001:000065c0       ?Fire_DirectIOEvent@?$CProxy_IOPOSEvents@VCOPOSCashDrawer@@@@QEAAXJPEAJPEAPEA_W@Z 00000001800075c0 f i CashDrawer.obj
 0001:00006718       ?Fire_StatusUpdateEvent@?$CProxy_IOPOSEvents@VCOPOSCashDrawer@@@@QEAAXJ@Z 0000000180007718 f i CashDrawer.obj
 0001:00006804       ?FreeHeap@?$CTempBuffer@_W$0EAA@VCCRTAllocator@ATL@@@ATL@@AEAAXXZ 0000000180007804 f i CashDrawer.obj
 0001:00006804       ?FreeHeap@?$CTempBuffer@_W$0BAA@VCCRTAllocator@ATL@@@ATL@@AEAAXXZ 0000000180007804 f i CashDrawer.obj
 0001:00006804       ?FreeHeap@?$CTempBuffer@E$0BAA@VCCRTAllocator@ATL@@@ATL@@AEAAXXZ 0000000180007804 f i CashDrawer.obj
 0001:0000680c       ?GetAmbientLocaleID@CComControlBase@ATL@@QEAAJAEAK@Z 000000018000780c f i CashDrawer.obj
 0001:000068cc       ?GetAmbientUserMode@CComControlBase@ATL@@QEAAJAEAH@Z 00000001800078cc f i CashDrawer.obj
 0001:0000699c       ?GetClassObject@CComModule@ATL@@QEAAJAEBU_GUID@@0PEAPEAX@Z 000000018000799c f i CashDrawer.obj
 0001:00006a90       ?GetConnMap@COPOSCashDrawer@@SAPEBU_ATL_CONNMAP_ENTRY@ATL@@PEAH@Z 0000000180007a90 f i CashDrawer.obj
 0001:00006b18       ?GetIDsOfNames@CComTypeInfoHolder@ATL@@QEAAJAEBU_GUID@@PEAPEA_WIKPEAJ@Z 0000000180007b18 f i CashDrawer.obj
 0001:00006c90       ?GetPagesHelper@?$ISpecifyPropertyPagesImpl@VCOPOSCashDrawer@@@ATL@@IEAAJPEAUtagCAUUID@@PEBUATL_PROPMAP_ENTRY@2@@Z 0000000180007c90 f i CashDrawer.obj
 0001:00006e30       ?GetSizeMax@CComVariant@ATL@@QEBAJPEAT_ULARGE_INTEGER@@@Z 0000000180007e30 f i CashDrawer.obj
 0001:00007064       ?GetTI@CComTypeInfoHolder@ATL@@QEAAJK@Z 0000000180008064 f i CashDrawer.obj
 0001:000072dc       ?GetZoomInfo@CComControlBase@ATL@@QEAAXAEAUATL_DRAWINFO@@@Z 00000001800082dc f i CashDrawer.obj
 0001:00007380       ?HKeyFromString@CRegParser@ATL@@KAPEAUHKEY__@@PEA_W@Z 0000000180008380 f i CashDrawer.obj
 0001:000073e4       ?IDataObject_GetData@CComControlBase@ATL@@QEAAJPEAUtagFORMATETC@@PEAUtagSTGMEDIUM@@@Z 00000001800083e4 f i CashDrawer.obj
 0001:000075d8       ?IOleInPlaceObject_InPlaceDeactivate@CComControlBase@ATL@@QEAAJXZ 00000001800085d8 f i CashDrawer.obj
 0001:00007678       ?IOleInPlaceObject_SetObjectRects@CComControlBase@ATL@@QEAAJPEBUtagRECT@@0@Z 0000000180008678 f i CashDrawer.obj
 0001:00007768       ?IOleInPlaceObject_UIDeactivate@CComControlBase@ATL@@QEAAJXZ 0000000180008768 f i CashDrawer.obj
 0001:00007874       ?IOleObject_Close@CComControlBase@ATL@@QEAAJK@Z 0000000180008874 f i CashDrawer.obj
 0001:0000798c       ?IOleObject_SetClientSite@CComControlBase@ATL@@QEAAJPEAUIOleClientSite@@@Z 000000018000898c f i CashDrawer.obj
 0001:00007a04       ?IOleObject_SetExtent@CComControlBase@ATL@@QEAAJKPEAUtagSIZE@@@Z 0000000180008a04 f i CashDrawer.obj
 0001:00007a9c       ?IPSI_GetIPersistStreamInit@?$IPersistStorageImpl@VCOPOSCashDrawer@@@ATL@@AEAAPEAUIPersistStreamInit@@XZ 0000000180008a9c f i CashDrawer.obj
 0001:00007af8       ?IQuickActivate_QuickActivate@CComControlBase@ATL@@QEAAJPEAUtagQACONTAINER@@PEAUtagQACONTROL@@@Z 0000000180008af8 f i CashDrawer.obj
 0001:00007dbc       ?IViewObject_Draw@CComControlBase@ATL@@QEAAJKJPEAXPEAUtagDVTARGETDEVICE@@PEAUHDC__@@2PEBU_RECTL@@3@Z 0000000180008dbc f i CashDrawer.obj
 0001:00007ed0       ?InPlaceActivate@CComControlBase@ATL@@QEAAJJPEBUtagRECT@@@Z 0000000180008ed0 f i CashDrawer.obj
 0001:00008208       ?Init@?$CComEnumImpl@UIEnumConnectionPoints@@$1?_GUID_b196b285_bab4_101a_b69c_00aa00341d07@@3U__s_GUID@@BPEAUIConnectionPoint@@V?$_CopyInterface@UIConnectionPoint@@@ATL@@@ATL@@QEAAJPEAPEAUIConnectionPoint@@0PEAUIUnknown@@W4CComEnumFlags@2@@Z 0000000180009208 f i CashDrawer.obj
 0001:00008328       ?Init@?$CComEnumImpl@UIEnumConnections@@$1?_GUID_b196b287_bab4_101a_b69c_00aa00341d07@@3U__s_GUID@@BUtagCONNECTDATA@@V?$_Copy@UtagCONNECTDATA@@@ATL@@@ATL@@QEAAJPEAUtagCONNECTDATA@@0PEAUIUnknown@@W4CComEnumFlags@2@@Z 0000000180009328 f i CashDrawer.obj
 0001:0000844c       ?IsEqualObject@?$CComPtrBase@UIOleClientSite@@@ATL@@QEAA_NPEAUIUnknown@@@Z 000000018000944c f i CashDrawer.obj
 0001:0000844c       ?IsEqualObject@?$CComPtrBase@UITypeInfo@@@ATL@@QEAA_NPEAUIUnknown@@@Z 000000018000944c f i CashDrawer.obj
 0001:000084d8       ?LoadNameCache@CComTypeInfoHolder@ATL@@QEAAJPEAUITypeInfo@@@Z 00000001800094d8 f i CashDrawer.obj
 0001:0000865c       ?Lookup@?$CSimpleMap@PEA_WPEA_WVCExpansionVectorEqualHelper@ATL@@@ATL@@QEBAPEA_WAEBQEA_W@Z 000000018000965c f i CashDrawer.obj
 0001:000086e8       ?NextToken@CRegParser@ATL@@IEAAJPEA_W@Z 00000001800096e8 f i CashDrawer.obj
 0001:000088a0       ?OnKillFocus@CComControlBase@ATL@@QEAA_JI_K_JAEAH@Z 00000001800098a0 f i CashDrawer.obj
 0001:0000893c       ?OnMouseActivate@CComControlBase@ATL@@QEAA_JI_K_JAEAH@Z 000000018000993c f i CashDrawer.obj
 0001:000089dc       ?OnPaint@CComControlBase@ATL@@QEAA_JI_K_JAEAH@Z 00000001800099dc f i CashDrawer.obj
 0001:00008ac8       ?OnSetFocus@CComControlBase@ATL@@QEAA_JI_K_JAEAH@Z 0000000180009ac8 f i CashDrawer.obj
 0001:00008bc4       ?Open@CRegKey@ATL@@QEAAJPEAUHKEY__@@PEB_WK@Z 0000000180009bc4 f i CashDrawer.obj
 0001:00008c50       ?PreProcessBuffer@CRegParser@ATL@@QEAAJPEA_WPEAPEA_W@Z 0000000180009c50 f i CashDrawer.obj
 0001:00008fd4       ?ProcessWindowMessage@?$CComControl@VCOPOSCashDrawer@@V?$CWindowImpl@VCOPOSCashDrawer@@VCWindow@ATL@@V?$CWinTraits@$0FGAAAAAA@$0A@@3@@ATL@@@ATL@@UEAAHPEAUHWND__@@I_K_JAEA_JK@Z 0000000180009fd4 f i CashDrawer.obj
 0001:000090b8       ?PutProperty@?$CComPtr@UIDispatch@@@ATL@@SAJPEAUIDispatch@@JPEAUtagVARIANT@@@Z 000000018000a0b8 f i CashDrawer.obj
 0001:000091bc       ?ReadFromStream@CComBSTR@ATL@@QEAAJPEAUIStream@@@Z 000000018000a1bc f i CashDrawer.obj
 0001:00009318       ?ReadFromStream@CComVariant@ATL@@QEAAJPEAUIStream@@GTClassesAllowedInStream@2@K@Z 000000018000a318 f i CashDrawer.obj
 0001:00009528       ?RecurseDeleteKey@CRegKey@ATL@@QEAAJPEB_W@Z 000000018000a528 f i CashDrawer.obj
 0001:00009634       ?RegCreateKeyExW@CAtlTransactionManager@ATL@@QEAAJPEAUHKEY__@@PEB_WKPEA_WKKQEAU_SECURITY_ATTRIBUTES@@PEAPEAU3@PEAK@Z 000000018000a634 f i CashDrawer.obj
 0001:00009768       ?RegDeleteKeyW@CAtlTransactionManager@ATL@@QEAAJPEAUHKEY__@@PEB_W@Z 000000018000a768 f i CashDrawer.obj
 0001:000097f4       ?RegOpenKeyExW@CAtlTransactionManager@ATL@@QEAAJPEAUHKEY__@@PEB_WKKPEAPEAU3@@Z 000000018000a7f4 f i CashDrawer.obj
 0001:000098ac       ?RegisterBuffer@CRegParser@ATL@@QEAAJPEA_WH@Z 000000018000a8ac f i CashDrawer.obj
 0001:00009a14       ?RegisterFromResource@CRegObject@ATL@@IEAAJPEB_W00H@Z 000000018000aa14 f i CashDrawer.obj
 0001:00009bd0       ?RegisterServer@CComModule@ATL@@QEAAJHPEBU_GUID@@@Z 000000018000abd0 f i CashDrawer.obj
 0001:00009c90       ?RegisterSubkeys@CRegParser@ATL@@IEAAJPEA_WPEAUHKEY__@@HH@Z 000000018000ac90 f i CashDrawer.obj
 0001:0000a384       ?SendOnDataChange@CComControlBase@ATL@@QEAAJK@Z 000000018000b384 f i CashDrawer.obj
 0001:0000a3f4       ?SetControlFocus@CComControlBase@ATL@@QEAAHH@Z 000000018000b3f4 f i CashDrawer.obj
 0001:0000a4d0       ?SkipAssignment@CRegParser@ATL@@IEAAJPEA_W@Z 000000018000b4d0 f i CashDrawer.obj
 0001:0000a574       ?Term@CComModule@ATL@@QEAAXXZ 000000018000b574 f i CashDrawer.obj
 0001:0000a620       ?UnregisterServer@CComModule@ATL@@QEAAJHPEBU_GUID@@@Z 000000018000b620 f i CashDrawer.obj
 0001:0000a6d0       ?UpdateRegistryFromResource@CAtlModule@ATL@@QEAAJIHPEAU_ATL_REGMAP_ENTRY@2@@Z 000000018000b6d0 f i CashDrawer.obj
 0001:0000aa08       ?UpdateRegistryFromResource@CAtlModule@ATL@@QEAAJPEB_WHPEAU_ATL_REGMAP_ENTRY@2@@Z 000000018000ba08 f i CashDrawer.obj
 0001:0000ad60       ?VTFromRegType@CRegParser@ATL@@KAHPEB_WAEAG@Z 000000018000bd60 f i CashDrawer.obj
 0001:0000adfc       ?WindowProc@?$CWindowImplBaseT@VCWindow@ATL@@V?$CWinTraits@$0FGAAAAAA@$0A@@2@@ATL@@SA_JPEAUHWND__@@I_K_J@Z 000000018000bdfc f i CashDrawer.obj
 0001:0000af68       ?WriteToStream@CComBSTR@ATL@@QEAAJPEAUIStream@@@Z 000000018000bf68 f i CashDrawer.obj
 0001:0000afe8       ?WriteToStream@CComVariant@ATL@@QEAAJPEAUIStream@@@Z 000000018000bfe8 f i CashDrawer.obj
 0001:0000b1fc       ?WriteToStream@CComVariant@ATL@@QEAAJPEAUIStream@@G@Z 000000018000c1fc f i CashDrawer.obj
 0001:0000b294       ?_AtlVerifyStackAvailable@_ATL_SAFE_ALLOCA_IMPL@ATL@@YA_N_K@Z 000000018000c294 f i CashDrawer.obj
 0001:0000b318       ?atlCreate@?$CWindowImpl@VCOPOSCashDrawer@@VCWindow@ATL@@V?$CWinTraits@$0FGAAAAAA@$0A@@3@@ATL@@QEAAPEAUHWND__@@PEAU3@V_U_RECT@2@PEB_WKKV_U_MENUorID@2@PEAX@Z 000000018000c318 f i CashDrawer.obj
 0001:0000b3c8       ?atlCreate@?$CWindowImplBaseT@VCWindow@ATL@@V?$CWinTraits@$0FGAAAAAA@$0A@@2@@ATL@@QEAAPEAUHWND__@@PEAU3@V_U_RECT@2@PEB_WKKV_U_MENUorID@2@GPEAX@Z 000000018000c3c8 f i CashDrawer.obj
 0001:0000b538       ?atlCreate@CRegKey@ATL@@QEAAJPEAUHKEY__@@PEB_WPEA_WKKPEAU_SECURITY_ATTRIBUTES@@PEAK@Z 000000018000c538 f i CashDrawer.obj
 0001:0000b624       DllCanUnloadNow            000000018000c624 f   CashDrawer.obj
 0001:0000b630       DllGetClassObject          000000018000c630 f   CashDrawer.obj
 0001:0000b648       DllMain                    000000018000c648 f   CashDrawer.obj
 0001:0000b6f0       DllRegisterServer          000000018000c6f0 f   CashDrawer.obj
 0001:0000b704       DllUnregisterServer        000000018000c704 f   CashDrawer.obj
 0001:0000b718       __local_stdio_printf_options 000000018000c718 f i CashDrawer.obj
 0001:0000b7a8       swprintf_s                 000000018000c7a8 f i CashDrawer.obj
 0001:0000b7fc       ??0COPOSCashDrawer@@QEAA@XZ 000000018000c7fc f   CashDrawerImpl.obj
 0001:0000b8b8       ??1?$IConnectionPointImpl@VCOPOSCashDrawer@@$1?DIID__IOPOSCashDrawerEvents@@3U_GUID@@BVCComDynamicUnkArray@ATL@@@ATL@@QEAA@XZ 000000018000c8b8 f i CashDrawerImpl.obj
 0001:0000b8b8       ??1?$IConnectionPointImpl@VCOPOSCashDrawer@@$1?IID_IPropertyNotifySink@@3U_GUID@@BVCComDynamicUnkArray@ATL@@@ATL@@QEAA@XZ 000000018000c8b8 f i CashDrawerImpl.obj
 0001:0000b914       ??1CComControlBase@ATL@@UEAA@XZ 000000018000c914 f i CashDrawerImpl.obj
 0001:0000b990       ??1COPOSCashDrawer@@UEAA@XZ 000000018000c990 f   CashDrawerImpl.obj
 0001:0000b9f4       ?CheckHealth@COPOSCashDrawer@@UEAAJJPEAJ@Z 000000018000c9f4 f   CashDrawerImpl.obj
 0001:0000ba70       ?ClaimDevice@COPOSCashDrawer@@UEAAJJPEAJ@Z 000000018000ca70 f   CashDrawerImpl.obj
 0001:0000bb08       ?Close@COPOSCashDrawer@@UEAAJPEAJ@Z 000000018000cb08 f   CashDrawerImpl.obj
 0001:0000bbc0       ?CompareFirmwareVersion@COPOSCashDrawer@@UEAAJPEA_WPEAJ1@Z 000000018000cbc0 f   CashDrawerImpl.obj
 0001:0000bc9c       ?DirectIO@COPOSCashDrawer@@UEAAJJPEAJPEAPEA_W0@Z 000000018000cc9c f   CashDrawerImpl.obj
 0001:0000bd98       ?DoInvoke@COPOSCashDrawer@@IEAAJJPEAVOposVariant@@IHPEAJ_N@Z 000000018000cd98 f   CashDrawerImpl.obj
 0001:0000becc       ?EventInit@COPOSCashDrawer@@IEAAJXZ 000000018000cecc f i CashDrawerImpl.obj
 0001:0000c014       ?EventUninit@COPOSCashDrawer@@IEAAXXZ 000000018000d014 f i CashDrawerImpl.obj
 0001:0000c078       ?EventWindowProc@COPOSCashDrawer@@IEAA_JI_K_J@Z 000000018000d078 f i CashDrawerImpl.obj
 0001:0000c170       ?FinalConstruct@COPOSCashDrawer@@QEAAJXZ 000000018000d170 f   CashDrawerImpl.obj
 0001:0000c1ac       ?FreezeEvents@COPOSCashDrawer@@MEAAJH@Z 000000018000d1ac f   CashDrawerImpl.obj
 0001:0000c220       ?GetOposProp@COPOSCashDrawer@@IEAAJJPEAJJ@Z 000000018000d220 f   CashDrawerImpl.obj
 0001:0000c33c       ?GetOposProp@COPOSCashDrawer@@IEAAJJPEAPEA_WJ@Z 000000018000d33c f   CashDrawerImpl.obj
 0001:0000c468       ?OnDraw@COPOSCashDrawer@@MEAAJAEAUATL_DRAWINFO@@@Z 000000018000d468 f   CashDrawerImpl.obj
 0001:0000c554       ?Open@COPOSCashDrawer@@UEAAJPEA_WPEAJ@Z 000000018000d554 f   CashDrawerImpl.obj
 0001:0000cddc       ?OpenDrawer@COPOSCashDrawer@@UEAAJPEAJ@Z 000000018000dddc f   CashDrawerImpl.obj
 0001:0000ce04       ?ReleaseDevice@COPOSCashDrawer@@UEAAJPEAJ@Z 000000018000de04 f   CashDrawerImpl.obj
 0001:0000ce48       ?ResetStatistics@COPOSCashDrawer@@UEAAJPEA_WPEAJ@Z 000000018000de48 f   CashDrawerImpl.obj
 0001:0000ced0       ?RetrieveStatistics@COPOSCashDrawer@@UEAAJPEAPEA_WPEAJ@Z 000000018000ded0 f   CashDrawerImpl.obj
 0001:0000cf58       ?SOProcessID@COPOSCashDrawer@@UEAAJPEAJ@Z 000000018000df58 f   CashDrawerImpl.obj
 0001:0000cf74       ?SetCOFreezeEvents@COPOSCashDrawer@@IEAAXF@Z 000000018000df74 f   CashDrawerImpl.obj
 0001:0000d058       ?SetOposProp@COPOSCashDrawer@@IEAAJJJJ@Z 000000018000e058 f   CashDrawerImpl.obj
 0001:0000d1b8       ?UpdateFirmware@COPOSCashDrawer@@UEAAJPEA_WPEAJ@Z 000000018000e1b8 f   CashDrawerImpl.obj
 0001:0000d240       ?UpdateStatistics@COPOSCashDrawer@@UEAAJPEA_WPEAJ@Z 000000018000e240 f   CashDrawerImpl.obj
 0001:0000d2c8       ?WaitForDrawerClose@COPOSCashDrawer@@UEAAJJJJJPEAJ@Z 000000018000e2c8 f   CashDrawerImpl.obj
 0001:0000d3c4       ?get_BinaryConversion@COPOSCashDrawer@@UEAAJPEAJ@Z 000000018000e3c4 f   CashDrawerImpl.obj
 0001:0000d3d8       ?get_CapCompareFirmwareVersion@COPOSCashDrawer@@UEAAJPEAF@Z 000000018000e3d8 f   CashDrawerImpl.obj
 0001:0000d40c       ?get_CapPowerReporting@COPOSCashDrawer@@UEAAJPEAJ@Z 000000018000e40c f   CashDrawerImpl.obj
 0001:0000d420       ?get_CapStatisticsReporting@COPOSCashDrawer@@UEAAJPEAF@Z 000000018000e420 f   CashDrawerImpl.obj
 0001:0000d454       ?get_CapStatus@COPOSCashDrawer@@UEAAJPEAF@Z 000000018000e454 f   CashDrawerImpl.obj
 0001:0000d484       ?get_CapStatusMultiDrawerDetect@COPOSCashDrawer@@UEAAJPEAF@Z 000000018000e484 f   CashDrawerImpl.obj
 0001:0000d4b8       ?get_CapUpdateFirmware@COPOSCashDrawer@@UEAAJPEAF@Z 000000018000e4b8 f   CashDrawerImpl.obj
 0001:0000d4ec       ?get_CapUpdateStatistics@COPOSCashDrawer@@UEAAJPEAF@Z 000000018000e4ec f   CashDrawerImpl.obj
 0001:0000d520       ?get_CheckHealthText@COPOSCashDrawer@@UEAAJPEAPEA_W@Z 000000018000e520 f   CashDrawerImpl.obj
 0001:0000d530       ?get_Claimed@COPOSCashDrawer@@UEAAJPEAF@Z 000000018000e530 f   CashDrawerImpl.obj
 0001:0000d560       ?get_ControlObjectDescription@COPOSCashDrawer@@UEAAJPEAPEA_W@Z 000000018000e560 f   CashDrawerImpl.obj
 0001:0000d5c4       ?get_ControlObjectVersion@COPOSCashDrawer@@UEAAJPEAJ@Z 000000018000e5c4 f   CashDrawerImpl.obj
 0001:0000d5d0       ?get_DeviceDescription@COPOSCashDrawer@@UEAAJPEAPEA_W@Z 000000018000e5d0 f   CashDrawerImpl.obj
 0001:0000d5e0       ?get_DeviceEnabled@COPOSCashDrawer@@UEAAJPEAF@Z 000000018000e5e0 f   CashDrawerImpl.obj
 0001:0000d610       ?get_DeviceName@COPOSCashDrawer@@UEAAJPEAPEA_W@Z 000000018000e610 f   CashDrawerImpl.obj
 0001:0000d620       ?get_DrawerOpened@COPOSCashDrawer@@UEAAJPEAF@Z 000000018000e620 f   CashDrawerImpl.obj
 0001:0000d650       ?get_FreezeEvents@COPOSCashDrawer@@UEAAJPEAF@Z 000000018000e650 f   CashDrawerImpl.obj
 0001:0000d680       ?get_OpenResult@COPOSCashDrawer@@UEAAJPEAJ@Z 000000018000e680 f   CashDrawerImpl.obj
 0001:0000d68c       ?get_PowerNotify@COPOSCashDrawer@@UEAAJPEAJ@Z 000000018000e68c f   CashDrawerImpl.obj
 0001:0000d6a0       ?get_PowerState@COPOSCashDrawer@@UEAAJPEAJ@Z 000000018000e6a0 f   CashDrawerImpl.obj
 0001:0000d6b4       ?get_ResultCode@COPOSCashDrawer@@UEAAJPEAJ@Z 000000018000e6b4 f   CashDrawerImpl.obj
 0001:0000d6f0       ?get_ResultCodeExtended@COPOSCashDrawer@@UEAAJPEAJ@Z 000000018000e6f0 f   CashDrawerImpl.obj
 0001:0000d700       ?get_ServiceObjectDescription@COPOSCashDrawer@@UEAAJPEAPEA_W@Z 000000018000e700 f   CashDrawerImpl.obj
 0001:0000d710       ?get_ServiceObjectVersion@COPOSCashDrawer@@UEAAJPEAJ@Z 000000018000e710 f   CashDrawerImpl.obj
 0001:0000d720       ?get_State@COPOSCashDrawer@@UEAAJPEAJ@Z 000000018000e720 f   CashDrawerImpl.obj
 0001:0000d74c       ?put_BinaryConversion@COPOSCashDrawer@@UEAAJJ@Z 000000018000e74c f   CashDrawerImpl.obj
 0001:0000d760       ?put_DeviceEnabled@COPOSCashDrawer@@UEAAJF@Z 000000018000e760 f   CashDrawerImpl.obj
 0001:0000d778       ?put_FreezeEvents@COPOSCashDrawer@@UEAAJF@Z 000000018000e778 f   CashDrawerImpl.obj
 0001:0000d7c8       ?put_PowerNotify@COPOSCashDrawer@@UEAAJJ@Z 000000018000e7c8 f   CashDrawerImpl.obj
 0001:0000d7dc       ?s_EventWindowProc@COPOSCashDrawer@@KA_JPEAUHWND__@@I_K_J@Z 000000018000e7dc f i CashDrawerImpl.obj
 0001:0000d858       ??_U@YAPEAX_K@Z            000000018000e858 f   LIBCMT:new_array.obj
 0001:0000d860       ??3@YAXPEAX_K@Z            000000018000e860 f   LIBCMT:delete_scalar_size.obj
 0001:0000d860       ??_V@YAXPEAX@Z             000000018000e860 f   LIBCMT:delete_array.obj
 0001:0000d868       ??_V@YAXPEAX_K@Z           000000018000e868 f   LIBCMT:delete_array_size.obj
 0001:0000d870       __scrt_acquire_startup_lock 000000018000e870 f   LIBCMT:utility.obj
 0001:0000d8ac       __scrt_dllmain_after_initialize_c 000000018000e8ac f   LIBCMT:utility.obj
 0001:0000d8e0       __scrt_dllmain_before_initialize_c 000000018000e8e0 f   LIBCMT:utility.obj
 0001:0000d8f8       __scrt_dllmain_crt_thread_attach 000000018000e8f8 f   LIBCMT:utility.obj
 0001:0000d920       __scrt_dllmain_crt_thread_detach 000000018000e920 f   LIBCMT:utility.obj
 0001:0000d938       __scrt_dllmain_exception_filter 000000018000e938 f   LIBCMT:utility.obj
 0001:0000d998       __scrt_dllmain_uninitialize_c 000000018000e998 f   LIBCMT:utility.obj
 0001:0000d9c8       __scrt_dllmain_uninitialize_critical 000000018000e9c8 f   LIBCMT:utility.obj
 0001:0000d9dc       __scrt_initialize_crt      000000018000e9dc f   LIBCMT:utility.obj
 0001:0000da28       __scrt_initialize_onexit_tables 000000018000ea28 f   LIBCMT:utility.obj
 0001:0000dab4       __scrt_is_nonwritable_in_current_image 000000018000eab4 f   LIBCMT:utility.obj
 0001:0000db4c       __scrt_release_startup_lock 000000018000eb4c f   LIBCMT:utility.obj
 0001:0000db70       __scrt_uninitialize_crt    000000018000eb70 f   LIBCMT:utility.obj
 0001:0000db9c       _onexit                    000000018000eb9c f   LIBCMT:utility.obj
 0001:0000dbd8       atexit                     000000018000ebd8 f   LIBCMT:utility.obj
 0001:0000dbf0       ??3@YAXPEAX@Z              000000018000ebf0 f   LIBCMT:delete_scalar.obj
 0001:0000dcf0       _Init_thread_footer        000000018000ecf0 f   LIBCMT:thread_safe_statics.obj
 0001:0000dd50       _Init_thread_header        000000018000ed50 f   LIBCMT:thread_safe_statics.obj
 0001:0000ddb8       _Init_thread_notify        000000018000edb8 f   LIBCMT:thread_safe_statics.obj
 0001:0000ddfc       _Init_thread_wait          000000018000edfc f   LIBCMT:thread_safe_statics.obj
 0001:0000de60       __raise_securityfailure    000000018000ee60 f   LIBCMT:gs_report.obj
 0001:0000de94       __report_gsfailure         000000018000ee94 f   LIBCMT:gs_report.obj
 0001:0000df68       __report_rangecheckfailure 000000018000ef68 f   LIBCMT:gs_report.obj
 0001:0000df7c       __report_securityfailure   000000018000ef7c f   LIBCMT:gs_report.obj
 0001:0000e0fc       ??2@YAPEAX_KAEBUnothrow_t@std@@@Z 000000018000f0fc f   LIBCMT:new_scalar_nothrow.obj
 0001:0000e11c       ??_U@YAPEAX_KAEBUnothrow_t@std@@@Z 000000018000f11c f   LIBCMT:new_array_nothrow.obj
 0001:0000e124       __GSHandlerCheck           000000018000f124 f   LIBCMT:gshandler.obj
 0001:0000e144       __GSHandlerCheckCommon     000000018000f144 f   LIBCMT:gshandler.obj
 0001:0000e1a0       __GSHandlerCheck_SEH       000000018000f1a0 f   LIBCMT:gshandlerseh.obj
 0001:0000e240       __chkstk                   000000018000f240 f   LIBCMT:chkstk.obj
 0001:0000e240       _alloca_probe              000000018000f240 f   LIBCMT:chkstk.obj
 0001:0000e2b0       __security_check_cookie    000000018000f2b0 f   LIBCMT:amdsecgs.obj
 0001:0000e5f4       _DllMainCRTStartup         000000018000f5f4 f   LIBCMT:dll_dllmain.obj
 0001:0000e634       ??2@YAPEAX_K@Z             000000018000f634 f   LIBCMT:new_scalar.obj
 0001:0000e670       __isa_available_init       000000018000f670 f   LIBCMT:cpu_disp.obj
 0001:0000e7ec       __scrt_is_ucrt_dll_in_use  000000018000f7ec f   LIBCMT:ucrt_detection.obj
 0001:0000e7f8       __crt_debugger_hook        000000018000f7f8 f   LIBCMT:utility_desktop.obj
 0001:0000e800       __scrt_fastfail            000000018000f800 f   LIBCMT:utility_desktop.obj
 0001:0000e94c       __security_init_cookie     000000018000f94c f   LIBCMT:gs_support.obj
 0001:0000e9f8       ?__scrt_initialize_type_info@@YAXXZ 000000018000f9f8 f   LIBCMT:tncleanup.obj
 0001:0000ea08       ?__scrt_uninitialize_type_info@@YAXXZ 000000018000fa08 f   LIBCMT:tncleanup.obj
 0001:0000ea14       __local_stdio_scanf_options 000000018000fa14 f i LIBCMT:default_local_stdio_options.obj
 0001:0000ea1c       __scrt_initialize_default_local_stdio_options 000000018000fa1c f   LIBCMT:default_local_stdio_options.obj
 0001:0000ea38       __scrt_get_dyn_tls_init_callback 000000018000fa38 f   LIBCMT:dyn_tls_init.obj
 0001:0000ea40       _RTC_Initialize            000000018000fa40 f   LIBCMT:initsect.obj
 0001:0000ea7c       _RTC_Terminate             000000018000fa7c f   LIBCMT:initsect.obj
 0001:0000eab8       ??0bad_alloc@std@@QEAA@AEBV01@@Z 000000018000fab8 f i LIBCMT:throw_bad_alloc.obj
 0001:0000eaf4       ??0bad_alloc@std@@QEAA@XZ  000000018000faf4 f i LIBCMT:throw_bad_alloc.obj
 0001:0000eb14       ??0bad_array_new_length@std@@QEAA@AEBV01@@Z 000000018000fb14 f i LIBCMT:throw_bad_alloc.obj
 0001:0000eb50       ??0bad_array_new_length@std@@QEAA@XZ 000000018000fb50 f i LIBCMT:throw_bad_alloc.obj
 0001:0000eb70       ??0exception@std@@QEAA@AEBV01@@Z 000000018000fb70 f i LIBCMT:throw_bad_alloc.obj
 0001:0000eba4       ??1bad_exception@std@@UEAA@XZ 000000018000fba4 f i libvcruntime:frame.obj
 0001:0000eba4       ??1bad_alloc@std@@UEAA@XZ  000000018000fba4 f i LIBCMT:throw_bad_alloc.obj
 0001:0000eba4       ??1bad_array_new_length@std@@UEAA@XZ 000000018000fba4 f i LIBCMT:throw_bad_alloc.obj
 0001:0000ebb8       ??_Gbad_exception@std@@UEAAPEAXI@Z 000000018000fbb8 f i libvcruntime:frame.obj
 0001:0000ebb8       ??_Eexception@std@@UEAAPEAXI@Z 000000018000fbb8 f i LIBCMT:throw_bad_alloc.obj
 0001:0000ebb8       ??_Ebad_exception@std@@UEAAPEAXI@Z 000000018000fbb8 f i libvcruntime:frame.obj
 0001:0000ebb8       ??_Gbad_array_new_length@std@@UEAAPEAXI@Z 000000018000fbb8 f i LIBCMT:throw_bad_alloc.obj
 0001:0000ebb8       ??_Gbad_alloc@std@@UEAAPEAXI@Z 000000018000fbb8 f i LIBCMT:throw_bad_alloc.obj
 0001:0000ebb8       ??_Gexception@std@@UEAAPEAXI@Z 000000018000fbb8 f i LIBCMT:throw_bad_alloc.obj
 0001:0000ebb8       ??_Ebad_array_new_length@std@@UEAAPEAXI@Z 000000018000fbb8 f i LIBCMT:throw_bad_alloc.obj
 0001:0000ebb8       ??_Ebad_alloc@std@@UEAAPEAXI@Z 000000018000fbb8 f i LIBCMT:throw_bad_alloc.obj
 0001:0000ebfc       ?__scrt_throw_std_bad_alloc@@YAXXZ 000000018000fbfc f   LIBCMT:throw_bad_alloc.obj
 0001:0000ec1c       ?__scrt_throw_std_bad_array_new_length@@YAXXZ 000000018000fc1c f   LIBCMT:throw_bad_alloc.obj
 0001:0000ec3c       ?what@exception@std@@UEBAPEBDXZ 000000018000fc3c f i LIBCMT:throw_bad_alloc.obj
 0001:0000ec50       ??_Gtype_info@@UEAAPEAXI@Z 000000018000fc50 f i LIBCMT:std_type_info_static.obj
 0001:0000ec50       ??_Etype_info@@UEAAPEAXI@Z 000000018000fc50 f i LIBCMT:std_type_info_static.obj
 0001:0000ec7c       ??0CAtlBaseModule@ATL@@QEAA@XZ 000000018000fc7c f   atls:atlbase.obj
 0001:0000ed24       ??1CAtlBaseModule@ATL@@QEAA@XZ 000000018000fd24 f   atls:atlbase.obj
 0001:0000ee58       ?__AllocStdCallThunk_cmn@@YAPEAXXZ 000000018000fe58 f   atls:atlthunk.obj
 0001:0000efb0       AtlThunk_AllocateData      000000018000ffb0 f   atls:atlthunk.obj
 0001:0000f02c       AtlThunk_DataToCode        000000018001002c f   atls:atlthunk.obj
 0001:0000f080       AtlThunk_FreeData          0000000180010080 f   atls:atlthunk.obj
 0001:0000f0e0       AtlThunk_InitData          00000001800100e0 f   atls:atlthunk.obj
 0001:0000f188       _purecall                  0000000180010188 f   libvcruntime:purevirt.obj
 0001:0000f1a4       wcsstr                     00000001800101a4 f   libvcruntime:wcsstr.obj
 0001:0000f3d0       memcmp                     00000001800103d0 f   libvcruntime:memcmp.obj
 0001:0000f4b0       memcpy_repmovs             00000001800104b0 f   libvcruntime:memcpy.obj
 0001:0000f4d0       memcpy                     00000001800104d0 f   libvcruntime:memcpy.obj
 0001:0000f4d0       memmove                    00000001800104d0 f   libvcruntime:memcpy.obj
 0001:0000f8c0       memset_repmovs             00000001800108c0 f   libvcruntime:memset.obj
 0001:0000f8e0       memset                     00000001800108e0 f   libvcruntime:memset.obj
 0001:0000fa70       __vcrt_initialize          0000000180010a70 f   libvcruntime:initialization.obj
 0001:0000fa98       __vcrt_thread_attach       0000000180010a98 f   libvcruntime:initialization.obj
 0001:0000faac       __vcrt_thread_detach       0000000180010aac f   libvcruntime:initialization.obj
 0001:0000fac0       __vcrt_uninitialize        0000000180010ac0 f   libvcruntime:initialization.obj
 0001:0000fadc       __vcrt_uninitialize_critical 0000000180010adc f   libvcruntime:initialization.obj
 0001:0000faec       __C_specific_handler       0000000180010aec f   libvcruntime:riscchandler.obj
 0001:0000fcf8       ??$_CallSETranslator@V__FrameHandler3@@@@YAHPEAUEHExceptionRecord@@PEA_KPEAU_CONTEXT@@PEAU_xDISPATCHER_CONTEXT@@PEBU_s_FuncInfo@@K1@Z 0000000180010cf8 f i libvcruntime:risctrnsctrl.obj
 0001:0000fd4c       ?CatchTryBlock@__FrameHandler3@@SAPEBU_s_TryBlockMapEntry@@PEBU_s_FuncInfo@@H@Z 0000000180010d4c f   libvcruntime:risctrnsctrl.obj
 0001:0000fda0       ?ExecutionInCatch@__FrameHandler3@@SA_NPEAU_xDISPATCHER_CONTEXT@@PEBU_s_FuncInfo@@@Z 0000000180010da0 f   libvcruntime:risctrnsctrl.obj
 0001:0000fdcc       ?FrameUnwindToEmptyState@__FrameHandler3@@SAXPEA_KPEAU_xDISPATCHER_CONTEXT@@PEBU_s_FuncInfo@@@Z 0000000180010dcc f   libvcruntime:risctrnsctrl.obj
 0001:0000fe30       ?GetEstablisherFrame@__FrameHandler3@@SAPEA_KPEA_KPEAU_xDISPATCHER_CONTEXT@@PEBU_s_FuncInfo@@0@Z 0000000180010e30 f   libvcruntime:risctrnsctrl.obj
 0001:0000fefc       ?GetRangeOfTrysToCheck@__FrameHandler3@@SA?AU?$pair@Viterator@TryBlockMap@__FrameHandler3@@V123@@std@@AEAVTryBlockMap@1@HPEAU_xDISPATCHER_CONTEXT@@PEBU_s_FuncInfo@@H@Z 0000000180010efc f   libvcruntime:risctrnsctrl.obj
 0001:0001003c       ?UnwindNestedFrames@__FrameHandler3@@SAXPEA_KPEAUEHExceptionRecord@@PEAU_CONTEXT@@0PEAXPEBU_s_FuncInfo@@HHPEBU_s_HandlerType@@PEAU_xDISPATCHER_CONTEXT@@E@Z 000000018001103c f   libvcruntime:risctrnsctrl.obj
 0001:00010160       _CreateFrameInfo           0000000180011160 f   libvcruntime:risctrnsctrl.obj
 0001:0001019c       _FindAndUnlinkFrame        000000018001119c f   libvcruntime:risctrnsctrl.obj
 0001:000101f0       _GetImageBase              00000001800111f0 f   libvcruntime:risctrnsctrl.obj
 0001:00010204       _GetThrowImageBase         0000000180011204 f   libvcruntime:risctrnsctrl.obj
 0001:00010218       _SetImageBase              0000000180011218 f   libvcruntime:risctrnsctrl.obj
 0001:00010230       _SetThrowImageBase         0000000180011230 f   libvcruntime:risctrnsctrl.obj
 0001:00010248       __CxxFrameHandler3         0000000180011248 f   libvcruntime:risctrnsctrl.obj
 0001:000102d0       __std_type_info_compare    00000001800112d0 f   libvcruntime:std_type_info.obj
 0001:000102f8       __std_type_info_destroy_list 00000001800112f8 f   libvcruntime:std_type_info.obj
 0001:00010324       __std_exception_copy       0000000180011324 f   libvcruntime:std_exception.obj
 0001:000103b4       __std_exception_destroy    00000001800113b4 f   libvcruntime:std_exception.obj
[...]
 0004:00001740       $pdata$__acrt_SetThreadStackGuarantee 0000000180033740     libucrt:winapi_thunks.obj
 0004:0000174c       $pdata$?try_get_function@@YAPEAXW4function_id@?A0x391cf84c@@QEBDQEBW4module_id@2@2@Z 000000018003374c     libucrt:winapi_thunks.obj
 0004:00001758       $pdata$wcstol              0000000180033758     libucrt:strtox.obj
 0004:00001764       $pdata$_mbtowc_l           0000000180033764     libucrt:mbtowc.obj
 0004:00001770       $pdata$__acrt_update_locale_info 0000000180033770     libucrt:locale_update.obj
 0004:0000177c       $pdata$__acrt_update_multibyte_info 000000018003377c     libucrt:locale_update.obj
 0004:00001788       $pdata$__acrt_fp_format    0000000180033788     libucrt:cvt.obj
 0004:00001794       $pdata$?fp_format_e_internal@@YAHQEAD_KH_NIQEAU_strflt@@2QEAU__crt_locale_pointers@@@Z 0000000180033794     libucrt:cvt.obj
 0004:000017a0       $pdata$?fp_format_e@@YAHQEBNQEAD_K12H_NIQEAU__crt_locale_pointers@@@Z 00000001800337a0     libucrt:cvt.obj
 0004:000017ac       $pdata$?fp_format_a@@YAHQEBNPEAD_KQEAD2H_NIQEAU__crt_locale_pointers@@@Z 00000001800337ac     libucrt:cvt.obj
 0004:000017b8       $pdata$?fp_format_f_internal@@YAHQEAD_KHQEAU_strflt@@_NQEAU__crt_locale_pointers@@@Z 00000001800337b8     libucrt:cvt.obj
 0004:000017c4       $pdata$?fp_format_g@@YAHQEBNQEAD_K12H_NIQEAU__crt_locale_pointers@@@Z 00000001800337c4     libucrt:cvt.obj
 0004:000017d0       $pdata$_fileno             00000001800337d0     libucrt:fileno.obj
 0004:000017dc       $pdata$__acrt_initialize_stdio 00000001800337dc     libucrt:_file.obj
 0004:000017e8       $pdata$__acrt_uninitialize_stdio 00000001800337e8     libucrt:_file.obj
 0004:000017f4       $pdata$__acrt_uninitialize_locale 00000001800337f4     libucrt:wsetlocale.obj
 0004:00001800       $pdata$??$?RV<lambda_410d79af7f07d98d83a3f525b3859a53>@@AEAV<lambda_3e16ef9562a7dcce91392c22ab16ea36>@@V<lambda_38119f0e861e05405d8a144b9b982f0a>@@@?$__crt_seh_guarded_call@X@@QEAAX$$QEAV<lambda_410d79af7f07d98d83a3f525b3859a53>@@AEAV<lambda_3e16ef9562a7dcce91392c22ab16ea36>@@$$QEAV<lambda_38119f0e861e05405d8a144b9b982f0a>@@@Z 0000000180033800     libucrt:wsetlocale.obj
 0004:0000180c       $pdata$?fin$0@?0???$?RV<lambda_410d79af7f07d98d83a3f525b3859a53>@@AEAV<lambda_3e16ef9562a7dcce91392c22ab16ea36>@@V<lambda_38119f0e861e05405d8a144b9b982f0a>@@@?$__crt_seh_guarded_call@X@@QEAAX$$QEAV<lambda_410d79af7f07d98d83a3f525b3859a53>@@AEAV<lambda_3e16ef9562a7dcce91392c22ab16ea36>@@$$QEAV<lambda_38119f0e861e05405d8a144b9b982f0a>@@@Z@4HA 000000018003380c     libucrt:wsetlocale.obj
 0004:00001818       $pdata$__acrt_initialize_lowio 0000000180033818     libucrt:ioinit.obj
 0004:00001824       $pdata$__acrt_lowio_ensure_fh_exists$fin$0 0000000180033824     libucrt:osfinfo.obj
 0004:00001824       $pdata$__acrt_initialize_lowio$fin$0 0000000180033824     libucrt:ioinit.obj
 0004:00001830       $pdata$__acrt_uninitialize_lowio 0000000180033830     libucrt:ioinit.obj
 0004:0000183c       $pdata$?initialize_inherited_file_handles_nolock@@YAXXZ 000000018003383c     libucrt:ioinit.obj
 0004:00001848       $pdata$?initialize_stdio_handles_nolock@@YAXXZ 0000000180033848     libucrt:ioinit.obj
 0004:00001854       $pdata$__acrt_initialize_locks 0000000180033854     libucrt:locks.obj
 0004:00001860       $pdata$__acrt_uninitialize_locks 0000000180033860     libucrt:locks.obj
 0004:0000186c       $pdata$__acrt_get_process_end_policy 000000018003386c     libucrt:win_policies.obj
 0004:00001878       $pdata$??$__acrt_mbs_to_wcs_cp@U__crt_win32_buffer_internal_dynamic_resizing@@@@YAHQEBDAEAV?$__crt_win32_buffer@_WU__crt_win32_buffer_internal_dynamic_resizing@@@@I@Z 0000000180033878     libucrt:argv_wildcards.obj
 0004:00001884       $pdata$??$__acrt_wcs_to_mbs_cp@U__crt_win32_buffer_internal_dynamic_resizing@@@@YAHQEB_WAEAV?$__crt_win32_buffer@DU__crt_win32_buffer_internal_dynamic_resizing@@@@I@Z 0000000180033884     libucrt:argv_wildcards.obj
 0004:00001890       $pdata$??$common_expand_argv_wildcards@D@@YAHQEAPEADQEAPEAPEAD@Z 0000000180033890     libucrt:argv_wildcards.obj
 0004:0000189c       $pdata$??$copy_and_add_argument_to_buffer@D@@YAHQEBD0_KAEAV?$argument_list@D@?A0x5f5c8891@@@Z 000000018003389c     libucrt:argv_wildcards.obj
 0004:000018a8       $pdata$??$expand_argument_wildcards@D@@YAHQEAD0AEAV?$argument_list@D@?A0x5f5c8891@@@Z 00000001800338a8     libucrt:argv_wildcards.obj
 0004:000018b4       $pdata$__acrt_GetModuleFileNameA 00000001800338b4     libucrt:getmodulefilenamea.obj
 0004:000018c0       $pdata$??$__acrt_wcs_to_mbs_cp@U__crt_win32_buffer_no_resizing@@@@YAHQEB_WAEAV?$__crt_win32_buffer@DU__crt_win32_buffer_no_resizing@@@@I@Z 00000001800338c0     libucrt:getmodulefilenamea.obj
 0004:000018cc       $pdata$__acrt_update_thread_multibyte_data 00000001800338cc     libucrt:mbctype.obj
 0004:000018d8       $pdata$__acrt_initialize_multibyte 00000001800338d8     libucrt:mbctype.obj
 0004:000018e4       $pdata$_setmbcp_nolock     00000001800338e4     libucrt:mbctype.obj
 0004:000018f0       $pdata$?getSystemCP@@YAHH@Z 00000001800338f0     libucrt:mbctype.obj
 0004:000018fc       $pdata$?setSBCS@@YAXPEAU__crt_multibyte_data@@@Z 00000001800338fc     libucrt:mbctype.obj
 0004:00001908       $pdata$?update_thread_multibyte_data_internal@@YAPEAU__crt_multibyte_data@@QEAU__acrt_ptd@@QEAPEAU1@@Z 0000000180033908     libucrt:mbctype.obj
 0004:00001914       $pdata$?fin$0@?0??update_thread_multibyte_data_internal@@YAPEAU__crt_multibyte_data@@QEAU__acrt_ptd@@QEAPEAU1@@Z@4HA 0000000180033914     libucrt:mbctype.obj
 0004:00001920       $pdata$?setmbcp_internal@@YAHH_NQEAU__acrt_ptd@@QEAPEAU__crt_multibyte_data@@@Z 0000000180033920     libucrt:mbctype.obj
 0004:0000192c       $pdata$?setSBUpLow@@YAXPEAU__crt_multibyte_data@@@Z 000000018003392c     libucrt:mbctype.obj
 0004:00001938       $pdata$??$?RV<lambda_efdfa57d1f175319df784efa44bb7b81>@@AEAV<lambda_5f0a4c1567f8adc6734073e5d1e1b35c>@@V<lambda_2e8a7d3640ea6ccb4c2413664c2db6fd>@@@?$__crt_seh_guarded_call@X@@QEAAX$$QEAV<lambda_efdfa57d1f175319df784efa44bb7b81>@@AEAV<lambda_5f0a4c1567f8adc6734073e5d1e1b35c>@@$$QEAV<lambda_2e8a7d3640ea6ccb4c2413664c2db6fd>@@@Z 0000000180033938     libucrt:mbctype.obj
 0004:00001944       $pdata$?x_ismbbtype_l@@YAHPEAU__crt_locale_pointers@@IHH@Z 0000000180033944     libucrt:ismbbyte.obj
 0004:00001950       $pdata$__acrt_initialize_command_line 0000000180033950     libucrt:argv_data.obj
 0004:0000195c       $pdata$__acrt_WideCharToMultiByte 000000018003395c     libucrt:widechartomultibyte.obj
 0004:00001968       $pdata$__dcrt_get_narrow_environment_from_os 0000000180033968     libucrt:get_environment_from_os.obj
 0004:00001974       $pdata$__acrt_initialize_heap 0000000180033974     libucrt:heap_handle.obj
 0004:00001980       $pdata$__acrt_execute_initializers 0000000180033980     libucrt:shared_initialization.obj
 0004:0000198c       $pdata$__acrt_execute_uninitializers 000000018003398c     libucrt:shared_initialization.obj
 0004:00001998       $pdata$__acrt_get_sigabrt_handler 0000000180033998     libucrt:signal.obj
 0004:000019a4       $pdata$raise               00000001800339a4     libucrt:signal.obj
 0004:000019b0       $pdata$raise$fin$0         00000001800339b0     libucrt:signal.obj
 0004:000019bc       $pdata$??$?RV<lambda_450d765d439847d4c735a33c368b5fc0>@@AEAV<lambda_44731a7d0e6d81c3e6aa82d741081786>@@V<lambda_601a2a7da3b7a96e9554ac7215c4b07c>@@@?$__crt_seh_guarded_call@P6AXH@Z@@QEAAP6AXH@Z$$QEAV<lambda_450d765d439847d4c735a33c368b5fc0>@@AEAV<lambda_44731a7d0e6d81c3e6aa82d741081786>@@$$QEAV<lambda_601a2a7da3b7a96e9554ac7215c4b07c>@@@Z 00000001800339bc     libucrt:signal.obj
 0004:000019c8       $pdata$_fflush_nolock      00000001800339c8     libucrt:fflush.obj
 0004:000019d4       $pdata$__acrt_stdio_flush_nolock 00000001800339d4     libucrt:fflush.obj
 0004:000019e0       $pdata$?common_flush_all@@YAH_N@Z 00000001800339e0     libucrt:fflush.obj
 0004:000019ec       $pdata$??$?RV<lambda_842d9ff0dc9ef11c61343bbaebe7f885>@@AEAV<lambda_c5860995281e5c4ce005b3de8f5874ee>@@V<lambda_d90129c13df834fdcbf8d2b88dafcf2d>@@@?$__crt_seh_guarded_call@X@@QEAAX$$QEAV<lambda_842d9ff0dc9ef11c61343bbaebe7f885>@@AEAV<lambda_c5860995281e5c4ce005b3de8f5874ee>@@$$QEAV<lambda_d90129c13df834fdcbf8d2b88dafcf2d>@@@Z 00000001800339ec     libucrt:fflush.obj
 0004:000019f8       $pdata$?fin$0@?0???$?RV<lambda_842d9ff0dc9ef11c61343bbaebe7f885>@@AEAV<lambda_c5860995281e5c4ce005b3de8f5874ee>@@V<lambda_d90129c13df834fdcbf8d2b88dafcf2d>@@@?$__crt_seh_guarded_call@X@@QEAAX$$QEAV<lambda_842d9ff0dc9ef11c61343bbaebe7f885>@@AEAV<lambda_c5860995281e5c4ce005b3de8f5874ee>@@$$QEAV<lambda_d90129c13df834fdcbf8d2b88dafcf2d>@@@Z@4HA 00000001800339f8     libucrt:fflush.obj
 0004:00001a04       $pdata$??$?RV<lambda_886d6c58226a84441f68b9f2b8217b83>@@AEAV<lambda_ab61a845afdef5b7c387490eaf3616ee>@@V<lambda_f7f22ab5edc0698d5f6905b0d3f44752>@@@?$__crt_seh_guarded_call@X@@QEAAX$$QEAV<lambda_886d6c58226a84441f68b9f2b8217b83>@@AEAV<lambda_ab61a845afdef5b7c387490eaf3616ee>@@$$QEAV<lambda_f7f22ab5edc0698d5f6905b0d3f44752>@@@Z 0000000180033a04     libucrt:fflush.obj
 0004:00001a10       $pdata$?fin$0@?0???$?RV<lambda_886d6c58226a84441f68b9f2b8217b83>@@AEAV<lambda_ab61a845afdef5b7c387490eaf3616ee>@@V<lambda_f7f22ab5edc0698d5f6905b0d3f44752>@@@?$__crt_seh_guarded_call@X@@QEAAX$$QEAV<lambda_886d6c58226a84441f68b9f2b8217b83>@@AEAV<lambda_ab61a845afdef5b7c387490eaf3616ee>@@$$QEAV<lambda_f7f22ab5edc0698d5f6905b0d3f44752>@@@Z@4HA 0000000180033a10     libucrt:fflush.obj
 0004:00001a1c       $pdata$__pctype_func       0000000180033a1c     libucrt:ctype.obj
 0004:00001a28       $pdata$iswctype            0000000180033a28     libucrt:iswctype.obj
 0004:00001a34       $pdata$__acrt_release_locale_ref 0000000180033a34     libucrt:locale_refcounting.obj
 0004:00001a40       $pdata$__acrt_free_locale  0000000180033a40     libucrt:locale_refcounting.obj
 0004:00001a4c       $pdata$__acrt_locale_free_lc_time_if_unreferenced 0000000180033a4c     libucrt:locale_refcounting.obj
 0004:00001a58       $pdata$__acrt_update_thread_locale_data 0000000180033a58     libucrt:locale_refcounting.obj
 0004:00001a64       $pdata$__acrt_update_thread_locale_data$fin$0 0000000180033a64     libucrt:locale_refcounting.obj
 0004:00001a70       $pdata$_updatetlocinfoEx_nolock 0000000180033a70     libucrt:locale_refcounting.obj
 0004:00001a7c       $pdata$__acrt_DownlevelLocaleNameToLCID 0000000180033a7c     libucrt:lcidtoname_downlevel.obj
 0004:00001a88       $pdata$_isleadbyte_l       0000000180033a88     libucrt:_wctype.obj
 0004:00001a94       $pdata$?__mbrtowc_utf8@__crt_mbstring@@YA_KPEA_WPEBD_KPEAU_Mbstatet@@@Z 0000000180033a94     libucrt:mbrtowc.obj
 0004:00001aa0       $pdata$?__mbsrtowcs_utf8@__crt_mbstring@@YA_KPEA_WPEAPEBD_KPEAU_Mbstatet@@@Z 0000000180033aa0     libucrt:mbrtowc.obj
 0004:00001aac       $pdata$__acrt_fp_strflt_to_string 0000000180033aac     libucrt:_fptostr.obj
 0004:00001ab8       $pdata$__acrt_fltout       0000000180033ab8     libucrt:cfout.obj
 0004:00001ac4       $pdata$?divide@__crt_strtox@@YA_KAEAUbig_integer@1@AEBU21@@Z 0000000180033ac4     libucrt:cfout.obj
 0004:00001ad0       $pdata$0$?divide@__crt_strtox@@YA_KAEAUbig_integer@1@AEBU21@@Z 0000000180033ad0     libucrt:cfout.obj
 0004:00001adc       $pdata$1$?divide@__crt_strtox@@YA_KAEAUbig_integer@1@AEBU21@@Z 0000000180033adc     libucrt:cfout.obj
 0004:00001ae8       $pdata$_fcloseall          0000000180033ae8     libucrt:closeall.obj
 0004:00001af4       $pdata$_fcloseall$fin$0    0000000180033af4     libucrt:closeall.obj
 0004:00001b00       $pdata$__acrt_stdio_free_buffer_nolock 0000000180033b00     libucrt:_freebuf.obj
 0004:00001b0c       $pdata$_isatty             0000000180033b0c     libucrt:isatty.obj
 0004:00001b18       $pdata$__acrt_locale_free_monetary 0000000180033b18     libucrt:initmon.obj
 0004:00001b24       $pdata$__acrt_locale_free_numeric 0000000180033b24     libucrt:initnum.obj
 0004:00001b30       $pdata$__acrt_locale_free_time 0000000180033b30     libucrt:inittime.obj
 0004:00001b3c       $pdata$?free_crt_array_internal@@YAXQEAPEBX_K@Z 0000000180033b3c     libucrt:inittime.obj
 0004:00001b48       $pdata$__acrt_GetStringTypeA 0000000180033b48     libucrt:getstringtypea.obj
 0004:00001b54       $pdata$_get_osfhandle      0000000180033b54     libucrt:osfinfo.obj
 0004:00001b60       $pdata$_free_osfhnd        0000000180033b60     libucrt:osfinfo.obj
 0004:00001b6c       $pdata$__acrt_lowio_create_handle_array 0000000180033b6c     libucrt:osfinfo.obj
 0004:00001b78       $pdata$__acrt_lowio_destroy_handle_array 0000000180033b78     libucrt:osfinfo.obj
 0004:00001b84       $pdata$__acrt_lowio_ensure_fh_exists 0000000180033b84     libucrt:osfinfo.obj
 0004:00001b90       $pdata$qsort               0000000180033b90     libucrt:qsort.obj
 0004:00001b9c       $pdata$4$qsort             0000000180033b9c     libucrt:qsort.obj
 0004:00001ba8       $pdata$5$qsort             0000000180033ba8     libucrt:qsort.obj
 0004:00001bb4       $pdata$strncpy_s           0000000180033bb4     libucrt:strncpy_s.obj
 0004:00001bc0       $pdata$strpbrk             0000000180033bc0     libucrt:strpbrk.obj
 0004:00001bcc       $pdata$fallbackMethod      0000000180033bcc     libucrt:strpbrk.obj
 0004:00001bd8       $pdata$_mbsdec_l           0000000180033bd8     libucrt:mbsdec.obj
 0004:00001be4       $pdata$__acrt_LCMapStringA 0000000180033be4     libucrt:lcmapstringa.obj
 0004:00001bf0       $pdata$?__acrt_LCMapStringA_stat@@YAHPEAU__crt_locale_pointers@@PEB_WKPEBDHPEADHHH@Z 0000000180033bf0     libucrt:lcmapstringa.obj
 0004:00001bfc       $pdata$?initialize_multibyte@@YAHXZ 0000000180033bfc     libucrt:multibyte_initializer.obj
 0004:00001c08       $pdata$_commit             0000000180033c08     libucrt:commit.obj
 0004:00001c14       $pdata$??$?RV<lambda_a37b2b86f63e897a80ea819b0eb08c01>@@AEAV<lambda_38ce7e780aa69e748d6df282ebc68efe>@@V<lambda_99fb1378e971ab6e7edea83e3a7a83a2>@@@?$__crt_seh_guarded_call@H@@QEAAH$$QEAV<lambda_a37b2b86f63e897a80ea819b0eb08c01>@@AEAV<lambda_38ce7e780aa69e748d6df282ebc68efe>@@$$QEAV<lambda_99fb1378e971ab6e7edea83e3a7a83a2>@@@Z 0000000180033c14     libucrt:commit.obj
 0004:00001c20       $pdata$?fin$0@?0???$?RV<lambda_a37b2b86f63e897a80ea819b0eb08c01>@@AEAV<lambda_38ce7e780aa69e748d6df282ebc68efe>@@V<lambda_99fb1378e971ab6e7edea83e3a7a83a2>@@@?$__crt_seh_guarded_call@H@@QEAAH$$QEAV<lambda_a37b2b86f63e897a80ea819b0eb08c01>@@AEAV<lambda_38ce7e780aa69e748d6df282ebc68efe>@@$$QEAV<lambda_99fb1378e971ab6e7edea83e3a7a83a2>@@@Z@4HA 0000000180033c20     libucrt:commit.obj
 0004:00001c20       $pdata$?fin$0@?0???$?RV<lambda_751a882b2c74d4b022dec766aa51a29a>@@AEAV<lambda_628dfdc04ba53c8bfc02c9951375f3f5>@@V<lambda_f6c7be5f7998530c34de24c7437d6b54>@@@?$__crt_seh_guarded_call@H@@QEAAH$$QEAV<lambda_751a882b2c74d4b022dec766aa51a29a>@@AEAV<lambda_628dfdc04ba53c8bfc02c9951375f3f5>@@$$QEAV<lambda_f6c7be5f7998530c34de24c7437d6b54>@@@Z@4HA 0000000180033c20     libucrt:close.obj
 0004:00001c2c       $pdata$_write              0000000180033c2c     libucrt:write.obj
 0004:00001c38       $pdata$_write$fin$0        0000000180033c38     libucrt:write.obj
 0004:00001c44       $pdata$_write_nolock       0000000180033c44     libucrt:write.obj
 0004:00001c50       $pdata$?write_double_translated_ansi_nolock@@YA?AUwrite_result@?A0x17268360@@HQEBDI@Z 0000000180033c50     libucrt:write.obj
 0004:00001c5c       $pdata$?write_text_ansi_nolock@@YA?AUwrite_result@?A0x17268360@@HQEBDI@Z 0000000180033c5c     libucrt:write.obj
 0004:00001c68       $pdata$?write_text_utf16le_nolock@@YA?AUwrite_result@?A0x17268360@@HQEBDI@Z 0000000180033c68     libucrt:write.obj
 0004:00001c74       $pdata$?write_text_utf8_nolock@@YA?AUwrite_result@?A0x17268360@@HQEBDI@Z 0000000180033c74     libucrt:write.obj
 0004:00001c80       $pdata$?__mbrtoc32_utf8@__crt_mbstring@@YA_KPEA_UPEBD_KPEAU_Mbstatet@@@Z 0000000180033c80     libucrt:mbrtoc32.obj
 0004:00001c8c       $pdata$fegetenv            0000000180033c8c     libucrt:fegetenv.obj
 0004:00001c98       $pdata$fesetenv            0000000180033c98     libucrt:fesetenv.obj
 0004:00001ca4       $pdata$feholdexcept        0000000180033ca4     libucrt:feholdexcept.obj
 0004:00001cbc       $pdata$??$common_lseek_nolock@_J@@YA_JH_JH@Z 0000000180033cbc     libucrt:lseek.obj
 0004:00001cc8       $pdata$fclose              0000000180033cc8     libucrt:fclose.obj
 0004:00001cd4       $pdata$fclose$fin$0        0000000180033cd4     libucrt:fclose.obj
 0004:00001ce0       $pdata$_fclose_nolock      0000000180033ce0     libucrt:fclose.obj
 0004:00001cec       $pdata$_putwch_nolock      0000000180033cec     libucrt:putwch.obj
 0004:00001cf8       $pdata$__acrt_fenv_set_control 0000000180033cf8     libucrt:_fenvutils.obj
 0004:00001d04       $pdata$_clearfp            0000000180033d04     libucrt:ieee.obj
 0004:00001d10       $pdata$_call_matherr       0000000180033d10     libucrt:libm_error.obj
 0004:00001d1c       $pdata$_exception_enabled  0000000180033d1c     libucrt:libm_error.obj
 0004:00001d28       $pdata$_handle_error       0000000180033d28     libucrt:libm_error.obj
 0004:00001d34       $pdata$__acrt_initialize_fma3 0000000180033d34     libucrt:fma3_available.obj
 0004:00001d40       $pdata$_log_special_common 0000000180033d40     libucrt:log_special.obj
 0004:00001d4c       $pdata$_log10_special      0000000180033d4c     libucrt:log_special.obj
 0004:00001d58       $pdata$_close              0000000180033d58     libucrt:close.obj
 0004:00001d64       $pdata$_close_nolock       0000000180033d64     libucrt:close.obj
 0004:00001d70       $pdata$??$?RV<lambda_751a882b2c74d4b022dec766aa51a29a>@@AEAV<lambda_628dfdc04ba53c8bfc02c9951375f3f5>@@V<lambda_f6c7be5f7998530c34de24c7437d6b54>@@@?$__crt_seh_guarded_call@H@@QEAAH$$QEAV<lambda_751a882b2c74d4b022dec766aa51a29a>@@AEAV<lambda_628dfdc04ba53c8bfc02c9951375f3f5>@@$$QEAV<lambda_f6c7be5f7998530c34de24c7437d6b54>@@@Z 0000000180033d70     libucrt:close.obj
 0004:00001d7c       $pdata$__dcrt_lowio_ensure_console_output_initialized 0000000180033d7c     libucrt:initcon.obj
 0004:00001d88       $pdata$__dcrt_write_console 0000000180033d88     libucrt:initcon.obj
 0004:00001d94       $pdata$__dcrt_terminate_console_output 0000000180033d94     libucrt:initcon.obj
 0004:00001dac       $pdata$_set_errno_from_matherr 0000000180033dac     libucrt:fpexcept.obj
 0004:00001db8       $pdata$_raise_exc          0000000180033db8     libucrt:fpexcept.obj
 0004:00001dc4       $pdata$_raise_exc_ex       0000000180033dc4     libucrt:fpexcept.obj
 0004:00001dd0       $pdata$_clrfp              0000000180033dd0     libucrt:fpctrl.obj
 0004:00001ddc       $pdata$_ctrlfp             0000000180033ddc     libucrt:fpctrl.obj
 0004:00001de8       $pdata$_ctrlfp$filt$0      0000000180033de8     libucrt:fpctrl.obj
 0004:00001df4       $pdata$_statfp             0000000180033df4     libucrt:fpctrl.obj
 0004:00001e00       $pdata$_set_statfp         0000000180033e00     libucrt:fpctrl.obj
 0004:00001e0c       $pdata$_IsNonwritableInCurrentImage 0000000180033e0c     LIBCMT:pesect.obj
 0004:00001e18       $pdata$_IsNonwritableInCurrentImage$filt$0 0000000180033e18     LIBCMT:pesect.obj
 0005:00000000       MoveSmall                  0000000180034000     libvcruntime:memcpy.obj
 0005:00000050       MsetTab                    0000000180034050     libvcruntime:memset.obj
 0006:00000220       $R000000                   0000000180035220     CashDrawer.res
 0006:00000b90       $R000970                   0000000180035b90     CashDrawer.res
 0006:00000c78       $R000A58                   0000000180035c78     CashDrawer.res
 0006:00000ee0       $R000CC0                   0000000180035ee0     CashDrawer.res
 0006:00001408       $R0011E8                   0000000180036408     CashDrawer.res
 0006:000038b8       $R003698                   00000001800388b8     CashDrawer.res
 0006:000038f0       $R0036D0                   00000001800388f0     CashDrawer.res
