 OPOSElectronicJournal

 Timestamp is 5c4437e6 (Sun Jan 20 17:57:10 2019)

 Preferred load address is 0000000180000000

 Start         Length     Name                   Class
 0001:00000000 000000c0H .text$di                CODE
 0001:000000c0 000204c0H .text$mn                CODE
 0001:00020580 00000020H .text$mn$00             CODE
 0001:000205a0 00000410H .text$x                 CODE
 0001:000209b0 000000c0H .text$yd                CODE
 0002:00000000 00000620H .idata$5                DATA
 0002:00000620 00000010H .00cfg                  DATA
 0002:00000630 00000008H .CRT$XCA                DATA
 0002:00000638 00000008H .CRT$XCL                DATA
 0002:00000640 00000020H .CRT$XCU                DATA
 0002:00000660 00000008H .CRT$XCZ                DATA
 0002:00000668 00000008H .CRT$XIA                DATA
 0002:00000670 00000020H .CRT$XIC                DATA
 0002:00000690 00000008H .CRT$XIZ                DATA
 0002:00000698 00000008H .CRT$XLA                DATA
 0002:000006a0 00000008H .CRT$XLZ                DATA
 0002:000006a8 00000008H .CRT$XPA                DATA
 0002:000006b0 00000010H .CRT$XPX                DATA
 0002:000006c0 00000008H .CRT$XPXA               DATA
 0002:000006c8 00000008H .CRT$XPZ                DATA
 0002:000006d0 00000008H .CRT$XTA                DATA
 0002:000006d8 00000008H .CRT$XTZ                DATA
 0002:000006e0 00000000H .gfids$x                DATA
 0002:000006e0 00000000H .gfids$y                DATA
 0002:000006e0 0000a4a0H .rdata                  DATA
 0002:0000ab80 00000028H .rdata$T                DATA
 0002:0000aba8 00000274H .rdata$r                DATA
 0002:0000ae1c 00000404H .rdata$zzzdbg           DATA
 0002:0000b220 00000008H .rtc$IAA                DATA
 0002:0000b228 00000008H .rtc$IZZ                DATA
 0002:0000b230 00000008H .rtc$TAA                DATA
 0002:0000b238 00000008H .rtc$TZZ                DATA
 0002:0000b240 00000004H .tls                    DATA
 0002:0000b244 00000004H .tls$                   DATA
 0002:0000b248 00000008H .tls$ZZZ                DATA
 0002:0000b250 000016c0H .xdata                  DATA
 0002:0000c910 00000150H .xdata$x                DATA
 0002:0000ca60 00000008H ATL$__a                 DATA
 0002:0000ca68 00000008H ATL$__z                 DATA
 0002:0000ca70 000000b4H .edata                  DATA
 0002:0000cb24 00000078H .idata$2                DATA
 0002:0000cb9c 00000014H .idata$3                DATA
 0002:0000cbb0 00000620H .idata$4                DATA
 0002:0000d1d0 00000c3aH .idata$6                DATA
 0003:00000000 00000ce8H .data                   DATA
 0003:00000ce8 000000c8H .data$r                 DATA
 0003:00000db0 000013d4H .bss                    DATA
 0004:00000000 00002040H .pdata                  DATA
 0005:00000000 00000220H .rsrc$01                DATA
 0005:00000220 00005070H .rsrc$02                DATA

  Address         Publics by Value              Rva+Base               Lib:Object

 0000:00000000       __guard_fids_count         0000000000000000     <absolute>
 0000:00000000       __guard_longjmp_count      0000000000000000     <absolute>
 0000:00000000       __guard_longjmp_table      0000000000000000     <absolute>
 0000:00000000       __hybrid_code_map          0000000000000000     <absolute>
 0000:00000000       __guard_iat_count          0000000000000000     <absolute>
 0000:00000000       __guard_iat_table          0000000000000000     <absolute>
 0000:00000000       __volatile_metadata        0000000000000000     <absolute>
 0000:00000000       __hybrid_code_map_count    0000000000000000     <absolute>
 0000:00000000       __enclave_config           0000000000000000     <absolute>
 0000:00000000       ___safe_se_handler_count   0000000000000000     <absolute>
 0000:00000000       ___safe_se_handler_table   0000000000000000     <absolute>
 0000:00000000       __guard_fids_table         0000000000000000     <absolute>
 0000:00000000       __hybrid_auxiliary_iat     0000000000000000     <absolute>
 0000:00000000       __dynamic_value_reloc_table 0000000000000000     <absolute>
 0000:00000100       __guard_flags              0000000000000100     <absolute>
 0000:00000000       __ImageBase                0000000180000000     <linker-defined>
 0001:000000c0       ?DupWide@_CW@@AEAAXXZ      00000001800010c0 f   CWString.obj
 0001:000000e8       ?cw_dup@@YAXPEBDAEAHAEAPEA_W1@Z 00000001800010e8 f   CWString.obj
 0001:00000194       ?cw_memcpy@@YAHPEA_WPEBDH@Z 0000000180001194 f   CWString.obj
 0001:000001e0       ?cw_strcpy@@YAHPEA_WPEBD@Z 00000001800011e0 f   CWString.obj
 0001:000001f4       ??0CAtlComModule@ATL@@QEAA@XZ 00000001800011f4 f i OposVariant.obj
 0001:0000027c       ??0CAtlWinModule@ATL@@QEAA@XZ 000000018000127c f i OposVariant.obj
 0001:000002f4       ??0OposDispParms@@QEAA@PEAVOposVariant@@H@Z 00000001800012f4 f   OposVariant.obj
 0001:0000039c       ??1OposDispParms@@QEAA@XZ  000000018000139c f   OposVariant.obj
 0001:000003b4       ??_Estringdispid@CComTypeInfoHolder@ATL@@QEAAPEAXI@Z 00000001800013b4 f i OposVariant.obj
 0001:00000458       ?AtlWinModuleTerm@ATL@@YAJPEAU_ATL_WIN_MODULE70@1@PEAUHINSTANCE__@@@Z 0000000180001458 f i OposVariant.obj
 0001:00000508       ?ChangeBSTR@OposVariant@@QEAAXPEAPEA_WAEAJ@Z 0000000180001508 f   OposVariant.obj
 0001:00000568       ?ChangeCURRENCY@OposVariant@@QEAAXPEATtagCY@@AEAJ@Z 0000000180001568 f   OposVariant.obj
 0001:000005c8       ?ChangeLONG@OposVariant@@QEAAXPEAJAEAJ@Z 00000001800015c8 f   OposVariant.obj
 0001:00000624       ?GetLONG@OposVariant@@QEAAJXZ 0000000180001624 f   OposVariant.obj
 0001:00000648       ?SetBSTR@OposVariant@@QEAAXPEA_WAEAJ@Z 0000000180001648 f   OposVariant.obj
 0001:00000688       ?SetBSTR_Copy@OposVariant@@QEAAXPEA_WAEAJ@Z 0000000180001688 f   OposVariant.obj
 0001:000006f8       ?SetBSTR_InOutPtr@OposVariant@@QEAA_NPEAPEA_WAEAJ@Z 00000001800016f8 f   OposVariant.obj
 0001:00000748       ?SetBSTR_OutPtr@OposVariant@@QEAA_NPEAPEA_WAEAJ@Z 0000000180001748 f   OposVariant.obj
 0001:00000764       ?SetDispatch_Ptr@OposVariant@@QEAAXPEAUIDispatch@@AEAJ@Z 0000000180001764 f   OposVariant.obj
 0001:000007bc       ?SetLONG@OposVariant@@QEAAXJ@Z 00000001800017bc f   OposVariant.obj
 0001:000007ec       ?SetLONG_Ptr@OposVariant@@QEAAXPEAJAEAJ@Z 00000001800017ec f   OposVariant.obj
 0001:00000838       ?SetString@OposVariant@@QEAAXPEB_WAEAJ@Z 0000000180001838 f   OposVariant.obj
 0001:0000089c       ?SetVARIANT_BOOL@OposVariant@@QEAAXF@Z 000000018000189c f   OposVariant.obj
 0001:000008d4       ?Term@CAtlComModule@ATL@@QEAAXXZ 00000001800018d4 f i OposVariant.obj
 0001:00000944       ?_AtlInitializeCriticalSectionEx@ATL@@YAHPEAU_RTL_CRITICAL_SECTION@@KK@Z 0000000180001944 f i OposVariant.obj
 0001:0000094c       ?_AtlRaiseException@ATL@@YAXKK@Z 000000018000194c f i OposVariant.obj
 0001:0000095c       ?AddRef@?$CComAggObject@VCOPOSElectronicJournal@@@ATL@@UEAAKXZ 000000018000195c f i ElectronicJournal.obj
 0001:00000968       ?Release@?$CComAggObject@VCOPOSElectronicJournal@@@ATL@@UEAAKXZ 0000000180001968 f i ElectronicJournal.obj
 0001:000009bc       ?QueryInterface@?$CComAggObject@VCOPOSElectronicJournal@@@ATL@@UEAAJAEBU_GUID@@PEAPEAX@Z 00000001800019bc f i ElectronicJournal.obj
 0001:00000a1c       ?AddRef@?$CComContainedObject@VCOPOSElectronicJournal@@@ATL@@UEAAKXZ 0000000180001a1c f i ElectronicJournal.obj
 0001:00000a2c       ?Release@?$CComContainedObject@VCOPOSElectronicJournal@@@ATL@@UEAAKXZ 0000000180001a2c f i ElectronicJournal.obj
 0001:00000a3c       ?QueryInterface@?$CComContainedObject@VCOPOSElectronicJournal@@@ATL@@UEAAJAEBU_GUID@@PEAPEAX@Z 0000000180001a3c f i ElectronicJournal.obj
 0001:00000a4c       ??_E?$CComAggObject@VCOPOSElectronicJournal@@@ATL@@UEAAPEAXI@Z 0000000180001a4c f i ElectronicJournal.obj
 0001:00000a4c       ??_G?$CComAggObject@VCOPOSElectronicJournal@@@ATL@@UEAAPEAXI@Z 0000000180001a4c f i ElectronicJournal.obj
 0001:00000aa4       ?AddRef@?$CComObject@VCOPOSElectronicJournal@@@ATL@@UEAAKXZ 0000000180001aa4 f i ElectronicJournal.obj
 0001:00000ab4       ?Release@?$CComObject@VCOPOSElectronicJournal@@@ATL@@UEAAKXZ 0000000180001ab4 f i ElectronicJournal.obj
 0001:00000b0c       ?QueryInterface@?$CComObject@VCOPOSElectronicJournal@@@ATL@@UEAAJAEBU_GUID@@PEAPEAX@Z 0000000180001b0c f i ElectronicJournal.obj
 0001:00000b20       _guard_check_icall_nop     0000000180001b20 f i LIBCMT:guard_support.obj
 0001:00000b20       ?OnFinalMessage@?$CWindowImplBaseT@VCWindow@ATL@@V?$CWinTraits@$0FGAAAAAA@$0A@@2@@ATL@@UEAAXPEAUHWND__@@@Z 0000000180001b20 f i ElectronicJournal.obj
 0001:00000b20       ?ObjectMain@CComObjectRootBase@ATL@@SAX_N@Z 0000000180001b20 f i ElectronicJournal.obj
 0001:00000b24       ?Release@CRegObject@ATL@@UEAAKXZ 0000000180001b24 f i ElectronicJournal.obj
 0001:00000b24       ?OnAmbientPropertyChange@?$IOleControlImpl@VCOPOSElectronicJournal@@@ATL@@UEAAJJ@Z 0000000180001b24 f i ElectronicJournal.obj
 0001:00000b24       ?SetHostNames@?$IOleObjectImpl@VCOPOSElectronicJournal@@@ATL@@UEAAJPEB_W0@Z 0000000180001b24 f i ElectronicJournal.obj
 0001:00000b24       ?HandsOffStorage@?$IPersistStorageImpl@VCOPOSElectronicJournal@@@ATL@@UEAAJXZ 0000000180001b24 f i ElectronicJournal.obj
 0001:00000b24       ?GetCategoryMap@CComObjectRootBase@ATL@@SAPEBU_ATL_CATMAP_ENTRY@2@XZ 0000000180001b24 f i ElectronicJournal.obj
 0001:00000b24       ?OnFrameWindowActivate@?$IOleInPlaceActiveObjectImpl@VCOPOSElectronicJournal@@@ATL@@UEAAJH@Z 0000000180001b24 f i ElectronicJournal.obj
 0001:00000b24       ?EnableModeless@?$IOleInPlaceActiveObjectImpl@VCOPOSElectronicJournal@@@ATL@@UEAAJH@Z 0000000180001b24 f i ElectronicJournal.obj
 0001:00000b24       ?GetObjectDescription@?$CComCoClass@VCOPOSElectronicJournal@@$1?CLSID_OPOSElectronicJournal@@3U_GUID@@B@ATL@@SAPEB_WXZ 0000000180001b24 f i ElectronicJournal.obj
 0001:00000b24       ?IsUpToDate@?$IOleObjectImpl@VCOPOSElectronicJournal@@@ATL@@UEAAJXZ 0000000180001b24 f i ElectronicJournal.obj
 0001:00000b24       ?Update@?$IOleObjectImpl@VCOPOSElectronicJournal@@@ATL@@UEAAJXZ 0000000180001b24 f i ElectronicJournal.obj
 0001:00000b24       ?ResizeBorder@?$IOleInPlaceActiveObjectImpl@VCOPOSElectronicJournal@@@ATL@@UEAAJPEBUtagRECT@@PEAUIOleInPlaceUIWindow@@H@Z 0000000180001b24 f i ElectronicJournal.obj
 0001:00000b24       ?SaveCompleted@?$IPersistStorageImpl@VCOPOSElectronicJournal@@@ATL@@UEAAJPEAUIStorage@@@Z 0000000180001b24 f i ElectronicJournal.obj
 0001:00000b28       ?OnDrawAdvanced@CComControlBase@ATL@@UEAAJAEAUATL_DRAWINFO@@@Z 0000000180001b28 f i ElectronicJournal.obj
 0001:00000c48       ?CreateInstance@CComClassFactory@ATL@@UEAAJPEAUIUnknown@@AEBU_GUID@@PEAPEAX@Z 0000000180001c48 f i ElectronicJournal.obj
 0001:00000ca8       ?LockServer@CComClassFactory@ATL@@UEAAJH@Z 0000000180001ca8 f i ElectronicJournal.obj
 0001:00000ccc       ??_GCComClassFactory@ATL@@UEAAPEAXI@Z 0000000180001ccc f i ElectronicJournal.obj
 0001:00000ccc       ??_ECComClassFactory@ATL@@UEAAPEAXI@Z 0000000180001ccc f i ElectronicJournal.obj
 0001:00000d1c       ?Next@?$CComEnumImpl@UIEnumConnections@@$1?_GUID_b196b287_bab4_101a_b69c_00aa00341d07@@3U__s_GUID@@BUtagCONNECTDATA@@V?$_Copy@UtagCONNECTDATA@@@ATL@@@ATL@@UEAAJKPEAUtagCONNECTDATA@@PEAK@Z 0000000180001d1c f i ElectronicJournal.obj
 0001:00000df0       ?Skip@?$CComEnumImpl@UIEnumConnections@@$1?_GUID_b196b287_bab4_101a_b69c_00aa00341d07@@3U__s_GUID@@BUtagCONNECTDATA@@V?$_Copy@UtagCONNECTDATA@@@ATL@@@ATL@@UEAAJK@Z 0000000180001df0 f i ElectronicJournal.obj
 0001:00000e1c       ?Reset@?$CComEnumImpl@UIEnumConnections@@$1?_GUID_b196b287_bab4_101a_b69c_00aa00341d07@@3U__s_GUID@@BUtagCONNECTDATA@@V?$_Copy@UtagCONNECTDATA@@@ATL@@@ATL@@UEAAJXZ 0000000180001e1c f i ElectronicJournal.obj
 0001:00000e1c       ?Reset@?$CComEnumImpl@UIEnumConnectionPoints@@$1?_GUID_b196b285_bab4_101a_b69c_00aa00341d07@@3U__s_GUID@@BPEAUIConnectionPoint@@V?$_CopyInterface@UIConnectionPoint@@@ATL@@@ATL@@UEAAJXZ 0000000180001e1c f i ElectronicJournal.obj
 0001:00000e28       ?Clone@?$CComEnumImpl@UIEnumConnections@@$1?_GUID_b196b287_bab4_101a_b69c_00aa00341d07@@3U__s_GUID@@BUtagCONNECTDATA@@V?$_Copy@UtagCONNECTDATA@@@ATL@@@ATL@@UEAAJPEAPEAUIEnumConnections@@@Z 0000000180001e28 f i ElectronicJournal.obj
 0001:00000f50       ?AddRef@?$CComObject@V?$CComEnum@UIEnumConnections@@$1?_GUID_b196b287_bab4_101a_b69c_00aa00341d07@@3U__s_GUID@@BUtagCONNECTDATA@@V?$_Copy@UtagCONNECTDATA@@@ATL@@VCComSingleThreadModel@6@@ATL@@@ATL@@UEAAKXZ 0000000180001f50 f i ElectronicJournal.obj
 0001:00000f50       ?AddRef@?$CComObject@V?$CComEnum@UIEnumConnectionPoints@@$1?_GUID_b196b285_bab4_101a_b69c_00aa00341d07@@3U__s_GUID@@BPEAUIConnectionPoint@@V?$_CopyInterface@UIConnectionPoint@@@ATL@@VCComSingleThreadModel@6@@ATL@@@ATL@@UEAAKXZ 0000000180001f50 f i ElectronicJournal.obj
 0001:00000f5c       ?Release@?$CComObject@V?$CComEnum@UIEnumConnections@@$1?_GUID_b196b287_bab4_101a_b69c_00aa00341d07@@3U__s_GUID@@BUtagCONNECTDATA@@V?$_Copy@UtagCONNECTDATA@@@ATL@@VCComSingleThreadModel@6@@ATL@@@ATL@@UEAAKXZ 0000000180001f5c f i ElectronicJournal.obj
 0001:00000f5c       ?Release@?$CComObject@V?$CComEnum@UIEnumConnectionPoints@@$1?_GUID_b196b285_bab4_101a_b69c_00aa00341d07@@3U__s_GUID@@BPEAUIConnectionPoint@@V?$_CopyInterface@UIConnectionPoint@@@ATL@@VCComSingleThreadModel@6@@ATL@@@ATL@@UEAAKXZ 0000000180001f5c f i ElectronicJournal.obj
 0001:00000fb0       ?QueryInterface@?$CComObject@V?$CComEnum@UIEnumConnections@@$1?_GUID_b196b287_bab4_101a_b69c_00aa00341d07@@3U__s_GUID@@BUtagCONNECTDATA@@V?$_Copy@UtagCONNECTDATA@@@ATL@@VCComSingleThreadModel@6@@ATL@@@ATL@@UEAAJAEBU_GUID@@PEAPEAX@Z 0000000180001fb0 f i ElectronicJournal.obj
 0001:00000fc4       ??_E?$CComObject@V?$CComEnum@UIEnumConnections@@$1?_GUID_b196b287_bab4_101a_b69c_00aa00341d07@@3U__s_GUID@@BUtagCONNECTDATA@@V?$_Copy@UtagCONNECTDATA@@@ATL@@VCComSingleThreadModel@6@@ATL@@@ATL@@UEAAPEAXI@Z 0000000180001fc4 f i ElectronicJournal.obj
 0001:00000fc4       ??_G?$CComObject@V?$CComEnum@UIEnumConnections@@$1?_GUID_b196b287_bab4_101a_b69c_00aa00341d07@@3U__s_GUID@@BUtagCONNECTDATA@@V?$_Copy@UtagCONNECTDATA@@@ATL@@VCComSingleThreadModel@6@@ATL@@@ATL@@UEAAPEAXI@Z 0000000180001fc4 f i ElectronicJournal.obj
 0001:0000101c       ??_E?$CComObject@VCOPOSElectronicJournal@@@ATL@@W7EAAPEAXI@Z 000000018000201c f i ElectronicJournal.obj
 0001:00001028       ??_E?$CComObject@VCOPOSElectronicJournal@@@ATL@@WHA@EAAPEAXI@Z 0000000180002028 f i ElectronicJournal.obj
 0001:00001034       ?QueryInterface@?$CComObject@VCOPOSElectronicJournal@@@ATL@@WLI@EAAJAEBU_GUID@@PEAPEAX@Z 0000000180002034 f i ElectronicJournal.obj
 0001:00001040       ?AddRef@?$CComObject@VCOPOSElectronicJournal@@@ATL@@WLI@EAAKXZ 0000000180002040 f i ElectronicJournal.obj
 0001:0000104c       ?Release@?$CComObject@VCOPOSElectronicJournal@@@ATL@@WLI@EAAKXZ 000000018000204c f i ElectronicJournal.obj
 0001:00001058       ?QueryInterface@?$CComObject@VCOPOSElectronicJournal@@@ATL@@WMA@EAAJAEBU_GUID@@PEAPEAX@Z 0000000180002058 f i ElectronicJournal.obj
 0001:00001064       ?AddRef@?$CComObject@VCOPOSElectronicJournal@@@ATL@@WMA@EAAKXZ 0000000180002064 f i ElectronicJournal.obj
 0001:00001070       ?Release@?$CComObject@VCOPOSElectronicJournal@@@ATL@@WMA@EAAKXZ 0000000180002070 f i ElectronicJournal.obj
 0001:0000107c       ?QueryInterface@?$CComObject@VCOPOSElectronicJournal@@@ATL@@WMI@EAAJAEBU_GUID@@PEAPEAX@Z 000000018000207c f i ElectronicJournal.obj
 0001:00001088       ?AddRef@?$CComObject@VCOPOSElectronicJournal@@@ATL@@WMI@EAAKXZ 0000000180002088 f i ElectronicJournal.obj
 0001:00001094       ?Release@?$CComObject@VCOPOSElectronicJournal@@@ATL@@WMI@EAAKXZ 0000000180002094 f i ElectronicJournal.obj
 0001:000010a0       ?QueryInterface@?$CComObject@VCOPOSElectronicJournal@@@ATL@@WNA@EAAJAEBU_GUID@@PEAPEAX@Z 00000001800020a0 f i ElectronicJournal.obj
 0001:000010ac       ?AddRef@?$CComObject@VCOPOSElectronicJournal@@@ATL@@WNA@EAAKXZ 00000001800020ac f i ElectronicJournal.obj
 0001:000010b8       ?Release@?$CComObject@VCOPOSElectronicJournal@@@ATL@@WNA@EAAKXZ 00000001800020b8 f i ElectronicJournal.obj
 0001:000010c4       ?QueryInterface@?$CComObject@VCOPOSElectronicJournal@@@ATL@@WNI@EAAJAEBU_GUID@@PEAPEAX@Z 00000001800020c4 f i ElectronicJournal.obj
 0001:000010d0       ?AddRef@?$CComObject@VCOPOSElectronicJournal@@@ATL@@WNI@EAAKXZ 00000001800020d0 f i ElectronicJournal.obj
 0001:000010dc       ?Release@?$CComObject@VCOPOSElectronicJournal@@@ATL@@WNI@EAAKXZ 00000001800020dc f i ElectronicJournal.obj
 0001:000010e8       ?QueryInterface@?$CComObject@VCOPOSElectronicJournal@@@ATL@@WOA@EAAJAEBU_GUID@@PEAPEAX@Z 00000001800020e8 f i ElectronicJournal.obj
 0001:000010f4       ?AddRef@?$CComObject@VCOPOSElectronicJournal@@@ATL@@WOA@EAAKXZ 00000001800020f4 f i ElectronicJournal.obj
 0001:00001100       ?Release@?$CComObject@VCOPOSElectronicJournal@@@ATL@@WOA@EAAKXZ 0000000180002100 f i ElectronicJournal.obj
 0001:0000110c       ?QueryInterface@?$CComObject@VCOPOSElectronicJournal@@@ATL@@WOI@EAAJAEBU_GUID@@PEAPEAX@Z 000000018000210c f i ElectronicJournal.obj
 0001:00001118       ?AddRef@?$CComObject@VCOPOSElectronicJournal@@@ATL@@WOI@EAAKXZ 0000000180002118 f i ElectronicJournal.obj
 0001:00001124       ?Release@?$CComObject@VCOPOSElectronicJournal@@@ATL@@WOI@EAAKXZ 0000000180002124 f i ElectronicJournal.obj
 0001:00001130       ?QueryInterface@?$CComObject@VCOPOSElectronicJournal@@@ATL@@WPA@EAAJAEBU_GUID@@PEAPEAX@Z 0000000180002130 f i ElectronicJournal.obj
 0001:0000113c       ?AddRef@?$CComObject@VCOPOSElectronicJournal@@@ATL@@WPA@EAAKXZ 000000018000213c f i ElectronicJournal.obj
 0001:00001148       ?Release@?$CComObject@VCOPOSElectronicJournal@@@ATL@@WPA@EAAKXZ 0000000180002148 f i ElectronicJournal.obj
 0001:00001154       ?QueryInterface@?$CComObject@VCOPOSElectronicJournal@@@ATL@@WPI@EAAJAEBU_GUID@@PEAPEAX@Z 0000000180002154 f i ElectronicJournal.obj
 0001:00001160       ?AddRef@?$CComObject@VCOPOSElectronicJournal@@@ATL@@WPI@EAAKXZ 0000000180002160 f i ElectronicJournal.obj
 0001:0000116c       ?Release@?$CComObject@VCOPOSElectronicJournal@@@ATL@@WPI@EAAKXZ 000000018000216c f i ElectronicJournal.obj
 0001:00001178       ?QueryInterface@?$CComObject@VCOPOSElectronicJournal@@@ATL@@WBAA@EAAJAEBU_GUID@@PEAPEAX@Z 0000000180002178 f i ElectronicJournal.obj
 0001:00001184       ?AddRef@?$CComObject@VCOPOSElectronicJournal@@@ATL@@WBAA@EAAKXZ 0000000180002184 f i ElectronicJournal.obj
 0001:00001190       ?Release@?$CComObject@VCOPOSElectronicJournal@@@ATL@@WBAA@EAAKXZ 0000000180002190 f i ElectronicJournal.obj
 0001:0000119c       ?QueryInterface@?$CComObject@VCOPOSElectronicJournal@@@ATL@@WBAI@EAAJAEBU_GUID@@PEAPEAX@Z 000000018000219c f i ElectronicJournal.obj
 0001:000011a8       ?AddRef@?$CComObject@VCOPOSElectronicJournal@@@ATL@@WBAI@EAAKXZ 00000001800021a8 f i ElectronicJournal.obj
 0001:000011b4       ?Release@?$CComObject@VCOPOSElectronicJournal@@@ATL@@WBAI@EAAKXZ 00000001800021b4 f i ElectronicJournal.obj
 0001:000011c0       ?QueryInterface@?$CComObject@VCOPOSElectronicJournal@@@ATL@@WBBA@EAAJAEBU_GUID@@PEAPEAX@Z 00000001800021c0 f i ElectronicJournal.obj
 0001:000011cc       ?AddRef@?$CComObject@VCOPOSElectronicJournal@@@ATL@@WBBA@EAAKXZ 00000001800021cc f i ElectronicJournal.obj
 0001:000011d8       ?Release@?$CComObject@VCOPOSElectronicJournal@@@ATL@@WBBA@EAAKXZ 00000001800021d8 f i ElectronicJournal.obj
 0001:000011e4       ?QueryInterface@?$CComObject@VCOPOSElectronicJournal@@@ATL@@WBBI@EAAJAEBU_GUID@@PEAPEAX@Z 00000001800021e4 f i ElectronicJournal.obj
 0001:000011f0       ?AddRef@?$CComObject@VCOPOSElectronicJournal@@@ATL@@WBBI@EAAKXZ 00000001800021f0 f i ElectronicJournal.obj
 0001:000011fc       ?Release@?$CComObject@VCOPOSElectronicJournal@@@ATL@@WBBI@EAAKXZ 00000001800021fc f i ElectronicJournal.obj
 0001:00001208       ?AddRef@?$CComObject@VCOPOSElectronicJournal@@@ATL@@WBCI@EAAKXZ 0000000180002208 f i ElectronicJournal.obj
 0001:00001214       ?Release@?$CComObject@VCOPOSElectronicJournal@@@ATL@@WBCI@EAAKXZ 0000000180002214 f i ElectronicJournal.obj
 0001:00001220       ?AddRef@?$CComObject@VCOPOSElectronicJournal@@@ATL@@WBEA@EAAKXZ 0000000180002220 f i ElectronicJournal.obj
 0001:0000122c       ?Release@?$CComObject@VCOPOSElectronicJournal@@@ATL@@WBEA@EAAKXZ 000000018000222c f i ElectronicJournal.obj
 0001:00001238       ??_E?$CComContainedObject@VCOPOSElectronicJournal@@@ATL@@W7EAAPEAXI@Z 0000000180002238 f i ElectronicJournal.obj
 0001:00001244       ??_E?$CComContainedObject@VCOPOSElectronicJournal@@@ATL@@WHA@EAAPEAXI@Z 0000000180002244 f i ElectronicJournal.obj
 0001:00001250       ?QueryInterface@?$CComContainedObject@VCOPOSElectronicJournal@@@ATL@@WLI@EAAJAEBU_GUID@@PEAPEAX@Z 0000000180002250 f i ElectronicJournal.obj
 0001:0000125c       ?AddRef@?$CComContainedObject@VCOPOSElectronicJournal@@@ATL@@WLI@EAAKXZ 000000018000225c f i ElectronicJournal.obj
 0001:00001268       ?Release@?$CComContainedObject@VCOPOSElectronicJournal@@@ATL@@WLI@EAAKXZ 0000000180002268 f i ElectronicJournal.obj
 0001:00001274       ?QueryInterface@?$CComContainedObject@VCOPOSElectronicJournal@@@ATL@@WMA@EAAJAEBU_GUID@@PEAPEAX@Z 0000000180002274 f i ElectronicJournal.obj
 0001:00001280       ?AddRef@?$CComContainedObject@VCOPOSElectronicJournal@@@ATL@@WMA@EAAKXZ 0000000180002280 f i ElectronicJournal.obj
 0001:0000128c       ?Release@?$CComContainedObject@VCOPOSElectronicJournal@@@ATL@@WMA@EAAKXZ 000000018000228c f i ElectronicJournal.obj
 0001:00001298       ?QueryInterface@?$CComContainedObject@VCOPOSElectronicJournal@@@ATL@@WMI@EAAJAEBU_GUID@@PEAPEAX@Z 0000000180002298 f i ElectronicJournal.obj
 0001:000012a4       ?AddRef@?$CComContainedObject@VCOPOSElectronicJournal@@@ATL@@WMI@EAAKXZ 00000001800022a4 f i ElectronicJournal.obj
 0001:000012b0       ?Release@?$CComContainedObject@VCOPOSElectronicJournal@@@ATL@@WMI@EAAKXZ 00000001800022b0 f i ElectronicJournal.obj
 0001:000012bc       ?QueryInterface@?$CComContainedObject@VCOPOSElectronicJournal@@@ATL@@WNA@EAAJAEBU_GUID@@PEAPEAX@Z 00000001800022bc f i ElectronicJournal.obj
 0001:000012c8       ?AddRef@?$CComContainedObject@VCOPOSElectronicJournal@@@ATL@@WNA@EAAKXZ 00000001800022c8 f i ElectronicJournal.obj
 0001:000012d4       ?Release@?$CComContainedObject@VCOPOSElectronicJournal@@@ATL@@WNA@EAAKXZ 00000001800022d4 f i ElectronicJournal.obj
 0001:000012e0       ?QueryInterface@?$CComContainedObject@VCOPOSElectronicJournal@@@ATL@@WNI@EAAJAEBU_GUID@@PEAPEAX@Z 00000001800022e0 f i ElectronicJournal.obj
 0001:000012ec       ?AddRef@?$CComContainedObject@VCOPOSElectronicJournal@@@ATL@@WNI@EAAKXZ 00000001800022ec f i ElectronicJournal.obj
 0001:000012f8       ?Release@?$CComContainedObject@VCOPOSElectronicJournal@@@ATL@@WNI@EAAKXZ 00000001800022f8 f i ElectronicJournal.obj
 0001:00001304       ?QueryInterface@?$CComContainedObject@VCOPOSElectronicJournal@@@ATL@@WOA@EAAJAEBU_GUID@@PEAPEAX@Z 0000000180002304 f i ElectronicJournal.obj
 0001:00001310       ?AddRef@?$CComContainedObject@VCOPOSElectronicJournal@@@ATL@@WOA@EAAKXZ 0000000180002310 f i ElectronicJournal.obj
 0001:0000131c       ?Release@?$CComContainedObject@VCOPOSElectronicJournal@@@ATL@@WOA@EAAKXZ 000000018000231c f i ElectronicJournal.obj
 0001:00001328       ?QueryInterface@?$CComContainedObject@VCOPOSElectronicJournal@@@ATL@@WOI@EAAJAEBU_GUID@@PEAPEAX@Z 0000000180002328 f i ElectronicJournal.obj
 0001:00001334       ?AddRef@?$CComContainedObject@VCOPOSElectronicJournal@@@ATL@@WOI@EAAKXZ 0000000180002334 f i ElectronicJournal.obj
 0001:00001340       ?Release@?$CComContainedObject@VCOPOSElectronicJournal@@@ATL@@WOI@EAAKXZ 0000000180002340 f i ElectronicJournal.obj
 0001:0000134c       ?QueryInterface@?$CComContainedObject@VCOPOSElectronicJournal@@@ATL@@WPA@EAAJAEBU_GUID@@PEAPEAX@Z 000000018000234c f i ElectronicJournal.obj
 0001:00001358       ?AddRef@?$CComContainedObject@VCOPOSElectronicJournal@@@ATL@@WPA@EAAKXZ 0000000180002358 f i ElectronicJournal.obj
 0001:00001364       ?Release@?$CComContainedObject@VCOPOSElectronicJournal@@@ATL@@WPA@EAAKXZ 0000000180002364 f i ElectronicJournal.obj
 0001:00001370       ?QueryInterface@?$CComContainedObject@VCOPOSElectronicJournal@@@ATL@@WPI@EAAJAEBU_GUID@@PEAPEAX@Z 0000000180002370 f i ElectronicJournal.obj
 0001:0000137c       ?AddRef@?$CComContainedObject@VCOPOSElectronicJournal@@@ATL@@WPI@EAAKXZ 000000018000237c f i ElectronicJournal.obj
 0001:00001388       ?Release@?$CComContainedObject@VCOPOSElectronicJournal@@@ATL@@WPI@EAAKXZ 0000000180002388 f i ElectronicJournal.obj
 0001:00001394       ?QueryInterface@?$CComContainedObject@VCOPOSElectronicJournal@@@ATL@@WBAA@EAAJAEBU_GUID@@PEAPEAX@Z 0000000180002394 f i ElectronicJournal.obj
 0001:000013a0       ?AddRef@?$CComContainedObject@VCOPOSElectronicJournal@@@ATL@@WBAA@EAAKXZ 00000001800023a0 f i ElectronicJournal.obj
 0001:000013ac       ?Release@?$CComContainedObject@VCOPOSElectronicJournal@@@ATL@@WBAA@EAAKXZ 00000001800023ac f i ElectronicJournal.obj
 0001:000013b8       ?QueryInterface@?$CComContainedObject@VCOPOSElectronicJournal@@@ATL@@WBAI@EAAJAEBU_GUID@@PEAPEAX@Z 00000001800023b8 f i ElectronicJournal.obj
 0001:000013c4       ?AddRef@?$CComContainedObject@VCOPOSElectronicJournal@@@ATL@@WBAI@EAAKXZ 00000001800023c4 f i ElectronicJournal.obj
 0001:000013d0       ?Release@?$CComContainedObject@VCOPOSElectronicJournal@@@ATL@@WBAI@EAAKXZ 00000001800023d0 f i ElectronicJournal.obj
 0001:000013dc       ?QueryInterface@?$CComContainedObject@VCOPOSElectronicJournal@@@ATL@@WBBA@EAAJAEBU_GUID@@PEAPEAX@Z 00000001800023dc f i ElectronicJournal.obj
 0001:000013e8       ?AddRef@?$CComContainedObject@VCOPOSElectronicJournal@@@ATL@@WBBA@EAAKXZ 00000001800023e8 f i ElectronicJournal.obj
 0001:000013f4       ?Release@?$CComContainedObject@VCOPOSElectronicJournal@@@ATL@@WBBA@EAAKXZ 00000001800023f4 f i ElectronicJournal.obj
 0001:00001400       ?QueryInterface@?$CComContainedObject@VCOPOSElectronicJournal@@@ATL@@WBBI@EAAJAEBU_GUID@@PEAPEAX@Z 0000000180002400 f i ElectronicJournal.obj
 0001:0000140c       ?AddRef@?$CComContainedObject@VCOPOSElectronicJournal@@@ATL@@WBBI@EAAKXZ 000000018000240c f i ElectronicJournal.obj
 0001:00001418       ?Release@?$CComContainedObject@VCOPOSElectronicJournal@@@ATL@@WBBI@EAAKXZ 0000000180002418 f i ElectronicJournal.obj
 0001:00001424       ?AddRef@?$CComContainedObject@VCOPOSElectronicJournal@@@ATL@@WBCI@EAAKXZ 0000000180002424 f i ElectronicJournal.obj
 0001:00001430       ?Release@?$CComContainedObject@VCOPOSElectronicJournal@@@ATL@@WBCI@EAAKXZ 0000000180002430 f i ElectronicJournal.obj
 0001:0000143c       ?AddRef@?$CComContainedObject@VCOPOSElectronicJournal@@@ATL@@WBEA@EAAKXZ 000000018000243c f i ElectronicJournal.obj
 0001:00001448       ?Release@?$CComContainedObject@VCOPOSElectronicJournal@@@ATL@@WBEA@EAAKXZ 0000000180002448 f i ElectronicJournal.obj
 0001:00001454       ?Lock@CAtlModule@ATL@@UEAAJXZ 0000000180002454 f i ElectronicJournal.obj
 0001:00001464       ?Unlock@CAtlModule@ATL@@UEAAJXZ 0000000180002464 f i ElectronicJournal.obj
 0001:00001470       ?GetLockCount@CAtlModule@ATL@@UEAAJXZ 0000000180002470 f i ElectronicJournal.obj
 0001:00001474       ?GetGITPtr@CAtlModule@ATL@@UEAAJPEAPEAUIGlobalInterfaceTable@@@Z 0000000180002474 f i ElectronicJournal.obj
 0001:000014e4       ?AddCommonRGSReplacements@?$CAtlModuleT@VCComModule@ATL@@@ATL@@UEAAJPEAUIRegistrarBase@@@Z 00000001800024e4 f i ElectronicJournal.obj
 0001:000014fc       ?GetWindowProc@?$CWindowImplBaseT@VCWindow@ATL@@V?$CWinTraits@$0FGAAAAAA@$0A@@2@@ATL@@UEAAP6A_JPEAUHWND__@@I_K_J@ZXZ 00000001800024fc f i ElectronicJournal.obj
 0001:00001504       ?StartWindowProc@?$CWindowImplBaseT@VCWindow@ATL@@V?$CWinTraits@$0FGAAAAAA@$0A@@2@@ATL@@SA_JPEAUHWND__@@I_K_J@Z 0000000180002504 f i ElectronicJournal.obj
 0001:000015c8       ?UpdateRegistryFromResourceD@CComModule@ATL@@UEAAJIHPEAU_ATL_REGMAP_ENTRY@2@@Z 00000001800025c8 f i ElectronicJournal.obj
 0001:000015c8       ?UpdateRegistryFromResourceD@CComModule@ATL@@UEAAJPEB_WHPEAU_ATL_REGMAP_ENTRY@2@@Z 00000001800025c8 f i ElectronicJournal.obj
 0001:000015d0       ?UpdateRegistryFromResource@CComModule@ATL@@UEAAJPEB_WHPEAU_ATL_REGMAP_ENTRY@2@@Z 00000001800025d0 f i ElectronicJournal.obj
 0001:000015d8       ?UpdateRegistryFromResource@CComModule@ATL@@UEAAJIHPEAU_ATL_REGMAP_ENTRY@2@@Z 00000001800025d8 f i ElectronicJournal.obj
 0001:000015e0       ??_ECComModule@ATL@@UEAAPEAXI@Z 00000001800025e0 f i ElectronicJournal.obj
 0001:000015e0       ??_GCComModule@ATL@@UEAAPEAXI@Z 00000001800025e0 f i ElectronicJournal.obj
 0001:00001660       ?GetTypeInfoCount@?$IDispatchImpl@UIOPOSElectronicJournal@@$1?IID_IOPOSElectronicJournal@@3U_GUID@@B$1?LIBID_OposElectronicJournal_CCO@@3U3@B$00$0A@VCComTypeInfoHolder@ATL@@@ATL@@UEAAJPEAI@Z 0000000180002660 f i ElectronicJournal.obj
 0001:00001674       ?GetTypeInfo@?$IDispatchImpl@UIOPOSElectronicJournal@@$1?IID_IOPOSElectronicJournal@@3U_GUID@@B$1?LIBID_OposElectronicJournal_CCO@@3U3@B$00$0A@VCComTypeInfoHolder@ATL@@@ATL@@UEAAJIKPEAPEAUITypeInfo@@@Z 0000000180002674 f i ElectronicJournal.obj
 0001:000016d8       ?GetIDsOfNames@?$IDispatchImpl@UIOPOSElectronicJournal@@$1?IID_IOPOSElectronicJournal@@3U_GUID@@B$1?LIBID_OposElectronicJournal_CCO@@3U3@B$00$0A@VCComTypeInfoHolder@ATL@@@ATL@@UEAAJAEBU_GUID@@PEAPEA_WIKPEAJ@Z 00000001800026d8 f i ElectronicJournal.obj
 0001:000016e4       ?Invoke@?$IDispatchImpl@UIOPOSElectronicJournal@@$1?IID_IOPOSElectronicJournal@@3U_GUID@@B$1?LIBID_OposElectronicJournal_CCO@@3U3@B$00$0A@VCComTypeInfoHolder@ATL@@@ATL@@UEAAJJAEBU_GUID@@KGPEAUtagDISPPARAMS@@PEAUtagVARIANT@@PEAUtagEXCEPINFO@@PEAI@Z 00000001800026e4 f i ElectronicJournal.obj
 0001:00001774       ?CreateControlWindow@?$CComControl@VCOPOSElectronicJournal@@V?$CWindowImpl@VCOPOSElectronicJournal@@VCWindow@ATL@@V?$CWinTraits@$0FGAAAAAA@$0A@@3@@ATL@@@ATL@@UEAAPEAUHWND__@@PEAU3@AEAUtagRECT@@@Z 0000000180002774 f i ElectronicJournal.obj
 0001:000017ac       ?ControlQueryInterface@?$CComControl@VCOPOSElectronicJournal@@V?$CWindowImpl@VCOPOSElectronicJournal@@VCWindow@ATL@@V?$CWinTraits@$0FGAAAAAA@$0A@@3@@ATL@@@ATL@@UEAAJAEBU_GUID@@PEAPEAX@Z 00000001800027ac f i ElectronicJournal.obj
 0001:000017c0       ?GetClassID@?$IPersistStorageImpl@VCOPOSElectronicJournal@@@ATL@@UEAAJPEAU_GUID@@@Z 00000001800027c0 f i ElectronicJournal.obj
 0001:000017c0       ?GetUserClassID@?$IOleObjectImpl@VCOPOSElectronicJournal@@@ATL@@UEAAJPEAU_GUID@@@Z 00000001800027c0 f i ElectronicJournal.obj
 0001:000017c0       ?GetClassID@?$IPersistStreamInitImpl@VCOPOSElectronicJournal@@@ATL@@UEAAJPEAU_GUID@@@Z 00000001800027c0 f i ElectronicJournal.obj
 0001:000017dc       ?IsDirty@?$IPersistStreamInitImpl@VCOPOSElectronicJournal@@@ATL@@UEAAJXZ 00000001800027dc f i ElectronicJournal.obj
 0001:000017f8       ?Load@?$IPersistStreamInitImpl@VCOPOSElectronicJournal@@@ATL@@UEAAJPEAUIStream@@@Z 00000001800027f8 f i ElectronicJournal.obj
 0001:00001848       ?Save@?$IPersistStreamInitImpl@VCOPOSElectronicJournal@@@ATL@@UEAAJPEAUIStream@@H@Z 0000000180002848 f i ElectronicJournal.obj
 0001:000018ac       ?GetSizeMax@?$IPersistStreamInitImpl@VCOPOSElectronicJournal@@@ATL@@UEAAJPEAT_ULARGE_INTEGER@@@Z 00000001800028ac f i ElectronicJournal.obj
 0001:00001ad8       ?InitNew@?$IPersistStreamInitImpl@VCOPOSElectronicJournal@@@ATL@@UEAAJXZ 0000000180002ad8 f i ElectronicJournal.obj
 0001:00001af0       ?GetCanonicalFormatEtc@?$IDataObjectImpl@VCOPOSElectronicJournal@@@ATL@@UEAAJPEAUtagFORMATETC@@0@Z 0000000180002af0 f i ElectronicJournal.obj
 0001:00001af0       ?GetControlInfo@?$IOleControlImpl@VCOPOSElectronicJournal@@@ATL@@UEAAJPEAUtagCONTROLINFO@@@Z 0000000180002af0 f i ElectronicJournal.obj
 0001:00001af0       ?QueryInterface@CRegObject@ATL@@UEAAJAEBU_GUID@@PEAPEAX@Z 0000000180002af0 f i ElectronicJournal.obj
 0001:00001af0       ?SetMoniker@?$IOleObjectImpl@VCOPOSElectronicJournal@@@ATL@@UEAAJKPEAUIMoniker@@@Z 0000000180002af0 f i ElectronicJournal.obj
 0001:00001af0       ?GetColorSet@?$IViewObjectExImpl@VCOPOSElectronicJournal@@@ATL@@UEAAJKJPEAXPEAUtagDVTARGETDEVICE@@PEAUHDC__@@PEAPEAUtagLOGPALETTE@@@Z 0000000180002af0 f i ElectronicJournal.obj
 0001:00001af0       ?SetData@?$IDataObjectImpl@VCOPOSElectronicJournal@@@ATL@@UEAAJPEAUtagFORMATETC@@PEAUtagSTGMEDIUM@@H@Z 0000000180002af0 f i ElectronicJournal.obj
 0001:00001af0       ?QueryGetData@?$IDataObjectImpl@VCOPOSElectronicJournal@@@ATL@@UEAAJPEAUtagFORMATETC@@@Z 0000000180002af0 f i ElectronicJournal.obj
 0001:00001af0       ?ContextSensitiveHelp@?$IOleInPlaceActiveObjectImpl@VCOPOSElectronicJournal@@@ATL@@UEAAJH@Z 0000000180002af0 f i ElectronicJournal.obj
 0001:00001af0       ?GetMoniker@?$IOleObjectImpl@VCOPOSElectronicJournal@@@ATL@@UEAAJKKPEAPEAUIMoniker@@@Z 0000000180002af0 f i ElectronicJournal.obj
 0001:00001af0       ?OnMnemonic@?$IOleControlImpl@VCOPOSElectronicJournal@@@ATL@@UEAAJPEAUtagMSG@@@Z 0000000180002af0 f i ElectronicJournal.obj
 0001:00001af0       ?Unfreeze@?$IViewObjectExImpl@VCOPOSElectronicJournal@@@ATL@@UEAAJK@Z 0000000180002af0 f i ElectronicJournal.obj
 0001:00001af0       ?ContextSensitiveHelp@?$IOleInPlaceObjectWindowlessImpl@VCOPOSElectronicJournal@@@ATL@@UEAAJH@Z 0000000180002af0 f i ElectronicJournal.obj
 0001:00001af0       ?GetDropTarget@?$IOleInPlaceObjectWindowlessImpl@VCOPOSElectronicJournal@@@ATL@@UEAAJPEAPEAUIDropTarget@@@Z 0000000180002af0 f i ElectronicJournal.obj
 0001:00001af0       ?EnumFormatEtc@?$IDataObjectImpl@VCOPOSElectronicJournal@@@ATL@@UEAAJKPEAPEAUIEnumFORMATETC@@@Z 0000000180002af0 f i ElectronicJournal.obj
 0001:00001af0       ?ReactivateAndUndo@?$IOleInPlaceObjectWindowlessImpl@VCOPOSElectronicJournal@@@ATL@@UEAAJXZ 0000000180002af0 f i ElectronicJournal.obj
 0001:00001af0       ?GetRect@?$IViewObjectExImpl@VCOPOSElectronicJournal@@@ATL@@UEAAJKPEAU_RECTL@@@Z 0000000180002af0 f i ElectronicJournal.obj
 0001:00001af0       ?Freeze@?$IViewObjectExImpl@VCOPOSElectronicJournal@@@ATL@@UEAAJKJPEAXPEAK@Z 0000000180002af0 f i ElectronicJournal.obj
 0001:00001af0       ?InitFromData@?$IOleObjectImpl@VCOPOSElectronicJournal@@@ATL@@UEAAJPEAUIDataObject@@HK@Z 0000000180002af0 f i ElectronicJournal.obj
 0001:00001af0       ?SetColorScheme@?$IOleObjectImpl@VCOPOSElectronicJournal@@@ATL@@UEAAJPEAUtagLOGPALETTE@@@Z 0000000180002af0 f i ElectronicJournal.obj
 0001:00001af0       ?GetDataHere@?$IDataObjectImpl@VCOPOSElectronicJournal@@@ATL@@UEAAJPEAUtagFORMATETC@@PEAUtagSTGMEDIUM@@@Z 0000000180002af0 f i ElectronicJournal.obj
 0001:00001af0       ?GetClipboardData@?$IOleObjectImpl@VCOPOSElectronicJournal@@@ATL@@UEAAJKPEAPEAUIDataObject@@@Z 0000000180002af0 f i ElectronicJournal.obj
 0001:00001af8       ?SetClientSite@?$IOleObjectImpl@VCOPOSElectronicJournal@@@ATL@@UEAAJPEAUIOleClientSite@@@Z 0000000180002af8 f i ElectronicJournal.obj
 0001:00001b14       ?GetClientSite@?$IOleObjectImpl@VCOPOSElectronicJournal@@@ATL@@UEAAJPEAPEAUIOleClientSite@@@Z 0000000180002b14 f i ElectronicJournal.obj
 0001:00001b5c       ?Close@?$IOleObjectImpl@VCOPOSElectronicJournal@@@ATL@@UEAAJK@Z 0000000180002b5c f i ElectronicJournal.obj
 0001:00001b78       ?DoVerb@?$IOleObjectImpl@VCOPOSElectronicJournal@@@ATL@@UEAAJJPEAUtagMSG@@PEAUIOleClientSite@@JPEAUHWND__@@PEBUtagRECT@@@Z 0000000180002b78 f i ElectronicJournal.obj
 0001:00001d1c       ?EnumVerbs@?$IOleObjectImpl@VCOPOSElectronicJournal@@@ATL@@UEAAJPEAPEAUIEnumOLEVERB@@@Z 0000000180002d1c f i ElectronicJournal.obj
 0001:00001d38       ?GetUserType@?$IOleObjectImpl@VCOPOSElectronicJournal@@@ATL@@UEAAJKPEAPEA_W@Z 0000000180002d38 f i ElectronicJournal.obj
 0001:00001d48       ?SetExtent@?$IOleObjectImpl@VCOPOSElectronicJournal@@@ATL@@UEAAJKPEAUtagSIZE@@@Z 0000000180002d48 f i ElectronicJournal.obj
 0001:00001d64       ?GetExtent@?$IOleObjectImpl@VCOPOSElectronicJournal@@@ATL@@UEAAJKPEAUtagSIZE@@@Z 0000000180002d64 f i ElectronicJournal.obj
 0001:00001d94       ?Advise@?$IOleObjectImpl@VCOPOSElectronicJournal@@@ATL@@UEAAJPEAUIAdviseSink@@PEAK@Z 0000000180002d94 f i ElectronicJournal.obj
 0001:00001df0       ?Unadvise@?$IOleObjectImpl@VCOPOSElectronicJournal@@@ATL@@UEAAJK@Z 0000000180002df0 f i ElectronicJournal.obj
 0001:00001e28       ?EnumAdvise@?$IOleObjectImpl@VCOPOSElectronicJournal@@@ATL@@UEAAJPEAPEAUIEnumSTATDATA@@@Z 0000000180002e28 f i ElectronicJournal.obj
 0001:00001e70       ?GetMiscStatus@?$IOleObjectImpl@VCOPOSElectronicJournal@@@ATL@@UEAAJKPEAK@Z 0000000180002e70 f i ElectronicJournal.obj
 0001:00001e80       ?GetWindow@?$IOleInPlaceActiveObjectImpl@VCOPOSElectronicJournal@@@ATL@@UEAAJPEAPEAUHWND__@@@Z 0000000180002e80 f i ElectronicJournal.obj
 0001:00001ed4       ?TranslateAcceleratorW@?$IOleInPlaceActiveObjectImpl@VCOPOSElectronicJournal@@@ATL@@UEAAJPEAUtagMSG@@@Z 0000000180002ed4 f i ElectronicJournal.obj
 0001:00001fc8       ?OnDocWindowActivate@?$IOleInPlaceActiveObjectImpl@VCOPOSElectronicJournal@@@ATL@@UEAAJH@Z 0000000180002fc8 f i ElectronicJournal.obj
 0001:00001ff4       ?Draw@?$IViewObjectExImpl@VCOPOSElectronicJournal@@@ATL@@UEAAJKJPEAXPEAUtagDVTARGETDEVICE@@PEAUHDC__@@2PEBU_RECTL@@3P6AH_K@Z4@Z 0000000180002ff4 f i ElectronicJournal.obj
 0001:00002058       ?SetAdvise@?$IViewObjectExImpl@VCOPOSElectronicJournal@@@ATL@@UEAAJKKPEAUIAdviseSink@@@Z 0000000180003058 f i ElectronicJournal.obj
 0001:000020ac       ?GetAdvise@?$IViewObjectExImpl@VCOPOSElectronicJournal@@@ATL@@UEAAJPEAK0PEAPEAUIAdviseSink@@@Z 00000001800030ac f i ElectronicJournal.obj
 0001:000020e8       ?GetExtent@?$IViewObjectExImpl@VCOPOSElectronicJournal@@@ATL@@UEAAJKJPEAUtagDVTARGETDEVICE@@PEAUtagSIZE@@@Z 00000001800030e8 f i ElectronicJournal.obj
 0001:00002118       ?GetViewStatus@?$IViewObjectExImpl@VCOPOSElectronicJournal@@@ATL@@UEAAJPEAK@Z 0000000180003118 f i ElectronicJournal.obj
 0001:0000212c       ?QueryHitPoint@?$IViewObjectExImpl@VCOPOSElectronicJournal@@@ATL@@UEAAJKPEBUtagRECT@@UtagPOINT@@JPEAK@Z 000000018000312c f i ElectronicJournal.obj
 0001:00002170       ?QueryHitRect@?$IViewObjectExImpl@VCOPOSElectronicJournal@@@ATL@@UEAAJKPEBUtagRECT@@0JPEAK@Z 0000000180003170 f i ElectronicJournal.obj
 0001:000021d8       ?GetNaturalExtent@?$IViewObjectExImpl@VCOPOSElectronicJournal@@@ATL@@UEAAJKJPEAUtagDVTARGETDEVICE@@PEAUHDC__@@PEAUtagExtentInfo@@PEAUtagSIZE@@@Z 00000001800031d8 f i ElectronicJournal.obj
 0001:00002220       ?GetWindow@?$IOleInPlaceObjectWindowlessImpl@VCOPOSElectronicJournal@@@ATL@@UEAAJPEAPEAUHWND__@@@Z 0000000180003220 f i ElectronicJournal.obj
 0001:00002274       ?InPlaceDeactivate@?$IOleInPlaceObjectWindowlessImpl@VCOPOSElectronicJournal@@@ATL@@UEAAJXZ 0000000180003274 f i ElectronicJournal.obj
 0001:00002290       ?UIDeactivate@?$IOleInPlaceObjectWindowlessImpl@VCOPOSElectronicJournal@@@ATL@@UEAAJXZ 0000000180003290 f i ElectronicJournal.obj
 0001:000022ac       ?SetObjectRects@?$IOleInPlaceObjectWindowlessImpl@VCOPOSElectronicJournal@@@ATL@@UEAAJPEBUtagRECT@@0@Z 00000001800032ac f i ElectronicJournal.obj
 0001:000022c8       ?OnWindowMessage@?$IOleInPlaceObjectWindowlessImpl@VCOPOSElectronicJournal@@@ATL@@UEAAJI_K_JPEA_J@Z 00000001800032c8 f i ElectronicJournal.obj
 0001:00002390       ?EnumConnectionPoints@?$IConnectionPointContainerImpl@VCOPOSElectronicJournal@@@ATL@@UEAAJPEAPEAUIEnumConnectionPoints@@@Z 0000000180003390 f i ElectronicJournal.obj
 0001:000025d8       ?FindConnectionPoint@?$IConnectionPointContainerImpl@VCOPOSElectronicJournal@@@ATL@@UEAAJAEBU_GUID@@PEAPEAUIConnectionPoint@@@Z 00000001800035d8 f i ElectronicJournal.obj
 0001:000026a8       ?IsDirty@?$IPersistStorageImpl@VCOPOSElectronicJournal@@@ATL@@UEAAJXZ 00000001800036a8 f i ElectronicJournal.obj
 0001:000026ec       ?InitNew@?$IPersistStorageImpl@VCOPOSElectronicJournal@@@ATL@@UEAAJPEAUIStorage@@@Z 00000001800036ec f i ElectronicJournal.obj
 0001:00002730       ?Load@?$IPersistStorageImpl@VCOPOSElectronicJournal@@@ATL@@UEAAJPEAUIStorage@@@Z 0000000180003730 f i ElectronicJournal.obj
 0001:000027d0       ?Save@?$IPersistStorageImpl@VCOPOSElectronicJournal@@@ATL@@UEAAJPEAUIStorage@@H@Z 00000001800037d0 f i ElectronicJournal.obj
 0001:00002880       ?GetPages@?$ISpecifyPropertyPagesImpl@VCOPOSElectronicJournal@@@ATL@@UEAAJPEAUtagCAUUID@@@Z 0000000180003880 f i ElectronicJournal.obj
 0001:0000288c       ?QuickActivate@?$IQuickActivateImpl@VCOPOSElectronicJournal@@@ATL@@UEAAJPEAUtagQACONTAINER@@PEAUtagQACONTROL@@@Z 000000018000388c f i ElectronicJournal.obj
 0001:000028a8       ?SetContentExtent@?$IQuickActivateImpl@VCOPOSElectronicJournal@@@ATL@@UEAAJPEAUtagSIZE@@@Z 00000001800038a8 f i ElectronicJournal.obj
 0001:000028dc       ?GetContentExtent@?$IQuickActivateImpl@VCOPOSElectronicJournal@@@ATL@@UEAAJPEAUtagSIZE@@@Z 00000001800038dc f i ElectronicJournal.obj
 0001:00002914       ?GetData@?$IDataObjectImpl@VCOPOSElectronicJournal@@@ATL@@UEAAJPEAUtagFORMATETC@@PEAUtagSTGMEDIUM@@@Z 0000000180003914 f i ElectronicJournal.obj
 0001:00002930       ?DAdvise@?$IDataObjectImpl@VCOPOSElectronicJournal@@@ATL@@UEAAJPEAUtagFORMATETC@@KPEAUIAdviseSink@@PEAK@Z 0000000180003930 f i ElectronicJournal.obj
 0001:000029b8       ?DUnadvise@?$IDataObjectImpl@VCOPOSElectronicJournal@@@ATL@@UEAAJK@Z 00000001800039b8 f i ElectronicJournal.obj
 0001:000029e4       ?EnumDAdvise@?$IDataObjectImpl@VCOPOSElectronicJournal@@@ATL@@UEAAJPEAPEAUIEnumSTATDATA@@@Z 00000001800039e4 f i ElectronicJournal.obj
 0001:00002a20       ?GetClassInfoW@?$IProvideClassInfo2Impl@$1?CLSID_OPOSElectronicJournal@@3U_GUID@@B$1?DIID__IOPOSElectronicJournalEvents@@3U2@B$1?LIBID_OposElectronicJournal_CCO@@3U2@B$00$0A@VCComTypeInfoHolder@ATL@@@ATL@@UEAAJPEAPEAUITypeInfo@@@Z 0000000180003a20 f i ElectronicJournal.obj
 0001:00002a78       ?GetGUID@?$IProvideClassInfo2Impl@$1?CLSID_OPOSElectronicJournal@@3U_GUID@@B$1?DIID__IOPOSElectronicJournalEvents@@3U2@B$1?LIBID_OposElectronicJournal_CCO@@3U2@B$00$0A@VCComTypeInfoHolder@ATL@@@ATL@@UEAAJKPEAU_GUID@@@Z 0000000180003a78 f i ElectronicJournal.obj
 0001:00002aac       _get_startup_argv_mode     0000000180003aac f i LIBCMT:argv_mode.obj
 0001:00002aac       ?AddRef@CRegObject@ATL@@UEAAKXZ 0000000180003aac f i ElectronicJournal.obj
 0001:00002aac       ?FAccessAllowed@?$IObjectSafetyImpl@VCOPOSElectronicJournal@@$02@ATL@@MEAAHXZ 0000000180003aac f i ElectronicJournal.obj
 0001:00002ab4       ?GetInterfaceSafetyOptions@?$IObjectSafetyImpl@VCOPOSElectronicJournal@@$02@ATL@@UEAAJAEBU_GUID@@PEAK1@Z 0000000180003ab4 f i ElectronicJournal.obj
 0001:00002b48       ?SetInterfaceSafetyOptions@?$IObjectSafetyImpl@VCOPOSElectronicJournal@@$02@ATL@@UEAAJAEBU_GUID@@KK@Z 0000000180003b48 f i ElectronicJournal.obj
 0001:00002bec       ?_LocCPQueryInterface@?$IConnectionPointImpl@VCOPOSElectronicJournal@@$1?IID_IPropertyNotifySink@@3U_GUID@@BVCComDynamicUnkArray@ATL@@@ATL@@UEAAJAEBU_GUID@@PEAPEAX@Z 0000000180003bec f i ElectronicJournal.obj
 0001:00002bec       ?_LocCPQueryInterface@?$IConnectionPointImpl@VCOPOSElectronicJournal@@$1?DIID__IOPOSElectronicJournalEvents@@3U_GUID@@BVCComDynamicUnkArray@ATL@@@ATL@@UEAAJAEBU_GUID@@PEAPEAX@Z 0000000180003bec f i ElectronicJournal.obj
 0001:00002c60       ?GetConnectionInterface@?$IConnectionPointImpl@VCOPOSElectronicJournal@@$1?IID_IPropertyNotifySink@@3U_GUID@@BVCComDynamicUnkArray@ATL@@@ATL@@UEAAJPEAU_GUID@@@Z 0000000180003c60 f i ElectronicJournal.obj
 0001:00002c7c       ?GetConnectionPointContainer@?$IConnectionPointImpl@VCOPOSElectronicJournal@@$1?IID_IPropertyNotifySink@@3U_GUID@@BVCComDynamicUnkArray@ATL@@@ATL@@UEAAJPEAPEAUIConnectionPointContainer@@@Z 0000000180003c7c f i ElectronicJournal.obj
 0001:00002c9c       ?Advise@?$IConnectionPointImpl@VCOPOSElectronicJournal@@$1?DIID__IOPOSElectronicJournalEvents@@3U_GUID@@BVCComDynamicUnkArray@ATL@@@ATL@@UEAAJPEAUIUnknown@@PEAK@Z 0000000180003c9c f i ElectronicJournal.obj
 0001:00002c9c       ?Advise@?$IConnectionPointImpl@VCOPOSElectronicJournal@@$1?IID_IPropertyNotifySink@@3U_GUID@@BVCComDynamicUnkArray@ATL@@@ATL@@UEAAJPEAUIUnknown@@PEAK@Z 0000000180003c9c f i ElectronicJournal.obj
 0001:00002d5c       ?Unadvise@?$IConnectionPointImpl@VCOPOSElectronicJournal@@$1?IID_IPropertyNotifySink@@3U_GUID@@BVCComDynamicUnkArray@ATL@@@ATL@@UEAAJK@Z 0000000180003d5c f i ElectronicJournal.obj
 0001:00002d5c       ?Unadvise@?$IConnectionPointImpl@VCOPOSElectronicJournal@@$1?DIID__IOPOSElectronicJournalEvents@@3U_GUID@@BVCComDynamicUnkArray@ATL@@@ATL@@UEAAJK@Z 0000000180003d5c f i ElectronicJournal.obj
 0001:00002dd8       ?EnumConnections@?$IConnectionPointImpl@VCOPOSElectronicJournal@@$1?DIID__IOPOSElectronicJournalEvents@@3U_GUID@@BVCComDynamicUnkArray@ATL@@@ATL@@UEAAJPEAPEAUIEnumConnections@@@Z 0000000180003dd8 f i ElectronicJournal.obj
 0001:00002dd8       ?EnumConnections@?$IConnectionPointImpl@VCOPOSElectronicJournal@@$1?IID_IPropertyNotifySink@@3U_GUID@@BVCComDynamicUnkArray@ATL@@@ATL@@UEAAJPEAPEAUIEnumConnections@@@Z 0000000180003dd8 f i ElectronicJournal.obj
 0001:00002f80       ?GetConnectionInterface@?$IConnectionPointImpl@VCOPOSElectronicJournal@@$1?DIID__IOPOSElectronicJournalEvents@@3U_GUID@@BVCComDynamicUnkArray@ATL@@@ATL@@UEAAJPEAU_GUID@@@Z 0000000180003f80 f i ElectronicJournal.obj
 0001:00002f9c       ?GetConnectionPointContainer@?$IConnectionPointImpl@VCOPOSElectronicJournal@@$1?DIID__IOPOSElectronicJournalEvents@@3U_GUID@@BVCComDynamicUnkArray@ATL@@@ATL@@UEAAJPEAPEAUIConnectionPointContainer@@@Z 0000000180003f9c f i ElectronicJournal.obj
 0001:00002fbc       ?UpdateRegistry@COPOSElectronicJournal@@SAJH@Z 0000000180003fbc f i ElectronicJournal.obj
 0001:00002fd4       ?ProcessWindowMessage@COPOSElectronicJournal@@UEAAHPEAUHWND__@@I_K_JAEA_JK@Z 0000000180003fd4 f i ElectronicJournal.obj
 0001:0000305c       ?SOData@COPOSElectronicJournal@@MEAAJJ@Z 000000018000405c f i ElectronicJournal.obj
 0001:000030ac       ?SODirectIO@COPOSElectronicJournal@@MEAAJJPEAJPEAPEA_W@Z 00000001800040ac f i ElectronicJournal.obj
 0001:00003124       ?SOError@COPOSElectronicJournal@@MEAAJJJJPEAJ@Z 0000000180004124 f i ElectronicJournal.obj
 0001:000031ac       ?SOOutputComplete@COPOSElectronicJournal@@MEAAJJ@Z 00000001800041ac f i ElectronicJournal.obj
 0001:000031fc       ?SOStatusUpdate@COPOSElectronicJournal@@MEAAJJ@Z 00000001800041fc f i ElectronicJournal.obj
 0001:0000324c       ?AddReplacement@CRegObject@ATL@@UEAAJPEB_W0@Z 000000018000424c f i ElectronicJournal.obj
 0001:0000327c       ?ClearReplacements@CRegObject@ATL@@UEAAJXZ 000000018000427c f i ElectronicJournal.obj
 0001:00003288       ??_ECRegObject@ATL@@UEAAPEAXI@Z 0000000180004288 f i ElectronicJournal.obj
 0001:00003288       ??_GCRegObject@ATL@@UEAAPEAXI@Z 0000000180004288 f i ElectronicJournal.obj
 0001:00003308       ?CreateInstance@?$CComCreator@V?$CComObjectCached@VCComClassFactory@ATL@@@ATL@@@ATL@@SAJPEAXAEBU_GUID@@PEAPEAX@Z 0000000180004308 f i ElectronicJournal.obj
 0001:0000340c       ?CreateInstance@?$CComCreator2@V?$CComCreator@V?$CComObject@VCOPOSElectronicJournal@@@ATL@@@ATL@@V?$CComCreator@V?$CComAggObject@VCOPOSElectronicJournal@@@ATL@@@2@@ATL@@SAJPEAXAEBU_GUID@@PEAPEAX@Z 000000018000440c f i ElectronicJournal.obj
 0001:0000341c       ?Next@?$CComEnumImpl@UIEnumConnectionPoints@@$1?_GUID_b196b285_bab4_101a_b69c_00aa00341d07@@3U__s_GUID@@BPEAUIConnectionPoint@@V?$_CopyInterface@UIConnectionPoint@@@ATL@@@ATL@@UEAAJKPEAPEAUIConnectionPoint@@PEAK@Z 000000018000441c f i ElectronicJournal.obj
 0001:000034e8       ?Skip@?$CComEnumImpl@UIEnumConnectionPoints@@$1?_GUID_b196b285_bab4_101a_b69c_00aa00341d07@@3U__s_GUID@@BPEAUIConnectionPoint@@V?$_CopyInterface@UIConnectionPoint@@@ATL@@@ATL@@UEAAJK@Z 00000001800044e8 f i ElectronicJournal.obj
 0001:00003514       ?Clone@?$CComEnumImpl@UIEnumConnectionPoints@@$1?_GUID_b196b285_bab4_101a_b69c_00aa00341d07@@3U__s_GUID@@BPEAUIConnectionPoint@@V?$_CopyInterface@UIConnectionPoint@@@ATL@@@ATL@@UEAAJPEAPEAUIEnumConnectionPoints@@@Z 0000000180004514 f i ElectronicJournal.obj
 0001:0000363c       ?QueryInterface@?$CComObject@V?$CComEnum@UIEnumConnectionPoints@@$1?_GUID_b196b285_bab4_101a_b69c_00aa00341d07@@3U__s_GUID@@BPEAUIConnectionPoint@@V?$_CopyInterface@UIConnectionPoint@@@ATL@@VCComSingleThreadModel@6@@ATL@@@ATL@@UEAAJAEBU_GUID@@PEAPEAX@Z 000000018000463c f i ElectronicJournal.obj
 0001:00003650       ??_G?$CComObject@V?$CComEnum@UIEnumConnectionPoints@@$1?_GUID_b196b285_bab4_101a_b69c_00aa00341d07@@3U__s_GUID@@BPEAUIConnectionPoint@@V?$_CopyInterface@UIConnectionPoint@@@ATL@@VCComSingleThreadModel@6@@ATL@@@ATL@@UEAAPEAXI@Z 0000000180004650 f i ElectronicJournal.obj
 0001:00003650       ??_E?$CComObject@V?$CComEnum@UIEnumConnectionPoints@@$1?_GUID_b196b285_bab4_101a_b69c_00aa00341d07@@3U__s_GUID@@BPEAUIConnectionPoint@@V?$_CopyInterface@UIConnectionPoint@@@ATL@@VCComSingleThreadModel@6@@ATL@@@ATL@@UEAAPEAXI@Z 0000000180004650 f i ElectronicJournal.obj
 0001:000036a8       ?AddRef@?$CComObjectCached@VCComClassFactory@ATL@@@ATL@@UEAAKXZ 00000001800046a8 f i ElectronicJournal.obj
 0001:000036d4       ?Release@?$CComObjectCached@VCComClassFactory@ATL@@@ATL@@UEAAKXZ 00000001800046d4 f i ElectronicJournal.obj
 0001:00003714       ?QueryInterface@?$CComObjectCached@VCComClassFactory@ATL@@@ATL@@UEAAJAEBU_GUID@@PEAPEAX@Z 0000000180004714 f i ElectronicJournal.obj
 0001:00003728       ??_G?$CComObjectCached@VCComClassFactory@ATL@@@ATL@@UEAAPEAXI@Z 0000000180004728 f i ElectronicJournal.obj
 0001:00003728       ??_E?$CComObjectCached@VCComClassFactory@ATL@@@ATL@@UEAAPEAXI@Z 0000000180004728 f i ElectronicJournal.obj
 0001:00003780       ??$AtlModuleRegisterWndClassInfoT@VAtlModuleRegisterWndClassInfoParamW@ATL@@@ATL@@YAGPEAU_ATL_BASE_MODULE70@0@PEAU_ATL_WIN_MODULE70@0@PEAU_ATL_WNDCLASSINFOW@0@PEAP6A_JPEAUHWND__@@I_K_J@ZVAtlModuleRegisterWndClassInfoParamW@0@@Z 0000000180004780 f i ElectronicJournal.obj
 0001:00003980       ??0?$CComContainedObject@VCOPOSElectronicJournal@@@ATL@@QEAA@PEAX@Z 0000000180004980 f i ElectronicJournal.obj
 0001:00003a9c       ??0?$CComObject@VCOPOSElectronicJournal@@@ATL@@QEAA@PEAX@Z 0000000180004a9c f i ElectronicJournal.obj
 0001:00003bb4       ??0CAtlModule@ATL@@QEAA@XZ 0000000180004bb4 f i ElectronicJournal.obj
 0001:00003c34       ??1?$CComEnumImpl@UIEnumConnectionPoints@@$1?_GUID_b196b285_bab4_101a_b69c_00aa00341d07@@3U__s_GUID@@BPEAUIConnectionPoint@@V?$_CopyInterface@UIConnectionPoint@@@ATL@@@ATL@@UEAA@XZ 0000000180004c34 f i ElectronicJournal.obj
 0001:00003c90       ??1?$CComEnumImpl@UIEnumConnections@@$1?_GUID_b196b287_bab4_101a_b69c_00aa00341d07@@3U__s_GUID@@BUtagCONNECTDATA@@V?$_Copy@UtagCONNECTDATA@@@ATL@@@ATL@@UEAA@XZ 0000000180004c90 f i ElectronicJournal.obj
 0001:00003cec       ??1?$CComObject@VCOPOSElectronicJournal@@@ATL@@UEAA@XZ 0000000180004cec f i ElectronicJournal.obj
 0001:00003e0c       ??_E?$CComContainedObject@VCOPOSElectronicJournal@@@ATL@@UEAAPEAXI@Z 0000000180004e0c f i ElectronicJournal.obj
 0001:00003e0c       ??_G?$CComContainedObject@VCOPOSElectronicJournal@@@ATL@@UEAAPEAXI@Z 0000000180004e0c f i ElectronicJournal.obj
 0001:00003e40       ??_E?$CComObject@VCOPOSElectronicJournal@@@ATL@@UEAAPEAXI@Z 0000000180004e40 f i ElectronicJournal.obj
 0001:00003e40       ??_G?$CComObject@VCOPOSElectronicJournal@@@ATL@@UEAAPEAXI@Z 0000000180004e40 f i ElectronicJournal.obj
 0001:00003e74       ?Add@?$CSimpleArray@GV?$CSimpleArrayEqualHelper@G@ATL@@@ATL@@QEAAHAEBG@Z 0000000180004e74 f i ElectronicJournal.obj
 0001:00003f28       ?Add@?$CSimpleMap@PEA_WPEA_WVCExpansionVectorEqualHelper@ATL@@@ATL@@QEAAHAEBQEA_W0@Z 0000000180004f28 f i ElectronicJournal.obj
 0001:00003fc8       ?Add@CComDynamicUnkArray@ATL@@QEAAKPEAUIUnknown@@@Z 0000000180004fc8 f i ElectronicJournal.obj
 0001:000040c0       ?Add@CExpansionVector@ATL@@QEAAHPEB_W0@Z 00000001800050c0 f i ElectronicJournal.obj
 0001:00004250       ?AddValue@CRegParser@ATL@@IEAAJAEAVCRegKey@2@PEB_WPEA_W@Z 0000000180005250 f i ElectronicJournal.obj
 0001:00004698       ?AllocateHeap@?$CTempBuffer@_W$0EAA@VCCRTAllocator@ATL@@@ATL@@AEAAX_K@Z 0000000180005698 f i ElectronicJournal.obj
 0001:00004698       ?AllocateHeap@?$CTempBuffer@_W$0BAA@VCCRTAllocator@ATL@@@ATL@@AEAAX_K@Z 0000000180005698 f i ElectronicJournal.obj
 0001:00004698       ?AllocateHeap@?$CTempBuffer@E$0BAA@VCCRTAllocator@ATL@@@ATL@@AEAAX_K@Z 0000000180005698 f i ElectronicJournal.obj
 0001:000046c4       ?Append@CParseBuffer@CRegParser@ATL@@QEAAHPEB_WH@Z 00000001800056c4 f i ElectronicJournal.obj
 0001:000047dc       ?AtlCallTermFunc@ATL@@YAXPEAU_ATL_MODULE70@1@@Z 00000001800057dc f i ElectronicJournal.obj
 0001:00004840       ?AtlComModuleGetClassObject@ATL@@YAJPEAU_ATL_COM_MODULE70@1@AEBU_GUID@@1PEAPEAX@Z 0000000180005840 f i ElectronicJournal.obj
 0001:00004980       ?AtlComModuleRegisterServer@ATL@@YAJPEAU_ATL_COM_MODULE70@1@HPEBU_GUID@@@Z 0000000180005980 f i ElectronicJournal.obj
 0001:00004a40       ?AtlComModuleUnregisterServer@ATL@@YAJPEAU_ATL_COM_MODULE70@1@HPEBU_GUID@@@Z 0000000180005a40 f i ElectronicJournal.obj
 0001:00004afc       ?AtlCreateTargetDC@ATL@@YAPEAUHDC__@@PEAU2@PEAUtagDVTARGETDEVICE@@@Z 0000000180005afc f i ElectronicJournal.obj
 0001:00004b70       ?AtlHiMetricToPixel@ATL@@YAXPEBUtagSIZE@@PEAU2@@Z 0000000180005b70 f i ElectronicJournal.obj
 0001:00004c20       ?AtlHresultFromLastError@ATL@@YAJXZ 0000000180005c20 f i ElectronicJournal.obj
 0001:00004c40       ?AtlHresultFromWin32@ATL@@YAJK@Z 0000000180005c40 f i ElectronicJournal.obj
 0001:00004c50       ?AtlIPersistStreamInit_Load@ATL@@YAJPEAUIStream@@PEBUATL_PROPMAP_ENTRY@1@PEAXPEAUIUnknown@@@Z 0000000180005c50 f i ElectronicJournal.obj
 0001:00004e88       ?AtlIPersistStreamInit_Save@ATL@@YAJPEAUIStream@@HPEBUATL_PROPMAP_ENTRY@1@PEAXPEAUIUnknown@@@Z 0000000180005e88 f i ElectronicJournal.obj
 0001:000050c4       ?AtlInternalOleLoadFromStream@ATL@@YAJPEAUIStream@@AEBU_GUID@@PEAPEAXTClassesAllowedInStream@1@K@Z 00000001800060c4 f i ElectronicJournal.obj
 0001:00005208       ?AtlInternalQueryInterface@ATL@@YAJPEAXPEBU_ATL_INTMAP_ENTRY@1@AEBU_GUID@@PEAPEAX@Z 0000000180006208 f i ElectronicJournal.obj
 0001:00005310       ?AtlLoadTypeLib@ATL@@YAJPEAUHINSTANCE__@@PEB_WPEAPEA_WPEAPEAUITypeLib@@@Z 0000000180006310 f i ElectronicJournal.obj
 0001:0000556c       ?AtlModuleAddTermFunc@ATL@@YAJPEAU_ATL_MODULE70@1@P6AX_K@Z1@Z 000000018000656c f i ElectronicJournal.obj
 0001:00005600       ?AtlRegisterClassCategoriesHelper@ATL@@YAJAEBU_GUID@@PEBU_ATL_CATMAP_ENTRY@1@H@Z 0000000180006600 f i ElectronicJournal.obj
 0001:00005a68       ?AtlRegisterTypeLib@ATL@@YAJPEAUHINSTANCE__@@PEB_W@Z 0000000180006a68 f i ElectronicJournal.obj
 0001:00005c64       ?AtlThrowImpl@ATL@@YAXJ@Z  0000000180006c64 f i ElectronicJournal.obj
 0001:00005c88       ?AtlUnRegisterTypeLib@ATL@@YAJPEAUHINSTANCE__@@PEB_W@Z 0000000180006c88 f i ElectronicJournal.obj
 0001:00005d50       ?AtlWinModuleExtractCreateWndData@ATL@@YAPEAXPEAU_ATL_WIN_MODULE70@1@@Z 0000000180006d50 f i ElectronicJournal.obj
 0001:00005ddc       ?Cleanup@CComTypeInfoHolder@ATL@@SAX_K@Z 0000000180006ddc f i ElectronicJournal.obj
 0001:00005e1c       ?ClearReplacements@CExpansionVector@ATL@@QEAAJXZ 0000000180006e1c f i ElectronicJournal.obj
 0001:00005eb8       ?CreateInstance@?$CComCreator@V?$CComAggObject@VCOPOSElectronicJournal@@@ATL@@@ATL@@SAJPEAXAEBU_GUID@@PEAPEAX@Z 0000000180006eb8 f i ElectronicJournal.obj
 0001:00005f90       ?CreateInstance@?$CComCreator@V?$CComObject@VCOPOSElectronicJournal@@@ATL@@@ATL@@SAJPEAXAEBU_GUID@@PEAPEAX@Z 0000000180006f90 f i ElectronicJournal.obj
 0001:00006048       ?CreateInstance@?$CComObject@V?$CComEnum@UIEnumConnectionPoints@@$1?_GUID_b196b285_bab4_101a_b69c_00aa00341d07@@3U__s_GUID@@BPEAUIConnectionPoint@@V?$_CopyInterface@UIConnectionPoint@@@ATL@@VCComSingleThreadModel@6@@ATL@@@ATL@@SAJPEAPEAV12@@Z 0000000180007048 f i ElectronicJournal.obj
 0001:000060d4       ?CreateInstance@?$CComObject@V?$CComEnum@UIEnumConnections@@$1?_GUID_b196b287_bab4_101a_b69c_00aa00341d07@@3U__s_GUID@@BUtagCONNECTDATA@@V?$_Copy@UtagCONNECTDATA@@@ATL@@VCComSingleThreadModel@6@@ATL@@@ATL@@SAJPEAPEAV12@@Z 00000001800070d4 f i ElectronicJournal.obj
 0001:00006160       ?DefaultReflectionHandler@?$CWindowImplRoot@VCWindow@ATL@@@ATL@@SAHPEAUHWND__@@I_K_JAEA_J@Z 0000000180007160 f i ElectronicJournal.obj
 0001:000061c4       ?DeleteSubKey@CRegKey@ATL@@QEAAJPEB_W@Z 00000001800071c4 f i ElectronicJournal.obj
 0001:0000625c       ?DoEvent@COPOSElectronicJournal@@IEAAXI_K_J@Z 000000018000725c f i ElectronicJournal.obj
 0001:00006310       ?DoVerbPrimary@?$IOleObjectImpl@VCOPOSElectronicJournal@@@ATL@@QEAAJPEBUtagRECT@@PEAUHWND__@@@Z 0000000180007310 f i ElectronicJournal.obj
 0001:00006438       ?DoVerbProperties@CComControlBase@ATL@@QEAAJPEBUtagRECT@@PEAUHWND__@@@Z 0000000180007438 f i ElectronicJournal.obj
 0001:00006660       ?FireTheEvent@?$CProxy_IOPOSEvents@VCOPOSElectronicJournal@@@@IEAAXPEAVOposVariant@@IAEAJPEB_WJ@Z 0000000180007660 f i ElectronicJournal.obj
 0001:0000674c       ?FireViewChange@CComControlBase@ATL@@QEAAJXZ 000000018000774c f i ElectronicJournal.obj
 0001:000067b0       ?Fire_DataEvent@?$CProxy_IOPOSEvents@VCOPOSElectronicJournal@@@@QEAAXJ@Z 00000001800077b0 f i ElectronicJournal.obj
 0001:0000689c       ?Fire_DirectIOEvent@?$CProxy_IOPOSEvents@VCOPOSElectronicJournal@@@@QEAAXJPEAJPEAPEA_W@Z 000000018000789c f i ElectronicJournal.obj
 0001:000069f4       ?Fire_ErrorEvent@?$CProxy_IOPOSEvents@VCOPOSElectronicJournal@@@@QEAAXJJJPEAJ@Z 00000001800079f4 f i ElectronicJournal.obj
 0001:00006b5c       ?Fire_OutputCompleteEvent@?$CProxy_IOPOSEvents@VCOPOSElectronicJournal@@@@QEAAXJ@Z 0000000180007b5c f i ElectronicJournal.obj
 0001:00006c48       ?Fire_StatusUpdateEvent@?$CProxy_IOPOSEvents@VCOPOSElectronicJournal@@@@QEAAXJ@Z 0000000180007c48 f i ElectronicJournal.obj
 0001:00006d34       ?FreeHeap@?$CTempBuffer@E$0BAA@VCCRTAllocator@ATL@@@ATL@@AEAAXXZ 0000000180007d34 f i ElectronicJournal.obj
 0001:00006d34       ?FreeHeap@?$CTempBuffer@_W$0EAA@VCCRTAllocator@ATL@@@ATL@@AEAAXXZ 0000000180007d34 f i ElectronicJournal.obj
 0001:00006d34       ?FreeHeap@?$CTempBuffer@_W$0BAA@VCCRTAllocator@ATL@@@ATL@@AEAAXXZ 0000000180007d34 f i ElectronicJournal.obj
 0001:00006d3c       ?GetAmbientLocaleID@CComControlBase@ATL@@QEAAJAEAK@Z 0000000180007d3c f i ElectronicJournal.obj
 0001:00006dfc       ?GetAmbientUserMode@CComControlBase@ATL@@QEAAJAEAH@Z 0000000180007dfc f i ElectronicJournal.obj
 0001:00006ed0       ?GetClassObject@CComModule@ATL@@QEAAJAEBU_GUID@@0PEAPEAX@Z 0000000180007ed0 f i ElectronicJournal.obj
 0001:00006fc4       ?GetConnMap@COPOSElectronicJournal@@SAPEBU_ATL_CONNMAP_ENTRY@ATL@@PEAH@Z 0000000180007fc4 f i ElectronicJournal.obj
 0001:0000704c       ?GetIDsOfNames@CComTypeInfoHolder@ATL@@QEAAJAEBU_GUID@@PEAPEA_WIKPEAJ@Z 000000018000804c f i ElectronicJournal.obj
 0001:000071c4       ?GetPagesHelper@?$ISpecifyPropertyPagesImpl@VCOPOSElectronicJournal@@@ATL@@IEAAJPEAUtagCAUUID@@PEBUATL_PROPMAP_ENTRY@2@@Z 00000001800081c4 f i ElectronicJournal.obj
 0001:00007364       ?GetSizeMax@CComVariant@ATL@@QEBAJPEAT_ULARGE_INTEGER@@@Z 0000000180008364 f i ElectronicJournal.obj
 0001:00007598       ?GetTI@CComTypeInfoHolder@ATL@@QEAAJK@Z 0000000180008598 f i ElectronicJournal.obj
 0001:00007810       ?GetZoomInfo@CComControlBase@ATL@@QEAAXAEAUATL_DRAWINFO@@@Z 0000000180008810 f i ElectronicJournal.obj
 0001:000078b4       ?HKeyFromString@CRegParser@ATL@@KAPEAUHKEY__@@PEA_W@Z 00000001800088b4 f i ElectronicJournal.obj
 0001:00007918       ?IDataObject_GetData@CComControlBase@ATL@@QEAAJPEAUtagFORMATETC@@PEAUtagSTGMEDIUM@@@Z 0000000180008918 f i ElectronicJournal.obj
 0001:00007b0c       ?IOleInPlaceObject_InPlaceDeactivate@CComControlBase@ATL@@QEAAJXZ 0000000180008b0c f i ElectronicJournal.obj
 0001:00007bac       ?IOleInPlaceObject_SetObjectRects@CComControlBase@ATL@@QEAAJPEBUtagRECT@@0@Z 0000000180008bac f i ElectronicJournal.obj
 0001:00007c9c       ?IOleInPlaceObject_UIDeactivate@CComControlBase@ATL@@QEAAJXZ 0000000180008c9c f i ElectronicJournal.obj
 0001:00007da8       ?IOleObject_Close@CComControlBase@ATL@@QEAAJK@Z 0000000180008da8 f i ElectronicJournal.obj
 0001:00007ec0       ?IOleObject_SetClientSite@CComControlBase@ATL@@QEAAJPEAUIOleClientSite@@@Z 0000000180008ec0 f i ElectronicJournal.obj
 0001:00007f38       ?IOleObject_SetExtent@CComControlBase@ATL@@QEAAJKPEAUtagSIZE@@@Z 0000000180008f38 f i ElectronicJournal.obj
 0001:00007fd0       ?IPSI_GetIPersistStreamInit@?$IPersistStorageImpl@VCOPOSElectronicJournal@@@ATL@@AEAAPEAUIPersistStreamInit@@XZ 0000000180008fd0 f i ElectronicJournal.obj
 0001:0000802c       ?IQuickActivate_QuickActivate@CComControlBase@ATL@@QEAAJPEAUtagQACONTAINER@@PEAUtagQACONTROL@@@Z 000000018000902c f i ElectronicJournal.obj
 0001:000082f0       ?IViewObject_Draw@CComControlBase@ATL@@QEAAJKJPEAXPEAUtagDVTARGETDEVICE@@PEAUHDC__@@2PEBU_RECTL@@3@Z 00000001800092f0 f i ElectronicJournal.obj
 0001:00008404       ?InPlaceActivate@CComControlBase@ATL@@QEAAJJPEBUtagRECT@@@Z 0000000180009404 f i ElectronicJournal.obj
 0001:0000873c       ?Init@?$CComEnumImpl@UIEnumConnectionPoints@@$1?_GUID_b196b285_bab4_101a_b69c_00aa00341d07@@3U__s_GUID@@BPEAUIConnectionPoint@@V?$_CopyInterface@UIConnectionPoint@@@ATL@@@ATL@@QEAAJPEAPEAUIConnectionPoint@@0PEAUIUnknown@@W4CComEnumFlags@2@@Z 000000018000973c f i ElectronicJournal.obj
 0001:0000885c       ?Init@?$CComEnumImpl@UIEnumConnections@@$1?_GUID_b196b287_bab4_101a_b69c_00aa00341d07@@3U__s_GUID@@BUtagCONNECTDATA@@V?$_Copy@UtagCONNECTDATA@@@ATL@@@ATL@@QEAAJPEAUtagCONNECTDATA@@0PEAUIUnknown@@W4CComEnumFlags@2@@Z 000000018000985c f i ElectronicJournal.obj
 0001:00008980       ?IsEqualObject@?$CComPtrBase@UIOleClientSite@@@ATL@@QEAA_NPEAUIUnknown@@@Z 0000000180009980 f i ElectronicJournal.obj
 0001:00008980       ?IsEqualObject@?$CComPtrBase@UITypeInfo@@@ATL@@QEAA_NPEAUIUnknown@@@Z 0000000180009980 f i ElectronicJournal.obj
 0001:00008a0c       ?LoadNameCache@CComTypeInfoHolder@ATL@@QEAAJPEAUITypeInfo@@@Z 0000000180009a0c f i ElectronicJournal.obj
 0001:00008b90       ?Lookup@?$CSimpleMap@PEA_WPEA_WVCExpansionVectorEqualHelper@ATL@@@ATL@@QEBAPEA_WAEBQEA_W@Z 0000000180009b90 f i ElectronicJournal.obj
 0001:00008c1c       ?NextToken@CRegParser@ATL@@IEAAJPEA_W@Z 0000000180009c1c f i ElectronicJournal.obj
 0001:00008dd4       ?OnKillFocus@CComControlBase@ATL@@QEAA_JI_K_JAEAH@Z 0000000180009dd4 f i ElectronicJournal.obj
 0001:00008e70       ?OnMouseActivate@CComControlBase@ATL@@QEAA_JI_K_JAEAH@Z 0000000180009e70 f i ElectronicJournal.obj
 0001:00008f10       ?OnPaint@CComControlBase@ATL@@QEAA_JI_K_JAEAH@Z 0000000180009f10 f i ElectronicJournal.obj
 0001:00008ffc       ?OnSetFocus@CComControlBase@ATL@@QEAA_JI_K_JAEAH@Z 0000000180009ffc f i ElectronicJournal.obj
 0001:000090f8       ?Open@CRegKey@ATL@@QEAAJPEAUHKEY__@@PEB_WK@Z 000000018000a0f8 f i ElectronicJournal.obj
 0001:00009184       ?PreProcessBuffer@CRegParser@ATL@@QEAAJPEA_WPEAPEA_W@Z 000000018000a184 f i ElectronicJournal.obj
 0001:00009508       ?ProcessWindowMessage@?$CComControl@VCOPOSElectronicJournal@@V?$CWindowImpl@VCOPOSElectronicJournal@@VCWindow@ATL@@V?$CWinTraits@$0FGAAAAAA@$0A@@3@@ATL@@@ATL@@UEAAHPEAUHWND__@@I_K_JAEA_JK@Z 000000018000a508 f i ElectronicJournal.obj
 0001:000095ec       ?PutProperty@?$CComPtr@UIDispatch@@@ATL@@SAJPEAUIDispatch@@JPEAUtagVARIANT@@@Z 000000018000a5ec f i ElectronicJournal.obj
 0001:000096f0       ?ReadFromStream@CComBSTR@ATL@@QEAAJPEAUIStream@@@Z 000000018000a6f0 f i ElectronicJournal.obj
 0001:0000984c       ?ReadFromStream@CComVariant@ATL@@QEAAJPEAUIStream@@GTClassesAllowedInStream@2@K@Z 000000018000a84c f i ElectronicJournal.obj
 0001:00009a5c       ?RecurseDeleteKey@CRegKey@ATL@@QEAAJPEB_W@Z 000000018000aa5c f i ElectronicJournal.obj
 0001:00009b68       ?RegCreateKeyExW@CAtlTransactionManager@ATL@@QEAAJPEAUHKEY__@@PEB_WKPEA_WKKQEAU_SECURITY_ATTRIBUTES@@PEAPEAU3@PEAK@Z 000000018000ab68 f i ElectronicJournal.obj
 0001:00009c9c       ?RegDeleteKeyW@CAtlTransactionManager@ATL@@QEAAJPEAUHKEY__@@PEB_W@Z 000000018000ac9c f i ElectronicJournal.obj
 0001:00009d28       ?RegOpenKeyExW@CAtlTransactionManager@ATL@@QEAAJPEAUHKEY__@@PEB_WKKPEAPEAU3@@Z 000000018000ad28 f i ElectronicJournal.obj
 0001:00009de0       ?RegisterBuffer@CRegParser@ATL@@QEAAJPEA_WH@Z 000000018000ade0 f i ElectronicJournal.obj
 0001:00009f48       ?RegisterFromResource@CRegObject@ATL@@IEAAJPEB_W00H@Z 000000018000af48 f i ElectronicJournal.obj
 0001:0000a104       ?RegisterServer@CComModule@ATL@@QEAAJHPEBU_GUID@@@Z 000000018000b104 f i ElectronicJournal.obj
 0001:0000a1c4       ?RegisterSubkeys@CRegParser@ATL@@IEAAJPEA_WPEAUHKEY__@@HH@Z 000000018000b1c4 f i ElectronicJournal.obj
 0001:0000a8c0       ?SendOnDataChange@CComControlBase@ATL@@QEAAJK@Z 000000018000b8c0 f i ElectronicJournal.obj
 0001:0000a930       ?SetControlFocus@CComControlBase@ATL@@QEAAHH@Z 000000018000b930 f i ElectronicJournal.obj
 0001:0000aa0c       ?SkipAssignment@CRegParser@ATL@@IEAAJPEA_W@Z 000000018000ba0c f i ElectronicJournal.obj
 0001:0000aab0       ?Term@CComModule@ATL@@QEAAXXZ 000000018000bab0 f i ElectronicJournal.obj
 0001:0000ab5c       ?UnregisterServer@CComModule@ATL@@QEAAJHPEBU_GUID@@@Z 000000018000bb5c f i ElectronicJournal.obj
 0001:0000ac0c       ?UpdateRegistryFromResource@CAtlModule@ATL@@QEAAJIHPEAU_ATL_REGMAP_ENTRY@2@@Z 000000018000bc0c f i ElectronicJournal.obj
 0001:0000af44       ?UpdateRegistryFromResource@CAtlModule@ATL@@QEAAJPEB_WHPEAU_ATL_REGMAP_ENTRY@2@@Z 000000018000bf44 f i ElectronicJournal.obj
 0001:0000b29c       ?VTFromRegType@CRegParser@ATL@@KAHPEB_WAEAG@Z 000000018000c29c f i ElectronicJournal.obj
 0001:0000b338       ?WindowProc@?$CWindowImplBaseT@VCWindow@ATL@@V?$CWinTraits@$0FGAAAAAA@$0A@@2@@ATL@@SA_JPEAUHWND__@@I_K_J@Z 000000018000c338 f i ElectronicJournal.obj
 0001:0000b4a4       ?WriteToStream@CComBSTR@ATL@@QEAAJPEAUIStream@@@Z 000000018000c4a4 f i ElectronicJournal.obj
 0001:0000b524       ?WriteToStream@CComVariant@ATL@@QEAAJPEAUIStream@@@Z 000000018000c524 f i ElectronicJournal.obj
 0001:0000b738       ?WriteToStream@CComVariant@ATL@@QEAAJPEAUIStream@@G@Z 000000018000c738 f i ElectronicJournal.obj
 0001:0000b7d0       ?_AtlVerifyStackAvailable@_ATL_SAFE_ALLOCA_IMPL@ATL@@YA_N_K@Z 000000018000c7d0 f i ElectronicJournal.obj
 0001:0000b854       ?atlCreate@?$CWindowImpl@VCOPOSElectronicJournal@@VCWindow@ATL@@V?$CWinTraits@$0FGAAAAAA@$0A@@3@@ATL@@QEAAPEAUHWND__@@PEAU3@V_U_RECT@2@PEB_WKKV_U_MENUorID@2@PEAX@Z 000000018000c854 f i ElectronicJournal.obj
 0001:0000b904       ?atlCreate@?$CWindowImplBaseT@VCWindow@ATL@@V?$CWinTraits@$0FGAAAAAA@$0A@@2@@ATL@@QEAAPEAUHWND__@@PEAU3@V_U_RECT@2@PEB_WKKV_U_MENUorID@2@GPEAX@Z 000000018000c904 f i ElectronicJournal.obj
 0001:0000ba74       ?atlCreate@CRegKey@ATL@@QEAAJPEAUHKEY__@@PEB_WPEA_WKKPEAU_SECURITY_ATTRIBUTES@@PEAK@Z 000000018000ca74 f i ElectronicJournal.obj
 0001:0000bb60       DllCanUnloadNow            000000018000cb60 f   ElectronicJournal.obj
 0001:0000bb6c       DllGetClassObject          000000018000cb6c f   ElectronicJournal.obj
 0001:0000bb84       DllMain                    000000018000cb84 f   ElectronicJournal.obj
 0001:0000bc2c       DllRegisterServer          000000018000cc2c f   ElectronicJournal.obj
 0001:0000bc40       DllUnregisterServer        000000018000cc40 f   ElectronicJournal.obj
 0001:0000bc54       __local_stdio_printf_options 000000018000cc54 f i ElectronicJournal.obj
 0001:0000bce4       swprintf_s                 000000018000cce4 f i ElectronicJournal.obj
 0001:0000bd38       ??0COPOSElectronicJournal@@QEAA@XZ 000000018000cd38 f   ElectronicJournalImpl.obj
 0001:0000be08       ??1?$IConnectionPointImpl@VCOPOSElectronicJournal@@$1?IID_IPropertyNotifySink@@3U_GUID@@BVCComDynamicUnkArray@ATL@@@ATL@@QEAA@XZ 000000018000ce08 f i ElectronicJournalImpl.obj
 0001:0000be08       ??1?$IConnectionPointImpl@VCOPOSElectronicJournal@@$1?DIID__IOPOSElectronicJournalEvents@@3U_GUID@@BVCComDynamicUnkArray@ATL@@@ATL@@QEAA@XZ 000000018000ce08 f i ElectronicJournalImpl.obj
 0001:0000be64       ??1CComControlBase@ATL@@UEAA@XZ 000000018000ce64 f i ElectronicJournalImpl.obj
 0001:0000bee0       ??1COPOSElectronicJournal@@UEAA@XZ 000000018000cee0 f   ElectronicJournalImpl.obj
 0001:0000bf44       ?AddMarker@COPOSElectronicJournal@@UEAAJPEA_WPEAJ@Z 000000018000cf44 f   ElectronicJournalImpl.obj
 0001:0000bfcc       ?CancelPrintContent@COPOSElectronicJournal@@UEAAJPEAJ@Z 000000018000cfcc f   ElectronicJournalImpl.obj
 0001:0000bff4       ?CancelQueryContent@COPOSElectronicJournal@@UEAAJPEAJ@Z 000000018000cff4 f   ElectronicJournalImpl.obj
 0001:0000c01c       ?CheckHealth@COPOSElectronicJournal@@UEAAJJPEAJ@Z 000000018000d01c f   ElectronicJournalImpl.obj
 0001:0000c098       ?ClaimDevice@COPOSElectronicJournal@@UEAAJJPEAJ@Z 000000018000d098 f   ElectronicJournalImpl.obj
 0001:0000c138       ?ClearInput@COPOSElectronicJournal@@UEAAJPEAJ@Z 000000018000d138 f   ElectronicJournalImpl.obj
 0001:0000c160       ?ClearOutput@COPOSElectronicJournal@@UEAAJPEAJ@Z 000000018000d160 f   ElectronicJournalImpl.obj
 0001:0000c188       ?Close@COPOSElectronicJournal@@UEAAJPEAJ@Z 000000018000d188 f   ElectronicJournalImpl.obj
 0001:0000c240       ?CompareFirmwareVersion@COPOSElectronicJournal@@UEAAJPEA_WPEAJ1@Z 000000018000d240 f   ElectronicJournalImpl.obj
 0001:0000c31c       ?DirectIO@COPOSElectronicJournal@@UEAAJJPEAJPEAPEA_W0@Z 000000018000d31c f   ElectronicJournalImpl.obj
 0001:0000c418       ?DoInvoke@COPOSElectronicJournal@@IEAAJJPEAVOposVariant@@IHPEAJ_N@Z 000000018000d418 f   ElectronicJournalImpl.obj
 0001:0000c54c       ?EraseMedium@COPOSElectronicJournal@@UEAAJPEAJ@Z 000000018000d54c f   ElectronicJournalImpl.obj
 0001:0000c574       ?EventInit@COPOSElectronicJournal@@IEAAJXZ 000000018000d574 f i ElectronicJournalImpl.obj
 0001:0000c6bc       ?EventUninit@COPOSElectronicJournal@@IEAAXXZ 000000018000d6bc f i ElectronicJournalImpl.obj
 0001:0000c720       ?EventWindowProc@COPOSElectronicJournal@@IEAA_JI_K_J@Z 000000018000d720 f i ElectronicJournalImpl.obj
 0001:0000c8fc       ?FinalConstruct@COPOSElectronicJournal@@QEAAJXZ 000000018000d8fc f   ElectronicJournalImpl.obj
 0001:0000c938       ?FreezeEvents@COPOSElectronicJournal@@MEAAJH@Z 000000018000d938 f   ElectronicJournalImpl.obj
 0001:0000c9ac       ?GetOposProp@COPOSElectronicJournal@@IEAAJJPEAJJ@Z 000000018000d9ac f   ElectronicJournalImpl.obj
 0001:0000cac8       ?GetOposProp@COPOSElectronicJournal@@IEAAJJPEAPEA_WJ@Z 000000018000dac8 f   ElectronicJournalImpl.obj
 0001:0000cbf4       ?InitializeMedium@COPOSElectronicJournal@@UEAAJPEA_WPEAJ@Z 000000018000dbf4 f   ElectronicJournalImpl.obj
 0001:0000cc7c       ?OnDraw@COPOSElectronicJournal@@MEAAJAEAUATL_DRAWINFO@@@Z 000000018000dc7c f   ElectronicJournalImpl.obj
 0001:0000cd68       ?Open@COPOSElectronicJournal@@UEAAJPEA_WPEAJ@Z 000000018000dd68 f   ElectronicJournalImpl.obj
 0001:0000d5f0       ?PrintContent@COPOSElectronicJournal@@UEAAJPEA_W0PEAJ@Z 000000018000e5f0 f   ElectronicJournalImpl.obj
 0001:0000d6cc       ?PrintContentFile@COPOSElectronicJournal@@UEAAJPEA_WPEAJ@Z 000000018000e6cc f   ElectronicJournalImpl.obj
 0001:0000d754       ?QueryContent@COPOSElectronicJournal@@UEAAJPEA_W00PEAJ@Z 000000018000e754 f   ElectronicJournalImpl.obj
 0001:0000d840       ?ReleaseDevice@COPOSElectronicJournal@@UEAAJPEAJ@Z 000000018000e840 f   ElectronicJournalImpl.obj
 0001:0000d8ac       ?ResetStatistics@COPOSElectronicJournal@@UEAAJPEA_WPEAJ@Z 000000018000e8ac f   ElectronicJournalImpl.obj
 0001:0000d934       ?ResumePrintContent@COPOSElectronicJournal@@UEAAJPEAJ@Z 000000018000e934 f   ElectronicJournalImpl.obj
 0001:0000d95c       ?ResumeQueryContent@COPOSElectronicJournal@@UEAAJPEAJ@Z 000000018000e95c f   ElectronicJournalImpl.obj
 0001:0000d984       ?RetrieveCurrentMarker@COPOSElectronicJournal@@UEAAJJPEAPEA_WPEAJ@Z 000000018000e984 f   ElectronicJournalImpl.obj
 0001:0000da5c       ?RetrieveMarker@COPOSElectronicJournal@@UEAAJJJJPEAPEA_WPEAJ@Z 000000018000ea5c f   ElectronicJournalImpl.obj
 0001:0000db6c       ?RetrieveMarkerByDateTime@COPOSElectronicJournal@@UEAAJJPEA_W0PEAPEA_WPEAJ@Z 000000018000eb6c f   ElectronicJournalImpl.obj
 0001:0000dc74       ?RetrieveMarkersDateTime@COPOSElectronicJournal@@UEAAJPEA_WPEAPEA_WPEAJ@Z 000000018000ec74 f   ElectronicJournalImpl.obj
 0001:0000dd50       ?RetrieveStatistics@COPOSElectronicJournal@@UEAAJPEAPEA_WPEAJ@Z 000000018000ed50 f   ElectronicJournalImpl.obj
 0001:0000ddd8       ?SOProcessID@COPOSElectronicJournal@@UEAAJPEAJ@Z 000000018000edd8 f   ElectronicJournalImpl.obj
 0001:0000ddf4       ?SetCOFreezeEvents@COPOSElectronicJournal@@IEAAXF@Z 000000018000edf4 f   ElectronicJournalImpl.obj
 0001:0000ded8       ?SetOposProp@COPOSElectronicJournal@@IEAAJJJJ@Z 000000018000eed8 f   ElectronicJournalImpl.obj
 0001:0000e038       ?SuspendPrintContent@COPOSElectronicJournal@@UEAAJPEAJ@Z 000000018000f038 f   ElectronicJournalImpl.obj
 0001:0000e060       ?SuspendQueryContent@COPOSElectronicJournal@@UEAAJPEAJ@Z 000000018000f060 f   ElectronicJournalImpl.obj
 0001:0000e088       ?UpdateFirmware@COPOSElectronicJournal@@UEAAJPEA_WPEAJ@Z 000000018000f088 f   ElectronicJournalImpl.obj
 0001:0000e110       ?UpdateStatistics@COPOSElectronicJournal@@UEAAJPEA_WPEAJ@Z 000000018000f110 f   ElectronicJournalImpl.obj
 0001:0000e198       ?get_AsyncMode@COPOSElectronicJournal@@UEAAJPEAF@Z 000000018000f198 f   ElectronicJournalImpl.obj
 0001:0000e1cc       ?get_AutoDisable@COPOSElectronicJournal@@UEAAJPEAF@Z 000000018000f1cc f   ElectronicJournalImpl.obj
 0001:0000e1fc       ?get_BinaryConversion@COPOSElectronicJournal@@UEAAJPEAJ@Z 000000018000f1fc f   ElectronicJournalImpl.obj
 0001:0000e210       ?get_CapAddMarker@COPOSElectronicJournal@@UEAAJPEAF@Z 000000018000f210 f   ElectronicJournalImpl.obj
 0001:0000e244       ?get_CapCompareFirmwareVersion@COPOSElectronicJournal@@UEAAJPEAF@Z 000000018000f244 f   ElectronicJournalImpl.obj
 0001:0000e278       ?get_CapErasableMedium@COPOSElectronicJournal@@UEAAJPEAF@Z 000000018000f278 f   ElectronicJournalImpl.obj
 0001:0000e2ac       ?get_CapInitializeMedium@COPOSElectronicJournal@@UEAAJPEAF@Z 000000018000f2ac f   ElectronicJournalImpl.obj
 0001:0000e2e0       ?get_CapMediumIsAvailable@COPOSElectronicJournal@@UEAAJPEAF@Z 000000018000f2e0 f   ElectronicJournalImpl.obj
 0001:0000e314       ?get_CapPowerReporting@COPOSElectronicJournal@@UEAAJPEAJ@Z 000000018000f314 f   ElectronicJournalImpl.obj
 0001:0000e328       ?get_CapPrintContent@COPOSElectronicJournal@@UEAAJPEAF@Z 000000018000f328 f   ElectronicJournalImpl.obj
 0001:0000e35c       ?get_CapPrintContentFile@COPOSElectronicJournal@@UEAAJPEAF@Z 000000018000f35c f   ElectronicJournalImpl.obj
 0001:0000e390       ?get_CapRetrieveCurrentMarker@COPOSElectronicJournal@@UEAAJPEAF@Z 000000018000f390 f   ElectronicJournalImpl.obj
 0001:0000e3c4       ?get_CapRetrieveMarker@COPOSElectronicJournal@@UEAAJPEAF@Z 000000018000f3c4 f   ElectronicJournalImpl.obj
 0001:0000e3f8       ?get_CapRetrieveMarkerByDateTime@COPOSElectronicJournal@@UEAAJPEAF@Z 000000018000f3f8 f   ElectronicJournalImpl.obj
 0001:0000e42c       ?get_CapRetrieveMarkersDateTime@COPOSElectronicJournal@@UEAAJPEAF@Z 000000018000f42c f   ElectronicJournalImpl.obj
 0001:0000e460       ?get_CapStation@COPOSElectronicJournal@@UEAAJPEAJ@Z 000000018000f460 f   ElectronicJournalImpl.obj
 0001:0000e474       ?get_CapStatisticsReporting@COPOSElectronicJournal@@UEAAJPEAF@Z 000000018000f474 f   ElectronicJournalImpl.obj
 0001:0000e4a8       ?get_CapStorageEnabled@COPOSElectronicJournal@@UEAAJPEAF@Z 000000018000f4a8 f   ElectronicJournalImpl.obj
 0001:0000e4dc       ?get_CapSuspendPrintContent@COPOSElectronicJournal@@UEAAJPEAF@Z 000000018000f4dc f   ElectronicJournalImpl.obj
 0001:0000e510       ?get_CapSuspendQueryContent@COPOSElectronicJournal@@UEAAJPEAF@Z 000000018000f510 f   ElectronicJournalImpl.obj
 0001:0000e544       ?get_CapUpdateFirmware@COPOSElectronicJournal@@UEAAJPEAF@Z 000000018000f544 f   ElectronicJournalImpl.obj
 0001:0000e578       ?get_CapUpdateStatistics@COPOSElectronicJournal@@UEAAJPEAF@Z 000000018000f578 f   ElectronicJournalImpl.obj
 0001:0000e5ac       ?get_CapWaterMark@COPOSElectronicJournal@@UEAAJPEAF@Z 000000018000f5ac f   ElectronicJournalImpl.obj
 0001:0000e5e0       ?get_CheckHealthText@COPOSElectronicJournal@@UEAAJPEAPEA_W@Z 000000018000f5e0 f   ElectronicJournalImpl.obj
 0001:0000e5f4       ?get_Claimed@COPOSElectronicJournal@@UEAAJPEAF@Z 000000018000f5f4 f   ElectronicJournalImpl.obj
 0001:0000e628       ?get_ControlObjectDescription@COPOSElectronicJournal@@UEAAJPEAPEA_W@Z 000000018000f628 f   ElectronicJournalImpl.obj
 0001:0000e68c       ?get_ControlObjectVersion@COPOSElectronicJournal@@UEAAJPEAJ@Z 000000018000f68c f   ElectronicJournalImpl.obj
 0001:0000e698       ?get_DataCount@COPOSElectronicJournal@@UEAAJPEAJ@Z 000000018000f698 f   ElectronicJournalImpl.obj
 0001:0000e6ac       ?get_DataEventEnabled@COPOSElectronicJournal@@UEAAJPEAF@Z 000000018000f6ac f   ElectronicJournalImpl.obj
 0001:0000e6e0       ?get_DeviceDescription@COPOSElectronicJournal@@UEAAJPEAPEA_W@Z 000000018000f6e0 f   ElectronicJournalImpl.obj
 0001:0000e6f4       ?get_DeviceEnabled@COPOSElectronicJournal@@UEAAJPEAF@Z 000000018000f6f4 f   ElectronicJournalImpl.obj
 0001:0000e728       ?get_DeviceName@COPOSElectronicJournal@@UEAAJPEAPEA_W@Z 000000018000f728 f   ElectronicJournalImpl.obj
 0001:0000e73c       ?get_FlagWhenIdle@COPOSElectronicJournal@@UEAAJPEAF@Z 000000018000f73c f   ElectronicJournalImpl.obj
 0001:0000e770       ?get_FreezeEvents@COPOSElectronicJournal@@UEAAJPEAF@Z 000000018000f770 f   ElectronicJournalImpl.obj
 0001:0000e7a0       ?get_MediumFreeSpace@COPOSElectronicJournal@@UEAAJPEATtagCY@@@Z 000000018000f7a0 f   ElectronicJournalImpl.obj
 0001:0000e870       ?get_MediumID@COPOSElectronicJournal@@UEAAJPEAPEA_W@Z 000000018000f870 f   ElectronicJournalImpl.obj
 0001:0000e884       ?get_MediumIsAvailable@COPOSElectronicJournal@@UEAAJPEAF@Z 000000018000f884 f   ElectronicJournalImpl.obj
 0001:0000e8b8       ?get_MediumSize@COPOSElectronicJournal@@UEAAJPEATtagCY@@@Z 000000018000f8b8 f   ElectronicJournalImpl.obj
 0001:0000e988       ?get_OpenResult@COPOSElectronicJournal@@UEAAJPEAJ@Z 000000018000f988 f   ElectronicJournalImpl.obj
 0001:0000e994       ?get_OutputID@COPOSElectronicJournal@@UEAAJPEAJ@Z 000000018000f994 f   ElectronicJournalImpl.obj
 0001:0000e9a8       ?get_PowerNotify@COPOSElectronicJournal@@UEAAJPEAJ@Z 000000018000f9a8 f   ElectronicJournalImpl.obj
 0001:0000e9bc       ?get_PowerState@COPOSElectronicJournal@@UEAAJPEAJ@Z 000000018000f9bc f   ElectronicJournalImpl.obj
 0001:0000e9d0       ?get_ResultCode@COPOSElectronicJournal@@UEAAJPEAJ@Z 000000018000f9d0 f   ElectronicJournalImpl.obj
 0001:0000ea0c       ?get_ResultCodeExtended@COPOSElectronicJournal@@UEAAJPEAJ@Z 000000018000fa0c f   ElectronicJournalImpl.obj
 0001:0000ea20       ?get_ServiceObjectDescription@COPOSElectronicJournal@@UEAAJPEAPEA_W@Z 000000018000fa20 f   ElectronicJournalImpl.obj
 0001:0000ea34       ?get_ServiceObjectVersion@COPOSElectronicJournal@@UEAAJPEAJ@Z 000000018000fa34 f   ElectronicJournalImpl.obj
 0001:0000ea48       ?get_State@COPOSElectronicJournal@@UEAAJPEAJ@Z 000000018000fa48 f   ElectronicJournalImpl.obj
 0001:0000ea74       ?get_Station@COPOSElectronicJournal@@UEAAJPEAJ@Z 000000018000fa74 f   ElectronicJournalImpl.obj
 0001:0000ea88       ?get_StorageEnabled@COPOSElectronicJournal@@UEAAJPEAF@Z 000000018000fa88 f   ElectronicJournalImpl.obj
 0001:0000eabc       ?get_Suspended@COPOSElectronicJournal@@UEAAJPEAF@Z 000000018000fabc f   ElectronicJournalImpl.obj
 0001:0000eaf0       ?get_WaterMark@COPOSElectronicJournal@@UEAAJPEAF@Z 000000018000faf0 f   ElectronicJournalImpl.obj
 0001:0000eb24       ?put_AsyncMode@COPOSElectronicJournal@@UEAAJF@Z 000000018000fb24 f   ElectronicJournalImpl.obj
 0001:0000eb40       ?put_AutoDisable@COPOSElectronicJournal@@UEAAJF@Z 000000018000fb40 f   ElectronicJournalImpl.obj
 0001:0000eb58       ?put_BinaryConversion@COPOSElectronicJournal@@UEAAJJ@Z 000000018000fb58 f   ElectronicJournalImpl.obj
 0001:0000eb6c       ?put_DataEventEnabled@COPOSElectronicJournal@@UEAAJF@Z 000000018000fb6c f   ElectronicJournalImpl.obj
 0001:0000eb84       ?put_DeviceEnabled@COPOSElectronicJournal@@UEAAJF@Z 000000018000fb84 f   ElectronicJournalImpl.obj
 0001:0000eb9c       ?put_FlagWhenIdle@COPOSElectronicJournal@@UEAAJF@Z 000000018000fb9c f   ElectronicJournalImpl.obj
[...]
 0004:00001884       $pdata$??$?RV<lambda_fb3a7dec4e47f37f22dae91bb15c9095>@@AEAV<lambda_698284760c8add0bfb0756c19673e34b>@@V<lambda_dfb8eca1e75fef3034a8fb18dd509707>@@@?$__crt_seh_guarded_call@X@@QEAAX$$QEAV<lambda_fb3a7dec4e47f37f22dae91bb15c9095>@@AEAV<lambda_698284760c8add0bfb0756c19673e34b>@@$$QEAV<lambda_dfb8eca1e75fef3034a8fb18dd509707>@@@Z 0000000180034884     libucrt:per_thread_data.obj
 0004:00001890       $pdata$_calloc_base        0000000180034890     libucrt:calloc_base.obj
 0004:0000189c       $pdata$_malloc_base        000000018003489c     libucrt:malloc_base.obj
 0004:000018a8       $pdata$_msize              00000001800348a8     libucrt:msize.obj
 0004:000018b4       $pdata$_realloc_base       00000001800348b4     libucrt:realloc_base.obj
 0004:000018c0       $pdata$__acrt_FlsAlloc     00000001800348c0     libucrt:winapi_thunks.obj
 0004:000018cc       $pdata$__acrt_FlsFree      00000001800348cc     libucrt:winapi_thunks.obj
 0004:000018d8       $pdata$__acrt_FlsGetValue  00000001800348d8     libucrt:winapi_thunks.obj
 0004:000018e4       $pdata$__acrt_FlsSetValue  00000001800348e4     libucrt:winapi_thunks.obj
 0004:000018f0       $pdata$__acrt_initialize_winapi_thunks 00000001800348f0     libucrt:winapi_thunks.obj
 0004:000018fc       $pdata$__acrt_uninitialize_winapi_thunks 00000001800348fc     libucrt:winapi_thunks.obj
 0004:00001908       $pdata$__acrt_InitializeCriticalSectionEx 0000000180034908     libucrt:winapi_thunks.obj
 0004:00001914       $pdata$__acrt_LCMapStringEx 0000000180034914     libucrt:winapi_thunks.obj
 0004:00001920       $pdata$__acrt_LocaleNameToLCID 0000000180034920     libucrt:winapi_thunks.obj
 0004:0000192c       $pdata$__acrt_SetThreadStackGuarantee 000000018003492c     libucrt:winapi_thunks.obj
 0004:00001938       $pdata$__acrt_is_packaged_app 0000000180034938     libucrt:winapi_thunks.obj
 0004:00001944       $pdata$?try_get_function@@YAPEAXW4function_id@?A0x63058377@@QEBDQEBW4module_id@2@2@Z 0000000180034944     libucrt:winapi_thunks.obj
 0004:00001950       $pdata$isdigit             0000000180034950     libucrt:_ctype.obj
 0004:0000195c       $pdata$tolower             000000018003495c     libucrt:tolower_toupper.obj
 0004:00001968       $pdata$_tolower_l          0000000180034968     libucrt:tolower_toupper.obj
 0004:00001974       $pdata$?internal_isupper_l@@YA_NHQEAU__crt_locale_pointers@@@Z 0000000180034974     libucrt:tolower_toupper.obj
 0004:00001980       $pdata$wcstol              0000000180034980     libucrt:strtox.obj
 0004:0000198c       $pdata$_mbtowc_l           000000018003498c     libucrt:mbtowc.obj
 0004:00001998       $pdata$wcsnlen             0000000180034998     libucrt:strnlen.obj
 0004:000019a4       $pdata$__acrt_update_locale_info 00000001800349a4     libucrt:locale_update.obj
 0004:000019b0       $pdata$__acrt_update_multibyte_info 00000001800349b0     libucrt:locale_update.obj
 0004:000019bc       $pdata$__acrt_fp_format    00000001800349bc     libucrt:cvt.obj
 0004:000019c8       $pdata$?fp_format_nan_or_infinity@@YAHW4__acrt_fp_class@@_NPEAD_K1@Z 00000001800349c8     libucrt:cvt.obj
 0004:000019d4       $pdata$?fp_format_e_internal@@YAHQEAD_KH_NIQEAU_strflt@@2QEAU__crt_locale_pointers@@@Z 00000001800349d4     libucrt:cvt.obj
 0004:000019e0       $pdata$?fp_format_e@@YAHQEBNQEAD_K12H_NIQEAU__crt_locale_pointers@@@Z 00000001800349e0     libucrt:cvt.obj
 0004:000019ec       $pdata$?fp_format_a@@YAHQEBNPEAD_KQEAD2H_NIQEAU__crt_locale_pointers@@@Z 00000001800349ec     libucrt:cvt.obj
 0004:000019f8       $pdata$?fp_format_f_internal@@YAHQEAD_KHQEAU_strflt@@_NQEAU__crt_locale_pointers@@@Z 00000001800349f8     libucrt:cvt.obj
 0004:00001a04       $pdata$?fp_format_g@@YAHQEBNQEAD_K12H_NIQEAU__crt_locale_pointers@@@Z 0000000180034a04     libucrt:cvt.obj
 0004:00001a10       $pdata$_fileno             0000000180034a10     libucrt:fileno.obj
 0004:00001a1c       $pdata$__acrt_initialize_stdio 0000000180034a1c     libucrt:_file.obj
 0004:00001a28       $pdata$__acrt_uninitialize_stdio 0000000180034a28     libucrt:_file.obj
 0004:00001a34       $pdata$__acrt_uninitialize_locale 0000000180034a34     libucrt:wsetlocale.obj
 0004:00001a40       $pdata$__acrt_update_thread_locale_data$fin$0 0000000180034a40     libucrt:locale_refcounting.obj
 0004:00001a40       $pdata$__acrt_uninitialize_locale$fin$0 0000000180034a40     libucrt:wsetlocale.obj
 0004:00001a4c       $pdata$__acrt_initialize_lowio 0000000180034a4c     libucrt:ioinit.obj
 0004:00001a58       $pdata$__acrt_initialize_lowio$fin$0 0000000180034a58     libucrt:ioinit.obj
 0004:00001a58       $pdata$__acrt_lowio_ensure_fh_exists$fin$0 0000000180034a58     libucrt:osfinfo.obj
 0004:00001a64       $pdata$__acrt_uninitialize_lowio 0000000180034a64     libucrt:ioinit.obj
 0004:00001a70       $pdata$?initialize_inherited_file_handles_nolock@@YAXXZ 0000000180034a70     libucrt:ioinit.obj
 0004:00001a7c       $pdata$?initialize_stdio_handles_nolock@@YAXXZ 0000000180034a7c     libucrt:ioinit.obj
 0004:00001a88       $pdata$__acrt_initialize_locks 0000000180034a88     libucrt:locks.obj
 0004:00001a94       $pdata$__acrt_uninitialize_locks 0000000180034a94     libucrt:locks.obj
 0004:00001aa0       $pdata$??$common_expand_argv_wildcards@D@@YAHQEAPEADQEAPEAPEAD@Z 0000000180034aa0     libucrt:argv_wildcards.obj
 0004:00001aac       $pdata$?expand_if_necessary@?$argument_list@D@?A0xca0879c4@@AEAAHXZ 0000000180034aac     libucrt:argv_wildcards.obj
 0004:00001ab8       $pdata$??$copy_and_add_argument_to_buffer@D@@YAHQEBD0_KAEAV?$argument_list@D@?A0xca0879c4@@@Z 0000000180034ab8     libucrt:argv_wildcards.obj
 0004:00001ac4       $pdata$??$expand_argument_wildcards@D@@YAHQEAD0AEAV?$argument_list@D@?A0xca0879c4@@@Z 0000000180034ac4     libucrt:argv_wildcards.obj
 0004:00001ad0       $pdata$__acrt_update_thread_multibyte_data 0000000180034ad0     libucrt:mbctype.obj
 0004:00001adc       $pdata$__acrt_update_thread_multibyte_data$fin$0 0000000180034adc     libucrt:mbctype.obj
 0004:00001ae8       $pdata$__acrt_initialize_multibyte 0000000180034ae8     libucrt:mbctype.obj
 0004:00001af4       $pdata$_setmbcp_nolock     0000000180034af4     libucrt:mbctype.obj
 0004:00001b00       $pdata$?getSystemCP@@YAHH@Z 0000000180034b00     libucrt:mbctype.obj
 0004:00001b0c       $pdata$?setSBCS@@YAXPEAU__crt_multibyte_data@@@Z 0000000180034b0c     libucrt:mbctype.obj
 0004:00001b18       $pdata$?setSBUpLow@@YAXPEAU__crt_multibyte_data@@@Z 0000000180034b18     libucrt:mbctype.obj
 0004:00001b24       $pdata$?setmbcp_internal@@YAHH_N@Z 0000000180034b24     libucrt:mbctype.obj
 0004:00001b30       $pdata$??R<lambda_ad1ced32f4ac17aa236e5ef05d6b3b7c>@@QEBAXXZ 0000000180034b30     libucrt:mbctype.obj
 0004:00001b3c       $pdata$??$?RV<lambda_99476a1ad63dd22509b5d3e65b0ffc95>@@AEAV<lambda_ad1ced32f4ac17aa236e5ef05d6b3b7c>@@V<lambda_f7424dd8d45958661754dc4f2697e9c3>@@@?$__crt_seh_guarded_call@X@@QEAAX$$QEAV<lambda_99476a1ad63dd22509b5d3e65b0ffc95>@@AEAV<lambda_ad1ced32f4ac17aa236e5ef05d6b3b7c>@@$$QEAV<lambda_f7424dd8d45958661754dc4f2697e9c3>@@@Z 0000000180034b3c     libucrt:mbctype.obj
 0004:00001b48       $pdata$?x_ismbbtype_l@@YAHPEAU__crt_locale_pointers@@IHH@Z 0000000180034b48     libucrt:ismbbyte.obj
 0004:00001b54       $pdata$__acrt_initialize_command_line 0000000180034b54     libucrt:argv_data.obj
 0004:00001b60       $pdata$__dcrt_get_narrow_environment_from_os 0000000180034b60     libucrt:get_environment_from_os.obj
 0004:00001b6c       $pdata$__acrt_initialize_heap 0000000180034b6c     libucrt:heap_handle.obj
 0004:00001b78       $pdata$__acrt_execute_initializers 0000000180034b78     libucrt:shared_initialization.obj
 0004:00001b84       $pdata$__acrt_execute_uninitializers 0000000180034b84     libucrt:shared_initialization.obj
 0004:00001b90       $pdata$__acrt_get_sigabrt_handler 0000000180034b90     libucrt:signal.obj
 0004:00001b9c       $pdata$raise               0000000180034b9c     libucrt:signal.obj
 0004:00001ba8       $pdata$raise$fin$0         0000000180034ba8     libucrt:signal.obj
 0004:00001bb4       $pdata$??$?RV<lambda_c36588078e9f5dfd39652860aa6b3aaf>@@AEAV<lambda_ec61778202f4f5fc7e7711acc23c3bca>@@V<lambda_dc9d2797ccde5d239b4a0efae8ebd7db>@@@?$__crt_seh_guarded_call@P6AXH@Z@@QEAAP6AXH@Z$$QEAV<lambda_c36588078e9f5dfd39652860aa6b3aaf>@@AEAV<lambda_ec61778202f4f5fc7e7711acc23c3bca>@@$$QEAV<lambda_dc9d2797ccde5d239b4a0efae8ebd7db>@@@Z 0000000180034bb4     libucrt:signal.obj
 0004:00001bc0       $pdata$__acrt_invoke_user_matherr 0000000180034bc0     libucrt:matherr.obj
 0004:00001bcc       $pdata$__pctype_func       0000000180034bcc     libucrt:ctype.obj
 0004:00001bd8       $pdata$iswctype            0000000180034bd8     libucrt:iswctype.obj
 0004:00001be4       $pdata$_isctype_l          0000000180034be4     libucrt:isctype.obj
 0004:00001bf0       $pdata$__acrt_release_locale_ref 0000000180034bf0     libucrt:locale_refcounting.obj
 0004:00001bfc       $pdata$__acrt_free_locale  0000000180034bfc     libucrt:locale_refcounting.obj
 0004:00001c08       $pdata$__acrt_locale_free_lc_time_if_unreferenced 0000000180034c08     libucrt:locale_refcounting.obj
 0004:00001c14       $pdata$__acrt_update_thread_locale_data 0000000180034c14     libucrt:locale_refcounting.obj
 0004:00001c20       $pdata$_updatetlocinfoEx_nolock 0000000180034c20     libucrt:locale_refcounting.obj
 0004:00001c2c       $pdata$__acrt_DownlevelLocaleNameToLCID 0000000180034c2c     libucrt:lcidtoname_downlevel.obj
 0004:00001c38       $pdata$?GetTableIndexFromLocaleName@@YAHPEB_W@Z 0000000180034c38     libucrt:lcidtoname_downlevel.obj
 0004:00001c44       $pdata$_isleadbyte_l       0000000180034c44     libucrt:_wctype.obj
 0004:00001c50       $pdata$__acrt_LCMapStringA 0000000180034c50     libucrt:lcmapstringa.obj
 0004:00001c5c       $pdata$?__acrt_LCMapStringA_stat@@YAHPEAU__crt_locale_pointers@@PEB_WKPEBDHPEADHHH@Z 0000000180034c5c     libucrt:lcmapstringa.obj
 0004:00001c68       $pdata$__acrt_fp_strflt_to_string 0000000180034c68     libucrt:_fptostr.obj
 0004:00001c74       $pdata$memcpy_s            0000000180034c74     libucrt:cfout.obj
 0004:00001c80       $pdata$__acrt_fltout       0000000180034c80     libucrt:cfout.obj
 0004:00001c8c       $pdata$?divide@__crt_strtox@@YA_KAEAUbig_integer@1@AEBU21@@Z 0000000180034c8c     libucrt:cfout.obj
 0004:00001c98       $pdata$5$?divide@__crt_strtox@@YA_KAEAUbig_integer@1@AEBU21@@Z 0000000180034c98     libucrt:cfout.obj
 0004:00001ca4       $pdata$6$?divide@__crt_strtox@@YA_KAEAUbig_integer@1@AEBU21@@Z 0000000180034ca4     libucrt:cfout.obj
 0004:00001cb0       $pdata$_fcloseall          0000000180034cb0     libucrt:closeall.obj
 0004:00001cbc       $pdata$_fcloseall$fin$0    0000000180034cbc     libucrt:closeall.obj
 0004:00001cc8       $pdata$_fflush_nolock      0000000180034cc8     libucrt:fflush.obj
 0004:00001cd4       $pdata$__acrt_stdio_flush_nolock 0000000180034cd4     libucrt:fflush.obj
 0004:00001ce0       $pdata$common_flush_all    0000000180034ce0     libucrt:fflush.obj
 0004:00001cec       $pdata$common_flush_all$fin$0 0000000180034cec     libucrt:fflush.obj
 0004:00001cf8       $pdata$common_flush_all$fin$1 0000000180034cf8     libucrt:fflush.obj
 0004:00001d04       $pdata$__acrt_stdio_free_buffer_nolock 0000000180034d04     libucrt:_freebuf.obj
 0004:00001d10       $pdata$_isatty             0000000180034d10     libucrt:isatty.obj
 0004:00001d1c       $pdata$__acrt_locale_free_monetary 0000000180034d1c     libucrt:initmon.obj
 0004:00001d28       $pdata$__acrt_locale_free_numeric 0000000180034d28     libucrt:initnum.obj
 0004:00001d34       $pdata$__acrt_locale_free_time 0000000180034d34     libucrt:inittime.obj
 0004:00001d40       $pdata$?free_crt_array_internal@@YAXQEAPEBX_K@Z 0000000180034d40     libucrt:inittime.obj
 0004:00001d4c       $pdata$__acrt_GetStringTypeA 0000000180034d4c     libucrt:getstringtypea.obj
 0004:00001d58       $pdata$_get_osfhandle      0000000180034d58     libucrt:osfinfo.obj
 0004:00001d64       $pdata$_free_osfhnd        0000000180034d64     libucrt:osfinfo.obj
 0004:00001d70       $pdata$__acrt_lowio_create_handle_array 0000000180034d70     libucrt:osfinfo.obj
 0004:00001d7c       $pdata$__acrt_lowio_destroy_handle_array 0000000180034d7c     libucrt:osfinfo.obj
 0004:00001d88       $pdata$__acrt_lowio_ensure_fh_exists 0000000180034d88     libucrt:osfinfo.obj
 0004:00001d94       $pdata$qsort               0000000180034d94     libucrt:qsort.obj
 0004:00001da0       $pdata$4$qsort             0000000180034da0     libucrt:qsort.obj
 0004:00001dac       $pdata$5$qsort             0000000180034dac     libucrt:qsort.obj
 0004:00001db8       $pdata$?shortsort@@YAXPEAD0_KP6AHPEBX2@Z@Z 0000000180034db8     libucrt:qsort.obj
 0004:00001dc4       $pdata$2$?shortsort@@YAXPEAD0_KP6AHPEBX2@Z@Z 0000000180034dc4     libucrt:qsort.obj
 0004:00001dd0       $pdata$3$?shortsort@@YAXPEAD0_KP6AHPEBX2@Z@Z 0000000180034dd0     libucrt:qsort.obj
 0004:00001ddc       $pdata$strncpy_s           0000000180034ddc     libucrt:strncpy_s.obj
 0004:00001de8       $pdata$strpbrk             0000000180034de8     libucrt:strpbrk.obj
 0004:00001df4       $pdata$_mbsdec_l           0000000180034df4     libucrt:mbsdec.obj
 0004:00001e00       $pdata$?initialize_multibyte@@YAHXZ 0000000180034e00     libucrt:multibyte_initializer.obj
 0004:00001e0c       $pdata$fegetenv            0000000180034e0c     libucrt:fegetenv.obj
 0004:00001e18       $pdata$fesetenv            0000000180034e18     libucrt:fesetenv.obj
 0004:00001e24       $pdata$feholdexcept        0000000180034e24     libucrt:feholdexcept.obj
 0004:00001e3c       $pdata$_write              0000000180034e3c     libucrt:write.obj
 0004:00001e48       $pdata$_write$fin$0        0000000180034e48     libucrt:write.obj
 0004:00001e54       $pdata$_write_nolock       0000000180034e54     libucrt:write.obj
 0004:00001e60       $pdata$?write_double_translated_ansi_nolock@@YA?AUwrite_result@?A0x9c548279@@HQEBDI@Z 0000000180034e60     libucrt:write.obj
 0004:00001e6c       $pdata$?write_text_ansi_nolock@@YA?AUwrite_result@?A0x9c548279@@HQEBDI@Z 0000000180034e6c     libucrt:write.obj
 0004:00001e78       $pdata$?write_text_utf16le_nolock@@YA?AUwrite_result@?A0x9c548279@@HQEBDI@Z 0000000180034e78     libucrt:write.obj
 0004:00001e84       $pdata$?write_text_utf8_nolock@@YA?AUwrite_result@?A0x9c548279@@HQEBDI@Z 0000000180034e84     libucrt:write.obj
 0004:00001e90       $pdata$??$common_lseek_nolock@_J@@YA_JH_JH@Z 0000000180034e90     libucrt:lseek.obj
 0004:00001e9c       $pdata$fclose              0000000180034e9c     libucrt:fclose.obj
 0004:00001ea8       $pdata$fclose$fin$0        0000000180034ea8     libucrt:fclose.obj
 0004:00001eb4       $pdata$_fclose_nolock      0000000180034eb4     libucrt:fclose.obj
 0004:00001ec0       $pdata$_commit             0000000180034ec0     libucrt:commit.obj
 0004:00001ecc       $pdata$??$?RV<lambda_b521505b218e5242e90febf6bfebc422>@@AEAV<lambda_6978c1fb23f02e42e1d9e99668cc68aa>@@V<lambda_314360699dd331753a4119843814e9a7>@@@?$__crt_seh_guarded_call@H@@QEAAH$$QEAV<lambda_b521505b218e5242e90febf6bfebc422>@@AEAV<lambda_6978c1fb23f02e42e1d9e99668cc68aa>@@$$QEAV<lambda_314360699dd331753a4119843814e9a7>@@@Z 0000000180034ecc     libucrt:commit.obj
 0004:00001ed8       $pdata$?fin$0@?0???$?RV<lambda_bfedae4ebbf01fab1bb6dcc6a9e276e0>@@AEAV<lambda_2fe9b910cf3cbf4a0ab98a02ba45b3ec>@@V<lambda_237c231691f317818eb88cc1d5d642d6>@@@?$__crt_seh_guarded_call@H@@QEAAH$$QEAV<lambda_bfedae4ebbf01fab1bb6dcc6a9e276e0>@@AEAV<lambda_2fe9b910cf3cbf4a0ab98a02ba45b3ec>@@$$QEAV<lambda_237c231691f317818eb88cc1d5d642d6>@@@Z@4HA 0000000180034ed8     libucrt:close.obj
 0004:00001ed8       $pdata$?fin$0@?0???$?RV<lambda_b521505b218e5242e90febf6bfebc422>@@AEAV<lambda_6978c1fb23f02e42e1d9e99668cc68aa>@@V<lambda_314360699dd331753a4119843814e9a7>@@@?$__crt_seh_guarded_call@H@@QEAAH$$QEAV<lambda_b521505b218e5242e90febf6bfebc422>@@AEAV<lambda_6978c1fb23f02e42e1d9e99668cc68aa>@@$$QEAV<lambda_314360699dd331753a4119843814e9a7>@@@Z@4HA 0000000180034ed8     libucrt:commit.obj
 0004:00001ee4       $pdata$_setfpstatusword    0000000180034ee4     libucrt:_fenvutils.obj
 0004:00001ef0       $pdata$_getfpcontrolword   0000000180034ef0     libucrt:_fenvutils.obj
 0004:00001efc       $pdata$_getfpstatusword    0000000180034efc     libucrt:_fenvutils.obj
 0004:00001f08       $pdata$_clearfp            0000000180034f08     libucrt:ieee.obj
 0004:00001f14       $pdata$common_control87    0000000180034f14     libucrt:ieee.obj
 0004:00001f20       $pdata$_ctrlfp$filt$0      0000000180034f20     libucrt:fpctrl.obj
 0004:00001f20       $pdata$common_control87$filt$0 0000000180034f20     libucrt:ieee.obj
 0004:00001f2c       $pdata$_call_matherr       0000000180034f2c     libucrt:libm_error.obj
 0004:00001f38       $pdata$_exception_enabled  0000000180034f38     libucrt:libm_error.obj
 0004:00001f44       $pdata$_handle_error       0000000180034f44     libucrt:libm_error.obj
 0004:00001f50       $pdata$__acrt_initialize_fma3 0000000180034f50     libucrt:fma3_available.obj
 0004:00001f5c       $pdata$_log_special_common 0000000180034f5c     libucrt:log_special.obj
 0004:00001f68       $pdata$_log10_special      0000000180034f68     libucrt:log_special.obj
 0004:00001f74       $pdata$_putwch_nolock      0000000180034f74     libucrt:putwch.obj
 0004:00001f80       $pdata$_close              0000000180034f80     libucrt:close.obj
 0004:00001f8c       $pdata$_close_nolock       0000000180034f8c     libucrt:close.obj
 0004:00001f98       $pdata$??$?RV<lambda_bfedae4ebbf01fab1bb6dcc6a9e276e0>@@AEAV<lambda_2fe9b910cf3cbf4a0ab98a02ba45b3ec>@@V<lambda_237c231691f317818eb88cc1d5d642d6>@@@?$__crt_seh_guarded_call@H@@QEAAH$$QEAV<lambda_bfedae4ebbf01fab1bb6dcc6a9e276e0>@@AEAV<lambda_2fe9b910cf3cbf4a0ab98a02ba45b3ec>@@$$QEAV<lambda_237c231691f317818eb88cc1d5d642d6>@@@Z 0000000180034f98     libucrt:close.obj
 0004:00001fb0       $pdata$_set_errno_from_matherr 0000000180034fb0     libucrt:fpexcept.obj
 0004:00001fbc       $pdata$_raise_exc          0000000180034fbc     libucrt:fpexcept.obj
 0004:00001fc8       $pdata$_raise_exc_ex       0000000180034fc8     libucrt:fpexcept.obj
 0004:00001fd4       $pdata$_clrfp              0000000180034fd4     libucrt:fpctrl.obj
 0004:00001fe0       $pdata$_ctrlfp             0000000180034fe0     libucrt:fpctrl.obj
 0004:00001fec       $pdata$_statfp             0000000180034fec     libucrt:fpctrl.obj
 0004:00001ff8       $pdata$_set_statfp         0000000180034ff8     libucrt:fpctrl.obj
 0004:00002004       $pdata$__dcrt_lowio_initialize_console_output 0000000180035004     libucrt:initcon.obj
 0004:00002010       $pdata$__dcrt_terminate_console_output 0000000180035010     libucrt:initcon.obj
 0004:0000201c       $pdata$_IsNonwritableInCurrentImage 000000018003501c     LIBCMT:pesect.obj
 0004:00002028       $pdata$_IsNonwritableInCurrentImage$filt$0 0000000180035028     LIBCMT:pesect.obj
 0004:00002034       $pdata$strrchr             0000000180035034     libvcruntime:strrchr.obj
 0005:00000220       $R000000                   0000000180036220     ElectronicJournal.res
 0005:00000bb8       $R000998                   0000000180036bb8     ElectronicJournal.res
 0005:00000ca0       $R000A80                   0000000180036ca0     ElectronicJournal.res
 0005:00000f08       $R000CE8                   0000000180036f08     ElectronicJournal.res
 0005:00001410       $R0011F0                   0000000180037410     ElectronicJournal.res
 0005:000050c8       $R004EA8                   000000018003b0c8     ElectronicJournal.res
 0005:00005110       $R004EF0                   000000018003b110     ElectronicJournal.res
