 OPOSTotals

 Timestamp is 5c440013 (Sun Jan 20 13:58:59 2019)

 Preferred load address is 0000000180000000

 Start         Length     Name                   Class
 0001:00000000 000000c0H .text$di                CODE
 0001:000000c0 0001f9a0H .text$mn                CODE
 0001:0001fa60 00000020H .text$mn$00             CODE
 0001:0001fa80 00000410H .text$x                 CODE
 0001:0001fe90 000000c0H .text$yd                CODE
 0002:00000000 00000620H .idata$5                DATA
 0002:00000620 00000010H .00cfg                  DATA
 0002:00000630 00000008H .CRT$XCA                DATA
 0002:00000638 00000008H .CRT$XCL                DATA
 0002:00000640 00000020H .CRT$XCU                DATA
 0002:00000660 00000008H .CRT$XCZ                DATA
 0002:00000668 00000008H .CRT$XIA                DATA
 0002:00000670 00000020H .CRT$XIC                DATA
 0002:00000690 00000008H .CRT$XIZ                DATA
 0002:00000698 00000008H .CRT$XLA                DATA
 0002:000006a0 00000008H .CRT$XLZ                DATA
 0002:000006a8 00000008H .CRT$XPA                DATA
 0002:000006b0 00000010H .CRT$XPX                DATA
 0002:000006c0 00000008H .CRT$XPXA               DATA
 0002:000006c8 00000008H .CRT$XPZ                DATA
 0002:000006d0 00000008H .CRT$XTA                DATA
 0002:000006d8 00000008H .CRT$XTZ                DATA
 0002:000006e0 00000000H .gfids$x                DATA
 0002:000006e0 00000000H .gfids$y                DATA
 0002:000006e0 0000a1b0H .rdata                  DATA
 0002:0000a890 00000028H .rdata$T                DATA
 0002:0000a8b8 00000274H .rdata$r                DATA
 0002:0000ab2c 000003f4H .rdata$zzzdbg           DATA
 0002:0000af20 00000008H .rtc$IAA                DATA
 0002:0000af28 00000008H .rtc$IZZ                DATA
 0002:0000af30 00000008H .rtc$TAA                DATA
 0002:0000af38 00000008H .rtc$TZZ                DATA
 0002:0000af40 00000004H .tls                    DATA
 0002:0000af44 00000004H .tls$                   DATA
 0002:0000af48 00000008H .tls$ZZZ                DATA
 0002:0000af50 00001690H .xdata                  DATA
 0002:0000c5e0 00000150H .xdata$x                DATA
 0002:0000c730 00000008H ATL$__a                 DATA
 0002:0000c738 00000008H ATL$__z                 DATA
 0002:0000c740 000000a8H .edata                  DATA
 0002:0000c7e8 00000078H .idata$2                DATA
 0002:0000c860 00000018H .idata$3                DATA
 0002:0000c878 00000620H .idata$4                DATA
 0002:0000ce98 00000c3aH .idata$6                DATA
 0003:00000000 00000cc8H .data                   DATA
 0003:00000cc8 000000c8H .data$r                 DATA
 0003:00000d90 000013d4H .bss                    DATA
 0004:00000000 00001ed8H .pdata                  DATA
 0005:00000000 00000220H .rsrc$01                DATA
 0005:00000220 00004078H .rsrc$02                DATA

  Address         Publics by Value              Rva+Base               Lib:Object

 0000:00000000       __guard_fids_count         0000000000000000     <absolute>
 0000:00000000       __guard_longjmp_count      0000000000000000     <absolute>
 0000:00000000       __guard_longjmp_table      0000000000000000     <absolute>
 0000:00000000       __hybrid_code_map          0000000000000000     <absolute>
 0000:00000000       __guard_iat_count          0000000000000000     <absolute>
 0000:00000000       __volatile_metadata        0000000000000000     <absolute>
 0000:00000000       __guard_iat_table          0000000000000000     <absolute>
 0000:00000000       __hybrid_code_map_count    0000000000000000     <absolute>
 0000:00000000       __enclave_config           0000000000000000     <absolute>
 0000:00000000       ___safe_se_handler_count   0000000000000000     <absolute>
 0000:00000000       ___safe_se_handler_table   0000000000000000     <absolute>
 0000:00000000       __guard_fids_table         0000000000000000     <absolute>
 0000:00000000       __hybrid_auxiliary_iat     0000000000000000     <absolute>
 0000:00000000       __dynamic_value_reloc_table 0000000000000000     <absolute>
 0000:00000100       __guard_flags              0000000000000100     <absolute>
 0000:00000000       __ImageBase                0000000180000000     <linker-defined>
 0001:000000c0       ?DupWide@_CW@@AEAAXXZ      00000001800010c0 f   CWString.obj
 0001:000000e8       ?cw_dup@@YAXPEBDAEAHAEAPEA_W1@Z 00000001800010e8 f   CWString.obj
 0001:00000194       ?cw_memcpy@@YAHPEA_WPEBDH@Z 0000000180001194 f   CWString.obj
 0001:000001e0       ?cw_strcpy@@YAHPEA_WPEBD@Z 00000001800011e0 f   CWString.obj
 0001:000001f4       ??0CAtlComModule@ATL@@QEAA@XZ 00000001800011f4 f i OposVariant.obj
 0001:0000027c       ??0CAtlWinModule@ATL@@QEAA@XZ 000000018000127c f i OposVariant.obj
 0001:000002f4       ??0OposDispParms@@QEAA@PEAVOposVariant@@H@Z 00000001800012f4 f   OposVariant.obj
 0001:0000039c       ??1OposDispParms@@QEAA@XZ  000000018000139c f   OposVariant.obj
 0001:000003b4       ??_Estringdispid@CComTypeInfoHolder@ATL@@QEAAPEAXI@Z 00000001800013b4 f i OposVariant.obj
 0001:00000458       ?AtlWinModuleTerm@ATL@@YAJPEAU_ATL_WIN_MODULE70@1@PEAUHINSTANCE__@@@Z 0000000180001458 f i OposVariant.obj
 0001:00000508       ?ChangeBSTR@OposVariant@@QEAAXPEAPEA_WAEAJ@Z 0000000180001508 f   OposVariant.obj
 0001:00000568       ?ChangeLONG@OposVariant@@QEAAXPEAJAEAJ@Z 0000000180001568 f   OposVariant.obj
 0001:000005c4       ?GetLONG@OposVariant@@QEAAJXZ 00000001800015c4 f   OposVariant.obj
 0001:000005e8       ?SetBSTR@OposVariant@@QEAAXPEA_WAEAJ@Z 00000001800015e8 f   OposVariant.obj
 0001:00000628       ?SetBSTR_Copy@OposVariant@@QEAAXPEA_WAEAJ@Z 0000000180001628 f   OposVariant.obj
 0001:00000698       ?SetBSTR_InOutPtr@OposVariant@@QEAA_NPEAPEA_WAEAJ@Z 0000000180001698 f   OposVariant.obj
 0001:000006e8       ?SetBSTR_OutPtr@OposVariant@@QEAA_NPEAPEA_WAEAJ@Z 00000001800016e8 f   OposVariant.obj
 0001:00000704       ?SetDispatch_Ptr@OposVariant@@QEAAXPEAUIDispatch@@AEAJ@Z 0000000180001704 f   OposVariant.obj
 0001:0000075c       ?SetLONG@OposVariant@@QEAAXJ@Z 000000018000175c f   OposVariant.obj
 0001:0000078c       ?SetLONG_Ptr@OposVariant@@QEAAXPEAJAEAJ@Z 000000018000178c f   OposVariant.obj
 0001:000007d8       ?SetString@OposVariant@@QEAAXPEB_WAEAJ@Z 00000001800017d8 f   OposVariant.obj
 0001:0000083c       ?SetVARIANT_BOOL@OposVariant@@QEAAXF@Z 000000018000183c f   OposVariant.obj
 0001:00000874       ?Term@CAtlComModule@ATL@@QEAAXXZ 0000000180001874 f i OposVariant.obj
 0001:000008e4       ?_AtlInitializeCriticalSectionEx@ATL@@YAHPEAU_RTL_CRITICAL_SECTION@@KK@Z 00000001800018e4 f i OposVariant.obj
 0001:000008ec       ?_AtlRaiseException@ATL@@YAXKK@Z 00000001800018ec f i OposVariant.obj
 0001:000008fc       ?AddRef@?$CComAggObject@VCOPOSTotals@@@ATL@@UEAAKXZ 00000001800018fc f i Totals.obj
 0001:00000908       ?Release@?$CComAggObject@VCOPOSTotals@@@ATL@@UEAAKXZ 0000000180001908 f i Totals.obj
 0001:0000095c       ?QueryInterface@?$CComAggObject@VCOPOSTotals@@@ATL@@UEAAJAEBU_GUID@@PEAPEAX@Z 000000018000195c f i Totals.obj
 0001:000009bc       ?AddRef@?$CComContainedObject@VCOPOSTotals@@@ATL@@UEAAKXZ 00000001800019bc f i Totals.obj
 0001:000009cc       ?Release@?$CComContainedObject@VCOPOSTotals@@@ATL@@UEAAKXZ 00000001800019cc f i Totals.obj
 0001:000009dc       ?QueryInterface@?$CComContainedObject@VCOPOSTotals@@@ATL@@UEAAJAEBU_GUID@@PEAPEAX@Z 00000001800019dc f i Totals.obj
 0001:000009ec       ??_E?$CComAggObject@VCOPOSTotals@@@ATL@@UEAAPEAXI@Z 00000001800019ec f i Totals.obj
 0001:000009ec       ??_G?$CComAggObject@VCOPOSTotals@@@ATL@@UEAAPEAXI@Z 00000001800019ec f i Totals.obj
 0001:00000a44       ?AddRef@?$CComObject@VCOPOSTotals@@@ATL@@UEAAKXZ 0000000180001a44 f i Totals.obj
 0001:00000a54       ?Release@?$CComObject@VCOPOSTotals@@@ATL@@UEAAKXZ 0000000180001a54 f i Totals.obj
 0001:00000aac       ?QueryInterface@?$CComObject@VCOPOSTotals@@@ATL@@UEAAJAEBU_GUID@@PEAPEAX@Z 0000000180001aac f i Totals.obj
 0001:00000ac0       _guard_check_icall_nop     0000000180001ac0 f i LIBCMT:guard_support.obj
 0001:00000ac0       ?OnFinalMessage@?$CWindowImplBaseT@VCWindow@ATL@@V?$CWinTraits@$0FGAAAAAA@$0A@@2@@ATL@@UEAAXPEAUHWND__@@@Z 0000000180001ac0 f i Totals.obj
 0001:00000ac0       ?ObjectMain@CComObjectRootBase@ATL@@SAX_N@Z 0000000180001ac0 f i Totals.obj
 0001:00000ac4       ?OnAmbientPropertyChange@?$IOleControlImpl@VCOPOSTotals@@@ATL@@UEAAJJ@Z 0000000180001ac4 f i Totals.obj
 0001:00000ac4       ?SetHostNames@?$IOleObjectImpl@VCOPOSTotals@@@ATL@@UEAAJPEB_W0@Z 0000000180001ac4 f i Totals.obj
 0001:00000ac4       ?Release@CRegObject@ATL@@UEAAKXZ 0000000180001ac4 f i Totals.obj
 0001:00000ac4       ?GetCategoryMap@CComObjectRootBase@ATL@@SAPEBU_ATL_CATMAP_ENTRY@2@XZ 0000000180001ac4 f i Totals.obj
 0001:00000ac4       ?GetObjectDescription@?$CComCoClass@VCOPOSTotals@@$1?CLSID_OPOSTotals@@3U_GUID@@B@ATL@@SAPEB_WXZ 0000000180001ac4 f i Totals.obj
 0001:00000ac4       ?SaveCompleted@?$IPersistStorageImpl@VCOPOSTotals@@@ATL@@UEAAJPEAUIStorage@@@Z 0000000180001ac4 f i Totals.obj
 0001:00000ac4       ?ResizeBorder@?$IOleInPlaceActiveObjectImpl@VCOPOSTotals@@@ATL@@UEAAJPEBUtagRECT@@PEAUIOleInPlaceUIWindow@@H@Z 0000000180001ac4 f i Totals.obj
 0001:00000ac4       ?IsUpToDate@?$IOleObjectImpl@VCOPOSTotals@@@ATL@@UEAAJXZ 0000000180001ac4 f i Totals.obj
 0001:00000ac4       ?OnFrameWindowActivate@?$IOleInPlaceActiveObjectImpl@VCOPOSTotals@@@ATL@@UEAAJH@Z 0000000180001ac4 f i Totals.obj
 0001:00000ac4       ?EnableModeless@?$IOleInPlaceActiveObjectImpl@VCOPOSTotals@@@ATL@@UEAAJH@Z 0000000180001ac4 f i Totals.obj
 0001:00000ac4       ?Update@?$IOleObjectImpl@VCOPOSTotals@@@ATL@@UEAAJXZ 0000000180001ac4 f i Totals.obj
 0001:00000ac4       ?HandsOffStorage@?$IPersistStorageImpl@VCOPOSTotals@@@ATL@@UEAAJXZ 0000000180001ac4 f i Totals.obj
 0001:00000ac8       ?OnDrawAdvanced@CComControlBase@ATL@@UEAAJAEAUATL_DRAWINFO@@@Z 0000000180001ac8 f i Totals.obj
 0001:00000be8       ?CreateInstance@CComClassFactory@ATL@@UEAAJPEAUIUnknown@@AEBU_GUID@@PEAPEAX@Z 0000000180001be8 f i Totals.obj
 0001:00000c48       ?LockServer@CComClassFactory@ATL@@UEAAJH@Z 0000000180001c48 f i Totals.obj
 0001:00000c6c       ??_GCComClassFactory@ATL@@UEAAPEAXI@Z 0000000180001c6c f i Totals.obj
 0001:00000c6c       ??_ECComClassFactory@ATL@@UEAAPEAXI@Z 0000000180001c6c f i Totals.obj
 0001:00000cbc       ?Next@?$CComEnumImpl@UIEnumConnections@@$1?_GUID_b196b287_bab4_101a_b69c_00aa00341d07@@3U__s_GUID@@BUtagCONNECTDATA@@V?$_Copy@UtagCONNECTDATA@@@ATL@@@ATL@@UEAAJKPEAUtagCONNECTDATA@@PEAK@Z 0000000180001cbc f i Totals.obj
 0001:00000d90       ?Skip@?$CComEnumImpl@UIEnumConnections@@$1?_GUID_b196b287_bab4_101a_b69c_00aa00341d07@@3U__s_GUID@@BUtagCONNECTDATA@@V?$_Copy@UtagCONNECTDATA@@@ATL@@@ATL@@UEAAJK@Z 0000000180001d90 f i Totals.obj
 0001:00000dbc       ?Reset@?$CComEnumImpl@UIEnumConnectionPoints@@$1?_GUID_b196b285_bab4_101a_b69c_00aa00341d07@@3U__s_GUID@@BPEAUIConnectionPoint@@V?$_CopyInterface@UIConnectionPoint@@@ATL@@@ATL@@UEAAJXZ 0000000180001dbc f i Totals.obj
 0001:00000dbc       ?Reset@?$CComEnumImpl@UIEnumConnections@@$1?_GUID_b196b287_bab4_101a_b69c_00aa00341d07@@3U__s_GUID@@BUtagCONNECTDATA@@V?$_Copy@UtagCONNECTDATA@@@ATL@@@ATL@@UEAAJXZ 0000000180001dbc f i Totals.obj
 0001:00000dc8       ?Clone@?$CComEnumImpl@UIEnumConnections@@$1?_GUID_b196b287_bab4_101a_b69c_00aa00341d07@@3U__s_GUID@@BUtagCONNECTDATA@@V?$_Copy@UtagCONNECTDATA@@@ATL@@@ATL@@UEAAJPEAPEAUIEnumConnections@@@Z 0000000180001dc8 f i Totals.obj
 0001:00000ef0       ?AddRef@?$CComObject@V?$CComEnum@UIEnumConnectionPoints@@$1?_GUID_b196b285_bab4_101a_b69c_00aa00341d07@@3U__s_GUID@@BPEAUIConnectionPoint@@V?$_CopyInterface@UIConnectionPoint@@@ATL@@VCComSingleThreadModel@6@@ATL@@@ATL@@UEAAKXZ 0000000180001ef0 f i Totals.obj
 0001:00000ef0       ?AddRef@?$CComObject@V?$CComEnum@UIEnumConnections@@$1?_GUID_b196b287_bab4_101a_b69c_00aa00341d07@@3U__s_GUID@@BUtagCONNECTDATA@@V?$_Copy@UtagCONNECTDATA@@@ATL@@VCComSingleThreadModel@6@@ATL@@@ATL@@UEAAKXZ 0000000180001ef0 f i Totals.obj
 0001:00000efc       ?Release@?$CComObject@V?$CComEnum@UIEnumConnections@@$1?_GUID_b196b287_bab4_101a_b69c_00aa00341d07@@3U__s_GUID@@BUtagCONNECTDATA@@V?$_Copy@UtagCONNECTDATA@@@ATL@@VCComSingleThreadModel@6@@ATL@@@ATL@@UEAAKXZ 0000000180001efc f i Totals.obj
 0001:00000efc       ?Release@?$CComObject@V?$CComEnum@UIEnumConnectionPoints@@$1?_GUID_b196b285_bab4_101a_b69c_00aa00341d07@@3U__s_GUID@@BPEAUIConnectionPoint@@V?$_CopyInterface@UIConnectionPoint@@@ATL@@VCComSingleThreadModel@6@@ATL@@@ATL@@UEAAKXZ 0000000180001efc f i Totals.obj
 0001:00000f50       ?QueryInterface@?$CComObject@V?$CComEnum@UIEnumConnections@@$1?_GUID_b196b287_bab4_101a_b69c_00aa00341d07@@3U__s_GUID@@BUtagCONNECTDATA@@V?$_Copy@UtagCONNECTDATA@@@ATL@@VCComSingleThreadModel@6@@ATL@@@ATL@@UEAAJAEBU_GUID@@PEAPEAX@Z 0000000180001f50 f i Totals.obj
 0001:00000f64       ??_E?$CComObject@V?$CComEnum@UIEnumConnections@@$1?_GUID_b196b287_bab4_101a_b69c_00aa00341d07@@3U__s_GUID@@BUtagCONNECTDATA@@V?$_Copy@UtagCONNECTDATA@@@ATL@@VCComSingleThreadModel@6@@ATL@@@ATL@@UEAAPEAXI@Z 0000000180001f64 f i Totals.obj
 0001:00000f64       ??_G?$CComObject@V?$CComEnum@UIEnumConnections@@$1?_GUID_b196b287_bab4_101a_b69c_00aa00341d07@@3U__s_GUID@@BUtagCONNECTDATA@@V?$_Copy@UtagCONNECTDATA@@@ATL@@VCComSingleThreadModel@6@@ATL@@@ATL@@UEAAPEAXI@Z 0000000180001f64 f i Totals.obj
 0001:00000fbc       ??_E?$CComObject@VCOPOSTotals@@@ATL@@W7EAAPEAXI@Z 0000000180001fbc f i Totals.obj
 0001:00000fc8       ??_E?$CComObject@VCOPOSTotals@@@ATL@@WHA@EAAPEAXI@Z 0000000180001fc8 f i Totals.obj
 0001:00000fd4       ?QueryInterface@?$CComObject@VCOPOSTotals@@@ATL@@WLI@EAAJAEBU_GUID@@PEAPEAX@Z 0000000180001fd4 f i Totals.obj
 0001:00000fe0       ?AddRef@?$CComObject@VCOPOSTotals@@@ATL@@WLI@EAAKXZ 0000000180001fe0 f i Totals.obj
 0001:00000fec       ?Release@?$CComObject@VCOPOSTotals@@@ATL@@WLI@EAAKXZ 0000000180001fec f i Totals.obj
 0001:00000ff8       ?QueryInterface@?$CComObject@VCOPOSTotals@@@ATL@@WMA@EAAJAEBU_GUID@@PEAPEAX@Z 0000000180001ff8 f i Totals.obj
 0001:00001004       ?AddRef@?$CComObject@VCOPOSTotals@@@ATL@@WMA@EAAKXZ 0000000180002004 f i Totals.obj
 0001:00001010       ?Release@?$CComObject@VCOPOSTotals@@@ATL@@WMA@EAAKXZ 0000000180002010 f i Totals.obj
 0001:0000101c       ?QueryInterface@?$CComObject@VCOPOSTotals@@@ATL@@WMI@EAAJAEBU_GUID@@PEAPEAX@Z 000000018000201c f i Totals.obj
 0001:00001028       ?AddRef@?$CComObject@VCOPOSTotals@@@ATL@@WMI@EAAKXZ 0000000180002028 f i Totals.obj
 0001:00001034       ?Release@?$CComObject@VCOPOSTotals@@@ATL@@WMI@EAAKXZ 0000000180002034 f i Totals.obj
 0001:00001040       ?QueryInterface@?$CComObject@VCOPOSTotals@@@ATL@@WNA@EAAJAEBU_GUID@@PEAPEAX@Z 0000000180002040 f i Totals.obj
 0001:0000104c       ?AddRef@?$CComObject@VCOPOSTotals@@@ATL@@WNA@EAAKXZ 000000018000204c f i Totals.obj
 0001:00001058       ?Release@?$CComObject@VCOPOSTotals@@@ATL@@WNA@EAAKXZ 0000000180002058 f i Totals.obj
 0001:00001064       ?QueryInterface@?$CComObject@VCOPOSTotals@@@ATL@@WNI@EAAJAEBU_GUID@@PEAPEAX@Z 0000000180002064 f i Totals.obj
 0001:00001070       ?AddRef@?$CComObject@VCOPOSTotals@@@ATL@@WNI@EAAKXZ 0000000180002070 f i Totals.obj
 0001:0000107c       ?Release@?$CComObject@VCOPOSTotals@@@ATL@@WNI@EAAKXZ 000000018000207c f i Totals.obj
 0001:00001088       ?QueryInterface@?$CComObject@VCOPOSTotals@@@ATL@@WOA@EAAJAEBU_GUID@@PEAPEAX@Z 0000000180002088 f i Totals.obj
 0001:00001094       ?AddRef@?$CComObject@VCOPOSTotals@@@ATL@@WOA@EAAKXZ 0000000180002094 f i Totals.obj
 0001:000010a0       ?Release@?$CComObject@VCOPOSTotals@@@ATL@@WOA@EAAKXZ 00000001800020a0 f i Totals.obj
 0001:000010ac       ?QueryInterface@?$CComObject@VCOPOSTotals@@@ATL@@WOI@EAAJAEBU_GUID@@PEAPEAX@Z 00000001800020ac f i Totals.obj
 0001:000010b8       ?AddRef@?$CComObject@VCOPOSTotals@@@ATL@@WOI@EAAKXZ 00000001800020b8 f i Totals.obj
 0001:000010c4       ?Release@?$CComObject@VCOPOSTotals@@@ATL@@WOI@EAAKXZ 00000001800020c4 f i Totals.obj
 0001:000010d0       ?QueryInterface@?$CComObject@VCOPOSTotals@@@ATL@@WPA@EAAJAEBU_GUID@@PEAPEAX@Z 00000001800020d0 f i Totals.obj
 0001:000010dc       ?AddRef@?$CComObject@VCOPOSTotals@@@ATL@@WPA@EAAKXZ 00000001800020dc f i Totals.obj
 0001:000010e8       ?Release@?$CComObject@VCOPOSTotals@@@ATL@@WPA@EAAKXZ 00000001800020e8 f i Totals.obj
 0001:000010f4       ?QueryInterface@?$CComObject@VCOPOSTotals@@@ATL@@WPI@EAAJAEBU_GUID@@PEAPEAX@Z 00000001800020f4 f i Totals.obj
 0001:00001100       ?AddRef@?$CComObject@VCOPOSTotals@@@ATL@@WPI@EAAKXZ 0000000180002100 f i Totals.obj
 0001:0000110c       ?Release@?$CComObject@VCOPOSTotals@@@ATL@@WPI@EAAKXZ 000000018000210c f i Totals.obj
 0001:00001118       ?QueryInterface@?$CComObject@VCOPOSTotals@@@ATL@@WBAA@EAAJAEBU_GUID@@PEAPEAX@Z 0000000180002118 f i Totals.obj
 0001:00001124       ?AddRef@?$CComObject@VCOPOSTotals@@@ATL@@WBAA@EAAKXZ 0000000180002124 f i Totals.obj
 0001:00001130       ?Release@?$CComObject@VCOPOSTotals@@@ATL@@WBAA@EAAKXZ 0000000180002130 f i Totals.obj
 0001:0000113c       ?QueryInterface@?$CComObject@VCOPOSTotals@@@ATL@@WBAI@EAAJAEBU_GUID@@PEAPEAX@Z 000000018000213c f i Totals.obj
 0001:00001148       ?AddRef@?$CComObject@VCOPOSTotals@@@ATL@@WBAI@EAAKXZ 0000000180002148 f i Totals.obj
 0001:00001154       ?Release@?$CComObject@VCOPOSTotals@@@ATL@@WBAI@EAAKXZ 0000000180002154 f i Totals.obj
 0001:00001160       ?QueryInterface@?$CComObject@VCOPOSTotals@@@ATL@@WBBA@EAAJAEBU_GUID@@PEAPEAX@Z 0000000180002160 f i Totals.obj
 0001:0000116c       ?AddRef@?$CComObject@VCOPOSTotals@@@ATL@@WBBA@EAAKXZ 000000018000216c f i Totals.obj
 0001:00001178       ?Release@?$CComObject@VCOPOSTotals@@@ATL@@WBBA@EAAKXZ 0000000180002178 f i Totals.obj
 0001:00001184       ?QueryInterface@?$CComObject@VCOPOSTotals@@@ATL@@WBBI@EAAJAEBU_GUID@@PEAPEAX@Z 0000000180002184 f i Totals.obj
 0001:00001190       ?AddRef@?$CComObject@VCOPOSTotals@@@ATL@@WBBI@EAAKXZ 0000000180002190 f i Totals.obj
 0001:0000119c       ?Release@?$CComObject@VCOPOSTotals@@@ATL@@WBBI@EAAKXZ 000000018000219c f i Totals.obj
 0001:000011a8       ?AddRef@?$CComObject@VCOPOSTotals@@@ATL@@WBCI@EAAKXZ 00000001800021a8 f i Totals.obj
 0001:000011b4       ?Release@?$CComObject@VCOPOSTotals@@@ATL@@WBCI@EAAKXZ 00000001800021b4 f i Totals.obj
 0001:000011c0       ?AddRef@?$CComObject@VCOPOSTotals@@@ATL@@WBEA@EAAKXZ 00000001800021c0 f i Totals.obj
 0001:000011cc       ?Release@?$CComObject@VCOPOSTotals@@@ATL@@WBEA@EAAKXZ 00000001800021cc f i Totals.obj
 0001:000011d8       ??_E?$CComContainedObject@VCOPOSTotals@@@ATL@@W7EAAPEAXI@Z 00000001800021d8 f i Totals.obj
 0001:000011e4       ??_E?$CComContainedObject@VCOPOSTotals@@@ATL@@WHA@EAAPEAXI@Z 00000001800021e4 f i Totals.obj
 0001:000011f0       ?QueryInterface@?$CComContainedObject@VCOPOSTotals@@@ATL@@WLI@EAAJAEBU_GUID@@PEAPEAX@Z 00000001800021f0 f i Totals.obj
 0001:000011fc       ?AddRef@?$CComContainedObject@VCOPOSTotals@@@ATL@@WLI@EAAKXZ 00000001800021fc f i Totals.obj
 0001:00001208       ?Release@?$CComContainedObject@VCOPOSTotals@@@ATL@@WLI@EAAKXZ 0000000180002208 f i Totals.obj
 0001:00001214       ?QueryInterface@?$CComContainedObject@VCOPOSTotals@@@ATL@@WMA@EAAJAEBU_GUID@@PEAPEAX@Z 0000000180002214 f i Totals.obj
 0001:00001220       ?AddRef@?$CComContainedObject@VCOPOSTotals@@@ATL@@WMA@EAAKXZ 0000000180002220 f i Totals.obj
 0001:0000122c       ?Release@?$CComContainedObject@VCOPOSTotals@@@ATL@@WMA@EAAKXZ 000000018000222c f i Totals.obj
 0001:00001238       ?QueryInterface@?$CComContainedObject@VCOPOSTotals@@@ATL@@WMI@EAAJAEBU_GUID@@PEAPEAX@Z 0000000180002238 f i Totals.obj
 0001:00001244       ?AddRef@?$CComContainedObject@VCOPOSTotals@@@ATL@@WMI@EAAKXZ 0000000180002244 f i Totals.obj
 0001:00001250       ?Release@?$CComContainedObject@VCOPOSTotals@@@ATL@@WMI@EAAKXZ 0000000180002250 f i Totals.obj
 0001:0000125c       ?QueryInterface@?$CComContainedObject@VCOPOSTotals@@@ATL@@WNA@EAAJAEBU_GUID@@PEAPEAX@Z 000000018000225c f i Totals.obj
 0001:00001268       ?AddRef@?$CComContainedObject@VCOPOSTotals@@@ATL@@WNA@EAAKXZ 0000000180002268 f i Totals.obj
 0001:00001274       ?Release@?$CComContainedObject@VCOPOSTotals@@@ATL@@WNA@EAAKXZ 0000000180002274 f i Totals.obj
 0001:00001280       ?QueryInterface@?$CComContainedObject@VCOPOSTotals@@@ATL@@WNI@EAAJAEBU_GUID@@PEAPEAX@Z 0000000180002280 f i Totals.obj
 0001:0000128c       ?AddRef@?$CComContainedObject@VCOPOSTotals@@@ATL@@WNI@EAAKXZ 000000018000228c f i Totals.obj
 0001:00001298       ?Release@?$CComContainedObject@VCOPOSTotals@@@ATL@@WNI@EAAKXZ 0000000180002298 f i Totals.obj
 0001:000012a4       ?QueryInterface@?$CComContainedObject@VCOPOSTotals@@@ATL@@WOA@EAAJAEBU_GUID@@PEAPEAX@Z 00000001800022a4 f i Totals.obj
 0001:000012b0       ?AddRef@?$CComContainedObject@VCOPOSTotals@@@ATL@@WOA@EAAKXZ 00000001800022b0 f i Totals.obj
 0001:000012bc       ?Release@?$CComContainedObject@VCOPOSTotals@@@ATL@@WOA@EAAKXZ 00000001800022bc f i Totals.obj
 0001:000012c8       ?QueryInterface@?$CComContainedObject@VCOPOSTotals@@@ATL@@WOI@EAAJAEBU_GUID@@PEAPEAX@Z 00000001800022c8 f i Totals.obj
 0001:000012d4       ?AddRef@?$CComContainedObject@VCOPOSTotals@@@ATL@@WOI@EAAKXZ 00000001800022d4 f i Totals.obj
 0001:000012e0       ?Release@?$CComContainedObject@VCOPOSTotals@@@ATL@@WOI@EAAKXZ 00000001800022e0 f i Totals.obj
 0001:000012ec       ?QueryInterface@?$CComContainedObject@VCOPOSTotals@@@ATL@@WPA@EAAJAEBU_GUID@@PEAPEAX@Z 00000001800022ec f i Totals.obj
 0001:000012f8       ?AddRef@?$CComContainedObject@VCOPOSTotals@@@ATL@@WPA@EAAKXZ 00000001800022f8 f i Totals.obj
 0001:00001304       ?Release@?$CComContainedObject@VCOPOSTotals@@@ATL@@WPA@EAAKXZ 0000000180002304 f i Totals.obj
 0001:00001310       ?QueryInterface@?$CComContainedObject@VCOPOSTotals@@@ATL@@WPI@EAAJAEBU_GUID@@PEAPEAX@Z 0000000180002310 f i Totals.obj
 0001:0000131c       ?AddRef@?$CComContainedObject@VCOPOSTotals@@@ATL@@WPI@EAAKXZ 000000018000231c f i Totals.obj
 0001:00001328       ?Release@?$CComContainedObject@VCOPOSTotals@@@ATL@@WPI@EAAKXZ 0000000180002328 f i Totals.obj
 0001:00001334       ?QueryInterface@?$CComContainedObject@VCOPOSTotals@@@ATL@@WBAA@EAAJAEBU_GUID@@PEAPEAX@Z 0000000180002334 f i Totals.obj
 0001:00001340       ?AddRef@?$CComContainedObject@VCOPOSTotals@@@ATL@@WBAA@EAAKXZ 0000000180002340 f i Totals.obj
 0001:0000134c       ?Release@?$CComContainedObject@VCOPOSTotals@@@ATL@@WBAA@EAAKXZ 000000018000234c f i Totals.obj
 0001:00001358       ?QueryInterface@?$CComContainedObject@VCOPOSTotals@@@ATL@@WBAI@EAAJAEBU_GUID@@PEAPEAX@Z 0000000180002358 f i Totals.obj
 0001:00001364       ?AddRef@?$CComContainedObject@VCOPOSTotals@@@ATL@@WBAI@EAAKXZ 0000000180002364 f i Totals.obj
 0001:00001370       ?Release@?$CComContainedObject@VCOPOSTotals@@@ATL@@WBAI@EAAKXZ 0000000180002370 f i Totals.obj
 0001:0000137c       ?QueryInterface@?$CComContainedObject@VCOPOSTotals@@@ATL@@WBBA@EAAJAEBU_GUID@@PEAPEAX@Z 000000018000237c f i Totals.obj
 0001:00001388       ?AddRef@?$CComContainedObject@VCOPOSTotals@@@ATL@@WBBA@EAAKXZ 0000000180002388 f i Totals.obj
 0001:00001394       ?Release@?$CComContainedObject@VCOPOSTotals@@@ATL@@WBBA@EAAKXZ 0000000180002394 f i Totals.obj
 0001:000013a0       ?QueryInterface@?$CComContainedObject@VCOPOSTotals@@@ATL@@WBBI@EAAJAEBU_GUID@@PEAPEAX@Z 00000001800023a0 f i Totals.obj
 0001:000013ac       ?AddRef@?$CComContainedObject@VCOPOSTotals@@@ATL@@WBBI@EAAKXZ 00000001800023ac f i Totals.obj
 0001:000013b8       ?Release@?$CComContainedObject@VCOPOSTotals@@@ATL@@WBBI@EAAKXZ 00000001800023b8 f i Totals.obj
 0001:000013c4       ?AddRef@?$CComContainedObject@VCOPOSTotals@@@ATL@@WBCI@EAAKXZ 00000001800023c4 f i Totals.obj
 0001:000013d0       ?Release@?$CComContainedObject@VCOPOSTotals@@@ATL@@WBCI@EAAKXZ 00000001800023d0 f i Totals.obj
 0001:000013dc       ?AddRef@?$CComContainedObject@VCOPOSTotals@@@ATL@@WBEA@EAAKXZ 00000001800023dc f i Totals.obj
 0001:000013e8       ?Release@?$CComContainedObject@VCOPOSTotals@@@ATL@@WBEA@EAAKXZ 00000001800023e8 f i Totals.obj
 0001:000013f4       ?Lock@CAtlModule@ATL@@UEAAJXZ 00000001800023f4 f i Totals.obj
 0001:00001404       ?Unlock@CAtlModule@ATL@@UEAAJXZ 0000000180002404 f i Totals.obj
 0001:00001410       ?GetLockCount@CAtlModule@ATL@@UEAAJXZ 0000000180002410 f i Totals.obj
 0001:00001414       ?GetGITPtr@CAtlModule@ATL@@UEAAJPEAPEAUIGlobalInterfaceTable@@@Z 0000000180002414 f i Totals.obj
 0001:00001484       ?AddCommonRGSReplacements@?$CAtlModuleT@VCComModule@ATL@@@ATL@@UEAAJPEAUIRegistrarBase@@@Z 0000000180002484 f i Totals.obj
 0001:0000149c       ?GetWindowProc@?$CWindowImplBaseT@VCWindow@ATL@@V?$CWinTraits@$0FGAAAAAA@$0A@@2@@ATL@@UEAAP6A_JPEAUHWND__@@I_K_J@ZXZ 000000018000249c f i Totals.obj
 0001:000014a4       ?StartWindowProc@?$CWindowImplBaseT@VCWindow@ATL@@V?$CWinTraits@$0FGAAAAAA@$0A@@2@@ATL@@SA_JPEAUHWND__@@I_K_J@Z 00000001800024a4 f i Totals.obj
 0001:00001568       ?UpdateRegistryFromResourceD@CComModule@ATL@@UEAAJPEB_WHPEAU_ATL_REGMAP_ENTRY@2@@Z 0000000180002568 f i Totals.obj
 0001:00001568       ?UpdateRegistryFromResourceD@CComModule@ATL@@UEAAJIHPEAU_ATL_REGMAP_ENTRY@2@@Z 0000000180002568 f i Totals.obj
 0001:00001570       ?UpdateRegistryFromResource@CComModule@ATL@@UEAAJPEB_WHPEAU_ATL_REGMAP_ENTRY@2@@Z 0000000180002570 f i Totals.obj
 0001:00001578       ?UpdateRegistryFromResource@CComModule@ATL@@UEAAJIHPEAU_ATL_REGMAP_ENTRY@2@@Z 0000000180002578 f i Totals.obj
 0001:00001580       ??_ECComModule@ATL@@UEAAPEAXI@Z 0000000180002580 f i Totals.obj
 0001:00001580       ??_GCComModule@ATL@@UEAAPEAXI@Z 0000000180002580 f i Totals.obj
 0001:00001600       ?GetTypeInfoCount@?$IDispatchImpl@UIOPOSTotals@@$1?IID_IOPOSTotals@@3U_GUID@@B$1?LIBID_OposTotals_CCO@@3U3@B$00$0A@VCComTypeInfoHolder@ATL@@@ATL@@UEAAJPEAI@Z 0000000180002600 f i Totals.obj
 0001:00001614       ?GetTypeInfo@?$IDispatchImpl@UIOPOSTotals@@$1?IID_IOPOSTotals@@3U_GUID@@B$1?LIBID_OposTotals_CCO@@3U3@B$00$0A@VCComTypeInfoHolder@ATL@@@ATL@@UEAAJIKPEAPEAUITypeInfo@@@Z 0000000180002614 f i Totals.obj
 0001:00001678       ?GetIDsOfNames@?$IDispatchImpl@UIOPOSTotals@@$1?IID_IOPOSTotals@@3U_GUID@@B$1?LIBID_OposTotals_CCO@@3U3@B$00$0A@VCComTypeInfoHolder@ATL@@@ATL@@UEAAJAEBU_GUID@@PEAPEA_WIKPEAJ@Z 0000000180002678 f i Totals.obj
 0001:00001684       ?Invoke@?$IDispatchImpl@UIOPOSTotals@@$1?IID_IOPOSTotals@@3U_GUID@@B$1?LIBID_OposTotals_CCO@@3U3@B$00$0A@VCComTypeInfoHolder@ATL@@@ATL@@UEAAJJAEBU_GUID@@KGPEAUtagDISPPARAMS@@PEAUtagVARIANT@@PEAUtagEXCEPINFO@@PEAI@Z 0000000180002684 f i Totals.obj
 0001:00001714       ?CreateControlWindow@?$CComControl@VCOPOSTotals@@V?$CWindowImpl@VCOPOSTotals@@VCWindow@ATL@@V?$CWinTraits@$0FGAAAAAA@$0A@@3@@ATL@@@ATL@@UEAAPEAUHWND__@@PEAU3@AEAUtagRECT@@@Z 0000000180002714 f i Totals.obj
 0001:0000174c       ?ControlQueryInterface@?$CComControl@VCOPOSTotals@@V?$CWindowImpl@VCOPOSTotals@@VCWindow@ATL@@V?$CWinTraits@$0FGAAAAAA@$0A@@3@@ATL@@@ATL@@UEAAJAEBU_GUID@@PEAPEAX@Z 000000018000274c f i Totals.obj
 0001:00001760       ?GetClassID@?$IPersistStreamInitImpl@VCOPOSTotals@@@ATL@@UEAAJPEAU_GUID@@@Z 0000000180002760 f i Totals.obj
 0001:00001760       ?GetClassID@?$IPersistStorageImpl@VCOPOSTotals@@@ATL@@UEAAJPEAU_GUID@@@Z 0000000180002760 f i Totals.obj
 0001:00001760       ?GetUserClassID@?$IOleObjectImpl@VCOPOSTotals@@@ATL@@UEAAJPEAU_GUID@@@Z 0000000180002760 f i Totals.obj
 0001:0000177c       ?IsDirty@?$IPersistStreamInitImpl@VCOPOSTotals@@@ATL@@UEAAJXZ 000000018000277c f i Totals.obj
 0001:00001798       ?Load@?$IPersistStreamInitImpl@VCOPOSTotals@@@ATL@@UEAAJPEAUIStream@@@Z 0000000180002798 f i Totals.obj
 0001:000017e8       ?Save@?$IPersistStreamInitImpl@VCOPOSTotals@@@ATL@@UEAAJPEAUIStream@@H@Z 00000001800027e8 f i Totals.obj
 0001:0000184c       ?GetSizeMax@?$IPersistStreamInitImpl@VCOPOSTotals@@@ATL@@UEAAJPEAT_ULARGE_INTEGER@@@Z 000000018000284c f i Totals.obj
 0001:00001a78       ?InitNew@?$IPersistStreamInitImpl@VCOPOSTotals@@@ATL@@UEAAJXZ 0000000180002a78 f i Totals.obj
 0001:00001a90       ?GetRect@?$IViewObjectExImpl@VCOPOSTotals@@@ATL@@UEAAJKPEAU_RECTL@@@Z 0000000180002a90 f i Totals.obj
 0001:00001a90       ?GetColorSet@?$IViewObjectExImpl@VCOPOSTotals@@@ATL@@UEAAJKJPEAXPEAUtagDVTARGETDEVICE@@PEAUHDC__@@PEAPEAUtagLOGPALETTE@@@Z 0000000180002a90 f i Totals.obj
 0001:00001a90       ?SODataDummy@COPOSTotals@@MEAAJJ@Z 0000000180002a90 f i Totals.obj
 0001:00001a90       ?ContextSensitiveHelp@?$IOleInPlaceActiveObjectImpl@VCOPOSTotals@@@ATL@@UEAAJH@Z 0000000180002a90 f i Totals.obj
 0001:00001a90       ?OnMnemonic@?$IOleControlImpl@VCOPOSTotals@@@ATL@@UEAAJPEAUtagMSG@@@Z 0000000180002a90 f i Totals.obj
 0001:00001a90       ?GetMoniker@?$IOleObjectImpl@VCOPOSTotals@@@ATL@@UEAAJKKPEAPEAUIMoniker@@@Z 0000000180002a90 f i Totals.obj
 0001:00001a90       ?Freeze@?$IViewObjectExImpl@VCOPOSTotals@@@ATL@@UEAAJKJPEAXPEAK@Z 0000000180002a90 f i Totals.obj
 0001:00001a90       ?SetData@?$IDataObjectImpl@VCOPOSTotals@@@ATL@@UEAAJPEAUtagFORMATETC@@PEAUtagSTGMEDIUM@@H@Z 0000000180002a90 f i Totals.obj
 0001:00001a90       ?EnumFormatEtc@?$IDataObjectImpl@VCOPOSTotals@@@ATL@@UEAAJKPEAPEAUIEnumFORMATETC@@@Z 0000000180002a90 f i Totals.obj
 0001:00001a90       ?SOErrorDummy@COPOSTotals@@MEAAJJJJPEAJ@Z 0000000180002a90 f i Totals.obj
 0001:00001a90       ?SOOutputCompleteDummy@COPOSTotals@@MEAAJJ@Z 0000000180002a90 f i Totals.obj
 0001:00001a90       ?GetCanonicalFormatEtc@?$IDataObjectImpl@VCOPOSTotals@@@ATL@@UEAAJPEAUtagFORMATETC@@0@Z 0000000180002a90 f i Totals.obj
 0001:00001a90       ?SetColorScheme@?$IOleObjectImpl@VCOPOSTotals@@@ATL@@UEAAJPEAUtagLOGPALETTE@@@Z 0000000180002a90 f i Totals.obj
 0001:00001a90       ?GetDropTarget@?$IOleInPlaceObjectWindowlessImpl@VCOPOSTotals@@@ATL@@UEAAJPEAPEAUIDropTarget@@@Z 0000000180002a90 f i Totals.obj
 0001:00001a90       ?ContextSensitiveHelp@?$IOleInPlaceObjectWindowlessImpl@VCOPOSTotals@@@ATL@@UEAAJH@Z 0000000180002a90 f i Totals.obj
 0001:00001a90       ?Unfreeze@?$IViewObjectExImpl@VCOPOSTotals@@@ATL@@UEAAJK@Z 0000000180002a90 f i Totals.obj
 0001:00001a90       ?GetClipboardData@?$IOleObjectImpl@VCOPOSTotals@@@ATL@@UEAAJKPEAPEAUIDataObject@@@Z 0000000180002a90 f i Totals.obj
 0001:00001a90       ?InitFromData@?$IOleObjectImpl@VCOPOSTotals@@@ATL@@UEAAJPEAUIDataObject@@HK@Z 0000000180002a90 f i Totals.obj
 0001:00001a90       ?SetMoniker@?$IOleObjectImpl@VCOPOSTotals@@@ATL@@UEAAJKPEAUIMoniker@@@Z 0000000180002a90 f i Totals.obj
 0001:00001a90       ?QueryGetData@?$IDataObjectImpl@VCOPOSTotals@@@ATL@@UEAAJPEAUtagFORMATETC@@@Z 0000000180002a90 f i Totals.obj
 0001:00001a90       ?GetControlInfo@?$IOleControlImpl@VCOPOSTotals@@@ATL@@UEAAJPEAUtagCONTROLINFO@@@Z 0000000180002a90 f i Totals.obj
 0001:00001a90       ?QueryInterface@CRegObject@ATL@@UEAAJAEBU_GUID@@PEAPEAX@Z 0000000180002a90 f i Totals.obj
 0001:00001a90       ?GetDataHere@?$IDataObjectImpl@VCOPOSTotals@@@ATL@@UEAAJPEAUtagFORMATETC@@PEAUtagSTGMEDIUM@@@Z 0000000180002a90 f i Totals.obj
 0001:00001a90       ?ReactivateAndUndo@?$IOleInPlaceObjectWindowlessImpl@VCOPOSTotals@@@ATL@@UEAAJXZ 0000000180002a90 f i Totals.obj
 0001:00001a98       ?SetClientSite@?$IOleObjectImpl@VCOPOSTotals@@@ATL@@UEAAJPEAUIOleClientSite@@@Z 0000000180002a98 f i Totals.obj
 0001:00001ab4       ?GetClientSite@?$IOleObjectImpl@VCOPOSTotals@@@ATL@@UEAAJPEAPEAUIOleClientSite@@@Z 0000000180002ab4 f i Totals.obj
 0001:00001afc       ?Close@?$IOleObjectImpl@VCOPOSTotals@@@ATL@@UEAAJK@Z 0000000180002afc f i Totals.obj
 0001:00001b18       ?DoVerb@?$IOleObjectImpl@VCOPOSTotals@@@ATL@@UEAAJJPEAUtagMSG@@PEAUIOleClientSite@@JPEAUHWND__@@PEBUtagRECT@@@Z 0000000180002b18 f i Totals.obj
 0001:00001cbc       ?EnumVerbs@?$IOleObjectImpl@VCOPOSTotals@@@ATL@@UEAAJPEAPEAUIEnumOLEVERB@@@Z 0000000180002cbc f i Totals.obj
 0001:00001cd8       ?GetUserType@?$IOleObjectImpl@VCOPOSTotals@@@ATL@@UEAAJKPEAPEA_W@Z 0000000180002cd8 f i Totals.obj
 0001:00001ce8       ?SetExtent@?$IOleObjectImpl@VCOPOSTotals@@@ATL@@UEAAJKPEAUtagSIZE@@@Z 0000000180002ce8 f i Totals.obj
 0001:00001d04       ?GetExtent@?$IOleObjectImpl@VCOPOSTotals@@@ATL@@UEAAJKPEAUtagSIZE@@@Z 0000000180002d04 f i Totals.obj
 0001:00001d34       ?Advise@?$IOleObjectImpl@VCOPOSTotals@@@ATL@@UEAAJPEAUIAdviseSink@@PEAK@Z 0000000180002d34 f i Totals.obj
 0001:00001d90       ?Unadvise@?$IOleObjectImpl@VCOPOSTotals@@@ATL@@UEAAJK@Z 0000000180002d90 f i Totals.obj
 0001:00001dc8       ?EnumAdvise@?$IOleObjectImpl@VCOPOSTotals@@@ATL@@UEAAJPEAPEAUIEnumSTATDATA@@@Z 0000000180002dc8 f i Totals.obj
 0001:00001e10       ?GetMiscStatus@?$IOleObjectImpl@VCOPOSTotals@@@ATL@@UEAAJKPEAK@Z 0000000180002e10 f i Totals.obj
 0001:00001e20       ?GetWindow@?$IOleInPlaceActiveObjectImpl@VCOPOSTotals@@@ATL@@UEAAJPEAPEAUHWND__@@@Z 0000000180002e20 f i Totals.obj
 0001:00001e74       ?TranslateAcceleratorW@?$IOleInPlaceActiveObjectImpl@VCOPOSTotals@@@ATL@@UEAAJPEAUtagMSG@@@Z 0000000180002e74 f i Totals.obj
 0001:00001f68       ?OnDocWindowActivate@?$IOleInPlaceActiveObjectImpl@VCOPOSTotals@@@ATL@@UEAAJH@Z 0000000180002f68 f i Totals.obj
 0001:00001f94       ?Draw@?$IViewObjectExImpl@VCOPOSTotals@@@ATL@@UEAAJKJPEAXPEAUtagDVTARGETDEVICE@@PEAUHDC__@@2PEBU_RECTL@@3P6AH_K@Z4@Z 0000000180002f94 f i Totals.obj
 0001:00001ff8       ?SetAdvise@?$IViewObjectExImpl@VCOPOSTotals@@@ATL@@UEAAJKKPEAUIAdviseSink@@@Z 0000000180002ff8 f i Totals.obj
 0001:0000204c       ?GetAdvise@?$IViewObjectExImpl@VCOPOSTotals@@@ATL@@UEAAJPEAK0PEAPEAUIAdviseSink@@@Z 000000018000304c f i Totals.obj
 0001:00002088       ?GetExtent@?$IViewObjectExImpl@VCOPOSTotals@@@ATL@@UEAAJKJPEAUtagDVTARGETDEVICE@@PEAUtagSIZE@@@Z 0000000180003088 f i Totals.obj
 0001:000020b8       ?GetViewStatus@?$IViewObjectExImpl@VCOPOSTotals@@@ATL@@UEAAJPEAK@Z 00000001800030b8 f i Totals.obj
 0001:000020cc       ?QueryHitPoint@?$IViewObjectExImpl@VCOPOSTotals@@@ATL@@UEAAJKPEBUtagRECT@@UtagPOINT@@JPEAK@Z 00000001800030cc f i Totals.obj
 0001:00002110       ?QueryHitRect@?$IViewObjectExImpl@VCOPOSTotals@@@ATL@@UEAAJKPEBUtagRECT@@0JPEAK@Z 0000000180003110 f i Totals.obj
 0001:00002178       ?GetNaturalExtent@?$IViewObjectExImpl@VCOPOSTotals@@@ATL@@UEAAJKJPEAUtagDVTARGETDEVICE@@PEAUHDC__@@PEAUtagExtentInfo@@PEAUtagSIZE@@@Z 0000000180003178 f i Totals.obj
 0001:000021c0       ?GetWindow@?$IOleInPlaceObjectWindowlessImpl@VCOPOSTotals@@@ATL@@UEAAJPEAPEAUHWND__@@@Z 00000001800031c0 f i Totals.obj
 0001:00002214       ?InPlaceDeactivate@?$IOleInPlaceObjectWindowlessImpl@VCOPOSTotals@@@ATL@@UEAAJXZ 0000000180003214 f i Totals.obj
 0001:00002230       ?UIDeactivate@?$IOleInPlaceObjectWindowlessImpl@VCOPOSTotals@@@ATL@@UEAAJXZ 0000000180003230 f i Totals.obj
 0001:0000224c       ?SetObjectRects@?$IOleInPlaceObjectWindowlessImpl@VCOPOSTotals@@@ATL@@UEAAJPEBUtagRECT@@0@Z 000000018000324c f i Totals.obj
 0001:00002268       ?OnWindowMessage@?$IOleInPlaceObjectWindowlessImpl@VCOPOSTotals@@@ATL@@UEAAJI_K_JPEA_J@Z 0000000180003268 f i Totals.obj
 0001:00002330       ?EnumConnectionPoints@?$IConnectionPointContainerImpl@VCOPOSTotals@@@ATL@@UEAAJPEAPEAUIEnumConnectionPoints@@@Z 0000000180003330 f i Totals.obj
 0001:00002578       ?FindConnectionPoint@?$IConnectionPointContainerImpl@VCOPOSTotals@@@ATL@@UEAAJAEBU_GUID@@PEAPEAUIConnectionPoint@@@Z 0000000180003578 f i Totals.obj
 0001:00002648       ?IsDirty@?$IPersistStorageImpl@VCOPOSTotals@@@ATL@@UEAAJXZ 0000000180003648 f i Totals.obj
 0001:0000268c       ?InitNew@?$IPersistStorageImpl@VCOPOSTotals@@@ATL@@UEAAJPEAUIStorage@@@Z 000000018000368c f i Totals.obj
 0001:000026d0       ?Load@?$IPersistStorageImpl@VCOPOSTotals@@@ATL@@UEAAJPEAUIStorage@@@Z 00000001800036d0 f i Totals.obj
 0001:00002770       ?Save@?$IPersistStorageImpl@VCOPOSTotals@@@ATL@@UEAAJPEAUIStorage@@H@Z 0000000180003770 f i Totals.obj
 0001:00002820       ?GetPages@?$ISpecifyPropertyPagesImpl@VCOPOSTotals@@@ATL@@UEAAJPEAUtagCAUUID@@@Z 0000000180003820 f i Totals.obj
 0001:0000282c       ?QuickActivate@?$IQuickActivateImpl@VCOPOSTotals@@@ATL@@UEAAJPEAUtagQACONTAINER@@PEAUtagQACONTROL@@@Z 000000018000382c f i Totals.obj
 0001:00002848       ?SetContentExtent@?$IQuickActivateImpl@VCOPOSTotals@@@ATL@@UEAAJPEAUtagSIZE@@@Z 0000000180003848 f i Totals.obj
 0001:0000287c       ?GetContentExtent@?$IQuickActivateImpl@VCOPOSTotals@@@ATL@@UEAAJPEAUtagSIZE@@@Z 000000018000387c f i Totals.obj
 0001:000028b4       ?GetData@?$IDataObjectImpl@VCOPOSTotals@@@ATL@@UEAAJPEAUtagFORMATETC@@PEAUtagSTGMEDIUM@@@Z 00000001800038b4 f i Totals.obj
 0001:000028d0       ?DAdvise@?$IDataObjectImpl@VCOPOSTotals@@@ATL@@UEAAJPEAUtagFORMATETC@@KPEAUIAdviseSink@@PEAK@Z 00000001800038d0 f i Totals.obj
 0001:00002958       ?DUnadvise@?$IDataObjectImpl@VCOPOSTotals@@@ATL@@UEAAJK@Z 0000000180003958 f i Totals.obj
 0001:00002984       ?EnumDAdvise@?$IDataObjectImpl@VCOPOSTotals@@@ATL@@UEAAJPEAPEAUIEnumSTATDATA@@@Z 0000000180003984 f i Totals.obj
 0001:000029c0       ?GetClassInfoW@?$IProvideClassInfo2Impl@$1?CLSID_OPOSTotals@@3U_GUID@@B$1?DIID__IOPOSTotalsEvents@@3U2@B$1?LIBID_OposTotals_CCO@@3U2@B$00$0A@VCComTypeInfoHolder@ATL@@@ATL@@UEAAJPEAPEAUITypeInfo@@@Z 00000001800039c0 f i Totals.obj
 0001:00002a18       ?GetGUID@?$IProvideClassInfo2Impl@$1?CLSID_OPOSTotals@@3U_GUID@@B$1?DIID__IOPOSTotalsEvents@@3U2@B$1?LIBID_OposTotals_CCO@@3U2@B$00$0A@VCComTypeInfoHolder@ATL@@@ATL@@UEAAJKPEAU_GUID@@@Z 0000000180003a18 f i Totals.obj
 0001:00002a4c       _get_startup_argv_mode     0000000180003a4c f i LIBCMT:argv_mode.obj
 0001:00002a4c       ?AddRef@CRegObject@ATL@@UEAAKXZ 0000000180003a4c f i Totals.obj
 0001:00002a4c       ?FAccessAllowed@?$IObjectSafetyImpl@VCOPOSTotals@@$02@ATL@@MEAAHXZ 0000000180003a4c f i Totals.obj
 0001:00002a54       ?GetInterfaceSafetyOptions@?$IObjectSafetyImpl@VCOPOSTotals@@$02@ATL@@UEAAJAEBU_GUID@@PEAK1@Z 0000000180003a54 f i Totals.obj
 0001:00002ae8       ?SetInterfaceSafetyOptions@?$IObjectSafetyImpl@VCOPOSTotals@@$02@ATL@@UEAAJAEBU_GUID@@KK@Z 0000000180003ae8 f i Totals.obj
 0001:00002b8c       ?_LocCPQueryInterface@?$IConnectionPointImpl@VCOPOSTotals@@$1?IID_IPropertyNotifySink@@3U_GUID@@BVCComDynamicUnkArray@ATL@@@ATL@@UEAAJAEBU_GUID@@PEAPEAX@Z 0000000180003b8c f i Totals.obj
 0001:00002b8c       ?_LocCPQueryInterface@?$IConnectionPointImpl@VCOPOSTotals@@$1?DIID__IOPOSTotalsEvents@@3U_GUID@@BVCComDynamicUnkArray@ATL@@@ATL@@UEAAJAEBU_GUID@@PEAPEAX@Z 0000000180003b8c f i Totals.obj
 0001:00002c00       ?GetConnectionInterface@?$IConnectionPointImpl@VCOPOSTotals@@$1?IID_IPropertyNotifySink@@3U_GUID@@BVCComDynamicUnkArray@ATL@@@ATL@@UEAAJPEAU_GUID@@@Z 0000000180003c00 f i Totals.obj
 0001:00002c1c       ?GetConnectionPointContainer@?$IConnectionPointImpl@VCOPOSTotals@@$1?IID_IPropertyNotifySink@@3U_GUID@@BVCComDynamicUnkArray@ATL@@@ATL@@UEAAJPEAPEAUIConnectionPointContainer@@@Z 0000000180003c1c f i Totals.obj
 0001:00002c3c       ?Advise@?$IConnectionPointImpl@VCOPOSTotals@@$1?IID_IPropertyNotifySink@@3U_GUID@@BVCComDynamicUnkArray@ATL@@@ATL@@UEAAJPEAUIUnknown@@PEAK@Z 0000000180003c3c f i Totals.obj
 0001:00002c3c       ?Advise@?$IConnectionPointImpl@VCOPOSTotals@@$1?DIID__IOPOSTotalsEvents@@3U_GUID@@BVCComDynamicUnkArray@ATL@@@ATL@@UEAAJPEAUIUnknown@@PEAK@Z 0000000180003c3c f i Totals.obj
 0001:00002cfc       ?Unadvise@?$IConnectionPointImpl@VCOPOSTotals@@$1?IID_IPropertyNotifySink@@3U_GUID@@BVCComDynamicUnkArray@ATL@@@ATL@@UEAAJK@Z 0000000180003cfc f i Totals.obj
 0001:00002cfc       ?Unadvise@?$IConnectionPointImpl@VCOPOSTotals@@$1?DIID__IOPOSTotalsEvents@@3U_GUID@@BVCComDynamicUnkArray@ATL@@@ATL@@UEAAJK@Z 0000000180003cfc f i Totals.obj
 0001:00002d78       ?EnumConnections@?$IConnectionPointImpl@VCOPOSTotals@@$1?DIID__IOPOSTotalsEvents@@3U_GUID@@BVCComDynamicUnkArray@ATL@@@ATL@@UEAAJPEAPEAUIEnumConnections@@@Z 0000000180003d78 f i Totals.obj
 0001:00002d78       ?EnumConnections@?$IConnectionPointImpl@VCOPOSTotals@@$1?IID_IPropertyNotifySink@@3U_GUID@@BVCComDynamicUnkArray@ATL@@@ATL@@UEAAJPEAPEAUIEnumConnections@@@Z 0000000180003d78 f i Totals.obj
 0001:00002f20       ?GetConnectionInterface@?$IConnectionPointImpl@VCOPOSTotals@@$1?DIID__IOPOSTotalsEvents@@3U_GUID@@BVCComDynamicUnkArray@ATL@@@ATL@@UEAAJPEAU_GUID@@@Z 0000000180003f20 f i Totals.obj
 0001:00002f3c       ?GetConnectionPointContainer@?$IConnectionPointImpl@VCOPOSTotals@@$1?DIID__IOPOSTotalsEvents@@3U_GUID@@BVCComDynamicUnkArray@ATL@@@ATL@@UEAAJPEAPEAUIConnectionPointContainer@@@Z 0000000180003f3c f i Totals.obj
 0001:00002f5c       ?UpdateRegistry@COPOSTotals@@SAJH@Z 0000000180003f5c f i Totals.obj
 0001:00002f74       ?ProcessWindowMessage@COPOSTotals@@UEAAHPEAUHWND__@@I_K_JAEA_JK@Z 0000000180003f74 f i Totals.obj
 0001:00002ffc       ?SODirectIO@COPOSTotals@@MEAAJJPEAJPEAPEA_W@Z 0000000180003ffc f i Totals.obj
 0001:00003074       ?SOStatusUpdate@COPOSTotals@@MEAAJJ@Z 0000000180004074 f i Totals.obj
 0001:000030c4       ?AddReplacement@CRegObject@ATL@@UEAAJPEB_W0@Z 00000001800040c4 f i Totals.obj
 0001:000030f4       ?ClearReplacements@CRegObject@ATL@@UEAAJXZ 00000001800040f4 f i Totals.obj
 0001:00003100       ??_GCRegObject@ATL@@UEAAPEAXI@Z 0000000180004100 f i Totals.obj
 0001:00003100       ??_ECRegObject@ATL@@UEAAPEAXI@Z 0000000180004100 f i Totals.obj
 0001:00003180       ?CreateInstance@?$CComCreator@V?$CComObjectCached@VCComClassFactory@ATL@@@ATL@@@ATL@@SAJPEAXAEBU_GUID@@PEAPEAX@Z 0000000180004180 f i Totals.obj
 0001:00003284       ?CreateInstance@?$CComCreator2@V?$CComCreator@V?$CComObject@VCOPOSTotals@@@ATL@@@ATL@@V?$CComCreator@V?$CComAggObject@VCOPOSTotals@@@ATL@@@2@@ATL@@SAJPEAXAEBU_GUID@@PEAPEAX@Z 0000000180004284 f i Totals.obj
 0001:00003294       ?Next@?$CComEnumImpl@UIEnumConnectionPoints@@$1?_GUID_b196b285_bab4_101a_b69c_00aa00341d07@@3U__s_GUID@@BPEAUIConnectionPoint@@V?$_CopyInterface@UIConnectionPoint@@@ATL@@@ATL@@UEAAJKPEAPEAUIConnectionPoint@@PEAK@Z 0000000180004294 f i Totals.obj
 0001:00003360       ?Skip@?$CComEnumImpl@UIEnumConnectionPoints@@$1?_GUID_b196b285_bab4_101a_b69c_00aa00341d07@@3U__s_GUID@@BPEAUIConnectionPoint@@V?$_CopyInterface@UIConnectionPoint@@@ATL@@@ATL@@UEAAJK@Z 0000000180004360 f i Totals.obj
 0001:0000338c       ?Clone@?$CComEnumImpl@UIEnumConnectionPoints@@$1?_GUID_b196b285_bab4_101a_b69c_00aa00341d07@@3U__s_GUID@@BPEAUIConnectionPoint@@V?$_CopyInterface@UIConnectionPoint@@@ATL@@@ATL@@UEAAJPEAPEAUIEnumConnectionPoints@@@Z 000000018000438c f i Totals.obj
 0001:000034b4       ?QueryInterface@?$CComObject@V?$CComEnum@UIEnumConnectionPoints@@$1?_GUID_b196b285_bab4_101a_b69c_00aa00341d07@@3U__s_GUID@@BPEAUIConnectionPoint@@V?$_CopyInterface@UIConnectionPoint@@@ATL@@VCComSingleThreadModel@6@@ATL@@@ATL@@UEAAJAEBU_GUID@@PEAPEAX@Z 00000001800044b4 f i Totals.obj
 0001:000034c8       ??_E?$CComObject@V?$CComEnum@UIEnumConnectionPoints@@$1?_GUID_b196b285_bab4_101a_b69c_00aa00341d07@@3U__s_GUID@@BPEAUIConnectionPoint@@V?$_CopyInterface@UIConnectionPoint@@@ATL@@VCComSingleThreadModel@6@@ATL@@@ATL@@UEAAPEAXI@Z 00000001800044c8 f i Totals.obj
 0001:000034c8       ??_G?$CComObject@V?$CComEnum@UIEnumConnectionPoints@@$1?_GUID_b196b285_bab4_101a_b69c_00aa00341d07@@3U__s_GUID@@BPEAUIConnectionPoint@@V?$_CopyInterface@UIConnectionPoint@@@ATL@@VCComSingleThreadModel@6@@ATL@@@ATL@@UEAAPEAXI@Z 00000001800044c8 f i Totals.obj
 0001:00003520       ?AddRef@?$CComObjectCached@VCComClassFactory@ATL@@@ATL@@UEAAKXZ 0000000180004520 f i Totals.obj
 0001:0000354c       ?Release@?$CComObjectCached@VCComClassFactory@ATL@@@ATL@@UEAAKXZ 000000018000454c f i Totals.obj
 0001:0000358c       ?QueryInterface@?$CComObjectCached@VCComClassFactory@ATL@@@ATL@@UEAAJAEBU_GUID@@PEAPEAX@Z 000000018000458c f i Totals.obj
 0001:000035a0       ??_E?$CComObjectCached@VCComClassFactory@ATL@@@ATL@@UEAAPEAXI@Z 00000001800045a0 f i Totals.obj
 0001:000035a0       ??_G?$CComObjectCached@VCComClassFactory@ATL@@@ATL@@UEAAPEAXI@Z 00000001800045a0 f i Totals.obj
 0001:000035f8       ??$AtlModuleRegisterWndClassInfoT@VAtlModuleRegisterWndClassInfoParamW@ATL@@@ATL@@YAGPEAU_ATL_BASE_MODULE70@0@PEAU_ATL_WIN_MODULE70@0@PEAU_ATL_WNDCLASSINFOW@0@PEAP6A_JPEAUHWND__@@I_K_J@ZVAtlModuleRegisterWndClassInfoParamW@0@@Z 00000001800045f8 f i Totals.obj
 0001:000037f8       ??0?$CComContainedObject@VCOPOSTotals@@@ATL@@QEAA@PEAX@Z 00000001800047f8 f i Totals.obj
 0001:00003914       ??0?$CComObject@VCOPOSTotals@@@ATL@@QEAA@PEAX@Z 0000000180004914 f i Totals.obj
 0001:00003a2c       ??0CAtlModule@ATL@@QEAA@XZ 0000000180004a2c f i Totals.obj
 0001:00003aac       ??1?$CComEnumImpl@UIEnumConnectionPoints@@$1?_GUID_b196b285_bab4_101a_b69c_00aa00341d07@@3U__s_GUID@@BPEAUIConnectionPoint@@V?$_CopyInterface@UIConnectionPoint@@@ATL@@@ATL@@UEAA@XZ 0000000180004aac f i Totals.obj
 0001:00003b08       ??1?$CComEnumImpl@UIEnumConnections@@$1?_GUID_b196b287_bab4_101a_b69c_00aa00341d07@@3U__s_GUID@@BUtagCONNECTDATA@@V?$_Copy@UtagCONNECTDATA@@@ATL@@@ATL@@UEAA@XZ 0000000180004b08 f i Totals.obj
 0001:00003b64       ??1?$CComObject@VCOPOSTotals@@@ATL@@UEAA@XZ 0000000180004b64 f i Totals.obj
 0001:00003c84       ??_E?$CComContainedObject@VCOPOSTotals@@@ATL@@UEAAPEAXI@Z 0000000180004c84 f i Totals.obj
 0001:00003c84       ??_G?$CComContainedObject@VCOPOSTotals@@@ATL@@UEAAPEAXI@Z 0000000180004c84 f i Totals.obj
 0001:00003cb8       ??_G?$CComObject@VCOPOSTotals@@@ATL@@UEAAPEAXI@Z 0000000180004cb8 f i Totals.obj
 0001:00003cb8       ??_E?$CComObject@VCOPOSTotals@@@ATL@@UEAAPEAXI@Z 0000000180004cb8 f i Totals.obj
 0001:00003cec       ?Add@?$CSimpleArray@GV?$CSimpleArrayEqualHelper@G@ATL@@@ATL@@QEAAHAEBG@Z 0000000180004cec f i Totals.obj
 0001:00003da0       ?Add@?$CSimpleMap@PEA_WPEA_WVCExpansionVectorEqualHelper@ATL@@@ATL@@QEAAHAEBQEA_W0@Z 0000000180004da0 f i Totals.obj
 0001:00003e40       ?Add@CComDynamicUnkArray@ATL@@QEAAKPEAUIUnknown@@@Z 0000000180004e40 f i Totals.obj
 0001:00003f38       ?Add@CExpansionVector@ATL@@QEAAHPEB_W0@Z 0000000180004f38 f i Totals.obj
 0001:000040c8       ?AddValue@CRegParser@ATL@@IEAAJAEAVCRegKey@2@PEB_WPEA_W@Z 00000001800050c8 f i Totals.obj
 0001:00004510       ?AllocateHeap@?$CTempBuffer@E$0BAA@VCCRTAllocator@ATL@@@ATL@@AEAAX_K@Z 0000000180005510 f i Totals.obj
 0001:00004510       ?AllocateHeap@?$CTempBuffer@_W$0BAA@VCCRTAllocator@ATL@@@ATL@@AEAAX_K@Z 0000000180005510 f i Totals.obj
 0001:00004510       ?AllocateHeap@?$CTempBuffer@_W$0EAA@VCCRTAllocator@ATL@@@ATL@@AEAAX_K@Z 0000000180005510 f i Totals.obj
 0001:0000453c       ?Append@CParseBuffer@CRegParser@ATL@@QEAAHPEB_WH@Z 000000018000553c f i Totals.obj
 0001:00004654       ?AtlCallTermFunc@ATL@@YAXPEAU_ATL_MODULE70@1@@Z 0000000180005654 f i Totals.obj
 0001:000046b8       ?AtlComModuleGetClassObject@ATL@@YAJPEAU_ATL_COM_MODULE70@1@AEBU_GUID@@1PEAPEAX@Z 00000001800056b8 f i Totals.obj
 0001:000047f8       ?AtlComModuleRegisterServer@ATL@@YAJPEAU_ATL_COM_MODULE70@1@HPEBU_GUID@@@Z 00000001800057f8 f i Totals.obj
 0001:000048b8       ?AtlComModuleUnregisterServer@ATL@@YAJPEAU_ATL_COM_MODULE70@1@HPEBU_GUID@@@Z 00000001800058b8 f i Totals.obj
 0001:00004974       ?AtlCreateTargetDC@ATL@@YAPEAUHDC__@@PEAU2@PEAUtagDVTARGETDEVICE@@@Z 0000000180005974 f i Totals.obj
 0001:000049e8       ?AtlHiMetricToPixel@ATL@@YAXPEBUtagSIZE@@PEAU2@@Z 00000001800059e8 f i Totals.obj
 0001:00004a98       ?AtlHresultFromLastError@ATL@@YAJXZ 0000000180005a98 f i Totals.obj
 0001:00004ab8       ?AtlHresultFromWin32@ATL@@YAJK@Z 0000000180005ab8 f i Totals.obj
 0001:00004ac8       ?AtlIPersistStreamInit_Load@ATL@@YAJPEAUIStream@@PEBUATL_PROPMAP_ENTRY@1@PEAXPEAUIUnknown@@@Z 0000000180005ac8 f i Totals.obj
 0001:00004d00       ?AtlIPersistStreamInit_Save@ATL@@YAJPEAUIStream@@HPEBUATL_PROPMAP_ENTRY@1@PEAXPEAUIUnknown@@@Z 0000000180005d00 f i Totals.obj
 0001:00004f3c       ?AtlInternalOleLoadFromStream@ATL@@YAJPEAUIStream@@AEBU_GUID@@PEAPEAXTClassesAllowedInStream@1@K@Z 0000000180005f3c f i Totals.obj
 0001:00005080       ?AtlInternalQueryInterface@ATL@@YAJPEAXPEBU_ATL_INTMAP_ENTRY@1@AEBU_GUID@@PEAPEAX@Z 0000000180006080 f i Totals.obj
 0001:00005188       ?AtlLoadTypeLib@ATL@@YAJPEAUHINSTANCE__@@PEB_WPEAPEA_WPEAPEAUITypeLib@@@Z 0000000180006188 f i Totals.obj
 0001:000053e4       ?AtlModuleAddTermFunc@ATL@@YAJPEAU_ATL_MODULE70@1@P6AX_K@Z1@Z 00000001800063e4 f i Totals.obj
 0001:00005478       ?AtlRegisterClassCategoriesHelper@ATL@@YAJAEBU_GUID@@PEBU_ATL_CATMAP_ENTRY@1@H@Z 0000000180006478 f i Totals.obj
 0001:000058e0       ?AtlRegisterTypeLib@ATL@@YAJPEAUHINSTANCE__@@PEB_W@Z 00000001800068e0 f i Totals.obj
 0001:00005adc       ?AtlThrowImpl@ATL@@YAXJ@Z  0000000180006adc f i Totals.obj
 0001:00005b00       ?AtlUnRegisterTypeLib@ATL@@YAJPEAUHINSTANCE__@@PEB_W@Z 0000000180006b00 f i Totals.obj
 0001:00005bc8       ?AtlWinModuleExtractCreateWndData@ATL@@YAPEAXPEAU_ATL_WIN_MODULE70@1@@Z 0000000180006bc8 f i Totals.obj
 0001:00005c54       ?Cleanup@CComTypeInfoHolder@ATL@@SAX_K@Z 0000000180006c54 f i Totals.obj
 0001:00005c94       ?ClearReplacements@CExpansionVector@ATL@@QEAAJXZ 0000000180006c94 f i Totals.obj
 0001:00005d30       ?CreateInstance@?$CComCreator@V?$CComAggObject@VCOPOSTotals@@@ATL@@@ATL@@SAJPEAXAEBU_GUID@@PEAPEAX@Z 0000000180006d30 f i Totals.obj
 0001:00005e08       ?CreateInstance@?$CComCreator@V?$CComObject@VCOPOSTotals@@@ATL@@@ATL@@SAJPEAXAEBU_GUID@@PEAPEAX@Z 0000000180006e08 f i Totals.obj
 0001:00005ec0       ?CreateInstance@?$CComObject@V?$CComEnum@UIEnumConnectionPoints@@$1?_GUID_b196b285_bab4_101a_b69c_00aa00341d07@@3U__s_GUID@@BPEAUIConnectionPoint@@V?$_CopyInterface@UIConnectionPoint@@@ATL@@VCComSingleThreadModel@6@@ATL@@@ATL@@SAJPEAPEAV12@@Z 0000000180006ec0 f i Totals.obj
 0001:00005f4c       ?CreateInstance@?$CComObject@V?$CComEnum@UIEnumConnections@@$1?_GUID_b196b287_bab4_101a_b69c_00aa00341d07@@3U__s_GUID@@BUtagCONNECTDATA@@V?$_Copy@UtagCONNECTDATA@@@ATL@@VCComSingleThreadModel@6@@ATL@@@ATL@@SAJPEAPEAV12@@Z 0000000180006f4c f i Totals.obj
 0001:00005fd8       ?DefaultReflectionHandler@?$CWindowImplRoot@VCWindow@ATL@@@ATL@@SAHPEAUHWND__@@I_K_JAEA_J@Z 0000000180006fd8 f i Totals.obj
 0001:0000603c       ?DeleteSubKey@CRegKey@ATL@@QEAAJPEB_W@Z 000000018000703c f i Totals.obj
 0001:000060d4       ?DoEvent@COPOSTotals@@IEAAXI_K_J@Z 00000001800070d4 f i Totals.obj
 0001:00006188       ?DoVerbPrimary@?$IOleObjectImpl@VCOPOSTotals@@@ATL@@QEAAJPEBUtagRECT@@PEAUHWND__@@@Z 0000000180007188 f i Totals.obj
 0001:000062b0       ?DoVerbProperties@CComControlBase@ATL@@QEAAJPEBUtagRECT@@PEAUHWND__@@@Z 00000001800072b0 f i Totals.obj
 0001:000064d8       ?FireTheEvent@?$CProxy_IOPOSEvents@VCOPOSTotals@@@@IEAAXPEAVOposVariant@@IAEAJPEB_WJ@Z 00000001800074d8 f i Totals.obj
 0001:000065c4       ?FireViewChange@CComControlBase@ATL@@QEAAJXZ 00000001800075c4 f i Totals.obj
 0001:00006628       ?Fire_DirectIOEvent@?$CProxy_IOPOSEvents@VCOPOSTotals@@@@QEAAXJPEAJPEAPEA_W@Z 0000000180007628 f i Totals.obj
 0001:00006780       ?Fire_StatusUpdateEvent@?$CProxy_IOPOSEvents@VCOPOSTotals@@@@QEAAXJ@Z 0000000180007780 f i Totals.obj
 0001:0000686c       ?FreeHeap@?$CTempBuffer@E$0BAA@VCCRTAllocator@ATL@@@ATL@@AEAAXXZ 000000018000786c f i Totals.obj
 0001:0000686c       ?FreeHeap@?$CTempBuffer@_W$0BAA@VCCRTAllocator@ATL@@@ATL@@AEAAXXZ 000000018000786c f i Totals.obj
 0001:0000686c       ?FreeHeap@?$CTempBuffer@_W$0EAA@VCCRTAllocator@ATL@@@ATL@@AEAAXXZ 000000018000786c f i Totals.obj
 0001:00006874       ?GetAmbientLocaleID@CComControlBase@ATL@@QEAAJAEAK@Z 0000000180007874 f i Totals.obj
 0001:00006934       ?GetAmbientUserMode@CComControlBase@ATL@@QEAAJAEAH@Z 0000000180007934 f i Totals.obj
 0001:00006a08       ?GetClassObject@CComModule@ATL@@QEAAJAEBU_GUID@@0PEAPEAX@Z 0000000180007a08 f i Totals.obj
 0001:00006afc       ?GetConnMap@COPOSTotals@@SAPEBU_ATL_CONNMAP_ENTRY@ATL@@PEAH@Z 0000000180007afc f i Totals.obj
 0001:00006b84       ?GetIDsOfNames@CComTypeInfoHolder@ATL@@QEAAJAEBU_GUID@@PEAPEA_WIKPEAJ@Z 0000000180007b84 f i Totals.obj
 0001:00006cfc       ?GetPagesHelper@?$ISpecifyPropertyPagesImpl@VCOPOSTotals@@@ATL@@IEAAJPEAUtagCAUUID@@PEBUATL_PROPMAP_ENTRY@2@@Z 0000000180007cfc f i Totals.obj
 0001:00006e9c       ?GetSizeMax@CComVariant@ATL@@QEBAJPEAT_ULARGE_INTEGER@@@Z 0000000180007e9c f i Totals.obj
 0001:000070d0       ?GetTI@CComTypeInfoHolder@ATL@@QEAAJK@Z 00000001800080d0 f i Totals.obj
 0001:00007348       ?GetZoomInfo@CComControlBase@ATL@@QEAAXAEAUATL_DRAWINFO@@@Z 0000000180008348 f i Totals.obj
 0001:000073ec       ?HKeyFromString@CRegParser@ATL@@KAPEAUHKEY__@@PEA_W@Z 00000001800083ec f i Totals.obj
 0001:00007450       ?IDataObject_GetData@CComControlBase@ATL@@QEAAJPEAUtagFORMATETC@@PEAUtagSTGMEDIUM@@@Z 0000000180008450 f i Totals.obj
 0001:00007644       ?IOleInPlaceObject_InPlaceDeactivate@CComControlBase@ATL@@QEAAJXZ 0000000180008644 f i Totals.obj
 0001:000076e4       ?IOleInPlaceObject_SetObjectRects@CComControlBase@ATL@@QEAAJPEBUtagRECT@@0@Z 00000001800086e4 f i Totals.obj
 0001:000077d4       ?IOleInPlaceObject_UIDeactivate@CComControlBase@ATL@@QEAAJXZ 00000001800087d4 f i Totals.obj
 0001:000078e0       ?IOleObject_Close@CComControlBase@ATL@@QEAAJK@Z 00000001800088e0 f i Totals.obj
 0001:000079f8       ?IOleObject_SetClientSite@CComControlBase@ATL@@QEAAJPEAUIOleClientSite@@@Z 00000001800089f8 f i Totals.obj
 0001:00007a70       ?IOleObject_SetExtent@CComControlBase@ATL@@QEAAJKPEAUtagSIZE@@@Z 0000000180008a70 f i Totals.obj
 0001:00007b08       ?IPSI_GetIPersistStreamInit@?$IPersistStorageImpl@VCOPOSTotals@@@ATL@@AEAAPEAUIPersistStreamInit@@XZ 0000000180008b08 f i Totals.obj
 0001:00007b64       ?IQuickActivate_QuickActivate@CComControlBase@ATL@@QEAAJPEAUtagQACONTAINER@@PEAUtagQACONTROL@@@Z 0000000180008b64 f i Totals.obj
 0001:00007e28       ?IViewObject_Draw@CComControlBase@ATL@@QEAAJKJPEAXPEAUtagDVTARGETDEVICE@@PEAUHDC__@@2PEBU_RECTL@@3@Z 0000000180008e28 f i Totals.obj
 0001:00007f3c       ?InPlaceActivate@CComControlBase@ATL@@QEAAJJPEBUtagRECT@@@Z 0000000180008f3c f i Totals.obj
 0001:00008274       ?Init@?$CComEnumImpl@UIEnumConnectionPoints@@$1?_GUID_b196b285_bab4_101a_b69c_00aa00341d07@@3U__s_GUID@@BPEAUIConnectionPoint@@V?$_CopyInterface@UIConnectionPoint@@@ATL@@@ATL@@QEAAJPEAPEAUIConnectionPoint@@0PEAUIUnknown@@W4CComEnumFlags@2@@Z 0000000180009274 f i Totals.obj
 0001:00008394       ?Init@?$CComEnumImpl@UIEnumConnections@@$1?_GUID_b196b287_bab4_101a_b69c_00aa00341d07@@3U__s_GUID@@BUtagCONNECTDATA@@V?$_Copy@UtagCONNECTDATA@@@ATL@@@ATL@@QEAAJPEAUtagCONNECTDATA@@0PEAUIUnknown@@W4CComEnumFlags@2@@Z 0000000180009394 f i Totals.obj
 0001:000084b8       ?IsEqualObject@?$CComPtrBase@UIOleClientSite@@@ATL@@QEAA_NPEAUIUnknown@@@Z 00000001800094b8 f i Totals.obj
 0001:000084b8       ?IsEqualObject@?$CComPtrBase@UITypeInfo@@@ATL@@QEAA_NPEAUIUnknown@@@Z 00000001800094b8 f i Totals.obj
 0001:00008544       ?LoadNameCache@CComTypeInfoHolder@ATL@@QEAAJPEAUITypeInfo@@@Z 0000000180009544 f i Totals.obj
 0001:000086c8       ?Lookup@?$CSimpleMap@PEA_WPEA_WVCExpansionVectorEqualHelper@ATL@@@ATL@@QEBAPEA_WAEBQEA_W@Z 00000001800096c8 f i Totals.obj
 0001:00008754       ?NextToken@CRegParser@ATL@@IEAAJPEA_W@Z 0000000180009754 f i Totals.obj
 0001:0000890c       ?OnKillFocus@CComControlBase@ATL@@QEAA_JI_K_JAEAH@Z 000000018000990c f i Totals.obj
 0001:000089a8       ?OnMouseActivate@CComControlBase@ATL@@QEAA_JI_K_JAEAH@Z 00000001800099a8 f i Totals.obj
 0001:00008a48       ?OnPaint@CComControlBase@ATL@@QEAA_JI_K_JAEAH@Z 0000000180009a48 f i Totals.obj
 0001:00008b34       ?OnSetFocus@CComControlBase@ATL@@QEAA_JI_K_JAEAH@Z 0000000180009b34 f i Totals.obj
 0001:00008c30       ?Open@CRegKey@ATL@@QEAAJPEAUHKEY__@@PEB_WK@Z 0000000180009c30 f i Totals.obj
 0001:00008cbc       ?PreProcessBuffer@CRegParser@ATL@@QEAAJPEA_WPEAPEA_W@Z 0000000180009cbc f i Totals.obj
 0001:00009040       ?ProcessWindowMessage@?$CComControl@VCOPOSTotals@@V?$CWindowImpl@VCOPOSTotals@@VCWindow@ATL@@V?$CWinTraits@$0FGAAAAAA@$0A@@3@@ATL@@@ATL@@UEAAHPEAUHWND__@@I_K_JAEA_JK@Z 000000018000a040 f i Totals.obj
 0001:00009124       ?PutProperty@?$CComPtr@UIDispatch@@@ATL@@SAJPEAUIDispatch@@JPEAUtagVARIANT@@@Z 000000018000a124 f i Totals.obj
 0001:00009228       ?ReadFromStream@CComBSTR@ATL@@QEAAJPEAUIStream@@@Z 000000018000a228 f i Totals.obj
 0001:00009384       ?ReadFromStream@CComVariant@ATL@@QEAAJPEAUIStream@@GTClassesAllowedInStream@2@K@Z 000000018000a384 f i Totals.obj
 0001:00009594       ?RecurseDeleteKey@CRegKey@ATL@@QEAAJPEB_W@Z 000000018000a594 f i Totals.obj
 0001:000096a0       ?RegCreateKeyExW@CAtlTransactionManager@ATL@@QEAAJPEAUHKEY__@@PEB_WKPEA_WKKQEAU_SECURITY_ATTRIBUTES@@PEAPEAU3@PEAK@Z 000000018000a6a0 f i Totals.obj
 0001:000097d4       ?RegDeleteKeyW@CAtlTransactionManager@ATL@@QEAAJPEAUHKEY__@@PEB_W@Z 000000018000a7d4 f i Totals.obj
 0001:00009860       ?RegOpenKeyExW@CAtlTransactionManager@ATL@@QEAAJPEAUHKEY__@@PEB_WKKPEAPEAU3@@Z 000000018000a860 f i Totals.obj
 0001:00009918       ?RegisterBuffer@CRegParser@ATL@@QEAAJPEA_WH@Z 000000018000a918 f i Totals.obj
 0001:00009a80       ?RegisterFromResource@CRegObject@ATL@@IEAAJPEB_W00H@Z 000000018000aa80 f i Totals.obj
 0001:00009c3c       ?RegisterServer@CComModule@ATL@@QEAAJHPEBU_GUID@@@Z 000000018000ac3c f i Totals.obj
 0001:00009cfc       ?RegisterSubkeys@CRegParser@ATL@@IEAAJPEA_WPEAUHKEY__@@HH@Z 000000018000acfc f i Totals.obj
 0001:0000a3f8       ?SendOnDataChange@CComControlBase@ATL@@QEAAJK@Z 000000018000b3f8 f i Totals.obj
 0001:0000a468       ?SetControlFocus@CComControlBase@ATL@@QEAAHH@Z 000000018000b468 f i Totals.obj
 0001:0000a544       ?SkipAssignment@CRegParser@ATL@@IEAAJPEA_W@Z 000000018000b544 f i Totals.obj
 0001:0000a5e8       ?Term@CComModule@ATL@@QEAAXXZ 000000018000b5e8 f i Totals.obj
 0001:0000a694       ?UnregisterServer@CComModule@ATL@@QEAAJHPEBU_GUID@@@Z 000000018000b694 f i Totals.obj
 0001:0000a744       ?UpdateRegistryFromResource@CAtlModule@ATL@@QEAAJIHPEAU_ATL_REGMAP_ENTRY@2@@Z 000000018000b744 f i Totals.obj
 0001:0000aa7c       ?UpdateRegistryFromResource@CAtlModule@ATL@@QEAAJPEB_WHPEAU_ATL_REGMAP_ENTRY@2@@Z 000000018000ba7c f i Totals.obj
 0001:0000add4       ?VTFromRegType@CRegParser@ATL@@KAHPEB_WAEAG@Z 000000018000bdd4 f i Totals.obj
 0001:0000ae70       ?WindowProc@?$CWindowImplBaseT@VCWindow@ATL@@V?$CWinTraits@$0FGAAAAAA@$0A@@2@@ATL@@SA_JPEAUHWND__@@I_K_J@Z 000000018000be70 f i Totals.obj
 0001:0000afdc       ?WriteToStream@CComBSTR@ATL@@QEAAJPEAUIStream@@@Z 000000018000bfdc f i Totals.obj
 0001:0000b05c       ?WriteToStream@CComVariant@ATL@@QEAAJPEAUIStream@@@Z 000000018000c05c f i Totals.obj
 0001:0000b270       ?WriteToStream@CComVariant@ATL@@QEAAJPEAUIStream@@G@Z 000000018000c270 f i Totals.obj
 0001:0000b308       ?_AtlVerifyStackAvailable@_ATL_SAFE_ALLOCA_IMPL@ATL@@YA_N_K@Z 000000018000c308 f i Totals.obj
 0001:0000b38c       ?atlCreate@?$CWindowImpl@VCOPOSTotals@@VCWindow@ATL@@V?$CWinTraits@$0FGAAAAAA@$0A@@3@@ATL@@QEAAPEAUHWND__@@PEAU3@V_U_RECT@2@PEB_WKKV_U_MENUorID@2@PEAX@Z 000000018000c38c f i Totals.obj
 0001:0000b43c       ?atlCreate@?$CWindowImplBaseT@VCWindow@ATL@@V?$CWinTraits@$0FGAAAAAA@$0A@@2@@ATL@@QEAAPEAUHWND__@@PEAU3@V_U_RECT@2@PEB_WKKV_U_MENUorID@2@GPEAX@Z 000000018000c43c f i Totals.obj
 0001:0000b5ac       ?atlCreate@CRegKey@ATL@@QEAAJPEAUHKEY__@@PEB_WPEA_WKKPEAU_SECURITY_ATTRIBUTES@@PEAK@Z 000000018000c5ac f i Totals.obj
 0001:0000b698       DllCanUnloadNow            000000018000c698 f   Totals.obj
 0001:0000b6a4       DllGetClassObject          000000018000c6a4 f   Totals.obj
 0001:0000b6bc       DllMain                    000000018000c6bc f   Totals.obj
 0001:0000b764       DllRegisterServer          000000018000c764 f   Totals.obj
 0001:0000b778       DllUnregisterServer        000000018000c778 f   Totals.obj
 0001:0000b78c       __local_stdio_printf_options 000000018000c78c f i Totals.obj
 0001:0000b81c       swprintf_s                 000000018000c81c f i Totals.obj
 0001:0000b870       ??0COPOSTotals@@QEAA@XZ    000000018000c870 f   TotalsImpl.obj
 0001:0000b92c       ??1?$IConnectionPointImpl@VCOPOSTotals@@$1?DIID__IOPOSTotalsEvents@@3U_GUID@@BVCComDynamicUnkArray@ATL@@@ATL@@QEAA@XZ 000000018000c92c f i TotalsImpl.obj
 0001:0000b92c       ??1?$IConnectionPointImpl@VCOPOSTotals@@$1?IID_IPropertyNotifySink@@3U_GUID@@BVCComDynamicUnkArray@ATL@@@ATL@@QEAA@XZ 000000018000c92c f i TotalsImpl.obj
 0001:0000b988       ??1CComControlBase@ATL@@UEAA@XZ 000000018000c988 f i TotalsImpl.obj
 0001:0000ba04       ??1COPOSTotals@@UEAA@XZ    000000018000ca04 f   TotalsImpl.obj
 0001:0000ba68       ?BeginTrans@COPOSTotals@@UEAAJPEAJ@Z 000000018000ca68 f   TotalsImpl.obj
 0001:0000ba90       ?CheckHealth@COPOSTotals@@UEAAJJPEAJ@Z 000000018000ca90 f   TotalsImpl.obj
 0001:0000bb0c       ?ClaimDevice@COPOSTotals@@UEAAJJPEAJ@Z 000000018000cb0c f   TotalsImpl.obj
 0001:0000bba4       ?ClaimFile@COPOSTotals@@UEAAJJJPEAJ@Z 000000018000cba4 f   TotalsImpl.obj
 0001:0000bc70       ?Close@COPOSTotals@@UEAAJPEAJ@Z 000000018000cc70 f   TotalsImpl.obj
 0001:0000bd28       ?CommitTrans@COPOSTotals@@UEAAJPEAJ@Z 000000018000cd28 f   TotalsImpl.obj
 0001:0000bd50       ?CompareFirmwareVersion@COPOSTotals@@UEAAJPEA_WPEAJ1@Z 000000018000cd50 f   TotalsImpl.obj
 0001:0000be2c       ?Create@COPOSTotals@@UEAAJPEA_WPEAJJF1@Z 000000018000ce2c f   TotalsImpl.obj
 0001:0000bf28       ?Delete@COPOSTotals@@UEAAJPEA_WPEAJ@Z 000000018000cf28 f   TotalsImpl.obj
 0001:0000bfb0       ?DirectIO@COPOSTotals@@UEAAJJPEAJPEAPEA_W0@Z 000000018000cfb0 f   TotalsImpl.obj
 0001:0000c0ac       ?DoInvoke@COPOSTotals@@IEAAJJPEAVOposVariant@@IHPEAJ_N@Z 000000018000d0ac f   TotalsImpl.obj
 0001:0000c1e0       ?EventInit@COPOSTotals@@IEAAJXZ 000000018000d1e0 f i TotalsImpl.obj
 0001:0000c328       ?EventUninit@COPOSTotals@@IEAAXXZ 000000018000d328 f i TotalsImpl.obj
 0001:0000c38c       ?EventWindowProc@COPOSTotals@@IEAA_JI_K_J@Z 000000018000d38c f i TotalsImpl.obj
 0001:0000c484       ?FinalConstruct@COPOSTotals@@QEAAJXZ 000000018000d484 f   TotalsImpl.obj
 0001:0000c4c0       ?Find@COPOSTotals@@UEAAJPEA_WPEAJ11@Z 000000018000d4c0 f   TotalsImpl.obj
 0001:0000c5ac       ?FindByIndex@COPOSTotals@@UEAAJJPEAPEA_WPEAJ@Z 000000018000d5ac f   TotalsImpl.obj
 0001:0000c684       ?FreezeEvents@COPOSTotals@@MEAAJH@Z 000000018000d684 f   TotalsImpl.obj
 0001:0000c6f8       ?GetOposProp@COPOSTotals@@IEAAJJPEAJJ@Z 000000018000d6f8 f   TotalsImpl.obj
 0001:0000c814       ?GetOposProp@COPOSTotals@@IEAAJJPEAPEA_WJ@Z 000000018000d814 f   TotalsImpl.obj
 0001:0000c940       ?OnDraw@COPOSTotals@@MEAAJAEAUATL_DRAWINFO@@@Z 000000018000d940 f   TotalsImpl.obj
 0001:0000ca2c       ?Open@COPOSTotals@@UEAAJPEA_WPEAJ@Z 000000018000da2c f   TotalsImpl.obj
 0001:0000d2b4       ?Read@COPOSTotals@@UEAAJJPEAPEA_WJJPEAJ@Z 000000018000e2b4 f   TotalsImpl.obj
 0001:0000d3c0       ?RecalculateValidationData@COPOSTotals@@UEAAJJPEAJ@Z 000000018000e3c0 f   TotalsImpl.obj
 0001:0000d43c       ?ReleaseDevice@COPOSTotals@@UEAAJPEAJ@Z 000000018000e43c f   TotalsImpl.obj
 0001:0000d480       ?ReleaseFile@COPOSTotals@@UEAAJJPEAJ@Z 000000018000e480 f   TotalsImpl.obj
 0001:0000d4fc       ?Rename@COPOSTotals@@UEAAJJPEA_WPEAJ@Z 000000018000e4fc f   TotalsImpl.obj
 0001:0000d5d4       ?ResetStatistics@COPOSTotals@@UEAAJPEA_WPEAJ@Z 000000018000e5d4 f   TotalsImpl.obj
 0001:0000d65c       ?RetrieveStatistics@COPOSTotals@@UEAAJPEAPEA_WPEAJ@Z 000000018000e65c f   TotalsImpl.obj
 0001:0000d6e4       ?Rollback@COPOSTotals@@UEAAJPEAJ@Z 000000018000e6e4 f   TotalsImpl.obj
 0001:0000d70c       ?SOProcessID@COPOSTotals@@UEAAJPEAJ@Z 000000018000e70c f   TotalsImpl.obj
 0001:0000d728       ?SetAll@COPOSTotals@@UEAAJJJPEAJ@Z 000000018000e728 f   TotalsImpl.obj
 0001:0000d7f4       ?SetCOFreezeEvents@COPOSTotals@@IEAAXF@Z 000000018000e7f4 f   TotalsImpl.obj
 0001:0000d8d8       ?SetOposProp@COPOSTotals@@IEAAJJJJ@Z 000000018000e8d8 f   TotalsImpl.obj
 0001:0000da38       ?UpdateFirmware@COPOSTotals@@UEAAJPEA_WPEAJ@Z 000000018000ea38 f   TotalsImpl.obj
 0001:0000dac0       ?UpdateStatistics@COPOSTotals@@UEAAJPEA_WPEAJ@Z 000000018000eac0 f   TotalsImpl.obj
 0001:0000db48       ?ValidateData@COPOSTotals@@UEAAJJPEAJ@Z 000000018000eb48 f   TotalsImpl.obj
 0001:0000dbc4       ?Write@COPOSTotals@@UEAAJJPEA_WJJPEAJ@Z 000000018000ebc4 f   TotalsImpl.obj
 0001:0000dcd0       ?get_BinaryConversion@COPOSTotals@@UEAAJPEAJ@Z 000000018000ecd0 f   TotalsImpl.obj
 0001:0000dce4       ?get_CapCompareFirmwareVersion@COPOSTotals@@UEAAJPEAF@Z 000000018000ece4 f   TotalsImpl.obj
 0001:0000dd18       ?get_CapErrorDetection@COPOSTotals@@UEAAJPEAF@Z 000000018000ed18 f   TotalsImpl.obj
 0001:0000dd48       ?get_CapPowerReporting@COPOSTotals@@UEAAJPEAJ@Z 000000018000ed48 f   TotalsImpl.obj
 0001:0000dd5c       ?get_CapSingleFile@COPOSTotals@@UEAAJPEAF@Z 000000018000ed5c f   TotalsImpl.obj
 0001:0000dd8c       ?get_CapStatisticsReporting@COPOSTotals@@UEAAJPEAF@Z 000000018000ed8c f   TotalsImpl.obj
 0001:0000ddc0       ?get_CapTransactions@COPOSTotals@@UEAAJPEAF@Z 000000018000edc0 f   TotalsImpl.obj
 0001:0000ddf0       ?get_CapUpdateFirmware@COPOSTotals@@UEAAJPEAF@Z 000000018000edf0 f   TotalsImpl.obj
 0001:0000de24       ?get_CapUpdateStatistics@COPOSTotals@@UEAAJPEAF@Z 000000018000ee24 f   TotalsImpl.obj
 0001:0000de58       ?get_CheckHealthText@COPOSTotals@@UEAAJPEAPEA_W@Z 000000018000ee58 f   TotalsImpl.obj
 0001:0000de68       ?get_Claimed@COPOSTotals@@UEAAJPEAF@Z 000000018000ee68 f   TotalsImpl.obj
 0001:0000de98       ?get_ControlObjectDescription@COPOSTotals@@UEAAJPEAPEA_W@Z 000000018000ee98 f   TotalsImpl.obj
 0001:0000defc       ?get_ControlObjectVersion@COPOSTotals@@UEAAJPEAJ@Z 000000018000eefc f   TotalsImpl.obj
 0001:0000df08       ?get_DeviceDescription@COPOSTotals@@UEAAJPEAPEA_W@Z 000000018000ef08 f   TotalsImpl.obj
 0001:0000df18       ?get_DeviceEnabled@COPOSTotals@@UEAAJPEAF@Z 000000018000ef18 f   TotalsImpl.obj
 0001:0000df48       ?get_DeviceName@COPOSTotals@@UEAAJPEAPEA_W@Z 000000018000ef48 f   TotalsImpl.obj
 0001:0000df58       ?get_FreeData@COPOSTotals@@UEAAJPEAJ@Z 000000018000ef58 f   TotalsImpl.obj
 0001:0000df68       ?get_FreezeEvents@COPOSTotals@@UEAAJPEAF@Z 000000018000ef68 f   TotalsImpl.obj
 0001:0000df98       ?get_NumberOfFiles@COPOSTotals@@UEAAJPEAJ@Z 000000018000ef98 f   TotalsImpl.obj
 0001:0000dfa8       ?get_OpenResult@COPOSTotals@@UEAAJPEAJ@Z 000000018000efa8 f   TotalsImpl.obj
 0001:0000dfb4       ?get_PowerNotify@COPOSTotals@@UEAAJPEAJ@Z 000000018000efb4 f   TotalsImpl.obj
 0001:0000dfc8       ?get_PowerState@COPOSTotals@@UEAAJPEAJ@Z 000000018000efc8 f   TotalsImpl.obj
 0001:0000dfdc       ?get_ResultCode@COPOSTotals@@UEAAJPEAJ@Z 000000018000efdc f   TotalsImpl.obj
 0001:0000e018       ?get_ResultCodeExtended@COPOSTotals@@UEAAJPEAJ@Z 000000018000f018 f   TotalsImpl.obj
 0001:0000e028       ?get_ServiceObjectDescription@COPOSTotals@@UEAAJPEAPEA_W@Z 000000018000f028 f   TotalsImpl.obj
 0001:0000e038       ?get_ServiceObjectVersion@COPOSTotals@@UEAAJPEAJ@Z 000000018000f038 f   TotalsImpl.obj
 0001:0000e048       ?get_State@COPOSTotals@@UEAAJPEAJ@Z 000000018000f048 f   TotalsImpl.obj
 0001:0000e074       ?get_TotalsSize@COPOSTotals@@UEAAJPEAJ@Z 000000018000f074 f   TotalsImpl.obj
 0001:0000e084       ?get_TransactionInProgress@COPOSTotals@@UEAAJPEAF@Z 000000018000f084 f   TotalsImpl.obj
 0001:0000e0b4       ?put_BinaryConversion@COPOSTotals@@UEAAJJ@Z 000000018000f0b4 f   TotalsImpl.obj
 0001:0000e0c8       ?put_DeviceEnabled@COPOSTotals@@UEAAJF@Z 000000018000f0c8 f   TotalsImpl.obj
 0001:0000e0e0       ?put_FreezeEvents@COPOSTotals@@UEAAJF@Z 000000018000f0e0 f   TotalsImpl.obj
 0001:0000e130       ?put_PowerNotify@COPOSTotals@@UEAAJJ@Z 000000018000f130 f   TotalsImpl.obj
 0001:0000e144       ?s_EventWindowProc@COPOSTotals@@KA_JPEAUHWND__@@I_K_J@Z 000000018000f144 f i TotalsImpl.obj
 0001:0000e1c0       ??_U@YAPEAX_K@Z            000000018000f1c0 f   LIBCMT:new_array.obj
 0001:0000e1c8       ??3@YAXPEAX_K@Z            000000018000f1c8 f   LIBCMT:delete_scalar_size.obj
 0001:0000e1c8       ??_V@YAXPEAX@Z             000000018000f1c8 f   LIBCMT:delete_array.obj
 0001:0000e1d0       ??_V@YAXPEAX_K@Z           000000018000f1d0 f   LIBCMT:delete_array_size.obj
 0001:0000e1d8       __scrt_acquire_startup_lock 000000018000f1d8 f   LIBCMT:utility.obj
 0001:0000e214       __scrt_dllmain_after_initialize_c 000000018000f214 f   LIBCMT:utility.obj
 0001:0000e248       __scrt_dllmain_before_initialize_c 000000018000f248 f   LIBCMT:utility.obj
 0001:0000e260       __scrt_dllmain_crt_thread_attach 000000018000f260 f   LIBCMT:utility.obj
 0001:0000e288       __scrt_dllmain_crt_thread_detach 000000018000f288 f   LIBCMT:utility.obj
 0001:0000e2a0       __scrt_dllmain_exception_filter 000000018000f2a0 f   LIBCMT:utility.obj
 0001:0000e300       __scrt_dllmain_uninitialize_c 000000018000f300 f   LIBCMT:utility.obj
 0001:0000e330       __scrt_dllmain_uninitialize_critical 000000018000f330 f   LIBCMT:utility.obj
 0001:0000e344       __scrt_initialize_crt      000000018000f344 f   LIBCMT:utility.obj
 0001:0000e390       __scrt_initialize_onexit_tables 000000018000f390 f   LIBCMT:utility.obj
 0001:0000e468       __scrt_is_nonwritable_in_current_image 000000018000f468 f   LIBCMT:utility.obj
 0001:0000e504       __scrt_release_startup_lock 000000018000f504 f   LIBCMT:utility.obj
 0001:0000e528       __scrt_uninitialize_crt    000000018000f528 f   LIBCMT:utility.obj
 0001:0000e554       _onexit                    000000018000f554 f   LIBCMT:utility.obj
 0001:0000e5a4       atexit                     000000018000f5a4 f   LIBCMT:utility.obj
 0001:0000e5bc       ??3@YAXPEAX@Z              000000018000f5bc f   LIBCMT:delete_scalar.obj
 0001:0000e74c       _Init_thread_footer        000000018000f74c f   LIBCMT:thread_safe_statics.obj
 0001:0000e7ac       _Init_thread_header        000000018000f7ac f   LIBCMT:thread_safe_statics.obj
 0001:0000e814       _Init_thread_notify        000000018000f814 f   LIBCMT:thread_safe_statics.obj
 0001:0000e864       _Init_thread_wait          000000018000f864 f   LIBCMT:thread_safe_statics.obj
 0001:0000e8dc       __raise_securityfailure    000000018000f8dc f   LIBCMT:gs_report.obj
 0001:0000e910       __report_gsfailure         000000018000f910 f   LIBCMT:gs_report.obj
 0001:0000e9e4       __report_rangecheckfailure 000000018000f9e4 f   LIBCMT:gs_report.obj
 0001:0000e9f8       __report_securityfailure   000000018000f9f8 f   LIBCMT:gs_report.obj
 0001:0000eb78       ??2@YAPEAX_KAEBUnothrow_t@std@@@Z 000000018000fb78 f   LIBCMT:new_scalar_nothrow.obj
 0001:0000eb98       ??_U@YAPEAX_KAEBUnothrow_t@std@@@Z 000000018000fb98 f   LIBCMT:new_array_nothrow.obj
 0001:0000eba0       __GSHandlerCheck           000000018000fba0 f   LIBCMT:gshandler.obj
 0001:0000ebc0       __GSHandlerCheckCommon     000000018000fbc0 f   LIBCMT:gshandler.obj
 0001:0000ec1c       __GSHandlerCheck_SEH       000000018000fc1c f   LIBCMT:gshandlerseh.obj
 0001:0000ecc0       _alloca_probe              000000018000fcc0 f   LIBCMT:chkstk.obj
 0001:0000ecc0       __chkstk                   000000018000fcc0 f   LIBCMT:chkstk.obj
 0001:0000ed30       __security_check_cookie    000000018000fd30 f   LIBCMT:amdsecgs.obj
 0001:0000f084       _DllMainCRTStartup         0000000180010084 f   LIBCMT:dll_dllmain.obj
 0001:0000f0c4       ??2@YAPEAX_K@Z             00000001800100c4 f   LIBCMT:new_scalar.obj
 0001:0000f100       __isa_available_init       0000000180010100 f   LIBCMT:cpu_disp.obj
 0001:0000f2bc       __scrt_is_ucrt_dll_in_use  00000001800102bc f   LIBCMT:ucrt_detection.obj
 0001:0000f2c8       __crt_debugger_hook        00000001800102c8 f   LIBCMT:utility_desktop.obj
 0001:0000f2d0       __scrt_fastfail            00000001800102d0 f   LIBCMT:utility_desktop.obj
 0001:0000f41c       __security_init_cookie     000000018001041c f   LIBCMT:gs_support.obj
 0001:0000f4c8       ?__scrt_initialize_type_info@@YAXXZ 00000001800104c8 f   LIBCMT:tncleanup.obj
 0001:0000f4d8       ?__scrt_uninitialize_type_info@@YAXXZ 00000001800104d8 f   LIBCMT:tncleanup.obj
 0001:0000f4e4       __local_stdio_scanf_options 00000001800104e4 f i LIBCMT:default_local_stdio_options.obj
 0001:0000f4ec       __scrt_initialize_default_local_stdio_options 00000001800104ec f   LIBCMT:default_local_stdio_options.obj
 0001:0000f508       __scrt_get_dyn_tls_init_callback 0000000180010508 f   LIBCMT:dyn_tls_init.obj
 0001:0000f510       _RTC_Initialize            0000000180010510 f   LIBCMT:initsect.obj
 0001:0000f54c       _RTC_Terminate             000000018001054c f   LIBCMT:initsect.obj
 0001:0000f588       ??0bad_alloc@std@@QEAA@AEBV01@@Z 0000000180010588 f i LIBCMT:throw_bad_alloc.obj
 0001:0000f5c8       ??0bad_alloc@std@@QEAA@XZ  00000001800105c8 f i LIBCMT:throw_bad_alloc.obj
 0001:0000f5e8       ??0bad_array_new_length@std@@QEAA@AEBV01@@Z 00000001800105e8 f i LIBCMT:throw_bad_alloc.obj
 0001:0000f628       ??0bad_array_new_length@std@@QEAA@XZ 0000000180010628 f i LIBCMT:throw_bad_alloc.obj
 0001:0000f648       ??0exception@std@@QEAA@AEBV01@@Z 0000000180010648 f i LIBCMT:throw_bad_alloc.obj
 0001:0000f680       ??1bad_alloc@std@@UEAA@XZ  0000000180010680 f i LIBCMT:throw_bad_alloc.obj
 0001:0000f680       ??1bad_array_new_length@std@@UEAA@XZ 0000000180010680 f i LIBCMT:throw_bad_alloc.obj
 0001:0000f680       ??1bad_exception@std@@UEAA@XZ 0000000180010680 f i libvcruntime:frame.obj
 0001:0000f694       ??_Gexception@std@@UEAAPEAXI@Z 0000000180010694 f i LIBCMT:throw_bad_alloc.obj
 0001:0000f694       ??_Ebad_array_new_length@std@@UEAAPEAXI@Z 0000000180010694 f i LIBCMT:throw_bad_alloc.obj
 0001:0000f694       ??_Ebad_exception@std@@UEAAPEAXI@Z 0000000180010694 f i libvcruntime:frame.obj
 0001:0000f694       ??_Ebad_alloc@std@@UEAAPEAXI@Z 0000000180010694 f i LIBCMT:throw_bad_alloc.obj
 0001:0000f694       ??_Eexception@std@@UEAAPEAXI@Z 0000000180010694 f i LIBCMT:throw_bad_alloc.obj
 0001:0000f694       ??_Gbad_exception@std@@UEAAPEAXI@Z 0000000180010694 f i libvcruntime:frame.obj
 0001:0000f694       ??_Gbad_array_new_length@std@@UEAAPEAXI@Z 0000000180010694 f i LIBCMT:throw_bad_alloc.obj
 0001:0000f694       ??_Gbad_alloc@std@@UEAAPEAXI@Z 0000000180010694 f i LIBCMT:throw_bad_alloc.obj
 0001:0000f6d8       ?__scrt_throw_std_bad_alloc@@YAXXZ 00000001800106d8 f   LIBCMT:throw_bad_alloc.obj
 0001:0000f6f8       ?__scrt_throw_std_bad_array_new_length@@YAXXZ 00000001800106f8 f   LIBCMT:throw_bad_alloc.obj
 0001:0000f718       ?what@exception@std@@UEBAPEBDXZ 0000000180010718 f i LIBCMT:throw_bad_alloc.obj
 0001:0000f730       ??_Etype_info@@UEAAPEAXI@Z 0000000180010730 f i LIBCMT:std_type_info_static.obj
 0001:0000f730       ??_Gtype_info@@UEAAPEAXI@Z 0000000180010730 f i LIBCMT:std_type_info_static.obj
 0001:0000f75c       ??0CAtlBaseModule@ATL@@QEAA@XZ 000000018001075c f   atls:atlbase.obj
 0001:0000f804       ??1CAtlBaseModule@ATL@@QEAA@XZ 0000000180010804 f   atls:atlbase.obj
 0001:0000f938       ?__AllocStdCallThunk_cmn@@YAPEAXXZ 0000000180010938 f   atls:atlthunk.obj
 0001:0000fa90       AtlThunk_AllocateData      0000000180010a90 f   atls:atlthunk.obj
 0001:0000fb0c       AtlThunk_DataToCode        0000000180010b0c f   atls:atlthunk.obj
 0001:0000fb60       AtlThunk_FreeData          0000000180010b60 f   atls:atlthunk.obj
 0001:0000fbc0       AtlThunk_InitData          0000000180010bc0 f   atls:atlthunk.obj
 0001:0000fc80       memset_repmovs             0000000180010c80 f   libvcruntime:memset.obj
 0001:0000fca0       memset                     0000000180010ca0 f   libvcruntime:memset.obj
 0001:0000fe30       _purecall                  0000000180010e30 f   libvcruntime:purevirt.obj
 0001:0000fe60       wcsstr                     0000000180010e60 f   libvcruntime:wcsstr.obj
 0001:00010090       memcmp                     0000000180011090 f   libvcruntime:memcmp.obj
 0001:00010170       memcpy_repmovs             0000000180011170 f   libvcruntime:memcpy.obj
 0001:00010190       memcpy                     0000000180011190 f   libvcruntime:memcpy.obj
 0001:00010190       memmove                    0000000180011190 f   libvcruntime:memcpy.obj
 0001:000105c8       __vcrt_initialize          00000001800115c8 f   libvcruntime:initialization.obj
 0001:000105fc       __vcrt_thread_attach       00000001800115fc f   libvcruntime:initialization.obj
 0001:00010610       __vcrt_thread_detach       0000000180011610 f   libvcruntime:initialization.obj
 0001:00010624       __vcrt_uninitialize        0000000180011624 f   libvcruntime:initialization.obj
 0001:00010644       __vcrt_uninitialize_critical 0000000180011644 f   libvcruntime:initialization.obj
 0001:00010654       __C_specific_handler       0000000180011654 f   libvcruntime:riscchandler.obj
 0001:00010860       __DestructExceptionObject  0000000180011860 f   libvcruntime:ehhelpers.obj
 0001:000108d4       ?_CallMemberFunction0@@YAXQEAX0@Z 00000001800118d4 f i libvcruntime:ehhelpers.obj
 0001:000108d8       _IsExceptionObjectToBeDestroyed 00000001800118d8 f   libvcruntime:ehhelpers.obj
 0001:00010908       __AdjustPointer            0000000180011908 f   libvcruntime:ehhelpers.obj
 0001:0001092c       __FrameUnwindFilter        000000018001192c f   libvcruntime:ehhelpers.obj
 0001:00010978       __std_terminate            0000000180011978 f   libvcruntime:ehhelpers.obj
 0001:00010984       ??$_CallSETranslator@V__FrameHandler3@@@@YAHPEAUEHExceptionRecord@@PEA_KPEAU_CONTEXT@@PEAU_xDISPATCHER_CONTEXT@@PEBU_s_FuncInfo@@K1@Z 0000000180011984 f i libvcruntime:risctrnsctrl.obj
 0001:000109d8       ?CatchTryBlock@__FrameHandler3@@SAPEBU_s_TryBlockMapEntry@@PEBU_s_FuncInfo@@H@Z 00000001800119d8 f   libvcruntime:risctrnsctrl.obj
 0001:00010a30       ?ExecutionInCatch@__FrameHandler3@@SA_NPEAU_xDISPATCHER_CONTEXT@@PEBU_s_FuncInfo@@@Z 0000000180011a30 f   libvcruntime:risctrnsctrl.obj
 0001:00010a5c       ?FrameUnwindToEmptyState@__FrameHandler3@@SAXPEA_KPEAU_xDISPATCHER_CONTEXT@@PEBU_s_FuncInfo@@@Z 0000000180011a5c f   libvcruntime:risctrnsctrl.obj
 0001:00010ac0       ?GetEstablisherFrame@__FrameHandler3@@SAPEA_KPEA_KPEAU_xDISPATCHER_CONTEXT@@PEBU_s_FuncInfo@@0@Z 0000000180011ac0 f   libvcruntime:risctrnsctrl.obj
 0001:00010b8c       ?GetRangeOfTrysToCheck@__FrameHandler3@@SA?AU?$pair@Viterator@TryBlockMap@__FrameHandler3@@V123@@std@@AEAVTryBlockMap@1@HH@Z 0000000180011b8c f   libvcruntime:risctrnsctrl.obj
 0001:00010ce8       ?UnwindNestedFrames@__FrameHandler3@@SAXPEA_KPEAUEHExceptionRecord@@PEAU_CONTEXT@@0PEAXPEBU_s_FuncInfo@@HHPEBU_s_HandlerType@@PEAU_xDISPATCHER_CONTEXT@@E@Z 0000000180011ce8 f   libvcruntime:risctrnsctrl.obj
 0001:00010e0c       _CreateFrameInfo           0000000180011e0c f   libvcruntime:risctrnsctrl.obj
 0001:00010e48       _FindAndUnlinkFrame        0000000180011e48 f   libvcruntime:risctrnsctrl.obj
 0001:00010e9c       _GetImageBase              0000000180011e9c f   libvcruntime:risctrnsctrl.obj
 0001:00010eb0       _GetThrowImageBase         0000000180011eb0 f   libvcruntime:risctrnsctrl.obj
 0001:00010ec4       _SetImageBase              0000000180011ec4 f   libvcruntime:risctrnsctrl.obj
 0001:00010edc       _SetThrowImageBase         0000000180011edc f   libvcruntime:risctrnsctrl.obj
 0001:00010ef4       __CxxFrameHandler3         0000000180011ef4 f   libvcruntime:risctrnsctrl.obj
 0001:00010f74       __std_type_info_compare    0000000180011f74 f   libvcruntime:std_type_info.obj
 0001:00010f9c       __std_type_info_destroy_list 0000000180011f9c f   libvcruntime:std_type_info.obj
 0001:00010fc8       __std_exception_copy       0000000180011fc8 f   libvcruntime:std_exception.obj
 0001:00011058       __std_exception_destroy    0000000180012058 f   libvcruntime:std_exception.obj
 0001:00011080       _CxxThrowException         0000000180012080 f   libvcruntime:throw.obj
 0001:00011140       __vcrt_initialize_pure_virtual_call_handler 0000000180012140 f   libvcruntime:purevirt_data.obj
 0001:00011150       __vcrt_freefls             0000000180012150 f   libvcruntime:per_thread_data.obj
 0001:00011170       __vcrt_freeptd             0000000180012170 f   libvcruntime:per_thread_data.obj
 0001:000111c0       __vcrt_getptd              00000001800121c0 f   libvcruntime:per_thread_data.obj
 0001:000111dc       __vcrt_getptd_noexit       00000001800121dc f   libvcruntime:per_thread_data.obj
 0001:000112a8       __vcrt_initialize_ptd      00000001800122a8 f   libvcruntime:per_thread_data.obj
 0001:000112fc       __vcrt_uninitialize_ptd    00000001800122fc f   libvcruntime:per_thread_data.obj
[...]
 0004:00001710       $pdata$??$?RV<lambda_46352004c1216016012b18bd6f87e700>@@AEAV<lambda_3bd07e1a1191394380780325891bf33f>@@V<lambda_334532d3f185bcaa59b5be82d7d22bff>@@@?$__crt_seh_guarded_call@X@@QEAAX$$QEAV<lambda_46352004c1216016012b18bd6f87e700>@@AEAV<lambda_3bd07e1a1191394380780325891bf33f>@@$$QEAV<lambda_334532d3f185bcaa59b5be82d7d22bff>@@@Z 0000000180033710     libucrt:per_thread_data.obj
 0004:0000171c       $pdata$??$?RV<lambda_fb3a7dec4e47f37f22dae91bb15c9095>@@AEAV<lambda_698284760c8add0bfb0756c19673e34b>@@V<lambda_dfb8eca1e75fef3034a8fb18dd509707>@@@?$__crt_seh_guarded_call@X@@QEAAX$$QEAV<lambda_fb3a7dec4e47f37f22dae91bb15c9095>@@AEAV<lambda_698284760c8add0bfb0756c19673e34b>@@$$QEAV<lambda_dfb8eca1e75fef3034a8fb18dd509707>@@@Z 000000018003371c     libucrt:per_thread_data.obj
 0004:00001728       $pdata$_calloc_base        0000000180033728     libucrt:calloc_base.obj
 0004:00001734       $pdata$_malloc_base        0000000180033734     libucrt:malloc_base.obj
 0004:00001740       $pdata$_msize              0000000180033740     libucrt:msize.obj
 0004:0000174c       $pdata$_realloc_base       000000018003374c     libucrt:realloc_base.obj
 0004:00001758       $pdata$__acrt_FlsAlloc     0000000180033758     libucrt:winapi_thunks.obj
 0004:00001764       $pdata$__acrt_FlsFree      0000000180033764     libucrt:winapi_thunks.obj
 0004:00001770       $pdata$__acrt_FlsGetValue  0000000180033770     libucrt:winapi_thunks.obj
 0004:0000177c       $pdata$__acrt_FlsSetValue  000000018003377c     libucrt:winapi_thunks.obj
 0004:00001788       $pdata$__acrt_initialize_winapi_thunks 0000000180033788     libucrt:winapi_thunks.obj
 0004:00001794       $pdata$__acrt_uninitialize_winapi_thunks 0000000180033794     libucrt:winapi_thunks.obj
 0004:000017a0       $pdata$__acrt_InitializeCriticalSectionEx 00000001800337a0     libucrt:winapi_thunks.obj
 0004:000017ac       $pdata$__acrt_LCMapStringEx 00000001800337ac     libucrt:winapi_thunks.obj
 0004:000017b8       $pdata$__acrt_LocaleNameToLCID 00000001800337b8     libucrt:winapi_thunks.obj
 0004:000017c4       $pdata$__acrt_SetThreadStackGuarantee 00000001800337c4     libucrt:winapi_thunks.obj
 0004:000017d0       $pdata$__acrt_is_packaged_app 00000001800337d0     libucrt:winapi_thunks.obj
 0004:000017dc       $pdata$?try_get_function@@YAPEAXW4function_id@?A0x63058377@@QEBDQEBW4module_id@2@2@Z 00000001800337dc     libucrt:winapi_thunks.obj
 0004:000017e8       $pdata$isdigit             00000001800337e8     libucrt:_ctype.obj
 0004:000017f4       $pdata$tolower             00000001800337f4     libucrt:tolower_toupper.obj
 0004:00001800       $pdata$_tolower_l          0000000180033800     libucrt:tolower_toupper.obj
 0004:0000180c       $pdata$?internal_isupper_l@@YA_NHQEAU__crt_locale_pointers@@@Z 000000018003380c     libucrt:tolower_toupper.obj
 0004:00001818       $pdata$wcstol              0000000180033818     libucrt:strtox.obj
 0004:00001824       $pdata$_mbtowc_l           0000000180033824     libucrt:mbtowc.obj
 0004:00001830       $pdata$wcsnlen             0000000180033830     libucrt:strnlen.obj
 0004:0000183c       $pdata$__acrt_update_locale_info 000000018003383c     libucrt:locale_update.obj
 0004:00001848       $pdata$__acrt_update_multibyte_info 0000000180033848     libucrt:locale_update.obj
 0004:00001854       $pdata$__acrt_fp_format    0000000180033854     libucrt:cvt.obj
 0004:00001860       $pdata$?fp_format_nan_or_infinity@@YAHW4__acrt_fp_class@@_NPEAD_K1@Z 0000000180033860     libucrt:cvt.obj
 0004:0000186c       $pdata$?fp_format_e_internal@@YAHQEAD_KH_NIQEAU_strflt@@2QEAU__crt_locale_pointers@@@Z 000000018003386c     libucrt:cvt.obj
 0004:00001878       $pdata$?fp_format_e@@YAHQEBNQEAD_K12H_NIQEAU__crt_locale_pointers@@@Z 0000000180033878     libucrt:cvt.obj
 0004:00001884       $pdata$?fp_format_a@@YAHQEBNPEAD_KQEAD2H_NIQEAU__crt_locale_pointers@@@Z 0000000180033884     libucrt:cvt.obj
 0004:00001890       $pdata$?fp_format_f_internal@@YAHQEAD_KHQEAU_strflt@@_NQEAU__crt_locale_pointers@@@Z 0000000180033890     libucrt:cvt.obj
 0004:0000189c       $pdata$?fp_format_g@@YAHQEBNQEAD_K12H_NIQEAU__crt_locale_pointers@@@Z 000000018003389c     libucrt:cvt.obj
 0004:000018a8       $pdata$_fileno             00000001800338a8     libucrt:fileno.obj
 0004:000018b4       $pdata$__acrt_initialize_stdio 00000001800338b4     libucrt:_file.obj
 0004:000018c0       $pdata$__acrt_uninitialize_stdio 00000001800338c0     libucrt:_file.obj
 0004:000018cc       $pdata$__acrt_uninitialize_locale 00000001800338cc     libucrt:wsetlocale.obj
 0004:000018d8       $pdata$__acrt_update_thread_locale_data$fin$0 00000001800338d8     libucrt:locale_refcounting.obj
 0004:000018d8       $pdata$__acrt_uninitialize_locale$fin$0 00000001800338d8     libucrt:wsetlocale.obj
 0004:000018e4       $pdata$__acrt_initialize_lowio 00000001800338e4     libucrt:ioinit.obj
 0004:000018f0       $pdata$__acrt_initialize_lowio$fin$0 00000001800338f0     libucrt:ioinit.obj
 0004:000018f0       $pdata$__acrt_lowio_ensure_fh_exists$fin$0 00000001800338f0     libucrt:osfinfo.obj
 0004:000018fc       $pdata$__acrt_uninitialize_lowio 00000001800338fc     libucrt:ioinit.obj
 0004:00001908       $pdata$?initialize_inherited_file_handles_nolock@@YAXXZ 0000000180033908     libucrt:ioinit.obj
 0004:00001914       $pdata$?initialize_stdio_handles_nolock@@YAXXZ 0000000180033914     libucrt:ioinit.obj
 0004:00001920       $pdata$__acrt_initialize_locks 0000000180033920     libucrt:locks.obj
 0004:0000192c       $pdata$__acrt_uninitialize_locks 000000018003392c     libucrt:locks.obj
 0004:00001938       $pdata$??$common_expand_argv_wildcards@D@@YAHQEAPEADQEAPEAPEAD@Z 0000000180033938     libucrt:argv_wildcards.obj
 0004:00001944       $pdata$?expand_if_necessary@?$argument_list@D@?A0xca0879c4@@AEAAHXZ 0000000180033944     libucrt:argv_wildcards.obj
 0004:00001950       $pdata$??$copy_and_add_argument_to_buffer@D@@YAHQEBD0_KAEAV?$argument_list@D@?A0xca0879c4@@@Z 0000000180033950     libucrt:argv_wildcards.obj
 0004:0000195c       $pdata$??$expand_argument_wildcards@D@@YAHQEAD0AEAV?$argument_list@D@?A0xca0879c4@@@Z 000000018003395c     libucrt:argv_wildcards.obj
 0004:00001968       $pdata$__acrt_update_thread_multibyte_data 0000000180033968     libucrt:mbctype.obj
 0004:00001974       $pdata$__acrt_update_thread_multibyte_data$fin$0 0000000180033974     libucrt:mbctype.obj
 0004:00001980       $pdata$__acrt_initialize_multibyte 0000000180033980     libucrt:mbctype.obj
 0004:0000198c       $pdata$_setmbcp_nolock     000000018003398c     libucrt:mbctype.obj
 0004:00001998       $pdata$?getSystemCP@@YAHH@Z 0000000180033998     libucrt:mbctype.obj
 0004:000019a4       $pdata$?setSBCS@@YAXPEAU__crt_multibyte_data@@@Z 00000001800339a4     libucrt:mbctype.obj
 0004:000019b0       $pdata$?setSBUpLow@@YAXPEAU__crt_multibyte_data@@@Z 00000001800339b0     libucrt:mbctype.obj
 0004:000019bc       $pdata$?setmbcp_internal@@YAHH_N@Z 00000001800339bc     libucrt:mbctype.obj
 0004:000019c8       $pdata$??R<lambda_ad1ced32f4ac17aa236e5ef05d6b3b7c>@@QEBAXXZ 00000001800339c8     libucrt:mbctype.obj
 0004:000019d4       $pdata$??$?RV<lambda_99476a1ad63dd22509b5d3e65b0ffc95>@@AEAV<lambda_ad1ced32f4ac17aa236e5ef05d6b3b7c>@@V<lambda_f7424dd8d45958661754dc4f2697e9c3>@@@?$__crt_seh_guarded_call@X@@QEAAX$$QEAV<lambda_99476a1ad63dd22509b5d3e65b0ffc95>@@AEAV<lambda_ad1ced32f4ac17aa236e5ef05d6b3b7c>@@$$QEAV<lambda_f7424dd8d45958661754dc4f2697e9c3>@@@Z 00000001800339d4     libucrt:mbctype.obj
 0004:000019e0       $pdata$?x_ismbbtype_l@@YAHPEAU__crt_locale_pointers@@IHH@Z 00000001800339e0     libucrt:ismbbyte.obj
 0004:000019ec       $pdata$__acrt_initialize_command_line 00000001800339ec     libucrt:argv_data.obj
 0004:000019f8       $pdata$__dcrt_get_narrow_environment_from_os 00000001800339f8     libucrt:get_environment_from_os.obj
 0004:00001a04       $pdata$__acrt_initialize_heap 0000000180033a04     libucrt:heap_handle.obj
 0004:00001a10       $pdata$__acrt_execute_initializers 0000000180033a10     libucrt:shared_initialization.obj
 0004:00001a1c       $pdata$__acrt_execute_uninitializers 0000000180033a1c     libucrt:shared_initialization.obj
 0004:00001a28       $pdata$__acrt_get_sigabrt_handler 0000000180033a28     libucrt:signal.obj
 0004:00001a34       $pdata$raise               0000000180033a34     libucrt:signal.obj
 0004:00001a40       $pdata$raise$fin$0         0000000180033a40     libucrt:signal.obj
 0004:00001a4c       $pdata$??$?RV<lambda_c36588078e9f5dfd39652860aa6b3aaf>@@AEAV<lambda_ec61778202f4f5fc7e7711acc23c3bca>@@V<lambda_dc9d2797ccde5d239b4a0efae8ebd7db>@@@?$__crt_seh_guarded_call@P6AXH@Z@@QEAAP6AXH@Z$$QEAV<lambda_c36588078e9f5dfd39652860aa6b3aaf>@@AEAV<lambda_ec61778202f4f5fc7e7711acc23c3bca>@@$$QEAV<lambda_dc9d2797ccde5d239b4a0efae8ebd7db>@@@Z 0000000180033a4c     libucrt:signal.obj
 0004:00001a58       $pdata$__acrt_invoke_user_matherr 0000000180033a58     libucrt:matherr.obj
 0004:00001a64       $pdata$__pctype_func       0000000180033a64     libucrt:ctype.obj
 0004:00001a70       $pdata$iswctype            0000000180033a70     libucrt:iswctype.obj
 0004:00001a7c       $pdata$_isctype_l          0000000180033a7c     libucrt:isctype.obj
 0004:00001a88       $pdata$__acrt_release_locale_ref 0000000180033a88     libucrt:locale_refcounting.obj
 0004:00001a94       $pdata$__acrt_free_locale  0000000180033a94     libucrt:locale_refcounting.obj
 0004:00001aa0       $pdata$__acrt_locale_free_lc_time_if_unreferenced 0000000180033aa0     libucrt:locale_refcounting.obj
 0004:00001aac       $pdata$__acrt_update_thread_locale_data 0000000180033aac     libucrt:locale_refcounting.obj
 0004:00001ab8       $pdata$_updatetlocinfoEx_nolock 0000000180033ab8     libucrt:locale_refcounting.obj
 0004:00001ac4       $pdata$__acrt_DownlevelLocaleNameToLCID 0000000180033ac4     libucrt:lcidtoname_downlevel.obj
 0004:00001ad0       $pdata$?GetTableIndexFromLocaleName@@YAHPEB_W@Z 0000000180033ad0     libucrt:lcidtoname_downlevel.obj
 0004:00001adc       $pdata$_isleadbyte_l       0000000180033adc     libucrt:_wctype.obj
 0004:00001ae8       $pdata$__acrt_LCMapStringA 0000000180033ae8     libucrt:lcmapstringa.obj
 0004:00001af4       $pdata$?__acrt_LCMapStringA_stat@@YAHPEAU__crt_locale_pointers@@PEB_WKPEBDHPEADHHH@Z 0000000180033af4     libucrt:lcmapstringa.obj
 0004:00001b00       $pdata$__acrt_fp_strflt_to_string 0000000180033b00     libucrt:_fptostr.obj
 0004:00001b0c       $pdata$memcpy_s            0000000180033b0c     libucrt:cfout.obj
 0004:00001b18       $pdata$__acrt_fltout       0000000180033b18     libucrt:cfout.obj
 0004:00001b24       $pdata$?divide@__crt_strtox@@YA_KAEAUbig_integer@1@AEBU21@@Z 0000000180033b24     libucrt:cfout.obj
 0004:00001b30       $pdata$5$?divide@__crt_strtox@@YA_KAEAUbig_integer@1@AEBU21@@Z 0000000180033b30     libucrt:cfout.obj
 0004:00001b3c       $pdata$6$?divide@__crt_strtox@@YA_KAEAUbig_integer@1@AEBU21@@Z 0000000180033b3c     libucrt:cfout.obj
 0004:00001b48       $pdata$_fcloseall          0000000180033b48     libucrt:closeall.obj
 0004:00001b54       $pdata$_fcloseall$fin$0    0000000180033b54     libucrt:closeall.obj
 0004:00001b60       $pdata$_fflush_nolock      0000000180033b60     libucrt:fflush.obj
 0004:00001b6c       $pdata$__acrt_stdio_flush_nolock 0000000180033b6c     libucrt:fflush.obj
 0004:00001b78       $pdata$common_flush_all    0000000180033b78     libucrt:fflush.obj
 0004:00001b84       $pdata$common_flush_all$fin$0 0000000180033b84     libucrt:fflush.obj
 0004:00001b90       $pdata$common_flush_all$fin$1 0000000180033b90     libucrt:fflush.obj
 0004:00001b9c       $pdata$__acrt_stdio_free_buffer_nolock 0000000180033b9c     libucrt:_freebuf.obj
 0004:00001ba8       $pdata$_isatty             0000000180033ba8     libucrt:isatty.obj
 0004:00001bb4       $pdata$__acrt_locale_free_monetary 0000000180033bb4     libucrt:initmon.obj
 0004:00001bc0       $pdata$__acrt_locale_free_numeric 0000000180033bc0     libucrt:initnum.obj
 0004:00001bcc       $pdata$__acrt_locale_free_time 0000000180033bcc     libucrt:inittime.obj
 0004:00001bd8       $pdata$?free_crt_array_internal@@YAXQEAPEBX_K@Z 0000000180033bd8     libucrt:inittime.obj
 0004:00001be4       $pdata$__acrt_GetStringTypeA 0000000180033be4     libucrt:getstringtypea.obj
 0004:00001bf0       $pdata$_get_osfhandle      0000000180033bf0     libucrt:osfinfo.obj
 0004:00001bfc       $pdata$_free_osfhnd        0000000180033bfc     libucrt:osfinfo.obj
 0004:00001c08       $pdata$__acrt_lowio_create_handle_array 0000000180033c08     libucrt:osfinfo.obj
 0004:00001c14       $pdata$__acrt_lowio_destroy_handle_array 0000000180033c14     libucrt:osfinfo.obj
 0004:00001c20       $pdata$__acrt_lowio_ensure_fh_exists 0000000180033c20     libucrt:osfinfo.obj
 0004:00001c2c       $pdata$qsort               0000000180033c2c     libucrt:qsort.obj
 0004:00001c38       $pdata$4$qsort             0000000180033c38     libucrt:qsort.obj
 0004:00001c44       $pdata$5$qsort             0000000180033c44     libucrt:qsort.obj
 0004:00001c50       $pdata$?shortsort@@YAXPEAD0_KP6AHPEBX2@Z@Z 0000000180033c50     libucrt:qsort.obj
 0004:00001c5c       $pdata$2$?shortsort@@YAXPEAD0_KP6AHPEBX2@Z@Z 0000000180033c5c     libucrt:qsort.obj
 0004:00001c68       $pdata$3$?shortsort@@YAXPEAD0_KP6AHPEBX2@Z@Z 0000000180033c68     libucrt:qsort.obj
 0004:00001c74       $pdata$strncpy_s           0000000180033c74     libucrt:strncpy_s.obj
 0004:00001c80       $pdata$strpbrk             0000000180033c80     libucrt:strpbrk.obj
 0004:00001c8c       $pdata$_mbsdec_l           0000000180033c8c     libucrt:mbsdec.obj
 0004:00001c98       $pdata$?initialize_multibyte@@YAHXZ 0000000180033c98     libucrt:multibyte_initializer.obj
 0004:00001ca4       $pdata$fegetenv            0000000180033ca4     libucrt:fegetenv.obj
 0004:00001cb0       $pdata$fesetenv            0000000180033cb0     libucrt:fesetenv.obj
 0004:00001cbc       $pdata$feholdexcept        0000000180033cbc     libucrt:feholdexcept.obj
 0004:00001cd4       $pdata$_write              0000000180033cd4     libucrt:write.obj
 0004:00001ce0       $pdata$_write$fin$0        0000000180033ce0     libucrt:write.obj
 0004:00001cec       $pdata$_write_nolock       0000000180033cec     libucrt:write.obj
 0004:00001cf8       $pdata$?write_double_translated_ansi_nolock@@YA?AUwrite_result@?A0x9c548279@@HQEBDI@Z 0000000180033cf8     libucrt:write.obj
 0004:00001d04       $pdata$?write_text_ansi_nolock@@YA?AUwrite_result@?A0x9c548279@@HQEBDI@Z 0000000180033d04     libucrt:write.obj
 0004:00001d10       $pdata$?write_text_utf16le_nolock@@YA?AUwrite_result@?A0x9c548279@@HQEBDI@Z 0000000180033d10     libucrt:write.obj
 0004:00001d1c       $pdata$?write_text_utf8_nolock@@YA?AUwrite_result@?A0x9c548279@@HQEBDI@Z 0000000180033d1c     libucrt:write.obj
 0004:00001d28       $pdata$??$common_lseek_nolock@_J@@YA_JH_JH@Z 0000000180033d28     libucrt:lseek.obj
 0004:00001d34       $pdata$fclose              0000000180033d34     libucrt:fclose.obj
 0004:00001d40       $pdata$fclose$fin$0        0000000180033d40     libucrt:fclose.obj
 0004:00001d4c       $pdata$_fclose_nolock      0000000180033d4c     libucrt:fclose.obj
 0004:00001d58       $pdata$_commit             0000000180033d58     libucrt:commit.obj
 0004:00001d64       $pdata$??$?RV<lambda_b521505b218e5242e90febf6bfebc422>@@AEAV<lambda_6978c1fb23f02e42e1d9e99668cc68aa>@@V<lambda_314360699dd331753a4119843814e9a7>@@@?$__crt_seh_guarded_call@H@@QEAAH$$QEAV<lambda_b521505b218e5242e90febf6bfebc422>@@AEAV<lambda_6978c1fb23f02e42e1d9e99668cc68aa>@@$$QEAV<lambda_314360699dd331753a4119843814e9a7>@@@Z 0000000180033d64     libucrt:commit.obj
 0004:00001d70       $pdata$?fin$0@?0???$?RV<lambda_bfedae4ebbf01fab1bb6dcc6a9e276e0>@@AEAV<lambda_2fe9b910cf3cbf4a0ab98a02ba45b3ec>@@V<lambda_237c231691f317818eb88cc1d5d642d6>@@@?$__crt_seh_guarded_call@H@@QEAAH$$QEAV<lambda_bfedae4ebbf01fab1bb6dcc6a9e276e0>@@AEAV<lambda_2fe9b910cf3cbf4a0ab98a02ba45b3ec>@@$$QEAV<lambda_237c231691f317818eb88cc1d5d642d6>@@@Z@4HA 0000000180033d70     libucrt:close.obj
 0004:00001d70       $pdata$?fin$0@?0???$?RV<lambda_b521505b218e5242e90febf6bfebc422>@@AEAV<lambda_6978c1fb23f02e42e1d9e99668cc68aa>@@V<lambda_314360699dd331753a4119843814e9a7>@@@?$__crt_seh_guarded_call@H@@QEAAH$$QEAV<lambda_b521505b218e5242e90febf6bfebc422>@@AEAV<lambda_6978c1fb23f02e42e1d9e99668cc68aa>@@$$QEAV<lambda_314360699dd331753a4119843814e9a7>@@@Z@4HA 0000000180033d70     libucrt:commit.obj
 0004:00001d7c       $pdata$_setfpstatusword    0000000180033d7c     libucrt:_fenvutils.obj
 0004:00001d88       $pdata$_getfpcontrolword   0000000180033d88     libucrt:_fenvutils.obj
 0004:00001d94       $pdata$_getfpstatusword    0000000180033d94     libucrt:_fenvutils.obj
 0004:00001da0       $pdata$_clearfp            0000000180033da0     libucrt:ieee.obj
 0004:00001dac       $pdata$common_control87    0000000180033dac     libucrt:ieee.obj
 0004:00001db8       $pdata$common_control87$filt$0 0000000180033db8     libucrt:ieee.obj
 0004:00001db8       $pdata$_ctrlfp$filt$0      0000000180033db8     libucrt:fpctrl.obj
 0004:00001dc4       $pdata$_call_matherr       0000000180033dc4     libucrt:libm_error.obj
 0004:00001dd0       $pdata$_exception_enabled  0000000180033dd0     libucrt:libm_error.obj
 0004:00001ddc       $pdata$_handle_error       0000000180033ddc     libucrt:libm_error.obj
 0004:00001de8       $pdata$__acrt_initialize_fma3 0000000180033de8     libucrt:fma3_available.obj
 0004:00001df4       $pdata$_log_special_common 0000000180033df4     libucrt:log_special.obj
 0004:00001e00       $pdata$_log10_special      0000000180033e00     libucrt:log_special.obj
 0004:00001e0c       $pdata$_putwch_nolock      0000000180033e0c     libucrt:putwch.obj
 0004:00001e18       $pdata$_close              0000000180033e18     libucrt:close.obj
 0004:00001e24       $pdata$_close_nolock       0000000180033e24     libucrt:close.obj
 0004:00001e30       $pdata$??$?RV<lambda_bfedae4ebbf01fab1bb6dcc6a9e276e0>@@AEAV<lambda_2fe9b910cf3cbf4a0ab98a02ba45b3ec>@@V<lambda_237c231691f317818eb88cc1d5d642d6>@@@?$__crt_seh_guarded_call@H@@QEAAH$$QEAV<lambda_bfedae4ebbf01fab1bb6dcc6a9e276e0>@@AEAV<lambda_2fe9b910cf3cbf4a0ab98a02ba45b3ec>@@$$QEAV<lambda_237c231691f317818eb88cc1d5d642d6>@@@Z 0000000180033e30     libucrt:close.obj
 0004:00001e48       $pdata$_set_errno_from_matherr 0000000180033e48     libucrt:fpexcept.obj
 0004:00001e54       $pdata$_raise_exc          0000000180033e54     libucrt:fpexcept.obj
 0004:00001e60       $pdata$_raise_exc_ex       0000000180033e60     libucrt:fpexcept.obj
 0004:00001e6c       $pdata$_clrfp              0000000180033e6c     libucrt:fpctrl.obj
 0004:00001e78       $pdata$_ctrlfp             0000000180033e78     libucrt:fpctrl.obj
 0004:00001e84       $pdata$_statfp             0000000180033e84     libucrt:fpctrl.obj
 0004:00001e90       $pdata$_set_statfp         0000000180033e90     libucrt:fpctrl.obj
 0004:00001e9c       $pdata$__dcrt_lowio_initialize_console_output 0000000180033e9c     libucrt:initcon.obj
 0004:00001ea8       $pdata$__dcrt_terminate_console_output 0000000180033ea8     libucrt:initcon.obj
 0004:00001eb4       $pdata$_IsNonwritableInCurrentImage 0000000180033eb4     LIBCMT:pesect.obj
 0004:00001ec0       $pdata$_IsNonwritableInCurrentImage$filt$0 0000000180033ec0     LIBCMT:pesect.obj
 0004:00001ecc       $pdata$strrchr             0000000180033ecc     libvcruntime:strrchr.obj
 0005:00000220       $R000000                   0000000180034220     Totals.res
 0005:00000b78       $R000958                   0000000180034b78     Totals.res
 0005:00000c60       $R000A40                   0000000180034c60     Totals.res
 0005:00000ec8       $R000CA8                   0000000180034ec8     Totals.res
 0005:000013d0       $R0011B0                   00000001800353d0     Totals.res
 0005:000040e8       $R003EC8                   00000001800380e8     Totals.res
 0005:00004118       $R003EF8                   0000000180038118     Totals.res
