 OPOSRemoteOrderDisplay

 Timestamp is 600f7a2a (Tue Jan 26 11:10:50 2021)

 Preferred load address is 0000000180000000

 Start         Length     Name                   Class
 0001:00000000 000000c0H .text$di                CODE
 0001:000000c0 000223e0H .text$mn                CODE
 0001:000224a0 00000040H .text$mn$00             CODE
 0001:000224e0 000004b0H .text$x                 CODE
 0001:00022990 00000078H .text$yd                CODE
 0002:00000000 00000618H .idata$5                DATA
 0002:00000618 00000028H .00cfg                  DATA
 0002:00000640 00000008H .CRT$XCA                DATA
 0002:00000648 00000008H .CRT$XCL                DATA
 0002:00000650 00000020H .CRT$XCU                DATA
 0002:00000670 00000008H .CRT$XCZ                DATA
 0002:00000678 00000008H .CRT$XIA                DATA
 0002:00000680 00000020H .CRT$XIC                DATA
 0002:000006a0 00000008H .CRT$XIZ                DATA
 0002:000006a8 00000008H .CRT$XLA                DATA
 0002:000006b0 00000008H .CRT$XLZ                DATA
 0002:000006b8 00000008H .CRT$XPA                DATA
 0002:000006c0 00000010H .CRT$XPX                DATA
 0002:000006d0 00000008H .CRT$XPXA               DATA
 0002:000006d8 00000008H .CRT$XPZ                DATA
 0002:000006e0 00000008H .CRT$XTA                DATA
 0002:000006e8 00000008H .CRT$XTZ                DATA
 0002:000006f0 00000000H .gehcont$y              DATA
 0002:000006f0 00000000H .gfids$y                DATA
 0002:000006f0 0000ac10H .rdata                  DATA
 0002:0000b300 00000000H .rdata$CastGuardVftablesA DATA
 0002:0000b300 00000000H .rdata$CastGuardVftablesC DATA
 0002:0000b300 00000028H .rdata$T                DATA
 0002:0000b328 00000274H .rdata$r                DATA
 0002:0000b59c 00000414H .rdata$zzzdbg           DATA
 0002:0000b9b0 00000008H .rtc$IAA                DATA
 0002:0000b9b8 00000008H .rtc$IZZ                DATA
 0002:0000b9c0 00000008H .rtc$TAA                DATA
 0002:0000b9c8 00000008H .rtc$TZZ                DATA
 0002:0000b9d0 00000004H .tls                    DATA
 0002:0000b9d4 00000004H .tls$                   DATA
 0002:0000b9d8 00000008H .tls$ZZZ                DATA
 0002:0000b9e0 00001778H .xdata                  DATA
 0002:0000d158 00000150H .xdata$x                DATA
 0002:0000d2a8 00000008H ATL$__a                 DATA
 0002:0000d2b0 00000010H ATL$__z                 DATA
 0002:0000d2c0 000000b4H .edata                  DATA
 0002:0000d374 00000078H .idata$2                DATA
 0002:0000d3ec 00000014H .idata$3                DATA
 0002:0000d400 00000618H .idata$4                DATA
 0002:0000da18 00000c2aH .idata$6                DATA
 0003:00000000 00000e28H .data                   DATA
 0003:00000e28 000000c8H .data$r                 DATA
 0003:00000ef0 0000141cH .bss                    DATA
 0004:00000000 00001f50H .pdata                  DATA
 0005:00000000 00000094H _RDATA                  DATA
 0006:00000000 00000220H .rsrc$01                DATA
 0006:00000220 000056b0H .rsrc$02                DATA

  Address         Publics by Value              Rva+Base               Lib:Object

 0000:00000000       __guard_longjmp_table      0000000000000000     <absolute>
 0000:00000000       ___safe_se_handler_table   0000000000000000     <absolute>
 0000:00000000       __x64_code_ranges_to_entry_points_count 0000000000000000     <absolute>
 0000:00000000       __guard_fids_count         0000000000000000     <absolute>
 0000:00000000       __arm64x_redirection_metadata 0000000000000000     <absolute>
 0000:00000000       __arm64x_extra_rfe_table   0000000000000000     <absolute>
 0000:00000000       __guard_iat_table          0000000000000000     <absolute>
 0000:00000000       __hybrid_code_map          0000000000000000     <absolute>
 0000:00000000       __volatile_metadata        0000000000000000     <absolute>
 0000:00000000       __arm64x_extra_rfe_table_size 0000000000000000     <absolute>
 0000:00000000       __guard_iat_count          0000000000000000     <absolute>
 0000:00000000       ___safe_se_handler_count   0000000000000000     <absolute>
 0000:00000000       __guard_longjmp_count      0000000000000000     <absolute>
 0000:00000000       __x64_code_ranges_to_entry_points 0000000000000000     <absolute>
 0000:00000000       __dynamic_value_reloc_table 0000000000000000     <absolute>
 0000:00000000       __hybrid_auxiliary_iat     0000000000000000     <absolute>
 0000:00000000       __AbsoluteZero             0000000000000000     <absolute>
 0000:00000000       __guard_eh_cont_count      0000000000000000     <absolute>
 0000:00000000       __guard_fids_table         0000000000000000     <absolute>
 0000:00000000       __arm64x_redirection_metadata_count 0000000000000000     <absolute>
 0000:00000000       __enclave_config           0000000000000000     <absolute>
 0000:00000000       __guard_eh_cont_table      0000000000000000     <absolute>
 0000:00000000       __arm64x_native_entrypoint 0000000000000000     <absolute>
 0000:00000000       __hybrid_code_map_count    0000000000000000     <absolute>
 0000:00000100       __guard_flags              0000000000000100     <absolute>
 0000:00000000       __ImageBase                0000000180000000     <linker-defined>
 0001:000000c0       ?DupWide@_CW@@AEAAXXZ      00000001800010c0 f   CWString.obj
 0001:000000e8       ?cw_dup@@YAXPEBDAEAHAEAPEA_W1@Z 00000001800010e8 f   CWString.obj
 0001:000001c8       ?cw_memcpy@@YAHPEA_WPEBDH@Z 00000001800011c8 f   CWString.obj
 0001:00000214       ?cw_strcpy@@YAHPEA_WPEBD@Z 0000000180001214 f   CWString.obj
 0001:00000228       ??0CAtlComModule@ATL@@QEAA@XZ 0000000180001228 f i OposVariant.obj
 0001:000002a8       ??0CAtlWinModule@ATL@@QEAA@XZ 00000001800012a8 f i OposVariant.obj
 0001:00000314       ??0OposDispParms@@QEAA@PEAVOposVariant@@H@Z 0000000180001314 f   OposVariant.obj
 0001:000003bc       ??1OposDispParms@@QEAA@XZ  00000001800013bc f   OposVariant.obj
 0001:000003d4       ??_Estringdispid@CComTypeInfoHolder@ATL@@QEAAPEAXI@Z 00000001800013d4 f i OposVariant.obj
 0001:00000478       ?AtlWinModuleTerm@ATL@@YAJPEAU_ATL_WIN_MODULE70@1@PEAUHINSTANCE__@@@Z 0000000180001478 f i OposVariant.obj
 0001:00000528       ?ChangeBSTR@OposVariant@@QEAAXPEAPEA_WAEAJ@Z 0000000180001528 f   OposVariant.obj
 0001:00000588       ?ChangeLONG@OposVariant@@QEAAXPEAJAEAJ@Z 0000000180001588 f   OposVariant.obj
 0001:000005e4       ?GetLONG@OposVariant@@QEAAJXZ 00000001800015e4 f   OposVariant.obj
 0001:00000608       ?SetBSTR@OposVariant@@QEAAXPEA_WAEAJ@Z 0000000180001608 f   OposVariant.obj
 0001:00000648       ?SetBSTR_Copy@OposVariant@@QEAAXPEA_WAEAJ@Z 0000000180001648 f   OposVariant.obj
 0001:000006b8       ?SetBSTR_InOutPtr@OposVariant@@QEAA_NPEAPEA_WAEAJ@Z 00000001800016b8 f   OposVariant.obj
 0001:00000708       ?SetDispatch_Ptr@OposVariant@@QEAAXPEAUIDispatch@@AEAJ@Z 0000000180001708 f   OposVariant.obj
 0001:00000760       ?SetLONG@OposVariant@@QEAAXJ@Z 0000000180001760 f   OposVariant.obj
 0001:00000790       ?SetLONG_Ptr@OposVariant@@QEAAXPEAJAEAJ@Z 0000000180001790 f   OposVariant.obj
 0001:000007dc       ?SetString@OposVariant@@QEAAXPEB_WAEAJ@Z 00000001800017dc f   OposVariant.obj
 0001:00000840       ?SetVARIANT_BOOL@OposVariant@@QEAAXF@Z 0000000180001840 f   OposVariant.obj
 0001:00000878       ?Term@CAtlComModule@ATL@@QEAAXXZ 0000000180001878 f i OposVariant.obj
 0001:000008e8       ?_AtlInitializeCriticalSectionEx@ATL@@YAHPEAU_RTL_CRITICAL_SECTION@@KK@Z 00000001800018e8 f i OposVariant.obj
 0001:000008f0       ?_AtlRaiseException@ATL@@YAXKK@Z 00000001800018f0 f i OposVariant.obj
 0001:00000900       ?GetWindowProc@?$CWindowImplBaseT@VCWindow@ATL@@V?$CWinTraits@$0FGAAAAAA@$0A@@2@@ATL@@UEAAP6A_JPEAUHWND__@@I_K_J@ZXZ 0000000180001900 f i RemoteOrderDisplay.obj
 0001:00000908       ?StartWindowProc@?$CWindowImplBaseT@VCWindow@ATL@@V?$CWinTraits@$0FGAAAAAA@$0A@@2@@ATL@@SA_JPEAUHWND__@@I_K_J@Z 0000000180001908 f i RemoteOrderDisplay.obj
 0001:000009cc       ?ObjectMain@CComObjectRootBase@ATL@@SAX_N@Z 00000001800019cc f i RemoteOrderDisplay.obj
 0001:000009cc       ?OnFinalMessage@?$CWindowImplBaseT@VCWindow@ATL@@V?$CWinTraits@$0FGAAAAAA@$0A@@2@@ATL@@UEAAXPEAUHWND__@@@Z 00000001800019cc f i RemoteOrderDisplay.obj
 0001:000009cc       _guard_check_icall_nop     00000001800019cc f i LIBCMT:guard_support.obj
 0001:000009d0       ?GetTypeInfoCount@?$IDispatchImpl@UIOPOSRemoteOrderDisplay@@$1?IID_IOPOSRemoteOrderDisplay@@3U_GUID@@B$1?LIBID_OposRemoteOrderDisplay_CCO@@3U3@B$00$0A@VCComTypeInfoHolder@ATL@@@ATL@@UEAAJPEAI@Z 00000001800019d0 f i RemoteOrderDisplay.obj
 0001:000009e4       ?GetTypeInfo@?$IDispatchImpl@UIOPOSRemoteOrderDisplay@@$1?IID_IOPOSRemoteOrderDisplay@@3U_GUID@@B$1?LIBID_OposRemoteOrderDisplay_CCO@@3U3@B$00$0A@VCComTypeInfoHolder@ATL@@@ATL@@UEAAJIKPEAPEAUITypeInfo@@@Z 00000001800019e4 f i RemoteOrderDisplay.obj
 0001:00000a48       ?GetIDsOfNames@?$IDispatchImpl@UIOPOSRemoteOrderDisplay@@$1?IID_IOPOSRemoteOrderDisplay@@3U_GUID@@B$1?LIBID_OposRemoteOrderDisplay_CCO@@3U3@B$00$0A@VCComTypeInfoHolder@ATL@@@ATL@@UEAAJAEBU_GUID@@PEAPEA_WIKPEAJ@Z 0000000180001a48 f i RemoteOrderDisplay.obj
 0001:00000a54       ?Invoke@?$IDispatchImpl@UIOPOSRemoteOrderDisplay@@$1?IID_IOPOSRemoteOrderDisplay@@3U_GUID@@B$1?LIBID_OposRemoteOrderDisplay_CCO@@3U3@B$00$0A@VCComTypeInfoHolder@ATL@@@ATL@@UEAAJJAEBU_GUID@@KGPEAUtagDISPPARAMS@@PEAUtagVARIANT@@PEAUtagEXCEPINFO@@PEAI@Z 0000000180001a54 f i RemoteOrderDisplay.obj
 0001:00000ae4       ?CreateControlWindow@?$CComControl@VCOPOSRemoteOrderDisplay@@V?$CWindowImpl@VCOPOSRemoteOrderDisplay@@VCWindow@ATL@@V?$CWinTraits@$0FGAAAAAA@$0A@@3@@ATL@@@ATL@@UEAAPEAUHWND__@@PEAU3@AEAUtagRECT@@@Z 0000000180001ae4 f i RemoteOrderDisplay.obj
 0001:00000b1c       ?ControlQueryInterface@?$CComControl@VCOPOSRemoteOrderDisplay@@V?$CWindowImpl@VCOPOSRemoteOrderDisplay@@VCWindow@ATL@@V?$CWinTraits@$0FGAAAAAA@$0A@@3@@ATL@@@ATL@@UEAAJAEBU_GUID@@PEAPEAX@Z 0000000180001b1c f i RemoteOrderDisplay.obj
 0001:00000b30       ?GetClassID@?$IPersistStorageImpl@VCOPOSRemoteOrderDisplay@@@ATL@@UEAAJPEAU_GUID@@@Z 0000000180001b30 f i RemoteOrderDisplay.obj
 0001:00000b30       ?GetUserClassID@?$IOleObjectImpl@VCOPOSRemoteOrderDisplay@@@ATL@@UEAAJPEAU_GUID@@@Z 0000000180001b30 f i RemoteOrderDisplay.obj
 0001:00000b30       ?GetClassID@?$IPersistStreamInitImpl@VCOPOSRemoteOrderDisplay@@@ATL@@UEAAJPEAU_GUID@@@Z 0000000180001b30 f i RemoteOrderDisplay.obj
 0001:00000b4c       ?IsDirty@?$IPersistStreamInitImpl@VCOPOSRemoteOrderDisplay@@@ATL@@UEAAJXZ 0000000180001b4c f i RemoteOrderDisplay.obj
 0001:00000b68       ?Load@?$IPersistStreamInitImpl@VCOPOSRemoteOrderDisplay@@@ATL@@UEAAJPEAUIStream@@@Z 0000000180001b68 f i RemoteOrderDisplay.obj
 0001:00000b80       ?Save@?$IPersistStreamInitImpl@VCOPOSRemoteOrderDisplay@@@ATL@@UEAAJPEAUIStream@@H@Z 0000000180001b80 f i RemoteOrderDisplay.obj
 0001:00000b98       ?GetSizeMax@?$IPersistStreamInitImpl@VCOPOSRemoteOrderDisplay@@@ATL@@UEAAJPEAT_ULARGE_INTEGER@@@Z 0000000180001b98 f i RemoteOrderDisplay.obj
 0001:00000dc4       ?InitNew@?$IPersistStreamInitImpl@VCOPOSRemoteOrderDisplay@@@ATL@@UEAAJXZ 0000000180001dc4 f i RemoteOrderDisplay.obj
 0001:00000ddc       ?GetDataHere@?$IDataObjectImpl@VCOPOSRemoteOrderDisplay@@@ATL@@UEAAJPEAUtagFORMATETC@@PEAUtagSTGMEDIUM@@@Z 0000000180001ddc f i RemoteOrderDisplay.obj
 0001:00000ddc       ?SetColorScheme@?$IOleObjectImpl@VCOPOSRemoteOrderDisplay@@@ATL@@UEAAJPEAUtagLOGPALETTE@@@Z 0000000180001ddc f i RemoteOrderDisplay.obj
 0001:00000ddc       ?EnumFormatEtc@?$IDataObjectImpl@VCOPOSRemoteOrderDisplay@@@ATL@@UEAAJKPEAPEAUIEnumFORMATETC@@@Z 0000000180001ddc f i RemoteOrderDisplay.obj
 0001:00000ddc       ?SetData@?$IDataObjectImpl@VCOPOSRemoteOrderDisplay@@@ATL@@UEAAJPEAUtagFORMATETC@@PEAUtagSTGMEDIUM@@H@Z 0000000180001ddc f i RemoteOrderDisplay.obj
 0001:00000ddc       ?GetColorSet@?$IViewObjectExImpl@VCOPOSRemoteOrderDisplay@@@ATL@@UEAAJKJPEAXPEAUtagDVTARGETDEVICE@@PEAUHDC__@@PEAPEAUtagLOGPALETTE@@@Z 0000000180001ddc f i RemoteOrderDisplay.obj
 0001:00000ddc       ?GetClipboardData@?$IOleObjectImpl@VCOPOSRemoteOrderDisplay@@@ATL@@UEAAJKPEAPEAUIDataObject@@@Z 0000000180001ddc f i RemoteOrderDisplay.obj
 0001:00000ddc       ?InitFromData@?$IOleObjectImpl@VCOPOSRemoteOrderDisplay@@@ATL@@UEAAJPEAUIDataObject@@HK@Z 0000000180001ddc f i RemoteOrderDisplay.obj
 0001:00000ddc       ?ContextSensitiveHelp@?$IOleInPlaceObjectWindowlessImpl@VCOPOSRemoteOrderDisplay@@@ATL@@UEAAJH@Z 0000000180001ddc f i RemoteOrderDisplay.obj
 0001:00000ddc       ?GetCanonicalFormatEtc@?$IDataObjectImpl@VCOPOSRemoteOrderDisplay@@@ATL@@UEAAJPEAUtagFORMATETC@@0@Z 0000000180001ddc f i RemoteOrderDisplay.obj
 0001:00000ddc       ?GetMoniker@?$IOleObjectImpl@VCOPOSRemoteOrderDisplay@@@ATL@@UEAAJKKPEAPEAUIMoniker@@@Z 0000000180001ddc f i RemoteOrderDisplay.obj
 0001:00000ddc       ?GetRect@?$IViewObjectExImpl@VCOPOSRemoteOrderDisplay@@@ATL@@UEAAJKPEAU_RECTL@@@Z 0000000180001ddc f i RemoteOrderDisplay.obj
 0001:00000ddc       ?ReactivateAndUndo@?$IOleInPlaceObjectWindowlessImpl@VCOPOSRemoteOrderDisplay@@@ATL@@UEAAJXZ 0000000180001ddc f i RemoteOrderDisplay.obj
 0001:00000ddc       ?QueryGetData@?$IDataObjectImpl@VCOPOSRemoteOrderDisplay@@@ATL@@UEAAJPEAUtagFORMATETC@@@Z 0000000180001ddc f i RemoteOrderDisplay.obj
 0001:00000ddc       ?Unfreeze@?$IViewObjectExImpl@VCOPOSRemoteOrderDisplay@@@ATL@@UEAAJK@Z 0000000180001ddc f i RemoteOrderDisplay.obj
 0001:00000ddc       ?OnMnemonic@?$IOleControlImpl@VCOPOSRemoteOrderDisplay@@@ATL@@UEAAJPEAUtagMSG@@@Z 0000000180001ddc f i RemoteOrderDisplay.obj
 0001:00000ddc       ?GetControlInfo@?$IOleControlImpl@VCOPOSRemoteOrderDisplay@@@ATL@@UEAAJPEAUtagCONTROLINFO@@@Z 0000000180001ddc f i RemoteOrderDisplay.obj
 0001:00000ddc       ?ContextSensitiveHelp@?$IOleInPlaceActiveObjectImpl@VCOPOSRemoteOrderDisplay@@@ATL@@UEAAJH@Z 0000000180001ddc f i RemoteOrderDisplay.obj
 0001:00000ddc       ?SetMoniker@?$IOleObjectImpl@VCOPOSRemoteOrderDisplay@@@ATL@@UEAAJKPEAUIMoniker@@@Z 0000000180001ddc f i RemoteOrderDisplay.obj
 0001:00000ddc       ?GetDropTarget@?$IOleInPlaceObjectWindowlessImpl@VCOPOSRemoteOrderDisplay@@@ATL@@UEAAJPEAPEAUIDropTarget@@@Z 0000000180001ddc f i RemoteOrderDisplay.obj
 0001:00000ddc       ?Freeze@?$IViewObjectExImpl@VCOPOSRemoteOrderDisplay@@@ATL@@UEAAJKJPEAXPEAK@Z 0000000180001ddc f i RemoteOrderDisplay.obj
 0001:00000ddc       ?QueryInterface@CRegObject@ATL@@UEAAJAEBU_GUID@@PEAPEAX@Z 0000000180001ddc f i RemoteOrderDisplay.obj
 0001:00000de4       ?SaveCompleted@?$IPersistStorageImpl@VCOPOSRemoteOrderDisplay@@@ATL@@UEAAJPEAUIStorage@@@Z 0000000180001de4 f i RemoteOrderDisplay.obj
 0001:00000de4       ?HandsOffStorage@?$IPersistStorageImpl@VCOPOSRemoteOrderDisplay@@@ATL@@UEAAJXZ 0000000180001de4 f i RemoteOrderDisplay.obj
 0001:00000de4       ?Release@CRegObject@ATL@@UEAAKXZ 0000000180001de4 f i RemoteOrderDisplay.obj
 0001:00000de4       ?GetCategoryMap@CComObjectRootBase@ATL@@SAPEBU_ATL_CATMAP_ENTRY@2@XZ 0000000180001de4 f i RemoteOrderDisplay.obj
 0001:00000de4       ?IsUpToDate@?$IOleObjectImpl@VCOPOSRemoteOrderDisplay@@@ATL@@UEAAJXZ 0000000180001de4 f i RemoteOrderDisplay.obj
 0001:00000de4       ?SetHostNames@?$IOleObjectImpl@VCOPOSRemoteOrderDisplay@@@ATL@@UEAAJPEB_W0@Z 0000000180001de4 f i RemoteOrderDisplay.obj
 0001:00000de4       ?EnableModeless@?$IOleInPlaceActiveObjectImpl@VCOPOSRemoteOrderDisplay@@@ATL@@UEAAJH@Z 0000000180001de4 f i RemoteOrderDisplay.obj
 0001:00000de4       ?OnAmbientPropertyChange@?$IOleControlImpl@VCOPOSRemoteOrderDisplay@@@ATL@@UEAAJJ@Z 0000000180001de4 f i RemoteOrderDisplay.obj
 0001:00000de4       ?OnFrameWindowActivate@?$IOleInPlaceActiveObjectImpl@VCOPOSRemoteOrderDisplay@@@ATL@@UEAAJH@Z 0000000180001de4 f i RemoteOrderDisplay.obj
 0001:00000de4       ?ResizeBorder@?$IOleInPlaceActiveObjectImpl@VCOPOSRemoteOrderDisplay@@@ATL@@UEAAJPEBUtagRECT@@PEAUIOleInPlaceUIWindow@@H@Z 0000000180001de4 f i RemoteOrderDisplay.obj
 0001:00000de4       ?Update@?$IOleObjectImpl@VCOPOSRemoteOrderDisplay@@@ATL@@UEAAJXZ 0000000180001de4 f i RemoteOrderDisplay.obj
 0001:00000de4       ?GetObjectDescription@?$CComCoClass@VCOPOSRemoteOrderDisplay@@$1?CLSID_OPOSRemoteOrderDisplay@@3U_GUID@@B@ATL@@SAPEB_WXZ 0000000180001de4 f i RemoteOrderDisplay.obj
 0001:00000de8       ?SetClientSite@?$IOleObjectImpl@VCOPOSRemoteOrderDisplay@@@ATL@@UEAAJPEAUIOleClientSite@@@Z 0000000180001de8 f i RemoteOrderDisplay.obj
 0001:00000e04       ?GetClientSite@?$IOleObjectImpl@VCOPOSRemoteOrderDisplay@@@ATL@@UEAAJPEAPEAUIOleClientSite@@@Z 0000000180001e04 f i RemoteOrderDisplay.obj
 0001:00000e4c       ?Close@?$IOleObjectImpl@VCOPOSRemoteOrderDisplay@@@ATL@@UEAAJK@Z 0000000180001e4c f i RemoteOrderDisplay.obj
 0001:00000e68       ?DoVerb@?$IOleObjectImpl@VCOPOSRemoteOrderDisplay@@@ATL@@UEAAJJPEAUtagMSG@@PEAUIOleClientSite@@JPEAUHWND__@@PEBUtagRECT@@@Z 0000000180001e68 f i RemoteOrderDisplay.obj
 0001:0000100c       ?EnumVerbs@?$IOleObjectImpl@VCOPOSRemoteOrderDisplay@@@ATL@@UEAAJPEAPEAUIEnumOLEVERB@@@Z 000000018000200c f i RemoteOrderDisplay.obj
 0001:00001028       ?GetUserType@?$IOleObjectImpl@VCOPOSRemoteOrderDisplay@@@ATL@@UEAAJKPEAPEA_W@Z 0000000180002028 f i RemoteOrderDisplay.obj
 0001:00001038       ?SetExtent@?$IOleObjectImpl@VCOPOSRemoteOrderDisplay@@@ATL@@UEAAJKPEAUtagSIZE@@@Z 0000000180002038 f i RemoteOrderDisplay.obj
 0001:00001054       ?GetExtent@?$IOleObjectImpl@VCOPOSRemoteOrderDisplay@@@ATL@@UEAAJKPEAUtagSIZE@@@Z 0000000180002054 f i RemoteOrderDisplay.obj
 0001:00001084       ?Advise@?$IOleObjectImpl@VCOPOSRemoteOrderDisplay@@@ATL@@UEAAJPEAUIAdviseSink@@PEAK@Z 0000000180002084 f i RemoteOrderDisplay.obj
 0001:000010e0       ?Unadvise@?$IOleObjectImpl@VCOPOSRemoteOrderDisplay@@@ATL@@UEAAJK@Z 00000001800020e0 f i RemoteOrderDisplay.obj
 0001:00001118       ?EnumAdvise@?$IOleObjectImpl@VCOPOSRemoteOrderDisplay@@@ATL@@UEAAJPEAPEAUIEnumSTATDATA@@@Z 0000000180002118 f i RemoteOrderDisplay.obj
 0001:00001160       ?GetMiscStatus@?$IOleObjectImpl@VCOPOSRemoteOrderDisplay@@@ATL@@UEAAJKPEAK@Z 0000000180002160 f i RemoteOrderDisplay.obj
 0001:00001170       ?GetWindow@?$IOleInPlaceActiveObjectImpl@VCOPOSRemoteOrderDisplay@@@ATL@@UEAAJPEAPEAUHWND__@@@Z 0000000180002170 f i RemoteOrderDisplay.obj
 0001:000011c4       ?TranslateAcceleratorW@?$IOleInPlaceActiveObjectImpl@VCOPOSRemoteOrderDisplay@@@ATL@@UEAAJPEAUtagMSG@@@Z 00000001800021c4 f i RemoteOrderDisplay.obj
 0001:000012b8       ?OnDocWindowActivate@?$IOleInPlaceActiveObjectImpl@VCOPOSRemoteOrderDisplay@@@ATL@@UEAAJH@Z 00000001800022b8 f i RemoteOrderDisplay.obj
 0001:000012e4       ?Draw@?$IViewObjectExImpl@VCOPOSRemoteOrderDisplay@@@ATL@@UEAAJKJPEAXPEAUtagDVTARGETDEVICE@@PEAUHDC__@@2PEBU_RECTL@@3P6AH_K@Z4@Z 00000001800022e4 f i RemoteOrderDisplay.obj
 0001:00001348       ?SetAdvise@?$IViewObjectExImpl@VCOPOSRemoteOrderDisplay@@@ATL@@UEAAJKKPEAUIAdviseSink@@@Z 0000000180002348 f i RemoteOrderDisplay.obj
 0001:0000139c       ?GetAdvise@?$IViewObjectExImpl@VCOPOSRemoteOrderDisplay@@@ATL@@UEAAJPEAK0PEAPEAUIAdviseSink@@@Z 000000018000239c f i RemoteOrderDisplay.obj
 0001:000013d8       ?GetExtent@?$IViewObjectExImpl@VCOPOSRemoteOrderDisplay@@@ATL@@UEAAJKJPEAUtagDVTARGETDEVICE@@PEAUtagSIZE@@@Z 00000001800023d8 f i RemoteOrderDisplay.obj
 0001:00001408       ?GetViewStatus@?$IViewObjectExImpl@VCOPOSRemoteOrderDisplay@@@ATL@@UEAAJPEAK@Z 0000000180002408 f i RemoteOrderDisplay.obj
 0001:0000141c       ?QueryHitPoint@?$IViewObjectExImpl@VCOPOSRemoteOrderDisplay@@@ATL@@UEAAJKPEBUtagRECT@@UtagPOINT@@JPEAK@Z 000000018000241c f i RemoteOrderDisplay.obj
 0001:00001460       ?QueryHitRect@?$IViewObjectExImpl@VCOPOSRemoteOrderDisplay@@@ATL@@UEAAJKPEBUtagRECT@@0JPEAK@Z 0000000180002460 f i RemoteOrderDisplay.obj
 0001:000014c8       ?GetNaturalExtent@?$IViewObjectExImpl@VCOPOSRemoteOrderDisplay@@@ATL@@UEAAJKJPEAUtagDVTARGETDEVICE@@PEAUHDC__@@PEAUtagExtentInfo@@PEAUtagSIZE@@@Z 00000001800024c8 f i RemoteOrderDisplay.obj
 0001:00001510       ?GetWindow@?$IOleInPlaceObjectWindowlessImpl@VCOPOSRemoteOrderDisplay@@@ATL@@UEAAJPEAPEAUHWND__@@@Z 0000000180002510 f i RemoteOrderDisplay.obj
 0001:00001564       ?InPlaceDeactivate@?$IOleInPlaceObjectWindowlessImpl@VCOPOSRemoteOrderDisplay@@@ATL@@UEAAJXZ 0000000180002564 f i RemoteOrderDisplay.obj
 0001:00001580       ?UIDeactivate@?$IOleInPlaceObjectWindowlessImpl@VCOPOSRemoteOrderDisplay@@@ATL@@UEAAJXZ 0000000180002580 f i RemoteOrderDisplay.obj
 0001:0000159c       ?SetObjectRects@?$IOleInPlaceObjectWindowlessImpl@VCOPOSRemoteOrderDisplay@@@ATL@@UEAAJPEBUtagRECT@@0@Z 000000018000259c f i RemoteOrderDisplay.obj
 0001:000015b8       ?OnWindowMessage@?$IOleInPlaceObjectWindowlessImpl@VCOPOSRemoteOrderDisplay@@@ATL@@UEAAJI_K_JPEA_J@Z 00000001800025b8 f i RemoteOrderDisplay.obj
 0001:00001680       ?EnumConnectionPoints@?$IConnectionPointContainerImpl@VCOPOSRemoteOrderDisplay@@@ATL@@UEAAJPEAPEAUIEnumConnectionPoints@@@Z 0000000180002680 f i RemoteOrderDisplay.obj
 0001:000018cc       ?FindConnectionPoint@?$IConnectionPointContainerImpl@VCOPOSRemoteOrderDisplay@@@ATL@@UEAAJAEBU_GUID@@PEAPEAUIConnectionPoint@@@Z 00000001800028cc f i RemoteOrderDisplay.obj
 0001:0000199c       ?IsDirty@?$IPersistStorageImpl@VCOPOSRemoteOrderDisplay@@@ATL@@UEAAJXZ 000000018000299c f i RemoteOrderDisplay.obj
 0001:000019dc       ?InitNew@?$IPersistStorageImpl@VCOPOSRemoteOrderDisplay@@@ATL@@UEAAJPEAUIStorage@@@Z 00000001800029dc f i RemoteOrderDisplay.obj
 0001:00001a1c       ?Load@?$IPersistStorageImpl@VCOPOSRemoteOrderDisplay@@@ATL@@UEAAJPEAUIStorage@@@Z 0000000180002a1c f i RemoteOrderDisplay.obj
 0001:00001abc       ?Save@?$IPersistStorageImpl@VCOPOSRemoteOrderDisplay@@@ATL@@UEAAJPEAUIStorage@@H@Z 0000000180002abc f i RemoteOrderDisplay.obj
 0001:00001b6c       ?GetPages@?$ISpecifyPropertyPagesImpl@VCOPOSRemoteOrderDisplay@@@ATL@@UEAAJPEAUtagCAUUID@@@Z 0000000180002b6c f i RemoteOrderDisplay.obj
 0001:00001b78       ?QuickActivate@?$IQuickActivateImpl@VCOPOSRemoteOrderDisplay@@@ATL@@UEAAJPEAUtagQACONTAINER@@PEAUtagQACONTROL@@@Z 0000000180002b78 f i RemoteOrderDisplay.obj
 0001:00001b94       ?SetContentExtent@?$IQuickActivateImpl@VCOPOSRemoteOrderDisplay@@@ATL@@UEAAJPEAUtagSIZE@@@Z 0000000180002b94 f i RemoteOrderDisplay.obj
 0001:00001bc8       ?GetContentExtent@?$IQuickActivateImpl@VCOPOSRemoteOrderDisplay@@@ATL@@UEAAJPEAUtagSIZE@@@Z 0000000180002bc8 f i RemoteOrderDisplay.obj
 0001:00001c00       ?GetData@?$IDataObjectImpl@VCOPOSRemoteOrderDisplay@@@ATL@@UEAAJPEAUtagFORMATETC@@PEAUtagSTGMEDIUM@@@Z 0000000180002c00 f i RemoteOrderDisplay.obj
 0001:00001c1c       ?DAdvise@?$IDataObjectImpl@VCOPOSRemoteOrderDisplay@@@ATL@@UEAAJPEAUtagFORMATETC@@KPEAUIAdviseSink@@PEAK@Z 0000000180002c1c f i RemoteOrderDisplay.obj
 0001:00001ca4       ?DUnadvise@?$IDataObjectImpl@VCOPOSRemoteOrderDisplay@@@ATL@@UEAAJK@Z 0000000180002ca4 f i RemoteOrderDisplay.obj
 0001:00001cd0       ?EnumDAdvise@?$IDataObjectImpl@VCOPOSRemoteOrderDisplay@@@ATL@@UEAAJPEAPEAUIEnumSTATDATA@@@Z 0000000180002cd0 f i RemoteOrderDisplay.obj
 0001:00001d0c       ?GetClassInfoW@?$IProvideClassInfo2Impl@$1?CLSID_OPOSRemoteOrderDisplay@@3U_GUID@@B$1?DIID__IOPOSRemoteOrderDisplayEvents@@3U2@B$1?LIBID_OposRemoteOrderDisplay_CCO@@3U2@B$00$0A@VCComTypeInfoHolder@ATL@@@ATL@@UEAAJPEAPEAUITypeInfo@@@Z 0000000180002d0c f i RemoteOrderDisplay.obj
 0001:00001d64       ?GetGUID@?$IProvideClassInfo2Impl@$1?CLSID_OPOSRemoteOrderDisplay@@3U_GUID@@B$1?DIID__IOPOSRemoteOrderDisplayEvents@@3U2@B$1?LIBID_OposRemoteOrderDisplay_CCO@@3U2@B$00$0A@VCComTypeInfoHolder@ATL@@@ATL@@UEAAJKPEAU_GUID@@@Z 0000000180002d64 f i RemoteOrderDisplay.obj
 0001:00001d98       ?FAccessAllowed@?$IObjectSafetyImpl@VCOPOSRemoteOrderDisplay@@$02@ATL@@MEAAHXZ 0000000180002d98 f i RemoteOrderDisplay.obj
 0001:00001d98       _get_startup_argv_mode     0000000180002d98 f i LIBCMT:argv_mode.obj
 0001:00001d98       ?AddRef@CRegObject@ATL@@UEAAKXZ 0000000180002d98 f i RemoteOrderDisplay.obj
 0001:00001da0       ?GetInterfaceSafetyOptions@?$IObjectSafetyImpl@VCOPOSRemoteOrderDisplay@@$02@ATL@@UEAAJAEBU_GUID@@PEAK1@Z 0000000180002da0 f i RemoteOrderDisplay.obj
 0001:00001e34       ?SetInterfaceSafetyOptions@?$IObjectSafetyImpl@VCOPOSRemoteOrderDisplay@@$02@ATL@@UEAAJAEBU_GUID@@KK@Z 0000000180002e34 f i RemoteOrderDisplay.obj
 0001:00001ed8       ?_LocCPQueryInterface@?$IConnectionPointImpl@VCOPOSRemoteOrderDisplay@@$1?IID_IPropertyNotifySink@@3U_GUID@@BVCComDynamicUnkArray@ATL@@@ATL@@UEAAJAEBU_GUID@@PEAPEAX@Z 0000000180002ed8 f i RemoteOrderDisplay.obj
 0001:00001ed8       ?_LocCPQueryInterface@?$IConnectionPointImpl@VCOPOSRemoteOrderDisplay@@$1?DIID__IOPOSRemoteOrderDisplayEvents@@3U_GUID@@BVCComDynamicUnkArray@ATL@@@ATL@@UEAAJAEBU_GUID@@PEAPEAX@Z 0000000180002ed8 f i RemoteOrderDisplay.obj
 0001:00001f48       ?GetConnectionInterface@?$IConnectionPointImpl@VCOPOSRemoteOrderDisplay@@$1?IID_IPropertyNotifySink@@3U_GUID@@BVCComDynamicUnkArray@ATL@@@ATL@@UEAAJPEAU_GUID@@@Z 0000000180002f48 f i RemoteOrderDisplay.obj
 0001:00001f64       ?GetConnectionPointContainer@?$IConnectionPointImpl@VCOPOSRemoteOrderDisplay@@$1?IID_IPropertyNotifySink@@3U_GUID@@BVCComDynamicUnkArray@ATL@@@ATL@@UEAAJPEAPEAUIConnectionPointContainer@@@Z 0000000180002f64 f i RemoteOrderDisplay.obj
 0001:00001f84       ?Advise@?$IConnectionPointImpl@VCOPOSRemoteOrderDisplay@@$1?DIID__IOPOSRemoteOrderDisplayEvents@@3U_GUID@@BVCComDynamicUnkArray@ATL@@@ATL@@UEAAJPEAUIUnknown@@PEAK@Z 0000000180002f84 f i RemoteOrderDisplay.obj
 0001:00001f84       ?Advise@?$IConnectionPointImpl@VCOPOSRemoteOrderDisplay@@$1?IID_IPropertyNotifySink@@3U_GUID@@BVCComDynamicUnkArray@ATL@@@ATL@@UEAAJPEAUIUnknown@@PEAK@Z 0000000180002f84 f i RemoteOrderDisplay.obj
 0001:00002040       ?Unadvise@?$IConnectionPointImpl@VCOPOSRemoteOrderDisplay@@$1?DIID__IOPOSRemoteOrderDisplayEvents@@3U_GUID@@BVCComDynamicUnkArray@ATL@@@ATL@@UEAAJK@Z 0000000180003040 f i RemoteOrderDisplay.obj
 0001:00002040       ?Unadvise@?$IConnectionPointImpl@VCOPOSRemoteOrderDisplay@@$1?IID_IPropertyNotifySink@@3U_GUID@@BVCComDynamicUnkArray@ATL@@@ATL@@UEAAJK@Z 0000000180003040 f i RemoteOrderDisplay.obj
 0001:000020a8       ?EnumConnections@?$IConnectionPointImpl@VCOPOSRemoteOrderDisplay@@$1?DIID__IOPOSRemoteOrderDisplayEvents@@3U_GUID@@BVCComDynamicUnkArray@ATL@@@ATL@@UEAAJPEAPEAUIEnumConnections@@@Z 00000001800030a8 f i RemoteOrderDisplay.obj
 0001:000020a8       ?EnumConnections@?$IConnectionPointImpl@VCOPOSRemoteOrderDisplay@@$1?IID_IPropertyNotifySink@@3U_GUID@@BVCComDynamicUnkArray@ATL@@@ATL@@UEAAJPEAPEAUIEnumConnections@@@Z 00000001800030a8 f i RemoteOrderDisplay.obj
 0001:00002254       ?GetConnectionInterface@?$IConnectionPointImpl@VCOPOSRemoteOrderDisplay@@$1?DIID__IOPOSRemoteOrderDisplayEvents@@3U_GUID@@BVCComDynamicUnkArray@ATL@@@ATL@@UEAAJPEAU_GUID@@@Z 0000000180003254 f i RemoteOrderDisplay.obj
 0001:00002270       ?GetConnectionPointContainer@?$IConnectionPointImpl@VCOPOSRemoteOrderDisplay@@$1?DIID__IOPOSRemoteOrderDisplayEvents@@3U_GUID@@BVCComDynamicUnkArray@ATL@@@ATL@@UEAAJPEAPEAUIConnectionPointContainer@@@Z 0000000180003270 f i RemoteOrderDisplay.obj
 0001:00002290       ?UpdateRegistry@COPOSRemoteOrderDisplay@@SAJH@Z 0000000180003290 f i RemoteOrderDisplay.obj
 0001:000022a8       ?ProcessWindowMessage@COPOSRemoteOrderDisplay@@UEAAHPEAUHWND__@@I_K_JAEA_JK@Z 00000001800032a8 f i RemoteOrderDisplay.obj
 0001:00002330       ?SOData@COPOSRemoteOrderDisplay@@MEAAJJ@Z 0000000180003330 f i RemoteOrderDisplay.obj
 0001:00002380       ?SODirectIO@COPOSRemoteOrderDisplay@@MEAAJJPEAJPEAPEA_W@Z 0000000180003380 f i RemoteOrderDisplay.obj
 0001:000023f8       ?SOError@COPOSRemoteOrderDisplay@@MEAAJJJJPEAJ@Z 00000001800033f8 f i RemoteOrderDisplay.obj
 0001:00002480       ?SOOutputComplete@COPOSRemoteOrderDisplay@@MEAAJJ@Z 0000000180003480 f i RemoteOrderDisplay.obj
 0001:000024d0       ?SOStatusUpdate@COPOSRemoteOrderDisplay@@MEAAJJ@Z 00000001800034d0 f i RemoteOrderDisplay.obj
 0001:00002520       ?Lock@CAtlModule@ATL@@UEAAJXZ 0000000180003520 f i RemoteOrderDisplay.obj
 0001:00002530       ?Unlock@CAtlModule@ATL@@UEAAJXZ 0000000180003530 f i RemoteOrderDisplay.obj
 0001:0000253c       ?GetLockCount@CAtlModule@ATL@@UEAAJXZ 000000018000353c f i RemoteOrderDisplay.obj
 0001:00002540       ?GetGITPtr@CAtlModule@ATL@@UEAAJPEAPEAUIGlobalInterfaceTable@@@Z 0000000180003540 f i RemoteOrderDisplay.obj
 0001:000025b0       ?AddCommonRGSReplacements@?$CAtlModuleT@VCComModule@ATL@@@ATL@@UEAAJPEAUIRegistrarBase@@@Z 00000001800035b0 f i RemoteOrderDisplay.obj
 0001:000025c8       ?UpdateRegistryFromResourceD@CComModule@ATL@@UEAAJIHPEAU_ATL_REGMAP_ENTRY@2@@Z 00000001800035c8 f i RemoteOrderDisplay.obj
 0001:000025c8       ?UpdateRegistryFromResourceD@CComModule@ATL@@UEAAJPEB_WHPEAU_ATL_REGMAP_ENTRY@2@@Z 00000001800035c8 f i RemoteOrderDisplay.obj
 0001:000025d0       ?UpdateRegistryFromResource@CComModule@ATL@@UEAAJPEB_WHPEAU_ATL_REGMAP_ENTRY@2@@Z 00000001800035d0 f i RemoteOrderDisplay.obj
 0001:000025d8       ?UpdateRegistryFromResource@CComModule@ATL@@UEAAJIHPEAU_ATL_REGMAP_ENTRY@2@@Z 00000001800035d8 f i RemoteOrderDisplay.obj
 0001:000025e0       ??_ECComModule@ATL@@UEAAPEAXI@Z 00000001800035e0 f i RemoteOrderDisplay.obj
 0001:000025e0       ??_GCComModule@ATL@@UEAAPEAXI@Z 00000001800035e0 f i RemoteOrderDisplay.obj
 0001:00002620       ?CreateInstance@?$CComCreator@V?$CComObjectCached@VCComClassFactory@ATL@@@ATL@@@ATL@@SAJPEAXAEBU_GUID@@PEAPEAX@Z 0000000180003620 f i RemoteOrderDisplay.obj
 0001:00002744       ?CreateInstance@?$CComCreator2@V?$CComCreator@V?$CComObject@VCOPOSRemoteOrderDisplay@@@ATL@@@ATL@@V?$CComCreator@V?$CComAggObject@VCOPOSRemoteOrderDisplay@@@ATL@@@2@@ATL@@SAJPEAXAEBU_GUID@@PEAPEAX@Z 0000000180003744 f i RemoteOrderDisplay.obj
 0001:00002754       ?AddRef@?$CComObjectCached@VCComClassFactory@ATL@@@ATL@@UEAAKXZ 0000000180003754 f i RemoteOrderDisplay.obj
 0001:00002780       ?Release@?$CComObjectCached@VCComClassFactory@ATL@@@ATL@@UEAAKXZ 0000000180003780 f i RemoteOrderDisplay.obj
 0001:000027c0       ?QueryInterface@?$CComObjectCached@VCComClassFactory@ATL@@@ATL@@UEAAJAEBU_GUID@@PEAPEAX@Z 00000001800037c0 f i RemoteOrderDisplay.obj
 0001:000027d4       ??_G?$CComObjectCached@VCComClassFactory@ATL@@@ATL@@UEAAPEAXI@Z 00000001800037d4 f i RemoteOrderDisplay.obj
 0001:000027d4       ??_E?$CComObjectCached@VCComClassFactory@ATL@@@ATL@@UEAAPEAXI@Z 00000001800037d4 f i RemoteOrderDisplay.obj
 0001:0000282c       ?Next@?$CComEnumImpl@UIEnumConnectionPoints@@$1?_GUID_b196b285_bab4_101a_b69c_00aa00341d07@@3U__s_GUID@@BPEAUIConnectionPoint@@V?$_CopyInterface@UIConnectionPoint@@@ATL@@@ATL@@UEAAJKPEAPEAUIConnectionPoint@@PEAK@Z 000000018000382c f i RemoteOrderDisplay.obj
 0001:000028f8       ?Skip@?$CComEnumImpl@UIEnumConnectionPoints@@$1?_GUID_b196b285_bab4_101a_b69c_00aa00341d07@@3U__s_GUID@@BPEAUIConnectionPoint@@V?$_CopyInterface@UIConnectionPoint@@@ATL@@@ATL@@UEAAJK@Z 00000001800038f8 f i RemoteOrderDisplay.obj
 0001:00002924       ?Reset@?$CComEnumImpl@UIEnumConnections@@$1?_GUID_b196b287_bab4_101a_b69c_00aa00341d07@@3U__s_GUID@@BUtagCONNECTDATA@@V?$_Copy@UtagCONNECTDATA@@@ATL@@@ATL@@UEAAJXZ 0000000180003924 f i RemoteOrderDisplay.obj
 0001:00002924       ?Reset@?$CComEnumImpl@UIEnumConnectionPoints@@$1?_GUID_b196b285_bab4_101a_b69c_00aa00341d07@@3U__s_GUID@@BPEAUIConnectionPoint@@V?$_CopyInterface@UIConnectionPoint@@@ATL@@@ATL@@UEAAJXZ 0000000180003924 f i RemoteOrderDisplay.obj
 0001:00002930       ?Clone@?$CComEnumImpl@UIEnumConnectionPoints@@$1?_GUID_b196b285_bab4_101a_b69c_00aa00341d07@@3U__s_GUID@@BPEAUIConnectionPoint@@V?$_CopyInterface@UIConnectionPoint@@@ATL@@@ATL@@UEAAJPEAPEAUIEnumConnectionPoints@@@Z 0000000180003930 f i RemoteOrderDisplay.obj
 0001:00002a5c       ?AddRef@?$CComObject@V?$CComEnum@UIEnumConnectionPoints@@$1?_GUID_b196b285_bab4_101a_b69c_00aa00341d07@@3U__s_GUID@@BPEAUIConnectionPoint@@V?$_CopyInterface@UIConnectionPoint@@@ATL@@VCComSingleThreadModel@6@@ATL@@@ATL@@UEAAKXZ 0000000180003a5c f i RemoteOrderDisplay.obj
 0001:00002a5c       ?AddRef@?$CComObject@V?$CComEnum@UIEnumConnections@@$1?_GUID_b196b287_bab4_101a_b69c_00aa00341d07@@3U__s_GUID@@BUtagCONNECTDATA@@V?$_Copy@UtagCONNECTDATA@@@ATL@@VCComSingleThreadModel@6@@ATL@@@ATL@@UEAAKXZ 0000000180003a5c f i RemoteOrderDisplay.obj
 0001:00002a68       ?Release@?$CComObject@V?$CComEnum@UIEnumConnections@@$1?_GUID_b196b287_bab4_101a_b69c_00aa00341d07@@3U__s_GUID@@BUtagCONNECTDATA@@V?$_Copy@UtagCONNECTDATA@@@ATL@@VCComSingleThreadModel@6@@ATL@@@ATL@@UEAAKXZ 0000000180003a68 f i RemoteOrderDisplay.obj
 0001:00002a68       ?Release@?$CComObject@V?$CComEnum@UIEnumConnectionPoints@@$1?_GUID_b196b285_bab4_101a_b69c_00aa00341d07@@3U__s_GUID@@BPEAUIConnectionPoint@@V?$_CopyInterface@UIConnectionPoint@@@ATL@@VCComSingleThreadModel@6@@ATL@@@ATL@@UEAAKXZ 0000000180003a68 f i RemoteOrderDisplay.obj
 0001:00002abc       ?QueryInterface@?$CComObject@V?$CComEnum@UIEnumConnectionPoints@@$1?_GUID_b196b285_bab4_101a_b69c_00aa00341d07@@3U__s_GUID@@BPEAUIConnectionPoint@@V?$_CopyInterface@UIConnectionPoint@@@ATL@@VCComSingleThreadModel@6@@ATL@@@ATL@@UEAAJAEBU_GUID@@PEAPEAX@Z 0000000180003abc f i RemoteOrderDisplay.obj
 0001:00002ad0       ??_E?$CComObject@V?$CComEnum@UIEnumConnectionPoints@@$1?_GUID_b196b285_bab4_101a_b69c_00aa00341d07@@3U__s_GUID@@BPEAUIConnectionPoint@@V?$_CopyInterface@UIConnectionPoint@@@ATL@@VCComSingleThreadModel@6@@ATL@@@ATL@@UEAAPEAXI@Z 0000000180003ad0 f i RemoteOrderDisplay.obj
 0001:00002ad0       ??_G?$CComObject@V?$CComEnum@UIEnumConnectionPoints@@$1?_GUID_b196b285_bab4_101a_b69c_00aa00341d07@@3U__s_GUID@@BPEAUIConnectionPoint@@V?$_CopyInterface@UIConnectionPoint@@@ATL@@VCComSingleThreadModel@6@@ATL@@@ATL@@UEAAPEAXI@Z 0000000180003ad0 f i RemoteOrderDisplay.obj
 0001:00002b28       ?AddReplacement@CRegObject@ATL@@UEAAJPEB_W0@Z 0000000180003b28 f i RemoteOrderDisplay.obj
 0001:00002b58       ?ClearReplacements@CRegObject@ATL@@UEAAJXZ 0000000180003b58 f i RemoteOrderDisplay.obj
 0001:00002b64       ??_ECRegObject@ATL@@UEAAPEAXI@Z 0000000180003b64 f i RemoteOrderDisplay.obj
 0001:00002b64       ??_GCRegObject@ATL@@UEAAPEAXI@Z 0000000180003b64 f i RemoteOrderDisplay.obj
 0001:00002be4       ?AddRef@?$CComAggObject@VCOPOSRemoteOrderDisplay@@@ATL@@UEAAKXZ 0000000180003be4 f i RemoteOrderDisplay.obj
 0001:00002bf0       ?Release@?$CComAggObject@VCOPOSRemoteOrderDisplay@@@ATL@@UEAAKXZ 0000000180003bf0 f i RemoteOrderDisplay.obj
 0001:00002c44       ?QueryInterface@?$CComAggObject@VCOPOSRemoteOrderDisplay@@@ATL@@UEAAJAEBU_GUID@@PEAPEAX@Z 0000000180003c44 f i RemoteOrderDisplay.obj
 0001:00002ca4       ?AddRef@?$CComContainedObject@VCOPOSRemoteOrderDisplay@@@ATL@@UEAAKXZ 0000000180003ca4 f i RemoteOrderDisplay.obj
 0001:00002cb4       ?Release@?$CComContainedObject@VCOPOSRemoteOrderDisplay@@@ATL@@UEAAKXZ 0000000180003cb4 f i RemoteOrderDisplay.obj
 0001:00002cc4       ?QueryInterface@?$CComContainedObject@VCOPOSRemoteOrderDisplay@@@ATL@@UEAAJAEBU_GUID@@PEAPEAX@Z 0000000180003cc4 f i RemoteOrderDisplay.obj
 0001:00002cd4       ??_E?$CComAggObject@VCOPOSRemoteOrderDisplay@@@ATL@@UEAAPEAXI@Z 0000000180003cd4 f i RemoteOrderDisplay.obj
 0001:00002cd4       ??_G?$CComAggObject@VCOPOSRemoteOrderDisplay@@@ATL@@UEAAPEAXI@Z 0000000180003cd4 f i RemoteOrderDisplay.obj
 0001:00002d2c       ?AddRef@?$CComObject@VCOPOSRemoteOrderDisplay@@@ATL@@UEAAKXZ 0000000180003d2c f i RemoteOrderDisplay.obj
 0001:00002d3c       ?Release@?$CComObject@VCOPOSRemoteOrderDisplay@@@ATL@@UEAAKXZ 0000000180003d3c f i RemoteOrderDisplay.obj
 0001:00002d94       ?QueryInterface@?$CComObject@VCOPOSRemoteOrderDisplay@@@ATL@@UEAAJAEBU_GUID@@PEAPEAX@Z 0000000180003d94 f i RemoteOrderDisplay.obj
 0001:00002da8       ?OnDrawAdvanced@CComControlBase@ATL@@UEAAJAEAUATL_DRAWINFO@@@Z 0000000180003da8 f i RemoteOrderDisplay.obj
 0001:00002f34       ?Next@?$CComEnumImpl@UIEnumConnections@@$1?_GUID_b196b287_bab4_101a_b69c_00aa00341d07@@3U__s_GUID@@BUtagCONNECTDATA@@V?$_Copy@UtagCONNECTDATA@@@ATL@@@ATL@@UEAAJKPEAUtagCONNECTDATA@@PEAK@Z 0000000180003f34 f i RemoteOrderDisplay.obj
 0001:00003008       ?Skip@?$CComEnumImpl@UIEnumConnections@@$1?_GUID_b196b287_bab4_101a_b69c_00aa00341d07@@3U__s_GUID@@BUtagCONNECTDATA@@V?$_Copy@UtagCONNECTDATA@@@ATL@@@ATL@@UEAAJK@Z 0000000180004008 f i RemoteOrderDisplay.obj
 0001:00003034       ?Clone@?$CComEnumImpl@UIEnumConnections@@$1?_GUID_b196b287_bab4_101a_b69c_00aa00341d07@@3U__s_GUID@@BUtagCONNECTDATA@@V?$_Copy@UtagCONNECTDATA@@@ATL@@@ATL@@UEAAJPEAPEAUIEnumConnections@@@Z 0000000180004034 f i RemoteOrderDisplay.obj
 0001:00003160       ?QueryInterface@?$CComObject@V?$CComEnum@UIEnumConnections@@$1?_GUID_b196b287_bab4_101a_b69c_00aa00341d07@@3U__s_GUID@@BUtagCONNECTDATA@@V?$_Copy@UtagCONNECTDATA@@@ATL@@VCComSingleThreadModel@6@@ATL@@@ATL@@UEAAJAEBU_GUID@@PEAPEAX@Z 0000000180004160 f i RemoteOrderDisplay.obj
 0001:00003174       ??_E?$CComObject@V?$CComEnum@UIEnumConnections@@$1?_GUID_b196b287_bab4_101a_b69c_00aa00341d07@@3U__s_GUID@@BUtagCONNECTDATA@@V?$_Copy@UtagCONNECTDATA@@@ATL@@VCComSingleThreadModel@6@@ATL@@@ATL@@UEAAPEAXI@Z 0000000180004174 f i RemoteOrderDisplay.obj
 0001:00003174       ??_G?$CComObject@V?$CComEnum@UIEnumConnections@@$1?_GUID_b196b287_bab4_101a_b69c_00aa00341d07@@3U__s_GUID@@BUtagCONNECTDATA@@V?$_Copy@UtagCONNECTDATA@@@ATL@@VCComSingleThreadModel@6@@ATL@@@ATL@@UEAAPEAXI@Z 0000000180004174 f i RemoteOrderDisplay.obj
 0001:000031cc       ??_E?$CComObject@VCOPOSRemoteOrderDisplay@@@ATL@@W7EAAPEAXI@Z 00000001800041cc f i RemoteOrderDisplay.obj
 0001:000031d8       ??_E?$CComObject@VCOPOSRemoteOrderDisplay@@@ATL@@WHA@EAAPEAXI@Z 00000001800041d8 f i RemoteOrderDisplay.obj
 0001:000031e4       ?QueryInterface@?$CComObject@VCOPOSRemoteOrderDisplay@@@ATL@@WLI@EAAJAEBU_GUID@@PEAPEAX@Z 00000001800041e4 f i RemoteOrderDisplay.obj
 0001:000031f0       ?AddRef@?$CComObject@VCOPOSRemoteOrderDisplay@@@ATL@@WLI@EAAKXZ 00000001800041f0 f i RemoteOrderDisplay.obj
 0001:000031fc       ?Release@?$CComObject@VCOPOSRemoteOrderDisplay@@@ATL@@WLI@EAAKXZ 00000001800041fc f i RemoteOrderDisplay.obj
 0001:00003208       ?QueryInterface@?$CComObject@VCOPOSRemoteOrderDisplay@@@ATL@@WMA@EAAJAEBU_GUID@@PEAPEAX@Z 0000000180004208 f i RemoteOrderDisplay.obj
 0001:00003214       ?AddRef@?$CComObject@VCOPOSRemoteOrderDisplay@@@ATL@@WMA@EAAKXZ 0000000180004214 f i RemoteOrderDisplay.obj
 0001:00003220       ?Release@?$CComObject@VCOPOSRemoteOrderDisplay@@@ATL@@WMA@EAAKXZ 0000000180004220 f i RemoteOrderDisplay.obj
 0001:0000322c       ?QueryInterface@?$CComObject@VCOPOSRemoteOrderDisplay@@@ATL@@WMI@EAAJAEBU_GUID@@PEAPEAX@Z 000000018000422c f i RemoteOrderDisplay.obj
 0001:00003238       ?AddRef@?$CComObject@VCOPOSRemoteOrderDisplay@@@ATL@@WMI@EAAKXZ 0000000180004238 f i RemoteOrderDisplay.obj
 0001:00003244       ?Release@?$CComObject@VCOPOSRemoteOrderDisplay@@@ATL@@WMI@EAAKXZ 0000000180004244 f i RemoteOrderDisplay.obj
 0001:00003250       ?QueryInterface@?$CComObject@VCOPOSRemoteOrderDisplay@@@ATL@@WNA@EAAJAEBU_GUID@@PEAPEAX@Z 0000000180004250 f i RemoteOrderDisplay.obj
 0001:0000325c       ?AddRef@?$CComObject@VCOPOSRemoteOrderDisplay@@@ATL@@WNA@EAAKXZ 000000018000425c f i RemoteOrderDisplay.obj
 0001:00003268       ?Release@?$CComObject@VCOPOSRemoteOrderDisplay@@@ATL@@WNA@EAAKXZ 0000000180004268 f i RemoteOrderDisplay.obj
 0001:00003274       ?QueryInterface@?$CComObject@VCOPOSRemoteOrderDisplay@@@ATL@@WNI@EAAJAEBU_GUID@@PEAPEAX@Z 0000000180004274 f i RemoteOrderDisplay.obj
 0001:00003280       ?AddRef@?$CComObject@VCOPOSRemoteOrderDisplay@@@ATL@@WNI@EAAKXZ 0000000180004280 f i RemoteOrderDisplay.obj
 0001:0000328c       ?Release@?$CComObject@VCOPOSRemoteOrderDisplay@@@ATL@@WNI@EAAKXZ 000000018000428c f i RemoteOrderDisplay.obj
 0001:00003298       ?QueryInterface@?$CComObject@VCOPOSRemoteOrderDisplay@@@ATL@@WOA@EAAJAEBU_GUID@@PEAPEAX@Z 0000000180004298 f i RemoteOrderDisplay.obj
 0001:000032a4       ?AddRef@?$CComObject@VCOPOSRemoteOrderDisplay@@@ATL@@WOA@EAAKXZ 00000001800042a4 f i RemoteOrderDisplay.obj
 0001:000032b0       ?Release@?$CComObject@VCOPOSRemoteOrderDisplay@@@ATL@@WOA@EAAKXZ 00000001800042b0 f i RemoteOrderDisplay.obj
 0001:000032bc       ?QueryInterface@?$CComObject@VCOPOSRemoteOrderDisplay@@@ATL@@WOI@EAAJAEBU_GUID@@PEAPEAX@Z 00000001800042bc f i RemoteOrderDisplay.obj
 0001:000032c8       ?AddRef@?$CComObject@VCOPOSRemoteOrderDisplay@@@ATL@@WOI@EAAKXZ 00000001800042c8 f i RemoteOrderDisplay.obj
 0001:000032d4       ?Release@?$CComObject@VCOPOSRemoteOrderDisplay@@@ATL@@WOI@EAAKXZ 00000001800042d4 f i RemoteOrderDisplay.obj
 0001:000032e0       ?QueryInterface@?$CComObject@VCOPOSRemoteOrderDisplay@@@ATL@@WPA@EAAJAEBU_GUID@@PEAPEAX@Z 00000001800042e0 f i RemoteOrderDisplay.obj
 0001:000032ec       ?AddRef@?$CComObject@VCOPOSRemoteOrderDisplay@@@ATL@@WPA@EAAKXZ 00000001800042ec f i RemoteOrderDisplay.obj
 0001:000032f8       ?Release@?$CComObject@VCOPOSRemoteOrderDisplay@@@ATL@@WPA@EAAKXZ 00000001800042f8 f i RemoteOrderDisplay.obj
 0001:00003304       ?QueryInterface@?$CComObject@VCOPOSRemoteOrderDisplay@@@ATL@@WPI@EAAJAEBU_GUID@@PEAPEAX@Z 0000000180004304 f i RemoteOrderDisplay.obj
 0001:00003310       ?AddRef@?$CComObject@VCOPOSRemoteOrderDisplay@@@ATL@@WPI@EAAKXZ 0000000180004310 f i RemoteOrderDisplay.obj
 0001:0000331c       ?Release@?$CComObject@VCOPOSRemoteOrderDisplay@@@ATL@@WPI@EAAKXZ 000000018000431c f i RemoteOrderDisplay.obj
 0001:00003328       ?QueryInterface@?$CComObject@VCOPOSRemoteOrderDisplay@@@ATL@@WBAA@EAAJAEBU_GUID@@PEAPEAX@Z 0000000180004328 f i RemoteOrderDisplay.obj
 0001:00003334       ?AddRef@?$CComObject@VCOPOSRemoteOrderDisplay@@@ATL@@WBAA@EAAKXZ 0000000180004334 f i RemoteOrderDisplay.obj
 0001:00003340       ?Release@?$CComObject@VCOPOSRemoteOrderDisplay@@@ATL@@WBAA@EAAKXZ 0000000180004340 f i RemoteOrderDisplay.obj
 0001:0000334c       ?QueryInterface@?$CComObject@VCOPOSRemoteOrderDisplay@@@ATL@@WBAI@EAAJAEBU_GUID@@PEAPEAX@Z 000000018000434c f i RemoteOrderDisplay.obj
 0001:00003358       ?AddRef@?$CComObject@VCOPOSRemoteOrderDisplay@@@ATL@@WBAI@EAAKXZ 0000000180004358 f i RemoteOrderDisplay.obj
 0001:00003364       ?Release@?$CComObject@VCOPOSRemoteOrderDisplay@@@ATL@@WBAI@EAAKXZ 0000000180004364 f i RemoteOrderDisplay.obj
 0001:00003370       ?QueryInterface@?$CComObject@VCOPOSRemoteOrderDisplay@@@ATL@@WBBA@EAAJAEBU_GUID@@PEAPEAX@Z 0000000180004370 f i RemoteOrderDisplay.obj
 0001:0000337c       ?AddRef@?$CComObject@VCOPOSRemoteOrderDisplay@@@ATL@@WBBA@EAAKXZ 000000018000437c f i RemoteOrderDisplay.obj
 0001:00003388       ?Release@?$CComObject@VCOPOSRemoteOrderDisplay@@@ATL@@WBBA@EAAKXZ 0000000180004388 f i RemoteOrderDisplay.obj
 0001:00003394       ?QueryInterface@?$CComObject@VCOPOSRemoteOrderDisplay@@@ATL@@WBBI@EAAJAEBU_GUID@@PEAPEAX@Z 0000000180004394 f i RemoteOrderDisplay.obj
 0001:000033a0       ?AddRef@?$CComObject@VCOPOSRemoteOrderDisplay@@@ATL@@WBBI@EAAKXZ 00000001800043a0 f i RemoteOrderDisplay.obj
 0001:000033ac       ?Release@?$CComObject@VCOPOSRemoteOrderDisplay@@@ATL@@WBBI@EAAKXZ 00000001800043ac f i RemoteOrderDisplay.obj
 0001:000033b8       ?AddRef@?$CComObject@VCOPOSRemoteOrderDisplay@@@ATL@@WBCI@EAAKXZ 00000001800043b8 f i RemoteOrderDisplay.obj
 0001:000033c4       ?Release@?$CComObject@VCOPOSRemoteOrderDisplay@@@ATL@@WBCI@EAAKXZ 00000001800043c4 f i RemoteOrderDisplay.obj
 0001:000033d0       ?AddRef@?$CComObject@VCOPOSRemoteOrderDisplay@@@ATL@@WBEA@EAAKXZ 00000001800043d0 f i RemoteOrderDisplay.obj
 0001:000033dc       ?Release@?$CComObject@VCOPOSRemoteOrderDisplay@@@ATL@@WBEA@EAAKXZ 00000001800043dc f i RemoteOrderDisplay.obj
 0001:000033e8       ??_E?$CComContainedObject@VCOPOSRemoteOrderDisplay@@@ATL@@W7EAAPEAXI@Z 00000001800043e8 f i RemoteOrderDisplay.obj
 0001:000033f4       ??_E?$CComContainedObject@VCOPOSRemoteOrderDisplay@@@ATL@@WHA@EAAPEAXI@Z 00000001800043f4 f i RemoteOrderDisplay.obj
 0001:00003400       ?QueryInterface@?$CComContainedObject@VCOPOSRemoteOrderDisplay@@@ATL@@WLI@EAAJAEBU_GUID@@PEAPEAX@Z 0000000180004400 f i RemoteOrderDisplay.obj
 0001:0000340c       ?AddRef@?$CComContainedObject@VCOPOSRemoteOrderDisplay@@@ATL@@WLI@EAAKXZ 000000018000440c f i RemoteOrderDisplay.obj
 0001:00003418       ?Release@?$CComContainedObject@VCOPOSRemoteOrderDisplay@@@ATL@@WLI@EAAKXZ 0000000180004418 f i RemoteOrderDisplay.obj
 0001:00003424       ?QueryInterface@?$CComContainedObject@VCOPOSRemoteOrderDisplay@@@ATL@@WMA@EAAJAEBU_GUID@@PEAPEAX@Z 0000000180004424 f i RemoteOrderDisplay.obj
 0001:00003430       ?AddRef@?$CComContainedObject@VCOPOSRemoteOrderDisplay@@@ATL@@WMA@EAAKXZ 0000000180004430 f i RemoteOrderDisplay.obj
 0001:0000343c       ?Release@?$CComContainedObject@VCOPOSRemoteOrderDisplay@@@ATL@@WMA@EAAKXZ 000000018000443c f i RemoteOrderDisplay.obj
 0001:00003448       ?QueryInterface@?$CComContainedObject@VCOPOSRemoteOrderDisplay@@@ATL@@WMI@EAAJAEBU_GUID@@PEAPEAX@Z 0000000180004448 f i RemoteOrderDisplay.obj
 0001:00003454       ?AddRef@?$CComContainedObject@VCOPOSRemoteOrderDisplay@@@ATL@@WMI@EAAKXZ 0000000180004454 f i RemoteOrderDisplay.obj
 0001:00003460       ?Release@?$CComContainedObject@VCOPOSRemoteOrderDisplay@@@ATL@@WMI@EAAKXZ 0000000180004460 f i RemoteOrderDisplay.obj
 0001:0000346c       ?QueryInterface@?$CComContainedObject@VCOPOSRemoteOrderDisplay@@@ATL@@WNA@EAAJAEBU_GUID@@PEAPEAX@Z 000000018000446c f i RemoteOrderDisplay.obj
 0001:00003478       ?AddRef@?$CComContainedObject@VCOPOSRemoteOrderDisplay@@@ATL@@WNA@EAAKXZ 0000000180004478 f i RemoteOrderDisplay.obj
 0001:00003484       ?Release@?$CComContainedObject@VCOPOSRemoteOrderDisplay@@@ATL@@WNA@EAAKXZ 0000000180004484 f i RemoteOrderDisplay.obj
 0001:00003490       ?QueryInterface@?$CComContainedObject@VCOPOSRemoteOrderDisplay@@@ATL@@WNI@EAAJAEBU_GUID@@PEAPEAX@Z 0000000180004490 f i RemoteOrderDisplay.obj
 0001:0000349c       ?AddRef@?$CComContainedObject@VCOPOSRemoteOrderDisplay@@@ATL@@WNI@EAAKXZ 000000018000449c f i RemoteOrderDisplay.obj
 0001:000034a8       ?Release@?$CComContainedObject@VCOPOSRemoteOrderDisplay@@@ATL@@WNI@EAAKXZ 00000001800044a8 f i RemoteOrderDisplay.obj
 0001:000034b4       ?QueryInterface@?$CComContainedObject@VCOPOSRemoteOrderDisplay@@@ATL@@WOA@EAAJAEBU_GUID@@PEAPEAX@Z 00000001800044b4 f i RemoteOrderDisplay.obj
 0001:000034c0       ?AddRef@?$CComContainedObject@VCOPOSRemoteOrderDisplay@@@ATL@@WOA@EAAKXZ 00000001800044c0 f i RemoteOrderDisplay.obj
 0001:000034cc       ?Release@?$CComContainedObject@VCOPOSRemoteOrderDisplay@@@ATL@@WOA@EAAKXZ 00000001800044cc f i RemoteOrderDisplay.obj
 0001:000034d8       ?QueryInterface@?$CComContainedObject@VCOPOSRemoteOrderDisplay@@@ATL@@WOI@EAAJAEBU_GUID@@PEAPEAX@Z 00000001800044d8 f i RemoteOrderDisplay.obj
 0001:000034e4       ?AddRef@?$CComContainedObject@VCOPOSRemoteOrderDisplay@@@ATL@@WOI@EAAKXZ 00000001800044e4 f i RemoteOrderDisplay.obj
 0001:000034f0       ?Release@?$CComContainedObject@VCOPOSRemoteOrderDisplay@@@ATL@@WOI@EAAKXZ 00000001800044f0 f i RemoteOrderDisplay.obj
 0001:000034fc       ?QueryInterface@?$CComContainedObject@VCOPOSRemoteOrderDisplay@@@ATL@@WPA@EAAJAEBU_GUID@@PEAPEAX@Z 00000001800044fc f i RemoteOrderDisplay.obj
 0001:00003508       ?AddRef@?$CComContainedObject@VCOPOSRemoteOrderDisplay@@@ATL@@WPA@EAAKXZ 0000000180004508 f i RemoteOrderDisplay.obj
 0001:00003514       ?Release@?$CComContainedObject@VCOPOSRemoteOrderDisplay@@@ATL@@WPA@EAAKXZ 0000000180004514 f i RemoteOrderDisplay.obj
 0001:00003520       ?QueryInterface@?$CComContainedObject@VCOPOSRemoteOrderDisplay@@@ATL@@WPI@EAAJAEBU_GUID@@PEAPEAX@Z 0000000180004520 f i RemoteOrderDisplay.obj
 0001:0000352c       ?AddRef@?$CComContainedObject@VCOPOSRemoteOrderDisplay@@@ATL@@WPI@EAAKXZ 000000018000452c f i RemoteOrderDisplay.obj
 0001:00003538       ?Release@?$CComContainedObject@VCOPOSRemoteOrderDisplay@@@ATL@@WPI@EAAKXZ 0000000180004538 f i RemoteOrderDisplay.obj
 0001:00003544       ?QueryInterface@?$CComContainedObject@VCOPOSRemoteOrderDisplay@@@ATL@@WBAA@EAAJAEBU_GUID@@PEAPEAX@Z 0000000180004544 f i RemoteOrderDisplay.obj
 0001:00003550       ?AddRef@?$CComContainedObject@VCOPOSRemoteOrderDisplay@@@ATL@@WBAA@EAAKXZ 0000000180004550 f i RemoteOrderDisplay.obj
 0001:0000355c       ?Release@?$CComContainedObject@VCOPOSRemoteOrderDisplay@@@ATL@@WBAA@EAAKXZ 000000018000455c f i RemoteOrderDisplay.obj
 0001:00003568       ?QueryInterface@?$CComContainedObject@VCOPOSRemoteOrderDisplay@@@ATL@@WBAI@EAAJAEBU_GUID@@PEAPEAX@Z 0000000180004568 f i RemoteOrderDisplay.obj
 0001:00003574       ?AddRef@?$CComContainedObject@VCOPOSRemoteOrderDisplay@@@ATL@@WBAI@EAAKXZ 0000000180004574 f i RemoteOrderDisplay.obj
 0001:00003580       ?Release@?$CComContainedObject@VCOPOSRemoteOrderDisplay@@@ATL@@WBAI@EAAKXZ 0000000180004580 f i RemoteOrderDisplay.obj
 0001:0000358c       ?QueryInterface@?$CComContainedObject@VCOPOSRemoteOrderDisplay@@@ATL@@WBBA@EAAJAEBU_GUID@@PEAPEAX@Z 000000018000458c f i RemoteOrderDisplay.obj
 0001:00003598       ?AddRef@?$CComContainedObject@VCOPOSRemoteOrderDisplay@@@ATL@@WBBA@EAAKXZ 0000000180004598 f i RemoteOrderDisplay.obj
 0001:000035a4       ?Release@?$CComContainedObject@VCOPOSRemoteOrderDisplay@@@ATL@@WBBA@EAAKXZ 00000001800045a4 f i RemoteOrderDisplay.obj
 0001:000035b0       ?QueryInterface@?$CComContainedObject@VCOPOSRemoteOrderDisplay@@@ATL@@WBBI@EAAJAEBU_GUID@@PEAPEAX@Z 00000001800045b0 f i RemoteOrderDisplay.obj
 0001:000035bc       ?AddRef@?$CComContainedObject@VCOPOSRemoteOrderDisplay@@@ATL@@WBBI@EAAKXZ 00000001800045bc f i RemoteOrderDisplay.obj
 0001:000035c8       ?Release@?$CComContainedObject@VCOPOSRemoteOrderDisplay@@@ATL@@WBBI@EAAKXZ 00000001800045c8 f i RemoteOrderDisplay.obj
 0001:000035d4       ?AddRef@?$CComContainedObject@VCOPOSRemoteOrderDisplay@@@ATL@@WBCI@EAAKXZ 00000001800045d4 f i RemoteOrderDisplay.obj
 0001:000035e0       ?Release@?$CComContainedObject@VCOPOSRemoteOrderDisplay@@@ATL@@WBCI@EAAKXZ 00000001800045e0 f i RemoteOrderDisplay.obj
 0001:000035ec       ?AddRef@?$CComContainedObject@VCOPOSRemoteOrderDisplay@@@ATL@@WBEA@EAAKXZ 00000001800045ec f i RemoteOrderDisplay.obj
 0001:000035f8       ?CreateInstance@CComClassFactory@ATL@@UEAAJPEAUIUnknown@@AEBU_GUID@@PEAPEAX@Z 00000001800045f8 f i RemoteOrderDisplay.obj
 0001:00003658       ?Release@?$CComContainedObject@VCOPOSRemoteOrderDisplay@@@ATL@@WBEA@EAAKXZ 0000000180004658 f i RemoteOrderDisplay.obj
 0001:00003664       ?LockServer@CComClassFactory@ATL@@UEAAJH@Z 0000000180004664 f i RemoteOrderDisplay.obj
 0001:00003688       ??_GCComClassFactory@ATL@@UEAAPEAXI@Z 0000000180004688 f i RemoteOrderDisplay.obj
 0001:00003688       ??_ECComClassFactory@ATL@@UEAAPEAXI@Z 0000000180004688 f i RemoteOrderDisplay.obj
 0001:000036d8       ??$AtlModuleRegisterWndClassInfoT@VAtlModuleRegisterWndClassInfoParamW@ATL@@@ATL@@YAGPEAU_ATL_BASE_MODULE70@0@PEAU_ATL_WIN_MODULE70@0@PEAU_ATL_WNDCLASSINFOW@0@PEAP6A_JPEAUHWND__@@I_K_J@ZVAtlModuleRegisterWndClassInfoParamW@0@@Z 00000001800046d8 f i RemoteOrderDisplay.obj
 0001:000038d8       ??0?$CComContainedObject@VCOPOSRemoteOrderDisplay@@@ATL@@QEAA@PEAX@Z 00000001800048d8 f i RemoteOrderDisplay.obj
 0001:000039f4       ??0?$CComObject@VCOPOSRemoteOrderDisplay@@@ATL@@QEAA@PEAX@Z 00000001800049f4 f i RemoteOrderDisplay.obj
 0001:00003b0c       ??0CAtlModule@ATL@@QEAA@XZ 0000000180004b0c f i RemoteOrderDisplay.obj
 0001:00003b80       ??1?$CComEnumImpl@UIEnumConnectionPoints@@$1?_GUID_b196b285_bab4_101a_b69c_00aa00341d07@@3U__s_GUID@@BPEAUIConnectionPoint@@V?$_CopyInterface@UIConnectionPoint@@@ATL@@@ATL@@UEAA@XZ 0000000180004b80 f i RemoteOrderDisplay.obj
 0001:00003bdc       ??1?$CComEnumImpl@UIEnumConnections@@$1?_GUID_b196b287_bab4_101a_b69c_00aa00341d07@@3U__s_GUID@@BUtagCONNECTDATA@@V?$_Copy@UtagCONNECTDATA@@@ATL@@@ATL@@UEAA@XZ 0000000180004bdc f i RemoteOrderDisplay.obj
 0001:00003c38       ??1?$CComObject@VCOPOSRemoteOrderDisplay@@@ATL@@UEAA@XZ 0000000180004c38 f i RemoteOrderDisplay.obj
 0001:00003d58       ??_E?$CComContainedObject@VCOPOSRemoteOrderDisplay@@@ATL@@UEAAPEAXI@Z 0000000180004d58 f i RemoteOrderDisplay.obj
 0001:00003d58       ??_G?$CComContainedObject@VCOPOSRemoteOrderDisplay@@@ATL@@UEAAPEAXI@Z 0000000180004d58 f i RemoteOrderDisplay.obj
 0001:00003d8c       ??_E?$CComObject@VCOPOSRemoteOrderDisplay@@@ATL@@UEAAPEAXI@Z 0000000180004d8c f i RemoteOrderDisplay.obj
 0001:00003d8c       ??_G?$CComObject@VCOPOSRemoteOrderDisplay@@@ATL@@UEAAPEAXI@Z 0000000180004d8c f i RemoteOrderDisplay.obj
 0001:00003dc0       ?Add@?$CSimpleArray@GV?$CSimpleArrayEqualHelper@G@ATL@@@ATL@@QEAAHAEBG@Z 0000000180004dc0 f i RemoteOrderDisplay.obj
 0001:00003e74       ?Add@?$CSimpleMap@PEA_WPEA_WVCExpansionVectorEqualHelper@ATL@@@ATL@@QEAAHAEBQEA_W0@Z 0000000180004e74 f i RemoteOrderDisplay.obj
 0001:00003f14       ?Add@CComDynamicUnkArray@ATL@@QEAAKPEAUIUnknown@@@Z 0000000180004f14 f i RemoteOrderDisplay.obj
 0001:00004000       ?Add@CExpansionVector@ATL@@QEAAHPEB_W0@Z 0000000180005000 f i RemoteOrderDisplay.obj
 0001:00004134       ?AddTermFunc@CAtlModule@ATL@@QEAAJP6AX_K@Z0@Z 0000000180005134 f i RemoteOrderDisplay.obj
 0001:000041d0       ?AddValue@CRegParser@ATL@@IEAAJAEAVCRegKey@2@PEB_WPEA_W@Z 00000001800051d0 f i RemoteOrderDisplay.obj
 0001:00004618       ?AllocateHeap@?$CTempBuffer@_W$0EAA@VCCRTAllocator@ATL@@@ATL@@AEAAX_K@Z 0000000180005618 f i RemoteOrderDisplay.obj
 0001:00004618       ?AllocateHeap@?$CTempBuffer@E$0BAA@VCCRTAllocator@ATL@@@ATL@@AEAAX_K@Z 0000000180005618 f i RemoteOrderDisplay.obj
 0001:00004618       ?AllocateHeap@?$CTempBuffer@_W$0BAA@VCCRTAllocator@ATL@@@ATL@@AEAAX_K@Z 0000000180005618 f i RemoteOrderDisplay.obj
 0001:00004644       ?Append@CParseBuffer@CRegParser@ATL@@QEAAHPEB_WH@Z 0000000180005644 f i RemoteOrderDisplay.obj
 0001:0000478c       ?AtlComModuleGetClassObject@ATL@@YAJPEAU_ATL_COM_MODULE70@1@AEBU_GUID@@1PEAPEAX@Z 000000018000578c f i RemoteOrderDisplay.obj
 0001:000048cc       ?AtlComModuleRegisterServer@ATL@@YAJPEAU_ATL_COM_MODULE70@1@HPEBU_GUID@@@Z 00000001800058cc f i RemoteOrderDisplay.obj
 0001:0000498c       ?AtlComModuleUnregisterServer@ATL@@YAJPEAU_ATL_COM_MODULE70@1@HPEBU_GUID@@@Z 000000018000598c f i RemoteOrderDisplay.obj
 0001:00004a48       ?AtlHiMetricToPixel@ATL@@YAXPEBUtagSIZE@@PEAU2@@Z 0000000180005a48 f i RemoteOrderDisplay.obj
 0001:00004af8       ?AtlHresultFromLastError@ATL@@YAJXZ 0000000180005af8 f i RemoteOrderDisplay.obj
 0001:00004b18       ?AtlHresultFromWin32@ATL@@YAJK@Z 0000000180005b18 f i RemoteOrderDisplay.obj
 0001:00004b28       ?AtlInternalOleLoadFromStream@ATL@@YAJPEAUIStream@@AEBU_GUID@@PEAPEAXTClassesAllowedInStream@1@K@Z 0000000180005b28 f i RemoteOrderDisplay.obj
 0001:00004c6c       ?AtlInternalQueryInterface@ATL@@YAJPEAXPEBU_ATL_INTMAP_ENTRY@1@AEBU_GUID@@PEAPEAX@Z 0000000180005c6c f i RemoteOrderDisplay.obj
 0001:00004d74       ?AtlLoadTypeLib@ATL@@YAJPEAUHINSTANCE__@@PEB_WPEAPEA_WPEAPEAUITypeLib@@@Z 0000000180005d74 f i RemoteOrderDisplay.obj
 0001:00004fd0       ?AtlRegisterClassCategoriesHelper@ATL@@YAJAEBU_GUID@@PEBU_ATL_CATMAP_ENTRY@1@H@Z 0000000180005fd0 f i RemoteOrderDisplay.obj
 0001:00005454       ?AtlRegisterTypeLib@ATL@@YAJPEAUHINSTANCE__@@PEB_W@Z 0000000180006454 f i RemoteOrderDisplay.obj
 0001:00005650       ?AtlThrowImpl@ATL@@YAXJ@Z  0000000180006650 f i RemoteOrderDisplay.obj
 0001:00005674       ?AtlUnRegisterTypeLib@ATL@@YAJPEAUHINSTANCE__@@PEB_W@Z 0000000180006674 f i RemoteOrderDisplay.obj
 0001:0000573c       ?AtlWinModuleExtractCreateWndData@ATL@@YAPEAXPEAU_ATL_WIN_MODULE70@1@@Z 000000018000673c f i RemoteOrderDisplay.obj
 0001:000057c8       ?Cleanup@CComTypeInfoHolder@ATL@@SAX_K@Z 00000001800067c8 f i RemoteOrderDisplay.obj
 0001:00005808       ?ClearReplacements@CExpansionVector@ATL@@QEAAJXZ 0000000180006808 f i RemoteOrderDisplay.obj
 0001:000058a4       ?CreateInstance@?$CComCreator@V?$CComAggObject@VCOPOSRemoteOrderDisplay@@@ATL@@@ATL@@SAJPEAXAEBU_GUID@@PEAPEAX@Z 00000001800068a4 f i RemoteOrderDisplay.obj
 0001:00005988       ?CreateInstance@?$CComCreator@V?$CComObject@VCOPOSRemoteOrderDisplay@@@ATL@@@ATL@@SAJPEAXAEBU_GUID@@PEAPEAX@Z 0000000180006988 f i RemoteOrderDisplay.obj
 0001:00005a3c       ?CreateInstance@?$CComObject@V?$CComEnum@UIEnumConnectionPoints@@$1?_GUID_b196b285_bab4_101a_b69c_00aa00341d07@@3U__s_GUID@@BPEAUIConnectionPoint@@V?$_CopyInterface@UIConnectionPoint@@@ATL@@VCComSingleThreadModel@6@@ATL@@@ATL@@SAJPEAPEAV12@@Z 0000000180006a3c f i RemoteOrderDisplay.obj
 0001:00005acc       ?CreateInstance@?$CComObject@V?$CComEnum@UIEnumConnections@@$1?_GUID_b196b287_bab4_101a_b69c_00aa00341d07@@3U__s_GUID@@BUtagCONNECTDATA@@V?$_Copy@UtagCONNECTDATA@@@ATL@@VCComSingleThreadModel@6@@ATL@@@ATL@@SAJPEAPEAV12@@Z 0000000180006acc f i RemoteOrderDisplay.obj
 0001:00005b5c       ?DefaultReflectionHandler@?$CWindowImplRoot@VCWindow@ATL@@@ATL@@SAHPEAUHWND__@@I_K_JAEA_J@Z 0000000180006b5c f i RemoteOrderDisplay.obj
 0001:00005bc0       ?DeleteSubKey@CRegKey@ATL@@QEAAJPEB_W@Z 0000000180006bc0 f i RemoteOrderDisplay.obj
 0001:00005c58       ?DoEvent@COPOSRemoteOrderDisplay@@IEAAXI_K_J@Z 0000000180006c58 f i RemoteOrderDisplay.obj
 0001:00005d0c       ?DoVerbPrimary@?$IOleObjectImpl@VCOPOSRemoteOrderDisplay@@@ATL@@QEAAJPEBUtagRECT@@PEAUHWND__@@@Z 0000000180006d0c f i RemoteOrderDisplay.obj
 0001:00005e38       ?DoVerbProperties@CComControlBase@ATL@@QEAAJPEBUtagRECT@@PEAUHWND__@@@Z 0000000180006e38 f i RemoteOrderDisplay.obj
 0001:00006060       ?FireTheEvent@?$CProxy_IOPOSEvents@VCOPOSRemoteOrderDisplay@@@@IEAAXPEAVOposVariant@@IAEAJPEB_WJ@Z 0000000180007060 f i RemoteOrderDisplay.obj
 0001:0000614c       ?FireViewChange@CComControlBase@ATL@@QEAAJXZ 000000018000714c f i RemoteOrderDisplay.obj
 0001:000061b0       ?Fire_DataEvent@?$CProxy_IOPOSEvents@VCOPOSRemoteOrderDisplay@@@@QEAAXJ@Z 00000001800071b0 f i RemoteOrderDisplay.obj
 0001:0000629c       ?Fire_DirectIOEvent@?$CProxy_IOPOSEvents@VCOPOSRemoteOrderDisplay@@@@QEAAXJPEAJPEAPEA_W@Z 000000018000729c f i RemoteOrderDisplay.obj
 0001:000063fc       ?Fire_ErrorEvent@?$CProxy_IOPOSEvents@VCOPOSRemoteOrderDisplay@@@@QEAAXJJJPEAJ@Z 00000001800073fc f i RemoteOrderDisplay.obj
 0001:00006570       ?Fire_OutputCompleteEvent@?$CProxy_IOPOSEvents@VCOPOSRemoteOrderDisplay@@@@QEAAXJ@Z 0000000180007570 f i RemoteOrderDisplay.obj
 0001:0000665c       ?Fire_StatusUpdateEvent@?$CProxy_IOPOSEvents@VCOPOSRemoteOrderDisplay@@@@QEAAXJ@Z 000000018000765c f i RemoteOrderDisplay.obj
 0001:00006748       ?FreeHeap@?$CTempBuffer@E$0BAA@VCCRTAllocator@ATL@@@ATL@@AEAAXXZ 0000000180007748 f i RemoteOrderDisplay.obj
 0001:00006748       ?FreeHeap@?$CTempBuffer@_W$0BAA@VCCRTAllocator@ATL@@@ATL@@AEAAXXZ 0000000180007748 f i RemoteOrderDisplay.obj
 0001:00006748       ?FreeHeap@?$CTempBuffer@_W$0EAA@VCCRTAllocator@ATL@@@ATL@@AEAAXXZ 0000000180007748 f i RemoteOrderDisplay.obj
 0001:00006750       ?GetAmbientLocaleID@CComControlBase@ATL@@QEAAJAEAK@Z 0000000180007750 f i RemoteOrderDisplay.obj
 0001:00006810       ?GetAmbientUserMode@CComControlBase@ATL@@QEAAJAEAH@Z 0000000180007810 f i RemoteOrderDisplay.obj
 0001:000068e0       ?GetClassObject@CComModule@ATL@@QEAAJAEBU_GUID@@0PEAPEAX@Z 00000001800078e0 f i RemoteOrderDisplay.obj
 0001:000069d4       ?GetConnMap@COPOSRemoteOrderDisplay@@SAPEBU_ATL_CONNMAP_ENTRY@ATL@@PEAH@Z 00000001800079d4 f i RemoteOrderDisplay.obj
 0001:00006a5c       ?GetIDsOfNames@CComTypeInfoHolder@ATL@@QEAAJAEBU_GUID@@PEAPEA_WIKPEAJ@Z 0000000180007a5c f i RemoteOrderDisplay.obj
 0001:00006bd4       ?GetPagesHelper@?$ISpecifyPropertyPagesImpl@VCOPOSRemoteOrderDisplay@@@ATL@@IEAAJPEAUtagCAUUID@@PEBUATL_PROPMAP_ENTRY@2@@Z 0000000180007bd4 f i RemoteOrderDisplay.obj
 0001:00006d74       ?GetSizeMax@CComVariant@ATL@@QEBAJPEAT_ULARGE_INTEGER@@@Z 0000000180007d74 f i RemoteOrderDisplay.obj
 0001:00006fa4       ?GetTI@CComTypeInfoHolder@ATL@@QEAAJK@Z 0000000180007fa4 f i RemoteOrderDisplay.obj
 0001:0000728c       ?GetZoomInfo@CComControlBase@ATL@@QEAAXAEAUATL_DRAWINFO@@@Z 000000018000828c f i RemoteOrderDisplay.obj
 0001:00007330       ?HKeyFromString@CRegParser@ATL@@KAPEAUHKEY__@@PEA_W@Z 0000000180008330 f i RemoteOrderDisplay.obj
 0001:00007394       ?IDataObject_GetData@CComControlBase@ATL@@QEAAJPEAUtagFORMATETC@@PEAUtagSTGMEDIUM@@@Z 0000000180008394 f i RemoteOrderDisplay.obj
 0001:00007588       ?IOleInPlaceObject_InPlaceDeactivate@CComControlBase@ATL@@QEAAJXZ 0000000180008588 f i RemoteOrderDisplay.obj
 0001:00007628       ?IOleInPlaceObject_SetObjectRects@CComControlBase@ATL@@QEAAJPEBUtagRECT@@0@Z 0000000180008628 f i RemoteOrderDisplay.obj
 0001:00007718       ?IOleInPlaceObject_UIDeactivate@CComControlBase@ATL@@QEAAJXZ 0000000180008718 f i RemoteOrderDisplay.obj
 0001:00007824       ?IOleObject_Close@CComControlBase@ATL@@QEAAJK@Z 0000000180008824 f i RemoteOrderDisplay.obj
 0001:0000793c       ?IOleObject_SetClientSite@CComControlBase@ATL@@QEAAJPEAUIOleClientSite@@@Z 000000018000893c f i RemoteOrderDisplay.obj
 0001:000079b4       ?IOleObject_SetExtent@CComControlBase@ATL@@QEAAJKPEAUtagSIZE@@@Z 00000001800089b4 f i RemoteOrderDisplay.obj
 0001:00007a4c       ?IPSI_GetIPersistStreamInit@?$IPersistStorageImpl@VCOPOSRemoteOrderDisplay@@@ATL@@AEAAPEAUIPersistStreamInit@@XZ 0000000180008a4c f i RemoteOrderDisplay.obj
 0001:00007b34       ?IPersistStreamInit_Load@?$IPersistStreamInitImpl@VCOPOSRemoteOrderDisplay@@@ATL@@QEAAJPEAUIStream@@PEBUATL_PROPMAP_ENTRY@2@@Z 0000000180008b34 f i RemoteOrderDisplay.obj
 0001:00007e60       ?IPersistStreamInit_Save@?$IPersistStreamInitImpl@VCOPOSRemoteOrderDisplay@@@ATL@@QEAAJPEAUIStream@@HPEBUATL_PROPMAP_ENTRY@2@@Z 0000000180008e60 f i RemoteOrderDisplay.obj
 0001:00008100       ?IQuickActivate_QuickActivate@CComControlBase@ATL@@QEAAJPEAUtagQACONTAINER@@PEAUtagQACONTROL@@@Z 0000000180009100 f i RemoteOrderDisplay.obj
 0001:000083c4       ?IViewObject_Draw@CComControlBase@ATL@@QEAAJKJPEAXPEAUtagDVTARGETDEVICE@@PEAUHDC__@@2PEBU_RECTL@@3@Z 00000001800093c4 f i RemoteOrderDisplay.obj
 0001:000084d8       ?InPlaceActivate@CComControlBase@ATL@@QEAAJJPEBUtagRECT@@@Z 00000001800094d8 f i RemoteOrderDisplay.obj
 0001:0000880c       ?Init@?$CComEnumImpl@UIEnumConnectionPoints@@$1?_GUID_b196b285_bab4_101a_b69c_00aa00341d07@@3U__s_GUID@@BPEAUIConnectionPoint@@V?$_CopyInterface@UIConnectionPoint@@@ATL@@@ATL@@QEAAJPEAPEAUIConnectionPoint@@0PEAUIUnknown@@W4CComEnumFlags@2@@Z 000000018000980c f i RemoteOrderDisplay.obj
 0001:0000892c       ?Init@?$CComEnumImpl@UIEnumConnections@@$1?_GUID_b196b287_bab4_101a_b69c_00aa00341d07@@3U__s_GUID@@BUtagCONNECTDATA@@V?$_Copy@UtagCONNECTDATA@@@ATL@@@ATL@@QEAAJPEAUtagCONNECTDATA@@0PEAUIUnknown@@W4CComEnumFlags@2@@Z 000000018000992c f i RemoteOrderDisplay.obj
 0001:00008a50       ?IsEqualObject@?$CComPtrBase@UIOleClientSite@@@ATL@@QEAA_NPEAUIUnknown@@@Z 0000000180009a50 f i RemoteOrderDisplay.obj
 0001:00008adc       ?LoadNameCache@CComTypeInfoHolder@ATL@@QEAAJPEAUITypeInfo@@@Z 0000000180009adc f i RemoteOrderDisplay.obj
 0001:00008c5c       ?Lookup@?$CSimpleMap@PEA_WPEA_WVCExpansionVectorEqualHelper@ATL@@@ATL@@QEBAPEA_WAEBQEA_W@Z 0000000180009c5c f i RemoteOrderDisplay.obj
 0001:00008ce4       ?NextToken@CRegParser@ATL@@IEAAJPEA_W@Z 0000000180009ce4 f i RemoteOrderDisplay.obj
 0001:00008e9c       ?OnKillFocus@CComControlBase@ATL@@QEAA_JI_K_JAEAH@Z 0000000180009e9c f i RemoteOrderDisplay.obj
 0001:00008f38       ?OnMouseActivate@CComControlBase@ATL@@QEAA_JI_K_JAEAH@Z 0000000180009f38 f i RemoteOrderDisplay.obj
 0001:00008fd8       ?OnPaint@CComControlBase@ATL@@QEAA_JI_K_JAEAH@Z 0000000180009fd8 f i RemoteOrderDisplay.obj
 0001:000090c4       ?OnSetFocus@CComControlBase@ATL@@QEAA_JI_K_JAEAH@Z 000000018000a0c4 f i RemoteOrderDisplay.obj
 0001:000091c0       ?PreProcessBuffer@CRegParser@ATL@@QEAAJPEA_WPEAPEA_W@Z 000000018000a1c0 f i RemoteOrderDisplay.obj
 0001:0000954c       ?ProcessWindowMessage@?$CComControl@VCOPOSRemoteOrderDisplay@@V?$CWindowImpl@VCOPOSRemoteOrderDisplay@@VCWindow@ATL@@V?$CWinTraits@$0FGAAAAAA@$0A@@3@@ATL@@@ATL@@UEAAHPEAUHWND__@@I_K_JAEA_JK@Z 000000018000a54c f i RemoteOrderDisplay.obj
 0001:00009630       ?ReadFromStream@CComBSTR@ATL@@QEAAJPEAUIStream@@@Z 000000018000a630 f i RemoteOrderDisplay.obj
 0001:00009780       ?ReadFromStream@CComVariant@ATL@@QEAAJPEAUIStream@@GTClassesAllowedInStream@2@K@Z 000000018000a780 f i RemoteOrderDisplay.obj
 0001:000099a4       ?RecurseDeleteKey@CRegKey@ATL@@QEAAJPEB_W@Z 000000018000a9a4 f i RemoteOrderDisplay.obj
 0001:00009afc       ?RegCreateKeyExW@CAtlTransactionManager@ATL@@QEAAJPEAUHKEY__@@PEB_WKPEA_WKKQEAU_SECURITY_ATTRIBUTES@@PEAPEAU3@PEAK@Z 000000018000aafc f i RemoteOrderDisplay.obj
 0001:00009c30       ?RegDeleteKeyW@CAtlTransactionManager@ATL@@QEAAJPEAUHKEY__@@PEB_W@Z 000000018000ac30 f i RemoteOrderDisplay.obj
 0001:00009cbc       ?RegOpenKeyExW@CAtlTransactionManager@ATL@@QEAAJPEAUHKEY__@@PEB_WKKPEAPEAU3@@Z 000000018000acbc f i RemoteOrderDisplay.obj
 0001:00009d74       ?RegisterBuffer@CRegParser@ATL@@QEAAJPEA_WH@Z 000000018000ad74 f i RemoteOrderDisplay.obj
 0001:00009edc       ?RegisterFromResource@CRegObject@ATL@@IEAAJPEB_W00H@Z 000000018000aedc f i RemoteOrderDisplay.obj
 0001:0000a098       ?RegisterServer@CComModule@ATL@@QEAAJHPEBU_GUID@@@Z 000000018000b098 f i RemoteOrderDisplay.obj
 0001:0000a158       ?RegisterSubkeys@CRegParser@ATL@@IEAAJPEA_WPEAUHKEY__@@HH@Z 000000018000b158 f i RemoteOrderDisplay.obj
 0001:0000a9c4       ?SendOnDataChange@CComControlBase@ATL@@QEAAJK@Z 000000018000b9c4 f i RemoteOrderDisplay.obj
 0001:0000aa34       ?SetControlFocus@CComControlBase@ATL@@QEAAHH@Z 000000018000ba34 f i RemoteOrderDisplay.obj
 0001:0000ab10       ?SkipAssignment@CRegParser@ATL@@IEAAJPEA_W@Z 000000018000bb10 f i RemoteOrderDisplay.obj
 0001:0000abb4       ?Term@CAtlModule@ATL@@QEAAXXZ 000000018000bbb4 f i RemoteOrderDisplay.obj
 0001:0000ac34       ?Term@CComModule@ATL@@QEAAXXZ 000000018000bc34 f i RemoteOrderDisplay.obj
 0001:0000acb0       ?UnregisterServer@CComModule@ATL@@QEAAJHPEBU_GUID@@@Z 000000018000bcb0 f i RemoteOrderDisplay.obj
 0001:0000ad60       ?UpdateRegistryFromResource@CAtlModule@ATL@@QEAAJIHPEAU_ATL_REGMAP_ENTRY@2@@Z 000000018000bd60 f i RemoteOrderDisplay.obj
 0001:0000b06c       ?UpdateRegistryFromResource@CAtlModule@ATL@@QEAAJPEB_WHPEAU_ATL_REGMAP_ENTRY@2@@Z 000000018000c06c f i RemoteOrderDisplay.obj
 0001:0000b390       ?VTFromRegType@CRegParser@ATL@@KAHPEB_WAEAG@Z 000000018000c390 f i RemoteOrderDisplay.obj
 0001:0000b42c       ?WindowProc@?$CWindowImplBaseT@VCWindow@ATL@@V?$CWinTraits@$0FGAAAAAA@$0A@@2@@ATL@@SA_JPEAUHWND__@@I_K_J@Z 000000018000c42c f i RemoteOrderDisplay.obj
 0001:0000b598       ?WriteToStream@CComVariant@ATL@@QEAAJPEAUIStream@@@Z 000000018000c598 f i RemoteOrderDisplay.obj
 0001:0000b814       ?WriteToStream@CComVariant@ATL@@QEAAJPEAUIStream@@G@Z 000000018000c814 f i RemoteOrderDisplay.obj
 0001:0000b8ac       ?_AtlVerifyStackAvailable@_ATL_SAFE_ALLOCA_IMPL@ATL@@YA_N_K@Z 000000018000c8ac f i RemoteOrderDisplay.obj
 0001:0000b930       ?atlCreate@?$CWindowImpl@VCOPOSRemoteOrderDisplay@@VCWindow@ATL@@V?$CWinTraits@$0FGAAAAAA@$0A@@3@@ATL@@QEAAPEAUHWND__@@PEAU3@V_U_RECT@2@PEB_WKKV_U_MENUorID@2@PEAX@Z 000000018000c930 f i RemoteOrderDisplay.obj
 0001:0000b9e4       ?atlCreate@?$CWindowImplBaseT@VCWindow@ATL@@V?$CWinTraits@$0FGAAAAAA@$0A@@2@@ATL@@QEAAPEAUHWND__@@PEAU3@V_U_RECT@2@PEB_WKKV_U_MENUorID@2@GPEAX@Z 000000018000c9e4 f i RemoteOrderDisplay.obj
 0001:0000bb54       ?ocscpy_s@@YA_NPEA_W_KPEB_W@Z 000000018000cb54 f i RemoteOrderDisplay.obj
 0001:0000bc04       DllCanUnloadNow            000000018000cc04 f   RemoteOrderDisplay.obj
 0001:0000bc10       DllGetClassObject          000000018000cc10 f   RemoteOrderDisplay.obj
 0001:0000bc28       DllMain                    000000018000cc28 f   RemoteOrderDisplay.obj
 0001:0000bcd0       DllRegisterServer          000000018000ccd0 f   RemoteOrderDisplay.obj
 0001:0000bce4       DllUnregisterServer        000000018000cce4 f   RemoteOrderDisplay.obj
 0001:0000bcf8       __local_stdio_printf_options 000000018000ccf8 f i RemoteOrderDisplay.obj
 0001:0000bd00       swprintf_s                 000000018000cd00 f i RemoteOrderDisplay.obj
 0001:0000bd54       ??0COPOSRemoteOrderDisplay@@QEAA@XZ 000000018000cd54 f   RemoteOrderDisplayImpl.obj
 0001:0000be24       ??1?$IConnectionPointImpl@VCOPOSRemoteOrderDisplay@@$1?DIID__IOPOSRemoteOrderDisplayEvents@@3U_GUID@@BVCComDynamicUnkArray@ATL@@@ATL@@QEAA@XZ 000000018000ce24 f i RemoteOrderDisplayImpl.obj
 0001:0000be24       ??1?$IConnectionPointImpl@VCOPOSRemoteOrderDisplay@@$1?IID_IPropertyNotifySink@@3U_GUID@@BVCComDynamicUnkArray@ATL@@@ATL@@QEAA@XZ 000000018000ce24 f i RemoteOrderDisplayImpl.obj
 0001:0000be80       ??1CComControlBase@ATL@@UEAA@XZ 000000018000ce80 f i RemoteOrderDisplayImpl.obj
 0001:0000befc       ??1COPOSRemoteOrderDisplay@@UEAA@XZ 000000018000cefc f   RemoteOrderDisplayImpl.obj
 0001:0000bf60       ?CheckHealth@COPOSRemoteOrderDisplay@@UEAAJJPEAJ@Z 000000018000cf60 f   RemoteOrderDisplayImpl.obj
 0001:0000bfdc       ?ClaimDevice@COPOSRemoteOrderDisplay@@UEAAJJPEAJ@Z 000000018000cfdc f   RemoteOrderDisplayImpl.obj
 0001:0000c07c       ?ClearInput@COPOSRemoteOrderDisplay@@UEAAJPEAJ@Z 000000018000d07c f   RemoteOrderDisplayImpl.obj
 0001:0000c0a4       ?ClearOutput@COPOSRemoteOrderDisplay@@UEAAJPEAJ@Z 000000018000d0a4 f   RemoteOrderDisplayImpl.obj
 0001:0000c0cc       ?ClearVideo@COPOSRemoteOrderDisplay@@UEAAJJJPEAJ@Z 000000018000d0cc f   RemoteOrderDisplayImpl.obj
 0001:0000c198       ?ClearVideoRegion@COPOSRemoteOrderDisplay@@UEAAJJJJJJJPEAJ@Z 000000018000d198 f   RemoteOrderDisplayImpl.obj
 0001:0000c2bc       ?Close@COPOSRemoteOrderDisplay@@UEAAJPEAJ@Z 000000018000d2bc f   RemoteOrderDisplayImpl.obj
 0001:0000c374       ?CompareFirmwareVersion@COPOSRemoteOrderDisplay@@UEAAJPEA_WPEAJ1@Z 000000018000d374 f   RemoteOrderDisplayImpl.obj
 0001:0000c450       ?ControlClock@COPOSRemoteOrderDisplay@@UEAAJJJJJJJJJJJPEAJ@Z 000000018000d450 f   RemoteOrderDisplayImpl.obj
 0001:0000c5a8       ?ControlCursor@COPOSRemoteOrderDisplay@@UEAAJJJPEAJ@Z 000000018000d5a8 f   RemoteOrderDisplayImpl.obj
 0001:0000c674       ?CopyVideoRegion@COPOSRemoteOrderDisplay@@UEAAJJJJJJJJPEAJ@Z 000000018000d674 f   RemoteOrderDisplayImpl.obj
 0001:0000c7ac       ?DirectIO@COPOSRemoteOrderDisplay@@UEAAJJPEAJPEAPEA_W0@Z 000000018000d7ac f   RemoteOrderDisplayImpl.obj
 0001:0000c8a8       ?DisplayData@COPOSRemoteOrderDisplay@@UEAAJJJJJPEA_WPEAJ@Z 000000018000d8a8 f   RemoteOrderDisplayImpl.obj
 0001:0000c9b8       ?DoInvoke@COPOSRemoteOrderDisplay@@IEAAJJPEAVOposVariant@@IHPEAJ_N@Z 000000018000d9b8 f   RemoteOrderDisplayImpl.obj
 0001:0000caec       ?DrawBox@COPOSRemoteOrderDisplay@@UEAAJJJJJJJJPEAJ@Z 000000018000daec f   RemoteOrderDisplayImpl.obj
 0001:0000cc24       ?EventInit@COPOSRemoteOrderDisplay@@IEAAJXZ 000000018000dc24 f i RemoteOrderDisplayImpl.obj
 0001:0000cd6c       ?EventUninit@COPOSRemoteOrderDisplay@@IEAAXXZ 000000018000dd6c f i RemoteOrderDisplayImpl.obj
 0001:0000cdd0       ?EventWindowProc@COPOSRemoteOrderDisplay@@IEAA_JI_K_J@Z 000000018000ddd0 f i RemoteOrderDisplayImpl.obj
 0001:0000cf94       ?FinalConstruct@COPOSRemoteOrderDisplay@@QEAAJXZ 000000018000df94 f   RemoteOrderDisplayImpl.obj
 0001:0000cfd0       ?FreeVideoRegion@COPOSRemoteOrderDisplay@@UEAAJJJPEAJ@Z 000000018000dfd0 f   RemoteOrderDisplayImpl.obj
 0001:0000d09c       ?FreezeEvents@COPOSRemoteOrderDisplay@@MEAAJH@Z 000000018000e09c f   RemoteOrderDisplayImpl.obj
 0001:0000d110       ?GetOposProp@COPOSRemoteOrderDisplay@@IEAAJJPEAJJ@Z 000000018000e110 f   RemoteOrderDisplayImpl.obj
 0001:0000d22c       ?GetOposProp@COPOSRemoteOrderDisplay@@IEAAJJPEAPEA_WJ@Z 000000018000e22c f   RemoteOrderDisplayImpl.obj
 0001:0000d358       ?OnDraw@COPOSRemoteOrderDisplay@@MEAAJAEAUATL_DRAWINFO@@@Z 000000018000e358 f   RemoteOrderDisplayImpl.obj
 0001:0000d444       ?Open@COPOSRemoteOrderDisplay@@UEAAJPEA_WPEAJ@Z 000000018000e444 f   RemoteOrderDisplayImpl.obj
 0001:0000dcd0       ?ReleaseDevice@COPOSRemoteOrderDisplay@@UEAAJPEAJ@Z 000000018000ecd0 f   RemoteOrderDisplayImpl.obj
 0001:0000dd3c       ?ResetStatistics@COPOSRemoteOrderDisplay@@UEAAJPEA_WPEAJ@Z 000000018000ed3c f   RemoteOrderDisplayImpl.obj
 0001:0000ddc4       ?ResetVideo@COPOSRemoteOrderDisplay@@UEAAJJPEAJ@Z 000000018000edc4 f   RemoteOrderDisplayImpl.obj
 0001:0000de40       ?RestoreVideoRegion@COPOSRemoteOrderDisplay@@UEAAJJJJJPEAJ@Z 000000018000ee40 f   RemoteOrderDisplayImpl.obj
 0001:0000df3c       ?RetrieveStatistics@COPOSRemoteOrderDisplay@@UEAAJPEAPEA_WPEAJ@Z 000000018000ef3c f   RemoteOrderDisplayImpl.obj
 0001:0000dfc4       ?SOProcessID@COPOSRemoteOrderDisplay@@UEAAJPEAJ@Z 000000018000efc4 f   RemoteOrderDisplayImpl.obj
 0001:0000dfe0       ?SaveVideoRegion@COPOSRemoteOrderDisplay@@UEAAJJJJJJJPEAJ@Z 000000018000efe0 f   RemoteOrderDisplayImpl.obj
 0001:0000e104       ?SelectCharacterSet@COPOSRemoteOrderDisplay@@UEAAJJJPEAJ@Z 000000018000f104 f   RemoteOrderDisplayImpl.obj
 0001:0000e1d0       ?SetCOFreezeEvents@COPOSRemoteOrderDisplay@@IEAAXF@Z 000000018000f1d0 f   RemoteOrderDisplayImpl.obj
 0001:0000e2b4       ?SetCursor@COPOSRemoteOrderDisplay@@UEAAJJJJPEAJ@Z 000000018000f2b4 f   RemoteOrderDisplayImpl.obj
 0001:0000e39c       ?SetOposProp@COPOSRemoteOrderDisplay@@IEAAJJJJ@Z 000000018000f39c f   RemoteOrderDisplayImpl.obj
 0001:0000e4fc       ?TransactionDisplay@COPOSRemoteOrderDisplay@@UEAAJJJPEAJ@Z 000000018000f4fc f   RemoteOrderDisplayImpl.obj
 0001:0000e5c8       ?UpdateFirmware@COPOSRemoteOrderDisplay@@UEAAJPEA_WPEAJ@Z 000000018000f5c8 f   RemoteOrderDisplayImpl.obj
 0001:0000e650       ?UpdateStatistics@COPOSRemoteOrderDisplay@@UEAAJPEA_WPEAJ@Z 000000018000f650 f   RemoteOrderDisplayImpl.obj
 0001:0000e6d8       ?UpdateVideoRegionAttribute@COPOSRemoteOrderDisplay@@UEAAJJJJJJJJPEAJ@Z 000000018000f6d8 f   RemoteOrderDisplayImpl.obj
 0001:0000e810       ?VideoSound@COPOSRemoteOrderDisplay@@UEAAJJJJJJPEAJ@Z 000000018000f810 f   RemoteOrderDisplayImpl.obj
 0001:0000e920       ?get_AsyncMode@COPOSRemoteOrderDisplay@@UEAAJPEAF@Z 000000018000f920 f   RemoteOrderDisplayImpl.obj
 0001:0000e954       ?get_AutoToneDuration@COPOSRemoteOrderDisplay@@UEAAJPEAJ@Z 000000018000f954 f   RemoteOrderDisplayImpl.obj
 0001:0000e968       ?get_AutoToneFrequency@COPOSRemoteOrderDisplay@@UEAAJPEAJ@Z 000000018000f968 f   RemoteOrderDisplayImpl.obj
 0001:0000e97c       ?get_BinaryConversion@COPOSRemoteOrderDisplay@@UEAAJPEAJ@Z 000000018000f97c f   RemoteOrderDisplayImpl.obj
 0001:0000e990       ?get_CapCompareFirmwareVersion@COPOSRemoteOrderDisplay@@UEAAJPEAF@Z 000000018000f990 f   RemoteOrderDisplayImpl.obj
 0001:0000e9c4       ?get_CapMapCharacterSet@COPOSRemoteOrderDisplay@@UEAAJPEAF@Z 000000018000f9c4 f   RemoteOrderDisplayImpl.obj
 0001:0000e9f8       ?get_CapPowerReporting@COPOSRemoteOrderDisplay@@UEAAJPEAJ@Z 000000018000f9f8 f   RemoteOrderDisplayImpl.obj
 0001:0000ea0c       ?get_CapSelectCharacterSet@COPOSRemoteOrderDisplay@@UEAAJPEAF@Z 000000018000fa0c f   RemoteOrderDisplayImpl.obj
 0001:0000ea40       ?get_CapStatisticsReporting@COPOSRemoteOrderDisplay@@UEAAJPEAF@Z 000000018000fa40 f   RemoteOrderDisplayImpl.obj
 0001:0000ea74       ?get_CapTone@COPOSRemoteOrderDisplay@@UEAAJPEAF@Z 000000018000fa74 f   RemoteOrderDisplayImpl.obj
 0001:0000eaa8       ?get_CapTouch@COPOSRemoteOrderDisplay@@UEAAJPEAF@Z 000000018000faa8 f   RemoteOrderDisplayImpl.obj
 0001:0000eadc       ?get_CapTransaction@COPOSRemoteOrderDisplay@@UEAAJPEAF@Z 000000018000fadc f   RemoteOrderDisplayImpl.obj
 0001:0000eb10       ?get_CapUpdateFirmware@COPOSRemoteOrderDisplay@@UEAAJPEAF@Z 000000018000fb10 f   RemoteOrderDisplayImpl.obj
 0001:0000eb44       ?get_CapUpdateStatistics@COPOSRemoteOrderDisplay@@UEAAJPEAF@Z 000000018000fb44 f   RemoteOrderDisplayImpl.obj
 0001:0000eb78       ?get_CharacterSet@COPOSRemoteOrderDisplay@@UEAAJPEAJ@Z 000000018000fb78 f   RemoteOrderDisplayImpl.obj
 0001:0000eb8c       ?get_CharacterSetList@COPOSRemoteOrderDisplay@@UEAAJPEAPEA_W@Z 000000018000fb8c f   RemoteOrderDisplayImpl.obj
 0001:0000eba0       ?get_CheckHealthText@COPOSRemoteOrderDisplay@@UEAAJPEAPEA_W@Z 000000018000fba0 f   RemoteOrderDisplayImpl.obj
 0001:0000ebb4       ?get_Claimed@COPOSRemoteOrderDisplay@@UEAAJPEAF@Z 000000018000fbb4 f   RemoteOrderDisplayImpl.obj
 0001:0000ebe8       ?get_Clocks@COPOSRemoteOrderDisplay@@UEAAJPEAJ@Z 000000018000fbe8 f   RemoteOrderDisplayImpl.obj
 0001:0000ebfc       ?get_ControlObjectDescription@COPOSRemoteOrderDisplay@@UEAAJPEAPEA_W@Z 000000018000fbfc f   RemoteOrderDisplayImpl.obj
 0001:0000ec60       ?get_ControlObjectVersion@COPOSRemoteOrderDisplay@@UEAAJPEAJ@Z 000000018000fc60 f   RemoteOrderDisplayImpl.obj
 0001:0000ec6c       ?get_CurrentUnitID@COPOSRemoteOrderDisplay@@UEAAJPEAJ@Z 000000018000fc6c f   RemoteOrderDisplayImpl.obj
 0001:0000ec80       ?get_DataCount@COPOSRemoteOrderDisplay@@UEAAJPEAJ@Z 000000018000fc80 f   RemoteOrderDisplayImpl.obj
 0001:0000ec94       ?get_DataEventEnabled@COPOSRemoteOrderDisplay@@UEAAJPEAF@Z 000000018000fc94 f   RemoteOrderDisplayImpl.obj
 0001:0000ecc8       ?get_DeviceDescription@COPOSRemoteOrderDisplay@@UEAAJPEAPEA_W@Z 000000018000fcc8 f   RemoteOrderDisplayImpl.obj
 0001:0000ecdc       ?get_DeviceEnabled@COPOSRemoteOrderDisplay@@UEAAJPEAF@Z 000000018000fcdc f   RemoteOrderDisplayImpl.obj
 0001:0000ed0c       ?get_DeviceName@COPOSRemoteOrderDisplay@@UEAAJPEAPEA_W@Z 000000018000fd0c f   RemoteOrderDisplayImpl.obj
 0001:0000ed20       ?get_ErrorString@COPOSRemoteOrderDisplay@@UEAAJPEAPEA_W@Z 000000018000fd20 f   RemoteOrderDisplayImpl.obj
 0001:0000ed34       ?get_ErrorUnits@COPOSRemoteOrderDisplay@@UEAAJPEAJ@Z 000000018000fd34 f   RemoteOrderDisplayImpl.obj
 0001:0000ed48       ?get_EventString@COPOSRemoteOrderDisplay@@UEAAJPEAPEA_W@Z 000000018000fd48 f   RemoteOrderDisplayImpl.obj
 0001:0000ed5c       ?get_EventType@COPOSRemoteOrderDisplay@@UEAAJPEAJ@Z 000000018000fd5c f   RemoteOrderDisplayImpl.obj
 0001:0000ed70       ?get_EventUnitID@COPOSRemoteOrderDisplay@@UEAAJPEAJ@Z 000000018000fd70 f   RemoteOrderDisplayImpl.obj
 0001:0000ed84       ?get_EventUnits@COPOSRemoteOrderDisplay@@UEAAJPEAJ@Z 000000018000fd84 f   RemoteOrderDisplayImpl.obj
 0001:0000ed98       ?get_FreezeEvents@COPOSRemoteOrderDisplay@@UEAAJPEAF@Z 000000018000fd98 f   RemoteOrderDisplayImpl.obj
 0001:0000edc8       ?get_MapCharacterSet@COPOSRemoteOrderDisplay@@UEAAJPEAF@Z 000000018000fdc8 f   RemoteOrderDisplayImpl.obj
 0001:0000edfc       ?get_OpenResult@COPOSRemoteOrderDisplay@@UEAAJPEAJ@Z 000000018000fdfc f   RemoteOrderDisplayImpl.obj
 0001:0000ee08       ?get_OutputID@COPOSRemoteOrderDisplay@@UEAAJPEAJ@Z 000000018000fe08 f   RemoteOrderDisplayImpl.obj
 0001:0000ee1c       ?get_PowerNotify@COPOSRemoteOrderDisplay@@UEAAJPEAJ@Z 000000018000fe1c f   RemoteOrderDisplayImpl.obj
 0001:0000ee30       ?get_PowerState@COPOSRemoteOrderDisplay@@UEAAJPEAJ@Z 000000018000fe30 f   RemoteOrderDisplayImpl.obj
 0001:0000ee44       ?get_ResultCode@COPOSRemoteOrderDisplay@@UEAAJPEAJ@Z 000000018000fe44 f   RemoteOrderDisplayImpl.obj
 0001:0000ee80       ?get_ResultCodeExtended@COPOSRemoteOrderDisplay@@UEAAJPEAJ@Z 000000018000fe80 f   RemoteOrderDisplayImpl.obj
 0001:0000ee94       ?get_ServiceObjectDescription@COPOSRemoteOrderDisplay@@UEAAJPEAPEA_W@Z 000000018000fe94 f   RemoteOrderDisplayImpl.obj
 0001:0000eea8       ?get_ServiceObjectVersion@COPOSRemoteOrderDisplay@@UEAAJPEAJ@Z 000000018000fea8 f   RemoteOrderDisplayImpl.obj
 0001:0000eebc       ?get_State@COPOSRemoteOrderDisplay@@UEAAJPEAJ@Z 000000018000febc f   RemoteOrderDisplayImpl.obj
 0001:0000eee8       ?get_SystemClocks@COPOSRemoteOrderDisplay@@UEAAJPEAJ@Z 000000018000fee8 f   RemoteOrderDisplayImpl.obj
 0001:0000eefc       ?get_SystemVideoSaveBuffers@COPOSRemoteOrderDisplay@@UEAAJPEAJ@Z 000000018000fefc f   RemoteOrderDisplayImpl.obj
 0001:0000ef10       ?get_Timeout@COPOSRemoteOrderDisplay@@UEAAJPEAJ@Z 000000018000ff10 f   RemoteOrderDisplayImpl.obj
 0001:0000ef24       ?get_UnitsOnline@COPOSRemoteOrderDisplay@@UEAAJPEAJ@Z 000000018000ff24 f   RemoteOrderDisplayImpl.obj
 0001:0000ef38       ?get_VideoDataCount@COPOSRemoteOrderDisplay@@UEAAJPEAJ@Z 000000018000ff38 f   RemoteOrderDisplayImpl.obj
 0001:0000ef4c       ?get_VideoMode@COPOSRemoteOrderDisplay@@UEAAJPEAJ@Z 000000018000ff4c f   RemoteOrderDisplayImpl.obj
[...]
 0002:0000ca30       $xdatasym                  0000000180030a30     libucrt:strncmp.obj
 0002:0000ca34       $unwind$?construct_ptd_array@@YAXQEAU__acrt_ptd@@@Z 0000000180030a34     libucrt:per_thread_data.obj
 0002:0000ca3c       $unwind$?destroy_ptd_array@@YAXQEAU__acrt_ptd@@@Z 0000000180030a3c     libucrt:per_thread_data.obj
 0002:0000ca44       $unwind$??$?RV<lambda_0ae27a3a962d80f24befdcbee591983d>@@AEAV<lambda_8d0ee55de4b1038c4002e0adecdf1839>@@V<lambda_dc504788e8f1664fe9b84e20bfb512f2>@@@?$__crt_seh_guarded_call@X@@QEAAX$$QEAV<lambda_0ae27a3a962d80f24befdcbee591983d>@@AEAV<lambda_8d0ee55de4b1038c4002e0adecdf1839>@@$$QEAV<lambda_dc504788e8f1664fe9b84e20bfb512f2>@@@Z 0000000180030a44     libucrt:per_thread_data.obj
 0002:0000ca68       $unwind$??$?RV<lambda_aa87e3671a710a21b5dc78c0bdf72e11>@@AEAV<lambda_92619d2358a28f41a33ba319515a20b9>@@V<lambda_6992ecaafeb10aed2b74cb1fae11a551>@@@?$__crt_seh_guarded_call@X@@QEAAX$$QEAV<lambda_aa87e3671a710a21b5dc78c0bdf72e11>@@AEAV<lambda_92619d2358a28f41a33ba319515a20b9>@@$$QEAV<lambda_6992ecaafeb10aed2b74cb1fae11a551>@@@Z 0000000180030a68     libucrt:per_thread_data.obj
 0002:0000ca8c       $unwind$??$?RV<lambda_f2e299630e499de9f9a165e60fcd3db5>@@AEAV<lambda_2ae9d31cdba2644fcbeaf08da7c24588>@@V<lambda_40d01ff24d0e7b3814fdbdcee8eab3c7>@@@?$__crt_seh_guarded_call@X@@QEAAX$$QEAV<lambda_f2e299630e499de9f9a165e60fcd3db5>@@AEAV<lambda_2ae9d31cdba2644fcbeaf08da7c24588>@@$$QEAV<lambda_40d01ff24d0e7b3814fdbdcee8eab3c7>@@@Z 0000000180030a8c     libucrt:per_thread_data.obj
 0002:0000cab0       $unwind$??$?RV<lambda_2d41944a1d46af3157314b8a01080d33>@@AEAV<lambda_8f455de75cd7d7f24b4096f044d8b9e6>@@V<lambda_aa500f224e6afead328df44964fe2772>@@@?$__crt_seh_guarded_call@X@@QEAAX$$QEAV<lambda_2d41944a1d46af3157314b8a01080d33>@@AEAV<lambda_8f455de75cd7d7f24b4096f044d8b9e6>@@$$QEAV<lambda_aa500f224e6afead328df44964fe2772>@@@Z 0000000180030ab0     libucrt:per_thread_data.obj
 0002:0000cad4       $unwind$__acrt_initialize_winapi_thunks 0000000180030ad4     libucrt:winapi_thunks.obj
 0002:0000cadc       $unwind$__acrt_fp_format   0000000180030adc     libucrt:cvt.obj
 0002:0000caf4       $unwind$?fp_format_e_internal@@YAHQEAD_KH_NIQEAU_strflt@@2QEAU__crt_locale_pointers@@@Z 0000000180030af4     libucrt:cvt.obj
 0002:0000cb0c       $unwind$?fp_format_a@@YAHQEBNPEAD_KQEAD2H_NIQEAU__crt_locale_pointers@@W4__acrt_rounding_mode@@@Z 0000000180030b0c     libucrt:cvt.obj
 0002:0000cb28       $unwind$?fp_format_g@@YAHQEBNQEAD_K12H_NIQEAU__crt_locale_pointers@@@Z 0000000180030b28     libucrt:cvt.obj
 0002:0000cb3c       $unwind$__acrt_uninitialize_locale 0000000180030b3c     libucrt:wsetlocale.obj
 0002:0000cb3c       $unwind$__acrt_get_sigabrt_handler 0000000180030b3c     libucrt:signal.obj
 0002:0000cb44       $unwind$??$?RV<lambda_410d79af7f07d98d83a3f525b3859a53>@@AEAV<lambda_3e16ef9562a7dcce91392c22ab16ea36>@@V<lambda_38119f0e861e05405d8a144b9b982f0a>@@@?$__crt_seh_guarded_call@X@@QEAAX$$QEAV<lambda_410d79af7f07d98d83a3f525b3859a53>@@AEAV<lambda_3e16ef9562a7dcce91392c22ab16ea36>@@$$QEAV<lambda_38119f0e861e05405d8a144b9b982f0a>@@@Z 0000000180030b44     libucrt:wsetlocale.obj
 0002:0000cb6c       $unwind$__acrt_initialize_lowio 0000000180030b6c     libucrt:ioinit.obj
 0002:0000cb8c       $unwind$??$common_expand_argv_wildcards@D@@YAHQEAPEADQEAPEAPEAD@Z 0000000180030b8c     libucrt:argv_wildcards.obj
 0002:0000cba4       $unwind$??$copy_and_add_argument_to_buffer@D@@YAHQEBD0_KAEAV?$argument_list@D@?A0x5f5c8891@@@Z 0000000180030ba4     libucrt:argv_wildcards.obj
 0002:0000cbc0       $unwind$??$expand_argument_wildcards@D@@YAHQEAD0AEAV?$argument_list@D@?A0x5f5c8891@@@Z 0000000180030bc0     libucrt:argv_wildcards.obj
 0002:0000cbe4       $unwind$__acrt_GetModuleFileNameA 0000000180030be4     libucrt:getmodulefilenamea.obj
 0002:0000cc00       $unwind$_setmbcp_nolock    0000000180030c00     libucrt:mbctype.obj
 0002:0000cc20       $unwind$?update_thread_multibyte_data_internal@@YAPEAU__crt_multibyte_data@@QEAU__acrt_ptd@@QEAPEAU1@@Z 0000000180030c20     libucrt:mbctype.obj
 0002:0000cc48       $unwind$?setmbcp_internal@@YAHH_NQEAU__acrt_ptd@@QEAPEAU__crt_multibyte_data@@@Z 0000000180030c48     libucrt:mbctype.obj
 0002:0000cc58       $unwind$?setSBUpLow@@YAXPEAU__crt_multibyte_data@@@Z 0000000180030c58     libucrt:mbctype.obj
 0002:0000cc74       $unwind$??$?RV<lambda_efdfa57d1f175319df784efa44bb7b81>@@AEAV<lambda_5f0a4c1567f8adc6734073e5d1e1b35c>@@V<lambda_2e8a7d3640ea6ccb4c2413664c2db6fd>@@@?$__crt_seh_guarded_call@X@@QEAAX$$QEAV<lambda_efdfa57d1f175319df784efa44bb7b81>@@AEAV<lambda_5f0a4c1567f8adc6734073e5d1e1b35c>@@$$QEAV<lambda_2e8a7d3640ea6ccb4c2413664c2db6fd>@@@Z 0000000180030c74     libucrt:mbctype.obj
 0002:0000cc98       $unwind$__acrt_WideCharToMultiByte 0000000180030c98     libucrt:widechartomultibyte.obj
 0002:0000cca4       $unwind$raise              0000000180030ca4     libucrt:signal.obj
 0002:0000cce0       $unwind$??$?RV<lambda_450d765d439847d4c735a33c368b5fc0>@@AEAV<lambda_44731a7d0e6d81c3e6aa82d741081786>@@V<lambda_601a2a7da3b7a96e9554ac7215c4b07c>@@@?$__crt_seh_guarded_call@P6AXH@Z@@QEAAP6AXH@Z$$QEAV<lambda_450d765d439847d4c735a33c368b5fc0>@@AEAV<lambda_44731a7d0e6d81c3e6aa82d741081786>@@$$QEAV<lambda_601a2a7da3b7a96e9554ac7215c4b07c>@@@Z 0000000180030ce0     libucrt:signal.obj
 0002:0000cd04       $unwind$?common_flush_all@@YAH_N@Z 0000000180030d04     libucrt:fflush.obj
 0002:0000cd0c       $unwind$??$?RV<lambda_842d9ff0dc9ef11c61343bbaebe7f885>@@AEAV<lambda_c5860995281e5c4ce005b3de8f5874ee>@@V<lambda_d90129c13df834fdcbf8d2b88dafcf2d>@@@?$__crt_seh_guarded_call@X@@QEAAX$$QEAV<lambda_842d9ff0dc9ef11c61343bbaebe7f885>@@AEAV<lambda_c5860995281e5c4ce005b3de8f5874ee>@@$$QEAV<lambda_d90129c13df834fdcbf8d2b88dafcf2d>@@@Z 0000000180030d0c     libucrt:fflush.obj
 0002:0000cd30       $unwind$??$?RV<lambda_886d6c58226a84441f68b9f2b8217b83>@@AEAV<lambda_ab61a845afdef5b7c387490eaf3616ee>@@V<lambda_f7f22ab5edc0698d5f6905b0d3f44752>@@@?$__crt_seh_guarded_call@X@@QEAAX$$QEAV<lambda_886d6c58226a84441f68b9f2b8217b83>@@AEAV<lambda_ab61a845afdef5b7c387490eaf3616ee>@@$$QEAV<lambda_f7f22ab5edc0698d5f6905b0d3f44752>@@@Z 0000000180030d30     libucrt:fflush.obj
 0002:0000cd58       $unwind$__acrt_update_thread_locale_data 0000000180030d58     libucrt:locale_refcounting.obj
 0002:0000cd7c       $unwind$?__mbrtowc_utf8@__crt_mbstring@@YA_KPEA_WPEBD_KPEAU_Mbstatet@@@Z 0000000180030d7c     libucrt:mbrtowc.obj
 0002:0000cd84       $unwind$?__mbsrtowcs_utf8@__crt_mbstring@@YA_KPEA_WPEAPEBD_KPEAU_Mbstatet@@@Z 0000000180030d84     libucrt:mbrtowc.obj
 0002:0000cd9c       $unwind$__acrt_fltout      0000000180030d9c     libucrt:cfout.obj
 0002:0000cdbc       $unwind$?divide@__crt_strtox@@YA_KAEAUbig_integer@1@AEBU21@@Z 0000000180030dbc     libucrt:cfout.obj
 0002:0000cdd4       $chain$0$?divide@__crt_strtox@@YA_KAEAUbig_integer@1@AEBU21@@Z 0000000180030dd4     libucrt:cfout.obj
 0002:0000cde8       $chain$1$?divide@__crt_strtox@@YA_KAEAUbig_integer@1@AEBU21@@Z 0000000180030de8     libucrt:cfout.obj
 0002:0000cdf8       $unwind$_fcloseall         0000000180030df8     libucrt:closeall.obj
 0002:0000ce1c       $unwind$__acrt_locale_free_monetary 0000000180030e1c     libucrt:initmon.obj
 0002:0000ce24       $unwind$__acrt_locale_free_time 0000000180030e24     libucrt:inittime.obj
 0002:0000ce34       $unwind$__acrt_GetStringTypeA 0000000180030e34     libucrt:getstringtypea.obj
 0002:0000ce5c       $unwind$__acrt_lowio_destroy_handle_array 0000000180030e5c     libucrt:osfinfo.obj
 0002:0000ce6c       $unwind$__acrt_lowio_ensure_fh_exists 0000000180030e6c     libucrt:osfinfo.obj
 0002:0000ce98       $unwind$qsort              0000000180030e98     libucrt:qsort.obj
 0002:0000ceb0       $chain$4$qsort             0000000180030eb0     libucrt:qsort.obj
 0002:0000ced4       $chain$5$qsort             0000000180030ed4     libucrt:qsort.obj
 0002:0000cee4       $unwind$strpbrk            0000000180030ee4     libucrt:strpbrk.obj
 0002:0000cef4       $unwind$fallbackMethod     0000000180030ef4     libucrt:strpbrk.obj
 0002:0000cf04       $unwind$__acrt_LCMapStringA 0000000180030f04     libucrt:lcmapstringa.obj
 0002:0000cf14       $unwind$?__acrt_LCMapStringA_stat@@YAHPEAU__crt_locale_pointers@@PEB_WKPEBDHPEADHHH@Z 0000000180030f14     libucrt:lcmapstringa.obj
 0002:0000cf3c       $unwind$_close             0000000180030f3c     libucrt:close.obj
 0002:0000cf3c       $unwind$_commit            0000000180030f3c     libucrt:commit.obj
 0002:0000cf44       $unwind$??$?RV<lambda_a37b2b86f63e897a80ea819b0eb08c01>@@AEAV<lambda_38ce7e780aa69e748d6df282ebc68efe>@@V<lambda_99fb1378e971ab6e7edea83e3a7a83a2>@@@?$__crt_seh_guarded_call@H@@QEAAH$$QEAV<lambda_a37b2b86f63e897a80ea819b0eb08c01>@@AEAV<lambda_38ce7e780aa69e748d6df282ebc68efe>@@$$QEAV<lambda_99fb1378e971ab6e7edea83e3a7a83a2>@@@Z 0000000180030f44     libucrt:commit.obj
 0002:0000cf68       $unwind$_write             0000000180030f68     libucrt:write.obj
 0002:0000cf98       $unwind$_write_nolock      0000000180030f98     libucrt:write.obj
 0002:0000cfb0       $unwind$?write_double_translated_ansi_nolock@@YA?AUwrite_result@?A0x17268360@@HQEBDI@Z 0000000180030fb0     libucrt:write.obj
 0002:0000cfd4       $unwind$?write_text_ansi_nolock@@YA?AUwrite_result@?A0x17268360@@HQEBDI@Z 0000000180030fd4     libucrt:write.obj
 0002:0000cfd4       $unwind$?write_text_utf16le_nolock@@YA?AUwrite_result@?A0x17268360@@HQEBDI@Z 0000000180030fd4     libucrt:write.obj
 0002:0000cff4       $unwind$?write_text_utf8_nolock@@YA?AUwrite_result@?A0x17268360@@HQEBDI@Z 0000000180030ff4     libucrt:write.obj
 0002:0000d018       $xdatasym                  0000000180031018     libucrt:log10.obj
 0002:0000d024       $unwind$__acrt_fenv_set_control 0000000180031024     libucrt:_fenvutils.obj
 0002:0000d034       $unwind$fclose             0000000180031034     libucrt:fclose.obj
 0002:0000d058       $unwind$_putwch_nolock     0000000180031058     libucrt:putwch.obj
 0002:0000d060       $unwind$common_control87   0000000180031060     libucrt:ieee.obj
 0002:0000d08c       $unwind$_call_matherr      000000018003108c     libucrt:libm_error.obj
 0002:0000d094       $unwind$_handle_error      0000000180031094     libucrt:libm_error.obj
 0002:0000d0b4       $unwind$__acrt_initialize_fma3 00000001800310b4     libucrt:fma3_available.obj
 0002:0000d0bc       $unwind$_log_special_common 00000001800310bc     libucrt:log_special.obj
 0002:0000d0c8       $unwind$??$?RV<lambda_751a882b2c74d4b022dec766aa51a29a>@@AEAV<lambda_628dfdc04ba53c8bfc02c9951375f3f5>@@V<lambda_f6c7be5f7998530c34de24c7437d6b54>@@@?$__crt_seh_guarded_call@H@@QEAAH$$QEAV<lambda_751a882b2c74d4b022dec766aa51a29a>@@AEAV<lambda_628dfdc04ba53c8bfc02c9951375f3f5>@@$$QEAV<lambda_f6c7be5f7998530c34de24c7437d6b54>@@@Z 00000001800310c8     libucrt:close.obj
 0002:0000d0f0       $xdatasym                  00000001800310f0     libucrt:fpsr.obj
 0002:0000d0f8       $unwind$_raise_exc_ex      00000001800310f8     libucrt:fpexcept.obj
 0002:0000d10c       $unwind$_ctrlfp            000000018003110c     libucrt:fpctrl.obj
 0002:0000d134       $unwind$_IsNonwritableInCurrentImage 0000000180031134     LIBCMT:pesect.obj
 0002:0000d2c0       .edata                     00000001800312c0     OPOSRemoteOrderDisplay.exp
 0002:0000d2e8       rgpv                       00000001800312e8     OPOSRemoteOrderDisplay.exp
 0002:0000d2f8       rgszName                   00000001800312f8     OPOSRemoteOrderDisplay.exp
 0002:0000d308       rgwOrd                     0000000180031308     OPOSRemoteOrderDisplay.exp
 0002:0000d310       szName                     0000000180031310     OPOSRemoteOrderDisplay.exp
 0002:0000d32b       $N00001                    000000018003132b     OPOSRemoteOrderDisplay.exp
 0002:0000d33b       $N00002                    000000018003133b     OPOSRemoteOrderDisplay.exp
 0002:0000d34d       $N00003                    000000018003134d     OPOSRemoteOrderDisplay.exp
 0002:0000d35f       $N00004                    000000018003135f     OPOSRemoteOrderDisplay.exp
 0002:0000dc8a       .idata$6                   0000000180031c8a     kernel32:KERNEL32.dll
 0002:0000dea2       .idata$6                   0000000180031ea2     user32:USER32.dll
 0002:0000dfd6       .idata$6                   0000000180031fd6     gdi32:GDI32.dll
 0002:0000e07c       .idata$6                   000000018003207c     advapi32:ADVAPI32.dll
 0002:0000e198       .idata$6                   0000000180032198     ole32:ole32.dll
 0002:0000e1a2       .idata$6                   00000001800321a2     oleaut32:OLEAUT32.dll
 0003:000001c0       ?ObjectMap@@3PAU_ATL_OBJMAP_ENTRY30@ATL@@A 00000001800331c0     RemoteOrderDisplay.obj
 0003:000002f0       ?s_SOMethodNames@@3PAPEADA 00000001800332f0     RemoteOrderDisplayImpl.obj
 0003:00000408       ?s_RequiredMethodsPerRelease@@3PAHA 0000000180033408     RemoteOrderDisplayImpl.obj
 0003:00000460       ?__vcrt_flsindex@@3KA      0000000180033460     libvcruntime:per_thread_data.obj
 0003:00000470       ?errno_no_memory@@3HA      0000000180033470     libucrt:errno.obj
 0003:00000474       ?doserrno_no_memory@@3KA   0000000180033474     libucrt:errno.obj
 0003:00000480       ?__acrt_flsindex@@3KA      0000000180033480     libucrt:per_thread_data.obj
 0003:00000940       _mbctypes                  0000000180033940     libucrt:mbctype.obj
 0003:00000a50       _mbcasemaps                0000000180033a50     libucrt:mbctype.obj
 0003:00000b50       ?__rgctypeflag@@3PADA      0000000180033b50     libucrt:mbctype.obj
 0003:00000b60       ?__rgcode_page_info@@3PAUcode_page_info@@A 0000000180033b60     libucrt:mbctype.obj
 0003:00000e00       ?dazSupported@?1??common_control87@@9@9 0000000180033e00     libucrt:ieee.obj
 0003:00000e10       ?__dcrt_lowio_console_output_handle@@3PEAXEA 0000000180033e10     libucrt:initcon.obj
 0003:00000e20       ?dazSupported@?1??_ctrlfp@@9@9 0000000180033e20     libucrt:fpctrl.obj
 0003:00001070       ?is_initialized_as_dll@@3_NA 0000000180034070     LIBCMT:utility.obj
 0003:00001071       ?module_local_atexit_table_initialized@@3_NA 0000000180034071     LIBCMT:utility.obj
 0003:00001078       ?module_local_atexit_table@@3U_onexit_table_t@@A 0000000180034078     LIBCMT:utility.obj
 0003:00001090       ?module_local_at_quick_exit_table@@3U_onexit_table_t@@A 0000000180034090     LIBCMT:utility.obj
 0003:000010a8       ?g_tss_cv@@3U_RTL_CONDITION_VARIABLE@@A 00000001800340a8     LIBCMT:thread_safe_statics.obj
 0003:000010b0       ?g_tss_event@@3PEAXEA      00000001800340b0     LIBCMT:thread_safe_statics.obj
 0003:000010b8       ?g_tss_mutex@@3U_RTL_CRITICAL_SECTION@@A 00000001800340b8     LIBCMT:thread_safe_statics.obj
 0003:000010e0       ?g_sleep_condition_variable_cs@@3P6AHPEAU_RTL_CONDITION_VARIABLE@@PEAU_RTL_CRITICAL_SECTION@@K@ZEA 00000001800340e0     LIBCMT:thread_safe_statics.obj
 0003:000010e8       ?g_wake_all_condition_variable@@3P6AXPEAU_RTL_CONDITION_VARIABLE@@@ZEA 00000001800340e8     LIBCMT:thread_safe_statics.obj
 0003:000010f0       GS_ExceptionRecord         00000001800340f0     LIBCMT:gs_report.obj
 0003:00001190       GS_ContextRecord           0000000180034190     LIBCMT:gs_report.obj
 0003:00001664       ?__proc_attached@@3HA      0000000180034664     LIBCMT:dll_dllmain.obj
 0003:00001708       ?AllocateData@@3P6APEAUAtlThunkData_t@@XZEA 0000000180034708     atls:atlthunk.obj
 0003:00001710       ?InitData@@3P6AXPEAUAtlThunkData_t@@PEAX_K@ZEA 0000000180034710     atls:atlthunk.obj
 0003:00001718       ?DataToCode@@3P6AP6A_JPEAUHWND__@@I_K_J@ZPEAUAtlThunkData_t@@@ZEA 0000000180034718     atls:atlthunk.obj
 0003:00001720       ?FreeData@@3P6AXPEAUAtlThunkData_t@@@ZEA 0000000180034720     atls:atlthunk.obj
 0003:00001728       ?Initialized@@3_NA         0000000180034728     atls:atlthunk.obj
 0003:00001740       ?__vcrt_startup_thread_ptd@@3U__vcrt_ptd@@A 0000000180034740     libvcruntime:per_thread_data.obj
 0003:000017c0       __vcrt_lock_table          00000001800347c0     libvcruntime:locks.obj
 0003:000017e8       __vcrt_locks_initialized   00000001800347e8     libvcruntime:locks.obj
 0003:00001830       ?heap@@3V_HeapManager@@A   0000000180034830     libvcruntime:undname.obj
 0003:00001858       ?module_handles@@3PAPEAUHINSTANCE__@@A 0000000180034858     libvcruntime:winapi_downlevel.obj
 0003:00001870       ?function_pointers@@3PAPEAXA 0000000180034870     libvcruntime:winapi_downlevel.obj
 0003:00001898       ?__acrt_invalid_parameter_handler@@3V?$dual_state_global@P6AXPEB_W00I_K@Z@__crt_state_management@@A 0000000180034898     libucrt:invalid_parameter.obj
 0003:000018a0       ?c_termination_complete@@3JA 00000001800348a0     libucrt:exit.obj
 0003:000018a8       ?thread_local_exit_callback_func@@3P6AXPEAXK0@ZEA 00000001800348a8     libucrt:exit.obj
 0003:000018c0       ?program_name@?1???$common_configure_argv@D@@YAHW4_crt_argv_mode@@@Z@4PADA 00000001800348c0     libucrt:argv_parsing.obj
 0003:00001a18       ?__acrt_new_handler@@3V?$dual_state_global@P6AH_K@Z@__crt_state_management@@A 0000000180034a18     libucrt:new_handler.obj
 0003:00001a20       ?module_handles@@3PAPEAUHINSTANCE__@@A 0000000180034a20     libucrt:winapi_thunks.obj
 0003:00001ac0       ?encoded_function_pointers@@3PAPEAXA 0000000180034ac0     libucrt:winapi_thunks.obj
 0003:00001bd0       ?internal_state@?1??_mbtowc_l@@9@4U_Mbstatet@@A 0000000180034bd0     libucrt:mbtowc.obj
 0003:00001be8       ?enable_percent_n@@3_KA    0000000180034be8     libucrt:printf_count_output.obj
 0003:00002020       ?__acrt_lock_table@@3PAU_RTL_CRITICAL_SECTION@@A 0000000180035020     libucrt:locks.obj
 0003:00002250       ?__acrt_locks_initialized@@3IA 0000000180035250     libucrt:locks.obj
 0003:00002270       ?fSystemSet@@3HA           0000000180035270     libucrt:mbctype.obj
 0003:00002274       ?initialized@?1??__acrt_initialize_multibyte@@9@4_NA 0000000180035274     libucrt:mbctype.obj
 0003:000022b0       ?ctrlc_action@@3V?$dual_state_global@P6AXH@Z@__crt_state_management@@A 00000001800352b0     libucrt:signal.obj
 0003:000022b8       ?ctrlbreak_action@@3V?$dual_state_global@P6AXH@Z@__crt_state_management@@A 00000001800352b8     libucrt:signal.obj
 0003:000022c0       ?abort_action@@3V?$dual_state_global@P6AXH@Z@__crt_state_management@@A 00000001800352c0     libucrt:signal.obj
 0003:000022c8       ?term_action@@3V?$dual_state_global@P6AXH@Z@__crt_state_management@@A 00000001800352c8     libucrt:signal.obj
 0003:000022d0       ?user_matherr@@3V?$dual_state_global@P6AHPEAU_exception@@@Z@__crt_state_management@@A 00000001800352d0     libucrt:matherr.obj
 0003:000022d8       ?__acrt_global_new_mode@@3V?$dual_state_global@J@__crt_state_management@@A 00000001800352d8     libucrt:new_mode.obj
 0003:000022e8       ?internal_pst@?1??__mbrtoc32_utf8@__crt_mbstring@@YA_KPEA_UPEBD_KPEAU_Mbstatet@@@Z@4U3@A 00000001800352e8     libucrt:mbrtoc32.obj
 0003:000022f0       ?__acrt_app_type@@3W4_crt_app_type@@A 00000001800352f0     libucrt:report_runtime_error.obj
 0005:00000000       MoveSmall                  0000000180038000     libvcruntime:memcpy.obj
 0005:00000050       MsetTab                    0000000180038050     libvcruntime:memset.obj
 0006:00000220       $R000000                   0000000180039220     RemoteOrderDisplay.res
 0006:00000be8       $R0009C8                   0000000180039be8     RemoteOrderDisplay.res
 0006:00000cd0       $R000AB0                   0000000180039cd0     RemoteOrderDisplay.res
 0006:00000f38       $R000D18                   0000000180039f38     RemoteOrderDisplay.res
 0006:000014e0       $R0012C0                   000000018003a4e0     RemoteOrderDisplay.res
 0006:00005708       $R0054E8                   000000018003e708     RemoteOrderDisplay.res
 0006:00005750       $R005530                   000000018003e750     RemoteOrderDisplay.res
