 OPOSScanner

 Timestamp is 5defaae8 (Tue Dec 10 23:25:44 2019)

 Preferred load address is 0000000180000000

 Start         Length     Name                   Class
 0001:00000000 000000c0H .text$di                CODE
 0001:000000c0 0001ff50H .text$mn                CODE
 0001:00020010 00000020H .text$mn$00             CODE
 0001:00020030 00000490H .text$x                 CODE
 0001:000204c0 00000078H .text$yd                CODE
 0002:00000000 00000618H .idata$5                DATA
 0002:00000618 00000010H .00cfg                  DATA
 0002:00000628 00000008H .CRT$XCA                DATA
 0002:00000630 00000008H .CRT$XCL                DATA
 0002:00000638 00000020H .CRT$XCU                DATA
 0002:00000658 00000008H .CRT$XCZ                DATA
 0002:00000660 00000008H .CRT$XIA                DATA
 0002:00000668 00000020H .CRT$XIC                DATA
 0002:00000688 00000008H .CRT$XIZ                DATA
 0002:00000690 00000008H .CRT$XLA                DATA
 0002:00000698 00000008H .CRT$XLZ                DATA
 0002:000006a0 00000008H .CRT$XPA                DATA
 0002:000006a8 00000010H .CRT$XPX                DATA
 0002:000006b8 00000008H .CRT$XPXA               DATA
 0002:000006c0 00000008H .CRT$XPZ                DATA
 0002:000006c8 00000008H .CRT$XTA                DATA
 0002:000006d0 00000010H .CRT$XTZ                DATA
 0002:000006d8 00000000H .gfids$y                DATA
 0002:000006e0 0000a3c8H .rdata                  DATA
 0002:0000aaa8 00000028H .rdata$T                DATA
 0002:0000aad0 00000274H .rdata$r                DATA
 0002:0000ad44 00000404H .rdata$zzzdbg           DATA
 0002:0000b148 00000008H .rtc$IAA                DATA
 0002:0000b150 00000008H .rtc$IZZ                DATA
 0002:0000b158 00000008H .rtc$TAA                DATA
 0002:0000b160 00000008H .rtc$TZZ                DATA
 0002:0000b168 00000004H .tls                    DATA
 0002:0000b16c 00000004H .tls$                   DATA
 0002:0000b170 00000008H .tls$ZZZ                DATA
 0002:0000b178 00001618H .xdata                  DATA
 0002:0000c790 00000150H .xdata$x                DATA
 0002:0000c8e0 00000008H ATL$__a                 DATA
 0002:0000c8e8 00000008H ATL$__z                 DATA
 0002:0000c8f0 000000a8H .edata                  DATA
 0002:0000c998 00000078H .idata$2                DATA
 0002:0000ca10 00000018H .idata$3                DATA
 0002:0000ca28 00000618H .idata$4                DATA
 0002:0000d040 00000c24H .idata$6                DATA
 0003:00000000 00000d78H .data                   DATA
 0003:00000d78 000000c8H .data$r                 DATA
 0003:00000e40 0000140cH .bss                    DATA
 0004:00000000 00001e0cH .pdata                  DATA
 0005:00000000 00000094H _RDATA                  DATA
 0006:00000000 00000220H .rsrc$01                DATA
 0006:00000220 00003c10H .rsrc$02                DATA

  Address         Publics by Value              Rva+Base               Lib:Object

 0000:00000000       __guard_fids_count         0000000000000000     <absolute>
 0000:00000000       __guard_longjmp_count      0000000000000000     <absolute>
 0000:00000000       __guard_longjmp_table      0000000000000000     <absolute>
 0000:00000000       __hybrid_code_map          0000000000000000     <absolute>
 0000:00000000       __guard_iat_count          0000000000000000     <absolute>
 0000:00000000       __guard_iat_table          0000000000000000     <absolute>
 0000:00000000       __volatile_metadata        0000000000000000     <absolute>
 0000:00000000       __hybrid_code_map_count    0000000000000000     <absolute>
 0000:00000000       __enclave_config           0000000000000000     <absolute>
 0000:00000000       ___safe_se_handler_count   0000000000000000     <absolute>
 0000:00000000       __AbsoluteZero             0000000000000000     <absolute>
 0000:00000000       ___safe_se_handler_table   0000000000000000     <absolute>
 0000:00000000       __guard_fids_table         0000000000000000     <absolute>
 0000:00000000       __hybrid_auxiliary_iat     0000000000000000     <absolute>
 0000:00000000       __dynamic_value_reloc_table 0000000000000000     <absolute>
 0000:00000100       __guard_flags              0000000000000100     <absolute>
 0000:00000000       __ImageBase                0000000180000000     <linker-defined>
 0001:000000c0       ?DupWide@_CW@@AEAAXXZ      00000001800010c0 f   CWString.obj
 0001:000000e8       ?cw_dup@@YAXPEBDAEAHAEAPEA_W1@Z 00000001800010e8 f   CWString.obj
 0001:000001c8       ?cw_memcpy@@YAHPEA_WPEBDH@Z 00000001800011c8 f   CWString.obj
 0001:00000214       ?cw_strcpy@@YAHPEA_WPEBD@Z 0000000180001214 f   CWString.obj
 0001:00000228       ??0CAtlComModule@ATL@@QEAA@XZ 0000000180001228 f i OposVariant.obj
 0001:000002a8       ??0CAtlWinModule@ATL@@QEAA@XZ 00000001800012a8 f i OposVariant.obj
 0001:00000314       ??0OposDispParms@@QEAA@PEAVOposVariant@@H@Z 0000000180001314 f   OposVariant.obj
 0001:000003bc       ??1OposDispParms@@QEAA@XZ  00000001800013bc f   OposVariant.obj
 0001:000003d4       ??_Estringdispid@CComTypeInfoHolder@ATL@@QEAAPEAXI@Z 00000001800013d4 f i OposVariant.obj
 0001:00000478       ?AtlWinModuleTerm@ATL@@YAJPEAU_ATL_WIN_MODULE70@1@PEAUHINSTANCE__@@@Z 0000000180001478 f i OposVariant.obj
 0001:00000528       ?ChangeBSTR@OposVariant@@QEAAXPEAPEA_WAEAJ@Z 0000000180001528 f   OposVariant.obj
 0001:00000588       ?ChangeLONG@OposVariant@@QEAAXPEAJAEAJ@Z 0000000180001588 f   OposVariant.obj
 0001:000005e4       ?GetLONG@OposVariant@@QEAAJXZ 00000001800015e4 f   OposVariant.obj
 0001:00000608       ?SetBSTR@OposVariant@@QEAAXPEA_WAEAJ@Z 0000000180001608 f   OposVariant.obj
 0001:00000648       ?SetBSTR_Copy@OposVariant@@QEAAXPEA_WAEAJ@Z 0000000180001648 f   OposVariant.obj
 0001:000006b8       ?SetBSTR_InOutPtr@OposVariant@@QEAA_NPEAPEA_WAEAJ@Z 00000001800016b8 f   OposVariant.obj
 0001:00000708       ?SetDispatch_Ptr@OposVariant@@QEAAXPEAUIDispatch@@AEAJ@Z 0000000180001708 f   OposVariant.obj
 0001:00000760       ?SetLONG@OposVariant@@QEAAXJ@Z 0000000180001760 f   OposVariant.obj
 0001:00000790       ?SetLONG_Ptr@OposVariant@@QEAAXPEAJAEAJ@Z 0000000180001790 f   OposVariant.obj
 0001:000007dc       ?SetString@OposVariant@@QEAAXPEB_WAEAJ@Z 00000001800017dc f   OposVariant.obj
 0001:00000840       ?SetVARIANT_BOOL@OposVariant@@QEAAXF@Z 0000000180001840 f   OposVariant.obj
 0001:00000878       ?Term@CAtlComModule@ATL@@QEAAXXZ 0000000180001878 f i OposVariant.obj
 0001:000008e8       ?_AtlInitializeCriticalSectionEx@ATL@@YAHPEAU_RTL_CRITICAL_SECTION@@KK@Z 00000001800018e8 f i OposVariant.obj
 0001:000008f0       ?_AtlRaiseException@ATL@@YAXKK@Z 00000001800018f0 f i OposVariant.obj
 0001:00000900       ?GetWindowProc@?$CWindowImplBaseT@VCWindow@ATL@@V?$CWinTraits@$0FGAAAAAA@$0A@@2@@ATL@@UEAAP6A_JPEAUHWND__@@I_K_J@ZXZ 0000000180001900 f i Scanner.obj
 0001:00000908       ?StartWindowProc@?$CWindowImplBaseT@VCWindow@ATL@@V?$CWinTraits@$0FGAAAAAA@$0A@@2@@ATL@@SA_JPEAUHWND__@@I_K_J@Z 0000000180001908 f i Scanner.obj
 0001:000009cc       ?OnFinalMessage@?$CWindowImplBaseT@VCWindow@ATL@@V?$CWinTraits@$0FGAAAAAA@$0A@@2@@ATL@@UEAAXPEAUHWND__@@@Z 00000001800019cc f i Scanner.obj
 0001:000009cc       _guard_check_icall_nop     00000001800019cc f i LIBCMT:guard_support.obj
 0001:000009cc       ?ObjectMain@CComObjectRootBase@ATL@@SAX_N@Z 00000001800019cc f i Scanner.obj
 0001:000009d0       ?GetTypeInfoCount@?$IDispatchImpl@UIOPOSScanner@@$1?IID_IOPOSScanner@@3U_GUID@@B$1?LIBID_OposScanner_CCO@@3U3@B$00$0A@VCComTypeInfoHolder@ATL@@@ATL@@UEAAJPEAI@Z 00000001800019d0 f i Scanner.obj
 0001:000009e4       ?GetTypeInfo@?$IDispatchImpl@UIOPOSScanner@@$1?IID_IOPOSScanner@@3U_GUID@@B$1?LIBID_OposScanner_CCO@@3U3@B$00$0A@VCComTypeInfoHolder@ATL@@@ATL@@UEAAJIKPEAPEAUITypeInfo@@@Z 00000001800019e4 f i Scanner.obj
 0001:00000a48       ?GetIDsOfNames@?$IDispatchImpl@UIOPOSScanner@@$1?IID_IOPOSScanner@@3U_GUID@@B$1?LIBID_OposScanner_CCO@@3U3@B$00$0A@VCComTypeInfoHolder@ATL@@@ATL@@UEAAJAEBU_GUID@@PEAPEA_WIKPEAJ@Z 0000000180001a48 f i Scanner.obj
 0001:00000a54       ?Invoke@?$IDispatchImpl@UIOPOSScanner@@$1?IID_IOPOSScanner@@3U_GUID@@B$1?LIBID_OposScanner_CCO@@3U3@B$00$0A@VCComTypeInfoHolder@ATL@@@ATL@@UEAAJJAEBU_GUID@@KGPEAUtagDISPPARAMS@@PEAUtagVARIANT@@PEAUtagEXCEPINFO@@PEAI@Z 0000000180001a54 f i Scanner.obj
 0001:00000ae4       ?CreateControlWindow@?$CComControl@VCOPOSScanner@@V?$CWindowImpl@VCOPOSScanner@@VCWindow@ATL@@V?$CWinTraits@$0FGAAAAAA@$0A@@3@@ATL@@@ATL@@UEAAPEAUHWND__@@PEAU3@AEAUtagRECT@@@Z 0000000180001ae4 f i Scanner.obj
 0001:00000b1c       ?ControlQueryInterface@?$CComControl@VCOPOSScanner@@V?$CWindowImpl@VCOPOSScanner@@VCWindow@ATL@@V?$CWinTraits@$0FGAAAAAA@$0A@@3@@ATL@@@ATL@@UEAAJAEBU_GUID@@PEAPEAX@Z 0000000180001b1c f i Scanner.obj
 0001:00000b30       ?GetClassID@?$IPersistStreamInitImpl@VCOPOSScanner@@@ATL@@UEAAJPEAU_GUID@@@Z 0000000180001b30 f i Scanner.obj
 0001:00000b30       ?GetUserClassID@?$IOleObjectImpl@VCOPOSScanner@@@ATL@@UEAAJPEAU_GUID@@@Z 0000000180001b30 f i Scanner.obj
 0001:00000b30       ?GetClassID@?$IPersistStorageImpl@VCOPOSScanner@@@ATL@@UEAAJPEAU_GUID@@@Z 0000000180001b30 f i Scanner.obj
 0001:00000b4c       ?IsDirty@?$IPersistStreamInitImpl@VCOPOSScanner@@@ATL@@UEAAJXZ 0000000180001b4c f i Scanner.obj
 0001:00000b68       ?Load@?$IPersistStreamInitImpl@VCOPOSScanner@@@ATL@@UEAAJPEAUIStream@@@Z 0000000180001b68 f i Scanner.obj
 0001:00000b80       ?Save@?$IPersistStreamInitImpl@VCOPOSScanner@@@ATL@@UEAAJPEAUIStream@@H@Z 0000000180001b80 f i Scanner.obj
 0001:00000b98       ?GetSizeMax@?$IPersistStreamInitImpl@VCOPOSScanner@@@ATL@@UEAAJPEAT_ULARGE_INTEGER@@@Z 0000000180001b98 f i Scanner.obj
 0001:00000dc4       ?InitNew@?$IPersistStreamInitImpl@VCOPOSScanner@@@ATL@@UEAAJXZ 0000000180001dc4 f i Scanner.obj
 0001:00000ddc       ?Unfreeze@?$IViewObjectExImpl@VCOPOSScanner@@@ATL@@UEAAJK@Z 0000000180001ddc f i Scanner.obj
 0001:00000ddc       ?GetControlInfo@?$IOleControlImpl@VCOPOSScanner@@@ATL@@UEAAJPEAUtagCONTROLINFO@@@Z 0000000180001ddc f i Scanner.obj
 0001:00000ddc       ?GetColorSet@?$IViewObjectExImpl@VCOPOSScanner@@@ATL@@UEAAJKJPEAXPEAUtagDVTARGETDEVICE@@PEAUHDC__@@PEAPEAUtagLOGPALETTE@@@Z 0000000180001ddc f i Scanner.obj
 0001:00000ddc       ?ContextSensitiveHelp@?$IOleInPlaceActiveObjectImpl@VCOPOSScanner@@@ATL@@UEAAJH@Z 0000000180001ddc f i Scanner.obj
 0001:00000ddc       ?GetCanonicalFormatEtc@?$IDataObjectImpl@VCOPOSScanner@@@ATL@@UEAAJPEAUtagFORMATETC@@0@Z 0000000180001ddc f i Scanner.obj
 0001:00000ddc       ?GetDropTarget@?$IOleInPlaceObjectWindowlessImpl@VCOPOSScanner@@@ATL@@UEAAJPEAPEAUIDropTarget@@@Z 0000000180001ddc f i Scanner.obj
 0001:00000ddc       ?GetDataHere@?$IDataObjectImpl@VCOPOSScanner@@@ATL@@UEAAJPEAUtagFORMATETC@@PEAUtagSTGMEDIUM@@@Z 0000000180001ddc f i Scanner.obj
 0001:00000ddc       ?GetClipboardData@?$IOleObjectImpl@VCOPOSScanner@@@ATL@@UEAAJKPEAPEAUIDataObject@@@Z 0000000180001ddc f i Scanner.obj
 0001:00000ddc       ?SetData@?$IDataObjectImpl@VCOPOSScanner@@@ATL@@UEAAJPEAUtagFORMATETC@@PEAUtagSTGMEDIUM@@H@Z 0000000180001ddc f i Scanner.obj
 0001:00000ddc       ?QueryGetData@?$IDataObjectImpl@VCOPOSScanner@@@ATL@@UEAAJPEAUtagFORMATETC@@@Z 0000000180001ddc f i Scanner.obj
 0001:00000ddc       ?OnMnemonic@?$IOleControlImpl@VCOPOSScanner@@@ATL@@UEAAJPEAUtagMSG@@@Z 0000000180001ddc f i Scanner.obj
 0001:00000ddc       ?SetColorScheme@?$IOleObjectImpl@VCOPOSScanner@@@ATL@@UEAAJPEAUtagLOGPALETTE@@@Z 0000000180001ddc f i Scanner.obj
 0001:00000ddc       ?ReactivateAndUndo@?$IOleInPlaceObjectWindowlessImpl@VCOPOSScanner@@@ATL@@UEAAJXZ 0000000180001ddc f i Scanner.obj
 0001:00000ddc       ?GetMoniker@?$IOleObjectImpl@VCOPOSScanner@@@ATL@@UEAAJKKPEAPEAUIMoniker@@@Z 0000000180001ddc f i Scanner.obj
 0001:00000ddc       ?QueryInterface@CRegObject@ATL@@UEAAJAEBU_GUID@@PEAPEAX@Z 0000000180001ddc f i Scanner.obj
 0001:00000ddc       ?Freeze@?$IViewObjectExImpl@VCOPOSScanner@@@ATL@@UEAAJKJPEAXPEAK@Z 0000000180001ddc f i Scanner.obj
 0001:00000ddc       ?InitFromData@?$IOleObjectImpl@VCOPOSScanner@@@ATL@@UEAAJPEAUIDataObject@@HK@Z 0000000180001ddc f i Scanner.obj
 0001:00000ddc       ?SetMoniker@?$IOleObjectImpl@VCOPOSScanner@@@ATL@@UEAAJKPEAUIMoniker@@@Z 0000000180001ddc f i Scanner.obj
 0001:00000ddc       ?EnumFormatEtc@?$IDataObjectImpl@VCOPOSScanner@@@ATL@@UEAAJKPEAPEAUIEnumFORMATETC@@@Z 0000000180001ddc f i Scanner.obj
 0001:00000ddc       ?ContextSensitiveHelp@?$IOleInPlaceObjectWindowlessImpl@VCOPOSScanner@@@ATL@@UEAAJH@Z 0000000180001ddc f i Scanner.obj
 0001:00000ddc       ?GetRect@?$IViewObjectExImpl@VCOPOSScanner@@@ATL@@UEAAJKPEAU_RECTL@@@Z 0000000180001ddc f i Scanner.obj
 0001:00000ddc       ?SOOutputCompleteDummy@COPOSScanner@@MEAAJJ@Z 0000000180001ddc f i Scanner.obj
 0001:00000de4       ?EnableModeless@?$IOleInPlaceActiveObjectImpl@VCOPOSScanner@@@ATL@@UEAAJH@Z 0000000180001de4 f i Scanner.obj
 0001:00000de4       ?OnFrameWindowActivate@?$IOleInPlaceActiveObjectImpl@VCOPOSScanner@@@ATL@@UEAAJH@Z 0000000180001de4 f i Scanner.obj
 0001:00000de4       ?Release@CRegObject@ATL@@UEAAKXZ 0000000180001de4 f i Scanner.obj
 0001:00000de4       ?GetCategoryMap@CComObjectRootBase@ATL@@SAPEBU_ATL_CATMAP_ENTRY@2@XZ 0000000180001de4 f i Scanner.obj
 0001:00000de4       ?OnAmbientPropertyChange@?$IOleControlImpl@VCOPOSScanner@@@ATL@@UEAAJJ@Z 0000000180001de4 f i Scanner.obj
 0001:00000de4       ?GetObjectDescription@?$CComCoClass@VCOPOSScanner@@$1?CLSID_OPOSScanner@@3U_GUID@@B@ATL@@SAPEB_WXZ 0000000180001de4 f i Scanner.obj
 0001:00000de4       ?HandsOffStorage@?$IPersistStorageImpl@VCOPOSScanner@@@ATL@@UEAAJXZ 0000000180001de4 f i Scanner.obj
 0001:00000de4       ?IsUpToDate@?$IOleObjectImpl@VCOPOSScanner@@@ATL@@UEAAJXZ 0000000180001de4 f i Scanner.obj
 0001:00000de4       ?ResizeBorder@?$IOleInPlaceActiveObjectImpl@VCOPOSScanner@@@ATL@@UEAAJPEBUtagRECT@@PEAUIOleInPlaceUIWindow@@H@Z 0000000180001de4 f i Scanner.obj
 0001:00000de4       ?SaveCompleted@?$IPersistStorageImpl@VCOPOSScanner@@@ATL@@UEAAJPEAUIStorage@@@Z 0000000180001de4 f i Scanner.obj
 0001:00000de4       ?SetHostNames@?$IOleObjectImpl@VCOPOSScanner@@@ATL@@UEAAJPEB_W0@Z 0000000180001de4 f i Scanner.obj
 0001:00000de4       ?Update@?$IOleObjectImpl@VCOPOSScanner@@@ATL@@UEAAJXZ 0000000180001de4 f i Scanner.obj
 0001:00000de8       ?SetClientSite@?$IOleObjectImpl@VCOPOSScanner@@@ATL@@UEAAJPEAUIOleClientSite@@@Z 0000000180001de8 f i Scanner.obj
 0001:00000e04       ?GetClientSite@?$IOleObjectImpl@VCOPOSScanner@@@ATL@@UEAAJPEAPEAUIOleClientSite@@@Z 0000000180001e04 f i Scanner.obj
 0001:00000e4c       ?Close@?$IOleObjectImpl@VCOPOSScanner@@@ATL@@UEAAJK@Z 0000000180001e4c f i Scanner.obj
 0001:00000e68       ?DoVerb@?$IOleObjectImpl@VCOPOSScanner@@@ATL@@UEAAJJPEAUtagMSG@@PEAUIOleClientSite@@JPEAUHWND__@@PEBUtagRECT@@@Z 0000000180001e68 f i Scanner.obj
 0001:0000100c       ?EnumVerbs@?$IOleObjectImpl@VCOPOSScanner@@@ATL@@UEAAJPEAPEAUIEnumOLEVERB@@@Z 000000018000200c f i Scanner.obj
 0001:00001028       ?GetUserType@?$IOleObjectImpl@VCOPOSScanner@@@ATL@@UEAAJKPEAPEA_W@Z 0000000180002028 f i Scanner.obj
 0001:00001038       ?SetExtent@?$IOleObjectImpl@VCOPOSScanner@@@ATL@@UEAAJKPEAUtagSIZE@@@Z 0000000180002038 f i Scanner.obj
 0001:00001054       ?GetExtent@?$IOleObjectImpl@VCOPOSScanner@@@ATL@@UEAAJKPEAUtagSIZE@@@Z 0000000180002054 f i Scanner.obj
 0001:00001084       ?Advise@?$IOleObjectImpl@VCOPOSScanner@@@ATL@@UEAAJPEAUIAdviseSink@@PEAK@Z 0000000180002084 f i Scanner.obj
 0001:000010e0       ?Unadvise@?$IOleObjectImpl@VCOPOSScanner@@@ATL@@UEAAJK@Z 00000001800020e0 f i Scanner.obj
 0001:00001118       ?EnumAdvise@?$IOleObjectImpl@VCOPOSScanner@@@ATL@@UEAAJPEAPEAUIEnumSTATDATA@@@Z 0000000180002118 f i Scanner.obj
 0001:00001160       ?GetMiscStatus@?$IOleObjectImpl@VCOPOSScanner@@@ATL@@UEAAJKPEAK@Z 0000000180002160 f i Scanner.obj
 0001:00001170       ?GetWindow@?$IOleInPlaceActiveObjectImpl@VCOPOSScanner@@@ATL@@UEAAJPEAPEAUHWND__@@@Z 0000000180002170 f i Scanner.obj
 0001:000011c4       ?TranslateAcceleratorW@?$IOleInPlaceActiveObjectImpl@VCOPOSScanner@@@ATL@@UEAAJPEAUtagMSG@@@Z 00000001800021c4 f i Scanner.obj
 0001:000012b8       ?OnDocWindowActivate@?$IOleInPlaceActiveObjectImpl@VCOPOSScanner@@@ATL@@UEAAJH@Z 00000001800022b8 f i Scanner.obj
 0001:000012e4       ?Draw@?$IViewObjectExImpl@VCOPOSScanner@@@ATL@@UEAAJKJPEAXPEAUtagDVTARGETDEVICE@@PEAUHDC__@@2PEBU_RECTL@@3P6AH_K@Z4@Z 00000001800022e4 f i Scanner.obj
 0001:00001348       ?SetAdvise@?$IViewObjectExImpl@VCOPOSScanner@@@ATL@@UEAAJKKPEAUIAdviseSink@@@Z 0000000180002348 f i Scanner.obj
 0001:0000139c       ?GetAdvise@?$IViewObjectExImpl@VCOPOSScanner@@@ATL@@UEAAJPEAK0PEAPEAUIAdviseSink@@@Z 000000018000239c f i Scanner.obj
 0001:000013d8       ?GetExtent@?$IViewObjectExImpl@VCOPOSScanner@@@ATL@@UEAAJKJPEAUtagDVTARGETDEVICE@@PEAUtagSIZE@@@Z 00000001800023d8 f i Scanner.obj
 0001:00001408       ?GetViewStatus@?$IViewObjectExImpl@VCOPOSScanner@@@ATL@@UEAAJPEAK@Z 0000000180002408 f i Scanner.obj
 0001:0000141c       ?QueryHitPoint@?$IViewObjectExImpl@VCOPOSScanner@@@ATL@@UEAAJKPEBUtagRECT@@UtagPOINT@@JPEAK@Z 000000018000241c f i Scanner.obj
 0001:00001460       ?QueryHitRect@?$IViewObjectExImpl@VCOPOSScanner@@@ATL@@UEAAJKPEBUtagRECT@@0JPEAK@Z 0000000180002460 f i Scanner.obj
 0001:000014c8       ?GetNaturalExtent@?$IViewObjectExImpl@VCOPOSScanner@@@ATL@@UEAAJKJPEAUtagDVTARGETDEVICE@@PEAUHDC__@@PEAUtagExtentInfo@@PEAUtagSIZE@@@Z 00000001800024c8 f i Scanner.obj
 0001:00001510       ?GetWindow@?$IOleInPlaceObjectWindowlessImpl@VCOPOSScanner@@@ATL@@UEAAJPEAPEAUHWND__@@@Z 0000000180002510 f i Scanner.obj
 0001:00001564       ?InPlaceDeactivate@?$IOleInPlaceObjectWindowlessImpl@VCOPOSScanner@@@ATL@@UEAAJXZ 0000000180002564 f i Scanner.obj
 0001:00001580       ?UIDeactivate@?$IOleInPlaceObjectWindowlessImpl@VCOPOSScanner@@@ATL@@UEAAJXZ 0000000180002580 f i Scanner.obj
 0001:0000159c       ?SetObjectRects@?$IOleInPlaceObjectWindowlessImpl@VCOPOSScanner@@@ATL@@UEAAJPEBUtagRECT@@0@Z 000000018000259c f i Scanner.obj
 0001:000015b8       ?OnWindowMessage@?$IOleInPlaceObjectWindowlessImpl@VCOPOSScanner@@@ATL@@UEAAJI_K_JPEA_J@Z 00000001800025b8 f i Scanner.obj
 0001:00001680       ?EnumConnectionPoints@?$IConnectionPointContainerImpl@VCOPOSScanner@@@ATL@@UEAAJPEAPEAUIEnumConnectionPoints@@@Z 0000000180002680 f i Scanner.obj
 0001:000018c4       ?FindConnectionPoint@?$IConnectionPointContainerImpl@VCOPOSScanner@@@ATL@@UEAAJAEBU_GUID@@PEAPEAUIConnectionPoint@@@Z 00000001800028c4 f i Scanner.obj
 0001:00001994       ?IsDirty@?$IPersistStorageImpl@VCOPOSScanner@@@ATL@@UEAAJXZ 0000000180002994 f i Scanner.obj
 0001:000019d8       ?InitNew@?$IPersistStorageImpl@VCOPOSScanner@@@ATL@@UEAAJPEAUIStorage@@@Z 00000001800029d8 f i Scanner.obj
 0001:00001a1c       ?Load@?$IPersistStorageImpl@VCOPOSScanner@@@ATL@@UEAAJPEAUIStorage@@@Z 0000000180002a1c f i Scanner.obj
 0001:00001abc       ?Save@?$IPersistStorageImpl@VCOPOSScanner@@@ATL@@UEAAJPEAUIStorage@@H@Z 0000000180002abc f i Scanner.obj
 0001:00001b6c       ?GetPages@?$ISpecifyPropertyPagesImpl@VCOPOSScanner@@@ATL@@UEAAJPEAUtagCAUUID@@@Z 0000000180002b6c f i Scanner.obj
 0001:00001b78       ?QuickActivate@?$IQuickActivateImpl@VCOPOSScanner@@@ATL@@UEAAJPEAUtagQACONTAINER@@PEAUtagQACONTROL@@@Z 0000000180002b78 f i Scanner.obj
 0001:00001b94       ?SetContentExtent@?$IQuickActivateImpl@VCOPOSScanner@@@ATL@@UEAAJPEAUtagSIZE@@@Z 0000000180002b94 f i Scanner.obj
 0001:00001bc8       ?GetContentExtent@?$IQuickActivateImpl@VCOPOSScanner@@@ATL@@UEAAJPEAUtagSIZE@@@Z 0000000180002bc8 f i Scanner.obj
 0001:00001c00       ?GetData@?$IDataObjectImpl@VCOPOSScanner@@@ATL@@UEAAJPEAUtagFORMATETC@@PEAUtagSTGMEDIUM@@@Z 0000000180002c00 f i Scanner.obj
 0001:00001c1c       ?DAdvise@?$IDataObjectImpl@VCOPOSScanner@@@ATL@@UEAAJPEAUtagFORMATETC@@KPEAUIAdviseSink@@PEAK@Z 0000000180002c1c f i Scanner.obj
 0001:00001ca4       ?DUnadvise@?$IDataObjectImpl@VCOPOSScanner@@@ATL@@UEAAJK@Z 0000000180002ca4 f i Scanner.obj
 0001:00001cd0       ?EnumDAdvise@?$IDataObjectImpl@VCOPOSScanner@@@ATL@@UEAAJPEAPEAUIEnumSTATDATA@@@Z 0000000180002cd0 f i Scanner.obj
 0001:00001d0c       ?GetClassInfoW@?$IProvideClassInfo2Impl@$1?CLSID_OPOSScanner@@3U_GUID@@B$1?DIID__IOPOSScannerEvents@@3U2@B$1?LIBID_OposScanner_CCO@@3U2@B$00$0A@VCComTypeInfoHolder@ATL@@@ATL@@UEAAJPEAPEAUITypeInfo@@@Z 0000000180002d0c f i Scanner.obj
 0001:00001d64       ?GetGUID@?$IProvideClassInfo2Impl@$1?CLSID_OPOSScanner@@3U_GUID@@B$1?DIID__IOPOSScannerEvents@@3U2@B$1?LIBID_OposScanner_CCO@@3U2@B$00$0A@VCComTypeInfoHolder@ATL@@@ATL@@UEAAJKPEAU_GUID@@@Z 0000000180002d64 f i Scanner.obj
 0001:00001d98       ?FAccessAllowed@?$IObjectSafetyImpl@VCOPOSScanner@@$02@ATL@@MEAAHXZ 0000000180002d98 f i Scanner.obj
 0001:00001d98       _get_startup_argv_mode     0000000180002d98 f i LIBCMT:argv_mode.obj
 0001:00001d98       ?AddRef@CRegObject@ATL@@UEAAKXZ 0000000180002d98 f i Scanner.obj
 0001:00001da0       ?GetInterfaceSafetyOptions@?$IObjectSafetyImpl@VCOPOSScanner@@$02@ATL@@UEAAJAEBU_GUID@@PEAK1@Z 0000000180002da0 f i Scanner.obj
 0001:00001e34       ?SetInterfaceSafetyOptions@?$IObjectSafetyImpl@VCOPOSScanner@@$02@ATL@@UEAAJAEBU_GUID@@KK@Z 0000000180002e34 f i Scanner.obj
 0001:00001ed8       ?_LocCPQueryInterface@?$IConnectionPointImpl@VCOPOSScanner@@$1?DIID__IOPOSScannerEvents@@3U_GUID@@BVCComDynamicUnkArray@ATL@@@ATL@@UEAAJAEBU_GUID@@PEAPEAX@Z 0000000180002ed8 f i Scanner.obj
 0001:00001ed8       ?_LocCPQueryInterface@?$IConnectionPointImpl@VCOPOSScanner@@$1?IID_IPropertyNotifySink@@3U_GUID@@BVCComDynamicUnkArray@ATL@@@ATL@@UEAAJAEBU_GUID@@PEAPEAX@Z 0000000180002ed8 f i Scanner.obj
 0001:00001f4c       ?GetConnectionInterface@?$IConnectionPointImpl@VCOPOSScanner@@$1?IID_IPropertyNotifySink@@3U_GUID@@BVCComDynamicUnkArray@ATL@@@ATL@@UEAAJPEAU_GUID@@@Z 0000000180002f4c f i Scanner.obj
 0001:00001f68       ?GetConnectionPointContainer@?$IConnectionPointImpl@VCOPOSScanner@@$1?IID_IPropertyNotifySink@@3U_GUID@@BVCComDynamicUnkArray@ATL@@@ATL@@UEAAJPEAPEAUIConnectionPointContainer@@@Z 0000000180002f68 f i Scanner.obj
 0001:00001f88       ?Advise@?$IConnectionPointImpl@VCOPOSScanner@@$1?DIID__IOPOSScannerEvents@@3U_GUID@@BVCComDynamicUnkArray@ATL@@@ATL@@UEAAJPEAUIUnknown@@PEAK@Z 0000000180002f88 f i Scanner.obj
 0001:00001f88       ?Advise@?$IConnectionPointImpl@VCOPOSScanner@@$1?IID_IPropertyNotifySink@@3U_GUID@@BVCComDynamicUnkArray@ATL@@@ATL@@UEAAJPEAUIUnknown@@PEAK@Z 0000000180002f88 f i Scanner.obj
 0001:00002048       ?Unadvise@?$IConnectionPointImpl@VCOPOSScanner@@$1?DIID__IOPOSScannerEvents@@3U_GUID@@BVCComDynamicUnkArray@ATL@@@ATL@@UEAAJK@Z 0000000180003048 f i Scanner.obj
 0001:00002048       ?Unadvise@?$IConnectionPointImpl@VCOPOSScanner@@$1?IID_IPropertyNotifySink@@3U_GUID@@BVCComDynamicUnkArray@ATL@@@ATL@@UEAAJK@Z 0000000180003048 f i Scanner.obj
 0001:000020c4       ?EnumConnections@?$IConnectionPointImpl@VCOPOSScanner@@$1?DIID__IOPOSScannerEvents@@3U_GUID@@BVCComDynamicUnkArray@ATL@@@ATL@@UEAAJPEAPEAUIEnumConnections@@@Z 00000001800030c4 f i Scanner.obj
 0001:000020c4       ?EnumConnections@?$IConnectionPointImpl@VCOPOSScanner@@$1?IID_IPropertyNotifySink@@3U_GUID@@BVCComDynamicUnkArray@ATL@@@ATL@@UEAAJPEAPEAUIEnumConnections@@@Z 00000001800030c4 f i Scanner.obj
 0001:0000227c       ?GetConnectionInterface@?$IConnectionPointImpl@VCOPOSScanner@@$1?DIID__IOPOSScannerEvents@@3U_GUID@@BVCComDynamicUnkArray@ATL@@@ATL@@UEAAJPEAU_GUID@@@Z 000000018000327c f i Scanner.obj
 0001:00002298       ?GetConnectionPointContainer@?$IConnectionPointImpl@VCOPOSScanner@@$1?DIID__IOPOSScannerEvents@@3U_GUID@@BVCComDynamicUnkArray@ATL@@@ATL@@UEAAJPEAPEAUIConnectionPointContainer@@@Z 0000000180003298 f i Scanner.obj
 0001:000022b8       ?UpdateRegistry@COPOSScanner@@SAJH@Z 00000001800032b8 f i Scanner.obj
 0001:000022d0       ?ProcessWindowMessage@COPOSScanner@@UEAAHPEAUHWND__@@I_K_JAEA_JK@Z 00000001800032d0 f i Scanner.obj
 0001:00002358       ?SOData@COPOSScanner@@MEAAJJ@Z 0000000180003358 f i Scanner.obj
 0001:000023a8       ?SODirectIO@COPOSScanner@@MEAAJJPEAJPEAPEA_W@Z 00000001800033a8 f i Scanner.obj
 0001:00002420       ?SOError@COPOSScanner@@MEAAJJJJPEAJ@Z 0000000180003420 f i Scanner.obj
 0001:000024a8       ?SOStatusUpdate@COPOSScanner@@MEAAJJ@Z 00000001800034a8 f i Scanner.obj
 0001:000024f8       ?Lock@CAtlModule@ATL@@UEAAJXZ 00000001800034f8 f i Scanner.obj
 0001:00002508       ?Unlock@CAtlModule@ATL@@UEAAJXZ 0000000180003508 f i Scanner.obj
 0001:00002514       ?GetLockCount@CAtlModule@ATL@@UEAAJXZ 0000000180003514 f i Scanner.obj
 0001:00002518       ?GetGITPtr@CAtlModule@ATL@@UEAAJPEAPEAUIGlobalInterfaceTable@@@Z 0000000180003518 f i Scanner.obj
 0001:00002588       ?CreateInstance@?$CComCreator@V?$CComObjectCached@VCComClassFactory@ATL@@@ATL@@@ATL@@SAJPEAXAEBU_GUID@@PEAPEAX@Z 0000000180003588 f i Scanner.obj
 0001:000026b4       ?CreateInstance@?$CComCreator2@V?$CComCreator@V?$CComObject@VCOPOSScanner@@@ATL@@@ATL@@V?$CComCreator@V?$CComAggObject@VCOPOSScanner@@@ATL@@@2@@ATL@@SAJPEAXAEBU_GUID@@PEAPEAX@Z 00000001800036b4 f i Scanner.obj
 0001:000026c4       ?AddRef@?$CComObjectCached@VCComClassFactory@ATL@@@ATL@@UEAAKXZ 00000001800036c4 f i Scanner.obj
 0001:000026f0       ?Release@?$CComObjectCached@VCComClassFactory@ATL@@@ATL@@UEAAKXZ 00000001800036f0 f i Scanner.obj
 0001:00002730       ?QueryInterface@?$CComObjectCached@VCComClassFactory@ATL@@@ATL@@UEAAJAEBU_GUID@@PEAPEAX@Z 0000000180003730 f i Scanner.obj
 0001:00002744       ??_E?$CComObjectCached@VCComClassFactory@ATL@@@ATL@@UEAAPEAXI@Z 0000000180003744 f i Scanner.obj
 0001:00002744       ??_G?$CComObjectCached@VCComClassFactory@ATL@@@ATL@@UEAAPEAXI@Z 0000000180003744 f i Scanner.obj
 0001:0000279c       ?AddCommonRGSReplacements@?$CAtlModuleT@VCComModule@ATL@@@ATL@@UEAAJPEAUIRegistrarBase@@@Z 000000018000379c f i Scanner.obj
 0001:000027b4       ?UpdateRegistryFromResourceD@CComModule@ATL@@UEAAJPEB_WHPEAU_ATL_REGMAP_ENTRY@2@@Z 00000001800037b4 f i Scanner.obj
 0001:000027b4       ?UpdateRegistryFromResourceD@CComModule@ATL@@UEAAJIHPEAU_ATL_REGMAP_ENTRY@2@@Z 00000001800037b4 f i Scanner.obj
 0001:000027bc       ?UpdateRegistryFromResource@CComModule@ATL@@UEAAJPEB_WHPEAU_ATL_REGMAP_ENTRY@2@@Z 00000001800037bc f i Scanner.obj
 0001:000027c4       ?UpdateRegistryFromResource@CComModule@ATL@@UEAAJIHPEAU_ATL_REGMAP_ENTRY@2@@Z 00000001800037c4 f i Scanner.obj
 0001:000027cc       ??_GCComModule@ATL@@UEAAPEAXI@Z 00000001800037cc f i Scanner.obj
 0001:000027cc       ??_ECComModule@ATL@@UEAAPEAXI@Z 00000001800037cc f i Scanner.obj
 0001:0000280c       ?Next@?$CComEnumImpl@UIEnumConnectionPoints@@$1?_GUID_b196b285_bab4_101a_b69c_00aa00341d07@@3U__s_GUID@@BPEAUIConnectionPoint@@V?$_CopyInterface@UIConnectionPoint@@@ATL@@@ATL@@UEAAJKPEAPEAUIConnectionPoint@@PEAK@Z 000000018000380c f i Scanner.obj
 0001:000028d8       ?Skip@?$CComEnumImpl@UIEnumConnectionPoints@@$1?_GUID_b196b285_bab4_101a_b69c_00aa00341d07@@3U__s_GUID@@BPEAUIConnectionPoint@@V?$_CopyInterface@UIConnectionPoint@@@ATL@@@ATL@@UEAAJK@Z 00000001800038d8 f i Scanner.obj
 0001:00002904       ?Reset@?$CComEnumImpl@UIEnumConnections@@$1?_GUID_b196b287_bab4_101a_b69c_00aa00341d07@@3U__s_GUID@@BUtagCONNECTDATA@@V?$_Copy@UtagCONNECTDATA@@@ATL@@@ATL@@UEAAJXZ 0000000180003904 f i Scanner.obj
 0001:00002904       ?Reset@?$CComEnumImpl@UIEnumConnectionPoints@@$1?_GUID_b196b285_bab4_101a_b69c_00aa00341d07@@3U__s_GUID@@BPEAUIConnectionPoint@@V?$_CopyInterface@UIConnectionPoint@@@ATL@@@ATL@@UEAAJXZ 0000000180003904 f i Scanner.obj
 0001:00002910       ?Clone@?$CComEnumImpl@UIEnumConnectionPoints@@$1?_GUID_b196b285_bab4_101a_b69c_00aa00341d07@@3U__s_GUID@@BPEAUIConnectionPoint@@V?$_CopyInterface@UIConnectionPoint@@@ATL@@@ATL@@UEAAJPEAPEAUIEnumConnectionPoints@@@Z 0000000180003910 f i Scanner.obj
 0001:00002a3c       ?AddRef@?$CComObject@V?$CComEnum@UIEnumConnections@@$1?_GUID_b196b287_bab4_101a_b69c_00aa00341d07@@3U__s_GUID@@BUtagCONNECTDATA@@V?$_Copy@UtagCONNECTDATA@@@ATL@@VCComSingleThreadModel@6@@ATL@@@ATL@@UEAAKXZ 0000000180003a3c f i Scanner.obj
 0001:00002a3c       ?AddRef@?$CComObject@V?$CComEnum@UIEnumConnectionPoints@@$1?_GUID_b196b285_bab4_101a_b69c_00aa00341d07@@3U__s_GUID@@BPEAUIConnectionPoint@@V?$_CopyInterface@UIConnectionPoint@@@ATL@@VCComSingleThreadModel@6@@ATL@@@ATL@@UEAAKXZ 0000000180003a3c f i Scanner.obj
 0001:00002a48       ?Release@?$CComObject@V?$CComEnum@UIEnumConnectionPoints@@$1?_GUID_b196b285_bab4_101a_b69c_00aa00341d07@@3U__s_GUID@@BPEAUIConnectionPoint@@V?$_CopyInterface@UIConnectionPoint@@@ATL@@VCComSingleThreadModel@6@@ATL@@@ATL@@UEAAKXZ 0000000180003a48 f i Scanner.obj
 0001:00002a48       ?Release@?$CComObject@V?$CComEnum@UIEnumConnections@@$1?_GUID_b196b287_bab4_101a_b69c_00aa00341d07@@3U__s_GUID@@BUtagCONNECTDATA@@V?$_Copy@UtagCONNECTDATA@@@ATL@@VCComSingleThreadModel@6@@ATL@@@ATL@@UEAAKXZ 0000000180003a48 f i Scanner.obj
 0001:00002a9c       ?QueryInterface@?$CComObject@V?$CComEnum@UIEnumConnectionPoints@@$1?_GUID_b196b285_bab4_101a_b69c_00aa00341d07@@3U__s_GUID@@BPEAUIConnectionPoint@@V?$_CopyInterface@UIConnectionPoint@@@ATL@@VCComSingleThreadModel@6@@ATL@@@ATL@@UEAAJAEBU_GUID@@PEAPEAX@Z 0000000180003a9c f i Scanner.obj
 0001:00002ab0       ??_E?$CComObject@V?$CComEnum@UIEnumConnectionPoints@@$1?_GUID_b196b285_bab4_101a_b69c_00aa00341d07@@3U__s_GUID@@BPEAUIConnectionPoint@@V?$_CopyInterface@UIConnectionPoint@@@ATL@@VCComSingleThreadModel@6@@ATL@@@ATL@@UEAAPEAXI@Z 0000000180003ab0 f i Scanner.obj
 0001:00002ab0       ??_G?$CComObject@V?$CComEnum@UIEnumConnectionPoints@@$1?_GUID_b196b285_bab4_101a_b69c_00aa00341d07@@3U__s_GUID@@BPEAUIConnectionPoint@@V?$_CopyInterface@UIConnectionPoint@@@ATL@@VCComSingleThreadModel@6@@ATL@@@ATL@@UEAAPEAXI@Z 0000000180003ab0 f i Scanner.obj
 0001:00002b08       ?AddReplacement@CRegObject@ATL@@UEAAJPEB_W0@Z 0000000180003b08 f i Scanner.obj
 0001:00002b38       ?ClearReplacements@CRegObject@ATL@@UEAAJXZ 0000000180003b38 f i Scanner.obj
 0001:00002b44       ??_GCRegObject@ATL@@UEAAPEAXI@Z 0000000180003b44 f i Scanner.obj
 0001:00002b44       ??_ECRegObject@ATL@@UEAAPEAXI@Z 0000000180003b44 f i Scanner.obj
 0001:00002bc4       ?AddRef@?$CComAggObject@VCOPOSScanner@@@ATL@@UEAAKXZ 0000000180003bc4 f i Scanner.obj
 0001:00002bd0       ?Release@?$CComAggObject@VCOPOSScanner@@@ATL@@UEAAKXZ 0000000180003bd0 f i Scanner.obj
 0001:00002c24       ?QueryInterface@?$CComAggObject@VCOPOSScanner@@@ATL@@UEAAJAEBU_GUID@@PEAPEAX@Z 0000000180003c24 f i Scanner.obj
 0001:00002c84       ?AddRef@?$CComContainedObject@VCOPOSScanner@@@ATL@@UEAAKXZ 0000000180003c84 f i Scanner.obj
 0001:00002c94       ?Release@?$CComContainedObject@VCOPOSScanner@@@ATL@@UEAAKXZ 0000000180003c94 f i Scanner.obj
 0001:00002ca4       ?QueryInterface@?$CComContainedObject@VCOPOSScanner@@@ATL@@UEAAJAEBU_GUID@@PEAPEAX@Z 0000000180003ca4 f i Scanner.obj
 0001:00002cb4       ??_G?$CComAggObject@VCOPOSScanner@@@ATL@@UEAAPEAXI@Z 0000000180003cb4 f i Scanner.obj
 0001:00002cb4       ??_E?$CComAggObject@VCOPOSScanner@@@ATL@@UEAAPEAXI@Z 0000000180003cb4 f i Scanner.obj
 0001:00002d0c       ?AddRef@?$CComObject@VCOPOSScanner@@@ATL@@UEAAKXZ 0000000180003d0c f i Scanner.obj
 0001:00002d1c       ?Release@?$CComObject@VCOPOSScanner@@@ATL@@UEAAKXZ 0000000180003d1c f i Scanner.obj
 0001:00002d74       ?QueryInterface@?$CComObject@VCOPOSScanner@@@ATL@@UEAAJAEBU_GUID@@PEAPEAX@Z 0000000180003d74 f i Scanner.obj
 0001:00002d88       ?OnDrawAdvanced@CComControlBase@ATL@@UEAAJAEAUATL_DRAWINFO@@@Z 0000000180003d88 f i Scanner.obj
 0001:00002f14       ?Next@?$CComEnumImpl@UIEnumConnections@@$1?_GUID_b196b287_bab4_101a_b69c_00aa00341d07@@3U__s_GUID@@BUtagCONNECTDATA@@V?$_Copy@UtagCONNECTDATA@@@ATL@@@ATL@@UEAAJKPEAUtagCONNECTDATA@@PEAK@Z 0000000180003f14 f i Scanner.obj
 0001:00002fe8       ?Skip@?$CComEnumImpl@UIEnumConnections@@$1?_GUID_b196b287_bab4_101a_b69c_00aa00341d07@@3U__s_GUID@@BUtagCONNECTDATA@@V?$_Copy@UtagCONNECTDATA@@@ATL@@@ATL@@UEAAJK@Z 0000000180003fe8 f i Scanner.obj
 0001:00003014       ?Clone@?$CComEnumImpl@UIEnumConnections@@$1?_GUID_b196b287_bab4_101a_b69c_00aa00341d07@@3U__s_GUID@@BUtagCONNECTDATA@@V?$_Copy@UtagCONNECTDATA@@@ATL@@@ATL@@UEAAJPEAPEAUIEnumConnections@@@Z 0000000180004014 f i Scanner.obj
 0001:00003140       ?QueryInterface@?$CComObject@V?$CComEnum@UIEnumConnections@@$1?_GUID_b196b287_bab4_101a_b69c_00aa00341d07@@3U__s_GUID@@BUtagCONNECTDATA@@V?$_Copy@UtagCONNECTDATA@@@ATL@@VCComSingleThreadModel@6@@ATL@@@ATL@@UEAAJAEBU_GUID@@PEAPEAX@Z 0000000180004140 f i Scanner.obj
 0001:00003154       ??_E?$CComObject@V?$CComEnum@UIEnumConnections@@$1?_GUID_b196b287_bab4_101a_b69c_00aa00341d07@@3U__s_GUID@@BUtagCONNECTDATA@@V?$_Copy@UtagCONNECTDATA@@@ATL@@VCComSingleThreadModel@6@@ATL@@@ATL@@UEAAPEAXI@Z 0000000180004154 f i Scanner.obj
 0001:00003154       ??_G?$CComObject@V?$CComEnum@UIEnumConnections@@$1?_GUID_b196b287_bab4_101a_b69c_00aa00341d07@@3U__s_GUID@@BUtagCONNECTDATA@@V?$_Copy@UtagCONNECTDATA@@@ATL@@VCComSingleThreadModel@6@@ATL@@@ATL@@UEAAPEAXI@Z 0000000180004154 f i Scanner.obj
 0001:000031ac       ??_E?$CComObject@VCOPOSScanner@@@ATL@@W7EAAPEAXI@Z 00000001800041ac f i Scanner.obj
 0001:000031b8       ??_E?$CComObject@VCOPOSScanner@@@ATL@@WHA@EAAPEAXI@Z 00000001800041b8 f i Scanner.obj
 0001:000031c4       ?QueryInterface@?$CComObject@VCOPOSScanner@@@ATL@@WLI@EAAJAEBU_GUID@@PEAPEAX@Z 00000001800041c4 f i Scanner.obj
 0001:000031d0       ?AddRef@?$CComObject@VCOPOSScanner@@@ATL@@WLI@EAAKXZ 00000001800041d0 f i Scanner.obj
 0001:000031dc       ?Release@?$CComObject@VCOPOSScanner@@@ATL@@WLI@EAAKXZ 00000001800041dc f i Scanner.obj
 0001:000031e8       ?QueryInterface@?$CComObject@VCOPOSScanner@@@ATL@@WMA@EAAJAEBU_GUID@@PEAPEAX@Z 00000001800041e8 f i Scanner.obj
 0001:000031f4       ?AddRef@?$CComObject@VCOPOSScanner@@@ATL@@WMA@EAAKXZ 00000001800041f4 f i Scanner.obj
 0001:00003200       ?Release@?$CComObject@VCOPOSScanner@@@ATL@@WMA@EAAKXZ 0000000180004200 f i Scanner.obj
 0001:0000320c       ?QueryInterface@?$CComObject@VCOPOSScanner@@@ATL@@WMI@EAAJAEBU_GUID@@PEAPEAX@Z 000000018000420c f i Scanner.obj
 0001:00003218       ?AddRef@?$CComObject@VCOPOSScanner@@@ATL@@WMI@EAAKXZ 0000000180004218 f i Scanner.obj
 0001:00003224       ?Release@?$CComObject@VCOPOSScanner@@@ATL@@WMI@EAAKXZ 0000000180004224 f i Scanner.obj
 0001:00003230       ?QueryInterface@?$CComObject@VCOPOSScanner@@@ATL@@WNA@EAAJAEBU_GUID@@PEAPEAX@Z 0000000180004230 f i Scanner.obj
 0001:0000323c       ?AddRef@?$CComObject@VCOPOSScanner@@@ATL@@WNA@EAAKXZ 000000018000423c f i Scanner.obj
 0001:00003248       ?Release@?$CComObject@VCOPOSScanner@@@ATL@@WNA@EAAKXZ 0000000180004248 f i Scanner.obj
 0001:00003254       ?QueryInterface@?$CComObject@VCOPOSScanner@@@ATL@@WNI@EAAJAEBU_GUID@@PEAPEAX@Z 0000000180004254 f i Scanner.obj
 0001:00003260       ?AddRef@?$CComObject@VCOPOSScanner@@@ATL@@WNI@EAAKXZ 0000000180004260 f i Scanner.obj
 0001:0000326c       ?Release@?$CComObject@VCOPOSScanner@@@ATL@@WNI@EAAKXZ 000000018000426c f i Scanner.obj
 0001:00003278       ?QueryInterface@?$CComObject@VCOPOSScanner@@@ATL@@WOA@EAAJAEBU_GUID@@PEAPEAX@Z 0000000180004278 f i Scanner.obj
 0001:00003284       ?AddRef@?$CComObject@VCOPOSScanner@@@ATL@@WOA@EAAKXZ 0000000180004284 f i Scanner.obj
 0001:00003290       ?Release@?$CComObject@VCOPOSScanner@@@ATL@@WOA@EAAKXZ 0000000180004290 f i Scanner.obj
 0001:0000329c       ?QueryInterface@?$CComObject@VCOPOSScanner@@@ATL@@WOI@EAAJAEBU_GUID@@PEAPEAX@Z 000000018000429c f i Scanner.obj
 0001:000032a8       ?AddRef@?$CComObject@VCOPOSScanner@@@ATL@@WOI@EAAKXZ 00000001800042a8 f i Scanner.obj
 0001:000032b4       ?Release@?$CComObject@VCOPOSScanner@@@ATL@@WOI@EAAKXZ 00000001800042b4 f i Scanner.obj
 0001:000032c0       ?QueryInterface@?$CComObject@VCOPOSScanner@@@ATL@@WPA@EAAJAEBU_GUID@@PEAPEAX@Z 00000001800042c0 f i Scanner.obj
 0001:000032cc       ?AddRef@?$CComObject@VCOPOSScanner@@@ATL@@WPA@EAAKXZ 00000001800042cc f i Scanner.obj
 0001:000032d8       ?Release@?$CComObject@VCOPOSScanner@@@ATL@@WPA@EAAKXZ 00000001800042d8 f i Scanner.obj
 0001:000032e4       ?QueryInterface@?$CComObject@VCOPOSScanner@@@ATL@@WPI@EAAJAEBU_GUID@@PEAPEAX@Z 00000001800042e4 f i Scanner.obj
 0001:000032f0       ?AddRef@?$CComObject@VCOPOSScanner@@@ATL@@WPI@EAAKXZ 00000001800042f0 f i Scanner.obj
 0001:000032fc       ?Release@?$CComObject@VCOPOSScanner@@@ATL@@WPI@EAAKXZ 00000001800042fc f i Scanner.obj
 0001:00003308       ?QueryInterface@?$CComObject@VCOPOSScanner@@@ATL@@WBAA@EAAJAEBU_GUID@@PEAPEAX@Z 0000000180004308 f i Scanner.obj
 0001:00003314       ?AddRef@?$CComObject@VCOPOSScanner@@@ATL@@WBAA@EAAKXZ 0000000180004314 f i Scanner.obj
 0001:00003320       ?Release@?$CComObject@VCOPOSScanner@@@ATL@@WBAA@EAAKXZ 0000000180004320 f i Scanner.obj
 0001:0000332c       ?QueryInterface@?$CComObject@VCOPOSScanner@@@ATL@@WBAI@EAAJAEBU_GUID@@PEAPEAX@Z 000000018000432c f i Scanner.obj
 0001:00003338       ?AddRef@?$CComObject@VCOPOSScanner@@@ATL@@WBAI@EAAKXZ 0000000180004338 f i Scanner.obj
 0001:00003344       ?Release@?$CComObject@VCOPOSScanner@@@ATL@@WBAI@EAAKXZ 0000000180004344 f i Scanner.obj
 0001:00003350       ?QueryInterface@?$CComObject@VCOPOSScanner@@@ATL@@WBBA@EAAJAEBU_GUID@@PEAPEAX@Z 0000000180004350 f i Scanner.obj
 0001:0000335c       ?AddRef@?$CComObject@VCOPOSScanner@@@ATL@@WBBA@EAAKXZ 000000018000435c f i Scanner.obj
 0001:00003368       ?Release@?$CComObject@VCOPOSScanner@@@ATL@@WBBA@EAAKXZ 0000000180004368 f i Scanner.obj
 0001:00003374       ?QueryInterface@?$CComObject@VCOPOSScanner@@@ATL@@WBBI@EAAJAEBU_GUID@@PEAPEAX@Z 0000000180004374 f i Scanner.obj
 0001:00003380       ?AddRef@?$CComObject@VCOPOSScanner@@@ATL@@WBBI@EAAKXZ 0000000180004380 f i Scanner.obj
 0001:0000338c       ?Release@?$CComObject@VCOPOSScanner@@@ATL@@WBBI@EAAKXZ 000000018000438c f i Scanner.obj
 0001:00003398       ?AddRef@?$CComObject@VCOPOSScanner@@@ATL@@WBCI@EAAKXZ 0000000180004398 f i Scanner.obj
 0001:000033a4       ?Release@?$CComObject@VCOPOSScanner@@@ATL@@WBCI@EAAKXZ 00000001800043a4 f i Scanner.obj
 0001:000033b0       ?AddRef@?$CComObject@VCOPOSScanner@@@ATL@@WBEA@EAAKXZ 00000001800043b0 f i Scanner.obj
 0001:000033bc       ?Release@?$CComObject@VCOPOSScanner@@@ATL@@WBEA@EAAKXZ 00000001800043bc f i Scanner.obj
 0001:000033c8       ??_E?$CComContainedObject@VCOPOSScanner@@@ATL@@W7EAAPEAXI@Z 00000001800043c8 f i Scanner.obj
 0001:000033d4       ??_E?$CComContainedObject@VCOPOSScanner@@@ATL@@WHA@EAAPEAXI@Z 00000001800043d4 f i Scanner.obj
 0001:000033e0       ?QueryInterface@?$CComContainedObject@VCOPOSScanner@@@ATL@@WLI@EAAJAEBU_GUID@@PEAPEAX@Z 00000001800043e0 f i Scanner.obj
 0001:000033ec       ?AddRef@?$CComContainedObject@VCOPOSScanner@@@ATL@@WLI@EAAKXZ 00000001800043ec f i Scanner.obj
 0001:000033f8       ?Release@?$CComContainedObject@VCOPOSScanner@@@ATL@@WLI@EAAKXZ 00000001800043f8 f i Scanner.obj
 0001:00003404       ?QueryInterface@?$CComContainedObject@VCOPOSScanner@@@ATL@@WMA@EAAJAEBU_GUID@@PEAPEAX@Z 0000000180004404 f i Scanner.obj
 0001:00003410       ?AddRef@?$CComContainedObject@VCOPOSScanner@@@ATL@@WMA@EAAKXZ 0000000180004410 f i Scanner.obj
 0001:0000341c       ?Release@?$CComContainedObject@VCOPOSScanner@@@ATL@@WMA@EAAKXZ 000000018000441c f i Scanner.obj
 0001:00003428       ?QueryInterface@?$CComContainedObject@VCOPOSScanner@@@ATL@@WMI@EAAJAEBU_GUID@@PEAPEAX@Z 0000000180004428 f i Scanner.obj
 0001:00003434       ?AddRef@?$CComContainedObject@VCOPOSScanner@@@ATL@@WMI@EAAKXZ 0000000180004434 f i Scanner.obj
 0001:00003440       ?Release@?$CComContainedObject@VCOPOSScanner@@@ATL@@WMI@EAAKXZ 0000000180004440 f i Scanner.obj
 0001:0000344c       ?QueryInterface@?$CComContainedObject@VCOPOSScanner@@@ATL@@WNA@EAAJAEBU_GUID@@PEAPEAX@Z 000000018000444c f i Scanner.obj
 0001:00003458       ?AddRef@?$CComContainedObject@VCOPOSScanner@@@ATL@@WNA@EAAKXZ 0000000180004458 f i Scanner.obj
 0001:00003464       ?Release@?$CComContainedObject@VCOPOSScanner@@@ATL@@WNA@EAAKXZ 0000000180004464 f i Scanner.obj
 0001:00003470       ?QueryInterface@?$CComContainedObject@VCOPOSScanner@@@ATL@@WNI@EAAJAEBU_GUID@@PEAPEAX@Z 0000000180004470 f i Scanner.obj
 0001:0000347c       ?AddRef@?$CComContainedObject@VCOPOSScanner@@@ATL@@WNI@EAAKXZ 000000018000447c f i Scanner.obj
 0001:00003488       ?Release@?$CComContainedObject@VCOPOSScanner@@@ATL@@WNI@EAAKXZ 0000000180004488 f i Scanner.obj
 0001:00003494       ?QueryInterface@?$CComContainedObject@VCOPOSScanner@@@ATL@@WOA@EAAJAEBU_GUID@@PEAPEAX@Z 0000000180004494 f i Scanner.obj
 0001:000034a0       ?AddRef@?$CComContainedObject@VCOPOSScanner@@@ATL@@WOA@EAAKXZ 00000001800044a0 f i Scanner.obj
 0001:000034ac       ?Release@?$CComContainedObject@VCOPOSScanner@@@ATL@@WOA@EAAKXZ 00000001800044ac f i Scanner.obj
 0001:000034b8       ?QueryInterface@?$CComContainedObject@VCOPOSScanner@@@ATL@@WOI@EAAJAEBU_GUID@@PEAPEAX@Z 00000001800044b8 f i Scanner.obj
 0001:000034c4       ?AddRef@?$CComContainedObject@VCOPOSScanner@@@ATL@@WOI@EAAKXZ 00000001800044c4 f i Scanner.obj
 0001:000034d0       ?Release@?$CComContainedObject@VCOPOSScanner@@@ATL@@WOI@EAAKXZ 00000001800044d0 f i Scanner.obj
 0001:000034dc       ?QueryInterface@?$CComContainedObject@VCOPOSScanner@@@ATL@@WPA@EAAJAEBU_GUID@@PEAPEAX@Z 00000001800044dc f i Scanner.obj
 0001:000034e8       ?AddRef@?$CComContainedObject@VCOPOSScanner@@@ATL@@WPA@EAAKXZ 00000001800044e8 f i Scanner.obj
 0001:000034f4       ?Release@?$CComContainedObject@VCOPOSScanner@@@ATL@@WPA@EAAKXZ 00000001800044f4 f i Scanner.obj
 0001:00003500       ?QueryInterface@?$CComContainedObject@VCOPOSScanner@@@ATL@@WPI@EAAJAEBU_GUID@@PEAPEAX@Z 0000000180004500 f i Scanner.obj
 0001:0000350c       ?AddRef@?$CComContainedObject@VCOPOSScanner@@@ATL@@WPI@EAAKXZ 000000018000450c f i Scanner.obj
 0001:00003518       ?Release@?$CComContainedObject@VCOPOSScanner@@@ATL@@WPI@EAAKXZ 0000000180004518 f i Scanner.obj
 0001:00003524       ?QueryInterface@?$CComContainedObject@VCOPOSScanner@@@ATL@@WBAA@EAAJAEBU_GUID@@PEAPEAX@Z 0000000180004524 f i Scanner.obj
 0001:00003530       ?AddRef@?$CComContainedObject@VCOPOSScanner@@@ATL@@WBAA@EAAKXZ 0000000180004530 f i Scanner.obj
 0001:0000353c       ?Release@?$CComContainedObject@VCOPOSScanner@@@ATL@@WBAA@EAAKXZ 000000018000453c f i Scanner.obj
 0001:00003548       ?QueryInterface@?$CComContainedObject@VCOPOSScanner@@@ATL@@WBAI@EAAJAEBU_GUID@@PEAPEAX@Z 0000000180004548 f i Scanner.obj
 0001:00003554       ?AddRef@?$CComContainedObject@VCOPOSScanner@@@ATL@@WBAI@EAAKXZ 0000000180004554 f i Scanner.obj
 0001:00003560       ?Release@?$CComContainedObject@VCOPOSScanner@@@ATL@@WBAI@EAAKXZ 0000000180004560 f i Scanner.obj
 0001:0000356c       ?QueryInterface@?$CComContainedObject@VCOPOSScanner@@@ATL@@WBBA@EAAJAEBU_GUID@@PEAPEAX@Z 000000018000456c f i Scanner.obj
 0001:00003578       ?AddRef@?$CComContainedObject@VCOPOSScanner@@@ATL@@WBBA@EAAKXZ 0000000180004578 f i Scanner.obj
 0001:00003584       ?Release@?$CComContainedObject@VCOPOSScanner@@@ATL@@WBBA@EAAKXZ 0000000180004584 f i Scanner.obj
 0001:00003590       ?QueryInterface@?$CComContainedObject@VCOPOSScanner@@@ATL@@WBBI@EAAJAEBU_GUID@@PEAPEAX@Z 0000000180004590 f i Scanner.obj
 0001:0000359c       ?AddRef@?$CComContainedObject@VCOPOSScanner@@@ATL@@WBBI@EAAKXZ 000000018000459c f i Scanner.obj
 0001:000035a8       ?Release@?$CComContainedObject@VCOPOSScanner@@@ATL@@WBBI@EAAKXZ 00000001800045a8 f i Scanner.obj
 0001:000035b4       ?AddRef@?$CComContainedObject@VCOPOSScanner@@@ATL@@WBCI@EAAKXZ 00000001800045b4 f i Scanner.obj
 0001:000035c0       ?Release@?$CComContainedObject@VCOPOSScanner@@@ATL@@WBCI@EAAKXZ 00000001800045c0 f i Scanner.obj
 0001:000035cc       ?AddRef@?$CComContainedObject@VCOPOSScanner@@@ATL@@WBEA@EAAKXZ 00000001800045cc f i Scanner.obj
 0001:000035d8       ?Release@?$CComContainedObject@VCOPOSScanner@@@ATL@@WBEA@EAAKXZ 00000001800045d8 f i Scanner.obj
 0001:000035e4       ?CreateInstance@CComClassFactory@ATL@@UEAAJPEAUIUnknown@@AEBU_GUID@@PEAPEAX@Z 00000001800045e4 f i Scanner.obj
 0001:00003644       ?LockServer@CComClassFactory@ATL@@UEAAJH@Z 0000000180004644 f i Scanner.obj
 0001:00003668       ??_GCComClassFactory@ATL@@UEAAPEAXI@Z 0000000180004668 f i Scanner.obj
 0001:00003668       ??_ECComClassFactory@ATL@@UEAAPEAXI@Z 0000000180004668 f i Scanner.obj
 0001:000036b8       ??$AtlModuleRegisterWndClassInfoT@VAtlModuleRegisterWndClassInfoParamW@ATL@@@ATL@@YAGPEAU_ATL_BASE_MODULE70@0@PEAU_ATL_WIN_MODULE70@0@PEAU_ATL_WNDCLASSINFOW@0@PEAP6A_JPEAUHWND__@@I_K_J@ZVAtlModuleRegisterWndClassInfoParamW@0@@Z 00000001800046b8 f i Scanner.obj
 0001:000038b8       ??0?$CComContainedObject@VCOPOSScanner@@@ATL@@QEAA@PEAX@Z 00000001800048b8 f i Scanner.obj
 0001:000039d4       ??0?$CComObject@VCOPOSScanner@@@ATL@@QEAA@PEAX@Z 00000001800049d4 f i Scanner.obj
 0001:00003aec       ??0CAtlModule@ATL@@QEAA@XZ 0000000180004aec f i Scanner.obj
 0001:00003b60       ??1?$CComEnumImpl@UIEnumConnectionPoints@@$1?_GUID_b196b285_bab4_101a_b69c_00aa00341d07@@3U__s_GUID@@BPEAUIConnectionPoint@@V?$_CopyInterface@UIConnectionPoint@@@ATL@@@ATL@@UEAA@XZ 0000000180004b60 f i Scanner.obj
 0001:00003bbc       ??1?$CComEnumImpl@UIEnumConnections@@$1?_GUID_b196b287_bab4_101a_b69c_00aa00341d07@@3U__s_GUID@@BUtagCONNECTDATA@@V?$_Copy@UtagCONNECTDATA@@@ATL@@@ATL@@UEAA@XZ 0000000180004bbc f i Scanner.obj
 0001:00003c18       ??1?$CComObject@VCOPOSScanner@@@ATL@@UEAA@XZ 0000000180004c18 f i Scanner.obj
 0001:00003d38       ??_E?$CComContainedObject@VCOPOSScanner@@@ATL@@UEAAPEAXI@Z 0000000180004d38 f i Scanner.obj
 0001:00003d38       ??_G?$CComContainedObject@VCOPOSScanner@@@ATL@@UEAAPEAXI@Z 0000000180004d38 f i Scanner.obj
 0001:00003d6c       ??_G?$CComObject@VCOPOSScanner@@@ATL@@UEAAPEAXI@Z 0000000180004d6c f i Scanner.obj
 0001:00003d6c       ??_E?$CComObject@VCOPOSScanner@@@ATL@@UEAAPEAXI@Z 0000000180004d6c f i Scanner.obj
 0001:00003da0       ?Add@?$CSimpleArray@GV?$CSimpleArrayEqualHelper@G@ATL@@@ATL@@QEAAHAEBG@Z 0000000180004da0 f i Scanner.obj
 0001:00003e54       ?Add@?$CSimpleMap@PEA_WPEA_WVCExpansionVectorEqualHelper@ATL@@@ATL@@QEAAHAEBQEA_W0@Z 0000000180004e54 f i Scanner.obj
 0001:00003ef4       ?Add@CComDynamicUnkArray@ATL@@QEAAKPEAUIUnknown@@@Z 0000000180004ef4 f i Scanner.obj
 0001:00003fdc       ?Add@CExpansionVector@ATL@@QEAAHPEB_W0@Z 0000000180004fdc f i Scanner.obj
 0001:00004110       ?AddTermFunc@CAtlModule@ATL@@QEAAJP6AX_K@Z0@Z 0000000180005110 f i Scanner.obj
 0001:000041ac       ?AddValue@CRegParser@ATL@@IEAAJAEAVCRegKey@2@PEB_WPEA_W@Z 00000001800051ac f i Scanner.obj
 0001:000045f4       ?AllocateHeap@?$CTempBuffer@_W$0EAA@VCCRTAllocator@ATL@@@ATL@@AEAAX_K@Z 00000001800055f4 f i Scanner.obj
 0001:000045f4       ?AllocateHeap@?$CTempBuffer@_W$0BAA@VCCRTAllocator@ATL@@@ATL@@AEAAX_K@Z 00000001800055f4 f i Scanner.obj
 0001:000045f4       ?AllocateHeap@?$CTempBuffer@E$0BAA@VCCRTAllocator@ATL@@@ATL@@AEAAX_K@Z 00000001800055f4 f i Scanner.obj
 0001:00004620       ?Append@CParseBuffer@CRegParser@ATL@@QEAAHPEB_WH@Z 0000000180005620 f i Scanner.obj
 0001:00004768       ?AtlComModuleGetClassObject@ATL@@YAJPEAU_ATL_COM_MODULE70@1@AEBU_GUID@@1PEAPEAX@Z 0000000180005768 f i Scanner.obj
 0001:000048a8       ?AtlComModuleRegisterServer@ATL@@YAJPEAU_ATL_COM_MODULE70@1@HPEBU_GUID@@@Z 00000001800058a8 f i Scanner.obj
 0001:00004968       ?AtlComModuleUnregisterServer@ATL@@YAJPEAU_ATL_COM_MODULE70@1@HPEBU_GUID@@@Z 0000000180005968 f i Scanner.obj
 0001:00004a24       ?AtlHiMetricToPixel@ATL@@YAXPEBUtagSIZE@@PEAU2@@Z 0000000180005a24 f i Scanner.obj
 0001:00004ad4       ?AtlHresultFromLastError@ATL@@YAJXZ 0000000180005ad4 f i Scanner.obj
 0001:00004af4       ?AtlHresultFromWin32@ATL@@YAJK@Z 0000000180005af4 f i Scanner.obj
 0001:00004b04       ?AtlInternalOleLoadFromStream@ATL@@YAJPEAUIStream@@AEBU_GUID@@PEAPEAXTClassesAllowedInStream@1@K@Z 0000000180005b04 f i Scanner.obj
 0001:00004c48       ?AtlInternalQueryInterface@ATL@@YAJPEAXPEBU_ATL_INTMAP_ENTRY@1@AEBU_GUID@@PEAPEAX@Z 0000000180005c48 f i Scanner.obj
 0001:00004d50       ?AtlLoadTypeLib@ATL@@YAJPEAUHINSTANCE__@@PEB_WPEAPEA_WPEAPEAUITypeLib@@@Z 0000000180005d50 f i Scanner.obj
 0001:00004fac       ?AtlRegisterClassCategoriesHelper@ATL@@YAJAEBU_GUID@@PEBU_ATL_CATMAP_ENTRY@1@H@Z 0000000180005fac f i Scanner.obj
 0001:00005430       ?AtlRegisterTypeLib@ATL@@YAJPEAUHINSTANCE__@@PEB_W@Z 0000000180006430 f i Scanner.obj
 0001:0000562c       ?AtlThrowImpl@ATL@@YAXJ@Z  000000018000662c f i Scanner.obj
 0001:00005650       ?AtlUnRegisterTypeLib@ATL@@YAJPEAUHINSTANCE__@@PEB_W@Z 0000000180006650 f i Scanner.obj
 0001:00005718       ?AtlWinModuleExtractCreateWndData@ATL@@YAPEAXPEAU_ATL_WIN_MODULE70@1@@Z 0000000180006718 f i Scanner.obj
 0001:000057a4       ?Cleanup@CComTypeInfoHolder@ATL@@SAX_K@Z 00000001800067a4 f i Scanner.obj
 0001:000057e4       ?ClearReplacements@CExpansionVector@ATL@@QEAAJXZ 00000001800067e4 f i Scanner.obj
 0001:00005880       ?CreateInstance@?$CComCreator@V?$CComAggObject@VCOPOSScanner@@@ATL@@@ATL@@SAJPEAXAEBU_GUID@@PEAPEAX@Z 0000000180006880 f i Scanner.obj
 0001:00005970       ?CreateInstance@?$CComCreator@V?$CComObject@VCOPOSScanner@@@ATL@@@ATL@@SAJPEAXAEBU_GUID@@PEAPEAX@Z 0000000180006970 f i Scanner.obj
 0001:00005a28       ?CreateInstance@?$CComObject@V?$CComEnum@UIEnumConnectionPoints@@$1?_GUID_b196b285_bab4_101a_b69c_00aa00341d07@@3U__s_GUID@@BPEAUIConnectionPoint@@V?$_CopyInterface@UIConnectionPoint@@@ATL@@VCComSingleThreadModel@6@@ATL@@@ATL@@SAJPEAPEAV12@@Z 0000000180006a28 f i Scanner.obj
 0001:00005ab4       ?CreateInstance@?$CComObject@V?$CComEnum@UIEnumConnections@@$1?_GUID_b196b287_bab4_101a_b69c_00aa00341d07@@3U__s_GUID@@BUtagCONNECTDATA@@V?$_Copy@UtagCONNECTDATA@@@ATL@@VCComSingleThreadModel@6@@ATL@@@ATL@@SAJPEAPEAV12@@Z 0000000180006ab4 f i Scanner.obj
 0001:00005b40       ?DefaultReflectionHandler@?$CWindowImplRoot@VCWindow@ATL@@@ATL@@SAHPEAUHWND__@@I_K_JAEA_J@Z 0000000180006b40 f i Scanner.obj
 0001:00005ba4       ?DeleteSubKey@CRegKey@ATL@@QEAAJPEB_W@Z 0000000180006ba4 f i Scanner.obj
 0001:00005c3c       ?DoEvent@COPOSScanner@@IEAAXI_K_J@Z 0000000180006c3c f i Scanner.obj
 0001:00005cf0       ?DoVerbPrimary@?$IOleObjectImpl@VCOPOSScanner@@@ATL@@QEAAJPEBUtagRECT@@PEAUHWND__@@@Z 0000000180006cf0 f i Scanner.obj
 0001:00005e1c       ?DoVerbProperties@CComControlBase@ATL@@QEAAJPEBUtagRECT@@PEAUHWND__@@@Z 0000000180006e1c f i Scanner.obj
 0001:00006044       ?FireTheEvent@?$CProxy_IOPOSEvents@VCOPOSScanner@@@@IEAAXPEAVOposVariant@@IAEAJPEB_WJ@Z 0000000180007044 f i Scanner.obj
 0001:00006130       ?FireViewChange@CComControlBase@ATL@@QEAAJXZ 0000000180007130 f i Scanner.obj
 0001:00006194       ?Fire_DataEvent@?$CProxy_IOPOSEvents@VCOPOSScanner@@@@QEAAXJ@Z 0000000180007194 f i Scanner.obj
 0001:00006280       ?Fire_DirectIOEvent@?$CProxy_IOPOSEvents@VCOPOSScanner@@@@QEAAXJPEAJPEAPEA_W@Z 0000000180007280 f i Scanner.obj
 0001:000063d8       ?Fire_ErrorEvent@?$CProxy_IOPOSEvents@VCOPOSScanner@@@@QEAAXJJJPEAJ@Z 00000001800073d8 f i Scanner.obj
 0001:00006540       ?Fire_StatusUpdateEvent@?$CProxy_IOPOSEvents@VCOPOSScanner@@@@QEAAXJ@Z 0000000180007540 f i Scanner.obj
 0001:0000662c       ?FreeHeap@?$CTempBuffer@_W$0EAA@VCCRTAllocator@ATL@@@ATL@@AEAAXXZ 000000018000762c f i Scanner.obj
 0001:0000662c       ?FreeHeap@?$CTempBuffer@E$0BAA@VCCRTAllocator@ATL@@@ATL@@AEAAXXZ 000000018000762c f i Scanner.obj
 0001:0000662c       ?FreeHeap@?$CTempBuffer@_W$0BAA@VCCRTAllocator@ATL@@@ATL@@AEAAXXZ 000000018000762c f i Scanner.obj
 0001:00006634       ?GetAmbientLocaleID@CComControlBase@ATL@@QEAAJAEAK@Z 0000000180007634 f i Scanner.obj
 0001:000066f4       ?GetAmbientUserMode@CComControlBase@ATL@@QEAAJAEAH@Z 00000001800076f4 f i Scanner.obj
 0001:000067c4       ?GetClassObject@CComModule@ATL@@QEAAJAEBU_GUID@@0PEAPEAX@Z 00000001800077c4 f i Scanner.obj
 0001:000068b8       ?GetConnMap@COPOSScanner@@SAPEBU_ATL_CONNMAP_ENTRY@ATL@@PEAH@Z 00000001800078b8 f i Scanner.obj
 0001:00006940       ?GetIDsOfNames@CComTypeInfoHolder@ATL@@QEAAJAEBU_GUID@@PEAPEA_WIKPEAJ@Z 0000000180007940 f i Scanner.obj
 0001:00006ab8       ?GetPagesHelper@?$ISpecifyPropertyPagesImpl@VCOPOSScanner@@@ATL@@IEAAJPEAUtagCAUUID@@PEBUATL_PROPMAP_ENTRY@2@@Z 0000000180007ab8 f i Scanner.obj
 0001:00006c58       ?GetSizeMax@CComVariant@ATL@@QEBAJPEAT_ULARGE_INTEGER@@@Z 0000000180007c58 f i Scanner.obj
 0001:00006e8c       ?GetTI@CComTypeInfoHolder@ATL@@QEAAJK@Z 0000000180007e8c f i Scanner.obj
 0001:00007184       ?GetZoomInfo@CComControlBase@ATL@@QEAAXAEAUATL_DRAWINFO@@@Z 0000000180008184 f i Scanner.obj
 0001:00007228       ?HKeyFromString@CRegParser@ATL@@KAPEAUHKEY__@@PEA_W@Z 0000000180008228 f i Scanner.obj
 0001:0000728c       ?IDataObject_GetData@CComControlBase@ATL@@QEAAJPEAUtagFORMATETC@@PEAUtagSTGMEDIUM@@@Z 000000018000828c f i Scanner.obj
 0001:00007480       ?IOleInPlaceObject_InPlaceDeactivate@CComControlBase@ATL@@QEAAJXZ 0000000180008480 f i Scanner.obj
 0001:00007520       ?IOleInPlaceObject_SetObjectRects@CComControlBase@ATL@@QEAAJPEBUtagRECT@@0@Z 0000000180008520 f i Scanner.obj
 0001:00007610       ?IOleInPlaceObject_UIDeactivate@CComControlBase@ATL@@QEAAJXZ 0000000180008610 f i Scanner.obj
 0001:0000771c       ?IOleObject_Close@CComControlBase@ATL@@QEAAJK@Z 000000018000871c f i Scanner.obj
 0001:00007834       ?IOleObject_SetClientSite@CComControlBase@ATL@@QEAAJPEAUIOleClientSite@@@Z 0000000180008834 f i Scanner.obj
 0001:000078ac       ?IOleObject_SetExtent@CComControlBase@ATL@@QEAAJKPEAUtagSIZE@@@Z 00000001800088ac f i Scanner.obj
 0001:00007944       ?IPSI_GetIPersistStreamInit@?$IPersistStorageImpl@VCOPOSScanner@@@ATL@@AEAAPEAUIPersistStreamInit@@XZ 0000000180008944 f i Scanner.obj
 0001:00007a2c       ?IPersistStreamInit_Load@?$IPersistStreamInitImpl@VCOPOSScanner@@@ATL@@QEAAJPEAUIStream@@PEBUATL_PROPMAP_ENTRY@2@@Z 0000000180008a2c f i Scanner.obj
 0001:00007d60       ?IPersistStreamInit_Save@?$IPersistStreamInitImpl@VCOPOSScanner@@@ATL@@QEAAJPEAUIStream@@HPEBUATL_PROPMAP_ENTRY@2@@Z 0000000180008d60 f i Scanner.obj
 0001:00008004       ?IQuickActivate_QuickActivate@CComControlBase@ATL@@QEAAJPEAUtagQACONTAINER@@PEAUtagQACONTROL@@@Z 0000000180009004 f i Scanner.obj
 0001:000082c8       ?IViewObject_Draw@CComControlBase@ATL@@QEAAJKJPEAXPEAUtagDVTARGETDEVICE@@PEAUHDC__@@2PEBU_RECTL@@3@Z 00000001800092c8 f i Scanner.obj
 0001:000083dc       ?InPlaceActivate@CComControlBase@ATL@@QEAAJJPEBUtagRECT@@@Z 00000001800093dc f i Scanner.obj
 0001:00008714       ?Init@?$CComEnumImpl@UIEnumConnectionPoints@@$1?_GUID_b196b285_bab4_101a_b69c_00aa00341d07@@3U__s_GUID@@BPEAUIConnectionPoint@@V?$_CopyInterface@UIConnectionPoint@@@ATL@@@ATL@@QEAAJPEAPEAUIConnectionPoint@@0PEAUIUnknown@@W4CComEnumFlags@2@@Z 0000000180009714 f i Scanner.obj
 0001:00008834       ?Init@?$CComEnumImpl@UIEnumConnections@@$1?_GUID_b196b287_bab4_101a_b69c_00aa00341d07@@3U__s_GUID@@BUtagCONNECTDATA@@V?$_Copy@UtagCONNECTDATA@@@ATL@@@ATL@@QEAAJPEAUtagCONNECTDATA@@0PEAUIUnknown@@W4CComEnumFlags@2@@Z 0000000180009834 f i Scanner.obj
 0001:00008958       ?IsEqualObject@?$CComPtrBase@UIOleClientSite@@@ATL@@QEAA_NPEAUIUnknown@@@Z 0000000180009958 f i Scanner.obj
 0001:000089e4       ?LoadNameCache@CComTypeInfoHolder@ATL@@QEAAJPEAUITypeInfo@@@Z 00000001800099e4 f i Scanner.obj
 0001:00008b64       ?Lookup@?$CSimpleMap@PEA_WPEA_WVCExpansionVectorEqualHelper@ATL@@@ATL@@QEBAPEA_WAEBQEA_W@Z 0000000180009b64 f i Scanner.obj
 0001:00008bf0       ?NextToken@CRegParser@ATL@@IEAAJPEA_W@Z 0000000180009bf0 f i Scanner.obj
 0001:00008da8       ?OnKillFocus@CComControlBase@ATL@@QEAA_JI_K_JAEAH@Z 0000000180009da8 f i Scanner.obj
 0001:00008e44       ?OnMouseActivate@CComControlBase@ATL@@QEAA_JI_K_JAEAH@Z 0000000180009e44 f i Scanner.obj
 0001:00008ee4       ?OnPaint@CComControlBase@ATL@@QEAA_JI_K_JAEAH@Z 0000000180009ee4 f i Scanner.obj
 0001:00008fd0       ?OnSetFocus@CComControlBase@ATL@@QEAA_JI_K_JAEAH@Z 0000000180009fd0 f i Scanner.obj
 0001:000090cc       ?PreProcessBuffer@CRegParser@ATL@@QEAAJPEA_WPEAPEA_W@Z 000000018000a0cc f i Scanner.obj
 0001:00009450       ?ProcessWindowMessage@?$CComControl@VCOPOSScanner@@V?$CWindowImpl@VCOPOSScanner@@VCWindow@ATL@@V?$CWinTraits@$0FGAAAAAA@$0A@@3@@ATL@@@ATL@@UEAAHPEAUHWND__@@I_K_JAEA_JK@Z 000000018000a450 f i Scanner.obj
 0001:00009534       ?ReadFromStream@CComBSTR@ATL@@QEAAJPEAUIStream@@@Z 000000018000a534 f i Scanner.obj
 0001:00009690       ?ReadFromStream@CComVariant@ATL@@QEAAJPEAUIStream@@GTClassesAllowedInStream@2@K@Z 000000018000a690 f i Scanner.obj
 0001:000098a0       ?RecurseDeleteKey@CRegKey@ATL@@QEAAJPEB_W@Z 000000018000a8a0 f i Scanner.obj
 0001:000099f8       ?RegCreateKeyExW@CAtlTransactionManager@ATL@@QEAAJPEAUHKEY__@@PEB_WKPEA_WKKQEAU_SECURITY_ATTRIBUTES@@PEAPEAU3@PEAK@Z 000000018000a9f8 f i Scanner.obj
 0001:00009b2c       ?RegDeleteKeyW@CAtlTransactionManager@ATL@@QEAAJPEAUHKEY__@@PEB_W@Z 000000018000ab2c f i Scanner.obj
 0001:00009bb8       ?RegOpenKeyExW@CAtlTransactionManager@ATL@@QEAAJPEAUHKEY__@@PEB_WKKPEAPEAU3@@Z 000000018000abb8 f i Scanner.obj
 0001:00009c70       ?RegisterBuffer@CRegParser@ATL@@QEAAJPEA_WH@Z 000000018000ac70 f i Scanner.obj
 0001:00009dd8       ?RegisterFromResource@CRegObject@ATL@@IEAAJPEB_W00H@Z 000000018000add8 f i Scanner.obj
 0001:00009f94       ?RegisterServer@CComModule@ATL@@QEAAJHPEBU_GUID@@@Z 000000018000af94 f i Scanner.obj
 0001:0000a054       ?RegisterSubkeys@CRegParser@ATL@@IEAAJPEA_WPEAUHKEY__@@HH@Z 000000018000b054 f i Scanner.obj
 0001:0000a8c0       ?SendOnDataChange@CComControlBase@ATL@@QEAAJK@Z 000000018000b8c0 f i Scanner.obj
 0001:0000a930       ?SetControlFocus@CComControlBase@ATL@@QEAAHH@Z 000000018000b930 f i Scanner.obj
 0001:0000aa0c       ?SkipAssignment@CRegParser@ATL@@IEAAJPEA_W@Z 000000018000ba0c f i Scanner.obj
 0001:0000aab0       ?Term@CAtlModule@ATL@@QEAAXXZ 000000018000bab0 f i Scanner.obj
 0001:0000ab30       ?Term@CComModule@ATL@@QEAAXXZ 000000018000bb30 f i Scanner.obj
 0001:0000abac       ?UnregisterServer@CComModule@ATL@@QEAAJHPEBU_GUID@@@Z 000000018000bbac f i Scanner.obj
 0001:0000ac5c       ?UpdateRegistryFromResource@CAtlModule@ATL@@QEAAJIHPEAU_ATL_REGMAP_ENTRY@2@@Z 000000018000bc5c f i Scanner.obj
 0001:0000af68       ?UpdateRegistryFromResource@CAtlModule@ATL@@QEAAJPEB_WHPEAU_ATL_REGMAP_ENTRY@2@@Z 000000018000bf68 f i Scanner.obj
 0001:0000b28c       ?VTFromRegType@CRegParser@ATL@@KAHPEB_WAEAG@Z 000000018000c28c f i Scanner.obj
 0001:0000b328       ?WindowProc@?$CWindowImplBaseT@VCWindow@ATL@@V?$CWinTraits@$0FGAAAAAA@$0A@@2@@ATL@@SA_JPEAUHWND__@@I_K_J@Z 000000018000c328 f i Scanner.obj
 0001:0000b494       ?WriteToStream@CComVariant@ATL@@QEAAJPEAUIStream@@@Z 000000018000c494 f i Scanner.obj
 0001:0000b6e8       ?WriteToStream@CComVariant@ATL@@QEAAJPEAUIStream@@G@Z 000000018000c6e8 f i Scanner.obj
 0001:0000b780       ?_AtlVerifyStackAvailable@_ATL_SAFE_ALLOCA_IMPL@ATL@@YA_N_K@Z 000000018000c780 f i Scanner.obj
 0001:0000b804       ?atlCreate@?$CWindowImpl@VCOPOSScanner@@VCWindow@ATL@@V?$CWinTraits@$0FGAAAAAA@$0A@@3@@ATL@@QEAAPEAUHWND__@@PEAU3@V_U_RECT@2@PEB_WKKV_U_MENUorID@2@PEAX@Z 000000018000c804 f i Scanner.obj
 0001:0000b8b4       ?atlCreate@?$CWindowImplBaseT@VCWindow@ATL@@V?$CWinTraits@$0FGAAAAAA@$0A@@2@@ATL@@QEAAPEAUHWND__@@PEAU3@V_U_RECT@2@PEB_WKKV_U_MENUorID@2@GPEAX@Z 000000018000c8b4 f i Scanner.obj
 0001:0000ba24       ?ocscpy_s@@YA_NPEA_W_KPEB_W@Z 000000018000ca24 f i Scanner.obj
 0001:0000bad4       DllCanUnloadNow            000000018000cad4 f   Scanner.obj
 0001:0000bae0       DllGetClassObject          000000018000cae0 f   Scanner.obj
 0001:0000baf8       DllMain                    000000018000caf8 f   Scanner.obj
 0001:0000bba0       DllRegisterServer          000000018000cba0 f   Scanner.obj
 0001:0000bbb4       DllUnregisterServer        000000018000cbb4 f   Scanner.obj
 0001:0000bbc8       __local_stdio_printf_options 000000018000cbc8 f i Scanner.obj
 0001:0000bbd0       swprintf_s                 000000018000cbd0 f i Scanner.obj
 0001:0000bc24       ??0COPOSScanner@@QEAA@XZ   000000018000cc24 f   ScannerImpl.obj
 0001:0000bcec       ??1?$IConnectionPointImpl@VCOPOSScanner@@$1?DIID__IOPOSScannerEvents@@3U_GUID@@BVCComDynamicUnkArray@ATL@@@ATL@@QEAA@XZ 000000018000ccec f i ScannerImpl.obj
 0001:0000bcec       ??1?$IConnectionPointImpl@VCOPOSScanner@@$1?IID_IPropertyNotifySink@@3U_GUID@@BVCComDynamicUnkArray@ATL@@@ATL@@QEAA@XZ 000000018000ccec f i ScannerImpl.obj
 0001:0000bd48       ??1CComControlBase@ATL@@UEAA@XZ 000000018000cd48 f i ScannerImpl.obj
 0001:0000bdc4       ??1COPOSScanner@@UEAA@XZ   000000018000cdc4 f   ScannerImpl.obj
 0001:0000be28       ?CheckHealth@COPOSScanner@@UEAAJJPEAJ@Z 000000018000ce28 f   ScannerImpl.obj
 0001:0000bea4       ?ClaimDevice@COPOSScanner@@UEAAJJPEAJ@Z 000000018000cea4 f   ScannerImpl.obj
 0001:0000bf44       ?ClearInput@COPOSScanner@@UEAAJPEAJ@Z 000000018000cf44 f   ScannerImpl.obj
 0001:0000bf6c       ?ClearInputProperties@COPOSScanner@@UEAAJPEAJ@Z 000000018000cf6c f   ScannerImpl.obj
 0001:0000bf94       ?Close@COPOSScanner@@UEAAJPEAJ@Z 000000018000cf94 f   ScannerImpl.obj
 0001:0000c04c       ?CompareFirmwareVersion@COPOSScanner@@UEAAJPEA_WPEAJ1@Z 000000018000d04c f   ScannerImpl.obj
 0001:0000c128       ?DirectIO@COPOSScanner@@UEAAJJPEAJPEAPEA_W0@Z 000000018000d128 f   ScannerImpl.obj
 0001:0000c224       ?DoInvoke@COPOSScanner@@IEAAJJPEAVOposVariant@@IHPEAJ_N@Z 000000018000d224 f   ScannerImpl.obj
 0001:0000c358       ?EventInit@COPOSScanner@@IEAAJXZ 000000018000d358 f i ScannerImpl.obj
 0001:0000c4a0       ?EventUninit@COPOSScanner@@IEAAXXZ 000000018000d4a0 f i ScannerImpl.obj
 0001:0000c504       ?EventWindowProc@COPOSScanner@@IEAA_JI_K_J@Z 000000018000d504 f i ScannerImpl.obj
 0001:0000c690       ?FinalConstruct@COPOSScanner@@QEAAJXZ 000000018000d690 f   ScannerImpl.obj
 0001:0000c6cc       ?FreezeEvents@COPOSScanner@@MEAAJH@Z 000000018000d6cc f   ScannerImpl.obj
 0001:0000c740       ?GetOposProp@COPOSScanner@@IEAAJJPEAJJ@Z 000000018000d740 f   ScannerImpl.obj
 0001:0000c85c       ?GetOposProp@COPOSScanner@@IEAAJJPEAPEA_WJ@Z 000000018000d85c f   ScannerImpl.obj
 0001:0000c988       ?OnDraw@COPOSScanner@@MEAAJAEAUATL_DRAWINFO@@@Z 000000018000d988 f   ScannerImpl.obj
 0001:0000ca74       ?Open@COPOSScanner@@UEAAJPEA_WPEAJ@Z 000000018000da74 f   ScannerImpl.obj
 0001:0000d2fc       ?ReleaseDevice@COPOSScanner@@UEAAJPEAJ@Z 000000018000e2fc f   ScannerImpl.obj
 0001:0000d368       ?ResetStatistics@COPOSScanner@@UEAAJPEA_WPEAJ@Z 000000018000e368 f   ScannerImpl.obj
 0001:0000d3f0       ?RetrieveStatistics@COPOSScanner@@UEAAJPEAPEA_WPEAJ@Z 000000018000e3f0 f   ScannerImpl.obj
 0001:0000d478       ?SOProcessID@COPOSScanner@@UEAAJPEAJ@Z 000000018000e478 f   ScannerImpl.obj
 0001:0000d494       ?SetCOFreezeEvents@COPOSScanner@@IEAAXF@Z 000000018000e494 f   ScannerImpl.obj
 0001:0000d578       ?SetOposProp@COPOSScanner@@IEAAJJJJ@Z 000000018000e578 f   ScannerImpl.obj
 0001:0000d6d8       ?UpdateFirmware@COPOSScanner@@UEAAJPEA_WPEAJ@Z 000000018000e6d8 f   ScannerImpl.obj
 0001:0000d760       ?UpdateStatistics@COPOSScanner@@UEAAJPEA_WPEAJ@Z 000000018000e760 f   ScannerImpl.obj
 0001:0000d7e8       ?get_AutoDisable@COPOSScanner@@UEAAJPEAF@Z 000000018000e7e8 f   ScannerImpl.obj
 0001:0000d81c       ?get_BinaryConversion@COPOSScanner@@UEAAJPEAJ@Z 000000018000e81c f   ScannerImpl.obj
 0001:0000d830       ?get_CapCompareFirmwareVersion@COPOSScanner@@UEAAJPEAF@Z 000000018000e830 f   ScannerImpl.obj
 0001:0000d864       ?get_CapPowerReporting@COPOSScanner@@UEAAJPEAJ@Z 000000018000e864 f   ScannerImpl.obj
 0001:0000d878       ?get_CapStatisticsReporting@COPOSScanner@@UEAAJPEAF@Z 000000018000e878 f   ScannerImpl.obj
 0001:0000d8ac       ?get_CapUpdateFirmware@COPOSScanner@@UEAAJPEAF@Z 000000018000e8ac f   ScannerImpl.obj
 0001:0000d8e0       ?get_CapUpdateStatistics@COPOSScanner@@UEAAJPEAF@Z 000000018000e8e0 f   ScannerImpl.obj
 0001:0000d914       ?get_CheckHealthText@COPOSScanner@@UEAAJPEAPEA_W@Z 000000018000e914 f   ScannerImpl.obj
 0001:0000d924       ?get_Claimed@COPOSScanner@@UEAAJPEAF@Z 000000018000e924 f   ScannerImpl.obj
 0001:0000d954       ?get_ControlObjectDescription@COPOSScanner@@UEAAJPEAPEA_W@Z 000000018000e954 f   ScannerImpl.obj
 0001:0000d9b8       ?get_ControlObjectVersion@COPOSScanner@@UEAAJPEAJ@Z 000000018000e9b8 f   ScannerImpl.obj
 0001:0000d9c4       ?get_DataCount@COPOSScanner@@UEAAJPEAJ@Z 000000018000e9c4 f   ScannerImpl.obj
 0001:0000d9d8       ?get_DataEventEnabled@COPOSScanner@@UEAAJPEAF@Z 000000018000e9d8 f   ScannerImpl.obj
 0001:0000da08       ?get_DecodeData@COPOSScanner@@UEAAJPEAF@Z 000000018000ea08 f   ScannerImpl.obj
 0001:0000da3c       ?get_DeviceDescription@COPOSScanner@@UEAAJPEAPEA_W@Z 000000018000ea3c f   ScannerImpl.obj
 0001:0000da4c       ?get_DeviceEnabled@COPOSScanner@@UEAAJPEAF@Z 000000018000ea4c f   ScannerImpl.obj
 0001:0000da7c       ?get_DeviceName@COPOSScanner@@UEAAJPEAPEA_W@Z 000000018000ea7c f   ScannerImpl.obj
 0001:0000da8c       ?get_FreezeEvents@COPOSScanner@@UEAAJPEAF@Z 000000018000ea8c f   ScannerImpl.obj
 0001:0000dabc       ?get_OpenResult@COPOSScanner@@UEAAJPEAJ@Z 000000018000eabc f   ScannerImpl.obj
 0001:0000dac8       ?get_PowerNotify@COPOSScanner@@UEAAJPEAJ@Z 000000018000eac8 f   ScannerImpl.obj
 0001:0000dadc       ?get_PowerState@COPOSScanner@@UEAAJPEAJ@Z 000000018000eadc f   ScannerImpl.obj
 0001:0000daf0       ?get_ResultCode@COPOSScanner@@UEAAJPEAJ@Z 000000018000eaf0 f   ScannerImpl.obj
 0001:0000db2c       ?get_ResultCodeExtended@COPOSScanner@@UEAAJPEAJ@Z 000000018000eb2c f   ScannerImpl.obj
 0001:0000db3c       ?get_ScanData@COPOSScanner@@UEAAJPEAPEA_W@Z 000000018000eb3c f   ScannerImpl.obj
 0001:0000db4c       ?get_ScanDataLabel@COPOSScanner@@UEAAJPEAPEA_W@Z 000000018000eb4c f   ScannerImpl.obj
 0001:0000db60       ?get_ScanDataType@COPOSScanner@@UEAAJPEAJ@Z 000000018000eb60 f   ScannerImpl.obj
 0001:0000db74       ?get_ServiceObjectDescription@COPOSScanner@@UEAAJPEAPEA_W@Z 000000018000eb74 f   ScannerImpl.obj
 0001:0000db84       ?get_ServiceObjectVersion@COPOSScanner@@UEAAJPEAJ@Z 000000018000eb84 f   ScannerImpl.obj
 0001:0000db94       ?get_State@COPOSScanner@@UEAAJPEAJ@Z 000000018000eb94 f   ScannerImpl.obj
 0001:0000dbc0       ?put_AutoDisable@COPOSScanner@@UEAAJF@Z 000000018000ebc0 f   ScannerImpl.obj
 0001:0000dbd8       ?put_BinaryConversion@COPOSScanner@@UEAAJJ@Z 000000018000ebd8 f   ScannerImpl.obj
 0001:0000dbec       ?put_DataEventEnabled@COPOSScanner@@UEAAJF@Z 000000018000ebec f   ScannerImpl.obj
 0001:0000dc04       ?put_DecodeData@COPOSScanner@@UEAAJF@Z 000000018000ec04 f   ScannerImpl.obj
 0001:0000dc20       ?put_DeviceEnabled@COPOSScanner@@UEAAJF@Z 000000018000ec20 f   ScannerImpl.obj
 0001:0000dc38       ?put_FreezeEvents@COPOSScanner@@UEAAJF@Z 000000018000ec38 f   ScannerImpl.obj
 0001:0000dc88       ?put_PowerNotify@COPOSScanner@@UEAAJJ@Z 000000018000ec88 f   ScannerImpl.obj
 0001:0000dc9c       ?s_EventWindowProc@COPOSScanner@@KA_JPEAUHWND__@@I_K_J@Z 000000018000ec9c f i ScannerImpl.obj
 0001:0000dd18       ??_U@YAPEAX_K@Z            000000018000ed18 f   LIBCMT:new_array.obj
 0001:0000dd20       ??3@YAXPEAX_K@Z            000000018000ed20 f   LIBCMT:delete_scalar_size.obj
 0001:0000dd20       ??_V@YAXPEAX@Z             000000018000ed20 f   LIBCMT:delete_array.obj
 0001:0000dd28       ??_V@YAXPEAX_K@Z           000000018000ed28 f   LIBCMT:delete_array_size.obj
 0001:0000dd30       __scrt_acquire_startup_lock 000000018000ed30 f   LIBCMT:utility.obj
 0001:0000dd6c       __scrt_dllmain_after_initialize_c 000000018000ed6c f   LIBCMT:utility.obj
 0001:0000dda0       __scrt_dllmain_before_initialize_c 000000018000eda0 f   LIBCMT:utility.obj
 0001:0000ddb8       __scrt_dllmain_crt_thread_attach 000000018000edb8 f   LIBCMT:utility.obj
 0001:0000dde0       __scrt_dllmain_crt_thread_detach 000000018000ede0 f   LIBCMT:utility.obj
 0001:0000ddf8       __scrt_dllmain_exception_filter 000000018000edf8 f   LIBCMT:utility.obj
 0001:0000de58       __scrt_dllmain_uninitialize_c 000000018000ee58 f   LIBCMT:utility.obj
 0001:0000de88       __scrt_dllmain_uninitialize_critical 000000018000ee88 f   LIBCMT:utility.obj
 0001:0000de9c       __scrt_initialize_crt      000000018000ee9c f   LIBCMT:utility.obj
 0001:0000dee8       __scrt_initialize_onexit_tables 000000018000eee8 f   LIBCMT:utility.obj
 0001:0000df74       __scrt_is_nonwritable_in_current_image 000000018000ef74 f   LIBCMT:utility.obj
 0001:0000e00c       __scrt_release_startup_lock 000000018000f00c f   LIBCMT:utility.obj
 0001:0000e030       __scrt_uninitialize_crt    000000018000f030 f   LIBCMT:utility.obj
 0001:0000e05c       _onexit                    000000018000f05c f   LIBCMT:utility.obj
 0001:0000e098       atexit                     000000018000f098 f   LIBCMT:utility.obj
 0001:0000e0b0       ??3@YAXPEAX@Z              000000018000f0b0 f   LIBCMT:delete_scalar.obj
 0001:0000e1b0       _Init_thread_footer        000000018000f1b0 f   LIBCMT:thread_safe_statics.obj
 0001:0000e210       _Init_thread_header        000000018000f210 f   LIBCMT:thread_safe_statics.obj
 0001:0000e278       _Init_thread_notify        000000018000f278 f   LIBCMT:thread_safe_statics.obj
 0001:0000e2bc       _Init_thread_wait          000000018000f2bc f   LIBCMT:thread_safe_statics.obj
 0001:0000e320       __raise_securityfailure    000000018000f320 f   LIBCMT:gs_report.obj
 0001:0000e354       __report_gsfailure         000000018000f354 f   LIBCMT:gs_report.obj
 0001:0000e428       __report_rangecheckfailure 000000018000f428 f   LIBCMT:gs_report.obj
 0001:0000e43c       __report_securityfailure   000000018000f43c f   LIBCMT:gs_report.obj
 0001:0000e5bc       ??2@YAPEAX_KAEBUnothrow_t@std@@@Z 000000018000f5bc f   LIBCMT:new_scalar_nothrow.obj
 0001:0000e5dc       ??_U@YAPEAX_KAEBUnothrow_t@std@@@Z 000000018000f5dc f   LIBCMT:new_array_nothrow.obj
 0001:0000e5e4       __GSHandlerCheck           000000018000f5e4 f   LIBCMT:gshandler.obj
 0001:0000e604       __GSHandlerCheckCommon     000000018000f604 f   LIBCMT:gshandler.obj
 0001:0000e660       __GSHandlerCheck_SEH       000000018000f660 f   LIBCMT:gshandlerseh.obj
 0001:0000e700       _alloca_probe              000000018000f700 f   LIBCMT:chkstk.obj
 0001:0000e700       __chkstk                   000000018000f700 f   LIBCMT:chkstk.obj
 0001:0000e770       __security_check_cookie    000000018000f770 f   LIBCMT:amdsecgs.obj
 0001:0000eab4       _DllMainCRTStartup         000000018000fab4 f   LIBCMT:dll_dllmain.obj
 0001:0000eaf4       ??2@YAPEAX_K@Z             000000018000faf4 f   LIBCMT:new_scalar.obj
 0001:0000eb30       __isa_available_init       000000018000fb30 f   LIBCMT:cpu_disp.obj
 0001:0000ecd4       __scrt_is_ucrt_dll_in_use  000000018000fcd4 f   LIBCMT:ucrt_detection.obj
 0001:0000ece0       __crt_debugger_hook        000000018000fce0 f   LIBCMT:utility_desktop.obj
 0001:0000ece8       __scrt_fastfail            000000018000fce8 f   LIBCMT:utility_desktop.obj
 0001:0000ee34       __security_init_cookie     000000018000fe34 f   LIBCMT:gs_support.obj
 0001:0000eee0       ?__scrt_initialize_type_info@@YAXXZ 000000018000fee0 f   LIBCMT:tncleanup.obj
 0001:0000eef0       ?__scrt_uninitialize_type_info@@YAXXZ 000000018000fef0 f   LIBCMT:tncleanup.obj
 0001:0000eefc       __local_stdio_scanf_options 000000018000fefc f i LIBCMT:default_local_stdio_options.obj
 0001:0000ef04       __scrt_initialize_default_local_stdio_options 000000018000ff04 f   LIBCMT:default_local_stdio_options.obj
 0001:0000ef20       __scrt_get_dyn_tls_init_callback 000000018000ff20 f   LIBCMT:dyn_tls_init.obj
 0001:0000ef28       _RTC_Initialize            000000018000ff28 f   LIBCMT:initsect.obj
 0001:0000ef64       _RTC_Terminate             000000018000ff64 f   LIBCMT:initsect.obj
 0001:0000efa0       ??0bad_alloc@std@@QEAA@AEBV01@@Z 000000018000ffa0 f i LIBCMT:throw_bad_alloc.obj
 0001:0000efdc       ??0bad_alloc@std@@QEAA@XZ  000000018000ffdc f i LIBCMT:throw_bad_alloc.obj
 0001:0000effc       ??0bad_array_new_length@std@@QEAA@AEBV01@@Z 000000018000fffc f i LIBCMT:throw_bad_alloc.obj
 0001:0000f038       ??0bad_array_new_length@std@@QEAA@XZ 0000000180010038 f i LIBCMT:throw_bad_alloc.obj
 0001:0000f058       ??0exception@std@@QEAA@AEBV01@@Z 0000000180010058 f i LIBCMT:throw_bad_alloc.obj
 0001:0000f08c       ??1bad_array_new_length@std@@UEAA@XZ 000000018001008c f i LIBCMT:throw_bad_alloc.obj
 0001:0000f08c       ??1bad_alloc@std@@UEAA@XZ  000000018001008c f i LIBCMT:throw_bad_alloc.obj
 0001:0000f08c       ??1bad_exception@std@@UEAA@XZ 000000018001008c f i libvcruntime:frame.obj
 0001:0000f0a0       ??_Gbad_alloc@std@@UEAAPEAXI@Z 00000001800100a0 f i LIBCMT:throw_bad_alloc.obj
 0001:0000f0a0       ??_Gbad_exception@std@@UEAAPEAXI@Z 00000001800100a0 f i libvcruntime:frame.obj
 0001:0000f0a0       ??_Gbad_array_new_length@std@@UEAAPEAXI@Z 00000001800100a0 f i LIBCMT:throw_bad_alloc.obj
 0001:0000f0a0       ??_Ebad_array_new_length@std@@UEAAPEAXI@Z 00000001800100a0 f i LIBCMT:throw_bad_alloc.obj
 0001:0000f0a0       ??_Eexception@std@@UEAAPEAXI@Z 00000001800100a0 f i LIBCMT:throw_bad_alloc.obj
 0001:0000f0a0       ??_Ebad_alloc@std@@UEAAPEAXI@Z 00000001800100a0 f i LIBCMT:throw_bad_alloc.obj
 0001:0000f0a0       ??_Ebad_exception@std@@UEAAPEAXI@Z 00000001800100a0 f i libvcruntime:frame.obj
 0001:0000f0a0       ??_Gexception@std@@UEAAPEAXI@Z 00000001800100a0 f i LIBCMT:throw_bad_alloc.obj
 0001:0000f0e4       ?__scrt_throw_std_bad_alloc@@YAXXZ 00000001800100e4 f   LIBCMT:throw_bad_alloc.obj
 0001:0000f104       ?__scrt_throw_std_bad_array_new_length@@YAXXZ 0000000180010104 f   LIBCMT:throw_bad_alloc.obj
 0001:0000f124       ?what@exception@std@@UEBAPEBDXZ 0000000180010124 f i LIBCMT:throw_bad_alloc.obj
 0001:0000f140       ??_Gtype_info@@UEAAPEAXI@Z 0000000180010140 f i LIBCMT:std_type_info_static.obj
 0001:0000f140       ??_Etype_info@@UEAAPEAXI@Z 0000000180010140 f i LIBCMT:std_type_info_static.obj
 0001:0000f16c       ??0CAtlBaseModule@ATL@@QEAA@XZ 000000018001016c f   atls:atlbase.obj
 0001:0000f214       ??1CAtlBaseModule@ATL@@QEAA@XZ 0000000180010214 f   atls:atlbase.obj
 0001:0000f348       ?__AllocStdCallThunk_cmn@@YAPEAXXZ 0000000180010348 f   atls:atlthunk.obj
 0001:0000f4a0       AtlThunk_AllocateData      00000001800104a0 f   atls:atlthunk.obj
 0001:0000f51c       AtlThunk_DataToCode        000000018001051c f   atls:atlthunk.obj
 0001:0000f570       AtlThunk_FreeData          0000000180010570 f   atls:atlthunk.obj
 0001:0000f5d0       AtlThunk_InitData          00000001800105d0 f   atls:atlthunk.obj
 0001:0000f678       _get_purecall_handler      0000000180010678 f   libvcruntime:purevirt.obj
 0001:0000f680       _purecall                  0000000180010680 f   libvcruntime:purevirt.obj
 0001:0000f69c       wcsstr                     000000018001069c f   libvcruntime:wcsstr.obj
 0001:0000f8d0       memcmp                     00000001800108d0 f   libvcruntime:memcmp.obj
 0001:0000f9b0       memcpy_repmovs             00000001800109b0 f   libvcruntime:memcpy.obj
 0001:0000f9d0       memcpy                     00000001800109d0 f   libvcruntime:memcpy.obj
 0001:0000f9d0       memmove                    00000001800109d0 f   libvcruntime:memcpy.obj
 0001:0000fdc0       memset_repmovs             0000000180010dc0 f   libvcruntime:memset.obj
 0001:0000fde0       memset                     0000000180010de0 f   libvcruntime:memset.obj
 0001:0000ff70       __vcrt_initialize          0000000180010f70 f   libvcruntime:initialization.obj
 0001:0000ff98       __vcrt_thread_attach       0000000180010f98 f   libvcruntime:initialization.obj
 0001:0000ffac       __vcrt_thread_detach       0000000180010fac f   libvcruntime:initialization.obj
 0001:0000ffc0       __vcrt_uninitialize        0000000180010fc0 f   libvcruntime:initialization.obj
 0001:0000ffdc       __vcrt_uninitialize_critical 0000000180010fdc f   libvcruntime:initialization.obj
 0001:0000ffec       __C_specific_handler       0000000180010fec f   libvcruntime:riscchandler.obj
 0001:000101f8       ??$_CallSETranslator@V__FrameHandler3@@@@YAHPEAUEHExceptionRecord@@PEA_KPEAU_CONTEXT@@PEAU_xDISPATCHER_CONTEXT@@PEBU_s_FuncInfo@@K1@Z 00000001800111f8 f i libvcruntime:risctrnsctrl.obj
 0001:0001024c       ?CatchTryBlock@__FrameHandler3@@SAPEBU_s_TryBlockMapEntry@@PEBU_s_FuncInfo@@H@Z 000000018001124c f   libvcruntime:risctrnsctrl.obj
 0001:000102a0       ?ExecutionInCatch@__FrameHandler3@@SA_NPEAU_xDISPATCHER_CONTEXT@@PEBU_s_FuncInfo@@@Z 00000001800112a0 f   libvcruntime:risctrnsctrl.obj
 0001:000102cc       ?FrameUnwindToEmptyState@__FrameHandler3@@SAXPEA_KPEAU_xDISPATCHER_CONTEXT@@PEBU_s_FuncInfo@@@Z 00000001800112cc f   libvcruntime:risctrnsctrl.obj
 0001:00010330       ?GetEstablisherFrame@__FrameHandler3@@SAPEA_KPEA_KPEAU_xDISPATCHER_CONTEXT@@PEBU_s_FuncInfo@@0@Z 0000000180011330 f   libvcruntime:risctrnsctrl.obj
 0001:000103fc       ?GetRangeOfTrysToCheck@__FrameHandler3@@SA?AU?$pair@Viterator@TryBlockMap@__FrameHandler3@@V123@@std@@AEAVTryBlockMap@1@HPEAU_xDISPATCHER_CONTEXT@@PEBU_s_FuncInfo@@H@Z 00000001800113fc f   libvcruntime:risctrnsctrl.obj
 0001:0001053c       ?UnwindNestedFrames@__FrameHandler3@@SAXPEA_KPEAUEHExceptionRecord@@PEAU_CONTEXT@@0PEAXPEBU_s_FuncInfo@@HHPEBU_s_HandlerType@@PEAU_xDISPATCHER_CONTEXT@@E@Z 000000018001153c f   libvcruntime:risctrnsctrl.obj
 0001:00010640       _CreateFrameInfo           0000000180011640 f   libvcruntime:risctrnsctrl.obj
 0001:0001067c       _FindAndUnlinkFrame        000000018001167c f   libvcruntime:risctrnsctrl.obj
 0001:000106d0       _GetImageBase              00000001800116d0 f   libvcruntime:risctrnsctrl.obj
 0001:000106e4       _GetThrowImageBase         00000001800116e4 f   libvcruntime:risctrnsctrl.obj
 0001:000106f8       _SetImageBase              00000001800116f8 f   libvcruntime:risctrnsctrl.obj
 0001:00010710       _SetThrowImageBase         0000000180011710 f   libvcruntime:risctrnsctrl.obj
 0001:00010728       __CxxFrameHandler3         0000000180011728 f   libvcruntime:risctrnsctrl.obj
 0001:000107b0       __DestructExceptionObject  00000001800117b0 f   libvcruntime:ehhelpers.obj
 0001:00010820       ?_CallMemberFunction0@@YAXQEAX0@Z 0000000180011820 f i libvcruntime:ehhelpers.obj
 0001:00010824       _IsExceptionObjectToBeDestroyed 0000000180011824 f   libvcruntime:ehhelpers.obj
 0001:00010854       __AdjustPointer            0000000180011854 f   libvcruntime:ehhelpers.obj
 0001:00010878       __FrameUnwindFilter        0000000180011878 f   libvcruntime:ehhelpers.obj
 0001:000108e0       __std_type_info_compare    00000001800118e0 f   libvcruntime:std_type_info.obj
 0001:00010908       __std_type_info_destroy_list 0000000180011908 f   libvcruntime:std_type_info.obj
 0001:00010934       __std_exception_copy       0000000180011934 f   libvcruntime:std_exception.obj
 0001:000109c4       __std_exception_destroy    00000001800119c4 f   libvcruntime:std_exception.obj
 0001:000109ec       _CxxThrowException         00000001800119ec f   libvcruntime:throw.obj
 0001:00010a8c       __vcrt_freefls             0000000180011a8c f   libvcruntime:per_thread_data.obj
 0001:00010aac       __vcrt_freeptd             0000000180011aac f   libvcruntime:per_thread_data.obj
 0001:00010afc       __vcrt_getptd              0000000180011afc f   libvcruntime:per_thread_data.obj
 0001:00010b18       __vcrt_getptd_noexit       0000000180011b18 f   libvcruntime:per_thread_data.obj
 0001:00010bd8       __vcrt_initialize_ptd      0000000180011bd8 f   libvcruntime:per_thread_data.obj
 0001:00010c20       __vcrt_uninitialize_ptd    0000000180011c20 f   libvcruntime:per_thread_data.obj
 0001:00010c44       __vcrt_initialize_locks    0000000180011c44 f   libvcruntime:locks.obj
 0001:00010c78       __vcrt_uninitialize_locks  0000000180011c78 f   libvcruntime:locks.obj
 0001:00010cc0       _NLG_Notify                0000000180011cc0 f   libvcruntime:notify.obj
 0001:00010ce0       __NLG_Dispatch2            0000000180011ce0 f   libvcruntime:notify.obj
 0001:00010cf0       __NLG_Return2              0000000180011cf0 f   libvcruntime:notify.obj
 0001:00010cf4       __except_validate_context_record 0000000180011cf4 f   libvcruntime:jbcxrval.obj
 0001:00010d2c       ?GetCurrentState@__FrameHandler3@@SAHPEA_KPEAU_xDISPATCHER_CONTEXT@@PEBU_s_FuncInfo@@@Z 0000000180011d2c f   libvcruntime:ehstate.obj
[...]
 0004:00001728       $pdata$?try_get_function@@YAPEAXW4function_id@?A0x391cf84c@@QEBDQEBW4module_id@2@2@Z 0000000180034728     libucrt:winapi_thunks.obj
 0004:00001734       $pdata$wcstol              0000000180034734     libucrt:strtox.obj
 0004:00001740       $pdata$_mbtowc_l           0000000180034740     libucrt:mbtowc.obj
 0004:0000174c       $pdata$__acrt_update_locale_info 000000018003474c     libucrt:locale_update.obj
 0004:00001758       $pdata$__acrt_update_multibyte_info 0000000180034758     libucrt:locale_update.obj
 0004:00001764       $pdata$__acrt_fp_format    0000000180034764     libucrt:cvt.obj
 0004:00001770       $pdata$?fp_format_e_internal@@YAHQEAD_KH_NIQEAU_strflt@@2QEAU__crt_locale_pointers@@@Z 0000000180034770     libucrt:cvt.obj
 0004:0000177c       $pdata$?fp_format_e@@YAHQEBNQEAD_K12H_NIQEAU__crt_locale_pointers@@@Z 000000018003477c     libucrt:cvt.obj
 0004:00001788       $pdata$?fp_format_a@@YAHQEBNPEAD_KQEAD2H_NIQEAU__crt_locale_pointers@@@Z 0000000180034788     libucrt:cvt.obj
 0004:00001794       $pdata$?fp_format_f_internal@@YAHQEAD_KHQEAU_strflt@@_NQEAU__crt_locale_pointers@@@Z 0000000180034794     libucrt:cvt.obj
 0004:000017a0       $pdata$?fp_format_g@@YAHQEBNQEAD_K12H_NIQEAU__crt_locale_pointers@@@Z 00000001800347a0     libucrt:cvt.obj
 0004:000017ac       $pdata$_fileno             00000001800347ac     libucrt:fileno.obj
 0004:000017b8       $pdata$__acrt_initialize_stdio 00000001800347b8     libucrt:_file.obj
 0004:000017c4       $pdata$__acrt_uninitialize_stdio 00000001800347c4     libucrt:_file.obj
 0004:000017d0       $pdata$__acrt_uninitialize_locale 00000001800347d0     libucrt:wsetlocale.obj
 0004:000017dc       $pdata$??$?RV<lambda_410d79af7f07d98d83a3f525b3859a53>@@AEAV<lambda_3e16ef9562a7dcce91392c22ab16ea36>@@V<lambda_38119f0e861e05405d8a144b9b982f0a>@@@?$__crt_seh_guarded_call@X@@QEAAX$$QEAV<lambda_410d79af7f07d98d83a3f525b3859a53>@@AEAV<lambda_3e16ef9562a7dcce91392c22ab16ea36>@@$$QEAV<lambda_38119f0e861e05405d8a144b9b982f0a>@@@Z 00000001800347dc     libucrt:wsetlocale.obj
 0004:000017e8       $pdata$?fin$0@?0???$?RV<lambda_410d79af7f07d98d83a3f525b3859a53>@@AEAV<lambda_3e16ef9562a7dcce91392c22ab16ea36>@@V<lambda_38119f0e861e05405d8a144b9b982f0a>@@@?$__crt_seh_guarded_call@X@@QEAAX$$QEAV<lambda_410d79af7f07d98d83a3f525b3859a53>@@AEAV<lambda_3e16ef9562a7dcce91392c22ab16ea36>@@$$QEAV<lambda_38119f0e861e05405d8a144b9b982f0a>@@@Z@4HA 00000001800347e8     libucrt:wsetlocale.obj
 0004:000017f4       $pdata$__acrt_initialize_lowio 00000001800347f4     libucrt:ioinit.obj
 0004:00001800       $pdata$__acrt_initialize_lowio$fin$0 0000000180034800     libucrt:ioinit.obj
 0004:00001800       $pdata$__acrt_lowio_ensure_fh_exists$fin$0 0000000180034800     libucrt:osfinfo.obj
 0004:0000180c       $pdata$__acrt_uninitialize_lowio 000000018003480c     libucrt:ioinit.obj
 0004:00001818       $pdata$?initialize_inherited_file_handles_nolock@@YAXXZ 0000000180034818     libucrt:ioinit.obj
 0004:00001824       $pdata$?initialize_stdio_handles_nolock@@YAXXZ 0000000180034824     libucrt:ioinit.obj
 0004:00001830       $pdata$__acrt_initialize_locks 0000000180034830     libucrt:locks.obj
 0004:0000183c       $pdata$__acrt_uninitialize_locks 000000018003483c     libucrt:locks.obj
 0004:00001848       $pdata$__acrt_get_process_end_policy 0000000180034848     libucrt:win_policies.obj
 0004:00001854       $pdata$??$__acrt_mbs_to_wcs_cp@U__crt_win32_buffer_internal_dynamic_resizing@@@@YAHQEBDAEAV?$__crt_win32_buffer@_WU__crt_win32_buffer_internal_dynamic_resizing@@@@I@Z 0000000180034854     libucrt:argv_wildcards.obj
 0004:00001860       $pdata$??$__acrt_wcs_to_mbs_cp@U__crt_win32_buffer_internal_dynamic_resizing@@@@YAHQEB_WAEAV?$__crt_win32_buffer@DU__crt_win32_buffer_internal_dynamic_resizing@@@@I@Z 0000000180034860     libucrt:argv_wildcards.obj
 0004:0000186c       $pdata$??$common_expand_argv_wildcards@D@@YAHQEAPEADQEAPEAPEAD@Z 000000018003486c     libucrt:argv_wildcards.obj
 0004:00001878       $pdata$??$copy_and_add_argument_to_buffer@D@@YAHQEBD0_KAEAV?$argument_list@D@?A0x5f5c8891@@@Z 0000000180034878     libucrt:argv_wildcards.obj
 0004:00001884       $pdata$??$expand_argument_wildcards@D@@YAHQEAD0AEAV?$argument_list@D@?A0x5f5c8891@@@Z 0000000180034884     libucrt:argv_wildcards.obj
 0004:00001890       $pdata$__acrt_GetModuleFileNameA 0000000180034890     libucrt:getmodulefilenamea.obj
 0004:0000189c       $pdata$??$__acrt_wcs_to_mbs_cp@U__crt_win32_buffer_no_resizing@@@@YAHQEB_WAEAV?$__crt_win32_buffer@DU__crt_win32_buffer_no_resizing@@@@I@Z 000000018003489c     libucrt:getmodulefilenamea.obj
 0004:000018a8       $pdata$__acrt_update_thread_multibyte_data 00000001800348a8     libucrt:mbctype.obj
 0004:000018b4       $pdata$__acrt_initialize_multibyte 00000001800348b4     libucrt:mbctype.obj
 0004:000018c0       $pdata$_setmbcp_nolock     00000001800348c0     libucrt:mbctype.obj
 0004:000018cc       $pdata$?getSystemCP@@YAHH@Z 00000001800348cc     libucrt:mbctype.obj
 0004:000018d8       $pdata$?setSBCS@@YAXPEAU__crt_multibyte_data@@@Z 00000001800348d8     libucrt:mbctype.obj
 0004:000018e4       $pdata$?update_thread_multibyte_data_internal@@YAPEAU__crt_multibyte_data@@QEAU__acrt_ptd@@QEAPEAU1@@Z 00000001800348e4     libucrt:mbctype.obj
 0004:000018f0       $pdata$?fin$0@?0??update_thread_multibyte_data_internal@@YAPEAU__crt_multibyte_data@@QEAU__acrt_ptd@@QEAPEAU1@@Z@4HA 00000001800348f0     libucrt:mbctype.obj
 0004:000018fc       $pdata$?setmbcp_internal@@YAHH_NQEAU__acrt_ptd@@QEAPEAU__crt_multibyte_data@@@Z 00000001800348fc     libucrt:mbctype.obj
 0004:00001908       $pdata$?setSBUpLow@@YAXPEAU__crt_multibyte_data@@@Z 0000000180034908     libucrt:mbctype.obj
 0004:00001914       $pdata$??$?RV<lambda_efdfa57d1f175319df784efa44bb7b81>@@AEAV<lambda_5f0a4c1567f8adc6734073e5d1e1b35c>@@V<lambda_2e8a7d3640ea6ccb4c2413664c2db6fd>@@@?$__crt_seh_guarded_call@X@@QEAAX$$QEAV<lambda_efdfa57d1f175319df784efa44bb7b81>@@AEAV<lambda_5f0a4c1567f8adc6734073e5d1e1b35c>@@$$QEAV<lambda_2e8a7d3640ea6ccb4c2413664c2db6fd>@@@Z 0000000180034914     libucrt:mbctype.obj
 0004:00001920       $pdata$?x_ismbbtype_l@@YAHPEAU__crt_locale_pointers@@IHH@Z 0000000180034920     libucrt:ismbbyte.obj
 0004:0000192c       $pdata$__acrt_initialize_command_line 000000018003492c     libucrt:argv_data.obj
 0004:00001938       $pdata$__acrt_WideCharToMultiByte 0000000180034938     libucrt:widechartomultibyte.obj
 0004:00001944       $pdata$__dcrt_get_narrow_environment_from_os 0000000180034944     libucrt:get_environment_from_os.obj
 0004:00001950       $pdata$__acrt_initialize_heap 0000000180034950     libucrt:heap_handle.obj
 0004:0000195c       $pdata$__acrt_execute_initializers 000000018003495c     libucrt:shared_initialization.obj
 0004:00001968       $pdata$__acrt_execute_uninitializers 0000000180034968     libucrt:shared_initialization.obj
 0004:00001974       $pdata$__acrt_get_sigabrt_handler 0000000180034974     libucrt:signal.obj
 0004:00001980       $pdata$raise               0000000180034980     libucrt:signal.obj
 0004:0000198c       $pdata$raise$fin$0         000000018003498c     libucrt:signal.obj
 0004:00001998       $pdata$??$?RV<lambda_450d765d439847d4c735a33c368b5fc0>@@AEAV<lambda_44731a7d0e6d81c3e6aa82d741081786>@@V<lambda_601a2a7da3b7a96e9554ac7215c4b07c>@@@?$__crt_seh_guarded_call@P6AXH@Z@@QEAAP6AXH@Z$$QEAV<lambda_450d765d439847d4c735a33c368b5fc0>@@AEAV<lambda_44731a7d0e6d81c3e6aa82d741081786>@@$$QEAV<lambda_601a2a7da3b7a96e9554ac7215c4b07c>@@@Z 0000000180034998     libucrt:signal.obj
 0004:000019a4       $pdata$_fflush_nolock      00000001800349a4     libucrt:fflush.obj
 0004:000019b0       $pdata$__acrt_stdio_flush_nolock 00000001800349b0     libucrt:fflush.obj
 0004:000019bc       $pdata$?common_flush_all@@YAH_N@Z 00000001800349bc     libucrt:fflush.obj
 0004:000019c8       $pdata$??$?RV<lambda_842d9ff0dc9ef11c61343bbaebe7f885>@@AEAV<lambda_c5860995281e5c4ce005b3de8f5874ee>@@V<lambda_d90129c13df834fdcbf8d2b88dafcf2d>@@@?$__crt_seh_guarded_call@X@@QEAAX$$QEAV<lambda_842d9ff0dc9ef11c61343bbaebe7f885>@@AEAV<lambda_c5860995281e5c4ce005b3de8f5874ee>@@$$QEAV<lambda_d90129c13df834fdcbf8d2b88dafcf2d>@@@Z 00000001800349c8     libucrt:fflush.obj
 0004:000019d4       $pdata$?fin$0@?0???$?RV<lambda_842d9ff0dc9ef11c61343bbaebe7f885>@@AEAV<lambda_c5860995281e5c4ce005b3de8f5874ee>@@V<lambda_d90129c13df834fdcbf8d2b88dafcf2d>@@@?$__crt_seh_guarded_call@X@@QEAAX$$QEAV<lambda_842d9ff0dc9ef11c61343bbaebe7f885>@@AEAV<lambda_c5860995281e5c4ce005b3de8f5874ee>@@$$QEAV<lambda_d90129c13df834fdcbf8d2b88dafcf2d>@@@Z@4HA 00000001800349d4     libucrt:fflush.obj
 0004:000019e0       $pdata$??$?RV<lambda_886d6c58226a84441f68b9f2b8217b83>@@AEAV<lambda_ab61a845afdef5b7c387490eaf3616ee>@@V<lambda_f7f22ab5edc0698d5f6905b0d3f44752>@@@?$__crt_seh_guarded_call@X@@QEAAX$$QEAV<lambda_886d6c58226a84441f68b9f2b8217b83>@@AEAV<lambda_ab61a845afdef5b7c387490eaf3616ee>@@$$QEAV<lambda_f7f22ab5edc0698d5f6905b0d3f44752>@@@Z 00000001800349e0     libucrt:fflush.obj
 0004:000019ec       $pdata$?fin$0@?0???$?RV<lambda_886d6c58226a84441f68b9f2b8217b83>@@AEAV<lambda_ab61a845afdef5b7c387490eaf3616ee>@@V<lambda_f7f22ab5edc0698d5f6905b0d3f44752>@@@?$__crt_seh_guarded_call@X@@QEAAX$$QEAV<lambda_886d6c58226a84441f68b9f2b8217b83>@@AEAV<lambda_ab61a845afdef5b7c387490eaf3616ee>@@$$QEAV<lambda_f7f22ab5edc0698d5f6905b0d3f44752>@@@Z@4HA 00000001800349ec     libucrt:fflush.obj
 0004:000019f8       $pdata$__pctype_func       00000001800349f8     libucrt:ctype.obj
 0004:00001a04       $pdata$iswctype            0000000180034a04     libucrt:iswctype.obj
 0004:00001a10       $pdata$__acrt_release_locale_ref 0000000180034a10     libucrt:locale_refcounting.obj
 0004:00001a1c       $pdata$__acrt_free_locale  0000000180034a1c     libucrt:locale_refcounting.obj
 0004:00001a28       $pdata$__acrt_locale_free_lc_time_if_unreferenced 0000000180034a28     libucrt:locale_refcounting.obj
 0004:00001a34       $pdata$__acrt_update_thread_locale_data 0000000180034a34     libucrt:locale_refcounting.obj
 0004:00001a40       $pdata$__acrt_update_thread_locale_data$fin$0 0000000180034a40     libucrt:locale_refcounting.obj
 0004:00001a4c       $pdata$_updatetlocinfoEx_nolock 0000000180034a4c     libucrt:locale_refcounting.obj
 0004:00001a58       $pdata$__acrt_DownlevelLocaleNameToLCID 0000000180034a58     libucrt:lcidtoname_downlevel.obj
 0004:00001a64       $pdata$_isleadbyte_l       0000000180034a64     libucrt:_wctype.obj
 0004:00001a70       $pdata$?__mbrtowc_utf8@__crt_mbstring@@YA_KPEA_WPEBD_KPEAU_Mbstatet@@@Z 0000000180034a70     libucrt:mbrtowc.obj
 0004:00001a7c       $pdata$?__mbsrtowcs_utf8@__crt_mbstring@@YA_KPEA_WPEAPEBD_KPEAU_Mbstatet@@@Z 0000000180034a7c     libucrt:mbrtowc.obj
 0004:00001a88       $pdata$__acrt_fp_strflt_to_string 0000000180034a88     libucrt:_fptostr.obj
 0004:00001a94       $pdata$memcpy_s            0000000180034a94     libucrt:cfout.obj
 0004:00001aa0       $pdata$__acrt_fltout       0000000180034aa0     libucrt:cfout.obj
 0004:00001aac       $pdata$?divide@__crt_strtox@@YA_KAEAUbig_integer@1@AEBU21@@Z 0000000180034aac     libucrt:cfout.obj
 0004:00001ab8       $pdata$0$?divide@__crt_strtox@@YA_KAEAUbig_integer@1@AEBU21@@Z 0000000180034ab8     libucrt:cfout.obj
 0004:00001ac4       $pdata$1$?divide@__crt_strtox@@YA_KAEAUbig_integer@1@AEBU21@@Z 0000000180034ac4     libucrt:cfout.obj
 0004:00001ad0       $pdata$_fcloseall          0000000180034ad0     libucrt:closeall.obj
 0004:00001adc       $pdata$_fcloseall$fin$0    0000000180034adc     libucrt:closeall.obj
 0004:00001ae8       $pdata$__acrt_stdio_free_buffer_nolock 0000000180034ae8     libucrt:_freebuf.obj
 0004:00001af4       $pdata$_isatty             0000000180034af4     libucrt:isatty.obj
 0004:00001b00       $pdata$__acrt_locale_free_monetary 0000000180034b00     libucrt:initmon.obj
 0004:00001b0c       $pdata$__acrt_locale_free_numeric 0000000180034b0c     libucrt:initnum.obj
 0004:00001b18       $pdata$__acrt_locale_free_time 0000000180034b18     libucrt:inittime.obj
 0004:00001b24       $pdata$?free_crt_array_internal@@YAXQEAPEBX_K@Z 0000000180034b24     libucrt:inittime.obj
 0004:00001b30       $pdata$__acrt_GetStringTypeA 0000000180034b30     libucrt:getstringtypea.obj
 0004:00001b3c       $pdata$_get_osfhandle      0000000180034b3c     libucrt:osfinfo.obj
 0004:00001b48       $pdata$_free_osfhnd        0000000180034b48     libucrt:osfinfo.obj
 0004:00001b54       $pdata$__acrt_lowio_create_handle_array 0000000180034b54     libucrt:osfinfo.obj
 0004:00001b60       $pdata$__acrt_lowio_destroy_handle_array 0000000180034b60     libucrt:osfinfo.obj
 0004:00001b6c       $pdata$__acrt_lowio_ensure_fh_exists 0000000180034b6c     libucrt:osfinfo.obj
 0004:00001b78       $pdata$qsort               0000000180034b78     libucrt:qsort.obj
 0004:00001b84       $pdata$4$qsort             0000000180034b84     libucrt:qsort.obj
 0004:00001b90       $pdata$5$qsort             0000000180034b90     libucrt:qsort.obj
 0004:00001b9c       $pdata$strncpy_s           0000000180034b9c     libucrt:strncpy_s.obj
 0004:00001ba8       $pdata$strpbrk             0000000180034ba8     libucrt:strpbrk.obj
 0004:00001bb4       $pdata$fallbackMethod      0000000180034bb4     libucrt:strpbrk.obj
 0004:00001bc0       $pdata$_mbsdec_l           0000000180034bc0     libucrt:mbsdec.obj
 0004:00001bcc       $pdata$__acrt_LCMapStringA 0000000180034bcc     libucrt:lcmapstringa.obj
 0004:00001bd8       $pdata$?__acrt_LCMapStringA_stat@@YAHPEAU__crt_locale_pointers@@PEB_WKPEBDHPEADHHH@Z 0000000180034bd8     libucrt:lcmapstringa.obj
 0004:00001be4       $pdata$?initialize_multibyte@@YAHXZ 0000000180034be4     libucrt:multibyte_initializer.obj
 0004:00001bf0       $pdata$_commit             0000000180034bf0     libucrt:commit.obj
 0004:00001bfc       $pdata$??$?RV<lambda_a37b2b86f63e897a80ea819b0eb08c01>@@AEAV<lambda_38ce7e780aa69e748d6df282ebc68efe>@@V<lambda_99fb1378e971ab6e7edea83e3a7a83a2>@@@?$__crt_seh_guarded_call@H@@QEAAH$$QEAV<lambda_a37b2b86f63e897a80ea819b0eb08c01>@@AEAV<lambda_38ce7e780aa69e748d6df282ebc68efe>@@$$QEAV<lambda_99fb1378e971ab6e7edea83e3a7a83a2>@@@Z 0000000180034bfc     libucrt:commit.obj
 0004:00001c08       $pdata$?fin$0@?0???$?RV<lambda_751a882b2c74d4b022dec766aa51a29a>@@AEAV<lambda_628dfdc04ba53c8bfc02c9951375f3f5>@@V<lambda_f6c7be5f7998530c34de24c7437d6b54>@@@?$__crt_seh_guarded_call@H@@QEAAH$$QEAV<lambda_751a882b2c74d4b022dec766aa51a29a>@@AEAV<lambda_628dfdc04ba53c8bfc02c9951375f3f5>@@$$QEAV<lambda_f6c7be5f7998530c34de24c7437d6b54>@@@Z@4HA 0000000180034c08     libucrt:close.obj
 0004:00001c08       $pdata$?fin$0@?0???$?RV<lambda_a37b2b86f63e897a80ea819b0eb08c01>@@AEAV<lambda_38ce7e780aa69e748d6df282ebc68efe>@@V<lambda_99fb1378e971ab6e7edea83e3a7a83a2>@@@?$__crt_seh_guarded_call@H@@QEAAH$$QEAV<lambda_a37b2b86f63e897a80ea819b0eb08c01>@@AEAV<lambda_38ce7e780aa69e748d6df282ebc68efe>@@$$QEAV<lambda_99fb1378e971ab6e7edea83e3a7a83a2>@@@Z@4HA 0000000180034c08     libucrt:commit.obj
 0004:00001c14       $pdata$_write              0000000180034c14     libucrt:write.obj
 0004:00001c20       $pdata$_write$fin$0        0000000180034c20     libucrt:write.obj
 0004:00001c2c       $pdata$_write_nolock       0000000180034c2c     libucrt:write.obj
 0004:00001c38       $pdata$?write_double_translated_ansi_nolock@@YA?AUwrite_result@?A0x17268360@@HQEBDI@Z 0000000180034c38     libucrt:write.obj
 0004:00001c44       $pdata$?write_text_ansi_nolock@@YA?AUwrite_result@?A0x17268360@@HQEBDI@Z 0000000180034c44     libucrt:write.obj
 0004:00001c50       $pdata$?write_text_utf16le_nolock@@YA?AUwrite_result@?A0x17268360@@HQEBDI@Z 0000000180034c50     libucrt:write.obj
 0004:00001c5c       $pdata$?write_text_utf8_nolock@@YA?AUwrite_result@?A0x17268360@@HQEBDI@Z 0000000180034c5c     libucrt:write.obj
 0004:00001c68       $pdata$?__mbrtoc32_utf8@__crt_mbstring@@YA_KPEA_UPEBD_KPEAU_Mbstatet@@@Z 0000000180034c68     libucrt:mbrtoc32.obj
 0004:00001c74       $pdata$fegetenv            0000000180034c74     libucrt:fegetenv.obj
 0004:00001c80       $pdata$fesetenv            0000000180034c80     libucrt:fesetenv.obj
 0004:00001c8c       $pdata$feholdexcept        0000000180034c8c     libucrt:feholdexcept.obj
 0004:00001ca4       $pdata$??$common_lseek_nolock@_J@@YA_JH_JH@Z 0000000180034ca4     libucrt:lseek.obj
 0004:00001cb0       $pdata$fclose              0000000180034cb0     libucrt:fclose.obj
 0004:00001cbc       $pdata$fclose$fin$0        0000000180034cbc     libucrt:fclose.obj
 0004:00001cc8       $pdata$_fclose_nolock      0000000180034cc8     libucrt:fclose.obj
 0004:00001cd4       $pdata$_putwch_nolock      0000000180034cd4     libucrt:putwch.obj
 0004:00001ce0       $pdata$__acrt_fenv_set_control 0000000180034ce0     libucrt:_fenvutils.obj
 0004:00001cec       $pdata$_clearfp            0000000180034cec     libucrt:ieee.obj
 0004:00001cf8       $pdata$_call_matherr       0000000180034cf8     libucrt:libm_error.obj
 0004:00001d04       $pdata$_exception_enabled  0000000180034d04     libucrt:libm_error.obj
 0004:00001d10       $pdata$_handle_error       0000000180034d10     libucrt:libm_error.obj
 0004:00001d1c       $pdata$__acrt_initialize_fma3 0000000180034d1c     libucrt:fma3_available.obj
 0004:00001d28       $pdata$_log_special_common 0000000180034d28     libucrt:log_special.obj
 0004:00001d34       $pdata$_log10_special      0000000180034d34     libucrt:log_special.obj
 0004:00001d40       $pdata$_close              0000000180034d40     libucrt:close.obj
 0004:00001d4c       $pdata$_close_nolock       0000000180034d4c     libucrt:close.obj
 0004:00001d58       $pdata$??$?RV<lambda_751a882b2c74d4b022dec766aa51a29a>@@AEAV<lambda_628dfdc04ba53c8bfc02c9951375f3f5>@@V<lambda_f6c7be5f7998530c34de24c7437d6b54>@@@?$__crt_seh_guarded_call@H@@QEAAH$$QEAV<lambda_751a882b2c74d4b022dec766aa51a29a>@@AEAV<lambda_628dfdc04ba53c8bfc02c9951375f3f5>@@$$QEAV<lambda_f6c7be5f7998530c34de24c7437d6b54>@@@Z 0000000180034d58     libucrt:close.obj
 0004:00001d64       $pdata$__dcrt_lowio_ensure_console_output_initialized 0000000180034d64     libucrt:initcon.obj
 0004:00001d70       $pdata$__dcrt_write_console 0000000180034d70     libucrt:initcon.obj
 0004:00001d7c       $pdata$__dcrt_terminate_console_output 0000000180034d7c     libucrt:initcon.obj
 0004:00001d94       $pdata$_set_errno_from_matherr 0000000180034d94     libucrt:fpexcept.obj
 0004:00001da0       $pdata$_raise_exc          0000000180034da0     libucrt:fpexcept.obj
 0004:00001dac       $pdata$_raise_exc_ex       0000000180034dac     libucrt:fpexcept.obj
 0004:00001db8       $pdata$_clrfp              0000000180034db8     libucrt:fpctrl.obj
 0004:00001dc4       $pdata$_ctrlfp             0000000180034dc4     libucrt:fpctrl.obj
 0004:00001dd0       $pdata$_ctrlfp$filt$0      0000000180034dd0     libucrt:fpctrl.obj
 0004:00001ddc       $pdata$_statfp             0000000180034ddc     libucrt:fpctrl.obj
 0004:00001de8       $pdata$_set_statfp         0000000180034de8     libucrt:fpctrl.obj
 0004:00001df4       $pdata$_IsNonwritableInCurrentImage 0000000180034df4     LIBCMT:pesect.obj
 0004:00001e00       $pdata$_IsNonwritableInCurrentImage$filt$0 0000000180034e00     LIBCMT:pesect.obj
 0005:00000000       MoveSmall                  0000000180035000     libvcruntime:memcpy.obj
 0005:00000050       MsetTab                    0000000180035050     libvcruntime:memset.obj
 0006:00000220       $R000000                   0000000180036220     Scanner.res
 0006:00000ba8       $R000988                   0000000180036ba8     Scanner.res
 0006:00000c90       $R000A70                   0000000180036c90     Scanner.res
 0006:00000ef8       $R000CD8                   0000000180036ef8     Scanner.res
 0006:00001448       $R001228                   0000000180037448     Scanner.res
 0006:00003c80       $R003A60                   0000000180039c80     Scanner.res
 0006:00003cb0       $R003A90                   0000000180039cb0     Scanner.res
