 OPOSCAT

 Timestamp is 61a758ba (Wed Dec  1 20:12:58 2021)

 Preferred load address is 0000000180000000

 Start         Length     Name                   Class
 0001:00000000 000000c0H .text$di                CODE
 0001:000000c0 00024b10H .text$mn                CODE
 0001:00024bd0 00000040H .text$mn$00             CODE
 0001:00024c10 00000660H .text$x                 CODE
 0001:00025270 00000078H .text$yd                CODE
 0002:00000000 00000638H .idata$5                DATA
 0002:00000638 00000030H .00cfg                  DATA
 0002:00000668 00000008H .CRT$XCA                DATA
 0002:00000670 00000008H .CRT$XCL                DATA
 0002:00000678 00000020H .CRT$XCU                DATA
 0002:00000698 00000008H .CRT$XCZ                DATA
 0002:000006a0 00000008H .CRT$XIA                DATA
 0002:000006a8 00000020H .CRT$XIC                DATA
 0002:000006c8 00000008H .CRT$XIZ                DATA
 0002:000006d0 00000008H .CRT$XLA                DATA
 0002:000006d8 00000008H .CRT$XLZ                DATA
 0002:000006e0 00000008H .CRT$XPA                DATA
 0002:000006e8 00000010H .CRT$XPX                DATA
 0002:000006f8 00000008H .CRT$XPXA               DATA
 0002:00000700 00000008H .CRT$XPZ                DATA
 0002:00000708 00000008H .CRT$XTA                DATA
 0002:00000710 00000010H .CRT$XTZ                DATA
 0002:00000718 00000000H .gehcont$y              DATA
 0002:00000718 00000000H .gfids$y                DATA
 0002:00000720 0000a760H .rdata                  DATA
 0002:0000ae80 00000000H .rdata$CastGuardVftablesA DATA
 0002:0000ae80 00000000H .rdata$CastGuardVftablesC DATA
 0002:0000ae80 00000028H .rdata$T                DATA
 0002:0000aea8 00000274H .rdata$r                DATA
 0002:0000b11c 00000048H .rdata$voltmd           DATA
 0002:0000b164 0000042cH .rdata$zzzdbg           DATA
 0002:0000b590 00000008H .rtc$IAA                DATA
 0002:0000b598 00000008H .rtc$IZZ                DATA
 0002:0000b5a0 00000008H .rtc$TAA                DATA
 0002:0000b5a8 00000008H .rtc$TZZ                DATA
 0002:0000b5b0 00000004H .tls                    DATA
 0002:0000b5b4 00000004H .tls$                   DATA
 0002:0000b5b8 00000008H .tls$ZZZ                DATA
 0002:0000b5c0 00001988H .xdata                  DATA
 0002:0000cf48 00000150H .xdata$x                DATA
 0002:0000d098 00000008H ATL$__a                 DATA
 0002:0000d0a0 00000010H ATL$__z                 DATA
 0002:0000d0b0 000000a4H .edata                  DATA
 0002:0000d154 00000078H .idata$2                DATA
 0002:0000d1cc 00000014H .idata$3                DATA
 0002:0000d1e0 00000638H .idata$4                DATA
 0002:0000d818 00000c5cH .idata$6                DATA
 0003:00000000 00000dc8H .data                   DATA
 0003:00000dc8 000000a8H .data$r                 DATA
 0003:00000e70 00000020H .data$rs                DATA
 0003:00000e90 000013ecH .bss                    DATA
 0004:00000000 00002154H .pdata                  DATA
 0005:00000000 000000f4H _RDATA                  DATA
 0006:00000000 00000220H .rsrc$01                DATA
 0006:00000220 000051d0H .rsrc$02                DATA

  Address         Publics by Value              Rva+Base               Lib:Object

 0000:00000000       ___safe_se_handler_table   0000000000000000     <absolute>
 0000:00000000       __guard_longjmp_table      0000000000000000     <absolute>
 0000:00000000       __arm64x_redirection_metadata 0000000000000000     <absolute>
 0000:00000000       __x64_code_ranges_to_entry_points 0000000000000000     <absolute>
 0000:00000000       __guard_iat_table          0000000000000000     <absolute>
 0000:00000000       __guard_fids_count         0000000000000000     <absolute>
 0000:00000000       __guard_iat_count          0000000000000000     <absolute>
 0000:00000000       __guard_longjmp_count      0000000000000000     <absolute>
 0000:00000000       __arm64x_extra_rfe_table   0000000000000000     <absolute>
 0000:00000000       __dynamic_value_reloc_table 0000000000000000     <absolute>
 0000:00000000       __x64_code_ranges_to_entry_points_count 0000000000000000     <absolute>
 0000:00000000       __hybrid_auxiliary_iat     0000000000000000     <absolute>
 0000:00000000       __hybrid_code_map          0000000000000000     <absolute>
 0000:00000000       __hybrid_auxiliary_iat_copy 0000000000000000     <absolute>
 0000:00000000       __arm64x_extra_rfe_table_size 0000000000000000     <absolute>
 0000:00000000       ___safe_se_handler_count   0000000000000000     <absolute>
 0000:00000000       __AbsoluteZero             0000000000000000     <absolute>
 0000:00000000       __guard_check_icall_a64n_fptr 0000000000000000     <absolute>
 0000:00000000       __guard_eh_cont_count      0000000000000000     <absolute>
 0000:00000000       __guard_fids_table         0000000000000000     <absolute>
 0000:00000000       __arm64x_redirection_metadata_count 0000000000000000     <absolute>
 0000:00000000       __enclave_config           0000000000000000     <absolute>
 0000:00000000       __guard_eh_cont_table      0000000000000000     <absolute>
 0000:00000000       __arm64x_native_entrypoint 0000000000000000     <absolute>
 0000:00000000       __hybrid_code_map_count    0000000000000000     <absolute>
 0000:00000100       __guard_flags              0000000000000100     <absolute>
 0000:00000000       __ImageBase                0000000180000000     <linker-defined>
 0001:000000c0       ?DupWide@_CW@@AEAAXXZ      00000001800010c0 f   CWString.obj
 0001:000000e8       ?cw_dup@@YAXPEBDAEAHAEAPEA_W1@Z 00000001800010e8 f   CWString.obj
 0001:000001c8       ?cw_memcpy@@YAHPEA_WPEBDH@Z 00000001800011c8 f   CWString.obj
 0001:00000214       ?cw_strcpy@@YAHPEA_WPEBD@Z 0000000180001214 f   CWString.obj
 0001:00000228       ??0CAtlComModule@ATL@@QEAA@XZ 0000000180001228 f i OposVariant.obj
 0001:000002a8       ??0CAtlWinModule@ATL@@QEAA@XZ 00000001800012a8 f i OposVariant.obj
 0001:00000314       ??0OposDispParms@@QEAA@PEAVOposVariant@@H@Z 0000000180001314 f   OposVariant.obj
 0001:000003bc       ??1OposDispParms@@QEAA@XZ  00000001800013bc f   OposVariant.obj
 0001:000003d4       ??_Estringdispid@CComTypeInfoHolder@ATL@@QEAAPEAXI@Z 00000001800013d4 f i OposVariant.obj
 0001:00000478       ?AtlWinModuleTerm@ATL@@YAJPEAU_ATL_WIN_MODULE70@1@PEAUHINSTANCE__@@@Z 0000000180001478 f i OposVariant.obj
 0001:00000528       ?ChangeBSTR@OposVariant@@QEAAXPEAPEA_WAEAJ@Z 0000000180001528 f   OposVariant.obj
 0001:00000588       ?ChangeCURRENCY@OposVariant@@QEAAXPEATtagCY@@AEAJ@Z 0000000180001588 f   OposVariant.obj
 0001:000005e8       ?ChangeLONG@OposVariant@@QEAAXPEAJAEAJ@Z 00000001800015e8 f   OposVariant.obj
 0001:00000644       ?GetLONG@OposVariant@@QEAAJXZ 0000000180001644 f   OposVariant.obj
 0001:00000668       ?SetBSTR@OposVariant@@QEAAXPEA_WAEAJ@Z 0000000180001668 f   OposVariant.obj
 0001:000006a8       ?SetBSTR_Copy@OposVariant@@QEAAXPEA_WAEAJ@Z 00000001800016a8 f   OposVariant.obj
 0001:00000718       ?SetBSTR_InOutPtr@OposVariant@@QEAA_NPEAPEA_WAEAJ@Z 0000000180001718 f   OposVariant.obj
 0001:00000768       ?SetCURRENCY@OposVariant@@QEAAXTtagCY@@@Z 0000000180001768 f   OposVariant.obj
 0001:0000079c       ?SetDispatch_Ptr@OposVariant@@QEAAXPEAUIDispatch@@AEAJ@Z 000000018000179c f   OposVariant.obj
 0001:000007f4       ?SetLONG@OposVariant@@QEAAXJ@Z 00000001800017f4 f   OposVariant.obj
 0001:00000824       ?SetLONG_Ptr@OposVariant@@QEAAXPEAJAEAJ@Z 0000000180001824 f   OposVariant.obj
 0001:00000870       ?SetString@OposVariant@@QEAAXPEB_WAEAJ@Z 0000000180001870 f   OposVariant.obj
 0001:000008d4       ?SetVARIANT_BOOL@OposVariant@@QEAAXF@Z 00000001800018d4 f   OposVariant.obj
 0001:0000090c       ?Term@CAtlComModule@ATL@@QEAAXXZ 000000018000190c f i OposVariant.obj
 0001:0000097c       ?_AtlInitializeCriticalSectionEx@ATL@@YAHPEAU_RTL_CRITICAL_SECTION@@KK@Z 000000018000197c f i OposVariant.obj
 0001:00000984       ?_AtlRaiseException@ATL@@YAXKK@Z 0000000180001984 f i OposVariant.obj
 0001:00000994       ?Next@?$CComEnumImpl@UIEnumConnections@@$1?_GUID_b196b287_bab4_101a_b69c_00aa00341d07@@3U__s_GUID@@BUtagCONNECTDATA@@V?$_Copy@UtagCONNECTDATA@@@ATL@@@ATL@@UEAAJKPEAUtagCONNECTDATA@@PEAK@Z 0000000180001994 f i CAT.obj
 0001:00000a5c       ?Skip@?$CComEnumImpl@UIEnumConnections@@$1?_GUID_b196b287_bab4_101a_b69c_00aa00341d07@@3U__s_GUID@@BUtagCONNECTDATA@@V?$_Copy@UtagCONNECTDATA@@@ATL@@@ATL@@UEAAJK@Z 0000000180001a5c f i CAT.obj
 0001:00000a88       ?Reset@?$CComEnumImpl@UIEnumConnections@@$1?_GUID_b196b287_bab4_101a_b69c_00aa00341d07@@3U__s_GUID@@BUtagCONNECTDATA@@V?$_Copy@UtagCONNECTDATA@@@ATL@@@ATL@@UEAAJXZ 0000000180001a88 f i CAT.obj
 0001:00000a88       ?Reset@?$CComEnumImpl@UIEnumConnectionPoints@@$1?_GUID_b196b285_bab4_101a_b69c_00aa00341d07@@3U__s_GUID@@BPEAUIConnectionPoint@@V?$_CopyInterface@UIConnectionPoint@@@ATL@@@ATL@@UEAAJXZ 0000000180001a88 f i CAT.obj
 0001:00000a94       ?Clone@?$CComEnumImpl@UIEnumConnections@@$1?_GUID_b196b287_bab4_101a_b69c_00aa00341d07@@3U__s_GUID@@BUtagCONNECTDATA@@V?$_Copy@UtagCONNECTDATA@@@ATL@@@ATL@@UEAAJPEAPEAUIEnumConnections@@@Z 0000000180001a94 f i CAT.obj
 0001:00000bc0       ?AddRef@?$CComObject@V?$CComEnum@UIEnumConnectionPoints@@$1?_GUID_b196b285_bab4_101a_b69c_00aa00341d07@@3U__s_GUID@@BPEAUIConnectionPoint@@V?$_CopyInterface@UIConnectionPoint@@@ATL@@VCComSingleThreadModel@6@@ATL@@@ATL@@UEAAKXZ 0000000180001bc0 f i CAT.obj
 0001:00000bc0       ?AddRef@?$CComObject@V?$CComEnum@UIEnumConnections@@$1?_GUID_b196b287_bab4_101a_b69c_00aa00341d07@@3U__s_GUID@@BUtagCONNECTDATA@@V?$_Copy@UtagCONNECTDATA@@@ATL@@VCComSingleThreadModel@6@@ATL@@@ATL@@UEAAKXZ 0000000180001bc0 f i CAT.obj
 0001:00000bcc       ?Release@?$CComObject@V?$CComEnum@UIEnumConnections@@$1?_GUID_b196b287_bab4_101a_b69c_00aa00341d07@@3U__s_GUID@@BUtagCONNECTDATA@@V?$_Copy@UtagCONNECTDATA@@@ATL@@VCComSingleThreadModel@6@@ATL@@@ATL@@UEAAKXZ 0000000180001bcc f i CAT.obj
 0001:00000bcc       ?Release@?$CComObject@V?$CComEnum@UIEnumConnectionPoints@@$1?_GUID_b196b285_bab4_101a_b69c_00aa00341d07@@3U__s_GUID@@BPEAUIConnectionPoint@@V?$_CopyInterface@UIConnectionPoint@@@ATL@@VCComSingleThreadModel@6@@ATL@@@ATL@@UEAAKXZ 0000000180001bcc f i CAT.obj
 0001:00000c20       ?QueryInterface@?$CComObject@V?$CComEnum@UIEnumConnections@@$1?_GUID_b196b287_bab4_101a_b69c_00aa00341d07@@3U__s_GUID@@BUtagCONNECTDATA@@V?$_Copy@UtagCONNECTDATA@@@ATL@@VCComSingleThreadModel@6@@ATL@@@ATL@@UEAAJAEBU_GUID@@PEAPEAX@Z 0000000180001c20 f i CAT.obj
 0001:00000c34       ??_G?$CComObject@V?$CComEnum@UIEnumConnections@@$1?_GUID_b196b287_bab4_101a_b69c_00aa00341d07@@3U__s_GUID@@BUtagCONNECTDATA@@V?$_Copy@UtagCONNECTDATA@@@ATL@@VCComSingleThreadModel@6@@ATL@@@ATL@@UEAAPEAXI@Z 0000000180001c34 f i CAT.obj
 0001:00000c34       ??_E?$CComObject@V?$CComEnum@UIEnumConnections@@$1?_GUID_b196b287_bab4_101a_b69c_00aa00341d07@@3U__s_GUID@@BUtagCONNECTDATA@@V?$_Copy@UtagCONNECTDATA@@@ATL@@VCComSingleThreadModel@6@@ATL@@@ATL@@UEAAPEAXI@Z 0000000180001c34 f i CAT.obj
 0001:00000c8c       ?OnFinalMessage@?$CWindowImplBaseT@VCWindow@ATL@@V?$CWinTraits@$0FGAAAAAA@$0A@@2@@ATL@@UEAAXPEAUHWND__@@@Z 0000000180001c8c f i CAT.obj
 0001:00000c8c       ?ObjectMain@CComObjectRootBase@ATL@@SAX_N@Z 0000000180001c8c f i CAT.obj
 0001:00000c8c       _guard_check_icall_nop     0000000180001c8c f i LIBCMT:guard_support.obj
 0001:00000c90       ?Release@CRegObject@ATL@@UEAAKXZ 0000000180001c90 f i CAT.obj
 0001:00000c90       ?SetHostNames@?$IOleObjectImpl@VCOPOSCAT@@@ATL@@UEAAJPEB_W0@Z 0000000180001c90 f i CAT.obj
 0001:00000c90       ?ResizeBorder@?$IOleInPlaceActiveObjectImpl@VCOPOSCAT@@@ATL@@UEAAJPEBUtagRECT@@PEAUIOleInPlaceUIWindow@@H@Z 0000000180001c90 f i CAT.obj
 0001:00000c90       ?Update@?$IOleObjectImpl@VCOPOSCAT@@@ATL@@UEAAJXZ 0000000180001c90 f i CAT.obj
 0001:00000c90       ?HandsOffStorage@?$IPersistStorageImpl@VCOPOSCAT@@@ATL@@UEAAJXZ 0000000180001c90 f i CAT.obj
 0001:00000c90       ?SaveCompleted@?$IPersistStorageImpl@VCOPOSCAT@@@ATL@@UEAAJPEAUIStorage@@@Z 0000000180001c90 f i CAT.obj
 0001:00000c90       ?GetCategoryMap@CComObjectRootBase@ATL@@SAPEBU_ATL_CATMAP_ENTRY@2@XZ 0000000180001c90 f i CAT.obj
 0001:00000c90       ?GetObjectDescription@?$CComCoClass@VCOPOSCAT@@$1?CLSID_OPOSCAT@@3U_GUID@@B@ATL@@SAPEB_WXZ 0000000180001c90 f i CAT.obj
 0001:00000c90       ?EnableModeless@?$IOleInPlaceActiveObjectImpl@VCOPOSCAT@@@ATL@@UEAAJH@Z 0000000180001c90 f i CAT.obj
 0001:00000c90       ?OnAmbientPropertyChange@?$IOleControlImpl@VCOPOSCAT@@@ATL@@UEAAJJ@Z 0000000180001c90 f i CAT.obj
 0001:00000c90       ?OnFrameWindowActivate@?$IOleInPlaceActiveObjectImpl@VCOPOSCAT@@@ATL@@UEAAJH@Z 0000000180001c90 f i CAT.obj
 0001:00000c90       ?IsUpToDate@?$IOleObjectImpl@VCOPOSCAT@@@ATL@@UEAAJXZ 0000000180001c90 f i CAT.obj
 0001:00000c94       ?CreateInstance@CComClassFactory@ATL@@UEAAJPEAUIUnknown@@AEBU_GUID@@PEAPEAX@Z 0000000180001c94 f i CAT.obj
 0001:00000cf4       ?LockServer@CComClassFactory@ATL@@UEAAJH@Z 0000000180001cf4 f i CAT.obj
 0001:00000d18       ??_ECComClassFactory@ATL@@UEAAPEAXI@Z 0000000180001d18 f i CAT.obj
 0001:00000d18       ??_GCComClassFactory@ATL@@UEAAPEAXI@Z 0000000180001d18 f i CAT.obj
 0001:00000d68       ??_E?$CComObject@VCOPOSCAT@@@ATL@@W7EAAPEAXI@Z 0000000180001d68 f i CAT.obj
 0001:00000d74       ??_E?$CComObject@VCOPOSCAT@@@ATL@@WHA@EAAPEAXI@Z 0000000180001d74 f i CAT.obj
 0001:00000d80       ?QueryInterface@?$CComObject@VCOPOSCAT@@@ATL@@WLI@EAAJAEBU_GUID@@PEAPEAX@Z 0000000180001d80 f i CAT.obj
 0001:00000d8c       ?AddRef@?$CComObject@VCOPOSCAT@@@ATL@@WLI@EAAKXZ 0000000180001d8c f i CAT.obj
 0001:00000d98       ?Release@?$CComObject@VCOPOSCAT@@@ATL@@WLI@EAAKXZ 0000000180001d98 f i CAT.obj
 0001:00000da4       ?QueryInterface@?$CComObject@VCOPOSCAT@@@ATL@@WMA@EAAJAEBU_GUID@@PEAPEAX@Z 0000000180001da4 f i CAT.obj
 0001:00000db0       ?AddRef@?$CComObject@VCOPOSCAT@@@ATL@@WMA@EAAKXZ 0000000180001db0 f i CAT.obj
 0001:00000dbc       ?Release@?$CComObject@VCOPOSCAT@@@ATL@@WMA@EAAKXZ 0000000180001dbc f i CAT.obj
 0001:00000dc8       ?QueryInterface@?$CComObject@VCOPOSCAT@@@ATL@@WMI@EAAJAEBU_GUID@@PEAPEAX@Z 0000000180001dc8 f i CAT.obj
 0001:00000dd4       ?AddRef@?$CComObject@VCOPOSCAT@@@ATL@@WMI@EAAKXZ 0000000180001dd4 f i CAT.obj
 0001:00000de0       ?Release@?$CComObject@VCOPOSCAT@@@ATL@@WMI@EAAKXZ 0000000180001de0 f i CAT.obj
 0001:00000dec       ?QueryInterface@?$CComObject@VCOPOSCAT@@@ATL@@WNA@EAAJAEBU_GUID@@PEAPEAX@Z 0000000180001dec f i CAT.obj
 0001:00000df8       ?AddRef@?$CComObject@VCOPOSCAT@@@ATL@@WNA@EAAKXZ 0000000180001df8 f i CAT.obj
 0001:00000e04       ?Release@?$CComObject@VCOPOSCAT@@@ATL@@WNA@EAAKXZ 0000000180001e04 f i CAT.obj
 0001:00000e10       ?QueryInterface@?$CComObject@VCOPOSCAT@@@ATL@@WNI@EAAJAEBU_GUID@@PEAPEAX@Z 0000000180001e10 f i CAT.obj
 0001:00000e1c       ?AddRef@?$CComObject@VCOPOSCAT@@@ATL@@WNI@EAAKXZ 0000000180001e1c f i CAT.obj
 0001:00000e28       ?Release@?$CComObject@VCOPOSCAT@@@ATL@@WNI@EAAKXZ 0000000180001e28 f i CAT.obj
 0001:00000e34       ?QueryInterface@?$CComObject@VCOPOSCAT@@@ATL@@WOA@EAAJAEBU_GUID@@PEAPEAX@Z 0000000180001e34 f i CAT.obj
 0001:00000e40       ?AddRef@?$CComObject@VCOPOSCAT@@@ATL@@WOA@EAAKXZ 0000000180001e40 f i CAT.obj
 0001:00000e4c       ?Release@?$CComObject@VCOPOSCAT@@@ATL@@WOA@EAAKXZ 0000000180001e4c f i CAT.obj
 0001:00000e58       ?QueryInterface@?$CComObject@VCOPOSCAT@@@ATL@@WOI@EAAJAEBU_GUID@@PEAPEAX@Z 0000000180001e58 f i CAT.obj
 0001:00000e64       ?AddRef@?$CComObject@VCOPOSCAT@@@ATL@@WOI@EAAKXZ 0000000180001e64 f i CAT.obj
 0001:00000e70       ?Release@?$CComObject@VCOPOSCAT@@@ATL@@WOI@EAAKXZ 0000000180001e70 f i CAT.obj
 0001:00000e7c       ?QueryInterface@?$CComObject@VCOPOSCAT@@@ATL@@WPA@EAAJAEBU_GUID@@PEAPEAX@Z 0000000180001e7c f i CAT.obj
 0001:00000e88       ?AddRef@?$CComObject@VCOPOSCAT@@@ATL@@WPA@EAAKXZ 0000000180001e88 f i CAT.obj
 0001:00000e94       ?Release@?$CComObject@VCOPOSCAT@@@ATL@@WPA@EAAKXZ 0000000180001e94 f i CAT.obj
 0001:00000ea0       ?QueryInterface@?$CComObject@VCOPOSCAT@@@ATL@@WPI@EAAJAEBU_GUID@@PEAPEAX@Z 0000000180001ea0 f i CAT.obj
 0001:00000eac       ?AddRef@?$CComObject@VCOPOSCAT@@@ATL@@WPI@EAAKXZ 0000000180001eac f i CAT.obj
 0001:00000eb8       ?Release@?$CComObject@VCOPOSCAT@@@ATL@@WPI@EAAKXZ 0000000180001eb8 f i CAT.obj
 0001:00000ec4       ?QueryInterface@?$CComObject@VCOPOSCAT@@@ATL@@WBAA@EAAJAEBU_GUID@@PEAPEAX@Z 0000000180001ec4 f i CAT.obj
 0001:00000ed0       ?AddRef@?$CComObject@VCOPOSCAT@@@ATL@@WBAA@EAAKXZ 0000000180001ed0 f i CAT.obj
 0001:00000edc       ?Release@?$CComObject@VCOPOSCAT@@@ATL@@WBAA@EAAKXZ 0000000180001edc f i CAT.obj
 0001:00000ee8       ?QueryInterface@?$CComObject@VCOPOSCAT@@@ATL@@WBAI@EAAJAEBU_GUID@@PEAPEAX@Z 0000000180001ee8 f i CAT.obj
 0001:00000ef4       ?AddRef@?$CComObject@VCOPOSCAT@@@ATL@@WBAI@EAAKXZ 0000000180001ef4 f i CAT.obj
 0001:00000f00       ?Release@?$CComObject@VCOPOSCAT@@@ATL@@WBAI@EAAKXZ 0000000180001f00 f i CAT.obj
 0001:00000f0c       ?QueryInterface@?$CComObject@VCOPOSCAT@@@ATL@@WBBA@EAAJAEBU_GUID@@PEAPEAX@Z 0000000180001f0c f i CAT.obj
 0001:00000f18       ?AddRef@?$CComObject@VCOPOSCAT@@@ATL@@WBBA@EAAKXZ 0000000180001f18 f i CAT.obj
 0001:00000f24       ?Release@?$CComObject@VCOPOSCAT@@@ATL@@WBBA@EAAKXZ 0000000180001f24 f i CAT.obj
 0001:00000f30       ?QueryInterface@?$CComObject@VCOPOSCAT@@@ATL@@WBBI@EAAJAEBU_GUID@@PEAPEAX@Z 0000000180001f30 f i CAT.obj
 0001:00000f3c       ?AddRef@?$CComObject@VCOPOSCAT@@@ATL@@WBBI@EAAKXZ 0000000180001f3c f i CAT.obj
 0001:00000f48       ?Release@?$CComObject@VCOPOSCAT@@@ATL@@WBBI@EAAKXZ 0000000180001f48 f i CAT.obj
 0001:00000f54       ?AddRef@?$CComObject@VCOPOSCAT@@@ATL@@WBCI@EAAKXZ 0000000180001f54 f i CAT.obj
 0001:00000f60       ?Release@?$CComObject@VCOPOSCAT@@@ATL@@WBCI@EAAKXZ 0000000180001f60 f i CAT.obj
 0001:00000f6c       ?AddRef@?$CComObject@VCOPOSCAT@@@ATL@@WBEA@EAAKXZ 0000000180001f6c f i CAT.obj
 0001:00000f78       ?Release@?$CComObject@VCOPOSCAT@@@ATL@@WBEA@EAAKXZ 0000000180001f78 f i CAT.obj
 0001:00000f84       ??_E?$CComContainedObject@VCOPOSCAT@@@ATL@@W7EAAPEAXI@Z 0000000180001f84 f i CAT.obj
 0001:00000f90       ??_E?$CComContainedObject@VCOPOSCAT@@@ATL@@WHA@EAAPEAXI@Z 0000000180001f90 f i CAT.obj
 0001:00000f9c       ?QueryInterface@?$CComContainedObject@VCOPOSCAT@@@ATL@@WLI@EAAJAEBU_GUID@@PEAPEAX@Z 0000000180001f9c f i CAT.obj
 0001:00000fa8       ?AddRef@?$CComContainedObject@VCOPOSCAT@@@ATL@@WLI@EAAKXZ 0000000180001fa8 f i CAT.obj
 0001:00000fb4       ?Release@?$CComContainedObject@VCOPOSCAT@@@ATL@@WLI@EAAKXZ 0000000180001fb4 f i CAT.obj
 0001:00000fc0       ?QueryInterface@?$CComContainedObject@VCOPOSCAT@@@ATL@@WMA@EAAJAEBU_GUID@@PEAPEAX@Z 0000000180001fc0 f i CAT.obj
 0001:00000fcc       ?AddRef@?$CComContainedObject@VCOPOSCAT@@@ATL@@WMA@EAAKXZ 0000000180001fcc f i CAT.obj
 0001:00000fd8       ?Release@?$CComContainedObject@VCOPOSCAT@@@ATL@@WMA@EAAKXZ 0000000180001fd8 f i CAT.obj
 0001:00000fe4       ?QueryInterface@?$CComContainedObject@VCOPOSCAT@@@ATL@@WMI@EAAJAEBU_GUID@@PEAPEAX@Z 0000000180001fe4 f i CAT.obj
 0001:00000ff0       ?AddRef@?$CComContainedObject@VCOPOSCAT@@@ATL@@WMI@EAAKXZ 0000000180001ff0 f i CAT.obj
 0001:00000ffc       ?Release@?$CComContainedObject@VCOPOSCAT@@@ATL@@WMI@EAAKXZ 0000000180001ffc f i CAT.obj
 0001:00001008       ?QueryInterface@?$CComContainedObject@VCOPOSCAT@@@ATL@@WNA@EAAJAEBU_GUID@@PEAPEAX@Z 0000000180002008 f i CAT.obj
 0001:00001014       ?AddRef@?$CComContainedObject@VCOPOSCAT@@@ATL@@WNA@EAAKXZ 0000000180002014 f i CAT.obj
 0001:00001020       ?Release@?$CComContainedObject@VCOPOSCAT@@@ATL@@WNA@EAAKXZ 0000000180002020 f i CAT.obj
 0001:0000102c       ?QueryInterface@?$CComContainedObject@VCOPOSCAT@@@ATL@@WNI@EAAJAEBU_GUID@@PEAPEAX@Z 000000018000202c f i CAT.obj
 0001:00001038       ?AddRef@?$CComContainedObject@VCOPOSCAT@@@ATL@@WNI@EAAKXZ 0000000180002038 f i CAT.obj
 0001:00001044       ?Release@?$CComContainedObject@VCOPOSCAT@@@ATL@@WNI@EAAKXZ 0000000180002044 f i CAT.obj
 0001:00001050       ?QueryInterface@?$CComContainedObject@VCOPOSCAT@@@ATL@@WOA@EAAJAEBU_GUID@@PEAPEAX@Z 0000000180002050 f i CAT.obj
 0001:0000105c       ?AddRef@?$CComContainedObject@VCOPOSCAT@@@ATL@@WOA@EAAKXZ 000000018000205c f i CAT.obj
 0001:00001068       ?Release@?$CComContainedObject@VCOPOSCAT@@@ATL@@WOA@EAAKXZ 0000000180002068 f i CAT.obj
 0001:00001074       ?QueryInterface@?$CComContainedObject@VCOPOSCAT@@@ATL@@WOI@EAAJAEBU_GUID@@PEAPEAX@Z 0000000180002074 f i CAT.obj
 0001:00001080       ?AddRef@?$CComContainedObject@VCOPOSCAT@@@ATL@@WOI@EAAKXZ 0000000180002080 f i CAT.obj
 0001:0000108c       ?Release@?$CComContainedObject@VCOPOSCAT@@@ATL@@WOI@EAAKXZ 000000018000208c f i CAT.obj
 0001:00001098       ?QueryInterface@?$CComContainedObject@VCOPOSCAT@@@ATL@@WPA@EAAJAEBU_GUID@@PEAPEAX@Z 0000000180002098 f i CAT.obj
 0001:000010a4       ?AddRef@?$CComContainedObject@VCOPOSCAT@@@ATL@@WPA@EAAKXZ 00000001800020a4 f i CAT.obj
 0001:000010b0       ?Release@?$CComContainedObject@VCOPOSCAT@@@ATL@@WPA@EAAKXZ 00000001800020b0 f i CAT.obj
 0001:000010bc       ?QueryInterface@?$CComContainedObject@VCOPOSCAT@@@ATL@@WPI@EAAJAEBU_GUID@@PEAPEAX@Z 00000001800020bc f i CAT.obj
 0001:000010c8       ?AddRef@?$CComContainedObject@VCOPOSCAT@@@ATL@@WPI@EAAKXZ 00000001800020c8 f i CAT.obj
 0001:000010d4       ?Release@?$CComContainedObject@VCOPOSCAT@@@ATL@@WPI@EAAKXZ 00000001800020d4 f i CAT.obj
 0001:000010e0       ?QueryInterface@?$CComContainedObject@VCOPOSCAT@@@ATL@@WBAA@EAAJAEBU_GUID@@PEAPEAX@Z 00000001800020e0 f i CAT.obj
 0001:000010ec       ?AddRef@?$CComContainedObject@VCOPOSCAT@@@ATL@@WBAA@EAAKXZ 00000001800020ec f i CAT.obj
 0001:000010f8       ?Release@?$CComContainedObject@VCOPOSCAT@@@ATL@@WBAA@EAAKXZ 00000001800020f8 f i CAT.obj
 0001:00001104       ?QueryInterface@?$CComContainedObject@VCOPOSCAT@@@ATL@@WBAI@EAAJAEBU_GUID@@PEAPEAX@Z 0000000180002104 f i CAT.obj
 0001:00001110       ?AddRef@?$CComContainedObject@VCOPOSCAT@@@ATL@@WBAI@EAAKXZ 0000000180002110 f i CAT.obj
 0001:0000111c       ?Release@?$CComContainedObject@VCOPOSCAT@@@ATL@@WBAI@EAAKXZ 000000018000211c f i CAT.obj
 0001:00001128       ?QueryInterface@?$CComContainedObject@VCOPOSCAT@@@ATL@@WBBA@EAAJAEBU_GUID@@PEAPEAX@Z 0000000180002128 f i CAT.obj
 0001:00001134       ?AddRef@?$CComContainedObject@VCOPOSCAT@@@ATL@@WBBA@EAAKXZ 0000000180002134 f i CAT.obj
 0001:00001140       ?Release@?$CComContainedObject@VCOPOSCAT@@@ATL@@WBBA@EAAKXZ 0000000180002140 f i CAT.obj
 0001:0000114c       ?QueryInterface@?$CComContainedObject@VCOPOSCAT@@@ATL@@WBBI@EAAJAEBU_GUID@@PEAPEAX@Z 000000018000214c f i CAT.obj
 0001:00001158       ?AddRef@?$CComContainedObject@VCOPOSCAT@@@ATL@@WBBI@EAAKXZ 0000000180002158 f i CAT.obj
 0001:00001164       ?Release@?$CComContainedObject@VCOPOSCAT@@@ATL@@WBBI@EAAKXZ 0000000180002164 f i CAT.obj
 0001:00001170       ?AddRef@?$CComContainedObject@VCOPOSCAT@@@ATL@@WBCI@EAAKXZ 0000000180002170 f i CAT.obj
 0001:0000117c       ?Release@?$CComContainedObject@VCOPOSCAT@@@ATL@@WBCI@EAAKXZ 000000018000217c f i CAT.obj
 0001:00001188       ?AddRef@?$CComContainedObject@VCOPOSCAT@@@ATL@@WBEA@EAAKXZ 0000000180002188 f i CAT.obj
 0001:00001194       ?Release@?$CComContainedObject@VCOPOSCAT@@@ATL@@WBEA@EAAKXZ 0000000180002194 f i CAT.obj
 0001:000011a0       ?GetWindowProc@?$CWindowImplBaseT@VCWindow@ATL@@V?$CWinTraits@$0FGAAAAAA@$0A@@2@@ATL@@UEAAP6A_JPEAUHWND__@@I_K_J@ZXZ 00000001800021a0 f i CAT.obj
 0001:000011a8       ?StartWindowProc@?$CWindowImplBaseT@VCWindow@ATL@@V?$CWinTraits@$0FGAAAAAA@$0A@@2@@ATL@@SA_JPEAUHWND__@@I_K_J@Z 00000001800021a8 f i CAT.obj
 0001:0000125c       ?GetTypeInfoCount@?$IDispatchImpl@UIOPOSCAT@@$1?IID_IOPOSCAT@@3U_GUID@@B$1?LIBID_OposCAT_CCO@@3U3@B$00$0A@VCComTypeInfoHolder@ATL@@@ATL@@UEAAJPEAI@Z 000000018000225c f i CAT.obj
 0001:00001270       ?GetTypeInfo@?$IDispatchImpl@UIOPOSCAT@@$1?IID_IOPOSCAT@@3U_GUID@@B$1?LIBID_OposCAT_CCO@@3U3@B$00$0A@VCComTypeInfoHolder@ATL@@@ATL@@UEAAJIKPEAPEAUITypeInfo@@@Z 0000000180002270 f i CAT.obj
 0001:000012d4       ?GetIDsOfNames@?$IDispatchImpl@UIOPOSCAT@@$1?IID_IOPOSCAT@@3U_GUID@@B$1?LIBID_OposCAT_CCO@@3U3@B$00$0A@VCComTypeInfoHolder@ATL@@@ATL@@UEAAJAEBU_GUID@@PEAPEA_WIKPEAJ@Z 00000001800022d4 f i CAT.obj
 0001:000012e0       ?Invoke@?$IDispatchImpl@UIOPOSCAT@@$1?IID_IOPOSCAT@@3U_GUID@@B$1?LIBID_OposCAT_CCO@@3U3@B$00$0A@VCComTypeInfoHolder@ATL@@@ATL@@UEAAJJAEBU_GUID@@KGPEAUtagDISPPARAMS@@PEAUtagVARIANT@@PEAUtagEXCEPINFO@@PEAI@Z 00000001800022e0 f i CAT.obj
 0001:00001370       ?CreateControlWindow@?$CComControl@VCOPOSCAT@@V?$CWindowImpl@VCOPOSCAT@@VCWindow@ATL@@V?$CWinTraits@$0FGAAAAAA@$0A@@3@@ATL@@@ATL@@UEAAPEAUHWND__@@PEAU3@AEAUtagRECT@@@Z 0000000180002370 f i CAT.obj
 0001:000013a8       ?ControlQueryInterface@?$CComControl@VCOPOSCAT@@V?$CWindowImpl@VCOPOSCAT@@VCWindow@ATL@@V?$CWinTraits@$0FGAAAAAA@$0A@@3@@ATL@@@ATL@@UEAAJAEBU_GUID@@PEAPEAX@Z 00000001800023a8 f i CAT.obj
 0001:000013bc       ?GetUserClassID@?$IOleObjectImpl@VCOPOSCAT@@@ATL@@UEAAJPEAU_GUID@@@Z 00000001800023bc f i CAT.obj
 0001:000013bc       ?GetClassID@?$IPersistStorageImpl@VCOPOSCAT@@@ATL@@UEAAJPEAU_GUID@@@Z 00000001800023bc f i CAT.obj
 0001:000013bc       ?GetClassID@?$IPersistStreamInitImpl@VCOPOSCAT@@@ATL@@UEAAJPEAU_GUID@@@Z 00000001800023bc f i CAT.obj
 0001:000013d8       ?IsDirty@?$IPersistStreamInitImpl@VCOPOSCAT@@@ATL@@UEAAJXZ 00000001800023d8 f i CAT.obj
 0001:000013f4       ?Load@?$IPersistStreamInitImpl@VCOPOSCAT@@@ATL@@UEAAJPEAUIStream@@@Z 00000001800023f4 f i CAT.obj
 0001:0000140c       ?Save@?$IPersistStreamInitImpl@VCOPOSCAT@@@ATL@@UEAAJPEAUIStream@@H@Z 000000018000240c f i CAT.obj
 0001:00001424       ?GetSizeMax@?$IPersistStreamInitImpl@VCOPOSCAT@@@ATL@@UEAAJPEAT_ULARGE_INTEGER@@@Z 0000000180002424 f i CAT.obj
 0001:00001648       ?InitNew@?$IPersistStreamInitImpl@VCOPOSCAT@@@ATL@@UEAAJXZ 0000000180002648 f i CAT.obj
 0001:00001660       ?OnMnemonic@?$IOleControlImpl@VCOPOSCAT@@@ATL@@UEAAJPEAUtagMSG@@@Z 0000000180002660 f i CAT.obj
 0001:00001660       ?GetClipboardData@?$IOleObjectImpl@VCOPOSCAT@@@ATL@@UEAAJKPEAPEAUIDataObject@@@Z 0000000180002660 f i CAT.obj
 0001:00001660       ?GetRect@?$IViewObjectExImpl@VCOPOSCAT@@@ATL@@UEAAJKPEAU_RECTL@@@Z 0000000180002660 f i CAT.obj
 0001:00001660       ?QueryInterface@CRegObject@ATL@@UEAAJAEBU_GUID@@PEAPEAX@Z 0000000180002660 f i CAT.obj
 0001:00001660       ?EnumFormatEtc@?$IDataObjectImpl@VCOPOSCAT@@@ATL@@UEAAJKPEAPEAUIEnumFORMATETC@@@Z 0000000180002660 f i CAT.obj
 0001:00001660       ?GetControlInfo@?$IOleControlImpl@VCOPOSCAT@@@ATL@@UEAAJPEAUtagCONTROLINFO@@@Z 0000000180002660 f i CAT.obj
 0001:00001660       ?GetColorSet@?$IViewObjectExImpl@VCOPOSCAT@@@ATL@@UEAAJKJPEAXPEAUtagDVTARGETDEVICE@@PEAUHDC__@@PEAPEAUtagLOGPALETTE@@@Z 0000000180002660 f i CAT.obj
 0001:00001660       ?ReactivateAndUndo@?$IOleInPlaceObjectWindowlessImpl@VCOPOSCAT@@@ATL@@UEAAJXZ 0000000180002660 f i CAT.obj
 0001:00001660       ?Freeze@?$IViewObjectExImpl@VCOPOSCAT@@@ATL@@UEAAJKJPEAXPEAK@Z 0000000180002660 f i CAT.obj
 0001:00001660       ?SetMoniker@?$IOleObjectImpl@VCOPOSCAT@@@ATL@@UEAAJKPEAUIMoniker@@@Z 0000000180002660 f i CAT.obj
 0001:00001660       ?SetData@?$IDataObjectImpl@VCOPOSCAT@@@ATL@@UEAAJPEAUtagFORMATETC@@PEAUtagSTGMEDIUM@@H@Z 0000000180002660 f i CAT.obj
 0001:00001660       ?GetDataHere@?$IDataObjectImpl@VCOPOSCAT@@@ATL@@UEAAJPEAUtagFORMATETC@@PEAUtagSTGMEDIUM@@@Z 0000000180002660 f i CAT.obj
 0001:00001660       ?SetColorScheme@?$IOleObjectImpl@VCOPOSCAT@@@ATL@@UEAAJPEAUtagLOGPALETTE@@@Z 0000000180002660 f i CAT.obj
 0001:00001660       ?GetDropTarget@?$IOleInPlaceObjectWindowlessImpl@VCOPOSCAT@@@ATL@@UEAAJPEAPEAUIDropTarget@@@Z 0000000180002660 f i CAT.obj
 0001:00001660       ?InitFromData@?$IOleObjectImpl@VCOPOSCAT@@@ATL@@UEAAJPEAUIDataObject@@HK@Z 0000000180002660 f i CAT.obj
 0001:00001660       ?SODataDummy@COPOSCAT@@MEAAJJ@Z 0000000180002660 f i CAT.obj
 0001:00001660       ?ContextSensitiveHelp@?$IOleInPlaceActiveObjectImpl@VCOPOSCAT@@@ATL@@UEAAJH@Z 0000000180002660 f i CAT.obj
 0001:00001660       ?GetCanonicalFormatEtc@?$IDataObjectImpl@VCOPOSCAT@@@ATL@@UEAAJPEAUtagFORMATETC@@0@Z 0000000180002660 f i CAT.obj
 0001:00001660       ?GetMoniker@?$IOleObjectImpl@VCOPOSCAT@@@ATL@@UEAAJKKPEAPEAUIMoniker@@@Z 0000000180002660 f i CAT.obj
 0001:00001660       ?ContextSensitiveHelp@?$IOleInPlaceObjectWindowlessImpl@VCOPOSCAT@@@ATL@@UEAAJH@Z 0000000180002660 f i CAT.obj
 0001:00001660       ?QueryGetData@?$IDataObjectImpl@VCOPOSCAT@@@ATL@@UEAAJPEAUtagFORMATETC@@@Z 0000000180002660 f i CAT.obj
 0001:00001660       ?Unfreeze@?$IViewObjectExImpl@VCOPOSCAT@@@ATL@@UEAAJK@Z 0000000180002660 f i CAT.obj
 0001:00001668       ?SetClientSite@?$IOleObjectImpl@VCOPOSCAT@@@ATL@@UEAAJPEAUIOleClientSite@@@Z 0000000180002668 f i CAT.obj
 0001:00001684       ?GetClientSite@?$IOleObjectImpl@VCOPOSCAT@@@ATL@@UEAAJPEAPEAUIOleClientSite@@@Z 0000000180002684 f i CAT.obj
 0001:000016cc       ?Close@?$IOleObjectImpl@VCOPOSCAT@@@ATL@@UEAAJK@Z 00000001800026cc f i CAT.obj
 0001:000016e8       ?DoVerb@?$IOleObjectImpl@VCOPOSCAT@@@ATL@@UEAAJJPEAUtagMSG@@PEAUIOleClientSite@@JPEAUHWND__@@PEBUtagRECT@@@Z 00000001800026e8 f i CAT.obj
 0001:0000188c       ?EnumVerbs@?$IOleObjectImpl@VCOPOSCAT@@@ATL@@UEAAJPEAPEAUIEnumOLEVERB@@@Z 000000018000288c f i CAT.obj
 0001:000018a8       ?GetUserType@?$IOleObjectImpl@VCOPOSCAT@@@ATL@@UEAAJKPEAPEA_W@Z 00000001800028a8 f i CAT.obj
 0001:000018b8       ?SetExtent@?$IOleObjectImpl@VCOPOSCAT@@@ATL@@UEAAJKPEAUtagSIZE@@@Z 00000001800028b8 f i CAT.obj
 0001:000018d4       ?GetExtent@?$IOleObjectImpl@VCOPOSCAT@@@ATL@@UEAAJKPEAUtagSIZE@@@Z 00000001800028d4 f i CAT.obj
 0001:00001904       ?Advise@?$IOleObjectImpl@VCOPOSCAT@@@ATL@@UEAAJPEAUIAdviseSink@@PEAK@Z 0000000180002904 f i CAT.obj
 0001:00001960       ?Unadvise@?$IOleObjectImpl@VCOPOSCAT@@@ATL@@UEAAJK@Z 0000000180002960 f i CAT.obj
 0001:00001998       ?EnumAdvise@?$IOleObjectImpl@VCOPOSCAT@@@ATL@@UEAAJPEAPEAUIEnumSTATDATA@@@Z 0000000180002998 f i CAT.obj
 0001:000019e0       ?GetMiscStatus@?$IOleObjectImpl@VCOPOSCAT@@@ATL@@UEAAJKPEAK@Z 00000001800029e0 f i CAT.obj
 0001:000019f0       ?GetWindow@?$IOleInPlaceActiveObjectImpl@VCOPOSCAT@@@ATL@@UEAAJPEAPEAUHWND__@@@Z 00000001800029f0 f i CAT.obj
 0001:00001a44       ?TranslateAcceleratorW@?$IOleInPlaceActiveObjectImpl@VCOPOSCAT@@@ATL@@UEAAJPEAUtagMSG@@@Z 0000000180002a44 f i CAT.obj
 0001:00001b38       ?OnDocWindowActivate@?$IOleInPlaceActiveObjectImpl@VCOPOSCAT@@@ATL@@UEAAJH@Z 0000000180002b38 f i CAT.obj
 0001:00001b64       ?Draw@?$IViewObjectExImpl@VCOPOSCAT@@@ATL@@UEAAJKJPEAXPEAUtagDVTARGETDEVICE@@PEAUHDC__@@2PEBU_RECTL@@3P6AH_K@Z4@Z 0000000180002b64 f i CAT.obj
 0001:00001bc8       ?SetAdvise@?$IViewObjectExImpl@VCOPOSCAT@@@ATL@@UEAAJKKPEAUIAdviseSink@@@Z 0000000180002bc8 f i CAT.obj
 0001:00001c1c       ?GetAdvise@?$IViewObjectExImpl@VCOPOSCAT@@@ATL@@UEAAJPEAK0PEAPEAUIAdviseSink@@@Z 0000000180002c1c f i CAT.obj
 0001:00001c58       ?GetExtent@?$IViewObjectExImpl@VCOPOSCAT@@@ATL@@UEAAJKJPEAUtagDVTARGETDEVICE@@PEAUtagSIZE@@@Z 0000000180002c58 f i CAT.obj
 0001:00001c88       ?GetViewStatus@?$IViewObjectExImpl@VCOPOSCAT@@@ATL@@UEAAJPEAK@Z 0000000180002c88 f i CAT.obj
 0001:00001c9c       ?QueryHitPoint@?$IViewObjectExImpl@VCOPOSCAT@@@ATL@@UEAAJKPEBUtagRECT@@UtagPOINT@@JPEAK@Z 0000000180002c9c f i CAT.obj
 0001:00001ce0       ?QueryHitRect@?$IViewObjectExImpl@VCOPOSCAT@@@ATL@@UEAAJKPEBUtagRECT@@0JPEAK@Z 0000000180002ce0 f i CAT.obj
 0001:00001d48       ?GetNaturalExtent@?$IViewObjectExImpl@VCOPOSCAT@@@ATL@@UEAAJKJPEAUtagDVTARGETDEVICE@@PEAUHDC__@@PEAUtagExtentInfo@@PEAUtagSIZE@@@Z 0000000180002d48 f i CAT.obj
 0001:00001d90       ?GetWindow@?$IOleInPlaceObjectWindowlessImpl@VCOPOSCAT@@@ATL@@UEAAJPEAPEAUHWND__@@@Z 0000000180002d90 f i CAT.obj
 0001:00001de4       ?InPlaceDeactivate@?$IOleInPlaceObjectWindowlessImpl@VCOPOSCAT@@@ATL@@UEAAJXZ 0000000180002de4 f i CAT.obj
 0001:00001e00       ?UIDeactivate@?$IOleInPlaceObjectWindowlessImpl@VCOPOSCAT@@@ATL@@UEAAJXZ 0000000180002e00 f i CAT.obj
 0001:00001e1c       ?SetObjectRects@?$IOleInPlaceObjectWindowlessImpl@VCOPOSCAT@@@ATL@@UEAAJPEBUtagRECT@@0@Z 0000000180002e1c f i CAT.obj
 0001:00001e38       ?OnWindowMessage@?$IOleInPlaceObjectWindowlessImpl@VCOPOSCAT@@@ATL@@UEAAJI_K_JPEA_J@Z 0000000180002e38 f i CAT.obj
 0001:00001f00       ?EnumConnectionPoints@?$IConnectionPointContainerImpl@VCOPOSCAT@@@ATL@@UEAAJPEAPEAUIEnumConnectionPoints@@@Z 0000000180002f00 f i CAT.obj
 0001:00002148       ?FindConnectionPoint@?$IConnectionPointContainerImpl@VCOPOSCAT@@@ATL@@UEAAJAEBU_GUID@@PEAPEAUIConnectionPoint@@@Z 0000000180003148 f i CAT.obj
 0001:00002218       ?IsDirty@?$IPersistStorageImpl@VCOPOSCAT@@@ATL@@UEAAJXZ 0000000180003218 f i CAT.obj
 0001:00002258       ?InitNew@?$IPersistStorageImpl@VCOPOSCAT@@@ATL@@UEAAJPEAUIStorage@@@Z 0000000180003258 f i CAT.obj
 0001:00002298       ?Load@?$IPersistStorageImpl@VCOPOSCAT@@@ATL@@UEAAJPEAUIStorage@@@Z 0000000180003298 f i CAT.obj
 0001:00002338       ?Save@?$IPersistStorageImpl@VCOPOSCAT@@@ATL@@UEAAJPEAUIStorage@@H@Z 0000000180003338 f i CAT.obj
 0001:000023e8       ?GetPages@?$ISpecifyPropertyPagesImpl@VCOPOSCAT@@@ATL@@UEAAJPEAUtagCAUUID@@@Z 00000001800033e8 f i CAT.obj
 0001:000023f4       ?QuickActivate@?$IQuickActivateImpl@VCOPOSCAT@@@ATL@@UEAAJPEAUtagQACONTAINER@@PEAUtagQACONTROL@@@Z 00000001800033f4 f i CAT.obj
 0001:00002410       ?SetContentExtent@?$IQuickActivateImpl@VCOPOSCAT@@@ATL@@UEAAJPEAUtagSIZE@@@Z 0000000180003410 f i CAT.obj
 0001:00002444       ?GetContentExtent@?$IQuickActivateImpl@VCOPOSCAT@@@ATL@@UEAAJPEAUtagSIZE@@@Z 0000000180003444 f i CAT.obj
 0001:0000247c       ?GetData@?$IDataObjectImpl@VCOPOSCAT@@@ATL@@UEAAJPEAUtagFORMATETC@@PEAUtagSTGMEDIUM@@@Z 000000018000347c f i CAT.obj
 0001:00002498       ?DAdvise@?$IDataObjectImpl@VCOPOSCAT@@@ATL@@UEAAJPEAUtagFORMATETC@@KPEAUIAdviseSink@@PEAK@Z 0000000180003498 f i CAT.obj
 0001:00002520       ?DUnadvise@?$IDataObjectImpl@VCOPOSCAT@@@ATL@@UEAAJK@Z 0000000180003520 f i CAT.obj
 0001:0000254c       ?EnumDAdvise@?$IDataObjectImpl@VCOPOSCAT@@@ATL@@UEAAJPEAPEAUIEnumSTATDATA@@@Z 000000018000354c f i CAT.obj
 0001:00002588       ?GetClassInfoW@?$IProvideClassInfo2Impl@$1?CLSID_OPOSCAT@@3U_GUID@@B$1?DIID__IOPOSCATEvents@@3U2@B$1?LIBID_OposCAT_CCO@@3U2@B$00$0A@VCComTypeInfoHolder@ATL@@@ATL@@UEAAJPEAPEAUITypeInfo@@@Z 0000000180003588 f i CAT.obj
 0001:000025e0       ?GetGUID@?$IProvideClassInfo2Impl@$1?CLSID_OPOSCAT@@3U_GUID@@B$1?DIID__IOPOSCATEvents@@3U2@B$1?LIBID_OposCAT_CCO@@3U2@B$00$0A@VCComTypeInfoHolder@ATL@@@ATL@@UEAAJKPEAU_GUID@@@Z 00000001800035e0 f i CAT.obj
 0001:00002614       ?AddRef@CRegObject@ATL@@UEAAKXZ 0000000180003614 f i CAT.obj
 0001:00002614       ?FAccessAllowed@?$IObjectSafetyImpl@VCOPOSCAT@@$02@ATL@@MEAAHXZ 0000000180003614 f i CAT.obj
 0001:00002614       _get_startup_argv_mode     0000000180003614 f i LIBCMT:argv_mode.obj
 0001:0000261c       ?GetInterfaceSafetyOptions@?$IObjectSafetyImpl@VCOPOSCAT@@$02@ATL@@UEAAJAEBU_GUID@@PEAK1@Z 000000018000361c f i CAT.obj
 0001:000026b0       ?SetInterfaceSafetyOptions@?$IObjectSafetyImpl@VCOPOSCAT@@$02@ATL@@UEAAJAEBU_GUID@@KK@Z 00000001800036b0 f i CAT.obj
 0001:00002754       ?_LocCPQueryInterface@?$IConnectionPointImpl@VCOPOSCAT@@$1?IID_IPropertyNotifySink@@3U_GUID@@BVCComDynamicUnkArray@ATL@@@ATL@@UEAAJAEBU_GUID@@PEAPEAX@Z 0000000180003754 f i CAT.obj
 0001:00002754       ?_LocCPQueryInterface@?$IConnectionPointImpl@VCOPOSCAT@@$1?DIID__IOPOSCATEvents@@3U_GUID@@BVCComDynamicUnkArray@ATL@@@ATL@@UEAAJAEBU_GUID@@PEAPEAX@Z 0000000180003754 f i CAT.obj
 0001:000027c8       ?GetConnectionInterface@?$IConnectionPointImpl@VCOPOSCAT@@$1?IID_IPropertyNotifySink@@3U_GUID@@BVCComDynamicUnkArray@ATL@@@ATL@@UEAAJPEAU_GUID@@@Z 00000001800037c8 f i CAT.obj
 0001:000027e4       ?GetConnectionPointContainer@?$IConnectionPointImpl@VCOPOSCAT@@$1?IID_IPropertyNotifySink@@3U_GUID@@BVCComDynamicUnkArray@ATL@@@ATL@@UEAAJPEAPEAUIConnectionPointContainer@@@Z 00000001800037e4 f i CAT.obj
 0001:00002804       ?Advise@?$IConnectionPointImpl@VCOPOSCAT@@$1?DIID__IOPOSCATEvents@@3U_GUID@@BVCComDynamicUnkArray@ATL@@@ATL@@UEAAJPEAUIUnknown@@PEAK@Z 0000000180003804 f i CAT.obj
 0001:00002804       ?Advise@?$IConnectionPointImpl@VCOPOSCAT@@$1?IID_IPropertyNotifySink@@3U_GUID@@BVCComDynamicUnkArray@ATL@@@ATL@@UEAAJPEAUIUnknown@@PEAK@Z 0000000180003804 f i CAT.obj
 0001:000028c0       ?Unadvise@?$IConnectionPointImpl@VCOPOSCAT@@$1?DIID__IOPOSCATEvents@@3U_GUID@@BVCComDynamicUnkArray@ATL@@@ATL@@UEAAJK@Z 00000001800038c0 f i CAT.obj
 0001:000028c0       ?Unadvise@?$IConnectionPointImpl@VCOPOSCAT@@$1?IID_IPropertyNotifySink@@3U_GUID@@BVCComDynamicUnkArray@ATL@@@ATL@@UEAAJK@Z 00000001800038c0 f i CAT.obj
 0001:00002928       ?EnumConnections@?$IConnectionPointImpl@VCOPOSCAT@@$1?IID_IPropertyNotifySink@@3U_GUID@@BVCComDynamicUnkArray@ATL@@@ATL@@UEAAJPEAPEAUIEnumConnections@@@Z 0000000180003928 f i CAT.obj
 0001:00002928       ?EnumConnections@?$IConnectionPointImpl@VCOPOSCAT@@$1?DIID__IOPOSCATEvents@@3U_GUID@@BVCComDynamicUnkArray@ATL@@@ATL@@UEAAJPEAPEAUIEnumConnections@@@Z 0000000180003928 f i CAT.obj
 0001:00002abc       ?Lock@CAtlModule@ATL@@UEAAJXZ 0000000180003abc f i CAT.obj
 0001:00002acc       ?Unlock@CAtlModule@ATL@@UEAAJXZ 0000000180003acc f i CAT.obj
 0001:00002ad8       ?GetLockCount@CAtlModule@ATL@@UEAAJXZ 0000000180003ad8 f i CAT.obj
 0001:00002adc       ?GetGITPtr@CAtlModule@ATL@@UEAAJPEAPEAUIGlobalInterfaceTable@@@Z 0000000180003adc f i CAT.obj
 0001:00002b4c       ?GetConnectionInterface@?$IConnectionPointImpl@VCOPOSCAT@@$1?DIID__IOPOSCATEvents@@3U_GUID@@BVCComDynamicUnkArray@ATL@@@ATL@@UEAAJPEAU_GUID@@@Z 0000000180003b4c f i CAT.obj
 0001:00002b68       ?GetConnectionPointContainer@?$IConnectionPointImpl@VCOPOSCAT@@$1?DIID__IOPOSCATEvents@@3U_GUID@@BVCComDynamicUnkArray@ATL@@@ATL@@UEAAJPEAPEAUIConnectionPointContainer@@@Z 0000000180003b68 f i CAT.obj
 0001:00002b88       ?UpdateRegistry@COPOSCAT@@SAJH@Z 0000000180003b88 f i CAT.obj
 0001:00002ba0       ?ProcessWindowMessage@COPOSCAT@@UEAAHPEAUHWND__@@I_K_JAEA_JK@Z 0000000180003ba0 f i CAT.obj
 0001:00002c30       ?SODirectIO@COPOSCAT@@MEAAJJPEAJPEAPEA_W@Z 0000000180003c30 f i CAT.obj
 0001:00002ca8       ?SOError@COPOSCAT@@MEAAJJJJPEAJ@Z 0000000180003ca8 f i CAT.obj
 0001:00002d30       ?SOOutputComplete@COPOSCAT@@MEAAJJ@Z 0000000180003d30 f i CAT.obj
 0001:00002d80       ?SOStatusUpdate@COPOSCAT@@MEAAJJ@Z 0000000180003d80 f i CAT.obj
 0001:00002dd0       ?AddCommonRGSReplacements@?$CAtlModuleT@VCComModule@ATL@@@ATL@@UEAAJPEAUIRegistrarBase@@@Z 0000000180003dd0 f i CAT.obj
 0001:00002de8       ?UpdateRegistryFromResourceD@CComModule@ATL@@UEAAJIHPEAU_ATL_REGMAP_ENTRY@2@@Z 0000000180003de8 f i CAT.obj
 0001:00002de8       ?UpdateRegistryFromResourceD@CComModule@ATL@@UEAAJPEB_WHPEAU_ATL_REGMAP_ENTRY@2@@Z 0000000180003de8 f i CAT.obj
 0001:00002df0       ?UpdateRegistryFromResource@CComModule@ATL@@UEAAJPEB_WHPEAU_ATL_REGMAP_ENTRY@2@@Z 0000000180003df0 f i CAT.obj
 0001:00002df8       ?UpdateRegistryFromResource@CComModule@ATL@@UEAAJIHPEAU_ATL_REGMAP_ENTRY@2@@Z 0000000180003df8 f i CAT.obj
 0001:00002e00       ??_ECComModule@ATL@@UEAAPEAXI@Z 0000000180003e00 f i CAT.obj
 0001:00002e00       ??_GCComModule@ATL@@UEAAPEAXI@Z 0000000180003e00 f i CAT.obj
 0001:00002e40       ?CreateInstance@?$CComCreator@V?$CComObjectCached@VCComClassFactory@ATL@@@ATL@@@ATL@@SAJPEAXAEBU_GUID@@PEAPEAX@Z 0000000180003e40 f i CAT.obj
 0001:00002f64       ?CreateInstance@?$CComCreator2@V?$CComCreator@V?$CComObject@VCOPOSCAT@@@ATL@@@ATL@@V?$CComCreator@V?$CComAggObject@VCOPOSCAT@@@ATL@@@2@@ATL@@SAJPEAXAEBU_GUID@@PEAPEAX@Z 0000000180003f64 f i CAT.obj
 0001:00002f74       ?AddRef@?$CComObjectCached@VCComClassFactory@ATL@@@ATL@@UEAAKXZ 0000000180003f74 f i CAT.obj
 0001:00002fa0       ?Release@?$CComObjectCached@VCComClassFactory@ATL@@@ATL@@UEAAKXZ 0000000180003fa0 f i CAT.obj
 0001:00002fe0       ?QueryInterface@?$CComObjectCached@VCComClassFactory@ATL@@@ATL@@UEAAJAEBU_GUID@@PEAPEAX@Z 0000000180003fe0 f i CAT.obj
 0001:00002ff4       ??_E?$CComObjectCached@VCComClassFactory@ATL@@@ATL@@UEAAPEAXI@Z 0000000180003ff4 f i CAT.obj
 0001:00002ff4       ??_G?$CComObjectCached@VCComClassFactory@ATL@@@ATL@@UEAAPEAXI@Z 0000000180003ff4 f i CAT.obj
 0001:0000304c       ?Next@?$CComEnumImpl@UIEnumConnectionPoints@@$1?_GUID_b196b285_bab4_101a_b69c_00aa00341d07@@3U__s_GUID@@BPEAUIConnectionPoint@@V?$_CopyInterface@UIConnectionPoint@@@ATL@@@ATL@@UEAAJKPEAPEAUIConnectionPoint@@PEAK@Z 000000018000404c f i CAT.obj
 0001:00003110       ?Skip@?$CComEnumImpl@UIEnumConnectionPoints@@$1?_GUID_b196b285_bab4_101a_b69c_00aa00341d07@@3U__s_GUID@@BPEAUIConnectionPoint@@V?$_CopyInterface@UIConnectionPoint@@@ATL@@@ATL@@UEAAJK@Z 0000000180004110 f i CAT.obj
 0001:0000313c       ?Clone@?$CComEnumImpl@UIEnumConnectionPoints@@$1?_GUID_b196b285_bab4_101a_b69c_00aa00341d07@@3U__s_GUID@@BPEAUIConnectionPoint@@V?$_CopyInterface@UIConnectionPoint@@@ATL@@@ATL@@UEAAJPEAPEAUIEnumConnectionPoints@@@Z 000000018000413c f i CAT.obj
 0001:00003268       ?QueryInterface@?$CComObject@V?$CComEnum@UIEnumConnectionPoints@@$1?_GUID_b196b285_bab4_101a_b69c_00aa00341d07@@3U__s_GUID@@BPEAUIConnectionPoint@@V?$_CopyInterface@UIConnectionPoint@@@ATL@@VCComSingleThreadModel@6@@ATL@@@ATL@@UEAAJAEBU_GUID@@PEAPEAX@Z 0000000180004268 f i CAT.obj
 0001:0000327c       ??_G?$CComObject@V?$CComEnum@UIEnumConnectionPoints@@$1?_GUID_b196b285_bab4_101a_b69c_00aa00341d07@@3U__s_GUID@@BPEAUIConnectionPoint@@V?$_CopyInterface@UIConnectionPoint@@@ATL@@VCComSingleThreadModel@6@@ATL@@@ATL@@UEAAPEAXI@Z 000000018000427c f i CAT.obj
 0001:0000327c       ??_E?$CComObject@V?$CComEnum@UIEnumConnectionPoints@@$1?_GUID_b196b285_bab4_101a_b69c_00aa00341d07@@3U__s_GUID@@BPEAUIConnectionPoint@@V?$_CopyInterface@UIConnectionPoint@@@ATL@@VCComSingleThreadModel@6@@ATL@@@ATL@@UEAAPEAXI@Z 000000018000427c f i CAT.obj
 0001:000032d4       ?AddReplacement@CRegObject@ATL@@UEAAJPEB_W0@Z 00000001800042d4 f i CAT.obj
 0001:00003304       ?ClearReplacements@CRegObject@ATL@@UEAAJXZ 0000000180004304 f i CAT.obj
 0001:00003310       ??_GCRegObject@ATL@@UEAAPEAXI@Z 0000000180004310 f i CAT.obj
 0001:00003310       ??_ECRegObject@ATL@@UEAAPEAXI@Z 0000000180004310 f i CAT.obj
 0001:00003390       ?AddRef@?$CComAggObject@VCOPOSCAT@@@ATL@@UEAAKXZ 0000000180004390 f i CAT.obj
 0001:0000339c       ?Release@?$CComAggObject@VCOPOSCAT@@@ATL@@UEAAKXZ 000000018000439c f i CAT.obj
 0001:000033f0       ?QueryInterface@?$CComAggObject@VCOPOSCAT@@@ATL@@UEAAJAEBU_GUID@@PEAPEAX@Z 00000001800043f0 f i CAT.obj
 0001:00003450       ?AddRef@?$CComContainedObject@VCOPOSCAT@@@ATL@@UEAAKXZ 0000000180004450 f i CAT.obj
 0001:00003460       ?Release@?$CComContainedObject@VCOPOSCAT@@@ATL@@UEAAKXZ 0000000180004460 f i CAT.obj
 0001:00003470       ?QueryInterface@?$CComContainedObject@VCOPOSCAT@@@ATL@@UEAAJAEBU_GUID@@PEAPEAX@Z 0000000180004470 f i CAT.obj
 0001:00003480       ??_G?$CComAggObject@VCOPOSCAT@@@ATL@@UEAAPEAXI@Z 0000000180004480 f i CAT.obj
 0001:00003480       ??_E?$CComAggObject@VCOPOSCAT@@@ATL@@UEAAPEAXI@Z 0000000180004480 f i CAT.obj
 0001:000034d8       ?AddRef@?$CComObject@VCOPOSCAT@@@ATL@@UEAAKXZ 00000001800044d8 f i CAT.obj
 0001:000034e8       ?Release@?$CComObject@VCOPOSCAT@@@ATL@@UEAAKXZ 00000001800044e8 f i CAT.obj
 0001:00003540       ?QueryInterface@?$CComObject@VCOPOSCAT@@@ATL@@UEAAJAEBU_GUID@@PEAPEAX@Z 0000000180004540 f i CAT.obj
 0001:00003554       ?OnDrawAdvanced@CComControlBase@ATL@@UEAAJAEAUATL_DRAWINFO@@@Z 0000000180004554 f i CAT.obj
 0001:000036e0       ??$AtlModuleRegisterWndClassInfoT@VAtlModuleRegisterWndClassInfoParamW@ATL@@@ATL@@YAGPEAU_ATL_BASE_MODULE70@0@PEAU_ATL_WIN_MODULE70@0@PEAU_ATL_WNDCLASSINFOW@0@PEAP6A_JPEAUHWND__@@I_K_J@ZVAtlModuleRegisterWndClassInfoParamW@0@@Z 00000001800046e0 f i CAT.obj
 0001:000038e0       ??0?$CComContainedObject@VCOPOSCAT@@@ATL@@QEAA@PEAX@Z 00000001800048e0 f i CAT.obj
 0001:000039fc       ??0?$CComObject@VCOPOSCAT@@@ATL@@QEAA@PEAX@Z 00000001800049fc f i CAT.obj
 0001:00003b14       ??0CAtlModule@ATL@@QEAA@XZ 0000000180004b14 f i CAT.obj
 0001:00003b88       ??1?$CComEnumImpl@UIEnumConnectionPoints@@$1?_GUID_b196b285_bab4_101a_b69c_00aa00341d07@@3U__s_GUID@@BPEAUIConnectionPoint@@V?$_CopyInterface@UIConnectionPoint@@@ATL@@@ATL@@UEAA@XZ 0000000180004b88 f i CAT.obj
 0001:00003be0       ??1?$CComEnumImpl@UIEnumConnections@@$1?_GUID_b196b287_bab4_101a_b69c_00aa00341d07@@3U__s_GUID@@BUtagCONNECTDATA@@V?$_Copy@UtagCONNECTDATA@@@ATL@@@ATL@@UEAA@XZ 0000000180004be0 f i CAT.obj
 0001:00003c38       ??1?$CComObject@VCOPOSCAT@@@ATL@@UEAA@XZ 0000000180004c38 f i CAT.obj
 0001:00003d58       ??_E?$CComContainedObject@VCOPOSCAT@@@ATL@@UEAAPEAXI@Z 0000000180004d58 f i CAT.obj
 0001:00003d58       ??_G?$CComContainedObject@VCOPOSCAT@@@ATL@@UEAAPEAXI@Z 0000000180004d58 f i CAT.obj
 0001:00003d8c       ??_E?$CComObject@VCOPOSCAT@@@ATL@@UEAAPEAXI@Z 0000000180004d8c f i CAT.obj
 0001:00003d8c       ??_G?$CComObject@VCOPOSCAT@@@ATL@@UEAAPEAXI@Z 0000000180004d8c f i CAT.obj
 0001:00003dc0       ?Add@?$CSimpleArray@GV?$CSimpleArrayEqualHelper@G@ATL@@@ATL@@QEAAHAEBG@Z 0000000180004dc0 f i CAT.obj
 0001:00003e60       ?Add@?$CSimpleMap@PEA_WPEA_WVCExpansionVectorEqualHelper@ATL@@@ATL@@QEAAHAEBQEA_W0@Z 0000000180004e60 f i CAT.obj
 0001:00003efc       ?Add@CComDynamicUnkArray@ATL@@QEAAKPEAUIUnknown@@@Z 0000000180004efc f i CAT.obj
 0001:00003fe0       ?Add@CExpansionVector@ATL@@QEAAHPEB_W0@Z 0000000180004fe0 f i CAT.obj
 0001:00004114       ?AddTermFunc@CAtlModule@ATL@@QEAAJP6AX_K@Z0@Z 0000000180005114 f i CAT.obj
 0001:000041b0       ?AddValue@CRegParser@ATL@@IEAAJAEAVCRegKey@2@PEB_WPEA_W@Z 00000001800051b0 f i CAT.obj
 0001:000045c0       ?AllocateHeap@?$CTempBuffer@E$0BAA@VCCRTAllocator@ATL@@@ATL@@AEAAX_K@Z 00000001800055c0 f i CAT.obj
 0001:000045c0       ?AllocateHeap@?$CTempBuffer@_W$0BAA@VCCRTAllocator@ATL@@@ATL@@AEAAX_K@Z 00000001800055c0 f i CAT.obj
 0001:000045c0       ?AllocateHeap@?$CTempBuffer@_W$0EAA@VCCRTAllocator@ATL@@@ATL@@AEAAX_K@Z 00000001800055c0 f i CAT.obj
 0001:000045ec       ?Append@CParseBuffer@CRegParser@ATL@@QEAAHPEB_WH@Z 00000001800055ec f i CAT.obj
 0001:00004720       ?AtlComModuleGetClassObject@ATL@@YAJPEAU_ATL_COM_MODULE70@1@AEBU_GUID@@1PEAPEAX@Z 0000000180005720 f i CAT.obj
 0001:0000485c       ?AtlComModuleRegisterServer@ATL@@YAJPEAU_ATL_COM_MODULE70@1@HPEBU_GUID@@@Z 000000018000585c f i CAT.obj
 0001:0000491c       ?AtlComModuleUnregisterServer@ATL@@YAJPEAU_ATL_COM_MODULE70@1@HPEBU_GUID@@@Z 000000018000591c f i CAT.obj
 0001:000049d8       ?AtlHiMetricToPixel@ATL@@YAXPEBUtagSIZE@@PEAU2@@Z 00000001800059d8 f i CAT.obj
 0001:00004a88       ?AtlHresultFromLastError@ATL@@YAJXZ 0000000180005a88 f i CAT.obj
 0001:00004aa8       ?AtlHresultFromWin32@ATL@@YAJK@Z 0000000180005aa8 f i CAT.obj
 0001:00004ab8       ?AtlInternalOleLoadFromStream@ATL@@YAJPEAUIStream@@AEBU_GUID@@PEAPEAXTClassesAllowedInStream@1@K@Z 0000000180005ab8 f i CAT.obj
 0001:00004c08       ?AtlInternalQueryInterface@ATL@@YAJPEAXPEBU_ATL_INTMAP_ENTRY@1@AEBU_GUID@@PEAPEAX@Z 0000000180005c08 f i CAT.obj
 0001:00004d10       ?AtlLoadTypeLib@ATL@@YAJPEAUHINSTANCE__@@PEB_WPEAPEA_WPEAPEAUITypeLib@@@Z 0000000180005d10 f i CAT.obj
 0001:00004f6c       ?AtlRegisterClassCategoriesHelper@ATL@@YAJAEBU_GUID@@PEBU_ATL_CATMAP_ENTRY@1@H@Z 0000000180005f6c f i CAT.obj
 0001:000053f0       ?AtlRegisterTypeLib@ATL@@YAJPEAUHINSTANCE__@@PEB_W@Z 00000001800063f0 f i CAT.obj
 0001:000055ec       ?AtlThrowImpl@ATL@@YAXJ@Z  00000001800065ec f i CAT.obj
 0001:00005610       ?AtlUnRegisterTypeLib@ATL@@YAJPEAUHINSTANCE__@@PEB_W@Z 0000000180006610 f i CAT.obj
 0001:000056d8       ?AtlWinModuleExtractCreateWndData@ATL@@YAPEAXPEAU_ATL_WIN_MODULE70@1@@Z 00000001800066d8 f i CAT.obj
 0001:00005764       ?ChToByte@CRegParser@ATL@@KAE_W@Z 0000000180006764 f i CAT.obj
 0001:000057f0       ?Cleanup@CComTypeInfoHolder@ATL@@SAX_K@Z 00000001800067f0 f i CAT.obj
 0001:00005830       ?ClearReplacements@CExpansionVector@ATL@@QEAAJXZ 0000000180006830 f i CAT.obj
 0001:000058cc       ?CreateInstance@?$CComCreator@V?$CComAggObject@VCOPOSCAT@@@ATL@@@ATL@@SAJPEAXAEBU_GUID@@PEAPEAX@Z 00000001800068cc f i CAT.obj
 0001:000059b0       ?CreateInstance@?$CComCreator@V?$CComObject@VCOPOSCAT@@@ATL@@@ATL@@SAJPEAXAEBU_GUID@@PEAPEAX@Z 00000001800069b0 f i CAT.obj
 0001:00005a70       ?CreateInstance@?$CComObject@V?$CComEnum@UIEnumConnectionPoints@@$1?_GUID_b196b285_bab4_101a_b69c_00aa00341d07@@3U__s_GUID@@BPEAUIConnectionPoint@@V?$_CopyInterface@UIConnectionPoint@@@ATL@@VCComSingleThreadModel@6@@ATL@@@ATL@@SAJPEAPEAV12@@Z 0000000180006a70 f i CAT.obj
 0001:00005b00       ?CreateInstance@?$CComObject@V?$CComEnum@UIEnumConnections@@$1?_GUID_b196b287_bab4_101a_b69c_00aa00341d07@@3U__s_GUID@@BUtagCONNECTDATA@@V?$_Copy@UtagCONNECTDATA@@@ATL@@VCComSingleThreadModel@6@@ATL@@@ATL@@SAJPEAPEAV12@@Z 0000000180006b00 f i CAT.obj
 0001:00005b90       ?DefaultReflectionHandler@?$CWindowImplRoot@VCWindow@ATL@@@ATL@@SAHPEAUHWND__@@I_K_JAEA_J@Z 0000000180006b90 f i CAT.obj
 0001:00005c24       ?DeleteSubKey@CRegKey@ATL@@QEAAJPEB_W@Z 0000000180006c24 f i CAT.obj
 0001:00005cbc       ?DoEvent@COPOSCAT@@IEAAXI_K_J@Z 0000000180006cbc f i CAT.obj
 0001:00005d70       ?DoVerbPrimary@?$IOleObjectImpl@VCOPOSCAT@@@ATL@@QEAAJPEBUtagRECT@@PEAUHWND__@@@Z 0000000180006d70 f i CAT.obj
 0001:00005e9c       ?DoVerbProperties@CComControlBase@ATL@@QEAAJPEBUtagRECT@@PEAUHWND__@@@Z 0000000180006e9c f i CAT.obj
 0001:000060c4       ?FireTheEvent@?$CProxy_IOPOSEvents@VCOPOSCAT@@@@IEAAXPEAVOposVariant@@IAEAJPEB_WJ@Z 00000001800070c4 f i CAT.obj
 0001:000061b0       ?FireViewChange@CComControlBase@ATL@@QEAAJXZ 00000001800071b0 f i CAT.obj
 0001:00006214       ?Fire_DirectIOEvent@?$CProxy_IOPOSEvents@VCOPOSCAT@@@@QEAAXJPEAJPEAPEA_W@Z 0000000180007214 f i CAT.obj
 0001:00006374       ?Fire_ErrorEvent@?$CProxy_IOPOSEvents@VCOPOSCAT@@@@QEAAXJJJPEAJ@Z 0000000180007374 f i CAT.obj
 0001:000064e8       ?Fire_OutputCompleteEvent@?$CProxy_IOPOSEvents@VCOPOSCAT@@@@QEAAXJ@Z 00000001800074e8 f i CAT.obj
 0001:000065d4       ?Fire_StatusUpdateEvent@?$CProxy_IOPOSEvents@VCOPOSCAT@@@@QEAAXJ@Z 00000001800075d4 f i CAT.obj
 0001:000066c0       ?FreeHeap@?$CTempBuffer@_W$0BAA@VCCRTAllocator@ATL@@@ATL@@AEAAXXZ 00000001800076c0 f i CAT.obj
 0001:000066c0       ?FreeHeap@?$CTempBuffer@_W$0EAA@VCCRTAllocator@ATL@@@ATL@@AEAAXXZ 00000001800076c0 f i CAT.obj
 0001:000066c0       ?FreeHeap@?$CTempBuffer@E$0BAA@VCCRTAllocator@ATL@@@ATL@@AEAAXXZ 00000001800076c0 f i CAT.obj
 0001:000066c8       ?GetAmbientLocaleID@CComControlBase@ATL@@QEAAJAEAK@Z 00000001800076c8 f i CAT.obj
 0001:00006788       ?GetAmbientUserMode@CComControlBase@ATL@@QEAAJAEAH@Z 0000000180007788 f i CAT.obj
 0001:00006858       ?GetClassObject@CComModule@ATL@@QEAAJAEBU_GUID@@0PEAPEAX@Z 0000000180007858 f i CAT.obj
 0001:0000694c       ?GetConnMap@COPOSCAT@@SAPEBU_ATL_CONNMAP_ENTRY@ATL@@PEAH@Z 000000018000794c f i CAT.obj
 0001:000069d4       ?GetIDsOfNames@CComTypeInfoHolder@ATL@@QEAAJAEBU_GUID@@PEAPEA_WIKPEAJ@Z 00000001800079d4 f i CAT.obj
 0001:00006b44       ?GetPagesHelper@?$ISpecifyPropertyPagesImpl@VCOPOSCAT@@@ATL@@IEAAJPEAUtagCAUUID@@PEBUATL_PROPMAP_ENTRY@2@@Z 0000000180007b44 f i CAT.obj
 0001:00006ce4       ?GetSizeMax@CComVariant@ATL@@QEBAJPEAT_ULARGE_INTEGER@@@Z 0000000180007ce4 f i CAT.obj
 0001:00006f14       ?GetTI@CComTypeInfoHolder@ATL@@QEAAJK@Z 0000000180007f14 f i CAT.obj
 0001:000071f8       ?GetZoomInfo@CComControlBase@ATL@@QEAAXAEAUATL_DRAWINFO@@@Z 00000001800081f8 f i CAT.obj
 0001:0000729c       ?HKeyFromString@CRegParser@ATL@@KAPEAUHKEY__@@PEA_W@Z 000000018000829c f i CAT.obj
 0001:00007300       ?IDataObject_GetData@CComControlBase@ATL@@QEAAJPEAUtagFORMATETC@@PEAUtagSTGMEDIUM@@@Z 0000000180008300 f i CAT.obj
 0001:000074f4       ?IOleInPlaceObject_InPlaceDeactivate@CComControlBase@ATL@@QEAAJXZ 00000001800084f4 f i CAT.obj
 0001:00007594       ?IOleInPlaceObject_SetObjectRects@CComControlBase@ATL@@QEAAJPEBUtagRECT@@0@Z 0000000180008594 f i CAT.obj
 0001:00007684       ?IOleInPlaceObject_UIDeactivate@CComControlBase@ATL@@QEAAJXZ 0000000180008684 f i CAT.obj
 0001:00007790       ?IOleObject_Close@CComControlBase@ATL@@QEAAJK@Z 0000000180008790 f i CAT.obj
 0001:000078a8       ?IOleObject_SetClientSite@CComControlBase@ATL@@QEAAJPEAUIOleClientSite@@@Z 00000001800088a8 f i CAT.obj
 0001:0000791c       ?IOleObject_SetExtent@CComControlBase@ATL@@QEAAJKPEAUtagSIZE@@@Z 000000018000891c f i CAT.obj
 0001:000079b4       ?IPSI_GetIPersistStreamInit@?$IPersistStorageImpl@VCOPOSCAT@@@ATL@@AEAAPEAUIPersistStreamInit@@XZ 00000001800089b4 f i CAT.obj
 0001:00007a9c       ?IPersistStreamInit_Load@?$IPersistStreamInitImpl@VCOPOSCAT@@@ATL@@QEAAJPEAUIStream@@PEBUATL_PROPMAP_ENTRY@2@@Z 0000000180008a9c f i CAT.obj
 0001:00007dc4       ?IPersistStreamInit_Save@?$IPersistStreamInitImpl@VCOPOSCAT@@@ATL@@QEAAJPEAUIStream@@HPEBUATL_PROPMAP_ENTRY@2@@Z 0000000180008dc4 f i CAT.obj
 0001:00008060       ?IQuickActivate_QuickActivate@CComControlBase@ATL@@QEAAJPEAUtagQACONTAINER@@PEAUtagQACONTROL@@@Z 0000000180009060 f i CAT.obj
 0001:00008324       ?IViewObject_Draw@CComControlBase@ATL@@QEAAJKJPEAXPEAUtagDVTARGETDEVICE@@PEAUHDC__@@2PEBU_RECTL@@3@Z 0000000180009324 f i CAT.obj
 0001:00008438       ?InPlaceActivate@CComControlBase@ATL@@QEAAJJPEBUtagRECT@@@Z 0000000180009438 f i CAT.obj
 0001:00008768       ?Init@?$CComEnumImpl@UIEnumConnectionPoints@@$1?_GUID_b196b285_bab4_101a_b69c_00aa00341d07@@3U__s_GUID@@BPEAUIConnectionPoint@@V?$_CopyInterface@UIConnectionPoint@@@ATL@@@ATL@@QEAAJPEAPEAUIConnectionPoint@@0PEAUIUnknown@@W4CComEnumFlags@2@@Z 0000000180009768 f i CAT.obj
 0001:00008884       ?Init@?$CComEnumImpl@UIEnumConnections@@$1?_GUID_b196b287_bab4_101a_b69c_00aa00341d07@@3U__s_GUID@@BUtagCONNECTDATA@@V?$_Copy@UtagCONNECTDATA@@@ATL@@@ATL@@QEAAJPEAUtagCONNECTDATA@@0PEAUIUnknown@@W4CComEnumFlags@2@@Z 0000000180009884 f i CAT.obj
 0001:000089a4       ?IsEqualObject@?$CComPtrBase@UIOleClientSite@@@ATL@@QEAA_NPEAUIUnknown@@@Z 00000001800099a4 f i CAT.obj
 0001:00008a30       ?LoadNameCache@CComTypeInfoHolder@ATL@@QEAAJPEAUITypeInfo@@@Z 0000000180009a30 f i CAT.obj
 0001:00008bc0       ?Lookup@?$CSimpleMap@PEA_WPEA_WVCExpansionVectorEqualHelper@ATL@@@ATL@@QEBAPEA_WAEBQEA_W@Z 0000000180009bc0 f i CAT.obj
 0001:00008c48       ?NextToken@CRegParser@ATL@@IEAAJPEA_W@Z 0000000180009c48 f i CAT.obj
 0001:00008de4       ?OnKillFocus@CComControlBase@ATL@@QEAA_JI_K_JAEAH@Z 0000000180009de4 f i CAT.obj
 0001:00008e80       ?OnMouseActivate@CComControlBase@ATL@@QEAA_JI_K_JAEAH@Z 0000000180009e80 f i CAT.obj
 0001:00008f20       ?OnPaint@CComControlBase@ATL@@QEAA_JI_K_JAEAH@Z 0000000180009f20 f i CAT.obj
 0001:0000900c       ?OnSetFocus@CComControlBase@ATL@@QEAA_JI_K_JAEAH@Z 000000018000a00c f i CAT.obj
 0001:00009114       ?PreProcessBuffer@CRegParser@ATL@@QEAAJPEA_WPEAPEA_W@Z 000000018000a114 f i CAT.obj
 0001:0000949c       ?ProcessWindowMessage@?$CComControl@VCOPOSCAT@@V?$CWindowImpl@VCOPOSCAT@@VCWindow@ATL@@V?$CWinTraits@$0FGAAAAAA@$0A@@3@@ATL@@@ATL@@UEAAHPEAUHWND__@@I_K_JAEA_JK@Z 000000018000a49c f i CAT.obj
 0001:00009588       ?ReadFromStream@CComBSTR@ATL@@QEAAJPEAUIStream@@@Z 000000018000a588 f i CAT.obj
 0001:000096d8       ?ReadFromStream@CComVariant@ATL@@QEAAJPEAUIStream@@GTClassesAllowedInStream@2@K@Z 000000018000a6d8 f i CAT.obj
 0001:0000991c       ?RecurseDeleteKey@CRegKey@ATL@@QEAAJPEB_W@Z 000000018000a91c f i CAT.obj
 0001:00009a74       ?RegCreateKeyExW@CAtlTransactionManager@ATL@@QEAAJPEAUHKEY__@@PEB_WKPEA_WKKQEAU_SECURITY_ATTRIBUTES@@PEAPEAU3@PEAK@Z 000000018000aa74 f i CAT.obj
 0001:00009ba8       ?RegDeleteKeyW@CAtlTransactionManager@ATL@@QEAAJPEAUHKEY__@@PEB_W@Z 000000018000aba8 f i CAT.obj
 0001:00009c34       ?RegOpenKeyExW@CAtlTransactionManager@ATL@@QEAAJPEAUHKEY__@@PEB_WKKPEAPEAU3@@Z 000000018000ac34 f i CAT.obj
 0001:00009cec       ?RegisterBuffer@CRegParser@ATL@@QEAAJPEA_WH@Z 000000018000acec f i CAT.obj
 0001:00009e58       ?RegisterFromResource@CRegObject@ATL@@IEAAJPEB_W00H@Z 000000018000ae58 f i CAT.obj
 0001:0000a014       ?RegisterServer@CComModule@ATL@@QEAAJHPEBU_GUID@@@Z 000000018000b014 f i CAT.obj
 0001:0000a0d0       ?RegisterSubkeys@CRegParser@ATL@@IEAAJPEA_WPEAUHKEY__@@HH@Z 000000018000b0d0 f i CAT.obj
 0001:0000a950       ?SendOnDataChange@CComControlBase@ATL@@QEAAJK@Z 000000018000b950 f i CAT.obj
 0001:0000a9c0       ?SetControlFocus@CComControlBase@ATL@@QEAAHH@Z 000000018000b9c0 f i CAT.obj
 0001:0000aa90       ?SkipAssignment@CRegParser@ATL@@IEAAJPEA_W@Z 000000018000ba90 f i CAT.obj
 0001:0000ab48       ?Term@CAtlModule@ATL@@QEAAXXZ 000000018000bb48 f i CAT.obj
 0001:0000ac00       ?Term@CComModule@ATL@@QEAAXXZ 000000018000bc00 f i CAT.obj
 0001:0000ac7c       ?UnregisterServer@CComModule@ATL@@QEAAJHPEBU_GUID@@@Z 000000018000bc7c f i CAT.obj
 0001:0000ad2c       ?UpdateRegistryFromResource@CAtlModule@ATL@@QEAAJIHPEAU_ATL_REGMAP_ENTRY@2@@Z 000000018000bd2c f i CAT.obj
 0001:0000b038       ?UpdateRegistryFromResource@CAtlModule@ATL@@QEAAJPEB_WHPEAU_ATL_REGMAP_ENTRY@2@@Z 000000018000c038 f i CAT.obj
 0001:0000b35c       ?VTFromRegType@CRegParser@ATL@@KAHPEB_WAEAG@Z 000000018000c35c f i CAT.obj
 0001:0000b3f8       ?WindowProc@?$CWindowImplBaseT@VCWindow@ATL@@V?$CWinTraits@$0FGAAAAAA@$0A@@2@@ATL@@SA_JPEAUHWND__@@I_K_J@Z 000000018000c3f8 f i CAT.obj
 0001:0000b564       ?WriteToStream@CComVariant@ATL@@QEAAJPEAUIStream@@@Z 000000018000c564 f i CAT.obj
 0001:0000b7d0       ?WriteToStream@CComVariant@ATL@@QEAAJPEAUIStream@@G@Z 000000018000c7d0 f i CAT.obj
 0001:0000b868       ?_AtlVerifyStackAvailable@_ATL_SAFE_ALLOCA_IMPL@ATL@@YA_N_K@Z 000000018000c868 f i CAT.obj
 0001:0000b8ec       ?atlCreate@?$CWindowImpl@VCOPOSCAT@@VCWindow@ATL@@V?$CWinTraits@$0FGAAAAAA@$0A@@3@@ATL@@QEAAPEAUHWND__@@PEAU3@V_U_RECT@2@PEB_WKKV_U_MENUorID@2@PEAX@Z 000000018000c8ec f i CAT.obj
 0001:0000b9a8       ?atlCreate@?$CWindowImplBaseT@VCWindow@ATL@@V?$CWinTraits@$0FGAAAAAA@$0A@@2@@ATL@@QEAAPEAUHWND__@@PEAU3@V_U_RECT@2@PEB_WKKV_U_MENUorID@2@GPEAX@Z 000000018000c9a8 f i CAT.obj
 0001:0000bb18       ?ocscpy_s@@YA_NPEA_W_KPEB_W@Z 000000018000cb18 f i CAT.obj
 0001:0000bbc8       DllCanUnloadNow            000000018000cbc8 f   CAT.obj
 0001:0000bbd4       DllGetClassObject          000000018000cbd4 f   CAT.obj
 0001:0000bbec       DllMain                    000000018000cbec f   CAT.obj
 0001:0000bc94       DllRegisterServer          000000018000cc94 f   CAT.obj
 0001:0000bca8       DllUnregisterServer        000000018000cca8 f   CAT.obj
 0001:0000bcbc       __local_stdio_printf_options 000000018000ccbc f i CAT.obj
 0001:0000bcc4       swprintf_s                 000000018000ccc4 f i CAT.obj
 0001:0000bd18       ??0COPOSCAT@@QEAA@XZ       000000018000cd18 f   CATImpl.obj
 0001:0000bde0       ??1?$IConnectionPointImpl@VCOPOSCAT@@$1?IID_IPropertyNotifySink@@3U_GUID@@BVCComDynamicUnkArray@ATL@@@ATL@@QEAA@XZ 000000018000cde0 f i CATImpl.obj
 0001:0000bde0       ??1?$IConnectionPointImpl@VCOPOSCAT@@$1?DIID__IOPOSCATEvents@@3U_GUID@@BVCComDynamicUnkArray@ATL@@@ATL@@QEAA@XZ 000000018000cde0 f i CATImpl.obj
 0001:0000be3c       ??1CComControlBase@ATL@@UEAA@XZ 000000018000ce3c f i CATImpl.obj
 0001:0000beb8       ??1COPOSCAT@@UEAA@XZ       000000018000ceb8 f   CATImpl.obj
 0001:0000bf1c       ?AccessDailyLog@COPOSCAT@@UEAAJJJJPEAJ@Z 000000018000cf1c f   CATImpl.obj
 0001:0000c004       ?AuthorizeCompletion@COPOSCAT@@UEAAJJTtagCY@@0JPEAJ@Z 000000018000d004 f   CATImpl.obj
 0001:0000c104       ?AuthorizePreSales@COPOSCAT@@UEAAJJTtagCY@@0JPEAJ@Z 000000018000d104 f   CATImpl.obj
 0001:0000c204       ?AuthorizeRefund@COPOSCAT@@UEAAJJTtagCY@@0JPEAJ@Z 000000018000d204 f   CATImpl.obj
 0001:0000c304       ?AuthorizeSales@COPOSCAT@@UEAAJJTtagCY@@0JPEAJ@Z 000000018000d304 f   CATImpl.obj
 0001:0000c404       ?AuthorizeVoid@COPOSCAT@@UEAAJJTtagCY@@0JPEAJ@Z 000000018000d404 f   CATImpl.obj
 0001:0000c504       ?AuthorizeVoidPreSales@COPOSCAT@@UEAAJJTtagCY@@0JPEAJ@Z 000000018000d504 f   CATImpl.obj
 0001:0000c604       ?CashDeposit@COPOSCAT@@UEAAJJTtagCY@@JPEAJ@Z 000000018000d604 f   CATImpl.obj
 0001:0000c6f0       ?CheckCard@COPOSCAT@@UEAAJJJPEAJ@Z 000000018000d6f0 f   CATImpl.obj
 0001:0000c7bc       ?CheckHealth@COPOSCAT@@UEAAJJPEAJ@Z 000000018000d7bc f   CATImpl.obj
 0001:0000c838       ?ClaimDevice@COPOSCAT@@UEAAJJPEAJ@Z 000000018000d838 f   CATImpl.obj
 0001:0000c8d8       ?ClearOutput@COPOSCAT@@UEAAJPEAJ@Z 000000018000d8d8 f   CATImpl.obj
 0001:0000c900       ?Close@COPOSCAT@@UEAAJPEAJ@Z 000000018000d900 f   CATImpl.obj
 0001:0000c9b8       ?CompareFirmwareVersion@COPOSCAT@@UEAAJPEA_WPEAJ1@Z 000000018000d9b8 f   CATImpl.obj
 0001:0000ca94       ?DirectIO@COPOSCAT@@UEAAJJPEAJPEAPEA_W0@Z 000000018000da94 f   CATImpl.obj
 0001:0000cb90       ?DoInvoke@COPOSCAT@@IEAAJJPEAVOposVariant@@IHPEAJ_N@Z 000000018000db90 f   CATImpl.obj
 0001:0000ccc4       ?EventInit@COPOSCAT@@IEAAJXZ 000000018000dcc4 f i CATImpl.obj
 0001:0000ce14       ?EventUninit@COPOSCAT@@IEAAXXZ 000000018000de14 f i CATImpl.obj
 0001:0000ce78       ?EventWindowProc@COPOSCAT@@IEAA_JI_K_J@Z 000000018000de78 f i CATImpl.obj
 0001:0000cff4       ?FinalConstruct@COPOSCAT@@QEAAJXZ 000000018000dff4 f   CATImpl.obj
 0001:0000d030       ?FreezeEvents@COPOSCAT@@MEAAJH@Z 000000018000e030 f   CATImpl.obj
 0001:0000d09c       ?GetOposProp@COPOSCAT@@IEAAJJPEAJJ@Z 000000018000e09c f   CATImpl.obj
 0001:0000d1b8       ?GetOposProp@COPOSCAT@@IEAAJJPEAPEA_WJ@Z 000000018000e1b8 f   CATImpl.obj
 0001:0000d2e4       ?LockTerminal@COPOSCAT@@UEAAJPEAJ@Z 000000018000e2e4 f   CATImpl.obj
 0001:0000d30c       ?OnDraw@COPOSCAT@@MEAAJAEAUATL_DRAWINFO@@@Z 000000018000e30c f   CATImpl.obj
 0001:0000d3f8       ?Open@COPOSCAT@@UEAAJPEA_WPEAJ@Z 000000018000e3f8 f   CATImpl.obj
 0001:0000dc80       ?ReleaseDevice@COPOSCAT@@UEAAJPEAJ@Z 000000018000ec80 f   CATImpl.obj
 0001:0000dcec       ?ResetStatistics@COPOSCAT@@UEAAJPEA_WPEAJ@Z 000000018000ecec f   CATImpl.obj
 0001:0000dd74       ?RetrieveStatistics@COPOSCAT@@UEAAJPEAPEA_WPEAJ@Z 000000018000ed74 f   CATImpl.obj
 0001:0000ddfc       ?SOProcessID@COPOSCAT@@UEAAJPEAJ@Z 000000018000edfc f   CATImpl.obj
 0001:0000de18       ?SetCOFreezeEvents@COPOSCAT@@IEAAXF@Z 000000018000ee18 f   CATImpl.obj
 0001:0000defc       ?SetOposProp@COPOSCAT@@IEAAJJJJ@Z 000000018000eefc f   CATImpl.obj
 0001:0000e05c       ?SetOposProp@COPOSCAT@@IEAAJJPEA_WJ@Z 000000018000f05c f   CATImpl.obj
 0001:0000e1b4       ?UnlockTerminal@COPOSCAT@@UEAAJPEAJ@Z 000000018000f1b4 f   CATImpl.obj
 0001:0000e1dc       ?UpdateFirmware@COPOSCAT@@UEAAJPEA_WPEAJ@Z 000000018000f1dc f   CATImpl.obj
 0001:0000e264       ?UpdateStatistics@COPOSCAT@@UEAAJPEA_WPEAJ@Z 000000018000f264 f   CATImpl.obj
 0001:0000e2ec       ?get_AccountNumber@COPOSCAT@@UEAAJPEAPEA_W@Z 000000018000f2ec f   CATImpl.obj
 0001:0000e300       ?get_AdditionalSecurityInformation@COPOSCAT@@UEAAJPEAPEA_W@Z 000000018000f300 f   CATImpl.obj
 0001:0000e314       ?get_ApprovalCode@COPOSCAT@@UEAAJPEAPEA_W@Z 000000018000f314 f   CATImpl.obj
 0001:0000e328       ?get_AsyncMode@COPOSCAT@@UEAAJPEAF@Z 000000018000f328 f   CATImpl.obj
 0001:0000e35c       ?get_Balance@COPOSCAT@@UEAAJPEATtagCY@@@Z 000000018000f35c f   CATImpl.obj
 0001:0000e43c       ?get_BinaryConversion@COPOSCAT@@UEAAJPEAJ@Z 000000018000f43c f   CATImpl.obj
 0001:0000e450       ?get_CapAdditionalSecurityInformation@COPOSCAT@@UEAAJPEAF@Z 000000018000f450 f   CATImpl.obj
 0001:0000e484       ?get_CapAuthorizeCompletion@COPOSCAT@@UEAAJPEAF@Z 000000018000f484 f   CATImpl.obj
 0001:0000e4b8       ?get_CapAuthorizePreSales@COPOSCAT@@UEAAJPEAF@Z 000000018000f4b8 f   CATImpl.obj
 0001:0000e4ec       ?get_CapAuthorizeRefund@COPOSCAT@@UEAAJPEAF@Z 000000018000f4ec f   CATImpl.obj
 0001:0000e520       ?get_CapAuthorizeVoid@COPOSCAT@@UEAAJPEAF@Z 000000018000f520 f   CATImpl.obj
 0001:0000e554       ?get_CapAuthorizeVoidPreSales@COPOSCAT@@UEAAJPEAF@Z 000000018000f554 f   CATImpl.obj
 0001:0000e588       ?get_CapCashDeposit@COPOSCAT@@UEAAJPEAF@Z 000000018000f588 f   CATImpl.obj
 0001:0000e5bc       ?get_CapCenterResultCode@COPOSCAT@@UEAAJPEAF@Z 000000018000f5bc f   CATImpl.obj
 0001:0000e5f0       ?get_CapCheckCard@COPOSCAT@@UEAAJPEAF@Z 000000018000f5f0 f   CATImpl.obj
 0001:0000e624       ?get_CapCompareFirmwareVersion@COPOSCAT@@UEAAJPEAF@Z 000000018000f624 f   CATImpl.obj
 0001:0000e658       ?get_CapDailyLog@COPOSCAT@@UEAAJPEAJ@Z 000000018000f658 f   CATImpl.obj
 0001:0000e66c       ?get_CapInstallments@COPOSCAT@@UEAAJPEAF@Z 000000018000f66c f   CATImpl.obj
 0001:0000e6a0       ?get_CapLockTerminal@COPOSCAT@@UEAAJPEAF@Z 000000018000f6a0 f   CATImpl.obj
 0001:0000e6d4       ?get_CapLogStatus@COPOSCAT@@UEAAJPEAF@Z 000000018000f6d4 f   CATImpl.obj
 0001:0000e708       ?get_CapPaymentDetail@COPOSCAT@@UEAAJPEAF@Z 000000018000f708 f   CATImpl.obj
 0001:0000e73c       ?get_CapPowerReporting@COPOSCAT@@UEAAJPEAJ@Z 000000018000f73c f   CATImpl.obj
 0001:0000e750       ?get_CapStatisticsReporting@COPOSCAT@@UEAAJPEAF@Z 000000018000f750 f   CATImpl.obj
 0001:0000e784       ?get_CapTaxOthers@COPOSCAT@@UEAAJPEAF@Z 000000018000f784 f   CATImpl.obj
 0001:0000e7b8       ?get_CapTrainingMode@COPOSCAT@@UEAAJPEAF@Z 000000018000f7b8 f   CATImpl.obj
 0001:0000e7ec       ?get_CapTransactionNumber@COPOSCAT@@UEAAJPEAF@Z 000000018000f7ec f   CATImpl.obj
 0001:0000e820       ?get_CapUnlockTerminal@COPOSCAT@@UEAAJPEAF@Z 000000018000f820 f   CATImpl.obj
 0001:0000e854       ?get_CapUpdateFirmware@COPOSCAT@@UEAAJPEAF@Z 000000018000f854 f   CATImpl.obj
 0001:0000e888       ?get_CapUpdateStatistics@COPOSCAT@@UEAAJPEAF@Z 000000018000f888 f   CATImpl.obj
 0001:0000e8bc       ?get_CardCompanyID@COPOSCAT@@UEAAJPEAPEA_W@Z 000000018000f8bc f   CATImpl.obj
 0001:0000e8d0       ?get_CenterResultCode@COPOSCAT@@UEAAJPEAPEA_W@Z 000000018000f8d0 f   CATImpl.obj
 0001:0000e8e4       ?get_CheckHealthText@COPOSCAT@@UEAAJPEAPEA_W@Z 000000018000f8e4 f   CATImpl.obj
 0001:0000e8f8       ?get_Claimed@COPOSCAT@@UEAAJPEAF@Z 000000018000f8f8 f   CATImpl.obj
 0001:0000e92c       ?get_ControlObjectDescription@COPOSCAT@@UEAAJPEAPEA_W@Z 000000018000f92c f   CATImpl.obj
 0001:0000e990       ?get_ControlObjectVersion@COPOSCAT@@UEAAJPEAJ@Z 000000018000f990 f   CATImpl.obj
 0001:0000e99c       ?get_DailyLog@COPOSCAT@@UEAAJPEAPEA_W@Z 000000018000f99c f   CATImpl.obj
 0001:0000e9b0       ?get_DeviceDescription@COPOSCAT@@UEAAJPEAPEA_W@Z 000000018000f9b0 f   CATImpl.obj
 0001:0000e9c4       ?get_DeviceEnabled@COPOSCAT@@UEAAJPEAF@Z 000000018000f9c4 f   CATImpl.obj
 0001:0000e9f8       ?get_DeviceName@COPOSCAT@@UEAAJPEAPEA_W@Z 000000018000f9f8 f   CATImpl.obj
 0001:0000ea0c       ?get_FreezeEvents@COPOSCAT@@UEAAJPEAF@Z 000000018000fa0c f   CATImpl.obj
 0001:0000ea3c       ?get_LogStatus@COPOSCAT@@UEAAJPEAJ@Z 000000018000fa3c f   CATImpl.obj
 0001:0000ea50       ?get_OpenResult@COPOSCAT@@UEAAJPEAJ@Z 000000018000fa50 f   CATImpl.obj
 0001:0000ea5c       ?get_OutputID@COPOSCAT@@UEAAJPEAJ@Z 000000018000fa5c f   CATImpl.obj
 0001:0000ea70       ?get_PaymentCondition@COPOSCAT@@UEAAJPEAJ@Z 000000018000fa70 f   CATImpl.obj
 0001:0000ea84       ?get_PaymentDetail@COPOSCAT@@UEAAJPEAPEA_W@Z 000000018000fa84 f   CATImpl.obj
 0001:0000ea98       ?get_PaymentMedia@COPOSCAT@@UEAAJPEAJ@Z 000000018000fa98 f   CATImpl.obj
 0001:0000eaac       ?get_PowerNotify@COPOSCAT@@UEAAJPEAJ@Z 000000018000faac f   CATImpl.obj
 0001:0000eac0       ?get_PowerState@COPOSCAT@@UEAAJPEAJ@Z 000000018000fac0 f   CATImpl.obj
 0001:0000ead4       ?get_ResultCode@COPOSCAT@@UEAAJPEAJ@Z 000000018000fad4 f   CATImpl.obj
 0001:0000eb10       ?get_ResultCodeExtended@COPOSCAT@@UEAAJPEAJ@Z 000000018000fb10 f   CATImpl.obj
 0001:0000eb24       ?get_SequenceNumber@COPOSCAT@@UEAAJPEAJ@Z 000000018000fb24 f   CATImpl.obj
 0001:0000eb38       ?get_ServiceObjectDescription@COPOSCAT@@UEAAJPEAPEA_W@Z 000000018000fb38 f   CATImpl.obj
 0001:0000eb4c       ?get_ServiceObjectVersion@COPOSCAT@@UEAAJPEAJ@Z 000000018000fb4c f   CATImpl.obj
 0001:0000eb60       ?get_SettledAmount@COPOSCAT@@UEAAJPEATtagCY@@@Z 000000018000fb60 f   CATImpl.obj
 0001:0000ec40       ?get_SlipNumber@COPOSCAT@@UEAAJPEAPEA_W@Z 000000018000fc40 f   CATImpl.obj
 0001:0000ec54       ?get_State@COPOSCAT@@UEAAJPEAJ@Z 000000018000fc54 f   CATImpl.obj
 0001:0000ec80       ?get_TrainingMode@COPOSCAT@@UEAAJPEAF@Z 000000018000fc80 f   CATImpl.obj
 0001:0000ecb4       ?get_TransactionNumber@COPOSCAT@@UEAAJPEAPEA_W@Z 000000018000fcb4 f   CATImpl.obj
 0001:0000ecc8       ?get_TransactionType@COPOSCAT@@UEAAJPEAJ@Z 000000018000fcc8 f   CATImpl.obj
 0001:0000ecdc       ?put_AdditionalSecurityInformation@COPOSCAT@@UEAAJPEA_W@Z 000000018000fcdc f   CATImpl.obj
 0001:0000ecf0       ?put_AsyncMode@COPOSCAT@@UEAAJF@Z 000000018000fcf0 f   CATImpl.obj
 0001:0000ed0c       ?put_BinaryConversion@COPOSCAT@@UEAAJJ@Z 000000018000fd0c f   CATImpl.obj
 0001:0000ed20       ?put_DeviceEnabled@COPOSCAT@@UEAAJF@Z 000000018000fd20 f   CATImpl.obj
 0001:0000ed38       ?put_FreezeEvents@COPOSCAT@@UEAAJF@Z 000000018000fd38 f   CATImpl.obj
 0001:0000ed88       ?put_PaymentMedia@COPOSCAT@@UEAAJJ@Z 000000018000fd88 f   CATImpl.obj
 0001:0000ed9c       ?put_PowerNotify@COPOSCAT@@UEAAJJ@Z 000000018000fd9c f   CATImpl.obj
 0001:0000edb0       ?put_TrainingMode@COPOSCAT@@UEAAJF@Z 000000018000fdb0 f   CATImpl.obj
 0001:0000edcc       ?s_EventWindowProc@COPOSCAT@@KA_JPEAUHWND__@@I_K_J@Z 000000018000fdcc f i CATImpl.obj
 0001:0000ee48       ??_U@YAPEAX_K@Z            000000018000fe48 f   LIBCMT:new_array.obj
 0001:0000ee50       ??_V@YAXPEAX@Z             000000018000fe50 f   LIBCMT:delete_array.obj
 0001:0000ee50       ??3@YAXPEAX_K@Z            000000018000fe50 f   LIBCMT:delete_scalar_size.obj
 0001:0000ee58       ??_V@YAXPEAX_K@Z           000000018000fe58 f   LIBCMT:delete_array_size.obj
 0001:0000ee60       __scrt_acquire_startup_lock 000000018000fe60 f   LIBCMT:utility.obj
 0001:0000ee9c       __scrt_dllmain_after_initialize_c 000000018000fe9c f   LIBCMT:utility.obj
 0001:0000eed0       __scrt_dllmain_before_initialize_c 000000018000fed0 f   LIBCMT:utility.obj
 0001:0000eee8       __scrt_dllmain_crt_thread_attach 000000018000fee8 f   LIBCMT:utility.obj
 0001:0000ef10       __scrt_dllmain_crt_thread_detach 000000018000ff10 f   LIBCMT:utility.obj
 0001:0000ef28       __scrt_dllmain_exception_filter 000000018000ff28 f   LIBCMT:utility.obj
 0001:0000ef88       __scrt_dllmain_uninitialize_c 000000018000ff88 f   LIBCMT:utility.obj
 0001:0000efb8       __scrt_dllmain_uninitialize_critical 000000018000ffb8 f   LIBCMT:utility.obj
 0001:0000efcc       __scrt_initialize_crt      000000018000ffcc f   LIBCMT:utility.obj
 0001:0000f018       __scrt_initialize_onexit_tables 0000000180010018 f   LIBCMT:utility.obj
 0001:0000f0a4       __scrt_is_nonwritable_in_current_image 00000001800100a4 f   LIBCMT:utility.obj
 0001:0000f13c       __scrt_release_startup_lock 000000018001013c f   LIBCMT:utility.obj
 0001:0000f160       __scrt_uninitialize_crt    0000000180010160 f   LIBCMT:utility.obj
 0001:0000f18c       _onexit                    000000018001018c f   LIBCMT:utility.obj
 0001:0000f1c8       atexit                     00000001800101c8 f   LIBCMT:utility.obj
 0001:0000f1e0       ??3@YAXPEAX@Z              00000001800101e0 f   LIBCMT:delete_scalar.obj
 0001:0000f2e0       _Init_thread_footer        00000001800102e0 f   LIBCMT:thread_safe_statics.obj
 0001:0000f340       _Init_thread_header        0000000180010340 f   LIBCMT:thread_safe_statics.obj
 0001:0000f3a8       _Init_thread_notify        00000001800103a8 f   LIBCMT:thread_safe_statics.obj
 0001:0000f3ec       _Init_thread_wait          00000001800103ec f   LIBCMT:thread_safe_statics.obj
 0001:0000f450       __raise_securityfailure    0000000180010450 f   LIBCMT:gs_report.obj
 0001:0000f484       __report_gsfailure         0000000180010484 f   LIBCMT:gs_report.obj
 0001:0000f558       __report_rangecheckfailure 0000000180010558 f   LIBCMT:gs_report.obj
 0001:0000f56c       __report_securityfailure   000000018001056c f   LIBCMT:gs_report.obj
 0001:0000f6ec       ??2@YAPEAX_KAEBUnothrow_t@std@@@Z 00000001800106ec f   LIBCMT:new_scalar_nothrow.obj
 0001:0000f700       ??_U@YAPEAX_KAEBUnothrow_t@std@@@Z 0000000180010700 f   LIBCMT:new_array_nothrow.obj
 0001:0000f708       __GSHandlerCheck           0000000180010708 f   LIBCMT:gshandler.obj
 0001:0000f728       __GSHandlerCheckCommon     0000000180010728 f   LIBCMT:gshandler.obj
 0001:0000f784       __GSHandlerCheck_SEH       0000000180010784 f   LIBCMT:gshandlerseh.obj
 0001:0000f820       _alloca_probe              0000000180010820 f   LIBCMT:chkstk.obj
 0001:0000f820       __chkstk                   0000000180010820 f   LIBCMT:chkstk.obj
 0001:0000f880       __security_check_cookie    0000000180010880 f   LIBCMT:amdsecgs.obj
 0001:0000fbc0       _DllMainCRTStartup         0000000180010bc0 f   LIBCMT:dll_dllmain.obj
 0001:0000fc00       ??2@YAPEAX_K@Z             0000000180010c00 f   LIBCMT:new_scalar.obj
 0001:0000fc3c       __isa_available_init       0000000180010c3c f   LIBCMT:cpu_disp.obj
 0001:0000fde0       __scrt_is_ucrt_dll_in_use  0000000180010de0 f   LIBCMT:ucrt_detection.obj
 0001:0000fdec       __crt_debugger_hook        0000000180010dec f   LIBCMT:utility_desktop.obj
 0001:0000fdf4       __scrt_fastfail            0000000180010df4 f   LIBCMT:utility_desktop.obj
 0001:0000ff40       __security_init_cookie     0000000180010f40 f   LIBCMT:gs_support.obj
 0001:0000ffec       ?__scrt_initialize_type_info@@YAXXZ 0000000180010fec f   LIBCMT:tncleanup.obj
 0001:0000fffc       ?__scrt_uninitialize_type_info@@YAXXZ 0000000180010ffc f   LIBCMT:tncleanup.obj
 0001:00010008       __local_stdio_scanf_options 0000000180011008 f i LIBCMT:default_local_stdio_options.obj
 0001:00010010       __scrt_initialize_default_local_stdio_options 0000000180011010 f   LIBCMT:default_local_stdio_options.obj
 0001:0001002c       __scrt_get_dyn_tls_init_callback 000000018001102c f   LIBCMT:dyn_tls_init.obj
 0001:00010034       _RTC_Initialize            0000000180011034 f   LIBCMT:initsect.obj
 0001:00010070       _RTC_Terminate             0000000180011070 f   LIBCMT:initsect.obj
 0001:000100ac       ??0bad_alloc@std@@QEAA@AEBV01@@Z 00000001800110ac f i LIBCMT:throw_bad_alloc.obj
 0001:000100e8       ??0bad_alloc@std@@QEAA@XZ  00000001800110e8 f i LIBCMT:throw_bad_alloc.obj
 0001:00010108       ??0bad_array_new_length@std@@QEAA@AEBV01@@Z 0000000180011108 f i LIBCMT:throw_bad_alloc.obj
 0001:00010144       ??0bad_array_new_length@std@@QEAA@XZ 0000000180011144 f i LIBCMT:throw_bad_alloc.obj
 0001:00010164       ??0exception@std@@QEAA@AEBV01@@Z 0000000180011164 f i LIBCMT:throw_bad_alloc.obj
 0001:00010198       ??1bad_array_new_length@std@@UEAA@XZ 0000000180011198 f i LIBCMT:throw_bad_alloc.obj
 0001:00010198       ??1bad_alloc@std@@UEAA@XZ  0000000180011198 f i LIBCMT:throw_bad_alloc.obj
 0001:00010198       ??1bad_exception@std@@UEAA@XZ 0000000180011198 f i libvcruntime:frame.obj
 0001:000101ac       ??_Gbad_array_new_length@std@@UEAAPEAXI@Z 00000001800111ac f i LIBCMT:throw_bad_alloc.obj
 0001:000101ac       ??_Gexception@std@@UEAAPEAXI@Z 00000001800111ac f i LIBCMT:throw_bad_alloc.obj
 0001:000101ac       ??_Ebad_alloc@std@@UEAAPEAXI@Z 00000001800111ac f i LIBCMT:throw_bad_alloc.obj
 0001:000101ac       ??_Gbad_exception@std@@UEAAPEAXI@Z 00000001800111ac f i libvcruntime:frame.obj
 0001:000101ac       ??_Ebad_array_new_length@std@@UEAAPEAXI@Z 00000001800111ac f i LIBCMT:throw_bad_alloc.obj
 0001:000101ac       ??_Ebad_exception@std@@UEAAPEAXI@Z 00000001800111ac f i libvcruntime:frame.obj
 0001:000101ac       ??_Eexception@std@@UEAAPEAXI@Z 00000001800111ac f i LIBCMT:throw_bad_alloc.obj
 0001:000101ac       ??_Gbad_alloc@std@@UEAAPEAXI@Z 00000001800111ac f i LIBCMT:throw_bad_alloc.obj
 0001:000101f0       ?__scrt_throw_std_bad_alloc@@YAXXZ 00000001800111f0 f   LIBCMT:throw_bad_alloc.obj
 0001:00010210       ?__scrt_throw_std_bad_array_new_length@@YAXXZ 0000000180011210 f   LIBCMT:throw_bad_alloc.obj
 0001:00010230       ?what@exception@std@@UEBAPEBDXZ 0000000180011230 f i LIBCMT:throw_bad_alloc.obj
 0001:00010250       ??_Etype_info@@UEAAPEAXI@Z 0000000180011250 f i LIBCMT:std_type_info_static.obj
 0001:00010250       ??_Gtype_info@@UEAAPEAXI@Z 0000000180011250 f i LIBCMT:std_type_info_static.obj
 0001:0001027c       ??0CAtlBaseModule@ATL@@QEAA@XZ 000000018001127c f   atls:atlbase.obj
 0001:00010324       ??1CAtlBaseModule@ATL@@QEAA@XZ 0000000180011324 f   atls:atlbase.obj
 0001:00010458       ?__AllocStdCallThunk_cmn@@YAPEAXXZ 0000000180011458 f   atls:atlthunk.obj
 0001:000105b0       AtlThunk_AllocateData      00000001800115b0 f   atls:atlthunk.obj
 0001:0001062c       AtlThunk_DataToCode        000000018001162c f   atls:atlthunk.obj
 0001:00010680       AtlThunk_FreeData          0000000180011680 f   atls:atlthunk.obj
 0001:000106e0       AtlThunk_InitData          00000001800116e0 f   atls:atlthunk.obj
 0001:00010788       _get_purecall_handler      0000000180011788 f   libvcruntime:purevirt.obj
 0001:00010794       _purecall                  0000000180011794 f   libvcruntime:purevirt.obj
 0001:000107b0       wcsstr                     00000001800117b0 f   libvcruntime:wcsstr.obj
 0001:000109e0       memcmp                     00000001800119e0 f   libvcruntime:memcmp.obj
 0001:00010ac0       memcpy_repmovs             0000000180011ac0 f   libvcruntime:memcpy.obj
 0001:00010ae0       memcpy                     0000000180011ae0 f   libvcruntime:memcpy.obj
 0001:00010ae0       memmove                    0000000180011ae0 f   libvcruntime:memcpy.obj
 0001:00011170       memset_repmovs             0000000180012170 f   libvcruntime:memset.obj
 0001:00011190       memset                     0000000180012190 f   libvcruntime:memset.obj
 0001:00011320       __vcrt_initialize          0000000180012320 f   libvcruntime:initialization.obj
 0001:00011348       __vcrt_thread_attach       0000000180012348 f   libvcruntime:initialization.obj
 0001:0001135c       __vcrt_thread_detach       000000018001235c f   libvcruntime:initialization.obj
 0001:00011370       __vcrt_uninitialize        0000000180012370 f   libvcruntime:initialization.obj
 0001:0001138c       __vcrt_uninitialize_critical 000000018001238c f   libvcruntime:initialization.obj
 0001:0001139c       __C_specific_handler       000000018001239c f   libvcruntime:riscchandler.obj
 0001:00011594       ??$_CallSETranslator@V__FrameHandler3@@@@YAHPEAUEHExceptionRecord@@PEA_KPEAU_CONTEXT@@PEAU_xDISPATCHER_CONTEXT@@PEBU_s_FuncInfo@@K1H@Z 0000000180012594 f i libvcruntime:risctrnsctrl.obj
 0001:000115e8       ??$_CallSETranslator@V__FrameHandler4@@@@YAHPEAUEHExceptionRecord@@PEA_KPEAU_CONTEXT@@PEAU_xDISPATCHER_CONTEXT@@PEAUFuncInfo4@FH4@@K1H@Z 00000001800125e8 f i libvcruntime:risctrnsctrl.obj
 0001:0001163c       ?CatchTryBlock@__FrameHandler3@@SAPEBU_s_TryBlockMapEntry@@PEBU_s_FuncInfo@@H@Z 000000018001263c f   libvcruntime:risctrnsctrl.obj
 0001:000116a0       ?DecompFuncInfo@FH4@@YA_JPEAEAEAUFuncInfo4@1@_KH_N@Z 00000001800126a0 f i libvcruntime:risctrnsctrl.obj
 0001:000117c4       ?ExecutionInCatch@__FrameHandler3@@SA_NPEAU_xDISPATCHER_CONTEXT@@PEBU_s_FuncInfo@@@Z 00000001800127c4 f   libvcruntime:risctrnsctrl.obj
 0001:000117f0       ?ExecutionInCatch@__FrameHandler4@@SA_NPEAU_xDISPATCHER_CONTEXT@@PEAUFuncInfo4@FH4@@@Z 00000001800127f0 f   libvcruntime:risctrnsctrl.obj
 0001:000117f8       ?FrameUnwindToEmptyState@__FrameHandler3@@SAXPEA_KPEAU_xDISPATCHER_CONTEXT@@PEBU_s_FuncInfo@@@Z 00000001800127f8 f   libvcruntime:risctrnsctrl.obj
 0001:0001185c       ?FrameUnwindToEmptyState@__FrameHandler4@@SAXPEA_KPEAU_xDISPATCHER_CONTEXT@@PEAUFuncInfo4@FH4@@@Z 000000018001285c f   libvcruntime:risctrnsctrl.obj
 0001:00011890       ?GetEstablisherFrame@__FrameHandler3@@SAPEA_KPEA_KPEAU_xDISPATCHER_CONTEXT@@PEBU_s_FuncInfo@@0@Z 0000000180012890 f   libvcruntime:risctrnsctrl.obj
 0001:0001195c       ?GetEstablisherFrame@__FrameHandler4@@SAPEA_KPEA_KPEAU_xDISPATCHER_CONTEXT@@PEAUFuncInfo4@FH4@@0@Z 000000018001295c f   libvcruntime:risctrnsctrl.obj
[...]
 0002:0000c818       $unwind$??$?RV<lambda_2d41944a1d46af3157314b8a01080d33>@@AEAV<lambda_8f455de75cd7d7f24b4096f044d8b9e6>@@V<lambda_aa500f224e6afead328df44964fe2772>@@@?$__crt_seh_guarded_call@X@@QEAAX$$QEAV<lambda_2d41944a1d46af3157314b8a01080d33>@@AEAV<lambda_8f455de75cd7d7f24b4096f044d8b9e6>@@$$QEAV<lambda_aa500f224e6afead328df44964fe2772>@@@Z 0000000180033818     libucrt:per_thread_data.obj
 0002:0000c83c       $unwind$__acrt_uninitialize_locale 000000018003383c     libucrt:wsetlocale.obj
 0002:0000c83c       $unwind$__acrt_get_sigabrt_handler 000000018003383c     libucrt:signal.obj
 0002:0000c844       $unwind$??$?RV<lambda_410d79af7f07d98d83a3f525b3859a53>@@AEAV<lambda_3e16ef9562a7dcce91392c22ab16ea36>@@V<lambda_38119f0e861e05405d8a144b9b982f0a>@@@?$__crt_seh_guarded_call@X@@QEAAX$$QEAV<lambda_410d79af7f07d98d83a3f525b3859a53>@@AEAV<lambda_3e16ef9562a7dcce91392c22ab16ea36>@@$$QEAV<lambda_38119f0e861e05405d8a144b9b982f0a>@@@Z 0000000180033844     libucrt:wsetlocale.obj
 0002:0000c86c       $unwind$__acrt_initialize_winapi_thunks 000000018003386c     libucrt:winapi_thunks.obj
 0002:0000c86c       $unwind$__acrt_fenv_get_control 000000018003386c     libucrt:_fenvutils.obj
 0002:0000c874       $unwind$__acrt_fp_format   0000000180033874     libucrt:cvt.obj
 0002:0000c884       $unwind$?fp_format_e_internal@@YAHQEAD_KH_NIQEAU_strflt@@2AEAV__crt_cached_ptd_host@@@Z 0000000180033884     libucrt:cvt.obj
 0002:0000c8a0       $unwind$?fp_format_a@@YAHQEBNPEAD_KQEAD2H_NIW4__acrt_rounding_mode@@AEAV__crt_cached_ptd_host@@@Z 00000001800338a0     libucrt:cvt.obj
 0002:0000c8bc       $unwind$?fp_format_g@@YAHQEBNQEAD_K12H_NIW4__acrt_rounding_mode@@AEAV__crt_cached_ptd_host@@@Z 00000001800338bc     libucrt:cvt.obj
 0002:0000c8d4       $unwind$__acrt_initialize_lowio 00000001800338d4     libucrt:ioinit.obj
 0002:0000c8f4       $unwind$??$common_expand_argv_wildcards@D@@YAHQEAPEADQEAPEAPEAD@Z 00000001800338f4     libucrt:argv_wildcards.obj
 0002:0000c90c       $unwind$__dcrt_get_narrow_environment_from_os 000000018003390c     libucrt:get_environment_from_os.obj
 0002:0000c90c       $unwind$??$__acrt_convert_wcs_mbs_cp@_WDV<lambda_d8593a27d1aa8c02be35c86a17d324c4>@@U__crt_win32_buffer_internal_dynamic_resizing@@@@YAHQEB_WAEAV?$__crt_win32_buffer@DU__crt_win32_buffer_internal_dynamic_resizing@@@@AEBV<lambda_d8593a27d1aa8c02be35c86a17d324c4>@@I@Z 000000018003390c     libucrt:argv_wildcards.obj
 0002:0000c924       $unwind$??$copy_and_add_argument_to_buffer@D@@YAHQEBD0_KAEAV?$argument_list@D@?A0x5f5c8891@@@Z 0000000180033924     libucrt:argv_wildcards.obj
 0002:0000c940       $unwind$??$expand_argument_wildcards@D@@YAHQEAD0AEAV?$argument_list@D@?A0x5f5c8891@@@Z 0000000180033940     libucrt:argv_wildcards.obj
 0002:0000c960       $unwind$__acrt_GetModuleFileNameA 0000000180033960     libucrt:getmodulefilenamea.obj
 0002:0000c97c       $unwind$_setmbcp_nolock    000000018003397c     libucrt:mbctype.obj
 0002:0000c99c       $unwind$?update_thread_multibyte_data_internal@@YAPEAU__crt_multibyte_data@@QEAU__acrt_ptd@@QEAPEAU1@@Z 000000018003399c     libucrt:mbctype.obj
 0002:0000c9c4       $unwind$?setmbcp_internal@@YAHH_NQEAU__acrt_ptd@@QEAPEAU__crt_multibyte_data@@@Z 00000001800339c4     libucrt:mbctype.obj
 0002:0000c9dc       $unwind$?setSBUpLow@@YAXPEAU__crt_multibyte_data@@@Z 00000001800339dc     libucrt:mbctype.obj
 0002:0000c9f8       $unwind$??$?RV<lambda_efdfa57d1f175319df784efa44bb7b81>@@AEAV<lambda_5f0a4c1567f8adc6734073e5d1e1b35c>@@V<lambda_2e8a7d3640ea6ccb4c2413664c2db6fd>@@@?$__crt_seh_guarded_call@X@@QEAAX$$QEAV<lambda_efdfa57d1f175319df784efa44bb7b81>@@AEAV<lambda_5f0a4c1567f8adc6734073e5d1e1b35c>@@$$QEAV<lambda_2e8a7d3640ea6ccb4c2413664c2db6fd>@@@Z 00000001800339f8     libucrt:mbctype.obj
 0002:0000ca1c       $unwind$__acrt_WideCharToMultiByte 0000000180033a1c     libucrt:widechartomultibyte.obj
 0002:0000ca28       $unwind$raise              0000000180033a28     libucrt:signal.obj
 0002:0000ca64       $unwind$??$?RV<lambda_450d765d439847d4c735a33c368b5fc0>@@AEAV<lambda_44731a7d0e6d81c3e6aa82d741081786>@@V<lambda_601a2a7da3b7a96e9554ac7215c4b07c>@@@?$__crt_seh_guarded_call@P6AXH@Z@@QEAAP6AXH@Z$$QEAV<lambda_450d765d439847d4c735a33c368b5fc0>@@AEAV<lambda_44731a7d0e6d81c3e6aa82d741081786>@@$$QEAV<lambda_601a2a7da3b7a96e9554ac7215c4b07c>@@@Z 0000000180033a64     libucrt:signal.obj
 0002:0000ca88       $unwind$fclose             0000000180033a88     libucrt:fclose.obj
 0002:0000ca88       $unwind$_fflush_nolock     0000000180033a88     libucrt:fflush.obj
 0002:0000ca98       $unwind$?common_flush_all@@YAH_N@Z 0000000180033a98     libucrt:fflush.obj
 0002:0000caa0       $unwind$??$?RV<lambda_842d9ff0dc9ef11c61343bbaebe7f885>@@AEAV<lambda_c5860995281e5c4ce005b3de8f5874ee>@@V<lambda_d90129c13df834fdcbf8d2b88dafcf2d>@@@?$__crt_seh_guarded_call@X@@QEAAX$$QEAV<lambda_842d9ff0dc9ef11c61343bbaebe7f885>@@AEAV<lambda_c5860995281e5c4ce005b3de8f5874ee>@@$$QEAV<lambda_d90129c13df834fdcbf8d2b88dafcf2d>@@@Z 0000000180033aa0     libucrt:fflush.obj
 0002:0000cac4       $unwind$??$?RV<lambda_886d6c58226a84441f68b9f2b8217b83>@@AEAV<lambda_ab61a845afdef5b7c387490eaf3616ee>@@V<lambda_f7f22ab5edc0698d5f6905b0d3f44752>@@@?$__crt_seh_guarded_call@X@@QEAAX$$QEAV<lambda_886d6c58226a84441f68b9f2b8217b83>@@AEAV<lambda_ab61a845afdef5b7c387490eaf3616ee>@@$$QEAV<lambda_f7f22ab5edc0698d5f6905b0d3f44752>@@@Z 0000000180033ac4     libucrt:fflush.obj
 0002:0000caec       $unwind$__acrt_update_thread_locale_data 0000000180033aec     libucrt:locale_refcounting.obj
 0002:0000cb10       $unwind$__acrt_locale_free_monetary 0000000180033b10     libucrt:initmon.obj
 0002:0000cb18       $unwind$__acrt_locale_free_time 0000000180033b18     libucrt:inittime.obj
 0002:0000cb28       $unwind$__acrt_GetStringTypeA 0000000180033b28     libucrt:getstringtypea.obj
 0002:0000cb50       $unwind$__acrt_fp_strflt_to_string 0000000180033b50     libucrt:_fptostr.obj
 0002:0000cb6c       $unwind$__acrt_fltout      0000000180033b6c     libucrt:cfout.obj
 0002:0000cb8c       $unwind$?divide@__crt_strtox@@YA_KAEAUbig_integer@1@AEBU21@@Z 0000000180033b8c     libucrt:cfout.obj
 0002:0000cba4       $chain$0$?divide@__crt_strtox@@YA_KAEAUbig_integer@1@AEBU21@@Z 0000000180033ba4     libucrt:cfout.obj
 0002:0000cbb8       $chain$1$?divide@__crt_strtox@@YA_KAEAUbig_integer@1@AEBU21@@Z 0000000180033bb8     libucrt:cfout.obj
 0002:0000cbc8       $unwind$?__mbsrtowcs_utf8@__crt_mbstring@@YA_KPEA_WPEAPEBD_KPEAU_Mbstatet@@AEAV__crt_cached_ptd_host@@@Z 0000000180033bc8     libucrt:mbrtowc.obj
 0002:0000cbe0       $unwind$_fcloseall         0000000180033be0     libucrt:closeall.obj
 0002:0000cc04       $unwind$__acrt_lowio_destroy_handle_array 0000000180033c04     libucrt:osfinfo.obj
 0002:0000cc14       $unwind$__acrt_lowio_ensure_fh_exists 0000000180033c14     libucrt:osfinfo.obj
 0002:0000cc40       $unwind$qsort              0000000180033c40     libucrt:qsort.obj
 0002:0000cc58       $chain$4$qsort             0000000180033c58     libucrt:qsort.obj
 0002:0000cc7c       $chain$5$qsort             0000000180033c7c     libucrt:qsort.obj
 0002:0000cc8c       $unwind$strpbrk            0000000180033c8c     libucrt:strpbrk.obj
 0002:0000cc9c       $unwind$fallbackMethod     0000000180033c9c     libucrt:strpbrk.obj
 0002:0000ccac       $unwind$__acrt_LCMapStringA 0000000180033cac     libucrt:lcmapstringa.obj
 0002:0000ccbc       $unwind$?__acrt_LCMapStringA_stat@@YAHPEAU__crt_locale_pointers@@PEB_WKPEBDHPEADHHH@Z 0000000180033cbc     libucrt:lcmapstringa.obj
 0002:0000cce4       $unwind$_commit            0000000180033ce4     libucrt:commit.obj
 0002:0000ccec       $unwind$??$?RV<lambda_a37b2b86f63e897a80ea819b0eb08c01>@@AEAV<lambda_38ce7e780aa69e748d6df282ebc68efe>@@V<lambda_99fb1378e971ab6e7edea83e3a7a83a2>@@@?$__crt_seh_guarded_call@H@@QEAAH$$QEAV<lambda_a37b2b86f63e897a80ea819b0eb08c01>@@AEAV<lambda_38ce7e780aa69e748d6df282ebc68efe>@@$$QEAV<lambda_99fb1378e971ab6e7edea83e3a7a83a2>@@@Z 0000000180033cec     libucrt:commit.obj
 0002:0000cd10       $unwind$_write_nolock      0000000180033d10     libucrt:write.obj
 0002:0000cd28       $unwind$_write_internal    0000000180033d28     libucrt:write.obj
 0002:0000cd58       $unwind$?write_double_translated_ansi_nolock@@YA?AUwrite_result@?A0x17268360@@HQEBDIAEAV__crt_cached_ptd_host@@@Z 0000000180033d58     libucrt:write.obj
 0002:0000cd80       $ip2state$?write_double_translated_ansi_nolock@@YA?AUwrite_result@?A0x17268360@@HQEBDIAEAV__crt_cached_ptd_host@@@Z 0000000180033d80     libucrt:write.obj
 0002:0000cd88       $unwind$?write_text_ansi_nolock@@YA?AUwrite_result@?A0x17268360@@HQEBDI@Z 0000000180033d88     libucrt:write.obj
 0002:0000cd88       $unwind$?write_text_utf16le_nolock@@YA?AUwrite_result@?A0x17268360@@HQEBDI@Z 0000000180033d88     libucrt:write.obj
 0002:0000cda8       $unwind$?write_text_utf8_nolock@@YA?AUwrite_result@?A0x17268360@@HQEBDI@Z 0000000180033da8     libucrt:write.obj
 0002:0000cdd0       $xdatasym                  0000000180033dd0     libucrt:log10.obj
 0002:0000cddc       $unwind$__acrt_fenv_set_control 0000000180033ddc     libucrt:_fenvutils.obj
 0002:0000cdec       $unwind$?__mbrtoc32_utf8@__crt_mbstring@@YA_KPEA_UPEBD_KPEAU_Mbstatet@@AEAV__crt_cached_ptd_host@@@Z 0000000180033dec     libucrt:mbrtoc32.obj
 0002:0000ce08       $unwind$?_fclose_nolock_internal@@YAHQEAU_iobuf@@AEAV__crt_cached_ptd_host@@@Z 0000000180033e08     libucrt:fclose.obj
 0002:0000ce18       $unwind$?_fclose_internal@@YAHQEAU_iobuf@@AEAV__crt_cached_ptd_host@@@Z 0000000180033e18     libucrt:fclose.obj
 0002:0000ce3c       $unwind$_putwch_nolock     0000000180033e3c     libucrt:putwch.obj
 0002:0000ce44       $unwind$common_control87   0000000180033e44     libucrt:ieee.obj
 0002:0000ce70       $unwind$_call_matherr      0000000180033e70     libucrt:libm_error.obj
 0002:0000ce78       $unwind$_handle_error      0000000180033e78     libucrt:libm_error.obj
 0002:0000ce98       $unwind$__acrt_initialize_fma3 0000000180033e98     libucrt:fma3_available.obj
 0002:0000cea0       $unwind$_log_special_common 0000000180033ea0     libucrt:log_special.obj
 0002:0000ceac       $unwind$_close_internal    0000000180033eac     libucrt:close.obj
 0002:0000ceb4       $unwind$??$?RV<lambda_ad8af0d99a0adf03d037d7dffe354bb5>@@AEAV<lambda_c9ba49e555ba839a7b07aa3fbecb7617>@@V<lambda_2f1ebd5d68526518146ae959c9e734c8>@@@?$__crt_seh_guarded_call@H@@QEAAH$$QEAV<lambda_ad8af0d99a0adf03d037d7dffe354bb5>@@AEAV<lambda_c9ba49e555ba839a7b07aa3fbecb7617>@@$$QEAV<lambda_2f1ebd5d68526518146ae959c9e734c8>@@@Z 0000000180033eb4     libucrt:close.obj
 0002:0000ced8       $xdatasym                  0000000180033ed8     libucrt:fpsr.obj
 0002:0000cee0       $unwind$_raise_exc_ex      0000000180033ee0     libucrt:fpexcept.obj
 0002:0000cef4       $unwind$_ctrlfp            0000000180033ef4     libucrt:fpctrl.obj
 0002:0000cf1c       $unwind$_IsNonwritableInCurrentImage 0000000180033f1c     LIBCMT:pesect.obj
 0002:0000cf40       $unwind$strrchr            0000000180033f40     libvcruntime:strrchr.obj
 0002:0000d0b0       .edata                     00000001800340b0     OPOSCAT.exp
 0002:0000d0d8       rgpv                       00000001800340d8     OPOSCAT.exp
 0002:0000d0e8       rgszName                   00000001800340e8     OPOSCAT.exp
 0002:0000d0f8       rgwOrd                     00000001800340f8     OPOSCAT.exp
 0002:0000d100       szName                     0000000180034100     OPOSCAT.exp
 0002:0000d10c       $N00001                    000000018003410c     OPOSCAT.exp
 0002:0000d11c       $N00002                    000000018003411c     OPOSCAT.exp
 0002:0000d12e       $N00003                    000000018003412e     OPOSCAT.exp
 0002:0000d140       $N00004                    0000000180034140     OPOSCAT.exp
 0002:0000da8a       .idata$6                   0000000180034a8a     kernel32:KERNEL32.dll
 0002:0000dca2       .idata$6                   0000000180034ca2     user32:USER32.dll
 0002:0000ddd6       .idata$6                   0000000180034dd6     gdi32:GDI32.dll
 0002:0000de7c       .idata$6                   0000000180034e7c     advapi32:ADVAPI32.dll
 0002:0000df98       .idata$6                   0000000180034f98     ole32:ole32.dll
 0002:0000dfa2       .idata$6                   0000000180034fa2     oleaut32:OLEAUT32.dll
 0003:000001c0       ?ObjectMap@@3PAU_ATL_OBJMAP_ENTRY30@ATL@@A 00000001800361c0     CAT.obj
 0003:000002b8       ?s_RequiredMethodsPerRelease@@3PAHA 00000001800362b8     CATImpl.obj
 0003:000002d0       ?s_SOMethodNames@@3PAPEADA 00000001800362d0     CATImpl.obj
 0003:00000400       ?__vcrt_flsindex@@3KA      0000000180036400     libvcruntime:per_thread_data.obj
 0003:00000410       ?errno_no_memory@@3HA      0000000180036410     libucrt:errno.obj
 0003:00000414       ?doserrno_no_memory@@3KA   0000000180036414     libucrt:errno.obj
 0003:00000420       ?__acrt_flsindex@@3KA      0000000180036420     libucrt:per_thread_data.obj
 0003:000008e0       _mbctypes                  00000001800368e0     libucrt:mbctype.obj
 0003:000009f0       _mbcasemaps                00000001800369f0     libucrt:mbctype.obj
 0003:00000af0       ?__rgctypeflag@@3PADA      0000000180036af0     libucrt:mbctype.obj
 0003:00000b00       ?__rgcode_page_info@@3PAUcode_page_info@@A 0000000180036b00     libucrt:mbctype.obj
 0003:00000da0       ?dazSupported@?1??common_control87@@9@9 0000000180036da0     libucrt:ieee.obj
 0003:00000db0       ?__dcrt_lowio_console_output_handle@@3PEAXEA 0000000180036db0     libucrt:initcon.obj
 0003:00000dc0       ?dazSupported@?1??_ctrlfp@@9@9 0000000180036dc0     libucrt:fpctrl.obj
 0003:00001010       ?is_initialized_as_dll@@3_NA 0000000180037010     LIBCMT:utility.obj
 0003:00001011       ?module_local_atexit_table_initialized@@3_NA 0000000180037011     LIBCMT:utility.obj
 0003:00001018       ?module_local_atexit_table@@3U_onexit_table_t@@A 0000000180037018     LIBCMT:utility.obj
 0003:00001030       ?module_local_at_quick_exit_table@@3U_onexit_table_t@@A 0000000180037030     LIBCMT:utility.obj
 0003:00001048       ?g_tss_cv@@3U_RTL_CONDITION_VARIABLE@@A 0000000180037048     LIBCMT:thread_safe_statics.obj
 0003:00001050       ?g_tss_event@@3PEAXEA      0000000180037050     LIBCMT:thread_safe_statics.obj
 0003:00001058       ?g_tss_mutex@@3U_RTL_CRITICAL_SECTION@@A 0000000180037058     LIBCMT:thread_safe_statics.obj
 0003:00001080       ?g_sleep_condition_variable_cs@@3P6AHPEAU_RTL_CONDITION_VARIABLE@@PEAU_RTL_CRITICAL_SECTION@@K@ZEA 0000000180037080     LIBCMT:thread_safe_statics.obj
 0003:00001088       ?g_wake_all_condition_variable@@3P6AXPEAU_RTL_CONDITION_VARIABLE@@@ZEA 0000000180037088     LIBCMT:thread_safe_statics.obj
 0003:00001090       GS_ExceptionRecord         0000000180037090     LIBCMT:gs_report.obj
 0003:00001130       GS_ContextRecord           0000000180037130     LIBCMT:gs_report.obj
 0003:00001604       ?__proc_attached@@3HA      0000000180037604     LIBCMT:dll_dllmain.obj
 0003:00001698       ?AllocateData@@3P6APEAUAtlThunkData_t@@XZEA 0000000180037698     atls:atlthunk.obj
 0003:000016a0       ?InitData@@3P6AXPEAUAtlThunkData_t@@PEAX_K@ZEA 00000001800376a0     atls:atlthunk.obj
 0003:000016a8       ?DataToCode@@3P6AP6A_JPEAUHWND__@@I_K_J@ZPEAUAtlThunkData_t@@@ZEA 00000001800376a8     atls:atlthunk.obj
 0003:000016b0       ?FreeData@@3P6AXPEAUAtlThunkData_t@@@ZEA 00000001800376b0     atls:atlthunk.obj
 0003:000016b8       ?Initialized@@3_NA         00000001800376b8     atls:atlthunk.obj
 0003:000016d0       ?__vcrt_startup_thread_ptd@@3U__vcrt_ptd@@A 00000001800376d0     libvcruntime:per_thread_data.obj
 0003:00001750       __vcrt_lock_table          0000000180037750     libvcruntime:locks.obj
 0003:00001778       __vcrt_locks_initialized   0000000180037778     libvcruntime:locks.obj
 0003:000017c0       ?heap@@3V_HeapManager@@A   00000001800377c0     libvcruntime:undname.obj
 0003:000017e8       ?module_handles@@3PAPEAUHINSTANCE__@@A 00000001800377e8     libvcruntime:winapi_downlevel.obj
 0003:00001800       ?function_pointers@@3PAPEAXA 0000000180037800     libvcruntime:winapi_downlevel.obj
 0003:00001828       ?__acrt_invalid_parameter_handler@@3V?$dual_state_global@P6AXPEB_W00I_K@Z@__crt_state_management@@A 0000000180037828     libucrt:invalid_parameter.obj
 0003:00001830       ?c_termination_complete@@3JA 0000000180037830     libucrt:exit.obj
 0003:00001838       ?thread_local_exit_callback_func@@3P6AXPEAXK0@ZEA 0000000180037838     libucrt:exit.obj
 0003:00001850       ?program_name@?1???$common_configure_argv@D@@YAHW4_crt_argv_mode@@@Z@4PADA 0000000180037850     libucrt:argv_parsing.obj
 0003:000019a8       ?__acrt_new_handler@@3V?$dual_state_global@P6AH_K@Z@__crt_state_management@@A 00000001800379a8     libucrt:new_handler.obj
 0003:000019c0       ?module_handles@@3PAPEAUHINSTANCE__@@A 00000001800379c0     libucrt:winapi_thunks.obj
 0003:00001a60       ?encoded_function_pointers@@3PAPEAXA 0000000180037a60     libucrt:winapi_thunks.obj
 0003:00001b50       ?internal_state@?1??_mbtowc_internal@@9@4U_Mbstatet@@A 0000000180037b50     libucrt:mbtowc.obj
 0003:00001b68       ?enable_percent_n@@3_KA    0000000180037b68     libucrt:printf_count_output.obj
 0003:00001f90       ?__acrt_lock_table@@3PAU_RTL_CRITICAL_SECTION@@A 0000000180037f90     libucrt:locks.obj
 0003:000021c0       ?__acrt_locks_initialized@@3IA 00000001800381c0     libucrt:locks.obj
 0003:000021e0       ?fSystemSet@@3HA           00000001800381e0     libucrt:mbctype.obj
 0003:000021e4       ?initialized@?1??__acrt_initialize_multibyte@@9@4_NA 00000001800381e4     libucrt:mbctype.obj
 0003:00002220       ?ctrlc_action@@3V?$dual_state_global@P6AXH@Z@__crt_state_management@@A 0000000180038220     libucrt:signal.obj
 0003:00002228       ?ctrlbreak_action@@3V?$dual_state_global@P6AXH@Z@__crt_state_management@@A 0000000180038228     libucrt:signal.obj
 0003:00002230       ?abort_action@@3V?$dual_state_global@P6AXH@Z@__crt_state_management@@A 0000000180038230     libucrt:signal.obj
 0003:00002238       ?term_action@@3V?$dual_state_global@P6AXH@Z@__crt_state_management@@A 0000000180038238     libucrt:signal.obj
 0003:00002240       ?user_matherr@@3V?$dual_state_global@P6AHPEAU_exception@@@Z@__crt_state_management@@A 0000000180038240     libucrt:matherr.obj
 0003:00002250       ?__acrt_global_new_mode@@3V?$dual_state_global@J@__crt_state_management@@A 0000000180038250     libucrt:new_mode.obj
 0003:00002258       ?internal_pst@?1??__mbrtoc32_utf8@__crt_mbstring@@YA_KPEA_UPEBD_KPEAU_Mbstatet@@AEAV__crt_cached_ptd_host@@@Z@4U3@A 0000000180038258     libucrt:mbrtoc32.obj
 0003:00002260       ?__acrt_app_type@@3W4_crt_app_type@@A 0000000180038260     libucrt:report_runtime_error.obj
 0005:00000000       MoveSmall                  000000018003c000     libvcruntime:memcpy.obj
 0005:00000040       MoveSmallYmm               000000018003c040     libvcruntime:memcpy.obj
 0005:00000064       MoveSmallYmmNT             000000018003c064     libvcruntime:memcpy.obj
 0005:00000088       MoveSmallXmm               000000018003c088     libvcruntime:memcpy.obj
 0005:000000b0       MsetTab                    000000018003c0b0     libvcruntime:memset.obj
 0006:00000220       $R000000                   000000018003d220     CAT.res
 0006:00000b90       $R000970                   000000018003db90     CAT.res
 0006:00000c78       $R000A58                   000000018003dc78     CAT.res
 0006:00000ee0       $R000CC0                   000000018003dee0     CAT.res
 0006:00001410       $R0011F0                   000000018003e410     CAT.res
 0006:00005248       $R005028                   0000000180042248     CAT.res
 0006:00005270       $R005050                   0000000180042270     CAT.res
