 OPOSCoinDispenser

 Timestamp is 5c4437cb (Sun Jan 20 17:56:43 2019)

 Preferred load address is 0000000180000000

 Start         Length     Name                   Class
 0001:00000000 000000c0H .text$di                CODE
 0001:000000c0 0001f1f0H .text$mn                CODE
 0001:0001f2b0 00000020H .text$mn$00             CODE
 0001:0001f2d0 00000410H .text$x                 CODE
 0001:0001f6e0 000000c0H .text$yd                CODE
 0002:00000000 00000620H .idata$5                DATA
 0002:00000620 00000010H .00cfg                  DATA
 0002:00000630 00000008H .CRT$XCA                DATA
 0002:00000638 00000008H .CRT$XCL                DATA
 0002:00000640 00000020H .CRT$XCU                DATA
 0002:00000660 00000008H .CRT$XCZ                DATA
 0002:00000668 00000008H .CRT$XIA                DATA
 0002:00000670 00000020H .CRT$XIC                DATA
 0002:00000690 00000008H .CRT$XIZ                DATA
 0002:00000698 00000008H .CRT$XLA                DATA
 0002:000006a0 00000008H .CRT$XLZ                DATA
 0002:000006a8 00000008H .CRT$XPA                DATA
 0002:000006b0 00000010H .CRT$XPX                DATA
 0002:000006c0 00000008H .CRT$XPXA               DATA
 0002:000006c8 00000008H .CRT$XPZ                DATA
 0002:000006d0 00000008H .CRT$XTA                DATA
 0002:000006d8 00000008H .CRT$XTZ                DATA
 0002:000006e0 00000000H .gfids$x                DATA
 0002:000006e0 00000000H .gfids$y                DATA
 0002:000006e0 0000a060H .rdata                  DATA
 0002:0000a740 00000028H .rdata$T                DATA
 0002:0000a768 00000274H .rdata$r                DATA
 0002:0000a9dc 000003fcH .rdata$zzzdbg           DATA
 0002:0000add8 00000008H .rtc$IAA                DATA
 0002:0000ade0 00000008H .rtc$IZZ                DATA
 0002:0000ade8 00000008H .rtc$TAA                DATA
 0002:0000adf0 00000008H .rtc$TZZ                DATA
 0002:0000adf8 00000004H .tls                    DATA
 0002:0000adfc 00000004H .tls$                   DATA
 0002:0000ae00 00000008H .tls$ZZZ                DATA
 0002:0000ae08 00001620H .xdata                  DATA
 0002:0000c428 00000150H .xdata$x                DATA
 0002:0000c578 00000008H ATL$__a                 DATA
 0002:0000c580 00000010H ATL$__z                 DATA
 0002:0000c590 000000b0H .edata                  DATA
 0002:0000c640 00000078H .idata$2                DATA
 0002:0000c6b8 00000018H .idata$3                DATA
 0002:0000c6d0 00000620H .idata$4                DATA
 0002:0000ccf0 00000c3aH .idata$6                DATA
 0003:00000000 00000c88H .data                   DATA
 0003:00000c88 000000c8H .data$r                 DATA
 0003:00000d50 000013d4H .bss                    DATA
 0004:00000000 00001e48H .pdata                  DATA
 0005:00000000 00000220H .rsrc$01                DATA
 0005:00000220 00003a80H .rsrc$02                DATA

  Address         Publics by Value              Rva+Base               Lib:Object

 0000:00000000       __guard_fids_count         0000000000000000     <absolute>
 0000:00000000       __guard_longjmp_count      0000000000000000     <absolute>
 0000:00000000       __guard_longjmp_table      0000000000000000     <absolute>
 0000:00000000       __hybrid_code_map          0000000000000000     <absolute>
 0000:00000000       __guard_iat_count          0000000000000000     <absolute>
 0000:00000000       __guard_iat_table          0000000000000000     <absolute>
 0000:00000000       __volatile_metadata        0000000000000000     <absolute>
 0000:00000000       __hybrid_code_map_count    0000000000000000     <absolute>
 0000:00000000       __enclave_config           0000000000000000     <absolute>
 0000:00000000       ___safe_se_handler_count   0000000000000000     <absolute>
 0000:00000000       ___safe_se_handler_table   0000000000000000     <absolute>
 0000:00000000       __guard_fids_table         0000000000000000     <absolute>
 0000:00000000       __hybrid_auxiliary_iat     0000000000000000     <absolute>
 0000:00000000       __dynamic_value_reloc_table 0000000000000000     <absolute>
 0000:00000100       __guard_flags              0000000000000100     <absolute>
 0000:00000000       __ImageBase                0000000180000000     <linker-defined>
 0001:000000c0       ?DupWide@_CW@@AEAAXXZ      00000001800010c0 f   CWString.obj
 0001:000000e8       ?cw_dup@@YAXPEBDAEAHAEAPEA_W1@Z 00000001800010e8 f   CWString.obj
 0001:00000194       ?cw_memcpy@@YAHPEA_WPEBDH@Z 0000000180001194 f   CWString.obj
 0001:000001e0       ?cw_strcpy@@YAHPEA_WPEBD@Z 00000001800011e0 f   CWString.obj
 0001:000001f4       ??0CAtlComModule@ATL@@QEAA@XZ 00000001800011f4 f i OposVariant.obj
 0001:0000027c       ??0CAtlWinModule@ATL@@QEAA@XZ 000000018000127c f i OposVariant.obj
 0001:000002f4       ??0OposDispParms@@QEAA@PEAVOposVariant@@H@Z 00000001800012f4 f   OposVariant.obj
 0001:0000039c       ??1OposDispParms@@QEAA@XZ  000000018000139c f   OposVariant.obj
 0001:000003b4       ??_Estringdispid@CComTypeInfoHolder@ATL@@QEAAPEAXI@Z 00000001800013b4 f i OposVariant.obj
 0001:00000458       ?AtlWinModuleTerm@ATL@@YAJPEAU_ATL_WIN_MODULE70@1@PEAUHINSTANCE__@@@Z 0000000180001458 f i OposVariant.obj
 0001:00000508       ?ChangeBSTR@OposVariant@@QEAAXPEAPEA_WAEAJ@Z 0000000180001508 f   OposVariant.obj
 0001:00000568       ?ChangeLONG@OposVariant@@QEAAXPEAJAEAJ@Z 0000000180001568 f   OposVariant.obj
 0001:000005c4       ?GetLONG@OposVariant@@QEAAJXZ 00000001800015c4 f   OposVariant.obj
 0001:000005e8       ?SetBSTR@OposVariant@@QEAAXPEA_WAEAJ@Z 00000001800015e8 f   OposVariant.obj
 0001:00000628       ?SetBSTR_Copy@OposVariant@@QEAAXPEA_WAEAJ@Z 0000000180001628 f   OposVariant.obj
 0001:00000698       ?SetBSTR_InOutPtr@OposVariant@@QEAA_NPEAPEA_WAEAJ@Z 0000000180001698 f   OposVariant.obj
 0001:000006e8       ?SetBSTR_OutPtr@OposVariant@@QEAA_NPEAPEA_WAEAJ@Z 00000001800016e8 f   OposVariant.obj
 0001:00000704       ?SetDispatch_Ptr@OposVariant@@QEAAXPEAUIDispatch@@AEAJ@Z 0000000180001704 f   OposVariant.obj
 0001:0000075c       ?SetLONG@OposVariant@@QEAAXJ@Z 000000018000175c f   OposVariant.obj
 0001:0000078c       ?SetLONG_Ptr@OposVariant@@QEAAXPEAJAEAJ@Z 000000018000178c f   OposVariant.obj
 0001:000007d8       ?SetString@OposVariant@@QEAAXPEB_WAEAJ@Z 00000001800017d8 f   OposVariant.obj
 0001:0000083c       ?SetVARIANT_BOOL@OposVariant@@QEAAXF@Z 000000018000183c f   OposVariant.obj
 0001:00000874       ?SetVARIANT_BOOL_Ptr@OposVariant@@QEAAXPEAFAEAJ@Z 0000000180001874 f   OposVariant.obj
 0001:000008c0       ?Term@CAtlComModule@ATL@@QEAAXXZ 00000001800018c0 f i OposVariant.obj
 0001:00000930       ?_AtlInitializeCriticalSectionEx@ATL@@YAHPEAU_RTL_CRITICAL_SECTION@@KK@Z 0000000180001930 f i OposVariant.obj
 0001:00000938       ?_AtlRaiseException@ATL@@YAXKK@Z 0000000180001938 f i OposVariant.obj
 0001:00000948       ?AddRef@?$CComAggObject@VCOPOSCoinDispenser@@@ATL@@UEAAKXZ 0000000180001948 f i CoinDispenser.obj
 0001:00000954       ?Release@?$CComAggObject@VCOPOSCoinDispenser@@@ATL@@UEAAKXZ 0000000180001954 f i CoinDispenser.obj
 0001:000009a8       ?QueryInterface@?$CComAggObject@VCOPOSCoinDispenser@@@ATL@@UEAAJAEBU_GUID@@PEAPEAX@Z 00000001800019a8 f i CoinDispenser.obj
 0001:00000a08       ?AddRef@?$CComContainedObject@VCOPOSCoinDispenser@@@ATL@@UEAAKXZ 0000000180001a08 f i CoinDispenser.obj
 0001:00000a18       ?Release@?$CComContainedObject@VCOPOSCoinDispenser@@@ATL@@UEAAKXZ 0000000180001a18 f i CoinDispenser.obj
 0001:00000a28       ?QueryInterface@?$CComContainedObject@VCOPOSCoinDispenser@@@ATL@@UEAAJAEBU_GUID@@PEAPEAX@Z 0000000180001a28 f i CoinDispenser.obj
 0001:00000a38       ??_E?$CComAggObject@VCOPOSCoinDispenser@@@ATL@@UEAAPEAXI@Z 0000000180001a38 f i CoinDispenser.obj
 0001:00000a38       ??_G?$CComAggObject@VCOPOSCoinDispenser@@@ATL@@UEAAPEAXI@Z 0000000180001a38 f i CoinDispenser.obj
 0001:00000a90       ?AddRef@?$CComObject@VCOPOSCoinDispenser@@@ATL@@UEAAKXZ 0000000180001a90 f i CoinDispenser.obj
 0001:00000aa0       ?Release@?$CComObject@VCOPOSCoinDispenser@@@ATL@@UEAAKXZ 0000000180001aa0 f i CoinDispenser.obj
 0001:00000af8       ?QueryInterface@?$CComObject@VCOPOSCoinDispenser@@@ATL@@UEAAJAEBU_GUID@@PEAPEAX@Z 0000000180001af8 f i CoinDispenser.obj
 0001:00000b0c       ?ObjectMain@CComObjectRootBase@ATL@@SAX_N@Z 0000000180001b0c f i CoinDispenser.obj
 0001:00000b0c       ?OnFinalMessage@?$CWindowImplBaseT@VCWindow@ATL@@V?$CWinTraits@$0FGAAAAAA@$0A@@2@@ATL@@UEAAXPEAUHWND__@@@Z 0000000180001b0c f i CoinDispenser.obj
 0001:00000b0c       _guard_check_icall_nop     0000000180001b0c f i LIBCMT:guard_support.obj
 0001:00000b10       ?ResizeBorder@?$IOleInPlaceActiveObjectImpl@VCOPOSCoinDispenser@@@ATL@@UEAAJPEBUtagRECT@@PEAUIOleInPlaceUIWindow@@H@Z 0000000180001b10 f i CoinDispenser.obj
 0001:00000b10       ?IsUpToDate@?$IOleObjectImpl@VCOPOSCoinDispenser@@@ATL@@UEAAJXZ 0000000180001b10 f i CoinDispenser.obj
 0001:00000b10       ?GetObjectDescription@?$CComCoClass@VCOPOSCoinDispenser@@$1?CLSID_OPOSCoinDispenser@@3U_GUID@@B@ATL@@SAPEB_WXZ 0000000180001b10 f i CoinDispenser.obj
 0001:00000b10       ?Release@CRegObject@ATL@@UEAAKXZ 0000000180001b10 f i CoinDispenser.obj
 0001:00000b10       ?SaveCompleted@?$IPersistStorageImpl@VCOPOSCoinDispenser@@@ATL@@UEAAJPEAUIStorage@@@Z 0000000180001b10 f i CoinDispenser.obj
 0001:00000b10       ?HandsOffStorage@?$IPersistStorageImpl@VCOPOSCoinDispenser@@@ATL@@UEAAJXZ 0000000180001b10 f i CoinDispenser.obj
 0001:00000b10       ?OnAmbientPropertyChange@?$IOleControlImpl@VCOPOSCoinDispenser@@@ATL@@UEAAJJ@Z 0000000180001b10 f i CoinDispenser.obj
 0001:00000b10       ?OnFrameWindowActivate@?$IOleInPlaceActiveObjectImpl@VCOPOSCoinDispenser@@@ATL@@UEAAJH@Z 0000000180001b10 f i CoinDispenser.obj
 0001:00000b10       ?SetHostNames@?$IOleObjectImpl@VCOPOSCoinDispenser@@@ATL@@UEAAJPEB_W0@Z 0000000180001b10 f i CoinDispenser.obj
 0001:00000b10       ?EnableModeless@?$IOleInPlaceActiveObjectImpl@VCOPOSCoinDispenser@@@ATL@@UEAAJH@Z 0000000180001b10 f i CoinDispenser.obj
 0001:00000b10       ?Update@?$IOleObjectImpl@VCOPOSCoinDispenser@@@ATL@@UEAAJXZ 0000000180001b10 f i CoinDispenser.obj
 0001:00000b10       ?GetCategoryMap@CComObjectRootBase@ATL@@SAPEBU_ATL_CATMAP_ENTRY@2@XZ 0000000180001b10 f i CoinDispenser.obj
 0001:00000b14       ?OnDrawAdvanced@CComControlBase@ATL@@UEAAJAEAUATL_DRAWINFO@@@Z 0000000180001b14 f i CoinDispenser.obj
 0001:00000c34       ?CreateInstance@CComClassFactory@ATL@@UEAAJPEAUIUnknown@@AEBU_GUID@@PEAPEAX@Z 0000000180001c34 f i CoinDispenser.obj
 0001:00000c94       ?LockServer@CComClassFactory@ATL@@UEAAJH@Z 0000000180001c94 f i CoinDispenser.obj
 0001:00000cb8       ??_ECComClassFactory@ATL@@UEAAPEAXI@Z 0000000180001cb8 f i CoinDispenser.obj
 0001:00000cb8       ??_GCComClassFactory@ATL@@UEAAPEAXI@Z 0000000180001cb8 f i CoinDispenser.obj
 0001:00000d08       ?Next@?$CComEnumImpl@UIEnumConnections@@$1?_GUID_b196b287_bab4_101a_b69c_00aa00341d07@@3U__s_GUID@@BUtagCONNECTDATA@@V?$_Copy@UtagCONNECTDATA@@@ATL@@@ATL@@UEAAJKPEAUtagCONNECTDATA@@PEAK@Z 0000000180001d08 f i CoinDispenser.obj
 0001:00000ddc       ?Skip@?$CComEnumImpl@UIEnumConnections@@$1?_GUID_b196b287_bab4_101a_b69c_00aa00341d07@@3U__s_GUID@@BUtagCONNECTDATA@@V?$_Copy@UtagCONNECTDATA@@@ATL@@@ATL@@UEAAJK@Z 0000000180001ddc f i CoinDispenser.obj
 0001:00000e08       ?Reset@?$CComEnumImpl@UIEnumConnections@@$1?_GUID_b196b287_bab4_101a_b69c_00aa00341d07@@3U__s_GUID@@BUtagCONNECTDATA@@V?$_Copy@UtagCONNECTDATA@@@ATL@@@ATL@@UEAAJXZ 0000000180001e08 f i CoinDispenser.obj
 0001:00000e08       ?Reset@?$CComEnumImpl@UIEnumConnectionPoints@@$1?_GUID_b196b285_bab4_101a_b69c_00aa00341d07@@3U__s_GUID@@BPEAUIConnectionPoint@@V?$_CopyInterface@UIConnectionPoint@@@ATL@@@ATL@@UEAAJXZ 0000000180001e08 f i CoinDispenser.obj
 0001:00000e14       ?Clone@?$CComEnumImpl@UIEnumConnections@@$1?_GUID_b196b287_bab4_101a_b69c_00aa00341d07@@3U__s_GUID@@BUtagCONNECTDATA@@V?$_Copy@UtagCONNECTDATA@@@ATL@@@ATL@@UEAAJPEAPEAUIEnumConnections@@@Z 0000000180001e14 f i CoinDispenser.obj
 0001:00000f3c       ?AddRef@?$CComObject@V?$CComEnum@UIEnumConnectionPoints@@$1?_GUID_b196b285_bab4_101a_b69c_00aa00341d07@@3U__s_GUID@@BPEAUIConnectionPoint@@V?$_CopyInterface@UIConnectionPoint@@@ATL@@VCComSingleThreadModel@6@@ATL@@@ATL@@UEAAKXZ 0000000180001f3c f i CoinDispenser.obj
 0001:00000f3c       ?AddRef@?$CComObject@V?$CComEnum@UIEnumConnections@@$1?_GUID_b196b287_bab4_101a_b69c_00aa00341d07@@3U__s_GUID@@BUtagCONNECTDATA@@V?$_Copy@UtagCONNECTDATA@@@ATL@@VCComSingleThreadModel@6@@ATL@@@ATL@@UEAAKXZ 0000000180001f3c f i CoinDispenser.obj
 0001:00000f48       ?Release@?$CComObject@V?$CComEnum@UIEnumConnectionPoints@@$1?_GUID_b196b285_bab4_101a_b69c_00aa00341d07@@3U__s_GUID@@BPEAUIConnectionPoint@@V?$_CopyInterface@UIConnectionPoint@@@ATL@@VCComSingleThreadModel@6@@ATL@@@ATL@@UEAAKXZ 0000000180001f48 f i CoinDispenser.obj
 0001:00000f48       ?Release@?$CComObject@V?$CComEnum@UIEnumConnections@@$1?_GUID_b196b287_bab4_101a_b69c_00aa00341d07@@3U__s_GUID@@BUtagCONNECTDATA@@V?$_Copy@UtagCONNECTDATA@@@ATL@@VCComSingleThreadModel@6@@ATL@@@ATL@@UEAAKXZ 0000000180001f48 f i CoinDispenser.obj
 0001:00000f9c       ?QueryInterface@?$CComObject@V?$CComEnum@UIEnumConnections@@$1?_GUID_b196b287_bab4_101a_b69c_00aa00341d07@@3U__s_GUID@@BUtagCONNECTDATA@@V?$_Copy@UtagCONNECTDATA@@@ATL@@VCComSingleThreadModel@6@@ATL@@@ATL@@UEAAJAEBU_GUID@@PEAPEAX@Z 0000000180001f9c f i CoinDispenser.obj
 0001:00000fb0       ??_G?$CComObject@V?$CComEnum@UIEnumConnections@@$1?_GUID_b196b287_bab4_101a_b69c_00aa00341d07@@3U__s_GUID@@BUtagCONNECTDATA@@V?$_Copy@UtagCONNECTDATA@@@ATL@@VCComSingleThreadModel@6@@ATL@@@ATL@@UEAAPEAXI@Z 0000000180001fb0 f i CoinDispenser.obj
 0001:00000fb0       ??_E?$CComObject@V?$CComEnum@UIEnumConnections@@$1?_GUID_b196b287_bab4_101a_b69c_00aa00341d07@@3U__s_GUID@@BUtagCONNECTDATA@@V?$_Copy@UtagCONNECTDATA@@@ATL@@VCComSingleThreadModel@6@@ATL@@@ATL@@UEAAPEAXI@Z 0000000180001fb0 f i CoinDispenser.obj
 0001:00001008       ??_E?$CComObject@VCOPOSCoinDispenser@@@ATL@@W7EAAPEAXI@Z 0000000180002008 f i CoinDispenser.obj
 0001:00001014       ??_E?$CComObject@VCOPOSCoinDispenser@@@ATL@@WHA@EAAPEAXI@Z 0000000180002014 f i CoinDispenser.obj
 0001:00001020       ?QueryInterface@?$CComObject@VCOPOSCoinDispenser@@@ATL@@WLI@EAAJAEBU_GUID@@PEAPEAX@Z 0000000180002020 f i CoinDispenser.obj
 0001:0000102c       ?AddRef@?$CComObject@VCOPOSCoinDispenser@@@ATL@@WLI@EAAKXZ 000000018000202c f i CoinDispenser.obj
 0001:00001038       ?Release@?$CComObject@VCOPOSCoinDispenser@@@ATL@@WLI@EAAKXZ 0000000180002038 f i CoinDispenser.obj
 0001:00001044       ?QueryInterface@?$CComObject@VCOPOSCoinDispenser@@@ATL@@WMA@EAAJAEBU_GUID@@PEAPEAX@Z 0000000180002044 f i CoinDispenser.obj
 0001:00001050       ?AddRef@?$CComObject@VCOPOSCoinDispenser@@@ATL@@WMA@EAAKXZ 0000000180002050 f i CoinDispenser.obj
 0001:0000105c       ?Release@?$CComObject@VCOPOSCoinDispenser@@@ATL@@WMA@EAAKXZ 000000018000205c f i CoinDispenser.obj
 0001:00001068       ?QueryInterface@?$CComObject@VCOPOSCoinDispenser@@@ATL@@WMI@EAAJAEBU_GUID@@PEAPEAX@Z 0000000180002068 f i CoinDispenser.obj
 0001:00001074       ?AddRef@?$CComObject@VCOPOSCoinDispenser@@@ATL@@WMI@EAAKXZ 0000000180002074 f i CoinDispenser.obj
 0001:00001080       ?Release@?$CComObject@VCOPOSCoinDispenser@@@ATL@@WMI@EAAKXZ 0000000180002080 f i CoinDispenser.obj
 0001:0000108c       ?QueryInterface@?$CComObject@VCOPOSCoinDispenser@@@ATL@@WNA@EAAJAEBU_GUID@@PEAPEAX@Z 000000018000208c f i CoinDispenser.obj
 0001:00001098       ?AddRef@?$CComObject@VCOPOSCoinDispenser@@@ATL@@WNA@EAAKXZ 0000000180002098 f i CoinDispenser.obj
 0001:000010a4       ?Release@?$CComObject@VCOPOSCoinDispenser@@@ATL@@WNA@EAAKXZ 00000001800020a4 f i CoinDispenser.obj
 0001:000010b0       ?QueryInterface@?$CComObject@VCOPOSCoinDispenser@@@ATL@@WNI@EAAJAEBU_GUID@@PEAPEAX@Z 00000001800020b0 f i CoinDispenser.obj
 0001:000010bc       ?AddRef@?$CComObject@VCOPOSCoinDispenser@@@ATL@@WNI@EAAKXZ 00000001800020bc f i CoinDispenser.obj
 0001:000010c8       ?Release@?$CComObject@VCOPOSCoinDispenser@@@ATL@@WNI@EAAKXZ 00000001800020c8 f i CoinDispenser.obj
 0001:000010d4       ?QueryInterface@?$CComObject@VCOPOSCoinDispenser@@@ATL@@WOA@EAAJAEBU_GUID@@PEAPEAX@Z 00000001800020d4 f i CoinDispenser.obj
 0001:000010e0       ?AddRef@?$CComObject@VCOPOSCoinDispenser@@@ATL@@WOA@EAAKXZ 00000001800020e0 f i CoinDispenser.obj
 0001:000010ec       ?Release@?$CComObject@VCOPOSCoinDispenser@@@ATL@@WOA@EAAKXZ 00000001800020ec f i CoinDispenser.obj
 0001:000010f8       ?QueryInterface@?$CComObject@VCOPOSCoinDispenser@@@ATL@@WOI@EAAJAEBU_GUID@@PEAPEAX@Z 00000001800020f8 f i CoinDispenser.obj
 0001:00001104       ?AddRef@?$CComObject@VCOPOSCoinDispenser@@@ATL@@WOI@EAAKXZ 0000000180002104 f i CoinDispenser.obj
 0001:00001110       ?Release@?$CComObject@VCOPOSCoinDispenser@@@ATL@@WOI@EAAKXZ 0000000180002110 f i CoinDispenser.obj
 0001:0000111c       ?QueryInterface@?$CComObject@VCOPOSCoinDispenser@@@ATL@@WPA@EAAJAEBU_GUID@@PEAPEAX@Z 000000018000211c f i CoinDispenser.obj
 0001:00001128       ?AddRef@?$CComObject@VCOPOSCoinDispenser@@@ATL@@WPA@EAAKXZ 0000000180002128 f i CoinDispenser.obj
 0001:00001134       ?Release@?$CComObject@VCOPOSCoinDispenser@@@ATL@@WPA@EAAKXZ 0000000180002134 f i CoinDispenser.obj
 0001:00001140       ?QueryInterface@?$CComObject@VCOPOSCoinDispenser@@@ATL@@WPI@EAAJAEBU_GUID@@PEAPEAX@Z 0000000180002140 f i CoinDispenser.obj
 0001:0000114c       ?AddRef@?$CComObject@VCOPOSCoinDispenser@@@ATL@@WPI@EAAKXZ 000000018000214c f i CoinDispenser.obj
 0001:00001158       ?Release@?$CComObject@VCOPOSCoinDispenser@@@ATL@@WPI@EAAKXZ 0000000180002158 f i CoinDispenser.obj
 0001:00001164       ?QueryInterface@?$CComObject@VCOPOSCoinDispenser@@@ATL@@WBAA@EAAJAEBU_GUID@@PEAPEAX@Z 0000000180002164 f i CoinDispenser.obj
 0001:00001170       ?AddRef@?$CComObject@VCOPOSCoinDispenser@@@ATL@@WBAA@EAAKXZ 0000000180002170 f i CoinDispenser.obj
 0001:0000117c       ?Release@?$CComObject@VCOPOSCoinDispenser@@@ATL@@WBAA@EAAKXZ 000000018000217c f i CoinDispenser.obj
 0001:00001188       ?QueryInterface@?$CComObject@VCOPOSCoinDispenser@@@ATL@@WBAI@EAAJAEBU_GUID@@PEAPEAX@Z 0000000180002188 f i CoinDispenser.obj
 0001:00001194       ?AddRef@?$CComObject@VCOPOSCoinDispenser@@@ATL@@WBAI@EAAKXZ 0000000180002194 f i CoinDispenser.obj
 0001:000011a0       ?Release@?$CComObject@VCOPOSCoinDispenser@@@ATL@@WBAI@EAAKXZ 00000001800021a0 f i CoinDispenser.obj
 0001:000011ac       ?QueryInterface@?$CComObject@VCOPOSCoinDispenser@@@ATL@@WBBA@EAAJAEBU_GUID@@PEAPEAX@Z 00000001800021ac f i CoinDispenser.obj
 0001:000011b8       ?AddRef@?$CComObject@VCOPOSCoinDispenser@@@ATL@@WBBA@EAAKXZ 00000001800021b8 f i CoinDispenser.obj
 0001:000011c4       ?Release@?$CComObject@VCOPOSCoinDispenser@@@ATL@@WBBA@EAAKXZ 00000001800021c4 f i CoinDispenser.obj
 0001:000011d0       ?QueryInterface@?$CComObject@VCOPOSCoinDispenser@@@ATL@@WBBI@EAAJAEBU_GUID@@PEAPEAX@Z 00000001800021d0 f i CoinDispenser.obj
 0001:000011dc       ?AddRef@?$CComObject@VCOPOSCoinDispenser@@@ATL@@WBBI@EAAKXZ 00000001800021dc f i CoinDispenser.obj
 0001:000011e8       ?Release@?$CComObject@VCOPOSCoinDispenser@@@ATL@@WBBI@EAAKXZ 00000001800021e8 f i CoinDispenser.obj
 0001:000011f4       ?AddRef@?$CComObject@VCOPOSCoinDispenser@@@ATL@@WBCI@EAAKXZ 00000001800021f4 f i CoinDispenser.obj
 0001:00001200       ?Release@?$CComObject@VCOPOSCoinDispenser@@@ATL@@WBCI@EAAKXZ 0000000180002200 f i CoinDispenser.obj
 0001:0000120c       ?AddRef@?$CComObject@VCOPOSCoinDispenser@@@ATL@@WBEA@EAAKXZ 000000018000220c f i CoinDispenser.obj
 0001:00001218       ?Release@?$CComObject@VCOPOSCoinDispenser@@@ATL@@WBEA@EAAKXZ 0000000180002218 f i CoinDispenser.obj
 0001:00001224       ??_E?$CComContainedObject@VCOPOSCoinDispenser@@@ATL@@W7EAAPEAXI@Z 0000000180002224 f i CoinDispenser.obj
 0001:00001230       ??_E?$CComContainedObject@VCOPOSCoinDispenser@@@ATL@@WHA@EAAPEAXI@Z 0000000180002230 f i CoinDispenser.obj
 0001:0000123c       ?QueryInterface@?$CComContainedObject@VCOPOSCoinDispenser@@@ATL@@WLI@EAAJAEBU_GUID@@PEAPEAX@Z 000000018000223c f i CoinDispenser.obj
 0001:00001248       ?AddRef@?$CComContainedObject@VCOPOSCoinDispenser@@@ATL@@WLI@EAAKXZ 0000000180002248 f i CoinDispenser.obj
 0001:00001254       ?Release@?$CComContainedObject@VCOPOSCoinDispenser@@@ATL@@WLI@EAAKXZ 0000000180002254 f i CoinDispenser.obj
 0001:00001260       ?QueryInterface@?$CComContainedObject@VCOPOSCoinDispenser@@@ATL@@WMA@EAAJAEBU_GUID@@PEAPEAX@Z 0000000180002260 f i CoinDispenser.obj
 0001:0000126c       ?AddRef@?$CComContainedObject@VCOPOSCoinDispenser@@@ATL@@WMA@EAAKXZ 000000018000226c f i CoinDispenser.obj
 0001:00001278       ?Release@?$CComContainedObject@VCOPOSCoinDispenser@@@ATL@@WMA@EAAKXZ 0000000180002278 f i CoinDispenser.obj
 0001:00001284       ?QueryInterface@?$CComContainedObject@VCOPOSCoinDispenser@@@ATL@@WMI@EAAJAEBU_GUID@@PEAPEAX@Z 0000000180002284 f i CoinDispenser.obj
 0001:00001290       ?AddRef@?$CComContainedObject@VCOPOSCoinDispenser@@@ATL@@WMI@EAAKXZ 0000000180002290 f i CoinDispenser.obj
 0001:0000129c       ?Release@?$CComContainedObject@VCOPOSCoinDispenser@@@ATL@@WMI@EAAKXZ 000000018000229c f i CoinDispenser.obj
 0001:000012a8       ?QueryInterface@?$CComContainedObject@VCOPOSCoinDispenser@@@ATL@@WNA@EAAJAEBU_GUID@@PEAPEAX@Z 00000001800022a8 f i CoinDispenser.obj
 0001:000012b4       ?AddRef@?$CComContainedObject@VCOPOSCoinDispenser@@@ATL@@WNA@EAAKXZ 00000001800022b4 f i CoinDispenser.obj
 0001:000012c0       ?Release@?$CComContainedObject@VCOPOSCoinDispenser@@@ATL@@WNA@EAAKXZ 00000001800022c0 f i CoinDispenser.obj
 0001:000012cc       ?QueryInterface@?$CComContainedObject@VCOPOSCoinDispenser@@@ATL@@WNI@EAAJAEBU_GUID@@PEAPEAX@Z 00000001800022cc f i CoinDispenser.obj
 0001:000012d8       ?AddRef@?$CComContainedObject@VCOPOSCoinDispenser@@@ATL@@WNI@EAAKXZ 00000001800022d8 f i CoinDispenser.obj
 0001:000012e4       ?Release@?$CComContainedObject@VCOPOSCoinDispenser@@@ATL@@WNI@EAAKXZ 00000001800022e4 f i CoinDispenser.obj
 0001:000012f0       ?QueryInterface@?$CComContainedObject@VCOPOSCoinDispenser@@@ATL@@WOA@EAAJAEBU_GUID@@PEAPEAX@Z 00000001800022f0 f i CoinDispenser.obj
 0001:000012fc       ?AddRef@?$CComContainedObject@VCOPOSCoinDispenser@@@ATL@@WOA@EAAKXZ 00000001800022fc f i CoinDispenser.obj
 0001:00001308       ?Release@?$CComContainedObject@VCOPOSCoinDispenser@@@ATL@@WOA@EAAKXZ 0000000180002308 f i CoinDispenser.obj
 0001:00001314       ?QueryInterface@?$CComContainedObject@VCOPOSCoinDispenser@@@ATL@@WOI@EAAJAEBU_GUID@@PEAPEAX@Z 0000000180002314 f i CoinDispenser.obj
 0001:00001320       ?AddRef@?$CComContainedObject@VCOPOSCoinDispenser@@@ATL@@WOI@EAAKXZ 0000000180002320 f i CoinDispenser.obj
 0001:0000132c       ?Release@?$CComContainedObject@VCOPOSCoinDispenser@@@ATL@@WOI@EAAKXZ 000000018000232c f i CoinDispenser.obj
 0001:00001338       ?QueryInterface@?$CComContainedObject@VCOPOSCoinDispenser@@@ATL@@WPA@EAAJAEBU_GUID@@PEAPEAX@Z 0000000180002338 f i CoinDispenser.obj
 0001:00001344       ?AddRef@?$CComContainedObject@VCOPOSCoinDispenser@@@ATL@@WPA@EAAKXZ 0000000180002344 f i CoinDispenser.obj
 0001:00001350       ?Release@?$CComContainedObject@VCOPOSCoinDispenser@@@ATL@@WPA@EAAKXZ 0000000180002350 f i CoinDispenser.obj
 0001:0000135c       ?QueryInterface@?$CComContainedObject@VCOPOSCoinDispenser@@@ATL@@WPI@EAAJAEBU_GUID@@PEAPEAX@Z 000000018000235c f i CoinDispenser.obj
 0001:00001368       ?AddRef@?$CComContainedObject@VCOPOSCoinDispenser@@@ATL@@WPI@EAAKXZ 0000000180002368 f i CoinDispenser.obj
 0001:00001374       ?Release@?$CComContainedObject@VCOPOSCoinDispenser@@@ATL@@WPI@EAAKXZ 0000000180002374 f i CoinDispenser.obj
 0001:00001380       ?QueryInterface@?$CComContainedObject@VCOPOSCoinDispenser@@@ATL@@WBAA@EAAJAEBU_GUID@@PEAPEAX@Z 0000000180002380 f i CoinDispenser.obj
 0001:0000138c       ?AddRef@?$CComContainedObject@VCOPOSCoinDispenser@@@ATL@@WBAA@EAAKXZ 000000018000238c f i CoinDispenser.obj
 0001:00001398       ?Release@?$CComContainedObject@VCOPOSCoinDispenser@@@ATL@@WBAA@EAAKXZ 0000000180002398 f i CoinDispenser.obj
 0001:000013a4       ?QueryInterface@?$CComContainedObject@VCOPOSCoinDispenser@@@ATL@@WBAI@EAAJAEBU_GUID@@PEAPEAX@Z 00000001800023a4 f i CoinDispenser.obj
 0001:000013b0       ?AddRef@?$CComContainedObject@VCOPOSCoinDispenser@@@ATL@@WBAI@EAAKXZ 00000001800023b0 f i CoinDispenser.obj
 0001:000013bc       ?Release@?$CComContainedObject@VCOPOSCoinDispenser@@@ATL@@WBAI@EAAKXZ 00000001800023bc f i CoinDispenser.obj
 0001:000013c8       ?QueryInterface@?$CComContainedObject@VCOPOSCoinDispenser@@@ATL@@WBBA@EAAJAEBU_GUID@@PEAPEAX@Z 00000001800023c8 f i CoinDispenser.obj
 0001:000013d4       ?AddRef@?$CComContainedObject@VCOPOSCoinDispenser@@@ATL@@WBBA@EAAKXZ 00000001800023d4 f i CoinDispenser.obj
 0001:000013e0       ?Release@?$CComContainedObject@VCOPOSCoinDispenser@@@ATL@@WBBA@EAAKXZ 00000001800023e0 f i CoinDispenser.obj
 0001:000013ec       ?QueryInterface@?$CComContainedObject@VCOPOSCoinDispenser@@@ATL@@WBBI@EAAJAEBU_GUID@@PEAPEAX@Z 00000001800023ec f i CoinDispenser.obj
 0001:000013f8       ?AddRef@?$CComContainedObject@VCOPOSCoinDispenser@@@ATL@@WBBI@EAAKXZ 00000001800023f8 f i CoinDispenser.obj
 0001:00001404       ?Release@?$CComContainedObject@VCOPOSCoinDispenser@@@ATL@@WBBI@EAAKXZ 0000000180002404 f i CoinDispenser.obj
 0001:00001410       ?AddRef@?$CComContainedObject@VCOPOSCoinDispenser@@@ATL@@WBCI@EAAKXZ 0000000180002410 f i CoinDispenser.obj
 0001:0000141c       ?Release@?$CComContainedObject@VCOPOSCoinDispenser@@@ATL@@WBCI@EAAKXZ 000000018000241c f i CoinDispenser.obj
 0001:00001428       ?AddRef@?$CComContainedObject@VCOPOSCoinDispenser@@@ATL@@WBEA@EAAKXZ 0000000180002428 f i CoinDispenser.obj
 0001:00001434       ?Release@?$CComContainedObject@VCOPOSCoinDispenser@@@ATL@@WBEA@EAAKXZ 0000000180002434 f i CoinDispenser.obj
 0001:00001440       ?Lock@CAtlModule@ATL@@UEAAJXZ 0000000180002440 f i CoinDispenser.obj
 0001:00001450       ?Unlock@CAtlModule@ATL@@UEAAJXZ 0000000180002450 f i CoinDispenser.obj
 0001:0000145c       ?GetLockCount@CAtlModule@ATL@@UEAAJXZ 000000018000245c f i CoinDispenser.obj
 0001:00001460       ?GetGITPtr@CAtlModule@ATL@@UEAAJPEAPEAUIGlobalInterfaceTable@@@Z 0000000180002460 f i CoinDispenser.obj
 0001:000014d0       ?AddCommonRGSReplacements@?$CAtlModuleT@VCComModule@ATL@@@ATL@@UEAAJPEAUIRegistrarBase@@@Z 00000001800024d0 f i CoinDispenser.obj
 0001:000014e8       ?GetWindowProc@?$CWindowImplBaseT@VCWindow@ATL@@V?$CWinTraits@$0FGAAAAAA@$0A@@2@@ATL@@UEAAP6A_JPEAUHWND__@@I_K_J@ZXZ 00000001800024e8 f i CoinDispenser.obj
 0001:000014f0       ?StartWindowProc@?$CWindowImplBaseT@VCWindow@ATL@@V?$CWinTraits@$0FGAAAAAA@$0A@@2@@ATL@@SA_JPEAUHWND__@@I_K_J@Z 00000001800024f0 f i CoinDispenser.obj
 0001:000015b4       ?UpdateRegistryFromResourceD@CComModule@ATL@@UEAAJIHPEAU_ATL_REGMAP_ENTRY@2@@Z 00000001800025b4 f i CoinDispenser.obj
 0001:000015b4       ?UpdateRegistryFromResourceD@CComModule@ATL@@UEAAJPEB_WHPEAU_ATL_REGMAP_ENTRY@2@@Z 00000001800025b4 f i CoinDispenser.obj
 0001:000015bc       ?UpdateRegistryFromResource@CComModule@ATL@@UEAAJPEB_WHPEAU_ATL_REGMAP_ENTRY@2@@Z 00000001800025bc f i CoinDispenser.obj
 0001:000015c4       ?UpdateRegistryFromResource@CComModule@ATL@@UEAAJIHPEAU_ATL_REGMAP_ENTRY@2@@Z 00000001800025c4 f i CoinDispenser.obj
 0001:000015cc       ??_GCComModule@ATL@@UEAAPEAXI@Z 00000001800025cc f i CoinDispenser.obj
 0001:000015cc       ??_ECComModule@ATL@@UEAAPEAXI@Z 00000001800025cc f i CoinDispenser.obj
 0001:0000164c       ?GetTypeInfoCount@?$IDispatchImpl@UIOPOSCoinDispenser@@$1?IID_IOPOSCoinDispenser@@3U_GUID@@B$1?LIBID_OposCoinDispenser_CCO@@3U3@B$00$0A@VCComTypeInfoHolder@ATL@@@ATL@@UEAAJPEAI@Z 000000018000264c f i CoinDispenser.obj
 0001:00001660       ?GetTypeInfo@?$IDispatchImpl@UIOPOSCoinDispenser@@$1?IID_IOPOSCoinDispenser@@3U_GUID@@B$1?LIBID_OposCoinDispenser_CCO@@3U3@B$00$0A@VCComTypeInfoHolder@ATL@@@ATL@@UEAAJIKPEAPEAUITypeInfo@@@Z 0000000180002660 f i CoinDispenser.obj
 0001:000016c4       ?GetIDsOfNames@?$IDispatchImpl@UIOPOSCoinDispenser@@$1?IID_IOPOSCoinDispenser@@3U_GUID@@B$1?LIBID_OposCoinDispenser_CCO@@3U3@B$00$0A@VCComTypeInfoHolder@ATL@@@ATL@@UEAAJAEBU_GUID@@PEAPEA_WIKPEAJ@Z 00000001800026c4 f i CoinDispenser.obj
 0001:000016d0       ?Invoke@?$IDispatchImpl@UIOPOSCoinDispenser@@$1?IID_IOPOSCoinDispenser@@3U_GUID@@B$1?LIBID_OposCoinDispenser_CCO@@3U3@B$00$0A@VCComTypeInfoHolder@ATL@@@ATL@@UEAAJJAEBU_GUID@@KGPEAUtagDISPPARAMS@@PEAUtagVARIANT@@PEAUtagEXCEPINFO@@PEAI@Z 00000001800026d0 f i CoinDispenser.obj
 0001:00001760       ?CreateControlWindow@?$CComControl@VCOPOSCoinDispenser@@V?$CWindowImpl@VCOPOSCoinDispenser@@VCWindow@ATL@@V?$CWinTraits@$0FGAAAAAA@$0A@@3@@ATL@@@ATL@@UEAAPEAUHWND__@@PEAU3@AEAUtagRECT@@@Z 0000000180002760 f i CoinDispenser.obj
 0001:00001798       ?ControlQueryInterface@?$CComControl@VCOPOSCoinDispenser@@V?$CWindowImpl@VCOPOSCoinDispenser@@VCWindow@ATL@@V?$CWinTraits@$0FGAAAAAA@$0A@@3@@ATL@@@ATL@@UEAAJAEBU_GUID@@PEAPEAX@Z 0000000180002798 f i CoinDispenser.obj
 0001:000017ac       ?GetUserClassID@?$IOleObjectImpl@VCOPOSCoinDispenser@@@ATL@@UEAAJPEAU_GUID@@@Z 00000001800027ac f i CoinDispenser.obj
 0001:000017ac       ?GetClassID@?$IPersistStreamInitImpl@VCOPOSCoinDispenser@@@ATL@@UEAAJPEAU_GUID@@@Z 00000001800027ac f i CoinDispenser.obj
 0001:000017ac       ?GetClassID@?$IPersistStorageImpl@VCOPOSCoinDispenser@@@ATL@@UEAAJPEAU_GUID@@@Z 00000001800027ac f i CoinDispenser.obj
 0001:000017c8       ?IsDirty@?$IPersistStreamInitImpl@VCOPOSCoinDispenser@@@ATL@@UEAAJXZ 00000001800027c8 f i CoinDispenser.obj
 0001:000017e4       ?Load@?$IPersistStreamInitImpl@VCOPOSCoinDispenser@@@ATL@@UEAAJPEAUIStream@@@Z 00000001800027e4 f i CoinDispenser.obj
 0001:00001834       ?Save@?$IPersistStreamInitImpl@VCOPOSCoinDispenser@@@ATL@@UEAAJPEAUIStream@@H@Z 0000000180002834 f i CoinDispenser.obj
 0001:00001898       ?GetSizeMax@?$IPersistStreamInitImpl@VCOPOSCoinDispenser@@@ATL@@UEAAJPEAT_ULARGE_INTEGER@@@Z 0000000180002898 f i CoinDispenser.obj
 0001:00001ac4       ?InitNew@?$IPersistStreamInitImpl@VCOPOSCoinDispenser@@@ATL@@UEAAJXZ 0000000180002ac4 f i CoinDispenser.obj
 0001:00001adc       ?InitFromData@?$IOleObjectImpl@VCOPOSCoinDispenser@@@ATL@@UEAAJPEAUIDataObject@@HK@Z 0000000180002adc f i CoinDispenser.obj
 0001:00001adc       ?Freeze@?$IViewObjectExImpl@VCOPOSCoinDispenser@@@ATL@@UEAAJKJPEAXPEAK@Z 0000000180002adc f i CoinDispenser.obj
 0001:00001adc       ?EnumFormatEtc@?$IDataObjectImpl@VCOPOSCoinDispenser@@@ATL@@UEAAJKPEAPEAUIEnumFORMATETC@@@Z 0000000180002adc f i CoinDispenser.obj
 0001:00001adc       ?GetClipboardData@?$IOleObjectImpl@VCOPOSCoinDispenser@@@ATL@@UEAAJKPEAPEAUIDataObject@@@Z 0000000180002adc f i CoinDispenser.obj
 0001:00001adc       ?ReactivateAndUndo@?$IOleInPlaceObjectWindowlessImpl@VCOPOSCoinDispenser@@@ATL@@UEAAJXZ 0000000180002adc f i CoinDispenser.obj
 0001:00001adc       ?ContextSensitiveHelp@?$IOleInPlaceObjectWindowlessImpl@VCOPOSCoinDispenser@@@ATL@@UEAAJH@Z 0000000180002adc f i CoinDispenser.obj
 0001:00001adc       ?GetControlInfo@?$IOleControlImpl@VCOPOSCoinDispenser@@@ATL@@UEAAJPEAUtagCONTROLINFO@@@Z 0000000180002adc f i CoinDispenser.obj
 0001:00001adc       ?SetMoniker@?$IOleObjectImpl@VCOPOSCoinDispenser@@@ATL@@UEAAJKPEAUIMoniker@@@Z 0000000180002adc f i CoinDispenser.obj
 0001:00001adc       ?GetDropTarget@?$IOleInPlaceObjectWindowlessImpl@VCOPOSCoinDispenser@@@ATL@@UEAAJPEAPEAUIDropTarget@@@Z 0000000180002adc f i CoinDispenser.obj
 0001:00001adc       ?ContextSensitiveHelp@?$IOleInPlaceActiveObjectImpl@VCOPOSCoinDispenser@@@ATL@@UEAAJH@Z 0000000180002adc f i CoinDispenser.obj
 0001:00001adc       ?SetData@?$IDataObjectImpl@VCOPOSCoinDispenser@@@ATL@@UEAAJPEAUtagFORMATETC@@PEAUtagSTGMEDIUM@@H@Z 0000000180002adc f i CoinDispenser.obj
 0001:00001adc       ?QueryInterface@CRegObject@ATL@@UEAAJAEBU_GUID@@PEAPEAX@Z 0000000180002adc f i CoinDispenser.obj
 0001:00001adc       ?SetColorScheme@?$IOleObjectImpl@VCOPOSCoinDispenser@@@ATL@@UEAAJPEAUtagLOGPALETTE@@@Z 0000000180002adc f i CoinDispenser.obj
 0001:00001adc       ?SOErrorDummy@COPOSCoinDispenser@@MEAAJJJJPEAJ@Z 0000000180002adc f i CoinDispenser.obj
 0001:00001adc       ?SOOutputCompleteDummy@COPOSCoinDispenser@@MEAAJJ@Z 0000000180002adc f i CoinDispenser.obj
 0001:00001adc       ?OnMnemonic@?$IOleControlImpl@VCOPOSCoinDispenser@@@ATL@@UEAAJPEAUtagMSG@@@Z 0000000180002adc f i CoinDispenser.obj
 0001:00001adc       ?GetCanonicalFormatEtc@?$IDataObjectImpl@VCOPOSCoinDispenser@@@ATL@@UEAAJPEAUtagFORMATETC@@0@Z 0000000180002adc f i CoinDispenser.obj
 0001:00001adc       ?GetMoniker@?$IOleObjectImpl@VCOPOSCoinDispenser@@@ATL@@UEAAJKKPEAPEAUIMoniker@@@Z 0000000180002adc f i CoinDispenser.obj
 0001:00001adc       ?SODataDummy@COPOSCoinDispenser@@MEAAJJ@Z 0000000180002adc f i CoinDispenser.obj
 0001:00001adc       ?GetColorSet@?$IViewObjectExImpl@VCOPOSCoinDispenser@@@ATL@@UEAAJKJPEAXPEAUtagDVTARGETDEVICE@@PEAUHDC__@@PEAPEAUtagLOGPALETTE@@@Z 0000000180002adc f i CoinDispenser.obj
 0001:00001adc       ?GetRect@?$IViewObjectExImpl@VCOPOSCoinDispenser@@@ATL@@UEAAJKPEAU_RECTL@@@Z 0000000180002adc f i CoinDispenser.obj
 0001:00001adc       ?GetDataHere@?$IDataObjectImpl@VCOPOSCoinDispenser@@@ATL@@UEAAJPEAUtagFORMATETC@@PEAUtagSTGMEDIUM@@@Z 0000000180002adc f i CoinDispenser.obj
 0001:00001adc       ?Unfreeze@?$IViewObjectExImpl@VCOPOSCoinDispenser@@@ATL@@UEAAJK@Z 0000000180002adc f i CoinDispenser.obj
 0001:00001adc       ?QueryGetData@?$IDataObjectImpl@VCOPOSCoinDispenser@@@ATL@@UEAAJPEAUtagFORMATETC@@@Z 0000000180002adc f i CoinDispenser.obj
 0001:00001ae4       ?SetClientSite@?$IOleObjectImpl@VCOPOSCoinDispenser@@@ATL@@UEAAJPEAUIOleClientSite@@@Z 0000000180002ae4 f i CoinDispenser.obj
 0001:00001b00       ?GetClientSite@?$IOleObjectImpl@VCOPOSCoinDispenser@@@ATL@@UEAAJPEAPEAUIOleClientSite@@@Z 0000000180002b00 f i CoinDispenser.obj
 0001:00001b48       ?Close@?$IOleObjectImpl@VCOPOSCoinDispenser@@@ATL@@UEAAJK@Z 0000000180002b48 f i CoinDispenser.obj
 0001:00001b64       ?DoVerb@?$IOleObjectImpl@VCOPOSCoinDispenser@@@ATL@@UEAAJJPEAUtagMSG@@PEAUIOleClientSite@@JPEAUHWND__@@PEBUtagRECT@@@Z 0000000180002b64 f i CoinDispenser.obj
 0001:00001d08       ?EnumVerbs@?$IOleObjectImpl@VCOPOSCoinDispenser@@@ATL@@UEAAJPEAPEAUIEnumOLEVERB@@@Z 0000000180002d08 f i CoinDispenser.obj
 0001:00001d24       ?GetUserType@?$IOleObjectImpl@VCOPOSCoinDispenser@@@ATL@@UEAAJKPEAPEA_W@Z 0000000180002d24 f i CoinDispenser.obj
 0001:00001d34       ?SetExtent@?$IOleObjectImpl@VCOPOSCoinDispenser@@@ATL@@UEAAJKPEAUtagSIZE@@@Z 0000000180002d34 f i CoinDispenser.obj
 0001:00001d50       ?GetExtent@?$IOleObjectImpl@VCOPOSCoinDispenser@@@ATL@@UEAAJKPEAUtagSIZE@@@Z 0000000180002d50 f i CoinDispenser.obj
 0001:00001d80       ?Advise@?$IOleObjectImpl@VCOPOSCoinDispenser@@@ATL@@UEAAJPEAUIAdviseSink@@PEAK@Z 0000000180002d80 f i CoinDispenser.obj
 0001:00001ddc       ?Unadvise@?$IOleObjectImpl@VCOPOSCoinDispenser@@@ATL@@UEAAJK@Z 0000000180002ddc f i CoinDispenser.obj
 0001:00001e14       ?EnumAdvise@?$IOleObjectImpl@VCOPOSCoinDispenser@@@ATL@@UEAAJPEAPEAUIEnumSTATDATA@@@Z 0000000180002e14 f i CoinDispenser.obj
 0001:00001e5c       ?GetMiscStatus@?$IOleObjectImpl@VCOPOSCoinDispenser@@@ATL@@UEAAJKPEAK@Z 0000000180002e5c f i CoinDispenser.obj
 0001:00001e6c       ?GetWindow@?$IOleInPlaceActiveObjectImpl@VCOPOSCoinDispenser@@@ATL@@UEAAJPEAPEAUHWND__@@@Z 0000000180002e6c f i CoinDispenser.obj
 0001:00001ec0       ?TranslateAcceleratorW@?$IOleInPlaceActiveObjectImpl@VCOPOSCoinDispenser@@@ATL@@UEAAJPEAUtagMSG@@@Z 0000000180002ec0 f i CoinDispenser.obj
 0001:00001fb4       ?OnDocWindowActivate@?$IOleInPlaceActiveObjectImpl@VCOPOSCoinDispenser@@@ATL@@UEAAJH@Z 0000000180002fb4 f i CoinDispenser.obj
 0001:00001fe0       ?Draw@?$IViewObjectExImpl@VCOPOSCoinDispenser@@@ATL@@UEAAJKJPEAXPEAUtagDVTARGETDEVICE@@PEAUHDC__@@2PEBU_RECTL@@3P6AH_K@Z4@Z 0000000180002fe0 f i CoinDispenser.obj
 0001:00002044       ?SetAdvise@?$IViewObjectExImpl@VCOPOSCoinDispenser@@@ATL@@UEAAJKKPEAUIAdviseSink@@@Z 0000000180003044 f i CoinDispenser.obj
 0001:00002098       ?GetAdvise@?$IViewObjectExImpl@VCOPOSCoinDispenser@@@ATL@@UEAAJPEAK0PEAPEAUIAdviseSink@@@Z 0000000180003098 f i CoinDispenser.obj
 0001:000020d4       ?GetExtent@?$IViewObjectExImpl@VCOPOSCoinDispenser@@@ATL@@UEAAJKJPEAUtagDVTARGETDEVICE@@PEAUtagSIZE@@@Z 00000001800030d4 f i CoinDispenser.obj
 0001:00002104       ?GetViewStatus@?$IViewObjectExImpl@VCOPOSCoinDispenser@@@ATL@@UEAAJPEAK@Z 0000000180003104 f i CoinDispenser.obj
 0001:00002118       ?QueryHitPoint@?$IViewObjectExImpl@VCOPOSCoinDispenser@@@ATL@@UEAAJKPEBUtagRECT@@UtagPOINT@@JPEAK@Z 0000000180003118 f i CoinDispenser.obj
 0001:0000215c       ?QueryHitRect@?$IViewObjectExImpl@VCOPOSCoinDispenser@@@ATL@@UEAAJKPEBUtagRECT@@0JPEAK@Z 000000018000315c f i CoinDispenser.obj
 0001:000021c4       ?GetNaturalExtent@?$IViewObjectExImpl@VCOPOSCoinDispenser@@@ATL@@UEAAJKJPEAUtagDVTARGETDEVICE@@PEAUHDC__@@PEAUtagExtentInfo@@PEAUtagSIZE@@@Z 00000001800031c4 f i CoinDispenser.obj
 0001:0000220c       ?GetWindow@?$IOleInPlaceObjectWindowlessImpl@VCOPOSCoinDispenser@@@ATL@@UEAAJPEAPEAUHWND__@@@Z 000000018000320c f i CoinDispenser.obj
 0001:00002260       ?InPlaceDeactivate@?$IOleInPlaceObjectWindowlessImpl@VCOPOSCoinDispenser@@@ATL@@UEAAJXZ 0000000180003260 f i CoinDispenser.obj
 0001:0000227c       ?UIDeactivate@?$IOleInPlaceObjectWindowlessImpl@VCOPOSCoinDispenser@@@ATL@@UEAAJXZ 000000018000327c f i CoinDispenser.obj
 0001:00002298       ?SetObjectRects@?$IOleInPlaceObjectWindowlessImpl@VCOPOSCoinDispenser@@@ATL@@UEAAJPEBUtagRECT@@0@Z 0000000180003298 f i CoinDispenser.obj
 0001:000022b4       ?OnWindowMessage@?$IOleInPlaceObjectWindowlessImpl@VCOPOSCoinDispenser@@@ATL@@UEAAJI_K_JPEA_J@Z 00000001800032b4 f i CoinDispenser.obj
 0001:0000237c       ?EnumConnectionPoints@?$IConnectionPointContainerImpl@VCOPOSCoinDispenser@@@ATL@@UEAAJPEAPEAUIEnumConnectionPoints@@@Z 000000018000337c f i CoinDispenser.obj
 0001:000025c4       ?FindConnectionPoint@?$IConnectionPointContainerImpl@VCOPOSCoinDispenser@@@ATL@@UEAAJAEBU_GUID@@PEAPEAUIConnectionPoint@@@Z 00000001800035c4 f i CoinDispenser.obj
 0001:00002694       ?IsDirty@?$IPersistStorageImpl@VCOPOSCoinDispenser@@@ATL@@UEAAJXZ 0000000180003694 f i CoinDispenser.obj
 0001:000026d8       ?InitNew@?$IPersistStorageImpl@VCOPOSCoinDispenser@@@ATL@@UEAAJPEAUIStorage@@@Z 00000001800036d8 f i CoinDispenser.obj
 0001:0000271c       ?Load@?$IPersistStorageImpl@VCOPOSCoinDispenser@@@ATL@@UEAAJPEAUIStorage@@@Z 000000018000371c f i CoinDispenser.obj
 0001:000027bc       ?Save@?$IPersistStorageImpl@VCOPOSCoinDispenser@@@ATL@@UEAAJPEAUIStorage@@H@Z 00000001800037bc f i CoinDispenser.obj
 0001:0000286c       ?GetPages@?$ISpecifyPropertyPagesImpl@VCOPOSCoinDispenser@@@ATL@@UEAAJPEAUtagCAUUID@@@Z 000000018000386c f i CoinDispenser.obj
 0001:00002878       ?QuickActivate@?$IQuickActivateImpl@VCOPOSCoinDispenser@@@ATL@@UEAAJPEAUtagQACONTAINER@@PEAUtagQACONTROL@@@Z 0000000180003878 f i CoinDispenser.obj
 0001:00002894       ?SetContentExtent@?$IQuickActivateImpl@VCOPOSCoinDispenser@@@ATL@@UEAAJPEAUtagSIZE@@@Z 0000000180003894 f i CoinDispenser.obj
 0001:000028c8       ?GetContentExtent@?$IQuickActivateImpl@VCOPOSCoinDispenser@@@ATL@@UEAAJPEAUtagSIZE@@@Z 00000001800038c8 f i CoinDispenser.obj
 0001:00002900       ?GetData@?$IDataObjectImpl@VCOPOSCoinDispenser@@@ATL@@UEAAJPEAUtagFORMATETC@@PEAUtagSTGMEDIUM@@@Z 0000000180003900 f i CoinDispenser.obj
 0001:0000291c       ?DAdvise@?$IDataObjectImpl@VCOPOSCoinDispenser@@@ATL@@UEAAJPEAUtagFORMATETC@@KPEAUIAdviseSink@@PEAK@Z 000000018000391c f i CoinDispenser.obj
 0001:000029a4       ?DUnadvise@?$IDataObjectImpl@VCOPOSCoinDispenser@@@ATL@@UEAAJK@Z 00000001800039a4 f i CoinDispenser.obj
 0001:000029d0       ?EnumDAdvise@?$IDataObjectImpl@VCOPOSCoinDispenser@@@ATL@@UEAAJPEAPEAUIEnumSTATDATA@@@Z 00000001800039d0 f i CoinDispenser.obj
 0001:00002a0c       ?GetClassInfoW@?$IProvideClassInfo2Impl@$1?CLSID_OPOSCoinDispenser@@3U_GUID@@B$1?DIID__IOPOSCoinDispenserEvents@@3U2@B$1?LIBID_OposCoinDispenser_CCO@@3U2@B$00$0A@VCComTypeInfoHolder@ATL@@@ATL@@UEAAJPEAPEAUITypeInfo@@@Z 0000000180003a0c f i CoinDispenser.obj
 0001:00002a64       ?GetGUID@?$IProvideClassInfo2Impl@$1?CLSID_OPOSCoinDispenser@@3U_GUID@@B$1?DIID__IOPOSCoinDispenserEvents@@3U2@B$1?LIBID_OposCoinDispenser_CCO@@3U2@B$00$0A@VCComTypeInfoHolder@ATL@@@ATL@@UEAAJKPEAU_GUID@@@Z 0000000180003a64 f i CoinDispenser.obj
 0001:00002a98       _get_startup_argv_mode     0000000180003a98 f i LIBCMT:argv_mode.obj
 0001:00002a98       ?FAccessAllowed@?$IObjectSafetyImpl@VCOPOSCoinDispenser@@$02@ATL@@MEAAHXZ 0000000180003a98 f i CoinDispenser.obj
 0001:00002a98       ?AddRef@CRegObject@ATL@@UEAAKXZ 0000000180003a98 f i CoinDispenser.obj
 0001:00002aa0       ?GetInterfaceSafetyOptions@?$IObjectSafetyImpl@VCOPOSCoinDispenser@@$02@ATL@@UEAAJAEBU_GUID@@PEAK1@Z 0000000180003aa0 f i CoinDispenser.obj
 0001:00002b34       ?SetInterfaceSafetyOptions@?$IObjectSafetyImpl@VCOPOSCoinDispenser@@$02@ATL@@UEAAJAEBU_GUID@@KK@Z 0000000180003b34 f i CoinDispenser.obj
 0001:00002bd8       ?_LocCPQueryInterface@?$IConnectionPointImpl@VCOPOSCoinDispenser@@$1?DIID__IOPOSCoinDispenserEvents@@3U_GUID@@BVCComDynamicUnkArray@ATL@@@ATL@@UEAAJAEBU_GUID@@PEAPEAX@Z 0000000180003bd8 f i CoinDispenser.obj
 0001:00002bd8       ?_LocCPQueryInterface@?$IConnectionPointImpl@VCOPOSCoinDispenser@@$1?IID_IPropertyNotifySink@@3U_GUID@@BVCComDynamicUnkArray@ATL@@@ATL@@UEAAJAEBU_GUID@@PEAPEAX@Z 0000000180003bd8 f i CoinDispenser.obj
 0001:00002c4c       ?GetConnectionInterface@?$IConnectionPointImpl@VCOPOSCoinDispenser@@$1?IID_IPropertyNotifySink@@3U_GUID@@BVCComDynamicUnkArray@ATL@@@ATL@@UEAAJPEAU_GUID@@@Z 0000000180003c4c f i CoinDispenser.obj
 0001:00002c68       ?GetConnectionPointContainer@?$IConnectionPointImpl@VCOPOSCoinDispenser@@$1?IID_IPropertyNotifySink@@3U_GUID@@BVCComDynamicUnkArray@ATL@@@ATL@@UEAAJPEAPEAUIConnectionPointContainer@@@Z 0000000180003c68 f i CoinDispenser.obj
 0001:00002c88       ?Advise@?$IConnectionPointImpl@VCOPOSCoinDispenser@@$1?DIID__IOPOSCoinDispenserEvents@@3U_GUID@@BVCComDynamicUnkArray@ATL@@@ATL@@UEAAJPEAUIUnknown@@PEAK@Z 0000000180003c88 f i CoinDispenser.obj
 0001:00002c88       ?Advise@?$IConnectionPointImpl@VCOPOSCoinDispenser@@$1?IID_IPropertyNotifySink@@3U_GUID@@BVCComDynamicUnkArray@ATL@@@ATL@@UEAAJPEAUIUnknown@@PEAK@Z 0000000180003c88 f i CoinDispenser.obj
 0001:00002d48       ?Unadvise@?$IConnectionPointImpl@VCOPOSCoinDispenser@@$1?DIID__IOPOSCoinDispenserEvents@@3U_GUID@@BVCComDynamicUnkArray@ATL@@@ATL@@UEAAJK@Z 0000000180003d48 f i CoinDispenser.obj
 0001:00002d48       ?Unadvise@?$IConnectionPointImpl@VCOPOSCoinDispenser@@$1?IID_IPropertyNotifySink@@3U_GUID@@BVCComDynamicUnkArray@ATL@@@ATL@@UEAAJK@Z 0000000180003d48 f i CoinDispenser.obj
 0001:00002dc4       ?EnumConnections@?$IConnectionPointImpl@VCOPOSCoinDispenser@@$1?DIID__IOPOSCoinDispenserEvents@@3U_GUID@@BVCComDynamicUnkArray@ATL@@@ATL@@UEAAJPEAPEAUIEnumConnections@@@Z 0000000180003dc4 f i CoinDispenser.obj
 0001:00002dc4       ?EnumConnections@?$IConnectionPointImpl@VCOPOSCoinDispenser@@$1?IID_IPropertyNotifySink@@3U_GUID@@BVCComDynamicUnkArray@ATL@@@ATL@@UEAAJPEAPEAUIEnumConnections@@@Z 0000000180003dc4 f i CoinDispenser.obj
 0001:00002f6c       ?GetConnectionInterface@?$IConnectionPointImpl@VCOPOSCoinDispenser@@$1?DIID__IOPOSCoinDispenserEvents@@3U_GUID@@BVCComDynamicUnkArray@ATL@@@ATL@@UEAAJPEAU_GUID@@@Z 0000000180003f6c f i CoinDispenser.obj
 0001:00002f88       ?GetConnectionPointContainer@?$IConnectionPointImpl@VCOPOSCoinDispenser@@$1?DIID__IOPOSCoinDispenserEvents@@3U_GUID@@BVCComDynamicUnkArray@ATL@@@ATL@@UEAAJPEAPEAUIConnectionPointContainer@@@Z 0000000180003f88 f i CoinDispenser.obj
 0001:00002fa8       ?UpdateRegistry@COPOSCoinDispenser@@SAJH@Z 0000000180003fa8 f i CoinDispenser.obj
 0001:00002fc0       ?ProcessWindowMessage@COPOSCoinDispenser@@UEAAHPEAUHWND__@@I_K_JAEA_JK@Z 0000000180003fc0 f i CoinDispenser.obj
 0001:00003048       ?SODirectIO@COPOSCoinDispenser@@MEAAJJPEAJPEAPEA_W@Z 0000000180004048 f i CoinDispenser.obj
 0001:000030c0       ?SOStatusUpdate@COPOSCoinDispenser@@MEAAJJ@Z 00000001800040c0 f i CoinDispenser.obj
 0001:00003110       ?AddReplacement@CRegObject@ATL@@UEAAJPEB_W0@Z 0000000180004110 f i CoinDispenser.obj
 0001:00003140       ?ClearReplacements@CRegObject@ATL@@UEAAJXZ 0000000180004140 f i CoinDispenser.obj
 0001:0000314c       ??_ECRegObject@ATL@@UEAAPEAXI@Z 000000018000414c f i CoinDispenser.obj
 0001:0000314c       ??_GCRegObject@ATL@@UEAAPEAXI@Z 000000018000414c f i CoinDispenser.obj
 0001:000031cc       ?CreateInstance@?$CComCreator@V?$CComObjectCached@VCComClassFactory@ATL@@@ATL@@@ATL@@SAJPEAXAEBU_GUID@@PEAPEAX@Z 00000001800041cc f i CoinDispenser.obj
 0001:000032d0       ?CreateInstance@?$CComCreator2@V?$CComCreator@V?$CComObject@VCOPOSCoinDispenser@@@ATL@@@ATL@@V?$CComCreator@V?$CComAggObject@VCOPOSCoinDispenser@@@ATL@@@2@@ATL@@SAJPEAXAEBU_GUID@@PEAPEAX@Z 00000001800042d0 f i CoinDispenser.obj
 0001:000032e0       ?Next@?$CComEnumImpl@UIEnumConnectionPoints@@$1?_GUID_b196b285_bab4_101a_b69c_00aa00341d07@@3U__s_GUID@@BPEAUIConnectionPoint@@V?$_CopyInterface@UIConnectionPoint@@@ATL@@@ATL@@UEAAJKPEAPEAUIConnectionPoint@@PEAK@Z 00000001800042e0 f i CoinDispenser.obj
 0001:000033ac       ?Skip@?$CComEnumImpl@UIEnumConnectionPoints@@$1?_GUID_b196b285_bab4_101a_b69c_00aa00341d07@@3U__s_GUID@@BPEAUIConnectionPoint@@V?$_CopyInterface@UIConnectionPoint@@@ATL@@@ATL@@UEAAJK@Z 00000001800043ac f i CoinDispenser.obj
 0001:000033d8       ?Clone@?$CComEnumImpl@UIEnumConnectionPoints@@$1?_GUID_b196b285_bab4_101a_b69c_00aa00341d07@@3U__s_GUID@@BPEAUIConnectionPoint@@V?$_CopyInterface@UIConnectionPoint@@@ATL@@@ATL@@UEAAJPEAPEAUIEnumConnectionPoints@@@Z 00000001800043d8 f i CoinDispenser.obj
 0001:00003500       ?QueryInterface@?$CComObject@V?$CComEnum@UIEnumConnectionPoints@@$1?_GUID_b196b285_bab4_101a_b69c_00aa00341d07@@3U__s_GUID@@BPEAUIConnectionPoint@@V?$_CopyInterface@UIConnectionPoint@@@ATL@@VCComSingleThreadModel@6@@ATL@@@ATL@@UEAAJAEBU_GUID@@PEAPEAX@Z 0000000180004500 f i CoinDispenser.obj
 0001:00003514       ??_E?$CComObject@V?$CComEnum@UIEnumConnectionPoints@@$1?_GUID_b196b285_bab4_101a_b69c_00aa00341d07@@3U__s_GUID@@BPEAUIConnectionPoint@@V?$_CopyInterface@UIConnectionPoint@@@ATL@@VCComSingleThreadModel@6@@ATL@@@ATL@@UEAAPEAXI@Z 0000000180004514 f i CoinDispenser.obj
 0001:00003514       ??_G?$CComObject@V?$CComEnum@UIEnumConnectionPoints@@$1?_GUID_b196b285_bab4_101a_b69c_00aa00341d07@@3U__s_GUID@@BPEAUIConnectionPoint@@V?$_CopyInterface@UIConnectionPoint@@@ATL@@VCComSingleThreadModel@6@@ATL@@@ATL@@UEAAPEAXI@Z 0000000180004514 f i CoinDispenser.obj
 0001:0000356c       ?AddRef@?$CComObjectCached@VCComClassFactory@ATL@@@ATL@@UEAAKXZ 000000018000456c f i CoinDispenser.obj
 0001:00003598       ?Release@?$CComObjectCached@VCComClassFactory@ATL@@@ATL@@UEAAKXZ 0000000180004598 f i CoinDispenser.obj
 0001:000035d8       ?QueryInterface@?$CComObjectCached@VCComClassFactory@ATL@@@ATL@@UEAAJAEBU_GUID@@PEAPEAX@Z 00000001800045d8 f i CoinDispenser.obj
 0001:000035ec       ??_G?$CComObjectCached@VCComClassFactory@ATL@@@ATL@@UEAAPEAXI@Z 00000001800045ec f i CoinDispenser.obj
 0001:000035ec       ??_E?$CComObjectCached@VCComClassFactory@ATL@@@ATL@@UEAAPEAXI@Z 00000001800045ec f i CoinDispenser.obj
 0001:00003644       ??$AtlModuleRegisterWndClassInfoT@VAtlModuleRegisterWndClassInfoParamW@ATL@@@ATL@@YAGPEAU_ATL_BASE_MODULE70@0@PEAU_ATL_WIN_MODULE70@0@PEAU_ATL_WNDCLASSINFOW@0@PEAP6A_JPEAUHWND__@@I_K_J@ZVAtlModuleRegisterWndClassInfoParamW@0@@Z 0000000180004644 f i CoinDispenser.obj
 0001:00003844       ??0?$CComContainedObject@VCOPOSCoinDispenser@@@ATL@@QEAA@PEAX@Z 0000000180004844 f i CoinDispenser.obj
 0001:00003960       ??0?$CComObject@VCOPOSCoinDispenser@@@ATL@@QEAA@PEAX@Z 0000000180004960 f i CoinDispenser.obj
 0001:00003a78       ??0CAtlModule@ATL@@QEAA@XZ 0000000180004a78 f i CoinDispenser.obj
 0001:00003af8       ??1?$CComEnumImpl@UIEnumConnectionPoints@@$1?_GUID_b196b285_bab4_101a_b69c_00aa00341d07@@3U__s_GUID@@BPEAUIConnectionPoint@@V?$_CopyInterface@UIConnectionPoint@@@ATL@@@ATL@@UEAA@XZ 0000000180004af8 f i CoinDispenser.obj
 0001:00003b54       ??1?$CComEnumImpl@UIEnumConnections@@$1?_GUID_b196b287_bab4_101a_b69c_00aa00341d07@@3U__s_GUID@@BUtagCONNECTDATA@@V?$_Copy@UtagCONNECTDATA@@@ATL@@@ATL@@UEAA@XZ 0000000180004b54 f i CoinDispenser.obj
 0001:00003bb0       ??1?$CComObject@VCOPOSCoinDispenser@@@ATL@@UEAA@XZ 0000000180004bb0 f i CoinDispenser.obj
 0001:00003cd0       ??_E?$CComContainedObject@VCOPOSCoinDispenser@@@ATL@@UEAAPEAXI@Z 0000000180004cd0 f i CoinDispenser.obj
 0001:00003cd0       ??_G?$CComContainedObject@VCOPOSCoinDispenser@@@ATL@@UEAAPEAXI@Z 0000000180004cd0 f i CoinDispenser.obj
 0001:00003d04       ??_G?$CComObject@VCOPOSCoinDispenser@@@ATL@@UEAAPEAXI@Z 0000000180004d04 f i CoinDispenser.obj
 0001:00003d04       ??_E?$CComObject@VCOPOSCoinDispenser@@@ATL@@UEAAPEAXI@Z 0000000180004d04 f i CoinDispenser.obj
 0001:00003d38       ?Add@?$CSimpleArray@GV?$CSimpleArrayEqualHelper@G@ATL@@@ATL@@QEAAHAEBG@Z 0000000180004d38 f i CoinDispenser.obj
 0001:00003dec       ?Add@?$CSimpleMap@PEA_WPEA_WVCExpansionVectorEqualHelper@ATL@@@ATL@@QEAAHAEBQEA_W0@Z 0000000180004dec f i CoinDispenser.obj
 0001:00003e8c       ?Add@CComDynamicUnkArray@ATL@@QEAAKPEAUIUnknown@@@Z 0000000180004e8c f i CoinDispenser.obj
 0001:00003f84       ?Add@CExpansionVector@ATL@@QEAAHPEB_W0@Z 0000000180004f84 f i CoinDispenser.obj
 0001:00004114       ?AddValue@CRegParser@ATL@@IEAAJAEAVCRegKey@2@PEB_WPEA_W@Z 0000000180005114 f i CoinDispenser.obj
 0001:0000455c       ?AllocateHeap@?$CTempBuffer@E$0BAA@VCCRTAllocator@ATL@@@ATL@@AEAAX_K@Z 000000018000555c f i CoinDispenser.obj
 0001:0000455c       ?AllocateHeap@?$CTempBuffer@_W$0BAA@VCCRTAllocator@ATL@@@ATL@@AEAAX_K@Z 000000018000555c f i CoinDispenser.obj
 0001:0000455c       ?AllocateHeap@?$CTempBuffer@_W$0EAA@VCCRTAllocator@ATL@@@ATL@@AEAAX_K@Z 000000018000555c f i CoinDispenser.obj
 0001:00004588       ?Append@CParseBuffer@CRegParser@ATL@@QEAAHPEB_WH@Z 0000000180005588 f i CoinDispenser.obj
 0001:000046a0       ?AtlCallTermFunc@ATL@@YAXPEAU_ATL_MODULE70@1@@Z 00000001800056a0 f i CoinDispenser.obj
 0001:00004704       ?AtlComModuleGetClassObject@ATL@@YAJPEAU_ATL_COM_MODULE70@1@AEBU_GUID@@1PEAPEAX@Z 0000000180005704 f i CoinDispenser.obj
 0001:00004844       ?AtlComModuleRegisterServer@ATL@@YAJPEAU_ATL_COM_MODULE70@1@HPEBU_GUID@@@Z 0000000180005844 f i CoinDispenser.obj
 0001:00004904       ?AtlComModuleUnregisterServer@ATL@@YAJPEAU_ATL_COM_MODULE70@1@HPEBU_GUID@@@Z 0000000180005904 f i CoinDispenser.obj
 0001:000049c0       ?AtlCreateTargetDC@ATL@@YAPEAUHDC__@@PEAU2@PEAUtagDVTARGETDEVICE@@@Z 00000001800059c0 f i CoinDispenser.obj
 0001:00004a34       ?AtlHiMetricToPixel@ATL@@YAXPEBUtagSIZE@@PEAU2@@Z 0000000180005a34 f i CoinDispenser.obj
 0001:00004ae4       ?AtlHresultFromLastError@ATL@@YAJXZ 0000000180005ae4 f i CoinDispenser.obj
 0001:00004b04       ?AtlHresultFromWin32@ATL@@YAJK@Z 0000000180005b04 f i CoinDispenser.obj
 0001:00004b14       ?AtlIPersistStreamInit_Load@ATL@@YAJPEAUIStream@@PEBUATL_PROPMAP_ENTRY@1@PEAXPEAUIUnknown@@@Z 0000000180005b14 f i CoinDispenser.obj
 0001:00004d4c       ?AtlIPersistStreamInit_Save@ATL@@YAJPEAUIStream@@HPEBUATL_PROPMAP_ENTRY@1@PEAXPEAUIUnknown@@@Z 0000000180005d4c f i CoinDispenser.obj
 0001:00004f88       ?AtlInternalOleLoadFromStream@ATL@@YAJPEAUIStream@@AEBU_GUID@@PEAPEAXTClassesAllowedInStream@1@K@Z 0000000180005f88 f i CoinDispenser.obj
 0001:000050cc       ?AtlInternalQueryInterface@ATL@@YAJPEAXPEBU_ATL_INTMAP_ENTRY@1@AEBU_GUID@@PEAPEAX@Z 00000001800060cc f i CoinDispenser.obj
 0001:000051d4       ?AtlLoadTypeLib@ATL@@YAJPEAUHINSTANCE__@@PEB_WPEAPEA_WPEAPEAUITypeLib@@@Z 00000001800061d4 f i CoinDispenser.obj
 0001:00005430       ?AtlModuleAddTermFunc@ATL@@YAJPEAU_ATL_MODULE70@1@P6AX_K@Z1@Z 0000000180006430 f i CoinDispenser.obj
 0001:000054c4       ?AtlRegisterClassCategoriesHelper@ATL@@YAJAEBU_GUID@@PEBU_ATL_CATMAP_ENTRY@1@H@Z 00000001800064c4 f i CoinDispenser.obj
 0001:0000592c       ?AtlRegisterTypeLib@ATL@@YAJPEAUHINSTANCE__@@PEB_W@Z 000000018000692c f i CoinDispenser.obj
 0001:00005b28       ?AtlThrowImpl@ATL@@YAXJ@Z  0000000180006b28 f i CoinDispenser.obj
 0001:00005b4c       ?AtlUnRegisterTypeLib@ATL@@YAJPEAUHINSTANCE__@@PEB_W@Z 0000000180006b4c f i CoinDispenser.obj
 0001:00005c14       ?AtlWinModuleExtractCreateWndData@ATL@@YAPEAXPEAU_ATL_WIN_MODULE70@1@@Z 0000000180006c14 f i CoinDispenser.obj
 0001:00005ca0       ?Cleanup@CComTypeInfoHolder@ATL@@SAX_K@Z 0000000180006ca0 f i CoinDispenser.obj
 0001:00005ce0       ?ClearReplacements@CExpansionVector@ATL@@QEAAJXZ 0000000180006ce0 f i CoinDispenser.obj
 0001:00005d7c       ?CreateInstance@?$CComCreator@V?$CComAggObject@VCOPOSCoinDispenser@@@ATL@@@ATL@@SAJPEAXAEBU_GUID@@PEAPEAX@Z 0000000180006d7c f i CoinDispenser.obj
 0001:00005e54       ?CreateInstance@?$CComCreator@V?$CComObject@VCOPOSCoinDispenser@@@ATL@@@ATL@@SAJPEAXAEBU_GUID@@PEAPEAX@Z 0000000180006e54 f i CoinDispenser.obj
 0001:00005f0c       ?CreateInstance@?$CComObject@V?$CComEnum@UIEnumConnectionPoints@@$1?_GUID_b196b285_bab4_101a_b69c_00aa00341d07@@3U__s_GUID@@BPEAUIConnectionPoint@@V?$_CopyInterface@UIConnectionPoint@@@ATL@@VCComSingleThreadModel@6@@ATL@@@ATL@@SAJPEAPEAV12@@Z 0000000180006f0c f i CoinDispenser.obj
 0001:00005f98       ?CreateInstance@?$CComObject@V?$CComEnum@UIEnumConnections@@$1?_GUID_b196b287_bab4_101a_b69c_00aa00341d07@@3U__s_GUID@@BUtagCONNECTDATA@@V?$_Copy@UtagCONNECTDATA@@@ATL@@VCComSingleThreadModel@6@@ATL@@@ATL@@SAJPEAPEAV12@@Z 0000000180006f98 f i CoinDispenser.obj
 0001:00006024       ?DefaultReflectionHandler@?$CWindowImplRoot@VCWindow@ATL@@@ATL@@SAHPEAUHWND__@@I_K_JAEA_J@Z 0000000180007024 f i CoinDispenser.obj
 0001:00006088       ?DeleteSubKey@CRegKey@ATL@@QEAAJPEB_W@Z 0000000180007088 f i CoinDispenser.obj
 0001:00006120       ?DoEvent@COPOSCoinDispenser@@IEAAXI_K_J@Z 0000000180007120 f i CoinDispenser.obj
 0001:000061d4       ?DoVerbPrimary@?$IOleObjectImpl@VCOPOSCoinDispenser@@@ATL@@QEAAJPEBUtagRECT@@PEAUHWND__@@@Z 00000001800071d4 f i CoinDispenser.obj
 0001:000062fc       ?DoVerbProperties@CComControlBase@ATL@@QEAAJPEBUtagRECT@@PEAUHWND__@@@Z 00000001800072fc f i CoinDispenser.obj
 0001:00006524       ?FireTheEvent@?$CProxy_IOPOSEvents@VCOPOSCoinDispenser@@@@IEAAXPEAVOposVariant@@IAEAJPEB_WJ@Z 0000000180007524 f i CoinDispenser.obj
 0001:00006610       ?FireViewChange@CComControlBase@ATL@@QEAAJXZ 0000000180007610 f i CoinDispenser.obj
 0001:00006674       ?Fire_DirectIOEvent@?$CProxy_IOPOSEvents@VCOPOSCoinDispenser@@@@QEAAXJPEAJPEAPEA_W@Z 0000000180007674 f i CoinDispenser.obj
 0001:000067cc       ?Fire_StatusUpdateEvent@?$CProxy_IOPOSEvents@VCOPOSCoinDispenser@@@@QEAAXJ@Z 00000001800077cc f i CoinDispenser.obj
 0001:000068b8       ?FreeHeap@?$CTempBuffer@E$0BAA@VCCRTAllocator@ATL@@@ATL@@AEAAXXZ 00000001800078b8 f i CoinDispenser.obj
 0001:000068b8       ?FreeHeap@?$CTempBuffer@_W$0EAA@VCCRTAllocator@ATL@@@ATL@@AEAAXXZ 00000001800078b8 f i CoinDispenser.obj
 0001:000068b8       ?FreeHeap@?$CTempBuffer@_W$0BAA@VCCRTAllocator@ATL@@@ATL@@AEAAXXZ 00000001800078b8 f i CoinDispenser.obj
 0001:000068c0       ?GetAmbientLocaleID@CComControlBase@ATL@@QEAAJAEAK@Z 00000001800078c0 f i CoinDispenser.obj
 0001:00006980       ?GetAmbientUserMode@CComControlBase@ATL@@QEAAJAEAH@Z 0000000180007980 f i CoinDispenser.obj
 0001:00006a54       ?GetClassObject@CComModule@ATL@@QEAAJAEBU_GUID@@0PEAPEAX@Z 0000000180007a54 f i CoinDispenser.obj
 0001:00006b48       ?GetConnMap@COPOSCoinDispenser@@SAPEBU_ATL_CONNMAP_ENTRY@ATL@@PEAH@Z 0000000180007b48 f i CoinDispenser.obj
 0001:00006bd0       ?GetIDsOfNames@CComTypeInfoHolder@ATL@@QEAAJAEBU_GUID@@PEAPEA_WIKPEAJ@Z 0000000180007bd0 f i CoinDispenser.obj
 0001:00006d48       ?GetPagesHelper@?$ISpecifyPropertyPagesImpl@VCOPOSCoinDispenser@@@ATL@@IEAAJPEAUtagCAUUID@@PEBUATL_PROPMAP_ENTRY@2@@Z 0000000180007d48 f i CoinDispenser.obj
 0001:00006ee8       ?GetSizeMax@CComVariant@ATL@@QEBAJPEAT_ULARGE_INTEGER@@@Z 0000000180007ee8 f i CoinDispenser.obj
 0001:0000711c       ?GetTI@CComTypeInfoHolder@ATL@@QEAAJK@Z 000000018000811c f i CoinDispenser.obj
 0001:00007394       ?GetZoomInfo@CComControlBase@ATL@@QEAAXAEAUATL_DRAWINFO@@@Z 0000000180008394 f i CoinDispenser.obj
 0001:00007438       ?HKeyFromString@CRegParser@ATL@@KAPEAUHKEY__@@PEA_W@Z 0000000180008438 f i CoinDispenser.obj
 0001:0000749c       ?IDataObject_GetData@CComControlBase@ATL@@QEAAJPEAUtagFORMATETC@@PEAUtagSTGMEDIUM@@@Z 000000018000849c f i CoinDispenser.obj
 0001:00007690       ?IOleInPlaceObject_InPlaceDeactivate@CComControlBase@ATL@@QEAAJXZ 0000000180008690 f i CoinDispenser.obj
 0001:00007730       ?IOleInPlaceObject_SetObjectRects@CComControlBase@ATL@@QEAAJPEBUtagRECT@@0@Z 0000000180008730 f i CoinDispenser.obj
 0001:00007820       ?IOleInPlaceObject_UIDeactivate@CComControlBase@ATL@@QEAAJXZ 0000000180008820 f i CoinDispenser.obj
 0001:0000792c       ?IOleObject_Close@CComControlBase@ATL@@QEAAJK@Z 000000018000892c f i CoinDispenser.obj
 0001:00007a44       ?IOleObject_SetClientSite@CComControlBase@ATL@@QEAAJPEAUIOleClientSite@@@Z 0000000180008a44 f i CoinDispenser.obj
 0001:00007abc       ?IOleObject_SetExtent@CComControlBase@ATL@@QEAAJKPEAUtagSIZE@@@Z 0000000180008abc f i CoinDispenser.obj
 0001:00007b54       ?IPSI_GetIPersistStreamInit@?$IPersistStorageImpl@VCOPOSCoinDispenser@@@ATL@@AEAAPEAUIPersistStreamInit@@XZ 0000000180008b54 f i CoinDispenser.obj
 0001:00007bb0       ?IQuickActivate_QuickActivate@CComControlBase@ATL@@QEAAJPEAUtagQACONTAINER@@PEAUtagQACONTROL@@@Z 0000000180008bb0 f i CoinDispenser.obj
 0001:00007e74       ?IViewObject_Draw@CComControlBase@ATL@@QEAAJKJPEAXPEAUtagDVTARGETDEVICE@@PEAUHDC__@@2PEBU_RECTL@@3@Z 0000000180008e74 f i CoinDispenser.obj
 0001:00007f88       ?InPlaceActivate@CComControlBase@ATL@@QEAAJJPEBUtagRECT@@@Z 0000000180008f88 f i CoinDispenser.obj
 0001:000082c0       ?Init@?$CComEnumImpl@UIEnumConnectionPoints@@$1?_GUID_b196b285_bab4_101a_b69c_00aa00341d07@@3U__s_GUID@@BPEAUIConnectionPoint@@V?$_CopyInterface@UIConnectionPoint@@@ATL@@@ATL@@QEAAJPEAPEAUIConnectionPoint@@0PEAUIUnknown@@W4CComEnumFlags@2@@Z 00000001800092c0 f i CoinDispenser.obj
 0001:000083e0       ?Init@?$CComEnumImpl@UIEnumConnections@@$1?_GUID_b196b287_bab4_101a_b69c_00aa00341d07@@3U__s_GUID@@BUtagCONNECTDATA@@V?$_Copy@UtagCONNECTDATA@@@ATL@@@ATL@@QEAAJPEAUtagCONNECTDATA@@0PEAUIUnknown@@W4CComEnumFlags@2@@Z 00000001800093e0 f i CoinDispenser.obj
 0001:00008504       ?IsEqualObject@?$CComPtrBase@UIOleClientSite@@@ATL@@QEAA_NPEAUIUnknown@@@Z 0000000180009504 f i CoinDispenser.obj
 0001:00008504       ?IsEqualObject@?$CComPtrBase@UITypeInfo@@@ATL@@QEAA_NPEAUIUnknown@@@Z 0000000180009504 f i CoinDispenser.obj
 0001:00008590       ?LoadNameCache@CComTypeInfoHolder@ATL@@QEAAJPEAUITypeInfo@@@Z 0000000180009590 f i CoinDispenser.obj
 0001:00008714       ?Lookup@?$CSimpleMap@PEA_WPEA_WVCExpansionVectorEqualHelper@ATL@@@ATL@@QEBAPEA_WAEBQEA_W@Z 0000000180009714 f i CoinDispenser.obj
 0001:000087a0       ?NextToken@CRegParser@ATL@@IEAAJPEA_W@Z 00000001800097a0 f i CoinDispenser.obj
 0001:00008958       ?OnKillFocus@CComControlBase@ATL@@QEAA_JI_K_JAEAH@Z 0000000180009958 f i CoinDispenser.obj
 0001:000089f4       ?OnMouseActivate@CComControlBase@ATL@@QEAA_JI_K_JAEAH@Z 00000001800099f4 f i CoinDispenser.obj
 0001:00008a94       ?OnPaint@CComControlBase@ATL@@QEAA_JI_K_JAEAH@Z 0000000180009a94 f i CoinDispenser.obj
 0001:00008b80       ?OnSetFocus@CComControlBase@ATL@@QEAA_JI_K_JAEAH@Z 0000000180009b80 f i CoinDispenser.obj
 0001:00008c7c       ?Open@CRegKey@ATL@@QEAAJPEAUHKEY__@@PEB_WK@Z 0000000180009c7c f i CoinDispenser.obj
 0001:00008d08       ?PreProcessBuffer@CRegParser@ATL@@QEAAJPEA_WPEAPEA_W@Z 0000000180009d08 f i CoinDispenser.obj
 0001:0000908c       ?ProcessWindowMessage@?$CComControl@VCOPOSCoinDispenser@@V?$CWindowImpl@VCOPOSCoinDispenser@@VCWindow@ATL@@V?$CWinTraits@$0FGAAAAAA@$0A@@3@@ATL@@@ATL@@UEAAHPEAUHWND__@@I_K_JAEA_JK@Z 000000018000a08c f i CoinDispenser.obj
 0001:00009170       ?PutProperty@?$CComPtr@UIDispatch@@@ATL@@SAJPEAUIDispatch@@JPEAUtagVARIANT@@@Z 000000018000a170 f i CoinDispenser.obj
 0001:00009274       ?ReadFromStream@CComBSTR@ATL@@QEAAJPEAUIStream@@@Z 000000018000a274 f i CoinDispenser.obj
 0001:000093d0       ?ReadFromStream@CComVariant@ATL@@QEAAJPEAUIStream@@GTClassesAllowedInStream@2@K@Z 000000018000a3d0 f i CoinDispenser.obj
 0001:000095e0       ?RecurseDeleteKey@CRegKey@ATL@@QEAAJPEB_W@Z 000000018000a5e0 f i CoinDispenser.obj
 0001:000096ec       ?RegCreateKeyExW@CAtlTransactionManager@ATL@@QEAAJPEAUHKEY__@@PEB_WKPEA_WKKQEAU_SECURITY_ATTRIBUTES@@PEAPEAU3@PEAK@Z 000000018000a6ec f i CoinDispenser.obj
 0001:00009820       ?RegDeleteKeyW@CAtlTransactionManager@ATL@@QEAAJPEAUHKEY__@@PEB_W@Z 000000018000a820 f i CoinDispenser.obj
 0001:000098ac       ?RegOpenKeyExW@CAtlTransactionManager@ATL@@QEAAJPEAUHKEY__@@PEB_WKKPEAPEAU3@@Z 000000018000a8ac f i CoinDispenser.obj
 0001:00009964       ?RegisterBuffer@CRegParser@ATL@@QEAAJPEA_WH@Z 000000018000a964 f i CoinDispenser.obj
 0001:00009acc       ?RegisterFromResource@CRegObject@ATL@@IEAAJPEB_W00H@Z 000000018000aacc f i CoinDispenser.obj
 0001:00009c88       ?RegisterServer@CComModule@ATL@@QEAAJHPEBU_GUID@@@Z 000000018000ac88 f i CoinDispenser.obj
 0001:00009d48       ?RegisterSubkeys@CRegParser@ATL@@IEAAJPEA_WPEAUHKEY__@@HH@Z 000000018000ad48 f i CoinDispenser.obj
 0001:0000a444       ?SendOnDataChange@CComControlBase@ATL@@QEAAJK@Z 000000018000b444 f i CoinDispenser.obj
 0001:0000a4b4       ?SetControlFocus@CComControlBase@ATL@@QEAAHH@Z 000000018000b4b4 f i CoinDispenser.obj
 0001:0000a590       ?SkipAssignment@CRegParser@ATL@@IEAAJPEA_W@Z 000000018000b590 f i CoinDispenser.obj
 0001:0000a634       ?Term@CComModule@ATL@@QEAAXXZ 000000018000b634 f i CoinDispenser.obj
 0001:0000a6e0       ?UnregisterServer@CComModule@ATL@@QEAAJHPEBU_GUID@@@Z 000000018000b6e0 f i CoinDispenser.obj
 0001:0000a790       ?UpdateRegistryFromResource@CAtlModule@ATL@@QEAAJIHPEAU_ATL_REGMAP_ENTRY@2@@Z 000000018000b790 f i CoinDispenser.obj
 0001:0000aac8       ?UpdateRegistryFromResource@CAtlModule@ATL@@QEAAJPEB_WHPEAU_ATL_REGMAP_ENTRY@2@@Z 000000018000bac8 f i CoinDispenser.obj
 0001:0000ae20       ?VTFromRegType@CRegParser@ATL@@KAHPEB_WAEAG@Z 000000018000be20 f i CoinDispenser.obj
 0001:0000aebc       ?WindowProc@?$CWindowImplBaseT@VCWindow@ATL@@V?$CWinTraits@$0FGAAAAAA@$0A@@2@@ATL@@SA_JPEAUHWND__@@I_K_J@Z 000000018000bebc f i CoinDispenser.obj
 0001:0000b028       ?WriteToStream@CComBSTR@ATL@@QEAAJPEAUIStream@@@Z 000000018000c028 f i CoinDispenser.obj
 0001:0000b0a8       ?WriteToStream@CComVariant@ATL@@QEAAJPEAUIStream@@@Z 000000018000c0a8 f i CoinDispenser.obj
 0001:0000b2bc       ?WriteToStream@CComVariant@ATL@@QEAAJPEAUIStream@@G@Z 000000018000c2bc f i CoinDispenser.obj
 0001:0000b354       ?_AtlVerifyStackAvailable@_ATL_SAFE_ALLOCA_IMPL@ATL@@YA_N_K@Z 000000018000c354 f i CoinDispenser.obj
 0001:0000b3d8       ?atlCreate@?$CWindowImpl@VCOPOSCoinDispenser@@VCWindow@ATL@@V?$CWinTraits@$0FGAAAAAA@$0A@@3@@ATL@@QEAAPEAUHWND__@@PEAU3@V_U_RECT@2@PEB_WKKV_U_MENUorID@2@PEAX@Z 000000018000c3d8 f i CoinDispenser.obj
 0001:0000b488       ?atlCreate@?$CWindowImplBaseT@VCWindow@ATL@@V?$CWinTraits@$0FGAAAAAA@$0A@@2@@ATL@@QEAAPEAUHWND__@@PEAU3@V_U_RECT@2@PEB_WKKV_U_MENUorID@2@GPEAX@Z 000000018000c488 f i CoinDispenser.obj
 0001:0000b5f8       ?atlCreate@CRegKey@ATL@@QEAAJPEAUHKEY__@@PEB_WPEA_WKKPEAU_SECURITY_ATTRIBUTES@@PEAK@Z 000000018000c5f8 f i CoinDispenser.obj
 0001:0000b6e4       DllCanUnloadNow            000000018000c6e4 f   CoinDispenser.obj
 0001:0000b6f0       DllGetClassObject          000000018000c6f0 f   CoinDispenser.obj
 0001:0000b708       DllMain                    000000018000c708 f   CoinDispenser.obj
 0001:0000b7b0       DllRegisterServer          000000018000c7b0 f   CoinDispenser.obj
 0001:0000b7c4       DllUnregisterServer        000000018000c7c4 f   CoinDispenser.obj
 0001:0000b7d8       __local_stdio_printf_options 000000018000c7d8 f i CoinDispenser.obj
 0001:0000b868       swprintf_s                 000000018000c868 f i CoinDispenser.obj
 0001:0000b8bc       ??0COPOSCoinDispenser@@QEAA@XZ 000000018000c8bc f   CoinDispenserImpl.obj
 0001:0000b978       ??1?$IConnectionPointImpl@VCOPOSCoinDispenser@@$1?DIID__IOPOSCoinDispenserEvents@@3U_GUID@@BVCComDynamicUnkArray@ATL@@@ATL@@QEAA@XZ 000000018000c978 f i CoinDispenserImpl.obj
 0001:0000b978       ??1?$IConnectionPointImpl@VCOPOSCoinDispenser@@$1?IID_IPropertyNotifySink@@3U_GUID@@BVCComDynamicUnkArray@ATL@@@ATL@@QEAA@XZ 000000018000c978 f i CoinDispenserImpl.obj
 0001:0000b9d4       ??1CComControlBase@ATL@@UEAA@XZ 000000018000c9d4 f i CoinDispenserImpl.obj
 0001:0000ba50       ??1COPOSCoinDispenser@@UEAA@XZ 000000018000ca50 f   CoinDispenserImpl.obj
 0001:0000bab4       ?AdjustCashCounts@COPOSCoinDispenser@@UEAAJPEA_WPEAJ@Z 000000018000cab4 f   CoinDispenserImpl.obj
 0001:0000bb3c       ?CheckHealth@COPOSCoinDispenser@@UEAAJJPEAJ@Z 000000018000cb3c f   CoinDispenserImpl.obj
 0001:0000bbb8       ?ClaimDevice@COPOSCoinDispenser@@UEAAJJPEAJ@Z 000000018000cbb8 f   CoinDispenserImpl.obj
 0001:0000bc58       ?Close@COPOSCoinDispenser@@UEAAJPEAJ@Z 000000018000cc58 f   CoinDispenserImpl.obj
 0001:0000bd10       ?CompareFirmwareVersion@COPOSCoinDispenser@@UEAAJPEA_WPEAJ1@Z 000000018000cd10 f   CoinDispenserImpl.obj
 0001:0000bdec       ?DirectIO@COPOSCoinDispenser@@UEAAJJPEAJPEAPEA_W0@Z 000000018000cdec f   CoinDispenserImpl.obj
 0001:0000bee8       ?DispenseChange@COPOSCoinDispenser@@UEAAJJPEAJ@Z 000000018000cee8 f   CoinDispenserImpl.obj
 0001:0000bf64       ?DoInvoke@COPOSCoinDispenser@@IEAAJJPEAVOposVariant@@IHPEAJ_N@Z 000000018000cf64 f   CoinDispenserImpl.obj
 0001:0000c098       ?EventInit@COPOSCoinDispenser@@IEAAJXZ 000000018000d098 f i CoinDispenserImpl.obj
 0001:0000c1e0       ?EventUninit@COPOSCoinDispenser@@IEAAXXZ 000000018000d1e0 f i CoinDispenserImpl.obj
 0001:0000c244       ?EventWindowProc@COPOSCoinDispenser@@IEAA_JI_K_J@Z 000000018000d244 f i CoinDispenserImpl.obj
 0001:0000c33c       ?FinalConstruct@COPOSCoinDispenser@@QEAAJXZ 000000018000d33c f   CoinDispenserImpl.obj
 0001:0000c378       ?FreezeEvents@COPOSCoinDispenser@@MEAAJH@Z 000000018000d378 f   CoinDispenserImpl.obj
 0001:0000c3ec       ?GetOposProp@COPOSCoinDispenser@@IEAAJJPEAJJ@Z 000000018000d3ec f   CoinDispenserImpl.obj
 0001:0000c508       ?GetOposProp@COPOSCoinDispenser@@IEAAJJPEAPEA_WJ@Z 000000018000d508 f   CoinDispenserImpl.obj
 0001:0000c634       ?OnDraw@COPOSCoinDispenser@@MEAAJAEAUATL_DRAWINFO@@@Z 000000018000d634 f   CoinDispenserImpl.obj
 0001:0000c720       ?Open@COPOSCoinDispenser@@UEAAJPEA_WPEAJ@Z 000000018000d720 f   CoinDispenserImpl.obj
 0001:0000cfa8       ?ReadCashCounts@COPOSCoinDispenser@@UEAAJPEAPEA_WPEAFPEAJ@Z 000000018000dfa8 f   CoinDispenserImpl.obj
 0001:0000d084       ?ReleaseDevice@COPOSCoinDispenser@@UEAAJPEAJ@Z 000000018000e084 f   CoinDispenserImpl.obj
 0001:0000d0f0       ?ResetStatistics@COPOSCoinDispenser@@UEAAJPEA_WPEAJ@Z 000000018000e0f0 f   CoinDispenserImpl.obj
 0001:0000d178       ?RetrieveStatistics@COPOSCoinDispenser@@UEAAJPEAPEA_WPEAJ@Z 000000018000e178 f   CoinDispenserImpl.obj
 0001:0000d200       ?SOProcessID@COPOSCoinDispenser@@UEAAJPEAJ@Z 000000018000e200 f   CoinDispenserImpl.obj
 0001:0000d21c       ?SetCOFreezeEvents@COPOSCoinDispenser@@IEAAXF@Z 000000018000e21c f   CoinDispenserImpl.obj
 0001:0000d300       ?SetOposProp@COPOSCoinDispenser@@IEAAJJJJ@Z 000000018000e300 f   CoinDispenserImpl.obj
 0001:0000d460       ?UpdateFirmware@COPOSCoinDispenser@@UEAAJPEA_WPEAJ@Z 000000018000e460 f   CoinDispenserImpl.obj
 0001:0000d4e8       ?UpdateStatistics@COPOSCoinDispenser@@UEAAJPEA_WPEAJ@Z 000000018000e4e8 f   CoinDispenserImpl.obj
 0001:0000d570       ?get_BinaryConversion@COPOSCoinDispenser@@UEAAJPEAJ@Z 000000018000e570 f   CoinDispenserImpl.obj
 0001:0000d584       ?get_CapCompareFirmwareVersion@COPOSCoinDispenser@@UEAAJPEAF@Z 000000018000e584 f   CoinDispenserImpl.obj
 0001:0000d5b8       ?get_CapEmptySensor@COPOSCoinDispenser@@UEAAJPEAF@Z 000000018000e5b8 f   CoinDispenserImpl.obj
 0001:0000d5e8       ?get_CapJamSensor@COPOSCoinDispenser@@UEAAJPEAF@Z 000000018000e5e8 f   CoinDispenserImpl.obj
 0001:0000d618       ?get_CapNearEmptySensor@COPOSCoinDispenser@@UEAAJPEAF@Z 000000018000e618 f   CoinDispenserImpl.obj
 0001:0000d648       ?get_CapPowerReporting@COPOSCoinDispenser@@UEAAJPEAJ@Z 000000018000e648 f   CoinDispenserImpl.obj
 0001:0000d65c       ?get_CapStatisticsReporting@COPOSCoinDispenser@@UEAAJPEAF@Z 000000018000e65c f   CoinDispenserImpl.obj
 0001:0000d690       ?get_CapUpdateFirmware@COPOSCoinDispenser@@UEAAJPEAF@Z 000000018000e690 f   CoinDispenserImpl.obj
 0001:0000d6c4       ?get_CapUpdateStatistics@COPOSCoinDispenser@@UEAAJPEAF@Z 000000018000e6c4 f   CoinDispenserImpl.obj
 0001:0000d6f8       ?get_CheckHealthText@COPOSCoinDispenser@@UEAAJPEAPEA_W@Z 000000018000e6f8 f   CoinDispenserImpl.obj
 0001:0000d708       ?get_Claimed@COPOSCoinDispenser@@UEAAJPEAF@Z 000000018000e708 f   CoinDispenserImpl.obj
 0001:0000d738       ?get_ControlObjectDescription@COPOSCoinDispenser@@UEAAJPEAPEA_W@Z 000000018000e738 f   CoinDispenserImpl.obj
 0001:0000d79c       ?get_ControlObjectVersion@COPOSCoinDispenser@@UEAAJPEAJ@Z 000000018000e79c f   CoinDispenserImpl.obj
 0001:0000d7a8       ?get_DeviceDescription@COPOSCoinDispenser@@UEAAJPEAPEA_W@Z 000000018000e7a8 f   CoinDispenserImpl.obj
 0001:0000d7b8       ?get_DeviceEnabled@COPOSCoinDispenser@@UEAAJPEAF@Z 000000018000e7b8 f   CoinDispenserImpl.obj
 0001:0000d7e8       ?get_DeviceName@COPOSCoinDispenser@@UEAAJPEAPEA_W@Z 000000018000e7e8 f   CoinDispenserImpl.obj
 0001:0000d7f8       ?get_DispenserStatus@COPOSCoinDispenser@@UEAAJPEAJ@Z 000000018000e7f8 f   CoinDispenserImpl.obj
 0001:0000d808       ?get_FreezeEvents@COPOSCoinDispenser@@UEAAJPEAF@Z 000000018000e808 f   CoinDispenserImpl.obj
 0001:0000d838       ?get_OpenResult@COPOSCoinDispenser@@UEAAJPEAJ@Z 000000018000e838 f   CoinDispenserImpl.obj
 0001:0000d844       ?get_PowerNotify@COPOSCoinDispenser@@UEAAJPEAJ@Z 000000018000e844 f   CoinDispenserImpl.obj
 0001:0000d858       ?get_PowerState@COPOSCoinDispenser@@UEAAJPEAJ@Z 000000018000e858 f   CoinDispenserImpl.obj
 0001:0000d86c       ?get_ResultCode@COPOSCoinDispenser@@UEAAJPEAJ@Z 000000018000e86c f   CoinDispenserImpl.obj
 0001:0000d8a8       ?get_ResultCodeExtended@COPOSCoinDispenser@@UEAAJPEAJ@Z 000000018000e8a8 f   CoinDispenserImpl.obj
 0001:0000d8b8       ?get_ServiceObjectDescription@COPOSCoinDispenser@@UEAAJPEAPEA_W@Z 000000018000e8b8 f   CoinDispenserImpl.obj
 0001:0000d8c8       ?get_ServiceObjectVersion@COPOSCoinDispenser@@UEAAJPEAJ@Z 000000018000e8c8 f   CoinDispenserImpl.obj
 0001:0000d8d8       ?get_State@COPOSCoinDispenser@@UEAAJPEAJ@Z 000000018000e8d8 f   CoinDispenserImpl.obj
 0001:0000d904       ?put_BinaryConversion@COPOSCoinDispenser@@UEAAJJ@Z 000000018000e904 f   CoinDispenserImpl.obj
 0001:0000d918       ?put_DeviceEnabled@COPOSCoinDispenser@@UEAAJF@Z 000000018000e918 f   CoinDispenserImpl.obj
 0001:0000d930       ?put_FreezeEvents@COPOSCoinDispenser@@UEAAJF@Z 000000018000e930 f   CoinDispenserImpl.obj
 0001:0000d980       ?put_PowerNotify@COPOSCoinDispenser@@UEAAJJ@Z 000000018000e980 f   CoinDispenserImpl.obj
 0001:0000d994       ?s_EventWindowProc@COPOSCoinDispenser@@KA_JPEAUHWND__@@I_K_J@Z 000000018000e994 f i CoinDispenserImpl.obj
 0001:0000da10       ??_U@YAPEAX_K@Z            000000018000ea10 f   LIBCMT:new_array.obj
 0001:0000da18       ??_V@YAXPEAX@Z             000000018000ea18 f   LIBCMT:delete_array.obj
 0001:0000da18       ??3@YAXPEAX_K@Z            000000018000ea18 f   LIBCMT:delete_scalar_size.obj
 0001:0000da20       ??_V@YAXPEAX_K@Z           000000018000ea20 f   LIBCMT:delete_array_size.obj
 0001:0000da28       __scrt_acquire_startup_lock 000000018000ea28 f   LIBCMT:utility.obj
 0001:0000da64       __scrt_dllmain_after_initialize_c 000000018000ea64 f   LIBCMT:utility.obj
 0001:0000da98       __scrt_dllmain_before_initialize_c 000000018000ea98 f   LIBCMT:utility.obj
 0001:0000dab0       __scrt_dllmain_crt_thread_attach 000000018000eab0 f   LIBCMT:utility.obj
 0001:0000dad8       __scrt_dllmain_crt_thread_detach 000000018000ead8 f   LIBCMT:utility.obj
 0001:0000daf0       __scrt_dllmain_exception_filter 000000018000eaf0 f   LIBCMT:utility.obj
 0001:0000db50       __scrt_dllmain_uninitialize_c 000000018000eb50 f   LIBCMT:utility.obj
 0001:0000db80       __scrt_dllmain_uninitialize_critical 000000018000eb80 f   LIBCMT:utility.obj
 0001:0000db94       __scrt_initialize_crt      000000018000eb94 f   LIBCMT:utility.obj
 0001:0000dbe0       __scrt_initialize_onexit_tables 000000018000ebe0 f   LIBCMT:utility.obj
 0001:0000dcb8       __scrt_is_nonwritable_in_current_image 000000018000ecb8 f   LIBCMT:utility.obj
 0001:0000dd54       __scrt_release_startup_lock 000000018000ed54 f   LIBCMT:utility.obj
 0001:0000dd78       __scrt_uninitialize_crt    000000018000ed78 f   LIBCMT:utility.obj
 0001:0000dda4       _onexit                    000000018000eda4 f   LIBCMT:utility.obj
 0001:0000ddf4       atexit                     000000018000edf4 f   LIBCMT:utility.obj
 0001:0000de0c       ??3@YAXPEAX@Z              000000018000ee0c f   LIBCMT:delete_scalar.obj
 0001:0000df9c       _Init_thread_footer        000000018000ef9c f   LIBCMT:thread_safe_statics.obj
 0001:0000dffc       _Init_thread_header        000000018000effc f   LIBCMT:thread_safe_statics.obj
 0001:0000e064       _Init_thread_notify        000000018000f064 f   LIBCMT:thread_safe_statics.obj
 0001:0000e0b4       _Init_thread_wait          000000018000f0b4 f   LIBCMT:thread_safe_statics.obj
 0001:0000e12c       __raise_securityfailure    000000018000f12c f   LIBCMT:gs_report.obj
 0001:0000e160       __report_gsfailure         000000018000f160 f   LIBCMT:gs_report.obj
 0001:0000e234       __report_rangecheckfailure 000000018000f234 f   LIBCMT:gs_report.obj
 0001:0000e248       __report_securityfailure   000000018000f248 f   LIBCMT:gs_report.obj
 0001:0000e3c8       ??2@YAPEAX_KAEBUnothrow_t@std@@@Z 000000018000f3c8 f   LIBCMT:new_scalar_nothrow.obj
 0001:0000e3e8       ??_U@YAPEAX_KAEBUnothrow_t@std@@@Z 000000018000f3e8 f   LIBCMT:new_array_nothrow.obj
 0001:0000e3f0       __GSHandlerCheck           000000018000f3f0 f   LIBCMT:gshandler.obj
 0001:0000e410       __GSHandlerCheckCommon     000000018000f410 f   LIBCMT:gshandler.obj
 0001:0000e46c       __GSHandlerCheck_SEH       000000018000f46c f   LIBCMT:gshandlerseh.obj
 0001:0000e510       __chkstk                   000000018000f510 f   LIBCMT:chkstk.obj
 0001:0000e510       _alloca_probe              000000018000f510 f   LIBCMT:chkstk.obj
 0001:0000e580       __security_check_cookie    000000018000f580 f   LIBCMT:amdsecgs.obj
 0001:0000e8d4       _DllMainCRTStartup         000000018000f8d4 f   LIBCMT:dll_dllmain.obj
 0001:0000e914       ??2@YAPEAX_K@Z             000000018000f914 f   LIBCMT:new_scalar.obj
 0001:0000e950       __isa_available_init       000000018000f950 f   LIBCMT:cpu_disp.obj
 0001:0000eb0c       __scrt_is_ucrt_dll_in_use  000000018000fb0c f   LIBCMT:ucrt_detection.obj
 0001:0000eb18       __crt_debugger_hook        000000018000fb18 f   LIBCMT:utility_desktop.obj
 0001:0000eb20       __scrt_fastfail            000000018000fb20 f   LIBCMT:utility_desktop.obj
 0001:0000ec6c       __security_init_cookie     000000018000fc6c f   LIBCMT:gs_support.obj
 0001:0000ed18       ?__scrt_initialize_type_info@@YAXXZ 000000018000fd18 f   LIBCMT:tncleanup.obj
 0001:0000ed28       ?__scrt_uninitialize_type_info@@YAXXZ 000000018000fd28 f   LIBCMT:tncleanup.obj
 0001:0000ed34       __local_stdio_scanf_options 000000018000fd34 f i LIBCMT:default_local_stdio_options.obj
 0001:0000ed3c       __scrt_initialize_default_local_stdio_options 000000018000fd3c f   LIBCMT:default_local_stdio_options.obj
 0001:0000ed58       __scrt_get_dyn_tls_init_callback 000000018000fd58 f   LIBCMT:dyn_tls_init.obj
 0001:0000ed60       _RTC_Initialize            000000018000fd60 f   LIBCMT:initsect.obj
 0001:0000ed9c       _RTC_Terminate             000000018000fd9c f   LIBCMT:initsect.obj
 0001:0000edd8       ??0bad_alloc@std@@QEAA@AEBV01@@Z 000000018000fdd8 f i LIBCMT:throw_bad_alloc.obj
 0001:0000ee18       ??0bad_alloc@std@@QEAA@XZ  000000018000fe18 f i LIBCMT:throw_bad_alloc.obj
 0001:0000ee38       ??0bad_array_new_length@std@@QEAA@AEBV01@@Z 000000018000fe38 f i LIBCMT:throw_bad_alloc.obj
 0001:0000ee78       ??0bad_array_new_length@std@@QEAA@XZ 000000018000fe78 f i LIBCMT:throw_bad_alloc.obj
 0001:0000ee98       ??0exception@std@@QEAA@AEBV01@@Z 000000018000fe98 f i LIBCMT:throw_bad_alloc.obj
 0001:0000eed0       ??1bad_alloc@std@@UEAA@XZ  000000018000fed0 f i LIBCMT:throw_bad_alloc.obj
 0001:0000eed0       ??1bad_exception@std@@UEAA@XZ 000000018000fed0 f i libvcruntime:frame.obj
 0001:0000eed0       ??1bad_array_new_length@std@@UEAA@XZ 000000018000fed0 f i LIBCMT:throw_bad_alloc.obj
 0001:0000eee4       ??_Gbad_exception@std@@UEAAPEAXI@Z 000000018000fee4 f i libvcruntime:frame.obj
 0001:0000eee4       ??_Gexception@std@@UEAAPEAXI@Z 000000018000fee4 f i LIBCMT:throw_bad_alloc.obj
 0001:0000eee4       ??_Eexception@std@@UEAAPEAXI@Z 000000018000fee4 f i LIBCMT:throw_bad_alloc.obj
 0001:0000eee4       ??_Gbad_array_new_length@std@@UEAAPEAXI@Z 000000018000fee4 f i LIBCMT:throw_bad_alloc.obj
 0001:0000eee4       ??_Ebad_alloc@std@@UEAAPEAXI@Z 000000018000fee4 f i LIBCMT:throw_bad_alloc.obj
 0001:0000eee4       ??_Ebad_exception@std@@UEAAPEAXI@Z 000000018000fee4 f i libvcruntime:frame.obj
 0001:0000eee4       ??_Gbad_alloc@std@@UEAAPEAXI@Z 000000018000fee4 f i LIBCMT:throw_bad_alloc.obj
 0001:0000eee4       ??_Ebad_array_new_length@std@@UEAAPEAXI@Z 000000018000fee4 f i LIBCMT:throw_bad_alloc.obj
 0001:0000ef28       ?__scrt_throw_std_bad_alloc@@YAXXZ 000000018000ff28 f   LIBCMT:throw_bad_alloc.obj
 0001:0000ef48       ?__scrt_throw_std_bad_array_new_length@@YAXXZ 000000018000ff48 f   LIBCMT:throw_bad_alloc.obj
 0001:0000ef68       ?what@exception@std@@UEBAPEBDXZ 000000018000ff68 f i LIBCMT:throw_bad_alloc.obj
 0001:0000ef80       ??_Etype_info@@UEAAPEAXI@Z 000000018000ff80 f i LIBCMT:std_type_info_static.obj
 0001:0000ef80       ??_Gtype_info@@UEAAPEAXI@Z 000000018000ff80 f i LIBCMT:std_type_info_static.obj
 0001:0000efac       ??0CAtlBaseModule@ATL@@QEAA@XZ 000000018000ffac f   atls:atlbase.obj
 0001:0000f054       ??1CAtlBaseModule@ATL@@QEAA@XZ 0000000180010054 f   atls:atlbase.obj
 0001:0000f188       ?__AllocStdCallThunk_cmn@@YAPEAXXZ 0000000180010188 f   atls:atlthunk.obj
 0001:0000f2e0       AtlThunk_AllocateData      00000001800102e0 f   atls:atlthunk.obj
 0001:0000f35c       AtlThunk_DataToCode        000000018001035c f   atls:atlthunk.obj
 0001:0000f3b0       AtlThunk_FreeData          00000001800103b0 f   atls:atlthunk.obj
 0001:0000f410       AtlThunk_InitData          0000000180010410 f   atls:atlthunk.obj
 0001:0000f4d0       memset_repmovs             00000001800104d0 f   libvcruntime:memset.obj
 0001:0000f4f0       memset                     00000001800104f0 f   libvcruntime:memset.obj
 0001:0000f680       _purecall                  0000000180010680 f   libvcruntime:purevirt.obj
 0001:0000f6b0       wcsstr                     00000001800106b0 f   libvcruntime:wcsstr.obj
 0001:0000f8e0       memcmp                     00000001800108e0 f   libvcruntime:memcmp.obj
 0001:0000f9c0       memcpy_repmovs             00000001800109c0 f   libvcruntime:memcpy.obj
 0001:0000f9e0       memcpy                     00000001800109e0 f   libvcruntime:memcpy.obj
 0001:0000f9e0       memmove                    00000001800109e0 f   libvcruntime:memcpy.obj
 0001:0000fe18       __vcrt_initialize          0000000180010e18 f   libvcruntime:initialization.obj
 0001:0000fe4c       __vcrt_thread_attach       0000000180010e4c f   libvcruntime:initialization.obj
 0001:0000fe60       __vcrt_thread_detach       0000000180010e60 f   libvcruntime:initialization.obj
 0001:0000fe74       __vcrt_uninitialize        0000000180010e74 f   libvcruntime:initialization.obj
[...]
 0004:0000168c       $pdata$??$?RV<lambda_fb3a7dec4e47f37f22dae91bb15c9095>@@AEAV<lambda_698284760c8add0bfb0756c19673e34b>@@V<lambda_dfb8eca1e75fef3034a8fb18dd509707>@@@?$__crt_seh_guarded_call@X@@QEAAX$$QEAV<lambda_fb3a7dec4e47f37f22dae91bb15c9095>@@AEAV<lambda_698284760c8add0bfb0756c19673e34b>@@$$QEAV<lambda_dfb8eca1e75fef3034a8fb18dd509707>@@@Z 000000018003368c     libucrt:per_thread_data.obj
 0004:00001698       $pdata$_calloc_base        0000000180033698     libucrt:calloc_base.obj
 0004:000016a4       $pdata$_malloc_base        00000001800336a4     libucrt:malloc_base.obj
 0004:000016b0       $pdata$_msize              00000001800336b0     libucrt:msize.obj
 0004:000016bc       $pdata$_realloc_base       00000001800336bc     libucrt:realloc_base.obj
 0004:000016c8       $pdata$__acrt_FlsAlloc     00000001800336c8     libucrt:winapi_thunks.obj
 0004:000016d4       $pdata$__acrt_FlsFree      00000001800336d4     libucrt:winapi_thunks.obj
 0004:000016e0       $pdata$__acrt_FlsGetValue  00000001800336e0     libucrt:winapi_thunks.obj
 0004:000016ec       $pdata$__acrt_FlsSetValue  00000001800336ec     libucrt:winapi_thunks.obj
 0004:000016f8       $pdata$__acrt_initialize_winapi_thunks 00000001800336f8     libucrt:winapi_thunks.obj
 0004:00001704       $pdata$__acrt_uninitialize_winapi_thunks 0000000180033704     libucrt:winapi_thunks.obj
 0004:00001710       $pdata$__acrt_InitializeCriticalSectionEx 0000000180033710     libucrt:winapi_thunks.obj
 0004:0000171c       $pdata$__acrt_LCMapStringEx 000000018003371c     libucrt:winapi_thunks.obj
 0004:00001728       $pdata$__acrt_LocaleNameToLCID 0000000180033728     libucrt:winapi_thunks.obj
 0004:00001734       $pdata$__acrt_SetThreadStackGuarantee 0000000180033734     libucrt:winapi_thunks.obj
 0004:00001740       $pdata$__acrt_is_packaged_app 0000000180033740     libucrt:winapi_thunks.obj
 0004:0000174c       $pdata$?try_get_function@@YAPEAXW4function_id@?A0x63058377@@QEBDQEBW4module_id@2@2@Z 000000018003374c     libucrt:winapi_thunks.obj
 0004:00001758       $pdata$isdigit             0000000180033758     libucrt:_ctype.obj
 0004:00001764       $pdata$tolower             0000000180033764     libucrt:tolower_toupper.obj
 0004:00001770       $pdata$_tolower_l          0000000180033770     libucrt:tolower_toupper.obj
 0004:0000177c       $pdata$?internal_isupper_l@@YA_NHQEAU__crt_locale_pointers@@@Z 000000018003377c     libucrt:tolower_toupper.obj
 0004:00001788       $pdata$wcstol              0000000180033788     libucrt:strtox.obj
 0004:00001794       $pdata$_mbtowc_l           0000000180033794     libucrt:mbtowc.obj
 0004:000017a0       $pdata$wcsnlen             00000001800337a0     libucrt:strnlen.obj
 0004:000017ac       $pdata$__acrt_update_locale_info 00000001800337ac     libucrt:locale_update.obj
 0004:000017b8       $pdata$__acrt_update_multibyte_info 00000001800337b8     libucrt:locale_update.obj
 0004:000017c4       $pdata$__acrt_fp_format    00000001800337c4     libucrt:cvt.obj
 0004:000017d0       $pdata$?fp_format_nan_or_infinity@@YAHW4__acrt_fp_class@@_NPEAD_K1@Z 00000001800337d0     libucrt:cvt.obj
 0004:000017dc       $pdata$?fp_format_e_internal@@YAHQEAD_KH_NIQEAU_strflt@@2QEAU__crt_locale_pointers@@@Z 00000001800337dc     libucrt:cvt.obj
 0004:000017e8       $pdata$?fp_format_e@@YAHQEBNQEAD_K12H_NIQEAU__crt_locale_pointers@@@Z 00000001800337e8     libucrt:cvt.obj
 0004:000017f4       $pdata$?fp_format_a@@YAHQEBNPEAD_KQEAD2H_NIQEAU__crt_locale_pointers@@@Z 00000001800337f4     libucrt:cvt.obj
 0004:00001800       $pdata$?fp_format_f_internal@@YAHQEAD_KHQEAU_strflt@@_NQEAU__crt_locale_pointers@@@Z 0000000180033800     libucrt:cvt.obj
 0004:0000180c       $pdata$?fp_format_g@@YAHQEBNQEAD_K12H_NIQEAU__crt_locale_pointers@@@Z 000000018003380c     libucrt:cvt.obj
 0004:00001818       $pdata$_fileno             0000000180033818     libucrt:fileno.obj
 0004:00001824       $pdata$__acrt_initialize_stdio 0000000180033824     libucrt:_file.obj
 0004:00001830       $pdata$__acrt_uninitialize_stdio 0000000180033830     libucrt:_file.obj
 0004:0000183c       $pdata$__acrt_uninitialize_locale 000000018003383c     libucrt:wsetlocale.obj
 0004:00001848       $pdata$__acrt_uninitialize_locale$fin$0 0000000180033848     libucrt:wsetlocale.obj
 0004:00001848       $pdata$__acrt_update_thread_locale_data$fin$0 0000000180033848     libucrt:locale_refcounting.obj
 0004:00001854       $pdata$__acrt_initialize_lowio 0000000180033854     libucrt:ioinit.obj
 0004:00001860       $pdata$__acrt_initialize_lowio$fin$0 0000000180033860     libucrt:ioinit.obj
 0004:00001860       $pdata$__acrt_lowio_ensure_fh_exists$fin$0 0000000180033860     libucrt:osfinfo.obj
 0004:0000186c       $pdata$__acrt_uninitialize_lowio 000000018003386c     libucrt:ioinit.obj
 0004:00001878       $pdata$?initialize_inherited_file_handles_nolock@@YAXXZ 0000000180033878     libucrt:ioinit.obj
 0004:00001884       $pdata$?initialize_stdio_handles_nolock@@YAXXZ 0000000180033884     libucrt:ioinit.obj
 0004:00001890       $pdata$__acrt_initialize_locks 0000000180033890     libucrt:locks.obj
 0004:0000189c       $pdata$__acrt_uninitialize_locks 000000018003389c     libucrt:locks.obj
 0004:000018a8       $pdata$??$common_expand_argv_wildcards@D@@YAHQEAPEADQEAPEAPEAD@Z 00000001800338a8     libucrt:argv_wildcards.obj
 0004:000018b4       $pdata$?expand_if_necessary@?$argument_list@D@?A0xca0879c4@@AEAAHXZ 00000001800338b4     libucrt:argv_wildcards.obj
 0004:000018c0       $pdata$??$copy_and_add_argument_to_buffer@D@@YAHQEBD0_KAEAV?$argument_list@D@?A0xca0879c4@@@Z 00000001800338c0     libucrt:argv_wildcards.obj
 0004:000018cc       $pdata$??$expand_argument_wildcards@D@@YAHQEAD0AEAV?$argument_list@D@?A0xca0879c4@@@Z 00000001800338cc     libucrt:argv_wildcards.obj
 0004:000018d8       $pdata$__acrt_update_thread_multibyte_data 00000001800338d8     libucrt:mbctype.obj
 0004:000018e4       $pdata$__acrt_update_thread_multibyte_data$fin$0 00000001800338e4     libucrt:mbctype.obj
 0004:000018f0       $pdata$__acrt_initialize_multibyte 00000001800338f0     libucrt:mbctype.obj
 0004:000018fc       $pdata$_setmbcp_nolock     00000001800338fc     libucrt:mbctype.obj
 0004:00001908       $pdata$?getSystemCP@@YAHH@Z 0000000180033908     libucrt:mbctype.obj
 0004:00001914       $pdata$?setSBCS@@YAXPEAU__crt_multibyte_data@@@Z 0000000180033914     libucrt:mbctype.obj
 0004:00001920       $pdata$?setSBUpLow@@YAXPEAU__crt_multibyte_data@@@Z 0000000180033920     libucrt:mbctype.obj
 0004:0000192c       $pdata$?setmbcp_internal@@YAHH_N@Z 000000018003392c     libucrt:mbctype.obj
 0004:00001938       $pdata$??R<lambda_ad1ced32f4ac17aa236e5ef05d6b3b7c>@@QEBAXXZ 0000000180033938     libucrt:mbctype.obj
 0004:00001944       $pdata$??$?RV<lambda_99476a1ad63dd22509b5d3e65b0ffc95>@@AEAV<lambda_ad1ced32f4ac17aa236e5ef05d6b3b7c>@@V<lambda_f7424dd8d45958661754dc4f2697e9c3>@@@?$__crt_seh_guarded_call@X@@QEAAX$$QEAV<lambda_99476a1ad63dd22509b5d3e65b0ffc95>@@AEAV<lambda_ad1ced32f4ac17aa236e5ef05d6b3b7c>@@$$QEAV<lambda_f7424dd8d45958661754dc4f2697e9c3>@@@Z 0000000180033944     libucrt:mbctype.obj
 0004:00001950       $pdata$?x_ismbbtype_l@@YAHPEAU__crt_locale_pointers@@IHH@Z 0000000180033950     libucrt:ismbbyte.obj
 0004:0000195c       $pdata$__acrt_initialize_command_line 000000018003395c     libucrt:argv_data.obj
 0004:00001968       $pdata$__dcrt_get_narrow_environment_from_os 0000000180033968     libucrt:get_environment_from_os.obj
 0004:00001974       $pdata$__acrt_initialize_heap 0000000180033974     libucrt:heap_handle.obj
 0004:00001980       $pdata$__acrt_execute_initializers 0000000180033980     libucrt:shared_initialization.obj
 0004:0000198c       $pdata$__acrt_execute_uninitializers 000000018003398c     libucrt:shared_initialization.obj
 0004:00001998       $pdata$__acrt_get_sigabrt_handler 0000000180033998     libucrt:signal.obj
 0004:000019a4       $pdata$raise               00000001800339a4     libucrt:signal.obj
 0004:000019b0       $pdata$raise$fin$0         00000001800339b0     libucrt:signal.obj
 0004:000019bc       $pdata$??$?RV<lambda_c36588078e9f5dfd39652860aa6b3aaf>@@AEAV<lambda_ec61778202f4f5fc7e7711acc23c3bca>@@V<lambda_dc9d2797ccde5d239b4a0efae8ebd7db>@@@?$__crt_seh_guarded_call@P6AXH@Z@@QEAAP6AXH@Z$$QEAV<lambda_c36588078e9f5dfd39652860aa6b3aaf>@@AEAV<lambda_ec61778202f4f5fc7e7711acc23c3bca>@@$$QEAV<lambda_dc9d2797ccde5d239b4a0efae8ebd7db>@@@Z 00000001800339bc     libucrt:signal.obj
 0004:000019c8       $pdata$__acrt_invoke_user_matherr 00000001800339c8     libucrt:matherr.obj
 0004:000019d4       $pdata$__pctype_func       00000001800339d4     libucrt:ctype.obj
 0004:000019e0       $pdata$iswctype            00000001800339e0     libucrt:iswctype.obj
 0004:000019ec       $pdata$_isctype_l          00000001800339ec     libucrt:isctype.obj
 0004:000019f8       $pdata$__acrt_release_locale_ref 00000001800339f8     libucrt:locale_refcounting.obj
 0004:00001a04       $pdata$__acrt_free_locale  0000000180033a04     libucrt:locale_refcounting.obj
 0004:00001a10       $pdata$__acrt_locale_free_lc_time_if_unreferenced 0000000180033a10     libucrt:locale_refcounting.obj
 0004:00001a1c       $pdata$__acrt_update_thread_locale_data 0000000180033a1c     libucrt:locale_refcounting.obj
 0004:00001a28       $pdata$_updatetlocinfoEx_nolock 0000000180033a28     libucrt:locale_refcounting.obj
 0004:00001a34       $pdata$__acrt_DownlevelLocaleNameToLCID 0000000180033a34     libucrt:lcidtoname_downlevel.obj
 0004:00001a40       $pdata$?GetTableIndexFromLocaleName@@YAHPEB_W@Z 0000000180033a40     libucrt:lcidtoname_downlevel.obj
 0004:00001a4c       $pdata$_isleadbyte_l       0000000180033a4c     libucrt:_wctype.obj
 0004:00001a58       $pdata$__acrt_LCMapStringA 0000000180033a58     libucrt:lcmapstringa.obj
 0004:00001a64       $pdata$?__acrt_LCMapStringA_stat@@YAHPEAU__crt_locale_pointers@@PEB_WKPEBDHPEADHHH@Z 0000000180033a64     libucrt:lcmapstringa.obj
 0004:00001a70       $pdata$__acrt_fp_strflt_to_string 0000000180033a70     libucrt:_fptostr.obj
 0004:00001a7c       $pdata$memcpy_s            0000000180033a7c     libucrt:cfout.obj
 0004:00001a88       $pdata$__acrt_fltout       0000000180033a88     libucrt:cfout.obj
 0004:00001a94       $pdata$?divide@__crt_strtox@@YA_KAEAUbig_integer@1@AEBU21@@Z 0000000180033a94     libucrt:cfout.obj
 0004:00001aa0       $pdata$5$?divide@__crt_strtox@@YA_KAEAUbig_integer@1@AEBU21@@Z 0000000180033aa0     libucrt:cfout.obj
 0004:00001aac       $pdata$6$?divide@__crt_strtox@@YA_KAEAUbig_integer@1@AEBU21@@Z 0000000180033aac     libucrt:cfout.obj
 0004:00001ab8       $pdata$_fcloseall          0000000180033ab8     libucrt:closeall.obj
 0004:00001ac4       $pdata$_fcloseall$fin$0    0000000180033ac4     libucrt:closeall.obj
 0004:00001ad0       $pdata$_fflush_nolock      0000000180033ad0     libucrt:fflush.obj
 0004:00001adc       $pdata$__acrt_stdio_flush_nolock 0000000180033adc     libucrt:fflush.obj
 0004:00001ae8       $pdata$common_flush_all    0000000180033ae8     libucrt:fflush.obj
 0004:00001af4       $pdata$common_flush_all$fin$0 0000000180033af4     libucrt:fflush.obj
 0004:00001b00       $pdata$common_flush_all$fin$1 0000000180033b00     libucrt:fflush.obj
 0004:00001b0c       $pdata$__acrt_stdio_free_buffer_nolock 0000000180033b0c     libucrt:_freebuf.obj
 0004:00001b18       $pdata$_isatty             0000000180033b18     libucrt:isatty.obj
 0004:00001b24       $pdata$__acrt_locale_free_monetary 0000000180033b24     libucrt:initmon.obj
 0004:00001b30       $pdata$__acrt_locale_free_numeric 0000000180033b30     libucrt:initnum.obj
 0004:00001b3c       $pdata$__acrt_locale_free_time 0000000180033b3c     libucrt:inittime.obj
 0004:00001b48       $pdata$?free_crt_array_internal@@YAXQEAPEBX_K@Z 0000000180033b48     libucrt:inittime.obj
 0004:00001b54       $pdata$__acrt_GetStringTypeA 0000000180033b54     libucrt:getstringtypea.obj
 0004:00001b60       $pdata$_get_osfhandle      0000000180033b60     libucrt:osfinfo.obj
 0004:00001b6c       $pdata$_free_osfhnd        0000000180033b6c     libucrt:osfinfo.obj
 0004:00001b78       $pdata$__acrt_lowio_create_handle_array 0000000180033b78     libucrt:osfinfo.obj
 0004:00001b84       $pdata$__acrt_lowio_destroy_handle_array 0000000180033b84     libucrt:osfinfo.obj
 0004:00001b90       $pdata$__acrt_lowio_ensure_fh_exists 0000000180033b90     libucrt:osfinfo.obj
 0004:00001b9c       $pdata$qsort               0000000180033b9c     libucrt:qsort.obj
 0004:00001ba8       $pdata$4$qsort             0000000180033ba8     libucrt:qsort.obj
 0004:00001bb4       $pdata$5$qsort             0000000180033bb4     libucrt:qsort.obj
 0004:00001bc0       $pdata$?shortsort@@YAXPEAD0_KP6AHPEBX2@Z@Z 0000000180033bc0     libucrt:qsort.obj
 0004:00001bcc       $pdata$2$?shortsort@@YAXPEAD0_KP6AHPEBX2@Z@Z 0000000180033bcc     libucrt:qsort.obj
 0004:00001bd8       $pdata$3$?shortsort@@YAXPEAD0_KP6AHPEBX2@Z@Z 0000000180033bd8     libucrt:qsort.obj
 0004:00001be4       $pdata$strncpy_s           0000000180033be4     libucrt:strncpy_s.obj
 0004:00001bf0       $pdata$strpbrk             0000000180033bf0     libucrt:strpbrk.obj
 0004:00001bfc       $pdata$_mbsdec_l           0000000180033bfc     libucrt:mbsdec.obj
 0004:00001c08       $pdata$?initialize_multibyte@@YAHXZ 0000000180033c08     libucrt:multibyte_initializer.obj
 0004:00001c14       $pdata$fegetenv            0000000180033c14     libucrt:fegetenv.obj
 0004:00001c20       $pdata$fesetenv            0000000180033c20     libucrt:fesetenv.obj
 0004:00001c2c       $pdata$feholdexcept        0000000180033c2c     libucrt:feholdexcept.obj
 0004:00001c44       $pdata$_write              0000000180033c44     libucrt:write.obj
 0004:00001c50       $pdata$_write$fin$0        0000000180033c50     libucrt:write.obj
 0004:00001c5c       $pdata$_write_nolock       0000000180033c5c     libucrt:write.obj
 0004:00001c68       $pdata$?write_double_translated_ansi_nolock@@YA?AUwrite_result@?A0x9c548279@@HQEBDI@Z 0000000180033c68     libucrt:write.obj
 0004:00001c74       $pdata$?write_text_ansi_nolock@@YA?AUwrite_result@?A0x9c548279@@HQEBDI@Z 0000000180033c74     libucrt:write.obj
 0004:00001c80       $pdata$?write_text_utf16le_nolock@@YA?AUwrite_result@?A0x9c548279@@HQEBDI@Z 0000000180033c80     libucrt:write.obj
 0004:00001c8c       $pdata$?write_text_utf8_nolock@@YA?AUwrite_result@?A0x9c548279@@HQEBDI@Z 0000000180033c8c     libucrt:write.obj
 0004:00001c98       $pdata$??$common_lseek_nolock@_J@@YA_JH_JH@Z 0000000180033c98     libucrt:lseek.obj
 0004:00001ca4       $pdata$fclose              0000000180033ca4     libucrt:fclose.obj
 0004:00001cb0       $pdata$fclose$fin$0        0000000180033cb0     libucrt:fclose.obj
 0004:00001cbc       $pdata$_fclose_nolock      0000000180033cbc     libucrt:fclose.obj
 0004:00001cc8       $pdata$_commit             0000000180033cc8     libucrt:commit.obj
 0004:00001cd4       $pdata$??$?RV<lambda_b521505b218e5242e90febf6bfebc422>@@AEAV<lambda_6978c1fb23f02e42e1d9e99668cc68aa>@@V<lambda_314360699dd331753a4119843814e9a7>@@@?$__crt_seh_guarded_call@H@@QEAAH$$QEAV<lambda_b521505b218e5242e90febf6bfebc422>@@AEAV<lambda_6978c1fb23f02e42e1d9e99668cc68aa>@@$$QEAV<lambda_314360699dd331753a4119843814e9a7>@@@Z 0000000180033cd4     libucrt:commit.obj
 0004:00001ce0       $pdata$?fin$0@?0???$?RV<lambda_b521505b218e5242e90febf6bfebc422>@@AEAV<lambda_6978c1fb23f02e42e1d9e99668cc68aa>@@V<lambda_314360699dd331753a4119843814e9a7>@@@?$__crt_seh_guarded_call@H@@QEAAH$$QEAV<lambda_b521505b218e5242e90febf6bfebc422>@@AEAV<lambda_6978c1fb23f02e42e1d9e99668cc68aa>@@$$QEAV<lambda_314360699dd331753a4119843814e9a7>@@@Z@4HA 0000000180033ce0     libucrt:commit.obj
 0004:00001ce0       $pdata$?fin$0@?0???$?RV<lambda_bfedae4ebbf01fab1bb6dcc6a9e276e0>@@AEAV<lambda_2fe9b910cf3cbf4a0ab98a02ba45b3ec>@@V<lambda_237c231691f317818eb88cc1d5d642d6>@@@?$__crt_seh_guarded_call@H@@QEAAH$$QEAV<lambda_bfedae4ebbf01fab1bb6dcc6a9e276e0>@@AEAV<lambda_2fe9b910cf3cbf4a0ab98a02ba45b3ec>@@$$QEAV<lambda_237c231691f317818eb88cc1d5d642d6>@@@Z@4HA 0000000180033ce0     libucrt:close.obj
 0004:00001cec       $pdata$_setfpstatusword    0000000180033cec     libucrt:_fenvutils.obj
 0004:00001cf8       $pdata$_getfpcontrolword   0000000180033cf8     libucrt:_fenvutils.obj
 0004:00001d04       $pdata$_getfpstatusword    0000000180033d04     libucrt:_fenvutils.obj
 0004:00001d10       $pdata$_clearfp            0000000180033d10     libucrt:ieee.obj
 0004:00001d1c       $pdata$common_control87    0000000180033d1c     libucrt:ieee.obj
 0004:00001d28       $pdata$_ctrlfp$filt$0      0000000180033d28     libucrt:fpctrl.obj
 0004:00001d28       $pdata$common_control87$filt$0 0000000180033d28     libucrt:ieee.obj
 0004:00001d34       $pdata$_call_matherr       0000000180033d34     libucrt:libm_error.obj
 0004:00001d40       $pdata$_exception_enabled  0000000180033d40     libucrt:libm_error.obj
 0004:00001d4c       $pdata$_handle_error       0000000180033d4c     libucrt:libm_error.obj
 0004:00001d58       $pdata$__acrt_initialize_fma3 0000000180033d58     libucrt:fma3_available.obj
 0004:00001d64       $pdata$_log_special_common 0000000180033d64     libucrt:log_special.obj
 0004:00001d70       $pdata$_log10_special      0000000180033d70     libucrt:log_special.obj
 0004:00001d7c       $pdata$_putwch_nolock      0000000180033d7c     libucrt:putwch.obj
 0004:00001d88       $pdata$_close              0000000180033d88     libucrt:close.obj
 0004:00001d94       $pdata$_close_nolock       0000000180033d94     libucrt:close.obj
 0004:00001da0       $pdata$??$?RV<lambda_bfedae4ebbf01fab1bb6dcc6a9e276e0>@@AEAV<lambda_2fe9b910cf3cbf4a0ab98a02ba45b3ec>@@V<lambda_237c231691f317818eb88cc1d5d642d6>@@@?$__crt_seh_guarded_call@H@@QEAAH$$QEAV<lambda_bfedae4ebbf01fab1bb6dcc6a9e276e0>@@AEAV<lambda_2fe9b910cf3cbf4a0ab98a02ba45b3ec>@@$$QEAV<lambda_237c231691f317818eb88cc1d5d642d6>@@@Z 0000000180033da0     libucrt:close.obj
 0004:00001db8       $pdata$_set_errno_from_matherr 0000000180033db8     libucrt:fpexcept.obj
 0004:00001dc4       $pdata$_raise_exc          0000000180033dc4     libucrt:fpexcept.obj
 0004:00001dd0       $pdata$_raise_exc_ex       0000000180033dd0     libucrt:fpexcept.obj
 0004:00001ddc       $pdata$_clrfp              0000000180033ddc     libucrt:fpctrl.obj
 0004:00001de8       $pdata$_ctrlfp             0000000180033de8     libucrt:fpctrl.obj
 0004:00001df4       $pdata$_statfp             0000000180033df4     libucrt:fpctrl.obj
 0004:00001e00       $pdata$_set_statfp         0000000180033e00     libucrt:fpctrl.obj
 0004:00001e0c       $pdata$__dcrt_lowio_initialize_console_output 0000000180033e0c     libucrt:initcon.obj
 0004:00001e18       $pdata$__dcrt_terminate_console_output 0000000180033e18     libucrt:initcon.obj
 0004:00001e24       $pdata$_IsNonwritableInCurrentImage 0000000180033e24     LIBCMT:pesect.obj
 0004:00001e30       $pdata$_IsNonwritableInCurrentImage$filt$0 0000000180033e30     LIBCMT:pesect.obj
 0004:00001e3c       $pdata$strrchr             0000000180033e3c     libvcruntime:strrchr.obj
 0005:00000220       $R000000                   0000000180034220     CoinDispenser.res
 0005:00000ba0       $R000980                   0000000180034ba0     CoinDispenser.res
 0005:00000c88       $R000A68                   0000000180034c88     CoinDispenser.res
 0005:00000ef0       $R000CD0                   0000000180034ef0     CoinDispenser.res
 0005:00001430       $R001210                   0000000180035430     CoinDispenser.res
 0005:00003ae0       $R0038C0                   0000000180037ae0     CoinDispenser.res
 0005:00003b20       $R003900                   0000000180037b20     CoinDispenser.res
