 OPOSMSR

 Timestamp is 5defaa09 (Tue Dec 10 23:22:01 2019)

 Preferred load address is 0000000180000000

 Start         Length     Name                   Class
 0001:00000000 000000c0H .text$di                CODE
 0001:000000c0 00020a10H .text$mn                CODE
 0001:00020ad0 00000020H .text$mn$00             CODE
 0001:00020af0 00000490H .text$x                 CODE
 0001:00020f80 00000078H .text$yd                CODE
 0002:00000000 00000620H .idata$5                DATA
 0002:00000620 00000010H .00cfg                  DATA
 0002:00000630 00000008H .CRT$XCA                DATA
 0002:00000638 00000008H .CRT$XCL                DATA
 0002:00000640 00000020H .CRT$XCU                DATA
 0002:00000660 00000008H .CRT$XCZ                DATA
 0002:00000668 00000008H .CRT$XIA                DATA
 0002:00000670 00000020H .CRT$XIC                DATA
 0002:00000690 00000008H .CRT$XIZ                DATA
 0002:00000698 00000008H .CRT$XLA                DATA
 0002:000006a0 00000008H .CRT$XLZ                DATA
 0002:000006a8 00000008H .CRT$XPA                DATA
 0002:000006b0 00000010H .CRT$XPX                DATA
 0002:000006c0 00000008H .CRT$XPXA               DATA
 0002:000006c8 00000008H .CRT$XPZ                DATA
 0002:000006d0 00000008H .CRT$XTA                DATA
 0002:000006d8 00000008H .CRT$XTZ                DATA
 0002:000006e0 00000000H .gfids$y                DATA
 0002:000006e0 0000a818H .rdata                  DATA
 0002:0000aef8 00000028H .rdata$T                DATA
 0002:0000af20 00000274H .rdata$r                DATA
 0002:0000b194 00000404H .rdata$zzzdbg           DATA
 0002:0000b598 00000008H .rtc$IAA                DATA
 0002:0000b5a0 00000008H .rtc$IZZ                DATA
 0002:0000b5a8 00000008H .rtc$TAA                DATA
 0002:0000b5b0 00000008H .rtc$TZZ                DATA
 0002:0000b5b8 00000004H .tls                    DATA
 0002:0000b5bc 00000004H .tls$                   DATA
 0002:0000b5c0 00000008H .tls$ZZZ                DATA
 0002:0000b5c8 00001630H .xdata                  DATA
 0002:0000cbf8 00000150H .xdata$x                DATA
 0002:0000cd48 00000008H ATL$__a                 DATA
 0002:0000cd50 00000010H ATL$__z                 DATA
 0002:0000cd60 000000a4H .edata                  DATA
 0002:0000ce04 00000078H .idata$2                DATA
 0002:0000ce7c 00000014H .idata$3                DATA
 0002:0000ce90 00000620H .idata$4                DATA
 0002:0000d4b0 00000c24H .idata$6                DATA
 0003:00000000 00000da8H .data                   DATA
 0003:00000da8 000000c8H .data$r                 DATA
 0003:00000e70 0000140cH .bss                    DATA
 0004:00000000 00001ed8H .pdata                  DATA
 0005:00000000 00000094H _RDATA                  DATA
 0006:00000000 00000220H .rsrc$01                DATA
 0006:00000220 00005b88H .rsrc$02                DATA

  Address         Publics by Value              Rva+Base               Lib:Object

 0000:00000000       __guard_fids_count         0000000000000000     <absolute>
 0000:00000000       __guard_longjmp_count      0000000000000000     <absolute>
 0000:00000000       __guard_longjmp_table      0000000000000000     <absolute>
 0000:00000000       __hybrid_code_map          0000000000000000     <absolute>
 0000:00000000       __guard_iat_count          0000000000000000     <absolute>
 0000:00000000       __guard_iat_table          0000000000000000     <absolute>
 0000:00000000       __volatile_metadata        0000000000000000     <absolute>
 0000:00000000       __hybrid_code_map_count    0000000000000000     <absolute>
 0000:00000000       __enclave_config           0000000000000000     <absolute>
 0000:00000000       ___safe_se_handler_count   0000000000000000     <absolute>
 0000:00000000       __AbsoluteZero             0000000000000000     <absolute>
 0000:00000000       ___safe_se_handler_table   0000000000000000     <absolute>
 0000:00000000       __guard_fids_table         0000000000000000     <absolute>
 0000:00000000       __hybrid_auxiliary_iat     0000000000000000     <absolute>
 0000:00000000       __dynamic_value_reloc_table 0000000000000000     <absolute>
 0000:00000100       __guard_flags              0000000000000100     <absolute>
 0000:00000000       __ImageBase                0000000180000000     <linker-defined>
 0001:000000c0       ?DupWide@_CW@@AEAAXXZ      00000001800010c0 f   CWString.obj
 0001:000000e8       ?cw_dup@@YAXPEBDAEAHAEAPEA_W1@Z 00000001800010e8 f   CWString.obj
 0001:000001c8       ?cw_memcpy@@YAHPEA_WPEBDH@Z 00000001800011c8 f   CWString.obj
 0001:00000214       ?cw_strcpy@@YAHPEA_WPEBD@Z 0000000180001214 f   CWString.obj
 0001:00000228       ??0CAtlComModule@ATL@@QEAA@XZ 0000000180001228 f i OposVariant.obj
 0001:000002a8       ??0CAtlWinModule@ATL@@QEAA@XZ 00000001800012a8 f i OposVariant.obj
 0001:00000314       ??0OposDispParms@@QEAA@PEAVOposVariant@@H@Z 0000000180001314 f   OposVariant.obj
 0001:000003bc       ??1OposDispParms@@QEAA@XZ  00000001800013bc f   OposVariant.obj
 0001:000003d4       ??_Estringdispid@CComTypeInfoHolder@ATL@@QEAAPEAXI@Z 00000001800013d4 f i OposVariant.obj
 0001:00000478       ?AtlWinModuleTerm@ATL@@YAJPEAU_ATL_WIN_MODULE70@1@PEAUHINSTANCE__@@@Z 0000000180001478 f i OposVariant.obj
 0001:00000528       ?ChangeBSTR@OposVariant@@QEAAXPEAPEA_WAEAJ@Z 0000000180001528 f   OposVariant.obj
 0001:00000588       ?ChangeLONG@OposVariant@@QEAAXPEAJAEAJ@Z 0000000180001588 f   OposVariant.obj
 0001:000005e4       ?GetLONG@OposVariant@@QEAAJXZ 00000001800015e4 f   OposVariant.obj
 0001:00000608       ?SetBSTR@OposVariant@@QEAAXPEA_WAEAJ@Z 0000000180001608 f   OposVariant.obj
 0001:00000648       ?SetBSTR_Copy@OposVariant@@QEAAXPEA_WAEAJ@Z 0000000180001648 f   OposVariant.obj
 0001:000006b8       ?SetBSTR_InOutPtr@OposVariant@@QEAA_NPEAPEA_WAEAJ@Z 00000001800016b8 f   OposVariant.obj
 0001:00000708       ?SetBSTR_OutPtr@OposVariant@@QEAA_NPEAPEA_WAEAJ@Z 0000000180001708 f   OposVariant.obj
 0001:00000724       ?SetDispatch_Ptr@OposVariant@@QEAAXPEAUIDispatch@@AEAJ@Z 0000000180001724 f   OposVariant.obj
 0001:0000077c       ?SetLONG@OposVariant@@QEAAXJ@Z 000000018000177c f   OposVariant.obj
 0001:000007ac       ?SetLONG_Ptr@OposVariant@@QEAAXPEAJAEAJ@Z 00000001800017ac f   OposVariant.obj
 0001:000007f8       ?SetString@OposVariant@@QEAAXPEB_WAEAJ@Z 00000001800017f8 f   OposVariant.obj
 0001:0000085c       ?SetVARIANT@OposVariant@@QEAAXAEAUtagVARIANT@@GAEAJ@Z 000000018000185c f   OposVariant.obj
 0001:000008cc       ?SetVARIANT_BOOL@OposVariant@@QEAAXF@Z 00000001800018cc f   OposVariant.obj
 0001:00000904       ?Term@CAtlComModule@ATL@@QEAAXXZ 0000000180001904 f i OposVariant.obj
 0001:00000974       ?_AtlInitializeCriticalSectionEx@ATL@@YAHPEAU_RTL_CRITICAL_SECTION@@KK@Z 0000000180001974 f i OposVariant.obj
 0001:0000097c       ?_AtlRaiseException@ATL@@YAXKK@Z 000000018000197c f i OposVariant.obj
 0001:0000098c       ?GetWindowProc@?$CWindowImplBaseT@VCWindow@ATL@@V?$CWinTraits@$0FGAAAAAA@$0A@@2@@ATL@@UEAAP6A_JPEAUHWND__@@I_K_J@ZXZ 000000018000198c f i MSR.obj
 0001:00000994       ?StartWindowProc@?$CWindowImplBaseT@VCWindow@ATL@@V?$CWinTraits@$0FGAAAAAA@$0A@@2@@ATL@@SA_JPEAUHWND__@@I_K_J@Z 0000000180001994 f i MSR.obj
 0001:00000a58       ?OnFinalMessage@?$CWindowImplBaseT@VCWindow@ATL@@V?$CWinTraits@$0FGAAAAAA@$0A@@2@@ATL@@UEAAXPEAUHWND__@@@Z 0000000180001a58 f i MSR.obj
 0001:00000a58       ?ObjectMain@CComObjectRootBase@ATL@@SAX_N@Z 0000000180001a58 f i MSR.obj
 0001:00000a58       _guard_check_icall_nop     0000000180001a58 f i LIBCMT:guard_support.obj
 0001:00000a5c       ?GetTypeInfoCount@?$IDispatchImpl@UIOPOSMSR@@$1?IID_IOPOSMSR@@3U_GUID@@B$1?LIBID_OposMSR_CCO@@3U3@B$00$0A@VCComTypeInfoHolder@ATL@@@ATL@@UEAAJPEAI@Z 0000000180001a5c f i MSR.obj
 0001:00000a70       ?GetTypeInfo@?$IDispatchImpl@UIOPOSMSR@@$1?IID_IOPOSMSR@@3U_GUID@@B$1?LIBID_OposMSR_CCO@@3U3@B$00$0A@VCComTypeInfoHolder@ATL@@@ATL@@UEAAJIKPEAPEAUITypeInfo@@@Z 0000000180001a70 f i MSR.obj
 0001:00000ad4       ?GetIDsOfNames@?$IDispatchImpl@UIOPOSMSR@@$1?IID_IOPOSMSR@@3U_GUID@@B$1?LIBID_OposMSR_CCO@@3U3@B$00$0A@VCComTypeInfoHolder@ATL@@@ATL@@UEAAJAEBU_GUID@@PEAPEA_WIKPEAJ@Z 0000000180001ad4 f i MSR.obj
 0001:00000ae0       ?Invoke@?$IDispatchImpl@UIOPOSMSR@@$1?IID_IOPOSMSR@@3U_GUID@@B$1?LIBID_OposMSR_CCO@@3U3@B$00$0A@VCComTypeInfoHolder@ATL@@@ATL@@UEAAJJAEBU_GUID@@KGPEAUtagDISPPARAMS@@PEAUtagVARIANT@@PEAUtagEXCEPINFO@@PEAI@Z 0000000180001ae0 f i MSR.obj
 0001:00000b70       ?CreateControlWindow@?$CComControl@VCOPOSMSR@@V?$CWindowImpl@VCOPOSMSR@@VCWindow@ATL@@V?$CWinTraits@$0FGAAAAAA@$0A@@3@@ATL@@@ATL@@UEAAPEAUHWND__@@PEAU3@AEAUtagRECT@@@Z 0000000180001b70 f i MSR.obj
 0001:00000ba8       ?ControlQueryInterface@?$CComControl@VCOPOSMSR@@V?$CWindowImpl@VCOPOSMSR@@VCWindow@ATL@@V?$CWinTraits@$0FGAAAAAA@$0A@@3@@ATL@@@ATL@@UEAAJAEBU_GUID@@PEAPEAX@Z 0000000180001ba8 f i MSR.obj
 0001:00000bbc       ?GetUserClassID@?$IOleObjectImpl@VCOPOSMSR@@@ATL@@UEAAJPEAU_GUID@@@Z 0000000180001bbc f i MSR.obj
 0001:00000bbc       ?GetClassID@?$IPersistStreamInitImpl@VCOPOSMSR@@@ATL@@UEAAJPEAU_GUID@@@Z 0000000180001bbc f i MSR.obj
 0001:00000bbc       ?GetClassID@?$IPersistStorageImpl@VCOPOSMSR@@@ATL@@UEAAJPEAU_GUID@@@Z 0000000180001bbc f i MSR.obj
 0001:00000bd8       ?IsDirty@?$IPersistStreamInitImpl@VCOPOSMSR@@@ATL@@UEAAJXZ 0000000180001bd8 f i MSR.obj
 0001:00000bf4       ?Load@?$IPersistStreamInitImpl@VCOPOSMSR@@@ATL@@UEAAJPEAUIStream@@@Z 0000000180001bf4 f i MSR.obj
 0001:00000c0c       ?Save@?$IPersistStreamInitImpl@VCOPOSMSR@@@ATL@@UEAAJPEAUIStream@@H@Z 0000000180001c0c f i MSR.obj
 0001:00000c24       ?GetSizeMax@?$IPersistStreamInitImpl@VCOPOSMSR@@@ATL@@UEAAJPEAT_ULARGE_INTEGER@@@Z 0000000180001c24 f i MSR.obj
 0001:00000e50       ?InitNew@?$IPersistStreamInitImpl@VCOPOSMSR@@@ATL@@UEAAJXZ 0000000180001e50 f i MSR.obj
 0001:00000e68       ?InitFromData@?$IOleObjectImpl@VCOPOSMSR@@@ATL@@UEAAJPEAUIDataObject@@HK@Z 0000000180001e68 f i MSR.obj
 0001:00000e68       ?GetRect@?$IViewObjectExImpl@VCOPOSMSR@@@ATL@@UEAAJKPEAU_RECTL@@@Z 0000000180001e68 f i MSR.obj
 0001:00000e68       ?ContextSensitiveHelp@?$IOleInPlaceActiveObjectImpl@VCOPOSMSR@@@ATL@@UEAAJH@Z 0000000180001e68 f i MSR.obj
 0001:00000e68       ?SetColorScheme@?$IOleObjectImpl@VCOPOSMSR@@@ATL@@UEAAJPEAUtagLOGPALETTE@@@Z 0000000180001e68 f i MSR.obj
 0001:00000e68       ?OnMnemonic@?$IOleControlImpl@VCOPOSMSR@@@ATL@@UEAAJPEAUtagMSG@@@Z 0000000180001e68 f i MSR.obj
 0001:00000e68       ?QueryInterface@CRegObject@ATL@@UEAAJAEBU_GUID@@PEAPEAX@Z 0000000180001e68 f i MSR.obj
 0001:00000e68       ?SetData@?$IDataObjectImpl@VCOPOSMSR@@@ATL@@UEAAJPEAUtagFORMATETC@@PEAUtagSTGMEDIUM@@H@Z 0000000180001e68 f i MSR.obj
 0001:00000e68       ?GetDataHere@?$IDataObjectImpl@VCOPOSMSR@@@ATL@@UEAAJPEAUtagFORMATETC@@PEAUtagSTGMEDIUM@@@Z 0000000180001e68 f i MSR.obj
 0001:00000e68       ?ReactivateAndUndo@?$IOleInPlaceObjectWindowlessImpl@VCOPOSMSR@@@ATL@@UEAAJXZ 0000000180001e68 f i MSR.obj
 0001:00000e68       ?SetMoniker@?$IOleObjectImpl@VCOPOSMSR@@@ATL@@UEAAJKPEAUIMoniker@@@Z 0000000180001e68 f i MSR.obj
 0001:00000e68       ?GetControlInfo@?$IOleControlImpl@VCOPOSMSR@@@ATL@@UEAAJPEAUtagCONTROLINFO@@@Z 0000000180001e68 f i MSR.obj
 0001:00000e68       ?Freeze@?$IViewObjectExImpl@VCOPOSMSR@@@ATL@@UEAAJKJPEAXPEAK@Z 0000000180001e68 f i MSR.obj
 0001:00000e68       ?GetClipboardData@?$IOleObjectImpl@VCOPOSMSR@@@ATL@@UEAAJKPEAPEAUIDataObject@@@Z 0000000180001e68 f i MSR.obj
 0001:00000e68       ?GetCanonicalFormatEtc@?$IDataObjectImpl@VCOPOSMSR@@@ATL@@UEAAJPEAUtagFORMATETC@@0@Z 0000000180001e68 f i MSR.obj
 0001:00000e68       ?Unfreeze@?$IViewObjectExImpl@VCOPOSMSR@@@ATL@@UEAAJK@Z 0000000180001e68 f i MSR.obj
 0001:00000e68       ?GetMoniker@?$IOleObjectImpl@VCOPOSMSR@@@ATL@@UEAAJKKPEAPEAUIMoniker@@@Z 0000000180001e68 f i MSR.obj
 0001:00000e68       ?QueryGetData@?$IDataObjectImpl@VCOPOSMSR@@@ATL@@UEAAJPEAUtagFORMATETC@@@Z 0000000180001e68 f i MSR.obj
 0001:00000e68       ?GetColorSet@?$IViewObjectExImpl@VCOPOSMSR@@@ATL@@UEAAJKJPEAXPEAUtagDVTARGETDEVICE@@PEAUHDC__@@PEAPEAUtagLOGPALETTE@@@Z 0000000180001e68 f i MSR.obj
 0001:00000e68       ?GetDropTarget@?$IOleInPlaceObjectWindowlessImpl@VCOPOSMSR@@@ATL@@UEAAJPEAPEAUIDropTarget@@@Z 0000000180001e68 f i MSR.obj
 0001:00000e68       ?EnumFormatEtc@?$IDataObjectImpl@VCOPOSMSR@@@ATL@@UEAAJKPEAPEAUIEnumFORMATETC@@@Z 0000000180001e68 f i MSR.obj
 0001:00000e68       ?SOOutputCompleteDummy@COPOSMSR@@MEAAJJ@Z 0000000180001e68 f i MSR.obj
 0001:00000e68       ?ContextSensitiveHelp@?$IOleInPlaceObjectWindowlessImpl@VCOPOSMSR@@@ATL@@UEAAJH@Z 0000000180001e68 f i MSR.obj
 0001:00000e70       ?GetObjectDescription@?$CComCoClass@VCOPOSMSR@@$1?CLSID_OPOSMSR@@3U_GUID@@B@ATL@@SAPEB_WXZ 0000000180001e70 f i MSR.obj
 0001:00000e70       ?SetHostNames@?$IOleObjectImpl@VCOPOSMSR@@@ATL@@UEAAJPEB_W0@Z 0000000180001e70 f i MSR.obj
 0001:00000e70       ?OnFrameWindowActivate@?$IOleInPlaceActiveObjectImpl@VCOPOSMSR@@@ATL@@UEAAJH@Z 0000000180001e70 f i MSR.obj
 0001:00000e70       ?HandsOffStorage@?$IPersistStorageImpl@VCOPOSMSR@@@ATL@@UEAAJXZ 0000000180001e70 f i MSR.obj
 0001:00000e70       ?GetCategoryMap@CComObjectRootBase@ATL@@SAPEBU_ATL_CATMAP_ENTRY@2@XZ 0000000180001e70 f i MSR.obj
 0001:00000e70       ?OnAmbientPropertyChange@?$IOleControlImpl@VCOPOSMSR@@@ATL@@UEAAJJ@Z 0000000180001e70 f i MSR.obj
 0001:00000e70       ?Release@CRegObject@ATL@@UEAAKXZ 0000000180001e70 f i MSR.obj
 0001:00000e70       ?SaveCompleted@?$IPersistStorageImpl@VCOPOSMSR@@@ATL@@UEAAJPEAUIStorage@@@Z 0000000180001e70 f i MSR.obj
 0001:00000e70       ?Update@?$IOleObjectImpl@VCOPOSMSR@@@ATL@@UEAAJXZ 0000000180001e70 f i MSR.obj
 0001:00000e70       ?EnableModeless@?$IOleInPlaceActiveObjectImpl@VCOPOSMSR@@@ATL@@UEAAJH@Z 0000000180001e70 f i MSR.obj
 0001:00000e70       ?ResizeBorder@?$IOleInPlaceActiveObjectImpl@VCOPOSMSR@@@ATL@@UEAAJPEBUtagRECT@@PEAUIOleInPlaceUIWindow@@H@Z 0000000180001e70 f i MSR.obj
 0001:00000e70       ?IsUpToDate@?$IOleObjectImpl@VCOPOSMSR@@@ATL@@UEAAJXZ 0000000180001e70 f i MSR.obj
 0001:00000e74       ?SetClientSite@?$IOleObjectImpl@VCOPOSMSR@@@ATL@@UEAAJPEAUIOleClientSite@@@Z 0000000180001e74 f i MSR.obj
 0001:00000e90       ?GetClientSite@?$IOleObjectImpl@VCOPOSMSR@@@ATL@@UEAAJPEAPEAUIOleClientSite@@@Z 0000000180001e90 f i MSR.obj
 0001:00000ed8       ?Close@?$IOleObjectImpl@VCOPOSMSR@@@ATL@@UEAAJK@Z 0000000180001ed8 f i MSR.obj
 0001:00000ef4       ?DoVerb@?$IOleObjectImpl@VCOPOSMSR@@@ATL@@UEAAJJPEAUtagMSG@@PEAUIOleClientSite@@JPEAUHWND__@@PEBUtagRECT@@@Z 0000000180001ef4 f i MSR.obj
 0001:00001098       ?EnumVerbs@?$IOleObjectImpl@VCOPOSMSR@@@ATL@@UEAAJPEAPEAUIEnumOLEVERB@@@Z 0000000180002098 f i MSR.obj
 0001:000010b4       ?GetUserType@?$IOleObjectImpl@VCOPOSMSR@@@ATL@@UEAAJKPEAPEA_W@Z 00000001800020b4 f i MSR.obj
 0001:000010c4       ?SetExtent@?$IOleObjectImpl@VCOPOSMSR@@@ATL@@UEAAJKPEAUtagSIZE@@@Z 00000001800020c4 f i MSR.obj
 0001:000010e0       ?GetExtent@?$IOleObjectImpl@VCOPOSMSR@@@ATL@@UEAAJKPEAUtagSIZE@@@Z 00000001800020e0 f i MSR.obj
 0001:00001110       ?Advise@?$IOleObjectImpl@VCOPOSMSR@@@ATL@@UEAAJPEAUIAdviseSink@@PEAK@Z 0000000180002110 f i MSR.obj
 0001:0000116c       ?Unadvise@?$IOleObjectImpl@VCOPOSMSR@@@ATL@@UEAAJK@Z 000000018000216c f i MSR.obj
 0001:000011a4       ?EnumAdvise@?$IOleObjectImpl@VCOPOSMSR@@@ATL@@UEAAJPEAPEAUIEnumSTATDATA@@@Z 00000001800021a4 f i MSR.obj
 0001:000011ec       ?GetMiscStatus@?$IOleObjectImpl@VCOPOSMSR@@@ATL@@UEAAJKPEAK@Z 00000001800021ec f i MSR.obj
 0001:000011fc       ?GetWindow@?$IOleInPlaceActiveObjectImpl@VCOPOSMSR@@@ATL@@UEAAJPEAPEAUHWND__@@@Z 00000001800021fc f i MSR.obj
 0001:00001250       ?TranslateAcceleratorW@?$IOleInPlaceActiveObjectImpl@VCOPOSMSR@@@ATL@@UEAAJPEAUtagMSG@@@Z 0000000180002250 f i MSR.obj
 0001:00001344       ?OnDocWindowActivate@?$IOleInPlaceActiveObjectImpl@VCOPOSMSR@@@ATL@@UEAAJH@Z 0000000180002344 f i MSR.obj
 0001:00001370       ?Draw@?$IViewObjectExImpl@VCOPOSMSR@@@ATL@@UEAAJKJPEAXPEAUtagDVTARGETDEVICE@@PEAUHDC__@@2PEBU_RECTL@@3P6AH_K@Z4@Z 0000000180002370 f i MSR.obj
 0001:000013d4       ?SetAdvise@?$IViewObjectExImpl@VCOPOSMSR@@@ATL@@UEAAJKKPEAUIAdviseSink@@@Z 00000001800023d4 f i MSR.obj
 0001:00001428       ?GetAdvise@?$IViewObjectExImpl@VCOPOSMSR@@@ATL@@UEAAJPEAK0PEAPEAUIAdviseSink@@@Z 0000000180002428 f i MSR.obj
 0001:00001464       ?GetExtent@?$IViewObjectExImpl@VCOPOSMSR@@@ATL@@UEAAJKJPEAUtagDVTARGETDEVICE@@PEAUtagSIZE@@@Z 0000000180002464 f i MSR.obj
 0001:00001494       ?GetViewStatus@?$IViewObjectExImpl@VCOPOSMSR@@@ATL@@UEAAJPEAK@Z 0000000180002494 f i MSR.obj
 0001:000014a8       ?QueryHitPoint@?$IViewObjectExImpl@VCOPOSMSR@@@ATL@@UEAAJKPEBUtagRECT@@UtagPOINT@@JPEAK@Z 00000001800024a8 f i MSR.obj
 0001:000014ec       ?QueryHitRect@?$IViewObjectExImpl@VCOPOSMSR@@@ATL@@UEAAJKPEBUtagRECT@@0JPEAK@Z 00000001800024ec f i MSR.obj
 0001:00001554       ?GetNaturalExtent@?$IViewObjectExImpl@VCOPOSMSR@@@ATL@@UEAAJKJPEAUtagDVTARGETDEVICE@@PEAUHDC__@@PEAUtagExtentInfo@@PEAUtagSIZE@@@Z 0000000180002554 f i MSR.obj
 0001:0000159c       ?GetWindow@?$IOleInPlaceObjectWindowlessImpl@VCOPOSMSR@@@ATL@@UEAAJPEAPEAUHWND__@@@Z 000000018000259c f i MSR.obj
 0001:000015f0       ?InPlaceDeactivate@?$IOleInPlaceObjectWindowlessImpl@VCOPOSMSR@@@ATL@@UEAAJXZ 00000001800025f0 f i MSR.obj
 0001:0000160c       ?UIDeactivate@?$IOleInPlaceObjectWindowlessImpl@VCOPOSMSR@@@ATL@@UEAAJXZ 000000018000260c f i MSR.obj
 0001:00001628       ?SetObjectRects@?$IOleInPlaceObjectWindowlessImpl@VCOPOSMSR@@@ATL@@UEAAJPEBUtagRECT@@0@Z 0000000180002628 f i MSR.obj
 0001:00001644       ?OnWindowMessage@?$IOleInPlaceObjectWindowlessImpl@VCOPOSMSR@@@ATL@@UEAAJI_K_JPEA_J@Z 0000000180002644 f i MSR.obj
 0001:0000170c       ?EnumConnectionPoints@?$IConnectionPointContainerImpl@VCOPOSMSR@@@ATL@@UEAAJPEAPEAUIEnumConnectionPoints@@@Z 000000018000270c f i MSR.obj
 0001:00001950       ?FindConnectionPoint@?$IConnectionPointContainerImpl@VCOPOSMSR@@@ATL@@UEAAJAEBU_GUID@@PEAPEAUIConnectionPoint@@@Z 0000000180002950 f i MSR.obj
 0001:00001a20       ?IsDirty@?$IPersistStorageImpl@VCOPOSMSR@@@ATL@@UEAAJXZ 0000000180002a20 f i MSR.obj
 0001:00001a64       ?InitNew@?$IPersistStorageImpl@VCOPOSMSR@@@ATL@@UEAAJPEAUIStorage@@@Z 0000000180002a64 f i MSR.obj
 0001:00001aa8       ?Load@?$IPersistStorageImpl@VCOPOSMSR@@@ATL@@UEAAJPEAUIStorage@@@Z 0000000180002aa8 f i MSR.obj
 0001:00001b48       ?Save@?$IPersistStorageImpl@VCOPOSMSR@@@ATL@@UEAAJPEAUIStorage@@H@Z 0000000180002b48 f i MSR.obj
 0001:00001bf8       ?GetPages@?$ISpecifyPropertyPagesImpl@VCOPOSMSR@@@ATL@@UEAAJPEAUtagCAUUID@@@Z 0000000180002bf8 f i MSR.obj
 0001:00001c04       ?QuickActivate@?$IQuickActivateImpl@VCOPOSMSR@@@ATL@@UEAAJPEAUtagQACONTAINER@@PEAUtagQACONTROL@@@Z 0000000180002c04 f i MSR.obj
 0001:00001c20       ?SetContentExtent@?$IQuickActivateImpl@VCOPOSMSR@@@ATL@@UEAAJPEAUtagSIZE@@@Z 0000000180002c20 f i MSR.obj
 0001:00001c54       ?GetContentExtent@?$IQuickActivateImpl@VCOPOSMSR@@@ATL@@UEAAJPEAUtagSIZE@@@Z 0000000180002c54 f i MSR.obj
 0001:00001c8c       ?GetData@?$IDataObjectImpl@VCOPOSMSR@@@ATL@@UEAAJPEAUtagFORMATETC@@PEAUtagSTGMEDIUM@@@Z 0000000180002c8c f i MSR.obj
 0001:00001ca8       ?DAdvise@?$IDataObjectImpl@VCOPOSMSR@@@ATL@@UEAAJPEAUtagFORMATETC@@KPEAUIAdviseSink@@PEAK@Z 0000000180002ca8 f i MSR.obj
 0001:00001d30       ?DUnadvise@?$IDataObjectImpl@VCOPOSMSR@@@ATL@@UEAAJK@Z 0000000180002d30 f i MSR.obj
 0001:00001d5c       ?EnumDAdvise@?$IDataObjectImpl@VCOPOSMSR@@@ATL@@UEAAJPEAPEAUIEnumSTATDATA@@@Z 0000000180002d5c f i MSR.obj
 0001:00001d98       ?GetClassInfoW@?$IProvideClassInfo2Impl@$1?CLSID_OPOSMSR@@3U_GUID@@B$1?DIID__IOPOSMSREvents@@3U2@B$1?LIBID_OposMSR_CCO@@3U2@B$00$0A@VCComTypeInfoHolder@ATL@@@ATL@@UEAAJPEAPEAUITypeInfo@@@Z 0000000180002d98 f i MSR.obj
 0001:00001df0       ?GetGUID@?$IProvideClassInfo2Impl@$1?CLSID_OPOSMSR@@3U_GUID@@B$1?DIID__IOPOSMSREvents@@3U2@B$1?LIBID_OposMSR_CCO@@3U2@B$00$0A@VCComTypeInfoHolder@ATL@@@ATL@@UEAAJKPEAU_GUID@@@Z 0000000180002df0 f i MSR.obj
 0001:00001e24       _get_startup_argv_mode     0000000180002e24 f i LIBCMT:argv_mode.obj
 0001:00001e24       ?AddRef@CRegObject@ATL@@UEAAKXZ 0000000180002e24 f i MSR.obj
 0001:00001e24       ?FAccessAllowed@?$IObjectSafetyImpl@VCOPOSMSR@@$02@ATL@@MEAAHXZ 0000000180002e24 f i MSR.obj
 0001:00001e2c       ?GetInterfaceSafetyOptions@?$IObjectSafetyImpl@VCOPOSMSR@@$02@ATL@@UEAAJAEBU_GUID@@PEAK1@Z 0000000180002e2c f i MSR.obj
 0001:00001ec0       ?SetInterfaceSafetyOptions@?$IObjectSafetyImpl@VCOPOSMSR@@$02@ATL@@UEAAJAEBU_GUID@@KK@Z 0000000180002ec0 f i MSR.obj
 0001:00001f64       ?_LocCPQueryInterface@?$IConnectionPointImpl@VCOPOSMSR@@$1?IID_IPropertyNotifySink@@3U_GUID@@BVCComDynamicUnkArray@ATL@@@ATL@@UEAAJAEBU_GUID@@PEAPEAX@Z 0000000180002f64 f i MSR.obj
 0001:00001f64       ?_LocCPQueryInterface@?$IConnectionPointImpl@VCOPOSMSR@@$1?DIID__IOPOSMSREvents@@3U_GUID@@BVCComDynamicUnkArray@ATL@@@ATL@@UEAAJAEBU_GUID@@PEAPEAX@Z 0000000180002f64 f i MSR.obj
 0001:00001fd8       ?GetConnectionInterface@?$IConnectionPointImpl@VCOPOSMSR@@$1?IID_IPropertyNotifySink@@3U_GUID@@BVCComDynamicUnkArray@ATL@@@ATL@@UEAAJPEAU_GUID@@@Z 0000000180002fd8 f i MSR.obj
 0001:00001ff4       ?GetConnectionPointContainer@?$IConnectionPointImpl@VCOPOSMSR@@$1?IID_IPropertyNotifySink@@3U_GUID@@BVCComDynamicUnkArray@ATL@@@ATL@@UEAAJPEAPEAUIConnectionPointContainer@@@Z 0000000180002ff4 f i MSR.obj
 0001:00002014       ?Advise@?$IConnectionPointImpl@VCOPOSMSR@@$1?IID_IPropertyNotifySink@@3U_GUID@@BVCComDynamicUnkArray@ATL@@@ATL@@UEAAJPEAUIUnknown@@PEAK@Z 0000000180003014 f i MSR.obj
 0001:00002014       ?Advise@?$IConnectionPointImpl@VCOPOSMSR@@$1?DIID__IOPOSMSREvents@@3U_GUID@@BVCComDynamicUnkArray@ATL@@@ATL@@UEAAJPEAUIUnknown@@PEAK@Z 0000000180003014 f i MSR.obj
 0001:000020d4       ?Unadvise@?$IConnectionPointImpl@VCOPOSMSR@@$1?DIID__IOPOSMSREvents@@3U_GUID@@BVCComDynamicUnkArray@ATL@@@ATL@@UEAAJK@Z 00000001800030d4 f i MSR.obj
 0001:000020d4       ?Unadvise@?$IConnectionPointImpl@VCOPOSMSR@@$1?IID_IPropertyNotifySink@@3U_GUID@@BVCComDynamicUnkArray@ATL@@@ATL@@UEAAJK@Z 00000001800030d4 f i MSR.obj
 0001:00002150       ?EnumConnections@?$IConnectionPointImpl@VCOPOSMSR@@$1?IID_IPropertyNotifySink@@3U_GUID@@BVCComDynamicUnkArray@ATL@@@ATL@@UEAAJPEAPEAUIEnumConnections@@@Z 0000000180003150 f i MSR.obj
 0001:00002150       ?EnumConnections@?$IConnectionPointImpl@VCOPOSMSR@@$1?DIID__IOPOSMSREvents@@3U_GUID@@BVCComDynamicUnkArray@ATL@@@ATL@@UEAAJPEAPEAUIEnumConnections@@@Z 0000000180003150 f i MSR.obj
 0001:00002308       ?GetConnectionInterface@?$IConnectionPointImpl@VCOPOSMSR@@$1?DIID__IOPOSMSREvents@@3U_GUID@@BVCComDynamicUnkArray@ATL@@@ATL@@UEAAJPEAU_GUID@@@Z 0000000180003308 f i MSR.obj
 0001:00002324       ?GetConnectionPointContainer@?$IConnectionPointImpl@VCOPOSMSR@@$1?DIID__IOPOSMSREvents@@3U_GUID@@BVCComDynamicUnkArray@ATL@@@ATL@@UEAAJPEAPEAUIConnectionPointContainer@@@Z 0000000180003324 f i MSR.obj
 0001:00002344       ?UpdateRegistry@COPOSMSR@@SAJH@Z 0000000180003344 f i MSR.obj
 0001:0000235c       ?ProcessWindowMessage@COPOSMSR@@UEAAHPEAUHWND__@@I_K_JAEA_JK@Z 000000018000335c f i MSR.obj
 0001:000023e4       ?SOData@COPOSMSR@@MEAAJJ@Z 00000001800033e4 f i MSR.obj
 0001:00002434       ?SODirectIO@COPOSMSR@@MEAAJJPEAJPEAPEA_W@Z 0000000180003434 f i MSR.obj
 0001:000024ac       ?SOError@COPOSMSR@@MEAAJJJJPEAJ@Z 00000001800034ac f i MSR.obj
 0001:00002534       ?SOStatusUpdate@COPOSMSR@@MEAAJJ@Z 0000000180003534 f i MSR.obj
 0001:00002584       ?Lock@CAtlModule@ATL@@UEAAJXZ 0000000180003584 f i MSR.obj
 0001:00002594       ?Unlock@CAtlModule@ATL@@UEAAJXZ 0000000180003594 f i MSR.obj
 0001:000025a0       ?GetLockCount@CAtlModule@ATL@@UEAAJXZ 00000001800035a0 f i MSR.obj
 0001:000025a4       ?GetGITPtr@CAtlModule@ATL@@UEAAJPEAPEAUIGlobalInterfaceTable@@@Z 00000001800035a4 f i MSR.obj
 0001:00002614       ?AddCommonRGSReplacements@?$CAtlModuleT@VCComModule@ATL@@@ATL@@UEAAJPEAUIRegistrarBase@@@Z 0000000180003614 f i MSR.obj
 0001:0000262c       ?UpdateRegistryFromResourceD@CComModule@ATL@@UEAAJIHPEAU_ATL_REGMAP_ENTRY@2@@Z 000000018000362c f i MSR.obj
 0001:0000262c       ?UpdateRegistryFromResourceD@CComModule@ATL@@UEAAJPEB_WHPEAU_ATL_REGMAP_ENTRY@2@@Z 000000018000362c f i MSR.obj
 0001:00002634       ?UpdateRegistryFromResource@CComModule@ATL@@UEAAJPEB_WHPEAU_ATL_REGMAP_ENTRY@2@@Z 0000000180003634 f i MSR.obj
 0001:0000263c       ?UpdateRegistryFromResource@CComModule@ATL@@UEAAJIHPEAU_ATL_REGMAP_ENTRY@2@@Z 000000018000363c f i MSR.obj
 0001:00002644       ?CreateInstance@?$CComCreator@V?$CComObjectCached@VCComClassFactory@ATL@@@ATL@@@ATL@@SAJPEAXAEBU_GUID@@PEAPEAX@Z 0000000180003644 f i MSR.obj
 0001:00002770       ?CreateInstance@?$CComCreator2@V?$CComCreator@V?$CComObject@VCOPOSMSR@@@ATL@@@ATL@@V?$CComCreator@V?$CComAggObject@VCOPOSMSR@@@ATL@@@2@@ATL@@SAJPEAXAEBU_GUID@@PEAPEAX@Z 0000000180003770 f i MSR.obj
 0001:00002780       ??_ECComModule@ATL@@UEAAPEAXI@Z 0000000180003780 f i MSR.obj
 0001:00002780       ??_GCComModule@ATL@@UEAAPEAXI@Z 0000000180003780 f i MSR.obj
 0001:000027c0       ?AddRef@?$CComObjectCached@VCComClassFactory@ATL@@@ATL@@UEAAKXZ 00000001800037c0 f i MSR.obj
 0001:000027ec       ?Release@?$CComObjectCached@VCComClassFactory@ATL@@@ATL@@UEAAKXZ 00000001800037ec f i MSR.obj
 0001:0000282c       ?QueryInterface@?$CComObjectCached@VCComClassFactory@ATL@@@ATL@@UEAAJAEBU_GUID@@PEAPEAX@Z 000000018000382c f i MSR.obj
 0001:00002840       ??_E?$CComObjectCached@VCComClassFactory@ATL@@@ATL@@UEAAPEAXI@Z 0000000180003840 f i MSR.obj
 0001:00002840       ??_G?$CComObjectCached@VCComClassFactory@ATL@@@ATL@@UEAAPEAXI@Z 0000000180003840 f i MSR.obj
 0001:00002898       ?Next@?$CComEnumImpl@UIEnumConnectionPoints@@$1?_GUID_b196b285_bab4_101a_b69c_00aa00341d07@@3U__s_GUID@@BPEAUIConnectionPoint@@V?$_CopyInterface@UIConnectionPoint@@@ATL@@@ATL@@UEAAJKPEAPEAUIConnectionPoint@@PEAK@Z 0000000180003898 f i MSR.obj
 0001:00002964       ?Skip@?$CComEnumImpl@UIEnumConnectionPoints@@$1?_GUID_b196b285_bab4_101a_b69c_00aa00341d07@@3U__s_GUID@@BPEAUIConnectionPoint@@V?$_CopyInterface@UIConnectionPoint@@@ATL@@@ATL@@UEAAJK@Z 0000000180003964 f i MSR.obj
 0001:00002990       ?Reset@?$CComEnumImpl@UIEnumConnections@@$1?_GUID_b196b287_bab4_101a_b69c_00aa00341d07@@3U__s_GUID@@BUtagCONNECTDATA@@V?$_Copy@UtagCONNECTDATA@@@ATL@@@ATL@@UEAAJXZ 0000000180003990 f i MSR.obj
 0001:00002990       ?Reset@?$CComEnumImpl@UIEnumConnectionPoints@@$1?_GUID_b196b285_bab4_101a_b69c_00aa00341d07@@3U__s_GUID@@BPEAUIConnectionPoint@@V?$_CopyInterface@UIConnectionPoint@@@ATL@@@ATL@@UEAAJXZ 0000000180003990 f i MSR.obj
 0001:0000299c       ?Clone@?$CComEnumImpl@UIEnumConnectionPoints@@$1?_GUID_b196b285_bab4_101a_b69c_00aa00341d07@@3U__s_GUID@@BPEAUIConnectionPoint@@V?$_CopyInterface@UIConnectionPoint@@@ATL@@@ATL@@UEAAJPEAPEAUIEnumConnectionPoints@@@Z 000000018000399c f i MSR.obj
 0001:00002ac8       ?AddRef@?$CComObject@V?$CComEnum@UIEnumConnections@@$1?_GUID_b196b287_bab4_101a_b69c_00aa00341d07@@3U__s_GUID@@BUtagCONNECTDATA@@V?$_Copy@UtagCONNECTDATA@@@ATL@@VCComSingleThreadModel@6@@ATL@@@ATL@@UEAAKXZ 0000000180003ac8 f i MSR.obj
 0001:00002ac8       ?AddRef@?$CComObject@V?$CComEnum@UIEnumConnectionPoints@@$1?_GUID_b196b285_bab4_101a_b69c_00aa00341d07@@3U__s_GUID@@BPEAUIConnectionPoint@@V?$_CopyInterface@UIConnectionPoint@@@ATL@@VCComSingleThreadModel@6@@ATL@@@ATL@@UEAAKXZ 0000000180003ac8 f i MSR.obj
 0001:00002ad4       ?Release@?$CComObject@V?$CComEnum@UIEnumConnectionPoints@@$1?_GUID_b196b285_bab4_101a_b69c_00aa00341d07@@3U__s_GUID@@BPEAUIConnectionPoint@@V?$_CopyInterface@UIConnectionPoint@@@ATL@@VCComSingleThreadModel@6@@ATL@@@ATL@@UEAAKXZ 0000000180003ad4 f i MSR.obj
 0001:00002ad4       ?Release@?$CComObject@V?$CComEnum@UIEnumConnections@@$1?_GUID_b196b287_bab4_101a_b69c_00aa00341d07@@3U__s_GUID@@BUtagCONNECTDATA@@V?$_Copy@UtagCONNECTDATA@@@ATL@@VCComSingleThreadModel@6@@ATL@@@ATL@@UEAAKXZ 0000000180003ad4 f i MSR.obj
 0001:00002b28       ?QueryInterface@?$CComObject@V?$CComEnum@UIEnumConnectionPoints@@$1?_GUID_b196b285_bab4_101a_b69c_00aa00341d07@@3U__s_GUID@@BPEAUIConnectionPoint@@V?$_CopyInterface@UIConnectionPoint@@@ATL@@VCComSingleThreadModel@6@@ATL@@@ATL@@UEAAJAEBU_GUID@@PEAPEAX@Z 0000000180003b28 f i MSR.obj
 0001:00002b3c       ??_E?$CComObject@V?$CComEnum@UIEnumConnectionPoints@@$1?_GUID_b196b285_bab4_101a_b69c_00aa00341d07@@3U__s_GUID@@BPEAUIConnectionPoint@@V?$_CopyInterface@UIConnectionPoint@@@ATL@@VCComSingleThreadModel@6@@ATL@@@ATL@@UEAAPEAXI@Z 0000000180003b3c f i MSR.obj
 0001:00002b3c       ??_G?$CComObject@V?$CComEnum@UIEnumConnectionPoints@@$1?_GUID_b196b285_bab4_101a_b69c_00aa00341d07@@3U__s_GUID@@BPEAUIConnectionPoint@@V?$_CopyInterface@UIConnectionPoint@@@ATL@@VCComSingleThreadModel@6@@ATL@@@ATL@@UEAAPEAXI@Z 0000000180003b3c f i MSR.obj
 0001:00002b94       ?AddReplacement@CRegObject@ATL@@UEAAJPEB_W0@Z 0000000180003b94 f i MSR.obj
 0001:00002bc4       ?ClearReplacements@CRegObject@ATL@@UEAAJXZ 0000000180003bc4 f i MSR.obj
 0001:00002bd0       ??_ECRegObject@ATL@@UEAAPEAXI@Z 0000000180003bd0 f i MSR.obj
 0001:00002bd0       ??_GCRegObject@ATL@@UEAAPEAXI@Z 0000000180003bd0 f i MSR.obj
 0001:00002c50       ?AddRef@?$CComAggObject@VCOPOSMSR@@@ATL@@UEAAKXZ 0000000180003c50 f i MSR.obj
 0001:00002c5c       ?Release@?$CComAggObject@VCOPOSMSR@@@ATL@@UEAAKXZ 0000000180003c5c f i MSR.obj
 0001:00002cb0       ?QueryInterface@?$CComAggObject@VCOPOSMSR@@@ATL@@UEAAJAEBU_GUID@@PEAPEAX@Z 0000000180003cb0 f i MSR.obj
 0001:00002d10       ?AddRef@?$CComContainedObject@VCOPOSMSR@@@ATL@@UEAAKXZ 0000000180003d10 f i MSR.obj
 0001:00002d20       ?Release@?$CComContainedObject@VCOPOSMSR@@@ATL@@UEAAKXZ 0000000180003d20 f i MSR.obj
 0001:00002d30       ?QueryInterface@?$CComContainedObject@VCOPOSMSR@@@ATL@@UEAAJAEBU_GUID@@PEAPEAX@Z 0000000180003d30 f i MSR.obj
 0001:00002d40       ??_G?$CComAggObject@VCOPOSMSR@@@ATL@@UEAAPEAXI@Z 0000000180003d40 f i MSR.obj
 0001:00002d40       ??_E?$CComAggObject@VCOPOSMSR@@@ATL@@UEAAPEAXI@Z 0000000180003d40 f i MSR.obj
 0001:00002d98       ?AddRef@?$CComObject@VCOPOSMSR@@@ATL@@UEAAKXZ 0000000180003d98 f i MSR.obj
 0001:00002da8       ?Release@?$CComObject@VCOPOSMSR@@@ATL@@UEAAKXZ 0000000180003da8 f i MSR.obj
 0001:00002e00       ?QueryInterface@?$CComObject@VCOPOSMSR@@@ATL@@UEAAJAEBU_GUID@@PEAPEAX@Z 0000000180003e00 f i MSR.obj
 0001:00002e14       ?OnDrawAdvanced@CComControlBase@ATL@@UEAAJAEAUATL_DRAWINFO@@@Z 0000000180003e14 f i MSR.obj
 0001:00002fa0       ?Next@?$CComEnumImpl@UIEnumConnections@@$1?_GUID_b196b287_bab4_101a_b69c_00aa00341d07@@3U__s_GUID@@BUtagCONNECTDATA@@V?$_Copy@UtagCONNECTDATA@@@ATL@@@ATL@@UEAAJKPEAUtagCONNECTDATA@@PEAK@Z 0000000180003fa0 f i MSR.obj
 0001:00003074       ?Skip@?$CComEnumImpl@UIEnumConnections@@$1?_GUID_b196b287_bab4_101a_b69c_00aa00341d07@@3U__s_GUID@@BUtagCONNECTDATA@@V?$_Copy@UtagCONNECTDATA@@@ATL@@@ATL@@UEAAJK@Z 0000000180004074 f i MSR.obj
 0001:000030a0       ?Clone@?$CComEnumImpl@UIEnumConnections@@$1?_GUID_b196b287_bab4_101a_b69c_00aa00341d07@@3U__s_GUID@@BUtagCONNECTDATA@@V?$_Copy@UtagCONNECTDATA@@@ATL@@@ATL@@UEAAJPEAPEAUIEnumConnections@@@Z 00000001800040a0 f i MSR.obj
 0001:000031cc       ?QueryInterface@?$CComObject@V?$CComEnum@UIEnumConnections@@$1?_GUID_b196b287_bab4_101a_b69c_00aa00341d07@@3U__s_GUID@@BUtagCONNECTDATA@@V?$_Copy@UtagCONNECTDATA@@@ATL@@VCComSingleThreadModel@6@@ATL@@@ATL@@UEAAJAEBU_GUID@@PEAPEAX@Z 00000001800041cc f i MSR.obj
 0001:000031e0       ??_E?$CComObject@V?$CComEnum@UIEnumConnections@@$1?_GUID_b196b287_bab4_101a_b69c_00aa00341d07@@3U__s_GUID@@BUtagCONNECTDATA@@V?$_Copy@UtagCONNECTDATA@@@ATL@@VCComSingleThreadModel@6@@ATL@@@ATL@@UEAAPEAXI@Z 00000001800041e0 f i MSR.obj
 0001:000031e0       ??_G?$CComObject@V?$CComEnum@UIEnumConnections@@$1?_GUID_b196b287_bab4_101a_b69c_00aa00341d07@@3U__s_GUID@@BUtagCONNECTDATA@@V?$_Copy@UtagCONNECTDATA@@@ATL@@VCComSingleThreadModel@6@@ATL@@@ATL@@UEAAPEAXI@Z 00000001800041e0 f i MSR.obj
 0001:00003238       ??_E?$CComObject@VCOPOSMSR@@@ATL@@W7EAAPEAXI@Z 0000000180004238 f i MSR.obj
 0001:00003244       ??_E?$CComObject@VCOPOSMSR@@@ATL@@WHA@EAAPEAXI@Z 0000000180004244 f i MSR.obj
 0001:00003250       ?QueryInterface@?$CComObject@VCOPOSMSR@@@ATL@@WLI@EAAJAEBU_GUID@@PEAPEAX@Z 0000000180004250 f i MSR.obj
 0001:0000325c       ?AddRef@?$CComObject@VCOPOSMSR@@@ATL@@WLI@EAAKXZ 000000018000425c f i MSR.obj
 0001:00003268       ?Release@?$CComObject@VCOPOSMSR@@@ATL@@WLI@EAAKXZ 0000000180004268 f i MSR.obj
 0001:00003274       ?QueryInterface@?$CComObject@VCOPOSMSR@@@ATL@@WMA@EAAJAEBU_GUID@@PEAPEAX@Z 0000000180004274 f i MSR.obj
 0001:00003280       ?AddRef@?$CComObject@VCOPOSMSR@@@ATL@@WMA@EAAKXZ 0000000180004280 f i MSR.obj
 0001:0000328c       ?Release@?$CComObject@VCOPOSMSR@@@ATL@@WMA@EAAKXZ 000000018000428c f i MSR.obj
 0001:00003298       ?QueryInterface@?$CComObject@VCOPOSMSR@@@ATL@@WMI@EAAJAEBU_GUID@@PEAPEAX@Z 0000000180004298 f i MSR.obj
 0001:000032a4       ?AddRef@?$CComObject@VCOPOSMSR@@@ATL@@WMI@EAAKXZ 00000001800042a4 f i MSR.obj
 0001:000032b0       ?Release@?$CComObject@VCOPOSMSR@@@ATL@@WMI@EAAKXZ 00000001800042b0 f i MSR.obj
 0001:000032bc       ?QueryInterface@?$CComObject@VCOPOSMSR@@@ATL@@WNA@EAAJAEBU_GUID@@PEAPEAX@Z 00000001800042bc f i MSR.obj
 0001:000032c8       ?AddRef@?$CComObject@VCOPOSMSR@@@ATL@@WNA@EAAKXZ 00000001800042c8 f i MSR.obj
 0001:000032d4       ?Release@?$CComObject@VCOPOSMSR@@@ATL@@WNA@EAAKXZ 00000001800042d4 f i MSR.obj
 0001:000032e0       ?QueryInterface@?$CComObject@VCOPOSMSR@@@ATL@@WNI@EAAJAEBU_GUID@@PEAPEAX@Z 00000001800042e0 f i MSR.obj
 0001:000032ec       ?AddRef@?$CComObject@VCOPOSMSR@@@ATL@@WNI@EAAKXZ 00000001800042ec f i MSR.obj
 0001:000032f8       ?Release@?$CComObject@VCOPOSMSR@@@ATL@@WNI@EAAKXZ 00000001800042f8 f i MSR.obj
 0001:00003304       ?QueryInterface@?$CComObject@VCOPOSMSR@@@ATL@@WOA@EAAJAEBU_GUID@@PEAPEAX@Z 0000000180004304 f i MSR.obj
 0001:00003310       ?AddRef@?$CComObject@VCOPOSMSR@@@ATL@@WOA@EAAKXZ 0000000180004310 f i MSR.obj
 0001:0000331c       ?Release@?$CComObject@VCOPOSMSR@@@ATL@@WOA@EAAKXZ 000000018000431c f i MSR.obj
 0001:00003328       ?QueryInterface@?$CComObject@VCOPOSMSR@@@ATL@@WOI@EAAJAEBU_GUID@@PEAPEAX@Z 0000000180004328 f i MSR.obj
 0001:00003334       ?AddRef@?$CComObject@VCOPOSMSR@@@ATL@@WOI@EAAKXZ 0000000180004334 f i MSR.obj
 0001:00003340       ?Release@?$CComObject@VCOPOSMSR@@@ATL@@WOI@EAAKXZ 0000000180004340 f i MSR.obj
 0001:0000334c       ?QueryInterface@?$CComObject@VCOPOSMSR@@@ATL@@WPA@EAAJAEBU_GUID@@PEAPEAX@Z 000000018000434c f i MSR.obj
 0001:00003358       ?AddRef@?$CComObject@VCOPOSMSR@@@ATL@@WPA@EAAKXZ 0000000180004358 f i MSR.obj
 0001:00003364       ?Release@?$CComObject@VCOPOSMSR@@@ATL@@WPA@EAAKXZ 0000000180004364 f i MSR.obj
 0001:00003370       ?QueryInterface@?$CComObject@VCOPOSMSR@@@ATL@@WPI@EAAJAEBU_GUID@@PEAPEAX@Z 0000000180004370 f i MSR.obj
 0001:0000337c       ?AddRef@?$CComObject@VCOPOSMSR@@@ATL@@WPI@EAAKXZ 000000018000437c f i MSR.obj
 0001:00003388       ?Release@?$CComObject@VCOPOSMSR@@@ATL@@WPI@EAAKXZ 0000000180004388 f i MSR.obj
 0001:00003394       ?QueryInterface@?$CComObject@VCOPOSMSR@@@ATL@@WBAA@EAAJAEBU_GUID@@PEAPEAX@Z 0000000180004394 f i MSR.obj
 0001:000033a0       ?AddRef@?$CComObject@VCOPOSMSR@@@ATL@@WBAA@EAAKXZ 00000001800043a0 f i MSR.obj
 0001:000033ac       ?Release@?$CComObject@VCOPOSMSR@@@ATL@@WBAA@EAAKXZ 00000001800043ac f i MSR.obj
 0001:000033b8       ?QueryInterface@?$CComObject@VCOPOSMSR@@@ATL@@WBAI@EAAJAEBU_GUID@@PEAPEAX@Z 00000001800043b8 f i MSR.obj
 0001:000033c4       ?AddRef@?$CComObject@VCOPOSMSR@@@ATL@@WBAI@EAAKXZ 00000001800043c4 f i MSR.obj
 0001:000033d0       ?Release@?$CComObject@VCOPOSMSR@@@ATL@@WBAI@EAAKXZ 00000001800043d0 f i MSR.obj
 0001:000033dc       ?QueryInterface@?$CComObject@VCOPOSMSR@@@ATL@@WBBA@EAAJAEBU_GUID@@PEAPEAX@Z 00000001800043dc f i MSR.obj
 0001:000033e8       ?AddRef@?$CComObject@VCOPOSMSR@@@ATL@@WBBA@EAAKXZ 00000001800043e8 f i MSR.obj
 0001:000033f4       ?Release@?$CComObject@VCOPOSMSR@@@ATL@@WBBA@EAAKXZ 00000001800043f4 f i MSR.obj
 0001:00003400       ?QueryInterface@?$CComObject@VCOPOSMSR@@@ATL@@WBBI@EAAJAEBU_GUID@@PEAPEAX@Z 0000000180004400 f i MSR.obj
 0001:0000340c       ?AddRef@?$CComObject@VCOPOSMSR@@@ATL@@WBBI@EAAKXZ 000000018000440c f i MSR.obj
 0001:00003418       ?Release@?$CComObject@VCOPOSMSR@@@ATL@@WBBI@EAAKXZ 0000000180004418 f i MSR.obj
 0001:00003424       ?AddRef@?$CComObject@VCOPOSMSR@@@ATL@@WBCI@EAAKXZ 0000000180004424 f i MSR.obj
 0001:00003430       ?Release@?$CComObject@VCOPOSMSR@@@ATL@@WBCI@EAAKXZ 0000000180004430 f i MSR.obj
 0001:0000343c       ?AddRef@?$CComObject@VCOPOSMSR@@@ATL@@WBEA@EAAKXZ 000000018000443c f i MSR.obj
 0001:00003448       ?Release@?$CComObject@VCOPOSMSR@@@ATL@@WBEA@EAAKXZ 0000000180004448 f i MSR.obj
 0001:00003454       ??_E?$CComContainedObject@VCOPOSMSR@@@ATL@@W7EAAPEAXI@Z 0000000180004454 f i MSR.obj
 0001:00003460       ??_E?$CComContainedObject@VCOPOSMSR@@@ATL@@WHA@EAAPEAXI@Z 0000000180004460 f i MSR.obj
 0001:0000346c       ?QueryInterface@?$CComContainedObject@VCOPOSMSR@@@ATL@@WLI@EAAJAEBU_GUID@@PEAPEAX@Z 000000018000446c f i MSR.obj
 0001:00003478       ?AddRef@?$CComContainedObject@VCOPOSMSR@@@ATL@@WLI@EAAKXZ 0000000180004478 f i MSR.obj
 0001:00003484       ?Release@?$CComContainedObject@VCOPOSMSR@@@ATL@@WLI@EAAKXZ 0000000180004484 f i MSR.obj
 0001:00003490       ?QueryInterface@?$CComContainedObject@VCOPOSMSR@@@ATL@@WMA@EAAJAEBU_GUID@@PEAPEAX@Z 0000000180004490 f i MSR.obj
 0001:0000349c       ?AddRef@?$CComContainedObject@VCOPOSMSR@@@ATL@@WMA@EAAKXZ 000000018000449c f i MSR.obj
 0001:000034a8       ?Release@?$CComContainedObject@VCOPOSMSR@@@ATL@@WMA@EAAKXZ 00000001800044a8 f i MSR.obj
 0001:000034b4       ?QueryInterface@?$CComContainedObject@VCOPOSMSR@@@ATL@@WMI@EAAJAEBU_GUID@@PEAPEAX@Z 00000001800044b4 f i MSR.obj
 0001:000034c0       ?AddRef@?$CComContainedObject@VCOPOSMSR@@@ATL@@WMI@EAAKXZ 00000001800044c0 f i MSR.obj
 0001:000034cc       ?Release@?$CComContainedObject@VCOPOSMSR@@@ATL@@WMI@EAAKXZ 00000001800044cc f i MSR.obj
 0001:000034d8       ?QueryInterface@?$CComContainedObject@VCOPOSMSR@@@ATL@@WNA@EAAJAEBU_GUID@@PEAPEAX@Z 00000001800044d8 f i MSR.obj
 0001:000034e4       ?AddRef@?$CComContainedObject@VCOPOSMSR@@@ATL@@WNA@EAAKXZ 00000001800044e4 f i MSR.obj
 0001:000034f0       ?Release@?$CComContainedObject@VCOPOSMSR@@@ATL@@WNA@EAAKXZ 00000001800044f0 f i MSR.obj
 0001:000034fc       ?QueryInterface@?$CComContainedObject@VCOPOSMSR@@@ATL@@WNI@EAAJAEBU_GUID@@PEAPEAX@Z 00000001800044fc f i MSR.obj
 0001:00003508       ?AddRef@?$CComContainedObject@VCOPOSMSR@@@ATL@@WNI@EAAKXZ 0000000180004508 f i MSR.obj
 0001:00003514       ?Release@?$CComContainedObject@VCOPOSMSR@@@ATL@@WNI@EAAKXZ 0000000180004514 f i MSR.obj
 0001:00003520       ?QueryInterface@?$CComContainedObject@VCOPOSMSR@@@ATL@@WOA@EAAJAEBU_GUID@@PEAPEAX@Z 0000000180004520 f i MSR.obj
 0001:0000352c       ?AddRef@?$CComContainedObject@VCOPOSMSR@@@ATL@@WOA@EAAKXZ 000000018000452c f i MSR.obj
 0001:00003538       ?Release@?$CComContainedObject@VCOPOSMSR@@@ATL@@WOA@EAAKXZ 0000000180004538 f i MSR.obj
 0001:00003544       ?QueryInterface@?$CComContainedObject@VCOPOSMSR@@@ATL@@WOI@EAAJAEBU_GUID@@PEAPEAX@Z 0000000180004544 f i MSR.obj
 0001:00003550       ?AddRef@?$CComContainedObject@VCOPOSMSR@@@ATL@@WOI@EAAKXZ 0000000180004550 f i MSR.obj
 0001:0000355c       ?Release@?$CComContainedObject@VCOPOSMSR@@@ATL@@WOI@EAAKXZ 000000018000455c f i MSR.obj
 0001:00003568       ?QueryInterface@?$CComContainedObject@VCOPOSMSR@@@ATL@@WPA@EAAJAEBU_GUID@@PEAPEAX@Z 0000000180004568 f i MSR.obj
 0001:00003574       ?AddRef@?$CComContainedObject@VCOPOSMSR@@@ATL@@WPA@EAAKXZ 0000000180004574 f i MSR.obj
 0001:00003580       ?Release@?$CComContainedObject@VCOPOSMSR@@@ATL@@WPA@EAAKXZ 0000000180004580 f i MSR.obj
 0001:0000358c       ?QueryInterface@?$CComContainedObject@VCOPOSMSR@@@ATL@@WPI@EAAJAEBU_GUID@@PEAPEAX@Z 000000018000458c f i MSR.obj
 0001:00003598       ?AddRef@?$CComContainedObject@VCOPOSMSR@@@ATL@@WPI@EAAKXZ 0000000180004598 f i MSR.obj
 0001:000035a4       ?Release@?$CComContainedObject@VCOPOSMSR@@@ATL@@WPI@EAAKXZ 00000001800045a4 f i MSR.obj
 0001:000035b0       ?QueryInterface@?$CComContainedObject@VCOPOSMSR@@@ATL@@WBAA@EAAJAEBU_GUID@@PEAPEAX@Z 00000001800045b0 f i MSR.obj
 0001:000035bc       ?AddRef@?$CComContainedObject@VCOPOSMSR@@@ATL@@WBAA@EAAKXZ 00000001800045bc f i MSR.obj
 0001:000035c8       ?Release@?$CComContainedObject@VCOPOSMSR@@@ATL@@WBAA@EAAKXZ 00000001800045c8 f i MSR.obj
 0001:000035d4       ?QueryInterface@?$CComContainedObject@VCOPOSMSR@@@ATL@@WBAI@EAAJAEBU_GUID@@PEAPEAX@Z 00000001800045d4 f i MSR.obj
 0001:000035e0       ?AddRef@?$CComContainedObject@VCOPOSMSR@@@ATL@@WBAI@EAAKXZ 00000001800045e0 f i MSR.obj
 0001:000035ec       ?Release@?$CComContainedObject@VCOPOSMSR@@@ATL@@WBAI@EAAKXZ 00000001800045ec f i MSR.obj
 0001:000035f8       ?QueryInterface@?$CComContainedObject@VCOPOSMSR@@@ATL@@WBBA@EAAJAEBU_GUID@@PEAPEAX@Z 00000001800045f8 f i MSR.obj
 0001:00003604       ?AddRef@?$CComContainedObject@VCOPOSMSR@@@ATL@@WBBA@EAAKXZ 0000000180004604 f i MSR.obj
 0001:00003610       ?Release@?$CComContainedObject@VCOPOSMSR@@@ATL@@WBBA@EAAKXZ 0000000180004610 f i MSR.obj
 0001:0000361c       ?QueryInterface@?$CComContainedObject@VCOPOSMSR@@@ATL@@WBBI@EAAJAEBU_GUID@@PEAPEAX@Z 000000018000461c f i MSR.obj
 0001:00003628       ?AddRef@?$CComContainedObject@VCOPOSMSR@@@ATL@@WBBI@EAAKXZ 0000000180004628 f i MSR.obj
 0001:00003634       ?Release@?$CComContainedObject@VCOPOSMSR@@@ATL@@WBBI@EAAKXZ 0000000180004634 f i MSR.obj
 0001:00003640       ?AddRef@?$CComContainedObject@VCOPOSMSR@@@ATL@@WBCI@EAAKXZ 0000000180004640 f i MSR.obj
 0001:0000364c       ?Release@?$CComContainedObject@VCOPOSMSR@@@ATL@@WBCI@EAAKXZ 000000018000464c f i MSR.obj
 0001:00003658       ?AddRef@?$CComContainedObject@VCOPOSMSR@@@ATL@@WBEA@EAAKXZ 0000000180004658 f i MSR.obj
 0001:00003664       ?Release@?$CComContainedObject@VCOPOSMSR@@@ATL@@WBEA@EAAKXZ 0000000180004664 f i MSR.obj
 0001:00003670       ?CreateInstance@CComClassFactory@ATL@@UEAAJPEAUIUnknown@@AEBU_GUID@@PEAPEAX@Z 0000000180004670 f i MSR.obj
 0001:000036d0       ?LockServer@CComClassFactory@ATL@@UEAAJH@Z 00000001800046d0 f i MSR.obj
 0001:000036f4       ??_GCComClassFactory@ATL@@UEAAPEAXI@Z 00000001800046f4 f i MSR.obj
 0001:000036f4       ??_ECComClassFactory@ATL@@UEAAPEAXI@Z 00000001800046f4 f i MSR.obj
 0001:00003744       ??$AtlModuleRegisterWndClassInfoT@VAtlModuleRegisterWndClassInfoParamW@ATL@@@ATL@@YAGPEAU_ATL_BASE_MODULE70@0@PEAU_ATL_WIN_MODULE70@0@PEAU_ATL_WNDCLASSINFOW@0@PEAP6A_JPEAUHWND__@@I_K_J@ZVAtlModuleRegisterWndClassInfoParamW@0@@Z 0000000180004744 f i MSR.obj
 0001:00003944       ??0?$CComContainedObject@VCOPOSMSR@@@ATL@@QEAA@PEAX@Z 0000000180004944 f i MSR.obj
 0001:00003a60       ??0?$CComObject@VCOPOSMSR@@@ATL@@QEAA@PEAX@Z 0000000180004a60 f i MSR.obj
 0001:00003b78       ??0CAtlModule@ATL@@QEAA@XZ 0000000180004b78 f i MSR.obj
 0001:00003bec       ??1?$CComEnumImpl@UIEnumConnectionPoints@@$1?_GUID_b196b285_bab4_101a_b69c_00aa00341d07@@3U__s_GUID@@BPEAUIConnectionPoint@@V?$_CopyInterface@UIConnectionPoint@@@ATL@@@ATL@@UEAA@XZ 0000000180004bec f i MSR.obj
 0001:00003c48       ??1?$CComEnumImpl@UIEnumConnections@@$1?_GUID_b196b287_bab4_101a_b69c_00aa00341d07@@3U__s_GUID@@BUtagCONNECTDATA@@V?$_Copy@UtagCONNECTDATA@@@ATL@@@ATL@@UEAA@XZ 0000000180004c48 f i MSR.obj
 0001:00003ca4       ??1?$CComObject@VCOPOSMSR@@@ATL@@UEAA@XZ 0000000180004ca4 f i MSR.obj
 0001:00003dc4       ??_G?$CComContainedObject@VCOPOSMSR@@@ATL@@UEAAPEAXI@Z 0000000180004dc4 f i MSR.obj
 0001:00003dc4       ??_E?$CComContainedObject@VCOPOSMSR@@@ATL@@UEAAPEAXI@Z 0000000180004dc4 f i MSR.obj
 0001:00003df8       ??_G?$CComObject@VCOPOSMSR@@@ATL@@UEAAPEAXI@Z 0000000180004df8 f i MSR.obj
 0001:00003df8       ??_E?$CComObject@VCOPOSMSR@@@ATL@@UEAAPEAXI@Z 0000000180004df8 f i MSR.obj
 0001:00003e2c       ?Add@?$CSimpleArray@GV?$CSimpleArrayEqualHelper@G@ATL@@@ATL@@QEAAHAEBG@Z 0000000180004e2c f i MSR.obj
 0001:00003ee0       ?Add@?$CSimpleMap@PEA_WPEA_WVCExpansionVectorEqualHelper@ATL@@@ATL@@QEAAHAEBQEA_W0@Z 0000000180004ee0 f i MSR.obj
 0001:00003f80       ?Add@CComDynamicUnkArray@ATL@@QEAAKPEAUIUnknown@@@Z 0000000180004f80 f i MSR.obj
 0001:00004068       ?Add@CExpansionVector@ATL@@QEAAHPEB_W0@Z 0000000180005068 f i MSR.obj
 0001:0000419c       ?AddTermFunc@CAtlModule@ATL@@QEAAJP6AX_K@Z0@Z 000000018000519c f i MSR.obj
 0001:00004238       ?AddValue@CRegParser@ATL@@IEAAJAEAVCRegKey@2@PEB_WPEA_W@Z 0000000180005238 f i MSR.obj
 0001:00004680       ?AllocateHeap@?$CTempBuffer@_W$0BAA@VCCRTAllocator@ATL@@@ATL@@AEAAX_K@Z 0000000180005680 f i MSR.obj
 0001:00004680       ?AllocateHeap@?$CTempBuffer@E$0BAA@VCCRTAllocator@ATL@@@ATL@@AEAAX_K@Z 0000000180005680 f i MSR.obj
 0001:00004680       ?AllocateHeap@?$CTempBuffer@_W$0EAA@VCCRTAllocator@ATL@@@ATL@@AEAAX_K@Z 0000000180005680 f i MSR.obj
 0001:000046ac       ?Append@CParseBuffer@CRegParser@ATL@@QEAAHPEB_WH@Z 00000001800056ac f i MSR.obj
 0001:000047f4       ?AtlComModuleGetClassObject@ATL@@YAJPEAU_ATL_COM_MODULE70@1@AEBU_GUID@@1PEAPEAX@Z 00000001800057f4 f i MSR.obj
 0001:00004934       ?AtlComModuleRegisterServer@ATL@@YAJPEAU_ATL_COM_MODULE70@1@HPEBU_GUID@@@Z 0000000180005934 f i MSR.obj
 0001:000049f4       ?AtlComModuleUnregisterServer@ATL@@YAJPEAU_ATL_COM_MODULE70@1@HPEBU_GUID@@@Z 00000001800059f4 f i MSR.obj
 0001:00004ab0       ?AtlHiMetricToPixel@ATL@@YAXPEBUtagSIZE@@PEAU2@@Z 0000000180005ab0 f i MSR.obj
 0001:00004b60       ?AtlHresultFromLastError@ATL@@YAJXZ 0000000180005b60 f i MSR.obj
 0001:00004b80       ?AtlHresultFromWin32@ATL@@YAJK@Z 0000000180005b80 f i MSR.obj
 0001:00004b90       ?AtlInternalOleLoadFromStream@ATL@@YAJPEAUIStream@@AEBU_GUID@@PEAPEAXTClassesAllowedInStream@1@K@Z 0000000180005b90 f i MSR.obj
 0001:00004cd4       ?AtlInternalQueryInterface@ATL@@YAJPEAXPEBU_ATL_INTMAP_ENTRY@1@AEBU_GUID@@PEAPEAX@Z 0000000180005cd4 f i MSR.obj
 0001:00004ddc       ?AtlLoadTypeLib@ATL@@YAJPEAUHINSTANCE__@@PEB_WPEAPEA_WPEAPEAUITypeLib@@@Z 0000000180005ddc f i MSR.obj
 0001:00005038       ?AtlRegisterClassCategoriesHelper@ATL@@YAJAEBU_GUID@@PEBU_ATL_CATMAP_ENTRY@1@H@Z 0000000180006038 f i MSR.obj
 0001:000054bc       ?AtlRegisterTypeLib@ATL@@YAJPEAUHINSTANCE__@@PEB_W@Z 00000001800064bc f i MSR.obj
 0001:000056b8       ?AtlThrowImpl@ATL@@YAXJ@Z  00000001800066b8 f i MSR.obj
 0001:000056dc       ?AtlUnRegisterTypeLib@ATL@@YAJPEAUHINSTANCE__@@PEB_W@Z 00000001800066dc f i MSR.obj
 0001:000057a4       ?AtlWinModuleExtractCreateWndData@ATL@@YAPEAXPEAU_ATL_WIN_MODULE70@1@@Z 00000001800067a4 f i MSR.obj
 0001:00005830       ?Cleanup@CComTypeInfoHolder@ATL@@SAX_K@Z 0000000180006830 f i MSR.obj
 0001:00005870       ?ClearReplacements@CExpansionVector@ATL@@QEAAJXZ 0000000180006870 f i MSR.obj
 0001:0000590c       ?CreateInstance@?$CComCreator@V?$CComAggObject@VCOPOSMSR@@@ATL@@@ATL@@SAJPEAXAEBU_GUID@@PEAPEAX@Z 000000018000690c f i MSR.obj
 0001:000059fc       ?CreateInstance@?$CComCreator@V?$CComObject@VCOPOSMSR@@@ATL@@@ATL@@SAJPEAXAEBU_GUID@@PEAPEAX@Z 00000001800069fc f i MSR.obj
 0001:00005ab4       ?CreateInstance@?$CComObject@V?$CComEnum@UIEnumConnectionPoints@@$1?_GUID_b196b285_bab4_101a_b69c_00aa00341d07@@3U__s_GUID@@BPEAUIConnectionPoint@@V?$_CopyInterface@UIConnectionPoint@@@ATL@@VCComSingleThreadModel@6@@ATL@@@ATL@@SAJPEAPEAV12@@Z 0000000180006ab4 f i MSR.obj
 0001:00005b40       ?CreateInstance@?$CComObject@V?$CComEnum@UIEnumConnections@@$1?_GUID_b196b287_bab4_101a_b69c_00aa00341d07@@3U__s_GUID@@BUtagCONNECTDATA@@V?$_Copy@UtagCONNECTDATA@@@ATL@@VCComSingleThreadModel@6@@ATL@@@ATL@@SAJPEAPEAV12@@Z 0000000180006b40 f i MSR.obj
 0001:00005bcc       ?DefaultReflectionHandler@?$CWindowImplRoot@VCWindow@ATL@@@ATL@@SAHPEAUHWND__@@I_K_JAEA_J@Z 0000000180006bcc f i MSR.obj
 0001:00005c30       ?DeleteSubKey@CRegKey@ATL@@QEAAJPEB_W@Z 0000000180006c30 f i MSR.obj
 0001:00005cc8       ?DoEvent@COPOSMSR@@IEAAXI_K_J@Z 0000000180006cc8 f i MSR.obj
 0001:00005d7c       ?DoVerbPrimary@?$IOleObjectImpl@VCOPOSMSR@@@ATL@@QEAAJPEBUtagRECT@@PEAUHWND__@@@Z 0000000180006d7c f i MSR.obj
 0001:00005ea8       ?DoVerbProperties@CComControlBase@ATL@@QEAAJPEBUtagRECT@@PEAUHWND__@@@Z 0000000180006ea8 f i MSR.obj
 0001:000060d0       ?FireTheEvent@?$CProxy_IOPOSEvents@VCOPOSMSR@@@@IEAAXPEAVOposVariant@@IAEAJPEB_WJ@Z 00000001800070d0 f i MSR.obj
 0001:000061bc       ?FireViewChange@CComControlBase@ATL@@QEAAJXZ 00000001800071bc f i MSR.obj
 0001:00006220       ?Fire_DataEvent@?$CProxy_IOPOSEvents@VCOPOSMSR@@@@QEAAXJ@Z 0000000180007220 f i MSR.obj
 0001:0000630c       ?Fire_DirectIOEvent@?$CProxy_IOPOSEvents@VCOPOSMSR@@@@QEAAXJPEAJPEAPEA_W@Z 000000018000730c f i MSR.obj
 0001:00006464       ?Fire_ErrorEvent@?$CProxy_IOPOSEvents@VCOPOSMSR@@@@QEAAXJJJPEAJ@Z 0000000180007464 f i MSR.obj
 0001:000065cc       ?Fire_StatusUpdateEvent@?$CProxy_IOPOSEvents@VCOPOSMSR@@@@QEAAXJ@Z 00000001800075cc f i MSR.obj
 0001:000066b8       ?FreeHeap@?$CTempBuffer@_W$0BAA@VCCRTAllocator@ATL@@@ATL@@AEAAXXZ 00000001800076b8 f i MSR.obj
 0001:000066b8       ?FreeHeap@?$CTempBuffer@E$0BAA@VCCRTAllocator@ATL@@@ATL@@AEAAXXZ 00000001800076b8 f i MSR.obj
 0001:000066b8       ?FreeHeap@?$CTempBuffer@_W$0EAA@VCCRTAllocator@ATL@@@ATL@@AEAAXXZ 00000001800076b8 f i MSR.obj
 0001:000066c0       ?GetAmbientLocaleID@CComControlBase@ATL@@QEAAJAEAK@Z 00000001800076c0 f i MSR.obj
 0001:00006780       ?GetAmbientUserMode@CComControlBase@ATL@@QEAAJAEAH@Z 0000000180007780 f i MSR.obj
 0001:00006850       ?GetClassObject@CComModule@ATL@@QEAAJAEBU_GUID@@0PEAPEAX@Z 0000000180007850 f i MSR.obj
 0001:00006944       ?GetConnMap@COPOSMSR@@SAPEBU_ATL_CONNMAP_ENTRY@ATL@@PEAH@Z 0000000180007944 f i MSR.obj
 0001:000069cc       ?GetIDsOfNames@CComTypeInfoHolder@ATL@@QEAAJAEBU_GUID@@PEAPEA_WIKPEAJ@Z 00000001800079cc f i MSR.obj
 0001:00006b44       ?GetPagesHelper@?$ISpecifyPropertyPagesImpl@VCOPOSMSR@@@ATL@@IEAAJPEAUtagCAUUID@@PEBUATL_PROPMAP_ENTRY@2@@Z 0000000180007b44 f i MSR.obj
 0001:00006ce4       ?GetSizeMax@CComVariant@ATL@@QEBAJPEAT_ULARGE_INTEGER@@@Z 0000000180007ce4 f i MSR.obj
 0001:00006f18       ?GetTI@CComTypeInfoHolder@ATL@@QEAAJK@Z 0000000180007f18 f i MSR.obj
 0001:00007210       ?GetZoomInfo@CComControlBase@ATL@@QEAAXAEAUATL_DRAWINFO@@@Z 0000000180008210 f i MSR.obj
 0001:000072b4       ?HKeyFromString@CRegParser@ATL@@KAPEAUHKEY__@@PEA_W@Z 00000001800082b4 f i MSR.obj
 0001:00007318       ?IDataObject_GetData@CComControlBase@ATL@@QEAAJPEAUtagFORMATETC@@PEAUtagSTGMEDIUM@@@Z 0000000180008318 f i MSR.obj
 0001:0000750c       ?IOleInPlaceObject_InPlaceDeactivate@CComControlBase@ATL@@QEAAJXZ 000000018000850c f i MSR.obj
 0001:000075ac       ?IOleInPlaceObject_SetObjectRects@CComControlBase@ATL@@QEAAJPEBUtagRECT@@0@Z 00000001800085ac f i MSR.obj
 0001:0000769c       ?IOleInPlaceObject_UIDeactivate@CComControlBase@ATL@@QEAAJXZ 000000018000869c f i MSR.obj
 0001:000077a8       ?IOleObject_Close@CComControlBase@ATL@@QEAAJK@Z 00000001800087a8 f i MSR.obj
 0001:000078c0       ?IOleObject_SetClientSite@CComControlBase@ATL@@QEAAJPEAUIOleClientSite@@@Z 00000001800088c0 f i MSR.obj
 0001:00007938       ?IOleObject_SetExtent@CComControlBase@ATL@@QEAAJKPEAUtagSIZE@@@Z 0000000180008938 f i MSR.obj
 0001:000079d0       ?IPSI_GetIPersistStreamInit@?$IPersistStorageImpl@VCOPOSMSR@@@ATL@@AEAAPEAUIPersistStreamInit@@XZ 00000001800089d0 f i MSR.obj
 0001:00007ab8       ?IPersistStreamInit_Load@?$IPersistStreamInitImpl@VCOPOSMSR@@@ATL@@QEAAJPEAUIStream@@PEBUATL_PROPMAP_ENTRY@2@@Z 0000000180008ab8 f i MSR.obj
 0001:00007dec       ?IPersistStreamInit_Save@?$IPersistStreamInitImpl@VCOPOSMSR@@@ATL@@QEAAJPEAUIStream@@HPEBUATL_PROPMAP_ENTRY@2@@Z 0000000180008dec f i MSR.obj
 0001:00008090       ?IQuickActivate_QuickActivate@CComControlBase@ATL@@QEAAJPEAUtagQACONTAINER@@PEAUtagQACONTROL@@@Z 0000000180009090 f i MSR.obj
 0001:00008354       ?IViewObject_Draw@CComControlBase@ATL@@QEAAJKJPEAXPEAUtagDVTARGETDEVICE@@PEAUHDC__@@2PEBU_RECTL@@3@Z 0000000180009354 f i MSR.obj
 0001:00008468       ?InPlaceActivate@CComControlBase@ATL@@QEAAJJPEBUtagRECT@@@Z 0000000180009468 f i MSR.obj
 0001:000087a0       ?Init@?$CComEnumImpl@UIEnumConnectionPoints@@$1?_GUID_b196b285_bab4_101a_b69c_00aa00341d07@@3U__s_GUID@@BPEAUIConnectionPoint@@V?$_CopyInterface@UIConnectionPoint@@@ATL@@@ATL@@QEAAJPEAPEAUIConnectionPoint@@0PEAUIUnknown@@W4CComEnumFlags@2@@Z 00000001800097a0 f i MSR.obj
 0001:000088c0       ?Init@?$CComEnumImpl@UIEnumConnections@@$1?_GUID_b196b287_bab4_101a_b69c_00aa00341d07@@3U__s_GUID@@BUtagCONNECTDATA@@V?$_Copy@UtagCONNECTDATA@@@ATL@@@ATL@@QEAAJPEAUtagCONNECTDATA@@0PEAUIUnknown@@W4CComEnumFlags@2@@Z 00000001800098c0 f i MSR.obj
 0001:000089e4       ?IsEqualObject@?$CComPtrBase@UIOleClientSite@@@ATL@@QEAA_NPEAUIUnknown@@@Z 00000001800099e4 f i MSR.obj
 0001:00008a70       ?LoadNameCache@CComTypeInfoHolder@ATL@@QEAAJPEAUITypeInfo@@@Z 0000000180009a70 f i MSR.obj
 0001:00008bf0       ?Lookup@?$CSimpleMap@PEA_WPEA_WVCExpansionVectorEqualHelper@ATL@@@ATL@@QEBAPEA_WAEBQEA_W@Z 0000000180009bf0 f i MSR.obj
 0001:00008c7c       ?NextToken@CRegParser@ATL@@IEAAJPEA_W@Z 0000000180009c7c f i MSR.obj
 0001:00008e34       ?OnKillFocus@CComControlBase@ATL@@QEAA_JI_K_JAEAH@Z 0000000180009e34 f i MSR.obj
 0001:00008ed0       ?OnMouseActivate@CComControlBase@ATL@@QEAA_JI_K_JAEAH@Z 0000000180009ed0 f i MSR.obj
 0001:00008f70       ?OnPaint@CComControlBase@ATL@@QEAA_JI_K_JAEAH@Z 0000000180009f70 f i MSR.obj
 0001:0000905c       ?OnSetFocus@CComControlBase@ATL@@QEAA_JI_K_JAEAH@Z 000000018000a05c f i MSR.obj
 0001:00009158       ?PreProcessBuffer@CRegParser@ATL@@QEAAJPEA_WPEAPEA_W@Z 000000018000a158 f i MSR.obj
 0001:000094dc       ?ProcessWindowMessage@?$CComControl@VCOPOSMSR@@V?$CWindowImpl@VCOPOSMSR@@VCWindow@ATL@@V?$CWinTraits@$0FGAAAAAA@$0A@@3@@ATL@@@ATL@@UEAAHPEAUHWND__@@I_K_JAEA_JK@Z 000000018000a4dc f i MSR.obj
 0001:000095c0       ?ReadFromStream@CComBSTR@ATL@@QEAAJPEAUIStream@@@Z 000000018000a5c0 f i MSR.obj
 0001:0000971c       ?ReadFromStream@CComVariant@ATL@@QEAAJPEAUIStream@@GTClassesAllowedInStream@2@K@Z 000000018000a71c f i MSR.obj
 0001:0000992c       ?RecurseDeleteKey@CRegKey@ATL@@QEAAJPEB_W@Z 000000018000a92c f i MSR.obj
 0001:00009a84       ?RegCreateKeyExW@CAtlTransactionManager@ATL@@QEAAJPEAUHKEY__@@PEB_WKPEA_WKKQEAU_SECURITY_ATTRIBUTES@@PEAPEAU3@PEAK@Z 000000018000aa84 f i MSR.obj
 0001:00009bb8       ?RegDeleteKeyW@CAtlTransactionManager@ATL@@QEAAJPEAUHKEY__@@PEB_W@Z 000000018000abb8 f i MSR.obj
 0001:00009c44       ?RegOpenKeyExW@CAtlTransactionManager@ATL@@QEAAJPEAUHKEY__@@PEB_WKKPEAPEAU3@@Z 000000018000ac44 f i MSR.obj
 0001:00009cfc       ?RegisterBuffer@CRegParser@ATL@@QEAAJPEA_WH@Z 000000018000acfc f i MSR.obj
 0001:00009e64       ?RegisterFromResource@CRegObject@ATL@@IEAAJPEB_W00H@Z 000000018000ae64 f i MSR.obj
 0001:0000a020       ?RegisterServer@CComModule@ATL@@QEAAJHPEBU_GUID@@@Z 000000018000b020 f i MSR.obj
 0001:0000a0e0       ?RegisterSubkeys@CRegParser@ATL@@IEAAJPEA_WPEAUHKEY__@@HH@Z 000000018000b0e0 f i MSR.obj
 0001:0000a94c       ?SendOnDataChange@CComControlBase@ATL@@QEAAJK@Z 000000018000b94c f i MSR.obj
 0001:0000a9bc       ?SetControlFocus@CComControlBase@ATL@@QEAAHH@Z 000000018000b9bc f i MSR.obj
 0001:0000aa98       ?SkipAssignment@CRegParser@ATL@@IEAAJPEA_W@Z 000000018000ba98 f i MSR.obj
 0001:0000ab3c       ?Term@CAtlModule@ATL@@QEAAXXZ 000000018000bb3c f i MSR.obj
 0001:0000abbc       ?Term@CComModule@ATL@@QEAAXXZ 000000018000bbbc f i MSR.obj
 0001:0000ac38       ?UnregisterServer@CComModule@ATL@@QEAAJHPEBU_GUID@@@Z 000000018000bc38 f i MSR.obj
 0001:0000ace8       ?UpdateRegistryFromResource@CAtlModule@ATL@@QEAAJIHPEAU_ATL_REGMAP_ENTRY@2@@Z 000000018000bce8 f i MSR.obj
 0001:0000aff4       ?UpdateRegistryFromResource@CAtlModule@ATL@@QEAAJPEB_WHPEAU_ATL_REGMAP_ENTRY@2@@Z 000000018000bff4 f i MSR.obj
 0001:0000b318       ?VTFromRegType@CRegParser@ATL@@KAHPEB_WAEAG@Z 000000018000c318 f i MSR.obj
 0001:0000b3b4       ?WindowProc@?$CWindowImplBaseT@VCWindow@ATL@@V?$CWinTraits@$0FGAAAAAA@$0A@@2@@ATL@@SA_JPEAUHWND__@@I_K_J@Z 000000018000c3b4 f i MSR.obj
 0001:0000b520       ?WriteToStream@CComVariant@ATL@@QEAAJPEAUIStream@@@Z 000000018000c520 f i MSR.obj
 0001:0000b774       ?WriteToStream@CComVariant@ATL@@QEAAJPEAUIStream@@G@Z 000000018000c774 f i MSR.obj
 0001:0000b80c       ?_AtlVerifyStackAvailable@_ATL_SAFE_ALLOCA_IMPL@ATL@@YA_N_K@Z 000000018000c80c f i MSR.obj
 0001:0000b890       ?atlCreate@?$CWindowImpl@VCOPOSMSR@@VCWindow@ATL@@V?$CWinTraits@$0FGAAAAAA@$0A@@3@@ATL@@QEAAPEAUHWND__@@PEAU3@V_U_RECT@2@PEB_WKKV_U_MENUorID@2@PEAX@Z 000000018000c890 f i MSR.obj
 0001:0000b940       ?atlCreate@?$CWindowImplBaseT@VCWindow@ATL@@V?$CWinTraits@$0FGAAAAAA@$0A@@2@@ATL@@QEAAPEAUHWND__@@PEAU3@V_U_RECT@2@PEB_WKKV_U_MENUorID@2@GPEAX@Z 000000018000c940 f i MSR.obj
 0001:0000bab0       ?ocscpy_s@@YA_NPEA_W_KPEB_W@Z 000000018000cab0 f i MSR.obj
 0001:0000bb60       DllCanUnloadNow            000000018000cb60 f   MSR.obj
 0001:0000bb6c       DllGetClassObject          000000018000cb6c f   MSR.obj
 0001:0000bb84       DllMain                    000000018000cb84 f   MSR.obj
 0001:0000bc2c       DllRegisterServer          000000018000cc2c f   MSR.obj
 0001:0000bc40       DllUnregisterServer        000000018000cc40 f   MSR.obj
 0001:0000bc54       __local_stdio_printf_options 000000018000cc54 f i MSR.obj
 0001:0000bc5c       swprintf_s                 000000018000cc5c f i MSR.obj
 0001:0000bcb0       ??0COPOSMSR@@QEAA@XZ       000000018000ccb0 f   MSRImpl.obj
 0001:0000bd78       ??1?$IConnectionPointImpl@VCOPOSMSR@@$1?DIID__IOPOSMSREvents@@3U_GUID@@BVCComDynamicUnkArray@ATL@@@ATL@@QEAA@XZ 000000018000cd78 f i MSRImpl.obj
 0001:0000bd78       ??1?$IConnectionPointImpl@VCOPOSMSR@@$1?IID_IPropertyNotifySink@@3U_GUID@@BVCComDynamicUnkArray@ATL@@@ATL@@QEAA@XZ 000000018000cd78 f i MSRImpl.obj
 0001:0000bdd4       ??1CComControlBase@ATL@@UEAA@XZ 000000018000cdd4 f i MSRImpl.obj
 0001:0000be50       ??1COPOSMSR@@UEAA@XZ       000000018000ce50 f   MSRImpl.obj
 0001:0000beb4       ?AuthenticateDevice@COPOSMSR@@UEAAJPEA_WPEAJ@Z 000000018000ceb4 f   MSRImpl.obj
 0001:0000bf3c       ?CheckHealth@COPOSMSR@@UEAAJJPEAJ@Z 000000018000cf3c f   MSRImpl.obj
 0001:0000bfb8       ?ClaimDevice@COPOSMSR@@UEAAJJPEAJ@Z 000000018000cfb8 f   MSRImpl.obj
 0001:0000c058       ?ClearInput@COPOSMSR@@UEAAJPEAJ@Z 000000018000d058 f   MSRImpl.obj
 0001:0000c080       ?ClearInputProperties@COPOSMSR@@UEAAJPEAJ@Z 000000018000d080 f   MSRImpl.obj
 0001:0000c0a8       ?Close@COPOSMSR@@UEAAJPEAJ@Z 000000018000d0a8 f   MSRImpl.obj
 0001:0000c160       ?CompareFirmwareVersion@COPOSMSR@@UEAAJPEA_WPEAJ1@Z 000000018000d160 f   MSRImpl.obj
 0001:0000c23c       ?DeauthenticateDevice@COPOSMSR@@UEAAJPEA_WPEAJ@Z 000000018000d23c f   MSRImpl.obj
 0001:0000c2c4       ?DirectIO@COPOSMSR@@UEAAJJPEAJPEAPEA_W0@Z 000000018000d2c4 f   MSRImpl.obj
 0001:0000c3c0       ?DoInvoke@COPOSMSR@@IEAAJJPEAVOposVariant@@IHPEAJ_N@Z 000000018000d3c0 f   MSRImpl.obj
 0001:0000c4f4       ?EventInit@COPOSMSR@@IEAAJXZ 000000018000d4f4 f i MSRImpl.obj
 0001:0000c63c       ?EventUninit@COPOSMSR@@IEAAXXZ 000000018000d63c f i MSRImpl.obj
 0001:0000c6a0       ?EventWindowProc@COPOSMSR@@IEAA_JI_K_J@Z 000000018000d6a0 f i MSRImpl.obj
 0001:0000c82c       ?FinalConstruct@COPOSMSR@@QEAAJXZ 000000018000d82c f   MSRImpl.obj
 0001:0000c868       ?FreezeEvents@COPOSMSR@@MEAAJH@Z 000000018000d868 f   MSRImpl.obj
 0001:0000c8dc       ?GetOposProp@COPOSMSR@@IEAAJJPEAJJ@Z 000000018000d8dc f   MSRImpl.obj
 0001:0000c9f8       ?GetOposProp@COPOSMSR@@IEAAJJPEAPEA_WJ@Z 000000018000d9f8 f   MSRImpl.obj
 0001:0000cb24       ?OnDraw@COPOSMSR@@MEAAJAEAUATL_DRAWINFO@@@Z 000000018000db24 f   MSRImpl.obj
 0001:0000cc10       ?Open@COPOSMSR@@UEAAJPEA_WPEAJ@Z 000000018000dc10 f   MSRImpl.obj
 0001:0000d498       ?ReleaseDevice@COPOSMSR@@UEAAJPEAJ@Z 000000018000e498 f   MSRImpl.obj
 0001:0000d504       ?ResetStatistics@COPOSMSR@@UEAAJPEA_WPEAJ@Z 000000018000e504 f   MSRImpl.obj
 0001:0000d58c       ?RetrieveCardProperty@COPOSMSR@@UEAAJPEA_WPEAPEA_WPEAJ@Z 000000018000e58c f   MSRImpl.obj
 0001:0000d668       ?RetrieveDeviceAuthenticationData@COPOSMSR@@UEAAJPEAPEA_WPEAJ@Z 000000018000e668 f   MSRImpl.obj
 0001:0000d6f0       ?RetrieveStatistics@COPOSMSR@@UEAAJPEAPEA_WPEAJ@Z 000000018000e6f0 f   MSRImpl.obj
 0001:0000d778       ?SOProcessID@COPOSMSR@@UEAAJPEAJ@Z 000000018000e778 f   MSRImpl.obj
 0001:0000d794       ?SetCOFreezeEvents@COPOSMSR@@IEAAXF@Z 000000018000e794 f   MSRImpl.obj
 0001:0000d878       ?SetOposProp@COPOSMSR@@IEAAJJJJ@Z 000000018000e878 f   MSRImpl.obj
 0001:0000d9d8       ?SetOposProp@COPOSMSR@@IEAAJJPEA_WJ@Z 000000018000e9d8 f   MSRImpl.obj
 0001:0000db30       ?UpdateFirmware@COPOSMSR@@UEAAJPEA_WPEAJ@Z 000000018000eb30 f   MSRImpl.obj
 0001:0000dbb8       ?UpdateKey@COPOSMSR@@UEAAJPEA_W0PEAJ@Z 000000018000ebb8 f   MSRImpl.obj
 0001:0000dc94       ?UpdateStatistics@COPOSMSR@@UEAAJPEA_WPEAJ@Z 000000018000ec94 f   MSRImpl.obj
 0001:0000dd1c       ?WriteTracks@COPOSMSR@@UEAAJUtagVARIANT@@JPEAJ@Z 000000018000ed1c f   MSRImpl.obj
 0001:0000ddf8       ?get_AccountNumber@COPOSMSR@@UEAAJPEAPEA_W@Z 000000018000edf8 f   MSRImpl.obj
 0001:0000de08       ?get_AdditionalSecurityInformation@COPOSMSR@@UEAAJPEAPEA_W@Z 000000018000ee08 f   MSRImpl.obj
 0001:0000de1c       ?get_AutoDisable@COPOSMSR@@UEAAJPEAF@Z 000000018000ee1c f   MSRImpl.obj
 0001:0000de50       ?get_BinaryConversion@COPOSMSR@@UEAAJPEAJ@Z 000000018000ee50 f   MSRImpl.obj
 0001:0000de64       ?get_CapCardAuthentication@COPOSMSR@@UEAAJPEAPEA_W@Z 000000018000ee64 f   MSRImpl.obj
 0001:0000de78       ?get_CapCompareFirmwareVersion@COPOSMSR@@UEAAJPEAF@Z 000000018000ee78 f   MSRImpl.obj
 0001:0000deac       ?get_CapDataEncryption@COPOSMSR@@UEAAJPEAJ@Z 000000018000eeac f   MSRImpl.obj
 0001:0000dec0       ?get_CapDeviceAuthentication@COPOSMSR@@UEAAJPEAJ@Z 000000018000eec0 f   MSRImpl.obj
 0001:0000ded4       ?get_CapISO@COPOSMSR@@UEAAJPEAF@Z 000000018000eed4 f   MSRImpl.obj
 0001:0000df04       ?get_CapJISOne@COPOSMSR@@UEAAJPEAF@Z 000000018000ef04 f   MSRImpl.obj
 0001:0000df34       ?get_CapJISTwo@COPOSMSR@@UEAAJPEAF@Z 000000018000ef34 f   MSRImpl.obj
 0001:0000df64       ?get_CapPowerReporting@COPOSMSR@@UEAAJPEAJ@Z 000000018000ef64 f   MSRImpl.obj
 0001:0000df78       ?get_CapStatisticsReporting@COPOSMSR@@UEAAJPEAF@Z 000000018000ef78 f   MSRImpl.obj
 0001:0000dfac       ?get_CapTrackDataMasking@COPOSMSR@@UEAAJPEAF@Z 000000018000efac f   MSRImpl.obj
 0001:0000dfe0       ?get_CapTransmitSentinels@COPOSMSR@@UEAAJPEAF@Z 000000018000efe0 f   MSRImpl.obj
 0001:0000e014       ?get_CapUpdateFirmware@COPOSMSR@@UEAAJPEAF@Z 000000018000f014 f   MSRImpl.obj
 0001:0000e048       ?get_CapUpdateStatistics@COPOSMSR@@UEAAJPEAF@Z 000000018000f048 f   MSRImpl.obj
 0001:0000e07c       ?get_CapWritableTracks@COPOSMSR@@UEAAJPEAJ@Z 000000018000f07c f   MSRImpl.obj
 0001:0000e090       ?get_CardAuthenticationData@COPOSMSR@@UEAAJPEAPEA_W@Z 000000018000f090 f   MSRImpl.obj
 0001:0000e0a4       ?get_CardAuthenticationDataLength@COPOSMSR@@UEAAJPEAJ@Z 000000018000f0a4 f   MSRImpl.obj
 0001:0000e0b8       ?get_CardPropertyList@COPOSMSR@@UEAAJPEAPEA_W@Z 000000018000f0b8 f   MSRImpl.obj
 0001:0000e0cc       ?get_CardType@COPOSMSR@@UEAAJPEAPEA_W@Z 000000018000f0cc f   MSRImpl.obj
 0001:0000e0e0       ?get_CardTypeList@COPOSMSR@@UEAAJPEAPEA_W@Z 000000018000f0e0 f   MSRImpl.obj
 0001:0000e0f4       ?get_CheckHealthText@COPOSMSR@@UEAAJPEAPEA_W@Z 000000018000f0f4 f   MSRImpl.obj
 0001:0000e104       ?get_Claimed@COPOSMSR@@UEAAJPEAF@Z 000000018000f104 f   MSRImpl.obj
 0001:0000e134       ?get_ControlObjectDescription@COPOSMSR@@UEAAJPEAPEA_W@Z 000000018000f134 f   MSRImpl.obj
 0001:0000e198       ?get_ControlObjectVersion@COPOSMSR@@UEAAJPEAJ@Z 000000018000f198 f   MSRImpl.obj
 0001:0000e1a4       ?get_DataCount@COPOSMSR@@UEAAJPEAJ@Z 000000018000f1a4 f   MSRImpl.obj
 0001:0000e1b8       ?get_DataEncryptionAlgorithm@COPOSMSR@@UEAAJPEAJ@Z 000000018000f1b8 f   MSRImpl.obj
 0001:0000e1cc       ?get_DataEventEnabled@COPOSMSR@@UEAAJPEAF@Z 000000018000f1cc f   MSRImpl.obj
 0001:0000e1fc       ?get_DecodeData@COPOSMSR@@UEAAJPEAF@Z 000000018000f1fc f   MSRImpl.obj
 0001:0000e22c       ?get_DeviceAuthenticated@COPOSMSR@@UEAAJPEAF@Z 000000018000f22c f   MSRImpl.obj
 0001:0000e260       ?get_DeviceAuthenticationProtocol@COPOSMSR@@UEAAJPEAJ@Z 000000018000f260 f   MSRImpl.obj
 0001:0000e274       ?get_DeviceDescription@COPOSMSR@@UEAAJPEAPEA_W@Z 000000018000f274 f   MSRImpl.obj
 0001:0000e284       ?get_DeviceEnabled@COPOSMSR@@UEAAJPEAF@Z 000000018000f284 f   MSRImpl.obj
 0001:0000e2b4       ?get_DeviceName@COPOSMSR@@UEAAJPEAPEA_W@Z 000000018000f2b4 f   MSRImpl.obj
 0001:0000e2c4       ?get_EncodingMaxLength@COPOSMSR@@UEAAJPEAJ@Z 000000018000f2c4 f   MSRImpl.obj
 0001:0000e2d8       ?get_ErrorReportingType@COPOSMSR@@UEAAJPEAJ@Z 000000018000f2d8 f   MSRImpl.obj
 0001:0000e2ec       ?get_ExpirationDate@COPOSMSR@@UEAAJPEAPEA_W@Z 000000018000f2ec f   MSRImpl.obj
 0001:0000e2fc       ?get_FirstName@COPOSMSR@@UEAAJPEAPEA_W@Z 000000018000f2fc f   MSRImpl.obj
 0001:0000e30c       ?get_FreezeEvents@COPOSMSR@@UEAAJPEAF@Z 000000018000f30c f   MSRImpl.obj
 0001:0000e33c       ?get_MiddleInitial@COPOSMSR@@UEAAJPEAPEA_W@Z 000000018000f33c f   MSRImpl.obj
 0001:0000e34c       ?get_OpenResult@COPOSMSR@@UEAAJPEAJ@Z 000000018000f34c f   MSRImpl.obj
 0001:0000e358       ?get_ParseDecodedData@COPOSMSR@@UEAAJPEAF@Z 000000018000f358 f   MSRImpl.obj
 0001:0000e358       ?get_ParseDecodeData@COPOSMSR@@UEAAJPEAF@Z 000000018000f358 f   MSRImpl.obj
 0001:0000e388       ?get_PowerNotify@COPOSMSR@@UEAAJPEAJ@Z 000000018000f388 f   MSRImpl.obj
 0001:0000e39c       ?get_PowerState@COPOSMSR@@UEAAJPEAJ@Z 000000018000f39c f   MSRImpl.obj
 0001:0000e3b0       ?get_ResultCode@COPOSMSR@@UEAAJPEAJ@Z 000000018000f3b0 f   MSRImpl.obj
 0001:0000e3ec       ?get_ResultCodeExtended@COPOSMSR@@UEAAJPEAJ@Z 000000018000f3ec f   MSRImpl.obj
 0001:0000e3fc       ?get_ServiceCode@COPOSMSR@@UEAAJPEAPEA_W@Z 000000018000f3fc f   MSRImpl.obj
 0001:0000e40c       ?get_ServiceObjectDescription@COPOSMSR@@UEAAJPEAPEA_W@Z 000000018000f40c f   MSRImpl.obj
 0001:0000e41c       ?get_ServiceObjectVersion@COPOSMSR@@UEAAJPEAJ@Z 000000018000f41c f   MSRImpl.obj
 0001:0000e42c       ?get_State@COPOSMSR@@UEAAJPEAJ@Z 000000018000f42c f   MSRImpl.obj
 0001:0000e458       ?get_Suffix@COPOSMSR@@UEAAJPEAPEA_W@Z 000000018000f458 f   MSRImpl.obj
 0001:0000e468       ?get_Surname@COPOSMSR@@UEAAJPEAPEA_W@Z 000000018000f468 f   MSRImpl.obj
 0001:0000e478       ?get_Title@COPOSMSR@@UEAAJPEAPEA_W@Z 000000018000f478 f   MSRImpl.obj
 0001:0000e488       ?get_Track1Data@COPOSMSR@@UEAAJPEAPEA_W@Z 000000018000f488 f   MSRImpl.obj
 0001:0000e498       ?get_Track1DiscretionaryData@COPOSMSR@@UEAAJPEAPEA_W@Z 000000018000f498 f   MSRImpl.obj
 0001:0000e4a8       ?get_Track1EncryptedData@COPOSMSR@@UEAAJPEAPEA_W@Z 000000018000f4a8 f   MSRImpl.obj
 0001:0000e4bc       ?get_Track1EncryptedDataLength@COPOSMSR@@UEAAJPEAJ@Z 000000018000f4bc f   MSRImpl.obj
 0001:0000e4d0       ?get_Track2Data@COPOSMSR@@UEAAJPEAPEA_W@Z 000000018000f4d0 f   MSRImpl.obj
 0001:0000e4e0       ?get_Track2DiscretionaryData@COPOSMSR@@UEAAJPEAPEA_W@Z 000000018000f4e0 f   MSRImpl.obj
 0001:0000e4f0       ?get_Track2EncryptedData@COPOSMSR@@UEAAJPEAPEA_W@Z 000000018000f4f0 f   MSRImpl.obj
 0001:0000e504       ?get_Track2EncryptedDataLength@COPOSMSR@@UEAAJPEAJ@Z 000000018000f504 f   MSRImpl.obj
 0001:0000e518       ?get_Track3Data@COPOSMSR@@UEAAJPEAPEA_W@Z 000000018000f518 f   MSRImpl.obj
 0001:0000e528       ?get_Track3EncryptedData@COPOSMSR@@UEAAJPEAPEA_W@Z 000000018000f528 f   MSRImpl.obj
 0001:0000e53c       ?get_Track3EncryptedDataLength@COPOSMSR@@UEAAJPEAJ@Z 000000018000f53c f   MSRImpl.obj
 0001:0000e550       ?get_Track4Data@COPOSMSR@@UEAAJPEAPEA_W@Z 000000018000f550 f   MSRImpl.obj
 0001:0000e564       ?get_Track4EncryptedData@COPOSMSR@@UEAAJPEAPEA_W@Z 000000018000f564 f   MSRImpl.obj
 0001:0000e578       ?get_Track4EncryptedDataLength@COPOSMSR@@UEAAJPEAJ@Z 000000018000f578 f   MSRImpl.obj
 0001:0000e58c       ?get_TracksToRead@COPOSMSR@@UEAAJPEAJ@Z 000000018000f58c f   MSRImpl.obj
 0001:0000e59c       ?get_TracksToWrite@COPOSMSR@@UEAAJPEAJ@Z 000000018000f59c f   MSRImpl.obj
 0001:0000e5b0       ?get_TransmitSentinels@COPOSMSR@@UEAAJPEAF@Z 000000018000f5b0 f   MSRImpl.obj
 0001:0000e5e4       ?get_WriteCardType@COPOSMSR@@UEAAJPEAPEA_W@Z 000000018000f5e4 f   MSRImpl.obj
 0001:0000e5f8       ?put_AutoDisable@COPOSMSR@@UEAAJF@Z 000000018000f5f8 f   MSRImpl.obj
 0001:0000e610       ?put_BinaryConversion@COPOSMSR@@UEAAJJ@Z 000000018000f610 f   MSRImpl.obj
 0001:0000e624       ?put_DataEncryptionAlgorithm@COPOSMSR@@UEAAJJ@Z 000000018000f624 f   MSRImpl.obj
 0001:0000e638       ?put_DataEventEnabled@COPOSMSR@@UEAAJF@Z 000000018000f638 f   MSRImpl.obj
 0001:0000e650       ?put_DecodeData@COPOSMSR@@UEAAJF@Z 000000018000f650 f   MSRImpl.obj
 0001:0000e668       ?put_DeviceEnabled@COPOSMSR@@UEAAJF@Z 000000018000f668 f   MSRImpl.obj
 0001:0000e680       ?put_ErrorReportingType@COPOSMSR@@UEAAJJ@Z 000000018000f680 f   MSRImpl.obj
 0001:0000e694       ?put_FreezeEvents@COPOSMSR@@UEAAJF@Z 000000018000f694 f   MSRImpl.obj
 0001:0000e6e4       ?put_ParseDecodedData@COPOSMSR@@UEAAJF@Z 000000018000f6e4 f   MSRImpl.obj
 0001:0000e6e4       ?put_ParseDecodeData@COPOSMSR@@UEAAJF@Z 000000018000f6e4 f   MSRImpl.obj
 0001:0000e6fc       ?put_PowerNotify@COPOSMSR@@UEAAJJ@Z 000000018000f6fc f   MSRImpl.obj
 0001:0000e710       ?put_TracksToRead@COPOSMSR@@UEAAJJ@Z 000000018000f710 f   MSRImpl.obj
 0001:0000e720       ?put_TracksToWrite@COPOSMSR@@UEAAJJ@Z 000000018000f720 f   MSRImpl.obj
 0001:0000e734       ?put_TransmitSentinels@COPOSMSR@@UEAAJF@Z 000000018000f734 f   MSRImpl.obj
 0001:0000e750       ?put_WriteCardType@COPOSMSR@@UEAAJPEA_W@Z 000000018000f750 f   MSRImpl.obj
 0001:0000e764       ?s_EventWindowProc@COPOSMSR@@KA_JPEAUHWND__@@I_K_J@Z 000000018000f764 f i MSRImpl.obj
 0001:0000e7e0       ??_U@YAPEAX_K@Z            000000018000f7e0 f   LIBCMT:new_array.obj
 0001:0000e7e8       ??3@YAXPEAX_K@Z            000000018000f7e8 f   LIBCMT:delete_scalar_size.obj
 0001:0000e7e8       ??_V@YAXPEAX@Z             000000018000f7e8 f   LIBCMT:delete_array.obj
 0001:0000e7f0       ??_V@YAXPEAX_K@Z           000000018000f7f0 f   LIBCMT:delete_array_size.obj
 0001:0000e7f8       __scrt_acquire_startup_lock 000000018000f7f8 f   LIBCMT:utility.obj
 0001:0000e834       __scrt_dllmain_after_initialize_c 000000018000f834 f   LIBCMT:utility.obj
 0001:0000e868       __scrt_dllmain_before_initialize_c 000000018000f868 f   LIBCMT:utility.obj
 0001:0000e880       __scrt_dllmain_crt_thread_attach 000000018000f880 f   LIBCMT:utility.obj
 0001:0000e8a8       __scrt_dllmain_crt_thread_detach 000000018000f8a8 f   LIBCMT:utility.obj
 0001:0000e8c0       __scrt_dllmain_exception_filter 000000018000f8c0 f   LIBCMT:utility.obj
 0001:0000e920       __scrt_dllmain_uninitialize_c 000000018000f920 f   LIBCMT:utility.obj
 0001:0000e950       __scrt_dllmain_uninitialize_critical 000000018000f950 f   LIBCMT:utility.obj
 0001:0000e964       __scrt_initialize_crt      000000018000f964 f   LIBCMT:utility.obj
 0001:0000e9b0       __scrt_initialize_onexit_tables 000000018000f9b0 f   LIBCMT:utility.obj
 0001:0000ea3c       __scrt_is_nonwritable_in_current_image 000000018000fa3c f   LIBCMT:utility.obj
 0001:0000ead4       __scrt_release_startup_lock 000000018000fad4 f   LIBCMT:utility.obj
 0001:0000eaf8       __scrt_uninitialize_crt    000000018000faf8 f   LIBCMT:utility.obj
 0001:0000eb24       _onexit                    000000018000fb24 f   LIBCMT:utility.obj
 0001:0000eb60       atexit                     000000018000fb60 f   LIBCMT:utility.obj
 0001:0000eb78       ??3@YAXPEAX@Z              000000018000fb78 f   LIBCMT:delete_scalar.obj
 0001:0000ec78       _Init_thread_footer        000000018000fc78 f   LIBCMT:thread_safe_statics.obj
 0001:0000ecd8       _Init_thread_header        000000018000fcd8 f   LIBCMT:thread_safe_statics.obj
 0001:0000ed40       _Init_thread_notify        000000018000fd40 f   LIBCMT:thread_safe_statics.obj
 0001:0000ed84       _Init_thread_wait          000000018000fd84 f   LIBCMT:thread_safe_statics.obj
 0001:0000ede8       __raise_securityfailure    000000018000fde8 f   LIBCMT:gs_report.obj
 0001:0000ee1c       __report_gsfailure         000000018000fe1c f   LIBCMT:gs_report.obj
 0001:0000eef0       __report_rangecheckfailure 000000018000fef0 f   LIBCMT:gs_report.obj
 0001:0000ef04       __report_securityfailure   000000018000ff04 f   LIBCMT:gs_report.obj
 0001:0000f084       ??2@YAPEAX_KAEBUnothrow_t@std@@@Z 0000000180010084 f   LIBCMT:new_scalar_nothrow.obj
 0001:0000f0a4       ??_U@YAPEAX_KAEBUnothrow_t@std@@@Z 00000001800100a4 f   LIBCMT:new_array_nothrow.obj
 0001:0000f0ac       __GSHandlerCheck           00000001800100ac f   LIBCMT:gshandler.obj
 0001:0000f0cc       __GSHandlerCheckCommon     00000001800100cc f   LIBCMT:gshandler.obj
 0001:0000f128       __GSHandlerCheck_SEH       0000000180010128 f   LIBCMT:gshandlerseh.obj
 0001:0000f1c0       _alloca_probe              00000001800101c0 f   LIBCMT:chkstk.obj
 0001:0000f1c0       __chkstk                   00000001800101c0 f   LIBCMT:chkstk.obj
 0001:0000f230       __security_check_cookie    0000000180010230 f   LIBCMT:amdsecgs.obj
 0001:0000f574       _DllMainCRTStartup         0000000180010574 f   LIBCMT:dll_dllmain.obj
 0001:0000f5b4       ??2@YAPEAX_K@Z             00000001800105b4 f   LIBCMT:new_scalar.obj
 0001:0000f5f0       __isa_available_init       00000001800105f0 f   LIBCMT:cpu_disp.obj
 0001:0000f794       __scrt_is_ucrt_dll_in_use  0000000180010794 f   LIBCMT:ucrt_detection.obj
 0001:0000f7a0       __crt_debugger_hook        00000001800107a0 f   LIBCMT:utility_desktop.obj
 0001:0000f7a8       __scrt_fastfail            00000001800107a8 f   LIBCMT:utility_desktop.obj
 0001:0000f8f4       __security_init_cookie     00000001800108f4 f   LIBCMT:gs_support.obj
 0001:0000f9a0       ?__scrt_initialize_type_info@@YAXXZ 00000001800109a0 f   LIBCMT:tncleanup.obj
 0001:0000f9b0       ?__scrt_uninitialize_type_info@@YAXXZ 00000001800109b0 f   LIBCMT:tncleanup.obj
 0001:0000f9bc       __local_stdio_scanf_options 00000001800109bc f i LIBCMT:default_local_stdio_options.obj
 0001:0000f9c4       __scrt_initialize_default_local_stdio_options 00000001800109c4 f   LIBCMT:default_local_stdio_options.obj
 0001:0000f9e0       __scrt_get_dyn_tls_init_callback 00000001800109e0 f   LIBCMT:dyn_tls_init.obj
 0001:0000f9e8       _RTC_Initialize            00000001800109e8 f   LIBCMT:initsect.obj
 0001:0000fa24       _RTC_Terminate             0000000180010a24 f   LIBCMT:initsect.obj
 0001:0000fa60       ??0bad_alloc@std@@QEAA@AEBV01@@Z 0000000180010a60 f i LIBCMT:throw_bad_alloc.obj
 0001:0000fa9c       ??0bad_alloc@std@@QEAA@XZ  0000000180010a9c f i LIBCMT:throw_bad_alloc.obj
 0001:0000fabc       ??0bad_array_new_length@std@@QEAA@AEBV01@@Z 0000000180010abc f i LIBCMT:throw_bad_alloc.obj
 0001:0000faf8       ??0bad_array_new_length@std@@QEAA@XZ 0000000180010af8 f i LIBCMT:throw_bad_alloc.obj
 0001:0000fb18       ??0exception@std@@QEAA@AEBV01@@Z 0000000180010b18 f i LIBCMT:throw_bad_alloc.obj
 0001:0000fb4c       ??1bad_exception@std@@UEAA@XZ 0000000180010b4c f i libvcruntime:frame.obj
 0001:0000fb4c       ??1bad_array_new_length@std@@UEAA@XZ 0000000180010b4c f i LIBCMT:throw_bad_alloc.obj
 0001:0000fb4c       ??1bad_alloc@std@@UEAA@XZ  0000000180010b4c f i LIBCMT:throw_bad_alloc.obj
 0001:0000fb60       ??_Gbad_array_new_length@std@@UEAAPEAXI@Z 0000000180010b60 f i LIBCMT:throw_bad_alloc.obj
 0001:0000fb60       ??_Ebad_alloc@std@@UEAAPEAXI@Z 0000000180010b60 f i LIBCMT:throw_bad_alloc.obj
 0001:0000fb60       ??_Eexception@std@@UEAAPEAXI@Z 0000000180010b60 f i LIBCMT:throw_bad_alloc.obj
 0001:0000fb60       ??_Gexception@std@@UEAAPEAXI@Z 0000000180010b60 f i LIBCMT:throw_bad_alloc.obj
 0001:0000fb60       ??_Gbad_exception@std@@UEAAPEAXI@Z 0000000180010b60 f i libvcruntime:frame.obj
 0001:0000fb60       ??_Ebad_exception@std@@UEAAPEAXI@Z 0000000180010b60 f i libvcruntime:frame.obj
 0001:0000fb60       ??_Gbad_alloc@std@@UEAAPEAXI@Z 0000000180010b60 f i LIBCMT:throw_bad_alloc.obj
 0001:0000fb60       ??_Ebad_array_new_length@std@@UEAAPEAXI@Z 0000000180010b60 f i LIBCMT:throw_bad_alloc.obj
 0001:0000fba4       ?__scrt_throw_std_bad_alloc@@YAXXZ 0000000180010ba4 f   LIBCMT:throw_bad_alloc.obj
 0001:0000fbc4       ?__scrt_throw_std_bad_array_new_length@@YAXXZ 0000000180010bc4 f   LIBCMT:throw_bad_alloc.obj
 0001:0000fbe4       ?what@exception@std@@UEBAPEBDXZ 0000000180010be4 f i LIBCMT:throw_bad_alloc.obj
 0001:0000fc00       ??_Etype_info@@UEAAPEAXI@Z 0000000180010c00 f i LIBCMT:std_type_info_static.obj
 0001:0000fc00       ??_Gtype_info@@UEAAPEAXI@Z 0000000180010c00 f i LIBCMT:std_type_info_static.obj
 0001:0000fc2c       ??0CAtlBaseModule@ATL@@QEAA@XZ 0000000180010c2c f   atls:atlbase.obj
 0001:0000fcd4       ??1CAtlBaseModule@ATL@@QEAA@XZ 0000000180010cd4 f   atls:atlbase.obj
 0001:0000fe08       ?__AllocStdCallThunk_cmn@@YAPEAXXZ 0000000180010e08 f   atls:atlthunk.obj
 0001:0000ff60       AtlThunk_AllocateData      0000000180010f60 f   atls:atlthunk.obj
 0001:0000ffdc       AtlThunk_DataToCode        0000000180010fdc f   atls:atlthunk.obj
 0001:00010030       AtlThunk_FreeData          0000000180011030 f   atls:atlthunk.obj
 0001:00010090       AtlThunk_InitData          0000000180011090 f   atls:atlthunk.obj
 0001:00010138       _get_purecall_handler      0000000180011138 f   libvcruntime:purevirt.obj
 0001:00010140       _purecall                  0000000180011140 f   libvcruntime:purevirt.obj
 0001:0001015c       wcsstr                     000000018001115c f   libvcruntime:wcsstr.obj
 0001:00010390       memcmp                     0000000180011390 f   libvcruntime:memcmp.obj
 0001:00010470       memcpy_repmovs             0000000180011470 f   libvcruntime:memcpy.obj
 0001:00010490       memmove                    0000000180011490 f   libvcruntime:memcpy.obj
 0001:00010490       memcpy                     0000000180011490 f   libvcruntime:memcpy.obj
 0001:00010880       memset_repmovs             0000000180011880 f   libvcruntime:memset.obj
 0001:000108a0       memset                     00000001800118a0 f   libvcruntime:memset.obj
 0001:00010a30       __vcrt_initialize          0000000180011a30 f   libvcruntime:initialization.obj
 0001:00010a58       __vcrt_thread_attach       0000000180011a58 f   libvcruntime:initialization.obj
 0001:00010a6c       __vcrt_thread_detach       0000000180011a6c f   libvcruntime:initialization.obj
 0001:00010a80       __vcrt_uninitialize        0000000180011a80 f   libvcruntime:initialization.obj
 0001:00010a9c       __vcrt_uninitialize_critical 0000000180011a9c f   libvcruntime:initialization.obj
 0001:00010aac       __C_specific_handler       0000000180011aac f   libvcruntime:riscchandler.obj
 0001:00010cb8       ??$_CallSETranslator@V__FrameHandler3@@@@YAHPEAUEHExceptionRecord@@PEA_KPEAU_CONTEXT@@PEAU_xDISPATCHER_CONTEXT@@PEBU_s_FuncInfo@@K1@Z 0000000180011cb8 f i libvcruntime:risctrnsctrl.obj
 0001:00010d0c       ?CatchTryBlock@__FrameHandler3@@SAPEBU_s_TryBlockMapEntry@@PEBU_s_FuncInfo@@H@Z 0000000180011d0c f   libvcruntime:risctrnsctrl.obj
 0001:00010d60       ?ExecutionInCatch@__FrameHandler3@@SA_NPEAU_xDISPATCHER_CONTEXT@@PEBU_s_FuncInfo@@@Z 0000000180011d60 f   libvcruntime:risctrnsctrl.obj
 0001:00010d8c       ?FrameUnwindToEmptyState@__FrameHandler3@@SAXPEA_KPEAU_xDISPATCHER_CONTEXT@@PEBU_s_FuncInfo@@@Z 0000000180011d8c f   libvcruntime:risctrnsctrl.obj
 0001:00010df0       ?GetEstablisherFrame@__FrameHandler3@@SAPEA_KPEA_KPEAU_xDISPATCHER_CONTEXT@@PEBU_s_FuncInfo@@0@Z 0000000180011df0 f   libvcruntime:risctrnsctrl.obj
 0001:00010ebc       ?GetRangeOfTrysToCheck@__FrameHandler3@@SA?AU?$pair@Viterator@TryBlockMap@__FrameHandler3@@V123@@std@@AEAVTryBlockMap@1@HPEAU_xDISPATCHER_CONTEXT@@PEBU_s_FuncInfo@@H@Z 0000000180011ebc f   libvcruntime:risctrnsctrl.obj
[...]
 0004:000017f4       $pdata$?try_get_function@@YAPEAXW4function_id@?A0x391cf84c@@QEBDQEBW4module_id@2@2@Z 00000001800357f4     libucrt:winapi_thunks.obj
 0004:00001800       $pdata$wcstol              0000000180035800     libucrt:strtox.obj
 0004:0000180c       $pdata$_mbtowc_l           000000018003580c     libucrt:mbtowc.obj
 0004:00001818       $pdata$__acrt_update_locale_info 0000000180035818     libucrt:locale_update.obj
 0004:00001824       $pdata$__acrt_update_multibyte_info 0000000180035824     libucrt:locale_update.obj
 0004:00001830       $pdata$__acrt_fp_format    0000000180035830     libucrt:cvt.obj
 0004:0000183c       $pdata$?fp_format_e_internal@@YAHQEAD_KH_NIQEAU_strflt@@2QEAU__crt_locale_pointers@@@Z 000000018003583c     libucrt:cvt.obj
 0004:00001848       $pdata$?fp_format_e@@YAHQEBNQEAD_K12H_NIQEAU__crt_locale_pointers@@@Z 0000000180035848     libucrt:cvt.obj
 0004:00001854       $pdata$?fp_format_a@@YAHQEBNPEAD_KQEAD2H_NIQEAU__crt_locale_pointers@@@Z 0000000180035854     libucrt:cvt.obj
 0004:00001860       $pdata$?fp_format_f_internal@@YAHQEAD_KHQEAU_strflt@@_NQEAU__crt_locale_pointers@@@Z 0000000180035860     libucrt:cvt.obj
 0004:0000186c       $pdata$?fp_format_g@@YAHQEBNQEAD_K12H_NIQEAU__crt_locale_pointers@@@Z 000000018003586c     libucrt:cvt.obj
 0004:00001878       $pdata$_fileno             0000000180035878     libucrt:fileno.obj
 0004:00001884       $pdata$__acrt_initialize_stdio 0000000180035884     libucrt:_file.obj
 0004:00001890       $pdata$__acrt_uninitialize_stdio 0000000180035890     libucrt:_file.obj
 0004:0000189c       $pdata$__acrt_uninitialize_locale 000000018003589c     libucrt:wsetlocale.obj
 0004:000018a8       $pdata$??$?RV<lambda_410d79af7f07d98d83a3f525b3859a53>@@AEAV<lambda_3e16ef9562a7dcce91392c22ab16ea36>@@V<lambda_38119f0e861e05405d8a144b9b982f0a>@@@?$__crt_seh_guarded_call@X@@QEAAX$$QEAV<lambda_410d79af7f07d98d83a3f525b3859a53>@@AEAV<lambda_3e16ef9562a7dcce91392c22ab16ea36>@@$$QEAV<lambda_38119f0e861e05405d8a144b9b982f0a>@@@Z 00000001800358a8     libucrt:wsetlocale.obj
 0004:000018b4       $pdata$?fin$0@?0???$?RV<lambda_410d79af7f07d98d83a3f525b3859a53>@@AEAV<lambda_3e16ef9562a7dcce91392c22ab16ea36>@@V<lambda_38119f0e861e05405d8a144b9b982f0a>@@@?$__crt_seh_guarded_call@X@@QEAAX$$QEAV<lambda_410d79af7f07d98d83a3f525b3859a53>@@AEAV<lambda_3e16ef9562a7dcce91392c22ab16ea36>@@$$QEAV<lambda_38119f0e861e05405d8a144b9b982f0a>@@@Z@4HA 00000001800358b4     libucrt:wsetlocale.obj
 0004:000018c0       $pdata$__acrt_initialize_lowio 00000001800358c0     libucrt:ioinit.obj
 0004:000018cc       $pdata$__acrt_initialize_lowio$fin$0 00000001800358cc     libucrt:ioinit.obj
 0004:000018cc       $pdata$__acrt_lowio_ensure_fh_exists$fin$0 00000001800358cc     libucrt:osfinfo.obj
 0004:000018d8       $pdata$__acrt_uninitialize_lowio 00000001800358d8     libucrt:ioinit.obj
 0004:000018e4       $pdata$?initialize_inherited_file_handles_nolock@@YAXXZ 00000001800358e4     libucrt:ioinit.obj
 0004:000018f0       $pdata$?initialize_stdio_handles_nolock@@YAXXZ 00000001800358f0     libucrt:ioinit.obj
 0004:000018fc       $pdata$__acrt_initialize_locks 00000001800358fc     libucrt:locks.obj
 0004:00001908       $pdata$__acrt_uninitialize_locks 0000000180035908     libucrt:locks.obj
 0004:00001914       $pdata$__acrt_get_process_end_policy 0000000180035914     libucrt:win_policies.obj
 0004:00001920       $pdata$??$__acrt_mbs_to_wcs_cp@U__crt_win32_buffer_internal_dynamic_resizing@@@@YAHQEBDAEAV?$__crt_win32_buffer@_WU__crt_win32_buffer_internal_dynamic_resizing@@@@I@Z 0000000180035920     libucrt:argv_wildcards.obj
 0004:0000192c       $pdata$??$__acrt_wcs_to_mbs_cp@U__crt_win32_buffer_internal_dynamic_resizing@@@@YAHQEB_WAEAV?$__crt_win32_buffer@DU__crt_win32_buffer_internal_dynamic_resizing@@@@I@Z 000000018003592c     libucrt:argv_wildcards.obj
 0004:00001938       $pdata$??$common_expand_argv_wildcards@D@@YAHQEAPEADQEAPEAPEAD@Z 0000000180035938     libucrt:argv_wildcards.obj
 0004:00001944       $pdata$??$copy_and_add_argument_to_buffer@D@@YAHQEBD0_KAEAV?$argument_list@D@?A0x5f5c8891@@@Z 0000000180035944     libucrt:argv_wildcards.obj
 0004:00001950       $pdata$??$expand_argument_wildcards@D@@YAHQEAD0AEAV?$argument_list@D@?A0x5f5c8891@@@Z 0000000180035950     libucrt:argv_wildcards.obj
 0004:0000195c       $pdata$__acrt_GetModuleFileNameA 000000018003595c     libucrt:getmodulefilenamea.obj
 0004:00001968       $pdata$??$__acrt_wcs_to_mbs_cp@U__crt_win32_buffer_no_resizing@@@@YAHQEB_WAEAV?$__crt_win32_buffer@DU__crt_win32_buffer_no_resizing@@@@I@Z 0000000180035968     libucrt:getmodulefilenamea.obj
 0004:00001974       $pdata$__acrt_update_thread_multibyte_data 0000000180035974     libucrt:mbctype.obj
 0004:00001980       $pdata$__acrt_initialize_multibyte 0000000180035980     libucrt:mbctype.obj
 0004:0000198c       $pdata$_setmbcp_nolock     000000018003598c     libucrt:mbctype.obj
 0004:00001998       $pdata$?getSystemCP@@YAHH@Z 0000000180035998     libucrt:mbctype.obj
 0004:000019a4       $pdata$?setSBCS@@YAXPEAU__crt_multibyte_data@@@Z 00000001800359a4     libucrt:mbctype.obj
 0004:000019b0       $pdata$?update_thread_multibyte_data_internal@@YAPEAU__crt_multibyte_data@@QEAU__acrt_ptd@@QEAPEAU1@@Z 00000001800359b0     libucrt:mbctype.obj
 0004:000019bc       $pdata$?fin$0@?0??update_thread_multibyte_data_internal@@YAPEAU__crt_multibyte_data@@QEAU__acrt_ptd@@QEAPEAU1@@Z@4HA 00000001800359bc     libucrt:mbctype.obj
 0004:000019c8       $pdata$?setmbcp_internal@@YAHH_NQEAU__acrt_ptd@@QEAPEAU__crt_multibyte_data@@@Z 00000001800359c8     libucrt:mbctype.obj
 0004:000019d4       $pdata$?setSBUpLow@@YAXPEAU__crt_multibyte_data@@@Z 00000001800359d4     libucrt:mbctype.obj
 0004:000019e0       $pdata$??$?RV<lambda_efdfa57d1f175319df784efa44bb7b81>@@AEAV<lambda_5f0a4c1567f8adc6734073e5d1e1b35c>@@V<lambda_2e8a7d3640ea6ccb4c2413664c2db6fd>@@@?$__crt_seh_guarded_call@X@@QEAAX$$QEAV<lambda_efdfa57d1f175319df784efa44bb7b81>@@AEAV<lambda_5f0a4c1567f8adc6734073e5d1e1b35c>@@$$QEAV<lambda_2e8a7d3640ea6ccb4c2413664c2db6fd>@@@Z 00000001800359e0     libucrt:mbctype.obj
 0004:000019ec       $pdata$?x_ismbbtype_l@@YAHPEAU__crt_locale_pointers@@IHH@Z 00000001800359ec     libucrt:ismbbyte.obj
 0004:000019f8       $pdata$__acrt_initialize_command_line 00000001800359f8     libucrt:argv_data.obj
 0004:00001a04       $pdata$__acrt_WideCharToMultiByte 0000000180035a04     libucrt:widechartomultibyte.obj
 0004:00001a10       $pdata$__dcrt_get_narrow_environment_from_os 0000000180035a10     libucrt:get_environment_from_os.obj
 0004:00001a1c       $pdata$__acrt_initialize_heap 0000000180035a1c     libucrt:heap_handle.obj
 0004:00001a28       $pdata$__acrt_execute_initializers 0000000180035a28     libucrt:shared_initialization.obj
 0004:00001a34       $pdata$__acrt_execute_uninitializers 0000000180035a34     libucrt:shared_initialization.obj
 0004:00001a40       $pdata$__acrt_get_sigabrt_handler 0000000180035a40     libucrt:signal.obj
 0004:00001a4c       $pdata$raise               0000000180035a4c     libucrt:signal.obj
 0004:00001a58       $pdata$raise$fin$0         0000000180035a58     libucrt:signal.obj
 0004:00001a64       $pdata$??$?RV<lambda_450d765d439847d4c735a33c368b5fc0>@@AEAV<lambda_44731a7d0e6d81c3e6aa82d741081786>@@V<lambda_601a2a7da3b7a96e9554ac7215c4b07c>@@@?$__crt_seh_guarded_call@P6AXH@Z@@QEAAP6AXH@Z$$QEAV<lambda_450d765d439847d4c735a33c368b5fc0>@@AEAV<lambda_44731a7d0e6d81c3e6aa82d741081786>@@$$QEAV<lambda_601a2a7da3b7a96e9554ac7215c4b07c>@@@Z 0000000180035a64     libucrt:signal.obj
 0004:00001a70       $pdata$_fflush_nolock      0000000180035a70     libucrt:fflush.obj
 0004:00001a7c       $pdata$__acrt_stdio_flush_nolock 0000000180035a7c     libucrt:fflush.obj
 0004:00001a88       $pdata$?common_flush_all@@YAH_N@Z 0000000180035a88     libucrt:fflush.obj
 0004:00001a94       $pdata$??$?RV<lambda_842d9ff0dc9ef11c61343bbaebe7f885>@@AEAV<lambda_c5860995281e5c4ce005b3de8f5874ee>@@V<lambda_d90129c13df834fdcbf8d2b88dafcf2d>@@@?$__crt_seh_guarded_call@X@@QEAAX$$QEAV<lambda_842d9ff0dc9ef11c61343bbaebe7f885>@@AEAV<lambda_c5860995281e5c4ce005b3de8f5874ee>@@$$QEAV<lambda_d90129c13df834fdcbf8d2b88dafcf2d>@@@Z 0000000180035a94     libucrt:fflush.obj
 0004:00001aa0       $pdata$?fin$0@?0???$?RV<lambda_842d9ff0dc9ef11c61343bbaebe7f885>@@AEAV<lambda_c5860995281e5c4ce005b3de8f5874ee>@@V<lambda_d90129c13df834fdcbf8d2b88dafcf2d>@@@?$__crt_seh_guarded_call@X@@QEAAX$$QEAV<lambda_842d9ff0dc9ef11c61343bbaebe7f885>@@AEAV<lambda_c5860995281e5c4ce005b3de8f5874ee>@@$$QEAV<lambda_d90129c13df834fdcbf8d2b88dafcf2d>@@@Z@4HA 0000000180035aa0     libucrt:fflush.obj
 0004:00001aac       $pdata$??$?RV<lambda_886d6c58226a84441f68b9f2b8217b83>@@AEAV<lambda_ab61a845afdef5b7c387490eaf3616ee>@@V<lambda_f7f22ab5edc0698d5f6905b0d3f44752>@@@?$__crt_seh_guarded_call@X@@QEAAX$$QEAV<lambda_886d6c58226a84441f68b9f2b8217b83>@@AEAV<lambda_ab61a845afdef5b7c387490eaf3616ee>@@$$QEAV<lambda_f7f22ab5edc0698d5f6905b0d3f44752>@@@Z 0000000180035aac     libucrt:fflush.obj
 0004:00001ab8       $pdata$?fin$0@?0???$?RV<lambda_886d6c58226a84441f68b9f2b8217b83>@@AEAV<lambda_ab61a845afdef5b7c387490eaf3616ee>@@V<lambda_f7f22ab5edc0698d5f6905b0d3f44752>@@@?$__crt_seh_guarded_call@X@@QEAAX$$QEAV<lambda_886d6c58226a84441f68b9f2b8217b83>@@AEAV<lambda_ab61a845afdef5b7c387490eaf3616ee>@@$$QEAV<lambda_f7f22ab5edc0698d5f6905b0d3f44752>@@@Z@4HA 0000000180035ab8     libucrt:fflush.obj
 0004:00001ac4       $pdata$__pctype_func       0000000180035ac4     libucrt:ctype.obj
 0004:00001ad0       $pdata$iswctype            0000000180035ad0     libucrt:iswctype.obj
 0004:00001adc       $pdata$__acrt_release_locale_ref 0000000180035adc     libucrt:locale_refcounting.obj
 0004:00001ae8       $pdata$__acrt_free_locale  0000000180035ae8     libucrt:locale_refcounting.obj
 0004:00001af4       $pdata$__acrt_locale_free_lc_time_if_unreferenced 0000000180035af4     libucrt:locale_refcounting.obj
 0004:00001b00       $pdata$__acrt_update_thread_locale_data 0000000180035b00     libucrt:locale_refcounting.obj
 0004:00001b0c       $pdata$__acrt_update_thread_locale_data$fin$0 0000000180035b0c     libucrt:locale_refcounting.obj
 0004:00001b18       $pdata$_updatetlocinfoEx_nolock 0000000180035b18     libucrt:locale_refcounting.obj
 0004:00001b24       $pdata$__acrt_DownlevelLocaleNameToLCID 0000000180035b24     libucrt:lcidtoname_downlevel.obj
 0004:00001b30       $pdata$_isleadbyte_l       0000000180035b30     libucrt:_wctype.obj
 0004:00001b3c       $pdata$?__mbrtowc_utf8@__crt_mbstring@@YA_KPEA_WPEBD_KPEAU_Mbstatet@@@Z 0000000180035b3c     libucrt:mbrtowc.obj
 0004:00001b48       $pdata$?__mbsrtowcs_utf8@__crt_mbstring@@YA_KPEA_WPEAPEBD_KPEAU_Mbstatet@@@Z 0000000180035b48     libucrt:mbrtowc.obj
 0004:00001b54       $pdata$__acrt_fp_strflt_to_string 0000000180035b54     libucrt:_fptostr.obj
 0004:00001b60       $pdata$memcpy_s            0000000180035b60     libucrt:cfout.obj
 0004:00001b6c       $pdata$__acrt_fltout       0000000180035b6c     libucrt:cfout.obj
 0004:00001b78       $pdata$?divide@__crt_strtox@@YA_KAEAUbig_integer@1@AEBU21@@Z 0000000180035b78     libucrt:cfout.obj
 0004:00001b84       $pdata$0$?divide@__crt_strtox@@YA_KAEAUbig_integer@1@AEBU21@@Z 0000000180035b84     libucrt:cfout.obj
 0004:00001b90       $pdata$1$?divide@__crt_strtox@@YA_KAEAUbig_integer@1@AEBU21@@Z 0000000180035b90     libucrt:cfout.obj
 0004:00001b9c       $pdata$_fcloseall          0000000180035b9c     libucrt:closeall.obj
 0004:00001ba8       $pdata$_fcloseall$fin$0    0000000180035ba8     libucrt:closeall.obj
 0004:00001bb4       $pdata$__acrt_stdio_free_buffer_nolock 0000000180035bb4     libucrt:_freebuf.obj
 0004:00001bc0       $pdata$_isatty             0000000180035bc0     libucrt:isatty.obj
 0004:00001bcc       $pdata$__acrt_locale_free_monetary 0000000180035bcc     libucrt:initmon.obj
 0004:00001bd8       $pdata$__acrt_locale_free_numeric 0000000180035bd8     libucrt:initnum.obj
 0004:00001be4       $pdata$__acrt_locale_free_time 0000000180035be4     libucrt:inittime.obj
 0004:00001bf0       $pdata$?free_crt_array_internal@@YAXQEAPEBX_K@Z 0000000180035bf0     libucrt:inittime.obj
 0004:00001bfc       $pdata$__acrt_GetStringTypeA 0000000180035bfc     libucrt:getstringtypea.obj
 0004:00001c08       $pdata$_get_osfhandle      0000000180035c08     libucrt:osfinfo.obj
 0004:00001c14       $pdata$_free_osfhnd        0000000180035c14     libucrt:osfinfo.obj
 0004:00001c20       $pdata$__acrt_lowio_create_handle_array 0000000180035c20     libucrt:osfinfo.obj
 0004:00001c2c       $pdata$__acrt_lowio_destroy_handle_array 0000000180035c2c     libucrt:osfinfo.obj
 0004:00001c38       $pdata$__acrt_lowio_ensure_fh_exists 0000000180035c38     libucrt:osfinfo.obj
 0004:00001c44       $pdata$qsort               0000000180035c44     libucrt:qsort.obj
 0004:00001c50       $pdata$4$qsort             0000000180035c50     libucrt:qsort.obj
 0004:00001c5c       $pdata$5$qsort             0000000180035c5c     libucrt:qsort.obj
 0004:00001c68       $pdata$strncpy_s           0000000180035c68     libucrt:strncpy_s.obj
 0004:00001c74       $pdata$strpbrk             0000000180035c74     libucrt:strpbrk.obj
 0004:00001c80       $pdata$fallbackMethod      0000000180035c80     libucrt:strpbrk.obj
 0004:00001c8c       $pdata$_mbsdec_l           0000000180035c8c     libucrt:mbsdec.obj
 0004:00001c98       $pdata$__acrt_LCMapStringA 0000000180035c98     libucrt:lcmapstringa.obj
 0004:00001ca4       $pdata$?__acrt_LCMapStringA_stat@@YAHPEAU__crt_locale_pointers@@PEB_WKPEBDHPEADHHH@Z 0000000180035ca4     libucrt:lcmapstringa.obj
 0004:00001cb0       $pdata$?initialize_multibyte@@YAHXZ 0000000180035cb0     libucrt:multibyte_initializer.obj
 0004:00001cbc       $pdata$_commit             0000000180035cbc     libucrt:commit.obj
 0004:00001cc8       $pdata$??$?RV<lambda_a37b2b86f63e897a80ea819b0eb08c01>@@AEAV<lambda_38ce7e780aa69e748d6df282ebc68efe>@@V<lambda_99fb1378e971ab6e7edea83e3a7a83a2>@@@?$__crt_seh_guarded_call@H@@QEAAH$$QEAV<lambda_a37b2b86f63e897a80ea819b0eb08c01>@@AEAV<lambda_38ce7e780aa69e748d6df282ebc68efe>@@$$QEAV<lambda_99fb1378e971ab6e7edea83e3a7a83a2>@@@Z 0000000180035cc8     libucrt:commit.obj
 0004:00001cd4       $pdata$?fin$0@?0???$?RV<lambda_751a882b2c74d4b022dec766aa51a29a>@@AEAV<lambda_628dfdc04ba53c8bfc02c9951375f3f5>@@V<lambda_f6c7be5f7998530c34de24c7437d6b54>@@@?$__crt_seh_guarded_call@H@@QEAAH$$QEAV<lambda_751a882b2c74d4b022dec766aa51a29a>@@AEAV<lambda_628dfdc04ba53c8bfc02c9951375f3f5>@@$$QEAV<lambda_f6c7be5f7998530c34de24c7437d6b54>@@@Z@4HA 0000000180035cd4     libucrt:close.obj
 0004:00001cd4       $pdata$?fin$0@?0???$?RV<lambda_a37b2b86f63e897a80ea819b0eb08c01>@@AEAV<lambda_38ce7e780aa69e748d6df282ebc68efe>@@V<lambda_99fb1378e971ab6e7edea83e3a7a83a2>@@@?$__crt_seh_guarded_call@H@@QEAAH$$QEAV<lambda_a37b2b86f63e897a80ea819b0eb08c01>@@AEAV<lambda_38ce7e780aa69e748d6df282ebc68efe>@@$$QEAV<lambda_99fb1378e971ab6e7edea83e3a7a83a2>@@@Z@4HA 0000000180035cd4     libucrt:commit.obj
 0004:00001ce0       $pdata$_write              0000000180035ce0     libucrt:write.obj
 0004:00001cec       $pdata$_write$fin$0        0000000180035cec     libucrt:write.obj
 0004:00001cf8       $pdata$_write_nolock       0000000180035cf8     libucrt:write.obj
 0004:00001d04       $pdata$?write_double_translated_ansi_nolock@@YA?AUwrite_result@?A0x17268360@@HQEBDI@Z 0000000180035d04     libucrt:write.obj
 0004:00001d10       $pdata$?write_text_ansi_nolock@@YA?AUwrite_result@?A0x17268360@@HQEBDI@Z 0000000180035d10     libucrt:write.obj
 0004:00001d1c       $pdata$?write_text_utf16le_nolock@@YA?AUwrite_result@?A0x17268360@@HQEBDI@Z 0000000180035d1c     libucrt:write.obj
 0004:00001d28       $pdata$?write_text_utf8_nolock@@YA?AUwrite_result@?A0x17268360@@HQEBDI@Z 0000000180035d28     libucrt:write.obj
 0004:00001d34       $pdata$?__mbrtoc32_utf8@__crt_mbstring@@YA_KPEA_UPEBD_KPEAU_Mbstatet@@@Z 0000000180035d34     libucrt:mbrtoc32.obj
 0004:00001d40       $pdata$fegetenv            0000000180035d40     libucrt:fegetenv.obj
 0004:00001d4c       $pdata$fesetenv            0000000180035d4c     libucrt:fesetenv.obj
 0004:00001d58       $pdata$feholdexcept        0000000180035d58     libucrt:feholdexcept.obj
 0004:00001d70       $pdata$??$common_lseek_nolock@_J@@YA_JH_JH@Z 0000000180035d70     libucrt:lseek.obj
 0004:00001d7c       $pdata$fclose              0000000180035d7c     libucrt:fclose.obj
 0004:00001d88       $pdata$fclose$fin$0        0000000180035d88     libucrt:fclose.obj
 0004:00001d94       $pdata$_fclose_nolock      0000000180035d94     libucrt:fclose.obj
 0004:00001da0       $pdata$_putwch_nolock      0000000180035da0     libucrt:putwch.obj
 0004:00001dac       $pdata$__acrt_fenv_set_control 0000000180035dac     libucrt:_fenvutils.obj
 0004:00001db8       $pdata$_clearfp            0000000180035db8     libucrt:ieee.obj
 0004:00001dc4       $pdata$_call_matherr       0000000180035dc4     libucrt:libm_error.obj
 0004:00001dd0       $pdata$_exception_enabled  0000000180035dd0     libucrt:libm_error.obj
 0004:00001ddc       $pdata$_handle_error       0000000180035ddc     libucrt:libm_error.obj
 0004:00001de8       $pdata$__acrt_initialize_fma3 0000000180035de8     libucrt:fma3_available.obj
 0004:00001df4       $pdata$_log_special_common 0000000180035df4     libucrt:log_special.obj
 0004:00001e00       $pdata$_log10_special      0000000180035e00     libucrt:log_special.obj
 0004:00001e0c       $pdata$_close              0000000180035e0c     libucrt:close.obj
 0004:00001e18       $pdata$_close_nolock       0000000180035e18     libucrt:close.obj
 0004:00001e24       $pdata$??$?RV<lambda_751a882b2c74d4b022dec766aa51a29a>@@AEAV<lambda_628dfdc04ba53c8bfc02c9951375f3f5>@@V<lambda_f6c7be5f7998530c34de24c7437d6b54>@@@?$__crt_seh_guarded_call@H@@QEAAH$$QEAV<lambda_751a882b2c74d4b022dec766aa51a29a>@@AEAV<lambda_628dfdc04ba53c8bfc02c9951375f3f5>@@$$QEAV<lambda_f6c7be5f7998530c34de24c7437d6b54>@@@Z 0000000180035e24     libucrt:close.obj
 0004:00001e30       $pdata$__dcrt_lowio_ensure_console_output_initialized 0000000180035e30     libucrt:initcon.obj
 0004:00001e3c       $pdata$__dcrt_write_console 0000000180035e3c     libucrt:initcon.obj
 0004:00001e48       $pdata$__dcrt_terminate_console_output 0000000180035e48     libucrt:initcon.obj
 0004:00001e60       $pdata$_set_errno_from_matherr 0000000180035e60     libucrt:fpexcept.obj
 0004:00001e6c       $pdata$_raise_exc          0000000180035e6c     libucrt:fpexcept.obj
 0004:00001e78       $pdata$_raise_exc_ex       0000000180035e78     libucrt:fpexcept.obj
 0004:00001e84       $pdata$_clrfp              0000000180035e84     libucrt:fpctrl.obj
 0004:00001e90       $pdata$_ctrlfp             0000000180035e90     libucrt:fpctrl.obj
 0004:00001e9c       $pdata$_ctrlfp$filt$0      0000000180035e9c     libucrt:fpctrl.obj
 0004:00001ea8       $pdata$_statfp             0000000180035ea8     libucrt:fpctrl.obj
 0004:00001eb4       $pdata$_set_statfp         0000000180035eb4     libucrt:fpctrl.obj
 0004:00001ec0       $pdata$_IsNonwritableInCurrentImage 0000000180035ec0     LIBCMT:pesect.obj
 0004:00001ecc       $pdata$_IsNonwritableInCurrentImage$filt$0 0000000180035ecc     LIBCMT:pesect.obj
 0005:00000000       MoveSmall                  0000000180036000     libvcruntime:memcpy.obj
 0005:00000050       MsetTab                    0000000180036050     libvcruntime:memset.obj
 0006:00000220       $R000000                   0000000180037220     MSR.res
 0006:00000b90       $R000970                   0000000180037b90     MSR.res
 0006:00000c78       $R000A58                   0000000180037c78     MSR.res
 0006:00000ee0       $R000CC0                   0000000180037ee0     MSR.res
 0006:00001410       $R0011F0                   0000000180038410     MSR.res
 0006:00005c00       $R0059E0                   000000018003cc00     MSR.res
 0006:00005c28       $R005A08                   000000018003cc28     MSR.res
