 OPOSSmartCardRW

 Timestamp is 600f7abb (Tue Jan 26 11:13:15 2021)

 Preferred load address is 0000000180000000

 Start         Length     Name                   Class
 0001:00000000 000000c0H .text$di                CODE
 0001:000000c0 00021540H .text$mn                CODE
 0001:00021600 00000040H .text$mn$00             CODE
 0001:00021640 000004b0H .text$x                 CODE
 0001:00021af0 00000078H .text$yd                CODE
 0002:00000000 00000618H .idata$5                DATA
 0002:00000618 00000028H .00cfg                  DATA
 0002:00000640 00000008H .CRT$XCA                DATA
 0002:00000648 00000008H .CRT$XCL                DATA
 0002:00000650 00000020H .CRT$XCU                DATA
 0002:00000670 00000008H .CRT$XCZ                DATA
 0002:00000678 00000008H .CRT$XIA                DATA
 0002:00000680 00000020H .CRT$XIC                DATA
 0002:000006a0 00000008H .CRT$XIZ                DATA
 0002:000006a8 00000008H .CRT$XLA                DATA
 0002:000006b0 00000008H .CRT$XLZ                DATA
 0002:000006b8 00000008H .CRT$XPA                DATA
 0002:000006c0 00000010H .CRT$XPX                DATA
 0002:000006d0 00000008H .CRT$XPXA               DATA
 0002:000006d8 00000008H .CRT$XPZ                DATA
 0002:000006e0 00000008H .CRT$XTA                DATA
 0002:000006e8 00000008H .CRT$XTZ                DATA
 0002:000006f0 00000000H .gehcont$y              DATA
 0002:000006f0 00000000H .gfids$y                DATA
 0002:000006f0 0000a910H .rdata                  DATA
 0002:0000b000 00000000H .rdata$CastGuardVftablesA DATA
 0002:0000b000 00000000H .rdata$CastGuardVftablesC DATA
 0002:0000b000 00000028H .rdata$T                DATA
 0002:0000b028 00000274H .rdata$r                DATA
 0002:0000b29c 0000040cH .rdata$zzzdbg           DATA
 0002:0000b6a8 00000008H .rtc$IAA                DATA
 0002:0000b6b0 00000008H .rtc$IZZ                DATA
 0002:0000b6b8 00000008H .rtc$TAA                DATA
 0002:0000b6c0 00000008H .rtc$TZZ                DATA
 0002:0000b6c8 00000004H .tls                    DATA
 0002:0000b6cc 00000004H .tls$                   DATA
 0002:0000b6d0 00000008H .tls$ZZZ                DATA
 0002:0000b6d8 000016b0H .xdata                  DATA
 0002:0000cd88 00000150H .xdata$x                DATA
 0002:0000ced8 00000008H ATL$__a                 DATA
 0002:0000cee0 00000010H ATL$__z                 DATA
 0002:0000cef0 000000acH .edata                  DATA
 0002:0000cf9c 00000078H .idata$2                DATA
 0002:0000d014 00000014H .idata$3                DATA
 0002:0000d028 00000618H .idata$4                DATA
 0002:0000d640 00000c2aH .idata$6                DATA
 0003:00000000 00000db8H .data                   DATA
 0003:00000db8 000000c8H .data$r                 DATA
 0003:00000e80 0000141cH .bss                    DATA
 0004:00000000 00001ea8H .pdata                  DATA
 0005:00000000 00000094H _RDATA                  DATA
 0006:00000000 00000220H .rsrc$01                DATA
 0006:00000220 000043f0H .rsrc$02                DATA

  Address         Publics by Value              Rva+Base               Lib:Object

 0000:00000000       __x64_code_ranges_to_entry_points 0000000000000000     <absolute>
 0000:00000000       __x64_code_ranges_to_entry_points_count 0000000000000000     <absolute>
 0000:00000000       __guard_fids_count         0000000000000000     <absolute>
 0000:00000000       __guard_longjmp_table      0000000000000000     <absolute>
 0000:00000000       __arm64x_extra_rfe_table   0000000000000000     <absolute>
 0000:00000000       __arm64x_redirection_metadata 0000000000000000     <absolute>
 0000:00000000       __guard_iat_table          0000000000000000     <absolute>
 0000:00000000       __hybrid_code_map          0000000000000000     <absolute>
 0000:00000000       __volatile_metadata        0000000000000000     <absolute>
 0000:00000000       __arm64x_extra_rfe_table_size 0000000000000000     <absolute>
 0000:00000000       ___safe_se_handler_count   0000000000000000     <absolute>
 0000:00000000       __guard_iat_count          0000000000000000     <absolute>
 0000:00000000       __guard_longjmp_count      0000000000000000     <absolute>
 0000:00000000       ___safe_se_handler_table   0000000000000000     <absolute>
 0000:00000000       __dynamic_value_reloc_table 0000000000000000     <absolute>
 0000:00000000       __hybrid_auxiliary_iat     0000000000000000     <absolute>
 0000:00000000       __guard_eh_cont_count      0000000000000000     <absolute>
 0000:00000000       __AbsoluteZero             0000000000000000     <absolute>
 0000:00000000       __guard_fids_table         0000000000000000     <absolute>
 0000:00000000       __arm64x_redirection_metadata_count 0000000000000000     <absolute>
 0000:00000000       __enclave_config           0000000000000000     <absolute>
 0000:00000000       __guard_eh_cont_table      0000000000000000     <absolute>
 0000:00000000       __arm64x_native_entrypoint 0000000000000000     <absolute>
 0000:00000000       __hybrid_code_map_count    0000000000000000     <absolute>
 0000:00000100       __guard_flags              0000000000000100     <absolute>
 0000:00000000       __ImageBase                0000000180000000     <linker-defined>
 0001:000000c0       ?DupWide@_CW@@AEAAXXZ      00000001800010c0 f   CWString.obj
 0001:000000e8       ?cw_dup@@YAXPEBDAEAHAEAPEA_W1@Z 00000001800010e8 f   CWString.obj
 0001:000001c8       ?cw_memcpy@@YAHPEA_WPEBDH@Z 00000001800011c8 f   CWString.obj
 0001:00000214       ?cw_strcpy@@YAHPEA_WPEBD@Z 0000000180001214 f   CWString.obj
 0001:00000228       ??0CAtlComModule@ATL@@QEAA@XZ 0000000180001228 f i OposVariant.obj
 0001:000002a8       ??0CAtlWinModule@ATL@@QEAA@XZ 00000001800012a8 f i OposVariant.obj
 0001:00000314       ??0OposDispParms@@QEAA@PEAVOposVariant@@H@Z 0000000180001314 f   OposVariant.obj
 0001:000003bc       ??1OposDispParms@@QEAA@XZ  00000001800013bc f   OposVariant.obj
 0001:000003d4       ??_Estringdispid@CComTypeInfoHolder@ATL@@QEAAPEAXI@Z 00000001800013d4 f i OposVariant.obj
 0001:00000478       ?AtlWinModuleTerm@ATL@@YAJPEAU_ATL_WIN_MODULE70@1@PEAUHINSTANCE__@@@Z 0000000180001478 f i OposVariant.obj
 0001:00000528       ?ChangeBSTR@OposVariant@@QEAAXPEAPEA_WAEAJ@Z 0000000180001528 f   OposVariant.obj
 0001:00000588       ?ChangeLONG@OposVariant@@QEAAXPEAJAEAJ@Z 0000000180001588 f   OposVariant.obj
 0001:000005e4       ?GetLONG@OposVariant@@QEAAJXZ 00000001800015e4 f   OposVariant.obj
 0001:00000608       ?SetBSTR@OposVariant@@QEAAXPEA_WAEAJ@Z 0000000180001608 f   OposVariant.obj
 0001:00000648       ?SetBSTR_Copy@OposVariant@@QEAAXPEA_WAEAJ@Z 0000000180001648 f   OposVariant.obj
 0001:000006b8       ?SetBSTR_InOutPtr@OposVariant@@QEAA_NPEAPEA_WAEAJ@Z 00000001800016b8 f   OposVariant.obj
 0001:00000708       ?SetDispatch_Ptr@OposVariant@@QEAAXPEAUIDispatch@@AEAJ@Z 0000000180001708 f   OposVariant.obj
 0001:00000760       ?SetLONG@OposVariant@@QEAAXJ@Z 0000000180001760 f   OposVariant.obj
 0001:00000790       ?SetLONG_Ptr@OposVariant@@QEAAXPEAJAEAJ@Z 0000000180001790 f   OposVariant.obj
 0001:000007dc       ?SetString@OposVariant@@QEAAXPEB_WAEAJ@Z 00000001800017dc f   OposVariant.obj
 0001:00000840       ?SetVARIANT_BOOL@OposVariant@@QEAAXF@Z 0000000180001840 f   OposVariant.obj
 0001:00000878       ?Term@CAtlComModule@ATL@@QEAAXXZ 0000000180001878 f i OposVariant.obj
 0001:000008e8       ?_AtlInitializeCriticalSectionEx@ATL@@YAHPEAU_RTL_CRITICAL_SECTION@@KK@Z 00000001800018e8 f i OposVariant.obj
 0001:000008f0       ?_AtlRaiseException@ATL@@YAXKK@Z 00000001800018f0 f i OposVariant.obj
 0001:00000900       ?GetWindowProc@?$CWindowImplBaseT@VCWindow@ATL@@V?$CWinTraits@$0FGAAAAAA@$0A@@2@@ATL@@UEAAP6A_JPEAUHWND__@@I_K_J@ZXZ 0000000180001900 f i SmartCardRW.obj
 0001:00000908       ?StartWindowProc@?$CWindowImplBaseT@VCWindow@ATL@@V?$CWinTraits@$0FGAAAAAA@$0A@@2@@ATL@@SA_JPEAUHWND__@@I_K_J@Z 0000000180001908 f i SmartCardRW.obj
 0001:000009cc       _guard_check_icall_nop     00000001800019cc f i LIBCMT:guard_support.obj
 0001:000009cc       ?ObjectMain@CComObjectRootBase@ATL@@SAX_N@Z 00000001800019cc f i SmartCardRW.obj
 0001:000009cc       ?OnFinalMessage@?$CWindowImplBaseT@VCWindow@ATL@@V?$CWinTraits@$0FGAAAAAA@$0A@@2@@ATL@@UEAAXPEAUHWND__@@@Z 00000001800019cc f i SmartCardRW.obj
 0001:000009d0       ?GetTypeInfoCount@?$IDispatchImpl@UIOPOSSmartCardRW@@$1?IID_IOPOSSmartCardRW@@3U_GUID@@B$1?LIBID_OposSmartCardRW_CCO@@3U3@B$00$0A@VCComTypeInfoHolder@ATL@@@ATL@@UEAAJPEAI@Z 00000001800019d0 f i SmartCardRW.obj
 0001:000009e4       ?GetTypeInfo@?$IDispatchImpl@UIOPOSSmartCardRW@@$1?IID_IOPOSSmartCardRW@@3U_GUID@@B$1?LIBID_OposSmartCardRW_CCO@@3U3@B$00$0A@VCComTypeInfoHolder@ATL@@@ATL@@UEAAJIKPEAPEAUITypeInfo@@@Z 00000001800019e4 f i SmartCardRW.obj
 0001:00000a48       ?GetIDsOfNames@?$IDispatchImpl@UIOPOSSmartCardRW@@$1?IID_IOPOSSmartCardRW@@3U_GUID@@B$1?LIBID_OposSmartCardRW_CCO@@3U3@B$00$0A@VCComTypeInfoHolder@ATL@@@ATL@@UEAAJAEBU_GUID@@PEAPEA_WIKPEAJ@Z 0000000180001a48 f i SmartCardRW.obj
 0001:00000a54       ?Invoke@?$IDispatchImpl@UIOPOSSmartCardRW@@$1?IID_IOPOSSmartCardRW@@3U_GUID@@B$1?LIBID_OposSmartCardRW_CCO@@3U3@B$00$0A@VCComTypeInfoHolder@ATL@@@ATL@@UEAAJJAEBU_GUID@@KGPEAUtagDISPPARAMS@@PEAUtagVARIANT@@PEAUtagEXCEPINFO@@PEAI@Z 0000000180001a54 f i SmartCardRW.obj
 0001:00000ae4       ?CreateControlWindow@?$CComControl@VCOPOSSmartCardRW@@V?$CWindowImpl@VCOPOSSmartCardRW@@VCWindow@ATL@@V?$CWinTraits@$0FGAAAAAA@$0A@@3@@ATL@@@ATL@@UEAAPEAUHWND__@@PEAU3@AEAUtagRECT@@@Z 0000000180001ae4 f i SmartCardRW.obj
 0001:00000b1c       ?ControlQueryInterface@?$CComControl@VCOPOSSmartCardRW@@V?$CWindowImpl@VCOPOSSmartCardRW@@VCWindow@ATL@@V?$CWinTraits@$0FGAAAAAA@$0A@@3@@ATL@@@ATL@@UEAAJAEBU_GUID@@PEAPEAX@Z 0000000180001b1c f i SmartCardRW.obj
 0001:00000b30       ?GetClassID@?$IPersistStorageImpl@VCOPOSSmartCardRW@@@ATL@@UEAAJPEAU_GUID@@@Z 0000000180001b30 f i SmartCardRW.obj
 0001:00000b30       ?GetClassID@?$IPersistStreamInitImpl@VCOPOSSmartCardRW@@@ATL@@UEAAJPEAU_GUID@@@Z 0000000180001b30 f i SmartCardRW.obj
 0001:00000b30       ?GetUserClassID@?$IOleObjectImpl@VCOPOSSmartCardRW@@@ATL@@UEAAJPEAU_GUID@@@Z 0000000180001b30 f i SmartCardRW.obj
 0001:00000b4c       ?IsDirty@?$IPersistStreamInitImpl@VCOPOSSmartCardRW@@@ATL@@UEAAJXZ 0000000180001b4c f i SmartCardRW.obj
 0001:00000b68       ?Load@?$IPersistStreamInitImpl@VCOPOSSmartCardRW@@@ATL@@UEAAJPEAUIStream@@@Z 0000000180001b68 f i SmartCardRW.obj
 0001:00000b80       ?Save@?$IPersistStreamInitImpl@VCOPOSSmartCardRW@@@ATL@@UEAAJPEAUIStream@@H@Z 0000000180001b80 f i SmartCardRW.obj
 0001:00000b98       ?GetSizeMax@?$IPersistStreamInitImpl@VCOPOSSmartCardRW@@@ATL@@UEAAJPEAT_ULARGE_INTEGER@@@Z 0000000180001b98 f i SmartCardRW.obj
 0001:00000dc4       ?InitNew@?$IPersistStreamInitImpl@VCOPOSSmartCardRW@@@ATL@@UEAAJXZ 0000000180001dc4 f i SmartCardRW.obj
 0001:00000ddc       ?GetDataHere@?$IDataObjectImpl@VCOPOSSmartCardRW@@@ATL@@UEAAJPEAUtagFORMATETC@@PEAUtagSTGMEDIUM@@@Z 0000000180001ddc f i SmartCardRW.obj
 0001:00000ddc       ?Unfreeze@?$IViewObjectExImpl@VCOPOSSmartCardRW@@@ATL@@UEAAJK@Z 0000000180001ddc f i SmartCardRW.obj
 0001:00000ddc       ?GetDropTarget@?$IOleInPlaceObjectWindowlessImpl@VCOPOSSmartCardRW@@@ATL@@UEAAJPEAPEAUIDropTarget@@@Z 0000000180001ddc f i SmartCardRW.obj
 0001:00000ddc       ?ContextSensitiveHelp@?$IOleInPlaceActiveObjectImpl@VCOPOSSmartCardRW@@@ATL@@UEAAJH@Z 0000000180001ddc f i SmartCardRW.obj
 0001:00000ddc       ?GetCanonicalFormatEtc@?$IDataObjectImpl@VCOPOSSmartCardRW@@@ATL@@UEAAJPEAUtagFORMATETC@@0@Z 0000000180001ddc f i SmartCardRW.obj
 0001:00000ddc       ?EnumFormatEtc@?$IDataObjectImpl@VCOPOSSmartCardRW@@@ATL@@UEAAJKPEAPEAUIEnumFORMATETC@@@Z 0000000180001ddc f i SmartCardRW.obj
 0001:00000ddc       ?SetColorScheme@?$IOleObjectImpl@VCOPOSSmartCardRW@@@ATL@@UEAAJPEAUtagLOGPALETTE@@@Z 0000000180001ddc f i SmartCardRW.obj
 0001:00000ddc       ?SetData@?$IDataObjectImpl@VCOPOSSmartCardRW@@@ATL@@UEAAJPEAUtagFORMATETC@@PEAUtagSTGMEDIUM@@H@Z 0000000180001ddc f i SmartCardRW.obj
 0001:00000ddc       ?OnMnemonic@?$IOleControlImpl@VCOPOSSmartCardRW@@@ATL@@UEAAJPEAUtagMSG@@@Z 0000000180001ddc f i SmartCardRW.obj
 0001:00000ddc       ?SetMoniker@?$IOleObjectImpl@VCOPOSSmartCardRW@@@ATL@@UEAAJKPEAUIMoniker@@@Z 0000000180001ddc f i SmartCardRW.obj
 0001:00000ddc       ?QueryGetData@?$IDataObjectImpl@VCOPOSSmartCardRW@@@ATL@@UEAAJPEAUtagFORMATETC@@@Z 0000000180001ddc f i SmartCardRW.obj
 0001:00000ddc       ?GetMoniker@?$IOleObjectImpl@VCOPOSSmartCardRW@@@ATL@@UEAAJKKPEAPEAUIMoniker@@@Z 0000000180001ddc f i SmartCardRW.obj
 0001:00000ddc       ?Freeze@?$IViewObjectExImpl@VCOPOSSmartCardRW@@@ATL@@UEAAJKJPEAXPEAK@Z 0000000180001ddc f i SmartCardRW.obj
 0001:00000ddc       ?InitFromData@?$IOleObjectImpl@VCOPOSSmartCardRW@@@ATL@@UEAAJPEAUIDataObject@@HK@Z 0000000180001ddc f i SmartCardRW.obj
 0001:00000ddc       ?GetControlInfo@?$IOleControlImpl@VCOPOSSmartCardRW@@@ATL@@UEAAJPEAUtagCONTROLINFO@@@Z 0000000180001ddc f i SmartCardRW.obj
 0001:00000ddc       ?QueryInterface@CRegObject@ATL@@UEAAJAEBU_GUID@@PEAPEAX@Z 0000000180001ddc f i SmartCardRW.obj
 0001:00000ddc       ?GetRect@?$IViewObjectExImpl@VCOPOSSmartCardRW@@@ATL@@UEAAJKPEAU_RECTL@@@Z 0000000180001ddc f i SmartCardRW.obj
 0001:00000ddc       ?GetClipboardData@?$IOleObjectImpl@VCOPOSSmartCardRW@@@ATL@@UEAAJKPEAPEAUIDataObject@@@Z 0000000180001ddc f i SmartCardRW.obj
 0001:00000ddc       ?GetColorSet@?$IViewObjectExImpl@VCOPOSSmartCardRW@@@ATL@@UEAAJKJPEAXPEAUtagDVTARGETDEVICE@@PEAUHDC__@@PEAPEAUtagLOGPALETTE@@@Z 0000000180001ddc f i SmartCardRW.obj
 0001:00000ddc       ?ReactivateAndUndo@?$IOleInPlaceObjectWindowlessImpl@VCOPOSSmartCardRW@@@ATL@@UEAAJXZ 0000000180001ddc f i SmartCardRW.obj
 0001:00000ddc       ?ContextSensitiveHelp@?$IOleInPlaceObjectWindowlessImpl@VCOPOSSmartCardRW@@@ATL@@UEAAJH@Z 0000000180001ddc f i SmartCardRW.obj
 0001:00000de4       ?EnableModeless@?$IOleInPlaceActiveObjectImpl@VCOPOSSmartCardRW@@@ATL@@UEAAJH@Z 0000000180001de4 f i SmartCardRW.obj
 0001:00000de4       ?OnAmbientPropertyChange@?$IOleControlImpl@VCOPOSSmartCardRW@@@ATL@@UEAAJJ@Z 0000000180001de4 f i SmartCardRW.obj
 0001:00000de4       ?SetHostNames@?$IOleObjectImpl@VCOPOSSmartCardRW@@@ATL@@UEAAJPEB_W0@Z 0000000180001de4 f i SmartCardRW.obj
 0001:00000de4       ?Update@?$IOleObjectImpl@VCOPOSSmartCardRW@@@ATL@@UEAAJXZ 0000000180001de4 f i SmartCardRW.obj
 0001:00000de4       ?GetObjectDescription@?$CComCoClass@VCOPOSSmartCardRW@@$1?CLSID_OPOSSmartCardRW@@3U_GUID@@B@ATL@@SAPEB_WXZ 0000000180001de4 f i SmartCardRW.obj
 0001:00000de4       ?GetCategoryMap@CComObjectRootBase@ATL@@SAPEBU_ATL_CATMAP_ENTRY@2@XZ 0000000180001de4 f i SmartCardRW.obj
 0001:00000de4       ?HandsOffStorage@?$IPersistStorageImpl@VCOPOSSmartCardRW@@@ATL@@UEAAJXZ 0000000180001de4 f i SmartCardRW.obj
 0001:00000de4       ?OnFrameWindowActivate@?$IOleInPlaceActiveObjectImpl@VCOPOSSmartCardRW@@@ATL@@UEAAJH@Z 0000000180001de4 f i SmartCardRW.obj
 0001:00000de4       ?ResizeBorder@?$IOleInPlaceActiveObjectImpl@VCOPOSSmartCardRW@@@ATL@@UEAAJPEBUtagRECT@@PEAUIOleInPlaceUIWindow@@H@Z 0000000180001de4 f i SmartCardRW.obj
 0001:00000de4       ?SaveCompleted@?$IPersistStorageImpl@VCOPOSSmartCardRW@@@ATL@@UEAAJPEAUIStorage@@@Z 0000000180001de4 f i SmartCardRW.obj
 0001:00000de4       ?IsUpToDate@?$IOleObjectImpl@VCOPOSSmartCardRW@@@ATL@@UEAAJXZ 0000000180001de4 f i SmartCardRW.obj
 0001:00000de4       ?Release@CRegObject@ATL@@UEAAKXZ 0000000180001de4 f i SmartCardRW.obj
 0001:00000de8       ?SetClientSite@?$IOleObjectImpl@VCOPOSSmartCardRW@@@ATL@@UEAAJPEAUIOleClientSite@@@Z 0000000180001de8 f i SmartCardRW.obj
 0001:00000e04       ?GetClientSite@?$IOleObjectImpl@VCOPOSSmartCardRW@@@ATL@@UEAAJPEAPEAUIOleClientSite@@@Z 0000000180001e04 f i SmartCardRW.obj
 0001:00000e4c       ?Close@?$IOleObjectImpl@VCOPOSSmartCardRW@@@ATL@@UEAAJK@Z 0000000180001e4c f i SmartCardRW.obj
 0001:00000e68       ?DoVerb@?$IOleObjectImpl@VCOPOSSmartCardRW@@@ATL@@UEAAJJPEAUtagMSG@@PEAUIOleClientSite@@JPEAUHWND__@@PEBUtagRECT@@@Z 0000000180001e68 f i SmartCardRW.obj
 0001:0000100c       ?EnumVerbs@?$IOleObjectImpl@VCOPOSSmartCardRW@@@ATL@@UEAAJPEAPEAUIEnumOLEVERB@@@Z 000000018000200c f i SmartCardRW.obj
 0001:00001028       ?GetUserType@?$IOleObjectImpl@VCOPOSSmartCardRW@@@ATL@@UEAAJKPEAPEA_W@Z 0000000180002028 f i SmartCardRW.obj
 0001:00001038       ?SetExtent@?$IOleObjectImpl@VCOPOSSmartCardRW@@@ATL@@UEAAJKPEAUtagSIZE@@@Z 0000000180002038 f i SmartCardRW.obj
 0001:00001054       ?GetExtent@?$IOleObjectImpl@VCOPOSSmartCardRW@@@ATL@@UEAAJKPEAUtagSIZE@@@Z 0000000180002054 f i SmartCardRW.obj
 0001:00001084       ?Advise@?$IOleObjectImpl@VCOPOSSmartCardRW@@@ATL@@UEAAJPEAUIAdviseSink@@PEAK@Z 0000000180002084 f i SmartCardRW.obj
 0001:000010e0       ?Unadvise@?$IOleObjectImpl@VCOPOSSmartCardRW@@@ATL@@UEAAJK@Z 00000001800020e0 f i SmartCardRW.obj
 0001:00001118       ?EnumAdvise@?$IOleObjectImpl@VCOPOSSmartCardRW@@@ATL@@UEAAJPEAPEAUIEnumSTATDATA@@@Z 0000000180002118 f i SmartCardRW.obj
 0001:00001160       ?GetMiscStatus@?$IOleObjectImpl@VCOPOSSmartCardRW@@@ATL@@UEAAJKPEAK@Z 0000000180002160 f i SmartCardRW.obj
 0001:00001170       ?GetWindow@?$IOleInPlaceActiveObjectImpl@VCOPOSSmartCardRW@@@ATL@@UEAAJPEAPEAUHWND__@@@Z 0000000180002170 f i SmartCardRW.obj
 0001:000011c4       ?TranslateAcceleratorW@?$IOleInPlaceActiveObjectImpl@VCOPOSSmartCardRW@@@ATL@@UEAAJPEAUtagMSG@@@Z 00000001800021c4 f i SmartCardRW.obj
 0001:000012b8       ?OnDocWindowActivate@?$IOleInPlaceActiveObjectImpl@VCOPOSSmartCardRW@@@ATL@@UEAAJH@Z 00000001800022b8 f i SmartCardRW.obj
 0001:000012e4       ?Draw@?$IViewObjectExImpl@VCOPOSSmartCardRW@@@ATL@@UEAAJKJPEAXPEAUtagDVTARGETDEVICE@@PEAUHDC__@@2PEBU_RECTL@@3P6AH_K@Z4@Z 00000001800022e4 f i SmartCardRW.obj
 0001:00001348       ?SetAdvise@?$IViewObjectExImpl@VCOPOSSmartCardRW@@@ATL@@UEAAJKKPEAUIAdviseSink@@@Z 0000000180002348 f i SmartCardRW.obj
 0001:0000139c       ?GetAdvise@?$IViewObjectExImpl@VCOPOSSmartCardRW@@@ATL@@UEAAJPEAK0PEAPEAUIAdviseSink@@@Z 000000018000239c f i SmartCardRW.obj
 0001:000013d8       ?GetExtent@?$IViewObjectExImpl@VCOPOSSmartCardRW@@@ATL@@UEAAJKJPEAUtagDVTARGETDEVICE@@PEAUtagSIZE@@@Z 00000001800023d8 f i SmartCardRW.obj
 0001:00001408       ?GetViewStatus@?$IViewObjectExImpl@VCOPOSSmartCardRW@@@ATL@@UEAAJPEAK@Z 0000000180002408 f i SmartCardRW.obj
 0001:0000141c       ?QueryHitPoint@?$IViewObjectExImpl@VCOPOSSmartCardRW@@@ATL@@UEAAJKPEBUtagRECT@@UtagPOINT@@JPEAK@Z 000000018000241c f i SmartCardRW.obj
 0001:00001460       ?QueryHitRect@?$IViewObjectExImpl@VCOPOSSmartCardRW@@@ATL@@UEAAJKPEBUtagRECT@@0JPEAK@Z 0000000180002460 f i SmartCardRW.obj
 0001:000014c8       ?GetNaturalExtent@?$IViewObjectExImpl@VCOPOSSmartCardRW@@@ATL@@UEAAJKJPEAUtagDVTARGETDEVICE@@PEAUHDC__@@PEAUtagExtentInfo@@PEAUtagSIZE@@@Z 00000001800024c8 f i SmartCardRW.obj
 0001:00001510       ?GetWindow@?$IOleInPlaceObjectWindowlessImpl@VCOPOSSmartCardRW@@@ATL@@UEAAJPEAPEAUHWND__@@@Z 0000000180002510 f i SmartCardRW.obj
 0001:00001564       ?InPlaceDeactivate@?$IOleInPlaceObjectWindowlessImpl@VCOPOSSmartCardRW@@@ATL@@UEAAJXZ 0000000180002564 f i SmartCardRW.obj
 0001:00001580       ?UIDeactivate@?$IOleInPlaceObjectWindowlessImpl@VCOPOSSmartCardRW@@@ATL@@UEAAJXZ 0000000180002580 f i SmartCardRW.obj
 0001:0000159c       ?SetObjectRects@?$IOleInPlaceObjectWindowlessImpl@VCOPOSSmartCardRW@@@ATL@@UEAAJPEBUtagRECT@@0@Z 000000018000259c f i SmartCardRW.obj
 0001:000015b8       ?OnWindowMessage@?$IOleInPlaceObjectWindowlessImpl@VCOPOSSmartCardRW@@@ATL@@UEAAJI_K_JPEA_J@Z 00000001800025b8 f i SmartCardRW.obj
 0001:00001680       ?EnumConnectionPoints@?$IConnectionPointContainerImpl@VCOPOSSmartCardRW@@@ATL@@UEAAJPEAPEAUIEnumConnectionPoints@@@Z 0000000180002680 f i SmartCardRW.obj
 0001:000018cc       ?FindConnectionPoint@?$IConnectionPointContainerImpl@VCOPOSSmartCardRW@@@ATL@@UEAAJAEBU_GUID@@PEAPEAUIConnectionPoint@@@Z 00000001800028cc f i SmartCardRW.obj
 0001:0000199c       ?IsDirty@?$IPersistStorageImpl@VCOPOSSmartCardRW@@@ATL@@UEAAJXZ 000000018000299c f i SmartCardRW.obj
 0001:000019dc       ?InitNew@?$IPersistStorageImpl@VCOPOSSmartCardRW@@@ATL@@UEAAJPEAUIStorage@@@Z 00000001800029dc f i SmartCardRW.obj
 0001:00001a1c       ?Load@?$IPersistStorageImpl@VCOPOSSmartCardRW@@@ATL@@UEAAJPEAUIStorage@@@Z 0000000180002a1c f i SmartCardRW.obj
 0001:00001abc       ?Save@?$IPersistStorageImpl@VCOPOSSmartCardRW@@@ATL@@UEAAJPEAUIStorage@@H@Z 0000000180002abc f i SmartCardRW.obj
 0001:00001b6c       ?GetPages@?$ISpecifyPropertyPagesImpl@VCOPOSSmartCardRW@@@ATL@@UEAAJPEAUtagCAUUID@@@Z 0000000180002b6c f i SmartCardRW.obj
 0001:00001b78       ?QuickActivate@?$IQuickActivateImpl@VCOPOSSmartCardRW@@@ATL@@UEAAJPEAUtagQACONTAINER@@PEAUtagQACONTROL@@@Z 0000000180002b78 f i SmartCardRW.obj
 0001:00001b94       ?SetContentExtent@?$IQuickActivateImpl@VCOPOSSmartCardRW@@@ATL@@UEAAJPEAUtagSIZE@@@Z 0000000180002b94 f i SmartCardRW.obj
 0001:00001bc8       ?GetContentExtent@?$IQuickActivateImpl@VCOPOSSmartCardRW@@@ATL@@UEAAJPEAUtagSIZE@@@Z 0000000180002bc8 f i SmartCardRW.obj
 0001:00001c00       ?GetData@?$IDataObjectImpl@VCOPOSSmartCardRW@@@ATL@@UEAAJPEAUtagFORMATETC@@PEAUtagSTGMEDIUM@@@Z 0000000180002c00 f i SmartCardRW.obj
 0001:00001c1c       ?DAdvise@?$IDataObjectImpl@VCOPOSSmartCardRW@@@ATL@@UEAAJPEAUtagFORMATETC@@KPEAUIAdviseSink@@PEAK@Z 0000000180002c1c f i SmartCardRW.obj
 0001:00001ca4       ?DUnadvise@?$IDataObjectImpl@VCOPOSSmartCardRW@@@ATL@@UEAAJK@Z 0000000180002ca4 f i SmartCardRW.obj
 0001:00001cd0       ?EnumDAdvise@?$IDataObjectImpl@VCOPOSSmartCardRW@@@ATL@@UEAAJPEAPEAUIEnumSTATDATA@@@Z 0000000180002cd0 f i SmartCardRW.obj
 0001:00001d0c       ?GetClassInfoW@?$IProvideClassInfo2Impl@$1?CLSID_OPOSSmartCardRW@@3U_GUID@@B$1?DIID__IOPOSSmartCardRWEvents@@3U2@B$1?LIBID_OposSmartCardRW_CCO@@3U2@B$00$0A@VCComTypeInfoHolder@ATL@@@ATL@@UEAAJPEAPEAUITypeInfo@@@Z 0000000180002d0c f i SmartCardRW.obj
 0001:00001d64       ?GetGUID@?$IProvideClassInfo2Impl@$1?CLSID_OPOSSmartCardRW@@3U_GUID@@B$1?DIID__IOPOSSmartCardRWEvents@@3U2@B$1?LIBID_OposSmartCardRW_CCO@@3U2@B$00$0A@VCComTypeInfoHolder@ATL@@@ATL@@UEAAJKPEAU_GUID@@@Z 0000000180002d64 f i SmartCardRW.obj
 0001:00001d98       _get_startup_argv_mode     0000000180002d98 f i LIBCMT:argv_mode.obj
 0001:00001d98       ?FAccessAllowed@?$IObjectSafetyImpl@VCOPOSSmartCardRW@@$02@ATL@@MEAAHXZ 0000000180002d98 f i SmartCardRW.obj
 0001:00001d98       ?AddRef@CRegObject@ATL@@UEAAKXZ 0000000180002d98 f i SmartCardRW.obj
 0001:00001da0       ?GetInterfaceSafetyOptions@?$IObjectSafetyImpl@VCOPOSSmartCardRW@@$02@ATL@@UEAAJAEBU_GUID@@PEAK1@Z 0000000180002da0 f i SmartCardRW.obj
 0001:00001e34       ?SetInterfaceSafetyOptions@?$IObjectSafetyImpl@VCOPOSSmartCardRW@@$02@ATL@@UEAAJAEBU_GUID@@KK@Z 0000000180002e34 f i SmartCardRW.obj
 0001:00001ed8       ?_LocCPQueryInterface@?$IConnectionPointImpl@VCOPOSSmartCardRW@@$1?IID_IPropertyNotifySink@@3U_GUID@@BVCComDynamicUnkArray@ATL@@@ATL@@UEAAJAEBU_GUID@@PEAPEAX@Z 0000000180002ed8 f i SmartCardRW.obj
 0001:00001ed8       ?_LocCPQueryInterface@?$IConnectionPointImpl@VCOPOSSmartCardRW@@$1?DIID__IOPOSSmartCardRWEvents@@3U_GUID@@BVCComDynamicUnkArray@ATL@@@ATL@@UEAAJAEBU_GUID@@PEAPEAX@Z 0000000180002ed8 f i SmartCardRW.obj
 0001:00001f48       ?GetConnectionInterface@?$IConnectionPointImpl@VCOPOSSmartCardRW@@$1?IID_IPropertyNotifySink@@3U_GUID@@BVCComDynamicUnkArray@ATL@@@ATL@@UEAAJPEAU_GUID@@@Z 0000000180002f48 f i SmartCardRW.obj
 0001:00001f64       ?GetConnectionPointContainer@?$IConnectionPointImpl@VCOPOSSmartCardRW@@$1?IID_IPropertyNotifySink@@3U_GUID@@BVCComDynamicUnkArray@ATL@@@ATL@@UEAAJPEAPEAUIConnectionPointContainer@@@Z 0000000180002f64 f i SmartCardRW.obj
 0001:00001f84       ?Advise@?$IConnectionPointImpl@VCOPOSSmartCardRW@@$1?DIID__IOPOSSmartCardRWEvents@@3U_GUID@@BVCComDynamicUnkArray@ATL@@@ATL@@UEAAJPEAUIUnknown@@PEAK@Z 0000000180002f84 f i SmartCardRW.obj
 0001:00001f84       ?Advise@?$IConnectionPointImpl@VCOPOSSmartCardRW@@$1?IID_IPropertyNotifySink@@3U_GUID@@BVCComDynamicUnkArray@ATL@@@ATL@@UEAAJPEAUIUnknown@@PEAK@Z 0000000180002f84 f i SmartCardRW.obj
 0001:00002040       ?Unadvise@?$IConnectionPointImpl@VCOPOSSmartCardRW@@$1?IID_IPropertyNotifySink@@3U_GUID@@BVCComDynamicUnkArray@ATL@@@ATL@@UEAAJK@Z 0000000180003040 f i SmartCardRW.obj
 0001:00002040       ?Unadvise@?$IConnectionPointImpl@VCOPOSSmartCardRW@@$1?DIID__IOPOSSmartCardRWEvents@@3U_GUID@@BVCComDynamicUnkArray@ATL@@@ATL@@UEAAJK@Z 0000000180003040 f i SmartCardRW.obj
 0001:000020a8       ?EnumConnections@?$IConnectionPointImpl@VCOPOSSmartCardRW@@$1?IID_IPropertyNotifySink@@3U_GUID@@BVCComDynamicUnkArray@ATL@@@ATL@@UEAAJPEAPEAUIEnumConnections@@@Z 00000001800030a8 f i SmartCardRW.obj
 0001:000020a8       ?EnumConnections@?$IConnectionPointImpl@VCOPOSSmartCardRW@@$1?DIID__IOPOSSmartCardRWEvents@@3U_GUID@@BVCComDynamicUnkArray@ATL@@@ATL@@UEAAJPEAPEAUIEnumConnections@@@Z 00000001800030a8 f i SmartCardRW.obj
 0001:00002254       ?GetConnectionInterface@?$IConnectionPointImpl@VCOPOSSmartCardRW@@$1?DIID__IOPOSSmartCardRWEvents@@3U_GUID@@BVCComDynamicUnkArray@ATL@@@ATL@@UEAAJPEAU_GUID@@@Z 0000000180003254 f i SmartCardRW.obj
 0001:00002270       ?GetConnectionPointContainer@?$IConnectionPointImpl@VCOPOSSmartCardRW@@$1?DIID__IOPOSSmartCardRWEvents@@3U_GUID@@BVCComDynamicUnkArray@ATL@@@ATL@@UEAAJPEAPEAUIConnectionPointContainer@@@Z 0000000180003270 f i SmartCardRW.obj
 0001:00002290       ?UpdateRegistry@COPOSSmartCardRW@@SAJH@Z 0000000180003290 f i SmartCardRW.obj
 0001:000022a8       ?ProcessWindowMessage@COPOSSmartCardRW@@UEAAHPEAUHWND__@@I_K_JAEA_JK@Z 00000001800032a8 f i SmartCardRW.obj
 0001:00002330       ?SOData@COPOSSmartCardRW@@MEAAJJ@Z 0000000180003330 f i SmartCardRW.obj
 0001:00002380       ?SODirectIO@COPOSSmartCardRW@@MEAAJJPEAJPEAPEA_W@Z 0000000180003380 f i SmartCardRW.obj
 0001:000023f8       ?SOError@COPOSSmartCardRW@@MEAAJJJJPEAJ@Z 00000001800033f8 f i SmartCardRW.obj
 0001:00002480       ?SOOutputComplete@COPOSSmartCardRW@@MEAAJJ@Z 0000000180003480 f i SmartCardRW.obj
 0001:000024d0       ?SOStatusUpdate@COPOSSmartCardRW@@MEAAJJ@Z 00000001800034d0 f i SmartCardRW.obj
 0001:00002520       ?Lock@CAtlModule@ATL@@UEAAJXZ 0000000180003520 f i SmartCardRW.obj
 0001:00002530       ?Unlock@CAtlModule@ATL@@UEAAJXZ 0000000180003530 f i SmartCardRW.obj
 0001:0000253c       ?GetLockCount@CAtlModule@ATL@@UEAAJXZ 000000018000353c f i SmartCardRW.obj
 0001:00002540       ?GetGITPtr@CAtlModule@ATL@@UEAAJPEAPEAUIGlobalInterfaceTable@@@Z 0000000180003540 f i SmartCardRW.obj
 0001:000025b0       ?AddCommonRGSReplacements@?$CAtlModuleT@VCComModule@ATL@@@ATL@@UEAAJPEAUIRegistrarBase@@@Z 00000001800035b0 f i SmartCardRW.obj
 0001:000025c8       ?CreateInstance@?$CComCreator@V?$CComObjectCached@VCComClassFactory@ATL@@@ATL@@@ATL@@SAJPEAXAEBU_GUID@@PEAPEAX@Z 00000001800035c8 f i SmartCardRW.obj
 0001:000026ec       ?CreateInstance@?$CComCreator2@V?$CComCreator@V?$CComObject@VCOPOSSmartCardRW@@@ATL@@@ATL@@V?$CComCreator@V?$CComAggObject@VCOPOSSmartCardRW@@@ATL@@@2@@ATL@@SAJPEAXAEBU_GUID@@PEAPEAX@Z 00000001800036ec f i SmartCardRW.obj
 0001:000026fc       ?UpdateRegistryFromResourceD@CComModule@ATL@@UEAAJIHPEAU_ATL_REGMAP_ENTRY@2@@Z 00000001800036fc f i SmartCardRW.obj
 0001:000026fc       ?UpdateRegistryFromResourceD@CComModule@ATL@@UEAAJPEB_WHPEAU_ATL_REGMAP_ENTRY@2@@Z 00000001800036fc f i SmartCardRW.obj
 0001:00002704       ?UpdateRegistryFromResource@CComModule@ATL@@UEAAJPEB_WHPEAU_ATL_REGMAP_ENTRY@2@@Z 0000000180003704 f i SmartCardRW.obj
 0001:0000270c       ?UpdateRegistryFromResource@CComModule@ATL@@UEAAJIHPEAU_ATL_REGMAP_ENTRY@2@@Z 000000018000370c f i SmartCardRW.obj
 0001:00002714       ?AddRef@?$CComObjectCached@VCComClassFactory@ATL@@@ATL@@UEAAKXZ 0000000180003714 f i SmartCardRW.obj
 0001:00002740       ?Release@?$CComObjectCached@VCComClassFactory@ATL@@@ATL@@UEAAKXZ 0000000180003740 f i SmartCardRW.obj
 0001:00002780       ?QueryInterface@?$CComObjectCached@VCComClassFactory@ATL@@@ATL@@UEAAJAEBU_GUID@@PEAPEAX@Z 0000000180003780 f i SmartCardRW.obj
 0001:00002794       ??_ECComModule@ATL@@UEAAPEAXI@Z 0000000180003794 f i SmartCardRW.obj
 0001:00002794       ??_GCComModule@ATL@@UEAAPEAXI@Z 0000000180003794 f i SmartCardRW.obj
 0001:000027d4       ??_E?$CComObjectCached@VCComClassFactory@ATL@@@ATL@@UEAAPEAXI@Z 00000001800037d4 f i SmartCardRW.obj
 0001:000027d4       ??_G?$CComObjectCached@VCComClassFactory@ATL@@@ATL@@UEAAPEAXI@Z 00000001800037d4 f i SmartCardRW.obj
 0001:0000282c       ?Next@?$CComEnumImpl@UIEnumConnectionPoints@@$1?_GUID_b196b285_bab4_101a_b69c_00aa00341d07@@3U__s_GUID@@BPEAUIConnectionPoint@@V?$_CopyInterface@UIConnectionPoint@@@ATL@@@ATL@@UEAAJKPEAPEAUIConnectionPoint@@PEAK@Z 000000018000382c f i SmartCardRW.obj
 0001:000028f8       ?Skip@?$CComEnumImpl@UIEnumConnectionPoints@@$1?_GUID_b196b285_bab4_101a_b69c_00aa00341d07@@3U__s_GUID@@BPEAUIConnectionPoint@@V?$_CopyInterface@UIConnectionPoint@@@ATL@@@ATL@@UEAAJK@Z 00000001800038f8 f i SmartCardRW.obj
 0001:00002924       ?Reset@?$CComEnumImpl@UIEnumConnections@@$1?_GUID_b196b287_bab4_101a_b69c_00aa00341d07@@3U__s_GUID@@BUtagCONNECTDATA@@V?$_Copy@UtagCONNECTDATA@@@ATL@@@ATL@@UEAAJXZ 0000000180003924 f i SmartCardRW.obj
 0001:00002924       ?Reset@?$CComEnumImpl@UIEnumConnectionPoints@@$1?_GUID_b196b285_bab4_101a_b69c_00aa00341d07@@3U__s_GUID@@BPEAUIConnectionPoint@@V?$_CopyInterface@UIConnectionPoint@@@ATL@@@ATL@@UEAAJXZ 0000000180003924 f i SmartCardRW.obj
 0001:00002930       ?Clone@?$CComEnumImpl@UIEnumConnectionPoints@@$1?_GUID_b196b285_bab4_101a_b69c_00aa00341d07@@3U__s_GUID@@BPEAUIConnectionPoint@@V?$_CopyInterface@UIConnectionPoint@@@ATL@@@ATL@@UEAAJPEAPEAUIEnumConnectionPoints@@@Z 0000000180003930 f i SmartCardRW.obj
 0001:00002a5c       ?AddRef@?$CComObject@V?$CComEnum@UIEnumConnections@@$1?_GUID_b196b287_bab4_101a_b69c_00aa00341d07@@3U__s_GUID@@BUtagCONNECTDATA@@V?$_Copy@UtagCONNECTDATA@@@ATL@@VCComSingleThreadModel@6@@ATL@@@ATL@@UEAAKXZ 0000000180003a5c f i SmartCardRW.obj
 0001:00002a5c       ?AddRef@?$CComObject@V?$CComEnum@UIEnumConnectionPoints@@$1?_GUID_b196b285_bab4_101a_b69c_00aa00341d07@@3U__s_GUID@@BPEAUIConnectionPoint@@V?$_CopyInterface@UIConnectionPoint@@@ATL@@VCComSingleThreadModel@6@@ATL@@@ATL@@UEAAKXZ 0000000180003a5c f i SmartCardRW.obj
 0001:00002a68       ?Release@?$CComObject@V?$CComEnum@UIEnumConnectionPoints@@$1?_GUID_b196b285_bab4_101a_b69c_00aa00341d07@@3U__s_GUID@@BPEAUIConnectionPoint@@V?$_CopyInterface@UIConnectionPoint@@@ATL@@VCComSingleThreadModel@6@@ATL@@@ATL@@UEAAKXZ 0000000180003a68 f i SmartCardRW.obj
 0001:00002a68       ?Release@?$CComObject@V?$CComEnum@UIEnumConnections@@$1?_GUID_b196b287_bab4_101a_b69c_00aa00341d07@@3U__s_GUID@@BUtagCONNECTDATA@@V?$_Copy@UtagCONNECTDATA@@@ATL@@VCComSingleThreadModel@6@@ATL@@@ATL@@UEAAKXZ 0000000180003a68 f i SmartCardRW.obj
 0001:00002abc       ?QueryInterface@?$CComObject@V?$CComEnum@UIEnumConnectionPoints@@$1?_GUID_b196b285_bab4_101a_b69c_00aa00341d07@@3U__s_GUID@@BPEAUIConnectionPoint@@V?$_CopyInterface@UIConnectionPoint@@@ATL@@VCComSingleThreadModel@6@@ATL@@@ATL@@UEAAJAEBU_GUID@@PEAPEAX@Z 0000000180003abc f i SmartCardRW.obj
 0001:00002ad0       ??_G?$CComObject@V?$CComEnum@UIEnumConnectionPoints@@$1?_GUID_b196b285_bab4_101a_b69c_00aa00341d07@@3U__s_GUID@@BPEAUIConnectionPoint@@V?$_CopyInterface@UIConnectionPoint@@@ATL@@VCComSingleThreadModel@6@@ATL@@@ATL@@UEAAPEAXI@Z 0000000180003ad0 f i SmartCardRW.obj
 0001:00002ad0       ??_E?$CComObject@V?$CComEnum@UIEnumConnectionPoints@@$1?_GUID_b196b285_bab4_101a_b69c_00aa00341d07@@3U__s_GUID@@BPEAUIConnectionPoint@@V?$_CopyInterface@UIConnectionPoint@@@ATL@@VCComSingleThreadModel@6@@ATL@@@ATL@@UEAAPEAXI@Z 0000000180003ad0 f i SmartCardRW.obj
 0001:00002b28       ?AddReplacement@CRegObject@ATL@@UEAAJPEB_W0@Z 0000000180003b28 f i SmartCardRW.obj
 0001:00002b58       ?ClearReplacements@CRegObject@ATL@@UEAAJXZ 0000000180003b58 f i SmartCardRW.obj
 0001:00002b64       ??_ECRegObject@ATL@@UEAAPEAXI@Z 0000000180003b64 f i SmartCardRW.obj
 0001:00002b64       ??_GCRegObject@ATL@@UEAAPEAXI@Z 0000000180003b64 f i SmartCardRW.obj
 0001:00002be4       ?AddRef@?$CComAggObject@VCOPOSSmartCardRW@@@ATL@@UEAAKXZ 0000000180003be4 f i SmartCardRW.obj
 0001:00002bf0       ?Release@?$CComAggObject@VCOPOSSmartCardRW@@@ATL@@UEAAKXZ 0000000180003bf0 f i SmartCardRW.obj
 0001:00002c44       ?QueryInterface@?$CComAggObject@VCOPOSSmartCardRW@@@ATL@@UEAAJAEBU_GUID@@PEAPEAX@Z 0000000180003c44 f i SmartCardRW.obj
 0001:00002ca4       ?AddRef@?$CComContainedObject@VCOPOSSmartCardRW@@@ATL@@UEAAKXZ 0000000180003ca4 f i SmartCardRW.obj
 0001:00002cb4       ?Release@?$CComContainedObject@VCOPOSSmartCardRW@@@ATL@@UEAAKXZ 0000000180003cb4 f i SmartCardRW.obj
 0001:00002cc4       ?QueryInterface@?$CComContainedObject@VCOPOSSmartCardRW@@@ATL@@UEAAJAEBU_GUID@@PEAPEAX@Z 0000000180003cc4 f i SmartCardRW.obj
 0001:00002cd4       ??_G?$CComAggObject@VCOPOSSmartCardRW@@@ATL@@UEAAPEAXI@Z 0000000180003cd4 f i SmartCardRW.obj
 0001:00002cd4       ??_E?$CComAggObject@VCOPOSSmartCardRW@@@ATL@@UEAAPEAXI@Z 0000000180003cd4 f i SmartCardRW.obj
 0001:00002d2c       ?AddRef@?$CComObject@VCOPOSSmartCardRW@@@ATL@@UEAAKXZ 0000000180003d2c f i SmartCardRW.obj
 0001:00002d3c       ?Release@?$CComObject@VCOPOSSmartCardRW@@@ATL@@UEAAKXZ 0000000180003d3c f i SmartCardRW.obj
 0001:00002d94       ?QueryInterface@?$CComObject@VCOPOSSmartCardRW@@@ATL@@UEAAJAEBU_GUID@@PEAPEAX@Z 0000000180003d94 f i SmartCardRW.obj
 0001:00002da8       ?OnDrawAdvanced@CComControlBase@ATL@@UEAAJAEAUATL_DRAWINFO@@@Z 0000000180003da8 f i SmartCardRW.obj
 0001:00002f34       ?Next@?$CComEnumImpl@UIEnumConnections@@$1?_GUID_b196b287_bab4_101a_b69c_00aa00341d07@@3U__s_GUID@@BUtagCONNECTDATA@@V?$_Copy@UtagCONNECTDATA@@@ATL@@@ATL@@UEAAJKPEAUtagCONNECTDATA@@PEAK@Z 0000000180003f34 f i SmartCardRW.obj
 0001:00003008       ?Skip@?$CComEnumImpl@UIEnumConnections@@$1?_GUID_b196b287_bab4_101a_b69c_00aa00341d07@@3U__s_GUID@@BUtagCONNECTDATA@@V?$_Copy@UtagCONNECTDATA@@@ATL@@@ATL@@UEAAJK@Z 0000000180004008 f i SmartCardRW.obj
 0001:00003034       ?Clone@?$CComEnumImpl@UIEnumConnections@@$1?_GUID_b196b287_bab4_101a_b69c_00aa00341d07@@3U__s_GUID@@BUtagCONNECTDATA@@V?$_Copy@UtagCONNECTDATA@@@ATL@@@ATL@@UEAAJPEAPEAUIEnumConnections@@@Z 0000000180004034 f i SmartCardRW.obj
 0001:00003160       ?QueryInterface@?$CComObject@V?$CComEnum@UIEnumConnections@@$1?_GUID_b196b287_bab4_101a_b69c_00aa00341d07@@3U__s_GUID@@BUtagCONNECTDATA@@V?$_Copy@UtagCONNECTDATA@@@ATL@@VCComSingleThreadModel@6@@ATL@@@ATL@@UEAAJAEBU_GUID@@PEAPEAX@Z 0000000180004160 f i SmartCardRW.obj
 0001:00003174       ??_E?$CComObject@V?$CComEnum@UIEnumConnections@@$1?_GUID_b196b287_bab4_101a_b69c_00aa00341d07@@3U__s_GUID@@BUtagCONNECTDATA@@V?$_Copy@UtagCONNECTDATA@@@ATL@@VCComSingleThreadModel@6@@ATL@@@ATL@@UEAAPEAXI@Z 0000000180004174 f i SmartCardRW.obj
 0001:00003174       ??_G?$CComObject@V?$CComEnum@UIEnumConnections@@$1?_GUID_b196b287_bab4_101a_b69c_00aa00341d07@@3U__s_GUID@@BUtagCONNECTDATA@@V?$_Copy@UtagCONNECTDATA@@@ATL@@VCComSingleThreadModel@6@@ATL@@@ATL@@UEAAPEAXI@Z 0000000180004174 f i SmartCardRW.obj
 0001:000031cc       ??_E?$CComObject@VCOPOSSmartCardRW@@@ATL@@W7EAAPEAXI@Z 00000001800041cc f i SmartCardRW.obj
 0001:000031d8       ??_E?$CComObject@VCOPOSSmartCardRW@@@ATL@@WHA@EAAPEAXI@Z 00000001800041d8 f i SmartCardRW.obj
 0001:000031e4       ?QueryInterface@?$CComObject@VCOPOSSmartCardRW@@@ATL@@WLI@EAAJAEBU_GUID@@PEAPEAX@Z 00000001800041e4 f i SmartCardRW.obj
 0001:000031f0       ?AddRef@?$CComObject@VCOPOSSmartCardRW@@@ATL@@WLI@EAAKXZ 00000001800041f0 f i SmartCardRW.obj
 0001:000031fc       ?Release@?$CComObject@VCOPOSSmartCardRW@@@ATL@@WLI@EAAKXZ 00000001800041fc f i SmartCardRW.obj
 0001:00003208       ?QueryInterface@?$CComObject@VCOPOSSmartCardRW@@@ATL@@WMA@EAAJAEBU_GUID@@PEAPEAX@Z 0000000180004208 f i SmartCardRW.obj
 0001:00003214       ?AddRef@?$CComObject@VCOPOSSmartCardRW@@@ATL@@WMA@EAAKXZ 0000000180004214 f i SmartCardRW.obj
 0001:00003220       ?Release@?$CComObject@VCOPOSSmartCardRW@@@ATL@@WMA@EAAKXZ 0000000180004220 f i SmartCardRW.obj
 0001:0000322c       ?QueryInterface@?$CComObject@VCOPOSSmartCardRW@@@ATL@@WMI@EAAJAEBU_GUID@@PEAPEAX@Z 000000018000422c f i SmartCardRW.obj
 0001:00003238       ?AddRef@?$CComObject@VCOPOSSmartCardRW@@@ATL@@WMI@EAAKXZ 0000000180004238 f i SmartCardRW.obj
 0001:00003244       ?Release@?$CComObject@VCOPOSSmartCardRW@@@ATL@@WMI@EAAKXZ 0000000180004244 f i SmartCardRW.obj
 0001:00003250       ?QueryInterface@?$CComObject@VCOPOSSmartCardRW@@@ATL@@WNA@EAAJAEBU_GUID@@PEAPEAX@Z 0000000180004250 f i SmartCardRW.obj
 0001:0000325c       ?AddRef@?$CComObject@VCOPOSSmartCardRW@@@ATL@@WNA@EAAKXZ 000000018000425c f i SmartCardRW.obj
 0001:00003268       ?Release@?$CComObject@VCOPOSSmartCardRW@@@ATL@@WNA@EAAKXZ 0000000180004268 f i SmartCardRW.obj
 0001:00003274       ?QueryInterface@?$CComObject@VCOPOSSmartCardRW@@@ATL@@WNI@EAAJAEBU_GUID@@PEAPEAX@Z 0000000180004274 f i SmartCardRW.obj
 0001:00003280       ?AddRef@?$CComObject@VCOPOSSmartCardRW@@@ATL@@WNI@EAAKXZ 0000000180004280 f i SmartCardRW.obj
 0001:0000328c       ?Release@?$CComObject@VCOPOSSmartCardRW@@@ATL@@WNI@EAAKXZ 000000018000428c f i SmartCardRW.obj
 0001:00003298       ?QueryInterface@?$CComObject@VCOPOSSmartCardRW@@@ATL@@WOA@EAAJAEBU_GUID@@PEAPEAX@Z 0000000180004298 f i SmartCardRW.obj
 0001:000032a4       ?AddRef@?$CComObject@VCOPOSSmartCardRW@@@ATL@@WOA@EAAKXZ 00000001800042a4 f i SmartCardRW.obj
 0001:000032b0       ?Release@?$CComObject@VCOPOSSmartCardRW@@@ATL@@WOA@EAAKXZ 00000001800042b0 f i SmartCardRW.obj
 0001:000032bc       ?QueryInterface@?$CComObject@VCOPOSSmartCardRW@@@ATL@@WOI@EAAJAEBU_GUID@@PEAPEAX@Z 00000001800042bc f i SmartCardRW.obj
 0001:000032c8       ?AddRef@?$CComObject@VCOPOSSmartCardRW@@@ATL@@WOI@EAAKXZ 00000001800042c8 f i SmartCardRW.obj
 0001:000032d4       ?Release@?$CComObject@VCOPOSSmartCardRW@@@ATL@@WOI@EAAKXZ 00000001800042d4 f i SmartCardRW.obj
 0001:000032e0       ?QueryInterface@?$CComObject@VCOPOSSmartCardRW@@@ATL@@WPA@EAAJAEBU_GUID@@PEAPEAX@Z 00000001800042e0 f i SmartCardRW.obj
 0001:000032ec       ?AddRef@?$CComObject@VCOPOSSmartCardRW@@@ATL@@WPA@EAAKXZ 00000001800042ec f i SmartCardRW.obj
 0001:000032f8       ?Release@?$CComObject@VCOPOSSmartCardRW@@@ATL@@WPA@EAAKXZ 00000001800042f8 f i SmartCardRW.obj
 0001:00003304       ?QueryInterface@?$CComObject@VCOPOSSmartCardRW@@@ATL@@WPI@EAAJAEBU_GUID@@PEAPEAX@Z 0000000180004304 f i SmartCardRW.obj
 0001:00003310       ?AddRef@?$CComObject@VCOPOSSmartCardRW@@@ATL@@WPI@EAAKXZ 0000000180004310 f i SmartCardRW.obj
 0001:0000331c       ?Release@?$CComObject@VCOPOSSmartCardRW@@@ATL@@WPI@EAAKXZ 000000018000431c f i SmartCardRW.obj
 0001:00003328       ?QueryInterface@?$CComObject@VCOPOSSmartCardRW@@@ATL@@WBAA@EAAJAEBU_GUID@@PEAPEAX@Z 0000000180004328 f i SmartCardRW.obj
 0001:00003334       ?AddRef@?$CComObject@VCOPOSSmartCardRW@@@ATL@@WBAA@EAAKXZ 0000000180004334 f i SmartCardRW.obj
 0001:00003340       ?Release@?$CComObject@VCOPOSSmartCardRW@@@ATL@@WBAA@EAAKXZ 0000000180004340 f i SmartCardRW.obj
 0001:0000334c       ?QueryInterface@?$CComObject@VCOPOSSmartCardRW@@@ATL@@WBAI@EAAJAEBU_GUID@@PEAPEAX@Z 000000018000434c f i SmartCardRW.obj
 0001:00003358       ?AddRef@?$CComObject@VCOPOSSmartCardRW@@@ATL@@WBAI@EAAKXZ 0000000180004358 f i SmartCardRW.obj
 0001:00003364       ?Release@?$CComObject@VCOPOSSmartCardRW@@@ATL@@WBAI@EAAKXZ 0000000180004364 f i SmartCardRW.obj
 0001:00003370       ?QueryInterface@?$CComObject@VCOPOSSmartCardRW@@@ATL@@WBBA@EAAJAEBU_GUID@@PEAPEAX@Z 0000000180004370 f i SmartCardRW.obj
 0001:0000337c       ?AddRef@?$CComObject@VCOPOSSmartCardRW@@@ATL@@WBBA@EAAKXZ 000000018000437c f i SmartCardRW.obj
 0001:00003388       ?Release@?$CComObject@VCOPOSSmartCardRW@@@ATL@@WBBA@EAAKXZ 0000000180004388 f i SmartCardRW.obj
 0001:00003394       ?QueryInterface@?$CComObject@VCOPOSSmartCardRW@@@ATL@@WBBI@EAAJAEBU_GUID@@PEAPEAX@Z 0000000180004394 f i SmartCardRW.obj
 0001:000033a0       ?AddRef@?$CComObject@VCOPOSSmartCardRW@@@ATL@@WBBI@EAAKXZ 00000001800043a0 f i SmartCardRW.obj
 0001:000033ac       ?Release@?$CComObject@VCOPOSSmartCardRW@@@ATL@@WBBI@EAAKXZ 00000001800043ac f i SmartCardRW.obj
 0001:000033b8       ?AddRef@?$CComObject@VCOPOSSmartCardRW@@@ATL@@WBCI@EAAKXZ 00000001800043b8 f i SmartCardRW.obj
 0001:000033c4       ?Release@?$CComObject@VCOPOSSmartCardRW@@@ATL@@WBCI@EAAKXZ 00000001800043c4 f i SmartCardRW.obj
 0001:000033d0       ?AddRef@?$CComObject@VCOPOSSmartCardRW@@@ATL@@WBEA@EAAKXZ 00000001800043d0 f i SmartCardRW.obj
 0001:000033dc       ?Release@?$CComObject@VCOPOSSmartCardRW@@@ATL@@WBEA@EAAKXZ 00000001800043dc f i SmartCardRW.obj
 0001:000033e8       ??_E?$CComContainedObject@VCOPOSSmartCardRW@@@ATL@@W7EAAPEAXI@Z 00000001800043e8 f i SmartCardRW.obj
 0001:000033f4       ??_E?$CComContainedObject@VCOPOSSmartCardRW@@@ATL@@WHA@EAAPEAXI@Z 00000001800043f4 f i SmartCardRW.obj
 0001:00003400       ?QueryInterface@?$CComContainedObject@VCOPOSSmartCardRW@@@ATL@@WLI@EAAJAEBU_GUID@@PEAPEAX@Z 0000000180004400 f i SmartCardRW.obj
 0001:0000340c       ?AddRef@?$CComContainedObject@VCOPOSSmartCardRW@@@ATL@@WLI@EAAKXZ 000000018000440c f i SmartCardRW.obj
 0001:00003418       ?Release@?$CComContainedObject@VCOPOSSmartCardRW@@@ATL@@WLI@EAAKXZ 0000000180004418 f i SmartCardRW.obj
 0001:00003424       ?QueryInterface@?$CComContainedObject@VCOPOSSmartCardRW@@@ATL@@WMA@EAAJAEBU_GUID@@PEAPEAX@Z 0000000180004424 f i SmartCardRW.obj
 0001:00003430       ?AddRef@?$CComContainedObject@VCOPOSSmartCardRW@@@ATL@@WMA@EAAKXZ 0000000180004430 f i SmartCardRW.obj
 0001:0000343c       ?Release@?$CComContainedObject@VCOPOSSmartCardRW@@@ATL@@WMA@EAAKXZ 000000018000443c f i SmartCardRW.obj
 0001:00003448       ?QueryInterface@?$CComContainedObject@VCOPOSSmartCardRW@@@ATL@@WMI@EAAJAEBU_GUID@@PEAPEAX@Z 0000000180004448 f i SmartCardRW.obj
 0001:00003454       ?AddRef@?$CComContainedObject@VCOPOSSmartCardRW@@@ATL@@WMI@EAAKXZ 0000000180004454 f i SmartCardRW.obj
 0001:00003460       ?Release@?$CComContainedObject@VCOPOSSmartCardRW@@@ATL@@WMI@EAAKXZ 0000000180004460 f i SmartCardRW.obj
 0001:0000346c       ?QueryInterface@?$CComContainedObject@VCOPOSSmartCardRW@@@ATL@@WNA@EAAJAEBU_GUID@@PEAPEAX@Z 000000018000446c f i SmartCardRW.obj
 0001:00003478       ?AddRef@?$CComContainedObject@VCOPOSSmartCardRW@@@ATL@@WNA@EAAKXZ 0000000180004478 f i SmartCardRW.obj
 0001:00003484       ?Release@?$CComContainedObject@VCOPOSSmartCardRW@@@ATL@@WNA@EAAKXZ 0000000180004484 f i SmartCardRW.obj
 0001:00003490       ?QueryInterface@?$CComContainedObject@VCOPOSSmartCardRW@@@ATL@@WNI@EAAJAEBU_GUID@@PEAPEAX@Z 0000000180004490 f i SmartCardRW.obj
 0001:0000349c       ?AddRef@?$CComContainedObject@VCOPOSSmartCardRW@@@ATL@@WNI@EAAKXZ 000000018000449c f i SmartCardRW.obj
 0001:000034a8       ?Release@?$CComContainedObject@VCOPOSSmartCardRW@@@ATL@@WNI@EAAKXZ 00000001800044a8 f i SmartCardRW.obj
 0001:000034b4       ?QueryInterface@?$CComContainedObject@VCOPOSSmartCardRW@@@ATL@@WOA@EAAJAEBU_GUID@@PEAPEAX@Z 00000001800044b4 f i SmartCardRW.obj
 0001:000034c0       ?AddRef@?$CComContainedObject@VCOPOSSmartCardRW@@@ATL@@WOA@EAAKXZ 00000001800044c0 f i SmartCardRW.obj
 0001:000034cc       ?Release@?$CComContainedObject@VCOPOSSmartCardRW@@@ATL@@WOA@EAAKXZ 00000001800044cc f i SmartCardRW.obj
 0001:000034d8       ?QueryInterface@?$CComContainedObject@VCOPOSSmartCardRW@@@ATL@@WOI@EAAJAEBU_GUID@@PEAPEAX@Z 00000001800044d8 f i SmartCardRW.obj
 0001:000034e4       ?AddRef@?$CComContainedObject@VCOPOSSmartCardRW@@@ATL@@WOI@EAAKXZ 00000001800044e4 f i SmartCardRW.obj
 0001:000034f0       ?Release@?$CComContainedObject@VCOPOSSmartCardRW@@@ATL@@WOI@EAAKXZ 00000001800044f0 f i SmartCardRW.obj
 0001:000034fc       ?QueryInterface@?$CComContainedObject@VCOPOSSmartCardRW@@@ATL@@WPA@EAAJAEBU_GUID@@PEAPEAX@Z 00000001800044fc f i SmartCardRW.obj
 0001:00003508       ?AddRef@?$CComContainedObject@VCOPOSSmartCardRW@@@ATL@@WPA@EAAKXZ 0000000180004508 f i SmartCardRW.obj
 0001:00003514       ?Release@?$CComContainedObject@VCOPOSSmartCardRW@@@ATL@@WPA@EAAKXZ 0000000180004514 f i SmartCardRW.obj
 0001:00003520       ?QueryInterface@?$CComContainedObject@VCOPOSSmartCardRW@@@ATL@@WPI@EAAJAEBU_GUID@@PEAPEAX@Z 0000000180004520 f i SmartCardRW.obj
 0001:0000352c       ?AddRef@?$CComContainedObject@VCOPOSSmartCardRW@@@ATL@@WPI@EAAKXZ 000000018000452c f i SmartCardRW.obj
 0001:00003538       ?Release@?$CComContainedObject@VCOPOSSmartCardRW@@@ATL@@WPI@EAAKXZ 0000000180004538 f i SmartCardRW.obj
 0001:00003544       ?QueryInterface@?$CComContainedObject@VCOPOSSmartCardRW@@@ATL@@WBAA@EAAJAEBU_GUID@@PEAPEAX@Z 0000000180004544 f i SmartCardRW.obj
 0001:00003550       ?AddRef@?$CComContainedObject@VCOPOSSmartCardRW@@@ATL@@WBAA@EAAKXZ 0000000180004550 f i SmartCardRW.obj
 0001:0000355c       ?Release@?$CComContainedObject@VCOPOSSmartCardRW@@@ATL@@WBAA@EAAKXZ 000000018000455c f i SmartCardRW.obj
 0001:00003568       ?QueryInterface@?$CComContainedObject@VCOPOSSmartCardRW@@@ATL@@WBAI@EAAJAEBU_GUID@@PEAPEAX@Z 0000000180004568 f i SmartCardRW.obj
 0001:00003574       ?AddRef@?$CComContainedObject@VCOPOSSmartCardRW@@@ATL@@WBAI@EAAKXZ 0000000180004574 f i SmartCardRW.obj
 0001:00003580       ?Release@?$CComContainedObject@VCOPOSSmartCardRW@@@ATL@@WBAI@EAAKXZ 0000000180004580 f i SmartCardRW.obj
 0001:0000358c       ?QueryInterface@?$CComContainedObject@VCOPOSSmartCardRW@@@ATL@@WBBA@EAAJAEBU_GUID@@PEAPEAX@Z 000000018000458c f i SmartCardRW.obj
 0001:00003598       ?AddRef@?$CComContainedObject@VCOPOSSmartCardRW@@@ATL@@WBBA@EAAKXZ 0000000180004598 f i SmartCardRW.obj
 0001:000035a4       ?Release@?$CComContainedObject@VCOPOSSmartCardRW@@@ATL@@WBBA@EAAKXZ 00000001800045a4 f i SmartCardRW.obj
 0001:000035b0       ?QueryInterface@?$CComContainedObject@VCOPOSSmartCardRW@@@ATL@@WBBI@EAAJAEBU_GUID@@PEAPEAX@Z 00000001800045b0 f i SmartCardRW.obj
 0001:000035bc       ?AddRef@?$CComContainedObject@VCOPOSSmartCardRW@@@ATL@@WBBI@EAAKXZ 00000001800045bc f i SmartCardRW.obj
 0001:000035c8       ?Release@?$CComContainedObject@VCOPOSSmartCardRW@@@ATL@@WBBI@EAAKXZ 00000001800045c8 f i SmartCardRW.obj
 0001:000035d4       ?AddRef@?$CComContainedObject@VCOPOSSmartCardRW@@@ATL@@WBCI@EAAKXZ 00000001800045d4 f i SmartCardRW.obj
 0001:000035e0       ?Release@?$CComContainedObject@VCOPOSSmartCardRW@@@ATL@@WBCI@EAAKXZ 00000001800045e0 f i SmartCardRW.obj
 0001:000035ec       ?AddRef@?$CComContainedObject@VCOPOSSmartCardRW@@@ATL@@WBEA@EAAKXZ 00000001800045ec f i SmartCardRW.obj
 0001:000035f8       ?Release@?$CComContainedObject@VCOPOSSmartCardRW@@@ATL@@WBEA@EAAKXZ 00000001800045f8 f i SmartCardRW.obj
 0001:00003604       ?CreateInstance@CComClassFactory@ATL@@UEAAJPEAUIUnknown@@AEBU_GUID@@PEAPEAX@Z 0000000180004604 f i SmartCardRW.obj
 0001:00003664       ?LockServer@CComClassFactory@ATL@@UEAAJH@Z 0000000180004664 f i SmartCardRW.obj
 0001:00003688       ??_ECComClassFactory@ATL@@UEAAPEAXI@Z 0000000180004688 f i SmartCardRW.obj
 0001:00003688       ??_GCComClassFactory@ATL@@UEAAPEAXI@Z 0000000180004688 f i SmartCardRW.obj
 0001:000036d8       ??$AtlModuleRegisterWndClassInfoT@VAtlModuleRegisterWndClassInfoParamW@ATL@@@ATL@@YAGPEAU_ATL_BASE_MODULE70@0@PEAU_ATL_WIN_MODULE70@0@PEAU_ATL_WNDCLASSINFOW@0@PEAP6A_JPEAUHWND__@@I_K_J@ZVAtlModuleRegisterWndClassInfoParamW@0@@Z 00000001800046d8 f i SmartCardRW.obj
 0001:000038d8       ??0?$CComContainedObject@VCOPOSSmartCardRW@@@ATL@@QEAA@PEAX@Z 00000001800048d8 f i SmartCardRW.obj
 0001:000039f4       ??0?$CComObject@VCOPOSSmartCardRW@@@ATL@@QEAA@PEAX@Z 00000001800049f4 f i SmartCardRW.obj
 0001:00003b0c       ??0CAtlModule@ATL@@QEAA@XZ 0000000180004b0c f i SmartCardRW.obj
 0001:00003b80       ??1?$CComEnumImpl@UIEnumConnectionPoints@@$1?_GUID_b196b285_bab4_101a_b69c_00aa00341d07@@3U__s_GUID@@BPEAUIConnectionPoint@@V?$_CopyInterface@UIConnectionPoint@@@ATL@@@ATL@@UEAA@XZ 0000000180004b80 f i SmartCardRW.obj
 0001:00003bdc       ??1?$CComEnumImpl@UIEnumConnections@@$1?_GUID_b196b287_bab4_101a_b69c_00aa00341d07@@3U__s_GUID@@BUtagCONNECTDATA@@V?$_Copy@UtagCONNECTDATA@@@ATL@@@ATL@@UEAA@XZ 0000000180004bdc f i SmartCardRW.obj
 0001:00003c38       ??1?$CComObject@VCOPOSSmartCardRW@@@ATL@@UEAA@XZ 0000000180004c38 f i SmartCardRW.obj
 0001:00003d58       ??_E?$CComContainedObject@VCOPOSSmartCardRW@@@ATL@@UEAAPEAXI@Z 0000000180004d58 f i SmartCardRW.obj
 0001:00003d58       ??_G?$CComContainedObject@VCOPOSSmartCardRW@@@ATL@@UEAAPEAXI@Z 0000000180004d58 f i SmartCardRW.obj
 0001:00003d8c       ??_G?$CComObject@VCOPOSSmartCardRW@@@ATL@@UEAAPEAXI@Z 0000000180004d8c f i SmartCardRW.obj
 0001:00003d8c       ??_E?$CComObject@VCOPOSSmartCardRW@@@ATL@@UEAAPEAXI@Z 0000000180004d8c f i SmartCardRW.obj
 0001:00003dc0       ?Add@?$CSimpleArray@GV?$CSimpleArrayEqualHelper@G@ATL@@@ATL@@QEAAHAEBG@Z 0000000180004dc0 f i SmartCardRW.obj
 0001:00003e74       ?Add@?$CSimpleMap@PEA_WPEA_WVCExpansionVectorEqualHelper@ATL@@@ATL@@QEAAHAEBQEA_W0@Z 0000000180004e74 f i SmartCardRW.obj
 0001:00003f14       ?Add@CComDynamicUnkArray@ATL@@QEAAKPEAUIUnknown@@@Z 0000000180004f14 f i SmartCardRW.obj
 0001:00004000       ?Add@CExpansionVector@ATL@@QEAAHPEB_W0@Z 0000000180005000 f i SmartCardRW.obj
 0001:00004134       ?AddTermFunc@CAtlModule@ATL@@QEAAJP6AX_K@Z0@Z 0000000180005134 f i SmartCardRW.obj
 0001:000041d0       ?AddValue@CRegParser@ATL@@IEAAJAEAVCRegKey@2@PEB_WPEA_W@Z 00000001800051d0 f i SmartCardRW.obj
 0001:00004618       ?AllocateHeap@?$CTempBuffer@E$0BAA@VCCRTAllocator@ATL@@@ATL@@AEAAX_K@Z 0000000180005618 f i SmartCardRW.obj
 0001:00004618       ?AllocateHeap@?$CTempBuffer@_W$0EAA@VCCRTAllocator@ATL@@@ATL@@AEAAX_K@Z 0000000180005618 f i SmartCardRW.obj
 0001:00004618       ?AllocateHeap@?$CTempBuffer@_W$0BAA@VCCRTAllocator@ATL@@@ATL@@AEAAX_K@Z 0000000180005618 f i SmartCardRW.obj
 0001:00004644       ?Append@CParseBuffer@CRegParser@ATL@@QEAAHPEB_WH@Z 0000000180005644 f i SmartCardRW.obj
 0001:0000478c       ?AtlComModuleGetClassObject@ATL@@YAJPEAU_ATL_COM_MODULE70@1@AEBU_GUID@@1PEAPEAX@Z 000000018000578c f i SmartCardRW.obj
 0001:000048cc       ?AtlComModuleRegisterServer@ATL@@YAJPEAU_ATL_COM_MODULE70@1@HPEBU_GUID@@@Z 00000001800058cc f i SmartCardRW.obj
 0001:0000498c       ?AtlComModuleUnregisterServer@ATL@@YAJPEAU_ATL_COM_MODULE70@1@HPEBU_GUID@@@Z 000000018000598c f i SmartCardRW.obj
 0001:00004a48       ?AtlHiMetricToPixel@ATL@@YAXPEBUtagSIZE@@PEAU2@@Z 0000000180005a48 f i SmartCardRW.obj
 0001:00004af8       ?AtlHresultFromLastError@ATL@@YAJXZ 0000000180005af8 f i SmartCardRW.obj
 0001:00004b18       ?AtlHresultFromWin32@ATL@@YAJK@Z 0000000180005b18 f i SmartCardRW.obj
 0001:00004b28       ?AtlInternalOleLoadFromStream@ATL@@YAJPEAUIStream@@AEBU_GUID@@PEAPEAXTClassesAllowedInStream@1@K@Z 0000000180005b28 f i SmartCardRW.obj
 0001:00004c6c       ?AtlInternalQueryInterface@ATL@@YAJPEAXPEBU_ATL_INTMAP_ENTRY@1@AEBU_GUID@@PEAPEAX@Z 0000000180005c6c f i SmartCardRW.obj
 0001:00004d74       ?AtlLoadTypeLib@ATL@@YAJPEAUHINSTANCE__@@PEB_WPEAPEA_WPEAPEAUITypeLib@@@Z 0000000180005d74 f i SmartCardRW.obj
 0001:00004fd0       ?AtlRegisterClassCategoriesHelper@ATL@@YAJAEBU_GUID@@PEBU_ATL_CATMAP_ENTRY@1@H@Z 0000000180005fd0 f i SmartCardRW.obj
 0001:00005454       ?AtlRegisterTypeLib@ATL@@YAJPEAUHINSTANCE__@@PEB_W@Z 0000000180006454 f i SmartCardRW.obj
 0001:00005650       ?AtlThrowImpl@ATL@@YAXJ@Z  0000000180006650 f i SmartCardRW.obj
 0001:00005674       ?AtlUnRegisterTypeLib@ATL@@YAJPEAUHINSTANCE__@@PEB_W@Z 0000000180006674 f i SmartCardRW.obj
 0001:0000573c       ?AtlWinModuleExtractCreateWndData@ATL@@YAPEAXPEAU_ATL_WIN_MODULE70@1@@Z 000000018000673c f i SmartCardRW.obj
 0001:000057c8       ?Cleanup@CComTypeInfoHolder@ATL@@SAX_K@Z 00000001800067c8 f i SmartCardRW.obj
 0001:00005808       ?ClearReplacements@CExpansionVector@ATL@@QEAAJXZ 0000000180006808 f i SmartCardRW.obj
 0001:000058a4       ?CreateInstance@?$CComCreator@V?$CComAggObject@VCOPOSSmartCardRW@@@ATL@@@ATL@@SAJPEAXAEBU_GUID@@PEAPEAX@Z 00000001800068a4 f i SmartCardRW.obj
 0001:00005988       ?CreateInstance@?$CComCreator@V?$CComObject@VCOPOSSmartCardRW@@@ATL@@@ATL@@SAJPEAXAEBU_GUID@@PEAPEAX@Z 0000000180006988 f i SmartCardRW.obj
 0001:00005a3c       ?CreateInstance@?$CComObject@V?$CComEnum@UIEnumConnectionPoints@@$1?_GUID_b196b285_bab4_101a_b69c_00aa00341d07@@3U__s_GUID@@BPEAUIConnectionPoint@@V?$_CopyInterface@UIConnectionPoint@@@ATL@@VCComSingleThreadModel@6@@ATL@@@ATL@@SAJPEAPEAV12@@Z 0000000180006a3c f i SmartCardRW.obj
 0001:00005acc       ?CreateInstance@?$CComObject@V?$CComEnum@UIEnumConnections@@$1?_GUID_b196b287_bab4_101a_b69c_00aa00341d07@@3U__s_GUID@@BUtagCONNECTDATA@@V?$_Copy@UtagCONNECTDATA@@@ATL@@VCComSingleThreadModel@6@@ATL@@@ATL@@SAJPEAPEAV12@@Z 0000000180006acc f i SmartCardRW.obj
 0001:00005b5c       ?DefaultReflectionHandler@?$CWindowImplRoot@VCWindow@ATL@@@ATL@@SAHPEAUHWND__@@I_K_JAEA_J@Z 0000000180006b5c f i SmartCardRW.obj
 0001:00005bc0       ?DeleteSubKey@CRegKey@ATL@@QEAAJPEB_W@Z 0000000180006bc0 f i SmartCardRW.obj
 0001:00005c58       ?DoEvent@COPOSSmartCardRW@@IEAAXI_K_J@Z 0000000180006c58 f i SmartCardRW.obj
 0001:00005d0c       ?DoVerbPrimary@?$IOleObjectImpl@VCOPOSSmartCardRW@@@ATL@@QEAAJPEBUtagRECT@@PEAUHWND__@@@Z 0000000180006d0c f i SmartCardRW.obj
 0001:00005e38       ?DoVerbProperties@CComControlBase@ATL@@QEAAJPEBUtagRECT@@PEAUHWND__@@@Z 0000000180006e38 f i SmartCardRW.obj
 0001:00006060       ?FireTheEvent@?$CProxy_IOPOSEvents@VCOPOSSmartCardRW@@@@IEAAXPEAVOposVariant@@IAEAJPEB_WJ@Z 0000000180007060 f i SmartCardRW.obj
 0001:0000614c       ?FireViewChange@CComControlBase@ATL@@QEAAJXZ 000000018000714c f i SmartCardRW.obj
 0001:000061b0       ?Fire_DataEvent@?$CProxy_IOPOSEvents@VCOPOSSmartCardRW@@@@QEAAXJ@Z 00000001800071b0 f i SmartCardRW.obj
 0001:0000629c       ?Fire_DirectIOEvent@?$CProxy_IOPOSEvents@VCOPOSSmartCardRW@@@@QEAAXJPEAJPEAPEA_W@Z 000000018000729c f i SmartCardRW.obj
 0001:000063fc       ?Fire_ErrorEvent@?$CProxy_IOPOSEvents@VCOPOSSmartCardRW@@@@QEAAXJJJPEAJ@Z 00000001800073fc f i SmartCardRW.obj
 0001:00006570       ?Fire_OutputCompleteEvent@?$CProxy_IOPOSEvents@VCOPOSSmartCardRW@@@@QEAAXJ@Z 0000000180007570 f i SmartCardRW.obj
 0001:0000665c       ?Fire_StatusUpdateEvent@?$CProxy_IOPOSEvents@VCOPOSSmartCardRW@@@@QEAAXJ@Z 000000018000765c f i SmartCardRW.obj
 0001:00006748       ?FreeHeap@?$CTempBuffer@E$0BAA@VCCRTAllocator@ATL@@@ATL@@AEAAXXZ 0000000180007748 f i SmartCardRW.obj
 0001:00006748       ?FreeHeap@?$CTempBuffer@_W$0BAA@VCCRTAllocator@ATL@@@ATL@@AEAAXXZ 0000000180007748 f i SmartCardRW.obj
 0001:00006748       ?FreeHeap@?$CTempBuffer@_W$0EAA@VCCRTAllocator@ATL@@@ATL@@AEAAXXZ 0000000180007748 f i SmartCardRW.obj
 0001:00006750       ?GetAmbientLocaleID@CComControlBase@ATL@@QEAAJAEAK@Z 0000000180007750 f i SmartCardRW.obj
 0001:00006810       ?GetAmbientUserMode@CComControlBase@ATL@@QEAAJAEAH@Z 0000000180007810 f i SmartCardRW.obj
 0001:000068e0       ?GetClassObject@CComModule@ATL@@QEAAJAEBU_GUID@@0PEAPEAX@Z 00000001800078e0 f i SmartCardRW.obj
 0001:000069d4       ?GetConnMap@COPOSSmartCardRW@@SAPEBU_ATL_CONNMAP_ENTRY@ATL@@PEAH@Z 00000001800079d4 f i SmartCardRW.obj
 0001:00006a5c       ?GetIDsOfNames@CComTypeInfoHolder@ATL@@QEAAJAEBU_GUID@@PEAPEA_WIKPEAJ@Z 0000000180007a5c f i SmartCardRW.obj
 0001:00006bd4       ?GetPagesHelper@?$ISpecifyPropertyPagesImpl@VCOPOSSmartCardRW@@@ATL@@IEAAJPEAUtagCAUUID@@PEBUATL_PROPMAP_ENTRY@2@@Z 0000000180007bd4 f i SmartCardRW.obj
 0001:00006d74       ?GetSizeMax@CComVariant@ATL@@QEBAJPEAT_ULARGE_INTEGER@@@Z 0000000180007d74 f i SmartCardRW.obj
 0001:00006fa4       ?GetTI@CComTypeInfoHolder@ATL@@QEAAJK@Z 0000000180007fa4 f i SmartCardRW.obj
 0001:0000728c       ?GetZoomInfo@CComControlBase@ATL@@QEAAXAEAUATL_DRAWINFO@@@Z 000000018000828c f i SmartCardRW.obj
 0001:00007330       ?HKeyFromString@CRegParser@ATL@@KAPEAUHKEY__@@PEA_W@Z 0000000180008330 f i SmartCardRW.obj
 0001:00007394       ?IDataObject_GetData@CComControlBase@ATL@@QEAAJPEAUtagFORMATETC@@PEAUtagSTGMEDIUM@@@Z 0000000180008394 f i SmartCardRW.obj
 0001:00007588       ?IOleInPlaceObject_InPlaceDeactivate@CComControlBase@ATL@@QEAAJXZ 0000000180008588 f i SmartCardRW.obj
 0001:00007628       ?IOleInPlaceObject_SetObjectRects@CComControlBase@ATL@@QEAAJPEBUtagRECT@@0@Z 0000000180008628 f i SmartCardRW.obj
 0001:00007718       ?IOleInPlaceObject_UIDeactivate@CComControlBase@ATL@@QEAAJXZ 0000000180008718 f i SmartCardRW.obj
 0001:00007824       ?IOleObject_Close@CComControlBase@ATL@@QEAAJK@Z 0000000180008824 f i SmartCardRW.obj
 0001:0000793c       ?IOleObject_SetClientSite@CComControlBase@ATL@@QEAAJPEAUIOleClientSite@@@Z 000000018000893c f i SmartCardRW.obj
 0001:000079b4       ?IOleObject_SetExtent@CComControlBase@ATL@@QEAAJKPEAUtagSIZE@@@Z 00000001800089b4 f i SmartCardRW.obj
 0001:00007a4c       ?IPSI_GetIPersistStreamInit@?$IPersistStorageImpl@VCOPOSSmartCardRW@@@ATL@@AEAAPEAUIPersistStreamInit@@XZ 0000000180008a4c f i SmartCardRW.obj
 0001:00007b34       ?IPersistStreamInit_Load@?$IPersistStreamInitImpl@VCOPOSSmartCardRW@@@ATL@@QEAAJPEAUIStream@@PEBUATL_PROPMAP_ENTRY@2@@Z 0000000180008b34 f i SmartCardRW.obj
 0001:00007e60       ?IPersistStreamInit_Save@?$IPersistStreamInitImpl@VCOPOSSmartCardRW@@@ATL@@QEAAJPEAUIStream@@HPEBUATL_PROPMAP_ENTRY@2@@Z 0000000180008e60 f i SmartCardRW.obj
 0001:00008100       ?IQuickActivate_QuickActivate@CComControlBase@ATL@@QEAAJPEAUtagQACONTAINER@@PEAUtagQACONTROL@@@Z 0000000180009100 f i SmartCardRW.obj
 0001:000083c4       ?IViewObject_Draw@CComControlBase@ATL@@QEAAJKJPEAXPEAUtagDVTARGETDEVICE@@PEAUHDC__@@2PEBU_RECTL@@3@Z 00000001800093c4 f i SmartCardRW.obj
 0001:000084d8       ?InPlaceActivate@CComControlBase@ATL@@QEAAJJPEBUtagRECT@@@Z 00000001800094d8 f i SmartCardRW.obj
 0001:0000880c       ?Init@?$CComEnumImpl@UIEnumConnectionPoints@@$1?_GUID_b196b285_bab4_101a_b69c_00aa00341d07@@3U__s_GUID@@BPEAUIConnectionPoint@@V?$_CopyInterface@UIConnectionPoint@@@ATL@@@ATL@@QEAAJPEAPEAUIConnectionPoint@@0PEAUIUnknown@@W4CComEnumFlags@2@@Z 000000018000980c f i SmartCardRW.obj
 0001:0000892c       ?Init@?$CComEnumImpl@UIEnumConnections@@$1?_GUID_b196b287_bab4_101a_b69c_00aa00341d07@@3U__s_GUID@@BUtagCONNECTDATA@@V?$_Copy@UtagCONNECTDATA@@@ATL@@@ATL@@QEAAJPEAUtagCONNECTDATA@@0PEAUIUnknown@@W4CComEnumFlags@2@@Z 000000018000992c f i SmartCardRW.obj
 0001:00008a50       ?IsEqualObject@?$CComPtrBase@UIOleClientSite@@@ATL@@QEAA_NPEAUIUnknown@@@Z 0000000180009a50 f i SmartCardRW.obj
 0001:00008adc       ?LoadNameCache@CComTypeInfoHolder@ATL@@QEAAJPEAUITypeInfo@@@Z 0000000180009adc f i SmartCardRW.obj
 0001:00008c5c       ?Lookup@?$CSimpleMap@PEA_WPEA_WVCExpansionVectorEqualHelper@ATL@@@ATL@@QEBAPEA_WAEBQEA_W@Z 0000000180009c5c f i SmartCardRW.obj
 0001:00008ce4       ?NextToken@CRegParser@ATL@@IEAAJPEA_W@Z 0000000180009ce4 f i SmartCardRW.obj
 0001:00008e9c       ?OnKillFocus@CComControlBase@ATL@@QEAA_JI_K_JAEAH@Z 0000000180009e9c f i SmartCardRW.obj
 0001:00008f38       ?OnMouseActivate@CComControlBase@ATL@@QEAA_JI_K_JAEAH@Z 0000000180009f38 f i SmartCardRW.obj
 0001:00008fd8       ?OnPaint@CComControlBase@ATL@@QEAA_JI_K_JAEAH@Z 0000000180009fd8 f i SmartCardRW.obj
 0001:000090c4       ?OnSetFocus@CComControlBase@ATL@@QEAA_JI_K_JAEAH@Z 000000018000a0c4 f i SmartCardRW.obj
 0001:000091c0       ?PreProcessBuffer@CRegParser@ATL@@QEAAJPEA_WPEAPEA_W@Z 000000018000a1c0 f i SmartCardRW.obj
 0001:0000954c       ?ProcessWindowMessage@?$CComControl@VCOPOSSmartCardRW@@V?$CWindowImpl@VCOPOSSmartCardRW@@VCWindow@ATL@@V?$CWinTraits@$0FGAAAAAA@$0A@@3@@ATL@@@ATL@@UEAAHPEAUHWND__@@I_K_JAEA_JK@Z 000000018000a54c f i SmartCardRW.obj
 0001:00009630       ?ReadFromStream@CComBSTR@ATL@@QEAAJPEAUIStream@@@Z 000000018000a630 f i SmartCardRW.obj
 0001:00009780       ?ReadFromStream@CComVariant@ATL@@QEAAJPEAUIStream@@GTClassesAllowedInStream@2@K@Z 000000018000a780 f i SmartCardRW.obj
 0001:000099a4       ?RecurseDeleteKey@CRegKey@ATL@@QEAAJPEB_W@Z 000000018000a9a4 f i SmartCardRW.obj
 0001:00009afc       ?RegCreateKeyExW@CAtlTransactionManager@ATL@@QEAAJPEAUHKEY__@@PEB_WKPEA_WKKQEAU_SECURITY_ATTRIBUTES@@PEAPEAU3@PEAK@Z 000000018000aafc f i SmartCardRW.obj
 0001:00009c30       ?RegDeleteKeyW@CAtlTransactionManager@ATL@@QEAAJPEAUHKEY__@@PEB_W@Z 000000018000ac30 f i SmartCardRW.obj
 0001:00009cbc       ?RegOpenKeyExW@CAtlTransactionManager@ATL@@QEAAJPEAUHKEY__@@PEB_WKKPEAPEAU3@@Z 000000018000acbc f i SmartCardRW.obj
 0001:00009d74       ?RegisterBuffer@CRegParser@ATL@@QEAAJPEA_WH@Z 000000018000ad74 f i SmartCardRW.obj
 0001:00009edc       ?RegisterFromResource@CRegObject@ATL@@IEAAJPEB_W00H@Z 000000018000aedc f i SmartCardRW.obj
 0001:0000a098       ?RegisterServer@CComModule@ATL@@QEAAJHPEBU_GUID@@@Z 000000018000b098 f i SmartCardRW.obj
 0001:0000a158       ?RegisterSubkeys@CRegParser@ATL@@IEAAJPEA_WPEAUHKEY__@@HH@Z 000000018000b158 f i SmartCardRW.obj
 0001:0000a9c4       ?SendOnDataChange@CComControlBase@ATL@@QEAAJK@Z 000000018000b9c4 f i SmartCardRW.obj
 0001:0000aa34       ?SetControlFocus@CComControlBase@ATL@@QEAAHH@Z 000000018000ba34 f i SmartCardRW.obj
 0001:0000ab10       ?SkipAssignment@CRegParser@ATL@@IEAAJPEA_W@Z 000000018000bb10 f i SmartCardRW.obj
 0001:0000abb4       ?Term@CAtlModule@ATL@@QEAAXXZ 000000018000bbb4 f i SmartCardRW.obj
 0001:0000ac34       ?Term@CComModule@ATL@@QEAAXXZ 000000018000bc34 f i SmartCardRW.obj
 0001:0000acb0       ?UnregisterServer@CComModule@ATL@@QEAAJHPEBU_GUID@@@Z 000000018000bcb0 f i SmartCardRW.obj
 0001:0000ad60       ?UpdateRegistryFromResource@CAtlModule@ATL@@QEAAJIHPEAU_ATL_REGMAP_ENTRY@2@@Z 000000018000bd60 f i SmartCardRW.obj
 0001:0000b06c       ?UpdateRegistryFromResource@CAtlModule@ATL@@QEAAJPEB_WHPEAU_ATL_REGMAP_ENTRY@2@@Z 000000018000c06c f i SmartCardRW.obj
 0001:0000b390       ?VTFromRegType@CRegParser@ATL@@KAHPEB_WAEAG@Z 000000018000c390 f i SmartCardRW.obj
 0001:0000b42c       ?WindowProc@?$CWindowImplBaseT@VCWindow@ATL@@V?$CWinTraits@$0FGAAAAAA@$0A@@2@@ATL@@SA_JPEAUHWND__@@I_K_J@Z 000000018000c42c f i SmartCardRW.obj
 0001:0000b598       ?WriteToStream@CComVariant@ATL@@QEAAJPEAUIStream@@@Z 000000018000c598 f i SmartCardRW.obj
 0001:0000b814       ?WriteToStream@CComVariant@ATL@@QEAAJPEAUIStream@@G@Z 000000018000c814 f i SmartCardRW.obj
 0001:0000b8ac       ?_AtlVerifyStackAvailable@_ATL_SAFE_ALLOCA_IMPL@ATL@@YA_N_K@Z 000000018000c8ac f i SmartCardRW.obj
 0001:0000b930       ?atlCreate@?$CWindowImpl@VCOPOSSmartCardRW@@VCWindow@ATL@@V?$CWinTraits@$0FGAAAAAA@$0A@@3@@ATL@@QEAAPEAUHWND__@@PEAU3@V_U_RECT@2@PEB_WKKV_U_MENUorID@2@PEAX@Z 000000018000c930 f i SmartCardRW.obj
 0001:0000b9e4       ?atlCreate@?$CWindowImplBaseT@VCWindow@ATL@@V?$CWinTraits@$0FGAAAAAA@$0A@@2@@ATL@@QEAAPEAUHWND__@@PEAU3@V_U_RECT@2@PEB_WKKV_U_MENUorID@2@GPEAX@Z 000000018000c9e4 f i SmartCardRW.obj
 0001:0000bb54       ?ocscpy_s@@YA_NPEA_W_KPEB_W@Z 000000018000cb54 f i SmartCardRW.obj
 0001:0000bc04       DllCanUnloadNow            000000018000cc04 f   SmartCardRW.obj
 0001:0000bc10       DllGetClassObject          000000018000cc10 f   SmartCardRW.obj
 0001:0000bc28       DllMain                    000000018000cc28 f   SmartCardRW.obj
 0001:0000bcd0       DllRegisterServer          000000018000ccd0 f   SmartCardRW.obj
 0001:0000bce4       DllUnregisterServer        000000018000cce4 f   SmartCardRW.obj
 0001:0000bcf8       __local_stdio_printf_options 000000018000ccf8 f i SmartCardRW.obj
 0001:0000bd00       swprintf_s                 000000018000cd00 f i SmartCardRW.obj
 0001:0000bd54       ??0COPOSSmartCardRW@@QEAA@XZ 000000018000cd54 f   SmartCardRWImpl.obj
 0001:0000be24       ??1?$IConnectionPointImpl@VCOPOSSmartCardRW@@$1?DIID__IOPOSSmartCardRWEvents@@3U_GUID@@BVCComDynamicUnkArray@ATL@@@ATL@@QEAA@XZ 000000018000ce24 f i SmartCardRWImpl.obj
 0001:0000be24       ??1?$IConnectionPointImpl@VCOPOSSmartCardRW@@$1?IID_IPropertyNotifySink@@3U_GUID@@BVCComDynamicUnkArray@ATL@@@ATL@@QEAA@XZ 000000018000ce24 f i SmartCardRWImpl.obj
 0001:0000be80       ??1CComControlBase@ATL@@UEAA@XZ 000000018000ce80 f i SmartCardRWImpl.obj
 0001:0000befc       ??1COPOSSmartCardRW@@UEAA@XZ 000000018000cefc f   SmartCardRWImpl.obj
 0001:0000bf60       ?BeginInsertion@COPOSSmartCardRW@@UEAAJJPEAJ@Z 000000018000cf60 f   SmartCardRWImpl.obj
 0001:0000bfdc       ?BeginRemoval@COPOSSmartCardRW@@UEAAJJPEAJ@Z 000000018000cfdc f   SmartCardRWImpl.obj
 0001:0000c058       ?CheckHealth@COPOSSmartCardRW@@UEAAJJPEAJ@Z 000000018000d058 f   SmartCardRWImpl.obj
 0001:0000c0d4       ?ClaimDevice@COPOSSmartCardRW@@UEAAJJPEAJ@Z 000000018000d0d4 f   SmartCardRWImpl.obj
 0001:0000c174       ?ClearInput@COPOSSmartCardRW@@UEAAJPEAJ@Z 000000018000d174 f   SmartCardRWImpl.obj
 0001:0000c19c       ?ClearInputProperties@COPOSSmartCardRW@@UEAAJPEAJ@Z 000000018000d19c f   SmartCardRWImpl.obj
 0001:0000c1c4       ?ClearOutput@COPOSSmartCardRW@@UEAAJPEAJ@Z 000000018000d1c4 f   SmartCardRWImpl.obj
 0001:0000c1ec       ?Close@COPOSSmartCardRW@@UEAAJPEAJ@Z 000000018000d1ec f   SmartCardRWImpl.obj
 0001:0000c2a4       ?CompareFirmwareVersion@COPOSSmartCardRW@@UEAAJPEA_WPEAJ1@Z 000000018000d2a4 f   SmartCardRWImpl.obj
 0001:0000c380       ?DirectIO@COPOSSmartCardRW@@UEAAJJPEAJPEAPEA_W0@Z 000000018000d380 f   SmartCardRWImpl.obj
 0001:0000c47c       ?DoInvoke@COPOSSmartCardRW@@IEAAJJPEAVOposVariant@@IHPEAJ_N@Z 000000018000d47c f   SmartCardRWImpl.obj
 0001:0000c5b0       ?EndInsertion@COPOSSmartCardRW@@UEAAJPEAJ@Z 000000018000d5b0 f   SmartCardRWImpl.obj
 0001:0000c5d8       ?EndRemoval@COPOSSmartCardRW@@UEAAJPEAJ@Z 000000018000d5d8 f   SmartCardRWImpl.obj
 0001:0000c600       ?EventInit@COPOSSmartCardRW@@IEAAJXZ 000000018000d600 f i SmartCardRWImpl.obj
 0001:0000c748       ?EventUninit@COPOSSmartCardRW@@IEAAXXZ 000000018000d748 f i SmartCardRWImpl.obj
 0001:0000c7ac       ?EventWindowProc@COPOSSmartCardRW@@IEAA_JI_K_J@Z 000000018000d7ac f i SmartCardRWImpl.obj
 0001:0000c970       ?FinalConstruct@COPOSSmartCardRW@@QEAAJXZ 000000018000d970 f   SmartCardRWImpl.obj
 0001:0000c9ac       ?FreezeEvents@COPOSSmartCardRW@@MEAAJH@Z 000000018000d9ac f   SmartCardRWImpl.obj
 0001:0000ca20       ?GetOposProp@COPOSSmartCardRW@@IEAAJJPEAJJ@Z 000000018000da20 f   SmartCardRWImpl.obj
 0001:0000cb3c       ?GetOposProp@COPOSSmartCardRW@@IEAAJJPEAPEA_WJ@Z 000000018000db3c f   SmartCardRWImpl.obj
 0001:0000cc68       ?OnDraw@COPOSSmartCardRW@@MEAAJAEAUATL_DRAWINFO@@@Z 000000018000dc68 f   SmartCardRWImpl.obj
 0001:0000cd54       ?Open@COPOSSmartCardRW@@UEAAJPEA_WPEAJ@Z 000000018000dd54 f   SmartCardRWImpl.obj
 0001:0000d5d0       ?ReadData@COPOSSmartCardRW@@UEAAJJPEAJPEAPEA_W0@Z 000000018000e5d0 f   SmartCardRWImpl.obj
 0001:0000d6cc       ?ReleaseDevice@COPOSSmartCardRW@@UEAAJPEAJ@Z 000000018000e6cc f   SmartCardRWImpl.obj
 0001:0000d738       ?ResetStatistics@COPOSSmartCardRW@@UEAAJPEA_WPEAJ@Z 000000018000e738 f   SmartCardRWImpl.obj
 0001:0000d7c0       ?RetrieveStatistics@COPOSSmartCardRW@@UEAAJPEAPEA_WPEAJ@Z 000000018000e7c0 f   SmartCardRWImpl.obj
 0001:0000d848       ?SOProcessID@COPOSSmartCardRW@@UEAAJPEAJ@Z 000000018000e848 f   SmartCardRWImpl.obj
 0001:0000d864       ?SetCOFreezeEvents@COPOSSmartCardRW@@IEAAXF@Z 000000018000e864 f   SmartCardRWImpl.obj
 0001:0000d948       ?SetOposProp@COPOSSmartCardRW@@IEAAJJJJ@Z 000000018000e948 f   SmartCardRWImpl.obj
 0001:0000daa8       ?UpdateFirmware@COPOSSmartCardRW@@UEAAJPEA_WPEAJ@Z 000000018000eaa8 f   SmartCardRWImpl.obj
 0001:0000db30       ?UpdateStatistics@COPOSSmartCardRW@@UEAAJPEA_WPEAJ@Z 000000018000eb30 f   SmartCardRWImpl.obj
 0001:0000dbb8       ?WriteData@COPOSSmartCardRW@@UEAAJJJPEA_WPEAJ@Z 000000018000ebb8 f   SmartCardRWImpl.obj
 0001:0000dcb0       ?get_BinaryConversion@COPOSSmartCardRW@@UEAAJPEAJ@Z 000000018000ecb0 f   SmartCardRWImpl.obj
 0001:0000dcc4       ?get_CapCardErrorDetection@COPOSSmartCardRW@@UEAAJPEAF@Z 000000018000ecc4 f   SmartCardRWImpl.obj
 0001:0000dcf8       ?get_CapCompareFirmwareVersion@COPOSSmartCardRW@@UEAAJPEAF@Z 000000018000ecf8 f   SmartCardRWImpl.obj
 0001:0000dd2c       ?get_CapInterfaceMode@COPOSSmartCardRW@@UEAAJPEAJ@Z 000000018000ed2c f   SmartCardRWImpl.obj
 0001:0000dd40       ?get_CapIsoEmvMode@COPOSSmartCardRW@@UEAAJPEAJ@Z 000000018000ed40 f   SmartCardRWImpl.obj
 0001:0000dd54       ?get_CapPowerReporting@COPOSSmartCardRW@@UEAAJPEAJ@Z 000000018000ed54 f   SmartCardRWImpl.obj
 0001:0000dd68       ?get_CapSCPresentSensor@COPOSSmartCardRW@@UEAAJPEAJ@Z 000000018000ed68 f   SmartCardRWImpl.obj
 0001:0000dd7c       ?get_CapSCSlots@COPOSSmartCardRW@@UEAAJPEAJ@Z 000000018000ed7c f   SmartCardRWImpl.obj
 0001:0000dd90       ?get_CapStatisticsReporting@COPOSSmartCardRW@@UEAAJPEAF@Z 000000018000ed90 f   SmartCardRWImpl.obj
 0001:0000ddc4       ?get_CapTransmissionProtocol@COPOSSmartCardRW@@UEAAJPEAJ@Z 000000018000edc4 f   SmartCardRWImpl.obj
 0001:0000ddd8       ?get_CapUpdateFirmware@COPOSSmartCardRW@@UEAAJPEAF@Z 000000018000edd8 f   SmartCardRWImpl.obj
 0001:0000de0c       ?get_CapUpdateStatistics@COPOSSmartCardRW@@UEAAJPEAF@Z 000000018000ee0c f   SmartCardRWImpl.obj
 0001:0000de40       ?get_CheckHealthText@COPOSSmartCardRW@@UEAAJPEAPEA_W@Z 000000018000ee40 f   SmartCardRWImpl.obj
 0001:0000de54       ?get_Claimed@COPOSSmartCardRW@@UEAAJPEAF@Z 000000018000ee54 f   SmartCardRWImpl.obj
 0001:0000de88       ?get_ControlObjectDescription@COPOSSmartCardRW@@UEAAJPEAPEA_W@Z 000000018000ee88 f   SmartCardRWImpl.obj
 0001:0000deec       ?get_ControlObjectVersion@COPOSSmartCardRW@@UEAAJPEAJ@Z 000000018000eeec f   SmartCardRWImpl.obj
 0001:0000def8       ?get_DataCount@COPOSSmartCardRW@@UEAAJPEAJ@Z 000000018000eef8 f   SmartCardRWImpl.obj
 0001:0000df0c       ?get_DataEventEnabled@COPOSSmartCardRW@@UEAAJPEAF@Z 000000018000ef0c f   SmartCardRWImpl.obj
 0001:0000df40       ?get_DeviceDescription@COPOSSmartCardRW@@UEAAJPEAPEA_W@Z 000000018000ef40 f   SmartCardRWImpl.obj
 0001:0000df54       ?get_DeviceEnabled@COPOSSmartCardRW@@UEAAJPEAF@Z 000000018000ef54 f   SmartCardRWImpl.obj
 0001:0000df88       ?get_DeviceName@COPOSSmartCardRW@@UEAAJPEAPEA_W@Z 000000018000ef88 f   SmartCardRWImpl.obj
 0001:0000df9c       ?get_FreezeEvents@COPOSSmartCardRW@@UEAAJPEAF@Z 000000018000ef9c f   SmartCardRWImpl.obj
 0001:0000dfcc       ?get_InterfaceMode@COPOSSmartCardRW@@UEAAJPEAJ@Z 000000018000efcc f   SmartCardRWImpl.obj
 0001:0000dfe0       ?get_IsoEmvMode@COPOSSmartCardRW@@UEAAJPEAJ@Z 000000018000efe0 f   SmartCardRWImpl.obj
 0001:0000dff4       ?get_OpenResult@COPOSSmartCardRW@@UEAAJPEAJ@Z 000000018000eff4 f   SmartCardRWImpl.obj
 0001:0000e000       ?get_OutputID@COPOSSmartCardRW@@UEAAJPEAJ@Z 000000018000f000 f   SmartCardRWImpl.obj
 0001:0000e014       ?get_PowerNotify@COPOSSmartCardRW@@UEAAJPEAJ@Z 000000018000f014 f   SmartCardRWImpl.obj
 0001:0000e028       ?get_PowerState@COPOSSmartCardRW@@UEAAJPEAJ@Z 000000018000f028 f   SmartCardRWImpl.obj
 0001:0000e03c       ?get_ResultCode@COPOSSmartCardRW@@UEAAJPEAJ@Z 000000018000f03c f   SmartCardRWImpl.obj
 0001:0000e078       ?get_ResultCodeExtended@COPOSSmartCardRW@@UEAAJPEAJ@Z 000000018000f078 f   SmartCardRWImpl.obj
 0001:0000e08c       ?get_SCPresentSensor@COPOSSmartCardRW@@UEAAJPEAJ@Z 000000018000f08c f   SmartCardRWImpl.obj
 0001:0000e0a0       ?get_SCSlot@COPOSSmartCardRW@@UEAAJPEAJ@Z 000000018000f0a0 f   SmartCardRWImpl.obj
 0001:0000e0b4       ?get_ServiceObjectDescription@COPOSSmartCardRW@@UEAAJPEAPEA_W@Z 000000018000f0b4 f   SmartCardRWImpl.obj
 0001:0000e0c8       ?get_ServiceObjectVersion@COPOSSmartCardRW@@UEAAJPEAJ@Z 000000018000f0c8 f   SmartCardRWImpl.obj
 0001:0000e0dc       ?get_State@COPOSSmartCardRW@@UEAAJPEAJ@Z 000000018000f0dc f   SmartCardRWImpl.obj
 0001:0000e108       ?get_TransactionInProgress@COPOSSmartCardRW@@UEAAJPEAF@Z 000000018000f108 f   SmartCardRWImpl.obj
 0001:0000e13c       ?get_TransmissionProtocol@COPOSSmartCardRW@@UEAAJPEAJ@Z 000000018000f13c f   SmartCardRWImpl.obj
 0001:0000e150       ?put_BinaryConversion@COPOSSmartCardRW@@UEAAJJ@Z 000000018000f150 f   SmartCardRWImpl.obj
 0001:0000e164       ?put_DataEventEnabled@COPOSSmartCardRW@@UEAAJF@Z 000000018000f164 f   SmartCardRWImpl.obj
 0001:0000e17c       ?put_DeviceEnabled@COPOSSmartCardRW@@UEAAJF@Z 000000018000f17c f   SmartCardRWImpl.obj
 0001:0000e194       ?put_FreezeEvents@COPOSSmartCardRW@@UEAAJF@Z 000000018000f194 f   SmartCardRWImpl.obj
 0001:0000e1e4       ?put_InterfaceMode@COPOSSmartCardRW@@UEAAJJ@Z 000000018000f1e4 f   SmartCardRWImpl.obj
 0001:0000e1f8       ?put_IsoEmvMode@COPOSSmartCardRW@@UEAAJJ@Z 000000018000f1f8 f   SmartCardRWImpl.obj
 0001:0000e20c       ?put_PowerNotify@COPOSSmartCardRW@@UEAAJJ@Z 000000018000f20c f   SmartCardRWImpl.obj
 0001:0000e220       ?put_SCSlot@COPOSSmartCardRW@@UEAAJJ@Z 000000018000f220 f   SmartCardRWImpl.obj
 0001:0000e234       ?s_EventWindowProc@COPOSSmartCardRW@@KA_JPEAUHWND__@@I_K_J@Z 000000018000f234 f i SmartCardRWImpl.obj
 0001:0000e2b0       ??_U@YAPEAX_K@Z            000000018000f2b0 f   LIBCMT:new_array.obj
 0001:0000e2b8       ??_V@YAXPEAX@Z             000000018000f2b8 f   LIBCMT:delete_array.obj
 0001:0000e2b8       ??3@YAXPEAX_K@Z            000000018000f2b8 f   LIBCMT:delete_scalar_size.obj
 0001:0000e2c0       ??_V@YAXPEAX_K@Z           000000018000f2c0 f   LIBCMT:delete_array_size.obj
 0001:0000e2c8       __scrt_acquire_startup_lock 000000018000f2c8 f   LIBCMT:utility.obj
 0001:0000e304       __scrt_dllmain_after_initialize_c 000000018000f304 f   LIBCMT:utility.obj
 0001:0000e338       __scrt_dllmain_before_initialize_c 000000018000f338 f   LIBCMT:utility.obj
 0001:0000e350       __scrt_dllmain_crt_thread_attach 000000018000f350 f   LIBCMT:utility.obj
 0001:0000e378       __scrt_dllmain_crt_thread_detach 000000018000f378 f   LIBCMT:utility.obj
 0001:0000e390       __scrt_dllmain_exception_filter 000000018000f390 f   LIBCMT:utility.obj
 0001:0000e3f0       __scrt_dllmain_uninitialize_c 000000018000f3f0 f   LIBCMT:utility.obj
 0001:0000e420       __scrt_dllmain_uninitialize_critical 000000018000f420 f   LIBCMT:utility.obj
 0001:0000e434       __scrt_initialize_crt      000000018000f434 f   LIBCMT:utility.obj
 0001:0000e480       __scrt_initialize_onexit_tables 000000018000f480 f   LIBCMT:utility.obj
 0001:0000e50c       __scrt_is_nonwritable_in_current_image 000000018000f50c f   LIBCMT:utility.obj
 0001:0000e5a4       __scrt_release_startup_lock 000000018000f5a4 f   LIBCMT:utility.obj
 0001:0000e5c8       __scrt_uninitialize_crt    000000018000f5c8 f   LIBCMT:utility.obj
 0001:0000e5f4       _onexit                    000000018000f5f4 f   LIBCMT:utility.obj
 0001:0000e630       atexit                     000000018000f630 f   LIBCMT:utility.obj
 0001:0000e648       ??3@YAXPEAX@Z              000000018000f648 f   LIBCMT:delete_scalar.obj
 0001:0000e748       _Init_thread_footer        000000018000f748 f   LIBCMT:thread_safe_statics.obj
 0001:0000e7a8       _Init_thread_header        000000018000f7a8 f   LIBCMT:thread_safe_statics.obj
 0001:0000e810       _Init_thread_notify        000000018000f810 f   LIBCMT:thread_safe_statics.obj
 0001:0000e854       _Init_thread_wait          000000018000f854 f   LIBCMT:thread_safe_statics.obj
 0001:0000e8b8       __raise_securityfailure    000000018000f8b8 f   LIBCMT:gs_report.obj
 0001:0000e8ec       __report_gsfailure         000000018000f8ec f   LIBCMT:gs_report.obj
 0001:0000e9c0       __report_rangecheckfailure 000000018000f9c0 f   LIBCMT:gs_report.obj
 0001:0000e9d4       __report_securityfailure   000000018000f9d4 f   LIBCMT:gs_report.obj
 0001:0000eb54       ??2@YAPEAX_KAEBUnothrow_t@std@@@Z 000000018000fb54 f   LIBCMT:new_scalar_nothrow.obj
 0001:0000eb68       ??_U@YAPEAX_KAEBUnothrow_t@std@@@Z 000000018000fb68 f   LIBCMT:new_array_nothrow.obj
 0001:0000eb70       __GSHandlerCheck           000000018000fb70 f   LIBCMT:gshandler.obj
 0001:0000eb90       __GSHandlerCheckCommon     000000018000fb90 f   LIBCMT:gshandler.obj
 0001:0000ebec       __GSHandlerCheck_SEH       000000018000fbec f   LIBCMT:gshandlerseh.obj
 0001:0000ec90       _alloca_probe              000000018000fc90 f   LIBCMT:chkstk.obj
 0001:0000ec90       __chkstk                   000000018000fc90 f   LIBCMT:chkstk.obj
 0001:0000ed00       __security_check_cookie    000000018000fd00 f   LIBCMT:amdsecgs.obj
 0001:0000f044       _DllMainCRTStartup         0000000180010044 f   LIBCMT:dll_dllmain.obj
 0001:0000f084       ??2@YAPEAX_K@Z             0000000180010084 f   LIBCMT:new_scalar.obj
 0001:0000f0c0       __isa_available_init       00000001800100c0 f   LIBCMT:cpu_disp.obj
 0001:0000f264       __scrt_is_ucrt_dll_in_use  0000000180010264 f   LIBCMT:ucrt_detection.obj
 0001:0000f270       __crt_debugger_hook        0000000180010270 f   LIBCMT:utility_desktop.obj
 0001:0000f278       __scrt_fastfail            0000000180010278 f   LIBCMT:utility_desktop.obj
 0001:0000f3c4       __security_init_cookie     00000001800103c4 f   LIBCMT:gs_support.obj
 0001:0000f470       ?__scrt_initialize_type_info@@YAXXZ 0000000180010470 f   LIBCMT:tncleanup.obj
 0001:0000f480       ?__scrt_uninitialize_type_info@@YAXXZ 0000000180010480 f   LIBCMT:tncleanup.obj
 0001:0000f48c       __local_stdio_scanf_options 000000018001048c f i LIBCMT:default_local_stdio_options.obj
 0001:0000f494       __scrt_initialize_default_local_stdio_options 0000000180010494 f   LIBCMT:default_local_stdio_options.obj
 0001:0000f4b0       __scrt_get_dyn_tls_init_callback 00000001800104b0 f   LIBCMT:dyn_tls_init.obj
 0001:0000f4b8       _RTC_Initialize            00000001800104b8 f   LIBCMT:initsect.obj
 0001:0000f4f4       _RTC_Terminate             00000001800104f4 f   LIBCMT:initsect.obj
 0001:0000f530       ??0bad_alloc@std@@QEAA@AEBV01@@Z 0000000180010530 f i LIBCMT:throw_bad_alloc.obj
 0001:0000f56c       ??0bad_alloc@std@@QEAA@XZ  000000018001056c f i LIBCMT:throw_bad_alloc.obj
 0001:0000f58c       ??0bad_array_new_length@std@@QEAA@AEBV01@@Z 000000018001058c f i LIBCMT:throw_bad_alloc.obj
 0001:0000f5c8       ??0bad_array_new_length@std@@QEAA@XZ 00000001800105c8 f i LIBCMT:throw_bad_alloc.obj
 0001:0000f5e8       ??0exception@std@@QEAA@AEBV01@@Z 00000001800105e8 f i LIBCMT:throw_bad_alloc.obj
 0001:0000f61c       ??1bad_exception@std@@UEAA@XZ 000000018001061c f i libvcruntime:frame.obj
 0001:0000f61c       ??1bad_array_new_length@std@@UEAA@XZ 000000018001061c f i LIBCMT:throw_bad_alloc.obj
 0001:0000f61c       ??1bad_alloc@std@@UEAA@XZ  000000018001061c f i LIBCMT:throw_bad_alloc.obj
 0001:0000f630       ??_Gbad_array_new_length@std@@UEAAPEAXI@Z 0000000180010630 f i LIBCMT:throw_bad_alloc.obj
 0001:0000f630       ??_Ebad_exception@std@@UEAAPEAXI@Z 0000000180010630 f i libvcruntime:frame.obj
 0001:0000f630       ??_Gexception@std@@UEAAPEAXI@Z 0000000180010630 f i LIBCMT:throw_bad_alloc.obj
 0001:0000f630       ??_Eexception@std@@UEAAPEAXI@Z 0000000180010630 f i LIBCMT:throw_bad_alloc.obj
 0001:0000f630       ??_Gbad_alloc@std@@UEAAPEAXI@Z 0000000180010630 f i LIBCMT:throw_bad_alloc.obj
 0001:0000f630       ??_Ebad_alloc@std@@UEAAPEAXI@Z 0000000180010630 f i LIBCMT:throw_bad_alloc.obj
 0001:0000f630       ??_Ebad_array_new_length@std@@UEAAPEAXI@Z 0000000180010630 f i LIBCMT:throw_bad_alloc.obj
 0001:0000f630       ??_Gbad_exception@std@@UEAAPEAXI@Z 0000000180010630 f i libvcruntime:frame.obj
 0001:0000f674       ?__scrt_throw_std_bad_alloc@@YAXXZ 0000000180010674 f   LIBCMT:throw_bad_alloc.obj
 0001:0000f694       ?__scrt_throw_std_bad_array_new_length@@YAXXZ 0000000180010694 f   LIBCMT:throw_bad_alloc.obj
 0001:0000f6b4       ?what@exception@std@@UEBAPEBDXZ 00000001800106b4 f i LIBCMT:throw_bad_alloc.obj
 0001:0000f6d0       ??_Etype_info@@UEAAPEAXI@Z 00000001800106d0 f i LIBCMT:std_type_info_static.obj
 0001:0000f6d0       ??_Gtype_info@@UEAAPEAXI@Z 00000001800106d0 f i LIBCMT:std_type_info_static.obj
 0001:0000f6fc       ??0CAtlBaseModule@ATL@@QEAA@XZ 00000001800106fc f   atls:atlbase.obj
 0001:0000f7a4       ??1CAtlBaseModule@ATL@@QEAA@XZ 00000001800107a4 f   atls:atlbase.obj
 0001:0000f8d8       ?__AllocStdCallThunk_cmn@@YAPEAXXZ 00000001800108d8 f   atls:atlthunk.obj
 0001:0000fa30       AtlThunk_AllocateData      0000000180010a30 f   atls:atlthunk.obj
 0001:0000faac       AtlThunk_DataToCode        0000000180010aac f   atls:atlthunk.obj
[...]
 0002:0000c624       $unwind$terminate          000000018002f624     libucrt:terminate.obj
 0002:0000c644       $unwind$??$parse_integer@KV?$c_string_character_source@_W@__crt_strtox@@@__crt_strtox@@YAKQEAU__crt_locale_pointers@@V?$c_string_character_source@_W@0@H_N@Z 000000018002f644     libucrt:atox.obj
 0002:0000c660       $xdatasym                  000000018002f660     libucrt:strncmp.obj
 0002:0000c664       $unwind$?construct_ptd_array@@YAXQEAU__acrt_ptd@@@Z 000000018002f664     libucrt:per_thread_data.obj
 0002:0000c66c       $unwind$?destroy_ptd_array@@YAXQEAU__acrt_ptd@@@Z 000000018002f66c     libucrt:per_thread_data.obj
 0002:0000c674       $unwind$??$?RV<lambda_0ae27a3a962d80f24befdcbee591983d>@@AEAV<lambda_8d0ee55de4b1038c4002e0adecdf1839>@@V<lambda_dc504788e8f1664fe9b84e20bfb512f2>@@@?$__crt_seh_guarded_call@X@@QEAAX$$QEAV<lambda_0ae27a3a962d80f24befdcbee591983d>@@AEAV<lambda_8d0ee55de4b1038c4002e0adecdf1839>@@$$QEAV<lambda_dc504788e8f1664fe9b84e20bfb512f2>@@@Z 000000018002f674     libucrt:per_thread_data.obj
 0002:0000c698       $unwind$??$?RV<lambda_aa87e3671a710a21b5dc78c0bdf72e11>@@AEAV<lambda_92619d2358a28f41a33ba319515a20b9>@@V<lambda_6992ecaafeb10aed2b74cb1fae11a551>@@@?$__crt_seh_guarded_call@X@@QEAAX$$QEAV<lambda_aa87e3671a710a21b5dc78c0bdf72e11>@@AEAV<lambda_92619d2358a28f41a33ba319515a20b9>@@$$QEAV<lambda_6992ecaafeb10aed2b74cb1fae11a551>@@@Z 000000018002f698     libucrt:per_thread_data.obj
 0002:0000c6bc       $unwind$??$?RV<lambda_f2e299630e499de9f9a165e60fcd3db5>@@AEAV<lambda_2ae9d31cdba2644fcbeaf08da7c24588>@@V<lambda_40d01ff24d0e7b3814fdbdcee8eab3c7>@@@?$__crt_seh_guarded_call@X@@QEAAX$$QEAV<lambda_f2e299630e499de9f9a165e60fcd3db5>@@AEAV<lambda_2ae9d31cdba2644fcbeaf08da7c24588>@@$$QEAV<lambda_40d01ff24d0e7b3814fdbdcee8eab3c7>@@@Z 000000018002f6bc     libucrt:per_thread_data.obj
 0002:0000c6e0       $unwind$??$?RV<lambda_2d41944a1d46af3157314b8a01080d33>@@AEAV<lambda_8f455de75cd7d7f24b4096f044d8b9e6>@@V<lambda_aa500f224e6afead328df44964fe2772>@@@?$__crt_seh_guarded_call@X@@QEAAX$$QEAV<lambda_2d41944a1d46af3157314b8a01080d33>@@AEAV<lambda_8f455de75cd7d7f24b4096f044d8b9e6>@@$$QEAV<lambda_aa500f224e6afead328df44964fe2772>@@@Z 000000018002f6e0     libucrt:per_thread_data.obj
 0002:0000c704       $unwind$__acrt_initialize_winapi_thunks 000000018002f704     libucrt:winapi_thunks.obj
 0002:0000c70c       $unwind$__acrt_fp_format   000000018002f70c     libucrt:cvt.obj
 0002:0000c724       $unwind$?fp_format_e_internal@@YAHQEAD_KH_NIQEAU_strflt@@2QEAU__crt_locale_pointers@@@Z 000000018002f724     libucrt:cvt.obj
 0002:0000c73c       $unwind$?fp_format_a@@YAHQEBNPEAD_KQEAD2H_NIQEAU__crt_locale_pointers@@W4__acrt_rounding_mode@@@Z 000000018002f73c     libucrt:cvt.obj
 0002:0000c758       $unwind$?fp_format_g@@YAHQEBNQEAD_K12H_NIQEAU__crt_locale_pointers@@@Z 000000018002f758     libucrt:cvt.obj
 0002:0000c76c       $unwind$__acrt_uninitialize_locale 000000018002f76c     libucrt:wsetlocale.obj
 0002:0000c76c       $unwind$__acrt_get_sigabrt_handler 000000018002f76c     libucrt:signal.obj
 0002:0000c774       $unwind$??$?RV<lambda_410d79af7f07d98d83a3f525b3859a53>@@AEAV<lambda_3e16ef9562a7dcce91392c22ab16ea36>@@V<lambda_38119f0e861e05405d8a144b9b982f0a>@@@?$__crt_seh_guarded_call@X@@QEAAX$$QEAV<lambda_410d79af7f07d98d83a3f525b3859a53>@@AEAV<lambda_3e16ef9562a7dcce91392c22ab16ea36>@@$$QEAV<lambda_38119f0e861e05405d8a144b9b982f0a>@@@Z 000000018002f774     libucrt:wsetlocale.obj
 0002:0000c79c       $unwind$__acrt_initialize_lowio 000000018002f79c     libucrt:ioinit.obj
 0002:0000c7bc       $unwind$??$common_expand_argv_wildcards@D@@YAHQEAPEADQEAPEAPEAD@Z 000000018002f7bc     libucrt:argv_wildcards.obj
 0002:0000c7d4       $unwind$??$copy_and_add_argument_to_buffer@D@@YAHQEBD0_KAEAV?$argument_list@D@?A0x5f5c8891@@@Z 000000018002f7d4     libucrt:argv_wildcards.obj
 0002:0000c7f0       $unwind$??$expand_argument_wildcards@D@@YAHQEAD0AEAV?$argument_list@D@?A0x5f5c8891@@@Z 000000018002f7f0     libucrt:argv_wildcards.obj
 0002:0000c814       $unwind$__acrt_GetModuleFileNameA 000000018002f814     libucrt:getmodulefilenamea.obj
 0002:0000c830       $unwind$_setmbcp_nolock    000000018002f830     libucrt:mbctype.obj
 0002:0000c850       $unwind$?update_thread_multibyte_data_internal@@YAPEAU__crt_multibyte_data@@QEAU__acrt_ptd@@QEAPEAU1@@Z 000000018002f850     libucrt:mbctype.obj
 0002:0000c878       $unwind$?setmbcp_internal@@YAHH_NQEAU__acrt_ptd@@QEAPEAU__crt_multibyte_data@@@Z 000000018002f878     libucrt:mbctype.obj
 0002:0000c888       $unwind$?setSBUpLow@@YAXPEAU__crt_multibyte_data@@@Z 000000018002f888     libucrt:mbctype.obj
 0002:0000c8a4       $unwind$??$?RV<lambda_efdfa57d1f175319df784efa44bb7b81>@@AEAV<lambda_5f0a4c1567f8adc6734073e5d1e1b35c>@@V<lambda_2e8a7d3640ea6ccb4c2413664c2db6fd>@@@?$__crt_seh_guarded_call@X@@QEAAX$$QEAV<lambda_efdfa57d1f175319df784efa44bb7b81>@@AEAV<lambda_5f0a4c1567f8adc6734073e5d1e1b35c>@@$$QEAV<lambda_2e8a7d3640ea6ccb4c2413664c2db6fd>@@@Z 000000018002f8a4     libucrt:mbctype.obj
 0002:0000c8c8       $unwind$__acrt_WideCharToMultiByte 000000018002f8c8     libucrt:widechartomultibyte.obj
 0002:0000c8d4       $unwind$raise              000000018002f8d4     libucrt:signal.obj
 0002:0000c910       $unwind$??$?RV<lambda_450d765d439847d4c735a33c368b5fc0>@@AEAV<lambda_44731a7d0e6d81c3e6aa82d741081786>@@V<lambda_601a2a7da3b7a96e9554ac7215c4b07c>@@@?$__crt_seh_guarded_call@P6AXH@Z@@QEAAP6AXH@Z$$QEAV<lambda_450d765d439847d4c735a33c368b5fc0>@@AEAV<lambda_44731a7d0e6d81c3e6aa82d741081786>@@$$QEAV<lambda_601a2a7da3b7a96e9554ac7215c4b07c>@@@Z 000000018002f910     libucrt:signal.obj
 0002:0000c934       $unwind$?common_flush_all@@YAH_N@Z 000000018002f934     libucrt:fflush.obj
 0002:0000c93c       $unwind$??$?RV<lambda_842d9ff0dc9ef11c61343bbaebe7f885>@@AEAV<lambda_c5860995281e5c4ce005b3de8f5874ee>@@V<lambda_d90129c13df834fdcbf8d2b88dafcf2d>@@@?$__crt_seh_guarded_call@X@@QEAAX$$QEAV<lambda_842d9ff0dc9ef11c61343bbaebe7f885>@@AEAV<lambda_c5860995281e5c4ce005b3de8f5874ee>@@$$QEAV<lambda_d90129c13df834fdcbf8d2b88dafcf2d>@@@Z 000000018002f93c     libucrt:fflush.obj
 0002:0000c960       $unwind$??$?RV<lambda_886d6c58226a84441f68b9f2b8217b83>@@AEAV<lambda_ab61a845afdef5b7c387490eaf3616ee>@@V<lambda_f7f22ab5edc0698d5f6905b0d3f44752>@@@?$__crt_seh_guarded_call@X@@QEAAX$$QEAV<lambda_886d6c58226a84441f68b9f2b8217b83>@@AEAV<lambda_ab61a845afdef5b7c387490eaf3616ee>@@$$QEAV<lambda_f7f22ab5edc0698d5f6905b0d3f44752>@@@Z 000000018002f960     libucrt:fflush.obj
 0002:0000c988       $unwind$__acrt_update_thread_locale_data 000000018002f988     libucrt:locale_refcounting.obj
 0002:0000c9ac       $unwind$?__mbrtowc_utf8@__crt_mbstring@@YA_KPEA_WPEBD_KPEAU_Mbstatet@@@Z 000000018002f9ac     libucrt:mbrtowc.obj
 0002:0000c9b4       $unwind$?__mbsrtowcs_utf8@__crt_mbstring@@YA_KPEA_WPEAPEBD_KPEAU_Mbstatet@@@Z 000000018002f9b4     libucrt:mbrtowc.obj
 0002:0000c9cc       $unwind$__acrt_fltout      000000018002f9cc     libucrt:cfout.obj
 0002:0000c9ec       $unwind$?divide@__crt_strtox@@YA_KAEAUbig_integer@1@AEBU21@@Z 000000018002f9ec     libucrt:cfout.obj
 0002:0000ca04       $chain$0$?divide@__crt_strtox@@YA_KAEAUbig_integer@1@AEBU21@@Z 000000018002fa04     libucrt:cfout.obj
 0002:0000ca18       $chain$1$?divide@__crt_strtox@@YA_KAEAUbig_integer@1@AEBU21@@Z 000000018002fa18     libucrt:cfout.obj
 0002:0000ca28       $unwind$_fcloseall         000000018002fa28     libucrt:closeall.obj
 0002:0000ca4c       $unwind$__acrt_locale_free_monetary 000000018002fa4c     libucrt:initmon.obj
 0002:0000ca54       $unwind$__acrt_locale_free_time 000000018002fa54     libucrt:inittime.obj
 0002:0000ca64       $unwind$__acrt_GetStringTypeA 000000018002fa64     libucrt:getstringtypea.obj
 0002:0000ca8c       $unwind$__acrt_lowio_destroy_handle_array 000000018002fa8c     libucrt:osfinfo.obj
 0002:0000ca9c       $unwind$__acrt_lowio_ensure_fh_exists 000000018002fa9c     libucrt:osfinfo.obj
 0002:0000cac8       $unwind$qsort              000000018002fac8     libucrt:qsort.obj
 0002:0000cae0       $chain$4$qsort             000000018002fae0     libucrt:qsort.obj
 0002:0000cb04       $chain$5$qsort             000000018002fb04     libucrt:qsort.obj
 0002:0000cb14       $unwind$strpbrk            000000018002fb14     libucrt:strpbrk.obj
 0002:0000cb24       $unwind$fallbackMethod     000000018002fb24     libucrt:strpbrk.obj
 0002:0000cb34       $unwind$__acrt_LCMapStringA 000000018002fb34     libucrt:lcmapstringa.obj
 0002:0000cb44       $unwind$?__acrt_LCMapStringA_stat@@YAHPEAU__crt_locale_pointers@@PEB_WKPEBDHPEADHHH@Z 000000018002fb44     libucrt:lcmapstringa.obj
 0002:0000cb6c       $unwind$_close             000000018002fb6c     libucrt:close.obj
 0002:0000cb6c       $unwind$_commit            000000018002fb6c     libucrt:commit.obj
 0002:0000cb74       $unwind$??$?RV<lambda_a37b2b86f63e897a80ea819b0eb08c01>@@AEAV<lambda_38ce7e780aa69e748d6df282ebc68efe>@@V<lambda_99fb1378e971ab6e7edea83e3a7a83a2>@@@?$__crt_seh_guarded_call@H@@QEAAH$$QEAV<lambda_a37b2b86f63e897a80ea819b0eb08c01>@@AEAV<lambda_38ce7e780aa69e748d6df282ebc68efe>@@$$QEAV<lambda_99fb1378e971ab6e7edea83e3a7a83a2>@@@Z 000000018002fb74     libucrt:commit.obj
 0002:0000cb98       $unwind$_write             000000018002fb98     libucrt:write.obj
 0002:0000cbc8       $unwind$_write_nolock      000000018002fbc8     libucrt:write.obj
 0002:0000cbe0       $unwind$?write_double_translated_ansi_nolock@@YA?AUwrite_result@?A0x17268360@@HQEBDI@Z 000000018002fbe0     libucrt:write.obj
 0002:0000cc04       $unwind$?write_text_ansi_nolock@@YA?AUwrite_result@?A0x17268360@@HQEBDI@Z 000000018002fc04     libucrt:write.obj
 0002:0000cc04       $unwind$?write_text_utf16le_nolock@@YA?AUwrite_result@?A0x17268360@@HQEBDI@Z 000000018002fc04     libucrt:write.obj
 0002:0000cc24       $unwind$?write_text_utf8_nolock@@YA?AUwrite_result@?A0x17268360@@HQEBDI@Z 000000018002fc24     libucrt:write.obj
 0002:0000cc48       $xdatasym                  000000018002fc48     libucrt:log10.obj
 0002:0000cc54       $unwind$__acrt_fenv_set_control 000000018002fc54     libucrt:_fenvutils.obj
 0002:0000cc64       $unwind$fclose             000000018002fc64     libucrt:fclose.obj
 0002:0000cc88       $unwind$_putwch_nolock     000000018002fc88     libucrt:putwch.obj
 0002:0000cc90       $unwind$common_control87   000000018002fc90     libucrt:ieee.obj
 0002:0000ccbc       $unwind$_call_matherr      000000018002fcbc     libucrt:libm_error.obj
 0002:0000ccc4       $unwind$_handle_error      000000018002fcc4     libucrt:libm_error.obj
 0002:0000cce4       $unwind$__acrt_initialize_fma3 000000018002fce4     libucrt:fma3_available.obj
 0002:0000ccec       $unwind$_log_special_common 000000018002fcec     libucrt:log_special.obj
 0002:0000ccf8       $unwind$??$?RV<lambda_751a882b2c74d4b022dec766aa51a29a>@@AEAV<lambda_628dfdc04ba53c8bfc02c9951375f3f5>@@V<lambda_f6c7be5f7998530c34de24c7437d6b54>@@@?$__crt_seh_guarded_call@H@@QEAAH$$QEAV<lambda_751a882b2c74d4b022dec766aa51a29a>@@AEAV<lambda_628dfdc04ba53c8bfc02c9951375f3f5>@@$$QEAV<lambda_f6c7be5f7998530c34de24c7437d6b54>@@@Z 000000018002fcf8     libucrt:close.obj
 0002:0000cd20       $xdatasym                  000000018002fd20     libucrt:fpsr.obj
 0002:0000cd28       $unwind$_raise_exc_ex      000000018002fd28     libucrt:fpexcept.obj
 0002:0000cd3c       $unwind$_ctrlfp            000000018002fd3c     libucrt:fpctrl.obj
 0002:0000cd64       $unwind$_IsNonwritableInCurrentImage 000000018002fd64     LIBCMT:pesect.obj
 0002:0000cef0       .edata                     000000018002fef0     OPOSSmartCardRW.exp
 0002:0000cf18       rgpv                       000000018002ff18     OPOSSmartCardRW.exp
 0002:0000cf28       rgszName                   000000018002ff28     OPOSSmartCardRW.exp
 0002:0000cf38       rgwOrd                     000000018002ff38     OPOSSmartCardRW.exp
 0002:0000cf40       szName                     000000018002ff40     OPOSSmartCardRW.exp
 0002:0000cf54       $N00001                    000000018002ff54     OPOSSmartCardRW.exp
 0002:0000cf64       $N00002                    000000018002ff64     OPOSSmartCardRW.exp
 0002:0000cf76       $N00003                    000000018002ff76     OPOSSmartCardRW.exp
 0002:0000cf88       $N00004                    000000018002ff88     OPOSSmartCardRW.exp
 0002:0000d8b2       .idata$6                   00000001800308b2     kernel32:KERNEL32.dll
 0002:0000daca       .idata$6                   0000000180030aca     user32:USER32.dll
 0002:0000dbfe       .idata$6                   0000000180030bfe     gdi32:GDI32.dll
 0002:0000dca4       .idata$6                   0000000180030ca4     advapi32:ADVAPI32.dll
 0002:0000ddc0       .idata$6                   0000000180030dc0     ole32:ole32.dll
 0002:0000ddca       .idata$6                   0000000180030dca     oleaut32:OLEAUT32.dll
 0003:000001c0       ?ObjectMap@@3PAU_ATL_OBJMAP_ENTRY30@ATL@@A 00000001800321c0     SmartCardRW.obj
 0003:000002d0       ?s_SOMethodNames@@3PAPEADA 00000001800322d0     SmartCardRWImpl.obj
 0003:000003a0       ?s_RequiredMethodsPerRelease@@3PAHA 00000001800323a0     SmartCardRWImpl.obj
 0003:000003f0       ?__vcrt_flsindex@@3KA      00000001800323f0     libvcruntime:per_thread_data.obj
 0003:00000400       ?errno_no_memory@@3HA      0000000180032400     libucrt:errno.obj
 0003:00000404       ?doserrno_no_memory@@3KA   0000000180032404     libucrt:errno.obj
 0003:00000410       ?__acrt_flsindex@@3KA      0000000180032410     libucrt:per_thread_data.obj
 0003:000008d0       _mbctypes                  00000001800328d0     libucrt:mbctype.obj
 0003:000009e0       _mbcasemaps                00000001800329e0     libucrt:mbctype.obj
 0003:00000ae0       ?__rgctypeflag@@3PADA      0000000180032ae0     libucrt:mbctype.obj
 0003:00000af0       ?__rgcode_page_info@@3PAUcode_page_info@@A 0000000180032af0     libucrt:mbctype.obj
 0003:00000d90       ?dazSupported@?1??common_control87@@9@9 0000000180032d90     libucrt:ieee.obj
 0003:00000da0       ?__dcrt_lowio_console_output_handle@@3PEAXEA 0000000180032da0     libucrt:initcon.obj
 0003:00000db0       ?dazSupported@?1??_ctrlfp@@9@9 0000000180032db0     libucrt:fpctrl.obj
 0003:00001000       ?is_initialized_as_dll@@3_NA 0000000180033000     LIBCMT:utility.obj
 0003:00001001       ?module_local_atexit_table_initialized@@3_NA 0000000180033001     LIBCMT:utility.obj
 0003:00001008       ?module_local_atexit_table@@3U_onexit_table_t@@A 0000000180033008     LIBCMT:utility.obj
 0003:00001020       ?module_local_at_quick_exit_table@@3U_onexit_table_t@@A 0000000180033020     LIBCMT:utility.obj
 0003:00001038       ?g_tss_cv@@3U_RTL_CONDITION_VARIABLE@@A 0000000180033038     LIBCMT:thread_safe_statics.obj
 0003:00001040       ?g_tss_event@@3PEAXEA      0000000180033040     LIBCMT:thread_safe_statics.obj
 0003:00001048       ?g_tss_mutex@@3U_RTL_CRITICAL_SECTION@@A 0000000180033048     LIBCMT:thread_safe_statics.obj
 0003:00001070       ?g_sleep_condition_variable_cs@@3P6AHPEAU_RTL_CONDITION_VARIABLE@@PEAU_RTL_CRITICAL_SECTION@@K@ZEA 0000000180033070     LIBCMT:thread_safe_statics.obj
 0003:00001078       ?g_wake_all_condition_variable@@3P6AXPEAU_RTL_CONDITION_VARIABLE@@@ZEA 0000000180033078     LIBCMT:thread_safe_statics.obj
 0003:00001080       GS_ExceptionRecord         0000000180033080     LIBCMT:gs_report.obj
 0003:00001120       GS_ContextRecord           0000000180033120     LIBCMT:gs_report.obj
 0003:000015f4       ?__proc_attached@@3HA      00000001800335f4     LIBCMT:dll_dllmain.obj
 0003:00001698       ?AllocateData@@3P6APEAUAtlThunkData_t@@XZEA 0000000180033698     atls:atlthunk.obj
 0003:000016a0       ?InitData@@3P6AXPEAUAtlThunkData_t@@PEAX_K@ZEA 00000001800336a0     atls:atlthunk.obj
 0003:000016a8       ?DataToCode@@3P6AP6A_JPEAUHWND__@@I_K_J@ZPEAUAtlThunkData_t@@@ZEA 00000001800336a8     atls:atlthunk.obj
 0003:000016b0       ?FreeData@@3P6AXPEAUAtlThunkData_t@@@ZEA 00000001800336b0     atls:atlthunk.obj
 0003:000016b8       ?Initialized@@3_NA         00000001800336b8     atls:atlthunk.obj
 0003:000016d0       ?__vcrt_startup_thread_ptd@@3U__vcrt_ptd@@A 00000001800336d0     libvcruntime:per_thread_data.obj
 0003:00001750       __vcrt_lock_table          0000000180033750     libvcruntime:locks.obj
 0003:00001778       __vcrt_locks_initialized   0000000180033778     libvcruntime:locks.obj
 0003:000017c0       ?heap@@3V_HeapManager@@A   00000001800337c0     libvcruntime:undname.obj
 0003:000017e8       ?module_handles@@3PAPEAUHINSTANCE__@@A 00000001800337e8     libvcruntime:winapi_downlevel.obj
 0003:00001800       ?function_pointers@@3PAPEAXA 0000000180033800     libvcruntime:winapi_downlevel.obj
 0003:00001828       ?__acrt_invalid_parameter_handler@@3V?$dual_state_global@P6AXPEB_W00I_K@Z@__crt_state_management@@A 0000000180033828     libucrt:invalid_parameter.obj
 0003:00001830       ?c_termination_complete@@3JA 0000000180033830     libucrt:exit.obj
 0003:00001838       ?thread_local_exit_callback_func@@3P6AXPEAXK0@ZEA 0000000180033838     libucrt:exit.obj
 0003:00001850       ?program_name@?1???$common_configure_argv@D@@YAHW4_crt_argv_mode@@@Z@4PADA 0000000180033850     libucrt:argv_parsing.obj
 0003:000019a8       ?__acrt_new_handler@@3V?$dual_state_global@P6AH_K@Z@__crt_state_management@@A 00000001800339a8     libucrt:new_handler.obj
 0003:000019b0       ?module_handles@@3PAPEAUHINSTANCE__@@A 00000001800339b0     libucrt:winapi_thunks.obj
 0003:00001a50       ?encoded_function_pointers@@3PAPEAXA 0000000180033a50     libucrt:winapi_thunks.obj
 0003:00001b60       ?internal_state@?1??_mbtowc_l@@9@4U_Mbstatet@@A 0000000180033b60     libucrt:mbtowc.obj
 0003:00001b78       ?enable_percent_n@@3_KA    0000000180033b78     libucrt:printf_count_output.obj
 0003:00001fb0       ?__acrt_lock_table@@3PAU_RTL_CRITICAL_SECTION@@A 0000000180033fb0     libucrt:locks.obj
 0003:000021e0       ?__acrt_locks_initialized@@3IA 00000001800341e0     libucrt:locks.obj
 0003:00002200       ?fSystemSet@@3HA           0000000180034200     libucrt:mbctype.obj
 0003:00002204       ?initialized@?1??__acrt_initialize_multibyte@@9@4_NA 0000000180034204     libucrt:mbctype.obj
 0003:00002240       ?ctrlc_action@@3V?$dual_state_global@P6AXH@Z@__crt_state_management@@A 0000000180034240     libucrt:signal.obj
 0003:00002248       ?ctrlbreak_action@@3V?$dual_state_global@P6AXH@Z@__crt_state_management@@A 0000000180034248     libucrt:signal.obj
 0003:00002250       ?abort_action@@3V?$dual_state_global@P6AXH@Z@__crt_state_management@@A 0000000180034250     libucrt:signal.obj
 0003:00002258       ?term_action@@3V?$dual_state_global@P6AXH@Z@__crt_state_management@@A 0000000180034258     libucrt:signal.obj
 0003:00002260       ?user_matherr@@3V?$dual_state_global@P6AHPEAU_exception@@@Z@__crt_state_management@@A 0000000180034260     libucrt:matherr.obj
 0003:00002268       ?__acrt_global_new_mode@@3V?$dual_state_global@J@__crt_state_management@@A 0000000180034268     libucrt:new_mode.obj
 0003:00002278       ?internal_pst@?1??__mbrtoc32_utf8@__crt_mbstring@@YA_KPEA_UPEBD_KPEAU_Mbstatet@@@Z@4U3@A 0000000180034278     libucrt:mbrtoc32.obj
 0003:00002280       ?__acrt_app_type@@3W4_crt_app_type@@A 0000000180034280     libucrt:report_runtime_error.obj
 0005:00000000       MoveSmall                  0000000180037000     libvcruntime:memcpy.obj
 0005:00000050       MsetTab                    0000000180037050     libvcruntime:memset.obj
 0006:00000220       $R000000                   0000000180038220     SmartCardRW.res
 0006:00000bc0       $R0009A0                   0000000180038bc0     SmartCardRW.res
 0006:00000ca8       $R000A88                   0000000180038ca8     SmartCardRW.res
 0006:00000f10       $R000CF0                   0000000180038f10     SmartCardRW.res
 0006:00001420       $R001200                   0000000180039420     SmartCardRW.res
 0006:00004458       $R004238                   000000018003c458     SmartCardRW.res
 0006:00004490       $R004270                   000000018003c490     SmartCardRW.res
