 OPOSCashChanger

 Timestamp is 600f7779 (Tue Jan 26 10:59:21 2021)

 Preferred load address is 0000000180000000

 Start         Length     Name                   Class
 0001:00000000 000000c0H .text$di                CODE
 0001:000000c0 00021630H .text$mn                CODE
 0001:000216f0 00000040H .text$mn$00             CODE
 0001:00021730 000004b0H .text$x                 CODE
 0001:00021be0 00000078H .text$yd                CODE
 0002:00000000 00000618H .idata$5                DATA
 0002:00000618 00000028H .00cfg                  DATA
 0002:00000640 00000008H .CRT$XCA                DATA
 0002:00000648 00000008H .CRT$XCL                DATA
 0002:00000650 00000020H .CRT$XCU                DATA
 0002:00000670 00000008H .CRT$XCZ                DATA
 0002:00000678 00000008H .CRT$XIA                DATA
 0002:00000680 00000020H .CRT$XIC                DATA
 0002:000006a0 00000008H .CRT$XIZ                DATA
 0002:000006a8 00000008H .CRT$XLA                DATA
 0002:000006b0 00000008H .CRT$XLZ                DATA
 0002:000006b8 00000008H .CRT$XPA                DATA
 0002:000006c0 00000010H .CRT$XPX                DATA
 0002:000006d0 00000008H .CRT$XPXA               DATA
 0002:000006d8 00000008H .CRT$XPZ                DATA
 0002:000006e0 00000008H .CRT$XTA                DATA
 0002:000006e8 00000008H .CRT$XTZ                DATA
 0002:000006f0 00000000H .gehcont$y              DATA
 0002:000006f0 00000000H .gfids$y                DATA
 0002:000006f0 0000aa90H .rdata                  DATA
 0002:0000b180 00000000H .rdata$CastGuardVftablesA DATA
 0002:0000b180 00000000H .rdata$CastGuardVftablesC DATA
 0002:0000b180 00000028H .rdata$T                DATA
 0002:0000b1a8 00000274H .rdata$r                DATA
 0002:0000b41c 0000040cH .rdata$zzzdbg           DATA
 0002:0000b828 00000008H .rtc$IAA                DATA
 0002:0000b830 00000008H .rtc$IZZ                DATA
 0002:0000b838 00000008H .rtc$TAA                DATA
 0002:0000b840 00000008H .rtc$TZZ                DATA
 0002:0000b848 00000004H .tls                    DATA
 0002:0000b84c 00000004H .tls$                   DATA
 0002:0000b850 00000008H .tls$ZZZ                DATA
 0002:0000b858 000016a8H .xdata                  DATA
 0002:0000cf00 00000150H .xdata$x                DATA
 0002:0000d050 00000008H ATL$__a                 DATA
 0002:0000d058 00000008H ATL$__z                 DATA
 0002:0000d060 000000acH .edata                  DATA
 0002:0000d10c 00000078H .idata$2                DATA
 0002:0000d184 00000014H .idata$3                DATA
 0002:0000d198 00000618H .idata$4                DATA
 0002:0000d7b0 00000c2aH .idata$6                DATA
 0003:00000000 00000dc8H .data                   DATA
 0003:00000dc8 000000c8H .data$r                 DATA
 0003:00000e90 0000141cH .bss                    DATA
 0004:00000000 00001f20H .pdata                  DATA
 0005:00000000 00000094H _RDATA                  DATA
 0006:00000000 00000220H .rsrc$01                DATA
 0006:00000220 00004e98H .rsrc$02                DATA

  Address         Publics by Value              Rva+Base               Lib:Object

 0000:00000000       ___safe_se_handler_table   0000000000000000     <absolute>
 0000:00000000       __guard_longjmp_table      0000000000000000     <absolute>
 0000:00000000       __arm64x_redirection_metadata 0000000000000000     <absolute>
 0000:00000000       __x64_code_ranges_to_entry_points 0000000000000000     <absolute>
 0000:00000000       __guard_iat_table          0000000000000000     <absolute>
 0000:00000000       __guard_fids_count         0000000000000000     <absolute>
 0000:00000000       __guard_iat_count          0000000000000000     <absolute>
 0000:00000000       __arm64x_extra_rfe_table   0000000000000000     <absolute>
 0000:00000000       __guard_longjmp_count      0000000000000000     <absolute>
 0000:00000000       __dynamic_value_reloc_table 0000000000000000     <absolute>
 0000:00000000       __x64_code_ranges_to_entry_points_count 0000000000000000     <absolute>
 0000:00000000       __hybrid_auxiliary_iat     0000000000000000     <absolute>
 0000:00000000       __hybrid_code_map          0000000000000000     <absolute>
 0000:00000000       __volatile_metadata        0000000000000000     <absolute>
 0000:00000000       __arm64x_extra_rfe_table_size 0000000000000000     <absolute>
 0000:00000000       ___safe_se_handler_count   0000000000000000     <absolute>
 0000:00000000       __AbsoluteZero             0000000000000000     <absolute>
 0000:00000000       __guard_fids_table         0000000000000000     <absolute>
 0000:00000000       __guard_eh_cont_count      0000000000000000     <absolute>
 0000:00000000       __arm64x_redirection_metadata_count 0000000000000000     <absolute>
 0000:00000000       __enclave_config           0000000000000000     <absolute>
 0000:00000000       __guard_eh_cont_table      0000000000000000     <absolute>
 0000:00000000       __arm64x_native_entrypoint 0000000000000000     <absolute>
 0000:00000000       __hybrid_code_map_count    0000000000000000     <absolute>
 0000:00000100       __guard_flags              0000000000000100     <absolute>
 0000:00000000       __ImageBase                0000000180000000     <linker-defined>
 0001:000000c0       ?DupWide@_CW@@AEAAXXZ      00000001800010c0 f   CWString.obj
 0001:000000e8       ?cw_dup@@YAXPEBDAEAHAEAPEA_W1@Z 00000001800010e8 f   CWString.obj
 0001:000001c8       ?cw_memcpy@@YAHPEA_WPEBDH@Z 00000001800011c8 f   CWString.obj
 0001:00000214       ?cw_strcpy@@YAHPEA_WPEBD@Z 0000000180001214 f   CWString.obj
 0001:00000228       ??0CAtlComModule@ATL@@QEAA@XZ 0000000180001228 f i OposVariant.obj
 0001:000002a8       ??0CAtlWinModule@ATL@@QEAA@XZ 00000001800012a8 f i OposVariant.obj
 0001:00000314       ??0OposDispParms@@QEAA@PEAVOposVariant@@H@Z 0000000180001314 f   OposVariant.obj
 0001:000003bc       ??1OposDispParms@@QEAA@XZ  00000001800013bc f   OposVariant.obj
 0001:000003d4       ??_Estringdispid@CComTypeInfoHolder@ATL@@QEAAPEAXI@Z 00000001800013d4 f i OposVariant.obj
 0001:00000478       ?AtlWinModuleTerm@ATL@@YAJPEAU_ATL_WIN_MODULE70@1@PEAUHINSTANCE__@@@Z 0000000180001478 f i OposVariant.obj
 0001:00000528       ?ChangeBSTR@OposVariant@@QEAAXPEAPEA_WAEAJ@Z 0000000180001528 f   OposVariant.obj
 0001:00000588       ?ChangeLONG@OposVariant@@QEAAXPEAJAEAJ@Z 0000000180001588 f   OposVariant.obj
 0001:000005e4       ?GetLONG@OposVariant@@QEAAJXZ 00000001800015e4 f   OposVariant.obj
 0001:00000608       ?SetBSTR@OposVariant@@QEAAXPEA_WAEAJ@Z 0000000180001608 f   OposVariant.obj
 0001:00000648       ?SetBSTR_Copy@OposVariant@@QEAAXPEA_WAEAJ@Z 0000000180001648 f   OposVariant.obj
 0001:000006b8       ?SetBSTR_InOutPtr@OposVariant@@QEAA_NPEAPEA_WAEAJ@Z 00000001800016b8 f   OposVariant.obj
 0001:00000708       ?SetBSTR_OutPtr@OposVariant@@QEAA_NPEAPEA_WAEAJ@Z 0000000180001708 f   OposVariant.obj
 0001:00000724       ?SetDispatch_Ptr@OposVariant@@QEAAXPEAUIDispatch@@AEAJ@Z 0000000180001724 f   OposVariant.obj
 0001:0000077c       ?SetLONG@OposVariant@@QEAAXJ@Z 000000018000177c f   OposVariant.obj
 0001:000007ac       ?SetLONG_Ptr@OposVariant@@QEAAXPEAJAEAJ@Z 00000001800017ac f   OposVariant.obj
 0001:000007f8       ?SetString@OposVariant@@QEAAXPEB_WAEAJ@Z 00000001800017f8 f   OposVariant.obj
 0001:0000085c       ?SetVARIANT_BOOL@OposVariant@@QEAAXF@Z 000000018000185c f   OposVariant.obj
 0001:00000894       ?SetVARIANT_BOOL_Ptr@OposVariant@@QEAAXPEAFAEAJ@Z 0000000180001894 f   OposVariant.obj
 0001:000008e0       ?Term@CAtlComModule@ATL@@QEAAXXZ 00000001800018e0 f i OposVariant.obj
 0001:00000950       ?_AtlInitializeCriticalSectionEx@ATL@@YAHPEAU_RTL_CRITICAL_SECTION@@KK@Z 0000000180001950 f i OposVariant.obj
 0001:00000958       ?_AtlRaiseException@ATL@@YAXKK@Z 0000000180001958 f i OposVariant.obj
 0001:00000968       ?GetWindowProc@?$CWindowImplBaseT@VCWindow@ATL@@V?$CWinTraits@$0FGAAAAAA@$0A@@2@@ATL@@UEAAP6A_JPEAUHWND__@@I_K_J@ZXZ 0000000180001968 f i CashChanger.obj
 0001:00000970       ?StartWindowProc@?$CWindowImplBaseT@VCWindow@ATL@@V?$CWinTraits@$0FGAAAAAA@$0A@@2@@ATL@@SA_JPEAUHWND__@@I_K_J@Z 0000000180001970 f i CashChanger.obj
 0001:00000a34       _guard_check_icall_nop     0000000180001a34 f i LIBCMT:guard_support.obj
 0001:00000a34       ?OnFinalMessage@?$CWindowImplBaseT@VCWindow@ATL@@V?$CWinTraits@$0FGAAAAAA@$0A@@2@@ATL@@UEAAXPEAUHWND__@@@Z 0000000180001a34 f i CashChanger.obj
 0001:00000a34       ?ObjectMain@CComObjectRootBase@ATL@@SAX_N@Z 0000000180001a34 f i CashChanger.obj
 0001:00000a38       ?GetTypeInfoCount@?$IDispatchImpl@UIOPOSCashChanger@@$1?IID_IOPOSCashChanger@@3U_GUID@@B$1?LIBID_OposCashChanger_CCO@@3U3@B$00$0A@VCComTypeInfoHolder@ATL@@@ATL@@UEAAJPEAI@Z 0000000180001a38 f i CashChanger.obj
 0001:00000a4c       ?GetTypeInfo@?$IDispatchImpl@UIOPOSCashChanger@@$1?IID_IOPOSCashChanger@@3U_GUID@@B$1?LIBID_OposCashChanger_CCO@@3U3@B$00$0A@VCComTypeInfoHolder@ATL@@@ATL@@UEAAJIKPEAPEAUITypeInfo@@@Z 0000000180001a4c f i CashChanger.obj
 0001:00000ab0       ?GetIDsOfNames@?$IDispatchImpl@UIOPOSCashChanger@@$1?IID_IOPOSCashChanger@@3U_GUID@@B$1?LIBID_OposCashChanger_CCO@@3U3@B$00$0A@VCComTypeInfoHolder@ATL@@@ATL@@UEAAJAEBU_GUID@@PEAPEA_WIKPEAJ@Z 0000000180001ab0 f i CashChanger.obj
 0001:00000abc       ?Invoke@?$IDispatchImpl@UIOPOSCashChanger@@$1?IID_IOPOSCashChanger@@3U_GUID@@B$1?LIBID_OposCashChanger_CCO@@3U3@B$00$0A@VCComTypeInfoHolder@ATL@@@ATL@@UEAAJJAEBU_GUID@@KGPEAUtagDISPPARAMS@@PEAUtagVARIANT@@PEAUtagEXCEPINFO@@PEAI@Z 0000000180001abc f i CashChanger.obj
 0001:00000b4c       ?CreateControlWindow@?$CComControl@VCOPOSCashChanger@@V?$CWindowImpl@VCOPOSCashChanger@@VCWindow@ATL@@V?$CWinTraits@$0FGAAAAAA@$0A@@3@@ATL@@@ATL@@UEAAPEAUHWND__@@PEAU3@AEAUtagRECT@@@Z 0000000180001b4c f i CashChanger.obj
 0001:00000b84       ?ControlQueryInterface@?$CComControl@VCOPOSCashChanger@@V?$CWindowImpl@VCOPOSCashChanger@@VCWindow@ATL@@V?$CWinTraits@$0FGAAAAAA@$0A@@3@@ATL@@@ATL@@UEAAJAEBU_GUID@@PEAPEAX@Z 0000000180001b84 f i CashChanger.obj
 0001:00000b98       ?GetUserClassID@?$IOleObjectImpl@VCOPOSCashChanger@@@ATL@@UEAAJPEAU_GUID@@@Z 0000000180001b98 f i CashChanger.obj
 0001:00000b98       ?GetClassID@?$IPersistStorageImpl@VCOPOSCashChanger@@@ATL@@UEAAJPEAU_GUID@@@Z 0000000180001b98 f i CashChanger.obj
 0001:00000b98       ?GetClassID@?$IPersistStreamInitImpl@VCOPOSCashChanger@@@ATL@@UEAAJPEAU_GUID@@@Z 0000000180001b98 f i CashChanger.obj
 0001:00000bb4       ?IsDirty@?$IPersistStreamInitImpl@VCOPOSCashChanger@@@ATL@@UEAAJXZ 0000000180001bb4 f i CashChanger.obj
 0001:00000bd0       ?Load@?$IPersistStreamInitImpl@VCOPOSCashChanger@@@ATL@@UEAAJPEAUIStream@@@Z 0000000180001bd0 f i CashChanger.obj
 0001:00000be8       ?Save@?$IPersistStreamInitImpl@VCOPOSCashChanger@@@ATL@@UEAAJPEAUIStream@@H@Z 0000000180001be8 f i CashChanger.obj
 0001:00000c00       ?GetSizeMax@?$IPersistStreamInitImpl@VCOPOSCashChanger@@@ATL@@UEAAJPEAT_ULARGE_INTEGER@@@Z 0000000180001c00 f i CashChanger.obj
 0001:00000e2c       ?InitNew@?$IPersistStreamInitImpl@VCOPOSCashChanger@@@ATL@@UEAAJXZ 0000000180001e2c f i CashChanger.obj
 0001:00000e44       ?GetCanonicalFormatEtc@?$IDataObjectImpl@VCOPOSCashChanger@@@ATL@@UEAAJPEAUtagFORMATETC@@0@Z 0000000180001e44 f i CashChanger.obj
 0001:00000e44       ?SetColorScheme@?$IOleObjectImpl@VCOPOSCashChanger@@@ATL@@UEAAJPEAUtagLOGPALETTE@@@Z 0000000180001e44 f i CashChanger.obj
 0001:00000e44       ?SOOutputCompleteDummy@COPOSCashChanger@@MEAAJJ@Z 0000000180001e44 f i CashChanger.obj
 0001:00000e44       ?GetRect@?$IViewObjectExImpl@VCOPOSCashChanger@@@ATL@@UEAAJKPEAU_RECTL@@@Z 0000000180001e44 f i CashChanger.obj
 0001:00000e44       ?SOErrorDummy@COPOSCashChanger@@MEAAJJJJPEAJ@Z 0000000180001e44 f i CashChanger.obj
 0001:00000e44       ?QueryGetData@?$IDataObjectImpl@VCOPOSCashChanger@@@ATL@@UEAAJPEAUtagFORMATETC@@@Z 0000000180001e44 f i CashChanger.obj
 0001:00000e44       ?QueryInterface@CRegObject@ATL@@UEAAJAEBU_GUID@@PEAPEAX@Z 0000000180001e44 f i CashChanger.obj
 0001:00000e44       ?SetData@?$IDataObjectImpl@VCOPOSCashChanger@@@ATL@@UEAAJPEAUtagFORMATETC@@PEAUtagSTGMEDIUM@@H@Z 0000000180001e44 f i CashChanger.obj
 0001:00000e44       ?GetControlInfo@?$IOleControlImpl@VCOPOSCashChanger@@@ATL@@UEAAJPEAUtagCONTROLINFO@@@Z 0000000180001e44 f i CashChanger.obj
 0001:00000e44       ?EnumFormatEtc@?$IDataObjectImpl@VCOPOSCashChanger@@@ATL@@UEAAJKPEAPEAUIEnumFORMATETC@@@Z 0000000180001e44 f i CashChanger.obj
 0001:00000e44       ?GetColorSet@?$IViewObjectExImpl@VCOPOSCashChanger@@@ATL@@UEAAJKJPEAXPEAUtagDVTARGETDEVICE@@PEAUHDC__@@PEAPEAUtagLOGPALETTE@@@Z 0000000180001e44 f i CashChanger.obj
 0001:00000e44       ?GetDataHere@?$IDataObjectImpl@VCOPOSCashChanger@@@ATL@@UEAAJPEAUtagFORMATETC@@PEAUtagSTGMEDIUM@@@Z 0000000180001e44 f i CashChanger.obj
 0001:00000e44       ?Freeze@?$IViewObjectExImpl@VCOPOSCashChanger@@@ATL@@UEAAJKJPEAXPEAK@Z 0000000180001e44 f i CashChanger.obj
 0001:00000e44       ?Unfreeze@?$IViewObjectExImpl@VCOPOSCashChanger@@@ATL@@UEAAJK@Z 0000000180001e44 f i CashChanger.obj
 0001:00000e44       ?InitFromData@?$IOleObjectImpl@VCOPOSCashChanger@@@ATL@@UEAAJPEAUIDataObject@@HK@Z 0000000180001e44 f i CashChanger.obj
 0001:00000e44       ?GetClipboardData@?$IOleObjectImpl@VCOPOSCashChanger@@@ATL@@UEAAJKPEAPEAUIDataObject@@@Z 0000000180001e44 f i CashChanger.obj
 0001:00000e44       ?GetMoniker@?$IOleObjectImpl@VCOPOSCashChanger@@@ATL@@UEAAJKKPEAPEAUIMoniker@@@Z 0000000180001e44 f i CashChanger.obj
 0001:00000e44       ?SetMoniker@?$IOleObjectImpl@VCOPOSCashChanger@@@ATL@@UEAAJKPEAUIMoniker@@@Z 0000000180001e44 f i CashChanger.obj
 0001:00000e44       ?ContextSensitiveHelp@?$IOleInPlaceActiveObjectImpl@VCOPOSCashChanger@@@ATL@@UEAAJH@Z 0000000180001e44 f i CashChanger.obj
 0001:00000e44       ?ContextSensitiveHelp@?$IOleInPlaceObjectWindowlessImpl@VCOPOSCashChanger@@@ATL@@UEAAJH@Z 0000000180001e44 f i CashChanger.obj
 0001:00000e44       ?GetDropTarget@?$IOleInPlaceObjectWindowlessImpl@VCOPOSCashChanger@@@ATL@@UEAAJPEAPEAUIDropTarget@@@Z 0000000180001e44 f i CashChanger.obj
 0001:00000e44       ?ReactivateAndUndo@?$IOleInPlaceObjectWindowlessImpl@VCOPOSCashChanger@@@ATL@@UEAAJXZ 0000000180001e44 f i CashChanger.obj
 0001:00000e44       ?OnMnemonic@?$IOleControlImpl@VCOPOSCashChanger@@@ATL@@UEAAJPEAUtagMSG@@@Z 0000000180001e44 f i CashChanger.obj
 0001:00000e4c       ?SetHostNames@?$IOleObjectImpl@VCOPOSCashChanger@@@ATL@@UEAAJPEB_W0@Z 0000000180001e4c f i CashChanger.obj
 0001:00000e4c       ?OnFrameWindowActivate@?$IOleInPlaceActiveObjectImpl@VCOPOSCashChanger@@@ATL@@UEAAJH@Z 0000000180001e4c f i CashChanger.obj
 0001:00000e4c       ?EnableModeless@?$IOleInPlaceActiveObjectImpl@VCOPOSCashChanger@@@ATL@@UEAAJH@Z 0000000180001e4c f i CashChanger.obj
 0001:00000e4c       ?GetObjectDescription@?$CComCoClass@VCOPOSCashChanger@@$1?CLSID_OPOSCashChanger@@3U_GUID@@B@ATL@@SAPEB_WXZ 0000000180001e4c f i CashChanger.obj
 0001:00000e4c       ?Update@?$IOleObjectImpl@VCOPOSCashChanger@@@ATL@@UEAAJXZ 0000000180001e4c f i CashChanger.obj
 0001:00000e4c       ?Release@CRegObject@ATL@@UEAAKXZ 0000000180001e4c f i CashChanger.obj
 0001:00000e4c       ?OnAmbientPropertyChange@?$IOleControlImpl@VCOPOSCashChanger@@@ATL@@UEAAJJ@Z 0000000180001e4c f i CashChanger.obj
 0001:00000e4c       ?GetCategoryMap@CComObjectRootBase@ATL@@SAPEBU_ATL_CATMAP_ENTRY@2@XZ 0000000180001e4c f i CashChanger.obj
 0001:00000e4c       ?SaveCompleted@?$IPersistStorageImpl@VCOPOSCashChanger@@@ATL@@UEAAJPEAUIStorage@@@Z 0000000180001e4c f i CashChanger.obj
 0001:00000e4c       ?IsUpToDate@?$IOleObjectImpl@VCOPOSCashChanger@@@ATL@@UEAAJXZ 0000000180001e4c f i CashChanger.obj
 0001:00000e4c       ?ResizeBorder@?$IOleInPlaceActiveObjectImpl@VCOPOSCashChanger@@@ATL@@UEAAJPEBUtagRECT@@PEAUIOleInPlaceUIWindow@@H@Z 0000000180001e4c f i CashChanger.obj
 0001:00000e4c       ?HandsOffStorage@?$IPersistStorageImpl@VCOPOSCashChanger@@@ATL@@UEAAJXZ 0000000180001e4c f i CashChanger.obj
 0001:00000e50       ?SetClientSite@?$IOleObjectImpl@VCOPOSCashChanger@@@ATL@@UEAAJPEAUIOleClientSite@@@Z 0000000180001e50 f i CashChanger.obj
 0001:00000e6c       ?GetClientSite@?$IOleObjectImpl@VCOPOSCashChanger@@@ATL@@UEAAJPEAPEAUIOleClientSite@@@Z 0000000180001e6c f i CashChanger.obj
 0001:00000eb4       ?Close@?$IOleObjectImpl@VCOPOSCashChanger@@@ATL@@UEAAJK@Z 0000000180001eb4 f i CashChanger.obj
 0001:00000ed0       ?DoVerb@?$IOleObjectImpl@VCOPOSCashChanger@@@ATL@@UEAAJJPEAUtagMSG@@PEAUIOleClientSite@@JPEAUHWND__@@PEBUtagRECT@@@Z 0000000180001ed0 f i CashChanger.obj
 0001:00001074       ?EnumVerbs@?$IOleObjectImpl@VCOPOSCashChanger@@@ATL@@UEAAJPEAPEAUIEnumOLEVERB@@@Z 0000000180002074 f i CashChanger.obj
 0001:00001090       ?GetUserType@?$IOleObjectImpl@VCOPOSCashChanger@@@ATL@@UEAAJKPEAPEA_W@Z 0000000180002090 f i CashChanger.obj
 0001:000010a0       ?SetExtent@?$IOleObjectImpl@VCOPOSCashChanger@@@ATL@@UEAAJKPEAUtagSIZE@@@Z 00000001800020a0 f i CashChanger.obj
 0001:000010bc       ?GetExtent@?$IOleObjectImpl@VCOPOSCashChanger@@@ATL@@UEAAJKPEAUtagSIZE@@@Z 00000001800020bc f i CashChanger.obj
 0001:000010ec       ?Advise@?$IOleObjectImpl@VCOPOSCashChanger@@@ATL@@UEAAJPEAUIAdviseSink@@PEAK@Z 00000001800020ec f i CashChanger.obj
 0001:00001148       ?Unadvise@?$IOleObjectImpl@VCOPOSCashChanger@@@ATL@@UEAAJK@Z 0000000180002148 f i CashChanger.obj
 0001:00001180       ?EnumAdvise@?$IOleObjectImpl@VCOPOSCashChanger@@@ATL@@UEAAJPEAPEAUIEnumSTATDATA@@@Z 0000000180002180 f i CashChanger.obj
 0001:000011c8       ?GetMiscStatus@?$IOleObjectImpl@VCOPOSCashChanger@@@ATL@@UEAAJKPEAK@Z 00000001800021c8 f i CashChanger.obj
 0001:000011d8       ?GetWindow@?$IOleInPlaceActiveObjectImpl@VCOPOSCashChanger@@@ATL@@UEAAJPEAPEAUHWND__@@@Z 00000001800021d8 f i CashChanger.obj
 0001:0000122c       ?TranslateAcceleratorW@?$IOleInPlaceActiveObjectImpl@VCOPOSCashChanger@@@ATL@@UEAAJPEAUtagMSG@@@Z 000000018000222c f i CashChanger.obj
 0001:00001320       ?OnDocWindowActivate@?$IOleInPlaceActiveObjectImpl@VCOPOSCashChanger@@@ATL@@UEAAJH@Z 0000000180002320 f i CashChanger.obj
 0001:0000134c       ?Draw@?$IViewObjectExImpl@VCOPOSCashChanger@@@ATL@@UEAAJKJPEAXPEAUtagDVTARGETDEVICE@@PEAUHDC__@@2PEBU_RECTL@@3P6AH_K@Z4@Z 000000018000234c f i CashChanger.obj
 0001:000013b0       ?SetAdvise@?$IViewObjectExImpl@VCOPOSCashChanger@@@ATL@@UEAAJKKPEAUIAdviseSink@@@Z 00000001800023b0 f i CashChanger.obj
 0001:00001404       ?GetAdvise@?$IViewObjectExImpl@VCOPOSCashChanger@@@ATL@@UEAAJPEAK0PEAPEAUIAdviseSink@@@Z 0000000180002404 f i CashChanger.obj
 0001:00001440       ?GetExtent@?$IViewObjectExImpl@VCOPOSCashChanger@@@ATL@@UEAAJKJPEAUtagDVTARGETDEVICE@@PEAUtagSIZE@@@Z 0000000180002440 f i CashChanger.obj
 0001:00001470       ?GetViewStatus@?$IViewObjectExImpl@VCOPOSCashChanger@@@ATL@@UEAAJPEAK@Z 0000000180002470 f i CashChanger.obj
 0001:00001484       ?QueryHitPoint@?$IViewObjectExImpl@VCOPOSCashChanger@@@ATL@@UEAAJKPEBUtagRECT@@UtagPOINT@@JPEAK@Z 0000000180002484 f i CashChanger.obj
 0001:000014c8       ?QueryHitRect@?$IViewObjectExImpl@VCOPOSCashChanger@@@ATL@@UEAAJKPEBUtagRECT@@0JPEAK@Z 00000001800024c8 f i CashChanger.obj
 0001:00001530       ?GetNaturalExtent@?$IViewObjectExImpl@VCOPOSCashChanger@@@ATL@@UEAAJKJPEAUtagDVTARGETDEVICE@@PEAUHDC__@@PEAUtagExtentInfo@@PEAUtagSIZE@@@Z 0000000180002530 f i CashChanger.obj
 0001:00001578       ?GetWindow@?$IOleInPlaceObjectWindowlessImpl@VCOPOSCashChanger@@@ATL@@UEAAJPEAPEAUHWND__@@@Z 0000000180002578 f i CashChanger.obj
 0001:000015cc       ?InPlaceDeactivate@?$IOleInPlaceObjectWindowlessImpl@VCOPOSCashChanger@@@ATL@@UEAAJXZ 00000001800025cc f i CashChanger.obj
 0001:000015e8       ?UIDeactivate@?$IOleInPlaceObjectWindowlessImpl@VCOPOSCashChanger@@@ATL@@UEAAJXZ 00000001800025e8 f i CashChanger.obj
 0001:00001604       ?SetObjectRects@?$IOleInPlaceObjectWindowlessImpl@VCOPOSCashChanger@@@ATL@@UEAAJPEBUtagRECT@@0@Z 0000000180002604 f i CashChanger.obj
 0001:00001620       ?OnWindowMessage@?$IOleInPlaceObjectWindowlessImpl@VCOPOSCashChanger@@@ATL@@UEAAJI_K_JPEA_J@Z 0000000180002620 f i CashChanger.obj
 0001:000016e8       ?EnumConnectionPoints@?$IConnectionPointContainerImpl@VCOPOSCashChanger@@@ATL@@UEAAJPEAPEAUIEnumConnectionPoints@@@Z 00000001800026e8 f i CashChanger.obj
 0001:00001934       ?FindConnectionPoint@?$IConnectionPointContainerImpl@VCOPOSCashChanger@@@ATL@@UEAAJAEBU_GUID@@PEAPEAUIConnectionPoint@@@Z 0000000180002934 f i CashChanger.obj
 0001:00001a04       ?IsDirty@?$IPersistStorageImpl@VCOPOSCashChanger@@@ATL@@UEAAJXZ 0000000180002a04 f i CashChanger.obj
 0001:00001a44       ?InitNew@?$IPersistStorageImpl@VCOPOSCashChanger@@@ATL@@UEAAJPEAUIStorage@@@Z 0000000180002a44 f i CashChanger.obj
 0001:00001a84       ?Load@?$IPersistStorageImpl@VCOPOSCashChanger@@@ATL@@UEAAJPEAUIStorage@@@Z 0000000180002a84 f i CashChanger.obj
 0001:00001b24       ?Save@?$IPersistStorageImpl@VCOPOSCashChanger@@@ATL@@UEAAJPEAUIStorage@@H@Z 0000000180002b24 f i CashChanger.obj
 0001:00001bd4       ?GetPages@?$ISpecifyPropertyPagesImpl@VCOPOSCashChanger@@@ATL@@UEAAJPEAUtagCAUUID@@@Z 0000000180002bd4 f i CashChanger.obj
 0001:00001be0       ?QuickActivate@?$IQuickActivateImpl@VCOPOSCashChanger@@@ATL@@UEAAJPEAUtagQACONTAINER@@PEAUtagQACONTROL@@@Z 0000000180002be0 f i CashChanger.obj
 0001:00001bfc       ?SetContentExtent@?$IQuickActivateImpl@VCOPOSCashChanger@@@ATL@@UEAAJPEAUtagSIZE@@@Z 0000000180002bfc f i CashChanger.obj
 0001:00001c30       ?GetContentExtent@?$IQuickActivateImpl@VCOPOSCashChanger@@@ATL@@UEAAJPEAUtagSIZE@@@Z 0000000180002c30 f i CashChanger.obj
 0001:00001c68       ?GetData@?$IDataObjectImpl@VCOPOSCashChanger@@@ATL@@UEAAJPEAUtagFORMATETC@@PEAUtagSTGMEDIUM@@@Z 0000000180002c68 f i CashChanger.obj
 0001:00001c84       ?DAdvise@?$IDataObjectImpl@VCOPOSCashChanger@@@ATL@@UEAAJPEAUtagFORMATETC@@KPEAUIAdviseSink@@PEAK@Z 0000000180002c84 f i CashChanger.obj
 0001:00001d0c       ?DUnadvise@?$IDataObjectImpl@VCOPOSCashChanger@@@ATL@@UEAAJK@Z 0000000180002d0c f i CashChanger.obj
 0001:00001d38       ?EnumDAdvise@?$IDataObjectImpl@VCOPOSCashChanger@@@ATL@@UEAAJPEAPEAUIEnumSTATDATA@@@Z 0000000180002d38 f i CashChanger.obj
 0001:00001d74       ?GetClassInfoW@?$IProvideClassInfo2Impl@$1?CLSID_OPOSCashChanger@@3U_GUID@@B$1?DIID__IOPOSCashChangerEvents@@3U2@B$1?LIBID_OposCashChanger_CCO@@3U2@B$00$0A@VCComTypeInfoHolder@ATL@@@ATL@@UEAAJPEAPEAUITypeInfo@@@Z 0000000180002d74 f i CashChanger.obj
 0001:00001dcc       ?GetGUID@?$IProvideClassInfo2Impl@$1?CLSID_OPOSCashChanger@@3U_GUID@@B$1?DIID__IOPOSCashChangerEvents@@3U2@B$1?LIBID_OposCashChanger_CCO@@3U2@B$00$0A@VCComTypeInfoHolder@ATL@@@ATL@@UEAAJKPEAU_GUID@@@Z 0000000180002dcc f i CashChanger.obj
 0001:00001e00       ?AddRef@CRegObject@ATL@@UEAAKXZ 0000000180002e00 f i CashChanger.obj
 0001:00001e00       _get_startup_argv_mode     0000000180002e00 f i LIBCMT:argv_mode.obj
 0001:00001e00       ?FAccessAllowed@?$IObjectSafetyImpl@VCOPOSCashChanger@@$02@ATL@@MEAAHXZ 0000000180002e00 f i CashChanger.obj
 0001:00001e08       ?GetInterfaceSafetyOptions@?$IObjectSafetyImpl@VCOPOSCashChanger@@$02@ATL@@UEAAJAEBU_GUID@@PEAK1@Z 0000000180002e08 f i CashChanger.obj
 0001:00001e9c       ?SetInterfaceSafetyOptions@?$IObjectSafetyImpl@VCOPOSCashChanger@@$02@ATL@@UEAAJAEBU_GUID@@KK@Z 0000000180002e9c f i CashChanger.obj
 0001:00001f40       ?_LocCPQueryInterface@?$IConnectionPointImpl@VCOPOSCashChanger@@$1?DIID__IOPOSCashChangerEvents@@3U_GUID@@BVCComDynamicUnkArray@ATL@@@ATL@@UEAAJAEBU_GUID@@PEAPEAX@Z 0000000180002f40 f i CashChanger.obj
 0001:00001f40       ?_LocCPQueryInterface@?$IConnectionPointImpl@VCOPOSCashChanger@@$1?IID_IPropertyNotifySink@@3U_GUID@@BVCComDynamicUnkArray@ATL@@@ATL@@UEAAJAEBU_GUID@@PEAPEAX@Z 0000000180002f40 f i CashChanger.obj
 0001:00001fb0       ?GetConnectionInterface@?$IConnectionPointImpl@VCOPOSCashChanger@@$1?IID_IPropertyNotifySink@@3U_GUID@@BVCComDynamicUnkArray@ATL@@@ATL@@UEAAJPEAU_GUID@@@Z 0000000180002fb0 f i CashChanger.obj
 0001:00001fcc       ?GetConnectionPointContainer@?$IConnectionPointImpl@VCOPOSCashChanger@@$1?IID_IPropertyNotifySink@@3U_GUID@@BVCComDynamicUnkArray@ATL@@@ATL@@UEAAJPEAPEAUIConnectionPointContainer@@@Z 0000000180002fcc f i CashChanger.obj
 0001:00001fec       ?Advise@?$IConnectionPointImpl@VCOPOSCashChanger@@$1?IID_IPropertyNotifySink@@3U_GUID@@BVCComDynamicUnkArray@ATL@@@ATL@@UEAAJPEAUIUnknown@@PEAK@Z 0000000180002fec f i CashChanger.obj
 0001:00001fec       ?Advise@?$IConnectionPointImpl@VCOPOSCashChanger@@$1?DIID__IOPOSCashChangerEvents@@3U_GUID@@BVCComDynamicUnkArray@ATL@@@ATL@@UEAAJPEAUIUnknown@@PEAK@Z 0000000180002fec f i CashChanger.obj
 0001:000020a8       ?Unadvise@?$IConnectionPointImpl@VCOPOSCashChanger@@$1?IID_IPropertyNotifySink@@3U_GUID@@BVCComDynamicUnkArray@ATL@@@ATL@@UEAAJK@Z 00000001800030a8 f i CashChanger.obj
 0001:000020a8       ?Unadvise@?$IConnectionPointImpl@VCOPOSCashChanger@@$1?DIID__IOPOSCashChangerEvents@@3U_GUID@@BVCComDynamicUnkArray@ATL@@@ATL@@UEAAJK@Z 00000001800030a8 f i CashChanger.obj
 0001:00002110       ?EnumConnections@?$IConnectionPointImpl@VCOPOSCashChanger@@$1?DIID__IOPOSCashChangerEvents@@3U_GUID@@BVCComDynamicUnkArray@ATL@@@ATL@@UEAAJPEAPEAUIEnumConnections@@@Z 0000000180003110 f i CashChanger.obj
 0001:00002110       ?EnumConnections@?$IConnectionPointImpl@VCOPOSCashChanger@@$1?IID_IPropertyNotifySink@@3U_GUID@@BVCComDynamicUnkArray@ATL@@@ATL@@UEAAJPEAPEAUIEnumConnections@@@Z 0000000180003110 f i CashChanger.obj
 0001:000022bc       ?GetConnectionInterface@?$IConnectionPointImpl@VCOPOSCashChanger@@$1?DIID__IOPOSCashChangerEvents@@3U_GUID@@BVCComDynamicUnkArray@ATL@@@ATL@@UEAAJPEAU_GUID@@@Z 00000001800032bc f i CashChanger.obj
 0001:000022d8       ?GetConnectionPointContainer@?$IConnectionPointImpl@VCOPOSCashChanger@@$1?DIID__IOPOSCashChangerEvents@@3U_GUID@@BVCComDynamicUnkArray@ATL@@@ATL@@UEAAJPEAPEAUIConnectionPointContainer@@@Z 00000001800032d8 f i CashChanger.obj
 0001:000022f8       ?UpdateRegistry@COPOSCashChanger@@SAJH@Z 00000001800032f8 f i CashChanger.obj
 0001:00002310       ?ProcessWindowMessage@COPOSCashChanger@@UEAAHPEAUHWND__@@I_K_JAEA_JK@Z 0000000180003310 f i CashChanger.obj
 0001:00002398       ?SOData@COPOSCashChanger@@MEAAJJ@Z 0000000180003398 f i CashChanger.obj
 0001:000023e8       ?SODirectIO@COPOSCashChanger@@MEAAJJPEAJPEAPEA_W@Z 00000001800033e8 f i CashChanger.obj
 0001:00002460       ?SOStatusUpdate@COPOSCashChanger@@MEAAJJ@Z 0000000180003460 f i CashChanger.obj
 0001:000024b0       ?Lock@CAtlModule@ATL@@UEAAJXZ 00000001800034b0 f i CashChanger.obj
 0001:000024c0       ?Unlock@CAtlModule@ATL@@UEAAJXZ 00000001800034c0 f i CashChanger.obj
 0001:000024cc       ?GetLockCount@CAtlModule@ATL@@UEAAJXZ 00000001800034cc f i CashChanger.obj
 0001:000024d0       ?GetGITPtr@CAtlModule@ATL@@UEAAJPEAPEAUIGlobalInterfaceTable@@@Z 00000001800034d0 f i CashChanger.obj
 0001:00002540       ?AddCommonRGSReplacements@?$CAtlModuleT@VCComModule@ATL@@@ATL@@UEAAJPEAUIRegistrarBase@@@Z 0000000180003540 f i CashChanger.obj
 0001:00002558       ?UpdateRegistryFromResourceD@CComModule@ATL@@UEAAJIHPEAU_ATL_REGMAP_ENTRY@2@@Z 0000000180003558 f i CashChanger.obj
 0001:00002558       ?UpdateRegistryFromResourceD@CComModule@ATL@@UEAAJPEB_WHPEAU_ATL_REGMAP_ENTRY@2@@Z 0000000180003558 f i CashChanger.obj
 0001:00002560       ?UpdateRegistryFromResource@CComModule@ATL@@UEAAJPEB_WHPEAU_ATL_REGMAP_ENTRY@2@@Z 0000000180003560 f i CashChanger.obj
 0001:00002568       ?UpdateRegistryFromResource@CComModule@ATL@@UEAAJIHPEAU_ATL_REGMAP_ENTRY@2@@Z 0000000180003568 f i CashChanger.obj
 0001:00002570       ?CreateInstance@?$CComCreator@V?$CComObjectCached@VCComClassFactory@ATL@@@ATL@@@ATL@@SAJPEAXAEBU_GUID@@PEAPEAX@Z 0000000180003570 f i CashChanger.obj
 0001:00002694       ?CreateInstance@?$CComCreator2@V?$CComCreator@V?$CComObject@VCOPOSCashChanger@@@ATL@@@ATL@@V?$CComCreator@V?$CComAggObject@VCOPOSCashChanger@@@ATL@@@2@@ATL@@SAJPEAXAEBU_GUID@@PEAPEAX@Z 0000000180003694 f i CashChanger.obj
 0001:000026a4       ??_ECComModule@ATL@@UEAAPEAXI@Z 00000001800036a4 f i CashChanger.obj
 0001:000026a4       ??_GCComModule@ATL@@UEAAPEAXI@Z 00000001800036a4 f i CashChanger.obj
 0001:000026e4       ?AddRef@?$CComObjectCached@VCComClassFactory@ATL@@@ATL@@UEAAKXZ 00000001800036e4 f i CashChanger.obj
 0001:00002710       ?Release@?$CComObjectCached@VCComClassFactory@ATL@@@ATL@@UEAAKXZ 0000000180003710 f i CashChanger.obj
 0001:00002750       ?QueryInterface@?$CComObjectCached@VCComClassFactory@ATL@@@ATL@@UEAAJAEBU_GUID@@PEAPEAX@Z 0000000180003750 f i CashChanger.obj
 0001:00002764       ??_G?$CComObjectCached@VCComClassFactory@ATL@@@ATL@@UEAAPEAXI@Z 0000000180003764 f i CashChanger.obj
 0001:00002764       ??_E?$CComObjectCached@VCComClassFactory@ATL@@@ATL@@UEAAPEAXI@Z 0000000180003764 f i CashChanger.obj
 0001:000027bc       ?Next@?$CComEnumImpl@UIEnumConnectionPoints@@$1?_GUID_b196b285_bab4_101a_b69c_00aa00341d07@@3U__s_GUID@@BPEAUIConnectionPoint@@V?$_CopyInterface@UIConnectionPoint@@@ATL@@@ATL@@UEAAJKPEAPEAUIConnectionPoint@@PEAK@Z 00000001800037bc f i CashChanger.obj
 0001:00002888       ?Skip@?$CComEnumImpl@UIEnumConnectionPoints@@$1?_GUID_b196b285_bab4_101a_b69c_00aa00341d07@@3U__s_GUID@@BPEAUIConnectionPoint@@V?$_CopyInterface@UIConnectionPoint@@@ATL@@@ATL@@UEAAJK@Z 0000000180003888 f i CashChanger.obj
 0001:000028b4       ?Reset@?$CComEnumImpl@UIEnumConnections@@$1?_GUID_b196b287_bab4_101a_b69c_00aa00341d07@@3U__s_GUID@@BUtagCONNECTDATA@@V?$_Copy@UtagCONNECTDATA@@@ATL@@@ATL@@UEAAJXZ 00000001800038b4 f i CashChanger.obj
 0001:000028b4       ?Reset@?$CComEnumImpl@UIEnumConnectionPoints@@$1?_GUID_b196b285_bab4_101a_b69c_00aa00341d07@@3U__s_GUID@@BPEAUIConnectionPoint@@V?$_CopyInterface@UIConnectionPoint@@@ATL@@@ATL@@UEAAJXZ 00000001800038b4 f i CashChanger.obj
 0001:000028c0       ?Clone@?$CComEnumImpl@UIEnumConnectionPoints@@$1?_GUID_b196b285_bab4_101a_b69c_00aa00341d07@@3U__s_GUID@@BPEAUIConnectionPoint@@V?$_CopyInterface@UIConnectionPoint@@@ATL@@@ATL@@UEAAJPEAPEAUIEnumConnectionPoints@@@Z 00000001800038c0 f i CashChanger.obj
 0001:000029ec       ?AddRef@?$CComObject@V?$CComEnum@UIEnumConnectionPoints@@$1?_GUID_b196b285_bab4_101a_b69c_00aa00341d07@@3U__s_GUID@@BPEAUIConnectionPoint@@V?$_CopyInterface@UIConnectionPoint@@@ATL@@VCComSingleThreadModel@6@@ATL@@@ATL@@UEAAKXZ 00000001800039ec f i CashChanger.obj
 0001:000029ec       ?AddRef@?$CComObject@V?$CComEnum@UIEnumConnections@@$1?_GUID_b196b287_bab4_101a_b69c_00aa00341d07@@3U__s_GUID@@BUtagCONNECTDATA@@V?$_Copy@UtagCONNECTDATA@@@ATL@@VCComSingleThreadModel@6@@ATL@@@ATL@@UEAAKXZ 00000001800039ec f i CashChanger.obj
 0001:000029f8       ?Release@?$CComObject@V?$CComEnum@UIEnumConnectionPoints@@$1?_GUID_b196b285_bab4_101a_b69c_00aa00341d07@@3U__s_GUID@@BPEAUIConnectionPoint@@V?$_CopyInterface@UIConnectionPoint@@@ATL@@VCComSingleThreadModel@6@@ATL@@@ATL@@UEAAKXZ 00000001800039f8 f i CashChanger.obj
 0001:000029f8       ?Release@?$CComObject@V?$CComEnum@UIEnumConnections@@$1?_GUID_b196b287_bab4_101a_b69c_00aa00341d07@@3U__s_GUID@@BUtagCONNECTDATA@@V?$_Copy@UtagCONNECTDATA@@@ATL@@VCComSingleThreadModel@6@@ATL@@@ATL@@UEAAKXZ 00000001800039f8 f i CashChanger.obj
 0001:00002a4c       ?QueryInterface@?$CComObject@V?$CComEnum@UIEnumConnectionPoints@@$1?_GUID_b196b285_bab4_101a_b69c_00aa00341d07@@3U__s_GUID@@BPEAUIConnectionPoint@@V?$_CopyInterface@UIConnectionPoint@@@ATL@@VCComSingleThreadModel@6@@ATL@@@ATL@@UEAAJAEBU_GUID@@PEAPEAX@Z 0000000180003a4c f i CashChanger.obj
 0001:00002a60       ??_G?$CComObject@V?$CComEnum@UIEnumConnectionPoints@@$1?_GUID_b196b285_bab4_101a_b69c_00aa00341d07@@3U__s_GUID@@BPEAUIConnectionPoint@@V?$_CopyInterface@UIConnectionPoint@@@ATL@@VCComSingleThreadModel@6@@ATL@@@ATL@@UEAAPEAXI@Z 0000000180003a60 f i CashChanger.obj
 0001:00002a60       ??_E?$CComObject@V?$CComEnum@UIEnumConnectionPoints@@$1?_GUID_b196b285_bab4_101a_b69c_00aa00341d07@@3U__s_GUID@@BPEAUIConnectionPoint@@V?$_CopyInterface@UIConnectionPoint@@@ATL@@VCComSingleThreadModel@6@@ATL@@@ATL@@UEAAPEAXI@Z 0000000180003a60 f i CashChanger.obj
 0001:00002ab8       ?AddReplacement@CRegObject@ATL@@UEAAJPEB_W0@Z 0000000180003ab8 f i CashChanger.obj
 0001:00002ae8       ?ClearReplacements@CRegObject@ATL@@UEAAJXZ 0000000180003ae8 f i CashChanger.obj
 0001:00002af4       ??_ECRegObject@ATL@@UEAAPEAXI@Z 0000000180003af4 f i CashChanger.obj
 0001:00002af4       ??_GCRegObject@ATL@@UEAAPEAXI@Z 0000000180003af4 f i CashChanger.obj
 0001:00002b74       ?AddRef@?$CComAggObject@VCOPOSCashChanger@@@ATL@@UEAAKXZ 0000000180003b74 f i CashChanger.obj
 0001:00002b80       ?Release@?$CComAggObject@VCOPOSCashChanger@@@ATL@@UEAAKXZ 0000000180003b80 f i CashChanger.obj
 0001:00002bd4       ?QueryInterface@?$CComAggObject@VCOPOSCashChanger@@@ATL@@UEAAJAEBU_GUID@@PEAPEAX@Z 0000000180003bd4 f i CashChanger.obj
 0001:00002c34       ?AddRef@?$CComContainedObject@VCOPOSCashChanger@@@ATL@@UEAAKXZ 0000000180003c34 f i CashChanger.obj
 0001:00002c44       ?Release@?$CComContainedObject@VCOPOSCashChanger@@@ATL@@UEAAKXZ 0000000180003c44 f i CashChanger.obj
 0001:00002c54       ?QueryInterface@?$CComContainedObject@VCOPOSCashChanger@@@ATL@@UEAAJAEBU_GUID@@PEAPEAX@Z 0000000180003c54 f i CashChanger.obj
 0001:00002c64       ??_E?$CComAggObject@VCOPOSCashChanger@@@ATL@@UEAAPEAXI@Z 0000000180003c64 f i CashChanger.obj
 0001:00002c64       ??_G?$CComAggObject@VCOPOSCashChanger@@@ATL@@UEAAPEAXI@Z 0000000180003c64 f i CashChanger.obj
 0001:00002cbc       ?AddRef@?$CComObject@VCOPOSCashChanger@@@ATL@@UEAAKXZ 0000000180003cbc f i CashChanger.obj
 0001:00002ccc       ?Release@?$CComObject@VCOPOSCashChanger@@@ATL@@UEAAKXZ 0000000180003ccc f i CashChanger.obj
 0001:00002d24       ?QueryInterface@?$CComObject@VCOPOSCashChanger@@@ATL@@UEAAJAEBU_GUID@@PEAPEAX@Z 0000000180003d24 f i CashChanger.obj
 0001:00002d38       ?OnDrawAdvanced@CComControlBase@ATL@@UEAAJAEAUATL_DRAWINFO@@@Z 0000000180003d38 f i CashChanger.obj
 0001:00002ec4       ?Next@?$CComEnumImpl@UIEnumConnections@@$1?_GUID_b196b287_bab4_101a_b69c_00aa00341d07@@3U__s_GUID@@BUtagCONNECTDATA@@V?$_Copy@UtagCONNECTDATA@@@ATL@@@ATL@@UEAAJKPEAUtagCONNECTDATA@@PEAK@Z 0000000180003ec4 f i CashChanger.obj
 0001:00002f98       ?Skip@?$CComEnumImpl@UIEnumConnections@@$1?_GUID_b196b287_bab4_101a_b69c_00aa00341d07@@3U__s_GUID@@BUtagCONNECTDATA@@V?$_Copy@UtagCONNECTDATA@@@ATL@@@ATL@@UEAAJK@Z 0000000180003f98 f i CashChanger.obj
 0001:00002fc4       ?Clone@?$CComEnumImpl@UIEnumConnections@@$1?_GUID_b196b287_bab4_101a_b69c_00aa00341d07@@3U__s_GUID@@BUtagCONNECTDATA@@V?$_Copy@UtagCONNECTDATA@@@ATL@@@ATL@@UEAAJPEAPEAUIEnumConnections@@@Z 0000000180003fc4 f i CashChanger.obj
 0001:000030f0       ?QueryInterface@?$CComObject@V?$CComEnum@UIEnumConnections@@$1?_GUID_b196b287_bab4_101a_b69c_00aa00341d07@@3U__s_GUID@@BUtagCONNECTDATA@@V?$_Copy@UtagCONNECTDATA@@@ATL@@VCComSingleThreadModel@6@@ATL@@@ATL@@UEAAJAEBU_GUID@@PEAPEAX@Z 00000001800040f0 f i CashChanger.obj
 0001:00003104       ??_E?$CComObject@V?$CComEnum@UIEnumConnections@@$1?_GUID_b196b287_bab4_101a_b69c_00aa00341d07@@3U__s_GUID@@BUtagCONNECTDATA@@V?$_Copy@UtagCONNECTDATA@@@ATL@@VCComSingleThreadModel@6@@ATL@@@ATL@@UEAAPEAXI@Z 0000000180004104 f i CashChanger.obj
 0001:00003104       ??_G?$CComObject@V?$CComEnum@UIEnumConnections@@$1?_GUID_b196b287_bab4_101a_b69c_00aa00341d07@@3U__s_GUID@@BUtagCONNECTDATA@@V?$_Copy@UtagCONNECTDATA@@@ATL@@VCComSingleThreadModel@6@@ATL@@@ATL@@UEAAPEAXI@Z 0000000180004104 f i CashChanger.obj
 0001:0000315c       ??_E?$CComObject@VCOPOSCashChanger@@@ATL@@W7EAAPEAXI@Z 000000018000415c f i CashChanger.obj
 0001:00003168       ??_E?$CComObject@VCOPOSCashChanger@@@ATL@@WHA@EAAPEAXI@Z 0000000180004168 f i CashChanger.obj
 0001:00003174       ?QueryInterface@?$CComObject@VCOPOSCashChanger@@@ATL@@WLI@EAAJAEBU_GUID@@PEAPEAX@Z 0000000180004174 f i CashChanger.obj
 0001:00003180       ?AddRef@?$CComObject@VCOPOSCashChanger@@@ATL@@WLI@EAAKXZ 0000000180004180 f i CashChanger.obj
 0001:0000318c       ?Release@?$CComObject@VCOPOSCashChanger@@@ATL@@WLI@EAAKXZ 000000018000418c f i CashChanger.obj
 0001:00003198       ?QueryInterface@?$CComObject@VCOPOSCashChanger@@@ATL@@WMA@EAAJAEBU_GUID@@PEAPEAX@Z 0000000180004198 f i CashChanger.obj
 0001:000031a4       ?AddRef@?$CComObject@VCOPOSCashChanger@@@ATL@@WMA@EAAKXZ 00000001800041a4 f i CashChanger.obj
 0001:000031b0       ?Release@?$CComObject@VCOPOSCashChanger@@@ATL@@WMA@EAAKXZ 00000001800041b0 f i CashChanger.obj
 0001:000031bc       ?QueryInterface@?$CComObject@VCOPOSCashChanger@@@ATL@@WMI@EAAJAEBU_GUID@@PEAPEAX@Z 00000001800041bc f i CashChanger.obj
 0001:000031c8       ?AddRef@?$CComObject@VCOPOSCashChanger@@@ATL@@WMI@EAAKXZ 00000001800041c8 f i CashChanger.obj
 0001:000031d4       ?Release@?$CComObject@VCOPOSCashChanger@@@ATL@@WMI@EAAKXZ 00000001800041d4 f i CashChanger.obj
 0001:000031e0       ?QueryInterface@?$CComObject@VCOPOSCashChanger@@@ATL@@WNA@EAAJAEBU_GUID@@PEAPEAX@Z 00000001800041e0 f i CashChanger.obj
 0001:000031ec       ?AddRef@?$CComObject@VCOPOSCashChanger@@@ATL@@WNA@EAAKXZ 00000001800041ec f i CashChanger.obj
 0001:000031f8       ?Release@?$CComObject@VCOPOSCashChanger@@@ATL@@WNA@EAAKXZ 00000001800041f8 f i CashChanger.obj
 0001:00003204       ?QueryInterface@?$CComObject@VCOPOSCashChanger@@@ATL@@WNI@EAAJAEBU_GUID@@PEAPEAX@Z 0000000180004204 f i CashChanger.obj
 0001:00003210       ?AddRef@?$CComObject@VCOPOSCashChanger@@@ATL@@WNI@EAAKXZ 0000000180004210 f i CashChanger.obj
 0001:0000321c       ?Release@?$CComObject@VCOPOSCashChanger@@@ATL@@WNI@EAAKXZ 000000018000421c f i CashChanger.obj
 0001:00003228       ?QueryInterface@?$CComObject@VCOPOSCashChanger@@@ATL@@WOA@EAAJAEBU_GUID@@PEAPEAX@Z 0000000180004228 f i CashChanger.obj
 0001:00003234       ?AddRef@?$CComObject@VCOPOSCashChanger@@@ATL@@WOA@EAAKXZ 0000000180004234 f i CashChanger.obj
 0001:00003240       ?Release@?$CComObject@VCOPOSCashChanger@@@ATL@@WOA@EAAKXZ 0000000180004240 f i CashChanger.obj
 0001:0000324c       ?QueryInterface@?$CComObject@VCOPOSCashChanger@@@ATL@@WOI@EAAJAEBU_GUID@@PEAPEAX@Z 000000018000424c f i CashChanger.obj
 0001:00003258       ?AddRef@?$CComObject@VCOPOSCashChanger@@@ATL@@WOI@EAAKXZ 0000000180004258 f i CashChanger.obj
 0001:00003264       ?Release@?$CComObject@VCOPOSCashChanger@@@ATL@@WOI@EAAKXZ 0000000180004264 f i CashChanger.obj
 0001:00003270       ?QueryInterface@?$CComObject@VCOPOSCashChanger@@@ATL@@WPA@EAAJAEBU_GUID@@PEAPEAX@Z 0000000180004270 f i CashChanger.obj
 0001:0000327c       ?AddRef@?$CComObject@VCOPOSCashChanger@@@ATL@@WPA@EAAKXZ 000000018000427c f i CashChanger.obj
 0001:00003288       ?Release@?$CComObject@VCOPOSCashChanger@@@ATL@@WPA@EAAKXZ 0000000180004288 f i CashChanger.obj
 0001:00003294       ?QueryInterface@?$CComObject@VCOPOSCashChanger@@@ATL@@WPI@EAAJAEBU_GUID@@PEAPEAX@Z 0000000180004294 f i CashChanger.obj
 0001:000032a0       ?AddRef@?$CComObject@VCOPOSCashChanger@@@ATL@@WPI@EAAKXZ 00000001800042a0 f i CashChanger.obj
 0001:000032ac       ?Release@?$CComObject@VCOPOSCashChanger@@@ATL@@WPI@EAAKXZ 00000001800042ac f i CashChanger.obj
 0001:000032b8       ?QueryInterface@?$CComObject@VCOPOSCashChanger@@@ATL@@WBAA@EAAJAEBU_GUID@@PEAPEAX@Z 00000001800042b8 f i CashChanger.obj
 0001:000032c4       ?AddRef@?$CComObject@VCOPOSCashChanger@@@ATL@@WBAA@EAAKXZ 00000001800042c4 f i CashChanger.obj
 0001:000032d0       ?Release@?$CComObject@VCOPOSCashChanger@@@ATL@@WBAA@EAAKXZ 00000001800042d0 f i CashChanger.obj
 0001:000032dc       ?QueryInterface@?$CComObject@VCOPOSCashChanger@@@ATL@@WBAI@EAAJAEBU_GUID@@PEAPEAX@Z 00000001800042dc f i CashChanger.obj
 0001:000032e8       ?AddRef@?$CComObject@VCOPOSCashChanger@@@ATL@@WBAI@EAAKXZ 00000001800042e8 f i CashChanger.obj
 0001:000032f4       ?Release@?$CComObject@VCOPOSCashChanger@@@ATL@@WBAI@EAAKXZ 00000001800042f4 f i CashChanger.obj
 0001:00003300       ?QueryInterface@?$CComObject@VCOPOSCashChanger@@@ATL@@WBBA@EAAJAEBU_GUID@@PEAPEAX@Z 0000000180004300 f i CashChanger.obj
 0001:0000330c       ?AddRef@?$CComObject@VCOPOSCashChanger@@@ATL@@WBBA@EAAKXZ 000000018000430c f i CashChanger.obj
 0001:00003318       ?Release@?$CComObject@VCOPOSCashChanger@@@ATL@@WBBA@EAAKXZ 0000000180004318 f i CashChanger.obj
 0001:00003324       ?QueryInterface@?$CComObject@VCOPOSCashChanger@@@ATL@@WBBI@EAAJAEBU_GUID@@PEAPEAX@Z 0000000180004324 f i CashChanger.obj
 0001:00003330       ?AddRef@?$CComObject@VCOPOSCashChanger@@@ATL@@WBBI@EAAKXZ 0000000180004330 f i CashChanger.obj
 0001:0000333c       ?Release@?$CComObject@VCOPOSCashChanger@@@ATL@@WBBI@EAAKXZ 000000018000433c f i CashChanger.obj
 0001:00003348       ?AddRef@?$CComObject@VCOPOSCashChanger@@@ATL@@WBCI@EAAKXZ 0000000180004348 f i CashChanger.obj
 0001:00003354       ?Release@?$CComObject@VCOPOSCashChanger@@@ATL@@WBCI@EAAKXZ 0000000180004354 f i CashChanger.obj
 0001:00003360       ?AddRef@?$CComObject@VCOPOSCashChanger@@@ATL@@WBEA@EAAKXZ 0000000180004360 f i CashChanger.obj
 0001:0000336c       ?Release@?$CComObject@VCOPOSCashChanger@@@ATL@@WBEA@EAAKXZ 000000018000436c f i CashChanger.obj
 0001:00003378       ??_E?$CComContainedObject@VCOPOSCashChanger@@@ATL@@W7EAAPEAXI@Z 0000000180004378 f i CashChanger.obj
 0001:00003384       ??_E?$CComContainedObject@VCOPOSCashChanger@@@ATL@@WHA@EAAPEAXI@Z 0000000180004384 f i CashChanger.obj
 0001:00003390       ?QueryInterface@?$CComContainedObject@VCOPOSCashChanger@@@ATL@@WLI@EAAJAEBU_GUID@@PEAPEAX@Z 0000000180004390 f i CashChanger.obj
 0001:0000339c       ?AddRef@?$CComContainedObject@VCOPOSCashChanger@@@ATL@@WLI@EAAKXZ 000000018000439c f i CashChanger.obj
 0001:000033a8       ?Release@?$CComContainedObject@VCOPOSCashChanger@@@ATL@@WLI@EAAKXZ 00000001800043a8 f i CashChanger.obj
 0001:000033b4       ?QueryInterface@?$CComContainedObject@VCOPOSCashChanger@@@ATL@@WMA@EAAJAEBU_GUID@@PEAPEAX@Z 00000001800043b4 f i CashChanger.obj
 0001:000033c0       ?AddRef@?$CComContainedObject@VCOPOSCashChanger@@@ATL@@WMA@EAAKXZ 00000001800043c0 f i CashChanger.obj
 0001:000033cc       ?Release@?$CComContainedObject@VCOPOSCashChanger@@@ATL@@WMA@EAAKXZ 00000001800043cc f i CashChanger.obj
 0001:000033d8       ?QueryInterface@?$CComContainedObject@VCOPOSCashChanger@@@ATL@@WMI@EAAJAEBU_GUID@@PEAPEAX@Z 00000001800043d8 f i CashChanger.obj
 0001:000033e4       ?AddRef@?$CComContainedObject@VCOPOSCashChanger@@@ATL@@WMI@EAAKXZ 00000001800043e4 f i CashChanger.obj
 0001:000033f0       ?Release@?$CComContainedObject@VCOPOSCashChanger@@@ATL@@WMI@EAAKXZ 00000001800043f0 f i CashChanger.obj
 0001:000033fc       ?QueryInterface@?$CComContainedObject@VCOPOSCashChanger@@@ATL@@WNA@EAAJAEBU_GUID@@PEAPEAX@Z 00000001800043fc f i CashChanger.obj
 0001:00003408       ?AddRef@?$CComContainedObject@VCOPOSCashChanger@@@ATL@@WNA@EAAKXZ 0000000180004408 f i CashChanger.obj
 0001:00003414       ?Release@?$CComContainedObject@VCOPOSCashChanger@@@ATL@@WNA@EAAKXZ 0000000180004414 f i CashChanger.obj
 0001:00003420       ?QueryInterface@?$CComContainedObject@VCOPOSCashChanger@@@ATL@@WNI@EAAJAEBU_GUID@@PEAPEAX@Z 0000000180004420 f i CashChanger.obj
 0001:0000342c       ?AddRef@?$CComContainedObject@VCOPOSCashChanger@@@ATL@@WNI@EAAKXZ 000000018000442c f i CashChanger.obj
 0001:00003438       ?Release@?$CComContainedObject@VCOPOSCashChanger@@@ATL@@WNI@EAAKXZ 0000000180004438 f i CashChanger.obj
 0001:00003444       ?QueryInterface@?$CComContainedObject@VCOPOSCashChanger@@@ATL@@WOA@EAAJAEBU_GUID@@PEAPEAX@Z 0000000180004444 f i CashChanger.obj
 0001:00003450       ?AddRef@?$CComContainedObject@VCOPOSCashChanger@@@ATL@@WOA@EAAKXZ 0000000180004450 f i CashChanger.obj
 0001:0000345c       ?Release@?$CComContainedObject@VCOPOSCashChanger@@@ATL@@WOA@EAAKXZ 000000018000445c f i CashChanger.obj
 0001:00003468       ?QueryInterface@?$CComContainedObject@VCOPOSCashChanger@@@ATL@@WOI@EAAJAEBU_GUID@@PEAPEAX@Z 0000000180004468 f i CashChanger.obj
 0001:00003474       ?AddRef@?$CComContainedObject@VCOPOSCashChanger@@@ATL@@WOI@EAAKXZ 0000000180004474 f i CashChanger.obj
 0001:00003480       ?Release@?$CComContainedObject@VCOPOSCashChanger@@@ATL@@WOI@EAAKXZ 0000000180004480 f i CashChanger.obj
 0001:0000348c       ?QueryInterface@?$CComContainedObject@VCOPOSCashChanger@@@ATL@@WPA@EAAJAEBU_GUID@@PEAPEAX@Z 000000018000448c f i CashChanger.obj
 0001:00003498       ?AddRef@?$CComContainedObject@VCOPOSCashChanger@@@ATL@@WPA@EAAKXZ 0000000180004498 f i CashChanger.obj
 0001:000034a4       ?Release@?$CComContainedObject@VCOPOSCashChanger@@@ATL@@WPA@EAAKXZ 00000001800044a4 f i CashChanger.obj
 0001:000034b0       ?QueryInterface@?$CComContainedObject@VCOPOSCashChanger@@@ATL@@WPI@EAAJAEBU_GUID@@PEAPEAX@Z 00000001800044b0 f i CashChanger.obj
 0001:000034bc       ?AddRef@?$CComContainedObject@VCOPOSCashChanger@@@ATL@@WPI@EAAKXZ 00000001800044bc f i CashChanger.obj
 0001:000034c8       ?Release@?$CComContainedObject@VCOPOSCashChanger@@@ATL@@WPI@EAAKXZ 00000001800044c8 f i CashChanger.obj
 0001:000034d4       ?QueryInterface@?$CComContainedObject@VCOPOSCashChanger@@@ATL@@WBAA@EAAJAEBU_GUID@@PEAPEAX@Z 00000001800044d4 f i CashChanger.obj
 0001:000034e0       ?AddRef@?$CComContainedObject@VCOPOSCashChanger@@@ATL@@WBAA@EAAKXZ 00000001800044e0 f i CashChanger.obj
 0001:000034ec       ?Release@?$CComContainedObject@VCOPOSCashChanger@@@ATL@@WBAA@EAAKXZ 00000001800044ec f i CashChanger.obj
 0001:000034f8       ?QueryInterface@?$CComContainedObject@VCOPOSCashChanger@@@ATL@@WBAI@EAAJAEBU_GUID@@PEAPEAX@Z 00000001800044f8 f i CashChanger.obj
 0001:00003504       ?AddRef@?$CComContainedObject@VCOPOSCashChanger@@@ATL@@WBAI@EAAKXZ 0000000180004504 f i CashChanger.obj
 0001:00003510       ?Release@?$CComContainedObject@VCOPOSCashChanger@@@ATL@@WBAI@EAAKXZ 0000000180004510 f i CashChanger.obj
 0001:0000351c       ?QueryInterface@?$CComContainedObject@VCOPOSCashChanger@@@ATL@@WBBA@EAAJAEBU_GUID@@PEAPEAX@Z 000000018000451c f i CashChanger.obj
 0001:00003528       ?AddRef@?$CComContainedObject@VCOPOSCashChanger@@@ATL@@WBBA@EAAKXZ 0000000180004528 f i CashChanger.obj
 0001:00003534       ?Release@?$CComContainedObject@VCOPOSCashChanger@@@ATL@@WBBA@EAAKXZ 0000000180004534 f i CashChanger.obj
 0001:00003540       ?QueryInterface@?$CComContainedObject@VCOPOSCashChanger@@@ATL@@WBBI@EAAJAEBU_GUID@@PEAPEAX@Z 0000000180004540 f i CashChanger.obj
 0001:0000354c       ?AddRef@?$CComContainedObject@VCOPOSCashChanger@@@ATL@@WBBI@EAAKXZ 000000018000454c f i CashChanger.obj
 0001:00003558       ?Release@?$CComContainedObject@VCOPOSCashChanger@@@ATL@@WBBI@EAAKXZ 0000000180004558 f i CashChanger.obj
 0001:00003564       ?AddRef@?$CComContainedObject@VCOPOSCashChanger@@@ATL@@WBCI@EAAKXZ 0000000180004564 f i CashChanger.obj
 0001:00003570       ?Release@?$CComContainedObject@VCOPOSCashChanger@@@ATL@@WBCI@EAAKXZ 0000000180004570 f i CashChanger.obj
 0001:0000357c       ?AddRef@?$CComContainedObject@VCOPOSCashChanger@@@ATL@@WBEA@EAAKXZ 000000018000457c f i CashChanger.obj
 0001:00003588       ?Release@?$CComContainedObject@VCOPOSCashChanger@@@ATL@@WBEA@EAAKXZ 0000000180004588 f i CashChanger.obj
 0001:00003594       ?CreateInstance@CComClassFactory@ATL@@UEAAJPEAUIUnknown@@AEBU_GUID@@PEAPEAX@Z 0000000180004594 f i CashChanger.obj
 0001:000035f4       ?LockServer@CComClassFactory@ATL@@UEAAJH@Z 00000001800045f4 f i CashChanger.obj
 0001:00003618       ??_ECComClassFactory@ATL@@UEAAPEAXI@Z 0000000180004618 f i CashChanger.obj
 0001:00003618       ??_GCComClassFactory@ATL@@UEAAPEAXI@Z 0000000180004618 f i CashChanger.obj
 0001:00003668       ??$AtlModuleRegisterWndClassInfoT@VAtlModuleRegisterWndClassInfoParamW@ATL@@@ATL@@YAGPEAU_ATL_BASE_MODULE70@0@PEAU_ATL_WIN_MODULE70@0@PEAU_ATL_WNDCLASSINFOW@0@PEAP6A_JPEAUHWND__@@I_K_J@ZVAtlModuleRegisterWndClassInfoParamW@0@@Z 0000000180004668 f i CashChanger.obj
 0001:00003868       ??0?$CComContainedObject@VCOPOSCashChanger@@@ATL@@QEAA@PEAX@Z 0000000180004868 f i CashChanger.obj
 0001:00003984       ??0?$CComObject@VCOPOSCashChanger@@@ATL@@QEAA@PEAX@Z 0000000180004984 f i CashChanger.obj
 0001:00003a9c       ??0CAtlModule@ATL@@QEAA@XZ 0000000180004a9c f i CashChanger.obj
 0001:00003b10       ??1?$CComEnumImpl@UIEnumConnectionPoints@@$1?_GUID_b196b285_bab4_101a_b69c_00aa00341d07@@3U__s_GUID@@BPEAUIConnectionPoint@@V?$_CopyInterface@UIConnectionPoint@@@ATL@@@ATL@@UEAA@XZ 0000000180004b10 f i CashChanger.obj
 0001:00003b6c       ??1?$CComEnumImpl@UIEnumConnections@@$1?_GUID_b196b287_bab4_101a_b69c_00aa00341d07@@3U__s_GUID@@BUtagCONNECTDATA@@V?$_Copy@UtagCONNECTDATA@@@ATL@@@ATL@@UEAA@XZ 0000000180004b6c f i CashChanger.obj
 0001:00003bc8       ??1?$CComObject@VCOPOSCashChanger@@@ATL@@UEAA@XZ 0000000180004bc8 f i CashChanger.obj
 0001:00003ce8       ??_G?$CComContainedObject@VCOPOSCashChanger@@@ATL@@UEAAPEAXI@Z 0000000180004ce8 f i CashChanger.obj
 0001:00003ce8       ??_E?$CComContainedObject@VCOPOSCashChanger@@@ATL@@UEAAPEAXI@Z 0000000180004ce8 f i CashChanger.obj
 0001:00003d1c       ??_E?$CComObject@VCOPOSCashChanger@@@ATL@@UEAAPEAXI@Z 0000000180004d1c f i CashChanger.obj
 0001:00003d1c       ??_G?$CComObject@VCOPOSCashChanger@@@ATL@@UEAAPEAXI@Z 0000000180004d1c f i CashChanger.obj
 0001:00003d50       ?Add@?$CSimpleArray@GV?$CSimpleArrayEqualHelper@G@ATL@@@ATL@@QEAAHAEBG@Z 0000000180004d50 f i CashChanger.obj
 0001:00003e04       ?Add@?$CSimpleMap@PEA_WPEA_WVCExpansionVectorEqualHelper@ATL@@@ATL@@QEAAHAEBQEA_W0@Z 0000000180004e04 f i CashChanger.obj
 0001:00003ea4       ?Add@CComDynamicUnkArray@ATL@@QEAAKPEAUIUnknown@@@Z 0000000180004ea4 f i CashChanger.obj
 0001:00003f90       ?Add@CExpansionVector@ATL@@QEAAHPEB_W0@Z 0000000180004f90 f i CashChanger.obj
 0001:000040c4       ?AddTermFunc@CAtlModule@ATL@@QEAAJP6AX_K@Z0@Z 00000001800050c4 f i CashChanger.obj
 0001:00004160       ?AddValue@CRegParser@ATL@@IEAAJAEAVCRegKey@2@PEB_WPEA_W@Z 0000000180005160 f i CashChanger.obj
 0001:000045a8       ?AllocateHeap@?$CTempBuffer@E$0BAA@VCCRTAllocator@ATL@@@ATL@@AEAAX_K@Z 00000001800055a8 f i CashChanger.obj
 0001:000045a8       ?AllocateHeap@?$CTempBuffer@_W$0BAA@VCCRTAllocator@ATL@@@ATL@@AEAAX_K@Z 00000001800055a8 f i CashChanger.obj
 0001:000045a8       ?AllocateHeap@?$CTempBuffer@_W$0EAA@VCCRTAllocator@ATL@@@ATL@@AEAAX_K@Z 00000001800055a8 f i CashChanger.obj
 0001:000045d4       ?Append@CParseBuffer@CRegParser@ATL@@QEAAHPEB_WH@Z 00000001800055d4 f i CashChanger.obj
 0001:0000471c       ?AtlComModuleGetClassObject@ATL@@YAJPEAU_ATL_COM_MODULE70@1@AEBU_GUID@@1PEAPEAX@Z 000000018000571c f i CashChanger.obj
 0001:0000485c       ?AtlComModuleRegisterServer@ATL@@YAJPEAU_ATL_COM_MODULE70@1@HPEBU_GUID@@@Z 000000018000585c f i CashChanger.obj
 0001:0000491c       ?AtlComModuleUnregisterServer@ATL@@YAJPEAU_ATL_COM_MODULE70@1@HPEBU_GUID@@@Z 000000018000591c f i CashChanger.obj
 0001:000049d8       ?AtlHiMetricToPixel@ATL@@YAXPEBUtagSIZE@@PEAU2@@Z 00000001800059d8 f i CashChanger.obj
 0001:00004a88       ?AtlHresultFromLastError@ATL@@YAJXZ 0000000180005a88 f i CashChanger.obj
 0001:00004aa8       ?AtlHresultFromWin32@ATL@@YAJK@Z 0000000180005aa8 f i CashChanger.obj
 0001:00004ab8       ?AtlInternalOleLoadFromStream@ATL@@YAJPEAUIStream@@AEBU_GUID@@PEAPEAXTClassesAllowedInStream@1@K@Z 0000000180005ab8 f i CashChanger.obj
 0001:00004bfc       ?AtlInternalQueryInterface@ATL@@YAJPEAXPEBU_ATL_INTMAP_ENTRY@1@AEBU_GUID@@PEAPEAX@Z 0000000180005bfc f i CashChanger.obj
 0001:00004d04       ?AtlLoadTypeLib@ATL@@YAJPEAUHINSTANCE__@@PEB_WPEAPEA_WPEAPEAUITypeLib@@@Z 0000000180005d04 f i CashChanger.obj
 0001:00004f60       ?AtlRegisterClassCategoriesHelper@ATL@@YAJAEBU_GUID@@PEBU_ATL_CATMAP_ENTRY@1@H@Z 0000000180005f60 f i CashChanger.obj
 0001:000053e4       ?AtlRegisterTypeLib@ATL@@YAJPEAUHINSTANCE__@@PEB_W@Z 00000001800063e4 f i CashChanger.obj
 0001:000055e0       ?AtlThrowImpl@ATL@@YAXJ@Z  00000001800065e0 f i CashChanger.obj
 0001:00005604       ?AtlUnRegisterTypeLib@ATL@@YAJPEAUHINSTANCE__@@PEB_W@Z 0000000180006604 f i CashChanger.obj
 0001:000056cc       ?AtlWinModuleExtractCreateWndData@ATL@@YAPEAXPEAU_ATL_WIN_MODULE70@1@@Z 00000001800066cc f i CashChanger.obj
 0001:00005758       ?Cleanup@CComTypeInfoHolder@ATL@@SAX_K@Z 0000000180006758 f i CashChanger.obj
 0001:00005798       ?ClearReplacements@CExpansionVector@ATL@@QEAAJXZ 0000000180006798 f i CashChanger.obj
 0001:00005834       ?CreateInstance@?$CComCreator@V?$CComAggObject@VCOPOSCashChanger@@@ATL@@@ATL@@SAJPEAXAEBU_GUID@@PEAPEAX@Z 0000000180006834 f i CashChanger.obj
 0001:00005918       ?CreateInstance@?$CComCreator@V?$CComObject@VCOPOSCashChanger@@@ATL@@@ATL@@SAJPEAXAEBU_GUID@@PEAPEAX@Z 0000000180006918 f i CashChanger.obj
 0001:000059cc       ?CreateInstance@?$CComObject@V?$CComEnum@UIEnumConnectionPoints@@$1?_GUID_b196b285_bab4_101a_b69c_00aa00341d07@@3U__s_GUID@@BPEAUIConnectionPoint@@V?$_CopyInterface@UIConnectionPoint@@@ATL@@VCComSingleThreadModel@6@@ATL@@@ATL@@SAJPEAPEAV12@@Z 00000001800069cc f i CashChanger.obj
 0001:00005a5c       ?CreateInstance@?$CComObject@V?$CComEnum@UIEnumConnections@@$1?_GUID_b196b287_bab4_101a_b69c_00aa00341d07@@3U__s_GUID@@BUtagCONNECTDATA@@V?$_Copy@UtagCONNECTDATA@@@ATL@@VCComSingleThreadModel@6@@ATL@@@ATL@@SAJPEAPEAV12@@Z 0000000180006a5c f i CashChanger.obj
 0001:00005aec       ?DefaultReflectionHandler@?$CWindowImplRoot@VCWindow@ATL@@@ATL@@SAHPEAUHWND__@@I_K_JAEA_J@Z 0000000180006aec f i CashChanger.obj
 0001:00005b50       ?DeleteSubKey@CRegKey@ATL@@QEAAJPEB_W@Z 0000000180006b50 f i CashChanger.obj
 0001:00005be8       ?DoEvent@COPOSCashChanger@@IEAAXI_K_J@Z 0000000180006be8 f i CashChanger.obj
 0001:00005c9c       ?DoVerbPrimary@?$IOleObjectImpl@VCOPOSCashChanger@@@ATL@@QEAAJPEBUtagRECT@@PEAUHWND__@@@Z 0000000180006c9c f i CashChanger.obj
 0001:00005dc8       ?DoVerbProperties@CComControlBase@ATL@@QEAAJPEBUtagRECT@@PEAUHWND__@@@Z 0000000180006dc8 f i CashChanger.obj
 0001:00005ff0       ?FireTheEvent@?$CProxy_IOPOSEvents@VCOPOSCashChanger@@@@IEAAXPEAVOposVariant@@IAEAJPEB_WJ@Z 0000000180006ff0 f i CashChanger.obj
 0001:000060dc       ?FireViewChange@CComControlBase@ATL@@QEAAJXZ 00000001800070dc f i CashChanger.obj
 0001:00006140       ?Fire_DataEvent@?$CProxy_IOPOSEvents@VCOPOSCashChanger@@@@QEAAXJ@Z 0000000180007140 f i CashChanger.obj
 0001:0000622c       ?Fire_DirectIOEvent@?$CProxy_IOPOSEvents@VCOPOSCashChanger@@@@QEAAXJPEAJPEAPEA_W@Z 000000018000722c f i CashChanger.obj
 0001:0000638c       ?Fire_StatusUpdateEvent@?$CProxy_IOPOSEvents@VCOPOSCashChanger@@@@QEAAXJ@Z 000000018000738c f i CashChanger.obj
 0001:00006478       ?FreeHeap@?$CTempBuffer@_W$0BAA@VCCRTAllocator@ATL@@@ATL@@AEAAXXZ 0000000180007478 f i CashChanger.obj
 0001:00006478       ?FreeHeap@?$CTempBuffer@E$0BAA@VCCRTAllocator@ATL@@@ATL@@AEAAXXZ 0000000180007478 f i CashChanger.obj
 0001:00006478       ?FreeHeap@?$CTempBuffer@_W$0EAA@VCCRTAllocator@ATL@@@ATL@@AEAAXXZ 0000000180007478 f i CashChanger.obj
 0001:00006480       ?GetAmbientLocaleID@CComControlBase@ATL@@QEAAJAEAK@Z 0000000180007480 f i CashChanger.obj
 0001:00006540       ?GetAmbientUserMode@CComControlBase@ATL@@QEAAJAEAH@Z 0000000180007540 f i CashChanger.obj
 0001:00006610       ?GetClassObject@CComModule@ATL@@QEAAJAEBU_GUID@@0PEAPEAX@Z 0000000180007610 f i CashChanger.obj
 0001:00006704       ?GetConnMap@COPOSCashChanger@@SAPEBU_ATL_CONNMAP_ENTRY@ATL@@PEAH@Z 0000000180007704 f i CashChanger.obj
 0001:0000678c       ?GetIDsOfNames@CComTypeInfoHolder@ATL@@QEAAJAEBU_GUID@@PEAPEA_WIKPEAJ@Z 000000018000778c f i CashChanger.obj
 0001:00006904       ?GetPagesHelper@?$ISpecifyPropertyPagesImpl@VCOPOSCashChanger@@@ATL@@IEAAJPEAUtagCAUUID@@PEBUATL_PROPMAP_ENTRY@2@@Z 0000000180007904 f i CashChanger.obj
 0001:00006aa4       ?GetSizeMax@CComVariant@ATL@@QEBAJPEAT_ULARGE_INTEGER@@@Z 0000000180007aa4 f i CashChanger.obj
 0001:00006cd4       ?GetTI@CComTypeInfoHolder@ATL@@QEAAJK@Z 0000000180007cd4 f i CashChanger.obj
 0001:00006fbc       ?GetZoomInfo@CComControlBase@ATL@@QEAAXAEAUATL_DRAWINFO@@@Z 0000000180007fbc f i CashChanger.obj
 0001:00007060       ?HKeyFromString@CRegParser@ATL@@KAPEAUHKEY__@@PEA_W@Z 0000000180008060 f i CashChanger.obj
 0001:000070c4       ?IDataObject_GetData@CComControlBase@ATL@@QEAAJPEAUtagFORMATETC@@PEAUtagSTGMEDIUM@@@Z 00000001800080c4 f i CashChanger.obj
 0001:000072b8       ?IOleInPlaceObject_InPlaceDeactivate@CComControlBase@ATL@@QEAAJXZ 00000001800082b8 f i CashChanger.obj
 0001:00007358       ?IOleInPlaceObject_SetObjectRects@CComControlBase@ATL@@QEAAJPEBUtagRECT@@0@Z 0000000180008358 f i CashChanger.obj
 0001:00007448       ?IOleInPlaceObject_UIDeactivate@CComControlBase@ATL@@QEAAJXZ 0000000180008448 f i CashChanger.obj
 0001:00007554       ?IOleObject_Close@CComControlBase@ATL@@QEAAJK@Z 0000000180008554 f i CashChanger.obj
 0001:0000766c       ?IOleObject_SetClientSite@CComControlBase@ATL@@QEAAJPEAUIOleClientSite@@@Z 000000018000866c f i CashChanger.obj
 0001:000076e4       ?IOleObject_SetExtent@CComControlBase@ATL@@QEAAJKPEAUtagSIZE@@@Z 00000001800086e4 f i CashChanger.obj
 0001:0000777c       ?IPSI_GetIPersistStreamInit@?$IPersistStorageImpl@VCOPOSCashChanger@@@ATL@@AEAAPEAUIPersistStreamInit@@XZ 000000018000877c f i CashChanger.obj
 0001:00007864       ?IPersistStreamInit_Load@?$IPersistStreamInitImpl@VCOPOSCashChanger@@@ATL@@QEAAJPEAUIStream@@PEBUATL_PROPMAP_ENTRY@2@@Z 0000000180008864 f i CashChanger.obj
 0001:00007b90       ?IPersistStreamInit_Save@?$IPersistStreamInitImpl@VCOPOSCashChanger@@@ATL@@QEAAJPEAUIStream@@HPEBUATL_PROPMAP_ENTRY@2@@Z 0000000180008b90 f i CashChanger.obj
 0001:00007e30       ?IQuickActivate_QuickActivate@CComControlBase@ATL@@QEAAJPEAUtagQACONTAINER@@PEAUtagQACONTROL@@@Z 0000000180008e30 f i CashChanger.obj
 0001:000080f4       ?IViewObject_Draw@CComControlBase@ATL@@QEAAJKJPEAXPEAUtagDVTARGETDEVICE@@PEAUHDC__@@2PEBU_RECTL@@3@Z 00000001800090f4 f i CashChanger.obj
 0001:00008208       ?InPlaceActivate@CComControlBase@ATL@@QEAAJJPEBUtagRECT@@@Z 0000000180009208 f i CashChanger.obj
 0001:0000853c       ?Init@?$CComEnumImpl@UIEnumConnectionPoints@@$1?_GUID_b196b285_bab4_101a_b69c_00aa00341d07@@3U__s_GUID@@BPEAUIConnectionPoint@@V?$_CopyInterface@UIConnectionPoint@@@ATL@@@ATL@@QEAAJPEAPEAUIConnectionPoint@@0PEAUIUnknown@@W4CComEnumFlags@2@@Z 000000018000953c f i CashChanger.obj
 0001:0000865c       ?Init@?$CComEnumImpl@UIEnumConnections@@$1?_GUID_b196b287_bab4_101a_b69c_00aa00341d07@@3U__s_GUID@@BUtagCONNECTDATA@@V?$_Copy@UtagCONNECTDATA@@@ATL@@@ATL@@QEAAJPEAUtagCONNECTDATA@@0PEAUIUnknown@@W4CComEnumFlags@2@@Z 000000018000965c f i CashChanger.obj
 0001:00008780       ?IsEqualObject@?$CComPtrBase@UIOleClientSite@@@ATL@@QEAA_NPEAUIUnknown@@@Z 0000000180009780 f i CashChanger.obj
 0001:0000880c       ?LoadNameCache@CComTypeInfoHolder@ATL@@QEAAJPEAUITypeInfo@@@Z 000000018000980c f i CashChanger.obj
 0001:0000898c       ?Lookup@?$CSimpleMap@PEA_WPEA_WVCExpansionVectorEqualHelper@ATL@@@ATL@@QEBAPEA_WAEBQEA_W@Z 000000018000998c f i CashChanger.obj
 0001:00008a14       ?NextToken@CRegParser@ATL@@IEAAJPEA_W@Z 0000000180009a14 f i CashChanger.obj
 0001:00008bcc       ?OnKillFocus@CComControlBase@ATL@@QEAA_JI_K_JAEAH@Z 0000000180009bcc f i CashChanger.obj
 0001:00008c68       ?OnMouseActivate@CComControlBase@ATL@@QEAA_JI_K_JAEAH@Z 0000000180009c68 f i CashChanger.obj
 0001:00008d08       ?OnPaint@CComControlBase@ATL@@QEAA_JI_K_JAEAH@Z 0000000180009d08 f i CashChanger.obj
 0001:00008df4       ?OnSetFocus@CComControlBase@ATL@@QEAA_JI_K_JAEAH@Z 0000000180009df4 f i CashChanger.obj
 0001:00008ef0       ?PreProcessBuffer@CRegParser@ATL@@QEAAJPEA_WPEAPEA_W@Z 0000000180009ef0 f i CashChanger.obj
 0001:0000927c       ?ProcessWindowMessage@?$CComControl@VCOPOSCashChanger@@V?$CWindowImpl@VCOPOSCashChanger@@VCWindow@ATL@@V?$CWinTraits@$0FGAAAAAA@$0A@@3@@ATL@@@ATL@@UEAAHPEAUHWND__@@I_K_JAEA_JK@Z 000000018000a27c f i CashChanger.obj
 0001:00009360       ?ReadFromStream@CComBSTR@ATL@@QEAAJPEAUIStream@@@Z 000000018000a360 f i CashChanger.obj
 0001:000094b0       ?ReadFromStream@CComVariant@ATL@@QEAAJPEAUIStream@@GTClassesAllowedInStream@2@K@Z 000000018000a4b0 f i CashChanger.obj
 0001:000096d4       ?RecurseDeleteKey@CRegKey@ATL@@QEAAJPEB_W@Z 000000018000a6d4 f i CashChanger.obj
 0001:0000982c       ?RegCreateKeyExW@CAtlTransactionManager@ATL@@QEAAJPEAUHKEY__@@PEB_WKPEA_WKKQEAU_SECURITY_ATTRIBUTES@@PEAPEAU3@PEAK@Z 000000018000a82c f i CashChanger.obj
 0001:00009960       ?RegDeleteKeyW@CAtlTransactionManager@ATL@@QEAAJPEAUHKEY__@@PEB_W@Z 000000018000a960 f i CashChanger.obj
 0001:000099ec       ?RegOpenKeyExW@CAtlTransactionManager@ATL@@QEAAJPEAUHKEY__@@PEB_WKKPEAPEAU3@@Z 000000018000a9ec f i CashChanger.obj
 0001:00009aa4       ?RegisterBuffer@CRegParser@ATL@@QEAAJPEA_WH@Z 000000018000aaa4 f i CashChanger.obj
 0001:00009c0c       ?RegisterFromResource@CRegObject@ATL@@IEAAJPEB_W00H@Z 000000018000ac0c f i CashChanger.obj
 0001:00009dc8       ?RegisterServer@CComModule@ATL@@QEAAJHPEBU_GUID@@@Z 000000018000adc8 f i CashChanger.obj
 0001:00009e88       ?RegisterSubkeys@CRegParser@ATL@@IEAAJPEA_WPEAUHKEY__@@HH@Z 000000018000ae88 f i CashChanger.obj
 0001:0000a6f4       ?SendOnDataChange@CComControlBase@ATL@@QEAAJK@Z 000000018000b6f4 f i CashChanger.obj
 0001:0000a764       ?SetControlFocus@CComControlBase@ATL@@QEAAHH@Z 000000018000b764 f i CashChanger.obj
 0001:0000a840       ?SkipAssignment@CRegParser@ATL@@IEAAJPEA_W@Z 000000018000b840 f i CashChanger.obj
 0001:0000a8e4       ?Term@CAtlModule@ATL@@QEAAXXZ 000000018000b8e4 f i CashChanger.obj
 0001:0000a964       ?Term@CComModule@ATL@@QEAAXXZ 000000018000b964 f i CashChanger.obj
 0001:0000a9e0       ?UnregisterServer@CComModule@ATL@@QEAAJHPEBU_GUID@@@Z 000000018000b9e0 f i CashChanger.obj
 0001:0000aa90       ?UpdateRegistryFromResource@CAtlModule@ATL@@QEAAJIHPEAU_ATL_REGMAP_ENTRY@2@@Z 000000018000ba90 f i CashChanger.obj
 0001:0000ad9c       ?UpdateRegistryFromResource@CAtlModule@ATL@@QEAAJPEB_WHPEAU_ATL_REGMAP_ENTRY@2@@Z 000000018000bd9c f i CashChanger.obj
 0001:0000b0c0       ?VTFromRegType@CRegParser@ATL@@KAHPEB_WAEAG@Z 000000018000c0c0 f i CashChanger.obj
 0001:0000b15c       ?WindowProc@?$CWindowImplBaseT@VCWindow@ATL@@V?$CWinTraits@$0FGAAAAAA@$0A@@2@@ATL@@SA_JPEAUHWND__@@I_K_J@Z 000000018000c15c f i CashChanger.obj
 0001:0000b2c8       ?WriteToStream@CComVariant@ATL@@QEAAJPEAUIStream@@@Z 000000018000c2c8 f i CashChanger.obj
 0001:0000b544       ?WriteToStream@CComVariant@ATL@@QEAAJPEAUIStream@@G@Z 000000018000c544 f i CashChanger.obj
 0001:0000b5dc       ?_AtlVerifyStackAvailable@_ATL_SAFE_ALLOCA_IMPL@ATL@@YA_N_K@Z 000000018000c5dc f i CashChanger.obj
 0001:0000b660       ?atlCreate@?$CWindowImpl@VCOPOSCashChanger@@VCWindow@ATL@@V?$CWinTraits@$0FGAAAAAA@$0A@@3@@ATL@@QEAAPEAUHWND__@@PEAU3@V_U_RECT@2@PEB_WKKV_U_MENUorID@2@PEAX@Z 000000018000c660 f i CashChanger.obj
 0001:0000b714       ?atlCreate@?$CWindowImplBaseT@VCWindow@ATL@@V?$CWinTraits@$0FGAAAAAA@$0A@@2@@ATL@@QEAAPEAUHWND__@@PEAU3@V_U_RECT@2@PEB_WKKV_U_MENUorID@2@GPEAX@Z 000000018000c714 f i CashChanger.obj
 0001:0000b884       ?ocscpy_s@@YA_NPEA_W_KPEB_W@Z 000000018000c884 f i CashChanger.obj
 0001:0000b934       DllCanUnloadNow            000000018000c934 f   CashChanger.obj
 0001:0000b940       DllGetClassObject          000000018000c940 f   CashChanger.obj
 0001:0000b958       DllMain                    000000018000c958 f   CashChanger.obj
 0001:0000ba00       DllRegisterServer          000000018000ca00 f   CashChanger.obj
 0001:0000ba14       DllUnregisterServer        000000018000ca14 f   CashChanger.obj
 0001:0000ba28       __local_stdio_printf_options 000000018000ca28 f i CashChanger.obj
 0001:0000ba30       swprintf_s                 000000018000ca30 f i CashChanger.obj
 0001:0000ba84       ??0COPOSCashChanger@@QEAA@XZ 000000018000ca84 f   CashChangerImpl.obj
 0001:0000bb48       ??1?$IConnectionPointImpl@VCOPOSCashChanger@@$1?IID_IPropertyNotifySink@@3U_GUID@@BVCComDynamicUnkArray@ATL@@@ATL@@QEAA@XZ 000000018000cb48 f i CashChangerImpl.obj
 0001:0000bb48       ??1?$IConnectionPointImpl@VCOPOSCashChanger@@$1?DIID__IOPOSCashChangerEvents@@3U_GUID@@BVCComDynamicUnkArray@ATL@@@ATL@@QEAA@XZ 000000018000cb48 f i CashChangerImpl.obj
 0001:0000bba4       ??1CComControlBase@ATL@@UEAA@XZ 000000018000cba4 f i CashChangerImpl.obj
 0001:0000bc20       ??1COPOSCashChanger@@UEAA@XZ 000000018000cc20 f   CashChangerImpl.obj
 0001:0000bc84       ?AdjustCashCounts@COPOSCashChanger@@UEAAJPEA_WPEAJ@Z 000000018000cc84 f   CashChangerImpl.obj
 0001:0000bd0c       ?BeginDeposit@COPOSCashChanger@@UEAAJPEAJ@Z 000000018000cd0c f   CashChangerImpl.obj
 0001:0000bd34       ?CheckHealth@COPOSCashChanger@@UEAAJJPEAJ@Z 000000018000cd34 f   CashChangerImpl.obj
 0001:0000bdb0       ?ClaimDevice@COPOSCashChanger@@UEAAJJPEAJ@Z 000000018000cdb0 f   CashChangerImpl.obj
 0001:0000be50       ?ClearInput@COPOSCashChanger@@UEAAJPEAJ@Z 000000018000ce50 f   CashChangerImpl.obj
 0001:0000be78       ?Close@COPOSCashChanger@@UEAAJPEAJ@Z 000000018000ce78 f   CashChangerImpl.obj
 0001:0000bf30       ?CompareFirmwareVersion@COPOSCashChanger@@UEAAJPEA_WPEAJ1@Z 000000018000cf30 f   CashChangerImpl.obj
 0001:0000c00c       ?DirectIO@COPOSCashChanger@@UEAAJJPEAJPEAPEA_W0@Z 000000018000d00c f   CashChangerImpl.obj
 0001:0000c108       ?DispenseCash@COPOSCashChanger@@UEAAJPEA_WPEAJ@Z 000000018000d108 f   CashChangerImpl.obj
 0001:0000c190       ?DispenseChange@COPOSCashChanger@@UEAAJJPEAJ@Z 000000018000d190 f   CashChangerImpl.obj
 0001:0000c20c       ?DoInvoke@COPOSCashChanger@@IEAAJJPEAVOposVariant@@IHPEAJ_N@Z 000000018000d20c f   CashChangerImpl.obj
 0001:0000c340       ?EndDeposit@COPOSCashChanger@@UEAAJJPEAJ@Z 000000018000d340 f   CashChangerImpl.obj
 0001:0000c3bc       ?EventInit@COPOSCashChanger@@IEAAJXZ 000000018000d3bc f i CashChangerImpl.obj
 0001:0000c504       ?EventUninit@COPOSCashChanger@@IEAAXXZ 000000018000d504 f i CashChangerImpl.obj
 0001:0000c568       ?EventWindowProc@COPOSCashChanger@@IEAA_JI_K_J@Z 000000018000d568 f i CashChangerImpl.obj
 0001:0000c678       ?FinalConstruct@COPOSCashChanger@@QEAAJXZ 000000018000d678 f   CashChangerImpl.obj
 0001:0000c6b4       ?FixDeposit@COPOSCashChanger@@UEAAJPEAJ@Z 000000018000d6b4 f   CashChangerImpl.obj
 0001:0000c6dc       ?FreezeEvents@COPOSCashChanger@@MEAAJH@Z 000000018000d6dc f   CashChangerImpl.obj
 0001:0000c750       ?GetOposProp@COPOSCashChanger@@IEAAJJPEAJJ@Z 000000018000d750 f   CashChangerImpl.obj
 0001:0000c86c       ?GetOposProp@COPOSCashChanger@@IEAAJJPEAPEA_WJ@Z 000000018000d86c f   CashChangerImpl.obj
 0001:0000c998       ?OnDraw@COPOSCashChanger@@MEAAJAEAUATL_DRAWINFO@@@Z 000000018000d998 f   CashChangerImpl.obj
 0001:0000ca84       ?Open@COPOSCashChanger@@UEAAJPEA_WPEAJ@Z 000000018000da84 f   CashChangerImpl.obj
 0001:0000d310       ?PauseDeposit@COPOSCashChanger@@UEAAJJPEAJ@Z 000000018000e310 f   CashChangerImpl.obj
 0001:0000d38c       ?ReadCashCounts@COPOSCashChanger@@UEAAJPEAPEA_WPEAFPEAJ@Z 000000018000e38c f   CashChangerImpl.obj
 0001:0000d468       ?ReleaseDevice@COPOSCashChanger@@UEAAJPEAJ@Z 000000018000e468 f   CashChangerImpl.obj
 0001:0000d4d4       ?ResetStatistics@COPOSCashChanger@@UEAAJPEA_WPEAJ@Z 000000018000e4d4 f   CashChangerImpl.obj
 0001:0000d55c       ?RetrieveStatistics@COPOSCashChanger@@UEAAJPEAPEA_WPEAJ@Z 000000018000e55c f   CashChangerImpl.obj
 0001:0000d5e4       ?SOProcessID@COPOSCashChanger@@UEAAJPEAJ@Z 000000018000e5e4 f   CashChangerImpl.obj
 0001:0000d600       ?SetCOFreezeEvents@COPOSCashChanger@@IEAAXF@Z 000000018000e600 f   CashChangerImpl.obj
 0001:0000d6e4       ?SetOposProp@COPOSCashChanger@@IEAAJJJJ@Z 000000018000e6e4 f   CashChangerImpl.obj
 0001:0000d844       ?SetOposProp@COPOSCashChanger@@IEAAJJPEA_WJ@Z 000000018000e844 f   CashChangerImpl.obj
 0001:0000d99c       ?UpdateFirmware@COPOSCashChanger@@UEAAJPEA_WPEAJ@Z 000000018000e99c f   CashChangerImpl.obj
 0001:0000da24       ?UpdateStatistics@COPOSCashChanger@@UEAAJPEA_WPEAJ@Z 000000018000ea24 f   CashChangerImpl.obj
 0001:0000daac       ?get_AsyncMode@COPOSCashChanger@@UEAAJPEAF@Z 000000018000eaac f   CashChangerImpl.obj
 0001:0000dae0       ?get_AsyncResultCode@COPOSCashChanger@@UEAAJPEAJ@Z 000000018000eae0 f   CashChangerImpl.obj
 0001:0000daf4       ?get_AsyncResultCodeExtended@COPOSCashChanger@@UEAAJPEAJ@Z 000000018000eaf4 f   CashChangerImpl.obj
 0001:0000db08       ?get_BinaryConversion@COPOSCashChanger@@UEAAJPEAJ@Z 000000018000eb08 f   CashChangerImpl.obj
 0001:0000db1c       ?get_CapCompareFirmwareVersion@COPOSCashChanger@@UEAAJPEAF@Z 000000018000eb1c f   CashChangerImpl.obj
 0001:0000db50       ?get_CapDeposit@COPOSCashChanger@@UEAAJPEAF@Z 000000018000eb50 f   CashChangerImpl.obj
 0001:0000db84       ?get_CapDepositDataEvent@COPOSCashChanger@@UEAAJPEAF@Z 000000018000eb84 f   CashChangerImpl.obj
 0001:0000dbb8       ?get_CapDiscrepancy@COPOSCashChanger@@UEAAJPEAF@Z 000000018000ebb8 f   CashChangerImpl.obj
 0001:0000dbec       ?get_CapEmptySensor@COPOSCashChanger@@UEAAJPEAF@Z 000000018000ebec f   CashChangerImpl.obj
 0001:0000dc20       ?get_CapFullSensor@COPOSCashChanger@@UEAAJPEAF@Z 000000018000ec20 f   CashChangerImpl.obj
 0001:0000dc54       ?get_CapJamSensor@COPOSCashChanger@@UEAAJPEAF@Z 000000018000ec54 f   CashChangerImpl.obj
 0001:0000dc88       ?get_CapNearEmptySensor@COPOSCashChanger@@UEAAJPEAF@Z 000000018000ec88 f   CashChangerImpl.obj
 0001:0000dcbc       ?get_CapNearFullSensor@COPOSCashChanger@@UEAAJPEAF@Z 000000018000ecbc f   CashChangerImpl.obj
 0001:0000dcf0       ?get_CapPauseDeposit@COPOSCashChanger@@UEAAJPEAF@Z 000000018000ecf0 f   CashChangerImpl.obj
 0001:0000dd24       ?get_CapPowerReporting@COPOSCashChanger@@UEAAJPEAJ@Z 000000018000ed24 f   CashChangerImpl.obj
 0001:0000dd38       ?get_CapRealTimeData@COPOSCashChanger@@UEAAJPEAF@Z 000000018000ed38 f   CashChangerImpl.obj
 0001:0000dd6c       ?get_CapRepayDeposit@COPOSCashChanger@@UEAAJPEAF@Z 000000018000ed6c f   CashChangerImpl.obj
 0001:0000dda0       ?get_CapStatisticsReporting@COPOSCashChanger@@UEAAJPEAF@Z 000000018000eda0 f   CashChangerImpl.obj
 0001:0000ddd4       ?get_CapUpdateFirmware@COPOSCashChanger@@UEAAJPEAF@Z 000000018000edd4 f   CashChangerImpl.obj
 0001:0000de08       ?get_CapUpdateStatistics@COPOSCashChanger@@UEAAJPEAF@Z 000000018000ee08 f   CashChangerImpl.obj
 0001:0000de3c       ?get_CheckHealthText@COPOSCashChanger@@UEAAJPEAPEA_W@Z 000000018000ee3c f   CashChangerImpl.obj
 0001:0000de50       ?get_Claimed@COPOSCashChanger@@UEAAJPEAF@Z 000000018000ee50 f   CashChangerImpl.obj
 0001:0000de84       ?get_ControlObjectDescription@COPOSCashChanger@@UEAAJPEAPEA_W@Z 000000018000ee84 f   CashChangerImpl.obj
 0001:0000dee8       ?get_ControlObjectVersion@COPOSCashChanger@@UEAAJPEAJ@Z 000000018000eee8 f   CashChangerImpl.obj
 0001:0000def4       ?get_CurrencyCashList@COPOSCashChanger@@UEAAJPEAPEA_W@Z 000000018000eef4 f   CashChangerImpl.obj
 0001:0000df08       ?get_CurrencyCode@COPOSCashChanger@@UEAAJPEAPEA_W@Z 000000018000ef08 f   CashChangerImpl.obj
 0001:0000df1c       ?get_CurrencyCodeList@COPOSCashChanger@@UEAAJPEAPEA_W@Z 000000018000ef1c f   CashChangerImpl.obj
 0001:0000df30       ?get_CurrentExit@COPOSCashChanger@@UEAAJPEAJ@Z 000000018000ef30 f   CashChangerImpl.obj
 0001:0000df44       ?get_CurrentService@COPOSCashChanger@@UEAAJPEAJ@Z 000000018000ef44 f   CashChangerImpl.obj
 0001:0000df58       ?get_DataCount@COPOSCashChanger@@UEAAJPEAJ@Z 000000018000ef58 f   CashChangerImpl.obj
 0001:0000df6c       ?get_DataEventEnabled@COPOSCashChanger@@UEAAJPEAF@Z 000000018000ef6c f   CashChangerImpl.obj
 0001:0000dfa0       ?get_DepositAmount@COPOSCashChanger@@UEAAJPEAJ@Z 000000018000efa0 f   CashChangerImpl.obj
 0001:0000dfb4       ?get_DepositCashList@COPOSCashChanger@@UEAAJPEAPEA_W@Z 000000018000efb4 f   CashChangerImpl.obj
 0001:0000dfc8       ?get_DepositCodeList@COPOSCashChanger@@UEAAJPEAPEA_W@Z 000000018000efc8 f   CashChangerImpl.obj
 0001:0000dfdc       ?get_DepositCounts@COPOSCashChanger@@UEAAJPEAPEA_W@Z 000000018000efdc f   CashChangerImpl.obj
 0001:0000dff0       ?get_DepositStatus@COPOSCashChanger@@UEAAJPEAJ@Z 000000018000eff0 f   CashChangerImpl.obj
 0001:0000e004       ?get_DeviceDescription@COPOSCashChanger@@UEAAJPEAPEA_W@Z 000000018000f004 f   CashChangerImpl.obj
 0001:0000e018       ?get_DeviceEnabled@COPOSCashChanger@@UEAAJPEAF@Z 000000018000f018 f   CashChangerImpl.obj
 0001:0000e04c       ?get_DeviceExits@COPOSCashChanger@@UEAAJPEAJ@Z 000000018000f04c f   CashChangerImpl.obj
 0001:0000e060       ?get_DeviceName@COPOSCashChanger@@UEAAJPEAPEA_W@Z 000000018000f060 f   CashChangerImpl.obj
 0001:0000e074       ?get_DeviceStatus@COPOSCashChanger@@UEAAJPEAJ@Z 000000018000f074 f   CashChangerImpl.obj
 0001:0000e088       ?get_ExitCashList@COPOSCashChanger@@UEAAJPEAPEA_W@Z 000000018000f088 f   CashChangerImpl.obj
 0001:0000e09c       ?get_FreezeEvents@COPOSCashChanger@@UEAAJPEAF@Z 000000018000f09c f   CashChangerImpl.obj
 0001:0000e0cc       ?get_FullStatus@COPOSCashChanger@@UEAAJPEAJ@Z 000000018000f0cc f   CashChangerImpl.obj
 0001:0000e0e0       ?get_OpenResult@COPOSCashChanger@@UEAAJPEAJ@Z 000000018000f0e0 f   CashChangerImpl.obj
 0001:0000e0ec       ?get_PowerNotify@COPOSCashChanger@@UEAAJPEAJ@Z 000000018000f0ec f   CashChangerImpl.obj
 0001:0000e100       ?get_PowerState@COPOSCashChanger@@UEAAJPEAJ@Z 000000018000f100 f   CashChangerImpl.obj
 0001:0000e114       ?get_RealTimeDataEnabled@COPOSCashChanger@@UEAAJPEAF@Z 000000018000f114 f   CashChangerImpl.obj
 0001:0000e148       ?get_ResultCode@COPOSCashChanger@@UEAAJPEAJ@Z 000000018000f148 f   CashChangerImpl.obj
 0001:0000e184       ?get_ResultCodeExtended@COPOSCashChanger@@UEAAJPEAJ@Z 000000018000f184 f   CashChangerImpl.obj
 0001:0000e198       ?get_ServiceCount@COPOSCashChanger@@UEAAJPEAJ@Z 000000018000f198 f   CashChangerImpl.obj
 0001:0000e1ac       ?get_ServiceIndex@COPOSCashChanger@@UEAAJPEAJ@Z 000000018000f1ac f   CashChangerImpl.obj
 0001:0000e1c0       ?get_ServiceObjectDescription@COPOSCashChanger@@UEAAJPEAPEA_W@Z 000000018000f1c0 f   CashChangerImpl.obj
 0001:0000e1d4       ?get_ServiceObjectVersion@COPOSCashChanger@@UEAAJPEAJ@Z 000000018000f1d4 f   CashChangerImpl.obj
 0001:0000e1e8       ?get_State@COPOSCashChanger@@UEAAJPEAJ@Z 000000018000f1e8 f   CashChangerImpl.obj
 0001:0000e214       ?put_AsyncMode@COPOSCashChanger@@UEAAJF@Z 000000018000f214 f   CashChangerImpl.obj
 0001:0000e230       ?put_BinaryConversion@COPOSCashChanger@@UEAAJJ@Z 000000018000f230 f   CashChangerImpl.obj
 0001:0000e244       ?put_CurrencyCode@COPOSCashChanger@@UEAAJPEA_W@Z 000000018000f244 f   CashChangerImpl.obj
 0001:0000e258       ?put_CurrentExit@COPOSCashChanger@@UEAAJJ@Z 000000018000f258 f   CashChangerImpl.obj
 0001:0000e26c       ?put_CurrentService@COPOSCashChanger@@UEAAJJ@Z 000000018000f26c f   CashChangerImpl.obj
 0001:0000e280       ?put_DataEventEnabled@COPOSCashChanger@@UEAAJF@Z 000000018000f280 f   CashChangerImpl.obj
 0001:0000e298       ?put_DeviceEnabled@COPOSCashChanger@@UEAAJF@Z 000000018000f298 f   CashChangerImpl.obj
 0001:0000e2b0       ?put_FreezeEvents@COPOSCashChanger@@UEAAJF@Z 000000018000f2b0 f   CashChangerImpl.obj
 0001:0000e300       ?put_PowerNotify@COPOSCashChanger@@UEAAJJ@Z 000000018000f300 f   CashChangerImpl.obj
 0001:0000e314       ?put_RealTimeDataEnabled@COPOSCashChanger@@UEAAJF@Z 000000018000f314 f   CashChangerImpl.obj
 0001:0000e330       ?s_EventWindowProc@COPOSCashChanger@@KA_JPEAUHWND__@@I_K_J@Z 000000018000f330 f i CashChangerImpl.obj
 0001:0000e3ac       ??_U@YAPEAX_K@Z            000000018000f3ac f   LIBCMT:new_array.obj
 0001:0000e3b4       ??3@YAXPEAX_K@Z            000000018000f3b4 f   LIBCMT:delete_scalar_size.obj
 0001:0000e3b4       ??_V@YAXPEAX@Z             000000018000f3b4 f   LIBCMT:delete_array.obj
 0001:0000e3bc       ??_V@YAXPEAX_K@Z           000000018000f3bc f   LIBCMT:delete_array_size.obj
 0001:0000e3c4       __scrt_acquire_startup_lock 000000018000f3c4 f   LIBCMT:utility.obj
 0001:0000e400       __scrt_dllmain_after_initialize_c 000000018000f400 f   LIBCMT:utility.obj
 0001:0000e434       __scrt_dllmain_before_initialize_c 000000018000f434 f   LIBCMT:utility.obj
 0001:0000e44c       __scrt_dllmain_crt_thread_attach 000000018000f44c f   LIBCMT:utility.obj
 0001:0000e474       __scrt_dllmain_crt_thread_detach 000000018000f474 f   LIBCMT:utility.obj
 0001:0000e48c       __scrt_dllmain_exception_filter 000000018000f48c f   LIBCMT:utility.obj
 0001:0000e4ec       __scrt_dllmain_uninitialize_c 000000018000f4ec f   LIBCMT:utility.obj
 0001:0000e51c       __scrt_dllmain_uninitialize_critical 000000018000f51c f   LIBCMT:utility.obj
 0001:0000e530       __scrt_initialize_crt      000000018000f530 f   LIBCMT:utility.obj
 0001:0000e57c       __scrt_initialize_onexit_tables 000000018000f57c f   LIBCMT:utility.obj
 0001:0000e608       __scrt_is_nonwritable_in_current_image 000000018000f608 f   LIBCMT:utility.obj
 0001:0000e6a0       __scrt_release_startup_lock 000000018000f6a0 f   LIBCMT:utility.obj
 0001:0000e6c4       __scrt_uninitialize_crt    000000018000f6c4 f   LIBCMT:utility.obj
 0001:0000e6f0       _onexit                    000000018000f6f0 f   LIBCMT:utility.obj
 0001:0000e72c       atexit                     000000018000f72c f   LIBCMT:utility.obj
 0001:0000e744       ??3@YAXPEAX@Z              000000018000f744 f   LIBCMT:delete_scalar.obj
 0001:0000e844       _Init_thread_footer        000000018000f844 f   LIBCMT:thread_safe_statics.obj
 0001:0000e8a4       _Init_thread_header        000000018000f8a4 f   LIBCMT:thread_safe_statics.obj
 0001:0000e90c       _Init_thread_notify        000000018000f90c f   LIBCMT:thread_safe_statics.obj
 0001:0000e950       _Init_thread_wait          000000018000f950 f   LIBCMT:thread_safe_statics.obj
 0001:0000e9b4       __raise_securityfailure    000000018000f9b4 f   LIBCMT:gs_report.obj
 0001:0000e9e8       __report_gsfailure         000000018000f9e8 f   LIBCMT:gs_report.obj
 0001:0000eabc       __report_rangecheckfailure 000000018000fabc f   LIBCMT:gs_report.obj
 0001:0000ead0       __report_securityfailure   000000018000fad0 f   LIBCMT:gs_report.obj
 0001:0000ec50       ??2@YAPEAX_KAEBUnothrow_t@std@@@Z 000000018000fc50 f   LIBCMT:new_scalar_nothrow.obj
 0001:0000ec64       ??_U@YAPEAX_KAEBUnothrow_t@std@@@Z 000000018000fc64 f   LIBCMT:new_array_nothrow.obj
 0001:0000ec6c       __GSHandlerCheck           000000018000fc6c f   LIBCMT:gshandler.obj
 0001:0000ec8c       __GSHandlerCheckCommon     000000018000fc8c f   LIBCMT:gshandler.obj
 0001:0000ece8       __GSHandlerCheck_SEH       000000018000fce8 f   LIBCMT:gshandlerseh.obj
 0001:0000ed80       _alloca_probe              000000018000fd80 f   LIBCMT:chkstk.obj
 0001:0000ed80       __chkstk                   000000018000fd80 f   LIBCMT:chkstk.obj
 0001:0000edf0       __security_check_cookie    000000018000fdf0 f   LIBCMT:amdsecgs.obj
 0001:0000f134       _DllMainCRTStartup         0000000180010134 f   LIBCMT:dll_dllmain.obj
 0001:0000f174       ??2@YAPEAX_K@Z             0000000180010174 f   LIBCMT:new_scalar.obj
 0001:0000f1b0       __isa_available_init       00000001800101b0 f   LIBCMT:cpu_disp.obj
 0001:0000f354       __scrt_is_ucrt_dll_in_use  0000000180010354 f   LIBCMT:ucrt_detection.obj
 0001:0000f360       __crt_debugger_hook        0000000180010360 f   LIBCMT:utility_desktop.obj
 0001:0000f368       __scrt_fastfail            0000000180010368 f   LIBCMT:utility_desktop.obj
 0001:0000f4b4       __security_init_cookie     00000001800104b4 f   LIBCMT:gs_support.obj
 0001:0000f560       ?__scrt_initialize_type_info@@YAXXZ 0000000180010560 f   LIBCMT:tncleanup.obj
 0001:0000f570       ?__scrt_uninitialize_type_info@@YAXXZ 0000000180010570 f   LIBCMT:tncleanup.obj
 0001:0000f57c       __local_stdio_scanf_options 000000018001057c f i LIBCMT:default_local_stdio_options.obj
 0001:0000f584       __scrt_initialize_default_local_stdio_options 0000000180010584 f   LIBCMT:default_local_stdio_options.obj
 0001:0000f5a0       __scrt_get_dyn_tls_init_callback 00000001800105a0 f   LIBCMT:dyn_tls_init.obj
 0001:0000f5a8       _RTC_Initialize            00000001800105a8 f   LIBCMT:initsect.obj
 0001:0000f5e4       _RTC_Terminate             00000001800105e4 f   LIBCMT:initsect.obj
 0001:0000f620       ??0bad_alloc@std@@QEAA@AEBV01@@Z 0000000180010620 f i LIBCMT:throw_bad_alloc.obj
 0001:0000f65c       ??0bad_alloc@std@@QEAA@XZ  000000018001065c f i LIBCMT:throw_bad_alloc.obj
 0001:0000f67c       ??0bad_array_new_length@std@@QEAA@AEBV01@@Z 000000018001067c f i LIBCMT:throw_bad_alloc.obj
[...]
 0002:0000c79c       $unwind$terminate          000000018002f79c     libucrt:terminate.obj
 0002:0000c7bc       $unwind$??$parse_integer@KV?$c_string_character_source@_W@__crt_strtox@@@__crt_strtox@@YAKQEAU__crt_locale_pointers@@V?$c_string_character_source@_W@0@H_N@Z 000000018002f7bc     libucrt:atox.obj
 0002:0000c7d8       $xdatasym                  000000018002f7d8     libucrt:strncmp.obj
 0002:0000c7dc       $unwind$?construct_ptd_array@@YAXQEAU__acrt_ptd@@@Z 000000018002f7dc     libucrt:per_thread_data.obj
 0002:0000c7e4       $unwind$?destroy_ptd_array@@YAXQEAU__acrt_ptd@@@Z 000000018002f7e4     libucrt:per_thread_data.obj
 0002:0000c7ec       $unwind$??$?RV<lambda_0ae27a3a962d80f24befdcbee591983d>@@AEAV<lambda_8d0ee55de4b1038c4002e0adecdf1839>@@V<lambda_dc504788e8f1664fe9b84e20bfb512f2>@@@?$__crt_seh_guarded_call@X@@QEAAX$$QEAV<lambda_0ae27a3a962d80f24befdcbee591983d>@@AEAV<lambda_8d0ee55de4b1038c4002e0adecdf1839>@@$$QEAV<lambda_dc504788e8f1664fe9b84e20bfb512f2>@@@Z 000000018002f7ec     libucrt:per_thread_data.obj
 0002:0000c810       $unwind$??$?RV<lambda_aa87e3671a710a21b5dc78c0bdf72e11>@@AEAV<lambda_92619d2358a28f41a33ba319515a20b9>@@V<lambda_6992ecaafeb10aed2b74cb1fae11a551>@@@?$__crt_seh_guarded_call@X@@QEAAX$$QEAV<lambda_aa87e3671a710a21b5dc78c0bdf72e11>@@AEAV<lambda_92619d2358a28f41a33ba319515a20b9>@@$$QEAV<lambda_6992ecaafeb10aed2b74cb1fae11a551>@@@Z 000000018002f810     libucrt:per_thread_data.obj
 0002:0000c834       $unwind$??$?RV<lambda_f2e299630e499de9f9a165e60fcd3db5>@@AEAV<lambda_2ae9d31cdba2644fcbeaf08da7c24588>@@V<lambda_40d01ff24d0e7b3814fdbdcee8eab3c7>@@@?$__crt_seh_guarded_call@X@@QEAAX$$QEAV<lambda_f2e299630e499de9f9a165e60fcd3db5>@@AEAV<lambda_2ae9d31cdba2644fcbeaf08da7c24588>@@$$QEAV<lambda_40d01ff24d0e7b3814fdbdcee8eab3c7>@@@Z 000000018002f834     libucrt:per_thread_data.obj
 0002:0000c858       $unwind$??$?RV<lambda_2d41944a1d46af3157314b8a01080d33>@@AEAV<lambda_8f455de75cd7d7f24b4096f044d8b9e6>@@V<lambda_aa500f224e6afead328df44964fe2772>@@@?$__crt_seh_guarded_call@X@@QEAAX$$QEAV<lambda_2d41944a1d46af3157314b8a01080d33>@@AEAV<lambda_8f455de75cd7d7f24b4096f044d8b9e6>@@$$QEAV<lambda_aa500f224e6afead328df44964fe2772>@@@Z 000000018002f858     libucrt:per_thread_data.obj
 0002:0000c87c       $unwind$__acrt_initialize_winapi_thunks 000000018002f87c     libucrt:winapi_thunks.obj
 0002:0000c884       $unwind$__acrt_fp_format   000000018002f884     libucrt:cvt.obj
 0002:0000c89c       $unwind$?fp_format_e_internal@@YAHQEAD_KH_NIQEAU_strflt@@2QEAU__crt_locale_pointers@@@Z 000000018002f89c     libucrt:cvt.obj
 0002:0000c8b4       $unwind$?fp_format_a@@YAHQEBNPEAD_KQEAD2H_NIQEAU__crt_locale_pointers@@W4__acrt_rounding_mode@@@Z 000000018002f8b4     libucrt:cvt.obj
 0002:0000c8d0       $unwind$?fp_format_g@@YAHQEBNQEAD_K12H_NIQEAU__crt_locale_pointers@@@Z 000000018002f8d0     libucrt:cvt.obj
 0002:0000c8e4       $unwind$__acrt_uninitialize_locale 000000018002f8e4     libucrt:wsetlocale.obj
 0002:0000c8e4       $unwind$__acrt_get_sigabrt_handler 000000018002f8e4     libucrt:signal.obj
 0002:0000c8ec       $unwind$??$?RV<lambda_410d79af7f07d98d83a3f525b3859a53>@@AEAV<lambda_3e16ef9562a7dcce91392c22ab16ea36>@@V<lambda_38119f0e861e05405d8a144b9b982f0a>@@@?$__crt_seh_guarded_call@X@@QEAAX$$QEAV<lambda_410d79af7f07d98d83a3f525b3859a53>@@AEAV<lambda_3e16ef9562a7dcce91392c22ab16ea36>@@$$QEAV<lambda_38119f0e861e05405d8a144b9b982f0a>@@@Z 000000018002f8ec     libucrt:wsetlocale.obj
 0002:0000c914       $unwind$__acrt_initialize_lowio 000000018002f914     libucrt:ioinit.obj
 0002:0000c934       $unwind$??$common_expand_argv_wildcards@D@@YAHQEAPEADQEAPEAPEAD@Z 000000018002f934     libucrt:argv_wildcards.obj
 0002:0000c94c       $unwind$??$copy_and_add_argument_to_buffer@D@@YAHQEBD0_KAEAV?$argument_list@D@?A0x5f5c8891@@@Z 000000018002f94c     libucrt:argv_wildcards.obj
 0002:0000c968       $unwind$??$expand_argument_wildcards@D@@YAHQEAD0AEAV?$argument_list@D@?A0x5f5c8891@@@Z 000000018002f968     libucrt:argv_wildcards.obj
 0002:0000c98c       $unwind$__acrt_GetModuleFileNameA 000000018002f98c     libucrt:getmodulefilenamea.obj
 0002:0000c9a8       $unwind$_setmbcp_nolock    000000018002f9a8     libucrt:mbctype.obj
 0002:0000c9c8       $unwind$?update_thread_multibyte_data_internal@@YAPEAU__crt_multibyte_data@@QEAU__acrt_ptd@@QEAPEAU1@@Z 000000018002f9c8     libucrt:mbctype.obj
 0002:0000c9f0       $unwind$?setmbcp_internal@@YAHH_NQEAU__acrt_ptd@@QEAPEAU__crt_multibyte_data@@@Z 000000018002f9f0     libucrt:mbctype.obj
 0002:0000ca00       $unwind$?setSBUpLow@@YAXPEAU__crt_multibyte_data@@@Z 000000018002fa00     libucrt:mbctype.obj
 0002:0000ca1c       $unwind$??$?RV<lambda_efdfa57d1f175319df784efa44bb7b81>@@AEAV<lambda_5f0a4c1567f8adc6734073e5d1e1b35c>@@V<lambda_2e8a7d3640ea6ccb4c2413664c2db6fd>@@@?$__crt_seh_guarded_call@X@@QEAAX$$QEAV<lambda_efdfa57d1f175319df784efa44bb7b81>@@AEAV<lambda_5f0a4c1567f8adc6734073e5d1e1b35c>@@$$QEAV<lambda_2e8a7d3640ea6ccb4c2413664c2db6fd>@@@Z 000000018002fa1c     libucrt:mbctype.obj
 0002:0000ca40       $unwind$__acrt_WideCharToMultiByte 000000018002fa40     libucrt:widechartomultibyte.obj
 0002:0000ca4c       $unwind$raise              000000018002fa4c     libucrt:signal.obj
 0002:0000ca88       $unwind$??$?RV<lambda_450d765d439847d4c735a33c368b5fc0>@@AEAV<lambda_44731a7d0e6d81c3e6aa82d741081786>@@V<lambda_601a2a7da3b7a96e9554ac7215c4b07c>@@@?$__crt_seh_guarded_call@P6AXH@Z@@QEAAP6AXH@Z$$QEAV<lambda_450d765d439847d4c735a33c368b5fc0>@@AEAV<lambda_44731a7d0e6d81c3e6aa82d741081786>@@$$QEAV<lambda_601a2a7da3b7a96e9554ac7215c4b07c>@@@Z 000000018002fa88     libucrt:signal.obj
 0002:0000caac       $unwind$?common_flush_all@@YAH_N@Z 000000018002faac     libucrt:fflush.obj
 0002:0000cab4       $unwind$??$?RV<lambda_842d9ff0dc9ef11c61343bbaebe7f885>@@AEAV<lambda_c5860995281e5c4ce005b3de8f5874ee>@@V<lambda_d90129c13df834fdcbf8d2b88dafcf2d>@@@?$__crt_seh_guarded_call@X@@QEAAX$$QEAV<lambda_842d9ff0dc9ef11c61343bbaebe7f885>@@AEAV<lambda_c5860995281e5c4ce005b3de8f5874ee>@@$$QEAV<lambda_d90129c13df834fdcbf8d2b88dafcf2d>@@@Z 000000018002fab4     libucrt:fflush.obj
 0002:0000cad8       $unwind$??$?RV<lambda_886d6c58226a84441f68b9f2b8217b83>@@AEAV<lambda_ab61a845afdef5b7c387490eaf3616ee>@@V<lambda_f7f22ab5edc0698d5f6905b0d3f44752>@@@?$__crt_seh_guarded_call@X@@QEAAX$$QEAV<lambda_886d6c58226a84441f68b9f2b8217b83>@@AEAV<lambda_ab61a845afdef5b7c387490eaf3616ee>@@$$QEAV<lambda_f7f22ab5edc0698d5f6905b0d3f44752>@@@Z 000000018002fad8     libucrt:fflush.obj
 0002:0000cb00       $unwind$__acrt_update_thread_locale_data 000000018002fb00     libucrt:locale_refcounting.obj
 0002:0000cb24       $unwind$?__mbrtowc_utf8@__crt_mbstring@@YA_KPEA_WPEBD_KPEAU_Mbstatet@@@Z 000000018002fb24     libucrt:mbrtowc.obj
 0002:0000cb2c       $unwind$?__mbsrtowcs_utf8@__crt_mbstring@@YA_KPEA_WPEAPEBD_KPEAU_Mbstatet@@@Z 000000018002fb2c     libucrt:mbrtowc.obj
 0002:0000cb44       $unwind$__acrt_fltout      000000018002fb44     libucrt:cfout.obj
 0002:0000cb64       $unwind$?divide@__crt_strtox@@YA_KAEAUbig_integer@1@AEBU21@@Z 000000018002fb64     libucrt:cfout.obj
 0002:0000cb7c       $chain$0$?divide@__crt_strtox@@YA_KAEAUbig_integer@1@AEBU21@@Z 000000018002fb7c     libucrt:cfout.obj
 0002:0000cb90       $chain$1$?divide@__crt_strtox@@YA_KAEAUbig_integer@1@AEBU21@@Z 000000018002fb90     libucrt:cfout.obj
 0002:0000cba0       $unwind$_fcloseall         000000018002fba0     libucrt:closeall.obj
 0002:0000cbc4       $unwind$__acrt_locale_free_monetary 000000018002fbc4     libucrt:initmon.obj
 0002:0000cbcc       $unwind$__acrt_locale_free_time 000000018002fbcc     libucrt:inittime.obj
 0002:0000cbdc       $unwind$__acrt_GetStringTypeA 000000018002fbdc     libucrt:getstringtypea.obj
 0002:0000cc04       $unwind$__acrt_lowio_destroy_handle_array 000000018002fc04     libucrt:osfinfo.obj
 0002:0000cc14       $unwind$__acrt_lowio_ensure_fh_exists 000000018002fc14     libucrt:osfinfo.obj
 0002:0000cc40       $unwind$qsort              000000018002fc40     libucrt:qsort.obj
 0002:0000cc58       $chain$4$qsort             000000018002fc58     libucrt:qsort.obj
 0002:0000cc7c       $chain$5$qsort             000000018002fc7c     libucrt:qsort.obj
 0002:0000cc8c       $unwind$strpbrk            000000018002fc8c     libucrt:strpbrk.obj
 0002:0000cc9c       $unwind$fallbackMethod     000000018002fc9c     libucrt:strpbrk.obj
 0002:0000ccac       $unwind$__acrt_LCMapStringA 000000018002fcac     libucrt:lcmapstringa.obj
 0002:0000ccbc       $unwind$?__acrt_LCMapStringA_stat@@YAHPEAU__crt_locale_pointers@@PEB_WKPEBDHPEADHHH@Z 000000018002fcbc     libucrt:lcmapstringa.obj
 0002:0000cce4       $unwind$_close             000000018002fce4     libucrt:close.obj
 0002:0000cce4       $unwind$_commit            000000018002fce4     libucrt:commit.obj
 0002:0000ccec       $unwind$??$?RV<lambda_a37b2b86f63e897a80ea819b0eb08c01>@@AEAV<lambda_38ce7e780aa69e748d6df282ebc68efe>@@V<lambda_99fb1378e971ab6e7edea83e3a7a83a2>@@@?$__crt_seh_guarded_call@H@@QEAAH$$QEAV<lambda_a37b2b86f63e897a80ea819b0eb08c01>@@AEAV<lambda_38ce7e780aa69e748d6df282ebc68efe>@@$$QEAV<lambda_99fb1378e971ab6e7edea83e3a7a83a2>@@@Z 000000018002fcec     libucrt:commit.obj
 0002:0000cd10       $unwind$_write             000000018002fd10     libucrt:write.obj
 0002:0000cd40       $unwind$_write_nolock      000000018002fd40     libucrt:write.obj
 0002:0000cd58       $unwind$?write_double_translated_ansi_nolock@@YA?AUwrite_result@?A0x17268360@@HQEBDI@Z 000000018002fd58     libucrt:write.obj
 0002:0000cd7c       $unwind$?write_text_ansi_nolock@@YA?AUwrite_result@?A0x17268360@@HQEBDI@Z 000000018002fd7c     libucrt:write.obj
 0002:0000cd7c       $unwind$?write_text_utf16le_nolock@@YA?AUwrite_result@?A0x17268360@@HQEBDI@Z 000000018002fd7c     libucrt:write.obj
 0002:0000cd9c       $unwind$?write_text_utf8_nolock@@YA?AUwrite_result@?A0x17268360@@HQEBDI@Z 000000018002fd9c     libucrt:write.obj
 0002:0000cdc0       $xdatasym                  000000018002fdc0     libucrt:log10.obj
 0002:0000cdcc       $unwind$__acrt_fenv_set_control 000000018002fdcc     libucrt:_fenvutils.obj
 0002:0000cddc       $unwind$fclose             000000018002fddc     libucrt:fclose.obj
 0002:0000ce00       $unwind$_putwch_nolock     000000018002fe00     libucrt:putwch.obj
 0002:0000ce08       $unwind$common_control87   000000018002fe08     libucrt:ieee.obj
 0002:0000ce34       $unwind$_call_matherr      000000018002fe34     libucrt:libm_error.obj
 0002:0000ce3c       $unwind$_handle_error      000000018002fe3c     libucrt:libm_error.obj
 0002:0000ce5c       $unwind$__acrt_initialize_fma3 000000018002fe5c     libucrt:fma3_available.obj
 0002:0000ce64       $unwind$_log_special_common 000000018002fe64     libucrt:log_special.obj
 0002:0000ce70       $unwind$??$?RV<lambda_751a882b2c74d4b022dec766aa51a29a>@@AEAV<lambda_628dfdc04ba53c8bfc02c9951375f3f5>@@V<lambda_f6c7be5f7998530c34de24c7437d6b54>@@@?$__crt_seh_guarded_call@H@@QEAAH$$QEAV<lambda_751a882b2c74d4b022dec766aa51a29a>@@AEAV<lambda_628dfdc04ba53c8bfc02c9951375f3f5>@@$$QEAV<lambda_f6c7be5f7998530c34de24c7437d6b54>@@@Z 000000018002fe70     libucrt:close.obj
 0002:0000ce98       $xdatasym                  000000018002fe98     libucrt:fpsr.obj
 0002:0000cea0       $unwind$_raise_exc_ex      000000018002fea0     libucrt:fpexcept.obj
 0002:0000ceb4       $unwind$_ctrlfp            000000018002feb4     libucrt:fpctrl.obj
 0002:0000cedc       $unwind$_IsNonwritableInCurrentImage 000000018002fedc     LIBCMT:pesect.obj
 0002:0000d060       .edata                     0000000180030060     OPOSCashChanger.exp
 0002:0000d088       rgpv                       0000000180030088     OPOSCashChanger.exp
 0002:0000d098       rgszName                   0000000180030098     OPOSCashChanger.exp
 0002:0000d0a8       rgwOrd                     00000001800300a8     OPOSCashChanger.exp
 0002:0000d0b0       szName                     00000001800300b0     OPOSCashChanger.exp
 0002:0000d0c4       $N00001                    00000001800300c4     OPOSCashChanger.exp
 0002:0000d0d4       $N00002                    00000001800300d4     OPOSCashChanger.exp
 0002:0000d0e6       $N00003                    00000001800300e6     OPOSCashChanger.exp
 0002:0000d0f8       $N00004                    00000001800300f8     OPOSCashChanger.exp
 0002:0000da22       .idata$6                   0000000180030a22     kernel32:KERNEL32.dll
 0002:0000dc3a       .idata$6                   0000000180030c3a     user32:USER32.dll
 0002:0000dd6e       .idata$6                   0000000180030d6e     gdi32:GDI32.dll
 0002:0000de14       .idata$6                   0000000180030e14     advapi32:ADVAPI32.dll
 0002:0000df30       .idata$6                   0000000180030f30     ole32:ole32.dll
 0002:0000df3a       .idata$6                   0000000180030f3a     oleaut32:OLEAUT32.dll
 0003:000001c0       ?ObjectMap@@3PAU_ATL_OBJMAP_ENTRY30@ATL@@A 00000001800321c0     CashChanger.obj
 0003:000002d0       ?s_SOMethodNames@@3PAPEADA 00000001800322d0     CashChangerImpl.obj
 0003:000003a0       ?s_RequiredMethodsPerRelease@@3PAHA 00000001800323a0     CashChangerImpl.obj
 0003:00000400       ?__vcrt_flsindex@@3KA      0000000180032400     libvcruntime:per_thread_data.obj
 0003:00000410       ?errno_no_memory@@3HA      0000000180032410     libucrt:errno.obj
 0003:00000414       ?doserrno_no_memory@@3KA   0000000180032414     libucrt:errno.obj
 0003:00000420       ?__acrt_flsindex@@3KA      0000000180032420     libucrt:per_thread_data.obj
 0003:000008e0       _mbctypes                  00000001800328e0     libucrt:mbctype.obj
 0003:000009f0       _mbcasemaps                00000001800329f0     libucrt:mbctype.obj
 0003:00000af0       ?__rgctypeflag@@3PADA      0000000180032af0     libucrt:mbctype.obj
 0003:00000b00       ?__rgcode_page_info@@3PAUcode_page_info@@A 0000000180032b00     libucrt:mbctype.obj
 0003:00000da0       ?dazSupported@?1??common_control87@@9@9 0000000180032da0     libucrt:ieee.obj
 0003:00000db0       ?__dcrt_lowio_console_output_handle@@3PEAXEA 0000000180032db0     libucrt:initcon.obj
 0003:00000dc0       ?dazSupported@?1??_ctrlfp@@9@9 0000000180032dc0     libucrt:fpctrl.obj
 0003:00001010       ?is_initialized_as_dll@@3_NA 0000000180033010     LIBCMT:utility.obj
 0003:00001011       ?module_local_atexit_table_initialized@@3_NA 0000000180033011     LIBCMT:utility.obj
 0003:00001018       ?module_local_atexit_table@@3U_onexit_table_t@@A 0000000180033018     LIBCMT:utility.obj
 0003:00001030       ?module_local_at_quick_exit_table@@3U_onexit_table_t@@A 0000000180033030     LIBCMT:utility.obj
 0003:00001048       ?g_tss_cv@@3U_RTL_CONDITION_VARIABLE@@A 0000000180033048     LIBCMT:thread_safe_statics.obj
 0003:00001050       ?g_tss_event@@3PEAXEA      0000000180033050     LIBCMT:thread_safe_statics.obj
 0003:00001058       ?g_tss_mutex@@3U_RTL_CRITICAL_SECTION@@A 0000000180033058     LIBCMT:thread_safe_statics.obj
 0003:00001080       ?g_sleep_condition_variable_cs@@3P6AHPEAU_RTL_CONDITION_VARIABLE@@PEAU_RTL_CRITICAL_SECTION@@K@ZEA 0000000180033080     LIBCMT:thread_safe_statics.obj
 0003:00001088       ?g_wake_all_condition_variable@@3P6AXPEAU_RTL_CONDITION_VARIABLE@@@ZEA 0000000180033088     LIBCMT:thread_safe_statics.obj
 0003:00001090       GS_ExceptionRecord         0000000180033090     LIBCMT:gs_report.obj
 0003:00001130       GS_ContextRecord           0000000180033130     LIBCMT:gs_report.obj
 0003:00001604       ?__proc_attached@@3HA      0000000180033604     LIBCMT:dll_dllmain.obj
 0003:000016a8       ?AllocateData@@3P6APEAUAtlThunkData_t@@XZEA 00000001800336a8     atls:atlthunk.obj
 0003:000016b0       ?InitData@@3P6AXPEAUAtlThunkData_t@@PEAX_K@ZEA 00000001800336b0     atls:atlthunk.obj
 0003:000016b8       ?DataToCode@@3P6AP6A_JPEAUHWND__@@I_K_J@ZPEAUAtlThunkData_t@@@ZEA 00000001800336b8     atls:atlthunk.obj
 0003:000016c0       ?FreeData@@3P6AXPEAUAtlThunkData_t@@@ZEA 00000001800336c0     atls:atlthunk.obj
 0003:000016c8       ?Initialized@@3_NA         00000001800336c8     atls:atlthunk.obj
 0003:000016e0       ?__vcrt_startup_thread_ptd@@3U__vcrt_ptd@@A 00000001800336e0     libvcruntime:per_thread_data.obj
 0003:00001760       __vcrt_lock_table          0000000180033760     libvcruntime:locks.obj
 0003:00001788       __vcrt_locks_initialized   0000000180033788     libvcruntime:locks.obj
 0003:000017d0       ?heap@@3V_HeapManager@@A   00000001800337d0     libvcruntime:undname.obj
 0003:000017f8       ?module_handles@@3PAPEAUHINSTANCE__@@A 00000001800337f8     libvcruntime:winapi_downlevel.obj
 0003:00001810       ?function_pointers@@3PAPEAXA 0000000180033810     libvcruntime:winapi_downlevel.obj
 0003:00001838       ?__acrt_invalid_parameter_handler@@3V?$dual_state_global@P6AXPEB_W00I_K@Z@__crt_state_management@@A 0000000180033838     libucrt:invalid_parameter.obj
 0003:00001840       ?c_termination_complete@@3JA 0000000180033840     libucrt:exit.obj
 0003:00001848       ?thread_local_exit_callback_func@@3P6AXPEAXK0@ZEA 0000000180033848     libucrt:exit.obj
 0003:00001860       ?program_name@?1???$common_configure_argv@D@@YAHW4_crt_argv_mode@@@Z@4PADA 0000000180033860     libucrt:argv_parsing.obj
 0003:000019b8       ?__acrt_new_handler@@3V?$dual_state_global@P6AH_K@Z@__crt_state_management@@A 00000001800339b8     libucrt:new_handler.obj
 0003:000019c0       ?module_handles@@3PAPEAUHINSTANCE__@@A 00000001800339c0     libucrt:winapi_thunks.obj
 0003:00001a60       ?encoded_function_pointers@@3PAPEAXA 0000000180033a60     libucrt:winapi_thunks.obj
 0003:00001b70       ?internal_state@?1??_mbtowc_l@@9@4U_Mbstatet@@A 0000000180033b70     libucrt:mbtowc.obj
 0003:00001b88       ?enable_percent_n@@3_KA    0000000180033b88     libucrt:printf_count_output.obj
 0003:00001fc0       ?__acrt_lock_table@@3PAU_RTL_CRITICAL_SECTION@@A 0000000180033fc0     libucrt:locks.obj
 0003:000021f0       ?__acrt_locks_initialized@@3IA 00000001800341f0     libucrt:locks.obj
 0003:00002210       ?fSystemSet@@3HA           0000000180034210     libucrt:mbctype.obj
 0003:00002214       ?initialized@?1??__acrt_initialize_multibyte@@9@4_NA 0000000180034214     libucrt:mbctype.obj
 0003:00002250       ?ctrlc_action@@3V?$dual_state_global@P6AXH@Z@__crt_state_management@@A 0000000180034250     libucrt:signal.obj
 0003:00002258       ?ctrlbreak_action@@3V?$dual_state_global@P6AXH@Z@__crt_state_management@@A 0000000180034258     libucrt:signal.obj
 0003:00002260       ?abort_action@@3V?$dual_state_global@P6AXH@Z@__crt_state_management@@A 0000000180034260     libucrt:signal.obj
 0003:00002268       ?term_action@@3V?$dual_state_global@P6AXH@Z@__crt_state_management@@A 0000000180034268     libucrt:signal.obj
 0003:00002270       ?user_matherr@@3V?$dual_state_global@P6AHPEAU_exception@@@Z@__crt_state_management@@A 0000000180034270     libucrt:matherr.obj
 0003:00002278       ?__acrt_global_new_mode@@3V?$dual_state_global@J@__crt_state_management@@A 0000000180034278     libucrt:new_mode.obj
 0003:00002288       ?internal_pst@?1??__mbrtoc32_utf8@__crt_mbstring@@YA_KPEA_UPEBD_KPEAU_Mbstatet@@@Z@4U3@A 0000000180034288     libucrt:mbrtoc32.obj
 0003:00002290       ?__acrt_app_type@@3W4_crt_app_type@@A 0000000180034290     libucrt:report_runtime_error.obj
 0005:00000000       MoveSmall                  0000000180037000     libvcruntime:memcpy.obj
 0005:00000050       MsetTab                    0000000180037050     libvcruntime:memset.obj
 0006:00000220       $R000000                   0000000180038220     CashChanger.res
 0006:00000bc0       $R0009A0                   0000000180038bc0     CashChanger.res
 0006:00000ca8       $R000A88                   0000000180038ca8     CashChanger.res
 0006:00000f10       $R000CF0                   0000000180038f10     CashChanger.res
 0006:00001480       $R001260                   0000000180039480     CashChanger.res
 0006:00004f00       $R004CE0                   000000018003cf00     CashChanger.res
 0006:00004f38       $R004D18                   000000018003cf38     CashChanger.res
