 OPOSBillAcceptor

 Timestamp is 5b863c53 (Wed Aug 29 15:25:23 2018)

 Preferred load address is 0000000180000000

 Start         Length     Name                   Class
 0001:00000000 000000c0H .text$di                CODE
 0001:000000c0 0001f880H .text$mn                CODE
 0001:0001f940 00000020H .text$mn$00             CODE
 0001:0001f960 00000400H .text$x                 CODE
 0001:0001fd60 000000c0H .text$yd                CODE
 0002:00000000 00000618H .idata$5                DATA
 0002:00000618 00000010H .00cfg                  DATA
 0002:00000628 00000008H .CRT$XCA                DATA
 0002:00000630 00000008H .CRT$XCL                DATA
 0002:00000638 00000020H .CRT$XCU                DATA
 0002:00000658 00000008H .CRT$XCZ                DATA
 0002:00000660 00000008H .CRT$XIA                DATA
 0002:00000668 00000020H .CRT$XIC                DATA
 0002:00000688 00000008H .CRT$XIZ                DATA
 0002:00000690 00000008H .CRT$XLA                DATA
 0002:00000698 00000008H .CRT$XLZ                DATA
 0002:000006a0 00000008H .CRT$XPA                DATA
 0002:000006a8 00000010H .CRT$XPX                DATA
 0002:000006b8 00000008H .CRT$XPXA               DATA
 0002:000006c0 00000008H .CRT$XPZ                DATA
 0002:000006c8 00000008H .CRT$XTA                DATA
 0002:000006d0 00000010H .CRT$XTZ                DATA
 0002:000006d8 00000000H .gfids$y                DATA
 0002:000006e0 0000a0d0H .rdata                  DATA
 0002:0000a7b0 00000028H .rdata$T                DATA
 0002:0000a7d8 00000274H .rdata$r                DATA
 0002:0000aa4c 000003fcH .rdata$zzzdbg           DATA
 0002:0000ae48 00000008H .rtc$IAA                DATA
 0002:0000ae50 00000008H .rtc$IZZ                DATA
 0002:0000ae58 00000008H .rtc$TAA                DATA
 0002:0000ae60 00000008H .rtc$TZZ                DATA
 0002:0000ae68 00000004H .tls                    DATA
 0002:0000ae6c 00000004H .tls$                   DATA
 0002:0000ae70 00000008H .tls$ZZZ                DATA
 0002:0000ae78 00001690H .xdata                  DATA
 0002:0000c508 00000150H .xdata$x                DATA
 0002:0000c658 00000008H ATL$__a                 DATA
 0002:0000c660 00000010H ATL$__z                 DATA
 0002:0000c670 000000b0H .edata                  DATA
 0002:0000c720 00000078H .idata$2                DATA
 0002:0000c798 00000018H .idata$3                DATA
 0002:0000c7b0 00000618H .idata$4                DATA
 0002:0000cdc8 00000c1cH .idata$6                DATA
 0003:00000000 00000c78H .data                   DATA
 0003:00000c78 000000c8H .data$r                 DATA
 0003:00000d40 000013fcH .bss                    DATA
 0004:00000000 00001f08H .pdata                  DATA
 0005:00000000 00000220H .rsrc$01                DATA
 0005:00000220 00004090H .rsrc$02                DATA

  Address         Publics by Value              Rva+Base               Lib:Object

 0000:00000000       __hybrid_code_map_count    0000000000000000     <absolute>
 0000:00000000       __hybrid_code_map          0000000000000000     <absolute>
 0000:00000000       __guard_iat_count          0000000000000000     <absolute>
 0000:00000000       __guard_longjmp_count      0000000000000000     <absolute>
 0000:00000000       __guard_longjmp_table      0000000000000000     <absolute>
 0000:00000000       __volatile_metadata        0000000000000000     <absolute>
 0000:00000000       __guard_iat_table          0000000000000000     <absolute>
 0000:00000000       __guard_fids_count         0000000000000000     <absolute>
 0000:00000000       __enclave_config           0000000000000000     <absolute>
 0000:00000000       ___safe_se_handler_count   0000000000000000     <absolute>
 0000:00000000       ___safe_se_handler_table   0000000000000000     <absolute>
 0000:00000000       __guard_fids_table         0000000000000000     <absolute>
 0000:00000000       __hybrid_auxiliary_iat     0000000000000000     <absolute>
 0000:00000000       __dynamic_value_reloc_table 0000000000000000     <absolute>
 0000:00000100       __guard_flags              0000000000000100     <absolute>
 0000:00000000       __ImageBase                0000000180000000     <linker-defined>
 0001:000000c0       ?DupWide@_CW@@AEAAXXZ      00000001800010c0 f   CWString.obj
 0001:000000e8       ?cw_dup@@YAXPEBDAEAHAEAPEA_W1@Z 00000001800010e8 f   CWString.obj
 0001:00000194       ?cw_memcpy@@YAHPEA_WPEBDH@Z 0000000180001194 f   CWString.obj
 0001:000001e0       ?cw_strcpy@@YAHPEA_WPEBD@Z 00000001800011e0 f   CWString.obj
 0001:000001f4       ??0CAtlComModule@ATL@@QEAA@XZ 00000001800011f4 f i OposVariant.obj
 0001:0000027c       ??0CAtlWinModule@ATL@@QEAA@XZ 000000018000127c f i OposVariant.obj
 0001:000002f0       ??0OposDispParms@@QEAA@PEAVOposVariant@@H@Z 00000001800012f0 f   OposVariant.obj
 0001:00000398       ??1OposDispParms@@QEAA@XZ  0000000180001398 f   OposVariant.obj
 0001:000003b0       ??_Estringdispid@CComTypeInfoHolder@ATL@@QEAAPEAXI@Z 00000001800013b0 f i OposVariant.obj
 0001:00000454       ?AtlWinModuleTerm@ATL@@YAJPEAU_ATL_WIN_MODULE70@1@PEAUHINSTANCE__@@@Z 0000000180001454 f i OposVariant.obj
 0001:00000504       ?ChangeBSTR@OposVariant@@QEAAXPEAPEA_WAEAJ@Z 0000000180001504 f   OposVariant.obj
 0001:00000564       ?ChangeLONG@OposVariant@@QEAAXPEAJAEAJ@Z 0000000180001564 f   OposVariant.obj
 0001:000005c0       ?GetLONG@OposVariant@@QEAAJXZ 00000001800015c0 f   OposVariant.obj
 0001:000005e4       ?SetBSTR@OposVariant@@QEAAXPEA_WAEAJ@Z 00000001800015e4 f   OposVariant.obj
 0001:00000624       ?SetBSTR_Copy@OposVariant@@QEAAXPEA_WAEAJ@Z 0000000180001624 f   OposVariant.obj
 0001:00000694       ?SetBSTR_InOutPtr@OposVariant@@QEAA_NPEAPEA_WAEAJ@Z 0000000180001694 f   OposVariant.obj
 0001:000006e4       ?SetBSTR_OutPtr@OposVariant@@QEAA_NPEAPEA_WAEAJ@Z 00000001800016e4 f   OposVariant.obj
 0001:00000700       ?SetDispatch_Ptr@OposVariant@@QEAAXPEAUIDispatch@@AEAJ@Z 0000000180001700 f   OposVariant.obj
 0001:00000758       ?SetLONG@OposVariant@@QEAAXJ@Z 0000000180001758 f   OposVariant.obj
 0001:00000788       ?SetLONG_Ptr@OposVariant@@QEAAXPEAJAEAJ@Z 0000000180001788 f   OposVariant.obj
 0001:000007d4       ?SetString@OposVariant@@QEAAXPEB_WAEAJ@Z 00000001800017d4 f   OposVariant.obj
 0001:00000838       ?SetVARIANT_BOOL@OposVariant@@QEAAXF@Z 0000000180001838 f   OposVariant.obj
 0001:00000870       ?SetVARIANT_BOOL_Ptr@OposVariant@@QEAAXPEAFAEAJ@Z 0000000180001870 f   OposVariant.obj
 0001:000008bc       ?Term@CAtlComModule@ATL@@QEAAXXZ 00000001800018bc f i OposVariant.obj
 0001:0000092c       ?_AtlInitializeCriticalSectionEx@ATL@@YAHPEAU_RTL_CRITICAL_SECTION@@KK@Z 000000018000192c f i OposVariant.obj
 0001:00000934       ?_AtlRaiseException@ATL@@YAXKK@Z 0000000180001934 f i OposVariant.obj
 0001:00000944       ?CreateInstance@?$CComCreator@V?$CComObjectCached@VCComClassFactory@ATL@@@ATL@@@ATL@@SAJPEAXAEBU_GUID@@PEAPEAX@Z 0000000180001944 f i BillAcceptor.obj
 0001:00000a44       ?CreateInstance@?$CComCreator2@V?$CComCreator@V?$CComObject@VCOPOSBillAcceptor@@@ATL@@@ATL@@V?$CComCreator@V?$CComAggObject@VCOPOSBillAcceptor@@@ATL@@@2@@ATL@@SAJPEAXAEBU_GUID@@PEAPEAX@Z 0000000180001a44 f i BillAcceptor.obj
 0001:00000a54       ?GetDropTarget@?$IOleInPlaceObjectWindowlessImpl@VCOPOSBillAcceptor@@@ATL@@UEAAJPEAPEAUIDropTarget@@@Z 0000000180001a54 f i BillAcceptor.obj
 0001:00000a54       ?ReactivateAndUndo@?$IOleInPlaceObjectWindowlessImpl@VCOPOSBillAcceptor@@@ATL@@UEAAJXZ 0000000180001a54 f i BillAcceptor.obj
 0001:00000a54       ?GetRect@?$IViewObjectExImpl@VCOPOSBillAcceptor@@@ATL@@UEAAJKPEAU_RECTL@@@Z 0000000180001a54 f i BillAcceptor.obj
 0001:00000a54       ?GetColorSet@?$IViewObjectExImpl@VCOPOSBillAcceptor@@@ATL@@UEAAJKJPEAXPEAUtagDVTARGETDEVICE@@PEAUHDC__@@PEAPEAUtagLOGPALETTE@@@Z 0000000180001a54 f i BillAcceptor.obj
 0001:00000a54       ?SetData@?$IDataObjectImpl@VCOPOSBillAcceptor@@@ATL@@UEAAJPEAUtagFORMATETC@@PEAUtagSTGMEDIUM@@H@Z 0000000180001a54 f i BillAcceptor.obj
 0001:00000a54       ?QueryInterface@CRegObject@ATL@@UEAAJAEBU_GUID@@PEAPEAX@Z 0000000180001a54 f i BillAcceptor.obj
 0001:00000a54       ?SetMoniker@?$IOleObjectImpl@VCOPOSBillAcceptor@@@ATL@@UEAAJKPEAUIMoniker@@@Z 0000000180001a54 f i BillAcceptor.obj
 0001:00000a54       ?ContextSensitiveHelp@?$IOleInPlaceObjectWindowlessImpl@VCOPOSBillAcceptor@@@ATL@@UEAAJH@Z 0000000180001a54 f i BillAcceptor.obj
 0001:00000a54       ?GetCanonicalFormatEtc@?$IDataObjectImpl@VCOPOSBillAcceptor@@@ATL@@UEAAJPEAUtagFORMATETC@@0@Z 0000000180001a54 f i BillAcceptor.obj
 0001:00000a54       ?Freeze@?$IViewObjectExImpl@VCOPOSBillAcceptor@@@ATL@@UEAAJKJPEAXPEAK@Z 0000000180001a54 f i BillAcceptor.obj
 0001:00000a54       ?GetDataHere@?$IDataObjectImpl@VCOPOSBillAcceptor@@@ATL@@UEAAJPEAUtagFORMATETC@@PEAUtagSTGMEDIUM@@@Z 0000000180001a54 f i BillAcceptor.obj
 0001:00000a54       ?Unfreeze@?$IViewObjectExImpl@VCOPOSBillAcceptor@@@ATL@@UEAAJK@Z 0000000180001a54 f i BillAcceptor.obj
 0001:00000a54       ?GetMoniker@?$IOleObjectImpl@VCOPOSBillAcceptor@@@ATL@@UEAAJKKPEAPEAUIMoniker@@@Z 0000000180001a54 f i BillAcceptor.obj
 0001:00000a54       ?SOErrorDummy@COPOSBillAcceptor@@MEAAJJJJPEAJ@Z 0000000180001a54 f i BillAcceptor.obj
 0001:00000a54       ?QueryGetData@?$IDataObjectImpl@VCOPOSBillAcceptor@@@ATL@@UEAAJPEAUtagFORMATETC@@@Z 0000000180001a54 f i BillAcceptor.obj
 0001:00000a54       ?SetColorScheme@?$IOleObjectImpl@VCOPOSBillAcceptor@@@ATL@@UEAAJPEAUtagLOGPALETTE@@@Z 0000000180001a54 f i BillAcceptor.obj
 0001:00000a54       ?GetClipboardData@?$IOleObjectImpl@VCOPOSBillAcceptor@@@ATL@@UEAAJKPEAPEAUIDataObject@@@Z 0000000180001a54 f i BillAcceptor.obj
 0001:00000a54       ?SOOutputCompleteDummy@COPOSBillAcceptor@@MEAAJJ@Z 0000000180001a54 f i BillAcceptor.obj
 0001:00000a54       ?EnumFormatEtc@?$IDataObjectImpl@VCOPOSBillAcceptor@@@ATL@@UEAAJKPEAPEAUIEnumFORMATETC@@@Z 0000000180001a54 f i BillAcceptor.obj
 0001:00000a54       ?ContextSensitiveHelp@?$IOleInPlaceActiveObjectImpl@VCOPOSBillAcceptor@@@ATL@@UEAAJH@Z 0000000180001a54 f i BillAcceptor.obj
 0001:00000a54       ?OnMnemonic@?$IOleControlImpl@VCOPOSBillAcceptor@@@ATL@@UEAAJPEAUtagMSG@@@Z 0000000180001a54 f i BillAcceptor.obj
 0001:00000a54       ?InitFromData@?$IOleObjectImpl@VCOPOSBillAcceptor@@@ATL@@UEAAJPEAUIDataObject@@HK@Z 0000000180001a54 f i BillAcceptor.obj
 0001:00000a54       ?GetControlInfo@?$IOleControlImpl@VCOPOSBillAcceptor@@@ATL@@UEAAJPEAUtagCONTROLINFO@@@Z 0000000180001a54 f i BillAcceptor.obj
 0001:00000a5c       ?FAccessAllowed@?$IObjectSafetyImpl@VCOPOSBillAcceptor@@$02@ATL@@MEAAHXZ 0000000180001a5c f i BillAcceptor.obj
 0001:00000a5c       ?AddRef@CRegObject@ATL@@UEAAKXZ 0000000180001a5c f i BillAcceptor.obj
 0001:00000a64       ?OnFrameWindowActivate@?$IOleInPlaceActiveObjectImpl@VCOPOSBillAcceptor@@@ATL@@UEAAJH@Z 0000000180001a64 f i BillAcceptor.obj
 0001:00000a64       ?GetCategoryMap@CComObjectRootBase@ATL@@SAPEBU_ATL_CATMAP_ENTRY@2@XZ 0000000180001a64 f i BillAcceptor.obj
 0001:00000a64       ?OnAmbientPropertyChange@?$IOleControlImpl@VCOPOSBillAcceptor@@@ATL@@UEAAJJ@Z 0000000180001a64 f i BillAcceptor.obj
 0001:00000a64       ?EnableModeless@?$IOleInPlaceActiveObjectImpl@VCOPOSBillAcceptor@@@ATL@@UEAAJH@Z 0000000180001a64 f i BillAcceptor.obj
 0001:00000a64       ?SaveCompleted@?$IPersistStorageImpl@VCOPOSBillAcceptor@@@ATL@@UEAAJPEAUIStorage@@@Z 0000000180001a64 f i BillAcceptor.obj
 0001:00000a64       ?GetObjectDescription@?$CComCoClass@VCOPOSBillAcceptor@@$1?CLSID_OPOSBillAcceptor@@3U_GUID@@B@ATL@@SAPEB_WXZ 0000000180001a64 f i BillAcceptor.obj
 0001:00000a64       ?ResizeBorder@?$IOleInPlaceActiveObjectImpl@VCOPOSBillAcceptor@@@ATL@@UEAAJPEBUtagRECT@@PEAUIOleInPlaceUIWindow@@H@Z 0000000180001a64 f i BillAcceptor.obj
 0001:00000a64       ?Release@CRegObject@ATL@@UEAAKXZ 0000000180001a64 f i BillAcceptor.obj
 0001:00000a64       ?HandsOffStorage@?$IPersistStorageImpl@VCOPOSBillAcceptor@@@ATL@@UEAAJXZ 0000000180001a64 f i BillAcceptor.obj
 0001:00000a64       ?SetHostNames@?$IOleObjectImpl@VCOPOSBillAcceptor@@@ATL@@UEAAJPEB_W0@Z 0000000180001a64 f i BillAcceptor.obj
 0001:00000a64       ?IsUpToDate@?$IOleObjectImpl@VCOPOSBillAcceptor@@@ATL@@UEAAJXZ 0000000180001a64 f i BillAcceptor.obj
 0001:00000a64       ?Update@?$IOleObjectImpl@VCOPOSBillAcceptor@@@ATL@@UEAAJXZ 0000000180001a64 f i BillAcceptor.obj
 0001:00000a68       ?AddReplacement@CRegObject@ATL@@UEAAJPEB_W0@Z 0000000180001a68 f i BillAcceptor.obj
 0001:00000a98       ?ClearReplacements@CRegObject@ATL@@UEAAJXZ 0000000180001a98 f i BillAcceptor.obj
 0001:00000aa4       ?Next@?$CComEnumImpl@UIEnumConnectionPoints@@$1?_GUID_b196b285_bab4_101a_b69c_00aa00341d07@@3U__s_GUID@@BPEAUIConnectionPoint@@V?$_CopyInterface@UIConnectionPoint@@@ATL@@@ATL@@UEAAJKPEAPEAUIConnectionPoint@@PEAK@Z 0000000180001aa4 f i BillAcceptor.obj
 0001:00000b70       ?Skip@?$CComEnumImpl@UIEnumConnectionPoints@@$1?_GUID_b196b285_bab4_101a_b69c_00aa00341d07@@3U__s_GUID@@BPEAUIConnectionPoint@@V?$_CopyInterface@UIConnectionPoint@@@ATL@@@ATL@@UEAAJK@Z 0000000180001b70 f i BillAcceptor.obj
 0001:00000b9c       ?Reset@?$CComEnumImpl@UIEnumConnections@@$1?_GUID_b196b287_bab4_101a_b69c_00aa00341d07@@3U__s_GUID@@BUtagCONNECTDATA@@V?$_Copy@UtagCONNECTDATA@@@ATL@@@ATL@@UEAAJXZ 0000000180001b9c f i BillAcceptor.obj
 0001:00000b9c       ?Reset@?$CComEnumImpl@UIEnumConnectionPoints@@$1?_GUID_b196b285_bab4_101a_b69c_00aa00341d07@@3U__s_GUID@@BPEAUIConnectionPoint@@V?$_CopyInterface@UIConnectionPoint@@@ATL@@@ATL@@UEAAJXZ 0000000180001b9c f i BillAcceptor.obj
 0001:00000ba8       ?Clone@?$CComEnumImpl@UIEnumConnectionPoints@@$1?_GUID_b196b285_bab4_101a_b69c_00aa00341d07@@3U__s_GUID@@BPEAUIConnectionPoint@@V?$_CopyInterface@UIConnectionPoint@@@ATL@@@ATL@@UEAAJPEAPEAUIEnumConnectionPoints@@@Z 0000000180001ba8 f i BillAcceptor.obj
 0001:00000cd0       ??_GCRegObject@ATL@@UEAAPEAXI@Z 0000000180001cd0 f i BillAcceptor.obj
 0001:00000cd0       ??_ECRegObject@ATL@@UEAAPEAXI@Z 0000000180001cd0 f i BillAcceptor.obj
 0001:00000d50       ?AddRef@?$CComObject@V?$CComEnum@UIEnumConnections@@$1?_GUID_b196b287_bab4_101a_b69c_00aa00341d07@@3U__s_GUID@@BUtagCONNECTDATA@@V?$_Copy@UtagCONNECTDATA@@@ATL@@VCComSingleThreadModel@6@@ATL@@@ATL@@UEAAKXZ 0000000180001d50 f i BillAcceptor.obj
 0001:00000d50       ?AddRef@?$CComObject@V?$CComEnum@UIEnumConnectionPoints@@$1?_GUID_b196b285_bab4_101a_b69c_00aa00341d07@@3U__s_GUID@@BPEAUIConnectionPoint@@V?$_CopyInterface@UIConnectionPoint@@@ATL@@VCComSingleThreadModel@6@@ATL@@@ATL@@UEAAKXZ 0000000180001d50 f i BillAcceptor.obj
 0001:00000d5c       ?Release@?$CComObject@V?$CComEnum@UIEnumConnectionPoints@@$1?_GUID_b196b285_bab4_101a_b69c_00aa00341d07@@3U__s_GUID@@BPEAUIConnectionPoint@@V?$_CopyInterface@UIConnectionPoint@@@ATL@@VCComSingleThreadModel@6@@ATL@@@ATL@@UEAAKXZ 0000000180001d5c f i BillAcceptor.obj
 0001:00000d5c       ?Release@?$CComObject@V?$CComEnum@UIEnumConnections@@$1?_GUID_b196b287_bab4_101a_b69c_00aa00341d07@@3U__s_GUID@@BUtagCONNECTDATA@@V?$_Copy@UtagCONNECTDATA@@@ATL@@VCComSingleThreadModel@6@@ATL@@@ATL@@UEAAKXZ 0000000180001d5c f i BillAcceptor.obj
 0001:00000db0       ?QueryInterface@?$CComObject@V?$CComEnum@UIEnumConnectionPoints@@$1?_GUID_b196b285_bab4_101a_b69c_00aa00341d07@@3U__s_GUID@@BPEAUIConnectionPoint@@V?$_CopyInterface@UIConnectionPoint@@@ATL@@VCComSingleThreadModel@6@@ATL@@@ATL@@UEAAJAEBU_GUID@@PEAPEAX@Z 0000000180001db0 f i BillAcceptor.obj
 0001:00000dc4       ??_G?$CComObject@V?$CComEnum@UIEnumConnectionPoints@@$1?_GUID_b196b285_bab4_101a_b69c_00aa00341d07@@3U__s_GUID@@BPEAUIConnectionPoint@@V?$_CopyInterface@UIConnectionPoint@@@ATL@@VCComSingleThreadModel@6@@ATL@@@ATL@@UEAAPEAXI@Z 0000000180001dc4 f i BillAcceptor.obj
 0001:00000dc4       ??_E?$CComObject@V?$CComEnum@UIEnumConnectionPoints@@$1?_GUID_b196b285_bab4_101a_b69c_00aa00341d07@@3U__s_GUID@@BPEAUIConnectionPoint@@V?$_CopyInterface@UIConnectionPoint@@@ATL@@VCComSingleThreadModel@6@@ATL@@@ATL@@UEAAPEAXI@Z 0000000180001dc4 f i BillAcceptor.obj
 0001:00000e1c       ?AddRef@?$CComObjectCached@VCComClassFactory@ATL@@@ATL@@UEAAKXZ 0000000180001e1c f i BillAcceptor.obj
 0001:00000e48       ?Release@?$CComObjectCached@VCComClassFactory@ATL@@@ATL@@UEAAKXZ 0000000180001e48 f i BillAcceptor.obj
 0001:00000e88       ?QueryInterface@?$CComObjectCached@VCComClassFactory@ATL@@@ATL@@UEAAJAEBU_GUID@@PEAPEAX@Z 0000000180001e88 f i BillAcceptor.obj
 0001:00000e9c       ??_E?$CComObjectCached@VCComClassFactory@ATL@@@ATL@@UEAAPEAXI@Z 0000000180001e9c f i BillAcceptor.obj
 0001:00000e9c       ??_G?$CComObjectCached@VCComClassFactory@ATL@@@ATL@@UEAAPEAXI@Z 0000000180001e9c f i BillAcceptor.obj
 0001:00000ef4       ?AddRef@?$CComAggObject@VCOPOSBillAcceptor@@@ATL@@UEAAKXZ 0000000180001ef4 f i BillAcceptor.obj
 0001:00000f00       ?Release@?$CComAggObject@VCOPOSBillAcceptor@@@ATL@@UEAAKXZ 0000000180001f00 f i BillAcceptor.obj
 0001:00000f54       ?QueryInterface@?$CComAggObject@VCOPOSBillAcceptor@@@ATL@@UEAAJAEBU_GUID@@PEAPEAX@Z 0000000180001f54 f i BillAcceptor.obj
 0001:00000fb4       ?AddRef@?$CComContainedObject@VCOPOSBillAcceptor@@@ATL@@UEAAKXZ 0000000180001fb4 f i BillAcceptor.obj
 0001:00000fc4       ?Release@?$CComContainedObject@VCOPOSBillAcceptor@@@ATL@@UEAAKXZ 0000000180001fc4 f i BillAcceptor.obj
 0001:00000fd4       ?QueryInterface@?$CComContainedObject@VCOPOSBillAcceptor@@@ATL@@UEAAJAEBU_GUID@@PEAPEAX@Z 0000000180001fd4 f i BillAcceptor.obj
 0001:00000fe4       ??_E?$CComAggObject@VCOPOSBillAcceptor@@@ATL@@UEAAPEAXI@Z 0000000180001fe4 f i BillAcceptor.obj
 0001:00000fe4       ??_G?$CComAggObject@VCOPOSBillAcceptor@@@ATL@@UEAAPEAXI@Z 0000000180001fe4 f i BillAcceptor.obj
 0001:0000103c       ?AddRef@?$CComObject@VCOPOSBillAcceptor@@@ATL@@UEAAKXZ 000000018000203c f i BillAcceptor.obj
 0001:0000104c       ?Release@?$CComObject@VCOPOSBillAcceptor@@@ATL@@UEAAKXZ 000000018000204c f i BillAcceptor.obj
 0001:000010a4       ?QueryInterface@?$CComObject@VCOPOSBillAcceptor@@@ATL@@UEAAJAEBU_GUID@@PEAPEAX@Z 00000001800020a4 f i BillAcceptor.obj
 0001:000010b8       ?OnDrawAdvanced@CComControlBase@ATL@@UEAAJAEAUATL_DRAWINFO@@@Z 00000001800020b8 f i BillAcceptor.obj
 0001:000011d8       ?OnFinalMessage@?$CWindowImplBaseT@VCWindow@ATL@@V?$CWinTraits@$0FGAAAAAA@$0A@@2@@ATL@@UEAAXPEAUHWND__@@@Z 00000001800021d8 f i BillAcceptor.obj
 0001:000011d8       ?ObjectMain@CComObjectRootBase@ATL@@SAX_N@Z 00000001800021d8 f i BillAcceptor.obj
 0001:000011dc       ?Next@?$CComEnumImpl@UIEnumConnections@@$1?_GUID_b196b287_bab4_101a_b69c_00aa00341d07@@3U__s_GUID@@BUtagCONNECTDATA@@V?$_Copy@UtagCONNECTDATA@@@ATL@@@ATL@@UEAAJKPEAUtagCONNECTDATA@@PEAK@Z 00000001800021dc f i BillAcceptor.obj
 0001:000012b0       ?Skip@?$CComEnumImpl@UIEnumConnections@@$1?_GUID_b196b287_bab4_101a_b69c_00aa00341d07@@3U__s_GUID@@BUtagCONNECTDATA@@V?$_Copy@UtagCONNECTDATA@@@ATL@@@ATL@@UEAAJK@Z 00000001800022b0 f i BillAcceptor.obj
 0001:000012dc       ?Clone@?$CComEnumImpl@UIEnumConnections@@$1?_GUID_b196b287_bab4_101a_b69c_00aa00341d07@@3U__s_GUID@@BUtagCONNECTDATA@@V?$_Copy@UtagCONNECTDATA@@@ATL@@@ATL@@UEAAJPEAPEAUIEnumConnections@@@Z 00000001800022dc f i BillAcceptor.obj
 0001:00001404       ?CreateInstance@CComClassFactory@ATL@@UEAAJPEAUIUnknown@@AEBU_GUID@@PEAPEAX@Z 0000000180002404 f i BillAcceptor.obj
 0001:00001464       ?LockServer@CComClassFactory@ATL@@UEAAJH@Z 0000000180002464 f i BillAcceptor.obj
 0001:00001488       ??_GCComClassFactory@ATL@@UEAAPEAXI@Z 0000000180002488 f i BillAcceptor.obj
 0001:00001488       ??_ECComClassFactory@ATL@@UEAAPEAXI@Z 0000000180002488 f i BillAcceptor.obj
 0001:000014d8       ?QueryInterface@?$CComObject@V?$CComEnum@UIEnumConnections@@$1?_GUID_b196b287_bab4_101a_b69c_00aa00341d07@@3U__s_GUID@@BUtagCONNECTDATA@@V?$_Copy@UtagCONNECTDATA@@@ATL@@VCComSingleThreadModel@6@@ATL@@@ATL@@UEAAJAEBU_GUID@@PEAPEAX@Z 00000001800024d8 f i BillAcceptor.obj
 0001:000014ec       ??_G?$CComObject@V?$CComEnum@UIEnumConnections@@$1?_GUID_b196b287_bab4_101a_b69c_00aa00341d07@@3U__s_GUID@@BUtagCONNECTDATA@@V?$_Copy@UtagCONNECTDATA@@@ATL@@VCComSingleThreadModel@6@@ATL@@@ATL@@UEAAPEAXI@Z 00000001800024ec f i BillAcceptor.obj
 0001:000014ec       ??_E?$CComObject@V?$CComEnum@UIEnumConnections@@$1?_GUID_b196b287_bab4_101a_b69c_00aa00341d07@@3U__s_GUID@@BUtagCONNECTDATA@@V?$_Copy@UtagCONNECTDATA@@@ATL@@VCComSingleThreadModel@6@@ATL@@@ATL@@UEAAPEAXI@Z 00000001800024ec f i BillAcceptor.obj
 0001:00001544       ??_E?$CComObject@VCOPOSBillAcceptor@@@ATL@@W7EAAPEAXI@Z 0000000180002544 f i BillAcceptor.obj
 0001:00001550       ??_E?$CComObject@VCOPOSBillAcceptor@@@ATL@@WHA@EAAPEAXI@Z 0000000180002550 f i BillAcceptor.obj
 0001:0000155c       ?QueryInterface@?$CComObject@VCOPOSBillAcceptor@@@ATL@@WLI@EAAJAEBU_GUID@@PEAPEAX@Z 000000018000255c f i BillAcceptor.obj
 0001:00001568       ?AddRef@?$CComObject@VCOPOSBillAcceptor@@@ATL@@WLI@EAAKXZ 0000000180002568 f i BillAcceptor.obj
 0001:00001574       ?Release@?$CComObject@VCOPOSBillAcceptor@@@ATL@@WLI@EAAKXZ 0000000180002574 f i BillAcceptor.obj
 0001:00001580       ?QueryInterface@?$CComObject@VCOPOSBillAcceptor@@@ATL@@WMA@EAAJAEBU_GUID@@PEAPEAX@Z 0000000180002580 f i BillAcceptor.obj
 0001:0000158c       ?AddRef@?$CComObject@VCOPOSBillAcceptor@@@ATL@@WMA@EAAKXZ 000000018000258c f i BillAcceptor.obj
 0001:00001598       ?Release@?$CComObject@VCOPOSBillAcceptor@@@ATL@@WMA@EAAKXZ 0000000180002598 f i BillAcceptor.obj
 0001:000015a4       ?QueryInterface@?$CComObject@VCOPOSBillAcceptor@@@ATL@@WMI@EAAJAEBU_GUID@@PEAPEAX@Z 00000001800025a4 f i BillAcceptor.obj
 0001:000015b0       ?AddRef@?$CComObject@VCOPOSBillAcceptor@@@ATL@@WMI@EAAKXZ 00000001800025b0 f i BillAcceptor.obj
 0001:000015bc       ?Release@?$CComObject@VCOPOSBillAcceptor@@@ATL@@WMI@EAAKXZ 00000001800025bc f i BillAcceptor.obj
 0001:000015c8       ?QueryInterface@?$CComObject@VCOPOSBillAcceptor@@@ATL@@WNA@EAAJAEBU_GUID@@PEAPEAX@Z 00000001800025c8 f i BillAcceptor.obj
 0001:000015d4       ?AddRef@?$CComObject@VCOPOSBillAcceptor@@@ATL@@WNA@EAAKXZ 00000001800025d4 f i BillAcceptor.obj
 0001:000015e0       ?Release@?$CComObject@VCOPOSBillAcceptor@@@ATL@@WNA@EAAKXZ 00000001800025e0 f i BillAcceptor.obj
 0001:000015ec       ?QueryInterface@?$CComObject@VCOPOSBillAcceptor@@@ATL@@WNI@EAAJAEBU_GUID@@PEAPEAX@Z 00000001800025ec f i BillAcceptor.obj
 0001:000015f8       ?AddRef@?$CComObject@VCOPOSBillAcceptor@@@ATL@@WNI@EAAKXZ 00000001800025f8 f i BillAcceptor.obj
 0001:00001604       ?Release@?$CComObject@VCOPOSBillAcceptor@@@ATL@@WNI@EAAKXZ 0000000180002604 f i BillAcceptor.obj
 0001:00001610       ?QueryInterface@?$CComObject@VCOPOSBillAcceptor@@@ATL@@WOA@EAAJAEBU_GUID@@PEAPEAX@Z 0000000180002610 f i BillAcceptor.obj
 0001:0000161c       ?AddRef@?$CComObject@VCOPOSBillAcceptor@@@ATL@@WOA@EAAKXZ 000000018000261c f i BillAcceptor.obj
 0001:00001628       ?Release@?$CComObject@VCOPOSBillAcceptor@@@ATL@@WOA@EAAKXZ 0000000180002628 f i BillAcceptor.obj
 0001:00001634       ?QueryInterface@?$CComObject@VCOPOSBillAcceptor@@@ATL@@WOI@EAAJAEBU_GUID@@PEAPEAX@Z 0000000180002634 f i BillAcceptor.obj
 0001:00001640       ?AddRef@?$CComObject@VCOPOSBillAcceptor@@@ATL@@WOI@EAAKXZ 0000000180002640 f i BillAcceptor.obj
 0001:0000164c       ?Release@?$CComObject@VCOPOSBillAcceptor@@@ATL@@WOI@EAAKXZ 000000018000264c f i BillAcceptor.obj
 0001:00001658       ?QueryInterface@?$CComObject@VCOPOSBillAcceptor@@@ATL@@WPA@EAAJAEBU_GUID@@PEAPEAX@Z 0000000180002658 f i BillAcceptor.obj
 0001:00001664       ?AddRef@?$CComObject@VCOPOSBillAcceptor@@@ATL@@WPA@EAAKXZ 0000000180002664 f i BillAcceptor.obj
 0001:00001670       ?Release@?$CComObject@VCOPOSBillAcceptor@@@ATL@@WPA@EAAKXZ 0000000180002670 f i BillAcceptor.obj
 0001:0000167c       ?QueryInterface@?$CComObject@VCOPOSBillAcceptor@@@ATL@@WPI@EAAJAEBU_GUID@@PEAPEAX@Z 000000018000267c f i BillAcceptor.obj
 0001:00001688       ?AddRef@?$CComObject@VCOPOSBillAcceptor@@@ATL@@WPI@EAAKXZ 0000000180002688 f i BillAcceptor.obj
 0001:00001694       ?Release@?$CComObject@VCOPOSBillAcceptor@@@ATL@@WPI@EAAKXZ 0000000180002694 f i BillAcceptor.obj
 0001:000016a0       ?QueryInterface@?$CComObject@VCOPOSBillAcceptor@@@ATL@@WBAA@EAAJAEBU_GUID@@PEAPEAX@Z 00000001800026a0 f i BillAcceptor.obj
 0001:000016ac       ?AddRef@?$CComObject@VCOPOSBillAcceptor@@@ATL@@WBAA@EAAKXZ 00000001800026ac f i BillAcceptor.obj
 0001:000016b8       ?Release@?$CComObject@VCOPOSBillAcceptor@@@ATL@@WBAA@EAAKXZ 00000001800026b8 f i BillAcceptor.obj
 0001:000016c4       ?QueryInterface@?$CComObject@VCOPOSBillAcceptor@@@ATL@@WBAI@EAAJAEBU_GUID@@PEAPEAX@Z 00000001800026c4 f i BillAcceptor.obj
 0001:000016d0       ?AddRef@?$CComObject@VCOPOSBillAcceptor@@@ATL@@WBAI@EAAKXZ 00000001800026d0 f i BillAcceptor.obj
 0001:000016dc       ?Release@?$CComObject@VCOPOSBillAcceptor@@@ATL@@WBAI@EAAKXZ 00000001800026dc f i BillAcceptor.obj
 0001:000016e8       ?QueryInterface@?$CComObject@VCOPOSBillAcceptor@@@ATL@@WBBA@EAAJAEBU_GUID@@PEAPEAX@Z 00000001800026e8 f i BillAcceptor.obj
 0001:000016f4       ?AddRef@?$CComObject@VCOPOSBillAcceptor@@@ATL@@WBBA@EAAKXZ 00000001800026f4 f i BillAcceptor.obj
 0001:00001700       ?Release@?$CComObject@VCOPOSBillAcceptor@@@ATL@@WBBA@EAAKXZ 0000000180002700 f i BillAcceptor.obj
 0001:0000170c       ?QueryInterface@?$CComObject@VCOPOSBillAcceptor@@@ATL@@WBBI@EAAJAEBU_GUID@@PEAPEAX@Z 000000018000270c f i BillAcceptor.obj
 0001:00001718       ?AddRef@?$CComObject@VCOPOSBillAcceptor@@@ATL@@WBBI@EAAKXZ 0000000180002718 f i BillAcceptor.obj
 0001:00001724       ?Release@?$CComObject@VCOPOSBillAcceptor@@@ATL@@WBBI@EAAKXZ 0000000180002724 f i BillAcceptor.obj
 0001:00001730       ?AddRef@?$CComObject@VCOPOSBillAcceptor@@@ATL@@WBCI@EAAKXZ 0000000180002730 f i BillAcceptor.obj
 0001:0000173c       ?Release@?$CComObject@VCOPOSBillAcceptor@@@ATL@@WBCI@EAAKXZ 000000018000273c f i BillAcceptor.obj
 0001:00001748       ?AddRef@?$CComObject@VCOPOSBillAcceptor@@@ATL@@WBEA@EAAKXZ 0000000180002748 f i BillAcceptor.obj
 0001:00001754       ?Release@?$CComObject@VCOPOSBillAcceptor@@@ATL@@WBEA@EAAKXZ 0000000180002754 f i BillAcceptor.obj
 0001:00001760       ??_E?$CComContainedObject@VCOPOSBillAcceptor@@@ATL@@W7EAAPEAXI@Z 0000000180002760 f i BillAcceptor.obj
 0001:0000176c       ??_E?$CComContainedObject@VCOPOSBillAcceptor@@@ATL@@WHA@EAAPEAXI@Z 000000018000276c f i BillAcceptor.obj
 0001:00001778       ?QueryInterface@?$CComContainedObject@VCOPOSBillAcceptor@@@ATL@@WLI@EAAJAEBU_GUID@@PEAPEAX@Z 0000000180002778 f i BillAcceptor.obj
 0001:00001784       ?AddRef@?$CComContainedObject@VCOPOSBillAcceptor@@@ATL@@WLI@EAAKXZ 0000000180002784 f i BillAcceptor.obj
 0001:00001790       ?Release@?$CComContainedObject@VCOPOSBillAcceptor@@@ATL@@WLI@EAAKXZ 0000000180002790 f i BillAcceptor.obj
 0001:0000179c       ?QueryInterface@?$CComContainedObject@VCOPOSBillAcceptor@@@ATL@@WMA@EAAJAEBU_GUID@@PEAPEAX@Z 000000018000279c f i BillAcceptor.obj
 0001:000017a8       ?AddRef@?$CComContainedObject@VCOPOSBillAcceptor@@@ATL@@WMA@EAAKXZ 00000001800027a8 f i BillAcceptor.obj
 0001:000017b4       ?Release@?$CComContainedObject@VCOPOSBillAcceptor@@@ATL@@WMA@EAAKXZ 00000001800027b4 f i BillAcceptor.obj
 0001:000017c0       ?QueryInterface@?$CComContainedObject@VCOPOSBillAcceptor@@@ATL@@WMI@EAAJAEBU_GUID@@PEAPEAX@Z 00000001800027c0 f i BillAcceptor.obj
 0001:000017cc       ?AddRef@?$CComContainedObject@VCOPOSBillAcceptor@@@ATL@@WMI@EAAKXZ 00000001800027cc f i BillAcceptor.obj
 0001:000017d8       ?Release@?$CComContainedObject@VCOPOSBillAcceptor@@@ATL@@WMI@EAAKXZ 00000001800027d8 f i BillAcceptor.obj
 0001:000017e4       ?QueryInterface@?$CComContainedObject@VCOPOSBillAcceptor@@@ATL@@WNA@EAAJAEBU_GUID@@PEAPEAX@Z 00000001800027e4 f i BillAcceptor.obj
 0001:000017f0       ?AddRef@?$CComContainedObject@VCOPOSBillAcceptor@@@ATL@@WNA@EAAKXZ 00000001800027f0 f i BillAcceptor.obj
 0001:000017fc       ?Release@?$CComContainedObject@VCOPOSBillAcceptor@@@ATL@@WNA@EAAKXZ 00000001800027fc f i BillAcceptor.obj
 0001:00001808       ?QueryInterface@?$CComContainedObject@VCOPOSBillAcceptor@@@ATL@@WNI@EAAJAEBU_GUID@@PEAPEAX@Z 0000000180002808 f i BillAcceptor.obj
 0001:00001814       ?AddRef@?$CComContainedObject@VCOPOSBillAcceptor@@@ATL@@WNI@EAAKXZ 0000000180002814 f i BillAcceptor.obj
 0001:00001820       ?Release@?$CComContainedObject@VCOPOSBillAcceptor@@@ATL@@WNI@EAAKXZ 0000000180002820 f i BillAcceptor.obj
 0001:0000182c       ?QueryInterface@?$CComContainedObject@VCOPOSBillAcceptor@@@ATL@@WOA@EAAJAEBU_GUID@@PEAPEAX@Z 000000018000282c f i BillAcceptor.obj
 0001:00001838       ?AddRef@?$CComContainedObject@VCOPOSBillAcceptor@@@ATL@@WOA@EAAKXZ 0000000180002838 f i BillAcceptor.obj
 0001:00001844       ?Release@?$CComContainedObject@VCOPOSBillAcceptor@@@ATL@@WOA@EAAKXZ 0000000180002844 f i BillAcceptor.obj
 0001:00001850       ?QueryInterface@?$CComContainedObject@VCOPOSBillAcceptor@@@ATL@@WOI@EAAJAEBU_GUID@@PEAPEAX@Z 0000000180002850 f i BillAcceptor.obj
 0001:0000185c       ?AddRef@?$CComContainedObject@VCOPOSBillAcceptor@@@ATL@@WOI@EAAKXZ 000000018000285c f i BillAcceptor.obj
 0001:00001868       ?Release@?$CComContainedObject@VCOPOSBillAcceptor@@@ATL@@WOI@EAAKXZ 0000000180002868 f i BillAcceptor.obj
 0001:00001874       ?QueryInterface@?$CComContainedObject@VCOPOSBillAcceptor@@@ATL@@WPA@EAAJAEBU_GUID@@PEAPEAX@Z 0000000180002874 f i BillAcceptor.obj
 0001:00001880       ?AddRef@?$CComContainedObject@VCOPOSBillAcceptor@@@ATL@@WPA@EAAKXZ 0000000180002880 f i BillAcceptor.obj
 0001:0000188c       ?Release@?$CComContainedObject@VCOPOSBillAcceptor@@@ATL@@WPA@EAAKXZ 000000018000288c f i BillAcceptor.obj
 0001:00001898       ?QueryInterface@?$CComContainedObject@VCOPOSBillAcceptor@@@ATL@@WPI@EAAJAEBU_GUID@@PEAPEAX@Z 0000000180002898 f i BillAcceptor.obj
 0001:000018a4       ?AddRef@?$CComContainedObject@VCOPOSBillAcceptor@@@ATL@@WPI@EAAKXZ 00000001800028a4 f i BillAcceptor.obj
 0001:000018b0       ?Release@?$CComContainedObject@VCOPOSBillAcceptor@@@ATL@@WPI@EAAKXZ 00000001800028b0 f i BillAcceptor.obj
 0001:000018bc       ?QueryInterface@?$CComContainedObject@VCOPOSBillAcceptor@@@ATL@@WBAA@EAAJAEBU_GUID@@PEAPEAX@Z 00000001800028bc f i BillAcceptor.obj
 0001:000018c8       ?AddRef@?$CComContainedObject@VCOPOSBillAcceptor@@@ATL@@WBAA@EAAKXZ 00000001800028c8 f i BillAcceptor.obj
 0001:000018d4       ?Release@?$CComContainedObject@VCOPOSBillAcceptor@@@ATL@@WBAA@EAAKXZ 00000001800028d4 f i BillAcceptor.obj
 0001:000018e0       ?QueryInterface@?$CComContainedObject@VCOPOSBillAcceptor@@@ATL@@WBAI@EAAJAEBU_GUID@@PEAPEAX@Z 00000001800028e0 f i BillAcceptor.obj
 0001:000018ec       ?AddRef@?$CComContainedObject@VCOPOSBillAcceptor@@@ATL@@WBAI@EAAKXZ 00000001800028ec f i BillAcceptor.obj
 0001:000018f8       ?Release@?$CComContainedObject@VCOPOSBillAcceptor@@@ATL@@WBAI@EAAKXZ 00000001800028f8 f i BillAcceptor.obj
 0001:00001904       ?QueryInterface@?$CComContainedObject@VCOPOSBillAcceptor@@@ATL@@WBBA@EAAJAEBU_GUID@@PEAPEAX@Z 0000000180002904 f i BillAcceptor.obj
 0001:00001910       ?AddRef@?$CComContainedObject@VCOPOSBillAcceptor@@@ATL@@WBBA@EAAKXZ 0000000180002910 f i BillAcceptor.obj
 0001:0000191c       ?Release@?$CComContainedObject@VCOPOSBillAcceptor@@@ATL@@WBBA@EAAKXZ 000000018000291c f i BillAcceptor.obj
 0001:00001928       ?QueryInterface@?$CComContainedObject@VCOPOSBillAcceptor@@@ATL@@WBBI@EAAJAEBU_GUID@@PEAPEAX@Z 0000000180002928 f i BillAcceptor.obj
 0001:00001934       ?AddRef@?$CComContainedObject@VCOPOSBillAcceptor@@@ATL@@WBBI@EAAKXZ 0000000180002934 f i BillAcceptor.obj
 0001:00001940       ?Release@?$CComContainedObject@VCOPOSBillAcceptor@@@ATL@@WBBI@EAAKXZ 0000000180002940 f i BillAcceptor.obj
 0001:0000194c       ?AddRef@?$CComContainedObject@VCOPOSBillAcceptor@@@ATL@@WBCI@EAAKXZ 000000018000294c f i BillAcceptor.obj
 0001:00001958       ?Release@?$CComContainedObject@VCOPOSBillAcceptor@@@ATL@@WBCI@EAAKXZ 0000000180002958 f i BillAcceptor.obj
 0001:00001964       ?AddRef@?$CComContainedObject@VCOPOSBillAcceptor@@@ATL@@WBEA@EAAKXZ 0000000180002964 f i BillAcceptor.obj
 0001:00001970       ?Release@?$CComContainedObject@VCOPOSBillAcceptor@@@ATL@@WBEA@EAAKXZ 0000000180002970 f i BillAcceptor.obj
 0001:0000197c       ?GetWindowProc@?$CWindowImplBaseT@VCWindow@ATL@@V?$CWinTraits@$0FGAAAAAA@$0A@@2@@ATL@@UEAAP6A_JPEAUHWND__@@I_K_J@ZXZ 000000018000297c f i BillAcceptor.obj
 0001:00001984       ?StartWindowProc@?$CWindowImplBaseT@VCWindow@ATL@@V?$CWinTraits@$0FGAAAAAA@$0A@@2@@ATL@@SA_JPEAUHWND__@@I_K_J@Z 0000000180002984 f i BillAcceptor.obj
 0001:00001a48       ?GetTypeInfoCount@?$IDispatchImpl@UIOPOSBillAcceptor@@$1?IID_IOPOSBillAcceptor@@3U_GUID@@B$1?LIBID_OposBillAcceptor_CCO@@3U3@B$00$0A@VCComTypeInfoHolder@ATL@@@ATL@@UEAAJPEAI@Z 0000000180002a48 f i BillAcceptor.obj
 0001:00001a5c       ?GetTypeInfo@?$IDispatchImpl@UIOPOSBillAcceptor@@$1?IID_IOPOSBillAcceptor@@3U_GUID@@B$1?LIBID_OposBillAcceptor_CCO@@3U3@B$00$0A@VCComTypeInfoHolder@ATL@@@ATL@@UEAAJIKPEAPEAUITypeInfo@@@Z 0000000180002a5c f i BillAcceptor.obj
 0001:00001ac0       ?Lock@CAtlModule@ATL@@UEAAJXZ 0000000180002ac0 f i BillAcceptor.obj
 0001:00001ad0       ?Unlock@CAtlModule@ATL@@UEAAJXZ 0000000180002ad0 f i BillAcceptor.obj
 0001:00001adc       ?GetLockCount@CAtlModule@ATL@@UEAAJXZ 0000000180002adc f i BillAcceptor.obj
 0001:00001ae0       ?GetIDsOfNames@?$IDispatchImpl@UIOPOSBillAcceptor@@$1?IID_IOPOSBillAcceptor@@3U_GUID@@B$1?LIBID_OposBillAcceptor_CCO@@3U3@B$00$0A@VCComTypeInfoHolder@ATL@@@ATL@@UEAAJAEBU_GUID@@PEAPEA_WIKPEAJ@Z 0000000180002ae0 f i BillAcceptor.obj
 0001:00001aec       ?GetGITPtr@CAtlModule@ATL@@UEAAJPEAPEAUIGlobalInterfaceTable@@@Z 0000000180002aec f i BillAcceptor.obj
 0001:00001b5c       ?Invoke@?$IDispatchImpl@UIOPOSBillAcceptor@@$1?IID_IOPOSBillAcceptor@@3U_GUID@@B$1?LIBID_OposBillAcceptor_CCO@@3U3@B$00$0A@VCComTypeInfoHolder@ATL@@@ATL@@UEAAJJAEBU_GUID@@KGPEAUtagDISPPARAMS@@PEAUtagVARIANT@@PEAUtagEXCEPINFO@@PEAI@Z 0000000180002b5c f i BillAcceptor.obj
 0001:00001bec       ?CreateControlWindow@?$CComControl@VCOPOSBillAcceptor@@V?$CWindowImpl@VCOPOSBillAcceptor@@VCWindow@ATL@@V?$CWinTraits@$0FGAAAAAA@$0A@@3@@ATL@@@ATL@@UEAAPEAUHWND__@@PEAU3@AEAUtagRECT@@@Z 0000000180002bec f i BillAcceptor.obj
 0001:00001c24       ?ControlQueryInterface@?$CComControl@VCOPOSBillAcceptor@@V?$CWindowImpl@VCOPOSBillAcceptor@@VCWindow@ATL@@V?$CWinTraits@$0FGAAAAAA@$0A@@3@@ATL@@@ATL@@UEAAJAEBU_GUID@@PEAPEAX@Z 0000000180002c24 f i BillAcceptor.obj
 0001:00001c38       ?GetClassID@?$IPersistStreamInitImpl@VCOPOSBillAcceptor@@@ATL@@UEAAJPEAU_GUID@@@Z 0000000180002c38 f i BillAcceptor.obj
 0001:00001c38       ?GetClassID@?$IPersistStorageImpl@VCOPOSBillAcceptor@@@ATL@@UEAAJPEAU_GUID@@@Z 0000000180002c38 f i BillAcceptor.obj
 0001:00001c38       ?GetUserClassID@?$IOleObjectImpl@VCOPOSBillAcceptor@@@ATL@@UEAAJPEAU_GUID@@@Z 0000000180002c38 f i BillAcceptor.obj
 0001:00001c54       ?IsDirty@?$IPersistStreamInitImpl@VCOPOSBillAcceptor@@@ATL@@UEAAJXZ 0000000180002c54 f i BillAcceptor.obj
 0001:00001c70       ?Load@?$IPersistStreamInitImpl@VCOPOSBillAcceptor@@@ATL@@UEAAJPEAUIStream@@@Z 0000000180002c70 f i BillAcceptor.obj
 0001:00001cc0       ?Save@?$IPersistStreamInitImpl@VCOPOSBillAcceptor@@@ATL@@UEAAJPEAUIStream@@H@Z 0000000180002cc0 f i BillAcceptor.obj
 0001:00001d24       ?GetSizeMax@?$IPersistStreamInitImpl@VCOPOSBillAcceptor@@@ATL@@UEAAJPEAT_ULARGE_INTEGER@@@Z 0000000180002d24 f i BillAcceptor.obj
 0001:00001f50       ?InitNew@?$IPersistStreamInitImpl@VCOPOSBillAcceptor@@@ATL@@UEAAJXZ 0000000180002f50 f i BillAcceptor.obj
 0001:00001f68       ?SetClientSite@?$IOleObjectImpl@VCOPOSBillAcceptor@@@ATL@@UEAAJPEAUIOleClientSite@@@Z 0000000180002f68 f i BillAcceptor.obj
 0001:00001f84       ?GetClientSite@?$IOleObjectImpl@VCOPOSBillAcceptor@@@ATL@@UEAAJPEAPEAUIOleClientSite@@@Z 0000000180002f84 f i BillAcceptor.obj
 0001:00001fcc       ?Close@?$IOleObjectImpl@VCOPOSBillAcceptor@@@ATL@@UEAAJK@Z 0000000180002fcc f i BillAcceptor.obj
 0001:00001fe8       ?DoVerb@?$IOleObjectImpl@VCOPOSBillAcceptor@@@ATL@@UEAAJJPEAUtagMSG@@PEAUIOleClientSite@@JPEAUHWND__@@PEBUtagRECT@@@Z 0000000180002fe8 f i BillAcceptor.obj
 0001:0000218c       ?EnumVerbs@?$IOleObjectImpl@VCOPOSBillAcceptor@@@ATL@@UEAAJPEAPEAUIEnumOLEVERB@@@Z 000000018000318c f i BillAcceptor.obj
 0001:000021a8       ?GetUserType@?$IOleObjectImpl@VCOPOSBillAcceptor@@@ATL@@UEAAJKPEAPEA_W@Z 00000001800031a8 f i BillAcceptor.obj
 0001:000021b8       ?SetExtent@?$IOleObjectImpl@VCOPOSBillAcceptor@@@ATL@@UEAAJKPEAUtagSIZE@@@Z 00000001800031b8 f i BillAcceptor.obj
 0001:000021d4       ?GetExtent@?$IOleObjectImpl@VCOPOSBillAcceptor@@@ATL@@UEAAJKPEAUtagSIZE@@@Z 00000001800031d4 f i BillAcceptor.obj
 0001:00002204       ?Advise@?$IOleObjectImpl@VCOPOSBillAcceptor@@@ATL@@UEAAJPEAUIAdviseSink@@PEAK@Z 0000000180003204 f i BillAcceptor.obj
 0001:00002260       ?Unadvise@?$IOleObjectImpl@VCOPOSBillAcceptor@@@ATL@@UEAAJK@Z 0000000180003260 f i BillAcceptor.obj
 0001:00002298       ?EnumAdvise@?$IOleObjectImpl@VCOPOSBillAcceptor@@@ATL@@UEAAJPEAPEAUIEnumSTATDATA@@@Z 0000000180003298 f i BillAcceptor.obj
 0001:000022e0       ?GetMiscStatus@?$IOleObjectImpl@VCOPOSBillAcceptor@@@ATL@@UEAAJKPEAK@Z 00000001800032e0 f i BillAcceptor.obj
 0001:000022f0       ?GetWindow@?$IOleInPlaceActiveObjectImpl@VCOPOSBillAcceptor@@@ATL@@UEAAJPEAPEAUHWND__@@@Z 00000001800032f0 f i BillAcceptor.obj
 0001:00002344       ?TranslateAcceleratorW@?$IOleInPlaceActiveObjectImpl@VCOPOSBillAcceptor@@@ATL@@UEAAJPEAUtagMSG@@@Z 0000000180003344 f i BillAcceptor.obj
 0001:00002438       ?OnDocWindowActivate@?$IOleInPlaceActiveObjectImpl@VCOPOSBillAcceptor@@@ATL@@UEAAJH@Z 0000000180003438 f i BillAcceptor.obj
 0001:00002464       ?AddCommonRGSReplacements@?$CAtlModuleT@VCComModule@ATL@@@ATL@@UEAAJPEAUIRegistrarBase@@@Z 0000000180003464 f i BillAcceptor.obj
 0001:0000247c       ?Draw@?$IViewObjectExImpl@VCOPOSBillAcceptor@@@ATL@@UEAAJKJPEAXPEAUtagDVTARGETDEVICE@@PEAUHDC__@@2PEBU_RECTL@@3P6AH_K@Z4@Z 000000018000347c f i BillAcceptor.obj
 0001:000024e0       ?SetAdvise@?$IViewObjectExImpl@VCOPOSBillAcceptor@@@ATL@@UEAAJKKPEAUIAdviseSink@@@Z 00000001800034e0 f i BillAcceptor.obj
 0001:00002534       ?GetAdvise@?$IViewObjectExImpl@VCOPOSBillAcceptor@@@ATL@@UEAAJPEAK0PEAPEAUIAdviseSink@@@Z 0000000180003534 f i BillAcceptor.obj
 0001:00002570       ?GetExtent@?$IViewObjectExImpl@VCOPOSBillAcceptor@@@ATL@@UEAAJKJPEAUtagDVTARGETDEVICE@@PEAUtagSIZE@@@Z 0000000180003570 f i BillAcceptor.obj
 0001:000025a0       ?GetViewStatus@?$IViewObjectExImpl@VCOPOSBillAcceptor@@@ATL@@UEAAJPEAK@Z 00000001800035a0 f i BillAcceptor.obj
 0001:000025b4       ?QueryHitPoint@?$IViewObjectExImpl@VCOPOSBillAcceptor@@@ATL@@UEAAJKPEBUtagRECT@@UtagPOINT@@JPEAK@Z 00000001800035b4 f i BillAcceptor.obj
 0001:000025f8       ?QueryHitRect@?$IViewObjectExImpl@VCOPOSBillAcceptor@@@ATL@@UEAAJKPEBUtagRECT@@0JPEAK@Z 00000001800035f8 f i BillAcceptor.obj
 0001:00002660       ?GetNaturalExtent@?$IViewObjectExImpl@VCOPOSBillAcceptor@@@ATL@@UEAAJKJPEAUtagDVTARGETDEVICE@@PEAUHDC__@@PEAUtagExtentInfo@@PEAUtagSIZE@@@Z 0000000180003660 f i BillAcceptor.obj
 0001:000026a8       ?UpdateRegistryFromResourceD@CComModule@ATL@@UEAAJPEB_WHPEAU_ATL_REGMAP_ENTRY@2@@Z 00000001800036a8 f i BillAcceptor.obj
 0001:000026a8       ?UpdateRegistryFromResourceD@CComModule@ATL@@UEAAJIHPEAU_ATL_REGMAP_ENTRY@2@@Z 00000001800036a8 f i BillAcceptor.obj
 0001:000026b0       ?UpdateRegistryFromResource@CComModule@ATL@@UEAAJPEB_WHPEAU_ATL_REGMAP_ENTRY@2@@Z 00000001800036b0 f i BillAcceptor.obj
 0001:000026b8       ?GetWindow@?$IOleInPlaceObjectWindowlessImpl@VCOPOSBillAcceptor@@@ATL@@UEAAJPEAPEAUHWND__@@@Z 00000001800036b8 f i BillAcceptor.obj
 0001:0000270c       ?UpdateRegistryFromResource@CComModule@ATL@@UEAAJIHPEAU_ATL_REGMAP_ENTRY@2@@Z 000000018000370c f i BillAcceptor.obj
 0001:00002714       ?InPlaceDeactivate@?$IOleInPlaceObjectWindowlessImpl@VCOPOSBillAcceptor@@@ATL@@UEAAJXZ 0000000180003714 f i BillAcceptor.obj
 0001:00002730       ?UIDeactivate@?$IOleInPlaceObjectWindowlessImpl@VCOPOSBillAcceptor@@@ATL@@UEAAJXZ 0000000180003730 f i BillAcceptor.obj
 0001:0000274c       ?SetObjectRects@?$IOleInPlaceObjectWindowlessImpl@VCOPOSBillAcceptor@@@ATL@@UEAAJPEBUtagRECT@@0@Z 000000018000374c f i BillAcceptor.obj
 0001:00002768       ?OnWindowMessage@?$IOleInPlaceObjectWindowlessImpl@VCOPOSBillAcceptor@@@ATL@@UEAAJI_K_JPEA_J@Z 0000000180003768 f i BillAcceptor.obj
 0001:00002830       ?EnumConnectionPoints@?$IConnectionPointContainerImpl@VCOPOSBillAcceptor@@@ATL@@UEAAJPEAPEAUIEnumConnectionPoints@@@Z 0000000180003830 f i BillAcceptor.obj
 0001:00002a78       ?FindConnectionPoint@?$IConnectionPointContainerImpl@VCOPOSBillAcceptor@@@ATL@@UEAAJAEBU_GUID@@PEAPEAUIConnectionPoint@@@Z 0000000180003a78 f i BillAcceptor.obj
 0001:00002b48       ?IsDirty@?$IPersistStorageImpl@VCOPOSBillAcceptor@@@ATL@@UEAAJXZ 0000000180003b48 f i BillAcceptor.obj
 0001:00002b8c       ?InitNew@?$IPersistStorageImpl@VCOPOSBillAcceptor@@@ATL@@UEAAJPEAUIStorage@@@Z 0000000180003b8c f i BillAcceptor.obj
 0001:00002bd0       ?Load@?$IPersistStorageImpl@VCOPOSBillAcceptor@@@ATL@@UEAAJPEAUIStorage@@@Z 0000000180003bd0 f i BillAcceptor.obj
 0001:00002c70       ?Save@?$IPersistStorageImpl@VCOPOSBillAcceptor@@@ATL@@UEAAJPEAUIStorage@@H@Z 0000000180003c70 f i BillAcceptor.obj
 0001:00002d20       ??_ECComModule@ATL@@UEAAPEAXI@Z 0000000180003d20 f i BillAcceptor.obj
 0001:00002d20       ??_GCComModule@ATL@@UEAAPEAXI@Z 0000000180003d20 f i BillAcceptor.obj
 0001:00002da0       ?GetPages@?$ISpecifyPropertyPagesImpl@VCOPOSBillAcceptor@@@ATL@@UEAAJPEAUtagCAUUID@@@Z 0000000180003da0 f i BillAcceptor.obj
 0001:00002dac       ?QuickActivate@?$IQuickActivateImpl@VCOPOSBillAcceptor@@@ATL@@UEAAJPEAUtagQACONTAINER@@PEAUtagQACONTROL@@@Z 0000000180003dac f i BillAcceptor.obj
 0001:00002dc8       ?SetContentExtent@?$IQuickActivateImpl@VCOPOSBillAcceptor@@@ATL@@UEAAJPEAUtagSIZE@@@Z 0000000180003dc8 f i BillAcceptor.obj
 0001:00002dfc       ?GetContentExtent@?$IQuickActivateImpl@VCOPOSBillAcceptor@@@ATL@@UEAAJPEAUtagSIZE@@@Z 0000000180003dfc f i BillAcceptor.obj
 0001:00002e34       ?GetData@?$IDataObjectImpl@VCOPOSBillAcceptor@@@ATL@@UEAAJPEAUtagFORMATETC@@PEAUtagSTGMEDIUM@@@Z 0000000180003e34 f i BillAcceptor.obj
 0001:00002e50       ?DAdvise@?$IDataObjectImpl@VCOPOSBillAcceptor@@@ATL@@UEAAJPEAUtagFORMATETC@@KPEAUIAdviseSink@@PEAK@Z 0000000180003e50 f i BillAcceptor.obj
 0001:00002ed8       ?DUnadvise@?$IDataObjectImpl@VCOPOSBillAcceptor@@@ATL@@UEAAJK@Z 0000000180003ed8 f i BillAcceptor.obj
 0001:00002f04       ?EnumDAdvise@?$IDataObjectImpl@VCOPOSBillAcceptor@@@ATL@@UEAAJPEAPEAUIEnumSTATDATA@@@Z 0000000180003f04 f i BillAcceptor.obj
 0001:00002f40       ?GetClassInfoW@?$IProvideClassInfo2Impl@$1?CLSID_OPOSBillAcceptor@@3U_GUID@@B$1?DIID__IOPOSBillAcceptorEvents@@3U2@B$1?LIBID_OposBillAcceptor_CCO@@3U2@B$00$0A@VCComTypeInfoHolder@ATL@@@ATL@@UEAAJPEAPEAUITypeInfo@@@Z 0000000180003f40 f i BillAcceptor.obj
 0001:00002f98       ?GetGUID@?$IProvideClassInfo2Impl@$1?CLSID_OPOSBillAcceptor@@3U_GUID@@B$1?DIID__IOPOSBillAcceptorEvents@@3U2@B$1?LIBID_OposBillAcceptor_CCO@@3U2@B$00$0A@VCComTypeInfoHolder@ATL@@@ATL@@UEAAJKPEAU_GUID@@@Z 0000000180003f98 f i BillAcceptor.obj
 0001:00002fcc       ?GetInterfaceSafetyOptions@?$IObjectSafetyImpl@VCOPOSBillAcceptor@@$02@ATL@@UEAAJAEBU_GUID@@PEAK1@Z 0000000180003fcc f i BillAcceptor.obj
 0001:00003060       ?SetInterfaceSafetyOptions@?$IObjectSafetyImpl@VCOPOSBillAcceptor@@$02@ATL@@UEAAJAEBU_GUID@@KK@Z 0000000180004060 f i BillAcceptor.obj
 0001:00003104       ?_LocCPQueryInterface@?$IConnectionPointImpl@VCOPOSBillAcceptor@@$1?DIID__IOPOSBillAcceptorEvents@@3U_GUID@@BVCComDynamicUnkArray@ATL@@@ATL@@UEAAJAEBU_GUID@@PEAPEAX@Z 0000000180004104 f i BillAcceptor.obj
 0001:00003104       ?_LocCPQueryInterface@?$IConnectionPointImpl@VCOPOSBillAcceptor@@$1?IID_IPropertyNotifySink@@3U_GUID@@BVCComDynamicUnkArray@ATL@@@ATL@@UEAAJAEBU_GUID@@PEAPEAX@Z 0000000180004104 f i BillAcceptor.obj
 0001:00003178       ?GetConnectionInterface@?$IConnectionPointImpl@VCOPOSBillAcceptor@@$1?IID_IPropertyNotifySink@@3U_GUID@@BVCComDynamicUnkArray@ATL@@@ATL@@UEAAJPEAU_GUID@@@Z 0000000180004178 f i BillAcceptor.obj
 0001:00003194       ?GetConnectionPointContainer@?$IConnectionPointImpl@VCOPOSBillAcceptor@@$1?IID_IPropertyNotifySink@@3U_GUID@@BVCComDynamicUnkArray@ATL@@@ATL@@UEAAJPEAPEAUIConnectionPointContainer@@@Z 0000000180004194 f i BillAcceptor.obj
 0001:000031b4       ?Advise@?$IConnectionPointImpl@VCOPOSBillAcceptor@@$1?DIID__IOPOSBillAcceptorEvents@@3U_GUID@@BVCComDynamicUnkArray@ATL@@@ATL@@UEAAJPEAUIUnknown@@PEAK@Z 00000001800041b4 f i BillAcceptor.obj
 0001:000031b4       ?Advise@?$IConnectionPointImpl@VCOPOSBillAcceptor@@$1?IID_IPropertyNotifySink@@3U_GUID@@BVCComDynamicUnkArray@ATL@@@ATL@@UEAAJPEAUIUnknown@@PEAK@Z 00000001800041b4 f i BillAcceptor.obj
 0001:00003274       ?Unadvise@?$IConnectionPointImpl@VCOPOSBillAcceptor@@$1?DIID__IOPOSBillAcceptorEvents@@3U_GUID@@BVCComDynamicUnkArray@ATL@@@ATL@@UEAAJK@Z 0000000180004274 f i BillAcceptor.obj
 0001:00003274       ?Unadvise@?$IConnectionPointImpl@VCOPOSBillAcceptor@@$1?IID_IPropertyNotifySink@@3U_GUID@@BVCComDynamicUnkArray@ATL@@@ATL@@UEAAJK@Z 0000000180004274 f i BillAcceptor.obj
 0001:000032f0       ?EnumConnections@?$IConnectionPointImpl@VCOPOSBillAcceptor@@$1?DIID__IOPOSBillAcceptorEvents@@3U_GUID@@BVCComDynamicUnkArray@ATL@@@ATL@@UEAAJPEAPEAUIEnumConnections@@@Z 00000001800042f0 f i BillAcceptor.obj
 0001:000032f0       ?EnumConnections@?$IConnectionPointImpl@VCOPOSBillAcceptor@@$1?IID_IPropertyNotifySink@@3U_GUID@@BVCComDynamicUnkArray@ATL@@@ATL@@UEAAJPEAPEAUIEnumConnections@@@Z 00000001800042f0 f i BillAcceptor.obj
 0001:00003498       ?GetConnectionInterface@?$IConnectionPointImpl@VCOPOSBillAcceptor@@$1?DIID__IOPOSBillAcceptorEvents@@3U_GUID@@BVCComDynamicUnkArray@ATL@@@ATL@@UEAAJPEAU_GUID@@@Z 0000000180004498 f i BillAcceptor.obj
 0001:000034b4       ?GetConnectionPointContainer@?$IConnectionPointImpl@VCOPOSBillAcceptor@@$1?DIID__IOPOSBillAcceptorEvents@@3U_GUID@@BVCComDynamicUnkArray@ATL@@@ATL@@UEAAJPEAPEAUIConnectionPointContainer@@@Z 00000001800044b4 f i BillAcceptor.obj
 0001:000034d4       ?UpdateRegistry@COPOSBillAcceptor@@SAJH@Z 00000001800044d4 f i BillAcceptor.obj
 0001:000034ec       ?ProcessWindowMessage@COPOSBillAcceptor@@UEAAHPEAUHWND__@@I_K_JAEA_JK@Z 00000001800044ec f i BillAcceptor.obj
 0001:00003574       ?SOData@COPOSBillAcceptor@@MEAAJJ@Z 0000000180004574 f i BillAcceptor.obj
 0001:000035c4       ?SODirectIO@COPOSBillAcceptor@@MEAAJJPEAJPEAPEA_W@Z 00000001800045c4 f i BillAcceptor.obj
 0001:0000363c       ?SOStatusUpdate@COPOSBillAcceptor@@MEAAJJ@Z 000000018000463c f i BillAcceptor.obj
 0001:0000368c       ??$AtlModuleRegisterWndClassInfoT@VAtlModuleRegisterWndClassInfoParamW@ATL@@@ATL@@YAGPEAU_ATL_BASE_MODULE70@0@PEAU_ATL_WIN_MODULE70@0@PEAU_ATL_WNDCLASSINFOW@0@PEAP6A_JPEAUHWND__@@I_K_J@ZVAtlModuleRegisterWndClassInfoParamW@0@@Z 000000018000468c f i BillAcceptor.obj
 0001:0000388c       ??0?$CComContainedObject@VCOPOSBillAcceptor@@@ATL@@QEAA@PEAX@Z 000000018000488c f i BillAcceptor.obj
 0001:000039a8       ??0?$CComObject@VCOPOSBillAcceptor@@@ATL@@QEAA@PEAX@Z 00000001800049a8 f i BillAcceptor.obj
 0001:00003ac0       ??0CAtlModule@ATL@@QEAA@XZ 0000000180004ac0 f i BillAcceptor.obj
 0001:00003b3c       ??1?$CComEnumImpl@UIEnumConnectionPoints@@$1?_GUID_b196b285_bab4_101a_b69c_00aa00341d07@@3U__s_GUID@@BPEAUIConnectionPoint@@V?$_CopyInterface@UIConnectionPoint@@@ATL@@@ATL@@UEAA@XZ 0000000180004b3c f i BillAcceptor.obj
 0001:00003b98       ??1?$CComEnumImpl@UIEnumConnections@@$1?_GUID_b196b287_bab4_101a_b69c_00aa00341d07@@3U__s_GUID@@BUtagCONNECTDATA@@V?$_Copy@UtagCONNECTDATA@@@ATL@@@ATL@@UEAA@XZ 0000000180004b98 f i BillAcceptor.obj
 0001:00003bf4       ??1?$CComObject@VCOPOSBillAcceptor@@@ATL@@UEAA@XZ 0000000180004bf4 f i BillAcceptor.obj
 0001:00003d14       ??_E?$CComContainedObject@VCOPOSBillAcceptor@@@ATL@@UEAAPEAXI@Z 0000000180004d14 f i BillAcceptor.obj
 0001:00003d14       ??_G?$CComContainedObject@VCOPOSBillAcceptor@@@ATL@@UEAAPEAXI@Z 0000000180004d14 f i BillAcceptor.obj
 0001:00003d48       ??_E?$CComObject@VCOPOSBillAcceptor@@@ATL@@UEAAPEAXI@Z 0000000180004d48 f i BillAcceptor.obj
 0001:00003d48       ??_G?$CComObject@VCOPOSBillAcceptor@@@ATL@@UEAAPEAXI@Z 0000000180004d48 f i BillAcceptor.obj
 0001:00003d7c       ?Add@?$CSimpleArray@GV?$CSimpleArrayEqualHelper@G@ATL@@@ATL@@QEAAHAEBG@Z 0000000180004d7c f i BillAcceptor.obj
 0001:00003e30       ?Add@?$CSimpleMap@PEA_WPEA_WVCExpansionVectorEqualHelper@ATL@@@ATL@@QEAAHAEBQEA_W0@Z 0000000180004e30 f i BillAcceptor.obj
 0001:00003ed0       ?Add@CComDynamicUnkArray@ATL@@QEAAKPEAUIUnknown@@@Z 0000000180004ed0 f i BillAcceptor.obj
 0001:00003fc8       ?Add@CExpansionVector@ATL@@QEAAHPEB_W0@Z 0000000180004fc8 f i BillAcceptor.obj
 0001:00004158       ?AddValue@CRegParser@ATL@@IEAAJAEAVCRegKey@2@PEB_WPEA_W@Z 0000000180005158 f i BillAcceptor.obj
 0001:000045a0       ?AllocateHeap@?$CTempBuffer@E$0BAA@VCCRTAllocator@ATL@@@ATL@@AEAAX_K@Z 00000001800055a0 f i BillAcceptor.obj
 0001:000045a0       ?AllocateHeap@?$CTempBuffer@_W$0BAA@VCCRTAllocator@ATL@@@ATL@@AEAAX_K@Z 00000001800055a0 f i BillAcceptor.obj
 0001:000045a0       ?AllocateHeap@?$CTempBuffer@_W$0EAA@VCCRTAllocator@ATL@@@ATL@@AEAAX_K@Z 00000001800055a0 f i BillAcceptor.obj
 0001:000045cc       ?Append@CParseBuffer@CRegParser@ATL@@QEAAHPEB_WH@Z 00000001800055cc f i BillAcceptor.obj
 0001:000046e4       ?AtlCallTermFunc@ATL@@YAXPEAU_ATL_MODULE70@1@@Z 00000001800056e4 f i BillAcceptor.obj
 0001:00004748       ?AtlComModuleGetClassObject@ATL@@YAJPEAU_ATL_COM_MODULE70@1@AEBU_GUID@@1PEAPEAX@Z 0000000180005748 f i BillAcceptor.obj
 0001:00004888       ?AtlComModuleRegisterServer@ATL@@YAJPEAU_ATL_COM_MODULE70@1@HPEBU_GUID@@@Z 0000000180005888 f i BillAcceptor.obj
 0001:00004948       ?AtlComModuleUnregisterServer@ATL@@YAJPEAU_ATL_COM_MODULE70@1@HPEBU_GUID@@@Z 0000000180005948 f i BillAcceptor.obj
 0001:00004a04       ?AtlCreateTargetDC@ATL@@YAPEAUHDC__@@PEAU2@PEAUtagDVTARGETDEVICE@@@Z 0000000180005a04 f i BillAcceptor.obj
 0001:00004a78       ?AtlHiMetricToPixel@ATL@@YAXPEBUtagSIZE@@PEAU2@@Z 0000000180005a78 f i BillAcceptor.obj
 0001:00004b28       ?AtlHresultFromLastError@ATL@@YAJXZ 0000000180005b28 f i BillAcceptor.obj
 0001:00004b48       ?AtlHresultFromWin32@ATL@@YAJK@Z 0000000180005b48 f i BillAcceptor.obj
 0001:00004b58       ?AtlIPersistStreamInit_Load@ATL@@YAJPEAUIStream@@PEBUATL_PROPMAP_ENTRY@1@PEAXPEAUIUnknown@@@Z 0000000180005b58 f i BillAcceptor.obj
 0001:00004d90       ?AtlIPersistStreamInit_Save@ATL@@YAJPEAUIStream@@HPEBUATL_PROPMAP_ENTRY@1@PEAXPEAUIUnknown@@@Z 0000000180005d90 f i BillAcceptor.obj
 0001:00004fcc       ?AtlInternalOleLoadFromStream@ATL@@YAJPEAUIStream@@AEBU_GUID@@PEAPEAXTClassesAllowedInStream@1@K@Z 0000000180005fcc f i BillAcceptor.obj
 0001:00005110       ?AtlInternalQueryInterface@ATL@@YAJPEAXPEBU_ATL_INTMAP_ENTRY@1@AEBU_GUID@@PEAPEAX@Z 0000000180006110 f i BillAcceptor.obj
 0001:00005218       ?AtlLoadTypeLib@ATL@@YAJPEAUHINSTANCE__@@PEB_WPEAPEA_WPEAPEAUITypeLib@@@Z 0000000180006218 f i BillAcceptor.obj
 0001:00005474       ?AtlModuleAddTermFunc@ATL@@YAJPEAU_ATL_MODULE70@1@P6AX_K@Z1@Z 0000000180006474 f i BillAcceptor.obj
 0001:00005508       ?AtlRegisterClassCategoriesHelper@ATL@@YAJAEBU_GUID@@PEBU_ATL_CATMAP_ENTRY@1@H@Z 0000000180006508 f i BillAcceptor.obj
 0001:0000596c       ?AtlRegisterTypeLib@ATL@@YAJPEAUHINSTANCE__@@PEB_W@Z 000000018000696c f i BillAcceptor.obj
 0001:00005b68       ?AtlThrowImpl@ATL@@YAXJ@Z  0000000180006b68 f i BillAcceptor.obj
 0001:00005b8c       ?AtlUnRegisterTypeLib@ATL@@YAJPEAUHINSTANCE__@@PEB_W@Z 0000000180006b8c f i BillAcceptor.obj
 0001:00005c54       ?AtlWinModuleExtractCreateWndData@ATL@@YAPEAXPEAU_ATL_WIN_MODULE70@1@@Z 0000000180006c54 f i BillAcceptor.obj
 0001:00005ce0       ?Cleanup@CComTypeInfoHolder@ATL@@SAX_K@Z 0000000180006ce0 f i BillAcceptor.obj
 0001:00005d20       ?ClearReplacements@CExpansionVector@ATL@@QEAAJXZ 0000000180006d20 f i BillAcceptor.obj
 0001:00005dbc       ?Create@?$CWindowImpl@VCOPOSBillAcceptor@@VCWindow@ATL@@V?$CWinTraits@$0FGAAAAAA@$0A@@3@@ATL@@QEAAPEAUHWND__@@PEAU3@V_U_RECT@2@PEB_WKKV_U_MENUorID@2@PEAX@Z 0000000180006dbc f i BillAcceptor.obj
 0001:00005e6c       ?Create@?$CWindowImplBaseT@VCWindow@ATL@@V?$CWinTraits@$0FGAAAAAA@$0A@@2@@ATL@@QEAAPEAUHWND__@@PEAU3@V_U_RECT@2@PEB_WKKV_U_MENUorID@2@GPEAX@Z 0000000180006e6c f i BillAcceptor.obj
 0001:00005fdc       ?Create@CRegKey@ATL@@QEAAJPEAUHKEY__@@PEB_WPEA_WKKPEAU_SECURITY_ATTRIBUTES@@PEAK@Z 0000000180006fdc f i BillAcceptor.obj
 0001:000060c0       ?CreateInstance@?$CComCreator@V?$CComAggObject@VCOPOSBillAcceptor@@@ATL@@@ATL@@SAJPEAXAEBU_GUID@@PEAPEAX@Z 00000001800070c0 f i BillAcceptor.obj
 0001:00006198       ?CreateInstance@?$CComCreator@V?$CComObject@VCOPOSBillAcceptor@@@ATL@@@ATL@@SAJPEAXAEBU_GUID@@PEAPEAX@Z 0000000180007198 f i BillAcceptor.obj
 0001:00006250       ?CreateInstance@?$CComObject@V?$CComEnum@UIEnumConnectionPoints@@$1?_GUID_b196b285_bab4_101a_b69c_00aa00341d07@@3U__s_GUID@@BPEAUIConnectionPoint@@V?$_CopyInterface@UIConnectionPoint@@@ATL@@VCComSingleThreadModel@6@@ATL@@@ATL@@SAJPEAPEAV12@@Z 0000000180007250 f i BillAcceptor.obj
 0001:000062dc       ?CreateInstance@?$CComObject@V?$CComEnum@UIEnumConnections@@$1?_GUID_b196b287_bab4_101a_b69c_00aa00341d07@@3U__s_GUID@@BUtagCONNECTDATA@@V?$_Copy@UtagCONNECTDATA@@@ATL@@VCComSingleThreadModel@6@@ATL@@@ATL@@SAJPEAPEAV12@@Z 00000001800072dc f i BillAcceptor.obj
 0001:00006368       ?DefaultReflectionHandler@?$CWindowImplRoot@VCWindow@ATL@@@ATL@@SAHPEAUHWND__@@I_K_JAEA_J@Z 0000000180007368 f i BillAcceptor.obj
 0001:000063cc       ?DoEvent@COPOSBillAcceptor@@IEAAXI_K_J@Z 00000001800073cc f i BillAcceptor.obj
 0001:00006480       ?DoVerbPrimary@?$IOleObjectImpl@VCOPOSBillAcceptor@@@ATL@@QEAAJPEBUtagRECT@@PEAUHWND__@@@Z 0000000180007480 f i BillAcceptor.obj
 0001:000065a8       ?DoVerbProperties@CComControlBase@ATL@@QEAAJPEBUtagRECT@@PEAUHWND__@@@Z 00000001800075a8 f i BillAcceptor.obj
 0001:000067d0       ?FireTheEvent@?$CProxy_IOPOSEvents@VCOPOSBillAcceptor@@@@IEAAXPEAVOposVariant@@IAEAJPEB_WJ@Z 00000001800077d0 f i BillAcceptor.obj
 0001:000068bc       ?FireViewChange@CComControlBase@ATL@@QEAAJXZ 00000001800078bc f i BillAcceptor.obj
 0001:00006920       ?Fire_DataEvent@?$CProxy_IOPOSEvents@VCOPOSBillAcceptor@@@@QEAAXJ@Z 0000000180007920 f i BillAcceptor.obj
 0001:00006a0c       ?Fire_DirectIOEvent@?$CProxy_IOPOSEvents@VCOPOSBillAcceptor@@@@QEAAXJPEAJPEAPEA_W@Z 0000000180007a0c f i BillAcceptor.obj
 0001:00006b64       ?Fire_StatusUpdateEvent@?$CProxy_IOPOSEvents@VCOPOSBillAcceptor@@@@QEAAXJ@Z 0000000180007b64 f i BillAcceptor.obj
 0001:00006c50       ?FreeHeap@?$CTempBuffer@_W$0EAA@VCCRTAllocator@ATL@@@ATL@@AEAAXXZ 0000000180007c50 f i BillAcceptor.obj
 0001:00006c50       ?FreeHeap@?$CTempBuffer@_W$0BAA@VCCRTAllocator@ATL@@@ATL@@AEAAXXZ 0000000180007c50 f i BillAcceptor.obj
 0001:00006c50       ?FreeHeap@?$CTempBuffer@E$0BAA@VCCRTAllocator@ATL@@@ATL@@AEAAXXZ 0000000180007c50 f i BillAcceptor.obj
 0001:00006c58       ?GetAmbientLocaleID@CComControlBase@ATL@@QEAAJAEAK@Z 0000000180007c58 f i BillAcceptor.obj
 0001:00006d18       ?GetAmbientUserMode@CComControlBase@ATL@@QEAAJAEAH@Z 0000000180007d18 f i BillAcceptor.obj
 0001:00006dec       ?GetClassObject@CComModule@ATL@@QEAAJAEBU_GUID@@0PEAPEAX@Z 0000000180007dec f i BillAcceptor.obj
 0001:00006ee0       ?GetConnMap@COPOSBillAcceptor@@SAPEBU_ATL_CONNMAP_ENTRY@ATL@@PEAH@Z 0000000180007ee0 f i BillAcceptor.obj
 0001:00006f68       ?GetIDsOfNames@CComTypeInfoHolder@ATL@@QEAAJAEBU_GUID@@PEAPEA_WIKPEAJ@Z 0000000180007f68 f i BillAcceptor.obj
 0001:000070e0       ?GetPagesHelper@?$ISpecifyPropertyPagesImpl@VCOPOSBillAcceptor@@@ATL@@IEAAJPEAUtagCAUUID@@PEBUATL_PROPMAP_ENTRY@2@@Z 00000001800080e0 f i BillAcceptor.obj
 0001:00007280       ?GetSizeMax@CComVariant@ATL@@QEBAJPEAT_ULARGE_INTEGER@@@Z 0000000180008280 f i BillAcceptor.obj
 0001:000074b4       ?GetTI@CComTypeInfoHolder@ATL@@QEAAJK@Z 00000001800084b4 f i BillAcceptor.obj
 0001:0000772c       ?GetZoomInfo@CComControlBase@ATL@@QEAAXAEAUATL_DRAWINFO@@@Z 000000018000872c f i BillAcceptor.obj
 0001:000077d0       ?HKeyFromString@CRegParser@ATL@@KAPEAUHKEY__@@PEA_W@Z 00000001800087d0 f i BillAcceptor.obj
 0001:00007834       ?IDataObject_GetData@CComControlBase@ATL@@QEAAJPEAUtagFORMATETC@@PEAUtagSTGMEDIUM@@@Z 0000000180008834 f i BillAcceptor.obj
 0001:00007a28       ?IOleInPlaceObject_InPlaceDeactivate@CComControlBase@ATL@@QEAAJXZ 0000000180008a28 f i BillAcceptor.obj
 0001:00007ac8       ?IOleInPlaceObject_SetObjectRects@CComControlBase@ATL@@QEAAJPEBUtagRECT@@0@Z 0000000180008ac8 f i BillAcceptor.obj
 0001:00007bb8       ?IOleInPlaceObject_UIDeactivate@CComControlBase@ATL@@QEAAJXZ 0000000180008bb8 f i BillAcceptor.obj
 0001:00007cc4       ?IOleObject_Close@CComControlBase@ATL@@QEAAJK@Z 0000000180008cc4 f i BillAcceptor.obj
 0001:00007ddc       ?IOleObject_SetClientSite@CComControlBase@ATL@@QEAAJPEAUIOleClientSite@@@Z 0000000180008ddc f i BillAcceptor.obj
 0001:00007e54       ?IOleObject_SetExtent@CComControlBase@ATL@@QEAAJKPEAUtagSIZE@@@Z 0000000180008e54 f i BillAcceptor.obj
 0001:00007eec       ?IPSI_GetIPersistStreamInit@?$IPersistStorageImpl@VCOPOSBillAcceptor@@@ATL@@AEAAPEAUIPersistStreamInit@@XZ 0000000180008eec f i BillAcceptor.obj
 0001:00007f48       ?IQuickActivate_QuickActivate@CComControlBase@ATL@@QEAAJPEAUtagQACONTAINER@@PEAUtagQACONTROL@@@Z 0000000180008f48 f i BillAcceptor.obj
 0001:0000820c       ?IViewObject_Draw@CComControlBase@ATL@@QEAAJKJPEAXPEAUtagDVTARGETDEVICE@@PEAUHDC__@@2PEBU_RECTL@@3@Z 000000018000920c f i BillAcceptor.obj
 0001:00008320       ?InPlaceActivate@CComControlBase@ATL@@QEAAJJPEBUtagRECT@@@Z 0000000180009320 f i BillAcceptor.obj
 0001:00008658       ?Init@?$CComEnumImpl@UIEnumConnectionPoints@@$1?_GUID_b196b285_bab4_101a_b69c_00aa00341d07@@3U__s_GUID@@BPEAUIConnectionPoint@@V?$_CopyInterface@UIConnectionPoint@@@ATL@@@ATL@@QEAAJPEAPEAUIConnectionPoint@@0PEAUIUnknown@@W4CComEnumFlags@2@@Z 0000000180009658 f i BillAcceptor.obj
 0001:00008778       ?Init@?$CComEnumImpl@UIEnumConnections@@$1?_GUID_b196b287_bab4_101a_b69c_00aa00341d07@@3U__s_GUID@@BUtagCONNECTDATA@@V?$_Copy@UtagCONNECTDATA@@@ATL@@@ATL@@QEAAJPEAUtagCONNECTDATA@@0PEAUIUnknown@@W4CComEnumFlags@2@@Z 0000000180009778 f i BillAcceptor.obj
 0001:0000889c       ?IsEqualObject@?$CComPtrBase@UITypeInfo@@@ATL@@QEAA_NPEAUIUnknown@@@Z 000000018000989c f i BillAcceptor.obj
 0001:0000889c       ?IsEqualObject@?$CComPtrBase@UIOleClientSite@@@ATL@@QEAA_NPEAUIUnknown@@@Z 000000018000989c f i BillAcceptor.obj
 0001:00008928       ?LoadNameCache@CComTypeInfoHolder@ATL@@QEAAJPEAUITypeInfo@@@Z 0000000180009928 f i BillAcceptor.obj
 0001:00008aac       ?Lookup@?$CSimpleMap@PEA_WPEA_WVCExpansionVectorEqualHelper@ATL@@@ATL@@QEBAPEA_WAEBQEA_W@Z 0000000180009aac f i BillAcceptor.obj
 0001:00008b38       ?NextToken@CRegParser@ATL@@IEAAJPEA_W@Z 0000000180009b38 f i BillAcceptor.obj
 0001:00008cf0       ?OnKillFocus@CComControlBase@ATL@@QEAA_JI_K_JAEAH@Z 0000000180009cf0 f i BillAcceptor.obj
 0001:00008d8c       ?OnMouseActivate@CComControlBase@ATL@@QEAA_JI_K_JAEAH@Z 0000000180009d8c f i BillAcceptor.obj
 0001:00008e2c       ?OnPaint@CComControlBase@ATL@@QEAA_JI_K_JAEAH@Z 0000000180009e2c f i BillAcceptor.obj
 0001:00008f18       ?OnSetFocus@CComControlBase@ATL@@QEAA_JI_K_JAEAH@Z 0000000180009f18 f i BillAcceptor.obj
 0001:00009014       ?Open@CRegKey@ATL@@QEAAJPEAUHKEY__@@PEB_WK@Z 000000018000a014 f i BillAcceptor.obj
 0001:00009090       ?PreProcessBuffer@CRegParser@ATL@@QEAAJPEA_WPEAPEA_W@Z 000000018000a090 f i BillAcceptor.obj
 0001:00009414       ?ProcessWindowMessage@?$CComControl@VCOPOSBillAcceptor@@V?$CWindowImpl@VCOPOSBillAcceptor@@VCWindow@ATL@@V?$CWinTraits@$0FGAAAAAA@$0A@@3@@ATL@@@ATL@@UEAAHPEAUHWND__@@I_K_JAEA_JK@Z 000000018000a414 f i BillAcceptor.obj
 0001:000094f8       ?PutProperty@?$CComPtr@UIDispatch@@@ATL@@SAJPEAUIDispatch@@JPEAUtagVARIANT@@@Z 000000018000a4f8 f i BillAcceptor.obj
 0001:000095fc       ?ReadFromStream@CComBSTR@ATL@@QEAAJPEAUIStream@@@Z 000000018000a5fc f i BillAcceptor.obj
 0001:00009758       ?ReadFromStream@CComVariant@ATL@@QEAAJPEAUIStream@@GTClassesAllowedInStream@2@K@Z 000000018000a758 f i BillAcceptor.obj
 0001:00009968       ?RecurseDeleteKey@CRegKey@ATL@@QEAAJPEB_W@Z 000000018000a968 f i BillAcceptor.obj
 0001:00009a8c       ?RegCreateKeyExW@CAtlTransactionManager@ATL@@QEAAJPEAUHKEY__@@PEB_WKPEA_WKKQEAU_SECURITY_ATTRIBUTES@@PEAPEAU3@PEAK@Z 000000018000aa8c f i BillAcceptor.obj
 0001:00009bc0       ?RegDeleteKeyW@CAtlTransactionManager@ATL@@QEAAJPEAUHKEY__@@PEB_W@Z 000000018000abc0 f i BillAcceptor.obj
 0001:00009c4c       ?RegOpenKeyExW@CAtlTransactionManager@ATL@@QEAAJPEAUHKEY__@@PEB_WKKPEAPEAU3@@Z 000000018000ac4c f i BillAcceptor.obj
 0001:00009d04       ?RegisterBuffer@CRegParser@ATL@@QEAAJPEA_WH@Z 000000018000ad04 f i BillAcceptor.obj
 0001:00009e6c       ?RegisterFromResource@CRegObject@ATL@@IEAAJPEB_W00H@Z 000000018000ae6c f i BillAcceptor.obj
 0001:0000a028       ?RegisterServer@CComModule@ATL@@QEAAJHPEBU_GUID@@@Z 000000018000b028 f i BillAcceptor.obj
 0001:0000a0e8       ?RegisterSubkeys@CRegParser@ATL@@IEAAJPEA_WPEAUHKEY__@@HH@Z 000000018000b0e8 f i BillAcceptor.obj
 0001:0000a7d8       ?SendOnDataChange@CComControlBase@ATL@@QEAAJK@Z 000000018000b7d8 f i BillAcceptor.obj
 0001:0000a848       ?SetControlFocus@CComControlBase@ATL@@QEAAHH@Z 000000018000b848 f i BillAcceptor.obj
 0001:0000a924       ?SkipAssignment@CRegParser@ATL@@IEAAJPEA_W@Z 000000018000b924 f i BillAcceptor.obj
 0001:0000a9c8       ?Term@CComModule@ATL@@QEAAXXZ 000000018000b9c8 f i BillAcceptor.obj
 0001:0000aa74       ?UnregisterServer@CComModule@ATL@@QEAAJHPEBU_GUID@@@Z 000000018000ba74 f i BillAcceptor.obj
 0001:0000ab24       ?UpdateRegistryFromResource@CAtlModule@ATL@@QEAAJIHPEAU_ATL_REGMAP_ENTRY@2@@Z 000000018000bb24 f i BillAcceptor.obj
 0001:0000ae5c       ?UpdateRegistryFromResource@CAtlModule@ATL@@QEAAJPEB_WHPEAU_ATL_REGMAP_ENTRY@2@@Z 000000018000be5c f i BillAcceptor.obj
 0001:0000b1b4       ?VTFromRegType@CRegParser@ATL@@KAHPEB_WAEAG@Z 000000018000c1b4 f i BillAcceptor.obj
 0001:0000b250       ?WindowProc@?$CWindowImplBaseT@VCWindow@ATL@@V?$CWinTraits@$0FGAAAAAA@$0A@@2@@ATL@@SA_JPEAUHWND__@@I_K_J@Z 000000018000c250 f i BillAcceptor.obj
 0001:0000b3bc       ?WriteToStream@CComBSTR@ATL@@QEAAJPEAUIStream@@@Z 000000018000c3bc f i BillAcceptor.obj
 0001:0000b43c       ?WriteToStream@CComVariant@ATL@@QEAAJPEAUIStream@@@Z 000000018000c43c f i BillAcceptor.obj
 0001:0000b650       ?WriteToStream@CComVariant@ATL@@QEAAJPEAUIStream@@G@Z 000000018000c650 f i BillAcceptor.obj
 0001:0000b6e8       ?_AtlVerifyStackAvailable@_ATL_SAFE_ALLOCA_IMPL@ATL@@YA_N_K@Z 000000018000c6e8 f i BillAcceptor.obj
 0001:0000b76c       DllCanUnloadNow            000000018000c76c f   BillAcceptor.obj
 0001:0000b778       DllGetClassObject          000000018000c778 f   BillAcceptor.obj
 0001:0000b790       DllMain                    000000018000c790 f   BillAcceptor.obj
 0001:0000b838       DllRegisterServer          000000018000c838 f   BillAcceptor.obj
 0001:0000b84c       DllUnregisterServer        000000018000c84c f   BillAcceptor.obj
 0001:0000b860       __local_stdio_printf_options 000000018000c860 f i BillAcceptor.obj
 0001:0000b8f0       swprintf_s                 000000018000c8f0 f i BillAcceptor.obj
 0001:0000b944       ??0COPOSBillAcceptor@@QEAA@XZ 000000018000c944 f   BillAcceptorImpl.obj
 0001:0000ba08       ??1?$IConnectionPointImpl@VCOPOSBillAcceptor@@$1?IID_IPropertyNotifySink@@3U_GUID@@BVCComDynamicUnkArray@ATL@@@ATL@@QEAA@XZ 000000018000ca08 f i BillAcceptorImpl.obj
 0001:0000ba08       ??1?$IConnectionPointImpl@VCOPOSBillAcceptor@@$1?DIID__IOPOSBillAcceptorEvents@@3U_GUID@@BVCComDynamicUnkArray@ATL@@@ATL@@QEAA@XZ 000000018000ca08 f i BillAcceptorImpl.obj
 0001:0000ba64       ??1CComControlBase@ATL@@UEAA@XZ 000000018000ca64 f i BillAcceptorImpl.obj
 0001:0000bae0       ??1COPOSBillAcceptor@@UEAA@XZ 000000018000cae0 f   BillAcceptorImpl.obj
 0001:0000bb44       ?AdjustCashCounts@COPOSBillAcceptor@@UEAAJPEA_WPEAJ@Z 000000018000cb44 f   BillAcceptorImpl.obj
 0001:0000bbcc       ?BeginDeposit@COPOSBillAcceptor@@UEAAJPEAJ@Z 000000018000cbcc f   BillAcceptorImpl.obj
 0001:0000bbf4       ?CheckHealth@COPOSBillAcceptor@@UEAAJJPEAJ@Z 000000018000cbf4 f   BillAcceptorImpl.obj
 0001:0000bc70       ?ClaimDevice@COPOSBillAcceptor@@UEAAJJPEAJ@Z 000000018000cc70 f   BillAcceptorImpl.obj
 0001:0000bd10       ?ClearInput@COPOSBillAcceptor@@UEAAJPEAJ@Z 000000018000cd10 f   BillAcceptorImpl.obj
 0001:0000bd38       ?Close@COPOSBillAcceptor@@UEAAJPEAJ@Z 000000018000cd38 f   BillAcceptorImpl.obj
 0001:0000bdf0       ?CompareFirmwareVersion@COPOSBillAcceptor@@UEAAJPEA_WPEAJ1@Z 000000018000cdf0 f   BillAcceptorImpl.obj
 0001:0000becc       ?DirectIO@COPOSBillAcceptor@@UEAAJJPEAJPEAPEA_W0@Z 000000018000cecc f   BillAcceptorImpl.obj
 0001:0000bfc8       ?DoInvoke@COPOSBillAcceptor@@IEAAJJPEAVOposVariant@@IHPEAJ_N@Z 000000018000cfc8 f   BillAcceptorImpl.obj
 0001:0000c0fc       ?EndDeposit@COPOSBillAcceptor@@UEAAJJPEAJ@Z 000000018000d0fc f   BillAcceptorImpl.obj
 0001:0000c178       ?EventInit@COPOSBillAcceptor@@IEAAJXZ 000000018000d178 f i BillAcceptorImpl.obj
 0001:0000c2c0       ?EventUninit@COPOSBillAcceptor@@IEAAXXZ 000000018000d2c0 f i BillAcceptorImpl.obj
 0001:0000c324       ?EventWindowProc@COPOSBillAcceptor@@IEAA_JI_K_J@Z 000000018000d324 f i BillAcceptorImpl.obj
 0001:0000c458       ?FinalConstruct@COPOSBillAcceptor@@QEAAJXZ 000000018000d458 f   BillAcceptorImpl.obj
 0001:0000c494       ?FixDeposit@COPOSBillAcceptor@@UEAAJPEAJ@Z 000000018000d494 f   BillAcceptorImpl.obj
 0001:0000c4bc       ?FreezeEvents@COPOSBillAcceptor@@MEAAJH@Z 000000018000d4bc f   BillAcceptorImpl.obj
 0001:0000c530       ?GetOposProp@COPOSBillAcceptor@@IEAAJJPEAJJ@Z 000000018000d530 f   BillAcceptorImpl.obj
 0001:0000c64c       ?GetOposProp@COPOSBillAcceptor@@IEAAJJPEAPEA_WJ@Z 000000018000d64c f   BillAcceptorImpl.obj
 0001:0000c778       ?OnDraw@COPOSBillAcceptor@@MEAAJAEAUATL_DRAWINFO@@@Z 000000018000d778 f   BillAcceptorImpl.obj
 0001:0000c864       ?Open@COPOSBillAcceptor@@UEAAJPEA_WPEAJ@Z 000000018000d864 f   BillAcceptorImpl.obj
 0001:0000d0ec       ?PauseDeposit@COPOSBillAcceptor@@UEAAJJPEAJ@Z 000000018000e0ec f   BillAcceptorImpl.obj
 0001:0000d168       ?ReadCashCounts@COPOSBillAcceptor@@UEAAJPEAPEA_WPEAFPEAJ@Z 000000018000e168 f   BillAcceptorImpl.obj
 0001:0000d244       ?ReleaseDevice@COPOSBillAcceptor@@UEAAJPEAJ@Z 000000018000e244 f   BillAcceptorImpl.obj
 0001:0000d2b0       ?ResetStatistics@COPOSBillAcceptor@@UEAAJPEA_WPEAJ@Z 000000018000e2b0 f   BillAcceptorImpl.obj
 0001:0000d338       ?RetrieveStatistics@COPOSBillAcceptor@@UEAAJPEAPEA_WPEAJ@Z 000000018000e338 f   BillAcceptorImpl.obj
 0001:0000d3c0       ?SOProcessID@COPOSBillAcceptor@@UEAAJPEAJ@Z 000000018000e3c0 f   BillAcceptorImpl.obj
 0001:0000d3dc       ?SetCOFreezeEvents@COPOSBillAcceptor@@IEAAXF@Z 000000018000e3dc f   BillAcceptorImpl.obj
 0001:0000d4c0       ?SetOposProp@COPOSBillAcceptor@@IEAAJJJJ@Z 000000018000e4c0 f   BillAcceptorImpl.obj
 0001:0000d620       ?SetOposProp@COPOSBillAcceptor@@IEAAJJPEA_WJ@Z 000000018000e620 f   BillAcceptorImpl.obj
 0001:0000d778       ?UpdateFirmware@COPOSBillAcceptor@@UEAAJPEA_WPEAJ@Z 000000018000e778 f   BillAcceptorImpl.obj
 0001:0000d800       ?UpdateStatistics@COPOSBillAcceptor@@UEAAJPEA_WPEAJ@Z 000000018000e800 f   BillAcceptorImpl.obj
 0001:0000d888       ?get_BinaryConversion@COPOSBillAcceptor@@UEAAJPEAJ@Z 000000018000e888 f   BillAcceptorImpl.obj
 0001:0000d89c       ?get_CapCompareFirmwareVersion@COPOSBillAcceptor@@UEAAJPEAF@Z 000000018000e89c f   BillAcceptorImpl.obj
 0001:0000d8d0       ?get_CapDiscrepancy@COPOSBillAcceptor@@UEAAJPEAF@Z 000000018000e8d0 f   BillAcceptorImpl.obj
 0001:0000d904       ?get_CapFullSensor@COPOSBillAcceptor@@UEAAJPEAF@Z 000000018000e904 f   BillAcceptorImpl.obj
 0001:0000d938       ?get_CapJamSensor@COPOSBillAcceptor@@UEAAJPEAF@Z 000000018000e938 f   BillAcceptorImpl.obj
 0001:0000d96c       ?get_CapNearFullSensor@COPOSBillAcceptor@@UEAAJPEAF@Z 000000018000e96c f   BillAcceptorImpl.obj
 0001:0000d9a0       ?get_CapPauseDeposit@COPOSBillAcceptor@@UEAAJPEAF@Z 000000018000e9a0 f   BillAcceptorImpl.obj
 0001:0000d9d4       ?get_CapPowerReporting@COPOSBillAcceptor@@UEAAJPEAJ@Z 000000018000e9d4 f   BillAcceptorImpl.obj
 0001:0000d9e8       ?get_CapRealTimeData@COPOSBillAcceptor@@UEAAJPEAF@Z 000000018000e9e8 f   BillAcceptorImpl.obj
 0001:0000da1c       ?get_CapStatisticsReporting@COPOSBillAcceptor@@UEAAJPEAF@Z 000000018000ea1c f   BillAcceptorImpl.obj
 0001:0000da50       ?get_CapUpdateFirmware@COPOSBillAcceptor@@UEAAJPEAF@Z 000000018000ea50 f   BillAcceptorImpl.obj
 0001:0000da84       ?get_CapUpdateStatistics@COPOSBillAcceptor@@UEAAJPEAF@Z 000000018000ea84 f   BillAcceptorImpl.obj
 0001:0000dab8       ?get_CheckHealthText@COPOSBillAcceptor@@UEAAJPEAPEA_W@Z 000000018000eab8 f   BillAcceptorImpl.obj
 0001:0000dacc       ?get_Claimed@COPOSBillAcceptor@@UEAAJPEAF@Z 000000018000eacc f   BillAcceptorImpl.obj
 0001:0000db00       ?get_ControlObjectDescription@COPOSBillAcceptor@@UEAAJPEAPEA_W@Z 000000018000eb00 f   BillAcceptorImpl.obj
 0001:0000db64       ?get_ControlObjectVersion@COPOSBillAcceptor@@UEAAJPEAJ@Z 000000018000eb64 f   BillAcceptorImpl.obj
 0001:0000db70       ?get_CurrencyCode@COPOSBillAcceptor@@UEAAJPEAPEA_W@Z 000000018000eb70 f   BillAcceptorImpl.obj
 0001:0000db84       ?get_DataCount@COPOSBillAcceptor@@UEAAJPEAJ@Z 000000018000eb84 f   BillAcceptorImpl.obj
 0001:0000db98       ?get_DataEventEnabled@COPOSBillAcceptor@@UEAAJPEAF@Z 000000018000eb98 f   BillAcceptorImpl.obj
 0001:0000dbcc       ?get_DepositAmount@COPOSBillAcceptor@@UEAAJPEAJ@Z 000000018000ebcc f   BillAcceptorImpl.obj
 0001:0000dbe0       ?get_DepositCashList@COPOSBillAcceptor@@UEAAJPEAPEA_W@Z 000000018000ebe0 f   BillAcceptorImpl.obj
 0001:0000dbf4       ?get_DepositCodeList@COPOSBillAcceptor@@UEAAJPEAPEA_W@Z 000000018000ebf4 f   BillAcceptorImpl.obj
 0001:0000dc08       ?get_DepositCounts@COPOSBillAcceptor@@UEAAJPEAPEA_W@Z 000000018000ec08 f   BillAcceptorImpl.obj
 0001:0000dc1c       ?get_DepositStatus@COPOSBillAcceptor@@UEAAJPEAJ@Z 000000018000ec1c f   BillAcceptorImpl.obj
 0001:0000dc30       ?get_DeviceDescription@COPOSBillAcceptor@@UEAAJPEAPEA_W@Z 000000018000ec30 f   BillAcceptorImpl.obj
 0001:0000dc44       ?get_DeviceEnabled@COPOSBillAcceptor@@UEAAJPEAF@Z 000000018000ec44 f   BillAcceptorImpl.obj
 0001:0000dc78       ?get_DeviceName@COPOSBillAcceptor@@UEAAJPEAPEA_W@Z 000000018000ec78 f   BillAcceptorImpl.obj
 0001:0000dc8c       ?get_FreezeEvents@COPOSBillAcceptor@@UEAAJPEAF@Z 000000018000ec8c f   BillAcceptorImpl.obj
 0001:0000dcbc       ?get_FullStatus@COPOSBillAcceptor@@UEAAJPEAJ@Z 000000018000ecbc f   BillAcceptorImpl.obj
 0001:0000dcd0       ?get_OpenResult@COPOSBillAcceptor@@UEAAJPEAJ@Z 000000018000ecd0 f   BillAcceptorImpl.obj
 0001:0000dcdc       ?get_PowerNotify@COPOSBillAcceptor@@UEAAJPEAJ@Z 000000018000ecdc f   BillAcceptorImpl.obj
 0001:0000dcf0       ?get_PowerState@COPOSBillAcceptor@@UEAAJPEAJ@Z 000000018000ecf0 f   BillAcceptorImpl.obj
 0001:0000dd04       ?get_RealTimeDataEnabled@COPOSBillAcceptor@@UEAAJPEAF@Z 000000018000ed04 f   BillAcceptorImpl.obj
 0001:0000dd38       ?get_ResultCode@COPOSBillAcceptor@@UEAAJPEAJ@Z 000000018000ed38 f   BillAcceptorImpl.obj
 0001:0000dd74       ?get_ResultCodeExtended@COPOSBillAcceptor@@UEAAJPEAJ@Z 000000018000ed74 f   BillAcceptorImpl.obj
 0001:0000dd88       ?get_ServiceObjectDescription@COPOSBillAcceptor@@UEAAJPEAPEA_W@Z 000000018000ed88 f   BillAcceptorImpl.obj
 0001:0000dd9c       ?get_ServiceObjectVersion@COPOSBillAcceptor@@UEAAJPEAJ@Z 000000018000ed9c f   BillAcceptorImpl.obj
 0001:0000ddb0       ?get_State@COPOSBillAcceptor@@UEAAJPEAJ@Z 000000018000edb0 f   BillAcceptorImpl.obj
 0001:0000dddc       ?put_BinaryConversion@COPOSBillAcceptor@@UEAAJJ@Z 000000018000eddc f   BillAcceptorImpl.obj
 0001:0000ddf0       ?put_CurrencyCode@COPOSBillAcceptor@@UEAAJPEA_W@Z 000000018000edf0 f   BillAcceptorImpl.obj
 0001:0000de04       ?put_DataEventEnabled@COPOSBillAcceptor@@UEAAJF@Z 000000018000ee04 f   BillAcceptorImpl.obj
 0001:0000de1c       ?put_DeviceEnabled@COPOSBillAcceptor@@UEAAJF@Z 000000018000ee1c f   BillAcceptorImpl.obj
 0001:0000de34       ?put_FreezeEvents@COPOSBillAcceptor@@UEAAJF@Z 000000018000ee34 f   BillAcceptorImpl.obj
 0001:0000de84       ?put_PowerNotify@COPOSBillAcceptor@@UEAAJJ@Z 000000018000ee84 f   BillAcceptorImpl.obj
 0001:0000de98       ?put_RealTimeDataEnabled@COPOSBillAcceptor@@UEAAJF@Z 000000018000ee98 f   BillAcceptorImpl.obj
 0001:0000deb4       ?s_EventWindowProc@COPOSBillAcceptor@@KA_JPEAUHWND__@@I_K_J@Z 000000018000eeb4 f i BillAcceptorImpl.obj
 0001:0000df30       ??_U@YAPEAX_K@Z            000000018000ef30 f   LIBCMT:new_array.obj
 0001:0000df38       ??3@YAXPEAX_K@Z            000000018000ef38 f   LIBCMT:delete_scalar_size.obj
 0001:0000df38       ??_V@YAXPEAX@Z             000000018000ef38 f   LIBCMT:delete_array.obj
 0001:0000df40       ??_V@YAXPEAX_K@Z           000000018000ef40 f   LIBCMT:delete_array_size.obj
 0001:0000df48       __scrt_acquire_startup_lock 000000018000ef48 f   LIBCMT:utility.obj
 0001:0000df84       __scrt_dllmain_after_initialize_c 000000018000ef84 f   LIBCMT:utility.obj
 0001:0000dfb8       __scrt_dllmain_before_initialize_c 000000018000efb8 f   LIBCMT:utility.obj
 0001:0000dfd0       __scrt_dllmain_crt_thread_attach 000000018000efd0 f   LIBCMT:utility.obj
 0001:0000dff8       __scrt_dllmain_crt_thread_detach 000000018000eff8 f   LIBCMT:utility.obj
 0001:0000e010       __scrt_dllmain_exception_filter 000000018000f010 f   LIBCMT:utility.obj
 0001:0000e070       __scrt_dllmain_uninitialize_c 000000018000f070 f   LIBCMT:utility.obj
 0001:0000e0a0       __scrt_dllmain_uninitialize_critical 000000018000f0a0 f   LIBCMT:utility.obj
 0001:0000e0b4       __scrt_initialize_crt      000000018000f0b4 f   LIBCMT:utility.obj
 0001:0000e100       __scrt_initialize_onexit_tables 000000018000f100 f   LIBCMT:utility.obj
 0001:0000e1d8       __scrt_is_nonwritable_in_current_image 000000018000f1d8 f   LIBCMT:utility.obj
 0001:0000e274       __scrt_release_startup_lock 000000018000f274 f   LIBCMT:utility.obj
 0001:0000e298       __scrt_uninitialize_crt    000000018000f298 f   LIBCMT:utility.obj
 0001:0000e2c4       _onexit                    000000018000f2c4 f   LIBCMT:utility.obj
 0001:0000e314       atexit                     000000018000f314 f   LIBCMT:utility.obj
 0001:0000e32c       ??3@YAXPEAX@Z              000000018000f32c f   LIBCMT:delete_scalar.obj
 0001:0000e4bc       _Init_thread_footer        000000018000f4bc f   LIBCMT:thread_safe_statics.obj
 0001:0000e51c       _Init_thread_header        000000018000f51c f   LIBCMT:thread_safe_statics.obj
 0001:0000e584       _Init_thread_notify        000000018000f584 f   LIBCMT:thread_safe_statics.obj
 0001:0000e5d4       _Init_thread_wait          000000018000f5d4 f   LIBCMT:thread_safe_statics.obj
 0001:0000e64c       __raise_securityfailure    000000018000f64c f   LIBCMT:gs_report.obj
 0001:0000e680       __report_gsfailure         000000018000f680 f   LIBCMT:gs_report.obj
 0001:0000e754       __report_rangecheckfailure 000000018000f754 f   LIBCMT:gs_report.obj
 0001:0000e768       __report_securityfailure   000000018000f768 f   LIBCMT:gs_report.obj
 0001:0000e8e8       ??2@YAPEAX_KAEBUnothrow_t@std@@@Z 000000018000f8e8 f   LIBCMT:new_scalar_nothrow.obj
 0001:0000e908       ??_U@YAPEAX_KAEBUnothrow_t@std@@@Z 000000018000f908 f   LIBCMT:new_array_nothrow.obj
 0001:0000e910       __GSHandlerCheck           000000018000f910 f   LIBCMT:_gshandler_.obj
 0001:0000e930       __GSHandlerCheckCommon     000000018000f930 f   LIBCMT:_gshandler_.obj
 0001:0000e98c       __GSHandlerCheck_SEH       000000018000f98c f   LIBCMT:_gshandlerseh_.obj
 0001:0000ea30       __chkstk                   000000018000fa30 f   LIBCMT:_chkstk_.obj
 0001:0000ea30       _alloca_probe              000000018000fa30 f   LIBCMT:_chkstk_.obj
 0001:0000eaa0       __security_check_cookie    000000018000faa0 f   LIBCMT:_amdsecgs_.obj
 0001:0000edf4       _DllMainCRTStartup         000000018000fdf4 f   LIBCMT:dll_dllmain.obj
 0001:0000ee34       ??2@YAPEAX_K@Z             000000018000fe34 f   LIBCMT:new_scalar.obj
 0001:0000ee70       __isa_available_init       000000018000fe70 f   LIBCMT:_cpu_disp_.obj
 0001:0000f02c       _get_startup_argv_mode     000000018001002c f   LIBCMT:argv_mode.obj
 0001:0000f034       __scrt_is_ucrt_dll_in_use  0000000180010034 f   LIBCMT:ucrt_detection.obj
 0001:0000f040       __crt_debugger_hook        0000000180010040 f   LIBCMT:utility_desktop.obj
 0001:0000f048       __scrt_fastfail            0000000180010048 f   LIBCMT:utility_desktop.obj
 0001:0000f194       _guard_check_icall_nop     0000000180010194 f i LIBCMT:guard_support.obj
 0001:0000f198       __security_init_cookie     0000000180010198 f   LIBCMT:gs_support.obj
 0001:0000f244       ?__scrt_initialize_type_info@@YAXXZ 0000000180010244 f   LIBCMT:tncleanup.obj
 0001:0000f254       ?__scrt_uninitialize_type_info@@YAXXZ 0000000180010254 f   LIBCMT:tncleanup.obj
 0001:0000f260       __local_stdio_scanf_options 0000000180010260 f i LIBCMT:default_local_stdio_options.obj
 0001:0000f268       __scrt_initialize_default_local_stdio_options 0000000180010268 f   LIBCMT:default_local_stdio_options.obj
 0001:0000f284       __scrt_get_dyn_tls_init_callback 0000000180010284 f   LIBCMT:dyn_tls_init.obj
 0001:0000f28c       _RTC_Initialize            000000018001028c f   LIBCMT:_initsect_.obj
 0001:0000f2c8       _RTC_Terminate             00000001800102c8 f   LIBCMT:_initsect_.obj
 0001:0000f304       ??0bad_alloc@std@@QEAA@AEBV01@@Z 0000000180010304 f i LIBCMT:throw_bad_alloc.obj
 0001:0000f344       ??0bad_alloc@std@@QEAA@XZ  0000000180010344 f i LIBCMT:throw_bad_alloc.obj
 0001:0000f364       ??0bad_array_new_length@std@@QEAA@AEBV01@@Z 0000000180010364 f i LIBCMT:throw_bad_alloc.obj
 0001:0000f3a4       ??0bad_array_new_length@std@@QEAA@XZ 00000001800103a4 f i LIBCMT:throw_bad_alloc.obj
 0001:0000f3c4       ??0exception@std@@QEAA@AEBV01@@Z 00000001800103c4 f i LIBCMT:throw_bad_alloc.obj
 0001:0000f3fc       ??1bad_array_new_length@std@@UEAA@XZ 00000001800103fc f i LIBCMT:throw_bad_alloc.obj
 0001:0000f3fc       ??1bad_exception@std@@UEAA@XZ 00000001800103fc f i libvcruntime:frame.obj
 0001:0000f3fc       ??1bad_alloc@std@@UEAA@XZ  00000001800103fc f i LIBCMT:throw_bad_alloc.obj
 0001:0000f410       ??_Gbad_alloc@std@@UEAAPEAXI@Z 0000000180010410 f i LIBCMT:throw_bad_alloc.obj
 0001:0000f410       ??_Gbad_array_new_length@std@@UEAAPEAXI@Z 0000000180010410 f i LIBCMT:throw_bad_alloc.obj
 0001:0000f410       ??_Ebad_array_new_length@std@@UEAAPEAXI@Z 0000000180010410 f i LIBCMT:throw_bad_alloc.obj
 0001:0000f410       ??_Eexception@std@@UEAAPEAXI@Z 0000000180010410 f i LIBCMT:throw_bad_alloc.obj
 0001:0000f410       ??_Gexception@std@@UEAAPEAXI@Z 0000000180010410 f i LIBCMT:throw_bad_alloc.obj
 0001:0000f410       ??_Ebad_alloc@std@@UEAAPEAXI@Z 0000000180010410 f i LIBCMT:throw_bad_alloc.obj
 0001:0000f410       ??_Gbad_exception@std@@UEAAPEAXI@Z 0000000180010410 f i libvcruntime:frame.obj
 0001:0000f410       ??_Ebad_exception@std@@UEAAPEAXI@Z 0000000180010410 f i libvcruntime:frame.obj
 0001:0000f454       ?__scrt_throw_std_bad_alloc@@YAXXZ 0000000180010454 f   LIBCMT:throw_bad_alloc.obj
 0001:0000f474       ?__scrt_throw_std_bad_array_new_length@@YAXXZ 0000000180010474 f   LIBCMT:throw_bad_alloc.obj
 0001:0000f494       ?what@exception@std@@UEBAPEBDXZ 0000000180010494 f i LIBCMT:throw_bad_alloc.obj
 0001:0000f4b0       ??_Gtype_info@@UEAAPEAXI@Z 00000001800104b0 f i LIBCMT:std_type_info_static.obj
 0001:0000f4b0       ??_Etype_info@@UEAAPEAXI@Z 00000001800104b0 f i LIBCMT:std_type_info_static.obj
 0001:0000f4dc       ??0CAtlBaseModule@ATL@@QEAA@XZ 00000001800104dc f   atls:atlbase.obj
 0001:0000f584       ??1CAtlBaseModule@ATL@@QEAA@XZ 0000000180010584 f   atls:atlbase.obj
 0001:0000f6b8       ?__AllocStdCallThunk_cmn@@YAPEAXXZ 00000001800106b8 f   atls:atlthunk.obj
[...]
 0004:000017dc       $pdata$__acrt_SetThreadStackGuarantee 00000001800337dc     libucrt:winapi_thunks.obj
 0004:000017e8       $pdata$?try_get_function@@YAPEAXW4function_id@?A0x391cf84c@@QEBDQEBW4module_id@2@2@Z 00000001800337e8     libucrt:winapi_thunks.obj
 0004:000017f4       $pdata$isdigit             00000001800337f4     libucrt:_ctype.obj
 0004:00001800       $pdata$tolower             0000000180033800     libucrt:tolower_toupper.obj
 0004:0000180c       $pdata$_tolower_l          000000018003380c     libucrt:tolower_toupper.obj
 0004:00001818       $pdata$?internal_isupper_l@@YA_NHQEAU__crt_locale_pointers@@@Z 0000000180033818     libucrt:tolower_toupper.obj
 0004:00001824       $pdata$wcstol              0000000180033824     libucrt:strtox.obj
 0004:00001830       $pdata$_mbtowc_l           0000000180033830     libucrt:mbtowc.obj
 0004:0000183c       $pdata$wcsnlen             000000018003383c     libucrt:strnlen.obj
 0004:00001848       $pdata$__acrt_update_locale_info 0000000180033848     libucrt:locale_update.obj
 0004:00001854       $pdata$__acrt_update_multibyte_info 0000000180033854     libucrt:locale_update.obj
 0004:00001860       $pdata$__acrt_fp_format    0000000180033860     libucrt:cvt.obj
 0004:0000186c       $pdata$?fp_format_nan_or_infinity@@YAHW4__acrt_fp_class@@_NPEAD_K1@Z 000000018003386c     libucrt:cvt.obj
 0004:00001878       $pdata$?fp_format_e_internal@@YAHQEAD_KH_NIQEAU_strflt@@2QEAU__crt_locale_pointers@@@Z 0000000180033878     libucrt:cvt.obj
 0004:00001884       $pdata$?fp_format_e@@YAHQEBNQEAD_K12H_NIQEAU__crt_locale_pointers@@@Z 0000000180033884     libucrt:cvt.obj
 0004:00001890       $pdata$?fp_format_a@@YAHQEBNPEAD_KQEAD2H_NIQEAU__crt_locale_pointers@@@Z 0000000180033890     libucrt:cvt.obj
 0004:0000189c       $pdata$?fp_format_f_internal@@YAHQEAD_KHQEAU_strflt@@_NQEAU__crt_locale_pointers@@@Z 000000018003389c     libucrt:cvt.obj
 0004:000018a8       $pdata$?fp_format_g@@YAHQEBNQEAD_K12H_NIQEAU__crt_locale_pointers@@@Z 00000001800338a8     libucrt:cvt.obj
 0004:000018b4       $pdata$_fileno             00000001800338b4     libucrt:fileno.obj
 0004:000018c0       $pdata$__acrt_initialize_stdio 00000001800338c0     libucrt:_file.obj
 0004:000018cc       $pdata$__acrt_uninitialize_stdio 00000001800338cc     libucrt:_file.obj
 0004:000018d8       $pdata$__acrt_uninitialize_locale 00000001800338d8     libucrt:wsetlocale.obj
 0004:000018e4       $pdata$??$?RV<lambda_410d79af7f07d98d83a3f525b3859a53>@@AEAV<lambda_3e16ef9562a7dcce91392c22ab16ea36>@@V<lambda_38119f0e861e05405d8a144b9b982f0a>@@@?$__crt_seh_guarded_call@X@@QEAAX$$QEAV<lambda_410d79af7f07d98d83a3f525b3859a53>@@AEAV<lambda_3e16ef9562a7dcce91392c22ab16ea36>@@$$QEAV<lambda_38119f0e861e05405d8a144b9b982f0a>@@@Z 00000001800338e4     libucrt:wsetlocale.obj
 0004:000018f0       $pdata$?fin$0@?0???$?RV<lambda_410d79af7f07d98d83a3f525b3859a53>@@AEAV<lambda_3e16ef9562a7dcce91392c22ab16ea36>@@V<lambda_38119f0e861e05405d8a144b9b982f0a>@@@?$__crt_seh_guarded_call@X@@QEAAX$$QEAV<lambda_410d79af7f07d98d83a3f525b3859a53>@@AEAV<lambda_3e16ef9562a7dcce91392c22ab16ea36>@@$$QEAV<lambda_38119f0e861e05405d8a144b9b982f0a>@@@Z@4HA 00000001800338f0     libucrt:wsetlocale.obj
 0004:000018fc       $pdata$__acrt_initialize_lowio 00000001800338fc     libucrt:ioinit.obj
 0004:00001908       $pdata$__acrt_lowio_ensure_fh_exists$fin$0 0000000180033908     libucrt:osfinfo.obj
 0004:00001908       $pdata$__acrt_initialize_lowio$fin$0 0000000180033908     libucrt:ioinit.obj
 0004:00001914       $pdata$__acrt_uninitialize_lowio 0000000180033914     libucrt:ioinit.obj
 0004:00001920       $pdata$?initialize_inherited_file_handles_nolock@@YAXXZ 0000000180033920     libucrt:ioinit.obj
 0004:0000192c       $pdata$?initialize_stdio_handles_nolock@@YAXXZ 000000018003392c     libucrt:ioinit.obj
 0004:00001938       $pdata$__acrt_initialize_locks 0000000180033938     libucrt:locks.obj
 0004:00001944       $pdata$__acrt_uninitialize_locks 0000000180033944     libucrt:locks.obj
 0004:00001950       $pdata$__acrt_get_process_end_policy 0000000180033950     libucrt:win_policies.obj
 0004:0000195c       $pdata$??$common_expand_argv_wildcards@D@@YAHQEAPEADQEAPEAPEAD@Z 000000018003395c     libucrt:argv_wildcards.obj
 0004:00001968       $pdata$??$copy_and_add_argument_to_buffer@D@@YAHQEBD0_KAEAV?$argument_list@D@?A0x5f5c8891@@@Z 0000000180033968     libucrt:argv_wildcards.obj
 0004:00001974       $pdata$??$expand_argument_wildcards@D@@YAHQEAD0AEAV?$argument_list@D@?A0x5f5c8891@@@Z 0000000180033974     libucrt:argv_wildcards.obj
 0004:00001980       $pdata$__acrt_update_thread_multibyte_data 0000000180033980     libucrt:mbctype.obj
 0004:0000198c       $pdata$__acrt_initialize_multibyte 000000018003398c     libucrt:mbctype.obj
 0004:00001998       $pdata$_setmbcp_nolock     0000000180033998     libucrt:mbctype.obj
 0004:000019a4       $pdata$?getSystemCP@@YAHH@Z 00000001800339a4     libucrt:mbctype.obj
 0004:000019b0       $pdata$?setSBCS@@YAXPEAU__crt_multibyte_data@@@Z 00000001800339b0     libucrt:mbctype.obj
 0004:000019bc       $pdata$?setSBUpLow@@YAXPEAU__crt_multibyte_data@@@Z 00000001800339bc     libucrt:mbctype.obj
 0004:000019c8       $pdata$?update_thread_multibyte_data_internal@@YAPEAU__crt_multibyte_data@@QEAU__acrt_ptd@@QEAU1@@Z 00000001800339c8     libucrt:mbctype.obj
 0004:000019d4       $pdata$?fin$0@?0??update_thread_multibyte_data_internal@@YAPEAU__crt_multibyte_data@@QEAU__acrt_ptd@@QEAU1@@Z@4HA 00000001800339d4     libucrt:mbctype.obj
 0004:000019e0       $pdata$?setmbcp_internal@@YAHH_NQEAU__acrt_ptd@@QEAPEAU__crt_multibyte_data@@@Z 00000001800339e0     libucrt:mbctype.obj
 0004:000019ec       $pdata$??$?RV<lambda_efdfa57d1f175319df784efa44bb7b81>@@AEAV<lambda_5f0a4c1567f8adc6734073e5d1e1b35c>@@V<lambda_2e8a7d3640ea6ccb4c2413664c2db6fd>@@@?$__crt_seh_guarded_call@X@@QEAAX$$QEAV<lambda_efdfa57d1f175319df784efa44bb7b81>@@AEAV<lambda_5f0a4c1567f8adc6734073e5d1e1b35c>@@$$QEAV<lambda_2e8a7d3640ea6ccb4c2413664c2db6fd>@@@Z 00000001800339ec     libucrt:mbctype.obj
 0004:000019f8       $pdata$?x_ismbbtype_l@@YAHPEAU__crt_locale_pointers@@IHH@Z 00000001800339f8     libucrt:ismbbyte.obj
 0004:00001a04       $pdata$__acrt_initialize_command_line 0000000180033a04     libucrt:argv_data.obj
 0004:00001a10       $pdata$__dcrt_get_narrow_environment_from_os 0000000180033a10     libucrt:get_environment_from_os.obj
 0004:00001a1c       $pdata$__acrt_initialize_heap 0000000180033a1c     libucrt:heap_handle.obj
 0004:00001a28       $pdata$__acrt_execute_initializers 0000000180033a28     libucrt:shared_initialization.obj
 0004:00001a34       $pdata$__acrt_execute_uninitializers 0000000180033a34     libucrt:shared_initialization.obj
 0004:00001a40       $pdata$__acrt_get_sigabrt_handler 0000000180033a40     libucrt:signal.obj
 0004:00001a4c       $pdata$raise               0000000180033a4c     libucrt:signal.obj
 0004:00001a58       $pdata$raise$fin$0         0000000180033a58     libucrt:signal.obj
 0004:00001a64       $pdata$??$?RV<lambda_450d765d439847d4c735a33c368b5fc0>@@AEAV<lambda_44731a7d0e6d81c3e6aa82d741081786>@@V<lambda_601a2a7da3b7a96e9554ac7215c4b07c>@@@?$__crt_seh_guarded_call@P6AXH@Z@@QEAAP6AXH@Z$$QEAV<lambda_450d765d439847d4c735a33c368b5fc0>@@AEAV<lambda_44731a7d0e6d81c3e6aa82d741081786>@@$$QEAV<lambda_601a2a7da3b7a96e9554ac7215c4b07c>@@@Z 0000000180033a64     libucrt:signal.obj
 0004:00001a70       $pdata$__pctype_func       0000000180033a70     libucrt:ctype.obj
 0004:00001a7c       $pdata$iswctype            0000000180033a7c     libucrt:iswctype.obj
 0004:00001a88       $pdata$_isctype_l          0000000180033a88     libucrt:isctype.obj
 0004:00001a94       $pdata$__acrt_release_locale_ref 0000000180033a94     libucrt:locale_refcounting.obj
 0004:00001aa0       $pdata$__acrt_free_locale  0000000180033aa0     libucrt:locale_refcounting.obj
 0004:00001aac       $pdata$__acrt_locale_free_lc_time_if_unreferenced 0000000180033aac     libucrt:locale_refcounting.obj
 0004:00001ab8       $pdata$__acrt_update_thread_locale_data 0000000180033ab8     libucrt:locale_refcounting.obj
 0004:00001ac4       $pdata$__acrt_update_thread_locale_data$fin$0 0000000180033ac4     libucrt:locale_refcounting.obj
 0004:00001ad0       $pdata$_updatetlocinfoEx_nolock 0000000180033ad0     libucrt:locale_refcounting.obj
 0004:00001adc       $pdata$__acrt_DownlevelLocaleNameToLCID 0000000180033adc     libucrt:lcidtoname_downlevel.obj
 0004:00001ae8       $pdata$?GetTableIndexFromLocaleName@@YAHPEB_W@Z 0000000180033ae8     libucrt:lcidtoname_downlevel.obj
 0004:00001af4       $pdata$_isleadbyte_l       0000000180033af4     libucrt:_wctype.obj
 0004:00001b00       $pdata$__acrt_LCMapStringA 0000000180033b00     libucrt:lcmapstringa.obj
 0004:00001b0c       $pdata$?__acrt_LCMapStringA_stat@@YAHPEAU__crt_locale_pointers@@PEB_WKPEBDHPEADHHH@Z 0000000180033b0c     libucrt:lcmapstringa.obj
 0004:00001b18       $pdata$__acrt_fp_strflt_to_string 0000000180033b18     libucrt:_fptostr.obj
 0004:00001b24       $pdata$memcpy_s            0000000180033b24     libucrt:cfout.obj
 0004:00001b30       $pdata$__acrt_fltout       0000000180033b30     libucrt:cfout.obj
 0004:00001b3c       $pdata$?divide@__crt_strtox@@YA_KAEAUbig_integer@1@AEBU21@@Z 0000000180033b3c     libucrt:cfout.obj
 0004:00001b48       $pdata$5$?divide@__crt_strtox@@YA_KAEAUbig_integer@1@AEBU21@@Z 0000000180033b48     libucrt:cfout.obj
 0004:00001b54       $pdata$6$?divide@__crt_strtox@@YA_KAEAUbig_integer@1@AEBU21@@Z 0000000180033b54     libucrt:cfout.obj
 0004:00001b60       $pdata$_fcloseall          0000000180033b60     libucrt:closeall.obj
 0004:00001b6c       $pdata$_fcloseall$fin$0    0000000180033b6c     libucrt:closeall.obj
 0004:00001b78       $pdata$_fflush_nolock      0000000180033b78     libucrt:fflush.obj
 0004:00001b84       $pdata$__acrt_stdio_flush_nolock 0000000180033b84     libucrt:fflush.obj
 0004:00001b90       $pdata$?common_flush_all@@YAH_N@Z 0000000180033b90     libucrt:fflush.obj
 0004:00001b9c       $pdata$??$?RV<lambda_842d9ff0dc9ef11c61343bbaebe7f885>@@AEAV<lambda_c5860995281e5c4ce005b3de8f5874ee>@@V<lambda_d90129c13df834fdcbf8d2b88dafcf2d>@@@?$__crt_seh_guarded_call@X@@QEAAX$$QEAV<lambda_842d9ff0dc9ef11c61343bbaebe7f885>@@AEAV<lambda_c5860995281e5c4ce005b3de8f5874ee>@@$$QEAV<lambda_d90129c13df834fdcbf8d2b88dafcf2d>@@@Z 0000000180033b9c     libucrt:fflush.obj
 0004:00001ba8       $pdata$?fin$0@?0???$?RV<lambda_842d9ff0dc9ef11c61343bbaebe7f885>@@AEAV<lambda_c5860995281e5c4ce005b3de8f5874ee>@@V<lambda_d90129c13df834fdcbf8d2b88dafcf2d>@@@?$__crt_seh_guarded_call@X@@QEAAX$$QEAV<lambda_842d9ff0dc9ef11c61343bbaebe7f885>@@AEAV<lambda_c5860995281e5c4ce005b3de8f5874ee>@@$$QEAV<lambda_d90129c13df834fdcbf8d2b88dafcf2d>@@@Z@4HA 0000000180033ba8     libucrt:fflush.obj
 0004:00001bb4       $pdata$??$?RV<lambda_886d6c58226a84441f68b9f2b8217b83>@@AEAV<lambda_ab61a845afdef5b7c387490eaf3616ee>@@V<lambda_f7f22ab5edc0698d5f6905b0d3f44752>@@@?$__crt_seh_guarded_call@X@@QEAAX$$QEAV<lambda_886d6c58226a84441f68b9f2b8217b83>@@AEAV<lambda_ab61a845afdef5b7c387490eaf3616ee>@@$$QEAV<lambda_f7f22ab5edc0698d5f6905b0d3f44752>@@@Z 0000000180033bb4     libucrt:fflush.obj
 0004:00001bc0       $pdata$?fin$0@?0???$?RV<lambda_886d6c58226a84441f68b9f2b8217b83>@@AEAV<lambda_ab61a845afdef5b7c387490eaf3616ee>@@V<lambda_f7f22ab5edc0698d5f6905b0d3f44752>@@@?$__crt_seh_guarded_call@X@@QEAAX$$QEAV<lambda_886d6c58226a84441f68b9f2b8217b83>@@AEAV<lambda_ab61a845afdef5b7c387490eaf3616ee>@@$$QEAV<lambda_f7f22ab5edc0698d5f6905b0d3f44752>@@@Z@4HA 0000000180033bc0     libucrt:fflush.obj
 0004:00001bcc       $pdata$__acrt_stdio_free_buffer_nolock 0000000180033bcc     libucrt:_freebuf.obj
 0004:00001bd8       $pdata$_isatty             0000000180033bd8     libucrt:isatty.obj
 0004:00001be4       $pdata$__acrt_locale_free_monetary 0000000180033be4     libucrt:initmon.obj
 0004:00001bf0       $pdata$__acrt_locale_free_numeric 0000000180033bf0     libucrt:initnum.obj
 0004:00001bfc       $pdata$__acrt_locale_free_time 0000000180033bfc     libucrt:inittime.obj
 0004:00001c08       $pdata$?free_crt_array_internal@@YAXQEAPEBX_K@Z 0000000180033c08     libucrt:inittime.obj
 0004:00001c14       $pdata$__acrt_GetStringTypeA 0000000180033c14     libucrt:getstringtypea.obj
 0004:00001c20       $pdata$_get_osfhandle      0000000180033c20     libucrt:osfinfo.obj
 0004:00001c2c       $pdata$_free_osfhnd        0000000180033c2c     libucrt:osfinfo.obj
 0004:00001c38       $pdata$__acrt_lowio_create_handle_array 0000000180033c38     libucrt:osfinfo.obj
 0004:00001c44       $pdata$__acrt_lowio_destroy_handle_array 0000000180033c44     libucrt:osfinfo.obj
 0004:00001c50       $pdata$__acrt_lowio_ensure_fh_exists 0000000180033c50     libucrt:osfinfo.obj
 0004:00001c5c       $pdata$qsort               0000000180033c5c     libucrt:qsort.obj
 0004:00001c68       $pdata$4$qsort             0000000180033c68     libucrt:qsort.obj
 0004:00001c74       $pdata$5$qsort             0000000180033c74     libucrt:qsort.obj
 0004:00001c80       $pdata$?shortsort@@YAXPEAD0_KP6AHPEBX2@Z@Z 0000000180033c80     libucrt:qsort.obj
 0004:00001c8c       $pdata$2$?shortsort@@YAXPEAD0_KP6AHPEBX2@Z@Z 0000000180033c8c     libucrt:qsort.obj
 0004:00001c98       $pdata$3$?shortsort@@YAXPEAD0_KP6AHPEBX2@Z@Z 0000000180033c98     libucrt:qsort.obj
 0004:00001ca4       $pdata$strncpy_s           0000000180033ca4     libucrt:strncpy_s.obj
 0004:00001cb0       $pdata$strpbrk             0000000180033cb0     libucrt:strpbrk.obj
 0004:00001cbc       $pdata$_mbsdec_l           0000000180033cbc     libucrt:mbsdec.obj
 0004:00001cc8       $pdata$?initialize_multibyte@@YAHXZ 0000000180033cc8     libucrt:multibyte_initializer.obj
 0004:00001cd4       $pdata$fegetenv            0000000180033cd4     libucrt:fegetenv.obj
 0004:00001ce0       $pdata$fesetenv            0000000180033ce0     libucrt:fesetenv.obj
 0004:00001cec       $pdata$feholdexcept        0000000180033cec     libucrt:feholdexcept.obj
 0004:00001d04       $pdata$_write              0000000180033d04     libucrt:write.obj
 0004:00001d10       $pdata$_write$fin$0        0000000180033d10     libucrt:write.obj
 0004:00001d1c       $pdata$_write_nolock       0000000180033d1c     libucrt:write.obj
 0004:00001d28       $pdata$?write_double_translated_ansi_nolock@@YA?AUwrite_result@?A0x17268360@@HQEBDI@Z 0000000180033d28     libucrt:write.obj
 0004:00001d34       $pdata$?write_text_ansi_nolock@@YA?AUwrite_result@?A0x17268360@@HQEBDI@Z 0000000180033d34     libucrt:write.obj
 0004:00001d40       $pdata$?write_text_utf16le_nolock@@YA?AUwrite_result@?A0x17268360@@HQEBDI@Z 0000000180033d40     libucrt:write.obj
 0004:00001d4c       $pdata$?write_text_utf8_nolock@@YA?AUwrite_result@?A0x17268360@@HQEBDI@Z 0000000180033d4c     libucrt:write.obj
 0004:00001d58       $pdata$??$common_lseek_nolock@_J@@YA_JH_JH@Z 0000000180033d58     libucrt:lseek.obj
 0004:00001d64       $pdata$fclose              0000000180033d64     libucrt:fclose.obj
 0004:00001d70       $pdata$fclose$fin$0        0000000180033d70     libucrt:fclose.obj
 0004:00001d7c       $pdata$_fclose_nolock      0000000180033d7c     libucrt:fclose.obj
 0004:00001d88       $pdata$_commit             0000000180033d88     libucrt:commit.obj
 0004:00001d94       $pdata$??$?RV<lambda_a37b2b86f63e897a80ea819b0eb08c01>@@AEAV<lambda_38ce7e780aa69e748d6df282ebc68efe>@@V<lambda_99fb1378e971ab6e7edea83e3a7a83a2>@@@?$__crt_seh_guarded_call@H@@QEAAH$$QEAV<lambda_a37b2b86f63e897a80ea819b0eb08c01>@@AEAV<lambda_38ce7e780aa69e748d6df282ebc68efe>@@$$QEAV<lambda_99fb1378e971ab6e7edea83e3a7a83a2>@@@Z 0000000180033d94     libucrt:commit.obj
 0004:00001da0       $pdata$?fin$0@?0???$?RV<lambda_a37b2b86f63e897a80ea819b0eb08c01>@@AEAV<lambda_38ce7e780aa69e748d6df282ebc68efe>@@V<lambda_99fb1378e971ab6e7edea83e3a7a83a2>@@@?$__crt_seh_guarded_call@H@@QEAAH$$QEAV<lambda_a37b2b86f63e897a80ea819b0eb08c01>@@AEAV<lambda_38ce7e780aa69e748d6df282ebc68efe>@@$$QEAV<lambda_99fb1378e971ab6e7edea83e3a7a83a2>@@@Z@4HA 0000000180033da0     libucrt:commit.obj
 0004:00001da0       $pdata$?fin$0@?0???$?RV<lambda_751a882b2c74d4b022dec766aa51a29a>@@AEAV<lambda_628dfdc04ba53c8bfc02c9951375f3f5>@@V<lambda_f6c7be5f7998530c34de24c7437d6b54>@@@?$__crt_seh_guarded_call@H@@QEAAH$$QEAV<lambda_751a882b2c74d4b022dec766aa51a29a>@@AEAV<lambda_628dfdc04ba53c8bfc02c9951375f3f5>@@$$QEAV<lambda_f6c7be5f7998530c34de24c7437d6b54>@@@Z@4HA 0000000180033da0     libucrt:close.obj
 0004:00001dac       $pdata$_setfpstatusword    0000000180033dac     libucrt:_fenvutils.obj
 0004:00001db8       $pdata$_getfpcontrolword   0000000180033db8     libucrt:_fenvutils.obj
 0004:00001dc4       $pdata$_getfpstatusword    0000000180033dc4     libucrt:_fenvutils.obj
 0004:00001dd0       $pdata$_clearfp            0000000180033dd0     libucrt:ieee.obj
 0004:00001ddc       $pdata$common_control87    0000000180033ddc     libucrt:ieee.obj
 0004:00001de8       $pdata$common_control87$filt$0 0000000180033de8     libucrt:ieee.obj
 0004:00001de8       $pdata$_ctrlfp$filt$0      0000000180033de8     libucrt:fpctrl.obj
 0004:00001df4       $pdata$_call_matherr       0000000180033df4     libucrt:libm_error.obj
 0004:00001e00       $pdata$_exception_enabled  0000000180033e00     libucrt:libm_error.obj
 0004:00001e0c       $pdata$_handle_error       0000000180033e0c     libucrt:libm_error.obj
 0004:00001e18       $pdata$__acrt_initialize_fma3 0000000180033e18     libucrt:fma3_available.obj
 0004:00001e24       $pdata$_log_special_common 0000000180033e24     libucrt:log_special.obj
 0004:00001e30       $pdata$_log10_special      0000000180033e30     libucrt:log_special.obj
 0004:00001e3c       $pdata$_putwch_nolock      0000000180033e3c     libucrt:putwch.obj
 0004:00001e48       $pdata$_close              0000000180033e48     libucrt:close.obj
 0004:00001e54       $pdata$_close_nolock       0000000180033e54     libucrt:close.obj
 0004:00001e60       $pdata$??$?RV<lambda_751a882b2c74d4b022dec766aa51a29a>@@AEAV<lambda_628dfdc04ba53c8bfc02c9951375f3f5>@@V<lambda_f6c7be5f7998530c34de24c7437d6b54>@@@?$__crt_seh_guarded_call@H@@QEAAH$$QEAV<lambda_751a882b2c74d4b022dec766aa51a29a>@@AEAV<lambda_628dfdc04ba53c8bfc02c9951375f3f5>@@$$QEAV<lambda_f6c7be5f7998530c34de24c7437d6b54>@@@Z 0000000180033e60     libucrt:close.obj
 0004:00001e78       $pdata$_set_errno_from_matherr 0000000180033e78     libucrt:fpexcept.obj
 0004:00001e84       $pdata$_raise_exc          0000000180033e84     libucrt:fpexcept.obj
 0004:00001e90       $pdata$_raise_exc_ex       0000000180033e90     libucrt:fpexcept.obj
 0004:00001e9c       $pdata$_clrfp              0000000180033e9c     libucrt:fpctrl.obj
 0004:00001ea8       $pdata$_ctrlfp             0000000180033ea8     libucrt:fpctrl.obj
 0004:00001eb4       $pdata$_statfp             0000000180033eb4     libucrt:fpctrl.obj
 0004:00001ec0       $pdata$_set_statfp         0000000180033ec0     libucrt:fpctrl.obj
 0004:00001ecc       $pdata$__dcrt_lowio_initialize_console_output 0000000180033ecc     libucrt:initcon.obj
 0004:00001ed8       $pdata$__dcrt_terminate_console_output 0000000180033ed8     libucrt:initcon.obj
 0004:00001ee4       $pdata$_IsNonwritableInCurrentImage 0000000180033ee4     LIBCMT:pesect.obj
 0004:00001ef0       $pdata$_IsNonwritableInCurrentImage$filt$0 0000000180033ef0     LIBCMT:pesect.obj
 0004:00001efc       $pdata$strrchr             0000000180033efc     libvcruntime:strrchr.obj
 0005:00000220       $R000000                   0000000180034220     BillAcceptor.res
 0005:00000ba0       $R000980                   0000000180034ba0     BillAcceptor.res
 0005:00000c88       $R000A68                   0000000180034c88     BillAcceptor.res
 0005:00000ef0       $R000CD0                   0000000180034ef0     BillAcceptor.res
 0005:000013d0       $R0011B0                   00000001800353d0     BillAcceptor.res
 0005:000040f8       $R003ED8                   00000001800380f8     BillAcceptor.res
 0005:00004130       $R003F10                   0000000180038130     BillAcceptor.res
