 OPOSRemoteOrderDisplay

 Timestamp is 61a75828 (Wed Dec  1 20:10:32 2021)

 Preferred load address is 0000000180000000

 Start         Length     Name                   Class
 0001:00000000 000000c0H .text$di                CODE
 0001:000000c0 00024e80H .text$mn                CODE
 0001:00024f40 00000040H .text$mn$00             CODE
 0001:00024f80 00000660H .text$x                 CODE
 0001:000255e0 00000078H .text$yd                CODE
 0002:00000000 00000638H .idata$5                DATA
 0002:00000638 00000030H .00cfg                  DATA
 0002:00000668 00000008H .CRT$XCA                DATA
 0002:00000670 00000008H .CRT$XCL                DATA
 0002:00000678 00000020H .CRT$XCU                DATA
 0002:00000698 00000008H .CRT$XCZ                DATA
 0002:000006a0 00000008H .CRT$XIA                DATA
 0002:000006a8 00000020H .CRT$XIC                DATA
 0002:000006c8 00000008H .CRT$XIZ                DATA
 0002:000006d0 00000008H .CRT$XLA                DATA
 0002:000006d8 00000008H .CRT$XLZ                DATA
 0002:000006e0 00000008H .CRT$XPA                DATA
 0002:000006e8 00000010H .CRT$XPX                DATA
 0002:000006f8 00000008H .CRT$XPXA               DATA
 0002:00000700 00000008H .CRT$XPZ                DATA
 0002:00000708 00000008H .CRT$XTA                DATA
 0002:00000710 00000010H .CRT$XTZ                DATA
 0002:00000718 00000000H .gehcont$y              DATA
 0002:00000718 00000000H .gfids$y                DATA
 0002:00000720 0000a860H .rdata                  DATA
 0002:0000af80 00000000H .rdata$CastGuardVftablesA DATA
 0002:0000af80 00000000H .rdata$CastGuardVftablesC DATA
 0002:0000af80 00000028H .rdata$T                DATA
 0002:0000afa8 00000274H .rdata$r                DATA
 0002:0000b21c 00000048H .rdata$voltmd           DATA
 0002:0000b264 0000043cH .rdata$zzzdbg           DATA
 0002:0000b6a0 00000008H .rtc$IAA                DATA
 0002:0000b6a8 00000008H .rtc$IZZ                DATA
 0002:0000b6b0 00000008H .rtc$TAA                DATA
 0002:0000b6b8 00000008H .rtc$TZZ                DATA
 0002:0000b6c0 00000004H .tls                    DATA
 0002:0000b6c4 00000004H .tls$                   DATA
 0002:0000b6c8 00000008H .tls$ZZZ                DATA
 0002:0000b6d0 000019e8H .xdata                  DATA
 0002:0000d0b8 00000150H .xdata$x                DATA
 0002:0000d208 00000008H ATL$__a                 DATA
 0002:0000d210 00000010H ATL$__z                 DATA
 0002:0000d220 000000b4H .edata                  DATA
 0002:0000d2d4 00000078H .idata$2                DATA
 0002:0000d34c 00000014H .idata$3                DATA
 0002:0000d360 00000638H .idata$4                DATA
 0002:0000d998 00000c5cH .idata$6                DATA
 0003:00000000 00000e28H .data                   DATA
 0003:00000e28 000000a8H .data$r                 DATA
 0003:00000ed0 00000020H .data$rs                DATA
 0003:00000ef0 000013ecH .bss                    DATA
 0004:00000000 000020f4H .pdata                  DATA
 0005:00000000 000000f4H _RDATA                  DATA
 0006:00000000 00000220H .rsrc$01                DATA
 0006:00000220 000056b0H .rsrc$02                DATA

  Address         Publics by Value              Rva+Base               Lib:Object

 0000:00000000       __guard_longjmp_table      0000000000000000     <absolute>
 0000:00000000       __x64_code_ranges_to_entry_points 0000000000000000     <absolute>
 0000:00000000       __x64_code_ranges_to_entry_points_count 0000000000000000     <absolute>
 0000:00000000       __guard_fids_count         0000000000000000     <absolute>
 0000:00000000       __arm64x_redirection_metadata 0000000000000000     <absolute>
 0000:00000000       __arm64x_extra_rfe_table   0000000000000000     <absolute>
 0000:00000000       __guard_iat_table          0000000000000000     <absolute>
 0000:00000000       __hybrid_code_map          0000000000000000     <absolute>
 0000:00000000       __arm64x_extra_rfe_table_size 0000000000000000     <absolute>
 0000:00000000       __guard_iat_count          0000000000000000     <absolute>
 0000:00000000       ___safe_se_handler_count   0000000000000000     <absolute>
 0000:00000000       __guard_longjmp_count      0000000000000000     <absolute>
 0000:00000000       ___safe_se_handler_table   0000000000000000     <absolute>
 0000:00000000       __dynamic_value_reloc_table 0000000000000000     <absolute>
 0000:00000000       __hybrid_auxiliary_iat     0000000000000000     <absolute>
 0000:00000000       __hybrid_auxiliary_iat_copy 0000000000000000     <absolute>
 0000:00000000       __AbsoluteZero             0000000000000000     <absolute>
 0000:00000000       __guard_eh_cont_count      0000000000000000     <absolute>
 0000:00000000       __guard_check_icall_a64n_fptr 0000000000000000     <absolute>
 0000:00000000       __guard_fids_table         0000000000000000     <absolute>
 0000:00000000       __arm64x_redirection_metadata_count 0000000000000000     <absolute>
 0000:00000000       __enclave_config           0000000000000000     <absolute>
 0000:00000000       __guard_eh_cont_table      0000000000000000     <absolute>
 0000:00000000       __arm64x_native_entrypoint 0000000000000000     <absolute>
 0000:00000000       __hybrid_code_map_count    0000000000000000     <absolute>
 0000:00000100       __guard_flags              0000000000000100     <absolute>
 0000:00000000       __ImageBase                0000000180000000     <linker-defined>
 0001:000000c0       ?DupWide@_CW@@AEAAXXZ      00000001800010c0 f   CWString.obj
 0001:000000e8       ?cw_dup@@YAXPEBDAEAHAEAPEA_W1@Z 00000001800010e8 f   CWString.obj
 0001:000001c8       ?cw_memcpy@@YAHPEA_WPEBDH@Z 00000001800011c8 f   CWString.obj
 0001:00000214       ?cw_strcpy@@YAHPEA_WPEBD@Z 0000000180001214 f   CWString.obj
 0001:00000228       ??0CAtlComModule@ATL@@QEAA@XZ 0000000180001228 f i OposVariant.obj
 0001:000002a8       ??0CAtlWinModule@ATL@@QEAA@XZ 00000001800012a8 f i OposVariant.obj
 0001:00000314       ??0OposDispParms@@QEAA@PEAVOposVariant@@H@Z 0000000180001314 f   OposVariant.obj
 0001:000003bc       ??1OposDispParms@@QEAA@XZ  00000001800013bc f   OposVariant.obj
 0001:000003d4       ??_Estringdispid@CComTypeInfoHolder@ATL@@QEAAPEAXI@Z 00000001800013d4 f i OposVariant.obj
 0001:00000478       ?AtlWinModuleTerm@ATL@@YAJPEAU_ATL_WIN_MODULE70@1@PEAUHINSTANCE__@@@Z 0000000180001478 f i OposVariant.obj
 0001:00000528       ?ChangeBSTR@OposVariant@@QEAAXPEAPEA_WAEAJ@Z 0000000180001528 f   OposVariant.obj
 0001:00000588       ?ChangeLONG@OposVariant@@QEAAXPEAJAEAJ@Z 0000000180001588 f   OposVariant.obj
 0001:000005e4       ?GetLONG@OposVariant@@QEAAJXZ 00000001800015e4 f   OposVariant.obj
 0001:00000608       ?SetBSTR@OposVariant@@QEAAXPEA_WAEAJ@Z 0000000180001608 f   OposVariant.obj
 0001:00000648       ?SetBSTR_Copy@OposVariant@@QEAAXPEA_WAEAJ@Z 0000000180001648 f   OposVariant.obj
 0001:000006b8       ?SetBSTR_InOutPtr@OposVariant@@QEAA_NPEAPEA_WAEAJ@Z 00000001800016b8 f   OposVariant.obj
 0001:00000708       ?SetDispatch_Ptr@OposVariant@@QEAAXPEAUIDispatch@@AEAJ@Z 0000000180001708 f   OposVariant.obj
 0001:00000760       ?SetLONG@OposVariant@@QEAAXJ@Z 0000000180001760 f   OposVariant.obj
 0001:00000790       ?SetLONG_Ptr@OposVariant@@QEAAXPEAJAEAJ@Z 0000000180001790 f   OposVariant.obj
 0001:000007dc       ?SetString@OposVariant@@QEAAXPEB_WAEAJ@Z 00000001800017dc f   OposVariant.obj
 0001:00000840       ?SetVARIANT_BOOL@OposVariant@@QEAAXF@Z 0000000180001840 f   OposVariant.obj
 0001:00000878       ?Term@CAtlComModule@ATL@@QEAAXXZ 0000000180001878 f i OposVariant.obj
 0001:000008e8       ?_AtlInitializeCriticalSectionEx@ATL@@YAHPEAU_RTL_CRITICAL_SECTION@@KK@Z 00000001800018e8 f i OposVariant.obj
 0001:000008f0       ?_AtlRaiseException@ATL@@YAXKK@Z 00000001800018f0 f i OposVariant.obj
 0001:00000900       ?Next@?$CComEnumImpl@UIEnumConnections@@$1?_GUID_b196b287_bab4_101a_b69c_00aa00341d07@@3U__s_GUID@@BUtagCONNECTDATA@@V?$_Copy@UtagCONNECTDATA@@@ATL@@@ATL@@UEAAJKPEAUtagCONNECTDATA@@PEAK@Z 0000000180001900 f i RemoteOrderDisplay.obj
 0001:000009c8       ?Skip@?$CComEnumImpl@UIEnumConnections@@$1?_GUID_b196b287_bab4_101a_b69c_00aa00341d07@@3U__s_GUID@@BUtagCONNECTDATA@@V?$_Copy@UtagCONNECTDATA@@@ATL@@@ATL@@UEAAJK@Z 00000001800019c8 f i RemoteOrderDisplay.obj
 0001:000009f4       ?Reset@?$CComEnumImpl@UIEnumConnectionPoints@@$1?_GUID_b196b285_bab4_101a_b69c_00aa00341d07@@3U__s_GUID@@BPEAUIConnectionPoint@@V?$_CopyInterface@UIConnectionPoint@@@ATL@@@ATL@@UEAAJXZ 00000001800019f4 f i RemoteOrderDisplay.obj
 0001:000009f4       ?Reset@?$CComEnumImpl@UIEnumConnections@@$1?_GUID_b196b287_bab4_101a_b69c_00aa00341d07@@3U__s_GUID@@BUtagCONNECTDATA@@V?$_Copy@UtagCONNECTDATA@@@ATL@@@ATL@@UEAAJXZ 00000001800019f4 f i RemoteOrderDisplay.obj
 0001:00000a00       ?Clone@?$CComEnumImpl@UIEnumConnections@@$1?_GUID_b196b287_bab4_101a_b69c_00aa00341d07@@3U__s_GUID@@BUtagCONNECTDATA@@V?$_Copy@UtagCONNECTDATA@@@ATL@@@ATL@@UEAAJPEAPEAUIEnumConnections@@@Z 0000000180001a00 f i RemoteOrderDisplay.obj
 0001:00000b2c       ?AddRef@?$CComObject@V?$CComEnum@UIEnumConnectionPoints@@$1?_GUID_b196b285_bab4_101a_b69c_00aa00341d07@@3U__s_GUID@@BPEAUIConnectionPoint@@V?$_CopyInterface@UIConnectionPoint@@@ATL@@VCComSingleThreadModel@6@@ATL@@@ATL@@UEAAKXZ 0000000180001b2c f i RemoteOrderDisplay.obj
 0001:00000b2c       ?AddRef@?$CComObject@V?$CComEnum@UIEnumConnections@@$1?_GUID_b196b287_bab4_101a_b69c_00aa00341d07@@3U__s_GUID@@BUtagCONNECTDATA@@V?$_Copy@UtagCONNECTDATA@@@ATL@@VCComSingleThreadModel@6@@ATL@@@ATL@@UEAAKXZ 0000000180001b2c f i RemoteOrderDisplay.obj
 0001:00000b38       ?Release@?$CComObject@V?$CComEnum@UIEnumConnections@@$1?_GUID_b196b287_bab4_101a_b69c_00aa00341d07@@3U__s_GUID@@BUtagCONNECTDATA@@V?$_Copy@UtagCONNECTDATA@@@ATL@@VCComSingleThreadModel@6@@ATL@@@ATL@@UEAAKXZ 0000000180001b38 f i RemoteOrderDisplay.obj
 0001:00000b38       ?Release@?$CComObject@V?$CComEnum@UIEnumConnectionPoints@@$1?_GUID_b196b285_bab4_101a_b69c_00aa00341d07@@3U__s_GUID@@BPEAUIConnectionPoint@@V?$_CopyInterface@UIConnectionPoint@@@ATL@@VCComSingleThreadModel@6@@ATL@@@ATL@@UEAAKXZ 0000000180001b38 f i RemoteOrderDisplay.obj
 0001:00000b8c       ?QueryInterface@?$CComObject@V?$CComEnum@UIEnumConnections@@$1?_GUID_b196b287_bab4_101a_b69c_00aa00341d07@@3U__s_GUID@@BUtagCONNECTDATA@@V?$_Copy@UtagCONNECTDATA@@@ATL@@VCComSingleThreadModel@6@@ATL@@@ATL@@UEAAJAEBU_GUID@@PEAPEAX@Z 0000000180001b8c f i RemoteOrderDisplay.obj
 0001:00000ba0       ??_E?$CComObject@V?$CComEnum@UIEnumConnections@@$1?_GUID_b196b287_bab4_101a_b69c_00aa00341d07@@3U__s_GUID@@BUtagCONNECTDATA@@V?$_Copy@UtagCONNECTDATA@@@ATL@@VCComSingleThreadModel@6@@ATL@@@ATL@@UEAAPEAXI@Z 0000000180001ba0 f i RemoteOrderDisplay.obj
 0001:00000ba0       ??_G?$CComObject@V?$CComEnum@UIEnumConnections@@$1?_GUID_b196b287_bab4_101a_b69c_00aa00341d07@@3U__s_GUID@@BUtagCONNECTDATA@@V?$_Copy@UtagCONNECTDATA@@@ATL@@VCComSingleThreadModel@6@@ATL@@@ATL@@UEAAPEAXI@Z 0000000180001ba0 f i RemoteOrderDisplay.obj
 0001:00000bf8       ?ObjectMain@CComObjectRootBase@ATL@@SAX_N@Z 0000000180001bf8 f i RemoteOrderDisplay.obj
 0001:00000bf8       _guard_check_icall_nop     0000000180001bf8 f i LIBCMT:guard_support.obj
 0001:00000bf8       ?OnFinalMessage@?$CWindowImplBaseT@VCWindow@ATL@@V?$CWinTraits@$0FGAAAAAA@$0A@@2@@ATL@@UEAAXPEAUHWND__@@@Z 0000000180001bf8 f i RemoteOrderDisplay.obj
 0001:00000bfc       ?IsUpToDate@?$IOleObjectImpl@VCOPOSRemoteOrderDisplay@@@ATL@@UEAAJXZ 0000000180001bfc f i RemoteOrderDisplay.obj
 0001:00000bfc       ?GetCategoryMap@CComObjectRootBase@ATL@@SAPEBU_ATL_CATMAP_ENTRY@2@XZ 0000000180001bfc f i RemoteOrderDisplay.obj
 0001:00000bfc       ?SetHostNames@?$IOleObjectImpl@VCOPOSRemoteOrderDisplay@@@ATL@@UEAAJPEB_W0@Z 0000000180001bfc f i RemoteOrderDisplay.obj
 0001:00000bfc       ?GetObjectDescription@?$CComCoClass@VCOPOSRemoteOrderDisplay@@$1?CLSID_OPOSRemoteOrderDisplay@@3U_GUID@@B@ATL@@SAPEB_WXZ 0000000180001bfc f i RemoteOrderDisplay.obj
 0001:00000bfc       ?EnableModeless@?$IOleInPlaceActiveObjectImpl@VCOPOSRemoteOrderDisplay@@@ATL@@UEAAJH@Z 0000000180001bfc f i RemoteOrderDisplay.obj
 0001:00000bfc       ?OnAmbientPropertyChange@?$IOleControlImpl@VCOPOSRemoteOrderDisplay@@@ATL@@UEAAJJ@Z 0000000180001bfc f i RemoteOrderDisplay.obj
 0001:00000bfc       ?ResizeBorder@?$IOleInPlaceActiveObjectImpl@VCOPOSRemoteOrderDisplay@@@ATL@@UEAAJPEBUtagRECT@@PEAUIOleInPlaceUIWindow@@H@Z 0000000180001bfc f i RemoteOrderDisplay.obj
 0001:00000bfc       ?OnFrameWindowActivate@?$IOleInPlaceActiveObjectImpl@VCOPOSRemoteOrderDisplay@@@ATL@@UEAAJH@Z 0000000180001bfc f i RemoteOrderDisplay.obj
 0001:00000bfc       ?Release@CRegObject@ATL@@UEAAKXZ 0000000180001bfc f i RemoteOrderDisplay.obj
 0001:00000bfc       ?SaveCompleted@?$IPersistStorageImpl@VCOPOSRemoteOrderDisplay@@@ATL@@UEAAJPEAUIStorage@@@Z 0000000180001bfc f i RemoteOrderDisplay.obj
 0001:00000bfc       ?Update@?$IOleObjectImpl@VCOPOSRemoteOrderDisplay@@@ATL@@UEAAJXZ 0000000180001bfc f i RemoteOrderDisplay.obj
 0001:00000bfc       ?HandsOffStorage@?$IPersistStorageImpl@VCOPOSRemoteOrderDisplay@@@ATL@@UEAAJXZ 0000000180001bfc f i RemoteOrderDisplay.obj
 0001:00000c00       ?CreateInstance@CComClassFactory@ATL@@UEAAJPEAUIUnknown@@AEBU_GUID@@PEAPEAX@Z 0000000180001c00 f i RemoteOrderDisplay.obj
 0001:00000c60       ?LockServer@CComClassFactory@ATL@@UEAAJH@Z 0000000180001c60 f i RemoteOrderDisplay.obj
 0001:00000c84       ??_GCComClassFactory@ATL@@UEAAPEAXI@Z 0000000180001c84 f i RemoteOrderDisplay.obj
 0001:00000c84       ??_ECComClassFactory@ATL@@UEAAPEAXI@Z 0000000180001c84 f i RemoteOrderDisplay.obj
 0001:00000cd4       ??_E?$CComObject@VCOPOSRemoteOrderDisplay@@@ATL@@W7EAAPEAXI@Z 0000000180001cd4 f i RemoteOrderDisplay.obj
 0001:00000ce0       ??_E?$CComObject@VCOPOSRemoteOrderDisplay@@@ATL@@WHA@EAAPEAXI@Z 0000000180001ce0 f i RemoteOrderDisplay.obj
 0001:00000cec       ?QueryInterface@?$CComObject@VCOPOSRemoteOrderDisplay@@@ATL@@WLI@EAAJAEBU_GUID@@PEAPEAX@Z 0000000180001cec f i RemoteOrderDisplay.obj
 0001:00000cf8       ?AddRef@?$CComObject@VCOPOSRemoteOrderDisplay@@@ATL@@WLI@EAAKXZ 0000000180001cf8 f i RemoteOrderDisplay.obj
 0001:00000d04       ?Release@?$CComObject@VCOPOSRemoteOrderDisplay@@@ATL@@WLI@EAAKXZ 0000000180001d04 f i RemoteOrderDisplay.obj
 0001:00000d10       ?QueryInterface@?$CComObject@VCOPOSRemoteOrderDisplay@@@ATL@@WMA@EAAJAEBU_GUID@@PEAPEAX@Z 0000000180001d10 f i RemoteOrderDisplay.obj
 0001:00000d1c       ?AddRef@?$CComObject@VCOPOSRemoteOrderDisplay@@@ATL@@WMA@EAAKXZ 0000000180001d1c f i RemoteOrderDisplay.obj
 0001:00000d28       ?Release@?$CComObject@VCOPOSRemoteOrderDisplay@@@ATL@@WMA@EAAKXZ 0000000180001d28 f i RemoteOrderDisplay.obj
 0001:00000d34       ?QueryInterface@?$CComObject@VCOPOSRemoteOrderDisplay@@@ATL@@WMI@EAAJAEBU_GUID@@PEAPEAX@Z 0000000180001d34 f i RemoteOrderDisplay.obj
 0001:00000d40       ?AddRef@?$CComObject@VCOPOSRemoteOrderDisplay@@@ATL@@WMI@EAAKXZ 0000000180001d40 f i RemoteOrderDisplay.obj
 0001:00000d4c       ?Release@?$CComObject@VCOPOSRemoteOrderDisplay@@@ATL@@WMI@EAAKXZ 0000000180001d4c f i RemoteOrderDisplay.obj
 0001:00000d58       ?QueryInterface@?$CComObject@VCOPOSRemoteOrderDisplay@@@ATL@@WNA@EAAJAEBU_GUID@@PEAPEAX@Z 0000000180001d58 f i RemoteOrderDisplay.obj
 0001:00000d64       ?AddRef@?$CComObject@VCOPOSRemoteOrderDisplay@@@ATL@@WNA@EAAKXZ 0000000180001d64 f i RemoteOrderDisplay.obj
 0001:00000d70       ?Release@?$CComObject@VCOPOSRemoteOrderDisplay@@@ATL@@WNA@EAAKXZ 0000000180001d70 f i RemoteOrderDisplay.obj
 0001:00000d7c       ?QueryInterface@?$CComObject@VCOPOSRemoteOrderDisplay@@@ATL@@WNI@EAAJAEBU_GUID@@PEAPEAX@Z 0000000180001d7c f i RemoteOrderDisplay.obj
 0001:00000d88       ?AddRef@?$CComObject@VCOPOSRemoteOrderDisplay@@@ATL@@WNI@EAAKXZ 0000000180001d88 f i RemoteOrderDisplay.obj
 0001:00000d94       ?Release@?$CComObject@VCOPOSRemoteOrderDisplay@@@ATL@@WNI@EAAKXZ 0000000180001d94 f i RemoteOrderDisplay.obj
 0001:00000da0       ?QueryInterface@?$CComObject@VCOPOSRemoteOrderDisplay@@@ATL@@WOA@EAAJAEBU_GUID@@PEAPEAX@Z 0000000180001da0 f i RemoteOrderDisplay.obj
 0001:00000dac       ?AddRef@?$CComObject@VCOPOSRemoteOrderDisplay@@@ATL@@WOA@EAAKXZ 0000000180001dac f i RemoteOrderDisplay.obj
 0001:00000db8       ?Release@?$CComObject@VCOPOSRemoteOrderDisplay@@@ATL@@WOA@EAAKXZ 0000000180001db8 f i RemoteOrderDisplay.obj
 0001:00000dc4       ?QueryInterface@?$CComObject@VCOPOSRemoteOrderDisplay@@@ATL@@WOI@EAAJAEBU_GUID@@PEAPEAX@Z 0000000180001dc4 f i RemoteOrderDisplay.obj
 0001:00000dd0       ?AddRef@?$CComObject@VCOPOSRemoteOrderDisplay@@@ATL@@WOI@EAAKXZ 0000000180001dd0 f i RemoteOrderDisplay.obj
 0001:00000ddc       ?Release@?$CComObject@VCOPOSRemoteOrderDisplay@@@ATL@@WOI@EAAKXZ 0000000180001ddc f i RemoteOrderDisplay.obj
 0001:00000de8       ?QueryInterface@?$CComObject@VCOPOSRemoteOrderDisplay@@@ATL@@WPA@EAAJAEBU_GUID@@PEAPEAX@Z 0000000180001de8 f i RemoteOrderDisplay.obj
 0001:00000df4       ?AddRef@?$CComObject@VCOPOSRemoteOrderDisplay@@@ATL@@WPA@EAAKXZ 0000000180001df4 f i RemoteOrderDisplay.obj
 0001:00000e00       ?Release@?$CComObject@VCOPOSRemoteOrderDisplay@@@ATL@@WPA@EAAKXZ 0000000180001e00 f i RemoteOrderDisplay.obj
 0001:00000e0c       ?QueryInterface@?$CComObject@VCOPOSRemoteOrderDisplay@@@ATL@@WPI@EAAJAEBU_GUID@@PEAPEAX@Z 0000000180001e0c f i RemoteOrderDisplay.obj
 0001:00000e18       ?AddRef@?$CComObject@VCOPOSRemoteOrderDisplay@@@ATL@@WPI@EAAKXZ 0000000180001e18 f i RemoteOrderDisplay.obj
 0001:00000e24       ?Release@?$CComObject@VCOPOSRemoteOrderDisplay@@@ATL@@WPI@EAAKXZ 0000000180001e24 f i RemoteOrderDisplay.obj
 0001:00000e30       ?QueryInterface@?$CComObject@VCOPOSRemoteOrderDisplay@@@ATL@@WBAA@EAAJAEBU_GUID@@PEAPEAX@Z 0000000180001e30 f i RemoteOrderDisplay.obj
 0001:00000e3c       ?AddRef@?$CComObject@VCOPOSRemoteOrderDisplay@@@ATL@@WBAA@EAAKXZ 0000000180001e3c f i RemoteOrderDisplay.obj
 0001:00000e48       ?Release@?$CComObject@VCOPOSRemoteOrderDisplay@@@ATL@@WBAA@EAAKXZ 0000000180001e48 f i RemoteOrderDisplay.obj
 0001:00000e54       ?QueryInterface@?$CComObject@VCOPOSRemoteOrderDisplay@@@ATL@@WBAI@EAAJAEBU_GUID@@PEAPEAX@Z 0000000180001e54 f i RemoteOrderDisplay.obj
 0001:00000e60       ?AddRef@?$CComObject@VCOPOSRemoteOrderDisplay@@@ATL@@WBAI@EAAKXZ 0000000180001e60 f i RemoteOrderDisplay.obj
 0001:00000e6c       ?Release@?$CComObject@VCOPOSRemoteOrderDisplay@@@ATL@@WBAI@EAAKXZ 0000000180001e6c f i RemoteOrderDisplay.obj
 0001:00000e78       ?QueryInterface@?$CComObject@VCOPOSRemoteOrderDisplay@@@ATL@@WBBA@EAAJAEBU_GUID@@PEAPEAX@Z 0000000180001e78 f i RemoteOrderDisplay.obj
 0001:00000e84       ?AddRef@?$CComObject@VCOPOSRemoteOrderDisplay@@@ATL@@WBBA@EAAKXZ 0000000180001e84 f i RemoteOrderDisplay.obj
 0001:00000e90       ?Release@?$CComObject@VCOPOSRemoteOrderDisplay@@@ATL@@WBBA@EAAKXZ 0000000180001e90 f i RemoteOrderDisplay.obj
 0001:00000e9c       ?QueryInterface@?$CComObject@VCOPOSRemoteOrderDisplay@@@ATL@@WBBI@EAAJAEBU_GUID@@PEAPEAX@Z 0000000180001e9c f i RemoteOrderDisplay.obj
 0001:00000ea8       ?AddRef@?$CComObject@VCOPOSRemoteOrderDisplay@@@ATL@@WBBI@EAAKXZ 0000000180001ea8 f i RemoteOrderDisplay.obj
 0001:00000eb4       ?Release@?$CComObject@VCOPOSRemoteOrderDisplay@@@ATL@@WBBI@EAAKXZ 0000000180001eb4 f i RemoteOrderDisplay.obj
 0001:00000ec0       ?AddRef@?$CComObject@VCOPOSRemoteOrderDisplay@@@ATL@@WBCI@EAAKXZ 0000000180001ec0 f i RemoteOrderDisplay.obj
 0001:00000ecc       ?Release@?$CComObject@VCOPOSRemoteOrderDisplay@@@ATL@@WBCI@EAAKXZ 0000000180001ecc f i RemoteOrderDisplay.obj
 0001:00000ed8       ?AddRef@?$CComObject@VCOPOSRemoteOrderDisplay@@@ATL@@WBEA@EAAKXZ 0000000180001ed8 f i RemoteOrderDisplay.obj
 0001:00000ee4       ?Release@?$CComObject@VCOPOSRemoteOrderDisplay@@@ATL@@WBEA@EAAKXZ 0000000180001ee4 f i RemoteOrderDisplay.obj
 0001:00000ef0       ??_E?$CComContainedObject@VCOPOSRemoteOrderDisplay@@@ATL@@W7EAAPEAXI@Z 0000000180001ef0 f i RemoteOrderDisplay.obj
 0001:00000efc       ??_E?$CComContainedObject@VCOPOSRemoteOrderDisplay@@@ATL@@WHA@EAAPEAXI@Z 0000000180001efc f i RemoteOrderDisplay.obj
 0001:00000f08       ?QueryInterface@?$CComContainedObject@VCOPOSRemoteOrderDisplay@@@ATL@@WLI@EAAJAEBU_GUID@@PEAPEAX@Z 0000000180001f08 f i RemoteOrderDisplay.obj
 0001:00000f14       ?AddRef@?$CComContainedObject@VCOPOSRemoteOrderDisplay@@@ATL@@WLI@EAAKXZ 0000000180001f14 f i RemoteOrderDisplay.obj
 0001:00000f20       ?Release@?$CComContainedObject@VCOPOSRemoteOrderDisplay@@@ATL@@WLI@EAAKXZ 0000000180001f20 f i RemoteOrderDisplay.obj
 0001:00000f2c       ?QueryInterface@?$CComContainedObject@VCOPOSRemoteOrderDisplay@@@ATL@@WMA@EAAJAEBU_GUID@@PEAPEAX@Z 0000000180001f2c f i RemoteOrderDisplay.obj
 0001:00000f38       ?AddRef@?$CComContainedObject@VCOPOSRemoteOrderDisplay@@@ATL@@WMA@EAAKXZ 0000000180001f38 f i RemoteOrderDisplay.obj
 0001:00000f44       ?Release@?$CComContainedObject@VCOPOSRemoteOrderDisplay@@@ATL@@WMA@EAAKXZ 0000000180001f44 f i RemoteOrderDisplay.obj
 0001:00000f50       ?QueryInterface@?$CComContainedObject@VCOPOSRemoteOrderDisplay@@@ATL@@WMI@EAAJAEBU_GUID@@PEAPEAX@Z 0000000180001f50 f i RemoteOrderDisplay.obj
 0001:00000f5c       ?AddRef@?$CComContainedObject@VCOPOSRemoteOrderDisplay@@@ATL@@WMI@EAAKXZ 0000000180001f5c f i RemoteOrderDisplay.obj
 0001:00000f68       ?Release@?$CComContainedObject@VCOPOSRemoteOrderDisplay@@@ATL@@WMI@EAAKXZ 0000000180001f68 f i RemoteOrderDisplay.obj
 0001:00000f74       ?QueryInterface@?$CComContainedObject@VCOPOSRemoteOrderDisplay@@@ATL@@WNA@EAAJAEBU_GUID@@PEAPEAX@Z 0000000180001f74 f i RemoteOrderDisplay.obj
 0001:00000f80       ?AddRef@?$CComContainedObject@VCOPOSRemoteOrderDisplay@@@ATL@@WNA@EAAKXZ 0000000180001f80 f i RemoteOrderDisplay.obj
 0001:00000f8c       ?Release@?$CComContainedObject@VCOPOSRemoteOrderDisplay@@@ATL@@WNA@EAAKXZ 0000000180001f8c f i RemoteOrderDisplay.obj
 0001:00000f98       ?QueryInterface@?$CComContainedObject@VCOPOSRemoteOrderDisplay@@@ATL@@WNI@EAAJAEBU_GUID@@PEAPEAX@Z 0000000180001f98 f i RemoteOrderDisplay.obj
 0001:00000fa4       ?AddRef@?$CComContainedObject@VCOPOSRemoteOrderDisplay@@@ATL@@WNI@EAAKXZ 0000000180001fa4 f i RemoteOrderDisplay.obj
 0001:00000fb0       ?Release@?$CComContainedObject@VCOPOSRemoteOrderDisplay@@@ATL@@WNI@EAAKXZ 0000000180001fb0 f i RemoteOrderDisplay.obj
 0001:00000fbc       ?QueryInterface@?$CComContainedObject@VCOPOSRemoteOrderDisplay@@@ATL@@WOA@EAAJAEBU_GUID@@PEAPEAX@Z 0000000180001fbc f i RemoteOrderDisplay.obj
 0001:00000fc8       ?AddRef@?$CComContainedObject@VCOPOSRemoteOrderDisplay@@@ATL@@WOA@EAAKXZ 0000000180001fc8 f i RemoteOrderDisplay.obj
 0001:00000fd4       ?Release@?$CComContainedObject@VCOPOSRemoteOrderDisplay@@@ATL@@WOA@EAAKXZ 0000000180001fd4 f i RemoteOrderDisplay.obj
 0001:00000fe0       ?QueryInterface@?$CComContainedObject@VCOPOSRemoteOrderDisplay@@@ATL@@WOI@EAAJAEBU_GUID@@PEAPEAX@Z 0000000180001fe0 f i RemoteOrderDisplay.obj
 0001:00000fec       ?AddRef@?$CComContainedObject@VCOPOSRemoteOrderDisplay@@@ATL@@WOI@EAAKXZ 0000000180001fec f i RemoteOrderDisplay.obj
 0001:00000ff8       ?Release@?$CComContainedObject@VCOPOSRemoteOrderDisplay@@@ATL@@WOI@EAAKXZ 0000000180001ff8 f i RemoteOrderDisplay.obj
 0001:00001004       ?QueryInterface@?$CComContainedObject@VCOPOSRemoteOrderDisplay@@@ATL@@WPA@EAAJAEBU_GUID@@PEAPEAX@Z 0000000180002004 f i RemoteOrderDisplay.obj
 0001:00001010       ?AddRef@?$CComContainedObject@VCOPOSRemoteOrderDisplay@@@ATL@@WPA@EAAKXZ 0000000180002010 f i RemoteOrderDisplay.obj
 0001:0000101c       ?Release@?$CComContainedObject@VCOPOSRemoteOrderDisplay@@@ATL@@WPA@EAAKXZ 000000018000201c f i RemoteOrderDisplay.obj
 0001:00001028       ?QueryInterface@?$CComContainedObject@VCOPOSRemoteOrderDisplay@@@ATL@@WPI@EAAJAEBU_GUID@@PEAPEAX@Z 0000000180002028 f i RemoteOrderDisplay.obj
 0001:00001034       ?AddRef@?$CComContainedObject@VCOPOSRemoteOrderDisplay@@@ATL@@WPI@EAAKXZ 0000000180002034 f i RemoteOrderDisplay.obj
 0001:00001040       ?Release@?$CComContainedObject@VCOPOSRemoteOrderDisplay@@@ATL@@WPI@EAAKXZ 0000000180002040 f i RemoteOrderDisplay.obj
 0001:0000104c       ?QueryInterface@?$CComContainedObject@VCOPOSRemoteOrderDisplay@@@ATL@@WBAA@EAAJAEBU_GUID@@PEAPEAX@Z 000000018000204c f i RemoteOrderDisplay.obj
 0001:00001058       ?AddRef@?$CComContainedObject@VCOPOSRemoteOrderDisplay@@@ATL@@WBAA@EAAKXZ 0000000180002058 f i RemoteOrderDisplay.obj
 0001:00001064       ?Release@?$CComContainedObject@VCOPOSRemoteOrderDisplay@@@ATL@@WBAA@EAAKXZ 0000000180002064 f i RemoteOrderDisplay.obj
 0001:00001070       ?QueryInterface@?$CComContainedObject@VCOPOSRemoteOrderDisplay@@@ATL@@WBAI@EAAJAEBU_GUID@@PEAPEAX@Z 0000000180002070 f i RemoteOrderDisplay.obj
 0001:0000107c       ?AddRef@?$CComContainedObject@VCOPOSRemoteOrderDisplay@@@ATL@@WBAI@EAAKXZ 000000018000207c f i RemoteOrderDisplay.obj
 0001:00001088       ?Release@?$CComContainedObject@VCOPOSRemoteOrderDisplay@@@ATL@@WBAI@EAAKXZ 0000000180002088 f i RemoteOrderDisplay.obj
 0001:00001094       ?QueryInterface@?$CComContainedObject@VCOPOSRemoteOrderDisplay@@@ATL@@WBBA@EAAJAEBU_GUID@@PEAPEAX@Z 0000000180002094 f i RemoteOrderDisplay.obj
 0001:000010a0       ?AddRef@?$CComContainedObject@VCOPOSRemoteOrderDisplay@@@ATL@@WBBA@EAAKXZ 00000001800020a0 f i RemoteOrderDisplay.obj
 0001:000010ac       ?Release@?$CComContainedObject@VCOPOSRemoteOrderDisplay@@@ATL@@WBBA@EAAKXZ 00000001800020ac f i RemoteOrderDisplay.obj
 0001:000010b8       ?QueryInterface@?$CComContainedObject@VCOPOSRemoteOrderDisplay@@@ATL@@WBBI@EAAJAEBU_GUID@@PEAPEAX@Z 00000001800020b8 f i RemoteOrderDisplay.obj
 0001:000010c4       ?AddRef@?$CComContainedObject@VCOPOSRemoteOrderDisplay@@@ATL@@WBBI@EAAKXZ 00000001800020c4 f i RemoteOrderDisplay.obj
 0001:000010d0       ?Release@?$CComContainedObject@VCOPOSRemoteOrderDisplay@@@ATL@@WBBI@EAAKXZ 00000001800020d0 f i RemoteOrderDisplay.obj
 0001:000010dc       ?AddRef@?$CComContainedObject@VCOPOSRemoteOrderDisplay@@@ATL@@WBCI@EAAKXZ 00000001800020dc f i RemoteOrderDisplay.obj
 0001:000010e8       ?Release@?$CComContainedObject@VCOPOSRemoteOrderDisplay@@@ATL@@WBCI@EAAKXZ 00000001800020e8 f i RemoteOrderDisplay.obj
 0001:000010f4       ?AddRef@?$CComContainedObject@VCOPOSRemoteOrderDisplay@@@ATL@@WBEA@EAAKXZ 00000001800020f4 f i RemoteOrderDisplay.obj
 0001:00001100       ?Release@?$CComContainedObject@VCOPOSRemoteOrderDisplay@@@ATL@@WBEA@EAAKXZ 0000000180002100 f i RemoteOrderDisplay.obj
 0001:0000110c       ?GetWindowProc@?$CWindowImplBaseT@VCWindow@ATL@@V?$CWinTraits@$0FGAAAAAA@$0A@@2@@ATL@@UEAAP6A_JPEAUHWND__@@I_K_J@ZXZ 000000018000210c f i RemoteOrderDisplay.obj
 0001:00001114       ?StartWindowProc@?$CWindowImplBaseT@VCWindow@ATL@@V?$CWinTraits@$0FGAAAAAA@$0A@@2@@ATL@@SA_JPEAUHWND__@@I_K_J@Z 0000000180002114 f i RemoteOrderDisplay.obj
 0001:000011c8       ?GetTypeInfoCount@?$IDispatchImpl@UIOPOSRemoteOrderDisplay@@$1?IID_IOPOSRemoteOrderDisplay@@3U_GUID@@B$1?LIBID_OposRemoteOrderDisplay_CCO@@3U3@B$00$0A@VCComTypeInfoHolder@ATL@@@ATL@@UEAAJPEAI@Z 00000001800021c8 f i RemoteOrderDisplay.obj
 0001:000011dc       ?GetTypeInfo@?$IDispatchImpl@UIOPOSRemoteOrderDisplay@@$1?IID_IOPOSRemoteOrderDisplay@@3U_GUID@@B$1?LIBID_OposRemoteOrderDisplay_CCO@@3U3@B$00$0A@VCComTypeInfoHolder@ATL@@@ATL@@UEAAJIKPEAPEAUITypeInfo@@@Z 00000001800021dc f i RemoteOrderDisplay.obj
 0001:00001240       ?GetIDsOfNames@?$IDispatchImpl@UIOPOSRemoteOrderDisplay@@$1?IID_IOPOSRemoteOrderDisplay@@3U_GUID@@B$1?LIBID_OposRemoteOrderDisplay_CCO@@3U3@B$00$0A@VCComTypeInfoHolder@ATL@@@ATL@@UEAAJAEBU_GUID@@PEAPEA_WIKPEAJ@Z 0000000180002240 f i RemoteOrderDisplay.obj
 0001:0000124c       ?Invoke@?$IDispatchImpl@UIOPOSRemoteOrderDisplay@@$1?IID_IOPOSRemoteOrderDisplay@@3U_GUID@@B$1?LIBID_OposRemoteOrderDisplay_CCO@@3U3@B$00$0A@VCComTypeInfoHolder@ATL@@@ATL@@UEAAJJAEBU_GUID@@KGPEAUtagDISPPARAMS@@PEAUtagVARIANT@@PEAUtagEXCEPINFO@@PEAI@Z 000000018000224c f i RemoteOrderDisplay.obj
 0001:000012dc       ?CreateControlWindow@?$CComControl@VCOPOSRemoteOrderDisplay@@V?$CWindowImpl@VCOPOSRemoteOrderDisplay@@VCWindow@ATL@@V?$CWinTraits@$0FGAAAAAA@$0A@@3@@ATL@@@ATL@@UEAAPEAUHWND__@@PEAU3@AEAUtagRECT@@@Z 00000001800022dc f i RemoteOrderDisplay.obj
 0001:00001314       ?ControlQueryInterface@?$CComControl@VCOPOSRemoteOrderDisplay@@V?$CWindowImpl@VCOPOSRemoteOrderDisplay@@VCWindow@ATL@@V?$CWinTraits@$0FGAAAAAA@$0A@@3@@ATL@@@ATL@@UEAAJAEBU_GUID@@PEAPEAX@Z 0000000180002314 f i RemoteOrderDisplay.obj
 0001:00001328       ?GetUserClassID@?$IOleObjectImpl@VCOPOSRemoteOrderDisplay@@@ATL@@UEAAJPEAU_GUID@@@Z 0000000180002328 f i RemoteOrderDisplay.obj
 0001:00001328       ?GetClassID@?$IPersistStreamInitImpl@VCOPOSRemoteOrderDisplay@@@ATL@@UEAAJPEAU_GUID@@@Z 0000000180002328 f i RemoteOrderDisplay.obj
 0001:00001328       ?GetClassID@?$IPersistStorageImpl@VCOPOSRemoteOrderDisplay@@@ATL@@UEAAJPEAU_GUID@@@Z 0000000180002328 f i RemoteOrderDisplay.obj
 0001:00001344       ?IsDirty@?$IPersistStreamInitImpl@VCOPOSRemoteOrderDisplay@@@ATL@@UEAAJXZ 0000000180002344 f i RemoteOrderDisplay.obj
 0001:00001360       ?Load@?$IPersistStreamInitImpl@VCOPOSRemoteOrderDisplay@@@ATL@@UEAAJPEAUIStream@@@Z 0000000180002360 f i RemoteOrderDisplay.obj
 0001:00001378       ?Save@?$IPersistStreamInitImpl@VCOPOSRemoteOrderDisplay@@@ATL@@UEAAJPEAUIStream@@H@Z 0000000180002378 f i RemoteOrderDisplay.obj
 0001:00001390       ?GetSizeMax@?$IPersistStreamInitImpl@VCOPOSRemoteOrderDisplay@@@ATL@@UEAAJPEAT_ULARGE_INTEGER@@@Z 0000000180002390 f i RemoteOrderDisplay.obj
 0001:000015b4       ?InitNew@?$IPersistStreamInitImpl@VCOPOSRemoteOrderDisplay@@@ATL@@UEAAJXZ 00000001800025b4 f i RemoteOrderDisplay.obj
 0001:000015cc       ?GetColorSet@?$IViewObjectExImpl@VCOPOSRemoteOrderDisplay@@@ATL@@UEAAJKJPEAXPEAUtagDVTARGETDEVICE@@PEAUHDC__@@PEAPEAUtagLOGPALETTE@@@Z 00000001800025cc f i RemoteOrderDisplay.obj
 0001:000015cc       ?ContextSensitiveHelp@?$IOleInPlaceActiveObjectImpl@VCOPOSRemoteOrderDisplay@@@ATL@@UEAAJH@Z 00000001800025cc f i RemoteOrderDisplay.obj
 0001:000015cc       ?QueryInterface@CRegObject@ATL@@UEAAJAEBU_GUID@@PEAPEAX@Z 00000001800025cc f i RemoteOrderDisplay.obj
 0001:000015cc       ?ReactivateAndUndo@?$IOleInPlaceObjectWindowlessImpl@VCOPOSRemoteOrderDisplay@@@ATL@@UEAAJXZ 00000001800025cc f i RemoteOrderDisplay.obj
 0001:000015cc       ?InitFromData@?$IOleObjectImpl@VCOPOSRemoteOrderDisplay@@@ATL@@UEAAJPEAUIDataObject@@HK@Z 00000001800025cc f i RemoteOrderDisplay.obj
 0001:000015cc       ?GetCanonicalFormatEtc@?$IDataObjectImpl@VCOPOSRemoteOrderDisplay@@@ATL@@UEAAJPEAUtagFORMATETC@@0@Z 00000001800025cc f i RemoteOrderDisplay.obj
 0001:000015cc       ?SetMoniker@?$IOleObjectImpl@VCOPOSRemoteOrderDisplay@@@ATL@@UEAAJKPEAUIMoniker@@@Z 00000001800025cc f i RemoteOrderDisplay.obj
 0001:000015cc       ?EnumFormatEtc@?$IDataObjectImpl@VCOPOSRemoteOrderDisplay@@@ATL@@UEAAJKPEAPEAUIEnumFORMATETC@@@Z 00000001800025cc f i RemoteOrderDisplay.obj
 0001:000015cc       ?GetClipboardData@?$IOleObjectImpl@VCOPOSRemoteOrderDisplay@@@ATL@@UEAAJKPEAPEAUIDataObject@@@Z 00000001800025cc f i RemoteOrderDisplay.obj
 0001:000015cc       ?Unfreeze@?$IViewObjectExImpl@VCOPOSRemoteOrderDisplay@@@ATL@@UEAAJK@Z 00000001800025cc f i RemoteOrderDisplay.obj
 0001:000015cc       ?GetMoniker@?$IOleObjectImpl@VCOPOSRemoteOrderDisplay@@@ATL@@UEAAJKKPEAPEAUIMoniker@@@Z 00000001800025cc f i RemoteOrderDisplay.obj
 0001:000015cc       ?OnMnemonic@?$IOleControlImpl@VCOPOSRemoteOrderDisplay@@@ATL@@UEAAJPEAUtagMSG@@@Z 00000001800025cc f i RemoteOrderDisplay.obj
 0001:000015cc       ?SetColorScheme@?$IOleObjectImpl@VCOPOSRemoteOrderDisplay@@@ATL@@UEAAJPEAUtagLOGPALETTE@@@Z 00000001800025cc f i RemoteOrderDisplay.obj
 0001:000015cc       ?QueryGetData@?$IDataObjectImpl@VCOPOSRemoteOrderDisplay@@@ATL@@UEAAJPEAUtagFORMATETC@@@Z 00000001800025cc f i RemoteOrderDisplay.obj
 0001:000015cc       ?GetDataHere@?$IDataObjectImpl@VCOPOSRemoteOrderDisplay@@@ATL@@UEAAJPEAUtagFORMATETC@@PEAUtagSTGMEDIUM@@@Z 00000001800025cc f i RemoteOrderDisplay.obj
 0001:000015cc       ?Freeze@?$IViewObjectExImpl@VCOPOSRemoteOrderDisplay@@@ATL@@UEAAJKJPEAXPEAK@Z 00000001800025cc f i RemoteOrderDisplay.obj
 0001:000015cc       ?ContextSensitiveHelp@?$IOleInPlaceObjectWindowlessImpl@VCOPOSRemoteOrderDisplay@@@ATL@@UEAAJH@Z 00000001800025cc f i RemoteOrderDisplay.obj
 0001:000015cc       ?GetDropTarget@?$IOleInPlaceObjectWindowlessImpl@VCOPOSRemoteOrderDisplay@@@ATL@@UEAAJPEAPEAUIDropTarget@@@Z 00000001800025cc f i RemoteOrderDisplay.obj
 0001:000015cc       ?GetRect@?$IViewObjectExImpl@VCOPOSRemoteOrderDisplay@@@ATL@@UEAAJKPEAU_RECTL@@@Z 00000001800025cc f i RemoteOrderDisplay.obj
 0001:000015cc       ?GetControlInfo@?$IOleControlImpl@VCOPOSRemoteOrderDisplay@@@ATL@@UEAAJPEAUtagCONTROLINFO@@@Z 00000001800025cc f i RemoteOrderDisplay.obj
 0001:000015cc       ?SetData@?$IDataObjectImpl@VCOPOSRemoteOrderDisplay@@@ATL@@UEAAJPEAUtagFORMATETC@@PEAUtagSTGMEDIUM@@H@Z 00000001800025cc f i RemoteOrderDisplay.obj
 0001:000015d4       ?SetClientSite@?$IOleObjectImpl@VCOPOSRemoteOrderDisplay@@@ATL@@UEAAJPEAUIOleClientSite@@@Z 00000001800025d4 f i RemoteOrderDisplay.obj
 0001:000015f0       ?GetClientSite@?$IOleObjectImpl@VCOPOSRemoteOrderDisplay@@@ATL@@UEAAJPEAPEAUIOleClientSite@@@Z 00000001800025f0 f i RemoteOrderDisplay.obj
 0001:00001638       ?Close@?$IOleObjectImpl@VCOPOSRemoteOrderDisplay@@@ATL@@UEAAJK@Z 0000000180002638 f i RemoteOrderDisplay.obj
 0001:00001654       ?DoVerb@?$IOleObjectImpl@VCOPOSRemoteOrderDisplay@@@ATL@@UEAAJJPEAUtagMSG@@PEAUIOleClientSite@@JPEAUHWND__@@PEBUtagRECT@@@Z 0000000180002654 f i RemoteOrderDisplay.obj
 0001:000017f8       ?EnumVerbs@?$IOleObjectImpl@VCOPOSRemoteOrderDisplay@@@ATL@@UEAAJPEAPEAUIEnumOLEVERB@@@Z 00000001800027f8 f i RemoteOrderDisplay.obj
 0001:00001814       ?GetUserType@?$IOleObjectImpl@VCOPOSRemoteOrderDisplay@@@ATL@@UEAAJKPEAPEA_W@Z 0000000180002814 f i RemoteOrderDisplay.obj
 0001:00001824       ?SetExtent@?$IOleObjectImpl@VCOPOSRemoteOrderDisplay@@@ATL@@UEAAJKPEAUtagSIZE@@@Z 0000000180002824 f i RemoteOrderDisplay.obj
 0001:00001840       ?GetExtent@?$IOleObjectImpl@VCOPOSRemoteOrderDisplay@@@ATL@@UEAAJKPEAUtagSIZE@@@Z 0000000180002840 f i RemoteOrderDisplay.obj
 0001:00001870       ?Advise@?$IOleObjectImpl@VCOPOSRemoteOrderDisplay@@@ATL@@UEAAJPEAUIAdviseSink@@PEAK@Z 0000000180002870 f i RemoteOrderDisplay.obj
 0001:000018cc       ?Unadvise@?$IOleObjectImpl@VCOPOSRemoteOrderDisplay@@@ATL@@UEAAJK@Z 00000001800028cc f i RemoteOrderDisplay.obj
 0001:00001904       ?EnumAdvise@?$IOleObjectImpl@VCOPOSRemoteOrderDisplay@@@ATL@@UEAAJPEAPEAUIEnumSTATDATA@@@Z 0000000180002904 f i RemoteOrderDisplay.obj
 0001:0000194c       ?GetMiscStatus@?$IOleObjectImpl@VCOPOSRemoteOrderDisplay@@@ATL@@UEAAJKPEAK@Z 000000018000294c f i RemoteOrderDisplay.obj
 0001:0000195c       ?GetWindow@?$IOleInPlaceActiveObjectImpl@VCOPOSRemoteOrderDisplay@@@ATL@@UEAAJPEAPEAUHWND__@@@Z 000000018000295c f i RemoteOrderDisplay.obj
 0001:000019b0       ?TranslateAcceleratorW@?$IOleInPlaceActiveObjectImpl@VCOPOSRemoteOrderDisplay@@@ATL@@UEAAJPEAUtagMSG@@@Z 00000001800029b0 f i RemoteOrderDisplay.obj
 0001:00001aa4       ?OnDocWindowActivate@?$IOleInPlaceActiveObjectImpl@VCOPOSRemoteOrderDisplay@@@ATL@@UEAAJH@Z 0000000180002aa4 f i RemoteOrderDisplay.obj
 0001:00001ad0       ?Draw@?$IViewObjectExImpl@VCOPOSRemoteOrderDisplay@@@ATL@@UEAAJKJPEAXPEAUtagDVTARGETDEVICE@@PEAUHDC__@@2PEBU_RECTL@@3P6AH_K@Z4@Z 0000000180002ad0 f i RemoteOrderDisplay.obj
 0001:00001b34       ?SetAdvise@?$IViewObjectExImpl@VCOPOSRemoteOrderDisplay@@@ATL@@UEAAJKKPEAUIAdviseSink@@@Z 0000000180002b34 f i RemoteOrderDisplay.obj
 0001:00001b88       ?GetAdvise@?$IViewObjectExImpl@VCOPOSRemoteOrderDisplay@@@ATL@@UEAAJPEAK0PEAPEAUIAdviseSink@@@Z 0000000180002b88 f i RemoteOrderDisplay.obj
 0001:00001bc4       ?GetExtent@?$IViewObjectExImpl@VCOPOSRemoteOrderDisplay@@@ATL@@UEAAJKJPEAUtagDVTARGETDEVICE@@PEAUtagSIZE@@@Z 0000000180002bc4 f i RemoteOrderDisplay.obj
 0001:00001bf4       ?GetViewStatus@?$IViewObjectExImpl@VCOPOSRemoteOrderDisplay@@@ATL@@UEAAJPEAK@Z 0000000180002bf4 f i RemoteOrderDisplay.obj
 0001:00001c08       ?QueryHitPoint@?$IViewObjectExImpl@VCOPOSRemoteOrderDisplay@@@ATL@@UEAAJKPEBUtagRECT@@UtagPOINT@@JPEAK@Z 0000000180002c08 f i RemoteOrderDisplay.obj
 0001:00001c4c       ?QueryHitRect@?$IViewObjectExImpl@VCOPOSRemoteOrderDisplay@@@ATL@@UEAAJKPEBUtagRECT@@0JPEAK@Z 0000000180002c4c f i RemoteOrderDisplay.obj
 0001:00001cb4       ?GetNaturalExtent@?$IViewObjectExImpl@VCOPOSRemoteOrderDisplay@@@ATL@@UEAAJKJPEAUtagDVTARGETDEVICE@@PEAUHDC__@@PEAUtagExtentInfo@@PEAUtagSIZE@@@Z 0000000180002cb4 f i RemoteOrderDisplay.obj
 0001:00001cfc       ?GetWindow@?$IOleInPlaceObjectWindowlessImpl@VCOPOSRemoteOrderDisplay@@@ATL@@UEAAJPEAPEAUHWND__@@@Z 0000000180002cfc f i RemoteOrderDisplay.obj
 0001:00001d50       ?InPlaceDeactivate@?$IOleInPlaceObjectWindowlessImpl@VCOPOSRemoteOrderDisplay@@@ATL@@UEAAJXZ 0000000180002d50 f i RemoteOrderDisplay.obj
 0001:00001d6c       ?UIDeactivate@?$IOleInPlaceObjectWindowlessImpl@VCOPOSRemoteOrderDisplay@@@ATL@@UEAAJXZ 0000000180002d6c f i RemoteOrderDisplay.obj
 0001:00001d88       ?SetObjectRects@?$IOleInPlaceObjectWindowlessImpl@VCOPOSRemoteOrderDisplay@@@ATL@@UEAAJPEBUtagRECT@@0@Z 0000000180002d88 f i RemoteOrderDisplay.obj
 0001:00001da4       ?OnWindowMessage@?$IOleInPlaceObjectWindowlessImpl@VCOPOSRemoteOrderDisplay@@@ATL@@UEAAJI_K_JPEA_J@Z 0000000180002da4 f i RemoteOrderDisplay.obj
 0001:00001e6c       ?EnumConnectionPoints@?$IConnectionPointContainerImpl@VCOPOSRemoteOrderDisplay@@@ATL@@UEAAJPEAPEAUIEnumConnectionPoints@@@Z 0000000180002e6c f i RemoteOrderDisplay.obj
 0001:000020b4       ?FindConnectionPoint@?$IConnectionPointContainerImpl@VCOPOSRemoteOrderDisplay@@@ATL@@UEAAJAEBU_GUID@@PEAPEAUIConnectionPoint@@@Z 00000001800030b4 f i RemoteOrderDisplay.obj
 0001:00002184       ?IsDirty@?$IPersistStorageImpl@VCOPOSRemoteOrderDisplay@@@ATL@@UEAAJXZ 0000000180003184 f i RemoteOrderDisplay.obj
 0001:000021c4       ?InitNew@?$IPersistStorageImpl@VCOPOSRemoteOrderDisplay@@@ATL@@UEAAJPEAUIStorage@@@Z 00000001800031c4 f i RemoteOrderDisplay.obj
 0001:00002204       ?Load@?$IPersistStorageImpl@VCOPOSRemoteOrderDisplay@@@ATL@@UEAAJPEAUIStorage@@@Z 0000000180003204 f i RemoteOrderDisplay.obj
 0001:000022a4       ?Save@?$IPersistStorageImpl@VCOPOSRemoteOrderDisplay@@@ATL@@UEAAJPEAUIStorage@@H@Z 00000001800032a4 f i RemoteOrderDisplay.obj
 0001:00002354       ?GetPages@?$ISpecifyPropertyPagesImpl@VCOPOSRemoteOrderDisplay@@@ATL@@UEAAJPEAUtagCAUUID@@@Z 0000000180003354 f i RemoteOrderDisplay.obj
 0001:00002360       ?QuickActivate@?$IQuickActivateImpl@VCOPOSRemoteOrderDisplay@@@ATL@@UEAAJPEAUtagQACONTAINER@@PEAUtagQACONTROL@@@Z 0000000180003360 f i RemoteOrderDisplay.obj
 0001:0000237c       ?SetContentExtent@?$IQuickActivateImpl@VCOPOSRemoteOrderDisplay@@@ATL@@UEAAJPEAUtagSIZE@@@Z 000000018000337c f i RemoteOrderDisplay.obj
 0001:000023b0       ?GetContentExtent@?$IQuickActivateImpl@VCOPOSRemoteOrderDisplay@@@ATL@@UEAAJPEAUtagSIZE@@@Z 00000001800033b0 f i RemoteOrderDisplay.obj
 0001:000023e8       ?GetData@?$IDataObjectImpl@VCOPOSRemoteOrderDisplay@@@ATL@@UEAAJPEAUtagFORMATETC@@PEAUtagSTGMEDIUM@@@Z 00000001800033e8 f i RemoteOrderDisplay.obj
 0001:00002404       ?DAdvise@?$IDataObjectImpl@VCOPOSRemoteOrderDisplay@@@ATL@@UEAAJPEAUtagFORMATETC@@KPEAUIAdviseSink@@PEAK@Z 0000000180003404 f i RemoteOrderDisplay.obj
 0001:0000248c       ?DUnadvise@?$IDataObjectImpl@VCOPOSRemoteOrderDisplay@@@ATL@@UEAAJK@Z 000000018000348c f i RemoteOrderDisplay.obj
 0001:000024b8       ?EnumDAdvise@?$IDataObjectImpl@VCOPOSRemoteOrderDisplay@@@ATL@@UEAAJPEAPEAUIEnumSTATDATA@@@Z 00000001800034b8 f i RemoteOrderDisplay.obj
 0001:000024f4       ?GetClassInfoW@?$IProvideClassInfo2Impl@$1?CLSID_OPOSRemoteOrderDisplay@@3U_GUID@@B$1?DIID__IOPOSRemoteOrderDisplayEvents@@3U2@B$1?LIBID_OposRemoteOrderDisplay_CCO@@3U2@B$00$0A@VCComTypeInfoHolder@ATL@@@ATL@@UEAAJPEAPEAUITypeInfo@@@Z 00000001800034f4 f i RemoteOrderDisplay.obj
 0001:0000254c       ?GetGUID@?$IProvideClassInfo2Impl@$1?CLSID_OPOSRemoteOrderDisplay@@3U_GUID@@B$1?DIID__IOPOSRemoteOrderDisplayEvents@@3U2@B$1?LIBID_OposRemoteOrderDisplay_CCO@@3U2@B$00$0A@VCComTypeInfoHolder@ATL@@@ATL@@UEAAJKPEAU_GUID@@@Z 000000018000354c f i RemoteOrderDisplay.obj
 0001:00002580       ?AddRef@CRegObject@ATL@@UEAAKXZ 0000000180003580 f i RemoteOrderDisplay.obj
 0001:00002580       _get_startup_argv_mode     0000000180003580 f i LIBCMT:argv_mode.obj
 0001:00002580       ?FAccessAllowed@?$IObjectSafetyImpl@VCOPOSRemoteOrderDisplay@@$02@ATL@@MEAAHXZ 0000000180003580 f i RemoteOrderDisplay.obj
 0001:00002588       ?GetInterfaceSafetyOptions@?$IObjectSafetyImpl@VCOPOSRemoteOrderDisplay@@$02@ATL@@UEAAJAEBU_GUID@@PEAK1@Z 0000000180003588 f i RemoteOrderDisplay.obj
 0001:0000261c       ?SetInterfaceSafetyOptions@?$IObjectSafetyImpl@VCOPOSRemoteOrderDisplay@@$02@ATL@@UEAAJAEBU_GUID@@KK@Z 000000018000361c f i RemoteOrderDisplay.obj
 0001:000026c0       ?_LocCPQueryInterface@?$IConnectionPointImpl@VCOPOSRemoteOrderDisplay@@$1?DIID__IOPOSRemoteOrderDisplayEvents@@3U_GUID@@BVCComDynamicUnkArray@ATL@@@ATL@@UEAAJAEBU_GUID@@PEAPEAX@Z 00000001800036c0 f i RemoteOrderDisplay.obj
 0001:000026c0       ?_LocCPQueryInterface@?$IConnectionPointImpl@VCOPOSRemoteOrderDisplay@@$1?IID_IPropertyNotifySink@@3U_GUID@@BVCComDynamicUnkArray@ATL@@@ATL@@UEAAJAEBU_GUID@@PEAPEAX@Z 00000001800036c0 f i RemoteOrderDisplay.obj
 0001:00002734       ?GetConnectionInterface@?$IConnectionPointImpl@VCOPOSRemoteOrderDisplay@@$1?IID_IPropertyNotifySink@@3U_GUID@@BVCComDynamicUnkArray@ATL@@@ATL@@UEAAJPEAU_GUID@@@Z 0000000180003734 f i RemoteOrderDisplay.obj
 0001:00002750       ?GetConnectionPointContainer@?$IConnectionPointImpl@VCOPOSRemoteOrderDisplay@@$1?IID_IPropertyNotifySink@@3U_GUID@@BVCComDynamicUnkArray@ATL@@@ATL@@UEAAJPEAPEAUIConnectionPointContainer@@@Z 0000000180003750 f i RemoteOrderDisplay.obj
 0001:00002770       ?Advise@?$IConnectionPointImpl@VCOPOSRemoteOrderDisplay@@$1?DIID__IOPOSRemoteOrderDisplayEvents@@3U_GUID@@BVCComDynamicUnkArray@ATL@@@ATL@@UEAAJPEAUIUnknown@@PEAK@Z 0000000180003770 f i RemoteOrderDisplay.obj
 0001:00002770       ?Advise@?$IConnectionPointImpl@VCOPOSRemoteOrderDisplay@@$1?IID_IPropertyNotifySink@@3U_GUID@@BVCComDynamicUnkArray@ATL@@@ATL@@UEAAJPEAUIUnknown@@PEAK@Z 0000000180003770 f i RemoteOrderDisplay.obj
 0001:0000282c       ?Unadvise@?$IConnectionPointImpl@VCOPOSRemoteOrderDisplay@@$1?DIID__IOPOSRemoteOrderDisplayEvents@@3U_GUID@@BVCComDynamicUnkArray@ATL@@@ATL@@UEAAJK@Z 000000018000382c f i RemoteOrderDisplay.obj
 0001:0000282c       ?Unadvise@?$IConnectionPointImpl@VCOPOSRemoteOrderDisplay@@$1?IID_IPropertyNotifySink@@3U_GUID@@BVCComDynamicUnkArray@ATL@@@ATL@@UEAAJK@Z 000000018000382c f i RemoteOrderDisplay.obj
 0001:00002894       ?EnumConnections@?$IConnectionPointImpl@VCOPOSRemoteOrderDisplay@@$1?DIID__IOPOSRemoteOrderDisplayEvents@@3U_GUID@@BVCComDynamicUnkArray@ATL@@@ATL@@UEAAJPEAPEAUIEnumConnections@@@Z 0000000180003894 f i RemoteOrderDisplay.obj
 0001:00002894       ?EnumConnections@?$IConnectionPointImpl@VCOPOSRemoteOrderDisplay@@$1?IID_IPropertyNotifySink@@3U_GUID@@BVCComDynamicUnkArray@ATL@@@ATL@@UEAAJPEAPEAUIEnumConnections@@@Z 0000000180003894 f i RemoteOrderDisplay.obj
 0001:00002a28       ?Lock@CAtlModule@ATL@@UEAAJXZ 0000000180003a28 f i RemoteOrderDisplay.obj
 0001:00002a38       ?Unlock@CAtlModule@ATL@@UEAAJXZ 0000000180003a38 f i RemoteOrderDisplay.obj
 0001:00002a44       ?GetLockCount@CAtlModule@ATL@@UEAAJXZ 0000000180003a44 f i RemoteOrderDisplay.obj
 0001:00002a48       ?GetGITPtr@CAtlModule@ATL@@UEAAJPEAPEAUIGlobalInterfaceTable@@@Z 0000000180003a48 f i RemoteOrderDisplay.obj
 0001:00002ab8       ?GetConnectionInterface@?$IConnectionPointImpl@VCOPOSRemoteOrderDisplay@@$1?DIID__IOPOSRemoteOrderDisplayEvents@@3U_GUID@@BVCComDynamicUnkArray@ATL@@@ATL@@UEAAJPEAU_GUID@@@Z 0000000180003ab8 f i RemoteOrderDisplay.obj
 0001:00002ad4       ?GetConnectionPointContainer@?$IConnectionPointImpl@VCOPOSRemoteOrderDisplay@@$1?DIID__IOPOSRemoteOrderDisplayEvents@@3U_GUID@@BVCComDynamicUnkArray@ATL@@@ATL@@UEAAJPEAPEAUIConnectionPointContainer@@@Z 0000000180003ad4 f i RemoteOrderDisplay.obj
 0001:00002af4       ?UpdateRegistry@COPOSRemoteOrderDisplay@@SAJH@Z 0000000180003af4 f i RemoteOrderDisplay.obj
 0001:00002b0c       ?ProcessWindowMessage@COPOSRemoteOrderDisplay@@UEAAHPEAUHWND__@@I_K_JAEA_JK@Z 0000000180003b0c f i RemoteOrderDisplay.obj
 0001:00002b9c       ?SOData@COPOSRemoteOrderDisplay@@MEAAJJ@Z 0000000180003b9c f i RemoteOrderDisplay.obj
 0001:00002bec       ?SODirectIO@COPOSRemoteOrderDisplay@@MEAAJJPEAJPEAPEA_W@Z 0000000180003bec f i RemoteOrderDisplay.obj
 0001:00002c64       ?SOError@COPOSRemoteOrderDisplay@@MEAAJJJJPEAJ@Z 0000000180003c64 f i RemoteOrderDisplay.obj
 0001:00002cec       ?SOOutputComplete@COPOSRemoteOrderDisplay@@MEAAJJ@Z 0000000180003cec f i RemoteOrderDisplay.obj
 0001:00002d3c       ?SOStatusUpdate@COPOSRemoteOrderDisplay@@MEAAJJ@Z 0000000180003d3c f i RemoteOrderDisplay.obj
 0001:00002d8c       ?AddCommonRGSReplacements@?$CAtlModuleT@VCComModule@ATL@@@ATL@@UEAAJPEAUIRegistrarBase@@@Z 0000000180003d8c f i RemoteOrderDisplay.obj
 0001:00002da4       ?UpdateRegistryFromResourceD@CComModule@ATL@@UEAAJPEB_WHPEAU_ATL_REGMAP_ENTRY@2@@Z 0000000180003da4 f i RemoteOrderDisplay.obj
 0001:00002da4       ?UpdateRegistryFromResourceD@CComModule@ATL@@UEAAJIHPEAU_ATL_REGMAP_ENTRY@2@@Z 0000000180003da4 f i RemoteOrderDisplay.obj
 0001:00002dac       ?UpdateRegistryFromResource@CComModule@ATL@@UEAAJPEB_WHPEAU_ATL_REGMAP_ENTRY@2@@Z 0000000180003dac f i RemoteOrderDisplay.obj
 0001:00002db4       ?UpdateRegistryFromResource@CComModule@ATL@@UEAAJIHPEAU_ATL_REGMAP_ENTRY@2@@Z 0000000180003db4 f i RemoteOrderDisplay.obj
 0001:00002dbc       ??_ECComModule@ATL@@UEAAPEAXI@Z 0000000180003dbc f i RemoteOrderDisplay.obj
 0001:00002dbc       ??_GCComModule@ATL@@UEAAPEAXI@Z 0000000180003dbc f i RemoteOrderDisplay.obj
 0001:00002dfc       ?CreateInstance@?$CComCreator@V?$CComObjectCached@VCComClassFactory@ATL@@@ATL@@@ATL@@SAJPEAXAEBU_GUID@@PEAPEAX@Z 0000000180003dfc f i RemoteOrderDisplay.obj
 0001:00002f20       ?CreateInstance@?$CComCreator2@V?$CComCreator@V?$CComObject@VCOPOSRemoteOrderDisplay@@@ATL@@@ATL@@V?$CComCreator@V?$CComAggObject@VCOPOSRemoteOrderDisplay@@@ATL@@@2@@ATL@@SAJPEAXAEBU_GUID@@PEAPEAX@Z 0000000180003f20 f i RemoteOrderDisplay.obj
 0001:00002f30       ?AddRef@?$CComObjectCached@VCComClassFactory@ATL@@@ATL@@UEAAKXZ 0000000180003f30 f i RemoteOrderDisplay.obj
 0001:00002f5c       ?Release@?$CComObjectCached@VCComClassFactory@ATL@@@ATL@@UEAAKXZ 0000000180003f5c f i RemoteOrderDisplay.obj
 0001:00002f9c       ?QueryInterface@?$CComObjectCached@VCComClassFactory@ATL@@@ATL@@UEAAJAEBU_GUID@@PEAPEAX@Z 0000000180003f9c f i RemoteOrderDisplay.obj
 0001:00002fb0       ??_E?$CComObjectCached@VCComClassFactory@ATL@@@ATL@@UEAAPEAXI@Z 0000000180003fb0 f i RemoteOrderDisplay.obj
 0001:00002fb0       ??_G?$CComObjectCached@VCComClassFactory@ATL@@@ATL@@UEAAPEAXI@Z 0000000180003fb0 f i RemoteOrderDisplay.obj
 0001:00003008       ?Next@?$CComEnumImpl@UIEnumConnectionPoints@@$1?_GUID_b196b285_bab4_101a_b69c_00aa00341d07@@3U__s_GUID@@BPEAUIConnectionPoint@@V?$_CopyInterface@UIConnectionPoint@@@ATL@@@ATL@@UEAAJKPEAPEAUIConnectionPoint@@PEAK@Z 0000000180004008 f i RemoteOrderDisplay.obj
 0001:000030cc       ?Skip@?$CComEnumImpl@UIEnumConnectionPoints@@$1?_GUID_b196b285_bab4_101a_b69c_00aa00341d07@@3U__s_GUID@@BPEAUIConnectionPoint@@V?$_CopyInterface@UIConnectionPoint@@@ATL@@@ATL@@UEAAJK@Z 00000001800040cc f i RemoteOrderDisplay.obj
 0001:000030f8       ?Clone@?$CComEnumImpl@UIEnumConnectionPoints@@$1?_GUID_b196b285_bab4_101a_b69c_00aa00341d07@@3U__s_GUID@@BPEAUIConnectionPoint@@V?$_CopyInterface@UIConnectionPoint@@@ATL@@@ATL@@UEAAJPEAPEAUIEnumConnectionPoints@@@Z 00000001800040f8 f i RemoteOrderDisplay.obj
 0001:00003224       ?QueryInterface@?$CComObject@V?$CComEnum@UIEnumConnectionPoints@@$1?_GUID_b196b285_bab4_101a_b69c_00aa00341d07@@3U__s_GUID@@BPEAUIConnectionPoint@@V?$_CopyInterface@UIConnectionPoint@@@ATL@@VCComSingleThreadModel@6@@ATL@@@ATL@@UEAAJAEBU_GUID@@PEAPEAX@Z 0000000180004224 f i RemoteOrderDisplay.obj
 0001:00003238       ??_E?$CComObject@V?$CComEnum@UIEnumConnectionPoints@@$1?_GUID_b196b285_bab4_101a_b69c_00aa00341d07@@3U__s_GUID@@BPEAUIConnectionPoint@@V?$_CopyInterface@UIConnectionPoint@@@ATL@@VCComSingleThreadModel@6@@ATL@@@ATL@@UEAAPEAXI@Z 0000000180004238 f i RemoteOrderDisplay.obj
 0001:00003238       ??_G?$CComObject@V?$CComEnum@UIEnumConnectionPoints@@$1?_GUID_b196b285_bab4_101a_b69c_00aa00341d07@@3U__s_GUID@@BPEAUIConnectionPoint@@V?$_CopyInterface@UIConnectionPoint@@@ATL@@VCComSingleThreadModel@6@@ATL@@@ATL@@UEAAPEAXI@Z 0000000180004238 f i RemoteOrderDisplay.obj
 0001:00003290       ?AddReplacement@CRegObject@ATL@@UEAAJPEB_W0@Z 0000000180004290 f i RemoteOrderDisplay.obj
 0001:000032c0       ?ClearReplacements@CRegObject@ATL@@UEAAJXZ 00000001800042c0 f i RemoteOrderDisplay.obj
 0001:000032cc       ??_ECRegObject@ATL@@UEAAPEAXI@Z 00000001800042cc f i RemoteOrderDisplay.obj
 0001:000032cc       ??_GCRegObject@ATL@@UEAAPEAXI@Z 00000001800042cc f i RemoteOrderDisplay.obj
 0001:0000334c       ?AddRef@?$CComAggObject@VCOPOSRemoteOrderDisplay@@@ATL@@UEAAKXZ 000000018000434c f i RemoteOrderDisplay.obj
 0001:00003358       ?Release@?$CComAggObject@VCOPOSRemoteOrderDisplay@@@ATL@@UEAAKXZ 0000000180004358 f i RemoteOrderDisplay.obj
 0001:000033ac       ?QueryInterface@?$CComAggObject@VCOPOSRemoteOrderDisplay@@@ATL@@UEAAJAEBU_GUID@@PEAPEAX@Z 00000001800043ac f i RemoteOrderDisplay.obj
 0001:0000340c       ?AddRef@?$CComContainedObject@VCOPOSRemoteOrderDisplay@@@ATL@@UEAAKXZ 000000018000440c f i RemoteOrderDisplay.obj
 0001:0000341c       ?Release@?$CComContainedObject@VCOPOSRemoteOrderDisplay@@@ATL@@UEAAKXZ 000000018000441c f i RemoteOrderDisplay.obj
 0001:0000342c       ?QueryInterface@?$CComContainedObject@VCOPOSRemoteOrderDisplay@@@ATL@@UEAAJAEBU_GUID@@PEAPEAX@Z 000000018000442c f i RemoteOrderDisplay.obj
 0001:0000343c       ??_G?$CComAggObject@VCOPOSRemoteOrderDisplay@@@ATL@@UEAAPEAXI@Z 000000018000443c f i RemoteOrderDisplay.obj
 0001:0000343c       ??_E?$CComAggObject@VCOPOSRemoteOrderDisplay@@@ATL@@UEAAPEAXI@Z 000000018000443c f i RemoteOrderDisplay.obj
 0001:00003494       ?AddRef@?$CComObject@VCOPOSRemoteOrderDisplay@@@ATL@@UEAAKXZ 0000000180004494 f i RemoteOrderDisplay.obj
 0001:000034a4       ?Release@?$CComObject@VCOPOSRemoteOrderDisplay@@@ATL@@UEAAKXZ 00000001800044a4 f i RemoteOrderDisplay.obj
 0001:000034fc       ?QueryInterface@?$CComObject@VCOPOSRemoteOrderDisplay@@@ATL@@UEAAJAEBU_GUID@@PEAPEAX@Z 00000001800044fc f i RemoteOrderDisplay.obj
 0001:00003510       ?OnDrawAdvanced@CComControlBase@ATL@@UEAAJAEAUATL_DRAWINFO@@@Z 0000000180004510 f i RemoteOrderDisplay.obj
 0001:0000369c       ??$AtlModuleRegisterWndClassInfoT@VAtlModuleRegisterWndClassInfoParamW@ATL@@@ATL@@YAGPEAU_ATL_BASE_MODULE70@0@PEAU_ATL_WIN_MODULE70@0@PEAU_ATL_WNDCLASSINFOW@0@PEAP6A_JPEAUHWND__@@I_K_J@ZVAtlModuleRegisterWndClassInfoParamW@0@@Z 000000018000469c f i RemoteOrderDisplay.obj
 0001:0000389c       ??0?$CComContainedObject@VCOPOSRemoteOrderDisplay@@@ATL@@QEAA@PEAX@Z 000000018000489c f i RemoteOrderDisplay.obj
 0001:000039b8       ??0?$CComObject@VCOPOSRemoteOrderDisplay@@@ATL@@QEAA@PEAX@Z 00000001800049b8 f i RemoteOrderDisplay.obj
 0001:00003ad0       ??0CAtlModule@ATL@@QEAA@XZ 0000000180004ad0 f i RemoteOrderDisplay.obj
 0001:00003b44       ??1?$CComEnumImpl@UIEnumConnectionPoints@@$1?_GUID_b196b285_bab4_101a_b69c_00aa00341d07@@3U__s_GUID@@BPEAUIConnectionPoint@@V?$_CopyInterface@UIConnectionPoint@@@ATL@@@ATL@@UEAA@XZ 0000000180004b44 f i RemoteOrderDisplay.obj
 0001:00003b9c       ??1?$CComEnumImpl@UIEnumConnections@@$1?_GUID_b196b287_bab4_101a_b69c_00aa00341d07@@3U__s_GUID@@BUtagCONNECTDATA@@V?$_Copy@UtagCONNECTDATA@@@ATL@@@ATL@@UEAA@XZ 0000000180004b9c f i RemoteOrderDisplay.obj
 0001:00003bf4       ??1?$CComObject@VCOPOSRemoteOrderDisplay@@@ATL@@UEAA@XZ 0000000180004bf4 f i RemoteOrderDisplay.obj
 0001:00003d14       ??_E?$CComContainedObject@VCOPOSRemoteOrderDisplay@@@ATL@@UEAAPEAXI@Z 0000000180004d14 f i RemoteOrderDisplay.obj
 0001:00003d14       ??_G?$CComContainedObject@VCOPOSRemoteOrderDisplay@@@ATL@@UEAAPEAXI@Z 0000000180004d14 f i RemoteOrderDisplay.obj
 0001:00003d48       ??_E?$CComObject@VCOPOSRemoteOrderDisplay@@@ATL@@UEAAPEAXI@Z 0000000180004d48 f i RemoteOrderDisplay.obj
 0001:00003d48       ??_G?$CComObject@VCOPOSRemoteOrderDisplay@@@ATL@@UEAAPEAXI@Z 0000000180004d48 f i RemoteOrderDisplay.obj
 0001:00003d7c       ?Add@?$CSimpleArray@GV?$CSimpleArrayEqualHelper@G@ATL@@@ATL@@QEAAHAEBG@Z 0000000180004d7c f i RemoteOrderDisplay.obj
 0001:00003e1c       ?Add@?$CSimpleMap@PEA_WPEA_WVCExpansionVectorEqualHelper@ATL@@@ATL@@QEAAHAEBQEA_W0@Z 0000000180004e1c f i RemoteOrderDisplay.obj
 0001:00003eb8       ?Add@CComDynamicUnkArray@ATL@@QEAAKPEAUIUnknown@@@Z 0000000180004eb8 f i RemoteOrderDisplay.obj
 0001:00003f9c       ?Add@CExpansionVector@ATL@@QEAAHPEB_W0@Z 0000000180004f9c f i RemoteOrderDisplay.obj
 0001:000040d0       ?AddTermFunc@CAtlModule@ATL@@QEAAJP6AX_K@Z0@Z 00000001800050d0 f i RemoteOrderDisplay.obj
 0001:0000416c       ?AddValue@CRegParser@ATL@@IEAAJAEAVCRegKey@2@PEB_WPEA_W@Z 000000018000516c f i RemoteOrderDisplay.obj
 0001:0000457c       ?AllocateHeap@?$CTempBuffer@_W$0EAA@VCCRTAllocator@ATL@@@ATL@@AEAAX_K@Z 000000018000557c f i RemoteOrderDisplay.obj
 0001:0000457c       ?AllocateHeap@?$CTempBuffer@E$0BAA@VCCRTAllocator@ATL@@@ATL@@AEAAX_K@Z 000000018000557c f i RemoteOrderDisplay.obj
 0001:0000457c       ?AllocateHeap@?$CTempBuffer@_W$0BAA@VCCRTAllocator@ATL@@@ATL@@AEAAX_K@Z 000000018000557c f i RemoteOrderDisplay.obj
 0001:000045a8       ?Append@CParseBuffer@CRegParser@ATL@@QEAAHPEB_WH@Z 00000001800055a8 f i RemoteOrderDisplay.obj
 0001:000046dc       ?AtlComModuleGetClassObject@ATL@@YAJPEAU_ATL_COM_MODULE70@1@AEBU_GUID@@1PEAPEAX@Z 00000001800056dc f i RemoteOrderDisplay.obj
 0001:00004818       ?AtlComModuleRegisterServer@ATL@@YAJPEAU_ATL_COM_MODULE70@1@HPEBU_GUID@@@Z 0000000180005818 f i RemoteOrderDisplay.obj
 0001:000048d8       ?AtlComModuleUnregisterServer@ATL@@YAJPEAU_ATL_COM_MODULE70@1@HPEBU_GUID@@@Z 00000001800058d8 f i RemoteOrderDisplay.obj
 0001:00004994       ?AtlHiMetricToPixel@ATL@@YAXPEBUtagSIZE@@PEAU2@@Z 0000000180005994 f i RemoteOrderDisplay.obj
 0001:00004a44       ?AtlHresultFromLastError@ATL@@YAJXZ 0000000180005a44 f i RemoteOrderDisplay.obj
 0001:00004a64       ?AtlHresultFromWin32@ATL@@YAJK@Z 0000000180005a64 f i RemoteOrderDisplay.obj
 0001:00004a74       ?AtlInternalOleLoadFromStream@ATL@@YAJPEAUIStream@@AEBU_GUID@@PEAPEAXTClassesAllowedInStream@1@K@Z 0000000180005a74 f i RemoteOrderDisplay.obj
 0001:00004bc4       ?AtlInternalQueryInterface@ATL@@YAJPEAXPEBU_ATL_INTMAP_ENTRY@1@AEBU_GUID@@PEAPEAX@Z 0000000180005bc4 f i RemoteOrderDisplay.obj
 0001:00004ccc       ?AtlLoadTypeLib@ATL@@YAJPEAUHINSTANCE__@@PEB_WPEAPEA_WPEAPEAUITypeLib@@@Z 0000000180005ccc f i RemoteOrderDisplay.obj
 0001:00004f28       ?AtlRegisterClassCategoriesHelper@ATL@@YAJAEBU_GUID@@PEBU_ATL_CATMAP_ENTRY@1@H@Z 0000000180005f28 f i RemoteOrderDisplay.obj
 0001:000053ac       ?AtlRegisterTypeLib@ATL@@YAJPEAUHINSTANCE__@@PEB_W@Z 00000001800063ac f i RemoteOrderDisplay.obj
 0001:000055a8       ?AtlThrowImpl@ATL@@YAXJ@Z  00000001800065a8 f i RemoteOrderDisplay.obj
 0001:000055cc       ?AtlUnRegisterTypeLib@ATL@@YAJPEAUHINSTANCE__@@PEB_W@Z 00000001800065cc f i RemoteOrderDisplay.obj
 0001:00005694       ?AtlWinModuleExtractCreateWndData@ATL@@YAPEAXPEAU_ATL_WIN_MODULE70@1@@Z 0000000180006694 f i RemoteOrderDisplay.obj
 0001:00005720       ?ChToByte@CRegParser@ATL@@KAE_W@Z 0000000180006720 f i RemoteOrderDisplay.obj
 0001:000057ac       ?Cleanup@CComTypeInfoHolder@ATL@@SAX_K@Z 00000001800067ac f i RemoteOrderDisplay.obj
 0001:000057ec       ?ClearReplacements@CExpansionVector@ATL@@QEAAJXZ 00000001800067ec f i RemoteOrderDisplay.obj
 0001:00005888       ?CreateInstance@?$CComCreator@V?$CComAggObject@VCOPOSRemoteOrderDisplay@@@ATL@@@ATL@@SAJPEAXAEBU_GUID@@PEAPEAX@Z 0000000180006888 f i RemoteOrderDisplay.obj
 0001:0000596c       ?CreateInstance@?$CComCreator@V?$CComObject@VCOPOSRemoteOrderDisplay@@@ATL@@@ATL@@SAJPEAXAEBU_GUID@@PEAPEAX@Z 000000018000696c f i RemoteOrderDisplay.obj
 0001:00005a2c       ?CreateInstance@?$CComObject@V?$CComEnum@UIEnumConnectionPoints@@$1?_GUID_b196b285_bab4_101a_b69c_00aa00341d07@@3U__s_GUID@@BPEAUIConnectionPoint@@V?$_CopyInterface@UIConnectionPoint@@@ATL@@VCComSingleThreadModel@6@@ATL@@@ATL@@SAJPEAPEAV12@@Z 0000000180006a2c f i RemoteOrderDisplay.obj
 0001:00005abc       ?CreateInstance@?$CComObject@V?$CComEnum@UIEnumConnections@@$1?_GUID_b196b287_bab4_101a_b69c_00aa00341d07@@3U__s_GUID@@BUtagCONNECTDATA@@V?$_Copy@UtagCONNECTDATA@@@ATL@@VCComSingleThreadModel@6@@ATL@@@ATL@@SAJPEAPEAV12@@Z 0000000180006abc f i RemoteOrderDisplay.obj
 0001:00005b4c       ?DefaultReflectionHandler@?$CWindowImplRoot@VCWindow@ATL@@@ATL@@SAHPEAUHWND__@@I_K_JAEA_J@Z 0000000180006b4c f i RemoteOrderDisplay.obj
 0001:00005be0       ?DeleteSubKey@CRegKey@ATL@@QEAAJPEB_W@Z 0000000180006be0 f i RemoteOrderDisplay.obj
 0001:00005c78       ?DoEvent@COPOSRemoteOrderDisplay@@IEAAXI_K_J@Z 0000000180006c78 f i RemoteOrderDisplay.obj
 0001:00005d2c       ?DoVerbPrimary@?$IOleObjectImpl@VCOPOSRemoteOrderDisplay@@@ATL@@QEAAJPEBUtagRECT@@PEAUHWND__@@@Z 0000000180006d2c f i RemoteOrderDisplay.obj
 0001:00005e58       ?DoVerbProperties@CComControlBase@ATL@@QEAAJPEBUtagRECT@@PEAUHWND__@@@Z 0000000180006e58 f i RemoteOrderDisplay.obj
 0001:00006080       ?FireTheEvent@?$CProxy_IOPOSEvents@VCOPOSRemoteOrderDisplay@@@@IEAAXPEAVOposVariant@@IAEAJPEB_WJ@Z 0000000180007080 f i RemoteOrderDisplay.obj
 0001:0000616c       ?FireViewChange@CComControlBase@ATL@@QEAAJXZ 000000018000716c f i RemoteOrderDisplay.obj
 0001:000061d0       ?Fire_DataEvent@?$CProxy_IOPOSEvents@VCOPOSRemoteOrderDisplay@@@@QEAAXJ@Z 00000001800071d0 f i RemoteOrderDisplay.obj
 0001:000062bc       ?Fire_DirectIOEvent@?$CProxy_IOPOSEvents@VCOPOSRemoteOrderDisplay@@@@QEAAXJPEAJPEAPEA_W@Z 00000001800072bc f i RemoteOrderDisplay.obj
 0001:0000641c       ?Fire_ErrorEvent@?$CProxy_IOPOSEvents@VCOPOSRemoteOrderDisplay@@@@QEAAXJJJPEAJ@Z 000000018000741c f i RemoteOrderDisplay.obj
 0001:00006590       ?Fire_OutputCompleteEvent@?$CProxy_IOPOSEvents@VCOPOSRemoteOrderDisplay@@@@QEAAXJ@Z 0000000180007590 f i RemoteOrderDisplay.obj
 0001:0000667c       ?Fire_StatusUpdateEvent@?$CProxy_IOPOSEvents@VCOPOSRemoteOrderDisplay@@@@QEAAXJ@Z 000000018000767c f i RemoteOrderDisplay.obj
 0001:00006768       ?FreeHeap@?$CTempBuffer@_W$0EAA@VCCRTAllocator@ATL@@@ATL@@AEAAXXZ 0000000180007768 f i RemoteOrderDisplay.obj
 0001:00006768       ?FreeHeap@?$CTempBuffer@E$0BAA@VCCRTAllocator@ATL@@@ATL@@AEAAXXZ 0000000180007768 f i RemoteOrderDisplay.obj
 0001:00006768       ?FreeHeap@?$CTempBuffer@_W$0BAA@VCCRTAllocator@ATL@@@ATL@@AEAAXXZ 0000000180007768 f i RemoteOrderDisplay.obj
 0001:00006770       ?GetAmbientLocaleID@CComControlBase@ATL@@QEAAJAEAK@Z 0000000180007770 f i RemoteOrderDisplay.obj
 0001:00006830       ?GetAmbientUserMode@CComControlBase@ATL@@QEAAJAEAH@Z 0000000180007830 f i RemoteOrderDisplay.obj
 0001:00006900       ?GetClassObject@CComModule@ATL@@QEAAJAEBU_GUID@@0PEAPEAX@Z 0000000180007900 f i RemoteOrderDisplay.obj
 0001:000069f4       ?GetConnMap@COPOSRemoteOrderDisplay@@SAPEBU_ATL_CONNMAP_ENTRY@ATL@@PEAH@Z 00000001800079f4 f i RemoteOrderDisplay.obj
 0001:00006a7c       ?GetIDsOfNames@CComTypeInfoHolder@ATL@@QEAAJAEBU_GUID@@PEAPEA_WIKPEAJ@Z 0000000180007a7c f i RemoteOrderDisplay.obj
 0001:00006bec       ?GetPagesHelper@?$ISpecifyPropertyPagesImpl@VCOPOSRemoteOrderDisplay@@@ATL@@IEAAJPEAUtagCAUUID@@PEBUATL_PROPMAP_ENTRY@2@@Z 0000000180007bec f i RemoteOrderDisplay.obj
 0001:00006d8c       ?GetSizeMax@CComVariant@ATL@@QEBAJPEAT_ULARGE_INTEGER@@@Z 0000000180007d8c f i RemoteOrderDisplay.obj
 0001:00006fbc       ?GetTI@CComTypeInfoHolder@ATL@@QEAAJK@Z 0000000180007fbc f i RemoteOrderDisplay.obj
 0001:000072a0       ?GetZoomInfo@CComControlBase@ATL@@QEAAXAEAUATL_DRAWINFO@@@Z 00000001800082a0 f i RemoteOrderDisplay.obj
 0001:00007344       ?HKeyFromString@CRegParser@ATL@@KAPEAUHKEY__@@PEA_W@Z 0000000180008344 f i RemoteOrderDisplay.obj
 0001:000073a8       ?IDataObject_GetData@CComControlBase@ATL@@QEAAJPEAUtagFORMATETC@@PEAUtagSTGMEDIUM@@@Z 00000001800083a8 f i RemoteOrderDisplay.obj
 0001:0000759c       ?IOleInPlaceObject_InPlaceDeactivate@CComControlBase@ATL@@QEAAJXZ 000000018000859c f i RemoteOrderDisplay.obj
 0001:0000763c       ?IOleInPlaceObject_SetObjectRects@CComControlBase@ATL@@QEAAJPEBUtagRECT@@0@Z 000000018000863c f i RemoteOrderDisplay.obj
 0001:0000772c       ?IOleInPlaceObject_UIDeactivate@CComControlBase@ATL@@QEAAJXZ 000000018000872c f i RemoteOrderDisplay.obj
 0001:00007838       ?IOleObject_Close@CComControlBase@ATL@@QEAAJK@Z 0000000180008838 f i RemoteOrderDisplay.obj
 0001:00007950       ?IOleObject_SetClientSite@CComControlBase@ATL@@QEAAJPEAUIOleClientSite@@@Z 0000000180008950 f i RemoteOrderDisplay.obj
 0001:000079c4       ?IOleObject_SetExtent@CComControlBase@ATL@@QEAAJKPEAUtagSIZE@@@Z 00000001800089c4 f i RemoteOrderDisplay.obj
 0001:00007a5c       ?IPSI_GetIPersistStreamInit@?$IPersistStorageImpl@VCOPOSRemoteOrderDisplay@@@ATL@@AEAAPEAUIPersistStreamInit@@XZ 0000000180008a5c f i RemoteOrderDisplay.obj
 0001:00007b44       ?IPersistStreamInit_Load@?$IPersistStreamInitImpl@VCOPOSRemoteOrderDisplay@@@ATL@@QEAAJPEAUIStream@@PEBUATL_PROPMAP_ENTRY@2@@Z 0000000180008b44 f i RemoteOrderDisplay.obj
 0001:00007e6c       ?IPersistStreamInit_Save@?$IPersistStreamInitImpl@VCOPOSRemoteOrderDisplay@@@ATL@@QEAAJPEAUIStream@@HPEBUATL_PROPMAP_ENTRY@2@@Z 0000000180008e6c f i RemoteOrderDisplay.obj
 0001:00008108       ?IQuickActivate_QuickActivate@CComControlBase@ATL@@QEAAJPEAUtagQACONTAINER@@PEAUtagQACONTROL@@@Z 0000000180009108 f i RemoteOrderDisplay.obj
 0001:000083cc       ?IViewObject_Draw@CComControlBase@ATL@@QEAAJKJPEAXPEAUtagDVTARGETDEVICE@@PEAUHDC__@@2PEBU_RECTL@@3@Z 00000001800093cc f i RemoteOrderDisplay.obj
 0001:000084e0       ?InPlaceActivate@CComControlBase@ATL@@QEAAJJPEBUtagRECT@@@Z 00000001800094e0 f i RemoteOrderDisplay.obj
 0001:00008810       ?Init@?$CComEnumImpl@UIEnumConnectionPoints@@$1?_GUID_b196b285_bab4_101a_b69c_00aa00341d07@@3U__s_GUID@@BPEAUIConnectionPoint@@V?$_CopyInterface@UIConnectionPoint@@@ATL@@@ATL@@QEAAJPEAPEAUIConnectionPoint@@0PEAUIUnknown@@W4CComEnumFlags@2@@Z 0000000180009810 f i RemoteOrderDisplay.obj
 0001:0000892c       ?Init@?$CComEnumImpl@UIEnumConnections@@$1?_GUID_b196b287_bab4_101a_b69c_00aa00341d07@@3U__s_GUID@@BUtagCONNECTDATA@@V?$_Copy@UtagCONNECTDATA@@@ATL@@@ATL@@QEAAJPEAUtagCONNECTDATA@@0PEAUIUnknown@@W4CComEnumFlags@2@@Z 000000018000992c f i RemoteOrderDisplay.obj
 0001:00008a4c       ?IsEqualObject@?$CComPtrBase@UIOleClientSite@@@ATL@@QEAA_NPEAUIUnknown@@@Z 0000000180009a4c f i RemoteOrderDisplay.obj
 0001:00008ad8       ?LoadNameCache@CComTypeInfoHolder@ATL@@QEAAJPEAUITypeInfo@@@Z 0000000180009ad8 f i RemoteOrderDisplay.obj
 0001:00008c68       ?Lookup@?$CSimpleMap@PEA_WPEA_WVCExpansionVectorEqualHelper@ATL@@@ATL@@QEBAPEA_WAEBQEA_W@Z 0000000180009c68 f i RemoteOrderDisplay.obj
 0001:00008cf0       ?NextToken@CRegParser@ATL@@IEAAJPEA_W@Z 0000000180009cf0 f i RemoteOrderDisplay.obj
 0001:00008e8c       ?OnKillFocus@CComControlBase@ATL@@QEAA_JI_K_JAEAH@Z 0000000180009e8c f i RemoteOrderDisplay.obj
 0001:00008f28       ?OnMouseActivate@CComControlBase@ATL@@QEAA_JI_K_JAEAH@Z 0000000180009f28 f i RemoteOrderDisplay.obj
 0001:00008fc8       ?OnPaint@CComControlBase@ATL@@QEAA_JI_K_JAEAH@Z 0000000180009fc8 f i RemoteOrderDisplay.obj
 0001:000090b4       ?OnSetFocus@CComControlBase@ATL@@QEAA_JI_K_JAEAH@Z 000000018000a0b4 f i RemoteOrderDisplay.obj
 0001:000091bc       ?PreProcessBuffer@CRegParser@ATL@@QEAAJPEA_WPEAPEA_W@Z 000000018000a1bc f i RemoteOrderDisplay.obj
 0001:00009544       ?ProcessWindowMessage@?$CComControl@VCOPOSRemoteOrderDisplay@@V?$CWindowImpl@VCOPOSRemoteOrderDisplay@@VCWindow@ATL@@V?$CWinTraits@$0FGAAAAAA@$0A@@3@@ATL@@@ATL@@UEAAHPEAUHWND__@@I_K_JAEA_JK@Z 000000018000a544 f i RemoteOrderDisplay.obj
 0001:00009630       ?ReadFromStream@CComBSTR@ATL@@QEAAJPEAUIStream@@@Z 000000018000a630 f i RemoteOrderDisplay.obj
 0001:00009780       ?ReadFromStream@CComVariant@ATL@@QEAAJPEAUIStream@@GTClassesAllowedInStream@2@K@Z 000000018000a780 f i RemoteOrderDisplay.obj
 0001:000099c4       ?RecurseDeleteKey@CRegKey@ATL@@QEAAJPEB_W@Z 000000018000a9c4 f i RemoteOrderDisplay.obj
 0001:00009b1c       ?RegCreateKeyExW@CAtlTransactionManager@ATL@@QEAAJPEAUHKEY__@@PEB_WKPEA_WKKQEAU_SECURITY_ATTRIBUTES@@PEAPEAU3@PEAK@Z 000000018000ab1c f i RemoteOrderDisplay.obj
 0001:00009c50       ?RegDeleteKeyW@CAtlTransactionManager@ATL@@QEAAJPEAUHKEY__@@PEB_W@Z 000000018000ac50 f i RemoteOrderDisplay.obj
 0001:00009cdc       ?RegOpenKeyExW@CAtlTransactionManager@ATL@@QEAAJPEAUHKEY__@@PEB_WKKPEAPEAU3@@Z 000000018000acdc f i RemoteOrderDisplay.obj
 0001:00009d94       ?RegisterBuffer@CRegParser@ATL@@QEAAJPEA_WH@Z 000000018000ad94 f i RemoteOrderDisplay.obj
 0001:00009f00       ?RegisterFromResource@CRegObject@ATL@@IEAAJPEB_W00H@Z 000000018000af00 f i RemoteOrderDisplay.obj
 0001:0000a0bc       ?RegisterServer@CComModule@ATL@@QEAAJHPEBU_GUID@@@Z 000000018000b0bc f i RemoteOrderDisplay.obj
 0001:0000a178       ?RegisterSubkeys@CRegParser@ATL@@IEAAJPEA_WPEAUHKEY__@@HH@Z 000000018000b178 f i RemoteOrderDisplay.obj
 0001:0000a9f8       ?SendOnDataChange@CComControlBase@ATL@@QEAAJK@Z 000000018000b9f8 f i RemoteOrderDisplay.obj
 0001:0000aa68       ?SetControlFocus@CComControlBase@ATL@@QEAAHH@Z 000000018000ba68 f i RemoteOrderDisplay.obj
 0001:0000ab38       ?SkipAssignment@CRegParser@ATL@@IEAAJPEA_W@Z 000000018000bb38 f i RemoteOrderDisplay.obj
 0001:0000abf0       ?Term@CAtlModule@ATL@@QEAAXXZ 000000018000bbf0 f i RemoteOrderDisplay.obj
 0001:0000aca8       ?Term@CComModule@ATL@@QEAAXXZ 000000018000bca8 f i RemoteOrderDisplay.obj
 0001:0000ad24       ?UnregisterServer@CComModule@ATL@@QEAAJHPEBU_GUID@@@Z 000000018000bd24 f i RemoteOrderDisplay.obj
 0001:0000add4       ?UpdateRegistryFromResource@CAtlModule@ATL@@QEAAJIHPEAU_ATL_REGMAP_ENTRY@2@@Z 000000018000bdd4 f i RemoteOrderDisplay.obj
 0001:0000b0e0       ?UpdateRegistryFromResource@CAtlModule@ATL@@QEAAJPEB_WHPEAU_ATL_REGMAP_ENTRY@2@@Z 000000018000c0e0 f i RemoteOrderDisplay.obj
 0001:0000b404       ?VTFromRegType@CRegParser@ATL@@KAHPEB_WAEAG@Z 000000018000c404 f i RemoteOrderDisplay.obj
 0001:0000b4a0       ?WindowProc@?$CWindowImplBaseT@VCWindow@ATL@@V?$CWinTraits@$0FGAAAAAA@$0A@@2@@ATL@@SA_JPEAUHWND__@@I_K_J@Z 000000018000c4a0 f i RemoteOrderDisplay.obj
 0001:0000b60c       ?WriteToStream@CComVariant@ATL@@QEAAJPEAUIStream@@@Z 000000018000c60c f i RemoteOrderDisplay.obj
 0001:0000b878       ?WriteToStream@CComVariant@ATL@@QEAAJPEAUIStream@@G@Z 000000018000c878 f i RemoteOrderDisplay.obj
 0001:0000b910       ?_AtlVerifyStackAvailable@_ATL_SAFE_ALLOCA_IMPL@ATL@@YA_N_K@Z 000000018000c910 f i RemoteOrderDisplay.obj
 0001:0000b994       ?atlCreate@?$CWindowImpl@VCOPOSRemoteOrderDisplay@@VCWindow@ATL@@V?$CWinTraits@$0FGAAAAAA@$0A@@3@@ATL@@QEAAPEAUHWND__@@PEAU3@V_U_RECT@2@PEB_WKKV_U_MENUorID@2@PEAX@Z 000000018000c994 f i RemoteOrderDisplay.obj
 0001:0000ba50       ?atlCreate@?$CWindowImplBaseT@VCWindow@ATL@@V?$CWinTraits@$0FGAAAAAA@$0A@@2@@ATL@@QEAAPEAUHWND__@@PEAU3@V_U_RECT@2@PEB_WKKV_U_MENUorID@2@GPEAX@Z 000000018000ca50 f i RemoteOrderDisplay.obj
 0001:0000bbc0       ?ocscpy_s@@YA_NPEA_W_KPEB_W@Z 000000018000cbc0 f i RemoteOrderDisplay.obj
 0001:0000bc70       DllCanUnloadNow            000000018000cc70 f   RemoteOrderDisplay.obj
 0001:0000bc7c       DllGetClassObject          000000018000cc7c f   RemoteOrderDisplay.obj
 0001:0000bc94       DllMain                    000000018000cc94 f   RemoteOrderDisplay.obj
 0001:0000bd3c       DllRegisterServer          000000018000cd3c f   RemoteOrderDisplay.obj
 0001:0000bd50       DllUnregisterServer        000000018000cd50 f   RemoteOrderDisplay.obj
 0001:0000bd64       __local_stdio_printf_options 000000018000cd64 f i RemoteOrderDisplay.obj
 0001:0000bd6c       swprintf_s                 000000018000cd6c f i RemoteOrderDisplay.obj
 0001:0000bdc0       ??0COPOSRemoteOrderDisplay@@QEAA@XZ 000000018000cdc0 f   RemoteOrderDisplayImpl.obj
 0001:0000be90       ??1?$IConnectionPointImpl@VCOPOSRemoteOrderDisplay@@$1?DIID__IOPOSRemoteOrderDisplayEvents@@3U_GUID@@BVCComDynamicUnkArray@ATL@@@ATL@@QEAA@XZ 000000018000ce90 f i RemoteOrderDisplayImpl.obj
 0001:0000be90       ??1?$IConnectionPointImpl@VCOPOSRemoteOrderDisplay@@$1?IID_IPropertyNotifySink@@3U_GUID@@BVCComDynamicUnkArray@ATL@@@ATL@@QEAA@XZ 000000018000ce90 f i RemoteOrderDisplayImpl.obj
 0001:0000beec       ??1CComControlBase@ATL@@UEAA@XZ 000000018000ceec f i RemoteOrderDisplayImpl.obj
 0001:0000bf68       ??1COPOSRemoteOrderDisplay@@UEAA@XZ 000000018000cf68 f   RemoteOrderDisplayImpl.obj
 0001:0000bfcc       ?CheckHealth@COPOSRemoteOrderDisplay@@UEAAJJPEAJ@Z 000000018000cfcc f   RemoteOrderDisplayImpl.obj
 0001:0000c048       ?ClaimDevice@COPOSRemoteOrderDisplay@@UEAAJJPEAJ@Z 000000018000d048 f   RemoteOrderDisplayImpl.obj
 0001:0000c0e8       ?ClearInput@COPOSRemoteOrderDisplay@@UEAAJPEAJ@Z 000000018000d0e8 f   RemoteOrderDisplayImpl.obj
 0001:0000c110       ?ClearOutput@COPOSRemoteOrderDisplay@@UEAAJPEAJ@Z 000000018000d110 f   RemoteOrderDisplayImpl.obj
 0001:0000c138       ?ClearVideo@COPOSRemoteOrderDisplay@@UEAAJJJPEAJ@Z 000000018000d138 f   RemoteOrderDisplayImpl.obj
 0001:0000c204       ?ClearVideoRegion@COPOSRemoteOrderDisplay@@UEAAJJJJJJJPEAJ@Z 000000018000d204 f   RemoteOrderDisplayImpl.obj
 0001:0000c328       ?Close@COPOSRemoteOrderDisplay@@UEAAJPEAJ@Z 000000018000d328 f   RemoteOrderDisplayImpl.obj
 0001:0000c3e0       ?CompareFirmwareVersion@COPOSRemoteOrderDisplay@@UEAAJPEA_WPEAJ1@Z 000000018000d3e0 f   RemoteOrderDisplayImpl.obj
 0001:0000c4bc       ?ControlClock@COPOSRemoteOrderDisplay@@UEAAJJJJJJJJJJJPEAJ@Z 000000018000d4bc f   RemoteOrderDisplayImpl.obj
 0001:0000c614       ?ControlCursor@COPOSRemoteOrderDisplay@@UEAAJJJPEAJ@Z 000000018000d614 f   RemoteOrderDisplayImpl.obj
 0001:0000c6e0       ?CopyVideoRegion@COPOSRemoteOrderDisplay@@UEAAJJJJJJJJPEAJ@Z 000000018000d6e0 f   RemoteOrderDisplayImpl.obj
 0001:0000c818       ?DirectIO@COPOSRemoteOrderDisplay@@UEAAJJPEAJPEAPEA_W0@Z 000000018000d818 f   RemoteOrderDisplayImpl.obj
 0001:0000c914       ?DisplayData@COPOSRemoteOrderDisplay@@UEAAJJJJJPEA_WPEAJ@Z 000000018000d914 f   RemoteOrderDisplayImpl.obj
 0001:0000ca24       ?DoInvoke@COPOSRemoteOrderDisplay@@IEAAJJPEAVOposVariant@@IHPEAJ_N@Z 000000018000da24 f   RemoteOrderDisplayImpl.obj
 0001:0000cb58       ?DrawBox@COPOSRemoteOrderDisplay@@UEAAJJJJJJJJPEAJ@Z 000000018000db58 f   RemoteOrderDisplayImpl.obj
 0001:0000cc90       ?EventInit@COPOSRemoteOrderDisplay@@IEAAJXZ 000000018000dc90 f i RemoteOrderDisplayImpl.obj
 0001:0000cde0       ?EventUninit@COPOSRemoteOrderDisplay@@IEAAXXZ 000000018000dde0 f i RemoteOrderDisplayImpl.obj
 0001:0000ce44       ?EventWindowProc@COPOSRemoteOrderDisplay@@IEAA_JI_K_J@Z 000000018000de44 f i RemoteOrderDisplayImpl.obj
 0001:0000d008       ?FinalConstruct@COPOSRemoteOrderDisplay@@QEAAJXZ 000000018000e008 f   RemoteOrderDisplayImpl.obj
 0001:0000d044       ?FreeVideoRegion@COPOSRemoteOrderDisplay@@UEAAJJJPEAJ@Z 000000018000e044 f   RemoteOrderDisplayImpl.obj
 0001:0000d110       ?FreezeEvents@COPOSRemoteOrderDisplay@@MEAAJH@Z 000000018000e110 f   RemoteOrderDisplayImpl.obj
 0001:0000d17c       ?GetOposProp@COPOSRemoteOrderDisplay@@IEAAJJPEAJJ@Z 000000018000e17c f   RemoteOrderDisplayImpl.obj
 0001:0000d298       ?GetOposProp@COPOSRemoteOrderDisplay@@IEAAJJPEAPEA_WJ@Z 000000018000e298 f   RemoteOrderDisplayImpl.obj
 0001:0000d3c4       ?OnDraw@COPOSRemoteOrderDisplay@@MEAAJAEAUATL_DRAWINFO@@@Z 000000018000e3c4 f   RemoteOrderDisplayImpl.obj
 0001:0000d4b0       ?Open@COPOSRemoteOrderDisplay@@UEAAJPEA_WPEAJ@Z 000000018000e4b0 f   RemoteOrderDisplayImpl.obj
 0001:0000dd28       ?ReleaseDevice@COPOSRemoteOrderDisplay@@UEAAJPEAJ@Z 000000018000ed28 f   RemoteOrderDisplayImpl.obj
 0001:0000dd94       ?ResetStatistics@COPOSRemoteOrderDisplay@@UEAAJPEA_WPEAJ@Z 000000018000ed94 f   RemoteOrderDisplayImpl.obj
 0001:0000de1c       ?ResetVideo@COPOSRemoteOrderDisplay@@UEAAJJPEAJ@Z 000000018000ee1c f   RemoteOrderDisplayImpl.obj
 0001:0000de98       ?RestoreVideoRegion@COPOSRemoteOrderDisplay@@UEAAJJJJJPEAJ@Z 000000018000ee98 f   RemoteOrderDisplayImpl.obj
 0001:0000df94       ?RetrieveStatistics@COPOSRemoteOrderDisplay@@UEAAJPEAPEA_WPEAJ@Z 000000018000ef94 f   RemoteOrderDisplayImpl.obj
 0001:0000e01c       ?SOProcessID@COPOSRemoteOrderDisplay@@UEAAJPEAJ@Z 000000018000f01c f   RemoteOrderDisplayImpl.obj
 0001:0000e038       ?SaveVideoRegion@COPOSRemoteOrderDisplay@@UEAAJJJJJJJPEAJ@Z 000000018000f038 f   RemoteOrderDisplayImpl.obj
 0001:0000e15c       ?SelectCharacterSet@COPOSRemoteOrderDisplay@@UEAAJJJPEAJ@Z 000000018000f15c f   RemoteOrderDisplayImpl.obj
 0001:0000e228       ?SetCOFreezeEvents@COPOSRemoteOrderDisplay@@IEAAXF@Z 000000018000f228 f   RemoteOrderDisplayImpl.obj
 0001:0000e30c       ?SetCursor@COPOSRemoteOrderDisplay@@UEAAJJJJPEAJ@Z 000000018000f30c f   RemoteOrderDisplayImpl.obj
 0001:0000e3f4       ?SetOposProp@COPOSRemoteOrderDisplay@@IEAAJJJJ@Z 000000018000f3f4 f   RemoteOrderDisplayImpl.obj
 0001:0000e554       ?TransactionDisplay@COPOSRemoteOrderDisplay@@UEAAJJJPEAJ@Z 000000018000f554 f   RemoteOrderDisplayImpl.obj
 0001:0000e620       ?UpdateFirmware@COPOSRemoteOrderDisplay@@UEAAJPEA_WPEAJ@Z 000000018000f620 f   RemoteOrderDisplayImpl.obj
 0001:0000e6a8       ?UpdateStatistics@COPOSRemoteOrderDisplay@@UEAAJPEA_WPEAJ@Z 000000018000f6a8 f   RemoteOrderDisplayImpl.obj
 0001:0000e730       ?UpdateVideoRegionAttribute@COPOSRemoteOrderDisplay@@UEAAJJJJJJJJPEAJ@Z 000000018000f730 f   RemoteOrderDisplayImpl.obj
 0001:0000e868       ?VideoSound@COPOSRemoteOrderDisplay@@UEAAJJJJJJPEAJ@Z 000000018000f868 f   RemoteOrderDisplayImpl.obj
 0001:0000e978       ?get_AsyncMode@COPOSRemoteOrderDisplay@@UEAAJPEAF@Z 000000018000f978 f   RemoteOrderDisplayImpl.obj
 0001:0000e9ac       ?get_AutoToneDuration@COPOSRemoteOrderDisplay@@UEAAJPEAJ@Z 000000018000f9ac f   RemoteOrderDisplayImpl.obj
 0001:0000e9c0       ?get_AutoToneFrequency@COPOSRemoteOrderDisplay@@UEAAJPEAJ@Z 000000018000f9c0 f   RemoteOrderDisplayImpl.obj
 0001:0000e9d4       ?get_BinaryConversion@COPOSRemoteOrderDisplay@@UEAAJPEAJ@Z 000000018000f9d4 f   RemoteOrderDisplayImpl.obj
 0001:0000e9e8       ?get_CapCompareFirmwareVersion@COPOSRemoteOrderDisplay@@UEAAJPEAF@Z 000000018000f9e8 f   RemoteOrderDisplayImpl.obj
 0001:0000ea1c       ?get_CapMapCharacterSet@COPOSRemoteOrderDisplay@@UEAAJPEAF@Z 000000018000fa1c f   RemoteOrderDisplayImpl.obj
 0001:0000ea50       ?get_CapPowerReporting@COPOSRemoteOrderDisplay@@UEAAJPEAJ@Z 000000018000fa50 f   RemoteOrderDisplayImpl.obj
 0001:0000ea64       ?get_CapSelectCharacterSet@COPOSRemoteOrderDisplay@@UEAAJPEAF@Z 000000018000fa64 f   RemoteOrderDisplayImpl.obj
 0001:0000ea98       ?get_CapStatisticsReporting@COPOSRemoteOrderDisplay@@UEAAJPEAF@Z 000000018000fa98 f   RemoteOrderDisplayImpl.obj
 0001:0000eacc       ?get_CapTone@COPOSRemoteOrderDisplay@@UEAAJPEAF@Z 000000018000facc f   RemoteOrderDisplayImpl.obj
 0001:0000eb00       ?get_CapTouch@COPOSRemoteOrderDisplay@@UEAAJPEAF@Z 000000018000fb00 f   RemoteOrderDisplayImpl.obj
 0001:0000eb34       ?get_CapTransaction@COPOSRemoteOrderDisplay@@UEAAJPEAF@Z 000000018000fb34 f   RemoteOrderDisplayImpl.obj
 0001:0000eb68       ?get_CapUpdateFirmware@COPOSRemoteOrderDisplay@@UEAAJPEAF@Z 000000018000fb68 f   RemoteOrderDisplayImpl.obj
 0001:0000eb9c       ?get_CapUpdateStatistics@COPOSRemoteOrderDisplay@@UEAAJPEAF@Z 000000018000fb9c f   RemoteOrderDisplayImpl.obj
 0001:0000ebd0       ?get_CharacterSet@COPOSRemoteOrderDisplay@@UEAAJPEAJ@Z 000000018000fbd0 f   RemoteOrderDisplayImpl.obj
 0001:0000ebe4       ?get_CharacterSetList@COPOSRemoteOrderDisplay@@UEAAJPEAPEA_W@Z 000000018000fbe4 f   RemoteOrderDisplayImpl.obj
 0001:0000ebf8       ?get_CheckHealthText@COPOSRemoteOrderDisplay@@UEAAJPEAPEA_W@Z 000000018000fbf8 f   RemoteOrderDisplayImpl.obj
 0001:0000ec0c       ?get_Claimed@COPOSRemoteOrderDisplay@@UEAAJPEAF@Z 000000018000fc0c f   RemoteOrderDisplayImpl.obj
 0001:0000ec40       ?get_Clocks@COPOSRemoteOrderDisplay@@UEAAJPEAJ@Z 000000018000fc40 f   RemoteOrderDisplayImpl.obj
 0001:0000ec54       ?get_ControlObjectDescription@COPOSRemoteOrderDisplay@@UEAAJPEAPEA_W@Z 000000018000fc54 f   RemoteOrderDisplayImpl.obj
 0001:0000ecb8       ?get_ControlObjectVersion@COPOSRemoteOrderDisplay@@UEAAJPEAJ@Z 000000018000fcb8 f   RemoteOrderDisplayImpl.obj
 0001:0000ecc4       ?get_CurrentUnitID@COPOSRemoteOrderDisplay@@UEAAJPEAJ@Z 000000018000fcc4 f   RemoteOrderDisplayImpl.obj
 0001:0000ecd8       ?get_DataCount@COPOSRemoteOrderDisplay@@UEAAJPEAJ@Z 000000018000fcd8 f   RemoteOrderDisplayImpl.obj
 0001:0000ecec       ?get_DataEventEnabled@COPOSRemoteOrderDisplay@@UEAAJPEAF@Z 000000018000fcec f   RemoteOrderDisplayImpl.obj
 0001:0000ed20       ?get_DeviceDescription@COPOSRemoteOrderDisplay@@UEAAJPEAPEA_W@Z 000000018000fd20 f   RemoteOrderDisplayImpl.obj
 0001:0000ed34       ?get_DeviceEnabled@COPOSRemoteOrderDisplay@@UEAAJPEAF@Z 000000018000fd34 f   RemoteOrderDisplayImpl.obj
 0001:0000ed64       ?get_DeviceName@COPOSRemoteOrderDisplay@@UEAAJPEAPEA_W@Z 000000018000fd64 f   RemoteOrderDisplayImpl.obj
 0001:0000ed78       ?get_ErrorString@COPOSRemoteOrderDisplay@@UEAAJPEAPEA_W@Z 000000018000fd78 f   RemoteOrderDisplayImpl.obj
 0001:0000ed8c       ?get_ErrorUnits@COPOSRemoteOrderDisplay@@UEAAJPEAJ@Z 000000018000fd8c f   RemoteOrderDisplayImpl.obj
 0001:0000eda0       ?get_EventString@COPOSRemoteOrderDisplay@@UEAAJPEAPEA_W@Z 000000018000fda0 f   RemoteOrderDisplayImpl.obj
 0001:0000edb4       ?get_EventType@COPOSRemoteOrderDisplay@@UEAAJPEAJ@Z 000000018000fdb4 f   RemoteOrderDisplayImpl.obj
 0001:0000edc8       ?get_EventUnitID@COPOSRemoteOrderDisplay@@UEAAJPEAJ@Z 000000018000fdc8 f   RemoteOrderDisplayImpl.obj
 0001:0000eddc       ?get_EventUnits@COPOSRemoteOrderDisplay@@UEAAJPEAJ@Z 000000018000fddc f   RemoteOrderDisplayImpl.obj
 0001:0000edf0       ?get_FreezeEvents@COPOSRemoteOrderDisplay@@UEAAJPEAF@Z 000000018000fdf0 f   RemoteOrderDisplayImpl.obj
 0001:0000ee20       ?get_MapCharacterSet@COPOSRemoteOrderDisplay@@UEAAJPEAF@Z 000000018000fe20 f   RemoteOrderDisplayImpl.obj
 0001:0000ee54       ?get_OpenResult@COPOSRemoteOrderDisplay@@UEAAJPEAJ@Z 000000018000fe54 f   RemoteOrderDisplayImpl.obj
 0001:0000ee60       ?get_OutputID@COPOSRemoteOrderDisplay@@UEAAJPEAJ@Z 000000018000fe60 f   RemoteOrderDisplayImpl.obj
 0001:0000ee74       ?get_PowerNotify@COPOSRemoteOrderDisplay@@UEAAJPEAJ@Z 000000018000fe74 f   RemoteOrderDisplayImpl.obj
 0001:0000ee88       ?get_PowerState@COPOSRemoteOrderDisplay@@UEAAJPEAJ@Z 000000018000fe88 f   RemoteOrderDisplayImpl.obj
 0001:0000ee9c       ?get_ResultCode@COPOSRemoteOrderDisplay@@UEAAJPEAJ@Z 000000018000fe9c f   RemoteOrderDisplayImpl.obj
 0001:0000eed8       ?get_ResultCodeExtended@COPOSRemoteOrderDisplay@@UEAAJPEAJ@Z 000000018000fed8 f   RemoteOrderDisplayImpl.obj
 0001:0000eeec       ?get_ServiceObjectDescription@COPOSRemoteOrderDisplay@@UEAAJPEAPEA_W@Z 000000018000feec f   RemoteOrderDisplayImpl.obj
 0001:0000ef00       ?get_ServiceObjectVersion@COPOSRemoteOrderDisplay@@UEAAJPEAJ@Z 000000018000ff00 f   RemoteOrderDisplayImpl.obj
 0001:0000ef14       ?get_State@COPOSRemoteOrderDisplay@@UEAAJPEAJ@Z 000000018000ff14 f   RemoteOrderDisplayImpl.obj
 0001:0000ef40       ?get_SystemClocks@COPOSRemoteOrderDisplay@@UEAAJPEAJ@Z 000000018000ff40 f   RemoteOrderDisplayImpl.obj
 0001:0000ef54       ?get_SystemVideoSaveBuffers@COPOSRemoteOrderDisplay@@UEAAJPEAJ@Z 000000018000ff54 f   RemoteOrderDisplayImpl.obj
 0001:0000ef68       ?get_Timeout@COPOSRemoteOrderDisplay@@UEAAJPEAJ@Z 000000018000ff68 f   RemoteOrderDisplayImpl.obj
[...]
 0002:0000c988       $unwind$??$?RV<lambda_2d41944a1d46af3157314b8a01080d33>@@AEAV<lambda_8f455de75cd7d7f24b4096f044d8b9e6>@@V<lambda_aa500f224e6afead328df44964fe2772>@@@?$__crt_seh_guarded_call@X@@QEAAX$$QEAV<lambda_2d41944a1d46af3157314b8a01080d33>@@AEAV<lambda_8f455de75cd7d7f24b4096f044d8b9e6>@@$$QEAV<lambda_aa500f224e6afead328df44964fe2772>@@@Z 0000000180033988     libucrt:per_thread_data.obj
 0002:0000c9ac       $unwind$__acrt_uninitialize_locale 00000001800339ac     libucrt:wsetlocale.obj
 0002:0000c9ac       $unwind$__acrt_get_sigabrt_handler 00000001800339ac     libucrt:signal.obj
 0002:0000c9b4       $unwind$??$?RV<lambda_410d79af7f07d98d83a3f525b3859a53>@@AEAV<lambda_3e16ef9562a7dcce91392c22ab16ea36>@@V<lambda_38119f0e861e05405d8a144b9b982f0a>@@@?$__crt_seh_guarded_call@X@@QEAAX$$QEAV<lambda_410d79af7f07d98d83a3f525b3859a53>@@AEAV<lambda_3e16ef9562a7dcce91392c22ab16ea36>@@$$QEAV<lambda_38119f0e861e05405d8a144b9b982f0a>@@@Z 00000001800339b4     libucrt:wsetlocale.obj
 0002:0000c9dc       $unwind$__acrt_initialize_winapi_thunks 00000001800339dc     libucrt:winapi_thunks.obj
 0002:0000c9dc       $unwind$__acrt_fenv_get_control 00000001800339dc     libucrt:_fenvutils.obj
 0002:0000c9e4       $unwind$__acrt_fp_format   00000001800339e4     libucrt:cvt.obj
 0002:0000c9f4       $unwind$?fp_format_e_internal@@YAHQEAD_KH_NIQEAU_strflt@@2AEAV__crt_cached_ptd_host@@@Z 00000001800339f4     libucrt:cvt.obj
 0002:0000ca10       $unwind$?fp_format_a@@YAHQEBNPEAD_KQEAD2H_NIW4__acrt_rounding_mode@@AEAV__crt_cached_ptd_host@@@Z 0000000180033a10     libucrt:cvt.obj
 0002:0000ca2c       $unwind$?fp_format_g@@YAHQEBNQEAD_K12H_NIW4__acrt_rounding_mode@@AEAV__crt_cached_ptd_host@@@Z 0000000180033a2c     libucrt:cvt.obj
 0002:0000ca44       $unwind$__acrt_initialize_lowio 0000000180033a44     libucrt:ioinit.obj
 0002:0000ca64       $unwind$??$common_expand_argv_wildcards@D@@YAHQEAPEADQEAPEAPEAD@Z 0000000180033a64     libucrt:argv_wildcards.obj
 0002:0000ca7c       $unwind$__dcrt_get_narrow_environment_from_os 0000000180033a7c     libucrt:get_environment_from_os.obj
 0002:0000ca7c       $unwind$??$__acrt_convert_wcs_mbs_cp@_WDV<lambda_d8593a27d1aa8c02be35c86a17d324c4>@@U__crt_win32_buffer_internal_dynamic_resizing@@@@YAHQEB_WAEAV?$__crt_win32_buffer@DU__crt_win32_buffer_internal_dynamic_resizing@@@@AEBV<lambda_d8593a27d1aa8c02be35c86a17d324c4>@@I@Z 0000000180033a7c     libucrt:argv_wildcards.obj
 0002:0000ca94       $unwind$??$copy_and_add_argument_to_buffer@D@@YAHQEBD0_KAEAV?$argument_list@D@?A0x5f5c8891@@@Z 0000000180033a94     libucrt:argv_wildcards.obj
 0002:0000cab0       $unwind$??$expand_argument_wildcards@D@@YAHQEAD0AEAV?$argument_list@D@?A0x5f5c8891@@@Z 0000000180033ab0     libucrt:argv_wildcards.obj
 0002:0000cad0       $unwind$__acrt_GetModuleFileNameA 0000000180033ad0     libucrt:getmodulefilenamea.obj
 0002:0000caec       $unwind$_setmbcp_nolock    0000000180033aec     libucrt:mbctype.obj
 0002:0000cb0c       $unwind$?update_thread_multibyte_data_internal@@YAPEAU__crt_multibyte_data@@QEAU__acrt_ptd@@QEAPEAU1@@Z 0000000180033b0c     libucrt:mbctype.obj
 0002:0000cb34       $unwind$?setmbcp_internal@@YAHH_NQEAU__acrt_ptd@@QEAPEAU__crt_multibyte_data@@@Z 0000000180033b34     libucrt:mbctype.obj
 0002:0000cb4c       $unwind$?setSBUpLow@@YAXPEAU__crt_multibyte_data@@@Z 0000000180033b4c     libucrt:mbctype.obj
 0002:0000cb68       $unwind$??$?RV<lambda_efdfa57d1f175319df784efa44bb7b81>@@AEAV<lambda_5f0a4c1567f8adc6734073e5d1e1b35c>@@V<lambda_2e8a7d3640ea6ccb4c2413664c2db6fd>@@@?$__crt_seh_guarded_call@X@@QEAAX$$QEAV<lambda_efdfa57d1f175319df784efa44bb7b81>@@AEAV<lambda_5f0a4c1567f8adc6734073e5d1e1b35c>@@$$QEAV<lambda_2e8a7d3640ea6ccb4c2413664c2db6fd>@@@Z 0000000180033b68     libucrt:mbctype.obj
 0002:0000cb8c       $unwind$__acrt_WideCharToMultiByte 0000000180033b8c     libucrt:widechartomultibyte.obj
 0002:0000cb98       $unwind$raise              0000000180033b98     libucrt:signal.obj
 0002:0000cbd4       $unwind$??$?RV<lambda_450d765d439847d4c735a33c368b5fc0>@@AEAV<lambda_44731a7d0e6d81c3e6aa82d741081786>@@V<lambda_601a2a7da3b7a96e9554ac7215c4b07c>@@@?$__crt_seh_guarded_call@P6AXH@Z@@QEAAP6AXH@Z$$QEAV<lambda_450d765d439847d4c735a33c368b5fc0>@@AEAV<lambda_44731a7d0e6d81c3e6aa82d741081786>@@$$QEAV<lambda_601a2a7da3b7a96e9554ac7215c4b07c>@@@Z 0000000180033bd4     libucrt:signal.obj
 0002:0000cbf8       $unwind$fclose             0000000180033bf8     libucrt:fclose.obj
 0002:0000cbf8       $unwind$_fflush_nolock     0000000180033bf8     libucrt:fflush.obj
 0002:0000cc08       $unwind$?common_flush_all@@YAH_N@Z 0000000180033c08     libucrt:fflush.obj
 0002:0000cc10       $unwind$??$?RV<lambda_842d9ff0dc9ef11c61343bbaebe7f885>@@AEAV<lambda_c5860995281e5c4ce005b3de8f5874ee>@@V<lambda_d90129c13df834fdcbf8d2b88dafcf2d>@@@?$__crt_seh_guarded_call@X@@QEAAX$$QEAV<lambda_842d9ff0dc9ef11c61343bbaebe7f885>@@AEAV<lambda_c5860995281e5c4ce005b3de8f5874ee>@@$$QEAV<lambda_d90129c13df834fdcbf8d2b88dafcf2d>@@@Z 0000000180033c10     libucrt:fflush.obj
 0002:0000cc34       $unwind$??$?RV<lambda_886d6c58226a84441f68b9f2b8217b83>@@AEAV<lambda_ab61a845afdef5b7c387490eaf3616ee>@@V<lambda_f7f22ab5edc0698d5f6905b0d3f44752>@@@?$__crt_seh_guarded_call@X@@QEAAX$$QEAV<lambda_886d6c58226a84441f68b9f2b8217b83>@@AEAV<lambda_ab61a845afdef5b7c387490eaf3616ee>@@$$QEAV<lambda_f7f22ab5edc0698d5f6905b0d3f44752>@@@Z 0000000180033c34     libucrt:fflush.obj
 0002:0000cc5c       $unwind$__acrt_update_thread_locale_data 0000000180033c5c     libucrt:locale_refcounting.obj
 0002:0000cc80       $unwind$__acrt_locale_free_monetary 0000000180033c80     libucrt:initmon.obj
 0002:0000cc88       $unwind$__acrt_locale_free_time 0000000180033c88     libucrt:inittime.obj
 0002:0000cc98       $unwind$__acrt_GetStringTypeA 0000000180033c98     libucrt:getstringtypea.obj
 0002:0000ccc0       $unwind$__acrt_fp_strflt_to_string 0000000180033cc0     libucrt:_fptostr.obj
 0002:0000ccdc       $unwind$__acrt_fltout      0000000180033cdc     libucrt:cfout.obj
 0002:0000ccfc       $unwind$?divide@__crt_strtox@@YA_KAEAUbig_integer@1@AEBU21@@Z 0000000180033cfc     libucrt:cfout.obj
 0002:0000cd14       $chain$0$?divide@__crt_strtox@@YA_KAEAUbig_integer@1@AEBU21@@Z 0000000180033d14     libucrt:cfout.obj
 0002:0000cd28       $chain$1$?divide@__crt_strtox@@YA_KAEAUbig_integer@1@AEBU21@@Z 0000000180033d28     libucrt:cfout.obj
 0002:0000cd38       $unwind$?__mbsrtowcs_utf8@__crt_mbstring@@YA_KPEA_WPEAPEBD_KPEAU_Mbstatet@@AEAV__crt_cached_ptd_host@@@Z 0000000180033d38     libucrt:mbrtowc.obj
 0002:0000cd50       $unwind$_fcloseall         0000000180033d50     libucrt:closeall.obj
 0002:0000cd74       $unwind$__acrt_lowio_destroy_handle_array 0000000180033d74     libucrt:osfinfo.obj
 0002:0000cd84       $unwind$__acrt_lowio_ensure_fh_exists 0000000180033d84     libucrt:osfinfo.obj
 0002:0000cdb0       $unwind$qsort              0000000180033db0     libucrt:qsort.obj
 0002:0000cdc8       $chain$4$qsort             0000000180033dc8     libucrt:qsort.obj
 0002:0000cdec       $chain$5$qsort             0000000180033dec     libucrt:qsort.obj
 0002:0000cdfc       $unwind$strpbrk            0000000180033dfc     libucrt:strpbrk.obj
 0002:0000ce0c       $unwind$fallbackMethod     0000000180033e0c     libucrt:strpbrk.obj
 0002:0000ce1c       $unwind$__acrt_LCMapStringA 0000000180033e1c     libucrt:lcmapstringa.obj
 0002:0000ce2c       $unwind$?__acrt_LCMapStringA_stat@@YAHPEAU__crt_locale_pointers@@PEB_WKPEBDHPEADHHH@Z 0000000180033e2c     libucrt:lcmapstringa.obj
 0002:0000ce54       $unwind$_commit            0000000180033e54     libucrt:commit.obj
 0002:0000ce5c       $unwind$??$?RV<lambda_a37b2b86f63e897a80ea819b0eb08c01>@@AEAV<lambda_38ce7e780aa69e748d6df282ebc68efe>@@V<lambda_99fb1378e971ab6e7edea83e3a7a83a2>@@@?$__crt_seh_guarded_call@H@@QEAAH$$QEAV<lambda_a37b2b86f63e897a80ea819b0eb08c01>@@AEAV<lambda_38ce7e780aa69e748d6df282ebc68efe>@@$$QEAV<lambda_99fb1378e971ab6e7edea83e3a7a83a2>@@@Z 0000000180033e5c     libucrt:commit.obj
 0002:0000ce80       $unwind$_write_nolock      0000000180033e80     libucrt:write.obj
 0002:0000ce98       $unwind$_write_internal    0000000180033e98     libucrt:write.obj
 0002:0000cec8       $unwind$?write_double_translated_ansi_nolock@@YA?AUwrite_result@?A0x17268360@@HQEBDIAEAV__crt_cached_ptd_host@@@Z 0000000180033ec8     libucrt:write.obj
 0002:0000cef0       $ip2state$?write_double_translated_ansi_nolock@@YA?AUwrite_result@?A0x17268360@@HQEBDIAEAV__crt_cached_ptd_host@@@Z 0000000180033ef0     libucrt:write.obj
 0002:0000cef8       $unwind$?write_text_ansi_nolock@@YA?AUwrite_result@?A0x17268360@@HQEBDI@Z 0000000180033ef8     libucrt:write.obj
 0002:0000cef8       $unwind$?write_text_utf16le_nolock@@YA?AUwrite_result@?A0x17268360@@HQEBDI@Z 0000000180033ef8     libucrt:write.obj
 0002:0000cf18       $unwind$?write_text_utf8_nolock@@YA?AUwrite_result@?A0x17268360@@HQEBDI@Z 0000000180033f18     libucrt:write.obj
 0002:0000cf40       $xdatasym                  0000000180033f40     libucrt:log10.obj
 0002:0000cf4c       $unwind$__acrt_fenv_set_control 0000000180033f4c     libucrt:_fenvutils.obj
 0002:0000cf5c       $unwind$?__mbrtoc32_utf8@__crt_mbstring@@YA_KPEA_UPEBD_KPEAU_Mbstatet@@AEAV__crt_cached_ptd_host@@@Z 0000000180033f5c     libucrt:mbrtoc32.obj
 0002:0000cf78       $unwind$?_fclose_nolock_internal@@YAHQEAU_iobuf@@AEAV__crt_cached_ptd_host@@@Z 0000000180033f78     libucrt:fclose.obj
 0002:0000cf88       $unwind$?_fclose_internal@@YAHQEAU_iobuf@@AEAV__crt_cached_ptd_host@@@Z 0000000180033f88     libucrt:fclose.obj
 0002:0000cfac       $unwind$_putwch_nolock     0000000180033fac     libucrt:putwch.obj
 0002:0000cfb4       $unwind$common_control87   0000000180033fb4     libucrt:ieee.obj
 0002:0000cfe0       $unwind$_call_matherr      0000000180033fe0     libucrt:libm_error.obj
 0002:0000cfe8       $unwind$_handle_error      0000000180033fe8     libucrt:libm_error.obj
 0002:0000d008       $unwind$__acrt_initialize_fma3 0000000180034008     libucrt:fma3_available.obj
 0002:0000d010       $unwind$_log_special_common 0000000180034010     libucrt:log_special.obj
 0002:0000d01c       $unwind$_close_internal    000000018003401c     libucrt:close.obj
 0002:0000d024       $unwind$??$?RV<lambda_ad8af0d99a0adf03d037d7dffe354bb5>@@AEAV<lambda_c9ba49e555ba839a7b07aa3fbecb7617>@@V<lambda_2f1ebd5d68526518146ae959c9e734c8>@@@?$__crt_seh_guarded_call@H@@QEAAH$$QEAV<lambda_ad8af0d99a0adf03d037d7dffe354bb5>@@AEAV<lambda_c9ba49e555ba839a7b07aa3fbecb7617>@@$$QEAV<lambda_2f1ebd5d68526518146ae959c9e734c8>@@@Z 0000000180034024     libucrt:close.obj
 0002:0000d048       $xdatasym                  0000000180034048     libucrt:fpsr.obj
 0002:0000d050       $unwind$_raise_exc_ex      0000000180034050     libucrt:fpexcept.obj
 0002:0000d064       $unwind$_ctrlfp            0000000180034064     libucrt:fpctrl.obj
 0002:0000d08c       $unwind$_IsNonwritableInCurrentImage 000000018003408c     LIBCMT:pesect.obj
 0002:0000d0b0       $unwind$strrchr            00000001800340b0     libvcruntime:strrchr.obj
 0002:0000d220       .edata                     0000000180034220     OPOSRemoteOrderDisplay.exp
 0002:0000d248       rgpv                       0000000180034248     OPOSRemoteOrderDisplay.exp
 0002:0000d258       rgszName                   0000000180034258     OPOSRemoteOrderDisplay.exp
 0002:0000d268       rgwOrd                     0000000180034268     OPOSRemoteOrderDisplay.exp
 0002:0000d270       szName                     0000000180034270     OPOSRemoteOrderDisplay.exp
 0002:0000d28b       $N00001                    000000018003428b     OPOSRemoteOrderDisplay.exp
 0002:0000d29b       $N00002                    000000018003429b     OPOSRemoteOrderDisplay.exp
 0002:0000d2ad       $N00003                    00000001800342ad     OPOSRemoteOrderDisplay.exp
 0002:0000d2bf       $N00004                    00000001800342bf     OPOSRemoteOrderDisplay.exp
 0002:0000dc0a       .idata$6                   0000000180034c0a     kernel32:KERNEL32.dll
 0002:0000de22       .idata$6                   0000000180034e22     user32:USER32.dll
 0002:0000df56       .idata$6                   0000000180034f56     gdi32:GDI32.dll
 0002:0000dffc       .idata$6                   0000000180034ffc     advapi32:ADVAPI32.dll
 0002:0000e118       .idata$6                   0000000180035118     ole32:ole32.dll
 0002:0000e122       .idata$6                   0000000180035122     oleaut32:OLEAUT32.dll
 0003:000001c0       ?ObjectMap@@3PAU_ATL_OBJMAP_ENTRY30@ATL@@A 00000001800361c0     RemoteOrderDisplay.obj
 0003:000002f0       ?s_SOMethodNames@@3PAPEADA 00000001800362f0     RemoteOrderDisplayImpl.obj
 0003:00000408       ?s_RequiredMethodsPerRelease@@3PAHA 0000000180036408     RemoteOrderDisplayImpl.obj
 0003:00000460       ?__vcrt_flsindex@@3KA      0000000180036460     libvcruntime:per_thread_data.obj
 0003:00000470       ?errno_no_memory@@3HA      0000000180036470     libucrt:errno.obj
 0003:00000474       ?doserrno_no_memory@@3KA   0000000180036474     libucrt:errno.obj
 0003:00000480       ?__acrt_flsindex@@3KA      0000000180036480     libucrt:per_thread_data.obj
 0003:00000940       _mbctypes                  0000000180036940     libucrt:mbctype.obj
 0003:00000a50       _mbcasemaps                0000000180036a50     libucrt:mbctype.obj
 0003:00000b50       ?__rgctypeflag@@3PADA      0000000180036b50     libucrt:mbctype.obj
 0003:00000b60       ?__rgcode_page_info@@3PAUcode_page_info@@A 0000000180036b60     libucrt:mbctype.obj
 0003:00000e00       ?dazSupported@?1??common_control87@@9@9 0000000180036e00     libucrt:ieee.obj
 0003:00000e10       ?__dcrt_lowio_console_output_handle@@3PEAXEA 0000000180036e10     libucrt:initcon.obj
 0003:00000e20       ?dazSupported@?1??_ctrlfp@@9@9 0000000180036e20     libucrt:fpctrl.obj
 0003:00001070       ?is_initialized_as_dll@@3_NA 0000000180037070     LIBCMT:utility.obj
 0003:00001071       ?module_local_atexit_table_initialized@@3_NA 0000000180037071     LIBCMT:utility.obj
 0003:00001078       ?module_local_atexit_table@@3U_onexit_table_t@@A 0000000180037078     LIBCMT:utility.obj
 0003:00001090       ?module_local_at_quick_exit_table@@3U_onexit_table_t@@A 0000000180037090     LIBCMT:utility.obj
 0003:000010a8       ?g_tss_cv@@3U_RTL_CONDITION_VARIABLE@@A 00000001800370a8     LIBCMT:thread_safe_statics.obj
 0003:000010b0       ?g_tss_event@@3PEAXEA      00000001800370b0     LIBCMT:thread_safe_statics.obj
 0003:000010b8       ?g_tss_mutex@@3U_RTL_CRITICAL_SECTION@@A 00000001800370b8     LIBCMT:thread_safe_statics.obj
 0003:000010e0       ?g_sleep_condition_variable_cs@@3P6AHPEAU_RTL_CONDITION_VARIABLE@@PEAU_RTL_CRITICAL_SECTION@@K@ZEA 00000001800370e0     LIBCMT:thread_safe_statics.obj
 0003:000010e8       ?g_wake_all_condition_variable@@3P6AXPEAU_RTL_CONDITION_VARIABLE@@@ZEA 00000001800370e8     LIBCMT:thread_safe_statics.obj
 0003:000010f0       GS_ExceptionRecord         00000001800370f0     LIBCMT:gs_report.obj
 0003:00001190       GS_ContextRecord           0000000180037190     LIBCMT:gs_report.obj
 0003:00001664       ?__proc_attached@@3HA      0000000180037664     LIBCMT:dll_dllmain.obj
 0003:000016f8       ?AllocateData@@3P6APEAUAtlThunkData_t@@XZEA 00000001800376f8     atls:atlthunk.obj
 0003:00001700       ?InitData@@3P6AXPEAUAtlThunkData_t@@PEAX_K@ZEA 0000000180037700     atls:atlthunk.obj
 0003:00001708       ?DataToCode@@3P6AP6A_JPEAUHWND__@@I_K_J@ZPEAUAtlThunkData_t@@@ZEA 0000000180037708     atls:atlthunk.obj
 0003:00001710       ?FreeData@@3P6AXPEAUAtlThunkData_t@@@ZEA 0000000180037710     atls:atlthunk.obj
 0003:00001718       ?Initialized@@3_NA         0000000180037718     atls:atlthunk.obj
 0003:00001730       ?__vcrt_startup_thread_ptd@@3U__vcrt_ptd@@A 0000000180037730     libvcruntime:per_thread_data.obj
 0003:000017b0       __vcrt_lock_table          00000001800377b0     libvcruntime:locks.obj
 0003:000017d8       __vcrt_locks_initialized   00000001800377d8     libvcruntime:locks.obj
 0003:00001820       ?heap@@3V_HeapManager@@A   0000000180037820     libvcruntime:undname.obj
 0003:00001848       ?module_handles@@3PAPEAUHINSTANCE__@@A 0000000180037848     libvcruntime:winapi_downlevel.obj
 0003:00001860       ?function_pointers@@3PAPEAXA 0000000180037860     libvcruntime:winapi_downlevel.obj
 0003:00001888       ?__acrt_invalid_parameter_handler@@3V?$dual_state_global@P6AXPEB_W00I_K@Z@__crt_state_management@@A 0000000180037888     libucrt:invalid_parameter.obj
 0003:00001890       ?c_termination_complete@@3JA 0000000180037890     libucrt:exit.obj
 0003:00001898       ?thread_local_exit_callback_func@@3P6AXPEAXK0@ZEA 0000000180037898     libucrt:exit.obj
 0003:000018b0       ?program_name@?1???$common_configure_argv@D@@YAHW4_crt_argv_mode@@@Z@4PADA 00000001800378b0     libucrt:argv_parsing.obj
 0003:00001a08       ?__acrt_new_handler@@3V?$dual_state_global@P6AH_K@Z@__crt_state_management@@A 0000000180037a08     libucrt:new_handler.obj
 0003:00001a20       ?module_handles@@3PAPEAUHINSTANCE__@@A 0000000180037a20     libucrt:winapi_thunks.obj
 0003:00001ac0       ?encoded_function_pointers@@3PAPEAXA 0000000180037ac0     libucrt:winapi_thunks.obj
 0003:00001bb0       ?internal_state@?1??_mbtowc_internal@@9@4U_Mbstatet@@A 0000000180037bb0     libucrt:mbtowc.obj
 0003:00001bc8       ?enable_percent_n@@3_KA    0000000180037bc8     libucrt:printf_count_output.obj
 0003:00001ff0       ?__acrt_lock_table@@3PAU_RTL_CRITICAL_SECTION@@A 0000000180037ff0     libucrt:locks.obj
 0003:00002220       ?__acrt_locks_initialized@@3IA 0000000180038220     libucrt:locks.obj
 0003:00002240       ?fSystemSet@@3HA           0000000180038240     libucrt:mbctype.obj
 0003:00002244       ?initialized@?1??__acrt_initialize_multibyte@@9@4_NA 0000000180038244     libucrt:mbctype.obj
 0003:00002280       ?ctrlc_action@@3V?$dual_state_global@P6AXH@Z@__crt_state_management@@A 0000000180038280     libucrt:signal.obj
 0003:00002288       ?ctrlbreak_action@@3V?$dual_state_global@P6AXH@Z@__crt_state_management@@A 0000000180038288     libucrt:signal.obj
 0003:00002290       ?abort_action@@3V?$dual_state_global@P6AXH@Z@__crt_state_management@@A 0000000180038290     libucrt:signal.obj
 0003:00002298       ?term_action@@3V?$dual_state_global@P6AXH@Z@__crt_state_management@@A 0000000180038298     libucrt:signal.obj
 0003:000022a0       ?user_matherr@@3V?$dual_state_global@P6AHPEAU_exception@@@Z@__crt_state_management@@A 00000001800382a0     libucrt:matherr.obj
 0003:000022b0       ?__acrt_global_new_mode@@3V?$dual_state_global@J@__crt_state_management@@A 00000001800382b0     libucrt:new_mode.obj
 0003:000022b8       ?internal_pst@?1??__mbrtoc32_utf8@__crt_mbstring@@YA_KPEA_UPEBD_KPEAU_Mbstatet@@AEAV__crt_cached_ptd_host@@@Z@4U3@A 00000001800382b8     libucrt:mbrtoc32.obj
 0003:000022c0       ?__acrt_app_type@@3W4_crt_app_type@@A 00000001800382c0     libucrt:report_runtime_error.obj
 0005:00000000       MoveSmall                  000000018003c000     libvcruntime:memcpy.obj
 0005:00000040       MoveSmallYmm               000000018003c040     libvcruntime:memcpy.obj
 0005:00000064       MoveSmallYmmNT             000000018003c064     libvcruntime:memcpy.obj
 0005:00000088       MoveSmallXmm               000000018003c088     libvcruntime:memcpy.obj
 0005:000000b0       MsetTab                    000000018003c0b0     libvcruntime:memset.obj
 0006:00000220       $R000000                   000000018003d220     RemoteOrderDisplay.res
 0006:00000be8       $R0009C8                   000000018003dbe8     RemoteOrderDisplay.res
 0006:00000cd0       $R000AB0                   000000018003dcd0     RemoteOrderDisplay.res
 0006:00000f38       $R000D18                   000000018003df38     RemoteOrderDisplay.res
 0006:000014e0       $R0012C0                   000000018003e4e0     RemoteOrderDisplay.res
 0006:00005708       $R0054E8                   0000000180042708     RemoteOrderDisplay.res
 0006:00005750       $R005530                   0000000180042750     RemoteOrderDisplay.res
