 OPOSFiscalPrinter

 Timestamp is 5defa92b (Tue Dec 10 23:18:19 2019)

 Preferred load address is 0000000180000000

 Start         Length     Name                   Class
 0001:00000000 000000c0H .text$di                CODE
 0001:000000c0 00023960H .text$mn                CODE
 0001:00023a20 00000020H .text$mn$00             CODE
 0001:00023a40 00000490H .text$x                 CODE
 0001:00023ed0 00000078H .text$yd                CODE
 0002:00000000 00000618H .idata$5                DATA
 0002:00000618 00000010H .00cfg                  DATA
 0002:00000628 00000008H .CRT$XCA                DATA
 0002:00000630 00000008H .CRT$XCL                DATA
 0002:00000638 00000020H .CRT$XCU                DATA
 0002:00000658 00000008H .CRT$XCZ                DATA
 0002:00000660 00000008H .CRT$XIA                DATA
 0002:00000668 00000020H .CRT$XIC                DATA
 0002:00000688 00000008H .CRT$XIZ                DATA
 0002:00000690 00000008H .CRT$XLA                DATA
 0002:00000698 00000008H .CRT$XLZ                DATA
 0002:000006a0 00000008H .CRT$XPA                DATA
 0002:000006a8 00000010H .CRT$XPX                DATA
 0002:000006b8 00000008H .CRT$XPXA               DATA
 0002:000006c0 00000008H .CRT$XPZ                DATA
 0002:000006c8 00000008H .CRT$XTA                DATA
 0002:000006d0 00000010H .CRT$XTZ                DATA
 0002:000006d8 00000000H .gfids$y                DATA
 0002:000006e0 0000b328H .rdata                  DATA
 0002:0000ba08 00000028H .rdata$T                DATA
 0002:0000ba30 00000274H .rdata$r                DATA
 0002:0000bca4 0000040cH .rdata$zzzdbg           DATA
 0002:0000c0b0 00000008H .rtc$IAA                DATA
 0002:0000c0b8 00000008H .rtc$IZZ                DATA
 0002:0000c0c0 00000008H .rtc$TAA                DATA
 0002:0000c0c8 00000008H .rtc$TZZ                DATA
 0002:0000c0d0 00000004H .tls                    DATA
 0002:0000c0d4 00000004H .tls$                   DATA
 0002:0000c0d8 00000008H .tls$ZZZ                DATA
 0002:0000c0e0 00001698H .xdata                  DATA
 0002:0000d778 00000150H .xdata$x                DATA
 0002:0000d8c8 00000008H ATL$__a                 DATA
 0002:0000d8d0 00000010H ATL$__z                 DATA
 0002:0000d8e0 000000b0H .edata                  DATA
 0002:0000d990 00000078H .idata$2                DATA
 0002:0000da08 00000018H .idata$3                DATA
 0002:0000da20 00000618H .idata$4                DATA
 0002:0000e038 00000c24H .idata$6                DATA
 0003:00000000 00000f78H .data                   DATA
 0003:00000f78 000000c8H .data$r                 DATA
 0003:00001040 0000140cH .bss                    DATA
 0004:00000000 00002424H .pdata                  DATA
 0005:00000000 00000094H _RDATA                  DATA
 0006:00000000 00000220H .rsrc$01                DATA
 0006:00000220 00009878H .rsrc$02                DATA

  Address         Publics by Value              Rva+Base               Lib:Object

 0000:00000000       __guard_fids_count         0000000000000000     <absolute>
 0000:00000000       __guard_longjmp_count      0000000000000000     <absolute>
 0000:00000000       __guard_longjmp_table      0000000000000000     <absolute>
 0000:00000000       __hybrid_code_map          0000000000000000     <absolute>
 0000:00000000       __guard_iat_count          0000000000000000     <absolute>
 0000:00000000       __guard_iat_table          0000000000000000     <absolute>
 0000:00000000       __volatile_metadata        0000000000000000     <absolute>
 0000:00000000       __hybrid_code_map_count    0000000000000000     <absolute>
 0000:00000000       __enclave_config           0000000000000000     <absolute>
 0000:00000000       ___safe_se_handler_count   0000000000000000     <absolute>
 0000:00000000       __AbsoluteZero             0000000000000000     <absolute>
 0000:00000000       ___safe_se_handler_table   0000000000000000     <absolute>
 0000:00000000       __guard_fids_table         0000000000000000     <absolute>
 0000:00000000       __hybrid_auxiliary_iat     0000000000000000     <absolute>
 0000:00000000       __dynamic_value_reloc_table 0000000000000000     <absolute>
 0000:00000100       __guard_flags              0000000000000100     <absolute>
 0000:00000000       __ImageBase                0000000180000000     <linker-defined>
 0001:000000c0       ?DupWide@_CW@@AEAAXXZ      00000001800010c0 f   CWString.obj
 0001:000000e8       ?cw_dup@@YAXPEBDAEAHAEAPEA_W1@Z 00000001800010e8 f   CWString.obj
 0001:000001c8       ?cw_memcpy@@YAHPEA_WPEBDH@Z 00000001800011c8 f   CWString.obj
 0001:00000214       ?cw_strcpy@@YAHPEA_WPEBD@Z 0000000180001214 f   CWString.obj
 0001:00000228       ??0CAtlComModule@ATL@@QEAA@XZ 0000000180001228 f i OposVariant.obj
 0001:000002a8       ??0CAtlWinModule@ATL@@QEAA@XZ 00000001800012a8 f i OposVariant.obj
 0001:00000314       ??0OposDispParms@@QEAA@PEAVOposVariant@@H@Z 0000000180001314 f   OposVariant.obj
 0001:000003bc       ??1OposDispParms@@QEAA@XZ  00000001800013bc f   OposVariant.obj
 0001:000003d4       ??_Estringdispid@CComTypeInfoHolder@ATL@@QEAAPEAXI@Z 00000001800013d4 f i OposVariant.obj
 0001:00000478       ?AtlWinModuleTerm@ATL@@YAJPEAU_ATL_WIN_MODULE70@1@PEAUHINSTANCE__@@@Z 0000000180001478 f i OposVariant.obj
 0001:00000528       ?ChangeBSTR@OposVariant@@QEAAXPEAPEA_WAEAJ@Z 0000000180001528 f   OposVariant.obj
 0001:00000588       ?ChangeLONG@OposVariant@@QEAAXPEAJAEAJ@Z 0000000180001588 f   OposVariant.obj
 0001:000005e4       ?GetLONG@OposVariant@@QEAAJXZ 00000001800015e4 f   OposVariant.obj
 0001:00000608       ?SetBSTR@OposVariant@@QEAAXPEA_WAEAJ@Z 0000000180001608 f   OposVariant.obj
 0001:00000648       ?SetBSTR_Copy@OposVariant@@QEAAXPEA_WAEAJ@Z 0000000180001648 f   OposVariant.obj
 0001:000006b8       ?SetBSTR_InOutPtr@OposVariant@@QEAA_NPEAPEA_WAEAJ@Z 00000001800016b8 f   OposVariant.obj
 0001:00000708       ?SetBSTR_OutPtr@OposVariant@@QEAA_NPEAPEA_WAEAJ@Z 0000000180001708 f   OposVariant.obj
 0001:00000724       ?SetCURRENCY@OposVariant@@QEAAXTtagCY@@@Z 0000000180001724 f   OposVariant.obj
 0001:00000758       ?SetDispatch_Ptr@OposVariant@@QEAAXPEAUIDispatch@@AEAJ@Z 0000000180001758 f   OposVariant.obj
 0001:000007b0       ?SetLONG@OposVariant@@QEAAXJ@Z 00000001800017b0 f   OposVariant.obj
 0001:000007e0       ?SetLONG_Ptr@OposVariant@@QEAAXPEAJAEAJ@Z 00000001800017e0 f   OposVariant.obj
 0001:0000082c       ?SetString@OposVariant@@QEAAXPEB_WAEAJ@Z 000000018000182c f   OposVariant.obj
 0001:00000890       ?SetVARIANT_BOOL@OposVariant@@QEAAXF@Z 0000000180001890 f   OposVariant.obj
 0001:000008c8       ?Term@CAtlComModule@ATL@@QEAAXXZ 00000001800018c8 f i OposVariant.obj
 0001:00000938       ?_AtlInitializeCriticalSectionEx@ATL@@YAHPEAU_RTL_CRITICAL_SECTION@@KK@Z 0000000180001938 f i OposVariant.obj
 0001:00000940       ?_AtlRaiseException@ATL@@YAXKK@Z 0000000180001940 f i OposVariant.obj
 0001:00000950       ?AddRef@?$CComObject@V?$CComEnum@UIEnumConnections@@$1?_GUID_b196b287_bab4_101a_b69c_00aa00341d07@@3U__s_GUID@@BUtagCONNECTDATA@@V?$_Copy@UtagCONNECTDATA@@@ATL@@VCComSingleThreadModel@6@@ATL@@@ATL@@UEAAKXZ 0000000180001950 f i FiscalPrinter.obj
 0001:00000950       ?AddRef@?$CComObject@V?$CComEnum@UIEnumConnectionPoints@@$1?_GUID_b196b285_bab4_101a_b69c_00aa00341d07@@3U__s_GUID@@BPEAUIConnectionPoint@@V?$_CopyInterface@UIConnectionPoint@@@ATL@@VCComSingleThreadModel@6@@ATL@@@ATL@@UEAAKXZ 0000000180001950 f i FiscalPrinter.obj
 0001:0000095c       ?Release@?$CComObject@V?$CComEnum@UIEnumConnections@@$1?_GUID_b196b287_bab4_101a_b69c_00aa00341d07@@3U__s_GUID@@BUtagCONNECTDATA@@V?$_Copy@UtagCONNECTDATA@@@ATL@@VCComSingleThreadModel@6@@ATL@@@ATL@@UEAAKXZ 000000018000195c f i FiscalPrinter.obj
 0001:0000095c       ?Release@?$CComObject@V?$CComEnum@UIEnumConnectionPoints@@$1?_GUID_b196b285_bab4_101a_b69c_00aa00341d07@@3U__s_GUID@@BPEAUIConnectionPoint@@V?$_CopyInterface@UIConnectionPoint@@@ATL@@VCComSingleThreadModel@6@@ATL@@@ATL@@UEAAKXZ 000000018000195c f i FiscalPrinter.obj
 0001:000009b0       ?QueryInterface@?$CComObject@V?$CComEnum@UIEnumConnections@@$1?_GUID_b196b287_bab4_101a_b69c_00aa00341d07@@3U__s_GUID@@BUtagCONNECTDATA@@V?$_Copy@UtagCONNECTDATA@@@ATL@@VCComSingleThreadModel@6@@ATL@@@ATL@@UEAAJAEBU_GUID@@PEAPEAX@Z 00000001800019b0 f i FiscalPrinter.obj
 0001:000009c4       ??_G?$CComObject@V?$CComEnum@UIEnumConnections@@$1?_GUID_b196b287_bab4_101a_b69c_00aa00341d07@@3U__s_GUID@@BUtagCONNECTDATA@@V?$_Copy@UtagCONNECTDATA@@@ATL@@VCComSingleThreadModel@6@@ATL@@@ATL@@UEAAPEAXI@Z 00000001800019c4 f i FiscalPrinter.obj
 0001:000009c4       ??_E?$CComObject@V?$CComEnum@UIEnumConnections@@$1?_GUID_b196b287_bab4_101a_b69c_00aa00341d07@@3U__s_GUID@@BUtagCONNECTDATA@@V?$_Copy@UtagCONNECTDATA@@@ATL@@VCComSingleThreadModel@6@@ATL@@@ATL@@UEAAPEAXI@Z 00000001800019c4 f i FiscalPrinter.obj
 0001:00000a1c       ?GetWindowProc@?$CWindowImplBaseT@VCWindow@ATL@@V?$CWinTraits@$0FGAAAAAA@$0A@@2@@ATL@@UEAAP6A_JPEAUHWND__@@I_K_J@ZXZ 0000000180001a1c f i FiscalPrinter.obj
 0001:00000a24       ?StartWindowProc@?$CWindowImplBaseT@VCWindow@ATL@@V?$CWinTraits@$0FGAAAAAA@$0A@@2@@ATL@@SA_JPEAUHWND__@@I_K_J@Z 0000000180001a24 f i FiscalPrinter.obj
 0001:00000ae8       ?OnFinalMessage@?$CWindowImplBaseT@VCWindow@ATL@@V?$CWinTraits@$0FGAAAAAA@$0A@@2@@ATL@@UEAAXPEAUHWND__@@@Z 0000000180001ae8 f i FiscalPrinter.obj
 0001:00000ae8       ?ObjectMain@CComObjectRootBase@ATL@@SAX_N@Z 0000000180001ae8 f i FiscalPrinter.obj
 0001:00000ae8       _guard_check_icall_nop     0000000180001ae8 f i LIBCMT:guard_support.obj
 0001:00000aec       ??_E?$CComObject@VCOPOSFiscalPrinter@@@ATL@@W7EAAPEAXI@Z 0000000180001aec f i FiscalPrinter.obj
 0001:00000af8       ??_E?$CComObject@VCOPOSFiscalPrinter@@@ATL@@WHA@EAAPEAXI@Z 0000000180001af8 f i FiscalPrinter.obj
 0001:00000b04       ?QueryInterface@?$CComObject@VCOPOSFiscalPrinter@@@ATL@@WLI@EAAJAEBU_GUID@@PEAPEAX@Z 0000000180001b04 f i FiscalPrinter.obj
 0001:00000b10       ?AddRef@?$CComObject@VCOPOSFiscalPrinter@@@ATL@@WLI@EAAKXZ 0000000180001b10 f i FiscalPrinter.obj
 0001:00000b1c       ?Release@?$CComObject@VCOPOSFiscalPrinter@@@ATL@@WLI@EAAKXZ 0000000180001b1c f i FiscalPrinter.obj
 0001:00000b28       ?QueryInterface@?$CComObject@VCOPOSFiscalPrinter@@@ATL@@WMA@EAAJAEBU_GUID@@PEAPEAX@Z 0000000180001b28 f i FiscalPrinter.obj
 0001:00000b34       ?AddRef@?$CComObject@VCOPOSFiscalPrinter@@@ATL@@WMA@EAAKXZ 0000000180001b34 f i FiscalPrinter.obj
 0001:00000b40       ?Release@?$CComObject@VCOPOSFiscalPrinter@@@ATL@@WMA@EAAKXZ 0000000180001b40 f i FiscalPrinter.obj
 0001:00000b4c       ?QueryInterface@?$CComObject@VCOPOSFiscalPrinter@@@ATL@@WMI@EAAJAEBU_GUID@@PEAPEAX@Z 0000000180001b4c f i FiscalPrinter.obj
 0001:00000b58       ?AddRef@?$CComObject@VCOPOSFiscalPrinter@@@ATL@@WMI@EAAKXZ 0000000180001b58 f i FiscalPrinter.obj
 0001:00000b64       ?Release@?$CComObject@VCOPOSFiscalPrinter@@@ATL@@WMI@EAAKXZ 0000000180001b64 f i FiscalPrinter.obj
 0001:00000b70       ?QueryInterface@?$CComObject@VCOPOSFiscalPrinter@@@ATL@@WNA@EAAJAEBU_GUID@@PEAPEAX@Z 0000000180001b70 f i FiscalPrinter.obj
 0001:00000b7c       ?AddRef@?$CComObject@VCOPOSFiscalPrinter@@@ATL@@WNA@EAAKXZ 0000000180001b7c f i FiscalPrinter.obj
 0001:00000b88       ?Release@?$CComObject@VCOPOSFiscalPrinter@@@ATL@@WNA@EAAKXZ 0000000180001b88 f i FiscalPrinter.obj
 0001:00000b94       ?QueryInterface@?$CComObject@VCOPOSFiscalPrinter@@@ATL@@WNI@EAAJAEBU_GUID@@PEAPEAX@Z 0000000180001b94 f i FiscalPrinter.obj
 0001:00000ba0       ?AddRef@?$CComObject@VCOPOSFiscalPrinter@@@ATL@@WNI@EAAKXZ 0000000180001ba0 f i FiscalPrinter.obj
 0001:00000bac       ?Release@?$CComObject@VCOPOSFiscalPrinter@@@ATL@@WNI@EAAKXZ 0000000180001bac f i FiscalPrinter.obj
 0001:00000bb8       ?QueryInterface@?$CComObject@VCOPOSFiscalPrinter@@@ATL@@WOA@EAAJAEBU_GUID@@PEAPEAX@Z 0000000180001bb8 f i FiscalPrinter.obj
 0001:00000bc4       ?AddRef@?$CComObject@VCOPOSFiscalPrinter@@@ATL@@WOA@EAAKXZ 0000000180001bc4 f i FiscalPrinter.obj
 0001:00000bd0       ?Release@?$CComObject@VCOPOSFiscalPrinter@@@ATL@@WOA@EAAKXZ 0000000180001bd0 f i FiscalPrinter.obj
 0001:00000bdc       ?QueryInterface@?$CComObject@VCOPOSFiscalPrinter@@@ATL@@WOI@EAAJAEBU_GUID@@PEAPEAX@Z 0000000180001bdc f i FiscalPrinter.obj
 0001:00000be8       ?AddRef@?$CComObject@VCOPOSFiscalPrinter@@@ATL@@WOI@EAAKXZ 0000000180001be8 f i FiscalPrinter.obj
 0001:00000bf4       ?Release@?$CComObject@VCOPOSFiscalPrinter@@@ATL@@WOI@EAAKXZ 0000000180001bf4 f i FiscalPrinter.obj
 0001:00000c00       ?QueryInterface@?$CComObject@VCOPOSFiscalPrinter@@@ATL@@WPA@EAAJAEBU_GUID@@PEAPEAX@Z 0000000180001c00 f i FiscalPrinter.obj
 0001:00000c0c       ?AddRef@?$CComObject@VCOPOSFiscalPrinter@@@ATL@@WPA@EAAKXZ 0000000180001c0c f i FiscalPrinter.obj
 0001:00000c18       ?Release@?$CComObject@VCOPOSFiscalPrinter@@@ATL@@WPA@EAAKXZ 0000000180001c18 f i FiscalPrinter.obj
 0001:00000c24       ?QueryInterface@?$CComObject@VCOPOSFiscalPrinter@@@ATL@@WPI@EAAJAEBU_GUID@@PEAPEAX@Z 0000000180001c24 f i FiscalPrinter.obj
 0001:00000c30       ?AddRef@?$CComObject@VCOPOSFiscalPrinter@@@ATL@@WPI@EAAKXZ 0000000180001c30 f i FiscalPrinter.obj
 0001:00000c3c       ?Release@?$CComObject@VCOPOSFiscalPrinter@@@ATL@@WPI@EAAKXZ 0000000180001c3c f i FiscalPrinter.obj
 0001:00000c48       ?QueryInterface@?$CComObject@VCOPOSFiscalPrinter@@@ATL@@WBAA@EAAJAEBU_GUID@@PEAPEAX@Z 0000000180001c48 f i FiscalPrinter.obj
 0001:00000c54       ?AddRef@?$CComObject@VCOPOSFiscalPrinter@@@ATL@@WBAA@EAAKXZ 0000000180001c54 f i FiscalPrinter.obj
 0001:00000c60       ?Release@?$CComObject@VCOPOSFiscalPrinter@@@ATL@@WBAA@EAAKXZ 0000000180001c60 f i FiscalPrinter.obj
 0001:00000c6c       ?QueryInterface@?$CComObject@VCOPOSFiscalPrinter@@@ATL@@WBAI@EAAJAEBU_GUID@@PEAPEAX@Z 0000000180001c6c f i FiscalPrinter.obj
 0001:00000c78       ?AddRef@?$CComObject@VCOPOSFiscalPrinter@@@ATL@@WBAI@EAAKXZ 0000000180001c78 f i FiscalPrinter.obj
 0001:00000c84       ?Release@?$CComObject@VCOPOSFiscalPrinter@@@ATL@@WBAI@EAAKXZ 0000000180001c84 f i FiscalPrinter.obj
 0001:00000c90       ?QueryInterface@?$CComObject@VCOPOSFiscalPrinter@@@ATL@@WBBA@EAAJAEBU_GUID@@PEAPEAX@Z 0000000180001c90 f i FiscalPrinter.obj
 0001:00000c9c       ?AddRef@?$CComObject@VCOPOSFiscalPrinter@@@ATL@@WBBA@EAAKXZ 0000000180001c9c f i FiscalPrinter.obj
 0001:00000ca8       ?Release@?$CComObject@VCOPOSFiscalPrinter@@@ATL@@WBBA@EAAKXZ 0000000180001ca8 f i FiscalPrinter.obj
 0001:00000cb4       ?QueryInterface@?$CComObject@VCOPOSFiscalPrinter@@@ATL@@WBBI@EAAJAEBU_GUID@@PEAPEAX@Z 0000000180001cb4 f i FiscalPrinter.obj
 0001:00000cc0       ?AddRef@?$CComObject@VCOPOSFiscalPrinter@@@ATL@@WBBI@EAAKXZ 0000000180001cc0 f i FiscalPrinter.obj
 0001:00000ccc       ?Release@?$CComObject@VCOPOSFiscalPrinter@@@ATL@@WBBI@EAAKXZ 0000000180001ccc f i FiscalPrinter.obj
 0001:00000cd8       ?AddRef@?$CComObject@VCOPOSFiscalPrinter@@@ATL@@WBCI@EAAKXZ 0000000180001cd8 f i FiscalPrinter.obj
 0001:00000ce4       ?Release@?$CComObject@VCOPOSFiscalPrinter@@@ATL@@WBCI@EAAKXZ 0000000180001ce4 f i FiscalPrinter.obj
 0001:00000cf0       ?AddRef@?$CComObject@VCOPOSFiscalPrinter@@@ATL@@WBEA@EAAKXZ 0000000180001cf0 f i FiscalPrinter.obj
 0001:00000cfc       ?Release@?$CComObject@VCOPOSFiscalPrinter@@@ATL@@WBEA@EAAKXZ 0000000180001cfc f i FiscalPrinter.obj
 0001:00000d08       ??_E?$CComContainedObject@VCOPOSFiscalPrinter@@@ATL@@W7EAAPEAXI@Z 0000000180001d08 f i FiscalPrinter.obj
 0001:00000d14       ??_E?$CComContainedObject@VCOPOSFiscalPrinter@@@ATL@@WHA@EAAPEAXI@Z 0000000180001d14 f i FiscalPrinter.obj
 0001:00000d20       ?QueryInterface@?$CComContainedObject@VCOPOSFiscalPrinter@@@ATL@@WLI@EAAJAEBU_GUID@@PEAPEAX@Z 0000000180001d20 f i FiscalPrinter.obj
 0001:00000d2c       ?AddRef@?$CComContainedObject@VCOPOSFiscalPrinter@@@ATL@@WLI@EAAKXZ 0000000180001d2c f i FiscalPrinter.obj
 0001:00000d38       ?Release@?$CComContainedObject@VCOPOSFiscalPrinter@@@ATL@@WLI@EAAKXZ 0000000180001d38 f i FiscalPrinter.obj
 0001:00000d44       ?QueryInterface@?$CComContainedObject@VCOPOSFiscalPrinter@@@ATL@@WMA@EAAJAEBU_GUID@@PEAPEAX@Z 0000000180001d44 f i FiscalPrinter.obj
 0001:00000d50       ?AddRef@?$CComContainedObject@VCOPOSFiscalPrinter@@@ATL@@WMA@EAAKXZ 0000000180001d50 f i FiscalPrinter.obj
 0001:00000d5c       ?Release@?$CComContainedObject@VCOPOSFiscalPrinter@@@ATL@@WMA@EAAKXZ 0000000180001d5c f i FiscalPrinter.obj
 0001:00000d68       ?QueryInterface@?$CComContainedObject@VCOPOSFiscalPrinter@@@ATL@@WMI@EAAJAEBU_GUID@@PEAPEAX@Z 0000000180001d68 f i FiscalPrinter.obj
 0001:00000d74       ?AddRef@?$CComContainedObject@VCOPOSFiscalPrinter@@@ATL@@WMI@EAAKXZ 0000000180001d74 f i FiscalPrinter.obj
 0001:00000d80       ?Release@?$CComContainedObject@VCOPOSFiscalPrinter@@@ATL@@WMI@EAAKXZ 0000000180001d80 f i FiscalPrinter.obj
 0001:00000d8c       ?QueryInterface@?$CComContainedObject@VCOPOSFiscalPrinter@@@ATL@@WNA@EAAJAEBU_GUID@@PEAPEAX@Z 0000000180001d8c f i FiscalPrinter.obj
 0001:00000d98       ?AddRef@?$CComContainedObject@VCOPOSFiscalPrinter@@@ATL@@WNA@EAAKXZ 0000000180001d98 f i FiscalPrinter.obj
 0001:00000da4       ?Release@?$CComContainedObject@VCOPOSFiscalPrinter@@@ATL@@WNA@EAAKXZ 0000000180001da4 f i FiscalPrinter.obj
 0001:00000db0       ?QueryInterface@?$CComContainedObject@VCOPOSFiscalPrinter@@@ATL@@WNI@EAAJAEBU_GUID@@PEAPEAX@Z 0000000180001db0 f i FiscalPrinter.obj
 0001:00000dbc       ?AddRef@?$CComContainedObject@VCOPOSFiscalPrinter@@@ATL@@WNI@EAAKXZ 0000000180001dbc f i FiscalPrinter.obj
 0001:00000dc8       ?Release@?$CComContainedObject@VCOPOSFiscalPrinter@@@ATL@@WNI@EAAKXZ 0000000180001dc8 f i FiscalPrinter.obj
 0001:00000dd4       ?QueryInterface@?$CComContainedObject@VCOPOSFiscalPrinter@@@ATL@@WOA@EAAJAEBU_GUID@@PEAPEAX@Z 0000000180001dd4 f i FiscalPrinter.obj
 0001:00000de0       ?AddRef@?$CComContainedObject@VCOPOSFiscalPrinter@@@ATL@@WOA@EAAKXZ 0000000180001de0 f i FiscalPrinter.obj
 0001:00000dec       ?Release@?$CComContainedObject@VCOPOSFiscalPrinter@@@ATL@@WOA@EAAKXZ 0000000180001dec f i FiscalPrinter.obj
 0001:00000df8       ?QueryInterface@?$CComContainedObject@VCOPOSFiscalPrinter@@@ATL@@WOI@EAAJAEBU_GUID@@PEAPEAX@Z 0000000180001df8 f i FiscalPrinter.obj
 0001:00000e04       ?AddRef@?$CComContainedObject@VCOPOSFiscalPrinter@@@ATL@@WOI@EAAKXZ 0000000180001e04 f i FiscalPrinter.obj
 0001:00000e10       ?Release@?$CComContainedObject@VCOPOSFiscalPrinter@@@ATL@@WOI@EAAKXZ 0000000180001e10 f i FiscalPrinter.obj
 0001:00000e1c       ?QueryInterface@?$CComContainedObject@VCOPOSFiscalPrinter@@@ATL@@WPA@EAAJAEBU_GUID@@PEAPEAX@Z 0000000180001e1c f i FiscalPrinter.obj
 0001:00000e28       ?AddRef@?$CComContainedObject@VCOPOSFiscalPrinter@@@ATL@@WPA@EAAKXZ 0000000180001e28 f i FiscalPrinter.obj
 0001:00000e34       ?Release@?$CComContainedObject@VCOPOSFiscalPrinter@@@ATL@@WPA@EAAKXZ 0000000180001e34 f i FiscalPrinter.obj
 0001:00000e40       ?QueryInterface@?$CComContainedObject@VCOPOSFiscalPrinter@@@ATL@@WPI@EAAJAEBU_GUID@@PEAPEAX@Z 0000000180001e40 f i FiscalPrinter.obj
 0001:00000e4c       ?AddRef@?$CComContainedObject@VCOPOSFiscalPrinter@@@ATL@@WPI@EAAKXZ 0000000180001e4c f i FiscalPrinter.obj
 0001:00000e58       ?Release@?$CComContainedObject@VCOPOSFiscalPrinter@@@ATL@@WPI@EAAKXZ 0000000180001e58 f i FiscalPrinter.obj
 0001:00000e64       ?QueryInterface@?$CComContainedObject@VCOPOSFiscalPrinter@@@ATL@@WBAA@EAAJAEBU_GUID@@PEAPEAX@Z 0000000180001e64 f i FiscalPrinter.obj
 0001:00000e70       ?AddRef@?$CComContainedObject@VCOPOSFiscalPrinter@@@ATL@@WBAA@EAAKXZ 0000000180001e70 f i FiscalPrinter.obj
 0001:00000e7c       ?Release@?$CComContainedObject@VCOPOSFiscalPrinter@@@ATL@@WBAA@EAAKXZ 0000000180001e7c f i FiscalPrinter.obj
 0001:00000e88       ?QueryInterface@?$CComContainedObject@VCOPOSFiscalPrinter@@@ATL@@WBAI@EAAJAEBU_GUID@@PEAPEAX@Z 0000000180001e88 f i FiscalPrinter.obj
 0001:00000e94       ?AddRef@?$CComContainedObject@VCOPOSFiscalPrinter@@@ATL@@WBAI@EAAKXZ 0000000180001e94 f i FiscalPrinter.obj
 0001:00000ea0       ?Release@?$CComContainedObject@VCOPOSFiscalPrinter@@@ATL@@WBAI@EAAKXZ 0000000180001ea0 f i FiscalPrinter.obj
 0001:00000eac       ?QueryInterface@?$CComContainedObject@VCOPOSFiscalPrinter@@@ATL@@WBBA@EAAJAEBU_GUID@@PEAPEAX@Z 0000000180001eac f i FiscalPrinter.obj
 0001:00000eb8       ?AddRef@?$CComContainedObject@VCOPOSFiscalPrinter@@@ATL@@WBBA@EAAKXZ 0000000180001eb8 f i FiscalPrinter.obj
 0001:00000ec4       ?Release@?$CComContainedObject@VCOPOSFiscalPrinter@@@ATL@@WBBA@EAAKXZ 0000000180001ec4 f i FiscalPrinter.obj
 0001:00000ed0       ?QueryInterface@?$CComContainedObject@VCOPOSFiscalPrinter@@@ATL@@WBBI@EAAJAEBU_GUID@@PEAPEAX@Z 0000000180001ed0 f i FiscalPrinter.obj
 0001:00000edc       ?AddRef@?$CComContainedObject@VCOPOSFiscalPrinter@@@ATL@@WBBI@EAAKXZ 0000000180001edc f i FiscalPrinter.obj
 0001:00000ee8       ?Release@?$CComContainedObject@VCOPOSFiscalPrinter@@@ATL@@WBBI@EAAKXZ 0000000180001ee8 f i FiscalPrinter.obj
 0001:00000ef4       ?AddRef@?$CComContainedObject@VCOPOSFiscalPrinter@@@ATL@@WBCI@EAAKXZ 0000000180001ef4 f i FiscalPrinter.obj
 0001:00000f00       ?Release@?$CComContainedObject@VCOPOSFiscalPrinter@@@ATL@@WBCI@EAAKXZ 0000000180001f00 f i FiscalPrinter.obj
 0001:00000f0c       ?AddRef@?$CComContainedObject@VCOPOSFiscalPrinter@@@ATL@@WBEA@EAAKXZ 0000000180001f0c f i FiscalPrinter.obj
 0001:00000f18       ?Release@?$CComContainedObject@VCOPOSFiscalPrinter@@@ATL@@WBEA@EAAKXZ 0000000180001f18 f i FiscalPrinter.obj
 0001:00000f24       ?Lock@CAtlModule@ATL@@UEAAJXZ 0000000180001f24 f i FiscalPrinter.obj
 0001:00000f34       ?Unlock@CAtlModule@ATL@@UEAAJXZ 0000000180001f34 f i FiscalPrinter.obj
 0001:00000f40       ?GetLockCount@CAtlModule@ATL@@UEAAJXZ 0000000180001f40 f i FiscalPrinter.obj
 0001:00000f44       ?GetGITPtr@CAtlModule@ATL@@UEAAJPEAPEAUIGlobalInterfaceTable@@@Z 0000000180001f44 f i FiscalPrinter.obj
 0001:00000fb4       ?GetTypeInfoCount@?$IDispatchImpl@UIOPOSFiscalPrinter@@$1?IID_IOPOSFiscalPrinter@@3U_GUID@@B$1?LIBID_OposFiscalPrinter_CCO@@3U3@B$00$0A@VCComTypeInfoHolder@ATL@@@ATL@@UEAAJPEAI@Z 0000000180001fb4 f i FiscalPrinter.obj
 0001:00000fc8       ?GetTypeInfo@?$IDispatchImpl@UIOPOSFiscalPrinter@@$1?IID_IOPOSFiscalPrinter@@3U_GUID@@B$1?LIBID_OposFiscalPrinter_CCO@@3U3@B$00$0A@VCComTypeInfoHolder@ATL@@@ATL@@UEAAJIKPEAPEAUITypeInfo@@@Z 0000000180001fc8 f i FiscalPrinter.obj
 0001:0000102c       ?GetIDsOfNames@?$IDispatchImpl@UIOPOSFiscalPrinter@@$1?IID_IOPOSFiscalPrinter@@3U_GUID@@B$1?LIBID_OposFiscalPrinter_CCO@@3U3@B$00$0A@VCComTypeInfoHolder@ATL@@@ATL@@UEAAJAEBU_GUID@@PEAPEA_WIKPEAJ@Z 000000018000202c f i FiscalPrinter.obj
 0001:00001038       ?Invoke@?$IDispatchImpl@UIOPOSFiscalPrinter@@$1?IID_IOPOSFiscalPrinter@@3U_GUID@@B$1?LIBID_OposFiscalPrinter_CCO@@3U3@B$00$0A@VCComTypeInfoHolder@ATL@@@ATL@@UEAAJJAEBU_GUID@@KGPEAUtagDISPPARAMS@@PEAUtagVARIANT@@PEAUtagEXCEPINFO@@PEAI@Z 0000000180002038 f i FiscalPrinter.obj
 0001:000010c8       ?CreateControlWindow@?$CComControl@VCOPOSFiscalPrinter@@V?$CWindowImpl@VCOPOSFiscalPrinter@@VCWindow@ATL@@V?$CWinTraits@$0FGAAAAAA@$0A@@3@@ATL@@@ATL@@UEAAPEAUHWND__@@PEAU3@AEAUtagRECT@@@Z 00000001800020c8 f i FiscalPrinter.obj
 0001:00001100       ?ControlQueryInterface@?$CComControl@VCOPOSFiscalPrinter@@V?$CWindowImpl@VCOPOSFiscalPrinter@@VCWindow@ATL@@V?$CWinTraits@$0FGAAAAAA@$0A@@3@@ATL@@@ATL@@UEAAJAEBU_GUID@@PEAPEAX@Z 0000000180002100 f i FiscalPrinter.obj
 0001:00001114       ?GetClassID@?$IPersistStreamInitImpl@VCOPOSFiscalPrinter@@@ATL@@UEAAJPEAU_GUID@@@Z 0000000180002114 f i FiscalPrinter.obj
 0001:00001114       ?GetUserClassID@?$IOleObjectImpl@VCOPOSFiscalPrinter@@@ATL@@UEAAJPEAU_GUID@@@Z 0000000180002114 f i FiscalPrinter.obj
 0001:00001114       ?GetClassID@?$IPersistStorageImpl@VCOPOSFiscalPrinter@@@ATL@@UEAAJPEAU_GUID@@@Z 0000000180002114 f i FiscalPrinter.obj
 0001:00001130       ?IsDirty@?$IPersistStreamInitImpl@VCOPOSFiscalPrinter@@@ATL@@UEAAJXZ 0000000180002130 f i FiscalPrinter.obj
 0001:0000114c       ?Load@?$IPersistStreamInitImpl@VCOPOSFiscalPrinter@@@ATL@@UEAAJPEAUIStream@@@Z 000000018000214c f i FiscalPrinter.obj
 0001:00001164       ?Save@?$IPersistStreamInitImpl@VCOPOSFiscalPrinter@@@ATL@@UEAAJPEAUIStream@@H@Z 0000000180002164 f i FiscalPrinter.obj
 0001:0000117c       ?GetSizeMax@?$IPersistStreamInitImpl@VCOPOSFiscalPrinter@@@ATL@@UEAAJPEAT_ULARGE_INTEGER@@@Z 000000018000217c f i FiscalPrinter.obj
 0001:000013a8       ?InitNew@?$IPersistStreamInitImpl@VCOPOSFiscalPrinter@@@ATL@@UEAAJXZ 00000001800023a8 f i FiscalPrinter.obj
 0001:000013c0       ?SetData@?$IDataObjectImpl@VCOPOSFiscalPrinter@@@ATL@@UEAAJPEAUtagFORMATETC@@PEAUtagSTGMEDIUM@@H@Z 00000001800023c0 f i FiscalPrinter.obj
 0001:000013c0       ?GetRect@?$IViewObjectExImpl@VCOPOSFiscalPrinter@@@ATL@@UEAAJKPEAU_RECTL@@@Z 00000001800023c0 f i FiscalPrinter.obj
 0001:000013c0       ?QueryGetData@?$IDataObjectImpl@VCOPOSFiscalPrinter@@@ATL@@UEAAJPEAUtagFORMATETC@@@Z 00000001800023c0 f i FiscalPrinter.obj
 0001:000013c0       ?EnumFormatEtc@?$IDataObjectImpl@VCOPOSFiscalPrinter@@@ATL@@UEAAJKPEAPEAUIEnumFORMATETC@@@Z 00000001800023c0 f i FiscalPrinter.obj
 0001:000013c0       ?ReactivateAndUndo@?$IOleInPlaceObjectWindowlessImpl@VCOPOSFiscalPrinter@@@ATL@@UEAAJXZ 00000001800023c0 f i FiscalPrinter.obj
 0001:000013c0       ?GetDataHere@?$IDataObjectImpl@VCOPOSFiscalPrinter@@@ATL@@UEAAJPEAUtagFORMATETC@@PEAUtagSTGMEDIUM@@@Z 00000001800023c0 f i FiscalPrinter.obj
 0001:000013c0       ?InitFromData@?$IOleObjectImpl@VCOPOSFiscalPrinter@@@ATL@@UEAAJPEAUIDataObject@@HK@Z 00000001800023c0 f i FiscalPrinter.obj
 0001:000013c0       ?SetColorScheme@?$IOleObjectImpl@VCOPOSFiscalPrinter@@@ATL@@UEAAJPEAUtagLOGPALETTE@@@Z 00000001800023c0 f i FiscalPrinter.obj
 0001:000013c0       ?GetClipboardData@?$IOleObjectImpl@VCOPOSFiscalPrinter@@@ATL@@UEAAJKPEAPEAUIDataObject@@@Z 00000001800023c0 f i FiscalPrinter.obj
 0001:000013c0       ?GetDropTarget@?$IOleInPlaceObjectWindowlessImpl@VCOPOSFiscalPrinter@@@ATL@@UEAAJPEAPEAUIDropTarget@@@Z 00000001800023c0 f i FiscalPrinter.obj
 0001:000013c0       ?Unfreeze@?$IViewObjectExImpl@VCOPOSFiscalPrinter@@@ATL@@UEAAJK@Z 00000001800023c0 f i FiscalPrinter.obj
 0001:000013c0       ?SetMoniker@?$IOleObjectImpl@VCOPOSFiscalPrinter@@@ATL@@UEAAJKPEAUIMoniker@@@Z 00000001800023c0 f i FiscalPrinter.obj
 0001:000013c0       ?GetCanonicalFormatEtc@?$IDataObjectImpl@VCOPOSFiscalPrinter@@@ATL@@UEAAJPEAUtagFORMATETC@@0@Z 00000001800023c0 f i FiscalPrinter.obj
 0001:000013c0       ?OnMnemonic@?$IOleControlImpl@VCOPOSFiscalPrinter@@@ATL@@UEAAJPEAUtagMSG@@@Z 00000001800023c0 f i FiscalPrinter.obj
 0001:000013c0       ?QueryInterface@CRegObject@ATL@@UEAAJAEBU_GUID@@PEAPEAX@Z 00000001800023c0 f i FiscalPrinter.obj
 0001:000013c0       ?SODataDummy@COPOSFiscalPrinter@@MEAAJJ@Z 00000001800023c0 f i FiscalPrinter.obj
 0001:000013c0       ?ContextSensitiveHelp@?$IOleInPlaceObjectWindowlessImpl@VCOPOSFiscalPrinter@@@ATL@@UEAAJH@Z 00000001800023c0 f i FiscalPrinter.obj
 0001:000013c0       ?GetControlInfo@?$IOleControlImpl@VCOPOSFiscalPrinter@@@ATL@@UEAAJPEAUtagCONTROLINFO@@@Z 00000001800023c0 f i FiscalPrinter.obj
 0001:000013c0       ?GetColorSet@?$IViewObjectExImpl@VCOPOSFiscalPrinter@@@ATL@@UEAAJKJPEAXPEAUtagDVTARGETDEVICE@@PEAUHDC__@@PEAPEAUtagLOGPALETTE@@@Z 00000001800023c0 f i FiscalPrinter.obj
 0001:000013c0       ?Freeze@?$IViewObjectExImpl@VCOPOSFiscalPrinter@@@ATL@@UEAAJKJPEAXPEAK@Z 00000001800023c0 f i FiscalPrinter.obj
 0001:000013c0       ?ContextSensitiveHelp@?$IOleInPlaceActiveObjectImpl@VCOPOSFiscalPrinter@@@ATL@@UEAAJH@Z 00000001800023c0 f i FiscalPrinter.obj
 0001:000013c0       ?GetMoniker@?$IOleObjectImpl@VCOPOSFiscalPrinter@@@ATL@@UEAAJKKPEAPEAUIMoniker@@@Z 00000001800023c0 f i FiscalPrinter.obj
 0001:000013c8       ?HandsOffStorage@?$IPersistStorageImpl@VCOPOSFiscalPrinter@@@ATL@@UEAAJXZ 00000001800023c8 f i FiscalPrinter.obj
 0001:000013c8       ?Release@CRegObject@ATL@@UEAAKXZ 00000001800023c8 f i FiscalPrinter.obj
 0001:000013c8       ?OnAmbientPropertyChange@?$IOleControlImpl@VCOPOSFiscalPrinter@@@ATL@@UEAAJJ@Z 00000001800023c8 f i FiscalPrinter.obj
 0001:000013c8       ?ResizeBorder@?$IOleInPlaceActiveObjectImpl@VCOPOSFiscalPrinter@@@ATL@@UEAAJPEBUtagRECT@@PEAUIOleInPlaceUIWindow@@H@Z 00000001800023c8 f i FiscalPrinter.obj
 0001:000013c8       ?SaveCompleted@?$IPersistStorageImpl@VCOPOSFiscalPrinter@@@ATL@@UEAAJPEAUIStorage@@@Z 00000001800023c8 f i FiscalPrinter.obj
 0001:000013c8       ?OnFrameWindowActivate@?$IOleInPlaceActiveObjectImpl@VCOPOSFiscalPrinter@@@ATL@@UEAAJH@Z 00000001800023c8 f i FiscalPrinter.obj
 0001:000013c8       ?IsUpToDate@?$IOleObjectImpl@VCOPOSFiscalPrinter@@@ATL@@UEAAJXZ 00000001800023c8 f i FiscalPrinter.obj
 0001:000013c8       ?EnableModeless@?$IOleInPlaceActiveObjectImpl@VCOPOSFiscalPrinter@@@ATL@@UEAAJH@Z 00000001800023c8 f i FiscalPrinter.obj
 0001:000013c8       ?Update@?$IOleObjectImpl@VCOPOSFiscalPrinter@@@ATL@@UEAAJXZ 00000001800023c8 f i FiscalPrinter.obj
 0001:000013c8       ?GetObjectDescription@?$CComCoClass@VCOPOSFiscalPrinter@@$1?CLSID_OPOSFiscalPrinter@@3U_GUID@@B@ATL@@SAPEB_WXZ 00000001800023c8 f i FiscalPrinter.obj
 0001:000013c8       ?GetCategoryMap@CComObjectRootBase@ATL@@SAPEBU_ATL_CATMAP_ENTRY@2@XZ 00000001800023c8 f i FiscalPrinter.obj
 0001:000013c8       ?SetHostNames@?$IOleObjectImpl@VCOPOSFiscalPrinter@@@ATL@@UEAAJPEB_W0@Z 00000001800023c8 f i FiscalPrinter.obj
 0001:000013cc       ?SetClientSite@?$IOleObjectImpl@VCOPOSFiscalPrinter@@@ATL@@UEAAJPEAUIOleClientSite@@@Z 00000001800023cc f i FiscalPrinter.obj
 0001:000013e8       ?GetClientSite@?$IOleObjectImpl@VCOPOSFiscalPrinter@@@ATL@@UEAAJPEAPEAUIOleClientSite@@@Z 00000001800023e8 f i FiscalPrinter.obj
 0001:00001430       ?Close@?$IOleObjectImpl@VCOPOSFiscalPrinter@@@ATL@@UEAAJK@Z 0000000180002430 f i FiscalPrinter.obj
 0001:0000144c       ?DoVerb@?$IOleObjectImpl@VCOPOSFiscalPrinter@@@ATL@@UEAAJJPEAUtagMSG@@PEAUIOleClientSite@@JPEAUHWND__@@PEBUtagRECT@@@Z 000000018000244c f i FiscalPrinter.obj
 0001:000015f0       ?EnumVerbs@?$IOleObjectImpl@VCOPOSFiscalPrinter@@@ATL@@UEAAJPEAPEAUIEnumOLEVERB@@@Z 00000001800025f0 f i FiscalPrinter.obj
 0001:0000160c       ?GetUserType@?$IOleObjectImpl@VCOPOSFiscalPrinter@@@ATL@@UEAAJKPEAPEA_W@Z 000000018000260c f i FiscalPrinter.obj
 0001:0000161c       ?SetExtent@?$IOleObjectImpl@VCOPOSFiscalPrinter@@@ATL@@UEAAJKPEAUtagSIZE@@@Z 000000018000261c f i FiscalPrinter.obj
 0001:00001638       ?GetExtent@?$IOleObjectImpl@VCOPOSFiscalPrinter@@@ATL@@UEAAJKPEAUtagSIZE@@@Z 0000000180002638 f i FiscalPrinter.obj
 0001:00001668       ?Advise@?$IOleObjectImpl@VCOPOSFiscalPrinter@@@ATL@@UEAAJPEAUIAdviseSink@@PEAK@Z 0000000180002668 f i FiscalPrinter.obj
 0001:000016c4       ?Unadvise@?$IOleObjectImpl@VCOPOSFiscalPrinter@@@ATL@@UEAAJK@Z 00000001800026c4 f i FiscalPrinter.obj
 0001:000016fc       ?EnumAdvise@?$IOleObjectImpl@VCOPOSFiscalPrinter@@@ATL@@UEAAJPEAPEAUIEnumSTATDATA@@@Z 00000001800026fc f i FiscalPrinter.obj
 0001:00001744       ?GetMiscStatus@?$IOleObjectImpl@VCOPOSFiscalPrinter@@@ATL@@UEAAJKPEAK@Z 0000000180002744 f i FiscalPrinter.obj
 0001:00001754       ?AddCommonRGSReplacements@?$CAtlModuleT@VCComModule@ATL@@@ATL@@UEAAJPEAUIRegistrarBase@@@Z 0000000180002754 f i FiscalPrinter.obj
 0001:0000176c       ?GetWindow@?$IOleInPlaceActiveObjectImpl@VCOPOSFiscalPrinter@@@ATL@@UEAAJPEAPEAUHWND__@@@Z 000000018000276c f i FiscalPrinter.obj
 0001:000017c0       ?TranslateAcceleratorW@?$IOleInPlaceActiveObjectImpl@VCOPOSFiscalPrinter@@@ATL@@UEAAJPEAUtagMSG@@@Z 00000001800027c0 f i FiscalPrinter.obj
 0001:000018b4       ?OnDocWindowActivate@?$IOleInPlaceActiveObjectImpl@VCOPOSFiscalPrinter@@@ATL@@UEAAJH@Z 00000001800028b4 f i FiscalPrinter.obj
 0001:000018e0       ?Draw@?$IViewObjectExImpl@VCOPOSFiscalPrinter@@@ATL@@UEAAJKJPEAXPEAUtagDVTARGETDEVICE@@PEAUHDC__@@2PEBU_RECTL@@3P6AH_K@Z4@Z 00000001800028e0 f i FiscalPrinter.obj
 0001:00001944       ?SetAdvise@?$IViewObjectExImpl@VCOPOSFiscalPrinter@@@ATL@@UEAAJKKPEAUIAdviseSink@@@Z 0000000180002944 f i FiscalPrinter.obj
 0001:00001998       ?GetAdvise@?$IViewObjectExImpl@VCOPOSFiscalPrinter@@@ATL@@UEAAJPEAK0PEAPEAUIAdviseSink@@@Z 0000000180002998 f i FiscalPrinter.obj
 0001:000019d4       ?GetExtent@?$IViewObjectExImpl@VCOPOSFiscalPrinter@@@ATL@@UEAAJKJPEAUtagDVTARGETDEVICE@@PEAUtagSIZE@@@Z 00000001800029d4 f i FiscalPrinter.obj
 0001:00001a04       ?UpdateRegistryFromResourceD@CComModule@ATL@@UEAAJIHPEAU_ATL_REGMAP_ENTRY@2@@Z 0000000180002a04 f i FiscalPrinter.obj
 0001:00001a04       ?UpdateRegistryFromResourceD@CComModule@ATL@@UEAAJPEB_WHPEAU_ATL_REGMAP_ENTRY@2@@Z 0000000180002a04 f i FiscalPrinter.obj
 0001:00001a0c       ?GetViewStatus@?$IViewObjectExImpl@VCOPOSFiscalPrinter@@@ATL@@UEAAJPEAK@Z 0000000180002a0c f i FiscalPrinter.obj
 0001:00001a20       ?UpdateRegistryFromResource@CComModule@ATL@@UEAAJPEB_WHPEAU_ATL_REGMAP_ENTRY@2@@Z 0000000180002a20 f i FiscalPrinter.obj
 0001:00001a28       ?QueryHitPoint@?$IViewObjectExImpl@VCOPOSFiscalPrinter@@@ATL@@UEAAJKPEBUtagRECT@@UtagPOINT@@JPEAK@Z 0000000180002a28 f i FiscalPrinter.obj
 0001:00001a6c       ?UpdateRegistryFromResource@CComModule@ATL@@UEAAJIHPEAU_ATL_REGMAP_ENTRY@2@@Z 0000000180002a6c f i FiscalPrinter.obj
 0001:00001a74       ?QueryHitRect@?$IViewObjectExImpl@VCOPOSFiscalPrinter@@@ATL@@UEAAJKPEBUtagRECT@@0JPEAK@Z 0000000180002a74 f i FiscalPrinter.obj
 0001:00001adc       ?GetNaturalExtent@?$IViewObjectExImpl@VCOPOSFiscalPrinter@@@ATL@@UEAAJKJPEAUtagDVTARGETDEVICE@@PEAUHDC__@@PEAUtagExtentInfo@@PEAUtagSIZE@@@Z 0000000180002adc f i FiscalPrinter.obj
 0001:00001b24       ?GetWindow@?$IOleInPlaceObjectWindowlessImpl@VCOPOSFiscalPrinter@@@ATL@@UEAAJPEAPEAUHWND__@@@Z 0000000180002b24 f i FiscalPrinter.obj
 0001:00001b78       ?InPlaceDeactivate@?$IOleInPlaceObjectWindowlessImpl@VCOPOSFiscalPrinter@@@ATL@@UEAAJXZ 0000000180002b78 f i FiscalPrinter.obj
 0001:00001b94       ?UIDeactivate@?$IOleInPlaceObjectWindowlessImpl@VCOPOSFiscalPrinter@@@ATL@@UEAAJXZ 0000000180002b94 f i FiscalPrinter.obj
 0001:00001bb0       ?SetObjectRects@?$IOleInPlaceObjectWindowlessImpl@VCOPOSFiscalPrinter@@@ATL@@UEAAJPEBUtagRECT@@0@Z 0000000180002bb0 f i FiscalPrinter.obj
 0001:00001bcc       ?OnWindowMessage@?$IOleInPlaceObjectWindowlessImpl@VCOPOSFiscalPrinter@@@ATL@@UEAAJI_K_JPEA_J@Z 0000000180002bcc f i FiscalPrinter.obj
 0001:00001c94       ?EnumConnectionPoints@?$IConnectionPointContainerImpl@VCOPOSFiscalPrinter@@@ATL@@UEAAJPEAPEAUIEnumConnectionPoints@@@Z 0000000180002c94 f i FiscalPrinter.obj
 0001:00001ed8       ?FindConnectionPoint@?$IConnectionPointContainerImpl@VCOPOSFiscalPrinter@@@ATL@@UEAAJAEBU_GUID@@PEAPEAUIConnectionPoint@@@Z 0000000180002ed8 f i FiscalPrinter.obj
 0001:00001fa8       ??_ECComModule@ATL@@UEAAPEAXI@Z 0000000180002fa8 f i FiscalPrinter.obj
 0001:00001fa8       ??_GCComModule@ATL@@UEAAPEAXI@Z 0000000180002fa8 f i FiscalPrinter.obj
 0001:00001fe8       ?IsDirty@?$IPersistStorageImpl@VCOPOSFiscalPrinter@@@ATL@@UEAAJXZ 0000000180002fe8 f i FiscalPrinter.obj
 0001:0000202c       ?InitNew@?$IPersistStorageImpl@VCOPOSFiscalPrinter@@@ATL@@UEAAJPEAUIStorage@@@Z 000000018000302c f i FiscalPrinter.obj
 0001:00002070       ?Load@?$IPersistStorageImpl@VCOPOSFiscalPrinter@@@ATL@@UEAAJPEAUIStorage@@@Z 0000000180003070 f i FiscalPrinter.obj
 0001:00002110       ?Save@?$IPersistStorageImpl@VCOPOSFiscalPrinter@@@ATL@@UEAAJPEAUIStorage@@H@Z 0000000180003110 f i FiscalPrinter.obj
 0001:000021c0       ?GetPages@?$ISpecifyPropertyPagesImpl@VCOPOSFiscalPrinter@@@ATL@@UEAAJPEAUtagCAUUID@@@Z 00000001800031c0 f i FiscalPrinter.obj
 0001:000021cc       ?QuickActivate@?$IQuickActivateImpl@VCOPOSFiscalPrinter@@@ATL@@UEAAJPEAUtagQACONTAINER@@PEAUtagQACONTROL@@@Z 00000001800031cc f i FiscalPrinter.obj
 0001:000021e8       ?SetContentExtent@?$IQuickActivateImpl@VCOPOSFiscalPrinter@@@ATL@@UEAAJPEAUtagSIZE@@@Z 00000001800031e8 f i FiscalPrinter.obj
 0001:0000221c       ?GetContentExtent@?$IQuickActivateImpl@VCOPOSFiscalPrinter@@@ATL@@UEAAJPEAUtagSIZE@@@Z 000000018000321c f i FiscalPrinter.obj
 0001:00002254       ?GetData@?$IDataObjectImpl@VCOPOSFiscalPrinter@@@ATL@@UEAAJPEAUtagFORMATETC@@PEAUtagSTGMEDIUM@@@Z 0000000180003254 f i FiscalPrinter.obj
 0001:00002270       ?DAdvise@?$IDataObjectImpl@VCOPOSFiscalPrinter@@@ATL@@UEAAJPEAUtagFORMATETC@@KPEAUIAdviseSink@@PEAK@Z 0000000180003270 f i FiscalPrinter.obj
 0001:000022f8       ?DUnadvise@?$IDataObjectImpl@VCOPOSFiscalPrinter@@@ATL@@UEAAJK@Z 00000001800032f8 f i FiscalPrinter.obj
 0001:00002324       ?EnumDAdvise@?$IDataObjectImpl@VCOPOSFiscalPrinter@@@ATL@@UEAAJPEAPEAUIEnumSTATDATA@@@Z 0000000180003324 f i FiscalPrinter.obj
 0001:00002360       ?GetClassInfoW@?$IProvideClassInfo2Impl@$1?CLSID_OPOSFiscalPrinter@@3U_GUID@@B$1?DIID__IOPOSFiscalPrinterEvents@@3U2@B$1?LIBID_OposFiscalPrinter_CCO@@3U2@B$00$0A@VCComTypeInfoHolder@ATL@@@ATL@@UEAAJPEAPEAUITypeInfo@@@Z 0000000180003360 f i FiscalPrinter.obj
 0001:000023b8       ?GetGUID@?$IProvideClassInfo2Impl@$1?CLSID_OPOSFiscalPrinter@@3U_GUID@@B$1?DIID__IOPOSFiscalPrinterEvents@@3U2@B$1?LIBID_OposFiscalPrinter_CCO@@3U2@B$00$0A@VCComTypeInfoHolder@ATL@@@ATL@@UEAAJKPEAU_GUID@@@Z 00000001800033b8 f i FiscalPrinter.obj
 0001:000023ec       _get_startup_argv_mode     00000001800033ec f i LIBCMT:argv_mode.obj
 0001:000023ec       ?FAccessAllowed@?$IObjectSafetyImpl@VCOPOSFiscalPrinter@@$02@ATL@@MEAAHXZ 00000001800033ec f i FiscalPrinter.obj
 0001:000023ec       ?AddRef@CRegObject@ATL@@UEAAKXZ 00000001800033ec f i FiscalPrinter.obj
 0001:000023f4       ?GetInterfaceSafetyOptions@?$IObjectSafetyImpl@VCOPOSFiscalPrinter@@$02@ATL@@UEAAJAEBU_GUID@@PEAK1@Z 00000001800033f4 f i FiscalPrinter.obj
 0001:00002488       ?SetInterfaceSafetyOptions@?$IObjectSafetyImpl@VCOPOSFiscalPrinter@@$02@ATL@@UEAAJAEBU_GUID@@KK@Z 0000000180003488 f i FiscalPrinter.obj
 0001:0000252c       ?_LocCPQueryInterface@?$IConnectionPointImpl@VCOPOSFiscalPrinter@@$1?IID_IPropertyNotifySink@@3U_GUID@@BVCComDynamicUnkArray@ATL@@@ATL@@UEAAJAEBU_GUID@@PEAPEAX@Z 000000018000352c f i FiscalPrinter.obj
 0001:0000252c       ?_LocCPQueryInterface@?$IConnectionPointImpl@VCOPOSFiscalPrinter@@$1?DIID__IOPOSFiscalPrinterEvents@@3U_GUID@@BVCComDynamicUnkArray@ATL@@@ATL@@UEAAJAEBU_GUID@@PEAPEAX@Z 000000018000352c f i FiscalPrinter.obj
 0001:000025a0       ?GetConnectionInterface@?$IConnectionPointImpl@VCOPOSFiscalPrinter@@$1?IID_IPropertyNotifySink@@3U_GUID@@BVCComDynamicUnkArray@ATL@@@ATL@@UEAAJPEAU_GUID@@@Z 00000001800035a0 f i FiscalPrinter.obj
 0001:000025bc       ?GetConnectionPointContainer@?$IConnectionPointImpl@VCOPOSFiscalPrinter@@$1?IID_IPropertyNotifySink@@3U_GUID@@BVCComDynamicUnkArray@ATL@@@ATL@@UEAAJPEAPEAUIConnectionPointContainer@@@Z 00000001800035bc f i FiscalPrinter.obj
 0001:000025dc       ?Advise@?$IConnectionPointImpl@VCOPOSFiscalPrinter@@$1?DIID__IOPOSFiscalPrinterEvents@@3U_GUID@@BVCComDynamicUnkArray@ATL@@@ATL@@UEAAJPEAUIUnknown@@PEAK@Z 00000001800035dc f i FiscalPrinter.obj
 0001:000025dc       ?Advise@?$IConnectionPointImpl@VCOPOSFiscalPrinter@@$1?IID_IPropertyNotifySink@@3U_GUID@@BVCComDynamicUnkArray@ATL@@@ATL@@UEAAJPEAUIUnknown@@PEAK@Z 00000001800035dc f i FiscalPrinter.obj
 0001:0000269c       ?Unadvise@?$IConnectionPointImpl@VCOPOSFiscalPrinter@@$1?IID_IPropertyNotifySink@@3U_GUID@@BVCComDynamicUnkArray@ATL@@@ATL@@UEAAJK@Z 000000018000369c f i FiscalPrinter.obj
 0001:0000269c       ?Unadvise@?$IConnectionPointImpl@VCOPOSFiscalPrinter@@$1?DIID__IOPOSFiscalPrinterEvents@@3U_GUID@@BVCComDynamicUnkArray@ATL@@@ATL@@UEAAJK@Z 000000018000369c f i FiscalPrinter.obj
 0001:00002718       ?EnumConnections@?$IConnectionPointImpl@VCOPOSFiscalPrinter@@$1?DIID__IOPOSFiscalPrinterEvents@@3U_GUID@@BVCComDynamicUnkArray@ATL@@@ATL@@UEAAJPEAPEAUIEnumConnections@@@Z 0000000180003718 f i FiscalPrinter.obj
 0001:00002718       ?EnumConnections@?$IConnectionPointImpl@VCOPOSFiscalPrinter@@$1?IID_IPropertyNotifySink@@3U_GUID@@BVCComDynamicUnkArray@ATL@@@ATL@@UEAAJPEAPEAUIEnumConnections@@@Z 0000000180003718 f i FiscalPrinter.obj
 0001:000028d0       ?GetConnectionInterface@?$IConnectionPointImpl@VCOPOSFiscalPrinter@@$1?DIID__IOPOSFiscalPrinterEvents@@3U_GUID@@BVCComDynamicUnkArray@ATL@@@ATL@@UEAAJPEAU_GUID@@@Z 00000001800038d0 f i FiscalPrinter.obj
 0001:000028ec       ?GetConnectionPointContainer@?$IConnectionPointImpl@VCOPOSFiscalPrinter@@$1?DIID__IOPOSFiscalPrinterEvents@@3U_GUID@@BVCComDynamicUnkArray@ATL@@@ATL@@UEAAJPEAPEAUIConnectionPointContainer@@@Z 00000001800038ec f i FiscalPrinter.obj
 0001:0000290c       ?UpdateRegistry@COPOSFiscalPrinter@@SAJH@Z 000000018000390c f i FiscalPrinter.obj
 0001:00002924       ?ProcessWindowMessage@COPOSFiscalPrinter@@UEAAHPEAUHWND__@@I_K_JAEA_JK@Z 0000000180003924 f i FiscalPrinter.obj
 0001:000029ac       ?SODirectIO@COPOSFiscalPrinter@@MEAAJJPEAJPEAPEA_W@Z 00000001800039ac f i FiscalPrinter.obj
 0001:00002a24       ?SOError@COPOSFiscalPrinter@@MEAAJJJJPEAJ@Z 0000000180003a24 f i FiscalPrinter.obj
 0001:00002aac       ?SOOutputComplete@COPOSFiscalPrinter@@MEAAJJ@Z 0000000180003aac f i FiscalPrinter.obj
 0001:00002afc       ?SOStatusUpdate@COPOSFiscalPrinter@@MEAAJJ@Z 0000000180003afc f i FiscalPrinter.obj
 0001:00002b4c       ?AddReplacement@CRegObject@ATL@@UEAAJPEB_W0@Z 0000000180003b4c f i FiscalPrinter.obj
 0001:00002b7c       ?ClearReplacements@CRegObject@ATL@@UEAAJXZ 0000000180003b7c f i FiscalPrinter.obj
 0001:00002b88       ??_ECRegObject@ATL@@UEAAPEAXI@Z 0000000180003b88 f i FiscalPrinter.obj
 0001:00002b88       ??_GCRegObject@ATL@@UEAAPEAXI@Z 0000000180003b88 f i FiscalPrinter.obj
 0001:00002c08       ?CreateInstance@?$CComCreator@V?$CComObjectCached@VCComClassFactory@ATL@@@ATL@@@ATL@@SAJPEAXAEBU_GUID@@PEAPEAX@Z 0000000180003c08 f i FiscalPrinter.obj
 0001:00002d34       ?CreateInstance@?$CComCreator2@V?$CComCreator@V?$CComObject@VCOPOSFiscalPrinter@@@ATL@@@ATL@@V?$CComCreator@V?$CComAggObject@VCOPOSFiscalPrinter@@@ATL@@@2@@ATL@@SAJPEAXAEBU_GUID@@PEAPEAX@Z 0000000180003d34 f i FiscalPrinter.obj
 0001:00002d44       ?AddRef@?$CComObjectCached@VCComClassFactory@ATL@@@ATL@@UEAAKXZ 0000000180003d44 f i FiscalPrinter.obj
 0001:00002d70       ?Release@?$CComObjectCached@VCComClassFactory@ATL@@@ATL@@UEAAKXZ 0000000180003d70 f i FiscalPrinter.obj
 0001:00002db0       ?QueryInterface@?$CComObjectCached@VCComClassFactory@ATL@@@ATL@@UEAAJAEBU_GUID@@PEAPEAX@Z 0000000180003db0 f i FiscalPrinter.obj
 0001:00002dc4       ??_G?$CComObjectCached@VCComClassFactory@ATL@@@ATL@@UEAAPEAXI@Z 0000000180003dc4 f i FiscalPrinter.obj
 0001:00002dc4       ??_E?$CComObjectCached@VCComClassFactory@ATL@@@ATL@@UEAAPEAXI@Z 0000000180003dc4 f i FiscalPrinter.obj
 0001:00002e1c       ?Next@?$CComEnumImpl@UIEnumConnectionPoints@@$1?_GUID_b196b285_bab4_101a_b69c_00aa00341d07@@3U__s_GUID@@BPEAUIConnectionPoint@@V?$_CopyInterface@UIConnectionPoint@@@ATL@@@ATL@@UEAAJKPEAPEAUIConnectionPoint@@PEAK@Z 0000000180003e1c f i FiscalPrinter.obj
 0001:00002ee8       ?Skip@?$CComEnumImpl@UIEnumConnectionPoints@@$1?_GUID_b196b285_bab4_101a_b69c_00aa00341d07@@3U__s_GUID@@BPEAUIConnectionPoint@@V?$_CopyInterface@UIConnectionPoint@@@ATL@@@ATL@@UEAAJK@Z 0000000180003ee8 f i FiscalPrinter.obj
 0001:00002f14       ?Reset@?$CComEnumImpl@UIEnumConnections@@$1?_GUID_b196b287_bab4_101a_b69c_00aa00341d07@@3U__s_GUID@@BUtagCONNECTDATA@@V?$_Copy@UtagCONNECTDATA@@@ATL@@@ATL@@UEAAJXZ 0000000180003f14 f i FiscalPrinter.obj
 0001:00002f14       ?Reset@?$CComEnumImpl@UIEnumConnectionPoints@@$1?_GUID_b196b285_bab4_101a_b69c_00aa00341d07@@3U__s_GUID@@BPEAUIConnectionPoint@@V?$_CopyInterface@UIConnectionPoint@@@ATL@@@ATL@@UEAAJXZ 0000000180003f14 f i FiscalPrinter.obj
 0001:00002f20       ?Clone@?$CComEnumImpl@UIEnumConnectionPoints@@$1?_GUID_b196b285_bab4_101a_b69c_00aa00341d07@@3U__s_GUID@@BPEAUIConnectionPoint@@V?$_CopyInterface@UIConnectionPoint@@@ATL@@@ATL@@UEAAJPEAPEAUIEnumConnectionPoints@@@Z 0000000180003f20 f i FiscalPrinter.obj
 0001:0000304c       ?QueryInterface@?$CComObject@V?$CComEnum@UIEnumConnectionPoints@@$1?_GUID_b196b285_bab4_101a_b69c_00aa00341d07@@3U__s_GUID@@BPEAUIConnectionPoint@@V?$_CopyInterface@UIConnectionPoint@@@ATL@@VCComSingleThreadModel@6@@ATL@@@ATL@@UEAAJAEBU_GUID@@PEAPEAX@Z 000000018000404c f i FiscalPrinter.obj
 0001:00003060       ??_E?$CComObject@V?$CComEnum@UIEnumConnectionPoints@@$1?_GUID_b196b285_bab4_101a_b69c_00aa00341d07@@3U__s_GUID@@BPEAUIConnectionPoint@@V?$_CopyInterface@UIConnectionPoint@@@ATL@@VCComSingleThreadModel@6@@ATL@@@ATL@@UEAAPEAXI@Z 0000000180004060 f i FiscalPrinter.obj
 0001:00003060       ??_G?$CComObject@V?$CComEnum@UIEnumConnectionPoints@@$1?_GUID_b196b285_bab4_101a_b69c_00aa00341d07@@3U__s_GUID@@BPEAUIConnectionPoint@@V?$_CopyInterface@UIConnectionPoint@@@ATL@@VCComSingleThreadModel@6@@ATL@@@ATL@@UEAAPEAXI@Z 0000000180004060 f i FiscalPrinter.obj
 0001:000030b8       ?OnDrawAdvanced@CComControlBase@ATL@@UEAAJAEAUATL_DRAWINFO@@@Z 00000001800040b8 f i FiscalPrinter.obj
 0001:00003244       ?AddRef@?$CComAggObject@VCOPOSFiscalPrinter@@@ATL@@UEAAKXZ 0000000180004244 f i FiscalPrinter.obj
 0001:00003250       ?Release@?$CComAggObject@VCOPOSFiscalPrinter@@@ATL@@UEAAKXZ 0000000180004250 f i FiscalPrinter.obj
 0001:000032a4       ?QueryInterface@?$CComAggObject@VCOPOSFiscalPrinter@@@ATL@@UEAAJAEBU_GUID@@PEAPEAX@Z 00000001800042a4 f i FiscalPrinter.obj
 0001:00003304       ?AddRef@?$CComContainedObject@VCOPOSFiscalPrinter@@@ATL@@UEAAKXZ 0000000180004304 f i FiscalPrinter.obj
 0001:00003314       ?Release@?$CComContainedObject@VCOPOSFiscalPrinter@@@ATL@@UEAAKXZ 0000000180004314 f i FiscalPrinter.obj
 0001:00003324       ?QueryInterface@?$CComContainedObject@VCOPOSFiscalPrinter@@@ATL@@UEAAJAEBU_GUID@@PEAPEAX@Z 0000000180004324 f i FiscalPrinter.obj
 0001:00003334       ??_E?$CComAggObject@VCOPOSFiscalPrinter@@@ATL@@UEAAPEAXI@Z 0000000180004334 f i FiscalPrinter.obj
 0001:00003334       ??_G?$CComAggObject@VCOPOSFiscalPrinter@@@ATL@@UEAAPEAXI@Z 0000000180004334 f i FiscalPrinter.obj
 0001:0000338c       ?AddRef@?$CComObject@VCOPOSFiscalPrinter@@@ATL@@UEAAKXZ 000000018000438c f i FiscalPrinter.obj
 0001:0000339c       ?Release@?$CComObject@VCOPOSFiscalPrinter@@@ATL@@UEAAKXZ 000000018000439c f i FiscalPrinter.obj
 0001:000033f4       ?QueryInterface@?$CComObject@VCOPOSFiscalPrinter@@@ATL@@UEAAJAEBU_GUID@@PEAPEAX@Z 00000001800043f4 f i FiscalPrinter.obj
 0001:00003408       ?CreateInstance@CComClassFactory@ATL@@UEAAJPEAUIUnknown@@AEBU_GUID@@PEAPEAX@Z 0000000180004408 f i FiscalPrinter.obj
 0001:00003468       ?LockServer@CComClassFactory@ATL@@UEAAJH@Z 0000000180004468 f i FiscalPrinter.obj
 0001:0000348c       ??_ECComClassFactory@ATL@@UEAAPEAXI@Z 000000018000448c f i FiscalPrinter.obj
 0001:0000348c       ??_GCComClassFactory@ATL@@UEAAPEAXI@Z 000000018000448c f i FiscalPrinter.obj
 0001:000034dc       ?Next@?$CComEnumImpl@UIEnumConnections@@$1?_GUID_b196b287_bab4_101a_b69c_00aa00341d07@@3U__s_GUID@@BUtagCONNECTDATA@@V?$_Copy@UtagCONNECTDATA@@@ATL@@@ATL@@UEAAJKPEAUtagCONNECTDATA@@PEAK@Z 00000001800044dc f i FiscalPrinter.obj
 0001:000035b0       ?Skip@?$CComEnumImpl@UIEnumConnections@@$1?_GUID_b196b287_bab4_101a_b69c_00aa00341d07@@3U__s_GUID@@BUtagCONNECTDATA@@V?$_Copy@UtagCONNECTDATA@@@ATL@@@ATL@@UEAAJK@Z 00000001800045b0 f i FiscalPrinter.obj
 0001:000035dc       ?Clone@?$CComEnumImpl@UIEnumConnections@@$1?_GUID_b196b287_bab4_101a_b69c_00aa00341d07@@3U__s_GUID@@BUtagCONNECTDATA@@V?$_Copy@UtagCONNECTDATA@@@ATL@@@ATL@@UEAAJPEAPEAUIEnumConnections@@@Z 00000001800045dc f i FiscalPrinter.obj
 0001:00003708       ??$AtlModuleRegisterWndClassInfoT@VAtlModuleRegisterWndClassInfoParamW@ATL@@@ATL@@YAGPEAU_ATL_BASE_MODULE70@0@PEAU_ATL_WIN_MODULE70@0@PEAU_ATL_WNDCLASSINFOW@0@PEAP6A_JPEAUHWND__@@I_K_J@ZVAtlModuleRegisterWndClassInfoParamW@0@@Z 0000000180004708 f i FiscalPrinter.obj
 0001:00003908       ??0?$CComContainedObject@VCOPOSFiscalPrinter@@@ATL@@QEAA@PEAX@Z 0000000180004908 f i FiscalPrinter.obj
 0001:00003a24       ??0?$CComObject@VCOPOSFiscalPrinter@@@ATL@@QEAA@PEAX@Z 0000000180004a24 f i FiscalPrinter.obj
 0001:00003b3c       ??0CAtlModule@ATL@@QEAA@XZ 0000000180004b3c f i FiscalPrinter.obj
 0001:00003bb0       ??1?$CComEnumImpl@UIEnumConnectionPoints@@$1?_GUID_b196b285_bab4_101a_b69c_00aa00341d07@@3U__s_GUID@@BPEAUIConnectionPoint@@V?$_CopyInterface@UIConnectionPoint@@@ATL@@@ATL@@UEAA@XZ 0000000180004bb0 f i FiscalPrinter.obj
 0001:00003c0c       ??1?$CComEnumImpl@UIEnumConnections@@$1?_GUID_b196b287_bab4_101a_b69c_00aa00341d07@@3U__s_GUID@@BUtagCONNECTDATA@@V?$_Copy@UtagCONNECTDATA@@@ATL@@@ATL@@UEAA@XZ 0000000180004c0c f i FiscalPrinter.obj
 0001:00003c68       ??1?$CComObject@VCOPOSFiscalPrinter@@@ATL@@UEAA@XZ 0000000180004c68 f i FiscalPrinter.obj
 0001:00003d88       ??_G?$CComContainedObject@VCOPOSFiscalPrinter@@@ATL@@UEAAPEAXI@Z 0000000180004d88 f i FiscalPrinter.obj
 0001:00003d88       ??_E?$CComContainedObject@VCOPOSFiscalPrinter@@@ATL@@UEAAPEAXI@Z 0000000180004d88 f i FiscalPrinter.obj
 0001:00003dbc       ??_E?$CComObject@VCOPOSFiscalPrinter@@@ATL@@UEAAPEAXI@Z 0000000180004dbc f i FiscalPrinter.obj
 0001:00003dbc       ??_G?$CComObject@VCOPOSFiscalPrinter@@@ATL@@UEAAPEAXI@Z 0000000180004dbc f i FiscalPrinter.obj
 0001:00003df0       ?Add@?$CSimpleArray@GV?$CSimpleArrayEqualHelper@G@ATL@@@ATL@@QEAAHAEBG@Z 0000000180004df0 f i FiscalPrinter.obj
 0001:00003ea4       ?Add@?$CSimpleMap@PEA_WPEA_WVCExpansionVectorEqualHelper@ATL@@@ATL@@QEAAHAEBQEA_W0@Z 0000000180004ea4 f i FiscalPrinter.obj
 0001:00003f44       ?Add@CComDynamicUnkArray@ATL@@QEAAKPEAUIUnknown@@@Z 0000000180004f44 f i FiscalPrinter.obj
 0001:0000402c       ?Add@CExpansionVector@ATL@@QEAAHPEB_W0@Z 000000018000502c f i FiscalPrinter.obj
 0001:00004160       ?AddTermFunc@CAtlModule@ATL@@QEAAJP6AX_K@Z0@Z 0000000180005160 f i FiscalPrinter.obj
 0001:000041fc       ?AddValue@CRegParser@ATL@@IEAAJAEAVCRegKey@2@PEB_WPEA_W@Z 00000001800051fc f i FiscalPrinter.obj
 0001:00004644       ?AllocateHeap@?$CTempBuffer@E$0BAA@VCCRTAllocator@ATL@@@ATL@@AEAAX_K@Z 0000000180005644 f i FiscalPrinter.obj
 0001:00004644       ?AllocateHeap@?$CTempBuffer@_W$0BAA@VCCRTAllocator@ATL@@@ATL@@AEAAX_K@Z 0000000180005644 f i FiscalPrinter.obj
 0001:00004644       ?AllocateHeap@?$CTempBuffer@_W$0EAA@VCCRTAllocator@ATL@@@ATL@@AEAAX_K@Z 0000000180005644 f i FiscalPrinter.obj
 0001:00004670       ?Append@CParseBuffer@CRegParser@ATL@@QEAAHPEB_WH@Z 0000000180005670 f i FiscalPrinter.obj
 0001:000047b8       ?AtlComModuleGetClassObject@ATL@@YAJPEAU_ATL_COM_MODULE70@1@AEBU_GUID@@1PEAPEAX@Z 00000001800057b8 f i FiscalPrinter.obj
 0001:000048f8       ?AtlComModuleRegisterServer@ATL@@YAJPEAU_ATL_COM_MODULE70@1@HPEBU_GUID@@@Z 00000001800058f8 f i FiscalPrinter.obj
 0001:000049b8       ?AtlComModuleUnregisterServer@ATL@@YAJPEAU_ATL_COM_MODULE70@1@HPEBU_GUID@@@Z 00000001800059b8 f i FiscalPrinter.obj
 0001:00004a74       ?AtlHiMetricToPixel@ATL@@YAXPEBUtagSIZE@@PEAU2@@Z 0000000180005a74 f i FiscalPrinter.obj
 0001:00004b24       ?AtlHresultFromLastError@ATL@@YAJXZ 0000000180005b24 f i FiscalPrinter.obj
 0001:00004b44       ?AtlHresultFromWin32@ATL@@YAJK@Z 0000000180005b44 f i FiscalPrinter.obj
 0001:00004b54       ?AtlInternalOleLoadFromStream@ATL@@YAJPEAUIStream@@AEBU_GUID@@PEAPEAXTClassesAllowedInStream@1@K@Z 0000000180005b54 f i FiscalPrinter.obj
 0001:00004c98       ?AtlInternalQueryInterface@ATL@@YAJPEAXPEBU_ATL_INTMAP_ENTRY@1@AEBU_GUID@@PEAPEAX@Z 0000000180005c98 f i FiscalPrinter.obj
 0001:00004da0       ?AtlLoadTypeLib@ATL@@YAJPEAUHINSTANCE__@@PEB_WPEAPEA_WPEAPEAUITypeLib@@@Z 0000000180005da0 f i FiscalPrinter.obj
 0001:00004ffc       ?AtlRegisterClassCategoriesHelper@ATL@@YAJAEBU_GUID@@PEBU_ATL_CATMAP_ENTRY@1@H@Z 0000000180005ffc f i FiscalPrinter.obj
 0001:00005480       ?AtlRegisterTypeLib@ATL@@YAJPEAUHINSTANCE__@@PEB_W@Z 0000000180006480 f i FiscalPrinter.obj
 0001:0000567c       ?AtlThrowImpl@ATL@@YAXJ@Z  000000018000667c f i FiscalPrinter.obj
 0001:000056a0       ?AtlUnRegisterTypeLib@ATL@@YAJPEAUHINSTANCE__@@PEB_W@Z 00000001800066a0 f i FiscalPrinter.obj
 0001:00005768       ?AtlWinModuleExtractCreateWndData@ATL@@YAPEAXPEAU_ATL_WIN_MODULE70@1@@Z 0000000180006768 f i FiscalPrinter.obj
 0001:000057f4       ?Cleanup@CComTypeInfoHolder@ATL@@SAX_K@Z 00000001800067f4 f i FiscalPrinter.obj
 0001:00005834       ?ClearReplacements@CExpansionVector@ATL@@QEAAJXZ 0000000180006834 f i FiscalPrinter.obj
 0001:000058d0       ?CreateInstance@?$CComCreator@V?$CComAggObject@VCOPOSFiscalPrinter@@@ATL@@@ATL@@SAJPEAXAEBU_GUID@@PEAPEAX@Z 00000001800068d0 f i FiscalPrinter.obj
 0001:000059c0       ?CreateInstance@?$CComCreator@V?$CComObject@VCOPOSFiscalPrinter@@@ATL@@@ATL@@SAJPEAXAEBU_GUID@@PEAPEAX@Z 00000001800069c0 f i FiscalPrinter.obj
 0001:00005a78       ?CreateInstance@?$CComObject@V?$CComEnum@UIEnumConnectionPoints@@$1?_GUID_b196b285_bab4_101a_b69c_00aa00341d07@@3U__s_GUID@@BPEAUIConnectionPoint@@V?$_CopyInterface@UIConnectionPoint@@@ATL@@VCComSingleThreadModel@6@@ATL@@@ATL@@SAJPEAPEAV12@@Z 0000000180006a78 f i FiscalPrinter.obj
 0001:00005b04       ?CreateInstance@?$CComObject@V?$CComEnum@UIEnumConnections@@$1?_GUID_b196b287_bab4_101a_b69c_00aa00341d07@@3U__s_GUID@@BUtagCONNECTDATA@@V?$_Copy@UtagCONNECTDATA@@@ATL@@VCComSingleThreadModel@6@@ATL@@@ATL@@SAJPEAPEAV12@@Z 0000000180006b04 f i FiscalPrinter.obj
 0001:00005b90       ?DefaultReflectionHandler@?$CWindowImplRoot@VCWindow@ATL@@@ATL@@SAHPEAUHWND__@@I_K_JAEA_J@Z 0000000180006b90 f i FiscalPrinter.obj
 0001:00005bf4       ?DeleteSubKey@CRegKey@ATL@@QEAAJPEB_W@Z 0000000180006bf4 f i FiscalPrinter.obj
 0001:00005c8c       ?DoEvent@COPOSFiscalPrinter@@IEAAXI_K_J@Z 0000000180006c8c f i FiscalPrinter.obj
 0001:00005d40       ?DoVerbPrimary@?$IOleObjectImpl@VCOPOSFiscalPrinter@@@ATL@@QEAAJPEBUtagRECT@@PEAUHWND__@@@Z 0000000180006d40 f i FiscalPrinter.obj
 0001:00005e6c       ?DoVerbProperties@CComControlBase@ATL@@QEAAJPEBUtagRECT@@PEAUHWND__@@@Z 0000000180006e6c f i FiscalPrinter.obj
 0001:00006094       ?FireTheEvent@?$CProxy_IOPOSEvents@VCOPOSFiscalPrinter@@@@IEAAXPEAVOposVariant@@IAEAJPEB_WJ@Z 0000000180007094 f i FiscalPrinter.obj
 0001:00006180       ?FireViewChange@CComControlBase@ATL@@QEAAJXZ 0000000180007180 f i FiscalPrinter.obj
 0001:000061e4       ?Fire_DirectIOEvent@?$CProxy_IOPOSEvents@VCOPOSFiscalPrinter@@@@QEAAXJPEAJPEAPEA_W@Z 00000001800071e4 f i FiscalPrinter.obj
 0001:0000633c       ?Fire_ErrorEvent@?$CProxy_IOPOSEvents@VCOPOSFiscalPrinter@@@@QEAAXJJJPEAJ@Z 000000018000733c f i FiscalPrinter.obj
 0001:000064a4       ?Fire_OutputCompleteEvent@?$CProxy_IOPOSEvents@VCOPOSFiscalPrinter@@@@QEAAXJ@Z 00000001800074a4 f i FiscalPrinter.obj
 0001:00006590       ?Fire_StatusUpdateEvent@?$CProxy_IOPOSEvents@VCOPOSFiscalPrinter@@@@QEAAXJ@Z 0000000180007590 f i FiscalPrinter.obj
 0001:0000667c       ?FreeHeap@?$CTempBuffer@E$0BAA@VCCRTAllocator@ATL@@@ATL@@AEAAXXZ 000000018000767c f i FiscalPrinter.obj
 0001:0000667c       ?FreeHeap@?$CTempBuffer@_W$0EAA@VCCRTAllocator@ATL@@@ATL@@AEAAXXZ 000000018000767c f i FiscalPrinter.obj
 0001:0000667c       ?FreeHeap@?$CTempBuffer@_W$0BAA@VCCRTAllocator@ATL@@@ATL@@AEAAXXZ 000000018000767c f i FiscalPrinter.obj
 0001:00006684       ?GetAmbientLocaleID@CComControlBase@ATL@@QEAAJAEAK@Z 0000000180007684 f i FiscalPrinter.obj
 0001:00006744       ?GetAmbientUserMode@CComControlBase@ATL@@QEAAJAEAH@Z 0000000180007744 f i FiscalPrinter.obj
 0001:00006814       ?GetClassObject@CComModule@ATL@@QEAAJAEBU_GUID@@0PEAPEAX@Z 0000000180007814 f i FiscalPrinter.obj
 0001:00006908       ?GetConnMap@COPOSFiscalPrinter@@SAPEBU_ATL_CONNMAP_ENTRY@ATL@@PEAH@Z 0000000180007908 f i FiscalPrinter.obj
 0001:00006990       ?GetIDsOfNames@CComTypeInfoHolder@ATL@@QEAAJAEBU_GUID@@PEAPEA_WIKPEAJ@Z 0000000180007990 f i FiscalPrinter.obj
 0001:00006b08       ?GetPagesHelper@?$ISpecifyPropertyPagesImpl@VCOPOSFiscalPrinter@@@ATL@@IEAAJPEAUtagCAUUID@@PEBUATL_PROPMAP_ENTRY@2@@Z 0000000180007b08 f i FiscalPrinter.obj
 0001:00006ca8       ?GetSizeMax@CComVariant@ATL@@QEBAJPEAT_ULARGE_INTEGER@@@Z 0000000180007ca8 f i FiscalPrinter.obj
 0001:00006edc       ?GetTI@CComTypeInfoHolder@ATL@@QEAAJK@Z 0000000180007edc f i FiscalPrinter.obj
 0001:000071d4       ?GetZoomInfo@CComControlBase@ATL@@QEAAXAEAUATL_DRAWINFO@@@Z 00000001800081d4 f i FiscalPrinter.obj
 0001:00007278       ?HKeyFromString@CRegParser@ATL@@KAPEAUHKEY__@@PEA_W@Z 0000000180008278 f i FiscalPrinter.obj
 0001:000072dc       ?IDataObject_GetData@CComControlBase@ATL@@QEAAJPEAUtagFORMATETC@@PEAUtagSTGMEDIUM@@@Z 00000001800082dc f i FiscalPrinter.obj
 0001:000074d0       ?IOleInPlaceObject_InPlaceDeactivate@CComControlBase@ATL@@QEAAJXZ 00000001800084d0 f i FiscalPrinter.obj
 0001:00007570       ?IOleInPlaceObject_SetObjectRects@CComControlBase@ATL@@QEAAJPEBUtagRECT@@0@Z 0000000180008570 f i FiscalPrinter.obj
 0001:00007660       ?IOleInPlaceObject_UIDeactivate@CComControlBase@ATL@@QEAAJXZ 0000000180008660 f i FiscalPrinter.obj
 0001:0000776c       ?IOleObject_Close@CComControlBase@ATL@@QEAAJK@Z 000000018000876c f i FiscalPrinter.obj
 0001:00007884       ?IOleObject_SetClientSite@CComControlBase@ATL@@QEAAJPEAUIOleClientSite@@@Z 0000000180008884 f i FiscalPrinter.obj
 0001:000078fc       ?IOleObject_SetExtent@CComControlBase@ATL@@QEAAJKPEAUtagSIZE@@@Z 00000001800088fc f i FiscalPrinter.obj
 0001:00007994       ?IPSI_GetIPersistStreamInit@?$IPersistStorageImpl@VCOPOSFiscalPrinter@@@ATL@@AEAAPEAUIPersistStreamInit@@XZ 0000000180008994 f i FiscalPrinter.obj
 0001:00007a7c       ?IPersistStreamInit_Load@?$IPersistStreamInitImpl@VCOPOSFiscalPrinter@@@ATL@@QEAAJPEAUIStream@@PEBUATL_PROPMAP_ENTRY@2@@Z 0000000180008a7c f i FiscalPrinter.obj
 0001:00007db0       ?IPersistStreamInit_Save@?$IPersistStreamInitImpl@VCOPOSFiscalPrinter@@@ATL@@QEAAJPEAUIStream@@HPEBUATL_PROPMAP_ENTRY@2@@Z 0000000180008db0 f i FiscalPrinter.obj
 0001:00008054       ?IQuickActivate_QuickActivate@CComControlBase@ATL@@QEAAJPEAUtagQACONTAINER@@PEAUtagQACONTROL@@@Z 0000000180009054 f i FiscalPrinter.obj
 0001:00008318       ?IViewObject_Draw@CComControlBase@ATL@@QEAAJKJPEAXPEAUtagDVTARGETDEVICE@@PEAUHDC__@@2PEBU_RECTL@@3@Z 0000000180009318 f i FiscalPrinter.obj
 0001:0000842c       ?InPlaceActivate@CComControlBase@ATL@@QEAAJJPEBUtagRECT@@@Z 000000018000942c f i FiscalPrinter.obj
 0001:00008764       ?Init@?$CComEnumImpl@UIEnumConnectionPoints@@$1?_GUID_b196b285_bab4_101a_b69c_00aa00341d07@@3U__s_GUID@@BPEAUIConnectionPoint@@V?$_CopyInterface@UIConnectionPoint@@@ATL@@@ATL@@QEAAJPEAPEAUIConnectionPoint@@0PEAUIUnknown@@W4CComEnumFlags@2@@Z 0000000180009764 f i FiscalPrinter.obj
 0001:00008884       ?Init@?$CComEnumImpl@UIEnumConnections@@$1?_GUID_b196b287_bab4_101a_b69c_00aa00341d07@@3U__s_GUID@@BUtagCONNECTDATA@@V?$_Copy@UtagCONNECTDATA@@@ATL@@@ATL@@QEAAJPEAUtagCONNECTDATA@@0PEAUIUnknown@@W4CComEnumFlags@2@@Z 0000000180009884 f i FiscalPrinter.obj
 0001:000089a8       ?IsEqualObject@?$CComPtrBase@UIOleClientSite@@@ATL@@QEAA_NPEAUIUnknown@@@Z 00000001800099a8 f i FiscalPrinter.obj
 0001:00008a34       ?LoadNameCache@CComTypeInfoHolder@ATL@@QEAAJPEAUITypeInfo@@@Z 0000000180009a34 f i FiscalPrinter.obj
 0001:00008bb4       ?Lookup@?$CSimpleMap@PEA_WPEA_WVCExpansionVectorEqualHelper@ATL@@@ATL@@QEBAPEA_WAEBQEA_W@Z 0000000180009bb4 f i FiscalPrinter.obj
 0001:00008c40       ?NextToken@CRegParser@ATL@@IEAAJPEA_W@Z 0000000180009c40 f i FiscalPrinter.obj
 0001:00008df8       ?OnKillFocus@CComControlBase@ATL@@QEAA_JI_K_JAEAH@Z 0000000180009df8 f i FiscalPrinter.obj
 0001:00008e94       ?OnMouseActivate@CComControlBase@ATL@@QEAA_JI_K_JAEAH@Z 0000000180009e94 f i FiscalPrinter.obj
 0001:00008f34       ?OnPaint@CComControlBase@ATL@@QEAA_JI_K_JAEAH@Z 0000000180009f34 f i FiscalPrinter.obj
 0001:00009020       ?OnSetFocus@CComControlBase@ATL@@QEAA_JI_K_JAEAH@Z 000000018000a020 f i FiscalPrinter.obj
 0001:0000911c       ?PreProcessBuffer@CRegParser@ATL@@QEAAJPEA_WPEAPEA_W@Z 000000018000a11c f i FiscalPrinter.obj
 0001:000094a0       ?ProcessWindowMessage@?$CComControl@VCOPOSFiscalPrinter@@V?$CWindowImpl@VCOPOSFiscalPrinter@@VCWindow@ATL@@V?$CWinTraits@$0FGAAAAAA@$0A@@3@@ATL@@@ATL@@UEAAHPEAUHWND__@@I_K_JAEA_JK@Z 000000018000a4a0 f i FiscalPrinter.obj
 0001:00009584       ?ReadFromStream@CComBSTR@ATL@@QEAAJPEAUIStream@@@Z 000000018000a584 f i FiscalPrinter.obj
 0001:000096e0       ?ReadFromStream@CComVariant@ATL@@QEAAJPEAUIStream@@GTClassesAllowedInStream@2@K@Z 000000018000a6e0 f i FiscalPrinter.obj
 0001:000098f0       ?RecurseDeleteKey@CRegKey@ATL@@QEAAJPEB_W@Z 000000018000a8f0 f i FiscalPrinter.obj
 0001:00009a48       ?RegCreateKeyExW@CAtlTransactionManager@ATL@@QEAAJPEAUHKEY__@@PEB_WKPEA_WKKQEAU_SECURITY_ATTRIBUTES@@PEAPEAU3@PEAK@Z 000000018000aa48 f i FiscalPrinter.obj
 0001:00009b7c       ?RegDeleteKeyW@CAtlTransactionManager@ATL@@QEAAJPEAUHKEY__@@PEB_W@Z 000000018000ab7c f i FiscalPrinter.obj
 0001:00009c08       ?RegOpenKeyExW@CAtlTransactionManager@ATL@@QEAAJPEAUHKEY__@@PEB_WKKPEAPEAU3@@Z 000000018000ac08 f i FiscalPrinter.obj
 0001:00009cc0       ?RegisterBuffer@CRegParser@ATL@@QEAAJPEA_WH@Z 000000018000acc0 f i FiscalPrinter.obj
 0001:00009e28       ?RegisterFromResource@CRegObject@ATL@@IEAAJPEB_W00H@Z 000000018000ae28 f i FiscalPrinter.obj
 0001:00009fe4       ?RegisterServer@CComModule@ATL@@QEAAJHPEBU_GUID@@@Z 000000018000afe4 f i FiscalPrinter.obj
 0001:0000a0a4       ?RegisterSubkeys@CRegParser@ATL@@IEAAJPEA_WPEAUHKEY__@@HH@Z 000000018000b0a4 f i FiscalPrinter.obj
 0001:0000a910       ?SendOnDataChange@CComControlBase@ATL@@QEAAJK@Z 000000018000b910 f i FiscalPrinter.obj
 0001:0000a980       ?SetControlFocus@CComControlBase@ATL@@QEAAHH@Z 000000018000b980 f i FiscalPrinter.obj
 0001:0000aa5c       ?SkipAssignment@CRegParser@ATL@@IEAAJPEA_W@Z 000000018000ba5c f i FiscalPrinter.obj
 0001:0000ab00       ?Term@CAtlModule@ATL@@QEAAXXZ 000000018000bb00 f i FiscalPrinter.obj
 0001:0000ab80       ?Term@CComModule@ATL@@QEAAXXZ 000000018000bb80 f i FiscalPrinter.obj
 0001:0000abfc       ?UnregisterServer@CComModule@ATL@@QEAAJHPEBU_GUID@@@Z 000000018000bbfc f i FiscalPrinter.obj
 0001:0000acac       ?UpdateRegistryFromResource@CAtlModule@ATL@@QEAAJIHPEAU_ATL_REGMAP_ENTRY@2@@Z 000000018000bcac f i FiscalPrinter.obj
 0001:0000afb8       ?UpdateRegistryFromResource@CAtlModule@ATL@@QEAAJPEB_WHPEAU_ATL_REGMAP_ENTRY@2@@Z 000000018000bfb8 f i FiscalPrinter.obj
 0001:0000b2dc       ?VTFromRegType@CRegParser@ATL@@KAHPEB_WAEAG@Z 000000018000c2dc f i FiscalPrinter.obj
 0001:0000b378       ?WindowProc@?$CWindowImplBaseT@VCWindow@ATL@@V?$CWinTraits@$0FGAAAAAA@$0A@@2@@ATL@@SA_JPEAUHWND__@@I_K_J@Z 000000018000c378 f i FiscalPrinter.obj
 0001:0000b4e4       ?WriteToStream@CComVariant@ATL@@QEAAJPEAUIStream@@@Z 000000018000c4e4 f i FiscalPrinter.obj
 0001:0000b738       ?WriteToStream@CComVariant@ATL@@QEAAJPEAUIStream@@G@Z 000000018000c738 f i FiscalPrinter.obj
 0001:0000b7d0       ?_AtlVerifyStackAvailable@_ATL_SAFE_ALLOCA_IMPL@ATL@@YA_N_K@Z 000000018000c7d0 f i FiscalPrinter.obj
 0001:0000b854       ?atlCreate@?$CWindowImpl@VCOPOSFiscalPrinter@@VCWindow@ATL@@V?$CWinTraits@$0FGAAAAAA@$0A@@3@@ATL@@QEAAPEAUHWND__@@PEAU3@V_U_RECT@2@PEB_WKKV_U_MENUorID@2@PEAX@Z 000000018000c854 f i FiscalPrinter.obj
 0001:0000b904       ?atlCreate@?$CWindowImplBaseT@VCWindow@ATL@@V?$CWinTraits@$0FGAAAAAA@$0A@@2@@ATL@@QEAAPEAUHWND__@@PEAU3@V_U_RECT@2@PEB_WKKV_U_MENUorID@2@GPEAX@Z 000000018000c904 f i FiscalPrinter.obj
 0001:0000ba74       ?ocscpy_s@@YA_NPEA_W_KPEB_W@Z 000000018000ca74 f i FiscalPrinter.obj
 0001:0000bb24       DllCanUnloadNow            000000018000cb24 f   FiscalPrinter.obj
 0001:0000bb30       DllGetClassObject          000000018000cb30 f   FiscalPrinter.obj
 0001:0000bb48       DllMain                    000000018000cb48 f   FiscalPrinter.obj
 0001:0000bbf0       DllRegisterServer          000000018000cbf0 f   FiscalPrinter.obj
 0001:0000bc04       DllUnregisterServer        000000018000cc04 f   FiscalPrinter.obj
 0001:0000bc18       __local_stdio_printf_options 000000018000cc18 f i FiscalPrinter.obj
 0001:0000bc20       swprintf_s                 000000018000cc20 f i FiscalPrinter.obj
 0001:0000bc74       ??0COPOSFiscalPrinter@@QEAA@XZ 000000018000cc74 f   FiscalPrinterImpl.obj
 0001:0000bd3c       ??1?$IConnectionPointImpl@VCOPOSFiscalPrinter@@$1?DIID__IOPOSFiscalPrinterEvents@@3U_GUID@@BVCComDynamicUnkArray@ATL@@@ATL@@QEAA@XZ 000000018000cd3c f i FiscalPrinterImpl.obj
 0001:0000bd3c       ??1?$IConnectionPointImpl@VCOPOSFiscalPrinter@@$1?IID_IPropertyNotifySink@@3U_GUID@@BVCComDynamicUnkArray@ATL@@@ATL@@QEAA@XZ 000000018000cd3c f i FiscalPrinterImpl.obj
 0001:0000bd98       ??1CComControlBase@ATL@@UEAA@XZ 000000018000cd98 f i FiscalPrinterImpl.obj
 0001:0000be14       ??1COPOSFiscalPrinter@@UEAA@XZ 000000018000ce14 f   FiscalPrinterImpl.obj
 0001:0000be78       ?BeginFiscalDocument@COPOSFiscalPrinter@@UEAAJJPEAJ@Z 000000018000ce78 f   FiscalPrinterImpl.obj
 0001:0000bef4       ?BeginFiscalReceipt@COPOSFiscalPrinter@@UEAAJFPEAJ@Z 000000018000cef4 f   FiscalPrinterImpl.obj
 0001:0000bf70       ?BeginFixedOutput@COPOSFiscalPrinter@@UEAAJJJPEAJ@Z 000000018000cf70 f   FiscalPrinterImpl.obj
 0001:0000c03c       ?BeginInsertion@COPOSFiscalPrinter@@UEAAJJPEAJ@Z 000000018000d03c f   FiscalPrinterImpl.obj
 0001:0000c0b8       ?BeginItemList@COPOSFiscalPrinter@@UEAAJJPEAJ@Z 000000018000d0b8 f   FiscalPrinterImpl.obj
 0001:0000c134       ?BeginNonFiscal@COPOSFiscalPrinter@@UEAAJPEAJ@Z 000000018000d134 f   FiscalPrinterImpl.obj
 0001:0000c15c       ?BeginRemoval@COPOSFiscalPrinter@@UEAAJJPEAJ@Z 000000018000d15c f   FiscalPrinterImpl.obj
 0001:0000c1d8       ?BeginTraining@COPOSFiscalPrinter@@UEAAJPEAJ@Z 000000018000d1d8 f   FiscalPrinterImpl.obj
 0001:0000c200       ?CheckHealth@COPOSFiscalPrinter@@UEAAJJPEAJ@Z 000000018000d200 f   FiscalPrinterImpl.obj
 0001:0000c27c       ?ClaimDevice@COPOSFiscalPrinter@@UEAAJJPEAJ@Z 000000018000d27c f   FiscalPrinterImpl.obj
 0001:0000c31c       ?ClearError@COPOSFiscalPrinter@@UEAAJPEAJ@Z 000000018000d31c f   FiscalPrinterImpl.obj
 0001:0000c344       ?ClearOutput@COPOSFiscalPrinter@@UEAAJPEAJ@Z 000000018000d344 f   FiscalPrinterImpl.obj
 0001:0000c36c       ?Close@COPOSFiscalPrinter@@UEAAJPEAJ@Z 000000018000d36c f   FiscalPrinterImpl.obj
 0001:0000c424       ?CompareFirmwareVersion@COPOSFiscalPrinter@@UEAAJPEA_WPEAJ1@Z 000000018000d424 f   FiscalPrinterImpl.obj
 0001:0000c500       ?DirectIO@COPOSFiscalPrinter@@UEAAJJPEAJPEAPEA_W0@Z 000000018000d500 f   FiscalPrinterImpl.obj
 0001:0000c5fc       ?DoInvoke@COPOSFiscalPrinter@@IEAAJJPEAVOposVariant@@IHPEAJ_N@Z 000000018000d5fc f   FiscalPrinterImpl.obj
 0001:0000c730       ?EndFiscalDocument@COPOSFiscalPrinter@@UEAAJPEAJ@Z 000000018000d730 f   FiscalPrinterImpl.obj
 0001:0000c758       ?EndFiscalReceipt@COPOSFiscalPrinter@@UEAAJFPEAJ@Z 000000018000d758 f   FiscalPrinterImpl.obj
 0001:0000c7d4       ?EndFixedOutput@COPOSFiscalPrinter@@UEAAJPEAJ@Z 000000018000d7d4 f   FiscalPrinterImpl.obj
 0001:0000c7fc       ?EndInsertion@COPOSFiscalPrinter@@UEAAJPEAJ@Z 000000018000d7fc f   FiscalPrinterImpl.obj
 0001:0000c824       ?EndItemList@COPOSFiscalPrinter@@UEAAJPEAJ@Z 000000018000d824 f   FiscalPrinterImpl.obj
 0001:0000c84c       ?EndNonFiscal@COPOSFiscalPrinter@@UEAAJPEAJ@Z 000000018000d84c f   FiscalPrinterImpl.obj
 0001:0000c874       ?EndRemoval@COPOSFiscalPrinter@@UEAAJPEAJ@Z 000000018000d874 f   FiscalPrinterImpl.obj
 0001:0000c89c       ?EndTraining@COPOSFiscalPrinter@@UEAAJPEAJ@Z 000000018000d89c f   FiscalPrinterImpl.obj
 0001:0000c8c4       ?EventInit@COPOSFiscalPrinter@@IEAAJXZ 000000018000d8c4 f i FiscalPrinterImpl.obj
 0001:0000ca0c       ?EventUninit@COPOSFiscalPrinter@@IEAAXXZ 000000018000da0c f i FiscalPrinterImpl.obj
 0001:0000ca70       ?EventWindowProc@COPOSFiscalPrinter@@IEAA_JI_K_J@Z 000000018000da70 f i FiscalPrinterImpl.obj
 0001:0000cc08       ?FinalConstruct@COPOSFiscalPrinter@@QEAAJXZ 000000018000dc08 f   FiscalPrinterImpl.obj
 0001:0000cc44       ?FreezeEvents@COPOSFiscalPrinter@@MEAAJH@Z 000000018000dc44 f   FiscalPrinterImpl.obj
 0001:0000ccb8       ?GetData@COPOSFiscalPrinter@@UEAAJJPEAJPEAPEA_W0@Z 000000018000dcb8 f   FiscalPrinterImpl.obj
 0001:0000cdb4       ?GetDate@COPOSFiscalPrinter@@UEAAJPEAPEA_WPEAJ@Z 000000018000ddb4 f   FiscalPrinterImpl.obj
 0001:0000ce3c       ?GetOposProp@COPOSFiscalPrinter@@IEAAJJPEAJJ@Z 000000018000de3c f   FiscalPrinterImpl.obj
 0001:0000cf58       ?GetOposProp@COPOSFiscalPrinter@@IEAAJJPEAPEA_WJ@Z 000000018000df58 f   FiscalPrinterImpl.obj
 0001:0000d084       ?GetTotalizer@COPOSFiscalPrinter@@UEAAJJJPEAPEA_WPEAJ@Z 000000018000e084 f   FiscalPrinterImpl.obj
 0001:0000d17c       ?GetVatEntry@COPOSFiscalPrinter@@UEAAJJJPEAJ0@Z 000000018000e17c f   FiscalPrinterImpl.obj
 0001:0000d274       ?OnDraw@COPOSFiscalPrinter@@MEAAJAEAUATL_DRAWINFO@@@Z 000000018000e274 f   FiscalPrinterImpl.obj
 0001:0000d360       ?Open@COPOSFiscalPrinter@@UEAAJPEA_WPEAJ@Z 000000018000e360 f   FiscalPrinterImpl.obj
 0001:0000dbdc       ?PrintDuplicateReceipt@COPOSFiscalPrinter@@UEAAJPEAJ@Z 000000018000ebdc f   FiscalPrinterImpl.obj
 0001:0000dc04       ?PrintFiscalDocumentLine@COPOSFiscalPrinter@@UEAAJPEA_WPEAJ@Z 000000018000ec04 f   FiscalPrinterImpl.obj
 0001:0000dc8c       ?PrintFixedOutput@COPOSFiscalPrinter@@UEAAJJJPEA_WPEAJ@Z 000000018000ec8c f   FiscalPrinterImpl.obj
 0001:0000dd84       ?PrintNormal@COPOSFiscalPrinter@@UEAAJJPEA_WPEAJ@Z 000000018000ed84 f   FiscalPrinterImpl.obj
 0001:0000de5c       ?PrintPeriodicTotalsReport@COPOSFiscalPrinter@@UEAAJPEA_W0PEAJ@Z 000000018000ee5c f   FiscalPrinterImpl.obj
 0001:0000df38       ?PrintPowerLossReport@COPOSFiscalPrinter@@UEAAJPEAJ@Z 000000018000ef38 f   FiscalPrinterImpl.obj
 0001:0000df60       ?PrintRecCash@COPOSFiscalPrinter@@UEAAJTtagCY@@PEAJ@Z 000000018000ef60 f   FiscalPrinterImpl.obj
 0001:0000dfdc       ?PrintRecItem@COPOSFiscalPrinter@@UEAAJPEA_WTtagCY@@JJ10PEAJ@Z 000000018000efdc f   FiscalPrinterImpl.obj
 0001:0000e108       ?PrintRecItemAdjustment@COPOSFiscalPrinter@@UEAAJJPEA_WTtagCY@@JPEAJ@Z 000000018000f108 f   FiscalPrinterImpl.obj
 0001:0000e1fc       ?PrintRecItemAdjustmentVoid@COPOSFiscalPrinter@@UEAAJJPEA_WTtagCY@@JPEAJ@Z 000000018000f1fc f   FiscalPrinterImpl.obj
 0001:0000e2f0       ?PrintRecItemFuel@COPOSFiscalPrinter@@UEAAJPEA_WTtagCY@@JJ1010PEAJ@Z 000000018000f2f0 f   FiscalPrinterImpl.obj
 0001:0000e444       ?PrintRecItemFuelVoid@COPOSFiscalPrinter@@UEAAJPEA_WTtagCY@@J1PEAJ@Z 000000018000f444 f   FiscalPrinterImpl.obj
 0001:0000e538       ?PrintRecItemRefund@COPOSFiscalPrinter@@UEAAJPEA_WTtagCY@@JJ10PEAJ@Z 000000018000f538 f   FiscalPrinterImpl.obj
 0001:0000e664       ?PrintRecItemRefundVoid@COPOSFiscalPrinter@@UEAAJPEA_WTtagCY@@JJ10PEAJ@Z 000000018000f664 f   FiscalPrinterImpl.obj
 0001:0000e790       ?PrintRecItemVoid@COPOSFiscalPrinter@@UEAAJPEA_WTtagCY@@JJ10PEAJ@Z 000000018000f790 f   FiscalPrinterImpl.obj
 0001:0000e8bc       ?PrintRecMessage@COPOSFiscalPrinter@@UEAAJPEA_WPEAJ@Z 000000018000f8bc f   FiscalPrinterImpl.obj
 0001:0000e944       ?PrintRecNotPaid@COPOSFiscalPrinter@@UEAAJPEA_WTtagCY@@PEAJ@Z 000000018000f944 f   FiscalPrinterImpl.obj
 0001:0000ea1c       ?PrintRecPackageAdjustVoid@COPOSFiscalPrinter@@UEAAJJPEA_WPEAJ@Z 000000018000fa1c f   FiscalPrinterImpl.obj
 0001:0000eaf4       ?PrintRecPackageAdjustment@COPOSFiscalPrinter@@UEAAJJPEA_W0PEAJ@Z 000000018000faf4 f   FiscalPrinterImpl.obj
 0001:0000ebf0       ?PrintRecRefund@COPOSFiscalPrinter@@UEAAJPEA_WTtagCY@@JPEAJ@Z 000000018000fbf0 f   FiscalPrinterImpl.obj
 0001:0000ece8       ?PrintRecRefundVoid@COPOSFiscalPrinter@@UEAAJPEA_WTtagCY@@JPEAJ@Z 000000018000fce8 f   FiscalPrinterImpl.obj
 0001:0000ede0       ?PrintRecSubtotal@COPOSFiscalPrinter@@UEAAJTtagCY@@PEAJ@Z 000000018000fde0 f   FiscalPrinterImpl.obj
 0001:0000ee5c       ?PrintRecSubtotalAdjustVoid@COPOSFiscalPrinter@@UEAAJJTtagCY@@PEAJ@Z 000000018000fe5c f   FiscalPrinterImpl.obj
 0001:0000ef28       ?PrintRecSubtotalAdjustment@COPOSFiscalPrinter@@UEAAJJPEA_WTtagCY@@PEAJ@Z 000000018000ff28 f   FiscalPrinterImpl.obj
 0001:0000f020       ?PrintRecTaxID@COPOSFiscalPrinter@@UEAAJPEA_WPEAJ@Z 0000000180010020 f   FiscalPrinterImpl.obj
 0001:0000f0a8       ?PrintRecTotal@COPOSFiscalPrinter@@UEAAJTtagCY@@0PEA_WPEAJ@Z 00000001800100a8 f   FiscalPrinterImpl.obj
 0001:0000f1a0       ?PrintRecVoid@COPOSFiscalPrinter@@UEAAJPEA_WPEAJ@Z 00000001800101a0 f   FiscalPrinterImpl.obj
 0001:0000f228       ?PrintRecVoidItem@COPOSFiscalPrinter@@UEAAJPEA_WTtagCY@@JJ1JPEAJ@Z 0000000180010228 f   FiscalPrinterImpl.obj
 0001:0000f344       ?PrintReport@COPOSFiscalPrinter@@UEAAJJPEA_W0PEAJ@Z 0000000180010344 f   FiscalPrinterImpl.obj
 0001:0000f440       ?PrintXReport@COPOSFiscalPrinter@@UEAAJPEAJ@Z 0000000180010440 f   FiscalPrinterImpl.obj
 0001:0000f468       ?PrintZReport@COPOSFiscalPrinter@@UEAAJPEAJ@Z 0000000180010468 f   FiscalPrinterImpl.obj
 0001:0000f490       ?ReleaseDevice@COPOSFiscalPrinter@@UEAAJPEAJ@Z 0000000180010490 f   FiscalPrinterImpl.obj
 0001:0000f4fc       ?ResetPrinterW@COPOSFiscalPrinter@@UEAAJPEAJ@Z 00000001800104fc f   FiscalPrinterImpl.obj
 0001:0000f524       ?ResetStatistics@COPOSFiscalPrinter@@UEAAJPEA_WPEAJ@Z 0000000180010524 f   FiscalPrinterImpl.obj
 0001:0000f5ac       ?RetrieveStatistics@COPOSFiscalPrinter@@UEAAJPEAPEA_WPEAJ@Z 00000001800105ac f   FiscalPrinterImpl.obj
 0001:0000f634       ?SOProcessID@COPOSFiscalPrinter@@UEAAJPEAJ@Z 0000000180010634 f   FiscalPrinterImpl.obj
 0001:0000f650       ?SetCOFreezeEvents@COPOSFiscalPrinter@@IEAAXF@Z 0000000180010650 f   FiscalPrinterImpl.obj
 0001:0000f734       ?SetCurrency@COPOSFiscalPrinter@@UEAAJJPEAJ@Z 0000000180010734 f   FiscalPrinterImpl.obj
 0001:0000f7b0       ?SetDate@COPOSFiscalPrinter@@UEAAJPEA_WPEAJ@Z 00000001800107b0 f   FiscalPrinterImpl.obj
 0001:0000f838       ?SetHeaderLine@COPOSFiscalPrinter@@UEAAJJPEA_WFPEAJ@Z 0000000180010838 f   FiscalPrinterImpl.obj
 0001:0000f930       ?SetOposProp@COPOSFiscalPrinter@@IEAAJJJJ@Z 0000000180010930 f   FiscalPrinterImpl.obj
 0001:0000fa90       ?SetOposProp@COPOSFiscalPrinter@@IEAAJJPEA_WJ@Z 0000000180010a90 f   FiscalPrinterImpl.obj
 0001:0000fbe8       ?SetPOSID@COPOSFiscalPrinter@@UEAAJPEA_W0PEAJ@Z 0000000180010be8 f   FiscalPrinterImpl.obj
 0001:0000fcc4       ?SetStoreFiscalID@COPOSFiscalPrinter@@UEAAJPEA_WPEAJ@Z 0000000180010cc4 f   FiscalPrinterImpl.obj
 0001:0000fd4c       ?SetTrailerLine@COPOSFiscalPrinter@@UEAAJJPEA_WFPEAJ@Z 0000000180010d4c f   FiscalPrinterImpl.obj
 0001:0000fe44       ?SetVatTable@COPOSFiscalPrinter@@UEAAJPEAJ@Z 0000000180010e44 f   FiscalPrinterImpl.obj
 0001:0000fe6c       ?SetVatValue@COPOSFiscalPrinter@@UEAAJJPEA_WPEAJ@Z 0000000180010e6c f   FiscalPrinterImpl.obj
 0001:0000ff44       ?UpdateFirmware@COPOSFiscalPrinter@@UEAAJPEA_WPEAJ@Z 0000000180010f44 f   FiscalPrinterImpl.obj
 0001:0000ffcc       ?UpdateStatistics@COPOSFiscalPrinter@@UEAAJPEA_WPEAJ@Z 0000000180010fcc f   FiscalPrinterImpl.obj
 0001:00010054       ?VerifyItem@COPOSFiscalPrinter@@UEAAJPEA_WJPEAJ@Z 0000000180011054 f   FiscalPrinterImpl.obj
 0001:0001012c       ?get_ActualCurrency@COPOSFiscalPrinter@@UEAAJPEAJ@Z 000000018001112c f   FiscalPrinterImpl.obj
 0001:00010140       ?get_AdditionalHeader@COPOSFiscalPrinter@@UEAAJPEAPEA_W@Z 0000000180011140 f   FiscalPrinterImpl.obj
 0001:00010154       ?get_AdditionalTrailer@COPOSFiscalPrinter@@UEAAJPEAPEA_W@Z 0000000180011154 f   FiscalPrinterImpl.obj
 0001:00010168       ?get_AmountDecimalPlaces@COPOSFiscalPrinter@@UEAAJPEAJ@Z 0000000180011168 f   FiscalPrinterImpl.obj
 0001:0001017c       ?get_AsyncMode@COPOSFiscalPrinter@@UEAAJPEAF@Z 000000018001117c f   FiscalPrinterImpl.obj
 0001:000101b0       ?get_BinaryConversion@COPOSFiscalPrinter@@UEAAJPEAJ@Z 00000001800111b0 f   FiscalPrinterImpl.obj
 0001:000101c4       ?get_CapAdditionalHeader@COPOSFiscalPrinter@@UEAAJPEAF@Z 00000001800111c4 f   FiscalPrinterImpl.obj
 0001:000101f8       ?get_CapAdditionalLines@COPOSFiscalPrinter@@UEAAJPEAF@Z 00000001800111f8 f   FiscalPrinterImpl.obj
 0001:0001022c       ?get_CapAdditionalTrailer@COPOSFiscalPrinter@@UEAAJPEAF@Z 000000018001122c f   FiscalPrinterImpl.obj
 0001:00010260       ?get_CapAmountAdjustment@COPOSFiscalPrinter@@UEAAJPEAF@Z 0000000180011260 f   FiscalPrinterImpl.obj
 0001:00010294       ?get_CapAmountNotPaid@COPOSFiscalPrinter@@UEAAJPEAF@Z 0000000180011294 f   FiscalPrinterImpl.obj
 0001:000102c8       ?get_CapChangeDue@COPOSFiscalPrinter@@UEAAJPEAF@Z 00000001800112c8 f   FiscalPrinterImpl.obj
 0001:000102fc       ?get_CapCheckTotal@COPOSFiscalPrinter@@UEAAJPEAF@Z 00000001800112fc f   FiscalPrinterImpl.obj
 0001:00010330       ?get_CapCompareFirmwareVersion@COPOSFiscalPrinter@@UEAAJPEAF@Z 0000000180011330 f   FiscalPrinterImpl.obj
 0001:00010364       ?get_CapCoverSensor@COPOSFiscalPrinter@@UEAAJPEAF@Z 0000000180011364 f   FiscalPrinterImpl.obj
 0001:00010398       ?get_CapDoubleWidth@COPOSFiscalPrinter@@UEAAJPEAF@Z 0000000180011398 f   FiscalPrinterImpl.obj
 0001:000103cc       ?get_CapDuplicateReceipt@COPOSFiscalPrinter@@UEAAJPEAF@Z 00000001800113cc f   FiscalPrinterImpl.obj
 0001:00010400       ?get_CapEmptyReceiptIsVoidable@COPOSFiscalPrinter@@UEAAJPEAF@Z 0000000180011400 f   FiscalPrinterImpl.obj
 0001:00010434       ?get_CapFiscalReceiptStation@COPOSFiscalPrinter@@UEAAJPEAF@Z 0000000180011434 f   FiscalPrinterImpl.obj
 0001:00010468       ?get_CapFiscalReceiptType@COPOSFiscalPrinter@@UEAAJPEAF@Z 0000000180011468 f   FiscalPrinterImpl.obj
 0001:0001049c       ?get_CapFixedOutput@COPOSFiscalPrinter@@UEAAJPEAF@Z 000000018001149c f   FiscalPrinterImpl.obj
 0001:000104d0       ?get_CapHasVatTable@COPOSFiscalPrinter@@UEAAJPEAF@Z 00000001800114d0 f   FiscalPrinterImpl.obj
 0001:00010504       ?get_CapIndependentHeader@COPOSFiscalPrinter@@UEAAJPEAF@Z 0000000180011504 f   FiscalPrinterImpl.obj
 0001:00010538       ?get_CapItemList@COPOSFiscalPrinter@@UEAAJPEAF@Z 0000000180011538 f   FiscalPrinterImpl.obj
 0001:0001056c       ?get_CapJrnEmptySensor@COPOSFiscalPrinter@@UEAAJPEAF@Z 000000018001156c f   FiscalPrinterImpl.obj
 0001:000105a0       ?get_CapJrnNearEndSensor@COPOSFiscalPrinter@@UEAAJPEAF@Z 00000001800115a0 f   FiscalPrinterImpl.obj
 0001:000105d4       ?get_CapJrnPresent@COPOSFiscalPrinter@@UEAAJPEAF@Z 00000001800115d4 f   FiscalPrinterImpl.obj
 0001:00010608       ?get_CapMultiContractor@COPOSFiscalPrinter@@UEAAJPEAF@Z 0000000180011608 f   FiscalPrinterImpl.obj
 0001:0001063c       ?get_CapNonFiscalMode@COPOSFiscalPrinter@@UEAAJPEAF@Z 000000018001163c f   FiscalPrinterImpl.obj
 0001:00010670       ?get_CapOnlyVoidLastItem@COPOSFiscalPrinter@@UEAAJPEAF@Z 0000000180011670 f   FiscalPrinterImpl.obj
 0001:000106a4       ?get_CapOrderAdjustmentFirst@COPOSFiscalPrinter@@UEAAJPEAF@Z 00000001800116a4 f   FiscalPrinterImpl.obj
 0001:000106d8       ?get_CapPackageAdjustment@COPOSFiscalPrinter@@UEAAJPEAF@Z 00000001800116d8 f   FiscalPrinterImpl.obj
 0001:0001070c       ?get_CapPercentAdjustment@COPOSFiscalPrinter@@UEAAJPEAF@Z 000000018001170c f   FiscalPrinterImpl.obj
 0001:00010740       ?get_CapPositiveAdjustment@COPOSFiscalPrinter@@UEAAJPEAF@Z 0000000180011740 f   FiscalPrinterImpl.obj
 0001:00010774       ?get_CapPositiveSubtotalAdjustment@COPOSFiscalPrinter@@UEAAJPEAF@Z 0000000180011774 f   FiscalPrinterImpl.obj
 0001:000107a8       ?get_CapPostPreLine@COPOSFiscalPrinter@@UEAAJPEAF@Z 00000001800117a8 f   FiscalPrinterImpl.obj
 0001:000107dc       ?get_CapPowerLossReport@COPOSFiscalPrinter@@UEAAJPEAF@Z 00000001800117dc f   FiscalPrinterImpl.obj
 0001:00010810       ?get_CapPowerReporting@COPOSFiscalPrinter@@UEAAJPEAJ@Z 0000000180011810 f   FiscalPrinterImpl.obj
 0001:00010824       ?get_CapPredefinedPaymentLines@COPOSFiscalPrinter@@UEAAJPEAF@Z 0000000180011824 f   FiscalPrinterImpl.obj
 0001:00010858       ?get_CapRecEmptySensor@COPOSFiscalPrinter@@UEAAJPEAF@Z 0000000180011858 f   FiscalPrinterImpl.obj
 0001:0001088c       ?get_CapRecNearEndSensor@COPOSFiscalPrinter@@UEAAJPEAF@Z 000000018001188c f   FiscalPrinterImpl.obj
 0001:000108c0       ?get_CapRecPresent@COPOSFiscalPrinter@@UEAAJPEAF@Z 00000001800118c0 f   FiscalPrinterImpl.obj
 0001:000108f4       ?get_CapReceiptNotPaid@COPOSFiscalPrinter@@UEAAJPEAF@Z 00000001800118f4 f   FiscalPrinterImpl.obj
 0001:00010928       ?get_CapRemainingFiscalMemory@COPOSFiscalPrinter@@UEAAJPEAF@Z 0000000180011928 f   FiscalPrinterImpl.obj
[...]
 0004:00001d40       $pdata$?try_get_function@@YAPEAXW4function_id@?A0x391cf84c@@QEBDQEBW4module_id@2@2@Z 0000000180038d40     libucrt:winapi_thunks.obj
 0004:00001d4c       $pdata$wcstol              0000000180038d4c     libucrt:strtox.obj
 0004:00001d58       $pdata$_mbtowc_l           0000000180038d58     libucrt:mbtowc.obj
 0004:00001d64       $pdata$__acrt_update_locale_info 0000000180038d64     libucrt:locale_update.obj
 0004:00001d70       $pdata$__acrt_update_multibyte_info 0000000180038d70     libucrt:locale_update.obj
 0004:00001d7c       $pdata$__acrt_fp_format    0000000180038d7c     libucrt:cvt.obj
 0004:00001d88       $pdata$?fp_format_e_internal@@YAHQEAD_KH_NIQEAU_strflt@@2QEAU__crt_locale_pointers@@@Z 0000000180038d88     libucrt:cvt.obj
 0004:00001d94       $pdata$?fp_format_e@@YAHQEBNQEAD_K12H_NIQEAU__crt_locale_pointers@@@Z 0000000180038d94     libucrt:cvt.obj
 0004:00001da0       $pdata$?fp_format_a@@YAHQEBNPEAD_KQEAD2H_NIQEAU__crt_locale_pointers@@@Z 0000000180038da0     libucrt:cvt.obj
 0004:00001dac       $pdata$?fp_format_f_internal@@YAHQEAD_KHQEAU_strflt@@_NQEAU__crt_locale_pointers@@@Z 0000000180038dac     libucrt:cvt.obj
 0004:00001db8       $pdata$?fp_format_g@@YAHQEBNQEAD_K12H_NIQEAU__crt_locale_pointers@@@Z 0000000180038db8     libucrt:cvt.obj
 0004:00001dc4       $pdata$_fileno             0000000180038dc4     libucrt:fileno.obj
 0004:00001dd0       $pdata$__acrt_initialize_stdio 0000000180038dd0     libucrt:_file.obj
 0004:00001ddc       $pdata$__acrt_uninitialize_stdio 0000000180038ddc     libucrt:_file.obj
 0004:00001de8       $pdata$__acrt_uninitialize_locale 0000000180038de8     libucrt:wsetlocale.obj
 0004:00001df4       $pdata$??$?RV<lambda_410d79af7f07d98d83a3f525b3859a53>@@AEAV<lambda_3e16ef9562a7dcce91392c22ab16ea36>@@V<lambda_38119f0e861e05405d8a144b9b982f0a>@@@?$__crt_seh_guarded_call@X@@QEAAX$$QEAV<lambda_410d79af7f07d98d83a3f525b3859a53>@@AEAV<lambda_3e16ef9562a7dcce91392c22ab16ea36>@@$$QEAV<lambda_38119f0e861e05405d8a144b9b982f0a>@@@Z 0000000180038df4     libucrt:wsetlocale.obj
 0004:00001e00       $pdata$?fin$0@?0???$?RV<lambda_410d79af7f07d98d83a3f525b3859a53>@@AEAV<lambda_3e16ef9562a7dcce91392c22ab16ea36>@@V<lambda_38119f0e861e05405d8a144b9b982f0a>@@@?$__crt_seh_guarded_call@X@@QEAAX$$QEAV<lambda_410d79af7f07d98d83a3f525b3859a53>@@AEAV<lambda_3e16ef9562a7dcce91392c22ab16ea36>@@$$QEAV<lambda_38119f0e861e05405d8a144b9b982f0a>@@@Z@4HA 0000000180038e00     libucrt:wsetlocale.obj
 0004:00001e0c       $pdata$__acrt_initialize_lowio 0000000180038e0c     libucrt:ioinit.obj
 0004:00001e18       $pdata$__acrt_initialize_lowio$fin$0 0000000180038e18     libucrt:ioinit.obj
 0004:00001e18       $pdata$__acrt_lowio_ensure_fh_exists$fin$0 0000000180038e18     libucrt:osfinfo.obj
 0004:00001e24       $pdata$__acrt_uninitialize_lowio 0000000180038e24     libucrt:ioinit.obj
 0004:00001e30       $pdata$?initialize_inherited_file_handles_nolock@@YAXXZ 0000000180038e30     libucrt:ioinit.obj
 0004:00001e3c       $pdata$?initialize_stdio_handles_nolock@@YAXXZ 0000000180038e3c     libucrt:ioinit.obj
 0004:00001e48       $pdata$__acrt_initialize_locks 0000000180038e48     libucrt:locks.obj
 0004:00001e54       $pdata$__acrt_uninitialize_locks 0000000180038e54     libucrt:locks.obj
 0004:00001e60       $pdata$__acrt_get_process_end_policy 0000000180038e60     libucrt:win_policies.obj
 0004:00001e6c       $pdata$??$__acrt_mbs_to_wcs_cp@U__crt_win32_buffer_internal_dynamic_resizing@@@@YAHQEBDAEAV?$__crt_win32_buffer@_WU__crt_win32_buffer_internal_dynamic_resizing@@@@I@Z 0000000180038e6c     libucrt:argv_wildcards.obj
 0004:00001e78       $pdata$??$__acrt_wcs_to_mbs_cp@U__crt_win32_buffer_internal_dynamic_resizing@@@@YAHQEB_WAEAV?$__crt_win32_buffer@DU__crt_win32_buffer_internal_dynamic_resizing@@@@I@Z 0000000180038e78     libucrt:argv_wildcards.obj
 0004:00001e84       $pdata$??$common_expand_argv_wildcards@D@@YAHQEAPEADQEAPEAPEAD@Z 0000000180038e84     libucrt:argv_wildcards.obj
 0004:00001e90       $pdata$??$copy_and_add_argument_to_buffer@D@@YAHQEBD0_KAEAV?$argument_list@D@?A0x5f5c8891@@@Z 0000000180038e90     libucrt:argv_wildcards.obj
 0004:00001e9c       $pdata$??$expand_argument_wildcards@D@@YAHQEAD0AEAV?$argument_list@D@?A0x5f5c8891@@@Z 0000000180038e9c     libucrt:argv_wildcards.obj
 0004:00001ea8       $pdata$__acrt_GetModuleFileNameA 0000000180038ea8     libucrt:getmodulefilenamea.obj
 0004:00001eb4       $pdata$??$__acrt_wcs_to_mbs_cp@U__crt_win32_buffer_no_resizing@@@@YAHQEB_WAEAV?$__crt_win32_buffer@DU__crt_win32_buffer_no_resizing@@@@I@Z 0000000180038eb4     libucrt:getmodulefilenamea.obj
 0004:00001ec0       $pdata$__acrt_update_thread_multibyte_data 0000000180038ec0     libucrt:mbctype.obj
 0004:00001ecc       $pdata$__acrt_initialize_multibyte 0000000180038ecc     libucrt:mbctype.obj
 0004:00001ed8       $pdata$_setmbcp_nolock     0000000180038ed8     libucrt:mbctype.obj
 0004:00001ee4       $pdata$?getSystemCP@@YAHH@Z 0000000180038ee4     libucrt:mbctype.obj
 0004:00001ef0       $pdata$?setSBCS@@YAXPEAU__crt_multibyte_data@@@Z 0000000180038ef0     libucrt:mbctype.obj
 0004:00001efc       $pdata$?update_thread_multibyte_data_internal@@YAPEAU__crt_multibyte_data@@QEAU__acrt_ptd@@QEAPEAU1@@Z 0000000180038efc     libucrt:mbctype.obj
 0004:00001f08       $pdata$?fin$0@?0??update_thread_multibyte_data_internal@@YAPEAU__crt_multibyte_data@@QEAU__acrt_ptd@@QEAPEAU1@@Z@4HA 0000000180038f08     libucrt:mbctype.obj
 0004:00001f14       $pdata$?setmbcp_internal@@YAHH_NQEAU__acrt_ptd@@QEAPEAU__crt_multibyte_data@@@Z 0000000180038f14     libucrt:mbctype.obj
 0004:00001f20       $pdata$?setSBUpLow@@YAXPEAU__crt_multibyte_data@@@Z 0000000180038f20     libucrt:mbctype.obj
 0004:00001f2c       $pdata$??$?RV<lambda_efdfa57d1f175319df784efa44bb7b81>@@AEAV<lambda_5f0a4c1567f8adc6734073e5d1e1b35c>@@V<lambda_2e8a7d3640ea6ccb4c2413664c2db6fd>@@@?$__crt_seh_guarded_call@X@@QEAAX$$QEAV<lambda_efdfa57d1f175319df784efa44bb7b81>@@AEAV<lambda_5f0a4c1567f8adc6734073e5d1e1b35c>@@$$QEAV<lambda_2e8a7d3640ea6ccb4c2413664c2db6fd>@@@Z 0000000180038f2c     libucrt:mbctype.obj
 0004:00001f38       $pdata$?x_ismbbtype_l@@YAHPEAU__crt_locale_pointers@@IHH@Z 0000000180038f38     libucrt:ismbbyte.obj
 0004:00001f44       $pdata$__acrt_initialize_command_line 0000000180038f44     libucrt:argv_data.obj
 0004:00001f50       $pdata$__acrt_WideCharToMultiByte 0000000180038f50     libucrt:widechartomultibyte.obj
 0004:00001f5c       $pdata$__dcrt_get_narrow_environment_from_os 0000000180038f5c     libucrt:get_environment_from_os.obj
 0004:00001f68       $pdata$__acrt_initialize_heap 0000000180038f68     libucrt:heap_handle.obj
 0004:00001f74       $pdata$__acrt_execute_initializers 0000000180038f74     libucrt:shared_initialization.obj
 0004:00001f80       $pdata$__acrt_execute_uninitializers 0000000180038f80     libucrt:shared_initialization.obj
 0004:00001f8c       $pdata$__acrt_get_sigabrt_handler 0000000180038f8c     libucrt:signal.obj
 0004:00001f98       $pdata$raise               0000000180038f98     libucrt:signal.obj
 0004:00001fa4       $pdata$raise$fin$0         0000000180038fa4     libucrt:signal.obj
 0004:00001fb0       $pdata$??$?RV<lambda_450d765d439847d4c735a33c368b5fc0>@@AEAV<lambda_44731a7d0e6d81c3e6aa82d741081786>@@V<lambda_601a2a7da3b7a96e9554ac7215c4b07c>@@@?$__crt_seh_guarded_call@P6AXH@Z@@QEAAP6AXH@Z$$QEAV<lambda_450d765d439847d4c735a33c368b5fc0>@@AEAV<lambda_44731a7d0e6d81c3e6aa82d741081786>@@$$QEAV<lambda_601a2a7da3b7a96e9554ac7215c4b07c>@@@Z 0000000180038fb0     libucrt:signal.obj
 0004:00001fbc       $pdata$_fflush_nolock      0000000180038fbc     libucrt:fflush.obj
 0004:00001fc8       $pdata$__acrt_stdio_flush_nolock 0000000180038fc8     libucrt:fflush.obj
 0004:00001fd4       $pdata$?common_flush_all@@YAH_N@Z 0000000180038fd4     libucrt:fflush.obj
 0004:00001fe0       $pdata$??$?RV<lambda_842d9ff0dc9ef11c61343bbaebe7f885>@@AEAV<lambda_c5860995281e5c4ce005b3de8f5874ee>@@V<lambda_d90129c13df834fdcbf8d2b88dafcf2d>@@@?$__crt_seh_guarded_call@X@@QEAAX$$QEAV<lambda_842d9ff0dc9ef11c61343bbaebe7f885>@@AEAV<lambda_c5860995281e5c4ce005b3de8f5874ee>@@$$QEAV<lambda_d90129c13df834fdcbf8d2b88dafcf2d>@@@Z 0000000180038fe0     libucrt:fflush.obj
 0004:00001fec       $pdata$?fin$0@?0???$?RV<lambda_842d9ff0dc9ef11c61343bbaebe7f885>@@AEAV<lambda_c5860995281e5c4ce005b3de8f5874ee>@@V<lambda_d90129c13df834fdcbf8d2b88dafcf2d>@@@?$__crt_seh_guarded_call@X@@QEAAX$$QEAV<lambda_842d9ff0dc9ef11c61343bbaebe7f885>@@AEAV<lambda_c5860995281e5c4ce005b3de8f5874ee>@@$$QEAV<lambda_d90129c13df834fdcbf8d2b88dafcf2d>@@@Z@4HA 0000000180038fec     libucrt:fflush.obj
 0004:00001ff8       $pdata$??$?RV<lambda_886d6c58226a84441f68b9f2b8217b83>@@AEAV<lambda_ab61a845afdef5b7c387490eaf3616ee>@@V<lambda_f7f22ab5edc0698d5f6905b0d3f44752>@@@?$__crt_seh_guarded_call@X@@QEAAX$$QEAV<lambda_886d6c58226a84441f68b9f2b8217b83>@@AEAV<lambda_ab61a845afdef5b7c387490eaf3616ee>@@$$QEAV<lambda_f7f22ab5edc0698d5f6905b0d3f44752>@@@Z 0000000180038ff8     libucrt:fflush.obj
 0004:00002004       $pdata$?fin$0@?0???$?RV<lambda_886d6c58226a84441f68b9f2b8217b83>@@AEAV<lambda_ab61a845afdef5b7c387490eaf3616ee>@@V<lambda_f7f22ab5edc0698d5f6905b0d3f44752>@@@?$__crt_seh_guarded_call@X@@QEAAX$$QEAV<lambda_886d6c58226a84441f68b9f2b8217b83>@@AEAV<lambda_ab61a845afdef5b7c387490eaf3616ee>@@$$QEAV<lambda_f7f22ab5edc0698d5f6905b0d3f44752>@@@Z@4HA 0000000180039004     libucrt:fflush.obj
 0004:00002010       $pdata$__pctype_func       0000000180039010     libucrt:ctype.obj
 0004:0000201c       $pdata$iswctype            000000018003901c     libucrt:iswctype.obj
 0004:00002028       $pdata$__acrt_release_locale_ref 0000000180039028     libucrt:locale_refcounting.obj
 0004:00002034       $pdata$__acrt_free_locale  0000000180039034     libucrt:locale_refcounting.obj
 0004:00002040       $pdata$__acrt_locale_free_lc_time_if_unreferenced 0000000180039040     libucrt:locale_refcounting.obj
 0004:0000204c       $pdata$__acrt_update_thread_locale_data 000000018003904c     libucrt:locale_refcounting.obj
 0004:00002058       $pdata$__acrt_update_thread_locale_data$fin$0 0000000180039058     libucrt:locale_refcounting.obj
 0004:00002064       $pdata$_updatetlocinfoEx_nolock 0000000180039064     libucrt:locale_refcounting.obj
 0004:00002070       $pdata$__acrt_DownlevelLocaleNameToLCID 0000000180039070     libucrt:lcidtoname_downlevel.obj
 0004:0000207c       $pdata$_isleadbyte_l       000000018003907c     libucrt:_wctype.obj
 0004:00002088       $pdata$?__mbrtowc_utf8@__crt_mbstring@@YA_KPEA_WPEBD_KPEAU_Mbstatet@@@Z 0000000180039088     libucrt:mbrtowc.obj
 0004:00002094       $pdata$?__mbsrtowcs_utf8@__crt_mbstring@@YA_KPEA_WPEAPEBD_KPEAU_Mbstatet@@@Z 0000000180039094     libucrt:mbrtowc.obj
 0004:000020a0       $pdata$__acrt_fp_strflt_to_string 00000001800390a0     libucrt:_fptostr.obj
 0004:000020ac       $pdata$memcpy_s            00000001800390ac     libucrt:cfout.obj
 0004:000020b8       $pdata$__acrt_fltout       00000001800390b8     libucrt:cfout.obj
 0004:000020c4       $pdata$?divide@__crt_strtox@@YA_KAEAUbig_integer@1@AEBU21@@Z 00000001800390c4     libucrt:cfout.obj
 0004:000020d0       $pdata$0$?divide@__crt_strtox@@YA_KAEAUbig_integer@1@AEBU21@@Z 00000001800390d0     libucrt:cfout.obj
 0004:000020dc       $pdata$1$?divide@__crt_strtox@@YA_KAEAUbig_integer@1@AEBU21@@Z 00000001800390dc     libucrt:cfout.obj
 0004:000020e8       $pdata$_fcloseall          00000001800390e8     libucrt:closeall.obj
 0004:000020f4       $pdata$_fcloseall$fin$0    00000001800390f4     libucrt:closeall.obj
 0004:00002100       $pdata$__acrt_stdio_free_buffer_nolock 0000000180039100     libucrt:_freebuf.obj
 0004:0000210c       $pdata$_isatty             000000018003910c     libucrt:isatty.obj
 0004:00002118       $pdata$__acrt_locale_free_monetary 0000000180039118     libucrt:initmon.obj
 0004:00002124       $pdata$__acrt_locale_free_numeric 0000000180039124     libucrt:initnum.obj
 0004:00002130       $pdata$__acrt_locale_free_time 0000000180039130     libucrt:inittime.obj
 0004:0000213c       $pdata$?free_crt_array_internal@@YAXQEAPEBX_K@Z 000000018003913c     libucrt:inittime.obj
 0004:00002148       $pdata$__acrt_GetStringTypeA 0000000180039148     libucrt:getstringtypea.obj
 0004:00002154       $pdata$_get_osfhandle      0000000180039154     libucrt:osfinfo.obj
 0004:00002160       $pdata$_free_osfhnd        0000000180039160     libucrt:osfinfo.obj
 0004:0000216c       $pdata$__acrt_lowio_create_handle_array 000000018003916c     libucrt:osfinfo.obj
 0004:00002178       $pdata$__acrt_lowio_destroy_handle_array 0000000180039178     libucrt:osfinfo.obj
 0004:00002184       $pdata$__acrt_lowio_ensure_fh_exists 0000000180039184     libucrt:osfinfo.obj
 0004:00002190       $pdata$qsort               0000000180039190     libucrt:qsort.obj
 0004:0000219c       $pdata$4$qsort             000000018003919c     libucrt:qsort.obj
 0004:000021a8       $pdata$5$qsort             00000001800391a8     libucrt:qsort.obj
 0004:000021b4       $pdata$strncpy_s           00000001800391b4     libucrt:strncpy_s.obj
 0004:000021c0       $pdata$strpbrk             00000001800391c0     libucrt:strpbrk.obj
 0004:000021cc       $pdata$fallbackMethod      00000001800391cc     libucrt:strpbrk.obj
 0004:000021d8       $pdata$_mbsdec_l           00000001800391d8     libucrt:mbsdec.obj
 0004:000021e4       $pdata$__acrt_LCMapStringA 00000001800391e4     libucrt:lcmapstringa.obj
 0004:000021f0       $pdata$?__acrt_LCMapStringA_stat@@YAHPEAU__crt_locale_pointers@@PEB_WKPEBDHPEADHHH@Z 00000001800391f0     libucrt:lcmapstringa.obj
 0004:000021fc       $pdata$?initialize_multibyte@@YAHXZ 00000001800391fc     libucrt:multibyte_initializer.obj
 0004:00002208       $pdata$_commit             0000000180039208     libucrt:commit.obj
 0004:00002214       $pdata$??$?RV<lambda_a37b2b86f63e897a80ea819b0eb08c01>@@AEAV<lambda_38ce7e780aa69e748d6df282ebc68efe>@@V<lambda_99fb1378e971ab6e7edea83e3a7a83a2>@@@?$__crt_seh_guarded_call@H@@QEAAH$$QEAV<lambda_a37b2b86f63e897a80ea819b0eb08c01>@@AEAV<lambda_38ce7e780aa69e748d6df282ebc68efe>@@$$QEAV<lambda_99fb1378e971ab6e7edea83e3a7a83a2>@@@Z 0000000180039214     libucrt:commit.obj
 0004:00002220       $pdata$?fin$0@?0???$?RV<lambda_751a882b2c74d4b022dec766aa51a29a>@@AEAV<lambda_628dfdc04ba53c8bfc02c9951375f3f5>@@V<lambda_f6c7be5f7998530c34de24c7437d6b54>@@@?$__crt_seh_guarded_call@H@@QEAAH$$QEAV<lambda_751a882b2c74d4b022dec766aa51a29a>@@AEAV<lambda_628dfdc04ba53c8bfc02c9951375f3f5>@@$$QEAV<lambda_f6c7be5f7998530c34de24c7437d6b54>@@@Z@4HA 0000000180039220     libucrt:close.obj
 0004:00002220       $pdata$?fin$0@?0???$?RV<lambda_a37b2b86f63e897a80ea819b0eb08c01>@@AEAV<lambda_38ce7e780aa69e748d6df282ebc68efe>@@V<lambda_99fb1378e971ab6e7edea83e3a7a83a2>@@@?$__crt_seh_guarded_call@H@@QEAAH$$QEAV<lambda_a37b2b86f63e897a80ea819b0eb08c01>@@AEAV<lambda_38ce7e780aa69e748d6df282ebc68efe>@@$$QEAV<lambda_99fb1378e971ab6e7edea83e3a7a83a2>@@@Z@4HA 0000000180039220     libucrt:commit.obj
 0004:0000222c       $pdata$_write              000000018003922c     libucrt:write.obj
 0004:00002238       $pdata$_write$fin$0        0000000180039238     libucrt:write.obj
 0004:00002244       $pdata$_write_nolock       0000000180039244     libucrt:write.obj
 0004:00002250       $pdata$?write_double_translated_ansi_nolock@@YA?AUwrite_result@?A0x17268360@@HQEBDI@Z 0000000180039250     libucrt:write.obj
 0004:0000225c       $pdata$?write_text_ansi_nolock@@YA?AUwrite_result@?A0x17268360@@HQEBDI@Z 000000018003925c     libucrt:write.obj
 0004:00002268       $pdata$?write_text_utf16le_nolock@@YA?AUwrite_result@?A0x17268360@@HQEBDI@Z 0000000180039268     libucrt:write.obj
 0004:00002274       $pdata$?write_text_utf8_nolock@@YA?AUwrite_result@?A0x17268360@@HQEBDI@Z 0000000180039274     libucrt:write.obj
 0004:00002280       $pdata$?__mbrtoc32_utf8@__crt_mbstring@@YA_KPEA_UPEBD_KPEAU_Mbstatet@@@Z 0000000180039280     libucrt:mbrtoc32.obj
 0004:0000228c       $pdata$fegetenv            000000018003928c     libucrt:fegetenv.obj
 0004:00002298       $pdata$fesetenv            0000000180039298     libucrt:fesetenv.obj
 0004:000022a4       $pdata$feholdexcept        00000001800392a4     libucrt:feholdexcept.obj
 0004:000022bc       $pdata$??$common_lseek_nolock@_J@@YA_JH_JH@Z 00000001800392bc     libucrt:lseek.obj
 0004:000022c8       $pdata$fclose              00000001800392c8     libucrt:fclose.obj
 0004:000022d4       $pdata$fclose$fin$0        00000001800392d4     libucrt:fclose.obj
 0004:000022e0       $pdata$_fclose_nolock      00000001800392e0     libucrt:fclose.obj
 0004:000022ec       $pdata$_putwch_nolock      00000001800392ec     libucrt:putwch.obj
 0004:000022f8       $pdata$__acrt_fenv_set_control 00000001800392f8     libucrt:_fenvutils.obj
 0004:00002304       $pdata$_clearfp            0000000180039304     libucrt:ieee.obj
 0004:00002310       $pdata$_call_matherr       0000000180039310     libucrt:libm_error.obj
 0004:0000231c       $pdata$_exception_enabled  000000018003931c     libucrt:libm_error.obj
 0004:00002328       $pdata$_handle_error       0000000180039328     libucrt:libm_error.obj
 0004:00002334       $pdata$__acrt_initialize_fma3 0000000180039334     libucrt:fma3_available.obj
 0004:00002340       $pdata$_log_special_common 0000000180039340     libucrt:log_special.obj
 0004:0000234c       $pdata$_log10_special      000000018003934c     libucrt:log_special.obj
 0004:00002358       $pdata$_close              0000000180039358     libucrt:close.obj
 0004:00002364       $pdata$_close_nolock       0000000180039364     libucrt:close.obj
 0004:00002370       $pdata$??$?RV<lambda_751a882b2c74d4b022dec766aa51a29a>@@AEAV<lambda_628dfdc04ba53c8bfc02c9951375f3f5>@@V<lambda_f6c7be5f7998530c34de24c7437d6b54>@@@?$__crt_seh_guarded_call@H@@QEAAH$$QEAV<lambda_751a882b2c74d4b022dec766aa51a29a>@@AEAV<lambda_628dfdc04ba53c8bfc02c9951375f3f5>@@$$QEAV<lambda_f6c7be5f7998530c34de24c7437d6b54>@@@Z 0000000180039370     libucrt:close.obj
 0004:0000237c       $pdata$__dcrt_lowio_ensure_console_output_initialized 000000018003937c     libucrt:initcon.obj
 0004:00002388       $pdata$__dcrt_write_console 0000000180039388     libucrt:initcon.obj
 0004:00002394       $pdata$__dcrt_terminate_console_output 0000000180039394     libucrt:initcon.obj
 0004:000023ac       $pdata$_set_errno_from_matherr 00000001800393ac     libucrt:fpexcept.obj
 0004:000023b8       $pdata$_raise_exc          00000001800393b8     libucrt:fpexcept.obj
 0004:000023c4       $pdata$_raise_exc_ex       00000001800393c4     libucrt:fpexcept.obj
 0004:000023d0       $pdata$_clrfp              00000001800393d0     libucrt:fpctrl.obj
 0004:000023dc       $pdata$_ctrlfp             00000001800393dc     libucrt:fpctrl.obj
 0004:000023e8       $pdata$_ctrlfp$filt$0      00000001800393e8     libucrt:fpctrl.obj
 0004:000023f4       $pdata$_statfp             00000001800393f4     libucrt:fpctrl.obj
 0004:00002400       $pdata$_set_statfp         0000000180039400     libucrt:fpctrl.obj
 0004:0000240c       $pdata$_IsNonwritableInCurrentImage 000000018003940c     LIBCMT:pesect.obj
 0004:00002418       $pdata$_IsNonwritableInCurrentImage$filt$0 0000000180039418     LIBCMT:pesect.obj
 0005:00000000       MoveSmall                  000000018003a000     libvcruntime:memcpy.obj
 0005:00000050       MsetTab                    000000018003a050     libvcruntime:memset.obj
 0006:00000220       $R000000                   000000018003b220     FiscalPrinter.res
 0006:00000bc8       $R0009A8                   000000018003bbc8     FiscalPrinter.res
 0006:00000cb0       $R000A90                   000000018003bcb0     FiscalPrinter.res
 0006:00000f18       $R000CF8                   000000018003bf18     FiscalPrinter.res
 0006:000014d0       $R0012B0                   000000018003c4d0     FiscalPrinter.res
 0006:000098d8       $R0096B8                   00000001800448d8     FiscalPrinter.res
 0006:00009918       $R0096F8                   0000000180044918     FiscalPrinter.res
