 OPOSKeylock

 Timestamp is 5defa98e (Tue Dec 10 23:19:58 2019)

 Preferred load address is 0000000180000000

 Start         Length     Name                   Class
 0001:00000000 000000c0H .text$di                CODE
 0001:000000c0 0001fae0H .text$mn                CODE
 0001:0001fba0 00000020H .text$mn$00             CODE
 0001:0001fbc0 00000490H .text$x                 CODE
 0001:00020050 00000078H .text$yd                CODE
 0002:00000000 00000618H .idata$5                DATA
 0002:00000618 00000010H .00cfg                  DATA
 0002:00000628 00000008H .CRT$XCA                DATA
 0002:00000630 00000008H .CRT$XCL                DATA
 0002:00000638 00000020H .CRT$XCU                DATA
 0002:00000658 00000008H .CRT$XCZ                DATA
 0002:00000660 00000008H .CRT$XIA                DATA
 0002:00000668 00000020H .CRT$XIC                DATA
 0002:00000688 00000008H .CRT$XIZ                DATA
 0002:00000690 00000008H .CRT$XLA                DATA
 0002:00000698 00000008H .CRT$XLZ                DATA
 0002:000006a0 00000008H .CRT$XPA                DATA
 0002:000006a8 00000010H .CRT$XPX                DATA
 0002:000006b8 00000008H .CRT$XPXA               DATA
 0002:000006c0 00000008H .CRT$XPZ                DATA
 0002:000006c8 00000008H .CRT$XTA                DATA
 0002:000006d0 00000010H .CRT$XTZ                DATA
 0002:000006d8 00000000H .gfids$y                DATA
 0002:000006e0 0000a318H .rdata                  DATA
 0002:0000a9f8 00000028H .rdata$T                DATA
 0002:0000aa20 00000274H .rdata$r                DATA
 0002:0000ac94 00000404H .rdata$zzzdbg           DATA
 0002:0000b098 00000008H .rtc$IAA                DATA
 0002:0000b0a0 00000008H .rtc$IZZ                DATA
 0002:0000b0a8 00000008H .rtc$TAA                DATA
 0002:0000b0b0 00000008H .rtc$TZZ                DATA
 0002:0000b0b8 00000004H .tls                    DATA
 0002:0000b0bc 00000004H .tls$                   DATA
 0002:0000b0c0 00000008H .tls$ZZZ                DATA
 0002:0000b0c8 000015f8H .xdata                  DATA
 0002:0000c6c0 00000150H .xdata$x                DATA
 0002:0000c810 00000008H ATL$__a                 DATA
 0002:0000c818 00000008H ATL$__z                 DATA
 0002:0000c820 000000a8H .edata                  DATA
 0002:0000c8c8 00000078H .idata$2                DATA
 0002:0000c940 00000018H .idata$3                DATA
 0002:0000c958 00000618H .idata$4                DATA
 0002:0000cf70 00000c24H .idata$6                DATA
 0003:00000000 00000d78H .data                   DATA
 0003:00000d78 000000c8H .data$r                 DATA
 0003:00000e40 0000140cH .bss                    DATA
 0004:00000000 00001dacH .pdata                  DATA
 0005:00000000 00000094H _RDATA                  DATA
 0006:00000000 00000220H .rsrc$01                DATA
 0006:00000220 000038e0H .rsrc$02                DATA

  Address         Publics by Value              Rva+Base               Lib:Object

 0000:00000000       __hybrid_code_map          0000000000000000     <absolute>
 0000:00000000       __guard_fids_count         0000000000000000     <absolute>
 0000:00000000       __volatile_metadata        0000000000000000     <absolute>
 0000:00000000       __guard_longjmp_count      0000000000000000     <absolute>
 0000:00000000       __guard_longjmp_table      0000000000000000     <absolute>
 0000:00000000       __hybrid_code_map_count    0000000000000000     <absolute>
 0000:00000000       __guard_iat_table          0000000000000000     <absolute>
 0000:00000000       __guard_iat_count          0000000000000000     <absolute>
 0000:00000000       ___safe_se_handler_count   0000000000000000     <absolute>
 0000:00000000       __enclave_config           0000000000000000     <absolute>
 0000:00000000       __AbsoluteZero             0000000000000000     <absolute>
 0000:00000000       ___safe_se_handler_table   0000000000000000     <absolute>
 0000:00000000       __guard_fids_table         0000000000000000     <absolute>
 0000:00000000       __hybrid_auxiliary_iat     0000000000000000     <absolute>
 0000:00000000       __dynamic_value_reloc_table 0000000000000000     <absolute>
 0000:00000100       __guard_flags              0000000000000100     <absolute>
 0000:00000000       __ImageBase                0000000180000000     <linker-defined>
 0001:000000c0       ?DupWide@_CW@@AEAAXXZ      00000001800010c0 f   CWString.obj
 0001:000000e8       ?cw_dup@@YAXPEBDAEAHAEAPEA_W1@Z 00000001800010e8 f   CWString.obj
 0001:000001c8       ?cw_memcpy@@YAHPEA_WPEBDH@Z 00000001800011c8 f   CWString.obj
 0001:00000214       ?cw_strcpy@@YAHPEA_WPEBD@Z 0000000180001214 f   CWString.obj
 0001:00000228       ??0CAtlComModule@ATL@@QEAA@XZ 0000000180001228 f i OposVariant.obj
 0001:000002a8       ??0CAtlWinModule@ATL@@QEAA@XZ 00000001800012a8 f i OposVariant.obj
 0001:00000314       ??0OposDispParms@@QEAA@PEAVOposVariant@@H@Z 0000000180001314 f   OposVariant.obj
 0001:000003bc       ??1OposDispParms@@QEAA@XZ  00000001800013bc f   OposVariant.obj
 0001:000003d4       ??_Estringdispid@CComTypeInfoHolder@ATL@@QEAAPEAXI@Z 00000001800013d4 f i OposVariant.obj
 0001:00000478       ?AtlWinModuleTerm@ATL@@YAJPEAU_ATL_WIN_MODULE70@1@PEAUHINSTANCE__@@@Z 0000000180001478 f i OposVariant.obj
 0001:00000528       ?ChangeBSTR@OposVariant@@QEAAXPEAPEA_WAEAJ@Z 0000000180001528 f   OposVariant.obj
 0001:00000588       ?ChangeLONG@OposVariant@@QEAAXPEAJAEAJ@Z 0000000180001588 f   OposVariant.obj
 0001:000005e4       ?GetLONG@OposVariant@@QEAAJXZ 00000001800015e4 f   OposVariant.obj
 0001:00000608       ?SetBSTR@OposVariant@@QEAAXPEA_WAEAJ@Z 0000000180001608 f   OposVariant.obj
 0001:00000648       ?SetBSTR_Copy@OposVariant@@QEAAXPEA_WAEAJ@Z 0000000180001648 f   OposVariant.obj
 0001:000006b8       ?SetBSTR_InOutPtr@OposVariant@@QEAA_NPEAPEA_WAEAJ@Z 00000001800016b8 f   OposVariant.obj
 0001:00000708       ?SetDispatch_Ptr@OposVariant@@QEAAXPEAUIDispatch@@AEAJ@Z 0000000180001708 f   OposVariant.obj
 0001:00000760       ?SetLONG@OposVariant@@QEAAXJ@Z 0000000180001760 f   OposVariant.obj
 0001:00000790       ?SetLONG_Ptr@OposVariant@@QEAAXPEAJAEAJ@Z 0000000180001790 f   OposVariant.obj
 0001:000007dc       ?SetString@OposVariant@@QEAAXPEB_WAEAJ@Z 00000001800017dc f   OposVariant.obj
 0001:00000840       ?SetVARIANT_BOOL@OposVariant@@QEAAXF@Z 0000000180001840 f   OposVariant.obj
 0001:00000878       ?Term@CAtlComModule@ATL@@QEAAXXZ 0000000180001878 f i OposVariant.obj
 0001:000008e8       ?_AtlInitializeCriticalSectionEx@ATL@@YAHPEAU_RTL_CRITICAL_SECTION@@KK@Z 00000001800018e8 f i OposVariant.obj
 0001:000008f0       ?_AtlRaiseException@ATL@@YAXKK@Z 00000001800018f0 f i OposVariant.obj
 0001:00000900       ?GetWindowProc@?$CWindowImplBaseT@VCWindow@ATL@@V?$CWinTraits@$0FGAAAAAA@$0A@@2@@ATL@@UEAAP6A_JPEAUHWND__@@I_K_J@ZXZ 0000000180001900 f i Keylock.obj
 0001:00000908       ?StartWindowProc@?$CWindowImplBaseT@VCWindow@ATL@@V?$CWinTraits@$0FGAAAAAA@$0A@@2@@ATL@@SA_JPEAUHWND__@@I_K_J@Z 0000000180001908 f i Keylock.obj
 0001:000009cc       _guard_check_icall_nop     00000001800019cc f i LIBCMT:guard_support.obj
 0001:000009cc       ?OnFinalMessage@?$CWindowImplBaseT@VCWindow@ATL@@V?$CWinTraits@$0FGAAAAAA@$0A@@2@@ATL@@UEAAXPEAUHWND__@@@Z 00000001800019cc f i Keylock.obj
 0001:000009cc       ?ObjectMain@CComObjectRootBase@ATL@@SAX_N@Z 00000001800019cc f i Keylock.obj
 0001:000009d0       ?GetTypeInfoCount@?$IDispatchImpl@UIOPOSKeylock@@$1?IID_IOPOSKeylock@@3U_GUID@@B$1?LIBID_OposKeylock_CCO@@3U3@B$00$0A@VCComTypeInfoHolder@ATL@@@ATL@@UEAAJPEAI@Z 00000001800019d0 f i Keylock.obj
 0001:000009e4       ?GetTypeInfo@?$IDispatchImpl@UIOPOSKeylock@@$1?IID_IOPOSKeylock@@3U_GUID@@B$1?LIBID_OposKeylock_CCO@@3U3@B$00$0A@VCComTypeInfoHolder@ATL@@@ATL@@UEAAJIKPEAPEAUITypeInfo@@@Z 00000001800019e4 f i Keylock.obj
 0001:00000a48       ?GetIDsOfNames@?$IDispatchImpl@UIOPOSKeylock@@$1?IID_IOPOSKeylock@@3U_GUID@@B$1?LIBID_OposKeylock_CCO@@3U3@B$00$0A@VCComTypeInfoHolder@ATL@@@ATL@@UEAAJAEBU_GUID@@PEAPEA_WIKPEAJ@Z 0000000180001a48 f i Keylock.obj
 0001:00000a54       ?Invoke@?$IDispatchImpl@UIOPOSKeylock@@$1?IID_IOPOSKeylock@@3U_GUID@@B$1?LIBID_OposKeylock_CCO@@3U3@B$00$0A@VCComTypeInfoHolder@ATL@@@ATL@@UEAAJJAEBU_GUID@@KGPEAUtagDISPPARAMS@@PEAUtagVARIANT@@PEAUtagEXCEPINFO@@PEAI@Z 0000000180001a54 f i Keylock.obj
 0001:00000ae4       ?CreateControlWindow@?$CComControl@VCOPOSKeylock@@V?$CWindowImpl@VCOPOSKeylock@@VCWindow@ATL@@V?$CWinTraits@$0FGAAAAAA@$0A@@3@@ATL@@@ATL@@UEAAPEAUHWND__@@PEAU3@AEAUtagRECT@@@Z 0000000180001ae4 f i Keylock.obj
 0001:00000b1c       ?ControlQueryInterface@?$CComControl@VCOPOSKeylock@@V?$CWindowImpl@VCOPOSKeylock@@VCWindow@ATL@@V?$CWinTraits@$0FGAAAAAA@$0A@@3@@ATL@@@ATL@@UEAAJAEBU_GUID@@PEAPEAX@Z 0000000180001b1c f i Keylock.obj
 0001:00000b30       ?GetClassID@?$IPersistStreamInitImpl@VCOPOSKeylock@@@ATL@@UEAAJPEAU_GUID@@@Z 0000000180001b30 f i Keylock.obj
 0001:00000b30       ?GetUserClassID@?$IOleObjectImpl@VCOPOSKeylock@@@ATL@@UEAAJPEAU_GUID@@@Z 0000000180001b30 f i Keylock.obj
 0001:00000b30       ?GetClassID@?$IPersistStorageImpl@VCOPOSKeylock@@@ATL@@UEAAJPEAU_GUID@@@Z 0000000180001b30 f i Keylock.obj
 0001:00000b4c       ?IsDirty@?$IPersistStreamInitImpl@VCOPOSKeylock@@@ATL@@UEAAJXZ 0000000180001b4c f i Keylock.obj
 0001:00000b68       ?Load@?$IPersistStreamInitImpl@VCOPOSKeylock@@@ATL@@UEAAJPEAUIStream@@@Z 0000000180001b68 f i Keylock.obj
 0001:00000b80       ?Save@?$IPersistStreamInitImpl@VCOPOSKeylock@@@ATL@@UEAAJPEAUIStream@@H@Z 0000000180001b80 f i Keylock.obj
 0001:00000b98       ?GetSizeMax@?$IPersistStreamInitImpl@VCOPOSKeylock@@@ATL@@UEAAJPEAT_ULARGE_INTEGER@@@Z 0000000180001b98 f i Keylock.obj
 0001:00000dc4       ?InitNew@?$IPersistStreamInitImpl@VCOPOSKeylock@@@ATL@@UEAAJXZ 0000000180001dc4 f i Keylock.obj
 0001:00000ddc       ?QueryInterface@CRegObject@ATL@@UEAAJAEBU_GUID@@PEAPEAX@Z 0000000180001ddc f i Keylock.obj
 0001:00000ddc       ?ContextSensitiveHelp@?$IOleInPlaceActiveObjectImpl@VCOPOSKeylock@@@ATL@@UEAAJH@Z 0000000180001ddc f i Keylock.obj
 0001:00000ddc       ?QueryGetData@?$IDataObjectImpl@VCOPOSKeylock@@@ATL@@UEAAJPEAUtagFORMATETC@@@Z 0000000180001ddc f i Keylock.obj
 0001:00000ddc       ?ReactivateAndUndo@?$IOleInPlaceObjectWindowlessImpl@VCOPOSKeylock@@@ATL@@UEAAJXZ 0000000180001ddc f i Keylock.obj
 0001:00000ddc       ?SODataDummy@COPOSKeylock@@MEAAJJ@Z 0000000180001ddc f i Keylock.obj
 0001:00000ddc       ?OnMnemonic@?$IOleControlImpl@VCOPOSKeylock@@@ATL@@UEAAJPEAUtagMSG@@@Z 0000000180001ddc f i Keylock.obj
 0001:00000ddc       ?InitFromData@?$IOleObjectImpl@VCOPOSKeylock@@@ATL@@UEAAJPEAUIDataObject@@HK@Z 0000000180001ddc f i Keylock.obj
 0001:00000ddc       ?GetControlInfo@?$IOleControlImpl@VCOPOSKeylock@@@ATL@@UEAAJPEAUtagCONTROLINFO@@@Z 0000000180001ddc f i Keylock.obj
 0001:00000ddc       ?SetData@?$IDataObjectImpl@VCOPOSKeylock@@@ATL@@UEAAJPEAUtagFORMATETC@@PEAUtagSTGMEDIUM@@H@Z 0000000180001ddc f i Keylock.obj
 0001:00000ddc       ?SOOutputCompleteDummy@COPOSKeylock@@MEAAJJ@Z 0000000180001ddc f i Keylock.obj
 0001:00000ddc       ?EnumFormatEtc@?$IDataObjectImpl@VCOPOSKeylock@@@ATL@@UEAAJKPEAPEAUIEnumFORMATETC@@@Z 0000000180001ddc f i Keylock.obj
 0001:00000ddc       ?GetClipboardData@?$IOleObjectImpl@VCOPOSKeylock@@@ATL@@UEAAJKPEAPEAUIDataObject@@@Z 0000000180001ddc f i Keylock.obj
 0001:00000ddc       ?GetDataHere@?$IDataObjectImpl@VCOPOSKeylock@@@ATL@@UEAAJPEAUtagFORMATETC@@PEAUtagSTGMEDIUM@@@Z 0000000180001ddc f i Keylock.obj
 0001:00000ddc       ?GetMoniker@?$IOleObjectImpl@VCOPOSKeylock@@@ATL@@UEAAJKKPEAPEAUIMoniker@@@Z 0000000180001ddc f i Keylock.obj
 0001:00000ddc       ?GetColorSet@?$IViewObjectExImpl@VCOPOSKeylock@@@ATL@@UEAAJKJPEAXPEAUtagDVTARGETDEVICE@@PEAUHDC__@@PEAPEAUtagLOGPALETTE@@@Z 0000000180001ddc f i Keylock.obj
 0001:00000ddc       ?SetColorScheme@?$IOleObjectImpl@VCOPOSKeylock@@@ATL@@UEAAJPEAUtagLOGPALETTE@@@Z 0000000180001ddc f i Keylock.obj
 0001:00000ddc       ?SOErrorDummy@COPOSKeylock@@MEAAJJJJPEAJ@Z 0000000180001ddc f i Keylock.obj
 0001:00000ddc       ?ContextSensitiveHelp@?$IOleInPlaceObjectWindowlessImpl@VCOPOSKeylock@@@ATL@@UEAAJH@Z 0000000180001ddc f i Keylock.obj
 0001:00000ddc       ?GetDropTarget@?$IOleInPlaceObjectWindowlessImpl@VCOPOSKeylock@@@ATL@@UEAAJPEAPEAUIDropTarget@@@Z 0000000180001ddc f i Keylock.obj
 0001:00000ddc       ?SetMoniker@?$IOleObjectImpl@VCOPOSKeylock@@@ATL@@UEAAJKPEAUIMoniker@@@Z 0000000180001ddc f i Keylock.obj
 0001:00000ddc       ?GetCanonicalFormatEtc@?$IDataObjectImpl@VCOPOSKeylock@@@ATL@@UEAAJPEAUtagFORMATETC@@0@Z 0000000180001ddc f i Keylock.obj
 0001:00000ddc       ?Freeze@?$IViewObjectExImpl@VCOPOSKeylock@@@ATL@@UEAAJKJPEAXPEAK@Z 0000000180001ddc f i Keylock.obj
 0001:00000ddc       ?Unfreeze@?$IViewObjectExImpl@VCOPOSKeylock@@@ATL@@UEAAJK@Z 0000000180001ddc f i Keylock.obj
 0001:00000ddc       ?GetRect@?$IViewObjectExImpl@VCOPOSKeylock@@@ATL@@UEAAJKPEAU_RECTL@@@Z 0000000180001ddc f i Keylock.obj
 0001:00000de4       ?Release@CRegObject@ATL@@UEAAKXZ 0000000180001de4 f i Keylock.obj
 0001:00000de4       ?EnableModeless@?$IOleInPlaceActiveObjectImpl@VCOPOSKeylock@@@ATL@@UEAAJH@Z 0000000180001de4 f i Keylock.obj
 0001:00000de4       ?OnAmbientPropertyChange@?$IOleControlImpl@VCOPOSKeylock@@@ATL@@UEAAJJ@Z 0000000180001de4 f i Keylock.obj
 0001:00000de4       ?ResizeBorder@?$IOleInPlaceActiveObjectImpl@VCOPOSKeylock@@@ATL@@UEAAJPEBUtagRECT@@PEAUIOleInPlaceUIWindow@@H@Z 0000000180001de4 f i Keylock.obj
 0001:00000de4       ?Update@?$IOleObjectImpl@VCOPOSKeylock@@@ATL@@UEAAJXZ 0000000180001de4 f i Keylock.obj
 0001:00000de4       ?SaveCompleted@?$IPersistStorageImpl@VCOPOSKeylock@@@ATL@@UEAAJPEAUIStorage@@@Z 0000000180001de4 f i Keylock.obj
 0001:00000de4       ?GetObjectDescription@?$CComCoClass@VCOPOSKeylock@@$1?CLSID_OPOSKeylock@@3U_GUID@@B@ATL@@SAPEB_WXZ 0000000180001de4 f i Keylock.obj
 0001:00000de4       ?SetHostNames@?$IOleObjectImpl@VCOPOSKeylock@@@ATL@@UEAAJPEB_W0@Z 0000000180001de4 f i Keylock.obj
 0001:00000de4       ?HandsOffStorage@?$IPersistStorageImpl@VCOPOSKeylock@@@ATL@@UEAAJXZ 0000000180001de4 f i Keylock.obj
 0001:00000de4       ?GetCategoryMap@CComObjectRootBase@ATL@@SAPEBU_ATL_CATMAP_ENTRY@2@XZ 0000000180001de4 f i Keylock.obj
 0001:00000de4       ?IsUpToDate@?$IOleObjectImpl@VCOPOSKeylock@@@ATL@@UEAAJXZ 0000000180001de4 f i Keylock.obj
 0001:00000de4       ?OnFrameWindowActivate@?$IOleInPlaceActiveObjectImpl@VCOPOSKeylock@@@ATL@@UEAAJH@Z 0000000180001de4 f i Keylock.obj
 0001:00000de8       ?SetClientSite@?$IOleObjectImpl@VCOPOSKeylock@@@ATL@@UEAAJPEAUIOleClientSite@@@Z 0000000180001de8 f i Keylock.obj
 0001:00000e04       ?GetClientSite@?$IOleObjectImpl@VCOPOSKeylock@@@ATL@@UEAAJPEAPEAUIOleClientSite@@@Z 0000000180001e04 f i Keylock.obj
 0001:00000e4c       ?Close@?$IOleObjectImpl@VCOPOSKeylock@@@ATL@@UEAAJK@Z 0000000180001e4c f i Keylock.obj
 0001:00000e68       ?DoVerb@?$IOleObjectImpl@VCOPOSKeylock@@@ATL@@UEAAJJPEAUtagMSG@@PEAUIOleClientSite@@JPEAUHWND__@@PEBUtagRECT@@@Z 0000000180001e68 f i Keylock.obj
 0001:0000100c       ?EnumVerbs@?$IOleObjectImpl@VCOPOSKeylock@@@ATL@@UEAAJPEAPEAUIEnumOLEVERB@@@Z 000000018000200c f i Keylock.obj
 0001:00001028       ?GetUserType@?$IOleObjectImpl@VCOPOSKeylock@@@ATL@@UEAAJKPEAPEA_W@Z 0000000180002028 f i Keylock.obj
 0001:00001038       ?SetExtent@?$IOleObjectImpl@VCOPOSKeylock@@@ATL@@UEAAJKPEAUtagSIZE@@@Z 0000000180002038 f i Keylock.obj
 0001:00001054       ?GetExtent@?$IOleObjectImpl@VCOPOSKeylock@@@ATL@@UEAAJKPEAUtagSIZE@@@Z 0000000180002054 f i Keylock.obj
 0001:00001084       ?Advise@?$IOleObjectImpl@VCOPOSKeylock@@@ATL@@UEAAJPEAUIAdviseSink@@PEAK@Z 0000000180002084 f i Keylock.obj
 0001:000010e0       ?Unadvise@?$IOleObjectImpl@VCOPOSKeylock@@@ATL@@UEAAJK@Z 00000001800020e0 f i Keylock.obj
 0001:00001118       ?EnumAdvise@?$IOleObjectImpl@VCOPOSKeylock@@@ATL@@UEAAJPEAPEAUIEnumSTATDATA@@@Z 0000000180002118 f i Keylock.obj
 0001:00001160       ?GetMiscStatus@?$IOleObjectImpl@VCOPOSKeylock@@@ATL@@UEAAJKPEAK@Z 0000000180002160 f i Keylock.obj
 0001:00001170       ?GetWindow@?$IOleInPlaceActiveObjectImpl@VCOPOSKeylock@@@ATL@@UEAAJPEAPEAUHWND__@@@Z 0000000180002170 f i Keylock.obj
 0001:000011c4       ?TranslateAcceleratorW@?$IOleInPlaceActiveObjectImpl@VCOPOSKeylock@@@ATL@@UEAAJPEAUtagMSG@@@Z 00000001800021c4 f i Keylock.obj
 0001:000012b8       ?OnDocWindowActivate@?$IOleInPlaceActiveObjectImpl@VCOPOSKeylock@@@ATL@@UEAAJH@Z 00000001800022b8 f i Keylock.obj
 0001:000012e4       ?Draw@?$IViewObjectExImpl@VCOPOSKeylock@@@ATL@@UEAAJKJPEAXPEAUtagDVTARGETDEVICE@@PEAUHDC__@@2PEBU_RECTL@@3P6AH_K@Z4@Z 00000001800022e4 f i Keylock.obj
 0001:00001348       ?SetAdvise@?$IViewObjectExImpl@VCOPOSKeylock@@@ATL@@UEAAJKKPEAUIAdviseSink@@@Z 0000000180002348 f i Keylock.obj
 0001:0000139c       ?GetAdvise@?$IViewObjectExImpl@VCOPOSKeylock@@@ATL@@UEAAJPEAK0PEAPEAUIAdviseSink@@@Z 000000018000239c f i Keylock.obj
 0001:000013d8       ?GetExtent@?$IViewObjectExImpl@VCOPOSKeylock@@@ATL@@UEAAJKJPEAUtagDVTARGETDEVICE@@PEAUtagSIZE@@@Z 00000001800023d8 f i Keylock.obj
 0001:00001408       ?GetViewStatus@?$IViewObjectExImpl@VCOPOSKeylock@@@ATL@@UEAAJPEAK@Z 0000000180002408 f i Keylock.obj
 0001:0000141c       ?QueryHitPoint@?$IViewObjectExImpl@VCOPOSKeylock@@@ATL@@UEAAJKPEBUtagRECT@@UtagPOINT@@JPEAK@Z 000000018000241c f i Keylock.obj
 0001:00001460       ?QueryHitRect@?$IViewObjectExImpl@VCOPOSKeylock@@@ATL@@UEAAJKPEBUtagRECT@@0JPEAK@Z 0000000180002460 f i Keylock.obj
 0001:000014c8       ?GetNaturalExtent@?$IViewObjectExImpl@VCOPOSKeylock@@@ATL@@UEAAJKJPEAUtagDVTARGETDEVICE@@PEAUHDC__@@PEAUtagExtentInfo@@PEAUtagSIZE@@@Z 00000001800024c8 f i Keylock.obj
 0001:00001510       ?GetWindow@?$IOleInPlaceObjectWindowlessImpl@VCOPOSKeylock@@@ATL@@UEAAJPEAPEAUHWND__@@@Z 0000000180002510 f i Keylock.obj
 0001:00001564       ?InPlaceDeactivate@?$IOleInPlaceObjectWindowlessImpl@VCOPOSKeylock@@@ATL@@UEAAJXZ 0000000180002564 f i Keylock.obj
 0001:00001580       ?UIDeactivate@?$IOleInPlaceObjectWindowlessImpl@VCOPOSKeylock@@@ATL@@UEAAJXZ 0000000180002580 f i Keylock.obj
 0001:0000159c       ?SetObjectRects@?$IOleInPlaceObjectWindowlessImpl@VCOPOSKeylock@@@ATL@@UEAAJPEBUtagRECT@@0@Z 000000018000259c f i Keylock.obj
 0001:000015b8       ?OnWindowMessage@?$IOleInPlaceObjectWindowlessImpl@VCOPOSKeylock@@@ATL@@UEAAJI_K_JPEA_J@Z 00000001800025b8 f i Keylock.obj
 0001:00001680       ?EnumConnectionPoints@?$IConnectionPointContainerImpl@VCOPOSKeylock@@@ATL@@UEAAJPEAPEAUIEnumConnectionPoints@@@Z 0000000180002680 f i Keylock.obj
 0001:000018c4       ?FindConnectionPoint@?$IConnectionPointContainerImpl@VCOPOSKeylock@@@ATL@@UEAAJAEBU_GUID@@PEAPEAUIConnectionPoint@@@Z 00000001800028c4 f i Keylock.obj
 0001:00001994       ?IsDirty@?$IPersistStorageImpl@VCOPOSKeylock@@@ATL@@UEAAJXZ 0000000180002994 f i Keylock.obj
 0001:000019d8       ?InitNew@?$IPersistStorageImpl@VCOPOSKeylock@@@ATL@@UEAAJPEAUIStorage@@@Z 00000001800029d8 f i Keylock.obj
 0001:00001a1c       ?Load@?$IPersistStorageImpl@VCOPOSKeylock@@@ATL@@UEAAJPEAUIStorage@@@Z 0000000180002a1c f i Keylock.obj
 0001:00001abc       ?Save@?$IPersistStorageImpl@VCOPOSKeylock@@@ATL@@UEAAJPEAUIStorage@@H@Z 0000000180002abc f i Keylock.obj
 0001:00001b6c       ?GetPages@?$ISpecifyPropertyPagesImpl@VCOPOSKeylock@@@ATL@@UEAAJPEAUtagCAUUID@@@Z 0000000180002b6c f i Keylock.obj
 0001:00001b78       ?QuickActivate@?$IQuickActivateImpl@VCOPOSKeylock@@@ATL@@UEAAJPEAUtagQACONTAINER@@PEAUtagQACONTROL@@@Z 0000000180002b78 f i Keylock.obj
 0001:00001b94       ?SetContentExtent@?$IQuickActivateImpl@VCOPOSKeylock@@@ATL@@UEAAJPEAUtagSIZE@@@Z 0000000180002b94 f i Keylock.obj
 0001:00001bc8       ?GetContentExtent@?$IQuickActivateImpl@VCOPOSKeylock@@@ATL@@UEAAJPEAUtagSIZE@@@Z 0000000180002bc8 f i Keylock.obj
 0001:00001c00       ?GetData@?$IDataObjectImpl@VCOPOSKeylock@@@ATL@@UEAAJPEAUtagFORMATETC@@PEAUtagSTGMEDIUM@@@Z 0000000180002c00 f i Keylock.obj
 0001:00001c1c       ?DAdvise@?$IDataObjectImpl@VCOPOSKeylock@@@ATL@@UEAAJPEAUtagFORMATETC@@KPEAUIAdviseSink@@PEAK@Z 0000000180002c1c f i Keylock.obj
 0001:00001ca4       ?DUnadvise@?$IDataObjectImpl@VCOPOSKeylock@@@ATL@@UEAAJK@Z 0000000180002ca4 f i Keylock.obj
 0001:00001cd0       ?EnumDAdvise@?$IDataObjectImpl@VCOPOSKeylock@@@ATL@@UEAAJPEAPEAUIEnumSTATDATA@@@Z 0000000180002cd0 f i Keylock.obj
 0001:00001d0c       ?GetClassInfoW@?$IProvideClassInfo2Impl@$1?CLSID_OPOSKeylock@@3U_GUID@@B$1?DIID__IOPOSKeylockEvents@@3U2@B$1?LIBID_OposKeylock_CCO@@3U2@B$00$0A@VCComTypeInfoHolder@ATL@@@ATL@@UEAAJPEAPEAUITypeInfo@@@Z 0000000180002d0c f i Keylock.obj
 0001:00001d64       ?GetGUID@?$IProvideClassInfo2Impl@$1?CLSID_OPOSKeylock@@3U_GUID@@B$1?DIID__IOPOSKeylockEvents@@3U2@B$1?LIBID_OposKeylock_CCO@@3U2@B$00$0A@VCComTypeInfoHolder@ATL@@@ATL@@UEAAJKPEAU_GUID@@@Z 0000000180002d64 f i Keylock.obj
 0001:00001d98       ?AddRef@CRegObject@ATL@@UEAAKXZ 0000000180002d98 f i Keylock.obj
 0001:00001d98       _get_startup_argv_mode     0000000180002d98 f i LIBCMT:argv_mode.obj
 0001:00001d98       ?FAccessAllowed@?$IObjectSafetyImpl@VCOPOSKeylock@@$02@ATL@@MEAAHXZ 0000000180002d98 f i Keylock.obj
 0001:00001da0       ?GetInterfaceSafetyOptions@?$IObjectSafetyImpl@VCOPOSKeylock@@$02@ATL@@UEAAJAEBU_GUID@@PEAK1@Z 0000000180002da0 f i Keylock.obj
 0001:00001e34       ?SetInterfaceSafetyOptions@?$IObjectSafetyImpl@VCOPOSKeylock@@$02@ATL@@UEAAJAEBU_GUID@@KK@Z 0000000180002e34 f i Keylock.obj
 0001:00001ed8       ?_LocCPQueryInterface@?$IConnectionPointImpl@VCOPOSKeylock@@$1?IID_IPropertyNotifySink@@3U_GUID@@BVCComDynamicUnkArray@ATL@@@ATL@@UEAAJAEBU_GUID@@PEAPEAX@Z 0000000180002ed8 f i Keylock.obj
 0001:00001ed8       ?_LocCPQueryInterface@?$IConnectionPointImpl@VCOPOSKeylock@@$1?DIID__IOPOSKeylockEvents@@3U_GUID@@BVCComDynamicUnkArray@ATL@@@ATL@@UEAAJAEBU_GUID@@PEAPEAX@Z 0000000180002ed8 f i Keylock.obj
 0001:00001f4c       ?GetConnectionInterface@?$IConnectionPointImpl@VCOPOSKeylock@@$1?IID_IPropertyNotifySink@@3U_GUID@@BVCComDynamicUnkArray@ATL@@@ATL@@UEAAJPEAU_GUID@@@Z 0000000180002f4c f i Keylock.obj
 0001:00001f68       ?GetConnectionPointContainer@?$IConnectionPointImpl@VCOPOSKeylock@@$1?IID_IPropertyNotifySink@@3U_GUID@@BVCComDynamicUnkArray@ATL@@@ATL@@UEAAJPEAPEAUIConnectionPointContainer@@@Z 0000000180002f68 f i Keylock.obj
 0001:00001f88       ?Advise@?$IConnectionPointImpl@VCOPOSKeylock@@$1?DIID__IOPOSKeylockEvents@@3U_GUID@@BVCComDynamicUnkArray@ATL@@@ATL@@UEAAJPEAUIUnknown@@PEAK@Z 0000000180002f88 f i Keylock.obj
 0001:00001f88       ?Advise@?$IConnectionPointImpl@VCOPOSKeylock@@$1?IID_IPropertyNotifySink@@3U_GUID@@BVCComDynamicUnkArray@ATL@@@ATL@@UEAAJPEAUIUnknown@@PEAK@Z 0000000180002f88 f i Keylock.obj
 0001:00002048       ?Unadvise@?$IConnectionPointImpl@VCOPOSKeylock@@$1?IID_IPropertyNotifySink@@3U_GUID@@BVCComDynamicUnkArray@ATL@@@ATL@@UEAAJK@Z 0000000180003048 f i Keylock.obj
 0001:00002048       ?Unadvise@?$IConnectionPointImpl@VCOPOSKeylock@@$1?DIID__IOPOSKeylockEvents@@3U_GUID@@BVCComDynamicUnkArray@ATL@@@ATL@@UEAAJK@Z 0000000180003048 f i Keylock.obj
 0001:000020c4       ?EnumConnections@?$IConnectionPointImpl@VCOPOSKeylock@@$1?IID_IPropertyNotifySink@@3U_GUID@@BVCComDynamicUnkArray@ATL@@@ATL@@UEAAJPEAPEAUIEnumConnections@@@Z 00000001800030c4 f i Keylock.obj
 0001:000020c4       ?EnumConnections@?$IConnectionPointImpl@VCOPOSKeylock@@$1?DIID__IOPOSKeylockEvents@@3U_GUID@@BVCComDynamicUnkArray@ATL@@@ATL@@UEAAJPEAPEAUIEnumConnections@@@Z 00000001800030c4 f i Keylock.obj
 0001:0000227c       ?GetConnectionInterface@?$IConnectionPointImpl@VCOPOSKeylock@@$1?DIID__IOPOSKeylockEvents@@3U_GUID@@BVCComDynamicUnkArray@ATL@@@ATL@@UEAAJPEAU_GUID@@@Z 000000018000327c f i Keylock.obj
 0001:00002298       ?GetConnectionPointContainer@?$IConnectionPointImpl@VCOPOSKeylock@@$1?DIID__IOPOSKeylockEvents@@3U_GUID@@BVCComDynamicUnkArray@ATL@@@ATL@@UEAAJPEAPEAUIConnectionPointContainer@@@Z 0000000180003298 f i Keylock.obj
 0001:000022b8       ?UpdateRegistry@COPOSKeylock@@SAJH@Z 00000001800032b8 f i Keylock.obj
 0001:000022d0       ?ProcessWindowMessage@COPOSKeylock@@UEAAHPEAUHWND__@@I_K_JAEA_JK@Z 00000001800032d0 f i Keylock.obj
 0001:00002358       ?SODirectIO@COPOSKeylock@@MEAAJJPEAJPEAPEA_W@Z 0000000180003358 f i Keylock.obj
 0001:000023d0       ?SOStatusUpdate@COPOSKeylock@@MEAAJJ@Z 00000001800033d0 f i Keylock.obj
 0001:00002420       ?Lock@CAtlModule@ATL@@UEAAJXZ 0000000180003420 f i Keylock.obj
 0001:00002430       ?Unlock@CAtlModule@ATL@@UEAAJXZ 0000000180003430 f i Keylock.obj
 0001:0000243c       ?GetLockCount@CAtlModule@ATL@@UEAAJXZ 000000018000343c f i Keylock.obj
 0001:00002440       ?GetGITPtr@CAtlModule@ATL@@UEAAJPEAPEAUIGlobalInterfaceTable@@@Z 0000000180003440 f i Keylock.obj
 0001:000024b0       ?CreateInstance@?$CComCreator@V?$CComObjectCached@VCComClassFactory@ATL@@@ATL@@@ATL@@SAJPEAXAEBU_GUID@@PEAPEAX@Z 00000001800034b0 f i Keylock.obj
 0001:000025dc       ?CreateInstance@?$CComCreator2@V?$CComCreator@V?$CComObject@VCOPOSKeylock@@@ATL@@@ATL@@V?$CComCreator@V?$CComAggObject@VCOPOSKeylock@@@ATL@@@2@@ATL@@SAJPEAXAEBU_GUID@@PEAPEAX@Z 00000001800035dc f i Keylock.obj
 0001:000025ec       ?AddRef@?$CComObjectCached@VCComClassFactory@ATL@@@ATL@@UEAAKXZ 00000001800035ec f i Keylock.obj
 0001:00002618       ?Release@?$CComObjectCached@VCComClassFactory@ATL@@@ATL@@UEAAKXZ 0000000180003618 f i Keylock.obj
 0001:00002658       ?QueryInterface@?$CComObjectCached@VCComClassFactory@ATL@@@ATL@@UEAAJAEBU_GUID@@PEAPEAX@Z 0000000180003658 f i Keylock.obj
 0001:0000266c       ??_E?$CComObjectCached@VCComClassFactory@ATL@@@ATL@@UEAAPEAXI@Z 000000018000366c f i Keylock.obj
 0001:0000266c       ??_G?$CComObjectCached@VCComClassFactory@ATL@@@ATL@@UEAAPEAXI@Z 000000018000366c f i Keylock.obj
 0001:000026c4       ?AddCommonRGSReplacements@?$CAtlModuleT@VCComModule@ATL@@@ATL@@UEAAJPEAUIRegistrarBase@@@Z 00000001800036c4 f i Keylock.obj
 0001:000026dc       ?UpdateRegistryFromResourceD@CComModule@ATL@@UEAAJPEB_WHPEAU_ATL_REGMAP_ENTRY@2@@Z 00000001800036dc f i Keylock.obj
 0001:000026dc       ?UpdateRegistryFromResourceD@CComModule@ATL@@UEAAJIHPEAU_ATL_REGMAP_ENTRY@2@@Z 00000001800036dc f i Keylock.obj
 0001:000026e4       ?UpdateRegistryFromResource@CComModule@ATL@@UEAAJPEB_WHPEAU_ATL_REGMAP_ENTRY@2@@Z 00000001800036e4 f i Keylock.obj
 0001:000026ec       ?UpdateRegistryFromResource@CComModule@ATL@@UEAAJIHPEAU_ATL_REGMAP_ENTRY@2@@Z 00000001800036ec f i Keylock.obj
 0001:000026f4       ?Next@?$CComEnumImpl@UIEnumConnectionPoints@@$1?_GUID_b196b285_bab4_101a_b69c_00aa00341d07@@3U__s_GUID@@BPEAUIConnectionPoint@@V?$_CopyInterface@UIConnectionPoint@@@ATL@@@ATL@@UEAAJKPEAPEAUIConnectionPoint@@PEAK@Z 00000001800036f4 f i Keylock.obj
 0001:000027c0       ?Skip@?$CComEnumImpl@UIEnumConnectionPoints@@$1?_GUID_b196b285_bab4_101a_b69c_00aa00341d07@@3U__s_GUID@@BPEAUIConnectionPoint@@V?$_CopyInterface@UIConnectionPoint@@@ATL@@@ATL@@UEAAJK@Z 00000001800037c0 f i Keylock.obj
 0001:000027ec       ?Reset@?$CComEnumImpl@UIEnumConnections@@$1?_GUID_b196b287_bab4_101a_b69c_00aa00341d07@@3U__s_GUID@@BUtagCONNECTDATA@@V?$_Copy@UtagCONNECTDATA@@@ATL@@@ATL@@UEAAJXZ 00000001800037ec f i Keylock.obj
 0001:000027ec       ?Reset@?$CComEnumImpl@UIEnumConnectionPoints@@$1?_GUID_b196b285_bab4_101a_b69c_00aa00341d07@@3U__s_GUID@@BPEAUIConnectionPoint@@V?$_CopyInterface@UIConnectionPoint@@@ATL@@@ATL@@UEAAJXZ 00000001800037ec f i Keylock.obj
 0001:000027f8       ?Clone@?$CComEnumImpl@UIEnumConnectionPoints@@$1?_GUID_b196b285_bab4_101a_b69c_00aa00341d07@@3U__s_GUID@@BPEAUIConnectionPoint@@V?$_CopyInterface@UIConnectionPoint@@@ATL@@@ATL@@UEAAJPEAPEAUIEnumConnectionPoints@@@Z 00000001800037f8 f i Keylock.obj
 0001:00002924       ??_ECComModule@ATL@@UEAAPEAXI@Z 0000000180003924 f i Keylock.obj
 0001:00002924       ??_GCComModule@ATL@@UEAAPEAXI@Z 0000000180003924 f i Keylock.obj
 0001:00002964       ?AddRef@?$CComObject@V?$CComEnum@UIEnumConnections@@$1?_GUID_b196b287_bab4_101a_b69c_00aa00341d07@@3U__s_GUID@@BUtagCONNECTDATA@@V?$_Copy@UtagCONNECTDATA@@@ATL@@VCComSingleThreadModel@6@@ATL@@@ATL@@UEAAKXZ 0000000180003964 f i Keylock.obj
 0001:00002964       ?AddRef@?$CComObject@V?$CComEnum@UIEnumConnectionPoints@@$1?_GUID_b196b285_bab4_101a_b69c_00aa00341d07@@3U__s_GUID@@BPEAUIConnectionPoint@@V?$_CopyInterface@UIConnectionPoint@@@ATL@@VCComSingleThreadModel@6@@ATL@@@ATL@@UEAAKXZ 0000000180003964 f i Keylock.obj
 0001:00002970       ?Release@?$CComObject@V?$CComEnum@UIEnumConnectionPoints@@$1?_GUID_b196b285_bab4_101a_b69c_00aa00341d07@@3U__s_GUID@@BPEAUIConnectionPoint@@V?$_CopyInterface@UIConnectionPoint@@@ATL@@VCComSingleThreadModel@6@@ATL@@@ATL@@UEAAKXZ 0000000180003970 f i Keylock.obj
 0001:00002970       ?Release@?$CComObject@V?$CComEnum@UIEnumConnections@@$1?_GUID_b196b287_bab4_101a_b69c_00aa00341d07@@3U__s_GUID@@BUtagCONNECTDATA@@V?$_Copy@UtagCONNECTDATA@@@ATL@@VCComSingleThreadModel@6@@ATL@@@ATL@@UEAAKXZ 0000000180003970 f i Keylock.obj
 0001:000029c4       ?QueryInterface@?$CComObject@V?$CComEnum@UIEnumConnectionPoints@@$1?_GUID_b196b285_bab4_101a_b69c_00aa00341d07@@3U__s_GUID@@BPEAUIConnectionPoint@@V?$_CopyInterface@UIConnectionPoint@@@ATL@@VCComSingleThreadModel@6@@ATL@@@ATL@@UEAAJAEBU_GUID@@PEAPEAX@Z 00000001800039c4 f i Keylock.obj
 0001:000029d8       ??_G?$CComObject@V?$CComEnum@UIEnumConnectionPoints@@$1?_GUID_b196b285_bab4_101a_b69c_00aa00341d07@@3U__s_GUID@@BPEAUIConnectionPoint@@V?$_CopyInterface@UIConnectionPoint@@@ATL@@VCComSingleThreadModel@6@@ATL@@@ATL@@UEAAPEAXI@Z 00000001800039d8 f i Keylock.obj
 0001:000029d8       ??_E?$CComObject@V?$CComEnum@UIEnumConnectionPoints@@$1?_GUID_b196b285_bab4_101a_b69c_00aa00341d07@@3U__s_GUID@@BPEAUIConnectionPoint@@V?$_CopyInterface@UIConnectionPoint@@@ATL@@VCComSingleThreadModel@6@@ATL@@@ATL@@UEAAPEAXI@Z 00000001800039d8 f i Keylock.obj
 0001:00002a30       ?AddReplacement@CRegObject@ATL@@UEAAJPEB_W0@Z 0000000180003a30 f i Keylock.obj
 0001:00002a60       ?ClearReplacements@CRegObject@ATL@@UEAAJXZ 0000000180003a60 f i Keylock.obj
 0001:00002a6c       ??_GCRegObject@ATL@@UEAAPEAXI@Z 0000000180003a6c f i Keylock.obj
 0001:00002a6c       ??_ECRegObject@ATL@@UEAAPEAXI@Z 0000000180003a6c f i Keylock.obj
 0001:00002aec       ?AddRef@?$CComAggObject@VCOPOSKeylock@@@ATL@@UEAAKXZ 0000000180003aec f i Keylock.obj
 0001:00002af8       ?Release@?$CComAggObject@VCOPOSKeylock@@@ATL@@UEAAKXZ 0000000180003af8 f i Keylock.obj
 0001:00002b4c       ?QueryInterface@?$CComAggObject@VCOPOSKeylock@@@ATL@@UEAAJAEBU_GUID@@PEAPEAX@Z 0000000180003b4c f i Keylock.obj
 0001:00002bac       ?AddRef@?$CComContainedObject@VCOPOSKeylock@@@ATL@@UEAAKXZ 0000000180003bac f i Keylock.obj
 0001:00002bbc       ?Release@?$CComContainedObject@VCOPOSKeylock@@@ATL@@UEAAKXZ 0000000180003bbc f i Keylock.obj
 0001:00002bcc       ?QueryInterface@?$CComContainedObject@VCOPOSKeylock@@@ATL@@UEAAJAEBU_GUID@@PEAPEAX@Z 0000000180003bcc f i Keylock.obj
 0001:00002bdc       ??_E?$CComAggObject@VCOPOSKeylock@@@ATL@@UEAAPEAXI@Z 0000000180003bdc f i Keylock.obj
 0001:00002bdc       ??_G?$CComAggObject@VCOPOSKeylock@@@ATL@@UEAAPEAXI@Z 0000000180003bdc f i Keylock.obj
 0001:00002c34       ?AddRef@?$CComObject@VCOPOSKeylock@@@ATL@@UEAAKXZ 0000000180003c34 f i Keylock.obj
 0001:00002c44       ?Release@?$CComObject@VCOPOSKeylock@@@ATL@@UEAAKXZ 0000000180003c44 f i Keylock.obj
 0001:00002c9c       ?QueryInterface@?$CComObject@VCOPOSKeylock@@@ATL@@UEAAJAEBU_GUID@@PEAPEAX@Z 0000000180003c9c f i Keylock.obj
 0001:00002cb0       ?OnDrawAdvanced@CComControlBase@ATL@@UEAAJAEAUATL_DRAWINFO@@@Z 0000000180003cb0 f i Keylock.obj
 0001:00002e3c       ?Next@?$CComEnumImpl@UIEnumConnections@@$1?_GUID_b196b287_bab4_101a_b69c_00aa00341d07@@3U__s_GUID@@BUtagCONNECTDATA@@V?$_Copy@UtagCONNECTDATA@@@ATL@@@ATL@@UEAAJKPEAUtagCONNECTDATA@@PEAK@Z 0000000180003e3c f i Keylock.obj
 0001:00002f10       ?Skip@?$CComEnumImpl@UIEnumConnections@@$1?_GUID_b196b287_bab4_101a_b69c_00aa00341d07@@3U__s_GUID@@BUtagCONNECTDATA@@V?$_Copy@UtagCONNECTDATA@@@ATL@@@ATL@@UEAAJK@Z 0000000180003f10 f i Keylock.obj
 0001:00002f3c       ?Clone@?$CComEnumImpl@UIEnumConnections@@$1?_GUID_b196b287_bab4_101a_b69c_00aa00341d07@@3U__s_GUID@@BUtagCONNECTDATA@@V?$_Copy@UtagCONNECTDATA@@@ATL@@@ATL@@UEAAJPEAPEAUIEnumConnections@@@Z 0000000180003f3c f i Keylock.obj
 0001:00003068       ?QueryInterface@?$CComObject@V?$CComEnum@UIEnumConnections@@$1?_GUID_b196b287_bab4_101a_b69c_00aa00341d07@@3U__s_GUID@@BUtagCONNECTDATA@@V?$_Copy@UtagCONNECTDATA@@@ATL@@VCComSingleThreadModel@6@@ATL@@@ATL@@UEAAJAEBU_GUID@@PEAPEAX@Z 0000000180004068 f i Keylock.obj
 0001:0000307c       ??_G?$CComObject@V?$CComEnum@UIEnumConnections@@$1?_GUID_b196b287_bab4_101a_b69c_00aa00341d07@@3U__s_GUID@@BUtagCONNECTDATA@@V?$_Copy@UtagCONNECTDATA@@@ATL@@VCComSingleThreadModel@6@@ATL@@@ATL@@UEAAPEAXI@Z 000000018000407c f i Keylock.obj
 0001:0000307c       ??_E?$CComObject@V?$CComEnum@UIEnumConnections@@$1?_GUID_b196b287_bab4_101a_b69c_00aa00341d07@@3U__s_GUID@@BUtagCONNECTDATA@@V?$_Copy@UtagCONNECTDATA@@@ATL@@VCComSingleThreadModel@6@@ATL@@@ATL@@UEAAPEAXI@Z 000000018000407c f i Keylock.obj
 0001:000030d4       ??_E?$CComObject@VCOPOSKeylock@@@ATL@@W7EAAPEAXI@Z 00000001800040d4 f i Keylock.obj
 0001:000030e0       ??_E?$CComObject@VCOPOSKeylock@@@ATL@@WHA@EAAPEAXI@Z 00000001800040e0 f i Keylock.obj
 0001:000030ec       ?QueryInterface@?$CComObject@VCOPOSKeylock@@@ATL@@WLI@EAAJAEBU_GUID@@PEAPEAX@Z 00000001800040ec f i Keylock.obj
 0001:000030f8       ?AddRef@?$CComObject@VCOPOSKeylock@@@ATL@@WLI@EAAKXZ 00000001800040f8 f i Keylock.obj
 0001:00003104       ?Release@?$CComObject@VCOPOSKeylock@@@ATL@@WLI@EAAKXZ 0000000180004104 f i Keylock.obj
 0001:00003110       ?QueryInterface@?$CComObject@VCOPOSKeylock@@@ATL@@WMA@EAAJAEBU_GUID@@PEAPEAX@Z 0000000180004110 f i Keylock.obj
 0001:0000311c       ?AddRef@?$CComObject@VCOPOSKeylock@@@ATL@@WMA@EAAKXZ 000000018000411c f i Keylock.obj
 0001:00003128       ?Release@?$CComObject@VCOPOSKeylock@@@ATL@@WMA@EAAKXZ 0000000180004128 f i Keylock.obj
 0001:00003134       ?QueryInterface@?$CComObject@VCOPOSKeylock@@@ATL@@WMI@EAAJAEBU_GUID@@PEAPEAX@Z 0000000180004134 f i Keylock.obj
 0001:00003140       ?AddRef@?$CComObject@VCOPOSKeylock@@@ATL@@WMI@EAAKXZ 0000000180004140 f i Keylock.obj
 0001:0000314c       ?Release@?$CComObject@VCOPOSKeylock@@@ATL@@WMI@EAAKXZ 000000018000414c f i Keylock.obj
 0001:00003158       ?QueryInterface@?$CComObject@VCOPOSKeylock@@@ATL@@WNA@EAAJAEBU_GUID@@PEAPEAX@Z 0000000180004158 f i Keylock.obj
 0001:00003164       ?AddRef@?$CComObject@VCOPOSKeylock@@@ATL@@WNA@EAAKXZ 0000000180004164 f i Keylock.obj
 0001:00003170       ?Release@?$CComObject@VCOPOSKeylock@@@ATL@@WNA@EAAKXZ 0000000180004170 f i Keylock.obj
 0001:0000317c       ?QueryInterface@?$CComObject@VCOPOSKeylock@@@ATL@@WNI@EAAJAEBU_GUID@@PEAPEAX@Z 000000018000417c f i Keylock.obj
 0001:00003188       ?AddRef@?$CComObject@VCOPOSKeylock@@@ATL@@WNI@EAAKXZ 0000000180004188 f i Keylock.obj
 0001:00003194       ?Release@?$CComObject@VCOPOSKeylock@@@ATL@@WNI@EAAKXZ 0000000180004194 f i Keylock.obj
 0001:000031a0       ?QueryInterface@?$CComObject@VCOPOSKeylock@@@ATL@@WOA@EAAJAEBU_GUID@@PEAPEAX@Z 00000001800041a0 f i Keylock.obj
 0001:000031ac       ?AddRef@?$CComObject@VCOPOSKeylock@@@ATL@@WOA@EAAKXZ 00000001800041ac f i Keylock.obj
 0001:000031b8       ?Release@?$CComObject@VCOPOSKeylock@@@ATL@@WOA@EAAKXZ 00000001800041b8 f i Keylock.obj
 0001:000031c4       ?QueryInterface@?$CComObject@VCOPOSKeylock@@@ATL@@WOI@EAAJAEBU_GUID@@PEAPEAX@Z 00000001800041c4 f i Keylock.obj
 0001:000031d0       ?AddRef@?$CComObject@VCOPOSKeylock@@@ATL@@WOI@EAAKXZ 00000001800041d0 f i Keylock.obj
 0001:000031dc       ?Release@?$CComObject@VCOPOSKeylock@@@ATL@@WOI@EAAKXZ 00000001800041dc f i Keylock.obj
 0001:000031e8       ?QueryInterface@?$CComObject@VCOPOSKeylock@@@ATL@@WPA@EAAJAEBU_GUID@@PEAPEAX@Z 00000001800041e8 f i Keylock.obj
 0001:000031f4       ?AddRef@?$CComObject@VCOPOSKeylock@@@ATL@@WPA@EAAKXZ 00000001800041f4 f i Keylock.obj
 0001:00003200       ?Release@?$CComObject@VCOPOSKeylock@@@ATL@@WPA@EAAKXZ 0000000180004200 f i Keylock.obj
 0001:0000320c       ?QueryInterface@?$CComObject@VCOPOSKeylock@@@ATL@@WPI@EAAJAEBU_GUID@@PEAPEAX@Z 000000018000420c f i Keylock.obj
 0001:00003218       ?AddRef@?$CComObject@VCOPOSKeylock@@@ATL@@WPI@EAAKXZ 0000000180004218 f i Keylock.obj
 0001:00003224       ?Release@?$CComObject@VCOPOSKeylock@@@ATL@@WPI@EAAKXZ 0000000180004224 f i Keylock.obj
 0001:00003230       ?QueryInterface@?$CComObject@VCOPOSKeylock@@@ATL@@WBAA@EAAJAEBU_GUID@@PEAPEAX@Z 0000000180004230 f i Keylock.obj
 0001:0000323c       ?AddRef@?$CComObject@VCOPOSKeylock@@@ATL@@WBAA@EAAKXZ 000000018000423c f i Keylock.obj
 0001:00003248       ?Release@?$CComObject@VCOPOSKeylock@@@ATL@@WBAA@EAAKXZ 0000000180004248 f i Keylock.obj
 0001:00003254       ?QueryInterface@?$CComObject@VCOPOSKeylock@@@ATL@@WBAI@EAAJAEBU_GUID@@PEAPEAX@Z 0000000180004254 f i Keylock.obj
 0001:00003260       ?AddRef@?$CComObject@VCOPOSKeylock@@@ATL@@WBAI@EAAKXZ 0000000180004260 f i Keylock.obj
 0001:0000326c       ?Release@?$CComObject@VCOPOSKeylock@@@ATL@@WBAI@EAAKXZ 000000018000426c f i Keylock.obj
 0001:00003278       ?QueryInterface@?$CComObject@VCOPOSKeylock@@@ATL@@WBBA@EAAJAEBU_GUID@@PEAPEAX@Z 0000000180004278 f i Keylock.obj
 0001:00003284       ?AddRef@?$CComObject@VCOPOSKeylock@@@ATL@@WBBA@EAAKXZ 0000000180004284 f i Keylock.obj
 0001:00003290       ?Release@?$CComObject@VCOPOSKeylock@@@ATL@@WBBA@EAAKXZ 0000000180004290 f i Keylock.obj
 0001:0000329c       ?QueryInterface@?$CComObject@VCOPOSKeylock@@@ATL@@WBBI@EAAJAEBU_GUID@@PEAPEAX@Z 000000018000429c f i Keylock.obj
 0001:000032a8       ?AddRef@?$CComObject@VCOPOSKeylock@@@ATL@@WBBI@EAAKXZ 00000001800042a8 f i Keylock.obj
 0001:000032b4       ?Release@?$CComObject@VCOPOSKeylock@@@ATL@@WBBI@EAAKXZ 00000001800042b4 f i Keylock.obj
 0001:000032c0       ?AddRef@?$CComObject@VCOPOSKeylock@@@ATL@@WBCI@EAAKXZ 00000001800042c0 f i Keylock.obj
 0001:000032cc       ?Release@?$CComObject@VCOPOSKeylock@@@ATL@@WBCI@EAAKXZ 00000001800042cc f i Keylock.obj
 0001:000032d8       ?AddRef@?$CComObject@VCOPOSKeylock@@@ATL@@WBEA@EAAKXZ 00000001800042d8 f i Keylock.obj
 0001:000032e4       ?Release@?$CComObject@VCOPOSKeylock@@@ATL@@WBEA@EAAKXZ 00000001800042e4 f i Keylock.obj
 0001:000032f0       ??_E?$CComContainedObject@VCOPOSKeylock@@@ATL@@W7EAAPEAXI@Z 00000001800042f0 f i Keylock.obj
 0001:000032fc       ??_E?$CComContainedObject@VCOPOSKeylock@@@ATL@@WHA@EAAPEAXI@Z 00000001800042fc f i Keylock.obj
 0001:00003308       ?QueryInterface@?$CComContainedObject@VCOPOSKeylock@@@ATL@@WLI@EAAJAEBU_GUID@@PEAPEAX@Z 0000000180004308 f i Keylock.obj
 0001:00003314       ?AddRef@?$CComContainedObject@VCOPOSKeylock@@@ATL@@WLI@EAAKXZ 0000000180004314 f i Keylock.obj
 0001:00003320       ?Release@?$CComContainedObject@VCOPOSKeylock@@@ATL@@WLI@EAAKXZ 0000000180004320 f i Keylock.obj
 0001:0000332c       ?QueryInterface@?$CComContainedObject@VCOPOSKeylock@@@ATL@@WMA@EAAJAEBU_GUID@@PEAPEAX@Z 000000018000432c f i Keylock.obj
 0001:00003338       ?AddRef@?$CComContainedObject@VCOPOSKeylock@@@ATL@@WMA@EAAKXZ 0000000180004338 f i Keylock.obj
 0001:00003344       ?Release@?$CComContainedObject@VCOPOSKeylock@@@ATL@@WMA@EAAKXZ 0000000180004344 f i Keylock.obj
 0001:00003350       ?QueryInterface@?$CComContainedObject@VCOPOSKeylock@@@ATL@@WMI@EAAJAEBU_GUID@@PEAPEAX@Z 0000000180004350 f i Keylock.obj
 0001:0000335c       ?AddRef@?$CComContainedObject@VCOPOSKeylock@@@ATL@@WMI@EAAKXZ 000000018000435c f i Keylock.obj
 0001:00003368       ?Release@?$CComContainedObject@VCOPOSKeylock@@@ATL@@WMI@EAAKXZ 0000000180004368 f i Keylock.obj
 0001:00003374       ?QueryInterface@?$CComContainedObject@VCOPOSKeylock@@@ATL@@WNA@EAAJAEBU_GUID@@PEAPEAX@Z 0000000180004374 f i Keylock.obj
 0001:00003380       ?AddRef@?$CComContainedObject@VCOPOSKeylock@@@ATL@@WNA@EAAKXZ 0000000180004380 f i Keylock.obj
 0001:0000338c       ?Release@?$CComContainedObject@VCOPOSKeylock@@@ATL@@WNA@EAAKXZ 000000018000438c f i Keylock.obj
 0001:00003398       ?QueryInterface@?$CComContainedObject@VCOPOSKeylock@@@ATL@@WNI@EAAJAEBU_GUID@@PEAPEAX@Z 0000000180004398 f i Keylock.obj
 0001:000033a4       ?AddRef@?$CComContainedObject@VCOPOSKeylock@@@ATL@@WNI@EAAKXZ 00000001800043a4 f i Keylock.obj
 0001:000033b0       ?Release@?$CComContainedObject@VCOPOSKeylock@@@ATL@@WNI@EAAKXZ 00000001800043b0 f i Keylock.obj
 0001:000033bc       ?QueryInterface@?$CComContainedObject@VCOPOSKeylock@@@ATL@@WOA@EAAJAEBU_GUID@@PEAPEAX@Z 00000001800043bc f i Keylock.obj
 0001:000033c8       ?AddRef@?$CComContainedObject@VCOPOSKeylock@@@ATL@@WOA@EAAKXZ 00000001800043c8 f i Keylock.obj
 0001:000033d4       ?Release@?$CComContainedObject@VCOPOSKeylock@@@ATL@@WOA@EAAKXZ 00000001800043d4 f i Keylock.obj
 0001:000033e0       ?QueryInterface@?$CComContainedObject@VCOPOSKeylock@@@ATL@@WOI@EAAJAEBU_GUID@@PEAPEAX@Z 00000001800043e0 f i Keylock.obj
 0001:000033ec       ?AddRef@?$CComContainedObject@VCOPOSKeylock@@@ATL@@WOI@EAAKXZ 00000001800043ec f i Keylock.obj
 0001:000033f8       ?Release@?$CComContainedObject@VCOPOSKeylock@@@ATL@@WOI@EAAKXZ 00000001800043f8 f i Keylock.obj
 0001:00003404       ?QueryInterface@?$CComContainedObject@VCOPOSKeylock@@@ATL@@WPA@EAAJAEBU_GUID@@PEAPEAX@Z 0000000180004404 f i Keylock.obj
 0001:00003410       ?AddRef@?$CComContainedObject@VCOPOSKeylock@@@ATL@@WPA@EAAKXZ 0000000180004410 f i Keylock.obj
 0001:0000341c       ?Release@?$CComContainedObject@VCOPOSKeylock@@@ATL@@WPA@EAAKXZ 000000018000441c f i Keylock.obj
 0001:00003428       ?QueryInterface@?$CComContainedObject@VCOPOSKeylock@@@ATL@@WPI@EAAJAEBU_GUID@@PEAPEAX@Z 0000000180004428 f i Keylock.obj
 0001:00003434       ?AddRef@?$CComContainedObject@VCOPOSKeylock@@@ATL@@WPI@EAAKXZ 0000000180004434 f i Keylock.obj
 0001:00003440       ?Release@?$CComContainedObject@VCOPOSKeylock@@@ATL@@WPI@EAAKXZ 0000000180004440 f i Keylock.obj
 0001:0000344c       ?QueryInterface@?$CComContainedObject@VCOPOSKeylock@@@ATL@@WBAA@EAAJAEBU_GUID@@PEAPEAX@Z 000000018000444c f i Keylock.obj
 0001:00003458       ?AddRef@?$CComContainedObject@VCOPOSKeylock@@@ATL@@WBAA@EAAKXZ 0000000180004458 f i Keylock.obj
 0001:00003464       ?Release@?$CComContainedObject@VCOPOSKeylock@@@ATL@@WBAA@EAAKXZ 0000000180004464 f i Keylock.obj
 0001:00003470       ?QueryInterface@?$CComContainedObject@VCOPOSKeylock@@@ATL@@WBAI@EAAJAEBU_GUID@@PEAPEAX@Z 0000000180004470 f i Keylock.obj
 0001:0000347c       ?AddRef@?$CComContainedObject@VCOPOSKeylock@@@ATL@@WBAI@EAAKXZ 000000018000447c f i Keylock.obj
 0001:00003488       ?Release@?$CComContainedObject@VCOPOSKeylock@@@ATL@@WBAI@EAAKXZ 0000000180004488 f i Keylock.obj
 0001:00003494       ?QueryInterface@?$CComContainedObject@VCOPOSKeylock@@@ATL@@WBBA@EAAJAEBU_GUID@@PEAPEAX@Z 0000000180004494 f i Keylock.obj
 0001:000034a0       ?AddRef@?$CComContainedObject@VCOPOSKeylock@@@ATL@@WBBA@EAAKXZ 00000001800044a0 f i Keylock.obj
 0001:000034ac       ?Release@?$CComContainedObject@VCOPOSKeylock@@@ATL@@WBBA@EAAKXZ 00000001800044ac f i Keylock.obj
 0001:000034b8       ?QueryInterface@?$CComContainedObject@VCOPOSKeylock@@@ATL@@WBBI@EAAJAEBU_GUID@@PEAPEAX@Z 00000001800044b8 f i Keylock.obj
 0001:000034c4       ?AddRef@?$CComContainedObject@VCOPOSKeylock@@@ATL@@WBBI@EAAKXZ 00000001800044c4 f i Keylock.obj
 0001:000034d0       ?Release@?$CComContainedObject@VCOPOSKeylock@@@ATL@@WBBI@EAAKXZ 00000001800044d0 f i Keylock.obj
 0001:000034dc       ?AddRef@?$CComContainedObject@VCOPOSKeylock@@@ATL@@WBCI@EAAKXZ 00000001800044dc f i Keylock.obj
 0001:000034e8       ?Release@?$CComContainedObject@VCOPOSKeylock@@@ATL@@WBCI@EAAKXZ 00000001800044e8 f i Keylock.obj
 0001:000034f4       ?AddRef@?$CComContainedObject@VCOPOSKeylock@@@ATL@@WBEA@EAAKXZ 00000001800044f4 f i Keylock.obj
 0001:00003500       ?Release@?$CComContainedObject@VCOPOSKeylock@@@ATL@@WBEA@EAAKXZ 0000000180004500 f i Keylock.obj
 0001:0000350c       ?CreateInstance@CComClassFactory@ATL@@UEAAJPEAUIUnknown@@AEBU_GUID@@PEAPEAX@Z 000000018000450c f i Keylock.obj
 0001:0000356c       ?LockServer@CComClassFactory@ATL@@UEAAJH@Z 000000018000456c f i Keylock.obj
 0001:00003590       ??_GCComClassFactory@ATL@@UEAAPEAXI@Z 0000000180004590 f i Keylock.obj
 0001:00003590       ??_ECComClassFactory@ATL@@UEAAPEAXI@Z 0000000180004590 f i Keylock.obj
 0001:000035e0       ??$AtlModuleRegisterWndClassInfoT@VAtlModuleRegisterWndClassInfoParamW@ATL@@@ATL@@YAGPEAU_ATL_BASE_MODULE70@0@PEAU_ATL_WIN_MODULE70@0@PEAU_ATL_WNDCLASSINFOW@0@PEAP6A_JPEAUHWND__@@I_K_J@ZVAtlModuleRegisterWndClassInfoParamW@0@@Z 00000001800045e0 f i Keylock.obj
 0001:000037e0       ??0?$CComContainedObject@VCOPOSKeylock@@@ATL@@QEAA@PEAX@Z 00000001800047e0 f i Keylock.obj
 0001:000038fc       ??0?$CComObject@VCOPOSKeylock@@@ATL@@QEAA@PEAX@Z 00000001800048fc f i Keylock.obj
 0001:00003a14       ??0CAtlModule@ATL@@QEAA@XZ 0000000180004a14 f i Keylock.obj
 0001:00003a88       ??1?$CComEnumImpl@UIEnumConnectionPoints@@$1?_GUID_b196b285_bab4_101a_b69c_00aa00341d07@@3U__s_GUID@@BPEAUIConnectionPoint@@V?$_CopyInterface@UIConnectionPoint@@@ATL@@@ATL@@UEAA@XZ 0000000180004a88 f i Keylock.obj
 0001:00003ae4       ??1?$CComEnumImpl@UIEnumConnections@@$1?_GUID_b196b287_bab4_101a_b69c_00aa00341d07@@3U__s_GUID@@BUtagCONNECTDATA@@V?$_Copy@UtagCONNECTDATA@@@ATL@@@ATL@@UEAA@XZ 0000000180004ae4 f i Keylock.obj
 0001:00003b40       ??1?$CComObject@VCOPOSKeylock@@@ATL@@UEAA@XZ 0000000180004b40 f i Keylock.obj
 0001:00003c60       ??_E?$CComContainedObject@VCOPOSKeylock@@@ATL@@UEAAPEAXI@Z 0000000180004c60 f i Keylock.obj
 0001:00003c60       ??_G?$CComContainedObject@VCOPOSKeylock@@@ATL@@UEAAPEAXI@Z 0000000180004c60 f i Keylock.obj
 0001:00003c94       ??_G?$CComObject@VCOPOSKeylock@@@ATL@@UEAAPEAXI@Z 0000000180004c94 f i Keylock.obj
 0001:00003c94       ??_E?$CComObject@VCOPOSKeylock@@@ATL@@UEAAPEAXI@Z 0000000180004c94 f i Keylock.obj
 0001:00003cc8       ?Add@?$CSimpleArray@GV?$CSimpleArrayEqualHelper@G@ATL@@@ATL@@QEAAHAEBG@Z 0000000180004cc8 f i Keylock.obj
 0001:00003d7c       ?Add@?$CSimpleMap@PEA_WPEA_WVCExpansionVectorEqualHelper@ATL@@@ATL@@QEAAHAEBQEA_W0@Z 0000000180004d7c f i Keylock.obj
 0001:00003e1c       ?Add@CComDynamicUnkArray@ATL@@QEAAKPEAUIUnknown@@@Z 0000000180004e1c f i Keylock.obj
 0001:00003f04       ?Add@CExpansionVector@ATL@@QEAAHPEB_W0@Z 0000000180004f04 f i Keylock.obj
 0001:00004038       ?AddTermFunc@CAtlModule@ATL@@QEAAJP6AX_K@Z0@Z 0000000180005038 f i Keylock.obj
 0001:000040d4       ?AddValue@CRegParser@ATL@@IEAAJAEAVCRegKey@2@PEB_WPEA_W@Z 00000001800050d4 f i Keylock.obj
 0001:0000451c       ?AllocateHeap@?$CTempBuffer@_W$0BAA@VCCRTAllocator@ATL@@@ATL@@AEAAX_K@Z 000000018000551c f i Keylock.obj
 0001:0000451c       ?AllocateHeap@?$CTempBuffer@E$0BAA@VCCRTAllocator@ATL@@@ATL@@AEAAX_K@Z 000000018000551c f i Keylock.obj
 0001:0000451c       ?AllocateHeap@?$CTempBuffer@_W$0EAA@VCCRTAllocator@ATL@@@ATL@@AEAAX_K@Z 000000018000551c f i Keylock.obj
 0001:00004548       ?Append@CParseBuffer@CRegParser@ATL@@QEAAHPEB_WH@Z 0000000180005548 f i Keylock.obj
 0001:00004690       ?AtlComModuleGetClassObject@ATL@@YAJPEAU_ATL_COM_MODULE70@1@AEBU_GUID@@1PEAPEAX@Z 0000000180005690 f i Keylock.obj
 0001:000047d0       ?AtlComModuleRegisterServer@ATL@@YAJPEAU_ATL_COM_MODULE70@1@HPEBU_GUID@@@Z 00000001800057d0 f i Keylock.obj
 0001:00004890       ?AtlComModuleUnregisterServer@ATL@@YAJPEAU_ATL_COM_MODULE70@1@HPEBU_GUID@@@Z 0000000180005890 f i Keylock.obj
 0001:0000494c       ?AtlHiMetricToPixel@ATL@@YAXPEBUtagSIZE@@PEAU2@@Z 000000018000594c f i Keylock.obj
 0001:000049fc       ?AtlHresultFromLastError@ATL@@YAJXZ 00000001800059fc f i Keylock.obj
 0001:00004a1c       ?AtlHresultFromWin32@ATL@@YAJK@Z 0000000180005a1c f i Keylock.obj
 0001:00004a2c       ?AtlInternalOleLoadFromStream@ATL@@YAJPEAUIStream@@AEBU_GUID@@PEAPEAXTClassesAllowedInStream@1@K@Z 0000000180005a2c f i Keylock.obj
 0001:00004b70       ?AtlInternalQueryInterface@ATL@@YAJPEAXPEBU_ATL_INTMAP_ENTRY@1@AEBU_GUID@@PEAPEAX@Z 0000000180005b70 f i Keylock.obj
 0001:00004c78       ?AtlLoadTypeLib@ATL@@YAJPEAUHINSTANCE__@@PEB_WPEAPEA_WPEAPEAUITypeLib@@@Z 0000000180005c78 f i Keylock.obj
 0001:00004ed4       ?AtlRegisterClassCategoriesHelper@ATL@@YAJAEBU_GUID@@PEBU_ATL_CATMAP_ENTRY@1@H@Z 0000000180005ed4 f i Keylock.obj
 0001:00005358       ?AtlRegisterTypeLib@ATL@@YAJPEAUHINSTANCE__@@PEB_W@Z 0000000180006358 f i Keylock.obj
 0001:00005554       ?AtlThrowImpl@ATL@@YAXJ@Z  0000000180006554 f i Keylock.obj
 0001:00005578       ?AtlUnRegisterTypeLib@ATL@@YAJPEAUHINSTANCE__@@PEB_W@Z 0000000180006578 f i Keylock.obj
 0001:00005640       ?AtlWinModuleExtractCreateWndData@ATL@@YAPEAXPEAU_ATL_WIN_MODULE70@1@@Z 0000000180006640 f i Keylock.obj
 0001:000056cc       ?Cleanup@CComTypeInfoHolder@ATL@@SAX_K@Z 00000001800066cc f i Keylock.obj
 0001:0000570c       ?ClearReplacements@CExpansionVector@ATL@@QEAAJXZ 000000018000670c f i Keylock.obj
 0001:000057a8       ?CreateInstance@?$CComCreator@V?$CComAggObject@VCOPOSKeylock@@@ATL@@@ATL@@SAJPEAXAEBU_GUID@@PEAPEAX@Z 00000001800067a8 f i Keylock.obj
 0001:00005898       ?CreateInstance@?$CComCreator@V?$CComObject@VCOPOSKeylock@@@ATL@@@ATL@@SAJPEAXAEBU_GUID@@PEAPEAX@Z 0000000180006898 f i Keylock.obj
 0001:00005950       ?CreateInstance@?$CComObject@V?$CComEnum@UIEnumConnectionPoints@@$1?_GUID_b196b285_bab4_101a_b69c_00aa00341d07@@3U__s_GUID@@BPEAUIConnectionPoint@@V?$_CopyInterface@UIConnectionPoint@@@ATL@@VCComSingleThreadModel@6@@ATL@@@ATL@@SAJPEAPEAV12@@Z 0000000180006950 f i Keylock.obj
 0001:000059dc       ?CreateInstance@?$CComObject@V?$CComEnum@UIEnumConnections@@$1?_GUID_b196b287_bab4_101a_b69c_00aa00341d07@@3U__s_GUID@@BUtagCONNECTDATA@@V?$_Copy@UtagCONNECTDATA@@@ATL@@VCComSingleThreadModel@6@@ATL@@@ATL@@SAJPEAPEAV12@@Z 00000001800069dc f i Keylock.obj
 0001:00005a68       ?DefaultReflectionHandler@?$CWindowImplRoot@VCWindow@ATL@@@ATL@@SAHPEAUHWND__@@I_K_JAEA_J@Z 0000000180006a68 f i Keylock.obj
 0001:00005acc       ?DeleteSubKey@CRegKey@ATL@@QEAAJPEB_W@Z 0000000180006acc f i Keylock.obj
 0001:00005b64       ?DoEvent@COPOSKeylock@@IEAAXI_K_J@Z 0000000180006b64 f i Keylock.obj
 0001:00005c18       ?DoVerbPrimary@?$IOleObjectImpl@VCOPOSKeylock@@@ATL@@QEAAJPEBUtagRECT@@PEAUHWND__@@@Z 0000000180006c18 f i Keylock.obj
 0001:00005d44       ?DoVerbProperties@CComControlBase@ATL@@QEAAJPEBUtagRECT@@PEAUHWND__@@@Z 0000000180006d44 f i Keylock.obj
 0001:00005f6c       ?FireTheEvent@?$CProxy_IOPOSEvents@VCOPOSKeylock@@@@IEAAXPEAVOposVariant@@IAEAJPEB_WJ@Z 0000000180006f6c f i Keylock.obj
 0001:00006058       ?FireViewChange@CComControlBase@ATL@@QEAAJXZ 0000000180007058 f i Keylock.obj
 0001:000060bc       ?Fire_DirectIOEvent@?$CProxy_IOPOSEvents@VCOPOSKeylock@@@@QEAAXJPEAJPEAPEA_W@Z 00000001800070bc f i Keylock.obj
 0001:00006214       ?Fire_StatusUpdateEvent@?$CProxy_IOPOSEvents@VCOPOSKeylock@@@@QEAAXJ@Z 0000000180007214 f i Keylock.obj
 0001:00006300       ?FreeHeap@?$CTempBuffer@E$0BAA@VCCRTAllocator@ATL@@@ATL@@AEAAXXZ 0000000180007300 f i Keylock.obj
 0001:00006300       ?FreeHeap@?$CTempBuffer@_W$0EAA@VCCRTAllocator@ATL@@@ATL@@AEAAXXZ 0000000180007300 f i Keylock.obj
 0001:00006300       ?FreeHeap@?$CTempBuffer@_W$0BAA@VCCRTAllocator@ATL@@@ATL@@AEAAXXZ 0000000180007300 f i Keylock.obj
 0001:00006308       ?GetAmbientLocaleID@CComControlBase@ATL@@QEAAJAEAK@Z 0000000180007308 f i Keylock.obj
 0001:000063c8       ?GetAmbientUserMode@CComControlBase@ATL@@QEAAJAEAH@Z 00000001800073c8 f i Keylock.obj
 0001:00006498       ?GetClassObject@CComModule@ATL@@QEAAJAEBU_GUID@@0PEAPEAX@Z 0000000180007498 f i Keylock.obj
 0001:0000658c       ?GetConnMap@COPOSKeylock@@SAPEBU_ATL_CONNMAP_ENTRY@ATL@@PEAH@Z 000000018000758c f i Keylock.obj
 0001:00006614       ?GetIDsOfNames@CComTypeInfoHolder@ATL@@QEAAJAEBU_GUID@@PEAPEA_WIKPEAJ@Z 0000000180007614 f i Keylock.obj
 0001:0000678c       ?GetPagesHelper@?$ISpecifyPropertyPagesImpl@VCOPOSKeylock@@@ATL@@IEAAJPEAUtagCAUUID@@PEBUATL_PROPMAP_ENTRY@2@@Z 000000018000778c f i Keylock.obj
 0001:0000692c       ?GetSizeMax@CComVariant@ATL@@QEBAJPEAT_ULARGE_INTEGER@@@Z 000000018000792c f i Keylock.obj
 0001:00006b60       ?GetTI@CComTypeInfoHolder@ATL@@QEAAJK@Z 0000000180007b60 f i Keylock.obj
 0001:00006e58       ?GetZoomInfo@CComControlBase@ATL@@QEAAXAEAUATL_DRAWINFO@@@Z 0000000180007e58 f i Keylock.obj
 0001:00006efc       ?HKeyFromString@CRegParser@ATL@@KAPEAUHKEY__@@PEA_W@Z 0000000180007efc f i Keylock.obj
 0001:00006f60       ?IDataObject_GetData@CComControlBase@ATL@@QEAAJPEAUtagFORMATETC@@PEAUtagSTGMEDIUM@@@Z 0000000180007f60 f i Keylock.obj
 0001:00007154       ?IOleInPlaceObject_InPlaceDeactivate@CComControlBase@ATL@@QEAAJXZ 0000000180008154 f i Keylock.obj
 0001:000071f4       ?IOleInPlaceObject_SetObjectRects@CComControlBase@ATL@@QEAAJPEBUtagRECT@@0@Z 00000001800081f4 f i Keylock.obj
 0001:000072e4       ?IOleInPlaceObject_UIDeactivate@CComControlBase@ATL@@QEAAJXZ 00000001800082e4 f i Keylock.obj
 0001:000073f0       ?IOleObject_Close@CComControlBase@ATL@@QEAAJK@Z 00000001800083f0 f i Keylock.obj
 0001:00007508       ?IOleObject_SetClientSite@CComControlBase@ATL@@QEAAJPEAUIOleClientSite@@@Z 0000000180008508 f i Keylock.obj
 0001:00007580       ?IOleObject_SetExtent@CComControlBase@ATL@@QEAAJKPEAUtagSIZE@@@Z 0000000180008580 f i Keylock.obj
 0001:00007618       ?IPSI_GetIPersistStreamInit@?$IPersistStorageImpl@VCOPOSKeylock@@@ATL@@AEAAPEAUIPersistStreamInit@@XZ 0000000180008618 f i Keylock.obj
 0001:00007700       ?IPersistStreamInit_Load@?$IPersistStreamInitImpl@VCOPOSKeylock@@@ATL@@QEAAJPEAUIStream@@PEBUATL_PROPMAP_ENTRY@2@@Z 0000000180008700 f i Keylock.obj
 0001:00007a34       ?IPersistStreamInit_Save@?$IPersistStreamInitImpl@VCOPOSKeylock@@@ATL@@QEAAJPEAUIStream@@HPEBUATL_PROPMAP_ENTRY@2@@Z 0000000180008a34 f i Keylock.obj
 0001:00007cd8       ?IQuickActivate_QuickActivate@CComControlBase@ATL@@QEAAJPEAUtagQACONTAINER@@PEAUtagQACONTROL@@@Z 0000000180008cd8 f i Keylock.obj
 0001:00007f9c       ?IViewObject_Draw@CComControlBase@ATL@@QEAAJKJPEAXPEAUtagDVTARGETDEVICE@@PEAUHDC__@@2PEBU_RECTL@@3@Z 0000000180008f9c f i Keylock.obj
 0001:000080b0       ?InPlaceActivate@CComControlBase@ATL@@QEAAJJPEBUtagRECT@@@Z 00000001800090b0 f i Keylock.obj
 0001:000083e8       ?Init@?$CComEnumImpl@UIEnumConnectionPoints@@$1?_GUID_b196b285_bab4_101a_b69c_00aa00341d07@@3U__s_GUID@@BPEAUIConnectionPoint@@V?$_CopyInterface@UIConnectionPoint@@@ATL@@@ATL@@QEAAJPEAPEAUIConnectionPoint@@0PEAUIUnknown@@W4CComEnumFlags@2@@Z 00000001800093e8 f i Keylock.obj
 0001:00008508       ?Init@?$CComEnumImpl@UIEnumConnections@@$1?_GUID_b196b287_bab4_101a_b69c_00aa00341d07@@3U__s_GUID@@BUtagCONNECTDATA@@V?$_Copy@UtagCONNECTDATA@@@ATL@@@ATL@@QEAAJPEAUtagCONNECTDATA@@0PEAUIUnknown@@W4CComEnumFlags@2@@Z 0000000180009508 f i Keylock.obj
 0001:0000862c       ?IsEqualObject@?$CComPtrBase@UIOleClientSite@@@ATL@@QEAA_NPEAUIUnknown@@@Z 000000018000962c f i Keylock.obj
 0001:000086b8       ?LoadNameCache@CComTypeInfoHolder@ATL@@QEAAJPEAUITypeInfo@@@Z 00000001800096b8 f i Keylock.obj
 0001:00008838       ?Lookup@?$CSimpleMap@PEA_WPEA_WVCExpansionVectorEqualHelper@ATL@@@ATL@@QEBAPEA_WAEBQEA_W@Z 0000000180009838 f i Keylock.obj
 0001:000088c4       ?NextToken@CRegParser@ATL@@IEAAJPEA_W@Z 00000001800098c4 f i Keylock.obj
 0001:00008a7c       ?OnKillFocus@CComControlBase@ATL@@QEAA_JI_K_JAEAH@Z 0000000180009a7c f i Keylock.obj
 0001:00008b18       ?OnMouseActivate@CComControlBase@ATL@@QEAA_JI_K_JAEAH@Z 0000000180009b18 f i Keylock.obj
 0001:00008bb8       ?OnPaint@CComControlBase@ATL@@QEAA_JI_K_JAEAH@Z 0000000180009bb8 f i Keylock.obj
 0001:00008ca4       ?OnSetFocus@CComControlBase@ATL@@QEAA_JI_K_JAEAH@Z 0000000180009ca4 f i Keylock.obj
 0001:00008da0       ?PreProcessBuffer@CRegParser@ATL@@QEAAJPEA_WPEAPEA_W@Z 0000000180009da0 f i Keylock.obj
 0001:00009124       ?ProcessWindowMessage@?$CComControl@VCOPOSKeylock@@V?$CWindowImpl@VCOPOSKeylock@@VCWindow@ATL@@V?$CWinTraits@$0FGAAAAAA@$0A@@3@@ATL@@@ATL@@UEAAHPEAUHWND__@@I_K_JAEA_JK@Z 000000018000a124 f i Keylock.obj
 0001:00009208       ?ReadFromStream@CComBSTR@ATL@@QEAAJPEAUIStream@@@Z 000000018000a208 f i Keylock.obj
 0001:00009364       ?ReadFromStream@CComVariant@ATL@@QEAAJPEAUIStream@@GTClassesAllowedInStream@2@K@Z 000000018000a364 f i Keylock.obj
 0001:00009574       ?RecurseDeleteKey@CRegKey@ATL@@QEAAJPEB_W@Z 000000018000a574 f i Keylock.obj
 0001:000096cc       ?RegCreateKeyExW@CAtlTransactionManager@ATL@@QEAAJPEAUHKEY__@@PEB_WKPEA_WKKQEAU_SECURITY_ATTRIBUTES@@PEAPEAU3@PEAK@Z 000000018000a6cc f i Keylock.obj
 0001:00009800       ?RegDeleteKeyW@CAtlTransactionManager@ATL@@QEAAJPEAUHKEY__@@PEB_W@Z 000000018000a800 f i Keylock.obj
 0001:0000988c       ?RegOpenKeyExW@CAtlTransactionManager@ATL@@QEAAJPEAUHKEY__@@PEB_WKKPEAPEAU3@@Z 000000018000a88c f i Keylock.obj
 0001:00009944       ?RegisterBuffer@CRegParser@ATL@@QEAAJPEA_WH@Z 000000018000a944 f i Keylock.obj
 0001:00009aac       ?RegisterFromResource@CRegObject@ATL@@IEAAJPEB_W00H@Z 000000018000aaac f i Keylock.obj
 0001:00009c68       ?RegisterServer@CComModule@ATL@@QEAAJHPEBU_GUID@@@Z 000000018000ac68 f i Keylock.obj
 0001:00009d28       ?RegisterSubkeys@CRegParser@ATL@@IEAAJPEA_WPEAUHKEY__@@HH@Z 000000018000ad28 f i Keylock.obj
 0001:0000a594       ?SendOnDataChange@CComControlBase@ATL@@QEAAJK@Z 000000018000b594 f i Keylock.obj
 0001:0000a604       ?SetControlFocus@CComControlBase@ATL@@QEAAHH@Z 000000018000b604 f i Keylock.obj
 0001:0000a6e0       ?SkipAssignment@CRegParser@ATL@@IEAAJPEA_W@Z 000000018000b6e0 f i Keylock.obj
 0001:0000a784       ?Term@CAtlModule@ATL@@QEAAXXZ 000000018000b784 f i Keylock.obj
 0001:0000a804       ?Term@CComModule@ATL@@QEAAXXZ 000000018000b804 f i Keylock.obj
 0001:0000a880       ?UnregisterServer@CComModule@ATL@@QEAAJHPEBU_GUID@@@Z 000000018000b880 f i Keylock.obj
 0001:0000a930       ?UpdateRegistryFromResource@CAtlModule@ATL@@QEAAJIHPEAU_ATL_REGMAP_ENTRY@2@@Z 000000018000b930 f i Keylock.obj
 0001:0000ac3c       ?UpdateRegistryFromResource@CAtlModule@ATL@@QEAAJPEB_WHPEAU_ATL_REGMAP_ENTRY@2@@Z 000000018000bc3c f i Keylock.obj
 0001:0000af60       ?VTFromRegType@CRegParser@ATL@@KAHPEB_WAEAG@Z 000000018000bf60 f i Keylock.obj
 0001:0000affc       ?WindowProc@?$CWindowImplBaseT@VCWindow@ATL@@V?$CWinTraits@$0FGAAAAAA@$0A@@2@@ATL@@SA_JPEAUHWND__@@I_K_J@Z 000000018000bffc f i Keylock.obj
 0001:0000b168       ?WriteToStream@CComVariant@ATL@@QEAAJPEAUIStream@@@Z 000000018000c168 f i Keylock.obj
 0001:0000b3bc       ?WriteToStream@CComVariant@ATL@@QEAAJPEAUIStream@@G@Z 000000018000c3bc f i Keylock.obj
 0001:0000b454       ?_AtlVerifyStackAvailable@_ATL_SAFE_ALLOCA_IMPL@ATL@@YA_N_K@Z 000000018000c454 f i Keylock.obj
 0001:0000b4d8       ?atlCreate@?$CWindowImpl@VCOPOSKeylock@@VCWindow@ATL@@V?$CWinTraits@$0FGAAAAAA@$0A@@3@@ATL@@QEAAPEAUHWND__@@PEAU3@V_U_RECT@2@PEB_WKKV_U_MENUorID@2@PEAX@Z 000000018000c4d8 f i Keylock.obj
 0001:0000b588       ?atlCreate@?$CWindowImplBaseT@VCWindow@ATL@@V?$CWinTraits@$0FGAAAAAA@$0A@@2@@ATL@@QEAAPEAUHWND__@@PEAU3@V_U_RECT@2@PEB_WKKV_U_MENUorID@2@GPEAX@Z 000000018000c588 f i Keylock.obj
 0001:0000b6f8       ?ocscpy_s@@YA_NPEA_W_KPEB_W@Z 000000018000c6f8 f i Keylock.obj
 0001:0000b7a8       DllCanUnloadNow            000000018000c7a8 f   Keylock.obj
 0001:0000b7b4       DllGetClassObject          000000018000c7b4 f   Keylock.obj
 0001:0000b7cc       DllMain                    000000018000c7cc f   Keylock.obj
 0001:0000b874       DllRegisterServer          000000018000c874 f   Keylock.obj
 0001:0000b888       DllUnregisterServer        000000018000c888 f   Keylock.obj
 0001:0000b89c       __local_stdio_printf_options 000000018000c89c f i Keylock.obj
 0001:0000b8a4       swprintf_s                 000000018000c8a4 f i Keylock.obj
 0001:0000b8f8       ??0COPOSKeylock@@QEAA@XZ   000000018000c8f8 f   KeylockImpl.obj
 0001:0000b9b4       ??1?$IConnectionPointImpl@VCOPOSKeylock@@$1?DIID__IOPOSKeylockEvents@@3U_GUID@@BVCComDynamicUnkArray@ATL@@@ATL@@QEAA@XZ 000000018000c9b4 f i KeylockImpl.obj
 0001:0000b9b4       ??1?$IConnectionPointImpl@VCOPOSKeylock@@$1?IID_IPropertyNotifySink@@3U_GUID@@BVCComDynamicUnkArray@ATL@@@ATL@@QEAA@XZ 000000018000c9b4 f i KeylockImpl.obj
 0001:0000ba10       ??1CComControlBase@ATL@@UEAA@XZ 000000018000ca10 f i KeylockImpl.obj
 0001:0000ba8c       ??1COPOSKeylock@@UEAA@XZ   000000018000ca8c f   KeylockImpl.obj
 0001:0000baf0       ?CheckHealth@COPOSKeylock@@UEAAJJPEAJ@Z 000000018000caf0 f   KeylockImpl.obj
 0001:0000bb6c       ?ClaimDevice@COPOSKeylock@@UEAAJJPEAJ@Z 000000018000cb6c f   KeylockImpl.obj
 0001:0000bc04       ?Close@COPOSKeylock@@UEAAJPEAJ@Z 000000018000cc04 f   KeylockImpl.obj
 0001:0000bcbc       ?CompareFirmwareVersion@COPOSKeylock@@UEAAJPEA_WPEAJ1@Z 000000018000ccbc f   KeylockImpl.obj
 0001:0000bd98       ?DirectIO@COPOSKeylock@@UEAAJJPEAJPEAPEA_W0@Z 000000018000cd98 f   KeylockImpl.obj
 0001:0000be94       ?DoInvoke@COPOSKeylock@@IEAAJJPEAVOposVariant@@IHPEAJ_N@Z 000000018000ce94 f   KeylockImpl.obj
 0001:0000bfc8       ?EventInit@COPOSKeylock@@IEAAJXZ 000000018000cfc8 f i KeylockImpl.obj
 0001:0000c110       ?EventUninit@COPOSKeylock@@IEAAXXZ 000000018000d110 f i KeylockImpl.obj
 0001:0000c174       ?EventWindowProc@COPOSKeylock@@IEAA_JI_K_J@Z 000000018000d174 f i KeylockImpl.obj
 0001:0000c26c       ?FinalConstruct@COPOSKeylock@@QEAAJXZ 000000018000d26c f   KeylockImpl.obj
 0001:0000c2a8       ?FreezeEvents@COPOSKeylock@@MEAAJH@Z 000000018000d2a8 f   KeylockImpl.obj
 0001:0000c31c       ?GetOposProp@COPOSKeylock@@IEAAJJPEAJJ@Z 000000018000d31c f   KeylockImpl.obj
 0001:0000c438       ?GetOposProp@COPOSKeylock@@IEAAJJPEAPEA_WJ@Z 000000018000d438 f   KeylockImpl.obj
 0001:0000c564       ?OnDraw@COPOSKeylock@@MEAAJAEAUATL_DRAWINFO@@@Z 000000018000d564 f   KeylockImpl.obj
 0001:0000c650       ?Open@COPOSKeylock@@UEAAJPEA_WPEAJ@Z 000000018000d650 f   KeylockImpl.obj
 0001:0000ced8       ?ReleaseDevice@COPOSKeylock@@UEAAJPEAJ@Z 000000018000ded8 f   KeylockImpl.obj
 0001:0000cf1c       ?ResetStatistics@COPOSKeylock@@UEAAJPEA_WPEAJ@Z 000000018000df1c f   KeylockImpl.obj
 0001:0000cfa4       ?RetrieveStatistics@COPOSKeylock@@UEAAJPEAPEA_WPEAJ@Z 000000018000dfa4 f   KeylockImpl.obj
 0001:0000d02c       ?SOProcessID@COPOSKeylock@@UEAAJPEAJ@Z 000000018000e02c f   KeylockImpl.obj
 0001:0000d048       ?SetCOFreezeEvents@COPOSKeylock@@IEAAXF@Z 000000018000e048 f   KeylockImpl.obj
 0001:0000d12c       ?SetOposProp@COPOSKeylock@@IEAAJJJJ@Z 000000018000e12c f   KeylockImpl.obj
 0001:0000d28c       ?UpdateFirmware@COPOSKeylock@@UEAAJPEA_WPEAJ@Z 000000018000e28c f   KeylockImpl.obj
 0001:0000d314       ?UpdateStatistics@COPOSKeylock@@UEAAJPEA_WPEAJ@Z 000000018000e314 f   KeylockImpl.obj
 0001:0000d39c       ?WaitForKeylockChange@COPOSKeylock@@UEAAJJJPEAJ@Z 000000018000e39c f   KeylockImpl.obj
 0001:0000d468       ?get_BinaryConversion@COPOSKeylock@@UEAAJPEAJ@Z 000000018000e468 f   KeylockImpl.obj
 0001:0000d47c       ?get_CapCompareFirmwareVersion@COPOSKeylock@@UEAAJPEAF@Z 000000018000e47c f   KeylockImpl.obj
 0001:0000d4b0       ?get_CapKeylockType@COPOSKeylock@@UEAAJPEAJ@Z 000000018000e4b0 f   KeylockImpl.obj
 0001:0000d4c4       ?get_CapPowerReporting@COPOSKeylock@@UEAAJPEAJ@Z 000000018000e4c4 f   KeylockImpl.obj
 0001:0000d4d8       ?get_CapStatisticsReporting@COPOSKeylock@@UEAAJPEAF@Z 000000018000e4d8 f   KeylockImpl.obj
 0001:0000d50c       ?get_CapUpdateFirmware@COPOSKeylock@@UEAAJPEAF@Z 000000018000e50c f   KeylockImpl.obj
 0001:0000d540       ?get_CapUpdateStatistics@COPOSKeylock@@UEAAJPEAF@Z 000000018000e540 f   KeylockImpl.obj
 0001:0000d574       ?get_CheckHealthText@COPOSKeylock@@UEAAJPEAPEA_W@Z 000000018000e574 f   KeylockImpl.obj
 0001:0000d584       ?get_Claimed@COPOSKeylock@@UEAAJPEAF@Z 000000018000e584 f   KeylockImpl.obj
 0001:0000d5b4       ?get_ControlObjectDescription@COPOSKeylock@@UEAAJPEAPEA_W@Z 000000018000e5b4 f   KeylockImpl.obj
 0001:0000d618       ?get_ControlObjectVersion@COPOSKeylock@@UEAAJPEAJ@Z 000000018000e618 f   KeylockImpl.obj
 0001:0000d624       ?get_DeviceDescription@COPOSKeylock@@UEAAJPEAPEA_W@Z 000000018000e624 f   KeylockImpl.obj
 0001:0000d634       ?get_DeviceEnabled@COPOSKeylock@@UEAAJPEAF@Z 000000018000e634 f   KeylockImpl.obj
 0001:0000d664       ?get_DeviceName@COPOSKeylock@@UEAAJPEAPEA_W@Z 000000018000e664 f   KeylockImpl.obj
 0001:0000d674       ?get_ElectronicKeyValue@COPOSKeylock@@UEAAJPEAPEA_W@Z 000000018000e674 f   KeylockImpl.obj
 0001:0000d688       ?get_FreezeEvents@COPOSKeylock@@UEAAJPEAF@Z 000000018000e688 f   KeylockImpl.obj
 0001:0000d6b8       ?get_KeyPosition@COPOSKeylock@@UEAAJPEAJ@Z 000000018000e6b8 f   KeylockImpl.obj
 0001:0000d6c8       ?get_OpenResult@COPOSKeylock@@UEAAJPEAJ@Z 000000018000e6c8 f   KeylockImpl.obj
 0001:0000d6d4       ?get_PositionCount@COPOSKeylock@@UEAAJPEAJ@Z 000000018000e6d4 f   KeylockImpl.obj
 0001:0000d6e4       ?get_PowerNotify@COPOSKeylock@@UEAAJPEAJ@Z 000000018000e6e4 f   KeylockImpl.obj
 0001:0000d6f8       ?get_PowerState@COPOSKeylock@@UEAAJPEAJ@Z 000000018000e6f8 f   KeylockImpl.obj
 0001:0000d70c       ?get_ResultCode@COPOSKeylock@@UEAAJPEAJ@Z 000000018000e70c f   KeylockImpl.obj
 0001:0000d748       ?get_ResultCodeExtended@COPOSKeylock@@UEAAJPEAJ@Z 000000018000e748 f   KeylockImpl.obj
 0001:0000d758       ?get_ServiceObjectDescription@COPOSKeylock@@UEAAJPEAPEA_W@Z 000000018000e758 f   KeylockImpl.obj
 0001:0000d768       ?get_ServiceObjectVersion@COPOSKeylock@@UEAAJPEAJ@Z 000000018000e768 f   KeylockImpl.obj
 0001:0000d778       ?get_State@COPOSKeylock@@UEAAJPEAJ@Z 000000018000e778 f   KeylockImpl.obj
 0001:0000d7a4       ?put_BinaryConversion@COPOSKeylock@@UEAAJJ@Z 000000018000e7a4 f   KeylockImpl.obj
 0001:0000d7b8       ?put_DeviceEnabled@COPOSKeylock@@UEAAJF@Z 000000018000e7b8 f   KeylockImpl.obj
 0001:0000d7d0       ?put_FreezeEvents@COPOSKeylock@@UEAAJF@Z 000000018000e7d0 f   KeylockImpl.obj
 0001:0000d820       ?put_PowerNotify@COPOSKeylock@@UEAAJJ@Z 000000018000e820 f   KeylockImpl.obj
 0001:0000d834       ?s_EventWindowProc@COPOSKeylock@@KA_JPEAUHWND__@@I_K_J@Z 000000018000e834 f i KeylockImpl.obj
 0001:0000d8b0       ??_U@YAPEAX_K@Z            000000018000e8b0 f   LIBCMT:new_array.obj
 0001:0000d8b8       ??_V@YAXPEAX@Z             000000018000e8b8 f   LIBCMT:delete_array.obj
 0001:0000d8b8       ??3@YAXPEAX_K@Z            000000018000e8b8 f   LIBCMT:delete_scalar_size.obj
 0001:0000d8c0       ??_V@YAXPEAX_K@Z           000000018000e8c0 f   LIBCMT:delete_array_size.obj
 0001:0000d8c8       __scrt_acquire_startup_lock 000000018000e8c8 f   LIBCMT:utility.obj
 0001:0000d904       __scrt_dllmain_after_initialize_c 000000018000e904 f   LIBCMT:utility.obj
 0001:0000d938       __scrt_dllmain_before_initialize_c 000000018000e938 f   LIBCMT:utility.obj
 0001:0000d950       __scrt_dllmain_crt_thread_attach 000000018000e950 f   LIBCMT:utility.obj
 0001:0000d978       __scrt_dllmain_crt_thread_detach 000000018000e978 f   LIBCMT:utility.obj
 0001:0000d990       __scrt_dllmain_exception_filter 000000018000e990 f   LIBCMT:utility.obj
 0001:0000d9f0       __scrt_dllmain_uninitialize_c 000000018000e9f0 f   LIBCMT:utility.obj
 0001:0000da20       __scrt_dllmain_uninitialize_critical 000000018000ea20 f   LIBCMT:utility.obj
 0001:0000da34       __scrt_initialize_crt      000000018000ea34 f   LIBCMT:utility.obj
 0001:0000da80       __scrt_initialize_onexit_tables 000000018000ea80 f   LIBCMT:utility.obj
 0001:0000db0c       __scrt_is_nonwritable_in_current_image 000000018000eb0c f   LIBCMT:utility.obj
 0001:0000dba4       __scrt_release_startup_lock 000000018000eba4 f   LIBCMT:utility.obj
 0001:0000dbc8       __scrt_uninitialize_crt    000000018000ebc8 f   LIBCMT:utility.obj
 0001:0000dbf4       _onexit                    000000018000ebf4 f   LIBCMT:utility.obj
 0001:0000dc30       atexit                     000000018000ec30 f   LIBCMT:utility.obj
 0001:0000dc48       ??3@YAXPEAX@Z              000000018000ec48 f   LIBCMT:delete_scalar.obj
 0001:0000dd48       _Init_thread_footer        000000018000ed48 f   LIBCMT:thread_safe_statics.obj
 0001:0000dda8       _Init_thread_header        000000018000eda8 f   LIBCMT:thread_safe_statics.obj
 0001:0000de10       _Init_thread_notify        000000018000ee10 f   LIBCMT:thread_safe_statics.obj
 0001:0000de54       _Init_thread_wait          000000018000ee54 f   LIBCMT:thread_safe_statics.obj
 0001:0000deb8       __raise_securityfailure    000000018000eeb8 f   LIBCMT:gs_report.obj
 0001:0000deec       __report_gsfailure         000000018000eeec f   LIBCMT:gs_report.obj
 0001:0000dfc0       __report_rangecheckfailure 000000018000efc0 f   LIBCMT:gs_report.obj
 0001:0000dfd4       __report_securityfailure   000000018000efd4 f   LIBCMT:gs_report.obj
 0001:0000e154       ??2@YAPEAX_KAEBUnothrow_t@std@@@Z 000000018000f154 f   LIBCMT:new_scalar_nothrow.obj
 0001:0000e174       ??_U@YAPEAX_KAEBUnothrow_t@std@@@Z 000000018000f174 f   LIBCMT:new_array_nothrow.obj
 0001:0000e17c       __GSHandlerCheck           000000018000f17c f   LIBCMT:gshandler.obj
 0001:0000e19c       __GSHandlerCheckCommon     000000018000f19c f   LIBCMT:gshandler.obj
 0001:0000e1f8       __GSHandlerCheck_SEH       000000018000f1f8 f   LIBCMT:gshandlerseh.obj
 0001:0000e290       __chkstk                   000000018000f290 f   LIBCMT:chkstk.obj
 0001:0000e290       _alloca_probe              000000018000f290 f   LIBCMT:chkstk.obj
 0001:0000e300       __security_check_cookie    000000018000f300 f   LIBCMT:amdsecgs.obj
 0001:0000e644       _DllMainCRTStartup         000000018000f644 f   LIBCMT:dll_dllmain.obj
 0001:0000e684       ??2@YAPEAX_K@Z             000000018000f684 f   LIBCMT:new_scalar.obj
 0001:0000e6c0       __isa_available_init       000000018000f6c0 f   LIBCMT:cpu_disp.obj
 0001:0000e864       __scrt_is_ucrt_dll_in_use  000000018000f864 f   LIBCMT:ucrt_detection.obj
 0001:0000e870       __crt_debugger_hook        000000018000f870 f   LIBCMT:utility_desktop.obj
 0001:0000e878       __scrt_fastfail            000000018000f878 f   LIBCMT:utility_desktop.obj
 0001:0000e9c4       __security_init_cookie     000000018000f9c4 f   LIBCMT:gs_support.obj
 0001:0000ea70       ?__scrt_initialize_type_info@@YAXXZ 000000018000fa70 f   LIBCMT:tncleanup.obj
 0001:0000ea80       ?__scrt_uninitialize_type_info@@YAXXZ 000000018000fa80 f   LIBCMT:tncleanup.obj
 0001:0000ea8c       __local_stdio_scanf_options 000000018000fa8c f i LIBCMT:default_local_stdio_options.obj
 0001:0000ea94       __scrt_initialize_default_local_stdio_options 000000018000fa94 f   LIBCMT:default_local_stdio_options.obj
 0001:0000eab0       __scrt_get_dyn_tls_init_callback 000000018000fab0 f   LIBCMT:dyn_tls_init.obj
 0001:0000eab8       _RTC_Initialize            000000018000fab8 f   LIBCMT:initsect.obj
 0001:0000eaf4       _RTC_Terminate             000000018000faf4 f   LIBCMT:initsect.obj
 0001:0000eb30       ??0bad_alloc@std@@QEAA@AEBV01@@Z 000000018000fb30 f i LIBCMT:throw_bad_alloc.obj
 0001:0000eb6c       ??0bad_alloc@std@@QEAA@XZ  000000018000fb6c f i LIBCMT:throw_bad_alloc.obj
 0001:0000eb8c       ??0bad_array_new_length@std@@QEAA@AEBV01@@Z 000000018000fb8c f i LIBCMT:throw_bad_alloc.obj
 0001:0000ebc8       ??0bad_array_new_length@std@@QEAA@XZ 000000018000fbc8 f i LIBCMT:throw_bad_alloc.obj
 0001:0000ebe8       ??0exception@std@@QEAA@AEBV01@@Z 000000018000fbe8 f i LIBCMT:throw_bad_alloc.obj
 0001:0000ec1c       ??1bad_array_new_length@std@@UEAA@XZ 000000018000fc1c f i LIBCMT:throw_bad_alloc.obj
 0001:0000ec1c       ??1bad_exception@std@@UEAA@XZ 000000018000fc1c f i libvcruntime:frame.obj
 0001:0000ec1c       ??1bad_alloc@std@@UEAA@XZ  000000018000fc1c f i LIBCMT:throw_bad_alloc.obj
 0001:0000ec30       ??_Gbad_exception@std@@UEAAPEAXI@Z 000000018000fc30 f i libvcruntime:frame.obj
 0001:0000ec30       ??_Ebad_alloc@std@@UEAAPEAXI@Z 000000018000fc30 f i LIBCMT:throw_bad_alloc.obj
 0001:0000ec30       ??_Ebad_array_new_length@std@@UEAAPEAXI@Z 000000018000fc30 f i LIBCMT:throw_bad_alloc.obj
 0001:0000ec30       ??_Gexception@std@@UEAAPEAXI@Z 000000018000fc30 f i LIBCMT:throw_bad_alloc.obj
 0001:0000ec30       ??_Gbad_array_new_length@std@@UEAAPEAXI@Z 000000018000fc30 f i LIBCMT:throw_bad_alloc.obj
 0001:0000ec30       ??_Ebad_exception@std@@UEAAPEAXI@Z 000000018000fc30 f i libvcruntime:frame.obj
 0001:0000ec30       ??_Eexception@std@@UEAAPEAXI@Z 000000018000fc30 f i LIBCMT:throw_bad_alloc.obj
 0001:0000ec30       ??_Gbad_alloc@std@@UEAAPEAXI@Z 000000018000fc30 f i LIBCMT:throw_bad_alloc.obj
 0001:0000ec74       ?__scrt_throw_std_bad_alloc@@YAXXZ 000000018000fc74 f   LIBCMT:throw_bad_alloc.obj
 0001:0000ec94       ?__scrt_throw_std_bad_array_new_length@@YAXXZ 000000018000fc94 f   LIBCMT:throw_bad_alloc.obj
 0001:0000ecb4       ?what@exception@std@@UEBAPEBDXZ 000000018000fcb4 f i LIBCMT:throw_bad_alloc.obj
 0001:0000ecd0       ??_Etype_info@@UEAAPEAXI@Z 000000018000fcd0 f i LIBCMT:std_type_info_static.obj
 0001:0000ecd0       ??_Gtype_info@@UEAAPEAXI@Z 000000018000fcd0 f i LIBCMT:std_type_info_static.obj
 0001:0000ecfc       ??0CAtlBaseModule@ATL@@QEAA@XZ 000000018000fcfc f   atls:atlbase.obj
 0001:0000eda4       ??1CAtlBaseModule@ATL@@QEAA@XZ 000000018000fda4 f   atls:atlbase.obj
 0001:0000eed8       ?__AllocStdCallThunk_cmn@@YAPEAXXZ 000000018000fed8 f   atls:atlthunk.obj
 0001:0000f030       AtlThunk_AllocateData      0000000180010030 f   atls:atlthunk.obj
 0001:0000f0ac       AtlThunk_DataToCode        00000001800100ac f   atls:atlthunk.obj
 0001:0000f100       AtlThunk_FreeData          0000000180010100 f   atls:atlthunk.obj
 0001:0000f160       AtlThunk_InitData          0000000180010160 f   atls:atlthunk.obj
 0001:0000f208       _get_purecall_handler      0000000180010208 f   libvcruntime:purevirt.obj
 0001:0000f210       _purecall                  0000000180010210 f   libvcruntime:purevirt.obj
 0001:0000f22c       wcsstr                     000000018001022c f   libvcruntime:wcsstr.obj
 0001:0000f460       memcmp                     0000000180010460 f   libvcruntime:memcmp.obj
 0001:0000f540       memcpy_repmovs             0000000180010540 f   libvcruntime:memcpy.obj
 0001:0000f560       memcpy                     0000000180010560 f   libvcruntime:memcpy.obj
 0001:0000f560       memmove                    0000000180010560 f   libvcruntime:memcpy.obj
 0001:0000f950       memset_repmovs             0000000180010950 f   libvcruntime:memset.obj
 0001:0000f970       memset                     0000000180010970 f   libvcruntime:memset.obj
 0001:0000fb00       __vcrt_initialize          0000000180010b00 f   libvcruntime:initialization.obj
 0001:0000fb28       __vcrt_thread_attach       0000000180010b28 f   libvcruntime:initialization.obj
 0001:0000fb3c       __vcrt_thread_detach       0000000180010b3c f   libvcruntime:initialization.obj
 0001:0000fb50       __vcrt_uninitialize        0000000180010b50 f   libvcruntime:initialization.obj
 0001:0000fb6c       __vcrt_uninitialize_critical 0000000180010b6c f   libvcruntime:initialization.obj
 0001:0000fb7c       __C_specific_handler       0000000180010b7c f   libvcruntime:riscchandler.obj
 0001:0000fd88       ??$_CallSETranslator@V__FrameHandler3@@@@YAHPEAUEHExceptionRecord@@PEA_KPEAU_CONTEXT@@PEAU_xDISPATCHER_CONTEXT@@PEBU_s_FuncInfo@@K1@Z 0000000180010d88 f i libvcruntime:risctrnsctrl.obj
 0001:0000fddc       ?CatchTryBlock@__FrameHandler3@@SAPEBU_s_TryBlockMapEntry@@PEBU_s_FuncInfo@@H@Z 0000000180010ddc f   libvcruntime:risctrnsctrl.obj
 0001:0000fe30       ?ExecutionInCatch@__FrameHandler3@@SA_NPEAU_xDISPATCHER_CONTEXT@@PEBU_s_FuncInfo@@@Z 0000000180010e30 f   libvcruntime:risctrnsctrl.obj
 0001:0000fe5c       ?FrameUnwindToEmptyState@__FrameHandler3@@SAXPEA_KPEAU_xDISPATCHER_CONTEXT@@PEBU_s_FuncInfo@@@Z 0000000180010e5c f   libvcruntime:risctrnsctrl.obj
 0001:0000fec0       ?GetEstablisherFrame@__FrameHandler3@@SAPEA_KPEA_KPEAU_xDISPATCHER_CONTEXT@@PEBU_s_FuncInfo@@0@Z 0000000180010ec0 f   libvcruntime:risctrnsctrl.obj
 0001:0000ff8c       ?GetRangeOfTrysToCheck@__FrameHandler3@@SA?AU?$pair@Viterator@TryBlockMap@__FrameHandler3@@V123@@std@@AEAVTryBlockMap@1@HPEAU_xDISPATCHER_CONTEXT@@PEBU_s_FuncInfo@@H@Z 0000000180010f8c f   libvcruntime:risctrnsctrl.obj
 0001:000100cc       ?UnwindNestedFrames@__FrameHandler3@@SAXPEA_KPEAUEHExceptionRecord@@PEAU_CONTEXT@@0PEAXPEBU_s_FuncInfo@@HHPEBU_s_HandlerType@@PEAU_xDISPATCHER_CONTEXT@@E@Z 00000001800110cc f   libvcruntime:risctrnsctrl.obj
 0001:000101d0       _CreateFrameInfo           00000001800111d0 f   libvcruntime:risctrnsctrl.obj
 0001:0001020c       _FindAndUnlinkFrame        000000018001120c f   libvcruntime:risctrnsctrl.obj
 0001:00010260       _GetImageBase              0000000180011260 f   libvcruntime:risctrnsctrl.obj
 0001:00010274       _GetThrowImageBase         0000000180011274 f   libvcruntime:risctrnsctrl.obj
 0001:00010288       _SetImageBase              0000000180011288 f   libvcruntime:risctrnsctrl.obj
 0001:000102a0       _SetThrowImageBase         00000001800112a0 f   libvcruntime:risctrnsctrl.obj
 0001:000102b8       __CxxFrameHandler3         00000001800112b8 f   libvcruntime:risctrnsctrl.obj
 0001:00010340       __DestructExceptionObject  0000000180011340 f   libvcruntime:ehhelpers.obj
 0001:000103b0       ?_CallMemberFunction0@@YAXQEAX0@Z 00000001800113b0 f i libvcruntime:ehhelpers.obj
 0001:000103b4       _IsExceptionObjectToBeDestroyed 00000001800113b4 f   libvcruntime:ehhelpers.obj
 0001:000103e4       __AdjustPointer            00000001800113e4 f   libvcruntime:ehhelpers.obj
 0001:00010408       __FrameUnwindFilter        0000000180011408 f   libvcruntime:ehhelpers.obj
 0001:00010470       __std_type_info_compare    0000000180011470 f   libvcruntime:std_type_info.obj
 0001:00010498       __std_type_info_destroy_list 0000000180011498 f   libvcruntime:std_type_info.obj
 0001:000104c4       __std_exception_copy       00000001800114c4 f   libvcruntime:std_exception.obj
 0001:00010554       __std_exception_destroy    0000000180011554 f   libvcruntime:std_exception.obj
 0001:0001057c       _CxxThrowException         000000018001157c f   libvcruntime:throw.obj
 0001:0001061c       __vcrt_freefls             000000018001161c f   libvcruntime:per_thread_data.obj
 0001:0001063c       __vcrt_freeptd             000000018001163c f   libvcruntime:per_thread_data.obj
 0001:0001068c       __vcrt_getptd              000000018001168c f   libvcruntime:per_thread_data.obj
 0001:000106a8       __vcrt_getptd_noexit       00000001800116a8 f   libvcruntime:per_thread_data.obj
 0001:00010768       __vcrt_initialize_ptd      0000000180011768 f   libvcruntime:per_thread_data.obj
 0001:000107b0       __vcrt_uninitialize_ptd    00000001800117b0 f   libvcruntime:per_thread_data.obj
 0001:000107d4       __vcrt_initialize_locks    00000001800117d4 f   libvcruntime:locks.obj
 0001:00010808       __vcrt_uninitialize_locks  0000000180011808 f   libvcruntime:locks.obj
 0001:00010850       _NLG_Notify                0000000180011850 f   libvcruntime:notify.obj
 0001:00010870       __NLG_Dispatch2            0000000180011870 f   libvcruntime:notify.obj
 0001:00010880       __NLG_Return2              0000000180011880 f   libvcruntime:notify.obj
 0001:00010884       __except_validate_context_record 0000000180011884 f   libvcruntime:jbcxrval.obj
 0001:000108bc       ?GetCurrentState@__FrameHandler3@@SAHPEA_KPEAU_xDISPATCHER_CONTEXT@@PEBU_s_FuncInfo@@@Z 00000001800118bc f   libvcruntime:ehstate.obj
 0001:000108e4       ?GetUnwindTryBlock@__FrameHandler3@@SAHPEA_KPEAU_xDISPATCHER_CONTEXT@@PEBU_s_FuncInfo@@@Z 00000001800118e4 f   libvcruntime:ehstate.obj
 0001:00010910       ?SetState@__FrameHandler3@@SAXPEA_KPEBU_s_FuncInfo@@H@Z 0000000180011910 f   libvcruntime:ehstate.obj
 0001:0001091c       ?SetUnwindTryBlock@__FrameHandler3@@SAXPEA_KPEAU_xDISPATCHER_CONTEXT@@PEBU_s_FuncInfo@@H@Z 000000018001191c f   libvcruntime:ehstate.obj
 0001:00010958       ?StateFromControlPc@__FrameHandler3@@SAHPEBU_s_FuncInfo@@PEAU_xDISPATCHER_CONTEXT@@@Z 0000000180011958 f   libvcruntime:ehstate.obj
 0001:00010960       ?StateFromIp@__FrameHandler3@@SAHPEBU_s_FuncInfo@@PEAU_xDISPATCHER_CONTEXT@@_K@Z 0000000180011960 f   libvcruntime:ehstate.obj
 0001:00011468       ??$TypeMatchHelper@V__FrameHandler3@@@@YAHPEBU_s_HandlerType@@PEBU_s_CatchableType@@PEBU_s_ThrowInfo@@@Z 0000000180012468 f i libvcruntime:frame.obj
[...]
 0004:000016c8       $pdata$?try_get_function@@YAPEAXW4function_id@?A0x391cf84c@@QEBDQEBW4module_id@2@2@Z 00000001800346c8     libucrt:winapi_thunks.obj
 0004:000016d4       $pdata$wcstol              00000001800346d4     libucrt:strtox.obj
 0004:000016e0       $pdata$_mbtowc_l           00000001800346e0     libucrt:mbtowc.obj
 0004:000016ec       $pdata$__acrt_update_locale_info 00000001800346ec     libucrt:locale_update.obj
 0004:000016f8       $pdata$__acrt_update_multibyte_info 00000001800346f8     libucrt:locale_update.obj
 0004:00001704       $pdata$__acrt_fp_format    0000000180034704     libucrt:cvt.obj
 0004:00001710       $pdata$?fp_format_e_internal@@YAHQEAD_KH_NIQEAU_strflt@@2QEAU__crt_locale_pointers@@@Z 0000000180034710     libucrt:cvt.obj
 0004:0000171c       $pdata$?fp_format_e@@YAHQEBNQEAD_K12H_NIQEAU__crt_locale_pointers@@@Z 000000018003471c     libucrt:cvt.obj
 0004:00001728       $pdata$?fp_format_a@@YAHQEBNPEAD_KQEAD2H_NIQEAU__crt_locale_pointers@@@Z 0000000180034728     libucrt:cvt.obj
 0004:00001734       $pdata$?fp_format_f_internal@@YAHQEAD_KHQEAU_strflt@@_NQEAU__crt_locale_pointers@@@Z 0000000180034734     libucrt:cvt.obj
 0004:00001740       $pdata$?fp_format_g@@YAHQEBNQEAD_K12H_NIQEAU__crt_locale_pointers@@@Z 0000000180034740     libucrt:cvt.obj
 0004:0000174c       $pdata$_fileno             000000018003474c     libucrt:fileno.obj
 0004:00001758       $pdata$__acrt_initialize_stdio 0000000180034758     libucrt:_file.obj
 0004:00001764       $pdata$__acrt_uninitialize_stdio 0000000180034764     libucrt:_file.obj
 0004:00001770       $pdata$__acrt_uninitialize_locale 0000000180034770     libucrt:wsetlocale.obj
 0004:0000177c       $pdata$??$?RV<lambda_410d79af7f07d98d83a3f525b3859a53>@@AEAV<lambda_3e16ef9562a7dcce91392c22ab16ea36>@@V<lambda_38119f0e861e05405d8a144b9b982f0a>@@@?$__crt_seh_guarded_call@X@@QEAAX$$QEAV<lambda_410d79af7f07d98d83a3f525b3859a53>@@AEAV<lambda_3e16ef9562a7dcce91392c22ab16ea36>@@$$QEAV<lambda_38119f0e861e05405d8a144b9b982f0a>@@@Z 000000018003477c     libucrt:wsetlocale.obj
 0004:00001788       $pdata$?fin$0@?0???$?RV<lambda_410d79af7f07d98d83a3f525b3859a53>@@AEAV<lambda_3e16ef9562a7dcce91392c22ab16ea36>@@V<lambda_38119f0e861e05405d8a144b9b982f0a>@@@?$__crt_seh_guarded_call@X@@QEAAX$$QEAV<lambda_410d79af7f07d98d83a3f525b3859a53>@@AEAV<lambda_3e16ef9562a7dcce91392c22ab16ea36>@@$$QEAV<lambda_38119f0e861e05405d8a144b9b982f0a>@@@Z@4HA 0000000180034788     libucrt:wsetlocale.obj
 0004:00001794       $pdata$__acrt_initialize_lowio 0000000180034794     libucrt:ioinit.obj
 0004:000017a0       $pdata$__acrt_initialize_lowio$fin$0 00000001800347a0     libucrt:ioinit.obj
 0004:000017a0       $pdata$__acrt_lowio_ensure_fh_exists$fin$0 00000001800347a0     libucrt:osfinfo.obj
 0004:000017ac       $pdata$__acrt_uninitialize_lowio 00000001800347ac     libucrt:ioinit.obj
 0004:000017b8       $pdata$?initialize_inherited_file_handles_nolock@@YAXXZ 00000001800347b8     libucrt:ioinit.obj
 0004:000017c4       $pdata$?initialize_stdio_handles_nolock@@YAXXZ 00000001800347c4     libucrt:ioinit.obj
 0004:000017d0       $pdata$__acrt_initialize_locks 00000001800347d0     libucrt:locks.obj
 0004:000017dc       $pdata$__acrt_uninitialize_locks 00000001800347dc     libucrt:locks.obj
 0004:000017e8       $pdata$__acrt_get_process_end_policy 00000001800347e8     libucrt:win_policies.obj
 0004:000017f4       $pdata$??$__acrt_mbs_to_wcs_cp@U__crt_win32_buffer_internal_dynamic_resizing@@@@YAHQEBDAEAV?$__crt_win32_buffer@_WU__crt_win32_buffer_internal_dynamic_resizing@@@@I@Z 00000001800347f4     libucrt:argv_wildcards.obj
 0004:00001800       $pdata$??$__acrt_wcs_to_mbs_cp@U__crt_win32_buffer_internal_dynamic_resizing@@@@YAHQEB_WAEAV?$__crt_win32_buffer@DU__crt_win32_buffer_internal_dynamic_resizing@@@@I@Z 0000000180034800     libucrt:argv_wildcards.obj
 0004:0000180c       $pdata$??$common_expand_argv_wildcards@D@@YAHQEAPEADQEAPEAPEAD@Z 000000018003480c     libucrt:argv_wildcards.obj
 0004:00001818       $pdata$??$copy_and_add_argument_to_buffer@D@@YAHQEBD0_KAEAV?$argument_list@D@?A0x5f5c8891@@@Z 0000000180034818     libucrt:argv_wildcards.obj
 0004:00001824       $pdata$??$expand_argument_wildcards@D@@YAHQEAD0AEAV?$argument_list@D@?A0x5f5c8891@@@Z 0000000180034824     libucrt:argv_wildcards.obj
 0004:00001830       $pdata$__acrt_GetModuleFileNameA 0000000180034830     libucrt:getmodulefilenamea.obj
 0004:0000183c       $pdata$??$__acrt_wcs_to_mbs_cp@U__crt_win32_buffer_no_resizing@@@@YAHQEB_WAEAV?$__crt_win32_buffer@DU__crt_win32_buffer_no_resizing@@@@I@Z 000000018003483c     libucrt:getmodulefilenamea.obj
 0004:00001848       $pdata$__acrt_update_thread_multibyte_data 0000000180034848     libucrt:mbctype.obj
 0004:00001854       $pdata$__acrt_initialize_multibyte 0000000180034854     libucrt:mbctype.obj
 0004:00001860       $pdata$_setmbcp_nolock     0000000180034860     libucrt:mbctype.obj
 0004:0000186c       $pdata$?getSystemCP@@YAHH@Z 000000018003486c     libucrt:mbctype.obj
 0004:00001878       $pdata$?setSBCS@@YAXPEAU__crt_multibyte_data@@@Z 0000000180034878     libucrt:mbctype.obj
 0004:00001884       $pdata$?update_thread_multibyte_data_internal@@YAPEAU__crt_multibyte_data@@QEAU__acrt_ptd@@QEAPEAU1@@Z 0000000180034884     libucrt:mbctype.obj
 0004:00001890       $pdata$?fin$0@?0??update_thread_multibyte_data_internal@@YAPEAU__crt_multibyte_data@@QEAU__acrt_ptd@@QEAPEAU1@@Z@4HA 0000000180034890     libucrt:mbctype.obj
 0004:0000189c       $pdata$?setmbcp_internal@@YAHH_NQEAU__acrt_ptd@@QEAPEAU__crt_multibyte_data@@@Z 000000018003489c     libucrt:mbctype.obj
 0004:000018a8       $pdata$?setSBUpLow@@YAXPEAU__crt_multibyte_data@@@Z 00000001800348a8     libucrt:mbctype.obj
 0004:000018b4       $pdata$??$?RV<lambda_efdfa57d1f175319df784efa44bb7b81>@@AEAV<lambda_5f0a4c1567f8adc6734073e5d1e1b35c>@@V<lambda_2e8a7d3640ea6ccb4c2413664c2db6fd>@@@?$__crt_seh_guarded_call@X@@QEAAX$$QEAV<lambda_efdfa57d1f175319df784efa44bb7b81>@@AEAV<lambda_5f0a4c1567f8adc6734073e5d1e1b35c>@@$$QEAV<lambda_2e8a7d3640ea6ccb4c2413664c2db6fd>@@@Z 00000001800348b4     libucrt:mbctype.obj
 0004:000018c0       $pdata$?x_ismbbtype_l@@YAHPEAU__crt_locale_pointers@@IHH@Z 00000001800348c0     libucrt:ismbbyte.obj
 0004:000018cc       $pdata$__acrt_initialize_command_line 00000001800348cc     libucrt:argv_data.obj
 0004:000018d8       $pdata$__acrt_WideCharToMultiByte 00000001800348d8     libucrt:widechartomultibyte.obj
 0004:000018e4       $pdata$__dcrt_get_narrow_environment_from_os 00000001800348e4     libucrt:get_environment_from_os.obj
 0004:000018f0       $pdata$__acrt_initialize_heap 00000001800348f0     libucrt:heap_handle.obj
 0004:000018fc       $pdata$__acrt_execute_initializers 00000001800348fc     libucrt:shared_initialization.obj
 0004:00001908       $pdata$__acrt_execute_uninitializers 0000000180034908     libucrt:shared_initialization.obj
 0004:00001914       $pdata$__acrt_get_sigabrt_handler 0000000180034914     libucrt:signal.obj
 0004:00001920       $pdata$raise               0000000180034920     libucrt:signal.obj
 0004:0000192c       $pdata$raise$fin$0         000000018003492c     libucrt:signal.obj
 0004:00001938       $pdata$??$?RV<lambda_450d765d439847d4c735a33c368b5fc0>@@AEAV<lambda_44731a7d0e6d81c3e6aa82d741081786>@@V<lambda_601a2a7da3b7a96e9554ac7215c4b07c>@@@?$__crt_seh_guarded_call@P6AXH@Z@@QEAAP6AXH@Z$$QEAV<lambda_450d765d439847d4c735a33c368b5fc0>@@AEAV<lambda_44731a7d0e6d81c3e6aa82d741081786>@@$$QEAV<lambda_601a2a7da3b7a96e9554ac7215c4b07c>@@@Z 0000000180034938     libucrt:signal.obj
 0004:00001944       $pdata$_fflush_nolock      0000000180034944     libucrt:fflush.obj
 0004:00001950       $pdata$__acrt_stdio_flush_nolock 0000000180034950     libucrt:fflush.obj
 0004:0000195c       $pdata$?common_flush_all@@YAH_N@Z 000000018003495c     libucrt:fflush.obj
 0004:00001968       $pdata$??$?RV<lambda_842d9ff0dc9ef11c61343bbaebe7f885>@@AEAV<lambda_c5860995281e5c4ce005b3de8f5874ee>@@V<lambda_d90129c13df834fdcbf8d2b88dafcf2d>@@@?$__crt_seh_guarded_call@X@@QEAAX$$QEAV<lambda_842d9ff0dc9ef11c61343bbaebe7f885>@@AEAV<lambda_c5860995281e5c4ce005b3de8f5874ee>@@$$QEAV<lambda_d90129c13df834fdcbf8d2b88dafcf2d>@@@Z 0000000180034968     libucrt:fflush.obj
 0004:00001974       $pdata$?fin$0@?0???$?RV<lambda_842d9ff0dc9ef11c61343bbaebe7f885>@@AEAV<lambda_c5860995281e5c4ce005b3de8f5874ee>@@V<lambda_d90129c13df834fdcbf8d2b88dafcf2d>@@@?$__crt_seh_guarded_call@X@@QEAAX$$QEAV<lambda_842d9ff0dc9ef11c61343bbaebe7f885>@@AEAV<lambda_c5860995281e5c4ce005b3de8f5874ee>@@$$QEAV<lambda_d90129c13df834fdcbf8d2b88dafcf2d>@@@Z@4HA 0000000180034974     libucrt:fflush.obj
 0004:00001980       $pdata$??$?RV<lambda_886d6c58226a84441f68b9f2b8217b83>@@AEAV<lambda_ab61a845afdef5b7c387490eaf3616ee>@@V<lambda_f7f22ab5edc0698d5f6905b0d3f44752>@@@?$__crt_seh_guarded_call@X@@QEAAX$$QEAV<lambda_886d6c58226a84441f68b9f2b8217b83>@@AEAV<lambda_ab61a845afdef5b7c387490eaf3616ee>@@$$QEAV<lambda_f7f22ab5edc0698d5f6905b0d3f44752>@@@Z 0000000180034980     libucrt:fflush.obj
 0004:0000198c       $pdata$?fin$0@?0???$?RV<lambda_886d6c58226a84441f68b9f2b8217b83>@@AEAV<lambda_ab61a845afdef5b7c387490eaf3616ee>@@V<lambda_f7f22ab5edc0698d5f6905b0d3f44752>@@@?$__crt_seh_guarded_call@X@@QEAAX$$QEAV<lambda_886d6c58226a84441f68b9f2b8217b83>@@AEAV<lambda_ab61a845afdef5b7c387490eaf3616ee>@@$$QEAV<lambda_f7f22ab5edc0698d5f6905b0d3f44752>@@@Z@4HA 000000018003498c     libucrt:fflush.obj
 0004:00001998       $pdata$__pctype_func       0000000180034998     libucrt:ctype.obj
 0004:000019a4       $pdata$iswctype            00000001800349a4     libucrt:iswctype.obj
 0004:000019b0       $pdata$__acrt_release_locale_ref 00000001800349b0     libucrt:locale_refcounting.obj
 0004:000019bc       $pdata$__acrt_free_locale  00000001800349bc     libucrt:locale_refcounting.obj
 0004:000019c8       $pdata$__acrt_locale_free_lc_time_if_unreferenced 00000001800349c8     libucrt:locale_refcounting.obj
 0004:000019d4       $pdata$__acrt_update_thread_locale_data 00000001800349d4     libucrt:locale_refcounting.obj
 0004:000019e0       $pdata$__acrt_update_thread_locale_data$fin$0 00000001800349e0     libucrt:locale_refcounting.obj
 0004:000019ec       $pdata$_updatetlocinfoEx_nolock 00000001800349ec     libucrt:locale_refcounting.obj
 0004:000019f8       $pdata$__acrt_DownlevelLocaleNameToLCID 00000001800349f8     libucrt:lcidtoname_downlevel.obj
 0004:00001a04       $pdata$_isleadbyte_l       0000000180034a04     libucrt:_wctype.obj
 0004:00001a10       $pdata$?__mbrtowc_utf8@__crt_mbstring@@YA_KPEA_WPEBD_KPEAU_Mbstatet@@@Z 0000000180034a10     libucrt:mbrtowc.obj
 0004:00001a1c       $pdata$?__mbsrtowcs_utf8@__crt_mbstring@@YA_KPEA_WPEAPEBD_KPEAU_Mbstatet@@@Z 0000000180034a1c     libucrt:mbrtowc.obj
 0004:00001a28       $pdata$__acrt_fp_strflt_to_string 0000000180034a28     libucrt:_fptostr.obj
 0004:00001a34       $pdata$memcpy_s            0000000180034a34     libucrt:cfout.obj
 0004:00001a40       $pdata$__acrt_fltout       0000000180034a40     libucrt:cfout.obj
 0004:00001a4c       $pdata$?divide@__crt_strtox@@YA_KAEAUbig_integer@1@AEBU21@@Z 0000000180034a4c     libucrt:cfout.obj
 0004:00001a58       $pdata$0$?divide@__crt_strtox@@YA_KAEAUbig_integer@1@AEBU21@@Z 0000000180034a58     libucrt:cfout.obj
 0004:00001a64       $pdata$1$?divide@__crt_strtox@@YA_KAEAUbig_integer@1@AEBU21@@Z 0000000180034a64     libucrt:cfout.obj
 0004:00001a70       $pdata$_fcloseall          0000000180034a70     libucrt:closeall.obj
 0004:00001a7c       $pdata$_fcloseall$fin$0    0000000180034a7c     libucrt:closeall.obj
 0004:00001a88       $pdata$__acrt_stdio_free_buffer_nolock 0000000180034a88     libucrt:_freebuf.obj
 0004:00001a94       $pdata$_isatty             0000000180034a94     libucrt:isatty.obj
 0004:00001aa0       $pdata$__acrt_locale_free_monetary 0000000180034aa0     libucrt:initmon.obj
 0004:00001aac       $pdata$__acrt_locale_free_numeric 0000000180034aac     libucrt:initnum.obj
 0004:00001ab8       $pdata$__acrt_locale_free_time 0000000180034ab8     libucrt:inittime.obj
 0004:00001ac4       $pdata$?free_crt_array_internal@@YAXQEAPEBX_K@Z 0000000180034ac4     libucrt:inittime.obj
 0004:00001ad0       $pdata$__acrt_GetStringTypeA 0000000180034ad0     libucrt:getstringtypea.obj
 0004:00001adc       $pdata$_get_osfhandle      0000000180034adc     libucrt:osfinfo.obj
 0004:00001ae8       $pdata$_free_osfhnd        0000000180034ae8     libucrt:osfinfo.obj
 0004:00001af4       $pdata$__acrt_lowio_create_handle_array 0000000180034af4     libucrt:osfinfo.obj
 0004:00001b00       $pdata$__acrt_lowio_destroy_handle_array 0000000180034b00     libucrt:osfinfo.obj
 0004:00001b0c       $pdata$__acrt_lowio_ensure_fh_exists 0000000180034b0c     libucrt:osfinfo.obj
 0004:00001b18       $pdata$qsort               0000000180034b18     libucrt:qsort.obj
 0004:00001b24       $pdata$4$qsort             0000000180034b24     libucrt:qsort.obj
 0004:00001b30       $pdata$5$qsort             0000000180034b30     libucrt:qsort.obj
 0004:00001b3c       $pdata$strncpy_s           0000000180034b3c     libucrt:strncpy_s.obj
 0004:00001b48       $pdata$strpbrk             0000000180034b48     libucrt:strpbrk.obj
 0004:00001b54       $pdata$fallbackMethod      0000000180034b54     libucrt:strpbrk.obj
 0004:00001b60       $pdata$_mbsdec_l           0000000180034b60     libucrt:mbsdec.obj
 0004:00001b6c       $pdata$__acrt_LCMapStringA 0000000180034b6c     libucrt:lcmapstringa.obj
 0004:00001b78       $pdata$?__acrt_LCMapStringA_stat@@YAHPEAU__crt_locale_pointers@@PEB_WKPEBDHPEADHHH@Z 0000000180034b78     libucrt:lcmapstringa.obj
 0004:00001b84       $pdata$?initialize_multibyte@@YAHXZ 0000000180034b84     libucrt:multibyte_initializer.obj
 0004:00001b90       $pdata$_commit             0000000180034b90     libucrt:commit.obj
 0004:00001b9c       $pdata$??$?RV<lambda_a37b2b86f63e897a80ea819b0eb08c01>@@AEAV<lambda_38ce7e780aa69e748d6df282ebc68efe>@@V<lambda_99fb1378e971ab6e7edea83e3a7a83a2>@@@?$__crt_seh_guarded_call@H@@QEAAH$$QEAV<lambda_a37b2b86f63e897a80ea819b0eb08c01>@@AEAV<lambda_38ce7e780aa69e748d6df282ebc68efe>@@$$QEAV<lambda_99fb1378e971ab6e7edea83e3a7a83a2>@@@Z 0000000180034b9c     libucrt:commit.obj
 0004:00001ba8       $pdata$?fin$0@?0???$?RV<lambda_751a882b2c74d4b022dec766aa51a29a>@@AEAV<lambda_628dfdc04ba53c8bfc02c9951375f3f5>@@V<lambda_f6c7be5f7998530c34de24c7437d6b54>@@@?$__crt_seh_guarded_call@H@@QEAAH$$QEAV<lambda_751a882b2c74d4b022dec766aa51a29a>@@AEAV<lambda_628dfdc04ba53c8bfc02c9951375f3f5>@@$$QEAV<lambda_f6c7be5f7998530c34de24c7437d6b54>@@@Z@4HA 0000000180034ba8     libucrt:close.obj
 0004:00001ba8       $pdata$?fin$0@?0???$?RV<lambda_a37b2b86f63e897a80ea819b0eb08c01>@@AEAV<lambda_38ce7e780aa69e748d6df282ebc68efe>@@V<lambda_99fb1378e971ab6e7edea83e3a7a83a2>@@@?$__crt_seh_guarded_call@H@@QEAAH$$QEAV<lambda_a37b2b86f63e897a80ea819b0eb08c01>@@AEAV<lambda_38ce7e780aa69e748d6df282ebc68efe>@@$$QEAV<lambda_99fb1378e971ab6e7edea83e3a7a83a2>@@@Z@4HA 0000000180034ba8     libucrt:commit.obj
 0004:00001bb4       $pdata$_write              0000000180034bb4     libucrt:write.obj
 0004:00001bc0       $pdata$_write$fin$0        0000000180034bc0     libucrt:write.obj
 0004:00001bcc       $pdata$_write_nolock       0000000180034bcc     libucrt:write.obj
 0004:00001bd8       $pdata$?write_double_translated_ansi_nolock@@YA?AUwrite_result@?A0x17268360@@HQEBDI@Z 0000000180034bd8     libucrt:write.obj
 0004:00001be4       $pdata$?write_text_ansi_nolock@@YA?AUwrite_result@?A0x17268360@@HQEBDI@Z 0000000180034be4     libucrt:write.obj
 0004:00001bf0       $pdata$?write_text_utf16le_nolock@@YA?AUwrite_result@?A0x17268360@@HQEBDI@Z 0000000180034bf0     libucrt:write.obj
 0004:00001bfc       $pdata$?write_text_utf8_nolock@@YA?AUwrite_result@?A0x17268360@@HQEBDI@Z 0000000180034bfc     libucrt:write.obj
 0004:00001c08       $pdata$?__mbrtoc32_utf8@__crt_mbstring@@YA_KPEA_UPEBD_KPEAU_Mbstatet@@@Z 0000000180034c08     libucrt:mbrtoc32.obj
 0004:00001c14       $pdata$fegetenv            0000000180034c14     libucrt:fegetenv.obj
 0004:00001c20       $pdata$fesetenv            0000000180034c20     libucrt:fesetenv.obj
 0004:00001c2c       $pdata$feholdexcept        0000000180034c2c     libucrt:feholdexcept.obj
 0004:00001c44       $pdata$??$common_lseek_nolock@_J@@YA_JH_JH@Z 0000000180034c44     libucrt:lseek.obj
 0004:00001c50       $pdata$fclose              0000000180034c50     libucrt:fclose.obj
 0004:00001c5c       $pdata$fclose$fin$0        0000000180034c5c     libucrt:fclose.obj
 0004:00001c68       $pdata$_fclose_nolock      0000000180034c68     libucrt:fclose.obj
 0004:00001c74       $pdata$_putwch_nolock      0000000180034c74     libucrt:putwch.obj
 0004:00001c80       $pdata$__acrt_fenv_set_control 0000000180034c80     libucrt:_fenvutils.obj
 0004:00001c8c       $pdata$_clearfp            0000000180034c8c     libucrt:ieee.obj
 0004:00001c98       $pdata$_call_matherr       0000000180034c98     libucrt:libm_error.obj
 0004:00001ca4       $pdata$_exception_enabled  0000000180034ca4     libucrt:libm_error.obj
 0004:00001cb0       $pdata$_handle_error       0000000180034cb0     libucrt:libm_error.obj
 0004:00001cbc       $pdata$__acrt_initialize_fma3 0000000180034cbc     libucrt:fma3_available.obj
 0004:00001cc8       $pdata$_log_special_common 0000000180034cc8     libucrt:log_special.obj
 0004:00001cd4       $pdata$_log10_special      0000000180034cd4     libucrt:log_special.obj
 0004:00001ce0       $pdata$_close              0000000180034ce0     libucrt:close.obj
 0004:00001cec       $pdata$_close_nolock       0000000180034cec     libucrt:close.obj
 0004:00001cf8       $pdata$??$?RV<lambda_751a882b2c74d4b022dec766aa51a29a>@@AEAV<lambda_628dfdc04ba53c8bfc02c9951375f3f5>@@V<lambda_f6c7be5f7998530c34de24c7437d6b54>@@@?$__crt_seh_guarded_call@H@@QEAAH$$QEAV<lambda_751a882b2c74d4b022dec766aa51a29a>@@AEAV<lambda_628dfdc04ba53c8bfc02c9951375f3f5>@@$$QEAV<lambda_f6c7be5f7998530c34de24c7437d6b54>@@@Z 0000000180034cf8     libucrt:close.obj
 0004:00001d04       $pdata$__dcrt_lowio_ensure_console_output_initialized 0000000180034d04     libucrt:initcon.obj
 0004:00001d10       $pdata$__dcrt_write_console 0000000180034d10     libucrt:initcon.obj
 0004:00001d1c       $pdata$__dcrt_terminate_console_output 0000000180034d1c     libucrt:initcon.obj
 0004:00001d34       $pdata$_set_errno_from_matherr 0000000180034d34     libucrt:fpexcept.obj
 0004:00001d40       $pdata$_raise_exc          0000000180034d40     libucrt:fpexcept.obj
 0004:00001d4c       $pdata$_raise_exc_ex       0000000180034d4c     libucrt:fpexcept.obj
 0004:00001d58       $pdata$_clrfp              0000000180034d58     libucrt:fpctrl.obj
 0004:00001d64       $pdata$_ctrlfp             0000000180034d64     libucrt:fpctrl.obj
 0004:00001d70       $pdata$_ctrlfp$filt$0      0000000180034d70     libucrt:fpctrl.obj
 0004:00001d7c       $pdata$_statfp             0000000180034d7c     libucrt:fpctrl.obj
 0004:00001d88       $pdata$_set_statfp         0000000180034d88     libucrt:fpctrl.obj
 0004:00001d94       $pdata$_IsNonwritableInCurrentImage 0000000180034d94     LIBCMT:pesect.obj
 0004:00001da0       $pdata$_IsNonwritableInCurrentImage$filt$0 0000000180034da0     LIBCMT:pesect.obj
 0005:00000000       MoveSmall                  0000000180035000     libvcruntime:memcpy.obj
 0005:00000050       MsetTab                    0000000180035050     libvcruntime:memset.obj
 0006:00000220       $R000000                   0000000180036220     Keylock.res
 0006:00000ba8       $R000988                   0000000180036ba8     Keylock.res
 0006:00000c90       $R000A70                   0000000180036c90     Keylock.res
 0006:00000ef8       $R000CD8                   0000000180036ef8     Keylock.res
 0006:00001448       $R001228                   0000000180037448     Keylock.res
 0006:00003950       $R003730                   0000000180039950     Keylock.res
 0006:00003980       $R003760                   0000000180039980     Keylock.res
