 OPOSMSR

 Timestamp is 61a75852 (Wed Dec  1 20:11:14 2021)

 Preferred load address is 0000000180000000

 Start         Length     Name                   Class
 0001:00000000 000000c0H .text$di                CODE
 0001:000000c0 000244e0H .text$mn                CODE
 0001:000245a0 00000040H .text$mn$00             CODE
 0001:000245e0 00000660H .text$x                 CODE
 0001:00024c40 00000078H .text$yd                CODE
 0002:00000000 00000640H .idata$5                DATA
 0002:00000640 00000030H .00cfg                  DATA
 0002:00000670 00000008H .CRT$XCA                DATA
 0002:00000678 00000008H .CRT$XCL                DATA
 0002:00000680 00000020H .CRT$XCU                DATA
 0002:000006a0 00000008H .CRT$XCZ                DATA
 0002:000006a8 00000008H .CRT$XIA                DATA
 0002:000006b0 00000020H .CRT$XIC                DATA
 0002:000006d0 00000008H .CRT$XIZ                DATA
 0002:000006d8 00000008H .CRT$XLA                DATA
 0002:000006e0 00000008H .CRT$XLZ                DATA
 0002:000006e8 00000008H .CRT$XPA                DATA
 0002:000006f0 00000010H .CRT$XPX                DATA
 0002:00000700 00000008H .CRT$XPXA               DATA
 0002:00000708 00000008H .CRT$XPZ                DATA
 0002:00000710 00000008H .CRT$XTA                DATA
 0002:00000718 00000008H .CRT$XTZ                DATA
 0002:00000720 00000000H .gehcont$y              DATA
 0002:00000720 00000000H .gfids$y                DATA
 0002:00000720 0000a860H .rdata                  DATA
 0002:0000af80 00000000H .rdata$CastGuardVftablesA DATA
 0002:0000af80 00000000H .rdata$CastGuardVftablesC DATA
 0002:0000af80 00000028H .rdata$T                DATA
 0002:0000afa8 00000274H .rdata$r                DATA
 0002:0000b21c 00000048H .rdata$voltmd           DATA
 0002:0000b264 0000042cH .rdata$zzzdbg           DATA
 0002:0000b690 00000008H .rtc$IAA                DATA
 0002:0000b698 00000008H .rtc$IZZ                DATA
 0002:0000b6a0 00000008H .rtc$TAA                DATA
 0002:0000b6a8 00000008H .rtc$TZZ                DATA
 0002:0000b6b0 00000004H .tls                    DATA
 0002:0000b6b4 00000004H .tls$                   DATA
 0002:0000b6b8 00000008H .tls$ZZZ                DATA
 0002:0000b6c0 00001938H .xdata                  DATA
 0002:0000cff8 00000150H .xdata$x                DATA
 0002:0000d148 00000008H ATL$__a                 DATA
 0002:0000d150 00000010H ATL$__z                 DATA
 0002:0000d160 000000a4H .edata                  DATA
 0002:0000d204 00000078H .idata$2                DATA
 0002:0000d27c 00000014H .idata$3                DATA
 0002:0000d290 00000640H .idata$4                DATA
 0002:0000d8d0 00000c5cH .idata$6                DATA
 0003:00000000 00000db8H .data                   DATA
 0003:00000db8 000000a8H .data$r                 DATA
 0003:00000e60 00000020H .data$rs                DATA
 0003:00000e80 000013ecH .bss                    DATA
 0004:00000000 000020acH .pdata                  DATA
 0005:00000000 000000f4H _RDATA                  DATA
 0006:00000000 00000220H .rsrc$01                DATA
 0006:00000220 00005b88H .rsrc$02                DATA

  Address         Publics by Value              Rva+Base               Lib:Object

 0000:00000000       ___safe_se_handler_table   0000000000000000     <absolute>
 0000:00000000       __x64_code_ranges_to_entry_points_count 0000000000000000     <absolute>
 0000:00000000       __x64_code_ranges_to_entry_points 0000000000000000     <absolute>
 0000:00000000       __arm64x_redirection_metadata 0000000000000000     <absolute>
 0000:00000000       __guard_fids_count         0000000000000000     <absolute>
 0000:00000000       __guard_iat_table          0000000000000000     <absolute>
 0000:00000000       __arm64x_extra_rfe_table   0000000000000000     <absolute>
 0000:00000000       __guard_iat_count          0000000000000000     <absolute>
 0000:00000000       __guard_longjmp_count      0000000000000000     <absolute>
 0000:00000000       __hybrid_code_map          0000000000000000     <absolute>
 0000:00000000       __dynamic_value_reloc_table 0000000000000000     <absolute>
 0000:00000000       __arm64x_extra_rfe_table_size 0000000000000000     <absolute>
 0000:00000000       __guard_longjmp_table      0000000000000000     <absolute>
 0000:00000000       ___safe_se_handler_count   0000000000000000     <absolute>
 0000:00000000       __hybrid_auxiliary_iat     0000000000000000     <absolute>
 0000:00000000       __hybrid_auxiliary_iat_copy 0000000000000000     <absolute>
 0000:00000000       __AbsoluteZero             0000000000000000     <absolute>
 0000:00000000       __guard_eh_cont_count      0000000000000000     <absolute>
 0000:00000000       __guard_check_icall_a64n_fptr 0000000000000000     <absolute>
 0000:00000000       __guard_fids_table         0000000000000000     <absolute>
 0000:00000000       __arm64x_redirection_metadata_count 0000000000000000     <absolute>
 0000:00000000       __enclave_config           0000000000000000     <absolute>
 0000:00000000       __guard_eh_cont_table      0000000000000000     <absolute>
 0000:00000000       __arm64x_native_entrypoint 0000000000000000     <absolute>
 0000:00000000       __hybrid_code_map_count    0000000000000000     <absolute>
 0000:00000100       __guard_flags              0000000000000100     <absolute>
 0000:00000000       __ImageBase                0000000180000000     <linker-defined>
 0001:000000c0       ?DupWide@_CW@@AEAAXXZ      00000001800010c0 f   CWString.obj
 0001:000000e8       ?cw_dup@@YAXPEBDAEAHAEAPEA_W1@Z 00000001800010e8 f   CWString.obj
 0001:000001c8       ?cw_memcpy@@YAHPEA_WPEBDH@Z 00000001800011c8 f   CWString.obj
 0001:00000214       ?cw_strcpy@@YAHPEA_WPEBD@Z 0000000180001214 f   CWString.obj
 0001:00000228       ??0CAtlComModule@ATL@@QEAA@XZ 0000000180001228 f i OposVariant.obj
 0001:000002a8       ??0CAtlWinModule@ATL@@QEAA@XZ 00000001800012a8 f i OposVariant.obj
 0001:00000314       ??0OposDispParms@@QEAA@PEAVOposVariant@@H@Z 0000000180001314 f   OposVariant.obj
 0001:000003bc       ??1OposDispParms@@QEAA@XZ  00000001800013bc f   OposVariant.obj
 0001:000003d4       ??_Estringdispid@CComTypeInfoHolder@ATL@@QEAAPEAXI@Z 00000001800013d4 f i OposVariant.obj
 0001:00000478       ?AtlWinModuleTerm@ATL@@YAJPEAU_ATL_WIN_MODULE70@1@PEAUHINSTANCE__@@@Z 0000000180001478 f i OposVariant.obj
 0001:00000528       ?ChangeBSTR@OposVariant@@QEAAXPEAPEA_WAEAJ@Z 0000000180001528 f   OposVariant.obj
 0001:00000588       ?ChangeLONG@OposVariant@@QEAAXPEAJAEAJ@Z 0000000180001588 f   OposVariant.obj
 0001:000005e4       ?GetLONG@OposVariant@@QEAAJXZ 00000001800015e4 f   OposVariant.obj
 0001:00000608       ?SetBSTR@OposVariant@@QEAAXPEA_WAEAJ@Z 0000000180001608 f   OposVariant.obj
 0001:00000648       ?SetBSTR_Copy@OposVariant@@QEAAXPEA_WAEAJ@Z 0000000180001648 f   OposVariant.obj
 0001:000006b8       ?SetBSTR_InOutPtr@OposVariant@@QEAA_NPEAPEA_WAEAJ@Z 00000001800016b8 f   OposVariant.obj
 0001:00000708       ?SetBSTR_OutPtr@OposVariant@@QEAA_NPEAPEA_WAEAJ@Z 0000000180001708 f   OposVariant.obj
 0001:00000724       ?SetDispatch_Ptr@OposVariant@@QEAAXPEAUIDispatch@@AEAJ@Z 0000000180001724 f   OposVariant.obj
 0001:0000077c       ?SetLONG@OposVariant@@QEAAXJ@Z 000000018000177c f   OposVariant.obj
 0001:000007ac       ?SetLONG_Ptr@OposVariant@@QEAAXPEAJAEAJ@Z 00000001800017ac f   OposVariant.obj
 0001:000007f8       ?SetString@OposVariant@@QEAAXPEB_WAEAJ@Z 00000001800017f8 f   OposVariant.obj
 0001:0000085c       ?SetVARIANT@OposVariant@@QEAAXAEAUtagVARIANT@@GAEAJ@Z 000000018000185c f   OposVariant.obj
 0001:000008cc       ?SetVARIANT_BOOL@OposVariant@@QEAAXF@Z 00000001800018cc f   OposVariant.obj
 0001:00000904       ?Term@CAtlComModule@ATL@@QEAAXXZ 0000000180001904 f i OposVariant.obj
 0001:00000974       ?_AtlInitializeCriticalSectionEx@ATL@@YAHPEAU_RTL_CRITICAL_SECTION@@KK@Z 0000000180001974 f i OposVariant.obj
 0001:0000097c       ?_AtlRaiseException@ATL@@YAXKK@Z 000000018000197c f i OposVariant.obj
 0001:0000098c       ?Next@?$CComEnumImpl@UIEnumConnections@@$1?_GUID_b196b287_bab4_101a_b69c_00aa00341d07@@3U__s_GUID@@BUtagCONNECTDATA@@V?$_Copy@UtagCONNECTDATA@@@ATL@@@ATL@@UEAAJKPEAUtagCONNECTDATA@@PEAK@Z 000000018000198c f i MSR.obj
 0001:00000a54       ?Skip@?$CComEnumImpl@UIEnumConnections@@$1?_GUID_b196b287_bab4_101a_b69c_00aa00341d07@@3U__s_GUID@@BUtagCONNECTDATA@@V?$_Copy@UtagCONNECTDATA@@@ATL@@@ATL@@UEAAJK@Z 0000000180001a54 f i MSR.obj
 0001:00000a80       ?Reset@?$CComEnumImpl@UIEnumConnections@@$1?_GUID_b196b287_bab4_101a_b69c_00aa00341d07@@3U__s_GUID@@BUtagCONNECTDATA@@V?$_Copy@UtagCONNECTDATA@@@ATL@@@ATL@@UEAAJXZ 0000000180001a80 f i MSR.obj
 0001:00000a80       ?Reset@?$CComEnumImpl@UIEnumConnectionPoints@@$1?_GUID_b196b285_bab4_101a_b69c_00aa00341d07@@3U__s_GUID@@BPEAUIConnectionPoint@@V?$_CopyInterface@UIConnectionPoint@@@ATL@@@ATL@@UEAAJXZ 0000000180001a80 f i MSR.obj
 0001:00000a8c       ?Clone@?$CComEnumImpl@UIEnumConnections@@$1?_GUID_b196b287_bab4_101a_b69c_00aa00341d07@@3U__s_GUID@@BUtagCONNECTDATA@@V?$_Copy@UtagCONNECTDATA@@@ATL@@@ATL@@UEAAJPEAPEAUIEnumConnections@@@Z 0000000180001a8c f i MSR.obj
 0001:00000bb8       ?AddRef@?$CComObject@V?$CComEnum@UIEnumConnections@@$1?_GUID_b196b287_bab4_101a_b69c_00aa00341d07@@3U__s_GUID@@BUtagCONNECTDATA@@V?$_Copy@UtagCONNECTDATA@@@ATL@@VCComSingleThreadModel@6@@ATL@@@ATL@@UEAAKXZ 0000000180001bb8 f i MSR.obj
 0001:00000bb8       ?AddRef@?$CComObject@V?$CComEnum@UIEnumConnectionPoints@@$1?_GUID_b196b285_bab4_101a_b69c_00aa00341d07@@3U__s_GUID@@BPEAUIConnectionPoint@@V?$_CopyInterface@UIConnectionPoint@@@ATL@@VCComSingleThreadModel@6@@ATL@@@ATL@@UEAAKXZ 0000000180001bb8 f i MSR.obj
 0001:00000bc4       ?Release@?$CComObject@V?$CComEnum@UIEnumConnections@@$1?_GUID_b196b287_bab4_101a_b69c_00aa00341d07@@3U__s_GUID@@BUtagCONNECTDATA@@V?$_Copy@UtagCONNECTDATA@@@ATL@@VCComSingleThreadModel@6@@ATL@@@ATL@@UEAAKXZ 0000000180001bc4 f i MSR.obj
 0001:00000bc4       ?Release@?$CComObject@V?$CComEnum@UIEnumConnectionPoints@@$1?_GUID_b196b285_bab4_101a_b69c_00aa00341d07@@3U__s_GUID@@BPEAUIConnectionPoint@@V?$_CopyInterface@UIConnectionPoint@@@ATL@@VCComSingleThreadModel@6@@ATL@@@ATL@@UEAAKXZ 0000000180001bc4 f i MSR.obj
 0001:00000c18       ?QueryInterface@?$CComObject@V?$CComEnum@UIEnumConnections@@$1?_GUID_b196b287_bab4_101a_b69c_00aa00341d07@@3U__s_GUID@@BUtagCONNECTDATA@@V?$_Copy@UtagCONNECTDATA@@@ATL@@VCComSingleThreadModel@6@@ATL@@@ATL@@UEAAJAEBU_GUID@@PEAPEAX@Z 0000000180001c18 f i MSR.obj
 0001:00000c2c       ??_E?$CComObject@V?$CComEnum@UIEnumConnections@@$1?_GUID_b196b287_bab4_101a_b69c_00aa00341d07@@3U__s_GUID@@BUtagCONNECTDATA@@V?$_Copy@UtagCONNECTDATA@@@ATL@@VCComSingleThreadModel@6@@ATL@@@ATL@@UEAAPEAXI@Z 0000000180001c2c f i MSR.obj
 0001:00000c2c       ??_G?$CComObject@V?$CComEnum@UIEnumConnections@@$1?_GUID_b196b287_bab4_101a_b69c_00aa00341d07@@3U__s_GUID@@BUtagCONNECTDATA@@V?$_Copy@UtagCONNECTDATA@@@ATL@@VCComSingleThreadModel@6@@ATL@@@ATL@@UEAAPEAXI@Z 0000000180001c2c f i MSR.obj
 0001:00000c84       ?ObjectMain@CComObjectRootBase@ATL@@SAX_N@Z 0000000180001c84 f i MSR.obj
 0001:00000c84       _guard_check_icall_nop     0000000180001c84 f i LIBCMT:guard_support.obj
 0001:00000c84       ?OnFinalMessage@?$CWindowImplBaseT@VCWindow@ATL@@V?$CWinTraits@$0FGAAAAAA@$0A@@2@@ATL@@UEAAXPEAUHWND__@@@Z 0000000180001c84 f i MSR.obj
 0001:00000c88       ?ResizeBorder@?$IOleInPlaceActiveObjectImpl@VCOPOSMSR@@@ATL@@UEAAJPEBUtagRECT@@PEAUIOleInPlaceUIWindow@@H@Z 0000000180001c88 f i MSR.obj
 0001:00000c88       ?HandsOffStorage@?$IPersistStorageImpl@VCOPOSMSR@@@ATL@@UEAAJXZ 0000000180001c88 f i MSR.obj
 0001:00000c88       ?SetHostNames@?$IOleObjectImpl@VCOPOSMSR@@@ATL@@UEAAJPEB_W0@Z 0000000180001c88 f i MSR.obj
 0001:00000c88       ?OnFrameWindowActivate@?$IOleInPlaceActiveObjectImpl@VCOPOSMSR@@@ATL@@UEAAJH@Z 0000000180001c88 f i MSR.obj
 0001:00000c88       ?IsUpToDate@?$IOleObjectImpl@VCOPOSMSR@@@ATL@@UEAAJXZ 0000000180001c88 f i MSR.obj
 0001:00000c88       ?SaveCompleted@?$IPersistStorageImpl@VCOPOSMSR@@@ATL@@UEAAJPEAUIStorage@@@Z 0000000180001c88 f i MSR.obj
 0001:00000c88       ?GetObjectDescription@?$CComCoClass@VCOPOSMSR@@$1?CLSID_OPOSMSR@@3U_GUID@@B@ATL@@SAPEB_WXZ 0000000180001c88 f i MSR.obj
 0001:00000c88       ?Release@CRegObject@ATL@@UEAAKXZ 0000000180001c88 f i MSR.obj
 0001:00000c88       ?EnableModeless@?$IOleInPlaceActiveObjectImpl@VCOPOSMSR@@@ATL@@UEAAJH@Z 0000000180001c88 f i MSR.obj
 0001:00000c88       ?GetCategoryMap@CComObjectRootBase@ATL@@SAPEBU_ATL_CATMAP_ENTRY@2@XZ 0000000180001c88 f i MSR.obj
 0001:00000c88       ?Update@?$IOleObjectImpl@VCOPOSMSR@@@ATL@@UEAAJXZ 0000000180001c88 f i MSR.obj
 0001:00000c88       ?OnAmbientPropertyChange@?$IOleControlImpl@VCOPOSMSR@@@ATL@@UEAAJJ@Z 0000000180001c88 f i MSR.obj
 0001:00000c8c       ?CreateInstance@CComClassFactory@ATL@@UEAAJPEAUIUnknown@@AEBU_GUID@@PEAPEAX@Z 0000000180001c8c f i MSR.obj
 0001:00000cec       ?LockServer@CComClassFactory@ATL@@UEAAJH@Z 0000000180001cec f i MSR.obj
 0001:00000d10       ??_ECComClassFactory@ATL@@UEAAPEAXI@Z 0000000180001d10 f i MSR.obj
 0001:00000d10       ??_GCComClassFactory@ATL@@UEAAPEAXI@Z 0000000180001d10 f i MSR.obj
 0001:00000d60       ??_E?$CComObject@VCOPOSMSR@@@ATL@@W7EAAPEAXI@Z 0000000180001d60 f i MSR.obj
 0001:00000d6c       ??_E?$CComObject@VCOPOSMSR@@@ATL@@WHA@EAAPEAXI@Z 0000000180001d6c f i MSR.obj
 0001:00000d78       ?QueryInterface@?$CComObject@VCOPOSMSR@@@ATL@@WLI@EAAJAEBU_GUID@@PEAPEAX@Z 0000000180001d78 f i MSR.obj
 0001:00000d84       ?AddRef@?$CComObject@VCOPOSMSR@@@ATL@@WLI@EAAKXZ 0000000180001d84 f i MSR.obj
 0001:00000d90       ?Release@?$CComObject@VCOPOSMSR@@@ATL@@WLI@EAAKXZ 0000000180001d90 f i MSR.obj
 0001:00000d9c       ?QueryInterface@?$CComObject@VCOPOSMSR@@@ATL@@WMA@EAAJAEBU_GUID@@PEAPEAX@Z 0000000180001d9c f i MSR.obj
 0001:00000da8       ?AddRef@?$CComObject@VCOPOSMSR@@@ATL@@WMA@EAAKXZ 0000000180001da8 f i MSR.obj
 0001:00000db4       ?Release@?$CComObject@VCOPOSMSR@@@ATL@@WMA@EAAKXZ 0000000180001db4 f i MSR.obj
 0001:00000dc0       ?QueryInterface@?$CComObject@VCOPOSMSR@@@ATL@@WMI@EAAJAEBU_GUID@@PEAPEAX@Z 0000000180001dc0 f i MSR.obj
 0001:00000dcc       ?AddRef@?$CComObject@VCOPOSMSR@@@ATL@@WMI@EAAKXZ 0000000180001dcc f i MSR.obj
 0001:00000dd8       ?Release@?$CComObject@VCOPOSMSR@@@ATL@@WMI@EAAKXZ 0000000180001dd8 f i MSR.obj
 0001:00000de4       ?QueryInterface@?$CComObject@VCOPOSMSR@@@ATL@@WNA@EAAJAEBU_GUID@@PEAPEAX@Z 0000000180001de4 f i MSR.obj
 0001:00000df0       ?AddRef@?$CComObject@VCOPOSMSR@@@ATL@@WNA@EAAKXZ 0000000180001df0 f i MSR.obj
 0001:00000dfc       ?Release@?$CComObject@VCOPOSMSR@@@ATL@@WNA@EAAKXZ 0000000180001dfc f i MSR.obj
 0001:00000e08       ?QueryInterface@?$CComObject@VCOPOSMSR@@@ATL@@WNI@EAAJAEBU_GUID@@PEAPEAX@Z 0000000180001e08 f i MSR.obj
 0001:00000e14       ?AddRef@?$CComObject@VCOPOSMSR@@@ATL@@WNI@EAAKXZ 0000000180001e14 f i MSR.obj
 0001:00000e20       ?Release@?$CComObject@VCOPOSMSR@@@ATL@@WNI@EAAKXZ 0000000180001e20 f i MSR.obj
 0001:00000e2c       ?QueryInterface@?$CComObject@VCOPOSMSR@@@ATL@@WOA@EAAJAEBU_GUID@@PEAPEAX@Z 0000000180001e2c f i MSR.obj
 0001:00000e38       ?AddRef@?$CComObject@VCOPOSMSR@@@ATL@@WOA@EAAKXZ 0000000180001e38 f i MSR.obj
 0001:00000e44       ?Release@?$CComObject@VCOPOSMSR@@@ATL@@WOA@EAAKXZ 0000000180001e44 f i MSR.obj
 0001:00000e50       ?QueryInterface@?$CComObject@VCOPOSMSR@@@ATL@@WOI@EAAJAEBU_GUID@@PEAPEAX@Z 0000000180001e50 f i MSR.obj
 0001:00000e5c       ?AddRef@?$CComObject@VCOPOSMSR@@@ATL@@WOI@EAAKXZ 0000000180001e5c f i MSR.obj
 0001:00000e68       ?Release@?$CComObject@VCOPOSMSR@@@ATL@@WOI@EAAKXZ 0000000180001e68 f i MSR.obj
 0001:00000e74       ?QueryInterface@?$CComObject@VCOPOSMSR@@@ATL@@WPA@EAAJAEBU_GUID@@PEAPEAX@Z 0000000180001e74 f i MSR.obj
 0001:00000e80       ?AddRef@?$CComObject@VCOPOSMSR@@@ATL@@WPA@EAAKXZ 0000000180001e80 f i MSR.obj
 0001:00000e8c       ?Release@?$CComObject@VCOPOSMSR@@@ATL@@WPA@EAAKXZ 0000000180001e8c f i MSR.obj
 0001:00000e98       ?QueryInterface@?$CComObject@VCOPOSMSR@@@ATL@@WPI@EAAJAEBU_GUID@@PEAPEAX@Z 0000000180001e98 f i MSR.obj
 0001:00000ea4       ?AddRef@?$CComObject@VCOPOSMSR@@@ATL@@WPI@EAAKXZ 0000000180001ea4 f i MSR.obj
 0001:00000eb0       ?Release@?$CComObject@VCOPOSMSR@@@ATL@@WPI@EAAKXZ 0000000180001eb0 f i MSR.obj
 0001:00000ebc       ?QueryInterface@?$CComObject@VCOPOSMSR@@@ATL@@WBAA@EAAJAEBU_GUID@@PEAPEAX@Z 0000000180001ebc f i MSR.obj
 0001:00000ec8       ?AddRef@?$CComObject@VCOPOSMSR@@@ATL@@WBAA@EAAKXZ 0000000180001ec8 f i MSR.obj
 0001:00000ed4       ?Release@?$CComObject@VCOPOSMSR@@@ATL@@WBAA@EAAKXZ 0000000180001ed4 f i MSR.obj
 0001:00000ee0       ?QueryInterface@?$CComObject@VCOPOSMSR@@@ATL@@WBAI@EAAJAEBU_GUID@@PEAPEAX@Z 0000000180001ee0 f i MSR.obj
 0001:00000eec       ?AddRef@?$CComObject@VCOPOSMSR@@@ATL@@WBAI@EAAKXZ 0000000180001eec f i MSR.obj
 0001:00000ef8       ?Release@?$CComObject@VCOPOSMSR@@@ATL@@WBAI@EAAKXZ 0000000180001ef8 f i MSR.obj
 0001:00000f04       ?QueryInterface@?$CComObject@VCOPOSMSR@@@ATL@@WBBA@EAAJAEBU_GUID@@PEAPEAX@Z 0000000180001f04 f i MSR.obj
 0001:00000f10       ?AddRef@?$CComObject@VCOPOSMSR@@@ATL@@WBBA@EAAKXZ 0000000180001f10 f i MSR.obj
 0001:00000f1c       ?Release@?$CComObject@VCOPOSMSR@@@ATL@@WBBA@EAAKXZ 0000000180001f1c f i MSR.obj
 0001:00000f28       ?QueryInterface@?$CComObject@VCOPOSMSR@@@ATL@@WBBI@EAAJAEBU_GUID@@PEAPEAX@Z 0000000180001f28 f i MSR.obj
 0001:00000f34       ?AddRef@?$CComObject@VCOPOSMSR@@@ATL@@WBBI@EAAKXZ 0000000180001f34 f i MSR.obj
 0001:00000f40       ?Release@?$CComObject@VCOPOSMSR@@@ATL@@WBBI@EAAKXZ 0000000180001f40 f i MSR.obj
 0001:00000f4c       ?AddRef@?$CComObject@VCOPOSMSR@@@ATL@@WBCI@EAAKXZ 0000000180001f4c f i MSR.obj
 0001:00000f58       ?Release@?$CComObject@VCOPOSMSR@@@ATL@@WBCI@EAAKXZ 0000000180001f58 f i MSR.obj
 0001:00000f64       ?AddRef@?$CComObject@VCOPOSMSR@@@ATL@@WBEA@EAAKXZ 0000000180001f64 f i MSR.obj
 0001:00000f70       ?Release@?$CComObject@VCOPOSMSR@@@ATL@@WBEA@EAAKXZ 0000000180001f70 f i MSR.obj
 0001:00000f7c       ??_E?$CComContainedObject@VCOPOSMSR@@@ATL@@W7EAAPEAXI@Z 0000000180001f7c f i MSR.obj
 0001:00000f88       ??_E?$CComContainedObject@VCOPOSMSR@@@ATL@@WHA@EAAPEAXI@Z 0000000180001f88 f i MSR.obj
 0001:00000f94       ?QueryInterface@?$CComContainedObject@VCOPOSMSR@@@ATL@@WLI@EAAJAEBU_GUID@@PEAPEAX@Z 0000000180001f94 f i MSR.obj
 0001:00000fa0       ?AddRef@?$CComContainedObject@VCOPOSMSR@@@ATL@@WLI@EAAKXZ 0000000180001fa0 f i MSR.obj
 0001:00000fac       ?Release@?$CComContainedObject@VCOPOSMSR@@@ATL@@WLI@EAAKXZ 0000000180001fac f i MSR.obj
 0001:00000fb8       ?QueryInterface@?$CComContainedObject@VCOPOSMSR@@@ATL@@WMA@EAAJAEBU_GUID@@PEAPEAX@Z 0000000180001fb8 f i MSR.obj
 0001:00000fc4       ?AddRef@?$CComContainedObject@VCOPOSMSR@@@ATL@@WMA@EAAKXZ 0000000180001fc4 f i MSR.obj
 0001:00000fd0       ?Release@?$CComContainedObject@VCOPOSMSR@@@ATL@@WMA@EAAKXZ 0000000180001fd0 f i MSR.obj
 0001:00000fdc       ?QueryInterface@?$CComContainedObject@VCOPOSMSR@@@ATL@@WMI@EAAJAEBU_GUID@@PEAPEAX@Z 0000000180001fdc f i MSR.obj
 0001:00000fe8       ?AddRef@?$CComContainedObject@VCOPOSMSR@@@ATL@@WMI@EAAKXZ 0000000180001fe8 f i MSR.obj
 0001:00000ff4       ?Release@?$CComContainedObject@VCOPOSMSR@@@ATL@@WMI@EAAKXZ 0000000180001ff4 f i MSR.obj
 0001:00001000       ?QueryInterface@?$CComContainedObject@VCOPOSMSR@@@ATL@@WNA@EAAJAEBU_GUID@@PEAPEAX@Z 0000000180002000 f i MSR.obj
 0001:0000100c       ?AddRef@?$CComContainedObject@VCOPOSMSR@@@ATL@@WNA@EAAKXZ 000000018000200c f i MSR.obj
 0001:00001018       ?Release@?$CComContainedObject@VCOPOSMSR@@@ATL@@WNA@EAAKXZ 0000000180002018 f i MSR.obj
 0001:00001024       ?QueryInterface@?$CComContainedObject@VCOPOSMSR@@@ATL@@WNI@EAAJAEBU_GUID@@PEAPEAX@Z 0000000180002024 f i MSR.obj
 0001:00001030       ?AddRef@?$CComContainedObject@VCOPOSMSR@@@ATL@@WNI@EAAKXZ 0000000180002030 f i MSR.obj
 0001:0000103c       ?Release@?$CComContainedObject@VCOPOSMSR@@@ATL@@WNI@EAAKXZ 000000018000203c f i MSR.obj
 0001:00001048       ?QueryInterface@?$CComContainedObject@VCOPOSMSR@@@ATL@@WOA@EAAJAEBU_GUID@@PEAPEAX@Z 0000000180002048 f i MSR.obj
 0001:00001054       ?AddRef@?$CComContainedObject@VCOPOSMSR@@@ATL@@WOA@EAAKXZ 0000000180002054 f i MSR.obj
 0001:00001060       ?Release@?$CComContainedObject@VCOPOSMSR@@@ATL@@WOA@EAAKXZ 0000000180002060 f i MSR.obj
 0001:0000106c       ?QueryInterface@?$CComContainedObject@VCOPOSMSR@@@ATL@@WOI@EAAJAEBU_GUID@@PEAPEAX@Z 000000018000206c f i MSR.obj
 0001:00001078       ?AddRef@?$CComContainedObject@VCOPOSMSR@@@ATL@@WOI@EAAKXZ 0000000180002078 f i MSR.obj
 0001:00001084       ?Release@?$CComContainedObject@VCOPOSMSR@@@ATL@@WOI@EAAKXZ 0000000180002084 f i MSR.obj
 0001:00001090       ?QueryInterface@?$CComContainedObject@VCOPOSMSR@@@ATL@@WPA@EAAJAEBU_GUID@@PEAPEAX@Z 0000000180002090 f i MSR.obj
 0001:0000109c       ?AddRef@?$CComContainedObject@VCOPOSMSR@@@ATL@@WPA@EAAKXZ 000000018000209c f i MSR.obj
 0001:000010a8       ?Release@?$CComContainedObject@VCOPOSMSR@@@ATL@@WPA@EAAKXZ 00000001800020a8 f i MSR.obj
 0001:000010b4       ?QueryInterface@?$CComContainedObject@VCOPOSMSR@@@ATL@@WPI@EAAJAEBU_GUID@@PEAPEAX@Z 00000001800020b4 f i MSR.obj
 0001:000010c0       ?AddRef@?$CComContainedObject@VCOPOSMSR@@@ATL@@WPI@EAAKXZ 00000001800020c0 f i MSR.obj
 0001:000010cc       ?Release@?$CComContainedObject@VCOPOSMSR@@@ATL@@WPI@EAAKXZ 00000001800020cc f i MSR.obj
 0001:000010d8       ?QueryInterface@?$CComContainedObject@VCOPOSMSR@@@ATL@@WBAA@EAAJAEBU_GUID@@PEAPEAX@Z 00000001800020d8 f i MSR.obj
 0001:000010e4       ?AddRef@?$CComContainedObject@VCOPOSMSR@@@ATL@@WBAA@EAAKXZ 00000001800020e4 f i MSR.obj
 0001:000010f0       ?Release@?$CComContainedObject@VCOPOSMSR@@@ATL@@WBAA@EAAKXZ 00000001800020f0 f i MSR.obj
 0001:000010fc       ?QueryInterface@?$CComContainedObject@VCOPOSMSR@@@ATL@@WBAI@EAAJAEBU_GUID@@PEAPEAX@Z 00000001800020fc f i MSR.obj
 0001:00001108       ?AddRef@?$CComContainedObject@VCOPOSMSR@@@ATL@@WBAI@EAAKXZ 0000000180002108 f i MSR.obj
 0001:00001114       ?Release@?$CComContainedObject@VCOPOSMSR@@@ATL@@WBAI@EAAKXZ 0000000180002114 f i MSR.obj
 0001:00001120       ?QueryInterface@?$CComContainedObject@VCOPOSMSR@@@ATL@@WBBA@EAAJAEBU_GUID@@PEAPEAX@Z 0000000180002120 f i MSR.obj
 0001:0000112c       ?AddRef@?$CComContainedObject@VCOPOSMSR@@@ATL@@WBBA@EAAKXZ 000000018000212c f i MSR.obj
 0001:00001138       ?Release@?$CComContainedObject@VCOPOSMSR@@@ATL@@WBBA@EAAKXZ 0000000180002138 f i MSR.obj
 0001:00001144       ?QueryInterface@?$CComContainedObject@VCOPOSMSR@@@ATL@@WBBI@EAAJAEBU_GUID@@PEAPEAX@Z 0000000180002144 f i MSR.obj
 0001:00001150       ?AddRef@?$CComContainedObject@VCOPOSMSR@@@ATL@@WBBI@EAAKXZ 0000000180002150 f i MSR.obj
 0001:0000115c       ?Release@?$CComContainedObject@VCOPOSMSR@@@ATL@@WBBI@EAAKXZ 000000018000215c f i MSR.obj
 0001:00001168       ?AddRef@?$CComContainedObject@VCOPOSMSR@@@ATL@@WBCI@EAAKXZ 0000000180002168 f i MSR.obj
 0001:00001174       ?Release@?$CComContainedObject@VCOPOSMSR@@@ATL@@WBCI@EAAKXZ 0000000180002174 f i MSR.obj
 0001:00001180       ?AddRef@?$CComContainedObject@VCOPOSMSR@@@ATL@@WBEA@EAAKXZ 0000000180002180 f i MSR.obj
 0001:0000118c       ?Release@?$CComContainedObject@VCOPOSMSR@@@ATL@@WBEA@EAAKXZ 000000018000218c f i MSR.obj
 0001:00001198       ?GetWindowProc@?$CWindowImplBaseT@VCWindow@ATL@@V?$CWinTraits@$0FGAAAAAA@$0A@@2@@ATL@@UEAAP6A_JPEAUHWND__@@I_K_J@ZXZ 0000000180002198 f i MSR.obj
 0001:000011a0       ?StartWindowProc@?$CWindowImplBaseT@VCWindow@ATL@@V?$CWinTraits@$0FGAAAAAA@$0A@@2@@ATL@@SA_JPEAUHWND__@@I_K_J@Z 00000001800021a0 f i MSR.obj
 0001:00001254       ?GetTypeInfoCount@?$IDispatchImpl@UIOPOSMSR@@$1?IID_IOPOSMSR@@3U_GUID@@B$1?LIBID_OposMSR_CCO@@3U3@B$00$0A@VCComTypeInfoHolder@ATL@@@ATL@@UEAAJPEAI@Z 0000000180002254 f i MSR.obj
 0001:00001268       ?GetTypeInfo@?$IDispatchImpl@UIOPOSMSR@@$1?IID_IOPOSMSR@@3U_GUID@@B$1?LIBID_OposMSR_CCO@@3U3@B$00$0A@VCComTypeInfoHolder@ATL@@@ATL@@UEAAJIKPEAPEAUITypeInfo@@@Z 0000000180002268 f i MSR.obj
 0001:000012cc       ?GetIDsOfNames@?$IDispatchImpl@UIOPOSMSR@@$1?IID_IOPOSMSR@@3U_GUID@@B$1?LIBID_OposMSR_CCO@@3U3@B$00$0A@VCComTypeInfoHolder@ATL@@@ATL@@UEAAJAEBU_GUID@@PEAPEA_WIKPEAJ@Z 00000001800022cc f i MSR.obj
 0001:000012d8       ?Invoke@?$IDispatchImpl@UIOPOSMSR@@$1?IID_IOPOSMSR@@3U_GUID@@B$1?LIBID_OposMSR_CCO@@3U3@B$00$0A@VCComTypeInfoHolder@ATL@@@ATL@@UEAAJJAEBU_GUID@@KGPEAUtagDISPPARAMS@@PEAUtagVARIANT@@PEAUtagEXCEPINFO@@PEAI@Z 00000001800022d8 f i MSR.obj
 0001:00001368       ?CreateControlWindow@?$CComControl@VCOPOSMSR@@V?$CWindowImpl@VCOPOSMSR@@VCWindow@ATL@@V?$CWinTraits@$0FGAAAAAA@$0A@@3@@ATL@@@ATL@@UEAAPEAUHWND__@@PEAU3@AEAUtagRECT@@@Z 0000000180002368 f i MSR.obj
 0001:000013a0       ?ControlQueryInterface@?$CComControl@VCOPOSMSR@@V?$CWindowImpl@VCOPOSMSR@@VCWindow@ATL@@V?$CWinTraits@$0FGAAAAAA@$0A@@3@@ATL@@@ATL@@UEAAJAEBU_GUID@@PEAPEAX@Z 00000001800023a0 f i MSR.obj
 0001:000013b4       ?GetClassID@?$IPersistStorageImpl@VCOPOSMSR@@@ATL@@UEAAJPEAU_GUID@@@Z 00000001800023b4 f i MSR.obj
 0001:000013b4       ?GetUserClassID@?$IOleObjectImpl@VCOPOSMSR@@@ATL@@UEAAJPEAU_GUID@@@Z 00000001800023b4 f i MSR.obj
 0001:000013b4       ?GetClassID@?$IPersistStreamInitImpl@VCOPOSMSR@@@ATL@@UEAAJPEAU_GUID@@@Z 00000001800023b4 f i MSR.obj
 0001:000013d0       ?IsDirty@?$IPersistStreamInitImpl@VCOPOSMSR@@@ATL@@UEAAJXZ 00000001800023d0 f i MSR.obj
 0001:000013ec       ?Load@?$IPersistStreamInitImpl@VCOPOSMSR@@@ATL@@UEAAJPEAUIStream@@@Z 00000001800023ec f i MSR.obj
 0001:00001404       ?Save@?$IPersistStreamInitImpl@VCOPOSMSR@@@ATL@@UEAAJPEAUIStream@@H@Z 0000000180002404 f i MSR.obj
 0001:0000141c       ?GetSizeMax@?$IPersistStreamInitImpl@VCOPOSMSR@@@ATL@@UEAAJPEAT_ULARGE_INTEGER@@@Z 000000018000241c f i MSR.obj
 0001:00001640       ?InitNew@?$IPersistStreamInitImpl@VCOPOSMSR@@@ATL@@UEAAJXZ 0000000180002640 f i MSR.obj
 0001:00001658       ?GetDropTarget@?$IOleInPlaceObjectWindowlessImpl@VCOPOSMSR@@@ATL@@UEAAJPEAPEAUIDropTarget@@@Z 0000000180002658 f i MSR.obj
 0001:00001658       ?GetDataHere@?$IDataObjectImpl@VCOPOSMSR@@@ATL@@UEAAJPEAUtagFORMATETC@@PEAUtagSTGMEDIUM@@@Z 0000000180002658 f i MSR.obj
 0001:00001658       ?EnumFormatEtc@?$IDataObjectImpl@VCOPOSMSR@@@ATL@@UEAAJKPEAPEAUIEnumFORMATETC@@@Z 0000000180002658 f i MSR.obj
 0001:00001658       ?GetControlInfo@?$IOleControlImpl@VCOPOSMSR@@@ATL@@UEAAJPEAUtagCONTROLINFO@@@Z 0000000180002658 f i MSR.obj
 0001:00001658       ?InitFromData@?$IOleObjectImpl@VCOPOSMSR@@@ATL@@UEAAJPEAUIDataObject@@HK@Z 0000000180002658 f i MSR.obj
 0001:00001658       ?SetMoniker@?$IOleObjectImpl@VCOPOSMSR@@@ATL@@UEAAJKPEAUIMoniker@@@Z 0000000180002658 f i MSR.obj
 0001:00001658       ?GetRect@?$IViewObjectExImpl@VCOPOSMSR@@@ATL@@UEAAJKPEAU_RECTL@@@Z 0000000180002658 f i MSR.obj
 0001:00001658       ?SOOutputCompleteDummy@COPOSMSR@@MEAAJJ@Z 0000000180002658 f i MSR.obj
 0001:00001658       ?SetData@?$IDataObjectImpl@VCOPOSMSR@@@ATL@@UEAAJPEAUtagFORMATETC@@PEAUtagSTGMEDIUM@@H@Z 0000000180002658 f i MSR.obj
 0001:00001658       ?GetMoniker@?$IOleObjectImpl@VCOPOSMSR@@@ATL@@UEAAJKKPEAPEAUIMoniker@@@Z 0000000180002658 f i MSR.obj
 0001:00001658       ?ContextSensitiveHelp@?$IOleInPlaceActiveObjectImpl@VCOPOSMSR@@@ATL@@UEAAJH@Z 0000000180002658 f i MSR.obj
 0001:00001658       ?ReactivateAndUndo@?$IOleInPlaceObjectWindowlessImpl@VCOPOSMSR@@@ATL@@UEAAJXZ 0000000180002658 f i MSR.obj
 0001:00001658       ?OnMnemonic@?$IOleControlImpl@VCOPOSMSR@@@ATL@@UEAAJPEAUtagMSG@@@Z 0000000180002658 f i MSR.obj
 0001:00001658       ?QueryGetData@?$IDataObjectImpl@VCOPOSMSR@@@ATL@@UEAAJPEAUtagFORMATETC@@@Z 0000000180002658 f i MSR.obj
 0001:00001658       ?QueryInterface@CRegObject@ATL@@UEAAJAEBU_GUID@@PEAPEAX@Z 0000000180002658 f i MSR.obj
 0001:00001658       ?Unfreeze@?$IViewObjectExImpl@VCOPOSMSR@@@ATL@@UEAAJK@Z 0000000180002658 f i MSR.obj
 0001:00001658       ?GetClipboardData@?$IOleObjectImpl@VCOPOSMSR@@@ATL@@UEAAJKPEAPEAUIDataObject@@@Z 0000000180002658 f i MSR.obj
 0001:00001658       ?SetColorScheme@?$IOleObjectImpl@VCOPOSMSR@@@ATL@@UEAAJPEAUtagLOGPALETTE@@@Z 0000000180002658 f i MSR.obj
 0001:00001658       ?GetColorSet@?$IViewObjectExImpl@VCOPOSMSR@@@ATL@@UEAAJKJPEAXPEAUtagDVTARGETDEVICE@@PEAUHDC__@@PEAPEAUtagLOGPALETTE@@@Z 0000000180002658 f i MSR.obj
 0001:00001658       ?ContextSensitiveHelp@?$IOleInPlaceObjectWindowlessImpl@VCOPOSMSR@@@ATL@@UEAAJH@Z 0000000180002658 f i MSR.obj
 0001:00001658       ?Freeze@?$IViewObjectExImpl@VCOPOSMSR@@@ATL@@UEAAJKJPEAXPEAK@Z 0000000180002658 f i MSR.obj
 0001:00001658       ?GetCanonicalFormatEtc@?$IDataObjectImpl@VCOPOSMSR@@@ATL@@UEAAJPEAUtagFORMATETC@@0@Z 0000000180002658 f i MSR.obj
 0001:00001660       ?SetClientSite@?$IOleObjectImpl@VCOPOSMSR@@@ATL@@UEAAJPEAUIOleClientSite@@@Z 0000000180002660 f i MSR.obj
 0001:0000167c       ?GetClientSite@?$IOleObjectImpl@VCOPOSMSR@@@ATL@@UEAAJPEAPEAUIOleClientSite@@@Z 000000018000267c f i MSR.obj
 0001:000016c4       ?Close@?$IOleObjectImpl@VCOPOSMSR@@@ATL@@UEAAJK@Z 00000001800026c4 f i MSR.obj
 0001:000016e0       ?DoVerb@?$IOleObjectImpl@VCOPOSMSR@@@ATL@@UEAAJJPEAUtagMSG@@PEAUIOleClientSite@@JPEAUHWND__@@PEBUtagRECT@@@Z 00000001800026e0 f i MSR.obj
 0001:00001884       ?EnumVerbs@?$IOleObjectImpl@VCOPOSMSR@@@ATL@@UEAAJPEAPEAUIEnumOLEVERB@@@Z 0000000180002884 f i MSR.obj
 0001:000018a0       ?GetUserType@?$IOleObjectImpl@VCOPOSMSR@@@ATL@@UEAAJKPEAPEA_W@Z 00000001800028a0 f i MSR.obj
 0001:000018b0       ?SetExtent@?$IOleObjectImpl@VCOPOSMSR@@@ATL@@UEAAJKPEAUtagSIZE@@@Z 00000001800028b0 f i MSR.obj
 0001:000018cc       ?GetExtent@?$IOleObjectImpl@VCOPOSMSR@@@ATL@@UEAAJKPEAUtagSIZE@@@Z 00000001800028cc f i MSR.obj
 0001:000018fc       ?Advise@?$IOleObjectImpl@VCOPOSMSR@@@ATL@@UEAAJPEAUIAdviseSink@@PEAK@Z 00000001800028fc f i MSR.obj
 0001:00001958       ?Unadvise@?$IOleObjectImpl@VCOPOSMSR@@@ATL@@UEAAJK@Z 0000000180002958 f i MSR.obj
 0001:00001990       ?EnumAdvise@?$IOleObjectImpl@VCOPOSMSR@@@ATL@@UEAAJPEAPEAUIEnumSTATDATA@@@Z 0000000180002990 f i MSR.obj
 0001:000019d8       ?GetMiscStatus@?$IOleObjectImpl@VCOPOSMSR@@@ATL@@UEAAJKPEAK@Z 00000001800029d8 f i MSR.obj
 0001:000019e8       ?GetWindow@?$IOleInPlaceActiveObjectImpl@VCOPOSMSR@@@ATL@@UEAAJPEAPEAUHWND__@@@Z 00000001800029e8 f i MSR.obj
 0001:00001a3c       ?TranslateAcceleratorW@?$IOleInPlaceActiveObjectImpl@VCOPOSMSR@@@ATL@@UEAAJPEAUtagMSG@@@Z 0000000180002a3c f i MSR.obj
 0001:00001b30       ?OnDocWindowActivate@?$IOleInPlaceActiveObjectImpl@VCOPOSMSR@@@ATL@@UEAAJH@Z 0000000180002b30 f i MSR.obj
 0001:00001b5c       ?Draw@?$IViewObjectExImpl@VCOPOSMSR@@@ATL@@UEAAJKJPEAXPEAUtagDVTARGETDEVICE@@PEAUHDC__@@2PEBU_RECTL@@3P6AH_K@Z4@Z 0000000180002b5c f i MSR.obj
 0001:00001bc0       ?SetAdvise@?$IViewObjectExImpl@VCOPOSMSR@@@ATL@@UEAAJKKPEAUIAdviseSink@@@Z 0000000180002bc0 f i MSR.obj
 0001:00001c14       ?GetAdvise@?$IViewObjectExImpl@VCOPOSMSR@@@ATL@@UEAAJPEAK0PEAPEAUIAdviseSink@@@Z 0000000180002c14 f i MSR.obj
 0001:00001c50       ?GetExtent@?$IViewObjectExImpl@VCOPOSMSR@@@ATL@@UEAAJKJPEAUtagDVTARGETDEVICE@@PEAUtagSIZE@@@Z 0000000180002c50 f i MSR.obj
 0001:00001c80       ?GetViewStatus@?$IViewObjectExImpl@VCOPOSMSR@@@ATL@@UEAAJPEAK@Z 0000000180002c80 f i MSR.obj
 0001:00001c94       ?QueryHitPoint@?$IViewObjectExImpl@VCOPOSMSR@@@ATL@@UEAAJKPEBUtagRECT@@UtagPOINT@@JPEAK@Z 0000000180002c94 f i MSR.obj
 0001:00001cd8       ?QueryHitRect@?$IViewObjectExImpl@VCOPOSMSR@@@ATL@@UEAAJKPEBUtagRECT@@0JPEAK@Z 0000000180002cd8 f i MSR.obj
 0001:00001d40       ?GetNaturalExtent@?$IViewObjectExImpl@VCOPOSMSR@@@ATL@@UEAAJKJPEAUtagDVTARGETDEVICE@@PEAUHDC__@@PEAUtagExtentInfo@@PEAUtagSIZE@@@Z 0000000180002d40 f i MSR.obj
 0001:00001d88       ?GetWindow@?$IOleInPlaceObjectWindowlessImpl@VCOPOSMSR@@@ATL@@UEAAJPEAPEAUHWND__@@@Z 0000000180002d88 f i MSR.obj
 0001:00001ddc       ?InPlaceDeactivate@?$IOleInPlaceObjectWindowlessImpl@VCOPOSMSR@@@ATL@@UEAAJXZ 0000000180002ddc f i MSR.obj
 0001:00001df8       ?UIDeactivate@?$IOleInPlaceObjectWindowlessImpl@VCOPOSMSR@@@ATL@@UEAAJXZ 0000000180002df8 f i MSR.obj
 0001:00001e14       ?SetObjectRects@?$IOleInPlaceObjectWindowlessImpl@VCOPOSMSR@@@ATL@@UEAAJPEBUtagRECT@@0@Z 0000000180002e14 f i MSR.obj
 0001:00001e30       ?OnWindowMessage@?$IOleInPlaceObjectWindowlessImpl@VCOPOSMSR@@@ATL@@UEAAJI_K_JPEA_J@Z 0000000180002e30 f i MSR.obj
 0001:00001ef8       ?EnumConnectionPoints@?$IConnectionPointContainerImpl@VCOPOSMSR@@@ATL@@UEAAJPEAPEAUIEnumConnectionPoints@@@Z 0000000180002ef8 f i MSR.obj
 0001:00002140       ?FindConnectionPoint@?$IConnectionPointContainerImpl@VCOPOSMSR@@@ATL@@UEAAJAEBU_GUID@@PEAPEAUIConnectionPoint@@@Z 0000000180003140 f i MSR.obj
 0001:00002210       ?IsDirty@?$IPersistStorageImpl@VCOPOSMSR@@@ATL@@UEAAJXZ 0000000180003210 f i MSR.obj
 0001:00002250       ?InitNew@?$IPersistStorageImpl@VCOPOSMSR@@@ATL@@UEAAJPEAUIStorage@@@Z 0000000180003250 f i MSR.obj
 0001:00002290       ?Load@?$IPersistStorageImpl@VCOPOSMSR@@@ATL@@UEAAJPEAUIStorage@@@Z 0000000180003290 f i MSR.obj
 0001:00002330       ?Save@?$IPersistStorageImpl@VCOPOSMSR@@@ATL@@UEAAJPEAUIStorage@@H@Z 0000000180003330 f i MSR.obj
 0001:000023e0       ?GetPages@?$ISpecifyPropertyPagesImpl@VCOPOSMSR@@@ATL@@UEAAJPEAUtagCAUUID@@@Z 00000001800033e0 f i MSR.obj
 0001:000023ec       ?QuickActivate@?$IQuickActivateImpl@VCOPOSMSR@@@ATL@@UEAAJPEAUtagQACONTAINER@@PEAUtagQACONTROL@@@Z 00000001800033ec f i MSR.obj
 0001:00002408       ?SetContentExtent@?$IQuickActivateImpl@VCOPOSMSR@@@ATL@@UEAAJPEAUtagSIZE@@@Z 0000000180003408 f i MSR.obj
 0001:0000243c       ?GetContentExtent@?$IQuickActivateImpl@VCOPOSMSR@@@ATL@@UEAAJPEAUtagSIZE@@@Z 000000018000343c f i MSR.obj
 0001:00002474       ?GetData@?$IDataObjectImpl@VCOPOSMSR@@@ATL@@UEAAJPEAUtagFORMATETC@@PEAUtagSTGMEDIUM@@@Z 0000000180003474 f i MSR.obj
 0001:00002490       ?DAdvise@?$IDataObjectImpl@VCOPOSMSR@@@ATL@@UEAAJPEAUtagFORMATETC@@KPEAUIAdviseSink@@PEAK@Z 0000000180003490 f i MSR.obj
 0001:00002518       ?DUnadvise@?$IDataObjectImpl@VCOPOSMSR@@@ATL@@UEAAJK@Z 0000000180003518 f i MSR.obj
 0001:00002544       ?EnumDAdvise@?$IDataObjectImpl@VCOPOSMSR@@@ATL@@UEAAJPEAPEAUIEnumSTATDATA@@@Z 0000000180003544 f i MSR.obj
 0001:00002580       ?GetClassInfoW@?$IProvideClassInfo2Impl@$1?CLSID_OPOSMSR@@3U_GUID@@B$1?DIID__IOPOSMSREvents@@3U2@B$1?LIBID_OposMSR_CCO@@3U2@B$00$0A@VCComTypeInfoHolder@ATL@@@ATL@@UEAAJPEAPEAUITypeInfo@@@Z 0000000180003580 f i MSR.obj
 0001:000025d8       ?GetGUID@?$IProvideClassInfo2Impl@$1?CLSID_OPOSMSR@@3U_GUID@@B$1?DIID__IOPOSMSREvents@@3U2@B$1?LIBID_OposMSR_CCO@@3U2@B$00$0A@VCComTypeInfoHolder@ATL@@@ATL@@UEAAJKPEAU_GUID@@@Z 00000001800035d8 f i MSR.obj
 0001:0000260c       _get_startup_argv_mode     000000018000360c f i LIBCMT:argv_mode.obj
 0001:0000260c       ?AddRef@CRegObject@ATL@@UEAAKXZ 000000018000360c f i MSR.obj
 0001:0000260c       ?FAccessAllowed@?$IObjectSafetyImpl@VCOPOSMSR@@$02@ATL@@MEAAHXZ 000000018000360c f i MSR.obj
 0001:00002614       ?GetInterfaceSafetyOptions@?$IObjectSafetyImpl@VCOPOSMSR@@$02@ATL@@UEAAJAEBU_GUID@@PEAK1@Z 0000000180003614 f i MSR.obj
 0001:000026a8       ?SetInterfaceSafetyOptions@?$IObjectSafetyImpl@VCOPOSMSR@@$02@ATL@@UEAAJAEBU_GUID@@KK@Z 00000001800036a8 f i MSR.obj
 0001:0000274c       ?_LocCPQueryInterface@?$IConnectionPointImpl@VCOPOSMSR@@$1?IID_IPropertyNotifySink@@3U_GUID@@BVCComDynamicUnkArray@ATL@@@ATL@@UEAAJAEBU_GUID@@PEAPEAX@Z 000000018000374c f i MSR.obj
 0001:0000274c       ?_LocCPQueryInterface@?$IConnectionPointImpl@VCOPOSMSR@@$1?DIID__IOPOSMSREvents@@3U_GUID@@BVCComDynamicUnkArray@ATL@@@ATL@@UEAAJAEBU_GUID@@PEAPEAX@Z 000000018000374c f i MSR.obj
 0001:000027c0       ?GetConnectionInterface@?$IConnectionPointImpl@VCOPOSMSR@@$1?IID_IPropertyNotifySink@@3U_GUID@@BVCComDynamicUnkArray@ATL@@@ATL@@UEAAJPEAU_GUID@@@Z 00000001800037c0 f i MSR.obj
 0001:000027dc       ?GetConnectionPointContainer@?$IConnectionPointImpl@VCOPOSMSR@@$1?IID_IPropertyNotifySink@@3U_GUID@@BVCComDynamicUnkArray@ATL@@@ATL@@UEAAJPEAPEAUIConnectionPointContainer@@@Z 00000001800037dc f i MSR.obj
 0001:000027fc       ?Advise@?$IConnectionPointImpl@VCOPOSMSR@@$1?IID_IPropertyNotifySink@@3U_GUID@@BVCComDynamicUnkArray@ATL@@@ATL@@UEAAJPEAUIUnknown@@PEAK@Z 00000001800037fc f i MSR.obj
 0001:000027fc       ?Advise@?$IConnectionPointImpl@VCOPOSMSR@@$1?DIID__IOPOSMSREvents@@3U_GUID@@BVCComDynamicUnkArray@ATL@@@ATL@@UEAAJPEAUIUnknown@@PEAK@Z 00000001800037fc f i MSR.obj
 0001:000028b8       ?Unadvise@?$IConnectionPointImpl@VCOPOSMSR@@$1?DIID__IOPOSMSREvents@@3U_GUID@@BVCComDynamicUnkArray@ATL@@@ATL@@UEAAJK@Z 00000001800038b8 f i MSR.obj
 0001:000028b8       ?Unadvise@?$IConnectionPointImpl@VCOPOSMSR@@$1?IID_IPropertyNotifySink@@3U_GUID@@BVCComDynamicUnkArray@ATL@@@ATL@@UEAAJK@Z 00000001800038b8 f i MSR.obj
 0001:00002920       ?EnumConnections@?$IConnectionPointImpl@VCOPOSMSR@@$1?DIID__IOPOSMSREvents@@3U_GUID@@BVCComDynamicUnkArray@ATL@@@ATL@@UEAAJPEAPEAUIEnumConnections@@@Z 0000000180003920 f i MSR.obj
 0001:00002920       ?EnumConnections@?$IConnectionPointImpl@VCOPOSMSR@@$1?IID_IPropertyNotifySink@@3U_GUID@@BVCComDynamicUnkArray@ATL@@@ATL@@UEAAJPEAPEAUIEnumConnections@@@Z 0000000180003920 f i MSR.obj
 0001:00002ab4       ?Lock@CAtlModule@ATL@@UEAAJXZ 0000000180003ab4 f i MSR.obj
 0001:00002ac4       ?Unlock@CAtlModule@ATL@@UEAAJXZ 0000000180003ac4 f i MSR.obj
 0001:00002ad0       ?GetLockCount@CAtlModule@ATL@@UEAAJXZ 0000000180003ad0 f i MSR.obj
 0001:00002ad4       ?GetGITPtr@CAtlModule@ATL@@UEAAJPEAPEAUIGlobalInterfaceTable@@@Z 0000000180003ad4 f i MSR.obj
 0001:00002b44       ?GetConnectionInterface@?$IConnectionPointImpl@VCOPOSMSR@@$1?DIID__IOPOSMSREvents@@3U_GUID@@BVCComDynamicUnkArray@ATL@@@ATL@@UEAAJPEAU_GUID@@@Z 0000000180003b44 f i MSR.obj
 0001:00002b60       ?GetConnectionPointContainer@?$IConnectionPointImpl@VCOPOSMSR@@$1?DIID__IOPOSMSREvents@@3U_GUID@@BVCComDynamicUnkArray@ATL@@@ATL@@UEAAJPEAPEAUIConnectionPointContainer@@@Z 0000000180003b60 f i MSR.obj
 0001:00002b80       ?UpdateRegistry@COPOSMSR@@SAJH@Z 0000000180003b80 f i MSR.obj
 0001:00002b98       ?ProcessWindowMessage@COPOSMSR@@UEAAHPEAUHWND__@@I_K_JAEA_JK@Z 0000000180003b98 f i MSR.obj
 0001:00002c28       ?SOData@COPOSMSR@@MEAAJJ@Z 0000000180003c28 f i MSR.obj
 0001:00002c78       ?SODirectIO@COPOSMSR@@MEAAJJPEAJPEAPEA_W@Z 0000000180003c78 f i MSR.obj
 0001:00002cf0       ?SOError@COPOSMSR@@MEAAJJJJPEAJ@Z 0000000180003cf0 f i MSR.obj
 0001:00002d78       ?AddCommonRGSReplacements@?$CAtlModuleT@VCComModule@ATL@@@ATL@@UEAAJPEAUIRegistrarBase@@@Z 0000000180003d78 f i MSR.obj
 0001:00002d90       ?SOStatusUpdate@COPOSMSR@@MEAAJJ@Z 0000000180003d90 f i MSR.obj
 0001:00002de0       ?UpdateRegistryFromResourceD@CComModule@ATL@@UEAAJIHPEAU_ATL_REGMAP_ENTRY@2@@Z 0000000180003de0 f i MSR.obj
 0001:00002de0       ?UpdateRegistryFromResourceD@CComModule@ATL@@UEAAJPEB_WHPEAU_ATL_REGMAP_ENTRY@2@@Z 0000000180003de0 f i MSR.obj
 0001:00002de8       ?UpdateRegistryFromResource@CComModule@ATL@@UEAAJPEB_WHPEAU_ATL_REGMAP_ENTRY@2@@Z 0000000180003de8 f i MSR.obj
 0001:00002df0       ?UpdateRegistryFromResource@CComModule@ATL@@UEAAJIHPEAU_ATL_REGMAP_ENTRY@2@@Z 0000000180003df0 f i MSR.obj
 0001:00002df8       ??_ECComModule@ATL@@UEAAPEAXI@Z 0000000180003df8 f i MSR.obj
 0001:00002df8       ??_GCComModule@ATL@@UEAAPEAXI@Z 0000000180003df8 f i MSR.obj
 0001:00002e38       ?CreateInstance@?$CComCreator@V?$CComObjectCached@VCComClassFactory@ATL@@@ATL@@@ATL@@SAJPEAXAEBU_GUID@@PEAPEAX@Z 0000000180003e38 f i MSR.obj
 0001:00002f5c       ?CreateInstance@?$CComCreator2@V?$CComCreator@V?$CComObject@VCOPOSMSR@@@ATL@@@ATL@@V?$CComCreator@V?$CComAggObject@VCOPOSMSR@@@ATL@@@2@@ATL@@SAJPEAXAEBU_GUID@@PEAPEAX@Z 0000000180003f5c f i MSR.obj
 0001:00002f6c       ?AddRef@?$CComObjectCached@VCComClassFactory@ATL@@@ATL@@UEAAKXZ 0000000180003f6c f i MSR.obj
 0001:00002f98       ?Release@?$CComObjectCached@VCComClassFactory@ATL@@@ATL@@UEAAKXZ 0000000180003f98 f i MSR.obj
 0001:00002fd8       ?QueryInterface@?$CComObjectCached@VCComClassFactory@ATL@@@ATL@@UEAAJAEBU_GUID@@PEAPEAX@Z 0000000180003fd8 f i MSR.obj
 0001:00002fec       ??_E?$CComObjectCached@VCComClassFactory@ATL@@@ATL@@UEAAPEAXI@Z 0000000180003fec f i MSR.obj
 0001:00002fec       ??_G?$CComObjectCached@VCComClassFactory@ATL@@@ATL@@UEAAPEAXI@Z 0000000180003fec f i MSR.obj
 0001:00003044       ?Next@?$CComEnumImpl@UIEnumConnectionPoints@@$1?_GUID_b196b285_bab4_101a_b69c_00aa00341d07@@3U__s_GUID@@BPEAUIConnectionPoint@@V?$_CopyInterface@UIConnectionPoint@@@ATL@@@ATL@@UEAAJKPEAPEAUIConnectionPoint@@PEAK@Z 0000000180004044 f i MSR.obj
 0001:00003108       ?Skip@?$CComEnumImpl@UIEnumConnectionPoints@@$1?_GUID_b196b285_bab4_101a_b69c_00aa00341d07@@3U__s_GUID@@BPEAUIConnectionPoint@@V?$_CopyInterface@UIConnectionPoint@@@ATL@@@ATL@@UEAAJK@Z 0000000180004108 f i MSR.obj
 0001:00003134       ?Clone@?$CComEnumImpl@UIEnumConnectionPoints@@$1?_GUID_b196b285_bab4_101a_b69c_00aa00341d07@@3U__s_GUID@@BPEAUIConnectionPoint@@V?$_CopyInterface@UIConnectionPoint@@@ATL@@@ATL@@UEAAJPEAPEAUIEnumConnectionPoints@@@Z 0000000180004134 f i MSR.obj
 0001:00003260       ?QueryInterface@?$CComObject@V?$CComEnum@UIEnumConnectionPoints@@$1?_GUID_b196b285_bab4_101a_b69c_00aa00341d07@@3U__s_GUID@@BPEAUIConnectionPoint@@V?$_CopyInterface@UIConnectionPoint@@@ATL@@VCComSingleThreadModel@6@@ATL@@@ATL@@UEAAJAEBU_GUID@@PEAPEAX@Z 0000000180004260 f i MSR.obj
 0001:00003274       ??_E?$CComObject@V?$CComEnum@UIEnumConnectionPoints@@$1?_GUID_b196b285_bab4_101a_b69c_00aa00341d07@@3U__s_GUID@@BPEAUIConnectionPoint@@V?$_CopyInterface@UIConnectionPoint@@@ATL@@VCComSingleThreadModel@6@@ATL@@@ATL@@UEAAPEAXI@Z 0000000180004274 f i MSR.obj
 0001:00003274       ??_G?$CComObject@V?$CComEnum@UIEnumConnectionPoints@@$1?_GUID_b196b285_bab4_101a_b69c_00aa00341d07@@3U__s_GUID@@BPEAUIConnectionPoint@@V?$_CopyInterface@UIConnectionPoint@@@ATL@@VCComSingleThreadModel@6@@ATL@@@ATL@@UEAAPEAXI@Z 0000000180004274 f i MSR.obj
 0001:000032cc       ?AddReplacement@CRegObject@ATL@@UEAAJPEB_W0@Z 00000001800042cc f i MSR.obj
 0001:000032fc       ?ClearReplacements@CRegObject@ATL@@UEAAJXZ 00000001800042fc f i MSR.obj
 0001:00003308       ??_ECRegObject@ATL@@UEAAPEAXI@Z 0000000180004308 f i MSR.obj
 0001:00003308       ??_GCRegObject@ATL@@UEAAPEAXI@Z 0000000180004308 f i MSR.obj
 0001:00003388       ?AddRef@?$CComAggObject@VCOPOSMSR@@@ATL@@UEAAKXZ 0000000180004388 f i MSR.obj
 0001:00003394       ?Release@?$CComAggObject@VCOPOSMSR@@@ATL@@UEAAKXZ 0000000180004394 f i MSR.obj
 0001:000033e8       ?QueryInterface@?$CComAggObject@VCOPOSMSR@@@ATL@@UEAAJAEBU_GUID@@PEAPEAX@Z 00000001800043e8 f i MSR.obj
 0001:00003448       ?AddRef@?$CComContainedObject@VCOPOSMSR@@@ATL@@UEAAKXZ 0000000180004448 f i MSR.obj
 0001:00003458       ?Release@?$CComContainedObject@VCOPOSMSR@@@ATL@@UEAAKXZ 0000000180004458 f i MSR.obj
 0001:00003468       ?QueryInterface@?$CComContainedObject@VCOPOSMSR@@@ATL@@UEAAJAEBU_GUID@@PEAPEAX@Z 0000000180004468 f i MSR.obj
 0001:00003478       ??_E?$CComAggObject@VCOPOSMSR@@@ATL@@UEAAPEAXI@Z 0000000180004478 f i MSR.obj
 0001:00003478       ??_G?$CComAggObject@VCOPOSMSR@@@ATL@@UEAAPEAXI@Z 0000000180004478 f i MSR.obj
 0001:000034d0       ?AddRef@?$CComObject@VCOPOSMSR@@@ATL@@UEAAKXZ 00000001800044d0 f i MSR.obj
 0001:000034e0       ?Release@?$CComObject@VCOPOSMSR@@@ATL@@UEAAKXZ 00000001800044e0 f i MSR.obj
 0001:00003538       ?QueryInterface@?$CComObject@VCOPOSMSR@@@ATL@@UEAAJAEBU_GUID@@PEAPEAX@Z 0000000180004538 f i MSR.obj
 0001:0000354c       ?OnDrawAdvanced@CComControlBase@ATL@@UEAAJAEAUATL_DRAWINFO@@@Z 000000018000454c f i MSR.obj
 0001:000036d8       ??$AtlModuleRegisterWndClassInfoT@VAtlModuleRegisterWndClassInfoParamW@ATL@@@ATL@@YAGPEAU_ATL_BASE_MODULE70@0@PEAU_ATL_WIN_MODULE70@0@PEAU_ATL_WNDCLASSINFOW@0@PEAP6A_JPEAUHWND__@@I_K_J@ZVAtlModuleRegisterWndClassInfoParamW@0@@Z 00000001800046d8 f i MSR.obj
 0001:000038d8       ??0?$CComContainedObject@VCOPOSMSR@@@ATL@@QEAA@PEAX@Z 00000001800048d8 f i MSR.obj
 0001:000039f4       ??0?$CComObject@VCOPOSMSR@@@ATL@@QEAA@PEAX@Z 00000001800049f4 f i MSR.obj
 0001:00003b0c       ??0CAtlModule@ATL@@QEAA@XZ 0000000180004b0c f i MSR.obj
 0001:00003b80       ??1?$CComEnumImpl@UIEnumConnectionPoints@@$1?_GUID_b196b285_bab4_101a_b69c_00aa00341d07@@3U__s_GUID@@BPEAUIConnectionPoint@@V?$_CopyInterface@UIConnectionPoint@@@ATL@@@ATL@@UEAA@XZ 0000000180004b80 f i MSR.obj
 0001:00003bd8       ??1?$CComEnumImpl@UIEnumConnections@@$1?_GUID_b196b287_bab4_101a_b69c_00aa00341d07@@3U__s_GUID@@BUtagCONNECTDATA@@V?$_Copy@UtagCONNECTDATA@@@ATL@@@ATL@@UEAA@XZ 0000000180004bd8 f i MSR.obj
 0001:00003c30       ??1?$CComObject@VCOPOSMSR@@@ATL@@UEAA@XZ 0000000180004c30 f i MSR.obj
 0001:00003d50       ??_G?$CComContainedObject@VCOPOSMSR@@@ATL@@UEAAPEAXI@Z 0000000180004d50 f i MSR.obj
 0001:00003d50       ??_E?$CComContainedObject@VCOPOSMSR@@@ATL@@UEAAPEAXI@Z 0000000180004d50 f i MSR.obj
 0001:00003d84       ??_G?$CComObject@VCOPOSMSR@@@ATL@@UEAAPEAXI@Z 0000000180004d84 f i MSR.obj
 0001:00003d84       ??_E?$CComObject@VCOPOSMSR@@@ATL@@UEAAPEAXI@Z 0000000180004d84 f i MSR.obj
 0001:00003db8       ?Add@?$CSimpleArray@GV?$CSimpleArrayEqualHelper@G@ATL@@@ATL@@QEAAHAEBG@Z 0000000180004db8 f i MSR.obj
 0001:00003e58       ?Add@?$CSimpleMap@PEA_WPEA_WVCExpansionVectorEqualHelper@ATL@@@ATL@@QEAAHAEBQEA_W0@Z 0000000180004e58 f i MSR.obj
 0001:00003ef4       ?Add@CComDynamicUnkArray@ATL@@QEAAKPEAUIUnknown@@@Z 0000000180004ef4 f i MSR.obj
 0001:00003fd8       ?Add@CExpansionVector@ATL@@QEAAHPEB_W0@Z 0000000180004fd8 f i MSR.obj
 0001:0000410c       ?AddTermFunc@CAtlModule@ATL@@QEAAJP6AX_K@Z0@Z 000000018000510c f i MSR.obj
 0001:000041a8       ?AddValue@CRegParser@ATL@@IEAAJAEAVCRegKey@2@PEB_WPEA_W@Z 00000001800051a8 f i MSR.obj
 0001:000045b8       ?AllocateHeap@?$CTempBuffer@_W$0EAA@VCCRTAllocator@ATL@@@ATL@@AEAAX_K@Z 00000001800055b8 f i MSR.obj
 0001:000045b8       ?AllocateHeap@?$CTempBuffer@_W$0BAA@VCCRTAllocator@ATL@@@ATL@@AEAAX_K@Z 00000001800055b8 f i MSR.obj
 0001:000045b8       ?AllocateHeap@?$CTempBuffer@E$0BAA@VCCRTAllocator@ATL@@@ATL@@AEAAX_K@Z 00000001800055b8 f i MSR.obj
 0001:000045e4       ?Append@CParseBuffer@CRegParser@ATL@@QEAAHPEB_WH@Z 00000001800055e4 f i MSR.obj
 0001:00004718       ?AtlComModuleGetClassObject@ATL@@YAJPEAU_ATL_COM_MODULE70@1@AEBU_GUID@@1PEAPEAX@Z 0000000180005718 f i MSR.obj
 0001:00004854       ?AtlComModuleRegisterServer@ATL@@YAJPEAU_ATL_COM_MODULE70@1@HPEBU_GUID@@@Z 0000000180005854 f i MSR.obj
 0001:00004914       ?AtlComModuleUnregisterServer@ATL@@YAJPEAU_ATL_COM_MODULE70@1@HPEBU_GUID@@@Z 0000000180005914 f i MSR.obj
 0001:000049d0       ?AtlHiMetricToPixel@ATL@@YAXPEBUtagSIZE@@PEAU2@@Z 00000001800059d0 f i MSR.obj
 0001:00004a80       ?AtlHresultFromLastError@ATL@@YAJXZ 0000000180005a80 f i MSR.obj
 0001:00004aa0       ?AtlHresultFromWin32@ATL@@YAJK@Z 0000000180005aa0 f i MSR.obj
 0001:00004ab0       ?AtlInternalOleLoadFromStream@ATL@@YAJPEAUIStream@@AEBU_GUID@@PEAPEAXTClassesAllowedInStream@1@K@Z 0000000180005ab0 f i MSR.obj
 0001:00004c00       ?AtlInternalQueryInterface@ATL@@YAJPEAXPEBU_ATL_INTMAP_ENTRY@1@AEBU_GUID@@PEAPEAX@Z 0000000180005c00 f i MSR.obj
 0001:00004d08       ?AtlLoadTypeLib@ATL@@YAJPEAUHINSTANCE__@@PEB_WPEAPEA_WPEAPEAUITypeLib@@@Z 0000000180005d08 f i MSR.obj
 0001:00004f64       ?AtlRegisterClassCategoriesHelper@ATL@@YAJAEBU_GUID@@PEBU_ATL_CATMAP_ENTRY@1@H@Z 0000000180005f64 f i MSR.obj
 0001:000053e8       ?AtlRegisterTypeLib@ATL@@YAJPEAUHINSTANCE__@@PEB_W@Z 00000001800063e8 f i MSR.obj
 0001:000055e4       ?AtlThrowImpl@ATL@@YAXJ@Z  00000001800065e4 f i MSR.obj
 0001:00005608       ?AtlUnRegisterTypeLib@ATL@@YAJPEAUHINSTANCE__@@PEB_W@Z 0000000180006608 f i MSR.obj
 0001:000056d0       ?AtlWinModuleExtractCreateWndData@ATL@@YAPEAXPEAU_ATL_WIN_MODULE70@1@@Z 00000001800066d0 f i MSR.obj
 0001:0000575c       ?ChToByte@CRegParser@ATL@@KAE_W@Z 000000018000675c f i MSR.obj
 0001:000057e8       ?Cleanup@CComTypeInfoHolder@ATL@@SAX_K@Z 00000001800067e8 f i MSR.obj
 0001:00005828       ?ClearReplacements@CExpansionVector@ATL@@QEAAJXZ 0000000180006828 f i MSR.obj
 0001:000058c4       ?CreateInstance@?$CComCreator@V?$CComAggObject@VCOPOSMSR@@@ATL@@@ATL@@SAJPEAXAEBU_GUID@@PEAPEAX@Z 00000001800068c4 f i MSR.obj
 0001:000059a8       ?CreateInstance@?$CComCreator@V?$CComObject@VCOPOSMSR@@@ATL@@@ATL@@SAJPEAXAEBU_GUID@@PEAPEAX@Z 00000001800069a8 f i MSR.obj
 0001:00005a68       ?CreateInstance@?$CComObject@V?$CComEnum@UIEnumConnectionPoints@@$1?_GUID_b196b285_bab4_101a_b69c_00aa00341d07@@3U__s_GUID@@BPEAUIConnectionPoint@@V?$_CopyInterface@UIConnectionPoint@@@ATL@@VCComSingleThreadModel@6@@ATL@@@ATL@@SAJPEAPEAV12@@Z 0000000180006a68 f i MSR.obj
 0001:00005af8       ?CreateInstance@?$CComObject@V?$CComEnum@UIEnumConnections@@$1?_GUID_b196b287_bab4_101a_b69c_00aa00341d07@@3U__s_GUID@@BUtagCONNECTDATA@@V?$_Copy@UtagCONNECTDATA@@@ATL@@VCComSingleThreadModel@6@@ATL@@@ATL@@SAJPEAPEAV12@@Z 0000000180006af8 f i MSR.obj
 0001:00005b88       ?DefaultReflectionHandler@?$CWindowImplRoot@VCWindow@ATL@@@ATL@@SAHPEAUHWND__@@I_K_JAEA_J@Z 0000000180006b88 f i MSR.obj
 0001:00005c1c       ?DeleteSubKey@CRegKey@ATL@@QEAAJPEB_W@Z 0000000180006c1c f i MSR.obj
 0001:00005cb4       ?DoEvent@COPOSMSR@@IEAAXI_K_J@Z 0000000180006cb4 f i MSR.obj
 0001:00005d68       ?DoVerbPrimary@?$IOleObjectImpl@VCOPOSMSR@@@ATL@@QEAAJPEBUtagRECT@@PEAUHWND__@@@Z 0000000180006d68 f i MSR.obj
 0001:00005e94       ?DoVerbProperties@CComControlBase@ATL@@QEAAJPEBUtagRECT@@PEAUHWND__@@@Z 0000000180006e94 f i MSR.obj
 0001:000060bc       ?FireTheEvent@?$CProxy_IOPOSEvents@VCOPOSMSR@@@@IEAAXPEAVOposVariant@@IAEAJPEB_WJ@Z 00000001800070bc f i MSR.obj
 0001:000061a8       ?FireViewChange@CComControlBase@ATL@@QEAAJXZ 00000001800071a8 f i MSR.obj
 0001:0000620c       ?Fire_DataEvent@?$CProxy_IOPOSEvents@VCOPOSMSR@@@@QEAAXJ@Z 000000018000720c f i MSR.obj
 0001:000062f8       ?Fire_DirectIOEvent@?$CProxy_IOPOSEvents@VCOPOSMSR@@@@QEAAXJPEAJPEAPEA_W@Z 00000001800072f8 f i MSR.obj
 0001:00006458       ?Fire_ErrorEvent@?$CProxy_IOPOSEvents@VCOPOSMSR@@@@QEAAXJJJPEAJ@Z 0000000180007458 f i MSR.obj
 0001:000065cc       ?Fire_StatusUpdateEvent@?$CProxy_IOPOSEvents@VCOPOSMSR@@@@QEAAXJ@Z 00000001800075cc f i MSR.obj
 0001:000066b8       ?FreeHeap@?$CTempBuffer@E$0BAA@VCCRTAllocator@ATL@@@ATL@@AEAAXXZ 00000001800076b8 f i MSR.obj
 0001:000066b8       ?FreeHeap@?$CTempBuffer@_W$0BAA@VCCRTAllocator@ATL@@@ATL@@AEAAXXZ 00000001800076b8 f i MSR.obj
 0001:000066b8       ?FreeHeap@?$CTempBuffer@_W$0EAA@VCCRTAllocator@ATL@@@ATL@@AEAAXXZ 00000001800076b8 f i MSR.obj
 0001:000066c0       ?GetAmbientLocaleID@CComControlBase@ATL@@QEAAJAEAK@Z 00000001800076c0 f i MSR.obj
 0001:00006780       ?GetAmbientUserMode@CComControlBase@ATL@@QEAAJAEAH@Z 0000000180007780 f i MSR.obj
 0001:00006850       ?GetClassObject@CComModule@ATL@@QEAAJAEBU_GUID@@0PEAPEAX@Z 0000000180007850 f i MSR.obj
 0001:00006944       ?GetConnMap@COPOSMSR@@SAPEBU_ATL_CONNMAP_ENTRY@ATL@@PEAH@Z 0000000180007944 f i MSR.obj
 0001:000069cc       ?GetIDsOfNames@CComTypeInfoHolder@ATL@@QEAAJAEBU_GUID@@PEAPEA_WIKPEAJ@Z 00000001800079cc f i MSR.obj
 0001:00006b3c       ?GetPagesHelper@?$ISpecifyPropertyPagesImpl@VCOPOSMSR@@@ATL@@IEAAJPEAUtagCAUUID@@PEBUATL_PROPMAP_ENTRY@2@@Z 0000000180007b3c f i MSR.obj
 0001:00006cdc       ?GetSizeMax@CComVariant@ATL@@QEBAJPEAT_ULARGE_INTEGER@@@Z 0000000180007cdc f i MSR.obj
 0001:00006f0c       ?GetTI@CComTypeInfoHolder@ATL@@QEAAJK@Z 0000000180007f0c f i MSR.obj
 0001:000071f0       ?GetZoomInfo@CComControlBase@ATL@@QEAAXAEAUATL_DRAWINFO@@@Z 00000001800081f0 f i MSR.obj
 0001:00007294       ?HKeyFromString@CRegParser@ATL@@KAPEAUHKEY__@@PEA_W@Z 0000000180008294 f i MSR.obj
 0001:000072f8       ?IDataObject_GetData@CComControlBase@ATL@@QEAAJPEAUtagFORMATETC@@PEAUtagSTGMEDIUM@@@Z 00000001800082f8 f i MSR.obj
 0001:000074ec       ?IOleInPlaceObject_InPlaceDeactivate@CComControlBase@ATL@@QEAAJXZ 00000001800084ec f i MSR.obj
 0001:0000758c       ?IOleInPlaceObject_SetObjectRects@CComControlBase@ATL@@QEAAJPEBUtagRECT@@0@Z 000000018000858c f i MSR.obj
 0001:0000767c       ?IOleInPlaceObject_UIDeactivate@CComControlBase@ATL@@QEAAJXZ 000000018000867c f i MSR.obj
 0001:00007788       ?IOleObject_Close@CComControlBase@ATL@@QEAAJK@Z 0000000180008788 f i MSR.obj
 0001:000078a0       ?IOleObject_SetClientSite@CComControlBase@ATL@@QEAAJPEAUIOleClientSite@@@Z 00000001800088a0 f i MSR.obj
 0001:00007914       ?IOleObject_SetExtent@CComControlBase@ATL@@QEAAJKPEAUtagSIZE@@@Z 0000000180008914 f i MSR.obj
 0001:000079ac       ?IPSI_GetIPersistStreamInit@?$IPersistStorageImpl@VCOPOSMSR@@@ATL@@AEAAPEAUIPersistStreamInit@@XZ 00000001800089ac f i MSR.obj
 0001:00007a94       ?IPersistStreamInit_Load@?$IPersistStreamInitImpl@VCOPOSMSR@@@ATL@@QEAAJPEAUIStream@@PEBUATL_PROPMAP_ENTRY@2@@Z 0000000180008a94 f i MSR.obj
 0001:00007dbc       ?IPersistStreamInit_Save@?$IPersistStreamInitImpl@VCOPOSMSR@@@ATL@@QEAAJPEAUIStream@@HPEBUATL_PROPMAP_ENTRY@2@@Z 0000000180008dbc f i MSR.obj
 0001:00008058       ?IQuickActivate_QuickActivate@CComControlBase@ATL@@QEAAJPEAUtagQACONTAINER@@PEAUtagQACONTROL@@@Z 0000000180009058 f i MSR.obj
 0001:0000831c       ?IViewObject_Draw@CComControlBase@ATL@@QEAAJKJPEAXPEAUtagDVTARGETDEVICE@@PEAUHDC__@@2PEBU_RECTL@@3@Z 000000018000931c f i MSR.obj
 0001:00008430       ?InPlaceActivate@CComControlBase@ATL@@QEAAJJPEBUtagRECT@@@Z 0000000180009430 f i MSR.obj
 0001:00008760       ?Init@?$CComEnumImpl@UIEnumConnectionPoints@@$1?_GUID_b196b285_bab4_101a_b69c_00aa00341d07@@3U__s_GUID@@BPEAUIConnectionPoint@@V?$_CopyInterface@UIConnectionPoint@@@ATL@@@ATL@@QEAAJPEAPEAUIConnectionPoint@@0PEAUIUnknown@@W4CComEnumFlags@2@@Z 0000000180009760 f i MSR.obj
 0001:0000887c       ?Init@?$CComEnumImpl@UIEnumConnections@@$1?_GUID_b196b287_bab4_101a_b69c_00aa00341d07@@3U__s_GUID@@BUtagCONNECTDATA@@V?$_Copy@UtagCONNECTDATA@@@ATL@@@ATL@@QEAAJPEAUtagCONNECTDATA@@0PEAUIUnknown@@W4CComEnumFlags@2@@Z 000000018000987c f i MSR.obj
 0001:0000899c       ?IsEqualObject@?$CComPtrBase@UIOleClientSite@@@ATL@@QEAA_NPEAUIUnknown@@@Z 000000018000999c f i MSR.obj
 0001:00008a28       ?LoadNameCache@CComTypeInfoHolder@ATL@@QEAAJPEAUITypeInfo@@@Z 0000000180009a28 f i MSR.obj
 0001:00008bb8       ?Lookup@?$CSimpleMap@PEA_WPEA_WVCExpansionVectorEqualHelper@ATL@@@ATL@@QEBAPEA_WAEBQEA_W@Z 0000000180009bb8 f i MSR.obj
 0001:00008c40       ?NextToken@CRegParser@ATL@@IEAAJPEA_W@Z 0000000180009c40 f i MSR.obj
 0001:00008ddc       ?OnKillFocus@CComControlBase@ATL@@QEAA_JI_K_JAEAH@Z 0000000180009ddc f i MSR.obj
 0001:00008e78       ?OnMouseActivate@CComControlBase@ATL@@QEAA_JI_K_JAEAH@Z 0000000180009e78 f i MSR.obj
 0001:00008f18       ?OnPaint@CComControlBase@ATL@@QEAA_JI_K_JAEAH@Z 0000000180009f18 f i MSR.obj
 0001:00009004       ?OnSetFocus@CComControlBase@ATL@@QEAA_JI_K_JAEAH@Z 000000018000a004 f i MSR.obj
 0001:0000910c       ?PreProcessBuffer@CRegParser@ATL@@QEAAJPEA_WPEAPEA_W@Z 000000018000a10c f i MSR.obj
 0001:00009494       ?ProcessWindowMessage@?$CComControl@VCOPOSMSR@@V?$CWindowImpl@VCOPOSMSR@@VCWindow@ATL@@V?$CWinTraits@$0FGAAAAAA@$0A@@3@@ATL@@@ATL@@UEAAHPEAUHWND__@@I_K_JAEA_JK@Z 000000018000a494 f i MSR.obj
 0001:00009580       ?ReadFromStream@CComBSTR@ATL@@QEAAJPEAUIStream@@@Z 000000018000a580 f i MSR.obj
 0001:000096d0       ?ReadFromStream@CComVariant@ATL@@QEAAJPEAUIStream@@GTClassesAllowedInStream@2@K@Z 000000018000a6d0 f i MSR.obj
 0001:00009914       ?RecurseDeleteKey@CRegKey@ATL@@QEAAJPEB_W@Z 000000018000a914 f i MSR.obj
 0001:00009a6c       ?RegCreateKeyExW@CAtlTransactionManager@ATL@@QEAAJPEAUHKEY__@@PEB_WKPEA_WKKQEAU_SECURITY_ATTRIBUTES@@PEAPEAU3@PEAK@Z 000000018000aa6c f i MSR.obj
 0001:00009ba0       ?RegDeleteKeyW@CAtlTransactionManager@ATL@@QEAAJPEAUHKEY__@@PEB_W@Z 000000018000aba0 f i MSR.obj
 0001:00009c2c       ?RegOpenKeyExW@CAtlTransactionManager@ATL@@QEAAJPEAUHKEY__@@PEB_WKKPEAPEAU3@@Z 000000018000ac2c f i MSR.obj
 0001:00009ce4       ?RegisterBuffer@CRegParser@ATL@@QEAAJPEA_WH@Z 000000018000ace4 f i MSR.obj
 0001:00009e50       ?RegisterFromResource@CRegObject@ATL@@IEAAJPEB_W00H@Z 000000018000ae50 f i MSR.obj
 0001:0000a00c       ?RegisterServer@CComModule@ATL@@QEAAJHPEBU_GUID@@@Z 000000018000b00c f i MSR.obj
 0001:0000a0c8       ?RegisterSubkeys@CRegParser@ATL@@IEAAJPEA_WPEAUHKEY__@@HH@Z 000000018000b0c8 f i MSR.obj
 0001:0000a948       ?SendOnDataChange@CComControlBase@ATL@@QEAAJK@Z 000000018000b948 f i MSR.obj
 0001:0000a9b8       ?SetControlFocus@CComControlBase@ATL@@QEAAHH@Z 000000018000b9b8 f i MSR.obj
 0001:0000aa88       ?SkipAssignment@CRegParser@ATL@@IEAAJPEA_W@Z 000000018000ba88 f i MSR.obj
 0001:0000ab40       ?Term@CAtlModule@ATL@@QEAAXXZ 000000018000bb40 f i MSR.obj
 0001:0000abf8       ?Term@CComModule@ATL@@QEAAXXZ 000000018000bbf8 f i MSR.obj
 0001:0000ac74       ?UnregisterServer@CComModule@ATL@@QEAAJHPEBU_GUID@@@Z 000000018000bc74 f i MSR.obj
 0001:0000ad24       ?UpdateRegistryFromResource@CAtlModule@ATL@@QEAAJIHPEAU_ATL_REGMAP_ENTRY@2@@Z 000000018000bd24 f i MSR.obj
 0001:0000b030       ?UpdateRegistryFromResource@CAtlModule@ATL@@QEAAJPEB_WHPEAU_ATL_REGMAP_ENTRY@2@@Z 000000018000c030 f i MSR.obj
 0001:0000b354       ?VTFromRegType@CRegParser@ATL@@KAHPEB_WAEAG@Z 000000018000c354 f i MSR.obj
 0001:0000b3f0       ?WindowProc@?$CWindowImplBaseT@VCWindow@ATL@@V?$CWinTraits@$0FGAAAAAA@$0A@@2@@ATL@@SA_JPEAUHWND__@@I_K_J@Z 000000018000c3f0 f i MSR.obj
 0001:0000b55c       ?WriteToStream@CComVariant@ATL@@QEAAJPEAUIStream@@@Z 000000018000c55c f i MSR.obj
 0001:0000b7c8       ?WriteToStream@CComVariant@ATL@@QEAAJPEAUIStream@@G@Z 000000018000c7c8 f i MSR.obj
 0001:0000b860       ?_AtlVerifyStackAvailable@_ATL_SAFE_ALLOCA_IMPL@ATL@@YA_N_K@Z 000000018000c860 f i MSR.obj
 0001:0000b8e4       ?atlCreate@?$CWindowImpl@VCOPOSMSR@@VCWindow@ATL@@V?$CWinTraits@$0FGAAAAAA@$0A@@3@@ATL@@QEAAPEAUHWND__@@PEAU3@V_U_RECT@2@PEB_WKKV_U_MENUorID@2@PEAX@Z 000000018000c8e4 f i MSR.obj
 0001:0000b9a0       ?atlCreate@?$CWindowImplBaseT@VCWindow@ATL@@V?$CWinTraits@$0FGAAAAAA@$0A@@2@@ATL@@QEAAPEAUHWND__@@PEAU3@V_U_RECT@2@PEB_WKKV_U_MENUorID@2@GPEAX@Z 000000018000c9a0 f i MSR.obj
 0001:0000bb10       ?ocscpy_s@@YA_NPEA_W_KPEB_W@Z 000000018000cb10 f i MSR.obj
 0001:0000bbc0       DllCanUnloadNow            000000018000cbc0 f   MSR.obj
 0001:0000bbcc       DllGetClassObject          000000018000cbcc f   MSR.obj
 0001:0000bbe4       DllMain                    000000018000cbe4 f   MSR.obj
 0001:0000bc8c       DllRegisterServer          000000018000cc8c f   MSR.obj
 0001:0000bca0       DllUnregisterServer        000000018000cca0 f   MSR.obj
 0001:0000bcb4       __local_stdio_printf_options 000000018000ccb4 f i MSR.obj
 0001:0000bcbc       swprintf_s                 000000018000ccbc f i MSR.obj
 0001:0000bd10       ??0COPOSMSR@@QEAA@XZ       000000018000cd10 f   MSRImpl.obj
 0001:0000bdd8       ??1?$IConnectionPointImpl@VCOPOSMSR@@$1?IID_IPropertyNotifySink@@3U_GUID@@BVCComDynamicUnkArray@ATL@@@ATL@@QEAA@XZ 000000018000cdd8 f i MSRImpl.obj
 0001:0000bdd8       ??1?$IConnectionPointImpl@VCOPOSMSR@@$1?DIID__IOPOSMSREvents@@3U_GUID@@BVCComDynamicUnkArray@ATL@@@ATL@@QEAA@XZ 000000018000cdd8 f i MSRImpl.obj
 0001:0000be34       ??1CComControlBase@ATL@@UEAA@XZ 000000018000ce34 f i MSRImpl.obj
 0001:0000beb0       ??1COPOSMSR@@UEAA@XZ       000000018000ceb0 f   MSRImpl.obj
 0001:0000bf14       ?AuthenticateDevice@COPOSMSR@@UEAAJPEA_WPEAJ@Z 000000018000cf14 f   MSRImpl.obj
 0001:0000bf9c       ?CheckHealth@COPOSMSR@@UEAAJJPEAJ@Z 000000018000cf9c f   MSRImpl.obj
 0001:0000c018       ?ClaimDevice@COPOSMSR@@UEAAJJPEAJ@Z 000000018000d018 f   MSRImpl.obj
 0001:0000c0b8       ?ClearInput@COPOSMSR@@UEAAJPEAJ@Z 000000018000d0b8 f   MSRImpl.obj
 0001:0000c0e0       ?ClearInputProperties@COPOSMSR@@UEAAJPEAJ@Z 000000018000d0e0 f   MSRImpl.obj
 0001:0000c108       ?Close@COPOSMSR@@UEAAJPEAJ@Z 000000018000d108 f   MSRImpl.obj
 0001:0000c1c0       ?CompareFirmwareVersion@COPOSMSR@@UEAAJPEA_WPEAJ1@Z 000000018000d1c0 f   MSRImpl.obj
 0001:0000c29c       ?DeauthenticateDevice@COPOSMSR@@UEAAJPEA_WPEAJ@Z 000000018000d29c f   MSRImpl.obj
 0001:0000c324       ?DirectIO@COPOSMSR@@UEAAJJPEAJPEAPEA_W0@Z 000000018000d324 f   MSRImpl.obj
 0001:0000c420       ?DoInvoke@COPOSMSR@@IEAAJJPEAVOposVariant@@IHPEAJ_N@Z 000000018000d420 f   MSRImpl.obj
 0001:0000c554       ?EventInit@COPOSMSR@@IEAAJXZ 000000018000d554 f i MSRImpl.obj
 0001:0000c6a4       ?EventUninit@COPOSMSR@@IEAAXXZ 000000018000d6a4 f i MSRImpl.obj
 0001:0000c708       ?EventWindowProc@COPOSMSR@@IEAA_JI_K_J@Z 000000018000d708 f i MSRImpl.obj
 0001:0000c880       ?FinalConstruct@COPOSMSR@@QEAAJXZ 000000018000d880 f   MSRImpl.obj
 0001:0000c8bc       ?FreezeEvents@COPOSMSR@@MEAAJH@Z 000000018000d8bc f   MSRImpl.obj
 0001:0000c928       ?GetOposProp@COPOSMSR@@IEAAJJPEAJJ@Z 000000018000d928 f   MSRImpl.obj
 0001:0000ca44       ?GetOposProp@COPOSMSR@@IEAAJJPEAPEA_WJ@Z 000000018000da44 f   MSRImpl.obj
 0001:0000cb70       ?OnDraw@COPOSMSR@@MEAAJAEAUATL_DRAWINFO@@@Z 000000018000db70 f   MSRImpl.obj
 0001:0000cc5c       ?Open@COPOSMSR@@UEAAJPEA_WPEAJ@Z 000000018000dc5c f   MSRImpl.obj
 0001:0000d4d0       ?ReleaseDevice@COPOSMSR@@UEAAJPEAJ@Z 000000018000e4d0 f   MSRImpl.obj
 0001:0000d53c       ?ResetStatistics@COPOSMSR@@UEAAJPEA_WPEAJ@Z 000000018000e53c f   MSRImpl.obj
 0001:0000d5c4       ?RetrieveCardProperty@COPOSMSR@@UEAAJPEA_WPEAPEA_WPEAJ@Z 000000018000e5c4 f   MSRImpl.obj
 0001:0000d6a0       ?RetrieveDeviceAuthenticationData@COPOSMSR@@UEAAJPEAPEA_WPEAJ@Z 000000018000e6a0 f   MSRImpl.obj
 0001:0000d728       ?RetrieveStatistics@COPOSMSR@@UEAAJPEAPEA_WPEAJ@Z 000000018000e728 f   MSRImpl.obj
 0001:0000d7b0       ?SOProcessID@COPOSMSR@@UEAAJPEAJ@Z 000000018000e7b0 f   MSRImpl.obj
 0001:0000d7cc       ?SetCOFreezeEvents@COPOSMSR@@IEAAXF@Z 000000018000e7cc f   MSRImpl.obj
 0001:0000d8b0       ?SetOposProp@COPOSMSR@@IEAAJJJJ@Z 000000018000e8b0 f   MSRImpl.obj
 0001:0000da10       ?SetOposProp@COPOSMSR@@IEAAJJPEA_WJ@Z 000000018000ea10 f   MSRImpl.obj
 0001:0000db68       ?UpdateFirmware@COPOSMSR@@UEAAJPEA_WPEAJ@Z 000000018000eb68 f   MSRImpl.obj
 0001:0000dbf0       ?UpdateKey@COPOSMSR@@UEAAJPEA_W0PEAJ@Z 000000018000ebf0 f   MSRImpl.obj
 0001:0000dccc       ?UpdateStatistics@COPOSMSR@@UEAAJPEA_WPEAJ@Z 000000018000eccc f   MSRImpl.obj
 0001:0000dd54       ?WriteTracks@COPOSMSR@@UEAAJUtagVARIANT@@JPEAJ@Z 000000018000ed54 f   MSRImpl.obj
 0001:0000de30       ?get_AccountNumber@COPOSMSR@@UEAAJPEAPEA_W@Z 000000018000ee30 f   MSRImpl.obj
 0001:0000de40       ?get_AdditionalSecurityInformation@COPOSMSR@@UEAAJPEAPEA_W@Z 000000018000ee40 f   MSRImpl.obj
 0001:0000de54       ?get_AutoDisable@COPOSMSR@@UEAAJPEAF@Z 000000018000ee54 f   MSRImpl.obj
 0001:0000de88       ?get_BinaryConversion@COPOSMSR@@UEAAJPEAJ@Z 000000018000ee88 f   MSRImpl.obj
 0001:0000de9c       ?get_CapCardAuthentication@COPOSMSR@@UEAAJPEAPEA_W@Z 000000018000ee9c f   MSRImpl.obj
 0001:0000deb0       ?get_CapCompareFirmwareVersion@COPOSMSR@@UEAAJPEAF@Z 000000018000eeb0 f   MSRImpl.obj
 0001:0000dee4       ?get_CapDataEncryption@COPOSMSR@@UEAAJPEAJ@Z 000000018000eee4 f   MSRImpl.obj
 0001:0000def8       ?get_CapDeviceAuthentication@COPOSMSR@@UEAAJPEAJ@Z 000000018000eef8 f   MSRImpl.obj
 0001:0000df0c       ?get_CapISO@COPOSMSR@@UEAAJPEAF@Z 000000018000ef0c f   MSRImpl.obj
 0001:0000df3c       ?get_CapJISOne@COPOSMSR@@UEAAJPEAF@Z 000000018000ef3c f   MSRImpl.obj
 0001:0000df6c       ?get_CapJISTwo@COPOSMSR@@UEAAJPEAF@Z 000000018000ef6c f   MSRImpl.obj
 0001:0000df9c       ?get_CapPowerReporting@COPOSMSR@@UEAAJPEAJ@Z 000000018000ef9c f   MSRImpl.obj
 0001:0000dfb0       ?get_CapStatisticsReporting@COPOSMSR@@UEAAJPEAF@Z 000000018000efb0 f   MSRImpl.obj
 0001:0000dfe4       ?get_CapTrackDataMasking@COPOSMSR@@UEAAJPEAF@Z 000000018000efe4 f   MSRImpl.obj
 0001:0000e018       ?get_CapTransmitSentinels@COPOSMSR@@UEAAJPEAF@Z 000000018000f018 f   MSRImpl.obj
 0001:0000e04c       ?get_CapUpdateFirmware@COPOSMSR@@UEAAJPEAF@Z 000000018000f04c f   MSRImpl.obj
 0001:0000e080       ?get_CapUpdateStatistics@COPOSMSR@@UEAAJPEAF@Z 000000018000f080 f   MSRImpl.obj
 0001:0000e0b4       ?get_CapWritableTracks@COPOSMSR@@UEAAJPEAJ@Z 000000018000f0b4 f   MSRImpl.obj
 0001:0000e0c8       ?get_CardAuthenticationData@COPOSMSR@@UEAAJPEAPEA_W@Z 000000018000f0c8 f   MSRImpl.obj
 0001:0000e0dc       ?get_CardAuthenticationDataLength@COPOSMSR@@UEAAJPEAJ@Z 000000018000f0dc f   MSRImpl.obj
 0001:0000e0f0       ?get_CardPropertyList@COPOSMSR@@UEAAJPEAPEA_W@Z 000000018000f0f0 f   MSRImpl.obj
 0001:0000e104       ?get_CardType@COPOSMSR@@UEAAJPEAPEA_W@Z 000000018000f104 f   MSRImpl.obj
 0001:0000e118       ?get_CardTypeList@COPOSMSR@@UEAAJPEAPEA_W@Z 000000018000f118 f   MSRImpl.obj
 0001:0000e12c       ?get_CheckHealthText@COPOSMSR@@UEAAJPEAPEA_W@Z 000000018000f12c f   MSRImpl.obj
 0001:0000e13c       ?get_Claimed@COPOSMSR@@UEAAJPEAF@Z 000000018000f13c f   MSRImpl.obj
 0001:0000e16c       ?get_ControlObjectDescription@COPOSMSR@@UEAAJPEAPEA_W@Z 000000018000f16c f   MSRImpl.obj
 0001:0000e1d0       ?get_ControlObjectVersion@COPOSMSR@@UEAAJPEAJ@Z 000000018000f1d0 f   MSRImpl.obj
 0001:0000e1dc       ?get_DataCount@COPOSMSR@@UEAAJPEAJ@Z 000000018000f1dc f   MSRImpl.obj
 0001:0000e1f0       ?get_DataEncryptionAlgorithm@COPOSMSR@@UEAAJPEAJ@Z 000000018000f1f0 f   MSRImpl.obj
 0001:0000e204       ?get_DataEventEnabled@COPOSMSR@@UEAAJPEAF@Z 000000018000f204 f   MSRImpl.obj
 0001:0000e234       ?get_DecodeData@COPOSMSR@@UEAAJPEAF@Z 000000018000f234 f   MSRImpl.obj
 0001:0000e264       ?get_DeviceAuthenticated@COPOSMSR@@UEAAJPEAF@Z 000000018000f264 f   MSRImpl.obj
 0001:0000e298       ?get_DeviceAuthenticationProtocol@COPOSMSR@@UEAAJPEAJ@Z 000000018000f298 f   MSRImpl.obj
 0001:0000e2ac       ?get_DeviceDescription@COPOSMSR@@UEAAJPEAPEA_W@Z 000000018000f2ac f   MSRImpl.obj
 0001:0000e2bc       ?get_DeviceEnabled@COPOSMSR@@UEAAJPEAF@Z 000000018000f2bc f   MSRImpl.obj
 0001:0000e2ec       ?get_DeviceName@COPOSMSR@@UEAAJPEAPEA_W@Z 000000018000f2ec f   MSRImpl.obj
 0001:0000e2fc       ?get_EncodingMaxLength@COPOSMSR@@UEAAJPEAJ@Z 000000018000f2fc f   MSRImpl.obj
 0001:0000e310       ?get_ErrorReportingType@COPOSMSR@@UEAAJPEAJ@Z 000000018000f310 f   MSRImpl.obj
 0001:0000e324       ?get_ExpirationDate@COPOSMSR@@UEAAJPEAPEA_W@Z 000000018000f324 f   MSRImpl.obj
 0001:0000e334       ?get_FirstName@COPOSMSR@@UEAAJPEAPEA_W@Z 000000018000f334 f   MSRImpl.obj
 0001:0000e344       ?get_FreezeEvents@COPOSMSR@@UEAAJPEAF@Z 000000018000f344 f   MSRImpl.obj
 0001:0000e374       ?get_MiddleInitial@COPOSMSR@@UEAAJPEAPEA_W@Z 000000018000f374 f   MSRImpl.obj
 0001:0000e384       ?get_OpenResult@COPOSMSR@@UEAAJPEAJ@Z 000000018000f384 f   MSRImpl.obj
 0001:0000e390       ?get_ParseDecodeData@COPOSMSR@@UEAAJPEAF@Z 000000018000f390 f   MSRImpl.obj
 0001:0000e390       ?get_ParseDecodedData@COPOSMSR@@UEAAJPEAF@Z 000000018000f390 f   MSRImpl.obj
 0001:0000e3c0       ?get_PowerNotify@COPOSMSR@@UEAAJPEAJ@Z 000000018000f3c0 f   MSRImpl.obj
 0001:0000e3d4       ?get_PowerState@COPOSMSR@@UEAAJPEAJ@Z 000000018000f3d4 f   MSRImpl.obj
 0001:0000e3e8       ?get_ResultCode@COPOSMSR@@UEAAJPEAJ@Z 000000018000f3e8 f   MSRImpl.obj
 0001:0000e424       ?get_ResultCodeExtended@COPOSMSR@@UEAAJPEAJ@Z 000000018000f424 f   MSRImpl.obj
 0001:0000e434       ?get_ServiceCode@COPOSMSR@@UEAAJPEAPEA_W@Z 000000018000f434 f   MSRImpl.obj
 0001:0000e444       ?get_ServiceObjectDescription@COPOSMSR@@UEAAJPEAPEA_W@Z 000000018000f444 f   MSRImpl.obj
 0001:0000e454       ?get_ServiceObjectVersion@COPOSMSR@@UEAAJPEAJ@Z 000000018000f454 f   MSRImpl.obj
 0001:0000e464       ?get_State@COPOSMSR@@UEAAJPEAJ@Z 000000018000f464 f   MSRImpl.obj
 0001:0000e490       ?get_Suffix@COPOSMSR@@UEAAJPEAPEA_W@Z 000000018000f490 f   MSRImpl.obj
 0001:0000e4a0       ?get_Surname@COPOSMSR@@UEAAJPEAPEA_W@Z 000000018000f4a0 f   MSRImpl.obj
 0001:0000e4b0       ?get_Title@COPOSMSR@@UEAAJPEAPEA_W@Z 000000018000f4b0 f   MSRImpl.obj
 0001:0000e4c0       ?get_Track1Data@COPOSMSR@@UEAAJPEAPEA_W@Z 000000018000f4c0 f   MSRImpl.obj
 0001:0000e4d0       ?get_Track1DiscretionaryData@COPOSMSR@@UEAAJPEAPEA_W@Z 000000018000f4d0 f   MSRImpl.obj
 0001:0000e4e0       ?get_Track1EncryptedData@COPOSMSR@@UEAAJPEAPEA_W@Z 000000018000f4e0 f   MSRImpl.obj
 0001:0000e4f4       ?get_Track1EncryptedDataLength@COPOSMSR@@UEAAJPEAJ@Z 000000018000f4f4 f   MSRImpl.obj
 0001:0000e508       ?get_Track2Data@COPOSMSR@@UEAAJPEAPEA_W@Z 000000018000f508 f   MSRImpl.obj
 0001:0000e518       ?get_Track2DiscretionaryData@COPOSMSR@@UEAAJPEAPEA_W@Z 000000018000f518 f   MSRImpl.obj
 0001:0000e528       ?get_Track2EncryptedData@COPOSMSR@@UEAAJPEAPEA_W@Z 000000018000f528 f   MSRImpl.obj
 0001:0000e53c       ?get_Track2EncryptedDataLength@COPOSMSR@@UEAAJPEAJ@Z 000000018000f53c f   MSRImpl.obj
 0001:0000e550       ?get_Track3Data@COPOSMSR@@UEAAJPEAPEA_W@Z 000000018000f550 f   MSRImpl.obj
 0001:0000e560       ?get_Track3EncryptedData@COPOSMSR@@UEAAJPEAPEA_W@Z 000000018000f560 f   MSRImpl.obj
 0001:0000e574       ?get_Track3EncryptedDataLength@COPOSMSR@@UEAAJPEAJ@Z 000000018000f574 f   MSRImpl.obj
 0001:0000e588       ?get_Track4Data@COPOSMSR@@UEAAJPEAPEA_W@Z 000000018000f588 f   MSRImpl.obj
 0001:0000e59c       ?get_Track4EncryptedData@COPOSMSR@@UEAAJPEAPEA_W@Z 000000018000f59c f   MSRImpl.obj
 0001:0000e5b0       ?get_Track4EncryptedDataLength@COPOSMSR@@UEAAJPEAJ@Z 000000018000f5b0 f   MSRImpl.obj
 0001:0000e5c4       ?get_TracksToRead@COPOSMSR@@UEAAJPEAJ@Z 000000018000f5c4 f   MSRImpl.obj
 0001:0000e5d4       ?get_TracksToWrite@COPOSMSR@@UEAAJPEAJ@Z 000000018000f5d4 f   MSRImpl.obj
 0001:0000e5e8       ?get_TransmitSentinels@COPOSMSR@@UEAAJPEAF@Z 000000018000f5e8 f   MSRImpl.obj
 0001:0000e61c       ?get_WriteCardType@COPOSMSR@@UEAAJPEAPEA_W@Z 000000018000f61c f   MSRImpl.obj
 0001:0000e630       ?put_AutoDisable@COPOSMSR@@UEAAJF@Z 000000018000f630 f   MSRImpl.obj
 0001:0000e648       ?put_BinaryConversion@COPOSMSR@@UEAAJJ@Z 000000018000f648 f   MSRImpl.obj
 0001:0000e65c       ?put_DataEncryptionAlgorithm@COPOSMSR@@UEAAJJ@Z 000000018000f65c f   MSRImpl.obj
 0001:0000e670       ?put_DataEventEnabled@COPOSMSR@@UEAAJF@Z 000000018000f670 f   MSRImpl.obj
 0001:0000e688       ?put_DecodeData@COPOSMSR@@UEAAJF@Z 000000018000f688 f   MSRImpl.obj
 0001:0000e6a0       ?put_DeviceEnabled@COPOSMSR@@UEAAJF@Z 000000018000f6a0 f   MSRImpl.obj
 0001:0000e6b8       ?put_ErrorReportingType@COPOSMSR@@UEAAJJ@Z 000000018000f6b8 f   MSRImpl.obj
 0001:0000e6cc       ?put_FreezeEvents@COPOSMSR@@UEAAJF@Z 000000018000f6cc f   MSRImpl.obj
 0001:0000e71c       ?put_ParseDecodeData@COPOSMSR@@UEAAJF@Z 000000018000f71c f   MSRImpl.obj
 0001:0000e71c       ?put_ParseDecodedData@COPOSMSR@@UEAAJF@Z 000000018000f71c f   MSRImpl.obj
 0001:0000e734       ?put_PowerNotify@COPOSMSR@@UEAAJJ@Z 000000018000f734 f   MSRImpl.obj
 0001:0000e748       ?put_TracksToRead@COPOSMSR@@UEAAJJ@Z 000000018000f748 f   MSRImpl.obj
 0001:0000e758       ?put_TracksToWrite@COPOSMSR@@UEAAJJ@Z 000000018000f758 f   MSRImpl.obj
 0001:0000e76c       ?put_TransmitSentinels@COPOSMSR@@UEAAJF@Z 000000018000f76c f   MSRImpl.obj
 0001:0000e788       ?put_WriteCardType@COPOSMSR@@UEAAJPEA_W@Z 000000018000f788 f   MSRImpl.obj
 0001:0000e79c       ?s_EventWindowProc@COPOSMSR@@KA_JPEAUHWND__@@I_K_J@Z 000000018000f79c f i MSRImpl.obj
 0001:0000e818       ??_U@YAPEAX_K@Z            000000018000f818 f   LIBCMT:new_array.obj
 0001:0000e820       ??_V@YAXPEAX@Z             000000018000f820 f   LIBCMT:delete_array.obj
 0001:0000e820       ??3@YAXPEAX_K@Z            000000018000f820 f   LIBCMT:delete_scalar_size.obj
 0001:0000e828       ??_V@YAXPEAX_K@Z           000000018000f828 f   LIBCMT:delete_array_size.obj
 0001:0000e830       __scrt_acquire_startup_lock 000000018000f830 f   LIBCMT:utility.obj
 0001:0000e86c       __scrt_dllmain_after_initialize_c 000000018000f86c f   LIBCMT:utility.obj
 0001:0000e8a0       __scrt_dllmain_before_initialize_c 000000018000f8a0 f   LIBCMT:utility.obj
 0001:0000e8b8       __scrt_dllmain_crt_thread_attach 000000018000f8b8 f   LIBCMT:utility.obj
 0001:0000e8e0       __scrt_dllmain_crt_thread_detach 000000018000f8e0 f   LIBCMT:utility.obj
 0001:0000e8f8       __scrt_dllmain_exception_filter 000000018000f8f8 f   LIBCMT:utility.obj
 0001:0000e958       __scrt_dllmain_uninitialize_c 000000018000f958 f   LIBCMT:utility.obj
 0001:0000e988       __scrt_dllmain_uninitialize_critical 000000018000f988 f   LIBCMT:utility.obj
 0001:0000e99c       __scrt_initialize_crt      000000018000f99c f   LIBCMT:utility.obj
 0001:0000e9e8       __scrt_initialize_onexit_tables 000000018000f9e8 f   LIBCMT:utility.obj
 0001:0000ea74       __scrt_is_nonwritable_in_current_image 000000018000fa74 f   LIBCMT:utility.obj
 0001:0000eb0c       __scrt_release_startup_lock 000000018000fb0c f   LIBCMT:utility.obj
 0001:0000eb30       __scrt_uninitialize_crt    000000018000fb30 f   LIBCMT:utility.obj
 0001:0000eb5c       _onexit                    000000018000fb5c f   LIBCMT:utility.obj
 0001:0000eb98       atexit                     000000018000fb98 f   LIBCMT:utility.obj
 0001:0000ebb0       ??3@YAXPEAX@Z              000000018000fbb0 f   LIBCMT:delete_scalar.obj
 0001:0000ecb0       _Init_thread_footer        000000018000fcb0 f   LIBCMT:thread_safe_statics.obj
 0001:0000ed10       _Init_thread_header        000000018000fd10 f   LIBCMT:thread_safe_statics.obj
 0001:0000ed78       _Init_thread_notify        000000018000fd78 f   LIBCMT:thread_safe_statics.obj
 0001:0000edbc       _Init_thread_wait          000000018000fdbc f   LIBCMT:thread_safe_statics.obj
 0001:0000ee20       __raise_securityfailure    000000018000fe20 f   LIBCMT:gs_report.obj
 0001:0000ee54       __report_gsfailure         000000018000fe54 f   LIBCMT:gs_report.obj
 0001:0000ef28       __report_rangecheckfailure 000000018000ff28 f   LIBCMT:gs_report.obj
 0001:0000ef3c       __report_securityfailure   000000018000ff3c f   LIBCMT:gs_report.obj
 0001:0000f0bc       ??2@YAPEAX_KAEBUnothrow_t@std@@@Z 00000001800100bc f   LIBCMT:new_scalar_nothrow.obj
 0001:0000f0d0       ??_U@YAPEAX_KAEBUnothrow_t@std@@@Z 00000001800100d0 f   LIBCMT:new_array_nothrow.obj
 0001:0000f0d8       __GSHandlerCheck           00000001800100d8 f   LIBCMT:gshandler.obj
 0001:0000f0f8       __GSHandlerCheckCommon     00000001800100f8 f   LIBCMT:gshandler.obj
 0001:0000f154       __GSHandlerCheck_SEH       0000000180010154 f   LIBCMT:gshandlerseh.obj
 0001:0000f1f0       __chkstk                   00000001800101f0 f   LIBCMT:chkstk.obj
 0001:0000f1f0       _alloca_probe              00000001800101f0 f   LIBCMT:chkstk.obj
 0001:0000f250       __security_check_cookie    0000000180010250 f   LIBCMT:amdsecgs.obj
 0001:0000f590       _DllMainCRTStartup         0000000180010590 f   LIBCMT:dll_dllmain.obj
 0001:0000f5d0       ??2@YAPEAX_K@Z             00000001800105d0 f   LIBCMT:new_scalar.obj
 0001:0000f60c       __isa_available_init       000000018001060c f   LIBCMT:cpu_disp.obj
 0001:0000f7b0       __scrt_is_ucrt_dll_in_use  00000001800107b0 f   LIBCMT:ucrt_detection.obj
 0001:0000f7bc       __crt_debugger_hook        00000001800107bc f   LIBCMT:utility_desktop.obj
 0001:0000f7c4       __scrt_fastfail            00000001800107c4 f   LIBCMT:utility_desktop.obj
 0001:0000f910       __security_init_cookie     0000000180010910 f   LIBCMT:gs_support.obj
 0001:0000f9bc       ?__scrt_initialize_type_info@@YAXXZ 00000001800109bc f   LIBCMT:tncleanup.obj
 0001:0000f9cc       ?__scrt_uninitialize_type_info@@YAXXZ 00000001800109cc f   LIBCMT:tncleanup.obj
 0001:0000f9d8       __local_stdio_scanf_options 00000001800109d8 f i LIBCMT:default_local_stdio_options.obj
 0001:0000f9e0       __scrt_initialize_default_local_stdio_options 00000001800109e0 f   LIBCMT:default_local_stdio_options.obj
 0001:0000f9fc       __scrt_get_dyn_tls_init_callback 00000001800109fc f   LIBCMT:dyn_tls_init.obj
 0001:0000fa04       _RTC_Initialize            0000000180010a04 f   LIBCMT:initsect.obj
 0001:0000fa40       _RTC_Terminate             0000000180010a40 f   LIBCMT:initsect.obj
 0001:0000fa7c       ??0bad_alloc@std@@QEAA@AEBV01@@Z 0000000180010a7c f i LIBCMT:throw_bad_alloc.obj
 0001:0000fab8       ??0bad_alloc@std@@QEAA@XZ  0000000180010ab8 f i LIBCMT:throw_bad_alloc.obj
 0001:0000fad8       ??0bad_array_new_length@std@@QEAA@AEBV01@@Z 0000000180010ad8 f i LIBCMT:throw_bad_alloc.obj
 0001:0000fb14       ??0bad_array_new_length@std@@QEAA@XZ 0000000180010b14 f i LIBCMT:throw_bad_alloc.obj
 0001:0000fb34       ??0exception@std@@QEAA@AEBV01@@Z 0000000180010b34 f i LIBCMT:throw_bad_alloc.obj
 0001:0000fb68       ??1bad_alloc@std@@UEAA@XZ  0000000180010b68 f i LIBCMT:throw_bad_alloc.obj
 0001:0000fb68       ??1bad_exception@std@@UEAA@XZ 0000000180010b68 f i libvcruntime:frame.obj
 0001:0000fb68       ??1bad_array_new_length@std@@UEAA@XZ 0000000180010b68 f i LIBCMT:throw_bad_alloc.obj
 0001:0000fb7c       ??_Ebad_alloc@std@@UEAAPEAXI@Z 0000000180010b7c f i LIBCMT:throw_bad_alloc.obj
 0001:0000fb7c       ??_Gbad_exception@std@@UEAAPEAXI@Z 0000000180010b7c f i libvcruntime:frame.obj
 0001:0000fb7c       ??_Gbad_alloc@std@@UEAAPEAXI@Z 0000000180010b7c f i LIBCMT:throw_bad_alloc.obj
 0001:0000fb7c       ??_Ebad_exception@std@@UEAAPEAXI@Z 0000000180010b7c f i libvcruntime:frame.obj
 0001:0000fb7c       ??_Gbad_array_new_length@std@@UEAAPEAXI@Z 0000000180010b7c f i LIBCMT:throw_bad_alloc.obj
 0001:0000fb7c       ??_Eexception@std@@UEAAPEAXI@Z 0000000180010b7c f i LIBCMT:throw_bad_alloc.obj
 0001:0000fb7c       ??_Ebad_array_new_length@std@@UEAAPEAXI@Z 0000000180010b7c f i LIBCMT:throw_bad_alloc.obj
 0001:0000fb7c       ??_Gexception@std@@UEAAPEAXI@Z 0000000180010b7c f i LIBCMT:throw_bad_alloc.obj
 0001:0000fbc0       ?__scrt_throw_std_bad_alloc@@YAXXZ 0000000180010bc0 f   LIBCMT:throw_bad_alloc.obj
 0001:0000fbe0       ?__scrt_throw_std_bad_array_new_length@@YAXXZ 0000000180010be0 f   LIBCMT:throw_bad_alloc.obj
 0001:0000fc00       ?what@exception@std@@UEBAPEBDXZ 0000000180010c00 f i LIBCMT:throw_bad_alloc.obj
 0001:0000fc20       ??_Etype_info@@UEAAPEAXI@Z 0000000180010c20 f i LIBCMT:std_type_info_static.obj
 0001:0000fc20       ??_Gtype_info@@UEAAPEAXI@Z 0000000180010c20 f i LIBCMT:std_type_info_static.obj
 0001:0000fc4c       ??0CAtlBaseModule@ATL@@QEAA@XZ 0000000180010c4c f   atls:atlbase.obj
 0001:0000fcf4       ??1CAtlBaseModule@ATL@@QEAA@XZ 0000000180010cf4 f   atls:atlbase.obj
 0001:0000fe28       ?__AllocStdCallThunk_cmn@@YAPEAXXZ 0000000180010e28 f   atls:atlthunk.obj
 0001:0000ff80       AtlThunk_AllocateData      0000000180010f80 f   atls:atlthunk.obj
 0001:0000fffc       AtlThunk_DataToCode        0000000180010ffc f   atls:atlthunk.obj
 0001:00010050       AtlThunk_FreeData          0000000180011050 f   atls:atlthunk.obj
 0001:000100b0       AtlThunk_InitData          00000001800110b0 f   atls:atlthunk.obj
 0001:00010158       _get_purecall_handler      0000000180011158 f   libvcruntime:purevirt.obj
 0001:00010164       _purecall                  0000000180011164 f   libvcruntime:purevirt.obj
 0001:00010180       wcsstr                     0000000180011180 f   libvcruntime:wcsstr.obj
 0001:000103b0       memcmp                     00000001800113b0 f   libvcruntime:memcmp.obj
 0001:00010490       memcpy_repmovs             0000000180011490 f   libvcruntime:memcpy.obj
 0001:000104b0       memcpy                     00000001800114b0 f   libvcruntime:memcpy.obj
 0001:000104b0       memmove                    00000001800114b0 f   libvcruntime:memcpy.obj
 0001:00010b40       memset_repmovs             0000000180011b40 f   libvcruntime:memset.obj
 0001:00010b60       memset                     0000000180011b60 f   libvcruntime:memset.obj
 0001:00010cf0       __vcrt_initialize          0000000180011cf0 f   libvcruntime:initialization.obj
 0001:00010d18       __vcrt_thread_attach       0000000180011d18 f   libvcruntime:initialization.obj
 0001:00010d2c       __vcrt_thread_detach       0000000180011d2c f   libvcruntime:initialization.obj
 0001:00010d40       __vcrt_uninitialize        0000000180011d40 f   libvcruntime:initialization.obj
 0001:00010d5c       __vcrt_uninitialize_critical 0000000180011d5c f   libvcruntime:initialization.obj
 0001:00010d6c       __C_specific_handler       0000000180011d6c f   libvcruntime:riscchandler.obj
[...]
 0002:0000c8c8       $unwind$??$?RV<lambda_2d41944a1d46af3157314b8a01080d33>@@AEAV<lambda_8f455de75cd7d7f24b4096f044d8b9e6>@@V<lambda_aa500f224e6afead328df44964fe2772>@@@?$__crt_seh_guarded_call@X@@QEAAX$$QEAV<lambda_2d41944a1d46af3157314b8a01080d33>@@AEAV<lambda_8f455de75cd7d7f24b4096f044d8b9e6>@@$$QEAV<lambda_aa500f224e6afead328df44964fe2772>@@@Z 00000001800328c8     libucrt:per_thread_data.obj
 0002:0000c8ec       $unwind$__acrt_uninitialize_locale 00000001800328ec     libucrt:wsetlocale.obj
 0002:0000c8ec       $unwind$__acrt_get_sigabrt_handler 00000001800328ec     libucrt:signal.obj
 0002:0000c8f4       $unwind$??$?RV<lambda_410d79af7f07d98d83a3f525b3859a53>@@AEAV<lambda_3e16ef9562a7dcce91392c22ab16ea36>@@V<lambda_38119f0e861e05405d8a144b9b982f0a>@@@?$__crt_seh_guarded_call@X@@QEAAX$$QEAV<lambda_410d79af7f07d98d83a3f525b3859a53>@@AEAV<lambda_3e16ef9562a7dcce91392c22ab16ea36>@@$$QEAV<lambda_38119f0e861e05405d8a144b9b982f0a>@@@Z 00000001800328f4     libucrt:wsetlocale.obj
 0002:0000c91c       $unwind$__acrt_initialize_winapi_thunks 000000018003291c     libucrt:winapi_thunks.obj
 0002:0000c91c       $unwind$__acrt_fenv_get_control 000000018003291c     libucrt:_fenvutils.obj
 0002:0000c924       $unwind$__acrt_fp_format   0000000180032924     libucrt:cvt.obj
 0002:0000c934       $unwind$?fp_format_e_internal@@YAHQEAD_KH_NIQEAU_strflt@@2AEAV__crt_cached_ptd_host@@@Z 0000000180032934     libucrt:cvt.obj
 0002:0000c950       $unwind$?fp_format_a@@YAHQEBNPEAD_KQEAD2H_NIW4__acrt_rounding_mode@@AEAV__crt_cached_ptd_host@@@Z 0000000180032950     libucrt:cvt.obj
 0002:0000c96c       $unwind$?fp_format_g@@YAHQEBNQEAD_K12H_NIW4__acrt_rounding_mode@@AEAV__crt_cached_ptd_host@@@Z 000000018003296c     libucrt:cvt.obj
 0002:0000c984       $unwind$__acrt_initialize_lowio 0000000180032984     libucrt:ioinit.obj
 0002:0000c9a4       $unwind$??$common_expand_argv_wildcards@D@@YAHQEAPEADQEAPEAPEAD@Z 00000001800329a4     libucrt:argv_wildcards.obj
 0002:0000c9bc       $unwind$__dcrt_get_narrow_environment_from_os 00000001800329bc     libucrt:get_environment_from_os.obj
 0002:0000c9bc       $unwind$??$__acrt_convert_wcs_mbs_cp@_WDV<lambda_d8593a27d1aa8c02be35c86a17d324c4>@@U__crt_win32_buffer_internal_dynamic_resizing@@@@YAHQEB_WAEAV?$__crt_win32_buffer@DU__crt_win32_buffer_internal_dynamic_resizing@@@@AEBV<lambda_d8593a27d1aa8c02be35c86a17d324c4>@@I@Z 00000001800329bc     libucrt:argv_wildcards.obj
 0002:0000c9d4       $unwind$??$copy_and_add_argument_to_buffer@D@@YAHQEBD0_KAEAV?$argument_list@D@?A0x5f5c8891@@@Z 00000001800329d4     libucrt:argv_wildcards.obj
 0002:0000c9f0       $unwind$??$expand_argument_wildcards@D@@YAHQEAD0AEAV?$argument_list@D@?A0x5f5c8891@@@Z 00000001800329f0     libucrt:argv_wildcards.obj
 0002:0000ca10       $unwind$__acrt_GetModuleFileNameA 0000000180032a10     libucrt:getmodulefilenamea.obj
 0002:0000ca2c       $unwind$_setmbcp_nolock    0000000180032a2c     libucrt:mbctype.obj
 0002:0000ca4c       $unwind$?update_thread_multibyte_data_internal@@YAPEAU__crt_multibyte_data@@QEAU__acrt_ptd@@QEAPEAU1@@Z 0000000180032a4c     libucrt:mbctype.obj
 0002:0000ca74       $unwind$?setmbcp_internal@@YAHH_NQEAU__acrt_ptd@@QEAPEAU__crt_multibyte_data@@@Z 0000000180032a74     libucrt:mbctype.obj
 0002:0000ca8c       $unwind$?setSBUpLow@@YAXPEAU__crt_multibyte_data@@@Z 0000000180032a8c     libucrt:mbctype.obj
 0002:0000caa8       $unwind$??$?RV<lambda_efdfa57d1f175319df784efa44bb7b81>@@AEAV<lambda_5f0a4c1567f8adc6734073e5d1e1b35c>@@V<lambda_2e8a7d3640ea6ccb4c2413664c2db6fd>@@@?$__crt_seh_guarded_call@X@@QEAAX$$QEAV<lambda_efdfa57d1f175319df784efa44bb7b81>@@AEAV<lambda_5f0a4c1567f8adc6734073e5d1e1b35c>@@$$QEAV<lambda_2e8a7d3640ea6ccb4c2413664c2db6fd>@@@Z 0000000180032aa8     libucrt:mbctype.obj
 0002:0000cacc       $unwind$__acrt_WideCharToMultiByte 0000000180032acc     libucrt:widechartomultibyte.obj
 0002:0000cad8       $unwind$raise              0000000180032ad8     libucrt:signal.obj
 0002:0000cb14       $unwind$??$?RV<lambda_450d765d439847d4c735a33c368b5fc0>@@AEAV<lambda_44731a7d0e6d81c3e6aa82d741081786>@@V<lambda_601a2a7da3b7a96e9554ac7215c4b07c>@@@?$__crt_seh_guarded_call@P6AXH@Z@@QEAAP6AXH@Z$$QEAV<lambda_450d765d439847d4c735a33c368b5fc0>@@AEAV<lambda_44731a7d0e6d81c3e6aa82d741081786>@@$$QEAV<lambda_601a2a7da3b7a96e9554ac7215c4b07c>@@@Z 0000000180032b14     libucrt:signal.obj
 0002:0000cb38       $unwind$fclose             0000000180032b38     libucrt:fclose.obj
 0002:0000cb38       $unwind$_fflush_nolock     0000000180032b38     libucrt:fflush.obj
 0002:0000cb48       $unwind$?common_flush_all@@YAH_N@Z 0000000180032b48     libucrt:fflush.obj
 0002:0000cb50       $unwind$??$?RV<lambda_842d9ff0dc9ef11c61343bbaebe7f885>@@AEAV<lambda_c5860995281e5c4ce005b3de8f5874ee>@@V<lambda_d90129c13df834fdcbf8d2b88dafcf2d>@@@?$__crt_seh_guarded_call@X@@QEAAX$$QEAV<lambda_842d9ff0dc9ef11c61343bbaebe7f885>@@AEAV<lambda_c5860995281e5c4ce005b3de8f5874ee>@@$$QEAV<lambda_d90129c13df834fdcbf8d2b88dafcf2d>@@@Z 0000000180032b50     libucrt:fflush.obj
 0002:0000cb74       $unwind$??$?RV<lambda_886d6c58226a84441f68b9f2b8217b83>@@AEAV<lambda_ab61a845afdef5b7c387490eaf3616ee>@@V<lambda_f7f22ab5edc0698d5f6905b0d3f44752>@@@?$__crt_seh_guarded_call@X@@QEAAX$$QEAV<lambda_886d6c58226a84441f68b9f2b8217b83>@@AEAV<lambda_ab61a845afdef5b7c387490eaf3616ee>@@$$QEAV<lambda_f7f22ab5edc0698d5f6905b0d3f44752>@@@Z 0000000180032b74     libucrt:fflush.obj
 0002:0000cb9c       $unwind$__acrt_update_thread_locale_data 0000000180032b9c     libucrt:locale_refcounting.obj
 0002:0000cbc0       $unwind$__acrt_locale_free_monetary 0000000180032bc0     libucrt:initmon.obj
 0002:0000cbc8       $unwind$__acrt_locale_free_time 0000000180032bc8     libucrt:inittime.obj
 0002:0000cbd8       $unwind$__acrt_GetStringTypeA 0000000180032bd8     libucrt:getstringtypea.obj
 0002:0000cc00       $unwind$__acrt_fp_strflt_to_string 0000000180032c00     libucrt:_fptostr.obj
 0002:0000cc1c       $unwind$__acrt_fltout      0000000180032c1c     libucrt:cfout.obj
 0002:0000cc3c       $unwind$?divide@__crt_strtox@@YA_KAEAUbig_integer@1@AEBU21@@Z 0000000180032c3c     libucrt:cfout.obj
 0002:0000cc54       $chain$0$?divide@__crt_strtox@@YA_KAEAUbig_integer@1@AEBU21@@Z 0000000180032c54     libucrt:cfout.obj
 0002:0000cc68       $chain$1$?divide@__crt_strtox@@YA_KAEAUbig_integer@1@AEBU21@@Z 0000000180032c68     libucrt:cfout.obj
 0002:0000cc78       $unwind$?__mbsrtowcs_utf8@__crt_mbstring@@YA_KPEA_WPEAPEBD_KPEAU_Mbstatet@@AEAV__crt_cached_ptd_host@@@Z 0000000180032c78     libucrt:mbrtowc.obj
 0002:0000cc90       $unwind$_fcloseall         0000000180032c90     libucrt:closeall.obj
 0002:0000ccb4       $unwind$__acrt_lowio_destroy_handle_array 0000000180032cb4     libucrt:osfinfo.obj
 0002:0000ccc4       $unwind$__acrt_lowio_ensure_fh_exists 0000000180032cc4     libucrt:osfinfo.obj
 0002:0000ccf0       $unwind$qsort              0000000180032cf0     libucrt:qsort.obj
 0002:0000cd08       $chain$4$qsort             0000000180032d08     libucrt:qsort.obj
 0002:0000cd2c       $chain$5$qsort             0000000180032d2c     libucrt:qsort.obj
 0002:0000cd3c       $unwind$strpbrk            0000000180032d3c     libucrt:strpbrk.obj
 0002:0000cd4c       $unwind$fallbackMethod     0000000180032d4c     libucrt:strpbrk.obj
 0002:0000cd5c       $unwind$__acrt_LCMapStringA 0000000180032d5c     libucrt:lcmapstringa.obj
 0002:0000cd6c       $unwind$?__acrt_LCMapStringA_stat@@YAHPEAU__crt_locale_pointers@@PEB_WKPEBDHPEADHHH@Z 0000000180032d6c     libucrt:lcmapstringa.obj
 0002:0000cd94       $unwind$_commit            0000000180032d94     libucrt:commit.obj
 0002:0000cd9c       $unwind$??$?RV<lambda_a37b2b86f63e897a80ea819b0eb08c01>@@AEAV<lambda_38ce7e780aa69e748d6df282ebc68efe>@@V<lambda_99fb1378e971ab6e7edea83e3a7a83a2>@@@?$__crt_seh_guarded_call@H@@QEAAH$$QEAV<lambda_a37b2b86f63e897a80ea819b0eb08c01>@@AEAV<lambda_38ce7e780aa69e748d6df282ebc68efe>@@$$QEAV<lambda_99fb1378e971ab6e7edea83e3a7a83a2>@@@Z 0000000180032d9c     libucrt:commit.obj
 0002:0000cdc0       $unwind$_write_nolock      0000000180032dc0     libucrt:write.obj
 0002:0000cdd8       $unwind$_write_internal    0000000180032dd8     libucrt:write.obj
 0002:0000ce08       $unwind$?write_double_translated_ansi_nolock@@YA?AUwrite_result@?A0x17268360@@HQEBDIAEAV__crt_cached_ptd_host@@@Z 0000000180032e08     libucrt:write.obj
 0002:0000ce30       $ip2state$?write_double_translated_ansi_nolock@@YA?AUwrite_result@?A0x17268360@@HQEBDIAEAV__crt_cached_ptd_host@@@Z 0000000180032e30     libucrt:write.obj
 0002:0000ce38       $unwind$?write_text_ansi_nolock@@YA?AUwrite_result@?A0x17268360@@HQEBDI@Z 0000000180032e38     libucrt:write.obj
 0002:0000ce38       $unwind$?write_text_utf16le_nolock@@YA?AUwrite_result@?A0x17268360@@HQEBDI@Z 0000000180032e38     libucrt:write.obj
 0002:0000ce58       $unwind$?write_text_utf8_nolock@@YA?AUwrite_result@?A0x17268360@@HQEBDI@Z 0000000180032e58     libucrt:write.obj
 0002:0000ce80       $xdatasym                  0000000180032e80     libucrt:log10.obj
 0002:0000ce8c       $unwind$__acrt_fenv_set_control 0000000180032e8c     libucrt:_fenvutils.obj
 0002:0000ce9c       $unwind$?__mbrtoc32_utf8@__crt_mbstring@@YA_KPEA_UPEBD_KPEAU_Mbstatet@@AEAV__crt_cached_ptd_host@@@Z 0000000180032e9c     libucrt:mbrtoc32.obj
 0002:0000ceb8       $unwind$?_fclose_nolock_internal@@YAHQEAU_iobuf@@AEAV__crt_cached_ptd_host@@@Z 0000000180032eb8     libucrt:fclose.obj
 0002:0000cec8       $unwind$?_fclose_internal@@YAHQEAU_iobuf@@AEAV__crt_cached_ptd_host@@@Z 0000000180032ec8     libucrt:fclose.obj
 0002:0000ceec       $unwind$_putwch_nolock     0000000180032eec     libucrt:putwch.obj
 0002:0000cef4       $unwind$common_control87   0000000180032ef4     libucrt:ieee.obj
 0002:0000cf20       $unwind$_call_matherr      0000000180032f20     libucrt:libm_error.obj
 0002:0000cf28       $unwind$_handle_error      0000000180032f28     libucrt:libm_error.obj
 0002:0000cf48       $unwind$__acrt_initialize_fma3 0000000180032f48     libucrt:fma3_available.obj
 0002:0000cf50       $unwind$_log_special_common 0000000180032f50     libucrt:log_special.obj
 0002:0000cf5c       $unwind$_close_internal    0000000180032f5c     libucrt:close.obj
 0002:0000cf64       $unwind$??$?RV<lambda_ad8af0d99a0adf03d037d7dffe354bb5>@@AEAV<lambda_c9ba49e555ba839a7b07aa3fbecb7617>@@V<lambda_2f1ebd5d68526518146ae959c9e734c8>@@@?$__crt_seh_guarded_call@H@@QEAAH$$QEAV<lambda_ad8af0d99a0adf03d037d7dffe354bb5>@@AEAV<lambda_c9ba49e555ba839a7b07aa3fbecb7617>@@$$QEAV<lambda_2f1ebd5d68526518146ae959c9e734c8>@@@Z 0000000180032f64     libucrt:close.obj
 0002:0000cf88       $xdatasym                  0000000180032f88     libucrt:fpsr.obj
 0002:0000cf90       $unwind$_raise_exc_ex      0000000180032f90     libucrt:fpexcept.obj
 0002:0000cfa4       $unwind$_ctrlfp            0000000180032fa4     libucrt:fpctrl.obj
 0002:0000cfcc       $unwind$_IsNonwritableInCurrentImage 0000000180032fcc     LIBCMT:pesect.obj
 0002:0000cff0       $unwind$strrchr            0000000180032ff0     libvcruntime:strrchr.obj
 0002:0000d160       .edata                     0000000180033160     OPOSMSR.exp
 0002:0000d188       rgpv                       0000000180033188     OPOSMSR.exp
 0002:0000d198       rgszName                   0000000180033198     OPOSMSR.exp
 0002:0000d1a8       rgwOrd                     00000001800331a8     OPOSMSR.exp
 0002:0000d1b0       szName                     00000001800331b0     OPOSMSR.exp
 0002:0000d1bc       $N00001                    00000001800331bc     OPOSMSR.exp
 0002:0000d1cc       $N00002                    00000001800331cc     OPOSMSR.exp
 0002:0000d1de       $N00003                    00000001800331de     OPOSMSR.exp
 0002:0000d1f0       $N00004                    00000001800331f0     OPOSMSR.exp
 0002:0000db42       .idata$6                   0000000180033b42     kernel32:KERNEL32.dll
 0002:0000dd5a       .idata$6                   0000000180033d5a     user32:USER32.dll
 0002:0000de8e       .idata$6                   0000000180033e8e     gdi32:GDI32.dll
 0002:0000df34       .idata$6                   0000000180033f34     advapi32:ADVAPI32.dll
 0002:0000e050       .idata$6                   0000000180034050     ole32:ole32.dll
 0002:0000e05a       .idata$6                   000000018003405a     oleaut32:OLEAUT32.dll
 0003:000001c0       ?ObjectMap@@3PAU_ATL_OBJMAP_ENTRY30@ATL@@A 00000001800351c0     MSR.obj
 0003:000002b8       ?s_RequiredMethodsPerRelease@@3PAHA 00000001800352b8     MSRImpl.obj
 0003:000002f0       ?s_SOMethodNames@@3PAPEADA 00000001800352f0     MSRImpl.obj
 0003:000003f0       ?__vcrt_flsindex@@3KA      00000001800353f0     libvcruntime:per_thread_data.obj
 0003:00000400       ?errno_no_memory@@3HA      0000000180035400     libucrt:errno.obj
 0003:00000404       ?doserrno_no_memory@@3KA   0000000180035404     libucrt:errno.obj
 0003:00000410       ?__acrt_flsindex@@3KA      0000000180035410     libucrt:per_thread_data.obj
 0003:000008d0       _mbctypes                  00000001800358d0     libucrt:mbctype.obj
 0003:000009e0       _mbcasemaps                00000001800359e0     libucrt:mbctype.obj
 0003:00000ae0       ?__rgctypeflag@@3PADA      0000000180035ae0     libucrt:mbctype.obj
 0003:00000af0       ?__rgcode_page_info@@3PAUcode_page_info@@A 0000000180035af0     libucrt:mbctype.obj
 0003:00000d90       ?dazSupported@?1??common_control87@@9@9 0000000180035d90     libucrt:ieee.obj
 0003:00000da0       ?__dcrt_lowio_console_output_handle@@3PEAXEA 0000000180035da0     libucrt:initcon.obj
 0003:00000db0       ?dazSupported@?1??_ctrlfp@@9@9 0000000180035db0     libucrt:fpctrl.obj
 0003:00001000       ?is_initialized_as_dll@@3_NA 0000000180036000     LIBCMT:utility.obj
 0003:00001001       ?module_local_atexit_table_initialized@@3_NA 0000000180036001     LIBCMT:utility.obj
 0003:00001008       ?module_local_atexit_table@@3U_onexit_table_t@@A 0000000180036008     LIBCMT:utility.obj
 0003:00001020       ?module_local_at_quick_exit_table@@3U_onexit_table_t@@A 0000000180036020     LIBCMT:utility.obj
 0003:00001038       ?g_tss_cv@@3U_RTL_CONDITION_VARIABLE@@A 0000000180036038     LIBCMT:thread_safe_statics.obj
 0003:00001040       ?g_tss_event@@3PEAXEA      0000000180036040     LIBCMT:thread_safe_statics.obj
 0003:00001048       ?g_tss_mutex@@3U_RTL_CRITICAL_SECTION@@A 0000000180036048     LIBCMT:thread_safe_statics.obj
 0003:00001070       ?g_sleep_condition_variable_cs@@3P6AHPEAU_RTL_CONDITION_VARIABLE@@PEAU_RTL_CRITICAL_SECTION@@K@ZEA 0000000180036070     LIBCMT:thread_safe_statics.obj
 0003:00001078       ?g_wake_all_condition_variable@@3P6AXPEAU_RTL_CONDITION_VARIABLE@@@ZEA 0000000180036078     LIBCMT:thread_safe_statics.obj
 0003:00001080       GS_ExceptionRecord         0000000180036080     LIBCMT:gs_report.obj
 0003:00001120       GS_ContextRecord           0000000180036120     LIBCMT:gs_report.obj
 0003:000015f4       ?__proc_attached@@3HA      00000001800365f4     LIBCMT:dll_dllmain.obj
 0003:00001688       ?AllocateData@@3P6APEAUAtlThunkData_t@@XZEA 0000000180036688     atls:atlthunk.obj
 0003:00001690       ?InitData@@3P6AXPEAUAtlThunkData_t@@PEAX_K@ZEA 0000000180036690     atls:atlthunk.obj
 0003:00001698       ?DataToCode@@3P6AP6A_JPEAUHWND__@@I_K_J@ZPEAUAtlThunkData_t@@@ZEA 0000000180036698     atls:atlthunk.obj
 0003:000016a0       ?FreeData@@3P6AXPEAUAtlThunkData_t@@@ZEA 00000001800366a0     atls:atlthunk.obj
 0003:000016a8       ?Initialized@@3_NA         00000001800366a8     atls:atlthunk.obj
 0003:000016c0       ?__vcrt_startup_thread_ptd@@3U__vcrt_ptd@@A 00000001800366c0     libvcruntime:per_thread_data.obj
 0003:00001740       __vcrt_lock_table          0000000180036740     libvcruntime:locks.obj
 0003:00001768       __vcrt_locks_initialized   0000000180036768     libvcruntime:locks.obj
 0003:000017b0       ?heap@@3V_HeapManager@@A   00000001800367b0     libvcruntime:undname.obj
 0003:000017d8       ?module_handles@@3PAPEAUHINSTANCE__@@A 00000001800367d8     libvcruntime:winapi_downlevel.obj
 0003:000017f0       ?function_pointers@@3PAPEAXA 00000001800367f0     libvcruntime:winapi_downlevel.obj
 0003:00001818       ?__acrt_invalid_parameter_handler@@3V?$dual_state_global@P6AXPEB_W00I_K@Z@__crt_state_management@@A 0000000180036818     libucrt:invalid_parameter.obj
 0003:00001820       ?c_termination_complete@@3JA 0000000180036820     libucrt:exit.obj
 0003:00001828       ?thread_local_exit_callback_func@@3P6AXPEAXK0@ZEA 0000000180036828     libucrt:exit.obj
 0003:00001840       ?program_name@?1???$common_configure_argv@D@@YAHW4_crt_argv_mode@@@Z@4PADA 0000000180036840     libucrt:argv_parsing.obj
 0003:00001998       ?__acrt_new_handler@@3V?$dual_state_global@P6AH_K@Z@__crt_state_management@@A 0000000180036998     libucrt:new_handler.obj
 0003:000019b0       ?module_handles@@3PAPEAUHINSTANCE__@@A 00000001800369b0     libucrt:winapi_thunks.obj
 0003:00001a50       ?encoded_function_pointers@@3PAPEAXA 0000000180036a50     libucrt:winapi_thunks.obj
 0003:00001b40       ?internal_state@?1??_mbtowc_internal@@9@4U_Mbstatet@@A 0000000180036b40     libucrt:mbtowc.obj
 0003:00001b58       ?enable_percent_n@@3_KA    0000000180036b58     libucrt:printf_count_output.obj
 0003:00001f80       ?__acrt_lock_table@@3PAU_RTL_CRITICAL_SECTION@@A 0000000180036f80     libucrt:locks.obj
 0003:000021b0       ?__acrt_locks_initialized@@3IA 00000001800371b0     libucrt:locks.obj
 0003:000021d0       ?fSystemSet@@3HA           00000001800371d0     libucrt:mbctype.obj
 0003:000021d4       ?initialized@?1??__acrt_initialize_multibyte@@9@4_NA 00000001800371d4     libucrt:mbctype.obj
 0003:00002210       ?ctrlc_action@@3V?$dual_state_global@P6AXH@Z@__crt_state_management@@A 0000000180037210     libucrt:signal.obj
 0003:00002218       ?ctrlbreak_action@@3V?$dual_state_global@P6AXH@Z@__crt_state_management@@A 0000000180037218     libucrt:signal.obj
 0003:00002220       ?abort_action@@3V?$dual_state_global@P6AXH@Z@__crt_state_management@@A 0000000180037220     libucrt:signal.obj
 0003:00002228       ?term_action@@3V?$dual_state_global@P6AXH@Z@__crt_state_management@@A 0000000180037228     libucrt:signal.obj
 0003:00002230       ?user_matherr@@3V?$dual_state_global@P6AHPEAU_exception@@@Z@__crt_state_management@@A 0000000180037230     libucrt:matherr.obj
 0003:00002240       ?__acrt_global_new_mode@@3V?$dual_state_global@J@__crt_state_management@@A 0000000180037240     libucrt:new_mode.obj
 0003:00002248       ?internal_pst@?1??__mbrtoc32_utf8@__crt_mbstring@@YA_KPEA_UPEBD_KPEAU_Mbstatet@@AEAV__crt_cached_ptd_host@@@Z@4U3@A 0000000180037248     libucrt:mbrtoc32.obj
 0003:00002250       ?__acrt_app_type@@3W4_crt_app_type@@A 0000000180037250     libucrt:report_runtime_error.obj
 0005:00000000       MoveSmall                  000000018003b000     libvcruntime:memcpy.obj
 0005:00000040       MoveSmallYmm               000000018003b040     libvcruntime:memcpy.obj
 0005:00000064       MoveSmallYmmNT             000000018003b064     libvcruntime:memcpy.obj
 0005:00000088       MoveSmallXmm               000000018003b088     libvcruntime:memcpy.obj
 0005:000000b0       MsetTab                    000000018003b0b0     libvcruntime:memset.obj
 0006:00000220       $R000000                   000000018003c220     MSR.res
 0006:00000b90       $R000970                   000000018003cb90     MSR.res
 0006:00000c78       $R000A58                   000000018003cc78     MSR.res
 0006:00000ee0       $R000CC0                   000000018003cee0     MSR.res
 0006:00001410       $R0011F0                   000000018003d410     MSR.res
 0006:00005c00       $R0059E0                   0000000180041c00     MSR.res
 0006:00005c28       $R005A08                   0000000180041c28     MSR.res
