 OPOSImageScanner

 Timestamp is 5d429e29 (Thu Aug  1 17:09:13 2019)

 Preferred load address is 0000000180000000

 Start         Length     Name                   Class
 0001:00000000 000000c0H .text$di                CODE
 0001:000000c0 000200b0H .text$mn                CODE
 0001:00020170 00000020H .text$mn$00             CODE
 0001:00020190 00000400H .text$x                 CODE
 0001:00020590 000000c0H .text$yd                CODE
 0002:00000000 00000618H .idata$5                DATA
 0002:00000618 00000010H .00cfg                  DATA
 0002:00000628 00000008H .CRT$XCA                DATA
 0002:00000630 00000008H .CRT$XCL                DATA
 0002:00000638 00000020H .CRT$XCU                DATA
 0002:00000658 00000008H .CRT$XCZ                DATA
 0002:00000660 00000008H .CRT$XIA                DATA
 0002:00000668 00000020H .CRT$XIC                DATA
 0002:00000688 00000008H .CRT$XIZ                DATA
 0002:00000690 00000008H .CRT$XLA                DATA
 0002:00000698 00000008H .CRT$XLZ                DATA
 0002:000006a0 00000008H .CRT$XPA                DATA
 0002:000006a8 00000010H .CRT$XPX                DATA
 0002:000006b8 00000008H .CRT$XPXA               DATA
 0002:000006c0 00000008H .CRT$XPZ                DATA
 0002:000006c8 00000008H .CRT$XTA                DATA
 0002:000006d0 00000010H .CRT$XTZ                DATA
 0002:000006d8 00000000H .gfids$y                DATA
 0002:000006e0 0000a138H .rdata                  DATA
 0002:0000a818 00000028H .rdata$T                DATA
 0002:0000a840 00000274H .rdata$r                DATA
 0002:0000aab4 0000040cH .rdata$zzzdbg           DATA
 0002:0000aec0 00000008H .rtc$IAA                DATA
 0002:0000aec8 00000008H .rtc$IZZ                DATA
 0002:0000aed0 00000008H .rtc$TAA                DATA
 0002:0000aed8 00000008H .rtc$TZZ                DATA
 0002:0000aee0 00000004H .tls                    DATA
 0002:0000aee4 00000004H .tls$                   DATA
 0002:0000aee8 00000008H .tls$ZZZ                DATA
 0002:0000aef0 00001618H .xdata                  DATA
 0002:0000c508 00000150H .xdata$x                DATA
 0002:0000c658 00000008H ATL$__a                 DATA
 0002:0000c660 00000010H ATL$__z                 DATA
 0002:0000c670 000000b0H .edata                  DATA
 0002:0000c720 00000078H .idata$2                DATA
 0002:0000c798 00000018H .idata$3                DATA
 0002:0000c7b0 00000618H .idata$4                DATA
 0002:0000cdc8 00000c24H .idata$6                DATA
 0003:00000000 00000d58H .data                   DATA
 0003:00000d58 000000c8H .data$r                 DATA
 0003:00000e20 0000140cH .bss                    DATA
 0004:00000000 00001eccH .pdata                  DATA
 0005:00000000 00000094H _RDATA                  DATA
 0006:00000000 00000220H .rsrc$01                DATA
 0006:00000220 00004350H .rsrc$02                DATA

  Address         Publics by Value              Rva+Base               Lib:Object

 0000:00000000       __guard_fids_count         0000000000000000     <absolute>
 0000:00000000       __guard_longjmp_count      0000000000000000     <absolute>
 0000:00000000       __guard_longjmp_table      0000000000000000     <absolute>
 0000:00000000       __hybrid_code_map          0000000000000000     <absolute>
 0000:00000000       __guard_iat_count          0000000000000000     <absolute>
 0000:00000000       __volatile_metadata        0000000000000000     <absolute>
 0000:00000000       __guard_iat_table          0000000000000000     <absolute>
 0000:00000000       __hybrid_code_map_count    0000000000000000     <absolute>
 0000:00000000       __enclave_config           0000000000000000     <absolute>
 0000:00000000       ___safe_se_handler_count   0000000000000000     <absolute>
 0000:00000000       __AbsoluteZero             0000000000000000     <absolute>
 0000:00000000       ___safe_se_handler_table   0000000000000000     <absolute>
 0000:00000000       __guard_fids_table         0000000000000000     <absolute>
 0000:00000000       __hybrid_auxiliary_iat     0000000000000000     <absolute>
 0000:00000000       __dynamic_value_reloc_table 0000000000000000     <absolute>
 0000:00000100       __guard_flags              0000000000000100     <absolute>
 0000:00000000       __ImageBase                0000000180000000     <linker-defined>
 0001:000000c0       ?DupWide@_CW@@AEAAXXZ      00000001800010c0 f   CWString.obj
 0001:000000e8       ?cw_dup@@YAXPEBDAEAHAEAPEA_W1@Z 00000001800010e8 f   CWString.obj
 0001:00000194       ?cw_memcpy@@YAHPEA_WPEBDH@Z 0000000180001194 f   CWString.obj
 0001:000001e0       ?cw_strcpy@@YAHPEA_WPEBD@Z 00000001800011e0 f   CWString.obj
 0001:000001f4       ??0CAtlComModule@ATL@@QEAA@XZ 00000001800011f4 f i OposVariant.obj
 0001:00000274       ??0CAtlWinModule@ATL@@QEAA@XZ 0000000180001274 f i OposVariant.obj
 0001:000002e0       ??0OposDispParms@@QEAA@PEAVOposVariant@@H@Z 00000001800012e0 f   OposVariant.obj
 0001:00000388       ??1OposDispParms@@QEAA@XZ  0000000180001388 f   OposVariant.obj
 0001:000003a0       ??_Estringdispid@CComTypeInfoHolder@ATL@@QEAAPEAXI@Z 00000001800013a0 f i OposVariant.obj
 0001:00000444       ?AtlWinModuleTerm@ATL@@YAJPEAU_ATL_WIN_MODULE70@1@PEAUHINSTANCE__@@@Z 0000000180001444 f i OposVariant.obj
 0001:000004f4       ?ChangeBSTR@OposVariant@@QEAAXPEAPEA_WAEAJ@Z 00000001800014f4 f   OposVariant.obj
 0001:00000554       ?ChangeLONG@OposVariant@@QEAAXPEAJAEAJ@Z 0000000180001554 f   OposVariant.obj
 0001:000005b0       ?GetLONG@OposVariant@@QEAAJXZ 00000001800015b0 f   OposVariant.obj
 0001:000005d4       ?SetBSTR@OposVariant@@QEAAXPEA_WAEAJ@Z 00000001800015d4 f   OposVariant.obj
 0001:00000614       ?SetBSTR_Copy@OposVariant@@QEAAXPEA_WAEAJ@Z 0000000180001614 f   OposVariant.obj
 0001:00000684       ?SetBSTR_InOutPtr@OposVariant@@QEAA_NPEAPEA_WAEAJ@Z 0000000180001684 f   OposVariant.obj
 0001:000006d4       ?SetDispatch_Ptr@OposVariant@@QEAAXPEAUIDispatch@@AEAJ@Z 00000001800016d4 f   OposVariant.obj
 0001:0000072c       ?SetLONG@OposVariant@@QEAAXJ@Z 000000018000172c f   OposVariant.obj
 0001:0000075c       ?SetLONG_Ptr@OposVariant@@QEAAXPEAJAEAJ@Z 000000018000175c f   OposVariant.obj
 0001:000007a8       ?SetString@OposVariant@@QEAAXPEB_WAEAJ@Z 00000001800017a8 f   OposVariant.obj
 0001:0000080c       ?SetVARIANT_BOOL@OposVariant@@QEAAXF@Z 000000018000180c f   OposVariant.obj
 0001:00000844       ?Term@CAtlComModule@ATL@@QEAAXXZ 0000000180001844 f i OposVariant.obj
 0001:000008b4       ?_AtlInitializeCriticalSectionEx@ATL@@YAHPEAU_RTL_CRITICAL_SECTION@@KK@Z 00000001800018b4 f i OposVariant.obj
 0001:000008bc       ?_AtlRaiseException@ATL@@YAXKK@Z 00000001800018bc f i OposVariant.obj
 0001:000008cc       ?AddRef@?$CComObjectCached@VCComClassFactory@ATL@@@ATL@@UEAAKXZ 00000001800018cc f i ImageScanner.obj
 0001:000008f8       ?Release@?$CComObjectCached@VCComClassFactory@ATL@@@ATL@@UEAAKXZ 00000001800018f8 f i ImageScanner.obj
 0001:00000938       ?QueryInterface@?$CComObjectCached@VCComClassFactory@ATL@@@ATL@@UEAAJAEBU_GUID@@PEAPEAX@Z 0000000180001938 f i ImageScanner.obj
 0001:0000094c       ??_G?$CComObjectCached@VCComClassFactory@ATL@@@ATL@@UEAAPEAXI@Z 000000018000194c f i ImageScanner.obj
 0001:0000094c       ??_E?$CComObjectCached@VCComClassFactory@ATL@@@ATL@@UEAAPEAXI@Z 000000018000194c f i ImageScanner.obj
 0001:000009a4       ?AddRef@?$CComAggObject@VCOPOSImageScanner@@@ATL@@UEAAKXZ 00000001800019a4 f i ImageScanner.obj
 0001:000009b0       ?Release@?$CComAggObject@VCOPOSImageScanner@@@ATL@@UEAAKXZ 00000001800019b0 f i ImageScanner.obj
 0001:00000a04       ?QueryInterface@?$CComAggObject@VCOPOSImageScanner@@@ATL@@UEAAJAEBU_GUID@@PEAPEAX@Z 0000000180001a04 f i ImageScanner.obj
 0001:00000a64       ?AddRef@?$CComContainedObject@VCOPOSImageScanner@@@ATL@@UEAAKXZ 0000000180001a64 f i ImageScanner.obj
 0001:00000a74       ?Release@?$CComContainedObject@VCOPOSImageScanner@@@ATL@@UEAAKXZ 0000000180001a74 f i ImageScanner.obj
 0001:00000a84       ?QueryInterface@?$CComContainedObject@VCOPOSImageScanner@@@ATL@@UEAAJAEBU_GUID@@PEAPEAX@Z 0000000180001a84 f i ImageScanner.obj
 0001:00000a94       ??_G?$CComAggObject@VCOPOSImageScanner@@@ATL@@UEAAPEAXI@Z 0000000180001a94 f i ImageScanner.obj
 0001:00000a94       ??_E?$CComAggObject@VCOPOSImageScanner@@@ATL@@UEAAPEAXI@Z 0000000180001a94 f i ImageScanner.obj
 0001:00000aec       ?AddRef@?$CComObject@VCOPOSImageScanner@@@ATL@@UEAAKXZ 0000000180001aec f i ImageScanner.obj
 0001:00000afc       ?Release@?$CComObject@VCOPOSImageScanner@@@ATL@@UEAAKXZ 0000000180001afc f i ImageScanner.obj
 0001:00000b54       ?QueryInterface@?$CComObject@VCOPOSImageScanner@@@ATL@@UEAAJAEBU_GUID@@PEAPEAX@Z 0000000180001b54 f i ImageScanner.obj
 0001:00000b68       ?Lock@CAtlModule@ATL@@UEAAJXZ 0000000180001b68 f i ImageScanner.obj
 0001:00000b78       ?Unlock@CAtlModule@ATL@@UEAAJXZ 0000000180001b78 f i ImageScanner.obj
 0001:00000b84       ?GetLockCount@CAtlModule@ATL@@UEAAJXZ 0000000180001b84 f i ImageScanner.obj
 0001:00000b88       ?GetGITPtr@CAtlModule@ATL@@UEAAJPEAPEAUIGlobalInterfaceTable@@@Z 0000000180001b88 f i ImageScanner.obj
 0001:00000bf8       ?AddCommonRGSReplacements@?$CAtlModuleT@VCComModule@ATL@@@ATL@@UEAAJPEAUIRegistrarBase@@@Z 0000000180001bf8 f i ImageScanner.obj
 0001:00000c10       ?UpdateRegistryFromResourceD@CComModule@ATL@@UEAAJPEB_WHPEAU_ATL_REGMAP_ENTRY@2@@Z 0000000180001c10 f i ImageScanner.obj
 0001:00000c10       ?UpdateRegistryFromResourceD@CComModule@ATL@@UEAAJIHPEAU_ATL_REGMAP_ENTRY@2@@Z 0000000180001c10 f i ImageScanner.obj
 0001:00000c18       ?UpdateRegistryFromResource@CComModule@ATL@@UEAAJPEB_WHPEAU_ATL_REGMAP_ENTRY@2@@Z 0000000180001c18 f i ImageScanner.obj
 0001:00000c20       ?OnDrawAdvanced@CComControlBase@ATL@@UEAAJAEAUATL_DRAWINFO@@@Z 0000000180001c20 f i ImageScanner.obj
 0001:00000d40       ?UpdateRegistryFromResource@CComModule@ATL@@UEAAJIHPEAU_ATL_REGMAP_ENTRY@2@@Z 0000000180001d40 f i ImageScanner.obj
 0001:00000d48       ??_ECComModule@ATL@@UEAAPEAXI@Z 0000000180001d48 f i ImageScanner.obj
 0001:00000d48       ??_GCComModule@ATL@@UEAAPEAXI@Z 0000000180001d48 f i ImageScanner.obj
 0001:00000dc8       ?Next@?$CComEnumImpl@UIEnumConnections@@$1?_GUID_b196b287_bab4_101a_b69c_00aa00341d07@@3U__s_GUID@@BUtagCONNECTDATA@@V?$_Copy@UtagCONNECTDATA@@@ATL@@@ATL@@UEAAJKPEAUtagCONNECTDATA@@PEAK@Z 0000000180001dc8 f i ImageScanner.obj
 0001:00000e9c       ?Skip@?$CComEnumImpl@UIEnumConnections@@$1?_GUID_b196b287_bab4_101a_b69c_00aa00341d07@@3U__s_GUID@@BUtagCONNECTDATA@@V?$_Copy@UtagCONNECTDATA@@@ATL@@@ATL@@UEAAJK@Z 0000000180001e9c f i ImageScanner.obj
 0001:00000ec8       ?Reset@?$CComEnumImpl@UIEnumConnections@@$1?_GUID_b196b287_bab4_101a_b69c_00aa00341d07@@3U__s_GUID@@BUtagCONNECTDATA@@V?$_Copy@UtagCONNECTDATA@@@ATL@@@ATL@@UEAAJXZ 0000000180001ec8 f i ImageScanner.obj
 0001:00000ec8       ?Reset@?$CComEnumImpl@UIEnumConnectionPoints@@$1?_GUID_b196b285_bab4_101a_b69c_00aa00341d07@@3U__s_GUID@@BPEAUIConnectionPoint@@V?$_CopyInterface@UIConnectionPoint@@@ATL@@@ATL@@UEAAJXZ 0000000180001ec8 f i ImageScanner.obj
 0001:00000ed4       ?Clone@?$CComEnumImpl@UIEnumConnections@@$1?_GUID_b196b287_bab4_101a_b69c_00aa00341d07@@3U__s_GUID@@BUtagCONNECTDATA@@V?$_Copy@UtagCONNECTDATA@@@ATL@@@ATL@@UEAAJPEAPEAUIEnumConnections@@@Z 0000000180001ed4 f i ImageScanner.obj
 0001:00001000       ?AddRef@?$CComObject@V?$CComEnum@UIEnumConnections@@$1?_GUID_b196b287_bab4_101a_b69c_00aa00341d07@@3U__s_GUID@@BUtagCONNECTDATA@@V?$_Copy@UtagCONNECTDATA@@@ATL@@VCComSingleThreadModel@6@@ATL@@@ATL@@UEAAKXZ 0000000180002000 f i ImageScanner.obj
 0001:00001000       ?AddRef@?$CComObject@V?$CComEnum@UIEnumConnectionPoints@@$1?_GUID_b196b285_bab4_101a_b69c_00aa00341d07@@3U__s_GUID@@BPEAUIConnectionPoint@@V?$_CopyInterface@UIConnectionPoint@@@ATL@@VCComSingleThreadModel@6@@ATL@@@ATL@@UEAAKXZ 0000000180002000 f i ImageScanner.obj
 0001:0000100c       ?Release@?$CComObject@V?$CComEnum@UIEnumConnectionPoints@@$1?_GUID_b196b285_bab4_101a_b69c_00aa00341d07@@3U__s_GUID@@BPEAUIConnectionPoint@@V?$_CopyInterface@UIConnectionPoint@@@ATL@@VCComSingleThreadModel@6@@ATL@@@ATL@@UEAAKXZ 000000018000200c f i ImageScanner.obj
 0001:0000100c       ?Release@?$CComObject@V?$CComEnum@UIEnumConnections@@$1?_GUID_b196b287_bab4_101a_b69c_00aa00341d07@@3U__s_GUID@@BUtagCONNECTDATA@@V?$_Copy@UtagCONNECTDATA@@@ATL@@VCComSingleThreadModel@6@@ATL@@@ATL@@UEAAKXZ 000000018000200c f i ImageScanner.obj
 0001:00001060       ?QueryInterface@?$CComObject@V?$CComEnum@UIEnumConnections@@$1?_GUID_b196b287_bab4_101a_b69c_00aa00341d07@@3U__s_GUID@@BUtagCONNECTDATA@@V?$_Copy@UtagCONNECTDATA@@@ATL@@VCComSingleThreadModel@6@@ATL@@@ATL@@UEAAJAEBU_GUID@@PEAPEAX@Z 0000000180002060 f i ImageScanner.obj
 0001:00001074       ??_G?$CComObject@V?$CComEnum@UIEnumConnections@@$1?_GUID_b196b287_bab4_101a_b69c_00aa00341d07@@3U__s_GUID@@BUtagCONNECTDATA@@V?$_Copy@UtagCONNECTDATA@@@ATL@@VCComSingleThreadModel@6@@ATL@@@ATL@@UEAAPEAXI@Z 0000000180002074 f i ImageScanner.obj
 0001:00001074       ??_E?$CComObject@V?$CComEnum@UIEnumConnections@@$1?_GUID_b196b287_bab4_101a_b69c_00aa00341d07@@3U__s_GUID@@BUtagCONNECTDATA@@V?$_Copy@UtagCONNECTDATA@@@ATL@@VCComSingleThreadModel@6@@ATL@@@ATL@@UEAAPEAXI@Z 0000000180002074 f i ImageScanner.obj
 0001:000010cc       ?GetDropTarget@?$IOleInPlaceObjectWindowlessImpl@VCOPOSImageScanner@@@ATL@@UEAAJPEAPEAUIDropTarget@@@Z 00000001800020cc f i ImageScanner.obj
 0001:000010cc       ?InitFromData@?$IOleObjectImpl@VCOPOSImageScanner@@@ATL@@UEAAJPEAUIDataObject@@HK@Z 00000001800020cc f i ImageScanner.obj
 0001:000010cc       ?ContextSensitiveHelp@?$IOleInPlaceObjectWindowlessImpl@VCOPOSImageScanner@@@ATL@@UEAAJH@Z 00000001800020cc f i ImageScanner.obj
 0001:000010cc       ?Unfreeze@?$IViewObjectExImpl@VCOPOSImageScanner@@@ATL@@UEAAJK@Z 00000001800020cc f i ImageScanner.obj
 0001:000010cc       ?GetControlInfo@?$IOleControlImpl@VCOPOSImageScanner@@@ATL@@UEAAJPEAUtagCONTROLINFO@@@Z 00000001800020cc f i ImageScanner.obj
 0001:000010cc       ?QueryInterface@CRegObject@ATL@@UEAAJAEBU_GUID@@PEAPEAX@Z 00000001800020cc f i ImageScanner.obj
 0001:000010cc       ?GetRect@?$IViewObjectExImpl@VCOPOSImageScanner@@@ATL@@UEAAJKPEAU_RECTL@@@Z 00000001800020cc f i ImageScanner.obj
 0001:000010cc       ?GetClipboardData@?$IOleObjectImpl@VCOPOSImageScanner@@@ATL@@UEAAJKPEAPEAUIDataObject@@@Z 00000001800020cc f i ImageScanner.obj
 0001:000010cc       ?GetDataHere@?$IDataObjectImpl@VCOPOSImageScanner@@@ATL@@UEAAJPEAUtagFORMATETC@@PEAUtagSTGMEDIUM@@@Z 00000001800020cc f i ImageScanner.obj
 0001:000010cc       ?ReactivateAndUndo@?$IOleInPlaceObjectWindowlessImpl@VCOPOSImageScanner@@@ATL@@UEAAJXZ 00000001800020cc f i ImageScanner.obj
 0001:000010cc       ?EnumFormatEtc@?$IDataObjectImpl@VCOPOSImageScanner@@@ATL@@UEAAJKPEAPEAUIEnumFORMATETC@@@Z 00000001800020cc f i ImageScanner.obj
 0001:000010cc       ?QueryGetData@?$IDataObjectImpl@VCOPOSImageScanner@@@ATL@@UEAAJPEAUtagFORMATETC@@@Z 00000001800020cc f i ImageScanner.obj
 0001:000010cc       ?GetCanonicalFormatEtc@?$IDataObjectImpl@VCOPOSImageScanner@@@ATL@@UEAAJPEAUtagFORMATETC@@0@Z 00000001800020cc f i ImageScanner.obj
 0001:000010cc       ?SetData@?$IDataObjectImpl@VCOPOSImageScanner@@@ATL@@UEAAJPEAUtagFORMATETC@@PEAUtagSTGMEDIUM@@H@Z 00000001800020cc f i ImageScanner.obj
 0001:000010cc       ?Freeze@?$IViewObjectExImpl@VCOPOSImageScanner@@@ATL@@UEAAJKJPEAXPEAK@Z 00000001800020cc f i ImageScanner.obj
 0001:000010cc       ?GetColorSet@?$IViewObjectExImpl@VCOPOSImageScanner@@@ATL@@UEAAJKJPEAXPEAUtagDVTARGETDEVICE@@PEAUHDC__@@PEAPEAUtagLOGPALETTE@@@Z 00000001800020cc f i ImageScanner.obj
 0001:000010cc       ?SetMoniker@?$IOleObjectImpl@VCOPOSImageScanner@@@ATL@@UEAAJKPEAUIMoniker@@@Z 00000001800020cc f i ImageScanner.obj
 0001:000010cc       ?ContextSensitiveHelp@?$IOleInPlaceActiveObjectImpl@VCOPOSImageScanner@@@ATL@@UEAAJH@Z 00000001800020cc f i ImageScanner.obj
 0001:000010cc       ?SOOutputCompleteDummy@COPOSImageScanner@@MEAAJJ@Z 00000001800020cc f i ImageScanner.obj
 0001:000010cc       ?SetColorScheme@?$IOleObjectImpl@VCOPOSImageScanner@@@ATL@@UEAAJPEAUtagLOGPALETTE@@@Z 00000001800020cc f i ImageScanner.obj
 0001:000010cc       ?GetMoniker@?$IOleObjectImpl@VCOPOSImageScanner@@@ATL@@UEAAJKKPEAPEAUIMoniker@@@Z 00000001800020cc f i ImageScanner.obj
 0001:000010cc       ?OnMnemonic@?$IOleControlImpl@VCOPOSImageScanner@@@ATL@@UEAAJPEAUtagMSG@@@Z 00000001800020cc f i ImageScanner.obj
 0001:000010d4       ?FAccessAllowed@?$IObjectSafetyImpl@VCOPOSImageScanner@@$02@ATL@@MEAAHXZ 00000001800020d4 f i ImageScanner.obj
 0001:000010d4       ?AddRef@CRegObject@ATL@@UEAAKXZ 00000001800020d4 f i ImageScanner.obj
 0001:000010d4       _get_startup_argv_mode     00000001800020d4 f i LIBCMT:argv_mode.obj
 0001:000010dc       ?OnAmbientPropertyChange@?$IOleControlImpl@VCOPOSImageScanner@@@ATL@@UEAAJJ@Z 00000001800020dc f i ImageScanner.obj
 0001:000010dc       ?IsUpToDate@?$IOleObjectImpl@VCOPOSImageScanner@@@ATL@@UEAAJXZ 00000001800020dc f i ImageScanner.obj
 0001:000010dc       ?OnFrameWindowActivate@?$IOleInPlaceActiveObjectImpl@VCOPOSImageScanner@@@ATL@@UEAAJH@Z 00000001800020dc f i ImageScanner.obj
 0001:000010dc       ?SaveCompleted@?$IPersistStorageImpl@VCOPOSImageScanner@@@ATL@@UEAAJPEAUIStorage@@@Z 00000001800020dc f i ImageScanner.obj
 0001:000010dc       ?Release@CRegObject@ATL@@UEAAKXZ 00000001800020dc f i ImageScanner.obj
 0001:000010dc       ?HandsOffStorage@?$IPersistStorageImpl@VCOPOSImageScanner@@@ATL@@UEAAJXZ 00000001800020dc f i ImageScanner.obj
 0001:000010dc       ?GetObjectDescription@?$CComCoClass@VCOPOSImageScanner@@$1?CLSID_OPOSImageScanner@@3U_GUID@@B@ATL@@SAPEB_WXZ 00000001800020dc f i ImageScanner.obj
 0001:000010dc       ?ResizeBorder@?$IOleInPlaceActiveObjectImpl@VCOPOSImageScanner@@@ATL@@UEAAJPEBUtagRECT@@PEAUIOleInPlaceUIWindow@@H@Z 00000001800020dc f i ImageScanner.obj
 0001:000010dc       ?GetCategoryMap@CComObjectRootBase@ATL@@SAPEBU_ATL_CATMAP_ENTRY@2@XZ 00000001800020dc f i ImageScanner.obj
 0001:000010dc       ?Update@?$IOleObjectImpl@VCOPOSImageScanner@@@ATL@@UEAAJXZ 00000001800020dc f i ImageScanner.obj
 0001:000010dc       ?EnableModeless@?$IOleInPlaceActiveObjectImpl@VCOPOSImageScanner@@@ATL@@UEAAJH@Z 00000001800020dc f i ImageScanner.obj
 0001:000010dc       ?SetHostNames@?$IOleObjectImpl@VCOPOSImageScanner@@@ATL@@UEAAJPEB_W0@Z 00000001800020dc f i ImageScanner.obj
 0001:000010e0       ?AddReplacement@CRegObject@ATL@@UEAAJPEB_W0@Z 00000001800020e0 f i ImageScanner.obj
 0001:00001110       ?ClearReplacements@CRegObject@ATL@@UEAAJXZ 0000000180002110 f i ImageScanner.obj
 0001:0000111c       ??_GCRegObject@ATL@@UEAAPEAXI@Z 000000018000211c f i ImageScanner.obj
 0001:0000111c       ??_ECRegObject@ATL@@UEAAPEAXI@Z 000000018000211c f i ImageScanner.obj
 0001:0000119c       ??_E?$CComObject@VCOPOSImageScanner@@@ATL@@W7EAAPEAXI@Z 000000018000219c f i ImageScanner.obj
 0001:000011a8       ??_E?$CComObject@VCOPOSImageScanner@@@ATL@@WHA@EAAPEAXI@Z 00000001800021a8 f i ImageScanner.obj
 0001:000011b4       ?QueryInterface@?$CComObject@VCOPOSImageScanner@@@ATL@@WLI@EAAJAEBU_GUID@@PEAPEAX@Z 00000001800021b4 f i ImageScanner.obj
 0001:000011c0       ?AddRef@?$CComObject@VCOPOSImageScanner@@@ATL@@WLI@EAAKXZ 00000001800021c0 f i ImageScanner.obj
 0001:000011cc       ?Release@?$CComObject@VCOPOSImageScanner@@@ATL@@WLI@EAAKXZ 00000001800021cc f i ImageScanner.obj
 0001:000011d8       ?QueryInterface@?$CComObject@VCOPOSImageScanner@@@ATL@@WMA@EAAJAEBU_GUID@@PEAPEAX@Z 00000001800021d8 f i ImageScanner.obj
 0001:000011e4       ?AddRef@?$CComObject@VCOPOSImageScanner@@@ATL@@WMA@EAAKXZ 00000001800021e4 f i ImageScanner.obj
 0001:000011f0       ?Release@?$CComObject@VCOPOSImageScanner@@@ATL@@WMA@EAAKXZ 00000001800021f0 f i ImageScanner.obj
 0001:000011fc       ?QueryInterface@?$CComObject@VCOPOSImageScanner@@@ATL@@WMI@EAAJAEBU_GUID@@PEAPEAX@Z 00000001800021fc f i ImageScanner.obj
 0001:00001208       ?AddRef@?$CComObject@VCOPOSImageScanner@@@ATL@@WMI@EAAKXZ 0000000180002208 f i ImageScanner.obj
 0001:00001214       ?Release@?$CComObject@VCOPOSImageScanner@@@ATL@@WMI@EAAKXZ 0000000180002214 f i ImageScanner.obj
 0001:00001220       ?QueryInterface@?$CComObject@VCOPOSImageScanner@@@ATL@@WNA@EAAJAEBU_GUID@@PEAPEAX@Z 0000000180002220 f i ImageScanner.obj
 0001:0000122c       ?AddRef@?$CComObject@VCOPOSImageScanner@@@ATL@@WNA@EAAKXZ 000000018000222c f i ImageScanner.obj
 0001:00001238       ?Release@?$CComObject@VCOPOSImageScanner@@@ATL@@WNA@EAAKXZ 0000000180002238 f i ImageScanner.obj
 0001:00001244       ?QueryInterface@?$CComObject@VCOPOSImageScanner@@@ATL@@WNI@EAAJAEBU_GUID@@PEAPEAX@Z 0000000180002244 f i ImageScanner.obj
 0001:00001250       ?AddRef@?$CComObject@VCOPOSImageScanner@@@ATL@@WNI@EAAKXZ 0000000180002250 f i ImageScanner.obj
 0001:0000125c       ?Release@?$CComObject@VCOPOSImageScanner@@@ATL@@WNI@EAAKXZ 000000018000225c f i ImageScanner.obj
 0001:00001268       ?QueryInterface@?$CComObject@VCOPOSImageScanner@@@ATL@@WOA@EAAJAEBU_GUID@@PEAPEAX@Z 0000000180002268 f i ImageScanner.obj
 0001:00001274       ?AddRef@?$CComObject@VCOPOSImageScanner@@@ATL@@WOA@EAAKXZ 0000000180002274 f i ImageScanner.obj
 0001:00001280       ?Release@?$CComObject@VCOPOSImageScanner@@@ATL@@WOA@EAAKXZ 0000000180002280 f i ImageScanner.obj
 0001:0000128c       ?QueryInterface@?$CComObject@VCOPOSImageScanner@@@ATL@@WOI@EAAJAEBU_GUID@@PEAPEAX@Z 000000018000228c f i ImageScanner.obj
 0001:00001298       ?AddRef@?$CComObject@VCOPOSImageScanner@@@ATL@@WOI@EAAKXZ 0000000180002298 f i ImageScanner.obj
 0001:000012a4       ?Release@?$CComObject@VCOPOSImageScanner@@@ATL@@WOI@EAAKXZ 00000001800022a4 f i ImageScanner.obj
 0001:000012b0       ?QueryInterface@?$CComObject@VCOPOSImageScanner@@@ATL@@WPA@EAAJAEBU_GUID@@PEAPEAX@Z 00000001800022b0 f i ImageScanner.obj
 0001:000012bc       ?AddRef@?$CComObject@VCOPOSImageScanner@@@ATL@@WPA@EAAKXZ 00000001800022bc f i ImageScanner.obj
 0001:000012c8       ?Release@?$CComObject@VCOPOSImageScanner@@@ATL@@WPA@EAAKXZ 00000001800022c8 f i ImageScanner.obj
 0001:000012d4       ?QueryInterface@?$CComObject@VCOPOSImageScanner@@@ATL@@WPI@EAAJAEBU_GUID@@PEAPEAX@Z 00000001800022d4 f i ImageScanner.obj
 0001:000012e0       ?AddRef@?$CComObject@VCOPOSImageScanner@@@ATL@@WPI@EAAKXZ 00000001800022e0 f i ImageScanner.obj
 0001:000012ec       ?Release@?$CComObject@VCOPOSImageScanner@@@ATL@@WPI@EAAKXZ 00000001800022ec f i ImageScanner.obj
 0001:000012f8       ?QueryInterface@?$CComObject@VCOPOSImageScanner@@@ATL@@WBAA@EAAJAEBU_GUID@@PEAPEAX@Z 00000001800022f8 f i ImageScanner.obj
 0001:00001304       ?AddRef@?$CComObject@VCOPOSImageScanner@@@ATL@@WBAA@EAAKXZ 0000000180002304 f i ImageScanner.obj
 0001:00001310       ?Release@?$CComObject@VCOPOSImageScanner@@@ATL@@WBAA@EAAKXZ 0000000180002310 f i ImageScanner.obj
 0001:0000131c       ?QueryInterface@?$CComObject@VCOPOSImageScanner@@@ATL@@WBAI@EAAJAEBU_GUID@@PEAPEAX@Z 000000018000231c f i ImageScanner.obj
 0001:00001328       ?AddRef@?$CComObject@VCOPOSImageScanner@@@ATL@@WBAI@EAAKXZ 0000000180002328 f i ImageScanner.obj
 0001:00001334       ?Release@?$CComObject@VCOPOSImageScanner@@@ATL@@WBAI@EAAKXZ 0000000180002334 f i ImageScanner.obj
 0001:00001340       ?QueryInterface@?$CComObject@VCOPOSImageScanner@@@ATL@@WBBA@EAAJAEBU_GUID@@PEAPEAX@Z 0000000180002340 f i ImageScanner.obj
 0001:0000134c       ?AddRef@?$CComObject@VCOPOSImageScanner@@@ATL@@WBBA@EAAKXZ 000000018000234c f i ImageScanner.obj
 0001:00001358       ?Release@?$CComObject@VCOPOSImageScanner@@@ATL@@WBBA@EAAKXZ 0000000180002358 f i ImageScanner.obj
 0001:00001364       ?QueryInterface@?$CComObject@VCOPOSImageScanner@@@ATL@@WBBI@EAAJAEBU_GUID@@PEAPEAX@Z 0000000180002364 f i ImageScanner.obj
 0001:00001370       ?AddRef@?$CComObject@VCOPOSImageScanner@@@ATL@@WBBI@EAAKXZ 0000000180002370 f i ImageScanner.obj
 0001:0000137c       ?Release@?$CComObject@VCOPOSImageScanner@@@ATL@@WBBI@EAAKXZ 000000018000237c f i ImageScanner.obj
 0001:00001388       ?AddRef@?$CComObject@VCOPOSImageScanner@@@ATL@@WBCI@EAAKXZ 0000000180002388 f i ImageScanner.obj
 0001:00001394       ?Release@?$CComObject@VCOPOSImageScanner@@@ATL@@WBCI@EAAKXZ 0000000180002394 f i ImageScanner.obj
 0001:000013a0       ?AddRef@?$CComObject@VCOPOSImageScanner@@@ATL@@WBEA@EAAKXZ 00000001800023a0 f i ImageScanner.obj
 0001:000013ac       ?Release@?$CComObject@VCOPOSImageScanner@@@ATL@@WBEA@EAAKXZ 00000001800023ac f i ImageScanner.obj
 0001:000013b8       ??_E?$CComContainedObject@VCOPOSImageScanner@@@ATL@@W7EAAPEAXI@Z 00000001800023b8 f i ImageScanner.obj
 0001:000013c4       ??_E?$CComContainedObject@VCOPOSImageScanner@@@ATL@@WHA@EAAPEAXI@Z 00000001800023c4 f i ImageScanner.obj
 0001:000013d0       ?QueryInterface@?$CComContainedObject@VCOPOSImageScanner@@@ATL@@WLI@EAAJAEBU_GUID@@PEAPEAX@Z 00000001800023d0 f i ImageScanner.obj
 0001:000013dc       ?AddRef@?$CComContainedObject@VCOPOSImageScanner@@@ATL@@WLI@EAAKXZ 00000001800023dc f i ImageScanner.obj
 0001:000013e8       ?Release@?$CComContainedObject@VCOPOSImageScanner@@@ATL@@WLI@EAAKXZ 00000001800023e8 f i ImageScanner.obj
 0001:000013f4       ?QueryInterface@?$CComContainedObject@VCOPOSImageScanner@@@ATL@@WMA@EAAJAEBU_GUID@@PEAPEAX@Z 00000001800023f4 f i ImageScanner.obj
 0001:00001400       ?AddRef@?$CComContainedObject@VCOPOSImageScanner@@@ATL@@WMA@EAAKXZ 0000000180002400 f i ImageScanner.obj
 0001:0000140c       ?Release@?$CComContainedObject@VCOPOSImageScanner@@@ATL@@WMA@EAAKXZ 000000018000240c f i ImageScanner.obj
 0001:00001418       ?QueryInterface@?$CComContainedObject@VCOPOSImageScanner@@@ATL@@WMI@EAAJAEBU_GUID@@PEAPEAX@Z 0000000180002418 f i ImageScanner.obj
 0001:00001424       ?AddRef@?$CComContainedObject@VCOPOSImageScanner@@@ATL@@WMI@EAAKXZ 0000000180002424 f i ImageScanner.obj
 0001:00001430       ?Release@?$CComContainedObject@VCOPOSImageScanner@@@ATL@@WMI@EAAKXZ 0000000180002430 f i ImageScanner.obj
 0001:0000143c       ?QueryInterface@?$CComContainedObject@VCOPOSImageScanner@@@ATL@@WNA@EAAJAEBU_GUID@@PEAPEAX@Z 000000018000243c f i ImageScanner.obj
 0001:00001448       ?AddRef@?$CComContainedObject@VCOPOSImageScanner@@@ATL@@WNA@EAAKXZ 0000000180002448 f i ImageScanner.obj
 0001:00001454       ?Release@?$CComContainedObject@VCOPOSImageScanner@@@ATL@@WNA@EAAKXZ 0000000180002454 f i ImageScanner.obj
 0001:00001460       ?QueryInterface@?$CComContainedObject@VCOPOSImageScanner@@@ATL@@WNI@EAAJAEBU_GUID@@PEAPEAX@Z 0000000180002460 f i ImageScanner.obj
 0001:0000146c       ?AddRef@?$CComContainedObject@VCOPOSImageScanner@@@ATL@@WNI@EAAKXZ 000000018000246c f i ImageScanner.obj
 0001:00001478       ?Release@?$CComContainedObject@VCOPOSImageScanner@@@ATL@@WNI@EAAKXZ 0000000180002478 f i ImageScanner.obj
 0001:00001484       ?QueryInterface@?$CComContainedObject@VCOPOSImageScanner@@@ATL@@WOA@EAAJAEBU_GUID@@PEAPEAX@Z 0000000180002484 f i ImageScanner.obj
 0001:00001490       ?AddRef@?$CComContainedObject@VCOPOSImageScanner@@@ATL@@WOA@EAAKXZ 0000000180002490 f i ImageScanner.obj
 0001:0000149c       ?Release@?$CComContainedObject@VCOPOSImageScanner@@@ATL@@WOA@EAAKXZ 000000018000249c f i ImageScanner.obj
 0001:000014a8       ?QueryInterface@?$CComContainedObject@VCOPOSImageScanner@@@ATL@@WOI@EAAJAEBU_GUID@@PEAPEAX@Z 00000001800024a8 f i ImageScanner.obj
 0001:000014b4       ?AddRef@?$CComContainedObject@VCOPOSImageScanner@@@ATL@@WOI@EAAKXZ 00000001800024b4 f i ImageScanner.obj
 0001:000014c0       ?Release@?$CComContainedObject@VCOPOSImageScanner@@@ATL@@WOI@EAAKXZ 00000001800024c0 f i ImageScanner.obj
 0001:000014cc       ?QueryInterface@?$CComContainedObject@VCOPOSImageScanner@@@ATL@@WPA@EAAJAEBU_GUID@@PEAPEAX@Z 00000001800024cc f i ImageScanner.obj
 0001:000014d8       ?AddRef@?$CComContainedObject@VCOPOSImageScanner@@@ATL@@WPA@EAAKXZ 00000001800024d8 f i ImageScanner.obj
 0001:000014e4       ?Release@?$CComContainedObject@VCOPOSImageScanner@@@ATL@@WPA@EAAKXZ 00000001800024e4 f i ImageScanner.obj
 0001:000014f0       ?QueryInterface@?$CComContainedObject@VCOPOSImageScanner@@@ATL@@WPI@EAAJAEBU_GUID@@PEAPEAX@Z 00000001800024f0 f i ImageScanner.obj
 0001:000014fc       ?AddRef@?$CComContainedObject@VCOPOSImageScanner@@@ATL@@WPI@EAAKXZ 00000001800024fc f i ImageScanner.obj
 0001:00001508       ?Release@?$CComContainedObject@VCOPOSImageScanner@@@ATL@@WPI@EAAKXZ 0000000180002508 f i ImageScanner.obj
 0001:00001514       ?QueryInterface@?$CComContainedObject@VCOPOSImageScanner@@@ATL@@WBAA@EAAJAEBU_GUID@@PEAPEAX@Z 0000000180002514 f i ImageScanner.obj
 0001:00001520       ?AddRef@?$CComContainedObject@VCOPOSImageScanner@@@ATL@@WBAA@EAAKXZ 0000000180002520 f i ImageScanner.obj
 0001:0000152c       ?Release@?$CComContainedObject@VCOPOSImageScanner@@@ATL@@WBAA@EAAKXZ 000000018000252c f i ImageScanner.obj
 0001:00001538       ?QueryInterface@?$CComContainedObject@VCOPOSImageScanner@@@ATL@@WBAI@EAAJAEBU_GUID@@PEAPEAX@Z 0000000180002538 f i ImageScanner.obj
 0001:00001544       ?AddRef@?$CComContainedObject@VCOPOSImageScanner@@@ATL@@WBAI@EAAKXZ 0000000180002544 f i ImageScanner.obj
 0001:00001550       ?Release@?$CComContainedObject@VCOPOSImageScanner@@@ATL@@WBAI@EAAKXZ 0000000180002550 f i ImageScanner.obj
 0001:0000155c       ?QueryInterface@?$CComContainedObject@VCOPOSImageScanner@@@ATL@@WBBA@EAAJAEBU_GUID@@PEAPEAX@Z 000000018000255c f i ImageScanner.obj
 0001:00001568       ?AddRef@?$CComContainedObject@VCOPOSImageScanner@@@ATL@@WBBA@EAAKXZ 0000000180002568 f i ImageScanner.obj
 0001:00001574       ?Release@?$CComContainedObject@VCOPOSImageScanner@@@ATL@@WBBA@EAAKXZ 0000000180002574 f i ImageScanner.obj
 0001:00001580       ?QueryInterface@?$CComContainedObject@VCOPOSImageScanner@@@ATL@@WBBI@EAAJAEBU_GUID@@PEAPEAX@Z 0000000180002580 f i ImageScanner.obj
 0001:0000158c       ?AddRef@?$CComContainedObject@VCOPOSImageScanner@@@ATL@@WBBI@EAAKXZ 000000018000258c f i ImageScanner.obj
 0001:00001598       ?Release@?$CComContainedObject@VCOPOSImageScanner@@@ATL@@WBBI@EAAKXZ 0000000180002598 f i ImageScanner.obj
 0001:000015a4       ?AddRef@?$CComContainedObject@VCOPOSImageScanner@@@ATL@@WBCI@EAAKXZ 00000001800025a4 f i ImageScanner.obj
 0001:000015b0       ?Release@?$CComContainedObject@VCOPOSImageScanner@@@ATL@@WBCI@EAAKXZ 00000001800025b0 f i ImageScanner.obj
 0001:000015bc       ?AddRef@?$CComContainedObject@VCOPOSImageScanner@@@ATL@@WBEA@EAAKXZ 00000001800025bc f i ImageScanner.obj
 0001:000015c8       ?Release@?$CComContainedObject@VCOPOSImageScanner@@@ATL@@WBEA@EAAKXZ 00000001800025c8 f i ImageScanner.obj
 0001:000015d4       ?GetWindowProc@?$CWindowImplBaseT@VCWindow@ATL@@V?$CWinTraits@$0FGAAAAAA@$0A@@2@@ATL@@UEAAP6A_JPEAUHWND__@@I_K_J@ZXZ 00000001800025d4 f i ImageScanner.obj
 0001:000015dc       ?StartWindowProc@?$CWindowImplBaseT@VCWindow@ATL@@V?$CWinTraits@$0FGAAAAAA@$0A@@2@@ATL@@SA_JPEAUHWND__@@I_K_J@Z 00000001800025dc f i ImageScanner.obj
 0001:000016a0       _guard_check_icall_nop     00000001800026a0 f i LIBCMT:guard_support.obj
 0001:000016a0       ?ObjectMain@CComObjectRootBase@ATL@@SAX_N@Z 00000001800026a0 f i ImageScanner.obj
 0001:000016a0       ?OnFinalMessage@?$CWindowImplBaseT@VCWindow@ATL@@V?$CWinTraits@$0FGAAAAAA@$0A@@2@@ATL@@UEAAXPEAUHWND__@@@Z 00000001800026a0 f i ImageScanner.obj
 0001:000016a4       ?GetTypeInfoCount@?$IDispatchImpl@UIOPOSImageScanner@@$1?IID_IOPOSImageScanner@@3U_GUID@@B$1?LIBID_OposImageScanner_CCO@@3U3@B$00$0A@VCComTypeInfoHolder@ATL@@@ATL@@UEAAJPEAI@Z 00000001800026a4 f i ImageScanner.obj
 0001:000016b8       ?GetTypeInfo@?$IDispatchImpl@UIOPOSImageScanner@@$1?IID_IOPOSImageScanner@@3U_GUID@@B$1?LIBID_OposImageScanner_CCO@@3U3@B$00$0A@VCComTypeInfoHolder@ATL@@@ATL@@UEAAJIKPEAPEAUITypeInfo@@@Z 00000001800026b8 f i ImageScanner.obj
 0001:0000171c       ?GetIDsOfNames@?$IDispatchImpl@UIOPOSImageScanner@@$1?IID_IOPOSImageScanner@@3U_GUID@@B$1?LIBID_OposImageScanner_CCO@@3U3@B$00$0A@VCComTypeInfoHolder@ATL@@@ATL@@UEAAJAEBU_GUID@@PEAPEA_WIKPEAJ@Z 000000018000271c f i ImageScanner.obj
 0001:00001728       ?Invoke@?$IDispatchImpl@UIOPOSImageScanner@@$1?IID_IOPOSImageScanner@@3U_GUID@@B$1?LIBID_OposImageScanner_CCO@@3U3@B$00$0A@VCComTypeInfoHolder@ATL@@@ATL@@UEAAJJAEBU_GUID@@KGPEAUtagDISPPARAMS@@PEAUtagVARIANT@@PEAUtagEXCEPINFO@@PEAI@Z 0000000180002728 f i ImageScanner.obj
 0001:000017b8       ?CreateControlWindow@?$CComControl@VCOPOSImageScanner@@V?$CWindowImpl@VCOPOSImageScanner@@VCWindow@ATL@@V?$CWinTraits@$0FGAAAAAA@$0A@@3@@ATL@@@ATL@@UEAAPEAUHWND__@@PEAU3@AEAUtagRECT@@@Z 00000001800027b8 f i ImageScanner.obj
 0001:000017f0       ?ControlQueryInterface@?$CComControl@VCOPOSImageScanner@@V?$CWindowImpl@VCOPOSImageScanner@@VCWindow@ATL@@V?$CWinTraits@$0FGAAAAAA@$0A@@3@@ATL@@@ATL@@UEAAJAEBU_GUID@@PEAPEAX@Z 00000001800027f0 f i ImageScanner.obj
 0001:00001804       ?GetClassID@?$IPersistStreamInitImpl@VCOPOSImageScanner@@@ATL@@UEAAJPEAU_GUID@@@Z 0000000180002804 f i ImageScanner.obj
 0001:00001804       ?GetClassID@?$IPersistStorageImpl@VCOPOSImageScanner@@@ATL@@UEAAJPEAU_GUID@@@Z 0000000180002804 f i ImageScanner.obj
 0001:00001804       ?GetUserClassID@?$IOleObjectImpl@VCOPOSImageScanner@@@ATL@@UEAAJPEAU_GUID@@@Z 0000000180002804 f i ImageScanner.obj
 0001:00001820       ?IsDirty@?$IPersistStreamInitImpl@VCOPOSImageScanner@@@ATL@@UEAAJXZ 0000000180002820 f i ImageScanner.obj
 0001:0000183c       ?Load@?$IPersistStreamInitImpl@VCOPOSImageScanner@@@ATL@@UEAAJPEAUIStream@@@Z 000000018000283c f i ImageScanner.obj
 0001:0000188c       ?Save@?$IPersistStreamInitImpl@VCOPOSImageScanner@@@ATL@@UEAAJPEAUIStream@@H@Z 000000018000288c f i ImageScanner.obj
 0001:000018f0       ?GetSizeMax@?$IPersistStreamInitImpl@VCOPOSImageScanner@@@ATL@@UEAAJPEAT_ULARGE_INTEGER@@@Z 00000001800028f0 f i ImageScanner.obj
 0001:00001b1c       ?InitNew@?$IPersistStreamInitImpl@VCOPOSImageScanner@@@ATL@@UEAAJXZ 0000000180002b1c f i ImageScanner.obj
 0001:00001b34       ?SetClientSite@?$IOleObjectImpl@VCOPOSImageScanner@@@ATL@@UEAAJPEAUIOleClientSite@@@Z 0000000180002b34 f i ImageScanner.obj
 0001:00001b50       ?GetClientSite@?$IOleObjectImpl@VCOPOSImageScanner@@@ATL@@UEAAJPEAPEAUIOleClientSite@@@Z 0000000180002b50 f i ImageScanner.obj
 0001:00001b98       ?Close@?$IOleObjectImpl@VCOPOSImageScanner@@@ATL@@UEAAJK@Z 0000000180002b98 f i ImageScanner.obj
 0001:00001bb4       ?DoVerb@?$IOleObjectImpl@VCOPOSImageScanner@@@ATL@@UEAAJJPEAUtagMSG@@PEAUIOleClientSite@@JPEAUHWND__@@PEBUtagRECT@@@Z 0000000180002bb4 f i ImageScanner.obj
 0001:00001d58       ?EnumVerbs@?$IOleObjectImpl@VCOPOSImageScanner@@@ATL@@UEAAJPEAPEAUIEnumOLEVERB@@@Z 0000000180002d58 f i ImageScanner.obj
 0001:00001d74       ?GetUserType@?$IOleObjectImpl@VCOPOSImageScanner@@@ATL@@UEAAJKPEAPEA_W@Z 0000000180002d74 f i ImageScanner.obj
 0001:00001d84       ?SetExtent@?$IOleObjectImpl@VCOPOSImageScanner@@@ATL@@UEAAJKPEAUtagSIZE@@@Z 0000000180002d84 f i ImageScanner.obj
 0001:00001da0       ?GetExtent@?$IOleObjectImpl@VCOPOSImageScanner@@@ATL@@UEAAJKPEAUtagSIZE@@@Z 0000000180002da0 f i ImageScanner.obj
 0001:00001dd0       ?Advise@?$IOleObjectImpl@VCOPOSImageScanner@@@ATL@@UEAAJPEAUIAdviseSink@@PEAK@Z 0000000180002dd0 f i ImageScanner.obj
 0001:00001e2c       ?Unadvise@?$IOleObjectImpl@VCOPOSImageScanner@@@ATL@@UEAAJK@Z 0000000180002e2c f i ImageScanner.obj
 0001:00001e64       ?EnumAdvise@?$IOleObjectImpl@VCOPOSImageScanner@@@ATL@@UEAAJPEAPEAUIEnumSTATDATA@@@Z 0000000180002e64 f i ImageScanner.obj
 0001:00001eac       ?GetMiscStatus@?$IOleObjectImpl@VCOPOSImageScanner@@@ATL@@UEAAJKPEAK@Z 0000000180002eac f i ImageScanner.obj
 0001:00001ebc       ?GetWindow@?$IOleInPlaceActiveObjectImpl@VCOPOSImageScanner@@@ATL@@UEAAJPEAPEAUHWND__@@@Z 0000000180002ebc f i ImageScanner.obj
 0001:00001f10       ?TranslateAcceleratorW@?$IOleInPlaceActiveObjectImpl@VCOPOSImageScanner@@@ATL@@UEAAJPEAUtagMSG@@@Z 0000000180002f10 f i ImageScanner.obj
 0001:00002004       ?OnDocWindowActivate@?$IOleInPlaceActiveObjectImpl@VCOPOSImageScanner@@@ATL@@UEAAJH@Z 0000000180003004 f i ImageScanner.obj
 0001:00002030       ?Draw@?$IViewObjectExImpl@VCOPOSImageScanner@@@ATL@@UEAAJKJPEAXPEAUtagDVTARGETDEVICE@@PEAUHDC__@@2PEBU_RECTL@@3P6AH_K@Z4@Z 0000000180003030 f i ImageScanner.obj
 0001:00002094       ?SetAdvise@?$IViewObjectExImpl@VCOPOSImageScanner@@@ATL@@UEAAJKKPEAUIAdviseSink@@@Z 0000000180003094 f i ImageScanner.obj
 0001:000020e8       ?GetAdvise@?$IViewObjectExImpl@VCOPOSImageScanner@@@ATL@@UEAAJPEAK0PEAPEAUIAdviseSink@@@Z 00000001800030e8 f i ImageScanner.obj
 0001:00002124       ?GetExtent@?$IViewObjectExImpl@VCOPOSImageScanner@@@ATL@@UEAAJKJPEAUtagDVTARGETDEVICE@@PEAUtagSIZE@@@Z 0000000180003124 f i ImageScanner.obj
 0001:00002154       ?GetViewStatus@?$IViewObjectExImpl@VCOPOSImageScanner@@@ATL@@UEAAJPEAK@Z 0000000180003154 f i ImageScanner.obj
 0001:00002168       ?QueryHitPoint@?$IViewObjectExImpl@VCOPOSImageScanner@@@ATL@@UEAAJKPEBUtagRECT@@UtagPOINT@@JPEAK@Z 0000000180003168 f i ImageScanner.obj
 0001:000021ac       ?QueryHitRect@?$IViewObjectExImpl@VCOPOSImageScanner@@@ATL@@UEAAJKPEBUtagRECT@@0JPEAK@Z 00000001800031ac f i ImageScanner.obj
 0001:00002214       ?GetNaturalExtent@?$IViewObjectExImpl@VCOPOSImageScanner@@@ATL@@UEAAJKJPEAUtagDVTARGETDEVICE@@PEAUHDC__@@PEAUtagExtentInfo@@PEAUtagSIZE@@@Z 0000000180003214 f i ImageScanner.obj
 0001:0000225c       ?GetWindow@?$IOleInPlaceObjectWindowlessImpl@VCOPOSImageScanner@@@ATL@@UEAAJPEAPEAUHWND__@@@Z 000000018000325c f i ImageScanner.obj
 0001:000022b0       ?InPlaceDeactivate@?$IOleInPlaceObjectWindowlessImpl@VCOPOSImageScanner@@@ATL@@UEAAJXZ 00000001800032b0 f i ImageScanner.obj
 0001:000022cc       ?UIDeactivate@?$IOleInPlaceObjectWindowlessImpl@VCOPOSImageScanner@@@ATL@@UEAAJXZ 00000001800032cc f i ImageScanner.obj
 0001:000022e8       ?SetObjectRects@?$IOleInPlaceObjectWindowlessImpl@VCOPOSImageScanner@@@ATL@@UEAAJPEBUtagRECT@@0@Z 00000001800032e8 f i ImageScanner.obj
 0001:00002304       ?OnWindowMessage@?$IOleInPlaceObjectWindowlessImpl@VCOPOSImageScanner@@@ATL@@UEAAJI_K_JPEA_J@Z 0000000180003304 f i ImageScanner.obj
 0001:000023cc       ?EnumConnectionPoints@?$IConnectionPointContainerImpl@VCOPOSImageScanner@@@ATL@@UEAAJPEAPEAUIEnumConnectionPoints@@@Z 00000001800033cc f i ImageScanner.obj
 0001:000025ec       ?FindConnectionPoint@?$IConnectionPointContainerImpl@VCOPOSImageScanner@@@ATL@@UEAAJAEBU_GUID@@PEAPEAUIConnectionPoint@@@Z 00000001800035ec f i ImageScanner.obj
 0001:000026bc       ?IsDirty@?$IPersistStorageImpl@VCOPOSImageScanner@@@ATL@@UEAAJXZ 00000001800036bc f i ImageScanner.obj
 0001:00002700       ?InitNew@?$IPersistStorageImpl@VCOPOSImageScanner@@@ATL@@UEAAJPEAUIStorage@@@Z 0000000180003700 f i ImageScanner.obj
 0001:00002744       ?Load@?$IPersistStorageImpl@VCOPOSImageScanner@@@ATL@@UEAAJPEAUIStorage@@@Z 0000000180003744 f i ImageScanner.obj
 0001:000027e4       ?Save@?$IPersistStorageImpl@VCOPOSImageScanner@@@ATL@@UEAAJPEAUIStorage@@H@Z 00000001800037e4 f i ImageScanner.obj
 0001:00002894       ?GetPages@?$ISpecifyPropertyPagesImpl@VCOPOSImageScanner@@@ATL@@UEAAJPEAUtagCAUUID@@@Z 0000000180003894 f i ImageScanner.obj
 0001:000028a0       ?QuickActivate@?$IQuickActivateImpl@VCOPOSImageScanner@@@ATL@@UEAAJPEAUtagQACONTAINER@@PEAUtagQACONTROL@@@Z 00000001800038a0 f i ImageScanner.obj
 0001:000028bc       ?SetContentExtent@?$IQuickActivateImpl@VCOPOSImageScanner@@@ATL@@UEAAJPEAUtagSIZE@@@Z 00000001800038bc f i ImageScanner.obj
 0001:000028f0       ?GetContentExtent@?$IQuickActivateImpl@VCOPOSImageScanner@@@ATL@@UEAAJPEAUtagSIZE@@@Z 00000001800038f0 f i ImageScanner.obj
 0001:00002928       ?GetData@?$IDataObjectImpl@VCOPOSImageScanner@@@ATL@@UEAAJPEAUtagFORMATETC@@PEAUtagSTGMEDIUM@@@Z 0000000180003928 f i ImageScanner.obj
 0001:00002944       ?DAdvise@?$IDataObjectImpl@VCOPOSImageScanner@@@ATL@@UEAAJPEAUtagFORMATETC@@KPEAUIAdviseSink@@PEAK@Z 0000000180003944 f i ImageScanner.obj
 0001:000029cc       ?DUnadvise@?$IDataObjectImpl@VCOPOSImageScanner@@@ATL@@UEAAJK@Z 00000001800039cc f i ImageScanner.obj
 0001:000029f8       ?EnumDAdvise@?$IDataObjectImpl@VCOPOSImageScanner@@@ATL@@UEAAJPEAPEAUIEnumSTATDATA@@@Z 00000001800039f8 f i ImageScanner.obj
 0001:00002a34       ?GetClassInfoW@?$IProvideClassInfo2Impl@$1?CLSID_OPOSImageScanner@@3U_GUID@@B$1?DIID__IOPOSImageScannerEvents@@3U2@B$1?LIBID_OposImageScanner_CCO@@3U2@B$00$0A@VCComTypeInfoHolder@ATL@@@ATL@@UEAAJPEAPEAUITypeInfo@@@Z 0000000180003a34 f i ImageScanner.obj
 0001:00002a8c       ?GetGUID@?$IProvideClassInfo2Impl@$1?CLSID_OPOSImageScanner@@3U_GUID@@B$1?DIID__IOPOSImageScannerEvents@@3U2@B$1?LIBID_OposImageScanner_CCO@@3U2@B$00$0A@VCComTypeInfoHolder@ATL@@@ATL@@UEAAJKPEAU_GUID@@@Z 0000000180003a8c f i ImageScanner.obj
 0001:00002ac0       ?GetInterfaceSafetyOptions@?$IObjectSafetyImpl@VCOPOSImageScanner@@$02@ATL@@UEAAJAEBU_GUID@@PEAK1@Z 0000000180003ac0 f i ImageScanner.obj
 0001:00002b54       ?SetInterfaceSafetyOptions@?$IObjectSafetyImpl@VCOPOSImageScanner@@$02@ATL@@UEAAJAEBU_GUID@@KK@Z 0000000180003b54 f i ImageScanner.obj
 0001:00002bf8       ?_LocCPQueryInterface@?$IConnectionPointImpl@VCOPOSImageScanner@@$1?IID_IPropertyNotifySink@@3U_GUID@@BVCComDynamicUnkArray@ATL@@@ATL@@UEAAJAEBU_GUID@@PEAPEAX@Z 0000000180003bf8 f i ImageScanner.obj
 0001:00002bf8       ?_LocCPQueryInterface@?$IConnectionPointImpl@VCOPOSImageScanner@@$1?DIID__IOPOSImageScannerEvents@@3U_GUID@@BVCComDynamicUnkArray@ATL@@@ATL@@UEAAJAEBU_GUID@@PEAPEAX@Z 0000000180003bf8 f i ImageScanner.obj
 0001:00002c6c       ?GetConnectionInterface@?$IConnectionPointImpl@VCOPOSImageScanner@@$1?IID_IPropertyNotifySink@@3U_GUID@@BVCComDynamicUnkArray@ATL@@@ATL@@UEAAJPEAU_GUID@@@Z 0000000180003c6c f i ImageScanner.obj
 0001:00002c88       ?GetConnectionPointContainer@?$IConnectionPointImpl@VCOPOSImageScanner@@$1?IID_IPropertyNotifySink@@3U_GUID@@BVCComDynamicUnkArray@ATL@@@ATL@@UEAAJPEAPEAUIConnectionPointContainer@@@Z 0000000180003c88 f i ImageScanner.obj
 0001:00002ca8       ?Advise@?$IConnectionPointImpl@VCOPOSImageScanner@@$1?IID_IPropertyNotifySink@@3U_GUID@@BVCComDynamicUnkArray@ATL@@@ATL@@UEAAJPEAUIUnknown@@PEAK@Z 0000000180003ca8 f i ImageScanner.obj
 0001:00002ca8       ?Advise@?$IConnectionPointImpl@VCOPOSImageScanner@@$1?DIID__IOPOSImageScannerEvents@@3U_GUID@@BVCComDynamicUnkArray@ATL@@@ATL@@UEAAJPEAUIUnknown@@PEAK@Z 0000000180003ca8 f i ImageScanner.obj
 0001:00002d68       ?Unadvise@?$IConnectionPointImpl@VCOPOSImageScanner@@$1?IID_IPropertyNotifySink@@3U_GUID@@BVCComDynamicUnkArray@ATL@@@ATL@@UEAAJK@Z 0000000180003d68 f i ImageScanner.obj
 0001:00002d68       ?Unadvise@?$IConnectionPointImpl@VCOPOSImageScanner@@$1?DIID__IOPOSImageScannerEvents@@3U_GUID@@BVCComDynamicUnkArray@ATL@@@ATL@@UEAAJK@Z 0000000180003d68 f i ImageScanner.obj
 0001:00002de4       ?EnumConnections@?$IConnectionPointImpl@VCOPOSImageScanner@@$1?DIID__IOPOSImageScannerEvents@@3U_GUID@@BVCComDynamicUnkArray@ATL@@@ATL@@UEAAJPEAPEAUIEnumConnections@@@Z 0000000180003de4 f i ImageScanner.obj
 0001:00002de4       ?EnumConnections@?$IConnectionPointImpl@VCOPOSImageScanner@@$1?IID_IPropertyNotifySink@@3U_GUID@@BVCComDynamicUnkArray@ATL@@@ATL@@UEAAJPEAPEAUIEnumConnections@@@Z 0000000180003de4 f i ImageScanner.obj
 0001:00002f8c       ?GetConnectionInterface@?$IConnectionPointImpl@VCOPOSImageScanner@@$1?DIID__IOPOSImageScannerEvents@@3U_GUID@@BVCComDynamicUnkArray@ATL@@@ATL@@UEAAJPEAU_GUID@@@Z 0000000180003f8c f i ImageScanner.obj
 0001:00002fa8       ?GetConnectionPointContainer@?$IConnectionPointImpl@VCOPOSImageScanner@@$1?DIID__IOPOSImageScannerEvents@@3U_GUID@@BVCComDynamicUnkArray@ATL@@@ATL@@UEAAJPEAPEAUIConnectionPointContainer@@@Z 0000000180003fa8 f i ImageScanner.obj
 0001:00002fc8       ?UpdateRegistry@COPOSImageScanner@@SAJH@Z 0000000180003fc8 f i ImageScanner.obj
 0001:00002fe0       ?ProcessWindowMessage@COPOSImageScanner@@UEAAHPEAUHWND__@@I_K_JAEA_JK@Z 0000000180003fe0 f i ImageScanner.obj
 0001:00003068       ?SOData@COPOSImageScanner@@MEAAJJ@Z 0000000180004068 f i ImageScanner.obj
 0001:000030b8       ?SODirectIO@COPOSImageScanner@@MEAAJJPEAJPEAPEA_W@Z 00000001800040b8 f i ImageScanner.obj
 0001:00003130       ?SOError@COPOSImageScanner@@MEAAJJJJPEAJ@Z 0000000180004130 f i ImageScanner.obj
 0001:000031b8       ?SOStatusUpdate@COPOSImageScanner@@MEAAJJ@Z 00000001800041b8 f i ImageScanner.obj
 0001:00003208       ?CreateInstance@?$CComCreator@V?$CComObjectCached@VCComClassFactory@ATL@@@ATL@@@ATL@@SAJPEAXAEBU_GUID@@PEAPEAX@Z 0000000180004208 f i ImageScanner.obj
 0001:00003310       ?CreateInstance@?$CComCreator2@V?$CComCreator@V?$CComObject@VCOPOSImageScanner@@@ATL@@@ATL@@V?$CComCreator@V?$CComAggObject@VCOPOSImageScanner@@@ATL@@@2@@ATL@@SAJPEAXAEBU_GUID@@PEAPEAX@Z 0000000180004310 f i ImageScanner.obj
 0001:00003320       ?Next@?$CComEnumImpl@UIEnumConnectionPoints@@$1?_GUID_b196b285_bab4_101a_b69c_00aa00341d07@@3U__s_GUID@@BPEAUIConnectionPoint@@V?$_CopyInterface@UIConnectionPoint@@@ATL@@@ATL@@UEAAJKPEAPEAUIConnectionPoint@@PEAK@Z 0000000180004320 f i ImageScanner.obj
 0001:000033ec       ?Skip@?$CComEnumImpl@UIEnumConnectionPoints@@$1?_GUID_b196b285_bab4_101a_b69c_00aa00341d07@@3U__s_GUID@@BPEAUIConnectionPoint@@V?$_CopyInterface@UIConnectionPoint@@@ATL@@@ATL@@UEAAJK@Z 00000001800043ec f i ImageScanner.obj
 0001:00003418       ?Clone@?$CComEnumImpl@UIEnumConnectionPoints@@$1?_GUID_b196b285_bab4_101a_b69c_00aa00341d07@@3U__s_GUID@@BPEAUIConnectionPoint@@V?$_CopyInterface@UIConnectionPoint@@@ATL@@@ATL@@UEAAJPEAPEAUIEnumConnectionPoints@@@Z 0000000180004418 f i ImageScanner.obj
 0001:00003544       ?QueryInterface@?$CComObject@V?$CComEnum@UIEnumConnectionPoints@@$1?_GUID_b196b285_bab4_101a_b69c_00aa00341d07@@3U__s_GUID@@BPEAUIConnectionPoint@@V?$_CopyInterface@UIConnectionPoint@@@ATL@@VCComSingleThreadModel@6@@ATL@@@ATL@@UEAAJAEBU_GUID@@PEAPEAX@Z 0000000180004544 f i ImageScanner.obj
 0001:00003558       ??_G?$CComObject@V?$CComEnum@UIEnumConnectionPoints@@$1?_GUID_b196b285_bab4_101a_b69c_00aa00341d07@@3U__s_GUID@@BPEAUIConnectionPoint@@V?$_CopyInterface@UIConnectionPoint@@@ATL@@VCComSingleThreadModel@6@@ATL@@@ATL@@UEAAPEAXI@Z 0000000180004558 f i ImageScanner.obj
 0001:00003558       ??_E?$CComObject@V?$CComEnum@UIEnumConnectionPoints@@$1?_GUID_b196b285_bab4_101a_b69c_00aa00341d07@@3U__s_GUID@@BPEAUIConnectionPoint@@V?$_CopyInterface@UIConnectionPoint@@@ATL@@VCComSingleThreadModel@6@@ATL@@@ATL@@UEAAPEAXI@Z 0000000180004558 f i ImageScanner.obj
 0001:000035b0       ?CreateInstance@CComClassFactory@ATL@@UEAAJPEAUIUnknown@@AEBU_GUID@@PEAPEAX@Z 00000001800045b0 f i ImageScanner.obj
 0001:00003610       ?LockServer@CComClassFactory@ATL@@UEAAJH@Z 0000000180004610 f i ImageScanner.obj
 0001:00003634       ??_GCComClassFactory@ATL@@UEAAPEAXI@Z 0000000180004634 f i ImageScanner.obj
 0001:00003634       ??_ECComClassFactory@ATL@@UEAAPEAXI@Z 0000000180004634 f i ImageScanner.obj
 0001:00003684       ??$AtlModuleRegisterWndClassInfoT@VAtlModuleRegisterWndClassInfoParamW@ATL@@@ATL@@YAGPEAU_ATL_BASE_MODULE70@0@PEAU_ATL_WIN_MODULE70@0@PEAU_ATL_WNDCLASSINFOW@0@PEAP6A_JPEAUHWND__@@I_K_J@ZVAtlModuleRegisterWndClassInfoParamW@0@@Z 0000000180004684 f i ImageScanner.obj
 0001:00003884       ??0?$CComContainedObject@VCOPOSImageScanner@@@ATL@@QEAA@PEAX@Z 0000000180004884 f i ImageScanner.obj
 0001:000039a0       ??0?$CComObject@VCOPOSImageScanner@@@ATL@@QEAA@PEAX@Z 00000001800049a0 f i ImageScanner.obj
 0001:00003ab8       ??0CAtlModule@ATL@@QEAA@XZ 0000000180004ab8 f i ImageScanner.obj
 0001:00003b2c       ??1?$CComEnumImpl@UIEnumConnectionPoints@@$1?_GUID_b196b285_bab4_101a_b69c_00aa00341d07@@3U__s_GUID@@BPEAUIConnectionPoint@@V?$_CopyInterface@UIConnectionPoint@@@ATL@@@ATL@@UEAA@XZ 0000000180004b2c f i ImageScanner.obj
 0001:00003b88       ??1?$CComEnumImpl@UIEnumConnections@@$1?_GUID_b196b287_bab4_101a_b69c_00aa00341d07@@3U__s_GUID@@BUtagCONNECTDATA@@V?$_Copy@UtagCONNECTDATA@@@ATL@@@ATL@@UEAA@XZ 0000000180004b88 f i ImageScanner.obj
 0001:00003be4       ??1?$CComObject@VCOPOSImageScanner@@@ATL@@UEAA@XZ 0000000180004be4 f i ImageScanner.obj
 0001:00003d04       ??_G?$CComContainedObject@VCOPOSImageScanner@@@ATL@@UEAAPEAXI@Z 0000000180004d04 f i ImageScanner.obj
 0001:00003d04       ??_E?$CComContainedObject@VCOPOSImageScanner@@@ATL@@UEAAPEAXI@Z 0000000180004d04 f i ImageScanner.obj
 0001:00003d38       ??_E?$CComObject@VCOPOSImageScanner@@@ATL@@UEAAPEAXI@Z 0000000180004d38 f i ImageScanner.obj
 0001:00003d38       ??_G?$CComObject@VCOPOSImageScanner@@@ATL@@UEAAPEAXI@Z 0000000180004d38 f i ImageScanner.obj
 0001:00003d6c       ?Add@?$CSimpleArray@GV?$CSimpleArrayEqualHelper@G@ATL@@@ATL@@QEAAHAEBG@Z 0000000180004d6c f i ImageScanner.obj
 0001:00003e20       ?Add@?$CSimpleMap@PEA_WPEA_WVCExpansionVectorEqualHelper@ATL@@@ATL@@QEAAHAEBQEA_W0@Z 0000000180004e20 f i ImageScanner.obj
 0001:00003ec0       ?Add@CComDynamicUnkArray@ATL@@QEAAKPEAUIUnknown@@@Z 0000000180004ec0 f i ImageScanner.obj
 0001:00003fa8       ?Add@CExpansionVector@ATL@@QEAAHPEB_W0@Z 0000000180004fa8 f i ImageScanner.obj
 0001:00004138       ?AddValue@CRegParser@ATL@@IEAAJAEAVCRegKey@2@PEB_WPEA_W@Z 0000000180005138 f i ImageScanner.obj
 0001:00004580       ?AllocateHeap@?$CTempBuffer@_W$0EAA@VCCRTAllocator@ATL@@@ATL@@AEAAX_K@Z 0000000180005580 f i ImageScanner.obj
 0001:00004580       ?AllocateHeap@?$CTempBuffer@E$0BAA@VCCRTAllocator@ATL@@@ATL@@AEAAX_K@Z 0000000180005580 f i ImageScanner.obj
 0001:00004580       ?AllocateHeap@?$CTempBuffer@_W$0BAA@VCCRTAllocator@ATL@@@ATL@@AEAAX_K@Z 0000000180005580 f i ImageScanner.obj
 0001:000045ac       ?Append@CParseBuffer@CRegParser@ATL@@QEAAHPEB_WH@Z 00000001800055ac f i ImageScanner.obj
 0001:000046c4       ?AtlCallTermFunc@ATL@@YAXPEAU_ATL_MODULE70@1@@Z 00000001800056c4 f i ImageScanner.obj
 0001:00004728       ?AtlComModuleGetClassObject@ATL@@YAJPEAU_ATL_COM_MODULE70@1@AEBU_GUID@@1PEAPEAX@Z 0000000180005728 f i ImageScanner.obj
 0001:00004868       ?AtlComModuleRegisterServer@ATL@@YAJPEAU_ATL_COM_MODULE70@1@HPEBU_GUID@@@Z 0000000180005868 f i ImageScanner.obj
 0001:00004928       ?AtlComModuleUnregisterServer@ATL@@YAJPEAU_ATL_COM_MODULE70@1@HPEBU_GUID@@@Z 0000000180005928 f i ImageScanner.obj
 0001:000049e4       ?AtlCreateTargetDC@ATL@@YAPEAUHDC__@@PEAU2@PEAUtagDVTARGETDEVICE@@@Z 00000001800059e4 f i ImageScanner.obj
 0001:00004a58       ?AtlHiMetricToPixel@ATL@@YAXPEBUtagSIZE@@PEAU2@@Z 0000000180005a58 f i ImageScanner.obj
 0001:00004b08       ?AtlHresultFromLastError@ATL@@YAJXZ 0000000180005b08 f i ImageScanner.obj
 0001:00004b28       ?AtlHresultFromWin32@ATL@@YAJK@Z 0000000180005b28 f i ImageScanner.obj
 0001:00004b38       ?AtlIPersistStreamInit_Load@ATL@@YAJPEAUIStream@@PEBUATL_PROPMAP_ENTRY@1@PEAXPEAUIUnknown@@@Z 0000000180005b38 f i ImageScanner.obj
 0001:00004d70       ?AtlIPersistStreamInit_Save@ATL@@YAJPEAUIStream@@HPEBUATL_PROPMAP_ENTRY@1@PEAXPEAUIUnknown@@@Z 0000000180005d70 f i ImageScanner.obj
 0001:00004fa8       ?AtlInternalOleLoadFromStream@ATL@@YAJPEAUIStream@@AEBU_GUID@@PEAPEAXTClassesAllowedInStream@1@K@Z 0000000180005fa8 f i ImageScanner.obj
 0001:000050ec       ?AtlInternalQueryInterface@ATL@@YAJPEAXPEBU_ATL_INTMAP_ENTRY@1@AEBU_GUID@@PEAPEAX@Z 00000001800060ec f i ImageScanner.obj
 0001:000051f4       ?AtlLoadTypeLib@ATL@@YAJPEAUHINSTANCE__@@PEB_WPEAPEA_WPEAPEAUITypeLib@@@Z 00000001800061f4 f i ImageScanner.obj
 0001:00005450       ?AtlModuleAddTermFunc@ATL@@YAJPEAU_ATL_MODULE70@1@P6AX_K@Z1@Z 0000000180006450 f i ImageScanner.obj
 0001:000054e4       ?AtlRegisterClassCategoriesHelper@ATL@@YAJAEBU_GUID@@PEBU_ATL_CATMAP_ENTRY@1@H@Z 00000001800064e4 f i ImageScanner.obj
 0001:0000594c       ?AtlRegisterTypeLib@ATL@@YAJPEAUHINSTANCE__@@PEB_W@Z 000000018000694c f i ImageScanner.obj
 0001:00005b48       ?AtlThrowImpl@ATL@@YAXJ@Z  0000000180006b48 f i ImageScanner.obj
 0001:00005b6c       ?AtlUnRegisterTypeLib@ATL@@YAJPEAUHINSTANCE__@@PEB_W@Z 0000000180006b6c f i ImageScanner.obj
 0001:00005c34       ?AtlWinModuleExtractCreateWndData@ATL@@YAPEAXPEAU_ATL_WIN_MODULE70@1@@Z 0000000180006c34 f i ImageScanner.obj
 0001:00005cc0       ?Cleanup@CComTypeInfoHolder@ATL@@SAX_K@Z 0000000180006cc0 f i ImageScanner.obj
 0001:00005d00       ?ClearReplacements@CExpansionVector@ATL@@QEAAJXZ 0000000180006d00 f i ImageScanner.obj
 0001:00005d9c       ?CreateInstance@?$CComCreator@V?$CComAggObject@VCOPOSImageScanner@@@ATL@@@ATL@@SAJPEAXAEBU_GUID@@PEAPEAX@Z 0000000180006d9c f i ImageScanner.obj
 0001:00005e74       ?CreateInstance@?$CComCreator@V?$CComObject@VCOPOSImageScanner@@@ATL@@@ATL@@SAJPEAXAEBU_GUID@@PEAPEAX@Z 0000000180006e74 f i ImageScanner.obj
 0001:00005f2c       ?CreateInstance@?$CComObject@V?$CComEnum@UIEnumConnectionPoints@@$1?_GUID_b196b285_bab4_101a_b69c_00aa00341d07@@3U__s_GUID@@BPEAUIConnectionPoint@@V?$_CopyInterface@UIConnectionPoint@@@ATL@@VCComSingleThreadModel@6@@ATL@@@ATL@@SAJPEAPEAV12@@Z 0000000180006f2c f i ImageScanner.obj
 0001:00005fb8       ?CreateInstance@?$CComObject@V?$CComEnum@UIEnumConnections@@$1?_GUID_b196b287_bab4_101a_b69c_00aa00341d07@@3U__s_GUID@@BUtagCONNECTDATA@@V?$_Copy@UtagCONNECTDATA@@@ATL@@VCComSingleThreadModel@6@@ATL@@@ATL@@SAJPEAPEAV12@@Z 0000000180006fb8 f i ImageScanner.obj
 0001:00006044       ?DefaultReflectionHandler@?$CWindowImplRoot@VCWindow@ATL@@@ATL@@SAHPEAUHWND__@@I_K_JAEA_J@Z 0000000180007044 f i ImageScanner.obj
 0001:000060a8       ?DeleteSubKey@CRegKey@ATL@@QEAAJPEB_W@Z 00000001800070a8 f i ImageScanner.obj
 0001:00006140       ?DoEvent@COPOSImageScanner@@IEAAXI_K_J@Z 0000000180007140 f i ImageScanner.obj
 0001:000061f4       ?DoVerbPrimary@?$IOleObjectImpl@VCOPOSImageScanner@@@ATL@@QEAAJPEBUtagRECT@@PEAUHWND__@@@Z 00000001800071f4 f i ImageScanner.obj
 0001:00006320       ?DoVerbProperties@CComControlBase@ATL@@QEAAJPEBUtagRECT@@PEAUHWND__@@@Z 0000000180007320 f i ImageScanner.obj
 0001:00006548       ?FireTheEvent@?$CProxy_IOPOSEvents@VCOPOSImageScanner@@@@IEAAXPEAVOposVariant@@IAEAJPEB_WJ@Z 0000000180007548 f i ImageScanner.obj
 0001:00006634       ?FireViewChange@CComControlBase@ATL@@QEAAJXZ 0000000180007634 f i ImageScanner.obj
 0001:00006698       ?Fire_DataEvent@?$CProxy_IOPOSEvents@VCOPOSImageScanner@@@@QEAAXJ@Z 0000000180007698 f i ImageScanner.obj
 0001:00006784       ?Fire_DirectIOEvent@?$CProxy_IOPOSEvents@VCOPOSImageScanner@@@@QEAAXJPEAJPEAPEA_W@Z 0000000180007784 f i ImageScanner.obj
 0001:000068dc       ?Fire_ErrorEvent@?$CProxy_IOPOSEvents@VCOPOSImageScanner@@@@QEAAXJJJPEAJ@Z 00000001800078dc f i ImageScanner.obj
 0001:00006a44       ?Fire_StatusUpdateEvent@?$CProxy_IOPOSEvents@VCOPOSImageScanner@@@@QEAAXJ@Z 0000000180007a44 f i ImageScanner.obj
 0001:00006b30       ?FreeHeap@?$CTempBuffer@_W$0EAA@VCCRTAllocator@ATL@@@ATL@@AEAAXXZ 0000000180007b30 f i ImageScanner.obj
 0001:00006b30       ?FreeHeap@?$CTempBuffer@_W$0BAA@VCCRTAllocator@ATL@@@ATL@@AEAAXXZ 0000000180007b30 f i ImageScanner.obj
 0001:00006b30       ?FreeHeap@?$CTempBuffer@E$0BAA@VCCRTAllocator@ATL@@@ATL@@AEAAXXZ 0000000180007b30 f i ImageScanner.obj
 0001:00006b38       ?GetAmbientLocaleID@CComControlBase@ATL@@QEAAJAEAK@Z 0000000180007b38 f i ImageScanner.obj
 0001:00006bf8       ?GetAmbientUserMode@CComControlBase@ATL@@QEAAJAEAH@Z 0000000180007bf8 f i ImageScanner.obj
 0001:00006cc8       ?GetClassObject@CComModule@ATL@@QEAAJAEBU_GUID@@0PEAPEAX@Z 0000000180007cc8 f i ImageScanner.obj
 0001:00006dbc       ?GetConnMap@COPOSImageScanner@@SAPEBU_ATL_CONNMAP_ENTRY@ATL@@PEAH@Z 0000000180007dbc f i ImageScanner.obj
 0001:00006e44       ?GetIDsOfNames@CComTypeInfoHolder@ATL@@QEAAJAEBU_GUID@@PEAPEA_WIKPEAJ@Z 0000000180007e44 f i ImageScanner.obj
 0001:00006fbc       ?GetPagesHelper@?$ISpecifyPropertyPagesImpl@VCOPOSImageScanner@@@ATL@@IEAAJPEAUtagCAUUID@@PEBUATL_PROPMAP_ENTRY@2@@Z 0000000180007fbc f i ImageScanner.obj
 0001:0000715c       ?GetSizeMax@CComVariant@ATL@@QEBAJPEAT_ULARGE_INTEGER@@@Z 000000018000815c f i ImageScanner.obj
 0001:00007390       ?GetTI@CComTypeInfoHolder@ATL@@QEAAJK@Z 0000000180008390 f i ImageScanner.obj
 0001:00007608       ?GetZoomInfo@CComControlBase@ATL@@QEAAXAEAUATL_DRAWINFO@@@Z 0000000180008608 f i ImageScanner.obj
 0001:000076ac       ?HKeyFromString@CRegParser@ATL@@KAPEAUHKEY__@@PEA_W@Z 00000001800086ac f i ImageScanner.obj
 0001:00007710       ?IDataObject_GetData@CComControlBase@ATL@@QEAAJPEAUtagFORMATETC@@PEAUtagSTGMEDIUM@@@Z 0000000180008710 f i ImageScanner.obj
 0001:00007904       ?IOleInPlaceObject_InPlaceDeactivate@CComControlBase@ATL@@QEAAJXZ 0000000180008904 f i ImageScanner.obj
 0001:000079a4       ?IOleInPlaceObject_SetObjectRects@CComControlBase@ATL@@QEAAJPEBUtagRECT@@0@Z 00000001800089a4 f i ImageScanner.obj
 0001:00007a94       ?IOleInPlaceObject_UIDeactivate@CComControlBase@ATL@@QEAAJXZ 0000000180008a94 f i ImageScanner.obj
 0001:00007ba0       ?IOleObject_Close@CComControlBase@ATL@@QEAAJK@Z 0000000180008ba0 f i ImageScanner.obj
 0001:00007cb8       ?IOleObject_SetClientSite@CComControlBase@ATL@@QEAAJPEAUIOleClientSite@@@Z 0000000180008cb8 f i ImageScanner.obj
 0001:00007d30       ?IOleObject_SetExtent@CComControlBase@ATL@@QEAAJKPEAUtagSIZE@@@Z 0000000180008d30 f i ImageScanner.obj
 0001:00007dc8       ?IPSI_GetIPersistStreamInit@?$IPersistStorageImpl@VCOPOSImageScanner@@@ATL@@AEAAPEAUIPersistStreamInit@@XZ 0000000180008dc8 f i ImageScanner.obj
 0001:00007e24       ?IQuickActivate_QuickActivate@CComControlBase@ATL@@QEAAJPEAUtagQACONTAINER@@PEAUtagQACONTROL@@@Z 0000000180008e24 f i ImageScanner.obj
 0001:000080e8       ?IViewObject_Draw@CComControlBase@ATL@@QEAAJKJPEAXPEAUtagDVTARGETDEVICE@@PEAUHDC__@@2PEBU_RECTL@@3@Z 00000001800090e8 f i ImageScanner.obj
 0001:000081fc       ?InPlaceActivate@CComControlBase@ATL@@QEAAJJPEBUtagRECT@@@Z 00000001800091fc f i ImageScanner.obj
 0001:00008534       ?Init@?$CComEnumImpl@UIEnumConnectionPoints@@$1?_GUID_b196b285_bab4_101a_b69c_00aa00341d07@@3U__s_GUID@@BPEAUIConnectionPoint@@V?$_CopyInterface@UIConnectionPoint@@@ATL@@@ATL@@QEAAJPEAPEAUIConnectionPoint@@0PEAUIUnknown@@W4CComEnumFlags@2@@Z 0000000180009534 f i ImageScanner.obj
 0001:00008654       ?Init@?$CComEnumImpl@UIEnumConnections@@$1?_GUID_b196b287_bab4_101a_b69c_00aa00341d07@@3U__s_GUID@@BUtagCONNECTDATA@@V?$_Copy@UtagCONNECTDATA@@@ATL@@@ATL@@QEAAJPEAUtagCONNECTDATA@@0PEAUIUnknown@@W4CComEnumFlags@2@@Z 0000000180009654 f i ImageScanner.obj
 0001:00008778       ?IsEqualObject@?$CComPtrBase@UITypeInfo@@@ATL@@QEAA_NPEAUIUnknown@@@Z 0000000180009778 f i ImageScanner.obj
 0001:00008778       ?IsEqualObject@?$CComPtrBase@UIOleClientSite@@@ATL@@QEAA_NPEAUIUnknown@@@Z 0000000180009778 f i ImageScanner.obj
 0001:00008804       ?LoadNameCache@CComTypeInfoHolder@ATL@@QEAAJPEAUITypeInfo@@@Z 0000000180009804 f i ImageScanner.obj
 0001:00008988       ?Lookup@?$CSimpleMap@PEA_WPEA_WVCExpansionVectorEqualHelper@ATL@@@ATL@@QEBAPEA_WAEBQEA_W@Z 0000000180009988 f i ImageScanner.obj
 0001:00008a14       ?NextToken@CRegParser@ATL@@IEAAJPEA_W@Z 0000000180009a14 f i ImageScanner.obj
 0001:00008bcc       ?OnKillFocus@CComControlBase@ATL@@QEAA_JI_K_JAEAH@Z 0000000180009bcc f i ImageScanner.obj
 0001:00008c68       ?OnMouseActivate@CComControlBase@ATL@@QEAA_JI_K_JAEAH@Z 0000000180009c68 f i ImageScanner.obj
 0001:00008d08       ?OnPaint@CComControlBase@ATL@@QEAA_JI_K_JAEAH@Z 0000000180009d08 f i ImageScanner.obj
 0001:00008df4       ?OnSetFocus@CComControlBase@ATL@@QEAA_JI_K_JAEAH@Z 0000000180009df4 f i ImageScanner.obj
 0001:00008ef0       ?Open@CRegKey@ATL@@QEAAJPEAUHKEY__@@PEB_WK@Z 0000000180009ef0 f i ImageScanner.obj
 0001:00008f7c       ?PreProcessBuffer@CRegParser@ATL@@QEAAJPEA_WPEAPEA_W@Z 0000000180009f7c f i ImageScanner.obj
 0001:00009300       ?ProcessWindowMessage@?$CComControl@VCOPOSImageScanner@@V?$CWindowImpl@VCOPOSImageScanner@@VCWindow@ATL@@V?$CWinTraits@$0FGAAAAAA@$0A@@3@@ATL@@@ATL@@UEAAHPEAUHWND__@@I_K_JAEA_JK@Z 000000018000a300 f i ImageScanner.obj
 0001:000093e4       ?PutProperty@?$CComPtr@UIDispatch@@@ATL@@SAJPEAUIDispatch@@JPEAUtagVARIANT@@@Z 000000018000a3e4 f i ImageScanner.obj
 0001:000094e8       ?ReadFromStream@CComBSTR@ATL@@QEAAJPEAUIStream@@@Z 000000018000a4e8 f i ImageScanner.obj
 0001:00009644       ?ReadFromStream@CComVariant@ATL@@QEAAJPEAUIStream@@GTClassesAllowedInStream@2@K@Z 000000018000a644 f i ImageScanner.obj
 0001:00009854       ?RecurseDeleteKey@CRegKey@ATL@@QEAAJPEB_W@Z 000000018000a854 f i ImageScanner.obj
 0001:00009960       ?RegCreateKeyExW@CAtlTransactionManager@ATL@@QEAAJPEAUHKEY__@@PEB_WKPEA_WKKQEAU_SECURITY_ATTRIBUTES@@PEAPEAU3@PEAK@Z 000000018000a960 f i ImageScanner.obj
 0001:00009a94       ?RegDeleteKeyW@CAtlTransactionManager@ATL@@QEAAJPEAUHKEY__@@PEB_W@Z 000000018000aa94 f i ImageScanner.obj
 0001:00009b20       ?RegOpenKeyExW@CAtlTransactionManager@ATL@@QEAAJPEAUHKEY__@@PEB_WKKPEAPEAU3@@Z 000000018000ab20 f i ImageScanner.obj
 0001:00009bd8       ?RegisterBuffer@CRegParser@ATL@@QEAAJPEA_WH@Z 000000018000abd8 f i ImageScanner.obj
 0001:00009d40       ?RegisterFromResource@CRegObject@ATL@@IEAAJPEB_W00H@Z 000000018000ad40 f i ImageScanner.obj
 0001:00009efc       ?RegisterServer@CComModule@ATL@@QEAAJHPEBU_GUID@@@Z 000000018000aefc f i ImageScanner.obj
 0001:00009fbc       ?RegisterSubkeys@CRegParser@ATL@@IEAAJPEA_WPEAUHKEY__@@HH@Z 000000018000afbc f i ImageScanner.obj
 0001:0000a6b0       ?SendOnDataChange@CComControlBase@ATL@@QEAAJK@Z 000000018000b6b0 f i ImageScanner.obj
 0001:0000a720       ?SetControlFocus@CComControlBase@ATL@@QEAAHH@Z 000000018000b720 f i ImageScanner.obj
 0001:0000a7fc       ?SkipAssignment@CRegParser@ATL@@IEAAJPEA_W@Z 000000018000b7fc f i ImageScanner.obj
 0001:0000a8a0       ?Term@CComModule@ATL@@QEAAXXZ 000000018000b8a0 f i ImageScanner.obj
 0001:0000a94c       ?UnregisterServer@CComModule@ATL@@QEAAJHPEBU_GUID@@@Z 000000018000b94c f i ImageScanner.obj
 0001:0000a9fc       ?UpdateRegistryFromResource@CAtlModule@ATL@@QEAAJIHPEAU_ATL_REGMAP_ENTRY@2@@Z 000000018000b9fc f i ImageScanner.obj
 0001:0000ad34       ?UpdateRegistryFromResource@CAtlModule@ATL@@QEAAJPEB_WHPEAU_ATL_REGMAP_ENTRY@2@@Z 000000018000bd34 f i ImageScanner.obj
 0001:0000b08c       ?VTFromRegType@CRegParser@ATL@@KAHPEB_WAEAG@Z 000000018000c08c f i ImageScanner.obj
 0001:0000b128       ?WindowProc@?$CWindowImplBaseT@VCWindow@ATL@@V?$CWinTraits@$0FGAAAAAA@$0A@@2@@ATL@@SA_JPEAUHWND__@@I_K_J@Z 000000018000c128 f i ImageScanner.obj
 0001:0000b294       ?WriteToStream@CComBSTR@ATL@@QEAAJPEAUIStream@@@Z 000000018000c294 f i ImageScanner.obj
 0001:0000b314       ?WriteToStream@CComVariant@ATL@@QEAAJPEAUIStream@@@Z 000000018000c314 f i ImageScanner.obj
 0001:0000b528       ?WriteToStream@CComVariant@ATL@@QEAAJPEAUIStream@@G@Z 000000018000c528 f i ImageScanner.obj
 0001:0000b5c0       ?_AtlVerifyStackAvailable@_ATL_SAFE_ALLOCA_IMPL@ATL@@YA_N_K@Z 000000018000c5c0 f i ImageScanner.obj
 0001:0000b644       ?atlCreate@?$CWindowImpl@VCOPOSImageScanner@@VCWindow@ATL@@V?$CWinTraits@$0FGAAAAAA@$0A@@3@@ATL@@QEAAPEAUHWND__@@PEAU3@V_U_RECT@2@PEB_WKKV_U_MENUorID@2@PEAX@Z 000000018000c644 f i ImageScanner.obj
 0001:0000b6f4       ?atlCreate@?$CWindowImplBaseT@VCWindow@ATL@@V?$CWinTraits@$0FGAAAAAA@$0A@@2@@ATL@@QEAAPEAUHWND__@@PEAU3@V_U_RECT@2@PEB_WKKV_U_MENUorID@2@GPEAX@Z 000000018000c6f4 f i ImageScanner.obj
 0001:0000b864       ?atlCreate@CRegKey@ATL@@QEAAJPEAUHKEY__@@PEB_WPEA_WKKPEAU_SECURITY_ATTRIBUTES@@PEAK@Z 000000018000c864 f i ImageScanner.obj
 0001:0000b950       DllCanUnloadNow            000000018000c950 f   ImageScanner.obj
 0001:0000b95c       DllGetClassObject          000000018000c95c f   ImageScanner.obj
 0001:0000b974       DllMain                    000000018000c974 f   ImageScanner.obj
 0001:0000ba1c       DllRegisterServer          000000018000ca1c f   ImageScanner.obj
 0001:0000ba30       DllUnregisterServer        000000018000ca30 f   ImageScanner.obj
 0001:0000ba44       __local_stdio_printf_options 000000018000ca44 f i ImageScanner.obj
 0001:0000bad4       swprintf_s                 000000018000cad4 f i ImageScanner.obj
 0001:0000bb28       ??0COPOSImageScanner@@QEAA@XZ 000000018000cb28 f   ImageScannerImpl.obj
 0001:0000bbf0       ??1?$IConnectionPointImpl@VCOPOSImageScanner@@$1?DIID__IOPOSImageScannerEvents@@3U_GUID@@BVCComDynamicUnkArray@ATL@@@ATL@@QEAA@XZ 000000018000cbf0 f i ImageScannerImpl.obj
 0001:0000bbf0       ??1?$IConnectionPointImpl@VCOPOSImageScanner@@$1?IID_IPropertyNotifySink@@3U_GUID@@BVCComDynamicUnkArray@ATL@@@ATL@@QEAA@XZ 000000018000cbf0 f i ImageScannerImpl.obj
 0001:0000bc4c       ??1CComControlBase@ATL@@UEAA@XZ 000000018000cc4c f i ImageScannerImpl.obj
 0001:0000bcc8       ??1COPOSImageScanner@@UEAA@XZ 000000018000ccc8 f   ImageScannerImpl.obj
 0001:0000bd2c       ?CheckHealth@COPOSImageScanner@@UEAAJJPEAJ@Z 000000018000cd2c f   ImageScannerImpl.obj
 0001:0000bda8       ?ClaimDevice@COPOSImageScanner@@UEAAJJPEAJ@Z 000000018000cda8 f   ImageScannerImpl.obj
 0001:0000be48       ?ClearInput@COPOSImageScanner@@UEAAJPEAJ@Z 000000018000ce48 f   ImageScannerImpl.obj
 0001:0000be70       ?ClearInputProperties@COPOSImageScanner@@UEAAJPEAJ@Z 000000018000ce70 f   ImageScannerImpl.obj
 0001:0000be98       ?Close@COPOSImageScanner@@UEAAJPEAJ@Z 000000018000ce98 f   ImageScannerImpl.obj
 0001:0000bf50       ?CompareFirmwareVersion@COPOSImageScanner@@UEAAJPEA_WPEAJ1@Z 000000018000cf50 f   ImageScannerImpl.obj
 0001:0000c02c       ?DirectIO@COPOSImageScanner@@UEAAJJPEAJPEAPEA_W0@Z 000000018000d02c f   ImageScannerImpl.obj
 0001:0000c128       ?DoInvoke@COPOSImageScanner@@IEAAJJPEAVOposVariant@@IHPEAJ_N@Z 000000018000d128 f   ImageScannerImpl.obj
 0001:0000c25c       ?EventInit@COPOSImageScanner@@IEAAJXZ 000000018000d25c f i ImageScannerImpl.obj
 0001:0000c3a4       ?EventUninit@COPOSImageScanner@@IEAAXXZ 000000018000d3a4 f i ImageScannerImpl.obj
 0001:0000c408       ?EventWindowProc@COPOSImageScanner@@IEAA_JI_K_J@Z 000000018000d408 f i ImageScannerImpl.obj
 0001:0000c594       ?FinalConstruct@COPOSImageScanner@@QEAAJXZ 000000018000d594 f   ImageScannerImpl.obj
 0001:0000c5d0       ?FreezeEvents@COPOSImageScanner@@MEAAJH@Z 000000018000d5d0 f   ImageScannerImpl.obj
 0001:0000c644       ?GetOposProp@COPOSImageScanner@@IEAAJJPEAJJ@Z 000000018000d644 f   ImageScannerImpl.obj
 0001:0000c760       ?GetOposProp@COPOSImageScanner@@IEAAJJPEAPEA_WJ@Z 000000018000d760 f   ImageScannerImpl.obj
 0001:0000c88c       ?OnDraw@COPOSImageScanner@@MEAAJAEAUATL_DRAWINFO@@@Z 000000018000d88c f   ImageScannerImpl.obj
 0001:0000c978       ?Open@COPOSImageScanner@@UEAAJPEA_WPEAJ@Z 000000018000d978 f   ImageScannerImpl.obj
 0001:0000d200       ?ReleaseDevice@COPOSImageScanner@@UEAAJPEAJ@Z 000000018000e200 f   ImageScannerImpl.obj
 0001:0000d26c       ?ResetStatistics@COPOSImageScanner@@UEAAJPEA_WPEAJ@Z 000000018000e26c f   ImageScannerImpl.obj
 0001:0000d2f4       ?RetrieveStatistics@COPOSImageScanner@@UEAAJPEAPEA_WPEAJ@Z 000000018000e2f4 f   ImageScannerImpl.obj
 0001:0000d37c       ?SOProcessID@COPOSImageScanner@@UEAAJPEAJ@Z 000000018000e37c f   ImageScannerImpl.obj
 0001:0000d398       ?SetCOFreezeEvents@COPOSImageScanner@@IEAAXF@Z 000000018000e398 f   ImageScannerImpl.obj
 0001:0000d47c       ?SetOposProp@COPOSImageScanner@@IEAAJJJJ@Z 000000018000e47c f   ImageScannerImpl.obj
 0001:0000d5dc       ?StartSession@COPOSImageScanner@@UEAAJPEAJ@Z 000000018000e5dc f   ImageScannerImpl.obj
 0001:0000d604       ?StopSession@COPOSImageScanner@@UEAAJPEAJ@Z 000000018000e604 f   ImageScannerImpl.obj
 0001:0000d62c       ?UpdateFirmware@COPOSImageScanner@@UEAAJPEA_WPEAJ@Z 000000018000e62c f   ImageScannerImpl.obj
 0001:0000d6b4       ?UpdateStatistics@COPOSImageScanner@@UEAAJPEA_WPEAJ@Z 000000018000e6b4 f   ImageScannerImpl.obj
 0001:0000d73c       ?get_AimMode@COPOSImageScanner@@UEAAJPEAF@Z 000000018000e73c f   ImageScannerImpl.obj
 0001:0000d770       ?get_AutoDisable@COPOSImageScanner@@UEAAJPEAF@Z 000000018000e770 f   ImageScannerImpl.obj
 0001:0000d7a4       ?get_BinaryConversion@COPOSImageScanner@@UEAAJPEAJ@Z 000000018000e7a4 f   ImageScannerImpl.obj
 0001:0000d7b8       ?get_BitsPerPixel@COPOSImageScanner@@UEAAJPEAJ@Z 000000018000e7b8 f   ImageScannerImpl.obj
 0001:0000d7cc       ?get_CapAim@COPOSImageScanner@@UEAAJPEAF@Z 000000018000e7cc f   ImageScannerImpl.obj
 0001:0000d800       ?get_CapCompareFirmwareVersion@COPOSImageScanner@@UEAAJPEAF@Z 000000018000e800 f   ImageScannerImpl.obj
 0001:0000d834       ?get_CapDecodeData@COPOSImageScanner@@UEAAJPEAF@Z 000000018000e834 f   ImageScannerImpl.obj
 0001:0000d868       ?get_CapHostTriggered@COPOSImageScanner@@UEAAJPEAF@Z 000000018000e868 f   ImageScannerImpl.obj
 0001:0000d89c       ?get_CapIlluminate@COPOSImageScanner@@UEAAJPEAF@Z 000000018000e89c f   ImageScannerImpl.obj
 0001:0000d8d0       ?get_CapImageData@COPOSImageScanner@@UEAAJPEAF@Z 000000018000e8d0 f   ImageScannerImpl.obj
 0001:0000d904       ?get_CapImageQuality@COPOSImageScanner@@UEAAJPEAF@Z 000000018000e904 f   ImageScannerImpl.obj
 0001:0000d938       ?get_CapPowerReporting@COPOSImageScanner@@UEAAJPEAJ@Z 000000018000e938 f   ImageScannerImpl.obj
 0001:0000d94c       ?get_CapStatisticsReporting@COPOSImageScanner@@UEAAJPEAF@Z 000000018000e94c f   ImageScannerImpl.obj
 0001:0000d980       ?get_CapUpdateFirmware@COPOSImageScanner@@UEAAJPEAF@Z 000000018000e980 f   ImageScannerImpl.obj
 0001:0000d9b4       ?get_CapUpdateStatistics@COPOSImageScanner@@UEAAJPEAF@Z 000000018000e9b4 f   ImageScannerImpl.obj
 0001:0000d9e8       ?get_CapVideoData@COPOSImageScanner@@UEAAJPEAF@Z 000000018000e9e8 f   ImageScannerImpl.obj
 0001:0000da1c       ?get_CheckHealthText@COPOSImageScanner@@UEAAJPEAPEA_W@Z 000000018000ea1c f   ImageScannerImpl.obj
 0001:0000da30       ?get_Claimed@COPOSImageScanner@@UEAAJPEAF@Z 000000018000ea30 f   ImageScannerImpl.obj
 0001:0000da64       ?get_ControlObjectDescription@COPOSImageScanner@@UEAAJPEAPEA_W@Z 000000018000ea64 f   ImageScannerImpl.obj
 0001:0000dac8       ?get_ControlObjectVersion@COPOSImageScanner@@UEAAJPEAJ@Z 000000018000eac8 f   ImageScannerImpl.obj
 0001:0000dad4       ?get_DataCount@COPOSImageScanner@@UEAAJPEAJ@Z 000000018000ead4 f   ImageScannerImpl.obj
 0001:0000dae8       ?get_DataEventEnabled@COPOSImageScanner@@UEAAJPEAF@Z 000000018000eae8 f   ImageScannerImpl.obj
 0001:0000db1c       ?get_DeviceDescription@COPOSImageScanner@@UEAAJPEAPEA_W@Z 000000018000eb1c f   ImageScannerImpl.obj
 0001:0000db30       ?get_DeviceEnabled@COPOSImageScanner@@UEAAJPEAF@Z 000000018000eb30 f   ImageScannerImpl.obj
 0001:0000db64       ?get_DeviceName@COPOSImageScanner@@UEAAJPEAPEA_W@Z 000000018000eb64 f   ImageScannerImpl.obj
 0001:0000db78       ?get_FrameData@COPOSImageScanner@@UEAAJPEAPEA_W@Z 000000018000eb78 f   ImageScannerImpl.obj
 0001:0000db8c       ?get_FrameType@COPOSImageScanner@@UEAAJPEAJ@Z 000000018000eb8c f   ImageScannerImpl.obj
 0001:0000dba0       ?get_FreezeEvents@COPOSImageScanner@@UEAAJPEAF@Z 000000018000eba0 f   ImageScannerImpl.obj
 0001:0000dbd0       ?get_IlluminateMode@COPOSImageScanner@@UEAAJPEAF@Z 000000018000ebd0 f   ImageScannerImpl.obj
 0001:0000dc04       ?get_ImageHeight@COPOSImageScanner@@UEAAJPEAJ@Z 000000018000ec04 f   ImageScannerImpl.obj
 0001:0000dc18       ?get_ImageLength@COPOSImageScanner@@UEAAJPEAJ@Z 000000018000ec18 f   ImageScannerImpl.obj
 0001:0000dc2c       ?get_ImageMode@COPOSImageScanner@@UEAAJPEAJ@Z 000000018000ec2c f   ImageScannerImpl.obj
 0001:0000dc40       ?get_ImageQuality@COPOSImageScanner@@UEAAJPEAJ@Z 000000018000ec40 f   ImageScannerImpl.obj
 0001:0000dc54       ?get_ImageType@COPOSImageScanner@@UEAAJPEAJ@Z 000000018000ec54 f   ImageScannerImpl.obj
 0001:0000dc68       ?get_ImageWidth@COPOSImageScanner@@UEAAJPEAJ@Z 000000018000ec68 f   ImageScannerImpl.obj
 0001:0000dc7c       ?get_OpenResult@COPOSImageScanner@@UEAAJPEAJ@Z 000000018000ec7c f   ImageScannerImpl.obj
 0001:0000dc88       ?get_PowerNotify@COPOSImageScanner@@UEAAJPEAJ@Z 000000018000ec88 f   ImageScannerImpl.obj
 0001:0000dc9c       ?get_PowerState@COPOSImageScanner@@UEAAJPEAJ@Z 000000018000ec9c f   ImageScannerImpl.obj
 0001:0000dcb0       ?get_ResultCode@COPOSImageScanner@@UEAAJPEAJ@Z 000000018000ecb0 f   ImageScannerImpl.obj
 0001:0000dcec       ?get_ResultCodeExtended@COPOSImageScanner@@UEAAJPEAJ@Z 000000018000ecec f   ImageScannerImpl.obj
 0001:0000dd00       ?get_ServiceObjectDescription@COPOSImageScanner@@UEAAJPEAPEA_W@Z 000000018000ed00 f   ImageScannerImpl.obj
 0001:0000dd14       ?get_ServiceObjectVersion@COPOSImageScanner@@UEAAJPEAJ@Z 000000018000ed14 f   ImageScannerImpl.obj
 0001:0000dd28       ?get_State@COPOSImageScanner@@UEAAJPEAJ@Z 000000018000ed28 f   ImageScannerImpl.obj
 0001:0000dd54       ?get_VideoCount@COPOSImageScanner@@UEAAJPEAJ@Z 000000018000ed54 f   ImageScannerImpl.obj
 0001:0000dd68       ?get_VideoRate@COPOSImageScanner@@UEAAJPEAJ@Z 000000018000ed68 f   ImageScannerImpl.obj
 0001:0000dd7c       ?put_AimMode@COPOSImageScanner@@UEAAJF@Z 000000018000ed7c f   ImageScannerImpl.obj
 0001:0000dd98       ?put_AutoDisable@COPOSImageScanner@@UEAAJF@Z 000000018000ed98 f   ImageScannerImpl.obj
 0001:0000ddb0       ?put_BinaryConversion@COPOSImageScanner@@UEAAJJ@Z 000000018000edb0 f   ImageScannerImpl.obj
 0001:0000ddc4       ?put_DataEventEnabled@COPOSImageScanner@@UEAAJF@Z 000000018000edc4 f   ImageScannerImpl.obj
 0001:0000dddc       ?put_DeviceEnabled@COPOSImageScanner@@UEAAJF@Z 000000018000eddc f   ImageScannerImpl.obj
 0001:0000ddf4       ?put_FreezeEvents@COPOSImageScanner@@UEAAJF@Z 000000018000edf4 f   ImageScannerImpl.obj
 0001:0000de44       ?put_IlluminateMode@COPOSImageScanner@@UEAAJF@Z 000000018000ee44 f   ImageScannerImpl.obj
 0001:0000de60       ?put_ImageMode@COPOSImageScanner@@UEAAJJ@Z 000000018000ee60 f   ImageScannerImpl.obj
 0001:0000de74       ?put_ImageQuality@COPOSImageScanner@@UEAAJJ@Z 000000018000ee74 f   ImageScannerImpl.obj
 0001:0000de88       ?put_PowerNotify@COPOSImageScanner@@UEAAJJ@Z 000000018000ee88 f   ImageScannerImpl.obj
 0001:0000de9c       ?put_VideoCount@COPOSImageScanner@@UEAAJJ@Z 000000018000ee9c f   ImageScannerImpl.obj
 0001:0000deb0       ?put_VideoRate@COPOSImageScanner@@UEAAJJ@Z 000000018000eeb0 f   ImageScannerImpl.obj
 0001:0000dec4       ?s_EventWindowProc@COPOSImageScanner@@KA_JPEAUHWND__@@I_K_J@Z 000000018000eec4 f i ImageScannerImpl.obj
 0001:0000df40       ??_U@YAPEAX_K@Z            000000018000ef40 f   LIBCMT:new_array.obj
 0001:0000df48       ??3@YAXPEAX_K@Z            000000018000ef48 f   LIBCMT:delete_scalar_size.obj
 0001:0000df48       ??_V@YAXPEAX@Z             000000018000ef48 f   LIBCMT:delete_array.obj
 0001:0000df50       ??_V@YAXPEAX_K@Z           000000018000ef50 f   LIBCMT:delete_array_size.obj
 0001:0000df58       __scrt_acquire_startup_lock 000000018000ef58 f   LIBCMT:utility.obj
 0001:0000df94       __scrt_dllmain_after_initialize_c 000000018000ef94 f   LIBCMT:utility.obj
 0001:0000dfc8       __scrt_dllmain_before_initialize_c 000000018000efc8 f   LIBCMT:utility.obj
 0001:0000dfe0       __scrt_dllmain_crt_thread_attach 000000018000efe0 f   LIBCMT:utility.obj
 0001:0000e008       __scrt_dllmain_crt_thread_detach 000000018000f008 f   LIBCMT:utility.obj
 0001:0000e020       __scrt_dllmain_exception_filter 000000018000f020 f   LIBCMT:utility.obj
 0001:0000e080       __scrt_dllmain_uninitialize_c 000000018000f080 f   LIBCMT:utility.obj
 0001:0000e0b0       __scrt_dllmain_uninitialize_critical 000000018000f0b0 f   LIBCMT:utility.obj
 0001:0000e0c4       __scrt_initialize_crt      000000018000f0c4 f   LIBCMT:utility.obj
 0001:0000e110       __scrt_initialize_onexit_tables 000000018000f110 f   LIBCMT:utility.obj
 0001:0000e19c       __scrt_is_nonwritable_in_current_image 000000018000f19c f   LIBCMT:utility.obj
 0001:0000e234       __scrt_release_startup_lock 000000018000f234 f   LIBCMT:utility.obj
 0001:0000e258       __scrt_uninitialize_crt    000000018000f258 f   LIBCMT:utility.obj
 0001:0000e284       _onexit                    000000018000f284 f   LIBCMT:utility.obj
 0001:0000e2c0       atexit                     000000018000f2c0 f   LIBCMT:utility.obj
 0001:0000e2d8       ??3@YAXPEAX@Z              000000018000f2d8 f   LIBCMT:delete_scalar.obj
 0001:0000e3d8       _Init_thread_footer        000000018000f3d8 f   LIBCMT:thread_safe_statics.obj
 0001:0000e438       _Init_thread_header        000000018000f438 f   LIBCMT:thread_safe_statics.obj
 0001:0000e4a0       _Init_thread_notify        000000018000f4a0 f   LIBCMT:thread_safe_statics.obj
 0001:0000e4e4       _Init_thread_wait          000000018000f4e4 f   LIBCMT:thread_safe_statics.obj
 0001:0000e548       __raise_securityfailure    000000018000f548 f   LIBCMT:gs_report.obj
 0001:0000e57c       __report_gsfailure         000000018000f57c f   LIBCMT:gs_report.obj
 0001:0000e650       __report_rangecheckfailure 000000018000f650 f   LIBCMT:gs_report.obj
 0001:0000e664       __report_securityfailure   000000018000f664 f   LIBCMT:gs_report.obj
 0001:0000e7e4       ??2@YAPEAX_KAEBUnothrow_t@std@@@Z 000000018000f7e4 f   LIBCMT:new_scalar_nothrow.obj
 0001:0000e804       ??_U@YAPEAX_KAEBUnothrow_t@std@@@Z 000000018000f804 f   LIBCMT:new_array_nothrow.obj
 0001:0000e80c       __GSHandlerCheck           000000018000f80c f   LIBCMT:gshandler.obj
 0001:0000e82c       __GSHandlerCheckCommon     000000018000f82c f   LIBCMT:gshandler.obj
 0001:0000e888       __GSHandlerCheck_SEH       000000018000f888 f   LIBCMT:gshandlerseh.obj
 0001:0000e920       _alloca_probe              000000018000f920 f   LIBCMT:chkstk.obj
 0001:0000e920       __chkstk                   000000018000f920 f   LIBCMT:chkstk.obj
 0001:0000e990       __security_check_cookie    000000018000f990 f   LIBCMT:amdsecgs.obj
 0001:0000ecd4       _DllMainCRTStartup         000000018000fcd4 f   LIBCMT:dll_dllmain.obj
 0001:0000ed14       ??2@YAPEAX_K@Z             000000018000fd14 f   LIBCMT:new_scalar.obj
 0001:0000ed50       __isa_available_init       000000018000fd50 f   LIBCMT:cpu_disp.obj
 0001:0000eecc       __scrt_is_ucrt_dll_in_use  000000018000fecc f   LIBCMT:ucrt_detection.obj
 0001:0000eed8       __crt_debugger_hook        000000018000fed8 f   LIBCMT:utility_desktop.obj
 0001:0000eee0       __scrt_fastfail            000000018000fee0 f   LIBCMT:utility_desktop.obj
 0001:0000f02c       __security_init_cookie     000000018001002c f   LIBCMT:gs_support.obj
 0001:0000f0d8       ?__scrt_initialize_type_info@@YAXXZ 00000001800100d8 f   LIBCMT:tncleanup.obj
 0001:0000f0e8       ?__scrt_uninitialize_type_info@@YAXXZ 00000001800100e8 f   LIBCMT:tncleanup.obj
 0001:0000f0f4       __local_stdio_scanf_options 00000001800100f4 f i LIBCMT:default_local_stdio_options.obj
 0001:0000f0fc       __scrt_initialize_default_local_stdio_options 00000001800100fc f   LIBCMT:default_local_stdio_options.obj
 0001:0000f118       __scrt_get_dyn_tls_init_callback 0000000180010118 f   LIBCMT:dyn_tls_init.obj
 0001:0000f120       _RTC_Initialize            0000000180010120 f   LIBCMT:initsect.obj
 0001:0000f15c       _RTC_Terminate             000000018001015c f   LIBCMT:initsect.obj
 0001:0000f198       ??0bad_alloc@std@@QEAA@AEBV01@@Z 0000000180010198 f i LIBCMT:throw_bad_alloc.obj
 0001:0000f1d4       ??0bad_alloc@std@@QEAA@XZ  00000001800101d4 f i LIBCMT:throw_bad_alloc.obj
 0001:0000f1f4       ??0bad_array_new_length@std@@QEAA@AEBV01@@Z 00000001800101f4 f i LIBCMT:throw_bad_alloc.obj
 0001:0000f230       ??0bad_array_new_length@std@@QEAA@XZ 0000000180010230 f i LIBCMT:throw_bad_alloc.obj
 0001:0000f250       ??0exception@std@@QEAA@AEBV01@@Z 0000000180010250 f i LIBCMT:throw_bad_alloc.obj
 0001:0000f284       ??1bad_alloc@std@@UEAA@XZ  0000000180010284 f i LIBCMT:throw_bad_alloc.obj
 0001:0000f284       ??1bad_exception@std@@UEAA@XZ 0000000180010284 f i libvcruntime:frame.obj
 0001:0000f284       ??1bad_array_new_length@std@@UEAA@XZ 0000000180010284 f i LIBCMT:throw_bad_alloc.obj
 0001:0000f298       ??_Ebad_array_new_length@std@@UEAAPEAXI@Z 0000000180010298 f i LIBCMT:throw_bad_alloc.obj
 0001:0000f298       ??_Ebad_exception@std@@UEAAPEAXI@Z 0000000180010298 f i libvcruntime:frame.obj
 0001:0000f298       ??_Ebad_alloc@std@@UEAAPEAXI@Z 0000000180010298 f i LIBCMT:throw_bad_alloc.obj
 0001:0000f298       ??_Gbad_array_new_length@std@@UEAAPEAXI@Z 0000000180010298 f i LIBCMT:throw_bad_alloc.obj
 0001:0000f298       ??_Gbad_exception@std@@UEAAPEAXI@Z 0000000180010298 f i libvcruntime:frame.obj
 0001:0000f298       ??_Gbad_alloc@std@@UEAAPEAXI@Z 0000000180010298 f i LIBCMT:throw_bad_alloc.obj
[...]
 0004:000017e8       $pdata$__acrt_SetThreadStackGuarantee 00000001800347e8     libucrt:winapi_thunks.obj
 0004:000017f4       $pdata$?try_get_function@@YAPEAXW4function_id@?A0x391cf84c@@QEBDQEBW4module_id@2@2@Z 00000001800347f4     libucrt:winapi_thunks.obj
 0004:00001800       $pdata$wcstol              0000000180034800     libucrt:strtox.obj
 0004:0000180c       $pdata$_mbtowc_l           000000018003480c     libucrt:mbtowc.obj
 0004:00001818       $pdata$__acrt_update_locale_info 0000000180034818     libucrt:locale_update.obj
 0004:00001824       $pdata$__acrt_update_multibyte_info 0000000180034824     libucrt:locale_update.obj
 0004:00001830       $pdata$__acrt_fp_format    0000000180034830     libucrt:cvt.obj
 0004:0000183c       $pdata$?fp_format_e_internal@@YAHQEAD_KH_NIQEAU_strflt@@2QEAU__crt_locale_pointers@@@Z 000000018003483c     libucrt:cvt.obj
 0004:00001848       $pdata$?fp_format_e@@YAHQEBNQEAD_K12H_NIQEAU__crt_locale_pointers@@@Z 0000000180034848     libucrt:cvt.obj
 0004:00001854       $pdata$?fp_format_a@@YAHQEBNPEAD_KQEAD2H_NIQEAU__crt_locale_pointers@@@Z 0000000180034854     libucrt:cvt.obj
 0004:00001860       $pdata$?fp_format_f_internal@@YAHQEAD_KHQEAU_strflt@@_NQEAU__crt_locale_pointers@@@Z 0000000180034860     libucrt:cvt.obj
 0004:0000186c       $pdata$?fp_format_g@@YAHQEBNQEAD_K12H_NIQEAU__crt_locale_pointers@@@Z 000000018003486c     libucrt:cvt.obj
 0004:00001878       $pdata$_fileno             0000000180034878     libucrt:fileno.obj
 0004:00001884       $pdata$__acrt_initialize_stdio 0000000180034884     libucrt:_file.obj
 0004:00001890       $pdata$__acrt_uninitialize_stdio 0000000180034890     libucrt:_file.obj
 0004:0000189c       $pdata$__acrt_uninitialize_locale 000000018003489c     libucrt:wsetlocale.obj
 0004:000018a8       $pdata$??$?RV<lambda_410d79af7f07d98d83a3f525b3859a53>@@AEAV<lambda_3e16ef9562a7dcce91392c22ab16ea36>@@V<lambda_38119f0e861e05405d8a144b9b982f0a>@@@?$__crt_seh_guarded_call@X@@QEAAX$$QEAV<lambda_410d79af7f07d98d83a3f525b3859a53>@@AEAV<lambda_3e16ef9562a7dcce91392c22ab16ea36>@@$$QEAV<lambda_38119f0e861e05405d8a144b9b982f0a>@@@Z 00000001800348a8     libucrt:wsetlocale.obj
 0004:000018b4       $pdata$?fin$0@?0???$?RV<lambda_410d79af7f07d98d83a3f525b3859a53>@@AEAV<lambda_3e16ef9562a7dcce91392c22ab16ea36>@@V<lambda_38119f0e861e05405d8a144b9b982f0a>@@@?$__crt_seh_guarded_call@X@@QEAAX$$QEAV<lambda_410d79af7f07d98d83a3f525b3859a53>@@AEAV<lambda_3e16ef9562a7dcce91392c22ab16ea36>@@$$QEAV<lambda_38119f0e861e05405d8a144b9b982f0a>@@@Z@4HA 00000001800348b4     libucrt:wsetlocale.obj
 0004:000018c0       $pdata$__acrt_initialize_lowio 00000001800348c0     libucrt:ioinit.obj
 0004:000018cc       $pdata$__acrt_lowio_ensure_fh_exists$fin$0 00000001800348cc     libucrt:osfinfo.obj
 0004:000018cc       $pdata$__acrt_initialize_lowio$fin$0 00000001800348cc     libucrt:ioinit.obj
 0004:000018d8       $pdata$__acrt_uninitialize_lowio 00000001800348d8     libucrt:ioinit.obj
 0004:000018e4       $pdata$?initialize_inherited_file_handles_nolock@@YAXXZ 00000001800348e4     libucrt:ioinit.obj
 0004:000018f0       $pdata$?initialize_stdio_handles_nolock@@YAXXZ 00000001800348f0     libucrt:ioinit.obj
 0004:000018fc       $pdata$__acrt_initialize_locks 00000001800348fc     libucrt:locks.obj
 0004:00001908       $pdata$__acrt_uninitialize_locks 0000000180034908     libucrt:locks.obj
 0004:00001914       $pdata$__acrt_get_process_end_policy 0000000180034914     libucrt:win_policies.obj
 0004:00001920       $pdata$??$__acrt_mbs_to_wcs_cp@U__crt_win32_buffer_internal_dynamic_resizing@@@@YAHQEBDAEAV?$__crt_win32_buffer@_WU__crt_win32_buffer_internal_dynamic_resizing@@@@I@Z 0000000180034920     libucrt:argv_wildcards.obj
 0004:0000192c       $pdata$??$__acrt_wcs_to_mbs_cp@U__crt_win32_buffer_internal_dynamic_resizing@@@@YAHQEB_WAEAV?$__crt_win32_buffer@DU__crt_win32_buffer_internal_dynamic_resizing@@@@I@Z 000000018003492c     libucrt:argv_wildcards.obj
 0004:00001938       $pdata$??$common_expand_argv_wildcards@D@@YAHQEAPEADQEAPEAPEAD@Z 0000000180034938     libucrt:argv_wildcards.obj
 0004:00001944       $pdata$??$copy_and_add_argument_to_buffer@D@@YAHQEBD0_KAEAV?$argument_list@D@?A0x5f5c8891@@@Z 0000000180034944     libucrt:argv_wildcards.obj
 0004:00001950       $pdata$??$expand_argument_wildcards@D@@YAHQEAD0AEAV?$argument_list@D@?A0x5f5c8891@@@Z 0000000180034950     libucrt:argv_wildcards.obj
 0004:0000195c       $pdata$__acrt_GetModuleFileNameA 000000018003495c     libucrt:getmodulefilenamea.obj
 0004:00001968       $pdata$??$__acrt_wcs_to_mbs_cp@U__crt_win32_buffer_no_resizing@@@@YAHQEB_WAEAV?$__crt_win32_buffer@DU__crt_win32_buffer_no_resizing@@@@I@Z 0000000180034968     libucrt:getmodulefilenamea.obj
 0004:00001974       $pdata$__acrt_update_thread_multibyte_data 0000000180034974     libucrt:mbctype.obj
 0004:00001980       $pdata$__acrt_initialize_multibyte 0000000180034980     libucrt:mbctype.obj
 0004:0000198c       $pdata$_setmbcp_nolock     000000018003498c     libucrt:mbctype.obj
 0004:00001998       $pdata$?getSystemCP@@YAHH@Z 0000000180034998     libucrt:mbctype.obj
 0004:000019a4       $pdata$?setSBCS@@YAXPEAU__crt_multibyte_data@@@Z 00000001800349a4     libucrt:mbctype.obj
 0004:000019b0       $pdata$?update_thread_multibyte_data_internal@@YAPEAU__crt_multibyte_data@@QEAU__acrt_ptd@@QEAPEAU1@@Z 00000001800349b0     libucrt:mbctype.obj
 0004:000019bc       $pdata$?fin$0@?0??update_thread_multibyte_data_internal@@YAPEAU__crt_multibyte_data@@QEAU__acrt_ptd@@QEAPEAU1@@Z@4HA 00000001800349bc     libucrt:mbctype.obj
 0004:000019c8       $pdata$?setmbcp_internal@@YAHH_NQEAU__acrt_ptd@@QEAPEAU__crt_multibyte_data@@@Z 00000001800349c8     libucrt:mbctype.obj
 0004:000019d4       $pdata$?setSBUpLow@@YAXPEAU__crt_multibyte_data@@@Z 00000001800349d4     libucrt:mbctype.obj
 0004:000019e0       $pdata$??$?RV<lambda_efdfa57d1f175319df784efa44bb7b81>@@AEAV<lambda_5f0a4c1567f8adc6734073e5d1e1b35c>@@V<lambda_2e8a7d3640ea6ccb4c2413664c2db6fd>@@@?$__crt_seh_guarded_call@X@@QEAAX$$QEAV<lambda_efdfa57d1f175319df784efa44bb7b81>@@AEAV<lambda_5f0a4c1567f8adc6734073e5d1e1b35c>@@$$QEAV<lambda_2e8a7d3640ea6ccb4c2413664c2db6fd>@@@Z 00000001800349e0     libucrt:mbctype.obj
 0004:000019ec       $pdata$?x_ismbbtype_l@@YAHPEAU__crt_locale_pointers@@IHH@Z 00000001800349ec     libucrt:ismbbyte.obj
 0004:000019f8       $pdata$__acrt_initialize_command_line 00000001800349f8     libucrt:argv_data.obj
 0004:00001a04       $pdata$__acrt_WideCharToMultiByte 0000000180034a04     libucrt:widechartomultibyte.obj
 0004:00001a10       $pdata$__dcrt_get_narrow_environment_from_os 0000000180034a10     libucrt:get_environment_from_os.obj
 0004:00001a1c       $pdata$__acrt_initialize_heap 0000000180034a1c     libucrt:heap_handle.obj
 0004:00001a28       $pdata$__acrt_execute_initializers 0000000180034a28     libucrt:shared_initialization.obj
 0004:00001a34       $pdata$__acrt_execute_uninitializers 0000000180034a34     libucrt:shared_initialization.obj
 0004:00001a40       $pdata$__acrt_get_sigabrt_handler 0000000180034a40     libucrt:signal.obj
 0004:00001a4c       $pdata$raise               0000000180034a4c     libucrt:signal.obj
 0004:00001a58       $pdata$raise$fin$0         0000000180034a58     libucrt:signal.obj
 0004:00001a64       $pdata$??$?RV<lambda_450d765d439847d4c735a33c368b5fc0>@@AEAV<lambda_44731a7d0e6d81c3e6aa82d741081786>@@V<lambda_601a2a7da3b7a96e9554ac7215c4b07c>@@@?$__crt_seh_guarded_call@P6AXH@Z@@QEAAP6AXH@Z$$QEAV<lambda_450d765d439847d4c735a33c368b5fc0>@@AEAV<lambda_44731a7d0e6d81c3e6aa82d741081786>@@$$QEAV<lambda_601a2a7da3b7a96e9554ac7215c4b07c>@@@Z 0000000180034a64     libucrt:signal.obj
 0004:00001a70       $pdata$_fflush_nolock      0000000180034a70     libucrt:fflush.obj
 0004:00001a7c       $pdata$__acrt_stdio_flush_nolock 0000000180034a7c     libucrt:fflush.obj
 0004:00001a88       $pdata$?common_flush_all@@YAH_N@Z 0000000180034a88     libucrt:fflush.obj
 0004:00001a94       $pdata$??$?RV<lambda_842d9ff0dc9ef11c61343bbaebe7f885>@@AEAV<lambda_c5860995281e5c4ce005b3de8f5874ee>@@V<lambda_d90129c13df834fdcbf8d2b88dafcf2d>@@@?$__crt_seh_guarded_call@X@@QEAAX$$QEAV<lambda_842d9ff0dc9ef11c61343bbaebe7f885>@@AEAV<lambda_c5860995281e5c4ce005b3de8f5874ee>@@$$QEAV<lambda_d90129c13df834fdcbf8d2b88dafcf2d>@@@Z 0000000180034a94     libucrt:fflush.obj
 0004:00001aa0       $pdata$?fin$0@?0???$?RV<lambda_842d9ff0dc9ef11c61343bbaebe7f885>@@AEAV<lambda_c5860995281e5c4ce005b3de8f5874ee>@@V<lambda_d90129c13df834fdcbf8d2b88dafcf2d>@@@?$__crt_seh_guarded_call@X@@QEAAX$$QEAV<lambda_842d9ff0dc9ef11c61343bbaebe7f885>@@AEAV<lambda_c5860995281e5c4ce005b3de8f5874ee>@@$$QEAV<lambda_d90129c13df834fdcbf8d2b88dafcf2d>@@@Z@4HA 0000000180034aa0     libucrt:fflush.obj
 0004:00001aac       $pdata$??$?RV<lambda_886d6c58226a84441f68b9f2b8217b83>@@AEAV<lambda_ab61a845afdef5b7c387490eaf3616ee>@@V<lambda_f7f22ab5edc0698d5f6905b0d3f44752>@@@?$__crt_seh_guarded_call@X@@QEAAX$$QEAV<lambda_886d6c58226a84441f68b9f2b8217b83>@@AEAV<lambda_ab61a845afdef5b7c387490eaf3616ee>@@$$QEAV<lambda_f7f22ab5edc0698d5f6905b0d3f44752>@@@Z 0000000180034aac     libucrt:fflush.obj
 0004:00001ab8       $pdata$?fin$0@?0???$?RV<lambda_886d6c58226a84441f68b9f2b8217b83>@@AEAV<lambda_ab61a845afdef5b7c387490eaf3616ee>@@V<lambda_f7f22ab5edc0698d5f6905b0d3f44752>@@@?$__crt_seh_guarded_call@X@@QEAAX$$QEAV<lambda_886d6c58226a84441f68b9f2b8217b83>@@AEAV<lambda_ab61a845afdef5b7c387490eaf3616ee>@@$$QEAV<lambda_f7f22ab5edc0698d5f6905b0d3f44752>@@@Z@4HA 0000000180034ab8     libucrt:fflush.obj
 0004:00001ac4       $pdata$__pctype_func       0000000180034ac4     libucrt:ctype.obj
 0004:00001ad0       $pdata$iswctype            0000000180034ad0     libucrt:iswctype.obj
 0004:00001adc       $pdata$__acrt_release_locale_ref 0000000180034adc     libucrt:locale_refcounting.obj
 0004:00001ae8       $pdata$__acrt_free_locale  0000000180034ae8     libucrt:locale_refcounting.obj
 0004:00001af4       $pdata$__acrt_locale_free_lc_time_if_unreferenced 0000000180034af4     libucrt:locale_refcounting.obj
 0004:00001b00       $pdata$__acrt_update_thread_locale_data 0000000180034b00     libucrt:locale_refcounting.obj
 0004:00001b0c       $pdata$__acrt_update_thread_locale_data$fin$0 0000000180034b0c     libucrt:locale_refcounting.obj
 0004:00001b18       $pdata$_updatetlocinfoEx_nolock 0000000180034b18     libucrt:locale_refcounting.obj
 0004:00001b24       $pdata$__acrt_DownlevelLocaleNameToLCID 0000000180034b24     libucrt:lcidtoname_downlevel.obj
 0004:00001b30       $pdata$_isleadbyte_l       0000000180034b30     libucrt:_wctype.obj
 0004:00001b3c       $pdata$?__mbrtowc_utf8@__crt_mbstring@@YA_KPEA_WPEBD_KPEAU_Mbstatet@@@Z 0000000180034b3c     libucrt:mbrtowc.obj
 0004:00001b48       $pdata$?__mbsrtowcs_utf8@__crt_mbstring@@YA_KPEA_WPEAPEBD_KPEAU_Mbstatet@@@Z 0000000180034b48     libucrt:mbrtowc.obj
 0004:00001b54       $pdata$__acrt_fp_strflt_to_string 0000000180034b54     libucrt:_fptostr.obj
 0004:00001b60       $pdata$__acrt_fltout       0000000180034b60     libucrt:cfout.obj
 0004:00001b6c       $pdata$?divide@__crt_strtox@@YA_KAEAUbig_integer@1@AEBU21@@Z 0000000180034b6c     libucrt:cfout.obj
 0004:00001b78       $pdata$0$?divide@__crt_strtox@@YA_KAEAUbig_integer@1@AEBU21@@Z 0000000180034b78     libucrt:cfout.obj
 0004:00001b84       $pdata$1$?divide@__crt_strtox@@YA_KAEAUbig_integer@1@AEBU21@@Z 0000000180034b84     libucrt:cfout.obj
 0004:00001b90       $pdata$_fcloseall          0000000180034b90     libucrt:closeall.obj
 0004:00001b9c       $pdata$_fcloseall$fin$0    0000000180034b9c     libucrt:closeall.obj
 0004:00001ba8       $pdata$__acrt_stdio_free_buffer_nolock 0000000180034ba8     libucrt:_freebuf.obj
 0004:00001bb4       $pdata$_isatty             0000000180034bb4     libucrt:isatty.obj
 0004:00001bc0       $pdata$__acrt_locale_free_monetary 0000000180034bc0     libucrt:initmon.obj
 0004:00001bcc       $pdata$__acrt_locale_free_numeric 0000000180034bcc     libucrt:initnum.obj
 0004:00001bd8       $pdata$__acrt_locale_free_time 0000000180034bd8     libucrt:inittime.obj
 0004:00001be4       $pdata$?free_crt_array_internal@@YAXQEAPEBX_K@Z 0000000180034be4     libucrt:inittime.obj
 0004:00001bf0       $pdata$__acrt_GetStringTypeA 0000000180034bf0     libucrt:getstringtypea.obj
 0004:00001bfc       $pdata$_get_osfhandle      0000000180034bfc     libucrt:osfinfo.obj
 0004:00001c08       $pdata$_free_osfhnd        0000000180034c08     libucrt:osfinfo.obj
 0004:00001c14       $pdata$__acrt_lowio_create_handle_array 0000000180034c14     libucrt:osfinfo.obj
 0004:00001c20       $pdata$__acrt_lowio_destroy_handle_array 0000000180034c20     libucrt:osfinfo.obj
 0004:00001c2c       $pdata$__acrt_lowio_ensure_fh_exists 0000000180034c2c     libucrt:osfinfo.obj
 0004:00001c38       $pdata$qsort               0000000180034c38     libucrt:qsort.obj
 0004:00001c44       $pdata$4$qsort             0000000180034c44     libucrt:qsort.obj
 0004:00001c50       $pdata$5$qsort             0000000180034c50     libucrt:qsort.obj
 0004:00001c5c       $pdata$strncpy_s           0000000180034c5c     libucrt:strncpy_s.obj
 0004:00001c68       $pdata$strpbrk             0000000180034c68     libucrt:strpbrk.obj
 0004:00001c74       $pdata$fallbackMethod      0000000180034c74     libucrt:strpbrk.obj
 0004:00001c80       $pdata$_mbsdec_l           0000000180034c80     libucrt:mbsdec.obj
 0004:00001c8c       $pdata$__acrt_LCMapStringA 0000000180034c8c     libucrt:lcmapstringa.obj
 0004:00001c98       $pdata$?__acrt_LCMapStringA_stat@@YAHPEAU__crt_locale_pointers@@PEB_WKPEBDHPEADHHH@Z 0000000180034c98     libucrt:lcmapstringa.obj
 0004:00001ca4       $pdata$?initialize_multibyte@@YAHXZ 0000000180034ca4     libucrt:multibyte_initializer.obj
 0004:00001cb0       $pdata$_commit             0000000180034cb0     libucrt:commit.obj
 0004:00001cbc       $pdata$??$?RV<lambda_a37b2b86f63e897a80ea819b0eb08c01>@@AEAV<lambda_38ce7e780aa69e748d6df282ebc68efe>@@V<lambda_99fb1378e971ab6e7edea83e3a7a83a2>@@@?$__crt_seh_guarded_call@H@@QEAAH$$QEAV<lambda_a37b2b86f63e897a80ea819b0eb08c01>@@AEAV<lambda_38ce7e780aa69e748d6df282ebc68efe>@@$$QEAV<lambda_99fb1378e971ab6e7edea83e3a7a83a2>@@@Z 0000000180034cbc     libucrt:commit.obj
 0004:00001cc8       $pdata$?fin$0@?0???$?RV<lambda_751a882b2c74d4b022dec766aa51a29a>@@AEAV<lambda_628dfdc04ba53c8bfc02c9951375f3f5>@@V<lambda_f6c7be5f7998530c34de24c7437d6b54>@@@?$__crt_seh_guarded_call@H@@QEAAH$$QEAV<lambda_751a882b2c74d4b022dec766aa51a29a>@@AEAV<lambda_628dfdc04ba53c8bfc02c9951375f3f5>@@$$QEAV<lambda_f6c7be5f7998530c34de24c7437d6b54>@@@Z@4HA 0000000180034cc8     libucrt:close.obj
 0004:00001cc8       $pdata$?fin$0@?0???$?RV<lambda_a37b2b86f63e897a80ea819b0eb08c01>@@AEAV<lambda_38ce7e780aa69e748d6df282ebc68efe>@@V<lambda_99fb1378e971ab6e7edea83e3a7a83a2>@@@?$__crt_seh_guarded_call@H@@QEAAH$$QEAV<lambda_a37b2b86f63e897a80ea819b0eb08c01>@@AEAV<lambda_38ce7e780aa69e748d6df282ebc68efe>@@$$QEAV<lambda_99fb1378e971ab6e7edea83e3a7a83a2>@@@Z@4HA 0000000180034cc8     libucrt:commit.obj
 0004:00001cd4       $pdata$_write              0000000180034cd4     libucrt:write.obj
 0004:00001ce0       $pdata$_write$fin$0        0000000180034ce0     libucrt:write.obj
 0004:00001cec       $pdata$_write_nolock       0000000180034cec     libucrt:write.obj
 0004:00001cf8       $pdata$?write_double_translated_ansi_nolock@@YA?AUwrite_result@?A0x17268360@@HQEBDI@Z 0000000180034cf8     libucrt:write.obj
 0004:00001d04       $pdata$?write_text_ansi_nolock@@YA?AUwrite_result@?A0x17268360@@HQEBDI@Z 0000000180034d04     libucrt:write.obj
 0004:00001d10       $pdata$?write_text_utf16le_nolock@@YA?AUwrite_result@?A0x17268360@@HQEBDI@Z 0000000180034d10     libucrt:write.obj
 0004:00001d1c       $pdata$?write_text_utf8_nolock@@YA?AUwrite_result@?A0x17268360@@HQEBDI@Z 0000000180034d1c     libucrt:write.obj
 0004:00001d28       $pdata$?__mbrtoc32_utf8@__crt_mbstring@@YA_KPEA_UPEBD_KPEAU_Mbstatet@@@Z 0000000180034d28     libucrt:mbrtoc32.obj
 0004:00001d34       $pdata$fegetenv            0000000180034d34     libucrt:fegetenv.obj
 0004:00001d40       $pdata$fesetenv            0000000180034d40     libucrt:fesetenv.obj
 0004:00001d4c       $pdata$feholdexcept        0000000180034d4c     libucrt:feholdexcept.obj
 0004:00001d64       $pdata$??$common_lseek_nolock@_J@@YA_JH_JH@Z 0000000180034d64     libucrt:lseek.obj
 0004:00001d70       $pdata$fclose              0000000180034d70     libucrt:fclose.obj
 0004:00001d7c       $pdata$fclose$fin$0        0000000180034d7c     libucrt:fclose.obj
 0004:00001d88       $pdata$_fclose_nolock      0000000180034d88     libucrt:fclose.obj
 0004:00001d94       $pdata$_putwch_nolock      0000000180034d94     libucrt:putwch.obj
 0004:00001da0       $pdata$__acrt_fenv_set_control 0000000180034da0     libucrt:_fenvutils.obj
 0004:00001dac       $pdata$_clearfp            0000000180034dac     libucrt:ieee.obj
 0004:00001db8       $pdata$_call_matherr       0000000180034db8     libucrt:libm_error.obj
 0004:00001dc4       $pdata$_exception_enabled  0000000180034dc4     libucrt:libm_error.obj
 0004:00001dd0       $pdata$_handle_error       0000000180034dd0     libucrt:libm_error.obj
 0004:00001ddc       $pdata$__acrt_initialize_fma3 0000000180034ddc     libucrt:fma3_available.obj
 0004:00001de8       $pdata$_log_special_common 0000000180034de8     libucrt:log_special.obj
 0004:00001df4       $pdata$_log10_special      0000000180034df4     libucrt:log_special.obj
 0004:00001e00       $pdata$_close              0000000180034e00     libucrt:close.obj
 0004:00001e0c       $pdata$_close_nolock       0000000180034e0c     libucrt:close.obj
 0004:00001e18       $pdata$??$?RV<lambda_751a882b2c74d4b022dec766aa51a29a>@@AEAV<lambda_628dfdc04ba53c8bfc02c9951375f3f5>@@V<lambda_f6c7be5f7998530c34de24c7437d6b54>@@@?$__crt_seh_guarded_call@H@@QEAAH$$QEAV<lambda_751a882b2c74d4b022dec766aa51a29a>@@AEAV<lambda_628dfdc04ba53c8bfc02c9951375f3f5>@@$$QEAV<lambda_f6c7be5f7998530c34de24c7437d6b54>@@@Z 0000000180034e18     libucrt:close.obj
 0004:00001e24       $pdata$__dcrt_lowio_ensure_console_output_initialized 0000000180034e24     libucrt:initcon.obj
 0004:00001e30       $pdata$__dcrt_write_console 0000000180034e30     libucrt:initcon.obj
 0004:00001e3c       $pdata$__dcrt_terminate_console_output 0000000180034e3c     libucrt:initcon.obj
 0004:00001e54       $pdata$_set_errno_from_matherr 0000000180034e54     libucrt:fpexcept.obj
 0004:00001e60       $pdata$_raise_exc          0000000180034e60     libucrt:fpexcept.obj
 0004:00001e6c       $pdata$_raise_exc_ex       0000000180034e6c     libucrt:fpexcept.obj
 0004:00001e78       $pdata$_clrfp              0000000180034e78     libucrt:fpctrl.obj
 0004:00001e84       $pdata$_ctrlfp             0000000180034e84     libucrt:fpctrl.obj
 0004:00001e90       $pdata$_ctrlfp$filt$0      0000000180034e90     libucrt:fpctrl.obj
 0004:00001e9c       $pdata$_statfp             0000000180034e9c     libucrt:fpctrl.obj
 0004:00001ea8       $pdata$_set_statfp         0000000180034ea8     libucrt:fpctrl.obj
 0004:00001eb4       $pdata$_IsNonwritableInCurrentImage 0000000180034eb4     LIBCMT:pesect.obj
 0004:00001ec0       $pdata$_IsNonwritableInCurrentImage$filt$0 0000000180034ec0     LIBCMT:pesect.obj
 0005:00000000       MoveSmall                  0000000180035000     libvcruntime:memcpy.obj
 0005:00000050       MsetTab                    0000000180035050     libvcruntime:memset.obj
 0006:00000220       $R000000                   0000000180036220     ImageScanner.res
 0006:00000ba0       $R000980                   0000000180036ba0     ImageScanner.res
 0006:00000c88       $R000A68                   0000000180036c88     ImageScanner.res
 0006:00000ef0       $R000CD0                   0000000180036ef0     ImageScanner.res
 0006:000013d0       $R0011B0                   00000001800373d0     ImageScanner.res
 0006:000043b8       $R004198                   000000018003a3b8     ImageScanner.res
 0006:000043f0       $R0041D0                   000000018003a3f0     ImageScanner.res
