 OPOSSmartCardRW

 Timestamp is 5d429ffb (Thu Aug  1 17:16:59 2019)

 Preferred load address is 0000000180000000

 Start         Length     Name                   Class
 0001:00000000 000000c0H .text$di                CODE
 0001:000000c0 00020350H .text$mn                CODE
 0001:00020410 00000020H .text$mn$00             CODE
 0001:00020430 00000400H .text$x                 CODE
 0001:00020830 000000c0H .text$yd                CODE
 0002:00000000 00000618H .idata$5                DATA
 0002:00000618 00000010H .00cfg                  DATA
 0002:00000628 00000008H .CRT$XCA                DATA
 0002:00000630 00000008H .CRT$XCL                DATA
 0002:00000638 00000020H .CRT$XCU                DATA
 0002:00000658 00000008H .CRT$XCZ                DATA
 0002:00000660 00000008H .CRT$XIA                DATA
 0002:00000668 00000020H .CRT$XIC                DATA
 0002:00000688 00000008H .CRT$XIZ                DATA
 0002:00000690 00000008H .CRT$XLA                DATA
 0002:00000698 00000008H .CRT$XLZ                DATA
 0002:000006a0 00000008H .CRT$XPA                DATA
 0002:000006a8 00000010H .CRT$XPX                DATA
 0002:000006b8 00000008H .CRT$XPXA               DATA
 0002:000006c0 00000008H .CRT$XPZ                DATA
 0002:000006c8 00000008H .CRT$XTA                DATA
 0002:000006d0 00000010H .CRT$XTZ                DATA
 0002:000006d8 00000000H .gfids$y                DATA
 0002:000006e0 0000a198H .rdata                  DATA
 0002:0000a878 00000028H .rdata$T                DATA
 0002:0000a8a0 00000274H .rdata$r                DATA
 0002:0000ab14 0000040cH .rdata$zzzdbg           DATA
 0002:0000af20 00000008H .rtc$IAA                DATA
 0002:0000af28 00000008H .rtc$IZZ                DATA
 0002:0000af30 00000008H .rtc$TAA                DATA
 0002:0000af38 00000008H .rtc$TZZ                DATA
 0002:0000af40 00000004H .tls                    DATA
 0002:0000af44 00000004H .tls$                   DATA
 0002:0000af48 00000008H .tls$ZZZ                DATA
 0002:0000af50 00001618H .xdata                  DATA
 0002:0000c568 00000150H .xdata$x                DATA
 0002:0000c6b8 00000008H ATL$__a                 DATA
 0002:0000c6c0 00000010H ATL$__z                 DATA
 0002:0000c6d0 000000acH .edata                  DATA
 0002:0000c77c 00000078H .idata$2                DATA
 0002:0000c7f4 00000014H .idata$3                DATA
 0002:0000c808 00000618H .idata$4                DATA
 0002:0000ce20 00000c24H .idata$6                DATA
 0003:00000000 00000d98H .data                   DATA
 0003:00000d98 000000c8H .data$r                 DATA
 0003:00000e60 0000140cH .bss                    DATA
 0004:00000000 00001ec0H .pdata                  DATA
 0005:00000000 00000094H _RDATA                  DATA
 0006:00000000 00000220H .rsrc$01                DATA
 0006:00000220 00004380H .rsrc$02                DATA

  Address         Publics by Value              Rva+Base               Lib:Object

 0000:00000000       __guard_fids_count         0000000000000000     <absolute>
 0000:00000000       __guard_longjmp_count      0000000000000000     <absolute>
 0000:00000000       __guard_longjmp_table      0000000000000000     <absolute>
 0000:00000000       __hybrid_code_map          0000000000000000     <absolute>
 0000:00000000       __guard_iat_count          0000000000000000     <absolute>
 0000:00000000       __guard_iat_table          0000000000000000     <absolute>
 0000:00000000       __volatile_metadata        0000000000000000     <absolute>
 0000:00000000       __hybrid_code_map_count    0000000000000000     <absolute>
 0000:00000000       __enclave_config           0000000000000000     <absolute>
 0000:00000000       ___safe_se_handler_count   0000000000000000     <absolute>
 0000:00000000       __AbsoluteZero             0000000000000000     <absolute>
 0000:00000000       ___safe_se_handler_table   0000000000000000     <absolute>
 0000:00000000       __guard_fids_table         0000000000000000     <absolute>
 0000:00000000       __hybrid_auxiliary_iat     0000000000000000     <absolute>
 0000:00000000       __dynamic_value_reloc_table 0000000000000000     <absolute>
 0000:00000100       __guard_flags              0000000000000100     <absolute>
 0000:00000000       __ImageBase                0000000180000000     <linker-defined>
 0001:000000c0       ?DupWide@_CW@@AEAAXXZ      00000001800010c0 f   CWString.obj
 0001:000000e8       ?cw_dup@@YAXPEBDAEAHAEAPEA_W1@Z 00000001800010e8 f   CWString.obj
 0001:00000194       ?cw_memcpy@@YAHPEA_WPEBDH@Z 0000000180001194 f   CWString.obj
 0001:000001e0       ?cw_strcpy@@YAHPEA_WPEBD@Z 00000001800011e0 f   CWString.obj
 0001:000001f4       ??0CAtlComModule@ATL@@QEAA@XZ 00000001800011f4 f i OposVariant.obj
 0001:00000274       ??0CAtlWinModule@ATL@@QEAA@XZ 0000000180001274 f i OposVariant.obj
 0001:000002e0       ??0OposDispParms@@QEAA@PEAVOposVariant@@H@Z 00000001800012e0 f   OposVariant.obj
 0001:00000388       ??1OposDispParms@@QEAA@XZ  0000000180001388 f   OposVariant.obj
 0001:000003a0       ??_Estringdispid@CComTypeInfoHolder@ATL@@QEAAPEAXI@Z 00000001800013a0 f i OposVariant.obj
 0001:00000444       ?AtlWinModuleTerm@ATL@@YAJPEAU_ATL_WIN_MODULE70@1@PEAUHINSTANCE__@@@Z 0000000180001444 f i OposVariant.obj
 0001:000004f4       ?ChangeBSTR@OposVariant@@QEAAXPEAPEA_WAEAJ@Z 00000001800014f4 f   OposVariant.obj
 0001:00000554       ?ChangeLONG@OposVariant@@QEAAXPEAJAEAJ@Z 0000000180001554 f   OposVariant.obj
 0001:000005b0       ?GetLONG@OposVariant@@QEAAJXZ 00000001800015b0 f   OposVariant.obj
 0001:000005d4       ?SetBSTR@OposVariant@@QEAAXPEA_WAEAJ@Z 00000001800015d4 f   OposVariant.obj
 0001:00000614       ?SetBSTR_Copy@OposVariant@@QEAAXPEA_WAEAJ@Z 0000000180001614 f   OposVariant.obj
 0001:00000684       ?SetBSTR_InOutPtr@OposVariant@@QEAA_NPEAPEA_WAEAJ@Z 0000000180001684 f   OposVariant.obj
 0001:000006d4       ?SetDispatch_Ptr@OposVariant@@QEAAXPEAUIDispatch@@AEAJ@Z 00000001800016d4 f   OposVariant.obj
 0001:0000072c       ?SetLONG@OposVariant@@QEAAXJ@Z 000000018000172c f   OposVariant.obj
 0001:0000075c       ?SetLONG_Ptr@OposVariant@@QEAAXPEAJAEAJ@Z 000000018000175c f   OposVariant.obj
 0001:000007a8       ?SetString@OposVariant@@QEAAXPEB_WAEAJ@Z 00000001800017a8 f   OposVariant.obj
 0001:0000080c       ?SetVARIANT_BOOL@OposVariant@@QEAAXF@Z 000000018000180c f   OposVariant.obj
 0001:00000844       ?Term@CAtlComModule@ATL@@QEAAXXZ 0000000180001844 f i OposVariant.obj
 0001:000008b4       ?_AtlInitializeCriticalSectionEx@ATL@@YAHPEAU_RTL_CRITICAL_SECTION@@KK@Z 00000001800018b4 f i OposVariant.obj
 0001:000008bc       ?_AtlRaiseException@ATL@@YAXKK@Z 00000001800018bc f i OposVariant.obj
 0001:000008cc       ?AddRef@?$CComObjectCached@VCComClassFactory@ATL@@@ATL@@UEAAKXZ 00000001800018cc f i SmartCardRW.obj
 0001:000008f8       ?Release@?$CComObjectCached@VCComClassFactory@ATL@@@ATL@@UEAAKXZ 00000001800018f8 f i SmartCardRW.obj
 0001:00000938       ?QueryInterface@?$CComObjectCached@VCComClassFactory@ATL@@@ATL@@UEAAJAEBU_GUID@@PEAPEAX@Z 0000000180001938 f i SmartCardRW.obj
 0001:0000094c       ??_E?$CComObjectCached@VCComClassFactory@ATL@@@ATL@@UEAAPEAXI@Z 000000018000194c f i SmartCardRW.obj
 0001:0000094c       ??_G?$CComObjectCached@VCComClassFactory@ATL@@@ATL@@UEAAPEAXI@Z 000000018000194c f i SmartCardRW.obj
 0001:000009a4       ?AddRef@?$CComAggObject@VCOPOSSmartCardRW@@@ATL@@UEAAKXZ 00000001800019a4 f i SmartCardRW.obj
 0001:000009b0       ?Release@?$CComAggObject@VCOPOSSmartCardRW@@@ATL@@UEAAKXZ 00000001800019b0 f i SmartCardRW.obj
 0001:00000a04       ?QueryInterface@?$CComAggObject@VCOPOSSmartCardRW@@@ATL@@UEAAJAEBU_GUID@@PEAPEAX@Z 0000000180001a04 f i SmartCardRW.obj
 0001:00000a64       ?AddRef@?$CComContainedObject@VCOPOSSmartCardRW@@@ATL@@UEAAKXZ 0000000180001a64 f i SmartCardRW.obj
 0001:00000a74       ?Release@?$CComContainedObject@VCOPOSSmartCardRW@@@ATL@@UEAAKXZ 0000000180001a74 f i SmartCardRW.obj
 0001:00000a84       ?QueryInterface@?$CComContainedObject@VCOPOSSmartCardRW@@@ATL@@UEAAJAEBU_GUID@@PEAPEAX@Z 0000000180001a84 f i SmartCardRW.obj
 0001:00000a94       ??_E?$CComAggObject@VCOPOSSmartCardRW@@@ATL@@UEAAPEAXI@Z 0000000180001a94 f i SmartCardRW.obj
 0001:00000a94       ??_G?$CComAggObject@VCOPOSSmartCardRW@@@ATL@@UEAAPEAXI@Z 0000000180001a94 f i SmartCardRW.obj
 0001:00000aec       ?AddRef@?$CComObject@VCOPOSSmartCardRW@@@ATL@@UEAAKXZ 0000000180001aec f i SmartCardRW.obj
 0001:00000afc       ?Release@?$CComObject@VCOPOSSmartCardRW@@@ATL@@UEAAKXZ 0000000180001afc f i SmartCardRW.obj
 0001:00000b54       ?QueryInterface@?$CComObject@VCOPOSSmartCardRW@@@ATL@@UEAAJAEBU_GUID@@PEAPEAX@Z 0000000180001b54 f i SmartCardRW.obj
 0001:00000b68       ?Lock@CAtlModule@ATL@@UEAAJXZ 0000000180001b68 f i SmartCardRW.obj
 0001:00000b78       ?Unlock@CAtlModule@ATL@@UEAAJXZ 0000000180001b78 f i SmartCardRW.obj
 0001:00000b84       ?GetLockCount@CAtlModule@ATL@@UEAAJXZ 0000000180001b84 f i SmartCardRW.obj
 0001:00000b88       ?GetGITPtr@CAtlModule@ATL@@UEAAJPEAPEAUIGlobalInterfaceTable@@@Z 0000000180001b88 f i SmartCardRW.obj
 0001:00000bf8       ?AddCommonRGSReplacements@?$CAtlModuleT@VCComModule@ATL@@@ATL@@UEAAJPEAUIRegistrarBase@@@Z 0000000180001bf8 f i SmartCardRW.obj
 0001:00000c10       ?UpdateRegistryFromResourceD@CComModule@ATL@@UEAAJPEB_WHPEAU_ATL_REGMAP_ENTRY@2@@Z 0000000180001c10 f i SmartCardRW.obj
 0001:00000c10       ?UpdateRegistryFromResourceD@CComModule@ATL@@UEAAJIHPEAU_ATL_REGMAP_ENTRY@2@@Z 0000000180001c10 f i SmartCardRW.obj
 0001:00000c18       ?UpdateRegistryFromResource@CComModule@ATL@@UEAAJPEB_WHPEAU_ATL_REGMAP_ENTRY@2@@Z 0000000180001c18 f i SmartCardRW.obj
 0001:00000c20       ?OnDrawAdvanced@CComControlBase@ATL@@UEAAJAEAUATL_DRAWINFO@@@Z 0000000180001c20 f i SmartCardRW.obj
 0001:00000d40       ?UpdateRegistryFromResource@CComModule@ATL@@UEAAJIHPEAU_ATL_REGMAP_ENTRY@2@@Z 0000000180001d40 f i SmartCardRW.obj
 0001:00000d48       ??_ECComModule@ATL@@UEAAPEAXI@Z 0000000180001d48 f i SmartCardRW.obj
 0001:00000d48       ??_GCComModule@ATL@@UEAAPEAXI@Z 0000000180001d48 f i SmartCardRW.obj
 0001:00000dc8       ?Next@?$CComEnumImpl@UIEnumConnections@@$1?_GUID_b196b287_bab4_101a_b69c_00aa00341d07@@3U__s_GUID@@BUtagCONNECTDATA@@V?$_Copy@UtagCONNECTDATA@@@ATL@@@ATL@@UEAAJKPEAUtagCONNECTDATA@@PEAK@Z 0000000180001dc8 f i SmartCardRW.obj
 0001:00000e9c       ?Skip@?$CComEnumImpl@UIEnumConnections@@$1?_GUID_b196b287_bab4_101a_b69c_00aa00341d07@@3U__s_GUID@@BUtagCONNECTDATA@@V?$_Copy@UtagCONNECTDATA@@@ATL@@@ATL@@UEAAJK@Z 0000000180001e9c f i SmartCardRW.obj
 0001:00000ec8       ?Reset@?$CComEnumImpl@UIEnumConnectionPoints@@$1?_GUID_b196b285_bab4_101a_b69c_00aa00341d07@@3U__s_GUID@@BPEAUIConnectionPoint@@V?$_CopyInterface@UIConnectionPoint@@@ATL@@@ATL@@UEAAJXZ 0000000180001ec8 f i SmartCardRW.obj
 0001:00000ec8       ?Reset@?$CComEnumImpl@UIEnumConnections@@$1?_GUID_b196b287_bab4_101a_b69c_00aa00341d07@@3U__s_GUID@@BUtagCONNECTDATA@@V?$_Copy@UtagCONNECTDATA@@@ATL@@@ATL@@UEAAJXZ 0000000180001ec8 f i SmartCardRW.obj
 0001:00000ed4       ?Clone@?$CComEnumImpl@UIEnumConnections@@$1?_GUID_b196b287_bab4_101a_b69c_00aa00341d07@@3U__s_GUID@@BUtagCONNECTDATA@@V?$_Copy@UtagCONNECTDATA@@@ATL@@@ATL@@UEAAJPEAPEAUIEnumConnections@@@Z 0000000180001ed4 f i SmartCardRW.obj
 0001:00001000       ?AddRef@?$CComObject@V?$CComEnum@UIEnumConnectionPoints@@$1?_GUID_b196b285_bab4_101a_b69c_00aa00341d07@@3U__s_GUID@@BPEAUIConnectionPoint@@V?$_CopyInterface@UIConnectionPoint@@@ATL@@VCComSingleThreadModel@6@@ATL@@@ATL@@UEAAKXZ 0000000180002000 f i SmartCardRW.obj
 0001:00001000       ?AddRef@?$CComObject@V?$CComEnum@UIEnumConnections@@$1?_GUID_b196b287_bab4_101a_b69c_00aa00341d07@@3U__s_GUID@@BUtagCONNECTDATA@@V?$_Copy@UtagCONNECTDATA@@@ATL@@VCComSingleThreadModel@6@@ATL@@@ATL@@UEAAKXZ 0000000180002000 f i SmartCardRW.obj
 0001:0000100c       ?Release@?$CComObject@V?$CComEnum@UIEnumConnectionPoints@@$1?_GUID_b196b285_bab4_101a_b69c_00aa00341d07@@3U__s_GUID@@BPEAUIConnectionPoint@@V?$_CopyInterface@UIConnectionPoint@@@ATL@@VCComSingleThreadModel@6@@ATL@@@ATL@@UEAAKXZ 000000018000200c f i SmartCardRW.obj
 0001:0000100c       ?Release@?$CComObject@V?$CComEnum@UIEnumConnections@@$1?_GUID_b196b287_bab4_101a_b69c_00aa00341d07@@3U__s_GUID@@BUtagCONNECTDATA@@V?$_Copy@UtagCONNECTDATA@@@ATL@@VCComSingleThreadModel@6@@ATL@@@ATL@@UEAAKXZ 000000018000200c f i SmartCardRW.obj
 0001:00001060       ?QueryInterface@?$CComObject@V?$CComEnum@UIEnumConnections@@$1?_GUID_b196b287_bab4_101a_b69c_00aa00341d07@@3U__s_GUID@@BUtagCONNECTDATA@@V?$_Copy@UtagCONNECTDATA@@@ATL@@VCComSingleThreadModel@6@@ATL@@@ATL@@UEAAJAEBU_GUID@@PEAPEAX@Z 0000000180002060 f i SmartCardRW.obj
 0001:00001074       ??_G?$CComObject@V?$CComEnum@UIEnumConnections@@$1?_GUID_b196b287_bab4_101a_b69c_00aa00341d07@@3U__s_GUID@@BUtagCONNECTDATA@@V?$_Copy@UtagCONNECTDATA@@@ATL@@VCComSingleThreadModel@6@@ATL@@@ATL@@UEAAPEAXI@Z 0000000180002074 f i SmartCardRW.obj
 0001:00001074       ??_E?$CComObject@V?$CComEnum@UIEnumConnections@@$1?_GUID_b196b287_bab4_101a_b69c_00aa00341d07@@3U__s_GUID@@BUtagCONNECTDATA@@V?$_Copy@UtagCONNECTDATA@@@ATL@@VCComSingleThreadModel@6@@ATL@@@ATL@@UEAAPEAXI@Z 0000000180002074 f i SmartCardRW.obj
 0001:000010cc       ?QueryGetData@?$IDataObjectImpl@VCOPOSSmartCardRW@@@ATL@@UEAAJPEAUtagFORMATETC@@@Z 00000001800020cc f i SmartCardRW.obj
 0001:000010cc       ?SetData@?$IDataObjectImpl@VCOPOSSmartCardRW@@@ATL@@UEAAJPEAUtagFORMATETC@@PEAUtagSTGMEDIUM@@H@Z 00000001800020cc f i SmartCardRW.obj
 0001:000010cc       ?EnumFormatEtc@?$IDataObjectImpl@VCOPOSSmartCardRW@@@ATL@@UEAAJKPEAPEAUIEnumFORMATETC@@@Z 00000001800020cc f i SmartCardRW.obj
 0001:000010cc       ?SetColorScheme@?$IOleObjectImpl@VCOPOSSmartCardRW@@@ATL@@UEAAJPEAUtagLOGPALETTE@@@Z 00000001800020cc f i SmartCardRW.obj
 0001:000010cc       ?GetDataHere@?$IDataObjectImpl@VCOPOSSmartCardRW@@@ATL@@UEAAJPEAUtagFORMATETC@@PEAUtagSTGMEDIUM@@@Z 00000001800020cc f i SmartCardRW.obj
 0001:000010cc       ?GetClipboardData@?$IOleObjectImpl@VCOPOSSmartCardRW@@@ATL@@UEAAJKPEAPEAUIDataObject@@@Z 00000001800020cc f i SmartCardRW.obj
 0001:000010cc       ?SetMoniker@?$IOleObjectImpl@VCOPOSSmartCardRW@@@ATL@@UEAAJKPEAUIMoniker@@@Z 00000001800020cc f i SmartCardRW.obj
 0001:000010cc       ?GetCanonicalFormatEtc@?$IDataObjectImpl@VCOPOSSmartCardRW@@@ATL@@UEAAJPEAUtagFORMATETC@@0@Z 00000001800020cc f i SmartCardRW.obj
 0001:000010cc       ?ContextSensitiveHelp@?$IOleInPlaceObjectWindowlessImpl@VCOPOSSmartCardRW@@@ATL@@UEAAJH@Z 00000001800020cc f i SmartCardRW.obj
 0001:000010cc       ?ReactivateAndUndo@?$IOleInPlaceObjectWindowlessImpl@VCOPOSSmartCardRW@@@ATL@@UEAAJXZ 00000001800020cc f i SmartCardRW.obj
 0001:000010cc       ?GetControlInfo@?$IOleControlImpl@VCOPOSSmartCardRW@@@ATL@@UEAAJPEAUtagCONTROLINFO@@@Z 00000001800020cc f i SmartCardRW.obj
 0001:000010cc       ?GetDropTarget@?$IOleInPlaceObjectWindowlessImpl@VCOPOSSmartCardRW@@@ATL@@UEAAJPEAPEAUIDropTarget@@@Z 00000001800020cc f i SmartCardRW.obj
 0001:000010cc       ?Unfreeze@?$IViewObjectExImpl@VCOPOSSmartCardRW@@@ATL@@UEAAJK@Z 00000001800020cc f i SmartCardRW.obj
 0001:000010cc       ?QueryInterface@CRegObject@ATL@@UEAAJAEBU_GUID@@PEAPEAX@Z 00000001800020cc f i SmartCardRW.obj
 0001:000010cc       ?GetRect@?$IViewObjectExImpl@VCOPOSSmartCardRW@@@ATL@@UEAAJKPEAU_RECTL@@@Z 00000001800020cc f i SmartCardRW.obj
 0001:000010cc       ?InitFromData@?$IOleObjectImpl@VCOPOSSmartCardRW@@@ATL@@UEAAJPEAUIDataObject@@HK@Z 00000001800020cc f i SmartCardRW.obj
 0001:000010cc       ?Freeze@?$IViewObjectExImpl@VCOPOSSmartCardRW@@@ATL@@UEAAJKJPEAXPEAK@Z 00000001800020cc f i SmartCardRW.obj
 0001:000010cc       ?GetColorSet@?$IViewObjectExImpl@VCOPOSSmartCardRW@@@ATL@@UEAAJKJPEAXPEAUtagDVTARGETDEVICE@@PEAUHDC__@@PEAPEAUtagLOGPALETTE@@@Z 00000001800020cc f i SmartCardRW.obj
 0001:000010cc       ?OnMnemonic@?$IOleControlImpl@VCOPOSSmartCardRW@@@ATL@@UEAAJPEAUtagMSG@@@Z 00000001800020cc f i SmartCardRW.obj
 0001:000010cc       ?GetMoniker@?$IOleObjectImpl@VCOPOSSmartCardRW@@@ATL@@UEAAJKKPEAPEAUIMoniker@@@Z 00000001800020cc f i SmartCardRW.obj
 0001:000010cc       ?ContextSensitiveHelp@?$IOleInPlaceActiveObjectImpl@VCOPOSSmartCardRW@@@ATL@@UEAAJH@Z 00000001800020cc f i SmartCardRW.obj
 0001:000010d4       ?AddRef@CRegObject@ATL@@UEAAKXZ 00000001800020d4 f i SmartCardRW.obj
 0001:000010d4       _get_startup_argv_mode     00000001800020d4 f i LIBCMT:argv_mode.obj
 0001:000010d4       ?FAccessAllowed@?$IObjectSafetyImpl@VCOPOSSmartCardRW@@$02@ATL@@MEAAHXZ 00000001800020d4 f i SmartCardRW.obj
 0001:000010dc       ?GetCategoryMap@CComObjectRootBase@ATL@@SAPEBU_ATL_CATMAP_ENTRY@2@XZ 00000001800020dc f i SmartCardRW.obj
 0001:000010dc       ?OnFrameWindowActivate@?$IOleInPlaceActiveObjectImpl@VCOPOSSmartCardRW@@@ATL@@UEAAJH@Z 00000001800020dc f i SmartCardRW.obj
 0001:000010dc       ?IsUpToDate@?$IOleObjectImpl@VCOPOSSmartCardRW@@@ATL@@UEAAJXZ 00000001800020dc f i SmartCardRW.obj
 0001:000010dc       ?Release@CRegObject@ATL@@UEAAKXZ 00000001800020dc f i SmartCardRW.obj
 0001:000010dc       ?SaveCompleted@?$IPersistStorageImpl@VCOPOSSmartCardRW@@@ATL@@UEAAJPEAUIStorage@@@Z 00000001800020dc f i SmartCardRW.obj
 0001:000010dc       ?Update@?$IOleObjectImpl@VCOPOSSmartCardRW@@@ATL@@UEAAJXZ 00000001800020dc f i SmartCardRW.obj
 0001:000010dc       ?OnAmbientPropertyChange@?$IOleControlImpl@VCOPOSSmartCardRW@@@ATL@@UEAAJJ@Z 00000001800020dc f i SmartCardRW.obj
 0001:000010dc       ?SetHostNames@?$IOleObjectImpl@VCOPOSSmartCardRW@@@ATL@@UEAAJPEB_W0@Z 00000001800020dc f i SmartCardRW.obj
 0001:000010dc       ?GetObjectDescription@?$CComCoClass@VCOPOSSmartCardRW@@$1?CLSID_OPOSSmartCardRW@@3U_GUID@@B@ATL@@SAPEB_WXZ 00000001800020dc f i SmartCardRW.obj
 0001:000010dc       ?HandsOffStorage@?$IPersistStorageImpl@VCOPOSSmartCardRW@@@ATL@@UEAAJXZ 00000001800020dc f i SmartCardRW.obj
 0001:000010dc       ?ResizeBorder@?$IOleInPlaceActiveObjectImpl@VCOPOSSmartCardRW@@@ATL@@UEAAJPEBUtagRECT@@PEAUIOleInPlaceUIWindow@@H@Z 00000001800020dc f i SmartCardRW.obj
 0001:000010dc       ?EnableModeless@?$IOleInPlaceActiveObjectImpl@VCOPOSSmartCardRW@@@ATL@@UEAAJH@Z 00000001800020dc f i SmartCardRW.obj
 0001:000010e0       ?AddReplacement@CRegObject@ATL@@UEAAJPEB_W0@Z 00000001800020e0 f i SmartCardRW.obj
 0001:00001110       ?ClearReplacements@CRegObject@ATL@@UEAAJXZ 0000000180002110 f i SmartCardRW.obj
 0001:0000111c       ??_GCRegObject@ATL@@UEAAPEAXI@Z 000000018000211c f i SmartCardRW.obj
 0001:0000111c       ??_ECRegObject@ATL@@UEAAPEAXI@Z 000000018000211c f i SmartCardRW.obj
 0001:0000119c       ??_E?$CComObject@VCOPOSSmartCardRW@@@ATL@@W7EAAPEAXI@Z 000000018000219c f i SmartCardRW.obj
 0001:000011a8       ??_E?$CComObject@VCOPOSSmartCardRW@@@ATL@@WHA@EAAPEAXI@Z 00000001800021a8 f i SmartCardRW.obj
 0001:000011b4       ?QueryInterface@?$CComObject@VCOPOSSmartCardRW@@@ATL@@WLI@EAAJAEBU_GUID@@PEAPEAX@Z 00000001800021b4 f i SmartCardRW.obj
 0001:000011c0       ?AddRef@?$CComObject@VCOPOSSmartCardRW@@@ATL@@WLI@EAAKXZ 00000001800021c0 f i SmartCardRW.obj
 0001:000011cc       ?Release@?$CComObject@VCOPOSSmartCardRW@@@ATL@@WLI@EAAKXZ 00000001800021cc f i SmartCardRW.obj
 0001:000011d8       ?QueryInterface@?$CComObject@VCOPOSSmartCardRW@@@ATL@@WMA@EAAJAEBU_GUID@@PEAPEAX@Z 00000001800021d8 f i SmartCardRW.obj
 0001:000011e4       ?AddRef@?$CComObject@VCOPOSSmartCardRW@@@ATL@@WMA@EAAKXZ 00000001800021e4 f i SmartCardRW.obj
 0001:000011f0       ?Release@?$CComObject@VCOPOSSmartCardRW@@@ATL@@WMA@EAAKXZ 00000001800021f0 f i SmartCardRW.obj
 0001:000011fc       ?QueryInterface@?$CComObject@VCOPOSSmartCardRW@@@ATL@@WMI@EAAJAEBU_GUID@@PEAPEAX@Z 00000001800021fc f i SmartCardRW.obj
 0001:00001208       ?AddRef@?$CComObject@VCOPOSSmartCardRW@@@ATL@@WMI@EAAKXZ 0000000180002208 f i SmartCardRW.obj
 0001:00001214       ?Release@?$CComObject@VCOPOSSmartCardRW@@@ATL@@WMI@EAAKXZ 0000000180002214 f i SmartCardRW.obj
 0001:00001220       ?QueryInterface@?$CComObject@VCOPOSSmartCardRW@@@ATL@@WNA@EAAJAEBU_GUID@@PEAPEAX@Z 0000000180002220 f i SmartCardRW.obj
 0001:0000122c       ?AddRef@?$CComObject@VCOPOSSmartCardRW@@@ATL@@WNA@EAAKXZ 000000018000222c f i SmartCardRW.obj
 0001:00001238       ?Release@?$CComObject@VCOPOSSmartCardRW@@@ATL@@WNA@EAAKXZ 0000000180002238 f i SmartCardRW.obj
 0001:00001244       ?QueryInterface@?$CComObject@VCOPOSSmartCardRW@@@ATL@@WNI@EAAJAEBU_GUID@@PEAPEAX@Z 0000000180002244 f i SmartCardRW.obj
 0001:00001250       ?AddRef@?$CComObject@VCOPOSSmartCardRW@@@ATL@@WNI@EAAKXZ 0000000180002250 f i SmartCardRW.obj
 0001:0000125c       ?Release@?$CComObject@VCOPOSSmartCardRW@@@ATL@@WNI@EAAKXZ 000000018000225c f i SmartCardRW.obj
 0001:00001268       ?QueryInterface@?$CComObject@VCOPOSSmartCardRW@@@ATL@@WOA@EAAJAEBU_GUID@@PEAPEAX@Z 0000000180002268 f i SmartCardRW.obj
 0001:00001274       ?AddRef@?$CComObject@VCOPOSSmartCardRW@@@ATL@@WOA@EAAKXZ 0000000180002274 f i SmartCardRW.obj
 0001:00001280       ?Release@?$CComObject@VCOPOSSmartCardRW@@@ATL@@WOA@EAAKXZ 0000000180002280 f i SmartCardRW.obj
 0001:0000128c       ?QueryInterface@?$CComObject@VCOPOSSmartCardRW@@@ATL@@WOI@EAAJAEBU_GUID@@PEAPEAX@Z 000000018000228c f i SmartCardRW.obj
 0001:00001298       ?AddRef@?$CComObject@VCOPOSSmartCardRW@@@ATL@@WOI@EAAKXZ 0000000180002298 f i SmartCardRW.obj
 0001:000012a4       ?Release@?$CComObject@VCOPOSSmartCardRW@@@ATL@@WOI@EAAKXZ 00000001800022a4 f i SmartCardRW.obj
 0001:000012b0       ?QueryInterface@?$CComObject@VCOPOSSmartCardRW@@@ATL@@WPA@EAAJAEBU_GUID@@PEAPEAX@Z 00000001800022b0 f i SmartCardRW.obj
 0001:000012bc       ?AddRef@?$CComObject@VCOPOSSmartCardRW@@@ATL@@WPA@EAAKXZ 00000001800022bc f i SmartCardRW.obj
 0001:000012c8       ?Release@?$CComObject@VCOPOSSmartCardRW@@@ATL@@WPA@EAAKXZ 00000001800022c8 f i SmartCardRW.obj
 0001:000012d4       ?QueryInterface@?$CComObject@VCOPOSSmartCardRW@@@ATL@@WPI@EAAJAEBU_GUID@@PEAPEAX@Z 00000001800022d4 f i SmartCardRW.obj
 0001:000012e0       ?AddRef@?$CComObject@VCOPOSSmartCardRW@@@ATL@@WPI@EAAKXZ 00000001800022e0 f i SmartCardRW.obj
 0001:000012ec       ?Release@?$CComObject@VCOPOSSmartCardRW@@@ATL@@WPI@EAAKXZ 00000001800022ec f i SmartCardRW.obj
 0001:000012f8       ?QueryInterface@?$CComObject@VCOPOSSmartCardRW@@@ATL@@WBAA@EAAJAEBU_GUID@@PEAPEAX@Z 00000001800022f8 f i SmartCardRW.obj
 0001:00001304       ?AddRef@?$CComObject@VCOPOSSmartCardRW@@@ATL@@WBAA@EAAKXZ 0000000180002304 f i SmartCardRW.obj
 0001:00001310       ?Release@?$CComObject@VCOPOSSmartCardRW@@@ATL@@WBAA@EAAKXZ 0000000180002310 f i SmartCardRW.obj
 0001:0000131c       ?QueryInterface@?$CComObject@VCOPOSSmartCardRW@@@ATL@@WBAI@EAAJAEBU_GUID@@PEAPEAX@Z 000000018000231c f i SmartCardRW.obj
 0001:00001328       ?AddRef@?$CComObject@VCOPOSSmartCardRW@@@ATL@@WBAI@EAAKXZ 0000000180002328 f i SmartCardRW.obj
 0001:00001334       ?Release@?$CComObject@VCOPOSSmartCardRW@@@ATL@@WBAI@EAAKXZ 0000000180002334 f i SmartCardRW.obj
 0001:00001340       ?QueryInterface@?$CComObject@VCOPOSSmartCardRW@@@ATL@@WBBA@EAAJAEBU_GUID@@PEAPEAX@Z 0000000180002340 f i SmartCardRW.obj
 0001:0000134c       ?AddRef@?$CComObject@VCOPOSSmartCardRW@@@ATL@@WBBA@EAAKXZ 000000018000234c f i SmartCardRW.obj
 0001:00001358       ?Release@?$CComObject@VCOPOSSmartCardRW@@@ATL@@WBBA@EAAKXZ 0000000180002358 f i SmartCardRW.obj
 0001:00001364       ?QueryInterface@?$CComObject@VCOPOSSmartCardRW@@@ATL@@WBBI@EAAJAEBU_GUID@@PEAPEAX@Z 0000000180002364 f i SmartCardRW.obj
 0001:00001370       ?AddRef@?$CComObject@VCOPOSSmartCardRW@@@ATL@@WBBI@EAAKXZ 0000000180002370 f i SmartCardRW.obj
 0001:0000137c       ?Release@?$CComObject@VCOPOSSmartCardRW@@@ATL@@WBBI@EAAKXZ 000000018000237c f i SmartCardRW.obj
 0001:00001388       ?AddRef@?$CComObject@VCOPOSSmartCardRW@@@ATL@@WBCI@EAAKXZ 0000000180002388 f i SmartCardRW.obj
 0001:00001394       ?Release@?$CComObject@VCOPOSSmartCardRW@@@ATL@@WBCI@EAAKXZ 0000000180002394 f i SmartCardRW.obj
 0001:000013a0       ?AddRef@?$CComObject@VCOPOSSmartCardRW@@@ATL@@WBEA@EAAKXZ 00000001800023a0 f i SmartCardRW.obj
 0001:000013ac       ?Release@?$CComObject@VCOPOSSmartCardRW@@@ATL@@WBEA@EAAKXZ 00000001800023ac f i SmartCardRW.obj
 0001:000013b8       ??_E?$CComContainedObject@VCOPOSSmartCardRW@@@ATL@@W7EAAPEAXI@Z 00000001800023b8 f i SmartCardRW.obj
 0001:000013c4       ??_E?$CComContainedObject@VCOPOSSmartCardRW@@@ATL@@WHA@EAAPEAXI@Z 00000001800023c4 f i SmartCardRW.obj
 0001:000013d0       ?QueryInterface@?$CComContainedObject@VCOPOSSmartCardRW@@@ATL@@WLI@EAAJAEBU_GUID@@PEAPEAX@Z 00000001800023d0 f i SmartCardRW.obj
 0001:000013dc       ?AddRef@?$CComContainedObject@VCOPOSSmartCardRW@@@ATL@@WLI@EAAKXZ 00000001800023dc f i SmartCardRW.obj
 0001:000013e8       ?Release@?$CComContainedObject@VCOPOSSmartCardRW@@@ATL@@WLI@EAAKXZ 00000001800023e8 f i SmartCardRW.obj
 0001:000013f4       ?QueryInterface@?$CComContainedObject@VCOPOSSmartCardRW@@@ATL@@WMA@EAAJAEBU_GUID@@PEAPEAX@Z 00000001800023f4 f i SmartCardRW.obj
 0001:00001400       ?AddRef@?$CComContainedObject@VCOPOSSmartCardRW@@@ATL@@WMA@EAAKXZ 0000000180002400 f i SmartCardRW.obj
 0001:0000140c       ?Release@?$CComContainedObject@VCOPOSSmartCardRW@@@ATL@@WMA@EAAKXZ 000000018000240c f i SmartCardRW.obj
 0001:00001418       ?QueryInterface@?$CComContainedObject@VCOPOSSmartCardRW@@@ATL@@WMI@EAAJAEBU_GUID@@PEAPEAX@Z 0000000180002418 f i SmartCardRW.obj
 0001:00001424       ?AddRef@?$CComContainedObject@VCOPOSSmartCardRW@@@ATL@@WMI@EAAKXZ 0000000180002424 f i SmartCardRW.obj
 0001:00001430       ?Release@?$CComContainedObject@VCOPOSSmartCardRW@@@ATL@@WMI@EAAKXZ 0000000180002430 f i SmartCardRW.obj
 0001:0000143c       ?QueryInterface@?$CComContainedObject@VCOPOSSmartCardRW@@@ATL@@WNA@EAAJAEBU_GUID@@PEAPEAX@Z 000000018000243c f i SmartCardRW.obj
 0001:00001448       ?AddRef@?$CComContainedObject@VCOPOSSmartCardRW@@@ATL@@WNA@EAAKXZ 0000000180002448 f i SmartCardRW.obj
 0001:00001454       ?Release@?$CComContainedObject@VCOPOSSmartCardRW@@@ATL@@WNA@EAAKXZ 0000000180002454 f i SmartCardRW.obj
 0001:00001460       ?QueryInterface@?$CComContainedObject@VCOPOSSmartCardRW@@@ATL@@WNI@EAAJAEBU_GUID@@PEAPEAX@Z 0000000180002460 f i SmartCardRW.obj
 0001:0000146c       ?AddRef@?$CComContainedObject@VCOPOSSmartCardRW@@@ATL@@WNI@EAAKXZ 000000018000246c f i SmartCardRW.obj
 0001:00001478       ?Release@?$CComContainedObject@VCOPOSSmartCardRW@@@ATL@@WNI@EAAKXZ 0000000180002478 f i SmartCardRW.obj
 0001:00001484       ?QueryInterface@?$CComContainedObject@VCOPOSSmartCardRW@@@ATL@@WOA@EAAJAEBU_GUID@@PEAPEAX@Z 0000000180002484 f i SmartCardRW.obj
 0001:00001490       ?AddRef@?$CComContainedObject@VCOPOSSmartCardRW@@@ATL@@WOA@EAAKXZ 0000000180002490 f i SmartCardRW.obj
 0001:0000149c       ?Release@?$CComContainedObject@VCOPOSSmartCardRW@@@ATL@@WOA@EAAKXZ 000000018000249c f i SmartCardRW.obj
 0001:000014a8       ?QueryInterface@?$CComContainedObject@VCOPOSSmartCardRW@@@ATL@@WOI@EAAJAEBU_GUID@@PEAPEAX@Z 00000001800024a8 f i SmartCardRW.obj
 0001:000014b4       ?AddRef@?$CComContainedObject@VCOPOSSmartCardRW@@@ATL@@WOI@EAAKXZ 00000001800024b4 f i SmartCardRW.obj
 0001:000014c0       ?Release@?$CComContainedObject@VCOPOSSmartCardRW@@@ATL@@WOI@EAAKXZ 00000001800024c0 f i SmartCardRW.obj
 0001:000014cc       ?QueryInterface@?$CComContainedObject@VCOPOSSmartCardRW@@@ATL@@WPA@EAAJAEBU_GUID@@PEAPEAX@Z 00000001800024cc f i SmartCardRW.obj
 0001:000014d8       ?AddRef@?$CComContainedObject@VCOPOSSmartCardRW@@@ATL@@WPA@EAAKXZ 00000001800024d8 f i SmartCardRW.obj
 0001:000014e4       ?Release@?$CComContainedObject@VCOPOSSmartCardRW@@@ATL@@WPA@EAAKXZ 00000001800024e4 f i SmartCardRW.obj
 0001:000014f0       ?QueryInterface@?$CComContainedObject@VCOPOSSmartCardRW@@@ATL@@WPI@EAAJAEBU_GUID@@PEAPEAX@Z 00000001800024f0 f i SmartCardRW.obj
 0001:000014fc       ?AddRef@?$CComContainedObject@VCOPOSSmartCardRW@@@ATL@@WPI@EAAKXZ 00000001800024fc f i SmartCardRW.obj
 0001:00001508       ?Release@?$CComContainedObject@VCOPOSSmartCardRW@@@ATL@@WPI@EAAKXZ 0000000180002508 f i SmartCardRW.obj
 0001:00001514       ?QueryInterface@?$CComContainedObject@VCOPOSSmartCardRW@@@ATL@@WBAA@EAAJAEBU_GUID@@PEAPEAX@Z 0000000180002514 f i SmartCardRW.obj
 0001:00001520       ?AddRef@?$CComContainedObject@VCOPOSSmartCardRW@@@ATL@@WBAA@EAAKXZ 0000000180002520 f i SmartCardRW.obj
 0001:0000152c       ?Release@?$CComContainedObject@VCOPOSSmartCardRW@@@ATL@@WBAA@EAAKXZ 000000018000252c f i SmartCardRW.obj
 0001:00001538       ?QueryInterface@?$CComContainedObject@VCOPOSSmartCardRW@@@ATL@@WBAI@EAAJAEBU_GUID@@PEAPEAX@Z 0000000180002538 f i SmartCardRW.obj
 0001:00001544       ?AddRef@?$CComContainedObject@VCOPOSSmartCardRW@@@ATL@@WBAI@EAAKXZ 0000000180002544 f i SmartCardRW.obj
 0001:00001550       ?Release@?$CComContainedObject@VCOPOSSmartCardRW@@@ATL@@WBAI@EAAKXZ 0000000180002550 f i SmartCardRW.obj
 0001:0000155c       ?QueryInterface@?$CComContainedObject@VCOPOSSmartCardRW@@@ATL@@WBBA@EAAJAEBU_GUID@@PEAPEAX@Z 000000018000255c f i SmartCardRW.obj
 0001:00001568       ?AddRef@?$CComContainedObject@VCOPOSSmartCardRW@@@ATL@@WBBA@EAAKXZ 0000000180002568 f i SmartCardRW.obj
 0001:00001574       ?Release@?$CComContainedObject@VCOPOSSmartCardRW@@@ATL@@WBBA@EAAKXZ 0000000180002574 f i SmartCardRW.obj
 0001:00001580       ?QueryInterface@?$CComContainedObject@VCOPOSSmartCardRW@@@ATL@@WBBI@EAAJAEBU_GUID@@PEAPEAX@Z 0000000180002580 f i SmartCardRW.obj
 0001:0000158c       ?AddRef@?$CComContainedObject@VCOPOSSmartCardRW@@@ATL@@WBBI@EAAKXZ 000000018000258c f i SmartCardRW.obj
 0001:00001598       ?Release@?$CComContainedObject@VCOPOSSmartCardRW@@@ATL@@WBBI@EAAKXZ 0000000180002598 f i SmartCardRW.obj
 0001:000015a4       ?AddRef@?$CComContainedObject@VCOPOSSmartCardRW@@@ATL@@WBCI@EAAKXZ 00000001800025a4 f i SmartCardRW.obj
 0001:000015b0       ?Release@?$CComContainedObject@VCOPOSSmartCardRW@@@ATL@@WBCI@EAAKXZ 00000001800025b0 f i SmartCardRW.obj
 0001:000015bc       ?AddRef@?$CComContainedObject@VCOPOSSmartCardRW@@@ATL@@WBEA@EAAKXZ 00000001800025bc f i SmartCardRW.obj
 0001:000015c8       ?Release@?$CComContainedObject@VCOPOSSmartCardRW@@@ATL@@WBEA@EAAKXZ 00000001800025c8 f i SmartCardRW.obj
 0001:000015d4       ?GetWindowProc@?$CWindowImplBaseT@VCWindow@ATL@@V?$CWinTraits@$0FGAAAAAA@$0A@@2@@ATL@@UEAAP6A_JPEAUHWND__@@I_K_J@ZXZ 00000001800025d4 f i SmartCardRW.obj
 0001:000015dc       ?StartWindowProc@?$CWindowImplBaseT@VCWindow@ATL@@V?$CWinTraits@$0FGAAAAAA@$0A@@2@@ATL@@SA_JPEAUHWND__@@I_K_J@Z 00000001800025dc f i SmartCardRW.obj
 0001:000016a0       ?ObjectMain@CComObjectRootBase@ATL@@SAX_N@Z 00000001800026a0 f i SmartCardRW.obj
 0001:000016a0       _guard_check_icall_nop     00000001800026a0 f i LIBCMT:guard_support.obj
 0001:000016a0       ?OnFinalMessage@?$CWindowImplBaseT@VCWindow@ATL@@V?$CWinTraits@$0FGAAAAAA@$0A@@2@@ATL@@UEAAXPEAUHWND__@@@Z 00000001800026a0 f i SmartCardRW.obj
 0001:000016a4       ?GetTypeInfoCount@?$IDispatchImpl@UIOPOSSmartCardRW@@$1?IID_IOPOSSmartCardRW@@3U_GUID@@B$1?LIBID_OposSmartCardRW_CCO@@3U3@B$00$0A@VCComTypeInfoHolder@ATL@@@ATL@@UEAAJPEAI@Z 00000001800026a4 f i SmartCardRW.obj
 0001:000016b8       ?GetTypeInfo@?$IDispatchImpl@UIOPOSSmartCardRW@@$1?IID_IOPOSSmartCardRW@@3U_GUID@@B$1?LIBID_OposSmartCardRW_CCO@@3U3@B$00$0A@VCComTypeInfoHolder@ATL@@@ATL@@UEAAJIKPEAPEAUITypeInfo@@@Z 00000001800026b8 f i SmartCardRW.obj
 0001:0000171c       ?GetIDsOfNames@?$IDispatchImpl@UIOPOSSmartCardRW@@$1?IID_IOPOSSmartCardRW@@3U_GUID@@B$1?LIBID_OposSmartCardRW_CCO@@3U3@B$00$0A@VCComTypeInfoHolder@ATL@@@ATL@@UEAAJAEBU_GUID@@PEAPEA_WIKPEAJ@Z 000000018000271c f i SmartCardRW.obj
 0001:00001728       ?Invoke@?$IDispatchImpl@UIOPOSSmartCardRW@@$1?IID_IOPOSSmartCardRW@@3U_GUID@@B$1?LIBID_OposSmartCardRW_CCO@@3U3@B$00$0A@VCComTypeInfoHolder@ATL@@@ATL@@UEAAJJAEBU_GUID@@KGPEAUtagDISPPARAMS@@PEAUtagVARIANT@@PEAUtagEXCEPINFO@@PEAI@Z 0000000180002728 f i SmartCardRW.obj
 0001:000017b8       ?CreateControlWindow@?$CComControl@VCOPOSSmartCardRW@@V?$CWindowImpl@VCOPOSSmartCardRW@@VCWindow@ATL@@V?$CWinTraits@$0FGAAAAAA@$0A@@3@@ATL@@@ATL@@UEAAPEAUHWND__@@PEAU3@AEAUtagRECT@@@Z 00000001800027b8 f i SmartCardRW.obj
 0001:000017f0       ?ControlQueryInterface@?$CComControl@VCOPOSSmartCardRW@@V?$CWindowImpl@VCOPOSSmartCardRW@@VCWindow@ATL@@V?$CWinTraits@$0FGAAAAAA@$0A@@3@@ATL@@@ATL@@UEAAJAEBU_GUID@@PEAPEAX@Z 00000001800027f0 f i SmartCardRW.obj
 0001:00001804       ?GetClassID@?$IPersistStorageImpl@VCOPOSSmartCardRW@@@ATL@@UEAAJPEAU_GUID@@@Z 0000000180002804 f i SmartCardRW.obj
 0001:00001804       ?GetClassID@?$IPersistStreamInitImpl@VCOPOSSmartCardRW@@@ATL@@UEAAJPEAU_GUID@@@Z 0000000180002804 f i SmartCardRW.obj
 0001:00001804       ?GetUserClassID@?$IOleObjectImpl@VCOPOSSmartCardRW@@@ATL@@UEAAJPEAU_GUID@@@Z 0000000180002804 f i SmartCardRW.obj
 0001:00001820       ?IsDirty@?$IPersistStreamInitImpl@VCOPOSSmartCardRW@@@ATL@@UEAAJXZ 0000000180002820 f i SmartCardRW.obj
 0001:0000183c       ?Load@?$IPersistStreamInitImpl@VCOPOSSmartCardRW@@@ATL@@UEAAJPEAUIStream@@@Z 000000018000283c f i SmartCardRW.obj
 0001:0000188c       ?Save@?$IPersistStreamInitImpl@VCOPOSSmartCardRW@@@ATL@@UEAAJPEAUIStream@@H@Z 000000018000288c f i SmartCardRW.obj
 0001:000018f0       ?GetSizeMax@?$IPersistStreamInitImpl@VCOPOSSmartCardRW@@@ATL@@UEAAJPEAT_ULARGE_INTEGER@@@Z 00000001800028f0 f i SmartCardRW.obj
 0001:00001b1c       ?InitNew@?$IPersistStreamInitImpl@VCOPOSSmartCardRW@@@ATL@@UEAAJXZ 0000000180002b1c f i SmartCardRW.obj
 0001:00001b34       ?SetClientSite@?$IOleObjectImpl@VCOPOSSmartCardRW@@@ATL@@UEAAJPEAUIOleClientSite@@@Z 0000000180002b34 f i SmartCardRW.obj
 0001:00001b50       ?GetClientSite@?$IOleObjectImpl@VCOPOSSmartCardRW@@@ATL@@UEAAJPEAPEAUIOleClientSite@@@Z 0000000180002b50 f i SmartCardRW.obj
 0001:00001b98       ?Close@?$IOleObjectImpl@VCOPOSSmartCardRW@@@ATL@@UEAAJK@Z 0000000180002b98 f i SmartCardRW.obj
 0001:00001bb4       ?DoVerb@?$IOleObjectImpl@VCOPOSSmartCardRW@@@ATL@@UEAAJJPEAUtagMSG@@PEAUIOleClientSite@@JPEAUHWND__@@PEBUtagRECT@@@Z 0000000180002bb4 f i SmartCardRW.obj
 0001:00001d58       ?EnumVerbs@?$IOleObjectImpl@VCOPOSSmartCardRW@@@ATL@@UEAAJPEAPEAUIEnumOLEVERB@@@Z 0000000180002d58 f i SmartCardRW.obj
 0001:00001d74       ?GetUserType@?$IOleObjectImpl@VCOPOSSmartCardRW@@@ATL@@UEAAJKPEAPEA_W@Z 0000000180002d74 f i SmartCardRW.obj
 0001:00001d84       ?SetExtent@?$IOleObjectImpl@VCOPOSSmartCardRW@@@ATL@@UEAAJKPEAUtagSIZE@@@Z 0000000180002d84 f i SmartCardRW.obj
 0001:00001da0       ?GetExtent@?$IOleObjectImpl@VCOPOSSmartCardRW@@@ATL@@UEAAJKPEAUtagSIZE@@@Z 0000000180002da0 f i SmartCardRW.obj
 0001:00001dd0       ?Advise@?$IOleObjectImpl@VCOPOSSmartCardRW@@@ATL@@UEAAJPEAUIAdviseSink@@PEAK@Z 0000000180002dd0 f i SmartCardRW.obj
 0001:00001e2c       ?Unadvise@?$IOleObjectImpl@VCOPOSSmartCardRW@@@ATL@@UEAAJK@Z 0000000180002e2c f i SmartCardRW.obj
 0001:00001e64       ?EnumAdvise@?$IOleObjectImpl@VCOPOSSmartCardRW@@@ATL@@UEAAJPEAPEAUIEnumSTATDATA@@@Z 0000000180002e64 f i SmartCardRW.obj
 0001:00001eac       ?GetMiscStatus@?$IOleObjectImpl@VCOPOSSmartCardRW@@@ATL@@UEAAJKPEAK@Z 0000000180002eac f i SmartCardRW.obj
 0001:00001ebc       ?GetWindow@?$IOleInPlaceActiveObjectImpl@VCOPOSSmartCardRW@@@ATL@@UEAAJPEAPEAUHWND__@@@Z 0000000180002ebc f i SmartCardRW.obj
 0001:00001f10       ?TranslateAcceleratorW@?$IOleInPlaceActiveObjectImpl@VCOPOSSmartCardRW@@@ATL@@UEAAJPEAUtagMSG@@@Z 0000000180002f10 f i SmartCardRW.obj
 0001:00002004       ?OnDocWindowActivate@?$IOleInPlaceActiveObjectImpl@VCOPOSSmartCardRW@@@ATL@@UEAAJH@Z 0000000180003004 f i SmartCardRW.obj
 0001:00002030       ?Draw@?$IViewObjectExImpl@VCOPOSSmartCardRW@@@ATL@@UEAAJKJPEAXPEAUtagDVTARGETDEVICE@@PEAUHDC__@@2PEBU_RECTL@@3P6AH_K@Z4@Z 0000000180003030 f i SmartCardRW.obj
 0001:00002094       ?SetAdvise@?$IViewObjectExImpl@VCOPOSSmartCardRW@@@ATL@@UEAAJKKPEAUIAdviseSink@@@Z 0000000180003094 f i SmartCardRW.obj
 0001:000020e8       ?GetAdvise@?$IViewObjectExImpl@VCOPOSSmartCardRW@@@ATL@@UEAAJPEAK0PEAPEAUIAdviseSink@@@Z 00000001800030e8 f i SmartCardRW.obj
 0001:00002124       ?GetExtent@?$IViewObjectExImpl@VCOPOSSmartCardRW@@@ATL@@UEAAJKJPEAUtagDVTARGETDEVICE@@PEAUtagSIZE@@@Z 0000000180003124 f i SmartCardRW.obj
 0001:00002154       ?GetViewStatus@?$IViewObjectExImpl@VCOPOSSmartCardRW@@@ATL@@UEAAJPEAK@Z 0000000180003154 f i SmartCardRW.obj
 0001:00002168       ?QueryHitPoint@?$IViewObjectExImpl@VCOPOSSmartCardRW@@@ATL@@UEAAJKPEBUtagRECT@@UtagPOINT@@JPEAK@Z 0000000180003168 f i SmartCardRW.obj
 0001:000021ac       ?QueryHitRect@?$IViewObjectExImpl@VCOPOSSmartCardRW@@@ATL@@UEAAJKPEBUtagRECT@@0JPEAK@Z 00000001800031ac f i SmartCardRW.obj
 0001:00002214       ?GetNaturalExtent@?$IViewObjectExImpl@VCOPOSSmartCardRW@@@ATL@@UEAAJKJPEAUtagDVTARGETDEVICE@@PEAUHDC__@@PEAUtagExtentInfo@@PEAUtagSIZE@@@Z 0000000180003214 f i SmartCardRW.obj
 0001:0000225c       ?GetWindow@?$IOleInPlaceObjectWindowlessImpl@VCOPOSSmartCardRW@@@ATL@@UEAAJPEAPEAUHWND__@@@Z 000000018000325c f i SmartCardRW.obj
 0001:000022b0       ?InPlaceDeactivate@?$IOleInPlaceObjectWindowlessImpl@VCOPOSSmartCardRW@@@ATL@@UEAAJXZ 00000001800032b0 f i SmartCardRW.obj
 0001:000022cc       ?UIDeactivate@?$IOleInPlaceObjectWindowlessImpl@VCOPOSSmartCardRW@@@ATL@@UEAAJXZ 00000001800032cc f i SmartCardRW.obj
 0001:000022e8       ?SetObjectRects@?$IOleInPlaceObjectWindowlessImpl@VCOPOSSmartCardRW@@@ATL@@UEAAJPEBUtagRECT@@0@Z 00000001800032e8 f i SmartCardRW.obj
 0001:00002304       ?OnWindowMessage@?$IOleInPlaceObjectWindowlessImpl@VCOPOSSmartCardRW@@@ATL@@UEAAJI_K_JPEA_J@Z 0000000180003304 f i SmartCardRW.obj
 0001:000023cc       ?EnumConnectionPoints@?$IConnectionPointContainerImpl@VCOPOSSmartCardRW@@@ATL@@UEAAJPEAPEAUIEnumConnectionPoints@@@Z 00000001800033cc f i SmartCardRW.obj
 0001:000025ec       ?FindConnectionPoint@?$IConnectionPointContainerImpl@VCOPOSSmartCardRW@@@ATL@@UEAAJAEBU_GUID@@PEAPEAUIConnectionPoint@@@Z 00000001800035ec f i SmartCardRW.obj
 0001:000026bc       ?IsDirty@?$IPersistStorageImpl@VCOPOSSmartCardRW@@@ATL@@UEAAJXZ 00000001800036bc f i SmartCardRW.obj
 0001:00002700       ?InitNew@?$IPersistStorageImpl@VCOPOSSmartCardRW@@@ATL@@UEAAJPEAUIStorage@@@Z 0000000180003700 f i SmartCardRW.obj
 0001:00002744       ?Load@?$IPersistStorageImpl@VCOPOSSmartCardRW@@@ATL@@UEAAJPEAUIStorage@@@Z 0000000180003744 f i SmartCardRW.obj
 0001:000027e4       ?Save@?$IPersistStorageImpl@VCOPOSSmartCardRW@@@ATL@@UEAAJPEAUIStorage@@H@Z 00000001800037e4 f i SmartCardRW.obj
 0001:00002894       ?GetPages@?$ISpecifyPropertyPagesImpl@VCOPOSSmartCardRW@@@ATL@@UEAAJPEAUtagCAUUID@@@Z 0000000180003894 f i SmartCardRW.obj
 0001:000028a0       ?QuickActivate@?$IQuickActivateImpl@VCOPOSSmartCardRW@@@ATL@@UEAAJPEAUtagQACONTAINER@@PEAUtagQACONTROL@@@Z 00000001800038a0 f i SmartCardRW.obj
 0001:000028bc       ?SetContentExtent@?$IQuickActivateImpl@VCOPOSSmartCardRW@@@ATL@@UEAAJPEAUtagSIZE@@@Z 00000001800038bc f i SmartCardRW.obj
 0001:000028f0       ?GetContentExtent@?$IQuickActivateImpl@VCOPOSSmartCardRW@@@ATL@@UEAAJPEAUtagSIZE@@@Z 00000001800038f0 f i SmartCardRW.obj
 0001:00002928       ?GetData@?$IDataObjectImpl@VCOPOSSmartCardRW@@@ATL@@UEAAJPEAUtagFORMATETC@@PEAUtagSTGMEDIUM@@@Z 0000000180003928 f i SmartCardRW.obj
 0001:00002944       ?DAdvise@?$IDataObjectImpl@VCOPOSSmartCardRW@@@ATL@@UEAAJPEAUtagFORMATETC@@KPEAUIAdviseSink@@PEAK@Z 0000000180003944 f i SmartCardRW.obj
 0001:000029cc       ?DUnadvise@?$IDataObjectImpl@VCOPOSSmartCardRW@@@ATL@@UEAAJK@Z 00000001800039cc f i SmartCardRW.obj
 0001:000029f8       ?EnumDAdvise@?$IDataObjectImpl@VCOPOSSmartCardRW@@@ATL@@UEAAJPEAPEAUIEnumSTATDATA@@@Z 00000001800039f8 f i SmartCardRW.obj
 0001:00002a34       ?GetClassInfoW@?$IProvideClassInfo2Impl@$1?CLSID_OPOSSmartCardRW@@3U_GUID@@B$1?DIID__IOPOSSmartCardRWEvents@@3U2@B$1?LIBID_OposSmartCardRW_CCO@@3U2@B$00$0A@VCComTypeInfoHolder@ATL@@@ATL@@UEAAJPEAPEAUITypeInfo@@@Z 0000000180003a34 f i SmartCardRW.obj
 0001:00002a8c       ?GetGUID@?$IProvideClassInfo2Impl@$1?CLSID_OPOSSmartCardRW@@3U_GUID@@B$1?DIID__IOPOSSmartCardRWEvents@@3U2@B$1?LIBID_OposSmartCardRW_CCO@@3U2@B$00$0A@VCComTypeInfoHolder@ATL@@@ATL@@UEAAJKPEAU_GUID@@@Z 0000000180003a8c f i SmartCardRW.obj
 0001:00002ac0       ?GetInterfaceSafetyOptions@?$IObjectSafetyImpl@VCOPOSSmartCardRW@@$02@ATL@@UEAAJAEBU_GUID@@PEAK1@Z 0000000180003ac0 f i SmartCardRW.obj
 0001:00002b54       ?SetInterfaceSafetyOptions@?$IObjectSafetyImpl@VCOPOSSmartCardRW@@$02@ATL@@UEAAJAEBU_GUID@@KK@Z 0000000180003b54 f i SmartCardRW.obj
 0001:00002bf8       ?_LocCPQueryInterface@?$IConnectionPointImpl@VCOPOSSmartCardRW@@$1?IID_IPropertyNotifySink@@3U_GUID@@BVCComDynamicUnkArray@ATL@@@ATL@@UEAAJAEBU_GUID@@PEAPEAX@Z 0000000180003bf8 f i SmartCardRW.obj
 0001:00002bf8       ?_LocCPQueryInterface@?$IConnectionPointImpl@VCOPOSSmartCardRW@@$1?DIID__IOPOSSmartCardRWEvents@@3U_GUID@@BVCComDynamicUnkArray@ATL@@@ATL@@UEAAJAEBU_GUID@@PEAPEAX@Z 0000000180003bf8 f i SmartCardRW.obj
 0001:00002c6c       ?GetConnectionInterface@?$IConnectionPointImpl@VCOPOSSmartCardRW@@$1?IID_IPropertyNotifySink@@3U_GUID@@BVCComDynamicUnkArray@ATL@@@ATL@@UEAAJPEAU_GUID@@@Z 0000000180003c6c f i SmartCardRW.obj
 0001:00002c88       ?GetConnectionPointContainer@?$IConnectionPointImpl@VCOPOSSmartCardRW@@$1?IID_IPropertyNotifySink@@3U_GUID@@BVCComDynamicUnkArray@ATL@@@ATL@@UEAAJPEAPEAUIConnectionPointContainer@@@Z 0000000180003c88 f i SmartCardRW.obj
 0001:00002ca8       ?Advise@?$IConnectionPointImpl@VCOPOSSmartCardRW@@$1?IID_IPropertyNotifySink@@3U_GUID@@BVCComDynamicUnkArray@ATL@@@ATL@@UEAAJPEAUIUnknown@@PEAK@Z 0000000180003ca8 f i SmartCardRW.obj
 0001:00002ca8       ?Advise@?$IConnectionPointImpl@VCOPOSSmartCardRW@@$1?DIID__IOPOSSmartCardRWEvents@@3U_GUID@@BVCComDynamicUnkArray@ATL@@@ATL@@UEAAJPEAUIUnknown@@PEAK@Z 0000000180003ca8 f i SmartCardRW.obj
 0001:00002d68       ?Unadvise@?$IConnectionPointImpl@VCOPOSSmartCardRW@@$1?IID_IPropertyNotifySink@@3U_GUID@@BVCComDynamicUnkArray@ATL@@@ATL@@UEAAJK@Z 0000000180003d68 f i SmartCardRW.obj
 0001:00002d68       ?Unadvise@?$IConnectionPointImpl@VCOPOSSmartCardRW@@$1?DIID__IOPOSSmartCardRWEvents@@3U_GUID@@BVCComDynamicUnkArray@ATL@@@ATL@@UEAAJK@Z 0000000180003d68 f i SmartCardRW.obj
 0001:00002de4       ?EnumConnections@?$IConnectionPointImpl@VCOPOSSmartCardRW@@$1?DIID__IOPOSSmartCardRWEvents@@3U_GUID@@BVCComDynamicUnkArray@ATL@@@ATL@@UEAAJPEAPEAUIEnumConnections@@@Z 0000000180003de4 f i SmartCardRW.obj
 0001:00002de4       ?EnumConnections@?$IConnectionPointImpl@VCOPOSSmartCardRW@@$1?IID_IPropertyNotifySink@@3U_GUID@@BVCComDynamicUnkArray@ATL@@@ATL@@UEAAJPEAPEAUIEnumConnections@@@Z 0000000180003de4 f i SmartCardRW.obj
 0001:00002f8c       ?GetConnectionInterface@?$IConnectionPointImpl@VCOPOSSmartCardRW@@$1?DIID__IOPOSSmartCardRWEvents@@3U_GUID@@BVCComDynamicUnkArray@ATL@@@ATL@@UEAAJPEAU_GUID@@@Z 0000000180003f8c f i SmartCardRW.obj
 0001:00002fa8       ?GetConnectionPointContainer@?$IConnectionPointImpl@VCOPOSSmartCardRW@@$1?DIID__IOPOSSmartCardRWEvents@@3U_GUID@@BVCComDynamicUnkArray@ATL@@@ATL@@UEAAJPEAPEAUIConnectionPointContainer@@@Z 0000000180003fa8 f i SmartCardRW.obj
 0001:00002fc8       ?UpdateRegistry@COPOSSmartCardRW@@SAJH@Z 0000000180003fc8 f i SmartCardRW.obj
 0001:00002fe0       ?ProcessWindowMessage@COPOSSmartCardRW@@UEAAHPEAUHWND__@@I_K_JAEA_JK@Z 0000000180003fe0 f i SmartCardRW.obj
 0001:00003068       ?SOData@COPOSSmartCardRW@@MEAAJJ@Z 0000000180004068 f i SmartCardRW.obj
 0001:000030b8       ?SODirectIO@COPOSSmartCardRW@@MEAAJJPEAJPEAPEA_W@Z 00000001800040b8 f i SmartCardRW.obj
 0001:00003130       ?SOError@COPOSSmartCardRW@@MEAAJJJJPEAJ@Z 0000000180004130 f i SmartCardRW.obj
 0001:000031b8       ?SOOutputComplete@COPOSSmartCardRW@@MEAAJJ@Z 00000001800041b8 f i SmartCardRW.obj
 0001:00003208       ?SOStatusUpdate@COPOSSmartCardRW@@MEAAJJ@Z 0000000180004208 f i SmartCardRW.obj
 0001:00003258       ?CreateInstance@?$CComCreator@V?$CComObjectCached@VCComClassFactory@ATL@@@ATL@@@ATL@@SAJPEAXAEBU_GUID@@PEAPEAX@Z 0000000180004258 f i SmartCardRW.obj
 0001:00003360       ?CreateInstance@?$CComCreator2@V?$CComCreator@V?$CComObject@VCOPOSSmartCardRW@@@ATL@@@ATL@@V?$CComCreator@V?$CComAggObject@VCOPOSSmartCardRW@@@ATL@@@2@@ATL@@SAJPEAXAEBU_GUID@@PEAPEAX@Z 0000000180004360 f i SmartCardRW.obj
 0001:00003370       ?Next@?$CComEnumImpl@UIEnumConnectionPoints@@$1?_GUID_b196b285_bab4_101a_b69c_00aa00341d07@@3U__s_GUID@@BPEAUIConnectionPoint@@V?$_CopyInterface@UIConnectionPoint@@@ATL@@@ATL@@UEAAJKPEAPEAUIConnectionPoint@@PEAK@Z 0000000180004370 f i SmartCardRW.obj
 0001:0000343c       ?Skip@?$CComEnumImpl@UIEnumConnectionPoints@@$1?_GUID_b196b285_bab4_101a_b69c_00aa00341d07@@3U__s_GUID@@BPEAUIConnectionPoint@@V?$_CopyInterface@UIConnectionPoint@@@ATL@@@ATL@@UEAAJK@Z 000000018000443c f i SmartCardRW.obj
 0001:00003468       ?Clone@?$CComEnumImpl@UIEnumConnectionPoints@@$1?_GUID_b196b285_bab4_101a_b69c_00aa00341d07@@3U__s_GUID@@BPEAUIConnectionPoint@@V?$_CopyInterface@UIConnectionPoint@@@ATL@@@ATL@@UEAAJPEAPEAUIEnumConnectionPoints@@@Z 0000000180004468 f i SmartCardRW.obj
 0001:00003594       ?QueryInterface@?$CComObject@V?$CComEnum@UIEnumConnectionPoints@@$1?_GUID_b196b285_bab4_101a_b69c_00aa00341d07@@3U__s_GUID@@BPEAUIConnectionPoint@@V?$_CopyInterface@UIConnectionPoint@@@ATL@@VCComSingleThreadModel@6@@ATL@@@ATL@@UEAAJAEBU_GUID@@PEAPEAX@Z 0000000180004594 f i SmartCardRW.obj
 0001:000035a8       ??_E?$CComObject@V?$CComEnum@UIEnumConnectionPoints@@$1?_GUID_b196b285_bab4_101a_b69c_00aa00341d07@@3U__s_GUID@@BPEAUIConnectionPoint@@V?$_CopyInterface@UIConnectionPoint@@@ATL@@VCComSingleThreadModel@6@@ATL@@@ATL@@UEAAPEAXI@Z 00000001800045a8 f i SmartCardRW.obj
 0001:000035a8       ??_G?$CComObject@V?$CComEnum@UIEnumConnectionPoints@@$1?_GUID_b196b285_bab4_101a_b69c_00aa00341d07@@3U__s_GUID@@BPEAUIConnectionPoint@@V?$_CopyInterface@UIConnectionPoint@@@ATL@@VCComSingleThreadModel@6@@ATL@@@ATL@@UEAAPEAXI@Z 00000001800045a8 f i SmartCardRW.obj
 0001:00003600       ?CreateInstance@CComClassFactory@ATL@@UEAAJPEAUIUnknown@@AEBU_GUID@@PEAPEAX@Z 0000000180004600 f i SmartCardRW.obj
 0001:00003660       ?LockServer@CComClassFactory@ATL@@UEAAJH@Z 0000000180004660 f i SmartCardRW.obj
 0001:00003684       ??_ECComClassFactory@ATL@@UEAAPEAXI@Z 0000000180004684 f i SmartCardRW.obj
 0001:00003684       ??_GCComClassFactory@ATL@@UEAAPEAXI@Z 0000000180004684 f i SmartCardRW.obj
 0001:000036d4       ??$AtlModuleRegisterWndClassInfoT@VAtlModuleRegisterWndClassInfoParamW@ATL@@@ATL@@YAGPEAU_ATL_BASE_MODULE70@0@PEAU_ATL_WIN_MODULE70@0@PEAU_ATL_WNDCLASSINFOW@0@PEAP6A_JPEAUHWND__@@I_K_J@ZVAtlModuleRegisterWndClassInfoParamW@0@@Z 00000001800046d4 f i SmartCardRW.obj
 0001:000038d4       ??0?$CComContainedObject@VCOPOSSmartCardRW@@@ATL@@QEAA@PEAX@Z 00000001800048d4 f i SmartCardRW.obj
 0001:000039f0       ??0?$CComObject@VCOPOSSmartCardRW@@@ATL@@QEAA@PEAX@Z 00000001800049f0 f i SmartCardRW.obj
 0001:00003b08       ??0CAtlModule@ATL@@QEAA@XZ 0000000180004b08 f i SmartCardRW.obj
 0001:00003b7c       ??1?$CComEnumImpl@UIEnumConnectionPoints@@$1?_GUID_b196b285_bab4_101a_b69c_00aa00341d07@@3U__s_GUID@@BPEAUIConnectionPoint@@V?$_CopyInterface@UIConnectionPoint@@@ATL@@@ATL@@UEAA@XZ 0000000180004b7c f i SmartCardRW.obj
 0001:00003bd8       ??1?$CComEnumImpl@UIEnumConnections@@$1?_GUID_b196b287_bab4_101a_b69c_00aa00341d07@@3U__s_GUID@@BUtagCONNECTDATA@@V?$_Copy@UtagCONNECTDATA@@@ATL@@@ATL@@UEAA@XZ 0000000180004bd8 f i SmartCardRW.obj
 0001:00003c34       ??1?$CComObject@VCOPOSSmartCardRW@@@ATL@@UEAA@XZ 0000000180004c34 f i SmartCardRW.obj
 0001:00003d54       ??_G?$CComContainedObject@VCOPOSSmartCardRW@@@ATL@@UEAAPEAXI@Z 0000000180004d54 f i SmartCardRW.obj
 0001:00003d54       ??_E?$CComContainedObject@VCOPOSSmartCardRW@@@ATL@@UEAAPEAXI@Z 0000000180004d54 f i SmartCardRW.obj
 0001:00003d88       ??_G?$CComObject@VCOPOSSmartCardRW@@@ATL@@UEAAPEAXI@Z 0000000180004d88 f i SmartCardRW.obj
 0001:00003d88       ??_E?$CComObject@VCOPOSSmartCardRW@@@ATL@@UEAAPEAXI@Z 0000000180004d88 f i SmartCardRW.obj
 0001:00003dbc       ?Add@?$CSimpleArray@GV?$CSimpleArrayEqualHelper@G@ATL@@@ATL@@QEAAHAEBG@Z 0000000180004dbc f i SmartCardRW.obj
 0001:00003e70       ?Add@?$CSimpleMap@PEA_WPEA_WVCExpansionVectorEqualHelper@ATL@@@ATL@@QEAAHAEBQEA_W0@Z 0000000180004e70 f i SmartCardRW.obj
 0001:00003f10       ?Add@CComDynamicUnkArray@ATL@@QEAAKPEAUIUnknown@@@Z 0000000180004f10 f i SmartCardRW.obj
 0001:00003ff8       ?Add@CExpansionVector@ATL@@QEAAHPEB_W0@Z 0000000180004ff8 f i SmartCardRW.obj
 0001:00004188       ?AddValue@CRegParser@ATL@@IEAAJAEAVCRegKey@2@PEB_WPEA_W@Z 0000000180005188 f i SmartCardRW.obj
 0001:000045d0       ?AllocateHeap@?$CTempBuffer@E$0BAA@VCCRTAllocator@ATL@@@ATL@@AEAAX_K@Z 00000001800055d0 f i SmartCardRW.obj
 0001:000045d0       ?AllocateHeap@?$CTempBuffer@_W$0EAA@VCCRTAllocator@ATL@@@ATL@@AEAAX_K@Z 00000001800055d0 f i SmartCardRW.obj
 0001:000045d0       ?AllocateHeap@?$CTempBuffer@_W$0BAA@VCCRTAllocator@ATL@@@ATL@@AEAAX_K@Z 00000001800055d0 f i SmartCardRW.obj
 0001:000045fc       ?Append@CParseBuffer@CRegParser@ATL@@QEAAHPEB_WH@Z 00000001800055fc f i SmartCardRW.obj
 0001:00004714       ?AtlCallTermFunc@ATL@@YAXPEAU_ATL_MODULE70@1@@Z 0000000180005714 f i SmartCardRW.obj
 0001:00004778       ?AtlComModuleGetClassObject@ATL@@YAJPEAU_ATL_COM_MODULE70@1@AEBU_GUID@@1PEAPEAX@Z 0000000180005778 f i SmartCardRW.obj
 0001:000048b8       ?AtlComModuleRegisterServer@ATL@@YAJPEAU_ATL_COM_MODULE70@1@HPEBU_GUID@@@Z 00000001800058b8 f i SmartCardRW.obj
 0001:00004978       ?AtlComModuleUnregisterServer@ATL@@YAJPEAU_ATL_COM_MODULE70@1@HPEBU_GUID@@@Z 0000000180005978 f i SmartCardRW.obj
 0001:00004a34       ?AtlCreateTargetDC@ATL@@YAPEAUHDC__@@PEAU2@PEAUtagDVTARGETDEVICE@@@Z 0000000180005a34 f i SmartCardRW.obj
 0001:00004aa8       ?AtlHiMetricToPixel@ATL@@YAXPEBUtagSIZE@@PEAU2@@Z 0000000180005aa8 f i SmartCardRW.obj
 0001:00004b58       ?AtlHresultFromLastError@ATL@@YAJXZ 0000000180005b58 f i SmartCardRW.obj
 0001:00004b78       ?AtlHresultFromWin32@ATL@@YAJK@Z 0000000180005b78 f i SmartCardRW.obj
 0001:00004b88       ?AtlIPersistStreamInit_Load@ATL@@YAJPEAUIStream@@PEBUATL_PROPMAP_ENTRY@1@PEAXPEAUIUnknown@@@Z 0000000180005b88 f i SmartCardRW.obj
 0001:00004dc0       ?AtlIPersistStreamInit_Save@ATL@@YAJPEAUIStream@@HPEBUATL_PROPMAP_ENTRY@1@PEAXPEAUIUnknown@@@Z 0000000180005dc0 f i SmartCardRW.obj
 0001:00004ff8       ?AtlInternalOleLoadFromStream@ATL@@YAJPEAUIStream@@AEBU_GUID@@PEAPEAXTClassesAllowedInStream@1@K@Z 0000000180005ff8 f i SmartCardRW.obj
 0001:0000513c       ?AtlInternalQueryInterface@ATL@@YAJPEAXPEBU_ATL_INTMAP_ENTRY@1@AEBU_GUID@@PEAPEAX@Z 000000018000613c f i SmartCardRW.obj
 0001:00005244       ?AtlLoadTypeLib@ATL@@YAJPEAUHINSTANCE__@@PEB_WPEAPEA_WPEAPEAUITypeLib@@@Z 0000000180006244 f i SmartCardRW.obj
 0001:000054a0       ?AtlModuleAddTermFunc@ATL@@YAJPEAU_ATL_MODULE70@1@P6AX_K@Z1@Z 00000001800064a0 f i SmartCardRW.obj
 0001:00005534       ?AtlRegisterClassCategoriesHelper@ATL@@YAJAEBU_GUID@@PEBU_ATL_CATMAP_ENTRY@1@H@Z 0000000180006534 f i SmartCardRW.obj
 0001:0000599c       ?AtlRegisterTypeLib@ATL@@YAJPEAUHINSTANCE__@@PEB_W@Z 000000018000699c f i SmartCardRW.obj
 0001:00005b98       ?AtlThrowImpl@ATL@@YAXJ@Z  0000000180006b98 f i SmartCardRW.obj
 0001:00005bbc       ?AtlUnRegisterTypeLib@ATL@@YAJPEAUHINSTANCE__@@PEB_W@Z 0000000180006bbc f i SmartCardRW.obj
 0001:00005c84       ?AtlWinModuleExtractCreateWndData@ATL@@YAPEAXPEAU_ATL_WIN_MODULE70@1@@Z 0000000180006c84 f i SmartCardRW.obj
 0001:00005d10       ?Cleanup@CComTypeInfoHolder@ATL@@SAX_K@Z 0000000180006d10 f i SmartCardRW.obj
 0001:00005d50       ?ClearReplacements@CExpansionVector@ATL@@QEAAJXZ 0000000180006d50 f i SmartCardRW.obj
 0001:00005dec       ?CreateInstance@?$CComCreator@V?$CComAggObject@VCOPOSSmartCardRW@@@ATL@@@ATL@@SAJPEAXAEBU_GUID@@PEAPEAX@Z 0000000180006dec f i SmartCardRW.obj
 0001:00005ec4       ?CreateInstance@?$CComCreator@V?$CComObject@VCOPOSSmartCardRW@@@ATL@@@ATL@@SAJPEAXAEBU_GUID@@PEAPEAX@Z 0000000180006ec4 f i SmartCardRW.obj
 0001:00005f7c       ?CreateInstance@?$CComObject@V?$CComEnum@UIEnumConnectionPoints@@$1?_GUID_b196b285_bab4_101a_b69c_00aa00341d07@@3U__s_GUID@@BPEAUIConnectionPoint@@V?$_CopyInterface@UIConnectionPoint@@@ATL@@VCComSingleThreadModel@6@@ATL@@@ATL@@SAJPEAPEAV12@@Z 0000000180006f7c f i SmartCardRW.obj
 0001:00006008       ?CreateInstance@?$CComObject@V?$CComEnum@UIEnumConnections@@$1?_GUID_b196b287_bab4_101a_b69c_00aa00341d07@@3U__s_GUID@@BUtagCONNECTDATA@@V?$_Copy@UtagCONNECTDATA@@@ATL@@VCComSingleThreadModel@6@@ATL@@@ATL@@SAJPEAPEAV12@@Z 0000000180007008 f i SmartCardRW.obj
 0001:00006094       ?DefaultReflectionHandler@?$CWindowImplRoot@VCWindow@ATL@@@ATL@@SAHPEAUHWND__@@I_K_JAEA_J@Z 0000000180007094 f i SmartCardRW.obj
 0001:000060f8       ?DeleteSubKey@CRegKey@ATL@@QEAAJPEB_W@Z 00000001800070f8 f i SmartCardRW.obj
 0001:00006190       ?DoEvent@COPOSSmartCardRW@@IEAAXI_K_J@Z 0000000180007190 f i SmartCardRW.obj
 0001:00006244       ?DoVerbPrimary@?$IOleObjectImpl@VCOPOSSmartCardRW@@@ATL@@QEAAJPEBUtagRECT@@PEAUHWND__@@@Z 0000000180007244 f i SmartCardRW.obj
 0001:00006370       ?DoVerbProperties@CComControlBase@ATL@@QEAAJPEBUtagRECT@@PEAUHWND__@@@Z 0000000180007370 f i SmartCardRW.obj
 0001:00006598       ?FireTheEvent@?$CProxy_IOPOSEvents@VCOPOSSmartCardRW@@@@IEAAXPEAVOposVariant@@IAEAJPEB_WJ@Z 0000000180007598 f i SmartCardRW.obj
 0001:00006684       ?FireViewChange@CComControlBase@ATL@@QEAAJXZ 0000000180007684 f i SmartCardRW.obj
 0001:000066e8       ?Fire_DataEvent@?$CProxy_IOPOSEvents@VCOPOSSmartCardRW@@@@QEAAXJ@Z 00000001800076e8 f i SmartCardRW.obj
 0001:000067d4       ?Fire_DirectIOEvent@?$CProxy_IOPOSEvents@VCOPOSSmartCardRW@@@@QEAAXJPEAJPEAPEA_W@Z 00000001800077d4 f i SmartCardRW.obj
 0001:0000692c       ?Fire_ErrorEvent@?$CProxy_IOPOSEvents@VCOPOSSmartCardRW@@@@QEAAXJJJPEAJ@Z 000000018000792c f i SmartCardRW.obj
 0001:00006a94       ?Fire_OutputCompleteEvent@?$CProxy_IOPOSEvents@VCOPOSSmartCardRW@@@@QEAAXJ@Z 0000000180007a94 f i SmartCardRW.obj
 0001:00006b80       ?Fire_StatusUpdateEvent@?$CProxy_IOPOSEvents@VCOPOSSmartCardRW@@@@QEAAXJ@Z 0000000180007b80 f i SmartCardRW.obj
 0001:00006c6c       ?FreeHeap@?$CTempBuffer@_W$0EAA@VCCRTAllocator@ATL@@@ATL@@AEAAXXZ 0000000180007c6c f i SmartCardRW.obj
 0001:00006c6c       ?FreeHeap@?$CTempBuffer@E$0BAA@VCCRTAllocator@ATL@@@ATL@@AEAAXXZ 0000000180007c6c f i SmartCardRW.obj
 0001:00006c6c       ?FreeHeap@?$CTempBuffer@_W$0BAA@VCCRTAllocator@ATL@@@ATL@@AEAAXXZ 0000000180007c6c f i SmartCardRW.obj
 0001:00006c74       ?GetAmbientLocaleID@CComControlBase@ATL@@QEAAJAEAK@Z 0000000180007c74 f i SmartCardRW.obj
 0001:00006d34       ?GetAmbientUserMode@CComControlBase@ATL@@QEAAJAEAH@Z 0000000180007d34 f i SmartCardRW.obj
 0001:00006e04       ?GetClassObject@CComModule@ATL@@QEAAJAEBU_GUID@@0PEAPEAX@Z 0000000180007e04 f i SmartCardRW.obj
 0001:00006ef8       ?GetConnMap@COPOSSmartCardRW@@SAPEBU_ATL_CONNMAP_ENTRY@ATL@@PEAH@Z 0000000180007ef8 f i SmartCardRW.obj
 0001:00006f80       ?GetIDsOfNames@CComTypeInfoHolder@ATL@@QEAAJAEBU_GUID@@PEAPEA_WIKPEAJ@Z 0000000180007f80 f i SmartCardRW.obj
 0001:000070f8       ?GetPagesHelper@?$ISpecifyPropertyPagesImpl@VCOPOSSmartCardRW@@@ATL@@IEAAJPEAUtagCAUUID@@PEBUATL_PROPMAP_ENTRY@2@@Z 00000001800080f8 f i SmartCardRW.obj
 0001:00007298       ?GetSizeMax@CComVariant@ATL@@QEBAJPEAT_ULARGE_INTEGER@@@Z 0000000180008298 f i SmartCardRW.obj
 0001:000074cc       ?GetTI@CComTypeInfoHolder@ATL@@QEAAJK@Z 00000001800084cc f i SmartCardRW.obj
 0001:00007744       ?GetZoomInfo@CComControlBase@ATL@@QEAAXAEAUATL_DRAWINFO@@@Z 0000000180008744 f i SmartCardRW.obj
 0001:000077e8       ?HKeyFromString@CRegParser@ATL@@KAPEAUHKEY__@@PEA_W@Z 00000001800087e8 f i SmartCardRW.obj
 0001:0000784c       ?IDataObject_GetData@CComControlBase@ATL@@QEAAJPEAUtagFORMATETC@@PEAUtagSTGMEDIUM@@@Z 000000018000884c f i SmartCardRW.obj
 0001:00007a40       ?IOleInPlaceObject_InPlaceDeactivate@CComControlBase@ATL@@QEAAJXZ 0000000180008a40 f i SmartCardRW.obj
 0001:00007ae0       ?IOleInPlaceObject_SetObjectRects@CComControlBase@ATL@@QEAAJPEBUtagRECT@@0@Z 0000000180008ae0 f i SmartCardRW.obj
 0001:00007bd0       ?IOleInPlaceObject_UIDeactivate@CComControlBase@ATL@@QEAAJXZ 0000000180008bd0 f i SmartCardRW.obj
 0001:00007cdc       ?IOleObject_Close@CComControlBase@ATL@@QEAAJK@Z 0000000180008cdc f i SmartCardRW.obj
 0001:00007df4       ?IOleObject_SetClientSite@CComControlBase@ATL@@QEAAJPEAUIOleClientSite@@@Z 0000000180008df4 f i SmartCardRW.obj
 0001:00007e6c       ?IOleObject_SetExtent@CComControlBase@ATL@@QEAAJKPEAUtagSIZE@@@Z 0000000180008e6c f i SmartCardRW.obj
 0001:00007f04       ?IPSI_GetIPersistStreamInit@?$IPersistStorageImpl@VCOPOSSmartCardRW@@@ATL@@AEAAPEAUIPersistStreamInit@@XZ 0000000180008f04 f i SmartCardRW.obj
 0001:00007f60       ?IQuickActivate_QuickActivate@CComControlBase@ATL@@QEAAJPEAUtagQACONTAINER@@PEAUtagQACONTROL@@@Z 0000000180008f60 f i SmartCardRW.obj
 0001:00008224       ?IViewObject_Draw@CComControlBase@ATL@@QEAAJKJPEAXPEAUtagDVTARGETDEVICE@@PEAUHDC__@@2PEBU_RECTL@@3@Z 0000000180009224 f i SmartCardRW.obj
 0001:00008338       ?InPlaceActivate@CComControlBase@ATL@@QEAAJJPEBUtagRECT@@@Z 0000000180009338 f i SmartCardRW.obj
 0001:00008670       ?Init@?$CComEnumImpl@UIEnumConnectionPoints@@$1?_GUID_b196b285_bab4_101a_b69c_00aa00341d07@@3U__s_GUID@@BPEAUIConnectionPoint@@V?$_CopyInterface@UIConnectionPoint@@@ATL@@@ATL@@QEAAJPEAPEAUIConnectionPoint@@0PEAUIUnknown@@W4CComEnumFlags@2@@Z 0000000180009670 f i SmartCardRW.obj
 0001:00008790       ?Init@?$CComEnumImpl@UIEnumConnections@@$1?_GUID_b196b287_bab4_101a_b69c_00aa00341d07@@3U__s_GUID@@BUtagCONNECTDATA@@V?$_Copy@UtagCONNECTDATA@@@ATL@@@ATL@@QEAAJPEAUtagCONNECTDATA@@0PEAUIUnknown@@W4CComEnumFlags@2@@Z 0000000180009790 f i SmartCardRW.obj
 0001:000088b4       ?IsEqualObject@?$CComPtrBase@UIOleClientSite@@@ATL@@QEAA_NPEAUIUnknown@@@Z 00000001800098b4 f i SmartCardRW.obj
 0001:000088b4       ?IsEqualObject@?$CComPtrBase@UITypeInfo@@@ATL@@QEAA_NPEAUIUnknown@@@Z 00000001800098b4 f i SmartCardRW.obj
 0001:00008940       ?LoadNameCache@CComTypeInfoHolder@ATL@@QEAAJPEAUITypeInfo@@@Z 0000000180009940 f i SmartCardRW.obj
 0001:00008ac4       ?Lookup@?$CSimpleMap@PEA_WPEA_WVCExpansionVectorEqualHelper@ATL@@@ATL@@QEBAPEA_WAEBQEA_W@Z 0000000180009ac4 f i SmartCardRW.obj
 0001:00008b50       ?NextToken@CRegParser@ATL@@IEAAJPEA_W@Z 0000000180009b50 f i SmartCardRW.obj
 0001:00008d08       ?OnKillFocus@CComControlBase@ATL@@QEAA_JI_K_JAEAH@Z 0000000180009d08 f i SmartCardRW.obj
 0001:00008da4       ?OnMouseActivate@CComControlBase@ATL@@QEAA_JI_K_JAEAH@Z 0000000180009da4 f i SmartCardRW.obj
 0001:00008e44       ?OnPaint@CComControlBase@ATL@@QEAA_JI_K_JAEAH@Z 0000000180009e44 f i SmartCardRW.obj
 0001:00008f30       ?OnSetFocus@CComControlBase@ATL@@QEAA_JI_K_JAEAH@Z 0000000180009f30 f i SmartCardRW.obj
 0001:0000902c       ?Open@CRegKey@ATL@@QEAAJPEAUHKEY__@@PEB_WK@Z 000000018000a02c f i SmartCardRW.obj
 0001:000090b8       ?PreProcessBuffer@CRegParser@ATL@@QEAAJPEA_WPEAPEA_W@Z 000000018000a0b8 f i SmartCardRW.obj
 0001:0000943c       ?ProcessWindowMessage@?$CComControl@VCOPOSSmartCardRW@@V?$CWindowImpl@VCOPOSSmartCardRW@@VCWindow@ATL@@V?$CWinTraits@$0FGAAAAAA@$0A@@3@@ATL@@@ATL@@UEAAHPEAUHWND__@@I_K_JAEA_JK@Z 000000018000a43c f i SmartCardRW.obj
 0001:00009520       ?PutProperty@?$CComPtr@UIDispatch@@@ATL@@SAJPEAUIDispatch@@JPEAUtagVARIANT@@@Z 000000018000a520 f i SmartCardRW.obj
 0001:00009624       ?ReadFromStream@CComBSTR@ATL@@QEAAJPEAUIStream@@@Z 000000018000a624 f i SmartCardRW.obj
 0001:00009780       ?ReadFromStream@CComVariant@ATL@@QEAAJPEAUIStream@@GTClassesAllowedInStream@2@K@Z 000000018000a780 f i SmartCardRW.obj
 0001:00009990       ?RecurseDeleteKey@CRegKey@ATL@@QEAAJPEB_W@Z 000000018000a990 f i SmartCardRW.obj
 0001:00009a9c       ?RegCreateKeyExW@CAtlTransactionManager@ATL@@QEAAJPEAUHKEY__@@PEB_WKPEA_WKKQEAU_SECURITY_ATTRIBUTES@@PEAPEAU3@PEAK@Z 000000018000aa9c f i SmartCardRW.obj
 0001:00009bd0       ?RegDeleteKeyW@CAtlTransactionManager@ATL@@QEAAJPEAUHKEY__@@PEB_W@Z 000000018000abd0 f i SmartCardRW.obj
 0001:00009c5c       ?RegOpenKeyExW@CAtlTransactionManager@ATL@@QEAAJPEAUHKEY__@@PEB_WKKPEAPEAU3@@Z 000000018000ac5c f i SmartCardRW.obj
 0001:00009d14       ?RegisterBuffer@CRegParser@ATL@@QEAAJPEA_WH@Z 000000018000ad14 f i SmartCardRW.obj
 0001:00009e7c       ?RegisterFromResource@CRegObject@ATL@@IEAAJPEB_W00H@Z 000000018000ae7c f i SmartCardRW.obj
 0001:0000a038       ?RegisterServer@CComModule@ATL@@QEAAJHPEBU_GUID@@@Z 000000018000b038 f i SmartCardRW.obj
 0001:0000a0f8       ?RegisterSubkeys@CRegParser@ATL@@IEAAJPEA_WPEAUHKEY__@@HH@Z 000000018000b0f8 f i SmartCardRW.obj
 0001:0000a7ec       ?SendOnDataChange@CComControlBase@ATL@@QEAAJK@Z 000000018000b7ec f i SmartCardRW.obj
 0001:0000a85c       ?SetControlFocus@CComControlBase@ATL@@QEAAHH@Z 000000018000b85c f i SmartCardRW.obj
 0001:0000a938       ?SkipAssignment@CRegParser@ATL@@IEAAJPEA_W@Z 000000018000b938 f i SmartCardRW.obj
 0001:0000a9dc       ?Term@CComModule@ATL@@QEAAXXZ 000000018000b9dc f i SmartCardRW.obj
 0001:0000aa88       ?UnregisterServer@CComModule@ATL@@QEAAJHPEBU_GUID@@@Z 000000018000ba88 f i SmartCardRW.obj
 0001:0000ab38       ?UpdateRegistryFromResource@CAtlModule@ATL@@QEAAJIHPEAU_ATL_REGMAP_ENTRY@2@@Z 000000018000bb38 f i SmartCardRW.obj
 0001:0000ae70       ?UpdateRegistryFromResource@CAtlModule@ATL@@QEAAJPEB_WHPEAU_ATL_REGMAP_ENTRY@2@@Z 000000018000be70 f i SmartCardRW.obj
 0001:0000b1c8       ?VTFromRegType@CRegParser@ATL@@KAHPEB_WAEAG@Z 000000018000c1c8 f i SmartCardRW.obj
 0001:0000b264       ?WindowProc@?$CWindowImplBaseT@VCWindow@ATL@@V?$CWinTraits@$0FGAAAAAA@$0A@@2@@ATL@@SA_JPEAUHWND__@@I_K_J@Z 000000018000c264 f i SmartCardRW.obj
 0001:0000b3d0       ?WriteToStream@CComBSTR@ATL@@QEAAJPEAUIStream@@@Z 000000018000c3d0 f i SmartCardRW.obj
 0001:0000b450       ?WriteToStream@CComVariant@ATL@@QEAAJPEAUIStream@@@Z 000000018000c450 f i SmartCardRW.obj
 0001:0000b664       ?WriteToStream@CComVariant@ATL@@QEAAJPEAUIStream@@G@Z 000000018000c664 f i SmartCardRW.obj
 0001:0000b6fc       ?_AtlVerifyStackAvailable@_ATL_SAFE_ALLOCA_IMPL@ATL@@YA_N_K@Z 000000018000c6fc f i SmartCardRW.obj
 0001:0000b780       ?atlCreate@?$CWindowImpl@VCOPOSSmartCardRW@@VCWindow@ATL@@V?$CWinTraits@$0FGAAAAAA@$0A@@3@@ATL@@QEAAPEAUHWND__@@PEAU3@V_U_RECT@2@PEB_WKKV_U_MENUorID@2@PEAX@Z 000000018000c780 f i SmartCardRW.obj
 0001:0000b830       ?atlCreate@?$CWindowImplBaseT@VCWindow@ATL@@V?$CWinTraits@$0FGAAAAAA@$0A@@2@@ATL@@QEAAPEAUHWND__@@PEAU3@V_U_RECT@2@PEB_WKKV_U_MENUorID@2@GPEAX@Z 000000018000c830 f i SmartCardRW.obj
 0001:0000b9a0       ?atlCreate@CRegKey@ATL@@QEAAJPEAUHKEY__@@PEB_WPEA_WKKPEAU_SECURITY_ATTRIBUTES@@PEAK@Z 000000018000c9a0 f i SmartCardRW.obj
 0001:0000ba8c       DllCanUnloadNow            000000018000ca8c f   SmartCardRW.obj
 0001:0000ba98       DllGetClassObject          000000018000ca98 f   SmartCardRW.obj
 0001:0000bab0       DllMain                    000000018000cab0 f   SmartCardRW.obj
 0001:0000bb58       DllRegisterServer          000000018000cb58 f   SmartCardRW.obj
 0001:0000bb6c       DllUnregisterServer        000000018000cb6c f   SmartCardRW.obj
 0001:0000bb80       __local_stdio_printf_options 000000018000cb80 f i SmartCardRW.obj
 0001:0000bc10       swprintf_s                 000000018000cc10 f i SmartCardRW.obj
 0001:0000bc64       ??0COPOSSmartCardRW@@QEAA@XZ 000000018000cc64 f   SmartCardRWImpl.obj
 0001:0000bd34       ??1?$IConnectionPointImpl@VCOPOSSmartCardRW@@$1?IID_IPropertyNotifySink@@3U_GUID@@BVCComDynamicUnkArray@ATL@@@ATL@@QEAA@XZ 000000018000cd34 f i SmartCardRWImpl.obj
 0001:0000bd34       ??1?$IConnectionPointImpl@VCOPOSSmartCardRW@@$1?DIID__IOPOSSmartCardRWEvents@@3U_GUID@@BVCComDynamicUnkArray@ATL@@@ATL@@QEAA@XZ 000000018000cd34 f i SmartCardRWImpl.obj
 0001:0000bd90       ??1CComControlBase@ATL@@UEAA@XZ 000000018000cd90 f i SmartCardRWImpl.obj
 0001:0000be0c       ??1COPOSSmartCardRW@@UEAA@XZ 000000018000ce0c f   SmartCardRWImpl.obj
 0001:0000be70       ?BeginInsertion@COPOSSmartCardRW@@UEAAJJPEAJ@Z 000000018000ce70 f   SmartCardRWImpl.obj
 0001:0000beec       ?BeginRemoval@COPOSSmartCardRW@@UEAAJJPEAJ@Z 000000018000ceec f   SmartCardRWImpl.obj
 0001:0000bf68       ?CheckHealth@COPOSSmartCardRW@@UEAAJJPEAJ@Z 000000018000cf68 f   SmartCardRWImpl.obj
 0001:0000bfe4       ?ClaimDevice@COPOSSmartCardRW@@UEAAJJPEAJ@Z 000000018000cfe4 f   SmartCardRWImpl.obj
 0001:0000c084       ?ClearInput@COPOSSmartCardRW@@UEAAJPEAJ@Z 000000018000d084 f   SmartCardRWImpl.obj
 0001:0000c0ac       ?ClearInputProperties@COPOSSmartCardRW@@UEAAJPEAJ@Z 000000018000d0ac f   SmartCardRWImpl.obj
 0001:0000c0d4       ?ClearOutput@COPOSSmartCardRW@@UEAAJPEAJ@Z 000000018000d0d4 f   SmartCardRWImpl.obj
 0001:0000c0fc       ?Close@COPOSSmartCardRW@@UEAAJPEAJ@Z 000000018000d0fc f   SmartCardRWImpl.obj
 0001:0000c1b4       ?CompareFirmwareVersion@COPOSSmartCardRW@@UEAAJPEA_WPEAJ1@Z 000000018000d1b4 f   SmartCardRWImpl.obj
 0001:0000c290       ?DirectIO@COPOSSmartCardRW@@UEAAJJPEAJPEAPEA_W0@Z 000000018000d290 f   SmartCardRWImpl.obj
 0001:0000c38c       ?DoInvoke@COPOSSmartCardRW@@IEAAJJPEAVOposVariant@@IHPEAJ_N@Z 000000018000d38c f   SmartCardRWImpl.obj
 0001:0000c4c0       ?EndInsertion@COPOSSmartCardRW@@UEAAJPEAJ@Z 000000018000d4c0 f   SmartCardRWImpl.obj
 0001:0000c4e8       ?EndRemoval@COPOSSmartCardRW@@UEAAJPEAJ@Z 000000018000d4e8 f   SmartCardRWImpl.obj
 0001:0000c510       ?EventInit@COPOSSmartCardRW@@IEAAJXZ 000000018000d510 f i SmartCardRWImpl.obj
 0001:0000c658       ?EventUninit@COPOSSmartCardRW@@IEAAXXZ 000000018000d658 f i SmartCardRWImpl.obj
 0001:0000c6bc       ?EventWindowProc@COPOSSmartCardRW@@IEAA_JI_K_J@Z 000000018000d6bc f i SmartCardRWImpl.obj
 0001:0000c898       ?FinalConstruct@COPOSSmartCardRW@@QEAAJXZ 000000018000d898 f   SmartCardRWImpl.obj
 0001:0000c8d4       ?FreezeEvents@COPOSSmartCardRW@@MEAAJH@Z 000000018000d8d4 f   SmartCardRWImpl.obj
 0001:0000c948       ?GetOposProp@COPOSSmartCardRW@@IEAAJJPEAJJ@Z 000000018000d948 f   SmartCardRWImpl.obj
 0001:0000ca64       ?GetOposProp@COPOSSmartCardRW@@IEAAJJPEAPEA_WJ@Z 000000018000da64 f   SmartCardRWImpl.obj
 0001:0000cb90       ?OnDraw@COPOSSmartCardRW@@MEAAJAEAUATL_DRAWINFO@@@Z 000000018000db90 f   SmartCardRWImpl.obj
 0001:0000cc7c       ?Open@COPOSSmartCardRW@@UEAAJPEA_WPEAJ@Z 000000018000dc7c f   SmartCardRWImpl.obj
 0001:0000d4f8       ?ReadData@COPOSSmartCardRW@@UEAAJJPEAJPEAPEA_W0@Z 000000018000e4f8 f   SmartCardRWImpl.obj
 0001:0000d5f4       ?ReleaseDevice@COPOSSmartCardRW@@UEAAJPEAJ@Z 000000018000e5f4 f   SmartCardRWImpl.obj
 0001:0000d660       ?ResetStatistics@COPOSSmartCardRW@@UEAAJPEA_WPEAJ@Z 000000018000e660 f   SmartCardRWImpl.obj
 0001:0000d6e8       ?RetrieveStatistics@COPOSSmartCardRW@@UEAAJPEAPEA_WPEAJ@Z 000000018000e6e8 f   SmartCardRWImpl.obj
 0001:0000d770       ?SOProcessID@COPOSSmartCardRW@@UEAAJPEAJ@Z 000000018000e770 f   SmartCardRWImpl.obj
 0001:0000d78c       ?SetCOFreezeEvents@COPOSSmartCardRW@@IEAAXF@Z 000000018000e78c f   SmartCardRWImpl.obj
 0001:0000d870       ?SetOposProp@COPOSSmartCardRW@@IEAAJJJJ@Z 000000018000e870 f   SmartCardRWImpl.obj
 0001:0000d9d0       ?UpdateFirmware@COPOSSmartCardRW@@UEAAJPEA_WPEAJ@Z 000000018000e9d0 f   SmartCardRWImpl.obj
 0001:0000da58       ?UpdateStatistics@COPOSSmartCardRW@@UEAAJPEA_WPEAJ@Z 000000018000ea58 f   SmartCardRWImpl.obj
 0001:0000dae0       ?WriteData@COPOSSmartCardRW@@UEAAJJJPEA_WPEAJ@Z 000000018000eae0 f   SmartCardRWImpl.obj
 0001:0000dbd8       ?get_BinaryConversion@COPOSSmartCardRW@@UEAAJPEAJ@Z 000000018000ebd8 f   SmartCardRWImpl.obj
 0001:0000dbec       ?get_CapCardErrorDetection@COPOSSmartCardRW@@UEAAJPEAF@Z 000000018000ebec f   SmartCardRWImpl.obj
 0001:0000dc20       ?get_CapCompareFirmwareVersion@COPOSSmartCardRW@@UEAAJPEAF@Z 000000018000ec20 f   SmartCardRWImpl.obj
 0001:0000dc54       ?get_CapInterfaceMode@COPOSSmartCardRW@@UEAAJPEAJ@Z 000000018000ec54 f   SmartCardRWImpl.obj
 0001:0000dc68       ?get_CapIsoEmvMode@COPOSSmartCardRW@@UEAAJPEAJ@Z 000000018000ec68 f   SmartCardRWImpl.obj
 0001:0000dc7c       ?get_CapPowerReporting@COPOSSmartCardRW@@UEAAJPEAJ@Z 000000018000ec7c f   SmartCardRWImpl.obj
 0001:0000dc90       ?get_CapSCPresentSensor@COPOSSmartCardRW@@UEAAJPEAJ@Z 000000018000ec90 f   SmartCardRWImpl.obj
 0001:0000dca4       ?get_CapSCSlots@COPOSSmartCardRW@@UEAAJPEAJ@Z 000000018000eca4 f   SmartCardRWImpl.obj
 0001:0000dcb8       ?get_CapStatisticsReporting@COPOSSmartCardRW@@UEAAJPEAF@Z 000000018000ecb8 f   SmartCardRWImpl.obj
 0001:0000dcec       ?get_CapTransmissionProtocol@COPOSSmartCardRW@@UEAAJPEAJ@Z 000000018000ecec f   SmartCardRWImpl.obj
 0001:0000dd00       ?get_CapUpdateFirmware@COPOSSmartCardRW@@UEAAJPEAF@Z 000000018000ed00 f   SmartCardRWImpl.obj
 0001:0000dd34       ?get_CapUpdateStatistics@COPOSSmartCardRW@@UEAAJPEAF@Z 000000018000ed34 f   SmartCardRWImpl.obj
 0001:0000dd68       ?get_CheckHealthText@COPOSSmartCardRW@@UEAAJPEAPEA_W@Z 000000018000ed68 f   SmartCardRWImpl.obj
 0001:0000dd7c       ?get_Claimed@COPOSSmartCardRW@@UEAAJPEAF@Z 000000018000ed7c f   SmartCardRWImpl.obj
 0001:0000ddb0       ?get_ControlObjectDescription@COPOSSmartCardRW@@UEAAJPEAPEA_W@Z 000000018000edb0 f   SmartCardRWImpl.obj
 0001:0000de14       ?get_ControlObjectVersion@COPOSSmartCardRW@@UEAAJPEAJ@Z 000000018000ee14 f   SmartCardRWImpl.obj
 0001:0000de20       ?get_DataCount@COPOSSmartCardRW@@UEAAJPEAJ@Z 000000018000ee20 f   SmartCardRWImpl.obj
 0001:0000de34       ?get_DataEventEnabled@COPOSSmartCardRW@@UEAAJPEAF@Z 000000018000ee34 f   SmartCardRWImpl.obj
 0001:0000de68       ?get_DeviceDescription@COPOSSmartCardRW@@UEAAJPEAPEA_W@Z 000000018000ee68 f   SmartCardRWImpl.obj
 0001:0000de7c       ?get_DeviceEnabled@COPOSSmartCardRW@@UEAAJPEAF@Z 000000018000ee7c f   SmartCardRWImpl.obj
 0001:0000deb0       ?get_DeviceName@COPOSSmartCardRW@@UEAAJPEAPEA_W@Z 000000018000eeb0 f   SmartCardRWImpl.obj
 0001:0000dec4       ?get_FreezeEvents@COPOSSmartCardRW@@UEAAJPEAF@Z 000000018000eec4 f   SmartCardRWImpl.obj
 0001:0000def4       ?get_InterfaceMode@COPOSSmartCardRW@@UEAAJPEAJ@Z 000000018000eef4 f   SmartCardRWImpl.obj
 0001:0000df08       ?get_IsoEmvMode@COPOSSmartCardRW@@UEAAJPEAJ@Z 000000018000ef08 f   SmartCardRWImpl.obj
 0001:0000df1c       ?get_OpenResult@COPOSSmartCardRW@@UEAAJPEAJ@Z 000000018000ef1c f   SmartCardRWImpl.obj
 0001:0000df28       ?get_OutputID@COPOSSmartCardRW@@UEAAJPEAJ@Z 000000018000ef28 f   SmartCardRWImpl.obj
 0001:0000df3c       ?get_PowerNotify@COPOSSmartCardRW@@UEAAJPEAJ@Z 000000018000ef3c f   SmartCardRWImpl.obj
 0001:0000df50       ?get_PowerState@COPOSSmartCardRW@@UEAAJPEAJ@Z 000000018000ef50 f   SmartCardRWImpl.obj
 0001:0000df64       ?get_ResultCode@COPOSSmartCardRW@@UEAAJPEAJ@Z 000000018000ef64 f   SmartCardRWImpl.obj
 0001:0000dfa0       ?get_ResultCodeExtended@COPOSSmartCardRW@@UEAAJPEAJ@Z 000000018000efa0 f   SmartCardRWImpl.obj
 0001:0000dfb4       ?get_SCPresentSensor@COPOSSmartCardRW@@UEAAJPEAJ@Z 000000018000efb4 f   SmartCardRWImpl.obj
 0001:0000dfc8       ?get_SCSlot@COPOSSmartCardRW@@UEAAJPEAJ@Z 000000018000efc8 f   SmartCardRWImpl.obj
 0001:0000dfdc       ?get_ServiceObjectDescription@COPOSSmartCardRW@@UEAAJPEAPEA_W@Z 000000018000efdc f   SmartCardRWImpl.obj
 0001:0000dff0       ?get_ServiceObjectVersion@COPOSSmartCardRW@@UEAAJPEAJ@Z 000000018000eff0 f   SmartCardRWImpl.obj
 0001:0000e004       ?get_State@COPOSSmartCardRW@@UEAAJPEAJ@Z 000000018000f004 f   SmartCardRWImpl.obj
 0001:0000e030       ?get_TransactionInProgress@COPOSSmartCardRW@@UEAAJPEAF@Z 000000018000f030 f   SmartCardRWImpl.obj
 0001:0000e064       ?get_TransmissionProtocol@COPOSSmartCardRW@@UEAAJPEAJ@Z 000000018000f064 f   SmartCardRWImpl.obj
 0001:0000e078       ?put_BinaryConversion@COPOSSmartCardRW@@UEAAJJ@Z 000000018000f078 f   SmartCardRWImpl.obj
 0001:0000e08c       ?put_DataEventEnabled@COPOSSmartCardRW@@UEAAJF@Z 000000018000f08c f   SmartCardRWImpl.obj
 0001:0000e0a4       ?put_DeviceEnabled@COPOSSmartCardRW@@UEAAJF@Z 000000018000f0a4 f   SmartCardRWImpl.obj
 0001:0000e0bc       ?put_FreezeEvents@COPOSSmartCardRW@@UEAAJF@Z 000000018000f0bc f   SmartCardRWImpl.obj
 0001:0000e10c       ?put_InterfaceMode@COPOSSmartCardRW@@UEAAJJ@Z 000000018000f10c f   SmartCardRWImpl.obj
 0001:0000e120       ?put_IsoEmvMode@COPOSSmartCardRW@@UEAAJJ@Z 000000018000f120 f   SmartCardRWImpl.obj
 0001:0000e134       ?put_PowerNotify@COPOSSmartCardRW@@UEAAJJ@Z 000000018000f134 f   SmartCardRWImpl.obj
 0001:0000e148       ?put_SCSlot@COPOSSmartCardRW@@UEAAJJ@Z 000000018000f148 f   SmartCardRWImpl.obj
 0001:0000e15c       ?s_EventWindowProc@COPOSSmartCardRW@@KA_JPEAUHWND__@@I_K_J@Z 000000018000f15c f i SmartCardRWImpl.obj
 0001:0000e1d8       ??_U@YAPEAX_K@Z            000000018000f1d8 f   LIBCMT:new_array.obj
 0001:0000e1e0       ??_V@YAXPEAX@Z             000000018000f1e0 f   LIBCMT:delete_array.obj
 0001:0000e1e0       ??3@YAXPEAX_K@Z            000000018000f1e0 f   LIBCMT:delete_scalar_size.obj
 0001:0000e1e8       ??_V@YAXPEAX_K@Z           000000018000f1e8 f   LIBCMT:delete_array_size.obj
 0001:0000e1f0       __scrt_acquire_startup_lock 000000018000f1f0 f   LIBCMT:utility.obj
 0001:0000e22c       __scrt_dllmain_after_initialize_c 000000018000f22c f   LIBCMT:utility.obj
 0001:0000e260       __scrt_dllmain_before_initialize_c 000000018000f260 f   LIBCMT:utility.obj
 0001:0000e278       __scrt_dllmain_crt_thread_attach 000000018000f278 f   LIBCMT:utility.obj
 0001:0000e2a0       __scrt_dllmain_crt_thread_detach 000000018000f2a0 f   LIBCMT:utility.obj
 0001:0000e2b8       __scrt_dllmain_exception_filter 000000018000f2b8 f   LIBCMT:utility.obj
 0001:0000e318       __scrt_dllmain_uninitialize_c 000000018000f318 f   LIBCMT:utility.obj
 0001:0000e348       __scrt_dllmain_uninitialize_critical 000000018000f348 f   LIBCMT:utility.obj
 0001:0000e35c       __scrt_initialize_crt      000000018000f35c f   LIBCMT:utility.obj
 0001:0000e3a8       __scrt_initialize_onexit_tables 000000018000f3a8 f   LIBCMT:utility.obj
 0001:0000e434       __scrt_is_nonwritable_in_current_image 000000018000f434 f   LIBCMT:utility.obj
 0001:0000e4cc       __scrt_release_startup_lock 000000018000f4cc f   LIBCMT:utility.obj
 0001:0000e4f0       __scrt_uninitialize_crt    000000018000f4f0 f   LIBCMT:utility.obj
 0001:0000e51c       _onexit                    000000018000f51c f   LIBCMT:utility.obj
 0001:0000e558       atexit                     000000018000f558 f   LIBCMT:utility.obj
 0001:0000e570       ??3@YAXPEAX@Z              000000018000f570 f   LIBCMT:delete_scalar.obj
 0001:0000e670       _Init_thread_footer        000000018000f670 f   LIBCMT:thread_safe_statics.obj
 0001:0000e6d0       _Init_thread_header        000000018000f6d0 f   LIBCMT:thread_safe_statics.obj
 0001:0000e738       _Init_thread_notify        000000018000f738 f   LIBCMT:thread_safe_statics.obj
 0001:0000e77c       _Init_thread_wait          000000018000f77c f   LIBCMT:thread_safe_statics.obj
 0001:0000e7e0       __raise_securityfailure    000000018000f7e0 f   LIBCMT:gs_report.obj
 0001:0000e814       __report_gsfailure         000000018000f814 f   LIBCMT:gs_report.obj
 0001:0000e8e8       __report_rangecheckfailure 000000018000f8e8 f   LIBCMT:gs_report.obj
 0001:0000e8fc       __report_securityfailure   000000018000f8fc f   LIBCMT:gs_report.obj
 0001:0000ea7c       ??2@YAPEAX_KAEBUnothrow_t@std@@@Z 000000018000fa7c f   LIBCMT:new_scalar_nothrow.obj
 0001:0000ea9c       ??_U@YAPEAX_KAEBUnothrow_t@std@@@Z 000000018000fa9c f   LIBCMT:new_array_nothrow.obj
 0001:0000eaa4       __GSHandlerCheck           000000018000faa4 f   LIBCMT:gshandler.obj
 0001:0000eac4       __GSHandlerCheckCommon     000000018000fac4 f   LIBCMT:gshandler.obj
 0001:0000eb20       __GSHandlerCheck_SEH       000000018000fb20 f   LIBCMT:gshandlerseh.obj
 0001:0000ebc0       _alloca_probe              000000018000fbc0 f   LIBCMT:chkstk.obj
 0001:0000ebc0       __chkstk                   000000018000fbc0 f   LIBCMT:chkstk.obj
 0001:0000ec30       __security_check_cookie    000000018000fc30 f   LIBCMT:amdsecgs.obj
 0001:0000ef74       _DllMainCRTStartup         000000018000ff74 f   LIBCMT:dll_dllmain.obj
 0001:0000efb4       ??2@YAPEAX_K@Z             000000018000ffb4 f   LIBCMT:new_scalar.obj
 0001:0000eff0       __isa_available_init       000000018000fff0 f   LIBCMT:cpu_disp.obj
 0001:0000f16c       __scrt_is_ucrt_dll_in_use  000000018001016c f   LIBCMT:ucrt_detection.obj
 0001:0000f178       __crt_debugger_hook        0000000180010178 f   LIBCMT:utility_desktop.obj
 0001:0000f180       __scrt_fastfail            0000000180010180 f   LIBCMT:utility_desktop.obj
 0001:0000f2cc       __security_init_cookie     00000001800102cc f   LIBCMT:gs_support.obj
 0001:0000f378       ?__scrt_initialize_type_info@@YAXXZ 0000000180010378 f   LIBCMT:tncleanup.obj
 0001:0000f388       ?__scrt_uninitialize_type_info@@YAXXZ 0000000180010388 f   LIBCMT:tncleanup.obj
 0001:0000f394       __local_stdio_scanf_options 0000000180010394 f i LIBCMT:default_local_stdio_options.obj
 0001:0000f39c       __scrt_initialize_default_local_stdio_options 000000018001039c f   LIBCMT:default_local_stdio_options.obj
 0001:0000f3b8       __scrt_get_dyn_tls_init_callback 00000001800103b8 f   LIBCMT:dyn_tls_init.obj
 0001:0000f3c0       _RTC_Initialize            00000001800103c0 f   LIBCMT:initsect.obj
 0001:0000f3fc       _RTC_Terminate             00000001800103fc f   LIBCMT:initsect.obj
 0001:0000f438       ??0bad_alloc@std@@QEAA@AEBV01@@Z 0000000180010438 f i LIBCMT:throw_bad_alloc.obj
 0001:0000f474       ??0bad_alloc@std@@QEAA@XZ  0000000180010474 f i LIBCMT:throw_bad_alloc.obj
 0001:0000f494       ??0bad_array_new_length@std@@QEAA@AEBV01@@Z 0000000180010494 f i LIBCMT:throw_bad_alloc.obj
 0001:0000f4d0       ??0bad_array_new_length@std@@QEAA@XZ 00000001800104d0 f i LIBCMT:throw_bad_alloc.obj
 0001:0000f4f0       ??0exception@std@@QEAA@AEBV01@@Z 00000001800104f0 f i LIBCMT:throw_bad_alloc.obj
 0001:0000f524       ??1bad_alloc@std@@UEAA@XZ  0000000180010524 f i LIBCMT:throw_bad_alloc.obj
 0001:0000f524       ??1bad_exception@std@@UEAA@XZ 0000000180010524 f i libvcruntime:frame.obj
 0001:0000f524       ??1bad_array_new_length@std@@UEAA@XZ 0000000180010524 f i LIBCMT:throw_bad_alloc.obj
 0001:0000f538       ??_Eexception@std@@UEAAPEAXI@Z 0000000180010538 f i LIBCMT:throw_bad_alloc.obj
 0001:0000f538       ??_Ebad_alloc@std@@UEAAPEAXI@Z 0000000180010538 f i LIBCMT:throw_bad_alloc.obj
 0001:0000f538       ??_Gbad_exception@std@@UEAAPEAXI@Z 0000000180010538 f i libvcruntime:frame.obj
 0001:0000f538       ??_Ebad_exception@std@@UEAAPEAXI@Z 0000000180010538 f i libvcruntime:frame.obj
 0001:0000f538       ??_Gbad_alloc@std@@UEAAPEAXI@Z 0000000180010538 f i LIBCMT:throw_bad_alloc.obj
 0001:0000f538       ??_Ebad_array_new_length@std@@UEAAPEAXI@Z 0000000180010538 f i LIBCMT:throw_bad_alloc.obj
 0001:0000f538       ??_Gbad_array_new_length@std@@UEAAPEAXI@Z 0000000180010538 f i LIBCMT:throw_bad_alloc.obj
 0001:0000f538       ??_Gexception@std@@UEAAPEAXI@Z 0000000180010538 f i LIBCMT:throw_bad_alloc.obj
 0001:0000f57c       ?__scrt_throw_std_bad_alloc@@YAXXZ 000000018001057c f   LIBCMT:throw_bad_alloc.obj
 0001:0000f59c       ?__scrt_throw_std_bad_array_new_length@@YAXXZ 000000018001059c f   LIBCMT:throw_bad_alloc.obj
 0001:0000f5bc       ?what@exception@std@@UEBAPEBDXZ 00000001800105bc f i LIBCMT:throw_bad_alloc.obj
 0001:0000f5d0       ??_Etype_info@@UEAAPEAXI@Z 00000001800105d0 f i LIBCMT:std_type_info_static.obj
 0001:0000f5d0       ??_Gtype_info@@UEAAPEAXI@Z 00000001800105d0 f i LIBCMT:std_type_info_static.obj
 0001:0000f5fc       ??0CAtlBaseModule@ATL@@QEAA@XZ 00000001800105fc f   atls:atlbase.obj
 0001:0000f6a4       ??1CAtlBaseModule@ATL@@QEAA@XZ 00000001800106a4 f   atls:atlbase.obj
 0001:0000f7d8       ?__AllocStdCallThunk_cmn@@YAPEAXXZ 00000001800107d8 f   atls:atlthunk.obj
 0001:0000f930       AtlThunk_AllocateData      0000000180010930 f   atls:atlthunk.obj
 0001:0000f9ac       AtlThunk_DataToCode        00000001800109ac f   atls:atlthunk.obj
 0001:0000fa00       AtlThunk_FreeData          0000000180010a00 f   atls:atlthunk.obj
 0001:0000fa60       AtlThunk_InitData          0000000180010a60 f   atls:atlthunk.obj
 0001:0000fb08       _purecall                  0000000180010b08 f   libvcruntime:purevirt.obj
[...]
 0004:000017dc       $pdata$__acrt_SetThreadStackGuarantee 00000001800347dc     libucrt:winapi_thunks.obj
 0004:000017e8       $pdata$?try_get_function@@YAPEAXW4function_id@?A0x391cf84c@@QEBDQEBW4module_id@2@2@Z 00000001800347e8     libucrt:winapi_thunks.obj
 0004:000017f4       $pdata$wcstol              00000001800347f4     libucrt:strtox.obj
 0004:00001800       $pdata$_mbtowc_l           0000000180034800     libucrt:mbtowc.obj
 0004:0000180c       $pdata$__acrt_update_locale_info 000000018003480c     libucrt:locale_update.obj
 0004:00001818       $pdata$__acrt_update_multibyte_info 0000000180034818     libucrt:locale_update.obj
 0004:00001824       $pdata$__acrt_fp_format    0000000180034824     libucrt:cvt.obj
 0004:00001830       $pdata$?fp_format_e_internal@@YAHQEAD_KH_NIQEAU_strflt@@2QEAU__crt_locale_pointers@@@Z 0000000180034830     libucrt:cvt.obj
 0004:0000183c       $pdata$?fp_format_e@@YAHQEBNQEAD_K12H_NIQEAU__crt_locale_pointers@@@Z 000000018003483c     libucrt:cvt.obj
 0004:00001848       $pdata$?fp_format_a@@YAHQEBNPEAD_KQEAD2H_NIQEAU__crt_locale_pointers@@@Z 0000000180034848     libucrt:cvt.obj
 0004:00001854       $pdata$?fp_format_f_internal@@YAHQEAD_KHQEAU_strflt@@_NQEAU__crt_locale_pointers@@@Z 0000000180034854     libucrt:cvt.obj
 0004:00001860       $pdata$?fp_format_g@@YAHQEBNQEAD_K12H_NIQEAU__crt_locale_pointers@@@Z 0000000180034860     libucrt:cvt.obj
 0004:0000186c       $pdata$_fileno             000000018003486c     libucrt:fileno.obj
 0004:00001878       $pdata$__acrt_initialize_stdio 0000000180034878     libucrt:_file.obj
 0004:00001884       $pdata$__acrt_uninitialize_stdio 0000000180034884     libucrt:_file.obj
 0004:00001890       $pdata$__acrt_uninitialize_locale 0000000180034890     libucrt:wsetlocale.obj
 0004:0000189c       $pdata$??$?RV<lambda_410d79af7f07d98d83a3f525b3859a53>@@AEAV<lambda_3e16ef9562a7dcce91392c22ab16ea36>@@V<lambda_38119f0e861e05405d8a144b9b982f0a>@@@?$__crt_seh_guarded_call@X@@QEAAX$$QEAV<lambda_410d79af7f07d98d83a3f525b3859a53>@@AEAV<lambda_3e16ef9562a7dcce91392c22ab16ea36>@@$$QEAV<lambda_38119f0e861e05405d8a144b9b982f0a>@@@Z 000000018003489c     libucrt:wsetlocale.obj
 0004:000018a8       $pdata$?fin$0@?0???$?RV<lambda_410d79af7f07d98d83a3f525b3859a53>@@AEAV<lambda_3e16ef9562a7dcce91392c22ab16ea36>@@V<lambda_38119f0e861e05405d8a144b9b982f0a>@@@?$__crt_seh_guarded_call@X@@QEAAX$$QEAV<lambda_410d79af7f07d98d83a3f525b3859a53>@@AEAV<lambda_3e16ef9562a7dcce91392c22ab16ea36>@@$$QEAV<lambda_38119f0e861e05405d8a144b9b982f0a>@@@Z@4HA 00000001800348a8     libucrt:wsetlocale.obj
 0004:000018b4       $pdata$__acrt_initialize_lowio 00000001800348b4     libucrt:ioinit.obj
 0004:000018c0       $pdata$__acrt_lowio_ensure_fh_exists$fin$0 00000001800348c0     libucrt:osfinfo.obj
 0004:000018c0       $pdata$__acrt_initialize_lowio$fin$0 00000001800348c0     libucrt:ioinit.obj
 0004:000018cc       $pdata$__acrt_uninitialize_lowio 00000001800348cc     libucrt:ioinit.obj
 0004:000018d8       $pdata$?initialize_inherited_file_handles_nolock@@YAXXZ 00000001800348d8     libucrt:ioinit.obj
 0004:000018e4       $pdata$?initialize_stdio_handles_nolock@@YAXXZ 00000001800348e4     libucrt:ioinit.obj
 0004:000018f0       $pdata$__acrt_initialize_locks 00000001800348f0     libucrt:locks.obj
 0004:000018fc       $pdata$__acrt_uninitialize_locks 00000001800348fc     libucrt:locks.obj
 0004:00001908       $pdata$__acrt_get_process_end_policy 0000000180034908     libucrt:win_policies.obj
 0004:00001914       $pdata$??$__acrt_mbs_to_wcs_cp@U__crt_win32_buffer_internal_dynamic_resizing@@@@YAHQEBDAEAV?$__crt_win32_buffer@_WU__crt_win32_buffer_internal_dynamic_resizing@@@@I@Z 0000000180034914     libucrt:argv_wildcards.obj
 0004:00001920       $pdata$??$__acrt_wcs_to_mbs_cp@U__crt_win32_buffer_internal_dynamic_resizing@@@@YAHQEB_WAEAV?$__crt_win32_buffer@DU__crt_win32_buffer_internal_dynamic_resizing@@@@I@Z 0000000180034920     libucrt:argv_wildcards.obj
 0004:0000192c       $pdata$??$common_expand_argv_wildcards@D@@YAHQEAPEADQEAPEAPEAD@Z 000000018003492c     libucrt:argv_wildcards.obj
 0004:00001938       $pdata$??$copy_and_add_argument_to_buffer@D@@YAHQEBD0_KAEAV?$argument_list@D@?A0x5f5c8891@@@Z 0000000180034938     libucrt:argv_wildcards.obj
 0004:00001944       $pdata$??$expand_argument_wildcards@D@@YAHQEAD0AEAV?$argument_list@D@?A0x5f5c8891@@@Z 0000000180034944     libucrt:argv_wildcards.obj
 0004:00001950       $pdata$__acrt_GetModuleFileNameA 0000000180034950     libucrt:getmodulefilenamea.obj
 0004:0000195c       $pdata$??$__acrt_wcs_to_mbs_cp@U__crt_win32_buffer_no_resizing@@@@YAHQEB_WAEAV?$__crt_win32_buffer@DU__crt_win32_buffer_no_resizing@@@@I@Z 000000018003495c     libucrt:getmodulefilenamea.obj
 0004:00001968       $pdata$__acrt_update_thread_multibyte_data 0000000180034968     libucrt:mbctype.obj
 0004:00001974       $pdata$__acrt_initialize_multibyte 0000000180034974     libucrt:mbctype.obj
 0004:00001980       $pdata$_setmbcp_nolock     0000000180034980     libucrt:mbctype.obj
 0004:0000198c       $pdata$?getSystemCP@@YAHH@Z 000000018003498c     libucrt:mbctype.obj
 0004:00001998       $pdata$?setSBCS@@YAXPEAU__crt_multibyte_data@@@Z 0000000180034998     libucrt:mbctype.obj
 0004:000019a4       $pdata$?update_thread_multibyte_data_internal@@YAPEAU__crt_multibyte_data@@QEAU__acrt_ptd@@QEAPEAU1@@Z 00000001800349a4     libucrt:mbctype.obj
 0004:000019b0       $pdata$?fin$0@?0??update_thread_multibyte_data_internal@@YAPEAU__crt_multibyte_data@@QEAU__acrt_ptd@@QEAPEAU1@@Z@4HA 00000001800349b0     libucrt:mbctype.obj
 0004:000019bc       $pdata$?setmbcp_internal@@YAHH_NQEAU__acrt_ptd@@QEAPEAU__crt_multibyte_data@@@Z 00000001800349bc     libucrt:mbctype.obj
 0004:000019c8       $pdata$?setSBUpLow@@YAXPEAU__crt_multibyte_data@@@Z 00000001800349c8     libucrt:mbctype.obj
 0004:000019d4       $pdata$??$?RV<lambda_efdfa57d1f175319df784efa44bb7b81>@@AEAV<lambda_5f0a4c1567f8adc6734073e5d1e1b35c>@@V<lambda_2e8a7d3640ea6ccb4c2413664c2db6fd>@@@?$__crt_seh_guarded_call@X@@QEAAX$$QEAV<lambda_efdfa57d1f175319df784efa44bb7b81>@@AEAV<lambda_5f0a4c1567f8adc6734073e5d1e1b35c>@@$$QEAV<lambda_2e8a7d3640ea6ccb4c2413664c2db6fd>@@@Z 00000001800349d4     libucrt:mbctype.obj
 0004:000019e0       $pdata$?x_ismbbtype_l@@YAHPEAU__crt_locale_pointers@@IHH@Z 00000001800349e0     libucrt:ismbbyte.obj
 0004:000019ec       $pdata$__acrt_initialize_command_line 00000001800349ec     libucrt:argv_data.obj
 0004:000019f8       $pdata$__acrt_WideCharToMultiByte 00000001800349f8     libucrt:widechartomultibyte.obj
 0004:00001a04       $pdata$__dcrt_get_narrow_environment_from_os 0000000180034a04     libucrt:get_environment_from_os.obj
 0004:00001a10       $pdata$__acrt_initialize_heap 0000000180034a10     libucrt:heap_handle.obj
 0004:00001a1c       $pdata$__acrt_execute_initializers 0000000180034a1c     libucrt:shared_initialization.obj
 0004:00001a28       $pdata$__acrt_execute_uninitializers 0000000180034a28     libucrt:shared_initialization.obj
 0004:00001a34       $pdata$__acrt_get_sigabrt_handler 0000000180034a34     libucrt:signal.obj
 0004:00001a40       $pdata$raise               0000000180034a40     libucrt:signal.obj
 0004:00001a4c       $pdata$raise$fin$0         0000000180034a4c     libucrt:signal.obj
 0004:00001a58       $pdata$??$?RV<lambda_450d765d439847d4c735a33c368b5fc0>@@AEAV<lambda_44731a7d0e6d81c3e6aa82d741081786>@@V<lambda_601a2a7da3b7a96e9554ac7215c4b07c>@@@?$__crt_seh_guarded_call@P6AXH@Z@@QEAAP6AXH@Z$$QEAV<lambda_450d765d439847d4c735a33c368b5fc0>@@AEAV<lambda_44731a7d0e6d81c3e6aa82d741081786>@@$$QEAV<lambda_601a2a7da3b7a96e9554ac7215c4b07c>@@@Z 0000000180034a58     libucrt:signal.obj
 0004:00001a64       $pdata$_fflush_nolock      0000000180034a64     libucrt:fflush.obj
 0004:00001a70       $pdata$__acrt_stdio_flush_nolock 0000000180034a70     libucrt:fflush.obj
 0004:00001a7c       $pdata$?common_flush_all@@YAH_N@Z 0000000180034a7c     libucrt:fflush.obj
 0004:00001a88       $pdata$??$?RV<lambda_842d9ff0dc9ef11c61343bbaebe7f885>@@AEAV<lambda_c5860995281e5c4ce005b3de8f5874ee>@@V<lambda_d90129c13df834fdcbf8d2b88dafcf2d>@@@?$__crt_seh_guarded_call@X@@QEAAX$$QEAV<lambda_842d9ff0dc9ef11c61343bbaebe7f885>@@AEAV<lambda_c5860995281e5c4ce005b3de8f5874ee>@@$$QEAV<lambda_d90129c13df834fdcbf8d2b88dafcf2d>@@@Z 0000000180034a88     libucrt:fflush.obj
 0004:00001a94       $pdata$?fin$0@?0???$?RV<lambda_842d9ff0dc9ef11c61343bbaebe7f885>@@AEAV<lambda_c5860995281e5c4ce005b3de8f5874ee>@@V<lambda_d90129c13df834fdcbf8d2b88dafcf2d>@@@?$__crt_seh_guarded_call@X@@QEAAX$$QEAV<lambda_842d9ff0dc9ef11c61343bbaebe7f885>@@AEAV<lambda_c5860995281e5c4ce005b3de8f5874ee>@@$$QEAV<lambda_d90129c13df834fdcbf8d2b88dafcf2d>@@@Z@4HA 0000000180034a94     libucrt:fflush.obj
 0004:00001aa0       $pdata$??$?RV<lambda_886d6c58226a84441f68b9f2b8217b83>@@AEAV<lambda_ab61a845afdef5b7c387490eaf3616ee>@@V<lambda_f7f22ab5edc0698d5f6905b0d3f44752>@@@?$__crt_seh_guarded_call@X@@QEAAX$$QEAV<lambda_886d6c58226a84441f68b9f2b8217b83>@@AEAV<lambda_ab61a845afdef5b7c387490eaf3616ee>@@$$QEAV<lambda_f7f22ab5edc0698d5f6905b0d3f44752>@@@Z 0000000180034aa0     libucrt:fflush.obj
 0004:00001aac       $pdata$?fin$0@?0???$?RV<lambda_886d6c58226a84441f68b9f2b8217b83>@@AEAV<lambda_ab61a845afdef5b7c387490eaf3616ee>@@V<lambda_f7f22ab5edc0698d5f6905b0d3f44752>@@@?$__crt_seh_guarded_call@X@@QEAAX$$QEAV<lambda_886d6c58226a84441f68b9f2b8217b83>@@AEAV<lambda_ab61a845afdef5b7c387490eaf3616ee>@@$$QEAV<lambda_f7f22ab5edc0698d5f6905b0d3f44752>@@@Z@4HA 0000000180034aac     libucrt:fflush.obj
 0004:00001ab8       $pdata$__pctype_func       0000000180034ab8     libucrt:ctype.obj
 0004:00001ac4       $pdata$iswctype            0000000180034ac4     libucrt:iswctype.obj
 0004:00001ad0       $pdata$__acrt_release_locale_ref 0000000180034ad0     libucrt:locale_refcounting.obj
 0004:00001adc       $pdata$__acrt_free_locale  0000000180034adc     libucrt:locale_refcounting.obj
 0004:00001ae8       $pdata$__acrt_locale_free_lc_time_if_unreferenced 0000000180034ae8     libucrt:locale_refcounting.obj
 0004:00001af4       $pdata$__acrt_update_thread_locale_data 0000000180034af4     libucrt:locale_refcounting.obj
 0004:00001b00       $pdata$__acrt_update_thread_locale_data$fin$0 0000000180034b00     libucrt:locale_refcounting.obj
 0004:00001b0c       $pdata$_updatetlocinfoEx_nolock 0000000180034b0c     libucrt:locale_refcounting.obj
 0004:00001b18       $pdata$__acrt_DownlevelLocaleNameToLCID 0000000180034b18     libucrt:lcidtoname_downlevel.obj
 0004:00001b24       $pdata$_isleadbyte_l       0000000180034b24     libucrt:_wctype.obj
 0004:00001b30       $pdata$?__mbrtowc_utf8@__crt_mbstring@@YA_KPEA_WPEBD_KPEAU_Mbstatet@@@Z 0000000180034b30     libucrt:mbrtowc.obj
 0004:00001b3c       $pdata$?__mbsrtowcs_utf8@__crt_mbstring@@YA_KPEA_WPEAPEBD_KPEAU_Mbstatet@@@Z 0000000180034b3c     libucrt:mbrtowc.obj
 0004:00001b48       $pdata$__acrt_fp_strflt_to_string 0000000180034b48     libucrt:_fptostr.obj
 0004:00001b54       $pdata$__acrt_fltout       0000000180034b54     libucrt:cfout.obj
 0004:00001b60       $pdata$?divide@__crt_strtox@@YA_KAEAUbig_integer@1@AEBU21@@Z 0000000180034b60     libucrt:cfout.obj
 0004:00001b6c       $pdata$0$?divide@__crt_strtox@@YA_KAEAUbig_integer@1@AEBU21@@Z 0000000180034b6c     libucrt:cfout.obj
 0004:00001b78       $pdata$1$?divide@__crt_strtox@@YA_KAEAUbig_integer@1@AEBU21@@Z 0000000180034b78     libucrt:cfout.obj
 0004:00001b84       $pdata$_fcloseall          0000000180034b84     libucrt:closeall.obj
 0004:00001b90       $pdata$_fcloseall$fin$0    0000000180034b90     libucrt:closeall.obj
 0004:00001b9c       $pdata$__acrt_stdio_free_buffer_nolock 0000000180034b9c     libucrt:_freebuf.obj
 0004:00001ba8       $pdata$_isatty             0000000180034ba8     libucrt:isatty.obj
 0004:00001bb4       $pdata$__acrt_locale_free_monetary 0000000180034bb4     libucrt:initmon.obj
 0004:00001bc0       $pdata$__acrt_locale_free_numeric 0000000180034bc0     libucrt:initnum.obj
 0004:00001bcc       $pdata$__acrt_locale_free_time 0000000180034bcc     libucrt:inittime.obj
 0004:00001bd8       $pdata$?free_crt_array_internal@@YAXQEAPEBX_K@Z 0000000180034bd8     libucrt:inittime.obj
 0004:00001be4       $pdata$__acrt_GetStringTypeA 0000000180034be4     libucrt:getstringtypea.obj
 0004:00001bf0       $pdata$_get_osfhandle      0000000180034bf0     libucrt:osfinfo.obj
 0004:00001bfc       $pdata$_free_osfhnd        0000000180034bfc     libucrt:osfinfo.obj
 0004:00001c08       $pdata$__acrt_lowio_create_handle_array 0000000180034c08     libucrt:osfinfo.obj
 0004:00001c14       $pdata$__acrt_lowio_destroy_handle_array 0000000180034c14     libucrt:osfinfo.obj
 0004:00001c20       $pdata$__acrt_lowio_ensure_fh_exists 0000000180034c20     libucrt:osfinfo.obj
 0004:00001c2c       $pdata$qsort               0000000180034c2c     libucrt:qsort.obj
 0004:00001c38       $pdata$4$qsort             0000000180034c38     libucrt:qsort.obj
 0004:00001c44       $pdata$5$qsort             0000000180034c44     libucrt:qsort.obj
 0004:00001c50       $pdata$strncpy_s           0000000180034c50     libucrt:strncpy_s.obj
 0004:00001c5c       $pdata$strpbrk             0000000180034c5c     libucrt:strpbrk.obj
 0004:00001c68       $pdata$fallbackMethod      0000000180034c68     libucrt:strpbrk.obj
 0004:00001c74       $pdata$_mbsdec_l           0000000180034c74     libucrt:mbsdec.obj
 0004:00001c80       $pdata$__acrt_LCMapStringA 0000000180034c80     libucrt:lcmapstringa.obj
 0004:00001c8c       $pdata$?__acrt_LCMapStringA_stat@@YAHPEAU__crt_locale_pointers@@PEB_WKPEBDHPEADHHH@Z 0000000180034c8c     libucrt:lcmapstringa.obj
 0004:00001c98       $pdata$?initialize_multibyte@@YAHXZ 0000000180034c98     libucrt:multibyte_initializer.obj
 0004:00001ca4       $pdata$_commit             0000000180034ca4     libucrt:commit.obj
 0004:00001cb0       $pdata$??$?RV<lambda_a37b2b86f63e897a80ea819b0eb08c01>@@AEAV<lambda_38ce7e780aa69e748d6df282ebc68efe>@@V<lambda_99fb1378e971ab6e7edea83e3a7a83a2>@@@?$__crt_seh_guarded_call@H@@QEAAH$$QEAV<lambda_a37b2b86f63e897a80ea819b0eb08c01>@@AEAV<lambda_38ce7e780aa69e748d6df282ebc68efe>@@$$QEAV<lambda_99fb1378e971ab6e7edea83e3a7a83a2>@@@Z 0000000180034cb0     libucrt:commit.obj
 0004:00001cbc       $pdata$?fin$0@?0???$?RV<lambda_a37b2b86f63e897a80ea819b0eb08c01>@@AEAV<lambda_38ce7e780aa69e748d6df282ebc68efe>@@V<lambda_99fb1378e971ab6e7edea83e3a7a83a2>@@@?$__crt_seh_guarded_call@H@@QEAAH$$QEAV<lambda_a37b2b86f63e897a80ea819b0eb08c01>@@AEAV<lambda_38ce7e780aa69e748d6df282ebc68efe>@@$$QEAV<lambda_99fb1378e971ab6e7edea83e3a7a83a2>@@@Z@4HA 0000000180034cbc     libucrt:commit.obj
 0004:00001cbc       $pdata$?fin$0@?0???$?RV<lambda_751a882b2c74d4b022dec766aa51a29a>@@AEAV<lambda_628dfdc04ba53c8bfc02c9951375f3f5>@@V<lambda_f6c7be5f7998530c34de24c7437d6b54>@@@?$__crt_seh_guarded_call@H@@QEAAH$$QEAV<lambda_751a882b2c74d4b022dec766aa51a29a>@@AEAV<lambda_628dfdc04ba53c8bfc02c9951375f3f5>@@$$QEAV<lambda_f6c7be5f7998530c34de24c7437d6b54>@@@Z@4HA 0000000180034cbc     libucrt:close.obj
 0004:00001cc8       $pdata$_write              0000000180034cc8     libucrt:write.obj
 0004:00001cd4       $pdata$_write$fin$0        0000000180034cd4     libucrt:write.obj
 0004:00001ce0       $pdata$_write_nolock       0000000180034ce0     libucrt:write.obj
 0004:00001cec       $pdata$?write_double_translated_ansi_nolock@@YA?AUwrite_result@?A0x17268360@@HQEBDI@Z 0000000180034cec     libucrt:write.obj
 0004:00001cf8       $pdata$?write_text_ansi_nolock@@YA?AUwrite_result@?A0x17268360@@HQEBDI@Z 0000000180034cf8     libucrt:write.obj
 0004:00001d04       $pdata$?write_text_utf16le_nolock@@YA?AUwrite_result@?A0x17268360@@HQEBDI@Z 0000000180034d04     libucrt:write.obj
 0004:00001d10       $pdata$?write_text_utf8_nolock@@YA?AUwrite_result@?A0x17268360@@HQEBDI@Z 0000000180034d10     libucrt:write.obj
 0004:00001d1c       $pdata$?__mbrtoc32_utf8@__crt_mbstring@@YA_KPEA_UPEBD_KPEAU_Mbstatet@@@Z 0000000180034d1c     libucrt:mbrtoc32.obj
 0004:00001d28       $pdata$fegetenv            0000000180034d28     libucrt:fegetenv.obj
 0004:00001d34       $pdata$fesetenv            0000000180034d34     libucrt:fesetenv.obj
 0004:00001d40       $pdata$feholdexcept        0000000180034d40     libucrt:feholdexcept.obj
 0004:00001d58       $pdata$??$common_lseek_nolock@_J@@YA_JH_JH@Z 0000000180034d58     libucrt:lseek.obj
 0004:00001d64       $pdata$fclose              0000000180034d64     libucrt:fclose.obj
 0004:00001d70       $pdata$fclose$fin$0        0000000180034d70     libucrt:fclose.obj
 0004:00001d7c       $pdata$_fclose_nolock      0000000180034d7c     libucrt:fclose.obj
 0004:00001d88       $pdata$_putwch_nolock      0000000180034d88     libucrt:putwch.obj
 0004:00001d94       $pdata$__acrt_fenv_set_control 0000000180034d94     libucrt:_fenvutils.obj
 0004:00001da0       $pdata$_clearfp            0000000180034da0     libucrt:ieee.obj
 0004:00001dac       $pdata$_call_matherr       0000000180034dac     libucrt:libm_error.obj
 0004:00001db8       $pdata$_exception_enabled  0000000180034db8     libucrt:libm_error.obj
 0004:00001dc4       $pdata$_handle_error       0000000180034dc4     libucrt:libm_error.obj
 0004:00001dd0       $pdata$__acrt_initialize_fma3 0000000180034dd0     libucrt:fma3_available.obj
 0004:00001ddc       $pdata$_log_special_common 0000000180034ddc     libucrt:log_special.obj
 0004:00001de8       $pdata$_log10_special      0000000180034de8     libucrt:log_special.obj
 0004:00001df4       $pdata$_close              0000000180034df4     libucrt:close.obj
 0004:00001e00       $pdata$_close_nolock       0000000180034e00     libucrt:close.obj
 0004:00001e0c       $pdata$??$?RV<lambda_751a882b2c74d4b022dec766aa51a29a>@@AEAV<lambda_628dfdc04ba53c8bfc02c9951375f3f5>@@V<lambda_f6c7be5f7998530c34de24c7437d6b54>@@@?$__crt_seh_guarded_call@H@@QEAAH$$QEAV<lambda_751a882b2c74d4b022dec766aa51a29a>@@AEAV<lambda_628dfdc04ba53c8bfc02c9951375f3f5>@@$$QEAV<lambda_f6c7be5f7998530c34de24c7437d6b54>@@@Z 0000000180034e0c     libucrt:close.obj
 0004:00001e18       $pdata$__dcrt_lowio_ensure_console_output_initialized 0000000180034e18     libucrt:initcon.obj
 0004:00001e24       $pdata$__dcrt_write_console 0000000180034e24     libucrt:initcon.obj
 0004:00001e30       $pdata$__dcrt_terminate_console_output 0000000180034e30     libucrt:initcon.obj
 0004:00001e48       $pdata$_set_errno_from_matherr 0000000180034e48     libucrt:fpexcept.obj
 0004:00001e54       $pdata$_raise_exc          0000000180034e54     libucrt:fpexcept.obj
 0004:00001e60       $pdata$_raise_exc_ex       0000000180034e60     libucrt:fpexcept.obj
 0004:00001e6c       $pdata$_clrfp              0000000180034e6c     libucrt:fpctrl.obj
 0004:00001e78       $pdata$_ctrlfp             0000000180034e78     libucrt:fpctrl.obj
 0004:00001e84       $pdata$_ctrlfp$filt$0      0000000180034e84     libucrt:fpctrl.obj
 0004:00001e90       $pdata$_statfp             0000000180034e90     libucrt:fpctrl.obj
 0004:00001e9c       $pdata$_set_statfp         0000000180034e9c     libucrt:fpctrl.obj
 0004:00001ea8       $pdata$_IsNonwritableInCurrentImage 0000000180034ea8     LIBCMT:pesect.obj
 0004:00001eb4       $pdata$_IsNonwritableInCurrentImage$filt$0 0000000180034eb4     LIBCMT:pesect.obj
 0005:00000000       MoveSmall                  0000000180035000     libvcruntime:memcpy.obj
 0005:00000050       MsetTab                    0000000180035050     libvcruntime:memset.obj
 0006:00000220       $R000000                   0000000180036220     SmartCardRW.res
 0006:00000b98       $R000978                   0000000180036b98     SmartCardRW.res
 0006:00000c80       $R000A60                   0000000180036c80     SmartCardRW.res
 0006:00000ee8       $R000CC8                   0000000180036ee8     SmartCardRW.res
 0006:000013c0       $R0011A0                   00000001800373c0     SmartCardRW.res
 0006:000043e8       $R0041C8                   000000018003a3e8     SmartCardRW.res
 0006:00004420       $R004200                   000000018003a420     SmartCardRW.res
